{
  "Entries": [
    {
      "RequestUri": "/subscriptions/7c943c1b-5122-4097-90c8-861411bdd574/resourceGroups/vmwaresrcrg/providers/Microsoft.RecoveryServices/vaults/v2aRcm-pwsh-test?api-version=2016-06-01",
      "EncodedRequestUri": "L3N1YnNjcmlwdGlvbnMvN2M5NDNjMWItNTEyMi00MDk3LTkwYzgtODYxNDExYmRkNTc0L3Jlc291cmNlR3JvdXBzL3Ztd2FyZXNyY3JnL3Byb3ZpZGVycy9NaWNyb3NvZnQuUmVjb3ZlcnlTZXJ2aWNlcy92YXVsdHMvdjJhUmNtLXB3c2gtdGVzdD9hcGktdmVyc2lvbj0yMDE2LTA2LTAx",
      "RequestMethod": "GET",
      "RequestBody": "",
      "RequestHeaders": {
        "x-ms-client-request-id": [
          "5ada698f-8220-4b73-b221-76d22235797e"
        ],
        "Accept-Language": [
          "en-US"
        ],
        "User-Agent": [
          "FxVersion/4.6.29812.02",
          "OSName/Windows",
          "OSVersion/Microsoft.Windows.10.0.19042.",
          "Microsoft.Azure.Management.RecoveryServices.RecoveryServicesClient/4.3.1.0"
        ]
      },
      "ResponseHeaders": {
        "Cache-Control": [
          "no-cache"
        ],
        "Pragma": [
          "no-cache"
        ],
        "X-Content-Type-Options": [
          "nosniff"
        ],
        "x-ms-request-id": [
          "e265d243-4bc5-43e5-bec8-931996d3d4eb"
        ],
        "x-ms-client-request-id": [
          "5ada698f-8220-4b73-b221-76d22235797e"
        ],
        "Strict-Transport-Security": [
          "max-age=31536000; includeSubDomains"
        ],
        "Server": [
          "Microsoft-IIS/10.0"
        ],
        "x-ms-ratelimit-remaining-subscription-reads": [
          "11999"
        ],
        "x-ms-correlation-request-id": [
          "e265d243-4bc5-43e5-bec8-931996d3d4eb"
        ],
        "x-ms-routing-request-id": [
          "CENTRALUSEUAP:20210318T054814Z:e265d243-4bc5-43e5-bec8-931996d3d4eb"
        ],
        "Date": [
          "Thu, 18 Mar 2021 05:48:14 GMT"
        ],
        "Content-Length": [
          "472"
        ],
        "Content-Type": [
          "application/json"
        ],
        "Expires": [
          "-1"
        ]
      },
      "ResponseBody": "{\r\n  \"location\": \"centraluseuap\",\r\n  \"name\": \"v2aRcm-pwsh-test\",\r\n  \"etag\": \"W/\\\"datetime'2021-03-11T08%3A42%3A52.6957678Z'\\\"\",\r\n  \"properties\": {\r\n    \"provisioningState\": \"Succeeded\",\r\n    \"privateEndpointStateForBackup\": \"None\",\r\n    \"privateEndpointStateForSiteRecovery\": \"None\"\r\n  },\r\n  \"id\": \"/subscriptions/7c943c1b-5122-4097-90c8-861411bdd574/resourceGroups/vmwaresrcrg/providers/Microsoft.RecoveryServices/vaults/v2aRcm-pwsh-test\",\r\n  \"type\": \"Microsoft.RecoveryServices/vaults\",\r\n  \"sku\": {\r\n    \"name\": \"RS0\",\r\n    \"tier\": \"Standard\"\r\n  }\r\n}",
      "StatusCode": 200
    },
    {
      "RequestUri": "/subscriptions/7c943c1b-5122-4097-90c8-861411bdd574/resourceGroups/vmwaresrcrg/providers/Microsoft.RecoveryServices/vaults/v2aRcm-pwsh-test/extendedInformation/vaultExtendedInfo?api-version=2016-06-01",
      "EncodedRequestUri": "L3N1YnNjcmlwdGlvbnMvN2M5NDNjMWItNTEyMi00MDk3LTkwYzgtODYxNDExYmRkNTc0L3Jlc291cmNlR3JvdXBzL3Ztd2FyZXNyY3JnL3Byb3ZpZGVycy9NaWNyb3NvZnQuUmVjb3ZlcnlTZXJ2aWNlcy92YXVsdHMvdjJhUmNtLXB3c2gtdGVzdC9leHRlbmRlZEluZm9ybWF0aW9uL3ZhdWx0RXh0ZW5kZWRJbmZvP2FwaS12ZXJzaW9uPTIwMTYtMDYtMDE=",
      "RequestMethod": "GET",
      "RequestBody": "",
      "RequestHeaders": {
        "x-ms-client-request-id": [
          "0c8224c6-4212-4c17-ae97-a9392acc56c4"
        ],
        "Accept-Language": [
          "en-US"
        ],
        "Agent-Authentication": [
          ""
        ],
        "User-Agent": [
          "FxVersion/4.6.29812.02",
          "OSName/Windows",
          "OSVersion/Microsoft.Windows.10.0.19042.",
          "Microsoft.Azure.Management.RecoveryServices.RecoveryServicesClient/4.3.1.0"
        ]
      },
      "ResponseHeaders": {
        "Cache-Control": [
          "no-cache"
        ],
        "Pragma": [
          "no-cache"
        ],
        "X-Content-Type-Options": [
          "nosniff"
        ],
        "x-ms-request-id": [
          "f699358b-7ca6-4fde-ac1a-b85a4f133ebe"
        ],
        "x-ms-client-request-id": [
          "0c8224c6-4212-4c17-ae97-a9392acc56c4"
        ],
        "Strict-Transport-Security": [
          "max-age=31536000; includeSubDomains"
        ],
        "Server": [
          "Microsoft-IIS/10.0"
        ],
        "x-ms-ratelimit-remaining-subscription-reads": [
          "11998"
        ],
        "x-ms-correlation-request-id": [
          "f699358b-7ca6-4fde-ac1a-b85a4f133ebe"
        ],
        "x-ms-routing-request-id": [
          "CENTRALUSEUAP:20210318T054815Z:f699358b-7ca6-4fde-ac1a-b85a4f133ebe"
        ],
        "Date": [
          "Thu, 18 Mar 2021 05:48:14 GMT"
        ],
        "Content-Length": [
          "397"
        ],
        "Content-Type": [
          "application/json"
        ],
        "Expires": [
          "-1"
        ]
      },
      "ResponseBody": "{\r\n  \"name\": \"vaultExtendedInfo\",\r\n  \"etag\": \"a2e2d99b-fb89-4b98-8be3-77eb2dfb13c8\",\r\n  \"properties\": {\r\n    \"integrityKey\": \"YIYgrAu23iF/1WvhSIdZ3w==\",\r\n    \"algorithm\": \"None\"\r\n  },\r\n  \"id\": \"/subscriptions/7c943c1b-5122-4097-90c8-861411bdd574/resourceGroups/vmwaresrcrg/providers/Microsoft.RecoveryServices/vaults/v2aRcm-pwsh-testextendedInformation/vaultExtendedInfo\",\r\n  \"type\": \"Microsoft.RecoveryServices/vaults/extendedInformation\"\r\n}",
      "StatusCode": 200
    },
    {
      "RequestUri": "/subscriptions/7c943c1b-5122-4097-90c8-861411bdd574/resourceGroups/vmwaresrcrg/providers/Microsoft.RecoveryServices/vaults?api-version=2016-06-01",
      "EncodedRequestUri": "L3N1YnNjcmlwdGlvbnMvN2M5NDNjMWItNTEyMi00MDk3LTkwYzgtODYxNDExYmRkNTc0L3Jlc291cmNlR3JvdXBzL3Ztd2FyZXNyY3JnL3Byb3ZpZGVycy9NaWNyb3NvZnQuUmVjb3ZlcnlTZXJ2aWNlcy92YXVsdHM/YXBpLXZlcnNpb249MjAxNi0wNi0wMQ==",
      "RequestMethod": "GET",
      "RequestBody": "",
      "RequestHeaders": {
        "x-ms-client-request-id": [
          "0c8224c6-4212-4c17-ae97-a9392acc56c4"
        ],
        "Accept-Language": [
          "en-US"
        ],
        "User-Agent": [
          "FxVersion/4.6.29812.02",
          "OSName/Windows",
          "OSVersion/Microsoft.Windows.10.0.19042.",
          "Microsoft.Azure.Management.RecoveryServices.RecoveryServicesClient/4.3.1.0"
        ]
      },
      "ResponseHeaders": {
        "Cache-Control": [
          "no-cache"
        ],
        "Pragma": [
          "no-cache"
        ],
        "x-ms-original-request-ids": [
          "ea546704-3c4f-4ec6-ba2d-260a781f3edd",
          "ea546704-3c4f-4ec6-ba2d-260a781f3edd",
          "ea546704-3c4f-4ec6-ba2d-260a781f3edd"
        ],
        "x-ms-ratelimit-remaining-subscription-reads": [
          "11997"
        ],
        "x-ms-request-id": [
          "ea546704-3c4f-4ec6-ba2d-260a781f3edd"
        ],
        "x-ms-correlation-request-id": [
          "ea546704-3c4f-4ec6-ba2d-260a781f3edd"
        ],
        "x-ms-routing-request-id": [
          "CENTRALUSEUAP:20210318T054817Z:ea546704-3c4f-4ec6-ba2d-260a781f3edd"
        ],
        "Strict-Transport-Security": [
          "max-age=31536000; includeSubDomains"
        ],
        "X-Content-Type-Options": [
          "nosniff"
        ],
        "Date": [
          "Thu, 18 Mar 2021 05:48:17 GMT"
        ],
        "Content-Type": [
          "application/json; charset=utf-8"
        ],
        "Expires": [
          "-1"
        ],
        "Content-Length": [
          "12449"
        ]
      },
      "ResponseBody": "{\r\n  \"value\": [\r\n    {\r\n      \"location\": \"eastus\",\r\n      \"name\": \"anbhatv2acsnicfixprod\",\r\n      \"etag\": \"W/\\\"datetime'2021-03-10T15%3A19%3A39.6548637Z'\\\"\",\r\n      \"properties\": {\r\n        \"provisioningState\": \"Succeeded\",\r\n        \"privateEndpointStateForBackup\": \"None\",\r\n        \"privateEndpointStateForSiteRecovery\": \"None\"\r\n      },\r\n      \"id\": \"/subscriptions/7c943c1b-5122-4097-90c8-861411bdd574/resourceGroups/vmwaresrcrg/providers/Microsoft.RecoveryServices/vaults/anbhatv2acsnicfixprod\",\r\n      \"type\": \"Microsoft.RecoveryServices/vaults\",\r\n      \"sku\": {\r\n        \"name\": \"RS0\",\r\n        \"tier\": \"Standard\"\r\n      }\r\n    },\r\n    {\r\n      \"location\": \"centraluseuap\",\r\n      \"name\": \"anbhatFailoverValidatorVault\",\r\n      \"etag\": \"W/\\\"datetime'2021-01-28T08%3A22%3A34.4312451Z'\\\"\",\r\n      \"properties\": {\r\n        \"provisioningState\": \"Succeeded\",\r\n        \"privateEndpointStateForBackup\": \"None\",\r\n        \"privateEndpointStateForSiteRecovery\": \"None\"\r\n      },\r\n      \"id\": \"/subscriptions/7c943c1b-5122-4097-90c8-861411bdd574/resourceGroups/vmwaresrcrg/providers/Microsoft.RecoveryServices/vaults/anbhatFailoverValidatorVault\",\r\n      \"type\": \"Microsoft.RecoveryServices/vaults\",\r\n      \"sku\": {\r\n        \"name\": \"RS0\",\r\n        \"tier\": \"Standard\"\r\n      }\r\n    },\r\n    {\r\n      \"location\": \"centraluseuap\",\r\n      \"name\": \"recoveryPlanPP2Signoff\",\r\n      \"etag\": \"W/\\\"datetime'2021-01-04T09%3A14%3A29.9077667Z'\\\"\",\r\n      \"properties\": {\r\n        \"provisioningState\": \"Succeeded\",\r\n        \"privateEndpointStateForBackup\": \"None\",\r\n        \"privateEndpointStateForSiteRecovery\": \"None\"\r\n      },\r\n      \"id\": \"/subscriptions/7c943c1b-5122-4097-90c8-861411bdd574/resourceGroups/vmwaresrcrg/providers/Microsoft.RecoveryServices/vaults/recoveryPlanPP2Signoff\",\r\n      \"type\": \"Microsoft.RecoveryServices/vaults\",\r\n      \"sku\": {\r\n        \"name\": \"RS0\",\r\n        \"tier\": \"Standard\"\r\n      }\r\n    },\r\n    {\r\n      \"location\": \"centraluseuap\",\r\n      \"name\": \"shaaggar-v2arcm-ccy\",\r\n      \"etag\": \"W/\\\"datetime'2021-01-21T06%3A08%3A59.0659135Z'\\\"\",\r\n      \"properties\": {\r\n        \"provisioningState\": \"Succeeded\",\r\n        \"privateEndpointStateForBackup\": \"None\",\r\n        \"privateEndpointStateForSiteRecovery\": \"None\"\r\n      },\r\n      \"id\": \"/subscriptions/7c943c1b-5122-4097-90c8-861411bdd574/resourceGroups/vmwaresrcrg/providers/Microsoft.RecoveryServices/vaults/shaaggar-v2arcm-ccy\",\r\n      \"type\": \"Microsoft.RecoveryServices/vaults\",\r\n      \"sku\": {\r\n        \"name\": \"RS0\",\r\n        \"tier\": \"Standard\"\r\n      }\r\n    },\r\n    {\r\n      \"location\": \"centraluseuap\",\r\n      \"name\": \"v2arcm-30Dec-ERTests\",\r\n      \"etag\": \"W/\\\"datetime'2020-12-30T07%3A40%3A11.5335328Z'\\\"\",\r\n      \"properties\": {\r\n        \"provisioningState\": \"Succeeded\",\r\n        \"privateEndpointStateForBackup\": \"None\",\r\n        \"privateEndpointStateForSiteRecovery\": \"None\"\r\n      },\r\n      \"id\": \"/subscriptions/7c943c1b-5122-4097-90c8-861411bdd574/resourceGroups/vmwaresrcrg/providers/Microsoft.RecoveryServices/vaults/v2arcm-30Dec-ERTests\",\r\n      \"type\": \"Microsoft.RecoveryServices/vaults\",\r\n      \"sku\": {\r\n        \"name\": \"RS0\",\r\n        \"tier\": \"Standard\"\r\n      }\r\n    },\r\n    {\r\n      \"location\": \"centraluseuap\",\r\n      \"name\": \"v2arcm-31dec\",\r\n      \"etag\": \"W/\\\"datetime'2020-12-31T11%3A01%3A24.5849274Z'\\\"\",\r\n      \"properties\": {\r\n        \"provisioningState\": \"Succeeded\",\r\n        \"privateEndpointStateForBackup\": \"None\",\r\n        \"privateEndpointStateForSiteRecovery\": \"None\"\r\n      },\r\n      \"id\": \"/subscriptions/7c943c1b-5122-4097-90c8-861411bdd574/resourceGroups/vmwaresrcrg/providers/Microsoft.RecoveryServices/vaults/v2arcm-31dec\",\r\n      \"type\": \"Microsoft.RecoveryServices/vaults\",\r\n      \"sku\": {\r\n        \"name\": \"RS0\",\r\n        \"tier\": \"Standard\"\r\n      }\r\n    },\r\n    {\r\n      \"location\": \"centraluseuap\",\r\n      \"name\": \"v2arcm-31dec-test\",\r\n      \"etag\": \"W/\\\"datetime'2020-12-31T09%3A45%3A26.9178052Z'\\\"\",\r\n      \"properties\": {\r\n        \"provisioningState\": \"Succeeded\",\r\n        \"privateEndpointStateForBackup\": \"None\",\r\n        \"privateEndpointStateForSiteRecovery\": \"None\"\r\n      },\r\n      \"id\": \"/subscriptions/7c943c1b-5122-4097-90c8-861411bdd574/resourceGroups/vmwaresrcrg/providers/Microsoft.RecoveryServices/vaults/v2arcm-31dec-test\",\r\n      \"type\": \"Microsoft.RecoveryServices/vaults\",\r\n      \"sku\": {\r\n        \"name\": \"RS0\",\r\n        \"tier\": \"Standard\"\r\n      }\r\n    },\r\n    {\r\n      \"location\": \"centraluseuap\",\r\n      \"name\": \"v2aRcm-4jan\",\r\n      \"etag\": \"W/\\\"datetime'2021-01-04T08%3A32%3A23.1209009Z'\\\"\",\r\n      \"properties\": {\r\n        \"provisioningState\": \"Succeeded\",\r\n        \"privateEndpointStateForBackup\": \"None\",\r\n        \"privateEndpointStateForSiteRecovery\": \"None\"\r\n      },\r\n      \"id\": \"/subscriptions/7c943c1b-5122-4097-90c8-861411bdd574/resourceGroups/vmwaresrcrg/providers/Microsoft.RecoveryServices/vaults/v2aRcm-4jan\",\r\n      \"type\": \"Microsoft.RecoveryServices/vaults\",\r\n      \"sku\": {\r\n        \"name\": \"RS0\",\r\n        \"tier\": \"Standard\"\r\n      }\r\n    },\r\n    {\r\n      \"location\": \"centraluseuap\",\r\n      \"name\": \"v2arcm-8jan\",\r\n      \"etag\": \"W/\\\"datetime'2021-01-08T05%3A07%3A10.1791784Z'\\\"\",\r\n      \"properties\": {\r\n        \"provisioningState\": \"Succeeded\",\r\n        \"privateEndpointStateForBackup\": \"None\",\r\n        \"privateEndpointStateForSiteRecovery\": \"None\"\r\n      },\r\n      \"id\": \"/subscriptions/7c943c1b-5122-4097-90c8-861411bdd574/resourceGroups/vmwaresrcrg/providers/Microsoft.RecoveryServices/vaults/v2arcm-8jan\",\r\n      \"type\": \"Microsoft.RecoveryServices/vaults\",\r\n      \"sku\": {\r\n        \"name\": \"RS0\",\r\n        \"tier\": \"Standard\"\r\n      }\r\n    },\r\n    {\r\n      \"location\": \"centraluseuap\",\r\n      \"name\": \"v2aRcm-pp2test-7jan\",\r\n      \"etag\": \"W/\\\"datetime'2021-01-07T12%3A13%3A23.2246862Z'\\\"\",\r\n      \"properties\": {\r\n        \"provisioningState\": \"Succeeded\",\r\n        \"privateEndpointStateForBackup\": \"None\",\r\n        \"privateEndpointStateForSiteRecovery\": \"None\"\r\n      },\r\n      \"id\": \"/subscriptions/7c943c1b-5122-4097-90c8-861411bdd574/resourceGroups/vmwaresrcrg/providers/Microsoft.RecoveryServices/vaults/v2aRcm-pp2test-7jan\",\r\n      \"type\": \"Microsoft.RecoveryServices/vaults\",\r\n      \"sku\": {\r\n        \"name\": \"RS0\",\r\n        \"tier\": \"Standard\"\r\n      }\r\n    },\r\n    {\r\n      \"location\": \"centraluseuap\",\r\n      \"name\": \"v2aRcm-pwsh-test\",\r\n      \"etag\": \"W/\\\"datetime'2021-03-11T08%3A42%3A52.6957678Z'\\\"\",\r\n      \"properties\": {\r\n        \"provisioningState\": \"Succeeded\",\r\n        \"privateEndpointStateForBackup\": \"None\",\r\n        \"privateEndpointStateForSiteRecovery\": \"None\"\r\n      },\r\n      \"id\": \"/subscriptions/7c943c1b-5122-4097-90c8-861411bdd574/resourceGroups/vmwaresrcrg/providers/Microsoft.RecoveryServices/vaults/v2aRcm-pwsh-test\",\r\n      \"type\": \"Microsoft.RecoveryServices/vaults\",\r\n      \"sku\": {\r\n        \"name\": \"RS0\",\r\n        \"tier\": \"Standard\"\r\n      }\r\n    },\r\n    {\r\n      \"location\": \"centraluseuap\",\r\n      \"name\": \"v2arcm-shaaggar\",\r\n      \"etag\": \"W/\\\"datetime'2021-01-12T13%3A09%3A55.9935304Z'\\\"\",\r\n      \"properties\": {\r\n        \"provisioningState\": \"Succeeded\",\r\n        \"privateEndpointStateForBackup\": \"None\",\r\n        \"privateEndpointStateForSiteRecovery\": \"None\"\r\n      },\r\n      \"id\": \"/subscriptions/7c943c1b-5122-4097-90c8-861411bdd574/resourceGroups/vmwaresrcrg/providers/Microsoft.RecoveryServices/vaults/v2arcm-shaaggar\",\r\n      \"type\": \"Microsoft.RecoveryServices/vaults\",\r\n      \"sku\": {\r\n        \"name\": \"RS0\",\r\n        \"tier\": \"Standard\"\r\n      }\r\n    },\r\n    {\r\n      \"location\": \"centraluseuap\",\r\n      \"name\": \"v2arcm-tests-22Feb\",\r\n      \"etag\": \"W/\\\"datetime'2021-02-22T11%3A31%3A25.0832201Z'\\\"\",\r\n      \"properties\": {\r\n        \"provisioningState\": \"Succeeded\",\r\n        \"privateEndpointStateForBackup\": \"None\",\r\n        \"privateEndpointStateForSiteRecovery\": \"None\"\r\n      },\r\n      \"id\": \"/subscriptions/7c943c1b-5122-4097-90c8-861411bdd574/resourceGroups/vmwaresrcrg/providers/Microsoft.RecoveryServices/vaults/v2arcm-tests-22Feb\",\r\n      \"type\": \"Microsoft.RecoveryServices/vaults\",\r\n      \"sku\": {\r\n        \"name\": \"RS0\",\r\n        \"tier\": \"Standard\"\r\n      }\r\n    },\r\n    {\r\n      \"location\": \"centraluseuap\",\r\n      \"name\": \"v2arcm-tests-5Jan\",\r\n      \"etag\": \"W/\\\"datetime'2021-01-05T08%3A15%3A43.4642913Z'\\\"\",\r\n      \"properties\": {\r\n        \"provisioningState\": \"Succeeded\",\r\n        \"privateEndpointStateForBackup\": \"None\",\r\n        \"privateEndpointStateForSiteRecovery\": \"None\"\r\n      },\r\n      \"id\": \"/subscriptions/7c943c1b-5122-4097-90c8-861411bdd574/resourceGroups/vmwaresrcrg/providers/Microsoft.RecoveryServices/vaults/v2arcm-tests-5Jan\",\r\n      \"type\": \"Microsoft.RecoveryServices/vaults\",\r\n      \"sku\": {\r\n        \"name\": \"RS0\",\r\n        \"tier\": \"Standard\"\r\n      }\r\n    },\r\n    {\r\n      \"location\": \"centraluseuap\",\r\n      \"name\": \"v2arcm27Jan\",\r\n      \"etag\": \"W/\\\"datetime'2021-01-27T05%3A08%3A33.0753824Z'\\\"\",\r\n      \"properties\": {\r\n        \"provisioningState\": \"Succeeded\",\r\n        \"privateEndpointStateForBackup\": \"None\",\r\n        \"privateEndpointStateForSiteRecovery\": \"None\"\r\n      },\r\n      \"id\": \"/subscriptions/7c943c1b-5122-4097-90c8-861411bdd574/resourceGroups/vmwaresrcrg/providers/Microsoft.RecoveryServices/vaults/v2arcm27Jan\",\r\n      \"type\": \"Microsoft.RecoveryServices/vaults\",\r\n      \"sku\": {\r\n        \"name\": \"RS0\",\r\n        \"tier\": \"Standard\"\r\n      }\r\n    },\r\n    {\r\n      \"location\": \"centraluseuap\",\r\n      \"name\": \"v2arcm29jan\",\r\n      \"etag\": \"W/\\\"datetime'2021-01-29T05%3A46%3A32.2348658Z'\\\"\",\r\n      \"properties\": {\r\n        \"provisioningState\": \"Succeeded\",\r\n        \"privateEndpointStateForBackup\": \"None\",\r\n        \"privateEndpointStateForSiteRecovery\": \"None\"\r\n      },\r\n      \"id\": \"/subscriptions/7c943c1b-5122-4097-90c8-861411bdd574/resourceGroups/vmwaresrcrg/providers/Microsoft.RecoveryServices/vaults/v2arcm29jan\",\r\n      \"type\": \"Microsoft.RecoveryServices/vaults\",\r\n      \"sku\": {\r\n        \"name\": \"RS0\",\r\n        \"tier\": \"Standard\"\r\n      }\r\n    },\r\n    {\r\n      \"location\": \"centraluseuap\",\r\n      \"name\": \"vmwaremigrationprojectb485rsvault\",\r\n      \"etag\": \"W/\\\"datetime'2020-01-30T10%3A56%3A46.6017222Z'\\\"\",\r\n      \"properties\": {\r\n        \"provisioningState\": \"Succeeded\",\r\n        \"privateEndpointStateForBackup\": \"None\",\r\n        \"privateEndpointStateForSiteRecovery\": \"None\"\r\n      },\r\n      \"id\": \"/subscriptions/7c943c1b-5122-4097-90c8-861411bdd574/resourceGroups/vmwaresrcrg/providers/Microsoft.RecoveryServices/vaults/vmwaremigrationprojectb485rsvault\",\r\n      \"type\": \"Microsoft.RecoveryServices/vaults\",\r\n      \"sku\": {\r\n        \"name\": \"RS0\",\r\n        \"tier\": \"Standard\"\r\n      }\r\n    },\r\n    {\r\n      \"location\": \"southeastasia\",\r\n      \"name\": \"agentUpgradeVault\",\r\n      \"etag\": \"W/\\\"datetime'2020-08-21T12%3A23%3A56.3840337Z'\\\"\",\r\n      \"properties\": {\r\n        \"provisioningState\": \"Succeeded\",\r\n        \"privateEndpointStateForBackup\": \"None\",\r\n        \"privateEndpointStateForSiteRecovery\": \"None\"\r\n      },\r\n      \"id\": \"/subscriptions/7c943c1b-5122-4097-90c8-861411bdd574/resourceGroups/vmwaresrcrg/providers/Microsoft.RecoveryServices/vaults/agentUpgradeVault\",\r\n      \"type\": \"Microsoft.RecoveryServices/vaults\",\r\n      \"sku\": {\r\n        \"name\": \"RS0\",\r\n        \"tier\": \"Standard\"\r\n      }\r\n    },\r\n    {\r\n      \"location\": \"southeastasia\",\r\n      \"name\": \"anbhatV2ACSFailoverValidationVault\",\r\n      \"etag\": \"W/\\\"datetime'2021-02-11T09%3A46%3A53.5364146Z'\\\"\",\r\n      \"properties\": {\r\n        \"provisioningState\": \"Succeeded\",\r\n        \"privateEndpointStateForBackup\": \"None\",\r\n        \"privateEndpointStateForSiteRecovery\": \"None\"\r\n      },\r\n      \"id\": \"/subscriptions/7c943c1b-5122-4097-90c8-861411bdd574/resourceGroups/vmwaresrcrg/providers/Microsoft.RecoveryServices/vaults/anbhatV2ACSFailoverValidationVault\",\r\n      \"type\": \"Microsoft.RecoveryServices/vaults\",\r\n      \"sku\": {\r\n        \"name\": \"RS0\",\r\n        \"tier\": \"Standard\"\r\n      }\r\n    },\r\n    {\r\n      \"location\": \"southeastasia\",\r\n      \"name\": \"anbhatv2acsnicfixvault\",\r\n      \"etag\": \"W/\\\"datetime'2021-03-09T14%3A20%3A58.9813449Z'\\\"\",\r\n      \"properties\": {\r\n        \"provisioningState\": \"Succeeded\",\r\n        \"privateEndpointStateForBackup\": \"None\",\r\n        \"privateEndpointStateForSiteRecovery\": \"None\"\r\n      },\r\n      \"id\": \"/subscriptions/7c943c1b-5122-4097-90c8-861411bdd574/resourceGroups/vmwaresrcrg/providers/Microsoft.RecoveryServices/vaults/anbhatv2acsnicfixvault\",\r\n      \"type\": \"Microsoft.RecoveryServices/vaults\",\r\n      \"sku\": {\r\n        \"name\": \"RS0\",\r\n        \"tier\": \"Standard\"\r\n      }\r\n    },\r\n    {\r\n      \"location\": \"southeastasia\",\r\n      \"name\": \"shaaggar-v2arcm-sea\",\r\n      \"etag\": \"W/\\\"datetime'2021-01-18T07%3A36%3A39.7139341Z'\\\"\",\r\n      \"properties\": {\r\n        \"provisioningState\": \"Succeeded\",\r\n        \"privateEndpointStateForBackup\": \"None\",\r\n        \"privateEndpointStateForSiteRecovery\": \"None\"\r\n      },\r\n      \"id\": \"/subscriptions/7c943c1b-5122-4097-90c8-861411bdd574/resourceGroups/vmwaresrcrg/providers/Microsoft.RecoveryServices/vaults/shaaggar-v2arcm-sea\",\r\n      \"type\": \"Microsoft.RecoveryServices/vaults\",\r\n      \"sku\": {\r\n        \"name\": \"RS0\",\r\n        \"tier\": \"Standard\"\r\n      }\r\n    },\r\n    {\r\n      \"location\": \"southeastasia\",\r\n      \"name\": \"V2ACSResyncSignOff\",\r\n      \"etag\": \"W/\\\"datetime'2020-11-25T11%3A39%3A18.3627286Z'\\\"\",\r\n      \"properties\": {\r\n        \"provisioningState\": \"Succeeded\",\r\n        \"privateEndpointStateForBackup\": \"None\",\r\n        \"privateEndpointStateForSiteRecovery\": \"None\"\r\n      },\r\n      \"id\": \"/subscriptions/7c943c1b-5122-4097-90c8-861411bdd574/resourceGroups/vmwaresrcrg/providers/Microsoft.RecoveryServices/vaults/V2ACSResyncSignOff\",\r\n      \"type\": \"Microsoft.RecoveryServices/vaults\",\r\n      \"sku\": {\r\n        \"name\": \"RS0\",\r\n        \"tier\": \"Standard\"\r\n      }\r\n    },\r\n    {\r\n      \"location\": \"southeastasia\",\r\n      \"name\": \"V2ACSTaggingSignOffVault\",\r\n      \"etag\": \"W/\\\"datetime'2020-10-20T06%3A21%3A03.3303333Z'\\\"\",\r\n      \"properties\": {\r\n        \"provisioningState\": \"Succeeded\",\r\n        \"privateEndpointStateForBackup\": \"None\",\r\n        \"privateEndpointStateForSiteRecovery\": \"None\"\r\n      },\r\n      \"id\": \"/subscriptions/7c943c1b-5122-4097-90c8-861411bdd574/resourceGroups/vmwaresrcrg/providers/Microsoft.RecoveryServices/vaults/V2ACSTaggingSignOffVault\",\r\n      \"type\": \"Microsoft.RecoveryServices/vaults\",\r\n      \"sku\": {\r\n        \"name\": \"RS0\",\r\n        \"tier\": \"Standard\"\r\n      }\r\n    },\r\n    {\r\n      \"location\": \"southeastasia\",\r\n      \"name\": \"v2arcm-29Dec-ERTests\",\r\n      \"etag\": \"W/\\\"datetime'2020-12-29T08%3A06%3A35.731681Z'\\\"\",\r\n      \"properties\": {\r\n        \"provisioningState\": \"Succeeded\",\r\n        \"privateEndpointStateForBackup\": \"None\",\r\n        \"privateEndpointStateForSiteRecovery\": \"None\"\r\n      },\r\n      \"id\": \"/subscriptions/7c943c1b-5122-4097-90c8-861411bdd574/resourceGroups/vmwaresrcrg/providers/Microsoft.RecoveryServices/vaults/v2arcm-29Dec-ERTests\",\r\n      \"type\": \"Microsoft.RecoveryServices/vaults\",\r\n      \"sku\": {\r\n        \"name\": \"RS0\",\r\n        \"tier\": \"Standard\"\r\n      }\r\n    },\r\n    {\r\n      \"location\": \"southeastasia\",\r\n      \"name\": \"v2aRcm-powershell-test\",\r\n      \"etag\": \"W/\\\"datetime'2020-12-06T09%3A54%3A53.1924871Z'\\\"\",\r\n      \"properties\": {\r\n        \"provisioningState\": \"Succeeded\",\r\n        \"privateEndpointStateForBackup\": \"None\",\r\n        \"privateEndpointStateForSiteRecovery\": \"None\"\r\n      },\r\n      \"id\": \"/subscriptions/7c943c1b-5122-4097-90c8-861411bdd574/resourceGroups/vmwaresrcrg/providers/Microsoft.RecoveryServices/vaults/v2aRcm-powershell-test\",\r\n      \"type\": \"Microsoft.RecoveryServices/vaults\",\r\n      \"sku\": {\r\n        \"name\": \"RS0\",\r\n        \"tier\": \"Standard\"\r\n      }\r\n    },\r\n    {\r\n      \"location\": \"southeastasia\",\r\n      \"name\": \"vmwarecsvault\",\r\n      \"etag\": \"W/\\\"datetime'2020-10-10T10%3A02%3A47.6035523Z'\\\"\",\r\n      \"properties\": {\r\n        \"provisioningState\": \"Succeeded\",\r\n        \"privateEndpointStateForBackup\": \"None\",\r\n        \"privateEndpointStateForSiteRecovery\": \"None\"\r\n      },\r\n      \"id\": \"/subscriptions/7c943c1b-5122-4097-90c8-861411bdd574/resourceGroups/vmwaresrcrg/providers/Microsoft.RecoveryServices/vaults/vmwarecsvault\",\r\n      \"type\": \"Microsoft.RecoveryServices/vaults\",\r\n      \"sku\": {\r\n        \"name\": \"RS0\",\r\n        \"tier\": \"Standard\"\r\n      }\r\n    }\r\n  ]\r\n}",
      "StatusCode": 200
    },
    {
      "RequestUri": "/subscriptions/7c943c1b-5122-4097-90c8-861411bdd574/resourceGroups/vmwaresrcrg/providers/Microsoft.RecoveryServices/vaults/v2aRcm-pwsh-test/replicationFabrics/v2aRcm-pwsh-testreplicationfabric?api-version=2021-02-10",
      "EncodedRequestUri": "L3N1YnNjcmlwdGlvbnMvN2M5NDNjMWItNTEyMi00MDk3LTkwYzgtODYxNDExYmRkNTc0L3Jlc291cmNlR3JvdXBzL3Ztd2FyZXNyY3JnL3Byb3ZpZGVycy9NaWNyb3NvZnQuUmVjb3ZlcnlTZXJ2aWNlcy92YXVsdHMvdjJhUmNtLXB3c2gtdGVzdC9yZXBsaWNhdGlvbkZhYnJpY3MvdjJhUmNtLXB3c2gtdGVzdHJlcGxpY2F0aW9uZmFicmljP2FwaS12ZXJzaW9uPTIwMjEtMDItMTA=",
      "RequestMethod": "GET",
      "RequestBody": "",
      "RequestHeaders": {
        "x-ms-client-request-id": [
          "61c98e79-773c-498c-8fa2-bfac5a3b8ee4"
        ],
        "Accept-Language": [
          "en-US"
        ],
        "Agent-Authentication": [
          "{\"NotBeforeTimestamp\":\"\\/Date(1616042898156)\\/\",\"NotAfterTimestamp\":\"\\/Date(1616647698156)\\/\",\"ClientRequestId\":\"c7f352d1-bc09-46bb-912c-250d451377e4-2021-03-18 05:48:18Z-Ps\",\"HashFunction\":\"HMACSHA256\",\"Hmac\":\"1gAfQoRX0hBKdhK3wUdNKRaE37YQ3ClKWLKjNYBkwe0=\",\"Version\":{\"Major\":1,\"Minor\":2,\"Build\":-1,\"Revision\":-1,\"MajorRevision\":-1,\"MinorRevision\":-1},\"PropertyBag\":{}}"
        ],
        "User-Agent": [
          "FxVersion/4.6.29812.02",
          "OSName/Windows",
          "OSVersion/Microsoft.Windows.10.0.19042.",
          "Microsoft.Azure.Management.RecoveryServices.SiteRecovery.SiteRecoveryManagementClient/2.1.4.0"
        ]
      },
      "ResponseHeaders": {
        "Cache-Control": [
          "no-cache"
        ],
        "Pragma": [
          "no-cache"
        ],
        "x-ms-ratelimit-remaining-subscription-reads": [
          "11995"
        ],
        "Server": [
          "Microsoft-IIS/10.0",
          "Kestrel"
        ],
        "Strict-Transport-Security": [
          "max-age=31536000; includeSubDomains"
        ],
        "x-ms-request-id": [
          "61c98e79-773c-498c-8fa2-bfac5a3b8ee4 3/18/2021 5:48:19 AM"
        ],
        "X-Content-Type-Options": [
          "nosniff"
        ],
        "x-ms-client-request-id": [
          "61c98e79-773c-498c-8fa2-bfac5a3b8ee4"
        ],
        "x-ms-correlation-request-id": [
          "20a8740c-686d-45de-94c5-3ca56dd63cd9"
        ],
        "x-ms-routing-request-id": [
          "CENTRALUSEUAP:20210318T054819Z:20a8740c-686d-45de-94c5-3ca56dd63cd9"
        ],
        "Date": [
          "Thu, 18 Mar 2021 05:48:19 GMT"
        ],
        "Content-Length": [
          "4732"
        ],
        "Content-Type": [
          "application/json"
        ],
        "Expires": [
          "-1"
        ]
      },
      "ResponseBody": "{\r\n  \"name\": \"v2aRcm-pwsh-testreplicationfabric\",\r\n  \"type\": \"Microsoft.RecoveryServices/vaults/replicationFabrics\",\r\n  \"id\": \"/Subscriptions/7c943c1b-5122-4097-90c8-861411bdd574/resourceGroups/vmwaresrcrg/providers/Microsoft.RecoveryServices/vaults/v2aRcm-pwsh-test/replicationFabrics/v2aRcm-pwsh-testreplicationfabric\",\r\n  \"properties\": {\r\n    \"friendlyName\": \"v2aRcm-pwsh-testreplicationfabric\",\r\n    \"encryptionDetails\": {\r\n      \"kekState\": \"None\",\r\n      \"kekCertThumbprint\": null\r\n    },\r\n    \"rolloverEncryptionDetails\": {\r\n      \"kekState\": \"None\",\r\n      \"kekCertThumbprint\": null\r\n    },\r\n    \"internalIdentifier\": \"8f230f70-bd7f-5d75-a2b4-1e227601500d\",\r\n    \"bcdrState\": \"Valid\",\r\n    \"customDetails\": {\r\n      \"instanceType\": \"InMageRcm\",\r\n      \"vmwareSiteId\": \"/subscriptions/7c943c1b-5122-4097-90c8-861411bdd574/resourceGroups/vmwaresrcrg/providers/Microsoft.OffAzure/VMwareSites/v2aRcm-pwsh-testvmwaresite\",\r\n      \"physicalSiteId\": \"/subscriptions/7c943c1b-5122-4097-90c8-861411bdd574/resourceGroups/vmwaresrcrg/providers/Microsoft.OffAzure/ServerSites/v2aRcm-pwsh-testphysicalsite\",\r\n      \"serviceEndpoint\": \"https://pod01-srs1.ccy.hypervrecoverymanager.windowsazure.com\",\r\n      \"serviceResourceId\": \"4200083251763513383\",\r\n      \"serviceContainerId\": \"276725645566\",\r\n      \"dataPlaneUri\": \"https://pod01-prot2.ccy.backup.windowsazure.com\",\r\n      \"controlPlaneUri\": \"https://pod01-rcm1.ccy.hypervrecoverymanager.windowsazure.com\",\r\n      \"processServers\": [\r\n        {\r\n          \"id\": \"9f4eab05-e1da-4538-b12f-dc5ba6bea92b\",\r\n          \"name\": \"pwshapp\",\r\n          \"biosId\": \"06EB1342-3823-515F-62E1-4B0AAC896DE7\",\r\n          \"fabricObjectId\": \"/subscriptions/7c943c1b-5122-4097-90c8-861411bdd574/resourceGroups/vmwaresrcrg/providers/Microsoft.OffAzure/VMwareSites/v2aRcm-pwsh-testvmwaresite/machines/vcenter_50131fc8-45a3-d6da-c64c-27adc05e6141\",\r\n          \"fqdn\": \"WIN-EEP2EURKMTT\",\r\n          \"ipAddresses\": [\r\n            \"10.150.252.35\"\r\n          ],\r\n          \"version\": \"9.42.5895.1\",\r\n          \"lastHeartbeatUtc\": \"2021-03-18T05:44:34.5964558Z\",\r\n          \"totalMemoryInBytes\": 39459409920,\r\n          \"availableMemoryInBytes\": 34834767077,\r\n          \"usedMemoryInBytes\": 4624642843,\r\n          \"memoryUsagePercentage\": 11.720000000952878,\r\n          \"totalSpaceInBytes\": 665717829632,\r\n          \"availableSpaceInBytes\": 662981569536,\r\n          \"usedSpaceInBytes\": 2736260096,\r\n          \"freeSpacePercentage\": 99.5889759934006,\r\n          \"throughputUploadPendingDataInBytes\": 0,\r\n          \"throughputInBytes\": 0,\r\n          \"processorUsagePercentage\": 0.0,\r\n          \"throughputStatus\": \"Healthy\",\r\n          \"systemLoad\": 0,\r\n          \"systemLoadStatus\": \"Healthy\",\r\n          \"diskUsageStatus\": \"Healthy\",\r\n          \"memoryUsageStatus\": \"Healthy\",\r\n          \"processorUsageStatus\": \"Healthy\",\r\n          \"health\": \"Normal\",\r\n          \"healthErrors\": [],\r\n          \"protectedItemCount\": null,\r\n          \"historicHealth\": \"Normal\"\r\n        }\r\n      ],\r\n      \"rcmProxies\": [\r\n        {\r\n          \"id\": \"9f4eab05-e1da-4538-b12f-dc5ba6bea92b\",\r\n          \"name\": \"pwshapp\",\r\n          \"biosId\": \"06EB1342-3823-515F-62E1-4B0AAC896DE7\",\r\n          \"fabricObjectId\": \"/subscriptions/7c943c1b-5122-4097-90c8-861411bdd574/resourceGroups/vmwaresrcrg/providers/Microsoft.OffAzure/VMwareSites/v2aRcm-pwsh-testvmwaresite/machines/vcenter_50131fc8-45a3-d6da-c64c-27adc05e6141\",\r\n          \"fqdn\": \"WIN-EEP2EURKMTT\",\r\n          \"version\": \"1.29.7913.12445\",\r\n          \"lastHeartbeatUtc\": \"2021-03-18T05:44:00.0456175Z\",\r\n          \"health\": \"Normal\",\r\n          \"healthErrors\": []\r\n        }\r\n      ],\r\n      \"pushInstallers\": [\r\n        {\r\n          \"id\": \"9f4eab05-e1da-4538-b12f-dc5ba6bea92b\",\r\n          \"name\": \"pwshapp\",\r\n          \"biosId\": \"06EB1342-3823-515F-62E1-4B0AAC896DE7\",\r\n          \"fabricObjectId\": \"/subscriptions/7c943c1b-5122-4097-90c8-861411bdd574/resourceGroups/vmwaresrcrg/providers/Microsoft.OffAzure/VMwareSites/v2aRcm-pwsh-testvmwaresite/machines/vcenter_50131fc8-45a3-d6da-c64c-27adc05e6141\",\r\n          \"fqdn\": \"WIN-EEP2EURKMTT\",\r\n          \"version\": \"1.29.7913.12445\",\r\n          \"lastHeartbeatUtc\": \"2021-03-18T05:44:56.5963909Z\",\r\n          \"health\": \"Normal\",\r\n          \"healthErrors\": []\r\n        }\r\n      ],\r\n      \"replicationAgents\": [\r\n        {\r\n          \"id\": \"9f4eab05-e1da-4538-b12f-dc5ba6bea92b\",\r\n          \"name\": \"pwshapp\",\r\n          \"biosId\": \"06EB1342-3823-515F-62E1-4B0AAC896DE7\",\r\n          \"fabricObjectId\": \"/subscriptions/7c943c1b-5122-4097-90c8-861411bdd574/resourceGroups/vmwaresrcrg/providers/Microsoft.OffAzure/VMwareSites/v2aRcm-pwsh-testvmwaresite/machines/vcenter_50131fc8-45a3-d6da-c64c-27adc05e6141\",\r\n          \"fqdn\": \"WIN-EEP2EURKMTT\",\r\n          \"version\": \"1.29.7913.12445\",\r\n          \"lastHeartbeatUtc\": \"2021-03-18T05:43:54.6707554Z\",\r\n          \"health\": \"Normal\",\r\n          \"healthErrors\": []\r\n        }\r\n      ],\r\n      \"reprotectAgents\": [\r\n        {\r\n          \"id\": \"9f4eab05-e1da-4538-b12f-dc5ba6bea92b\",\r\n          \"name\": \"pwshapp\",\r\n          \"biosId\": \"06EB1342-3823-515F-62E1-4B0AAC896DE7\",\r\n          \"fabricObjectId\": \"/subscriptions/7c943c1b-5122-4097-90c8-861411bdd574/resourceGroups/vmwaresrcrg/providers/Microsoft.OffAzure/VMwareSites/v2aRcm-pwsh-testvmwaresite/machines/vcenter_50131fc8-45a3-d6da-c64c-27adc05e6141\",\r\n          \"fqdn\": \"WIN-EEP2EURKMTT\",\r\n          \"version\": \"1.29.7913.12445\",\r\n          \"lastHeartbeatUtc\": \"2021-03-18T05:44:54.334698Z\",\r\n          \"health\": \"Normal\",\r\n          \"healthErrors\": [],\r\n          \"protectedItemCount\": null\r\n        }\r\n      ],\r\n      \"marsAgents\": [],\r\n      \"dras\": [\r\n        {\r\n          \"id\": \"9f4eab05-e1da-4538-b12f-dc5ba6bea92b\",\r\n          \"name\": \"pwshapp\",\r\n          \"biosId\": \"06EB1342-3823-515F-62E1-4B0AAC896DE7\",\r\n          \"version\": \"5.1.6628.0\",\r\n          \"lastHeartbeatUtc\": \"2021-03-18T05:48:09.6632096Z\",\r\n          \"health\": \"None\",\r\n          \"healthErrors\": [],\r\n          \"forwardProtectedItemCount\": null,\r\n          \"reverseProtectedItemCount\": null\r\n        }\r\n      ],\r\n      \"agentDetails\": []\r\n    },\r\n    \"healthErrorDetails\": [],\r\n    \"health\": \"Normal\"\r\n  }\r\n}",
      "StatusCode": 200
    },
    {
      "RequestUri": "/subscriptions/7c943c1b-5122-4097-90c8-861411bdd574/resourceGroups/vmwaresrcrg/providers/Microsoft.RecoveryServices/vaults/v2aRcm-pwsh-test/replicationFabrics/v2aRcm-pwsh-testreplicationfabric/replicationProtectionContainers?api-version=2021-02-10",
      "EncodedRequestUri": "L3N1YnNjcmlwdGlvbnMvN2M5NDNjMWItNTEyMi00MDk3LTkwYzgtODYxNDExYmRkNTc0L3Jlc291cmNlR3JvdXBzL3Ztd2FyZXNyY3JnL3Byb3ZpZGVycy9NaWNyb3NvZnQuUmVjb3ZlcnlTZXJ2aWNlcy92YXVsdHMvdjJhUmNtLXB3c2gtdGVzdC9yZXBsaWNhdGlvbkZhYnJpY3MvdjJhUmNtLXB3c2gtdGVzdHJlcGxpY2F0aW9uZmFicmljL3JlcGxpY2F0aW9uUHJvdGVjdGlvbkNvbnRhaW5lcnM/YXBpLXZlcnNpb249MjAyMS0wMi0xMA==",
      "RequestMethod": "GET",
      "RequestBody": "",
      "RequestHeaders": {
        "x-ms-client-request-id": [
          "72f5184f-c515-4751-89b0-71995ec187a2"
        ],
        "Accept-Language": [
          "en-US"
        ],
        "Agent-Authentication": [
          "{\"NotBeforeTimestamp\":\"\\/Date(1616042899566)\\/\",\"NotAfterTimestamp\":\"\\/Date(1616647699566)\\/\",\"ClientRequestId\":\"2669c7ed-4415-485e-807a-cc9f18e8b288-2021-03-18 05:48:19Z-Ps\",\"HashFunction\":\"HMACSHA256\",\"Hmac\":\"E49ylpq5VaxH/nJX9P4gv7a1XyERh133cSZo4BVKges=\",\"Version\":{\"Major\":1,\"Minor\":2,\"Build\":-1,\"Revision\":-1,\"MajorRevision\":-1,\"MinorRevision\":-1},\"PropertyBag\":{}}"
        ],
        "User-Agent": [
          "FxVersion/4.6.29812.02",
          "OSName/Windows",
          "OSVersion/Microsoft.Windows.10.0.19042.",
          "Microsoft.Azure.Management.RecoveryServices.SiteRecovery.SiteRecoveryManagementClient/2.1.4.0"
        ]
      },
      "ResponseHeaders": {
        "Cache-Control": [
          "no-cache"
        ],
        "Pragma": [
          "no-cache"
        ],
        "x-ms-ratelimit-remaining-subscription-reads": [
          "11994"
        ],
        "Server": [
          "Microsoft-IIS/10.0",
          "Kestrel"
        ],
        "Strict-Transport-Security": [
          "max-age=31536000; includeSubDomains"
        ],
        "x-ms-request-id": [
          "72f5184f-c515-4751-89b0-71995ec187a2 3/18/2021 5:48:19 AM"
        ],
        "X-Content-Type-Options": [
          "nosniff"
        ],
        "x-ms-client-request-id": [
          "72f5184f-c515-4751-89b0-71995ec187a2"
        ],
        "x-ms-correlation-request-id": [
          "3fe72ae7-c41a-48eb-994b-d2079a4a07b9"
        ],
        "x-ms-routing-request-id": [
          "CENTRALUSEUAP:20210318T054819Z:3fe72ae7-c41a-48eb-994b-d2079a4a07b9"
        ],
        "Date": [
          "Thu, 18 Mar 2021 05:48:19 GMT"
        ],
        "Content-Length": [
          "695"
        ],
        "Content-Type": [
          "application/json"
        ],
        "Expires": [
          "-1"
        ]
      },
      "ResponseBody": "{\r\n  \"value\": [\r\n    {\r\n      \"id\": \"/Subscriptions/7c943c1b-5122-4097-90c8-861411bdd574/resourceGroups/vmwaresrcrg/providers/Microsoft.RecoveryServices/vaults/v2aRcm-pwsh-test/replicationFabrics/v2aRcm-pwsh-testreplicationfabric/replicationProtectionContainers/v2aRcm-pwsh-test0afareplicationcontainer\",\r\n      \"name\": \"v2aRcm-pwsh-test0afareplicationcontainer\",\r\n      \"type\": \"Microsoft.RecoveryServices/vaults/replicationFabrics/replicationProtectionContainers\",\r\n      \"properties\": {\r\n        \"fabricFriendlyName\": \"v2aRcm-pwsh-testreplicationfabric\",\r\n        \"friendlyName\": \"v2aRcm-pwsh-test0afareplicationcontainer\",\r\n        \"fabricType\": \"InMageRcm\",\r\n        \"protectedItemCount\": 0,\r\n        \"pairingStatus\": \"Paired\",\r\n        \"role\": \"Primary\",\r\n        \"fabricSpecificDetails\": null\r\n      }\r\n    }\r\n  ],\r\n  \"nextLink\": null\r\n}",
      "StatusCode": 200
    },
    {
      "RequestUri": "/subscriptions/7c943c1b-5122-4097-90c8-861411bdd574/resourceGroups/vmwaresrcrg/providers/Microsoft.RecoveryServices/vaults/v2aRcm-pwsh-test/replicationFabrics/v2aRcm-pwsh-testreplicationfabric/replicationProtectionContainers/v2aRcm-pwsh-test0afareplicationcontainer/replicationProtectionContainerMappings?api-version=2021-02-10",
      "EncodedRequestUri": "L3N1YnNjcmlwdGlvbnMvN2M5NDNjMWItNTEyMi00MDk3LTkwYzgtODYxNDExYmRkNTc0L3Jlc291cmNlR3JvdXBzL3Ztd2FyZXNyY3JnL3Byb3ZpZGVycy9NaWNyb3NvZnQuUmVjb3ZlcnlTZXJ2aWNlcy92YXVsdHMvdjJhUmNtLXB3c2gtdGVzdC9yZXBsaWNhdGlvbkZhYnJpY3MvdjJhUmNtLXB3c2gtdGVzdHJlcGxpY2F0aW9uZmFicmljL3JlcGxpY2F0aW9uUHJvdGVjdGlvbkNvbnRhaW5lcnMvdjJhUmNtLXB3c2gtdGVzdDBhZmFyZXBsaWNhdGlvbmNvbnRhaW5lci9yZXBsaWNhdGlvblByb3RlY3Rpb25Db250YWluZXJNYXBwaW5ncz9hcGktdmVyc2lvbj0yMDIxLTAyLTEw",
      "RequestMethod": "GET",
      "RequestBody": "",
      "RequestHeaders": {
        "x-ms-client-request-id": [
          "72f5184f-c515-4751-89b0-71995ec187a2"
        ],
        "Accept-Language": [
          "en-US"
        ],
        "Agent-Authentication": [
          "{\"NotBeforeTimestamp\":\"\\/Date(1616042899953)\\/\",\"NotAfterTimestamp\":\"\\/Date(1616647699953)\\/\",\"ClientRequestId\":\"e0f745bd-2bda-490f-867a-968fd4094c9d-2021-03-18 05:48:19Z-Ps\",\"HashFunction\":\"HMACSHA256\",\"Hmac\":\"KnorSAm9cepE3sKvN9chnv5DMeXRUDMawK52Y04m7Us=\",\"Version\":{\"Major\":1,\"Minor\":2,\"Build\":-1,\"Revision\":-1,\"MajorRevision\":-1,\"MinorRevision\":-1},\"PropertyBag\":{}}"
        ],
        "User-Agent": [
          "FxVersion/4.6.29812.02",
          "OSName/Windows",
          "OSVersion/Microsoft.Windows.10.0.19042.",
          "Microsoft.Azure.Management.RecoveryServices.SiteRecovery.SiteRecoveryManagementClient/2.1.4.0"
        ]
      },
      "ResponseHeaders": {
        "Cache-Control": [
          "no-cache"
        ],
        "Pragma": [
          "no-cache"
        ],
        "x-ms-ratelimit-remaining-subscription-reads": [
          "11993"
        ],
        "Server": [
          "Microsoft-IIS/10.0",
          "Kestrel"
        ],
        "Strict-Transport-Security": [
          "max-age=31536000; includeSubDomains"
        ],
        "x-ms-request-id": [
          "72f5184f-c515-4751-89b0-71995ec187a2 3/18/2021 5:48:20 AM"
        ],
        "X-Content-Type-Options": [
          "nosniff"
        ],
        "x-ms-client-request-id": [
          "72f5184f-c515-4751-89b0-71995ec187a2"
        ],
        "x-ms-correlation-request-id": [
          "43863267-c4f1-4e87-a592-c13031d3776e"
        ],
        "x-ms-routing-request-id": [
          "CENTRALUSEUAP:20210318T054820Z:43863267-c4f1-4e87-a592-c13031d3776e"
        ],
        "Date": [
          "Thu, 18 Mar 2021 05:48:19 GMT"
        ],
        "Content-Length": [
          "4249"
        ],
        "Content-Type": [
          "application/json"
        ],
        "Expires": [
          "-1"
        ]
      },
      "ResponseBody": "{\r\n  \"value\": [\r\n    {\r\n      \"id\": \"/Subscriptions/7c943c1b-5122-4097-90c8-861411bdd574/resourceGroups/vmwaresrcrg/providers/Microsoft.RecoveryServices/vaults/v2aRcm-pwsh-test/replicationFabrics/v2aRcm-pwsh-testreplicationfabric/replicationProtectionContainers/v2aRcm-pwsh-test0afareplicationcontainer/replicationProtectionContainerMappings/appconsistency-failback-containerpairing\",\r\n      \"name\": \"appconsistency-failback-containerpairing\",\r\n      \"type\": \"Microsoft.RecoveryServices/vaults/replicationFabrics/replicationProtectionContainers/replicationProtectionContainerMappings\",\r\n      \"properties\": {\r\n        \"targetProtectionContainerId\": \"/Subscriptions/7c943c1b-5122-4097-90c8-861411bdd574/resourceGroups/vmwaresrcrg/providers/Microsoft.RecoveryServices/vaults/v2aRcm-pwsh-test/replicationFabrics/v2aRcm-pwsh-testreplicationfabric/replicationProtectionContainers/v2aRcm-pwsh-test0afareplicationcontainer\",\r\n        \"targetProtectionContainerFriendlyName\": \"v2aRcm-pwsh-test0afareplicationcontainer\",\r\n        \"providerSpecificDetails\": null,\r\n        \"health\": \"Normal\",\r\n        \"healthErrorDetails\": [],\r\n        \"policyId\": \"/Subscriptions/7c943c1b-5122-4097-90c8-861411bdd574/resourceGroups/vmwaresrcrg/providers/Microsoft.RecoveryServices/vaults/v2aRcm-pwsh-test/replicationPolicies/appconsistency-policy-failback\",\r\n        \"state\": \"Paired\",\r\n        \"sourceProtectionContainerFriendlyName\": \"v2aRcm-pwsh-test0afareplicationcontainer\",\r\n        \"sourceFabricFriendlyName\": \"v2aRcm-pwsh-testreplicationfabric\",\r\n        \"targetFabricFriendlyName\": \"v2aRcm-pwsh-testreplicationfabric\",\r\n        \"policyFriendlyName\": \"appconsistency-policy-failback\"\r\n      }\r\n    },\r\n    {\r\n      \"id\": \"/Subscriptions/7c943c1b-5122-4097-90c8-861411bdd574/resourceGroups/vmwaresrcrg/providers/Microsoft.RecoveryServices/vaults/v2aRcm-pwsh-test/replicationFabrics/v2aRcm-pwsh-testreplicationfabric/replicationProtectionContainers/v2aRcm-pwsh-test0afareplicationcontainer/replicationProtectionContainerMappings/default-failover-containerpairing\",\r\n      \"name\": \"default-failover-containerpairing\",\r\n      \"type\": \"Microsoft.RecoveryServices/vaults/replicationFabrics/replicationProtectionContainers/replicationProtectionContainerMappings\",\r\n      \"properties\": {\r\n        \"targetProtectionContainerId\": \"Microsoft Azure\",\r\n        \"targetProtectionContainerFriendlyName\": \"Microsoft Azure\",\r\n        \"providerSpecificDetails\": {\r\n          \"instanceType\": \"InMageRcm\",\r\n          \"enableAgentAutoUpgrade\": \"true\"\r\n        },\r\n        \"health\": \"Normal\",\r\n        \"healthErrorDetails\": [],\r\n        \"policyId\": \"/Subscriptions/7c943c1b-5122-4097-90c8-861411bdd574/resourceGroups/vmwaresrcrg/providers/Microsoft.RecoveryServices/vaults/v2aRcm-pwsh-test/replicationPolicies/24-hour-replication-policy\",\r\n        \"state\": \"Paired\",\r\n        \"sourceProtectionContainerFriendlyName\": \"v2aRcm-pwsh-test0afareplicationcontainer\",\r\n        \"sourceFabricFriendlyName\": \"v2aRcm-pwsh-testreplicationfabric\",\r\n        \"targetFabricFriendlyName\": \"Microsoft Azure\",\r\n        \"policyFriendlyName\": \"24-hour-replication-policy\"\r\n      }\r\n    },\r\n    {\r\n      \"id\": \"/Subscriptions/7c943c1b-5122-4097-90c8-861411bdd574/resourceGroups/vmwaresrcrg/providers/Microsoft.RecoveryServices/vaults/v2aRcm-pwsh-test/replicationFabrics/v2aRcm-pwsh-testreplicationfabric/replicationProtectionContainers/v2aRcm-pwsh-test0afareplicationcontainer/replicationProtectionContainerMappings/crashconsistency-failback-containerpairing\",\r\n      \"name\": \"crashconsistency-failback-containerpairing\",\r\n      \"type\": \"Microsoft.RecoveryServices/vaults/replicationFabrics/replicationProtectionContainers/replicationProtectionContainerMappings\",\r\n      \"properties\": {\r\n        \"targetProtectionContainerId\": \"/Subscriptions/7c943c1b-5122-4097-90c8-861411bdd574/resourceGroups/vmwaresrcrg/providers/Microsoft.RecoveryServices/vaults/v2aRcm-pwsh-test/replicationFabrics/v2aRcm-pwsh-testreplicationfabric/replicationProtectionContainers/v2aRcm-pwsh-test0afareplicationcontainer\",\r\n        \"targetProtectionContainerFriendlyName\": \"v2aRcm-pwsh-test0afareplicationcontainer\",\r\n        \"providerSpecificDetails\": null,\r\n        \"health\": \"Normal\",\r\n        \"healthErrorDetails\": [],\r\n        \"policyId\": \"/Subscriptions/7c943c1b-5122-4097-90c8-861411bdd574/resourceGroups/vmwaresrcrg/providers/Microsoft.RecoveryServices/vaults/v2aRcm-pwsh-test/replicationPolicies/crashconsistency-policy-failback\",\r\n        \"state\": \"Paired\",\r\n        \"sourceProtectionContainerFriendlyName\": \"v2aRcm-pwsh-test0afareplicationcontainer\",\r\n        \"sourceFabricFriendlyName\": \"v2aRcm-pwsh-testreplicationfabric\",\r\n        \"targetFabricFriendlyName\": \"v2aRcm-pwsh-testreplicationfabric\",\r\n        \"policyFriendlyName\": \"crashconsistency-policy-failback\"\r\n      }\r\n    }\r\n  ],\r\n  \"nextLink\": null\r\n}",
      "StatusCode": 200
    },
    {
      "RequestUri": "/subscriptions/7c943c1b-5122-4097-90c8-861411bdd574/resourceGroups/vmwaresrcrg/providers/Microsoft.RecoveryServices/vaults/v2aRcm-pwsh-test/replicationFabrics/v2aRcm-pwsh-testreplicationfabric/replicationProtectionContainers/v2aRcm-pwsh-test0afareplicationcontainer/replicationProtectionContainerMappings?api-version=2021-02-10",
      "EncodedRequestUri": "L3N1YnNjcmlwdGlvbnMvN2M5NDNjMWItNTEyMi00MDk3LTkwYzgtODYxNDExYmRkNTc0L3Jlc291cmNlR3JvdXBzL3Ztd2FyZXNyY3JnL3Byb3ZpZGVycy9NaWNyb3NvZnQuUmVjb3ZlcnlTZXJ2aWNlcy92YXVsdHMvdjJhUmNtLXB3c2gtdGVzdC9yZXBsaWNhdGlvbkZhYnJpY3MvdjJhUmNtLXB3c2gtdGVzdHJlcGxpY2F0aW9uZmFicmljL3JlcGxpY2F0aW9uUHJvdGVjdGlvbkNvbnRhaW5lcnMvdjJhUmNtLXB3c2gtdGVzdDBhZmFyZXBsaWNhdGlvbmNvbnRhaW5lci9yZXBsaWNhdGlvblByb3RlY3Rpb25Db250YWluZXJNYXBwaW5ncz9hcGktdmVyc2lvbj0yMDIxLTAyLTEw",
      "RequestMethod": "GET",
      "RequestBody": "",
      "RequestHeaders": {
        "x-ms-client-request-id": [
          "8b9de32e-1a44-434d-865a-a75f27329987"
        ],
        "Accept-Language": [
          "en-US"
        ],
        "Agent-Authentication": [
          "{\"NotBeforeTimestamp\":\"\\/Date(1616042901206)\\/\",\"NotAfterTimestamp\":\"\\/Date(1616647701206)\\/\",\"ClientRequestId\":\"d3ac015d-9e2d-4c7d-bc7e-eb30e5de0557-2021-03-18 05:48:21Z-Ps\",\"HashFunction\":\"HMACSHA256\",\"Hmac\":\"vBN6vjWBrIv63SYVivef91+cSr1nhSLv60GN0JMQnHQ=\",\"Version\":{\"Major\":1,\"Minor\":2,\"Build\":-1,\"Revision\":-1,\"MajorRevision\":-1,\"MinorRevision\":-1},\"PropertyBag\":{}}"
        ],
        "User-Agent": [
          "FxVersion/4.6.29812.02",
          "OSName/Windows",
          "OSVersion/Microsoft.Windows.10.0.19042.",
          "Microsoft.Azure.Management.RecoveryServices.SiteRecovery.SiteRecoveryManagementClient/2.1.4.0"
        ]
      },
      "ResponseHeaders": {
        "Cache-Control": [
          "no-cache"
        ],
        "Pragma": [
          "no-cache"
        ],
        "x-ms-ratelimit-remaining-subscription-reads": [
          "11990"
        ],
        "Server": [
          "Microsoft-IIS/10.0",
          "Kestrel"
        ],
        "Strict-Transport-Security": [
          "max-age=31536000; includeSubDomains"
        ],
        "x-ms-request-id": [
          "8b9de32e-1a44-434d-865a-a75f27329987 3/18/2021 5:48:21 AM"
        ],
        "X-Content-Type-Options": [
          "nosniff"
        ],
        "x-ms-client-request-id": [
          "8b9de32e-1a44-434d-865a-a75f27329987"
        ],
        "x-ms-correlation-request-id": [
          "5246c6a8-48cd-4023-af13-e9da7c26ed2d"
        ],
        "x-ms-routing-request-id": [
          "CENTRALUSEUAP:20210318T054821Z:5246c6a8-48cd-4023-af13-e9da7c26ed2d"
        ],
        "Date": [
          "Thu, 18 Mar 2021 05:48:20 GMT"
        ],
        "Content-Length": [
          "4249"
        ],
        "Content-Type": [
          "application/json"
        ],
        "Expires": [
          "-1"
        ]
      },
      "ResponseBody": "{\r\n  \"value\": [\r\n    {\r\n      \"id\": \"/Subscriptions/7c943c1b-5122-4097-90c8-861411bdd574/resourceGroups/vmwaresrcrg/providers/Microsoft.RecoveryServices/vaults/v2aRcm-pwsh-test/replicationFabrics/v2aRcm-pwsh-testreplicationfabric/replicationProtectionContainers/v2aRcm-pwsh-test0afareplicationcontainer/replicationProtectionContainerMappings/appconsistency-failback-containerpairing\",\r\n      \"name\": \"appconsistency-failback-containerpairing\",\r\n      \"type\": \"Microsoft.RecoveryServices/vaults/replicationFabrics/replicationProtectionContainers/replicationProtectionContainerMappings\",\r\n      \"properties\": {\r\n        \"targetProtectionContainerId\": \"/Subscriptions/7c943c1b-5122-4097-90c8-861411bdd574/resourceGroups/vmwaresrcrg/providers/Microsoft.RecoveryServices/vaults/v2aRcm-pwsh-test/replicationFabrics/v2aRcm-pwsh-testreplicationfabric/replicationProtectionContainers/v2aRcm-pwsh-test0afareplicationcontainer\",\r\n        \"targetProtectionContainerFriendlyName\": \"v2aRcm-pwsh-test0afareplicationcontainer\",\r\n        \"providerSpecificDetails\": null,\r\n        \"health\": \"Normal\",\r\n        \"healthErrorDetails\": [],\r\n        \"policyId\": \"/Subscriptions/7c943c1b-5122-4097-90c8-861411bdd574/resourceGroups/vmwaresrcrg/providers/Microsoft.RecoveryServices/vaults/v2aRcm-pwsh-test/replicationPolicies/appconsistency-policy-failback\",\r\n        \"state\": \"Paired\",\r\n        \"sourceProtectionContainerFriendlyName\": \"v2aRcm-pwsh-test0afareplicationcontainer\",\r\n        \"sourceFabricFriendlyName\": \"v2aRcm-pwsh-testreplicationfabric\",\r\n        \"targetFabricFriendlyName\": \"v2aRcm-pwsh-testreplicationfabric\",\r\n        \"policyFriendlyName\": \"appconsistency-policy-failback\"\r\n      }\r\n    },\r\n    {\r\n      \"id\": \"/Subscriptions/7c943c1b-5122-4097-90c8-861411bdd574/resourceGroups/vmwaresrcrg/providers/Microsoft.RecoveryServices/vaults/v2aRcm-pwsh-test/replicationFabrics/v2aRcm-pwsh-testreplicationfabric/replicationProtectionContainers/v2aRcm-pwsh-test0afareplicationcontainer/replicationProtectionContainerMappings/crashconsistency-failback-containerpairing\",\r\n      \"name\": \"crashconsistency-failback-containerpairing\",\r\n      \"type\": \"Microsoft.RecoveryServices/vaults/replicationFabrics/replicationProtectionContainers/replicationProtectionContainerMappings\",\r\n      \"properties\": {\r\n        \"targetProtectionContainerId\": \"/Subscriptions/7c943c1b-5122-4097-90c8-861411bdd574/resourceGroups/vmwaresrcrg/providers/Microsoft.RecoveryServices/vaults/v2aRcm-pwsh-test/replicationFabrics/v2aRcm-pwsh-testreplicationfabric/replicationProtectionContainers/v2aRcm-pwsh-test0afareplicationcontainer\",\r\n        \"targetProtectionContainerFriendlyName\": \"v2aRcm-pwsh-test0afareplicationcontainer\",\r\n        \"providerSpecificDetails\": null,\r\n        \"health\": \"Normal\",\r\n        \"healthErrorDetails\": [],\r\n        \"policyId\": \"/Subscriptions/7c943c1b-5122-4097-90c8-861411bdd574/resourceGroups/vmwaresrcrg/providers/Microsoft.RecoveryServices/vaults/v2aRcm-pwsh-test/replicationPolicies/crashconsistency-policy-failback\",\r\n        \"state\": \"Paired\",\r\n        \"sourceProtectionContainerFriendlyName\": \"v2aRcm-pwsh-test0afareplicationcontainer\",\r\n        \"sourceFabricFriendlyName\": \"v2aRcm-pwsh-testreplicationfabric\",\r\n        \"targetFabricFriendlyName\": \"v2aRcm-pwsh-testreplicationfabric\",\r\n        \"policyFriendlyName\": \"crashconsistency-policy-failback\"\r\n      }\r\n    },\r\n    {\r\n      \"id\": \"/Subscriptions/7c943c1b-5122-4097-90c8-861411bdd574/resourceGroups/vmwaresrcrg/providers/Microsoft.RecoveryServices/vaults/v2aRcm-pwsh-test/replicationFabrics/v2aRcm-pwsh-testreplicationfabric/replicationProtectionContainers/v2aRcm-pwsh-test0afareplicationcontainer/replicationProtectionContainerMappings/default-failover-containerpairing\",\r\n      \"name\": \"default-failover-containerpairing\",\r\n      \"type\": \"Microsoft.RecoveryServices/vaults/replicationFabrics/replicationProtectionContainers/replicationProtectionContainerMappings\",\r\n      \"properties\": {\r\n        \"targetProtectionContainerId\": \"Microsoft Azure\",\r\n        \"targetProtectionContainerFriendlyName\": \"Microsoft Azure\",\r\n        \"providerSpecificDetails\": {\r\n          \"instanceType\": \"InMageRcm\",\r\n          \"enableAgentAutoUpgrade\": \"true\"\r\n        },\r\n        \"health\": \"Normal\",\r\n        \"healthErrorDetails\": [],\r\n        \"policyId\": \"/Subscriptions/7c943c1b-5122-4097-90c8-861411bdd574/resourceGroups/vmwaresrcrg/providers/Microsoft.RecoveryServices/vaults/v2aRcm-pwsh-test/replicationPolicies/24-hour-replication-policy\",\r\n        \"state\": \"Paired\",\r\n        \"sourceProtectionContainerFriendlyName\": \"v2aRcm-pwsh-test0afareplicationcontainer\",\r\n        \"sourceFabricFriendlyName\": \"v2aRcm-pwsh-testreplicationfabric\",\r\n        \"targetFabricFriendlyName\": \"Microsoft Azure\",\r\n        \"policyFriendlyName\": \"24-hour-replication-policy\"\r\n      }\r\n    }\r\n  ],\r\n  \"nextLink\": null\r\n}",
      "StatusCode": 200
    },
    {
      "RequestUri": "/subscriptions/7c943c1b-5122-4097-90c8-861411bdd574/resourceGroups/vmwaresrcrg/providers/Microsoft.RecoveryServices/vaults/v2aRcm-pwsh-test/replicationPolicies?api-version=2021-02-10",
      "EncodedRequestUri": "L3N1YnNjcmlwdGlvbnMvN2M5NDNjMWItNTEyMi00MDk3LTkwYzgtODYxNDExYmRkNTc0L3Jlc291cmNlR3JvdXBzL3Ztd2FyZXNyY3JnL3Byb3ZpZGVycy9NaWNyb3NvZnQuUmVjb3ZlcnlTZXJ2aWNlcy92YXVsdHMvdjJhUmNtLXB3c2gtdGVzdC9yZXBsaWNhdGlvblBvbGljaWVzP2FwaS12ZXJzaW9uPTIwMjEtMDItMTA=",
      "RequestMethod": "GET",
      "RequestBody": "",
      "RequestHeaders": {
        "x-ms-client-request-id": [
          "72f5184f-c515-4751-89b0-71995ec187a2"
        ],
        "Accept-Language": [
          "en-US"
        ],
        "Agent-Authentication": [
          "{\"NotBeforeTimestamp\":\"\\/Date(1616042900374)\\/\",\"NotAfterTimestamp\":\"\\/Date(1616647700374)\\/\",\"ClientRequestId\":\"32dff2c8-9c4f-49e5-b924-593cbe182230-2021-03-18 05:48:20Z-Ps\",\"HashFunction\":\"HMACSHA256\",\"Hmac\":\"I2aahAquEgAXb1NdBQquZvkfQ38GB/SfFL18VsFrRbQ=\",\"Version\":{\"Major\":1,\"Minor\":2,\"Build\":-1,\"Revision\":-1,\"MajorRevision\":-1,\"MinorRevision\":-1},\"PropertyBag\":{}}"
        ],
        "User-Agent": [
          "FxVersion/4.6.29812.02",
          "OSName/Windows",
          "OSVersion/Microsoft.Windows.10.0.19042.",
          "Microsoft.Azure.Management.RecoveryServices.SiteRecovery.SiteRecoveryManagementClient/2.1.4.0"
        ]
      },
      "ResponseHeaders": {
        "Cache-Control": [
          "no-cache"
        ],
        "Pragma": [
          "no-cache"
        ],
        "x-ms-ratelimit-remaining-subscription-reads": [
          "11992"
        ],
        "Server": [
          "Microsoft-IIS/10.0",
          "Kestrel"
        ],
        "Strict-Transport-Security": [
          "max-age=31536000; includeSubDomains"
        ],
        "x-ms-request-id": [
          "72f5184f-c515-4751-89b0-71995ec187a2 3/18/2021 5:48:20 AM"
        ],
        "X-Content-Type-Options": [
          "nosniff"
        ],
        "x-ms-client-request-id": [
          "72f5184f-c515-4751-89b0-71995ec187a2"
        ],
        "x-ms-correlation-request-id": [
          "d35ef29a-4f26-4fbe-9868-36d5dc5f14b8"
        ],
        "x-ms-routing-request-id": [
          "CENTRALUSEUAP:20210318T054820Z:d35ef29a-4f26-4fbe-9868-36d5dc5f14b8"
        ],
        "Date": [
          "Thu, 18 Mar 2021 05:48:20 GMT"
        ],
        "Content-Length": [
          "1590"
        ],
        "Content-Type": [
          "application/json"
        ],
        "Expires": [
          "-1"
        ]
      },
      "ResponseBody": "{\r\n  \"value\": [\r\n    {\r\n      \"id\": \"/Subscriptions/7c943c1b-5122-4097-90c8-861411bdd574/resourceGroups/vmwaresrcrg/providers/Microsoft.RecoveryServices/vaults/v2aRcm-pwsh-test/replicationPolicies/crashconsistency-policy-failback\",\r\n      \"name\": \"crashconsistency-policy-failback\",\r\n      \"type\": \"Microsoft.RecoveryServices/vaults/replicationPolicies\",\r\n      \"properties\": {\r\n        \"friendlyName\": \"crashconsistency-policy-failback\",\r\n        \"providerSpecificDetails\": {\r\n          \"instanceType\": \"InMageRcmFailback\",\r\n          \"appConsistentFrequencyInMinutes\": 0,\r\n          \"crashConsistentFrequencyInMinutes\": 5\r\n        }\r\n      }\r\n    },\r\n    {\r\n      \"id\": \"/Subscriptions/7c943c1b-5122-4097-90c8-861411bdd574/resourceGroups/vmwaresrcrg/providers/Microsoft.RecoveryServices/vaults/v2aRcm-pwsh-test/replicationPolicies/24-hour-replication-policy\",\r\n      \"name\": \"24-hour-replication-policy\",\r\n      \"type\": \"Microsoft.RecoveryServices/vaults/replicationPolicies\",\r\n      \"properties\": {\r\n        \"friendlyName\": \"24-hour-replication-policy\",\r\n        \"providerSpecificDetails\": {\r\n          \"instanceType\": \"InMageRcm\",\r\n          \"recoveryPointHistoryInMinutes\": 4320,\r\n          \"appConsistentFrequencyInMinutes\": 240,\r\n          \"crashConsistentFrequencyInMinutes\": 5,\r\n          \"enableMultiVmSync\": \"false\"\r\n        }\r\n      }\r\n    },\r\n    {\r\n      \"id\": \"/Subscriptions/7c943c1b-5122-4097-90c8-861411bdd574/resourceGroups/vmwaresrcrg/providers/Microsoft.RecoveryServices/vaults/v2aRcm-pwsh-test/replicationPolicies/appconsistency-policy-failback\",\r\n      \"name\": \"appconsistency-policy-failback\",\r\n      \"type\": \"Microsoft.RecoveryServices/vaults/replicationPolicies\",\r\n      \"properties\": {\r\n        \"friendlyName\": \"appconsistency-policy-failback\",\r\n        \"providerSpecificDetails\": {\r\n          \"instanceType\": \"InMageRcmFailback\",\r\n          \"appConsistentFrequencyInMinutes\": 60,\r\n          \"crashConsistentFrequencyInMinutes\": 5\r\n        }\r\n      }\r\n    }\r\n  ],\r\n  \"nextLink\": null\r\n}",
      "StatusCode": 200
    },
    {
      "RequestUri": "/subscriptions/7c943c1b-5122-4097-90c8-861411bdd574/resourceGroups/vmwaresrcrg/providers/Microsoft.RecoveryServices/vaults/v2aRcm-pwsh-test/replicationFabrics/v2aRcm-pwsh-testreplicationfabric/replicationProtectionContainers/v2aRcm-pwsh-test0afareplicationcontainer?api-version=2021-02-10",
      "EncodedRequestUri": "L3N1YnNjcmlwdGlvbnMvN2M5NDNjMWItNTEyMi00MDk3LTkwYzgtODYxNDExYmRkNTc0L3Jlc291cmNlR3JvdXBzL3Ztd2FyZXNyY3JnL3Byb3ZpZGVycy9NaWNyb3NvZnQuUmVjb3ZlcnlTZXJ2aWNlcy92YXVsdHMvdjJhUmNtLXB3c2gtdGVzdC9yZXBsaWNhdGlvbkZhYnJpY3MvdjJhUmNtLXB3c2gtdGVzdHJlcGxpY2F0aW9uZmFicmljL3JlcGxpY2F0aW9uUHJvdGVjdGlvbkNvbnRhaW5lcnMvdjJhUmNtLXB3c2gtdGVzdDBhZmFyZXBsaWNhdGlvbmNvbnRhaW5lcj9hcGktdmVyc2lvbj0yMDIxLTAyLTEw",
      "RequestMethod": "GET",
      "RequestBody": "",
      "RequestHeaders": {
        "x-ms-client-request-id": [
          "8b9de32e-1a44-434d-865a-a75f27329987"
        ],
        "Accept-Language": [
          "en-US"
        ],
        "Agent-Authentication": [
          "{\"NotBeforeTimestamp\":\"\\/Date(1616042900841)\\/\",\"NotAfterTimestamp\":\"\\/Date(1616647700841)\\/\",\"ClientRequestId\":\"064999dd-a92a-4329-bf86-7323af61b81d-2021-03-18 05:48:20Z-Ps\",\"HashFunction\":\"HMACSHA256\",\"Hmac\":\"ck/XmmLBnm7PvtAKRAR0BjJP2LwDh9sOv4EJYo5VEWA=\",\"Version\":{\"Major\":1,\"Minor\":2,\"Build\":-1,\"Revision\":-1,\"MajorRevision\":-1,\"MinorRevision\":-1},\"PropertyBag\":{}}"
        ],
        "User-Agent": [
          "FxVersion/4.6.29812.02",
          "OSName/Windows",
          "OSVersion/Microsoft.Windows.10.0.19042.",
          "Microsoft.Azure.Management.RecoveryServices.SiteRecovery.SiteRecoveryManagementClient/2.1.4.0"
        ]
      },
      "ResponseHeaders": {
        "Cache-Control": [
          "no-cache"
        ],
        "Pragma": [
          "no-cache"
        ],
        "x-ms-ratelimit-remaining-subscription-reads": [
          "11991"
        ],
        "Server": [
          "Microsoft-IIS/10.0",
          "Kestrel"
        ],
        "Strict-Transport-Security": [
          "max-age=31536000; includeSubDomains"
        ],
        "x-ms-request-id": [
          "8b9de32e-1a44-434d-865a-a75f27329987 3/18/2021 5:48:21 AM"
        ],
        "X-Content-Type-Options": [
          "nosniff"
        ],
        "x-ms-client-request-id": [
          "8b9de32e-1a44-434d-865a-a75f27329987"
        ],
        "x-ms-correlation-request-id": [
          "cff66910-769d-47bf-b979-f46d9f10c282"
        ],
        "x-ms-routing-request-id": [
          "CENTRALUSEUAP:20210318T054821Z:cff66910-769d-47bf-b979-f46d9f10c282"
        ],
        "Date": [
          "Thu, 18 Mar 2021 05:48:20 GMT"
        ],
        "Content-Length": [
          "667"
        ],
        "Content-Type": [
          "application/json"
        ],
        "Expires": [
          "-1"
        ]
      },
      "ResponseBody": "{\r\n  \"id\": \"/Subscriptions/7c943c1b-5122-4097-90c8-861411bdd574/resourceGroups/vmwaresrcrg/providers/Microsoft.RecoveryServices/vaults/v2aRcm-pwsh-test/replicationFabrics/v2aRcm-pwsh-testreplicationfabric/replicationProtectionContainers/v2aRcm-pwsh-test0afareplicationcontainer\",\r\n  \"name\": \"v2aRcm-pwsh-test0afareplicationcontainer\",\r\n  \"type\": \"Microsoft.RecoveryServices/vaults/replicationFabrics/replicationProtectionContainers\",\r\n  \"properties\": {\r\n    \"fabricFriendlyName\": \"v2aRcm-pwsh-testreplicationfabric\",\r\n    \"friendlyName\": \"v2aRcm-pwsh-test0afareplicationcontainer\",\r\n    \"fabricType\": \"InMageRcm\",\r\n    \"protectedItemCount\": 0,\r\n    \"pairingStatus\": \"Paired\",\r\n    \"role\": \"Primary\",\r\n    \"fabricSpecificDetails\": null\r\n  }\r\n}",
      "StatusCode": 200
    },
    {
      "RequestUri": "/subscriptions/7c943c1b-5122-4097-90c8-861411bdd574/resourceGroups/vmwaresrcrg/providers/Microsoft.RecoveryServices/vaults/v2aRcm-pwsh-test/replicationPolicies/appconsistency-policy-failback?api-version=2021-02-10",
      "EncodedRequestUri": "L3N1YnNjcmlwdGlvbnMvN2M5NDNjMWItNTEyMi00MDk3LTkwYzgtODYxNDExYmRkNTc0L3Jlc291cmNlR3JvdXBzL3Ztd2FyZXNyY3JnL3Byb3ZpZGVycy9NaWNyb3NvZnQuUmVjb3ZlcnlTZXJ2aWNlcy92YXVsdHMvdjJhUmNtLXB3c2gtdGVzdC9yZXBsaWNhdGlvblBvbGljaWVzL2FwcGNvbnNpc3RlbmN5LXBvbGljeS1mYWlsYmFjaz9hcGktdmVyc2lvbj0yMDIxLTAyLTEw",
      "RequestMethod": "GET",
      "RequestBody": "",
      "RequestHeaders": {
        "x-ms-client-request-id": [
          "8b9de32e-1a44-434d-865a-a75f27329987"
        ],
        "Accept-Language": [
          "en-US"
        ],
        "Agent-Authentication": [
          "{\"NotBeforeTimestamp\":\"\\/Date(1616042901560)\\/\",\"NotAfterTimestamp\":\"\\/Date(1616647701560)\\/\",\"ClientRequestId\":\"a32d7f9d-12d6-4921-af46-273eede9858f-2021-03-18 05:48:21Z-Ps\",\"HashFunction\":\"HMACSHA256\",\"Hmac\":\"NnsSDJmXrgEMyj02hCnCf5rF90GcD1pIpseLEErA5Qg=\",\"Version\":{\"Major\":1,\"Minor\":2,\"Build\":-1,\"Revision\":-1,\"MajorRevision\":-1,\"MinorRevision\":-1},\"PropertyBag\":{}}"
        ],
        "User-Agent": [
          "FxVersion/4.6.29812.02",
          "OSName/Windows",
          "OSVersion/Microsoft.Windows.10.0.19042.",
          "Microsoft.Azure.Management.RecoveryServices.SiteRecovery.SiteRecoveryManagementClient/2.1.4.0"
        ]
      },
      "ResponseHeaders": {
        "Cache-Control": [
          "no-cache"
        ],
        "Pragma": [
          "no-cache"
        ],
        "x-ms-ratelimit-remaining-subscription-reads": [
          "11989"
        ],
        "Server": [
          "Microsoft-IIS/10.0",
          "Kestrel"
        ],
        "Strict-Transport-Security": [
          "max-age=31536000; includeSubDomains"
        ],
        "x-ms-request-id": [
          "8b9de32e-1a44-434d-865a-a75f27329987 3/18/2021 5:48:21 AM"
        ],
        "X-Content-Type-Options": [
          "nosniff"
        ],
        "x-ms-client-request-id": [
          "8b9de32e-1a44-434d-865a-a75f27329987"
        ],
        "x-ms-correlation-request-id": [
          "83334f49-b8d3-4723-8f8e-fe8405f18e00"
        ],
        "x-ms-routing-request-id": [
          "CENTRALUSEUAP:20210318T054821Z:83334f49-b8d3-4723-8f8e-fe8405f18e00"
        ],
        "Date": [
          "Thu, 18 Mar 2021 05:48:21 GMT"
        ],
        "Content-Length": [
          "503"
        ],
        "Content-Type": [
          "application/json"
        ],
        "Expires": [
          "-1"
        ]
      },
      "ResponseBody": "{\r\n  \"id\": \"/Subscriptions/7c943c1b-5122-4097-90c8-861411bdd574/resourceGroups/vmwaresrcrg/providers/Microsoft.RecoveryServices/vaults/v2aRcm-pwsh-test/replicationPolicies/appconsistency-policy-failback\",\r\n  \"name\": \"appconsistency-policy-failback\",\r\n  \"type\": \"Microsoft.RecoveryServices/vaults/replicationPolicies\",\r\n  \"properties\": {\r\n    \"friendlyName\": \"appconsistency-policy-failback\",\r\n    \"providerSpecificDetails\": {\r\n      \"instanceType\": \"InMageRcmFailback\",\r\n      \"appConsistentFrequencyInMinutes\": 60,\r\n      \"crashConsistentFrequencyInMinutes\": 5\r\n    }\r\n  }\r\n}",
      "StatusCode": 200
    },
    {
      "RequestUri": "/subscriptions/7c943c1b-5122-4097-90c8-861411bdd574/resourceGroups/vmwaresrcrg/providers/Microsoft.RecoveryServices/vaults/v2aRcm-pwsh-test/replicationPolicies/crashconsistency-policy-failback?api-version=2021-02-10",
      "EncodedRequestUri": "L3N1YnNjcmlwdGlvbnMvN2M5NDNjMWItNTEyMi00MDk3LTkwYzgtODYxNDExYmRkNTc0L3Jlc291cmNlR3JvdXBzL3Ztd2FyZXNyY3JnL3Byb3ZpZGVycy9NaWNyb3NvZnQuUmVjb3ZlcnlTZXJ2aWNlcy92YXVsdHMvdjJhUmNtLXB3c2gtdGVzdC9yZXBsaWNhdGlvblBvbGljaWVzL2NyYXNoY29uc2lzdGVuY3ktcG9saWN5LWZhaWxiYWNrP2FwaS12ZXJzaW9uPTIwMjEtMDItMTA=",
      "RequestMethod": "GET",
      "RequestBody": "",
      "RequestHeaders": {
        "x-ms-client-request-id": [
          "8b9de32e-1a44-434d-865a-a75f27329987"
        ],
        "Accept-Language": [
          "en-US"
        ],
        "Agent-Authentication": [
          "{\"NotBeforeTimestamp\":\"\\/Date(1616042901903)\\/\",\"NotAfterTimestamp\":\"\\/Date(1616647701903)\\/\",\"ClientRequestId\":\"f8f4147a-8345-46b5-8f01-0c7f5b138771-2021-03-18 05:48:21Z-Ps\",\"HashFunction\":\"HMACSHA256\",\"Hmac\":\"lOKZP2nxTkkdF6L9AnxIz4r7SJVjVk9GcdNQUJwEXUo=\",\"Version\":{\"Major\":1,\"Minor\":2,\"Build\":-1,\"Revision\":-1,\"MajorRevision\":-1,\"MinorRevision\":-1},\"PropertyBag\":{}}"
        ],
        "User-Agent": [
          "FxVersion/4.6.29812.02",
          "OSName/Windows",
          "OSVersion/Microsoft.Windows.10.0.19042.",
          "Microsoft.Azure.Management.RecoveryServices.SiteRecovery.SiteRecoveryManagementClient/2.1.4.0"
        ]
      },
      "ResponseHeaders": {
        "Cache-Control": [
          "no-cache"
        ],
        "Pragma": [
          "no-cache"
        ],
        "x-ms-ratelimit-remaining-subscription-reads": [
          "11988"
        ],
        "Server": [
          "Microsoft-IIS/10.0",
          "Kestrel"
        ],
        "Strict-Transport-Security": [
          "max-age=31536000; includeSubDomains"
        ],
        "x-ms-request-id": [
          "8b9de32e-1a44-434d-865a-a75f27329987 3/18/2021 5:48:22 AM"
        ],
        "X-Content-Type-Options": [
          "nosniff"
        ],
        "x-ms-client-request-id": [
          "8b9de32e-1a44-434d-865a-a75f27329987"
        ],
        "x-ms-correlation-request-id": [
          "6f834ca8-426d-41f1-a787-7fa4ef4dc79a"
        ],
        "x-ms-routing-request-id": [
          "CENTRALUSEUAP:20210318T054822Z:6f834ca8-426d-41f1-a787-7fa4ef4dc79a"
        ],
        "Date": [
          "Thu, 18 Mar 2021 05:48:21 GMT"
        ],
        "Content-Length": [
          "508"
        ],
        "Content-Type": [
          "application/json"
        ],
        "Expires": [
          "-1"
        ]
      },
      "ResponseBody": "{\r\n  \"id\": \"/Subscriptions/7c943c1b-5122-4097-90c8-861411bdd574/resourceGroups/vmwaresrcrg/providers/Microsoft.RecoveryServices/vaults/v2aRcm-pwsh-test/replicationPolicies/crashconsistency-policy-failback\",\r\n  \"name\": \"crashconsistency-policy-failback\",\r\n  \"type\": \"Microsoft.RecoveryServices/vaults/replicationPolicies\",\r\n  \"properties\": {\r\n    \"friendlyName\": \"crashconsistency-policy-failback\",\r\n    \"providerSpecificDetails\": {\r\n      \"instanceType\": \"InMageRcmFailback\",\r\n      \"appConsistentFrequencyInMinutes\": 0,\r\n      \"crashConsistentFrequencyInMinutes\": 5\r\n    }\r\n  }\r\n}",
      "StatusCode": 200
    },
    {
      "RequestUri": "/subscriptions/7c943c1b-5122-4097-90c8-861411bdd574/resourceGroups/vmwaresrcrg/providers/Microsoft.RecoveryServices/vaults/v2aRcm-pwsh-test/replicationPolicies/24-hour-replication-policy?api-version=2021-02-10",
      "EncodedRequestUri": "L3N1YnNjcmlwdGlvbnMvN2M5NDNjMWItNTEyMi00MDk3LTkwYzgtODYxNDExYmRkNTc0L3Jlc291cmNlR3JvdXBzL3Ztd2FyZXNyY3JnL3Byb3ZpZGVycy9NaWNyb3NvZnQuUmVjb3ZlcnlTZXJ2aWNlcy92YXVsdHMvdjJhUmNtLXB3c2gtdGVzdC9yZXBsaWNhdGlvblBvbGljaWVzLzI0LWhvdXItcmVwbGljYXRpb24tcG9saWN5P2FwaS12ZXJzaW9uPTIwMjEtMDItMTA=",
      "RequestMethod": "GET",
      "RequestBody": "",
      "RequestHeaders": {
        "x-ms-client-request-id": [
          "8b9de32e-1a44-434d-865a-a75f27329987"
        ],
        "Accept-Language": [
          "en-US"
        ],
        "Agent-Authentication": [
          "{\"NotBeforeTimestamp\":\"\\/Date(1616042902228)\\/\",\"NotAfterTimestamp\":\"\\/Date(1616647702228)\\/\",\"ClientRequestId\":\"fb8c1a24-7249-4d25-a622-52bcea7fba4e-2021-03-18 05:48:22Z-Ps\",\"HashFunction\":\"HMACSHA256\",\"Hmac\":\"XGzIJgzM87nHndLPsx4smyKWcYIjIQn6Hhm8ri1Lt7M=\",\"Version\":{\"Major\":1,\"Minor\":2,\"Build\":-1,\"Revision\":-1,\"MajorRevision\":-1,\"MinorRevision\":-1},\"PropertyBag\":{}}"
        ],
        "User-Agent": [
          "FxVersion/4.6.29812.02",
          "OSName/Windows",
          "OSVersion/Microsoft.Windows.10.0.19042.",
          "Microsoft.Azure.Management.RecoveryServices.SiteRecovery.SiteRecoveryManagementClient/2.1.4.0"
        ]
      },
      "ResponseHeaders": {
        "Cache-Control": [
          "no-cache"
        ],
        "Pragma": [
          "no-cache"
        ],
        "x-ms-ratelimit-remaining-subscription-reads": [
          "11987"
        ],
        "Server": [
          "Microsoft-IIS/10.0",
          "Kestrel"
        ],
        "Strict-Transport-Security": [
          "max-age=31536000; includeSubDomains"
        ],
        "x-ms-request-id": [
          "8b9de32e-1a44-434d-865a-a75f27329987 3/18/2021 5:48:22 AM"
        ],
        "X-Content-Type-Options": [
          "nosniff"
        ],
        "x-ms-client-request-id": [
          "8b9de32e-1a44-434d-865a-a75f27329987"
        ],
        "x-ms-correlation-request-id": [
          "f3f55921-b006-460e-9cc1-9d688bad332c"
        ],
        "x-ms-routing-request-id": [
          "CENTRALUSEUAP:20210318T054822Z:f3f55921-b006-460e-9cc1-9d688bad332c"
        ],
        "Date": [
          "Thu, 18 Mar 2021 05:48:21 GMT"
        ],
        "Content-Length": [
          "549"
        ],
        "Content-Type": [
          "application/json"
        ],
        "Expires": [
          "-1"
        ]
      },
      "ResponseBody": "{\r\n  \"id\": \"/Subscriptions/7c943c1b-5122-4097-90c8-861411bdd574/resourceGroups/vmwaresrcrg/providers/Microsoft.RecoveryServices/vaults/v2aRcm-pwsh-test/replicationPolicies/24-hour-replication-policy\",\r\n  \"name\": \"24-hour-replication-policy\",\r\n  \"type\": \"Microsoft.RecoveryServices/vaults/replicationPolicies\",\r\n  \"properties\": {\r\n    \"friendlyName\": \"24-hour-replication-policy\",\r\n    \"providerSpecificDetails\": {\r\n      \"instanceType\": \"InMageRcm\",\r\n      \"recoveryPointHistoryInMinutes\": 4320,\r\n      \"appConsistentFrequencyInMinutes\": 240,\r\n      \"crashConsistentFrequencyInMinutes\": 5,\r\n      \"enableMultiVmSync\": \"false\"\r\n    }\r\n  }\r\n}",
      "StatusCode": 200
    }
  ],
  "Names": {},
  "Variables": {
    "SubscriptionId": "7c943c1b-5122-4097-90c8-861411bdd574"
  }
}