{
  "Entries": [
    {
      "RequestUri": "/subscriptions/7b96cb02-4663-40f4-9a89-603d3849e46a/providers/Microsoft.Resources?api-version=2016-09-01",
      "EncodedRequestUri": "L3N1YnNjcmlwdGlvbnMvN2I5NmNiMDItNDY2My00MGY0LTlhODktNjAzZDM4NDllNDZhL3Byb3ZpZGVycy9NaWNyb3NvZnQuUmVzb3VyY2VzP2FwaS12ZXJzaW9uPTIwMTYtMDktMDE=",
      "RequestMethod": "GET",
      "RequestBody": "",
      "RequestHeaders": {
        "x-ms-client-request-id": [
          "ca2af163-e2a8-4dc4-8fb7-2e9a03baf97f"
        ],
        "Accept-Language": [
          "en-US"
        ],
        "User-Agent": [
          "FxVersion/4.6.27414.06",
          "OSName/Windows",
          "OSVersion/Microsoft.Windows.10.0.14393.",
          "Microsoft.Azure.Management.Internal.Resources.ResourceManagementClient/1.2.0"
        ]
      },
      "ResponseHeaders": {
        "Cache-Control": [
          "no-cache"
        ],
        "Pragma": [
          "no-cache"
        ],
        "x-ms-ratelimit-remaining-subscription-reads": [
          "11995"
        ],
        "x-ms-request-id": [
          "5eeefa02-b6ae-42b8-af29-a4527d3d5848"
        ],
        "x-ms-correlation-request-id": [
          "5eeefa02-b6ae-42b8-af29-a4527d3d5848"
        ],
        "x-ms-routing-request-id": [
          "WESTUS2:20190507T215830Z:5eeefa02-b6ae-42b8-af29-a4527d3d5848"
        ],
        "Strict-Transport-Security": [
          "max-age=31536000; includeSubDomains"
        ],
        "X-Content-Type-Options": [
          "nosniff"
        ],
        "Date": [
          "Tue, 07 May 2019 21:58:29 GMT"
        ],
        "Content-Type": [
          "application/json; charset=utf-8"
        ],
        "Expires": [
          "-1"
        ],
        "Content-Length": [
          "7478"
        ]
      },
      "ResponseBody": "{\r\n  \"id\": \"/subscriptions/7b96cb02-4663-40f4-9a89-603d3849e46a/providers/Microsoft.Resources\",\r\n  \"namespace\": \"Microsoft.Resources\",\r\n  \"resourceTypes\": [\r\n    {\r\n      \"resourceType\": \"tenants\",\r\n      \"locations\": [],\r\n      \"apiVersions\": [\r\n        \"2018-11-01\",\r\n        \"2018-09-01\",\r\n        \"2018-08-01\",\r\n        \"2018-07-01\",\r\n        \"2018-05-01\",\r\n        \"2018-02-01\",\r\n        \"2018-01-01\",\r\n        \"2017-08-01\",\r\n        \"2017-06-01\",\r\n        \"2017-05-10\",\r\n        \"2017-05-01\",\r\n        \"2017-03-01\",\r\n        \"2016-09-01\",\r\n        \"2016-07-01\",\r\n        \"2016-06-01\",\r\n        \"2016-02-01\",\r\n        \"2015-11-01\",\r\n        \"2015-01-01\",\r\n        \"2014-04-01-preview\"\r\n      ]\r\n    },\r\n    {\r\n      \"resourceType\": \"locations\",\r\n      \"locations\": [],\r\n      \"apiVersions\": [\r\n        \"2018-11-01\",\r\n        \"2018-09-01\",\r\n        \"2018-08-01\",\r\n        \"2018-07-01\",\r\n        \"2018-05-01\",\r\n        \"2018-02-01\",\r\n        \"2018-01-01\",\r\n        \"2017-08-01\",\r\n        \"2017-06-01\",\r\n        \"2017-05-10\",\r\n        \"2017-05-01\",\r\n        \"2017-03-01\",\r\n        \"2016-09-01\",\r\n        \"2016-07-01\",\r\n        \"2016-06-01\",\r\n        \"2016-02-01\",\r\n        \"2015-11-01\",\r\n        \"2015-01-01\",\r\n        \"2014-04-01-preview\"\r\n      ]\r\n    },\r\n    {\r\n      \"resourceType\": \"notifyResourceJobs\",\r\n      \"locations\": [],\r\n      \"apiVersions\": [\r\n        \"2018-02-01\"\r\n      ]\r\n    },\r\n    {\r\n      \"resourceType\": \"tags\",\r\n      \"locations\": [],\r\n      \"apiVersions\": [\r\n        \"2018-11-01\"\r\n      ]\r\n    },\r\n    {\r\n      \"resourceType\": \"checkPolicyCompliance\",\r\n      \"locations\": [],\r\n      \"apiVersions\": [\r\n        \"2018-11-01\",\r\n        \"2018-09-01\",\r\n        \"2018-08-01\",\r\n        \"2018-07-01\",\r\n        \"2018-05-01\",\r\n        \"2018-02-01\",\r\n        \"2018-01-01\",\r\n        \"2017-08-01\",\r\n        \"2017-06-01\",\r\n        \"2017-05-10\",\r\n        \"2017-05-01\",\r\n        \"2017-03-01\",\r\n        \"2016-09-01\",\r\n        \"2016-07-01\",\r\n        \"2016-06-01\",\r\n        \"2016-02-01\",\r\n        \"2015-11-01\",\r\n        \"2015-01-01\",\r\n        \"2014-04-01-preview\"\r\n      ]\r\n    },\r\n    {\r\n      \"resourceType\": \"providers\",\r\n      \"locations\": [],\r\n      \"apiVersions\": [\r\n        \"2019-03-01\",\r\n        \"2018-11-01\",\r\n        \"2018-09-01\",\r\n        \"2018-08-01\",\r\n        \"2018-07-01\",\r\n        \"2018-05-01\",\r\n        \"2018-02-01\",\r\n        \"2018-01-01\",\r\n        \"2017-08-01\",\r\n        \"2017-06-01\",\r\n        \"2017-05-10\",\r\n        \"2017-05-01\",\r\n        \"2017-03-01\",\r\n        \"2016-09-01\",\r\n        \"2016-07-01\",\r\n        \"2016-06-01\",\r\n        \"2016-02-01\",\r\n        \"2015-11-01\",\r\n        \"2015-01-01\",\r\n        \"2014-04-01-preview\"\r\n      ]\r\n    },\r\n    {\r\n      \"resourceType\": \"checkresourcename\",\r\n      \"locations\": [],\r\n      \"apiVersions\": [\r\n        \"2018-11-01\",\r\n        \"2018-09-01\",\r\n        \"2018-08-01\",\r\n        \"2018-07-01\",\r\n        \"2018-05-01\",\r\n        \"2018-02-01\",\r\n        \"2018-01-01\",\r\n        \"2017-08-01\",\r\n        \"2017-06-01\",\r\n        \"2017-05-10\",\r\n        \"2017-05-01\",\r\n        \"2017-03-01\",\r\n        \"2016-09-01\",\r\n        \"2016-07-01\",\r\n        \"2016-06-01\",\r\n        \"2016-02-01\",\r\n        \"2015-11-01\",\r\n        \"2015-01-01\",\r\n        \"2014-04-01-preview\"\r\n      ]\r\n    },\r\n    {\r\n      \"resourceType\": \"resources\",\r\n      \"locations\": [],\r\n      \"apiVersions\": [\r\n        \"2018-11-01\",\r\n        \"2018-09-01\",\r\n        \"2018-08-01\",\r\n        \"2018-07-01\",\r\n        \"2018-05-01\",\r\n        \"2018-02-01\",\r\n        \"2018-01-01\",\r\n        \"2017-08-01\",\r\n        \"2017-06-01\",\r\n        \"2017-05-10\",\r\n        \"2017-05-01\",\r\n        \"2017-03-01\",\r\n        \"2016-09-01\",\r\n        \"2016-07-01\",\r\n        \"2016-06-01\",\r\n        \"2016-02-01\",\r\n        \"2015-11-01\",\r\n        \"2015-01-01\",\r\n        \"2014-04-01-preview\"\r\n      ]\r\n    },\r\n    {\r\n      \"resourceType\": \"subscriptions\",\r\n      \"locations\": [],\r\n      \"apiVersions\": [\r\n        \"2018-11-01\",\r\n        \"2018-09-01\",\r\n        \"2018-08-01\",\r\n        \"2018-07-01\",\r\n        \"2018-05-01\",\r\n        \"2018-02-01\",\r\n        \"2018-01-01\",\r\n        \"2017-08-01\",\r\n        \"2017-06-01\",\r\n        \"2017-05-10\",\r\n        \"2017-05-01\",\r\n        \"2017-03-01\",\r\n        \"2016-09-01\",\r\n        \"2016-07-01\",\r\n        \"2016-06-01\",\r\n        \"2016-02-01\",\r\n        \"2015-11-01\",\r\n        \"2015-01-01\",\r\n        \"2014-04-01-preview\"\r\n      ]\r\n    },\r\n    {\r\n      \"resourceType\": \"subscriptions/resources\",\r\n      \"locations\": [],\r\n      \"apiVersions\": [\r\n        \"2018-11-01\",\r\n        \"2018-09-01\",\r\n        \"2018-08-01\",\r\n        \"2018-07-01\",\r\n        \"2018-05-01\",\r\n        \"2018-02-01\",\r\n        \"2018-01-01\",\r\n        \"2017-08-01\",\r\n        \"2017-06-01\",\r\n        \"2017-05-10\",\r\n        \"2017-05-01\",\r\n        \"2017-03-01\",\r\n        \"2016-09-01\",\r\n        \"2016-07-01\",\r\n        \"2016-06-01\",\r\n        \"2016-02-01\",\r\n        \"2015-11-01\",\r\n        \"2015-01-01\",\r\n        \"2014-04-01-preview\"\r\n      ]\r\n    },\r\n    {\r\n      \"resourceType\": \"subscriptions/providers\",\r\n      \"locations\": [],\r\n      \"apiVersions\": [\r\n        \"2018-11-01\",\r\n        \"2018-09-01\",\r\n        \"2018-08-01\",\r\n        \"2018-07-01\",\r\n        \"2018-05-01\",\r\n        \"2018-02-01\",\r\n        \"2018-01-01\",\r\n        \"2017-08-01\",\r\n        \"2017-06-01\",\r\n        \"2017-05-10\",\r\n        \"2017-05-01\",\r\n        \"2017-03-01\",\r\n        \"2016-09-01\",\r\n        \"2016-07-01\",\r\n        \"2016-06-01\",\r\n        \"2016-02-01\",\r\n        \"2015-11-01\",\r\n        \"2015-01-01\",\r\n        \"2014-04-01-preview\"\r\n      ]\r\n    },\r\n    {\r\n      \"resourceType\": \"subscriptions/operationresults\",\r\n      \"locations\": [],\r\n      \"apiVersions\": [\r\n        \"2018-11-01\",\r\n        \"2018-09-01\",\r\n        \"2018-08-01\",\r\n        \"2018-07-01\",\r\n        \"2018-05-01\",\r\n        \"2018-02-01\",\r\n        \"2018-01-01\",\r\n        \"2017-08-01\",\r\n        \"2017-06-01\",\r\n        \"2017-05-10\",\r\n        \"2017-05-01\",\r\n        \"2017-03-01\",\r\n        \"2016-09-01\",\r\n        \"2016-07-01\",\r\n        \"2016-06-01\",\r\n        \"2016-02-01\",\r\n        \"2015-11-01\",\r\n        \"2015-01-01\",\r\n        \"2014-04-01-preview\"\r\n      ]\r\n    },\r\n    {\r\n      \"resourceType\": \"resourceGroups\",\r\n      \"locations\": [\r\n        \"Central US\",\r\n        \"East Asia\",\r\n        \"Southeast Asia\",\r\n        \"East US\",\r\n        \"East US 2\",\r\n        \"West US\",\r\n        \"West US 2\",\r\n        \"North Central US\",\r\n        \"South Central US\",\r\n        \"West Central US\",\r\n        \"North Europe\",\r\n        \"West Europe\",\r\n        \"Japan East\",\r\n        \"Japan West\",\r\n        \"Brazil South\",\r\n        \"Australia Southeast\",\r\n        \"Australia East\",\r\n        \"West India\",\r\n        \"South India\",\r\n        \"Central India\",\r\n        \"Canada Central\",\r\n        \"Canada East\",\r\n        \"UK South\",\r\n        \"UK West\",\r\n        \"Korea Central\",\r\n        \"Korea South\",\r\n        \"France Central\",\r\n        \"South Africa North\",\r\n        \"East US 2 EUAP\",\r\n        \"Central US EUAP\"\r\n      ],\r\n      \"apiVersions\": [\r\n        \"2018-11-01\",\r\n        \"2018-09-01\",\r\n        \"2018-08-01\",\r\n        \"2018-07-01\",\r\n        \"2018-05-01\",\r\n        \"2018-02-01\",\r\n        \"2018-01-01\",\r\n        \"2017-08-01\",\r\n        \"2017-06-01\",\r\n        \"2017-05-10\",\r\n        \"2017-05-01\",\r\n        \"2017-03-01\",\r\n        \"2016-09-01\",\r\n        \"2016-07-01\",\r\n        \"2016-06-01\",\r\n        \"2016-02-01\",\r\n        \"2015-11-01\",\r\n        \"2015-01-01\",\r\n        \"2014-04-01-preview\"\r\n      ]\r\n    },\r\n    {\r\n      \"resourceType\": \"subscriptions/resourceGroups\",\r\n      \"locations\": [\r\n        \"Central US\",\r\n        \"East Asia\",\r\n        \"Southeast Asia\",\r\n        \"East US\",\r\n        \"East US 2\",\r\n        \"West US\",\r\n        \"West US 2\",\r\n        \"North Central US\",\r\n        \"South Central US\",\r\n        \"West Central US\",\r\n        \"North Europe\",\r\n        \"West Europe\",\r\n        \"Japan East\",\r\n        \"Japan West\",\r\n        \"Brazil South\",\r\n        \"Australia Southeast\",\r\n        \"Australia East\",\r\n        \"West India\",\r\n        \"South India\",\r\n        \"Central India\",\r\n        \"Canada Central\",\r\n        \"Canada East\",\r\n        \"UK South\",\r\n        \"UK West\",\r\n        \"Korea Central\",\r\n        \"Korea South\",\r\n        \"France Central\",\r\n        \"South Africa North\",\r\n        \"East US 2 EUAP\",\r\n        \"Central US EUAP\"\r\n      ],\r\n      \"apiVersions\": [\r\n        \"2018-11-01\",\r\n        \"2018-09-01\",\r\n        \"2018-08-01\",\r\n        \"2018-07-01\",\r\n        \"2018-05-01\",\r\n        \"2018-02-01\",\r\n        \"2018-01-01\",\r\n        \"2017-08-01\",\r\n        \"2017-06-01\",\r\n        \"2017-05-10\",\r\n        \"2017-05-01\",\r\n        \"2017-03-01\",\r\n        \"2016-09-01\",\r\n        \"2016-07-01\",\r\n        \"2016-06-01\",\r\n        \"2016-02-01\",\r\n        \"2015-11-01\",\r\n        \"2015-01-01\",\r\n        \"2014-04-01-preview\"\r\n      ]\r\n    },\r\n    {\r\n      \"resourceType\": \"subscriptions/resourcegroups/resources\",\r\n      \"locations\": [],\r\n      \"apiVersions\": [\r\n        \"2018-11-01\",\r\n        \"2018-09-01\",\r\n        \"2018-08-01\",\r\n        \"2018-07-01\",\r\n        \"2018-05-01\",\r\n        \"2018-02-01\",\r\n        \"2018-01-01\",\r\n        \"2017-08-01\",\r\n        \"2017-06-01\",\r\n        \"2017-05-10\",\r\n        \"2017-05-01\",\r\n        \"2017-03-01\",\r\n        \"2016-09-01\",\r\n        \"2016-07-01\",\r\n        \"2016-06-01\",\r\n        \"2016-02-01\",\r\n        \"2015-11-01\",\r\n        \"2015-01-01\",\r\n        \"2014-04-01-preview\"\r\n      ]\r\n    },\r\n    {\r\n      \"resourceType\": \"subscriptions/locations\",\r\n      \"locations\": [],\r\n      \"apiVersions\": [\r\n        \"2018-11-01\",\r\n        \"2018-09-01\",\r\n        \"2018-08-01\",\r\n        \"2018-07-01\",\r\n        \"2018-05-01\",\r\n        \"2018-02-01\",\r\n        \"2018-01-01\",\r\n        \"2017-08-01\",\r\n        \"2017-06-01\",\r\n        \"2017-05-10\",\r\n        \"2017-05-01\",\r\n        \"2017-03-01\",\r\n        \"2016-09-01\",\r\n        \"2016-07-01\",\r\n        \"2016-06-01\",\r\n        \"2016-02-01\",\r\n        \"2015-11-01\",\r\n        \"2015-01-01\",\r\n        \"2014-04-01-preview\"\r\n      ]\r\n    },\r\n    {\r\n      \"resourceType\": \"subscriptions/tagnames\",\r\n      \"locations\": [],\r\n      \"apiVersions\": [\r\n        \"2018-11-01\",\r\n        \"2018-09-01\",\r\n        \"2018-08-01\",\r\n        \"2018-07-01\",\r\n        \"2018-05-01\",\r\n        \"2018-02-01\",\r\n        \"2018-01-01\",\r\n        \"2017-08-01\",\r\n        \"2017-06-01\",\r\n        \"2017-05-10\",\r\n        \"2017-05-01\",\r\n        \"2017-03-01\",\r\n        \"2016-09-01\",\r\n        \"2016-07-01\",\r\n        \"2016-06-01\",\r\n        \"2016-02-01\",\r\n        \"2015-11-01\",\r\n        \"2015-01-01\",\r\n        \"2014-04-01-preview\"\r\n      ]\r\n    },\r\n    {\r\n      \"resourceType\": \"subscriptions/tagNames/tagValues\",\r\n      \"locations\": [],\r\n      \"apiVersions\": [\r\n        \"2018-11-01\",\r\n        \"2018-09-01\",\r\n        \"2018-08-01\",\r\n        \"2018-07-01\",\r\n        \"2018-05-01\",\r\n        \"2018-02-01\",\r\n        \"2018-01-01\",\r\n        \"2017-08-01\",\r\n        \"2017-06-01\",\r\n        \"2017-05-10\",\r\n        \"2017-05-01\",\r\n        \"2017-03-01\",\r\n        \"2016-09-01\",\r\n        \"2016-07-01\",\r\n        \"2016-06-01\",\r\n        \"2016-02-01\",\r\n        \"2015-11-01\",\r\n        \"2015-01-01\",\r\n        \"2014-04-01-preview\"\r\n      ]\r\n    },\r\n    {\r\n      \"resourceType\": \"deployments\",\r\n      \"locations\": [],\r\n      \"apiVersions\": [\r\n        \"2018-11-01\",\r\n        \"2018-09-01\",\r\n        \"2018-08-01\",\r\n        \"2018-07-01\",\r\n        \"2018-05-01\",\r\n        \"2018-02-01\",\r\n        \"2018-01-01\",\r\n        \"2017-08-01\",\r\n        \"2017-06-01\",\r\n        \"2017-05-10\",\r\n        \"2017-05-01\",\r\n        \"2017-03-01\",\r\n        \"2016-09-01\",\r\n        \"2016-07-01\",\r\n        \"2016-06-01\",\r\n        \"2016-02-01\",\r\n        \"2015-11-01\",\r\n        \"2015-01-01\",\r\n        \"2014-04-01-preview\"\r\n      ]\r\n    },\r\n    {\r\n      \"resourceType\": \"deployments/operations\",\r\n      \"locations\": [],\r\n      \"apiVersions\": [\r\n        \"2018-11-01\",\r\n        \"2018-09-01\",\r\n        \"2018-08-01\",\r\n        \"2018-07-01\",\r\n        \"2018-05-01\",\r\n        \"2018-02-01\",\r\n        \"2018-01-01\",\r\n        \"2017-08-01\",\r\n        \"2017-06-01\",\r\n        \"2017-05-10\",\r\n        \"2017-05-01\",\r\n        \"2017-03-01\",\r\n        \"2016-09-01\",\r\n        \"2016-07-01\",\r\n        \"2016-06-01\",\r\n        \"2016-02-01\",\r\n        \"2015-11-01\",\r\n        \"2015-01-01\",\r\n        \"2014-04-01-preview\"\r\n      ]\r\n    },\r\n    {\r\n      \"resourceType\": \"links\",\r\n      \"locations\": [],\r\n      \"apiVersions\": [\r\n        \"2018-11-01\",\r\n        \"2018-09-01\",\r\n        \"2018-08-01\",\r\n        \"2018-07-01\",\r\n        \"2018-05-01\",\r\n        \"2018-02-01\",\r\n        \"2018-01-01\",\r\n        \"2017-08-01\",\r\n        \"2017-06-01\",\r\n        \"2017-05-10\",\r\n        \"2017-05-01\",\r\n        \"2017-03-01\",\r\n        \"2016-09-01\",\r\n        \"2016-07-01\",\r\n        \"2016-06-01\",\r\n        \"2016-02-01\",\r\n        \"2015-11-01\",\r\n        \"2015-01-01\",\r\n        \"2014-04-01-preview\"\r\n      ]\r\n    },\r\n    {\r\n      \"resourceType\": \"operations\",\r\n      \"locations\": [],\r\n      \"apiVersions\": [\r\n        \"2015-01-01\"\r\n      ]\r\n    }\r\n  ],\r\n  \"registrationState\": \"Registered\"\r\n}",
      "StatusCode": 200
    },
    {
      "RequestUri": "/subscriptions/7b96cb02-4663-40f4-9a89-603d3849e46a/providers/Microsoft.StorageSync?api-version=2016-09-01",
      "EncodedRequestUri": "L3N1YnNjcmlwdGlvbnMvN2I5NmNiMDItNDY2My00MGY0LTlhODktNjAzZDM4NDllNDZhL3Byb3ZpZGVycy9NaWNyb3NvZnQuU3RvcmFnZVN5bmM/YXBpLXZlcnNpb249MjAxNi0wOS0wMQ==",
      "RequestMethod": "GET",
      "RequestBody": "",
      "RequestHeaders": {
        "x-ms-client-request-id": [
          "fe6ffa0c-5508-47eb-a518-0582b5907cc7"
        ],
        "Accept-Language": [
          "en-US"
        ],
        "User-Agent": [
          "FxVersion/4.6.27414.06",
          "OSName/Windows",
          "OSVersion/Microsoft.Windows.10.0.14393.",
          "Microsoft.Azure.Management.Internal.Resources.ResourceManagementClient/1.2.0"
        ]
      },
      "ResponseHeaders": {
        "Cache-Control": [
          "no-cache"
        ],
        "Pragma": [
          "no-cache"
        ],
        "x-ms-ratelimit-remaining-subscription-reads": [
          "11994"
        ],
        "x-ms-request-id": [
          "39f7685d-81f1-4f34-aeeb-e0eea5c672bb"
        ],
        "x-ms-correlation-request-id": [
          "39f7685d-81f1-4f34-aeeb-e0eea5c672bb"
        ],
        "x-ms-routing-request-id": [
          "WESTUS2:20190507T215830Z:39f7685d-81f1-4f34-aeeb-e0eea5c672bb"
        ],
        "Strict-Transport-Security": [
          "max-age=31536000; includeSubDomains"
        ],
        "X-Content-Type-Options": [
          "nosniff"
        ],
        "Date": [
          "Tue, 07 May 2019 21:58:29 GMT"
        ],
        "Content-Type": [
          "application/json; charset=utf-8"
        ],
        "Expires": [
          "-1"
        ],
        "Content-Length": [
          "5109"
        ]
      },
      "ResponseBody": "{\r\n  \"id\": \"/subscriptions/7b96cb02-4663-40f4-9a89-603d3849e46a/providers/Microsoft.StorageSync\",\r\n  \"namespace\": \"Microsoft.StorageSync\",\r\n  \"authorizations\": [\r\n    {\r\n      \"applicationId\": \"9469b9f5-6722-4481-a2b2-14ed560b706f\"\r\n    }\r\n  ],\r\n  \"resourceTypes\": [\r\n    {\r\n      \"resourceType\": \"storageSyncServices\",\r\n      \"locations\": [\r\n        \"West US\",\r\n        \"West Europe\",\r\n        \"North Europe\",\r\n        \"Southeast Asia\",\r\n        \"East Asia\",\r\n        \"Australia East\",\r\n        \"Australia Southeast\",\r\n        \"East US\",\r\n        \"Canada Central\",\r\n        \"Canada East\",\r\n        \"Central US\",\r\n        \"East US 2\",\r\n        \"UK South\",\r\n        \"UK West\",\r\n        \"Central India\",\r\n        \"South India\",\r\n        \"North Central US\",\r\n        \"South Central US\",\r\n        \"Brazil South\",\r\n        \"Japan East\",\r\n        \"Japan West\",\r\n        \"Korea Central\",\r\n        \"Korea South\",\r\n        \"West Central US\",\r\n        \"Central US EUAP\",\r\n        \"West US 2\",\r\n        \"East US 2 EUAP\"\r\n      ],\r\n      \"apiVersions\": [\r\n        \"2019-02-01\",\r\n        \"2018-10-01\",\r\n        \"2018-07-01\",\r\n        \"2018-04-02\",\r\n        \"2018-01-01-preview\",\r\n        \"2017-06-05-preview\"\r\n      ],\r\n      \"capabilities\": \"CrossResourceGroupResourceMove, CrossSubscriptionResourceMove\"\r\n    },\r\n    {\r\n      \"resourceType\": \"storageSyncServices/syncGroups\",\r\n      \"locations\": [\r\n        \"West US\",\r\n        \"West Europe\",\r\n        \"North Europe\",\r\n        \"Southeast Asia\",\r\n        \"East Asia\",\r\n        \"Australia East\",\r\n        \"Australia Southeast\",\r\n        \"East US\",\r\n        \"Canada Central\",\r\n        \"Canada East\",\r\n        \"Central US\",\r\n        \"East US 2\",\r\n        \"UK South\",\r\n        \"UK West\",\r\n        \"Central India\",\r\n        \"South India\",\r\n        \"North Central US\",\r\n        \"South Central US\",\r\n        \"Brazil South\",\r\n        \"Japan East\",\r\n        \"Japan West\",\r\n        \"Korea Central\",\r\n        \"Korea South\",\r\n        \"West Central US\",\r\n        \"Central US EUAP\",\r\n        \"West US 2\",\r\n        \"East US 2 EUAP\"\r\n      ],\r\n      \"apiVersions\": [\r\n        \"2019-02-01\",\r\n        \"2018-10-01\",\r\n        \"2018-07-01\",\r\n        \"2018-04-02\",\r\n        \"2018-01-01-preview\",\r\n        \"2017-06-05-preview\"\r\n      ]\r\n    },\r\n    {\r\n      \"resourceType\": \"storageSyncServices/syncGroups/cloudEndpoints\",\r\n      \"locations\": [\r\n        \"West US\",\r\n        \"West Europe\",\r\n        \"North Europe\",\r\n        \"Southeast Asia\",\r\n        \"East Asia\",\r\n        \"Australia East\",\r\n        \"Australia Southeast\",\r\n        \"East US\",\r\n        \"Canada Central\",\r\n        \"Canada East\",\r\n        \"Central US\",\r\n        \"East US 2\",\r\n        \"UK South\",\r\n        \"UK West\",\r\n        \"Central India\",\r\n        \"South India\",\r\n        \"North Central US\",\r\n        \"South Central US\",\r\n        \"Brazil South\",\r\n        \"Japan East\",\r\n        \"Japan West\",\r\n        \"Korea Central\",\r\n        \"Korea South\",\r\n        \"West Central US\",\r\n        \"Central US EUAP\",\r\n        \"West US 2\",\r\n        \"East US 2 EUAP\"\r\n      ],\r\n      \"apiVersions\": [\r\n        \"2019-02-01\",\r\n        \"2018-10-01\",\r\n        \"2018-07-01\",\r\n        \"2018-04-02\",\r\n        \"2018-01-01-preview\",\r\n        \"2017-06-05-preview\"\r\n      ]\r\n    },\r\n    {\r\n      \"resourceType\": \"storageSyncServices/syncGroups/serverEndpoints\",\r\n      \"locations\": [\r\n        \"West US\",\r\n        \"West Europe\",\r\n        \"North Europe\",\r\n        \"Southeast Asia\",\r\n        \"East Asia\",\r\n        \"Australia East\",\r\n        \"Australia Southeast\",\r\n        \"East US\",\r\n        \"Canada Central\",\r\n        \"Canada East\",\r\n        \"Central US\",\r\n        \"East US 2\",\r\n        \"UK South\",\r\n        \"UK West\",\r\n        \"Central India\",\r\n        \"South India\",\r\n        \"North Central US\",\r\n        \"South Central US\",\r\n        \"Brazil South\",\r\n        \"Japan East\",\r\n        \"Japan West\",\r\n        \"Korea Central\",\r\n        \"Korea South\",\r\n        \"West Central US\",\r\n        \"Central US EUAP\",\r\n        \"West US 2\",\r\n        \"East US 2 EUAP\"\r\n      ],\r\n      \"apiVersions\": [\r\n        \"2019-02-01\",\r\n        \"2018-10-01\",\r\n        \"2018-07-01\",\r\n        \"2018-04-02\",\r\n        \"2018-01-01-preview\",\r\n        \"2017-06-05-preview\"\r\n      ]\r\n    },\r\n    {\r\n      \"resourceType\": \"storageSyncServices/registeredServers\",\r\n      \"locations\": [\r\n        \"West US\",\r\n        \"West Europe\",\r\n        \"North Europe\",\r\n        \"Southeast Asia\",\r\n        \"East Asia\",\r\n        \"Australia East\",\r\n        \"Australia Southeast\",\r\n        \"East US\",\r\n        \"Canada Central\",\r\n        \"Canada East\",\r\n        \"Central US\",\r\n        \"East US 2\",\r\n        \"UK South\",\r\n        \"UK West\",\r\n        \"Central India\",\r\n        \"South India\",\r\n        \"North Central US\",\r\n        \"South Central US\",\r\n        \"Brazil South\",\r\n        \"Japan East\",\r\n        \"Japan West\",\r\n        \"Korea Central\",\r\n        \"Korea South\",\r\n        \"West Central US\",\r\n        \"Central US EUAP\",\r\n        \"West US 2\",\r\n        \"East US 2 EUAP\"\r\n      ],\r\n      \"apiVersions\": [\r\n        \"2019-02-01\",\r\n        \"2018-10-01\",\r\n        \"2018-07-01\",\r\n        \"2018-04-02\",\r\n        \"2018-01-01-preview\",\r\n        \"2017-06-05-preview\"\r\n      ]\r\n    },\r\n    {\r\n      \"resourceType\": \"storageSyncServices/workflows\",\r\n      \"locations\": [\r\n        \"West US\",\r\n        \"West Europe\",\r\n        \"North Europe\",\r\n        \"Southeast Asia\",\r\n        \"East Asia\",\r\n        \"Australia East\",\r\n        \"Australia Southeast\",\r\n        \"East US\",\r\n        \"Canada Central\",\r\n        \"Canada East\",\r\n        \"Central US\",\r\n        \"East US 2\",\r\n        \"UK South\",\r\n        \"UK West\",\r\n        \"Central India\",\r\n        \"South India\",\r\n        \"North Central US\",\r\n        \"South Central US\",\r\n        \"Brazil South\",\r\n        \"Japan East\",\r\n        \"Japan West\",\r\n        \"Korea Central\",\r\n        \"Korea South\",\r\n        \"West Central US\",\r\n        \"Central US EUAP\",\r\n        \"West US 2\",\r\n        \"East US 2 EUAP\"\r\n      ],\r\n      \"apiVersions\": [\r\n        \"2019-02-01\",\r\n        \"2018-10-01\",\r\n        \"2018-07-01\",\r\n        \"2018-04-02\",\r\n        \"2018-01-01-preview\",\r\n        \"2017-06-05-preview\"\r\n      ]\r\n    },\r\n    {\r\n      \"resourceType\": \"operations\",\r\n      \"locations\": [],\r\n      \"apiVersions\": [\r\n        \"2019-02-01\",\r\n        \"2018-10-01\",\r\n        \"2018-07-01\",\r\n        \"2018-04-02\",\r\n        \"2018-01-01-preview\",\r\n        \"2017-06-05-preview\"\r\n      ]\r\n    },\r\n    {\r\n      \"resourceType\": \"locations\",\r\n      \"locations\": [],\r\n      \"apiVersions\": [\r\n        \"2019-02-01\",\r\n        \"2018-10-01\",\r\n        \"2018-07-01\",\r\n        \"2018-04-02\"\r\n      ]\r\n    },\r\n    {\r\n      \"resourceType\": \"locations/checkNameAvailability\",\r\n      \"locations\": [\r\n        \"West US\",\r\n        \"West Europe\",\r\n        \"North Europe\",\r\n        \"Southeast Asia\",\r\n        \"East Asia\",\r\n        \"Australia East\",\r\n        \"Australia Southeast\",\r\n        \"East US\",\r\n        \"Canada Central\",\r\n        \"Canada East\",\r\n        \"Central US\",\r\n        \"East US 2\",\r\n        \"UK South\",\r\n        \"UK West\",\r\n        \"Central India\",\r\n        \"South India\",\r\n        \"North Central US\",\r\n        \"South Central US\",\r\n        \"Brazil South\",\r\n        \"Japan East\",\r\n        \"Japan West\",\r\n        \"Korea Central\",\r\n        \"Korea South\",\r\n        \"West Central US\",\r\n        \"West US 2\",\r\n        \"Central US EUAP\",\r\n        \"East US 2 EUAP\"\r\n      ],\r\n      \"apiVersions\": [\r\n        \"2019-02-01\",\r\n        \"2018-10-01\",\r\n        \"2018-07-01\",\r\n        \"2018-04-02\"\r\n      ]\r\n    },\r\n    {\r\n      \"resourceType\": \"locations/workflows\",\r\n      \"locations\": [\r\n        \"West US\",\r\n        \"West Europe\",\r\n        \"North Europe\",\r\n        \"Southeast Asia\",\r\n        \"East Asia\",\r\n        \"Australia East\",\r\n        \"Australia Southeast\",\r\n        \"East US\",\r\n        \"Canada Central\",\r\n        \"Canada East\",\r\n        \"Central US\",\r\n        \"East US 2\",\r\n        \"UK South\",\r\n        \"UK West\",\r\n        \"Central India\",\r\n        \"South India\",\r\n        \"North Central US\",\r\n        \"South Central US\",\r\n        \"Brazil South\",\r\n        \"Japan East\",\r\n        \"Japan West\",\r\n        \"Korea Central\",\r\n        \"Korea South\",\r\n        \"West Central US\",\r\n        \"West US 2\",\r\n        \"Central US EUAP\",\r\n        \"East US 2 EUAP\"\r\n      ],\r\n      \"apiVersions\": [\r\n        \"2019-02-01\",\r\n        \"2018-10-01\",\r\n        \"2018-07-01\",\r\n        \"2018-04-02\"\r\n      ]\r\n    }\r\n  ],\r\n  \"registrationState\": \"Registered\"\r\n}",
      "StatusCode": 200
    },
    {
      "RequestUri": "/tenants?api-version=2016-06-01",
      "EncodedRequestUri": "L3RlbmFudHM/YXBpLXZlcnNpb249MjAxNi0wNi0wMQ==",
      "RequestMethod": "GET",
      "RequestBody": "",
      "RequestHeaders": {
        "x-ms-client-request-id": [
          "032321f0-7e94-46c7-a5c0-d3d61f0e24a0"
        ],
        "Accept-Language": [
          "en-US"
        ],
        "User-Agent": [
          "FxVersion/4.6.27414.06",
          "OSName/Windows",
          "OSVersion/Microsoft.Windows.10.0.14393.",
          "Microsoft.Azure.Internal.Subscriptions.SubscriptionClient/1.2.0"
        ]
      },
      "ResponseHeaders": {
        "Cache-Control": [
          "no-cache"
        ],
        "Pragma": [
          "no-cache"
        ],
        "x-ms-ratelimit-remaining-tenant-reads": [
          "11999"
        ],
        "x-ms-request-id": [
          "e17b59ae-1967-4a40-8d4c-2ac00fd5d4f1"
        ],
        "x-ms-correlation-request-id": [
          "e17b59ae-1967-4a40-8d4c-2ac00fd5d4f1"
        ],
        "x-ms-routing-request-id": [
          "WESTUS2:20190507T215830Z:e17b59ae-1967-4a40-8d4c-2ac00fd5d4f1"
        ],
        "Strict-Transport-Security": [
          "max-age=31536000; includeSubDomains"
        ],
        "X-Content-Type-Options": [
          "nosniff"
        ],
        "Date": [
          "Tue, 07 May 2019 21:58:29 GMT"
        ],
        "Content-Type": [
          "application/json; charset=utf-8"
        ],
        "Expires": [
          "-1"
        ],
        "Content-Length": [
          "116"
        ]
      },
      "ResponseBody": "{\r\n  \"value\": [\r\n    {\r\n      \"id\": \"/tenants/0483643a-cb2f-462a-bc27-1a270e5bdc0a\",\r\n      \"tenantId\": \"0483643a-cb2f-462a-bc27-1a270e5bdc0a\"\r\n    }\r\n  ]\r\n}",
      "StatusCode": 200
    },
    {
      "RequestUri": "/subscriptions/7b96cb02-4663-40f4-9a89-603d3849e46a/resourcegroups/ps5347?api-version=2016-09-01",
      "EncodedRequestUri": "L3N1YnNjcmlwdGlvbnMvN2I5NmNiMDItNDY2My00MGY0LTlhODktNjAzZDM4NDllNDZhL3Jlc291cmNlZ3JvdXBzL3BzNTM0Nz9hcGktdmVyc2lvbj0yMDE2LTA5LTAx",
      "RequestMethod": "PUT",
      "RequestBody": "{\r\n  \"location\": \"West US\"\r\n}",
      "RequestHeaders": {
        "x-ms-client-request-id": [
          "a121e8ac-3e44-4a7d-9395-cb461b866c24"
        ],
        "Accept-Language": [
          "en-US"
        ],
        "User-Agent": [
          "FxVersion/4.6.27414.06",
          "OSName/Windows",
          "OSVersion/Microsoft.Windows.10.0.14393.",
          "Microsoft.Azure.Management.Internal.Resources.ResourceManagementClient/1.2.0"
        ],
        "Content-Type": [
          "application/json; charset=utf-8"
        ],
        "Content-Length": [
          "29"
        ]
      },
      "ResponseHeaders": {
        "Cache-Control": [
          "no-cache"
        ],
        "Pragma": [
          "no-cache"
        ],
        "x-ms-ratelimit-remaining-subscription-writes": [
          "1199"
        ],
        "x-ms-request-id": [
          "078bf45f-bd85-4899-9206-40720e77a345"
        ],
        "x-ms-correlation-request-id": [
          "078bf45f-bd85-4899-9206-40720e77a345"
        ],
        "x-ms-routing-request-id": [
          "WESTUS2:20190507T215831Z:078bf45f-bd85-4899-9206-40720e77a345"
        ],
        "Strict-Transport-Security": [
          "max-age=31536000; includeSubDomains"
        ],
        "X-Content-Type-Options": [
          "nosniff"
        ],
        "Date": [
          "Tue, 07 May 2019 21:58:31 GMT"
        ],
        "Content-Length": [
          "165"
        ],
        "Content-Type": [
          "application/json; charset=utf-8"
        ],
        "Expires": [
          "-1"
        ]
      },
      "ResponseBody": "{\r\n  \"id\": \"/subscriptions/7b96cb02-4663-40f4-9a89-603d3849e46a/resourceGroups/ps5347\",\r\n  \"name\": \"ps5347\",\r\n  \"location\": \"westus\",\r\n  \"properties\": {\r\n    \"provisioningState\": \"Succeeded\"\r\n  }\r\n}",
      "StatusCode": 201
    },
    {
      "RequestUri": "/subscriptions/7b96cb02-4663-40f4-9a89-603d3849e46a/providers/Microsoft.StorageSync/locations/CentralUSEUAP/checkNameAvailability?api-version=2019-02-01",
      "EncodedRequestUri": "L3N1YnNjcmlwdGlvbnMvN2I5NmNiMDItNDY2My00MGY0LTlhODktNjAzZDM4NDllNDZhL3Byb3ZpZGVycy9NaWNyb3NvZnQuU3RvcmFnZVN5bmMvbG9jYXRpb25zL0NlbnRyYWxVU0VVQVAvY2hlY2tOYW1lQXZhaWxhYmlsaXR5P2FwaS12ZXJzaW9uPTIwMTktMDItMDE=",
      "RequestMethod": "POST",
      "RequestBody": "{\r\n  \"name\": \"sssps4779\",\r\n  \"type\": \"Microsoft.StorageSync/storageSyncServices\"\r\n}",
      "RequestHeaders": {
        "x-ms-client-request-id": [
          "61e67c13-f85a-41d6-b5f9-c40192561e0a"
        ],
        "Accept-Language": [
          "en-US"
        ],
        "User-Agent": [
          "FxVersion/4.6.27414.06",
          "OSName/Windows",
          "OSVersion/Microsoft.Windows.10.0.14393.",
          "Microsoft.Azure.Management.StorageSync.StorageSyncManagementClient/3.0.0.0"
        ],
        "Content-Type": [
          "application/json; charset=utf-8"
        ],
        "Content-Length": [
          "83"
        ]
      },
      "ResponseHeaders": {
        "Cache-Control": [
          "no-cache"
        ],
        "Pragma": [
          "no-cache"
        ],
        "x-ms-request-id": [
          "8bb23510-b1ba-4a0d-8688-5de1201ce7f9"
        ],
        "X-Content-Type-Options": [
          "nosniff"
        ],
        "Strict-Transport-Security": [
          "max-age=31536000; includeSubDomains"
        ],
        "Server": [
          "Microsoft-IIS/10.0"
        ],
        "X-AspNet-Version": [
          "4.0.30319"
        ],
        "X-Powered-By": [
          "ASP.NET"
        ],
        "x-ms-ratelimit-remaining-subscription-writes": [
          "1199"
        ],
        "x-ms-correlation-request-id": [
          "1b253048-2f19-44a7-a890-01c7b42110fc"
        ],
        "x-ms-routing-request-id": [
          "WESTUS2:20190507T215829Z:1b253048-2f19-44a7-a890-01c7b42110fc"
        ],
        "Date": [
          "Tue, 07 May 2019 21:58:29 GMT"
        ],
        "Content-Length": [
          "51"
        ],
        "Content-Type": [
          "application/json; charset=utf-8"
        ],
        "Expires": [
          "-1"
        ]
      },
      "ResponseBody": "{\r\n  \"nameAvailable\": true,\r\n  \"reason\": null,\r\n  \"message\": null\r\n}",
      "StatusCode": 200
    },
    {
      "RequestUri": "/subscriptions/7b96cb02-4663-40f4-9a89-603d3849e46a/resourceGroups/ps5347/providers/Microsoft.StorageSync/storageSyncServices/sssps4779?api-version=2019-02-01",
      "EncodedRequestUri": "L3N1YnNjcmlwdGlvbnMvN2I5NmNiMDItNDY2My00MGY0LTlhODktNjAzZDM4NDllNDZhL3Jlc291cmNlR3JvdXBzL3BzNTM0Ny9wcm92aWRlcnMvTWljcm9zb2Z0LlN0b3JhZ2VTeW5jL3N0b3JhZ2VTeW5jU2VydmljZXMvc3NzcHM0Nzc5P2FwaS12ZXJzaW9uPTIwMTktMDItMDE=",
      "RequestMethod": "PUT",
      "RequestBody": "{\r\n  \"location\": \"Central US EUAP\",\r\n  \"tags\": {}\r\n}",
      "RequestHeaders": {
        "x-ms-client-request-id": [
          "90799a11-babc-45bb-858e-6aacb10a6bb4"
        ],
        "Accept-Language": [
          "en-US"
        ],
        "User-Agent": [
          "FxVersion/4.6.27414.06",
          "OSName/Windows",
          "OSVersion/Microsoft.Windows.10.0.14393.",
          "Microsoft.Azure.Management.StorageSync.StorageSyncManagementClient/3.0.0.0"
        ],
        "Content-Type": [
          "application/json; charset=utf-8"
        ],
        "Content-Length": [
          "52"
        ]
      },
      "ResponseHeaders": {
        "Cache-Control": [
          "no-cache"
        ],
        "Pragma": [
          "no-cache"
        ],
        "x-ms-request-id": [
          "1f6e7bd3-47f5-4d45-ba51-d19a8b43674f"
        ],
        "X-Content-Type-Options": [
          "nosniff"
        ],
        "Strict-Transport-Security": [
          "max-age=31536000; includeSubDomains"
        ],
        "Server": [
          "Microsoft-IIS/10.0"
        ],
        "X-AspNet-Version": [
          "4.0.30319"
        ],
        "X-Powered-By": [
          "ASP.NET"
        ],
        "x-ms-ratelimit-remaining-subscription-writes": [
          "1197"
        ],
        "x-ms-correlation-request-id": [
          "a29c5a71-e74f-4839-a032-a0420ac4c56e"
        ],
        "x-ms-routing-request-id": [
          "WESTUS2:20190507T215830Z:a29c5a71-e74f-4839-a032-a0420ac4c56e"
        ],
        "Date": [
          "Tue, 07 May 2019 21:58:29 GMT"
        ],
        "Content-Length": [
          "329"
        ],
        "Content-Type": [
          "application/json; charset=utf-8"
        ],
        "Expires": [
          "-1"
        ]
      },
      "ResponseBody": "{\r\n  \"properties\": {\r\n    \"storageSyncServiceStatus\": null,\r\n    \"storageSyncServiceUid\": null\r\n  },\r\n  \"location\": \"Central US EUAP\",\r\n  \"tags\": {},\r\n  \"id\": \"/subscriptions/7b96cb02-4663-40f4-9a89-603d3849e46a/resourceGroups/ps5347/providers/microsoft.storagesync/storageSyncServices/sssps4779\",\r\n  \"name\": \"sssps4779\",\r\n  \"type\": \"microsoft.storagesync/storageSyncServices\"\r\n}",
      "StatusCode": 200
    },
    {
      "RequestUri": "/subscriptions/7b96cb02-4663-40f4-9a89-603d3849e46a/resourceGroups/ps5347/providers/Microsoft.StorageSync/storageSyncServices/sssps4779/syncGroups/sgps4016?api-version=2019-02-01",
      "EncodedRequestUri": "L3N1YnNjcmlwdGlvbnMvN2I5NmNiMDItNDY2My00MGY0LTlhODktNjAzZDM4NDllNDZhL3Jlc291cmNlR3JvdXBzL3BzNTM0Ny9wcm92aWRlcnMvTWljcm9zb2Z0LlN0b3JhZ2VTeW5jL3N0b3JhZ2VTeW5jU2VydmljZXMvc3NzcHM0Nzc5L3N5bmNHcm91cHMvc2dwczQwMTY/YXBpLXZlcnNpb249MjAxOS0wMi0wMQ==",
      "RequestMethod": "PUT",
      "RequestBody": "{\r\n  \"properties\": {}\r\n}",
      "RequestHeaders": {
        "x-ms-client-request-id": [
          "850799ba-611c-4320-b235-0345ba55b860"
        ],
        "Accept-Language": [
          "en-US"
        ],
        "User-Agent": [
          "FxVersion/4.6.27414.06",
          "OSName/Windows",
          "OSVersion/Microsoft.Windows.10.0.14393.",
          "Microsoft.Azure.Management.StorageSync.StorageSyncManagementClient/3.0.0.0"
        ],
        "Content-Type": [
          "application/json; charset=utf-8"
        ],
        "Content-Length": [
          "24"
        ]
      },
      "ResponseHeaders": {
        "Cache-Control": [
          "no-cache"
        ],
        "Pragma": [
          "no-cache"
        ],
        "x-ms-request-id": [
          "16919005-b3df-475e-8bc4-e1d7aa5be56d"
        ],
        "X-Content-Type-Options": [
          "nosniff"
        ],
        "Strict-Transport-Security": [
          "max-age=31536000; includeSubDomains"
        ],
        "Server": [
          "Microsoft-IIS/10.0"
        ],
        "X-AspNet-Version": [
          "4.0.30319"
        ],
        "X-Powered-By": [
          "ASP.NET"
        ],
        "x-ms-ratelimit-remaining-subscription-writes": [
          "1196"
        ],
        "x-ms-correlation-request-id": [
          "9ff1a1e4-19bc-4c04-beed-8d437e161a4d"
        ],
        "x-ms-routing-request-id": [
          "WESTUS2:20190507T215831Z:9ff1a1e4-19bc-4c04-beed-8d437e161a4d"
        ],
        "Date": [
          "Tue, 07 May 2019 21:58:30 GMT"
        ],
        "Content-Length": [
          "331"
        ],
        "Content-Type": [
          "application/json; charset=utf-8"
        ],
        "Expires": [
          "-1"
        ]
      },
      "ResponseBody": "{\r\n  \"properties\": {\r\n    \"syncGroupStatus\": \"0\",\r\n    \"uniqueId\": \"6a1e1e22-f8bc-4a58-ad0d-931a635451b7\"\r\n  },\r\n  \"id\": \"/subscriptions/7b96cb02-4663-40f4-9a89-603d3849e46a/resourceGroups/ps5347/providers/microsoft.storagesync/storageSyncServices/sssps4779/syncGroups/sgps4016\",\r\n  \"name\": \"sgps4016\",\r\n  \"type\": \"microsoft.storagesync/storageSyncServices/syncGroups\"\r\n}",
      "StatusCode": 200
    },
    {
      "RequestUri": "/subscriptions/7b96cb02-4663-40f4-9a89-603d3849e46a/providers/Microsoft.Storage/checkNameAvailability?api-version=2019-04-01",
      "EncodedRequestUri": "L3N1YnNjcmlwdGlvbnMvN2I5NmNiMDItNDY2My00MGY0LTlhODktNjAzZDM4NDllNDZhL3Byb3ZpZGVycy9NaWNyb3NvZnQuU3RvcmFnZS9jaGVja05hbWVBdmFpbGFiaWxpdHk/YXBpLXZlcnNpb249MjAxOS0wNC0wMQ==",
      "RequestMethod": "POST",
      "RequestBody": "{\r\n  \"name\": \"saps7210\",\r\n  \"type\": \"Microsoft.Storage/storageAccounts\"\r\n}",
      "RequestHeaders": {
        "x-ms-client-request-id": [
          "a0b68045-fbef-41ec-8d4d-3f8cf1358327"
        ],
        "Accept-Language": [
          "en-US"
        ],
        "User-Agent": [
          "FxVersion/4.6.27414.06",
          "OSName/Windows",
          "OSVersion/Microsoft.Windows.10.0.14393.",
          "Microsoft.Azure.Management.Storage.StorageManagementClient/11.0.0.0"
        ],
        "Content-Type": [
          "application/json; charset=utf-8"
        ],
        "Content-Length": [
          "74"
        ]
      },
      "ResponseHeaders": {
        "Cache-Control": [
          "no-cache"
        ],
        "Pragma": [
          "no-cache"
        ],
        "x-ms-request-id": [
          "c39035be-647f-4c7e-b78e-6a053ccb2635"
        ],
        "Strict-Transport-Security": [
          "max-age=31536000; includeSubDomains"
        ],
        "Server": [
          "Microsoft-Azure-Storage-Resource-Provider/1.0,Microsoft-HTTPAPI/2.0 Microsoft-HTTPAPI/2.0"
        ],
        "x-ms-ratelimit-remaining-subscription-reads": [
          "11999"
        ],
        "x-ms-correlation-request-id": [
          "3c8e073b-0739-4380-8e41-ea67306e8d40"
        ],
        "x-ms-routing-request-id": [
          "WESTUS2:20190507T215834Z:3c8e073b-0739-4380-8e41-ea67306e8d40"
        ],
        "X-Content-Type-Options": [
          "nosniff"
        ],
        "Date": [
          "Tue, 07 May 2019 21:58:34 GMT"
        ],
        "Content-Length": [
          "22"
        ],
        "Content-Type": [
          "application/json"
        ],
        "Expires": [
          "-1"
        ]
      },
      "ResponseBody": "{\r\n  \"nameAvailable\": true\r\n}",
      "StatusCode": 200
    },
    {
      "RequestUri": "/subscriptions/7b96cb02-4663-40f4-9a89-603d3849e46a/resourceGroups/ps5347/providers/Microsoft.Storage/storageAccounts/saps7210?api-version=2019-04-01",
      "EncodedRequestUri": "L3N1YnNjcmlwdGlvbnMvN2I5NmNiMDItNDY2My00MGY0LTlhODktNjAzZDM4NDllNDZhL3Jlc291cmNlR3JvdXBzL3BzNTM0Ny9wcm92aWRlcnMvTWljcm9zb2Z0LlN0b3JhZ2Uvc3RvcmFnZUFjY291bnRzL3NhcHM3MjEwP2FwaS12ZXJzaW9uPTIwMTktMDQtMDE=",
      "RequestMethod": "PUT",
      "RequestBody": "{\r\n  \"sku\": {\r\n    \"name\": \"Standard_LRS\"\r\n  },\r\n  \"kind\": \"StorageV2\",\r\n  \"location\": \"Central US EUAP\"\r\n}",
      "RequestHeaders": {
        "x-ms-client-request-id": [
          "058c12d8-148d-4c8b-a295-5fd2be00a074"
        ],
        "Accept-Language": [
          "en-US"
        ],
        "User-Agent": [
          "FxVersion/4.6.27414.06",
          "OSName/Windows",
          "OSVersion/Microsoft.Windows.10.0.14393.",
          "Microsoft.Azure.Management.Storage.StorageManagementClient/11.0.0.0"
        ],
        "Content-Type": [
          "application/json; charset=utf-8"
        ],
        "Content-Length": [
          "107"
        ]
      },
      "ResponseHeaders": {
        "Cache-Control": [
          "no-cache"
        ],
        "Pragma": [
          "no-cache"
        ],
        "Location": [
          "https://management.azure.com/subscriptions/7b96cb02-4663-40f4-9a89-603d3849e46a/providers/Microsoft.Storage/locations/centraluseuap/asyncoperations/5818c3ba-4155-4799-9b53-a635f62a7e33?monitor=true&api-version=2019-04-01"
        ],
        "Retry-After": [
          "17"
        ],
        "x-ms-request-id": [
          "5818c3ba-4155-4799-9b53-a635f62a7e33"
        ],
        "Strict-Transport-Security": [
          "max-age=31536000; includeSubDomains"
        ],
        "Server": [
          "Microsoft-Azure-Storage-Resource-Provider/1.0,Microsoft-HTTPAPI/2.0 Microsoft-HTTPAPI/2.0"
        ],
        "x-ms-ratelimit-remaining-subscription-writes": [
          "1199"
        ],
        "x-ms-correlation-request-id": [
          "1550047e-2916-452f-b853-ea3be321e03b"
        ],
        "x-ms-routing-request-id": [
          "WESTUS2:20190507T215835Z:1550047e-2916-452f-b853-ea3be321e03b"
        ],
        "X-Content-Type-Options": [
          "nosniff"
        ],
        "Date": [
          "Tue, 07 May 2019 21:58:35 GMT"
        ],
        "Content-Type": [
          "text/plain; charset=utf-8"
        ],
        "Expires": [
          "-1"
        ],
        "Content-Length": [
          "0"
        ]
      },
      "ResponseBody": "",
      "StatusCode": 202
    },
    {
      "RequestUri": "/subscriptions/7b96cb02-4663-40f4-9a89-603d3849e46a/providers/Microsoft.Storage/locations/centraluseuap/asyncoperations/5818c3ba-4155-4799-9b53-a635f62a7e33?monitor=true&api-version=2019-04-01",
      "EncodedRequestUri": "L3N1YnNjcmlwdGlvbnMvN2I5NmNiMDItNDY2My00MGY0LTlhODktNjAzZDM4NDllNDZhL3Byb3ZpZGVycy9NaWNyb3NvZnQuU3RvcmFnZS9sb2NhdGlvbnMvY2VudHJhbHVzZXVhcC9hc3luY29wZXJhdGlvbnMvNTgxOGMzYmEtNDE1NS00Nzk5LTliNTMtYTYzNWY2MmE3ZTMzP21vbml0b3I9dHJ1ZSZhcGktdmVyc2lvbj0yMDE5LTA0LTAx",
      "RequestMethod": "GET",
      "RequestBody": "",
      "RequestHeaders": {
        "User-Agent": [
          "FxVersion/4.6.27414.06",
          "OSName/Windows",
          "OSVersion/Microsoft.Windows.10.0.14393.",
          "Microsoft.Azure.Management.Storage.StorageManagementClient/11.0.0.0"
        ]
      },
      "ResponseHeaders": {
        "Cache-Control": [
          "no-cache"
        ],
        "Pragma": [
          "no-cache"
        ],
        "x-ms-request-id": [
          "161a7ec9-cba9-429b-86bf-4a3e54554b41"
        ],
        "Strict-Transport-Security": [
          "max-age=31536000; includeSubDomains"
        ],
        "Server": [
          "Microsoft-Azure-Storage-Resource-Provider/1.0,Microsoft-HTTPAPI/2.0 Microsoft-HTTPAPI/2.0"
        ],
        "x-ms-ratelimit-remaining-subscription-reads": [
          "11998"
        ],
        "x-ms-correlation-request-id": [
          "51c410a7-797e-4c9d-8307-69e2d9a5b68b"
        ],
        "x-ms-routing-request-id": [
          "WESTUS2:20190507T215852Z:51c410a7-797e-4c9d-8307-69e2d9a5b68b"
        ],
        "X-Content-Type-Options": [
          "nosniff"
        ],
        "Date": [
          "Tue, 07 May 2019 21:58:52 GMT"
        ],
        "Content-Length": [
          "1164"
        ],
        "Content-Type": [
          "application/json"
        ],
        "Expires": [
          "-1"
        ]
      },
      "ResponseBody": "{\r\n  \"sku\": {\r\n    \"name\": \"Standard_LRS\",\r\n    \"tier\": \"Standard\"\r\n  },\r\n  \"kind\": \"StorageV2\",\r\n  \"id\": \"/subscriptions/7b96cb02-4663-40f4-9a89-603d3849e46a/resourceGroups/ps5347/providers/Microsoft.Storage/storageAccounts/saps7210\",\r\n  \"name\": \"saps7210\",\r\n  \"type\": \"Microsoft.Storage/storageAccounts\",\r\n  \"location\": \"centraluseuap\",\r\n  \"tags\": {},\r\n  \"properties\": {\r\n    \"minimumTlsVersion\": \"TLS1_2\",\r\n    \"networkAcls\": {\r\n      \"bypass\": \"AzureServices\",\r\n      \"virtualNetworkRules\": [],\r\n      \"ipRules\": [],\r\n      \"defaultAction\": \"Allow\"\r\n    },\r\n    \"supportsHttpsTrafficOnly\": true,\r\n    \"encryption\": {\r\n      \"services\": {\r\n        \"file\": {\r\n          \"enabled\": true,\r\n          \"lastEnabledTime\": \"2019-05-07T21:58:35.2696311Z\"\r\n        },\r\n        \"blob\": {\r\n          \"enabled\": true,\r\n          \"lastEnabledTime\": \"2019-05-07T21:58:35.2696311Z\"\r\n        }\r\n      },\r\n      \"keySource\": \"Microsoft.Storage\"\r\n    },\r\n    \"accessTier\": \"Hot\",\r\n    \"provisioningState\": \"Succeeded\",\r\n    \"creationTime\": \"2019-05-07T21:58:35.2383873Z\",\r\n    \"primaryEndpoints\": {\r\n      \"dfs\": \"https://saps7210.dfs.core.windows.net/\",\r\n      \"web\": \"https://saps7210.z2.web.core.windows.net/\",\r\n      \"blob\": \"https://saps7210.blob.core.windows.net/\",\r\n      \"queue\": \"https://saps7210.queue.core.windows.net/\",\r\n      \"table\": \"https://saps7210.table.core.windows.net/\",\r\n      \"file\": \"https://saps7210.file.core.windows.net/\"\r\n    },\r\n    \"primaryLocation\": \"centraluseuap\",\r\n    \"statusOfPrimary\": \"available\"\r\n  }\r\n}",
      "StatusCode": 200
    },
    {
      "RequestUri": "/subscriptions/7b96cb02-4663-40f4-9a89-603d3849e46a/resourceGroups/ps5347/providers/Microsoft.Storage/storageAccounts/saps7210?api-version=2019-04-01",
      "EncodedRequestUri": "L3N1YnNjcmlwdGlvbnMvN2I5NmNiMDItNDY2My00MGY0LTlhODktNjAzZDM4NDllNDZhL3Jlc291cmNlR3JvdXBzL3BzNTM0Ny9wcm92aWRlcnMvTWljcm9zb2Z0LlN0b3JhZ2Uvc3RvcmFnZUFjY291bnRzL3NhcHM3MjEwP2FwaS12ZXJzaW9uPTIwMTktMDQtMDE=",
      "RequestMethod": "GET",
      "RequestBody": "",
      "RequestHeaders": {
        "x-ms-client-request-id": [
          "97c60c84-5d86-45f5-9547-f591256d8fb0"
        ],
        "Accept-Language": [
          "en-US"
        ],
        "User-Agent": [
          "FxVersion/4.6.27414.06",
          "OSName/Windows",
          "OSVersion/Microsoft.Windows.10.0.14393.",
          "Microsoft.Azure.Management.Storage.StorageManagementClient/11.0.0.0"
        ]
      },
      "ResponseHeaders": {
        "Cache-Control": [
          "no-cache"
        ],
        "Pragma": [
          "no-cache"
        ],
        "x-ms-request-id": [
          "46bf9c9b-43e0-4f21-b12f-bfcb342e89f1"
        ],
        "Strict-Transport-Security": [
          "max-age=31536000; includeSubDomains"
        ],
        "Server": [
          "Microsoft-Azure-Storage-Resource-Provider/1.0,Microsoft-HTTPAPI/2.0 Microsoft-HTTPAPI/2.0"
        ],
        "x-ms-ratelimit-remaining-subscription-reads": [
          "11997"
        ],
        "x-ms-correlation-request-id": [
          "61019fc3-9585-4d86-8f42-edd33860d4be"
        ],
        "x-ms-routing-request-id": [
          "WESTUS2:20190507T215852Z:61019fc3-9585-4d86-8f42-edd33860d4be"
        ],
        "X-Content-Type-Options": [
          "nosniff"
        ],
        "Date": [
          "Tue, 07 May 2019 21:58:52 GMT"
        ],
        "Content-Length": [
          "1164"
        ],
        "Content-Type": [
          "application/json"
        ],
        "Expires": [
          "-1"
        ]
      },
      "ResponseBody": "{\r\n  \"sku\": {\r\n    \"name\": \"Standard_LRS\",\r\n    \"tier\": \"Standard\"\r\n  },\r\n  \"kind\": \"StorageV2\",\r\n  \"id\": \"/subscriptions/7b96cb02-4663-40f4-9a89-603d3849e46a/resourceGroups/ps5347/providers/Microsoft.Storage/storageAccounts/saps7210\",\r\n  \"name\": \"saps7210\",\r\n  \"type\": \"Microsoft.Storage/storageAccounts\",\r\n  \"location\": \"centraluseuap\",\r\n  \"tags\": {},\r\n  \"properties\": {\r\n    \"minimumTlsVersion\": \"TLS1_2\",\r\n    \"networkAcls\": {\r\n      \"bypass\": \"AzureServices\",\r\n      \"virtualNetworkRules\": [],\r\n      \"ipRules\": [],\r\n      \"defaultAction\": \"Allow\"\r\n    },\r\n    \"supportsHttpsTrafficOnly\": true,\r\n    \"encryption\": {\r\n      \"services\": {\r\n        \"file\": {\r\n          \"enabled\": true,\r\n          \"lastEnabledTime\": \"2019-05-07T21:58:35.2696311Z\"\r\n        },\r\n        \"blob\": {\r\n          \"enabled\": true,\r\n          \"lastEnabledTime\": \"2019-05-07T21:58:35.2696311Z\"\r\n        }\r\n      },\r\n      \"keySource\": \"Microsoft.Storage\"\r\n    },\r\n    \"accessTier\": \"Hot\",\r\n    \"provisioningState\": \"Succeeded\",\r\n    \"creationTime\": \"2019-05-07T21:58:35.2383873Z\",\r\n    \"primaryEndpoints\": {\r\n      \"dfs\": \"https://saps7210.dfs.core.windows.net/\",\r\n      \"web\": \"https://saps7210.z2.web.core.windows.net/\",\r\n      \"blob\": \"https://saps7210.blob.core.windows.net/\",\r\n      \"queue\": \"https://saps7210.queue.core.windows.net/\",\r\n      \"table\": \"https://saps7210.table.core.windows.net/\",\r\n      \"file\": \"https://saps7210.file.core.windows.net/\"\r\n    },\r\n    \"primaryLocation\": \"centraluseuap\",\r\n    \"statusOfPrimary\": \"available\"\r\n  }\r\n}",
      "StatusCode": 200
    },
    {
      "RequestUri": "/subscriptions/7b96cb02-4663-40f4-9a89-603d3849e46a/resourceGroups/ps5347/providers/Microsoft.Storage/storageAccounts/saps7210?api-version=2019-04-01",
      "EncodedRequestUri": "L3N1YnNjcmlwdGlvbnMvN2I5NmNiMDItNDY2My00MGY0LTlhODktNjAzZDM4NDllNDZhL3Jlc291cmNlR3JvdXBzL3BzNTM0Ny9wcm92aWRlcnMvTWljcm9zb2Z0LlN0b3JhZ2Uvc3RvcmFnZUFjY291bnRzL3NhcHM3MjEwP2FwaS12ZXJzaW9uPTIwMTktMDQtMDE=",
      "RequestMethod": "GET",
      "RequestBody": "",
      "RequestHeaders": {
        "x-ms-client-request-id": [
          "956490da-c1e1-4b57-89d4-9b25896fc4a8"
        ],
        "Accept-Language": [
          "en-US"
        ],
        "User-Agent": [
          "FxVersion/4.6.27414.06",
          "OSName/Windows",
          "OSVersion/Microsoft.Windows.10.0.14393.",
          "Microsoft.Azure.Management.Storage.StorageManagementClient/11.0.0.0"
        ]
      },
      "ResponseHeaders": {
        "Cache-Control": [
          "no-cache"
        ],
        "Pragma": [
          "no-cache"
        ],
        "x-ms-request-id": [
          "2f9f56d8-0a9e-40d4-88dd-4a6b935ce509"
        ],
        "Strict-Transport-Security": [
          "max-age=31536000; includeSubDomains"
        ],
        "Server": [
          "Microsoft-Azure-Storage-Resource-Provider/1.0,Microsoft-HTTPAPI/2.0 Microsoft-HTTPAPI/2.0"
        ],
        "x-ms-ratelimit-remaining-subscription-reads": [
          "11996"
        ],
        "x-ms-correlation-request-id": [
          "9d071da2-a52e-488b-aed6-00ae4275b5c4"
        ],
        "x-ms-routing-request-id": [
          "WESTUS2:20190507T215852Z:9d071da2-a52e-488b-aed6-00ae4275b5c4"
        ],
        "X-Content-Type-Options": [
          "nosniff"
        ],
        "Date": [
          "Tue, 07 May 2019 21:58:52 GMT"
        ],
        "Content-Length": [
          "1164"
        ],
        "Content-Type": [
          "application/json"
        ],
        "Expires": [
          "-1"
        ]
      },
      "ResponseBody": "{\r\n  \"sku\": {\r\n    \"name\": \"Standard_LRS\",\r\n    \"tier\": \"Standard\"\r\n  },\r\n  \"kind\": \"StorageV2\",\r\n  \"id\": \"/subscriptions/7b96cb02-4663-40f4-9a89-603d3849e46a/resourceGroups/ps5347/providers/Microsoft.Storage/storageAccounts/saps7210\",\r\n  \"name\": \"saps7210\",\r\n  \"type\": \"Microsoft.Storage/storageAccounts\",\r\n  \"location\": \"centraluseuap\",\r\n  \"tags\": {},\r\n  \"properties\": {\r\n    \"minimumTlsVersion\": \"TLS1_2\",\r\n    \"networkAcls\": {\r\n      \"bypass\": \"AzureServices\",\r\n      \"virtualNetworkRules\": [],\r\n      \"ipRules\": [],\r\n      \"defaultAction\": \"Allow\"\r\n    },\r\n    \"supportsHttpsTrafficOnly\": true,\r\n    \"encryption\": {\r\n      \"services\": {\r\n        \"file\": {\r\n          \"enabled\": true,\r\n          \"lastEnabledTime\": \"2019-05-07T21:58:35.2696311Z\"\r\n        },\r\n        \"blob\": {\r\n          \"enabled\": true,\r\n          \"lastEnabledTime\": \"2019-05-07T21:58:35.2696311Z\"\r\n        }\r\n      },\r\n      \"keySource\": \"Microsoft.Storage\"\r\n    },\r\n    \"accessTier\": \"Hot\",\r\n    \"provisioningState\": \"Succeeded\",\r\n    \"creationTime\": \"2019-05-07T21:58:35.2383873Z\",\r\n    \"primaryEndpoints\": {\r\n      \"dfs\": \"https://saps7210.dfs.core.windows.net/\",\r\n      \"web\": \"https://saps7210.z2.web.core.windows.net/\",\r\n      \"blob\": \"https://saps7210.blob.core.windows.net/\",\r\n      \"queue\": \"https://saps7210.queue.core.windows.net/\",\r\n      \"table\": \"https://saps7210.table.core.windows.net/\",\r\n      \"file\": \"https://saps7210.file.core.windows.net/\"\r\n    },\r\n    \"primaryLocation\": \"centraluseuap\",\r\n    \"statusOfPrimary\": \"available\"\r\n  }\r\n}",
      "StatusCode": 200
    },
    {
      "RequestUri": "/subscriptions/7b96cb02-4663-40f4-9a89-603d3849e46a/resourceGroups/ps5347/providers/Microsoft.Storage/storageAccounts/saps7210/listKeys?api-version=2019-04-01",
      "EncodedRequestUri": "L3N1YnNjcmlwdGlvbnMvN2I5NmNiMDItNDY2My00MGY0LTlhODktNjAzZDM4NDllNDZhL3Jlc291cmNlR3JvdXBzL3BzNTM0Ny9wcm92aWRlcnMvTWljcm9zb2Z0LlN0b3JhZ2Uvc3RvcmFnZUFjY291bnRzL3NhcHM3MjEwL2xpc3RLZXlzP2FwaS12ZXJzaW9uPTIwMTktMDQtMDE=",
      "RequestMethod": "POST",
      "RequestBody": "",
      "RequestHeaders": {
        "x-ms-client-request-id": [
          "d2e5eed2-1ca2-4469-a928-d508c3605bd5"
        ],
        "Accept-Language": [
          "en-US"
        ],
        "User-Agent": [
          "FxVersion/4.6.27414.06",
          "OSName/Windows",
          "OSVersion/Microsoft.Windows.10.0.14393.",
          "Microsoft.Azure.Management.Storage.StorageManagementClient/11.0.0.0"
        ]
      },
      "ResponseHeaders": {
        "Cache-Control": [
          "no-cache"
        ],
        "Pragma": [
          "no-cache"
        ],
        "x-ms-request-id": [
          "fde58094-79af-4b20-aa47-fad4d3f3a28e"
        ],
        "Strict-Transport-Security": [
          "max-age=31536000; includeSubDomains"
        ],
        "Server": [
          "Microsoft-Azure-Storage-Resource-Provider/1.0,Microsoft-HTTPAPI/2.0 Microsoft-HTTPAPI/2.0"
        ],
        "x-ms-ratelimit-remaining-subscription-writes": [
          "1199"
        ],
        "x-ms-correlation-request-id": [
          "4f98dcc9-b4f0-48f2-ad28-5c0c72228336"
        ],
        "x-ms-routing-request-id": [
          "WESTUS2:20190507T215852Z:4f98dcc9-b4f0-48f2-ad28-5c0c72228336"
        ],
        "X-Content-Type-Options": [
          "nosniff"
        ],
        "Date": [
          "Tue, 07 May 2019 21:58:52 GMT"
        ],
        "Content-Length": [
          "288"
        ],
        "Content-Type": [
          "application/json"
        ],
        "Expires": [
          "-1"
        ]
      },
      "ResponseBody": "{\r\n  \"keys\": [\r\n    {\r\n      \"keyName\": \"key1\",\r\n      \"value\": \"CyqlSh27+l8Y5ib/oeW8BLjKTU9+I7tnyaOFZ1puqW4UqTRmh+TC1Gzt2842JTt09I+XFUf7oizP/napHBpl1A==\",\r\n      \"permissions\": \"FULL\"\r\n    },\r\n    {\r\n      \"keyName\": \"key2\",\r\n      \"value\": \"C3AFWvWOm8QT0wCFTGaT2SaBDh/JJH8EoK/1Xz+FdH0d5nYaVjx40FGHuqV+FYAWd4jjOWamKfyVwMqW2ZkiCw==\",\r\n      \"permissions\": \"FULL\"\r\n    }\r\n  ]\r\n}",
      "StatusCode": 200
    },
    {
      "RequestUri": "/0483643a-cb2f-462a-bc27-1a270e5bdc0a/servicePrincipalsByAppId/9469b9f5-6722-4481-a2b2-14ed560b706f/objectId?api-version=1.6",
      "EncodedRequestUri": "LzA0ODM2NDNhLWNiMmYtNDYyYS1iYzI3LTFhMjcwZTViZGMwYS9zZXJ2aWNlUHJpbmNpcGFsc0J5QXBwSWQvOTQ2OWI5ZjUtNjcyMi00NDgxLWEyYjItMTRlZDU2MGI3MDZmL29iamVjdElkP2FwaS12ZXJzaW9uPTEuNg==",
      "RequestMethod": "GET",
      "RequestBody": "",
      "RequestHeaders": {
        "x-ms-client-request-id": [
          "921e0745-bb8f-4447-afe3-1db13d851d06"
        ],
        "Accept-Language": [
          "en-US"
        ],
        "User-Agent": [
          "FxVersion/4.6.27414.06",
          "OSName/Windows",
          "OSVersion/Microsoft.Windows.10.0.14393.",
          "Microsoft.Azure.Graph.RBAC.Version1.6.20190326.GraphRbacManagementClient/1.2.0"
        ]
      },
      "ResponseHeaders": {
        "Cache-Control": [
          "no-cache"
        ],
        "Pragma": [
          "no-cache"
        ],
        "ocp-aad-diagnostics-server-name": [
          "XOs9gGfyH50gS8B3zPgeXNS3pfhaVVLdmqEFzm9FoHE="
        ],
        "request-id": [
          "a3efe55d-6ad5-4af4-9724-cee555415456"
        ],
        "client-request-id": [
          "921e0745-bb8f-4447-afe3-1db13d851d06"
        ],
        "x-ms-dirapi-data-contract-version": [
          "1.6"
        ],
        "ocp-aad-session-key": [
          "YURQMNGv464FJGj-juwhbaP4t20CrwD40yI-J8l0h4SipZvDO7nkT56oSXFQg_mWY75Yl4uBZTEJ7PXOeB4DodWfdTFltpTsCChCsgsh0pYfqAk6THIvSYnclk8i3oCH.Flh89_sNx1xm1kQvaHq-iFa8qcOHI9v6gjb-WCsn4QU"
        ],
        "DataServiceVersion": [
          "3.0;"
        ],
        "Strict-Transport-Security": [
          "max-age=31536000; includeSubDomains"
        ],
        "Access-Control-Allow-Origin": [
          "*"
        ],
        "X-AspNet-Version": [
          "4.0.30319"
        ],
        "X-Powered-By": [
          "ASP.NET"
        ],
        "Duration": [
          "631607"
        ],
        "Date": [
          "Tue, 07 May 2019 21:58:52 GMT"
        ],
        "Content-Type": [
          "application/json; odata=minimalmetadata; streaming=true; charset=utf-8"
        ],
        "Expires": [
          "-1"
        ],
        "Content-Length": [
          "151"
        ]
      },
      "ResponseBody": "{\r\n  \"odata.metadata\": \"https://graph.windows.net/0483643a-cb2f-462a-bc27-1a270e5bdc0a/$metadata#Edm.String\",\r\n  \"value\": \"384dab06-7a70-4ecf-a04e-284602199124\"\r\n}",
      "StatusCode": 200
    },
    {
      "RequestUri": "/0483643a-cb2f-462a-bc27-1a270e5bdc0a/servicePrincipals/384dab06-7a70-4ecf-a04e-284602199124?api-version=1.6",
      "EncodedRequestUri": "LzA0ODM2NDNhLWNiMmYtNDYyYS1iYzI3LTFhMjcwZTViZGMwYS9zZXJ2aWNlUHJpbmNpcGFscy8zODRkYWIwNi03YTcwLTRlY2YtYTA0ZS0yODQ2MDIxOTkxMjQ/YXBpLXZlcnNpb249MS42",
      "RequestMethod": "GET",
      "RequestBody": "",
      "RequestHeaders": {
        "x-ms-client-request-id": [
          "83b49259-494c-411c-a83e-dd4fd393b87b"
        ],
        "Accept-Language": [
          "en-US"
        ],
        "User-Agent": [
          "FxVersion/4.6.27414.06",
          "OSName/Windows",
          "OSVersion/Microsoft.Windows.10.0.14393.",
          "Microsoft.Azure.Graph.RBAC.Version1.6.20190326.GraphRbacManagementClient/1.2.0"
        ]
      },
      "ResponseHeaders": {
        "Cache-Control": [
          "no-cache"
        ],
        "Pragma": [
          "no-cache"
        ],
        "ocp-aad-diagnostics-server-name": [
          "NorBiSXbBacugIOc9PINP1SvB49TAti3iq1gEzH+f90="
        ],
        "request-id": [
          "78fd760c-0e5f-45e0-ac65-bb314a0c9340"
        ],
        "client-request-id": [
          "83b49259-494c-411c-a83e-dd4fd393b87b"
        ],
        "x-ms-dirapi-data-contract-version": [
          "1.6"
        ],
        "ocp-aad-session-key": [
          "eca3lZUBZKmac_shAkzDLJxJctVGajgi4b12nVOJds0QbtxJqAiaTG36DpexgUhmqe8wTImOVrSbh7jROqmsi4WXf73lElKuPM9nIOPGBr5xTqfPI_hC4YBtFDVPtDmG.s1kEnIGH2TwmBn3tG5qatKZkqg1sMLcAolDRjl7b3_M"
        ],
        "DataServiceVersion": [
          "3.0;"
        ],
        "Strict-Transport-Security": [
          "max-age=31536000; includeSubDomains"
        ],
        "Access-Control-Allow-Origin": [
          "*"
        ],
        "X-AspNet-Version": [
          "4.0.30319"
        ],
        "X-Powered-By": [
          "ASP.NET"
        ],
        "Duration": [
          "613037"
        ],
        "Date": [
          "Tue, 07 May 2019 21:58:52 GMT"
        ],
        "Content-Type": [
          "application/json; odata=minimalmetadata; streaming=true; charset=utf-8"
        ],
        "Expires": [
          "-1"
        ],
        "Content-Length": [
          "1299"
        ]
      },
      "ResponseBody": "{\r\n  \"odata.metadata\": \"https://graph.windows.net/0483643a-cb2f-462a-bc27-1a270e5bdc0a/$metadata#directoryObjects/@Element\",\r\n  \"odata.type\": \"Microsoft.DirectoryServices.ServicePrincipal\",\r\n  \"objectType\": \"ServicePrincipal\",\r\n  \"objectId\": \"384dab06-7a70-4ecf-a04e-284602199124\",\r\n  \"deletionTimestamp\": null,\r\n  \"accountEnabled\": true,\r\n  \"addIns\": [],\r\n  \"alternativeNames\": [],\r\n  \"appDisplayName\": \"Microsoft.StorageSync\",\r\n  \"appId\": \"9469b9f5-6722-4481-a2b2-14ed560b706f\",\r\n  \"applicationTemplateId\": null,\r\n  \"appOwnerTenantId\": \"f8cdef31-a31e-4b4a-93e4-5f571e91255a\",\r\n  \"appRoleAssignmentRequired\": false,\r\n  \"appRoles\": [],\r\n  \"displayName\": \"Microsoft.StorageSync\",\r\n  \"errorUrl\": null,\r\n  \"homepage\": null,\r\n  \"informationalUrls\": {\r\n    \"termsOfService\": null,\r\n    \"support\": null,\r\n    \"privacy\": null,\r\n    \"marketing\": null\r\n  },\r\n  \"keyCredentials\": [],\r\n  \"logoutUrl\": null,\r\n  \"notificationEmailAddresses\": [],\r\n  \"oauth2Permissions\": [],\r\n  \"passwordCredentials\": [],\r\n  \"preferredSingleSignOnMode\": null,\r\n  \"preferredTokenSigningKeyEndDateTime\": null,\r\n  \"preferredTokenSigningKeyThumbprint\": null,\r\n  \"publisherName\": \"Microsoft Services\",\r\n  \"replyUrls\": [\r\n    \"https://0c38d04b-cf53-496f-aa30-9751eaf67399/redir\"\r\n  ],\r\n  \"samlMetadataUrl\": null,\r\n  \"samlSingleSignOnSettings\": null,\r\n  \"servicePrincipalNames\": [\r\n    \"9469b9f5-6722-4481-a2b2-14ed560b706f\"\r\n  ],\r\n  \"servicePrincipalType\": \"Application\",\r\n  \"signInAudience\": \"AzureADMultipleOrgs\",\r\n  \"tags\": [],\r\n  \"tokenEncryptionKeyId\": null\r\n}",
      "StatusCode": 200
    },
    {
      "RequestUri": "///providers/Microsoft.Authorization/roleDefinitions/c12c1c16-33a1-487b-954d-41c89c60f349?api-version=2015-07-01",
      "EncodedRequestUri": "Ly8vcHJvdmlkZXJzL01pY3Jvc29mdC5BdXRob3JpemF0aW9uL3JvbGVEZWZpbml0aW9ucy9jMTJjMWMxNi0zM2ExLTQ4N2ItOTU0ZC00MWM4OWM2MGYzNDk/YXBpLXZlcnNpb249MjAxNS0wNy0wMQ==",
      "RequestMethod": "GET",
      "RequestBody": "",
      "RequestHeaders": {
        "x-ms-client-request-id": [
          "e779afa7-76da-4761-8e5f-3232ec68cc09"
        ],
        "Accept-Language": [
          "en-US"
        ],
        "User-Agent": [
          "FxVersion/4.6.27414.06",
          "OSName/Windows",
          "OSVersion/Microsoft.Windows.10.0.14393.",
          "Microsoft.Azure.Management.Authorization.Version2015.07.01.AuthorizationManagementClient/1.2.0"
        ]
      },
      "ResponseHeaders": {
        "Cache-Control": [
          "no-cache"
        ],
        "Pragma": [
          "no-cache"
        ],
        "x-ms-request-charge": [
          "1"
        ],
        "x-ms-request-id": [
          "971bf9c8-ff7f-40c0-b7c6-04bff28ff9db"
        ],
        "X-Content-Type-Options": [
          "nosniff"
        ],
        "Strict-Transport-Security": [
          "max-age=31536000; includeSubDomains"
        ],
        "Set-Cookie": [
          "x-ms-gateway-slice=Production; path=/; secure; HttpOnly"
        ],
        "x-ms-ratelimit-remaining-tenant-reads": [
          "11999"
        ],
        "x-ms-correlation-request-id": [
          "6b207da2-cf2f-4a83-9bca-5aabf3518fdf"
        ],
        "x-ms-routing-request-id": [
          "WESTUS2:20190507T215853Z:6b207da2-cf2f-4a83-9bca-5aabf3518fdf"
        ],
        "Date": [
          "Tue, 07 May 2019 21:58:52 GMT"
        ],
        "Content-Length": [
          "841"
        ],
        "Content-Type": [
          "application/json; charset=utf-8"
        ],
        "Expires": [
          "-1"
        ]
      },
      "ResponseBody": "{\r\n  \"properties\": {\r\n    \"roleName\": \"Reader and Data Access\",\r\n    \"type\": \"BuiltInRole\",\r\n    \"description\": \"Lets you view everything but will not let you delete or create a storage account or contained resource. It will also allow read/write access to all data contained in a storage account via access to storage account keys.\",\r\n    \"assignableScopes\": [\r\n      \"/\"\r\n    ],\r\n    \"permissions\": [\r\n      {\r\n        \"actions\": [\r\n          \"Microsoft.Storage/storageAccounts/listKeys/action\",\r\n          \"Microsoft.Storage/storageAccounts/ListAccountSas/action\",\r\n          \"Microsoft.Storage/storageAccounts/read\"\r\n        ],\r\n        \"notActions\": []\r\n      }\r\n    ],\r\n    \"createdOn\": \"2018-03-27T23:20:46.1498906Z\",\r\n    \"updatedOn\": \"2019-04-04T23:41:26.1056261Z\",\r\n    \"createdBy\": null,\r\n    \"updatedBy\": null\r\n  },\r\n  \"id\": \"/providers/Microsoft.Authorization/roleDefinitions/c12c1c16-33a1-487b-954d-41c89c60f349\",\r\n  \"type\": \"Microsoft.Authorization/roleDefinitions\",\r\n  \"name\": \"c12c1c16-33a1-487b-954d-41c89c60f349\"\r\n}",
      "StatusCode": 200
    },
    {
      "RequestUri": "/subscriptions/7b96cb02-4663-40f4-9a89-603d3849e46a/resourcegroups/ps5347/providers/Microsoft.Storage///storageAccounts/saps7210/providers/Microsoft.Authorization/roleAssignments?$filter=assignedTo('384dab06-7a70-4ecf-a04e-284602199124')&api-version=2015-07-01",
      "EncodedRequestUri": "L3N1YnNjcmlwdGlvbnMvN2I5NmNiMDItNDY2My00MGY0LTlhODktNjAzZDM4NDllNDZhL3Jlc291cmNlZ3JvdXBzL3BzNTM0Ny9wcm92aWRlcnMvTWljcm9zb2Z0LlN0b3JhZ2UvLy9zdG9yYWdlQWNjb3VudHMvc2FwczcyMTAvcHJvdmlkZXJzL01pY3Jvc29mdC5BdXRob3JpemF0aW9uL3JvbGVBc3NpZ25tZW50cz8kZmlsdGVyPWFzc2lnbmVkVG8oJzM4NGRhYjA2LTdhNzAtNGVjZi1hMDRlLTI4NDYwMjE5OTEyNCcpJmFwaS12ZXJzaW9uPTIwMTUtMDctMDE=",
      "RequestMethod": "GET",
      "RequestBody": "",
      "RequestHeaders": {
        "x-ms-client-request-id": [
          "a1be5179-a949-4ca5-ab3d-e198e241571e"
        ],
        "Accept-Language": [
          "en-US"
        ],
        "User-Agent": [
          "FxVersion/4.6.27414.06",
          "OSName/Windows",
          "OSVersion/Microsoft.Windows.10.0.14393.",
          "Microsoft.Azure.Management.Authorization.Version2015.07.01.AuthorizationManagementClient/1.2.0"
        ]
      },
      "ResponseHeaders": {
        "Cache-Control": [
          "no-cache"
        ],
        "Pragma": [
          "no-cache"
        ],
        "x-ms-request-charge": [
          "1"
        ],
        "x-ms-request-id": [
          "ee9adf2f-6820-453b-950d-54b151b219c5"
        ],
        "X-Content-Type-Options": [
          "nosniff"
        ],
        "Strict-Transport-Security": [
          "max-age=31536000; includeSubDomains"
        ],
        "Set-Cookie": [
          "x-ms-gateway-slice=Production; path=/; secure; HttpOnly"
        ],
        "x-ms-ratelimit-remaining-subscription-reads": [
          "11999"
        ],
        "x-ms-correlation-request-id": [
          "6e6aad78-849d-407b-a477-76184f2ffa27"
        ],
        "x-ms-routing-request-id": [
          "WESTUS2:20190507T215854Z:6e6aad78-849d-407b-a477-76184f2ffa27"
        ],
        "Date": [
          "Tue, 07 May 2019 21:58:53 GMT"
        ],
        "Content-Length": [
          "12"
        ],
        "Content-Type": [
          "application/json; charset=utf-8"
        ],
        "Expires": [
          "-1"
        ]
      },
      "ResponseBody": "{\r\n  \"value\": []\r\n}",
      "StatusCode": 200
    },
    {
      "RequestUri": "//subscriptions/7b96cb02-4663-40f4-9a89-603d3849e46a/resourceGroups/ps5347/providers/Microsoft.Storage/storageAccounts/saps7210/providers/Microsoft.Authorization/roleAssignments/1e117205-07e6-4410-b495-2e21f69fb2ba?api-version=2015-07-01",
      "EncodedRequestUri": "Ly9zdWJzY3JpcHRpb25zLzdiOTZjYjAyLTQ2NjMtNDBmNC05YTg5LTYwM2QzODQ5ZTQ2YS9yZXNvdXJjZUdyb3Vwcy9wczUzNDcvcHJvdmlkZXJzL01pY3Jvc29mdC5TdG9yYWdlL3N0b3JhZ2VBY2NvdW50cy9zYXBzNzIxMC9wcm92aWRlcnMvTWljcm9zb2Z0LkF1dGhvcml6YXRpb24vcm9sZUFzc2lnbm1lbnRzLzFlMTE3MjA1LTA3ZTYtNDQxMC1iNDk1LTJlMjFmNjlmYjJiYT9hcGktdmVyc2lvbj0yMDE1LTA3LTAx",
      "RequestMethod": "PUT",
      "RequestBody": "{\r\n  \"properties\": {\r\n    \"roleDefinitionId\": \"/subscriptions/7b96cb02-4663-40f4-9a89-603d3849e46a/providers/Microsoft.Authorization/roleDefinitions/c12c1c16-33a1-487b-954d-41c89c60f349\",\r\n    \"principalId\": \"384dab06-7a70-4ecf-a04e-284602199124\"\r\n  }\r\n}",
      "RequestHeaders": {
        "x-ms-client-request-id": [
          "37fefc52-7e51-4ea6-8f8d-c42c8a4e2502"
        ],
        "Accept-Language": [
          "en-US"
        ],
        "User-Agent": [
          "FxVersion/4.6.27414.06",
          "OSName/Windows",
          "OSVersion/Microsoft.Windows.10.0.14393.",
          "Microsoft.Azure.Management.Authorization.Version2015.07.01.AuthorizationManagementClient/1.2.0"
        ],
        "Content-Type": [
          "application/json; charset=utf-8"
        ],
        "Content-Length": [
          "254"
        ]
      },
      "ResponseHeaders": {
        "Cache-Control": [
          "no-cache"
        ],
        "Pragma": [
          "no-cache"
        ],
        "x-ms-request-charge": [
          "2"
        ],
        "x-ms-request-id": [
          "80f8ac17-bf4d-49de-897b-685aa61c2e79"
        ],
        "X-Content-Type-Options": [
          "nosniff"
        ],
        "Strict-Transport-Security": [
          "max-age=31536000; includeSubDomains"
        ],
        "Set-Cookie": [
          "x-ms-gateway-slice=Production; path=/; secure; HttpOnly"
        ],
        "x-ms-ratelimit-remaining-subscription-writes": [
          "1199"
        ],
        "x-ms-correlation-request-id": [
          "55252eac-ea93-48b5-bbce-bcfc55a8ae0c"
        ],
        "x-ms-routing-request-id": [
          "WESTUS2:20190507T215856Z:55252eac-ea93-48b5-bbce-bcfc55a8ae0c"
        ],
        "Date": [
          "Tue, 07 May 2019 21:58:55 GMT"
        ],
        "Content-Length": [
          "836"
        ],
        "Content-Type": [
          "application/json; charset=utf-8"
        ],
        "Expires": [
          "-1"
        ]
      },
      "ResponseBody": "{\r\n  \"properties\": {\r\n    \"roleDefinitionId\": \"/subscriptions/7b96cb02-4663-40f4-9a89-603d3849e46a/providers/Microsoft.Authorization/roleDefinitions/c12c1c16-33a1-487b-954d-41c89c60f349\",\r\n    \"principalId\": \"384dab06-7a70-4ecf-a04e-284602199124\",\r\n    \"scope\": \"/subscriptions/7b96cb02-4663-40f4-9a89-603d3849e46a/resourceGroups/ps5347/providers/Microsoft.Storage/storageAccounts/saps7210\",\r\n    \"createdOn\": \"2019-05-07T21:58:54.1707416Z\",\r\n    \"updatedOn\": \"2019-05-07T21:58:54.1707416Z\",\r\n    \"createdBy\": null,\r\n    \"updatedBy\": \"8d1a2f63-15c2-4fe8-a804-213ecbaf4403\"\r\n  },\r\n  \"id\": \"/subscriptions/7b96cb02-4663-40f4-9a89-603d3849e46a/resourceGroups/ps5347/providers/Microsoft.Storage/storageAccounts/saps7210/providers/Microsoft.Authorization/roleAssignments/1e117205-07e6-4410-b495-2e21f69fb2ba\",\r\n  \"type\": \"Microsoft.Authorization/roleAssignments\",\r\n  \"name\": \"1e117205-07e6-4410-b495-2e21f69fb2ba\"\r\n}",
      "StatusCode": 201
    },
    {
      "RequestUri": "/subscriptions/7b96cb02-4663-40f4-9a89-603d3849e46a/resourceGroups/ps5347/providers/Microsoft.StorageSync/storageSyncServices/sssps4779/syncGroups/sgps4016/cloudEndpoints/cepps8649?api-version=2019-02-01",
      "EncodedRequestUri": "L3N1YnNjcmlwdGlvbnMvN2I5NmNiMDItNDY2My00MGY0LTlhODktNjAzZDM4NDllNDZhL3Jlc291cmNlR3JvdXBzL3BzNTM0Ny9wcm92aWRlcnMvTWljcm9zb2Z0LlN0b3JhZ2VTeW5jL3N0b3JhZ2VTeW5jU2VydmljZXMvc3NzcHM0Nzc5L3N5bmNHcm91cHMvc2dwczQwMTYvY2xvdWRFbmRwb2ludHMvY2VwcHM4NjQ5P2FwaS12ZXJzaW9uPTIwMTktMDItMDE=",
      "RequestMethod": "PUT",
      "RequestBody": "{\r\n  \"properties\": {\r\n    \"storageAccountResourceId\": \"/subscriptions/7b96cb02-4663-40f4-9a89-603d3849e46a/resourceGroups/ps5347/providers/Microsoft.Storage/storageAccounts/saps7210\",\r\n    \"azureFileShareName\": \"testfs\",\r\n    \"storageAccountTenantId\": \"0483643a-cb2f-462a-bc27-1a270e5bdc0a\"\r\n  }\r\n}",
      "RequestHeaders": {
        "x-ms-client-request-id": [
          "d727ab12-1b9d-45e5-bb21-9bda8a408997"
        ],
        "Accept-Language": [
          "en-US"
        ],
        "User-Agent": [
          "FxVersion/4.6.27414.06",
          "OSName/Windows",
          "OSVersion/Microsoft.Windows.10.0.14393.",
          "Microsoft.Azure.Management.StorageSync.StorageSyncManagementClient/3.0.0.0"
        ],
        "Content-Type": [
          "application/json; charset=utf-8"
        ],
        "Content-Length": [
          "298"
        ]
      },
      "ResponseHeaders": {
        "Cache-Control": [
          "no-cache"
        ],
        "Pragma": [
          "no-cache"
        ],
        "Location": [
          "https://management.azure.com/subscriptions/7b96cb02-4663-40f4-9a89-603d3849e46a/resourceGroups/ps5347/providers/microsoft.storagesync/storageSyncServices/sssps4779/workflows/2190588b-38e3-4d35-ae4b-2faa368bb253/operationresults/e1a4c364-17a5-4702-929e-95cdf2df6be8?api-version=2019-02-01"
        ],
        "Retry-After": [
          "10"
        ],
        "Azure-AsyncOperation": [
          "https://management.azure.com/subscriptions/7b96cb02-4663-40f4-9a89-603d3849e46a/resourceGroups/ps5347/providers/microsoft.storagesync/storageSyncServices/sssps4779/workflows/2190588b-38e3-4d35-ae4b-2faa368bb253/operations/e1a4c364-17a5-4702-929e-95cdf2df6be8?api-version=2019-02-01"
        ],
        "x-ms-request-id": [
          "cd373b2b-aafb-42cc-b16b-2c3fa4ef9e8f"
        ],
        "X-Content-Type-Options": [
          "nosniff"
        ],
        "Strict-Transport-Security": [
          "max-age=31536000; includeSubDomains"
        ],
        "Server": [
          "Microsoft-IIS/10.0"
        ],
        "X-AspNet-Version": [
          "4.0.30319"
        ],
        "X-Powered-By": [
          "ASP.NET"
        ],
        "x-ms-ratelimit-remaining-subscription-writes": [
          "1198"
        ],
        "x-ms-correlation-request-id": [
          "cc04f292-3815-452c-8fb5-0e958268a125"
        ],
        "x-ms-routing-request-id": [
          "WESTUS2:20190507T215937Z:cc04f292-3815-452c-8fb5-0e958268a125"
        ],
        "Date": [
          "Tue, 07 May 2019 21:59:37 GMT"
        ],
        "Expires": [
          "-1"
        ],
        "Content-Length": [
          "0"
        ]
      },
      "ResponseBody": "",
      "StatusCode": 202
    },
    {
      "RequestUri": "/subscriptions/7b96cb02-4663-40f4-9a89-603d3849e46a/resourceGroups/ps5347/providers/microsoft.storagesync/storageSyncServices/sssps4779/workflows/2190588b-38e3-4d35-ae4b-2faa368bb253/operations/e1a4c364-17a5-4702-929e-95cdf2df6be8?api-version=2019-02-01",
      "EncodedRequestUri": "L3N1YnNjcmlwdGlvbnMvN2I5NmNiMDItNDY2My00MGY0LTlhODktNjAzZDM4NDllNDZhL3Jlc291cmNlR3JvdXBzL3BzNTM0Ny9wcm92aWRlcnMvbWljcm9zb2Z0LnN0b3JhZ2VzeW5jL3N0b3JhZ2VTeW5jU2VydmljZXMvc3NzcHM0Nzc5L3dvcmtmbG93cy8yMTkwNTg4Yi0zOGUzLTRkMzUtYWU0Yi0yZmFhMzY4YmIyNTMvb3BlcmF0aW9ucy9lMWE0YzM2NC0xN2E1LTQ3MDItOTI5ZS05NWNkZjJkZjZiZTg/YXBpLXZlcnNpb249MjAxOS0wMi0wMQ==",
      "RequestMethod": "GET",
      "RequestBody": "",
      "RequestHeaders": {
        "User-Agent": [
          "FxVersion/4.6.27414.06",
          "OSName/Windows",
          "OSVersion/Microsoft.Windows.10.0.14393.",
          "Microsoft.Azure.Management.StorageSync.StorageSyncManagementClient/3.0.0.0"
        ]
      },
      "ResponseHeaders": {
        "Cache-Control": [
          "no-cache"
        ],
        "Pragma": [
          "no-cache"
        ],
        "x-ms-request-id": [
          "1a8d5a0d-6436-40ac-8d69-1ca0d6ad56ec"
        ],
        "X-Content-Type-Options": [
          "nosniff"
        ],
        "Strict-Transport-Security": [
          "max-age=31536000; includeSubDomains"
        ],
        "Server": [
          "Microsoft-IIS/10.0"
        ],
        "X-AspNet-Version": [
          "4.0.30319"
        ],
        "X-Powered-By": [
          "ASP.NET"
        ],
        "x-ms-ratelimit-remaining-subscription-reads": [
          "11998"
        ],
        "x-ms-correlation-request-id": [
          "8365b4a1-2af9-424f-908c-22f3ffaf63f2"
        ],
        "x-ms-routing-request-id": [
          "WESTUS2:20190507T215947Z:8365b4a1-2af9-424f-908c-22f3ffaf63f2"
        ],
        "Date": [
          "Tue, 07 May 2019 21:59:47 GMT"
        ],
        "Content-Length": [
          "451"
        ],
        "Content-Type": [
          "application/json; charset=utf-8"
        ],
        "Expires": [
          "-1"
        ]
      },
      "ResponseBody": "{\r\n  \"id\": \"/subscriptions/7b96cb02-4663-40f4-9a89-603d3849e46a/resourceGroups/ps5347/providers/microsoft.storagesync/storageSyncServices/sssps4779/workflow/2190588b-38e3-4d35-ae4b-2faa368bb253/operationresults/e1a4c364-17a5-4702-929e-95cdf2df6be8\",\r\n  \"name\": \"e1a4c364-17a5-4702-929e-95cdf2df6be8\",\r\n  \"status\": \"validateInput\",\r\n  \"startTime\": \"2019-05-07T21:59:37.7532193Z\",\r\n  \"endTime\": \"2019-05-07T21:59:37.8937782Z\",\r\n  \"percentComplete\": null,\r\n  \"error\": null,\r\n  \"properties\": {}\r\n}",
      "StatusCode": 200
    },
    {
      "RequestUri": "/subscriptions/7b96cb02-4663-40f4-9a89-603d3849e46a/resourceGroups/ps5347/providers/microsoft.storagesync/storageSyncServices/sssps4779/workflows/2190588b-38e3-4d35-ae4b-2faa368bb253/operations/e1a4c364-17a5-4702-929e-95cdf2df6be8?api-version=2019-02-01",
      "EncodedRequestUri": "L3N1YnNjcmlwdGlvbnMvN2I5NmNiMDItNDY2My00MGY0LTlhODktNjAzZDM4NDllNDZhL3Jlc291cmNlR3JvdXBzL3BzNTM0Ny9wcm92aWRlcnMvbWljcm9zb2Z0LnN0b3JhZ2VzeW5jL3N0b3JhZ2VTeW5jU2VydmljZXMvc3NzcHM0Nzc5L3dvcmtmbG93cy8yMTkwNTg4Yi0zOGUzLTRkMzUtYWU0Yi0yZmFhMzY4YmIyNTMvb3BlcmF0aW9ucy9lMWE0YzM2NC0xN2E1LTQ3MDItOTI5ZS05NWNkZjJkZjZiZTg/YXBpLXZlcnNpb249MjAxOS0wMi0wMQ==",
      "RequestMethod": "GET",
      "RequestBody": "",
      "RequestHeaders": {
        "User-Agent": [
          "FxVersion/4.6.27414.06",
          "OSName/Windows",
          "OSVersion/Microsoft.Windows.10.0.14393.",
          "Microsoft.Azure.Management.StorageSync.StorageSyncManagementClient/3.0.0.0"
        ]
      },
      "ResponseHeaders": {
        "Cache-Control": [
          "no-cache"
        ],
        "Pragma": [
          "no-cache"
        ],
        "x-ms-request-id": [
          "400bc614-ed4c-4f1e-9b56-75a8c1b891bf"
        ],
        "X-Content-Type-Options": [
          "nosniff"
        ],
        "Strict-Transport-Security": [
          "max-age=31536000; includeSubDomains"
        ],
        "Server": [
          "Microsoft-IIS/10.0"
        ],
        "X-AspNet-Version": [
          "4.0.30319"
        ],
        "X-Powered-By": [
          "ASP.NET"
        ],
        "x-ms-ratelimit-remaining-subscription-reads": [
          "11997"
        ],
        "x-ms-correlation-request-id": [
          "1757a5c7-65c9-4d8c-bff2-aafbece18e59"
        ],
        "x-ms-routing-request-id": [
          "WESTUS2:20190507T215958Z:1757a5c7-65c9-4d8c-bff2-aafbece18e59"
        ],
        "Date": [
          "Tue, 07 May 2019 21:59:57 GMT"
        ],
        "Content-Length": [
          "451"
        ],
        "Content-Type": [
          "application/json; charset=utf-8"
        ],
        "Expires": [
          "-1"
        ]
      },
      "ResponseBody": "{\r\n  \"id\": \"/subscriptions/7b96cb02-4663-40f4-9a89-603d3849e46a/resourceGroups/ps5347/providers/microsoft.storagesync/storageSyncServices/sssps4779/workflow/2190588b-38e3-4d35-ae4b-2faa368bb253/operationresults/e1a4c364-17a5-4702-929e-95cdf2df6be8\",\r\n  \"name\": \"e1a4c364-17a5-4702-929e-95cdf2df6be8\",\r\n  \"status\": \"validateInput\",\r\n  \"startTime\": \"2019-05-07T21:59:37.7532193Z\",\r\n  \"endTime\": \"2019-05-07T21:59:37.8937782Z\",\r\n  \"percentComplete\": null,\r\n  \"error\": null,\r\n  \"properties\": {}\r\n}",
      "StatusCode": 200
    },
    {
      "RequestUri": "/subscriptions/7b96cb02-4663-40f4-9a89-603d3849e46a/resourceGroups/ps5347/providers/microsoft.storagesync/storageSyncServices/sssps4779/workflows/2190588b-38e3-4d35-ae4b-2faa368bb253/operations/e1a4c364-17a5-4702-929e-95cdf2df6be8?api-version=2019-02-01",
      "EncodedRequestUri": "L3N1YnNjcmlwdGlvbnMvN2I5NmNiMDItNDY2My00MGY0LTlhODktNjAzZDM4NDllNDZhL3Jlc291cmNlR3JvdXBzL3BzNTM0Ny9wcm92aWRlcnMvbWljcm9zb2Z0LnN0b3JhZ2VzeW5jL3N0b3JhZ2VTeW5jU2VydmljZXMvc3NzcHM0Nzc5L3dvcmtmbG93cy8yMTkwNTg4Yi0zOGUzLTRkMzUtYWU0Yi0yZmFhMzY4YmIyNTMvb3BlcmF0aW9ucy9lMWE0YzM2NC0xN2E1LTQ3MDItOTI5ZS05NWNkZjJkZjZiZTg/YXBpLXZlcnNpb249MjAxOS0wMi0wMQ==",
      "RequestMethod": "GET",
      "RequestBody": "",
      "RequestHeaders": {
        "User-Agent": [
          "FxVersion/4.6.27414.06",
          "OSName/Windows",
          "OSVersion/Microsoft.Windows.10.0.14393.",
          "Microsoft.Azure.Management.StorageSync.StorageSyncManagementClient/3.0.0.0"
        ]
      },
      "ResponseHeaders": {
        "Cache-Control": [
          "no-cache"
        ],
        "Pragma": [
          "no-cache"
        ],
        "x-ms-request-id": [
          "c8ee05eb-528c-4230-acc7-5c247fd814f2"
        ],
        "X-Content-Type-Options": [
          "nosniff"
        ],
        "Strict-Transport-Security": [
          "max-age=31536000; includeSubDomains"
        ],
        "Server": [
          "Microsoft-IIS/10.0"
        ],
        "X-AspNet-Version": [
          "4.0.30319"
        ],
        "X-Powered-By": [
          "ASP.NET"
        ],
        "x-ms-ratelimit-remaining-subscription-reads": [
          "11996"
        ],
        "x-ms-correlation-request-id": [
          "cc5da039-0c62-4784-a2c5-a6e956845340"
        ],
        "x-ms-routing-request-id": [
          "WESTUS2:20190507T220008Z:cc5da039-0c62-4784-a2c5-a6e956845340"
        ],
        "Date": [
          "Tue, 07 May 2019 22:00:07 GMT"
        ],
        "Content-Length": [
          "451"
        ],
        "Content-Type": [
          "application/json; charset=utf-8"
        ],
        "Expires": [
          "-1"
        ]
      },
      "ResponseBody": "{\r\n  \"id\": \"/subscriptions/7b96cb02-4663-40f4-9a89-603d3849e46a/resourceGroups/ps5347/providers/microsoft.storagesync/storageSyncServices/sssps4779/workflow/2190588b-38e3-4d35-ae4b-2faa368bb253/operationresults/e1a4c364-17a5-4702-929e-95cdf2df6be8\",\r\n  \"name\": \"e1a4c364-17a5-4702-929e-95cdf2df6be8\",\r\n  \"status\": \"validateInput\",\r\n  \"startTime\": \"2019-05-07T21:59:37.7532193Z\",\r\n  \"endTime\": \"2019-05-07T21:59:37.8937782Z\",\r\n  \"percentComplete\": null,\r\n  \"error\": null,\r\n  \"properties\": {}\r\n}",
      "StatusCode": 200
    },
    {
      "RequestUri": "/subscriptions/7b96cb02-4663-40f4-9a89-603d3849e46a/resourceGroups/ps5347/providers/microsoft.storagesync/storageSyncServices/sssps4779/workflows/2190588b-38e3-4d35-ae4b-2faa368bb253/operations/e1a4c364-17a5-4702-929e-95cdf2df6be8?api-version=2019-02-01",
      "EncodedRequestUri": "L3N1YnNjcmlwdGlvbnMvN2I5NmNiMDItNDY2My00MGY0LTlhODktNjAzZDM4NDllNDZhL3Jlc291cmNlR3JvdXBzL3BzNTM0Ny9wcm92aWRlcnMvbWljcm9zb2Z0LnN0b3JhZ2VzeW5jL3N0b3JhZ2VTeW5jU2VydmljZXMvc3NzcHM0Nzc5L3dvcmtmbG93cy8yMTkwNTg4Yi0zOGUzLTRkMzUtYWU0Yi0yZmFhMzY4YmIyNTMvb3BlcmF0aW9ucy9lMWE0YzM2NC0xN2E1LTQ3MDItOTI5ZS05NWNkZjJkZjZiZTg/YXBpLXZlcnNpb249MjAxOS0wMi0wMQ==",
      "RequestMethod": "GET",
      "RequestBody": "",
      "RequestHeaders": {
        "User-Agent": [
          "FxVersion/4.6.27414.06",
          "OSName/Windows",
          "OSVersion/Microsoft.Windows.10.0.14393.",
          "Microsoft.Azure.Management.StorageSync.StorageSyncManagementClient/3.0.0.0"
        ]
      },
      "ResponseHeaders": {
        "Cache-Control": [
          "no-cache"
        ],
        "Pragma": [
          "no-cache"
        ],
        "x-ms-request-id": [
          "9e6435b6-26d7-4d87-bd78-4c32f4c4ebc8"
        ],
        "X-Content-Type-Options": [
          "nosniff"
        ],
        "Strict-Transport-Security": [
          "max-age=31536000; includeSubDomains"
        ],
        "Server": [
          "Microsoft-IIS/10.0"
        ],
        "X-AspNet-Version": [
          "4.0.30319"
        ],
        "X-Powered-By": [
          "ASP.NET"
        ],
        "x-ms-ratelimit-remaining-subscription-reads": [
          "11995"
        ],
        "x-ms-correlation-request-id": [
          "6a943f2a-1684-45a3-9ea6-4a5e01ed1d2c"
        ],
        "x-ms-routing-request-id": [
          "WESTUS2:20190507T220018Z:6a943f2a-1684-45a3-9ea6-4a5e01ed1d2c"
        ],
        "Date": [
          "Tue, 07 May 2019 22:00:18 GMT"
        ],
        "Content-Length": [
          "451"
        ],
        "Content-Type": [
          "application/json; charset=utf-8"
        ],
        "Expires": [
          "-1"
        ]
      },
      "ResponseBody": "{\r\n  \"id\": \"/subscriptions/7b96cb02-4663-40f4-9a89-603d3849e46a/resourceGroups/ps5347/providers/microsoft.storagesync/storageSyncServices/sssps4779/workflow/2190588b-38e3-4d35-ae4b-2faa368bb253/operationresults/e1a4c364-17a5-4702-929e-95cdf2df6be8\",\r\n  \"name\": \"e1a4c364-17a5-4702-929e-95cdf2df6be8\",\r\n  \"status\": \"validateInput\",\r\n  \"startTime\": \"2019-05-07T21:59:37.7532193Z\",\r\n  \"endTime\": \"2019-05-07T21:59:37.8937782Z\",\r\n  \"percentComplete\": null,\r\n  \"error\": null,\r\n  \"properties\": {}\r\n}",
      "StatusCode": 200
    },
    {
      "RequestUri": "/subscriptions/7b96cb02-4663-40f4-9a89-603d3849e46a/resourceGroups/ps5347/providers/microsoft.storagesync/storageSyncServices/sssps4779/workflows/2190588b-38e3-4d35-ae4b-2faa368bb253/operations/e1a4c364-17a5-4702-929e-95cdf2df6be8?api-version=2019-02-01",
      "EncodedRequestUri": "L3N1YnNjcmlwdGlvbnMvN2I5NmNiMDItNDY2My00MGY0LTlhODktNjAzZDM4NDllNDZhL3Jlc291cmNlR3JvdXBzL3BzNTM0Ny9wcm92aWRlcnMvbWljcm9zb2Z0LnN0b3JhZ2VzeW5jL3N0b3JhZ2VTeW5jU2VydmljZXMvc3NzcHM0Nzc5L3dvcmtmbG93cy8yMTkwNTg4Yi0zOGUzLTRkMzUtYWU0Yi0yZmFhMzY4YmIyNTMvb3BlcmF0aW9ucy9lMWE0YzM2NC0xN2E1LTQ3MDItOTI5ZS05NWNkZjJkZjZiZTg/YXBpLXZlcnNpb249MjAxOS0wMi0wMQ==",
      "RequestMethod": "GET",
      "RequestBody": "",
      "RequestHeaders": {
        "User-Agent": [
          "FxVersion/4.6.27414.06",
          "OSName/Windows",
          "OSVersion/Microsoft.Windows.10.0.14393.",
          "Microsoft.Azure.Management.StorageSync.StorageSyncManagementClient/3.0.0.0"
        ]
      },
      "ResponseHeaders": {
        "Cache-Control": [
          "no-cache"
        ],
        "Pragma": [
          "no-cache"
        ],
        "x-ms-request-id": [
          "56453d28-864e-4c35-8159-1eea9bd73f80"
        ],
        "X-Content-Type-Options": [
          "nosniff"
        ],
        "Strict-Transport-Security": [
          "max-age=31536000; includeSubDomains"
        ],
        "x-ms-ratelimit-remaining-subscription-reads": [
          "11994"
        ],
        "Server": [
          "Microsoft-IIS/10.0"
        ],
        "X-AspNet-Version": [
          "4.0.30319"
        ],
        "X-Powered-By": [
          "ASP.NET"
        ],
        "x-ms-correlation-request-id": [
          "8cc4828d-0683-47be-9f98-2dc3d20e9929"
        ],
        "x-ms-routing-request-id": [
          "WESTUS2:20190507T220029Z:8cc4828d-0683-47be-9f98-2dc3d20e9929"
        ],
        "Date": [
          "Tue, 07 May 2019 22:00:28 GMT"
        ],
        "Content-Length": [
          "447"
        ],
        "Content-Type": [
          "application/json; charset=utf-8"
        ],
        "Expires": [
          "-1"
        ]
      },
      "ResponseBody": "{\r\n  \"id\": \"/subscriptions/7b96cb02-4663-40f4-9a89-603d3849e46a/resourceGroups/ps5347/providers/microsoft.storagesync/storageSyncServices/sssps4779/workflow/2190588b-38e3-4d35-ae4b-2faa368bb253/operationresults/e1a4c364-17a5-4702-929e-95cdf2df6be8\",\r\n  \"name\": \"e1a4c364-17a5-4702-929e-95cdf2df6be8\",\r\n  \"status\": \"Succeeded\",\r\n  \"startTime\": \"2019-05-07T21:59:37.7532193Z\",\r\n  \"endTime\": \"2019-05-07T22:00:26.3621921Z\",\r\n  \"percentComplete\": null,\r\n  \"error\": null,\r\n  \"properties\": {}\r\n}",
      "StatusCode": 200
    },
    {
      "RequestUri": "/subscriptions/7b96cb02-4663-40f4-9a89-603d3849e46a/resourceGroups/ps5347/providers/Microsoft.StorageSync/storageSyncServices/sssps4779/syncGroups/sgps4016/cloudEndpoints/cepps8649?api-version=2019-02-01",
      "EncodedRequestUri": "L3N1YnNjcmlwdGlvbnMvN2I5NmNiMDItNDY2My00MGY0LTlhODktNjAzZDM4NDllNDZhL3Jlc291cmNlR3JvdXBzL3BzNTM0Ny9wcm92aWRlcnMvTWljcm9zb2Z0LlN0b3JhZ2VTeW5jL3N0b3JhZ2VTeW5jU2VydmljZXMvc3NzcHM0Nzc5L3N5bmNHcm91cHMvc2dwczQwMTYvY2xvdWRFbmRwb2ludHMvY2VwcHM4NjQ5P2FwaS12ZXJzaW9uPTIwMTktMDItMDE=",
      "RequestMethod": "GET",
      "RequestBody": "",
      "RequestHeaders": {
        "User-Agent": [
          "FxVersion/4.6.27414.06",
          "OSName/Windows",
          "OSVersion/Microsoft.Windows.10.0.14393.",
          "Microsoft.Azure.Management.StorageSync.StorageSyncManagementClient/3.0.0.0"
        ]
      },
      "ResponseHeaders": {
        "Cache-Control": [
          "no-cache"
        ],
        "Pragma": [
          "no-cache"
        ],
        "x-ms-request-id": [
          "57436be3-95fc-42bc-b462-f5acfadf043c"
        ],
        "X-Content-Type-Options": [
          "nosniff"
        ],
        "Strict-Transport-Security": [
          "max-age=31536000; includeSubDomains"
        ],
        "Server": [
          "Microsoft-IIS/10.0"
        ],
        "X-AspNet-Version": [
          "4.0.30319"
        ],
        "X-Powered-By": [
          "ASP.NET"
        ],
        "x-ms-ratelimit-remaining-subscription-reads": [
          "11993"
        ],
        "x-ms-correlation-request-id": [
          "ca9c1aa5-cf7e-4492-b0f1-06247fc1849d"
        ],
        "x-ms-routing-request-id": [
          "WESTUS2:20190507T220029Z:ca9c1aa5-cf7e-4492-b0f1-06247fc1849d"
        ],
        "Date": [
          "Tue, 07 May 2019 22:00:29 GMT"
        ],
        "Content-Length": [
          "985"
        ],
        "Content-Type": [
          "application/json; charset=utf-8"
        ],
        "Expires": [
          "-1"
        ]
      },
      "ResponseBody": "{\r\n  \"properties\": {\r\n    \"storageAccountKey\": null,\r\n    \"storageAccount\": null,\r\n    \"storageAccountResourceId\": \"/subscriptions/7b96cb02-4663-40f4-9a89-603d3849e46a/resourceGroups/ps5347/providers/Microsoft.Storage/storageAccounts/saps7210\",\r\n    \"azureFileShareName\": \"testfs\",\r\n    \"storageAccountTenantId\": \"0483643a-cb2f-462a-bc27-1a270e5bdc0a\",\r\n    \"partnershipId\": \"1|U0VSVkVSQVNTWU5DQ0xJRU5USEZTVjJ8NkExRTFFMjItRjhCQy00QTU4LUFEMEQtOTMxQTYzNTQ1MUI3fEdFTkVSSUN8NTk1MzE1QzMtMTEzMC00NTk1LTg3MTItRjQ2NDUwRURDNUM4\",\r\n    \"friendlyName\": \"testfs\",\r\n    \"backupEnabled\": \"false\",\r\n    \"provisioningState\": \"Succeeded\",\r\n    \"lastWorkflowId\": \"storageSyncServices/sssps4779/workflows/2190588b-38e3-4d35-ae4b-2faa368bb253\",\r\n    \"lastOperationName\": \"ICreateCloudEndpointWorkflow\"\r\n  },\r\n  \"id\": \"/subscriptions/7b96cb02-4663-40f4-9a89-603d3849e46a/resourceGroups/ps5347/providers/microsoft.storagesync/storageSyncServices/sssps4779/syncGroups/sgps4016/cloudEndpoints/cepps8649\",\r\n  \"name\": \"cepps8649\",\r\n  \"type\": \"microsoft.storagesync/storageSyncServices/syncGroups/cloudEndpoints\"\r\n}",
      "StatusCode": 200
    },
    {
      "RequestUri": "/subscriptions/7b96cb02-4663-40f4-9a89-603d3849e46a/resourceGroups/ps5347/providers/Microsoft.StorageSync/storageSyncServices/sssps4779/syncGroups/sgps4016/cloudEndpoints/cepps8649?api-version=2019-02-01",
      "EncodedRequestUri": "L3N1YnNjcmlwdGlvbnMvN2I5NmNiMDItNDY2My00MGY0LTlhODktNjAzZDM4NDllNDZhL3Jlc291cmNlR3JvdXBzL3BzNTM0Ny9wcm92aWRlcnMvTWljcm9zb2Z0LlN0b3JhZ2VTeW5jL3N0b3JhZ2VTeW5jU2VydmljZXMvc3NzcHM0Nzc5L3N5bmNHcm91cHMvc2dwczQwMTYvY2xvdWRFbmRwb2ludHMvY2VwcHM4NjQ5P2FwaS12ZXJzaW9uPTIwMTktMDItMDE=",
      "RequestMethod": "DELETE",
      "RequestBody": "",
      "RequestHeaders": {
        "x-ms-client-request-id": [
          "8e53eafb-f25a-4c58-b9b9-599d161e2412"
        ],
        "Accept-Language": [
          "en-US"
        ],
        "User-Agent": [
          "FxVersion/4.6.27414.06",
          "OSName/Windows",
          "OSVersion/Microsoft.Windows.10.0.14393.",
          "Microsoft.Azure.Management.StorageSync.StorageSyncManagementClient/3.0.0.0"
        ]
      },
      "ResponseHeaders": {
        "Cache-Control": [
          "no-cache"
        ],
        "Pragma": [
          "no-cache"
        ],
        "Location": [
          "https://management.azure.com/subscriptions/7b96cb02-4663-40f4-9a89-603d3849e46a/resourceGroups/ps5347/providers/microsoft.storagesync/storageSyncServices/sssps4779/workflows/52377b8c-7e06-4d7f-b326-6531ac9ff561/operationresults/75ba6fda-e86c-4e36-abf5-2cafdcd0ec68?api-version=2019-02-01"
        ],
        "Retry-After": [
          "10"
        ],
        "Azure-AsyncOperation": [
          "https://management.azure.com/subscriptions/7b96cb02-4663-40f4-9a89-603d3849e46a/resourceGroups/ps5347/providers/microsoft.storagesync/storageSyncServices/sssps4779/workflows/52377b8c-7e06-4d7f-b326-6531ac9ff561/operations/75ba6fda-e86c-4e36-abf5-2cafdcd0ec68?api-version=2019-02-01"
        ],
        "x-ms-request-id": [
          "8de7ed33-1aed-4b0a-b2d8-9f8e67a904e2"
        ],
        "X-Content-Type-Options": [
          "nosniff"
        ],
        "Strict-Transport-Security": [
          "max-age=31536000; includeSubDomains"
        ],
        "Server": [
          "Microsoft-IIS/10.0"
        ],
        "X-AspNet-Version": [
          "4.0.30319"
        ],
        "X-Powered-By": [
          "ASP.NET"
        ],
        "x-ms-ratelimit-remaining-subscription-deletes": [
          "14999"
        ],
        "x-ms-correlation-request-id": [
          "7e6a4fbe-66da-4c44-b477-256764543acd"
        ],
        "x-ms-routing-request-id": [
          "WESTUS2:20190507T220029Z:7e6a4fbe-66da-4c44-b477-256764543acd"
        ],
        "Date": [
          "Tue, 07 May 2019 22:00:29 GMT"
        ],
        "Expires": [
          "-1"
        ],
        "Content-Length": [
          "0"
        ]
      },
      "ResponseBody": "",
      "StatusCode": 202
    },
    {
      "RequestUri": "/subscriptions/7b96cb02-4663-40f4-9a89-603d3849e46a/resourceGroups/ps5347/providers/microsoft.storagesync/storageSyncServices/sssps4779/workflows/52377b8c-7e06-4d7f-b326-6531ac9ff561/operations/75ba6fda-e86c-4e36-abf5-2cafdcd0ec68?api-version=2019-02-01",
      "EncodedRequestUri": "L3N1YnNjcmlwdGlvbnMvN2I5NmNiMDItNDY2My00MGY0LTlhODktNjAzZDM4NDllNDZhL3Jlc291cmNlR3JvdXBzL3BzNTM0Ny9wcm92aWRlcnMvbWljcm9zb2Z0LnN0b3JhZ2VzeW5jL3N0b3JhZ2VTeW5jU2VydmljZXMvc3NzcHM0Nzc5L3dvcmtmbG93cy81MjM3N2I4Yy03ZTA2LTRkN2YtYjMyNi02NTMxYWM5ZmY1NjEvb3BlcmF0aW9ucy83NWJhNmZkYS1lODZjLTRlMzYtYWJmNS0yY2FmZGNkMGVjNjg/YXBpLXZlcnNpb249MjAxOS0wMi0wMQ==",
      "RequestMethod": "GET",
      "RequestBody": "",
      "RequestHeaders": {
        "User-Agent": [
          "FxVersion/4.6.27414.06",
          "OSName/Windows",
          "OSVersion/Microsoft.Windows.10.0.14393.",
          "Microsoft.Azure.Management.StorageSync.StorageSyncManagementClient/3.0.0.0"
        ]
      },
      "ResponseHeaders": {
        "Cache-Control": [
          "no-cache"
        ],
        "Pragma": [
          "no-cache"
        ],
        "x-ms-request-id": [
          "90f1d4fc-1bcd-47cd-a08b-7e931b41646c"
        ],
        "X-Content-Type-Options": [
          "nosniff"
        ],
        "Strict-Transport-Security": [
          "max-age=31536000; includeSubDomains"
        ],
        "Server": [
          "Microsoft-IIS/10.0"
        ],
        "X-AspNet-Version": [
          "4.0.30319"
        ],
        "X-Powered-By": [
          "ASP.NET"
        ],
        "x-ms-ratelimit-remaining-subscription-reads": [
          "11992"
        ],
        "x-ms-correlation-request-id": [
          "d6ec9711-f3ef-435d-9d0a-0a593fc455ca"
        ],
        "x-ms-routing-request-id": [
          "WESTUS2:20190507T220040Z:d6ec9711-f3ef-435d-9d0a-0a593fc455ca"
        ],
        "Date": [
          "Tue, 07 May 2019 22:00:39 GMT"
        ],
        "Content-Length": [
          "459"
        ],
        "Content-Type": [
          "application/json; charset=utf-8"
        ],
        "Expires": [
          "-1"
        ]
      },
      "ResponseBody": "{\r\n  \"id\": \"/subscriptions/7b96cb02-4663-40f4-9a89-603d3849e46a/resourceGroups/ps5347/providers/microsoft.storagesync/storageSyncServices/sssps4779/workflow/52377b8c-7e06-4d7f-b326-6531ac9ff561/operationresults/75ba6fda-e86c-4e36-abf5-2cafdcd0ec68\",\r\n  \"name\": \"75ba6fda-e86c-4e36-abf5-2cafdcd0ec68\",\r\n  \"status\": \"clearFileShareMetadata\",\r\n  \"startTime\": \"2019-05-07T22:00:30.3839369Z\",\r\n  \"endTime\": \"2019-05-07T22:00:30.680434Z\",\r\n  \"percentComplete\": null,\r\n  \"error\": null,\r\n  \"properties\": {}\r\n}",
      "StatusCode": 200
    },
    {
      "RequestUri": "/subscriptions/7b96cb02-4663-40f4-9a89-603d3849e46a/resourceGroups/ps5347/providers/microsoft.storagesync/storageSyncServices/sssps4779/workflows/52377b8c-7e06-4d7f-b326-6531ac9ff561/operations/75ba6fda-e86c-4e36-abf5-2cafdcd0ec68?api-version=2019-02-01",
      "EncodedRequestUri": "L3N1YnNjcmlwdGlvbnMvN2I5NmNiMDItNDY2My00MGY0LTlhODktNjAzZDM4NDllNDZhL3Jlc291cmNlR3JvdXBzL3BzNTM0Ny9wcm92aWRlcnMvbWljcm9zb2Z0LnN0b3JhZ2VzeW5jL3N0b3JhZ2VTeW5jU2VydmljZXMvc3NzcHM0Nzc5L3dvcmtmbG93cy81MjM3N2I4Yy03ZTA2LTRkN2YtYjMyNi02NTMxYWM5ZmY1NjEvb3BlcmF0aW9ucy83NWJhNmZkYS1lODZjLTRlMzYtYWJmNS0yY2FmZGNkMGVjNjg/YXBpLXZlcnNpb249MjAxOS0wMi0wMQ==",
      "RequestMethod": "GET",
      "RequestBody": "",
      "RequestHeaders": {
        "User-Agent": [
          "FxVersion/4.6.27414.06",
          "OSName/Windows",
          "OSVersion/Microsoft.Windows.10.0.14393.",
          "Microsoft.Azure.Management.StorageSync.StorageSyncManagementClient/3.0.0.0"
        ]
      },
      "ResponseHeaders": {
        "Cache-Control": [
          "no-cache"
        ],
        "Pragma": [
          "no-cache"
        ],
        "x-ms-request-id": [
          "bebe9bbf-66b4-40dc-8fb2-2c879eca2412"
        ],
        "X-Content-Type-Options": [
          "nosniff"
        ],
        "Strict-Transport-Security": [
          "max-age=31536000; includeSubDomains"
        ],
        "Server": [
          "Microsoft-IIS/10.0"
        ],
        "X-AspNet-Version": [
          "4.0.30319"
        ],
        "X-Powered-By": [
          "ASP.NET"
        ],
        "x-ms-ratelimit-remaining-subscription-reads": [
          "11991"
        ],
        "x-ms-correlation-request-id": [
          "1278b5d6-9a94-4189-b129-7b5017e2995b"
        ],
        "x-ms-routing-request-id": [
          "WESTUS2:20190507T220050Z:1278b5d6-9a94-4189-b129-7b5017e2995b"
        ],
        "Date": [
          "Tue, 07 May 2019 22:00:50 GMT"
        ],
        "Content-Length": [
          "459"
        ],
        "Content-Type": [
          "application/json; charset=utf-8"
        ],
        "Expires": [
          "-1"
        ]
      },
      "ResponseBody": "{\r\n  \"id\": \"/subscriptions/7b96cb02-4663-40f4-9a89-603d3849e46a/resourceGroups/ps5347/providers/microsoft.storagesync/storageSyncServices/sssps4779/workflow/52377b8c-7e06-4d7f-b326-6531ac9ff561/operationresults/75ba6fda-e86c-4e36-abf5-2cafdcd0ec68\",\r\n  \"name\": \"75ba6fda-e86c-4e36-abf5-2cafdcd0ec68\",\r\n  \"status\": \"clearFileShareMetadata\",\r\n  \"startTime\": \"2019-05-07T22:00:30.3839369Z\",\r\n  \"endTime\": \"2019-05-07T22:00:30.680434Z\",\r\n  \"percentComplete\": null,\r\n  \"error\": null,\r\n  \"properties\": {}\r\n}",
      "StatusCode": 200
    },
    {
      "RequestUri": "/subscriptions/7b96cb02-4663-40f4-9a89-603d3849e46a/resourceGroups/ps5347/providers/microsoft.storagesync/storageSyncServices/sssps4779/workflows/52377b8c-7e06-4d7f-b326-6531ac9ff561/operations/75ba6fda-e86c-4e36-abf5-2cafdcd0ec68?api-version=2019-02-01",
      "EncodedRequestUri": "L3N1YnNjcmlwdGlvbnMvN2I5NmNiMDItNDY2My00MGY0LTlhODktNjAzZDM4NDllNDZhL3Jlc291cmNlR3JvdXBzL3BzNTM0Ny9wcm92aWRlcnMvbWljcm9zb2Z0LnN0b3JhZ2VzeW5jL3N0b3JhZ2VTeW5jU2VydmljZXMvc3NzcHM0Nzc5L3dvcmtmbG93cy81MjM3N2I4Yy03ZTA2LTRkN2YtYjMyNi02NTMxYWM5ZmY1NjEvb3BlcmF0aW9ucy83NWJhNmZkYS1lODZjLTRlMzYtYWJmNS0yY2FmZGNkMGVjNjg/YXBpLXZlcnNpb249MjAxOS0wMi0wMQ==",
      "RequestMethod": "GET",
      "RequestBody": "",
      "RequestHeaders": {
        "User-Agent": [
          "FxVersion/4.6.27414.06",
          "OSName/Windows",
          "OSVersion/Microsoft.Windows.10.0.14393.",
          "Microsoft.Azure.Management.StorageSync.StorageSyncManagementClient/3.0.0.0"
        ]
      },
      "ResponseHeaders": {
        "Cache-Control": [
          "no-cache"
        ],
        "Pragma": [
          "no-cache"
        ],
        "x-ms-request-id": [
          "1157d508-a472-4098-ac06-5d64a9cd225f"
        ],
        "X-Content-Type-Options": [
          "nosniff"
        ],
        "Strict-Transport-Security": [
          "max-age=31536000; includeSubDomains"
        ],
        "Server": [
          "Microsoft-IIS/10.0"
        ],
        "X-AspNet-Version": [
          "4.0.30319"
        ],
        "X-Powered-By": [
          "ASP.NET"
        ],
        "x-ms-ratelimit-remaining-subscription-reads": [
          "11990"
        ],
        "x-ms-correlation-request-id": [
          "ff66f037-ad20-440e-8420-63d55b759fe8"
        ],
        "x-ms-routing-request-id": [
          "WESTUS2:20190507T220100Z:ff66f037-ad20-440e-8420-63d55b759fe8"
        ],
        "Date": [
          "Tue, 07 May 2019 22:01:00 GMT"
        ],
        "Content-Length": [
          "459"
        ],
        "Content-Type": [
          "application/json; charset=utf-8"
        ],
        "Expires": [
          "-1"
        ]
      },
      "ResponseBody": "{\r\n  \"id\": \"/subscriptions/7b96cb02-4663-40f4-9a89-603d3849e46a/resourceGroups/ps5347/providers/microsoft.storagesync/storageSyncServices/sssps4779/workflow/52377b8c-7e06-4d7f-b326-6531ac9ff561/operationresults/75ba6fda-e86c-4e36-abf5-2cafdcd0ec68\",\r\n  \"name\": \"75ba6fda-e86c-4e36-abf5-2cafdcd0ec68\",\r\n  \"status\": \"clearFileShareMetadata\",\r\n  \"startTime\": \"2019-05-07T22:00:30.3839369Z\",\r\n  \"endTime\": \"2019-05-07T22:00:30.680434Z\",\r\n  \"percentComplete\": null,\r\n  \"error\": null,\r\n  \"properties\": {}\r\n}",
      "StatusCode": 200
    },
    {
      "RequestUri": "/subscriptions/7b96cb02-4663-40f4-9a89-603d3849e46a/resourceGroups/ps5347/providers/microsoft.storagesync/storageSyncServices/sssps4779/workflows/52377b8c-7e06-4d7f-b326-6531ac9ff561/operations/75ba6fda-e86c-4e36-abf5-2cafdcd0ec68?api-version=2019-02-01",
      "EncodedRequestUri": "L3N1YnNjcmlwdGlvbnMvN2I5NmNiMDItNDY2My00MGY0LTlhODktNjAzZDM4NDllNDZhL3Jlc291cmNlR3JvdXBzL3BzNTM0Ny9wcm92aWRlcnMvbWljcm9zb2Z0LnN0b3JhZ2VzeW5jL3N0b3JhZ2VTeW5jU2VydmljZXMvc3NzcHM0Nzc5L3dvcmtmbG93cy81MjM3N2I4Yy03ZTA2LTRkN2YtYjMyNi02NTMxYWM5ZmY1NjEvb3BlcmF0aW9ucy83NWJhNmZkYS1lODZjLTRlMzYtYWJmNS0yY2FmZGNkMGVjNjg/YXBpLXZlcnNpb249MjAxOS0wMi0wMQ==",
      "RequestMethod": "GET",
      "RequestBody": "",
      "RequestHeaders": {
        "User-Agent": [
          "FxVersion/4.6.27414.06",
          "OSName/Windows",
          "OSVersion/Microsoft.Windows.10.0.14393.",
          "Microsoft.Azure.Management.StorageSync.StorageSyncManagementClient/3.0.0.0"
        ]
      },
      "ResponseHeaders": {
        "Cache-Control": [
          "no-cache"
        ],
        "Pragma": [
          "no-cache"
        ],
        "x-ms-request-id": [
          "6b648993-20bf-49f4-b53b-c43d89c1c45d"
        ],
        "X-Content-Type-Options": [
          "nosniff"
        ],
        "Strict-Transport-Security": [
          "max-age=31536000; includeSubDomains"
        ],
        "Server": [
          "Microsoft-IIS/10.0"
        ],
        "X-AspNet-Version": [
          "4.0.30319"
        ],
        "X-Powered-By": [
          "ASP.NET"
        ],
        "x-ms-ratelimit-remaining-subscription-reads": [
          "11989"
        ],
        "x-ms-correlation-request-id": [
          "ccada6d2-7025-4a3b-b79b-9579ab999a73"
        ],
        "x-ms-routing-request-id": [
          "WESTUS2:20190507T220110Z:ccada6d2-7025-4a3b-b79b-9579ab999a73"
        ],
        "Date": [
          "Tue, 07 May 2019 22:01:10 GMT"
        ],
        "Content-Length": [
          "459"
        ],
        "Content-Type": [
          "application/json; charset=utf-8"
        ],
        "Expires": [
          "-1"
        ]
      },
      "ResponseBody": "{\r\n  \"id\": \"/subscriptions/7b96cb02-4663-40f4-9a89-603d3849e46a/resourceGroups/ps5347/providers/microsoft.storagesync/storageSyncServices/sssps4779/workflow/52377b8c-7e06-4d7f-b326-6531ac9ff561/operationresults/75ba6fda-e86c-4e36-abf5-2cafdcd0ec68\",\r\n  \"name\": \"75ba6fda-e86c-4e36-abf5-2cafdcd0ec68\",\r\n  \"status\": \"clearFileShareMetadata\",\r\n  \"startTime\": \"2019-05-07T22:00:30.3839369Z\",\r\n  \"endTime\": \"2019-05-07T22:00:30.680434Z\",\r\n  \"percentComplete\": null,\r\n  \"error\": null,\r\n  \"properties\": {}\r\n}",
      "StatusCode": 200
    },
    {
      "RequestUri": "/subscriptions/7b96cb02-4663-40f4-9a89-603d3849e46a/resourceGroups/ps5347/providers/microsoft.storagesync/storageSyncServices/sssps4779/workflows/52377b8c-7e06-4d7f-b326-6531ac9ff561/operations/75ba6fda-e86c-4e36-abf5-2cafdcd0ec68?api-version=2019-02-01",
      "EncodedRequestUri": "L3N1YnNjcmlwdGlvbnMvN2I5NmNiMDItNDY2My00MGY0LTlhODktNjAzZDM4NDllNDZhL3Jlc291cmNlR3JvdXBzL3BzNTM0Ny9wcm92aWRlcnMvbWljcm9zb2Z0LnN0b3JhZ2VzeW5jL3N0b3JhZ2VTeW5jU2VydmljZXMvc3NzcHM0Nzc5L3dvcmtmbG93cy81MjM3N2I4Yy03ZTA2LTRkN2YtYjMyNi02NTMxYWM5ZmY1NjEvb3BlcmF0aW9ucy83NWJhNmZkYS1lODZjLTRlMzYtYWJmNS0yY2FmZGNkMGVjNjg/YXBpLXZlcnNpb249MjAxOS0wMi0wMQ==",
      "RequestMethod": "GET",
      "RequestBody": "",
      "RequestHeaders": {
        "User-Agent": [
          "FxVersion/4.6.27414.06",
          "OSName/Windows",
          "OSVersion/Microsoft.Windows.10.0.14393.",
          "Microsoft.Azure.Management.StorageSync.StorageSyncManagementClient/3.0.0.0"
        ]
      },
      "ResponseHeaders": {
        "Cache-Control": [
          "no-cache"
        ],
        "Pragma": [
          "no-cache"
        ],
        "x-ms-request-id": [
          "2373c553-9b12-43b2-aba7-274e7aed5eaa"
        ],
        "X-Content-Type-Options": [
          "nosniff"
        ],
        "Strict-Transport-Security": [
          "max-age=31536000; includeSubDomains"
        ],
        "x-ms-ratelimit-remaining-subscription-reads": [
          "11988"
        ],
        "Server": [
          "Microsoft-IIS/10.0"
        ],
        "X-AspNet-Version": [
          "4.0.30319"
        ],
        "X-Powered-By": [
          "ASP.NET"
        ],
        "x-ms-correlation-request-id": [
          "7951486b-9f7b-4be1-8018-c8c843e2df95"
        ],
        "x-ms-routing-request-id": [
          "WESTUS2:20190507T220121Z:7951486b-9f7b-4be1-8018-c8c843e2df95"
        ],
        "Date": [
          "Tue, 07 May 2019 22:01:20 GMT"
        ],
        "Content-Length": [
          "459"
        ],
        "Content-Type": [
          "application/json; charset=utf-8"
        ],
        "Expires": [
          "-1"
        ]
      },
      "ResponseBody": "{\r\n  \"id\": \"/subscriptions/7b96cb02-4663-40f4-9a89-603d3849e46a/resourceGroups/ps5347/providers/microsoft.storagesync/storageSyncServices/sssps4779/workflow/52377b8c-7e06-4d7f-b326-6531ac9ff561/operationresults/75ba6fda-e86c-4e36-abf5-2cafdcd0ec68\",\r\n  \"name\": \"75ba6fda-e86c-4e36-abf5-2cafdcd0ec68\",\r\n  \"status\": \"clearFileShareMetadata\",\r\n  \"startTime\": \"2019-05-07T22:00:30.3839369Z\",\r\n  \"endTime\": \"2019-05-07T22:00:30.680434Z\",\r\n  \"percentComplete\": null,\r\n  \"error\": null,\r\n  \"properties\": {}\r\n}",
      "StatusCode": 200
    },
    {
      "RequestUri": "/subscriptions/7b96cb02-4663-40f4-9a89-603d3849e46a/resourceGroups/ps5347/providers/microsoft.storagesync/storageSyncServices/sssps4779/workflows/52377b8c-7e06-4d7f-b326-6531ac9ff561/operations/75ba6fda-e86c-4e36-abf5-2cafdcd0ec68?api-version=2019-02-01",
      "EncodedRequestUri": "L3N1YnNjcmlwdGlvbnMvN2I5NmNiMDItNDY2My00MGY0LTlhODktNjAzZDM4NDllNDZhL3Jlc291cmNlR3JvdXBzL3BzNTM0Ny9wcm92aWRlcnMvbWljcm9zb2Z0LnN0b3JhZ2VzeW5jL3N0b3JhZ2VTeW5jU2VydmljZXMvc3NzcHM0Nzc5L3dvcmtmbG93cy81MjM3N2I4Yy03ZTA2LTRkN2YtYjMyNi02NTMxYWM5ZmY1NjEvb3BlcmF0aW9ucy83NWJhNmZkYS1lODZjLTRlMzYtYWJmNS0yY2FmZGNkMGVjNjg/YXBpLXZlcnNpb249MjAxOS0wMi0wMQ==",
      "RequestMethod": "GET",
      "RequestBody": "",
      "RequestHeaders": {
        "User-Agent": [
          "FxVersion/4.6.27414.06",
          "OSName/Windows",
          "OSVersion/Microsoft.Windows.10.0.14393.",
          "Microsoft.Azure.Management.StorageSync.StorageSyncManagementClient/3.0.0.0"
        ]
      },
      "ResponseHeaders": {
        "Cache-Control": [
          "no-cache"
        ],
        "Pragma": [
          "no-cache"
        ],
        "x-ms-request-id": [
          "48ed7b81-22ff-4e19-b798-1d0c090d8aef"
        ],
        "X-Content-Type-Options": [
          "nosniff"
        ],
        "Strict-Transport-Security": [
          "max-age=31536000; includeSubDomains"
        ],
        "Server": [
          "Microsoft-IIS/10.0"
        ],
        "X-AspNet-Version": [
          "4.0.30319"
        ],
        "X-Powered-By": [
          "ASP.NET"
        ],
        "x-ms-ratelimit-remaining-subscription-reads": [
          "11987"
        ],
        "x-ms-correlation-request-id": [
          "75b9a763-cd26-4a12-b178-e27d21d8fc7f"
        ],
        "x-ms-routing-request-id": [
          "WESTUS2:20190507T220131Z:75b9a763-cd26-4a12-b178-e27d21d8fc7f"
        ],
        "Date": [
          "Tue, 07 May 2019 22:01:30 GMT"
        ],
        "Content-Length": [
          "459"
        ],
        "Content-Type": [
          "application/json; charset=utf-8"
        ],
        "Expires": [
          "-1"
        ]
      },
      "ResponseBody": "{\r\n  \"id\": \"/subscriptions/7b96cb02-4663-40f4-9a89-603d3849e46a/resourceGroups/ps5347/providers/microsoft.storagesync/storageSyncServices/sssps4779/workflow/52377b8c-7e06-4d7f-b326-6531ac9ff561/operationresults/75ba6fda-e86c-4e36-abf5-2cafdcd0ec68\",\r\n  \"name\": \"75ba6fda-e86c-4e36-abf5-2cafdcd0ec68\",\r\n  \"status\": \"clearFileShareMetadata\",\r\n  \"startTime\": \"2019-05-07T22:00:30.3839369Z\",\r\n  \"endTime\": \"2019-05-07T22:00:30.680434Z\",\r\n  \"percentComplete\": null,\r\n  \"error\": null,\r\n  \"properties\": {}\r\n}",
      "StatusCode": 200
    },
    {
      "RequestUri": "/subscriptions/7b96cb02-4663-40f4-9a89-603d3849e46a/resourceGroups/ps5347/providers/microsoft.storagesync/storageSyncServices/sssps4779/workflows/52377b8c-7e06-4d7f-b326-6531ac9ff561/operations/75ba6fda-e86c-4e36-abf5-2cafdcd0ec68?api-version=2019-02-01",
      "EncodedRequestUri": "L3N1YnNjcmlwdGlvbnMvN2I5NmNiMDItNDY2My00MGY0LTlhODktNjAzZDM4NDllNDZhL3Jlc291cmNlR3JvdXBzL3BzNTM0Ny9wcm92aWRlcnMvbWljcm9zb2Z0LnN0b3JhZ2VzeW5jL3N0b3JhZ2VTeW5jU2VydmljZXMvc3NzcHM0Nzc5L3dvcmtmbG93cy81MjM3N2I4Yy03ZTA2LTRkN2YtYjMyNi02NTMxYWM5ZmY1NjEvb3BlcmF0aW9ucy83NWJhNmZkYS1lODZjLTRlMzYtYWJmNS0yY2FmZGNkMGVjNjg/YXBpLXZlcnNpb249MjAxOS0wMi0wMQ==",
      "RequestMethod": "GET",
      "RequestBody": "",
      "RequestHeaders": {
        "User-Agent": [
          "FxVersion/4.6.27414.06",
          "OSName/Windows",
          "OSVersion/Microsoft.Windows.10.0.14393.",
          "Microsoft.Azure.Management.StorageSync.StorageSyncManagementClient/3.0.0.0"
        ]
      },
      "ResponseHeaders": {
        "Cache-Control": [
          "no-cache"
        ],
        "Pragma": [
          "no-cache"
        ],
        "x-ms-request-id": [
          "d7640402-061c-43ab-933f-5e45c5a3eace"
        ],
        "X-Content-Type-Options": [
          "nosniff"
        ],
        "Strict-Transport-Security": [
          "max-age=31536000; includeSubDomains"
        ],
        "Server": [
          "Microsoft-IIS/10.0"
        ],
        "X-AspNet-Version": [
          "4.0.30319"
        ],
        "X-Powered-By": [
          "ASP.NET"
        ],
        "x-ms-ratelimit-remaining-subscription-reads": [
          "11986"
        ],
        "x-ms-correlation-request-id": [
          "9a60c72d-bed6-4d67-976b-942a95400ab5"
        ],
        "x-ms-routing-request-id": [
          "WESTUS2:20190507T220141Z:9a60c72d-bed6-4d67-976b-942a95400ab5"
        ],
        "Date": [
          "Tue, 07 May 2019 22:01:41 GMT"
        ],
        "Content-Length": [
          "459"
        ],
        "Content-Type": [
          "application/json; charset=utf-8"
        ],
        "Expires": [
          "-1"
        ]
      },
      "ResponseBody": "{\r\n  \"id\": \"/subscriptions/7b96cb02-4663-40f4-9a89-603d3849e46a/resourceGroups/ps5347/providers/microsoft.storagesync/storageSyncServices/sssps4779/workflow/52377b8c-7e06-4d7f-b326-6531ac9ff561/operationresults/75ba6fda-e86c-4e36-abf5-2cafdcd0ec68\",\r\n  \"name\": \"75ba6fda-e86c-4e36-abf5-2cafdcd0ec68\",\r\n  \"status\": \"clearFileShareMetadata\",\r\n  \"startTime\": \"2019-05-07T22:00:30.3839369Z\",\r\n  \"endTime\": \"2019-05-07T22:00:30.680434Z\",\r\n  \"percentComplete\": null,\r\n  \"error\": null,\r\n  \"properties\": {}\r\n}",
      "StatusCode": 200
    },
    {
      "RequestUri": "/subscriptions/7b96cb02-4663-40f4-9a89-603d3849e46a/resourceGroups/ps5347/providers/microsoft.storagesync/storageSyncServices/sssps4779/workflows/52377b8c-7e06-4d7f-b326-6531ac9ff561/operations/75ba6fda-e86c-4e36-abf5-2cafdcd0ec68?api-version=2019-02-01",
      "EncodedRequestUri": "L3N1YnNjcmlwdGlvbnMvN2I5NmNiMDItNDY2My00MGY0LTlhODktNjAzZDM4NDllNDZhL3Jlc291cmNlR3JvdXBzL3BzNTM0Ny9wcm92aWRlcnMvbWljcm9zb2Z0LnN0b3JhZ2VzeW5jL3N0b3JhZ2VTeW5jU2VydmljZXMvc3NzcHM0Nzc5L3dvcmtmbG93cy81MjM3N2I4Yy03ZTA2LTRkN2YtYjMyNi02NTMxYWM5ZmY1NjEvb3BlcmF0aW9ucy83NWJhNmZkYS1lODZjLTRlMzYtYWJmNS0yY2FmZGNkMGVjNjg/YXBpLXZlcnNpb249MjAxOS0wMi0wMQ==",
      "RequestMethod": "GET",
      "RequestBody": "",
      "RequestHeaders": {
        "User-Agent": [
          "FxVersion/4.6.27414.06",
          "OSName/Windows",
          "OSVersion/Microsoft.Windows.10.0.14393.",
          "Microsoft.Azure.Management.StorageSync.StorageSyncManagementClient/3.0.0.0"
        ]
      },
      "ResponseHeaders": {
        "Cache-Control": [
          "no-cache"
        ],
        "Pragma": [
          "no-cache"
        ],
        "x-ms-request-id": [
          "b6d507a0-d829-4d8a-9f4a-804e6bebc917"
        ],
        "X-Content-Type-Options": [
          "nosniff"
        ],
        "Strict-Transport-Security": [
          "max-age=31536000; includeSubDomains"
        ],
        "Server": [
          "Microsoft-IIS/10.0"
        ],
        "X-AspNet-Version": [
          "4.0.30319"
        ],
        "X-Powered-By": [
          "ASP.NET"
        ],
        "x-ms-ratelimit-remaining-subscription-reads": [
          "11985"
        ],
        "x-ms-correlation-request-id": [
          "b65cf058-2cdd-45e3-90b1-87eebc2e88f3"
        ],
        "x-ms-routing-request-id": [
          "WESTUS2:20190507T220152Z:b65cf058-2cdd-45e3-90b1-87eebc2e88f3"
        ],
        "Date": [
          "Tue, 07 May 2019 22:01:52 GMT"
        ],
        "Content-Length": [
          "459"
        ],
        "Content-Type": [
          "application/json; charset=utf-8"
        ],
        "Expires": [
          "-1"
        ]
      },
      "ResponseBody": "{\r\n  \"id\": \"/subscriptions/7b96cb02-4663-40f4-9a89-603d3849e46a/resourceGroups/ps5347/providers/microsoft.storagesync/storageSyncServices/sssps4779/workflow/52377b8c-7e06-4d7f-b326-6531ac9ff561/operationresults/75ba6fda-e86c-4e36-abf5-2cafdcd0ec68\",\r\n  \"name\": \"75ba6fda-e86c-4e36-abf5-2cafdcd0ec68\",\r\n  \"status\": \"clearFileShareMetadata\",\r\n  \"startTime\": \"2019-05-07T22:00:30.3839369Z\",\r\n  \"endTime\": \"2019-05-07T22:00:30.680434Z\",\r\n  \"percentComplete\": null,\r\n  \"error\": null,\r\n  \"properties\": {}\r\n}",
      "StatusCode": 200
    },
    {
      "RequestUri": "/subscriptions/7b96cb02-4663-40f4-9a89-603d3849e46a/resourceGroups/ps5347/providers/microsoft.storagesync/storageSyncServices/sssps4779/workflows/52377b8c-7e06-4d7f-b326-6531ac9ff561/operations/75ba6fda-e86c-4e36-abf5-2cafdcd0ec68?api-version=2019-02-01",
      "EncodedRequestUri": "L3N1YnNjcmlwdGlvbnMvN2I5NmNiMDItNDY2My00MGY0LTlhODktNjAzZDM4NDllNDZhL3Jlc291cmNlR3JvdXBzL3BzNTM0Ny9wcm92aWRlcnMvbWljcm9zb2Z0LnN0b3JhZ2VzeW5jL3N0b3JhZ2VTeW5jU2VydmljZXMvc3NzcHM0Nzc5L3dvcmtmbG93cy81MjM3N2I4Yy03ZTA2LTRkN2YtYjMyNi02NTMxYWM5ZmY1NjEvb3BlcmF0aW9ucy83NWJhNmZkYS1lODZjLTRlMzYtYWJmNS0yY2FmZGNkMGVjNjg/YXBpLXZlcnNpb249MjAxOS0wMi0wMQ==",
      "RequestMethod": "GET",
      "RequestBody": "",
      "RequestHeaders": {
        "User-Agent": [
          "FxVersion/4.6.27414.06",
          "OSName/Windows",
          "OSVersion/Microsoft.Windows.10.0.14393.",
          "Microsoft.Azure.Management.StorageSync.StorageSyncManagementClient/3.0.0.0"
        ]
      },
      "ResponseHeaders": {
        "Cache-Control": [
          "no-cache"
        ],
        "Pragma": [
          "no-cache"
        ],
        "x-ms-request-id": [
          "56918845-80da-4259-8a19-29d8a6d68532"
        ],
        "X-Content-Type-Options": [
          "nosniff"
        ],
        "Strict-Transport-Security": [
          "max-age=31536000; includeSubDomains"
        ],
        "Server": [
          "Microsoft-IIS/10.0"
        ],
        "X-AspNet-Version": [
          "4.0.30319"
        ],
        "X-Powered-By": [
          "ASP.NET"
        ],
        "x-ms-ratelimit-remaining-subscription-reads": [
          "11984"
        ],
        "x-ms-correlation-request-id": [
          "5400ba0b-9da2-4eb9-8860-1a6d5c8e63cd"
        ],
        "x-ms-routing-request-id": [
          "WESTUS2:20190507T220202Z:5400ba0b-9da2-4eb9-8860-1a6d5c8e63cd"
        ],
        "Date": [
          "Tue, 07 May 2019 22:02:02 GMT"
        ],
        "Content-Length": [
          "459"
        ],
        "Content-Type": [
          "application/json; charset=utf-8"
        ],
        "Expires": [
          "-1"
        ]
      },
      "ResponseBody": "{\r\n  \"id\": \"/subscriptions/7b96cb02-4663-40f4-9a89-603d3849e46a/resourceGroups/ps5347/providers/microsoft.storagesync/storageSyncServices/sssps4779/workflow/52377b8c-7e06-4d7f-b326-6531ac9ff561/operationresults/75ba6fda-e86c-4e36-abf5-2cafdcd0ec68\",\r\n  \"name\": \"75ba6fda-e86c-4e36-abf5-2cafdcd0ec68\",\r\n  \"status\": \"clearFileShareMetadata\",\r\n  \"startTime\": \"2019-05-07T22:00:30.3839369Z\",\r\n  \"endTime\": \"2019-05-07T22:00:30.680434Z\",\r\n  \"percentComplete\": null,\r\n  \"error\": null,\r\n  \"properties\": {}\r\n}",
      "StatusCode": 200
    },
    {
      "RequestUri": "/subscriptions/7b96cb02-4663-40f4-9a89-603d3849e46a/resourceGroups/ps5347/providers/microsoft.storagesync/storageSyncServices/sssps4779/workflows/52377b8c-7e06-4d7f-b326-6531ac9ff561/operations/75ba6fda-e86c-4e36-abf5-2cafdcd0ec68?api-version=2019-02-01",
      "EncodedRequestUri": "L3N1YnNjcmlwdGlvbnMvN2I5NmNiMDItNDY2My00MGY0LTlhODktNjAzZDM4NDllNDZhL3Jlc291cmNlR3JvdXBzL3BzNTM0Ny9wcm92aWRlcnMvbWljcm9zb2Z0LnN0b3JhZ2VzeW5jL3N0b3JhZ2VTeW5jU2VydmljZXMvc3NzcHM0Nzc5L3dvcmtmbG93cy81MjM3N2I4Yy03ZTA2LTRkN2YtYjMyNi02NTMxYWM5ZmY1NjEvb3BlcmF0aW9ucy83NWJhNmZkYS1lODZjLTRlMzYtYWJmNS0yY2FmZGNkMGVjNjg/YXBpLXZlcnNpb249MjAxOS0wMi0wMQ==",
      "RequestMethod": "GET",
      "RequestBody": "",
      "RequestHeaders": {
        "User-Agent": [
          "FxVersion/4.6.27414.06",
          "OSName/Windows",
          "OSVersion/Microsoft.Windows.10.0.14393.",
          "Microsoft.Azure.Management.StorageSync.StorageSyncManagementClient/3.0.0.0"
        ]
      },
      "ResponseHeaders": {
        "Cache-Control": [
          "no-cache"
        ],
        "Pragma": [
          "no-cache"
        ],
        "x-ms-request-id": [
          "eb341040-727b-4009-9230-b465f7d0d38f"
        ],
        "X-Content-Type-Options": [
          "nosniff"
        ],
        "Strict-Transport-Security": [
          "max-age=31536000; includeSubDomains"
        ],
        "Server": [
          "Microsoft-IIS/10.0"
        ],
        "X-AspNet-Version": [
          "4.0.30319"
        ],
        "X-Powered-By": [
          "ASP.NET"
        ],
        "x-ms-ratelimit-remaining-subscription-reads": [
          "11983"
        ],
        "x-ms-correlation-request-id": [
          "25d5fc3c-7537-409b-be1d-30b729609f5c"
        ],
        "x-ms-routing-request-id": [
          "WESTUS2:20190507T220212Z:25d5fc3c-7537-409b-be1d-30b729609f5c"
        ],
        "Date": [
          "Tue, 07 May 2019 22:02:12 GMT"
        ],
        "Content-Length": [
          "459"
        ],
        "Content-Type": [
          "application/json; charset=utf-8"
        ],
        "Expires": [
          "-1"
        ]
      },
      "ResponseBody": "{\r\n  \"id\": \"/subscriptions/7b96cb02-4663-40f4-9a89-603d3849e46a/resourceGroups/ps5347/providers/microsoft.storagesync/storageSyncServices/sssps4779/workflow/52377b8c-7e06-4d7f-b326-6531ac9ff561/operationresults/75ba6fda-e86c-4e36-abf5-2cafdcd0ec68\",\r\n  \"name\": \"75ba6fda-e86c-4e36-abf5-2cafdcd0ec68\",\r\n  \"status\": \"clearFileShareMetadata\",\r\n  \"startTime\": \"2019-05-07T22:00:30.3839369Z\",\r\n  \"endTime\": \"2019-05-07T22:00:30.680434Z\",\r\n  \"percentComplete\": null,\r\n  \"error\": null,\r\n  \"properties\": {}\r\n}",
      "StatusCode": 200
    },
    {
      "RequestUri": "/subscriptions/7b96cb02-4663-40f4-9a89-603d3849e46a/resourceGroups/ps5347/providers/microsoft.storagesync/storageSyncServices/sssps4779/workflows/52377b8c-7e06-4d7f-b326-6531ac9ff561/operations/75ba6fda-e86c-4e36-abf5-2cafdcd0ec68?api-version=2019-02-01",
      "EncodedRequestUri": "L3N1YnNjcmlwdGlvbnMvN2I5NmNiMDItNDY2My00MGY0LTlhODktNjAzZDM4NDllNDZhL3Jlc291cmNlR3JvdXBzL3BzNTM0Ny9wcm92aWRlcnMvbWljcm9zb2Z0LnN0b3JhZ2VzeW5jL3N0b3JhZ2VTeW5jU2VydmljZXMvc3NzcHM0Nzc5L3dvcmtmbG93cy81MjM3N2I4Yy03ZTA2LTRkN2YtYjMyNi02NTMxYWM5ZmY1NjEvb3BlcmF0aW9ucy83NWJhNmZkYS1lODZjLTRlMzYtYWJmNS0yY2FmZGNkMGVjNjg/YXBpLXZlcnNpb249MjAxOS0wMi0wMQ==",
      "RequestMethod": "GET",
      "RequestBody": "",
      "RequestHeaders": {
        "User-Agent": [
          "FxVersion/4.6.27414.06",
          "OSName/Windows",
          "OSVersion/Microsoft.Windows.10.0.14393.",
          "Microsoft.Azure.Management.StorageSync.StorageSyncManagementClient/3.0.0.0"
        ]
      },
      "ResponseHeaders": {
        "Cache-Control": [
          "no-cache"
        ],
        "Pragma": [
          "no-cache"
        ],
        "x-ms-request-id": [
          "96a6078b-52be-491d-9547-18026e632b26"
        ],
        "X-Content-Type-Options": [
          "nosniff"
        ],
        "Strict-Transport-Security": [
          "max-age=31536000; includeSubDomains"
        ],
        "x-ms-ratelimit-remaining-subscription-reads": [
          "11982"
        ],
        "Server": [
          "Microsoft-IIS/10.0"
        ],
        "X-AspNet-Version": [
          "4.0.30319"
        ],
        "X-Powered-By": [
          "ASP.NET"
        ],
        "x-ms-correlation-request-id": [
          "36a2a16c-923d-4852-85c3-bf5315363290"
        ],
        "x-ms-routing-request-id": [
          "WESTUS2:20190507T220223Z:36a2a16c-923d-4852-85c3-bf5315363290"
        ],
        "Date": [
          "Tue, 07 May 2019 22:02:22 GMT"
        ],
        "Content-Length": [
          "459"
        ],
        "Content-Type": [
          "application/json; charset=utf-8"
        ],
        "Expires": [
          "-1"
        ]
      },
      "ResponseBody": "{\r\n  \"id\": \"/subscriptions/7b96cb02-4663-40f4-9a89-603d3849e46a/resourceGroups/ps5347/providers/microsoft.storagesync/storageSyncServices/sssps4779/workflow/52377b8c-7e06-4d7f-b326-6531ac9ff561/operationresults/75ba6fda-e86c-4e36-abf5-2cafdcd0ec68\",\r\n  \"name\": \"75ba6fda-e86c-4e36-abf5-2cafdcd0ec68\",\r\n  \"status\": \"clearFileShareMetadata\",\r\n  \"startTime\": \"2019-05-07T22:00:30.3839369Z\",\r\n  \"endTime\": \"2019-05-07T22:00:30.680434Z\",\r\n  \"percentComplete\": null,\r\n  \"error\": null,\r\n  \"properties\": {}\r\n}",
      "StatusCode": 200
    },
    {
      "RequestUri": "/subscriptions/7b96cb02-4663-40f4-9a89-603d3849e46a/resourceGroups/ps5347/providers/microsoft.storagesync/storageSyncServices/sssps4779/workflows/52377b8c-7e06-4d7f-b326-6531ac9ff561/operations/75ba6fda-e86c-4e36-abf5-2cafdcd0ec68?api-version=2019-02-01",
      "EncodedRequestUri": "L3N1YnNjcmlwdGlvbnMvN2I5NmNiMDItNDY2My00MGY0LTlhODktNjAzZDM4NDllNDZhL3Jlc291cmNlR3JvdXBzL3BzNTM0Ny9wcm92aWRlcnMvbWljcm9zb2Z0LnN0b3JhZ2VzeW5jL3N0b3JhZ2VTeW5jU2VydmljZXMvc3NzcHM0Nzc5L3dvcmtmbG93cy81MjM3N2I4Yy03ZTA2LTRkN2YtYjMyNi02NTMxYWM5ZmY1NjEvb3BlcmF0aW9ucy83NWJhNmZkYS1lODZjLTRlMzYtYWJmNS0yY2FmZGNkMGVjNjg/YXBpLXZlcnNpb249MjAxOS0wMi0wMQ==",
      "RequestMethod": "GET",
      "RequestBody": "",
      "RequestHeaders": {
        "User-Agent": [
          "FxVersion/4.6.27414.06",
          "OSName/Windows",
          "OSVersion/Microsoft.Windows.10.0.14393.",
          "Microsoft.Azure.Management.StorageSync.StorageSyncManagementClient/3.0.0.0"
        ]
      },
      "ResponseHeaders": {
        "Cache-Control": [
          "no-cache"
        ],
        "Pragma": [
          "no-cache"
        ],
        "x-ms-request-id": [
          "e22ad031-5485-4995-a83b-36f2a4e3f4ac"
        ],
        "X-Content-Type-Options": [
          "nosniff"
        ],
        "Strict-Transport-Security": [
          "max-age=31536000; includeSubDomains"
        ],
        "Server": [
          "Microsoft-IIS/10.0"
        ],
        "X-AspNet-Version": [
          "4.0.30319"
        ],
        "X-Powered-By": [
          "ASP.NET"
        ],
        "x-ms-ratelimit-remaining-subscription-reads": [
          "11981"
        ],
        "x-ms-correlation-request-id": [
          "db374352-4d66-4c68-b4b6-5c25b3049460"
        ],
        "x-ms-routing-request-id": [
          "WESTUS2:20190507T220233Z:db374352-4d66-4c68-b4b6-5c25b3049460"
        ],
        "Date": [
          "Tue, 07 May 2019 22:02:32 GMT"
        ],
        "Content-Length": [
          "459"
        ],
        "Content-Type": [
          "application/json; charset=utf-8"
        ],
        "Expires": [
          "-1"
        ]
      },
      "ResponseBody": "{\r\n  \"id\": \"/subscriptions/7b96cb02-4663-40f4-9a89-603d3849e46a/resourceGroups/ps5347/providers/microsoft.storagesync/storageSyncServices/sssps4779/workflow/52377b8c-7e06-4d7f-b326-6531ac9ff561/operationresults/75ba6fda-e86c-4e36-abf5-2cafdcd0ec68\",\r\n  \"name\": \"75ba6fda-e86c-4e36-abf5-2cafdcd0ec68\",\r\n  \"status\": \"clearFileShareMetadata\",\r\n  \"startTime\": \"2019-05-07T22:00:30.3839369Z\",\r\n  \"endTime\": \"2019-05-07T22:00:30.680434Z\",\r\n  \"percentComplete\": null,\r\n  \"error\": null,\r\n  \"properties\": {}\r\n}",
      "StatusCode": 200
    },
    {
      "RequestUri": "/subscriptions/7b96cb02-4663-40f4-9a89-603d3849e46a/resourceGroups/ps5347/providers/microsoft.storagesync/storageSyncServices/sssps4779/workflows/52377b8c-7e06-4d7f-b326-6531ac9ff561/operations/75ba6fda-e86c-4e36-abf5-2cafdcd0ec68?api-version=2019-02-01",
      "EncodedRequestUri": "L3N1YnNjcmlwdGlvbnMvN2I5NmNiMDItNDY2My00MGY0LTlhODktNjAzZDM4NDllNDZhL3Jlc291cmNlR3JvdXBzL3BzNTM0Ny9wcm92aWRlcnMvbWljcm9zb2Z0LnN0b3JhZ2VzeW5jL3N0b3JhZ2VTeW5jU2VydmljZXMvc3NzcHM0Nzc5L3dvcmtmbG93cy81MjM3N2I4Yy03ZTA2LTRkN2YtYjMyNi02NTMxYWM5ZmY1NjEvb3BlcmF0aW9ucy83NWJhNmZkYS1lODZjLTRlMzYtYWJmNS0yY2FmZGNkMGVjNjg/YXBpLXZlcnNpb249MjAxOS0wMi0wMQ==",
      "RequestMethod": "GET",
      "RequestBody": "",
      "RequestHeaders": {
        "User-Agent": [
          "FxVersion/4.6.27414.06",
          "OSName/Windows",
          "OSVersion/Microsoft.Windows.10.0.14393.",
          "Microsoft.Azure.Management.StorageSync.StorageSyncManagementClient/3.0.0.0"
        ]
      },
      "ResponseHeaders": {
        "Cache-Control": [
          "no-cache"
        ],
        "Pragma": [
          "no-cache"
        ],
        "x-ms-request-id": [
          "d4f8e6ac-59c2-4b53-8eaa-c70a895fa516"
        ],
        "X-Content-Type-Options": [
          "nosniff"
        ],
        "Strict-Transport-Security": [
          "max-age=31536000; includeSubDomains"
        ],
        "Server": [
          "Microsoft-IIS/10.0"
        ],
        "X-AspNet-Version": [
          "4.0.30319"
        ],
        "X-Powered-By": [
          "ASP.NET"
        ],
        "x-ms-ratelimit-remaining-subscription-reads": [
          "11980"
        ],
        "x-ms-correlation-request-id": [
          "e79f2c72-5a86-441a-8774-9b5c157a8777"
        ],
        "x-ms-routing-request-id": [
          "WESTUS2:20190507T220243Z:e79f2c72-5a86-441a-8774-9b5c157a8777"
        ],
        "Date": [
          "Tue, 07 May 2019 22:02:43 GMT"
        ],
        "Content-Length": [
          "459"
        ],
        "Content-Type": [
          "application/json; charset=utf-8"
        ],
        "Expires": [
          "-1"
        ]
      },
      "ResponseBody": "{\r\n  \"id\": \"/subscriptions/7b96cb02-4663-40f4-9a89-603d3849e46a/resourceGroups/ps5347/providers/microsoft.storagesync/storageSyncServices/sssps4779/workflow/52377b8c-7e06-4d7f-b326-6531ac9ff561/operationresults/75ba6fda-e86c-4e36-abf5-2cafdcd0ec68\",\r\n  \"name\": \"75ba6fda-e86c-4e36-abf5-2cafdcd0ec68\",\r\n  \"status\": \"clearFileShareMetadata\",\r\n  \"startTime\": \"2019-05-07T22:00:30.3839369Z\",\r\n  \"endTime\": \"2019-05-07T22:00:30.680434Z\",\r\n  \"percentComplete\": null,\r\n  \"error\": null,\r\n  \"properties\": {}\r\n}",
      "StatusCode": 200
    },
    {
      "RequestUri": "/subscriptions/7b96cb02-4663-40f4-9a89-603d3849e46a/resourceGroups/ps5347/providers/microsoft.storagesync/storageSyncServices/sssps4779/workflows/52377b8c-7e06-4d7f-b326-6531ac9ff561/operations/75ba6fda-e86c-4e36-abf5-2cafdcd0ec68?api-version=2019-02-01",
      "EncodedRequestUri": "L3N1YnNjcmlwdGlvbnMvN2I5NmNiMDItNDY2My00MGY0LTlhODktNjAzZDM4NDllNDZhL3Jlc291cmNlR3JvdXBzL3BzNTM0Ny9wcm92aWRlcnMvbWljcm9zb2Z0LnN0b3JhZ2VzeW5jL3N0b3JhZ2VTeW5jU2VydmljZXMvc3NzcHM0Nzc5L3dvcmtmbG93cy81MjM3N2I4Yy03ZTA2LTRkN2YtYjMyNi02NTMxYWM5ZmY1NjEvb3BlcmF0aW9ucy83NWJhNmZkYS1lODZjLTRlMzYtYWJmNS0yY2FmZGNkMGVjNjg/YXBpLXZlcnNpb249MjAxOS0wMi0wMQ==",
      "RequestMethod": "GET",
      "RequestBody": "",
      "RequestHeaders": {
        "User-Agent": [
          "FxVersion/4.6.27414.06",
          "OSName/Windows",
          "OSVersion/Microsoft.Windows.10.0.14393.",
          "Microsoft.Azure.Management.StorageSync.StorageSyncManagementClient/3.0.0.0"
        ]
      },
      "ResponseHeaders": {
        "Cache-Control": [
          "no-cache"
        ],
        "Pragma": [
          "no-cache"
        ],
        "x-ms-request-id": [
          "95a3db1f-dcbd-456b-ba17-fcdf19ec7e36"
        ],
        "X-Content-Type-Options": [
          "nosniff"
        ],
        "Strict-Transport-Security": [
          "max-age=31536000; includeSubDomains"
        ],
        "Server": [
          "Microsoft-IIS/10.0"
        ],
        "X-AspNet-Version": [
          "4.0.30319"
        ],
        "X-Powered-By": [
          "ASP.NET"
        ],
        "x-ms-ratelimit-remaining-subscription-reads": [
          "11979"
        ],
        "x-ms-correlation-request-id": [
          "547ea81b-37fd-4b6c-82d7-6fff1845dc57"
        ],
        "x-ms-routing-request-id": [
          "WESTUS2:20190507T220254Z:547ea81b-37fd-4b6c-82d7-6fff1845dc57"
        ],
        "Date": [
          "Tue, 07 May 2019 22:02:53 GMT"
        ],
        "Content-Length": [
          "447"
        ],
        "Content-Type": [
          "application/json; charset=utf-8"
        ],
        "Expires": [
          "-1"
        ]
      },
      "ResponseBody": "{\r\n  \"id\": \"/subscriptions/7b96cb02-4663-40f4-9a89-603d3849e46a/resourceGroups/ps5347/providers/microsoft.storagesync/storageSyncServices/sssps4779/workflow/52377b8c-7e06-4d7f-b326-6531ac9ff561/operationresults/75ba6fda-e86c-4e36-abf5-2cafdcd0ec68\",\r\n  \"name\": \"75ba6fda-e86c-4e36-abf5-2cafdcd0ec68\",\r\n  \"status\": \"Succeeded\",\r\n  \"startTime\": \"2019-05-07T22:00:30.3839369Z\",\r\n  \"endTime\": \"2019-05-07T22:02:47.3408293Z\",\r\n  \"percentComplete\": null,\r\n  \"error\": null,\r\n  \"properties\": {}\r\n}",
      "StatusCode": 200
    },
    {
      "RequestUri": "/subscriptions/7b96cb02-4663-40f4-9a89-603d3849e46a/resourceGroups/ps5347/providers/microsoft.storagesync/storageSyncServices/sssps4779/workflows/52377b8c-7e06-4d7f-b326-6531ac9ff561/operationresults/75ba6fda-e86c-4e36-abf5-2cafdcd0ec68?api-version=2019-02-01",
      "EncodedRequestUri": "L3N1YnNjcmlwdGlvbnMvN2I5NmNiMDItNDY2My00MGY0LTlhODktNjAzZDM4NDllNDZhL3Jlc291cmNlR3JvdXBzL3BzNTM0Ny9wcm92aWRlcnMvbWljcm9zb2Z0LnN0b3JhZ2VzeW5jL3N0b3JhZ2VTeW5jU2VydmljZXMvc3NzcHM0Nzc5L3dvcmtmbG93cy81MjM3N2I4Yy03ZTA2LTRkN2YtYjMyNi02NTMxYWM5ZmY1NjEvb3BlcmF0aW9ucmVzdWx0cy83NWJhNmZkYS1lODZjLTRlMzYtYWJmNS0yY2FmZGNkMGVjNjg/YXBpLXZlcnNpb249MjAxOS0wMi0wMQ==",
      "RequestMethod": "GET",
      "RequestBody": "",
      "RequestHeaders": {
        "User-Agent": [
          "FxVersion/4.6.27414.06",
          "OSName/Windows",
          "OSVersion/Microsoft.Windows.10.0.14393.",
          "Microsoft.Azure.Management.StorageSync.StorageSyncManagementClient/3.0.0.0"
        ]
      },
      "ResponseHeaders": {
        "Cache-Control": [
          "no-cache"
        ],
        "Pragma": [
          "no-cache"
        ],
        "x-ms-request-id": [
          "7fd8b193-0e7e-4089-80fe-0383c2d99292"
        ],
        "X-Content-Type-Options": [
          "nosniff"
        ],
        "Strict-Transport-Security": [
          "max-age=31536000; includeSubDomains"
        ],
        "Server": [
          "Microsoft-IIS/10.0"
        ],
        "X-AspNet-Version": [
          "4.0.30319"
        ],
        "X-Powered-By": [
          "ASP.NET"
        ],
        "x-ms-ratelimit-remaining-subscription-reads": [
          "11978"
        ],
        "x-ms-correlation-request-id": [
          "ea7cff6d-4a17-42f2-b073-fc240cedaa2c"
        ],
        "x-ms-routing-request-id": [
          "WESTUS2:20190507T220254Z:ea7cff6d-4a17-42f2-b073-fc240cedaa2c"
        ],
        "Date": [
          "Tue, 07 May 2019 22:02:53 GMT"
        ],
        "Expires": [
          "-1"
        ],
        "Content-Length": [
          "0"
        ]
      },
      "ResponseBody": "",
      "StatusCode": 200
    },
    {
      "RequestUri": "/subscriptions/7b96cb02-4663-40f4-9a89-603d3849e46a/resourceGroups/ps5347/providers/Microsoft.StorageSync/storageSyncServices/sssps4779/syncGroups/sgps4016?api-version=2019-02-01",
      "EncodedRequestUri": "L3N1YnNjcmlwdGlvbnMvN2I5NmNiMDItNDY2My00MGY0LTlhODktNjAzZDM4NDllNDZhL3Jlc291cmNlR3JvdXBzL3BzNTM0Ny9wcm92aWRlcnMvTWljcm9zb2Z0LlN0b3JhZ2VTeW5jL3N0b3JhZ2VTeW5jU2VydmljZXMvc3NzcHM0Nzc5L3N5bmNHcm91cHMvc2dwczQwMTY/YXBpLXZlcnNpb249MjAxOS0wMi0wMQ==",
      "RequestMethod": "DELETE",
      "RequestBody": "",
      "RequestHeaders": {
        "x-ms-client-request-id": [
          "52f3e32d-a337-49cb-9b63-1dbd893c92ac"
        ],
        "Accept-Language": [
          "en-US"
        ],
        "User-Agent": [
          "FxVersion/4.6.27414.06",
          "OSName/Windows",
          "OSVersion/Microsoft.Windows.10.0.14393.",
          "Microsoft.Azure.Management.StorageSync.StorageSyncManagementClient/3.0.0.0"
        ]
      },
      "ResponseHeaders": {
        "Cache-Control": [
          "no-cache"
        ],
        "Pragma": [
          "no-cache"
        ],
        "x-ms-request-id": [
          "dbe34161-c336-47bb-9169-24724f97fc8b"
        ],
        "X-Content-Type-Options": [
          "nosniff"
        ],
        "Strict-Transport-Security": [
          "max-age=31536000; includeSubDomains"
        ],
        "Server": [
          "Microsoft-IIS/10.0"
        ],
        "X-AspNet-Version": [
          "4.0.30319"
        ],
        "X-Powered-By": [
          "ASP.NET"
        ],
        "x-ms-ratelimit-remaining-subscription-deletes": [
          "14998"
        ],
        "x-ms-correlation-request-id": [
          "a28f5e56-5e96-404e-b463-d41b6805deb3"
        ],
        "x-ms-routing-request-id": [
          "WESTUS2:20190507T220254Z:a28f5e56-5e96-404e-b463-d41b6805deb3"
        ],
        "Date": [
          "Tue, 07 May 2019 22:02:54 GMT"
        ],
        "Expires": [
          "-1"
        ],
        "Content-Length": [
          "0"
        ]
      },
      "ResponseBody": "",
      "StatusCode": 200
    },
    {
      "RequestUri": "/subscriptions/7b96cb02-4663-40f4-9a89-603d3849e46a/resourceGroups/ps5347/providers/Microsoft.StorageSync/storageSyncServices/sssps4779?api-version=2019-02-01",
      "EncodedRequestUri": "L3N1YnNjcmlwdGlvbnMvN2I5NmNiMDItNDY2My00MGY0LTlhODktNjAzZDM4NDllNDZhL3Jlc291cmNlR3JvdXBzL3BzNTM0Ny9wcm92aWRlcnMvTWljcm9zb2Z0LlN0b3JhZ2VTeW5jL3N0b3JhZ2VTeW5jU2VydmljZXMvc3NzcHM0Nzc5P2FwaS12ZXJzaW9uPTIwMTktMDItMDE=",
      "RequestMethod": "DELETE",
      "RequestBody": "",
      "RequestHeaders": {
        "x-ms-client-request-id": [
          "82ae98a3-0f9a-4f36-b9ea-848218bd8a75"
        ],
        "Accept-Language": [
          "en-US"
        ],
        "User-Agent": [
          "FxVersion/4.6.27414.06",
          "OSName/Windows",
          "OSVersion/Microsoft.Windows.10.0.14393.",
          "Microsoft.Azure.Management.StorageSync.StorageSyncManagementClient/3.0.0.0"
        ]
      },
      "ResponseHeaders": {
        "Cache-Control": [
          "no-cache"
        ],
        "Pragma": [
          "no-cache"
        ],
        "x-ms-request-id": [
          "030594b4-e52b-4c29-a17f-c76badd2c3bf"
        ],
        "X-Content-Type-Options": [
          "nosniff"
        ],
        "Strict-Transport-Security": [
          "max-age=31536000; includeSubDomains"
        ],
        "Server": [
          "Microsoft-IIS/10.0"
        ],
        "X-AspNet-Version": [
          "4.0.30319"
        ],
        "X-Powered-By": [
          "ASP.NET"
        ],
        "x-ms-ratelimit-remaining-subscription-deletes": [
          "14997"
        ],
        "x-ms-correlation-request-id": [
          "bd178d90-609e-4d0b-b06b-c844002506b0"
        ],
        "x-ms-routing-request-id": [
          "WESTUS2:20190507T220255Z:bd178d90-609e-4d0b-b06b-c844002506b0"
        ],
        "Date": [
          "Tue, 07 May 2019 22:02:54 GMT"
        ],
        "Expires": [
          "-1"
        ],
        "Content-Length": [
          "0"
        ]
      },
      "ResponseBody": "",
      "StatusCode": 200
    },
    {
      "RequestUri": "/subscriptions/7b96cb02-4663-40f4-9a89-603d3849e46a/resourceGroups/ps5347/providers/Microsoft.Storage/storageAccounts/saps7210?api-version=2019-04-01",
      "EncodedRequestUri": "L3N1YnNjcmlwdGlvbnMvN2I5NmNiMDItNDY2My00MGY0LTlhODktNjAzZDM4NDllNDZhL3Jlc291cmNlR3JvdXBzL3BzNTM0Ny9wcm92aWRlcnMvTWljcm9zb2Z0LlN0b3JhZ2Uvc3RvcmFnZUFjY291bnRzL3NhcHM3MjEwP2FwaS12ZXJzaW9uPTIwMTktMDQtMDE=",
      "RequestMethod": "DELETE",
      "RequestBody": "",
      "RequestHeaders": {
        "x-ms-client-request-id": [
          "9456f264-9956-4fb8-a18e-0aa0627bc4bf"
        ],
        "Accept-Language": [
          "en-US"
        ],
        "User-Agent": [
          "FxVersion/4.6.27414.06",
          "OSName/Windows",
          "OSVersion/Microsoft.Windows.10.0.14393.",
          "Microsoft.Azure.Management.Storage.StorageManagementClient/11.0.0.0"
        ]
      },
      "ResponseHeaders": {
        "Cache-Control": [
          "no-cache"
        ],
        "Pragma": [
          "no-cache"
        ],
        "x-ms-request-id": [
          "5f4f11d7-3ed2-4297-bd8a-c7ab8fbc3b94"
        ],
        "Strict-Transport-Security": [
          "max-age=31536000; includeSubDomains"
        ],
        "Server": [
          "Microsoft-Azure-Storage-Resource-Provider/1.0,Microsoft-HTTPAPI/2.0 Microsoft-HTTPAPI/2.0"
        ],
        "x-ms-ratelimit-remaining-subscription-deletes": [
          "14999"
        ],
        "x-ms-correlation-request-id": [
          "a59da665-d9c3-490d-8fbf-ace50d6cbb21"
        ],
        "x-ms-routing-request-id": [
          "WESTUS2:20190507T220257Z:a59da665-d9c3-490d-8fbf-ace50d6cbb21"
        ],
        "X-Content-Type-Options": [
          "nosniff"
        ],
        "Date": [
          "Tue, 07 May 2019 22:02:56 GMT"
        ],
        "Content-Type": [
          "text/plain; charset=utf-8"
        ],
        "Expires": [
          "-1"
        ],
        "Content-Length": [
          "0"
        ]
      },
      "ResponseBody": "",
      "StatusCode": 200
    },
    {
      "RequestUri": "/subscriptions/7b96cb02-4663-40f4-9a89-603d3849e46a/resourcegroups/ps5347?api-version=2016-09-01",
      "EncodedRequestUri": "L3N1YnNjcmlwdGlvbnMvN2I5NmNiMDItNDY2My00MGY0LTlhODktNjAzZDM4NDllNDZhL3Jlc291cmNlZ3JvdXBzL3BzNTM0Nz9hcGktdmVyc2lvbj0yMDE2LTA5LTAx",
      "RequestMethod": "DELETE",
      "RequestBody": "",
      "RequestHeaders": {
        "x-ms-client-request-id": [
          "68c4c37c-029e-4056-bf3a-ca7f51cd9861"
        ],
        "Accept-Language": [
          "en-US"
        ],
        "User-Agent": [
          "FxVersion/4.6.27414.06",
          "OSName/Windows",
          "OSVersion/Microsoft.Windows.10.0.14393.",
          "Microsoft.Azure.Management.Internal.Resources.ResourceManagementClient/1.2.0"
        ]
      },
      "ResponseHeaders": {
        "Cache-Control": [
          "no-cache"
        ],
        "Pragma": [
          "no-cache"
        ],
        "Location": [
          "https://management.azure.com/subscriptions/7b96cb02-4663-40f4-9a89-603d3849e46a/operationresults/eyJqb2JJZCI6IlJFU09VUkNFR1JPVVBERUxFVElPTkpPQi1QUzUzNDctV0VTVFVTIiwiam9iTG9jYXRpb24iOiJ3ZXN0dXMifQ?api-version=2016-09-01"
        ],
        "Retry-After": [
          "15"
        ],
        "x-ms-ratelimit-remaining-subscription-deletes": [
          "14999"
        ],
        "x-ms-request-id": [
          "ecd4b3d3-f255-46e6-a77e-369cd7239efd"
        ],
        "x-ms-correlation-request-id": [
          "ecd4b3d3-f255-46e6-a77e-369cd7239efd"
        ],
        "x-ms-routing-request-id": [
          "WESTUS2:20190507T220258Z:ecd4b3d3-f255-46e6-a77e-369cd7239efd"
        ],
        "Strict-Transport-Security": [
          "max-age=31536000; includeSubDomains"
        ],
        "X-Content-Type-Options": [
          "nosniff"
        ],
        "Date": [
          "Tue, 07 May 2019 22:02:57 GMT"
        ],
        "Expires": [
          "-1"
        ],
        "Content-Length": [
          "0"
        ]
      },
      "ResponseBody": "",
      "StatusCode": 202
    },
    {
      "RequestUri": "/subscriptions/7b96cb02-4663-40f4-9a89-603d3849e46a/operationresults/eyJqb2JJZCI6IlJFU09VUkNFR1JPVVBERUxFVElPTkpPQi1QUzUzNDctV0VTVFVTIiwiam9iTG9jYXRpb24iOiJ3ZXN0dXMifQ?api-version=2016-09-01",
      "EncodedRequestUri": "L3N1YnNjcmlwdGlvbnMvN2I5NmNiMDItNDY2My00MGY0LTlhODktNjAzZDM4NDllNDZhL29wZXJhdGlvbnJlc3VsdHMvZXlKcWIySkpaQ0k2SWxKRlUwOVZVa05GUjFKUFZWQkVSVXhGVkVsUFRrcFBRaTFRVXpVek5EY3RWMFZUVkZWVElpd2lhbTlpVEc5allYUnBiMjRpT2lKM1pYTjBkWE1pZlE/YXBpLXZlcnNpb249MjAxNi0wOS0wMQ==",
      "RequestMethod": "GET",
      "RequestBody": "",
      "RequestHeaders": {
        "User-Agent": [
          "FxVersion/4.6.27414.06",
          "OSName/Windows",
          "OSVersion/Microsoft.Windows.10.0.14393.",
          "Microsoft.Azure.Management.Internal.Resources.ResourceManagementClient/1.2.0"
        ]
      },
      "ResponseHeaders": {
        "Cache-Control": [
          "no-cache"
        ],
        "Pragma": [
          "no-cache"
        ],
        "Location": [
          "https://management.azure.com/subscriptions/7b96cb02-4663-40f4-9a89-603d3849e46a/operationresults/eyJqb2JJZCI6IlJFU09VUkNFR1JPVVBERUxFVElPTkpPQi1QUzUzNDctV0VTVFVTIiwiam9iTG9jYXRpb24iOiJ3ZXN0dXMifQ?api-version=2016-09-01"
        ],
        "Retry-After": [
          "15"
        ],
        "x-ms-ratelimit-remaining-subscription-reads": [
          "11999"
        ],
        "x-ms-request-id": [
          "80c50233-4643-4b90-a503-72845502ad46"
        ],
        "x-ms-correlation-request-id": [
          "80c50233-4643-4b90-a503-72845502ad46"
        ],
        "x-ms-routing-request-id": [
          "WESTUS2:20190507T220313Z:80c50233-4643-4b90-a503-72845502ad46"
        ],
        "Strict-Transport-Security": [
          "max-age=31536000; includeSubDomains"
        ],
        "X-Content-Type-Options": [
          "nosniff"
        ],
        "Date": [
          "Tue, 07 May 2019 22:03:12 GMT"
        ],
        "Expires": [
          "-1"
        ],
        "Content-Length": [
          "0"
        ]
      },
      "ResponseBody": "",
      "StatusCode": 202
    },
    {
      "RequestUri": "/subscriptions/7b96cb02-4663-40f4-9a89-603d3849e46a/operationresults/eyJqb2JJZCI6IlJFU09VUkNFR1JPVVBERUxFVElPTkpPQi1QUzUzNDctV0VTVFVTIiwiam9iTG9jYXRpb24iOiJ3ZXN0dXMifQ?api-version=2016-09-01",
      "EncodedRequestUri": "L3N1YnNjcmlwdGlvbnMvN2I5NmNiMDItNDY2My00MGY0LTlhODktNjAzZDM4NDllNDZhL29wZXJhdGlvbnJlc3VsdHMvZXlKcWIySkpaQ0k2SWxKRlUwOVZVa05GUjFKUFZWQkVSVXhGVkVsUFRrcFBRaTFRVXpVek5EY3RWMFZUVkZWVElpd2lhbTlpVEc5allYUnBiMjRpT2lKM1pYTjBkWE1pZlE/YXBpLXZlcnNpb249MjAxNi0wOS0wMQ==",
      "RequestMethod": "GET",
      "RequestBody": "",
      "RequestHeaders": {
        "User-Agent": [
          "FxVersion/4.6.27414.06",
          "OSName/Windows",
          "OSVersion/Microsoft.Windows.10.0.14393.",
          "Microsoft.Azure.Management.Internal.Resources.ResourceManagementClient/1.2.0"
        ]
      },
      "ResponseHeaders": {
        "Cache-Control": [
          "no-cache"
        ],
        "Pragma": [
          "no-cache"
        ],
        "Location": [
          "https://management.azure.com/subscriptions/7b96cb02-4663-40f4-9a89-603d3849e46a/operationresults/eyJqb2JJZCI6IlJFU09VUkNFR1JPVVBERUxFVElPTkpPQi1QUzUzNDctV0VTVFVTIiwiam9iTG9jYXRpb24iOiJ3ZXN0dXMifQ?api-version=2016-09-01"
        ],
        "Retry-After": [
          "15"
        ],
        "x-ms-ratelimit-remaining-subscription-reads": [
          "11998"
        ],
        "x-ms-request-id": [
          "9325f84b-22bc-46bb-ac73-f12f0a388286"
        ],
        "x-ms-correlation-request-id": [
          "9325f84b-22bc-46bb-ac73-f12f0a388286"
        ],
        "x-ms-routing-request-id": [
          "WESTUS2:20190507T220328Z:9325f84b-22bc-46bb-ac73-f12f0a388286"
        ],
        "Strict-Transport-Security": [
          "max-age=31536000; includeSubDomains"
        ],
        "X-Content-Type-Options": [
          "nosniff"
        ],
        "Date": [
          "Tue, 07 May 2019 22:03:28 GMT"
        ],
        "Expires": [
          "-1"
        ],
        "Content-Length": [
          "0"
        ]
      },
      "ResponseBody": "",
      "StatusCode": 202
    },
    {
      "RequestUri": "/subscriptions/7b96cb02-4663-40f4-9a89-603d3849e46a/operationresults/eyJqb2JJZCI6IlJFU09VUkNFR1JPVVBERUxFVElPTkpPQi1QUzUzNDctV0VTVFVTIiwiam9iTG9jYXRpb24iOiJ3ZXN0dXMifQ?api-version=2016-09-01",
      "EncodedRequestUri": "L3N1YnNjcmlwdGlvbnMvN2I5NmNiMDItNDY2My00MGY0LTlhODktNjAzZDM4NDllNDZhL29wZXJhdGlvbnJlc3VsdHMvZXlKcWIySkpaQ0k2SWxKRlUwOVZVa05GUjFKUFZWQkVSVXhGVkVsUFRrcFBRaTFRVXpVek5EY3RWMFZUVkZWVElpd2lhbTlpVEc5allYUnBiMjRpT2lKM1pYTjBkWE1pZlE/YXBpLXZlcnNpb249MjAxNi0wOS0wMQ==",
      "RequestMethod": "GET",
      "RequestBody": "",
      "RequestHeaders": {
        "User-Agent": [
          "FxVersion/4.6.27414.06",
          "OSName/Windows",
          "OSVersion/Microsoft.Windows.10.0.14393.",
          "Microsoft.Azure.Management.Internal.Resources.ResourceManagementClient/1.2.0"
        ]
      },
      "ResponseHeaders": {
        "Cache-Control": [
          "no-cache"
        ],
        "Pragma": [
          "no-cache"
        ],
        "x-ms-ratelimit-remaining-subscription-reads": [
          "11997"
        ],
        "x-ms-request-id": [
          "b23ed63f-d676-441a-9fc4-65f6e997eef5"
        ],
        "x-ms-correlation-request-id": [
          "b23ed63f-d676-441a-9fc4-65f6e997eef5"
        ],
        "x-ms-routing-request-id": [
          "WESTUS2:20190507T220343Z:b23ed63f-d676-441a-9fc4-65f6e997eef5"
        ],
        "Strict-Transport-Security": [
          "max-age=31536000; includeSubDomains"
        ],
        "X-Content-Type-Options": [
          "nosniff"
        ],
        "Date": [
          "Tue, 07 May 2019 22:03:43 GMT"
        ],
        "Expires": [
          "-1"
        ],
        "Content-Length": [
          "0"
        ]
      },
      "ResponseBody": "",
      "StatusCode": 200
    },
    {
      "RequestUri": "/subscriptions/7b96cb02-4663-40f4-9a89-603d3849e46a/operationresults/eyJqb2JJZCI6IlJFU09VUkNFR1JPVVBERUxFVElPTkpPQi1QUzUzNDctV0VTVFVTIiwiam9iTG9jYXRpb24iOiJ3ZXN0dXMifQ?api-version=2016-09-01",
      "EncodedRequestUri": "L3N1YnNjcmlwdGlvbnMvN2I5NmNiMDItNDY2My00MGY0LTlhODktNjAzZDM4NDllNDZhL29wZXJhdGlvbnJlc3VsdHMvZXlKcWIySkpaQ0k2SWxKRlUwOVZVa05GUjFKUFZWQkVSVXhGVkVsUFRrcFBRaTFRVXpVek5EY3RWMFZUVkZWVElpd2lhbTlpVEc5allYUnBiMjRpT2lKM1pYTjBkWE1pZlE/YXBpLXZlcnNpb249MjAxNi0wOS0wMQ==",
      "RequestMethod": "GET",
      "RequestBody": "",
      "RequestHeaders": {
        "User-Agent": [
          "FxVersion/4.6.27414.06",
          "OSName/Windows",
          "OSVersion/Microsoft.Windows.10.0.14393.",
          "Microsoft.Azure.Management.Internal.Resources.ResourceManagementClient/1.2.0"
        ]
      },
      "ResponseHeaders": {
        "Cache-Control": [
          "no-cache"
        ],
        "Pragma": [
          "no-cache"
        ],
        "x-ms-ratelimit-remaining-subscription-reads": [
          "11996"
        ],
        "x-ms-request-id": [
          "281afc94-88c4-4ecf-a096-b9bd7f2e76e8"
        ],
        "x-ms-correlation-request-id": [
          "281afc94-88c4-4ecf-a096-b9bd7f2e76e8"
        ],
        "x-ms-routing-request-id": [
          "WESTUS2:20190507T220343Z:281afc94-88c4-4ecf-a096-b9bd7f2e76e8"
        ],
        "Strict-Transport-Security": [
          "max-age=31536000; includeSubDomains"
        ],
        "X-Content-Type-Options": [
          "nosniff"
        ],
        "Date": [
          "Tue, 07 May 2019 22:03:43 GMT"
        ],
        "Expires": [
          "-1"
        ],
        "Content-Length": [
          "0"
        ]
      },
      "ResponseBody": "",
      "StatusCode": 200
    }
  ],
  "Names": {
    "Test-RemoveCloudEndpointInputObject": [
      "ps5347",
      "ps4779",
      "ps4016",
      "ps8649",
      "ps7210"
    ],
    "TestRemoveCloudEndpointInputObject": [
      "1e117205-07e6-4410-b495-2e21f69fb2ba"
    ]
  },
  "Variables": {
    "SubscriptionId": "7b96cb02-4663-40f4-9a89-603d3849e46a",
    "TenantId": "0483643a-cb2f-462a-bc27-1a270e5bdc0a",
    "Domain": ""
  }
}