{
  "New-AzRecoveryServicesReplicationFabric+[NoContext]+CreateExpanded+$PUT+https://management.azure.com/subscriptions/7c943c1b-5122-4097-90c8-861411bdd574/resourceGroups/a2arecoveryrg/providers/Microsoft.RecoveryServices/vaults/a2arecoveryvault/replicationFabrics/a2ademofabric?api-version=2023-02-01+1": {
    "Request": {
      "Method": "PUT",
      "RequestUri": "https://management.azure.com/subscriptions/7c943c1b-5122-4097-90c8-861411bdd574/resourceGroups/a2arecoveryrg/providers/Microsoft.RecoveryServices/vaults/a2arecoveryvault/replicationFabrics/a2ademofabric?api-version=2023-02-01",
      "Content": "{\r\n  \"properties\": {\r\n    \"customDetails\": {\r\n      \"instanceType\": \"Azure\",\r\n      \"location\": \"East US 2\"\r\n    }\r\n  }\r\n}",
      "isContentBase64": false,
      "Headers": {
      },
      "ContentHeaders": {
        "Content-Type": [ "application/json" ],
        "Content-Length": [ "122" ]
      }
    },
    "Response": {
      "StatusCode": 202,
      "Headers": {
        "Cache-Control": [ "no-cache" ],
        "Pragma": [ "no-cache" ],
        "Location": [ "https://management.azure.com/Subscriptions/7c943c1b-5122-4097-90c8-861411bdd574/resourceGroups/a2arecoveryrg/providers/Microsoft.RecoveryServices/vaults/a2arecoveryvault/replicationFabrics/a2ademofabric/operationresults/65d11ce5-54af-45c2-99b2-8604d62d4c14?api-version=2023-02-01" ],
        "Retry-After": [ "30" ],
        "Strict-Transport-Security": [ "max-age=31536000; includeSubDomains" ],
        "x-ms-request-id": [ "/Subscriptions/7c943c1b-5122-4097-90c8-861411bdd574/resourceGroups/a2arecoveryrg/providers/Microsoft.RecoveryServices/vaults/a2arecoveryvault/replicationJobs/65d11ce5-54af-45c2-99b2-8604d62d4c14", "/Subscriptions/7c943c1b-5122-4097-90c8-861411bdd574/resourceGroups/a2arecoveryrg/providers/Microsoft.RecoveryServices/vaults/a2arecoveryvault/replicationJobs/65d11ce5-54af-45c2-99b2-8604d62d4c14" ],
        "Azure-AsyncOperation": [ "https://management.azure.com/Subscriptions/7c943c1b-5122-4097-90c8-861411bdd574/resourceGroups/a2arecoveryrg/providers/Microsoft.RecoveryServices/vaults/a2arecoveryvault/replicationOperationStatus/65d11ce5-54af-45c2-99b2-8604d62d4c14?api-version=2023-02-01" ],
        "X-Content-Type-Options": [ "nosniff" ],
        "x-ms-client-request-id": [ "749ed32e-4532-48b2-9f79-042b4b749d2c" ],
        "Server": [ "Kestrel" ],
        "x-ms-ratelimit-remaining-subscription-writes": [ "1199" ],
        "x-ms-correlation-request-id": [ "6102a4d3-83c8-4d2b-8027-15cd8904a6f5" ],
        "x-ms-routing-request-id": [ "JAPANEAST:20230616T133050Z:6102a4d3-83c8-4d2b-8027-15cd8904a6f5" ],
        "Date": [ "Fri, 16 Jun 2023 13:30:50 GMT" ]
      },
      "ContentHeaders": {
        "Expires": [ "-1" ],
        "Content-Length": [ "0" ]
      },
      "Content": null,
      "isContentBase64": false
    }
  },
  "New-AzRecoveryServicesReplicationFabric+[NoContext]+CreateExpanded+$GET+https://management.azure.com/Subscriptions/7c943c1b-5122-4097-90c8-861411bdd574/resourceGroups/a2arecoveryrg/providers/Microsoft.RecoveryServices/vaults/a2arecoveryvault/replicationOperationStatus/65d11ce5-54af-45c2-99b2-8604d62d4c14?api-version=2023-02-01+2": {
    "Request": {
      "Method": "GET",
      "RequestUri": "https://management.azure.com/Subscriptions/7c943c1b-5122-4097-90c8-861411bdd574/resourceGroups/a2arecoveryrg/providers/Microsoft.RecoveryServices/vaults/a2arecoveryvault/replicationOperationStatus/65d11ce5-54af-45c2-99b2-8604d62d4c14?api-version=2023-02-01",
      "Content": null,
      "isContentBase64": false,
      "Headers": {
        "Authorization": [ "[Filtered]" ],
        "x-ms-unique-id": [ "18" ],
        "x-ms-client-request-id": [ "749ed32e-4532-48b2-9f79-042b4b749d2c" ],
        "CommandName": [ "Az.RecoveryServices.internal\\New-AzRecoveryServicesReplicationFabric" ],
        "FullCommandName": [ "New-AzRecoveryServicesReplicationFabric_CreateExpanded" ],
        "ParameterSetName": [ "__AllParameterSets" ],
        "User-Agent": [ "AzurePowershell/v0.0.0", "PSVersion/v7.3.4", "Az.RecoveryServices/0.1.0" ]
      },
      "ContentHeaders": {
      }
    },
    "Response": {
      "StatusCode": 200,
      "Headers": {
        "Cache-Control": [ "no-cache" ],
        "Pragma": [ "no-cache" ],
        "Strict-Transport-Security": [ "max-age=31536000; includeSubDomains" ],
        "x-ms-request-id": [ "/Subscriptions/7c943c1b-5122-4097-90c8-861411bdd574/resourceGroups/a2arecoveryrg/providers/Microsoft.RecoveryServices/vaults/a2arecoveryvault/replicationJobs/65d11ce5-54af-45c2-99b2-8604d62d4c14" ],
        "X-Content-Type-Options": [ "nosniff" ],
        "x-ms-client-request-id": [ "749ed32e-4532-48b2-9f79-042b4b749d2c" ],
        "Server": [ "Kestrel" ],
        "x-ms-ratelimit-remaining-subscription-reads": [ "11983" ],
        "x-ms-correlation-request-id": [ "772a9486-c403-4c69-86b0-6e95411c3fdb" ],
        "x-ms-routing-request-id": [ "JAPANEAST:20230616T133120Z:772a9486-c403-4c69-86b0-6e95411c3fdb" ],
        "Date": [ "Fri, 16 Jun 2023 13:31:19 GMT" ]
      },
      "ContentHeaders": {
        "Content-Length": [ "191" ],
        "Content-Type": [ "application/json; charset=utf-8" ],
        "Expires": [ "-1" ]
      },
      "Content": "{\"error\":null,\"id\":null,\"name\":\"65d11ce5-54af-45c2-99b2-8604d62d4c14\",\"properties\":null,\"status\":\"InProgress\",\"startTime\":\"2023-06-16T13:30:50.1839416Z\",\"endTime\":null,\"percentComplete\":null}",
      "isContentBase64": false
    }
  },
  "New-AzRecoveryServicesReplicationFabric+[NoContext]+CreateExpanded+$GET+https://management.azure.com/Subscriptions/7c943c1b-5122-4097-90c8-861411bdd574/resourceGroups/a2arecoveryrg/providers/Microsoft.RecoveryServices/vaults/a2arecoveryvault/replicationOperationStatus/65d11ce5-54af-45c2-99b2-8604d62d4c14?api-version=2023-02-01+3": {
    "Request": {
      "Method": "GET",
      "RequestUri": "https://management.azure.com/Subscriptions/7c943c1b-5122-4097-90c8-861411bdd574/resourceGroups/a2arecoveryrg/providers/Microsoft.RecoveryServices/vaults/a2arecoveryvault/replicationOperationStatus/65d11ce5-54af-45c2-99b2-8604d62d4c14?api-version=2023-02-01",
      "Content": null,
      "isContentBase64": false,
      "Headers": {
        "Authorization": [ "[Filtered]" ],
        "x-ms-unique-id": [ "19" ],
        "x-ms-client-request-id": [ "749ed32e-4532-48b2-9f79-042b4b749d2c" ],
        "CommandName": [ "Az.RecoveryServices.internal\\New-AzRecoveryServicesReplicationFabric" ],
        "FullCommandName": [ "New-AzRecoveryServicesReplicationFabric_CreateExpanded" ],
        "ParameterSetName": [ "__AllParameterSets" ],
        "User-Agent": [ "AzurePowershell/v0.0.0", "PSVersion/v7.3.4", "Az.RecoveryServices/0.1.0" ]
      },
      "ContentHeaders": {
      }
    },
    "Response": {
      "StatusCode": 200,
      "Headers": {
        "Cache-Control": [ "no-cache" ],
        "Pragma": [ "no-cache" ],
        "Strict-Transport-Security": [ "max-age=31536000; includeSubDomains" ],
        "x-ms-request-id": [ "/Subscriptions/7c943c1b-5122-4097-90c8-861411bdd574/resourceGroups/a2arecoveryrg/providers/Microsoft.RecoveryServices/vaults/a2arecoveryvault/replicationJobs/65d11ce5-54af-45c2-99b2-8604d62d4c14" ],
        "X-Content-Type-Options": [ "nosniff" ],
        "x-ms-client-request-id": [ "749ed32e-4532-48b2-9f79-042b4b749d2c" ],
        "Server": [ "Kestrel" ],
        "x-ms-ratelimit-remaining-subscription-reads": [ "11982" ],
        "x-ms-correlation-request-id": [ "8e8adb00-1950-43a7-b331-0c32554a24c9" ],
        "x-ms-routing-request-id": [ "JAPANEAST:20230616T133151Z:8e8adb00-1950-43a7-b331-0c32554a24c9" ],
        "Date": [ "Fri, 16 Jun 2023 13:31:50 GMT" ]
      },
      "ContentHeaders": {
        "Content-Length": [ "191" ],
        "Content-Type": [ "application/json; charset=utf-8" ],
        "Expires": [ "-1" ]
      },
      "Content": "{\"error\":null,\"id\":null,\"name\":\"65d11ce5-54af-45c2-99b2-8604d62d4c14\",\"properties\":null,\"status\":\"InProgress\",\"startTime\":\"2023-06-16T13:30:50.1839416Z\",\"endTime\":null,\"percentComplete\":null}",
      "isContentBase64": false
    }
  },
  "New-AzRecoveryServicesReplicationFabric+[NoContext]+CreateExpanded+$GET+https://management.azure.com/Subscriptions/7c943c1b-5122-4097-90c8-861411bdd574/resourceGroups/a2arecoveryrg/providers/Microsoft.RecoveryServices/vaults/a2arecoveryvault/replicationOperationStatus/65d11ce5-54af-45c2-99b2-8604d62d4c14?api-version=2023-02-01+4": {
    "Request": {
      "Method": "GET",
      "RequestUri": "https://management.azure.com/Subscriptions/7c943c1b-5122-4097-90c8-861411bdd574/resourceGroups/a2arecoveryrg/providers/Microsoft.RecoveryServices/vaults/a2arecoveryvault/replicationOperationStatus/65d11ce5-54af-45c2-99b2-8604d62d4c14?api-version=2023-02-01",
      "Content": null,
      "isContentBase64": false,
      "Headers": {
        "Authorization": [ "[Filtered]" ],
        "x-ms-unique-id": [ "20" ],
        "x-ms-client-request-id": [ "749ed32e-4532-48b2-9f79-042b4b749d2c" ],
        "CommandName": [ "Az.RecoveryServices.internal\\New-AzRecoveryServicesReplicationFabric" ],
        "FullCommandName": [ "New-AzRecoveryServicesReplicationFabric_CreateExpanded" ],
        "ParameterSetName": [ "__AllParameterSets" ],
        "User-Agent": [ "AzurePowershell/v0.0.0", "PSVersion/v7.3.4", "Az.RecoveryServices/0.1.0" ]
      },
      "ContentHeaders": {
      }
    },
    "Response": {
      "StatusCode": 200,
      "Headers": {
        "Cache-Control": [ "no-cache" ],
        "Pragma": [ "no-cache" ],
        "Strict-Transport-Security": [ "max-age=31536000; includeSubDomains" ],
        "x-ms-request-id": [ "/Subscriptions/7c943c1b-5122-4097-90c8-861411bdd574/resourceGroups/a2arecoveryrg/providers/Microsoft.RecoveryServices/vaults/a2arecoveryvault/replicationJobs/65d11ce5-54af-45c2-99b2-8604d62d4c14" ],
        "X-Content-Type-Options": [ "nosniff" ],
        "x-ms-client-request-id": [ "749ed32e-4532-48b2-9f79-042b4b749d2c" ],
        "Server": [ "Kestrel" ],
        "x-ms-ratelimit-remaining-subscription-reads": [ "11981" ],
        "x-ms-correlation-request-id": [ "d1cbac32-eb1c-41c6-9746-6ba40e025ff1" ],
        "x-ms-routing-request-id": [ "JAPANEAST:20230616T133221Z:d1cbac32-eb1c-41c6-9746-6ba40e025ff1" ],
        "Date": [ "Fri, 16 Jun 2023 13:32:20 GMT" ]
      },
      "ContentHeaders": {
        "Content-Length": [ "216" ],
        "Content-Type": [ "application/json; charset=utf-8" ],
        "Expires": [ "-1" ]
      },
      "Content": "{\"error\":null,\"id\":null,\"name\":\"65d11ce5-54af-45c2-99b2-8604d62d4c14\",\"properties\":null,\"status\":\"Succeeded\",\"startTime\":\"2023-06-16T13:30:50.1839416Z\",\"endTime\":\"2023-06-16T13:32:00.0000000Z\",\"percentComplete\":null}",
      "isContentBase64": false
    }
  },
  "New-AzRecoveryServicesReplicationFabric+[NoContext]+CreateExpanded+$GET+https://management.azure.com/subscriptions/7c943c1b-5122-4097-90c8-861411bdd574/resourceGroups/a2arecoveryrg/providers/Microsoft.RecoveryServices/vaults/a2arecoveryvault/replicationFabrics/a2ademofabric?api-version=2023-02-01+5": {
    "Request": {
      "Method": "GET",
      "RequestUri": "https://management.azure.com/subscriptions/7c943c1b-5122-4097-90c8-861411bdd574/resourceGroups/a2arecoveryrg/providers/Microsoft.RecoveryServices/vaults/a2arecoveryvault/replicationFabrics/a2ademofabric?api-version=2023-02-01",
      "Content": null,
      "isContentBase64": false,
      "Headers": {
        "Authorization": [ "[Filtered]" ],
        "x-ms-unique-id": [ "21" ],
        "x-ms-client-request-id": [ "749ed32e-4532-48b2-9f79-042b4b749d2c" ],
        "CommandName": [ "Az.RecoveryServices.internal\\New-AzRecoveryServicesReplicationFabric" ],
        "FullCommandName": [ "New-AzRecoveryServicesReplicationFabric_CreateExpanded" ],
        "ParameterSetName": [ "__AllParameterSets" ],
        "User-Agent": [ "AzurePowershell/v0.0.0", "PSVersion/v7.3.4", "Az.RecoveryServices/0.1.0" ]
      },
      "ContentHeaders": {
      }
    },
    "Response": {
      "StatusCode": 200,
      "Headers": {
        "Cache-Control": [ "no-cache" ],
        "Pragma": [ "no-cache" ],
        "Strict-Transport-Security": [ "max-age=31536000; includeSubDomains" ],
        "x-ms-request-id": [ "749ed32e-4532-48b2-9f79-042b4b749d2c 6/16/2023 1:32:22 PM" ],
        "X-Content-Type-Options": [ "nosniff" ],
        "x-ms-client-request-id": [ "749ed32e-4532-48b2-9f79-042b4b749d2c" ],
        "Server": [ "Kestrel" ],
        "x-ms-ratelimit-remaining-subscription-reads": [ "11980" ],
        "x-ms-correlation-request-id": [ "da308fbf-c218-4b53-8433-167d50758059" ],
        "x-ms-routing-request-id": [ "JAPANEAST:20230616T133222Z:da308fbf-c218-4b53-8433-167d50758059" ],
        "Date": [ "Fri, 16 Jun 2023 13:32:21 GMT" ]
      },
      "ContentHeaders": {
        "Content-Length": [ "650" ],
        "Content-Type": [ "application/json; charset=utf-8" ],
        "Expires": [ "-1" ]
      },
      "Content": "{\"name\":\"a2ademofabric\",\"type\":\"Microsoft.RecoveryServices/vaults/replicationFabrics\",\"id\":\"/Subscriptions/7c943c1b-5122-4097-90c8-861411bdd574/resourceGroups/a2arecoveryrg/providers/Microsoft.RecoveryServices/vaults/a2arecoveryvault/replicationFabrics/a2ademofabric\",\"properties\":{\"friendlyName\":\"East US 2\",\"encryptionDetails\":{\"kekState\":\"None\",\"kekCertThumbprint\":null},\"rolloverEncryptionDetails\":{\"kekState\":\"None\",\"kekCertThumbprint\":null},\"internalIdentifier\":\"16a0863d-2c33-5359-a6cc-7c5e6556c170\",\"bcdrState\":\"Valid\",\"customDetails\":{\"instanceType\":\"Azure\",\"location\":\"eastus2\",\"containerIds\":[]},\"healthErrorDetails\":[],\"health\":\"Normal\"}}",
      "isContentBase64": false
    }
  }
}