{
  "Update-AzRecoveryServicesReplicationPolicy+[NoContext]+UpdateExpanded+$GET+https://management.azure.com/subscriptions/7c943c1b-5122-4097-90c8-861411bdd574/resourceGroups/a2arecoveryrg/providers/Microsoft.RecoveryServices/vaults/a2arecoveryvault/replicationPolicies/demopolicy1?api-version=2023-02-01+1": {
    "Request": {
      "Method": "GET",
      "RequestUri": "https://management.azure.com/subscriptions/7c943c1b-5122-4097-90c8-861411bdd574/resourceGroups/a2arecoveryrg/providers/Microsoft.RecoveryServices/vaults/a2arecoveryvault/replicationPolicies/demopolicy1?api-version=2023-02-01",
      "Content": null,
      "isContentBase64": false,
      "Headers": {
        "x-ms-unique-id": [ "47" ],
        "x-ms-client-request-id": [ "a2b81e02-8085-4f3a-95f2-4fefa9f41052" ],
        "CommandName": [ "Get-AzRecoveryServicesReplicationPolicy" ],
        "FullCommandName": [ "Get-AzRecoveryServicesReplicationPolicy_Get" ],
        "ParameterSetName": [ "__AllParameterSets" ],
        "User-Agent": [ "AzurePowershell/v0.0.0", "PSVersion/v7.3.4", "Az.RecoveryServices/0.1.0" ],
        "Authorization": [ "[Filtered]" ]
      },
      "ContentHeaders": {
      }
    },
    "Response": {
      "StatusCode": 200,
      "Headers": {
        "Cache-Control": [ "no-cache" ],
        "Pragma": [ "no-cache" ],
        "Strict-Transport-Security": [ "max-age=31536000; includeSubDomains" ],
        "x-ms-request-id": [ "a2b81e02-8085-4f3a-95f2-4fefa9f41052 6/16/2023 1:36:03 PM" ],
        "X-Content-Type-Options": [ "nosniff" ],
        "x-ms-client-request-id": [ "a2b81e02-8085-4f3a-95f2-4fefa9f41052" ],
        "Server": [ "Kestrel" ],
        "x-ms-ratelimit-remaining-subscription-reads": [ "11960" ],
        "x-ms-correlation-request-id": [ "cb43b4ee-7db7-4986-aabe-8d73a8bb0f27" ],
        "x-ms-routing-request-id": [ "JAPANEAST:20230616T133603Z:cb43b4ee-7db7-4986-aabe-8d73a8bb0f27" ],
        "Date": [ "Fri, 16 Jun 2023 13:36:03 GMT" ]
      },
      "ContentHeaders": {
        "Content-Length": [ "531" ],
        "Content-Type": [ "application/json; charset=utf-8" ],
        "Expires": [ "-1" ]
      },
      "Content": "{\"id\":\"/Subscriptions/7c943c1b-5122-4097-90c8-861411bdd574/resourceGroups/a2arecoveryrg/providers/Microsoft.RecoveryServices/vaults/a2arecoveryvault/replicationPolicies/demopolicy1\",\"name\":\"demopolicy1\",\"type\":\"Microsoft.RecoveryServices/vaults/replicationPolicies\",\"properties\":{\"friendlyName\":\"demopolicy1\",\"providerSpecificDetails\":{\"instanceType\":\"A2A\",\"recoveryPointThresholdInMinutes\":0,\"recoveryPointHistory\":4420,\"appConsistentFrequencyInMinutes\":340,\"multiVmSyncStatus\":\"Enabled\",\"crashConsistentFrequencyInMinutes\":160}}}",
      "isContentBase64": false
    }
  },
  "Update-AzRecoveryServicesReplicationPolicy+[NoContext]+UpdateExpanded+$PATCH+https://management.azure.com/subscriptions/7c943c1b-5122-4097-90c8-861411bdd574/resourceGroups/a2arecoveryrg/providers/Microsoft.RecoveryServices/vaults/a2arecoveryvault/replicationPolicies/demopolicy1?api-version=2023-02-01+2": {
    "Request": {
      "Method": "PATCH",
      "RequestUri": "https://management.azure.com/subscriptions/7c943c1b-5122-4097-90c8-861411bdd574/resourceGroups/a2arecoveryrg/providers/Microsoft.RecoveryServices/vaults/a2arecoveryvault/replicationPolicies/demopolicy1?api-version=2023-02-01",
      "Content": "{\r\n  \"properties\": {\r\n    \"replicationProviderSettings\": {\r\n      \"instanceType\": \"A2A\",\r\n      \"recoveryPointHistory\": 4420,\r\n      \"crashConsistentFrequencyInMinutes\": 160,\r\n      \"appConsistentFrequencyInMinutes\": 340,\r\n      \"multiVmSyncStatus\": \"Enable\"\r\n    }\r\n  }\r\n}",
      "isContentBase64": false,
      "Headers": {
      },
      "ContentHeaders": {
        "Content-Type": [ "application/json" ],
        "Content-Length": [ "273" ]
      }
    },
    "Response": {
      "StatusCode": 202,
      "Headers": {
        "Cache-Control": [ "no-cache" ],
        "Pragma": [ "no-cache" ],
        "Location": [ "https://management.azure.com/Subscriptions/7c943c1b-5122-4097-90c8-861411bdd574/resourceGroups/a2arecoveryrg/providers/Microsoft.RecoveryServices/vaults/a2arecoveryvault/replicationPolicies/demopolicy1/operationresults/1b07b287-bbfb-47c1-a270-635ad3f8c0d6?api-version=2023-02-01" ],
        "Retry-After": [ "30" ],
        "Strict-Transport-Security": [ "max-age=31536000; includeSubDomains" ],
        "x-ms-request-id": [ "/Subscriptions/7c943c1b-5122-4097-90c8-861411bdd574/resourceGroups/a2arecoveryrg/providers/Microsoft.RecoveryServices/vaults/a2arecoveryvault/replicationJobs/1b07b287-bbfb-47c1-a270-635ad3f8c0d6", "/Subscriptions/7c943c1b-5122-4097-90c8-861411bdd574/resourceGroups/a2arecoveryrg/providers/Microsoft.RecoveryServices/vaults/a2arecoveryvault/replicationJobs/1b07b287-bbfb-47c1-a270-635ad3f8c0d6" ],
        "Azure-AsyncOperation": [ "https://management.azure.com/Subscriptions/7c943c1b-5122-4097-90c8-861411bdd574/resourceGroups/a2arecoveryrg/providers/Microsoft.RecoveryServices/vaults/a2arecoveryvault/replicationOperationStatus/1b07b287-bbfb-47c1-a270-635ad3f8c0d6?api-version=2023-02-01" ],
        "X-Content-Type-Options": [ "nosniff" ],
        "x-ms-client-request-id": [ "d36b568e-7b6d-45ca-9aad-2e50057cb575" ],
        "Server": [ "Kestrel" ],
        "x-ms-ratelimit-remaining-subscription-writes": [ "1196" ],
        "x-ms-correlation-request-id": [ "3acd6002-736e-4dd5-934d-41db5f7c45b4" ],
        "x-ms-routing-request-id": [ "JAPANEAST:20230616T133604Z:3acd6002-736e-4dd5-934d-41db5f7c45b4" ],
        "Date": [ "Fri, 16 Jun 2023 13:36:04 GMT" ]
      },
      "ContentHeaders": {
        "Expires": [ "-1" ],
        "Content-Length": [ "0" ]
      },
      "Content": null,
      "isContentBase64": false
    }
  },
  "Update-AzRecoveryServicesReplicationPolicy+[NoContext]+UpdateExpanded+$GET+https://management.azure.com/Subscriptions/7c943c1b-5122-4097-90c8-861411bdd574/resourceGroups/a2arecoveryrg/providers/Microsoft.RecoveryServices/vaults/a2arecoveryvault/replicationOperationStatus/1b07b287-bbfb-47c1-a270-635ad3f8c0d6?api-version=2023-02-01+3": {
    "Request": {
      "Method": "GET",
      "RequestUri": "https://management.azure.com/Subscriptions/7c943c1b-5122-4097-90c8-861411bdd574/resourceGroups/a2arecoveryrg/providers/Microsoft.RecoveryServices/vaults/a2arecoveryvault/replicationOperationStatus/1b07b287-bbfb-47c1-a270-635ad3f8c0d6?api-version=2023-02-01",
      "Content": null,
      "isContentBase64": false,
      "Headers": {
        "Authorization": [ "[Filtered]" ],
        "x-ms-unique-id": [ "49" ],
        "x-ms-client-request-id": [ "d36b568e-7b6d-45ca-9aad-2e50057cb575" ],
        "CommandName": [ "Az.RecoveryServices.internal\\Update-AzRecoveryServicesReplicationPolicy" ],
        "FullCommandName": [ "Update-AzRecoveryServicesReplicationPolicy_UpdateExpanded" ],
        "ParameterSetName": [ "__AllParameterSets" ],
        "User-Agent": [ "AzurePowershell/v0.0.0", "PSVersion/v7.3.4", "Az.RecoveryServices/0.1.0" ]
      },
      "ContentHeaders": {
      }
    },
    "Response": {
      "StatusCode": 200,
      "Headers": {
        "Cache-Control": [ "no-cache" ],
        "Pragma": [ "no-cache" ],
        "Strict-Transport-Security": [ "max-age=31536000; includeSubDomains" ],
        "x-ms-request-id": [ "/Subscriptions/7c943c1b-5122-4097-90c8-861411bdd574/resourceGroups/a2arecoveryrg/providers/Microsoft.RecoveryServices/vaults/a2arecoveryvault/replicationJobs/1b07b287-bbfb-47c1-a270-635ad3f8c0d6" ],
        "X-Content-Type-Options": [ "nosniff" ],
        "x-ms-client-request-id": [ "d36b568e-7b6d-45ca-9aad-2e50057cb575" ],
        "Server": [ "Kestrel" ],
        "x-ms-ratelimit-remaining-subscription-reads": [ "11959" ],
        "x-ms-correlation-request-id": [ "3bb28cd9-0987-4ad0-a950-fb3c4be23777" ],
        "x-ms-routing-request-id": [ "JAPANEAST:20230616T133634Z:3bb28cd9-0987-4ad0-a950-fb3c4be23777" ],
        "Date": [ "Fri, 16 Jun 2023 13:36:33 GMT" ]
      },
      "ContentHeaders": {
        "Content-Length": [ "216" ],
        "Content-Type": [ "application/json; charset=utf-8" ],
        "Expires": [ "-1" ]
      },
      "Content": "{\"error\":null,\"id\":null,\"name\":\"1b07b287-bbfb-47c1-a270-635ad3f8c0d6\",\"properties\":null,\"status\":\"Succeeded\",\"startTime\":\"2023-06-16T13:36:04.0675634Z\",\"endTime\":\"2023-06-16T13:36:04.0000000Z\",\"percentComplete\":null}",
      "isContentBase64": false
    }
  },
  "Update-AzRecoveryServicesReplicationPolicy+[NoContext]+UpdateExpanded+$GET+https://management.azure.com/subscriptions/7c943c1b-5122-4097-90c8-861411bdd574/resourceGroups/a2arecoveryrg/providers/Microsoft.RecoveryServices/vaults/a2arecoveryvault/replicationPolicies/demopolicy1?api-version=2023-02-01+4": {
    "Request": {
      "Method": "GET",
      "RequestUri": "https://management.azure.com/subscriptions/7c943c1b-5122-4097-90c8-861411bdd574/resourceGroups/a2arecoveryrg/providers/Microsoft.RecoveryServices/vaults/a2arecoveryvault/replicationPolicies/demopolicy1?api-version=2023-02-01",
      "Content": null,
      "isContentBase64": false,
      "Headers": {
        "Authorization": [ "[Filtered]" ],
        "x-ms-unique-id": [ "50" ],
        "x-ms-client-request-id": [ "d36b568e-7b6d-45ca-9aad-2e50057cb575" ],
        "CommandName": [ "Az.RecoveryServices.internal\\Update-AzRecoveryServicesReplicationPolicy" ],
        "FullCommandName": [ "Update-AzRecoveryServicesReplicationPolicy_UpdateExpanded" ],
        "ParameterSetName": [ "__AllParameterSets" ],
        "User-Agent": [ "AzurePowershell/v0.0.0", "PSVersion/v7.3.4", "Az.RecoveryServices/0.1.0" ]
      },
      "ContentHeaders": {
      }
    },
    "Response": {
      "StatusCode": 200,
      "Headers": {
        "Cache-Control": [ "no-cache" ],
        "Pragma": [ "no-cache" ],
        "Strict-Transport-Security": [ "max-age=31536000; includeSubDomains" ],
        "x-ms-request-id": [ "d36b568e-7b6d-45ca-9aad-2e50057cb575 6/16/2023 1:36:35 PM" ],
        "X-Content-Type-Options": [ "nosniff" ],
        "x-ms-client-request-id": [ "d36b568e-7b6d-45ca-9aad-2e50057cb575" ],
        "Server": [ "Kestrel" ],
        "x-ms-ratelimit-remaining-subscription-reads": [ "11958" ],
        "x-ms-correlation-request-id": [ "b2e276e7-c7a5-4e6e-9029-7520bbbc8e87" ],
        "x-ms-routing-request-id": [ "JAPANEAST:20230616T133635Z:b2e276e7-c7a5-4e6e-9029-7520bbbc8e87" ],
        "Date": [ "Fri, 16 Jun 2023 13:36:34 GMT" ]
      },
      "ContentHeaders": {
        "Content-Length": [ "531" ],
        "Content-Type": [ "application/json; charset=utf-8" ],
        "Expires": [ "-1" ]
      },
      "Content": "{\"id\":\"/Subscriptions/7c943c1b-5122-4097-90c8-861411bdd574/resourceGroups/a2arecoveryrg/providers/Microsoft.RecoveryServices/vaults/a2arecoveryvault/replicationPolicies/demopolicy1\",\"name\":\"demopolicy1\",\"type\":\"Microsoft.RecoveryServices/vaults/replicationPolicies\",\"properties\":{\"friendlyName\":\"demopolicy1\",\"providerSpecificDetails\":{\"instanceType\":\"A2A\",\"recoveryPointThresholdInMinutes\":0,\"recoveryPointHistory\":4420,\"appConsistentFrequencyInMinutes\":340,\"multiVmSyncStatus\":\"Enabled\",\"crashConsistentFrequencyInMinutes\":160}}}",
      "isContentBase64": false
    }
  }
}