{
  "Entries": [
    {
      "RequestUri": "/subscriptions/947d47b4-7883-4bb9-9d85-c5e8e2f572ce/resourcegroups/psnrp8825?api-version=2016-09-01",
      "EncodedRequestUri": "L3N1YnNjcmlwdGlvbnMvOTQ3ZDQ3YjQtNzg4My00YmI5LTlkODUtYzVlOGUyZjU3MmNlL3Jlc291cmNlZ3JvdXBzL3BzbnJwODgyNT9hcGktdmVyc2lvbj0yMDE2LTA5LTAx",
      "RequestMethod": "PUT",
      "RequestBody": "{\r\n  \"location\": \"westcentralus\"\r\n}",
      "RequestHeaders": {
        "x-ms-client-request-id": [
          "21340f08-01b6-45d8-83f9-9057bf745bb7"
        ],
        "Accept-Language": [
          "en-US"
        ],
        "User-Agent": [
          "FxVersion/4.6.27817.01",
          "OSName/Windows",
          "OSVersion/Microsoft.Windows.10.0.17763.",
          "Microsoft.Azure.Management.Internal.Resources.ResourceManagementClient/1.3.1"
        ],
        "Content-Type": [
          "application/json; charset=utf-8"
        ],
        "Content-Length": [
          "35"
        ]
      },
      "ResponseHeaders": {
        "Cache-Control": [
          "no-cache"
        ],
        "Pragma": [
          "no-cache"
        ],
        "x-ms-ratelimit-remaining-subscription-writes": [
          "1199"
        ],
        "x-ms-request-id": [
          "4c53611a-8a54-4a19-8f9a-de3e68a4392d"
        ],
        "x-ms-correlation-request-id": [
          "4c53611a-8a54-4a19-8f9a-de3e68a4392d"
        ],
        "x-ms-routing-request-id": [
          "WESTEUROPE:20190712T130018Z:4c53611a-8a54-4a19-8f9a-de3e68a4392d"
        ],
        "Strict-Transport-Security": [
          "max-age=31536000; includeSubDomains"
        ],
        "X-Content-Type-Options": [
          "nosniff"
        ],
        "Date": [
          "Fri, 12 Jul 2019 13:00:18 GMT"
        ],
        "Content-Length": [
          "178"
        ],
        "Content-Type": [
          "application/json; charset=utf-8"
        ],
        "Expires": [
          "-1"
        ]
      },
      "ResponseBody": "{\r\n  \"id\": \"/subscriptions/947d47b4-7883-4bb9-9d85-c5e8e2f572ce/resourceGroups/psnrp8825\",\r\n  \"name\": \"psnrp8825\",\r\n  \"location\": \"westcentralus\",\r\n  \"properties\": {\r\n    \"provisioningState\": \"Succeeded\"\r\n  }\r\n}",
      "StatusCode": 201
    },
    {
      "RequestUri": "/subscriptions/947d47b4-7883-4bb9-9d85-c5e8e2f572ce/providers/Microsoft.Network/networkWatchers?api-version=2019-06-01",
      "EncodedRequestUri": "L3N1YnNjcmlwdGlvbnMvOTQ3ZDQ3YjQtNzg4My00YmI5LTlkODUtYzVlOGUyZjU3MmNlL3Byb3ZpZGVycy9NaWNyb3NvZnQuTmV0d29yay9uZXR3b3JrV2F0Y2hlcnM/YXBpLXZlcnNpb249MjAxOS0wNi0wMQ==",
      "RequestMethod": "GET",
      "RequestBody": "",
      "RequestHeaders": {
        "x-ms-client-request-id": [
          "b605f15d-1a5d-49b9-afd6-af5f03346071"
        ],
        "Accept-Language": [
          "en-US"
        ],
        "User-Agent": [
          "FxVersion/4.6.27817.01",
          "OSName/Windows",
          "OSVersion/Microsoft.Windows.10.0.17763.",
          "Microsoft.Azure.Management.Network.NetworkManagementClient/20.0.0.0"
        ]
      },
      "ResponseHeaders": {
        "Cache-Control": [
          "no-cache"
        ],
        "Pragma": [
          "no-cache"
        ],
        "x-ms-original-request-ids": [
          "222493d0-7869-48f5-93bb-bf0897054bb0",
          "a29eae60-775d-4513-af2b-3fdd8a65e560",
          "daf21a0a-7126-41e6-9c0c-6943ed837533",
          "b0c34e1c-cc3b-42e8-8900-dc773bdb8614"
        ],
        "x-ms-ratelimit-remaining-subscription-reads": [
          "11999"
        ],
        "x-ms-request-id": [
          "87a54c6b-8f11-4ee2-858e-267f77d86237"
        ],
        "x-ms-correlation-request-id": [
          "87a54c6b-8f11-4ee2-858e-267f77d86237"
        ],
        "x-ms-routing-request-id": [
          "WESTEUROPE:20190712T130020Z:87a54c6b-8f11-4ee2-858e-267f77d86237"
        ],
        "Strict-Transport-Security": [
          "max-age=31536000; includeSubDomains"
        ],
        "X-Content-Type-Options": [
          "nosniff"
        ],
        "Date": [
          "Fri, 12 Jul 2019 13:00:19 GMT"
        ],
        "Content-Type": [
          "application/json; charset=utf-8"
        ],
        "Expires": [
          "-1"
        ],
        "Content-Length": [
          "1634"
        ]
      },
      "ResponseBody": "{\r\n  \"value\": [\r\n    {\r\n      \"name\": \"networkWatcherName-5cee2563e4\",\r\n      \"id\": \"/subscriptions/947d47b4-7883-4bb9-9d85-c5e8e2f572ce/resourceGroups/restler-networkWatcher/providers/Microsoft.Network/networkWatchers/networkWatcherName-5cee2563e4\",\r\n      \"etag\": \"W/\\\"a2883bab-54b2-4b22-84e0-b347a3b71432\\\"\",\r\n      \"type\": \"Microsoft.Network/networkWatchers\",\r\n      \"location\": \"eastus2\",\r\n      \"properties\": {\r\n        \"provisioningState\": \"Succeeded\",\r\n        \"flowLogs\": [],\r\n        \"runningOperationIds\": []\r\n      }\r\n    },\r\n    {\r\n      \"name\": \"NetworkWatcher_westcentralus\",\r\n      \"id\": \"/subscriptions/947d47b4-7883-4bb9-9d85-c5e8e2f572ce/resourceGroups/NetworkWatcherRG/providers/Microsoft.Network/networkWatchers/NetworkWatcher_westcentralus\",\r\n      \"etag\": \"W/\\\"4ead1e9f-0279-4b7b-a243-a711f49b3db0\\\"\",\r\n      \"type\": \"Microsoft.Network/networkWatchers\",\r\n      \"location\": \"westcentralus\",\r\n      \"properties\": {\r\n        \"provisioningState\": \"Succeeded\",\r\n        \"flowLogs\": [],\r\n        \"runningOperationIds\": []\r\n      }\r\n    },\r\n    {\r\n      \"name\": \"NetworkWatcher_westus\",\r\n      \"id\": \"/subscriptions/947d47b4-7883-4bb9-9d85-c5e8e2f572ce/resourceGroups/NetworkWatcherRG/providers/Microsoft.Network/networkWatchers/NetworkWatcher_westus\",\r\n      \"etag\": \"W/\\\"c1a136e9-ce80-4b8d-86cf-4b5649ab5a63\\\"\",\r\n      \"type\": \"Microsoft.Network/networkWatchers\",\r\n      \"location\": \"westus\",\r\n      \"properties\": {\r\n        \"provisioningState\": \"Succeeded\",\r\n        \"flowLogs\": [],\r\n        \"runningOperationIds\": []\r\n      }\r\n    },\r\n    {\r\n      \"name\": \"NetworkWatcher_eastus2euap\",\r\n      \"id\": \"/subscriptions/947d47b4-7883-4bb9-9d85-c5e8e2f572ce/resourceGroups/NetworkWatcherRG/providers/Microsoft.Network/networkWatchers/NetworkWatcher_eastus2euap\",\r\n      \"etag\": \"W/\\\"d45d62bc-b072-4273-85a8-a139695d9544\\\"\",\r\n      \"type\": \"Microsoft.Network/networkWatchers\",\r\n      \"location\": \"eastus2euap\",\r\n      \"properties\": {\r\n        \"provisioningState\": \"Succeeded\",\r\n        \"flowLogs\": [],\r\n        \"runningOperationIds\": []\r\n      }\r\n    }\r\n  ]\r\n}",
      "StatusCode": 200
    },
    {
      "RequestUri": "/subscriptions/947d47b4-7883-4bb9-9d85-c5e8e2f572ce/resourceGroups/NetworkWatcherRG/providers/Microsoft.Network/networkWatchers/NetworkWatcher_westcentralus/azureReachabilityReport?api-version=2019-06-01",
      "EncodedRequestUri": "L3N1YnNjcmlwdGlvbnMvOTQ3ZDQ3YjQtNzg4My00YmI5LTlkODUtYzVlOGUyZjU3MmNlL3Jlc291cmNlR3JvdXBzL05ldHdvcmtXYXRjaGVyUkcvcHJvdmlkZXJzL01pY3Jvc29mdC5OZXR3b3JrL25ldHdvcmtXYXRjaGVycy9OZXR3b3JrV2F0Y2hlcl93ZXN0Y2VudHJhbHVzL2F6dXJlUmVhY2hhYmlsaXR5UmVwb3J0P2FwaS12ZXJzaW9uPTIwMTktMDYtMDE=",
      "RequestMethod": "POST",
      "RequestBody": "{\r\n  \"providerLocation\": {\r\n    \"country\": \"United States\"\r\n  },\r\n  \"azureLocations\": [\r\n    \"West US\"\r\n  ],\r\n  \"startTime\": \"2017-10-05T00:00:00Z\",\r\n  \"endTime\": \"2017-10-10T00:00:00Z\"\r\n}",
      "RequestHeaders": {
        "x-ms-client-request-id": [
          "632a3f9c-7f89-4168-b89f-7dc8bb52c598"
        ],
        "Accept-Language": [
          "en-US"
        ],
        "User-Agent": [
          "FxVersion/4.6.27817.01",
          "OSName/Windows",
          "OSVersion/Microsoft.Windows.10.0.17763.",
          "Microsoft.Azure.Management.Network.NetworkManagementClient/20.0.0.0"
        ],
        "Content-Type": [
          "application/json; charset=utf-8"
        ],
        "Content-Length": [
          "188"
        ]
      },
      "ResponseHeaders": {
        "Cache-Control": [
          "no-cache"
        ],
        "Pragma": [
          "no-cache"
        ],
        "Location": [
          "https://management.azure.com/subscriptions/947d47b4-7883-4bb9-9d85-c5e8e2f572ce/providers/Microsoft.Network/locations/westcentralus/operationResults/67e5b7ae-cf2c-4004-a62a-510e2d355f21?api-version=2019-06-01"
        ],
        "x-ms-request-id": [
          "67e5b7ae-cf2c-4004-a62a-510e2d355f21"
        ],
        "x-ms-correlation-request-id": [
          "d6bed3e3-b7ce-40bc-ac50-fb6eee0f37bd"
        ],
        "x-ms-arm-service-request-id": [
          "1c292589-e29c-4501-9329-1358f52427e5"
        ],
        "Strict-Transport-Security": [
          "max-age=31536000; includeSubDomains"
        ],
        "Server": [
          "Microsoft-HTTPAPI/2.0",
          "Microsoft-HTTPAPI/2.0"
        ],
        "x-ms-ratelimit-remaining-subscription-writes": [
          "1199"
        ],
        "x-ms-routing-request-id": [
          "WESTEUROPE:20190712T130027Z:d6bed3e3-b7ce-40bc-ac50-fb6eee0f37bd"
        ],
        "X-Content-Type-Options": [
          "nosniff"
        ],
        "Date": [
          "Fri, 12 Jul 2019 13:00:27 GMT"
        ],
        "Content-Length": [
          "170"
        ],
        "Content-Type": [
          "application/json; charset=utf-8"
        ],
        "Expires": [
          "-1"
        ]
      },
      "ResponseBody": "{\r\n  \"aggregationLevel\": \"Country\",\r\n  \"providerLocation\": {\r\n    \"country\": \"United States\"\r\n  },\r\n  \"reachabilityReport\": [\r\n    {\r\n      \"latencies\": []\r\n    }\r\n  ]\r\n}",
      "StatusCode": 200
    },
    {
      "RequestUri": "/subscriptions/947d47b4-7883-4bb9-9d85-c5e8e2f572ce/resourceGroups/NetworkWatcherRG/providers/Microsoft.Network/networkWatchers/NetworkWatcher_westcentralus/azureReachabilityReport?api-version=2019-06-01",
      "EncodedRequestUri": "L3N1YnNjcmlwdGlvbnMvOTQ3ZDQ3YjQtNzg4My00YmI5LTlkODUtYzVlOGUyZjU3MmNlL3Jlc291cmNlR3JvdXBzL05ldHdvcmtXYXRjaGVyUkcvcHJvdmlkZXJzL01pY3Jvc29mdC5OZXR3b3JrL25ldHdvcmtXYXRjaGVycy9OZXR3b3JrV2F0Y2hlcl93ZXN0Y2VudHJhbHVzL2F6dXJlUmVhY2hhYmlsaXR5UmVwb3J0P2FwaS12ZXJzaW9uPTIwMTktMDYtMDE=",
      "RequestMethod": "POST",
      "RequestBody": "{\r\n  \"providerLocation\": {\r\n    \"country\": \"United States\",\r\n    \"state\": \"washington\"\r\n  },\r\n  \"azureLocations\": [\r\n    \"West US\"\r\n  ],\r\n  \"startTime\": \"2017-10-05T00:00:00Z\",\r\n  \"endTime\": \"2017-10-10T00:00:00Z\"\r\n}",
      "RequestHeaders": {
        "x-ms-client-request-id": [
          "184c6651-9ba6-4d13-ba5a-4f6fa1d11412"
        ],
        "Accept-Language": [
          "en-US"
        ],
        "User-Agent": [
          "FxVersion/4.6.27817.01",
          "OSName/Windows",
          "OSVersion/Microsoft.Windows.10.0.17763.",
          "Microsoft.Azure.Management.Network.NetworkManagementClient/20.0.0.0"
        ],
        "Content-Type": [
          "application/json; charset=utf-8"
        ],
        "Content-Length": [
          "216"
        ]
      },
      "ResponseHeaders": {
        "Cache-Control": [
          "no-cache"
        ],
        "Pragma": [
          "no-cache"
        ],
        "Location": [
          "https://management.azure.com/subscriptions/947d47b4-7883-4bb9-9d85-c5e8e2f572ce/providers/Microsoft.Network/locations/westcentralus/operationResults/d70c6dfc-fb2b-4372-be85-ac5a9bd8a5cc?api-version=2019-06-01"
        ],
        "x-ms-request-id": [
          "d70c6dfc-fb2b-4372-be85-ac5a9bd8a5cc"
        ],
        "x-ms-correlation-request-id": [
          "00b0adc2-ac4d-4312-9372-2234c0e2027c"
        ],
        "x-ms-arm-service-request-id": [
          "47047568-b3f3-4536-bd6c-19fc0689bfd0"
        ],
        "Strict-Transport-Security": [
          "max-age=31536000; includeSubDomains"
        ],
        "Server": [
          "Microsoft-HTTPAPI/2.0",
          "Microsoft-HTTPAPI/2.0"
        ],
        "x-ms-ratelimit-remaining-subscription-writes": [
          "1199"
        ],
        "x-ms-routing-request-id": [
          "WESTEUROPE:20190712T130041Z:00b0adc2-ac4d-4312-9372-2234c0e2027c"
        ],
        "X-Content-Type-Options": [
          "nosniff"
        ],
        "Date": [
          "Fri, 12 Jul 2019 13:00:40 GMT"
        ],
        "Content-Length": [
          "196"
        ],
        "Content-Type": [
          "application/json; charset=utf-8"
        ],
        "Expires": [
          "-1"
        ]
      },
      "ResponseBody": "{\r\n  \"aggregationLevel\": \"State\",\r\n  \"providerLocation\": {\r\n    \"country\": \"United States\",\r\n    \"state\": \"washington\"\r\n  },\r\n  \"reachabilityReport\": [\r\n    {\r\n      \"latencies\": []\r\n    }\r\n  ]\r\n}",
      "StatusCode": 200
    },
    {
      "RequestUri": "/subscriptions/947d47b4-7883-4bb9-9d85-c5e8e2f572ce/resourceGroups/NetworkWatcherRG/providers/Microsoft.Network/networkWatchers/NetworkWatcher_westcentralus/azureReachabilityReport?api-version=2019-06-01",
      "EncodedRequestUri": "L3N1YnNjcmlwdGlvbnMvOTQ3ZDQ3YjQtNzg4My00YmI5LTlkODUtYzVlOGUyZjU3MmNlL3Jlc291cmNlR3JvdXBzL05ldHdvcmtXYXRjaGVyUkcvcHJvdmlkZXJzL01pY3Jvc29mdC5OZXR3b3JrL25ldHdvcmtXYXRjaGVycy9OZXR3b3JrV2F0Y2hlcl93ZXN0Y2VudHJhbHVzL2F6dXJlUmVhY2hhYmlsaXR5UmVwb3J0P2FwaS12ZXJzaW9uPTIwMTktMDYtMDE=",
      "RequestMethod": "POST",
      "RequestBody": "{\r\n  \"providerLocation\": {\r\n    \"country\": \"United States\",\r\n    \"state\": \"washington\",\r\n    \"city\": \"seattle\"\r\n  },\r\n  \"azureLocations\": [\r\n    \"West US\"\r\n  ],\r\n  \"startTime\": \"2017-10-05T00:00:00Z\",\r\n  \"endTime\": \"2017-10-10T00:00:00Z\"\r\n}",
      "RequestHeaders": {
        "x-ms-client-request-id": [
          "80834d3b-996b-4ae9-8b08-abd93c48a578"
        ],
        "Accept-Language": [
          "en-US"
        ],
        "User-Agent": [
          "FxVersion/4.6.27817.01",
          "OSName/Windows",
          "OSVersion/Microsoft.Windows.10.0.17763.",
          "Microsoft.Azure.Management.Network.NetworkManagementClient/20.0.0.0"
        ],
        "Content-Type": [
          "application/json; charset=utf-8"
        ],
        "Content-Length": [
          "240"
        ]
      },
      "ResponseHeaders": {
        "Cache-Control": [
          "no-cache"
        ],
        "Pragma": [
          "no-cache"
        ],
        "Location": [
          "https://management.azure.com/subscriptions/947d47b4-7883-4bb9-9d85-c5e8e2f572ce/providers/Microsoft.Network/locations/westcentralus/operationResults/5c45409f-0728-4dfa-ab83-99d86bc2a50d?api-version=2019-06-01"
        ],
        "x-ms-request-id": [
          "5c45409f-0728-4dfa-ab83-99d86bc2a50d"
        ],
        "x-ms-correlation-request-id": [
          "d1bab8e2-5a16-40ff-bdba-e85a5fbbaed8"
        ],
        "x-ms-arm-service-request-id": [
          "40bd1009-3588-45f3-8d97-b427ef0e8f81"
        ],
        "Strict-Transport-Security": [
          "max-age=31536000; includeSubDomains"
        ],
        "Server": [
          "Microsoft-HTTPAPI/2.0",
          "Microsoft-HTTPAPI/2.0"
        ],
        "x-ms-ratelimit-remaining-subscription-writes": [
          "1199"
        ],
        "x-ms-routing-request-id": [
          "WESTEUROPE:20190712T130045Z:d1bab8e2-5a16-40ff-bdba-e85a5fbbaed8"
        ],
        "X-Content-Type-Options": [
          "nosniff"
        ],
        "Date": [
          "Fri, 12 Jul 2019 13:00:45 GMT"
        ],
        "Content-Length": [
          "219"
        ],
        "Content-Type": [
          "application/json; charset=utf-8"
        ],
        "Expires": [
          "-1"
        ]
      },
      "ResponseBody": "{\r\n  \"aggregationLevel\": \"City\",\r\n  \"providerLocation\": {\r\n    \"country\": \"United States\",\r\n    \"state\": \"washington\",\r\n    \"city\": \"seattle\"\r\n  },\r\n  \"reachabilityReport\": [\r\n    {\r\n      \"latencies\": []\r\n    }\r\n  ]\r\n}",
      "StatusCode": 200
    },
    {
      "RequestUri": "/subscriptions/947d47b4-7883-4bb9-9d85-c5e8e2f572ce/resourcegroups/psnrp8825?api-version=2016-09-01",
      "EncodedRequestUri": "L3N1YnNjcmlwdGlvbnMvOTQ3ZDQ3YjQtNzg4My00YmI5LTlkODUtYzVlOGUyZjU3MmNlL3Jlc291cmNlZ3JvdXBzL3BzbnJwODgyNT9hcGktdmVyc2lvbj0yMDE2LTA5LTAx",
      "RequestMethod": "DELETE",
      "RequestBody": "",
      "RequestHeaders": {
        "x-ms-client-request-id": [
          "90f26f22-9ab5-4536-bbca-d43fd40b2fb1"
        ],
        "Accept-Language": [
          "en-US"
        ],
        "User-Agent": [
          "FxVersion/4.6.27817.01",
          "OSName/Windows",
          "OSVersion/Microsoft.Windows.10.0.17763.",
          "Microsoft.Azure.Management.Internal.Resources.ResourceManagementClient/1.3.1"
        ]
      },
      "ResponseHeaders": {
        "Cache-Control": [
          "no-cache"
        ],
        "Pragma": [
          "no-cache"
        ],
        "Location": [
          "https://management.azure.com/subscriptions/947d47b4-7883-4bb9-9d85-c5e8e2f572ce/operationresults/eyJqb2JJZCI6IlJFU09VUkNFR1JPVVBERUxFVElPTkpPQi1QU05SUDg4MjUtV0VTVENFTlRSQUxVUyIsImpvYkxvY2F0aW9uIjoid2VzdGNlbnRyYWx1cyJ9?api-version=2016-09-01"
        ],
        "Retry-After": [
          "15"
        ],
        "x-ms-ratelimit-remaining-subscription-deletes": [
          "14998"
        ],
        "x-ms-request-id": [
          "06282c34-3e37-4089-b79f-4068c8861d75"
        ],
        "x-ms-correlation-request-id": [
          "06282c34-3e37-4089-b79f-4068c8861d75"
        ],
        "x-ms-routing-request-id": [
          "WESTEUROPE:20190712T130049Z:06282c34-3e37-4089-b79f-4068c8861d75"
        ],
        "Strict-Transport-Security": [
          "max-age=31536000; includeSubDomains"
        ],
        "X-Content-Type-Options": [
          "nosniff"
        ],
        "Date": [
          "Fri, 12 Jul 2019 13:00:49 GMT"
        ],
        "Expires": [
          "-1"
        ],
        "Content-Length": [
          "0"
        ]
      },
      "ResponseBody": "",
      "StatusCode": 202
    },
    {
      "RequestUri": "/subscriptions/947d47b4-7883-4bb9-9d85-c5e8e2f572ce/operationresults/eyJqb2JJZCI6IlJFU09VUkNFR1JPVVBERUxFVElPTkpPQi1QU05SUDg4MjUtV0VTVENFTlRSQUxVUyIsImpvYkxvY2F0aW9uIjoid2VzdGNlbnRyYWx1cyJ9?api-version=2016-09-01",
      "EncodedRequestUri": "L3N1YnNjcmlwdGlvbnMvOTQ3ZDQ3YjQtNzg4My00YmI5LTlkODUtYzVlOGUyZjU3MmNlL29wZXJhdGlvbnJlc3VsdHMvZXlKcWIySkpaQ0k2SWxKRlUwOVZVa05GUjFKUFZWQkVSVXhGVkVsUFRrcFBRaTFRVTA1U1VEZzRNalV0VjBWVFZFTkZUbFJTUVV4VlV5SXNJbXB2WWt4dlkyRjBhVzl1SWpvaWQyVnpkR05sYm5SeVlXeDFjeUo5P2FwaS12ZXJzaW9uPTIwMTYtMDktMDE=",
      "RequestMethod": "GET",
      "RequestBody": "",
      "RequestHeaders": {
        "User-Agent": [
          "FxVersion/4.6.27817.01",
          "OSName/Windows",
          "OSVersion/Microsoft.Windows.10.0.17763.",
          "Microsoft.Azure.Management.Internal.Resources.ResourceManagementClient/1.3.1"
        ]
      },
      "ResponseHeaders": {
        "Cache-Control": [
          "no-cache"
        ],
        "Pragma": [
          "no-cache"
        ],
        "Location": [
          "https://management.azure.com/subscriptions/947d47b4-7883-4bb9-9d85-c5e8e2f572ce/operationresults/eyJqb2JJZCI6IlJFU09VUkNFR1JPVVBERUxFVElPTkpPQi1QU05SUDg4MjUtV0VTVENFTlRSQUxVUyIsImpvYkxvY2F0aW9uIjoid2VzdGNlbnRyYWx1cyJ9?api-version=2016-09-01"
        ],
        "Retry-After": [
          "15"
        ],
        "x-ms-ratelimit-remaining-subscription-reads": [
          "11984"
        ],
        "x-ms-request-id": [
          "dbd1a2fb-d752-4d09-aff7-87c3d54d941b"
        ],
        "x-ms-correlation-request-id": [
          "dbd1a2fb-d752-4d09-aff7-87c3d54d941b"
        ],
        "x-ms-routing-request-id": [
          "WESTEUROPE:20190712T130104Z:dbd1a2fb-d752-4d09-aff7-87c3d54d941b"
        ],
        "Strict-Transport-Security": [
          "max-age=31536000; includeSubDomains"
        ],
        "X-Content-Type-Options": [
          "nosniff"
        ],
        "Date": [
          "Fri, 12 Jul 2019 13:01:04 GMT"
        ],
        "Expires": [
          "-1"
        ],
        "Content-Length": [
          "0"
        ]
      },
      "ResponseBody": "",
      "StatusCode": 202
    },
    {
      "RequestUri": "/subscriptions/947d47b4-7883-4bb9-9d85-c5e8e2f572ce/operationresults/eyJqb2JJZCI6IlJFU09VUkNFR1JPVVBERUxFVElPTkpPQi1QU05SUDg4MjUtV0VTVENFTlRSQUxVUyIsImpvYkxvY2F0aW9uIjoid2VzdGNlbnRyYWx1cyJ9?api-version=2016-09-01",
      "EncodedRequestUri": "L3N1YnNjcmlwdGlvbnMvOTQ3ZDQ3YjQtNzg4My00YmI5LTlkODUtYzVlOGUyZjU3MmNlL29wZXJhdGlvbnJlc3VsdHMvZXlKcWIySkpaQ0k2SWxKRlUwOVZVa05GUjFKUFZWQkVSVXhGVkVsUFRrcFBRaTFRVTA1U1VEZzRNalV0VjBWVFZFTkZUbFJTUVV4VlV5SXNJbXB2WWt4dlkyRjBhVzl1SWpvaWQyVnpkR05sYm5SeVlXeDFjeUo5P2FwaS12ZXJzaW9uPTIwMTYtMDktMDE=",
      "RequestMethod": "GET",
      "RequestBody": "",
      "RequestHeaders": {
        "User-Agent": [
          "FxVersion/4.6.27817.01",
          "OSName/Windows",
          "OSVersion/Microsoft.Windows.10.0.17763.",
          "Microsoft.Azure.Management.Internal.Resources.ResourceManagementClient/1.3.1"
        ]
      },
      "ResponseHeaders": {
        "Cache-Control": [
          "no-cache"
        ],
        "Pragma": [
          "no-cache"
        ],
        "Location": [
          "https://management.azure.com/subscriptions/947d47b4-7883-4bb9-9d85-c5e8e2f572ce/operationresults/eyJqb2JJZCI6IlJFU09VUkNFR1JPVVBERUxFVElPTkpPQi1QU05SUDg4MjUtV0VTVENFTlRSQUxVUyIsImpvYkxvY2F0aW9uIjoid2VzdGNlbnRyYWx1cyJ9?api-version=2016-09-01"
        ],
        "Retry-After": [
          "15"
        ],
        "x-ms-ratelimit-remaining-subscription-reads": [
          "11983"
        ],
        "x-ms-request-id": [
          "21d0df57-ff8a-4eb6-a93b-4380f6cf9ac3"
        ],
        "x-ms-correlation-request-id": [
          "21d0df57-ff8a-4eb6-a93b-4380f6cf9ac3"
        ],
        "x-ms-routing-request-id": [
          "WESTEUROPE:20190712T130120Z:21d0df57-ff8a-4eb6-a93b-4380f6cf9ac3"
        ],
        "Strict-Transport-Security": [
          "max-age=31536000; includeSubDomains"
        ],
        "X-Content-Type-Options": [
          "nosniff"
        ],
        "Date": [
          "Fri, 12 Jul 2019 13:01:19 GMT"
        ],
        "Expires": [
          "-1"
        ],
        "Content-Length": [
          "0"
        ]
      },
      "ResponseBody": "",
      "StatusCode": 202
    },
    {
      "RequestUri": "/subscriptions/947d47b4-7883-4bb9-9d85-c5e8e2f572ce/operationresults/eyJqb2JJZCI6IlJFU09VUkNFR1JPVVBERUxFVElPTkpPQi1QU05SUDg4MjUtV0VTVENFTlRSQUxVUyIsImpvYkxvY2F0aW9uIjoid2VzdGNlbnRyYWx1cyJ9?api-version=2016-09-01",
      "EncodedRequestUri": "L3N1YnNjcmlwdGlvbnMvOTQ3ZDQ3YjQtNzg4My00YmI5LTlkODUtYzVlOGUyZjU3MmNlL29wZXJhdGlvbnJlc3VsdHMvZXlKcWIySkpaQ0k2SWxKRlUwOVZVa05GUjFKUFZWQkVSVXhGVkVsUFRrcFBRaTFRVTA1U1VEZzRNalV0VjBWVFZFTkZUbFJTUVV4VlV5SXNJbXB2WWt4dlkyRjBhVzl1SWpvaWQyVnpkR05sYm5SeVlXeDFjeUo5P2FwaS12ZXJzaW9uPTIwMTYtMDktMDE=",
      "RequestMethod": "GET",
      "RequestBody": "",
      "RequestHeaders": {
        "User-Agent": [
          "FxVersion/4.6.27817.01",
          "OSName/Windows",
          "OSVersion/Microsoft.Windows.10.0.17763.",
          "Microsoft.Azure.Management.Internal.Resources.ResourceManagementClient/1.3.1"
        ]
      },
      "ResponseHeaders": {
        "Cache-Control": [
          "no-cache"
        ],
        "Pragma": [
          "no-cache"
        ],
        "x-ms-ratelimit-remaining-subscription-reads": [
          "11982"
        ],
        "x-ms-request-id": [
          "f0ac76d6-284c-4c94-bf35-e15b5a2ce1f1"
        ],
        "x-ms-correlation-request-id": [
          "f0ac76d6-284c-4c94-bf35-e15b5a2ce1f1"
        ],
        "x-ms-routing-request-id": [
          "WESTEUROPE:20190712T130135Z:f0ac76d6-284c-4c94-bf35-e15b5a2ce1f1"
        ],
        "Strict-Transport-Security": [
          "max-age=31536000; includeSubDomains"
        ],
        "X-Content-Type-Options": [
          "nosniff"
        ],
        "Date": [
          "Fri, 12 Jul 2019 13:01:34 GMT"
        ],
        "Expires": [
          "-1"
        ],
        "Content-Length": [
          "0"
        ]
      },
      "ResponseBody": "",
      "StatusCode": 200
    },
    {
      "RequestUri": "/subscriptions/947d47b4-7883-4bb9-9d85-c5e8e2f572ce/operationresults/eyJqb2JJZCI6IlJFU09VUkNFR1JPVVBERUxFVElPTkpPQi1QU05SUDg4MjUtV0VTVENFTlRSQUxVUyIsImpvYkxvY2F0aW9uIjoid2VzdGNlbnRyYWx1cyJ9?api-version=2016-09-01",
      "EncodedRequestUri": "L3N1YnNjcmlwdGlvbnMvOTQ3ZDQ3YjQtNzg4My00YmI5LTlkODUtYzVlOGUyZjU3MmNlL29wZXJhdGlvbnJlc3VsdHMvZXlKcWIySkpaQ0k2SWxKRlUwOVZVa05GUjFKUFZWQkVSVXhGVkVsUFRrcFBRaTFRVTA1U1VEZzRNalV0VjBWVFZFTkZUbFJTUVV4VlV5SXNJbXB2WWt4dlkyRjBhVzl1SWpvaWQyVnpkR05sYm5SeVlXeDFjeUo5P2FwaS12ZXJzaW9uPTIwMTYtMDktMDE=",
      "RequestMethod": "GET",
      "RequestBody": "",
      "RequestHeaders": {
        "User-Agent": [
          "FxVersion/4.6.27817.01",
          "OSName/Windows",
          "OSVersion/Microsoft.Windows.10.0.17763.",
          "Microsoft.Azure.Management.Internal.Resources.ResourceManagementClient/1.3.1"
        ]
      },
      "ResponseHeaders": {
        "Cache-Control": [
          "no-cache"
        ],
        "Pragma": [
          "no-cache"
        ],
        "x-ms-ratelimit-remaining-subscription-reads": [
          "11981"
        ],
        "x-ms-request-id": [
          "c95e5ec7-e19a-42fc-a127-03765cf4101f"
        ],
        "x-ms-correlation-request-id": [
          "c95e5ec7-e19a-42fc-a127-03765cf4101f"
        ],
        "x-ms-routing-request-id": [
          "WESTEUROPE:20190712T130135Z:c95e5ec7-e19a-42fc-a127-03765cf4101f"
        ],
        "Strict-Transport-Security": [
          "max-age=31536000; includeSubDomains"
        ],
        "X-Content-Type-Options": [
          "nosniff"
        ],
        "Date": [
          "Fri, 12 Jul 2019 13:01:35 GMT"
        ],
        "Expires": [
          "-1"
        ],
        "Content-Length": [
          "0"
        ]
      },
      "ResponseBody": "",
      "StatusCode": 200
    }
  ],
  "Names": {
    "Test-ReachabilityReport": [
      "psnrp8825",
      "psnrp2088"
    ]
  },
  "Variables": {
    "SubscriptionId": "947d47b4-7883-4bb9-9d85-c5e8e2f572ce"
  }
}