{
  "Entries": [
    {
      "RequestUri": "/subscriptions/04b0639d-85d8-445a-bada-8da78e50ff30/resourceGroups/lketmtestantps10/providers/Microsoft.Web/sites/lketmtestantps10?api-version=2020-06-01",
      "EncodedRequestUri": "L3N1YnNjcmlwdGlvbnMvMDRiMDYzOWQtODVkOC00NDVhLWJhZGEtOGRhNzhlNTBmZjMwL3Jlc291cmNlR3JvdXBzL2xrZXRtdGVzdGFudHBzMTAvcHJvdmlkZXJzL01pY3Jvc29mdC5XZWIvc2l0ZXMvbGtldG10ZXN0YW50cHMxMD9hcGktdmVyc2lvbj0yMDIwLTA2LTAx",
      "RequestMethod": "GET",
      "RequestBody": "",
      "RequestHeaders": {
        "x-ms-client-request-id": [
          "b06931a5-061e-441e-8284-5809debe6104"
        ],
        "Accept-Language": [
          "en-US"
        ],
        "User-Agent": [
          "FxVersion/4.6.29017.01",
          "OSName/Windows",
          "OSVersion/Microsoft.Windows.10.0.19042.",
          "Microsoft.Azure.Management.WebSites.WebSiteManagementClient/3.1.0"
        ]
      },
      "ResponseHeaders": {
        "Cache-Control": [
          "no-cache"
        ],
        "Pragma": [
          "no-cache"
        ],
        "ETag": [
          "\"1D6BD9AD6EBD000\""
        ],
        "Strict-Transport-Security": [
          "max-age=31536000; includeSubDomains"
        ],
        "x-ms-request-id": [
          "46a28f20-7197-4a54-aa47-4cbc7c490685"
        ],
        "Server": [
          "Microsoft-IIS/10.0"
        ],
        "X-AspNet-Version": [
          "4.0.30319"
        ],
        "X-Powered-By": [
          "ASP.NET"
        ],
        "x-ms-ratelimit-remaining-subscription-reads": [
          "11979"
        ],
        "x-ms-correlation-request-id": [
          "a33143d8-dd9f-41da-87cb-acf0092c070b"
        ],
        "x-ms-routing-request-id": [
          "SOUTHINDIA:20201118T113149Z:a33143d8-dd9f-41da-87cb-acf0092c070b"
        ],
        "X-Content-Type-Options": [
          "nosniff"
        ],
        "Date": [
          "Wed, 18 Nov 2020 11:31:48 GMT"
        ],
        "Content-Length": [
          "5532"
        ],
        "Content-Type": [
          "application/json"
        ],
        "Expires": [
          "-1"
        ]
      },
      "ResponseBody": "{\r\n  \"id\": \"/subscriptions/04b0639d-85d8-445a-bada-8da78e50ff30/resourceGroups/lketmtestantps10/providers/Microsoft.Web/sites/lketmtestantps10\",\r\n  \"name\": \"lketmtestantps10\",\r\n  \"type\": \"Microsoft.Web/sites\",\r\n  \"kind\": \"app\",\r\n  \"location\": \"Central US\",\r\n  \"tags\": {\r\n    \"test\": \"test\"\r\n  },\r\n  \"properties\": {\r\n    \"name\": \"lketmtestantps10\",\r\n    \"state\": \"Running\",\r\n    \"hostNames\": [\r\n      \"www.adorenow.net\",\r\n      \"lketmtestantps10.azurewebsites.net\"\r\n    ],\r\n    \"webSpace\": \"lketmtestantps10-CentralUSwebspace\",\r\n    \"selfLink\": \"https://waws-prod-dm1-057.api.azurewebsites.windows.net:454/subscriptions/04b0639d-85d8-445a-bada-8da78e50ff30/webspaces/lketmtestantps10-CentralUSwebspace/sites/lketmtestantps10\",\r\n    \"repositorySiteName\": \"lketmtestantps10\",\r\n    \"owner\": null,\r\n    \"usageState\": \"Normal\",\r\n    \"enabled\": true,\r\n    \"adminEnabled\": true,\r\n    \"enabledHostNames\": [\r\n      \"www.adorenow.net\",\r\n      \"lketmtestantps10.azurewebsites.net\",\r\n      \"lketmtestantps10.scm.azurewebsites.net\"\r\n    ],\r\n    \"siteProperties\": {\r\n      \"metadata\": null,\r\n      \"properties\": [\r\n        {\r\n          \"name\": \"LinuxFxVersion\",\r\n          \"value\": \"\"\r\n        },\r\n        {\r\n          \"name\": \"WindowsFxVersion\",\r\n          \"value\": null\r\n        }\r\n      ],\r\n      \"appSettings\": null\r\n    },\r\n    \"availabilityState\": \"Normal\",\r\n    \"sslCertificates\": null,\r\n    \"csrs\": [],\r\n    \"cers\": null,\r\n    \"siteMode\": null,\r\n    \"hostNameSslStates\": [\r\n      {\r\n        \"name\": \"lketmtestantps10.azurewebsites.net\",\r\n        \"sslState\": \"Disabled\",\r\n        \"ipBasedSslResult\": null,\r\n        \"virtualIP\": null,\r\n        \"thumbprint\": null,\r\n        \"toUpdate\": null,\r\n        \"toUpdateIpBasedSsl\": null,\r\n        \"ipBasedSslState\": \"NotConfigured\",\r\n        \"hostType\": \"Standard\"\r\n      },\r\n      {\r\n        \"name\": \"www.adorenow.net\",\r\n        \"sslState\": \"Disabled\",\r\n        \"ipBasedSslResult\": null,\r\n        \"virtualIP\": null,\r\n        \"thumbprint\": null,\r\n        \"toUpdate\": null,\r\n        \"toUpdateIpBasedSsl\": null,\r\n        \"ipBasedSslState\": \"NotConfigured\",\r\n        \"hostType\": \"Standard\"\r\n      },\r\n      {\r\n        \"name\": \"lketmtestantps10.scm.azurewebsites.net\",\r\n        \"sslState\": \"Disabled\",\r\n        \"ipBasedSslResult\": null,\r\n        \"virtualIP\": null,\r\n        \"thumbprint\": null,\r\n        \"toUpdate\": null,\r\n        \"toUpdateIpBasedSsl\": null,\r\n        \"ipBasedSslState\": \"NotConfigured\",\r\n        \"hostType\": \"Repository\"\r\n      }\r\n    ],\r\n    \"computeMode\": null,\r\n    \"serverFarm\": null,\r\n    \"serverFarmId\": \"/subscriptions/04b0639d-85d8-445a-bada-8da78e50ff30/resourceGroups/lketmtestantps10/providers/Microsoft.Web/serverfarms/lketmtestantps10ASP\",\r\n    \"reserved\": false,\r\n    \"isXenon\": false,\r\n    \"hyperV\": false,\r\n    \"lastModifiedTimeUtc\": \"2020-11-18T11:06:18.24\",\r\n    \"storageRecoveryDefaultState\": \"Running\",\r\n    \"contentAvailabilityState\": \"Normal\",\r\n    \"runtimeAvailabilityState\": \"Normal\",\r\n    \"siteConfig\": {\r\n      \"numberOfWorkers\": null,\r\n      \"defaultDocuments\": null,\r\n      \"netFrameworkVersion\": null,\r\n      \"phpVersion\": null,\r\n      \"pythonVersion\": null,\r\n      \"nodeVersion\": null,\r\n      \"powerShellVersion\": null,\r\n      \"linuxFxVersion\": null,\r\n      \"windowsFxVersion\": null,\r\n      \"requestTracingEnabled\": null,\r\n      \"remoteDebuggingEnabled\": null,\r\n      \"remoteDebuggingVersion\": null,\r\n      \"httpLoggingEnabled\": null,\r\n      \"azureMonitorLogCategories\": null,\r\n      \"acrUseManagedIdentityCreds\": false,\r\n      \"acrUserManagedIdentityID\": null,\r\n      \"logsDirectorySizeLimit\": null,\r\n      \"detailedErrorLoggingEnabled\": null,\r\n      \"publishingUsername\": null,\r\n      \"publishingPassword\": null,\r\n      \"appSettings\": null,\r\n      \"azureStorageAccounts\": null,\r\n      \"metadata\": null,\r\n      \"connectionStrings\": null,\r\n      \"machineKey\": null,\r\n      \"handlerMappings\": null,\r\n      \"documentRoot\": null,\r\n      \"scmType\": null,\r\n      \"use32BitWorkerProcess\": null,\r\n      \"webSocketsEnabled\": null,\r\n      \"alwaysOn\": null,\r\n      \"javaVersion\": null,\r\n      \"javaContainer\": null,\r\n      \"javaContainerVersion\": null,\r\n      \"appCommandLine\": null,\r\n      \"managedPipelineMode\": null,\r\n      \"virtualApplications\": null,\r\n      \"winAuthAdminState\": null,\r\n      \"winAuthTenantState\": null,\r\n      \"customAppPoolIdentityAdminState\": null,\r\n      \"customAppPoolIdentityTenantState\": null,\r\n      \"runtimeADUser\": null,\r\n      \"runtimeADUserPassword\": null,\r\n      \"loadBalancing\": null,\r\n      \"routingRules\": null,\r\n      \"experiments\": null,\r\n      \"limits\": null,\r\n      \"autoHealEnabled\": null,\r\n      \"autoHealRules\": null,\r\n      \"tracingOptions\": null,\r\n      \"vnetName\": null,\r\n      \"vnetRouteAllEnabled\": null,\r\n      \"vnetPrivatePortsCount\": null,\r\n      \"cors\": null,\r\n      \"push\": null,\r\n      \"apiDefinition\": null,\r\n      \"apiManagementConfig\": null,\r\n      \"autoSwapSlotName\": null,\r\n      \"localMySqlEnabled\": null,\r\n      \"managedServiceIdentityId\": null,\r\n      \"xManagedServiceIdentityId\": null,\r\n      \"ipSecurityRestrictions\": null,\r\n      \"scmIpSecurityRestrictions\": null,\r\n      \"scmIpSecurityRestrictionsUseMain\": null,\r\n      \"http20Enabled\": null,\r\n      \"minTlsVersion\": null,\r\n      \"scmMinTlsVersion\": null,\r\n      \"ftpsState\": null,\r\n      \"preWarmedInstanceCount\": null,\r\n      \"functionAppScaleLimit\": null,\r\n      \"healthCheckPath\": null,\r\n      \"fileChangeAuditEnabled\": null,\r\n      \"functionsRuntimeScaleMonitoringEnabled\": null,\r\n      \"websiteTimeZone\": null,\r\n      \"minimumElasticInstanceCount\": 0\r\n    },\r\n    \"deploymentId\": \"lketmtestantps10\",\r\n    \"trafficManagerHostNames\": null,\r\n    \"sku\": \"Standard\",\r\n    \"scmSiteAlsoStopped\": false,\r\n    \"targetSwapSlot\": null,\r\n    \"hostingEnvironment\": null,\r\n    \"hostingEnvironmentProfile\": null,\r\n    \"clientAffinityEnabled\": true,\r\n    \"clientCertEnabled\": false,\r\n    \"clientCertMode\": \"Required\",\r\n    \"clientCertExclusionPaths\": null,\r\n    \"hostNamesDisabled\": false,\r\n    \"domainVerificationIdentifiers\": null,\r\n    \"customDomainVerificationId\": \"C3E7C05FE8A97695B3AE08C1935F4251C48E338FE439627B2E788D9D718C8A70\",\r\n    \"kind\": \"app\",\r\n    \"inboundIpAddress\": \"52.165.155.237\",\r\n    \"possibleInboundIpAddresses\": \"52.165.155.237\",\r\n    \"ftpUsername\": \"lketmtestantps10\\\\$lketmtestantps10\",\r\n    \"ftpsHostName\": \"ftps://waws-prod-dm1-057.ftp.azurewebsites.windows.net/site/wwwroot\",\r\n    \"outboundIpAddresses\": \"52.165.155.237,52.165.163.74,52.165.156.51,52.165.153.226,52.173.23.151\",\r\n    \"possibleOutboundIpAddresses\": \"52.165.155.237,52.165.163.74,52.165.156.51,52.165.153.226,52.173.23.151\",\r\n    \"containerSize\": 0,\r\n    \"dailyMemoryTimeQuota\": 0,\r\n    \"suspendedTill\": null,\r\n    \"siteDisabledReason\": 0,\r\n    \"functionExecutionUnitsCache\": null,\r\n    \"maxNumberOfWorkers\": null,\r\n    \"homeStamp\": \"waws-prod-dm1-057\",\r\n    \"cloningInfo\": null,\r\n    \"hostingEnvironmentId\": null,\r\n    \"tags\": {\r\n      \"test\": \"test\"\r\n    },\r\n    \"resourceGroup\": \"lketmtestantps10\",\r\n    \"defaultHostName\": \"lketmtestantps10.azurewebsites.net\",\r\n    \"slotSwapStatus\": null,\r\n    \"httpsOnly\": false,\r\n    \"redundancyMode\": \"None\",\r\n    \"inProgressOperationId\": null,\r\n    \"geoDistributions\": null,\r\n    \"privateEndpointConnections\": [],\r\n    \"buildVersion\": null,\r\n    \"targetBuildVersion\": null,\r\n    \"migrationState\": null\r\n  }\r\n}",
      "StatusCode": 200
    },
    {
      "RequestUri": "/subscriptions/04b0639d-85d8-445a-bada-8da78e50ff30/resourceGroups/lketmtestantps10/providers/Microsoft.Web/sites/lketmtestantps10?api-version=2020-06-01",
      "EncodedRequestUri": "L3N1YnNjcmlwdGlvbnMvMDRiMDYzOWQtODVkOC00NDVhLWJhZGEtOGRhNzhlNTBmZjMwL3Jlc291cmNlR3JvdXBzL2xrZXRtdGVzdGFudHBzMTAvcHJvdmlkZXJzL01pY3Jvc29mdC5XZWIvc2l0ZXMvbGtldG10ZXN0YW50cHMxMD9hcGktdmVyc2lvbj0yMDIwLTA2LTAx",
      "RequestMethod": "GET",
      "RequestBody": "",
      "RequestHeaders": {
        "x-ms-client-request-id": [
          "15c888f0-a7f4-4b6a-93bb-56734872ef06"
        ],
        "Accept-Language": [
          "en-US"
        ],
        "User-Agent": [
          "FxVersion/4.6.29017.01",
          "OSName/Windows",
          "OSVersion/Microsoft.Windows.10.0.19042.",
          "Microsoft.Azure.Management.WebSites.WebSiteManagementClient/3.1.0"
        ]
      },
      "ResponseHeaders": {
        "Cache-Control": [
          "no-cache"
        ],
        "Pragma": [
          "no-cache"
        ],
        "ETag": [
          "\"1D6BD9AD6EBD000\""
        ],
        "Strict-Transport-Security": [
          "max-age=31536000; includeSubDomains"
        ],
        "x-ms-request-id": [
          "5d6fc52d-54dc-4c5b-b699-e709462b7a68"
        ],
        "Server": [
          "Microsoft-IIS/10.0"
        ],
        "X-AspNet-Version": [
          "4.0.30319"
        ],
        "X-Powered-By": [
          "ASP.NET"
        ],
        "x-ms-ratelimit-remaining-subscription-reads": [
          "11973"
        ],
        "x-ms-correlation-request-id": [
          "7c7b8fd0-dcb6-43c5-bc12-0ffc06531822"
        ],
        "x-ms-routing-request-id": [
          "SOUTHINDIA:20201118T113221Z:7c7b8fd0-dcb6-43c5-bc12-0ffc06531822"
        ],
        "X-Content-Type-Options": [
          "nosniff"
        ],
        "Date": [
          "Wed, 18 Nov 2020 11:32:21 GMT"
        ],
        "Content-Length": [
          "5532"
        ],
        "Content-Type": [
          "application/json"
        ],
        "Expires": [
          "-1"
        ]
      },
      "ResponseBody": "{\r\n  \"id\": \"/subscriptions/04b0639d-85d8-445a-bada-8da78e50ff30/resourceGroups/lketmtestantps10/providers/Microsoft.Web/sites/lketmtestantps10\",\r\n  \"name\": \"lketmtestantps10\",\r\n  \"type\": \"Microsoft.Web/sites\",\r\n  \"kind\": \"app\",\r\n  \"location\": \"Central US\",\r\n  \"tags\": {\r\n    \"test\": \"test\"\r\n  },\r\n  \"properties\": {\r\n    \"name\": \"lketmtestantps10\",\r\n    \"state\": \"Running\",\r\n    \"hostNames\": [\r\n      \"www.adorenow.net\",\r\n      \"lketmtestantps10.azurewebsites.net\"\r\n    ],\r\n    \"webSpace\": \"lketmtestantps10-CentralUSwebspace\",\r\n    \"selfLink\": \"https://waws-prod-dm1-057.api.azurewebsites.windows.net:454/subscriptions/04b0639d-85d8-445a-bada-8da78e50ff30/webspaces/lketmtestantps10-CentralUSwebspace/sites/lketmtestantps10\",\r\n    \"repositorySiteName\": \"lketmtestantps10\",\r\n    \"owner\": null,\r\n    \"usageState\": \"Normal\",\r\n    \"enabled\": true,\r\n    \"adminEnabled\": true,\r\n    \"enabledHostNames\": [\r\n      \"www.adorenow.net\",\r\n      \"lketmtestantps10.azurewebsites.net\",\r\n      \"lketmtestantps10.scm.azurewebsites.net\"\r\n    ],\r\n    \"siteProperties\": {\r\n      \"metadata\": null,\r\n      \"properties\": [\r\n        {\r\n          \"name\": \"LinuxFxVersion\",\r\n          \"value\": \"\"\r\n        },\r\n        {\r\n          \"name\": \"WindowsFxVersion\",\r\n          \"value\": null\r\n        }\r\n      ],\r\n      \"appSettings\": null\r\n    },\r\n    \"availabilityState\": \"Normal\",\r\n    \"sslCertificates\": null,\r\n    \"csrs\": [],\r\n    \"cers\": null,\r\n    \"siteMode\": null,\r\n    \"hostNameSslStates\": [\r\n      {\r\n        \"name\": \"lketmtestantps10.azurewebsites.net\",\r\n        \"sslState\": \"Disabled\",\r\n        \"ipBasedSslResult\": null,\r\n        \"virtualIP\": null,\r\n        \"thumbprint\": null,\r\n        \"toUpdate\": null,\r\n        \"toUpdateIpBasedSsl\": null,\r\n        \"ipBasedSslState\": \"NotConfigured\",\r\n        \"hostType\": \"Standard\"\r\n      },\r\n      {\r\n        \"name\": \"www.adorenow.net\",\r\n        \"sslState\": \"Disabled\",\r\n        \"ipBasedSslResult\": null,\r\n        \"virtualIP\": null,\r\n        \"thumbprint\": null,\r\n        \"toUpdate\": null,\r\n        \"toUpdateIpBasedSsl\": null,\r\n        \"ipBasedSslState\": \"NotConfigured\",\r\n        \"hostType\": \"Standard\"\r\n      },\r\n      {\r\n        \"name\": \"lketmtestantps10.scm.azurewebsites.net\",\r\n        \"sslState\": \"Disabled\",\r\n        \"ipBasedSslResult\": null,\r\n        \"virtualIP\": null,\r\n        \"thumbprint\": null,\r\n        \"toUpdate\": null,\r\n        \"toUpdateIpBasedSsl\": null,\r\n        \"ipBasedSslState\": \"NotConfigured\",\r\n        \"hostType\": \"Repository\"\r\n      }\r\n    ],\r\n    \"computeMode\": null,\r\n    \"serverFarm\": null,\r\n    \"serverFarmId\": \"/subscriptions/04b0639d-85d8-445a-bada-8da78e50ff30/resourceGroups/lketmtestantps10/providers/Microsoft.Web/serverfarms/lketmtestantps10ASP\",\r\n    \"reserved\": false,\r\n    \"isXenon\": false,\r\n    \"hyperV\": false,\r\n    \"lastModifiedTimeUtc\": \"2020-11-18T11:06:18.24\",\r\n    \"storageRecoveryDefaultState\": \"Running\",\r\n    \"contentAvailabilityState\": \"Normal\",\r\n    \"runtimeAvailabilityState\": \"Normal\",\r\n    \"siteConfig\": {\r\n      \"numberOfWorkers\": null,\r\n      \"defaultDocuments\": null,\r\n      \"netFrameworkVersion\": null,\r\n      \"phpVersion\": null,\r\n      \"pythonVersion\": null,\r\n      \"nodeVersion\": null,\r\n      \"powerShellVersion\": null,\r\n      \"linuxFxVersion\": null,\r\n      \"windowsFxVersion\": null,\r\n      \"requestTracingEnabled\": null,\r\n      \"remoteDebuggingEnabled\": null,\r\n      \"remoteDebuggingVersion\": null,\r\n      \"httpLoggingEnabled\": null,\r\n      \"azureMonitorLogCategories\": null,\r\n      \"acrUseManagedIdentityCreds\": false,\r\n      \"acrUserManagedIdentityID\": null,\r\n      \"logsDirectorySizeLimit\": null,\r\n      \"detailedErrorLoggingEnabled\": null,\r\n      \"publishingUsername\": null,\r\n      \"publishingPassword\": null,\r\n      \"appSettings\": null,\r\n      \"azureStorageAccounts\": null,\r\n      \"metadata\": null,\r\n      \"connectionStrings\": null,\r\n      \"machineKey\": null,\r\n      \"handlerMappings\": null,\r\n      \"documentRoot\": null,\r\n      \"scmType\": null,\r\n      \"use32BitWorkerProcess\": null,\r\n      \"webSocketsEnabled\": null,\r\n      \"alwaysOn\": null,\r\n      \"javaVersion\": null,\r\n      \"javaContainer\": null,\r\n      \"javaContainerVersion\": null,\r\n      \"appCommandLine\": null,\r\n      \"managedPipelineMode\": null,\r\n      \"virtualApplications\": null,\r\n      \"winAuthAdminState\": null,\r\n      \"winAuthTenantState\": null,\r\n      \"customAppPoolIdentityAdminState\": null,\r\n      \"customAppPoolIdentityTenantState\": null,\r\n      \"runtimeADUser\": null,\r\n      \"runtimeADUserPassword\": null,\r\n      \"loadBalancing\": null,\r\n      \"routingRules\": null,\r\n      \"experiments\": null,\r\n      \"limits\": null,\r\n      \"autoHealEnabled\": null,\r\n      \"autoHealRules\": null,\r\n      \"tracingOptions\": null,\r\n      \"vnetName\": null,\r\n      \"vnetRouteAllEnabled\": null,\r\n      \"vnetPrivatePortsCount\": null,\r\n      \"cors\": null,\r\n      \"push\": null,\r\n      \"apiDefinition\": null,\r\n      \"apiManagementConfig\": null,\r\n      \"autoSwapSlotName\": null,\r\n      \"localMySqlEnabled\": null,\r\n      \"managedServiceIdentityId\": null,\r\n      \"xManagedServiceIdentityId\": null,\r\n      \"ipSecurityRestrictions\": null,\r\n      \"scmIpSecurityRestrictions\": null,\r\n      \"scmIpSecurityRestrictionsUseMain\": null,\r\n      \"http20Enabled\": null,\r\n      \"minTlsVersion\": null,\r\n      \"scmMinTlsVersion\": null,\r\n      \"ftpsState\": null,\r\n      \"preWarmedInstanceCount\": null,\r\n      \"functionAppScaleLimit\": null,\r\n      \"healthCheckPath\": null,\r\n      \"fileChangeAuditEnabled\": null,\r\n      \"functionsRuntimeScaleMonitoringEnabled\": null,\r\n      \"websiteTimeZone\": null,\r\n      \"minimumElasticInstanceCount\": 0\r\n    },\r\n    \"deploymentId\": \"lketmtestantps10\",\r\n    \"trafficManagerHostNames\": null,\r\n    \"sku\": \"Standard\",\r\n    \"scmSiteAlsoStopped\": false,\r\n    \"targetSwapSlot\": null,\r\n    \"hostingEnvironment\": null,\r\n    \"hostingEnvironmentProfile\": null,\r\n    \"clientAffinityEnabled\": true,\r\n    \"clientCertEnabled\": false,\r\n    \"clientCertMode\": \"Required\",\r\n    \"clientCertExclusionPaths\": null,\r\n    \"hostNamesDisabled\": false,\r\n    \"domainVerificationIdentifiers\": null,\r\n    \"customDomainVerificationId\": \"C3E7C05FE8A97695B3AE08C1935F4251C48E338FE439627B2E788D9D718C8A70\",\r\n    \"kind\": \"app\",\r\n    \"inboundIpAddress\": \"52.165.155.237\",\r\n    \"possibleInboundIpAddresses\": \"52.165.155.237\",\r\n    \"ftpUsername\": \"lketmtestantps10\\\\$lketmtestantps10\",\r\n    \"ftpsHostName\": \"ftps://waws-prod-dm1-057.ftp.azurewebsites.windows.net/site/wwwroot\",\r\n    \"outboundIpAddresses\": \"52.165.155.237,52.165.163.74,52.165.156.51,52.165.153.226,52.173.23.151\",\r\n    \"possibleOutboundIpAddresses\": \"52.165.155.237,52.165.163.74,52.165.156.51,52.165.153.226,52.173.23.151\",\r\n    \"containerSize\": 0,\r\n    \"dailyMemoryTimeQuota\": 0,\r\n    \"suspendedTill\": null,\r\n    \"siteDisabledReason\": 0,\r\n    \"functionExecutionUnitsCache\": null,\r\n    \"maxNumberOfWorkers\": null,\r\n    \"homeStamp\": \"waws-prod-dm1-057\",\r\n    \"cloningInfo\": null,\r\n    \"hostingEnvironmentId\": null,\r\n    \"tags\": {\r\n      \"test\": \"test\"\r\n    },\r\n    \"resourceGroup\": \"lketmtestantps10\",\r\n    \"defaultHostName\": \"lketmtestantps10.azurewebsites.net\",\r\n    \"slotSwapStatus\": null,\r\n    \"httpsOnly\": false,\r\n    \"redundancyMode\": \"None\",\r\n    \"inProgressOperationId\": null,\r\n    \"geoDistributions\": null,\r\n    \"privateEndpointConnections\": [],\r\n    \"buildVersion\": null,\r\n    \"targetBuildVersion\": null,\r\n    \"migrationState\": null\r\n  }\r\n}",
      "StatusCode": 200
    },
    {
      "RequestUri": "/subscriptions/04b0639d-85d8-445a-bada-8da78e50ff30/resourceGroups/lketmtestantps10/providers/Microsoft.Web/sites/lketmtestantps10/config/web?api-version=2020-06-01",
      "EncodedRequestUri": "L3N1YnNjcmlwdGlvbnMvMDRiMDYzOWQtODVkOC00NDVhLWJhZGEtOGRhNzhlNTBmZjMwL3Jlc291cmNlR3JvdXBzL2xrZXRtdGVzdGFudHBzMTAvcHJvdmlkZXJzL01pY3Jvc29mdC5XZWIvc2l0ZXMvbGtldG10ZXN0YW50cHMxMC9jb25maWcvd2ViP2FwaS12ZXJzaW9uPTIwMjAtMDYtMDE=",
      "RequestMethod": "GET",
      "RequestBody": "",
      "RequestHeaders": {
        "x-ms-client-request-id": [
          "89f8ba26-ef93-4c1d-a0f1-1e41c2c8b7b0"
        ],
        "Accept-Language": [
          "en-US"
        ],
        "User-Agent": [
          "FxVersion/4.6.29017.01",
          "OSName/Windows",
          "OSVersion/Microsoft.Windows.10.0.19042.",
          "Microsoft.Azure.Management.WebSites.WebSiteManagementClient/3.1.0"
        ]
      },
      "ResponseHeaders": {
        "Cache-Control": [
          "no-cache"
        ],
        "Pragma": [
          "no-cache"
        ],
        "Strict-Transport-Security": [
          "max-age=31536000; includeSubDomains"
        ],
        "x-ms-request-id": [
          "9e46033f-7493-4756-90c8-8e852247ef9b"
        ],
        "Server": [
          "Microsoft-IIS/10.0"
        ],
        "X-AspNet-Version": [
          "4.0.30319"
        ],
        "X-Powered-By": [
          "ASP.NET"
        ],
        "x-ms-ratelimit-remaining-subscription-reads": [
          "11978"
        ],
        "x-ms-correlation-request-id": [
          "fc9f04a8-8c7f-43bc-9fb0-442adf4534ca"
        ],
        "x-ms-routing-request-id": [
          "SOUTHINDIA:20201118T113149Z:fc9f04a8-8c7f-43bc-9fb0-442adf4534ca"
        ],
        "X-Content-Type-Options": [
          "nosniff"
        ],
        "Date": [
          "Wed, 18 Nov 2020 11:31:49 GMT"
        ],
        "Content-Length": [
          "4103"
        ],
        "Content-Type": [
          "application/json"
        ],
        "Expires": [
          "-1"
        ]
      },
      "ResponseBody": "{\r\n  \"id\": \"/subscriptions/04b0639d-85d8-445a-bada-8da78e50ff30/resourceGroups/lketmtestantps10/providers/Microsoft.Web/sites/lketmtestantps10/config/web\",\r\n  \"name\": \"lketmtestantps10\",\r\n  \"type\": \"Microsoft.Web/sites/config\",\r\n  \"location\": \"Central US\",\r\n  \"tags\": {\r\n    \"test\": \"test\"\r\n  },\r\n  \"properties\": {\r\n    \"numberOfWorkers\": 1,\r\n    \"defaultDocuments\": [\r\n      \"Default.htm\",\r\n      \"Default.html\",\r\n      \"Default.asp\",\r\n      \"index.htm\",\r\n      \"index.html\",\r\n      \"iisstart.htm\",\r\n      \"default.aspx\",\r\n      \"index.php\",\r\n      \"hostingstart.html\"\r\n    ],\r\n    \"netFrameworkVersion\": \"v4.0\",\r\n    \"phpVersion\": \"\",\r\n    \"pythonVersion\": \"\",\r\n    \"nodeVersion\": \"\",\r\n    \"powerShellVersion\": \"\",\r\n    \"linuxFxVersion\": \"\",\r\n    \"windowsFxVersion\": null,\r\n    \"requestTracingEnabled\": false,\r\n    \"remoteDebuggingEnabled\": false,\r\n    \"remoteDebuggingVersion\": \"VS2019\",\r\n    \"httpLoggingEnabled\": false,\r\n    \"azureMonitorLogCategories\": null,\r\n    \"acrUseManagedIdentityCreds\": false,\r\n    \"acrUserManagedIdentityID\": null,\r\n    \"logsDirectorySizeLimit\": 35,\r\n    \"detailedErrorLoggingEnabled\": false,\r\n    \"publishingUsername\": \"$lketmtestantps10\",\r\n    \"publishingPassword\": null,\r\n    \"appSettings\": null,\r\n    \"azureStorageAccounts\": {},\r\n    \"metadata\": null,\r\n    \"connectionStrings\": null,\r\n    \"machineKey\": null,\r\n    \"handlerMappings\": null,\r\n    \"documentRoot\": null,\r\n    \"scmType\": \"None\",\r\n    \"use32BitWorkerProcess\": true,\r\n    \"webSocketsEnabled\": false,\r\n    \"alwaysOn\": true,\r\n    \"javaVersion\": null,\r\n    \"javaContainer\": null,\r\n    \"javaContainerVersion\": null,\r\n    \"appCommandLine\": \"\",\r\n    \"managedPipelineMode\": \"Integrated\",\r\n    \"virtualApplications\": [\r\n      {\r\n        \"virtualPath\": \"/\",\r\n        \"physicalPath\": \"site\\\\wwwroot\",\r\n        \"preloadEnabled\": true,\r\n        \"virtualDirectories\": null\r\n      }\r\n    ],\r\n    \"winAuthAdminState\": 0,\r\n    \"winAuthTenantState\": 0,\r\n    \"customAppPoolIdentityAdminState\": false,\r\n    \"customAppPoolIdentityTenantState\": false,\r\n    \"runtimeADUser\": null,\r\n    \"runtimeADUserPassword\": null,\r\n    \"loadBalancing\": \"LeastRequests\",\r\n    \"routingRules\": [\r\n      {\r\n        \"actionHostName\": \"lketmtestantps10-testslot.azurewebsites.net\",\r\n        \"reroutePercentage\": 10.0,\r\n        \"changeStep\": null,\r\n        \"changeIntervalInMinutes\": null,\r\n        \"minReroutePercentage\": null,\r\n        \"maxReroutePercentage\": null,\r\n        \"changeDecisionCallbackUrl\": null,\r\n        \"name\": \"testslot\"\r\n      }\r\n    ],\r\n    \"experiments\": {\r\n      \"rampUpRules\": [\r\n        {\r\n          \"actionHostName\": \"lketmtestantps10-testslot.azurewebsites.net\",\r\n          \"reroutePercentage\": 10.0,\r\n          \"changeStep\": null,\r\n          \"changeIntervalInMinutes\": null,\r\n          \"minReroutePercentage\": null,\r\n          \"maxReroutePercentage\": null,\r\n          \"changeDecisionCallbackUrl\": null,\r\n          \"name\": \"testslot\"\r\n        }\r\n      ]\r\n    },\r\n    \"limits\": null,\r\n    \"autoHealEnabled\": false,\r\n    \"autoHealRules\": null,\r\n    \"tracingOptions\": null,\r\n    \"vnetName\": \"\",\r\n    \"vnetRouteAllEnabled\": false,\r\n    \"vnetPrivatePortsCount\": 0,\r\n    \"siteAuthEnabled\": false,\r\n    \"siteAuthSettings\": {\r\n      \"enabled\": null,\r\n      \"unauthenticatedClientAction\": null,\r\n      \"tokenStoreEnabled\": null,\r\n      \"allowedExternalRedirectUrls\": null,\r\n      \"defaultProvider\": null,\r\n      \"clientId\": null,\r\n      \"clientSecret\": null,\r\n      \"clientSecretSettingName\": null,\r\n      \"clientSecretCertificateThumbprint\": null,\r\n      \"issuer\": null,\r\n      \"allowedAudiences\": null,\r\n      \"additionalLoginParams\": null,\r\n      \"isAadAutoProvisioned\": false,\r\n      \"aadClaimsAuthorization\": null,\r\n      \"googleClientId\": null,\r\n      \"googleClientSecret\": null,\r\n      \"googleClientSecretSettingName\": null,\r\n      \"googleOAuthScopes\": null,\r\n      \"facebookAppId\": null,\r\n      \"facebookAppSecret\": null,\r\n      \"facebookAppSecretSettingName\": null,\r\n      \"facebookOAuthScopes\": null,\r\n      \"gitHubClientId\": null,\r\n      \"gitHubClientSecret\": null,\r\n      \"gitHubClientSecretSettingName\": null,\r\n      \"gitHubOAuthScopes\": null,\r\n      \"twitterConsumerKey\": null,\r\n      \"twitterConsumerSecret\": null,\r\n      \"twitterConsumerSecretSettingName\": null,\r\n      \"microsoftAccountClientId\": null,\r\n      \"microsoftAccountClientSecret\": null,\r\n      \"microsoftAccountClientSecretSettingName\": null,\r\n      \"microsoftAccountOAuthScopes\": null\r\n    },\r\n    \"cors\": null,\r\n    \"push\": null,\r\n    \"apiDefinition\": null,\r\n    \"apiManagementConfig\": null,\r\n    \"autoSwapSlotName\": null,\r\n    \"localMySqlEnabled\": false,\r\n    \"managedServiceIdentityId\": null,\r\n    \"xManagedServiceIdentityId\": null,\r\n    \"ipSecurityRestrictions\": [\r\n      {\r\n        \"ipAddress\": \"Any\",\r\n        \"action\": \"Allow\",\r\n        \"priority\": 1,\r\n        \"name\": \"Allow all\",\r\n        \"description\": \"Allow all access\"\r\n      }\r\n    ],\r\n    \"scmIpSecurityRestrictions\": [\r\n      {\r\n        \"ipAddress\": \"Any\",\r\n        \"action\": \"Allow\",\r\n        \"priority\": 1,\r\n        \"name\": \"Allow all\",\r\n        \"description\": \"Allow all access\"\r\n      }\r\n    ],\r\n    \"scmIpSecurityRestrictionsUseMain\": false,\r\n    \"http20Enabled\": false,\r\n    \"minTlsVersion\": \"1.2\",\r\n    \"scmMinTlsVersion\": \"1.0\",\r\n    \"ftpsState\": \"AllAllowed\",\r\n    \"preWarmedInstanceCount\": 0,\r\n    \"functionAppScaleLimit\": 0,\r\n    \"healthCheckPath\": null,\r\n    \"fileChangeAuditEnabled\": false,\r\n    \"functionsRuntimeScaleMonitoringEnabled\": false,\r\n    \"websiteTimeZone\": null,\r\n    \"minimumElasticInstanceCount\": 0\r\n  }\r\n}",
      "StatusCode": 200
    },
    {
      "RequestUri": "/subscriptions/04b0639d-85d8-445a-bada-8da78e50ff30/resourceGroups/lketmtestantps10/providers/Microsoft.Web/sites/lketmtestantps10/config/web?api-version=2020-06-01",
      "EncodedRequestUri": "L3N1YnNjcmlwdGlvbnMvMDRiMDYzOWQtODVkOC00NDVhLWJhZGEtOGRhNzhlNTBmZjMwL3Jlc291cmNlR3JvdXBzL2xrZXRtdGVzdGFudHBzMTAvcHJvdmlkZXJzL01pY3Jvc29mdC5XZWIvc2l0ZXMvbGtldG10ZXN0YW50cHMxMC9jb25maWcvd2ViP2FwaS12ZXJzaW9uPTIwMjAtMDYtMDE=",
      "RequestMethod": "GET",
      "RequestBody": "",
      "RequestHeaders": {
        "x-ms-client-request-id": [
          "11daea7f-1c57-4653-b5af-c127123adb16"
        ],
        "Accept-Language": [
          "en-US"
        ],
        "User-Agent": [
          "FxVersion/4.6.29017.01",
          "OSName/Windows",
          "OSVersion/Microsoft.Windows.10.0.19042.",
          "Microsoft.Azure.Management.WebSites.WebSiteManagementClient/3.1.0"
        ]
      },
      "ResponseHeaders": {
        "Cache-Control": [
          "no-cache"
        ],
        "Pragma": [
          "no-cache"
        ],
        "Strict-Transport-Security": [
          "max-age=31536000; includeSubDomains"
        ],
        "x-ms-request-id": [
          "a6c3f2d4-311a-4de5-9238-02807f060a76"
        ],
        "Server": [
          "Microsoft-IIS/10.0"
        ],
        "X-AspNet-Version": [
          "4.0.30319"
        ],
        "X-Powered-By": [
          "ASP.NET"
        ],
        "x-ms-ratelimit-remaining-subscription-reads": [
          "11972"
        ],
        "x-ms-correlation-request-id": [
          "12aef3f1-2abe-47fa-8dda-60e19e1276ad"
        ],
        "x-ms-routing-request-id": [
          "SOUTHINDIA:20201118T113221Z:12aef3f1-2abe-47fa-8dda-60e19e1276ad"
        ],
        "X-Content-Type-Options": [
          "nosniff"
        ],
        "Date": [
          "Wed, 18 Nov 2020 11:32:21 GMT"
        ],
        "Content-Length": [
          "4103"
        ],
        "Content-Type": [
          "application/json"
        ],
        "Expires": [
          "-1"
        ]
      },
      "ResponseBody": "{\r\n  \"id\": \"/subscriptions/04b0639d-85d8-445a-bada-8da78e50ff30/resourceGroups/lketmtestantps10/providers/Microsoft.Web/sites/lketmtestantps10/config/web\",\r\n  \"name\": \"lketmtestantps10\",\r\n  \"type\": \"Microsoft.Web/sites/config\",\r\n  \"location\": \"Central US\",\r\n  \"tags\": {\r\n    \"test\": \"test\"\r\n  },\r\n  \"properties\": {\r\n    \"numberOfWorkers\": 1,\r\n    \"defaultDocuments\": [\r\n      \"Default.htm\",\r\n      \"Default.html\",\r\n      \"Default.asp\",\r\n      \"index.htm\",\r\n      \"index.html\",\r\n      \"iisstart.htm\",\r\n      \"default.aspx\",\r\n      \"index.php\",\r\n      \"hostingstart.html\"\r\n    ],\r\n    \"netFrameworkVersion\": \"v4.0\",\r\n    \"phpVersion\": \"\",\r\n    \"pythonVersion\": \"\",\r\n    \"nodeVersion\": \"\",\r\n    \"powerShellVersion\": \"\",\r\n    \"linuxFxVersion\": \"\",\r\n    \"windowsFxVersion\": null,\r\n    \"requestTracingEnabled\": false,\r\n    \"remoteDebuggingEnabled\": false,\r\n    \"remoteDebuggingVersion\": \"VS2019\",\r\n    \"httpLoggingEnabled\": false,\r\n    \"azureMonitorLogCategories\": null,\r\n    \"acrUseManagedIdentityCreds\": false,\r\n    \"acrUserManagedIdentityID\": null,\r\n    \"logsDirectorySizeLimit\": 35,\r\n    \"detailedErrorLoggingEnabled\": false,\r\n    \"publishingUsername\": \"$lketmtestantps10\",\r\n    \"publishingPassword\": null,\r\n    \"appSettings\": null,\r\n    \"azureStorageAccounts\": {},\r\n    \"metadata\": null,\r\n    \"connectionStrings\": null,\r\n    \"machineKey\": null,\r\n    \"handlerMappings\": null,\r\n    \"documentRoot\": null,\r\n    \"scmType\": \"None\",\r\n    \"use32BitWorkerProcess\": true,\r\n    \"webSocketsEnabled\": false,\r\n    \"alwaysOn\": true,\r\n    \"javaVersion\": null,\r\n    \"javaContainer\": null,\r\n    \"javaContainerVersion\": null,\r\n    \"appCommandLine\": \"\",\r\n    \"managedPipelineMode\": \"Integrated\",\r\n    \"virtualApplications\": [\r\n      {\r\n        \"virtualPath\": \"/\",\r\n        \"physicalPath\": \"site\\\\wwwroot\",\r\n        \"preloadEnabled\": true,\r\n        \"virtualDirectories\": null\r\n      }\r\n    ],\r\n    \"winAuthAdminState\": 0,\r\n    \"winAuthTenantState\": 0,\r\n    \"customAppPoolIdentityAdminState\": false,\r\n    \"customAppPoolIdentityTenantState\": false,\r\n    \"runtimeADUser\": null,\r\n    \"runtimeADUserPassword\": null,\r\n    \"loadBalancing\": \"LeastRequests\",\r\n    \"routingRules\": [\r\n      {\r\n        \"actionHostName\": \"lketmtestantps10-testslot.azurewebsites.net\",\r\n        \"reroutePercentage\": 10.0,\r\n        \"changeStep\": null,\r\n        \"changeIntervalInMinutes\": null,\r\n        \"minReroutePercentage\": null,\r\n        \"maxReroutePercentage\": null,\r\n        \"changeDecisionCallbackUrl\": null,\r\n        \"name\": \"testslot\"\r\n      }\r\n    ],\r\n    \"experiments\": {\r\n      \"rampUpRules\": [\r\n        {\r\n          \"actionHostName\": \"lketmtestantps10-testslot.azurewebsites.net\",\r\n          \"reroutePercentage\": 10.0,\r\n          \"changeStep\": null,\r\n          \"changeIntervalInMinutes\": null,\r\n          \"minReroutePercentage\": null,\r\n          \"maxReroutePercentage\": null,\r\n          \"changeDecisionCallbackUrl\": null,\r\n          \"name\": \"testslot\"\r\n        }\r\n      ]\r\n    },\r\n    \"limits\": null,\r\n    \"autoHealEnabled\": false,\r\n    \"autoHealRules\": null,\r\n    \"tracingOptions\": null,\r\n    \"vnetName\": \"\",\r\n    \"vnetRouteAllEnabled\": false,\r\n    \"vnetPrivatePortsCount\": 0,\r\n    \"siteAuthEnabled\": false,\r\n    \"siteAuthSettings\": {\r\n      \"enabled\": null,\r\n      \"unauthenticatedClientAction\": null,\r\n      \"tokenStoreEnabled\": null,\r\n      \"allowedExternalRedirectUrls\": null,\r\n      \"defaultProvider\": null,\r\n      \"clientId\": null,\r\n      \"clientSecret\": null,\r\n      \"clientSecretSettingName\": null,\r\n      \"clientSecretCertificateThumbprint\": null,\r\n      \"issuer\": null,\r\n      \"allowedAudiences\": null,\r\n      \"additionalLoginParams\": null,\r\n      \"isAadAutoProvisioned\": false,\r\n      \"aadClaimsAuthorization\": null,\r\n      \"googleClientId\": null,\r\n      \"googleClientSecret\": null,\r\n      \"googleClientSecretSettingName\": null,\r\n      \"googleOAuthScopes\": null,\r\n      \"facebookAppId\": null,\r\n      \"facebookAppSecret\": null,\r\n      \"facebookAppSecretSettingName\": null,\r\n      \"facebookOAuthScopes\": null,\r\n      \"gitHubClientId\": null,\r\n      \"gitHubClientSecret\": null,\r\n      \"gitHubClientSecretSettingName\": null,\r\n      \"gitHubOAuthScopes\": null,\r\n      \"twitterConsumerKey\": null,\r\n      \"twitterConsumerSecret\": null,\r\n      \"twitterConsumerSecretSettingName\": null,\r\n      \"microsoftAccountClientId\": null,\r\n      \"microsoftAccountClientSecret\": null,\r\n      \"microsoftAccountClientSecretSettingName\": null,\r\n      \"microsoftAccountOAuthScopes\": null\r\n    },\r\n    \"cors\": null,\r\n    \"push\": null,\r\n    \"apiDefinition\": null,\r\n    \"apiManagementConfig\": null,\r\n    \"autoSwapSlotName\": null,\r\n    \"localMySqlEnabled\": false,\r\n    \"managedServiceIdentityId\": null,\r\n    \"xManagedServiceIdentityId\": null,\r\n    \"ipSecurityRestrictions\": [\r\n      {\r\n        \"ipAddress\": \"Any\",\r\n        \"action\": \"Allow\",\r\n        \"priority\": 1,\r\n        \"name\": \"Allow all\",\r\n        \"description\": \"Allow all access\"\r\n      }\r\n    ],\r\n    \"scmIpSecurityRestrictions\": [\r\n      {\r\n        \"ipAddress\": \"Any\",\r\n        \"action\": \"Allow\",\r\n        \"priority\": 1,\r\n        \"name\": \"Allow all\",\r\n        \"description\": \"Allow all access\"\r\n      }\r\n    ],\r\n    \"scmIpSecurityRestrictionsUseMain\": false,\r\n    \"http20Enabled\": false,\r\n    \"minTlsVersion\": \"1.2\",\r\n    \"scmMinTlsVersion\": \"1.0\",\r\n    \"ftpsState\": \"AllAllowed\",\r\n    \"preWarmedInstanceCount\": 0,\r\n    \"functionAppScaleLimit\": 0,\r\n    \"healthCheckPath\": null,\r\n    \"fileChangeAuditEnabled\": false,\r\n    \"functionsRuntimeScaleMonitoringEnabled\": false,\r\n    \"websiteTimeZone\": null,\r\n    \"minimumElasticInstanceCount\": 0\r\n  }\r\n}",
      "StatusCode": 200
    },
    {
      "RequestUri": "/subscriptions/04b0639d-85d8-445a-bada-8da78e50ff30/resourceGroups/lketmtestantps10/providers/Microsoft.Web/sites/lketmtestantps10/config/appsettings/list?api-version=2020-06-01",
      "EncodedRequestUri": "L3N1YnNjcmlwdGlvbnMvMDRiMDYzOWQtODVkOC00NDVhLWJhZGEtOGRhNzhlNTBmZjMwL3Jlc291cmNlR3JvdXBzL2xrZXRtdGVzdGFudHBzMTAvcHJvdmlkZXJzL01pY3Jvc29mdC5XZWIvc2l0ZXMvbGtldG10ZXN0YW50cHMxMC9jb25maWcvYXBwc2V0dGluZ3MvbGlzdD9hcGktdmVyc2lvbj0yMDIwLTA2LTAx",
      "RequestMethod": "POST",
      "RequestBody": "",
      "RequestHeaders": {
        "x-ms-client-request-id": [
          "0717d113-8411-4a00-b385-3d9e232c0381"
        ],
        "Accept-Language": [
          "en-US"
        ],
        "User-Agent": [
          "FxVersion/4.6.29017.01",
          "OSName/Windows",
          "OSVersion/Microsoft.Windows.10.0.19042.",
          "Microsoft.Azure.Management.WebSites.WebSiteManagementClient/3.1.0"
        ]
      },
      "ResponseHeaders": {
        "Cache-Control": [
          "no-cache"
        ],
        "Pragma": [
          "no-cache"
        ],
        "Strict-Transport-Security": [
          "max-age=31536000; includeSubDomains"
        ],
        "x-ms-request-id": [
          "e0a3193c-e719-4913-8c7b-6b58692419fb"
        ],
        "Server": [
          "Microsoft-IIS/10.0"
        ],
        "X-AspNet-Version": [
          "4.0.30319"
        ],
        "X-Powered-By": [
          "ASP.NET"
        ],
        "x-ms-ratelimit-remaining-subscription-resource-requests": [
          "11978"
        ],
        "x-ms-correlation-request-id": [
          "224ebb33-0a79-48be-b948-9862f38934ec"
        ],
        "x-ms-routing-request-id": [
          "SOUTHINDIA:20201118T113152Z:224ebb33-0a79-48be-b948-9862f38934ec"
        ],
        "X-Content-Type-Options": [
          "nosniff"
        ],
        "Date": [
          "Wed, 18 Nov 2020 11:31:51 GMT"
        ],
        "Content-Length": [
          "740"
        ],
        "Content-Type": [
          "application/json"
        ],
        "Expires": [
          "-1"
        ]
      },
      "ResponseBody": "{\r\n  \"id\": \"/subscriptions/04b0639d-85d8-445a-bada-8da78e50ff30/resourceGroups/lketmtestantps10/providers/Microsoft.Web/sites/lketmtestantps10/config/appsettings\",\r\n  \"name\": \"appsettings\",\r\n  \"type\": \"Microsoft.Web/sites/config\",\r\n  \"location\": \"Central US\",\r\n  \"tags\": {\r\n    \"test\": \"test\"\r\n  },\r\n  \"properties\": {\r\n    \"APPINSIGHTS_INSTRUMENTATIONKEY\": \"cf82fff5-8e7a-4726-8ccb-8f67e9f320a6\",\r\n    \"APPLICATIONINSIGHTS_CONNECTION_STRING\": \"InstrumentationKey=cf82fff5-8e7a-4726-8ccb-8f67e9f320a6;IngestionEndpoint=https://centralus-0.in.applicationinsights.azure.com/\",\r\n    \"ApplicationInsightsAgent_EXTENSION_VERSION\": \"~2\",\r\n    \"XDT_MicrosoftApplicationInsights_Mode\": \"default\",\r\n    \"ANCM_ADDITIONAL_ERROR_PAGE_LINK\": \"https://lketmtestantps10.scm.azurewebsites.net/detectors?type=tools&name=eventviewer\"\r\n  }\r\n}",
      "StatusCode": 200
    },
    {
      "RequestUri": "/subscriptions/04b0639d-85d8-445a-bada-8da78e50ff30/resourceGroups/lketmtestantps10/providers/Microsoft.Web/sites/lketmtestantps10/config/appsettings/list?api-version=2020-06-01",
      "EncodedRequestUri": "L3N1YnNjcmlwdGlvbnMvMDRiMDYzOWQtODVkOC00NDVhLWJhZGEtOGRhNzhlNTBmZjMwL3Jlc291cmNlR3JvdXBzL2xrZXRtdGVzdGFudHBzMTAvcHJvdmlkZXJzL01pY3Jvc29mdC5XZWIvc2l0ZXMvbGtldG10ZXN0YW50cHMxMC9jb25maWcvYXBwc2V0dGluZ3MvbGlzdD9hcGktdmVyc2lvbj0yMDIwLTA2LTAx",
      "RequestMethod": "POST",
      "RequestBody": "",
      "RequestHeaders": {
        "x-ms-client-request-id": [
          "dde372d5-3b42-4ba9-869a-ea17b1a57523"
        ],
        "Accept-Language": [
          "en-US"
        ],
        "User-Agent": [
          "FxVersion/4.6.29017.01",
          "OSName/Windows",
          "OSVersion/Microsoft.Windows.10.0.19042.",
          "Microsoft.Azure.Management.WebSites.WebSiteManagementClient/3.1.0"
        ]
      },
      "ResponseHeaders": {
        "Cache-Control": [
          "no-cache"
        ],
        "Pragma": [
          "no-cache"
        ],
        "Strict-Transport-Security": [
          "max-age=31536000; includeSubDomains"
        ],
        "x-ms-request-id": [
          "8bb4b574-fb95-4603-a5eb-e16ecc66f091"
        ],
        "Server": [
          "Microsoft-IIS/10.0"
        ],
        "X-AspNet-Version": [
          "4.0.30319"
        ],
        "X-Powered-By": [
          "ASP.NET"
        ],
        "x-ms-ratelimit-remaining-subscription-resource-requests": [
          "11975"
        ],
        "x-ms-correlation-request-id": [
          "838d4590-7ea7-49ca-bbb0-46cceeabb6be"
        ],
        "x-ms-routing-request-id": [
          "SOUTHINDIA:20201118T113222Z:838d4590-7ea7-49ca-bbb0-46cceeabb6be"
        ],
        "X-Content-Type-Options": [
          "nosniff"
        ],
        "Date": [
          "Wed, 18 Nov 2020 11:32:22 GMT"
        ],
        "Content-Length": [
          "740"
        ],
        "Content-Type": [
          "application/json"
        ],
        "Expires": [
          "-1"
        ]
      },
      "ResponseBody": "{\r\n  \"id\": \"/subscriptions/04b0639d-85d8-445a-bada-8da78e50ff30/resourceGroups/lketmtestantps10/providers/Microsoft.Web/sites/lketmtestantps10/config/appsettings\",\r\n  \"name\": \"appsettings\",\r\n  \"type\": \"Microsoft.Web/sites/config\",\r\n  \"location\": \"Central US\",\r\n  \"tags\": {\r\n    \"test\": \"test\"\r\n  },\r\n  \"properties\": {\r\n    \"APPINSIGHTS_INSTRUMENTATIONKEY\": \"cf82fff5-8e7a-4726-8ccb-8f67e9f320a6\",\r\n    \"APPLICATIONINSIGHTS_CONNECTION_STRING\": \"InstrumentationKey=cf82fff5-8e7a-4726-8ccb-8f67e9f320a6;IngestionEndpoint=https://centralus-0.in.applicationinsights.azure.com/\",\r\n    \"ApplicationInsightsAgent_EXTENSION_VERSION\": \"~2\",\r\n    \"XDT_MicrosoftApplicationInsights_Mode\": \"default\",\r\n    \"ANCM_ADDITIONAL_ERROR_PAGE_LINK\": \"https://lketmtestantps10.scm.azurewebsites.net/detectors?type=tools&name=eventviewer\"\r\n  }\r\n}",
      "StatusCode": 200
    },
    {
      "RequestUri": "/subscriptions/04b0639d-85d8-445a-bada-8da78e50ff30/resourceGroups/lketmtestantps10/providers/Microsoft.Web/sites/lketmtestantps10/config/connectionstrings/list?api-version=2020-06-01",
      "EncodedRequestUri": "L3N1YnNjcmlwdGlvbnMvMDRiMDYzOWQtODVkOC00NDVhLWJhZGEtOGRhNzhlNTBmZjMwL3Jlc291cmNlR3JvdXBzL2xrZXRtdGVzdGFudHBzMTAvcHJvdmlkZXJzL01pY3Jvc29mdC5XZWIvc2l0ZXMvbGtldG10ZXN0YW50cHMxMC9jb25maWcvY29ubmVjdGlvbnN0cmluZ3MvbGlzdD9hcGktdmVyc2lvbj0yMDIwLTA2LTAx",
      "RequestMethod": "POST",
      "RequestBody": "",
      "RequestHeaders": {
        "x-ms-client-request-id": [
          "0e4e7fa0-f707-48b0-a0e9-7f50899ca455"
        ],
        "Accept-Language": [
          "en-US"
        ],
        "User-Agent": [
          "FxVersion/4.6.29017.01",
          "OSName/Windows",
          "OSVersion/Microsoft.Windows.10.0.19042.",
          "Microsoft.Azure.Management.WebSites.WebSiteManagementClient/3.1.0"
        ]
      },
      "ResponseHeaders": {
        "Cache-Control": [
          "no-cache"
        ],
        "Pragma": [
          "no-cache"
        ],
        "Strict-Transport-Security": [
          "max-age=31536000; includeSubDomains"
        ],
        "x-ms-request-id": [
          "d9195563-ba03-4f2c-b3c5-6bea641a4c37"
        ],
        "Server": [
          "Microsoft-IIS/10.0"
        ],
        "X-AspNet-Version": [
          "4.0.30319"
        ],
        "X-Powered-By": [
          "ASP.NET"
        ],
        "x-ms-ratelimit-remaining-subscription-resource-requests": [
          "11977"
        ],
        "x-ms-correlation-request-id": [
          "f32bc9d4-3f3b-4935-abe7-3e3f18780433"
        ],
        "x-ms-routing-request-id": [
          "SOUTHINDIA:20201118T113152Z:f32bc9d4-3f3b-4935-abe7-3e3f18780433"
        ],
        "X-Content-Type-Options": [
          "nosniff"
        ],
        "Date": [
          "Wed, 18 Nov 2020 11:31:52 GMT"
        ],
        "Content-Length": [
          "290"
        ],
        "Content-Type": [
          "application/json"
        ],
        "Expires": [
          "-1"
        ]
      },
      "ResponseBody": "{\r\n  \"id\": \"/subscriptions/04b0639d-85d8-445a-bada-8da78e50ff30/resourceGroups/lketmtestantps10/providers/Microsoft.Web/sites/lketmtestantps10/config/connectionstrings\",\r\n  \"name\": \"connectionstrings\",\r\n  \"type\": \"Microsoft.Web/sites/config\",\r\n  \"location\": \"Central US\",\r\n  \"tags\": {\r\n    \"test\": \"test\"\r\n  },\r\n  \"properties\": {}\r\n}",
      "StatusCode": 200
    },
    {
      "RequestUri": "/subscriptions/04b0639d-85d8-445a-bada-8da78e50ff30/resourceGroups/lketmtestantps10/providers/Microsoft.Web/sites/lketmtestantps10/config/connectionstrings/list?api-version=2020-06-01",
      "EncodedRequestUri": "L3N1YnNjcmlwdGlvbnMvMDRiMDYzOWQtODVkOC00NDVhLWJhZGEtOGRhNzhlNTBmZjMwL3Jlc291cmNlR3JvdXBzL2xrZXRtdGVzdGFudHBzMTAvcHJvdmlkZXJzL01pY3Jvc29mdC5XZWIvc2l0ZXMvbGtldG10ZXN0YW50cHMxMC9jb25maWcvY29ubmVjdGlvbnN0cmluZ3MvbGlzdD9hcGktdmVyc2lvbj0yMDIwLTA2LTAx",
      "RequestMethod": "POST",
      "RequestBody": "",
      "RequestHeaders": {
        "x-ms-client-request-id": [
          "13f52bf6-0164-4808-bec5-ec21d9e497c1"
        ],
        "Accept-Language": [
          "en-US"
        ],
        "User-Agent": [
          "FxVersion/4.6.29017.01",
          "OSName/Windows",
          "OSVersion/Microsoft.Windows.10.0.19042.",
          "Microsoft.Azure.Management.WebSites.WebSiteManagementClient/3.1.0"
        ]
      },
      "ResponseHeaders": {
        "Cache-Control": [
          "no-cache"
        ],
        "Pragma": [
          "no-cache"
        ],
        "Strict-Transport-Security": [
          "max-age=31536000; includeSubDomains"
        ],
        "x-ms-request-id": [
          "474fcb6e-cc8e-4028-930b-ac3328ea1d99"
        ],
        "Server": [
          "Microsoft-IIS/10.0"
        ],
        "X-AspNet-Version": [
          "4.0.30319"
        ],
        "X-Powered-By": [
          "ASP.NET"
        ],
        "x-ms-ratelimit-remaining-subscription-resource-requests": [
          "11974"
        ],
        "x-ms-correlation-request-id": [
          "2fac7617-5e3c-462b-b47f-4c6ae241e921"
        ],
        "x-ms-routing-request-id": [
          "SOUTHINDIA:20201118T113223Z:2fac7617-5e3c-462b-b47f-4c6ae241e921"
        ],
        "X-Content-Type-Options": [
          "nosniff"
        ],
        "Date": [
          "Wed, 18 Nov 2020 11:32:23 GMT"
        ],
        "Content-Length": [
          "290"
        ],
        "Content-Type": [
          "application/json"
        ],
        "Expires": [
          "-1"
        ]
      },
      "ResponseBody": "{\r\n  \"id\": \"/subscriptions/04b0639d-85d8-445a-bada-8da78e50ff30/resourceGroups/lketmtestantps10/providers/Microsoft.Web/sites/lketmtestantps10/config/connectionstrings\",\r\n  \"name\": \"connectionstrings\",\r\n  \"type\": \"Microsoft.Web/sites/config\",\r\n  \"location\": \"Central US\",\r\n  \"tags\": {\r\n    \"test\": \"test\"\r\n  },\r\n  \"properties\": {}\r\n}",
      "StatusCode": 200
    },
    {
      "RequestUri": "/subscriptions/04b0639d-85d8-445a-bada-8da78e50ff30/resourceGroups/lketmtestantps10/providers/Microsoft.Web/sites/lketmtestantps10/config/azurestorageaccounts/list?api-version=2020-06-01",
      "EncodedRequestUri": "L3N1YnNjcmlwdGlvbnMvMDRiMDYzOWQtODVkOC00NDVhLWJhZGEtOGRhNzhlNTBmZjMwL3Jlc291cmNlR3JvdXBzL2xrZXRtdGVzdGFudHBzMTAvcHJvdmlkZXJzL01pY3Jvc29mdC5XZWIvc2l0ZXMvbGtldG10ZXN0YW50cHMxMC9jb25maWcvYXp1cmVzdG9yYWdlYWNjb3VudHMvbGlzdD9hcGktdmVyc2lvbj0yMDIwLTA2LTAx",
      "RequestMethod": "POST",
      "RequestBody": "",
      "RequestHeaders": {
        "x-ms-client-request-id": [
          "b4683487-da39-4882-8b62-fd017465d98d"
        ],
        "Accept-Language": [
          "en-US"
        ],
        "User-Agent": [
          "FxVersion/4.6.29017.01",
          "OSName/Windows",
          "OSVersion/Microsoft.Windows.10.0.19042.",
          "Microsoft.Azure.Management.WebSites.WebSiteManagementClient/3.1.0"
        ]
      },
      "ResponseHeaders": {
        "Cache-Control": [
          "no-cache"
        ],
        "Pragma": [
          "no-cache"
        ],
        "Strict-Transport-Security": [
          "max-age=31536000; includeSubDomains"
        ],
        "x-ms-request-id": [
          "97f3a4e0-83e9-453d-ad8c-c005d5453f46"
        ],
        "Server": [
          "Microsoft-IIS/10.0"
        ],
        "X-AspNet-Version": [
          "4.0.30319"
        ],
        "X-Powered-By": [
          "ASP.NET"
        ],
        "x-ms-ratelimit-remaining-subscription-resource-requests": [
          "11976"
        ],
        "x-ms-correlation-request-id": [
          "686b8668-fa06-4915-a5d0-d8d753cfcbd2"
        ],
        "x-ms-routing-request-id": [
          "SOUTHINDIA:20201118T113153Z:686b8668-fa06-4915-a5d0-d8d753cfcbd2"
        ],
        "X-Content-Type-Options": [
          "nosniff"
        ],
        "Date": [
          "Wed, 18 Nov 2020 11:31:52 GMT"
        ],
        "Content-Length": [
          "287"
        ],
        "Content-Type": [
          "application/json"
        ],
        "Expires": [
          "-1"
        ]
      },
      "ResponseBody": "{\r\n  \"id\": \"/subscriptions/04b0639d-85d8-445a-bada-8da78e50ff30/resourceGroups/lketmtestantps10/providers/Microsoft.Web/sites/lketmtestantps10/config/appsettings\",\r\n  \"name\": \"azurestorageaccounts\",\r\n  \"type\": \"Microsoft.Web/sites/config\",\r\n  \"location\": \"Central US\",\r\n  \"tags\": {\r\n    \"test\": \"test\"\r\n  },\r\n  \"properties\": {}\r\n}",
      "StatusCode": 200
    },
    {
      "RequestUri": "/subscriptions/04b0639d-85d8-445a-bada-8da78e50ff30/resourceGroups/lketmtestantps10/providers/Microsoft.Web/sites/lketmtestantps10/config/azurestorageaccounts/list?api-version=2020-06-01",
      "EncodedRequestUri": "L3N1YnNjcmlwdGlvbnMvMDRiMDYzOWQtODVkOC00NDVhLWJhZGEtOGRhNzhlNTBmZjMwL3Jlc291cmNlR3JvdXBzL2xrZXRtdGVzdGFudHBzMTAvcHJvdmlkZXJzL01pY3Jvc29mdC5XZWIvc2l0ZXMvbGtldG10ZXN0YW50cHMxMC9jb25maWcvYXp1cmVzdG9yYWdlYWNjb3VudHMvbGlzdD9hcGktdmVyc2lvbj0yMDIwLTA2LTAx",
      "RequestMethod": "POST",
      "RequestBody": "",
      "RequestHeaders": {
        "x-ms-client-request-id": [
          "cbad9f0b-4c1a-482a-80ec-0cd996233273"
        ],
        "Accept-Language": [
          "en-US"
        ],
        "User-Agent": [
          "FxVersion/4.6.29017.01",
          "OSName/Windows",
          "OSVersion/Microsoft.Windows.10.0.19042.",
          "Microsoft.Azure.Management.WebSites.WebSiteManagementClient/3.1.0"
        ]
      },
      "ResponseHeaders": {
        "Cache-Control": [
          "no-cache"
        ],
        "Pragma": [
          "no-cache"
        ],
        "Strict-Transport-Security": [
          "max-age=31536000; includeSubDomains"
        ],
        "x-ms-request-id": [
          "1f9ac235-24c1-48b0-9592-4cc1ce2093e2"
        ],
        "Server": [
          "Microsoft-IIS/10.0"
        ],
        "X-AspNet-Version": [
          "4.0.30319"
        ],
        "X-Powered-By": [
          "ASP.NET"
        ],
        "x-ms-ratelimit-remaining-subscription-resource-requests": [
          "11973"
        ],
        "x-ms-correlation-request-id": [
          "7255d6d5-13df-4336-acdd-1461711c9245"
        ],
        "x-ms-routing-request-id": [
          "SOUTHINDIA:20201118T113224Z:7255d6d5-13df-4336-acdd-1461711c9245"
        ],
        "X-Content-Type-Options": [
          "nosniff"
        ],
        "Date": [
          "Wed, 18 Nov 2020 11:32:23 GMT"
        ],
        "Content-Length": [
          "287"
        ],
        "Content-Type": [
          "application/json"
        ],
        "Expires": [
          "-1"
        ]
      },
      "ResponseBody": "{\r\n  \"id\": \"/subscriptions/04b0639d-85d8-445a-bada-8da78e50ff30/resourceGroups/lketmtestantps10/providers/Microsoft.Web/sites/lketmtestantps10/config/appsettings\",\r\n  \"name\": \"azurestorageaccounts\",\r\n  \"type\": \"Microsoft.Web/sites/config\",\r\n  \"location\": \"Central US\",\r\n  \"tags\": {\r\n    \"test\": \"test\"\r\n  },\r\n  \"properties\": {}\r\n}",
      "StatusCode": 200
    },
    {
      "RequestUri": "/subscriptions/04b0639d-85d8-445a-bada-8da78e50ff30/resourceGroups/lketmtestantps10/providers/Microsoft.Web/certificates/www.adorenow.net?api-version=2020-06-01",
      "EncodedRequestUri": "L3N1YnNjcmlwdGlvbnMvMDRiMDYzOWQtODVkOC00NDVhLWJhZGEtOGRhNzhlNTBmZjMwL3Jlc291cmNlR3JvdXBzL2xrZXRtdGVzdGFudHBzMTAvcHJvdmlkZXJzL01pY3Jvc29mdC5XZWIvY2VydGlmaWNhdGVzL3d3dy5hZG9yZW5vdy5uZXQ/YXBpLXZlcnNpb249MjAyMC0wNi0wMQ==",
      "RequestMethod": "PUT",
      "RequestBody": "{\r\n  \"properties\": {\r\n    \"password\": \"\",\r\n    \"serverFarmId\": \"/subscriptions/04b0639d-85d8-445a-bada-8da78e50ff30/resourceGroups/lketmtestantps10/providers/Microsoft.Web/serverfarms/lketmtestantps10ASP\",\r\n    \"canonicalName\": \"www.adorenow.net\"\r\n  },\r\n  \"location\": \"Central US\"\r\n}",
      "RequestHeaders": {
        "x-ms-client-request-id": [
          "042da302-9570-4164-b253-74871d4de836"
        ],
        "Accept-Language": [
          "en-US"
        ],
        "User-Agent": [
          "FxVersion/4.6.29017.01",
          "OSName/Windows",
          "OSVersion/Microsoft.Windows.10.0.19042.",
          "Microsoft.Azure.Management.WebSites.WebSiteManagementClient/3.1.0"
        ],
        "Content-Type": [
          "application/json; charset=utf-8"
        ],
        "Content-Length": [
          "283"
        ]
      },
      "ResponseHeaders": {
        "Cache-Control": [
          "no-cache"
        ],
        "Pragma": [
          "no-cache"
        ],
        "Location": [
          "https://management.azure.com/subscriptions/04b0639d-85d8-445a-bada-8da78e50ff30/resourceGroups/lketmtestantps10/providers/Microsoft.Web/certificates/www.adorenow.net/operationresults/dd2342d1-ea8a-42ac-930a-130ed78a3bfc?api-version=2020-06-01"
        ],
        "Retry-After": [
          "15"
        ],
        "Strict-Transport-Security": [
          "max-age=31536000; includeSubDomains"
        ],
        "Server": [
          "Microsoft-IIS/10.0"
        ],
        "X-AspNet-Version": [
          "4.0.30319"
        ],
        "X-Powered-By": [
          "ASP.NET"
        ],
        "x-ms-ratelimit-remaining-subscription-writes": [
          "1198"
        ],
        "x-ms-request-id": [
          "5946603f-8410-4ebc-9dd1-4141561c8d89"
        ],
        "x-ms-correlation-request-id": [
          "5946603f-8410-4ebc-9dd1-4141561c8d89"
        ],
        "x-ms-routing-request-id": [
          "SOUTHINDIA:20201118T113201Z:5946603f-8410-4ebc-9dd1-4141561c8d89"
        ],
        "X-Content-Type-Options": [
          "nosniff"
        ],
        "Date": [
          "Wed, 18 Nov 2020 11:32:00 GMT"
        ],
        "Expires": [
          "-1"
        ],
        "Content-Length": [
          "0"
        ]
      },
      "ResponseBody": "",
      "StatusCode": 202
    },
    {
      "RequestUri": "/subscriptions/04b0639d-85d8-445a-bada-8da78e50ff30/resourceGroups/lketmtestantps10/providers/Microsoft.Web/certificates/www.adorenow.net?api-version=2020-06-01",
      "EncodedRequestUri": "L3N1YnNjcmlwdGlvbnMvMDRiMDYzOWQtODVkOC00NDVhLWJhZGEtOGRhNzhlNTBmZjMwL3Jlc291cmNlR3JvdXBzL2xrZXRtdGVzdGFudHBzMTAvcHJvdmlkZXJzL01pY3Jvc29mdC5XZWIvY2VydGlmaWNhdGVzL3d3dy5hZG9yZW5vdy5uZXQ/YXBpLXZlcnNpb249MjAyMC0wNi0wMQ==",
      "RequestMethod": "GET",
      "RequestBody": "",
      "RequestHeaders": {
        "x-ms-client-request-id": [
          "0d27e20f-fd71-4ddf-8554-349a24688507"
        ],
        "Accept-Language": [
          "en-US"
        ],
        "User-Agent": [
          "FxVersion/4.6.29017.01",
          "OSName/Windows",
          "OSVersion/Microsoft.Windows.10.0.19042.",
          "Microsoft.Azure.Management.WebSites.WebSiteManagementClient/3.1.0"
        ]
      },
      "ResponseHeaders": {
        "Cache-Control": [
          "no-cache"
        ],
        "Pragma": [
          "no-cache"
        ],
        "Strict-Transport-Security": [
          "max-age=31536000; includeSubDomains"
        ],
        "Server": [
          "Microsoft-IIS/10.0"
        ],
        "X-AspNet-Version": [
          "4.0.30319"
        ],
        "X-Powered-By": [
          "ASP.NET"
        ],
        "x-ms-ratelimit-remaining-subscription-reads": [
          "11977"
        ],
        "x-ms-request-id": [
          "e8d0567f-9789-475a-8a7f-3efc9c0317b6"
        ],
        "x-ms-correlation-request-id": [
          "e8d0567f-9789-475a-8a7f-3efc9c0317b6"
        ],
        "x-ms-routing-request-id": [
          "SOUTHINDIA:20201118T113201Z:e8d0567f-9789-475a-8a7f-3efc9c0317b6"
        ],
        "X-Content-Type-Options": [
          "nosniff"
        ],
        "Date": [
          "Wed, 18 Nov 2020 11:32:01 GMT"
        ],
        "Content-Length": [
          "435"
        ],
        "Content-Type": [
          "application/json; charset=utf-8"
        ],
        "Expires": [
          "-1"
        ]
      },
      "ResponseBody": "{\r\n  \"Code\": \"NotFound\",\r\n  \"Message\": \"Cannot find Certificate with name www.adorenow.net.\",\r\n  \"Target\": null,\r\n  \"Details\": [\r\n    {\r\n      \"Message\": \"Cannot find Certificate with name www.adorenow.net.\"\r\n    },\r\n    {\r\n      \"Code\": \"NotFound\"\r\n    },\r\n    {\r\n      \"ErrorEntity\": {\r\n        \"ExtendedCode\": \"51004\",\r\n        \"MessageTemplate\": \"Cannot find {0} with name {1}.\",\r\n        \"Parameters\": [\r\n          \"Certificate\",\r\n          \"www.adorenow.net\"\r\n        ],\r\n        \"Code\": \"NotFound\",\r\n        \"Message\": \"Cannot find Certificate with name www.adorenow.net.\"\r\n      }\r\n    }\r\n  ],\r\n  \"Innererror\": null\r\n}",
      "StatusCode": 404
    },
    {
      "RequestUri": "/subscriptions/04b0639d-85d8-445a-bada-8da78e50ff30/resourceGroups/lketmtestantps10/providers/Microsoft.Web/certificates/www.adorenow.net?api-version=2020-06-01",
      "EncodedRequestUri": "L3N1YnNjcmlwdGlvbnMvMDRiMDYzOWQtODVkOC00NDVhLWJhZGEtOGRhNzhlNTBmZjMwL3Jlc291cmNlR3JvdXBzL2xrZXRtdGVzdGFudHBzMTAvcHJvdmlkZXJzL01pY3Jvc29mdC5XZWIvY2VydGlmaWNhdGVzL3d3dy5hZG9yZW5vdy5uZXQ/YXBpLXZlcnNpb249MjAyMC0wNi0wMQ==",
      "RequestMethod": "GET",
      "RequestBody": "",
      "RequestHeaders": {
        "x-ms-client-request-id": [
          "59fe199a-92c0-4eb8-aa36-0561520e9628"
        ],
        "Accept-Language": [
          "en-US"
        ],
        "User-Agent": [
          "FxVersion/4.6.29017.01",
          "OSName/Windows",
          "OSVersion/Microsoft.Windows.10.0.19042.",
          "Microsoft.Azure.Management.WebSites.WebSiteManagementClient/3.1.0"
        ]
      },
      "ResponseHeaders": {
        "Cache-Control": [
          "no-cache"
        ],
        "Pragma": [
          "no-cache"
        ],
        "Strict-Transport-Security": [
          "max-age=31536000; includeSubDomains"
        ],
        "Server": [
          "Microsoft-IIS/10.0"
        ],
        "X-AspNet-Version": [
          "4.0.30319"
        ],
        "X-Powered-By": [
          "ASP.NET"
        ],
        "x-ms-ratelimit-remaining-subscription-reads": [
          "11976"
        ],
        "x-ms-request-id": [
          "ae736e3a-6c1a-406d-98ac-5ddfe21bf5dd"
        ],
        "x-ms-correlation-request-id": [
          "ae736e3a-6c1a-406d-98ac-5ddfe21bf5dd"
        ],
        "x-ms-routing-request-id": [
          "SOUTHINDIA:20201118T113207Z:ae736e3a-6c1a-406d-98ac-5ddfe21bf5dd"
        ],
        "X-Content-Type-Options": [
          "nosniff"
        ],
        "Date": [
          "Wed, 18 Nov 2020 11:32:06 GMT"
        ],
        "Content-Length": [
          "435"
        ],
        "Content-Type": [
          "application/json; charset=utf-8"
        ],
        "Expires": [
          "-1"
        ]
      },
      "ResponseBody": "{\r\n  \"Code\": \"NotFound\",\r\n  \"Message\": \"Cannot find Certificate with name www.adorenow.net.\",\r\n  \"Target\": null,\r\n  \"Details\": [\r\n    {\r\n      \"Message\": \"Cannot find Certificate with name www.adorenow.net.\"\r\n    },\r\n    {\r\n      \"Code\": \"NotFound\"\r\n    },\r\n    {\r\n      \"ErrorEntity\": {\r\n        \"ExtendedCode\": \"51004\",\r\n        \"MessageTemplate\": \"Cannot find {0} with name {1}.\",\r\n        \"Parameters\": [\r\n          \"Certificate\",\r\n          \"www.adorenow.net\"\r\n        ],\r\n        \"Code\": \"NotFound\",\r\n        \"Message\": \"Cannot find Certificate with name www.adorenow.net.\"\r\n      }\r\n    }\r\n  ],\r\n  \"Innererror\": null\r\n}",
      "StatusCode": 404
    },
    {
      "RequestUri": "/subscriptions/04b0639d-85d8-445a-bada-8da78e50ff30/resourceGroups/lketmtestantps10/providers/Microsoft.Web/certificates/www.adorenow.net?api-version=2020-06-01",
      "EncodedRequestUri": "L3N1YnNjcmlwdGlvbnMvMDRiMDYzOWQtODVkOC00NDVhLWJhZGEtOGRhNzhlNTBmZjMwL3Jlc291cmNlR3JvdXBzL2xrZXRtdGVzdGFudHBzMTAvcHJvdmlkZXJzL01pY3Jvc29mdC5XZWIvY2VydGlmaWNhdGVzL3d3dy5hZG9yZW5vdy5uZXQ/YXBpLXZlcnNpb249MjAyMC0wNi0wMQ==",
      "RequestMethod": "GET",
      "RequestBody": "",
      "RequestHeaders": {
        "x-ms-client-request-id": [
          "2151c50c-4e88-4b8b-8558-7d47161934cc"
        ],
        "Accept-Language": [
          "en-US"
        ],
        "User-Agent": [
          "FxVersion/4.6.29017.01",
          "OSName/Windows",
          "OSVersion/Microsoft.Windows.10.0.19042.",
          "Microsoft.Azure.Management.WebSites.WebSiteManagementClient/3.1.0"
        ]
      },
      "ResponseHeaders": {
        "Cache-Control": [
          "no-cache"
        ],
        "Pragma": [
          "no-cache"
        ],
        "Strict-Transport-Security": [
          "max-age=31536000; includeSubDomains"
        ],
        "Server": [
          "Microsoft-IIS/10.0"
        ],
        "X-AspNet-Version": [
          "4.0.30319"
        ],
        "X-Powered-By": [
          "ASP.NET"
        ],
        "x-ms-ratelimit-remaining-subscription-reads": [
          "11975"
        ],
        "x-ms-request-id": [
          "1cf07128-a069-49d1-9518-8189173d681e"
        ],
        "x-ms-correlation-request-id": [
          "1cf07128-a069-49d1-9518-8189173d681e"
        ],
        "x-ms-routing-request-id": [
          "SOUTHINDIA:20201118T113213Z:1cf07128-a069-49d1-9518-8189173d681e"
        ],
        "X-Content-Type-Options": [
          "nosniff"
        ],
        "Date": [
          "Wed, 18 Nov 2020 11:32:12 GMT"
        ],
        "Content-Length": [
          "435"
        ],
        "Content-Type": [
          "application/json; charset=utf-8"
        ],
        "Expires": [
          "-1"
        ]
      },
      "ResponseBody": "{\r\n  \"Code\": \"NotFound\",\r\n  \"Message\": \"Cannot find Certificate with name www.adorenow.net.\",\r\n  \"Target\": null,\r\n  \"Details\": [\r\n    {\r\n      \"Message\": \"Cannot find Certificate with name www.adorenow.net.\"\r\n    },\r\n    {\r\n      \"Code\": \"NotFound\"\r\n    },\r\n    {\r\n      \"ErrorEntity\": {\r\n        \"ExtendedCode\": \"51004\",\r\n        \"MessageTemplate\": \"Cannot find {0} with name {1}.\",\r\n        \"Parameters\": [\r\n          \"Certificate\",\r\n          \"www.adorenow.net\"\r\n        ],\r\n        \"Code\": \"NotFound\",\r\n        \"Message\": \"Cannot find Certificate with name www.adorenow.net.\"\r\n      }\r\n    }\r\n  ],\r\n  \"Innererror\": null\r\n}",
      "StatusCode": 404
    },
    {
      "RequestUri": "/subscriptions/04b0639d-85d8-445a-bada-8da78e50ff30/resourceGroups/lketmtestantps10/providers/Microsoft.Web/certificates/www.adorenow.net?api-version=2020-06-01",
      "EncodedRequestUri": "L3N1YnNjcmlwdGlvbnMvMDRiMDYzOWQtODVkOC00NDVhLWJhZGEtOGRhNzhlNTBmZjMwL3Jlc291cmNlR3JvdXBzL2xrZXRtdGVzdGFudHBzMTAvcHJvdmlkZXJzL01pY3Jvc29mdC5XZWIvY2VydGlmaWNhdGVzL3d3dy5hZG9yZW5vdy5uZXQ/YXBpLXZlcnNpb249MjAyMC0wNi0wMQ==",
      "RequestMethod": "GET",
      "RequestBody": "",
      "RequestHeaders": {
        "x-ms-client-request-id": [
          "098ccbd6-a906-4508-8133-74aef06ceb7a"
        ],
        "Accept-Language": [
          "en-US"
        ],
        "User-Agent": [
          "FxVersion/4.6.29017.01",
          "OSName/Windows",
          "OSVersion/Microsoft.Windows.10.0.19042.",
          "Microsoft.Azure.Management.WebSites.WebSiteManagementClient/3.1.0"
        ]
      },
      "ResponseHeaders": {
        "Cache-Control": [
          "no-cache"
        ],
        "Pragma": [
          "no-cache"
        ],
        "Strict-Transport-Security": [
          "max-age=31536000; includeSubDomains"
        ],
        "x-ms-request-id": [
          "90c6a9a4-dab4-4cc5-a389-ef326fafe579"
        ],
        "Server": [
          "Microsoft-IIS/10.0"
        ],
        "X-AspNet-Version": [
          "4.0.30319"
        ],
        "X-Powered-By": [
          "ASP.NET"
        ],
        "x-ms-ratelimit-remaining-subscription-reads": [
          "11974"
        ],
        "x-ms-correlation-request-id": [
          "9e70d9bb-9b69-464a-abf6-ac961074d716"
        ],
        "x-ms-routing-request-id": [
          "SOUTHINDIA:20201118T113220Z:9e70d9bb-9b69-464a-abf6-ac961074d716"
        ],
        "X-Content-Type-Options": [
          "nosniff"
        ],
        "Date": [
          "Wed, 18 Nov 2020 11:32:19 GMT"
        ],
        "Content-Length": [
          "905"
        ],
        "Content-Type": [
          "application/json"
        ],
        "Expires": [
          "-1"
        ]
      },
      "ResponseBody": "{\r\n  \"id\": \"/subscriptions/04b0639d-85d8-445a-bada-8da78e50ff30/resourceGroups/lketmtestantps10/providers/Microsoft.Web/certificates/www.adorenow.net\",\r\n  \"name\": \"www.adorenow.net\",\r\n  \"type\": \"Microsoft.Web/certificates\",\r\n  \"location\": \"Central US\",\r\n  \"properties\": {\r\n    \"friendlyName\": \"\",\r\n    \"subjectName\": \"www.adorenow.net\",\r\n    \"hostNames\": [\r\n      \"www.adorenow.net\"\r\n    ],\r\n    \"pfxBlob\": null,\r\n    \"siteName\": null,\r\n    \"selfLink\": null,\r\n    \"issuer\": \"GeoTrust TLS DV RSA Mixed SHA256 2020 CA-1\",\r\n    \"issueDate\": \"2020-11-18T05:30:00+05:30\",\r\n    \"expirationDate\": \"2021-05-18T05:29:59+05:30\",\r\n    \"password\": null,\r\n    \"thumbprint\": \"BCF31D60D6280228F2F70FE8457D5EDE55F0211B\",\r\n    \"valid\": null,\r\n    \"toDelete\": null,\r\n    \"cerBlob\": null,\r\n    \"publicKeyHash\": null,\r\n    \"hostingEnvironment\": null,\r\n    \"hostingEnvironmentProfile\": null,\r\n    \"keyVaultId\": \"\",\r\n    \"keyVaultSecretName\": \"\",\r\n    \"keyVaultSecretStatus\": \"Initialized\",\r\n    \"webSpace\": \"lketmtestantps10-CentralUSwebspace\",\r\n    \"serverFarmId\": null,\r\n    \"canonicalName\": \"www.adorenow.net\",\r\n    \"tags\": null\r\n  }\r\n}",
      "StatusCode": 200
    },
    {
      "RequestUri": "/subscriptions/04b0639d-85d8-445a-bada-8da78e50ff30/resourceGroups/lketmtestantps10/resources?$filter=resourceType%20eq%20'Microsoft.Web%2FCertificates'&api-version=2016-09-01",
      "EncodedRequestUri": "L3N1YnNjcmlwdGlvbnMvMDRiMDYzOWQtODVkOC00NDVhLWJhZGEtOGRhNzhlNTBmZjMwL3Jlc291cmNlR3JvdXBzL2xrZXRtdGVzdGFudHBzMTAvcmVzb3VyY2VzPyRmaWx0ZXI9cmVzb3VyY2VUeXBlJTIwZXElMjAnTWljcm9zb2Z0LldlYiUyRkNlcnRpZmljYXRlcycmYXBpLXZlcnNpb249MjAxNi0wOS0wMQ==",
      "RequestMethod": "GET",
      "RequestBody": "",
      "RequestHeaders": {
        "x-ms-client-request-id": [
          "92ecad74-56d6-4515-bc3b-6e40e550dd52"
        ],
        "Accept-Language": [
          "en-US"
        ],
        "User-Agent": [
          "FxVersion/4.6.29017.01",
          "OSName/Windows",
          "OSVersion/Microsoft.Windows.10.0.19042.",
          "Microsoft.Azure.Management.Internal.Resources.ResourceManagementClient/1.3.28"
        ]
      },
      "ResponseHeaders": {
        "Cache-Control": [
          "no-cache"
        ],
        "Pragma": [
          "no-cache"
        ],
        "x-ms-ratelimit-remaining-subscription-reads": [
          "11994"
        ],
        "x-ms-request-id": [
          "04010a20-91d8-46e6-8260-0fe91349f4d8"
        ],
        "x-ms-correlation-request-id": [
          "04010a20-91d8-46e6-8260-0fe91349f4d8"
        ],
        "x-ms-routing-request-id": [
          "SOUTHINDIA:20201118T113224Z:04010a20-91d8-46e6-8260-0fe91349f4d8"
        ],
        "Strict-Transport-Security": [
          "max-age=31536000; includeSubDomains"
        ],
        "X-Content-Type-Options": [
          "nosniff"
        ],
        "Date": [
          "Wed, 18 Nov 2020 11:32:24 GMT"
        ],
        "Content-Type": [
          "application/json; charset=utf-8"
        ],
        "Expires": [
          "-1"
        ],
        "Content-Length": [
          "251"
        ]
      },
      "ResponseBody": "{\r\n  \"value\": [\r\n    {\r\n      \"id\": \"/subscriptions/04b0639d-85d8-445a-bada-8da78e50ff30/resourceGroups/lketmtestantps10/providers/Microsoft.Web/certificates/www.managedcerts.net\",\r\n      \"name\": \"www.managedcerts.net\",\r\n      \"type\": \"Microsoft.Web/certificates\",\r\n      \"location\": \"centralus\"\r\n    }\r\n  ]\r\n}",
      "StatusCode": 200
    },
    {
      "RequestUri": "/subscriptions/04b0639d-85d8-445a-bada-8da78e50ff30/resourceGroups/lketmtestantps10/providers/Microsoft.Web/certificates/www.managedcerts.net?api-version=2020-06-01",
      "EncodedRequestUri": "L3N1YnNjcmlwdGlvbnMvMDRiMDYzOWQtODVkOC00NDVhLWJhZGEtOGRhNzhlNTBmZjMwL3Jlc291cmNlR3JvdXBzL2xrZXRtdGVzdGFudHBzMTAvcHJvdmlkZXJzL01pY3Jvc29mdC5XZWIvY2VydGlmaWNhdGVzL3d3dy5tYW5hZ2VkY2VydHMubmV0P2FwaS12ZXJzaW9uPTIwMjAtMDYtMDE=",
      "RequestMethod": "GET",
      "RequestBody": "",
      "RequestHeaders": {
        "x-ms-client-request-id": [
          "f6543241-52f1-4aac-802f-8690a20196ef"
        ],
        "Accept-Language": [
          "en-US"
        ],
        "User-Agent": [
          "FxVersion/4.6.29017.01",
          "OSName/Windows",
          "OSVersion/Microsoft.Windows.10.0.19042.",
          "Microsoft.Azure.Management.WebSites.WebSiteManagementClient/3.1.0"
        ]
      },
      "ResponseHeaders": {
        "Cache-Control": [
          "no-cache"
        ],
        "Pragma": [
          "no-cache"
        ],
        "Strict-Transport-Security": [
          "max-age=31536000; includeSubDomains"
        ],
        "x-ms-request-id": [
          "4bb58c62-e0c9-4048-ae42-3ed86a1c47db"
        ],
        "Server": [
          "Microsoft-IIS/10.0"
        ],
        "X-AspNet-Version": [
          "4.0.30319"
        ],
        "X-Powered-By": [
          "ASP.NET"
        ],
        "x-ms-ratelimit-remaining-subscription-reads": [
          "11971"
        ],
        "x-ms-correlation-request-id": [
          "0c9180a5-61c3-4d55-8821-9296f7c0c358"
        ],
        "x-ms-routing-request-id": [
          "SOUTHINDIA:20201118T113225Z:0c9180a5-61c3-4d55-8821-9296f7c0c358"
        ],
        "X-Content-Type-Options": [
          "nosniff"
        ],
        "Date": [
          "Wed, 18 Nov 2020 11:32:25 GMT"
        ],
        "Content-Length": [
          "923"
        ],
        "Content-Type": [
          "application/json"
        ],
        "Expires": [
          "-1"
        ]
      },
      "ResponseBody": "{\r\n  \"id\": \"/subscriptions/04b0639d-85d8-445a-bada-8da78e50ff30/resourceGroups/lketmtestantps10/providers/Microsoft.Web/certificates/www.managedcerts.net\",\r\n  \"name\": \"www.managedcerts.net\",\r\n  \"type\": \"Microsoft.Web/certificates\",\r\n  \"location\": \"Central US\",\r\n  \"properties\": {\r\n    \"friendlyName\": \"\",\r\n    \"subjectName\": \"www.managedcerts.net\",\r\n    \"hostNames\": [\r\n      \"www.managedcerts.net\"\r\n    ],\r\n    \"pfxBlob\": null,\r\n    \"siteName\": null,\r\n    \"selfLink\": null,\r\n    \"issuer\": \"GeoTrust TLS DV RSA Mixed SHA256 2020 CA-1\",\r\n    \"issueDate\": \"2020-11-18T05:30:00+05:30\",\r\n    \"expirationDate\": \"2021-05-18T05:29:59+05:30\",\r\n    \"password\": null,\r\n    \"thumbprint\": \"CC767B9C74A3224B8D7CC1D98C3659539FB1C2E2\",\r\n    \"valid\": null,\r\n    \"toDelete\": null,\r\n    \"cerBlob\": null,\r\n    \"publicKeyHash\": null,\r\n    \"hostingEnvironment\": null,\r\n    \"hostingEnvironmentProfile\": null,\r\n    \"keyVaultId\": \"\",\r\n    \"keyVaultSecretName\": \"\",\r\n    \"keyVaultSecretStatus\": \"Succeeded\",\r\n    \"webSpace\": \"lketmtestantps10-CentralUSwebspace\",\r\n    \"serverFarmId\": null,\r\n    \"canonicalName\": \"www.managedcerts.net\",\r\n    \"tags\": null\r\n  }\r\n}",
      "StatusCode": 200
    },
    {
      "RequestUri": "/subscriptions/04b0639d-85d8-445a-bada-8da78e50ff30/resourceGroups/lketmtestantps10/providers/Microsoft.Web/certificates/www.managedcerts.net?api-version=2020-06-01",
      "EncodedRequestUri": "L3N1YnNjcmlwdGlvbnMvMDRiMDYzOWQtODVkOC00NDVhLWJhZGEtOGRhNzhlNTBmZjMwL3Jlc291cmNlR3JvdXBzL2xrZXRtdGVzdGFudHBzMTAvcHJvdmlkZXJzL01pY3Jvc29mdC5XZWIvY2VydGlmaWNhdGVzL3d3dy5tYW5hZ2VkY2VydHMubmV0P2FwaS12ZXJzaW9uPTIwMjAtMDYtMDE=",
      "RequestMethod": "GET",
      "RequestBody": "",
      "RequestHeaders": {
        "x-ms-client-request-id": [
          "ff4a879e-38b6-4bc4-ba94-5e5f2c16c6ba"
        ],
        "Accept-Language": [
          "en-US"
        ],
        "User-Agent": [
          "FxVersion/4.6.29017.01",
          "OSName/Windows",
          "OSVersion/Microsoft.Windows.10.0.19042.",
          "Microsoft.Azure.Management.WebSites.WebSiteManagementClient/3.1.0"
        ]
      },
      "ResponseHeaders": {
        "Cache-Control": [
          "no-cache"
        ],
        "Pragma": [
          "no-cache"
        ],
        "Strict-Transport-Security": [
          "max-age=31536000; includeSubDomains"
        ],
        "x-ms-request-id": [
          "8596b5ff-e03e-42fd-ac1b-ea569673e696"
        ],
        "Server": [
          "Microsoft-IIS/10.0"
        ],
        "X-AspNet-Version": [
          "4.0.30319"
        ],
        "X-Powered-By": [
          "ASP.NET"
        ],
        "x-ms-ratelimit-remaining-subscription-reads": [
          "11967"
        ],
        "x-ms-correlation-request-id": [
          "018386db-6afa-46c5-b366-ed7688b3efe8"
        ],
        "x-ms-routing-request-id": [
          "SOUTHINDIA:20201118T113227Z:018386db-6afa-46c5-b366-ed7688b3efe8"
        ],
        "X-Content-Type-Options": [
          "nosniff"
        ],
        "Date": [
          "Wed, 18 Nov 2020 11:32:27 GMT"
        ],
        "Content-Length": [
          "923"
        ],
        "Content-Type": [
          "application/json"
        ],
        "Expires": [
          "-1"
        ]
      },
      "ResponseBody": "{\r\n  \"id\": \"/subscriptions/04b0639d-85d8-445a-bada-8da78e50ff30/resourceGroups/lketmtestantps10/providers/Microsoft.Web/certificates/www.managedcerts.net\",\r\n  \"name\": \"www.managedcerts.net\",\r\n  \"type\": \"Microsoft.Web/certificates\",\r\n  \"location\": \"Central US\",\r\n  \"properties\": {\r\n    \"friendlyName\": \"\",\r\n    \"subjectName\": \"www.managedcerts.net\",\r\n    \"hostNames\": [\r\n      \"www.managedcerts.net\"\r\n    ],\r\n    \"pfxBlob\": null,\r\n    \"siteName\": null,\r\n    \"selfLink\": null,\r\n    \"issuer\": \"GeoTrust TLS DV RSA Mixed SHA256 2020 CA-1\",\r\n    \"issueDate\": \"2020-11-18T05:30:00+05:30\",\r\n    \"expirationDate\": \"2021-05-18T05:29:59+05:30\",\r\n    \"password\": null,\r\n    \"thumbprint\": \"CC767B9C74A3224B8D7CC1D98C3659539FB1C2E2\",\r\n    \"valid\": null,\r\n    \"toDelete\": null,\r\n    \"cerBlob\": null,\r\n    \"publicKeyHash\": null,\r\n    \"hostingEnvironment\": null,\r\n    \"hostingEnvironmentProfile\": null,\r\n    \"keyVaultId\": \"\",\r\n    \"keyVaultSecretName\": \"\",\r\n    \"keyVaultSecretStatus\": \"Succeeded\",\r\n    \"webSpace\": \"lketmtestantps10-CentralUSwebspace\",\r\n    \"serverFarmId\": null,\r\n    \"canonicalName\": \"www.managedcerts.net\",\r\n    \"tags\": null\r\n  }\r\n}",
      "StatusCode": 200
    },
    {
      "RequestUri": "/subscriptions/04b0639d-85d8-445a-bada-8da78e50ff30/resources?$filter=resourceType%20eq%20'Microsoft.Web%2FCertificates'&api-version=2016-09-01",
      "EncodedRequestUri": "L3N1YnNjcmlwdGlvbnMvMDRiMDYzOWQtODVkOC00NDVhLWJhZGEtOGRhNzhlNTBmZjMwL3Jlc291cmNlcz8kZmlsdGVyPXJlc291cmNlVHlwZSUyMGVxJTIwJ01pY3Jvc29mdC5XZWIlMkZDZXJ0aWZpY2F0ZXMnJmFwaS12ZXJzaW9uPTIwMTYtMDktMDE=",
      "RequestMethod": "GET",
      "RequestBody": "",
      "RequestHeaders": {
        "x-ms-client-request-id": [
          "c43a1365-bfdc-4f5d-bad0-f2f3cec24403"
        ],
        "Accept-Language": [
          "en-US"
        ],
        "User-Agent": [
          "FxVersion/4.6.29017.01",
          "OSName/Windows",
          "OSVersion/Microsoft.Windows.10.0.19042.",
          "Microsoft.Azure.Management.Internal.Resources.ResourceManagementClient/1.3.28"
        ]
      },
      "ResponseHeaders": {
        "Cache-Control": [
          "no-cache"
        ],
        "Pragma": [
          "no-cache"
        ],
        "x-ms-ratelimit-remaining-subscription-reads": [
          "11993"
        ],
        "x-ms-request-id": [
          "7f5c0991-2b71-4b58-a6df-16fffb251287"
        ],
        "x-ms-correlation-request-id": [
          "7f5c0991-2b71-4b58-a6df-16fffb251287"
        ],
        "x-ms-routing-request-id": [
          "SOUTHINDIA:20201118T113225Z:7f5c0991-2b71-4b58-a6df-16fffb251287"
        ],
        "Strict-Transport-Security": [
          "max-age=31536000; includeSubDomains"
        ],
        "X-Content-Type-Options": [
          "nosniff"
        ],
        "Date": [
          "Wed, 18 Nov 2020 11:32:25 GMT"
        ],
        "Content-Type": [
          "application/json; charset=utf-8"
        ],
        "Expires": [
          "-1"
        ],
        "Content-Length": [
          "2328"
        ]
      },
      "ResponseBody": "{\r\n  \"value\": [\r\n    {\r\n      \"id\": \"/subscriptions/04b0639d-85d8-445a-bada-8da78e50ff30/resourceGroups/.NETSDKRG/providers/Microsoft.Web/certificates/adoresnow-.NETSDKRG-CentralUSwebspace\",\r\n      \"name\": \"adoresnow-.NETSDKRG-CentralUSwebspace\",\r\n      \"type\": \"Microsoft.Web/certificates\",\r\n      \"location\": \"centralus\"\r\n    },\r\n    {\r\n      \"id\": \"/subscriptions/04b0639d-85d8-445a-bada-8da78e50ff30/resourceGroups/cleanupservice/providers/Microsoft.Web/certificates/testkv2809-testcert2809\",\r\n      \"name\": \"testkv2809-testcert2809\",\r\n      \"type\": \"Microsoft.Web/certificates\",\r\n      \"location\": \"centralus\"\r\n    },\r\n    {\r\n      \"id\": \"/subscriptions/04b0639d-85d8-445a-bada-8da78e50ff30/resourceGroups/cleanupservice/providers/Microsoft.Web/certificates/www.teja-test.com\",\r\n      \"name\": \"www.teja-test.com\",\r\n      \"type\": \"Microsoft.Web/certificates\",\r\n      \"location\": \"centralus\"\r\n    },\r\n    {\r\n      \"id\": \"/subscriptions/04b0639d-85d8-445a-bada-8da78e50ff30/resourceGroups/lketmtestantps10/providers/Microsoft.Web/certificates/www.managedcerts.net\",\r\n      \"name\": \"www.managedcerts.net\",\r\n      \"type\": \"Microsoft.Web/certificates\",\r\n      \"location\": \"centralus\"\r\n    },\r\n    {\r\n      \"id\": \"/subscriptions/04b0639d-85d8-445a-bada-8da78e50ff30/resourceGroups/testasptod109/providers/Microsoft.Web/certificates/B3F415A9B6E3EC79682BF6EC5C9AD06B1A5281B4-testasptod109-ASEtest109appseEastUSwebspace\",\r\n      \"name\": \"B3F415A9B6E3EC79682BF6EC5C9AD06B1A5281B4-testasptod109-ASEtest109appseEastUSwebspace\",\r\n      \"type\": \"Microsoft.Web/certificates\",\r\n      \"location\": \"eastus\"\r\n    },\r\n    {\r\n      \"id\": \"/subscriptions/04b0639d-85d8-445a-bada-8da78e50ff30/resourceGroups/testasptod109/providers/Microsoft.Web/certificates/testasptod109-testkvimz-testcert2810z\",\r\n      \"name\": \"testasptod109-testkvimz-testcert2810z\",\r\n      \"type\": \"Microsoft.Web/certificates\",\r\n      \"location\": \"eastus\"\r\n    },\r\n    {\r\n      \"id\": \"/subscriptions/04b0639d-85d8-445a-bada-8da78e50ff30/resourceGroups/testasptod109/providers/Microsoft.Web/certificates/testkv1611-testcertname1611\",\r\n      \"name\": \"testkv1611-testcertname1611\",\r\n      \"type\": \"Microsoft.Web/certificates\",\r\n      \"location\": \"eastus\"\r\n    },\r\n    {\r\n      \"id\": \"/subscriptions/04b0639d-85d8-445a-bada-8da78e50ff30/resourceGroups/testrcdest118/providers/Microsoft.Web/certificates/testcert1110\",\r\n      \"name\": \"testcert1110\",\r\n      \"type\": \"Microsoft.Web/certificates\",\r\n      \"location\": \"centralus\"\r\n    },\r\n    {\r\n      \"id\": \"/subscriptions/04b0639d-85d8-445a-bada-8da78e50ff30/resourceGroups/testrcdest118/providers/Microsoft.Web/certificates/testcertificate2610\",\r\n      \"name\": \"testcertificate2610\",\r\n      \"type\": \"Microsoft.Web/certificates\",\r\n      \"location\": \"centralus\"\r\n    }\r\n  ]\r\n}",
      "StatusCode": 200
    },
    {
      "RequestUri": "/subscriptions/04b0639d-85d8-445a-bada-8da78e50ff30/resourceGroups/.NETSDKRG/providers/Microsoft.Web/certificates/adoresnow-.NETSDKRG-CentralUSwebspace?api-version=2020-06-01",
      "EncodedRequestUri": "L3N1YnNjcmlwdGlvbnMvMDRiMDYzOWQtODVkOC00NDVhLWJhZGEtOGRhNzhlNTBmZjMwL3Jlc291cmNlR3JvdXBzLy5ORVRTREtSRy9wcm92aWRlcnMvTWljcm9zb2Z0LldlYi9jZXJ0aWZpY2F0ZXMvYWRvcmVzbm93LS5ORVRTREtSRy1DZW50cmFsVVN3ZWJzcGFjZT9hcGktdmVyc2lvbj0yMDIwLTA2LTAx",
      "RequestMethod": "GET",
      "RequestBody": "",
      "RequestHeaders": {
        "x-ms-client-request-id": [
          "11d15a6f-05d0-4ef8-93a9-ccbfe0d470bb"
        ],
        "Accept-Language": [
          "en-US"
        ],
        "User-Agent": [
          "FxVersion/4.6.29017.01",
          "OSName/Windows",
          "OSVersion/Microsoft.Windows.10.0.19042.",
          "Microsoft.Azure.Management.WebSites.WebSiteManagementClient/3.1.0"
        ]
      },
      "ResponseHeaders": {
        "Cache-Control": [
          "no-cache"
        ],
        "Pragma": [
          "no-cache"
        ],
        "Strict-Transport-Security": [
          "max-age=31536000; includeSubDomains"
        ],
        "x-ms-request-id": [
          "355cab24-45af-4098-b9ac-8632569bfdda"
        ],
        "Server": [
          "Microsoft-IIS/10.0"
        ],
        "X-AspNet-Version": [
          "4.0.30319"
        ],
        "X-Powered-By": [
          "ASP.NET"
        ],
        "x-ms-ratelimit-remaining-subscription-reads": [
          "11970"
        ],
        "x-ms-correlation-request-id": [
          "908cbf85-c656-4061-9eed-1d2fdf850ad8"
        ],
        "x-ms-routing-request-id": [
          "SOUTHINDIA:20201118T113225Z:908cbf85-c656-4061-9eed-1d2fdf850ad8"
        ],
        "X-Content-Type-Options": [
          "nosniff"
        ],
        "Date": [
          "Wed, 18 Nov 2020 11:32:25 GMT"
        ],
        "Content-Length": [
          "935"
        ],
        "Content-Type": [
          "application/json"
        ],
        "Expires": [
          "-1"
        ]
      },
      "ResponseBody": "{\r\n  \"id\": \"/subscriptions/04b0639d-85d8-445a-bada-8da78e50ff30/resourceGroups/.NETSDKRG/providers/Microsoft.Web/certificates/adoresnow-.NETSDKRG-CentralUSwebspace\",\r\n  \"name\": \"adoresnow-.NETSDKRG-CentralUSwebspace\",\r\n  \"type\": \"Microsoft.Web/certificates\",\r\n  \"location\": \"Central US\",\r\n  \"properties\": {\r\n    \"friendlyName\": \"\",\r\n    \"subjectName\": \"*.adoresnow.net,adoresnow.net\",\r\n    \"hostNames\": [\r\n      \"*.adoresnow.net\",\r\n      \"adoresnow.net\"\r\n    ],\r\n    \"pfxBlob\": null,\r\n    \"siteName\": null,\r\n    \"selfLink\": null,\r\n    \"issuer\": \"Go Daddy Secure Certificate Authority - G2\",\r\n    \"issueDate\": \"2020-05-05T14:07:28+05:30\",\r\n    \"expirationDate\": \"2021-05-05T14:07:28+05:30\",\r\n    \"password\": null,\r\n    \"thumbprint\": \"CD2ED68DADECFE4821589622694F32014F492FFC\",\r\n    \"valid\": null,\r\n    \"toDelete\": null,\r\n    \"cerBlob\": null,\r\n    \"publicKeyHash\": null,\r\n    \"hostingEnvironment\": null,\r\n    \"hostingEnvironmentProfile\": null,\r\n    \"keyVaultId\": \"\",\r\n    \"keyVaultSecretName\": \"\",\r\n    \"keyVaultSecretStatus\": \"KeyVaultDoesNotExist\",\r\n    \"webSpace\": \".NETSDKRG-CentralUSwebspace\",\r\n    \"serverFarmId\": null,\r\n    \"tags\": null\r\n  }\r\n}",
      "StatusCode": 200
    },
    {
      "RequestUri": "/subscriptions/04b0639d-85d8-445a-bada-8da78e50ff30/resourceGroups/cleanupservice/providers/Microsoft.Web/certificates/testkv2809-testcert2809?api-version=2020-06-01",
      "EncodedRequestUri": "L3N1YnNjcmlwdGlvbnMvMDRiMDYzOWQtODVkOC00NDVhLWJhZGEtOGRhNzhlNTBmZjMwL3Jlc291cmNlR3JvdXBzL2NsZWFudXBzZXJ2aWNlL3Byb3ZpZGVycy9NaWNyb3NvZnQuV2ViL2NlcnRpZmljYXRlcy90ZXN0a3YyODA5LXRlc3RjZXJ0MjgwOT9hcGktdmVyc2lvbj0yMDIwLTA2LTAx",
      "RequestMethod": "GET",
      "RequestBody": "",
      "RequestHeaders": {
        "x-ms-client-request-id": [
          "9942a9cd-2833-446a-9553-adea2c2ed727"
        ],
        "Accept-Language": [
          "en-US"
        ],
        "User-Agent": [
          "FxVersion/4.6.29017.01",
          "OSName/Windows",
          "OSVersion/Microsoft.Windows.10.0.19042.",
          "Microsoft.Azure.Management.WebSites.WebSiteManagementClient/3.1.0"
        ]
      },
      "ResponseHeaders": {
        "Cache-Control": [
          "no-cache"
        ],
        "Pragma": [
          "no-cache"
        ],
        "Strict-Transport-Security": [
          "max-age=31536000; includeSubDomains"
        ],
        "x-ms-request-id": [
          "d04aadc3-47a0-4052-9d47-14b636d31193"
        ],
        "Server": [
          "Microsoft-IIS/10.0"
        ],
        "X-AspNet-Version": [
          "4.0.30319"
        ],
        "X-Powered-By": [
          "ASP.NET"
        ],
        "x-ms-ratelimit-remaining-subscription-reads": [
          "11969"
        ],
        "x-ms-correlation-request-id": [
          "cbe2eecc-083e-475f-be2b-3078d81420ac"
        ],
        "x-ms-routing-request-id": [
          "SOUTHINDIA:20201118T113226Z:cbe2eecc-083e-475f-be2b-3078d81420ac"
        ],
        "X-Content-Type-Options": [
          "nosniff"
        ],
        "Date": [
          "Wed, 18 Nov 2020 11:32:26 GMT"
        ],
        "Content-Length": [
          "861"
        ],
        "Content-Type": [
          "application/json"
        ],
        "Expires": [
          "-1"
        ]
      },
      "ResponseBody": "{\r\n  \"id\": \"/subscriptions/04b0639d-85d8-445a-bada-8da78e50ff30/resourceGroups/cleanupservice/providers/Microsoft.Web/certificates/testkv2809-testcert2809\",\r\n  \"name\": \"testkv2809-testcert2809\",\r\n  \"type\": \"Microsoft.Web/certificates\",\r\n  \"location\": \"Central US\",\r\n  \"properties\": {\r\n    \"friendlyName\": \"\",\r\n    \"subjectName\": \"testdomain2908.com\",\r\n    \"hostNames\": [\r\n      \"testdomain2908.com\"\r\n    ],\r\n    \"pfxBlob\": null,\r\n    \"siteName\": null,\r\n    \"selfLink\": null,\r\n    \"issuer\": \"testdomain2908.com\",\r\n    \"issueDate\": \"2020-09-28T12:41:05+05:30\",\r\n    \"expirationDate\": \"2021-09-28T12:51:05+05:30\",\r\n    \"password\": null,\r\n    \"thumbprint\": \"AEBBBBC2C208D0BF3A75DA71E3996CB104DC087C\",\r\n    \"valid\": null,\r\n    \"toDelete\": null,\r\n    \"cerBlob\": null,\r\n    \"publicKeyHash\": null,\r\n    \"hostingEnvironment\": null,\r\n    \"hostingEnvironmentProfile\": null,\r\n    \"keyVaultId\": \"\",\r\n    \"keyVaultSecretName\": \"\",\r\n    \"keyVaultSecretStatus\": \"UnknownError\",\r\n    \"webSpace\": \"cleanupservice-CentralUSwebspace\",\r\n    \"serverFarmId\": null,\r\n    \"tags\": null\r\n  }\r\n}",
      "StatusCode": 200
    },
    {
      "RequestUri": "/subscriptions/04b0639d-85d8-445a-bada-8da78e50ff30/resourceGroups/cleanupservice/providers/Microsoft.Web/certificates/www.teja-test.com?api-version=2020-06-01",
      "EncodedRequestUri": "L3N1YnNjcmlwdGlvbnMvMDRiMDYzOWQtODVkOC00NDVhLWJhZGEtOGRhNzhlNTBmZjMwL3Jlc291cmNlR3JvdXBzL2NsZWFudXBzZXJ2aWNlL3Byb3ZpZGVycy9NaWNyb3NvZnQuV2ViL2NlcnRpZmljYXRlcy93d3cudGVqYS10ZXN0LmNvbT9hcGktdmVyc2lvbj0yMDIwLTA2LTAx",
      "RequestMethod": "GET",
      "RequestBody": "",
      "RequestHeaders": {
        "x-ms-client-request-id": [
          "e6faf1df-5cce-4659-9082-57ca5654b2ed"
        ],
        "Accept-Language": [
          "en-US"
        ],
        "User-Agent": [
          "FxVersion/4.6.29017.01",
          "OSName/Windows",
          "OSVersion/Microsoft.Windows.10.0.19042.",
          "Microsoft.Azure.Management.WebSites.WebSiteManagementClient/3.1.0"
        ]
      },
      "ResponseHeaders": {
        "Cache-Control": [
          "no-cache"
        ],
        "Pragma": [
          "no-cache"
        ],
        "Strict-Transport-Security": [
          "max-age=31536000; includeSubDomains"
        ],
        "x-ms-request-id": [
          "f00edbb3-b7c2-4015-b74b-cac2bd523888"
        ],
        "Server": [
          "Microsoft-IIS/10.0"
        ],
        "X-AspNet-Version": [
          "4.0.30319"
        ],
        "X-Powered-By": [
          "ASP.NET"
        ],
        "x-ms-ratelimit-remaining-subscription-reads": [
          "11968"
        ],
        "x-ms-correlation-request-id": [
          "e784fbb6-2a33-48a1-a6d4-25be9956c60c"
        ],
        "x-ms-routing-request-id": [
          "SOUTHINDIA:20201118T113227Z:e784fbb6-2a33-48a1-a6d4-25be9956c60c"
        ],
        "X-Content-Type-Options": [
          "nosniff"
        ],
        "Date": [
          "Wed, 18 Nov 2020 11:32:26 GMT"
        ],
        "Content-Length": [
          "904"
        ],
        "Content-Type": [
          "application/json"
        ],
        "Expires": [
          "-1"
        ]
      },
      "ResponseBody": "{\r\n  \"id\": \"/subscriptions/04b0639d-85d8-445a-bada-8da78e50ff30/resourceGroups/cleanupservice/providers/Microsoft.Web/certificates/www.teja-test.com\",\r\n  \"name\": \"www.teja-test.com\",\r\n  \"type\": \"Microsoft.Web/certificates\",\r\n  \"location\": \"Central US\",\r\n  \"properties\": {\r\n    \"friendlyName\": \"\",\r\n    \"subjectName\": \"www.teja-test.com\",\r\n    \"hostNames\": [\r\n      \"www.teja-test.com\"\r\n    ],\r\n    \"pfxBlob\": null,\r\n    \"siteName\": null,\r\n    \"selfLink\": null,\r\n    \"issuer\": \"GeoTrust TLS DV RSA Mixed SHA256 2020 CA-1\",\r\n    \"issueDate\": \"2020-10-27T05:30:00+05:30\",\r\n    \"expirationDate\": \"2021-04-27T05:29:59+05:30\",\r\n    \"password\": null,\r\n    \"thumbprint\": \"12450C0F722C6BDF7D73EF6D0D1E041FBF1D8CA5\",\r\n    \"valid\": null,\r\n    \"toDelete\": null,\r\n    \"cerBlob\": null,\r\n    \"publicKeyHash\": null,\r\n    \"hostingEnvironment\": null,\r\n    \"hostingEnvironmentProfile\": null,\r\n    \"keyVaultId\": \"\",\r\n    \"keyVaultSecretName\": \"\",\r\n    \"keyVaultSecretStatus\": \"Succeeded\",\r\n    \"webSpace\": \"cleanupservice-CentralUSwebspace\",\r\n    \"serverFarmId\": null,\r\n    \"canonicalName\": \"www.teja-test.com\",\r\n    \"tags\": null\r\n  }\r\n}",
      "StatusCode": 200
    },
    {
      "RequestUri": "/subscriptions/04b0639d-85d8-445a-bada-8da78e50ff30/resourceGroups/testasptod109/providers/Microsoft.Web/certificates/B3F415A9B6E3EC79682BF6EC5C9AD06B1A5281B4-testasptod109-ASEtest109appseEastUSwebspace?api-version=2020-06-01",
      "EncodedRequestUri": "L3N1YnNjcmlwdGlvbnMvMDRiMDYzOWQtODVkOC00NDVhLWJhZGEtOGRhNzhlNTBmZjMwL3Jlc291cmNlR3JvdXBzL3Rlc3Rhc3B0b2QxMDkvcHJvdmlkZXJzL01pY3Jvc29mdC5XZWIvY2VydGlmaWNhdGVzL0IzRjQxNUE5QjZFM0VDNzk2ODJCRjZFQzVDOUFEMDZCMUE1MjgxQjQtdGVzdGFzcHRvZDEwOS1BU0V0ZXN0MTA5YXBwc2VFYXN0VVN3ZWJzcGFjZT9hcGktdmVyc2lvbj0yMDIwLTA2LTAx",
      "RequestMethod": "GET",
      "RequestBody": "",
      "RequestHeaders": {
        "x-ms-client-request-id": [
          "947c2c40-09a0-4fc7-b0bb-440a7b097cf1"
        ],
        "Accept-Language": [
          "en-US"
        ],
        "User-Agent": [
          "FxVersion/4.6.29017.01",
          "OSName/Windows",
          "OSVersion/Microsoft.Windows.10.0.19042.",
          "Microsoft.Azure.Management.WebSites.WebSiteManagementClient/3.1.0"
        ]
      },
      "ResponseHeaders": {
        "Cache-Control": [
          "no-cache"
        ],
        "Pragma": [
          "no-cache"
        ],
        "Strict-Transport-Security": [
          "max-age=31536000; includeSubDomains"
        ],
        "x-ms-request-id": [
          "01e35999-62da-476d-a294-fad9dd0db5c2"
        ],
        "Server": [
          "Microsoft-IIS/10.0"
        ],
        "X-AspNet-Version": [
          "4.0.30319"
        ],
        "X-Powered-By": [
          "ASP.NET"
        ],
        "x-ms-ratelimit-remaining-subscription-reads": [
          "11966"
        ],
        "x-ms-correlation-request-id": [
          "2845d2b5-fdce-4b7e-a960-076caeb8cd3c"
        ],
        "x-ms-routing-request-id": [
          "SOUTHINDIA:20201118T113227Z:2845d2b5-fdce-4b7e-a960-076caeb8cd3c"
        ],
        "X-Content-Type-Options": [
          "nosniff"
        ],
        "Date": [
          "Wed, 18 Nov 2020 11:32:27 GMT"
        ],
        "Content-Length": [
          "1140"
        ],
        "Content-Type": [
          "application/json"
        ],
        "Expires": [
          "-1"
        ]
      },
      "ResponseBody": "{\r\n  \"id\": \"/subscriptions/04b0639d-85d8-445a-bada-8da78e50ff30/resourceGroups/testasptod109/providers/Microsoft.Web/certificates/B3F415A9B6E3EC79682BF6EC5C9AD06B1A5281B4-testasptod109-ASEtest109appseEastUSwebspace\",\r\n  \"name\": \"B3F415A9B6E3EC79682BF6EC5C9AD06B1A5281B4-testasptod109-ASEtest109appseEastUSwebspace\",\r\n  \"type\": \"Microsoft.Web/certificates\",\r\n  \"location\": \"East US\",\r\n  \"properties\": {\r\n    \"friendlyName\": \"\",\r\n    \"subjectName\": \"ECC\",\r\n    \"hostNames\": [\r\n      \"ECC\"\r\n    ],\r\n    \"pfxBlob\": null,\r\n    \"siteName\": null,\r\n    \"selfLink\": null,\r\n    \"issuer\": \"ECC\",\r\n    \"issueDate\": \"2020-11-18T11:25:30+05:30\",\r\n    \"expirationDate\": \"2021-11-13T11:25:30+05:30\",\r\n    \"password\": null,\r\n    \"thumbprint\": \"B3F415A9B6E3EC79682BF6EC5C9AD06B1A5281B4\",\r\n    \"valid\": null,\r\n    \"toDelete\": null,\r\n    \"cerBlob\": null,\r\n    \"publicKeyHash\": null,\r\n    \"hostingEnvironment\": null,\r\n    \"hostingEnvironmentProfile\": {\r\n      \"id\": \"/subscriptions/04b0639d-85d8-445a-bada-8da78e50ff30/resourceGroups/ASE109/providers/Microsoft.Web/hostingEnvironments/ASEtest109\",\r\n      \"name\": \"ASEtest109\",\r\n      \"type\": \"Microsoft.Web/hostingEnvironments\"\r\n    },\r\n    \"keyVaultId\": \"\",\r\n    \"keyVaultSecretName\": \"\",\r\n    \"keyVaultSecretStatus\": \"Initialized\",\r\n    \"webSpace\": \"testasptod109-ASEtest109appseEastUSwebspace\",\r\n    \"serverFarmId\": null,\r\n    \"tags\": null\r\n  }\r\n}",
      "StatusCode": 200
    },
    {
      "RequestUri": "/subscriptions/04b0639d-85d8-445a-bada-8da78e50ff30/resourceGroups/testasptod109/providers/Microsoft.Web/certificates/testasptod109-testkvimz-testcert2810z?api-version=2020-06-01",
      "EncodedRequestUri": "L3N1YnNjcmlwdGlvbnMvMDRiMDYzOWQtODVkOC00NDVhLWJhZGEtOGRhNzhlNTBmZjMwL3Jlc291cmNlR3JvdXBzL3Rlc3Rhc3B0b2QxMDkvcHJvdmlkZXJzL01pY3Jvc29mdC5XZWIvY2VydGlmaWNhdGVzL3Rlc3Rhc3B0b2QxMDktdGVzdGt2aW16LXRlc3RjZXJ0MjgxMHo/YXBpLXZlcnNpb249MjAyMC0wNi0wMQ==",
      "RequestMethod": "GET",
      "RequestBody": "",
      "RequestHeaders": {
        "x-ms-client-request-id": [
          "1c3e5f88-8daf-48a1-bb7c-732252522d34"
        ],
        "Accept-Language": [
          "en-US"
        ],
        "User-Agent": [
          "FxVersion/4.6.29017.01",
          "OSName/Windows",
          "OSVersion/Microsoft.Windows.10.0.19042.",
          "Microsoft.Azure.Management.WebSites.WebSiteManagementClient/3.1.0"
        ]
      },
      "ResponseHeaders": {
        "Cache-Control": [
          "no-cache"
        ],
        "Pragma": [
          "no-cache"
        ],
        "Strict-Transport-Security": [
          "max-age=31536000; includeSubDomains"
        ],
        "x-ms-request-id": [
          "677b06f1-5da4-40b1-8581-6a23858d85ff"
        ],
        "Server": [
          "Microsoft-IIS/10.0"
        ],
        "X-AspNet-Version": [
          "4.0.30319"
        ],
        "X-Powered-By": [
          "ASP.NET"
        ],
        "x-ms-ratelimit-remaining-subscription-reads": [
          "11965"
        ],
        "x-ms-correlation-request-id": [
          "72f1c701-1a69-4f71-8be8-7b2764f0b1fa"
        ],
        "x-ms-routing-request-id": [
          "SOUTHINDIA:20201118T113228Z:72f1c701-1a69-4f71-8be8-7b2764f0b1fa"
        ],
        "X-Content-Type-Options": [
          "nosniff"
        ],
        "Date": [
          "Wed, 18 Nov 2020 11:32:28 GMT"
        ],
        "Content-Length": [
          "1102"
        ],
        "Content-Type": [
          "application/json"
        ],
        "Expires": [
          "-1"
        ]
      },
      "ResponseBody": "{\r\n  \"id\": \"/subscriptions/04b0639d-85d8-445a-bada-8da78e50ff30/resourceGroups/testasptod109/providers/Microsoft.Web/certificates/testasptod109-testkvimz-testcert2810z\",\r\n  \"name\": \"testasptod109-testkvimz-testcert2810z\",\r\n  \"type\": \"Microsoft.Web/certificates\",\r\n  \"location\": \"East US\",\r\n  \"properties\": {\r\n    \"friendlyName\": \"\",\r\n    \"subjectName\": \"faizeuapdm1.com\",\r\n    \"hostNames\": [\r\n      \"faizeuapdm1.com\"\r\n    ],\r\n    \"pfxBlob\": null,\r\n    \"siteName\": null,\r\n    \"selfLink\": null,\r\n    \"issuer\": \"faizeuapdm1.com\",\r\n    \"issueDate\": \"2020-10-28T17:17:05+05:30\",\r\n    \"expirationDate\": \"2021-10-28T17:27:05+05:30\",\r\n    \"password\": null,\r\n    \"thumbprint\": \"526FC665D5F98AFDFC9E8F4433C760C11A192A69\",\r\n    \"valid\": null,\r\n    \"toDelete\": null,\r\n    \"cerBlob\": null,\r\n    \"publicKeyHash\": null,\r\n    \"hostingEnvironment\": null,\r\n    \"hostingEnvironmentProfile\": {\r\n      \"id\": \"/subscriptions/04b0639d-85d8-445a-bada-8da78e50ff30/resourceGroups/ASE109/providers/Microsoft.Web/hostingEnvironments/ASEtest109\",\r\n      \"name\": \"ASEtest109\",\r\n      \"type\": \"Microsoft.Web/hostingEnvironments\"\r\n    },\r\n    \"keyVaultId\": \"\",\r\n    \"keyVaultSecretName\": \"\",\r\n    \"keyVaultSecretStatus\": \"OperationNotPermittedOnKeyVault\",\r\n    \"webSpace\": \"testasptod109-ASEtest109appseEastUSwebspace\",\r\n    \"serverFarmId\": null,\r\n    \"tags\": null\r\n  }\r\n}",
      "StatusCode": 200
    },
    {
      "RequestUri": "/subscriptions/04b0639d-85d8-445a-bada-8da78e50ff30/resourceGroups/testasptod109/providers/Microsoft.Web/certificates/testkv1611-testcertname1611?api-version=2020-06-01",
      "EncodedRequestUri": "L3N1YnNjcmlwdGlvbnMvMDRiMDYzOWQtODVkOC00NDVhLWJhZGEtOGRhNzhlNTBmZjMwL3Jlc291cmNlR3JvdXBzL3Rlc3Rhc3B0b2QxMDkvcHJvdmlkZXJzL01pY3Jvc29mdC5XZWIvY2VydGlmaWNhdGVzL3Rlc3RrdjE2MTEtdGVzdGNlcnRuYW1lMTYxMT9hcGktdmVyc2lvbj0yMDIwLTA2LTAx",
      "RequestMethod": "GET",
      "RequestBody": "",
      "RequestHeaders": {
        "x-ms-client-request-id": [
          "092ac29b-0279-4210-ba9d-7725c6c1e1c0"
        ],
        "Accept-Language": [
          "en-US"
        ],
        "User-Agent": [
          "FxVersion/4.6.29017.01",
          "OSName/Windows",
          "OSVersion/Microsoft.Windows.10.0.19042.",
          "Microsoft.Azure.Management.WebSites.WebSiteManagementClient/3.1.0"
        ]
      },
      "ResponseHeaders": {
        "Cache-Control": [
          "no-cache"
        ],
        "Pragma": [
          "no-cache"
        ],
        "Strict-Transport-Security": [
          "max-age=31536000; includeSubDomains"
        ],
        "x-ms-request-id": [
          "0dd46890-d3cf-45a5-ac94-5ccec9b5aebf"
        ],
        "Server": [
          "Microsoft-IIS/10.0"
        ],
        "X-AspNet-Version": [
          "4.0.30319"
        ],
        "X-Powered-By": [
          "ASP.NET"
        ],
        "x-ms-ratelimit-remaining-subscription-reads": [
          "11964"
        ],
        "x-ms-correlation-request-id": [
          "dfdd23d6-40d4-4cab-ad08-2e3467e7ff7c"
        ],
        "x-ms-routing-request-id": [
          "SOUTHINDIA:20201118T113228Z:dfdd23d6-40d4-4cab-ad08-2e3467e7ff7c"
        ],
        "X-Content-Type-Options": [
          "nosniff"
        ],
        "Date": [
          "Wed, 18 Nov 2020 11:32:28 GMT"
        ],
        "Content-Length": [
          "1078"
        ],
        "Content-Type": [
          "application/json"
        ],
        "Expires": [
          "-1"
        ]
      },
      "ResponseBody": "{\r\n  \"id\": \"/subscriptions/04b0639d-85d8-445a-bada-8da78e50ff30/resourceGroups/testasptod109/providers/Microsoft.Web/certificates/testkv1611-testcertname1611\",\r\n  \"name\": \"testkv1611-testcertname1611\",\r\n  \"type\": \"Microsoft.Web/certificates\",\r\n  \"location\": \"East US\",\r\n  \"properties\": {\r\n    \"friendlyName\": \"\",\r\n    \"subjectName\": \"testdomaintr115.co.uk\",\r\n    \"hostNames\": [\r\n      \"testdomaintr115.co.uk\"\r\n    ],\r\n    \"pfxBlob\": null,\r\n    \"siteName\": null,\r\n    \"selfLink\": null,\r\n    \"issuer\": \"testdomaintr115.co.uk\",\r\n    \"issueDate\": \"2020-11-16T05:45:10+05:30\",\r\n    \"expirationDate\": \"2021-11-16T05:55:10+05:30\",\r\n    \"password\": null,\r\n    \"thumbprint\": \"057D487F414F2EE0C6A1F3A97F45958ECD2EB32C\",\r\n    \"valid\": null,\r\n    \"toDelete\": null,\r\n    \"cerBlob\": null,\r\n    \"publicKeyHash\": null,\r\n    \"hostingEnvironment\": null,\r\n    \"hostingEnvironmentProfile\": {\r\n      \"id\": \"/subscriptions/04b0639d-85d8-445a-bada-8da78e50ff30/resourceGroups/ASE109/providers/Microsoft.Web/hostingEnvironments/ASEtest109\",\r\n      \"name\": \"ASEtest109\",\r\n      \"type\": \"Microsoft.Web/hostingEnvironments\"\r\n    },\r\n    \"keyVaultId\": \"\",\r\n    \"keyVaultSecretName\": \"\",\r\n    \"keyVaultSecretStatus\": \"Succeeded\",\r\n    \"webSpace\": \"testasptod109-ASEtest109appseEastUSwebspace\",\r\n    \"serverFarmId\": null,\r\n    \"tags\": null\r\n  }\r\n}",
      "StatusCode": 200
    },
    {
      "RequestUri": "/subscriptions/04b0639d-85d8-445a-bada-8da78e50ff30/resourceGroups/testrcdest118/providers/Microsoft.Web/certificates/testcert1110?api-version=2020-06-01",
      "EncodedRequestUri": "L3N1YnNjcmlwdGlvbnMvMDRiMDYzOWQtODVkOC00NDVhLWJhZGEtOGRhNzhlNTBmZjMwL3Jlc291cmNlR3JvdXBzL3Rlc3RyY2Rlc3QxMTgvcHJvdmlkZXJzL01pY3Jvc29mdC5XZWIvY2VydGlmaWNhdGVzL3Rlc3RjZXJ0MTExMD9hcGktdmVyc2lvbj0yMDIwLTA2LTAx",
      "RequestMethod": "GET",
      "RequestBody": "",
      "RequestHeaders": {
        "x-ms-client-request-id": [
          "63085682-eaea-4f33-bb42-2d05ca7d4f0f"
        ],
        "Accept-Language": [
          "en-US"
        ],
        "User-Agent": [
          "FxVersion/4.6.29017.01",
          "OSName/Windows",
          "OSVersion/Microsoft.Windows.10.0.19042.",
          "Microsoft.Azure.Management.WebSites.WebSiteManagementClient/3.1.0"
        ]
      },
      "ResponseHeaders": {
        "Cache-Control": [
          "no-cache"
        ],
        "Pragma": [
          "no-cache"
        ],
        "Strict-Transport-Security": [
          "max-age=31536000; includeSubDomains"
        ],
        "x-ms-request-id": [
          "7c7d2379-2488-4d9d-bed7-a8b9b26d48fd"
        ],
        "Server": [
          "Microsoft-IIS/10.0"
        ],
        "X-AspNet-Version": [
          "4.0.30319"
        ],
        "X-Powered-By": [
          "ASP.NET"
        ],
        "x-ms-ratelimit-remaining-subscription-reads": [
          "11963"
        ],
        "x-ms-correlation-request-id": [
          "4684e927-477e-42d0-b2a4-0a0b2079c8b3"
        ],
        "x-ms-routing-request-id": [
          "SOUTHINDIA:20201118T113229Z:4684e927-477e-42d0-b2a4-0a0b2079c8b3"
        ],
        "X-Content-Type-Options": [
          "nosniff"
        ],
        "Date": [
          "Wed, 18 Nov 2020 11:32:29 GMT"
        ],
        "Content-Length": [
          "840"
        ],
        "Content-Type": [
          "application/json"
        ],
        "Expires": [
          "-1"
        ]
      },
      "ResponseBody": "{\r\n  \"id\": \"/subscriptions/04b0639d-85d8-445a-bada-8da78e50ff30/resourceGroups/testrcdest118/providers/Microsoft.Web/certificates/testcert1110\",\r\n  \"name\": \"testcert1110\",\r\n  \"type\": \"Microsoft.Web/certificates\",\r\n  \"location\": \"Central US\",\r\n  \"properties\": {\r\n    \"friendlyName\": \"\",\r\n    \"subjectName\": \"testdomaintr115.co.uk\",\r\n    \"hostNames\": [\r\n      \"testdomaintr115.co.uk\"\r\n    ],\r\n    \"pfxBlob\": null,\r\n    \"siteName\": null,\r\n    \"selfLink\": null,\r\n    \"issuer\": \"testdomaintr115.co.uk\",\r\n    \"issueDate\": \"2020-11-10T19:12:17+05:30\",\r\n    \"expirationDate\": \"2021-11-10T19:22:17+05:30\",\r\n    \"password\": null,\r\n    \"thumbprint\": \"F9F7AF2E7651ADF2A4E32BC2FC270B20968D59F1\",\r\n    \"valid\": null,\r\n    \"toDelete\": null,\r\n    \"cerBlob\": null,\r\n    \"publicKeyHash\": null,\r\n    \"hostingEnvironment\": null,\r\n    \"hostingEnvironmentProfile\": null,\r\n    \"keyVaultId\": \"\",\r\n    \"keyVaultSecretName\": \"\",\r\n    \"keyVaultSecretStatus\": \"Initialized\",\r\n    \"webSpace\": \"RG-W-CUS-CentralUSwebspace\",\r\n    \"serverFarmId\": null,\r\n    \"tags\": null\r\n  }\r\n}",
      "StatusCode": 200
    },
    {
      "RequestUri": "/subscriptions/04b0639d-85d8-445a-bada-8da78e50ff30/resourceGroups/testrcdest118/providers/Microsoft.Web/certificates/testcertificate2610?api-version=2020-06-01",
      "EncodedRequestUri": "L3N1YnNjcmlwdGlvbnMvMDRiMDYzOWQtODVkOC00NDVhLWJhZGEtOGRhNzhlNTBmZjMwL3Jlc291cmNlR3JvdXBzL3Rlc3RyY2Rlc3QxMTgvcHJvdmlkZXJzL01pY3Jvc29mdC5XZWIvY2VydGlmaWNhdGVzL3Rlc3RjZXJ0aWZpY2F0ZTI2MTA/YXBpLXZlcnNpb249MjAyMC0wNi0wMQ==",
      "RequestMethod": "GET",
      "RequestBody": "",
      "RequestHeaders": {
        "x-ms-client-request-id": [
          "5f58531e-2c25-4f44-bf07-e1d2508b78b6"
        ],
        "Accept-Language": [
          "en-US"
        ],
        "User-Agent": [
          "FxVersion/4.6.29017.01",
          "OSName/Windows",
          "OSVersion/Microsoft.Windows.10.0.19042.",
          "Microsoft.Azure.Management.WebSites.WebSiteManagementClient/3.1.0"
        ]
      },
      "ResponseHeaders": {
        "Cache-Control": [
          "no-cache"
        ],
        "Pragma": [
          "no-cache"
        ],
        "Strict-Transport-Security": [
          "max-age=31536000; includeSubDomains"
        ],
        "x-ms-request-id": [
          "338a2a71-ca53-47c6-9168-f70602381956"
        ],
        "Server": [
          "Microsoft-IIS/10.0"
        ],
        "X-AspNet-Version": [
          "4.0.30319"
        ],
        "X-Powered-By": [
          "ASP.NET"
        ],
        "x-ms-ratelimit-remaining-subscription-reads": [
          "11962"
        ],
        "x-ms-correlation-request-id": [
          "b3e6e935-f6da-43e0-bdc2-994d561df534"
        ],
        "x-ms-routing-request-id": [
          "SOUTHINDIA:20201118T113229Z:b3e6e935-f6da-43e0-bdc2-994d561df534"
        ],
        "X-Content-Type-Options": [
          "nosniff"
        ],
        "Date": [
          "Wed, 18 Nov 2020 11:32:29 GMT"
        ],
        "Content-Length": [
          "831"
        ],
        "Content-Type": [
          "application/json"
        ],
        "Expires": [
          "-1"
        ]
      },
      "ResponseBody": "{\r\n  \"id\": \"/subscriptions/04b0639d-85d8-445a-bada-8da78e50ff30/resourceGroups/testrcdest118/providers/Microsoft.Web/certificates/testcertificate2610\",\r\n  \"name\": \"testcertificate2610\",\r\n  \"type\": \"Microsoft.Web/certificates\",\r\n  \"location\": \"Central US\",\r\n  \"properties\": {\r\n    \"friendlyName\": \"\",\r\n    \"subjectName\": \"domainappz.com\",\r\n    \"hostNames\": [\r\n      \"domainappz.com\"\r\n    ],\r\n    \"pfxBlob\": null,\r\n    \"siteName\": null,\r\n    \"selfLink\": null,\r\n    \"issuer\": \"domainappz.com\",\r\n    \"issueDate\": \"2020-10-26T13:12:34+05:30\",\r\n    \"expirationDate\": \"2021-10-26T13:22:34+05:30\",\r\n    \"password\": null,\r\n    \"thumbprint\": \"08A32C0CB6392803BB4CC1361D76545F840B3A75\",\r\n    \"valid\": null,\r\n    \"toDelete\": null,\r\n    \"cerBlob\": null,\r\n    \"publicKeyHash\": null,\r\n    \"hostingEnvironment\": null,\r\n    \"hostingEnvironmentProfile\": null,\r\n    \"keyVaultId\": \"\",\r\n    \"keyVaultSecretName\": \"\",\r\n    \"keyVaultSecretStatus\": \"Succeeded\",\r\n    \"webSpace\": \"RG-W-CUS-CentralUSwebspace\",\r\n    \"serverFarmId\": null,\r\n    \"tags\": null\r\n  }\r\n}",
      "StatusCode": 200
    }
  ],
  "Names": {},
  "Variables": {
    "SubscriptionId": "04b0639d-85d8-445a-bada-8da78e50ff30"
  }
}