{
  "Entries": [
    {
      "RequestUri": "/jobs?api-version=2016-07-01.3.1",
      "EncodedRequestUri": "L2pvYnM/YXBpLXZlcnNpb249MjAxNi0wNy0wMS4zLjE=",
      "RequestMethod": "POST",
      "RequestBody": "{\r\n  \"id\": \"deleteNodeFile\",\r\n  \"priority\": 0,\r\n  \"poolInfo\": {\r\n    \"poolId\": \"testPool\"\r\n  }\r\n}",
      "RequestHeaders": {
        "Content-Type": [
          "application/json; odata=minimalmetadata; charset=utf-8"
        ],
        "Content-Length": [
          "97"
        ],
        "client-request-id": [
          "ebe800fa-dcd1-40f7-acfa-7649bc60b048"
        ],
        "accept-language": [
          "en-US"
        ],
        "ocp-date": [
          "Tue, 22 Nov 2016 23:02:36 GMT"
        ],
        "User-Agent": [
          "Microsoft.Azure.Batch.Protocol.BatchServiceClient/5.1.2.0",
          "AzurePowershell/v3.1.0"
        ]
      },
      "ResponseBody": "",
      "ResponseHeaders": {
        "Last-Modified": [
          "Tue, 22 Nov 2016 23:02:35 GMT"
        ],
        "Transfer-Encoding": [
          "chunked"
        ],
        "request-id": [
          "f0a5939c-5739-4264-9951-7cb0ef24c10d"
        ],
        "Strict-Transport-Security": [
          "max-age=31536000; includeSubDomains"
        ],
        "X-Content-Type-Options": [
          "nosniff"
        ],
        "DataServiceVersion": [
          "3.0"
        ],
        "DataServiceId": [
          "https://jstesteastus2.eastus2.batch.azure.com/jobs/job-1"
        ],
        "Date": [
          "Tue, 22 Nov 2016 23:02:37 GMT"
        ],
        "ETag": [
          "0x8D4132BA6185806"
        ],
        "Location": [
          "https://jstesteastus2.eastus2.batch.azure.com/jobs/job-1"
        ],
        "Server": [
          "Microsoft-HTTPAPI/2.0"
        ]
      },
      "StatusCode": 201
    },
    {
      "RequestUri": "/jobs/deleteNodeFile/tasks?api-version=2016-07-01.3.1",
      "EncodedRequestUri": "L2pvYnMvZGVsZXRlTm9kZUZpbGUvdGFza3M/YXBpLXZlcnNpb249MjAxNi0wNy0wMS4zLjE=",
      "RequestMethod": "POST",
      "RequestBody": "{\r\n  \"id\": \"task1\",\r\n  \"commandLine\": \"cmd /c echo \\\"test\\\" > testFile.txt\",\r\n  \"runElevated\": true\r\n}",
      "RequestHeaders": {
        "Content-Type": [
          "application/json; odata=minimalmetadata; charset=utf-8"
        ],
        "Content-Length": [
          "102"
        ],
        "client-request-id": [
          "b1c98a82-b95e-433a-aef0-ea5acf6d18f6"
        ],
        "accept-language": [
          "en-US"
        ],
        "ocp-date": [
          "Tue, 22 Nov 2016 23:02:37 GMT"
        ],
        "User-Agent": [
          "Microsoft.Azure.Batch.Protocol.BatchServiceClient/5.1.2.0",
          "AzurePowershell/v3.1.0"
        ]
      },
      "ResponseBody": "",
      "ResponseHeaders": {
        "Last-Modified": [
          "Tue, 22 Nov 2016 23:02:37 GMT"
        ],
        "Transfer-Encoding": [
          "chunked"
        ],
        "request-id": [
          "2e56cb48-621a-4d05-b487-5f7afcd7757d"
        ],
        "Strict-Transport-Security": [
          "max-age=31536000; includeSubDomains"
        ],
        "X-Content-Type-Options": [
          "nosniff"
        ],
        "DataServiceVersion": [
          "3.0"
        ],
        "DataServiceId": [
          "https://jstesteastus2.eastus2.batch.azure.com/jobs/deleteNodeFile/tasks/task1"
        ],
        "Date": [
          "Tue, 22 Nov 2016 23:02:37 GMT"
        ],
        "ETag": [
          "0x8D4132BA7651504"
        ],
        "Location": [
          "https://jstesteastus2.eastus2.batch.azure.com/jobs/deleteNodeFile/tasks/task1"
        ],
        "Server": [
          "Microsoft-HTTPAPI/2.0"
        ]
      },
      "StatusCode": 201
    },
    {
      "RequestUri": "/jobs/deleteNodeFile/tasks/task1?api-version=2016-07-01.3.1",
      "EncodedRequestUri": "L2pvYnMvZGVsZXRlTm9kZUZpbGUvdGFza3MvdGFzazE/YXBpLXZlcnNpb249MjAxNi0wNy0wMS4zLjE=",
      "RequestMethod": "GET",
      "RequestBody": "",
      "RequestHeaders": {
        "client-request-id": [
          "00f01e6b-c417-4eb8-975e-b4c9d0a472e4"
        ],
        "accept-language": [
          "en-US"
        ],
        "ocp-date": [
          "Tue, 22 Nov 2016 23:02:37 GMT"
        ],
        "User-Agent": [
          "Microsoft.Azure.Batch.Protocol.BatchServiceClient/5.1.2.0",
          "AzurePowershell/v3.1.0"
        ]
      },
      "ResponseBody": "{\r\n  \"odata.metadata\": \"https://jstesteastus2.eastus2.batch.azure.com/$metadata#tasks/@Element\",\r\n  \"id\": \"task1\",\r\n  \"url\": \"https://jstesteastus2.eastus2.batch.azure.com/jobs/deleteNodeFile/tasks/task1\",\r\n  \"eTag\": \"0x8D4132BA7651504\",\r\n  \"creationTime\": \"2016-11-22T23:02:37.902362Z\",\r\n  \"lastModified\": \"2016-11-22T23:02:37.902362Z\",\r\n  \"state\": \"active\",\r\n  \"stateTransitionTime\": \"2016-11-22T23:02:37.902362Z\",\r\n  \"commandLine\": \"cmd /c echo \\\"test\\\" > testFile.txt\",\r\n  \"runElevated\": true,\r\n  \"constraints\": {\r\n    \"maxWallClockTime\": \"P10675199DT2H48M5.4775807S\",\r\n    \"retentionTime\": \"P10675199DT2H48M5.4775807S\",\r\n    \"maxTaskRetryCount\": 0\r\n  },\r\n  \"executionInfo\": {\r\n    \"retryCount\": 0,\r\n    \"requeueCount\": 0\r\n  }\r\n}",
      "ResponseHeaders": {
        "Content-Type": [
          "application/json; odata=minimalmetadata"
        ],
        "Last-Modified": [
          "Tue, 22 Nov 2016 23:02:37 GMT"
        ],
        "Transfer-Encoding": [
          "chunked"
        ],
        "request-id": [
          "36d1cbf4-3e8f-48a0-9803-ad0f00f72846"
        ],
        "Strict-Transport-Security": [
          "max-age=31536000; includeSubDomains"
        ],
        "X-Content-Type-Options": [
          "nosniff"
        ],
        "DataServiceVersion": [
          "3.0"
        ],
        "Date": [
          "Tue, 22 Nov 2016 23:02:37 GMT"
        ],
        "ETag": [
          "0x8D4132BA7651504"
        ],
        "Server": [
          "Microsoft-HTTPAPI/2.0"
        ]
      },
      "StatusCode": 200
    },
    {
      "RequestUri": "/jobs/deleteNodeFile/tasks/task1?api-version=2016-07-01.3.1",
      "EncodedRequestUri": "L2pvYnMvZGVsZXRlTm9kZUZpbGUvdGFza3MvdGFzazE/YXBpLXZlcnNpb249MjAxNi0wNy0wMS4zLjE=",
      "RequestMethod": "GET",
      "RequestBody": "",
      "RequestHeaders": {
        "client-request-id": [
          "fb0b85c9-6f78-4adb-9a35-b9dfec0cec05"
        ],
        "accept-language": [
          "en-US"
        ],
        "ocp-date": [
          "Tue, 22 Nov 2016 23:02:39 GMT"
        ],
        "User-Agent": [
          "Microsoft.Azure.Batch.Protocol.BatchServiceClient/5.1.2.0",
          "AzurePowershell/v3.1.0"
        ]
      },
      "ResponseBody": "{\r\n  \"odata.metadata\": \"https://jstesteastus2.eastus2.batch.azure.com/$metadata#tasks/@Element\",\r\n  \"id\": \"task1\",\r\n  \"url\": \"https://jstesteastus2.eastus2.batch.azure.com/jobs/deleteNodeFile/tasks/task1\",\r\n  \"eTag\": \"0x8D4132BA7651504\",\r\n  \"creationTime\": \"2016-11-22T23:02:37.902362Z\",\r\n  \"lastModified\": \"2016-11-22T23:02:37.902362Z\",\r\n  \"state\": \"completed\",\r\n  \"stateTransitionTime\": \"2016-11-22T23:02:38.1728647Z\",\r\n  \"previousState\": \"running\",\r\n  \"previousStateTransitionTime\": \"2016-11-22T23:02:38.0478639Z\",\r\n  \"commandLine\": \"cmd /c echo \\\"test\\\" > testFile.txt\",\r\n  \"runElevated\": true,\r\n  \"constraints\": {\r\n    \"maxWallClockTime\": \"P10675199DT2H48M5.4775807S\",\r\n    \"retentionTime\": \"P10675199DT2H48M5.4775807S\",\r\n    \"maxTaskRetryCount\": 0\r\n  },\r\n  \"executionInfo\": {\r\n    \"startTime\": \"2016-11-22T23:02:38.0478639Z\",\r\n    \"endTime\": \"2016-11-22T23:02:38.1728647Z\",\r\n    \"exitCode\": 0,\r\n    \"retryCount\": 0,\r\n    \"requeueCount\": 0\r\n  },\r\n  \"nodeInfo\": {\r\n    \"affinityId\": \"TVM:tvm-1695681911_1-20161122t193202z\",\r\n    \"nodeUrl\": \"https://jstesteastus2.eastus2.batch.azure.com/pools/testPool/nodes/tvm-1695681911_1-20161122t193202z\",\r\n    \"poolId\": \"testPool\",\r\n    \"nodeId\": \"tvm-1695681911_1-20161122t193202z\",\r\n    \"taskRootDirectory\": \"\\\\workitems\\\\deletenodefile\\\\job-1\\\\task1\",\r\n    \"taskRootDirectoryUrl\": \"https://jstesteastus2.eastus2.batch.azure.com/pools/testPool/nodes/tvm-1695681911_1-20161122t193202z/files//workitems/deletenodefile/job-1/task1\"\r\n  }\r\n}",
      "ResponseHeaders": {
        "Content-Type": [
          "application/json; odata=minimalmetadata"
        ],
        "Last-Modified": [
          "Tue, 22 Nov 2016 23:02:37 GMT"
        ],
        "Transfer-Encoding": [
          "chunked"
        ],
        "request-id": [
          "656ea07c-59a1-4035-a311-a214f1c772af"
        ],
        "Strict-Transport-Security": [
          "max-age=31536000; includeSubDomains"
        ],
        "X-Content-Type-Options": [
          "nosniff"
        ],
        "DataServiceVersion": [
          "3.0"
        ],
        "Date": [
          "Tue, 22 Nov 2016 23:02:40 GMT"
        ],
        "ETag": [
          "0x8D4132BA7651504"
        ],
        "Server": [
          "Microsoft-HTTPAPI/2.0"
        ]
      },
      "StatusCode": 200
    },
    {
      "RequestUri": "/jobs/deleteNodeFile/tasks?api-version=2016-07-01.3.1&$filter=id%20eq%20'task1'&$select=id%2Cstate",
      "EncodedRequestUri": "L2pvYnMvZGVsZXRlTm9kZUZpbGUvdGFza3M/YXBpLXZlcnNpb249MjAxNi0wNy0wMS4zLjEmJGZpbHRlcj1pZCUyMGVxJTIwJTI3dGFzazElMjcmJHNlbGVjdD1pZCUyQ3N0YXRl",
      "RequestMethod": "GET",
      "RequestBody": "",
      "RequestHeaders": {
        "client-request-id": [
          "8e3d3cdf-4b71-4332-8446-3b1941c0b302"
        ],
        "accept-language": [
          "en-US"
        ],
        "ocp-date": [
          "Tue, 22 Nov 2016 23:02:37 GMT"
        ],
        "User-Agent": [
          "Microsoft.Azure.Batch.Protocol.BatchServiceClient/5.1.2.0",
          "AzurePowershell/v3.1.0"
        ]
      },
      "ResponseBody": "{\r\n  \"odata.metadata\": \"https://jstesteastus2.eastus2.batch.azure.com/$metadata#tasks\",\r\n  \"value\": [\r\n    {\r\n      \"id\": \"task1\",\r\n      \"state\": \"active\"\r\n    }\r\n  ]\r\n}",
      "ResponseHeaders": {
        "Content-Type": [
          "application/json; odata=minimalmetadata"
        ],
        "Transfer-Encoding": [
          "chunked"
        ],
        "request-id": [
          "c3b8aab3-3a81-4ce3-8634-dd92c27c508b"
        ],
        "Strict-Transport-Security": [
          "max-age=31536000; includeSubDomains"
        ],
        "X-Content-Type-Options": [
          "nosniff"
        ],
        "DataServiceVersion": [
          "3.0"
        ],
        "Date": [
          "Tue, 22 Nov 2016 23:02:37 GMT"
        ],
        "Server": [
          "Microsoft-HTTPAPI/2.0"
        ]
      },
      "StatusCode": 200
    },
    {
      "RequestUri": "/jobs/deleteNodeFile/tasks?api-version=2016-07-01.3.1&$filter=id%20eq%20'task1'&$select=id%2Cstate",
      "EncodedRequestUri": "L2pvYnMvZGVsZXRlTm9kZUZpbGUvdGFza3M/YXBpLXZlcnNpb249MjAxNi0wNy0wMS4zLjEmJGZpbHRlcj1pZCUyMGVxJTIwJTI3dGFzazElMjcmJHNlbGVjdD1pZCUyQ3N0YXRl",
      "RequestMethod": "GET",
      "RequestBody": "",
      "RequestHeaders": {
        "client-request-id": [
          "b26150f3-4987-4500-ac54-77a24f90bcab"
        ],
        "accept-language": [
          "en-US"
        ],
        "ocp-date": [
          "Tue, 22 Nov 2016 23:02:39 GMT"
        ],
        "User-Agent": [
          "Microsoft.Azure.Batch.Protocol.BatchServiceClient/5.1.2.0",
          "AzurePowershell/v3.1.0"
        ]
      },
      "ResponseBody": "{\r\n  \"odata.metadata\": \"https://jstesteastus2.eastus2.batch.azure.com/$metadata#tasks\",\r\n  \"value\": [\r\n    {\r\n      \"id\": \"task1\",\r\n      \"state\": \"completed\"\r\n    }\r\n  ]\r\n}",
      "ResponseHeaders": {
        "Content-Type": [
          "application/json; odata=minimalmetadata"
        ],
        "Transfer-Encoding": [
          "chunked"
        ],
        "request-id": [
          "b1be0bc2-6587-4f90-bd3b-29c38a042e7a"
        ],
        "Strict-Transport-Security": [
          "max-age=31536000; includeSubDomains"
        ],
        "X-Content-Type-Options": [
          "nosniff"
        ],
        "DataServiceVersion": [
          "3.0"
        ],
        "Date": [
          "Tue, 22 Nov 2016 23:02:40 GMT"
        ],
        "Server": [
          "Microsoft-HTTPAPI/2.0"
        ]
      },
      "StatusCode": 200
    },
    {
      "RequestUri": "/pools/testPool/nodes/tvm-1695681911_1-20161122t193202z/files/workitems%5CdeleteNodeFile%5Cjob-1%5Ctask1%5Cwd%5CtestFile.txt?api-version=2016-07-01.3.1",
      "EncodedRequestUri": "L3Bvb2xzL3Rlc3RQb29sL25vZGVzL3R2bS0xNjk1NjgxOTExXzEtMjAxNjExMjJ0MTkzMjAyei9maWxlcy93b3JraXRlbXMlNUNkZWxldGVOb2RlRmlsZSU1Q2pvYi0xJTVDdGFzazElNUN3ZCU1Q3Rlc3RGaWxlLnR4dD9hcGktdmVyc2lvbj0yMDE2LTA3LTAxLjMuMQ==",
      "RequestMethod": "HEAD",
      "RequestBody": "",
      "RequestHeaders": {
        "client-request-id": [
          "26044e13-542e-48b7-a7a6-4250774dc9c3"
        ],
        "accept-language": [
          "en-US"
        ],
        "ocp-date": [
          "Tue, 22 Nov 2016 23:02:39 GMT"
        ],
        "User-Agent": [
          "Microsoft.Azure.Batch.Protocol.BatchServiceClient/5.1.2.0",
          "AzurePowershell/v3.1.0"
        ]
      },
      "ResponseBody": "",
      "ResponseHeaders": {
        "Content-Length": [
          "9"
        ],
        "Content-Type": [
          "application/octet-stream"
        ],
        "Last-Modified": [
          "Tue, 22 Nov 2016 23:02:38 GMT"
        ],
        "request-id": [
          "9f32491b-b818-4004-bf25-c26a452d74fd"
        ],
        "Strict-Transport-Security": [
          "max-age=31536000; includeSubDomains"
        ],
        "X-Content-Type-Options": [
          "nosniff"
        ],
        "DataServiceVersion": [
          "3.0"
        ],
        "ocp-creation-time": [
          "Tue, 22 Nov 2016 23:02:38 GMT"
        ],
        "ocp-batch-file-isdirectory": [
          "False"
        ],
        "ocp-batch-file-url": [
          "https%3A%2F%2Fjstesteastus2.eastus2.batch.azure.com%2Fpools%2FtestPool%2Fnodes%2Ftvm-1695681911_1-20161122t193202z%2Ffiles%2Fworkitems%2FdeleteNodeFile%2Fjob-1%2Ftask1%2Fwd%2FtestFile.txt"
        ],
        "Date": [
          "Tue, 22 Nov 2016 23:02:41 GMT"
        ],
        "Server": [
          "Microsoft-HTTPAPI/2.0"
        ]
      },
      "StatusCode": 200
    },
    {
      "RequestUri": "/pools/testPool/nodes/tvm-1695681911_1-20161122t193202z/files/workitems%5CdeleteNodeFile%5Cjob-1%5Ctask1%5Cwd%5CtestFile.txt?recursive=false&api-version=2016-07-01.3.1",
      "EncodedRequestUri": "L3Bvb2xzL3Rlc3RQb29sL25vZGVzL3R2bS0xNjk1NjgxOTExXzEtMjAxNjExMjJ0MTkzMjAyei9maWxlcy93b3JraXRlbXMlNUNkZWxldGVOb2RlRmlsZSU1Q2pvYi0xJTVDdGFzazElNUN3ZCU1Q3Rlc3RGaWxlLnR4dD9yZWN1cnNpdmU9ZmFsc2UmYXBpLXZlcnNpb249MjAxNi0wNy0wMS4zLjE=",
      "RequestMethod": "DELETE",
      "RequestBody": "",
      "RequestHeaders": {
        "client-request-id": [
          "290dbd0d-9d18-4581-bac2-64b9a9d27b30"
        ],
        "accept-language": [
          "en-US"
        ],
        "ocp-date": [
          "Tue, 22 Nov 2016 23:02:40 GMT"
        ],
        "User-Agent": [
          "Microsoft.Azure.Batch.Protocol.BatchServiceClient/5.1.2.0",
          "AzurePowershell/v3.1.0"
        ]
      },
      "ResponseBody": "",
      "ResponseHeaders": {
        "Transfer-Encoding": [
          "chunked"
        ],
        "request-id": [
          "c1d65237-ab49-42a3-9bf8-5c2f2727d44e"
        ],
        "Strict-Transport-Security": [
          "max-age=31536000; includeSubDomains"
        ],
        "X-Content-Type-Options": [
          "nosniff"
        ],
        "DataServiceVersion": [
          "3.0"
        ],
        "Date": [
          "Tue, 22 Nov 2016 23:02:41 GMT"
        ],
        "Server": [
          "Microsoft-HTTPAPI/2.0"
        ]
      },
      "StatusCode": 200
    },
    {
      "RequestUri": "/pools/testPool/nodes/tvm-1695681911_1-20161122t193202z/files?recursive=false&api-version=2016-07-01.3.1&$filter=startswith(name%2C'workitems%5CdeleteNodeFile%5Cjob-1%5Ctask1%5Cwd%5CtestFile.txt')",
      "EncodedRequestUri": "L3Bvb2xzL3Rlc3RQb29sL25vZGVzL3R2bS0xNjk1NjgxOTExXzEtMjAxNjExMjJ0MTkzMjAyei9maWxlcz9yZWN1cnNpdmU9ZmFsc2UmYXBpLXZlcnNpb249MjAxNi0wNy0wMS4zLjEmJGZpbHRlcj1zdGFydHN3aXRoJTI4bmFtZSUyQyUyN3dvcmtpdGVtcyU1Q2RlbGV0ZU5vZGVGaWxlJTVDam9iLTElNUN0YXNrMSU1Q3dkJTVDdGVzdEZpbGUudHh0JTI3JTI5",
      "RequestMethod": "GET",
      "RequestBody": "",
      "RequestHeaders": {
        "client-request-id": [
          "270a4ac4-67a2-4843-b0e3-75f2bf0ee911"
        ],
        "accept-language": [
          "en-US"
        ],
        "ocp-date": [
          "Tue, 22 Nov 2016 23:02:40 GMT"
        ],
        "User-Agent": [
          "Microsoft.Azure.Batch.Protocol.BatchServiceClient/5.1.2.0",
          "AzurePowershell/v3.1.0"
        ]
      },
      "ResponseBody": "{\r\n  \"odata.metadata\": \"https://jstesteastus2.eastus2.batch.azure.com/$metadata#files\",\r\n  \"value\": []\r\n}",
      "ResponseHeaders": {
        "Content-Type": [
          "application/json; odata=minimalmetadata"
        ],
        "Transfer-Encoding": [
          "chunked"
        ],
        "request-id": [
          "a936ff51-8bd9-4bfa-a6f4-fcf04ed24248"
        ],
        "Strict-Transport-Security": [
          "max-age=31536000; includeSubDomains"
        ],
        "X-Content-Type-Options": [
          "nosniff"
        ],
        "DataServiceVersion": [
          "3.0"
        ],
        "Date": [
          "Tue, 22 Nov 2016 23:02:41 GMT"
        ],
        "Server": [
          "Microsoft-HTTPAPI/2.0"
        ]
      },
      "StatusCode": 200
    },
    {
      "RequestUri": "/jobs/deleteNodeFile?api-version=2016-07-01.3.1",
      "EncodedRequestUri": "L2pvYnMvZGVsZXRlTm9kZUZpbGU/YXBpLXZlcnNpb249MjAxNi0wNy0wMS4zLjE=",
      "RequestMethod": "DELETE",
      "RequestBody": "",
      "RequestHeaders": {
        "client-request-id": [
          "aa343dd6-edc1-47b7-8905-346e97b8f03b"
        ],
        "accept-language": [
          "en-US"
        ],
        "ocp-date": [
          "Tue, 22 Nov 2016 23:02:41 GMT"
        ],
        "User-Agent": [
          "Microsoft.Azure.Batch.Protocol.BatchServiceClient/5.1.2.0",
          "AzurePowershell/v3.1.0"
        ]
      },
      "ResponseBody": "",
      "ResponseHeaders": {
        "Transfer-Encoding": [
          "chunked"
        ],
        "request-id": [
          "729729f1-a087-48bb-a048-df91d1bd7fde"
        ],
        "Strict-Transport-Security": [
          "max-age=31536000; includeSubDomains"
        ],
        "X-Content-Type-Options": [
          "nosniff"
        ],
        "DataServiceVersion": [
          "3.0"
        ],
        "Date": [
          "Tue, 22 Nov 2016 23:02:41 GMT"
        ],
        "Server": [
          "Microsoft-HTTPAPI/2.0"
        ]
      },
      "StatusCode": 202
    }
  ],
  "Names": {},
  "Variables": {
    "SubscriptionId": "46241355-bb95-46a9-ba6c-42b554d71925",
    "AZURE_BATCH_ACCOUNT": "jstesteastus2",
    "AZURE_BATCH_ENDPOINT": "https://jstesteastus2.eastus2.batch.azure.com",
    "AZURE_BATCH_RESOURCE_GROUP": "default-eastus"
  }
}