{
  "Entries": [
    {
      "RequestUri": "/jobs?api-version=2016-07-01.3.1",
      "EncodedRequestUri": "L2pvYnM/YXBpLXZlcnNpb249MjAxNi0wNy0wMS4zLjE=",
      "RequestMethod": "POST",
      "RequestBody": "{\r\n  \"id\": \"deleteNodeByFileTaskByName\",\r\n  \"priority\": 0,\r\n  \"poolInfo\": {\r\n    \"poolId\": \"testPool\"\r\n  }\r\n}",
      "RequestHeaders": {
        "Content-Type": [
          "application/json; odata=minimalmetadata; charset=utf-8"
        ],
        "Content-Length": [
          "109"
        ],
        "client-request-id": [
          "14d4bfb3-95c7-47f3-ac74-bacd6f2b373b"
        ],
        "accept-language": [
          "en-US"
        ],
        "ocp-date": [
          "Mon, 01 Aug 2016 20:18:07 GMT"
        ],
        "User-Agent": [
          "Microsoft.Azure.Batch.Protocol.BatchServiceClient/5.0.0.0",
          "AzurePowershell/v1.6.0"
        ]
      },
      "ResponseBody": "",
      "ResponseHeaders": {
        "Last-Modified": [
          "Mon, 01 Aug 2016 20:18:06 GMT"
        ],
        "Transfer-Encoding": [
          "chunked"
        ],
        "request-id": [
          "eed6704c-0a24-4936-a209-813f175a08e8"
        ],
        "Strict-Transport-Security": [
          "max-age=31536000; includeSubDomains"
        ],
        "DataServiceVersion": [
          "3.0"
        ],
        "DataServiceId": [
          "https://pstestaccount.centralus.batch.azure.com/jobs/job-1"
        ],
        "Date": [
          "Mon, 01 Aug 2016 20:18:07 GMT"
        ],
        "ETag": [
          "0x8D3BA48F2EB25AC"
        ],
        "Location": [
          "https://pstestaccount.centralus.batch.azure.com/jobs/job-1"
        ],
        "Server": [
          "Microsoft-HTTPAPI/2.0"
        ]
      },
      "StatusCode": 201
    },
    {
      "RequestUri": "/jobs/deleteNodeByFileTaskByName/tasks?api-version=2016-07-01.3.1",
      "EncodedRequestUri": "L2pvYnMvZGVsZXRlTm9kZUJ5RmlsZVRhc2tCeU5hbWUvdGFza3M/YXBpLXZlcnNpb249MjAxNi0wNy0wMS4zLjE=",
      "RequestMethod": "POST",
      "RequestBody": "{\r\n  \"id\": \"task1\",\r\n  \"commandLine\": \"cmd /c echo \\\"test\\\" > testFile.txt\",\r\n  \"runElevated\": true\r\n}",
      "RequestHeaders": {
        "Content-Type": [
          "application/json; odata=minimalmetadata; charset=utf-8"
        ],
        "Content-Length": [
          "102"
        ],
        "client-request-id": [
          "e87eb3f5-363e-41d0-8778-257ee3391af8"
        ],
        "accept-language": [
          "en-US"
        ],
        "ocp-date": [
          "Mon, 01 Aug 2016 20:18:08 GMT"
        ],
        "User-Agent": [
          "Microsoft.Azure.Batch.Protocol.BatchServiceClient/5.0.0.0",
          "AzurePowershell/v1.6.0"
        ]
      },
      "ResponseBody": "",
      "ResponseHeaders": {
        "Last-Modified": [
          "Mon, 01 Aug 2016 20:18:07 GMT"
        ],
        "Transfer-Encoding": [
          "chunked"
        ],
        "request-id": [
          "4303d20a-4c63-4614-a7f4-3cb220eed847"
        ],
        "Strict-Transport-Security": [
          "max-age=31536000; includeSubDomains"
        ],
        "DataServiceVersion": [
          "3.0"
        ],
        "DataServiceId": [
          "https://pstestaccount.centralus.batch.azure.com/jobs/deleteNodeByFileTaskByName/tasks/task1"
        ],
        "Date": [
          "Mon, 01 Aug 2016 20:18:07 GMT"
        ],
        "ETag": [
          "0x8D3BA48F3B50D87"
        ],
        "Location": [
          "https://pstestaccount.centralus.batch.azure.com/jobs/deleteNodeByFileTaskByName/tasks/task1"
        ],
        "Server": [
          "Microsoft-HTTPAPI/2.0"
        ]
      },
      "StatusCode": 201
    },
    {
      "RequestUri": "/jobs/deleteNodeByFileTaskByName/tasks/task1?api-version=2016-07-01.3.1",
      "EncodedRequestUri": "L2pvYnMvZGVsZXRlTm9kZUJ5RmlsZVRhc2tCeU5hbWUvdGFza3MvdGFzazE/YXBpLXZlcnNpb249MjAxNi0wNy0wMS4zLjE=",
      "RequestMethod": "GET",
      "RequestBody": "",
      "RequestHeaders": {
        "client-request-id": [
          "46f5977f-9a08-4fa6-8f10-8d91f868098b"
        ],
        "accept-language": [
          "en-US"
        ],
        "ocp-date": [
          "Mon, 01 Aug 2016 20:18:08 GMT"
        ],
        "User-Agent": [
          "Microsoft.Azure.Batch.Protocol.BatchServiceClient/5.0.0.0",
          "AzurePowershell/v1.6.0"
        ]
      },
      "ResponseBody": "{\r\n  \"odata.metadata\": \"https://pstestaccount.centralus.batch.azure.com/$metadata#tasks/@Element\",\r\n  \"id\": \"task1\",\r\n  \"url\": \"https://pstestaccount.centralus.batch.azure.com/jobs/deleteNodeByFileTaskByName/tasks/task1\",\r\n  \"eTag\": \"0x8D3BA48F3B50D87\",\r\n  \"creationTime\": \"2016-08-01T20:18:07.8512519Z\",\r\n  \"lastModified\": \"2016-08-01T20:18:07.8512519Z\",\r\n  \"state\": \"active\",\r\n  \"stateTransitionTime\": \"2016-08-01T20:18:07.8512519Z\",\r\n  \"commandLine\": \"cmd /c echo \\\"test\\\" > testFile.txt\",\r\n  \"runElevated\": true,\r\n  \"constraints\": {\r\n    \"maxWallClockTime\": \"P10675199DT2H48M5.4775807S\",\r\n    \"retentionTime\": \"P10675199DT2H48M5.4775807S\",\r\n    \"maxTaskRetryCount\": 0\r\n  },\r\n  \"executionInfo\": {\r\n    \"retryCount\": 0,\r\n    \"requeueCount\": 0\r\n  }\r\n}",
      "ResponseHeaders": {
        "Content-Type": [
          "application/json; odata=minimalmetadata"
        ],
        "Last-Modified": [
          "Mon, 01 Aug 2016 20:18:07 GMT"
        ],
        "Transfer-Encoding": [
          "chunked"
        ],
        "request-id": [
          "ac41f2b3-be22-41e0-8238-1bf09ce5e362"
        ],
        "Strict-Transport-Security": [
          "max-age=31536000; includeSubDomains"
        ],
        "DataServiceVersion": [
          "3.0"
        ],
        "Date": [
          "Mon, 01 Aug 2016 20:18:07 GMT"
        ],
        "ETag": [
          "0x8D3BA48F3B50D87"
        ],
        "Server": [
          "Microsoft-HTTPAPI/2.0"
        ]
      },
      "StatusCode": 200
    },
    {
      "RequestUri": "/jobs/deleteNodeByFileTaskByName/tasks?api-version=2016-07-01.3.1&$filter=id%20eq%20'task1'&$select=id%2Cstate",
      "EncodedRequestUri": "L2pvYnMvZGVsZXRlTm9kZUJ5RmlsZVRhc2tCeU5hbWUvdGFza3M/YXBpLXZlcnNpb249MjAxNi0wNy0wMS4zLjEmJGZpbHRlcj1pZCUyMGVxJTIwJTI3dGFzazElMjcmJHNlbGVjdD1pZCUyQ3N0YXRl",
      "RequestMethod": "GET",
      "RequestBody": "",
      "RequestHeaders": {
        "client-request-id": [
          "1530a3de-a9b7-4ac6-9754-216c50c49261"
        ],
        "accept-language": [
          "en-US"
        ],
        "ocp-date": [
          "Mon, 01 Aug 2016 20:18:08 GMT"
        ],
        "User-Agent": [
          "Microsoft.Azure.Batch.Protocol.BatchServiceClient/5.0.0.0",
          "AzurePowershell/v1.6.0"
        ]
      },
      "ResponseBody": "{\r\n  \"odata.metadata\": \"https://pstestaccount.centralus.batch.azure.com/$metadata#tasks\",\r\n  \"value\": [\r\n    {\r\n      \"id\": \"task1\",\r\n      \"state\": \"active\"\r\n    }\r\n  ]\r\n}",
      "ResponseHeaders": {
        "Content-Type": [
          "application/json; odata=minimalmetadata"
        ],
        "Transfer-Encoding": [
          "chunked"
        ],
        "request-id": [
          "279788b9-632b-48eb-abb0-3beb392f27f5"
        ],
        "Strict-Transport-Security": [
          "max-age=31536000; includeSubDomains"
        ],
        "DataServiceVersion": [
          "3.0"
        ],
        "Date": [
          "Mon, 01 Aug 2016 20:18:07 GMT"
        ],
        "Server": [
          "Microsoft-HTTPAPI/2.0"
        ]
      },
      "StatusCode": 200
    },
    {
      "RequestUri": "/jobs/deleteNodeByFileTaskByName/tasks?api-version=2016-07-01.3.1&$filter=id%20eq%20'task1'&$select=id%2Cstate",
      "EncodedRequestUri": "L2pvYnMvZGVsZXRlTm9kZUJ5RmlsZVRhc2tCeU5hbWUvdGFza3M/YXBpLXZlcnNpb249MjAxNi0wNy0wMS4zLjEmJGZpbHRlcj1pZCUyMGVxJTIwJTI3dGFzazElMjcmJHNlbGVjdD1pZCUyQ3N0YXRl",
      "RequestMethod": "GET",
      "RequestBody": "",
      "RequestHeaders": {
        "client-request-id": [
          "f9faeef1-2256-4710-b12f-d1aa4dec2a62"
        ],
        "accept-language": [
          "en-US"
        ],
        "ocp-date": [
          "Mon, 01 Aug 2016 20:18:10 GMT"
        ],
        "User-Agent": [
          "Microsoft.Azure.Batch.Protocol.BatchServiceClient/5.0.0.0",
          "AzurePowershell/v1.6.0"
        ]
      },
      "ResponseBody": "{\r\n  \"odata.metadata\": \"https://pstestaccount.centralus.batch.azure.com/$metadata#tasks\",\r\n  \"value\": [\r\n    {\r\n      \"id\": \"task1\",\r\n      \"state\": \"completed\"\r\n    }\r\n  ]\r\n}",
      "ResponseHeaders": {
        "Content-Type": [
          "application/json; odata=minimalmetadata"
        ],
        "Transfer-Encoding": [
          "chunked"
        ],
        "request-id": [
          "53a244fd-6666-4bd1-9bc4-645efe755f4f"
        ],
        "Strict-Transport-Security": [
          "max-age=31536000; includeSubDomains"
        ],
        "DataServiceVersion": [
          "3.0"
        ],
        "Date": [
          "Mon, 01 Aug 2016 20:18:09 GMT"
        ],
        "Server": [
          "Microsoft-HTTPAPI/2.0"
        ]
      },
      "StatusCode": 200
    },
    {
      "RequestUri": "/jobs/deleteNodeByFileTaskByName/tasks/task1/files/wd%5CtestFile.txt?recursive=false&api-version=2016-07-01.3.1",
      "EncodedRequestUri": "L2pvYnMvZGVsZXRlTm9kZUJ5RmlsZVRhc2tCeU5hbWUvdGFza3MvdGFzazEvZmlsZXMvd2QlNUN0ZXN0RmlsZS50eHQ/cmVjdXJzaXZlPWZhbHNlJmFwaS12ZXJzaW9uPTIwMTYtMDctMDEuMy4x",
      "RequestMethod": "DELETE",
      "RequestBody": "",
      "RequestHeaders": {
        "client-request-id": [
          "8993827f-ab9e-44b4-ac98-9bbf1ca7dbed"
        ],
        "accept-language": [
          "en-US"
        ],
        "ocp-date": [
          "Mon, 01 Aug 2016 20:18:10 GMT"
        ],
        "User-Agent": [
          "Microsoft.Azure.Batch.Protocol.BatchServiceClient/5.0.0.0",
          "AzurePowershell/v1.6.0"
        ]
      },
      "ResponseBody": "",
      "ResponseHeaders": {
        "Transfer-Encoding": [
          "chunked"
        ],
        "request-id": [
          "c7dc37db-4b9e-4f08-9eae-5dde64250b92"
        ],
        "Strict-Transport-Security": [
          "max-age=31536000; includeSubDomains"
        ],
        "DataServiceVersion": [
          "3.0"
        ],
        "Date": [
          "Mon, 01 Aug 2016 20:18:11 GMT"
        ],
        "Server": [
          "Microsoft-HTTPAPI/2.0"
        ]
      },
      "StatusCode": 200
    },
    {
      "RequestUri": "/jobs/deleteNodeByFileTaskByName/tasks/task1/files?recursive=false&api-version=2016-07-01.3.1&$filter=startswith(name%2C'wd%5CtestFile.txt')",
      "EncodedRequestUri": "L2pvYnMvZGVsZXRlTm9kZUJ5RmlsZVRhc2tCeU5hbWUvdGFza3MvdGFzazEvZmlsZXM/cmVjdXJzaXZlPWZhbHNlJmFwaS12ZXJzaW9uPTIwMTYtMDctMDEuMy4xJiRmaWx0ZXI9c3RhcnRzd2l0aCUyOG5hbWUlMkMlMjd3ZCU1Q3Rlc3RGaWxlLnR4dCUyNyUyOQ==",
      "RequestMethod": "GET",
      "RequestBody": "",
      "RequestHeaders": {
        "client-request-id": [
          "48f4d730-ee7c-426c-8892-981b63423f0e"
        ],
        "accept-language": [
          "en-US"
        ],
        "ocp-date": [
          "Mon, 01 Aug 2016 20:18:11 GMT"
        ],
        "User-Agent": [
          "Microsoft.Azure.Batch.Protocol.BatchServiceClient/5.0.0.0",
          "AzurePowershell/v1.6.0"
        ]
      },
      "ResponseBody": "{\r\n  \"odata.metadata\": \"https://pstestaccount.centralus.batch.azure.com/$metadata#files\",\r\n  \"value\": []\r\n}",
      "ResponseHeaders": {
        "Content-Type": [
          "application/json; odata=minimalmetadata"
        ],
        "Transfer-Encoding": [
          "chunked"
        ],
        "request-id": [
          "2bb93cbc-410e-45ae-8f87-98160e50fef3"
        ],
        "Strict-Transport-Security": [
          "max-age=31536000; includeSubDomains"
        ],
        "DataServiceVersion": [
          "3.0"
        ],
        "Date": [
          "Mon, 01 Aug 2016 20:18:11 GMT"
        ],
        "Server": [
          "Microsoft-HTTPAPI/2.0"
        ]
      },
      "StatusCode": 200
    },
    {
      "RequestUri": "/jobs/deleteNodeByFileTaskByName?api-version=2016-07-01.3.1",
      "EncodedRequestUri": "L2pvYnMvZGVsZXRlTm9kZUJ5RmlsZVRhc2tCeU5hbWU/YXBpLXZlcnNpb249MjAxNi0wNy0wMS4zLjE=",
      "RequestMethod": "DELETE",
      "RequestBody": "",
      "RequestHeaders": {
        "client-request-id": [
          "1845d457-a532-407f-9e51-8d984ad2561a"
        ],
        "accept-language": [
          "en-US"
        ],
        "ocp-date": [
          "Mon, 01 Aug 2016 20:18:11 GMT"
        ],
        "User-Agent": [
          "Microsoft.Azure.Batch.Protocol.BatchServiceClient/5.0.0.0",
          "AzurePowershell/v1.6.0"
        ]
      },
      "ResponseBody": "",
      "ResponseHeaders": {
        "Transfer-Encoding": [
          "chunked"
        ],
        "request-id": [
          "be3b2b01-e140-4cc3-b4a0-611fd3ecf449"
        ],
        "Strict-Transport-Security": [
          "max-age=31536000; includeSubDomains"
        ],
        "DataServiceVersion": [
          "3.0"
        ],
        "Date": [
          "Mon, 01 Aug 2016 20:18:10 GMT"
        ],
        "Server": [
          "Microsoft-HTTPAPI/2.0"
        ]
      },
      "StatusCode": 202
    }
  ],
  "Names": {},
  "Variables": {
    "SubscriptionId": "46241355-bb95-46a9-ba6c-42b554d71925",
    "AZURE_BATCH_ACCOUNT": "pstestaccount",
    "AZURE_BATCH_ENDPOINT": "https://pstestaccount.centralus.batch.azure.com",
    "AZURE_BATCH_RESOURCE_GROUP": "AccountMgmtSampleGroup"
  }
}