{
  "Entries": [
    {
      "RequestUri": "/subscriptions/46241355-bb95-46a9-ba6c-42b554d71925/resources?$filter=resourceType%20eq%20'Microsoft.Batch%2FbatchAccounts'&api-version=2014-04-01-preview",
      "EncodedRequestUri": "L3N1YnNjcmlwdGlvbnMvNDYyNDEzNTUtYmI5NS00NmE5LWJhNmMtNDJiNTU0ZDcxOTI1L3Jlc291cmNlcz8kZmlsdGVyPXJlc291cmNlVHlwZSUyMGVxJTIwJ01pY3Jvc29mdC5CYXRjaCUyRmJhdGNoQWNjb3VudHMnJmFwaS12ZXJzaW9uPTIwMTQtMDQtMDEtcHJldmlldw==",
      "RequestMethod": "GET",
      "RequestBody": "",
      "RequestHeaders": {
        "User-Agent": [
          "Microsoft.Azure.Management.Resources.ResourceManagementClient/2.0.0.0"
        ]
      },
      "ResponseBody": "{\r\n  \"value\": [\r\n    {\r\n      \"id\": \"/subscriptions/46241355-bb95-46a9-ba6c-42b554d71925/resourceGroups/default-eastus/providers/Microsoft.Batch/batchAccounts/pstestaccount\",\r\n      \"name\": \"pstestaccount\",\r\n      \"type\": \"Microsoft.Batch/batchAccounts\",\r\n      \"location\": \"eastus\"\r\n    },\r\n    {\r\n      \"id\": \"/subscriptions/46241355-bb95-46a9-ba6c-42b554d71925/resourceGroups/default-westus/providers/Microsoft.Batch/batchAccounts/jsmatlab\",\r\n      \"name\": \"jsmatlab\",\r\n      \"type\": \"Microsoft.Batch/batchAccounts\",\r\n      \"location\": \"westus\"\r\n    }\r\n  ]\r\n}",
      "ResponseHeaders": {
        "Content-Length": [
          "455"
        ],
        "Content-Type": [
          "application/json; charset=utf-8"
        ],
        "Expires": [
          "-1"
        ],
        "Pragma": [
          "no-cache"
        ],
        "x-ms-ratelimit-remaining-subscription-reads": [
          "14982"
        ],
        "x-ms-request-id": [
          "f84292e7-f2cd-46ce-b5c8-96613a16ea67"
        ],
        "x-ms-correlation-request-id": [
          "f84292e7-f2cd-46ce-b5c8-96613a16ea67"
        ],
        "x-ms-routing-request-id": [
          "WESTUS:20151111T004912Z:f84292e7-f2cd-46ce-b5c8-96613a16ea67"
        ],
        "Strict-Transport-Security": [
          "max-age=31536000; includeSubDomains"
        ],
        "Cache-Control": [
          "no-cache"
        ],
        "Date": [
          "Wed, 11 Nov 2015 00:49:12 GMT"
        ]
      },
      "StatusCode": 200
    },
    {
      "RequestUri": "/subscriptions/46241355-bb95-46a9-ba6c-42b554d71925/resources?$filter=resourceType%20eq%20'Microsoft.Batch%2FbatchAccounts'&api-version=2014-04-01-preview",
      "EncodedRequestUri": "L3N1YnNjcmlwdGlvbnMvNDYyNDEzNTUtYmI5NS00NmE5LWJhNmMtNDJiNTU0ZDcxOTI1L3Jlc291cmNlcz8kZmlsdGVyPXJlc291cmNlVHlwZSUyMGVxJTIwJ01pY3Jvc29mdC5CYXRjaCUyRmJhdGNoQWNjb3VudHMnJmFwaS12ZXJzaW9uPTIwMTQtMDQtMDEtcHJldmlldw==",
      "RequestMethod": "GET",
      "RequestBody": "",
      "RequestHeaders": {
        "User-Agent": [
          "Microsoft.Azure.Management.Resources.ResourceManagementClient/2.0.0.0"
        ]
      },
      "ResponseBody": "{\r\n  \"value\": [\r\n    {\r\n      \"id\": \"/subscriptions/46241355-bb95-46a9-ba6c-42b554d71925/resourceGroups/default-eastus/providers/Microsoft.Batch/batchAccounts/pstestaccount\",\r\n      \"name\": \"pstestaccount\",\r\n      \"type\": \"Microsoft.Batch/batchAccounts\",\r\n      \"location\": \"eastus\"\r\n    },\r\n    {\r\n      \"id\": \"/subscriptions/46241355-bb95-46a9-ba6c-42b554d71925/resourceGroups/default-westus/providers/Microsoft.Batch/batchAccounts/jsmatlab\",\r\n      \"name\": \"jsmatlab\",\r\n      \"type\": \"Microsoft.Batch/batchAccounts\",\r\n      \"location\": \"westus\"\r\n    }\r\n  ]\r\n}",
      "ResponseHeaders": {
        "Content-Length": [
          "455"
        ],
        "Content-Type": [
          "application/json; charset=utf-8"
        ],
        "Expires": [
          "-1"
        ],
        "Pragma": [
          "no-cache"
        ],
        "x-ms-ratelimit-remaining-subscription-reads": [
          "14981"
        ],
        "x-ms-request-id": [
          "6af5e015-d318-42ad-9edc-bd221cedf385"
        ],
        "x-ms-correlation-request-id": [
          "6af5e015-d318-42ad-9edc-bd221cedf385"
        ],
        "x-ms-routing-request-id": [
          "WESTUS:20151111T004931Z:6af5e015-d318-42ad-9edc-bd221cedf385"
        ],
        "Strict-Transport-Security": [
          "max-age=31536000; includeSubDomains"
        ],
        "Cache-Control": [
          "no-cache"
        ],
        "Date": [
          "Wed, 11 Nov 2015 00:49:31 GMT"
        ]
      },
      "StatusCode": 200
    },
    {
      "RequestUri": "/subscriptions/46241355-bb95-46a9-ba6c-42b554d71925/resourceGroups/default-eastus/providers/Microsoft.Batch/batchAccounts/pstestaccount?api-version=2015-09-01",
      "EncodedRequestUri": "L3N1YnNjcmlwdGlvbnMvNDYyNDEzNTUtYmI5NS00NmE5LWJhNmMtNDJiNTU0ZDcxOTI1L3Jlc291cmNlR3JvdXBzL2RlZmF1bHQtZWFzdHVzL3Byb3ZpZGVycy9NaWNyb3NvZnQuQmF0Y2gvYmF0Y2hBY2NvdW50cy9wc3Rlc3RhY2NvdW50P2FwaS12ZXJzaW9uPTIwMTUtMDktMDE=",
      "RequestMethod": "GET",
      "RequestBody": "",
      "RequestHeaders": {
        "x-ms-version": [
          "2015-09-01"
        ],
        "User-Agent": [
          "Microsoft.Azure.Management.Batch.BatchManagementClient/1.0.0.0"
        ]
      },
      "ResponseBody": "{\r\n  \"name\": \"pstestaccount\",\r\n  \"location\": \"eastus\",\r\n  \"properties\": {\r\n    \"accountEndpoint\": \"pstestaccount.eastus.batch.azure.com\",\r\n    \"provisioningState\": \"Succeeded\",\r\n    \"coreQuota\": 20,\r\n    \"poolQuota\": 20,\r\n    \"activeJobAndJobScheduleQuota\": 20\r\n  },\r\n  \"id\": \"/subscriptions/46241355-bb95-46a9-ba6c-42b554d71925/resourceGroups/default-eastus/providers/Microsoft.Batch/batchAccounts/pstestaccount\",\r\n  \"type\": \"Microsoft.Batch/batchAccounts\"\r\n}",
      "ResponseHeaders": {
        "Content-Length": [
          "394"
        ],
        "Content-Type": [
          "application/json; charset=utf-8"
        ],
        "Expires": [
          "-1"
        ],
        "Last-Modified": [
          "Wed, 11 Nov 2015 00:49:29 GMT"
        ],
        "Pragma": [
          "no-cache"
        ],
        "request-id": [
          "b639c237-236c-46f3-8b33-f6b88d5e6ce6"
        ],
        "Strict-Transport-Security": [
          "max-age=31536000; includeSubDomains"
        ],
        "x-ms-ratelimit-remaining-subscription-reads": [
          "14981"
        ],
        "x-ms-request-id": [
          "f2c47d23-1457-4447-bcae-ae54667c9ff1"
        ],
        "x-ms-correlation-request-id": [
          "f2c47d23-1457-4447-bcae-ae54667c9ff1"
        ],
        "x-ms-routing-request-id": [
          "WESTUS:20151111T004928Z:f2c47d23-1457-4447-bcae-ae54667c9ff1"
        ],
        "Cache-Control": [
          "no-cache"
        ],
        "Date": [
          "Wed, 11 Nov 2015 00:49:28 GMT"
        ],
        "ETag": [
          "0x8D2EA31F4AE9814"
        ],
        "Server": [
          "Microsoft-HTTPAPI/2.0"
        ]
      },
      "StatusCode": 200
    },
    {
      "RequestUri": "/subscriptions/46241355-bb95-46a9-ba6c-42b554d71925/resourceGroups/default-eastus/providers/Microsoft.Batch/batchAccounts/pstestaccount?api-version=2015-09-01",
      "EncodedRequestUri": "L3N1YnNjcmlwdGlvbnMvNDYyNDEzNTUtYmI5NS00NmE5LWJhNmMtNDJiNTU0ZDcxOTI1L3Jlc291cmNlR3JvdXBzL2RlZmF1bHQtZWFzdHVzL3Byb3ZpZGVycy9NaWNyb3NvZnQuQmF0Y2gvYmF0Y2hBY2NvdW50cy9wc3Rlc3RhY2NvdW50P2FwaS12ZXJzaW9uPTIwMTUtMDktMDE=",
      "RequestMethod": "GET",
      "RequestBody": "",
      "RequestHeaders": {
        "x-ms-version": [
          "2015-09-01"
        ],
        "User-Agent": [
          "Microsoft.Azure.Management.Batch.BatchManagementClient/1.0.0.0"
        ]
      },
      "ResponseBody": "{\r\n  \"name\": \"pstestaccount\",\r\n  \"location\": \"eastus\",\r\n  \"properties\": {\r\n    \"accountEndpoint\": \"pstestaccount.eastus.batch.azure.com\",\r\n    \"provisioningState\": \"Succeeded\",\r\n    \"coreQuota\": 20,\r\n    \"poolQuota\": 20,\r\n    \"activeJobAndJobScheduleQuota\": 20\r\n  },\r\n  \"id\": \"/subscriptions/46241355-bb95-46a9-ba6c-42b554d71925/resourceGroups/default-eastus/providers/Microsoft.Batch/batchAccounts/pstestaccount\",\r\n  \"type\": \"Microsoft.Batch/batchAccounts\"\r\n}",
      "ResponseHeaders": {
        "Content-Length": [
          "394"
        ],
        "Content-Type": [
          "application/json; charset=utf-8"
        ],
        "Expires": [
          "-1"
        ],
        "Last-Modified": [
          "Wed, 11 Nov 2015 00:49:32 GMT"
        ],
        "Pragma": [
          "no-cache"
        ],
        "request-id": [
          "aa252549-42cd-4ec9-8e5d-4597aa75f027"
        ],
        "Strict-Transport-Security": [
          "max-age=31536000; includeSubDomains"
        ],
        "x-ms-ratelimit-remaining-subscription-reads": [
          "14980"
        ],
        "x-ms-request-id": [
          "940f694a-6359-4c3f-8c5c-a6d707135296"
        ],
        "x-ms-correlation-request-id": [
          "940f694a-6359-4c3f-8c5c-a6d707135296"
        ],
        "x-ms-routing-request-id": [
          "WESTUS:20151111T004931Z:940f694a-6359-4c3f-8c5c-a6d707135296"
        ],
        "Cache-Control": [
          "no-cache"
        ],
        "Date": [
          "Wed, 11 Nov 2015 00:49:31 GMT"
        ],
        "ETag": [
          "0x8D2EA31F6BE575C"
        ],
        "Server": [
          "Microsoft-HTTPAPI/2.0"
        ]
      },
      "StatusCode": 200
    },
    {
      "RequestUri": "/subscriptions/46241355-bb95-46a9-ba6c-42b554d71925/resourceGroups/default-eastus/providers/Microsoft.Batch/batchAccounts/pstestaccount/listKeys?api-version=2015-09-01",
      "EncodedRequestUri": "L3N1YnNjcmlwdGlvbnMvNDYyNDEzNTUtYmI5NS00NmE5LWJhNmMtNDJiNTU0ZDcxOTI1L3Jlc291cmNlR3JvdXBzL2RlZmF1bHQtZWFzdHVzL3Byb3ZpZGVycy9NaWNyb3NvZnQuQmF0Y2gvYmF0Y2hBY2NvdW50cy9wc3Rlc3RhY2NvdW50L2xpc3RLZXlzP2FwaS12ZXJzaW9uPTIwMTUtMDktMDE=",
      "RequestMethod": "POST",
      "RequestBody": "",
      "RequestHeaders": {
        "x-ms-version": [
          "2015-09-01"
        ],
        "User-Agent": [
          "Microsoft.Azure.Management.Batch.BatchManagementClient/1.0.0.0"
        ]
      },
      "ResponseBody": "{\r\n  \"accountName\": \"pstestaccount\",\r\n  \"primary\": \"BXXODafLGpfb8boG1WOVc0+LgbpsXWhE0OnPiD3Yl/iUZ6SixyG4rxQmFSu08RrC7LUIuE9E7k4jkI/XV+McZw==\",\r\n  \"secondary\": \"u9bk9P98NJdr0vTsgRMINRZrsxDipDbFzgRxhCm17FA1eCJlV+TGMP6udRhbOtl33wwtJ4HSnjelLW04/6vdMQ==\"\r\n}",
      "ResponseHeaders": {
        "Content-Length": [
          "235"
        ],
        "Content-Type": [
          "application/json; charset=utf-8"
        ],
        "Expires": [
          "-1"
        ],
        "Pragma": [
          "no-cache"
        ],
        "request-id": [
          "793c43a7-ac0c-49d7-b624-db4d51abf587"
        ],
        "Strict-Transport-Security": [
          "max-age=31536000; includeSubDomains"
        ],
        "x-ms-ratelimit-remaining-subscription-writes": [
          "1193"
        ],
        "x-ms-request-id": [
          "976d44f1-ce3d-4b12-a12f-c60afb5e5d42"
        ],
        "x-ms-correlation-request-id": [
          "976d44f1-ce3d-4b12-a12f-c60afb5e5d42"
        ],
        "x-ms-routing-request-id": [
          "WESTUS:20151111T004928Z:976d44f1-ce3d-4b12-a12f-c60afb5e5d42"
        ],
        "Cache-Control": [
          "no-cache"
        ],
        "Date": [
          "Wed, 11 Nov 2015 00:49:28 GMT"
        ],
        "Server": [
          "Microsoft-HTTPAPI/2.0"
        ]
      },
      "StatusCode": 200
    },
    {
      "RequestUri": "/subscriptions/46241355-bb95-46a9-ba6c-42b554d71925/resourceGroups/default-eastus/providers/Microsoft.Batch/batchAccounts/pstestaccount/listKeys?api-version=2015-09-01",
      "EncodedRequestUri": "L3N1YnNjcmlwdGlvbnMvNDYyNDEzNTUtYmI5NS00NmE5LWJhNmMtNDJiNTU0ZDcxOTI1L3Jlc291cmNlR3JvdXBzL2RlZmF1bHQtZWFzdHVzL3Byb3ZpZGVycy9NaWNyb3NvZnQuQmF0Y2gvYmF0Y2hBY2NvdW50cy9wc3Rlc3RhY2NvdW50L2xpc3RLZXlzP2FwaS12ZXJzaW9uPTIwMTUtMDktMDE=",
      "RequestMethod": "POST",
      "RequestBody": "",
      "RequestHeaders": {
        "x-ms-version": [
          "2015-09-01"
        ],
        "User-Agent": [
          "Microsoft.Azure.Management.Batch.BatchManagementClient/1.0.0.0"
        ]
      },
      "ResponseBody": "{\r\n  \"accountName\": \"pstestaccount\",\r\n  \"primary\": \"BXXODafLGpfb8boG1WOVc0+LgbpsXWhE0OnPiD3Yl/iUZ6SixyG4rxQmFSu08RrC7LUIuE9E7k4jkI/XV+McZw==\",\r\n  \"secondary\": \"u9bk9P98NJdr0vTsgRMINRZrsxDipDbFzgRxhCm17FA1eCJlV+TGMP6udRhbOtl33wwtJ4HSnjelLW04/6vdMQ==\"\r\n}",
      "ResponseHeaders": {
        "Content-Length": [
          "235"
        ],
        "Content-Type": [
          "application/json; charset=utf-8"
        ],
        "Expires": [
          "-1"
        ],
        "Pragma": [
          "no-cache"
        ],
        "request-id": [
          "059f7eb2-1da3-449a-aadf-fc0bfd11adef"
        ],
        "Strict-Transport-Security": [
          "max-age=31536000; includeSubDomains"
        ],
        "x-ms-ratelimit-remaining-subscription-writes": [
          "1192"
        ],
        "x-ms-request-id": [
          "9b2fdd6b-b0b3-43bc-8d21-e0ea341c62e9"
        ],
        "x-ms-correlation-request-id": [
          "9b2fdd6b-b0b3-43bc-8d21-e0ea341c62e9"
        ],
        "x-ms-routing-request-id": [
          "WESTUS:20151111T004931Z:9b2fdd6b-b0b3-43bc-8d21-e0ea341c62e9"
        ],
        "Cache-Control": [
          "no-cache"
        ],
        "Date": [
          "Wed, 11 Nov 2015 00:49:31 GMT"
        ],
        "Server": [
          "Microsoft-HTTPAPI/2.0"
        ]
      },
      "StatusCode": 200
    },
    {
      "RequestUri": "/pools/testPool/nodes?api-version=2015-06-01.2.0&timeout=30",
      "EncodedRequestUri": "L3Bvb2xzL3Rlc3RQb29sL25vZGVzP2FwaS12ZXJzaW9uPTIwMTUtMDYtMDEuMi4wJnRpbWVvdXQ9MzA=",
      "RequestMethod": "GET",
      "RequestBody": "",
      "RequestHeaders": {
        "client-request-id": [
          "887b2f6c-c99d-40a9-8a7f-4b700d127b29"
        ],
        "ocp-date": [
          "Wed, 11 Nov 2015 00:49:28 GMT"
        ],
        "return-client-request-id": [
          "true"
        ],
        "User-Agent": [
          "Microsoft.Azure.Batch.Protocol.BatchRestClient/2.0.2.0",
          "AzurePowershell/v1.0.0"
        ]
      },
      "ResponseBody": "{\r\n  \"odata.metadata\": \"https://pstestaccount.eastus.batch.azure.com/$metadata#nodes\",\r\n  \"value\": [\r\n    {\r\n      \"id\": \"tvm-1783593343_2-20151110t233600z\",\r\n      \"url\": \"https://pstestaccount.eastus.batch.azure.com/pools/testPool/nodes/tvm-1783593343_2-20151110t233600z\",\r\n      \"state\": \"idle\",\r\n      \"stateTransitionTime\": \"2015-11-10T23:39:53.9064535Z\",\r\n      \"lastBootTime\": \"2015-11-10T23:39:53.810453Z\",\r\n      \"allocationTime\": \"2015-11-10T23:36:00.1112594Z\",\r\n      \"ipAddress\": \"100.116.176.64\",\r\n      \"affinityId\": \"TVM:tvm-1783593343_2-20151110t233600z\",\r\n      \"vmSize\": \"small\",\r\n      \"totalTasksRun\": 8,\r\n      \"startTask\": {\r\n        \"commandLine\": \"cmd /c echo hello\",\r\n        \"runElevated\": false,\r\n        \"maxTaskRetryCount\": 0,\r\n        \"waitForSuccess\": false\r\n      },\r\n      \"startTaskInfo\": {\r\n        \"state\": \"completed\",\r\n        \"startTime\": \"2015-11-10T23:39:53.990453Z\",\r\n        \"endTime\": \"2015-11-10T23:39:55.4308227Z\",\r\n        \"exitCode\": 0,\r\n        \"retryCount\": 0\r\n      }\r\n    },\r\n    {\r\n      \"id\": \"tvm-1783593343_3-20151110t233600z\",\r\n      \"url\": \"https://pstestaccount.eastus.batch.azure.com/pools/testPool/nodes/tvm-1783593343_3-20151110t233600z\",\r\n      \"state\": \"idle\",\r\n      \"stateTransitionTime\": \"2015-11-10T23:39:47.9154898Z\",\r\n      \"lastBootTime\": \"2015-11-10T23:39:47.7952355Z\",\r\n      \"allocationTime\": \"2015-11-10T23:36:00.1112594Z\",\r\n      \"ipAddress\": \"100.116.200.100\",\r\n      \"affinityId\": \"TVM:tvm-1783593343_3-20151110t233600z\",\r\n      \"vmSize\": \"small\",\r\n      \"totalTasksRun\": 17,\r\n      \"startTask\": {\r\n        \"commandLine\": \"cmd /c echo hello\",\r\n        \"runElevated\": false,\r\n        \"maxTaskRetryCount\": 0,\r\n        \"waitForSuccess\": false\r\n      },\r\n      \"startTaskInfo\": {\r\n        \"state\": \"completed\",\r\n        \"startTime\": \"2015-11-10T23:39:47.9861789Z\",\r\n        \"endTime\": \"2015-11-10T23:39:49.5535007Z\",\r\n        \"exitCode\": 0,\r\n        \"retryCount\": 0\r\n      }\r\n    }\r\n  ]\r\n}",
      "ResponseHeaders": {
        "Content-Type": [
          "application/json; odata=minimalmetadata"
        ],
        "Transfer-Encoding": [
          "chunked"
        ],
        "request-id": [
          "380e616f-c6a7-4bc8-9988-175ba04002a1"
        ],
        "Strict-Transport-Security": [
          "max-age=31536000; includeSubDomains"
        ],
        "client-request-id": [
          "887b2f6c-c99d-40a9-8a7f-4b700d127b29"
        ],
        "DataServiceVersion": [
          "3.0"
        ],
        "Date": [
          "Wed, 11 Nov 2015 00:49:29 GMT"
        ],
        "Server": [
          "Microsoft-HTTPAPI/2.0"
        ]
      },
      "StatusCode": 200
    },
    {
      "RequestUri": "/pools/testPool/nodes/tvm-1783593343_2-20151110t233600z/files?recursive=false&api-version=2015-06-01.2.0&timeout=30",
      "EncodedRequestUri": "L3Bvb2xzL3Rlc3RQb29sL25vZGVzL3R2bS0xNzgzNTkzMzQzXzItMjAxNTExMTB0MjMzNjAwei9maWxlcz9yZWN1cnNpdmU9ZmFsc2UmYXBpLXZlcnNpb249MjAxNS0wNi0wMS4yLjAmdGltZW91dD0zMA==",
      "RequestMethod": "GET",
      "RequestBody": "",
      "RequestHeaders": {
        "client-request-id": [
          "fdab42f9-4ee5-482c-a1f1-2dd959ae690b"
        ],
        "ocp-date": [
          "Wed, 11 Nov 2015 00:49:31 GMT"
        ],
        "return-client-request-id": [
          "true"
        ],
        "User-Agent": [
          "Microsoft.Azure.Batch.Protocol.BatchRestClient/2.0.2.0",
          "AzurePowershell/v1.0.0"
        ]
      },
      "ResponseBody": "{\r\n  \"odata.metadata\": \"https://pstestaccount.eastus.batch.azure.com/$metadata#files\",\r\n  \"value\": [\r\n    {\r\n      \"name\": \"shared\",\r\n      \"url\": \"https://pstestaccount.eastus.batch.azure.com/pools/testPool/nodes/tvm-1783593343_2-20151110t233600z/files/shared\",\r\n      \"isDirectory\": true\r\n    },\r\n    {\r\n      \"name\": \"startup\",\r\n      \"url\": \"https://pstestaccount.eastus.batch.azure.com/pools/testPool/nodes/tvm-1783593343_2-20151110t233600z/files/startup\",\r\n      \"isDirectory\": true\r\n    },\r\n    {\r\n      \"name\": \"workitems\",\r\n      \"url\": \"https://pstestaccount.eastus.batch.azure.com/pools/testPool/nodes/tvm-1783593343_2-20151110t233600z/files/workitems\",\r\n      \"isDirectory\": true\r\n    }\r\n  ]\r\n}",
      "ResponseHeaders": {
        "Content-Type": [
          "application/json; odata=minimalmetadata"
        ],
        "Transfer-Encoding": [
          "chunked"
        ],
        "request-id": [
          "0e244700-57e2-47a4-a512-0a198ad581d4"
        ],
        "Strict-Transport-Security": [
          "max-age=31536000; includeSubDomains"
        ],
        "client-request-id": [
          "fdab42f9-4ee5-482c-a1f1-2dd959ae690b"
        ],
        "DataServiceVersion": [
          "3.0"
        ],
        "Date": [
          "Wed, 11 Nov 2015 00:49:32 GMT"
        ],
        "Server": [
          "Microsoft-HTTPAPI/2.0"
        ]
      },
      "StatusCode": 200
    },
    {
      "RequestUri": "/pools/testPool/nodes/tvm-1783593343_2-20151110t233600z/files?recursive=false&api-version=2015-06-01.2.0&timeout=30",
      "EncodedRequestUri": "L3Bvb2xzL3Rlc3RQb29sL25vZGVzL3R2bS0xNzgzNTkzMzQzXzItMjAxNTExMTB0MjMzNjAwei9maWxlcz9yZWN1cnNpdmU9ZmFsc2UmYXBpLXZlcnNpb249MjAxNS0wNi0wMS4yLjAmdGltZW91dD0zMA==",
      "RequestMethod": "GET",
      "RequestBody": "",
      "RequestHeaders": {
        "client-request-id": [
          "e1b616d0-5b76-415d-8322-af8b973fc095"
        ],
        "ocp-date": [
          "Wed, 11 Nov 2015 00:49:32 GMT"
        ],
        "return-client-request-id": [
          "true"
        ],
        "User-Agent": [
          "Microsoft.Azure.Batch.Protocol.BatchRestClient/2.0.2.0",
          "AzurePowershell/v1.0.0"
        ]
      },
      "ResponseBody": "{\r\n  \"odata.metadata\": \"https://pstestaccount.eastus.batch.azure.com/$metadata#files\",\r\n  \"value\": [\r\n    {\r\n      \"name\": \"shared\",\r\n      \"url\": \"https://pstestaccount.eastus.batch.azure.com/pools/testPool/nodes/tvm-1783593343_2-20151110t233600z/files/shared\",\r\n      \"isDirectory\": true\r\n    },\r\n    {\r\n      \"name\": \"startup\",\r\n      \"url\": \"https://pstestaccount.eastus.batch.azure.com/pools/testPool/nodes/tvm-1783593343_2-20151110t233600z/files/startup\",\r\n      \"isDirectory\": true\r\n    },\r\n    {\r\n      \"name\": \"workitems\",\r\n      \"url\": \"https://pstestaccount.eastus.batch.azure.com/pools/testPool/nodes/tvm-1783593343_2-20151110t233600z/files/workitems\",\r\n      \"isDirectory\": true\r\n    }\r\n  ]\r\n}",
      "ResponseHeaders": {
        "Content-Type": [
          "application/json; odata=minimalmetadata"
        ],
        "Transfer-Encoding": [
          "chunked"
        ],
        "request-id": [
          "f5a12f1f-672b-47e9-a977-e79cc938965a"
        ],
        "Strict-Transport-Security": [
          "max-age=31536000; includeSubDomains"
        ],
        "client-request-id": [
          "e1b616d0-5b76-415d-8322-af8b973fc095"
        ],
        "DataServiceVersion": [
          "3.0"
        ],
        "Date": [
          "Wed, 11 Nov 2015 00:49:32 GMT"
        ],
        "Server": [
          "Microsoft-HTTPAPI/2.0"
        ]
      },
      "StatusCode": 200
    },
    {
      "RequestUri": "/pools/testPool/nodes/tvm-1783593343_2-20151110t233600z?api-version=2015-06-01.2.0&timeout=30",
      "EncodedRequestUri": "L3Bvb2xzL3Rlc3RQb29sL25vZGVzL3R2bS0xNzgzNTkzMzQzXzItMjAxNTExMTB0MjMzNjAwej9hcGktdmVyc2lvbj0yMDE1LTA2LTAxLjIuMCZ0aW1lb3V0PTMw",
      "RequestMethod": "GET",
      "RequestBody": "",
      "RequestHeaders": {
        "client-request-id": [
          "2ef2a73f-f69c-44a0-9a89-129da18e1727"
        ],
        "ocp-date": [
          "Wed, 11 Nov 2015 00:49:32 GMT"
        ],
        "return-client-request-id": [
          "true"
        ],
        "User-Agent": [
          "Microsoft.Azure.Batch.Protocol.BatchRestClient/2.0.2.0",
          "AzurePowershell/v1.0.0"
        ]
      },
      "ResponseBody": "{\r\n  \"odata.metadata\": \"https://pstestaccount.eastus.batch.azure.com/$metadata#nodes/@Element\",\r\n  \"id\": \"tvm-1783593343_2-20151110t233600z\",\r\n  \"url\": \"https://pstestaccount.eastus.batch.azure.com/pools/testPool/nodes/tvm-1783593343_2-20151110t233600z\",\r\n  \"state\": \"idle\",\r\n  \"stateTransitionTime\": \"2015-11-10T23:39:53.9064535Z\",\r\n  \"lastBootTime\": \"2015-11-10T23:39:53.810453Z\",\r\n  \"allocationTime\": \"2015-11-10T23:36:00.1112594Z\",\r\n  \"ipAddress\": \"100.116.176.64\",\r\n  \"affinityId\": \"TVM:tvm-1783593343_2-20151110t233600z\",\r\n  \"vmSize\": \"small\",\r\n  \"totalTasksRun\": 8,\r\n  \"startTask\": {\r\n    \"commandLine\": \"cmd /c echo hello\",\r\n    \"runElevated\": false,\r\n    \"maxTaskRetryCount\": 0,\r\n    \"waitForSuccess\": false\r\n  },\r\n  \"startTaskInfo\": {\r\n    \"state\": \"completed\",\r\n    \"startTime\": \"2015-11-10T23:39:53.990453Z\",\r\n    \"endTime\": \"2015-11-10T23:39:55.4308227Z\",\r\n    \"exitCode\": 0,\r\n    \"retryCount\": 0\r\n  }\r\n}",
      "ResponseHeaders": {
        "Content-Type": [
          "application/json; odata=minimalmetadata"
        ],
        "Transfer-Encoding": [
          "chunked"
        ],
        "request-id": [
          "3d8b6709-896b-4d94-a59a-584120f7d300"
        ],
        "Strict-Transport-Security": [
          "max-age=31536000; includeSubDomains"
        ],
        "client-request-id": [
          "2ef2a73f-f69c-44a0-9a89-129da18e1727"
        ],
        "DataServiceVersion": [
          "3.0"
        ],
        "Date": [
          "Wed, 11 Nov 2015 00:49:32 GMT"
        ],
        "Server": [
          "Microsoft-HTTPAPI/2.0"
        ]
      },
      "StatusCode": 200
    }
  ],
  "Names": {},
  "Variables": {
    "SubscriptionId": "46241355-bb95-46a9-ba6c-42b554d71925"
  }
}