{
  "Entries": [
    {
      "RequestUri": "/subscriptions/46241355-bb95-46a9-ba6c-42b554d71925/resources?$filter=resourceType%20eq%20'Microsoft.Batch%2FbatchAccounts'&api-version=2014-04-01-preview",
      "EncodedRequestUri": "L3N1YnNjcmlwdGlvbnMvNDYyNDEzNTUtYmI5NS00NmE5LWJhNmMtNDJiNTU0ZDcxOTI1L3Jlc291cmNlcz8kZmlsdGVyPXJlc291cmNlVHlwZSUyMGVxJTIwJ01pY3Jvc29mdC5CYXRjaCUyRmJhdGNoQWNjb3VudHMnJmFwaS12ZXJzaW9uPTIwMTQtMDQtMDEtcHJldmlldw==",
      "RequestMethod": "GET",
      "RequestBody": "",
      "RequestHeaders": {
        "User-Agent": [
          "Microsoft.Azure.Management.Resources.ResourceManagementClient/2.0.0.0"
        ]
      },
      "ResponseBody": "{\r\n  \"value\": [\r\n    {\r\n      \"id\": \"/subscriptions/46241355-bb95-46a9-ba6c-42b554d71925/resourceGroups/default-brazilsouth/providers/Microsoft.Batch/batchAccounts/batchtest\",\r\n      \"name\": \"batchtest\",\r\n      \"type\": \"Microsoft.Batch/batchAccounts\",\r\n      \"location\": \"brazilsouth\"\r\n    },\r\n    {\r\n      \"id\": \"/subscriptions/46241355-bb95-46a9-ba6c-42b554d71925/resourceGroups/default-eastus/providers/Microsoft.Batch/batchAccounts/pstestaccount\",\r\n      \"name\": \"pstestaccount\",\r\n      \"type\": \"Microsoft.Batch/batchAccounts\",\r\n      \"location\": \"eastus\"\r\n    },\r\n    {\r\n      \"id\": \"/subscriptions/46241355-bb95-46a9-ba6c-42b554d71925/resourceGroups/default-westus/providers/Microsoft.Batch/batchAccounts/jsmatlab\",\r\n      \"name\": \"jsmatlab\",\r\n      \"type\": \"Microsoft.Batch/batchAccounts\",\r\n      \"location\": \"westus\"\r\n    }\r\n  ]\r\n}",
      "ResponseHeaders": {
        "Content-Length": [
          "684"
        ],
        "Content-Type": [
          "application/json; charset=utf-8"
        ],
        "Expires": [
          "-1"
        ],
        "Pragma": [
          "no-cache"
        ],
        "x-ms-ratelimit-remaining-subscription-reads": [
          "14991"
        ],
        "x-ms-request-id": [
          "bc085612-af4d-4836-b38b-45421eff0065"
        ],
        "x-ms-correlation-request-id": [
          "bc085612-af4d-4836-b38b-45421eff0065"
        ],
        "x-ms-routing-request-id": [
          "CENTRALUS:20151221T192107Z:bc085612-af4d-4836-b38b-45421eff0065"
        ],
        "Strict-Transport-Security": [
          "max-age=31536000; includeSubDomains"
        ],
        "Cache-Control": [
          "no-cache"
        ],
        "Date": [
          "Mon, 21 Dec 2015 19:21:06 GMT"
        ]
      },
      "StatusCode": 200
    },
    {
      "RequestUri": "/subscriptions/46241355-bb95-46a9-ba6c-42b554d71925/resources?$filter=resourceType%20eq%20'Microsoft.Batch%2FbatchAccounts'&api-version=2014-04-01-preview",
      "EncodedRequestUri": "L3N1YnNjcmlwdGlvbnMvNDYyNDEzNTUtYmI5NS00NmE5LWJhNmMtNDJiNTU0ZDcxOTI1L3Jlc291cmNlcz8kZmlsdGVyPXJlc291cmNlVHlwZSUyMGVxJTIwJ01pY3Jvc29mdC5CYXRjaCUyRmJhdGNoQWNjb3VudHMnJmFwaS12ZXJzaW9uPTIwMTQtMDQtMDEtcHJldmlldw==",
      "RequestMethod": "GET",
      "RequestBody": "",
      "RequestHeaders": {
        "User-Agent": [
          "Microsoft.Azure.Management.Resources.ResourceManagementClient/2.0.0.0"
        ]
      },
      "ResponseBody": "{\r\n  \"value\": [\r\n    {\r\n      \"id\": \"/subscriptions/46241355-bb95-46a9-ba6c-42b554d71925/resourceGroups/default-brazilsouth/providers/Microsoft.Batch/batchAccounts/batchtest\",\r\n      \"name\": \"batchtest\",\r\n      \"type\": \"Microsoft.Batch/batchAccounts\",\r\n      \"location\": \"brazilsouth\"\r\n    },\r\n    {\r\n      \"id\": \"/subscriptions/46241355-bb95-46a9-ba6c-42b554d71925/resourceGroups/default-eastus/providers/Microsoft.Batch/batchAccounts/pstestaccount\",\r\n      \"name\": \"pstestaccount\",\r\n      \"type\": \"Microsoft.Batch/batchAccounts\",\r\n      \"location\": \"eastus\"\r\n    },\r\n    {\r\n      \"id\": \"/subscriptions/46241355-bb95-46a9-ba6c-42b554d71925/resourceGroups/default-westus/providers/Microsoft.Batch/batchAccounts/jsmatlab\",\r\n      \"name\": \"jsmatlab\",\r\n      \"type\": \"Microsoft.Batch/batchAccounts\",\r\n      \"location\": \"westus\"\r\n    }\r\n  ]\r\n}",
      "ResponseHeaders": {
        "Content-Length": [
          "684"
        ],
        "Content-Type": [
          "application/json; charset=utf-8"
        ],
        "Expires": [
          "-1"
        ],
        "Pragma": [
          "no-cache"
        ],
        "x-ms-ratelimit-remaining-subscription-reads": [
          "14990"
        ],
        "x-ms-request-id": [
          "f6d17438-b5b5-4c7d-8ed5-0fe5906d35ac"
        ],
        "x-ms-correlation-request-id": [
          "f6d17438-b5b5-4c7d-8ed5-0fe5906d35ac"
        ],
        "x-ms-routing-request-id": [
          "CENTRALUS:20151221T192114Z:f6d17438-b5b5-4c7d-8ed5-0fe5906d35ac"
        ],
        "Strict-Transport-Security": [
          "max-age=31536000; includeSubDomains"
        ],
        "Cache-Control": [
          "no-cache"
        ],
        "Date": [
          "Mon, 21 Dec 2015 19:21:13 GMT"
        ]
      },
      "StatusCode": 200
    },
    {
      "RequestUri": "/subscriptions/46241355-bb95-46a9-ba6c-42b554d71925/resourceGroups/default-eastus/providers/Microsoft.Batch/batchAccounts/pstestaccount?api-version=2015-09-01",
      "EncodedRequestUri": "L3N1YnNjcmlwdGlvbnMvNDYyNDEzNTUtYmI5NS00NmE5LWJhNmMtNDJiNTU0ZDcxOTI1L3Jlc291cmNlR3JvdXBzL2RlZmF1bHQtZWFzdHVzL3Byb3ZpZGVycy9NaWNyb3NvZnQuQmF0Y2gvYmF0Y2hBY2NvdW50cy9wc3Rlc3RhY2NvdW50P2FwaS12ZXJzaW9uPTIwMTUtMDktMDE=",
      "RequestMethod": "GET",
      "RequestBody": "",
      "RequestHeaders": {
        "x-ms-version": [
          "2015-09-01"
        ],
        "User-Agent": [
          "Microsoft.Azure.Management.Batch.BatchManagementClient/1.0.0.0"
        ]
      },
      "ResponseBody": "{\r\n  \"name\": \"pstestaccount\",\r\n  \"location\": \"eastus\",\r\n  \"properties\": {\r\n    \"accountEndpoint\": \"pstestaccount.eastus.batch.azure.com\",\r\n    \"provisioningState\": \"Succeeded\",\r\n    \"coreQuota\": 20,\r\n    \"poolQuota\": 20,\r\n    \"activeJobAndJobScheduleQuota\": 20\r\n  },\r\n  \"id\": \"/subscriptions/46241355-bb95-46a9-ba6c-42b554d71925/resourceGroups/default-eastus/providers/Microsoft.Batch/batchAccounts/pstestaccount\",\r\n  \"type\": \"Microsoft.Batch/batchAccounts\"\r\n}",
      "ResponseHeaders": {
        "Content-Length": [
          "394"
        ],
        "Content-Type": [
          "application/json; charset=utf-8"
        ],
        "Expires": [
          "-1"
        ],
        "Last-Modified": [
          "Mon, 21 Dec 2015 19:21:07 GMT"
        ],
        "Pragma": [
          "no-cache"
        ],
        "request-id": [
          "9335de76-0d9c-4080-88b2-00d7fbf4435a"
        ],
        "Strict-Transport-Security": [
          "max-age=31536000; includeSubDomains"
        ],
        "x-ms-ratelimit-remaining-subscription-reads": [
          "14888"
        ],
        "x-ms-request-id": [
          "16b172a9-e649-4cbb-8999-18c5fea4e2a1"
        ],
        "x-ms-correlation-request-id": [
          "16b172a9-e649-4cbb-8999-18c5fea4e2a1"
        ],
        "x-ms-routing-request-id": [
          "CENTRALUS:20151221T192108Z:16b172a9-e649-4cbb-8999-18c5fea4e2a1"
        ],
        "Cache-Control": [
          "no-cache"
        ],
        "Date": [
          "Mon, 21 Dec 2015 19:21:08 GMT"
        ],
        "ETag": [
          "0x8D30A3BE045E084"
        ],
        "Server": [
          "Microsoft-HTTPAPI/2.0"
        ]
      },
      "StatusCode": 200
    },
    {
      "RequestUri": "/subscriptions/46241355-bb95-46a9-ba6c-42b554d71925/resourceGroups/default-eastus/providers/Microsoft.Batch/batchAccounts/pstestaccount?api-version=2015-09-01",
      "EncodedRequestUri": "L3N1YnNjcmlwdGlvbnMvNDYyNDEzNTUtYmI5NS00NmE5LWJhNmMtNDJiNTU0ZDcxOTI1L3Jlc291cmNlR3JvdXBzL2RlZmF1bHQtZWFzdHVzL3Byb3ZpZGVycy9NaWNyb3NvZnQuQmF0Y2gvYmF0Y2hBY2NvdW50cy9wc3Rlc3RhY2NvdW50P2FwaS12ZXJzaW9uPTIwMTUtMDktMDE=",
      "RequestMethod": "GET",
      "RequestBody": "",
      "RequestHeaders": {
        "x-ms-version": [
          "2015-09-01"
        ],
        "User-Agent": [
          "Microsoft.Azure.Management.Batch.BatchManagementClient/1.0.0.0"
        ]
      },
      "ResponseBody": "{\r\n  \"name\": \"pstestaccount\",\r\n  \"location\": \"eastus\",\r\n  \"properties\": {\r\n    \"accountEndpoint\": \"pstestaccount.eastus.batch.azure.com\",\r\n    \"provisioningState\": \"Succeeded\",\r\n    \"coreQuota\": 20,\r\n    \"poolQuota\": 20,\r\n    \"activeJobAndJobScheduleQuota\": 20\r\n  },\r\n  \"id\": \"/subscriptions/46241355-bb95-46a9-ba6c-42b554d71925/resourceGroups/default-eastus/providers/Microsoft.Batch/batchAccounts/pstestaccount\",\r\n  \"type\": \"Microsoft.Batch/batchAccounts\"\r\n}",
      "ResponseHeaders": {
        "Content-Length": [
          "394"
        ],
        "Content-Type": [
          "application/json; charset=utf-8"
        ],
        "Expires": [
          "-1"
        ],
        "Last-Modified": [
          "Mon, 21 Dec 2015 19:21:12 GMT"
        ],
        "Pragma": [
          "no-cache"
        ],
        "request-id": [
          "74501670-bb2a-4866-be5f-0221cdf9008a"
        ],
        "Strict-Transport-Security": [
          "max-age=31536000; includeSubDomains"
        ],
        "x-ms-ratelimit-remaining-subscription-reads": [
          "14887"
        ],
        "x-ms-request-id": [
          "7dfaaaae-30a2-48fe-a75c-dbcd80338cde"
        ],
        "x-ms-correlation-request-id": [
          "7dfaaaae-30a2-48fe-a75c-dbcd80338cde"
        ],
        "x-ms-routing-request-id": [
          "CENTRALUS:20151221T192114Z:7dfaaaae-30a2-48fe-a75c-dbcd80338cde"
        ],
        "Cache-Control": [
          "no-cache"
        ],
        "Date": [
          "Mon, 21 Dec 2015 19:21:13 GMT"
        ],
        "ETag": [
          "0x8D30A3BE3C0A478"
        ],
        "Server": [
          "Microsoft-HTTPAPI/2.0"
        ]
      },
      "StatusCode": 200
    },
    {
      "RequestUri": "/subscriptions/46241355-bb95-46a9-ba6c-42b554d71925/resourceGroups/default-eastus/providers/Microsoft.Batch/batchAccounts/pstestaccount/listKeys?api-version=2015-09-01",
      "EncodedRequestUri": "L3N1YnNjcmlwdGlvbnMvNDYyNDEzNTUtYmI5NS00NmE5LWJhNmMtNDJiNTU0ZDcxOTI1L3Jlc291cmNlR3JvdXBzL2RlZmF1bHQtZWFzdHVzL3Byb3ZpZGVycy9NaWNyb3NvZnQuQmF0Y2gvYmF0Y2hBY2NvdW50cy9wc3Rlc3RhY2NvdW50L2xpc3RLZXlzP2FwaS12ZXJzaW9uPTIwMTUtMDktMDE=",
      "RequestMethod": "POST",
      "RequestBody": "",
      "RequestHeaders": {
        "x-ms-version": [
          "2015-09-01"
        ],
        "User-Agent": [
          "Microsoft.Azure.Management.Batch.BatchManagementClient/1.0.0.0"
        ]
      },
      "ResponseBody": "{\r\n  \"accountName\": \"pstestaccount\",\r\n  \"primary\": \"PhmGgzyW7hNP+2h5GMRVr8HlagPEwDC7An0ARHJC3q9ICJgr38+oi3fzZ2c31XPFOuNFtYIsHuEKczjC0MAIww==\",\r\n  \"secondary\": \"y9BWE8mmIQ4Fv4fnPS+0c7kxtFwRNg+NcxGJwnwFepj0U+N3Co/aNfQvKpnFOiLk3Goj3d99XvF9aRiTENEkzg==\"\r\n}",
      "ResponseHeaders": {
        "Content-Length": [
          "235"
        ],
        "Content-Type": [
          "application/json; charset=utf-8"
        ],
        "Expires": [
          "-1"
        ],
        "Pragma": [
          "no-cache"
        ],
        "request-id": [
          "8da27bf4-2c1f-413f-b6b4-a65347b45de3"
        ],
        "Strict-Transport-Security": [
          "max-age=31536000; includeSubDomains"
        ],
        "x-ms-ratelimit-remaining-subscription-writes": [
          "1191"
        ],
        "x-ms-request-id": [
          "cba35c35-8c08-4e12-86e5-cfa57f0865cc"
        ],
        "x-ms-correlation-request-id": [
          "cba35c35-8c08-4e12-86e5-cfa57f0865cc"
        ],
        "x-ms-routing-request-id": [
          "CENTRALUS:20151221T192108Z:cba35c35-8c08-4e12-86e5-cfa57f0865cc"
        ],
        "Cache-Control": [
          "no-cache"
        ],
        "Date": [
          "Mon, 21 Dec 2015 19:21:08 GMT"
        ],
        "Server": [
          "Microsoft-HTTPAPI/2.0"
        ]
      },
      "StatusCode": 200
    },
    {
      "RequestUri": "/subscriptions/46241355-bb95-46a9-ba6c-42b554d71925/resourceGroups/default-eastus/providers/Microsoft.Batch/batchAccounts/pstestaccount/listKeys?api-version=2015-09-01",
      "EncodedRequestUri": "L3N1YnNjcmlwdGlvbnMvNDYyNDEzNTUtYmI5NS00NmE5LWJhNmMtNDJiNTU0ZDcxOTI1L3Jlc291cmNlR3JvdXBzL2RlZmF1bHQtZWFzdHVzL3Byb3ZpZGVycy9NaWNyb3NvZnQuQmF0Y2gvYmF0Y2hBY2NvdW50cy9wc3Rlc3RhY2NvdW50L2xpc3RLZXlzP2FwaS12ZXJzaW9uPTIwMTUtMDktMDE=",
      "RequestMethod": "POST",
      "RequestBody": "",
      "RequestHeaders": {
        "x-ms-version": [
          "2015-09-01"
        ],
        "User-Agent": [
          "Microsoft.Azure.Management.Batch.BatchManagementClient/1.0.0.0"
        ]
      },
      "ResponseBody": "{\r\n  \"accountName\": \"pstestaccount\",\r\n  \"primary\": \"PhmGgzyW7hNP+2h5GMRVr8HlagPEwDC7An0ARHJC3q9ICJgr38+oi3fzZ2c31XPFOuNFtYIsHuEKczjC0MAIww==\",\r\n  \"secondary\": \"y9BWE8mmIQ4Fv4fnPS+0c7kxtFwRNg+NcxGJwnwFepj0U+N3Co/aNfQvKpnFOiLk3Goj3d99XvF9aRiTENEkzg==\"\r\n}",
      "ResponseHeaders": {
        "Content-Length": [
          "235"
        ],
        "Content-Type": [
          "application/json; charset=utf-8"
        ],
        "Expires": [
          "-1"
        ],
        "Pragma": [
          "no-cache"
        ],
        "request-id": [
          "32b9bf9d-7c60-436a-b1d3-40e820ac0975"
        ],
        "Strict-Transport-Security": [
          "max-age=31536000; includeSubDomains"
        ],
        "x-ms-ratelimit-remaining-subscription-writes": [
          "1190"
        ],
        "x-ms-request-id": [
          "c9f66d35-7811-407a-94a7-478711937f2b"
        ],
        "x-ms-correlation-request-id": [
          "c9f66d35-7811-407a-94a7-478711937f2b"
        ],
        "x-ms-routing-request-id": [
          "CENTRALUS:20151221T192114Z:c9f66d35-7811-407a-94a7-478711937f2b"
        ],
        "Cache-Control": [
          "no-cache"
        ],
        "Date": [
          "Mon, 21 Dec 2015 19:21:14 GMT"
        ],
        "Server": [
          "Microsoft-HTTPAPI/2.0"
        ]
      },
      "StatusCode": 200
    },
    {
      "RequestUri": "/jobs?api-version=2015-11-01.2.1&timeout=30",
      "EncodedRequestUri": "L2pvYnM/YXBpLXZlcnNpb249MjAxNS0xMS0wMS4yLjEmdGltZW91dD0zMA==",
      "RequestMethod": "POST",
      "RequestBody": "{\r\n  \"id\": \"listNodeFilesByTaskJob\",\r\n  \"priority\": 0,\r\n  \"poolInfo\": {\r\n    \"poolId\": \"testPool\"\r\n  }\r\n}",
      "RequestHeaders": {
        "Content-Type": [
          "application/json; odata=minimalmetadata"
        ],
        "Content-Length": [
          "105"
        ],
        "client-request-id": [
          "7de3c471-7f65-40f6-bf4d-d6de32f48a3c"
        ],
        "ocp-date": [
          "Mon, 21 Dec 2015 19:21:08 GMT"
        ],
        "return-client-request-id": [
          "true"
        ],
        "User-Agent": [
          "Microsoft.Azure.Batch.Protocol.BatchRestClient/3.0.0.0",
          "AzurePowershell/v1.0.0"
        ]
      },
      "ResponseBody": "",
      "ResponseHeaders": {
        "Last-Modified": [
          "Mon, 21 Dec 2015 19:21:07 GMT"
        ],
        "Transfer-Encoding": [
          "chunked"
        ],
        "request-id": [
          "2c587a4b-eac6-48e6-8e8f-4d422dcdafa9"
        ],
        "Strict-Transport-Security": [
          "max-age=31536000; includeSubDomains"
        ],
        "client-request-id": [
          "7de3c471-7f65-40f6-bf4d-d6de32f48a3c"
        ],
        "DataServiceVersion": [
          "3.0"
        ],
        "DataServiceId": [
          "https://pstestaccount.eastus.batch.azure.com/jobs/job-1"
        ],
        "Date": [
          "Mon, 21 Dec 2015 19:21:07 GMT"
        ],
        "ETag": [
          "0x8D30A3BE0A8A089"
        ],
        "Location": [
          "https://pstestaccount.eastus.batch.azure.com/jobs/job-1"
        ],
        "Server": [
          "Microsoft-HTTPAPI/2.0"
        ]
      },
      "StatusCode": 201
    },
    {
      "RequestUri": "/jobs/listNodeFilesByTaskJob/tasks?api-version=2015-11-01.2.1&timeout=30",
      "EncodedRequestUri": "L2pvYnMvbGlzdE5vZGVGaWxlc0J5VGFza0pvYi90YXNrcz9hcGktdmVyc2lvbj0yMDE1LTExLTAxLjIuMSZ0aW1lb3V0PTMw",
      "RequestMethod": "POST",
      "RequestBody": "{\r\n  \"id\": \"testTask\",\r\n  \"commandLine\": \"cmd /c dir /s\",\r\n  \"runElevated\": true\r\n}",
      "RequestHeaders": {
        "Content-Type": [
          "application/json; odata=minimalmetadata"
        ],
        "Content-Length": [
          "83"
        ],
        "client-request-id": [
          "0c5c18da-1cab-4837-a575-f6ac4a2a8044"
        ],
        "ocp-date": [
          "Mon, 21 Dec 2015 19:21:09 GMT"
        ],
        "return-client-request-id": [
          "true"
        ],
        "User-Agent": [
          "Microsoft.Azure.Batch.Protocol.BatchRestClient/3.0.0.0",
          "AzurePowershell/v1.0.0"
        ]
      },
      "ResponseBody": "",
      "ResponseHeaders": {
        "Last-Modified": [
          "Mon, 21 Dec 2015 19:21:07 GMT"
        ],
        "Transfer-Encoding": [
          "chunked"
        ],
        "request-id": [
          "99be4abf-53ea-4bcd-88c2-3f9fe9646c33"
        ],
        "Strict-Transport-Security": [
          "max-age=31536000; includeSubDomains"
        ],
        "client-request-id": [
          "0c5c18da-1cab-4837-a575-f6ac4a2a8044"
        ],
        "DataServiceVersion": [
          "3.0"
        ],
        "DataServiceId": [
          "https://pstestaccount.eastus.batch.azure.com/jobs/listNodeFilesByTaskJob/tasks/testTask"
        ],
        "Date": [
          "Mon, 21 Dec 2015 19:21:07 GMT"
        ],
        "ETag": [
          "0x8D30A3BE08B3B1E"
        ],
        "Location": [
          "https://pstestaccount.eastus.batch.azure.com/jobs/listNodeFilesByTaskJob/tasks/testTask"
        ],
        "Server": [
          "Microsoft-HTTPAPI/2.0"
        ]
      },
      "StatusCode": 201
    },
    {
      "RequestUri": "/jobs/listNodeFilesByTaskJob/tasks/testTask?api-version=2015-11-01.2.1&timeout=30",
      "EncodedRequestUri": "L2pvYnMvbGlzdE5vZGVGaWxlc0J5VGFza0pvYi90YXNrcy90ZXN0VGFzaz9hcGktdmVyc2lvbj0yMDE1LTExLTAxLjIuMSZ0aW1lb3V0PTMw",
      "RequestMethod": "GET",
      "RequestBody": "",
      "RequestHeaders": {
        "client-request-id": [
          "bdc026bf-4064-4797-967b-a547cf22facc"
        ],
        "ocp-date": [
          "Mon, 21 Dec 2015 19:21:09 GMT"
        ],
        "return-client-request-id": [
          "true"
        ],
        "User-Agent": [
          "Microsoft.Azure.Batch.Protocol.BatchRestClient/3.0.0.0",
          "AzurePowershell/v1.0.0"
        ]
      },
      "ResponseBody": "{\r\n  \"odata.metadata\": \"https://pstestaccount.eastus.batch.azure.com/$metadata#tasks/@Element\",\r\n  \"id\": \"testTask\",\r\n  \"url\": \"https://pstestaccount.eastus.batch.azure.com/jobs/listNodeFilesByTaskJob/tasks/testTask\",\r\n  \"eTag\": \"0x8D30A3BE08B3B1E\",\r\n  \"creationTime\": \"2015-12-21T19:21:07.594115Z\",\r\n  \"lastModified\": \"2015-12-21T19:21:07.594115Z\",\r\n  \"state\": \"active\",\r\n  \"stateTransitionTime\": \"2015-12-21T19:21:07.594115Z\",\r\n  \"commandLine\": \"cmd /c dir /s\",\r\n  \"runElevated\": true,\r\n  \"constraints\": {\r\n    \"maxWallClockTime\": \"P10675199DT2H48M5.4775807S\",\r\n    \"retentionTime\": \"P10675199DT2H48M5.4775807S\",\r\n    \"maxTaskRetryCount\": 0\r\n  },\r\n  \"executionInfo\": {\r\n    \"retryCount\": 0,\r\n    \"requeueCount\": 0\r\n  }\r\n}",
      "ResponseHeaders": {
        "Content-Type": [
          "application/json; odata=minimalmetadata"
        ],
        "Last-Modified": [
          "Mon, 21 Dec 2015 19:21:07 GMT"
        ],
        "Transfer-Encoding": [
          "chunked"
        ],
        "request-id": [
          "df40ff02-8f58-4e95-883a-a6d6aa0ab55e"
        ],
        "Strict-Transport-Security": [
          "max-age=31536000; includeSubDomains"
        ],
        "client-request-id": [
          "bdc026bf-4064-4797-967b-a547cf22facc"
        ],
        "DataServiceVersion": [
          "3.0"
        ],
        "Date": [
          "Mon, 21 Dec 2015 19:21:07 GMT"
        ],
        "ETag": [
          "0x8D30A3BE08B3B1E"
        ],
        "Server": [
          "Microsoft-HTTPAPI/2.0"
        ]
      },
      "StatusCode": 200
    },
    {
      "RequestUri": "/jobs/listNodeFilesByTaskJob/tasks/testTask?api-version=2015-11-01.2.1&timeout=30",
      "EncodedRequestUri": "L2pvYnMvbGlzdE5vZGVGaWxlc0J5VGFza0pvYi90YXNrcy90ZXN0VGFzaz9hcGktdmVyc2lvbj0yMDE1LTExLTAxLjIuMSZ0aW1lb3V0PTMw",
      "RequestMethod": "GET",
      "RequestBody": "",
      "RequestHeaders": {
        "client-request-id": [
          "c52c740f-8804-4e0d-ae5d-f8b42657bcb2"
        ],
        "ocp-date": [
          "Mon, 21 Dec 2015 19:21:14 GMT"
        ],
        "return-client-request-id": [
          "true"
        ],
        "User-Agent": [
          "Microsoft.Azure.Batch.Protocol.BatchRestClient/3.0.0.0",
          "AzurePowershell/v1.0.0"
        ]
      },
      "ResponseBody": "{\r\n  \"odata.metadata\": \"https://pstestaccount.eastus.batch.azure.com/$metadata#tasks/@Element\",\r\n  \"id\": \"testTask\",\r\n  \"url\": \"https://pstestaccount.eastus.batch.azure.com/jobs/listNodeFilesByTaskJob/tasks/testTask\",\r\n  \"eTag\": \"0x8D30A3BE08B3B1E\",\r\n  \"creationTime\": \"2015-12-21T19:21:07.594115Z\",\r\n  \"lastModified\": \"2015-12-21T19:21:07.594115Z\",\r\n  \"state\": \"completed\",\r\n  \"stateTransitionTime\": \"2015-12-21T19:21:10.5217933Z\",\r\n  \"previousState\": \"running\",\r\n  \"previousStateTransitionTime\": \"2015-12-21T19:21:10.3606632Z\",\r\n  \"commandLine\": \"cmd /c dir /s\",\r\n  \"runElevated\": true,\r\n  \"constraints\": {\r\n    \"maxWallClockTime\": \"P10675199DT2H48M5.4775807S\",\r\n    \"retentionTime\": \"P10675199DT2H48M5.4775807S\",\r\n    \"maxTaskRetryCount\": 0\r\n  },\r\n  \"executionInfo\": {\r\n    \"startTime\": \"2015-12-21T19:21:10.3606632Z\",\r\n    \"endTime\": \"2015-12-21T19:21:10.5217933Z\",\r\n    \"exitCode\": 0,\r\n    \"retryCount\": 0,\r\n    \"requeueCount\": 0\r\n  },\r\n  \"nodeInfo\": {\r\n    \"affinityId\": \"TVM:tvm-1783593343_34-20151117t222514z\",\r\n    \"nodeUrl\": \"https://pstestaccount.eastus.batch.azure.com/pools/testpool/nodes/tvm-1783593343_34-20151117t222514z\",\r\n    \"poolId\": \"testpool\",\r\n    \"nodeId\": \"tvm-1783593343_34-20151117t222514z\"\r\n  }\r\n}",
      "ResponseHeaders": {
        "Content-Type": [
          "application/json; odata=minimalmetadata"
        ],
        "Last-Modified": [
          "Mon, 21 Dec 2015 19:21:07 GMT"
        ],
        "Transfer-Encoding": [
          "chunked"
        ],
        "request-id": [
          "d1db218a-a9da-43b8-8a78-bb3e96f62219"
        ],
        "Strict-Transport-Security": [
          "max-age=31536000; includeSubDomains"
        ],
        "client-request-id": [
          "c52c740f-8804-4e0d-ae5d-f8b42657bcb2"
        ],
        "DataServiceVersion": [
          "3.0"
        ],
        "Date": [
          "Mon, 21 Dec 2015 19:21:14 GMT"
        ],
        "ETag": [
          "0x8D30A3BE08B3B1E"
        ],
        "Server": [
          "Microsoft-HTTPAPI/2.0"
        ]
      },
      "StatusCode": 200
    },
    {
      "RequestUri": "/jobs/listNodeFilesByTaskJob/tasks?$filter=id%20eq%20'testTask'&$select=id%2Cstate&api-version=2015-11-01.2.1&timeout=30",
      "EncodedRequestUri": "L2pvYnMvbGlzdE5vZGVGaWxlc0J5VGFza0pvYi90YXNrcz8kZmlsdGVyPWlkJTIwZXElMjAlMjd0ZXN0VGFzayUyNyYkc2VsZWN0PWlkJTJDc3RhdGUmYXBpLXZlcnNpb249MjAxNS0xMS0wMS4yLjEmdGltZW91dD0zMA==",
      "RequestMethod": "GET",
      "RequestBody": "",
      "RequestHeaders": {
        "client-request-id": [
          "967d1ac9-2684-46ff-ba26-5c69348dcfe7"
        ],
        "ocp-date": [
          "Mon, 21 Dec 2015 19:21:09 GMT"
        ],
        "return-client-request-id": [
          "true"
        ],
        "User-Agent": [
          "Microsoft.Azure.Batch.Protocol.BatchRestClient/3.0.0.0",
          "AzurePowershell/v1.0.0"
        ]
      },
      "ResponseBody": "{\r\n  \"odata.metadata\": \"https://pstestaccount.eastus.batch.azure.com/$metadata#tasks\",\r\n  \"value\": [\r\n    {\r\n      \"id\": \"testTask\",\r\n      \"state\": \"active\"\r\n    }\r\n  ]\r\n}",
      "ResponseHeaders": {
        "Content-Type": [
          "application/json; odata=minimalmetadata"
        ],
        "Transfer-Encoding": [
          "chunked"
        ],
        "request-id": [
          "35137dc4-cab0-4508-850f-0ffbba6b2026"
        ],
        "Strict-Transport-Security": [
          "max-age=31536000; includeSubDomains"
        ],
        "client-request-id": [
          "967d1ac9-2684-46ff-ba26-5c69348dcfe7"
        ],
        "DataServiceVersion": [
          "3.0"
        ],
        "Date": [
          "Mon, 21 Dec 2015 19:21:07 GMT"
        ],
        "Server": [
          "Microsoft-HTTPAPI/2.0"
        ]
      },
      "StatusCode": 200
    },
    {
      "RequestUri": "/jobs/listNodeFilesByTaskJob/tasks?$filter=id%20eq%20'testTask'&$select=id%2Cstate&api-version=2015-11-01.2.1&timeout=30",
      "EncodedRequestUri": "L2pvYnMvbGlzdE5vZGVGaWxlc0J5VGFza0pvYi90YXNrcz8kZmlsdGVyPWlkJTIwZXElMjAlMjd0ZXN0VGFzayUyNyYkc2VsZWN0PWlkJTJDc3RhdGUmYXBpLXZlcnNpb249MjAxNS0xMS0wMS4yLjEmdGltZW91dD0zMA==",
      "RequestMethod": "GET",
      "RequestBody": "",
      "RequestHeaders": {
        "client-request-id": [
          "c9a4709e-2413-4abe-9b7d-d8c55d05e807"
        ],
        "ocp-date": [
          "Mon, 21 Dec 2015 19:21:11 GMT"
        ],
        "return-client-request-id": [
          "true"
        ],
        "User-Agent": [
          "Microsoft.Azure.Batch.Protocol.BatchRestClient/3.0.0.0",
          "AzurePowershell/v1.0.0"
        ]
      },
      "ResponseBody": "{\r\n  \"odata.metadata\": \"https://pstestaccount.eastus.batch.azure.com/$metadata#tasks\",\r\n  \"value\": [\r\n    {\r\n      \"id\": \"testTask\",\r\n      \"state\": \"completed\"\r\n    }\r\n  ]\r\n}",
      "ResponseHeaders": {
        "Content-Type": [
          "application/json; odata=minimalmetadata"
        ],
        "Transfer-Encoding": [
          "chunked"
        ],
        "request-id": [
          "5e58cebc-00f6-4d63-8df9-7f291bc19aff"
        ],
        "Strict-Transport-Security": [
          "max-age=31536000; includeSubDomains"
        ],
        "client-request-id": [
          "c9a4709e-2413-4abe-9b7d-d8c55d05e807"
        ],
        "DataServiceVersion": [
          "3.0"
        ],
        "Date": [
          "Mon, 21 Dec 2015 19:21:09 GMT"
        ],
        "Server": [
          "Microsoft-HTTPAPI/2.0"
        ]
      },
      "StatusCode": 200
    },
    {
      "RequestUri": "/jobs/listNodeFilesByTaskJob/tasks/testTask/files?recursive=false&api-version=2015-11-01.2.1&timeout=30",
      "EncodedRequestUri": "L2pvYnMvbGlzdE5vZGVGaWxlc0J5VGFza0pvYi90YXNrcy90ZXN0VGFzay9maWxlcz9yZWN1cnNpdmU9ZmFsc2UmYXBpLXZlcnNpb249MjAxNS0xMS0wMS4yLjEmdGltZW91dD0zMA==",
      "RequestMethod": "GET",
      "RequestBody": "",
      "RequestHeaders": {
        "client-request-id": [
          "d96a0205-29e6-4b92-8e5f-69bf34266b4e"
        ],
        "ocp-date": [
          "Mon, 21 Dec 2015 19:21:14 GMT"
        ],
        "return-client-request-id": [
          "true"
        ],
        "User-Agent": [
          "Microsoft.Azure.Batch.Protocol.BatchRestClient/3.0.0.0",
          "AzurePowershell/v1.0.0"
        ]
      },
      "ResponseBody": "{\r\n  \"odata.metadata\": \"https://pstestaccount.eastus.batch.azure.com/$metadata#files\",\r\n  \"value\": [\r\n    {\r\n      \"name\": \"ProcessEnv.cmd\",\r\n      \"url\": \"https://pstestaccount.eastus.batch.azure.com/jobs/listNodeFilesByTaskJob/tasks/testTask/files/ProcessEnv.cmd\",\r\n      \"isDirectory\": false,\r\n      \"properties\": {\r\n        \"creationTime\": \"2015-12-21T19:21:10.460646Z\",\r\n        \"lastModified\": \"2015-12-21T19:21:10.460646Z\",\r\n        \"contentLength\": \"2446\",\r\n        \"contentType\": \"application/octet-stream\"\r\n      }\r\n    },\r\n    {\r\n      \"name\": \"stderr.txt\",\r\n      \"url\": \"https://pstestaccount.eastus.batch.azure.com/jobs/listNodeFilesByTaskJob/tasks/testTask/files/stderr.txt\",\r\n      \"isDirectory\": false,\r\n      \"properties\": {\r\n        \"creationTime\": \"2015-12-21T19:21:10.3746438Z\",\r\n        \"lastModified\": \"2015-12-21T19:21:10.3746438Z\",\r\n        \"contentLength\": \"0\",\r\n        \"contentType\": \"application/octet-stream\"\r\n      }\r\n    },\r\n    {\r\n      \"name\": \"stdout.txt\",\r\n      \"url\": \"https://pstestaccount.eastus.batch.azure.com/jobs/listNodeFilesByTaskJob/tasks/testTask/files/stdout.txt\",\r\n      \"isDirectory\": false,\r\n      \"properties\": {\r\n        \"creationTime\": \"2015-12-21T19:21:10.3746438Z\",\r\n        \"lastModified\": \"2015-12-21T19:21:10.4716466Z\",\r\n        \"contentLength\": \"414\",\r\n        \"contentType\": \"application/octet-stream\"\r\n      }\r\n    },\r\n    {\r\n      \"name\": \"wd\",\r\n      \"url\": \"https://pstestaccount.eastus.batch.azure.com/jobs/listNodeFilesByTaskJob/tasks/testTask/files/wd\",\r\n      \"isDirectory\": true\r\n    }\r\n  ]\r\n}",
      "ResponseHeaders": {
        "Content-Type": [
          "application/json; odata=minimalmetadata"
        ],
        "Transfer-Encoding": [
          "chunked"
        ],
        "request-id": [
          "6932550a-65df-4899-8b21-21e913646188"
        ],
        "Strict-Transport-Security": [
          "max-age=31536000; includeSubDomains"
        ],
        "client-request-id": [
          "d96a0205-29e6-4b92-8e5f-69bf34266b4e"
        ],
        "DataServiceVersion": [
          "3.0"
        ],
        "Date": [
          "Mon, 21 Dec 2015 19:21:14 GMT"
        ],
        "Server": [
          "Microsoft-HTTPAPI/2.0"
        ]
      },
      "StatusCode": 200
    },
    {
      "RequestUri": "/jobs/listNodeFilesByTaskJob/tasks/testTask/files?recursive=false&api-version=2015-11-01.2.1&timeout=30",
      "EncodedRequestUri": "L2pvYnMvbGlzdE5vZGVGaWxlc0J5VGFza0pvYi90YXNrcy90ZXN0VGFzay9maWxlcz9yZWN1cnNpdmU9ZmFsc2UmYXBpLXZlcnNpb249MjAxNS0xMS0wMS4yLjEmdGltZW91dD0zMA==",
      "RequestMethod": "GET",
      "RequestBody": "",
      "RequestHeaders": {
        "client-request-id": [
          "caa050d9-8c02-4af3-bb4a-8734adf6ed8e"
        ],
        "ocp-date": [
          "Mon, 21 Dec 2015 19:21:15 GMT"
        ],
        "return-client-request-id": [
          "true"
        ],
        "User-Agent": [
          "Microsoft.Azure.Batch.Protocol.BatchRestClient/3.0.0.0",
          "AzurePowershell/v1.0.0"
        ]
      },
      "ResponseBody": "{\r\n  \"odata.metadata\": \"https://pstestaccount.eastus.batch.azure.com/$metadata#files\",\r\n  \"value\": [\r\n    {\r\n      \"name\": \"ProcessEnv.cmd\",\r\n      \"url\": \"https://pstestaccount.eastus.batch.azure.com/jobs/listNodeFilesByTaskJob/tasks/testTask/files/ProcessEnv.cmd\",\r\n      \"isDirectory\": false,\r\n      \"properties\": {\r\n        \"creationTime\": \"2015-12-21T19:21:10.460646Z\",\r\n        \"lastModified\": \"2015-12-21T19:21:10.460646Z\",\r\n        \"contentLength\": \"2446\",\r\n        \"contentType\": \"application/octet-stream\"\r\n      }\r\n    },\r\n    {\r\n      \"name\": \"stderr.txt\",\r\n      \"url\": \"https://pstestaccount.eastus.batch.azure.com/jobs/listNodeFilesByTaskJob/tasks/testTask/files/stderr.txt\",\r\n      \"isDirectory\": false,\r\n      \"properties\": {\r\n        \"creationTime\": \"2015-12-21T19:21:10.3746438Z\",\r\n        \"lastModified\": \"2015-12-21T19:21:10.3746438Z\",\r\n        \"contentLength\": \"0\",\r\n        \"contentType\": \"application/octet-stream\"\r\n      }\r\n    },\r\n    {\r\n      \"name\": \"stdout.txt\",\r\n      \"url\": \"https://pstestaccount.eastus.batch.azure.com/jobs/listNodeFilesByTaskJob/tasks/testTask/files/stdout.txt\",\r\n      \"isDirectory\": false,\r\n      \"properties\": {\r\n        \"creationTime\": \"2015-12-21T19:21:10.3746438Z\",\r\n        \"lastModified\": \"2015-12-21T19:21:10.4716466Z\",\r\n        \"contentLength\": \"414\",\r\n        \"contentType\": \"application/octet-stream\"\r\n      }\r\n    },\r\n    {\r\n      \"name\": \"wd\",\r\n      \"url\": \"https://pstestaccount.eastus.batch.azure.com/jobs/listNodeFilesByTaskJob/tasks/testTask/files/wd\",\r\n      \"isDirectory\": true\r\n    }\r\n  ]\r\n}",
      "ResponseHeaders": {
        "Content-Type": [
          "application/json; odata=minimalmetadata"
        ],
        "Transfer-Encoding": [
          "chunked"
        ],
        "request-id": [
          "c0c0b685-4f4b-4c3b-9843-3e09939c2ddb"
        ],
        "Strict-Transport-Security": [
          "max-age=31536000; includeSubDomains"
        ],
        "client-request-id": [
          "caa050d9-8c02-4af3-bb4a-8734adf6ed8e"
        ],
        "DataServiceVersion": [
          "3.0"
        ],
        "Date": [
          "Mon, 21 Dec 2015 19:21:14 GMT"
        ],
        "Server": [
          "Microsoft-HTTPAPI/2.0"
        ]
      },
      "StatusCode": 200
    },
    {
      "RequestUri": "/jobs/listNodeFilesByTaskJob?api-version=2015-11-01.2.1&timeout=30",
      "EncodedRequestUri": "L2pvYnMvbGlzdE5vZGVGaWxlc0J5VGFza0pvYj9hcGktdmVyc2lvbj0yMDE1LTExLTAxLjIuMSZ0aW1lb3V0PTMw",
      "RequestMethod": "DELETE",
      "RequestBody": "",
      "RequestHeaders": {
        "client-request-id": [
          "6bd315d6-d907-446e-80d4-75b0a80eb8a4"
        ],
        "ocp-date": [
          "Mon, 21 Dec 2015 19:21:15 GMT"
        ],
        "return-client-request-id": [
          "true"
        ],
        "User-Agent": [
          "Microsoft.Azure.Batch.Protocol.BatchRestClient/3.0.0.0",
          "AzurePowershell/v1.0.0"
        ]
      },
      "ResponseBody": "",
      "ResponseHeaders": {
        "Transfer-Encoding": [
          "chunked"
        ],
        "request-id": [
          "58b291f5-42fa-4c92-9725-d36df212b6f0"
        ],
        "Strict-Transport-Security": [
          "max-age=31536000; includeSubDomains"
        ],
        "client-request-id": [
          "6bd315d6-d907-446e-80d4-75b0a80eb8a4"
        ],
        "DataServiceVersion": [
          "3.0"
        ],
        "Date": [
          "Mon, 21 Dec 2015 19:21:13 GMT"
        ],
        "Server": [
          "Microsoft-HTTPAPI/2.0"
        ]
      },
      "StatusCode": 202
    }
  ],
  "Names": {},
  "Variables": {
    "SubscriptionId": "46241355-bb95-46a9-ba6c-42b554d71925"
  }
}