{
  "Entries": [
    {
      "RequestUri": "/subscriptions/46241355-bb95-46a9-ba6c-42b554d71925/resources?$filter=resourceType%20eq%20'Microsoft.Batch%2FbatchAccounts'&api-version=2014-04-01-preview",
      "EncodedRequestUri": "L3N1YnNjcmlwdGlvbnMvNDYyNDEzNTUtYmI5NS00NmE5LWJhNmMtNDJiNTU0ZDcxOTI1L3Jlc291cmNlcz8kZmlsdGVyPXJlc291cmNlVHlwZSUyMGVxJTIwJ01pY3Jvc29mdC5CYXRjaCUyRmJhdGNoQWNjb3VudHMnJmFwaS12ZXJzaW9uPTIwMTQtMDQtMDEtcHJldmlldw==",
      "RequestMethod": "GET",
      "RequestBody": "",
      "RequestHeaders": {
        "User-Agent": [
          "Microsoft.Azure.Management.Resources.ResourceManagementClient/2.0.0.0"
        ]
      },
      "ResponseBody": "{\r\n  \"value\": [\r\n    {\r\n      \"id\": \"/subscriptions/46241355-bb95-46a9-ba6c-42b554d71925/resourceGroups/default-brazilsouth/providers/Microsoft.Batch/batchAccounts/batchtest\",\r\n      \"name\": \"batchtest\",\r\n      \"type\": \"Microsoft.Batch/batchAccounts\",\r\n      \"location\": \"brazilsouth\",\r\n      \"tags\": {\r\n        \"tag1\": \"value1\"\r\n      }\r\n    },\r\n    {\r\n      \"id\": \"/subscriptions/46241355-bb95-46a9-ba6c-42b554d71925/resourceGroups/default-centralus/providers/Microsoft.Batch/batchAccounts/jsxplat\",\r\n      \"name\": \"jsxplat\",\r\n      \"type\": \"Microsoft.Batch/batchAccounts\",\r\n      \"location\": \"centralus\"\r\n    },\r\n    {\r\n      \"id\": \"/subscriptions/46241355-bb95-46a9-ba6c-42b554d71925/resourceGroups/default-eastus/providers/Microsoft.Batch/batchAccounts/jstesteastus2\",\r\n      \"name\": \"jstesteastus2\",\r\n      \"type\": \"Microsoft.Batch/batchAccounts\",\r\n      \"location\": \"eastus2\"\r\n    },\r\n    {\r\n      \"id\": \"/subscriptions/46241355-bb95-46a9-ba6c-42b554d71925/resourceGroups/default-eastus/providers/Microsoft.Batch/batchAccounts/pstestaccount\",\r\n      \"name\": \"pstestaccount\",\r\n      \"type\": \"Microsoft.Batch/batchAccounts\",\r\n      \"location\": \"eastus\"\r\n    },\r\n    {\r\n      \"id\": \"/subscriptions/46241355-bb95-46a9-ba6c-42b554d71925/resourceGroups/default-westus/providers/Microsoft.Batch/batchAccounts/jsmatlab\",\r\n      \"name\": \"jsmatlab\",\r\n      \"type\": \"Microsoft.Batch/batchAccounts\",\r\n      \"location\": \"westus\"\r\n    },\r\n    {\r\n      \"id\": \"/subscriptions/46241355-bb95-46a9-ba6c-42b554d71925/resourceGroups/default-westus/providers/Microsoft.Batch/batchAccounts/jstest\",\r\n      \"name\": \"jstest\",\r\n      \"type\": \"Microsoft.Batch/batchAccounts\",\r\n      \"location\": \"westus\"\r\n    }\r\n  ]\r\n}",
      "ResponseHeaders": {
        "Content-Length": [
          "1371"
        ],
        "Content-Type": [
          "application/json; charset=utf-8"
        ],
        "Expires": [
          "-1"
        ],
        "Pragma": [
          "no-cache"
        ],
        "x-ms-ratelimit-remaining-subscription-reads": [
          "14970"
        ],
        "x-ms-request-id": [
          "fa94d520-e410-4ff7-905f-3db156a16e9a"
        ],
        "x-ms-correlation-request-id": [
          "fa94d520-e410-4ff7-905f-3db156a16e9a"
        ],
        "x-ms-routing-request-id": [
          "WESTUS:20160404T202525Z:fa94d520-e410-4ff7-905f-3db156a16e9a"
        ],
        "Strict-Transport-Security": [
          "max-age=31536000; includeSubDomains"
        ],
        "Cache-Control": [
          "no-cache"
        ],
        "Date": [
          "Mon, 04 Apr 2016 20:25:24 GMT"
        ]
      },
      "StatusCode": 200
    },
    {
      "RequestUri": "/subscriptions/46241355-bb95-46a9-ba6c-42b554d71925/resourceGroups/default-eastus/providers/Microsoft.Batch/batchAccounts/pstestaccount?api-version=2015-09-01",
      "EncodedRequestUri": "L3N1YnNjcmlwdGlvbnMvNDYyNDEzNTUtYmI5NS00NmE5LWJhNmMtNDJiNTU0ZDcxOTI1L3Jlc291cmNlR3JvdXBzL2RlZmF1bHQtZWFzdHVzL3Byb3ZpZGVycy9NaWNyb3NvZnQuQmF0Y2gvYmF0Y2hBY2NvdW50cy9wc3Rlc3RhY2NvdW50P2FwaS12ZXJzaW9uPTIwMTUtMDktMDE=",
      "RequestMethod": "GET",
      "RequestBody": "",
      "RequestHeaders": {
        "x-ms-version": [
          "2015-09-01"
        ],
        "User-Agent": [
          "Microsoft.Azure.Management.Batch.BatchManagementClient/1.0.0.0"
        ]
      },
      "ResponseBody": "{\r\n  \"name\": \"pstestaccount\",\r\n  \"location\": \"eastus\",\r\n  \"properties\": {\r\n    \"accountEndpoint\": \"pstestaccount.eastus.batch.azure.com\",\r\n    \"provisioningState\": \"Succeeded\",\r\n    \"coreQuota\": 20,\r\n    \"poolQuota\": 20,\r\n    \"activeJobAndJobScheduleQuota\": 20\r\n  },\r\n  \"id\": \"/subscriptions/46241355-bb95-46a9-ba6c-42b554d71925/resourceGroups/default-eastus/providers/Microsoft.Batch/batchAccounts/pstestaccount\",\r\n  \"type\": \"Microsoft.Batch/batchAccounts\"\r\n}",
      "ResponseHeaders": {
        "Content-Length": [
          "394"
        ],
        "Content-Type": [
          "application/json; charset=utf-8"
        ],
        "Expires": [
          "-1"
        ],
        "Last-Modified": [
          "Mon, 04 Apr 2016 20:25:26 GMT"
        ],
        "Pragma": [
          "no-cache"
        ],
        "request-id": [
          "fbaa1047-947a-4b16-9dea-beadaaab59a8"
        ],
        "Strict-Transport-Security": [
          "max-age=31536000; includeSubDomains"
        ],
        "x-ms-ratelimit-remaining-subscription-reads": [
          "14998"
        ],
        "x-ms-request-id": [
          "a4d85cc0-9e30-4d39-9731-fa5032e9b7aa"
        ],
        "x-ms-correlation-request-id": [
          "a4d85cc0-9e30-4d39-9731-fa5032e9b7aa"
        ],
        "x-ms-routing-request-id": [
          "WESTUS:20160404T202526Z:a4d85cc0-9e30-4d39-9731-fa5032e9b7aa"
        ],
        "Cache-Control": [
          "no-cache"
        ],
        "Date": [
          "Mon, 04 Apr 2016 20:25:26 GMT"
        ],
        "ETag": [
          "0x8D35CC7420C491A"
        ],
        "Server": [
          "Microsoft-HTTPAPI/2.0"
        ]
      },
      "StatusCode": 200
    },
    {
      "RequestUri": "/subscriptions/46241355-bb95-46a9-ba6c-42b554d71925/resourceGroups/default-eastus/providers/Microsoft.Batch/batchAccounts/pstestaccount/listKeys?api-version=2015-09-01",
      "EncodedRequestUri": "L3N1YnNjcmlwdGlvbnMvNDYyNDEzNTUtYmI5NS00NmE5LWJhNmMtNDJiNTU0ZDcxOTI1L3Jlc291cmNlR3JvdXBzL2RlZmF1bHQtZWFzdHVzL3Byb3ZpZGVycy9NaWNyb3NvZnQuQmF0Y2gvYmF0Y2hBY2NvdW50cy9wc3Rlc3RhY2NvdW50L2xpc3RLZXlzP2FwaS12ZXJzaW9uPTIwMTUtMDktMDE=",
      "RequestMethod": "POST",
      "RequestBody": "",
      "RequestHeaders": {
        "x-ms-version": [
          "2015-09-01"
        ],
        "User-Agent": [
          "Microsoft.Azure.Management.Batch.BatchManagementClient/1.0.0.0"
        ]
      },
      "ResponseBody": "{\r\n  \"accountName\": \"pstestaccount\",\r\n  \"primary\": \"fRlHsqQAn8t7JoMsGDuLbPka/vHUscOWH0B20Bq0QcrJ5znK2hSoEO6B2y1sFtIB81tLFWnBG7pdIGIlgiV1fg==\",\r\n  \"secondary\": \"ZHMeLQ5h7glfP6dE2HhfQMrMidPWrXq6xm4WLqW5Na4g/svcxV7QE/D2sIuGhh4hvnCZZ7cB8t4/epFsjG+OtQ==\"\r\n}",
      "ResponseHeaders": {
        "Content-Length": [
          "235"
        ],
        "Content-Type": [
          "application/json; charset=utf-8"
        ],
        "Expires": [
          "-1"
        ],
        "Pragma": [
          "no-cache"
        ],
        "request-id": [
          "0e18045a-2d8a-494f-8bea-1c359bf100b5"
        ],
        "Strict-Transport-Security": [
          "max-age=31536000; includeSubDomains"
        ],
        "x-ms-ratelimit-remaining-subscription-writes": [
          "1198"
        ],
        "x-ms-request-id": [
          "e1a3b135-38e1-429f-b18c-362c615f9839"
        ],
        "x-ms-correlation-request-id": [
          "e1a3b135-38e1-429f-b18c-362c615f9839"
        ],
        "x-ms-routing-request-id": [
          "WESTUS:20160404T202526Z:e1a3b135-38e1-429f-b18c-362c615f9839"
        ],
        "Cache-Control": [
          "no-cache"
        ],
        "Date": [
          "Mon, 04 Apr 2016 20:25:26 GMT"
        ],
        "Server": [
          "Microsoft-HTTPAPI/2.0"
        ]
      },
      "StatusCode": 200
    },
    {
      "RequestUri": "/jobs?api-version=2016-02-01.3.0",
      "EncodedRequestUri": "L2pvYnM/YXBpLXZlcnNpb249MjAxNi0wMi0wMS4zLjA=",
      "RequestMethod": "POST",
      "RequestBody": "{\r\n  \"id\": \"nodeFileByTaskMaxJob\",\r\n  \"priority\": 0,\r\n  \"poolInfo\": {\r\n    \"poolId\": \"testPool\"\r\n  }\r\n}",
      "RequestHeaders": {
        "Content-Type": [
          "application/json; odata=minimalmetadata; charset=utf-8"
        ],
        "Content-Length": [
          "103"
        ],
        "x-ms-client-request-id": [
          "07a27dc8-e212-46e9-b638-44b047be9ffa"
        ],
        "accept-language": [
          "en-US"
        ],
        "client-request-id": [
          "174b97d1-e979-4f32-b9a0-91b74604a2dc"
        ],
        "ocp-date": [
          "Mon, 04 Apr 2016 20:25:27 GMT"
        ],
        "User-Agent": [
          "Microsoft.Azure.Batch.Protocol.BatchServiceClient/3.1.0.0",
          "AzurePowershell/v1.0.5"
        ]
      },
      "ResponseBody": "",
      "ResponseHeaders": {
        "Last-Modified": [
          "Mon, 04 Apr 2016 20:25:28 GMT"
        ],
        "Transfer-Encoding": [
          "chunked"
        ],
        "request-id": [
          "126fef16-a046-46d0-8525-7084703dad2a"
        ],
        "Strict-Transport-Security": [
          "max-age=31536000; includeSubDomains"
        ],
        "DataServiceVersion": [
          "3.0"
        ],
        "DataServiceId": [
          "https://pstestaccount.eastus.batch.azure.com/jobs/job-1"
        ],
        "Date": [
          "Mon, 04 Apr 2016 20:25:28 GMT"
        ],
        "ETag": [
          "0x8D35CC74345017D"
        ],
        "Location": [
          "https://pstestaccount.eastus.batch.azure.com/jobs/job-1"
        ],
        "Server": [
          "Microsoft-HTTPAPI/2.0"
        ]
      },
      "StatusCode": 201
    },
    {
      "RequestUri": "/jobs/nodeFileByTaskMaxJob/tasks?api-version=2016-02-01.3.0",
      "EncodedRequestUri": "L2pvYnMvbm9kZUZpbGVCeVRhc2tNYXhKb2IvdGFza3M/YXBpLXZlcnNpb249MjAxNi0wMi0wMS4zLjA=",
      "RequestMethod": "POST",
      "RequestBody": "{\r\n  \"id\": \"testTask\",\r\n  \"commandLine\": \"cmd /c dir /s\",\r\n  \"runElevated\": true\r\n}",
      "RequestHeaders": {
        "Content-Type": [
          "application/json; odata=minimalmetadata; charset=utf-8"
        ],
        "Content-Length": [
          "83"
        ],
        "x-ms-client-request-id": [
          "9f4ac3ca-754d-47fb-bb34-380789cb9d59"
        ],
        "accept-language": [
          "en-US"
        ],
        "client-request-id": [
          "4879e199-73f7-4c54-8ca7-a4389632a5a2"
        ],
        "ocp-date": [
          "Mon, 04 Apr 2016 20:25:28 GMT"
        ],
        "User-Agent": [
          "Microsoft.Azure.Batch.Protocol.BatchServiceClient/3.1.0.0",
          "AzurePowershell/v1.0.5"
        ]
      },
      "ResponseBody": "",
      "ResponseHeaders": {
        "Last-Modified": [
          "Mon, 04 Apr 2016 20:25:28 GMT"
        ],
        "Transfer-Encoding": [
          "chunked"
        ],
        "request-id": [
          "3e86098b-98a3-4fa3-a4d8-c652c572e519"
        ],
        "Strict-Transport-Security": [
          "max-age=31536000; includeSubDomains"
        ],
        "DataServiceVersion": [
          "3.0"
        ],
        "DataServiceId": [
          "https://pstestaccount.eastus.batch.azure.com/jobs/nodeFileByTaskMaxJob/tasks/testTask"
        ],
        "Date": [
          "Mon, 04 Apr 2016 20:25:28 GMT"
        ],
        "ETag": [
          "0x8D35CC743537B11"
        ],
        "Location": [
          "https://pstestaccount.eastus.batch.azure.com/jobs/nodeFileByTaskMaxJob/tasks/testTask"
        ],
        "Server": [
          "Microsoft-HTTPAPI/2.0"
        ]
      },
      "StatusCode": 201
    },
    {
      "RequestUri": "/jobs/nodeFileByTaskMaxJob/tasks/testTask?api-version=2016-02-01.3.0",
      "EncodedRequestUri": "L2pvYnMvbm9kZUZpbGVCeVRhc2tNYXhKb2IvdGFza3MvdGVzdFRhc2s/YXBpLXZlcnNpb249MjAxNi0wMi0wMS4zLjA=",
      "RequestMethod": "GET",
      "RequestBody": "",
      "RequestHeaders": {
        "x-ms-client-request-id": [
          "c2c485df-2ad5-430d-a557-7afcb0c496dc"
        ],
        "accept-language": [
          "en-US"
        ],
        "client-request-id": [
          "d7a14d54-c43b-4c0e-ab11-13926a6c9768"
        ],
        "ocp-date": [
          "Mon, 04 Apr 2016 20:25:28 GMT"
        ],
        "User-Agent": [
          "Microsoft.Azure.Batch.Protocol.BatchServiceClient/3.1.0.0",
          "AzurePowershell/v1.0.5"
        ]
      },
      "ResponseBody": "{\r\n  \"odata.metadata\": \"https://pstestaccount.eastus.batch.azure.com/$metadata#tasks/@Element\",\r\n  \"id\": \"testTask\",\r\n  \"url\": \"https://pstestaccount.eastus.batch.azure.com/jobs/nodeFileByTaskMaxJob/tasks/testTask\",\r\n  \"eTag\": \"0x8D35CC743537B11\",\r\n  \"creationTime\": \"2016-04-04T20:25:28.7163665Z\",\r\n  \"lastModified\": \"2016-04-04T20:25:28.7163665Z\",\r\n  \"state\": \"active\",\r\n  \"stateTransitionTime\": \"2016-04-04T20:25:28.7163665Z\",\r\n  \"commandLine\": \"cmd /c dir /s\",\r\n  \"runElevated\": true,\r\n  \"constraints\": {\r\n    \"maxWallClockTime\": \"P10675199DT2H48M5.4775807S\",\r\n    \"retentionTime\": \"P10675199DT2H48M5.4775807S\",\r\n    \"maxTaskRetryCount\": 0\r\n  },\r\n  \"executionInfo\": {\r\n    \"retryCount\": 0,\r\n    \"requeueCount\": 0\r\n  }\r\n}",
      "ResponseHeaders": {
        "Content-Type": [
          "application/json; odata=minimalmetadata"
        ],
        "Last-Modified": [
          "Mon, 04 Apr 2016 20:25:28 GMT"
        ],
        "Transfer-Encoding": [
          "chunked"
        ],
        "request-id": [
          "3167febf-94be-4ec9-ba65-96415b1eb8a2"
        ],
        "Strict-Transport-Security": [
          "max-age=31536000; includeSubDomains"
        ],
        "DataServiceVersion": [
          "3.0"
        ],
        "Date": [
          "Mon, 04 Apr 2016 20:25:28 GMT"
        ],
        "ETag": [
          "0x8D35CC743537B11"
        ],
        "Server": [
          "Microsoft-HTTPAPI/2.0"
        ]
      },
      "StatusCode": 200
    },
    {
      "RequestUri": "/jobs/nodeFileByTaskMaxJob/tasks/testTask?api-version=2016-02-01.3.0",
      "EncodedRequestUri": "L2pvYnMvbm9kZUZpbGVCeVRhc2tNYXhKb2IvdGFza3MvdGVzdFRhc2s/YXBpLXZlcnNpb249MjAxNi0wMi0wMS4zLjA=",
      "RequestMethod": "GET",
      "RequestBody": "",
      "RequestHeaders": {
        "x-ms-client-request-id": [
          "edaf73da-6240-4344-86bf-fed5ac205cc5"
        ],
        "accept-language": [
          "en-US"
        ],
        "client-request-id": [
          "7bb4fea5-bd34-433e-b966-49f9187fd295"
        ],
        "ocp-date": [
          "Mon, 04 Apr 2016 20:25:35 GMT"
        ],
        "User-Agent": [
          "Microsoft.Azure.Batch.Protocol.BatchServiceClient/3.1.0.0",
          "AzurePowershell/v1.0.5"
        ]
      },
      "ResponseBody": "{\r\n  \"odata.metadata\": \"https://pstestaccount.eastus.batch.azure.com/$metadata#tasks/@Element\",\r\n  \"id\": \"testTask\",\r\n  \"url\": \"https://pstestaccount.eastus.batch.azure.com/jobs/nodeFileByTaskMaxJob/tasks/testTask\",\r\n  \"eTag\": \"0x8D35CC743537B11\",\r\n  \"creationTime\": \"2016-04-04T20:25:28.7163665Z\",\r\n  \"lastModified\": \"2016-04-04T20:25:28.7163665Z\",\r\n  \"state\": \"completed\",\r\n  \"stateTransitionTime\": \"2016-04-04T20:25:29.4726897Z\",\r\n  \"previousState\": \"running\",\r\n  \"previousStateTransitionTime\": \"2016-04-04T20:25:29.3586914Z\",\r\n  \"commandLine\": \"cmd /c dir /s\",\r\n  \"runElevated\": true,\r\n  \"constraints\": {\r\n    \"maxWallClockTime\": \"P10675199DT2H48M5.4775807S\",\r\n    \"retentionTime\": \"P10675199DT2H48M5.4775807S\",\r\n    \"maxTaskRetryCount\": 0\r\n  },\r\n  \"executionInfo\": {\r\n    \"startTime\": \"2016-04-04T20:25:29.3586914Z\",\r\n    \"endTime\": \"2016-04-04T20:25:29.4726897Z\",\r\n    \"exitCode\": 0,\r\n    \"retryCount\": 0,\r\n    \"requeueCount\": 0\r\n  },\r\n  \"nodeInfo\": {\r\n    \"affinityId\": \"TVM:tvm-1783593343_51-20160404t193022z\",\r\n    \"nodeUrl\": \"https://pstestaccount.eastus.batch.azure.com/pools/testpool/nodes/tvm-1783593343_51-20160404t193022z\",\r\n    \"poolId\": \"testpool\",\r\n    \"nodeId\": \"tvm-1783593343_51-20160404t193022z\",\r\n    \"taskRootDirectory\": \"workitems\\\\nodefilebytaskmaxjob\\\\job-1\\\\testtask\",\r\n    \"taskRootDirectoryUrl\": \"https://pstestaccount.eastus.batch.azure.com/pools/testpool/nodes/tvm-1783593343_51-20160404t193022z/files/workitems/nodefilebytaskmaxjob/job-1/testtask\"\r\n  }\r\n}",
      "ResponseHeaders": {
        "Content-Type": [
          "application/json; odata=minimalmetadata"
        ],
        "Last-Modified": [
          "Mon, 04 Apr 2016 20:25:28 GMT"
        ],
        "Transfer-Encoding": [
          "chunked"
        ],
        "request-id": [
          "0a049fc5-7c01-4470-9c29-8c9254d7e13b"
        ],
        "Strict-Transport-Security": [
          "max-age=31536000; includeSubDomains"
        ],
        "DataServiceVersion": [
          "3.0"
        ],
        "Date": [
          "Mon, 04 Apr 2016 20:25:35 GMT"
        ],
        "ETag": [
          "0x8D35CC743537B11"
        ],
        "Server": [
          "Microsoft-HTTPAPI/2.0"
        ]
      },
      "StatusCode": 200
    },
    {
      "RequestUri": "/jobs/nodeFileByTaskMaxJob/tasks?api-version=2016-02-01.3.0&$filter=id%20eq%20'testTask'&$select=id%2Cstate",
      "EncodedRequestUri": "L2pvYnMvbm9kZUZpbGVCeVRhc2tNYXhKb2IvdGFza3M/YXBpLXZlcnNpb249MjAxNi0wMi0wMS4zLjAmJGZpbHRlcj1pZCUyMGVxJTIwJTI3dGVzdFRhc2slMjcmJHNlbGVjdD1pZCUyQ3N0YXRl",
      "RequestMethod": "GET",
      "RequestBody": "",
      "RequestHeaders": {
        "x-ms-client-request-id": [
          "0267a159-6ff7-4535-aaf5-c84e4aaac8f7"
        ],
        "accept-language": [
          "en-US"
        ],
        "client-request-id": [
          "e7b6df1b-32b2-4215-8ade-77d25792e054"
        ],
        "ocp-date": [
          "Mon, 04 Apr 2016 20:25:28 GMT"
        ],
        "User-Agent": [
          "Microsoft.Azure.Batch.Protocol.BatchServiceClient/3.1.0.0",
          "AzurePowershell/v1.0.5"
        ]
      },
      "ResponseBody": "{\r\n  \"odata.metadata\": \"https://pstestaccount.eastus.batch.azure.com/$metadata#tasks\",\r\n  \"value\": [\r\n    {\r\n      \"id\": \"testTask\",\r\n      \"state\": \"active\"\r\n    }\r\n  ]\r\n}",
      "ResponseHeaders": {
        "Content-Type": [
          "application/json; odata=minimalmetadata"
        ],
        "Transfer-Encoding": [
          "chunked"
        ],
        "request-id": [
          "3cdee6f4-74b3-4030-ac25-e0047ae6f562"
        ],
        "Strict-Transport-Security": [
          "max-age=31536000; includeSubDomains"
        ],
        "DataServiceVersion": [
          "3.0"
        ],
        "Date": [
          "Mon, 04 Apr 2016 20:25:28 GMT"
        ],
        "Server": [
          "Microsoft-HTTPAPI/2.0"
        ]
      },
      "StatusCode": 200
    },
    {
      "RequestUri": "/jobs/nodeFileByTaskMaxJob/tasks?api-version=2016-02-01.3.0&$filter=id%20eq%20'testTask'&$select=id%2Cstate",
      "EncodedRequestUri": "L2pvYnMvbm9kZUZpbGVCeVRhc2tNYXhKb2IvdGFza3M/YXBpLXZlcnNpb249MjAxNi0wMi0wMS4zLjAmJGZpbHRlcj1pZCUyMGVxJTIwJTI3dGVzdFRhc2slMjcmJHNlbGVjdD1pZCUyQ3N0YXRl",
      "RequestMethod": "GET",
      "RequestBody": "",
      "RequestHeaders": {
        "x-ms-client-request-id": [
          "8bb40489-8744-40a7-a6e6-38751ca8e394"
        ],
        "accept-language": [
          "en-US"
        ],
        "client-request-id": [
          "9f838f37-a5b3-47ce-b25d-723f15d12bdc"
        ],
        "ocp-date": [
          "Mon, 04 Apr 2016 20:25:30 GMT"
        ],
        "User-Agent": [
          "Microsoft.Azure.Batch.Protocol.BatchServiceClient/3.1.0.0",
          "AzurePowershell/v1.0.5"
        ]
      },
      "ResponseBody": "{\r\n  \"odata.metadata\": \"https://pstestaccount.eastus.batch.azure.com/$metadata#tasks\",\r\n  \"value\": [\r\n    {\r\n      \"id\": \"testTask\",\r\n      \"state\": \"completed\"\r\n    }\r\n  ]\r\n}",
      "ResponseHeaders": {
        "Content-Type": [
          "application/json; odata=minimalmetadata"
        ],
        "Transfer-Encoding": [
          "chunked"
        ],
        "request-id": [
          "f5fb672e-b625-4865-8d2d-690f49777507"
        ],
        "Strict-Transport-Security": [
          "max-age=31536000; includeSubDomains"
        ],
        "DataServiceVersion": [
          "3.0"
        ],
        "Date": [
          "Mon, 04 Apr 2016 20:25:31 GMT"
        ],
        "Server": [
          "Microsoft-HTTPAPI/2.0"
        ]
      },
      "StatusCode": 200
    },
    {
      "RequestUri": "/jobs/nodeFileByTaskMaxJob/tasks/testTask/files?recursive=false&api-version=2016-02-01.3.0",
      "EncodedRequestUri": "L2pvYnMvbm9kZUZpbGVCeVRhc2tNYXhKb2IvdGFza3MvdGVzdFRhc2svZmlsZXM/cmVjdXJzaXZlPWZhbHNlJmFwaS12ZXJzaW9uPTIwMTYtMDItMDEuMy4w",
      "RequestMethod": "GET",
      "RequestBody": "",
      "RequestHeaders": {
        "x-ms-client-request-id": [
          "55bc2482-c7f3-4e4d-8e19-efcf1514f682"
        ],
        "accept-language": [
          "en-US"
        ],
        "client-request-id": [
          "dc7e369f-efe4-41c4-9f4a-b9e51ba6157c"
        ],
        "ocp-date": [
          "Mon, 04 Apr 2016 20:25:34 GMT"
        ],
        "User-Agent": [
          "Microsoft.Azure.Batch.Protocol.BatchServiceClient/3.1.0.0",
          "AzurePowershell/v1.0.5"
        ]
      },
      "ResponseBody": "{\r\n  \"odata.metadata\": \"https://pstestaccount.eastus.batch.azure.com/$metadata#files\",\r\n  \"value\": [\r\n    {\r\n      \"name\": \"ProcessEnv.cmd\",\r\n      \"url\": \"https://pstestaccount.eastus.batch.azure.com/jobs/nodeFileByTaskMaxJob/tasks/testTask/files/ProcessEnv.cmd\",\r\n      \"isDirectory\": false,\r\n      \"properties\": {\r\n        \"creationTime\": \"2016-04-04T20:25:29.4506871Z\",\r\n        \"lastModified\": \"2016-04-04T20:25:29.4506871Z\",\r\n        \"contentLength\": \"2434\",\r\n        \"contentType\": \"application/octet-stream\"\r\n      }\r\n    },\r\n    {\r\n      \"name\": \"stderr.txt\",\r\n      \"url\": \"https://pstestaccount.eastus.batch.azure.com/jobs/nodeFileByTaskMaxJob/tasks/testTask/files/stderr.txt\",\r\n      \"isDirectory\": false,\r\n      \"properties\": {\r\n        \"creationTime\": \"2016-04-04T20:25:29.3666913Z\",\r\n        \"lastModified\": \"2016-04-04T20:25:29.3666913Z\",\r\n        \"contentLength\": \"0\",\r\n        \"contentType\": \"application/octet-stream\"\r\n      }\r\n    },\r\n    {\r\n      \"name\": \"stdout.txt\",\r\n      \"url\": \"https://pstestaccount.eastus.batch.azure.com/jobs/nodeFileByTaskMaxJob/tasks/testTask/files/stdout.txt\",\r\n      \"isDirectory\": false,\r\n      \"properties\": {\r\n        \"creationTime\": \"2016-04-04T20:25:29.3666913Z\",\r\n        \"lastModified\": \"2016-04-04T20:25:29.4616958Z\",\r\n        \"contentLength\": \"412\",\r\n        \"contentType\": \"application/octet-stream\"\r\n      }\r\n    },\r\n    {\r\n      \"name\": \"wd\",\r\n      \"url\": \"https://pstestaccount.eastus.batch.azure.com/jobs/nodeFileByTaskMaxJob/tasks/testTask/files/wd\",\r\n      \"isDirectory\": true\r\n    }\r\n  ]\r\n}",
      "ResponseHeaders": {
        "Content-Type": [
          "application/json; odata=minimalmetadata"
        ],
        "Transfer-Encoding": [
          "chunked"
        ],
        "request-id": [
          "70e055e7-11b4-4657-9ecc-096f70571443"
        ],
        "Strict-Transport-Security": [
          "max-age=31536000; includeSubDomains"
        ],
        "DataServiceVersion": [
          "3.0"
        ],
        "Date": [
          "Mon, 04 Apr 2016 20:25:35 GMT"
        ],
        "Server": [
          "Microsoft-HTTPAPI/2.0"
        ]
      },
      "StatusCode": 200
    },
    {
      "RequestUri": "/jobs/nodeFileByTaskMaxJob/tasks/testTask/files?recursive=false&api-version=2016-02-01.3.0",
      "EncodedRequestUri": "L2pvYnMvbm9kZUZpbGVCeVRhc2tNYXhKb2IvdGFza3MvdGVzdFRhc2svZmlsZXM/cmVjdXJzaXZlPWZhbHNlJmFwaS12ZXJzaW9uPTIwMTYtMDItMDEuMy4w",
      "RequestMethod": "GET",
      "RequestBody": "",
      "RequestHeaders": {
        "x-ms-client-request-id": [
          "d5d6465d-170f-40d2-9aec-c3bbca91af64"
        ],
        "accept-language": [
          "en-US"
        ],
        "client-request-id": [
          "0ceba0ca-d4be-4080-96aa-3beb92a09a89"
        ],
        "ocp-date": [
          "Mon, 04 Apr 2016 20:25:35 GMT"
        ],
        "User-Agent": [
          "Microsoft.Azure.Batch.Protocol.BatchServiceClient/3.1.0.0",
          "AzurePowershell/v1.0.5"
        ]
      },
      "ResponseBody": "{\r\n  \"odata.metadata\": \"https://pstestaccount.eastus.batch.azure.com/$metadata#files\",\r\n  \"value\": [\r\n    {\r\n      \"name\": \"ProcessEnv.cmd\",\r\n      \"url\": \"https://pstestaccount.eastus.batch.azure.com/jobs/nodeFileByTaskMaxJob/tasks/testTask/files/ProcessEnv.cmd\",\r\n      \"isDirectory\": false,\r\n      \"properties\": {\r\n        \"creationTime\": \"2016-04-04T20:25:29.4506871Z\",\r\n        \"lastModified\": \"2016-04-04T20:25:29.4506871Z\",\r\n        \"contentLength\": \"2434\",\r\n        \"contentType\": \"application/octet-stream\"\r\n      }\r\n    },\r\n    {\r\n      \"name\": \"stderr.txt\",\r\n      \"url\": \"https://pstestaccount.eastus.batch.azure.com/jobs/nodeFileByTaskMaxJob/tasks/testTask/files/stderr.txt\",\r\n      \"isDirectory\": false,\r\n      \"properties\": {\r\n        \"creationTime\": \"2016-04-04T20:25:29.3666913Z\",\r\n        \"lastModified\": \"2016-04-04T20:25:29.3666913Z\",\r\n        \"contentLength\": \"0\",\r\n        \"contentType\": \"application/octet-stream\"\r\n      }\r\n    },\r\n    {\r\n      \"name\": \"stdout.txt\",\r\n      \"url\": \"https://pstestaccount.eastus.batch.azure.com/jobs/nodeFileByTaskMaxJob/tasks/testTask/files/stdout.txt\",\r\n      \"isDirectory\": false,\r\n      \"properties\": {\r\n        \"creationTime\": \"2016-04-04T20:25:29.3666913Z\",\r\n        \"lastModified\": \"2016-04-04T20:25:29.4616958Z\",\r\n        \"contentLength\": \"412\",\r\n        \"contentType\": \"application/octet-stream\"\r\n      }\r\n    },\r\n    {\r\n      \"name\": \"wd\",\r\n      \"url\": \"https://pstestaccount.eastus.batch.azure.com/jobs/nodeFileByTaskMaxJob/tasks/testTask/files/wd\",\r\n      \"isDirectory\": true\r\n    }\r\n  ]\r\n}",
      "ResponseHeaders": {
        "Content-Type": [
          "application/json; odata=minimalmetadata"
        ],
        "Transfer-Encoding": [
          "chunked"
        ],
        "request-id": [
          "daa17676-43c8-4d17-873a-33ceff2fddf6"
        ],
        "Strict-Transport-Security": [
          "max-age=31536000; includeSubDomains"
        ],
        "DataServiceVersion": [
          "3.0"
        ],
        "Date": [
          "Mon, 04 Apr 2016 20:25:35 GMT"
        ],
        "Server": [
          "Microsoft-HTTPAPI/2.0"
        ]
      },
      "StatusCode": 200
    },
    {
      "RequestUri": "/jobs/nodeFileByTaskMaxJob?api-version=2016-02-01.3.0",
      "EncodedRequestUri": "L2pvYnMvbm9kZUZpbGVCeVRhc2tNYXhKb2I/YXBpLXZlcnNpb249MjAxNi0wMi0wMS4zLjA=",
      "RequestMethod": "DELETE",
      "RequestBody": "",
      "RequestHeaders": {
        "x-ms-client-request-id": [
          "ab7bba69-106e-4697-9975-cc5273b21abd"
        ],
        "accept-language": [
          "en-US"
        ],
        "client-request-id": [
          "71669454-6805-4204-a2fc-45cfb7c61218"
        ],
        "ocp-date": [
          "Mon, 04 Apr 2016 20:25:37 GMT"
        ],
        "User-Agent": [
          "Microsoft.Azure.Batch.Protocol.BatchServiceClient/3.1.0.0",
          "AzurePowershell/v1.0.5"
        ]
      },
      "ResponseBody": "",
      "ResponseHeaders": {
        "Transfer-Encoding": [
          "chunked"
        ],
        "request-id": [
          "6fd57765-cc2e-4e80-b27c-2921cfa41d29"
        ],
        "Strict-Transport-Security": [
          "max-age=31536000; includeSubDomains"
        ],
        "DataServiceVersion": [
          "3.0"
        ],
        "Date": [
          "Mon, 04 Apr 2016 20:25:38 GMT"
        ],
        "Server": [
          "Microsoft-HTTPAPI/2.0"
        ]
      },
      "StatusCode": 202
    }
  ],
  "Names": {},
  "Variables": {
    "SubscriptionId": "46241355-bb95-46a9-ba6c-42b554d71925",
    "AZURE_BATCH_ACCOUNT": "pstestaccount",
    "AZURE_BATCH_ENDPOINT": "https://pstestaccount.eastus.batch.azure.com"
  }
}