{
  "Entries": [
    {
      "RequestUri": "/pools/testPool/nodes?api-version=2016-07-01.3.1",
      "EncodedRequestUri": "L3Bvb2xzL3Rlc3RQb29sL25vZGVzP2FwaS12ZXJzaW9uPTIwMTYtMDctMDEuMy4x",
      "RequestMethod": "GET",
      "RequestBody": "",
      "RequestHeaders": {
        "client-request-id": [
          "3689200a-d123-492c-938f-5f0904667597"
        ],
        "accept-language": [
          "en-US"
        ],
        "ocp-date": [
          "Tue, 06 Sep 2016 06:23:47 GMT"
        ],
        "User-Agent": [
          "Microsoft.Azure.Batch.Protocol.BatchServiceClient/5.1.0.0",
          "AzurePowershell/v1.6.0"
        ]
      },
      "ResponseBody": "{\r\n  \"odata.metadata\": \"https://pstestaccount.centralus.batch.azure.com/$metadata#nodes\",\r\n  \"value\": [\r\n    {\r\n      \"id\": \"tvm-2544493925_18-20160906t061824z\",\r\n      \"url\": \"https://pstestaccount.centralus.batch.azure.com/pools/testPool/nodes/tvm-2544493925_18-20160906t061824z\",\r\n      \"state\": \"idle\",\r\n      \"schedulingState\": \"enabled\",\r\n      \"stateTransitionTime\": \"2016-09-06T06:22:10.6978265Z\",\r\n      \"lastBootTime\": \"2016-09-06T06:22:07.7448905Z\",\r\n      \"allocationTime\": \"2016-09-06T06:18:24.7886975Z\",\r\n      \"ipAddress\": \"100.111.180.192\",\r\n      \"affinityId\": \"TVM:tvm-2544493925_18-20160906t061824z\",\r\n      \"vmSize\": \"small\",\r\n      \"totalTasksRun\": 1,\r\n      \"totalTasksSucceeded\": 1,\r\n      \"runningTasksCount\": 0,\r\n      \"startTask\": {\r\n        \"commandLine\": \"cmd /c echo hello\",\r\n        \"resourceFiles\": [],\r\n        \"runElevated\": false,\r\n        \"maxTaskRetryCount\": 0,\r\n        \"waitForSuccess\": true\r\n      },\r\n      \"startTaskInfo\": {\r\n        \"state\": \"completed\",\r\n        \"startTime\": \"2016-09-06T06:22:10.6314245Z\",\r\n        \"endTime\": \"2016-09-06T06:22:10.6978265Z\",\r\n        \"exitCode\": 0,\r\n        \"retryCount\": 0\r\n      }\r\n    },\r\n    {\r\n      \"id\": \"tvm-2544493925_5-20160905t041414z\",\r\n      \"url\": \"https://pstestaccount.centralus.batch.azure.com/pools/testPool/nodes/tvm-2544493925_5-20160905t041414z\",\r\n      \"state\": \"offline\",\r\n      \"schedulingState\": \"enabled\",\r\n      \"stateTransitionTime\": \"2016-09-05T22:50:37.9616101Z\",\r\n      \"lastBootTime\": \"2016-09-05T04:17:00.7667735Z\",\r\n      \"allocationTime\": \"2016-09-05T04:14:14.3302937Z\",\r\n      \"ipAddress\": \"100.111.160.164\",\r\n      \"affinityId\": \"TVM:tvm-2544493925_5-20160905t041414z\",\r\n      \"vmSize\": \"small\",\r\n      \"totalTasksRun\": 23,\r\n      \"totalTasksSucceeded\": 21,\r\n      \"runningTasksCount\": 0,\r\n      \"startTask\": {\r\n        \"commandLine\": \"cmd /c echo hello\",\r\n        \"resourceFiles\": [],\r\n        \"runElevated\": false,\r\n        \"maxTaskRetryCount\": 0,\r\n        \"waitForSuccess\": true\r\n      },\r\n      \"startTaskInfo\": {\r\n        \"state\": \"completed\",\r\n        \"startTime\": \"2016-09-05T04:17:03.025418Z\",\r\n        \"endTime\": \"2016-09-05T04:17:03.0830315Z\",\r\n        \"exitCode\": 0,\r\n        \"retryCount\": 0\r\n      }\r\n    }\r\n  ]\r\n}",
      "ResponseHeaders": {
        "Content-Type": [
          "application/json; odata=minimalmetadata"
        ],
        "Transfer-Encoding": [
          "chunked"
        ],
        "request-id": [
          "9e9c6aee-eed6-423f-8e79-dd793a199387"
        ],
        "Strict-Transport-Security": [
          "max-age=31536000; includeSubDomains"
        ],
        "DataServiceVersion": [
          "3.0"
        ],
        "Date": [
          "Tue, 06 Sep 2016 06:23:47 GMT"
        ],
        "Server": [
          "Microsoft-HTTPAPI/2.0"
        ]
      },
      "StatusCode": 200
    },
    {
      "RequestUri": "/pools/testPool/nodes/tvm-2544493925_18-20160906t061824z/files?recursive=false&api-version=2016-07-01.3.1&$filter=startswith(name%2C's')",
      "EncodedRequestUri": "L3Bvb2xzL3Rlc3RQb29sL25vZGVzL3R2bS0yNTQ0NDkzOTI1XzE4LTIwMTYwOTA2dDA2MTgyNHovZmlsZXM/cmVjdXJzaXZlPWZhbHNlJmFwaS12ZXJzaW9uPTIwMTYtMDctMDEuMy4xJiRmaWx0ZXI9c3RhcnRzd2l0aCUyOG5hbWUlMkMlMjdzJTI3JTI5",
      "RequestMethod": "GET",
      "RequestBody": "",
      "RequestHeaders": {
        "client-request-id": [
          "46bbf8cf-8cff-4c11-baf2-53ae2c83acbb"
        ],
        "accept-language": [
          "en-US"
        ],
        "ocp-date": [
          "Tue, 06 Sep 2016 06:23:48 GMT"
        ],
        "User-Agent": [
          "Microsoft.Azure.Batch.Protocol.BatchServiceClient/5.1.0.0",
          "AzurePowershell/v1.6.0"
        ]
      },
      "ResponseBody": "{\r\n  \"odata.metadata\": \"https://pstestaccount.centralus.batch.azure.com/$metadata#files\",\r\n  \"value\": [\r\n    {\r\n      \"name\": \"shared\",\r\n      \"url\": \"https://pstestaccount.centralus.batch.azure.com/pools/testPool/nodes/tvm-2544493925_18-20160906t061824z/files/shared\",\r\n      \"isDirectory\": true\r\n    },\r\n    {\r\n      \"name\": \"startup\",\r\n      \"url\": \"https://pstestaccount.centralus.batch.azure.com/pools/testPool/nodes/tvm-2544493925_18-20160906t061824z/files/startup\",\r\n      \"isDirectory\": true\r\n    }\r\n  ]\r\n}",
      "ResponseHeaders": {
        "Content-Type": [
          "application/json; odata=minimalmetadata"
        ],
        "Transfer-Encoding": [
          "chunked"
        ],
        "request-id": [
          "d2969244-4844-4288-ab72-b0fdbe56e126"
        ],
        "Strict-Transport-Security": [
          "max-age=31536000; includeSubDomains"
        ],
        "DataServiceVersion": [
          "3.0"
        ],
        "Date": [
          "Tue, 06 Sep 2016 06:23:49 GMT"
        ],
        "Server": [
          "Microsoft-HTTPAPI/2.0"
        ]
      },
      "StatusCode": 200
    },
    {
      "RequestUri": "/pools/testPool/nodes/tvm-2544493925_18-20160906t061824z/files?recursive=false&api-version=2016-07-01.3.1&$filter=startswith(name%2C's')",
      "EncodedRequestUri": "L3Bvb2xzL3Rlc3RQb29sL25vZGVzL3R2bS0yNTQ0NDkzOTI1XzE4LTIwMTYwOTA2dDA2MTgyNHovZmlsZXM/cmVjdXJzaXZlPWZhbHNlJmFwaS12ZXJzaW9uPTIwMTYtMDctMDEuMy4xJiRmaWx0ZXI9c3RhcnRzd2l0aCUyOG5hbWUlMkMlMjdzJTI3JTI5",
      "RequestMethod": "GET",
      "RequestBody": "",
      "RequestHeaders": {
        "client-request-id": [
          "bc944596-733b-4848-bb27-7666071007b3"
        ],
        "accept-language": [
          "en-US"
        ],
        "ocp-date": [
          "Tue, 06 Sep 2016 06:23:50 GMT"
        ],
        "User-Agent": [
          "Microsoft.Azure.Batch.Protocol.BatchServiceClient/5.1.0.0",
          "AzurePowershell/v1.6.0"
        ]
      },
      "ResponseBody": "{\r\n  \"odata.metadata\": \"https://pstestaccount.centralus.batch.azure.com/$metadata#files\",\r\n  \"value\": [\r\n    {\r\n      \"name\": \"shared\",\r\n      \"url\": \"https://pstestaccount.centralus.batch.azure.com/pools/testPool/nodes/tvm-2544493925_18-20160906t061824z/files/shared\",\r\n      \"isDirectory\": true\r\n    },\r\n    {\r\n      \"name\": \"startup\",\r\n      \"url\": \"https://pstestaccount.centralus.batch.azure.com/pools/testPool/nodes/tvm-2544493925_18-20160906t061824z/files/startup\",\r\n      \"isDirectory\": true\r\n    }\r\n  ]\r\n}",
      "ResponseHeaders": {
        "Content-Type": [
          "application/json; odata=minimalmetadata"
        ],
        "Transfer-Encoding": [
          "chunked"
        ],
        "request-id": [
          "ecc80f1b-7e08-4e12-8a18-6a3dbb5f90ff"
        ],
        "Strict-Transport-Security": [
          "max-age=31536000; includeSubDomains"
        ],
        "DataServiceVersion": [
          "3.0"
        ],
        "Date": [
          "Tue, 06 Sep 2016 06:23:50 GMT"
        ],
        "Server": [
          "Microsoft-HTTPAPI/2.0"
        ]
      },
      "StatusCode": 200
    },
    {
      "RequestUri": "/pools/testPool/nodes/tvm-2544493925_18-20160906t061824z?api-version=2016-07-01.3.1",
      "EncodedRequestUri": "L3Bvb2xzL3Rlc3RQb29sL25vZGVzL3R2bS0yNTQ0NDkzOTI1XzE4LTIwMTYwOTA2dDA2MTgyNHo/YXBpLXZlcnNpb249MjAxNi0wNy0wMS4zLjE=",
      "RequestMethod": "GET",
      "RequestBody": "",
      "RequestHeaders": {
        "client-request-id": [
          "6bee66b2-3b1a-41d3-95db-6362e96ff738"
        ],
        "accept-language": [
          "en-US"
        ],
        "ocp-date": [
          "Tue, 06 Sep 2016 06:23:49 GMT"
        ],
        "User-Agent": [
          "Microsoft.Azure.Batch.Protocol.BatchServiceClient/5.1.0.0",
          "AzurePowershell/v1.6.0"
        ]
      },
      "ResponseBody": "{\r\n  \"odata.metadata\": \"https://pstestaccount.centralus.batch.azure.com/$metadata#nodes/@Element\",\r\n  \"id\": \"tvm-2544493925_18-20160906t061824z\",\r\n  \"url\": \"https://pstestaccount.centralus.batch.azure.com/pools/testPool/nodes/tvm-2544493925_18-20160906t061824z\",\r\n  \"state\": \"idle\",\r\n  \"schedulingState\": \"enabled\",\r\n  \"stateTransitionTime\": \"2016-09-06T06:22:10.6978265Z\",\r\n  \"lastBootTime\": \"2016-09-06T06:22:07.7448905Z\",\r\n  \"allocationTime\": \"2016-09-06T06:18:24.7886975Z\",\r\n  \"ipAddress\": \"100.111.180.192\",\r\n  \"affinityId\": \"TVM:tvm-2544493925_18-20160906t061824z\",\r\n  \"vmSize\": \"small\",\r\n  \"totalTasksRun\": 1,\r\n  \"totalTasksSucceeded\": 1,\r\n  \"runningTasksCount\": 0,\r\n  \"startTask\": {\r\n    \"commandLine\": \"cmd /c echo hello\",\r\n    \"resourceFiles\": [],\r\n    \"runElevated\": false,\r\n    \"maxTaskRetryCount\": 0,\r\n    \"waitForSuccess\": true\r\n  },\r\n  \"startTaskInfo\": {\r\n    \"state\": \"completed\",\r\n    \"startTime\": \"2016-09-06T06:22:10.6314245Z\",\r\n    \"endTime\": \"2016-09-06T06:22:10.6978265Z\",\r\n    \"exitCode\": 0,\r\n    \"retryCount\": 0\r\n  }\r\n}",
      "ResponseHeaders": {
        "Content-Type": [
          "application/json; odata=minimalmetadata"
        ],
        "Transfer-Encoding": [
          "chunked"
        ],
        "request-id": [
          "04d93aae-d76b-4f9c-80ad-408e5d5c8dfd"
        ],
        "Strict-Transport-Security": [
          "max-age=31536000; includeSubDomains"
        ],
        "DataServiceVersion": [
          "3.0"
        ],
        "Date": [
          "Tue, 06 Sep 2016 06:23:50 GMT"
        ],
        "Server": [
          "Microsoft-HTTPAPI/2.0"
        ]
      },
      "StatusCode": 200
    }
  ],
  "Names": {},
  "Variables": {
    "SubscriptionId": "46241355-bb95-46a9-ba6c-42b554d71925",
    "AZURE_BATCH_ACCOUNT": "pstestaccount",
    "AZURE_BATCH_ENDPOINT": "https://pstestaccount.centralus.batch.azure.com",
    "AZURE_BATCH_RESOURCE_GROUP": "accountmgmtsamplegroup"
  }
}