{
  "Entries": [
    {
      "RequestUri": "/subscriptions/f34b22a3-2202-4fb1-b040-1332bd928c84/resourceGroups/flowrg/providers/Microsoft.Logic/integrationAccounts/PS-Tests-Sessions/sessions/X12-ICN-PS-X12-Agreement-1234?api-version=2018-07-01-preview",
      "EncodedRequestUri": "L3N1YnNjcmlwdGlvbnMvZjM0YjIyYTMtMjIwMi00ZmIxLWIwNDAtMTMzMmJkOTI4Yzg0L3Jlc291cmNlR3JvdXBzL2Zsb3dyZy9wcm92aWRlcnMvTWljcm9zb2Z0LkxvZ2ljL2ludGVncmF0aW9uQWNjb3VudHMvUFMtVGVzdHMtU2Vzc2lvbnMvc2Vzc2lvbnMvWDEyLUlDTi1QUy1YMTItQWdyZWVtZW50LTEyMzQ/YXBpLXZlcnNpb249MjAxOC0wNy0wMS1wcmV2aWV3",
      "RequestMethod": "GET",
      "RequestBody": "",
      "RequestHeaders": {
        "x-ms-client-request-id": [
          "d02a088f-8af9-4ad8-8ae2-f76b6f99a1ef"
        ],
        "Accept-Language": [
          "en-US"
        ],
        "User-Agent": [
          "FxVersion/4.6.27129.04",
          "OSName/Windows",
          "OSVersion/Microsoft.Windows.10.0.17763.",
          "Microsoft.Azure.Management.Logic.LogicManagementClient/4.0.0.0"
        ]
      },
      "ResponseHeaders": {
        "Cache-Control": [
          "no-cache"
        ],
        "Pragma": [
          "no-cache"
        ],
        "ETag": [
          "\"08586533380485364186\""
        ],
        "Vary": [
          "Accept-Encoding"
        ],
        "x-ms-request-id": [
          "westus:3cac9350-d1e4-471b-944f-f416edf72c03"
        ],
        "Strict-Transport-Security": [
          "max-age=31536000; includeSubDomains"
        ],
        "x-ms-ratelimit-remaining-subscription-reads": [
          "11997"
        ],
        "x-ms-correlation-request-id": [
          "70fdcc28-069c-4a33-b5da-8b28afc1c447"
        ],
        "x-ms-routing-request-id": [
          "WESTUS2:20190123T184037Z:70fdcc28-069c-4a33-b5da-8b28afc1c447"
        ],
        "X-Content-Type-Options": [
          "nosniff"
        ],
        "Date": [
          "Wed, 23 Jan 2019 18:40:36 GMT"
        ],
        "Content-Length": [
          "559"
        ],
        "Content-Type": [
          "application/json; charset=utf-8"
        ],
        "Expires": [
          "-1"
        ]
      },
      "ResponseBody": "{\r\n  \"properties\": {\r\n    \"createdTime\": \"2018-12-13T23:07:03.6364651Z\",\r\n    \"changedTime\": \"2019-01-23T18:40:36.9453373Z\",\r\n    \"content\": {\r\n      \"ControlNumber\": \"1234\",\r\n      \"ControlNumberChangedTime\": \"2019-01-23T18:40:36.8970993Z\",\r\n      \"IsMessageProcessingFailed\": true,\r\n      \"MessageType\": 0\r\n    }\r\n  },\r\n  \"id\": \"/subscriptions/f34b22a3-2202-4fb1-b040-1332bd928c84/resourceGroups/flowrg/providers/Microsoft.Logic/integrationAccounts/PS-Tests-Sessions/sessions/X12-ICN-PS-X12-Agreement-1234\",\r\n  \"name\": \"X12-ICN-PS-X12-Agreement-1234\",\r\n  \"type\": \"Microsoft.Logic/integrationAccounts/sessions\",\r\n  \"etag\": \"\\\"08586533380485364186\\\"\"\r\n}",
      "StatusCode": 200
    },
    {
      "RequestUri": "/subscriptions/f34b22a3-2202-4fb1-b040-1332bd928c84/resourceGroups/flowrg/providers/Microsoft.Logic/integrationAccounts/PS-Tests-Sessions/sessions/X12-ICN-PS-X12-Agreement-1234?api-version=2018-07-01-preview",
      "EncodedRequestUri": "L3N1YnNjcmlwdGlvbnMvZjM0YjIyYTMtMjIwMi00ZmIxLWIwNDAtMTMzMmJkOTI4Yzg0L3Jlc291cmNlR3JvdXBzL2Zsb3dyZy9wcm92aWRlcnMvTWljcm9zb2Z0LkxvZ2ljL2ludGVncmF0aW9uQWNjb3VudHMvUFMtVGVzdHMtU2Vzc2lvbnMvc2Vzc2lvbnMvWDEyLUlDTi1QUy1YMTItQWdyZWVtZW50LTEyMzQ/YXBpLXZlcnNpb249MjAxOC0wNy0wMS1wcmV2aWV3",
      "RequestMethod": "GET",
      "RequestBody": "",
      "RequestHeaders": {
        "x-ms-client-request-id": [
          "1014f4f3-9043-4831-9273-b01fa4b6f327"
        ],
        "Accept-Language": [
          "en-US"
        ],
        "User-Agent": [
          "FxVersion/4.6.27129.04",
          "OSName/Windows",
          "OSVersion/Microsoft.Windows.10.0.17763.",
          "Microsoft.Azure.Management.Logic.LogicManagementClient/4.0.0.0"
        ]
      },
      "ResponseHeaders": {
        "Cache-Control": [
          "no-cache"
        ],
        "Pragma": [
          "no-cache"
        ],
        "ETag": [
          "\"08586533380485364186\""
        ],
        "Vary": [
          "Accept-Encoding"
        ],
        "x-ms-request-id": [
          "westus:90638682-d39e-46b3-bdc1-f1d2fc4a89bf"
        ],
        "Strict-Transport-Security": [
          "max-age=31536000; includeSubDomains"
        ],
        "x-ms-ratelimit-remaining-subscription-reads": [
          "11996"
        ],
        "x-ms-correlation-request-id": [
          "d7cf2056-612a-4a22-941e-82d6b851fe12"
        ],
        "x-ms-routing-request-id": [
          "WESTUS2:20190123T184037Z:d7cf2056-612a-4a22-941e-82d6b851fe12"
        ],
        "X-Content-Type-Options": [
          "nosniff"
        ],
        "Date": [
          "Wed, 23 Jan 2019 18:40:37 GMT"
        ],
        "Content-Length": [
          "559"
        ],
        "Content-Type": [
          "application/json; charset=utf-8"
        ],
        "Expires": [
          "-1"
        ]
      },
      "ResponseBody": "{\r\n  \"properties\": {\r\n    \"createdTime\": \"2018-12-13T23:07:03.6364651Z\",\r\n    \"changedTime\": \"2019-01-23T18:40:36.9453373Z\",\r\n    \"content\": {\r\n      \"ControlNumber\": \"1234\",\r\n      \"ControlNumberChangedTime\": \"2019-01-23T18:40:36.8970993Z\",\r\n      \"IsMessageProcessingFailed\": true,\r\n      \"MessageType\": 0\r\n    }\r\n  },\r\n  \"id\": \"/subscriptions/f34b22a3-2202-4fb1-b040-1332bd928c84/resourceGroups/flowrg/providers/Microsoft.Logic/integrationAccounts/PS-Tests-Sessions/sessions/X12-ICN-PS-X12-Agreement-1234\",\r\n  \"name\": \"X12-ICN-PS-X12-Agreement-1234\",\r\n  \"type\": \"Microsoft.Logic/integrationAccounts/sessions\",\r\n  \"etag\": \"\\\"08586533380485364186\\\"\"\r\n}",
      "StatusCode": 200
    },
    {
      "RequestUri": "/subscriptions/f34b22a3-2202-4fb1-b040-1332bd928c84/resourceGroups/flowrg/providers/Microsoft.Logic/integrationAccounts/PS-Tests-Sessions/sessions/Edifact-ICN-PS-Edifact-Agreement-1234?api-version=2018-07-01-preview",
      "EncodedRequestUri": "L3N1YnNjcmlwdGlvbnMvZjM0YjIyYTMtMjIwMi00ZmIxLWIwNDAtMTMzMmJkOTI4Yzg0L3Jlc291cmNlR3JvdXBzL2Zsb3dyZy9wcm92aWRlcnMvTWljcm9zb2Z0LkxvZ2ljL2ludGVncmF0aW9uQWNjb3VudHMvUFMtVGVzdHMtU2Vzc2lvbnMvc2Vzc2lvbnMvRWRpZmFjdC1JQ04tUFMtRWRpZmFjdC1BZ3JlZW1lbnQtMTIzND9hcGktdmVyc2lvbj0yMDE4LTA3LTAxLXByZXZpZXc=",
      "RequestMethod": "GET",
      "RequestBody": "",
      "RequestHeaders": {
        "x-ms-client-request-id": [
          "15d14c47-d739-4c4a-b90f-ee89cc187969"
        ],
        "Accept-Language": [
          "en-US"
        ],
        "User-Agent": [
          "FxVersion/4.6.27129.04",
          "OSName/Windows",
          "OSVersion/Microsoft.Windows.10.0.17763.",
          "Microsoft.Azure.Management.Logic.LogicManagementClient/4.0.0.0"
        ]
      },
      "ResponseHeaders": {
        "Cache-Control": [
          "no-cache"
        ],
        "Pragma": [
          "no-cache"
        ],
        "ETag": [
          "\"08586568644213322112\""
        ],
        "Vary": [
          "Accept-Encoding"
        ],
        "x-ms-request-id": [
          "westus:0699d751-9561-4b3d-92da-70dcef786b1d"
        ],
        "Strict-Transport-Security": [
          "max-age=31536000; includeSubDomains"
        ],
        "x-ms-ratelimit-remaining-subscription-reads": [
          "11995"
        ],
        "x-ms-correlation-request-id": [
          "4d31015d-96e0-436e-ae2b-f07624f2cef7"
        ],
        "x-ms-routing-request-id": [
          "WESTUS2:20190123T184037Z:4d31015d-96e0-436e-ae2b-f07624f2cef7"
        ],
        "X-Content-Type-Options": [
          "nosniff"
        ],
        "Date": [
          "Wed, 23 Jan 2019 18:40:37 GMT"
        ],
        "Content-Length": [
          "589"
        ],
        "Content-Type": [
          "application/json; charset=utf-8"
        ],
        "Expires": [
          "-1"
        ]
      },
      "ResponseBody": "{\r\n  \"properties\": {\r\n    \"createdTime\": \"2018-12-13T23:07:38.6271696Z\",\r\n    \"changedTime\": \"2018-12-13T23:07:44.1501177Z\",\r\n    \"content\": {\r\n      \"controlNumber\": \"1234\",\r\n      \"controlNumberChangedTime\": \"2017-02-21T22:30:11.9923759Z\",\r\n      \"DecodeReceivedMessageFailure\": \"false\",\r\n      \"MessageType\": \"Edifact\"\r\n    }\r\n  },\r\n  \"id\": \"/subscriptions/f34b22a3-2202-4fb1-b040-1332bd928c84/resourceGroups/flowrg/providers/Microsoft.Logic/integrationAccounts/PS-Tests-Sessions/sessions/Edifact-ICN-PS-Edifact-Agreement-1234\",\r\n  \"name\": \"Edifact-ICN-PS-Edifact-Agreement-1234\",\r\n  \"type\": \"Microsoft.Logic/integrationAccounts/sessions\",\r\n  \"etag\": \"\\\"08586568644213322112\\\"\"\r\n}",
      "StatusCode": 200
    }
  ],
  "Names": {},
  "Variables": {
    "SubscriptionId": "f34b22a3-2202-4fb1-b040-1332bd928c84"
  }
}