{
  "Entries": [
    {
      "RequestUri": "/subscriptions/8313371e-0879-428e-b1da-6353575a9192/resourcegroups/ps4647?api-version=2016-09-01",
      "EncodedRequestUri": "L3N1YnNjcmlwdGlvbnMvODMxMzM3MWUtMDg3OS00MjhlLWIxZGEtNjM1MzU3NWE5MTkyL3Jlc291cmNlZ3JvdXBzL3BzNDY0Nz9hcGktdmVyc2lvbj0yMDE2LTA5LTAx",
      "RequestMethod": "PUT",
      "RequestBody": "{\r\n  \"location\": \"westcentralus\"\r\n}",
      "RequestHeaders": {
        "x-ms-client-request-id": [
          "8e8b9a0a-a90b-4445-bcd4-4bd69772f155"
        ],
        "Accept-Language": [
          "en-US"
        ],
        "User-Agent": [
          "FxVersion/4.700.22.26002",
          "OSName/Windows",
          "OSVersion/Microsoft.Windows.10.0.17763",
          "Microsoft.Azure.Management.Internal.Resources.ResourceManagementClient/1.3.58"
        ],
        "Content-Type": [
          "application/json; charset=utf-8"
        ],
        "Content-Length": [
          "35"
        ]
      },
      "ResponseHeaders": {
        "Cache-Control": [
          "no-cache"
        ],
        "Pragma": [
          "no-cache"
        ],
        "x-ms-ratelimit-remaining-subscription-writes": [
          "1199"
        ],
        "x-ms-request-id": [
          "9a865df4-17bb-4cac-ae1e-e13e8bb9ce39"
        ],
        "x-ms-correlation-request-id": [
          "9a865df4-17bb-4cac-ae1e-e13e8bb9ce39"
        ],
        "x-ms-routing-request-id": [
          "UKSOUTH:20220706T140338Z:9a865df4-17bb-4cac-ae1e-e13e8bb9ce39"
        ],
        "Strict-Transport-Security": [
          "max-age=31536000; includeSubDomains"
        ],
        "X-Content-Type-Options": [
          "nosniff"
        ],
        "Date": [
          "Wed, 06 Jul 2022 14:03:37 GMT"
        ],
        "Content-Length": [
          "172"
        ],
        "Content-Type": [
          "application/json; charset=utf-8"
        ],
        "Expires": [
          "-1"
        ]
      },
      "ResponseBody": "{\r\n  \"id\": \"/subscriptions/8313371e-0879-428e-b1da-6353575a9192/resourceGroups/ps4647\",\r\n  \"name\": \"ps4647\",\r\n  \"location\": \"westcentralus\",\r\n  \"properties\": {\r\n    \"provisioningState\": \"Succeeded\"\r\n  }\r\n}",
      "StatusCode": 201
    },
    {
      "RequestUri": "/subscriptions/8313371e-0879-428e-b1da-6353575a9192/resourceGroups/ps4647/providers/Microsoft.Sql/managedInstances/ps5495?api-version=2021-05-01-preview",
      "EncodedRequestUri": "L3N1YnNjcmlwdGlvbnMvODMxMzM3MWUtMDg3OS00MjhlLWIxZGEtNjM1MzU3NWE5MTkyL3Jlc291cmNlR3JvdXBzL3BzNDY0Ny9wcm92aWRlcnMvTWljcm9zb2Z0LlNxbC9tYW5hZ2VkSW5zdGFuY2VzL3BzNTQ5NT9hcGktdmVyc2lvbj0yMDIxLTA1LTAxLXByZXZpZXc=",
      "RequestMethod": "GET",
      "RequestBody": "",
      "RequestHeaders": {
        "x-ms-client-request-id": [
          "d3a23ceb-688c-4268-8cf6-feb647350902"
        ],
        "Accept-Language": [
          "en-US"
        ],
        "User-Agent": [
          "FxVersion/4.700.22.26002",
          "OSName/Windows",
          "OSVersion/Microsoft.Windows.10.0.17763",
          "Microsoft.Azure.Management.Sql.SqlManagementClient/3.1.0.0"
        ]
      },
      "ResponseHeaders": {
        "Cache-Control": [
          "no-cache"
        ],
        "Pragma": [
          "no-cache"
        ],
        "x-ms-failure-cause": [
          "gateway"
        ],
        "x-ms-request-id": [
          "26aef4e5-5f71-4216-861c-ac2cbe51519c"
        ],
        "x-ms-correlation-request-id": [
          "26aef4e5-5f71-4216-861c-ac2cbe51519c"
        ],
        "x-ms-routing-request-id": [
          "UKSOUTH:20220706T140338Z:26aef4e5-5f71-4216-861c-ac2cbe51519c"
        ],
        "Strict-Transport-Security": [
          "max-age=31536000; includeSubDomains"
        ],
        "X-Content-Type-Options": [
          "nosniff"
        ],
        "Date": [
          "Wed, 06 Jul 2022 14:03:37 GMT"
        ],
        "Content-Type": [
          "application/json; charset=utf-8"
        ],
        "Expires": [
          "-1"
        ],
        "Content-Length": [
          "215"
        ]
      },
      "ResponseBody": "{\r\n  \"error\": {\r\n    \"code\": \"ResourceNotFound\",\r\n    \"message\": \"The Resource 'Microsoft.Sql/managedInstances/ps5495' under resource group 'ps4647' was not found. For more details please go to https://aka.ms/ARMResourceNotFoundFix\"\r\n  }\r\n}",
      "StatusCode": 404
    },
    {
      "RequestUri": "/subscriptions/8313371e-0879-428e-b1da-6353575a9192/resourceGroups/ps4647/providers/Microsoft.Sql/managedInstances/ps5495?api-version=2021-05-01-preview",
      "EncodedRequestUri": "L3N1YnNjcmlwdGlvbnMvODMxMzM3MWUtMDg3OS00MjhlLWIxZGEtNjM1MzU3NWE5MTkyL3Jlc291cmNlR3JvdXBzL3BzNDY0Ny9wcm92aWRlcnMvTWljcm9zb2Z0LlNxbC9tYW5hZ2VkSW5zdGFuY2VzL3BzNTQ5NT9hcGktdmVyc2lvbj0yMDIxLTA1LTAxLXByZXZpZXc=",
      "RequestMethod": "GET",
      "RequestBody": "",
      "RequestHeaders": {
        "x-ms-client-request-id": [
          "d3a23ceb-688c-4268-8cf6-feb647350902"
        ],
        "User-Agent": [
          "FxVersion/4.700.22.26002",
          "OSName/Windows",
          "OSVersion/Microsoft.Windows.10.0.17763",
          "Microsoft.Azure.Management.Sql.SqlManagementClient/3.1.0.0"
        ]
      },
      "ResponseHeaders": {
        "Cache-Control": [
          "no-cache"
        ],
        "Pragma": [
          "no-cache"
        ],
        "x-ms-request-id": [
          "0109f441-97ff-4dfb-bed8-1c1255504f08"
        ],
        "Server": [
          "Microsoft-HTTPAPI/2.0"
        ],
        "x-ms-ratelimit-remaining-subscription-reads": [
          "11998"
        ],
        "x-ms-correlation-request-id": [
          "8e35574f-895e-4ad8-875b-f6d5f881564a"
        ],
        "x-ms-routing-request-id": [
          "UKSOUTH:20220706T140446Z:8e35574f-895e-4ad8-875b-f6d5f881564a"
        ],
        "Strict-Transport-Security": [
          "max-age=31536000; includeSubDomains"
        ],
        "X-Content-Type-Options": [
          "nosniff"
        ],
        "Date": [
          "Wed, 06 Jul 2022 14:04:46 GMT"
        ],
        "Content-Length": [
          "1131"
        ],
        "Content-Type": [
          "application/json; charset=utf-8"
        ],
        "Expires": [
          "-1"
        ]
      },
      "ResponseBody": "{\r\n  \"sku\": {\r\n    \"name\": \"GP_Gen5\",\r\n    \"tier\": \"GeneralPurpose\",\r\n    \"family\": \"Gen5\",\r\n    \"capacity\": 4\r\n  },\r\n  \"properties\": {\r\n    \"provisioningState\": \"Creating\",\r\n    \"fullyQualifiedDomainName\": \"ps5495.1e6d90da5016.database.windows.net\",\r\n    \"administratorLogin\": \"testusername\",\r\n    \"subnetId\": \"/subscriptions/8313371e-0879-428e-b1da-6353575a9192/resourceGroups/CustomerExperienceTeam_RG/providers/Microsoft.Network/virtualNetworks/vnet-mi-tooling/subnets/ManagedInstance\",\r\n    \"state\": \"Creating\",\r\n    \"licenseType\": \"LicenseIncluded\",\r\n    \"vCores\": 4,\r\n    \"storageSizeInGB\": 256,\r\n    \"collation\": \"SQL_Latin1_General_CP1_CI_AS\",\r\n    \"dnsZone\": \"1e6d90da5016\",\r\n    \"publicDataEndpointEnabled\": false,\r\n    \"timezoneId\": \"UTC\",\r\n    \"maintenanceConfigurationId\": \"/subscriptions/8313371e-0879-428e-b1da-6353575a9192/providers/Microsoft.Maintenance/publicMaintenanceConfigurations/SQL_Default\",\r\n    \"privateEndpointConnections\": [],\r\n    \"currentBackupStorageRedundancy\": \"Geo\",\r\n    \"requestedBackupStorageRedundancy\": \"Geo\",\r\n    \"zoneRedundant\": false\r\n  },\r\n  \"location\": \"westcentralus\",\r\n  \"id\": \"/subscriptions/8313371e-0879-428e-b1da-6353575a9192/resourceGroups/ps4647/providers/Microsoft.Sql/managedInstances/ps5495\",\r\n  \"name\": \"ps5495\",\r\n  \"type\": \"Microsoft.Sql/managedInstances\"\r\n}",
      "StatusCode": 200
    },
    {
      "RequestUri": "/subscriptions/8313371e-0879-428e-b1da-6353575a9192/resourceGroups/ps4647/providers/Microsoft.Sql/managedInstances/ps5495?api-version=2021-05-01-preview",
      "EncodedRequestUri": "L3N1YnNjcmlwdGlvbnMvODMxMzM3MWUtMDg3OS00MjhlLWIxZGEtNjM1MzU3NWE5MTkyL3Jlc291cmNlR3JvdXBzL3BzNDY0Ny9wcm92aWRlcnMvTWljcm9zb2Z0LlNxbC9tYW5hZ2VkSW5zdGFuY2VzL3BzNTQ5NT9hcGktdmVyc2lvbj0yMDIxLTA1LTAxLXByZXZpZXc=",
      "RequestMethod": "GET",
      "RequestBody": "",
      "RequestHeaders": {
        "x-ms-client-request-id": [
          "d3a23ceb-688c-4268-8cf6-feb647350902"
        ],
        "User-Agent": [
          "FxVersion/4.700.22.26002",
          "OSName/Windows",
          "OSVersion/Microsoft.Windows.10.0.17763",
          "Microsoft.Azure.Management.Sql.SqlManagementClient/3.1.0.0"
        ]
      },
      "ResponseHeaders": {
        "Cache-Control": [
          "no-cache"
        ],
        "Pragma": [
          "no-cache"
        ],
        "x-ms-request-id": [
          "517e8435-7085-44aa-b5b8-841e8d62a26d"
        ],
        "Server": [
          "Microsoft-HTTPAPI/2.0"
        ],
        "x-ms-ratelimit-remaining-subscription-reads": [
          "11997"
        ],
        "x-ms-correlation-request-id": [
          "e6c79043-4f3f-40b2-b7ac-2ae1063bf324"
        ],
        "x-ms-routing-request-id": [
          "UKSOUTH:20220706T140547Z:e6c79043-4f3f-40b2-b7ac-2ae1063bf324"
        ],
        "Strict-Transport-Security": [
          "max-age=31536000; includeSubDomains"
        ],
        "X-Content-Type-Options": [
          "nosniff"
        ],
        "Date": [
          "Wed, 06 Jul 2022 14:05:46 GMT"
        ],
        "Content-Length": [
          "1131"
        ],
        "Content-Type": [
          "application/json; charset=utf-8"
        ],
        "Expires": [
          "-1"
        ]
      },
      "ResponseBody": "{\r\n  \"sku\": {\r\n    \"name\": \"GP_Gen5\",\r\n    \"tier\": \"GeneralPurpose\",\r\n    \"family\": \"Gen5\",\r\n    \"capacity\": 4\r\n  },\r\n  \"properties\": {\r\n    \"provisioningState\": \"Creating\",\r\n    \"fullyQualifiedDomainName\": \"ps5495.1e6d90da5016.database.windows.net\",\r\n    \"administratorLogin\": \"testusername\",\r\n    \"subnetId\": \"/subscriptions/8313371e-0879-428e-b1da-6353575a9192/resourceGroups/CustomerExperienceTeam_RG/providers/Microsoft.Network/virtualNetworks/vnet-mi-tooling/subnets/ManagedInstance\",\r\n    \"state\": \"Creating\",\r\n    \"licenseType\": \"LicenseIncluded\",\r\n    \"vCores\": 4,\r\n    \"storageSizeInGB\": 256,\r\n    \"collation\": \"SQL_Latin1_General_CP1_CI_AS\",\r\n    \"dnsZone\": \"1e6d90da5016\",\r\n    \"publicDataEndpointEnabled\": false,\r\n    \"timezoneId\": \"UTC\",\r\n    \"maintenanceConfigurationId\": \"/subscriptions/8313371e-0879-428e-b1da-6353575a9192/providers/Microsoft.Maintenance/publicMaintenanceConfigurations/SQL_Default\",\r\n    \"privateEndpointConnections\": [],\r\n    \"currentBackupStorageRedundancy\": \"Geo\",\r\n    \"requestedBackupStorageRedundancy\": \"Geo\",\r\n    \"zoneRedundant\": false\r\n  },\r\n  \"location\": \"westcentralus\",\r\n  \"id\": \"/subscriptions/8313371e-0879-428e-b1da-6353575a9192/resourceGroups/ps4647/providers/Microsoft.Sql/managedInstances/ps5495\",\r\n  \"name\": \"ps5495\",\r\n  \"type\": \"Microsoft.Sql/managedInstances\"\r\n}",
      "StatusCode": 200
    },
    {
      "RequestUri": "/subscriptions/8313371e-0879-428e-b1da-6353575a9192/resourceGroups/ps4647/providers/Microsoft.Sql/managedInstances/ps5495?api-version=2021-05-01-preview",
      "EncodedRequestUri": "L3N1YnNjcmlwdGlvbnMvODMxMzM3MWUtMDg3OS00MjhlLWIxZGEtNjM1MzU3NWE5MTkyL3Jlc291cmNlR3JvdXBzL3BzNDY0Ny9wcm92aWRlcnMvTWljcm9zb2Z0LlNxbC9tYW5hZ2VkSW5zdGFuY2VzL3BzNTQ5NT9hcGktdmVyc2lvbj0yMDIxLTA1LTAxLXByZXZpZXc=",
      "RequestMethod": "GET",
      "RequestBody": "",
      "RequestHeaders": {
        "x-ms-client-request-id": [
          "d3a23ceb-688c-4268-8cf6-feb647350902"
        ],
        "User-Agent": [
          "FxVersion/4.700.22.26002",
          "OSName/Windows",
          "OSVersion/Microsoft.Windows.10.0.17763",
          "Microsoft.Azure.Management.Sql.SqlManagementClient/3.1.0.0"
        ]
      },
      "ResponseHeaders": {
        "Cache-Control": [
          "no-cache"
        ],
        "Pragma": [
          "no-cache"
        ],
        "x-ms-request-id": [
          "c00abe42-4e2c-42f6-adc5-3430faaede35"
        ],
        "Server": [
          "Microsoft-HTTPAPI/2.0"
        ],
        "x-ms-ratelimit-remaining-subscription-reads": [
          "11996"
        ],
        "x-ms-correlation-request-id": [
          "ebc6d3e8-496b-4de6-a8e2-7b64501b7e03"
        ],
        "x-ms-routing-request-id": [
          "UKSOUTH:20220706T140648Z:ebc6d3e8-496b-4de6-a8e2-7b64501b7e03"
        ],
        "Strict-Transport-Security": [
          "max-age=31536000; includeSubDomains"
        ],
        "X-Content-Type-Options": [
          "nosniff"
        ],
        "Date": [
          "Wed, 06 Jul 2022 14:06:47 GMT"
        ],
        "Content-Length": [
          "1129"
        ],
        "Content-Type": [
          "application/json; charset=utf-8"
        ],
        "Expires": [
          "-1"
        ]
      },
      "ResponseBody": "{\r\n  \"sku\": {\r\n    \"name\": \"GP_Gen5\",\r\n    \"tier\": \"GeneralPurpose\",\r\n    \"family\": \"Gen5\",\r\n    \"capacity\": 4\r\n  },\r\n  \"properties\": {\r\n    \"provisioningState\": \"Succeeded\",\r\n    \"fullyQualifiedDomainName\": \"ps5495.1e6d90da5016.database.windows.net\",\r\n    \"administratorLogin\": \"testusername\",\r\n    \"subnetId\": \"/subscriptions/8313371e-0879-428e-b1da-6353575a9192/resourceGroups/CustomerExperienceTeam_RG/providers/Microsoft.Network/virtualNetworks/vnet-mi-tooling/subnets/ManagedInstance\",\r\n    \"state\": \"Ready\",\r\n    \"licenseType\": \"LicenseIncluded\",\r\n    \"vCores\": 4,\r\n    \"storageSizeInGB\": 256,\r\n    \"collation\": \"SQL_Latin1_General_CP1_CI_AS\",\r\n    \"dnsZone\": \"1e6d90da5016\",\r\n    \"publicDataEndpointEnabled\": false,\r\n    \"timezoneId\": \"UTC\",\r\n    \"maintenanceConfigurationId\": \"/subscriptions/8313371e-0879-428e-b1da-6353575a9192/providers/Microsoft.Maintenance/publicMaintenanceConfigurations/SQL_Default\",\r\n    \"privateEndpointConnections\": [],\r\n    \"currentBackupStorageRedundancy\": \"Geo\",\r\n    \"requestedBackupStorageRedundancy\": \"Geo\",\r\n    \"zoneRedundant\": false\r\n  },\r\n  \"location\": \"westcentralus\",\r\n  \"id\": \"/subscriptions/8313371e-0879-428e-b1da-6353575a9192/resourceGroups/ps4647/providers/Microsoft.Sql/managedInstances/ps5495\",\r\n  \"name\": \"ps5495\",\r\n  \"type\": \"Microsoft.Sql/managedInstances\"\r\n}",
      "StatusCode": 200
    },
    {
      "RequestUri": "/subscriptions/8313371e-0879-428e-b1da-6353575a9192/resourceGroups/ps4647/providers/Microsoft.Sql/managedInstances/ps5495?api-version=2021-05-01-preview",
      "EncodedRequestUri": "L3N1YnNjcmlwdGlvbnMvODMxMzM3MWUtMDg3OS00MjhlLWIxZGEtNjM1MzU3NWE5MTkyL3Jlc291cmNlR3JvdXBzL3BzNDY0Ny9wcm92aWRlcnMvTWljcm9zb2Z0LlNxbC9tYW5hZ2VkSW5zdGFuY2VzL3BzNTQ5NT9hcGktdmVyc2lvbj0yMDIxLTA1LTAxLXByZXZpZXc=",
      "RequestMethod": "PUT",
      "RequestBody": "{\r\n  \"sku\": {\r\n    \"name\": \"GP_Gen5\"\r\n  },\r\n  \"properties\": {\r\n    \"administratorLogin\": \"testusername\",\r\n    \"administratorLoginPassword\": \"t357ingP@s5w0rd!\",\r\n    \"subnetId\": \"/subscriptions/8313371e-0879-428e-b1da-6353575a9192/resourceGroups/CustomerExperienceTeam_RG/providers/Microsoft.Network/virtualNetworks/vnet-mi-tooling/subnets/ManagedInstance\",\r\n    \"vCores\": 4,\r\n    \"publicDataEndpointEnabled\": false\r\n  },\r\n  \"location\": \"westcentralus\"\r\n}",
      "RequestHeaders": {
        "x-ms-client-request-id": [
          "d3a23ceb-688c-4268-8cf6-feb647350902"
        ],
        "Accept-Language": [
          "en-US"
        ],
        "User-Agent": [
          "FxVersion/4.700.22.26002",
          "OSName/Windows",
          "OSVersion/Microsoft.Windows.10.0.17763",
          "Microsoft.Azure.Management.Sql.SqlManagementClient/3.1.0.0"
        ],
        "Content-Type": [
          "application/json; charset=utf-8"
        ],
        "Content-Length": [
          "454"
        ]
      },
      "ResponseHeaders": {
        "Cache-Control": [
          "no-cache"
        ],
        "Pragma": [
          "no-cache"
        ],
        "Retry-After": [
          "60"
        ],
        "x-ms-request-id": [
          "9beb2859-a3f5-4a1e-9528-9b492f28dde1"
        ],
        "Server": [
          "Microsoft-HTTPAPI/2.0"
        ],
        "x-ms-ratelimit-remaining-subscription-writes": [
          "1199"
        ],
        "x-ms-correlation-request-id": [
          "350aa198-3d35-450d-a115-2060ff454107"
        ],
        "x-ms-routing-request-id": [
          "UKSOUTH:20220706T140345Z:350aa198-3d35-450d-a115-2060ff454107"
        ],
        "Strict-Transport-Security": [
          "max-age=31536000; includeSubDomains"
        ],
        "X-Content-Type-Options": [
          "nosniff"
        ],
        "Date": [
          "Wed, 06 Jul 2022 14:03:44 GMT"
        ],
        "Content-Length": [
          "691"
        ],
        "Content-Type": [
          "application/json; charset=utf-8"
        ],
        "Expires": [
          "-1"
        ]
      },
      "ResponseBody": "{\r\n  \"sku\": {\r\n    \"name\": \"GP_Gen5\",\r\n    \"tier\": \"GeneralPurpose\",\r\n    \"family\": \"Gen5\",\r\n    \"capacity\": 4\r\n  },\r\n  \"properties\": {\r\n    \"provisioningState\": \"Creating\",\r\n    \"administratorLogin\": \"testusername\",\r\n    \"licenseType\": \"LicenseIncluded\",\r\n    \"vCores\": 4,\r\n    \"storageSizeInGB\": 256,\r\n    \"collation\": \"SQL_Latin1_General_CP1_CI_AS\",\r\n    \"publicDataEndpointEnabled\": false,\r\n    \"timezoneId\": \"UTC\",\r\n    \"maintenanceConfigurationId\": \"SystemDefault\",\r\n    \"privateEndpointConnections\": [],\r\n    \"currentBackupStorageRedundancy\": \"Geo\",\r\n    \"requestedBackupStorageRedundancy\": \"Geo\"\r\n  },\r\n  \"location\": \"westcentralus\",\r\n  \"id\": \"/subscriptions/8313371e-0879-428e-b1da-6353575a9192/resourceGroups/ps4647/providers/Microsoft.Sql/managedInstances/ps5495\",\r\n  \"name\": \"ps5495\",\r\n  \"type\": \"Microsoft.Sql/managedInstances\"\r\n}",
      "StatusCode": 201
    },
    {
      "RequestUri": "/subscriptions/8313371e-0879-428e-b1da-6353575a9192/resourceGroups/ps4647/providers/Microsoft.Sql/managedInstances/ps5495/dnsAliases/ps5495-testalias?api-version=2021-11-01-preview",
      "EncodedRequestUri": "L3N1YnNjcmlwdGlvbnMvODMxMzM3MWUtMDg3OS00MjhlLWIxZGEtNjM1MzU3NWE5MTkyL3Jlc291cmNlR3JvdXBzL3BzNDY0Ny9wcm92aWRlcnMvTWljcm9zb2Z0LlNxbC9tYW5hZ2VkSW5zdGFuY2VzL3BzNTQ5NS9kbnNBbGlhc2VzL3BzNTQ5NS10ZXN0YWxpYXM/YXBpLXZlcnNpb249MjAyMS0xMS0wMS1wcmV2aWV3",
      "RequestMethod": "GET",
      "RequestBody": "",
      "RequestHeaders": {
        "x-ms-client-request-id": [
          "2021712b-4516-4963-b3ff-67c27d78558f"
        ],
        "Accept-Language": [
          "en-US"
        ],
        "User-Agent": [
          "FxVersion/4.700.22.26002",
          "OSName/Windows",
          "OSVersion/Microsoft.Windows.10.0.17763",
          "Microsoft.Azure.Management.Sql.SqlManagementClient/3.1.0.0"
        ]
      },
      "ResponseHeaders": {
        "Cache-Control": [
          "no-cache"
        ],
        "Pragma": [
          "no-cache"
        ],
        "x-ms-request-id": [
          "622d16eb-fa4f-4f65-b89e-035ee83b3b33"
        ],
        "Server": [
          "Microsoft-HTTPAPI/2.0"
        ],
        "x-ms-ratelimit-remaining-subscription-reads": [
          "11995"
        ],
        "x-ms-correlation-request-id": [
          "5c6a728b-4574-4e40-adc9-5e16d806408c"
        ],
        "x-ms-routing-request-id": [
          "UKSOUTH:20220706T140718Z:5c6a728b-4574-4e40-adc9-5e16d806408c"
        ],
        "Strict-Transport-Security": [
          "max-age=31536000; includeSubDomains"
        ],
        "X-Content-Type-Options": [
          "nosniff"
        ],
        "Date": [
          "Wed, 06 Jul 2022 14:07:18 GMT"
        ],
        "Content-Length": [
          "168"
        ],
        "Content-Type": [
          "application/json; charset=utf-8"
        ],
        "Expires": [
          "-1"
        ]
      },
      "ResponseBody": "{\r\n  \"error\": {\r\n    \"code\": \"ResourceNotFound\",\r\n    \"message\": \"The requested resource of type 'Microsoft.Sql/managedInstances/dnsAliases' with name 'ps5495-testalias' was not found.\"\r\n  }\r\n}",
      "StatusCode": 404
    },
    {
      "RequestUri": "/subscriptions/8313371e-0879-428e-b1da-6353575a9192/resourceGroups/ps4647/providers/Microsoft.Sql/managedInstances/ps5495/dnsAliases/ps5495-testalias?api-version=2021-11-01-preview",
      "EncodedRequestUri": "L3N1YnNjcmlwdGlvbnMvODMxMzM3MWUtMDg3OS00MjhlLWIxZGEtNjM1MzU3NWE5MTkyL3Jlc291cmNlR3JvdXBzL3BzNDY0Ny9wcm92aWRlcnMvTWljcm9zb2Z0LlNxbC9tYW5hZ2VkSW5zdGFuY2VzL3BzNTQ5NS9kbnNBbGlhc2VzL3BzNTQ5NS10ZXN0YWxpYXM/YXBpLXZlcnNpb249MjAyMS0xMS0wMS1wcmV2aWV3",
      "RequestMethod": "GET",
      "RequestBody": "",
      "RequestHeaders": {
        "User-Agent": [
          "FxVersion/4.700.22.26002",
          "OSName/Windows",
          "OSVersion/Microsoft.Windows.10.0.17763",
          "Microsoft.Azure.Management.Sql.SqlManagementClient/3.1.0.0"
        ]
      },
      "ResponseHeaders": {
        "Cache-Control": [
          "no-cache"
        ],
        "Pragma": [
          "no-cache"
        ],
        "x-ms-request-id": [
          "157d70fe-bc25-42da-a84b-476466b55a8b"
        ],
        "Server": [
          "Microsoft-HTTPAPI/2.0"
        ],
        "x-ms-ratelimit-remaining-subscription-reads": [
          "11993"
        ],
        "x-ms-correlation-request-id": [
          "598ab9bf-caee-427a-8e86-8a8e5897bbe7"
        ],
        "x-ms-routing-request-id": [
          "UKSOUTH:20220706T140721Z:598ab9bf-caee-427a-8e86-8a8e5897bbe7"
        ],
        "Strict-Transport-Security": [
          "max-age=31536000; includeSubDomains"
        ],
        "X-Content-Type-Options": [
          "nosniff"
        ],
        "Date": [
          "Wed, 06 Jul 2022 14:07:21 GMT"
        ],
        "Content-Length": [
          "251"
        ],
        "Content-Type": [
          "application/json; charset=utf-8"
        ],
        "Expires": [
          "-1"
        ]
      },
      "ResponseBody": "{\r\n  \"properties\": {},\r\n  \"id\": \"/subscriptions/8313371e-0879-428e-b1da-6353575a9192/resourceGroups/ps4647/providers/Microsoft.Sql/managedInstances/ps5495/dnsAliases/ps5495-testalias\",\r\n  \"name\": \"ps5495-testalias\",\r\n  \"type\": \"Microsoft.Sql/managedInstances/dnsAliases\"\r\n}",
      "StatusCode": 200
    },
    {
      "RequestUri": "/subscriptions/8313371e-0879-428e-b1da-6353575a9192/resourceGroups/ps4647/providers/Microsoft.Sql/managedInstances/ps5495/dnsAliases/ps5495-testalias?api-version=2021-11-01-preview",
      "EncodedRequestUri": "L3N1YnNjcmlwdGlvbnMvODMxMzM3MWUtMDg3OS00MjhlLWIxZGEtNjM1MzU3NWE5MTkyL3Jlc291cmNlR3JvdXBzL3BzNDY0Ny9wcm92aWRlcnMvTWljcm9zb2Z0LlNxbC9tYW5hZ2VkSW5zdGFuY2VzL3BzNTQ5NS9kbnNBbGlhc2VzL3BzNTQ5NS10ZXN0YWxpYXM/YXBpLXZlcnNpb249MjAyMS0xMS0wMS1wcmV2aWV3",
      "RequestMethod": "GET",
      "RequestBody": "",
      "RequestHeaders": {
        "x-ms-client-request-id": [
          "7e19bf99-e0f4-4150-87a6-e144e81c6d0a"
        ],
        "Accept-Language": [
          "en-US"
        ],
        "User-Agent": [
          "FxVersion/4.700.22.26002",
          "OSName/Windows",
          "OSVersion/Microsoft.Windows.10.0.17763",
          "Microsoft.Azure.Management.Sql.SqlManagementClient/3.1.0.0"
        ]
      },
      "ResponseHeaders": {
        "Cache-Control": [
          "no-cache"
        ],
        "Pragma": [
          "no-cache"
        ],
        "x-ms-request-id": [
          "97a02db8-fe24-4fac-8d84-edbd42587fd5"
        ],
        "Server": [
          "Microsoft-HTTPAPI/2.0"
        ],
        "x-ms-ratelimit-remaining-subscription-reads": [
          "11992"
        ],
        "x-ms-correlation-request-id": [
          "d5e1c0e0-687f-424f-bbe9-7852288f9383"
        ],
        "x-ms-routing-request-id": [
          "UKSOUTH:20220706T140722Z:d5e1c0e0-687f-424f-bbe9-7852288f9383"
        ],
        "Strict-Transport-Security": [
          "max-age=31536000; includeSubDomains"
        ],
        "X-Content-Type-Options": [
          "nosniff"
        ],
        "Date": [
          "Wed, 06 Jul 2022 14:07:22 GMT"
        ],
        "Content-Length": [
          "251"
        ],
        "Content-Type": [
          "application/json; charset=utf-8"
        ],
        "Expires": [
          "-1"
        ]
      },
      "ResponseBody": "{\r\n  \"properties\": {},\r\n  \"id\": \"/subscriptions/8313371e-0879-428e-b1da-6353575a9192/resourceGroups/ps4647/providers/Microsoft.Sql/managedInstances/ps5495/dnsAliases/ps5495-testalias\",\r\n  \"name\": \"ps5495-testalias\",\r\n  \"type\": \"Microsoft.Sql/managedInstances/dnsAliases\"\r\n}",
      "StatusCode": 200
    },
    {
      "RequestUri": "/subscriptions/8313371e-0879-428e-b1da-6353575a9192/resourceGroups/ps4647/providers/Microsoft.Sql/managedInstances/ps5495/dnsAliases/ps5495-testalias?api-version=2021-11-01-preview",
      "EncodedRequestUri": "L3N1YnNjcmlwdGlvbnMvODMxMzM3MWUtMDg3OS00MjhlLWIxZGEtNjM1MzU3NWE5MTkyL3Jlc291cmNlR3JvdXBzL3BzNDY0Ny9wcm92aWRlcnMvTWljcm9zb2Z0LlNxbC9tYW5hZ2VkSW5zdGFuY2VzL3BzNTQ5NS9kbnNBbGlhc2VzL3BzNTQ5NS10ZXN0YWxpYXM/YXBpLXZlcnNpb249MjAyMS0xMS0wMS1wcmV2aWV3",
      "RequestMethod": "GET",
      "RequestBody": "",
      "RequestHeaders": {
        "User-Agent": [
          "FxVersion/4.700.22.26002",
          "OSName/Windows",
          "OSVersion/Microsoft.Windows.10.0.17763",
          "Microsoft.Azure.Management.Sql.SqlManagementClient/3.1.0.0"
        ]
      },
      "ResponseHeaders": {
        "Cache-Control": [
          "no-cache"
        ],
        "Pragma": [
          "no-cache"
        ],
        "x-ms-request-id": [
          "29acb602-4510-4694-9bfa-b3fa00c1832f"
        ],
        "Server": [
          "Microsoft-HTTPAPI/2.0"
        ],
        "x-ms-ratelimit-remaining-subscription-reads": [
          "11990"
        ],
        "x-ms-correlation-request-id": [
          "1f4eec4a-b6fc-4a68-b291-4424066d2f2b"
        ],
        "x-ms-routing-request-id": [
          "UKSOUTH:20220706T140725Z:1f4eec4a-b6fc-4a68-b291-4424066d2f2b"
        ],
        "Strict-Transport-Security": [
          "max-age=31536000; includeSubDomains"
        ],
        "X-Content-Type-Options": [
          "nosniff"
        ],
        "Date": [
          "Wed, 06 Jul 2022 14:07:25 GMT"
        ],
        "Content-Length": [
          "320"
        ],
        "Content-Type": [
          "application/json; charset=utf-8"
        ],
        "Expires": [
          "-1"
        ]
      },
      "ResponseBody": "{\r\n  \"properties\": {\r\n    \"azureDnsRecord\": \"ps5495-testalias.1e6d90da5016.database.windows.net\"\r\n  },\r\n  \"id\": \"/subscriptions/8313371e-0879-428e-b1da-6353575a9192/resourceGroups/ps4647/providers/Microsoft.Sql/managedInstances/ps5495/dnsAliases/ps5495-testalias\",\r\n  \"name\": \"ps5495-testalias\",\r\n  \"type\": \"Microsoft.Sql/managedInstances/dnsAliases\"\r\n}",
      "StatusCode": 200
    },
    {
      "RequestUri": "/subscriptions/8313371e-0879-428e-b1da-6353575a9192/resourceGroups/ps4647/providers/Microsoft.Sql/managedInstances/ps5495/dnsAliases/ps5495-testalias?api-version=2021-11-01-preview",
      "EncodedRequestUri": "L3N1YnNjcmlwdGlvbnMvODMxMzM3MWUtMDg3OS00MjhlLWIxZGEtNjM1MzU3NWE5MTkyL3Jlc291cmNlR3JvdXBzL3BzNDY0Ny9wcm92aWRlcnMvTWljcm9zb2Z0LlNxbC9tYW5hZ2VkSW5zdGFuY2VzL3BzNTQ5NS9kbnNBbGlhc2VzL3BzNTQ5NS10ZXN0YWxpYXM/YXBpLXZlcnNpb249MjAyMS0xMS0wMS1wcmV2aWV3",
      "RequestMethod": "GET",
      "RequestBody": "",
      "RequestHeaders": {
        "x-ms-client-request-id": [
          "5278473e-4c90-4f80-b51e-e4de41bef813"
        ],
        "Accept-Language": [
          "en-US"
        ],
        "User-Agent": [
          "FxVersion/4.700.22.26002",
          "OSName/Windows",
          "OSVersion/Microsoft.Windows.10.0.17763",
          "Microsoft.Azure.Management.Sql.SqlManagementClient/3.1.0.0"
        ]
      },
      "ResponseHeaders": {
        "Cache-Control": [
          "no-cache"
        ],
        "Pragma": [
          "no-cache"
        ],
        "x-ms-request-id": [
          "4268d92d-51f5-4ec9-87d0-ea1c84114e72"
        ],
        "Server": [
          "Microsoft-HTTPAPI/2.0"
        ],
        "x-ms-ratelimit-remaining-subscription-reads": [
          "11989"
        ],
        "x-ms-correlation-request-id": [
          "59b61a5a-b929-4d45-b741-18e006a9f841"
        ],
        "x-ms-routing-request-id": [
          "UKSOUTH:20220706T140725Z:59b61a5a-b929-4d45-b741-18e006a9f841"
        ],
        "Strict-Transport-Security": [
          "max-age=31536000; includeSubDomains"
        ],
        "X-Content-Type-Options": [
          "nosniff"
        ],
        "Date": [
          "Wed, 06 Jul 2022 14:07:25 GMT"
        ],
        "Content-Length": [
          "320"
        ],
        "Content-Type": [
          "application/json; charset=utf-8"
        ],
        "Expires": [
          "-1"
        ]
      },
      "ResponseBody": "{\r\n  \"properties\": {\r\n    \"azureDnsRecord\": \"ps5495-testalias.1e6d90da5016.database.windows.net\"\r\n  },\r\n  \"id\": \"/subscriptions/8313371e-0879-428e-b1da-6353575a9192/resourceGroups/ps4647/providers/Microsoft.Sql/managedInstances/ps5495/dnsAliases/ps5495-testalias\",\r\n  \"name\": \"ps5495-testalias\",\r\n  \"type\": \"Microsoft.Sql/managedInstances/dnsAliases\"\r\n}",
      "StatusCode": 200
    },
    {
      "RequestUri": "/subscriptions/8313371e-0879-428e-b1da-6353575a9192/resourceGroups/ps4647/providers/Microsoft.Sql/managedInstances/ps5495/dnsAliases/ps5495-testalias?api-version=2021-11-01-preview",
      "EncodedRequestUri": "L3N1YnNjcmlwdGlvbnMvODMxMzM3MWUtMDg3OS00MjhlLWIxZGEtNjM1MzU3NWE5MTkyL3Jlc291cmNlR3JvdXBzL3BzNDY0Ny9wcm92aWRlcnMvTWljcm9zb2Z0LlNxbC9tYW5hZ2VkSW5zdGFuY2VzL3BzNTQ5NS9kbnNBbGlhc2VzL3BzNTQ5NS10ZXN0YWxpYXM/YXBpLXZlcnNpb249MjAyMS0xMS0wMS1wcmV2aWV3",
      "RequestMethod": "GET",
      "RequestBody": "",
      "RequestHeaders": {
        "x-ms-client-request-id": [
          "efedc988-2e64-4a34-a542-80c5a15dfc20"
        ],
        "Accept-Language": [
          "en-US"
        ],
        "User-Agent": [
          "FxVersion/4.700.22.26002",
          "OSName/Windows",
          "OSVersion/Microsoft.Windows.10.0.17763",
          "Microsoft.Azure.Management.Sql.SqlManagementClient/3.1.0.0"
        ]
      },
      "ResponseHeaders": {
        "Cache-Control": [
          "no-cache"
        ],
        "Pragma": [
          "no-cache"
        ],
        "x-ms-request-id": [
          "a3541cee-2cde-4e34-896e-bff465070526"
        ],
        "Server": [
          "Microsoft-HTTPAPI/2.0"
        ],
        "x-ms-ratelimit-remaining-subscription-reads": [
          "11986"
        ],
        "x-ms-correlation-request-id": [
          "41f2a5c6-adec-4ea4-ba65-3cf149b2a30c"
        ],
        "x-ms-routing-request-id": [
          "UKSOUTH:20220706T140729Z:41f2a5c6-adec-4ea4-ba65-3cf149b2a30c"
        ],
        "Strict-Transport-Security": [
          "max-age=31536000; includeSubDomains"
        ],
        "X-Content-Type-Options": [
          "nosniff"
        ],
        "Date": [
          "Wed, 06 Jul 2022 14:07:28 GMT"
        ],
        "Content-Length": [
          "168"
        ],
        "Content-Type": [
          "application/json; charset=utf-8"
        ],
        "Expires": [
          "-1"
        ]
      },
      "ResponseBody": "{\r\n  \"error\": {\r\n    \"code\": \"ResourceNotFound\",\r\n    \"message\": \"The requested resource of type 'Microsoft.Sql/managedInstances/dnsAliases' with name 'ps5495-testalias' was not found.\"\r\n  }\r\n}",
      "StatusCode": 404
    },
    {
      "RequestUri": "/subscriptions/8313371e-0879-428e-b1da-6353575a9192/resourceGroups/ps4647/providers/Microsoft.Sql/managedInstances/ps5495/dnsAliases/ps5495-testalias?api-version=2021-11-01-preview",
      "EncodedRequestUri": "L3N1YnNjcmlwdGlvbnMvODMxMzM3MWUtMDg3OS00MjhlLWIxZGEtNjM1MzU3NWE5MTkyL3Jlc291cmNlR3JvdXBzL3BzNDY0Ny9wcm92aWRlcnMvTWljcm9zb2Z0LlNxbC9tYW5hZ2VkSW5zdGFuY2VzL3BzNTQ5NS9kbnNBbGlhc2VzL3BzNTQ5NS10ZXN0YWxpYXM/YXBpLXZlcnNpb249MjAyMS0xMS0wMS1wcmV2aWV3",
      "RequestMethod": "GET",
      "RequestBody": "",
      "RequestHeaders": {
        "x-ms-client-request-id": [
          "efedc988-2e64-4a34-a542-80c5a15dfc20"
        ],
        "User-Agent": [
          "FxVersion/4.700.22.26002",
          "OSName/Windows",
          "OSVersion/Microsoft.Windows.10.0.17763",
          "Microsoft.Azure.Management.Sql.SqlManagementClient/3.1.0.0"
        ]
      },
      "ResponseHeaders": {
        "Cache-Control": [
          "no-cache"
        ],
        "Pragma": [
          "no-cache"
        ],
        "x-ms-request-id": [
          "afd9c760-4bb0-4491-ae28-e075c2c6099f"
        ],
        "Server": [
          "Microsoft-HTTPAPI/2.0"
        ],
        "x-ms-ratelimit-remaining-subscription-reads": [
          "11984"
        ],
        "x-ms-correlation-request-id": [
          "56c9b6f6-3a5f-4673-abf2-5e0be21e1b8e"
        ],
        "x-ms-routing-request-id": [
          "UKSOUTH:20220706T140732Z:56c9b6f6-3a5f-4673-abf2-5e0be21e1b8e"
        ],
        "Strict-Transport-Security": [
          "max-age=31536000; includeSubDomains"
        ],
        "X-Content-Type-Options": [
          "nosniff"
        ],
        "Date": [
          "Wed, 06 Jul 2022 14:07:31 GMT"
        ],
        "Content-Length": [
          "320"
        ],
        "Content-Type": [
          "application/json; charset=utf-8"
        ],
        "Expires": [
          "-1"
        ]
      },
      "ResponseBody": "{\r\n  \"properties\": {\r\n    \"azureDnsRecord\": \"ps5495-testalias.1e6d90da5016.database.windows.net\"\r\n  },\r\n  \"id\": \"/subscriptions/8313371e-0879-428e-b1da-6353575a9192/resourceGroups/ps4647/providers/Microsoft.Sql/managedInstances/ps5495/dnsAliases/ps5495-testalias\",\r\n  \"name\": \"ps5495-testalias\",\r\n  \"type\": \"Microsoft.Sql/managedInstances/dnsAliases\"\r\n}",
      "StatusCode": 200
    },
    {
      "RequestUri": "/subscriptions/8313371e-0879-428e-b1da-6353575a9192/resourceGroups/ps4647/providers/Microsoft.Sql/managedInstances/ps5495/dnsAliases/ps5495-testalias?api-version=2021-11-01-preview",
      "EncodedRequestUri": "L3N1YnNjcmlwdGlvbnMvODMxMzM3MWUtMDg3OS00MjhlLWIxZGEtNjM1MzU3NWE5MTkyL3Jlc291cmNlR3JvdXBzL3BzNDY0Ny9wcm92aWRlcnMvTWljcm9zb2Z0LlNxbC9tYW5hZ2VkSW5zdGFuY2VzL3BzNTQ5NS9kbnNBbGlhc2VzL3BzNTQ5NS10ZXN0YWxpYXM/YXBpLXZlcnNpb249MjAyMS0xMS0wMS1wcmV2aWV3",
      "RequestMethod": "GET",
      "RequestBody": "",
      "RequestHeaders": {
        "x-ms-client-request-id": [
          "9b43a4dd-6b00-4763-bffc-420a29d1514b"
        ],
        "Accept-Language": [
          "en-US"
        ],
        "User-Agent": [
          "FxVersion/4.700.22.26002",
          "OSName/Windows",
          "OSVersion/Microsoft.Windows.10.0.17763",
          "Microsoft.Azure.Management.Sql.SqlManagementClient/3.1.0.0"
        ]
      },
      "ResponseHeaders": {
        "Cache-Control": [
          "no-cache"
        ],
        "Pragma": [
          "no-cache"
        ],
        "x-ms-request-id": [
          "13ae56ce-d507-4e19-8fe3-a2c31fc0db03"
        ],
        "Server": [
          "Microsoft-HTTPAPI/2.0"
        ],
        "x-ms-ratelimit-remaining-subscription-reads": [
          "11983"
        ],
        "x-ms-correlation-request-id": [
          "a245533f-e33e-4454-abd0-73788c5959fe"
        ],
        "x-ms-routing-request-id": [
          "UKSOUTH:20220706T140732Z:a245533f-e33e-4454-abd0-73788c5959fe"
        ],
        "Strict-Transport-Security": [
          "max-age=31536000; includeSubDomains"
        ],
        "X-Content-Type-Options": [
          "nosniff"
        ],
        "Date": [
          "Wed, 06 Jul 2022 14:07:32 GMT"
        ],
        "Content-Length": [
          "320"
        ],
        "Content-Type": [
          "application/json; charset=utf-8"
        ],
        "Expires": [
          "-1"
        ]
      },
      "ResponseBody": "{\r\n  \"properties\": {\r\n    \"azureDnsRecord\": \"ps5495-testalias.1e6d90da5016.database.windows.net\"\r\n  },\r\n  \"id\": \"/subscriptions/8313371e-0879-428e-b1da-6353575a9192/resourceGroups/ps4647/providers/Microsoft.Sql/managedInstances/ps5495/dnsAliases/ps5495-testalias\",\r\n  \"name\": \"ps5495-testalias\",\r\n  \"type\": \"Microsoft.Sql/managedInstances/dnsAliases\"\r\n}",
      "StatusCode": 200
    },
    {
      "RequestUri": "/subscriptions/8313371e-0879-428e-b1da-6353575a9192/resourceGroups/ps4647/providers/Microsoft.Sql/managedInstances/ps5495/dnsAliases/ps5495-testalias?api-version=2021-11-01-preview",
      "EncodedRequestUri": "L3N1YnNjcmlwdGlvbnMvODMxMzM3MWUtMDg3OS00MjhlLWIxZGEtNjM1MzU3NWE5MTkyL3Jlc291cmNlR3JvdXBzL3BzNDY0Ny9wcm92aWRlcnMvTWljcm9zb2Z0LlNxbC9tYW5hZ2VkSW5zdGFuY2VzL3BzNTQ5NS9kbnNBbGlhc2VzL3BzNTQ5NS10ZXN0YWxpYXM/YXBpLXZlcnNpb249MjAyMS0xMS0wMS1wcmV2aWV3",
      "RequestMethod": "GET",
      "RequestBody": "",
      "RequestHeaders": {
        "x-ms-client-request-id": [
          "9b43a4dd-6b00-4763-bffc-420a29d1514b"
        ],
        "User-Agent": [
          "FxVersion/4.700.22.26002",
          "OSName/Windows",
          "OSVersion/Microsoft.Windows.10.0.17763",
          "Microsoft.Azure.Management.Sql.SqlManagementClient/3.1.0.0"
        ]
      },
      "ResponseHeaders": {
        "Cache-Control": [
          "no-cache"
        ],
        "Pragma": [
          "no-cache"
        ],
        "x-ms-request-id": [
          "b41ed063-e71b-4dea-a5e8-2bba05e02e45"
        ],
        "Server": [
          "Microsoft-HTTPAPI/2.0"
        ],
        "x-ms-ratelimit-remaining-subscription-reads": [
          "11981"
        ],
        "x-ms-correlation-request-id": [
          "44b35868-7418-4721-9135-7d4e4fb2f277"
        ],
        "x-ms-routing-request-id": [
          "UKSOUTH:20220706T140735Z:44b35868-7418-4721-9135-7d4e4fb2f277"
        ],
        "Strict-Transport-Security": [
          "max-age=31536000; includeSubDomains"
        ],
        "X-Content-Type-Options": [
          "nosniff"
        ],
        "Date": [
          "Wed, 06 Jul 2022 14:07:35 GMT"
        ],
        "Content-Length": [
          "251"
        ],
        "Content-Type": [
          "application/json; charset=utf-8"
        ],
        "Expires": [
          "-1"
        ]
      },
      "ResponseBody": "{\r\n  \"properties\": {},\r\n  \"id\": \"/subscriptions/8313371e-0879-428e-b1da-6353575a9192/resourceGroups/ps4647/providers/Microsoft.Sql/managedInstances/ps5495/dnsAliases/ps5495-testalias\",\r\n  \"name\": \"ps5495-testalias\",\r\n  \"type\": \"Microsoft.Sql/managedInstances/dnsAliases\"\r\n}",
      "StatusCode": 200
    },
    {
      "RequestUri": "/subscriptions/8313371e-0879-428e-b1da-6353575a9192/resourceGroups/ps4647/providers/Microsoft.Sql/managedInstances/ps5495/dnsAliases/ps5495-testalias?api-version=2021-11-01-preview",
      "EncodedRequestUri": "L3N1YnNjcmlwdGlvbnMvODMxMzM3MWUtMDg3OS00MjhlLWIxZGEtNjM1MzU3NWE5MTkyL3Jlc291cmNlR3JvdXBzL3BzNDY0Ny9wcm92aWRlcnMvTWljcm9zb2Z0LlNxbC9tYW5hZ2VkSW5zdGFuY2VzL3BzNTQ5NS9kbnNBbGlhc2VzL3BzNTQ5NS10ZXN0YWxpYXM/YXBpLXZlcnNpb249MjAyMS0xMS0wMS1wcmV2aWV3",
      "RequestMethod": "GET",
      "RequestBody": "",
      "RequestHeaders": {
        "x-ms-client-request-id": [
          "4601597f-1275-45db-a39d-2ba53c645bdc"
        ],
        "Accept-Language": [
          "en-US"
        ],
        "User-Agent": [
          "FxVersion/4.700.22.26002",
          "OSName/Windows",
          "OSVersion/Microsoft.Windows.10.0.17763",
          "Microsoft.Azure.Management.Sql.SqlManagementClient/3.1.0.0"
        ]
      },
      "ResponseHeaders": {
        "Cache-Control": [
          "no-cache"
        ],
        "Pragma": [
          "no-cache"
        ],
        "x-ms-request-id": [
          "82ff740e-2c2a-4848-b816-f3248a64673e"
        ],
        "Server": [
          "Microsoft-HTTPAPI/2.0"
        ],
        "x-ms-ratelimit-remaining-subscription-reads": [
          "11980"
        ],
        "x-ms-correlation-request-id": [
          "8c47cc47-34b3-47fb-ab20-6d02ee9cf5d9"
        ],
        "x-ms-routing-request-id": [
          "UKSOUTH:20220706T140735Z:8c47cc47-34b3-47fb-ab20-6d02ee9cf5d9"
        ],
        "Strict-Transport-Security": [
          "max-age=31536000; includeSubDomains"
        ],
        "X-Content-Type-Options": [
          "nosniff"
        ],
        "Date": [
          "Wed, 06 Jul 2022 14:07:35 GMT"
        ],
        "Content-Length": [
          "251"
        ],
        "Content-Type": [
          "application/json; charset=utf-8"
        ],
        "Expires": [
          "-1"
        ]
      },
      "ResponseBody": "{\r\n  \"properties\": {},\r\n  \"id\": \"/subscriptions/8313371e-0879-428e-b1da-6353575a9192/resourceGroups/ps4647/providers/Microsoft.Sql/managedInstances/ps5495/dnsAliases/ps5495-testalias\",\r\n  \"name\": \"ps5495-testalias\",\r\n  \"type\": \"Microsoft.Sql/managedInstances/dnsAliases\"\r\n}",
      "StatusCode": 200
    },
    {
      "RequestUri": "/subscriptions/8313371e-0879-428e-b1da-6353575a9192/resourceGroups/ps4647/providers/Microsoft.Sql/managedInstances/ps5495/dnsAliases/ps5495-testalias?api-version=2021-11-01-preview",
      "EncodedRequestUri": "L3N1YnNjcmlwdGlvbnMvODMxMzM3MWUtMDg3OS00MjhlLWIxZGEtNjM1MzU3NWE5MTkyL3Jlc291cmNlR3JvdXBzL3BzNDY0Ny9wcm92aWRlcnMvTWljcm9zb2Z0LlNxbC9tYW5hZ2VkSW5zdGFuY2VzL3BzNTQ5NS9kbnNBbGlhc2VzL3BzNTQ5NS10ZXN0YWxpYXM/YXBpLXZlcnNpb249MjAyMS0xMS0wMS1wcmV2aWV3",
      "RequestMethod": "GET",
      "RequestBody": "",
      "RequestHeaders": {
        "x-ms-client-request-id": [
          "95d0b970-3c1f-47db-96de-74e6c9d9d57f"
        ],
        "Accept-Language": [
          "en-US"
        ],
        "User-Agent": [
          "FxVersion/4.700.22.26002",
          "OSName/Windows",
          "OSVersion/Microsoft.Windows.10.0.17763",
          "Microsoft.Azure.Management.Sql.SqlManagementClient/3.1.0.0"
        ]
      },
      "ResponseHeaders": {
        "Cache-Control": [
          "no-cache"
        ],
        "Pragma": [
          "no-cache"
        ],
        "x-ms-request-id": [
          "3f4144d2-7543-4e50-913b-468c4e57b2df"
        ],
        "Server": [
          "Microsoft-HTTPAPI/2.0"
        ],
        "x-ms-ratelimit-remaining-subscription-reads": [
          "11977"
        ],
        "x-ms-correlation-request-id": [
          "5e500fe1-0e9a-4e2c-a76f-0739234984b8"
        ],
        "x-ms-routing-request-id": [
          "UKSOUTH:20220706T140738Z:5e500fe1-0e9a-4e2c-a76f-0739234984b8"
        ],
        "Strict-Transport-Security": [
          "max-age=31536000; includeSubDomains"
        ],
        "X-Content-Type-Options": [
          "nosniff"
        ],
        "Date": [
          "Wed, 06 Jul 2022 14:07:38 GMT"
        ],
        "Content-Length": [
          "168"
        ],
        "Content-Type": [
          "application/json; charset=utf-8"
        ],
        "Expires": [
          "-1"
        ]
      },
      "ResponseBody": "{\r\n  \"error\": {\r\n    \"code\": \"ResourceNotFound\",\r\n    \"message\": \"The requested resource of type 'Microsoft.Sql/managedInstances/dnsAliases' with name 'ps5495-testalias' was not found.\"\r\n  }\r\n}",
      "StatusCode": 404
    },
    {
      "RequestUri": "/subscriptions/8313371e-0879-428e-b1da-6353575a9192/resourceGroups/ps4647/providers/Microsoft.Sql/managedInstances/ps5495/dnsAliases/ps5495-testalias?api-version=2021-11-01-preview",
      "EncodedRequestUri": "L3N1YnNjcmlwdGlvbnMvODMxMzM3MWUtMDg3OS00MjhlLWIxZGEtNjM1MzU3NWE5MTkyL3Jlc291cmNlR3JvdXBzL3BzNDY0Ny9wcm92aWRlcnMvTWljcm9zb2Z0LlNxbC9tYW5hZ2VkSW5zdGFuY2VzL3BzNTQ5NS9kbnNBbGlhc2VzL3BzNTQ5NS10ZXN0YWxpYXM/YXBpLXZlcnNpb249MjAyMS0xMS0wMS1wcmV2aWV3",
      "RequestMethod": "GET",
      "RequestBody": "",
      "RequestHeaders": {
        "x-ms-client-request-id": [
          "95d0b970-3c1f-47db-96de-74e6c9d9d57f"
        ],
        "User-Agent": [
          "FxVersion/4.700.22.26002",
          "OSName/Windows",
          "OSVersion/Microsoft.Windows.10.0.17763",
          "Microsoft.Azure.Management.Sql.SqlManagementClient/3.1.0.0"
        ]
      },
      "ResponseHeaders": {
        "Cache-Control": [
          "no-cache"
        ],
        "Pragma": [
          "no-cache"
        ],
        "x-ms-request-id": [
          "c9770a1e-cb83-4e14-a4b7-3f03c7db99ee"
        ],
        "Server": [
          "Microsoft-HTTPAPI/2.0"
        ],
        "x-ms-ratelimit-remaining-subscription-reads": [
          "11975"
        ],
        "x-ms-correlation-request-id": [
          "44e4f12a-f127-4bb8-8c1d-98c7be01816c"
        ],
        "x-ms-routing-request-id": [
          "UKSOUTH:20220706T140741Z:44e4f12a-f127-4bb8-8c1d-98c7be01816c"
        ],
        "Strict-Transport-Security": [
          "max-age=31536000; includeSubDomains"
        ],
        "X-Content-Type-Options": [
          "nosniff"
        ],
        "Date": [
          "Wed, 06 Jul 2022 14:07:41 GMT"
        ],
        "Content-Length": [
          "251"
        ],
        "Content-Type": [
          "application/json; charset=utf-8"
        ],
        "Expires": [
          "-1"
        ]
      },
      "ResponseBody": "{\r\n  \"properties\": {},\r\n  \"id\": \"/subscriptions/8313371e-0879-428e-b1da-6353575a9192/resourceGroups/ps4647/providers/Microsoft.Sql/managedInstances/ps5495/dnsAliases/ps5495-testalias\",\r\n  \"name\": \"ps5495-testalias\",\r\n  \"type\": \"Microsoft.Sql/managedInstances/dnsAliases\"\r\n}",
      "StatusCode": 200
    },
    {
      "RequestUri": "/subscriptions/8313371e-0879-428e-b1da-6353575a9192/resourceGroups/ps4647/providers/Microsoft.Sql/managedInstances/ps5495/dnsAliases/ps5495-testalias?api-version=2021-11-01-preview",
      "EncodedRequestUri": "L3N1YnNjcmlwdGlvbnMvODMxMzM3MWUtMDg3OS00MjhlLWIxZGEtNjM1MzU3NWE5MTkyL3Jlc291cmNlR3JvdXBzL3BzNDY0Ny9wcm92aWRlcnMvTWljcm9zb2Z0LlNxbC9tYW5hZ2VkSW5zdGFuY2VzL3BzNTQ5NS9kbnNBbGlhc2VzL3BzNTQ5NS10ZXN0YWxpYXM/YXBpLXZlcnNpb249MjAyMS0xMS0wMS1wcmV2aWV3",
      "RequestMethod": "GET",
      "RequestBody": "",
      "RequestHeaders": {
        "x-ms-client-request-id": [
          "d6da0dda-3491-4c8c-8ebe-d8ba6b917a89"
        ],
        "Accept-Language": [
          "en-US"
        ],
        "User-Agent": [
          "FxVersion/4.700.22.26002",
          "OSName/Windows",
          "OSVersion/Microsoft.Windows.10.0.17763",
          "Microsoft.Azure.Management.Sql.SqlManagementClient/3.1.0.0"
        ]
      },
      "ResponseHeaders": {
        "Cache-Control": [
          "no-cache"
        ],
        "Pragma": [
          "no-cache"
        ],
        "x-ms-request-id": [
          "e18864b0-2376-4dc6-a8b6-c6f6bd26a36f"
        ],
        "Server": [
          "Microsoft-HTTPAPI/2.0"
        ],
        "x-ms-ratelimit-remaining-subscription-reads": [
          "11974"
        ],
        "x-ms-correlation-request-id": [
          "b0d64e87-02e3-4aca-b521-b70421a95f5c"
        ],
        "x-ms-routing-request-id": [
          "UKSOUTH:20220706T140742Z:b0d64e87-02e3-4aca-b521-b70421a95f5c"
        ],
        "Strict-Transport-Security": [
          "max-age=31536000; includeSubDomains"
        ],
        "X-Content-Type-Options": [
          "nosniff"
        ],
        "Date": [
          "Wed, 06 Jul 2022 14:07:41 GMT"
        ],
        "Content-Length": [
          "251"
        ],
        "Content-Type": [
          "application/json; charset=utf-8"
        ],
        "Expires": [
          "-1"
        ]
      },
      "ResponseBody": "{\r\n  \"properties\": {},\r\n  \"id\": \"/subscriptions/8313371e-0879-428e-b1da-6353575a9192/resourceGroups/ps4647/providers/Microsoft.Sql/managedInstances/ps5495/dnsAliases/ps5495-testalias\",\r\n  \"name\": \"ps5495-testalias\",\r\n  \"type\": \"Microsoft.Sql/managedInstances/dnsAliases\"\r\n}",
      "StatusCode": 200
    },
    {
      "RequestUri": "/subscriptions/8313371e-0879-428e-b1da-6353575a9192/resourceGroups/ps4647/providers/Microsoft.Sql/managedInstances/ps5495/dnsAliases/ps5495-testalias?api-version=2021-11-01-preview",
      "EncodedRequestUri": "L3N1YnNjcmlwdGlvbnMvODMxMzM3MWUtMDg3OS00MjhlLWIxZGEtNjM1MzU3NWE5MTkyL3Jlc291cmNlR3JvdXBzL3BzNDY0Ny9wcm92aWRlcnMvTWljcm9zb2Z0LlNxbC9tYW5hZ2VkSW5zdGFuY2VzL3BzNTQ5NS9kbnNBbGlhc2VzL3BzNTQ5NS10ZXN0YWxpYXM/YXBpLXZlcnNpb249MjAyMS0xMS0wMS1wcmV2aWV3",
      "RequestMethod": "GET",
      "RequestBody": "",
      "RequestHeaders": {
        "x-ms-client-request-id": [
          "d6da0dda-3491-4c8c-8ebe-d8ba6b917a89"
        ],
        "User-Agent": [
          "FxVersion/4.700.22.26002",
          "OSName/Windows",
          "OSVersion/Microsoft.Windows.10.0.17763",
          "Microsoft.Azure.Management.Sql.SqlManagementClient/3.1.0.0"
        ]
      },
      "ResponseHeaders": {
        "Cache-Control": [
          "no-cache"
        ],
        "Pragma": [
          "no-cache"
        ],
        "x-ms-request-id": [
          "53bb0451-a799-4f66-b5f3-714198647ad2"
        ],
        "Server": [
          "Microsoft-HTTPAPI/2.0"
        ],
        "x-ms-ratelimit-remaining-subscription-reads": [
          "11972"
        ],
        "x-ms-correlation-request-id": [
          "fef85644-5c57-45cc-a377-4e0afffa409e"
        ],
        "x-ms-routing-request-id": [
          "UKSOUTH:20220706T140745Z:fef85644-5c57-45cc-a377-4e0afffa409e"
        ],
        "Strict-Transport-Security": [
          "max-age=31536000; includeSubDomains"
        ],
        "X-Content-Type-Options": [
          "nosniff"
        ],
        "Date": [
          "Wed, 06 Jul 2022 14:07:44 GMT"
        ],
        "Content-Length": [
          "320"
        ],
        "Content-Type": [
          "application/json; charset=utf-8"
        ],
        "Expires": [
          "-1"
        ]
      },
      "ResponseBody": "{\r\n  \"properties\": {\r\n    \"azureDnsRecord\": \"ps5495-testalias.1e6d90da5016.database.windows.net\"\r\n  },\r\n  \"id\": \"/subscriptions/8313371e-0879-428e-b1da-6353575a9192/resourceGroups/ps4647/providers/Microsoft.Sql/managedInstances/ps5495/dnsAliases/ps5495-testalias\",\r\n  \"name\": \"ps5495-testalias\",\r\n  \"type\": \"Microsoft.Sql/managedInstances/dnsAliases\"\r\n}",
      "StatusCode": 200
    },
    {
      "RequestUri": "/subscriptions/8313371e-0879-428e-b1da-6353575a9192/resourceGroups/ps4647/providers/Microsoft.Sql/managedInstances/ps5495/dnsAliases/ps5495-testalias?api-version=2021-11-01-preview",
      "EncodedRequestUri": "L3N1YnNjcmlwdGlvbnMvODMxMzM3MWUtMDg3OS00MjhlLWIxZGEtNjM1MzU3NWE5MTkyL3Jlc291cmNlR3JvdXBzL3BzNDY0Ny9wcm92aWRlcnMvTWljcm9zb2Z0LlNxbC9tYW5hZ2VkSW5zdGFuY2VzL3BzNTQ5NS9kbnNBbGlhc2VzL3BzNTQ5NS10ZXN0YWxpYXM/YXBpLXZlcnNpb249MjAyMS0xMS0wMS1wcmV2aWV3",
      "RequestMethod": "GET",
      "RequestBody": "",
      "RequestHeaders": {
        "x-ms-client-request-id": [
          "24617ef8-9eeb-4b59-960b-05f74c07b4c7"
        ],
        "Accept-Language": [
          "en-US"
        ],
        "User-Agent": [
          "FxVersion/4.700.22.26002",
          "OSName/Windows",
          "OSVersion/Microsoft.Windows.10.0.17763",
          "Microsoft.Azure.Management.Sql.SqlManagementClient/3.1.0.0"
        ]
      },
      "ResponseHeaders": {
        "Cache-Control": [
          "no-cache"
        ],
        "Pragma": [
          "no-cache"
        ],
        "x-ms-request-id": [
          "7eae7499-37f4-4742-976c-b14f56f50b33"
        ],
        "Server": [
          "Microsoft-HTTPAPI/2.0"
        ],
        "x-ms-ratelimit-remaining-subscription-reads": [
          "11971"
        ],
        "x-ms-correlation-request-id": [
          "59eef0ee-c0e0-4e4e-a643-7ddbc3898b4b"
        ],
        "x-ms-routing-request-id": [
          "UKSOUTH:20220706T140745Z:59eef0ee-c0e0-4e4e-a643-7ddbc3898b4b"
        ],
        "Strict-Transport-Security": [
          "max-age=31536000; includeSubDomains"
        ],
        "X-Content-Type-Options": [
          "nosniff"
        ],
        "Date": [
          "Wed, 06 Jul 2022 14:07:45 GMT"
        ],
        "Content-Length": [
          "320"
        ],
        "Content-Type": [
          "application/json; charset=utf-8"
        ],
        "Expires": [
          "-1"
        ]
      },
      "ResponseBody": "{\r\n  \"properties\": {\r\n    \"azureDnsRecord\": \"ps5495-testalias.1e6d90da5016.database.windows.net\"\r\n  },\r\n  \"id\": \"/subscriptions/8313371e-0879-428e-b1da-6353575a9192/resourceGroups/ps4647/providers/Microsoft.Sql/managedInstances/ps5495/dnsAliases/ps5495-testalias\",\r\n  \"name\": \"ps5495-testalias\",\r\n  \"type\": \"Microsoft.Sql/managedInstances/dnsAliases\"\r\n}",
      "StatusCode": 200
    },
    {
      "RequestUri": "/subscriptions/8313371e-0879-428e-b1da-6353575a9192/resourceGroups/ps4647/providers/Microsoft.Sql/managedInstances/ps5495/dnsAliases/ps5495-testalias?api-version=2021-11-01-preview",
      "EncodedRequestUri": "L3N1YnNjcmlwdGlvbnMvODMxMzM3MWUtMDg3OS00MjhlLWIxZGEtNjM1MzU3NWE5MTkyL3Jlc291cmNlR3JvdXBzL3BzNDY0Ny9wcm92aWRlcnMvTWljcm9zb2Z0LlNxbC9tYW5hZ2VkSW5zdGFuY2VzL3BzNTQ5NS9kbnNBbGlhc2VzL3BzNTQ5NS10ZXN0YWxpYXM/YXBpLXZlcnNpb249MjAyMS0xMS0wMS1wcmV2aWV3",
      "RequestMethod": "GET",
      "RequestBody": "",
      "RequestHeaders": {
        "x-ms-client-request-id": [
          "3a12059e-59d8-4fd6-8c4d-496d3181b777"
        ],
        "Accept-Language": [
          "en-US"
        ],
        "User-Agent": [
          "FxVersion/4.700.22.26002",
          "OSName/Windows",
          "OSVersion/Microsoft.Windows.10.0.17763",
          "Microsoft.Azure.Management.Sql.SqlManagementClient/3.1.0.0"
        ]
      },
      "ResponseHeaders": {
        "Cache-Control": [
          "no-cache"
        ],
        "Pragma": [
          "no-cache"
        ],
        "x-ms-request-id": [
          "5fe9fb13-e7b8-4232-b4d1-f0b836805175"
        ],
        "Server": [
          "Microsoft-HTTPAPI/2.0"
        ],
        "x-ms-ratelimit-remaining-subscription-reads": [
          "11968"
        ],
        "x-ms-correlation-request-id": [
          "186389a4-9044-46cc-9b3f-0a3874a1a483"
        ],
        "x-ms-routing-request-id": [
          "UKSOUTH:20220706T140748Z:186389a4-9044-46cc-9b3f-0a3874a1a483"
        ],
        "Strict-Transport-Security": [
          "max-age=31536000; includeSubDomains"
        ],
        "X-Content-Type-Options": [
          "nosniff"
        ],
        "Date": [
          "Wed, 06 Jul 2022 14:07:48 GMT"
        ],
        "Content-Length": [
          "168"
        ],
        "Content-Type": [
          "application/json; charset=utf-8"
        ],
        "Expires": [
          "-1"
        ]
      },
      "ResponseBody": "{\r\n  \"error\": {\r\n    \"code\": \"ResourceNotFound\",\r\n    \"message\": \"The requested resource of type 'Microsoft.Sql/managedInstances/dnsAliases' with name 'ps5495-testalias' was not found.\"\r\n  }\r\n}",
      "StatusCode": 404
    },
    {
      "RequestUri": "/subscriptions/8313371e-0879-428e-b1da-6353575a9192/resourceGroups/ps4647/providers/Microsoft.Sql/managedInstances/ps5495/dnsAliases/ps5495-testalias?api-version=2021-11-01-preview",
      "EncodedRequestUri": "L3N1YnNjcmlwdGlvbnMvODMxMzM3MWUtMDg3OS00MjhlLWIxZGEtNjM1MzU3NWE5MTkyL3Jlc291cmNlR3JvdXBzL3BzNDY0Ny9wcm92aWRlcnMvTWljcm9zb2Z0LlNxbC9tYW5hZ2VkSW5zdGFuY2VzL3BzNTQ5NS9kbnNBbGlhc2VzL3BzNTQ5NS10ZXN0YWxpYXM/YXBpLXZlcnNpb249MjAyMS0xMS0wMS1wcmV2aWV3",
      "RequestMethod": "GET",
      "RequestBody": "",
      "RequestHeaders": {
        "x-ms-client-request-id": [
          "3a12059e-59d8-4fd6-8c4d-496d3181b777"
        ],
        "User-Agent": [
          "FxVersion/4.700.22.26002",
          "OSName/Windows",
          "OSVersion/Microsoft.Windows.10.0.17763",
          "Microsoft.Azure.Management.Sql.SqlManagementClient/3.1.0.0"
        ]
      },
      "ResponseHeaders": {
        "Cache-Control": [
          "no-cache"
        ],
        "Pragma": [
          "no-cache"
        ],
        "x-ms-request-id": [
          "4e48ef1e-3101-4da6-8f91-181e6686e4f2"
        ],
        "Server": [
          "Microsoft-HTTPAPI/2.0"
        ],
        "x-ms-ratelimit-remaining-subscription-reads": [
          "11966"
        ],
        "x-ms-correlation-request-id": [
          "1a125d95-e837-4d1d-9b50-3f25bb82f701"
        ],
        "x-ms-routing-request-id": [
          "UKSOUTH:20220706T140751Z:1a125d95-e837-4d1d-9b50-3f25bb82f701"
        ],
        "Strict-Transport-Security": [
          "max-age=31536000; includeSubDomains"
        ],
        "X-Content-Type-Options": [
          "nosniff"
        ],
        "Date": [
          "Wed, 06 Jul 2022 14:07:51 GMT"
        ],
        "Content-Length": [
          "251"
        ],
        "Content-Type": [
          "application/json; charset=utf-8"
        ],
        "Expires": [
          "-1"
        ]
      },
      "ResponseBody": "{\r\n  \"properties\": {},\r\n  \"id\": \"/subscriptions/8313371e-0879-428e-b1da-6353575a9192/resourceGroups/ps4647/providers/Microsoft.Sql/managedInstances/ps5495/dnsAliases/ps5495-testalias\",\r\n  \"name\": \"ps5495-testalias\",\r\n  \"type\": \"Microsoft.Sql/managedInstances/dnsAliases\"\r\n}",
      "StatusCode": 200
    },
    {
      "RequestUri": "/subscriptions/8313371e-0879-428e-b1da-6353575a9192/resourceGroups/ps4647/providers/Microsoft.Sql/managedInstances/ps5495/dnsAliases/ps5495-testalias?api-version=2021-11-01-preview",
      "EncodedRequestUri": "L3N1YnNjcmlwdGlvbnMvODMxMzM3MWUtMDg3OS00MjhlLWIxZGEtNjM1MzU3NWE5MTkyL3Jlc291cmNlR3JvdXBzL3BzNDY0Ny9wcm92aWRlcnMvTWljcm9zb2Z0LlNxbC9tYW5hZ2VkSW5zdGFuY2VzL3BzNTQ5NS9kbnNBbGlhc2VzL3BzNTQ5NS10ZXN0YWxpYXM/YXBpLXZlcnNpb249MjAyMS0xMS0wMS1wcmV2aWV3",
      "RequestMethod": "GET",
      "RequestBody": "",
      "RequestHeaders": {
        "x-ms-client-request-id": [
          "d245b0ec-4af9-4342-ba1e-7de7a9f5c220"
        ],
        "Accept-Language": [
          "en-US"
        ],
        "User-Agent": [
          "FxVersion/4.700.22.26002",
          "OSName/Windows",
          "OSVersion/Microsoft.Windows.10.0.17763",
          "Microsoft.Azure.Management.Sql.SqlManagementClient/3.1.0.0"
        ]
      },
      "ResponseHeaders": {
        "Cache-Control": [
          "no-cache"
        ],
        "Pragma": [
          "no-cache"
        ],
        "x-ms-request-id": [
          "cfea459a-2136-4430-b9f3-04131b4dfaed"
        ],
        "Server": [
          "Microsoft-HTTPAPI/2.0"
        ],
        "x-ms-ratelimit-remaining-subscription-reads": [
          "11965"
        ],
        "x-ms-correlation-request-id": [
          "b8812e3b-b77e-4b2b-acf6-bbc885100c35"
        ],
        "x-ms-routing-request-id": [
          "UKSOUTH:20220706T140751Z:b8812e3b-b77e-4b2b-acf6-bbc885100c35"
        ],
        "Strict-Transport-Security": [
          "max-age=31536000; includeSubDomains"
        ],
        "X-Content-Type-Options": [
          "nosniff"
        ],
        "Date": [
          "Wed, 06 Jul 2022 14:07:51 GMT"
        ],
        "Content-Length": [
          "251"
        ],
        "Content-Type": [
          "application/json; charset=utf-8"
        ],
        "Expires": [
          "-1"
        ]
      },
      "ResponseBody": "{\r\n  \"properties\": {},\r\n  \"id\": \"/subscriptions/8313371e-0879-428e-b1da-6353575a9192/resourceGroups/ps4647/providers/Microsoft.Sql/managedInstances/ps5495/dnsAliases/ps5495-testalias\",\r\n  \"name\": \"ps5495-testalias\",\r\n  \"type\": \"Microsoft.Sql/managedInstances/dnsAliases\"\r\n}",
      "StatusCode": 200
    },
    {
      "RequestUri": "/subscriptions/8313371e-0879-428e-b1da-6353575a9192/resourceGroups/ps4647/providers/Microsoft.Sql/managedInstances/ps5495/dnsAliases/ps5495-testalias?api-version=2021-11-01-preview",
      "EncodedRequestUri": "L3N1YnNjcmlwdGlvbnMvODMxMzM3MWUtMDg3OS00MjhlLWIxZGEtNjM1MzU3NWE5MTkyL3Jlc291cmNlR3JvdXBzL3BzNDY0Ny9wcm92aWRlcnMvTWljcm9zb2Z0LlNxbC9tYW5hZ2VkSW5zdGFuY2VzL3BzNTQ5NS9kbnNBbGlhc2VzL3BzNTQ5NS10ZXN0YWxpYXM/YXBpLXZlcnNpb249MjAyMS0xMS0wMS1wcmV2aWV3",
      "RequestMethod": "GET",
      "RequestBody": "",
      "RequestHeaders": {
        "x-ms-client-request-id": [
          "d245b0ec-4af9-4342-ba1e-7de7a9f5c220"
        ],
        "User-Agent": [
          "FxVersion/4.700.22.26002",
          "OSName/Windows",
          "OSVersion/Microsoft.Windows.10.0.17763",
          "Microsoft.Azure.Management.Sql.SqlManagementClient/3.1.0.0"
        ]
      },
      "ResponseHeaders": {
        "Cache-Control": [
          "no-cache"
        ],
        "Pragma": [
          "no-cache"
        ],
        "x-ms-request-id": [
          "6339ba01-7672-4e68-8fb4-8aa9208d47eb"
        ],
        "Server": [
          "Microsoft-HTTPAPI/2.0"
        ],
        "x-ms-ratelimit-remaining-subscription-reads": [
          "11963"
        ],
        "x-ms-correlation-request-id": [
          "71b103bf-c3fb-4eb3-a01b-c2e15322a891"
        ],
        "x-ms-routing-request-id": [
          "UKSOUTH:20220706T140754Z:71b103bf-c3fb-4eb3-a01b-c2e15322a891"
        ],
        "Strict-Transport-Security": [
          "max-age=31536000; includeSubDomains"
        ],
        "X-Content-Type-Options": [
          "nosniff"
        ],
        "Date": [
          "Wed, 06 Jul 2022 14:07:54 GMT"
        ],
        "Content-Length": [
          "320"
        ],
        "Content-Type": [
          "application/json; charset=utf-8"
        ],
        "Expires": [
          "-1"
        ]
      },
      "ResponseBody": "{\r\n  \"properties\": {\r\n    \"azureDnsRecord\": \"ps5495-testalias.1e6d90da5016.database.windows.net\"\r\n  },\r\n  \"id\": \"/subscriptions/8313371e-0879-428e-b1da-6353575a9192/resourceGroups/ps4647/providers/Microsoft.Sql/managedInstances/ps5495/dnsAliases/ps5495-testalias\",\r\n  \"name\": \"ps5495-testalias\",\r\n  \"type\": \"Microsoft.Sql/managedInstances/dnsAliases\"\r\n}",
      "StatusCode": 200
    },
    {
      "RequestUri": "/subscriptions/8313371e-0879-428e-b1da-6353575a9192/resourceGroups/ps4647/providers/Microsoft.Sql/managedInstances/ps5495/dnsAliases/ps5495-testalias?api-version=2021-11-01-preview",
      "EncodedRequestUri": "L3N1YnNjcmlwdGlvbnMvODMxMzM3MWUtMDg3OS00MjhlLWIxZGEtNjM1MzU3NWE5MTkyL3Jlc291cmNlR3JvdXBzL3BzNDY0Ny9wcm92aWRlcnMvTWljcm9zb2Z0LlNxbC9tYW5hZ2VkSW5zdGFuY2VzL3BzNTQ5NS9kbnNBbGlhc2VzL3BzNTQ5NS10ZXN0YWxpYXM/YXBpLXZlcnNpb249MjAyMS0xMS0wMS1wcmV2aWV3",
      "RequestMethod": "GET",
      "RequestBody": "",
      "RequestHeaders": {
        "x-ms-client-request-id": [
          "888dc983-e4a3-4096-b778-1b285457ba6d"
        ],
        "Accept-Language": [
          "en-US"
        ],
        "User-Agent": [
          "FxVersion/4.700.22.26002",
          "OSName/Windows",
          "OSVersion/Microsoft.Windows.10.0.17763",
          "Microsoft.Azure.Management.Sql.SqlManagementClient/3.1.0.0"
        ]
      },
      "ResponseHeaders": {
        "Cache-Control": [
          "no-cache"
        ],
        "Pragma": [
          "no-cache"
        ],
        "x-ms-request-id": [
          "a6ae6b46-138b-451b-861a-e4dd825a4173"
        ],
        "Server": [
          "Microsoft-HTTPAPI/2.0"
        ],
        "x-ms-ratelimit-remaining-subscription-reads": [
          "11962"
        ],
        "x-ms-correlation-request-id": [
          "f621099e-1828-4bb0-9836-9801dbc25df5"
        ],
        "x-ms-routing-request-id": [
          "UKSOUTH:20220706T140755Z:f621099e-1828-4bb0-9836-9801dbc25df5"
        ],
        "Strict-Transport-Security": [
          "max-age=31536000; includeSubDomains"
        ],
        "X-Content-Type-Options": [
          "nosniff"
        ],
        "Date": [
          "Wed, 06 Jul 2022 14:07:54 GMT"
        ],
        "Content-Length": [
          "320"
        ],
        "Content-Type": [
          "application/json; charset=utf-8"
        ],
        "Expires": [
          "-1"
        ]
      },
      "ResponseBody": "{\r\n  \"properties\": {\r\n    \"azureDnsRecord\": \"ps5495-testalias.1e6d90da5016.database.windows.net\"\r\n  },\r\n  \"id\": \"/subscriptions/8313371e-0879-428e-b1da-6353575a9192/resourceGroups/ps4647/providers/Microsoft.Sql/managedInstances/ps5495/dnsAliases/ps5495-testalias\",\r\n  \"name\": \"ps5495-testalias\",\r\n  \"type\": \"Microsoft.Sql/managedInstances/dnsAliases\"\r\n}",
      "StatusCode": 200
    },
    {
      "RequestUri": "/subscriptions/8313371e-0879-428e-b1da-6353575a9192/resourceGroups/ps4647/providers/Microsoft.Sql/managedInstances/ps5495/dnsAliases/ps5495-testalias?api-version=2021-11-01-preview",
      "EncodedRequestUri": "L3N1YnNjcmlwdGlvbnMvODMxMzM3MWUtMDg3OS00MjhlLWIxZGEtNjM1MzU3NWE5MTkyL3Jlc291cmNlR3JvdXBzL3BzNDY0Ny9wcm92aWRlcnMvTWljcm9zb2Z0LlNxbC9tYW5hZ2VkSW5zdGFuY2VzL3BzNTQ5NS9kbnNBbGlhc2VzL3BzNTQ5NS10ZXN0YWxpYXM/YXBpLXZlcnNpb249MjAyMS0xMS0wMS1wcmV2aWV3",
      "RequestMethod": "PUT",
      "RequestBody": "{\r\n  \"createDnsRecord\": false\r\n}",
      "RequestHeaders": {
        "x-ms-client-request-id": [
          "d6ca5b16-cb3f-4014-a334-7be8e2c9a495"
        ],
        "Accept-Language": [
          "en-US"
        ],
        "User-Agent": [
          "FxVersion/4.700.22.26002",
          "OSName/Windows",
          "OSVersion/Microsoft.Windows.10.0.17763",
          "Microsoft.Azure.Management.Sql.SqlManagementClient/3.1.0.0"
        ],
        "Content-Type": [
          "application/json; charset=utf-8"
        ],
        "Content-Length": [
          "32"
        ]
      },
      "ResponseHeaders": {
        "Cache-Control": [
          "no-cache"
        ],
        "Pragma": [
          "no-cache"
        ],
        "Location": [
          "https://management.azure.com/subscriptions/8313371e-0879-428e-b1da-6353575a9192/providers/Microsoft.Sql/locations/westcentralus/managedDnsAliasOperationResults/beae6588-295f-47bc-991d-bd7c327a0d5f?api-version=2021-11-01-preview"
        ],
        "Retry-After": [
          "1"
        ],
        "Azure-AsyncOperation": [
          "https://management.azure.com/subscriptions/8313371e-0879-428e-b1da-6353575a9192/providers/Microsoft.Sql/locations/westcentralus/managedDnsAliasAsyncOperation/beae6588-295f-47bc-991d-bd7c327a0d5f?api-version=2021-11-01-preview"
        ],
        "x-ms-request-id": [
          "beae6588-295f-47bc-991d-bd7c327a0d5f"
        ],
        "Server": [
          "Microsoft-HTTPAPI/2.0"
        ],
        "x-ms-ratelimit-remaining-subscription-writes": [
          "1198"
        ],
        "x-ms-correlation-request-id": [
          "ca3230a8-cf47-4b72-bfb8-750bb2849beb"
        ],
        "x-ms-routing-request-id": [
          "UKSOUTH:20220706T140720Z:ca3230a8-cf47-4b72-bfb8-750bb2849beb"
        ],
        "Strict-Transport-Security": [
          "max-age=31536000; includeSubDomains"
        ],
        "X-Content-Type-Options": [
          "nosniff"
        ],
        "Date": [
          "Wed, 06 Jul 2022 14:07:20 GMT"
        ],
        "Content-Length": [
          "82"
        ],
        "Content-Type": [
          "application/json; charset=utf-8"
        ],
        "Expires": [
          "-1"
        ]
      },
      "ResponseBody": "{\r\n  \"operation\": \"CreateManagedServerDnsAlias\",\r\n  \"startTime\": \"2022-07-06T14:07:19.313Z\"\r\n}",
      "StatusCode": 202
    },
    {
      "RequestUri": "/subscriptions/8313371e-0879-428e-b1da-6353575a9192/resourceGroups/ps4647/providers/Microsoft.Sql/managedInstances/ps5495/dnsAliases/ps5495-testalias?api-version=2021-11-01-preview",
      "EncodedRequestUri": "L3N1YnNjcmlwdGlvbnMvODMxMzM3MWUtMDg3OS00MjhlLWIxZGEtNjM1MzU3NWE5MTkyL3Jlc291cmNlR3JvdXBzL3BzNDY0Ny9wcm92aWRlcnMvTWljcm9zb2Z0LlNxbC9tYW5hZ2VkSW5zdGFuY2VzL3BzNTQ5NS9kbnNBbGlhc2VzL3BzNTQ5NS10ZXN0YWxpYXM/YXBpLXZlcnNpb249MjAyMS0xMS0wMS1wcmV2aWV3",
      "RequestMethod": "PUT",
      "RequestBody": "{\r\n  \"createDnsRecord\": true\r\n}",
      "RequestHeaders": {
        "x-ms-client-request-id": [
          "0fd8d01c-b7f2-46f1-b728-98aef52a2fc2"
        ],
        "Accept-Language": [
          "en-US"
        ],
        "User-Agent": [
          "FxVersion/4.700.22.26002",
          "OSName/Windows",
          "OSVersion/Microsoft.Windows.10.0.17763",
          "Microsoft.Azure.Management.Sql.SqlManagementClient/3.1.0.0"
        ],
        "Content-Type": [
          "application/json; charset=utf-8"
        ],
        "Content-Length": [
          "31"
        ]
      },
      "ResponseHeaders": {
        "Cache-Control": [
          "no-cache"
        ],
        "Pragma": [
          "no-cache"
        ],
        "Location": [
          "https://management.azure.com/subscriptions/8313371e-0879-428e-b1da-6353575a9192/providers/Microsoft.Sql/locations/westcentralus/managedDnsAliasOperationResults/904838d5-f6b9-4a8a-a1d6-3a8a74fc8a42?api-version=2021-11-01-preview"
        ],
        "Retry-After": [
          "1"
        ],
        "Azure-AsyncOperation": [
          "https://management.azure.com/subscriptions/8313371e-0879-428e-b1da-6353575a9192/providers/Microsoft.Sql/locations/westcentralus/managedDnsAliasAsyncOperation/904838d5-f6b9-4a8a-a1d6-3a8a74fc8a42?api-version=2021-11-01-preview"
        ],
        "x-ms-request-id": [
          "904838d5-f6b9-4a8a-a1d6-3a8a74fc8a42"
        ],
        "Server": [
          "Microsoft-HTTPAPI/2.0"
        ],
        "x-ms-ratelimit-remaining-subscription-writes": [
          "1197"
        ],
        "x-ms-correlation-request-id": [
          "cbff51a4-d884-437c-bdd5-e0e7b168833e"
        ],
        "x-ms-routing-request-id": [
          "UKSOUTH:20220706T140723Z:cbff51a4-d884-437c-bdd5-e0e7b168833e"
        ],
        "Strict-Transport-Security": [
          "max-age=31536000; includeSubDomains"
        ],
        "X-Content-Type-Options": [
          "nosniff"
        ],
        "Date": [
          "Wed, 06 Jul 2022 14:07:23 GMT"
        ],
        "Content-Length": [
          "82"
        ],
        "Content-Type": [
          "application/json; charset=utf-8"
        ],
        "Expires": [
          "-1"
        ]
      },
      "ResponseBody": "{\r\n  \"operation\": \"CreateManagedServerDnsAlias\",\r\n  \"startTime\": \"2022-07-06T14:07:22.627Z\"\r\n}",
      "StatusCode": 202
    },
    {
      "RequestUri": "/subscriptions/8313371e-0879-428e-b1da-6353575a9192/resourceGroups/ps4647/providers/Microsoft.Sql/managedInstances/ps5495/dnsAliases/ps5495-testalias?api-version=2021-11-01-preview",
      "EncodedRequestUri": "L3N1YnNjcmlwdGlvbnMvODMxMzM3MWUtMDg3OS00MjhlLWIxZGEtNjM1MzU3NWE5MTkyL3Jlc291cmNlR3JvdXBzL3BzNDY0Ny9wcm92aWRlcnMvTWljcm9zb2Z0LlNxbC9tYW5hZ2VkSW5zdGFuY2VzL3BzNTQ5NS9kbnNBbGlhc2VzL3BzNTQ5NS10ZXN0YWxpYXM/YXBpLXZlcnNpb249MjAyMS0xMS0wMS1wcmV2aWV3",
      "RequestMethod": "PUT",
      "RequestBody": "{\r\n  \"createDnsRecord\": true\r\n}",
      "RequestHeaders": {
        "x-ms-client-request-id": [
          "efedc988-2e64-4a34-a542-80c5a15dfc20"
        ],
        "Accept-Language": [
          "en-US"
        ],
        "User-Agent": [
          "FxVersion/4.700.22.26002",
          "OSName/Windows",
          "OSVersion/Microsoft.Windows.10.0.17763",
          "Microsoft.Azure.Management.Sql.SqlManagementClient/3.1.0.0"
        ],
        "Content-Type": [
          "application/json; charset=utf-8"
        ],
        "Content-Length": [
          "31"
        ]
      },
      "ResponseHeaders": {
        "Cache-Control": [
          "no-cache"
        ],
        "Pragma": [
          "no-cache"
        ],
        "Location": [
          "https://management.azure.com/subscriptions/8313371e-0879-428e-b1da-6353575a9192/providers/Microsoft.Sql/locations/westcentralus/managedDnsAliasOperationResults/5f4564c9-4064-434d-bf42-b339c2d59c84?api-version=2021-11-01-preview"
        ],
        "Retry-After": [
          "1"
        ],
        "Azure-AsyncOperation": [
          "https://management.azure.com/subscriptions/8313371e-0879-428e-b1da-6353575a9192/providers/Microsoft.Sql/locations/westcentralus/managedDnsAliasAsyncOperation/5f4564c9-4064-434d-bf42-b339c2d59c84?api-version=2021-11-01-preview"
        ],
        "x-ms-request-id": [
          "5f4564c9-4064-434d-bf42-b339c2d59c84"
        ],
        "Server": [
          "Microsoft-HTTPAPI/2.0"
        ],
        "x-ms-ratelimit-remaining-subscription-writes": [
          "1196"
        ],
        "x-ms-correlation-request-id": [
          "ff4a5134-b95c-4eaf-ac64-9e510c32ebc5"
        ],
        "x-ms-routing-request-id": [
          "UKSOUTH:20220706T140730Z:ff4a5134-b95c-4eaf-ac64-9e510c32ebc5"
        ],
        "Strict-Transport-Security": [
          "max-age=31536000; includeSubDomains"
        ],
        "X-Content-Type-Options": [
          "nosniff"
        ],
        "Date": [
          "Wed, 06 Jul 2022 14:07:30 GMT"
        ],
        "Content-Length": [
          "81"
        ],
        "Content-Type": [
          "application/json; charset=utf-8"
        ],
        "Expires": [
          "-1"
        ]
      },
      "ResponseBody": "{\r\n  \"operation\": \"CreateManagedServerDnsAlias\",\r\n  \"startTime\": \"2022-07-06T14:07:29.41Z\"\r\n}",
      "StatusCode": 202
    },
    {
      "RequestUri": "/subscriptions/8313371e-0879-428e-b1da-6353575a9192/resourceGroups/ps4647/providers/Microsoft.Sql/managedInstances/ps5495/dnsAliases/ps5495-testalias?api-version=2021-11-01-preview",
      "EncodedRequestUri": "L3N1YnNjcmlwdGlvbnMvODMxMzM3MWUtMDg3OS00MjhlLWIxZGEtNjM1MzU3NWE5MTkyL3Jlc291cmNlR3JvdXBzL3BzNDY0Ny9wcm92aWRlcnMvTWljcm9zb2Z0LlNxbC9tYW5hZ2VkSW5zdGFuY2VzL3BzNTQ5NS9kbnNBbGlhc2VzL3BzNTQ5NS10ZXN0YWxpYXM/YXBpLXZlcnNpb249MjAyMS0xMS0wMS1wcmV2aWV3",
      "RequestMethod": "PUT",
      "RequestBody": "{\r\n  \"createDnsRecord\": false\r\n}",
      "RequestHeaders": {
        "x-ms-client-request-id": [
          "9b43a4dd-6b00-4763-bffc-420a29d1514b"
        ],
        "Accept-Language": [
          "en-US"
        ],
        "User-Agent": [
          "FxVersion/4.700.22.26002",
          "OSName/Windows",
          "OSVersion/Microsoft.Windows.10.0.17763",
          "Microsoft.Azure.Management.Sql.SqlManagementClient/3.1.0.0"
        ],
        "Content-Type": [
          "application/json; charset=utf-8"
        ],
        "Content-Length": [
          "32"
        ]
      },
      "ResponseHeaders": {
        "Cache-Control": [
          "no-cache"
        ],
        "Pragma": [
          "no-cache"
        ],
        "Location": [
          "https://management.azure.com/subscriptions/8313371e-0879-428e-b1da-6353575a9192/providers/Microsoft.Sql/locations/westcentralus/managedDnsAliasOperationResults/257fa571-ca19-4913-84a6-7c8007404c7a?api-version=2021-11-01-preview"
        ],
        "Retry-After": [
          "1"
        ],
        "Azure-AsyncOperation": [
          "https://management.azure.com/subscriptions/8313371e-0879-428e-b1da-6353575a9192/providers/Microsoft.Sql/locations/westcentralus/managedDnsAliasAsyncOperation/257fa571-ca19-4913-84a6-7c8007404c7a?api-version=2021-11-01-preview"
        ],
        "x-ms-request-id": [
          "257fa571-ca19-4913-84a6-7c8007404c7a"
        ],
        "Server": [
          "Microsoft-HTTPAPI/2.0"
        ],
        "x-ms-ratelimit-remaining-subscription-writes": [
          "1195"
        ],
        "x-ms-correlation-request-id": [
          "2ff4e5e1-d73f-4a11-9c25-72cdf3b62634"
        ],
        "x-ms-routing-request-id": [
          "UKSOUTH:20220706T140733Z:2ff4e5e1-d73f-4a11-9c25-72cdf3b62634"
        ],
        "Strict-Transport-Security": [
          "max-age=31536000; includeSubDomains"
        ],
        "X-Content-Type-Options": [
          "nosniff"
        ],
        "Date": [
          "Wed, 06 Jul 2022 14:07:33 GMT"
        ],
        "Content-Length": [
          "81"
        ],
        "Content-Type": [
          "application/json; charset=utf-8"
        ],
        "Expires": [
          "-1"
        ]
      },
      "ResponseBody": "{\r\n  \"operation\": \"CreateManagedServerDnsAlias\",\r\n  \"startTime\": \"2022-07-06T14:07:32.69Z\"\r\n}",
      "StatusCode": 202
    },
    {
      "RequestUri": "/subscriptions/8313371e-0879-428e-b1da-6353575a9192/resourceGroups/ps4647/providers/Microsoft.Sql/managedInstances/ps5495/dnsAliases/ps5495-testalias?api-version=2021-11-01-preview",
      "EncodedRequestUri": "L3N1YnNjcmlwdGlvbnMvODMxMzM3MWUtMDg3OS00MjhlLWIxZGEtNjM1MzU3NWE5MTkyL3Jlc291cmNlR3JvdXBzL3BzNDY0Ny9wcm92aWRlcnMvTWljcm9zb2Z0LlNxbC9tYW5hZ2VkSW5zdGFuY2VzL3BzNTQ5NS9kbnNBbGlhc2VzL3BzNTQ5NS10ZXN0YWxpYXM/YXBpLXZlcnNpb249MjAyMS0xMS0wMS1wcmV2aWV3",
      "RequestMethod": "PUT",
      "RequestBody": "{\r\n  \"createDnsRecord\": false\r\n}",
      "RequestHeaders": {
        "x-ms-client-request-id": [
          "95d0b970-3c1f-47db-96de-74e6c9d9d57f"
        ],
        "Accept-Language": [
          "en-US"
        ],
        "User-Agent": [
          "FxVersion/4.700.22.26002",
          "OSName/Windows",
          "OSVersion/Microsoft.Windows.10.0.17763",
          "Microsoft.Azure.Management.Sql.SqlManagementClient/3.1.0.0"
        ],
        "Content-Type": [
          "application/json; charset=utf-8"
        ],
        "Content-Length": [
          "32"
        ]
      },
      "ResponseHeaders": {
        "Cache-Control": [
          "no-cache"
        ],
        "Pragma": [
          "no-cache"
        ],
        "Location": [
          "https://management.azure.com/subscriptions/8313371e-0879-428e-b1da-6353575a9192/providers/Microsoft.Sql/locations/westcentralus/managedDnsAliasOperationResults/17bc7b0a-fa7e-43fb-ab74-01d837be6f10?api-version=2021-11-01-preview"
        ],
        "Retry-After": [
          "1"
        ],
        "Azure-AsyncOperation": [
          "https://management.azure.com/subscriptions/8313371e-0879-428e-b1da-6353575a9192/providers/Microsoft.Sql/locations/westcentralus/managedDnsAliasAsyncOperation/17bc7b0a-fa7e-43fb-ab74-01d837be6f10?api-version=2021-11-01-preview"
        ],
        "x-ms-request-id": [
          "17bc7b0a-fa7e-43fb-ab74-01d837be6f10"
        ],
        "Server": [
          "Microsoft-HTTPAPI/2.0"
        ],
        "x-ms-ratelimit-remaining-subscription-writes": [
          "1194"
        ],
        "x-ms-correlation-request-id": [
          "4e4c6c44-821d-486a-ac11-e4c7a0bc60e0"
        ],
        "x-ms-routing-request-id": [
          "UKSOUTH:20220706T140740Z:4e4c6c44-821d-486a-ac11-e4c7a0bc60e0"
        ],
        "Strict-Transport-Security": [
          "max-age=31536000; includeSubDomains"
        ],
        "X-Content-Type-Options": [
          "nosniff"
        ],
        "Date": [
          "Wed, 06 Jul 2022 14:07:40 GMT"
        ],
        "Content-Length": [
          "82"
        ],
        "Content-Type": [
          "application/json; charset=utf-8"
        ],
        "Expires": [
          "-1"
        ]
      },
      "ResponseBody": "{\r\n  \"operation\": \"CreateManagedServerDnsAlias\",\r\n  \"startTime\": \"2022-07-06T14:07:39.237Z\"\r\n}",
      "StatusCode": 202
    },
    {
      "RequestUri": "/subscriptions/8313371e-0879-428e-b1da-6353575a9192/resourceGroups/ps4647/providers/Microsoft.Sql/managedInstances/ps5495/dnsAliases/ps5495-testalias?api-version=2021-11-01-preview",
      "EncodedRequestUri": "L3N1YnNjcmlwdGlvbnMvODMxMzM3MWUtMDg3OS00MjhlLWIxZGEtNjM1MzU3NWE5MTkyL3Jlc291cmNlR3JvdXBzL3BzNDY0Ny9wcm92aWRlcnMvTWljcm9zb2Z0LlNxbC9tYW5hZ2VkSW5zdGFuY2VzL3BzNTQ5NS9kbnNBbGlhc2VzL3BzNTQ5NS10ZXN0YWxpYXM/YXBpLXZlcnNpb249MjAyMS0xMS0wMS1wcmV2aWV3",
      "RequestMethod": "PUT",
      "RequestBody": "{\r\n  \"createDnsRecord\": true\r\n}",
      "RequestHeaders": {
        "x-ms-client-request-id": [
          "d6da0dda-3491-4c8c-8ebe-d8ba6b917a89"
        ],
        "Accept-Language": [
          "en-US"
        ],
        "User-Agent": [
          "FxVersion/4.700.22.26002",
          "OSName/Windows",
          "OSVersion/Microsoft.Windows.10.0.17763",
          "Microsoft.Azure.Management.Sql.SqlManagementClient/3.1.0.0"
        ],
        "Content-Type": [
          "application/json; charset=utf-8"
        ],
        "Content-Length": [
          "31"
        ]
      },
      "ResponseHeaders": {
        "Cache-Control": [
          "no-cache"
        ],
        "Pragma": [
          "no-cache"
        ],
        "Location": [
          "https://management.azure.com/subscriptions/8313371e-0879-428e-b1da-6353575a9192/providers/Microsoft.Sql/locations/westcentralus/managedDnsAliasOperationResults/5717cc47-c465-4723-8d5d-086fb1a1806b?api-version=2021-11-01-preview"
        ],
        "Retry-After": [
          "1"
        ],
        "Azure-AsyncOperation": [
          "https://management.azure.com/subscriptions/8313371e-0879-428e-b1da-6353575a9192/providers/Microsoft.Sql/locations/westcentralus/managedDnsAliasAsyncOperation/5717cc47-c465-4723-8d5d-086fb1a1806b?api-version=2021-11-01-preview"
        ],
        "x-ms-request-id": [
          "5717cc47-c465-4723-8d5d-086fb1a1806b"
        ],
        "Server": [
          "Microsoft-HTTPAPI/2.0"
        ],
        "x-ms-ratelimit-remaining-subscription-writes": [
          "1193"
        ],
        "x-ms-correlation-request-id": [
          "29a21189-59a1-43b9-a346-fd0a35fea8bb"
        ],
        "x-ms-routing-request-id": [
          "UKSOUTH:20220706T140743Z:29a21189-59a1-43b9-a346-fd0a35fea8bb"
        ],
        "Strict-Transport-Security": [
          "max-age=31536000; includeSubDomains"
        ],
        "X-Content-Type-Options": [
          "nosniff"
        ],
        "Date": [
          "Wed, 06 Jul 2022 14:07:43 GMT"
        ],
        "Content-Length": [
          "82"
        ],
        "Content-Type": [
          "application/json; charset=utf-8"
        ],
        "Expires": [
          "-1"
        ]
      },
      "ResponseBody": "{\r\n  \"operation\": \"CreateManagedServerDnsAlias\",\r\n  \"startTime\": \"2022-07-06T14:07:42.533Z\"\r\n}",
      "StatusCode": 202
    },
    {
      "RequestUri": "/subscriptions/8313371e-0879-428e-b1da-6353575a9192/resourceGroups/ps4647/providers/Microsoft.Sql/managedInstances/ps5495/dnsAliases/ps5495-testalias?api-version=2021-11-01-preview",
      "EncodedRequestUri": "L3N1YnNjcmlwdGlvbnMvODMxMzM3MWUtMDg3OS00MjhlLWIxZGEtNjM1MzU3NWE5MTkyL3Jlc291cmNlR3JvdXBzL3BzNDY0Ny9wcm92aWRlcnMvTWljcm9zb2Z0LlNxbC9tYW5hZ2VkSW5zdGFuY2VzL3BzNTQ5NS9kbnNBbGlhc2VzL3BzNTQ5NS10ZXN0YWxpYXM/YXBpLXZlcnNpb249MjAyMS0xMS0wMS1wcmV2aWV3",
      "RequestMethod": "PUT",
      "RequestBody": "{\r\n  \"createDnsRecord\": false\r\n}",
      "RequestHeaders": {
        "x-ms-client-request-id": [
          "3a12059e-59d8-4fd6-8c4d-496d3181b777"
        ],
        "Accept-Language": [
          "en-US"
        ],
        "User-Agent": [
          "FxVersion/4.700.22.26002",
          "OSName/Windows",
          "OSVersion/Microsoft.Windows.10.0.17763",
          "Microsoft.Azure.Management.Sql.SqlManagementClient/3.1.0.0"
        ],
        "Content-Type": [
          "application/json; charset=utf-8"
        ],
        "Content-Length": [
          "32"
        ]
      },
      "ResponseHeaders": {
        "Cache-Control": [
          "no-cache"
        ],
        "Pragma": [
          "no-cache"
        ],
        "Location": [
          "https://management.azure.com/subscriptions/8313371e-0879-428e-b1da-6353575a9192/providers/Microsoft.Sql/locations/westcentralus/managedDnsAliasOperationResults/3d59c7b0-9a42-4fde-b46f-22bc7fac1017?api-version=2021-11-01-preview"
        ],
        "Retry-After": [
          "1"
        ],
        "Azure-AsyncOperation": [
          "https://management.azure.com/subscriptions/8313371e-0879-428e-b1da-6353575a9192/providers/Microsoft.Sql/locations/westcentralus/managedDnsAliasAsyncOperation/3d59c7b0-9a42-4fde-b46f-22bc7fac1017?api-version=2021-11-01-preview"
        ],
        "x-ms-request-id": [
          "3d59c7b0-9a42-4fde-b46f-22bc7fac1017"
        ],
        "Server": [
          "Microsoft-HTTPAPI/2.0"
        ],
        "x-ms-ratelimit-remaining-subscription-writes": [
          "1192"
        ],
        "x-ms-correlation-request-id": [
          "4e065995-e121-4d14-a882-44afedd95953"
        ],
        "x-ms-routing-request-id": [
          "UKSOUTH:20220706T140750Z:4e065995-e121-4d14-a882-44afedd95953"
        ],
        "Strict-Transport-Security": [
          "max-age=31536000; includeSubDomains"
        ],
        "X-Content-Type-Options": [
          "nosniff"
        ],
        "Date": [
          "Wed, 06 Jul 2022 14:07:49 GMT"
        ],
        "Content-Length": [
          "82"
        ],
        "Content-Type": [
          "application/json; charset=utf-8"
        ],
        "Expires": [
          "-1"
        ]
      },
      "ResponseBody": "{\r\n  \"operation\": \"CreateManagedServerDnsAlias\",\r\n  \"startTime\": \"2022-07-06T14:07:48.923Z\"\r\n}",
      "StatusCode": 202
    },
    {
      "RequestUri": "/subscriptions/8313371e-0879-428e-b1da-6353575a9192/resourceGroups/ps4647/providers/Microsoft.Sql/managedInstances/ps5495/dnsAliases/ps5495-testalias?api-version=2021-11-01-preview",
      "EncodedRequestUri": "L3N1YnNjcmlwdGlvbnMvODMxMzM3MWUtMDg3OS00MjhlLWIxZGEtNjM1MzU3NWE5MTkyL3Jlc291cmNlR3JvdXBzL3BzNDY0Ny9wcm92aWRlcnMvTWljcm9zb2Z0LlNxbC9tYW5hZ2VkSW5zdGFuY2VzL3BzNTQ5NS9kbnNBbGlhc2VzL3BzNTQ5NS10ZXN0YWxpYXM/YXBpLXZlcnNpb249MjAyMS0xMS0wMS1wcmV2aWV3",
      "RequestMethod": "PUT",
      "RequestBody": "{\r\n  \"createDnsRecord\": true\r\n}",
      "RequestHeaders": {
        "x-ms-client-request-id": [
          "d245b0ec-4af9-4342-ba1e-7de7a9f5c220"
        ],
        "Accept-Language": [
          "en-US"
        ],
        "User-Agent": [
          "FxVersion/4.700.22.26002",
          "OSName/Windows",
          "OSVersion/Microsoft.Windows.10.0.17763",
          "Microsoft.Azure.Management.Sql.SqlManagementClient/3.1.0.0"
        ],
        "Content-Type": [
          "application/json; charset=utf-8"
        ],
        "Content-Length": [
          "31"
        ]
      },
      "ResponseHeaders": {
        "Cache-Control": [
          "no-cache"
        ],
        "Pragma": [
          "no-cache"
        ],
        "Location": [
          "https://management.azure.com/subscriptions/8313371e-0879-428e-b1da-6353575a9192/providers/Microsoft.Sql/locations/westcentralus/managedDnsAliasOperationResults/f6cd0a0a-807c-4e76-a896-535f4bf6f87f?api-version=2021-11-01-preview"
        ],
        "Retry-After": [
          "1"
        ],
        "Azure-AsyncOperation": [
          "https://management.azure.com/subscriptions/8313371e-0879-428e-b1da-6353575a9192/providers/Microsoft.Sql/locations/westcentralus/managedDnsAliasAsyncOperation/f6cd0a0a-807c-4e76-a896-535f4bf6f87f?api-version=2021-11-01-preview"
        ],
        "x-ms-request-id": [
          "f6cd0a0a-807c-4e76-a896-535f4bf6f87f"
        ],
        "Server": [
          "Microsoft-HTTPAPI/2.0"
        ],
        "x-ms-ratelimit-remaining-subscription-writes": [
          "1191"
        ],
        "x-ms-correlation-request-id": [
          "d2f25110-1017-49ec-944f-f4a245948cae"
        ],
        "x-ms-routing-request-id": [
          "UKSOUTH:20220706T140753Z:d2f25110-1017-49ec-944f-f4a245948cae"
        ],
        "Strict-Transport-Security": [
          "max-age=31536000; includeSubDomains"
        ],
        "X-Content-Type-Options": [
          "nosniff"
        ],
        "Date": [
          "Wed, 06 Jul 2022 14:07:52 GMT"
        ],
        "Content-Length": [
          "82"
        ],
        "Content-Type": [
          "application/json; charset=utf-8"
        ],
        "Expires": [
          "-1"
        ]
      },
      "ResponseBody": "{\r\n  \"operation\": \"CreateManagedServerDnsAlias\",\r\n  \"startTime\": \"2022-07-06T14:07:52.173Z\"\r\n}",
      "StatusCode": 202
    },
    {
      "RequestUri": "/subscriptions/8313371e-0879-428e-b1da-6353575a9192/providers/Microsoft.Sql/locations/westcentralus/managedDnsAliasAsyncOperation/beae6588-295f-47bc-991d-bd7c327a0d5f?api-version=2021-11-01-preview",
      "EncodedRequestUri": "L3N1YnNjcmlwdGlvbnMvODMxMzM3MWUtMDg3OS00MjhlLWIxZGEtNjM1MzU3NWE5MTkyL3Byb3ZpZGVycy9NaWNyb3NvZnQuU3FsL2xvY2F0aW9ucy93ZXN0Y2VudHJhbHVzL21hbmFnZWREbnNBbGlhc0FzeW5jT3BlcmF0aW9uL2JlYWU2NTg4LTI5NWYtNDdiYy05OTFkLWJkN2MzMjdhMGQ1Zj9hcGktdmVyc2lvbj0yMDIxLTExLTAxLXByZXZpZXc=",
      "RequestMethod": "GET",
      "RequestBody": "",
      "RequestHeaders": {
        "User-Agent": [
          "FxVersion/4.700.22.26002",
          "OSName/Windows",
          "OSVersion/Microsoft.Windows.10.0.17763",
          "Microsoft.Azure.Management.Sql.SqlManagementClient/3.1.0.0"
        ]
      },
      "ResponseHeaders": {
        "Cache-Control": [
          "no-cache"
        ],
        "Pragma": [
          "no-cache"
        ],
        "Retry-After": [
          "15"
        ],
        "x-ms-request-id": [
          "e13d3fd6-7975-48d5-816e-f50089a5c59a"
        ],
        "Server": [
          "Microsoft-HTTPAPI/2.0"
        ],
        "x-ms-ratelimit-remaining-subscription-reads": [
          "11994"
        ],
        "x-ms-correlation-request-id": [
          "527cf2d7-e8fa-4802-9b6d-a0b24514cae9"
        ],
        "x-ms-routing-request-id": [
          "UKSOUTH:20220706T140721Z:527cf2d7-e8fa-4802-9b6d-a0b24514cae9"
        ],
        "Strict-Transport-Security": [
          "max-age=31536000; includeSubDomains"
        ],
        "X-Content-Type-Options": [
          "nosniff"
        ],
        "Date": [
          "Wed, 06 Jul 2022 14:07:21 GMT"
        ],
        "Content-Length": [
          "107"
        ],
        "Content-Type": [
          "application/json; charset=utf-8"
        ],
        "Expires": [
          "-1"
        ]
      },
      "ResponseBody": "{\r\n  \"name\": \"beae6588-295f-47bc-991d-bd7c327a0d5f\",\r\n  \"status\": \"Succeeded\",\r\n  \"startTime\": \"2022-07-06T14:07:19.313Z\"\r\n}",
      "StatusCode": 200
    },
    {
      "RequestUri": "/subscriptions/8313371e-0879-428e-b1da-6353575a9192/providers/Microsoft.Sql/locations/westcentralus/managedDnsAliasAsyncOperation/904838d5-f6b9-4a8a-a1d6-3a8a74fc8a42?api-version=2021-11-01-preview",
      "EncodedRequestUri": "L3N1YnNjcmlwdGlvbnMvODMxMzM3MWUtMDg3OS00MjhlLWIxZGEtNjM1MzU3NWE5MTkyL3Byb3ZpZGVycy9NaWNyb3NvZnQuU3FsL2xvY2F0aW9ucy93ZXN0Y2VudHJhbHVzL21hbmFnZWREbnNBbGlhc0FzeW5jT3BlcmF0aW9uLzkwNDgzOGQ1LWY2YjktNGE4YS1hMWQ2LTNhOGE3NGZjOGE0Mj9hcGktdmVyc2lvbj0yMDIxLTExLTAxLXByZXZpZXc=",
      "RequestMethod": "GET",
      "RequestBody": "",
      "RequestHeaders": {
        "User-Agent": [
          "FxVersion/4.700.22.26002",
          "OSName/Windows",
          "OSVersion/Microsoft.Windows.10.0.17763",
          "Microsoft.Azure.Management.Sql.SqlManagementClient/3.1.0.0"
        ]
      },
      "ResponseHeaders": {
        "Cache-Control": [
          "no-cache"
        ],
        "Pragma": [
          "no-cache"
        ],
        "Retry-After": [
          "15"
        ],
        "x-ms-request-id": [
          "f5f2c9dc-b8f3-457a-af81-954037b9cccc"
        ],
        "Server": [
          "Microsoft-HTTPAPI/2.0"
        ],
        "x-ms-ratelimit-remaining-subscription-reads": [
          "11991"
        ],
        "x-ms-correlation-request-id": [
          "266fde06-fae0-4c3a-80b3-9619a117db61"
        ],
        "x-ms-routing-request-id": [
          "UKSOUTH:20220706T140724Z:266fde06-fae0-4c3a-80b3-9619a117db61"
        ],
        "Strict-Transport-Security": [
          "max-age=31536000; includeSubDomains"
        ],
        "X-Content-Type-Options": [
          "nosniff"
        ],
        "Date": [
          "Wed, 06 Jul 2022 14:07:24 GMT"
        ],
        "Content-Length": [
          "107"
        ],
        "Content-Type": [
          "application/json; charset=utf-8"
        ],
        "Expires": [
          "-1"
        ]
      },
      "ResponseBody": "{\r\n  \"name\": \"904838d5-f6b9-4a8a-a1d6-3a8a74fc8a42\",\r\n  \"status\": \"Succeeded\",\r\n  \"startTime\": \"2022-07-06T14:07:22.627Z\"\r\n}",
      "StatusCode": 200
    },
    {
      "RequestUri": "/subscriptions/8313371e-0879-428e-b1da-6353575a9192/resourceGroups/ps4647/providers/Microsoft.Sql/managedInstances/ps5495/dnsAliases/ps5495-testalias?api-version=2021-11-01-preview",
      "EncodedRequestUri": "L3N1YnNjcmlwdGlvbnMvODMxMzM3MWUtMDg3OS00MjhlLWIxZGEtNjM1MzU3NWE5MTkyL3Jlc291cmNlR3JvdXBzL3BzNDY0Ny9wcm92aWRlcnMvTWljcm9zb2Z0LlNxbC9tYW5hZ2VkSW5zdGFuY2VzL3BzNTQ5NS9kbnNBbGlhc2VzL3BzNTQ5NS10ZXN0YWxpYXM/YXBpLXZlcnNpb249MjAyMS0xMS0wMS1wcmV2aWV3",
      "RequestMethod": "DELETE",
      "RequestBody": "",
      "RequestHeaders": {
        "x-ms-client-request-id": [
          "4a8e1771-b865-4e9f-be04-d69beecec7f7"
        ],
        "Accept-Language": [
          "en-US"
        ],
        "User-Agent": [
          "FxVersion/4.700.22.26002",
          "OSName/Windows",
          "OSVersion/Microsoft.Windows.10.0.17763",
          "Microsoft.Azure.Management.Sql.SqlManagementClient/3.1.0.0"
        ]
      },
      "ResponseHeaders": {
        "Cache-Control": [
          "no-cache"
        ],
        "Pragma": [
          "no-cache"
        ],
        "Location": [
          "https://management.azure.com/subscriptions/8313371e-0879-428e-b1da-6353575a9192/providers/Microsoft.Sql/locations/westcentralus/managedDnsAliasOperationResults/dec8a795-0cb3-48fa-a4e6-19d2c80c0703?api-version=2021-11-01-preview"
        ],
        "Retry-After": [
          "1"
        ],
        "Azure-AsyncOperation": [
          "https://management.azure.com/subscriptions/8313371e-0879-428e-b1da-6353575a9192/providers/Microsoft.Sql/locations/westcentralus/managedDnsAliasAsyncOperation/dec8a795-0cb3-48fa-a4e6-19d2c80c0703?api-version=2021-11-01-preview"
        ],
        "x-ms-request-id": [
          "dec8a795-0cb3-48fa-a4e6-19d2c80c0703"
        ],
        "Server": [
          "Microsoft-HTTPAPI/2.0"
        ],
        "x-ms-ratelimit-remaining-subscription-deletes": [
          "14999"
        ],
        "x-ms-correlation-request-id": [
          "8882451c-6e8b-4483-a26d-5e2bfed090dd"
        ],
        "x-ms-routing-request-id": [
          "UKSOUTH:20220706T140727Z:8882451c-6e8b-4483-a26d-5e2bfed090dd"
        ],
        "Strict-Transport-Security": [
          "max-age=31536000; includeSubDomains"
        ],
        "X-Content-Type-Options": [
          "nosniff"
        ],
        "Date": [
          "Wed, 06 Jul 2022 14:07:26 GMT"
        ],
        "Content-Length": [
          "80"
        ],
        "Content-Type": [
          "application/json; charset=utf-8"
        ],
        "Expires": [
          "-1"
        ]
      },
      "ResponseBody": "{\r\n  \"operation\": \"DropManagedServerDnsAlias\",\r\n  \"startTime\": \"2022-07-06T14:07:25.987Z\"\r\n}",
      "StatusCode": 202
    },
    {
      "RequestUri": "/subscriptions/8313371e-0879-428e-b1da-6353575a9192/resourceGroups/ps4647/providers/Microsoft.Sql/managedInstances/ps5495/dnsAliases/ps5495-testalias?api-version=2021-11-01-preview",
      "EncodedRequestUri": "L3N1YnNjcmlwdGlvbnMvODMxMzM3MWUtMDg3OS00MjhlLWIxZGEtNjM1MzU3NWE5MTkyL3Jlc291cmNlR3JvdXBzL3BzNDY0Ny9wcm92aWRlcnMvTWljcm9zb2Z0LlNxbC9tYW5hZ2VkSW5zdGFuY2VzL3BzNTQ5NS9kbnNBbGlhc2VzL3BzNTQ5NS10ZXN0YWxpYXM/YXBpLXZlcnNpb249MjAyMS0xMS0wMS1wcmV2aWV3",
      "RequestMethod": "DELETE",
      "RequestBody": "",
      "RequestHeaders": {
        "x-ms-client-request-id": [
          "4601597f-1275-45db-a39d-2ba53c645bdc"
        ],
        "Accept-Language": [
          "en-US"
        ],
        "User-Agent": [
          "FxVersion/4.700.22.26002",
          "OSName/Windows",
          "OSVersion/Microsoft.Windows.10.0.17763",
          "Microsoft.Azure.Management.Sql.SqlManagementClient/3.1.0.0"
        ]
      },
      "ResponseHeaders": {
        "Cache-Control": [
          "no-cache"
        ],
        "Pragma": [
          "no-cache"
        ],
        "Location": [
          "https://management.azure.com/subscriptions/8313371e-0879-428e-b1da-6353575a9192/providers/Microsoft.Sql/locations/westcentralus/managedDnsAliasOperationResults/6e462bb6-72a5-4f81-a9fe-303d4b8ed988?api-version=2021-11-01-preview"
        ],
        "Retry-After": [
          "1"
        ],
        "Azure-AsyncOperation": [
          "https://management.azure.com/subscriptions/8313371e-0879-428e-b1da-6353575a9192/providers/Microsoft.Sql/locations/westcentralus/managedDnsAliasAsyncOperation/6e462bb6-72a5-4f81-a9fe-303d4b8ed988?api-version=2021-11-01-preview"
        ],
        "x-ms-request-id": [
          "6e462bb6-72a5-4f81-a9fe-303d4b8ed988"
        ],
        "Server": [
          "Microsoft-HTTPAPI/2.0"
        ],
        "x-ms-ratelimit-remaining-subscription-deletes": [
          "14998"
        ],
        "x-ms-correlation-request-id": [
          "ad025cec-0ff6-45e2-8cbb-848d2b9ecffd"
        ],
        "x-ms-routing-request-id": [
          "UKSOUTH:20220706T140737Z:ad025cec-0ff6-45e2-8cbb-848d2b9ecffd"
        ],
        "Strict-Transport-Security": [
          "max-age=31536000; includeSubDomains"
        ],
        "X-Content-Type-Options": [
          "nosniff"
        ],
        "Date": [
          "Wed, 06 Jul 2022 14:07:36 GMT"
        ],
        "Content-Length": [
          "80"
        ],
        "Content-Type": [
          "application/json; charset=utf-8"
        ],
        "Expires": [
          "-1"
        ]
      },
      "ResponseBody": "{\r\n  \"operation\": \"DropManagedServerDnsAlias\",\r\n  \"startTime\": \"2022-07-06T14:07:35.957Z\"\r\n}",
      "StatusCode": 202
    },
    {
      "RequestUri": "/subscriptions/8313371e-0879-428e-b1da-6353575a9192/resourceGroups/ps4647/providers/Microsoft.Sql/managedInstances/ps5495/dnsAliases/ps5495-testalias?api-version=2021-11-01-preview",
      "EncodedRequestUri": "L3N1YnNjcmlwdGlvbnMvODMxMzM3MWUtMDg3OS00MjhlLWIxZGEtNjM1MzU3NWE5MTkyL3Jlc291cmNlR3JvdXBzL3BzNDY0Ny9wcm92aWRlcnMvTWljcm9zb2Z0LlNxbC9tYW5hZ2VkSW5zdGFuY2VzL3BzNTQ5NS9kbnNBbGlhc2VzL3BzNTQ5NS10ZXN0YWxpYXM/YXBpLXZlcnNpb249MjAyMS0xMS0wMS1wcmV2aWV3",
      "RequestMethod": "DELETE",
      "RequestBody": "",
      "RequestHeaders": {
        "x-ms-client-request-id": [
          "24617ef8-9eeb-4b59-960b-05f74c07b4c7"
        ],
        "Accept-Language": [
          "en-US"
        ],
        "User-Agent": [
          "FxVersion/4.700.22.26002",
          "OSName/Windows",
          "OSVersion/Microsoft.Windows.10.0.17763",
          "Microsoft.Azure.Management.Sql.SqlManagementClient/3.1.0.0"
        ]
      },
      "ResponseHeaders": {
        "Cache-Control": [
          "no-cache"
        ],
        "Pragma": [
          "no-cache"
        ],
        "Location": [
          "https://management.azure.com/subscriptions/8313371e-0879-428e-b1da-6353575a9192/providers/Microsoft.Sql/locations/westcentralus/managedDnsAliasOperationResults/049727a4-aebd-4fa7-837c-de8c0dcc1428?api-version=2021-11-01-preview"
        ],
        "Retry-After": [
          "1"
        ],
        "Azure-AsyncOperation": [
          "https://management.azure.com/subscriptions/8313371e-0879-428e-b1da-6353575a9192/providers/Microsoft.Sql/locations/westcentralus/managedDnsAliasAsyncOperation/049727a4-aebd-4fa7-837c-de8c0dcc1428?api-version=2021-11-01-preview"
        ],
        "x-ms-request-id": [
          "049727a4-aebd-4fa7-837c-de8c0dcc1428"
        ],
        "Server": [
          "Microsoft-HTTPAPI/2.0"
        ],
        "x-ms-ratelimit-remaining-subscription-deletes": [
          "14997"
        ],
        "x-ms-correlation-request-id": [
          "84ff286a-dbcb-452c-92f7-c972f28ad046"
        ],
        "x-ms-routing-request-id": [
          "UKSOUTH:20220706T140746Z:84ff286a-dbcb-452c-92f7-c972f28ad046"
        ],
        "Strict-Transport-Security": [
          "max-age=31536000; includeSubDomains"
        ],
        "X-Content-Type-Options": [
          "nosniff"
        ],
        "Date": [
          "Wed, 06 Jul 2022 14:07:46 GMT"
        ],
        "Content-Length": [
          "80"
        ],
        "Content-Type": [
          "application/json; charset=utf-8"
        ],
        "Expires": [
          "-1"
        ]
      },
      "ResponseBody": "{\r\n  \"operation\": \"DropManagedServerDnsAlias\",\r\n  \"startTime\": \"2022-07-06T14:07:45.783Z\"\r\n}",
      "StatusCode": 202
    },
    {
      "RequestUri": "/subscriptions/8313371e-0879-428e-b1da-6353575a9192/resourceGroups/ps4647/providers/Microsoft.Sql/managedInstances/ps5495/dnsAliases/ps5495-testalias?api-version=2021-11-01-preview",
      "EncodedRequestUri": "L3N1YnNjcmlwdGlvbnMvODMxMzM3MWUtMDg3OS00MjhlLWIxZGEtNjM1MzU3NWE5MTkyL3Jlc291cmNlR3JvdXBzL3BzNDY0Ny9wcm92aWRlcnMvTWljcm9zb2Z0LlNxbC9tYW5hZ2VkSW5zdGFuY2VzL3BzNTQ5NS9kbnNBbGlhc2VzL3BzNTQ5NS10ZXN0YWxpYXM/YXBpLXZlcnNpb249MjAyMS0xMS0wMS1wcmV2aWV3",
      "RequestMethod": "DELETE",
      "RequestBody": "",
      "RequestHeaders": {
        "x-ms-client-request-id": [
          "888dc983-e4a3-4096-b778-1b285457ba6d"
        ],
        "Accept-Language": [
          "en-US"
        ],
        "User-Agent": [
          "FxVersion/4.700.22.26002",
          "OSName/Windows",
          "OSVersion/Microsoft.Windows.10.0.17763",
          "Microsoft.Azure.Management.Sql.SqlManagementClient/3.1.0.0"
        ]
      },
      "ResponseHeaders": {
        "Cache-Control": [
          "no-cache"
        ],
        "Pragma": [
          "no-cache"
        ],
        "Location": [
          "https://management.azure.com/subscriptions/8313371e-0879-428e-b1da-6353575a9192/providers/Microsoft.Sql/locations/westcentralus/managedDnsAliasOperationResults/7a15abca-1fb6-4a52-aab2-ddef18dcf313?api-version=2021-11-01-preview"
        ],
        "Retry-After": [
          "1"
        ],
        "Azure-AsyncOperation": [
          "https://management.azure.com/subscriptions/8313371e-0879-428e-b1da-6353575a9192/providers/Microsoft.Sql/locations/westcentralus/managedDnsAliasAsyncOperation/7a15abca-1fb6-4a52-aab2-ddef18dcf313?api-version=2021-11-01-preview"
        ],
        "x-ms-request-id": [
          "7a15abca-1fb6-4a52-aab2-ddef18dcf313"
        ],
        "Server": [
          "Microsoft-HTTPAPI/2.0"
        ],
        "x-ms-ratelimit-remaining-subscription-deletes": [
          "14996"
        ],
        "x-ms-correlation-request-id": [
          "cea10614-1891-414a-89a1-0917e49d0341"
        ],
        "x-ms-routing-request-id": [
          "UKSOUTH:20220706T140756Z:cea10614-1891-414a-89a1-0917e49d0341"
        ],
        "Strict-Transport-Security": [
          "max-age=31536000; includeSubDomains"
        ],
        "X-Content-Type-Options": [
          "nosniff"
        ],
        "Date": [
          "Wed, 06 Jul 2022 14:07:56 GMT"
        ],
        "Content-Length": [
          "80"
        ],
        "Content-Type": [
          "application/json; charset=utf-8"
        ],
        "Expires": [
          "-1"
        ]
      },
      "ResponseBody": "{\r\n  \"operation\": \"DropManagedServerDnsAlias\",\r\n  \"startTime\": \"2022-07-06T14:07:55.457Z\"\r\n}",
      "StatusCode": 202
    },
    {
      "RequestUri": "/subscriptions/8313371e-0879-428e-b1da-6353575a9192/providers/Microsoft.Sql/locations/westcentralus/managedDnsAliasAsyncOperation/dec8a795-0cb3-48fa-a4e6-19d2c80c0703?api-version=2021-11-01-preview",
      "EncodedRequestUri": "L3N1YnNjcmlwdGlvbnMvODMxMzM3MWUtMDg3OS00MjhlLWIxZGEtNjM1MzU3NWE5MTkyL3Byb3ZpZGVycy9NaWNyb3NvZnQuU3FsL2xvY2F0aW9ucy93ZXN0Y2VudHJhbHVzL21hbmFnZWREbnNBbGlhc0FzeW5jT3BlcmF0aW9uL2RlYzhhNzk1LTBjYjMtNDhmYS1hNGU2LTE5ZDJjODBjMDcwMz9hcGktdmVyc2lvbj0yMDIxLTExLTAxLXByZXZpZXc=",
      "RequestMethod": "GET",
      "RequestBody": "",
      "RequestHeaders": {
        "User-Agent": [
          "FxVersion/4.700.22.26002",
          "OSName/Windows",
          "OSVersion/Microsoft.Windows.10.0.17763",
          "Microsoft.Azure.Management.Sql.SqlManagementClient/3.1.0.0"
        ]
      },
      "ResponseHeaders": {
        "Cache-Control": [
          "no-cache"
        ],
        "Pragma": [
          "no-cache"
        ],
        "Retry-After": [
          "15"
        ],
        "x-ms-request-id": [
          "22ad2f6b-2655-4288-b67e-23d66185c37b"
        ],
        "Server": [
          "Microsoft-HTTPAPI/2.0"
        ],
        "x-ms-ratelimit-remaining-subscription-reads": [
          "11988"
        ],
        "x-ms-correlation-request-id": [
          "43e5f5c1-3740-4f47-9836-4cba20b109e5"
        ],
        "x-ms-routing-request-id": [
          "UKSOUTH:20220706T140728Z:43e5f5c1-3740-4f47-9836-4cba20b109e5"
        ],
        "Strict-Transport-Security": [
          "max-age=31536000; includeSubDomains"
        ],
        "X-Content-Type-Options": [
          "nosniff"
        ],
        "Date": [
          "Wed, 06 Jul 2022 14:07:28 GMT"
        ],
        "Content-Length": [
          "107"
        ],
        "Content-Type": [
          "application/json; charset=utf-8"
        ],
        "Expires": [
          "-1"
        ]
      },
      "ResponseBody": "{\r\n  \"name\": \"dec8a795-0cb3-48fa-a4e6-19d2c80c0703\",\r\n  \"status\": \"Succeeded\",\r\n  \"startTime\": \"2022-07-06T14:07:25.987Z\"\r\n}",
      "StatusCode": 200
    },
    {
      "RequestUri": "/subscriptions/8313371e-0879-428e-b1da-6353575a9192/providers/Microsoft.Sql/locations/westcentralus/managedDnsAliasOperationResults/dec8a795-0cb3-48fa-a4e6-19d2c80c0703?api-version=2021-11-01-preview",
      "EncodedRequestUri": "L3N1YnNjcmlwdGlvbnMvODMxMzM3MWUtMDg3OS00MjhlLWIxZGEtNjM1MzU3NWE5MTkyL3Byb3ZpZGVycy9NaWNyb3NvZnQuU3FsL2xvY2F0aW9ucy93ZXN0Y2VudHJhbHVzL21hbmFnZWREbnNBbGlhc09wZXJhdGlvblJlc3VsdHMvZGVjOGE3OTUtMGNiMy00OGZhLWE0ZTYtMTlkMmM4MGMwNzAzP2FwaS12ZXJzaW9uPTIwMjEtMTEtMDEtcHJldmlldw==",
      "RequestMethod": "GET",
      "RequestBody": "",
      "RequestHeaders": {
        "User-Agent": [
          "FxVersion/4.700.22.26002",
          "OSName/Windows",
          "OSVersion/Microsoft.Windows.10.0.17763",
          "Microsoft.Azure.Management.Sql.SqlManagementClient/3.1.0.0"
        ]
      },
      "ResponseHeaders": {
        "Cache-Control": [
          "no-cache"
        ],
        "Pragma": [
          "no-cache"
        ],
        "x-ms-request-id": [
          "031385f6-e9b0-4b1d-b5d0-9009f09cb93d"
        ],
        "Server": [
          "Microsoft-HTTPAPI/2.0"
        ],
        "x-ms-ratelimit-remaining-subscription-reads": [
          "11987"
        ],
        "x-ms-correlation-request-id": [
          "5c657547-378c-4ac5-9d61-84b96c2157a2"
        ],
        "x-ms-routing-request-id": [
          "UKSOUTH:20220706T140728Z:5c657547-378c-4ac5-9d61-84b96c2157a2"
        ],
        "Strict-Transport-Security": [
          "max-age=31536000; includeSubDomains"
        ],
        "X-Content-Type-Options": [
          "nosniff"
        ],
        "Date": [
          "Wed, 06 Jul 2022 14:07:28 GMT"
        ],
        "Expires": [
          "-1"
        ],
        "Content-Length": [
          "0"
        ]
      },
      "ResponseBody": "",
      "StatusCode": 200
    },
    {
      "RequestUri": "/subscriptions/8313371e-0879-428e-b1da-6353575a9192/providers/Microsoft.Sql/locations/westcentralus/managedDnsAliasAsyncOperation/5f4564c9-4064-434d-bf42-b339c2d59c84?api-version=2021-11-01-preview",
      "EncodedRequestUri": "L3N1YnNjcmlwdGlvbnMvODMxMzM3MWUtMDg3OS00MjhlLWIxZGEtNjM1MzU3NWE5MTkyL3Byb3ZpZGVycy9NaWNyb3NvZnQuU3FsL2xvY2F0aW9ucy93ZXN0Y2VudHJhbHVzL21hbmFnZWREbnNBbGlhc0FzeW5jT3BlcmF0aW9uLzVmNDU2NGM5LTQwNjQtNDM0ZC1iZjQyLWIzMzljMmQ1OWM4ND9hcGktdmVyc2lvbj0yMDIxLTExLTAxLXByZXZpZXc=",
      "RequestMethod": "GET",
      "RequestBody": "",
      "RequestHeaders": {
        "x-ms-client-request-id": [
          "efedc988-2e64-4a34-a542-80c5a15dfc20"
        ],
        "User-Agent": [
          "FxVersion/4.700.22.26002",
          "OSName/Windows",
          "OSVersion/Microsoft.Windows.10.0.17763",
          "Microsoft.Azure.Management.Sql.SqlManagementClient/3.1.0.0"
        ]
      },
      "ResponseHeaders": {
        "Cache-Control": [
          "no-cache"
        ],
        "Pragma": [
          "no-cache"
        ],
        "Retry-After": [
          "15"
        ],
        "x-ms-request-id": [
          "64f15a66-b9dd-435e-ac0d-8830ffa7d5bc"
        ],
        "Server": [
          "Microsoft-HTTPAPI/2.0"
        ],
        "x-ms-ratelimit-remaining-subscription-reads": [
          "11985"
        ],
        "x-ms-correlation-request-id": [
          "3ae4d084-2930-4be8-971c-bcd1797f634d"
        ],
        "x-ms-routing-request-id": [
          "UKSOUTH:20220706T140731Z:3ae4d084-2930-4be8-971c-bcd1797f634d"
        ],
        "Strict-Transport-Security": [
          "max-age=31536000; includeSubDomains"
        ],
        "X-Content-Type-Options": [
          "nosniff"
        ],
        "Date": [
          "Wed, 06 Jul 2022 14:07:31 GMT"
        ],
        "Content-Length": [
          "106"
        ],
        "Content-Type": [
          "application/json; charset=utf-8"
        ],
        "Expires": [
          "-1"
        ]
      },
      "ResponseBody": "{\r\n  \"name\": \"5f4564c9-4064-434d-bf42-b339c2d59c84\",\r\n  \"status\": \"Succeeded\",\r\n  \"startTime\": \"2022-07-06T14:07:29.41Z\"\r\n}",
      "StatusCode": 200
    },
    {
      "RequestUri": "/subscriptions/8313371e-0879-428e-b1da-6353575a9192/providers/Microsoft.Sql/locations/westcentralus/managedDnsAliasAsyncOperation/257fa571-ca19-4913-84a6-7c8007404c7a?api-version=2021-11-01-preview",
      "EncodedRequestUri": "L3N1YnNjcmlwdGlvbnMvODMxMzM3MWUtMDg3OS00MjhlLWIxZGEtNjM1MzU3NWE5MTkyL3Byb3ZpZGVycy9NaWNyb3NvZnQuU3FsL2xvY2F0aW9ucy93ZXN0Y2VudHJhbHVzL21hbmFnZWREbnNBbGlhc0FzeW5jT3BlcmF0aW9uLzI1N2ZhNTcxLWNhMTktNDkxMy04NGE2LTdjODAwNzQwNGM3YT9hcGktdmVyc2lvbj0yMDIxLTExLTAxLXByZXZpZXc=",
      "RequestMethod": "GET",
      "RequestBody": "",
      "RequestHeaders": {
        "x-ms-client-request-id": [
          "9b43a4dd-6b00-4763-bffc-420a29d1514b"
        ],
        "User-Agent": [
          "FxVersion/4.700.22.26002",
          "OSName/Windows",
          "OSVersion/Microsoft.Windows.10.0.17763",
          "Microsoft.Azure.Management.Sql.SqlManagementClient/3.1.0.0"
        ]
      },
      "ResponseHeaders": {
        "Cache-Control": [
          "no-cache"
        ],
        "Pragma": [
          "no-cache"
        ],
        "Retry-After": [
          "15"
        ],
        "x-ms-request-id": [
          "f4079867-af54-4580-a63b-d4094b683082"
        ],
        "Server": [
          "Microsoft-HTTPAPI/2.0"
        ],
        "x-ms-ratelimit-remaining-subscription-reads": [
          "11982"
        ],
        "x-ms-correlation-request-id": [
          "48e3a629-681c-4105-a689-c77e1b7b1832"
        ],
        "x-ms-routing-request-id": [
          "UKSOUTH:20220706T140735Z:48e3a629-681c-4105-a689-c77e1b7b1832"
        ],
        "Strict-Transport-Security": [
          "max-age=31536000; includeSubDomains"
        ],
        "X-Content-Type-Options": [
          "nosniff"
        ],
        "Date": [
          "Wed, 06 Jul 2022 14:07:34 GMT"
        ],
        "Content-Length": [
          "106"
        ],
        "Content-Type": [
          "application/json; charset=utf-8"
        ],
        "Expires": [
          "-1"
        ]
      },
      "ResponseBody": "{\r\n  \"name\": \"257fa571-ca19-4913-84a6-7c8007404c7a\",\r\n  \"status\": \"Succeeded\",\r\n  \"startTime\": \"2022-07-06T14:07:32.69Z\"\r\n}",
      "StatusCode": 200
    },
    {
      "RequestUri": "/subscriptions/8313371e-0879-428e-b1da-6353575a9192/providers/Microsoft.Sql/locations/westcentralus/managedDnsAliasAsyncOperation/6e462bb6-72a5-4f81-a9fe-303d4b8ed988?api-version=2021-11-01-preview",
      "EncodedRequestUri": "L3N1YnNjcmlwdGlvbnMvODMxMzM3MWUtMDg3OS00MjhlLWIxZGEtNjM1MzU3NWE5MTkyL3Byb3ZpZGVycy9NaWNyb3NvZnQuU3FsL2xvY2F0aW9ucy93ZXN0Y2VudHJhbHVzL21hbmFnZWREbnNBbGlhc0FzeW5jT3BlcmF0aW9uLzZlNDYyYmI2LTcyYTUtNGY4MS1hOWZlLTMwM2Q0YjhlZDk4OD9hcGktdmVyc2lvbj0yMDIxLTExLTAxLXByZXZpZXc=",
      "RequestMethod": "GET",
      "RequestBody": "",
      "RequestHeaders": {
        "x-ms-client-request-id": [
          "4601597f-1275-45db-a39d-2ba53c645bdc"
        ],
        "User-Agent": [
          "FxVersion/4.700.22.26002",
          "OSName/Windows",
          "OSVersion/Microsoft.Windows.10.0.17763",
          "Microsoft.Azure.Management.Sql.SqlManagementClient/3.1.0.0"
        ]
      },
      "ResponseHeaders": {
        "Cache-Control": [
          "no-cache"
        ],
        "Pragma": [
          "no-cache"
        ],
        "Retry-After": [
          "15"
        ],
        "x-ms-request-id": [
          "49a2d50a-a523-4b38-ad51-a3909f5424e8"
        ],
        "Server": [
          "Microsoft-HTTPAPI/2.0"
        ],
        "x-ms-ratelimit-remaining-subscription-reads": [
          "11979"
        ],
        "x-ms-correlation-request-id": [
          "9bf5259b-d71a-49aa-8159-8dc02289f67c"
        ],
        "x-ms-routing-request-id": [
          "UKSOUTH:20220706T140738Z:9bf5259b-d71a-49aa-8159-8dc02289f67c"
        ],
        "Strict-Transport-Security": [
          "max-age=31536000; includeSubDomains"
        ],
        "X-Content-Type-Options": [
          "nosniff"
        ],
        "Date": [
          "Wed, 06 Jul 2022 14:07:38 GMT"
        ],
        "Content-Length": [
          "107"
        ],
        "Content-Type": [
          "application/json; charset=utf-8"
        ],
        "Expires": [
          "-1"
        ]
      },
      "ResponseBody": "{\r\n  \"name\": \"6e462bb6-72a5-4f81-a9fe-303d4b8ed988\",\r\n  \"status\": \"Succeeded\",\r\n  \"startTime\": \"2022-07-06T14:07:35.957Z\"\r\n}",
      "StatusCode": 200
    },
    {
      "RequestUri": "/subscriptions/8313371e-0879-428e-b1da-6353575a9192/providers/Microsoft.Sql/locations/westcentralus/managedDnsAliasOperationResults/6e462bb6-72a5-4f81-a9fe-303d4b8ed988?api-version=2021-11-01-preview",
      "EncodedRequestUri": "L3N1YnNjcmlwdGlvbnMvODMxMzM3MWUtMDg3OS00MjhlLWIxZGEtNjM1MzU3NWE5MTkyL3Byb3ZpZGVycy9NaWNyb3NvZnQuU3FsL2xvY2F0aW9ucy93ZXN0Y2VudHJhbHVzL21hbmFnZWREbnNBbGlhc09wZXJhdGlvblJlc3VsdHMvNmU0NjJiYjYtNzJhNS00ZjgxLWE5ZmUtMzAzZDRiOGVkOTg4P2FwaS12ZXJzaW9uPTIwMjEtMTEtMDEtcHJldmlldw==",
      "RequestMethod": "GET",
      "RequestBody": "",
      "RequestHeaders": {
        "x-ms-client-request-id": [
          "4601597f-1275-45db-a39d-2ba53c645bdc"
        ],
        "User-Agent": [
          "FxVersion/4.700.22.26002",
          "OSName/Windows",
          "OSVersion/Microsoft.Windows.10.0.17763",
          "Microsoft.Azure.Management.Sql.SqlManagementClient/3.1.0.0"
        ]
      },
      "ResponseHeaders": {
        "Cache-Control": [
          "no-cache"
        ],
        "Pragma": [
          "no-cache"
        ],
        "x-ms-request-id": [
          "c17e708d-0af4-49a1-b428-276eb7904ca2"
        ],
        "Server": [
          "Microsoft-HTTPAPI/2.0"
        ],
        "x-ms-ratelimit-remaining-subscription-reads": [
          "11978"
        ],
        "x-ms-correlation-request-id": [
          "2a5bccf0-5b65-4aae-8443-c4708714647b"
        ],
        "x-ms-routing-request-id": [
          "UKSOUTH:20220706T140738Z:2a5bccf0-5b65-4aae-8443-c4708714647b"
        ],
        "Strict-Transport-Security": [
          "max-age=31536000; includeSubDomains"
        ],
        "X-Content-Type-Options": [
          "nosniff"
        ],
        "Date": [
          "Wed, 06 Jul 2022 14:07:38 GMT"
        ],
        "Expires": [
          "-1"
        ],
        "Content-Length": [
          "0"
        ]
      },
      "ResponseBody": "",
      "StatusCode": 200
    },
    {
      "RequestUri": "/subscriptions/8313371e-0879-428e-b1da-6353575a9192/providers/Microsoft.Sql/locations/westcentralus/managedDnsAliasAsyncOperation/17bc7b0a-fa7e-43fb-ab74-01d837be6f10?api-version=2021-11-01-preview",
      "EncodedRequestUri": "L3N1YnNjcmlwdGlvbnMvODMxMzM3MWUtMDg3OS00MjhlLWIxZGEtNjM1MzU3NWE5MTkyL3Byb3ZpZGVycy9NaWNyb3NvZnQuU3FsL2xvY2F0aW9ucy93ZXN0Y2VudHJhbHVzL21hbmFnZWREbnNBbGlhc0FzeW5jT3BlcmF0aW9uLzE3YmM3YjBhLWZhN2UtNDNmYi1hYjc0LTAxZDgzN2JlNmYxMD9hcGktdmVyc2lvbj0yMDIxLTExLTAxLXByZXZpZXc=",
      "RequestMethod": "GET",
      "RequestBody": "",
      "RequestHeaders": {
        "x-ms-client-request-id": [
          "95d0b970-3c1f-47db-96de-74e6c9d9d57f"
        ],
        "User-Agent": [
          "FxVersion/4.700.22.26002",
          "OSName/Windows",
          "OSVersion/Microsoft.Windows.10.0.17763",
          "Microsoft.Azure.Management.Sql.SqlManagementClient/3.1.0.0"
        ]
      },
      "ResponseHeaders": {
        "Cache-Control": [
          "no-cache"
        ],
        "Pragma": [
          "no-cache"
        ],
        "Retry-After": [
          "15"
        ],
        "x-ms-request-id": [
          "a79a8999-363e-4f8e-a383-64fb121381bb"
        ],
        "Server": [
          "Microsoft-HTTPAPI/2.0"
        ],
        "x-ms-ratelimit-remaining-subscription-reads": [
          "11976"
        ],
        "x-ms-correlation-request-id": [
          "f60e0530-83d1-4f0a-99f2-9c44170c4d29"
        ],
        "x-ms-routing-request-id": [
          "UKSOUTH:20220706T140741Z:f60e0530-83d1-4f0a-99f2-9c44170c4d29"
        ],
        "Strict-Transport-Security": [
          "max-age=31536000; includeSubDomains"
        ],
        "X-Content-Type-Options": [
          "nosniff"
        ],
        "Date": [
          "Wed, 06 Jul 2022 14:07:41 GMT"
        ],
        "Content-Length": [
          "107"
        ],
        "Content-Type": [
          "application/json; charset=utf-8"
        ],
        "Expires": [
          "-1"
        ]
      },
      "ResponseBody": "{\r\n  \"name\": \"17bc7b0a-fa7e-43fb-ab74-01d837be6f10\",\r\n  \"status\": \"Succeeded\",\r\n  \"startTime\": \"2022-07-06T14:07:39.237Z\"\r\n}",
      "StatusCode": 200
    },
    {
      "RequestUri": "/subscriptions/8313371e-0879-428e-b1da-6353575a9192/providers/Microsoft.Sql/locations/westcentralus/managedDnsAliasAsyncOperation/5717cc47-c465-4723-8d5d-086fb1a1806b?api-version=2021-11-01-preview",
      "EncodedRequestUri": "L3N1YnNjcmlwdGlvbnMvODMxMzM3MWUtMDg3OS00MjhlLWIxZGEtNjM1MzU3NWE5MTkyL3Byb3ZpZGVycy9NaWNyb3NvZnQuU3FsL2xvY2F0aW9ucy93ZXN0Y2VudHJhbHVzL21hbmFnZWREbnNBbGlhc0FzeW5jT3BlcmF0aW9uLzU3MTdjYzQ3LWM0NjUtNDcyMy04ZDVkLTA4NmZiMWExODA2Yj9hcGktdmVyc2lvbj0yMDIxLTExLTAxLXByZXZpZXc=",
      "RequestMethod": "GET",
      "RequestBody": "",
      "RequestHeaders": {
        "x-ms-client-request-id": [
          "d6da0dda-3491-4c8c-8ebe-d8ba6b917a89"
        ],
        "User-Agent": [
          "FxVersion/4.700.22.26002",
          "OSName/Windows",
          "OSVersion/Microsoft.Windows.10.0.17763",
          "Microsoft.Azure.Management.Sql.SqlManagementClient/3.1.0.0"
        ]
      },
      "ResponseHeaders": {
        "Cache-Control": [
          "no-cache"
        ],
        "Pragma": [
          "no-cache"
        ],
        "Retry-After": [
          "15"
        ],
        "x-ms-request-id": [
          "923a7651-dde6-4274-a9e5-c5b839aa5166"
        ],
        "Server": [
          "Microsoft-HTTPAPI/2.0"
        ],
        "x-ms-ratelimit-remaining-subscription-reads": [
          "11973"
        ],
        "x-ms-correlation-request-id": [
          "0ad3ad5f-4093-4441-ac31-0b8d09349d71"
        ],
        "x-ms-routing-request-id": [
          "UKSOUTH:20220706T140744Z:0ad3ad5f-4093-4441-ac31-0b8d09349d71"
        ],
        "Strict-Transport-Security": [
          "max-age=31536000; includeSubDomains"
        ],
        "X-Content-Type-Options": [
          "nosniff"
        ],
        "Date": [
          "Wed, 06 Jul 2022 14:07:44 GMT"
        ],
        "Content-Length": [
          "107"
        ],
        "Content-Type": [
          "application/json; charset=utf-8"
        ],
        "Expires": [
          "-1"
        ]
      },
      "ResponseBody": "{\r\n  \"name\": \"5717cc47-c465-4723-8d5d-086fb1a1806b\",\r\n  \"status\": \"Succeeded\",\r\n  \"startTime\": \"2022-07-06T14:07:42.533Z\"\r\n}",
      "StatusCode": 200
    },
    {
      "RequestUri": "/subscriptions/8313371e-0879-428e-b1da-6353575a9192/providers/Microsoft.Sql/locations/westcentralus/managedDnsAliasAsyncOperation/049727a4-aebd-4fa7-837c-de8c0dcc1428?api-version=2021-11-01-preview",
      "EncodedRequestUri": "L3N1YnNjcmlwdGlvbnMvODMxMzM3MWUtMDg3OS00MjhlLWIxZGEtNjM1MzU3NWE5MTkyL3Byb3ZpZGVycy9NaWNyb3NvZnQuU3FsL2xvY2F0aW9ucy93ZXN0Y2VudHJhbHVzL21hbmFnZWREbnNBbGlhc0FzeW5jT3BlcmF0aW9uLzA0OTcyN2E0LWFlYmQtNGZhNy04MzdjLWRlOGMwZGNjMTQyOD9hcGktdmVyc2lvbj0yMDIxLTExLTAxLXByZXZpZXc=",
      "RequestMethod": "GET",
      "RequestBody": "",
      "RequestHeaders": {
        "x-ms-client-request-id": [
          "24617ef8-9eeb-4b59-960b-05f74c07b4c7"
        ],
        "User-Agent": [
          "FxVersion/4.700.22.26002",
          "OSName/Windows",
          "OSVersion/Microsoft.Windows.10.0.17763",
          "Microsoft.Azure.Management.Sql.SqlManagementClient/3.1.0.0"
        ]
      },
      "ResponseHeaders": {
        "Cache-Control": [
          "no-cache"
        ],
        "Pragma": [
          "no-cache"
        ],
        "Retry-After": [
          "15"
        ],
        "x-ms-request-id": [
          "0a151878-ddc3-419e-b8cd-aedf46fe3652"
        ],
        "Server": [
          "Microsoft-HTTPAPI/2.0"
        ],
        "x-ms-ratelimit-remaining-subscription-reads": [
          "11970"
        ],
        "x-ms-correlation-request-id": [
          "322874a6-14cb-4edc-86df-0f69c07e4ec5"
        ],
        "x-ms-routing-request-id": [
          "UKSOUTH:20220706T140748Z:322874a6-14cb-4edc-86df-0f69c07e4ec5"
        ],
        "Strict-Transport-Security": [
          "max-age=31536000; includeSubDomains"
        ],
        "X-Content-Type-Options": [
          "nosniff"
        ],
        "Date": [
          "Wed, 06 Jul 2022 14:07:47 GMT"
        ],
        "Content-Length": [
          "107"
        ],
        "Content-Type": [
          "application/json; charset=utf-8"
        ],
        "Expires": [
          "-1"
        ]
      },
      "ResponseBody": "{\r\n  \"name\": \"049727a4-aebd-4fa7-837c-de8c0dcc1428\",\r\n  \"status\": \"Succeeded\",\r\n  \"startTime\": \"2022-07-06T14:07:45.783Z\"\r\n}",
      "StatusCode": 200
    },
    {
      "RequestUri": "/subscriptions/8313371e-0879-428e-b1da-6353575a9192/providers/Microsoft.Sql/locations/westcentralus/managedDnsAliasOperationResults/049727a4-aebd-4fa7-837c-de8c0dcc1428?api-version=2021-11-01-preview",
      "EncodedRequestUri": "L3N1YnNjcmlwdGlvbnMvODMxMzM3MWUtMDg3OS00MjhlLWIxZGEtNjM1MzU3NWE5MTkyL3Byb3ZpZGVycy9NaWNyb3NvZnQuU3FsL2xvY2F0aW9ucy93ZXN0Y2VudHJhbHVzL21hbmFnZWREbnNBbGlhc09wZXJhdGlvblJlc3VsdHMvMDQ5NzI3YTQtYWViZC00ZmE3LTgzN2MtZGU4YzBkY2MxNDI4P2FwaS12ZXJzaW9uPTIwMjEtMTEtMDEtcHJldmlldw==",
      "RequestMethod": "GET",
      "RequestBody": "",
      "RequestHeaders": {
        "x-ms-client-request-id": [
          "24617ef8-9eeb-4b59-960b-05f74c07b4c7"
        ],
        "User-Agent": [
          "FxVersion/4.700.22.26002",
          "OSName/Windows",
          "OSVersion/Microsoft.Windows.10.0.17763",
          "Microsoft.Azure.Management.Sql.SqlManagementClient/3.1.0.0"
        ]
      },
      "ResponseHeaders": {
        "Cache-Control": [
          "no-cache"
        ],
        "Pragma": [
          "no-cache"
        ],
        "x-ms-request-id": [
          "25c96474-0153-403e-b734-40ac0158f1e5"
        ],
        "Server": [
          "Microsoft-HTTPAPI/2.0"
        ],
        "x-ms-ratelimit-remaining-subscription-reads": [
          "11969"
        ],
        "x-ms-correlation-request-id": [
          "d2abe353-71ad-41a7-8eb5-3cffebc9d8bf"
        ],
        "x-ms-routing-request-id": [
          "UKSOUTH:20220706T140748Z:d2abe353-71ad-41a7-8eb5-3cffebc9d8bf"
        ],
        "Strict-Transport-Security": [
          "max-age=31536000; includeSubDomains"
        ],
        "X-Content-Type-Options": [
          "nosniff"
        ],
        "Date": [
          "Wed, 06 Jul 2022 14:07:47 GMT"
        ],
        "Expires": [
          "-1"
        ],
        "Content-Length": [
          "0"
        ]
      },
      "ResponseBody": "",
      "StatusCode": 200
    },
    {
      "RequestUri": "/subscriptions/8313371e-0879-428e-b1da-6353575a9192/providers/Microsoft.Sql/locations/westcentralus/managedDnsAliasAsyncOperation/3d59c7b0-9a42-4fde-b46f-22bc7fac1017?api-version=2021-11-01-preview",
      "EncodedRequestUri": "L3N1YnNjcmlwdGlvbnMvODMxMzM3MWUtMDg3OS00MjhlLWIxZGEtNjM1MzU3NWE5MTkyL3Byb3ZpZGVycy9NaWNyb3NvZnQuU3FsL2xvY2F0aW9ucy93ZXN0Y2VudHJhbHVzL21hbmFnZWREbnNBbGlhc0FzeW5jT3BlcmF0aW9uLzNkNTljN2IwLTlhNDItNGZkZS1iNDZmLTIyYmM3ZmFjMTAxNz9hcGktdmVyc2lvbj0yMDIxLTExLTAxLXByZXZpZXc=",
      "RequestMethod": "GET",
      "RequestBody": "",
      "RequestHeaders": {
        "x-ms-client-request-id": [
          "3a12059e-59d8-4fd6-8c4d-496d3181b777"
        ],
        "User-Agent": [
          "FxVersion/4.700.22.26002",
          "OSName/Windows",
          "OSVersion/Microsoft.Windows.10.0.17763",
          "Microsoft.Azure.Management.Sql.SqlManagementClient/3.1.0.0"
        ]
      },
      "ResponseHeaders": {
        "Cache-Control": [
          "no-cache"
        ],
        "Pragma": [
          "no-cache"
        ],
        "Retry-After": [
          "15"
        ],
        "x-ms-request-id": [
          "ad6f2dd2-c39b-4ce0-87b5-545362b8ab2f"
        ],
        "Server": [
          "Microsoft-HTTPAPI/2.0"
        ],
        "x-ms-ratelimit-remaining-subscription-reads": [
          "11967"
        ],
        "x-ms-correlation-request-id": [
          "3f7a991f-1d5b-494b-a5d7-b3b1161478af"
        ],
        "x-ms-routing-request-id": [
          "UKSOUTH:20220706T140751Z:3f7a991f-1d5b-494b-a5d7-b3b1161478af"
        ],
        "Strict-Transport-Security": [
          "max-age=31536000; includeSubDomains"
        ],
        "X-Content-Type-Options": [
          "nosniff"
        ],
        "Date": [
          "Wed, 06 Jul 2022 14:07:50 GMT"
        ],
        "Content-Length": [
          "107"
        ],
        "Content-Type": [
          "application/json; charset=utf-8"
        ],
        "Expires": [
          "-1"
        ]
      },
      "ResponseBody": "{\r\n  \"name\": \"3d59c7b0-9a42-4fde-b46f-22bc7fac1017\",\r\n  \"status\": \"Succeeded\",\r\n  \"startTime\": \"2022-07-06T14:07:48.923Z\"\r\n}",
      "StatusCode": 200
    },
    {
      "RequestUri": "/subscriptions/8313371e-0879-428e-b1da-6353575a9192/providers/Microsoft.Sql/locations/westcentralus/managedDnsAliasAsyncOperation/f6cd0a0a-807c-4e76-a896-535f4bf6f87f?api-version=2021-11-01-preview",
      "EncodedRequestUri": "L3N1YnNjcmlwdGlvbnMvODMxMzM3MWUtMDg3OS00MjhlLWIxZGEtNjM1MzU3NWE5MTkyL3Byb3ZpZGVycy9NaWNyb3NvZnQuU3FsL2xvY2F0aW9ucy93ZXN0Y2VudHJhbHVzL21hbmFnZWREbnNBbGlhc0FzeW5jT3BlcmF0aW9uL2Y2Y2QwYTBhLTgwN2MtNGU3Ni1hODk2LTUzNWY0YmY2Zjg3Zj9hcGktdmVyc2lvbj0yMDIxLTExLTAxLXByZXZpZXc=",
      "RequestMethod": "GET",
      "RequestBody": "",
      "RequestHeaders": {
        "x-ms-client-request-id": [
          "d245b0ec-4af9-4342-ba1e-7de7a9f5c220"
        ],
        "User-Agent": [
          "FxVersion/4.700.22.26002",
          "OSName/Windows",
          "OSVersion/Microsoft.Windows.10.0.17763",
          "Microsoft.Azure.Management.Sql.SqlManagementClient/3.1.0.0"
        ]
      },
      "ResponseHeaders": {
        "Cache-Control": [
          "no-cache"
        ],
        "Pragma": [
          "no-cache"
        ],
        "Retry-After": [
          "15"
        ],
        "x-ms-request-id": [
          "76503481-3b44-44a3-9039-9d5250a23731"
        ],
        "Server": [
          "Microsoft-HTTPAPI/2.0"
        ],
        "x-ms-ratelimit-remaining-subscription-reads": [
          "11964"
        ],
        "x-ms-correlation-request-id": [
          "0c5ac3dd-c8c5-4452-af3a-d833c4c27245"
        ],
        "x-ms-routing-request-id": [
          "UKSOUTH:20220706T140754Z:0c5ac3dd-c8c5-4452-af3a-d833c4c27245"
        ],
        "Strict-Transport-Security": [
          "max-age=31536000; includeSubDomains"
        ],
        "X-Content-Type-Options": [
          "nosniff"
        ],
        "Date": [
          "Wed, 06 Jul 2022 14:07:54 GMT"
        ],
        "Content-Length": [
          "107"
        ],
        "Content-Type": [
          "application/json; charset=utf-8"
        ],
        "Expires": [
          "-1"
        ]
      },
      "ResponseBody": "{\r\n  \"name\": \"f6cd0a0a-807c-4e76-a896-535f4bf6f87f\",\r\n  \"status\": \"Succeeded\",\r\n  \"startTime\": \"2022-07-06T14:07:52.173Z\"\r\n}",
      "StatusCode": 200
    },
    {
      "RequestUri": "/subscriptions/8313371e-0879-428e-b1da-6353575a9192/providers/Microsoft.Sql/locations/westcentralus/managedDnsAliasAsyncOperation/7a15abca-1fb6-4a52-aab2-ddef18dcf313?api-version=2021-11-01-preview",
      "EncodedRequestUri": "L3N1YnNjcmlwdGlvbnMvODMxMzM3MWUtMDg3OS00MjhlLWIxZGEtNjM1MzU3NWE5MTkyL3Byb3ZpZGVycy9NaWNyb3NvZnQuU3FsL2xvY2F0aW9ucy93ZXN0Y2VudHJhbHVzL21hbmFnZWREbnNBbGlhc0FzeW5jT3BlcmF0aW9uLzdhMTVhYmNhLTFmYjYtNGE1Mi1hYWIyLWRkZWYxOGRjZjMxMz9hcGktdmVyc2lvbj0yMDIxLTExLTAxLXByZXZpZXc=",
      "RequestMethod": "GET",
      "RequestBody": "",
      "RequestHeaders": {
        "x-ms-client-request-id": [
          "888dc983-e4a3-4096-b778-1b285457ba6d"
        ],
        "User-Agent": [
          "FxVersion/4.700.22.26002",
          "OSName/Windows",
          "OSVersion/Microsoft.Windows.10.0.17763",
          "Microsoft.Azure.Management.Sql.SqlManagementClient/3.1.0.0"
        ]
      },
      "ResponseHeaders": {
        "Cache-Control": [
          "no-cache"
        ],
        "Pragma": [
          "no-cache"
        ],
        "Retry-After": [
          "15"
        ],
        "x-ms-request-id": [
          "fe5cfe51-a561-444c-bc02-193c931f2d91"
        ],
        "Server": [
          "Microsoft-HTTPAPI/2.0"
        ],
        "x-ms-ratelimit-remaining-subscription-reads": [
          "11961"
        ],
        "x-ms-correlation-request-id": [
          "e1028ef8-0442-452c-af2f-ec7b5f747be1"
        ],
        "x-ms-routing-request-id": [
          "UKSOUTH:20220706T140757Z:e1028ef8-0442-452c-af2f-ec7b5f747be1"
        ],
        "Strict-Transport-Security": [
          "max-age=31536000; includeSubDomains"
        ],
        "X-Content-Type-Options": [
          "nosniff"
        ],
        "Date": [
          "Wed, 06 Jul 2022 14:07:57 GMT"
        ],
        "Content-Length": [
          "107"
        ],
        "Content-Type": [
          "application/json; charset=utf-8"
        ],
        "Expires": [
          "-1"
        ]
      },
      "ResponseBody": "{\r\n  \"name\": \"7a15abca-1fb6-4a52-aab2-ddef18dcf313\",\r\n  \"status\": \"Succeeded\",\r\n  \"startTime\": \"2022-07-06T14:07:55.457Z\"\r\n}",
      "StatusCode": 200
    },
    {
      "RequestUri": "/subscriptions/8313371e-0879-428e-b1da-6353575a9192/providers/Microsoft.Sql/locations/westcentralus/managedDnsAliasOperationResults/7a15abca-1fb6-4a52-aab2-ddef18dcf313?api-version=2021-11-01-preview",
      "EncodedRequestUri": "L3N1YnNjcmlwdGlvbnMvODMxMzM3MWUtMDg3OS00MjhlLWIxZGEtNjM1MzU3NWE5MTkyL3Byb3ZpZGVycy9NaWNyb3NvZnQuU3FsL2xvY2F0aW9ucy93ZXN0Y2VudHJhbHVzL21hbmFnZWREbnNBbGlhc09wZXJhdGlvblJlc3VsdHMvN2ExNWFiY2EtMWZiNi00YTUyLWFhYjItZGRlZjE4ZGNmMzEzP2FwaS12ZXJzaW9uPTIwMjEtMTEtMDEtcHJldmlldw==",
      "RequestMethod": "GET",
      "RequestBody": "",
      "RequestHeaders": {
        "x-ms-client-request-id": [
          "888dc983-e4a3-4096-b778-1b285457ba6d"
        ],
        "User-Agent": [
          "FxVersion/4.700.22.26002",
          "OSName/Windows",
          "OSVersion/Microsoft.Windows.10.0.17763",
          "Microsoft.Azure.Management.Sql.SqlManagementClient/3.1.0.0"
        ]
      },
      "ResponseHeaders": {
        "Cache-Control": [
          "no-cache"
        ],
        "Pragma": [
          "no-cache"
        ],
        "x-ms-request-id": [
          "37d1d1c0-4d9a-43bc-8779-9814b855f304"
        ],
        "Server": [
          "Microsoft-HTTPAPI/2.0"
        ],
        "x-ms-ratelimit-remaining-subscription-reads": [
          "11960"
        ],
        "x-ms-correlation-request-id": [
          "2760259c-2e10-40fc-8077-8311aa956633"
        ],
        "x-ms-routing-request-id": [
          "UKSOUTH:20220706T140758Z:2760259c-2e10-40fc-8077-8311aa956633"
        ],
        "Strict-Transport-Security": [
          "max-age=31536000; includeSubDomains"
        ],
        "X-Content-Type-Options": [
          "nosniff"
        ],
        "Date": [
          "Wed, 06 Jul 2022 14:07:57 GMT"
        ],
        "Expires": [
          "-1"
        ],
        "Content-Length": [
          "0"
        ]
      },
      "ResponseBody": "",
      "StatusCode": 200
    },
    {
      "RequestUri": "/subscriptions/8313371e-0879-428e-b1da-6353575a9192/resourcegroups/ps4647?api-version=2016-09-01",
      "EncodedRequestUri": "L3N1YnNjcmlwdGlvbnMvODMxMzM3MWUtMDg3OS00MjhlLWIxZGEtNjM1MzU3NWE5MTkyL3Jlc291cmNlZ3JvdXBzL3BzNDY0Nz9hcGktdmVyc2lvbj0yMDE2LTA5LTAx",
      "RequestMethod": "DELETE",
      "RequestBody": "",
      "RequestHeaders": {
        "x-ms-client-request-id": [
          "f6e5a1ae-3309-4d3a-9e10-8d01fa94104e"
        ],
        "Accept-Language": [
          "en-US"
        ],
        "User-Agent": [
          "FxVersion/4.700.22.26002",
          "OSName/Windows",
          "OSVersion/Microsoft.Windows.10.0.17763",
          "Microsoft.Azure.Management.Internal.Resources.ResourceManagementClient/1.3.58"
        ]
      },
      "ResponseHeaders": {
        "Cache-Control": [
          "no-cache"
        ],
        "Pragma": [
          "no-cache"
        ],
        "Location": [
          "https://management.azure.com/subscriptions/8313371e-0879-428e-b1da-6353575a9192/operationresults/eyJqb2JJZCI6IlJFU09VUkNFR1JPVVBERUxFVElPTkpPQi1QUzQ2NDctV0VTVENFTlRSQUxVUyIsImpvYkxvY2F0aW9uIjoid2VzdGNlbnRyYWx1cyJ9?api-version=2016-09-01"
        ],
        "Retry-After": [
          "15"
        ],
        "x-ms-ratelimit-remaining-subscription-deletes": [
          "14999"
        ],
        "x-ms-request-id": [
          "0afd5a22-bedc-422b-8a1a-9003d7d822b2"
        ],
        "x-ms-correlation-request-id": [
          "0afd5a22-bedc-422b-8a1a-9003d7d822b2"
        ],
        "x-ms-routing-request-id": [
          "UKSOUTH:20220706T140801Z:0afd5a22-bedc-422b-8a1a-9003d7d822b2"
        ],
        "Strict-Transport-Security": [
          "max-age=31536000; includeSubDomains"
        ],
        "X-Content-Type-Options": [
          "nosniff"
        ],
        "Date": [
          "Wed, 06 Jul 2022 14:08:01 GMT"
        ],
        "Expires": [
          "-1"
        ],
        "Content-Length": [
          "0"
        ]
      },
      "ResponseBody": "",
      "StatusCode": 202
    },
    {
      "RequestUri": "/subscriptions/8313371e-0879-428e-b1da-6353575a9192/operationresults/eyJqb2JJZCI6IlJFU09VUkNFR1JPVVBERUxFVElPTkpPQi1QUzQ2NDctV0VTVENFTlRSQUxVUyIsImpvYkxvY2F0aW9uIjoid2VzdGNlbnRyYWx1cyJ9?api-version=2016-09-01",
      "EncodedRequestUri": "L3N1YnNjcmlwdGlvbnMvODMxMzM3MWUtMDg3OS00MjhlLWIxZGEtNjM1MzU3NWE5MTkyL29wZXJhdGlvbnJlc3VsdHMvZXlKcWIySkpaQ0k2SWxKRlUwOVZVa05GUjFKUFZWQkVSVXhGVkVsUFRrcFBRaTFRVXpRMk5EY3RWMFZUVkVORlRsUlNRVXhWVXlJc0ltcHZZa3h2WTJGMGFXOXVJam9pZDJWemRHTmxiblJ5WVd4MWN5Sjk/YXBpLXZlcnNpb249MjAxNi0wOS0wMQ==",
      "RequestMethod": "GET",
      "RequestBody": "",
      "RequestHeaders": {
        "User-Agent": [
          "FxVersion/4.700.22.26002",
          "OSName/Windows",
          "OSVersion/Microsoft.Windows.10.0.17763",
          "Microsoft.Azure.Management.Internal.Resources.ResourceManagementClient/1.3.58"
        ]
      },
      "ResponseHeaders": {
        "Cache-Control": [
          "no-cache"
        ],
        "Pragma": [
          "no-cache"
        ],
        "Location": [
          "https://management.azure.com/subscriptions/8313371e-0879-428e-b1da-6353575a9192/operationresults/eyJqb2JJZCI6IlJFU09VUkNFR1JPVVBERUxFVElPTkpPQi1QUzQ2NDctV0VTVENFTlRSQUxVUyIsImpvYkxvY2F0aW9uIjoid2VzdGNlbnRyYWx1cyJ9?api-version=2016-09-01"
        ],
        "Retry-After": [
          "15"
        ],
        "x-ms-ratelimit-remaining-subscription-reads": [
          "11999"
        ],
        "x-ms-request-id": [
          "7546cb8a-19e4-4746-80d2-a608fed132c1"
        ],
        "x-ms-correlation-request-id": [
          "7546cb8a-19e4-4746-80d2-a608fed132c1"
        ],
        "x-ms-routing-request-id": [
          "UKSOUTH:20220706T140817Z:7546cb8a-19e4-4746-80d2-a608fed132c1"
        ],
        "Strict-Transport-Security": [
          "max-age=31536000; includeSubDomains"
        ],
        "X-Content-Type-Options": [
          "nosniff"
        ],
        "Date": [
          "Wed, 06 Jul 2022 14:08:16 GMT"
        ],
        "Expires": [
          "-1"
        ],
        "Content-Length": [
          "0"
        ]
      },
      "ResponseBody": "",
      "StatusCode": 202
    },
    {
      "RequestUri": "/subscriptions/8313371e-0879-428e-b1da-6353575a9192/operationresults/eyJqb2JJZCI6IlJFU09VUkNFR1JPVVBERUxFVElPTkpPQi1QUzQ2NDctV0VTVENFTlRSQUxVUyIsImpvYkxvY2F0aW9uIjoid2VzdGNlbnRyYWx1cyJ9?api-version=2016-09-01",
      "EncodedRequestUri": "L3N1YnNjcmlwdGlvbnMvODMxMzM3MWUtMDg3OS00MjhlLWIxZGEtNjM1MzU3NWE5MTkyL29wZXJhdGlvbnJlc3VsdHMvZXlKcWIySkpaQ0k2SWxKRlUwOVZVa05GUjFKUFZWQkVSVXhGVkVsUFRrcFBRaTFRVXpRMk5EY3RWMFZUVkVORlRsUlNRVXhWVXlJc0ltcHZZa3h2WTJGMGFXOXVJam9pZDJWemRHTmxiblJ5WVd4MWN5Sjk/YXBpLXZlcnNpb249MjAxNi0wOS0wMQ==",
      "RequestMethod": "GET",
      "RequestBody": "",
      "RequestHeaders": {
        "User-Agent": [
          "FxVersion/4.700.22.26002",
          "OSName/Windows",
          "OSVersion/Microsoft.Windows.10.0.17763",
          "Microsoft.Azure.Management.Internal.Resources.ResourceManagementClient/1.3.58"
        ]
      },
      "ResponseHeaders": {
        "Cache-Control": [
          "no-cache"
        ],
        "Pragma": [
          "no-cache"
        ],
        "Location": [
          "https://management.azure.com/subscriptions/8313371e-0879-428e-b1da-6353575a9192/operationresults/eyJqb2JJZCI6IlJFU09VUkNFR1JPVVBERUxFVElPTkpPQi1QUzQ2NDctV0VTVENFTlRSQUxVUyIsImpvYkxvY2F0aW9uIjoid2VzdGNlbnRyYWx1cyJ9?api-version=2016-09-01"
        ],
        "Retry-After": [
          "15"
        ],
        "x-ms-ratelimit-remaining-subscription-reads": [
          "11998"
        ],
        "x-ms-request-id": [
          "827c637c-9417-4519-a3f8-c0bc1eff0fdf"
        ],
        "x-ms-correlation-request-id": [
          "827c637c-9417-4519-a3f8-c0bc1eff0fdf"
        ],
        "x-ms-routing-request-id": [
          "UKSOUTH:20220706T140832Z:827c637c-9417-4519-a3f8-c0bc1eff0fdf"
        ],
        "Strict-Transport-Security": [
          "max-age=31536000; includeSubDomains"
        ],
        "X-Content-Type-Options": [
          "nosniff"
        ],
        "Date": [
          "Wed, 06 Jul 2022 14:08:32 GMT"
        ],
        "Expires": [
          "-1"
        ],
        "Content-Length": [
          "0"
        ]
      },
      "ResponseBody": "",
      "StatusCode": 202
    },
    {
      "RequestUri": "/subscriptions/8313371e-0879-428e-b1da-6353575a9192/operationresults/eyJqb2JJZCI6IlJFU09VUkNFR1JPVVBERUxFVElPTkpPQi1QUzQ2NDctV0VTVENFTlRSQUxVUyIsImpvYkxvY2F0aW9uIjoid2VzdGNlbnRyYWx1cyJ9?api-version=2016-09-01",
      "EncodedRequestUri": "L3N1YnNjcmlwdGlvbnMvODMxMzM3MWUtMDg3OS00MjhlLWIxZGEtNjM1MzU3NWE5MTkyL29wZXJhdGlvbnJlc3VsdHMvZXlKcWIySkpaQ0k2SWxKRlUwOVZVa05GUjFKUFZWQkVSVXhGVkVsUFRrcFBRaTFRVXpRMk5EY3RWMFZUVkVORlRsUlNRVXhWVXlJc0ltcHZZa3h2WTJGMGFXOXVJam9pZDJWemRHTmxiblJ5WVd4MWN5Sjk/YXBpLXZlcnNpb249MjAxNi0wOS0wMQ==",
      "RequestMethod": "GET",
      "RequestBody": "",
      "RequestHeaders": {
        "User-Agent": [
          "FxVersion/4.700.22.26002",
          "OSName/Windows",
          "OSVersion/Microsoft.Windows.10.0.17763",
          "Microsoft.Azure.Management.Internal.Resources.ResourceManagementClient/1.3.58"
        ]
      },
      "ResponseHeaders": {
        "Cache-Control": [
          "no-cache"
        ],
        "Pragma": [
          "no-cache"
        ],
        "Location": [
          "https://management.azure.com/subscriptions/8313371e-0879-428e-b1da-6353575a9192/operationresults/eyJqb2JJZCI6IlJFU09VUkNFR1JPVVBERUxFVElPTkpPQi1QUzQ2NDctV0VTVENFTlRSQUxVUyIsImpvYkxvY2F0aW9uIjoid2VzdGNlbnRyYWx1cyJ9?api-version=2016-09-01"
        ],
        "Retry-After": [
          "15"
        ],
        "x-ms-ratelimit-remaining-subscription-reads": [
          "11997"
        ],
        "x-ms-request-id": [
          "5ed75894-7bab-47d1-b874-0ae0621bc85a"
        ],
        "x-ms-correlation-request-id": [
          "5ed75894-7bab-47d1-b874-0ae0621bc85a"
        ],
        "x-ms-routing-request-id": [
          "UKSOUTH:20220706T140847Z:5ed75894-7bab-47d1-b874-0ae0621bc85a"
        ],
        "Strict-Transport-Security": [
          "max-age=31536000; includeSubDomains"
        ],
        "X-Content-Type-Options": [
          "nosniff"
        ],
        "Date": [
          "Wed, 06 Jul 2022 14:08:47 GMT"
        ],
        "Expires": [
          "-1"
        ],
        "Content-Length": [
          "0"
        ]
      },
      "ResponseBody": "",
      "StatusCode": 202
    },
    {
      "RequestUri": "/subscriptions/8313371e-0879-428e-b1da-6353575a9192/operationresults/eyJqb2JJZCI6IlJFU09VUkNFR1JPVVBERUxFVElPTkpPQi1QUzQ2NDctV0VTVENFTlRSQUxVUyIsImpvYkxvY2F0aW9uIjoid2VzdGNlbnRyYWx1cyJ9?api-version=2016-09-01",
      "EncodedRequestUri": "L3N1YnNjcmlwdGlvbnMvODMxMzM3MWUtMDg3OS00MjhlLWIxZGEtNjM1MzU3NWE5MTkyL29wZXJhdGlvbnJlc3VsdHMvZXlKcWIySkpaQ0k2SWxKRlUwOVZVa05GUjFKUFZWQkVSVXhGVkVsUFRrcFBRaTFRVXpRMk5EY3RWMFZUVkVORlRsUlNRVXhWVXlJc0ltcHZZa3h2WTJGMGFXOXVJam9pZDJWemRHTmxiblJ5WVd4MWN5Sjk/YXBpLXZlcnNpb249MjAxNi0wOS0wMQ==",
      "RequestMethod": "GET",
      "RequestBody": "",
      "RequestHeaders": {
        "User-Agent": [
          "FxVersion/4.700.22.26002",
          "OSName/Windows",
          "OSVersion/Microsoft.Windows.10.0.17763",
          "Microsoft.Azure.Management.Internal.Resources.ResourceManagementClient/1.3.58"
        ]
      },
      "ResponseHeaders": {
        "Cache-Control": [
          "no-cache"
        ],
        "Pragma": [
          "no-cache"
        ],
        "Location": [
          "https://management.azure.com/subscriptions/8313371e-0879-428e-b1da-6353575a9192/operationresults/eyJqb2JJZCI6IlJFU09VUkNFR1JPVVBERUxFVElPTkpPQi1QUzQ2NDctV0VTVENFTlRSQUxVUyIsImpvYkxvY2F0aW9uIjoid2VzdGNlbnRyYWx1cyJ9?api-version=2016-09-01"
        ],
        "Retry-After": [
          "15"
        ],
        "x-ms-ratelimit-remaining-subscription-reads": [
          "11996"
        ],
        "x-ms-request-id": [
          "f35ee311-a01e-4af5-bf37-82fb12c6bcb6"
        ],
        "x-ms-correlation-request-id": [
          "f35ee311-a01e-4af5-bf37-82fb12c6bcb6"
        ],
        "x-ms-routing-request-id": [
          "UKSOUTH:20220706T140903Z:f35ee311-a01e-4af5-bf37-82fb12c6bcb6"
        ],
        "Strict-Transport-Security": [
          "max-age=31536000; includeSubDomains"
        ],
        "X-Content-Type-Options": [
          "nosniff"
        ],
        "Date": [
          "Wed, 06 Jul 2022 14:09:02 GMT"
        ],
        "Expires": [
          "-1"
        ],
        "Content-Length": [
          "0"
        ]
      },
      "ResponseBody": "",
      "StatusCode": 202
    },
    {
      "RequestUri": "/subscriptions/8313371e-0879-428e-b1da-6353575a9192/operationresults/eyJqb2JJZCI6IlJFU09VUkNFR1JPVVBERUxFVElPTkpPQi1QUzQ2NDctV0VTVENFTlRSQUxVUyIsImpvYkxvY2F0aW9uIjoid2VzdGNlbnRyYWx1cyJ9?api-version=2016-09-01",
      "EncodedRequestUri": "L3N1YnNjcmlwdGlvbnMvODMxMzM3MWUtMDg3OS00MjhlLWIxZGEtNjM1MzU3NWE5MTkyL29wZXJhdGlvbnJlc3VsdHMvZXlKcWIySkpaQ0k2SWxKRlUwOVZVa05GUjFKUFZWQkVSVXhGVkVsUFRrcFBRaTFRVXpRMk5EY3RWMFZUVkVORlRsUlNRVXhWVXlJc0ltcHZZa3h2WTJGMGFXOXVJam9pZDJWemRHTmxiblJ5WVd4MWN5Sjk/YXBpLXZlcnNpb249MjAxNi0wOS0wMQ==",
      "RequestMethod": "GET",
      "RequestBody": "",
      "RequestHeaders": {
        "User-Agent": [
          "FxVersion/4.700.22.26002",
          "OSName/Windows",
          "OSVersion/Microsoft.Windows.10.0.17763",
          "Microsoft.Azure.Management.Internal.Resources.ResourceManagementClient/1.3.58"
        ]
      },
      "ResponseHeaders": {
        "Cache-Control": [
          "no-cache"
        ],
        "Pragma": [
          "no-cache"
        ],
        "Location": [
          "https://management.azure.com/subscriptions/8313371e-0879-428e-b1da-6353575a9192/operationresults/eyJqb2JJZCI6IlJFU09VUkNFR1JPVVBERUxFVElPTkpPQi1QUzQ2NDctV0VTVENFTlRSQUxVUyIsImpvYkxvY2F0aW9uIjoid2VzdGNlbnRyYWx1cyJ9?api-version=2016-09-01"
        ],
        "Retry-After": [
          "15"
        ],
        "x-ms-ratelimit-remaining-subscription-reads": [
          "11995"
        ],
        "x-ms-request-id": [
          "1c4bd73a-6c56-4dce-a784-be7219afad74"
        ],
        "x-ms-correlation-request-id": [
          "1c4bd73a-6c56-4dce-a784-be7219afad74"
        ],
        "x-ms-routing-request-id": [
          "UKSOUTH:20220706T140918Z:1c4bd73a-6c56-4dce-a784-be7219afad74"
        ],
        "Strict-Transport-Security": [
          "max-age=31536000; includeSubDomains"
        ],
        "X-Content-Type-Options": [
          "nosniff"
        ],
        "Date": [
          "Wed, 06 Jul 2022 14:09:17 GMT"
        ],
        "Expires": [
          "-1"
        ],
        "Content-Length": [
          "0"
        ]
      },
      "ResponseBody": "",
      "StatusCode": 202
    },
    {
      "RequestUri": "/subscriptions/8313371e-0879-428e-b1da-6353575a9192/operationresults/eyJqb2JJZCI6IlJFU09VUkNFR1JPVVBERUxFVElPTkpPQi1QUzQ2NDctV0VTVENFTlRSQUxVUyIsImpvYkxvY2F0aW9uIjoid2VzdGNlbnRyYWx1cyJ9?api-version=2016-09-01",
      "EncodedRequestUri": "L3N1YnNjcmlwdGlvbnMvODMxMzM3MWUtMDg3OS00MjhlLWIxZGEtNjM1MzU3NWE5MTkyL29wZXJhdGlvbnJlc3VsdHMvZXlKcWIySkpaQ0k2SWxKRlUwOVZVa05GUjFKUFZWQkVSVXhGVkVsUFRrcFBRaTFRVXpRMk5EY3RWMFZUVkVORlRsUlNRVXhWVXlJc0ltcHZZa3h2WTJGMGFXOXVJam9pZDJWemRHTmxiblJ5WVd4MWN5Sjk/YXBpLXZlcnNpb249MjAxNi0wOS0wMQ==",
      "RequestMethod": "GET",
      "RequestBody": "",
      "RequestHeaders": {
        "User-Agent": [
          "FxVersion/4.700.22.26002",
          "OSName/Windows",
          "OSVersion/Microsoft.Windows.10.0.17763",
          "Microsoft.Azure.Management.Internal.Resources.ResourceManagementClient/1.3.58"
        ]
      },
      "ResponseHeaders": {
        "Cache-Control": [
          "no-cache"
        ],
        "Pragma": [
          "no-cache"
        ],
        "Location": [
          "https://management.azure.com/subscriptions/8313371e-0879-428e-b1da-6353575a9192/operationresults/eyJqb2JJZCI6IlJFU09VUkNFR1JPVVBERUxFVElPTkpPQi1QUzQ2NDctV0VTVENFTlRSQUxVUyIsImpvYkxvY2F0aW9uIjoid2VzdGNlbnRyYWx1cyJ9?api-version=2016-09-01"
        ],
        "Retry-After": [
          "15"
        ],
        "x-ms-ratelimit-remaining-subscription-reads": [
          "11994"
        ],
        "x-ms-request-id": [
          "3d2a50c2-1b56-474d-8898-5036be9ea296"
        ],
        "x-ms-correlation-request-id": [
          "3d2a50c2-1b56-474d-8898-5036be9ea296"
        ],
        "x-ms-routing-request-id": [
          "UKSOUTH:20220706T140933Z:3d2a50c2-1b56-474d-8898-5036be9ea296"
        ],
        "Strict-Transport-Security": [
          "max-age=31536000; includeSubDomains"
        ],
        "X-Content-Type-Options": [
          "nosniff"
        ],
        "Date": [
          "Wed, 06 Jul 2022 14:09:32 GMT"
        ],
        "Expires": [
          "-1"
        ],
        "Content-Length": [
          "0"
        ]
      },
      "ResponseBody": "",
      "StatusCode": 202
    },
    {
      "RequestUri": "/subscriptions/8313371e-0879-428e-b1da-6353575a9192/operationresults/eyJqb2JJZCI6IlJFU09VUkNFR1JPVVBERUxFVElPTkpPQi1QUzQ2NDctV0VTVENFTlRSQUxVUyIsImpvYkxvY2F0aW9uIjoid2VzdGNlbnRyYWx1cyJ9?api-version=2016-09-01",
      "EncodedRequestUri": "L3N1YnNjcmlwdGlvbnMvODMxMzM3MWUtMDg3OS00MjhlLWIxZGEtNjM1MzU3NWE5MTkyL29wZXJhdGlvbnJlc3VsdHMvZXlKcWIySkpaQ0k2SWxKRlUwOVZVa05GUjFKUFZWQkVSVXhGVkVsUFRrcFBRaTFRVXpRMk5EY3RWMFZUVkVORlRsUlNRVXhWVXlJc0ltcHZZa3h2WTJGMGFXOXVJam9pZDJWemRHTmxiblJ5WVd4MWN5Sjk/YXBpLXZlcnNpb249MjAxNi0wOS0wMQ==",
      "RequestMethod": "GET",
      "RequestBody": "",
      "RequestHeaders": {
        "User-Agent": [
          "FxVersion/4.700.22.26002",
          "OSName/Windows",
          "OSVersion/Microsoft.Windows.10.0.17763",
          "Microsoft.Azure.Management.Internal.Resources.ResourceManagementClient/1.3.58"
        ]
      },
      "ResponseHeaders": {
        "Cache-Control": [
          "no-cache"
        ],
        "Pragma": [
          "no-cache"
        ],
        "Location": [
          "https://management.azure.com/subscriptions/8313371e-0879-428e-b1da-6353575a9192/operationresults/eyJqb2JJZCI6IlJFU09VUkNFR1JPVVBERUxFVElPTkpPQi1QUzQ2NDctV0VTVENFTlRSQUxVUyIsImpvYkxvY2F0aW9uIjoid2VzdGNlbnRyYWx1cyJ9?api-version=2016-09-01"
        ],
        "Retry-After": [
          "15"
        ],
        "x-ms-ratelimit-remaining-subscription-reads": [
          "11993"
        ],
        "x-ms-request-id": [
          "9aa645e8-20df-421c-9528-b43e2b58a5ad"
        ],
        "x-ms-correlation-request-id": [
          "9aa645e8-20df-421c-9528-b43e2b58a5ad"
        ],
        "x-ms-routing-request-id": [
          "UKSOUTH:20220706T140948Z:9aa645e8-20df-421c-9528-b43e2b58a5ad"
        ],
        "Strict-Transport-Security": [
          "max-age=31536000; includeSubDomains"
        ],
        "X-Content-Type-Options": [
          "nosniff"
        ],
        "Date": [
          "Wed, 06 Jul 2022 14:09:48 GMT"
        ],
        "Expires": [
          "-1"
        ],
        "Content-Length": [
          "0"
        ]
      },
      "ResponseBody": "",
      "StatusCode": 202
    },
    {
      "RequestUri": "/subscriptions/8313371e-0879-428e-b1da-6353575a9192/operationresults/eyJqb2JJZCI6IlJFU09VUkNFR1JPVVBERUxFVElPTkpPQi1QUzQ2NDctV0VTVENFTlRSQUxVUyIsImpvYkxvY2F0aW9uIjoid2VzdGNlbnRyYWx1cyJ9?api-version=2016-09-01",
      "EncodedRequestUri": "L3N1YnNjcmlwdGlvbnMvODMxMzM3MWUtMDg3OS00MjhlLWIxZGEtNjM1MzU3NWE5MTkyL29wZXJhdGlvbnJlc3VsdHMvZXlKcWIySkpaQ0k2SWxKRlUwOVZVa05GUjFKUFZWQkVSVXhGVkVsUFRrcFBRaTFRVXpRMk5EY3RWMFZUVkVORlRsUlNRVXhWVXlJc0ltcHZZa3h2WTJGMGFXOXVJam9pZDJWemRHTmxiblJ5WVd4MWN5Sjk/YXBpLXZlcnNpb249MjAxNi0wOS0wMQ==",
      "RequestMethod": "GET",
      "RequestBody": "",
      "RequestHeaders": {
        "User-Agent": [
          "FxVersion/4.700.22.26002",
          "OSName/Windows",
          "OSVersion/Microsoft.Windows.10.0.17763",
          "Microsoft.Azure.Management.Internal.Resources.ResourceManagementClient/1.3.58"
        ]
      },
      "ResponseHeaders": {
        "Cache-Control": [
          "no-cache"
        ],
        "Pragma": [
          "no-cache"
        ],
        "Location": [
          "https://management.azure.com/subscriptions/8313371e-0879-428e-b1da-6353575a9192/operationresults/eyJqb2JJZCI6IlJFU09VUkNFR1JPVVBERUxFVElPTkpPQi1QUzQ2NDctV0VTVENFTlRSQUxVUyIsImpvYkxvY2F0aW9uIjoid2VzdGNlbnRyYWx1cyJ9?api-version=2016-09-01"
        ],
        "Retry-After": [
          "15"
        ],
        "x-ms-ratelimit-remaining-subscription-reads": [
          "11992"
        ],
        "x-ms-request-id": [
          "0b4d2522-bf85-408a-ab47-72634ab12361"
        ],
        "x-ms-correlation-request-id": [
          "0b4d2522-bf85-408a-ab47-72634ab12361"
        ],
        "x-ms-routing-request-id": [
          "UKSOUTH:20220706T141004Z:0b4d2522-bf85-408a-ab47-72634ab12361"
        ],
        "Strict-Transport-Security": [
          "max-age=31536000; includeSubDomains"
        ],
        "X-Content-Type-Options": [
          "nosniff"
        ],
        "Date": [
          "Wed, 06 Jul 2022 14:10:03 GMT"
        ],
        "Expires": [
          "-1"
        ],
        "Content-Length": [
          "0"
        ]
      },
      "ResponseBody": "",
      "StatusCode": 202
    },
    {
      "RequestUri": "/subscriptions/8313371e-0879-428e-b1da-6353575a9192/operationresults/eyJqb2JJZCI6IlJFU09VUkNFR1JPVVBERUxFVElPTkpPQi1QUzQ2NDctV0VTVENFTlRSQUxVUyIsImpvYkxvY2F0aW9uIjoid2VzdGNlbnRyYWx1cyJ9?api-version=2016-09-01",
      "EncodedRequestUri": "L3N1YnNjcmlwdGlvbnMvODMxMzM3MWUtMDg3OS00MjhlLWIxZGEtNjM1MzU3NWE5MTkyL29wZXJhdGlvbnJlc3VsdHMvZXlKcWIySkpaQ0k2SWxKRlUwOVZVa05GUjFKUFZWQkVSVXhGVkVsUFRrcFBRaTFRVXpRMk5EY3RWMFZUVkVORlRsUlNRVXhWVXlJc0ltcHZZa3h2WTJGMGFXOXVJam9pZDJWemRHTmxiblJ5WVd4MWN5Sjk/YXBpLXZlcnNpb249MjAxNi0wOS0wMQ==",
      "RequestMethod": "GET",
      "RequestBody": "",
      "RequestHeaders": {
        "User-Agent": [
          "FxVersion/4.700.22.26002",
          "OSName/Windows",
          "OSVersion/Microsoft.Windows.10.0.17763",
          "Microsoft.Azure.Management.Internal.Resources.ResourceManagementClient/1.3.58"
        ]
      },
      "ResponseHeaders": {
        "Cache-Control": [
          "no-cache"
        ],
        "Pragma": [
          "no-cache"
        ],
        "Location": [
          "https://management.azure.com/subscriptions/8313371e-0879-428e-b1da-6353575a9192/operationresults/eyJqb2JJZCI6IlJFU09VUkNFR1JPVVBERUxFVElPTkpPQi1QUzQ2NDctV0VTVENFTlRSQUxVUyIsImpvYkxvY2F0aW9uIjoid2VzdGNlbnRyYWx1cyJ9?api-version=2016-09-01"
        ],
        "Retry-After": [
          "15"
        ],
        "x-ms-ratelimit-remaining-subscription-reads": [
          "11991"
        ],
        "x-ms-request-id": [
          "a4e86863-4498-4e30-8f96-66e88fa03db5"
        ],
        "x-ms-correlation-request-id": [
          "a4e86863-4498-4e30-8f96-66e88fa03db5"
        ],
        "x-ms-routing-request-id": [
          "UKSOUTH:20220706T141019Z:a4e86863-4498-4e30-8f96-66e88fa03db5"
        ],
        "Strict-Transport-Security": [
          "max-age=31536000; includeSubDomains"
        ],
        "X-Content-Type-Options": [
          "nosniff"
        ],
        "Date": [
          "Wed, 06 Jul 2022 14:10:18 GMT"
        ],
        "Expires": [
          "-1"
        ],
        "Content-Length": [
          "0"
        ]
      },
      "ResponseBody": "",
      "StatusCode": 202
    },
    {
      "RequestUri": "/subscriptions/8313371e-0879-428e-b1da-6353575a9192/operationresults/eyJqb2JJZCI6IlJFU09VUkNFR1JPVVBERUxFVElPTkpPQi1QUzQ2NDctV0VTVENFTlRSQUxVUyIsImpvYkxvY2F0aW9uIjoid2VzdGNlbnRyYWx1cyJ9?api-version=2016-09-01",
      "EncodedRequestUri": "L3N1YnNjcmlwdGlvbnMvODMxMzM3MWUtMDg3OS00MjhlLWIxZGEtNjM1MzU3NWE5MTkyL29wZXJhdGlvbnJlc3VsdHMvZXlKcWIySkpaQ0k2SWxKRlUwOVZVa05GUjFKUFZWQkVSVXhGVkVsUFRrcFBRaTFRVXpRMk5EY3RWMFZUVkVORlRsUlNRVXhWVXlJc0ltcHZZa3h2WTJGMGFXOXVJam9pZDJWemRHTmxiblJ5WVd4MWN5Sjk/YXBpLXZlcnNpb249MjAxNi0wOS0wMQ==",
      "RequestMethod": "GET",
      "RequestBody": "",
      "RequestHeaders": {
        "User-Agent": [
          "FxVersion/4.700.22.26002",
          "OSName/Windows",
          "OSVersion/Microsoft.Windows.10.0.17763",
          "Microsoft.Azure.Management.Internal.Resources.ResourceManagementClient/1.3.58"
        ]
      },
      "ResponseHeaders": {
        "Cache-Control": [
          "no-cache"
        ],
        "Pragma": [
          "no-cache"
        ],
        "Location": [
          "https://management.azure.com/subscriptions/8313371e-0879-428e-b1da-6353575a9192/operationresults/eyJqb2JJZCI6IlJFU09VUkNFR1JPVVBERUxFVElPTkpPQi1QUzQ2NDctV0VTVENFTlRSQUxVUyIsImpvYkxvY2F0aW9uIjoid2VzdGNlbnRyYWx1cyJ9?api-version=2016-09-01"
        ],
        "Retry-After": [
          "15"
        ],
        "x-ms-ratelimit-remaining-subscription-reads": [
          "11990"
        ],
        "x-ms-request-id": [
          "818c35f8-563e-4f8c-bf01-788e13584bc1"
        ],
        "x-ms-correlation-request-id": [
          "818c35f8-563e-4f8c-bf01-788e13584bc1"
        ],
        "x-ms-routing-request-id": [
          "UKSOUTH:20220706T141034Z:818c35f8-563e-4f8c-bf01-788e13584bc1"
        ],
        "Strict-Transport-Security": [
          "max-age=31536000; includeSubDomains"
        ],
        "X-Content-Type-Options": [
          "nosniff"
        ],
        "Date": [
          "Wed, 06 Jul 2022 14:10:33 GMT"
        ],
        "Expires": [
          "-1"
        ],
        "Content-Length": [
          "0"
        ]
      },
      "ResponseBody": "",
      "StatusCode": 202
    },
    {
      "RequestUri": "/subscriptions/8313371e-0879-428e-b1da-6353575a9192/operationresults/eyJqb2JJZCI6IlJFU09VUkNFR1JPVVBERUxFVElPTkpPQi1QUzQ2NDctV0VTVENFTlRSQUxVUyIsImpvYkxvY2F0aW9uIjoid2VzdGNlbnRyYWx1cyJ9?api-version=2016-09-01",
      "EncodedRequestUri": "L3N1YnNjcmlwdGlvbnMvODMxMzM3MWUtMDg3OS00MjhlLWIxZGEtNjM1MzU3NWE5MTkyL29wZXJhdGlvbnJlc3VsdHMvZXlKcWIySkpaQ0k2SWxKRlUwOVZVa05GUjFKUFZWQkVSVXhGVkVsUFRrcFBRaTFRVXpRMk5EY3RWMFZUVkVORlRsUlNRVXhWVXlJc0ltcHZZa3h2WTJGMGFXOXVJam9pZDJWemRHTmxiblJ5WVd4MWN5Sjk/YXBpLXZlcnNpb249MjAxNi0wOS0wMQ==",
      "RequestMethod": "GET",
      "RequestBody": "",
      "RequestHeaders": {
        "User-Agent": [
          "FxVersion/4.700.22.26002",
          "OSName/Windows",
          "OSVersion/Microsoft.Windows.10.0.17763",
          "Microsoft.Azure.Management.Internal.Resources.ResourceManagementClient/1.3.58"
        ]
      },
      "ResponseHeaders": {
        "Cache-Control": [
          "no-cache"
        ],
        "Pragma": [
          "no-cache"
        ],
        "Location": [
          "https://management.azure.com/subscriptions/8313371e-0879-428e-b1da-6353575a9192/operationresults/eyJqb2JJZCI6IlJFU09VUkNFR1JPVVBERUxFVElPTkpPQi1QUzQ2NDctV0VTVENFTlRSQUxVUyIsImpvYkxvY2F0aW9uIjoid2VzdGNlbnRyYWx1cyJ9?api-version=2016-09-01"
        ],
        "Retry-After": [
          "15"
        ],
        "x-ms-ratelimit-remaining-subscription-reads": [
          "11989"
        ],
        "x-ms-request-id": [
          "54a5c98c-b9f3-405d-b919-424f32e846b0"
        ],
        "x-ms-correlation-request-id": [
          "54a5c98c-b9f3-405d-b919-424f32e846b0"
        ],
        "x-ms-routing-request-id": [
          "UKSOUTH:20220706T141050Z:54a5c98c-b9f3-405d-b919-424f32e846b0"
        ],
        "Strict-Transport-Security": [
          "max-age=31536000; includeSubDomains"
        ],
        "X-Content-Type-Options": [
          "nosniff"
        ],
        "Date": [
          "Wed, 06 Jul 2022 14:10:49 GMT"
        ],
        "Expires": [
          "-1"
        ],
        "Content-Length": [
          "0"
        ]
      },
      "ResponseBody": "",
      "StatusCode": 202
    },
    {
      "RequestUri": "/subscriptions/8313371e-0879-428e-b1da-6353575a9192/operationresults/eyJqb2JJZCI6IlJFU09VUkNFR1JPVVBERUxFVElPTkpPQi1QUzQ2NDctV0VTVENFTlRSQUxVUyIsImpvYkxvY2F0aW9uIjoid2VzdGNlbnRyYWx1cyJ9?api-version=2016-09-01",
      "EncodedRequestUri": "L3N1YnNjcmlwdGlvbnMvODMxMzM3MWUtMDg3OS00MjhlLWIxZGEtNjM1MzU3NWE5MTkyL29wZXJhdGlvbnJlc3VsdHMvZXlKcWIySkpaQ0k2SWxKRlUwOVZVa05GUjFKUFZWQkVSVXhGVkVsUFRrcFBRaTFRVXpRMk5EY3RWMFZUVkVORlRsUlNRVXhWVXlJc0ltcHZZa3h2WTJGMGFXOXVJam9pZDJWemRHTmxiblJ5WVd4MWN5Sjk/YXBpLXZlcnNpb249MjAxNi0wOS0wMQ==",
      "RequestMethod": "GET",
      "RequestBody": "",
      "RequestHeaders": {
        "User-Agent": [
          "FxVersion/4.700.22.26002",
          "OSName/Windows",
          "OSVersion/Microsoft.Windows.10.0.17763",
          "Microsoft.Azure.Management.Internal.Resources.ResourceManagementClient/1.3.58"
        ]
      },
      "ResponseHeaders": {
        "Cache-Control": [
          "no-cache"
        ],
        "Pragma": [
          "no-cache"
        ],
        "Location": [
          "https://management.azure.com/subscriptions/8313371e-0879-428e-b1da-6353575a9192/operationresults/eyJqb2JJZCI6IlJFU09VUkNFR1JPVVBERUxFVElPTkpPQi1QUzQ2NDctV0VTVENFTlRSQUxVUyIsImpvYkxvY2F0aW9uIjoid2VzdGNlbnRyYWx1cyJ9?api-version=2016-09-01"
        ],
        "Retry-After": [
          "15"
        ],
        "x-ms-ratelimit-remaining-subscription-reads": [
          "11988"
        ],
        "x-ms-request-id": [
          "23a985cb-6092-4cec-ad65-8c3cd1cd3b65"
        ],
        "x-ms-correlation-request-id": [
          "23a985cb-6092-4cec-ad65-8c3cd1cd3b65"
        ],
        "x-ms-routing-request-id": [
          "UKSOUTH:20220706T141105Z:23a985cb-6092-4cec-ad65-8c3cd1cd3b65"
        ],
        "Strict-Transport-Security": [
          "max-age=31536000; includeSubDomains"
        ],
        "X-Content-Type-Options": [
          "nosniff"
        ],
        "Date": [
          "Wed, 06 Jul 2022 14:11:05 GMT"
        ],
        "Expires": [
          "-1"
        ],
        "Content-Length": [
          "0"
        ]
      },
      "ResponseBody": "",
      "StatusCode": 202
    },
    {
      "RequestUri": "/subscriptions/8313371e-0879-428e-b1da-6353575a9192/operationresults/eyJqb2JJZCI6IlJFU09VUkNFR1JPVVBERUxFVElPTkpPQi1QUzQ2NDctV0VTVENFTlRSQUxVUyIsImpvYkxvY2F0aW9uIjoid2VzdGNlbnRyYWx1cyJ9?api-version=2016-09-01",
      "EncodedRequestUri": "L3N1YnNjcmlwdGlvbnMvODMxMzM3MWUtMDg3OS00MjhlLWIxZGEtNjM1MzU3NWE5MTkyL29wZXJhdGlvbnJlc3VsdHMvZXlKcWIySkpaQ0k2SWxKRlUwOVZVa05GUjFKUFZWQkVSVXhGVkVsUFRrcFBRaTFRVXpRMk5EY3RWMFZUVkVORlRsUlNRVXhWVXlJc0ltcHZZa3h2WTJGMGFXOXVJam9pZDJWemRHTmxiblJ5WVd4MWN5Sjk/YXBpLXZlcnNpb249MjAxNi0wOS0wMQ==",
      "RequestMethod": "GET",
      "RequestBody": "",
      "RequestHeaders": {
        "User-Agent": [
          "FxVersion/4.700.22.26002",
          "OSName/Windows",
          "OSVersion/Microsoft.Windows.10.0.17763",
          "Microsoft.Azure.Management.Internal.Resources.ResourceManagementClient/1.3.58"
        ]
      },
      "ResponseHeaders": {
        "Cache-Control": [
          "no-cache"
        ],
        "Pragma": [
          "no-cache"
        ],
        "Location": [
          "https://management.azure.com/subscriptions/8313371e-0879-428e-b1da-6353575a9192/operationresults/eyJqb2JJZCI6IlJFU09VUkNFR1JPVVBERUxFVElPTkpPQi1QUzQ2NDctV0VTVENFTlRSQUxVUyIsImpvYkxvY2F0aW9uIjoid2VzdGNlbnRyYWx1cyJ9?api-version=2016-09-01"
        ],
        "Retry-After": [
          "15"
        ],
        "x-ms-ratelimit-remaining-subscription-reads": [
          "11987"
        ],
        "x-ms-request-id": [
          "800291b7-fbd0-4796-adc3-6d9d7dd3da4b"
        ],
        "x-ms-correlation-request-id": [
          "800291b7-fbd0-4796-adc3-6d9d7dd3da4b"
        ],
        "x-ms-routing-request-id": [
          "UKSOUTH:20220706T141120Z:800291b7-fbd0-4796-adc3-6d9d7dd3da4b"
        ],
        "Strict-Transport-Security": [
          "max-age=31536000; includeSubDomains"
        ],
        "X-Content-Type-Options": [
          "nosniff"
        ],
        "Date": [
          "Wed, 06 Jul 2022 14:11:20 GMT"
        ],
        "Expires": [
          "-1"
        ],
        "Content-Length": [
          "0"
        ]
      },
      "ResponseBody": "",
      "StatusCode": 202
    },
    {
      "RequestUri": "/subscriptions/8313371e-0879-428e-b1da-6353575a9192/operationresults/eyJqb2JJZCI6IlJFU09VUkNFR1JPVVBERUxFVElPTkpPQi1QUzQ2NDctV0VTVENFTlRSQUxVUyIsImpvYkxvY2F0aW9uIjoid2VzdGNlbnRyYWx1cyJ9?api-version=2016-09-01",
      "EncodedRequestUri": "L3N1YnNjcmlwdGlvbnMvODMxMzM3MWUtMDg3OS00MjhlLWIxZGEtNjM1MzU3NWE5MTkyL29wZXJhdGlvbnJlc3VsdHMvZXlKcWIySkpaQ0k2SWxKRlUwOVZVa05GUjFKUFZWQkVSVXhGVkVsUFRrcFBRaTFRVXpRMk5EY3RWMFZUVkVORlRsUlNRVXhWVXlJc0ltcHZZa3h2WTJGMGFXOXVJam9pZDJWemRHTmxiblJ5WVd4MWN5Sjk/YXBpLXZlcnNpb249MjAxNi0wOS0wMQ==",
      "RequestMethod": "GET",
      "RequestBody": "",
      "RequestHeaders": {
        "User-Agent": [
          "FxVersion/4.700.22.26002",
          "OSName/Windows",
          "OSVersion/Microsoft.Windows.10.0.17763",
          "Microsoft.Azure.Management.Internal.Resources.ResourceManagementClient/1.3.58"
        ]
      },
      "ResponseHeaders": {
        "Cache-Control": [
          "no-cache"
        ],
        "Pragma": [
          "no-cache"
        ],
        "Location": [
          "https://management.azure.com/subscriptions/8313371e-0879-428e-b1da-6353575a9192/operationresults/eyJqb2JJZCI6IlJFU09VUkNFR1JPVVBERUxFVElPTkpPQi1QUzQ2NDctV0VTVENFTlRSQUxVUyIsImpvYkxvY2F0aW9uIjoid2VzdGNlbnRyYWx1cyJ9?api-version=2016-09-01"
        ],
        "Retry-After": [
          "15"
        ],
        "x-ms-ratelimit-remaining-subscription-reads": [
          "11986"
        ],
        "x-ms-request-id": [
          "f96271bb-c7a5-4eb7-8ab0-fd257198d693"
        ],
        "x-ms-correlation-request-id": [
          "f96271bb-c7a5-4eb7-8ab0-fd257198d693"
        ],
        "x-ms-routing-request-id": [
          "UKSOUTH:20220706T141135Z:f96271bb-c7a5-4eb7-8ab0-fd257198d693"
        ],
        "Strict-Transport-Security": [
          "max-age=31536000; includeSubDomains"
        ],
        "X-Content-Type-Options": [
          "nosniff"
        ],
        "Date": [
          "Wed, 06 Jul 2022 14:11:35 GMT"
        ],
        "Expires": [
          "-1"
        ],
        "Content-Length": [
          "0"
        ]
      },
      "ResponseBody": "",
      "StatusCode": 202
    },
    {
      "RequestUri": "/subscriptions/8313371e-0879-428e-b1da-6353575a9192/operationresults/eyJqb2JJZCI6IlJFU09VUkNFR1JPVVBERUxFVElPTkpPQi1QUzQ2NDctV0VTVENFTlRSQUxVUyIsImpvYkxvY2F0aW9uIjoid2VzdGNlbnRyYWx1cyJ9?api-version=2016-09-01",
      "EncodedRequestUri": "L3N1YnNjcmlwdGlvbnMvODMxMzM3MWUtMDg3OS00MjhlLWIxZGEtNjM1MzU3NWE5MTkyL29wZXJhdGlvbnJlc3VsdHMvZXlKcWIySkpaQ0k2SWxKRlUwOVZVa05GUjFKUFZWQkVSVXhGVkVsUFRrcFBRaTFRVXpRMk5EY3RWMFZUVkVORlRsUlNRVXhWVXlJc0ltcHZZa3h2WTJGMGFXOXVJam9pZDJWemRHTmxiblJ5WVd4MWN5Sjk/YXBpLXZlcnNpb249MjAxNi0wOS0wMQ==",
      "RequestMethod": "GET",
      "RequestBody": "",
      "RequestHeaders": {
        "User-Agent": [
          "FxVersion/4.700.22.26002",
          "OSName/Windows",
          "OSVersion/Microsoft.Windows.10.0.17763",
          "Microsoft.Azure.Management.Internal.Resources.ResourceManagementClient/1.3.58"
        ]
      },
      "ResponseHeaders": {
        "Cache-Control": [
          "no-cache"
        ],
        "Pragma": [
          "no-cache"
        ],
        "Location": [
          "https://management.azure.com/subscriptions/8313371e-0879-428e-b1da-6353575a9192/operationresults/eyJqb2JJZCI6IlJFU09VUkNFR1JPVVBERUxFVElPTkpPQi1QUzQ2NDctV0VTVENFTlRSQUxVUyIsImpvYkxvY2F0aW9uIjoid2VzdGNlbnRyYWx1cyJ9?api-version=2016-09-01"
        ],
        "Retry-After": [
          "15"
        ],
        "x-ms-ratelimit-remaining-subscription-reads": [
          "11985"
        ],
        "x-ms-request-id": [
          "635d9023-8f5d-4d2a-95b1-f27db2879e59"
        ],
        "x-ms-correlation-request-id": [
          "635d9023-8f5d-4d2a-95b1-f27db2879e59"
        ],
        "x-ms-routing-request-id": [
          "UKSOUTH:20220706T141151Z:635d9023-8f5d-4d2a-95b1-f27db2879e59"
        ],
        "Strict-Transport-Security": [
          "max-age=31536000; includeSubDomains"
        ],
        "X-Content-Type-Options": [
          "nosniff"
        ],
        "Date": [
          "Wed, 06 Jul 2022 14:11:51 GMT"
        ],
        "Expires": [
          "-1"
        ],
        "Content-Length": [
          "0"
        ]
      },
      "ResponseBody": "",
      "StatusCode": 202
    },
    {
      "RequestUri": "/subscriptions/8313371e-0879-428e-b1da-6353575a9192/operationresults/eyJqb2JJZCI6IlJFU09VUkNFR1JPVVBERUxFVElPTkpPQi1QUzQ2NDctV0VTVENFTlRSQUxVUyIsImpvYkxvY2F0aW9uIjoid2VzdGNlbnRyYWx1cyJ9?api-version=2016-09-01",
      "EncodedRequestUri": "L3N1YnNjcmlwdGlvbnMvODMxMzM3MWUtMDg3OS00MjhlLWIxZGEtNjM1MzU3NWE5MTkyL29wZXJhdGlvbnJlc3VsdHMvZXlKcWIySkpaQ0k2SWxKRlUwOVZVa05GUjFKUFZWQkVSVXhGVkVsUFRrcFBRaTFRVXpRMk5EY3RWMFZUVkVORlRsUlNRVXhWVXlJc0ltcHZZa3h2WTJGMGFXOXVJam9pZDJWemRHTmxiblJ5WVd4MWN5Sjk/YXBpLXZlcnNpb249MjAxNi0wOS0wMQ==",
      "RequestMethod": "GET",
      "RequestBody": "",
      "RequestHeaders": {
        "User-Agent": [
          "FxVersion/4.700.22.26002",
          "OSName/Windows",
          "OSVersion/Microsoft.Windows.10.0.17763",
          "Microsoft.Azure.Management.Internal.Resources.ResourceManagementClient/1.3.58"
        ]
      },
      "ResponseHeaders": {
        "Cache-Control": [
          "no-cache"
        ],
        "Pragma": [
          "no-cache"
        ],
        "x-ms-ratelimit-remaining-subscription-reads": [
          "11984"
        ],
        "x-ms-request-id": [
          "95864c22-15f8-44fe-9b4a-5bc06db54241"
        ],
        "x-ms-correlation-request-id": [
          "95864c22-15f8-44fe-9b4a-5bc06db54241"
        ],
        "x-ms-routing-request-id": [
          "UKSOUTH:20220706T141206Z:95864c22-15f8-44fe-9b4a-5bc06db54241"
        ],
        "Strict-Transport-Security": [
          "max-age=31536000; includeSubDomains"
        ],
        "X-Content-Type-Options": [
          "nosniff"
        ],
        "Date": [
          "Wed, 06 Jul 2022 14:12:06 GMT"
        ],
        "Expires": [
          "-1"
        ],
        "Content-Length": [
          "0"
        ]
      },
      "ResponseBody": "",
      "StatusCode": 200
    },
    {
      "RequestUri": "/subscriptions/8313371e-0879-428e-b1da-6353575a9192/operationresults/eyJqb2JJZCI6IlJFU09VUkNFR1JPVVBERUxFVElPTkpPQi1QUzQ2NDctV0VTVENFTlRSQUxVUyIsImpvYkxvY2F0aW9uIjoid2VzdGNlbnRyYWx1cyJ9?api-version=2016-09-01",
      "EncodedRequestUri": "L3N1YnNjcmlwdGlvbnMvODMxMzM3MWUtMDg3OS00MjhlLWIxZGEtNjM1MzU3NWE5MTkyL29wZXJhdGlvbnJlc3VsdHMvZXlKcWIySkpaQ0k2SWxKRlUwOVZVa05GUjFKUFZWQkVSVXhGVkVsUFRrcFBRaTFRVXpRMk5EY3RWMFZUVkVORlRsUlNRVXhWVXlJc0ltcHZZa3h2WTJGMGFXOXVJam9pZDJWemRHTmxiblJ5WVd4MWN5Sjk/YXBpLXZlcnNpb249MjAxNi0wOS0wMQ==",
      "RequestMethod": "GET",
      "RequestBody": "",
      "RequestHeaders": {
        "User-Agent": [
          "FxVersion/4.700.22.26002",
          "OSName/Windows",
          "OSVersion/Microsoft.Windows.10.0.17763",
          "Microsoft.Azure.Management.Internal.Resources.ResourceManagementClient/1.3.58"
        ]
      },
      "ResponseHeaders": {
        "Cache-Control": [
          "no-cache"
        ],
        "Pragma": [
          "no-cache"
        ],
        "x-ms-ratelimit-remaining-subscription-reads": [
          "11983"
        ],
        "x-ms-request-id": [
          "2e2809fd-fa32-470c-8f35-93a4883ab8b5"
        ],
        "x-ms-correlation-request-id": [
          "2e2809fd-fa32-470c-8f35-93a4883ab8b5"
        ],
        "x-ms-routing-request-id": [
          "UKSOUTH:20220706T141207Z:2e2809fd-fa32-470c-8f35-93a4883ab8b5"
        ],
        "Strict-Transport-Security": [
          "max-age=31536000; includeSubDomains"
        ],
        "X-Content-Type-Options": [
          "nosniff"
        ],
        "Date": [
          "Wed, 06 Jul 2022 14:12:07 GMT"
        ],
        "Expires": [
          "-1"
        ],
        "Content-Length": [
          "0"
        ]
      },
      "ResponseBody": "",
      "StatusCode": 200
    }
  ],
  "Names": {
    "Test-ManagedInstanceDnsAliasCRUDOperations": [
      "ps4647",
      "ps5495"
    ]
  },
  "Variables": {
    "SubscriptionId": "8313371e-0879-428e-b1da-6353575a9192"
  }
}