{
  "Entries": [
    {
      "RequestUri": "/subscriptions/c9cbd920-c00c-427c-852b-8aaf38badaeb/resourceGroups/yeming/providers/Microsoft.KeyVault/vaults/yemingkv?api-version=2018-02-14",
      "EncodedRequestUri": "L3N1YnNjcmlwdGlvbnMvYzljYmQ5MjAtYzAwYy00MjdjLTg1MmItOGFhZjM4YmFkYWViL3Jlc291cmNlR3JvdXBzL3llbWluZy9wcm92aWRlcnMvTWljcm9zb2Z0LktleVZhdWx0L3ZhdWx0cy95ZW1pbmdrdj9hcGktdmVyc2lvbj0yMDE4LTAyLTE0",
      "RequestMethod": "GET",
      "RequestBody": "",
      "RequestHeaders": {
        "x-ms-client-request-id": [
          "ea82a690-9d86-4ea8-a7e0-117e49153568"
        ],
        "Accept-Language": [
          "en-US"
        ],
        "User-Agent": [
          "FxVersion/4.6.28619.01",
          "OSName/Windows",
          "OSVersion/Microsoft.Windows.10.0.18363.",
          "Microsoft.Azure.Management.KeyVault.KeyVaultManagementClient/2.4.2.0"
        ]
      },
      "ResponseHeaders": {
        "Cache-Control": [
          "no-cache"
        ],
        "Pragma": [
          "no-cache"
        ],
        "x-ms-keyvault-service-version": [
          "1.1.0.276"
        ],
        "x-ms-request-id": [
          "2b48df1c-399c-43a3-be16-2ce7627ca2e0"
        ],
        "Strict-Transport-Security": [
          "max-age=31536000; includeSubDomains"
        ],
        "X-Content-Type-Options": [
          "nosniff"
        ],
        "Server": [
          "Microsoft-IIS/10.0"
        ],
        "X-AspNet-Version": [
          "4.0.30319"
        ],
        "X-Powered-By": [
          "ASP.NET"
        ],
        "x-ms-ratelimit-remaining-subscription-reads": [
          "11999"
        ],
        "x-ms-correlation-request-id": [
          "0aa54635-ddf4-4ef8-afb3-ac4ffcaae021"
        ],
        "x-ms-routing-request-id": [
          "SOUTHEASTASIA:20200409T084525Z:0aa54635-ddf4-4ef8-afb3-ac4ffcaae021"
        ],
        "Date": [
          "Thu, 09 Apr 2020 08:45:25 GMT"
        ],
        "Content-Length": [
          "1103"
        ],
        "Content-Type": [
          "application/json; charset=utf-8"
        ],
        "Expires": [
          "-1"
        ]
      },
      "ResponseBody": "{\r\n  \"id\": \"/subscriptions/c9cbd920-c00c-427c-852b-8aaf38badaeb/resourceGroups/yeming/providers/Microsoft.KeyVault/vaults/yemingkv\",\r\n  \"name\": \"yemingkv\",\r\n  \"type\": \"Microsoft.KeyVault/vaults\",\r\n  \"location\": \"eastus\",\r\n  \"tags\": {},\r\n  \"properties\": {\r\n    \"sku\": {\r\n      \"family\": \"A\",\r\n      \"name\": \"standard\"\r\n    },\r\n    \"tenantId\": \"72f988bf-86f1-41af-91ab-2d7cd011db47\",\r\n    \"accessPolicies\": [\r\n      {\r\n        \"tenantId\": \"72f988bf-86f1-41af-91ab-2d7cd011db47\",\r\n        \"objectId\": \"0df1a52f-0f10-4c0f-88bd-5c3260deb0a5\",\r\n        \"permissions\": {\r\n          \"keys\": [\r\n            \"get\",\r\n            \"create\",\r\n            \"delete\",\r\n            \"list\",\r\n            \"update\",\r\n            \"import\",\r\n            \"backup\",\r\n            \"restore\",\r\n            \"recover\"\r\n          ],\r\n          \"secrets\": [\r\n            \"get\",\r\n            \"list\",\r\n            \"set\",\r\n            \"delete\",\r\n            \"backup\",\r\n            \"restore\",\r\n            \"recover\"\r\n          ],\r\n          \"certificates\": [\r\n            \"get\",\r\n            \"delete\",\r\n            \"list\",\r\n            \"create\",\r\n            \"import\",\r\n            \"update\",\r\n            \"deleteissuers\",\r\n            \"getissuers\",\r\n            \"listissuers\",\r\n            \"managecontacts\",\r\n            \"manageissuers\",\r\n            \"setissuers\",\r\n            \"recover\",\r\n            \"backup\",\r\n            \"restore\"\r\n          ],\r\n          \"storage\": [\r\n            \"delete\",\r\n            \"deletesas\",\r\n            \"get\",\r\n            \"getsas\",\r\n            \"list\",\r\n            \"listsas\",\r\n            \"regeneratekey\",\r\n            \"set\",\r\n            \"setsas\",\r\n            \"update\",\r\n            \"recover\",\r\n            \"backup\",\r\n            \"restore\"\r\n          ]\r\n        }\r\n      }\r\n    ],\r\n    \"enabledForDeployment\": false,\r\n    \"enabledForDiskEncryption\": false,\r\n    \"enabledForTemplateDeployment\": false,\r\n    \"vaultUri\": \"https://yemingkv.vault.azure.net/\",\r\n    \"provisioningState\": \"Succeeded\"\r\n  }\r\n}",
      "StatusCode": 200
    },
    {
      "RequestUri": "/72f988bf-86f1-41af-91ab-2d7cd011db47/getObjectsByObjectIds?api-version=1.6",
      "EncodedRequestUri": "LzcyZjk4OGJmLTg2ZjEtNDFhZi05MWFiLTJkN2NkMDExZGI0Ny9nZXRPYmplY3RzQnlPYmplY3RJZHM/YXBpLXZlcnNpb249MS42",
      "RequestMethod": "POST",
      "RequestBody": "{\r\n  \"objectIds\": [\r\n    \"0df1a52f-0f10-4c0f-88bd-5c3260deb0a5\"\r\n  ],\r\n  \"includeDirectoryObjectReferences\": true\r\n}",
      "RequestHeaders": {
        "x-ms-client-request-id": [
          "145cfd7b-72f0-49e4-ab64-0d6d657fd33c"
        ],
        "Accept-Language": [
          "en-US"
        ],
        "User-Agent": [
          "FxVersion/4.6.28619.01",
          "OSName/Windows",
          "OSVersion/Microsoft.Windows.10.0.18363.",
          "Microsoft.Azure.Graph.RBAC.Version1.6.GraphRbacManagementClient/1.3.11"
        ],
        "Content-Type": [
          "application/json; charset=utf-8"
        ],
        "Content-Length": [
          "116"
        ]
      },
      "ResponseHeaders": {
        "Cache-Control": [
          "no-cache"
        ],
        "Pragma": [
          "no-cache"
        ],
        "ocp-aad-diagnostics-server-name": [
          "wjaLgenaVuyFC85hiIcMQkFtnsYHOCV1+/EX8pUmTzA="
        ],
        "request-id": [
          "96c251ac-e9c8-43c1-9ae3-b95b9598d74b"
        ],
        "client-request-id": [
          "145cfd7b-72f0-49e4-ab64-0d6d657fd33c"
        ],
        "x-ms-dirapi-data-contract-version": [
          "1.6"
        ],
        "ocp-aad-session-key": [
          "h-wNuheRF0fGxSPB42MgzgFQ7GeyE-vJIKDLwaanR9nOtGSC_3VUqOFEf90kFT5G59oRSS4UnX7WnD6cqbmWFMQxYYw-7T7chA0-acYbi0LofEe-vu0-bsV8XmS11eZ8.CXMS-hWZwz1o_xxU1qidWA5CpMaqxHqFiMeUrdlyCUs"
        ],
        "DataServiceVersion": [
          "3.0;"
        ],
        "Strict-Transport-Security": [
          "max-age=31536000; includeSubDomains"
        ],
        "Access-Control-Allow-Origin": [
          "*"
        ],
        "X-AspNet-Version": [
          "4.0.30319"
        ],
        "X-Powered-By": [
          "ASP.NET"
        ],
        "Duration": [
          "449179"
        ],
        "Date": [
          "Thu, 09 Apr 2020 08:45:25 GMT"
        ],
        "Content-Type": [
          "application/json; odata=minimalmetadata; streaming=true; charset=utf-8"
        ],
        "Expires": [
          "-1"
        ],
        "Content-Length": [
          "219"
        ]
      },
      "ResponseBody": "{\r\n  \"odata.error\": {\r\n    \"code\": \"Authorization_RequestDenied\",\r\n    \"message\": {\r\n      \"lang\": \"en\",\r\n      \"value\": \"Insufficient privileges to complete the operation.\"\r\n    },\r\n    \"requestId\": \"96c251ac-e9c8-43c1-9ae3-b95b9598d74b\",\r\n    \"date\": \"2020-04-09T08:45:25\"\r\n  }\r\n}",
      "StatusCode": 403
    },
    {
      "RequestUri": "/subscriptions/c9cbd920-c00c-427c-852b-8aaf38badaeb/resourceGroups/yeming/providers/Microsoft.KeyVault/vaults/yemingkv/privateLinkResources?api-version=2019-09-01",
      "EncodedRequestUri": "L3N1YnNjcmlwdGlvbnMvYzljYmQ5MjAtYzAwYy00MjdjLTg1MmItOGFhZjM4YmFkYWViL3Jlc291cmNlR3JvdXBzL3llbWluZy9wcm92aWRlcnMvTWljcm9zb2Z0LktleVZhdWx0L3ZhdWx0cy95ZW1pbmdrdi9wcml2YXRlTGlua1Jlc291cmNlcz9hcGktdmVyc2lvbj0yMDE5LTA5LTAx",
      "RequestMethod": "GET",
      "RequestBody": "",
      "RequestHeaders": {
        "x-ms-client-request-id": [
          "a43fbcf8-d3e6-446e-8ac2-71e4cf53f17d"
        ],
        "Accept-Language": [
          "en-US"
        ],
        "User-Agent": [
          "FxVersion/4.6.28619.01",
          "OSName/Windows",
          "OSVersion/Microsoft.Windows.10.0.18363.",
          "Microsoft.Azure.Internal.Common.AzureRestClient/1.3.11"
        ]
      },
      "ResponseHeaders": {
        "Cache-Control": [
          "no-cache"
        ],
        "Pragma": [
          "no-cache"
        ],
        "x-ms-keyvault-service-version": [
          "1.1.0.276"
        ],
        "x-ms-request-id": [
          "a178e15b-05e9-4afc-b3d6-3d1e9c04c5c0"
        ],
        "Strict-Transport-Security": [
          "max-age=31536000; includeSubDomains"
        ],
        "X-Content-Type-Options": [
          "nosniff"
        ],
        "Server": [
          "Microsoft-IIS/10.0"
        ],
        "X-AspNet-Version": [
          "4.0.30319"
        ],
        "X-Powered-By": [
          "ASP.NET"
        ],
        "x-ms-ratelimit-remaining-subscription-reads": [
          "11986"
        ],
        "x-ms-correlation-request-id": [
          "e5a9922c-4666-424b-8684-a496dcbf328a"
        ],
        "x-ms-routing-request-id": [
          "SOUTHEASTASIA:20200409T084527Z:e5a9922c-4666-424b-8684-a496dcbf328a"
        ],
        "Date": [
          "Thu, 09 Apr 2020 08:45:27 GMT"
        ],
        "Content-Length": [
          "300"
        ],
        "Content-Type": [
          "application/json; charset=utf-8"
        ],
        "Expires": [
          "-1"
        ]
      },
      "ResponseBody": "{\r\n  \"value\": [\r\n    {\r\n      \"id\": \"/subscriptions/c9cbd920-c00c-427c-852b-8aaf38badaeb/resourceGroups/yeming/providers/Microsoft.KeyVault/vaults/yemingkv/privateLinkResources/vault\",\r\n      \"name\": \"vault\",\r\n      \"type\": \"Microsoft.KeyVault/vaults/privateLinkResources\",\r\n      \"properties\": {\r\n        \"groupId\": \"vault\",\r\n        \"requiredMembers\": [\r\n          \"default\"\r\n        ]\r\n      }\r\n    }\r\n  ]\r\n}",
      "StatusCode": 200
    }
  ],
  "Names": {},
  "Variables": {
    "SubscriptionId": "c9cbd920-c00c-427c-852b-8aaf38badaeb"
  }
}