{
  "Entries": [
    {
      "RequestUri": "/subscriptions/9532a63e-f2eb-4649-bb23-5ed01077ce80/providers/Microsoft.Network?api-version=2014-04-01-preview",
      "EncodedRequestUri": "L3N1YnNjcmlwdGlvbnMvOTUzMmE2M2UtZjJlYi00NjQ5LWJiMjMtNWVkMDEwNzdjZTgwL3Byb3ZpZGVycy9NaWNyb3NvZnQuTmV0d29yaz9hcGktdmVyc2lvbj0yMDE0LTA0LTAxLXByZXZpZXc=",
      "RequestMethod": "GET",
      "RequestBody": "",
      "RequestHeaders": {
        "User-Agent": [
          "Microsoft.Azure.Management.Resources.ResourceManagementClient/2.0.0.0"
        ]
      },
      "ResponseBody": "{\r\n  \"id\": \"/subscriptions/9532a63e-f2eb-4649-bb23-5ed01077ce80/providers/Microsoft.Network\",\r\n  \"namespace\": \"Microsoft.Network\",\r\n  \"authorization\": {\r\n    \"applicationId\": \"2cf9eb86-36b5-49dc-86ae-9a63135dfa8c\",\r\n    \"roleDefinitionId\": \"13ba9ab4-19f0-4804-adc4-14ece36cc7a1\"\r\n  },\r\n  \"resourceTypes\": [\r\n    {\r\n      \"resourceType\": \"virtualNetworks\",\r\n      \"locations\": [\r\n        \"West US\",\r\n        \"East US\",\r\n        \"North Europe\",\r\n        \"West Europe\",\r\n        \"East Asia\",\r\n        \"Southeast Asia\",\r\n        \"South Central US\",\r\n        \"Central US\",\r\n        \"East US 2\",\r\n        \"Japan East\",\r\n        \"Japan West\",\r\n        \"North Central US\",\r\n        \"Brazil South\",\r\n        \"Australia East\",\r\n        \"Australia Southeast\"\r\n      ],\r\n      \"apiVersions\": [\r\n        \"2015-06-15\",\r\n        \"2015-05-01-preview\",\r\n        \"2014-12-01-preview\"\r\n      ]\r\n    },\r\n    {\r\n      \"resourceType\": \"publicIPAddresses\",\r\n      \"locations\": [\r\n        \"West US\",\r\n        \"East US\",\r\n        \"North Europe\",\r\n        \"West Europe\",\r\n        \"East Asia\",\r\n        \"Southeast Asia\",\r\n        \"South Central US\",\r\n        \"Central US\",\r\n        \"East US 2\",\r\n        \"Japan East\",\r\n        \"Japan West\",\r\n        \"North Central US\",\r\n        \"Brazil South\",\r\n        \"Australia East\",\r\n        \"Australia Southeast\"\r\n      ],\r\n      \"apiVersions\": [\r\n        \"2015-06-15\",\r\n        \"2015-05-01-preview\",\r\n        \"2014-12-01-preview\"\r\n      ]\r\n    },\r\n    {\r\n      \"resourceType\": \"networkInterfaces\",\r\n      \"locations\": [\r\n        \"West US\",\r\n        \"East US\",\r\n        \"North Europe\",\r\n        \"West Europe\",\r\n        \"East Asia\",\r\n        \"Southeast Asia\",\r\n        \"South Central US\",\r\n        \"Central US\",\r\n        \"East US 2\",\r\n        \"Japan East\",\r\n        \"Japan West\",\r\n        \"North Central US\",\r\n        \"Brazil South\",\r\n        \"Australia East\",\r\n        \"Australia Southeast\"\r\n      ],\r\n      \"apiVersions\": [\r\n        \"2015-06-15\",\r\n        \"2015-05-01-preview\",\r\n        \"2014-12-01-preview\"\r\n      ]\r\n    },\r\n    {\r\n      \"resourceType\": \"loadBalancers\",\r\n      \"locations\": [\r\n        \"West US\",\r\n        \"East US\",\r\n        \"North Europe\",\r\n        \"West Europe\",\r\n        \"East Asia\",\r\n        \"Southeast Asia\",\r\n        \"South Central US\",\r\n        \"Central US\",\r\n        \"East US 2\",\r\n        \"Japan East\",\r\n        \"Japan West\",\r\n        \"North Central US\",\r\n        \"Brazil South\",\r\n        \"Australia East\",\r\n        \"Australia Southeast\"\r\n      ],\r\n      \"apiVersions\": [\r\n        \"2015-06-15\",\r\n        \"2015-05-01-preview\",\r\n        \"2014-12-01-preview\"\r\n      ]\r\n    },\r\n    {\r\n      \"resourceType\": \"networkSecurityGroups\",\r\n      \"locations\": [\r\n        \"West US\",\r\n        \"East US\",\r\n        \"North Europe\",\r\n        \"West Europe\",\r\n        \"East Asia\",\r\n        \"Southeast Asia\",\r\n        \"South Central US\",\r\n        \"Central US\",\r\n        \"East US 2\",\r\n        \"Japan East\",\r\n        \"Japan West\",\r\n        \"North Central US\",\r\n        \"Brazil South\",\r\n        \"Australia East\",\r\n        \"Australia Southeast\"\r\n      ],\r\n      \"apiVersions\": [\r\n        \"2015-06-15\",\r\n        \"2015-05-01-preview\",\r\n        \"2014-12-01-preview\"\r\n      ]\r\n    },\r\n    {\r\n      \"resourceType\": \"routeTables\",\r\n      \"locations\": [\r\n        \"West US\",\r\n        \"East US\",\r\n        \"North Europe\",\r\n        \"West Europe\",\r\n        \"East Asia\",\r\n        \"Southeast Asia\",\r\n        \"South Central US\",\r\n        \"Central US\",\r\n        \"East US 2\",\r\n        \"Japan East\",\r\n        \"Japan West\",\r\n        \"North Central US\",\r\n        \"Brazil South\",\r\n        \"Australia East\",\r\n        \"Australia Southeast\"\r\n      ],\r\n      \"apiVersions\": [\r\n        \"2015-06-15\",\r\n        \"2015-05-01-preview\",\r\n        \"2014-12-01-preview\"\r\n      ]\r\n    },\r\n    {\r\n      \"resourceType\": \"virtualNetworkGateways\",\r\n      \"locations\": [\r\n        \"West US\",\r\n        \"East US\",\r\n        \"North Europe\",\r\n        \"West Europe\",\r\n        \"East Asia\",\r\n        \"Southeast Asia\",\r\n        \"South Central US\",\r\n        \"Central US\",\r\n        \"East US 2\",\r\n        \"Japan East\",\r\n        \"Japan West\",\r\n        \"North Central US\",\r\n        \"Brazil South\",\r\n        \"Australia East\",\r\n        \"Australia Southeast\"\r\n      ],\r\n      \"apiVersions\": [\r\n        \"2015-06-15\",\r\n        \"2015-05-01-preview\",\r\n        \"2014-12-01-preview\"\r\n      ]\r\n    },\r\n    {\r\n      \"resourceType\": \"localNetworkGateways\",\r\n      \"locations\": [\r\n        \"West US\",\r\n        \"East US\",\r\n        \"North Europe\",\r\n        \"West Europe\",\r\n        \"East Asia\",\r\n        \"Southeast Asia\",\r\n        \"South Central US\",\r\n        \"Central US\",\r\n        \"East US 2\",\r\n        \"Japan East\",\r\n        \"Japan West\",\r\n        \"North Central US\",\r\n        \"Brazil South\",\r\n        \"Australia East\",\r\n        \"Australia Southeast\"\r\n      ],\r\n      \"apiVersions\": [\r\n        \"2015-06-15\",\r\n        \"2015-05-01-preview\",\r\n        \"2014-12-01-preview\"\r\n      ]\r\n    },\r\n    {\r\n      \"resourceType\": \"connections\",\r\n      \"locations\": [\r\n        \"West US\",\r\n        \"East US\",\r\n        \"North Europe\",\r\n        \"West Europe\",\r\n        \"East Asia\",\r\n        \"Southeast Asia\",\r\n        \"South Central US\",\r\n        \"Central US\",\r\n        \"East US 2\",\r\n        \"Japan East\",\r\n        \"Japan West\",\r\n        \"North Central US\",\r\n        \"Brazil South\",\r\n        \"Australia East\",\r\n        \"Australia Southeast\"\r\n      ],\r\n      \"apiVersions\": [\r\n        \"2015-06-15\",\r\n        \"2015-05-01-preview\",\r\n        \"2014-12-01-preview\"\r\n      ]\r\n    },\r\n    {\r\n      \"resourceType\": \"applicationGateways\",\r\n      \"locations\": [\r\n        \"West US\",\r\n        \"East US\",\r\n        \"North Europe\",\r\n        \"West Europe\",\r\n        \"East Asia\",\r\n        \"Southeast Asia\",\r\n        \"South Central US\",\r\n        \"Central US\",\r\n        \"East US 2\",\r\n        \"Japan East\",\r\n        \"Japan West\",\r\n        \"North Central US\",\r\n        \"Brazil South\",\r\n        \"Australia East\",\r\n        \"Australia Southeast\"\r\n      ],\r\n      \"apiVersions\": [\r\n        \"2015-06-15\",\r\n        \"2015-05-01-preview\",\r\n        \"2014-12-01-preview\"\r\n      ]\r\n    },\r\n    {\r\n      \"resourceType\": \"locations\",\r\n      \"locations\": [],\r\n      \"apiVersions\": [\r\n        \"2015-06-15\",\r\n        \"2015-05-01-preview\",\r\n        \"2014-12-01-preview\"\r\n      ]\r\n    },\r\n    {\r\n      \"resourceType\": \"locations/operations\",\r\n      \"locations\": [],\r\n      \"apiVersions\": [\r\n        \"2015-06-15\",\r\n        \"2015-05-01-preview\",\r\n        \"2014-12-01-preview\"\r\n      ]\r\n    },\r\n    {\r\n      \"resourceType\": \"locations/operationResults\",\r\n      \"locations\": [],\r\n      \"apiVersions\": [\r\n        \"2015-06-15\",\r\n        \"2015-05-01-preview\",\r\n        \"2014-12-01-preview\"\r\n      ]\r\n    },\r\n    {\r\n      \"resourceType\": \"locations/CheckDnsNameAvailability\",\r\n      \"locations\": [],\r\n      \"apiVersions\": [\r\n        \"2015-06-15\",\r\n        \"2015-05-01-preview\",\r\n        \"2014-12-01-preview\"\r\n      ]\r\n    },\r\n    {\r\n      \"resourceType\": \"locations/usages\",\r\n      \"locations\": [],\r\n      \"apiVersions\": [\r\n        \"2015-06-15\",\r\n        \"2015-05-01-preview\",\r\n        \"2014-12-01-preview\"\r\n      ]\r\n    },\r\n    {\r\n      \"resourceType\": \"operations\",\r\n      \"locations\": [],\r\n      \"apiVersions\": [\r\n        \"2015-06-15\",\r\n        \"2015-05-01-preview\",\r\n        \"2014-12-01-preview\"\r\n      ]\r\n    },\r\n    {\r\n      \"resourceType\": \"expressRouteCircuits\",\r\n      \"locations\": [\r\n        \"Brazil South\",\r\n        \"West US\",\r\n        \"East US\",\r\n        \"North Europe\",\r\n        \"West Europe\",\r\n        \"East Asia\",\r\n        \"Southeast Asia\",\r\n        \"North Central US\",\r\n        \"South Central US\",\r\n        \"Central US\",\r\n        \"East US 2\",\r\n        \"Japan East\",\r\n        \"Japan West\",\r\n        \"Australia East\",\r\n        \"Australia Southeast\"\r\n      ],\r\n      \"apiVersions\": [\r\n        \"2015-06-15\",\r\n        \"2015-05-01-preview\",\r\n        \"2014-12-01-preview\"\r\n      ]\r\n    },\r\n    {\r\n      \"resourceType\": \"expressRouteServiceProviders\",\r\n      \"locations\": [],\r\n      \"apiVersions\": [\r\n        \"2015-06-15\",\r\n        \"2015-05-01-preview\",\r\n        \"2014-12-01-preview\"\r\n      ]\r\n    },\r\n    {\r\n      \"resourceType\": \"dnszones\",\r\n      \"locations\": [\r\n        \"global\"\r\n      ],\r\n      \"apiVersions\": [\r\n        \"2015-05-04-preview\"\r\n      ]\r\n    },\r\n    {\r\n      \"resourceType\": \"dnszones/A\",\r\n      \"locations\": [\r\n        \"global\"\r\n      ],\r\n      \"apiVersions\": [\r\n        \"2015-05-04-preview\"\r\n      ]\r\n    },\r\n    {\r\n      \"resourceType\": \"dnszones/AAAA\",\r\n      \"locations\": [\r\n        \"global\"\r\n      ],\r\n      \"apiVersions\": [\r\n        \"2015-05-04-preview\"\r\n      ]\r\n    },\r\n    {\r\n      \"resourceType\": \"dnszones/CNAME\",\r\n      \"locations\": [\r\n        \"global\"\r\n      ],\r\n      \"apiVersions\": [\r\n        \"2015-05-04-preview\"\r\n      ]\r\n    },\r\n    {\r\n      \"resourceType\": \"dnszones/PTR\",\r\n      \"locations\": [\r\n        \"global\"\r\n      ],\r\n      \"apiVersions\": [\r\n        \"2015-05-04-preview\"\r\n      ]\r\n    },\r\n    {\r\n      \"resourceType\": \"dnszones/MX\",\r\n      \"locations\": [\r\n        \"global\"\r\n      ],\r\n      \"apiVersions\": [\r\n        \"2015-05-04-preview\"\r\n      ]\r\n    },\r\n    {\r\n      \"resourceType\": \"dnszones/TXT\",\r\n      \"locations\": [\r\n        \"global\"\r\n      ],\r\n      \"apiVersions\": [\r\n        \"2015-05-04-preview\"\r\n      ]\r\n    },\r\n    {\r\n      \"resourceType\": \"dnszones/SRV\",\r\n      \"locations\": [\r\n        \"global\"\r\n      ],\r\n      \"apiVersions\": [\r\n        \"2015-05-04-preview\"\r\n      ]\r\n    },\r\n    {\r\n      \"resourceType\": \"trafficmanagerprofiles\",\r\n      \"locations\": [\r\n        \"global\"\r\n      ],\r\n      \"apiVersions\": [\r\n        \"2015-04-28-preview\"\r\n      ]\r\n    },\r\n    {\r\n      \"resourceType\": \"checkTrafficManagerNameAvailability\",\r\n      \"locations\": [\r\n        \"global\"\r\n      ],\r\n      \"apiVersions\": [\r\n        \"2015-04-28-preview\"\r\n      ]\r\n    }\r\n  ],\r\n  \"registrationState\": \"Registered\"\r\n}",
      "ResponseHeaders": {
        "Content-Length": [
          "5908"
        ],
        "Content-Type": [
          "application/json; charset=utf-8"
        ],
        "Expires": [
          "-1"
        ],
        "Pragma": [
          "no-cache"
        ],
        "x-ms-ratelimit-remaining-subscription-reads": [
          "14960"
        ],
        "x-ms-request-id": [
          "4d4bb933-7c3f-4ead-ae40-992c36a154ec"
        ],
        "x-ms-correlation-request-id": [
          "4d4bb933-7c3f-4ead-ae40-992c36a154ec"
        ],
        "x-ms-routing-request-id": [
          "WESTUS:20151124T203642Z:4d4bb933-7c3f-4ead-ae40-992c36a154ec"
        ],
        "Strict-Transport-Security": [
          "max-age=31536000; includeSubDomains"
        ],
        "Cache-Control": [
          "no-cache"
        ],
        "Date": [
          "Tue, 24 Nov 2015 20:36:42 GMT"
        ]
      },
      "StatusCode": 200
    },
    {
      "RequestUri": "/subscriptions/9532a63e-f2eb-4649-bb23-5ed01077ce80/resourcegroups/onesdk4365?api-version=2014-04-01-preview",
      "EncodedRequestUri": "L3N1YnNjcmlwdGlvbnMvOTUzMmE2M2UtZjJlYi00NjQ5LWJiMjMtNWVkMDEwNzdjZTgwL3Jlc291cmNlZ3JvdXBzL29uZXNkazQzNjU/YXBpLXZlcnNpb249MjAxNC0wNC0wMS1wcmV2aWV3",
      "RequestMethod": "HEAD",
      "RequestBody": "",
      "RequestHeaders": {
        "User-Agent": [
          "Microsoft.Azure.Management.Resources.ResourceManagementClient/2.0.0.0"
        ]
      },
      "ResponseBody": "",
      "ResponseHeaders": {
        "Content-Length": [
          "102"
        ],
        "Content-Type": [
          "application/json; charset=utf-8"
        ],
        "Expires": [
          "-1"
        ],
        "Pragma": [
          "no-cache"
        ],
        "x-ms-failure-cause": [
          "gateway"
        ],
        "x-ms-ratelimit-remaining-subscription-reads": [
          "14959"
        ],
        "x-ms-request-id": [
          "ee93fcc5-4e51-451a-b603-6b9b671f4f59"
        ],
        "x-ms-correlation-request-id": [
          "ee93fcc5-4e51-451a-b603-6b9b671f4f59"
        ],
        "x-ms-routing-request-id": [
          "WESTUS:20151124T203642Z:ee93fcc5-4e51-451a-b603-6b9b671f4f59"
        ],
        "Strict-Transport-Security": [
          "max-age=31536000; includeSubDomains"
        ],
        "Cache-Control": [
          "no-cache"
        ],
        "Date": [
          "Tue, 24 Nov 2015 20:36:42 GMT"
        ]
      },
      "StatusCode": 404
    },
    {
      "RequestUri": "/subscriptions/9532a63e-f2eb-4649-bb23-5ed01077ce80/resourcegroups/onesdk4365?api-version=2014-04-01-preview",
      "EncodedRequestUri": "L3N1YnNjcmlwdGlvbnMvOTUzMmE2M2UtZjJlYi00NjQ5LWJiMjMtNWVkMDEwNzdjZTgwL3Jlc291cmNlZ3JvdXBzL29uZXNkazQzNjU/YXBpLXZlcnNpb249MjAxNC0wNC0wMS1wcmV2aWV3",
      "RequestMethod": "HEAD",
      "RequestBody": "",
      "RequestHeaders": {
        "User-Agent": [
          "Microsoft.Azure.Management.Resources.ResourceManagementClient/2.0.0.0"
        ]
      },
      "ResponseBody": "",
      "ResponseHeaders": {
        "Content-Length": [
          "0"
        ],
        "Expires": [
          "-1"
        ],
        "Pragma": [
          "no-cache"
        ],
        "x-ms-ratelimit-remaining-subscription-reads": [
          "14957"
        ],
        "x-ms-request-id": [
          "5ef3adac-0824-42d2-834a-befedec1fd44"
        ],
        "x-ms-correlation-request-id": [
          "5ef3adac-0824-42d2-834a-befedec1fd44"
        ],
        "x-ms-routing-request-id": [
          "WESTUS:20151124T203718Z:5ef3adac-0824-42d2-834a-befedec1fd44"
        ],
        "Strict-Transport-Security": [
          "max-age=31536000; includeSubDomains"
        ],
        "Cache-Control": [
          "no-cache"
        ],
        "Date": [
          "Tue, 24 Nov 2015 20:37:18 GMT"
        ]
      },
      "StatusCode": 204
    },
    {
      "RequestUri": "/subscriptions/9532a63e-f2eb-4649-bb23-5ed01077ce80/resourcegroups/onesdk4365?api-version=2014-04-01-preview",
      "EncodedRequestUri": "L3N1YnNjcmlwdGlvbnMvOTUzMmE2M2UtZjJlYi00NjQ5LWJiMjMtNWVkMDEwNzdjZTgwL3Jlc291cmNlZ3JvdXBzL29uZXNkazQzNjU/YXBpLXZlcnNpb249MjAxNC0wNC0wMS1wcmV2aWV3",
      "RequestMethod": "PUT",
      "RequestBody": "{\r\n  \"location\": \"West US\",\r\n  \"tags\": {\r\n    \"testtag\": \"testval\"\r\n  }\r\n}",
      "RequestHeaders": {
        "Content-Type": [
          "application/json; charset=utf-8"
        ],
        "Content-Length": [
          "74"
        ],
        "User-Agent": [
          "Microsoft.Azure.Management.Resources.ResourceManagementClient/2.0.0.0"
        ]
      },
      "ResponseBody": "{\r\n  \"id\": \"/subscriptions/9532a63e-f2eb-4649-bb23-5ed01077ce80/resourceGroups/onesdk4365\",\r\n  \"name\": \"onesdk4365\",\r\n  \"location\": \"westus\",\r\n  \"tags\": {\r\n    \"testtag\": \"testval\"\r\n  },\r\n  \"properties\": {\r\n    \"provisioningState\": \"Succeeded\"\r\n  }\r\n}",
      "ResponseHeaders": {
        "Content-Length": [
          "202"
        ],
        "Content-Type": [
          "application/json; charset=utf-8"
        ],
        "Expires": [
          "-1"
        ],
        "Pragma": [
          "no-cache"
        ],
        "x-ms-ratelimit-remaining-subscription-writes": [
          "1189"
        ],
        "x-ms-request-id": [
          "d80eda42-8426-45f8-85cf-61ca5192256d"
        ],
        "x-ms-correlation-request-id": [
          "d80eda42-8426-45f8-85cf-61ca5192256d"
        ],
        "x-ms-routing-request-id": [
          "WESTUS:20151124T203643Z:d80eda42-8426-45f8-85cf-61ca5192256d"
        ],
        "Strict-Transport-Security": [
          "max-age=31536000; includeSubDomains"
        ],
        "Cache-Control": [
          "no-cache"
        ],
        "Date": [
          "Tue, 24 Nov 2015 20:36:43 GMT"
        ]
      },
      "StatusCode": 201
    },
    {
      "RequestUri": "/subscriptions/9532a63e-f2eb-4649-bb23-5ed01077ce80/resourceGroups/onesdk4365/resources?api-version=2014-04-01-preview",
      "EncodedRequestUri": "L3N1YnNjcmlwdGlvbnMvOTUzMmE2M2UtZjJlYi00NjQ5LWJiMjMtNWVkMDEwNzdjZTgwL3Jlc291cmNlR3JvdXBzL29uZXNkazQzNjUvcmVzb3VyY2VzP2FwaS12ZXJzaW9uPTIwMTQtMDQtMDEtcHJldmlldw==",
      "RequestMethod": "GET",
      "RequestBody": "",
      "RequestHeaders": {
        "User-Agent": [
          "Microsoft.Azure.Management.Resources.ResourceManagementClient/2.0.0.0"
        ]
      },
      "ResponseBody": "{\r\n  \"value\": []\r\n}",
      "ResponseHeaders": {
        "Content-Length": [
          "12"
        ],
        "Content-Type": [
          "application/json; charset=utf-8"
        ],
        "Expires": [
          "-1"
        ],
        "Pragma": [
          "no-cache"
        ],
        "x-ms-ratelimit-remaining-subscription-reads": [
          "14958"
        ],
        "x-ms-request-id": [
          "9cd387f7-93ae-4d3d-b131-dbe7ee3c00e7"
        ],
        "x-ms-correlation-request-id": [
          "9cd387f7-93ae-4d3d-b131-dbe7ee3c00e7"
        ],
        "x-ms-routing-request-id": [
          "WESTUS:20151124T203643Z:9cd387f7-93ae-4d3d-b131-dbe7ee3c00e7"
        ],
        "Strict-Transport-Security": [
          "max-age=31536000; includeSubDomains"
        ],
        "Cache-Control": [
          "no-cache"
        ],
        "Date": [
          "Tue, 24 Nov 2015 20:36:43 GMT"
        ]
      },
      "StatusCode": 200
    },
    {
      "RequestUri": "/subscriptions/9532a63e-f2eb-4649-bb23-5ed01077ce80/resourceGroups/onesdk4365/providers/Microsoft.Network/virtualnetworks/onesdk3852?api-version=2015-06-15",
      "EncodedRequestUri": "L3N1YnNjcmlwdGlvbnMvOTUzMmE2M2UtZjJlYi00NjQ5LWJiMjMtNWVkMDEwNzdjZTgwL3Jlc291cmNlR3JvdXBzL29uZXNkazQzNjUvcHJvdmlkZXJzL01pY3Jvc29mdC5OZXR3b3JrL3ZpcnR1YWxuZXR3b3Jrcy9vbmVzZGszODUyP2FwaS12ZXJzaW9uPTIwMTUtMDYtMTU=",
      "RequestMethod": "GET",
      "RequestBody": "",
      "RequestHeaders": {
        "x-ms-client-request-id": [
          "67485d2d-b463-43e6-81ee-b3130a344225"
        ],
        "accept-language": [
          "en-US"
        ],
        "User-Agent": [
          "Microsoft.Azure.Management.Network.NetworkManagementClient/3.0.0.0"
        ]
      },
      "ResponseBody": "{\r\n  \"error\": {\r\n    \"code\": \"ResourceNotFound\",\r\n    \"message\": \"The Resource 'Microsoft.Network/virtualNetworks/onesdk3852' under resource group 'onesdk4365' was not found.\"\r\n  }\r\n}",
      "ResponseHeaders": {
        "Content-Length": [
          "158"
        ],
        "Content-Type": [
          "application/json; charset=utf-8"
        ],
        "Expires": [
          "-1"
        ],
        "Pragma": [
          "no-cache"
        ],
        "x-ms-failure-cause": [
          "gateway"
        ],
        "x-ms-request-id": [
          "3ccb3085-7589-4efc-b17a-b45ea1c5be9c"
        ],
        "x-ms-correlation-request-id": [
          "3ccb3085-7589-4efc-b17a-b45ea1c5be9c"
        ],
        "x-ms-routing-request-id": [
          "WESTUS:20151124T203644Z:3ccb3085-7589-4efc-b17a-b45ea1c5be9c"
        ],
        "Strict-Transport-Security": [
          "max-age=31536000; includeSubDomains"
        ],
        "Cache-Control": [
          "no-cache"
        ],
        "Date": [
          "Tue, 24 Nov 2015 20:36:43 GMT"
        ]
      },
      "StatusCode": 404
    },
    {
      "RequestUri": "/subscriptions/9532a63e-f2eb-4649-bb23-5ed01077ce80/resourceGroups/onesdk4365/providers/Microsoft.Network/virtualnetworks/onesdk3852?api-version=2015-06-15",
      "EncodedRequestUri": "L3N1YnNjcmlwdGlvbnMvOTUzMmE2M2UtZjJlYi00NjQ5LWJiMjMtNWVkMDEwNzdjZTgwL3Jlc291cmNlR3JvdXBzL29uZXNkazQzNjUvcHJvdmlkZXJzL01pY3Jvc29mdC5OZXR3b3JrL3ZpcnR1YWxuZXR3b3Jrcy9vbmVzZGszODUyP2FwaS12ZXJzaW9uPTIwMTUtMDYtMTU=",
      "RequestMethod": "GET",
      "RequestBody": "",
      "RequestHeaders": {
        "User-Agent": [
          "Microsoft.Azure.Management.Network.NetworkManagementClient/3.0.0.0"
        ]
      },
      "ResponseBody": "{\r\n  \"name\": \"onesdk3852\",\r\n  \"id\": \"/subscriptions/9532a63e-f2eb-4649-bb23-5ed01077ce80/resourceGroups/onesdk4365/providers/Microsoft.Network/virtualNetworks/onesdk3852\",\r\n  \"etag\": \"W/\\\"3e209398-2915-477a-b79b-d47b0514684a\\\"\",\r\n  \"type\": \"Microsoft.Network/virtualNetworks\",\r\n  \"location\": \"westus\",\r\n  \"properties\": {\r\n    \"provisioningState\": \"Succeeded\",\r\n    \"resourceGuid\": \"10585ddc-ca05-4a41-9631-d77e93445635\",\r\n    \"addressSpace\": {\r\n      \"addressPrefixes\": [\r\n        \"10.0.0.0/16\"\r\n      ]\r\n    },\r\n    \"subnets\": [\r\n      {\r\n        \"name\": \"onesdk5387\",\r\n        \"id\": \"/subscriptions/9532a63e-f2eb-4649-bb23-5ed01077ce80/resourceGroups/onesdk4365/providers/Microsoft.Network/virtualNetworks/onesdk3852/subnets/onesdk5387\",\r\n        \"etag\": \"W/\\\"3e209398-2915-477a-b79b-d47b0514684a\\\"\",\r\n        \"properties\": {\r\n          \"provisioningState\": \"Succeeded\",\r\n          \"addressPrefix\": \"10.0.1.0/24\"\r\n        }\r\n      }\r\n    ]\r\n  }\r\n}",
      "ResponseHeaders": {
        "Content-Length": [
          "949"
        ],
        "Content-Type": [
          "application/json; charset=utf-8"
        ],
        "Expires": [
          "-1"
        ],
        "Pragma": [
          "no-cache"
        ],
        "x-ms-request-id": [
          "42676c53-312c-4a87-a2f2-5ad89cb813ec"
        ],
        "Strict-Transport-Security": [
          "max-age=31536000; includeSubDomains"
        ],
        "Cache-Control": [
          "no-cache"
        ],
        "ETag": [
          "W/\"3e209398-2915-477a-b79b-d47b0514684a\""
        ],
        "Server": [
          "Microsoft-HTTPAPI/2.0",
          "Microsoft-HTTPAPI/2.0"
        ],
        "x-ms-ratelimit-remaining-subscription-reads": [
          "14971"
        ],
        "x-ms-correlation-request-id": [
          "272ce675-27d9-4fe2-9b27-642b186b478e"
        ],
        "x-ms-routing-request-id": [
          "WESTUS:20151124T203655Z:272ce675-27d9-4fe2-9b27-642b186b478e"
        ],
        "Date": [
          "Tue, 24 Nov 2015 20:36:54 GMT"
        ]
      },
      "StatusCode": 200
    },
    {
      "RequestUri": "/subscriptions/9532a63e-f2eb-4649-bb23-5ed01077ce80/resourceGroups/onesdk4365/providers/Microsoft.Network/virtualnetworks/onesdk3852?api-version=2015-06-15",
      "EncodedRequestUri": "L3N1YnNjcmlwdGlvbnMvOTUzMmE2M2UtZjJlYi00NjQ5LWJiMjMtNWVkMDEwNzdjZTgwL3Jlc291cmNlR3JvdXBzL29uZXNkazQzNjUvcHJvdmlkZXJzL01pY3Jvc29mdC5OZXR3b3JrL3ZpcnR1YWxuZXR3b3Jrcy9vbmVzZGszODUyP2FwaS12ZXJzaW9uPTIwMTUtMDYtMTU=",
      "RequestMethod": "GET",
      "RequestBody": "",
      "RequestHeaders": {
        "x-ms-client-request-id": [
          "89acfe6a-cebb-40c9-8811-5090a66cbf9a"
        ],
        "accept-language": [
          "en-US"
        ],
        "User-Agent": [
          "Microsoft.Azure.Management.Network.NetworkManagementClient/3.0.0.0"
        ]
      },
      "ResponseBody": "{\r\n  \"name\": \"onesdk3852\",\r\n  \"id\": \"/subscriptions/9532a63e-f2eb-4649-bb23-5ed01077ce80/resourceGroups/onesdk4365/providers/Microsoft.Network/virtualNetworks/onesdk3852\",\r\n  \"etag\": \"W/\\\"3e209398-2915-477a-b79b-d47b0514684a\\\"\",\r\n  \"type\": \"Microsoft.Network/virtualNetworks\",\r\n  \"location\": \"westus\",\r\n  \"properties\": {\r\n    \"provisioningState\": \"Succeeded\",\r\n    \"resourceGuid\": \"10585ddc-ca05-4a41-9631-d77e93445635\",\r\n    \"addressSpace\": {\r\n      \"addressPrefixes\": [\r\n        \"10.0.0.0/16\"\r\n      ]\r\n    },\r\n    \"subnets\": [\r\n      {\r\n        \"name\": \"onesdk5387\",\r\n        \"id\": \"/subscriptions/9532a63e-f2eb-4649-bb23-5ed01077ce80/resourceGroups/onesdk4365/providers/Microsoft.Network/virtualNetworks/onesdk3852/subnets/onesdk5387\",\r\n        \"etag\": \"W/\\\"3e209398-2915-477a-b79b-d47b0514684a\\\"\",\r\n        \"properties\": {\r\n          \"provisioningState\": \"Succeeded\",\r\n          \"addressPrefix\": \"10.0.1.0/24\"\r\n        }\r\n      }\r\n    ]\r\n  }\r\n}",
      "ResponseHeaders": {
        "Content-Length": [
          "949"
        ],
        "Content-Type": [
          "application/json; charset=utf-8"
        ],
        "Expires": [
          "-1"
        ],
        "Pragma": [
          "no-cache"
        ],
        "x-ms-request-id": [
          "be010589-db7d-40ce-82cf-1842c44e21e4"
        ],
        "Strict-Transport-Security": [
          "max-age=31536000; includeSubDomains"
        ],
        "Cache-Control": [
          "no-cache"
        ],
        "ETag": [
          "W/\"3e209398-2915-477a-b79b-d47b0514684a\""
        ],
        "Server": [
          "Microsoft-HTTPAPI/2.0",
          "Microsoft-HTTPAPI/2.0"
        ],
        "x-ms-ratelimit-remaining-subscription-reads": [
          "14970"
        ],
        "x-ms-correlation-request-id": [
          "a96e545e-3f69-4145-8271-cfdae177f1d0"
        ],
        "x-ms-routing-request-id": [
          "WESTUS:20151124T203655Z:a96e545e-3f69-4145-8271-cfdae177f1d0"
        ],
        "Date": [
          "Tue, 24 Nov 2015 20:36:54 GMT"
        ]
      },
      "StatusCode": 200
    },
    {
      "RequestUri": "/subscriptions/9532a63e-f2eb-4649-bb23-5ed01077ce80/resourceGroups/onesdk4365/providers/Microsoft.Network/virtualnetworks/onesdk3852?api-version=2015-06-15",
      "EncodedRequestUri": "L3N1YnNjcmlwdGlvbnMvOTUzMmE2M2UtZjJlYi00NjQ5LWJiMjMtNWVkMDEwNzdjZTgwL3Jlc291cmNlR3JvdXBzL29uZXNkazQzNjUvcHJvdmlkZXJzL01pY3Jvc29mdC5OZXR3b3JrL3ZpcnR1YWxuZXR3b3Jrcy9vbmVzZGszODUyP2FwaS12ZXJzaW9uPTIwMTUtMDYtMTU=",
      "RequestMethod": "PUT",
      "RequestBody": "{\r\n  \"location\": \"West US\",\r\n  \"properties\": {\r\n    \"addressSpace\": {\r\n      \"addressPrefixes\": [\r\n        \"10.0.0.0/16\"\r\n      ]\r\n    },\r\n    \"subnets\": [\r\n      {\r\n        \"name\": \"onesdk5387\",\r\n        \"properties\": {\r\n          \"addressPrefix\": \"10.0.1.0/24\",\r\n          \"ipConfigurations\": []\r\n        }\r\n      }\r\n    ]\r\n  }\r\n}",
      "RequestHeaders": {
        "Content-Type": [
          "application/json; charset=utf-8"
        ],
        "Content-Length": [
          "332"
        ],
        "x-ms-client-request-id": [
          "3b24bfff-a36b-49a4-baad-65a50c1095bb"
        ],
        "accept-language": [
          "en-US"
        ],
        "User-Agent": [
          "Microsoft.Azure.Management.Network.NetworkManagementClient/3.0.0.0"
        ]
      },
      "ResponseBody": "{\r\n  \"name\": \"onesdk3852\",\r\n  \"id\": \"/subscriptions/9532a63e-f2eb-4649-bb23-5ed01077ce80/resourceGroups/onesdk4365/providers/Microsoft.Network/virtualNetworks/onesdk3852\",\r\n  \"etag\": \"W/\\\"8a373118-4812-454e-a8d0-99b2e3994c58\\\"\",\r\n  \"type\": \"Microsoft.Network/virtualNetworks\",\r\n  \"location\": \"westus\",\r\n  \"properties\": {\r\n    \"provisioningState\": \"Updating\",\r\n    \"resourceGuid\": \"10585ddc-ca05-4a41-9631-d77e93445635\",\r\n    \"addressSpace\": {\r\n      \"addressPrefixes\": [\r\n        \"10.0.0.0/16\"\r\n      ]\r\n    },\r\n    \"subnets\": [\r\n      {\r\n        \"name\": \"onesdk5387\",\r\n        \"id\": \"/subscriptions/9532a63e-f2eb-4649-bb23-5ed01077ce80/resourceGroups/onesdk4365/providers/Microsoft.Network/virtualNetworks/onesdk3852/subnets/onesdk5387\",\r\n        \"etag\": \"W/\\\"8a373118-4812-454e-a8d0-99b2e3994c58\\\"\",\r\n        \"properties\": {\r\n          \"provisioningState\": \"Updating\",\r\n          \"addressPrefix\": \"10.0.1.0/24\"\r\n        }\r\n      }\r\n    ]\r\n  }\r\n}",
      "ResponseHeaders": {
        "Content-Length": [
          "947"
        ],
        "Content-Type": [
          "application/json; charset=utf-8"
        ],
        "Expires": [
          "-1"
        ],
        "Pragma": [
          "no-cache"
        ],
        "Retry-After": [
          "10"
        ],
        "x-ms-request-id": [
          "3a3b83cb-de17-48d9-9081-afe0a739ef55"
        ],
        "Azure-AsyncOperation": [
          "https://management.azure.com/subscriptions/9532a63e-f2eb-4649-bb23-5ed01077ce80/providers/Microsoft.Network/locations/westus/operations/3a3b83cb-de17-48d9-9081-afe0a739ef55?api-version=2015-06-15"
        ],
        "Strict-Transport-Security": [
          "max-age=31536000; includeSubDomains"
        ],
        "Cache-Control": [
          "no-cache"
        ],
        "Server": [
          "Microsoft-HTTPAPI/2.0",
          "Microsoft-HTTPAPI/2.0"
        ],
        "x-ms-ratelimit-remaining-subscription-writes": [
          "1193"
        ],
        "x-ms-correlation-request-id": [
          "d9f0407c-7789-4358-8a4f-0696feeb588c"
        ],
        "x-ms-routing-request-id": [
          "WESTUS:20151124T203645Z:d9f0407c-7789-4358-8a4f-0696feeb588c"
        ],
        "Date": [
          "Tue, 24 Nov 2015 20:36:44 GMT"
        ]
      },
      "StatusCode": 201
    },
    {
      "RequestUri": "/subscriptions/9532a63e-f2eb-4649-bb23-5ed01077ce80/providers/Microsoft.Network/locations/westus/operations/3a3b83cb-de17-48d9-9081-afe0a739ef55?api-version=2015-06-15",
      "EncodedRequestUri": "L3N1YnNjcmlwdGlvbnMvOTUzMmE2M2UtZjJlYi00NjQ5LWJiMjMtNWVkMDEwNzdjZTgwL3Byb3ZpZGVycy9NaWNyb3NvZnQuTmV0d29yay9sb2NhdGlvbnMvd2VzdHVzL29wZXJhdGlvbnMvM2EzYjgzY2ItZGUxNy00OGQ5LTkwODEtYWZlMGE3MzllZjU1P2FwaS12ZXJzaW9uPTIwMTUtMDYtMTU=",
      "RequestMethod": "GET",
      "RequestBody": "",
      "RequestHeaders": {
        "User-Agent": [
          "Microsoft.Azure.Management.Network.NetworkManagementClient/3.0.0.0"
        ]
      },
      "ResponseBody": "{\r\n  \"status\": \"Succeeded\"\r\n}",
      "ResponseHeaders": {
        "Content-Length": [
          "29"
        ],
        "Content-Type": [
          "application/json; charset=utf-8"
        ],
        "Expires": [
          "-1"
        ],
        "Pragma": [
          "no-cache"
        ],
        "x-ms-request-id": [
          "a3f195a9-15cf-4673-8714-86f8777a0006"
        ],
        "Strict-Transport-Security": [
          "max-age=31536000; includeSubDomains"
        ],
        "Cache-Control": [
          "no-cache"
        ],
        "Server": [
          "Microsoft-HTTPAPI/2.0",
          "Microsoft-HTTPAPI/2.0"
        ],
        "x-ms-ratelimit-remaining-subscription-reads": [
          "14972"
        ],
        "x-ms-correlation-request-id": [
          "bc8d685e-0356-467e-9f1e-53db5bd75501"
        ],
        "x-ms-routing-request-id": [
          "WESTUS:20151124T203655Z:bc8d685e-0356-467e-9f1e-53db5bd75501"
        ],
        "Date": [
          "Tue, 24 Nov 2015 20:36:54 GMT"
        ]
      },
      "StatusCode": 200
    },
    {
      "RequestUri": "/subscriptions/9532a63e-f2eb-4649-bb23-5ed01077ce80/resourceGroups/onesdk4365/providers/Microsoft.Network/publicIPAddresses/onesdk2031?api-version=2015-06-15",
      "EncodedRequestUri": "L3N1YnNjcmlwdGlvbnMvOTUzMmE2M2UtZjJlYi00NjQ5LWJiMjMtNWVkMDEwNzdjZTgwL3Jlc291cmNlR3JvdXBzL29uZXNkazQzNjUvcHJvdmlkZXJzL01pY3Jvc29mdC5OZXR3b3JrL3B1YmxpY0lQQWRkcmVzc2VzL29uZXNkazIwMzE/YXBpLXZlcnNpb249MjAxNS0wNi0xNQ==",
      "RequestMethod": "GET",
      "RequestBody": "",
      "RequestHeaders": {
        "x-ms-client-request-id": [
          "0cbc30f9-fe27-42c0-b5fc-d0d845c50119"
        ],
        "accept-language": [
          "en-US"
        ],
        "User-Agent": [
          "Microsoft.Azure.Management.Network.NetworkManagementClient/3.0.0.0"
        ]
      },
      "ResponseBody": "{\r\n  \"error\": {\r\n    \"code\": \"ResourceNotFound\",\r\n    \"message\": \"The Resource 'Microsoft.Network/publicIPAddresses/onesdk2031' under resource group 'onesdk4365' was not found.\"\r\n  }\r\n}",
      "ResponseHeaders": {
        "Content-Length": [
          "160"
        ],
        "Content-Type": [
          "application/json; charset=utf-8"
        ],
        "Expires": [
          "-1"
        ],
        "Pragma": [
          "no-cache"
        ],
        "x-ms-failure-cause": [
          "gateway"
        ],
        "x-ms-request-id": [
          "4954973d-a012-4670-9ae8-6f6430cbfd89"
        ],
        "x-ms-correlation-request-id": [
          "4954973d-a012-4670-9ae8-6f6430cbfd89"
        ],
        "x-ms-routing-request-id": [
          "WESTUS:20151124T203655Z:4954973d-a012-4670-9ae8-6f6430cbfd89"
        ],
        "Strict-Transport-Security": [
          "max-age=31536000; includeSubDomains"
        ],
        "Cache-Control": [
          "no-cache"
        ],
        "Date": [
          "Tue, 24 Nov 2015 20:36:54 GMT"
        ]
      },
      "StatusCode": 404
    },
    {
      "RequestUri": "/subscriptions/9532a63e-f2eb-4649-bb23-5ed01077ce80/resourceGroups/onesdk4365/providers/Microsoft.Network/publicIPAddresses/onesdk2031?api-version=2015-06-15",
      "EncodedRequestUri": "L3N1YnNjcmlwdGlvbnMvOTUzMmE2M2UtZjJlYi00NjQ5LWJiMjMtNWVkMDEwNzdjZTgwL3Jlc291cmNlR3JvdXBzL29uZXNkazQzNjUvcHJvdmlkZXJzL01pY3Jvc29mdC5OZXR3b3JrL3B1YmxpY0lQQWRkcmVzc2VzL29uZXNkazIwMzE/YXBpLXZlcnNpb249MjAxNS0wNi0xNQ==",
      "RequestMethod": "GET",
      "RequestBody": "",
      "RequestHeaders": {
        "User-Agent": [
          "Microsoft.Azure.Management.Network.NetworkManagementClient/3.0.0.0"
        ]
      },
      "ResponseBody": "{\r\n  \"name\": \"onesdk2031\",\r\n  \"id\": \"/subscriptions/9532a63e-f2eb-4649-bb23-5ed01077ce80/resourceGroups/onesdk4365/providers/Microsoft.Network/publicIPAddresses/onesdk2031\",\r\n  \"etag\": \"W/\\\"17faa8ce-9acf-469c-9576-30d729eb6434\\\"\",\r\n  \"type\": \"Microsoft.Network/publicIPAddresses\",\r\n  \"location\": \"westus\",\r\n  \"properties\": {\r\n    \"provisioningState\": \"Succeeded\",\r\n    \"resourceGuid\": \"0790dc06-b989-43cd-819c-59e18809ba42\",\r\n    \"publicIPAllocationMethod\": \"Dynamic\",\r\n    \"idleTimeoutInMinutes\": 4,\r\n    \"dnsSettings\": {\r\n      \"domainNameLabel\": \"onesdk9737\",\r\n      \"fqdn\": \"onesdk9737.westus.cloudapp.azure.com\"\r\n    }\r\n  }\r\n}",
      "ResponseHeaders": {
        "Content-Length": [
          "631"
        ],
        "Content-Type": [
          "application/json; charset=utf-8"
        ],
        "Expires": [
          "-1"
        ],
        "Pragma": [
          "no-cache"
        ],
        "x-ms-request-id": [
          "e4813ae6-19cb-4710-9d98-00f511acb0a6"
        ],
        "Strict-Transport-Security": [
          "max-age=31536000; includeSubDomains"
        ],
        "Cache-Control": [
          "no-cache"
        ],
        "ETag": [
          "W/\"17faa8ce-9acf-469c-9576-30d729eb6434\""
        ],
        "Server": [
          "Microsoft-HTTPAPI/2.0",
          "Microsoft-HTTPAPI/2.0"
        ],
        "x-ms-ratelimit-remaining-subscription-reads": [
          "14967"
        ],
        "x-ms-correlation-request-id": [
          "15f19d55-efab-4eaa-96c3-66b6f34dbfd2"
        ],
        "x-ms-routing-request-id": [
          "WESTUS:20151124T203706Z:15f19d55-efab-4eaa-96c3-66b6f34dbfd2"
        ],
        "Date": [
          "Tue, 24 Nov 2015 20:37:06 GMT"
        ]
      },
      "StatusCode": 200
    },
    {
      "RequestUri": "/subscriptions/9532a63e-f2eb-4649-bb23-5ed01077ce80/resourceGroups/onesdk4365/providers/Microsoft.Network/publicIPAddresses/onesdk2031?api-version=2015-06-15",
      "EncodedRequestUri": "L3N1YnNjcmlwdGlvbnMvOTUzMmE2M2UtZjJlYi00NjQ5LWJiMjMtNWVkMDEwNzdjZTgwL3Jlc291cmNlR3JvdXBzL29uZXNkazQzNjUvcHJvdmlkZXJzL01pY3Jvc29mdC5OZXR3b3JrL3B1YmxpY0lQQWRkcmVzc2VzL29uZXNkazIwMzE/YXBpLXZlcnNpb249MjAxNS0wNi0xNQ==",
      "RequestMethod": "GET",
      "RequestBody": "",
      "RequestHeaders": {
        "x-ms-client-request-id": [
          "0ba760c7-49b1-4e2c-963a-2ab14f5ceb25"
        ],
        "accept-language": [
          "en-US"
        ],
        "User-Agent": [
          "Microsoft.Azure.Management.Network.NetworkManagementClient/3.0.0.0"
        ]
      },
      "ResponseBody": "{\r\n  \"name\": \"onesdk2031\",\r\n  \"id\": \"/subscriptions/9532a63e-f2eb-4649-bb23-5ed01077ce80/resourceGroups/onesdk4365/providers/Microsoft.Network/publicIPAddresses/onesdk2031\",\r\n  \"etag\": \"W/\\\"17faa8ce-9acf-469c-9576-30d729eb6434\\\"\",\r\n  \"type\": \"Microsoft.Network/publicIPAddresses\",\r\n  \"location\": \"westus\",\r\n  \"properties\": {\r\n    \"provisioningState\": \"Succeeded\",\r\n    \"resourceGuid\": \"0790dc06-b989-43cd-819c-59e18809ba42\",\r\n    \"publicIPAllocationMethod\": \"Dynamic\",\r\n    \"idleTimeoutInMinutes\": 4,\r\n    \"dnsSettings\": {\r\n      \"domainNameLabel\": \"onesdk9737\",\r\n      \"fqdn\": \"onesdk9737.westus.cloudapp.azure.com\"\r\n    }\r\n  }\r\n}",
      "ResponseHeaders": {
        "Content-Length": [
          "631"
        ],
        "Content-Type": [
          "application/json; charset=utf-8"
        ],
        "Expires": [
          "-1"
        ],
        "Pragma": [
          "no-cache"
        ],
        "x-ms-request-id": [
          "deb4bccc-4e89-4bab-b553-476714199b61"
        ],
        "Strict-Transport-Security": [
          "max-age=31536000; includeSubDomains"
        ],
        "Cache-Control": [
          "no-cache"
        ],
        "ETag": [
          "W/\"17faa8ce-9acf-469c-9576-30d729eb6434\""
        ],
        "Server": [
          "Microsoft-HTTPAPI/2.0",
          "Microsoft-HTTPAPI/2.0"
        ],
        "x-ms-ratelimit-remaining-subscription-reads": [
          "14966"
        ],
        "x-ms-correlation-request-id": [
          "e2ff33bc-d79a-4682-ab49-cf8face504cd"
        ],
        "x-ms-routing-request-id": [
          "WESTUS:20151124T203706Z:e2ff33bc-d79a-4682-ab49-cf8face504cd"
        ],
        "Date": [
          "Tue, 24 Nov 2015 20:37:06 GMT"
        ]
      },
      "StatusCode": 200
    },
    {
      "RequestUri": "/subscriptions/9532a63e-f2eb-4649-bb23-5ed01077ce80/resourceGroups/onesdk4365/providers/Microsoft.Network/publicIPAddresses/onesdk2031?api-version=2015-06-15",
      "EncodedRequestUri": "L3N1YnNjcmlwdGlvbnMvOTUzMmE2M2UtZjJlYi00NjQ5LWJiMjMtNWVkMDEwNzdjZTgwL3Jlc291cmNlR3JvdXBzL29uZXNkazQzNjUvcHJvdmlkZXJzL01pY3Jvc29mdC5OZXR3b3JrL3B1YmxpY0lQQWRkcmVzc2VzL29uZXNkazIwMzE/YXBpLXZlcnNpb249MjAxNS0wNi0xNQ==",
      "RequestMethod": "PUT",
      "RequestBody": "{\r\n  \"location\": \"West US\",\r\n  \"properties\": {\r\n    \"publicIPAllocationMethod\": \"Dynamic\",\r\n    \"dnsSettings\": {\r\n      \"domainNameLabel\": \"onesdk9737\"\r\n    }\r\n  }\r\n}",
      "RequestHeaders": {
        "Content-Type": [
          "application/json; charset=utf-8"
        ],
        "Content-Length": [
          "166"
        ],
        "x-ms-client-request-id": [
          "4a387883-239e-467d-9fae-74d45d088b89"
        ],
        "accept-language": [
          "en-US"
        ],
        "User-Agent": [
          "Microsoft.Azure.Management.Network.NetworkManagementClient/3.0.0.0"
        ]
      },
      "ResponseBody": "{\r\n  \"name\": \"onesdk2031\",\r\n  \"id\": \"/subscriptions/9532a63e-f2eb-4649-bb23-5ed01077ce80/resourceGroups/onesdk4365/providers/Microsoft.Network/publicIPAddresses/onesdk2031\",\r\n  \"etag\": \"W/\\\"76e9c102-4adc-497b-b58b-6c66653a1234\\\"\",\r\n  \"type\": \"Microsoft.Network/publicIPAddresses\",\r\n  \"location\": \"westus\",\r\n  \"properties\": {\r\n    \"provisioningState\": \"Updating\",\r\n    \"resourceGuid\": \"0790dc06-b989-43cd-819c-59e18809ba42\",\r\n    \"publicIPAllocationMethod\": \"Dynamic\",\r\n    \"idleTimeoutInMinutes\": 4,\r\n    \"dnsSettings\": {\r\n      \"domainNameLabel\": \"onesdk9737\",\r\n      \"fqdn\": \"onesdk9737.westus.cloudapp.azure.com\"\r\n    }\r\n  }\r\n}",
      "ResponseHeaders": {
        "Content-Length": [
          "630"
        ],
        "Content-Type": [
          "application/json; charset=utf-8"
        ],
        "Expires": [
          "-1"
        ],
        "Pragma": [
          "no-cache"
        ],
        "Retry-After": [
          "10"
        ],
        "x-ms-request-id": [
          "4854856b-8b58-4810-ae12-9263c957f1db"
        ],
        "Azure-AsyncOperation": [
          "https://management.azure.com/subscriptions/9532a63e-f2eb-4649-bb23-5ed01077ce80/providers/Microsoft.Network/locations/westus/operations/4854856b-8b58-4810-ae12-9263c957f1db?api-version=2015-06-15"
        ],
        "Strict-Transport-Security": [
          "max-age=31536000; includeSubDomains"
        ],
        "Cache-Control": [
          "no-cache"
        ],
        "Server": [
          "Microsoft-HTTPAPI/2.0",
          "Microsoft-HTTPAPI/2.0"
        ],
        "x-ms-ratelimit-remaining-subscription-writes": [
          "1192"
        ],
        "x-ms-correlation-request-id": [
          "52e09042-94bc-4e64-b743-a120bf9bdbfa"
        ],
        "x-ms-routing-request-id": [
          "WESTUS:20151124T203656Z:52e09042-94bc-4e64-b743-a120bf9bdbfa"
        ],
        "Date": [
          "Tue, 24 Nov 2015 20:36:55 GMT"
        ]
      },
      "StatusCode": 201
    },
    {
      "RequestUri": "/subscriptions/9532a63e-f2eb-4649-bb23-5ed01077ce80/providers/Microsoft.Network/locations/westus/operations/4854856b-8b58-4810-ae12-9263c957f1db?api-version=2015-06-15",
      "EncodedRequestUri": "L3N1YnNjcmlwdGlvbnMvOTUzMmE2M2UtZjJlYi00NjQ5LWJiMjMtNWVkMDEwNzdjZTgwL3Byb3ZpZGVycy9NaWNyb3NvZnQuTmV0d29yay9sb2NhdGlvbnMvd2VzdHVzL29wZXJhdGlvbnMvNDg1NDg1NmItOGI1OC00ODEwLWFlMTItOTI2M2M5NTdmMWRiP2FwaS12ZXJzaW9uPTIwMTUtMDYtMTU=",
      "RequestMethod": "GET",
      "RequestBody": "",
      "RequestHeaders": {
        "User-Agent": [
          "Microsoft.Azure.Management.Network.NetworkManagementClient/3.0.0.0"
        ]
      },
      "ResponseBody": "{\r\n  \"status\": \"Succeeded\"\r\n}",
      "ResponseHeaders": {
        "Content-Length": [
          "29"
        ],
        "Content-Type": [
          "application/json; charset=utf-8"
        ],
        "Expires": [
          "-1"
        ],
        "Pragma": [
          "no-cache"
        ],
        "x-ms-request-id": [
          "a657d451-6a6c-4ecf-a87a-24d3086093ea"
        ],
        "Strict-Transport-Security": [
          "max-age=31536000; includeSubDomains"
        ],
        "Cache-Control": [
          "no-cache"
        ],
        "Server": [
          "Microsoft-HTTPAPI/2.0",
          "Microsoft-HTTPAPI/2.0"
        ],
        "x-ms-ratelimit-remaining-subscription-reads": [
          "14968"
        ],
        "x-ms-correlation-request-id": [
          "0b8f4c08-3538-4a13-bd64-ebd5a6fc231a"
        ],
        "x-ms-routing-request-id": [
          "WESTUS:20151124T203706Z:0b8f4c08-3538-4a13-bd64-ebd5a6fc231a"
        ],
        "Date": [
          "Tue, 24 Nov 2015 20:37:06 GMT"
        ]
      },
      "StatusCode": 200
    },
    {
      "RequestUri": "/subscriptions/9532a63e-f2eb-4649-bb23-5ed01077ce80/resourceGroups/onesdk4365/providers/Microsoft.Network/loadBalancers/onesdk2083?api-version=2015-06-15",
      "EncodedRequestUri": "L3N1YnNjcmlwdGlvbnMvOTUzMmE2M2UtZjJlYi00NjQ5LWJiMjMtNWVkMDEwNzdjZTgwL3Jlc291cmNlR3JvdXBzL29uZXNkazQzNjUvcHJvdmlkZXJzL01pY3Jvc29mdC5OZXR3b3JrL2xvYWRCYWxhbmNlcnMvb25lc2RrMjA4Mz9hcGktdmVyc2lvbj0yMDE1LTA2LTE1",
      "RequestMethod": "GET",
      "RequestBody": "",
      "RequestHeaders": {
        "x-ms-client-request-id": [
          "867078f6-02b7-4080-9d30-d715ead6287c"
        ],
        "accept-language": [
          "en-US"
        ],
        "User-Agent": [
          "Microsoft.Azure.Management.Network.NetworkManagementClient/3.0.0.0"
        ]
      },
      "ResponseBody": "{\r\n  \"error\": {\r\n    \"code\": \"ResourceNotFound\",\r\n    \"message\": \"The Resource 'Microsoft.Network/loadBalancers/onesdk2083' under resource group 'onesdk4365' was not found.\"\r\n  }\r\n}",
      "ResponseHeaders": {
        "Content-Length": [
          "156"
        ],
        "Content-Type": [
          "application/json; charset=utf-8"
        ],
        "Expires": [
          "-1"
        ],
        "Pragma": [
          "no-cache"
        ],
        "x-ms-failure-cause": [
          "gateway"
        ],
        "x-ms-request-id": [
          "811b356e-24ce-4fe6-bdfa-d95e5ef4fbd1"
        ],
        "x-ms-correlation-request-id": [
          "811b356e-24ce-4fe6-bdfa-d95e5ef4fbd1"
        ],
        "x-ms-routing-request-id": [
          "WESTUS:20151124T203706Z:811b356e-24ce-4fe6-bdfa-d95e5ef4fbd1"
        ],
        "Strict-Transport-Security": [
          "max-age=31536000; includeSubDomains"
        ],
        "Cache-Control": [
          "no-cache"
        ],
        "Date": [
          "Tue, 24 Nov 2015 20:37:06 GMT"
        ]
      },
      "StatusCode": 404
    },
    {
      "RequestUri": "/subscriptions/9532a63e-f2eb-4649-bb23-5ed01077ce80/resourceGroups/onesdk4365/providers/Microsoft.Network/loadBalancers/onesdk2083?api-version=2015-06-15",
      "EncodedRequestUri": "L3N1YnNjcmlwdGlvbnMvOTUzMmE2M2UtZjJlYi00NjQ5LWJiMjMtNWVkMDEwNzdjZTgwL3Jlc291cmNlR3JvdXBzL29uZXNkazQzNjUvcHJvdmlkZXJzL01pY3Jvc29mdC5OZXR3b3JrL2xvYWRCYWxhbmNlcnMvb25lc2RrMjA4Mz9hcGktdmVyc2lvbj0yMDE1LTA2LTE1",
      "RequestMethod": "GET",
      "RequestBody": "",
      "RequestHeaders": {
        "x-ms-client-request-id": [
          "221fde21-e975-44c4-ba16-e0239f108474"
        ],
        "accept-language": [
          "en-US"
        ],
        "User-Agent": [
          "Microsoft.Azure.Management.Network.NetworkManagementClient/3.0.0.0"
        ]
      },
      "ResponseBody": "{\r\n  \"name\": \"onesdk2083\",\r\n  \"id\": \"/subscriptions/9532a63e-f2eb-4649-bb23-5ed01077ce80/resourceGroups/onesdk4365/providers/Microsoft.Network/loadBalancers/onesdk2083\",\r\n  \"etag\": \"W/\\\"41fdd6b4-1cbd-4905-8ce5-6550addb06d5\\\"\",\r\n  \"type\": \"Microsoft.Network/loadBalancers\",\r\n  \"location\": \"westus\",\r\n  \"properties\": {\r\n    \"provisioningState\": \"Succeeded\",\r\n    \"resourceGuid\": \"1b57dfa3-7b84-4341-b346-4196524df804\",\r\n    \"frontendIPConfigurations\": [\r\n      {\r\n        \"name\": \"onesdk9065\",\r\n        \"id\": \"/subscriptions/9532a63e-f2eb-4649-bb23-5ed01077ce80/resourceGroups/onesdk4365/providers/Microsoft.Network/loadBalancers/onesdk2083/frontendIPConfigurations/onesdk9065\",\r\n        \"etag\": \"W/\\\"41fdd6b4-1cbd-4905-8ce5-6550addb06d5\\\"\",\r\n        \"properties\": {\r\n          \"provisioningState\": \"Succeeded\",\r\n          \"privateIPAllocationMethod\": \"Dynamic\",\r\n          \"publicIPAddress\": {\r\n            \"id\": \"/subscriptions/9532a63e-f2eb-4649-bb23-5ed01077ce80/resourceGroups/onesdk4365/providers/Microsoft.Network/publicIPAddresses/onesdk2031\"\r\n          },\r\n          \"loadBalancingRules\": [\r\n            {\r\n              \"id\": \"/subscriptions/9532a63e-f2eb-4649-bb23-5ed01077ce80/resourceGroups/onesdk4365/providers/Microsoft.Network/loadBalancers/onesdk2083/loadBalancingRules/onesdk6252\"\r\n            }\r\n          ],\r\n          \"inboundNatRules\": [\r\n            {\r\n              \"id\": \"/subscriptions/9532a63e-f2eb-4649-bb23-5ed01077ce80/resourceGroups/onesdk4365/providers/Microsoft.Network/loadBalancers/onesdk2083/inboundNatRules/onesdk5855\"\r\n            }\r\n          ]\r\n        }\r\n      }\r\n    ],\r\n    \"backendAddressPools\": [\r\n      {\r\n        \"name\": \"onesdk8500\",\r\n        \"id\": \"/subscriptions/9532a63e-f2eb-4649-bb23-5ed01077ce80/resourceGroups/onesdk4365/providers/Microsoft.Network/loadBalancers/onesdk2083/backendAddressPools/onesdk8500\",\r\n        \"etag\": \"W/\\\"41fdd6b4-1cbd-4905-8ce5-6550addb06d5\\\"\",\r\n        \"properties\": {\r\n          \"provisioningState\": \"Succeeded\",\r\n          \"loadBalancingRules\": [\r\n            {\r\n              \"id\": \"/subscriptions/9532a63e-f2eb-4649-bb23-5ed01077ce80/resourceGroups/onesdk4365/providers/Microsoft.Network/loadBalancers/onesdk2083/loadBalancingRules/onesdk6252\"\r\n            }\r\n          ]\r\n        }\r\n      }\r\n    ],\r\n    \"loadBalancingRules\": [\r\n      {\r\n        \"name\": \"onesdk6252\",\r\n        \"id\": \"/subscriptions/9532a63e-f2eb-4649-bb23-5ed01077ce80/resourceGroups/onesdk4365/providers/Microsoft.Network/loadBalancers/onesdk2083/loadBalancingRules/onesdk6252\",\r\n        \"etag\": \"W/\\\"41fdd6b4-1cbd-4905-8ce5-6550addb06d5\\\"\",\r\n        \"properties\": {\r\n          \"provisioningState\": \"Succeeded\",\r\n          \"frontendIPConfiguration\": {\r\n            \"id\": \"/subscriptions/9532a63e-f2eb-4649-bb23-5ed01077ce80/resourceGroups/onesdk4365/providers/Microsoft.Network/loadBalancers/onesdk2083/frontendIPConfigurations/onesdk9065\"\r\n          },\r\n          \"frontendPort\": 80,\r\n          \"backendPort\": 80,\r\n          \"enableFloatingIP\": true,\r\n          \"idleTimeoutInMinutes\": 15,\r\n          \"protocol\": \"Tcp\",\r\n          \"loadDistribution\": \"Default\",\r\n          \"backendAddressPool\": {\r\n            \"id\": \"/subscriptions/9532a63e-f2eb-4649-bb23-5ed01077ce80/resourceGroups/onesdk4365/providers/Microsoft.Network/loadBalancers/onesdk2083/backendAddressPools/onesdk8500\"\r\n          },\r\n          \"probe\": {\r\n            \"id\": \"/subscriptions/9532a63e-f2eb-4649-bb23-5ed01077ce80/resourceGroups/onesdk4365/providers/Microsoft.Network/loadBalancers/onesdk2083/probes/onesdk3081\"\r\n          }\r\n        }\r\n      }\r\n    ],\r\n    \"probes\": [\r\n      {\r\n        \"name\": \"onesdk3081\",\r\n        \"id\": \"/subscriptions/9532a63e-f2eb-4649-bb23-5ed01077ce80/resourceGroups/onesdk4365/providers/Microsoft.Network/loadBalancers/onesdk2083/probes/onesdk3081\",\r\n        \"etag\": \"W/\\\"41fdd6b4-1cbd-4905-8ce5-6550addb06d5\\\"\",\r\n        \"properties\": {\r\n          \"provisioningState\": \"Succeeded\",\r\n          \"protocol\": \"Http\",\r\n          \"port\": 80,\r\n          \"requestPath\": \"healthcheck.aspx\",\r\n          \"intervalInSeconds\": 15,\r\n          \"numberOfProbes\": 2,\r\n          \"loadBalancingRules\": [\r\n            {\r\n              \"id\": \"/subscriptions/9532a63e-f2eb-4649-bb23-5ed01077ce80/resourceGroups/onesdk4365/providers/Microsoft.Network/loadBalancers/onesdk2083/loadBalancingRules/onesdk6252\"\r\n            }\r\n          ]\r\n        }\r\n      }\r\n    ],\r\n    \"inboundNatRules\": [\r\n      {\r\n        \"name\": \"onesdk5855\",\r\n        \"id\": \"/subscriptions/9532a63e-f2eb-4649-bb23-5ed01077ce80/resourceGroups/onesdk4365/providers/Microsoft.Network/loadBalancers/onesdk2083/inboundNatRules/onesdk5855\",\r\n        \"etag\": \"W/\\\"41fdd6b4-1cbd-4905-8ce5-6550addb06d5\\\"\",\r\n        \"properties\": {\r\n          \"provisioningState\": \"Succeeded\",\r\n          \"frontendIPConfiguration\": {\r\n            \"id\": \"/subscriptions/9532a63e-f2eb-4649-bb23-5ed01077ce80/resourceGroups/onesdk4365/providers/Microsoft.Network/loadBalancers/onesdk2083/frontendIPConfigurations/onesdk9065\"\r\n          },\r\n          \"frontendPort\": 3389,\r\n          \"backendPort\": 3389,\r\n          \"enableFloatingIP\": true,\r\n          \"idleTimeoutInMinutes\": 15,\r\n          \"protocol\": \"Tcp\"\r\n        }\r\n      }\r\n    ],\r\n    \"outboundNatRules\": [],\r\n    \"inboundNatPools\": []\r\n  }\r\n}",
      "ResponseHeaders": {
        "Content-Length": [
          "5273"
        ],
        "Content-Type": [
          "application/json; charset=utf-8"
        ],
        "Expires": [
          "-1"
        ],
        "Pragma": [
          "no-cache"
        ],
        "x-ms-request-id": [
          "6770b6d1-9ddc-4a86-9486-0523af0a258c"
        ],
        "Strict-Transport-Security": [
          "max-age=31536000; includeSubDomains"
        ],
        "Cache-Control": [
          "no-cache"
        ],
        "ETag": [
          "W/\"41fdd6b4-1cbd-4905-8ce5-6550addb06d5\""
        ],
        "Server": [
          "Microsoft-HTTPAPI/2.0",
          "Microsoft-HTTPAPI/2.0"
        ],
        "x-ms-ratelimit-remaining-subscription-reads": [
          "14964"
        ],
        "x-ms-correlation-request-id": [
          "6784e096-8022-42e5-8578-c426c511d98b"
        ],
        "x-ms-routing-request-id": [
          "WESTUS:20151124T203707Z:6784e096-8022-42e5-8578-c426c511d98b"
        ],
        "Date": [
          "Tue, 24 Nov 2015 20:37:07 GMT"
        ]
      },
      "StatusCode": 200
    },
    {
      "RequestUri": "/subscriptions/9532a63e-f2eb-4649-bb23-5ed01077ce80/resourceGroups/onesdk4365/providers/Microsoft.Network/loadBalancers/onesdk2083?api-version=2015-06-15",
      "EncodedRequestUri": "L3N1YnNjcmlwdGlvbnMvOTUzMmE2M2UtZjJlYi00NjQ5LWJiMjMtNWVkMDEwNzdjZTgwL3Jlc291cmNlR3JvdXBzL29uZXNkazQzNjUvcHJvdmlkZXJzL01pY3Jvc29mdC5OZXR3b3JrL2xvYWRCYWxhbmNlcnMvb25lc2RrMjA4Mz9hcGktdmVyc2lvbj0yMDE1LTA2LTE1",
      "RequestMethod": "GET",
      "RequestBody": "",
      "RequestHeaders": {
        "x-ms-client-request-id": [
          "2ba1a049-df28-493e-ab4b-f4ac96887761"
        ],
        "accept-language": [
          "en-US"
        ],
        "User-Agent": [
          "Microsoft.Azure.Management.Network.NetworkManagementClient/3.0.0.0"
        ]
      },
      "ResponseBody": "{\r\n  \"name\": \"onesdk2083\",\r\n  \"id\": \"/subscriptions/9532a63e-f2eb-4649-bb23-5ed01077ce80/resourceGroups/onesdk4365/providers/Microsoft.Network/loadBalancers/onesdk2083\",\r\n  \"etag\": \"W/\\\"41fdd6b4-1cbd-4905-8ce5-6550addb06d5\\\"\",\r\n  \"type\": \"Microsoft.Network/loadBalancers\",\r\n  \"location\": \"westus\",\r\n  \"properties\": {\r\n    \"provisioningState\": \"Succeeded\",\r\n    \"resourceGuid\": \"1b57dfa3-7b84-4341-b346-4196524df804\",\r\n    \"frontendIPConfigurations\": [\r\n      {\r\n        \"name\": \"onesdk9065\",\r\n        \"id\": \"/subscriptions/9532a63e-f2eb-4649-bb23-5ed01077ce80/resourceGroups/onesdk4365/providers/Microsoft.Network/loadBalancers/onesdk2083/frontendIPConfigurations/onesdk9065\",\r\n        \"etag\": \"W/\\\"41fdd6b4-1cbd-4905-8ce5-6550addb06d5\\\"\",\r\n        \"properties\": {\r\n          \"provisioningState\": \"Succeeded\",\r\n          \"privateIPAllocationMethod\": \"Dynamic\",\r\n          \"publicIPAddress\": {\r\n            \"id\": \"/subscriptions/9532a63e-f2eb-4649-bb23-5ed01077ce80/resourceGroups/onesdk4365/providers/Microsoft.Network/publicIPAddresses/onesdk2031\"\r\n          },\r\n          \"loadBalancingRules\": [\r\n            {\r\n              \"id\": \"/subscriptions/9532a63e-f2eb-4649-bb23-5ed01077ce80/resourceGroups/onesdk4365/providers/Microsoft.Network/loadBalancers/onesdk2083/loadBalancingRules/onesdk6252\"\r\n            }\r\n          ],\r\n          \"inboundNatRules\": [\r\n            {\r\n              \"id\": \"/subscriptions/9532a63e-f2eb-4649-bb23-5ed01077ce80/resourceGroups/onesdk4365/providers/Microsoft.Network/loadBalancers/onesdk2083/inboundNatRules/onesdk5855\"\r\n            }\r\n          ]\r\n        }\r\n      }\r\n    ],\r\n    \"backendAddressPools\": [\r\n      {\r\n        \"name\": \"onesdk8500\",\r\n        \"id\": \"/subscriptions/9532a63e-f2eb-4649-bb23-5ed01077ce80/resourceGroups/onesdk4365/providers/Microsoft.Network/loadBalancers/onesdk2083/backendAddressPools/onesdk8500\",\r\n        \"etag\": \"W/\\\"41fdd6b4-1cbd-4905-8ce5-6550addb06d5\\\"\",\r\n        \"properties\": {\r\n          \"provisioningState\": \"Succeeded\",\r\n          \"loadBalancingRules\": [\r\n            {\r\n              \"id\": \"/subscriptions/9532a63e-f2eb-4649-bb23-5ed01077ce80/resourceGroups/onesdk4365/providers/Microsoft.Network/loadBalancers/onesdk2083/loadBalancingRules/onesdk6252\"\r\n            }\r\n          ]\r\n        }\r\n      }\r\n    ],\r\n    \"loadBalancingRules\": [\r\n      {\r\n        \"name\": \"onesdk6252\",\r\n        \"id\": \"/subscriptions/9532a63e-f2eb-4649-bb23-5ed01077ce80/resourceGroups/onesdk4365/providers/Microsoft.Network/loadBalancers/onesdk2083/loadBalancingRules/onesdk6252\",\r\n        \"etag\": \"W/\\\"41fdd6b4-1cbd-4905-8ce5-6550addb06d5\\\"\",\r\n        \"properties\": {\r\n          \"provisioningState\": \"Succeeded\",\r\n          \"frontendIPConfiguration\": {\r\n            \"id\": \"/subscriptions/9532a63e-f2eb-4649-bb23-5ed01077ce80/resourceGroups/onesdk4365/providers/Microsoft.Network/loadBalancers/onesdk2083/frontendIPConfigurations/onesdk9065\"\r\n          },\r\n          \"frontendPort\": 80,\r\n          \"backendPort\": 80,\r\n          \"enableFloatingIP\": true,\r\n          \"idleTimeoutInMinutes\": 15,\r\n          \"protocol\": \"Tcp\",\r\n          \"loadDistribution\": \"Default\",\r\n          \"backendAddressPool\": {\r\n            \"id\": \"/subscriptions/9532a63e-f2eb-4649-bb23-5ed01077ce80/resourceGroups/onesdk4365/providers/Microsoft.Network/loadBalancers/onesdk2083/backendAddressPools/onesdk8500\"\r\n          },\r\n          \"probe\": {\r\n            \"id\": \"/subscriptions/9532a63e-f2eb-4649-bb23-5ed01077ce80/resourceGroups/onesdk4365/providers/Microsoft.Network/loadBalancers/onesdk2083/probes/onesdk3081\"\r\n          }\r\n        }\r\n      }\r\n    ],\r\n    \"probes\": [\r\n      {\r\n        \"name\": \"onesdk3081\",\r\n        \"id\": \"/subscriptions/9532a63e-f2eb-4649-bb23-5ed01077ce80/resourceGroups/onesdk4365/providers/Microsoft.Network/loadBalancers/onesdk2083/probes/onesdk3081\",\r\n        \"etag\": \"W/\\\"41fdd6b4-1cbd-4905-8ce5-6550addb06d5\\\"\",\r\n        \"properties\": {\r\n          \"provisioningState\": \"Succeeded\",\r\n          \"protocol\": \"Http\",\r\n          \"port\": 80,\r\n          \"requestPath\": \"healthcheck.aspx\",\r\n          \"intervalInSeconds\": 15,\r\n          \"numberOfProbes\": 2,\r\n          \"loadBalancingRules\": [\r\n            {\r\n              \"id\": \"/subscriptions/9532a63e-f2eb-4649-bb23-5ed01077ce80/resourceGroups/onesdk4365/providers/Microsoft.Network/loadBalancers/onesdk2083/loadBalancingRules/onesdk6252\"\r\n            }\r\n          ]\r\n        }\r\n      }\r\n    ],\r\n    \"inboundNatRules\": [\r\n      {\r\n        \"name\": \"onesdk5855\",\r\n        \"id\": \"/subscriptions/9532a63e-f2eb-4649-bb23-5ed01077ce80/resourceGroups/onesdk4365/providers/Microsoft.Network/loadBalancers/onesdk2083/inboundNatRules/onesdk5855\",\r\n        \"etag\": \"W/\\\"41fdd6b4-1cbd-4905-8ce5-6550addb06d5\\\"\",\r\n        \"properties\": {\r\n          \"provisioningState\": \"Succeeded\",\r\n          \"frontendIPConfiguration\": {\r\n            \"id\": \"/subscriptions/9532a63e-f2eb-4649-bb23-5ed01077ce80/resourceGroups/onesdk4365/providers/Microsoft.Network/loadBalancers/onesdk2083/frontendIPConfigurations/onesdk9065\"\r\n          },\r\n          \"frontendPort\": 3389,\r\n          \"backendPort\": 3389,\r\n          \"enableFloatingIP\": true,\r\n          \"idleTimeoutInMinutes\": 15,\r\n          \"protocol\": \"Tcp\"\r\n        }\r\n      }\r\n    ],\r\n    \"outboundNatRules\": [],\r\n    \"inboundNatPools\": []\r\n  }\r\n}",
      "ResponseHeaders": {
        "Content-Length": [
          "5273"
        ],
        "Content-Type": [
          "application/json; charset=utf-8"
        ],
        "Expires": [
          "-1"
        ],
        "Pragma": [
          "no-cache"
        ],
        "x-ms-request-id": [
          "aa85d220-12f6-4241-b4f7-df0322360091"
        ],
        "Strict-Transport-Security": [
          "max-age=31536000; includeSubDomains"
        ],
        "Cache-Control": [
          "no-cache"
        ],
        "ETag": [
          "W/\"41fdd6b4-1cbd-4905-8ce5-6550addb06d5\""
        ],
        "Server": [
          "Microsoft-HTTPAPI/2.0",
          "Microsoft-HTTPAPI/2.0"
        ],
        "x-ms-ratelimit-remaining-subscription-reads": [
          "14963"
        ],
        "x-ms-correlation-request-id": [
          "64c9b0c4-170e-471b-a0d2-1adb35ce77fa"
        ],
        "x-ms-routing-request-id": [
          "WESTUS:20151124T203707Z:64c9b0c4-170e-471b-a0d2-1adb35ce77fa"
        ],
        "Date": [
          "Tue, 24 Nov 2015 20:37:07 GMT"
        ]
      },
      "StatusCode": 200
    },
    {
      "RequestUri": "/subscriptions/9532a63e-f2eb-4649-bb23-5ed01077ce80/resourceGroups/onesdk4365/providers/Microsoft.Network/loadBalancers/onesdk2083?api-version=2015-06-15",
      "EncodedRequestUri": "L3N1YnNjcmlwdGlvbnMvOTUzMmE2M2UtZjJlYi00NjQ5LWJiMjMtNWVkMDEwNzdjZTgwL3Jlc291cmNlR3JvdXBzL29uZXNkazQzNjUvcHJvdmlkZXJzL01pY3Jvc29mdC5OZXR3b3JrL2xvYWRCYWxhbmNlcnMvb25lc2RrMjA4Mz9hcGktdmVyc2lvbj0yMDE1LTA2LTE1",
      "RequestMethod": "GET",
      "RequestBody": "",
      "RequestHeaders": {
        "x-ms-client-request-id": [
          "2ba1a049-df28-493e-ab4b-f4ac96887761"
        ],
        "accept-language": [
          "en-US"
        ],
        "User-Agent": [
          "Microsoft.Azure.Management.Network.NetworkManagementClient/3.0.0.0"
        ]
      },
      "ResponseBody": "{\r\n  \"name\": \"onesdk2083\",\r\n  \"id\": \"/subscriptions/9532a63e-f2eb-4649-bb23-5ed01077ce80/resourceGroups/onesdk4365/providers/Microsoft.Network/loadBalancers/onesdk2083\",\r\n  \"etag\": \"W/\\\"41fdd6b4-1cbd-4905-8ce5-6550addb06d5\\\"\",\r\n  \"type\": \"Microsoft.Network/loadBalancers\",\r\n  \"location\": \"westus\",\r\n  \"properties\": {\r\n    \"provisioningState\": \"Succeeded\",\r\n    \"resourceGuid\": \"1b57dfa3-7b84-4341-b346-4196524df804\",\r\n    \"frontendIPConfigurations\": [\r\n      {\r\n        \"name\": \"onesdk9065\",\r\n        \"id\": \"/subscriptions/9532a63e-f2eb-4649-bb23-5ed01077ce80/resourceGroups/onesdk4365/providers/Microsoft.Network/loadBalancers/onesdk2083/frontendIPConfigurations/onesdk9065\",\r\n        \"etag\": \"W/\\\"41fdd6b4-1cbd-4905-8ce5-6550addb06d5\\\"\",\r\n        \"properties\": {\r\n          \"provisioningState\": \"Succeeded\",\r\n          \"privateIPAllocationMethod\": \"Dynamic\",\r\n          \"publicIPAddress\": {\r\n            \"id\": \"/subscriptions/9532a63e-f2eb-4649-bb23-5ed01077ce80/resourceGroups/onesdk4365/providers/Microsoft.Network/publicIPAddresses/onesdk2031\"\r\n          },\r\n          \"loadBalancingRules\": [\r\n            {\r\n              \"id\": \"/subscriptions/9532a63e-f2eb-4649-bb23-5ed01077ce80/resourceGroups/onesdk4365/providers/Microsoft.Network/loadBalancers/onesdk2083/loadBalancingRules/onesdk6252\"\r\n            }\r\n          ],\r\n          \"inboundNatRules\": [\r\n            {\r\n              \"id\": \"/subscriptions/9532a63e-f2eb-4649-bb23-5ed01077ce80/resourceGroups/onesdk4365/providers/Microsoft.Network/loadBalancers/onesdk2083/inboundNatRules/onesdk5855\"\r\n            }\r\n          ]\r\n        }\r\n      }\r\n    ],\r\n    \"backendAddressPools\": [\r\n      {\r\n        \"name\": \"onesdk8500\",\r\n        \"id\": \"/subscriptions/9532a63e-f2eb-4649-bb23-5ed01077ce80/resourceGroups/onesdk4365/providers/Microsoft.Network/loadBalancers/onesdk2083/backendAddressPools/onesdk8500\",\r\n        \"etag\": \"W/\\\"41fdd6b4-1cbd-4905-8ce5-6550addb06d5\\\"\",\r\n        \"properties\": {\r\n          \"provisioningState\": \"Succeeded\",\r\n          \"loadBalancingRules\": [\r\n            {\r\n              \"id\": \"/subscriptions/9532a63e-f2eb-4649-bb23-5ed01077ce80/resourceGroups/onesdk4365/providers/Microsoft.Network/loadBalancers/onesdk2083/loadBalancingRules/onesdk6252\"\r\n            }\r\n          ]\r\n        }\r\n      }\r\n    ],\r\n    \"loadBalancingRules\": [\r\n      {\r\n        \"name\": \"onesdk6252\",\r\n        \"id\": \"/subscriptions/9532a63e-f2eb-4649-bb23-5ed01077ce80/resourceGroups/onesdk4365/providers/Microsoft.Network/loadBalancers/onesdk2083/loadBalancingRules/onesdk6252\",\r\n        \"etag\": \"W/\\\"41fdd6b4-1cbd-4905-8ce5-6550addb06d5\\\"\",\r\n        \"properties\": {\r\n          \"provisioningState\": \"Succeeded\",\r\n          \"frontendIPConfiguration\": {\r\n            \"id\": \"/subscriptions/9532a63e-f2eb-4649-bb23-5ed01077ce80/resourceGroups/onesdk4365/providers/Microsoft.Network/loadBalancers/onesdk2083/frontendIPConfigurations/onesdk9065\"\r\n          },\r\n          \"frontendPort\": 80,\r\n          \"backendPort\": 80,\r\n          \"enableFloatingIP\": true,\r\n          \"idleTimeoutInMinutes\": 15,\r\n          \"protocol\": \"Tcp\",\r\n          \"loadDistribution\": \"Default\",\r\n          \"backendAddressPool\": {\r\n            \"id\": \"/subscriptions/9532a63e-f2eb-4649-bb23-5ed01077ce80/resourceGroups/onesdk4365/providers/Microsoft.Network/loadBalancers/onesdk2083/backendAddressPools/onesdk8500\"\r\n          },\r\n          \"probe\": {\r\n            \"id\": \"/subscriptions/9532a63e-f2eb-4649-bb23-5ed01077ce80/resourceGroups/onesdk4365/providers/Microsoft.Network/loadBalancers/onesdk2083/probes/onesdk3081\"\r\n          }\r\n        }\r\n      }\r\n    ],\r\n    \"probes\": [\r\n      {\r\n        \"name\": \"onesdk3081\",\r\n        \"id\": \"/subscriptions/9532a63e-f2eb-4649-bb23-5ed01077ce80/resourceGroups/onesdk4365/providers/Microsoft.Network/loadBalancers/onesdk2083/probes/onesdk3081\",\r\n        \"etag\": \"W/\\\"41fdd6b4-1cbd-4905-8ce5-6550addb06d5\\\"\",\r\n        \"properties\": {\r\n          \"provisioningState\": \"Succeeded\",\r\n          \"protocol\": \"Http\",\r\n          \"port\": 80,\r\n          \"requestPath\": \"healthcheck.aspx\",\r\n          \"intervalInSeconds\": 15,\r\n          \"numberOfProbes\": 2,\r\n          \"loadBalancingRules\": [\r\n            {\r\n              \"id\": \"/subscriptions/9532a63e-f2eb-4649-bb23-5ed01077ce80/resourceGroups/onesdk4365/providers/Microsoft.Network/loadBalancers/onesdk2083/loadBalancingRules/onesdk6252\"\r\n            }\r\n          ]\r\n        }\r\n      }\r\n    ],\r\n    \"inboundNatRules\": [\r\n      {\r\n        \"name\": \"onesdk5855\",\r\n        \"id\": \"/subscriptions/9532a63e-f2eb-4649-bb23-5ed01077ce80/resourceGroups/onesdk4365/providers/Microsoft.Network/loadBalancers/onesdk2083/inboundNatRules/onesdk5855\",\r\n        \"etag\": \"W/\\\"41fdd6b4-1cbd-4905-8ce5-6550addb06d5\\\"\",\r\n        \"properties\": {\r\n          \"provisioningState\": \"Succeeded\",\r\n          \"frontendIPConfiguration\": {\r\n            \"id\": \"/subscriptions/9532a63e-f2eb-4649-bb23-5ed01077ce80/resourceGroups/onesdk4365/providers/Microsoft.Network/loadBalancers/onesdk2083/frontendIPConfigurations/onesdk9065\"\r\n          },\r\n          \"frontendPort\": 3389,\r\n          \"backendPort\": 3389,\r\n          \"enableFloatingIP\": true,\r\n          \"idleTimeoutInMinutes\": 15,\r\n          \"protocol\": \"Tcp\"\r\n        }\r\n      }\r\n    ],\r\n    \"outboundNatRules\": [],\r\n    \"inboundNatPools\": []\r\n  }\r\n}",
      "ResponseHeaders": {
        "Content-Length": [
          "5273"
        ],
        "Content-Type": [
          "application/json; charset=utf-8"
        ],
        "Expires": [
          "-1"
        ],
        "Pragma": [
          "no-cache"
        ],
        "x-ms-request-id": [
          "aa85d220-12f6-4241-b4f7-df0322360091"
        ],
        "Strict-Transport-Security": [
          "max-age=31536000; includeSubDomains"
        ],
        "Cache-Control": [
          "no-cache"
        ],
        "ETag": [
          "W/\"41fdd6b4-1cbd-4905-8ce5-6550addb06d5\""
        ],
        "Server": [
          "Microsoft-HTTPAPI/2.0",
          "Microsoft-HTTPAPI/2.0"
        ],
        "x-ms-ratelimit-remaining-subscription-reads": [
          "14963"
        ],
        "x-ms-correlation-request-id": [
          "64c9b0c4-170e-471b-a0d2-1adb35ce77fa"
        ],
        "x-ms-routing-request-id": [
          "WESTUS:20151124T203707Z:64c9b0c4-170e-471b-a0d2-1adb35ce77fa"
        ],
        "Date": [
          "Tue, 24 Nov 2015 20:37:07 GMT"
        ]
      },
      "StatusCode": 200
    },
    {
      "RequestUri": "/subscriptions/9532a63e-f2eb-4649-bb23-5ed01077ce80/resourceGroups/onesdk4365/providers/Microsoft.Network/loadBalancers/onesdk2083?api-version=2015-06-15",
      "EncodedRequestUri": "L3N1YnNjcmlwdGlvbnMvOTUzMmE2M2UtZjJlYi00NjQ5LWJiMjMtNWVkMDEwNzdjZTgwL3Jlc291cmNlR3JvdXBzL29uZXNkazQzNjUvcHJvdmlkZXJzL01pY3Jvc29mdC5OZXR3b3JrL2xvYWRCYWxhbmNlcnMvb25lc2RrMjA4Mz9hcGktdmVyc2lvbj0yMDE1LTA2LTE1",
      "RequestMethod": "PUT",
      "RequestBody": "{\r\n  \"location\": \"West US\",\r\n  \"properties\": {\r\n    \"frontendIPConfigurations\": [\r\n      {\r\n        \"name\": \"onesdk9065\",\r\n        \"id\": \"\",\r\n        \"properties\": {\r\n          \"inboundNatRules\": [],\r\n          \"inboundNatPools\": [],\r\n          \"loadBalancingRules\": [],\r\n          \"publicIPAddress\": {\r\n            \"id\": \"/subscriptions/9532a63e-f2eb-4649-bb23-5ed01077ce80/resourceGroups/onesdk4365/providers/Microsoft.Network/publicIPAddresses/onesdk2031\"\r\n          }\r\n        }\r\n      }\r\n    ],\r\n    \"backendAddressPools\": [\r\n      {\r\n        \"name\": \"onesdk8500\",\r\n        \"id\": \"\",\r\n        \"properties\": {\r\n          \"backendIPConfigurations\": [],\r\n          \"loadBalancingRules\": []\r\n        }\r\n      }\r\n    ],\r\n    \"loadBalancingRules\": [\r\n      {\r\n        \"name\": \"onesdk6252\",\r\n        \"id\": \"\",\r\n        \"properties\": {\r\n          \"frontendIPConfiguration\": {\r\n            \"id\": \"/subscriptions/9532a63e-f2eb-4649-bb23-5ed01077ce80/resourceGroups/onesdk4365/providers/Microsoft.Network/loadBalancers/onesdk2083/frontendIPConfigurations/onesdk9065\"\r\n          },\r\n          \"backendAddressPool\": {\r\n            \"id\": \"/subscriptions/9532a63e-f2eb-4649-bb23-5ed01077ce80/resourceGroups/onesdk4365/providers/Microsoft.Network/loadBalancers/onesdk2083/backendAddressPools/onesdk8500\"\r\n          },\r\n          \"probe\": {\r\n            \"id\": \"/subscriptions/9532a63e-f2eb-4649-bb23-5ed01077ce80/resourceGroups/onesdk4365/providers/Microsoft.Network/loadBalancers/onesdk2083/probes/onesdk3081\"\r\n          },\r\n          \"protocol\": \"Tcp\",\r\n          \"frontendPort\": 80,\r\n          \"backendPort\": 80,\r\n          \"idleTimeoutInMinutes\": 15,\r\n          \"enableFloatingIP\": true\r\n        }\r\n      }\r\n    ],\r\n    \"probes\": [\r\n      {\r\n        \"name\": \"onesdk3081\",\r\n        \"id\": \"\",\r\n        \"properties\": {\r\n          \"loadBalancingRules\": [],\r\n          \"protocol\": \"http\",\r\n          \"port\": 80,\r\n          \"intervalInSeconds\": 15,\r\n          \"numberOfProbes\": 2,\r\n          \"requestPath\": \"healthcheck.aspx\"\r\n        }\r\n      }\r\n    ],\r\n    \"inboundNatRules\": [\r\n      {\r\n        \"name\": \"onesdk5855\",\r\n        \"id\": \"\",\r\n        \"properties\": {\r\n          \"frontendIPConfiguration\": {\r\n            \"id\": \"/subscriptions/9532a63e-f2eb-4649-bb23-5ed01077ce80/resourceGroups/onesdk4365/providers/Microsoft.Network/loadBalancers/onesdk2083/frontendIPConfigurations/onesdk9065\"\r\n          },\r\n          \"protocol\": \"Tcp\",\r\n          \"frontendPort\": 3389,\r\n          \"backendPort\": 3389,\r\n          \"idleTimeoutInMinutes\": 15,\r\n          \"enableFloatingIP\": true\r\n        }\r\n      }\r\n    ],\r\n    \"inboundNatPools\": []\r\n  }\r\n}",
      "RequestHeaders": {
        "Content-Type": [
          "application/json; charset=utf-8"
        ],
        "Content-Length": [
          "2624"
        ],
        "x-ms-client-request-id": [
          "0ef6e700-9fc7-4c9e-8731-0d81da37c983"
        ],
        "accept-language": [
          "en-US"
        ],
        "User-Agent": [
          "Microsoft.Azure.Management.Network.NetworkManagementClient/3.0.0.0"
        ]
      },
      "ResponseBody": "{\r\n  \"name\": \"onesdk2083\",\r\n  \"id\": \"/subscriptions/9532a63e-f2eb-4649-bb23-5ed01077ce80/resourceGroups/onesdk4365/providers/Microsoft.Network/loadBalancers/onesdk2083\",\r\n  \"etag\": \"W/\\\"41fdd6b4-1cbd-4905-8ce5-6550addb06d5\\\"\",\r\n  \"type\": \"Microsoft.Network/loadBalancers\",\r\n  \"location\": \"westus\",\r\n  \"properties\": {\r\n    \"provisioningState\": \"Succeeded\",\r\n    \"resourceGuid\": \"1b57dfa3-7b84-4341-b346-4196524df804\",\r\n    \"frontendIPConfigurations\": [\r\n      {\r\n        \"name\": \"onesdk9065\",\r\n        \"id\": \"/subscriptions/9532a63e-f2eb-4649-bb23-5ed01077ce80/resourceGroups/onesdk4365/providers/Microsoft.Network/loadBalancers/onesdk2083/frontendIPConfigurations/onesdk9065\",\r\n        \"etag\": \"W/\\\"41fdd6b4-1cbd-4905-8ce5-6550addb06d5\\\"\",\r\n        \"properties\": {\r\n          \"provisioningState\": \"Succeeded\",\r\n          \"privateIPAllocationMethod\": \"Dynamic\",\r\n          \"publicIPAddress\": {\r\n            \"id\": \"/subscriptions/9532a63e-f2eb-4649-bb23-5ed01077ce80/resourceGroups/onesdk4365/providers/Microsoft.Network/publicIPAddresses/onesdk2031\"\r\n          },\r\n          \"loadBalancingRules\": [\r\n            {\r\n              \"id\": \"/subscriptions/9532a63e-f2eb-4649-bb23-5ed01077ce80/resourceGroups/onesdk4365/providers/Microsoft.Network/loadBalancers/onesdk2083/loadBalancingRules/onesdk6252\"\r\n            }\r\n          ],\r\n          \"inboundNatRules\": [\r\n            {\r\n              \"id\": \"/subscriptions/9532a63e-f2eb-4649-bb23-5ed01077ce80/resourceGroups/onesdk4365/providers/Microsoft.Network/loadBalancers/onesdk2083/inboundNatRules/onesdk5855\"\r\n            }\r\n          ]\r\n        }\r\n      }\r\n    ],\r\n    \"backendAddressPools\": [\r\n      {\r\n        \"name\": \"onesdk8500\",\r\n        \"id\": \"/subscriptions/9532a63e-f2eb-4649-bb23-5ed01077ce80/resourceGroups/onesdk4365/providers/Microsoft.Network/loadBalancers/onesdk2083/backendAddressPools/onesdk8500\",\r\n        \"etag\": \"W/\\\"41fdd6b4-1cbd-4905-8ce5-6550addb06d5\\\"\",\r\n        \"properties\": {\r\n          \"provisioningState\": \"Succeeded\",\r\n          \"loadBalancingRules\": [\r\n            {\r\n              \"id\": \"/subscriptions/9532a63e-f2eb-4649-bb23-5ed01077ce80/resourceGroups/onesdk4365/providers/Microsoft.Network/loadBalancers/onesdk2083/loadBalancingRules/onesdk6252\"\r\n            }\r\n          ]\r\n        }\r\n      }\r\n    ],\r\n    \"loadBalancingRules\": [\r\n      {\r\n        \"name\": \"onesdk6252\",\r\n        \"id\": \"/subscriptions/9532a63e-f2eb-4649-bb23-5ed01077ce80/resourceGroups/onesdk4365/providers/Microsoft.Network/loadBalancers/onesdk2083/loadBalancingRules/onesdk6252\",\r\n        \"etag\": \"W/\\\"41fdd6b4-1cbd-4905-8ce5-6550addb06d5\\\"\",\r\n        \"properties\": {\r\n          \"provisioningState\": \"Succeeded\",\r\n          \"frontendIPConfiguration\": {\r\n            \"id\": \"/subscriptions/9532a63e-f2eb-4649-bb23-5ed01077ce80/resourceGroups/onesdk4365/providers/Microsoft.Network/loadBalancers/onesdk2083/frontendIPConfigurations/onesdk9065\"\r\n          },\r\n          \"frontendPort\": 80,\r\n          \"backendPort\": 80,\r\n          \"enableFloatingIP\": true,\r\n          \"idleTimeoutInMinutes\": 15,\r\n          \"protocol\": \"Tcp\",\r\n          \"loadDistribution\": \"Default\",\r\n          \"backendAddressPool\": {\r\n            \"id\": \"/subscriptions/9532a63e-f2eb-4649-bb23-5ed01077ce80/resourceGroups/onesdk4365/providers/Microsoft.Network/loadBalancers/onesdk2083/backendAddressPools/onesdk8500\"\r\n          },\r\n          \"probe\": {\r\n            \"id\": \"/subscriptions/9532a63e-f2eb-4649-bb23-5ed01077ce80/resourceGroups/onesdk4365/providers/Microsoft.Network/loadBalancers/onesdk2083/probes/onesdk3081\"\r\n          }\r\n        }\r\n      }\r\n    ],\r\n    \"probes\": [\r\n      {\r\n        \"name\": \"onesdk3081\",\r\n        \"id\": \"/subscriptions/9532a63e-f2eb-4649-bb23-5ed01077ce80/resourceGroups/onesdk4365/providers/Microsoft.Network/loadBalancers/onesdk2083/probes/onesdk3081\",\r\n        \"etag\": \"W/\\\"41fdd6b4-1cbd-4905-8ce5-6550addb06d5\\\"\",\r\n        \"properties\": {\r\n          \"provisioningState\": \"Succeeded\",\r\n          \"protocol\": \"Http\",\r\n          \"port\": 80,\r\n          \"requestPath\": \"healthcheck.aspx\",\r\n          \"intervalInSeconds\": 15,\r\n          \"numberOfProbes\": 2,\r\n          \"loadBalancingRules\": [\r\n            {\r\n              \"id\": \"/subscriptions/9532a63e-f2eb-4649-bb23-5ed01077ce80/resourceGroups/onesdk4365/providers/Microsoft.Network/loadBalancers/onesdk2083/loadBalancingRules/onesdk6252\"\r\n            }\r\n          ]\r\n        }\r\n      }\r\n    ],\r\n    \"inboundNatRules\": [\r\n      {\r\n        \"name\": \"onesdk5855\",\r\n        \"id\": \"/subscriptions/9532a63e-f2eb-4649-bb23-5ed01077ce80/resourceGroups/onesdk4365/providers/Microsoft.Network/loadBalancers/onesdk2083/inboundNatRules/onesdk5855\",\r\n        \"etag\": \"W/\\\"41fdd6b4-1cbd-4905-8ce5-6550addb06d5\\\"\",\r\n        \"properties\": {\r\n          \"provisioningState\": \"Succeeded\",\r\n          \"frontendIPConfiguration\": {\r\n            \"id\": \"/subscriptions/9532a63e-f2eb-4649-bb23-5ed01077ce80/resourceGroups/onesdk4365/providers/Microsoft.Network/loadBalancers/onesdk2083/frontendIPConfigurations/onesdk9065\"\r\n          },\r\n          \"frontendPort\": 3389,\r\n          \"backendPort\": 3389,\r\n          \"enableFloatingIP\": true,\r\n          \"idleTimeoutInMinutes\": 15,\r\n          \"protocol\": \"Tcp\"\r\n        }\r\n      }\r\n    ],\r\n    \"outboundNatRules\": [],\r\n    \"inboundNatPools\": []\r\n  }\r\n}",
      "ResponseHeaders": {
        "Content-Length": [
          "5273"
        ],
        "Content-Type": [
          "application/json; charset=utf-8"
        ],
        "Expires": [
          "-1"
        ],
        "Pragma": [
          "no-cache"
        ],
        "x-ms-request-id": [
          "d96f2f0f-e778-499c-b3ff-d396453cad03"
        ],
        "Azure-AsyncOperation": [
          "https://management.azure.com/subscriptions/9532a63e-f2eb-4649-bb23-5ed01077ce80/providers/Microsoft.Network/locations/westus/operations/d96f2f0f-e778-499c-b3ff-d396453cad03?api-version=2015-06-15"
        ],
        "Strict-Transport-Security": [
          "max-age=31536000; includeSubDomains"
        ],
        "Cache-Control": [
          "no-cache"
        ],
        "Server": [
          "Microsoft-HTTPAPI/2.0",
          "Microsoft-HTTPAPI/2.0"
        ],
        "x-ms-ratelimit-remaining-subscription-writes": [
          "1191"
        ],
        "x-ms-correlation-request-id": [
          "2c78d2d9-bfa1-4abe-8eb7-466d20e6c6ae"
        ],
        "x-ms-routing-request-id": [
          "WESTUS:20151124T203707Z:2c78d2d9-bfa1-4abe-8eb7-466d20e6c6ae"
        ],
        "Date": [
          "Tue, 24 Nov 2015 20:37:07 GMT"
        ]
      },
      "StatusCode": 201
    },
    {
      "RequestUri": "/subscriptions/9532a63e-f2eb-4649-bb23-5ed01077ce80/resourceGroups/onesdk4365/providers/Microsoft.Network/loadBalancers?api-version=2015-06-15",
      "EncodedRequestUri": "L3N1YnNjcmlwdGlvbnMvOTUzMmE2M2UtZjJlYi00NjQ5LWJiMjMtNWVkMDEwNzdjZTgwL3Jlc291cmNlR3JvdXBzL29uZXNkazQzNjUvcHJvdmlkZXJzL01pY3Jvc29mdC5OZXR3b3JrL2xvYWRCYWxhbmNlcnM/YXBpLXZlcnNpb249MjAxNS0wNi0xNQ==",
      "RequestMethod": "GET",
      "RequestBody": "",
      "RequestHeaders": {
        "x-ms-client-request-id": [
          "010af9ed-d941-4401-bd49-2e6e70e9bd4a"
        ],
        "accept-language": [
          "en-US"
        ],
        "User-Agent": [
          "Microsoft.Azure.Management.Network.NetworkManagementClient/3.0.0.0"
        ]
      },
      "ResponseBody": "{\r\n  \"value\": [\r\n    {\r\n      \"name\": \"onesdk2083\",\r\n      \"id\": \"/subscriptions/9532a63e-f2eb-4649-bb23-5ed01077ce80/resourceGroups/onesdk4365/providers/Microsoft.Network/loadBalancers/onesdk2083\",\r\n      \"etag\": \"W/\\\"41fdd6b4-1cbd-4905-8ce5-6550addb06d5\\\"\",\r\n      \"type\": \"Microsoft.Network/loadBalancers\",\r\n      \"location\": \"westus\",\r\n      \"properties\": {\r\n        \"provisioningState\": \"Succeeded\",\r\n        \"resourceGuid\": \"1b57dfa3-7b84-4341-b346-4196524df804\",\r\n        \"frontendIPConfigurations\": [\r\n          {\r\n            \"name\": \"onesdk9065\",\r\n            \"id\": \"/subscriptions/9532a63e-f2eb-4649-bb23-5ed01077ce80/resourceGroups/onesdk4365/providers/Microsoft.Network/loadBalancers/onesdk2083/frontendIPConfigurations/onesdk9065\",\r\n            \"etag\": \"W/\\\"41fdd6b4-1cbd-4905-8ce5-6550addb06d5\\\"\",\r\n            \"properties\": {\r\n              \"provisioningState\": \"Succeeded\",\r\n              \"privateIPAllocationMethod\": \"Dynamic\",\r\n              \"publicIPAddress\": {\r\n                \"id\": \"/subscriptions/9532a63e-f2eb-4649-bb23-5ed01077ce80/resourceGroups/onesdk4365/providers/Microsoft.Network/publicIPAddresses/onesdk2031\"\r\n              },\r\n              \"loadBalancingRules\": [\r\n                {\r\n                  \"id\": \"/subscriptions/9532a63e-f2eb-4649-bb23-5ed01077ce80/resourceGroups/onesdk4365/providers/Microsoft.Network/loadBalancers/onesdk2083/loadBalancingRules/onesdk6252\"\r\n                }\r\n              ],\r\n              \"inboundNatRules\": [\r\n                {\r\n                  \"id\": \"/subscriptions/9532a63e-f2eb-4649-bb23-5ed01077ce80/resourceGroups/onesdk4365/providers/Microsoft.Network/loadBalancers/onesdk2083/inboundNatRules/onesdk5855\"\r\n                }\r\n              ]\r\n            }\r\n          }\r\n        ],\r\n        \"backendAddressPools\": [\r\n          {\r\n            \"name\": \"onesdk8500\",\r\n            \"id\": \"/subscriptions/9532a63e-f2eb-4649-bb23-5ed01077ce80/resourceGroups/onesdk4365/providers/Microsoft.Network/loadBalancers/onesdk2083/backendAddressPools/onesdk8500\",\r\n            \"etag\": \"W/\\\"41fdd6b4-1cbd-4905-8ce5-6550addb06d5\\\"\",\r\n            \"properties\": {\r\n              \"provisioningState\": \"Succeeded\",\r\n              \"loadBalancingRules\": [\r\n                {\r\n                  \"id\": \"/subscriptions/9532a63e-f2eb-4649-bb23-5ed01077ce80/resourceGroups/onesdk4365/providers/Microsoft.Network/loadBalancers/onesdk2083/loadBalancingRules/onesdk6252\"\r\n                }\r\n              ]\r\n            }\r\n          }\r\n        ],\r\n        \"loadBalancingRules\": [\r\n          {\r\n            \"name\": \"onesdk6252\",\r\n            \"id\": \"/subscriptions/9532a63e-f2eb-4649-bb23-5ed01077ce80/resourceGroups/onesdk4365/providers/Microsoft.Network/loadBalancers/onesdk2083/loadBalancingRules/onesdk6252\",\r\n            \"etag\": \"W/\\\"41fdd6b4-1cbd-4905-8ce5-6550addb06d5\\\"\",\r\n            \"properties\": {\r\n              \"provisioningState\": \"Succeeded\",\r\n              \"frontendIPConfiguration\": {\r\n                \"id\": \"/subscriptions/9532a63e-f2eb-4649-bb23-5ed01077ce80/resourceGroups/onesdk4365/providers/Microsoft.Network/loadBalancers/onesdk2083/frontendIPConfigurations/onesdk9065\"\r\n              },\r\n              \"frontendPort\": 80,\r\n              \"backendPort\": 80,\r\n              \"enableFloatingIP\": true,\r\n              \"idleTimeoutInMinutes\": 15,\r\n              \"protocol\": \"Tcp\",\r\n              \"loadDistribution\": \"Default\",\r\n              \"backendAddressPool\": {\r\n                \"id\": \"/subscriptions/9532a63e-f2eb-4649-bb23-5ed01077ce80/resourceGroups/onesdk4365/providers/Microsoft.Network/loadBalancers/onesdk2083/backendAddressPools/onesdk8500\"\r\n              },\r\n              \"probe\": {\r\n                \"id\": \"/subscriptions/9532a63e-f2eb-4649-bb23-5ed01077ce80/resourceGroups/onesdk4365/providers/Microsoft.Network/loadBalancers/onesdk2083/probes/onesdk3081\"\r\n              }\r\n            }\r\n          }\r\n        ],\r\n        \"probes\": [\r\n          {\r\n            \"name\": \"onesdk3081\",\r\n            \"id\": \"/subscriptions/9532a63e-f2eb-4649-bb23-5ed01077ce80/resourceGroups/onesdk4365/providers/Microsoft.Network/loadBalancers/onesdk2083/probes/onesdk3081\",\r\n            \"etag\": \"W/\\\"41fdd6b4-1cbd-4905-8ce5-6550addb06d5\\\"\",\r\n            \"properties\": {\r\n              \"provisioningState\": \"Succeeded\",\r\n              \"protocol\": \"Http\",\r\n              \"port\": 80,\r\n              \"requestPath\": \"healthcheck.aspx\",\r\n              \"intervalInSeconds\": 15,\r\n              \"numberOfProbes\": 2,\r\n              \"loadBalancingRules\": [\r\n                {\r\n                  \"id\": \"/subscriptions/9532a63e-f2eb-4649-bb23-5ed01077ce80/resourceGroups/onesdk4365/providers/Microsoft.Network/loadBalancers/onesdk2083/loadBalancingRules/onesdk6252\"\r\n                }\r\n              ]\r\n            }\r\n          }\r\n        ],\r\n        \"inboundNatRules\": [\r\n          {\r\n            \"name\": \"onesdk5855\",\r\n            \"id\": \"/subscriptions/9532a63e-f2eb-4649-bb23-5ed01077ce80/resourceGroups/onesdk4365/providers/Microsoft.Network/loadBalancers/onesdk2083/inboundNatRules/onesdk5855\",\r\n            \"etag\": \"W/\\\"41fdd6b4-1cbd-4905-8ce5-6550addb06d5\\\"\",\r\n            \"properties\": {\r\n              \"provisioningState\": \"Succeeded\",\r\n              \"frontendIPConfiguration\": {\r\n                \"id\": \"/subscriptions/9532a63e-f2eb-4649-bb23-5ed01077ce80/resourceGroups/onesdk4365/providers/Microsoft.Network/loadBalancers/onesdk2083/frontendIPConfigurations/onesdk9065\"\r\n              },\r\n              \"frontendPort\": 3389,\r\n              \"backendPort\": 3389,\r\n              \"enableFloatingIP\": true,\r\n              \"idleTimeoutInMinutes\": 15,\r\n              \"protocol\": \"Tcp\"\r\n            }\r\n          }\r\n        ],\r\n        \"outboundNatRules\": [],\r\n        \"inboundNatPools\": []\r\n      }\r\n    }\r\n  ]\r\n}",
      "ResponseHeaders": {
        "Content-Length": [
          "5758"
        ],
        "Content-Type": [
          "application/json; charset=utf-8"
        ],
        "Expires": [
          "-1"
        ],
        "Pragma": [
          "no-cache"
        ],
        "x-ms-request-id": [
          "46f020da-bd15-4144-8e0a-d4a57c81b95f"
        ],
        "Strict-Transport-Security": [
          "max-age=31536000; includeSubDomains"
        ],
        "Cache-Control": [
          "no-cache"
        ],
        "Server": [
          "Microsoft-HTTPAPI/2.0",
          "Microsoft-HTTPAPI/2.0"
        ],
        "x-ms-ratelimit-remaining-subscription-reads": [
          "14962"
        ],
        "x-ms-correlation-request-id": [
          "6a21c250-f32e-4ba4-a0bb-e34a8b4e6389"
        ],
        "x-ms-routing-request-id": [
          "WESTUS:20151124T203708Z:6a21c250-f32e-4ba4-a0bb-e34a8b4e6389"
        ],
        "Date": [
          "Tue, 24 Nov 2015 20:37:07 GMT"
        ]
      },
      "StatusCode": 200
    },
    {
      "RequestUri": "/subscriptions/9532a63e-f2eb-4649-bb23-5ed01077ce80/resourceGroups/onesdk4365/providers/Microsoft.Network/loadBalancers?api-version=2015-06-15",
      "EncodedRequestUri": "L3N1YnNjcmlwdGlvbnMvOTUzMmE2M2UtZjJlYi00NjQ5LWJiMjMtNWVkMDEwNzdjZTgwL3Jlc291cmNlR3JvdXBzL29uZXNkazQzNjUvcHJvdmlkZXJzL01pY3Jvc29mdC5OZXR3b3JrL2xvYWRCYWxhbmNlcnM/YXBpLXZlcnNpb249MjAxNS0wNi0xNQ==",
      "RequestMethod": "GET",
      "RequestBody": "",
      "RequestHeaders": {
        "x-ms-client-request-id": [
          "3b6335a5-6170-450d-9df9-2768df5deb5a"
        ],
        "accept-language": [
          "en-US"
        ],
        "User-Agent": [
          "Microsoft.Azure.Management.Network.NetworkManagementClient/3.0.0.0"
        ]
      },
      "ResponseBody": "{\r\n  \"value\": []\r\n}",
      "ResponseHeaders": {
        "Content-Length": [
          "19"
        ],
        "Content-Type": [
          "application/json; charset=utf-8"
        ],
        "Expires": [
          "-1"
        ],
        "Pragma": [
          "no-cache"
        ],
        "x-ms-request-id": [
          "5bad26a4-e5f8-4478-ac81-163a35985ab6"
        ],
        "Strict-Transport-Security": [
          "max-age=31536000; includeSubDomains"
        ],
        "Cache-Control": [
          "no-cache"
        ],
        "Server": [
          "Microsoft-HTTPAPI/2.0",
          "Microsoft-HTTPAPI/2.0"
        ],
        "x-ms-ratelimit-remaining-subscription-reads": [
          "14960"
        ],
        "x-ms-correlation-request-id": [
          "a394041e-2c70-4809-8f1a-71a8230f4266"
        ],
        "x-ms-routing-request-id": [
          "WESTUS:20151124T203718Z:a394041e-2c70-4809-8f1a-71a8230f4266"
        ],
        "Date": [
          "Tue, 24 Nov 2015 20:37:18 GMT"
        ]
      },
      "StatusCode": 200
    },
    {
      "RequestUri": "/subscriptions/9532a63e-f2eb-4649-bb23-5ed01077ce80/resourceGroups/onesdk4365/providers/Microsoft.Network/loadBalancers/onesdk2083?api-version=2015-06-15",
      "EncodedRequestUri": "L3N1YnNjcmlwdGlvbnMvOTUzMmE2M2UtZjJlYi00NjQ5LWJiMjMtNWVkMDEwNzdjZTgwL3Jlc291cmNlR3JvdXBzL29uZXNkazQzNjUvcHJvdmlkZXJzL01pY3Jvc29mdC5OZXR3b3JrL2xvYWRCYWxhbmNlcnMvb25lc2RrMjA4Mz9hcGktdmVyc2lvbj0yMDE1LTA2LTE1",
      "RequestMethod": "DELETE",
      "RequestBody": "",
      "RequestHeaders": {
        "x-ms-client-request-id": [
          "2b35d4fb-7891-404f-bd6d-4eb640af1f87"
        ],
        "accept-language": [
          "en-US"
        ],
        "User-Agent": [
          "Microsoft.Azure.Management.Network.NetworkManagementClient/3.0.0.0"
        ]
      },
      "ResponseBody": "",
      "ResponseHeaders": {
        "Content-Length": [
          "0"
        ],
        "Expires": [
          "-1"
        ],
        "Pragma": [
          "no-cache"
        ],
        "Retry-After": [
          "10"
        ],
        "x-ms-request-id": [
          "3639b2f1-180a-4f1a-a1eb-cd1b0a4d9139"
        ],
        "Azure-AsyncOperation": [
          "https://management.azure.com/subscriptions/9532a63e-f2eb-4649-bb23-5ed01077ce80/providers/Microsoft.Network/locations/westus/operations/3639b2f1-180a-4f1a-a1eb-cd1b0a4d9139?api-version=2015-06-15"
        ],
        "Strict-Transport-Security": [
          "max-age=31536000; includeSubDomains"
        ],
        "Cache-Control": [
          "no-cache"
        ],
        "Location": [
          "https://management.azure.com/subscriptions/9532a63e-f2eb-4649-bb23-5ed01077ce80/providers/Microsoft.Network/locations/westus/operationResults/3639b2f1-180a-4f1a-a1eb-cd1b0a4d9139?api-version=2015-06-15"
        ],
        "Server": [
          "Microsoft-HTTPAPI/2.0",
          "Microsoft-HTTPAPI/2.0"
        ],
        "x-ms-ratelimit-remaining-subscription-writes": [
          "1190"
        ],
        "x-ms-correlation-request-id": [
          "6629b488-a2c5-48db-b754-6d317c7455f7"
        ],
        "x-ms-routing-request-id": [
          "WESTUS:20151124T203708Z:6629b488-a2c5-48db-b754-6d317c7455f7"
        ],
        "Date": [
          "Tue, 24 Nov 2015 20:37:08 GMT"
        ]
      },
      "StatusCode": 202
    },
    {
      "RequestUri": "/subscriptions/9532a63e-f2eb-4649-bb23-5ed01077ce80/providers/Microsoft.Network/locations/westus/operations/3639b2f1-180a-4f1a-a1eb-cd1b0a4d9139?api-version=2015-06-15",
      "EncodedRequestUri": "L3N1YnNjcmlwdGlvbnMvOTUzMmE2M2UtZjJlYi00NjQ5LWJiMjMtNWVkMDEwNzdjZTgwL3Byb3ZpZGVycy9NaWNyb3NvZnQuTmV0d29yay9sb2NhdGlvbnMvd2VzdHVzL29wZXJhdGlvbnMvMzYzOWIyZjEtMTgwYS00ZjFhLWExZWItY2QxYjBhNGQ5MTM5P2FwaS12ZXJzaW9uPTIwMTUtMDYtMTU=",
      "RequestMethod": "GET",
      "RequestBody": "",
      "RequestHeaders": {
        "User-Agent": [
          "Microsoft.Azure.Management.Network.NetworkManagementClient/3.0.0.0"
        ]
      },
      "ResponseBody": "{\r\n  \"status\": \"Succeeded\"\r\n}",
      "ResponseHeaders": {
        "Content-Length": [
          "29"
        ],
        "Content-Type": [
          "application/json; charset=utf-8"
        ],
        "Expires": [
          "-1"
        ],
        "Pragma": [
          "no-cache"
        ],
        "x-ms-request-id": [
          "d8c2b468-6c2c-4a05-b5f1-70f49a503e1a"
        ],
        "Strict-Transport-Security": [
          "max-age=31536000; includeSubDomains"
        ],
        "Cache-Control": [
          "no-cache"
        ],
        "Server": [
          "Microsoft-HTTPAPI/2.0",
          "Microsoft-HTTPAPI/2.0"
        ],
        "x-ms-ratelimit-remaining-subscription-reads": [
          "14961"
        ],
        "x-ms-correlation-request-id": [
          "11220741-dd1a-4815-8fcf-4f0f4e623e8e"
        ],
        "x-ms-routing-request-id": [
          "WESTUS:20151124T203718Z:11220741-dd1a-4815-8fcf-4f0f4e623e8e"
        ],
        "Date": [
          "Tue, 24 Nov 2015 20:37:18 GMT"
        ]
      },
      "StatusCode": 200
    },
    {
      "RequestUri": "/subscriptions/9532a63e-f2eb-4649-bb23-5ed01077ce80/resourcegroups/onesdk4365?api-version=2014-04-01-preview",
      "EncodedRequestUri": "L3N1YnNjcmlwdGlvbnMvOTUzMmE2M2UtZjJlYi00NjQ5LWJiMjMtNWVkMDEwNzdjZTgwL3Jlc291cmNlZ3JvdXBzL29uZXNkazQzNjU/YXBpLXZlcnNpb249MjAxNC0wNC0wMS1wcmV2aWV3",
      "RequestMethod": "DELETE",
      "RequestBody": "",
      "RequestHeaders": {
        "User-Agent": [
          "Microsoft.Azure.Management.Resources.ResourceManagementClient/2.0.0.0"
        ]
      },
      "ResponseBody": "",
      "ResponseHeaders": {
        "Content-Length": [
          "0"
        ],
        "Expires": [
          "-1"
        ],
        "Pragma": [
          "no-cache"
        ],
        "Retry-After": [
          "15"
        ],
        "x-ms-ratelimit-remaining-subscription-writes": [
          "1188"
        ],
        "x-ms-request-id": [
          "c3a667a1-aeec-47e7-b357-552a697f36c9"
        ],
        "x-ms-correlation-request-id": [
          "c3a667a1-aeec-47e7-b357-552a697f36c9"
        ],
        "x-ms-routing-request-id": [
          "WESTUS:20151124T203719Z:c3a667a1-aeec-47e7-b357-552a697f36c9"
        ],
        "Strict-Transport-Security": [
          "max-age=31536000; includeSubDomains"
        ],
        "Cache-Control": [
          "no-cache"
        ],
        "Date": [
          "Tue, 24 Nov 2015 20:37:18 GMT"
        ],
        "Location": [
          "https://management.azure.com/subscriptions/9532a63e-f2eb-4649-bb23-5ed01077ce80/operationresults/eyJqb2JJZCI6IlJFU09VUkNFR1JPVVBERUxFVElPTkpPQi1PTkVTREs0MzY1LVdFU1RVUyIsImpvYkxvY2F0aW9uIjoid2VzdHVzIn0?api-version=2014-04-01-preview"
        ]
      },
      "StatusCode": 202
    },
    {
      "RequestUri": "/subscriptions/9532a63e-f2eb-4649-bb23-5ed01077ce80/operationresults/eyJqb2JJZCI6IlJFU09VUkNFR1JPVVBERUxFVElPTkpPQi1PTkVTREs0MzY1LVdFU1RVUyIsImpvYkxvY2F0aW9uIjoid2VzdHVzIn0?api-version=2014-04-01-preview",
      "EncodedRequestUri": "L3N1YnNjcmlwdGlvbnMvOTUzMmE2M2UtZjJlYi00NjQ5LWJiMjMtNWVkMDEwNzdjZTgwL29wZXJhdGlvbnJlc3VsdHMvZXlKcWIySkpaQ0k2SWxKRlUwOVZVa05GUjFKUFZWQkVSVXhGVkVsUFRrcFBRaTFQVGtWVFJFczBNelkxTFZkRlUxUlZVeUlzSW1wdllreHZZMkYwYVc5dUlqb2lkMlZ6ZEhWekluMD9hcGktdmVyc2lvbj0yMDE0LTA0LTAxLXByZXZpZXc=",
      "RequestMethod": "GET",
      "RequestBody": "",
      "RequestHeaders": {
        "x-ms-version": [
          "2014-04-01-preview"
        ],
        "User-Agent": [
          "Microsoft.Azure.Management.Resources.ResourceManagementClient/2.0.0.0"
        ]
      },
      "ResponseBody": "",
      "ResponseHeaders": {
        "Content-Length": [
          "0"
        ],
        "Expires": [
          "-1"
        ],
        "Pragma": [
          "no-cache"
        ],
        "Retry-After": [
          "15"
        ],
        "x-ms-ratelimit-remaining-subscription-reads": [
          "14956"
        ],
        "x-ms-request-id": [
          "b20e541f-5ad0-4cd7-9783-ef437dbed0eb"
        ],
        "x-ms-correlation-request-id": [
          "b20e541f-5ad0-4cd7-9783-ef437dbed0eb"
        ],
        "x-ms-routing-request-id": [
          "WESTUS:20151124T203719Z:b20e541f-5ad0-4cd7-9783-ef437dbed0eb"
        ],
        "Strict-Transport-Security": [
          "max-age=31536000; includeSubDomains"
        ],
        "Cache-Control": [
          "no-cache"
        ],
        "Date": [
          "Tue, 24 Nov 2015 20:37:18 GMT"
        ],
        "Location": [
          "https://management.azure.com/subscriptions/9532a63e-f2eb-4649-bb23-5ed01077ce80/operationresults/eyJqb2JJZCI6IlJFU09VUkNFR1JPVVBERUxFVElPTkpPQi1PTkVTREs0MzY1LVdFU1RVUyIsImpvYkxvY2F0aW9uIjoid2VzdHVzIn0?api-version=2014-04-01-preview"
        ]
      },
      "StatusCode": 202
    },
    {
      "RequestUri": "/subscriptions/9532a63e-f2eb-4649-bb23-5ed01077ce80/operationresults/eyJqb2JJZCI6IlJFU09VUkNFR1JPVVBERUxFVElPTkpPQi1PTkVTREs0MzY1LVdFU1RVUyIsImpvYkxvY2F0aW9uIjoid2VzdHVzIn0?api-version=2014-04-01-preview",
      "EncodedRequestUri": "L3N1YnNjcmlwdGlvbnMvOTUzMmE2M2UtZjJlYi00NjQ5LWJiMjMtNWVkMDEwNzdjZTgwL29wZXJhdGlvbnJlc3VsdHMvZXlKcWIySkpaQ0k2SWxKRlUwOVZVa05GUjFKUFZWQkVSVXhGVkVsUFRrcFBRaTFQVGtWVFJFczBNelkxTFZkRlUxUlZVeUlzSW1wdllreHZZMkYwYVc5dUlqb2lkMlZ6ZEhWekluMD9hcGktdmVyc2lvbj0yMDE0LTA0LTAxLXByZXZpZXc=",
      "RequestMethod": "GET",
      "RequestBody": "",
      "RequestHeaders": {
        "x-ms-version": [
          "2014-04-01-preview"
        ],
        "User-Agent": [
          "Microsoft.Azure.Management.Resources.ResourceManagementClient/2.0.0.0"
        ]
      },
      "ResponseBody": "",
      "ResponseHeaders": {
        "Content-Length": [
          "0"
        ],
        "Expires": [
          "-1"
        ],
        "Pragma": [
          "no-cache"
        ],
        "Retry-After": [
          "15"
        ],
        "x-ms-ratelimit-remaining-subscription-reads": [
          "14955"
        ],
        "x-ms-request-id": [
          "82318559-e5a9-4f34-9900-f9bfe8c120a1"
        ],
        "x-ms-correlation-request-id": [
          "82318559-e5a9-4f34-9900-f9bfe8c120a1"
        ],
        "x-ms-routing-request-id": [
          "WESTUS:20151124T203734Z:82318559-e5a9-4f34-9900-f9bfe8c120a1"
        ],
        "Strict-Transport-Security": [
          "max-age=31536000; includeSubDomains"
        ],
        "Cache-Control": [
          "no-cache"
        ],
        "Date": [
          "Tue, 24 Nov 2015 20:37:33 GMT"
        ],
        "Location": [
          "https://management.azure.com/subscriptions/9532a63e-f2eb-4649-bb23-5ed01077ce80/operationresults/eyJqb2JJZCI6IlJFU09VUkNFR1JPVVBERUxFVElPTkpPQi1PTkVTREs0MzY1LVdFU1RVUyIsImpvYkxvY2F0aW9uIjoid2VzdHVzIn0?api-version=2014-04-01-preview"
        ]
      },
      "StatusCode": 202
    },
    {
      "RequestUri": "/subscriptions/9532a63e-f2eb-4649-bb23-5ed01077ce80/operationresults/eyJqb2JJZCI6IlJFU09VUkNFR1JPVVBERUxFVElPTkpPQi1PTkVTREs0MzY1LVdFU1RVUyIsImpvYkxvY2F0aW9uIjoid2VzdHVzIn0?api-version=2014-04-01-preview",
      "EncodedRequestUri": "L3N1YnNjcmlwdGlvbnMvOTUzMmE2M2UtZjJlYi00NjQ5LWJiMjMtNWVkMDEwNzdjZTgwL29wZXJhdGlvbnJlc3VsdHMvZXlKcWIySkpaQ0k2SWxKRlUwOVZVa05GUjFKUFZWQkVSVXhGVkVsUFRrcFBRaTFQVGtWVFJFczBNelkxTFZkRlUxUlZVeUlzSW1wdllreHZZMkYwYVc5dUlqb2lkMlZ6ZEhWekluMD9hcGktdmVyc2lvbj0yMDE0LTA0LTAxLXByZXZpZXc=",
      "RequestMethod": "GET",
      "RequestBody": "",
      "RequestHeaders": {
        "x-ms-version": [
          "2014-04-01-preview"
        ],
        "User-Agent": [
          "Microsoft.Azure.Management.Resources.ResourceManagementClient/2.0.0.0"
        ]
      },
      "ResponseBody": "",
      "ResponseHeaders": {
        "Content-Length": [
          "0"
        ],
        "Expires": [
          "-1"
        ],
        "Pragma": [
          "no-cache"
        ],
        "Retry-After": [
          "15"
        ],
        "x-ms-ratelimit-remaining-subscription-reads": [
          "14954"
        ],
        "x-ms-request-id": [
          "40606d0b-d7b6-478b-99e9-740258475895"
        ],
        "x-ms-correlation-request-id": [
          "40606d0b-d7b6-478b-99e9-740258475895"
        ],
        "x-ms-routing-request-id": [
          "WESTUS:20151124T203749Z:40606d0b-d7b6-478b-99e9-740258475895"
        ],
        "Strict-Transport-Security": [
          "max-age=31536000; includeSubDomains"
        ],
        "Cache-Control": [
          "no-cache"
        ],
        "Date": [
          "Tue, 24 Nov 2015 20:37:48 GMT"
        ],
        "Location": [
          "https://management.azure.com/subscriptions/9532a63e-f2eb-4649-bb23-5ed01077ce80/operationresults/eyJqb2JJZCI6IlJFU09VUkNFR1JPVVBERUxFVElPTkpPQi1PTkVTREs0MzY1LVdFU1RVUyIsImpvYkxvY2F0aW9uIjoid2VzdHVzIn0?api-version=2014-04-01-preview"
        ]
      },
      "StatusCode": 202
    },
    {
      "RequestUri": "/subscriptions/9532a63e-f2eb-4649-bb23-5ed01077ce80/operationresults/eyJqb2JJZCI6IlJFU09VUkNFR1JPVVBERUxFVElPTkpPQi1PTkVTREs0MzY1LVdFU1RVUyIsImpvYkxvY2F0aW9uIjoid2VzdHVzIn0?api-version=2014-04-01-preview",
      "EncodedRequestUri": "L3N1YnNjcmlwdGlvbnMvOTUzMmE2M2UtZjJlYi00NjQ5LWJiMjMtNWVkMDEwNzdjZTgwL29wZXJhdGlvbnJlc3VsdHMvZXlKcWIySkpaQ0k2SWxKRlUwOVZVa05GUjFKUFZWQkVSVXhGVkVsUFRrcFBRaTFQVGtWVFJFczBNelkxTFZkRlUxUlZVeUlzSW1wdllreHZZMkYwYVc5dUlqb2lkMlZ6ZEhWekluMD9hcGktdmVyc2lvbj0yMDE0LTA0LTAxLXByZXZpZXc=",
      "RequestMethod": "GET",
      "RequestBody": "",
      "RequestHeaders": {
        "x-ms-version": [
          "2014-04-01-preview"
        ],
        "User-Agent": [
          "Microsoft.Azure.Management.Resources.ResourceManagementClient/2.0.0.0"
        ]
      },
      "ResponseBody": "",
      "ResponseHeaders": {
        "Content-Length": [
          "0"
        ],
        "Expires": [
          "-1"
        ],
        "Pragma": [
          "no-cache"
        ],
        "Retry-After": [
          "15"
        ],
        "x-ms-ratelimit-remaining-subscription-reads": [
          "14953"
        ],
        "x-ms-request-id": [
          "e0301ec1-72b4-4356-9184-992a3d43d536"
        ],
        "x-ms-correlation-request-id": [
          "e0301ec1-72b4-4356-9184-992a3d43d536"
        ],
        "x-ms-routing-request-id": [
          "WESTUS:20151124T203804Z:e0301ec1-72b4-4356-9184-992a3d43d536"
        ],
        "Strict-Transport-Security": [
          "max-age=31536000; includeSubDomains"
        ],
        "Cache-Control": [
          "no-cache"
        ],
        "Date": [
          "Tue, 24 Nov 2015 20:38:03 GMT"
        ],
        "Location": [
          "https://management.azure.com/subscriptions/9532a63e-f2eb-4649-bb23-5ed01077ce80/operationresults/eyJqb2JJZCI6IlJFU09VUkNFR1JPVVBERUxFVElPTkpPQi1PTkVTREs0MzY1LVdFU1RVUyIsImpvYkxvY2F0aW9uIjoid2VzdHVzIn0?api-version=2014-04-01-preview"
        ]
      },
      "StatusCode": 202
    },
    {
      "RequestUri": "/subscriptions/9532a63e-f2eb-4649-bb23-5ed01077ce80/operationresults/eyJqb2JJZCI6IlJFU09VUkNFR1JPVVBERUxFVElPTkpPQi1PTkVTREs0MzY1LVdFU1RVUyIsImpvYkxvY2F0aW9uIjoid2VzdHVzIn0?api-version=2014-04-01-preview",
      "EncodedRequestUri": "L3N1YnNjcmlwdGlvbnMvOTUzMmE2M2UtZjJlYi00NjQ5LWJiMjMtNWVkMDEwNzdjZTgwL29wZXJhdGlvbnJlc3VsdHMvZXlKcWIySkpaQ0k2SWxKRlUwOVZVa05GUjFKUFZWQkVSVXhGVkVsUFRrcFBRaTFQVGtWVFJFczBNelkxTFZkRlUxUlZVeUlzSW1wdllreHZZMkYwYVc5dUlqb2lkMlZ6ZEhWekluMD9hcGktdmVyc2lvbj0yMDE0LTA0LTAxLXByZXZpZXc=",
      "RequestMethod": "GET",
      "RequestBody": "",
      "RequestHeaders": {
        "x-ms-version": [
          "2014-04-01-preview"
        ],
        "User-Agent": [
          "Microsoft.Azure.Management.Resources.ResourceManagementClient/2.0.0.0"
        ]
      },
      "ResponseBody": "",
      "ResponseHeaders": {
        "Content-Length": [
          "0"
        ],
        "Expires": [
          "-1"
        ],
        "Pragma": [
          "no-cache"
        ],
        "Retry-After": [
          "15"
        ],
        "x-ms-ratelimit-remaining-subscription-reads": [
          "14952"
        ],
        "x-ms-request-id": [
          "316c983c-5529-453b-a374-5e9e99028e3e"
        ],
        "x-ms-correlation-request-id": [
          "316c983c-5529-453b-a374-5e9e99028e3e"
        ],
        "x-ms-routing-request-id": [
          "WESTUS:20151124T203819Z:316c983c-5529-453b-a374-5e9e99028e3e"
        ],
        "Strict-Transport-Security": [
          "max-age=31536000; includeSubDomains"
        ],
        "Cache-Control": [
          "no-cache"
        ],
        "Date": [
          "Tue, 24 Nov 2015 20:38:19 GMT"
        ],
        "Location": [
          "https://management.azure.com/subscriptions/9532a63e-f2eb-4649-bb23-5ed01077ce80/operationresults/eyJqb2JJZCI6IlJFU09VUkNFR1JPVVBERUxFVElPTkpPQi1PTkVTREs0MzY1LVdFU1RVUyIsImpvYkxvY2F0aW9uIjoid2VzdHVzIn0?api-version=2014-04-01-preview"
        ]
      },
      "StatusCode": 202
    },
    {
      "RequestUri": "/subscriptions/9532a63e-f2eb-4649-bb23-5ed01077ce80/operationresults/eyJqb2JJZCI6IlJFU09VUkNFR1JPVVBERUxFVElPTkpPQi1PTkVTREs0MzY1LVdFU1RVUyIsImpvYkxvY2F0aW9uIjoid2VzdHVzIn0?api-version=2014-04-01-preview",
      "EncodedRequestUri": "L3N1YnNjcmlwdGlvbnMvOTUzMmE2M2UtZjJlYi00NjQ5LWJiMjMtNWVkMDEwNzdjZTgwL29wZXJhdGlvbnJlc3VsdHMvZXlKcWIySkpaQ0k2SWxKRlUwOVZVa05GUjFKUFZWQkVSVXhGVkVsUFRrcFBRaTFQVGtWVFJFczBNelkxTFZkRlUxUlZVeUlzSW1wdllreHZZMkYwYVc5dUlqb2lkMlZ6ZEhWekluMD9hcGktdmVyc2lvbj0yMDE0LTA0LTAxLXByZXZpZXc=",
      "RequestMethod": "GET",
      "RequestBody": "",
      "RequestHeaders": {
        "x-ms-version": [
          "2014-04-01-preview"
        ],
        "User-Agent": [
          "Microsoft.Azure.Management.Resources.ResourceManagementClient/2.0.0.0"
        ]
      },
      "ResponseBody": "",
      "ResponseHeaders": {
        "Content-Length": [
          "0"
        ],
        "Expires": [
          "-1"
        ],
        "Pragma": [
          "no-cache"
        ],
        "Retry-After": [
          "15"
        ],
        "x-ms-ratelimit-remaining-subscription-reads": [
          "14951"
        ],
        "x-ms-request-id": [
          "697e8426-e100-40f0-a05d-a22fe4d228a7"
        ],
        "x-ms-correlation-request-id": [
          "697e8426-e100-40f0-a05d-a22fe4d228a7"
        ],
        "x-ms-routing-request-id": [
          "WESTUS:20151124T203834Z:697e8426-e100-40f0-a05d-a22fe4d228a7"
        ],
        "Strict-Transport-Security": [
          "max-age=31536000; includeSubDomains"
        ],
        "Cache-Control": [
          "no-cache"
        ],
        "Date": [
          "Tue, 24 Nov 2015 20:38:33 GMT"
        ],
        "Location": [
          "https://management.azure.com/subscriptions/9532a63e-f2eb-4649-bb23-5ed01077ce80/operationresults/eyJqb2JJZCI6IlJFU09VUkNFR1JPVVBERUxFVElPTkpPQi1PTkVTREs0MzY1LVdFU1RVUyIsImpvYkxvY2F0aW9uIjoid2VzdHVzIn0?api-version=2014-04-01-preview"
        ]
      },
      "StatusCode": 202
    },
    {
      "RequestUri": "/subscriptions/9532a63e-f2eb-4649-bb23-5ed01077ce80/operationresults/eyJqb2JJZCI6IlJFU09VUkNFR1JPVVBERUxFVElPTkpPQi1PTkVTREs0MzY1LVdFU1RVUyIsImpvYkxvY2F0aW9uIjoid2VzdHVzIn0?api-version=2014-04-01-preview",
      "EncodedRequestUri": "L3N1YnNjcmlwdGlvbnMvOTUzMmE2M2UtZjJlYi00NjQ5LWJiMjMtNWVkMDEwNzdjZTgwL29wZXJhdGlvbnJlc3VsdHMvZXlKcWIySkpaQ0k2SWxKRlUwOVZVa05GUjFKUFZWQkVSVXhGVkVsUFRrcFBRaTFQVGtWVFJFczBNelkxTFZkRlUxUlZVeUlzSW1wdllreHZZMkYwYVc5dUlqb2lkMlZ6ZEhWekluMD9hcGktdmVyc2lvbj0yMDE0LTA0LTAxLXByZXZpZXc=",
      "RequestMethod": "GET",
      "RequestBody": "",
      "RequestHeaders": {
        "x-ms-version": [
          "2014-04-01-preview"
        ],
        "User-Agent": [
          "Microsoft.Azure.Management.Resources.ResourceManagementClient/2.0.0.0"
        ]
      },
      "ResponseBody": "",
      "ResponseHeaders": {
        "Content-Length": [
          "0"
        ],
        "Expires": [
          "-1"
        ],
        "Pragma": [
          "no-cache"
        ],
        "Retry-After": [
          "15"
        ],
        "x-ms-ratelimit-remaining-subscription-reads": [
          "14950"
        ],
        "x-ms-request-id": [
          "bfe8d44d-fe2d-4df0-b6da-36ebcc1bf5a7"
        ],
        "x-ms-correlation-request-id": [
          "bfe8d44d-fe2d-4df0-b6da-36ebcc1bf5a7"
        ],
        "x-ms-routing-request-id": [
          "WESTUS:20151124T203849Z:bfe8d44d-fe2d-4df0-b6da-36ebcc1bf5a7"
        ],
        "Strict-Transport-Security": [
          "max-age=31536000; includeSubDomains"
        ],
        "Cache-Control": [
          "no-cache"
        ],
        "Date": [
          "Tue, 24 Nov 2015 20:38:48 GMT"
        ],
        "Location": [
          "https://management.azure.com/subscriptions/9532a63e-f2eb-4649-bb23-5ed01077ce80/operationresults/eyJqb2JJZCI6IlJFU09VUkNFR1JPVVBERUxFVElPTkpPQi1PTkVTREs0MzY1LVdFU1RVUyIsImpvYkxvY2F0aW9uIjoid2VzdHVzIn0?api-version=2014-04-01-preview"
        ]
      },
      "StatusCode": 202
    },
    {
      "RequestUri": "/subscriptions/9532a63e-f2eb-4649-bb23-5ed01077ce80/operationresults/eyJqb2JJZCI6IlJFU09VUkNFR1JPVVBERUxFVElPTkpPQi1PTkVTREs0MzY1LVdFU1RVUyIsImpvYkxvY2F0aW9uIjoid2VzdHVzIn0?api-version=2014-04-01-preview",
      "EncodedRequestUri": "L3N1YnNjcmlwdGlvbnMvOTUzMmE2M2UtZjJlYi00NjQ5LWJiMjMtNWVkMDEwNzdjZTgwL29wZXJhdGlvbnJlc3VsdHMvZXlKcWIySkpaQ0k2SWxKRlUwOVZVa05GUjFKUFZWQkVSVXhGVkVsUFRrcFBRaTFQVGtWVFJFczBNelkxTFZkRlUxUlZVeUlzSW1wdllreHZZMkYwYVc5dUlqb2lkMlZ6ZEhWekluMD9hcGktdmVyc2lvbj0yMDE0LTA0LTAxLXByZXZpZXc=",
      "RequestMethod": "GET",
      "RequestBody": "",
      "RequestHeaders": {
        "x-ms-version": [
          "2014-04-01-preview"
        ],
        "User-Agent": [
          "Microsoft.Azure.Management.Resources.ResourceManagementClient/2.0.0.0"
        ]
      },
      "ResponseBody": "",
      "ResponseHeaders": {
        "Content-Length": [
          "0"
        ],
        "Expires": [
          "-1"
        ],
        "Pragma": [
          "no-cache"
        ],
        "x-ms-ratelimit-remaining-subscription-reads": [
          "14949"
        ],
        "x-ms-request-id": [
          "9bda116e-2628-4cae-bb33-165191e964b4"
        ],
        "x-ms-correlation-request-id": [
          "9bda116e-2628-4cae-bb33-165191e964b4"
        ],
        "x-ms-routing-request-id": [
          "WESTUS:20151124T203904Z:9bda116e-2628-4cae-bb33-165191e964b4"
        ],
        "Strict-Transport-Security": [
          "max-age=31536000; includeSubDomains"
        ],
        "Cache-Control": [
          "no-cache"
        ],
        "Date": [
          "Tue, 24 Nov 2015 20:39:04 GMT"
        ]
      },
      "StatusCode": 200
    }
  ],
  "Names": {
    "Test-LoadBalancerCRUD-PublicUsingId": [
      "onesdk4365",
      "onesdk3852",
      "onesdk5387",
      "onesdk2031",
      "onesdk9737",
      "onesdk2083",
      "onesdk9065",
      "onesdk8500",
      "onesdk3081",
      "onesdk5855",
      "onesdk6252"
    ]
  },
  "Variables": {
    "SubscriptionId": "9532a63e-f2eb-4649-bb23-5ed01077ce80"
  }
}