{
  "Get-AzMigrateReplicationProtectionContainer+[NoContext]+List+$GET+https://management.azure.com/subscriptions/7c943c1b-5122-4097-90c8-861411bdd574/resourceGroups/cbtsignoff2105srcrg/providers/Microsoft.RecoveryServices/vaults/signoff2105app1452vault/replicationProtectionContainers?api-version=2021-02-10+1": {
    "Request": {
      "Method": "GET",
      "RequestUri": "https://management.azure.com/subscriptions/7c943c1b-5122-4097-90c8-861411bdd574/resourceGroups/cbtsignoff2105srcrg/providers/Microsoft.RecoveryServices/vaults/signoff2105app1452vault/replicationProtectionContainers?api-version=2021-02-10",
      "Content": null,
      "isContentBase64": false,
      "Headers": {
        "x-ms-unique-id": [ "3" ],
        "x-ms-client-request-id": [ "08a7725a-3124-4e0c-9eaf-6f22d74d31b2" ],
        "CommandName": [ "Get-AzMigrateReplicationProtectionContainer" ],
        "FullCommandName": [ "Get-AzMigrateReplicationProtectionContainer_List1" ],
        "ParameterSetName": [ "__AllParameterSets" ],
        "User-Agent": [ "AzurePowershell/Az4.0.0-preview" ],
        "Authorization": [ "[Filtered]" ]
      },
      "ContentHeaders": {
      }
    },
    "Response": {
      "StatusCode": 200,
      "Headers": {
        "Cache-Control": [ "no-cache" ],
        "Pragma": [ "no-cache" ],
        "x-ms-ratelimit-remaining-subscription-reads": [ "11995" ],
        "Server": [ "Microsoft-IIS/10.0", "Kestrel" ],
        "Strict-Transport-Security": [ "max-age=31536000; includeSubDomains" ],
        "x-ms-request-id": [ "08a7725a-3124-4e0c-9eaf-6f22d74d31b2 7/20/2021 12:25:32 PM" ],
        "X-Content-Type-Options": [ "nosniff" ],
        "x-ms-client-request-id": [ "08a7725a-3124-4e0c-9eaf-6f22d74d31b2" ],
        "x-ms-correlation-request-id": [ "2e867381-0307-4ff7-b1c7-e10e8e127b6e" ],
        "x-ms-routing-request-id": [ "SOUTHINDIA:20210720T122532Z:2e867381-0307-4ff7-b1c7-e10e8e127b6e" ],
        "Date": [ "Tue, 20 Jul 2021 12:25:32 GMT" ]
      },
      "ContentHeaders": {
        "Content-Length": [ "707" ],
        "Content-Type": [ "application/json" ],
        "Expires": [ "-1" ]
      },
      "Content": "{\"value\":[{\"id\":\"/Subscriptions/7c943c1b-5122-4097-90c8-861411bdd574/resourceGroups/cbtsignoff2105srcrg/providers/Microsoft.RecoveryServices/vaults/signoff2105app1452vault/replicationFabrics/signoff2105app1c36replicationfabric/replicationProtectionContainers/signoff2105app1c36replicationcontainer\",\"name\":\"signoff2105app1c36replicationcontainer\",\"type\":\"Microsoft.RecoveryServices/vaults/replicationFabrics/replicationProtectionContainers\",\"properties\":{\"fabricFriendlyName\":\"signoff2105app1c36replicationfabric\",\"friendlyName\":\"signoff2105app1c36replicationcontainer\",\"fabricType\":\"VMwareV2\",\"protectedItemCount\":3,\"pairingStatus\":\"Paired\",\"role\":\"Primary\",\"fabricSpecificDetails\":null}}],\"nextLink\":null}",
      "isContentBase64": false
    }
  },
  "Get-AzMigrateReplicationProtectionContainer+[NoContext]+List1+$GET+https://management.azure.com/subscriptions/7c943c1b-5122-4097-90c8-861411bdd574/resourceGroups/cbtsignoff2105srcrg/providers/Microsoft.RecoveryServices/vaults/signoff2105app1452vault/replicationFabrics/signoff2105app1c36replicationfabric/replicationProtectionContainers?api-version=2021-02-10+1": {
    "Request": {
      "Method": "GET",
      "RequestUri": "https://management.azure.com/subscriptions/7c943c1b-5122-4097-90c8-861411bdd574/resourceGroups/cbtsignoff2105srcrg/providers/Microsoft.RecoveryServices/vaults/signoff2105app1452vault/replicationFabrics/signoff2105app1c36replicationfabric/replicationProtectionContainers?api-version=2021-02-10",
      "Content": null,
      "isContentBase64": false,
      "Headers": {
        "x-ms-unique-id": [ "4" ],
        "x-ms-client-request-id": [ "3b322032-d4ac-40de-ab14-c223e5804965" ],
        "CommandName": [ "Get-AzMigrateReplicationProtectionContainer" ],
        "FullCommandName": [ "Get-AzMigrateReplicationProtectionContainer_List" ],
        "ParameterSetName": [ "__AllParameterSets" ],
        "User-Agent": [ "AzurePowershell/Az4.0.0-preview" ],
        "Authorization": [ "[Filtered]" ]
      },
      "ContentHeaders": {
      }
    },
    "Response": {
      "StatusCode": 200,
      "Headers": {
        "Cache-Control": [ "no-cache" ],
        "Pragma": [ "no-cache" ],
        "x-ms-ratelimit-remaining-subscription-reads": [ "11994" ],
        "Server": [ "Microsoft-IIS/10.0", "Kestrel" ],
        "Strict-Transport-Security": [ "max-age=31536000; includeSubDomains" ],
        "x-ms-request-id": [ "3b322032-d4ac-40de-ab14-c223e5804965 7/20/2021 12:25:32 PM" ],
        "X-Content-Type-Options": [ "nosniff" ],
        "x-ms-client-request-id": [ "3b322032-d4ac-40de-ab14-c223e5804965" ],
        "x-ms-correlation-request-id": [ "a630b2ac-cb78-4287-90ef-b1852187a99b" ],
        "x-ms-routing-request-id": [ "SOUTHINDIA:20210720T122532Z:a630b2ac-cb78-4287-90ef-b1852187a99b" ],
        "Date": [ "Tue, 20 Jul 2021 12:25:32 GMT" ]
      },
      "ContentHeaders": {
        "Content-Length": [ "707" ],
        "Content-Type": [ "application/json" ],
        "Expires": [ "-1" ]
      },
      "Content": "{\"value\":[{\"id\":\"/Subscriptions/7c943c1b-5122-4097-90c8-861411bdd574/resourceGroups/cbtsignoff2105srcrg/providers/Microsoft.RecoveryServices/vaults/signoff2105app1452vault/replicationFabrics/signoff2105app1c36replicationfabric/replicationProtectionContainers/signoff2105app1c36replicationcontainer\",\"name\":\"signoff2105app1c36replicationcontainer\",\"type\":\"Microsoft.RecoveryServices/vaults/replicationFabrics/replicationProtectionContainers\",\"properties\":{\"fabricFriendlyName\":\"signoff2105app1c36replicationfabric\",\"friendlyName\":\"signoff2105app1c36replicationcontainer\",\"fabricType\":\"VMwareV2\",\"protectedItemCount\":3,\"pairingStatus\":\"Paired\",\"role\":\"Primary\",\"fabricSpecificDetails\":null}}],\"nextLink\":null}",
      "isContentBase64": false
    }
  },
  "Get-AzMigrateReplicationProtectionContainer+[NoContext]+Get+$GET+https://management.azure.com/subscriptions/7c943c1b-5122-4097-90c8-861411bdd574/resourceGroups/cbtsignoff2105srcrg/providers/Microsoft.RecoveryServices/vaults/signoff2105app1452vault/replicationFabrics/signoff2105app1c36replicationfabric/replicationProtectionContainers/signoff2105app1c36replicationcontainer?api-version=2021-02-10+1": {
    "Request": {
      "Method": "GET",
      "RequestUri": "https://management.azure.com/subscriptions/7c943c1b-5122-4097-90c8-861411bdd574/resourceGroups/cbtsignoff2105srcrg/providers/Microsoft.RecoveryServices/vaults/signoff2105app1452vault/replicationFabrics/signoff2105app1c36replicationfabric/replicationProtectionContainers/signoff2105app1c36replicationcontainer?api-version=2021-02-10",
      "Content": null,
      "isContentBase64": false,
      "Headers": {
        "x-ms-unique-id": [ "5" ],
        "x-ms-client-request-id": [ "3bbd330a-9063-44de-b51a-233490d95e78" ],
        "CommandName": [ "Get-AzMigrateReplicationProtectionContainer" ],
        "FullCommandName": [ "Get-AzMigrateReplicationProtectionContainer_Get" ],
        "ParameterSetName": [ "__AllParameterSets" ],
        "User-Agent": [ "AzurePowershell/Az4.0.0-preview" ],
        "Authorization": [ "[Filtered]" ]
      },
      "ContentHeaders": {
      }
    },
    "Response": {
      "StatusCode": 200,
      "Headers": {
        "Cache-Control": [ "no-cache" ],
        "Pragma": [ "no-cache" ],
        "x-ms-ratelimit-remaining-subscription-reads": [ "11993" ],
        "Server": [ "Microsoft-IIS/10.0", "Kestrel" ],
        "Strict-Transport-Security": [ "max-age=31536000; includeSubDomains" ],
        "x-ms-request-id": [ "3bbd330a-9063-44de-b51a-233490d95e78 7/20/2021 12:25:33 PM" ],
        "X-Content-Type-Options": [ "nosniff" ],
        "x-ms-client-request-id": [ "3bbd330a-9063-44de-b51a-233490d95e78" ],
        "x-ms-correlation-request-id": [ "887dd9ca-26a6-4e24-b855-919569ddf6da" ],
        "x-ms-routing-request-id": [ "SOUTHINDIA:20210720T122533Z:887dd9ca-26a6-4e24-b855-919569ddf6da" ],
        "Date": [ "Tue, 20 Jul 2021 12:25:33 GMT" ]
      },
      "ContentHeaders": {
        "Content-Length": [ "679" ],
        "Content-Type": [ "application/json" ],
        "Expires": [ "-1" ]
      },
      "Content": "{\"id\":\"/Subscriptions/7c943c1b-5122-4097-90c8-861411bdd574/resourceGroups/cbtsignoff2105srcrg/providers/Microsoft.RecoveryServices/vaults/signoff2105app1452vault/replicationFabrics/signoff2105app1c36replicationfabric/replicationProtectionContainers/signoff2105app1c36replicationcontainer\",\"name\":\"signoff2105app1c36replicationcontainer\",\"type\":\"Microsoft.RecoveryServices/vaults/replicationFabrics/replicationProtectionContainers\",\"properties\":{\"fabricFriendlyName\":\"signoff2105app1c36replicationfabric\",\"friendlyName\":\"signoff2105app1c36replicationcontainer\",\"fabricType\":\"VMwareV2\",\"protectedItemCount\":3,\"pairingStatus\":\"Paired\",\"role\":\"Primary\",\"fabricSpecificDetails\":null}}",
      "isContentBase64": false
    }
  }
}