{
  "Start-AzMigrateTestMigrationCleanup+[NoContext]+ByNameVMwareCbt+$GET+https://management.azure.com/subscriptions/7c943c1b-5122-4097-90c8-861411bdd574/resourceGroups/azmigratepwshtestasr13072020/providers/Microsoft.Migrate/migrateProjects/AzMigrateTestProjectPWSH/solutions/Servers-Migration-ServerMigration?api-version=2018-09-01-preview+1": {
    "Request": {
      "Method": "GET",
      "RequestUri": "https://management.azure.com/subscriptions/7c943c1b-5122-4097-90c8-861411bdd574/resourceGroups/azmigratepwshtestasr13072020/providers/Microsoft.Migrate/migrateProjects/AzMigrateTestProjectPWSH/solutions/Servers-Migration-ServerMigration?api-version=2018-09-01-preview",
      "Content": null,
      "Headers": {
        "x-ms-unique-id": [ "72" ],
        "x-ms-client-request-id": [ "b3791eda-f6aa-4bdc-a27d-74be31d042ff" ],
        "CommandName": [ "Az.Migrate\\Get-AzMigrateSolution" ],
        "FullCommandName": [ "Get-AzMigrateSolution_Get" ],
        "ParameterSetName": [ "__AllParameterSets" ],
        "User-Agent": [ "AzurePowershell/Az4.0.0-preview" ],
        "Authorization": [ "[Filtered]" ]
      },
      "ContentHeaders": {
      }
    },
    "Response": {
      "StatusCode": 200,
      "Headers": {
        "Cache-Control": [ "no-cache" ],
        "Pragma": [ "no-cache" ],
        "x-ms-request-id": [ "b0908dd0-d542-4b40-9680-c02bb8a91f6e" ],
        "X-Content-Type-Options": [ "nosniff" ],
        "Strict-Transport-Security": [ "max-age=31536000; includeSubDomains" ],
        "x-ms-ratelimit-remaining-subscription-reads": [ "11989" ],
        "x-ms-correlation-request-id": [ "91993bdd-2d06-4826-b98d-158ac29609e3" ],
        "x-ms-routing-request-id": [ "CENTRALINDIA:20200924T105939Z:91993bdd-2d06-4826-b98d-158ac29609e3" ],
        "Date": [ "Thu, 24 Sep 2020 10:59:38 GMT" ]
      },
      "ContentHeaders": {
        "Content-Length": [ "1347" ],
        "Content-Type": [ "application/json; charset=utf-8" ],
        "Expires": [ "-1" ]
      },
      "Content": "{\"id\":\"/subscriptions/7c943c1b-5122-4097-90c8-861411bdd574/resourceGroups/azmigratepwshtestasr13072020/providers/Microsoft.Migrate/MigrateProjects/AzMigrateTestProjectPWSH/Solutions/Servers-Migration-ServerMigration\",\"name\":\"Servers-Migration-ServerMigration\",\"type\":\"Microsoft.Migrate/MigrateProjects/Solutions\",\"etag\":\"\\\"510005ee-0000-0800-0000-5f12716b0000\\\"\",\"properties\":{\"tool\":\"ServerMigration\",\"purpose\":\"Migration\",\"goal\":\"Servers\",\"status\":\"Active\",\"cleanupState\":\"None\",\"summary\":{\"instanceType\":\"Servers\",\"discoveredCount\":0,\"assessedCount\":0,\"replicatingCount\":9,\"testMigratedCount\":0,\"migratedCount\":0},\"details\":{\"groupCount\":0,\"assessmentCount\":0,\"extendedDetails\":{\"applianceNameToSiteIdMapV2\":\"[\\r\\n  {\\r\\n    \\\"ApplianceName\\\": \\\"AzMigratePWSHT\\\",\\r\\n    \\\"SiteId\\\": \\\"/subscriptions/7c943c1b-5122-4097-90c8-861411bdd574/resourceGroups/azmigratepwshtestasr13072020/providers/Microsoft.OffAzure/VMwareSites/AzMigratePWSHTc8d1site\\\"\\r\\n  }\\r\\n]\",\"projectId\":\"/subscriptions/7c943c1b-5122-4097-90c8-861411bdd574/resourceGroups/azmigratepwshtestasr13072020/providers/Microsoft.Migrate/assessmentprojects/AzMigrateTestProjectPWSH02aaproject\",\"vaultId\":\"/subscriptions/7c943c1b-5122-4097-90c8-861411bdd574/resourceGroups/azmigratepwshtestasr13072020/providers/Microsoft.RecoveryServices/vaults/AzMigrateTestProjectPWSH02aarsvault\"}}}}"
    }
  },
  "Start-AzMigrateTestMigrationCleanup+[NoContext]+ByNameVMwareCbt+$GET+https://management.azure.com/Subscriptions/7c943c1b-5122-4097-90c8-861411bdd574/resourceGroups/azmigratepwshtestasr13072020/providers/Microsoft.RecoveryServices/vaults/AzMigrateTestProjectPWSH02aarsvault/replicationFabrics?api-version=2018-01-10+2": {
    "Request": {
      "Method": "GET",
      "RequestUri": "https://management.azure.com/Subscriptions/7c943c1b-5122-4097-90c8-861411bdd574/resourceGroups/azmigratepwshtestasr13072020/providers/Microsoft.RecoveryServices/vaults/AzMigrateTestProjectPWSH02aarsvault/replicationFabrics?api-version=2018-01-10",
      "Content": null,
      "Headers": {
        "x-ms-unique-id": [ "73" ],
        "x-ms-client-request-id": [ "41990ccc-d510-48ec-bbf8-3a887ebf3a1b" ],
        "CommandName": [ "Az.Migrate\\Get-AzMigrateReplicationFabric" ],
        "FullCommandName": [ "Get-AzMigrateReplicationFabric_List" ],
        "ParameterSetName": [ "__AllParameterSets" ],
        "User-Agent": [ "AzurePowershell/Az4.0.0-preview" ],
        "Authorization": [ "[Filtered]" ]
      },
      "ContentHeaders": {
      }
    },
    "Response": {
      "StatusCode": 200,
      "Headers": {
        "Cache-Control": [ "no-cache" ],
        "Pragma": [ "no-cache" ],
        "x-ms-ratelimit-remaining-subscription-reads": [ "11988" ],
        "Server": [ "Microsoft-IIS/10.0", "Kestrel" ],
        "x-ms-request-id": [ "41990ccc-d510-48ec-bbf8-3a887ebf3a1b 9/24/2020 10:59:39 AM" ],
        "X-Content-Type-Options": [ "nosniff" ],
        "x-ms-client-request-id": [ "41990ccc-d510-48ec-bbf8-3a887ebf3a1b" ],
        "Strict-Transport-Security": [ "max-age=31536000; includeSubDomains" ],
        "x-ms-correlation-request-id": [ "1a636193-1413-447c-ac3e-ef2136b78136" ],
        "x-ms-routing-request-id": [ "CENTRALINDIA:20200924T105939Z:1a636193-1413-447c-ac3e-ef2136b78136" ],
        "Date": [ "Thu, 24 Sep 2020 10:59:38 GMT" ]
      },
      "ContentHeaders": {
        "Content-Length": [ "1446" ],
        "Content-Type": [ "application/json" ],
        "Expires": [ "-1" ]
      },
      "Content": "{\"value\":[{\"name\":\"AzMigratePWSHTc8d1replicationfabric\",\"type\":\"Microsoft.RecoveryServices/vaults/replicationFabrics\",\"id\":\"/Subscriptions/7c943c1b-5122-4097-90c8-861411bdd574/resourceGroups/azmigratepwshtestasr13072020/providers/Microsoft.RecoveryServices/vaults/AzMigrateTestProjectPWSH02aarsvault/replicationFabrics/AzMigratePWSHTc8d1replicationfabric\",\"properties\":{\"friendlyName\":\"AzMigratePWSHTc8d1replicationfabric\",\"encryptionDetails\":{\"kekState\":\"None\",\"kekCertThumbprint\":null},\"rolloverEncryptionDetails\":{\"kekState\":\"None\",\"kekCertThumbprint\":null},\"internalIdentifier\":\"501ff8f2-c9d7-5bf4-87ff-d0b3fc98aeb5\",\"bcdrState\":\"Valid\",\"customDetails\":{\"instanceType\":\"VMwareV2\",\"vmwareSiteId\":\"/subscriptions/7c943c1b-5122-4097-90c8-861411bdd574/resourceGroups/azmigratepwshtestasr13072020/providers/Microsoft.OffAzure/VMwareSites/AzMigratePWSHTc8d1site\",\"physicalSiteId\":null,\"migrationSolutionId\":\"/subscriptions/7c943c1b-5122-4097-90c8-861411bdd574/resourceGroups/azmigratepwshtestasr13072020/providers/Microsoft.Migrate/MigrateProjects/AzMigrateTestProjectPWSH/Solutions/Servers-Migration-ServerMigration\",\"srsServiceEndpoint\":\"https://pod01-srs1.wus2.hypervrecoverymanager.windowsazure.com\",\"serviceEndpoint\":\"https://pod01-srs1.wus2.hypervrecoverymanager.windowsazure.com\",\"serviceResourceId\":\"4924138093101809170\",\"serviceContainerId\":\"1731645538365\",\"processServers\":[]},\"healthErrorDetails\":[],\"health\":\"Normal\"}}],\"nextLink\":null}"
    }
  },
  "Start-AzMigrateTestMigrationCleanup+[NoContext]+ByNameVMwareCbt+$GET+https://management.azure.com/Subscriptions/7c943c1b-5122-4097-90c8-861411bdd574/resourceGroups/azmigratepwshtestasr13072020/providers/Microsoft.RecoveryServices/vaults/AzMigrateTestProjectPWSH02aarsvault/replicationFabrics/AzMigratePWSHTc8d1replicationfabric/replicationProtectionContainers?api-version=2018-01-10+3": {
    "Request": {
      "Method": "GET",
      "RequestUri": "https://management.azure.com/Subscriptions/7c943c1b-5122-4097-90c8-861411bdd574/resourceGroups/azmigratepwshtestasr13072020/providers/Microsoft.RecoveryServices/vaults/AzMigrateTestProjectPWSH02aarsvault/replicationFabrics/AzMigratePWSHTc8d1replicationfabric/replicationProtectionContainers?api-version=2018-01-10",
      "Content": null,
      "Headers": {
        "x-ms-unique-id": [ "74" ],
        "x-ms-client-request-id": [ "5081896f-1d04-4b29-a344-bbb75c21bfad" ],
        "CommandName": [ "Az.Migrate\\Get-AzMigrateReplicationProtectionContainer" ],
        "FullCommandName": [ "Get-AzMigrateReplicationProtectionContainer_List1" ],
        "ParameterSetName": [ "__AllParameterSets" ],
        "User-Agent": [ "AzurePowershell/Az4.0.0-preview" ],
        "Authorization": [ "[Filtered]" ]
      },
      "ContentHeaders": {
      }
    },
    "Response": {
      "StatusCode": 200,
      "Headers": {
        "Cache-Control": [ "no-cache" ],
        "Pragma": [ "no-cache" ],
        "x-ms-ratelimit-remaining-subscription-reads": [ "11987" ],
        "Server": [ "Microsoft-IIS/10.0", "Kestrel" ],
        "x-ms-request-id": [ "5081896f-1d04-4b29-a344-bbb75c21bfad 9/24/2020 10:59:39 AM" ],
        "X-Content-Type-Options": [ "nosniff" ],
        "x-ms-client-request-id": [ "5081896f-1d04-4b29-a344-bbb75c21bfad" ],
        "Strict-Transport-Security": [ "max-age=31536000; includeSubDomains" ],
        "x-ms-correlation-request-id": [ "61b6c83b-b549-4028-b9a7-402faa7e9eb9" ],
        "x-ms-routing-request-id": [ "CENTRALINDIA:20200924T105939Z:61b6c83b-b549-4028-b9a7-402faa7e9eb9" ],
        "Date": [ "Thu, 24 Sep 2020 10:59:39 GMT" ]
      },
      "ContentHeaders": {
        "Content-Length": [ "728" ],
        "Content-Type": [ "application/json" ],
        "Expires": [ "-1" ]
      },
      "Content": "{\"value\":[{\"id\":\"/Subscriptions/7c943c1b-5122-4097-90c8-861411bdd574/resourceGroups/azmigratepwshtestasr13072020/providers/Microsoft.RecoveryServices/vaults/AzMigrateTestProjectPWSH02aarsvault/replicationFabrics/AzMigratePWSHTc8d1replicationfabric/replicationProtectionContainers/AzMigratePWSHTc8d1replicationcontainer\",\"name\":\"AzMigratePWSHTc8d1replicationcontainer\",\"type\":\"Microsoft.RecoveryServices/vaults/replicationFabrics/replicationProtectionContainers\",\"properties\":{\"fabricFriendlyName\":\"AzMigratePWSHTc8d1replicationfabric\",\"friendlyName\":\"AzMigratePWSHTc8d1replicationcontainer\",\"fabricType\":\"VMwareV2\",\"protectedItemCount\":9,\"pairingStatus\":\"Paired\",\"role\":\"Primary\",\"fabricSpecificDetails\":null}}],\"nextLink\":null}"
    }
  },
  "Start-AzMigrateTestMigrationCleanup+[NoContext]+ByNameVMwareCbt+$GET+https://management.azure.com/Subscriptions/7c943c1b-5122-4097-90c8-861411bdd574/resourceGroups/azmigratepwshtestasr13072020/providers/Microsoft.RecoveryServices/vaults/AzMigrateTestProjectPWSH02aarsvault/replicationFabrics/AzMigratePWSHTc8d1replicationfabric/replicationProtectionContainers/AzMigratePWSHTc8d1replicationcontainer/replicationMigrationItems/bcdr-vcenter-fareast-corp-micro-cfcc5a24-a40e-56b9-a6af-e206c9ca4f93_525a684f-3131-8b5c-2eb5-2e690eedc30c?api-version=2018-01-10+4": {
    "Request": {
      "Method": "GET",
      "RequestUri": "https://management.azure.com/Subscriptions/7c943c1b-5122-4097-90c8-861411bdd574/resourceGroups/azmigratepwshtestasr13072020/providers/Microsoft.RecoveryServices/vaults/AzMigrateTestProjectPWSH02aarsvault/replicationFabrics/AzMigratePWSHTc8d1replicationfabric/replicationProtectionContainers/AzMigratePWSHTc8d1replicationcontainer/replicationMigrationItems/bcdr-vcenter-fareast-corp-micro-cfcc5a24-a40e-56b9-a6af-e206c9ca4f93_525a684f-3131-8b5c-2eb5-2e690eedc30c?api-version=2018-01-10",
      "Content": null,
      "Headers": {
        "x-ms-unique-id": [ "75" ],
        "x-ms-client-request-id": [ "74ad371e-c3e1-4949-ace9-c44b016f8dfe" ],
        "CommandName": [ "Az.Migrate.internal\\Get-AzMigrateReplicationMigrationItem" ],
        "FullCommandName": [ "Get-AzMigrateReplicationMigrationItem_Get" ],
        "ParameterSetName": [ "__AllParameterSets" ],
        "User-Agent": [ "AzurePowershell/Az4.0.0-preview" ],
        "Authorization": [ "[Filtered]" ]
      },
      "ContentHeaders": {
      }
    },
    "Response": {
      "StatusCode": 200,
      "Headers": {
        "Cache-Control": [ "no-cache" ],
        "Pragma": [ "no-cache" ],
        "x-ms-ratelimit-remaining-subscription-reads": [ "11986" ],
        "Server": [ "Microsoft-IIS/10.0", "Kestrel" ],
        "x-ms-request-id": [ "74ad371e-c3e1-4949-ace9-c44b016f8dfe 9/24/2020 10:59:40 AM" ],
        "X-Content-Type-Options": [ "nosniff" ],
        "x-ms-client-request-id": [ "74ad371e-c3e1-4949-ace9-c44b016f8dfe" ],
        "Strict-Transport-Security": [ "max-age=31536000; includeSubDomains" ],
        "x-ms-correlation-request-id": [ "ab0b5e93-ee13-43e5-bd36-796a27b99d9a" ],
        "x-ms-routing-request-id": [ "CENTRALINDIA:20200924T105940Z:ab0b5e93-ee13-43e5-bd36-796a27b99d9a" ],
        "Date": [ "Thu, 24 Sep 2020 10:59:39 GMT" ]
      },
      "ContentHeaders": {
        "Content-Length": [ "6102" ],
        "Content-Type": [ "application/json" ],
        "Expires": [ "-1" ]
      },
      "Content": "{\"id\":\"/Subscriptions/7c943c1b-5122-4097-90c8-861411bdd574/resourceGroups/azmigratepwshtestasr13072020/providers/Microsoft.RecoveryServices/vaults/AzMigrateTestProjectPWSH02aarsvault/replicationFabrics/AzMigratePWSHTc8d1replicationfabric/replicationProtectionContainers/AzMigratePWSHTc8d1replicationcontainer/replicationMigrationItems/bcdr-vcenter-fareast-corp-micro-cfcc5a24-a40e-56b9-a6af-e206c9ca4f93_525a684f-3131-8b5c-2eb5-2e690eedc30c\",\"name\":\"bcdr-vcenter-fareast-corp-micro-cfcc5a24-a40e-56b9-a6af-e206c9ca4f93_525a684f-3131-8b5c-2eb5-2e690eedc30c\",\"type\":\"Microsoft.RecoveryServices/vaults/replicationFabrics/replicationProtectionContainers/replicationMigrationItems\",\"properties\":{\"machineName\":\"vis-ubl1404-01\",\"policyId\":\"/Subscriptions/7c943c1b-5122-4097-90c8-861411bdd574/resourceGroups/azmigratepwshtestasr13072020/providers/Microsoft.RecoveryServices/vaults/AzMigrateTestProjectPWSH02aarsvault/replicationPolicies/migrateAzMigratePWSHTc8d1sitepolicy\",\"policyFriendlyName\":\"migrateAzMigratePWSHTc8d1sitepolicy\",\"recoveryServicesProviderId\":\"/Subscriptions/7c943c1b-5122-4097-90c8-861411bdd574/resourceGroups/azmigratepwshtestasr13072020/providers/Microsoft.RecoveryServices/vaults/AzMigrateTestProjectPWSH02aarsvault/replicationFabrics/AzMigratePWSHTc8d1replicationfabric/replicationRecoveryServicesProviders/979c90cf-c376-5f2c-af38-15b72ff221f2\",\"migrationState\":\"Replicating\",\"migrationStateDescription\":\"Ready to migrate\",\"lastTestMigrationTime\":\"2020-09-24T10:29:22.0719845Z\",\"lastTestMigrationStatus\":\"Succeeded\",\"testMigrateState\":\"TestMigrationSucceeded\",\"testMigrateStateDescription\":\"Test clean up pending\",\"health\":\"Normal\",\"healthErrors\":[],\"allowedOperations\":[\"DisableMigration\",\"TestMigrateCleanup\"],\"currentJob\":{\"jobName\":\"TestFailover\",\"jobId\":\"/Subscriptions/7c943c1b-5122-4097-90c8-861411bdd574/resourceGroups/azmigratepwshtestasr13072020/providers/Microsoft.RecoveryServices/vaults/AzMigrateTestProjectPWSH02aarsvault/replicationJobs/3eba32c7-08c4-4990-8675-eb19da8593b1\",\"startTime\":\"2020-09-24T10:29:22.0719845Z\"},\"eventCorrelationId\":\"90e33ca9-1674-4644-bb33-d61003cb3c50\",\"providerSpecificDetails\":{\"instanceType\":\"VMwareCbt\",\"vmwareMachineId\":\"/subscriptions/7c943c1b-5122-4097-90c8-861411bdd574/resourceGroups/azmigratepwshtestasr13072020/providers/Microsoft.OffAzure/VMwareSites/AzMigratePWSHTc8d1site/machines/bcdr-vcenter-fareast-corp-micro-cfcc5a24-a40e-56b9-a6af-e206c9ca4f93_525a684f-3131-8b5c-2eb5-2e690eedc30c\",\"osType\":\"Linux\",\"firmwareType\":\"BIOS\",\"targetGeneration\":\"V1\",\"licenseType\":\"NoLicenseType\",\"dataMoverRunAsAccountId\":\"/subscriptions/7c943c1b-5122-4097-90c8-861411bdd574/resourceGroups/azmigratepwshtestasr13072020/providers/Microsoft.OffAzure/VMwareSites/AzMigratePWSHTc8d1site/runasaccounts/cfcc5a24-a40e-56b9-a6af-e206c9ca4f93\",\"snapshotRunAsAccountId\":\"/subscriptions/7c943c1b-5122-4097-90c8-861411bdd574/resourceGroups/azmigratepwshtestasr13072020/providers/Microsoft.OffAzure/VMwareSites/AzMigratePWSHTc8d1site/runasaccounts/cfcc5a24-a40e-56b9-a6af-e206c9ca4f93\",\"storageAccountId\":null,\"targetVmName\":\"vis-ubl1404-01\",\"targetVmSize\":\"Standard_B1ms\",\"targetLocation\":\"centraluseuap\",\"targetResourceGroupId\":\"/subscriptions/7c943c1b-5122-4097-90c8-861411bdd574/resourceGroups/AzMigratePWSHtargetRG\",\"targetAvailabilitySetId\":\"\",\"targetAvailabilityZone\":\"\",\"targetBootDiagnosticsStorageAccountId\":\"/subscriptions/7c943c1b-5122-4097-90c8-861411bdd574/resourceGroups/azmigratepwshtestasr13072020/providers/Microsoft.Storage/storageAccounts/migratelsa846827101\",\"protectedDisks\":[{\"diskId\":\"6000C295-9fb9-3796-17cc-9d39c9bbe4f7\",\"diskName\":\"vis-ubl1404-01\",\"diskType\":\"Standard_LRS\",\"diskPath\":\"[datastore78-ext] vis-ubl1404-01/vis-ubl1404-01.vmdk\",\"isOSDisk\":\"true\",\"capacityInBytes\":42949672960,\"logStorageAccountId\":\"/subscriptions/7c943c1b-5122-4097-90c8-861411bdd574/resourceGroups/azmigratepwshtestasr13072020/providers/Microsoft.Storage/storageAccounts/migratelsa846827101\",\"logStorageAccountSasSecretName\":\"migratelsa846827101-cacheSas\",\"diskEncryptionSetId\":null,\"seedManagedDiskId\":\"/subscriptions/7c943c1b-5122-4097-90c8-861411bdd574/resourceGroups/AzMigratePWSHtargetRG/providers/Microsoft.Compute/disks/asrseeddisk-vis_ubl1-vis_ubl1-b56b24a6-651b-4f25-bf37-53b345121347\",\"seedBlobUri\":null,\"targetManagedDiskId\":null,\"targetBlobUri\":null}],\"targetNetworkId\":\"/subscriptions/7c943c1b-5122-4097-90c8-861411bdd574/resourceGroups/AzMigratePWSHtargetRG/providers/Microsoft.Network/virtualNetworks/AzMigrateTargetNetwork\",\"vmNics\":[{\"nicId\":\"895154f6-20a9-44ed-81d0-16f5481ad72c\",\"isPrimaryNic\":\"true\",\"sourceIPAddress\":null,\"sourceIPAddressType\":\"Static\",\"sourceNetworkId\":\"VM Network\",\"targetIPAddress\":\"\",\"targetIPAddressType\":\"Dynamic\",\"targetSubnetName\":\"default\",\"isSelectedForMigration\":\"true\"}],\"migrationRecoveryPointId\":\"/Subscriptions/7c943c1b-5122-4097-90c8-861411bdd574/resourceGroups/azmigratepwshtestasr13072020/providers/Microsoft.RecoveryServices/vaults/AzMigrateTestProjectPWSH02aarsvault/replicationFabrics/AzMigratePWSHTc8d1replicationfabric/replicationProtectionContainers/AzMigratePWSHTc8d1replicationcontainer/replicationMigrationItems/bcdr-vcenter-fareast-corp-micro-cfcc5a24-a40e-56b9-a6af-e206c9ca4f93_525a684f-3131-8b5c-2eb5-2e690eedc30c/migrationRecoveryPoints/0ee34ffe-7f96-434d-9545-e1c8020bdbb8\",\"lastRecoveryPointReceived\":\"2020-09-24T10:52:39.372Z\",\"lastRecoveryPointId\":\"/Subscriptions/7c943c1b-5122-4097-90c8-861411bdd574/resourceGroups/azmigratepwshtestasr13072020/providers/Microsoft.RecoveryServices/vaults/AzMigrateTestProjectPWSH02aarsvault/replicationFabrics/AzMigratePWSHTc8d1replicationfabric/replicationProtectionContainers/AzMigratePWSHTc8d1replicationcontainer/replicationMigrationItems/bcdr-vcenter-fareast-corp-micro-cfcc5a24-a40e-56b9-a6af-e206c9ca4f93_525a684f-3131-8b5c-2eb5-2e690eedc30c/migrationRecoveryPoints/d60c26cb-8bf8-41e5-b576-028b77557028\",\"initialSeedingProgressPercentage\":null,\"migrationProgressPercentage\":null,\"resyncProgressPercentage\":null,\"initialSeedingRetryCount\":0,\"resyncRetryCount\":0,\"resyncRequired\":\"false\",\"resyncState\":\"None\",\"performAutoResync\":\"true\"}}}"
    }
  },
  "Start-AzMigrateTestMigrationCleanup+[NoContext]+ByNameVMwareCbt+$POST+https://management.azure.com/Subscriptions/7c943c1b-5122-4097-90c8-861411bdd574/resourceGroups/azmigratepwshtestasr13072020/providers/Microsoft.RecoveryServices/vaults/AzMigrateTestProjectPWSH02aarsvault/replicationFabrics/AzMigratePWSHTc8d1replicationfabric/replicationProtectionContainers/AzMigratePWSHTc8d1replicationcontainer/replicationMigrationItems/bcdr-vcenter-fareast-corp-micro-cfcc5a24-a40e-56b9-a6af-e206c9ca4f93_525a684f-3131-8b5c-2eb5-2e690eedc30c/testMigrateCleanup?api-version=2018-01-10+5": {
    "Request": {
      "Method": "POST",
      "RequestUri": "https://management.azure.com/Subscriptions/7c943c1b-5122-4097-90c8-861411bdd574/resourceGroups/azmigratepwshtestasr13072020/providers/Microsoft.RecoveryServices/vaults/AzMigrateTestProjectPWSH02aarsvault/replicationFabrics/AzMigratePWSHTc8d1replicationfabric/replicationProtectionContainers/AzMigratePWSHTc8d1replicationcontainer/replicationMigrationItems/bcdr-vcenter-fareast-corp-micro-cfcc5a24-a40e-56b9-a6af-e206c9ca4f93_525a684f-3131-8b5c-2eb5-2e690eedc30c/testMigrateCleanup?api-version=2018-01-10",
      "Content": "{\n  \"properties\": {\n    \"comments\": \"Test migrate cleanup from powershell\"\n  }\n}",
      "Headers": {
      },
      "ContentHeaders": {
        "Content-Type": [ "application/json" ],
        "Content-Length": [ "80" ]
      }
    },
    "Response": {
      "StatusCode": 202,
      "Headers": {
        "Cache-Control": [ "no-cache" ],
        "Pragma": [ "no-cache" ],
        "Location": [ "https://management.azure.com/Subscriptions/7c943c1b-5122-4097-90c8-861411bdd574/resourceGroups/azmigratepwshtestasr13072020/providers/Microsoft.RecoveryServices/vaults/AzMigrateTestProjectPWSH02aarsvault/replicationFabrics/AzMigratePWSHTc8d1replicationfabric/replicationProtectionContainers/AzMigratePWSHTc8d1replicationcontainer/replicationMigrationItems/bcdr-vcenter-fareast-corp-micro-cfcc5a24-a40e-56b9-a6af-e206c9ca4f93_525a684f-3131-8b5c-2eb5-2e690eedc30c/operationresults/2ea89045-1c6b-415f-8aa9-4b0a91555895?api-version=2018-01-10" ],
        "Retry-After": [ "30" ],
        "x-ms-request-id": [ "/Subscriptions/7c943c1b-5122-4097-90c8-861411bdd574/resourceGroups/azmigratepwshtestasr13072020/providers/Microsoft.RecoveryServices/vaults/AzMigrateTestProjectPWSH02aarsvault/replicationJobs/2ea89045-1c6b-415f-8aa9-4b0a91555895", "/Subscriptions/7c943c1b-5122-4097-90c8-861411bdd574/resourceGroups/azmigratepwshtestasr13072020/providers/Microsoft.RecoveryServices/vaults/AzMigrateTestProjectPWSH02aarsvault/replicationJobs/2ea89045-1c6b-415f-8aa9-4b0a91555895" ],
        "Azure-AsyncOperation": [ "https://management.azure.com/Subscriptions/7c943c1b-5122-4097-90c8-861411bdd574/resourceGroups/azmigratepwshtestasr13072020/providers/Microsoft.RecoveryServices/vaults/AzMigrateTestProjectPWSH02aarsvault/replicationOperationStatus/2ea89045-1c6b-415f-8aa9-4b0a91555895?api-version=2018-01-10" ],
        "X-Content-Type-Options": [ "nosniff" ],
        "x-ms-client-request-id": [ "1b68ef69-3874-45c7-940c-530fb9301568" ],
        "Strict-Transport-Security": [ "max-age=31536000; includeSubDomains" ],
        "x-ms-ratelimit-remaining-subscription-writes": [ "1199" ],
        "x-ms-correlation-request-id": [ "40b8b406-3de7-4df7-b5b5-2b40c4b170a3" ],
        "x-ms-routing-request-id": [ "CENTRALINDIA:20200924T105941Z:40b8b406-3de7-4df7-b5b5-2b40c4b170a3" ],
        "Date": [ "Thu, 24 Sep 2020 10:59:40 GMT" ]
      },
      "ContentHeaders": {
        "Expires": [ "-1" ],
        "Content-Length": [ "0" ]
      },
      "Content": null
    }
  },
  "Start-AzMigrateTestMigrationCleanup+[NoContext]+ByNameVMwareCbt+$GET+https://management.azure.com/Subscriptions/7c943c1b-5122-4097-90c8-861411bdd574/resourceGroups/azmigratepwshtestasr13072020/providers/Microsoft.RecoveryServices/vaults/AzMigrateTestProjectPWSH02aarsvault/replicationOperationStatus/2ea89045-1c6b-415f-8aa9-4b0a91555895?api-version=2018-01-10+6": {
    "Request": {
      "Method": "GET",
      "RequestUri": "https://management.azure.com/Subscriptions/7c943c1b-5122-4097-90c8-861411bdd574/resourceGroups/azmigratepwshtestasr13072020/providers/Microsoft.RecoveryServices/vaults/AzMigrateTestProjectPWSH02aarsvault/replicationOperationStatus/2ea89045-1c6b-415f-8aa9-4b0a91555895?api-version=2018-01-10",
      "Content": null,
      "Headers": {
        "Authorization": [ "[Filtered]" ],
        "x-ms-unique-id": [ "77" ],
        "x-ms-client-request-id": [ "1b68ef69-3874-45c7-940c-530fb9301568" ],
        "CommandName": [ "Az.Migrate.internal\\Test-AzMigrateReplicationMigrationItemMigrateCleanup" ],
        "FullCommandName": [ "Test-AzMigrateReplicationMigrationItemMigrateCleanup_TestExpanded" ],
        "ParameterSetName": [ "__AllParameterSets" ],
        "User-Agent": [ "AzurePowershell/Az4.0.0-preview" ]
      },
      "ContentHeaders": {
      }
    },
    "Response": {
      "StatusCode": 200,
      "Headers": {
        "Cache-Control": [ "no-cache" ],
        "Pragma": [ "no-cache" ],
        "x-ms-ratelimit-remaining-subscription-reads": [ "11985" ],
        "Server": [ "Microsoft-IIS/10.0", "Kestrel" ],
        "x-ms-request-id": [ "/Subscriptions/7c943c1b-5122-4097-90c8-861411bdd574/resourceGroups/azmigratepwshtestasr13072020/providers/Microsoft.RecoveryServices/vaults/AzMigrateTestProjectPWSH02aarsvault/replicationJobs/2ea89045-1c6b-415f-8aa9-4b0a91555895" ],
        "X-Content-Type-Options": [ "nosniff" ],
        "x-ms-client-request-id": [ "1b68ef69-3874-45c7-940c-530fb9301568" ],
        "Strict-Transport-Security": [ "max-age=31536000; includeSubDomains" ],
        "x-ms-correlation-request-id": [ "06497c93-8bf9-4e49-9a77-3e49ff065791" ],
        "x-ms-routing-request-id": [ "CENTRALINDIA:20200924T110011Z:06497c93-8bf9-4e49-9a77-3e49ff065791" ],
        "Date": [ "Thu, 24 Sep 2020 11:00:11 GMT" ]
      },
      "ContentHeaders": {
        "Content-Length": [ "191" ],
        "Content-Type": [ "application/json" ],
        "Expires": [ "-1" ]
      },
      "Content": "{\"error\":null,\"id\":null,\"name\":\"2ea89045-1c6b-415f-8aa9-4b0a91555895\",\"properties\":null,\"status\":\"InProgress\",\"startTime\":\"2020-09-24T10:59:40.9461931Z\",\"endTime\":null,\"percentComplete\":null}"
    }
  },
  "Start-AzMigrateTestMigrationCleanup+[NoContext]+ByNameVMwareCbt+$GET+https://management.azure.com/Subscriptions/7c943c1b-5122-4097-90c8-861411bdd574/resourceGroups/azmigratepwshtestasr13072020/providers/Microsoft.RecoveryServices/vaults/AzMigrateTestProjectPWSH02aarsvault/replicationOperationStatus/2ea89045-1c6b-415f-8aa9-4b0a91555895?api-version=2018-01-10+7": {
    "Request": {
      "Method": "GET",
      "RequestUri": "https://management.azure.com/Subscriptions/7c943c1b-5122-4097-90c8-861411bdd574/resourceGroups/azmigratepwshtestasr13072020/providers/Microsoft.RecoveryServices/vaults/AzMigrateTestProjectPWSH02aarsvault/replicationOperationStatus/2ea89045-1c6b-415f-8aa9-4b0a91555895?api-version=2018-01-10",
      "Content": null,
      "Headers": {
        "Authorization": [ "[Filtered]" ],
        "x-ms-unique-id": [ "78" ],
        "x-ms-client-request-id": [ "1b68ef69-3874-45c7-940c-530fb9301568" ],
        "CommandName": [ "Az.Migrate.internal\\Test-AzMigrateReplicationMigrationItemMigrateCleanup" ],
        "FullCommandName": [ "Test-AzMigrateReplicationMigrationItemMigrateCleanup_TestExpanded" ],
        "ParameterSetName": [ "__AllParameterSets" ],
        "User-Agent": [ "AzurePowershell/Az4.0.0-preview" ]
      },
      "ContentHeaders": {
      }
    },
    "Response": {
      "StatusCode": 200,
      "Headers": {
        "Cache-Control": [ "no-cache" ],
        "Pragma": [ "no-cache" ],
        "Server": [ "Microsoft-IIS/10.0", "Kestrel" ],
        "x-ms-request-id": [ "/Subscriptions/7c943c1b-5122-4097-90c8-861411bdd574/resourceGroups/azmigratepwshtestasr13072020/providers/Microsoft.RecoveryServices/vaults/AzMigrateTestProjectPWSH02aarsvault/replicationJobs/2ea89045-1c6b-415f-8aa9-4b0a91555895" ],
        "X-Content-Type-Options": [ "nosniff" ],
        "x-ms-client-request-id": [ "1b68ef69-3874-45c7-940c-530fb9301568" ],
        "Strict-Transport-Security": [ "max-age=31536000; includeSubDomains" ],
        "x-ms-ratelimit-remaining-subscription-reads": [ "11984" ],
        "x-ms-correlation-request-id": [ "445e345c-f6a3-4914-a58a-ecd69e9f73f4" ],
        "x-ms-routing-request-id": [ "CENTRALINDIA:20200924T110041Z:445e345c-f6a3-4914-a58a-ecd69e9f73f4" ],
        "Date": [ "Thu, 24 Sep 2020 11:00:41 GMT" ]
      },
      "ContentHeaders": {
        "Content-Length": [ "191" ],
        "Content-Type": [ "application/json" ],
        "Expires": [ "-1" ]
      },
      "Content": "{\"error\":null,\"id\":null,\"name\":\"2ea89045-1c6b-415f-8aa9-4b0a91555895\",\"properties\":null,\"status\":\"InProgress\",\"startTime\":\"2020-09-24T10:59:40.9461931Z\",\"endTime\":null,\"percentComplete\":null}"
    }
  },
  "Start-AzMigrateTestMigrationCleanup+[NoContext]+ByNameVMwareCbt+$GET+https://management.azure.com/Subscriptions/7c943c1b-5122-4097-90c8-861411bdd574/resourceGroups/azmigratepwshtestasr13072020/providers/Microsoft.RecoveryServices/vaults/AzMigrateTestProjectPWSH02aarsvault/replicationOperationStatus/2ea89045-1c6b-415f-8aa9-4b0a91555895?api-version=2018-01-10+8": {
    "Request": {
      "Method": "GET",
      "RequestUri": "https://management.azure.com/Subscriptions/7c943c1b-5122-4097-90c8-861411bdd574/resourceGroups/azmigratepwshtestasr13072020/providers/Microsoft.RecoveryServices/vaults/AzMigrateTestProjectPWSH02aarsvault/replicationOperationStatus/2ea89045-1c6b-415f-8aa9-4b0a91555895?api-version=2018-01-10",
      "Content": null,
      "Headers": {
        "Authorization": [ "[Filtered]" ],
        "x-ms-unique-id": [ "79" ],
        "x-ms-client-request-id": [ "1b68ef69-3874-45c7-940c-530fb9301568" ],
        "CommandName": [ "Az.Migrate.internal\\Test-AzMigrateReplicationMigrationItemMigrateCleanup" ],
        "FullCommandName": [ "Test-AzMigrateReplicationMigrationItemMigrateCleanup_TestExpanded" ],
        "ParameterSetName": [ "__AllParameterSets" ],
        "User-Agent": [ "AzurePowershell/Az4.0.0-preview" ]
      },
      "ContentHeaders": {
      }
    },
    "Response": {
      "StatusCode": 200,
      "Headers": {
        "Cache-Control": [ "no-cache" ],
        "Pragma": [ "no-cache" ],
        "x-ms-ratelimit-remaining-subscription-reads": [ "11983" ],
        "Server": [ "Microsoft-IIS/10.0", "Kestrel" ],
        "x-ms-request-id": [ "/Subscriptions/7c943c1b-5122-4097-90c8-861411bdd574/resourceGroups/azmigratepwshtestasr13072020/providers/Microsoft.RecoveryServices/vaults/AzMigrateTestProjectPWSH02aarsvault/replicationJobs/2ea89045-1c6b-415f-8aa9-4b0a91555895" ],
        "X-Content-Type-Options": [ "nosniff" ],
        "x-ms-client-request-id": [ "1b68ef69-3874-45c7-940c-530fb9301568" ],
        "Strict-Transport-Security": [ "max-age=31536000; includeSubDomains" ],
        "x-ms-correlation-request-id": [ "8bd0c523-0e39-40a8-a384-7b7d424b323b" ],
        "x-ms-routing-request-id": [ "CENTRALINDIA:20200924T110113Z:8bd0c523-0e39-40a8-a384-7b7d424b323b" ],
        "Date": [ "Thu, 24 Sep 2020 11:01:12 GMT" ]
      },
      "ContentHeaders": {
        "Content-Length": [ "191" ],
        "Content-Type": [ "application/json" ],
        "Expires": [ "-1" ]
      },
      "Content": "{\"error\":null,\"id\":null,\"name\":\"2ea89045-1c6b-415f-8aa9-4b0a91555895\",\"properties\":null,\"status\":\"InProgress\",\"startTime\":\"2020-09-24T10:59:40.9461931Z\",\"endTime\":null,\"percentComplete\":null}"
    }
  },
  "Start-AzMigrateTestMigrationCleanup+[NoContext]+ByNameVMwareCbt+$GET+https://management.azure.com/Subscriptions/7c943c1b-5122-4097-90c8-861411bdd574/resourceGroups/azmigratepwshtestasr13072020/providers/Microsoft.RecoveryServices/vaults/AzMigrateTestProjectPWSH02aarsvault/replicationOperationStatus/2ea89045-1c6b-415f-8aa9-4b0a91555895?api-version=2018-01-10+9": {
    "Request": {
      "Method": "GET",
      "RequestUri": "https://management.azure.com/Subscriptions/7c943c1b-5122-4097-90c8-861411bdd574/resourceGroups/azmigratepwshtestasr13072020/providers/Microsoft.RecoveryServices/vaults/AzMigrateTestProjectPWSH02aarsvault/replicationOperationStatus/2ea89045-1c6b-415f-8aa9-4b0a91555895?api-version=2018-01-10",
      "Content": null,
      "Headers": {
        "Authorization": [ "[Filtered]" ],
        "x-ms-unique-id": [ "80" ],
        "x-ms-client-request-id": [ "1b68ef69-3874-45c7-940c-530fb9301568" ],
        "CommandName": [ "Az.Migrate.internal\\Test-AzMigrateReplicationMigrationItemMigrateCleanup" ],
        "FullCommandName": [ "Test-AzMigrateReplicationMigrationItemMigrateCleanup_TestExpanded" ],
        "ParameterSetName": [ "__AllParameterSets" ],
        "User-Agent": [ "AzurePowershell/Az4.0.0-preview" ]
      },
      "ContentHeaders": {
      }
    },
    "Response": {
      "StatusCode": 200,
      "Headers": {
        "Cache-Control": [ "no-cache" ],
        "Pragma": [ "no-cache" ],
        "x-ms-ratelimit-remaining-subscription-reads": [ "11982" ],
        "Server": [ "Microsoft-IIS/10.0", "Kestrel" ],
        "x-ms-request-id": [ "/Subscriptions/7c943c1b-5122-4097-90c8-861411bdd574/resourceGroups/azmigratepwshtestasr13072020/providers/Microsoft.RecoveryServices/vaults/AzMigrateTestProjectPWSH02aarsvault/replicationJobs/2ea89045-1c6b-415f-8aa9-4b0a91555895" ],
        "X-Content-Type-Options": [ "nosniff" ],
        "x-ms-client-request-id": [ "1b68ef69-3874-45c7-940c-530fb9301568" ],
        "Strict-Transport-Security": [ "max-age=31536000; includeSubDomains" ],
        "x-ms-correlation-request-id": [ "2748680f-98c7-49bb-969b-64c6ca746533" ],
        "x-ms-routing-request-id": [ "CENTRALINDIA:20200924T110143Z:2748680f-98c7-49bb-969b-64c6ca746533" ],
        "Date": [ "Thu, 24 Sep 2020 11:01:43 GMT" ]
      },
      "ContentHeaders": {
        "Content-Length": [ "191" ],
        "Content-Type": [ "application/json" ],
        "Expires": [ "-1" ]
      },
      "Content": "{\"error\":null,\"id\":null,\"name\":\"2ea89045-1c6b-415f-8aa9-4b0a91555895\",\"properties\":null,\"status\":\"InProgress\",\"startTime\":\"2020-09-24T10:59:40.9461931Z\",\"endTime\":null,\"percentComplete\":null}"
    }
  },
  "Start-AzMigrateTestMigrationCleanup+[NoContext]+ByNameVMwareCbt+$GET+https://management.azure.com/Subscriptions/7c943c1b-5122-4097-90c8-861411bdd574/resourceGroups/azmigratepwshtestasr13072020/providers/Microsoft.RecoveryServices/vaults/AzMigrateTestProjectPWSH02aarsvault/replicationOperationStatus/2ea89045-1c6b-415f-8aa9-4b0a91555895?api-version=2018-01-10+10": {
    "Request": {
      "Method": "GET",
      "RequestUri": "https://management.azure.com/Subscriptions/7c943c1b-5122-4097-90c8-861411bdd574/resourceGroups/azmigratepwshtestasr13072020/providers/Microsoft.RecoveryServices/vaults/AzMigrateTestProjectPWSH02aarsvault/replicationOperationStatus/2ea89045-1c6b-415f-8aa9-4b0a91555895?api-version=2018-01-10",
      "Content": null,
      "Headers": {
        "Authorization": [ "[Filtered]" ],
        "x-ms-unique-id": [ "81" ],
        "x-ms-client-request-id": [ "1b68ef69-3874-45c7-940c-530fb9301568" ],
        "CommandName": [ "Az.Migrate.internal\\Test-AzMigrateReplicationMigrationItemMigrateCleanup" ],
        "FullCommandName": [ "Test-AzMigrateReplicationMigrationItemMigrateCleanup_TestExpanded" ],
        "ParameterSetName": [ "__AllParameterSets" ],
        "User-Agent": [ "AzurePowershell/Az4.0.0-preview" ]
      },
      "ContentHeaders": {
      }
    },
    "Response": {
      "StatusCode": 200,
      "Headers": {
        "Cache-Control": [ "no-cache" ],
        "Pragma": [ "no-cache" ],
        "x-ms-ratelimit-remaining-subscription-reads": [ "11981" ],
        "Server": [ "Microsoft-IIS/10.0", "Kestrel" ],
        "x-ms-request-id": [ "/Subscriptions/7c943c1b-5122-4097-90c8-861411bdd574/resourceGroups/azmigratepwshtestasr13072020/providers/Microsoft.RecoveryServices/vaults/AzMigrateTestProjectPWSH02aarsvault/replicationJobs/2ea89045-1c6b-415f-8aa9-4b0a91555895" ],
        "X-Content-Type-Options": [ "nosniff" ],
        "x-ms-client-request-id": [ "1b68ef69-3874-45c7-940c-530fb9301568" ],
        "Strict-Transport-Security": [ "max-age=31536000; includeSubDomains" ],
        "x-ms-correlation-request-id": [ "236cf09e-7542-437c-a125-10c5ccf90571" ],
        "x-ms-routing-request-id": [ "CENTRALINDIA:20200924T110214Z:236cf09e-7542-437c-a125-10c5ccf90571" ],
        "Date": [ "Thu, 24 Sep 2020 11:02:14 GMT" ]
      },
      "ContentHeaders": {
        "Content-Length": [ "216" ],
        "Content-Type": [ "application/json" ],
        "Expires": [ "-1" ]
      },
      "Content": "{\"error\":null,\"id\":null,\"name\":\"2ea89045-1c6b-415f-8aa9-4b0a91555895\",\"properties\":null,\"status\":\"Succeeded\",\"startTime\":\"2020-09-24T10:59:40.9461931Z\",\"endTime\":\"2020-09-24T11:01:48.0000000Z\",\"percentComplete\":null}"
    }
  },
  "Start-AzMigrateTestMigrationCleanup+[NoContext]+ByNameVMwareCbt+$GET+https://management.azure.com/Subscriptions/7c943c1b-5122-4097-90c8-861411bdd574/resourceGroups/azmigratepwshtestasr13072020/providers/Microsoft.RecoveryServices/vaults/AzMigrateTestProjectPWSH02aarsvault/replicationFabrics/AzMigratePWSHTc8d1replicationfabric/replicationProtectionContainers/AzMigratePWSHTc8d1replicationcontainer/replicationMigrationItems/bcdr-vcenter-fareast-corp-micro-cfcc5a24-a40e-56b9-a6af-e206c9ca4f93_525a684f-3131-8b5c-2eb5-2e690eedc30c/operationresults/2ea89045-1c6b-415f-8aa9-4b0a91555895?api-version=2018-01-10+11": {
    "Request": {
      "Method": "GET",
      "RequestUri": "https://management.azure.com/Subscriptions/7c943c1b-5122-4097-90c8-861411bdd574/resourceGroups/azmigratepwshtestasr13072020/providers/Microsoft.RecoveryServices/vaults/AzMigrateTestProjectPWSH02aarsvault/replicationFabrics/AzMigratePWSHTc8d1replicationfabric/replicationProtectionContainers/AzMigratePWSHTc8d1replicationcontainer/replicationMigrationItems/bcdr-vcenter-fareast-corp-micro-cfcc5a24-a40e-56b9-a6af-e206c9ca4f93_525a684f-3131-8b5c-2eb5-2e690eedc30c/operationresults/2ea89045-1c6b-415f-8aa9-4b0a91555895?api-version=2018-01-10",
      "Content": null,
      "Headers": {
        "Authorization": [ "[Filtered]" ],
        "x-ms-unique-id": [ "82" ],
        "x-ms-client-request-id": [ "1b68ef69-3874-45c7-940c-530fb9301568" ],
        "CommandName": [ "Az.Migrate.internal\\Test-AzMigrateReplicationMigrationItemMigrateCleanup" ],
        "FullCommandName": [ "Test-AzMigrateReplicationMigrationItemMigrateCleanup_TestExpanded" ],
        "ParameterSetName": [ "__AllParameterSets" ],
        "User-Agent": [ "AzurePowershell/Az4.0.0-preview" ]
      },
      "ContentHeaders": {
      }
    },
    "Response": {
      "StatusCode": 200,
      "Headers": {
        "Cache-Control": [ "no-cache" ],
        "Pragma": [ "no-cache" ],
        "x-ms-ratelimit-remaining-subscription-reads": [ "11980" ],
        "Server": [ "Microsoft-IIS/10.0", "Kestrel" ],
        "x-ms-request-id": [ "/Subscriptions/7c943c1b-5122-4097-90c8-861411bdd574/resourceGroups/azmigratepwshtestasr13072020/providers/Microsoft.RecoveryServices/vaults/AzMigrateTestProjectPWSH02aarsvault/replicationJobs/2ea89045-1c6b-415f-8aa9-4b0a91555895", "/Subscriptions/7c943c1b-5122-4097-90c8-861411bdd574/resourceGroups/azmigratepwshtestasr13072020/providers/Microsoft.RecoveryServices/vaults/AzMigrateTestProjectPWSH02aarsvault/replicationJobs/2ea89045-1c6b-415f-8aa9-4b0a91555895" ],
        "Azure-AsyncOperation": [ "https://management.azure.com/Subscriptions/7c943c1b-5122-4097-90c8-861411bdd574/resourceGroups/azmigratepwshtestasr13072020/providers/Microsoft.RecoveryServices/vaults/AzMigrateTestProjectPWSH02aarsvault/replicationOperationStatus/2ea89045-1c6b-415f-8aa9-4b0a91555895?api-version=2018-01-10" ],
        "X-Content-Type-Options": [ "nosniff" ],
        "x-ms-client-request-id": [ "1b68ef69-3874-45c7-940c-530fb9301568" ],
        "Strict-Transport-Security": [ "max-age=31536000; includeSubDomains" ],
        "x-ms-correlation-request-id": [ "4b84136f-bba2-4aa0-b6ee-2a5a2c071d21" ],
        "x-ms-routing-request-id": [ "CENTRALINDIA:20200924T110214Z:4b84136f-bba2-4aa0-b6ee-2a5a2c071d21" ],
        "Date": [ "Thu, 24 Sep 2020 11:02:14 GMT" ]
      },
      "ContentHeaders": {
        "Content-Length": [ "6022" ],
        "Content-Type": [ "application/json" ],
        "Expires": [ "-1" ]
      },
      "Content": "{\"id\":\"/Subscriptions/7c943c1b-5122-4097-90c8-861411bdd574/resourceGroups/azmigratepwshtestasr13072020/providers/Microsoft.RecoveryServices/vaults/AzMigrateTestProjectPWSH02aarsvault/replicationFabrics/AzMigratePWSHTc8d1replicationfabric/replicationProtectionContainers/AzMigratePWSHTc8d1replicationcontainer/replicationMigrationItems/bcdr-vcenter-fareast-corp-micro-cfcc5a24-a40e-56b9-a6af-e206c9ca4f93_525a684f-3131-8b5c-2eb5-2e690eedc30c\",\"name\":\"bcdr-vcenter-fareast-corp-micro-cfcc5a24-a40e-56b9-a6af-e206c9ca4f93_525a684f-3131-8b5c-2eb5-2e690eedc30c\",\"type\":\"Microsoft.RecoveryServices/vaults/replicationFabrics/replicationProtectionContainers/replicationMigrationItems\",\"properties\":{\"machineName\":\"vis-ubl1404-01\",\"policyId\":\"/Subscriptions/7c943c1b-5122-4097-90c8-861411bdd574/resourceGroups/azmigratepwshtestasr13072020/providers/Microsoft.RecoveryServices/vaults/AzMigrateTestProjectPWSH02aarsvault/replicationPolicies/migrateAzMigratePWSHTc8d1sitepolicy\",\"policyFriendlyName\":\"migrateAzMigratePWSHTc8d1sitepolicy\",\"recoveryServicesProviderId\":\"/Subscriptions/7c943c1b-5122-4097-90c8-861411bdd574/resourceGroups/azmigratepwshtestasr13072020/providers/Microsoft.RecoveryServices/vaults/AzMigrateTestProjectPWSH02aarsvault/replicationFabrics/AzMigratePWSHTc8d1replicationfabric/replicationRecoveryServicesProviders/979c90cf-c376-5f2c-af38-15b72ff221f2\",\"migrationState\":\"Replicating\",\"migrationStateDescription\":\"Ready to migrate\",\"lastTestMigrationTime\":\"2020-09-24T10:29:22.0719845Z\",\"lastTestMigrationStatus\":\"Succeeded\",\"testMigrateState\":\"None\",\"testMigrateStateDescription\":\"None\",\"health\":\"Normal\",\"healthErrors\":[],\"allowedOperations\":[\"DisableMigration\",\"TestMigrate\",\"Migrate\"],\"currentJob\":{\"jobName\":\"None\",\"jobId\":\"/Subscriptions/7c943c1b-5122-4097-90c8-861411bdd574/resourceGroups/azmigratepwshtestasr13072020/providers/Microsoft.RecoveryServices/vaults/AzMigrateTestProjectPWSH02aarsvault/replicationJobs/None\",\"startTime\":\"1753-01-01T01:01:01Z\"},\"eventCorrelationId\":\"90e33ca9-1674-4644-bb33-d61003cb3c50\",\"providerSpecificDetails\":{\"instanceType\":\"VMwareCbt\",\"vmwareMachineId\":\"/subscriptions/7c943c1b-5122-4097-90c8-861411bdd574/resourceGroups/azmigratepwshtestasr13072020/providers/Microsoft.OffAzure/VMwareSites/AzMigratePWSHTc8d1site/machines/bcdr-vcenter-fareast-corp-micro-cfcc5a24-a40e-56b9-a6af-e206c9ca4f93_525a684f-3131-8b5c-2eb5-2e690eedc30c\",\"osType\":\"Linux\",\"firmwareType\":\"BIOS\",\"targetGeneration\":\"V1\",\"licenseType\":\"NoLicenseType\",\"dataMoverRunAsAccountId\":\"/subscriptions/7c943c1b-5122-4097-90c8-861411bdd574/resourceGroups/azmigratepwshtestasr13072020/providers/Microsoft.OffAzure/VMwareSites/AzMigratePWSHTc8d1site/runasaccounts/cfcc5a24-a40e-56b9-a6af-e206c9ca4f93\",\"snapshotRunAsAccountId\":\"/subscriptions/7c943c1b-5122-4097-90c8-861411bdd574/resourceGroups/azmigratepwshtestasr13072020/providers/Microsoft.OffAzure/VMwareSites/AzMigratePWSHTc8d1site/runasaccounts/cfcc5a24-a40e-56b9-a6af-e206c9ca4f93\",\"storageAccountId\":null,\"targetVmName\":\"vis-ubl1404-01\",\"targetVmSize\":\"Standard_B1ms\",\"targetLocation\":\"centraluseuap\",\"targetResourceGroupId\":\"/subscriptions/7c943c1b-5122-4097-90c8-861411bdd574/resourceGroups/AzMigratePWSHtargetRG\",\"targetAvailabilitySetId\":\"\",\"targetAvailabilityZone\":\"\",\"targetBootDiagnosticsStorageAccountId\":\"/subscriptions/7c943c1b-5122-4097-90c8-861411bdd574/resourceGroups/azmigratepwshtestasr13072020/providers/Microsoft.Storage/storageAccounts/migratelsa846827101\",\"protectedDisks\":[{\"diskId\":\"6000C295-9fb9-3796-17cc-9d39c9bbe4f7\",\"diskName\":\"vis-ubl1404-01\",\"diskType\":\"Standard_LRS\",\"diskPath\":\"[datastore78-ext] vis-ubl1404-01/vis-ubl1404-01.vmdk\",\"isOSDisk\":\"true\",\"capacityInBytes\":42949672960,\"logStorageAccountId\":\"/subscriptions/7c943c1b-5122-4097-90c8-861411bdd574/resourceGroups/azmigratepwshtestasr13072020/providers/Microsoft.Storage/storageAccounts/migratelsa846827101\",\"logStorageAccountSasSecretName\":\"migratelsa846827101-cacheSas\",\"diskEncryptionSetId\":null,\"seedManagedDiskId\":\"/subscriptions/7c943c1b-5122-4097-90c8-861411bdd574/resourceGroups/AzMigratePWSHtargetRG/providers/Microsoft.Compute/disks/asrseeddisk-vis_ubl1-vis_ubl1-b56b24a6-651b-4f25-bf37-53b345121347\",\"seedBlobUri\":null,\"targetManagedDiskId\":null,\"targetBlobUri\":null}],\"targetNetworkId\":\"/subscriptions/7c943c1b-5122-4097-90c8-861411bdd574/resourceGroups/AzMigratePWSHtargetRG/providers/Microsoft.Network/virtualNetworks/AzMigrateTargetNetwork\",\"vmNics\":[{\"nicId\":\"895154f6-20a9-44ed-81d0-16f5481ad72c\",\"isPrimaryNic\":\"true\",\"sourceIPAddress\":null,\"sourceIPAddressType\":\"Static\",\"sourceNetworkId\":\"VM Network\",\"targetIPAddress\":\"\",\"targetIPAddressType\":\"Dynamic\",\"targetSubnetName\":\"default\",\"isSelectedForMigration\":\"true\"}],\"migrationRecoveryPointId\":\"/Subscriptions/7c943c1b-5122-4097-90c8-861411bdd574/resourceGroups/azmigratepwshtestasr13072020/providers/Microsoft.RecoveryServices/vaults/AzMigrateTestProjectPWSH02aarsvault/replicationFabrics/AzMigratePWSHTc8d1replicationfabric/replicationProtectionContainers/AzMigratePWSHTc8d1replicationcontainer/replicationMigrationItems/bcdr-vcenter-fareast-corp-micro-cfcc5a24-a40e-56b9-a6af-e206c9ca4f93_525a684f-3131-8b5c-2eb5-2e690eedc30c/migrationRecoveryPoints/0ee34ffe-7f96-434d-9545-e1c8020bdbb8\",\"lastRecoveryPointReceived\":\"2020-09-24T10:52:39.372Z\",\"lastRecoveryPointId\":\"/Subscriptions/7c943c1b-5122-4097-90c8-861411bdd574/resourceGroups/azmigratepwshtestasr13072020/providers/Microsoft.RecoveryServices/vaults/AzMigrateTestProjectPWSH02aarsvault/replicationFabrics/AzMigratePWSHTc8d1replicationfabric/replicationProtectionContainers/AzMigratePWSHTc8d1replicationcontainer/replicationMigrationItems/bcdr-vcenter-fareast-corp-micro-cfcc5a24-a40e-56b9-a6af-e206c9ca4f93_525a684f-3131-8b5c-2eb5-2e690eedc30c/migrationRecoveryPoints/d60c26cb-8bf8-41e5-b576-028b77557028\",\"initialSeedingProgressPercentage\":null,\"migrationProgressPercentage\":null,\"resyncProgressPercentage\":null,\"initialSeedingRetryCount\":0,\"resyncRetryCount\":0,\"resyncRequired\":\"false\",\"resyncState\":\"None\",\"performAutoResync\":\"true\"}}}"
    }
  },
  "Start-AzMigrateTestMigrationCleanup+[NoContext]+ByIDVMwareCbt+$GET+https://management.azure.com/Subscriptions/7c943c1b-5122-4097-90c8-861411bdd574/resourceGroups/azmigratepwshtestasr13072020/providers/Microsoft.RecoveryServices/vaults/AzMigrateTestProjectPWSH02aarsvault/replicationFabrics/AzMigratePWSHTc8d1replicationfabric/replicationProtectionContainers/AzMigratePWSHTc8d1replicationcontainer/replicationMigrationItems/bcdr-vcenter-fareast-corp-micro-cfcc5a24-a40e-56b9-a6af-e206c9ca4f93_50351613-0fc1-0a93-8e65-6db3410fe9a4?api-version=2018-01-10+1": {
    "Request": {
      "Method": "GET",
      "RequestUri": "https://management.azure.com/Subscriptions/7c943c1b-5122-4097-90c8-861411bdd574/resourceGroups/azmigratepwshtestasr13072020/providers/Microsoft.RecoveryServices/vaults/AzMigrateTestProjectPWSH02aarsvault/replicationFabrics/AzMigratePWSHTc8d1replicationfabric/replicationProtectionContainers/AzMigratePWSHTc8d1replicationcontainer/replicationMigrationItems/bcdr-vcenter-fareast-corp-micro-cfcc5a24-a40e-56b9-a6af-e206c9ca4f93_50351613-0fc1-0a93-8e65-6db3410fe9a4?api-version=2018-01-10",
      "Content": null,
      "Headers": {
        "x-ms-unique-id": [ "83" ],
        "x-ms-client-request-id": [ "9afa2c8a-692e-47f8-8751-13114039ef03" ],
        "CommandName": [ "Az.Migrate.internal\\Get-AzMigrateReplicationMigrationItem" ],
        "FullCommandName": [ "Get-AzMigrateReplicationMigrationItem_Get" ],
        "ParameterSetName": [ "__AllParameterSets" ],
        "User-Agent": [ "AzurePowershell/Az4.0.0-preview" ],
        "Authorization": [ "[Filtered]" ]
      },
      "ContentHeaders": {
      }
    },
    "Response": {
      "StatusCode": 200,
      "Headers": {
        "Cache-Control": [ "no-cache" ],
        "Pragma": [ "no-cache" ],
        "x-ms-ratelimit-remaining-subscription-reads": [ "11979" ],
        "Server": [ "Microsoft-IIS/10.0", "Kestrel" ],
        "x-ms-request-id": [ "9afa2c8a-692e-47f8-8751-13114039ef03 9/24/2020 11:02:15 AM" ],
        "X-Content-Type-Options": [ "nosniff" ],
        "x-ms-client-request-id": [ "9afa2c8a-692e-47f8-8751-13114039ef03" ],
        "Strict-Transport-Security": [ "max-age=31536000; includeSubDomains" ],
        "x-ms-correlation-request-id": [ "81a5a554-d217-4e8f-a313-1ca8c6799ee2" ],
        "x-ms-routing-request-id": [ "CENTRALINDIA:20200924T110215Z:81a5a554-d217-4e8f-a313-1ca8c6799ee2" ],
        "Date": [ "Thu, 24 Sep 2020 11:02:15 GMT" ]
      },
      "ContentHeaders": {
        "Content-Length": [ "6359" ],
        "Content-Type": [ "application/json" ],
        "Expires": [ "-1" ]
      },
      "Content": "{\"id\":\"/Subscriptions/7c943c1b-5122-4097-90c8-861411bdd574/resourceGroups/azmigratepwshtestasr13072020/providers/Microsoft.RecoveryServices/vaults/AzMigrateTestProjectPWSH02aarsvault/replicationFabrics/AzMigratePWSHTc8d1replicationfabric/replicationProtectionContainers/AzMigratePWSHTc8d1replicationcontainer/replicationMigrationItems/bcdr-vcenter-fareast-corp-micro-cfcc5a24-a40e-56b9-a6af-e206c9ca4f93_50351613-0fc1-0a93-8e65-6db3410fe9a4\",\"name\":\"bcdr-vcenter-fareast-corp-micro-cfcc5a24-a40e-56b9-a6af-e206c9ca4f93_50351613-0fc1-0a93-8e65-6db3410fe9a4\",\"type\":\"Microsoft.RecoveryServices/vaults/replicationFabrics/replicationProtectionContainers/replicationMigrationItems\",\"properties\":{\"machineName\":\"MSW12R2-03\",\"policyId\":\"/Subscriptions/7c943c1b-5122-4097-90c8-861411bdd574/resourceGroups/azmigratepwshtestasr13072020/providers/Microsoft.RecoveryServices/vaults/AzMigrateTestProjectPWSH02aarsvault/replicationPolicies/migrateAzMigratePWSHTc8d1sitepolicy\",\"policyFriendlyName\":\"migrateAzMigratePWSHTc8d1sitepolicy\",\"recoveryServicesProviderId\":\"/Subscriptions/7c943c1b-5122-4097-90c8-861411bdd574/resourceGroups/azmigratepwshtestasr13072020/providers/Microsoft.RecoveryServices/vaults/AzMigrateTestProjectPWSH02aarsvault/replicationFabrics/AzMigratePWSHTc8d1replicationfabric/replicationRecoveryServicesProviders/979c90cf-c376-5f2c-af38-15b72ff221f2\",\"migrationState\":\"Replicating\",\"migrationStateDescription\":\"Ready to migrate\",\"lastTestMigrationTime\":\"2020-09-24T10:40:41.8654605Z\",\"lastTestMigrationStatus\":\"Succeeded\",\"testMigrateState\":\"TestMigrationSucceeded\",\"testMigrateStateDescription\":\"Test clean up pending\",\"health\":\"Normal\",\"healthErrors\":[],\"allowedOperations\":[\"DisableMigration\",\"TestMigrateCleanup\"],\"currentJob\":{\"jobName\":\"TestFailover\",\"jobId\":\"/Subscriptions/7c943c1b-5122-4097-90c8-861411bdd574/resourceGroups/azmigratepwshtestasr13072020/providers/Microsoft.RecoveryServices/vaults/AzMigrateTestProjectPWSH02aarsvault/replicationJobs/f50a2636-22c2-43fa-aad0-3889808d4c5a\",\"startTime\":\"2020-09-24T10:40:41.8654605Z\"},\"eventCorrelationId\":\"6e72b832-2250-4242-bed9-28b8cd3036b9\",\"providerSpecificDetails\":{\"instanceType\":\"VMwareCbt\",\"vmwareMachineId\":\"/subscriptions/7c943c1b-5122-4097-90c8-861411bdd574/resourceGroups/azmigratepwshtestasr13072020/providers/Microsoft.OffAzure/VMwareSites/AzMigratePWSHTc8d1site/machines/bcdr-vcenter-fareast-corp-micro-cfcc5a24-a40e-56b9-a6af-e206c9ca4f93_50351613-0fc1-0a93-8e65-6db3410fe9a4\",\"osType\":\"Windows\",\"firmwareType\":\"BIOS\",\"targetGeneration\":\"V1\",\"licenseType\":\"NoLicenseType\",\"dataMoverRunAsAccountId\":\"/subscriptions/7c943c1b-5122-4097-90c8-861411bdd574/resourceGroups/azmigratepwshtestasr13072020/providers/Microsoft.OffAzure/VMwareSites/AzMigratePWSHTc8d1site/runasaccounts/cfcc5a24-a40e-56b9-a6af-e206c9ca4f93\",\"snapshotRunAsAccountId\":\"/subscriptions/7c943c1b-5122-4097-90c8-861411bdd574/resourceGroups/azmigratepwshtestasr13072020/providers/Microsoft.OffAzure/VMwareSites/AzMigratePWSHTc8d1site/runasaccounts/cfcc5a24-a40e-56b9-a6af-e206c9ca4f93\",\"storageAccountId\":null,\"targetVmName\":\"MSW12R2-03\",\"targetVmSize\":\"Standard_B1ms\",\"targetLocation\":\"centraluseuap\",\"targetResourceGroupId\":\"/subscriptions/7c943c1b-5122-4097-90c8-861411bdd574/resourceGroups/AzMigratePWSHtargetRG\",\"targetAvailabilitySetId\":\"\",\"targetAvailabilityZone\":\"\",\"targetBootDiagnosticsStorageAccountId\":\"/subscriptions/7c943c1b-5122-4097-90c8-861411bdd574/resourceGroups/azmigratepwshtestasr13072020/providers/Microsoft.Storage/storageAccounts/migratelsa846827101\",\"protectedDisks\":[{\"diskId\":\"6000C293-e2c6-8705-78e2-e6661ef18633\",\"diskName\":\"MSW12R2-03_2\",\"diskType\":\"Standard_LRS\",\"diskPath\":\"[datastore78-ext] MSW12R2-03/MSW12R2-03_2.vmdk\",\"isOSDisk\":\"true\",\"capacityInBytes\":42949672960,\"logStorageAccountId\":\"/subscriptions/7c943c1b-5122-4097-90c8-861411bdd574/resourceGroups/azmigratepwshtestasr13072020/providers/Microsoft.Storage/storageAccounts/migratelsa846827101\",\"logStorageAccountSasSecretName\":\"migratelsa846827101-cacheSas\",\"diskEncryptionSetId\":null,\"seedManagedDiskId\":\"/subscriptions/7c943c1b-5122-4097-90c8-861411bdd574/resourceGroups/AzMigratePWSHtargetRG/providers/Microsoft.Compute/disks/asrseeddisk-MSW12R2_-MSW12R2_-2fc2f84d-ad90-4412-b9d5-6c0ef8cac59e\",\"seedBlobUri\":null,\"targetManagedDiskId\":null,\"targetBlobUri\":null}],\"targetNetworkId\":\"/subscriptions/7c943c1b-5122-4097-90c8-861411bdd574/resourceGroups/AzMigratePWSHtargetRG/providers/Microsoft.Network/virtualNetworks/AzMigrateTargetNetwork\",\"vmNics\":[{\"nicId\":\"b10d09c5-5dc2-48de-8a0f-541483c1600f\",\"isPrimaryNic\":\"false\",\"sourceIPAddress\":null,\"sourceIPAddressType\":\"Static\",\"sourceNetworkId\":\"VM Network\",\"targetIPAddress\":\"\",\"targetIPAddressType\":\"Dynamic\",\"targetSubnetName\":\"default\",\"isSelectedForMigration\":\"true\"},{\"nicId\":\"d5e98b3d-4b46-481b-b138-09f0a973ac8a\",\"isPrimaryNic\":\"true\",\"sourceIPAddress\":null,\"sourceIPAddressType\":\"Static\",\"sourceNetworkId\":\"VM Network\",\"targetIPAddress\":\"\",\"targetIPAddressType\":\"Dynamic\",\"targetSubnetName\":\"default\",\"isSelectedForMigration\":\"true\"}],\"migrationRecoveryPointId\":\"/Subscriptions/7c943c1b-5122-4097-90c8-861411bdd574/resourceGroups/azmigratepwshtestasr13072020/providers/Microsoft.RecoveryServices/vaults/AzMigrateTestProjectPWSH02aarsvault/replicationFabrics/AzMigratePWSHTc8d1replicationfabric/replicationProtectionContainers/AzMigratePWSHTc8d1replicationcontainer/replicationMigrationItems/bcdr-vcenter-fareast-corp-micro-cfcc5a24-a40e-56b9-a6af-e206c9ca4f93_50351613-0fc1-0a93-8e65-6db3410fe9a4/migrationRecoveryPoints/c7a23bff-c7b3-421e-80c2-a3da8fb4d781\",\"lastRecoveryPointReceived\":\"2020-09-24T10:07:32.502Z\",\"lastRecoveryPointId\":\"/Subscriptions/7c943c1b-5122-4097-90c8-861411bdd574/resourceGroups/azmigratepwshtestasr13072020/providers/Microsoft.RecoveryServices/vaults/AzMigrateTestProjectPWSH02aarsvault/replicationFabrics/AzMigratePWSHTc8d1replicationfabric/replicationProtectionContainers/AzMigratePWSHTc8d1replicationcontainer/replicationMigrationItems/bcdr-vcenter-fareast-corp-micro-cfcc5a24-a40e-56b9-a6af-e206c9ca4f93_50351613-0fc1-0a93-8e65-6db3410fe9a4/migrationRecoveryPoints/c7a23bff-c7b3-421e-80c2-a3da8fb4d781\",\"initialSeedingProgressPercentage\":null,\"migrationProgressPercentage\":null,\"resyncProgressPercentage\":null,\"initialSeedingRetryCount\":0,\"resyncRetryCount\":0,\"resyncRequired\":\"false\",\"resyncState\":\"None\",\"performAutoResync\":\"true\"}}}"
    }
  },
  "Start-AzMigrateTestMigrationCleanup+[NoContext]+ByIDVMwareCbt+$POST+https://management.azure.com/Subscriptions/7c943c1b-5122-4097-90c8-861411bdd574/resourceGroups/azmigratepwshtestasr13072020/providers/Microsoft.RecoveryServices/vaults/AzMigrateTestProjectPWSH02aarsvault/replicationFabrics/AzMigratePWSHTc8d1replicationfabric/replicationProtectionContainers/AzMigratePWSHTc8d1replicationcontainer/replicationMigrationItems/bcdr-vcenter-fareast-corp-micro-cfcc5a24-a40e-56b9-a6af-e206c9ca4f93_50351613-0fc1-0a93-8e65-6db3410fe9a4/testMigrateCleanup?api-version=2018-01-10+2": {
    "Request": {
      "Method": "POST",
      "RequestUri": "https://management.azure.com/Subscriptions/7c943c1b-5122-4097-90c8-861411bdd574/resourceGroups/azmigratepwshtestasr13072020/providers/Microsoft.RecoveryServices/vaults/AzMigrateTestProjectPWSH02aarsvault/replicationFabrics/AzMigratePWSHTc8d1replicationfabric/replicationProtectionContainers/AzMigratePWSHTc8d1replicationcontainer/replicationMigrationItems/bcdr-vcenter-fareast-corp-micro-cfcc5a24-a40e-56b9-a6af-e206c9ca4f93_50351613-0fc1-0a93-8e65-6db3410fe9a4/testMigrateCleanup?api-version=2018-01-10",
      "Content": "{\n  \"properties\": {\n    \"comments\": \"Test migrate cleanup from powershell\"\n  }\n}",
      "Headers": {
      },
      "ContentHeaders": {
        "Content-Type": [ "application/json" ],
        "Content-Length": [ "80" ]
      }
    },
    "Response": {
      "StatusCode": 202,
      "Headers": {
        "Cache-Control": [ "no-cache" ],
        "Pragma": [ "no-cache" ],
        "Location": [ "https://management.azure.com/Subscriptions/7c943c1b-5122-4097-90c8-861411bdd574/resourceGroups/azmigratepwshtestasr13072020/providers/Microsoft.RecoveryServices/vaults/AzMigrateTestProjectPWSH02aarsvault/replicationFabrics/AzMigratePWSHTc8d1replicationfabric/replicationProtectionContainers/AzMigratePWSHTc8d1replicationcontainer/replicationMigrationItems/bcdr-vcenter-fareast-corp-micro-cfcc5a24-a40e-56b9-a6af-e206c9ca4f93_50351613-0fc1-0a93-8e65-6db3410fe9a4/operationresults/49370f43-26b8-4436-8b30-0684fbb7ad4b?api-version=2018-01-10" ],
        "Retry-After": [ "30" ],
        "x-ms-request-id": [ "/Subscriptions/7c943c1b-5122-4097-90c8-861411bdd574/resourceGroups/azmigratepwshtestasr13072020/providers/Microsoft.RecoveryServices/vaults/AzMigrateTestProjectPWSH02aarsvault/replicationJobs/49370f43-26b8-4436-8b30-0684fbb7ad4b", "/Subscriptions/7c943c1b-5122-4097-90c8-861411bdd574/resourceGroups/azmigratepwshtestasr13072020/providers/Microsoft.RecoveryServices/vaults/AzMigrateTestProjectPWSH02aarsvault/replicationJobs/49370f43-26b8-4436-8b30-0684fbb7ad4b" ],
        "Azure-AsyncOperation": [ "https://management.azure.com/Subscriptions/7c943c1b-5122-4097-90c8-861411bdd574/resourceGroups/azmigratepwshtestasr13072020/providers/Microsoft.RecoveryServices/vaults/AzMigrateTestProjectPWSH02aarsvault/replicationOperationStatus/49370f43-26b8-4436-8b30-0684fbb7ad4b?api-version=2018-01-10" ],
        "X-Content-Type-Options": [ "nosniff" ],
        "x-ms-client-request-id": [ "7e78af87-4c8a-4485-8d2a-305f6eb3ead5" ],
        "Strict-Transport-Security": [ "max-age=31536000; includeSubDomains" ],
        "x-ms-ratelimit-remaining-subscription-writes": [ "1198" ],
        "x-ms-correlation-request-id": [ "c8c24844-c3d7-4788-9c13-2a46838801ca" ],
        "x-ms-routing-request-id": [ "CENTRALINDIA:20200924T110216Z:c8c24844-c3d7-4788-9c13-2a46838801ca" ],
        "Date": [ "Thu, 24 Sep 2020 11:02:15 GMT" ]
      },
      "ContentHeaders": {
        "Expires": [ "-1" ],
        "Content-Length": [ "0" ]
      },
      "Content": null
    }
  },
  "Start-AzMigrateTestMigrationCleanup+[NoContext]+ByIDVMwareCbt+$GET+https://management.azure.com/Subscriptions/7c943c1b-5122-4097-90c8-861411bdd574/resourceGroups/azmigratepwshtestasr13072020/providers/Microsoft.RecoveryServices/vaults/AzMigrateTestProjectPWSH02aarsvault/replicationOperationStatus/49370f43-26b8-4436-8b30-0684fbb7ad4b?api-version=2018-01-10+3": {
    "Request": {
      "Method": "GET",
      "RequestUri": "https://management.azure.com/Subscriptions/7c943c1b-5122-4097-90c8-861411bdd574/resourceGroups/azmigratepwshtestasr13072020/providers/Microsoft.RecoveryServices/vaults/AzMigrateTestProjectPWSH02aarsvault/replicationOperationStatus/49370f43-26b8-4436-8b30-0684fbb7ad4b?api-version=2018-01-10",
      "Content": null,
      "Headers": {
        "Authorization": [ "[Filtered]" ],
        "x-ms-unique-id": [ "85" ],
        "x-ms-client-request-id": [ "7e78af87-4c8a-4485-8d2a-305f6eb3ead5" ],
        "CommandName": [ "Az.Migrate.internal\\Test-AzMigrateReplicationMigrationItemMigrateCleanup" ],
        "FullCommandName": [ "Test-AzMigrateReplicationMigrationItemMigrateCleanup_TestExpanded" ],
        "ParameterSetName": [ "__AllParameterSets" ],
        "User-Agent": [ "AzurePowershell/Az4.0.0-preview" ]
      },
      "ContentHeaders": {
      }
    },
    "Response": {
      "StatusCode": 200,
      "Headers": {
        "Cache-Control": [ "no-cache" ],
        "Pragma": [ "no-cache" ],
        "x-ms-ratelimit-remaining-subscription-reads": [ "11978" ],
        "Server": [ "Microsoft-IIS/10.0", "Kestrel" ],
        "x-ms-request-id": [ "/Subscriptions/7c943c1b-5122-4097-90c8-861411bdd574/resourceGroups/azmigratepwshtestasr13072020/providers/Microsoft.RecoveryServices/vaults/AzMigrateTestProjectPWSH02aarsvault/replicationJobs/49370f43-26b8-4436-8b30-0684fbb7ad4b" ],
        "X-Content-Type-Options": [ "nosniff" ],
        "x-ms-client-request-id": [ "7e78af87-4c8a-4485-8d2a-305f6eb3ead5" ],
        "Strict-Transport-Security": [ "max-age=31536000; includeSubDomains" ],
        "x-ms-correlation-request-id": [ "d53d209e-6dc7-4237-a940-800fb4e42ac2" ],
        "x-ms-routing-request-id": [ "CENTRALINDIA:20200924T110246Z:d53d209e-6dc7-4237-a940-800fb4e42ac2" ],
        "Date": [ "Thu, 24 Sep 2020 11:02:46 GMT" ]
      },
      "ContentHeaders": {
        "Content-Length": [ "191" ],
        "Content-Type": [ "application/json" ],
        "Expires": [ "-1" ]
      },
      "Content": "{\"error\":null,\"id\":null,\"name\":\"49370f43-26b8-4436-8b30-0684fbb7ad4b\",\"properties\":null,\"status\":\"InProgress\",\"startTime\":\"2020-09-24T11:02:15.8796857Z\",\"endTime\":null,\"percentComplete\":null}"
    }
  },
  "Start-AzMigrateTestMigrationCleanup+[NoContext]+ByIDVMwareCbt+$GET+https://management.azure.com/Subscriptions/7c943c1b-5122-4097-90c8-861411bdd574/resourceGroups/azmigratepwshtestasr13072020/providers/Microsoft.RecoveryServices/vaults/AzMigrateTestProjectPWSH02aarsvault/replicationOperationStatus/49370f43-26b8-4436-8b30-0684fbb7ad4b?api-version=2018-01-10+4": {
    "Request": {
      "Method": "GET",
      "RequestUri": "https://management.azure.com/Subscriptions/7c943c1b-5122-4097-90c8-861411bdd574/resourceGroups/azmigratepwshtestasr13072020/providers/Microsoft.RecoveryServices/vaults/AzMigrateTestProjectPWSH02aarsvault/replicationOperationStatus/49370f43-26b8-4436-8b30-0684fbb7ad4b?api-version=2018-01-10",
      "Content": null,
      "Headers": {
        "Authorization": [ "[Filtered]" ],
        "x-ms-unique-id": [ "86" ],
        "x-ms-client-request-id": [ "7e78af87-4c8a-4485-8d2a-305f6eb3ead5" ],
        "CommandName": [ "Az.Migrate.internal\\Test-AzMigrateReplicationMigrationItemMigrateCleanup" ],
        "FullCommandName": [ "Test-AzMigrateReplicationMigrationItemMigrateCleanup_TestExpanded" ],
        "ParameterSetName": [ "__AllParameterSets" ],
        "User-Agent": [ "AzurePowershell/Az4.0.0-preview" ]
      },
      "ContentHeaders": {
      }
    },
    "Response": {
      "StatusCode": 200,
      "Headers": {
        "Cache-Control": [ "no-cache" ],
        "Pragma": [ "no-cache" ],
        "x-ms-ratelimit-remaining-subscription-reads": [ "11977" ],
        "Server": [ "Microsoft-IIS/10.0", "Kestrel" ],
        "x-ms-request-id": [ "/Subscriptions/7c943c1b-5122-4097-90c8-861411bdd574/resourceGroups/azmigratepwshtestasr13072020/providers/Microsoft.RecoveryServices/vaults/AzMigrateTestProjectPWSH02aarsvault/replicationJobs/49370f43-26b8-4436-8b30-0684fbb7ad4b" ],
        "X-Content-Type-Options": [ "nosniff" ],
        "x-ms-client-request-id": [ "7e78af87-4c8a-4485-8d2a-305f6eb3ead5" ],
        "Strict-Transport-Security": [ "max-age=31536000; includeSubDomains" ],
        "x-ms-correlation-request-id": [ "30e76dff-29e6-46d2-8e95-91f8c7d529c3" ],
        "x-ms-routing-request-id": [ "CENTRALINDIA:20200924T110316Z:30e76dff-29e6-46d2-8e95-91f8c7d529c3" ],
        "Date": [ "Thu, 24 Sep 2020 11:03:16 GMT" ]
      },
      "ContentHeaders": {
        "Content-Length": [ "191" ],
        "Content-Type": [ "application/json" ],
        "Expires": [ "-1" ]
      },
      "Content": "{\"error\":null,\"id\":null,\"name\":\"49370f43-26b8-4436-8b30-0684fbb7ad4b\",\"properties\":null,\"status\":\"InProgress\",\"startTime\":\"2020-09-24T11:02:15.8796857Z\",\"endTime\":null,\"percentComplete\":null}"
    }
  },
  "Start-AzMigrateTestMigrationCleanup+[NoContext]+ByIDVMwareCbt+$GET+https://management.azure.com/Subscriptions/7c943c1b-5122-4097-90c8-861411bdd574/resourceGroups/azmigratepwshtestasr13072020/providers/Microsoft.RecoveryServices/vaults/AzMigrateTestProjectPWSH02aarsvault/replicationOperationStatus/49370f43-26b8-4436-8b30-0684fbb7ad4b?api-version=2018-01-10+5": {
    "Request": {
      "Method": "GET",
      "RequestUri": "https://management.azure.com/Subscriptions/7c943c1b-5122-4097-90c8-861411bdd574/resourceGroups/azmigratepwshtestasr13072020/providers/Microsoft.RecoveryServices/vaults/AzMigrateTestProjectPWSH02aarsvault/replicationOperationStatus/49370f43-26b8-4436-8b30-0684fbb7ad4b?api-version=2018-01-10",
      "Content": null,
      "Headers": {
        "Authorization": [ "[Filtered]" ],
        "x-ms-unique-id": [ "87" ],
        "x-ms-client-request-id": [ "7e78af87-4c8a-4485-8d2a-305f6eb3ead5" ],
        "CommandName": [ "Az.Migrate.internal\\Test-AzMigrateReplicationMigrationItemMigrateCleanup" ],
        "FullCommandName": [ "Test-AzMigrateReplicationMigrationItemMigrateCleanup_TestExpanded" ],
        "ParameterSetName": [ "__AllParameterSets" ],
        "User-Agent": [ "AzurePowershell/Az4.0.0-preview" ]
      },
      "ContentHeaders": {
      }
    },
    "Response": {
      "StatusCode": 200,
      "Headers": {
        "Cache-Control": [ "no-cache" ],
        "Pragma": [ "no-cache" ],
        "x-ms-ratelimit-remaining-subscription-reads": [ "11976" ],
        "Server": [ "Microsoft-IIS/10.0", "Kestrel" ],
        "x-ms-request-id": [ "/Subscriptions/7c943c1b-5122-4097-90c8-861411bdd574/resourceGroups/azmigratepwshtestasr13072020/providers/Microsoft.RecoveryServices/vaults/AzMigrateTestProjectPWSH02aarsvault/replicationJobs/49370f43-26b8-4436-8b30-0684fbb7ad4b" ],
        "X-Content-Type-Options": [ "nosniff" ],
        "x-ms-client-request-id": [ "7e78af87-4c8a-4485-8d2a-305f6eb3ead5" ],
        "Strict-Transport-Security": [ "max-age=31536000; includeSubDomains" ],
        "x-ms-correlation-request-id": [ "7dc4a1a0-eaef-47a3-8b35-1a81d1893dec" ],
        "x-ms-routing-request-id": [ "CENTRALINDIA:20200924T110347Z:7dc4a1a0-eaef-47a3-8b35-1a81d1893dec" ],
        "Date": [ "Thu, 24 Sep 2020 11:03:47 GMT" ]
      },
      "ContentHeaders": {
        "Content-Length": [ "191" ],
        "Content-Type": [ "application/json" ],
        "Expires": [ "-1" ]
      },
      "Content": "{\"error\":null,\"id\":null,\"name\":\"49370f43-26b8-4436-8b30-0684fbb7ad4b\",\"properties\":null,\"status\":\"InProgress\",\"startTime\":\"2020-09-24T11:02:15.8796857Z\",\"endTime\":null,\"percentComplete\":null}"
    }
  },
  "Start-AzMigrateTestMigrationCleanup+[NoContext]+ByIDVMwareCbt+$GET+https://management.azure.com/Subscriptions/7c943c1b-5122-4097-90c8-861411bdd574/resourceGroups/azmigratepwshtestasr13072020/providers/Microsoft.RecoveryServices/vaults/AzMigrateTestProjectPWSH02aarsvault/replicationOperationStatus/49370f43-26b8-4436-8b30-0684fbb7ad4b?api-version=2018-01-10+6": {
    "Request": {
      "Method": "GET",
      "RequestUri": "https://management.azure.com/Subscriptions/7c943c1b-5122-4097-90c8-861411bdd574/resourceGroups/azmigratepwshtestasr13072020/providers/Microsoft.RecoveryServices/vaults/AzMigrateTestProjectPWSH02aarsvault/replicationOperationStatus/49370f43-26b8-4436-8b30-0684fbb7ad4b?api-version=2018-01-10",
      "Content": null,
      "Headers": {
        "Authorization": [ "[Filtered]" ],
        "x-ms-unique-id": [ "88" ],
        "x-ms-client-request-id": [ "7e78af87-4c8a-4485-8d2a-305f6eb3ead5" ],
        "CommandName": [ "Az.Migrate.internal\\Test-AzMigrateReplicationMigrationItemMigrateCleanup" ],
        "FullCommandName": [ "Test-AzMigrateReplicationMigrationItemMigrateCleanup_TestExpanded" ],
        "ParameterSetName": [ "__AllParameterSets" ],
        "User-Agent": [ "AzurePowershell/Az4.0.0-preview" ]
      },
      "ContentHeaders": {
      }
    },
    "Response": {
      "StatusCode": 200,
      "Headers": {
        "Cache-Control": [ "no-cache" ],
        "Pragma": [ "no-cache" ],
        "x-ms-ratelimit-remaining-subscription-reads": [ "11975" ],
        "Server": [ "Microsoft-IIS/10.0", "Kestrel" ],
        "x-ms-request-id": [ "/Subscriptions/7c943c1b-5122-4097-90c8-861411bdd574/resourceGroups/azmigratepwshtestasr13072020/providers/Microsoft.RecoveryServices/vaults/AzMigrateTestProjectPWSH02aarsvault/replicationJobs/49370f43-26b8-4436-8b30-0684fbb7ad4b" ],
        "X-Content-Type-Options": [ "nosniff" ],
        "x-ms-client-request-id": [ "7e78af87-4c8a-4485-8d2a-305f6eb3ead5" ],
        "Strict-Transport-Security": [ "max-age=31536000; includeSubDomains" ],
        "x-ms-correlation-request-id": [ "d7108aaf-8e72-4c62-80e0-91dd71778a4a" ],
        "x-ms-routing-request-id": [ "CENTRALINDIA:20200924T110417Z:d7108aaf-8e72-4c62-80e0-91dd71778a4a" ],
        "Date": [ "Thu, 24 Sep 2020 11:04:17 GMT" ]
      },
      "ContentHeaders": {
        "Content-Length": [ "191" ],
        "Content-Type": [ "application/json" ],
        "Expires": [ "-1" ]
      },
      "Content": "{\"error\":null,\"id\":null,\"name\":\"49370f43-26b8-4436-8b30-0684fbb7ad4b\",\"properties\":null,\"status\":\"InProgress\",\"startTime\":\"2020-09-24T11:02:15.8796857Z\",\"endTime\":null,\"percentComplete\":null}"
    }
  },
  "Start-AzMigrateTestMigrationCleanup+[NoContext]+ByIDVMwareCbt+$GET+https://management.azure.com/Subscriptions/7c943c1b-5122-4097-90c8-861411bdd574/resourceGroups/azmigratepwshtestasr13072020/providers/Microsoft.RecoveryServices/vaults/AzMigrateTestProjectPWSH02aarsvault/replicationOperationStatus/49370f43-26b8-4436-8b30-0684fbb7ad4b?api-version=2018-01-10+7": {
    "Request": {
      "Method": "GET",
      "RequestUri": "https://management.azure.com/Subscriptions/7c943c1b-5122-4097-90c8-861411bdd574/resourceGroups/azmigratepwshtestasr13072020/providers/Microsoft.RecoveryServices/vaults/AzMigrateTestProjectPWSH02aarsvault/replicationOperationStatus/49370f43-26b8-4436-8b30-0684fbb7ad4b?api-version=2018-01-10",
      "Content": null,
      "Headers": {
        "Authorization": [ "[Filtered]" ],
        "x-ms-unique-id": [ "89" ],
        "x-ms-client-request-id": [ "7e78af87-4c8a-4485-8d2a-305f6eb3ead5" ],
        "CommandName": [ "Az.Migrate.internal\\Test-AzMigrateReplicationMigrationItemMigrateCleanup" ],
        "FullCommandName": [ "Test-AzMigrateReplicationMigrationItemMigrateCleanup_TestExpanded" ],
        "ParameterSetName": [ "__AllParameterSets" ],
        "User-Agent": [ "AzurePowershell/Az4.0.0-preview" ]
      },
      "ContentHeaders": {
      }
    },
    "Response": {
      "StatusCode": 200,
      "Headers": {
        "Cache-Control": [ "no-cache" ],
        "Pragma": [ "no-cache" ],
        "x-ms-ratelimit-remaining-subscription-reads": [ "11974" ],
        "Server": [ "Microsoft-IIS/10.0", "Kestrel" ],
        "x-ms-request-id": [ "/Subscriptions/7c943c1b-5122-4097-90c8-861411bdd574/resourceGroups/azmigratepwshtestasr13072020/providers/Microsoft.RecoveryServices/vaults/AzMigrateTestProjectPWSH02aarsvault/replicationJobs/49370f43-26b8-4436-8b30-0684fbb7ad4b" ],
        "X-Content-Type-Options": [ "nosniff" ],
        "x-ms-client-request-id": [ "7e78af87-4c8a-4485-8d2a-305f6eb3ead5" ],
        "Strict-Transport-Security": [ "max-age=31536000; includeSubDomains" ],
        "x-ms-correlation-request-id": [ "678bcfd5-bfe1-4a69-9b13-c8304043efea" ],
        "x-ms-routing-request-id": [ "CENTRALINDIA:20200924T110448Z:678bcfd5-bfe1-4a69-9b13-c8304043efea" ],
        "Date": [ "Thu, 24 Sep 2020 11:04:47 GMT" ]
      },
      "ContentHeaders": {
        "Content-Length": [ "191" ],
        "Content-Type": [ "application/json" ],
        "Expires": [ "-1" ]
      },
      "Content": "{\"error\":null,\"id\":null,\"name\":\"49370f43-26b8-4436-8b30-0684fbb7ad4b\",\"properties\":null,\"status\":\"InProgress\",\"startTime\":\"2020-09-24T11:02:15.8796857Z\",\"endTime\":null,\"percentComplete\":null}"
    }
  },
  "Start-AzMigrateTestMigrationCleanup+[NoContext]+ByIDVMwareCbt+$GET+https://management.azure.com/Subscriptions/7c943c1b-5122-4097-90c8-861411bdd574/resourceGroups/azmigratepwshtestasr13072020/providers/Microsoft.RecoveryServices/vaults/AzMigrateTestProjectPWSH02aarsvault/replicationOperationStatus/49370f43-26b8-4436-8b30-0684fbb7ad4b?api-version=2018-01-10+8": {
    "Request": {
      "Method": "GET",
      "RequestUri": "https://management.azure.com/Subscriptions/7c943c1b-5122-4097-90c8-861411bdd574/resourceGroups/azmigratepwshtestasr13072020/providers/Microsoft.RecoveryServices/vaults/AzMigrateTestProjectPWSH02aarsvault/replicationOperationStatus/49370f43-26b8-4436-8b30-0684fbb7ad4b?api-version=2018-01-10",
      "Content": null,
      "Headers": {
        "Authorization": [ "[Filtered]" ],
        "x-ms-unique-id": [ "90" ],
        "x-ms-client-request-id": [ "7e78af87-4c8a-4485-8d2a-305f6eb3ead5" ],
        "CommandName": [ "Az.Migrate.internal\\Test-AzMigrateReplicationMigrationItemMigrateCleanup" ],
        "FullCommandName": [ "Test-AzMigrateReplicationMigrationItemMigrateCleanup_TestExpanded" ],
        "ParameterSetName": [ "__AllParameterSets" ],
        "User-Agent": [ "AzurePowershell/Az4.0.0-preview" ]
      },
      "ContentHeaders": {
      }
    },
    "Response": {
      "StatusCode": 200,
      "Headers": {
        "Cache-Control": [ "no-cache" ],
        "Pragma": [ "no-cache" ],
        "x-ms-ratelimit-remaining-subscription-reads": [ "11973" ],
        "Server": [ "Microsoft-IIS/10.0", "Kestrel" ],
        "x-ms-request-id": [ "/Subscriptions/7c943c1b-5122-4097-90c8-861411bdd574/resourceGroups/azmigratepwshtestasr13072020/providers/Microsoft.RecoveryServices/vaults/AzMigrateTestProjectPWSH02aarsvault/replicationJobs/49370f43-26b8-4436-8b30-0684fbb7ad4b" ],
        "X-Content-Type-Options": [ "nosniff" ],
        "x-ms-client-request-id": [ "7e78af87-4c8a-4485-8d2a-305f6eb3ead5" ],
        "Strict-Transport-Security": [ "max-age=31536000; includeSubDomains" ],
        "x-ms-correlation-request-id": [ "884752bd-d36b-4ee1-9ce3-03dd8dc3a9e1" ],
        "x-ms-routing-request-id": [ "CENTRALINDIA:20200924T110519Z:884752bd-d36b-4ee1-9ce3-03dd8dc3a9e1" ],
        "Date": [ "Thu, 24 Sep 2020 11:05:18 GMT" ]
      },
      "ContentHeaders": {
        "Content-Length": [ "216" ],
        "Content-Type": [ "application/json" ],
        "Expires": [ "-1" ]
      },
      "Content": "{\"error\":null,\"id\":null,\"name\":\"49370f43-26b8-4436-8b30-0684fbb7ad4b\",\"properties\":null,\"status\":\"Succeeded\",\"startTime\":\"2020-09-24T11:02:15.8796857Z\",\"endTime\":\"2020-09-24T11:04:54.0000000Z\",\"percentComplete\":null}"
    }
  },
  "Start-AzMigrateTestMigrationCleanup+[NoContext]+ByIDVMwareCbt+$GET+https://management.azure.com/Subscriptions/7c943c1b-5122-4097-90c8-861411bdd574/resourceGroups/azmigratepwshtestasr13072020/providers/Microsoft.RecoveryServices/vaults/AzMigrateTestProjectPWSH02aarsvault/replicationFabrics/AzMigratePWSHTc8d1replicationfabric/replicationProtectionContainers/AzMigratePWSHTc8d1replicationcontainer/replicationMigrationItems/bcdr-vcenter-fareast-corp-micro-cfcc5a24-a40e-56b9-a6af-e206c9ca4f93_50351613-0fc1-0a93-8e65-6db3410fe9a4/operationresults/49370f43-26b8-4436-8b30-0684fbb7ad4b?api-version=2018-01-10+9": {
    "Request": {
      "Method": "GET",
      "RequestUri": "https://management.azure.com/Subscriptions/7c943c1b-5122-4097-90c8-861411bdd574/resourceGroups/azmigratepwshtestasr13072020/providers/Microsoft.RecoveryServices/vaults/AzMigrateTestProjectPWSH02aarsvault/replicationFabrics/AzMigratePWSHTc8d1replicationfabric/replicationProtectionContainers/AzMigratePWSHTc8d1replicationcontainer/replicationMigrationItems/bcdr-vcenter-fareast-corp-micro-cfcc5a24-a40e-56b9-a6af-e206c9ca4f93_50351613-0fc1-0a93-8e65-6db3410fe9a4/operationresults/49370f43-26b8-4436-8b30-0684fbb7ad4b?api-version=2018-01-10",
      "Content": null,
      "Headers": {
        "Authorization": [ "[Filtered]" ],
        "x-ms-unique-id": [ "91" ],
        "x-ms-client-request-id": [ "7e78af87-4c8a-4485-8d2a-305f6eb3ead5" ],
        "CommandName": [ "Az.Migrate.internal\\Test-AzMigrateReplicationMigrationItemMigrateCleanup" ],
        "FullCommandName": [ "Test-AzMigrateReplicationMigrationItemMigrateCleanup_TestExpanded" ],
        "ParameterSetName": [ "__AllParameterSets" ],
        "User-Agent": [ "AzurePowershell/Az4.0.0-preview" ]
      },
      "ContentHeaders": {
      }
    },
    "Response": {
      "StatusCode": 200,
      "Headers": {
        "Cache-Control": [ "no-cache" ],
        "Pragma": [ "no-cache" ],
        "x-ms-ratelimit-remaining-subscription-reads": [ "11972" ],
        "Server": [ "Microsoft-IIS/10.0", "Kestrel" ],
        "x-ms-request-id": [ "/Subscriptions/7c943c1b-5122-4097-90c8-861411bdd574/resourceGroups/azmigratepwshtestasr13072020/providers/Microsoft.RecoveryServices/vaults/AzMigrateTestProjectPWSH02aarsvault/replicationJobs/49370f43-26b8-4436-8b30-0684fbb7ad4b", "/Subscriptions/7c943c1b-5122-4097-90c8-861411bdd574/resourceGroups/azmigratepwshtestasr13072020/providers/Microsoft.RecoveryServices/vaults/AzMigrateTestProjectPWSH02aarsvault/replicationJobs/49370f43-26b8-4436-8b30-0684fbb7ad4b" ],
        "Azure-AsyncOperation": [ "https://management.azure.com/Subscriptions/7c943c1b-5122-4097-90c8-861411bdd574/resourceGroups/azmigratepwshtestasr13072020/providers/Microsoft.RecoveryServices/vaults/AzMigrateTestProjectPWSH02aarsvault/replicationOperationStatus/49370f43-26b8-4436-8b30-0684fbb7ad4b?api-version=2018-01-10" ],
        "X-Content-Type-Options": [ "nosniff" ],
        "x-ms-client-request-id": [ "7e78af87-4c8a-4485-8d2a-305f6eb3ead5" ],
        "Strict-Transport-Security": [ "max-age=31536000; includeSubDomains" ],
        "x-ms-correlation-request-id": [ "435eb9df-d95c-4243-b2f8-f230e9a9d407" ],
        "x-ms-routing-request-id": [ "CENTRALINDIA:20200924T110519Z:435eb9df-d95c-4243-b2f8-f230e9a9d407" ],
        "Date": [ "Thu, 24 Sep 2020 11:05:18 GMT" ]
      },
      "ContentHeaders": {
        "Content-Length": [ "6279" ],
        "Content-Type": [ "application/json" ],
        "Expires": [ "-1" ]
      },
      "Content": "{\"id\":\"/Subscriptions/7c943c1b-5122-4097-90c8-861411bdd574/resourceGroups/azmigratepwshtestasr13072020/providers/Microsoft.RecoveryServices/vaults/AzMigrateTestProjectPWSH02aarsvault/replicationFabrics/AzMigratePWSHTc8d1replicationfabric/replicationProtectionContainers/AzMigratePWSHTc8d1replicationcontainer/replicationMigrationItems/bcdr-vcenter-fareast-corp-micro-cfcc5a24-a40e-56b9-a6af-e206c9ca4f93_50351613-0fc1-0a93-8e65-6db3410fe9a4\",\"name\":\"bcdr-vcenter-fareast-corp-micro-cfcc5a24-a40e-56b9-a6af-e206c9ca4f93_50351613-0fc1-0a93-8e65-6db3410fe9a4\",\"type\":\"Microsoft.RecoveryServices/vaults/replicationFabrics/replicationProtectionContainers/replicationMigrationItems\",\"properties\":{\"machineName\":\"MSW12R2-03\",\"policyId\":\"/Subscriptions/7c943c1b-5122-4097-90c8-861411bdd574/resourceGroups/azmigratepwshtestasr13072020/providers/Microsoft.RecoveryServices/vaults/AzMigrateTestProjectPWSH02aarsvault/replicationPolicies/migrateAzMigratePWSHTc8d1sitepolicy\",\"policyFriendlyName\":\"migrateAzMigratePWSHTc8d1sitepolicy\",\"recoveryServicesProviderId\":\"/Subscriptions/7c943c1b-5122-4097-90c8-861411bdd574/resourceGroups/azmigratepwshtestasr13072020/providers/Microsoft.RecoveryServices/vaults/AzMigrateTestProjectPWSH02aarsvault/replicationFabrics/AzMigratePWSHTc8d1replicationfabric/replicationRecoveryServicesProviders/979c90cf-c376-5f2c-af38-15b72ff221f2\",\"migrationState\":\"Replicating\",\"migrationStateDescription\":\"Ready to migrate\",\"lastTestMigrationTime\":\"2020-09-24T10:40:41.8654605Z\",\"lastTestMigrationStatus\":\"Succeeded\",\"testMigrateState\":\"None\",\"testMigrateStateDescription\":\"None\",\"health\":\"Normal\",\"healthErrors\":[],\"allowedOperations\":[\"DisableMigration\",\"TestMigrate\",\"Migrate\"],\"currentJob\":{\"jobName\":\"None\",\"jobId\":\"/Subscriptions/7c943c1b-5122-4097-90c8-861411bdd574/resourceGroups/azmigratepwshtestasr13072020/providers/Microsoft.RecoveryServices/vaults/AzMigrateTestProjectPWSH02aarsvault/replicationJobs/None\",\"startTime\":\"1753-01-01T01:01:01Z\"},\"eventCorrelationId\":\"6e72b832-2250-4242-bed9-28b8cd3036b9\",\"providerSpecificDetails\":{\"instanceType\":\"VMwareCbt\",\"vmwareMachineId\":\"/subscriptions/7c943c1b-5122-4097-90c8-861411bdd574/resourceGroups/azmigratepwshtestasr13072020/providers/Microsoft.OffAzure/VMwareSites/AzMigratePWSHTc8d1site/machines/bcdr-vcenter-fareast-corp-micro-cfcc5a24-a40e-56b9-a6af-e206c9ca4f93_50351613-0fc1-0a93-8e65-6db3410fe9a4\",\"osType\":\"Windows\",\"firmwareType\":\"BIOS\",\"targetGeneration\":\"V1\",\"licenseType\":\"NoLicenseType\",\"dataMoverRunAsAccountId\":\"/subscriptions/7c943c1b-5122-4097-90c8-861411bdd574/resourceGroups/azmigratepwshtestasr13072020/providers/Microsoft.OffAzure/VMwareSites/AzMigratePWSHTc8d1site/runasaccounts/cfcc5a24-a40e-56b9-a6af-e206c9ca4f93\",\"snapshotRunAsAccountId\":\"/subscriptions/7c943c1b-5122-4097-90c8-861411bdd574/resourceGroups/azmigratepwshtestasr13072020/providers/Microsoft.OffAzure/VMwareSites/AzMigratePWSHTc8d1site/runasaccounts/cfcc5a24-a40e-56b9-a6af-e206c9ca4f93\",\"storageAccountId\":null,\"targetVmName\":\"MSW12R2-03\",\"targetVmSize\":\"Standard_B1ms\",\"targetLocation\":\"centraluseuap\",\"targetResourceGroupId\":\"/subscriptions/7c943c1b-5122-4097-90c8-861411bdd574/resourceGroups/AzMigratePWSHtargetRG\",\"targetAvailabilitySetId\":\"\",\"targetAvailabilityZone\":\"\",\"targetBootDiagnosticsStorageAccountId\":\"/subscriptions/7c943c1b-5122-4097-90c8-861411bdd574/resourceGroups/azmigratepwshtestasr13072020/providers/Microsoft.Storage/storageAccounts/migratelsa846827101\",\"protectedDisks\":[{\"diskId\":\"6000C293-e2c6-8705-78e2-e6661ef18633\",\"diskName\":\"MSW12R2-03_2\",\"diskType\":\"Standard_LRS\",\"diskPath\":\"[datastore78-ext] MSW12R2-03/MSW12R2-03_2.vmdk\",\"isOSDisk\":\"true\",\"capacityInBytes\":42949672960,\"logStorageAccountId\":\"/subscriptions/7c943c1b-5122-4097-90c8-861411bdd574/resourceGroups/azmigratepwshtestasr13072020/providers/Microsoft.Storage/storageAccounts/migratelsa846827101\",\"logStorageAccountSasSecretName\":\"migratelsa846827101-cacheSas\",\"diskEncryptionSetId\":null,\"seedManagedDiskId\":\"/subscriptions/7c943c1b-5122-4097-90c8-861411bdd574/resourceGroups/AzMigratePWSHtargetRG/providers/Microsoft.Compute/disks/asrseeddisk-MSW12R2_-MSW12R2_-2fc2f84d-ad90-4412-b9d5-6c0ef8cac59e\",\"seedBlobUri\":null,\"targetManagedDiskId\":null,\"targetBlobUri\":null}],\"targetNetworkId\":\"/subscriptions/7c943c1b-5122-4097-90c8-861411bdd574/resourceGroups/AzMigratePWSHtargetRG/providers/Microsoft.Network/virtualNetworks/AzMigrateTargetNetwork\",\"vmNics\":[{\"nicId\":\"b10d09c5-5dc2-48de-8a0f-541483c1600f\",\"isPrimaryNic\":\"false\",\"sourceIPAddress\":null,\"sourceIPAddressType\":\"Static\",\"sourceNetworkId\":\"VM Network\",\"targetIPAddress\":\"\",\"targetIPAddressType\":\"Dynamic\",\"targetSubnetName\":\"default\",\"isSelectedForMigration\":\"true\"},{\"nicId\":\"d5e98b3d-4b46-481b-b138-09f0a973ac8a\",\"isPrimaryNic\":\"true\",\"sourceIPAddress\":null,\"sourceIPAddressType\":\"Static\",\"sourceNetworkId\":\"VM Network\",\"targetIPAddress\":\"\",\"targetIPAddressType\":\"Dynamic\",\"targetSubnetName\":\"default\",\"isSelectedForMigration\":\"true\"}],\"migrationRecoveryPointId\":\"/Subscriptions/7c943c1b-5122-4097-90c8-861411bdd574/resourceGroups/azmigratepwshtestasr13072020/providers/Microsoft.RecoveryServices/vaults/AzMigrateTestProjectPWSH02aarsvault/replicationFabrics/AzMigratePWSHTc8d1replicationfabric/replicationProtectionContainers/AzMigratePWSHTc8d1replicationcontainer/replicationMigrationItems/bcdr-vcenter-fareast-corp-micro-cfcc5a24-a40e-56b9-a6af-e206c9ca4f93_50351613-0fc1-0a93-8e65-6db3410fe9a4/migrationRecoveryPoints/c7a23bff-c7b3-421e-80c2-a3da8fb4d781\",\"lastRecoveryPointReceived\":\"2020-09-24T10:07:32.502Z\",\"lastRecoveryPointId\":\"/Subscriptions/7c943c1b-5122-4097-90c8-861411bdd574/resourceGroups/azmigratepwshtestasr13072020/providers/Microsoft.RecoveryServices/vaults/AzMigrateTestProjectPWSH02aarsvault/replicationFabrics/AzMigratePWSHTc8d1replicationfabric/replicationProtectionContainers/AzMigratePWSHTc8d1replicationcontainer/replicationMigrationItems/bcdr-vcenter-fareast-corp-micro-cfcc5a24-a40e-56b9-a6af-e206c9ca4f93_50351613-0fc1-0a93-8e65-6db3410fe9a4/migrationRecoveryPoints/c7a23bff-c7b3-421e-80c2-a3da8fb4d781\",\"initialSeedingProgressPercentage\":null,\"migrationProgressPercentage\":null,\"resyncProgressPercentage\":null,\"initialSeedingRetryCount\":0,\"resyncRetryCount\":0,\"resyncRequired\":\"false\",\"resyncState\":\"None\",\"performAutoResync\":\"true\"}}}"
    }
  },
  "Start-AzMigrateTestMigrationCleanup+[NoContext]+ByInputObjectVMwareCbt+$GET+https://management.azure.com/Subscriptions/7c943c1b-5122-4097-90c8-861411bdd574/resourceGroups/azmigratepwshtestasr13072020/providers/Microsoft.RecoveryServices/vaults/AzMigrateTestProjectPWSH02aarsvault/replicationFabrics/AzMigratePWSHTc8d1replicationfabric/replicationProtectionContainers/AzMigratePWSHTc8d1replicationcontainer/replicationMigrationItems/bcdr-vcenter-fareast-corp-micro-cfcc5a24-a40e-56b9-a6af-e206c9ca4f93_50069ee3-0b88-6414-0a82-acd37b6dc092?api-version=2018-01-10+1": {
    "Request": {
      "Method": "GET",
      "RequestUri": "https://management.azure.com/Subscriptions/7c943c1b-5122-4097-90c8-861411bdd574/resourceGroups/azmigratepwshtestasr13072020/providers/Microsoft.RecoveryServices/vaults/AzMigrateTestProjectPWSH02aarsvault/replicationFabrics/AzMigratePWSHTc8d1replicationfabric/replicationProtectionContainers/AzMigratePWSHTc8d1replicationcontainer/replicationMigrationItems/bcdr-vcenter-fareast-corp-micro-cfcc5a24-a40e-56b9-a6af-e206c9ca4f93_50069ee3-0b88-6414-0a82-acd37b6dc092?api-version=2018-01-10",
      "Content": null,
      "Headers": {
        "x-ms-unique-id": [ "92" ],
        "x-ms-client-request-id": [ "a78301cb-f2de-448b-b6cb-f4f31f680f97" ],
        "CommandName": [ "Az.Migrate.internal\\Get-AzMigrateReplicationMigrationItem" ],
        "FullCommandName": [ "Get-AzMigrateReplicationMigrationItem_Get" ],
        "ParameterSetName": [ "__AllParameterSets" ],
        "User-Agent": [ "AzurePowershell/Az4.0.0-preview" ],
        "Authorization": [ "[Filtered]" ]
      },
      "ContentHeaders": {
      }
    },
    "Response": {
      "StatusCode": 200,
      "Headers": {
        "Cache-Control": [ "no-cache" ],
        "Pragma": [ "no-cache" ],
        "x-ms-ratelimit-remaining-subscription-reads": [ "11971" ],
        "Server": [ "Microsoft-IIS/10.0", "Kestrel" ],
        "x-ms-request-id": [ "a78301cb-f2de-448b-b6cb-f4f31f680f97 9/24/2020 11:05:19 AM" ],
        "X-Content-Type-Options": [ "nosniff" ],
        "x-ms-client-request-id": [ "a78301cb-f2de-448b-b6cb-f4f31f680f97" ],
        "Strict-Transport-Security": [ "max-age=31536000; includeSubDomains" ],
        "x-ms-correlation-request-id": [ "b633040d-3e2e-43a0-bd0d-afc53ad8e8fb" ],
        "x-ms-routing-request-id": [ "CENTRALINDIA:20200924T110520Z:b633040d-3e2e-43a0-bd0d-afc53ad8e8fb" ],
        "Date": [ "Thu, 24 Sep 2020 11:05:19 GMT" ]
      },
      "ContentHeaders": {
        "Content-Length": [ "6093" ],
        "Content-Type": [ "application/json" ],
        "Expires": [ "-1" ]
      },
      "Content": "{\"id\":\"/Subscriptions/7c943c1b-5122-4097-90c8-861411bdd574/resourceGroups/azmigratepwshtestasr13072020/providers/Microsoft.RecoveryServices/vaults/AzMigrateTestProjectPWSH02aarsvault/replicationFabrics/AzMigratePWSHTc8d1replicationfabric/replicationProtectionContainers/AzMigratePWSHTc8d1replicationcontainer/replicationMigrationItems/bcdr-vcenter-fareast-corp-micro-cfcc5a24-a40e-56b9-a6af-e206c9ca4f93_50069ee3-0b88-6414-0a82-acd37b6dc092\",\"name\":\"bcdr-vcenter-fareast-corp-micro-cfcc5a24-a40e-56b9-a6af-e206c9ca4f93_50069ee3-0b88-6414-0a82-acd37b6dc092\",\"type\":\"Microsoft.RecoveryServices/vaults/replicationFabrics/replicationProtectionContainers/replicationMigrationItems\",\"properties\":{\"machineName\":\"w2k12r2-1-rb\",\"policyId\":\"/Subscriptions/7c943c1b-5122-4097-90c8-861411bdd574/resourceGroups/azmigratepwshtestasr13072020/providers/Microsoft.RecoveryServices/vaults/AzMigrateTestProjectPWSH02aarsvault/replicationPolicies/migrateAzMigratePWSHTc8d1sitepolicy\",\"policyFriendlyName\":\"migrateAzMigratePWSHTc8d1sitepolicy\",\"recoveryServicesProviderId\":\"/Subscriptions/7c943c1b-5122-4097-90c8-861411bdd574/resourceGroups/azmigratepwshtestasr13072020/providers/Microsoft.RecoveryServices/vaults/AzMigrateTestProjectPWSH02aarsvault/replicationFabrics/AzMigratePWSHTc8d1replicationfabric/replicationRecoveryServicesProviders/979c90cf-c376-5f2c-af38-15b72ff221f2\",\"migrationState\":\"Replicating\",\"migrationStateDescription\":\"Ready to migrate\",\"lastTestMigrationTime\":\"2020-09-24T10:49:55.6710778Z\",\"lastTestMigrationStatus\":\"Succeeded\",\"testMigrateState\":\"TestMigrationSucceeded\",\"testMigrateStateDescription\":\"Test clean up pending\",\"health\":\"Normal\",\"healthErrors\":[],\"allowedOperations\":[\"DisableMigration\",\"TestMigrateCleanup\"],\"currentJob\":{\"jobName\":\"TestFailover\",\"jobId\":\"/Subscriptions/7c943c1b-5122-4097-90c8-861411bdd574/resourceGroups/azmigratepwshtestasr13072020/providers/Microsoft.RecoveryServices/vaults/AzMigrateTestProjectPWSH02aarsvault/replicationJobs/543954ea-8e82-49a0-9bb9-9e3b3f281297\",\"startTime\":\"2020-09-24T10:49:55.6710778Z\"},\"eventCorrelationId\":\"22bd5616-340d-4556-9533-1a510190e924\",\"providerSpecificDetails\":{\"instanceType\":\"VMwareCbt\",\"vmwareMachineId\":\"/subscriptions/7c943c1b-5122-4097-90c8-861411bdd574/resourceGroups/azmigratepwshtestasr13072020/providers/Microsoft.OffAzure/VMwareSites/AzMigratePWSHTc8d1site/machines/bcdr-vcenter-fareast-corp-micro-cfcc5a24-a40e-56b9-a6af-e206c9ca4f93_50069ee3-0b88-6414-0a82-acd37b6dc092\",\"osType\":\"Windows\",\"firmwareType\":\"BIOS\",\"targetGeneration\":\"V1\",\"licenseType\":\"NoLicenseType\",\"dataMoverRunAsAccountId\":\"/subscriptions/7c943c1b-5122-4097-90c8-861411bdd574/resourceGroups/azmigratepwshtestasr13072020/providers/Microsoft.OffAzure/VMwareSites/AzMigratePWSHTc8d1site/runasaccounts/cfcc5a24-a40e-56b9-a6af-e206c9ca4f93\",\"snapshotRunAsAccountId\":\"/subscriptions/7c943c1b-5122-4097-90c8-861411bdd574/resourceGroups/azmigratepwshtestasr13072020/providers/Microsoft.OffAzure/VMwareSites/AzMigratePWSHTc8d1site/runasaccounts/cfcc5a24-a40e-56b9-a6af-e206c9ca4f93\",\"storageAccountId\":null,\"targetVmName\":\"w2k12r2-1-rb\",\"targetVmSize\":\"Standard_B1ms\",\"targetLocation\":\"centraluseuap\",\"targetResourceGroupId\":\"/subscriptions/7c943c1b-5122-4097-90c8-861411bdd574/resourceGroups/AzMigratePWSHtargetRG\",\"targetAvailabilitySetId\":\"\",\"targetAvailabilityZone\":\"\",\"targetBootDiagnosticsStorageAccountId\":\"/subscriptions/7c943c1b-5122-4097-90c8-861411bdd574/resourceGroups/azmigratepwshtestasr13072020/providers/Microsoft.Storage/storageAccounts/migratelsa846827101\",\"protectedDisks\":[{\"diskId\":\"6000C29f-1209-c13b-9f95-8f062b021406\",\"diskName\":\"w2k12r2-1-rb\",\"diskType\":\"Standard_LRS\",\"diskPath\":\"[New_Storage_DS] w2k12r2-1-rb/w2k12r2-1-rb.vmdk\",\"isOSDisk\":\"true\",\"capacityInBytes\":42949672960,\"logStorageAccountId\":\"/subscriptions/7c943c1b-5122-4097-90c8-861411bdd574/resourceGroups/azmigratepwshtestasr13072020/providers/Microsoft.Storage/storageAccounts/migratelsa846827101\",\"logStorageAccountSasSecretName\":\"migratelsa846827101-cacheSas\",\"diskEncryptionSetId\":null,\"seedManagedDiskId\":\"/subscriptions/7c943c1b-5122-4097-90c8-861411bdd574/resourceGroups/AzMigratePWSHtargetRG/providers/Microsoft.Compute/disks/asrseeddisk-w2k12r2_-w2k12r2_-c2439cd8-9bc6-4904-ac2b-5db942008fbb\",\"seedBlobUri\":null,\"targetManagedDiskId\":null,\"targetBlobUri\":null}],\"targetNetworkId\":\"/subscriptions/7c943c1b-5122-4097-90c8-861411bdd574/resourceGroups/AzMigratePWSHtargetRG/providers/Microsoft.Network/virtualNetworks/AzMigrateTargetNetwork\",\"vmNics\":[{\"nicId\":\"05d06260-04f5-4057-93f2-9717cb1c899a\",\"isPrimaryNic\":\"true\",\"sourceIPAddress\":null,\"sourceIPAddressType\":\"Static\",\"sourceNetworkId\":\"VM Network\",\"targetIPAddress\":\"\",\"targetIPAddressType\":\"Dynamic\",\"targetSubnetName\":\"default\",\"isSelectedForMigration\":\"true\"}],\"migrationRecoveryPointId\":\"/Subscriptions/7c943c1b-5122-4097-90c8-861411bdd574/resourceGroups/azmigratepwshtestasr13072020/providers/Microsoft.RecoveryServices/vaults/AzMigrateTestProjectPWSH02aarsvault/replicationFabrics/AzMigratePWSHTc8d1replicationfabric/replicationProtectionContainers/AzMigratePWSHTc8d1replicationcontainer/replicationMigrationItems/bcdr-vcenter-fareast-corp-micro-cfcc5a24-a40e-56b9-a6af-e206c9ca4f93_50069ee3-0b88-6414-0a82-acd37b6dc092/migrationRecoveryPoints/6aae33c4-319a-48ca-9361-05b3d3b7bdc7\",\"lastRecoveryPointReceived\":\"2020-09-24T10:52:31.721Z\",\"lastRecoveryPointId\":\"/Subscriptions/7c943c1b-5122-4097-90c8-861411bdd574/resourceGroups/azmigratepwshtestasr13072020/providers/Microsoft.RecoveryServices/vaults/AzMigrateTestProjectPWSH02aarsvault/replicationFabrics/AzMigratePWSHTc8d1replicationfabric/replicationProtectionContainers/AzMigratePWSHTc8d1replicationcontainer/replicationMigrationItems/bcdr-vcenter-fareast-corp-micro-cfcc5a24-a40e-56b9-a6af-e206c9ca4f93_50069ee3-0b88-6414-0a82-acd37b6dc092/migrationRecoveryPoints/469236b2-2b5f-403c-aab4-2b5cf2090fef\",\"initialSeedingProgressPercentage\":null,\"migrationProgressPercentage\":null,\"resyncProgressPercentage\":null,\"initialSeedingRetryCount\":0,\"resyncRetryCount\":0,\"resyncRequired\":\"false\",\"resyncState\":\"None\",\"performAutoResync\":\"true\"}}}"
    }
  },
  "Start-AzMigrateTestMigrationCleanup+[NoContext]+ByInputObjectVMwareCbt+$GET+https://management.azure.com/Subscriptions/7c943c1b-5122-4097-90c8-861411bdd574/resourceGroups/azmigratepwshtestasr13072020/providers/Microsoft.RecoveryServices/vaults/AzMigrateTestProjectPWSH02aarsvault/replicationFabrics/AzMigratePWSHTc8d1replicationfabric/replicationProtectionContainers/AzMigratePWSHTc8d1replicationcontainer/replicationMigrationItems/bcdr-vcenter-fareast-corp-micro-cfcc5a24-a40e-56b9-a6af-e206c9ca4f93_50069ee3-0b88-6414-0a82-acd37b6dc092?api-version=2018-01-10+2": {
    "Request": {
      "Method": "GET",
      "RequestUri": "https://management.azure.com/Subscriptions/7c943c1b-5122-4097-90c8-861411bdd574/resourceGroups/azmigratepwshtestasr13072020/providers/Microsoft.RecoveryServices/vaults/AzMigrateTestProjectPWSH02aarsvault/replicationFabrics/AzMigratePWSHTc8d1replicationfabric/replicationProtectionContainers/AzMigratePWSHTc8d1replicationcontainer/replicationMigrationItems/bcdr-vcenter-fareast-corp-micro-cfcc5a24-a40e-56b9-a6af-e206c9ca4f93_50069ee3-0b88-6414-0a82-acd37b6dc092?api-version=2018-01-10",
      "Content": null,
      "Headers": {
        "x-ms-unique-id": [ "93" ],
        "x-ms-client-request-id": [ "d1797066-8fa4-473a-9a4f-0c323c7b779b" ],
        "CommandName": [ "Az.Migrate.internal\\Get-AzMigrateReplicationMigrationItem" ],
        "FullCommandName": [ "Get-AzMigrateReplicationMigrationItem_Get" ],
        "ParameterSetName": [ "__AllParameterSets" ],
        "User-Agent": [ "AzurePowershell/Az4.0.0-preview" ],
        "Authorization": [ "[Filtered]" ]
      },
      "ContentHeaders": {
      }
    },
    "Response": {
      "StatusCode": 200,
      "Headers": {
        "Cache-Control": [ "no-cache" ],
        "Pragma": [ "no-cache" ],
        "x-ms-ratelimit-remaining-subscription-reads": [ "11970" ],
        "Server": [ "Microsoft-IIS/10.0", "Kestrel" ],
        "x-ms-request-id": [ "d1797066-8fa4-473a-9a4f-0c323c7b779b 9/24/2020 11:05:20 AM" ],
        "X-Content-Type-Options": [ "nosniff" ],
        "x-ms-client-request-id": [ "d1797066-8fa4-473a-9a4f-0c323c7b779b" ],
        "Strict-Transport-Security": [ "max-age=31536000; includeSubDomains" ],
        "x-ms-correlation-request-id": [ "57128d34-08fd-4af1-b039-19be6429b619" ],
        "x-ms-routing-request-id": [ "CENTRALINDIA:20200924T110520Z:57128d34-08fd-4af1-b039-19be6429b619" ],
        "Date": [ "Thu, 24 Sep 2020 11:05:19 GMT" ]
      },
      "ContentHeaders": {
        "Content-Length": [ "6093" ],
        "Content-Type": [ "application/json" ],
        "Expires": [ "-1" ]
      },
      "Content": "{\"id\":\"/Subscriptions/7c943c1b-5122-4097-90c8-861411bdd574/resourceGroups/azmigratepwshtestasr13072020/providers/Microsoft.RecoveryServices/vaults/AzMigrateTestProjectPWSH02aarsvault/replicationFabrics/AzMigratePWSHTc8d1replicationfabric/replicationProtectionContainers/AzMigratePWSHTc8d1replicationcontainer/replicationMigrationItems/bcdr-vcenter-fareast-corp-micro-cfcc5a24-a40e-56b9-a6af-e206c9ca4f93_50069ee3-0b88-6414-0a82-acd37b6dc092\",\"name\":\"bcdr-vcenter-fareast-corp-micro-cfcc5a24-a40e-56b9-a6af-e206c9ca4f93_50069ee3-0b88-6414-0a82-acd37b6dc092\",\"type\":\"Microsoft.RecoveryServices/vaults/replicationFabrics/replicationProtectionContainers/replicationMigrationItems\",\"properties\":{\"machineName\":\"w2k12r2-1-rb\",\"policyId\":\"/Subscriptions/7c943c1b-5122-4097-90c8-861411bdd574/resourceGroups/azmigratepwshtestasr13072020/providers/Microsoft.RecoveryServices/vaults/AzMigrateTestProjectPWSH02aarsvault/replicationPolicies/migrateAzMigratePWSHTc8d1sitepolicy\",\"policyFriendlyName\":\"migrateAzMigratePWSHTc8d1sitepolicy\",\"recoveryServicesProviderId\":\"/Subscriptions/7c943c1b-5122-4097-90c8-861411bdd574/resourceGroups/azmigratepwshtestasr13072020/providers/Microsoft.RecoveryServices/vaults/AzMigrateTestProjectPWSH02aarsvault/replicationFabrics/AzMigratePWSHTc8d1replicationfabric/replicationRecoveryServicesProviders/979c90cf-c376-5f2c-af38-15b72ff221f2\",\"migrationState\":\"Replicating\",\"migrationStateDescription\":\"Ready to migrate\",\"lastTestMigrationTime\":\"2020-09-24T10:49:55.6710778Z\",\"lastTestMigrationStatus\":\"Succeeded\",\"testMigrateState\":\"TestMigrationSucceeded\",\"testMigrateStateDescription\":\"Test clean up pending\",\"health\":\"Normal\",\"healthErrors\":[],\"allowedOperations\":[\"DisableMigration\",\"TestMigrateCleanup\"],\"currentJob\":{\"jobName\":\"TestFailover\",\"jobId\":\"/Subscriptions/7c943c1b-5122-4097-90c8-861411bdd574/resourceGroups/azmigratepwshtestasr13072020/providers/Microsoft.RecoveryServices/vaults/AzMigrateTestProjectPWSH02aarsvault/replicationJobs/543954ea-8e82-49a0-9bb9-9e3b3f281297\",\"startTime\":\"2020-09-24T10:49:55.6710778Z\"},\"eventCorrelationId\":\"22bd5616-340d-4556-9533-1a510190e924\",\"providerSpecificDetails\":{\"instanceType\":\"VMwareCbt\",\"vmwareMachineId\":\"/subscriptions/7c943c1b-5122-4097-90c8-861411bdd574/resourceGroups/azmigratepwshtestasr13072020/providers/Microsoft.OffAzure/VMwareSites/AzMigratePWSHTc8d1site/machines/bcdr-vcenter-fareast-corp-micro-cfcc5a24-a40e-56b9-a6af-e206c9ca4f93_50069ee3-0b88-6414-0a82-acd37b6dc092\",\"osType\":\"Windows\",\"firmwareType\":\"BIOS\",\"targetGeneration\":\"V1\",\"licenseType\":\"NoLicenseType\",\"dataMoverRunAsAccountId\":\"/subscriptions/7c943c1b-5122-4097-90c8-861411bdd574/resourceGroups/azmigratepwshtestasr13072020/providers/Microsoft.OffAzure/VMwareSites/AzMigratePWSHTc8d1site/runasaccounts/cfcc5a24-a40e-56b9-a6af-e206c9ca4f93\",\"snapshotRunAsAccountId\":\"/subscriptions/7c943c1b-5122-4097-90c8-861411bdd574/resourceGroups/azmigratepwshtestasr13072020/providers/Microsoft.OffAzure/VMwareSites/AzMigratePWSHTc8d1site/runasaccounts/cfcc5a24-a40e-56b9-a6af-e206c9ca4f93\",\"storageAccountId\":null,\"targetVmName\":\"w2k12r2-1-rb\",\"targetVmSize\":\"Standard_B1ms\",\"targetLocation\":\"centraluseuap\",\"targetResourceGroupId\":\"/subscriptions/7c943c1b-5122-4097-90c8-861411bdd574/resourceGroups/AzMigratePWSHtargetRG\",\"targetAvailabilitySetId\":\"\",\"targetAvailabilityZone\":\"\",\"targetBootDiagnosticsStorageAccountId\":\"/subscriptions/7c943c1b-5122-4097-90c8-861411bdd574/resourceGroups/azmigratepwshtestasr13072020/providers/Microsoft.Storage/storageAccounts/migratelsa846827101\",\"protectedDisks\":[{\"diskId\":\"6000C29f-1209-c13b-9f95-8f062b021406\",\"diskName\":\"w2k12r2-1-rb\",\"diskType\":\"Standard_LRS\",\"diskPath\":\"[New_Storage_DS] w2k12r2-1-rb/w2k12r2-1-rb.vmdk\",\"isOSDisk\":\"true\",\"capacityInBytes\":42949672960,\"logStorageAccountId\":\"/subscriptions/7c943c1b-5122-4097-90c8-861411bdd574/resourceGroups/azmigratepwshtestasr13072020/providers/Microsoft.Storage/storageAccounts/migratelsa846827101\",\"logStorageAccountSasSecretName\":\"migratelsa846827101-cacheSas\",\"diskEncryptionSetId\":null,\"seedManagedDiskId\":\"/subscriptions/7c943c1b-5122-4097-90c8-861411bdd574/resourceGroups/AzMigratePWSHtargetRG/providers/Microsoft.Compute/disks/asrseeddisk-w2k12r2_-w2k12r2_-c2439cd8-9bc6-4904-ac2b-5db942008fbb\",\"seedBlobUri\":null,\"targetManagedDiskId\":null,\"targetBlobUri\":null}],\"targetNetworkId\":\"/subscriptions/7c943c1b-5122-4097-90c8-861411bdd574/resourceGroups/AzMigratePWSHtargetRG/providers/Microsoft.Network/virtualNetworks/AzMigrateTargetNetwork\",\"vmNics\":[{\"nicId\":\"05d06260-04f5-4057-93f2-9717cb1c899a\",\"isPrimaryNic\":\"true\",\"sourceIPAddress\":null,\"sourceIPAddressType\":\"Static\",\"sourceNetworkId\":\"VM Network\",\"targetIPAddress\":\"\",\"targetIPAddressType\":\"Dynamic\",\"targetSubnetName\":\"default\",\"isSelectedForMigration\":\"true\"}],\"migrationRecoveryPointId\":\"/Subscriptions/7c943c1b-5122-4097-90c8-861411bdd574/resourceGroups/azmigratepwshtestasr13072020/providers/Microsoft.RecoveryServices/vaults/AzMigrateTestProjectPWSH02aarsvault/replicationFabrics/AzMigratePWSHTc8d1replicationfabric/replicationProtectionContainers/AzMigratePWSHTc8d1replicationcontainer/replicationMigrationItems/bcdr-vcenter-fareast-corp-micro-cfcc5a24-a40e-56b9-a6af-e206c9ca4f93_50069ee3-0b88-6414-0a82-acd37b6dc092/migrationRecoveryPoints/6aae33c4-319a-48ca-9361-05b3d3b7bdc7\",\"lastRecoveryPointReceived\":\"2020-09-24T10:52:31.721Z\",\"lastRecoveryPointId\":\"/Subscriptions/7c943c1b-5122-4097-90c8-861411bdd574/resourceGroups/azmigratepwshtestasr13072020/providers/Microsoft.RecoveryServices/vaults/AzMigrateTestProjectPWSH02aarsvault/replicationFabrics/AzMigratePWSHTc8d1replicationfabric/replicationProtectionContainers/AzMigratePWSHTc8d1replicationcontainer/replicationMigrationItems/bcdr-vcenter-fareast-corp-micro-cfcc5a24-a40e-56b9-a6af-e206c9ca4f93_50069ee3-0b88-6414-0a82-acd37b6dc092/migrationRecoveryPoints/469236b2-2b5f-403c-aab4-2b5cf2090fef\",\"initialSeedingProgressPercentage\":null,\"migrationProgressPercentage\":null,\"resyncProgressPercentage\":null,\"initialSeedingRetryCount\":0,\"resyncRetryCount\":0,\"resyncRequired\":\"false\",\"resyncState\":\"None\",\"performAutoResync\":\"true\"}}}"
    }
  },
  "Start-AzMigrateTestMigrationCleanup+[NoContext]+ByInputObjectVMwareCbt+$POST+https://management.azure.com/Subscriptions/7c943c1b-5122-4097-90c8-861411bdd574/resourceGroups/azmigratepwshtestasr13072020/providers/Microsoft.RecoveryServices/vaults/AzMigrateTestProjectPWSH02aarsvault/replicationFabrics/AzMigratePWSHTc8d1replicationfabric/replicationProtectionContainers/AzMigratePWSHTc8d1replicationcontainer/replicationMigrationItems/bcdr-vcenter-fareast-corp-micro-cfcc5a24-a40e-56b9-a6af-e206c9ca4f93_50069ee3-0b88-6414-0a82-acd37b6dc092/testMigrateCleanup?api-version=2018-01-10+3": {
    "Request": {
      "Method": "POST",
      "RequestUri": "https://management.azure.com/Subscriptions/7c943c1b-5122-4097-90c8-861411bdd574/resourceGroups/azmigratepwshtestasr13072020/providers/Microsoft.RecoveryServices/vaults/AzMigrateTestProjectPWSH02aarsvault/replicationFabrics/AzMigratePWSHTc8d1replicationfabric/replicationProtectionContainers/AzMigratePWSHTc8d1replicationcontainer/replicationMigrationItems/bcdr-vcenter-fareast-corp-micro-cfcc5a24-a40e-56b9-a6af-e206c9ca4f93_50069ee3-0b88-6414-0a82-acd37b6dc092/testMigrateCleanup?api-version=2018-01-10",
      "Content": "{\n  \"properties\": {\n    \"comments\": \"Test migrate cleanup from powershell\"\n  }\n}",
      "Headers": {
      },
      "ContentHeaders": {
        "Content-Type": [ "application/json" ],
        "Content-Length": [ "80" ]
      }
    },
    "Response": {
      "StatusCode": 202,
      "Headers": {
        "Cache-Control": [ "no-cache" ],
        "Pragma": [ "no-cache" ],
        "Location": [ "https://management.azure.com/Subscriptions/7c943c1b-5122-4097-90c8-861411bdd574/resourceGroups/azmigratepwshtestasr13072020/providers/Microsoft.RecoveryServices/vaults/AzMigrateTestProjectPWSH02aarsvault/replicationFabrics/AzMigratePWSHTc8d1replicationfabric/replicationProtectionContainers/AzMigratePWSHTc8d1replicationcontainer/replicationMigrationItems/bcdr-vcenter-fareast-corp-micro-cfcc5a24-a40e-56b9-a6af-e206c9ca4f93_50069ee3-0b88-6414-0a82-acd37b6dc092/operationresults/b796a991-d29a-4412-b1cc-549c9566955f?api-version=2018-01-10" ],
        "Retry-After": [ "30" ],
        "x-ms-request-id": [ "/Subscriptions/7c943c1b-5122-4097-90c8-861411bdd574/resourceGroups/azmigratepwshtestasr13072020/providers/Microsoft.RecoveryServices/vaults/AzMigrateTestProjectPWSH02aarsvault/replicationJobs/b796a991-d29a-4412-b1cc-549c9566955f", "/Subscriptions/7c943c1b-5122-4097-90c8-861411bdd574/resourceGroups/azmigratepwshtestasr13072020/providers/Microsoft.RecoveryServices/vaults/AzMigrateTestProjectPWSH02aarsvault/replicationJobs/b796a991-d29a-4412-b1cc-549c9566955f" ],
        "Azure-AsyncOperation": [ "https://management.azure.com/Subscriptions/7c943c1b-5122-4097-90c8-861411bdd574/resourceGroups/azmigratepwshtestasr13072020/providers/Microsoft.RecoveryServices/vaults/AzMigrateTestProjectPWSH02aarsvault/replicationOperationStatus/b796a991-d29a-4412-b1cc-549c9566955f?api-version=2018-01-10" ],
        "X-Content-Type-Options": [ "nosniff" ],
        "x-ms-client-request-id": [ "b421f434-6c68-4ec0-8d35-977fd9f6c62f" ],
        "Strict-Transport-Security": [ "max-age=31536000; includeSubDomains" ],
        "x-ms-ratelimit-remaining-subscription-writes": [ "1197" ],
        "x-ms-correlation-request-id": [ "83baf958-445c-4d3d-a4e0-eb8fde2d5a86" ],
        "x-ms-routing-request-id": [ "CENTRALINDIA:20200924T110521Z:83baf958-445c-4d3d-a4e0-eb8fde2d5a86" ],
        "Date": [ "Thu, 24 Sep 2020 11:05:20 GMT" ]
      },
      "ContentHeaders": {
        "Expires": [ "-1" ],
        "Content-Length": [ "0" ]
      },
      "Content": null
    }
  },
  "Start-AzMigrateTestMigrationCleanup+[NoContext]+ByInputObjectVMwareCbt+$GET+https://management.azure.com/Subscriptions/7c943c1b-5122-4097-90c8-861411bdd574/resourceGroups/azmigratepwshtestasr13072020/providers/Microsoft.RecoveryServices/vaults/AzMigrateTestProjectPWSH02aarsvault/replicationOperationStatus/b796a991-d29a-4412-b1cc-549c9566955f?api-version=2018-01-10+4": {
    "Request": {
      "Method": "GET",
      "RequestUri": "https://management.azure.com/Subscriptions/7c943c1b-5122-4097-90c8-861411bdd574/resourceGroups/azmigratepwshtestasr13072020/providers/Microsoft.RecoveryServices/vaults/AzMigrateTestProjectPWSH02aarsvault/replicationOperationStatus/b796a991-d29a-4412-b1cc-549c9566955f?api-version=2018-01-10",
      "Content": null,
      "Headers": {
        "Authorization": [ "[Filtered]" ],
        "x-ms-unique-id": [ "95" ],
        "x-ms-client-request-id": [ "b421f434-6c68-4ec0-8d35-977fd9f6c62f" ],
        "CommandName": [ "Az.Migrate.internal\\Test-AzMigrateReplicationMigrationItemMigrateCleanup" ],
        "FullCommandName": [ "Test-AzMigrateReplicationMigrationItemMigrateCleanup_TestExpanded" ],
        "ParameterSetName": [ "__AllParameterSets" ],
        "User-Agent": [ "AzurePowershell/Az4.0.0-preview" ]
      },
      "ContentHeaders": {
      }
    },
    "Response": {
      "StatusCode": 200,
      "Headers": {
        "Cache-Control": [ "no-cache" ],
        "Pragma": [ "no-cache" ],
        "x-ms-ratelimit-remaining-subscription-reads": [ "11969" ],
        "Server": [ "Microsoft-IIS/10.0", "Kestrel" ],
        "x-ms-request-id": [ "/Subscriptions/7c943c1b-5122-4097-90c8-861411bdd574/resourceGroups/azmigratepwshtestasr13072020/providers/Microsoft.RecoveryServices/vaults/AzMigrateTestProjectPWSH02aarsvault/replicationJobs/b796a991-d29a-4412-b1cc-549c9566955f" ],
        "X-Content-Type-Options": [ "nosniff" ],
        "x-ms-client-request-id": [ "b421f434-6c68-4ec0-8d35-977fd9f6c62f" ],
        "Strict-Transport-Security": [ "max-age=31536000; includeSubDomains" ],
        "x-ms-correlation-request-id": [ "1fbd2d3e-47a3-44ac-9028-c0c09dfe3ff6" ],
        "x-ms-routing-request-id": [ "CENTRALINDIA:20200924T110551Z:1fbd2d3e-47a3-44ac-9028-c0c09dfe3ff6" ],
        "Date": [ "Thu, 24 Sep 2020 11:05:50 GMT" ]
      },
      "ContentHeaders": {
        "Content-Length": [ "191" ],
        "Content-Type": [ "application/json" ],
        "Expires": [ "-1" ]
      },
      "Content": "{\"error\":null,\"id\":null,\"name\":\"b796a991-d29a-4412-b1cc-549c9566955f\",\"properties\":null,\"status\":\"InProgress\",\"startTime\":\"2020-09-24T11:05:21.1851006Z\",\"endTime\":null,\"percentComplete\":null}"
    }
  },
  "Start-AzMigrateTestMigrationCleanup+[NoContext]+ByInputObjectVMwareCbt+$GET+https://management.azure.com/Subscriptions/7c943c1b-5122-4097-90c8-861411bdd574/resourceGroups/azmigratepwshtestasr13072020/providers/Microsoft.RecoveryServices/vaults/AzMigrateTestProjectPWSH02aarsvault/replicationOperationStatus/b796a991-d29a-4412-b1cc-549c9566955f?api-version=2018-01-10+5": {
    "Request": {
      "Method": "GET",
      "RequestUri": "https://management.azure.com/Subscriptions/7c943c1b-5122-4097-90c8-861411bdd574/resourceGroups/azmigratepwshtestasr13072020/providers/Microsoft.RecoveryServices/vaults/AzMigrateTestProjectPWSH02aarsvault/replicationOperationStatus/b796a991-d29a-4412-b1cc-549c9566955f?api-version=2018-01-10",
      "Content": null,
      "Headers": {
        "Authorization": [ "[Filtered]" ],
        "x-ms-unique-id": [ "96" ],
        "x-ms-client-request-id": [ "b421f434-6c68-4ec0-8d35-977fd9f6c62f" ],
        "CommandName": [ "Az.Migrate.internal\\Test-AzMigrateReplicationMigrationItemMigrateCleanup" ],
        "FullCommandName": [ "Test-AzMigrateReplicationMigrationItemMigrateCleanup_TestExpanded" ],
        "ParameterSetName": [ "__AllParameterSets" ],
        "User-Agent": [ "AzurePowershell/Az4.0.0-preview" ]
      },
      "ContentHeaders": {
      }
    },
    "Response": {
      "StatusCode": 200,
      "Headers": {
        "Cache-Control": [ "no-cache" ],
        "Pragma": [ "no-cache" ],
        "x-ms-ratelimit-remaining-subscription-reads": [ "11968" ],
        "Server": [ "Microsoft-IIS/10.0", "Kestrel" ],
        "x-ms-request-id": [ "/Subscriptions/7c943c1b-5122-4097-90c8-861411bdd574/resourceGroups/azmigratepwshtestasr13072020/providers/Microsoft.RecoveryServices/vaults/AzMigrateTestProjectPWSH02aarsvault/replicationJobs/b796a991-d29a-4412-b1cc-549c9566955f" ],
        "X-Content-Type-Options": [ "nosniff" ],
        "x-ms-client-request-id": [ "b421f434-6c68-4ec0-8d35-977fd9f6c62f" ],
        "Strict-Transport-Security": [ "max-age=31536000; includeSubDomains" ],
        "x-ms-correlation-request-id": [ "6c1e171b-600d-4369-ac83-c925f1c553f6" ],
        "x-ms-routing-request-id": [ "CENTRALINDIA:20200924T110622Z:6c1e171b-600d-4369-ac83-c925f1c553f6" ],
        "Date": [ "Thu, 24 Sep 2020 11:06:21 GMT" ]
      },
      "ContentHeaders": {
        "Content-Length": [ "191" ],
        "Content-Type": [ "application/json" ],
        "Expires": [ "-1" ]
      },
      "Content": "{\"error\":null,\"id\":null,\"name\":\"b796a991-d29a-4412-b1cc-549c9566955f\",\"properties\":null,\"status\":\"InProgress\",\"startTime\":\"2020-09-24T11:05:21.1851006Z\",\"endTime\":null,\"percentComplete\":null}"
    }
  },
  "Start-AzMigrateTestMigrationCleanup+[NoContext]+ByInputObjectVMwareCbt+$GET+https://management.azure.com/Subscriptions/7c943c1b-5122-4097-90c8-861411bdd574/resourceGroups/azmigratepwshtestasr13072020/providers/Microsoft.RecoveryServices/vaults/AzMigrateTestProjectPWSH02aarsvault/replicationOperationStatus/b796a991-d29a-4412-b1cc-549c9566955f?api-version=2018-01-10+6": {
    "Request": {
      "Method": "GET",
      "RequestUri": "https://management.azure.com/Subscriptions/7c943c1b-5122-4097-90c8-861411bdd574/resourceGroups/azmigratepwshtestasr13072020/providers/Microsoft.RecoveryServices/vaults/AzMigrateTestProjectPWSH02aarsvault/replicationOperationStatus/b796a991-d29a-4412-b1cc-549c9566955f?api-version=2018-01-10",
      "Content": null,
      "Headers": {
        "Authorization": [ "[Filtered]" ],
        "x-ms-unique-id": [ "97" ],
        "x-ms-client-request-id": [ "b421f434-6c68-4ec0-8d35-977fd9f6c62f" ],
        "CommandName": [ "Az.Migrate.internal\\Test-AzMigrateReplicationMigrationItemMigrateCleanup" ],
        "FullCommandName": [ "Test-AzMigrateReplicationMigrationItemMigrateCleanup_TestExpanded" ],
        "ParameterSetName": [ "__AllParameterSets" ],
        "User-Agent": [ "AzurePowershell/Az4.0.0-preview" ]
      },
      "ContentHeaders": {
      }
    },
    "Response": {
      "StatusCode": 200,
      "Headers": {
        "Cache-Control": [ "no-cache" ],
        "Pragma": [ "no-cache" ],
        "Server": [ "Microsoft-IIS/10.0", "Kestrel" ],
        "x-ms-request-id": [ "/Subscriptions/7c943c1b-5122-4097-90c8-861411bdd574/resourceGroups/azmigratepwshtestasr13072020/providers/Microsoft.RecoveryServices/vaults/AzMigrateTestProjectPWSH02aarsvault/replicationJobs/b796a991-d29a-4412-b1cc-549c9566955f" ],
        "X-Content-Type-Options": [ "nosniff" ],
        "x-ms-client-request-id": [ "b421f434-6c68-4ec0-8d35-977fd9f6c62f" ],
        "Strict-Transport-Security": [ "max-age=31536000; includeSubDomains" ],
        "x-ms-ratelimit-remaining-subscription-reads": [ "11967" ],
        "x-ms-correlation-request-id": [ "32f819fa-b77a-4991-963b-9a05e490557b" ],
        "x-ms-routing-request-id": [ "CENTRALINDIA:20200924T110652Z:32f819fa-b77a-4991-963b-9a05e490557b" ],
        "Date": [ "Thu, 24 Sep 2020 11:06:51 GMT" ]
      },
      "ContentHeaders": {
        "Content-Length": [ "191" ],
        "Content-Type": [ "application/json" ],
        "Expires": [ "-1" ]
      },
      "Content": "{\"error\":null,\"id\":null,\"name\":\"b796a991-d29a-4412-b1cc-549c9566955f\",\"properties\":null,\"status\":\"InProgress\",\"startTime\":\"2020-09-24T11:05:21.1851006Z\",\"endTime\":null,\"percentComplete\":null}"
    }
  },
  "Start-AzMigrateTestMigrationCleanup+[NoContext]+ByInputObjectVMwareCbt+$GET+https://management.azure.com/Subscriptions/7c943c1b-5122-4097-90c8-861411bdd574/resourceGroups/azmigratepwshtestasr13072020/providers/Microsoft.RecoveryServices/vaults/AzMigrateTestProjectPWSH02aarsvault/replicationOperationStatus/b796a991-d29a-4412-b1cc-549c9566955f?api-version=2018-01-10+7": {
    "Request": {
      "Method": "GET",
      "RequestUri": "https://management.azure.com/Subscriptions/7c943c1b-5122-4097-90c8-861411bdd574/resourceGroups/azmigratepwshtestasr13072020/providers/Microsoft.RecoveryServices/vaults/AzMigrateTestProjectPWSH02aarsvault/replicationOperationStatus/b796a991-d29a-4412-b1cc-549c9566955f?api-version=2018-01-10",
      "Content": null,
      "Headers": {
        "Authorization": [ "[Filtered]" ],
        "x-ms-unique-id": [ "98" ],
        "x-ms-client-request-id": [ "b421f434-6c68-4ec0-8d35-977fd9f6c62f" ],
        "CommandName": [ "Az.Migrate.internal\\Test-AzMigrateReplicationMigrationItemMigrateCleanup" ],
        "FullCommandName": [ "Test-AzMigrateReplicationMigrationItemMigrateCleanup_TestExpanded" ],
        "ParameterSetName": [ "__AllParameterSets" ],
        "User-Agent": [ "AzurePowershell/Az4.0.0-preview" ]
      },
      "ContentHeaders": {
      }
    },
    "Response": {
      "StatusCode": 200,
      "Headers": {
        "Cache-Control": [ "no-cache" ],
        "Pragma": [ "no-cache" ],
        "x-ms-ratelimit-remaining-subscription-reads": [ "11966" ],
        "Server": [ "Microsoft-IIS/10.0", "Kestrel" ],
        "x-ms-request-id": [ "/Subscriptions/7c943c1b-5122-4097-90c8-861411bdd574/resourceGroups/azmigratepwshtestasr13072020/providers/Microsoft.RecoveryServices/vaults/AzMigrateTestProjectPWSH02aarsvault/replicationJobs/b796a991-d29a-4412-b1cc-549c9566955f" ],
        "X-Content-Type-Options": [ "nosniff" ],
        "x-ms-client-request-id": [ "b421f434-6c68-4ec0-8d35-977fd9f6c62f" ],
        "Strict-Transport-Security": [ "max-age=31536000; includeSubDomains" ],
        "x-ms-correlation-request-id": [ "d3c467cd-de48-4412-a8a5-e363f5ce9647" ],
        "x-ms-routing-request-id": [ "CENTRALINDIA:20200924T110724Z:d3c467cd-de48-4412-a8a5-e363f5ce9647" ],
        "Date": [ "Thu, 24 Sep 2020 11:07:23 GMT" ]
      },
      "ContentHeaders": {
        "Content-Length": [ "191" ],
        "Content-Type": [ "application/json" ],
        "Expires": [ "-1" ]
      },
      "Content": "{\"error\":null,\"id\":null,\"name\":\"b796a991-d29a-4412-b1cc-549c9566955f\",\"properties\":null,\"status\":\"InProgress\",\"startTime\":\"2020-09-24T11:05:21.1851006Z\",\"endTime\":null,\"percentComplete\":null}"
    }
  },
  "Start-AzMigrateTestMigrationCleanup+[NoContext]+ByInputObjectVMwareCbt+$GET+https://management.azure.com/Subscriptions/7c943c1b-5122-4097-90c8-861411bdd574/resourceGroups/azmigratepwshtestasr13072020/providers/Microsoft.RecoveryServices/vaults/AzMigrateTestProjectPWSH02aarsvault/replicationOperationStatus/b796a991-d29a-4412-b1cc-549c9566955f?api-version=2018-01-10+8": {
    "Request": {
      "Method": "GET",
      "RequestUri": "https://management.azure.com/Subscriptions/7c943c1b-5122-4097-90c8-861411bdd574/resourceGroups/azmigratepwshtestasr13072020/providers/Microsoft.RecoveryServices/vaults/AzMigrateTestProjectPWSH02aarsvault/replicationOperationStatus/b796a991-d29a-4412-b1cc-549c9566955f?api-version=2018-01-10",
      "Content": null,
      "Headers": {
        "Authorization": [ "[Filtered]" ],
        "x-ms-unique-id": [ "99" ],
        "x-ms-client-request-id": [ "b421f434-6c68-4ec0-8d35-977fd9f6c62f" ],
        "CommandName": [ "Az.Migrate.internal\\Test-AzMigrateReplicationMigrationItemMigrateCleanup" ],
        "FullCommandName": [ "Test-AzMigrateReplicationMigrationItemMigrateCleanup_TestExpanded" ],
        "ParameterSetName": [ "__AllParameterSets" ],
        "User-Agent": [ "AzurePowershell/Az4.0.0-preview" ]
      },
      "ContentHeaders": {
      }
    },
    "Response": {
      "StatusCode": 200,
      "Headers": {
        "Cache-Control": [ "no-cache" ],
        "Pragma": [ "no-cache" ],
        "x-ms-ratelimit-remaining-subscription-reads": [ "11965" ],
        "Server": [ "Microsoft-IIS/10.0", "Kestrel" ],
        "x-ms-request-id": [ "/Subscriptions/7c943c1b-5122-4097-90c8-861411bdd574/resourceGroups/azmigratepwshtestasr13072020/providers/Microsoft.RecoveryServices/vaults/AzMigrateTestProjectPWSH02aarsvault/replicationJobs/b796a991-d29a-4412-b1cc-549c9566955f" ],
        "X-Content-Type-Options": [ "nosniff" ],
        "x-ms-client-request-id": [ "b421f434-6c68-4ec0-8d35-977fd9f6c62f" ],
        "Strict-Transport-Security": [ "max-age=31536000; includeSubDomains" ],
        "x-ms-correlation-request-id": [ "c2f709be-4454-4b78-8572-574e27c13ee8" ],
        "x-ms-routing-request-id": [ "CENTRALINDIA:20200924T110754Z:c2f709be-4454-4b78-8572-574e27c13ee8" ],
        "Date": [ "Thu, 24 Sep 2020 11:07:54 GMT" ]
      },
      "ContentHeaders": {
        "Content-Length": [ "216" ],
        "Content-Type": [ "application/json" ],
        "Expires": [ "-1" ]
      },
      "Content": "{\"error\":null,\"id\":null,\"name\":\"b796a991-d29a-4412-b1cc-549c9566955f\",\"properties\":null,\"status\":\"Succeeded\",\"startTime\":\"2020-09-24T11:05:21.1851006Z\",\"endTime\":\"2020-09-24T11:07:29.0000000Z\",\"percentComplete\":null}"
    }
  },
  "Start-AzMigrateTestMigrationCleanup+[NoContext]+ByInputObjectVMwareCbt+$GET+https://management.azure.com/Subscriptions/7c943c1b-5122-4097-90c8-861411bdd574/resourceGroups/azmigratepwshtestasr13072020/providers/Microsoft.RecoveryServices/vaults/AzMigrateTestProjectPWSH02aarsvault/replicationFabrics/AzMigratePWSHTc8d1replicationfabric/replicationProtectionContainers/AzMigratePWSHTc8d1replicationcontainer/replicationMigrationItems/bcdr-vcenter-fareast-corp-micro-cfcc5a24-a40e-56b9-a6af-e206c9ca4f93_50069ee3-0b88-6414-0a82-acd37b6dc092/operationresults/b796a991-d29a-4412-b1cc-549c9566955f?api-version=2018-01-10+9": {
    "Request": {
      "Method": "GET",
      "RequestUri": "https://management.azure.com/Subscriptions/7c943c1b-5122-4097-90c8-861411bdd574/resourceGroups/azmigratepwshtestasr13072020/providers/Microsoft.RecoveryServices/vaults/AzMigrateTestProjectPWSH02aarsvault/replicationFabrics/AzMigratePWSHTc8d1replicationfabric/replicationProtectionContainers/AzMigratePWSHTc8d1replicationcontainer/replicationMigrationItems/bcdr-vcenter-fareast-corp-micro-cfcc5a24-a40e-56b9-a6af-e206c9ca4f93_50069ee3-0b88-6414-0a82-acd37b6dc092/operationresults/b796a991-d29a-4412-b1cc-549c9566955f?api-version=2018-01-10",
      "Content": null,
      "Headers": {
        "Authorization": [ "[Filtered]" ],
        "x-ms-unique-id": [ "100" ],
        "x-ms-client-request-id": [ "b421f434-6c68-4ec0-8d35-977fd9f6c62f" ],
        "CommandName": [ "Az.Migrate.internal\\Test-AzMigrateReplicationMigrationItemMigrateCleanup" ],
        "FullCommandName": [ "Test-AzMigrateReplicationMigrationItemMigrateCleanup_TestExpanded" ],
        "ParameterSetName": [ "__AllParameterSets" ],
        "User-Agent": [ "AzurePowershell/Az4.0.0-preview" ]
      },
      "ContentHeaders": {
      }
    },
    "Response": {
      "StatusCode": 200,
      "Headers": {
        "Cache-Control": [ "no-cache" ],
        "Pragma": [ "no-cache" ],
        "x-ms-ratelimit-remaining-subscription-reads": [ "11964" ],
        "Server": [ "Microsoft-IIS/10.0", "Kestrel" ],
        "x-ms-request-id": [ "/Subscriptions/7c943c1b-5122-4097-90c8-861411bdd574/resourceGroups/azmigratepwshtestasr13072020/providers/Microsoft.RecoveryServices/vaults/AzMigrateTestProjectPWSH02aarsvault/replicationJobs/b796a991-d29a-4412-b1cc-549c9566955f", "/Subscriptions/7c943c1b-5122-4097-90c8-861411bdd574/resourceGroups/azmigratepwshtestasr13072020/providers/Microsoft.RecoveryServices/vaults/AzMigrateTestProjectPWSH02aarsvault/replicationJobs/b796a991-d29a-4412-b1cc-549c9566955f" ],
        "Azure-AsyncOperation": [ "https://management.azure.com/Subscriptions/7c943c1b-5122-4097-90c8-861411bdd574/resourceGroups/azmigratepwshtestasr13072020/providers/Microsoft.RecoveryServices/vaults/AzMigrateTestProjectPWSH02aarsvault/replicationOperationStatus/b796a991-d29a-4412-b1cc-549c9566955f?api-version=2018-01-10" ],
        "X-Content-Type-Options": [ "nosniff" ],
        "x-ms-client-request-id": [ "b421f434-6c68-4ec0-8d35-977fd9f6c62f" ],
        "Strict-Transport-Security": [ "max-age=31536000; includeSubDomains" ],
        "x-ms-correlation-request-id": [ "2772495b-4052-4970-9101-b55a3eafbc03" ],
        "x-ms-routing-request-id": [ "CENTRALINDIA:20200924T110755Z:2772495b-4052-4970-9101-b55a3eafbc03" ],
        "Date": [ "Thu, 24 Sep 2020 11:07:54 GMT" ]
      },
      "ContentHeaders": {
        "Content-Length": [ "6013" ],
        "Content-Type": [ "application/json" ],
        "Expires": [ "-1" ]
      },
      "Content": "{\"id\":\"/Subscriptions/7c943c1b-5122-4097-90c8-861411bdd574/resourceGroups/azmigratepwshtestasr13072020/providers/Microsoft.RecoveryServices/vaults/AzMigrateTestProjectPWSH02aarsvault/replicationFabrics/AzMigratePWSHTc8d1replicationfabric/replicationProtectionContainers/AzMigratePWSHTc8d1replicationcontainer/replicationMigrationItems/bcdr-vcenter-fareast-corp-micro-cfcc5a24-a40e-56b9-a6af-e206c9ca4f93_50069ee3-0b88-6414-0a82-acd37b6dc092\",\"name\":\"bcdr-vcenter-fareast-corp-micro-cfcc5a24-a40e-56b9-a6af-e206c9ca4f93_50069ee3-0b88-6414-0a82-acd37b6dc092\",\"type\":\"Microsoft.RecoveryServices/vaults/replicationFabrics/replicationProtectionContainers/replicationMigrationItems\",\"properties\":{\"machineName\":\"w2k12r2-1-rb\",\"policyId\":\"/Subscriptions/7c943c1b-5122-4097-90c8-861411bdd574/resourceGroups/azmigratepwshtestasr13072020/providers/Microsoft.RecoveryServices/vaults/AzMigrateTestProjectPWSH02aarsvault/replicationPolicies/migrateAzMigratePWSHTc8d1sitepolicy\",\"policyFriendlyName\":\"migrateAzMigratePWSHTc8d1sitepolicy\",\"recoveryServicesProviderId\":\"/Subscriptions/7c943c1b-5122-4097-90c8-861411bdd574/resourceGroups/azmigratepwshtestasr13072020/providers/Microsoft.RecoveryServices/vaults/AzMigrateTestProjectPWSH02aarsvault/replicationFabrics/AzMigratePWSHTc8d1replicationfabric/replicationRecoveryServicesProviders/979c90cf-c376-5f2c-af38-15b72ff221f2\",\"migrationState\":\"Replicating\",\"migrationStateDescription\":\"Ready to migrate\",\"lastTestMigrationTime\":\"2020-09-24T10:49:55.6710778Z\",\"lastTestMigrationStatus\":\"Succeeded\",\"testMigrateState\":\"None\",\"testMigrateStateDescription\":\"None\",\"health\":\"Normal\",\"healthErrors\":[],\"allowedOperations\":[\"DisableMigration\",\"TestMigrate\",\"Migrate\"],\"currentJob\":{\"jobName\":\"None\",\"jobId\":\"/Subscriptions/7c943c1b-5122-4097-90c8-861411bdd574/resourceGroups/azmigratepwshtestasr13072020/providers/Microsoft.RecoveryServices/vaults/AzMigrateTestProjectPWSH02aarsvault/replicationJobs/None\",\"startTime\":\"1753-01-01T01:01:01Z\"},\"eventCorrelationId\":\"22bd5616-340d-4556-9533-1a510190e924\",\"providerSpecificDetails\":{\"instanceType\":\"VMwareCbt\",\"vmwareMachineId\":\"/subscriptions/7c943c1b-5122-4097-90c8-861411bdd574/resourceGroups/azmigratepwshtestasr13072020/providers/Microsoft.OffAzure/VMwareSites/AzMigratePWSHTc8d1site/machines/bcdr-vcenter-fareast-corp-micro-cfcc5a24-a40e-56b9-a6af-e206c9ca4f93_50069ee3-0b88-6414-0a82-acd37b6dc092\",\"osType\":\"Windows\",\"firmwareType\":\"BIOS\",\"targetGeneration\":\"V1\",\"licenseType\":\"NoLicenseType\",\"dataMoverRunAsAccountId\":\"/subscriptions/7c943c1b-5122-4097-90c8-861411bdd574/resourceGroups/azmigratepwshtestasr13072020/providers/Microsoft.OffAzure/VMwareSites/AzMigratePWSHTc8d1site/runasaccounts/cfcc5a24-a40e-56b9-a6af-e206c9ca4f93\",\"snapshotRunAsAccountId\":\"/subscriptions/7c943c1b-5122-4097-90c8-861411bdd574/resourceGroups/azmigratepwshtestasr13072020/providers/Microsoft.OffAzure/VMwareSites/AzMigratePWSHTc8d1site/runasaccounts/cfcc5a24-a40e-56b9-a6af-e206c9ca4f93\",\"storageAccountId\":null,\"targetVmName\":\"w2k12r2-1-rb\",\"targetVmSize\":\"Standard_B1ms\",\"targetLocation\":\"centraluseuap\",\"targetResourceGroupId\":\"/subscriptions/7c943c1b-5122-4097-90c8-861411bdd574/resourceGroups/AzMigratePWSHtargetRG\",\"targetAvailabilitySetId\":\"\",\"targetAvailabilityZone\":\"\",\"targetBootDiagnosticsStorageAccountId\":\"/subscriptions/7c943c1b-5122-4097-90c8-861411bdd574/resourceGroups/azmigratepwshtestasr13072020/providers/Microsoft.Storage/storageAccounts/migratelsa846827101\",\"protectedDisks\":[{\"diskId\":\"6000C29f-1209-c13b-9f95-8f062b021406\",\"diskName\":\"w2k12r2-1-rb\",\"diskType\":\"Standard_LRS\",\"diskPath\":\"[New_Storage_DS] w2k12r2-1-rb/w2k12r2-1-rb.vmdk\",\"isOSDisk\":\"true\",\"capacityInBytes\":42949672960,\"logStorageAccountId\":\"/subscriptions/7c943c1b-5122-4097-90c8-861411bdd574/resourceGroups/azmigratepwshtestasr13072020/providers/Microsoft.Storage/storageAccounts/migratelsa846827101\",\"logStorageAccountSasSecretName\":\"migratelsa846827101-cacheSas\",\"diskEncryptionSetId\":null,\"seedManagedDiskId\":\"/subscriptions/7c943c1b-5122-4097-90c8-861411bdd574/resourceGroups/AzMigratePWSHtargetRG/providers/Microsoft.Compute/disks/asrseeddisk-w2k12r2_-w2k12r2_-c2439cd8-9bc6-4904-ac2b-5db942008fbb\",\"seedBlobUri\":null,\"targetManagedDiskId\":null,\"targetBlobUri\":null}],\"targetNetworkId\":\"/subscriptions/7c943c1b-5122-4097-90c8-861411bdd574/resourceGroups/AzMigratePWSHtargetRG/providers/Microsoft.Network/virtualNetworks/AzMigrateTargetNetwork\",\"vmNics\":[{\"nicId\":\"05d06260-04f5-4057-93f2-9717cb1c899a\",\"isPrimaryNic\":\"true\",\"sourceIPAddress\":null,\"sourceIPAddressType\":\"Static\",\"sourceNetworkId\":\"VM Network\",\"targetIPAddress\":\"\",\"targetIPAddressType\":\"Dynamic\",\"targetSubnetName\":\"default\",\"isSelectedForMigration\":\"true\"}],\"migrationRecoveryPointId\":\"/Subscriptions/7c943c1b-5122-4097-90c8-861411bdd574/resourceGroups/azmigratepwshtestasr13072020/providers/Microsoft.RecoveryServices/vaults/AzMigrateTestProjectPWSH02aarsvault/replicationFabrics/AzMigratePWSHTc8d1replicationfabric/replicationProtectionContainers/AzMigratePWSHTc8d1replicationcontainer/replicationMigrationItems/bcdr-vcenter-fareast-corp-micro-cfcc5a24-a40e-56b9-a6af-e206c9ca4f93_50069ee3-0b88-6414-0a82-acd37b6dc092/migrationRecoveryPoints/6aae33c4-319a-48ca-9361-05b3d3b7bdc7\",\"lastRecoveryPointReceived\":\"2020-09-24T10:52:31.721Z\",\"lastRecoveryPointId\":\"/Subscriptions/7c943c1b-5122-4097-90c8-861411bdd574/resourceGroups/azmigratepwshtestasr13072020/providers/Microsoft.RecoveryServices/vaults/AzMigrateTestProjectPWSH02aarsvault/replicationFabrics/AzMigratePWSHTc8d1replicationfabric/replicationProtectionContainers/AzMigratePWSHTc8d1replicationcontainer/replicationMigrationItems/bcdr-vcenter-fareast-corp-micro-cfcc5a24-a40e-56b9-a6af-e206c9ca4f93_50069ee3-0b88-6414-0a82-acd37b6dc092/migrationRecoveryPoints/469236b2-2b5f-403c-aab4-2b5cf2090fef\",\"initialSeedingProgressPercentage\":null,\"migrationProgressPercentage\":null,\"resyncProgressPercentage\":null,\"initialSeedingRetryCount\":0,\"resyncRetryCount\":0,\"resyncRequired\":\"false\",\"resyncState\":\"None\",\"performAutoResync\":\"true\"}}}"
    }
  }
}