{
  "Entries": [
    {
      "RequestUri": "/subscriptions/69a75bda-882e-44d5-8431-63421204132a/resourcegroups/ps8556?api-version=2016-09-01",
      "EncodedRequestUri": "L3N1YnNjcmlwdGlvbnMvNjlhNzViZGEtODgyZS00NGQ1LTg0MzEtNjM0MjEyMDQxMzJhL3Jlc291cmNlZ3JvdXBzL3BzODU1Nj9hcGktdmVyc2lvbj0yMDE2LTA5LTAx",
      "RequestMethod": "PUT",
      "RequestBody": "{\r\n  \"location\": \"eastus2euap\"\r\n}",
      "RequestHeaders": {
        "x-ms-client-request-id": [
          "42c87daa-911b-45ea-a077-48e9379b4dbe"
        ],
        "Accept-Language": [
          "en-US"
        ],
        "User-Agent": [
          "FxVersion/4.6.29916.01",
          "OSName/Windows",
          "OSVersion/Microsoft.Windows.10.0.19042.",
          "Microsoft.Azure.Management.Internal.Resources.ResourceManagementClient/1.3.34"
        ],
        "Content-Type": [
          "application/json; charset=utf-8"
        ],
        "Content-Length": [
          "33"
        ]
      },
      "ResponseHeaders": {
        "Cache-Control": [
          "no-cache"
        ],
        "Pragma": [
          "no-cache"
        ],
        "x-ms-ratelimit-remaining-subscription-writes": [
          "1194"
        ],
        "x-ms-request-id": [
          "26bf4434-b44b-427a-9671-7e880e4c76d6"
        ],
        "x-ms-correlation-request-id": [
          "26bf4434-b44b-427a-9671-7e880e4c76d6"
        ],
        "x-ms-routing-request-id": [
          "UAECENTRAL:20210521T132907Z:26bf4434-b44b-427a-9671-7e880e4c76d6"
        ],
        "Strict-Transport-Security": [
          "max-age=31536000; includeSubDomains"
        ],
        "X-Content-Type-Options": [
          "nosniff"
        ],
        "Date": [
          "Fri, 21 May 2021 13:29:06 GMT"
        ],
        "Content-Length": [
          "170"
        ],
        "Content-Type": [
          "application/json; charset=utf-8"
        ],
        "Expires": [
          "-1"
        ]
      },
      "ResponseBody": "{\r\n  \"id\": \"/subscriptions/69a75bda-882e-44d5-8431-63421204132a/resourceGroups/ps8556\",\r\n  \"name\": \"ps8556\",\r\n  \"location\": \"eastus2euap\",\r\n  \"properties\": {\r\n    \"provisioningState\": \"Succeeded\"\r\n  }\r\n}",
      "StatusCode": 201
    },
    {
      "RequestUri": "/subscriptions/69a75bda-882e-44d5-8431-63421204132a/resourceGroups/ps8556/providers/Microsoft.NetApp/netAppAccounts/ps3242?api-version=2021-02-01",
      "EncodedRequestUri": "L3N1YnNjcmlwdGlvbnMvNjlhNzViZGEtODgyZS00NGQ1LTg0MzEtNjM0MjEyMDQxMzJhL3Jlc291cmNlR3JvdXBzL3BzODU1Ni9wcm92aWRlcnMvTWljcm9zb2Z0Lk5ldEFwcC9uZXRBcHBBY2NvdW50cy9wczMyNDI/YXBpLXZlcnNpb249MjAyMS0wMi0wMQ==",
      "RequestMethod": "GET",
      "RequestBody": "",
      "RequestHeaders": {
        "x-ms-client-request-id": [
          "4f97eddd-1db8-4424-bc69-1cd3505716c4"
        ],
        "Accept-Language": [
          "en-US"
        ],
        "User-Agent": [
          "FxVersion/4.6.29916.01",
          "OSName/Windows",
          "OSVersion/Microsoft.Windows.10.0.19042.",
          "Microsoft.Azure.Management.NetApp.AzureNetAppFilesManagementClient/1.12.0.0"
        ]
      },
      "ResponseHeaders": {
        "Cache-Control": [
          "no-cache"
        ],
        "Pragma": [
          "no-cache"
        ],
        "x-ms-failure-cause": [
          "gateway"
        ],
        "x-ms-request-id": [
          "c7f3d373-91f6-4e97-8ea7-426e765a5dfd"
        ],
        "x-ms-correlation-request-id": [
          "c7f3d373-91f6-4e97-8ea7-426e765a5dfd"
        ],
        "x-ms-routing-request-id": [
          "UAECENTRAL:20210521T132910Z:c7f3d373-91f6-4e97-8ea7-426e765a5dfd"
        ],
        "Strict-Transport-Security": [
          "max-age=31536000; includeSubDomains"
        ],
        "X-Content-Type-Options": [
          "nosniff"
        ],
        "Date": [
          "Fri, 21 May 2021 13:29:09 GMT"
        ],
        "Content-Type": [
          "application/json; charset=utf-8"
        ],
        "Expires": [
          "-1"
        ],
        "Content-Length": [
          "216"
        ]
      },
      "ResponseBody": "{\r\n  \"error\": {\r\n    \"code\": \"ResourceNotFound\",\r\n    \"message\": \"The Resource 'Microsoft.NetApp/netAppAccounts/ps3242' under resource group 'ps8556' was not found. For more details please go to https://aka.ms/ARMResourceNotFoundFix\"\r\n  }\r\n}",
      "StatusCode": 404
    },
    {
      "RequestUri": "/subscriptions/69a75bda-882e-44d5-8431-63421204132a/resourceGroups/ps8556/providers/Microsoft.NetApp/netAppAccounts/ps3242?api-version=2021-02-01",
      "EncodedRequestUri": "L3N1YnNjcmlwdGlvbnMvNjlhNzViZGEtODgyZS00NGQ1LTg0MzEtNjM0MjEyMDQxMzJhL3Jlc291cmNlR3JvdXBzL3BzODU1Ni9wcm92aWRlcnMvTWljcm9zb2Z0Lk5ldEFwcC9uZXRBcHBBY2NvdW50cy9wczMyNDI/YXBpLXZlcnNpb249MjAyMS0wMi0wMQ==",
      "RequestMethod": "GET",
      "RequestBody": "",
      "RequestHeaders": {
        "x-ms-client-request-id": [
          "4f97eddd-1db8-4424-bc69-1cd3505716c4"
        ],
        "User-Agent": [
          "FxVersion/4.6.29916.01",
          "OSName/Windows",
          "OSVersion/Microsoft.Windows.10.0.19042.",
          "Microsoft.Azure.Management.NetApp.AzureNetAppFilesManagementClient/1.12.0.0"
        ]
      },
      "ResponseHeaders": {
        "Cache-Control": [
          "no-cache"
        ],
        "Pragma": [
          "no-cache"
        ],
        "ETag": [
          "W/\"datetime'2021-05-21T13%3A29%3A18.4212504Z'\""
        ],
        "x-ms-request-id": [
          "07b87b86-efae-45ce-84ad-5cf3c70e248a"
        ],
        "Server": [
          "Microsoft-IIS/10.0"
        ],
        "X-Powered-By": [
          "ASP.NET"
        ],
        "x-ms-ratelimit-remaining-subscription-reads": [
          "11980"
        ],
        "x-ms-correlation-request-id": [
          "6fa8844c-721a-456b-ad44-fe953420d9c0"
        ],
        "x-ms-routing-request-id": [
          "UAECENTRAL:20210521T132950Z:6fa8844c-721a-456b-ad44-fe953420d9c0"
        ],
        "Strict-Transport-Security": [
          "max-age=31536000; includeSubDomains"
        ],
        "X-Content-Type-Options": [
          "nosniff"
        ],
        "Date": [
          "Fri, 21 May 2021 13:29:50 GMT"
        ],
        "Content-Length": [
          "364"
        ],
        "Content-Type": [
          "application/json; charset=utf-8"
        ],
        "Expires": [
          "-1"
        ]
      },
      "ResponseBody": "{\r\n  \"id\": \"/subscriptions/69a75bda-882e-44d5-8431-63421204132a/resourceGroups/ps8556/providers/Microsoft.NetApp/netAppAccounts/ps3242\",\r\n  \"name\": \"ps3242\",\r\n  \"type\": \"Microsoft.NetApp/netAppAccounts\",\r\n  \"etag\": \"W/\\\"datetime'2021-05-21T13%3A29%3A18.4212504Z'\\\"\",\r\n  \"location\": \"eastus2euap\",\r\n  \"properties\": {\r\n    \"encryption\": {\r\n      \"keySource\": \"Microsoft.NetApp\"\r\n    },\r\n    \"provisioningState\": \"Succeeded\"\r\n  }\r\n}",
      "StatusCode": 200
    },
    {
      "RequestUri": "/subscriptions/69a75bda-882e-44d5-8431-63421204132a/resourceGroups/ps8556/providers/Microsoft.NetApp/netAppAccounts/ps3242?api-version=2021-02-01",
      "EncodedRequestUri": "L3N1YnNjcmlwdGlvbnMvNjlhNzViZGEtODgyZS00NGQ1LTg0MzEtNjM0MjEyMDQxMzJhL3Jlc291cmNlR3JvdXBzL3BzODU1Ni9wcm92aWRlcnMvTWljcm9zb2Z0Lk5ldEFwcC9uZXRBcHBBY2NvdW50cy9wczMyNDI/YXBpLXZlcnNpb249MjAyMS0wMi0wMQ==",
      "RequestMethod": "GET",
      "RequestBody": "",
      "RequestHeaders": {
        "x-ms-client-request-id": [
          "33c5c71c-afc1-4473-b532-b93ccf870d4f"
        ],
        "Accept-Language": [
          "en-US"
        ],
        "User-Agent": [
          "FxVersion/4.6.29916.01",
          "OSName/Windows",
          "OSVersion/Microsoft.Windows.10.0.19042.",
          "Microsoft.Azure.Management.NetApp.AzureNetAppFilesManagementClient/1.12.0.0"
        ]
      },
      "ResponseHeaders": {
        "Cache-Control": [
          "no-cache"
        ],
        "Pragma": [
          "no-cache"
        ],
        "ETag": [
          "W/\"datetime'2021-05-21T13%3A29%3A18.4212504Z'\""
        ],
        "x-ms-request-id": [
          "e0286f43-f997-4a49-9f90-79d80f44530e"
        ],
        "Server": [
          "Microsoft-IIS/10.0"
        ],
        "X-Powered-By": [
          "ASP.NET"
        ],
        "x-ms-ratelimit-remaining-subscription-reads": [
          "11979"
        ],
        "x-ms-correlation-request-id": [
          "82eedb93-1528-4379-9a4d-9da400a12bbe"
        ],
        "x-ms-routing-request-id": [
          "UAECENTRAL:20210521T132951Z:82eedb93-1528-4379-9a4d-9da400a12bbe"
        ],
        "Strict-Transport-Security": [
          "max-age=31536000; includeSubDomains"
        ],
        "X-Content-Type-Options": [
          "nosniff"
        ],
        "Date": [
          "Fri, 21 May 2021 13:29:50 GMT"
        ],
        "Content-Length": [
          "364"
        ],
        "Content-Type": [
          "application/json; charset=utf-8"
        ],
        "Expires": [
          "-1"
        ]
      },
      "ResponseBody": "{\r\n  \"id\": \"/subscriptions/69a75bda-882e-44d5-8431-63421204132a/resourceGroups/ps8556/providers/Microsoft.NetApp/netAppAccounts/ps3242\",\r\n  \"name\": \"ps3242\",\r\n  \"type\": \"Microsoft.NetApp/netAppAccounts\",\r\n  \"etag\": \"W/\\\"datetime'2021-05-21T13%3A29%3A18.4212504Z'\\\"\",\r\n  \"location\": \"eastus2euap\",\r\n  \"properties\": {\r\n    \"encryption\": {\r\n      \"keySource\": \"Microsoft.NetApp\"\r\n    },\r\n    \"provisioningState\": \"Succeeded\"\r\n  }\r\n}",
      "StatusCode": 200
    },
    {
      "RequestUri": "/subscriptions/69a75bda-882e-44d5-8431-63421204132a/resourceGroups/ps8556/providers/Microsoft.NetApp/netAppAccounts/ps3242?api-version=2021-02-01",
      "EncodedRequestUri": "L3N1YnNjcmlwdGlvbnMvNjlhNzViZGEtODgyZS00NGQ1LTg0MzEtNjM0MjEyMDQxMzJhL3Jlc291cmNlR3JvdXBzL3BzODU1Ni9wcm92aWRlcnMvTWljcm9zb2Z0Lk5ldEFwcC9uZXRBcHBBY2NvdW50cy9wczMyNDI/YXBpLXZlcnNpb249MjAyMS0wMi0wMQ==",
      "RequestMethod": "GET",
      "RequestBody": "",
      "RequestHeaders": {
        "x-ms-client-request-id": [
          "763c6b5f-e601-40ac-b664-5364d131ac91"
        ],
        "Accept-Language": [
          "en-US"
        ],
        "User-Agent": [
          "FxVersion/4.6.29916.01",
          "OSName/Windows",
          "OSVersion/Microsoft.Windows.10.0.19042.",
          "Microsoft.Azure.Management.NetApp.AzureNetAppFilesManagementClient/1.12.0.0"
        ]
      },
      "ResponseHeaders": {
        "Cache-Control": [
          "no-cache"
        ],
        "Pragma": [
          "no-cache"
        ],
        "ETag": [
          "W/\"datetime'2021-05-21T13%3A29%3A18.4212504Z'\""
        ],
        "x-ms-request-id": [
          "d7285318-d41b-40a1-935d-ca6947a016a8"
        ],
        "Server": [
          "Microsoft-IIS/10.0"
        ],
        "X-Powered-By": [
          "ASP.NET"
        ],
        "x-ms-ratelimit-remaining-subscription-reads": [
          "11975"
        ],
        "x-ms-correlation-request-id": [
          "99d1ff71-e041-4f26-8d29-88e22590e1bd"
        ],
        "x-ms-routing-request-id": [
          "UAECENTRAL:20210521T133027Z:99d1ff71-e041-4f26-8d29-88e22590e1bd"
        ],
        "Strict-Transport-Security": [
          "max-age=31536000; includeSubDomains"
        ],
        "X-Content-Type-Options": [
          "nosniff"
        ],
        "Date": [
          "Fri, 21 May 2021 13:30:27 GMT"
        ],
        "Content-Length": [
          "364"
        ],
        "Content-Type": [
          "application/json; charset=utf-8"
        ],
        "Expires": [
          "-1"
        ]
      },
      "ResponseBody": "{\r\n  \"id\": \"/subscriptions/69a75bda-882e-44d5-8431-63421204132a/resourceGroups/ps8556/providers/Microsoft.NetApp/netAppAccounts/ps3242\",\r\n  \"name\": \"ps3242\",\r\n  \"type\": \"Microsoft.NetApp/netAppAccounts\",\r\n  \"etag\": \"W/\\\"datetime'2021-05-21T13%3A29%3A18.4212504Z'\\\"\",\r\n  \"location\": \"eastus2euap\",\r\n  \"properties\": {\r\n    \"encryption\": {\r\n      \"keySource\": \"Microsoft.NetApp\"\r\n    },\r\n    \"provisioningState\": \"Succeeded\"\r\n  }\r\n}",
      "StatusCode": 200
    },
    {
      "RequestUri": "/subscriptions/69a75bda-882e-44d5-8431-63421204132a/resourceGroups/ps8556/providers/Microsoft.NetApp/netAppAccounts/ps3242?api-version=2021-02-01",
      "EncodedRequestUri": "L3N1YnNjcmlwdGlvbnMvNjlhNzViZGEtODgyZS00NGQ1LTg0MzEtNjM0MjEyMDQxMzJhL3Jlc291cmNlR3JvdXBzL3BzODU1Ni9wcm92aWRlcnMvTWljcm9zb2Z0Lk5ldEFwcC9uZXRBcHBBY2NvdW50cy9wczMyNDI/YXBpLXZlcnNpb249MjAyMS0wMi0wMQ==",
      "RequestMethod": "PUT",
      "RequestBody": "{\r\n  \"location\": \"eastus2euap\"\r\n}",
      "RequestHeaders": {
        "x-ms-client-request-id": [
          "4f97eddd-1db8-4424-bc69-1cd3505716c4"
        ],
        "Accept-Language": [
          "en-US"
        ],
        "User-Agent": [
          "FxVersion/4.6.29916.01",
          "OSName/Windows",
          "OSVersion/Microsoft.Windows.10.0.19042.",
          "Microsoft.Azure.Management.NetApp.AzureNetAppFilesManagementClient/1.12.0.0"
        ],
        "Content-Type": [
          "application/json; charset=utf-8"
        ],
        "Content-Length": [
          "33"
        ]
      },
      "ResponseHeaders": {
        "Cache-Control": [
          "no-cache"
        ],
        "Pragma": [
          "no-cache"
        ],
        "ETag": [
          "W/\"datetime'2021-05-21T13%3A29%3A18.3268164Z'\""
        ],
        "x-ms-request-id": [
          "abec046f-fc26-4131-855b-b3af37423855"
        ],
        "Azure-AsyncOperation": [
          "https://management.azure.com/subscriptions/69a75bda-882e-44d5-8431-63421204132a/providers/Microsoft.NetApp/locations/eastus2euap/operationResults/5d7274c2-ea2e-484f-b31e-d7f451f4280b?api-version=2021-02-01"
        ],
        "Server": [
          "Microsoft-IIS/10.0"
        ],
        "X-Powered-By": [
          "ASP.NET"
        ],
        "x-ms-ratelimit-remaining-subscription-writes": [
          "1195"
        ],
        "x-ms-correlation-request-id": [
          "ca3a6d06-cab5-449a-bea4-15bca12d5c5b"
        ],
        "x-ms-routing-request-id": [
          "UAECENTRAL:20210521T132920Z:ca3a6d06-cab5-449a-bea4-15bca12d5c5b"
        ],
        "Strict-Transport-Security": [
          "max-age=31536000; includeSubDomains"
        ],
        "X-Content-Type-Options": [
          "nosniff"
        ],
        "Date": [
          "Fri, 21 May 2021 13:29:19 GMT"
        ],
        "Content-Length": [
          "317"
        ],
        "Content-Type": [
          "application/json; charset=utf-8"
        ],
        "Expires": [
          "-1"
        ]
      },
      "ResponseBody": "{\r\n  \"id\": \"/subscriptions/69a75bda-882e-44d5-8431-63421204132a/resourceGroups/ps8556/providers/Microsoft.NetApp/netAppAccounts/ps3242\",\r\n  \"name\": \"ps3242\",\r\n  \"type\": \"Microsoft.NetApp/netAppAccounts\",\r\n  \"etag\": \"W/\\\"datetime'2021-05-21T13%3A29%3A18.3268164Z'\\\"\",\r\n  \"location\": \"eastus2euap\",\r\n  \"properties\": {\r\n    \"provisioningState\": \"Creating\"\r\n  }\r\n}",
      "StatusCode": 201
    },
    {
      "RequestUri": "/subscriptions/69a75bda-882e-44d5-8431-63421204132a/providers/Microsoft.NetApp/locations/eastus2euap/operationResults/5d7274c2-ea2e-484f-b31e-d7f451f4280b?api-version=2021-02-01",
      "EncodedRequestUri": "L3N1YnNjcmlwdGlvbnMvNjlhNzViZGEtODgyZS00NGQ1LTg0MzEtNjM0MjEyMDQxMzJhL3Byb3ZpZGVycy9NaWNyb3NvZnQuTmV0QXBwL2xvY2F0aW9ucy9lYXN0dXMyZXVhcC9vcGVyYXRpb25SZXN1bHRzLzVkNzI3NGMyLWVhMmUtNDg0Zi1iMzFlLWQ3ZjQ1MWY0MjgwYj9hcGktdmVyc2lvbj0yMDIxLTAyLTAx",
      "RequestMethod": "GET",
      "RequestBody": "",
      "RequestHeaders": {
        "x-ms-client-request-id": [
          "4f97eddd-1db8-4424-bc69-1cd3505716c4"
        ],
        "User-Agent": [
          "FxVersion/4.6.29916.01",
          "OSName/Windows",
          "OSVersion/Microsoft.Windows.10.0.19042.",
          "Microsoft.Azure.Management.NetApp.AzureNetAppFilesManagementClient/1.12.0.0"
        ]
      },
      "ResponseHeaders": {
        "Cache-Control": [
          "no-cache"
        ],
        "Pragma": [
          "no-cache"
        ],
        "x-ms-request-id": [
          "f924194e-78fd-47f0-9e7e-2b2fa0690c7e"
        ],
        "Server": [
          "Microsoft-IIS/10.0"
        ],
        "X-Powered-By": [
          "ASP.NET"
        ],
        "x-ms-ratelimit-remaining-subscription-reads": [
          "11981"
        ],
        "x-ms-correlation-request-id": [
          "f8c7c55a-b051-4121-8f2a-dc406bb16c1f"
        ],
        "x-ms-routing-request-id": [
          "UAECENTRAL:20210521T132950Z:f8c7c55a-b051-4121-8f2a-dc406bb16c1f"
        ],
        "Strict-Transport-Security": [
          "max-age=31536000; includeSubDomains"
        ],
        "X-Content-Type-Options": [
          "nosniff"
        ],
        "Date": [
          "Fri, 21 May 2021 13:29:50 GMT"
        ],
        "Content-Length": [
          "493"
        ],
        "Content-Type": [
          "application/json; charset=utf-8"
        ],
        "Expires": [
          "-1"
        ]
      },
      "ResponseBody": "{\r\n  \"id\": \"/subscriptions/69a75bda-882e-44d5-8431-63421204132a/providers/Microsoft.NetApp/locations/eastus2euap/operationResults/5d7274c2-ea2e-484f-b31e-d7f451f4280b\",\r\n  \"name\": \"5d7274c2-ea2e-484f-b31e-d7f451f4280b\",\r\n  \"status\": \"Succeeded\",\r\n  \"startTime\": \"2021-05-21T13:29:18.3345394Z\",\r\n  \"endTime\": \"2021-05-21T13:29:18.4280188Z\",\r\n  \"percentComplete\": 100.0,\r\n  \"properties\": {\r\n    \"resourceName\": \"/subscriptions/69a75bda-882e-44d5-8431-63421204132a/resourceGroups/ps8556/providers/Microsoft.NetApp/netAppAccounts/ps3242\"\r\n  }\r\n}",
      "StatusCode": 200
    },
    {
      "RequestUri": "/subscriptions/69a75bda-882e-44d5-8431-63421204132a/resourceGroups/ps8556/providers/Microsoft.NetApp/netAppAccounts/ps3242/backupPolicies/ps9340?api-version=2021-02-01",
      "EncodedRequestUri": "L3N1YnNjcmlwdGlvbnMvNjlhNzViZGEtODgyZS00NGQ1LTg0MzEtNjM0MjEyMDQxMzJhL3Jlc291cmNlR3JvdXBzL3BzODU1Ni9wcm92aWRlcnMvTWljcm9zb2Z0Lk5ldEFwcC9uZXRBcHBBY2NvdW50cy9wczMyNDIvYmFja3VwUG9saWNpZXMvcHM5MzQwP2FwaS12ZXJzaW9uPTIwMjEtMDItMDE=",
      "RequestMethod": "GET",
      "RequestBody": "",
      "RequestHeaders": {
        "x-ms-client-request-id": [
          "33c5c71c-afc1-4473-b532-b93ccf870d4f"
        ],
        "Accept-Language": [
          "en-US"
        ],
        "User-Agent": [
          "FxVersion/4.6.29916.01",
          "OSName/Windows",
          "OSVersion/Microsoft.Windows.10.0.19042.",
          "Microsoft.Azure.Management.NetApp.AzureNetAppFilesManagementClient/1.12.0.0"
        ]
      },
      "ResponseHeaders": {
        "Cache-Control": [
          "no-cache"
        ],
        "Pragma": [
          "no-cache"
        ],
        "x-ms-failure-cause": [
          "gateway"
        ],
        "x-ms-request-id": [
          "5d503a5c-9214-440f-a8ee-3def19c32f99"
        ],
        "x-ms-correlation-request-id": [
          "5d503a5c-9214-440f-a8ee-3def19c32f99"
        ],
        "x-ms-routing-request-id": [
          "UAECENTRAL:20210521T132951Z:5d503a5c-9214-440f-a8ee-3def19c32f99"
        ],
        "Strict-Transport-Security": [
          "max-age=31536000; includeSubDomains"
        ],
        "X-Content-Type-Options": [
          "nosniff"
        ],
        "Date": [
          "Fri, 21 May 2021 13:29:51 GMT"
        ],
        "Content-Type": [
          "application/json; charset=utf-8"
        ],
        "Expires": [
          "-1"
        ],
        "Content-Length": [
          "238"
        ]
      },
      "ResponseBody": "{\r\n  \"error\": {\r\n    \"code\": \"ResourceNotFound\",\r\n    \"message\": \"The Resource 'Microsoft.NetApp/netAppAccounts/ps3242/backupPolicies/ps9340' under resource group 'ps8556' was not found. For more details please go to https://aka.ms/ARMResourceNotFoundFix\"\r\n  }\r\n}",
      "StatusCode": 404
    },
    {
      "RequestUri": "/subscriptions/69a75bda-882e-44d5-8431-63421204132a/resourceGroups/ps8556/providers/Microsoft.NetApp/netAppAccounts/ps3242/backupPolicies/ps9340?api-version=2021-02-01",
      "EncodedRequestUri": "L3N1YnNjcmlwdGlvbnMvNjlhNzViZGEtODgyZS00NGQ1LTg0MzEtNjM0MjEyMDQxMzJhL3Jlc291cmNlR3JvdXBzL3BzODU1Ni9wcm92aWRlcnMvTWljcm9zb2Z0Lk5ldEFwcC9uZXRBcHBBY2NvdW50cy9wczMyNDIvYmFja3VwUG9saWNpZXMvcHM5MzQwP2FwaS12ZXJzaW9uPTIwMjEtMDItMDE=",
      "RequestMethod": "GET",
      "RequestBody": "",
      "RequestHeaders": {
        "x-ms-client-request-id": [
          "33c5c71c-afc1-4473-b532-b93ccf870d4f"
        ],
        "User-Agent": [
          "FxVersion/4.6.29916.01",
          "OSName/Windows",
          "OSVersion/Microsoft.Windows.10.0.19042.",
          "Microsoft.Azure.Management.NetApp.AzureNetAppFilesManagementClient/1.12.0.0"
        ]
      },
      "ResponseHeaders": {
        "Cache-Control": [
          "no-cache"
        ],
        "Pragma": [
          "no-cache"
        ],
        "ETag": [
          "W/\"datetime'2021-05-21T13%3A29%3A54.9427691Z'\""
        ],
        "x-ms-request-id": [
          "8f554347-0ab2-491a-919e-a02741fb4ab5"
        ],
        "Server": [
          "Microsoft-IIS/10.0"
        ],
        "X-Powered-By": [
          "ASP.NET"
        ],
        "x-ms-ratelimit-remaining-subscription-reads": [
          "11976"
        ],
        "x-ms-correlation-request-id": [
          "1afbd100-d4c9-4af3-9ea7-71bc0b5f2c07"
        ],
        "x-ms-routing-request-id": [
          "UAECENTRAL:20210521T133027Z:1afbd100-d4c9-4af3-9ea7-71bc0b5f2c07"
        ],
        "Strict-Transport-Security": [
          "max-age=31536000; includeSubDomains"
        ],
        "X-Content-Type-Options": [
          "nosniff"
        ],
        "Date": [
          "Fri, 21 May 2021 13:30:27 GMT"
        ],
        "Content-Length": [
          "557"
        ],
        "Content-Type": [
          "application/json; charset=utf-8"
        ],
        "Expires": [
          "-1"
        ]
      },
      "ResponseBody": "{\r\n  \"id\": \"/subscriptions/69a75bda-882e-44d5-8431-63421204132a/resourceGroups/ps8556/providers/Microsoft.NetApp/netAppAccounts/ps3242/backupPolicies/ps9340\",\r\n  \"name\": \"ps3242/ps9340\",\r\n  \"type\": \"Microsoft.NetApp/netAppAccounts/backupPolicies\",\r\n  \"etag\": \"W/\\\"datetime'2021-05-21T13%3A29%3A54.9427691Z'\\\"\",\r\n  \"location\": \"eastus2euap\",\r\n  \"tags\": {\r\n    \"tag1\": \"tagValue1\"\r\n  },\r\n  \"properties\": {\r\n    \"enabled\": true,\r\n    \"backupPolicyId\": \"9fe714b6-ba38-11eb-b193-8af13570148a\",\r\n    \"dailyBackupsToKeep\": 4,\r\n    \"weeklyBackupsToKeep\": 3,\r\n    \"monthlyBackupsToKeep\": 2,\r\n    \"yearlyBackupsToKeep\": 0,\r\n    \"provisioningState\": \"Succeeded\"\r\n  }\r\n}",
      "StatusCode": 200
    },
    {
      "RequestUri": "/subscriptions/69a75bda-882e-44d5-8431-63421204132a/resourceGroups/ps8556/providers/Microsoft.NetApp/netAppAccounts/ps3242/backupPolicies/ps9340?api-version=2021-02-01",
      "EncodedRequestUri": "L3N1YnNjcmlwdGlvbnMvNjlhNzViZGEtODgyZS00NGQ1LTg0MzEtNjM0MjEyMDQxMzJhL3Jlc291cmNlR3JvdXBzL3BzODU1Ni9wcm92aWRlcnMvTWljcm9zb2Z0Lk5ldEFwcC9uZXRBcHBBY2NvdW50cy9wczMyNDIvYmFja3VwUG9saWNpZXMvcHM5MzQwP2FwaS12ZXJzaW9uPTIwMjEtMDItMDE=",
      "RequestMethod": "GET",
      "RequestBody": "",
      "RequestHeaders": {
        "x-ms-client-request-id": [
          "763c6b5f-e601-40ac-b664-5364d131ac91"
        ],
        "Accept-Language": [
          "en-US"
        ],
        "User-Agent": [
          "FxVersion/4.6.29916.01",
          "OSName/Windows",
          "OSVersion/Microsoft.Windows.10.0.19042.",
          "Microsoft.Azure.Management.NetApp.AzureNetAppFilesManagementClient/1.12.0.0"
        ]
      },
      "ResponseHeaders": {
        "Cache-Control": [
          "no-cache"
        ],
        "Pragma": [
          "no-cache"
        ],
        "ETag": [
          "W/\"datetime'2021-05-21T13%3A29%3A54.9427691Z'\""
        ],
        "x-ms-request-id": [
          "61d91bed-b04b-4b33-ba0a-3023d634e411"
        ],
        "Server": [
          "Microsoft-IIS/10.0"
        ],
        "X-Powered-By": [
          "ASP.NET"
        ],
        "x-ms-ratelimit-remaining-subscription-reads": [
          "11974"
        ],
        "x-ms-correlation-request-id": [
          "6cb2fd68-24aa-4e74-be47-350c54d62280"
        ],
        "x-ms-routing-request-id": [
          "UAECENTRAL:20210521T133028Z:6cb2fd68-24aa-4e74-be47-350c54d62280"
        ],
        "Strict-Transport-Security": [
          "max-age=31536000; includeSubDomains"
        ],
        "X-Content-Type-Options": [
          "nosniff"
        ],
        "Date": [
          "Fri, 21 May 2021 13:30:28 GMT"
        ],
        "Content-Length": [
          "557"
        ],
        "Content-Type": [
          "application/json; charset=utf-8"
        ],
        "Expires": [
          "-1"
        ]
      },
      "ResponseBody": "{\r\n  \"id\": \"/subscriptions/69a75bda-882e-44d5-8431-63421204132a/resourceGroups/ps8556/providers/Microsoft.NetApp/netAppAccounts/ps3242/backupPolicies/ps9340\",\r\n  \"name\": \"ps3242/ps9340\",\r\n  \"type\": \"Microsoft.NetApp/netAppAccounts/backupPolicies\",\r\n  \"etag\": \"W/\\\"datetime'2021-05-21T13%3A29%3A54.9427691Z'\\\"\",\r\n  \"location\": \"eastus2euap\",\r\n  \"tags\": {\r\n    \"tag1\": \"tagValue1\"\r\n  },\r\n  \"properties\": {\r\n    \"enabled\": true,\r\n    \"backupPolicyId\": \"9fe714b6-ba38-11eb-b193-8af13570148a\",\r\n    \"dailyBackupsToKeep\": 4,\r\n    \"weeklyBackupsToKeep\": 3,\r\n    \"monthlyBackupsToKeep\": 2,\r\n    \"yearlyBackupsToKeep\": 0,\r\n    \"provisioningState\": \"Succeeded\"\r\n  }\r\n}",
      "StatusCode": 200
    },
    {
      "RequestUri": "/subscriptions/69a75bda-882e-44d5-8431-63421204132a/resourceGroups/ps8556/providers/Microsoft.NetApp/netAppAccounts/ps3242/backupPolicies/ps9340?api-version=2021-02-01",
      "EncodedRequestUri": "L3N1YnNjcmlwdGlvbnMvNjlhNzViZGEtODgyZS00NGQ1LTg0MzEtNjM0MjEyMDQxMzJhL3Jlc291cmNlR3JvdXBzL3BzODU1Ni9wcm92aWRlcnMvTWljcm9zb2Z0Lk5ldEFwcC9uZXRBcHBBY2NvdW50cy9wczMyNDIvYmFja3VwUG9saWNpZXMvcHM5MzQwP2FwaS12ZXJzaW9uPTIwMjEtMDItMDE=",
      "RequestMethod": "PUT",
      "RequestBody": "{\r\n  \"location\": \"eastus2euap\",\r\n  \"tags\": {\r\n    \"tag1\": \"tagValue1\"\r\n  },\r\n  \"properties\": {\r\n    \"dailyBackupsToKeep\": 4,\r\n    \"weeklyBackupsToKeep\": 3,\r\n    \"monthlyBackupsToKeep\": 2,\r\n    \"yearlyBackupsToKeep\": 1,\r\n    \"enabled\": true\r\n  }\r\n}",
      "RequestHeaders": {
        "x-ms-client-request-id": [
          "33c5c71c-afc1-4473-b532-b93ccf870d4f"
        ],
        "Accept-Language": [
          "en-US"
        ],
        "User-Agent": [
          "FxVersion/4.6.29916.01",
          "OSName/Windows",
          "OSVersion/Microsoft.Windows.10.0.19042.",
          "Microsoft.Azure.Management.NetApp.AzureNetAppFilesManagementClient/1.12.0.0"
        ],
        "Content-Type": [
          "application/json; charset=utf-8"
        ],
        "Content-Length": [
          "247"
        ]
      },
      "ResponseHeaders": {
        "Cache-Control": [
          "no-cache"
        ],
        "Pragma": [
          "no-cache"
        ],
        "ETag": [
          "W/\"datetime'2021-05-21T13%3A29%3A54.6537339Z'\""
        ],
        "x-ms-request-id": [
          "4b254811-0ab3-4344-80a0-1e6fe8815606"
        ],
        "Azure-AsyncOperation": [
          "https://management.azure.com/subscriptions/69a75bda-882e-44d5-8431-63421204132a/providers/Microsoft.NetApp/locations/eastus2euap/operationResults/eac50c0a-9982-4513-a03e-d31b8f27e67a?api-version=2021-02-01"
        ],
        "Server": [
          "Microsoft-IIS/10.0"
        ],
        "X-Powered-By": [
          "ASP.NET"
        ],
        "x-ms-ratelimit-remaining-subscription-writes": [
          "1194"
        ],
        "x-ms-correlation-request-id": [
          "f2dbc5ef-6db9-4f03-9125-bcfc2bd9c666"
        ],
        "x-ms-routing-request-id": [
          "UAECENTRAL:20210521T132956Z:f2dbc5ef-6db9-4f03-9125-bcfc2bd9c666"
        ],
        "Strict-Transport-Security": [
          "max-age=31536000; includeSubDomains"
        ],
        "X-Content-Type-Options": [
          "nosniff"
        ],
        "Date": [
          "Fri, 21 May 2021 13:29:56 GMT"
        ],
        "Content-Length": [
          "500"
        ],
        "Content-Type": [
          "application/json; charset=utf-8"
        ],
        "Expires": [
          "-1"
        ]
      },
      "ResponseBody": "{\r\n  \"id\": \"/subscriptions/69a75bda-882e-44d5-8431-63421204132a/resourceGroups/ps8556/providers/Microsoft.NetApp/netAppAccounts/ps3242/backupPolicies/ps9340\",\r\n  \"name\": \"ps3242/ps9340\",\r\n  \"type\": \"Microsoft.NetApp/netAppAccounts/backupPolicies\",\r\n  \"etag\": \"W/\\\"datetime'2021-05-21T13%3A29%3A54.6537339Z'\\\"\",\r\n  \"location\": \"eastus2euap\",\r\n  \"tags\": {\r\n    \"tag1\": \"tagValue1\"\r\n  },\r\n  \"properties\": {\r\n    \"enabled\": true,\r\n    \"dailyBackupsToKeep\": 4,\r\n    \"weeklyBackupsToKeep\": 3,\r\n    \"monthlyBackupsToKeep\": 2,\r\n    \"yearlyBackupsToKeep\": 1,\r\n    \"provisioningState\": \"Creating\"\r\n  }\r\n}",
      "StatusCode": 201
    },
    {
      "RequestUri": "/subscriptions/69a75bda-882e-44d5-8431-63421204132a/providers/Microsoft.NetApp/locations/eastus2euap/operationResults/eac50c0a-9982-4513-a03e-d31b8f27e67a?api-version=2021-02-01",
      "EncodedRequestUri": "L3N1YnNjcmlwdGlvbnMvNjlhNzViZGEtODgyZS00NGQ1LTg0MzEtNjM0MjEyMDQxMzJhL3Byb3ZpZGVycy9NaWNyb3NvZnQuTmV0QXBwL2xvY2F0aW9ucy9lYXN0dXMyZXVhcC9vcGVyYXRpb25SZXN1bHRzL2VhYzUwYzBhLTk5ODItNDUxMy1hMDNlLWQzMWI4ZjI3ZTY3YT9hcGktdmVyc2lvbj0yMDIxLTAyLTAx",
      "RequestMethod": "GET",
      "RequestBody": "",
      "RequestHeaders": {
        "x-ms-client-request-id": [
          "33c5c71c-afc1-4473-b532-b93ccf870d4f"
        ],
        "User-Agent": [
          "FxVersion/4.6.29916.01",
          "OSName/Windows",
          "OSVersion/Microsoft.Windows.10.0.19042.",
          "Microsoft.Azure.Management.NetApp.AzureNetAppFilesManagementClient/1.12.0.0"
        ]
      },
      "ResponseHeaders": {
        "Cache-Control": [
          "no-cache"
        ],
        "Pragma": [
          "no-cache"
        ],
        "x-ms-request-id": [
          "b98763fb-b46b-4a11-bf56-6b24f13554a3"
        ],
        "Server": [
          "Microsoft-IIS/10.0"
        ],
        "X-Powered-By": [
          "ASP.NET"
        ],
        "x-ms-ratelimit-remaining-subscription-reads": [
          "11977"
        ],
        "x-ms-correlation-request-id": [
          "9658f786-5f4e-4d5a-b251-bf49cebce041"
        ],
        "x-ms-routing-request-id": [
          "UAECENTRAL:20210521T133027Z:9658f786-5f4e-4d5a-b251-bf49cebce041"
        ],
        "Strict-Transport-Security": [
          "max-age=31536000; includeSubDomains"
        ],
        "X-Content-Type-Options": [
          "nosniff"
        ],
        "Date": [
          "Fri, 21 May 2021 13:30:26 GMT"
        ],
        "Content-Length": [
          "515"
        ],
        "Content-Type": [
          "application/json; charset=utf-8"
        ],
        "Expires": [
          "-1"
        ]
      },
      "ResponseBody": "{\r\n  \"id\": \"/subscriptions/69a75bda-882e-44d5-8431-63421204132a/providers/Microsoft.NetApp/locations/eastus2euap/operationResults/eac50c0a-9982-4513-a03e-d31b8f27e67a\",\r\n  \"name\": \"eac50c0a-9982-4513-a03e-d31b8f27e67a\",\r\n  \"status\": \"Succeeded\",\r\n  \"startTime\": \"2021-05-21T13:29:54.6628839Z\",\r\n  \"endTime\": \"2021-05-21T13:29:54.9497651Z\",\r\n  \"percentComplete\": 100.0,\r\n  \"properties\": {\r\n    \"resourceName\": \"/subscriptions/69a75bda-882e-44d5-8431-63421204132a/resourceGroups/ps8556/providers/Microsoft.NetApp/netAppAccounts/ps3242/backupPolicies/ps9340\"\r\n  }\r\n}",
      "StatusCode": 200
    },
    {
      "RequestUri": "/subscriptions/69a75bda-882e-44d5-8431-63421204132a/resourcegroups/ps8556?api-version=2016-09-01",
      "EncodedRequestUri": "L3N1YnNjcmlwdGlvbnMvNjlhNzViZGEtODgyZS00NGQ1LTg0MzEtNjM0MjEyMDQxMzJhL3Jlc291cmNlZ3JvdXBzL3BzODU1Nj9hcGktdmVyc2lvbj0yMDE2LTA5LTAx",
      "RequestMethod": "DELETE",
      "RequestBody": "",
      "RequestHeaders": {
        "x-ms-client-request-id": [
          "e4a7936c-0084-4fd2-89db-019ea0e891ea"
        ],
        "Accept-Language": [
          "en-US"
        ],
        "User-Agent": [
          "FxVersion/4.6.29916.01",
          "OSName/Windows",
          "OSVersion/Microsoft.Windows.10.0.19042.",
          "Microsoft.Azure.Management.Internal.Resources.ResourceManagementClient/1.3.34"
        ]
      },
      "ResponseHeaders": {
        "Cache-Control": [
          "no-cache"
        ],
        "Pragma": [
          "no-cache"
        ],
        "Location": [
          "https://management.azure.com/subscriptions/69a75bda-882e-44d5-8431-63421204132a/operationresults/eyJqb2JJZCI6IlJFU09VUkNFR1JPVVBERUxFVElPTkpPQi1QUzg1NTYtRUFTVFVTMkVVQVAiLCJqb2JMb2NhdGlvbiI6ImVhc3R1czJldWFwIn0?api-version=2016-09-01"
        ],
        "Retry-After": [
          "15"
        ],
        "x-ms-ratelimit-remaining-subscription-deletes": [
          "14996"
        ],
        "x-ms-request-id": [
          "652c083d-16f1-419e-9a51-61ca90aa3b63"
        ],
        "x-ms-correlation-request-id": [
          "652c083d-16f1-419e-9a51-61ca90aa3b63"
        ],
        "x-ms-routing-request-id": [
          "UAECENTRAL:20210521T133032Z:652c083d-16f1-419e-9a51-61ca90aa3b63"
        ],
        "Strict-Transport-Security": [
          "max-age=31536000; includeSubDomains"
        ],
        "X-Content-Type-Options": [
          "nosniff"
        ],
        "Date": [
          "Fri, 21 May 2021 13:30:32 GMT"
        ],
        "Expires": [
          "-1"
        ],
        "Content-Length": [
          "0"
        ]
      },
      "ResponseBody": "",
      "StatusCode": 202
    },
    {
      "RequestUri": "/subscriptions/69a75bda-882e-44d5-8431-63421204132a/operationresults/eyJqb2JJZCI6IlJFU09VUkNFR1JPVVBERUxFVElPTkpPQi1QUzg1NTYtRUFTVFVTMkVVQVAiLCJqb2JMb2NhdGlvbiI6ImVhc3R1czJldWFwIn0?api-version=2016-09-01",
      "EncodedRequestUri": "L3N1YnNjcmlwdGlvbnMvNjlhNzViZGEtODgyZS00NGQ1LTg0MzEtNjM0MjEyMDQxMzJhL29wZXJhdGlvbnJlc3VsdHMvZXlKcWIySkpaQ0k2SWxKRlUwOVZVa05GUjFKUFZWQkVSVXhGVkVsUFRrcFBRaTFRVXpnMU5UWXRSVUZUVkZWVE1rVlZRVkFpTENKcWIySk1iMk5oZEdsdmJpSTZJbVZoYzNSMWN6SmxkV0Z3SW4wP2FwaS12ZXJzaW9uPTIwMTYtMDktMDE=",
      "RequestMethod": "GET",
      "RequestBody": "",
      "RequestHeaders": {
        "User-Agent": [
          "FxVersion/4.6.29916.01",
          "OSName/Windows",
          "OSVersion/Microsoft.Windows.10.0.19042.",
          "Microsoft.Azure.Management.Internal.Resources.ResourceManagementClient/1.3.34"
        ]
      },
      "ResponseHeaders": {
        "Cache-Control": [
          "no-cache"
        ],
        "Pragma": [
          "no-cache"
        ],
        "Location": [
          "https://management.azure.com/subscriptions/69a75bda-882e-44d5-8431-63421204132a/operationresults/eyJqb2JJZCI6IlJFU09VUkNFR1JPVVBERUxFVElPTkpPQi1QUzg1NTYtRUFTVFVTMkVVQVAiLCJqb2JMb2NhdGlvbiI6ImVhc3R1czJldWFwIn0?api-version=2016-09-01"
        ],
        "Retry-After": [
          "15"
        ],
        "x-ms-ratelimit-remaining-subscription-reads": [
          "11973"
        ],
        "x-ms-request-id": [
          "eb348ad2-ce17-487a-9a2b-ca49109f3364"
        ],
        "x-ms-correlation-request-id": [
          "eb348ad2-ce17-487a-9a2b-ca49109f3364"
        ],
        "x-ms-routing-request-id": [
          "UAECENTRAL:20210521T133048Z:eb348ad2-ce17-487a-9a2b-ca49109f3364"
        ],
        "Strict-Transport-Security": [
          "max-age=31536000; includeSubDomains"
        ],
        "X-Content-Type-Options": [
          "nosniff"
        ],
        "Date": [
          "Fri, 21 May 2021 13:30:47 GMT"
        ],
        "Expires": [
          "-1"
        ],
        "Content-Length": [
          "0"
        ]
      },
      "ResponseBody": "",
      "StatusCode": 202
    },
    {
      "RequestUri": "/subscriptions/69a75bda-882e-44d5-8431-63421204132a/operationresults/eyJqb2JJZCI6IlJFU09VUkNFR1JPVVBERUxFVElPTkpPQi1QUzg1NTYtRUFTVFVTMkVVQVAiLCJqb2JMb2NhdGlvbiI6ImVhc3R1czJldWFwIn0?api-version=2016-09-01",
      "EncodedRequestUri": "L3N1YnNjcmlwdGlvbnMvNjlhNzViZGEtODgyZS00NGQ1LTg0MzEtNjM0MjEyMDQxMzJhL29wZXJhdGlvbnJlc3VsdHMvZXlKcWIySkpaQ0k2SWxKRlUwOVZVa05GUjFKUFZWQkVSVXhGVkVsUFRrcFBRaTFRVXpnMU5UWXRSVUZUVkZWVE1rVlZRVkFpTENKcWIySk1iMk5oZEdsdmJpSTZJbVZoYzNSMWN6SmxkV0Z3SW4wP2FwaS12ZXJzaW9uPTIwMTYtMDktMDE=",
      "RequestMethod": "GET",
      "RequestBody": "",
      "RequestHeaders": {
        "User-Agent": [
          "FxVersion/4.6.29916.01",
          "OSName/Windows",
          "OSVersion/Microsoft.Windows.10.0.19042.",
          "Microsoft.Azure.Management.Internal.Resources.ResourceManagementClient/1.3.34"
        ]
      },
      "ResponseHeaders": {
        "Cache-Control": [
          "no-cache"
        ],
        "Pragma": [
          "no-cache"
        ],
        "Location": [
          "https://management.azure.com/subscriptions/69a75bda-882e-44d5-8431-63421204132a/operationresults/eyJqb2JJZCI6IlJFU09VUkNFR1JPVVBERUxFVElPTkpPQi1QUzg1NTYtRUFTVFVTMkVVQVAiLCJqb2JMb2NhdGlvbiI6ImVhc3R1czJldWFwIn0?api-version=2016-09-01"
        ],
        "Retry-After": [
          "15"
        ],
        "x-ms-ratelimit-remaining-subscription-reads": [
          "11972"
        ],
        "x-ms-request-id": [
          "6ce36b62-6fc8-429d-9eaf-7e86b4746789"
        ],
        "x-ms-correlation-request-id": [
          "6ce36b62-6fc8-429d-9eaf-7e86b4746789"
        ],
        "x-ms-routing-request-id": [
          "UAECENTRAL:20210521T133103Z:6ce36b62-6fc8-429d-9eaf-7e86b4746789"
        ],
        "Strict-Transport-Security": [
          "max-age=31536000; includeSubDomains"
        ],
        "X-Content-Type-Options": [
          "nosniff"
        ],
        "Date": [
          "Fri, 21 May 2021 13:31:03 GMT"
        ],
        "Expires": [
          "-1"
        ],
        "Content-Length": [
          "0"
        ]
      },
      "ResponseBody": "",
      "StatusCode": 202
    },
    {
      "RequestUri": "/subscriptions/69a75bda-882e-44d5-8431-63421204132a/operationresults/eyJqb2JJZCI6IlJFU09VUkNFR1JPVVBERUxFVElPTkpPQi1QUzg1NTYtRUFTVFVTMkVVQVAiLCJqb2JMb2NhdGlvbiI6ImVhc3R1czJldWFwIn0?api-version=2016-09-01",
      "EncodedRequestUri": "L3N1YnNjcmlwdGlvbnMvNjlhNzViZGEtODgyZS00NGQ1LTg0MzEtNjM0MjEyMDQxMzJhL29wZXJhdGlvbnJlc3VsdHMvZXlKcWIySkpaQ0k2SWxKRlUwOVZVa05GUjFKUFZWQkVSVXhGVkVsUFRrcFBRaTFRVXpnMU5UWXRSVUZUVkZWVE1rVlZRVkFpTENKcWIySk1iMk5oZEdsdmJpSTZJbVZoYzNSMWN6SmxkV0Z3SW4wP2FwaS12ZXJzaW9uPTIwMTYtMDktMDE=",
      "RequestMethod": "GET",
      "RequestBody": "",
      "RequestHeaders": {
        "User-Agent": [
          "FxVersion/4.6.29916.01",
          "OSName/Windows",
          "OSVersion/Microsoft.Windows.10.0.19042.",
          "Microsoft.Azure.Management.Internal.Resources.ResourceManagementClient/1.3.34"
        ]
      },
      "ResponseHeaders": {
        "Cache-Control": [
          "no-cache"
        ],
        "Pragma": [
          "no-cache"
        ],
        "Location": [
          "https://management.azure.com/subscriptions/69a75bda-882e-44d5-8431-63421204132a/operationresults/eyJqb2JJZCI6IlJFU09VUkNFR1JPVVBERUxFVElPTkpPQi1QUzg1NTYtRUFTVFVTMkVVQVAiLCJqb2JMb2NhdGlvbiI6ImVhc3R1czJldWFwIn0?api-version=2016-09-01"
        ],
        "Retry-After": [
          "15"
        ],
        "x-ms-ratelimit-remaining-subscription-reads": [
          "11971"
        ],
        "x-ms-request-id": [
          "68429ce3-f6ad-4714-b336-54a49d771668"
        ],
        "x-ms-correlation-request-id": [
          "68429ce3-f6ad-4714-b336-54a49d771668"
        ],
        "x-ms-routing-request-id": [
          "UAECENTRAL:20210521T133119Z:68429ce3-f6ad-4714-b336-54a49d771668"
        ],
        "Strict-Transport-Security": [
          "max-age=31536000; includeSubDomains"
        ],
        "X-Content-Type-Options": [
          "nosniff"
        ],
        "Date": [
          "Fri, 21 May 2021 13:31:18 GMT"
        ],
        "Expires": [
          "-1"
        ],
        "Content-Length": [
          "0"
        ]
      },
      "ResponseBody": "",
      "StatusCode": 202
    },
    {
      "RequestUri": "/subscriptions/69a75bda-882e-44d5-8431-63421204132a/operationresults/eyJqb2JJZCI6IlJFU09VUkNFR1JPVVBERUxFVElPTkpPQi1QUzg1NTYtRUFTVFVTMkVVQVAiLCJqb2JMb2NhdGlvbiI6ImVhc3R1czJldWFwIn0?api-version=2016-09-01",
      "EncodedRequestUri": "L3N1YnNjcmlwdGlvbnMvNjlhNzViZGEtODgyZS00NGQ1LTg0MzEtNjM0MjEyMDQxMzJhL29wZXJhdGlvbnJlc3VsdHMvZXlKcWIySkpaQ0k2SWxKRlUwOVZVa05GUjFKUFZWQkVSVXhGVkVsUFRrcFBRaTFRVXpnMU5UWXRSVUZUVkZWVE1rVlZRVkFpTENKcWIySk1iMk5oZEdsdmJpSTZJbVZoYzNSMWN6SmxkV0Z3SW4wP2FwaS12ZXJzaW9uPTIwMTYtMDktMDE=",
      "RequestMethod": "GET",
      "RequestBody": "",
      "RequestHeaders": {
        "User-Agent": [
          "FxVersion/4.6.29916.01",
          "OSName/Windows",
          "OSVersion/Microsoft.Windows.10.0.19042.",
          "Microsoft.Azure.Management.Internal.Resources.ResourceManagementClient/1.3.34"
        ]
      },
      "ResponseHeaders": {
        "Cache-Control": [
          "no-cache"
        ],
        "Pragma": [
          "no-cache"
        ],
        "Location": [
          "https://management.azure.com/subscriptions/69a75bda-882e-44d5-8431-63421204132a/operationresults/eyJqb2JJZCI6IlJFU09VUkNFR1JPVVBERUxFVElPTkpPQi1QUzg1NTYtRUFTVFVTMkVVQVAiLCJqb2JMb2NhdGlvbiI6ImVhc3R1czJldWFwIn0?api-version=2016-09-01"
        ],
        "Retry-After": [
          "15"
        ],
        "x-ms-ratelimit-remaining-subscription-reads": [
          "11970"
        ],
        "x-ms-request-id": [
          "d05d20b5-88e5-4e49-800b-778dac8a8052"
        ],
        "x-ms-correlation-request-id": [
          "d05d20b5-88e5-4e49-800b-778dac8a8052"
        ],
        "x-ms-routing-request-id": [
          "UAECENTRAL:20210521T133134Z:d05d20b5-88e5-4e49-800b-778dac8a8052"
        ],
        "Strict-Transport-Security": [
          "max-age=31536000; includeSubDomains"
        ],
        "X-Content-Type-Options": [
          "nosniff"
        ],
        "Date": [
          "Fri, 21 May 2021 13:31:34 GMT"
        ],
        "Expires": [
          "-1"
        ],
        "Content-Length": [
          "0"
        ]
      },
      "ResponseBody": "",
      "StatusCode": 202
    },
    {
      "RequestUri": "/subscriptions/69a75bda-882e-44d5-8431-63421204132a/operationresults/eyJqb2JJZCI6IlJFU09VUkNFR1JPVVBERUxFVElPTkpPQi1QUzg1NTYtRUFTVFVTMkVVQVAiLCJqb2JMb2NhdGlvbiI6ImVhc3R1czJldWFwIn0?api-version=2016-09-01",
      "EncodedRequestUri": "L3N1YnNjcmlwdGlvbnMvNjlhNzViZGEtODgyZS00NGQ1LTg0MzEtNjM0MjEyMDQxMzJhL29wZXJhdGlvbnJlc3VsdHMvZXlKcWIySkpaQ0k2SWxKRlUwOVZVa05GUjFKUFZWQkVSVXhGVkVsUFRrcFBRaTFRVXpnMU5UWXRSVUZUVkZWVE1rVlZRVkFpTENKcWIySk1iMk5oZEdsdmJpSTZJbVZoYzNSMWN6SmxkV0Z3SW4wP2FwaS12ZXJzaW9uPTIwMTYtMDktMDE=",
      "RequestMethod": "GET",
      "RequestBody": "",
      "RequestHeaders": {
        "User-Agent": [
          "FxVersion/4.6.29916.01",
          "OSName/Windows",
          "OSVersion/Microsoft.Windows.10.0.19042.",
          "Microsoft.Azure.Management.Internal.Resources.ResourceManagementClient/1.3.34"
        ]
      },
      "ResponseHeaders": {
        "Cache-Control": [
          "no-cache"
        ],
        "Pragma": [
          "no-cache"
        ],
        "Location": [
          "https://management.azure.com/subscriptions/69a75bda-882e-44d5-8431-63421204132a/operationresults/eyJqb2JJZCI6IlJFU09VUkNFR1JPVVBERUxFVElPTkpPQi1QUzg1NTYtRUFTVFVTMkVVQVAiLCJqb2JMb2NhdGlvbiI6ImVhc3R1czJldWFwIn0?api-version=2016-09-01"
        ],
        "Retry-After": [
          "15"
        ],
        "x-ms-ratelimit-remaining-subscription-reads": [
          "11969"
        ],
        "x-ms-request-id": [
          "eccd377a-3157-4120-ab7f-578dff47107c"
        ],
        "x-ms-correlation-request-id": [
          "eccd377a-3157-4120-ab7f-578dff47107c"
        ],
        "x-ms-routing-request-id": [
          "UAECENTRAL:20210521T133150Z:eccd377a-3157-4120-ab7f-578dff47107c"
        ],
        "Strict-Transport-Security": [
          "max-age=31536000; includeSubDomains"
        ],
        "X-Content-Type-Options": [
          "nosniff"
        ],
        "Date": [
          "Fri, 21 May 2021 13:31:49 GMT"
        ],
        "Expires": [
          "-1"
        ],
        "Content-Length": [
          "0"
        ]
      },
      "ResponseBody": "",
      "StatusCode": 202
    },
    {
      "RequestUri": "/subscriptions/69a75bda-882e-44d5-8431-63421204132a/operationresults/eyJqb2JJZCI6IlJFU09VUkNFR1JPVVBERUxFVElPTkpPQi1QUzg1NTYtRUFTVFVTMkVVQVAiLCJqb2JMb2NhdGlvbiI6ImVhc3R1czJldWFwIn0?api-version=2016-09-01",
      "EncodedRequestUri": "L3N1YnNjcmlwdGlvbnMvNjlhNzViZGEtODgyZS00NGQ1LTg0MzEtNjM0MjEyMDQxMzJhL29wZXJhdGlvbnJlc3VsdHMvZXlKcWIySkpaQ0k2SWxKRlUwOVZVa05GUjFKUFZWQkVSVXhGVkVsUFRrcFBRaTFRVXpnMU5UWXRSVUZUVkZWVE1rVlZRVkFpTENKcWIySk1iMk5oZEdsdmJpSTZJbVZoYzNSMWN6SmxkV0Z3SW4wP2FwaS12ZXJzaW9uPTIwMTYtMDktMDE=",
      "RequestMethod": "GET",
      "RequestBody": "",
      "RequestHeaders": {
        "User-Agent": [
          "FxVersion/4.6.29916.01",
          "OSName/Windows",
          "OSVersion/Microsoft.Windows.10.0.19042.",
          "Microsoft.Azure.Management.Internal.Resources.ResourceManagementClient/1.3.34"
        ]
      },
      "ResponseHeaders": {
        "Cache-Control": [
          "no-cache"
        ],
        "Pragma": [
          "no-cache"
        ],
        "Location": [
          "https://management.azure.com/subscriptions/69a75bda-882e-44d5-8431-63421204132a/operationresults/eyJqb2JJZCI6IlJFU09VUkNFR1JPVVBERUxFVElPTkpPQi1QUzg1NTYtRUFTVFVTMkVVQVAiLCJqb2JMb2NhdGlvbiI6ImVhc3R1czJldWFwIn0?api-version=2016-09-01"
        ],
        "Retry-After": [
          "15"
        ],
        "x-ms-ratelimit-remaining-subscription-reads": [
          "11968"
        ],
        "x-ms-request-id": [
          "e0bd399c-13f8-44f8-8c5d-2048eb678e07"
        ],
        "x-ms-correlation-request-id": [
          "e0bd399c-13f8-44f8-8c5d-2048eb678e07"
        ],
        "x-ms-routing-request-id": [
          "UAECENTRAL:20210521T133205Z:e0bd399c-13f8-44f8-8c5d-2048eb678e07"
        ],
        "Strict-Transport-Security": [
          "max-age=31536000; includeSubDomains"
        ],
        "X-Content-Type-Options": [
          "nosniff"
        ],
        "Date": [
          "Fri, 21 May 2021 13:32:05 GMT"
        ],
        "Expires": [
          "-1"
        ],
        "Content-Length": [
          "0"
        ]
      },
      "ResponseBody": "",
      "StatusCode": 202
    },
    {
      "RequestUri": "/subscriptions/69a75bda-882e-44d5-8431-63421204132a/operationresults/eyJqb2JJZCI6IlJFU09VUkNFR1JPVVBERUxFVElPTkpPQi1QUzg1NTYtRUFTVFVTMkVVQVAiLCJqb2JMb2NhdGlvbiI6ImVhc3R1czJldWFwIn0?api-version=2016-09-01",
      "EncodedRequestUri": "L3N1YnNjcmlwdGlvbnMvNjlhNzViZGEtODgyZS00NGQ1LTg0MzEtNjM0MjEyMDQxMzJhL29wZXJhdGlvbnJlc3VsdHMvZXlKcWIySkpaQ0k2SWxKRlUwOVZVa05GUjFKUFZWQkVSVXhGVkVsUFRrcFBRaTFRVXpnMU5UWXRSVUZUVkZWVE1rVlZRVkFpTENKcWIySk1iMk5oZEdsdmJpSTZJbVZoYzNSMWN6SmxkV0Z3SW4wP2FwaS12ZXJzaW9uPTIwMTYtMDktMDE=",
      "RequestMethod": "GET",
      "RequestBody": "",
      "RequestHeaders": {
        "User-Agent": [
          "FxVersion/4.6.29916.01",
          "OSName/Windows",
          "OSVersion/Microsoft.Windows.10.0.19042.",
          "Microsoft.Azure.Management.Internal.Resources.ResourceManagementClient/1.3.34"
        ]
      },
      "ResponseHeaders": {
        "Cache-Control": [
          "no-cache"
        ],
        "Pragma": [
          "no-cache"
        ],
        "Location": [
          "https://management.azure.com/subscriptions/69a75bda-882e-44d5-8431-63421204132a/operationresults/eyJqb2JJZCI6IlJFU09VUkNFR1JPVVBERUxFVElPTkpPQi1QUzg1NTYtRUFTVFVTMkVVQVAiLCJqb2JMb2NhdGlvbiI6ImVhc3R1czJldWFwIn0?api-version=2016-09-01"
        ],
        "Retry-After": [
          "15"
        ],
        "x-ms-ratelimit-remaining-subscription-reads": [
          "11967"
        ],
        "x-ms-request-id": [
          "c6cd8c83-d788-45a4-a4d7-16180a2082c7"
        ],
        "x-ms-correlation-request-id": [
          "c6cd8c83-d788-45a4-a4d7-16180a2082c7"
        ],
        "x-ms-routing-request-id": [
          "UAECENTRAL:20210521T133221Z:c6cd8c83-d788-45a4-a4d7-16180a2082c7"
        ],
        "Strict-Transport-Security": [
          "max-age=31536000; includeSubDomains"
        ],
        "X-Content-Type-Options": [
          "nosniff"
        ],
        "Date": [
          "Fri, 21 May 2021 13:32:20 GMT"
        ],
        "Expires": [
          "-1"
        ],
        "Content-Length": [
          "0"
        ]
      },
      "ResponseBody": "",
      "StatusCode": 202
    },
    {
      "RequestUri": "/subscriptions/69a75bda-882e-44d5-8431-63421204132a/operationresults/eyJqb2JJZCI6IlJFU09VUkNFR1JPVVBERUxFVElPTkpPQi1QUzg1NTYtRUFTVFVTMkVVQVAiLCJqb2JMb2NhdGlvbiI6ImVhc3R1czJldWFwIn0?api-version=2016-09-01",
      "EncodedRequestUri": "L3N1YnNjcmlwdGlvbnMvNjlhNzViZGEtODgyZS00NGQ1LTg0MzEtNjM0MjEyMDQxMzJhL29wZXJhdGlvbnJlc3VsdHMvZXlKcWIySkpaQ0k2SWxKRlUwOVZVa05GUjFKUFZWQkVSVXhGVkVsUFRrcFBRaTFRVXpnMU5UWXRSVUZUVkZWVE1rVlZRVkFpTENKcWIySk1iMk5oZEdsdmJpSTZJbVZoYzNSMWN6SmxkV0Z3SW4wP2FwaS12ZXJzaW9uPTIwMTYtMDktMDE=",
      "RequestMethod": "GET",
      "RequestBody": "",
      "RequestHeaders": {
        "User-Agent": [
          "FxVersion/4.6.29916.01",
          "OSName/Windows",
          "OSVersion/Microsoft.Windows.10.0.19042.",
          "Microsoft.Azure.Management.Internal.Resources.ResourceManagementClient/1.3.34"
        ]
      },
      "ResponseHeaders": {
        "Cache-Control": [
          "no-cache"
        ],
        "Pragma": [
          "no-cache"
        ],
        "Location": [
          "https://management.azure.com/subscriptions/69a75bda-882e-44d5-8431-63421204132a/operationresults/eyJqb2JJZCI6IlJFU09VUkNFR1JPVVBERUxFVElPTkpPQi1QUzg1NTYtRUFTVFVTMkVVQVAiLCJqb2JMb2NhdGlvbiI6ImVhc3R1czJldWFwIn0?api-version=2016-09-01"
        ],
        "Retry-After": [
          "15"
        ],
        "x-ms-ratelimit-remaining-subscription-reads": [
          "11966"
        ],
        "x-ms-request-id": [
          "1db8d286-68d2-4fae-8a5d-44613d029838"
        ],
        "x-ms-correlation-request-id": [
          "1db8d286-68d2-4fae-8a5d-44613d029838"
        ],
        "x-ms-routing-request-id": [
          "UAECENTRAL:20210521T133237Z:1db8d286-68d2-4fae-8a5d-44613d029838"
        ],
        "Strict-Transport-Security": [
          "max-age=31536000; includeSubDomains"
        ],
        "X-Content-Type-Options": [
          "nosniff"
        ],
        "Date": [
          "Fri, 21 May 2021 13:32:36 GMT"
        ],
        "Expires": [
          "-1"
        ],
        "Content-Length": [
          "0"
        ]
      },
      "ResponseBody": "",
      "StatusCode": 202
    },
    {
      "RequestUri": "/subscriptions/69a75bda-882e-44d5-8431-63421204132a/operationresults/eyJqb2JJZCI6IlJFU09VUkNFR1JPVVBERUxFVElPTkpPQi1QUzg1NTYtRUFTVFVTMkVVQVAiLCJqb2JMb2NhdGlvbiI6ImVhc3R1czJldWFwIn0?api-version=2016-09-01",
      "EncodedRequestUri": "L3N1YnNjcmlwdGlvbnMvNjlhNzViZGEtODgyZS00NGQ1LTg0MzEtNjM0MjEyMDQxMzJhL29wZXJhdGlvbnJlc3VsdHMvZXlKcWIySkpaQ0k2SWxKRlUwOVZVa05GUjFKUFZWQkVSVXhGVkVsUFRrcFBRaTFRVXpnMU5UWXRSVUZUVkZWVE1rVlZRVkFpTENKcWIySk1iMk5oZEdsdmJpSTZJbVZoYzNSMWN6SmxkV0Z3SW4wP2FwaS12ZXJzaW9uPTIwMTYtMDktMDE=",
      "RequestMethod": "GET",
      "RequestBody": "",
      "RequestHeaders": {
        "User-Agent": [
          "FxVersion/4.6.29916.01",
          "OSName/Windows",
          "OSVersion/Microsoft.Windows.10.0.19042.",
          "Microsoft.Azure.Management.Internal.Resources.ResourceManagementClient/1.3.34"
        ]
      },
      "ResponseHeaders": {
        "Cache-Control": [
          "no-cache"
        ],
        "Pragma": [
          "no-cache"
        ],
        "Location": [
          "https://management.azure.com/subscriptions/69a75bda-882e-44d5-8431-63421204132a/operationresults/eyJqb2JJZCI6IlJFU09VUkNFR1JPVVBERUxFVElPTkpPQi1QUzg1NTYtRUFTVFVTMkVVQVAiLCJqb2JMb2NhdGlvbiI6ImVhc3R1czJldWFwIn0?api-version=2016-09-01"
        ],
        "Retry-After": [
          "15"
        ],
        "x-ms-ratelimit-remaining-subscription-reads": [
          "11965"
        ],
        "x-ms-request-id": [
          "fce9e758-c685-4303-9153-aad8294dfd01"
        ],
        "x-ms-correlation-request-id": [
          "fce9e758-c685-4303-9153-aad8294dfd01"
        ],
        "x-ms-routing-request-id": [
          "UAECENTRAL:20210521T133252Z:fce9e758-c685-4303-9153-aad8294dfd01"
        ],
        "Strict-Transport-Security": [
          "max-age=31536000; includeSubDomains"
        ],
        "X-Content-Type-Options": [
          "nosniff"
        ],
        "Date": [
          "Fri, 21 May 2021 13:32:51 GMT"
        ],
        "Expires": [
          "-1"
        ],
        "Content-Length": [
          "0"
        ]
      },
      "ResponseBody": "",
      "StatusCode": 202
    },
    {
      "RequestUri": "/subscriptions/69a75bda-882e-44d5-8431-63421204132a/operationresults/eyJqb2JJZCI6IlJFU09VUkNFR1JPVVBERUxFVElPTkpPQi1QUzg1NTYtRUFTVFVTMkVVQVAiLCJqb2JMb2NhdGlvbiI6ImVhc3R1czJldWFwIn0?api-version=2016-09-01",
      "EncodedRequestUri": "L3N1YnNjcmlwdGlvbnMvNjlhNzViZGEtODgyZS00NGQ1LTg0MzEtNjM0MjEyMDQxMzJhL29wZXJhdGlvbnJlc3VsdHMvZXlKcWIySkpaQ0k2SWxKRlUwOVZVa05GUjFKUFZWQkVSVXhGVkVsUFRrcFBRaTFRVXpnMU5UWXRSVUZUVkZWVE1rVlZRVkFpTENKcWIySk1iMk5oZEdsdmJpSTZJbVZoYzNSMWN6SmxkV0Z3SW4wP2FwaS12ZXJzaW9uPTIwMTYtMDktMDE=",
      "RequestMethod": "GET",
      "RequestBody": "",
      "RequestHeaders": {
        "User-Agent": [
          "FxVersion/4.6.29916.01",
          "OSName/Windows",
          "OSVersion/Microsoft.Windows.10.0.19042.",
          "Microsoft.Azure.Management.Internal.Resources.ResourceManagementClient/1.3.34"
        ]
      },
      "ResponseHeaders": {
        "Cache-Control": [
          "no-cache"
        ],
        "Pragma": [
          "no-cache"
        ],
        "x-ms-ratelimit-remaining-subscription-reads": [
          "11964"
        ],
        "x-ms-request-id": [
          "ecc1f0a4-fd4e-47c5-a812-2e33d99d0b4c"
        ],
        "x-ms-correlation-request-id": [
          "ecc1f0a4-fd4e-47c5-a812-2e33d99d0b4c"
        ],
        "x-ms-routing-request-id": [
          "UAECENTRAL:20210521T133308Z:ecc1f0a4-fd4e-47c5-a812-2e33d99d0b4c"
        ],
        "Strict-Transport-Security": [
          "max-age=31536000; includeSubDomains"
        ],
        "X-Content-Type-Options": [
          "nosniff"
        ],
        "Date": [
          "Fri, 21 May 2021 13:33:07 GMT"
        ],
        "Expires": [
          "-1"
        ],
        "Content-Length": [
          "0"
        ]
      },
      "ResponseBody": "",
      "StatusCode": 200
    },
    {
      "RequestUri": "/subscriptions/69a75bda-882e-44d5-8431-63421204132a/operationresults/eyJqb2JJZCI6IlJFU09VUkNFR1JPVVBERUxFVElPTkpPQi1QUzg1NTYtRUFTVFVTMkVVQVAiLCJqb2JMb2NhdGlvbiI6ImVhc3R1czJldWFwIn0?api-version=2016-09-01",
      "EncodedRequestUri": "L3N1YnNjcmlwdGlvbnMvNjlhNzViZGEtODgyZS00NGQ1LTg0MzEtNjM0MjEyMDQxMzJhL29wZXJhdGlvbnJlc3VsdHMvZXlKcWIySkpaQ0k2SWxKRlUwOVZVa05GUjFKUFZWQkVSVXhGVkVsUFRrcFBRaTFRVXpnMU5UWXRSVUZUVkZWVE1rVlZRVkFpTENKcWIySk1iMk5oZEdsdmJpSTZJbVZoYzNSMWN6SmxkV0Z3SW4wP2FwaS12ZXJzaW9uPTIwMTYtMDktMDE=",
      "RequestMethod": "GET",
      "RequestBody": "",
      "RequestHeaders": {
        "User-Agent": [
          "FxVersion/4.6.29916.01",
          "OSName/Windows",
          "OSVersion/Microsoft.Windows.10.0.19042.",
          "Microsoft.Azure.Management.Internal.Resources.ResourceManagementClient/1.3.34"
        ]
      },
      "ResponseHeaders": {
        "Cache-Control": [
          "no-cache"
        ],
        "Pragma": [
          "no-cache"
        ],
        "x-ms-ratelimit-remaining-subscription-reads": [
          "11963"
        ],
        "x-ms-request-id": [
          "b7372b5a-b204-4911-a28e-a673a84eb769"
        ],
        "x-ms-correlation-request-id": [
          "b7372b5a-b204-4911-a28e-a673a84eb769"
        ],
        "x-ms-routing-request-id": [
          "UAECENTRAL:20210521T133308Z:b7372b5a-b204-4911-a28e-a673a84eb769"
        ],
        "Strict-Transport-Security": [
          "max-age=31536000; includeSubDomains"
        ],
        "X-Content-Type-Options": [
          "nosniff"
        ],
        "Date": [
          "Fri, 21 May 2021 13:33:08 GMT"
        ],
        "Expires": [
          "-1"
        ],
        "Content-Length": [
          "0"
        ]
      },
      "ResponseBody": "",
      "StatusCode": 200
    }
  ],
  "Names": {
    "Test-BackupPolicyPipelines": [
      "ps8556",
      "ps3242",
      "ps9340",
      "ps687",
      "ps9518"
    ]
  },
  "Variables": {
    "SubscriptionId": "69a75bda-882e-44d5-8431-63421204132a"
  }
}