{
  "Entries": [
    {
      "RequestUri": "/subscriptions/12053b8f-cab5-4f5c-9c1a-870580142abd/resourceGroups/rgtest9921232812/providers/Microsoft.DocumentDB/databaseAccounts/cosmosdb9921232812/sqlDatabases/dbName3?api-version=2021-04-15",
      "EncodedRequestUri": "L3N1YnNjcmlwdGlvbnMvMTIwNTNiOGYtY2FiNS00ZjVjLTljMWEtODcwNTgwMTQyYWJkL3Jlc291cmNlR3JvdXBzL3JndGVzdDk5MjEyMzI4MTIvcHJvdmlkZXJzL01pY3Jvc29mdC5Eb2N1bWVudERCL2RhdGFiYXNlQWNjb3VudHMvY29zbW9zZGI5OTIxMjMyODEyL3NxbERhdGFiYXNlcy9kYk5hbWUzP2FwaS12ZXJzaW9uPTIwMjEtMDQtMTU=",
      "RequestMethod": "GET",
      "RequestBody": "",
      "RequestHeaders": {
        "x-ms-client-request-id": [
          "42bbe150-0808-497d-9b62-73d1e44427c0"
        ],
        "Accept-Language": [
          "en-US"
        ],
        "User-Agent": [
          "FxVersion/4.6.29916.01",
          "OSName/Windows",
          "OSVersion/Microsoft.Windows.10.0.19043.",
          "Microsoft.Azure.Management.CosmosDB.CosmosDBManagementClient/3.0.0.0"
        ]
      },
      "ResponseHeaders": {
        "Cache-Control": [
          "no-store, no-cache"
        ],
        "Pragma": [
          "no-cache"
        ],
        "Strict-Transport-Security": [
          "max-age=31536000; includeSubDomains"
        ],
        "x-ms-gatewayversion": [
          "version=2.11.0"
        ],
        "Server": [
          "Microsoft-HTTPAPI/2.0"
        ],
        "x-ms-ratelimit-remaining-subscription-reads": [
          "11997"
        ],
        "x-ms-request-id": [
          "0bf76d41-5db6-4f2e-9a49-3f029368ca27"
        ],
        "x-ms-correlation-request-id": [
          "0bf76d41-5db6-4f2e-9a49-3f029368ca27"
        ],
        "x-ms-routing-request-id": [
          "WESTCENTRALUS:20210511T033043Z:0bf76d41-5db6-4f2e-9a49-3f029368ca27"
        ],
        "X-Content-Type-Options": [
          "nosniff"
        ],
        "Date": [
          "Tue, 11 May 2021 03:30:42 GMT"
        ],
        "Content-Length": [
          "1785"
        ],
        "Content-Type": [
          "application/json"
        ]
      },
      "ResponseBody": "{\r\n  \"code\": \"NotFound\",\r\n  \"message\": \"Message: {\\\"code\\\":\\\"NotFound\\\",\\\"message\\\":\\\"Message: {\\\\\\\"Errors\\\\\\\":[\\\\\\\"Resource Not Found. Learn more: https:\\\\\\\\/\\\\\\\\/aka.ms\\\\\\\\/cosmosdb-tsg-not-found\\\\\\\"]}\\\\r\\\\nActivityId: 42bbe150-0808-497d-9b62-73d1e44427c0, Request URI: /apps/41c501ed-891d-41ee-a069-6e58fc9767b3/services/77cfc4e0-6254-4557-a083-ae8e227e15ca/partitions/dd1c6b6f-9dea-4ef2-a9c9-35aa7636d3df/replicas/132520079842261460s, RequestStats: \\\\r\\\\nRequestStartTime: 2021-05-11T03:30:43.4584850Z, RequestEndTime: 2021-05-11T03:30:43.4584850Z,  Number of regions attempted:1\\\\r\\\\nResponseTime: 2021-05-11T03:30:43.4584850Z, StoreResult: StorePhysicalAddress: rntbd://10.0.0.23:11300/apps/41c501ed-891d-41ee-a069-6e58fc9767b3/services/77cfc4e0-6254-4557-a083-ae8e227e15ca/partitions/dd1c6b6f-9dea-4ef2-a9c9-35aa7636d3df/replicas/132520079842261460s, LSN: 10390, GlobalCommittedLsn: 10390, PartitionKeyRangeId: , IsValid: True, StatusCode: 404, SubStatusCode: 0, RequestCharge: 1, ItemLSN: -1, SessionToken: -1#10390, UsingLocalLSN: False, TransportException: null, ResourceType: Database, OperationType: Read\\\\r\\\\nResponseTime: 2021-05-11T03:30:43.4584850Z, StoreResult: StorePhysicalAddress: rntbd://10.0.0.21:11000/apps/41c501ed-891d-41ee-a069-6e58fc9767b3/services/77cfc4e0-6254-4557-a083-ae8e227e15ca/partitions/dd1c6b6f-9dea-4ef2-a9c9-35aa7636d3df/replicas/132520306290366695s, LSN: 10390, GlobalCommittedLsn: 10390, PartitionKeyRangeId: , IsValid: True, StatusCode: 404, SubStatusCode: 0, RequestCharge: 1, ItemLSN: -1, SessionToken: -1#10390, UsingLocalLSN: False, TransportException: null, ResourceType: Database, OperationType: Read\\\\r\\\\n, SDK: Microsoft.Azure.Documents.Common/2.11.0\\\"}, Request URI: /dbs/dbName3, RequestStats: , SDK: Microsoft.Azure.Documents.Common/2.11.0\"\r\n}",
      "StatusCode": 404
    },
    {
      "RequestUri": "/subscriptions/12053b8f-cab5-4f5c-9c1a-870580142abd/resourceGroups/rgtest9921232812/providers/Microsoft.DocumentDB/databaseAccounts/cosmosdb9921232812/sqlDatabases/dbName3?api-version=2021-04-15",
      "EncodedRequestUri": "L3N1YnNjcmlwdGlvbnMvMTIwNTNiOGYtY2FiNS00ZjVjLTljMWEtODcwNTgwMTQyYWJkL3Jlc291cmNlR3JvdXBzL3JndGVzdDk5MjEyMzI4MTIvcHJvdmlkZXJzL01pY3Jvc29mdC5Eb2N1bWVudERCL2RhdGFiYXNlQWNjb3VudHMvY29zbW9zZGI5OTIxMjMyODEyL3NxbERhdGFiYXNlcy9kYk5hbWUzP2FwaS12ZXJzaW9uPTIwMjEtMDQtMTU=",
      "RequestMethod": "GET",
      "RequestBody": "",
      "RequestHeaders": {
        "x-ms-client-request-id": [
          "42bbe150-0808-497d-9b62-73d1e44427c0"
        ],
        "User-Agent": [
          "FxVersion/4.6.29916.01",
          "OSName/Windows",
          "OSVersion/Microsoft.Windows.10.0.19043.",
          "Microsoft.Azure.Management.CosmosDB.CosmosDBManagementClient/3.0.0.0"
        ]
      },
      "ResponseHeaders": {
        "Cache-Control": [
          "no-store, no-cache"
        ],
        "Pragma": [
          "no-cache"
        ],
        "Strict-Transport-Security": [
          "max-age=31536000; includeSubDomains"
        ],
        "x-ms-gatewayversion": [
          "version=2.11.0"
        ],
        "Server": [
          "Microsoft-HTTPAPI/2.0"
        ],
        "x-ms-ratelimit-remaining-subscription-reads": [
          "11995"
        ],
        "x-ms-request-id": [
          "a7c9124e-7968-4e45-84c1-f786677450ac"
        ],
        "x-ms-correlation-request-id": [
          "a7c9124e-7968-4e45-84c1-f786677450ac"
        ],
        "x-ms-routing-request-id": [
          "WESTCENTRALUS:20210511T033114Z:a7c9124e-7968-4e45-84c1-f786677450ac"
        ],
        "X-Content-Type-Options": [
          "nosniff"
        ],
        "Date": [
          "Tue, 11 May 2021 03:31:13 GMT"
        ],
        "Content-Length": [
          "446"
        ],
        "Content-Type": [
          "application/json"
        ]
      },
      "ResponseBody": "{\r\n  \"id\": \"/subscriptions/12053b8f-cab5-4f5c-9c1a-870580142abd/resourceGroups/rgtest9921232812/providers/Microsoft.DocumentDB/databaseAccounts/cosmosdb9921232812/sqlDatabases/dbName3\",\r\n  \"type\": \"Microsoft.DocumentDB/databaseAccounts/sqlDatabases\",\r\n  \"name\": \"dbName3\",\r\n  \"properties\": {\r\n    \"resource\": {\r\n      \"id\": \"dbName3\",\r\n      \"_rid\": \"PBdnAA==\",\r\n      \"_self\": \"dbs/PBdnAA==/\",\r\n      \"_etag\": \"\\\"0000d005-0000-0500-0000-6099fa6a0000\\\"\",\r\n      \"_colls\": \"colls/\",\r\n      \"_users\": \"users/\",\r\n      \"_ts\": 1620703850\r\n    }\r\n  }\r\n}",
      "StatusCode": 200
    },
    {
      "RequestUri": "/subscriptions/12053b8f-cab5-4f5c-9c1a-870580142abd/resourceGroups/rgtest9921232812/providers/Microsoft.DocumentDB/databaseAccounts/cosmosdb9921232812/sqlDatabases/dbName3?api-version=2021-04-15",
      "EncodedRequestUri": "L3N1YnNjcmlwdGlvbnMvMTIwNTNiOGYtY2FiNS00ZjVjLTljMWEtODcwNTgwMTQyYWJkL3Jlc291cmNlR3JvdXBzL3JndGVzdDk5MjEyMzI4MTIvcHJvdmlkZXJzL01pY3Jvc29mdC5Eb2N1bWVudERCL2RhdGFiYXNlQWNjb3VudHMvY29zbW9zZGI5OTIxMjMyODEyL3NxbERhdGFiYXNlcy9kYk5hbWUzP2FwaS12ZXJzaW9uPTIwMjEtMDQtMTU=",
      "RequestMethod": "PUT",
      "RequestBody": "{\r\n  \"properties\": {\r\n    \"resource\": {\r\n      \"id\": \"dbName3\"\r\n    },\r\n    \"options\": {\r\n      \"throughput\": 1200\r\n    }\r\n  }\r\n}",
      "RequestHeaders": {
        "x-ms-client-request-id": [
          "42bbe150-0808-497d-9b62-73d1e44427c0"
        ],
        "Accept-Language": [
          "en-US"
        ],
        "User-Agent": [
          "FxVersion/4.6.29916.01",
          "OSName/Windows",
          "OSVersion/Microsoft.Windows.10.0.19043.",
          "Microsoft.Azure.Management.CosmosDB.CosmosDBManagementClient/3.0.0.0"
        ],
        "Content-Type": [
          "application/json; charset=utf-8"
        ],
        "Content-Length": [
          "129"
        ]
      },
      "ResponseHeaders": {
        "Cache-Control": [
          "no-store, no-cache"
        ],
        "Pragma": [
          "no-cache"
        ],
        "Location": [
          "https://management.azure.com/subscriptions/12053b8f-cab5-4f5c-9c1a-870580142abd/resourceGroups/rgtest9921232812/providers/Microsoft.DocumentDB/databaseAccounts/cosmosdb9921232812/sqlDatabases/dbName3/operationResults/86c617dc-9fb1-4c39-b0dd-0d8c21d1a84c?api-version=2021-04-15"
        ],
        "Azure-AsyncOperation": [
          "https://management.azure.com/subscriptions/12053b8f-cab5-4f5c-9c1a-870580142abd/providers/Microsoft.DocumentDB/locations/southcentralus/operationsStatus/86c617dc-9fb1-4c39-b0dd-0d8c21d1a84c?api-version=2021-04-15"
        ],
        "x-ms-request-id": [
          "86c617dc-9fb1-4c39-b0dd-0d8c21d1a84c"
        ],
        "Strict-Transport-Security": [
          "max-age=31536000; includeSubDomains"
        ],
        "x-ms-gatewayversion": [
          "version=2.11.0"
        ],
        "Server": [
          "Microsoft-HTTPAPI/2.0"
        ],
        "x-ms-ratelimit-remaining-subscription-writes": [
          "1199"
        ],
        "x-ms-correlation-request-id": [
          "665e6e73-3af2-47f3-943d-bf4cf1eac3d5"
        ],
        "x-ms-routing-request-id": [
          "WESTCENTRALUS:20210511T033044Z:665e6e73-3af2-47f3-943d-bf4cf1eac3d5"
        ],
        "X-Content-Type-Options": [
          "nosniff"
        ],
        "Date": [
          "Tue, 11 May 2021 03:30:43 GMT"
        ],
        "Content-Length": [
          "21"
        ],
        "Content-Type": [
          "application/json"
        ]
      },
      "ResponseBody": "{\r\n  \"status\": \"Enqueued\"\r\n}",
      "StatusCode": 202
    },
    {
      "RequestUri": "/subscriptions/12053b8f-cab5-4f5c-9c1a-870580142abd/providers/Microsoft.DocumentDB/locations/southcentralus/operationsStatus/86c617dc-9fb1-4c39-b0dd-0d8c21d1a84c?api-version=2021-04-15",
      "EncodedRequestUri": "L3N1YnNjcmlwdGlvbnMvMTIwNTNiOGYtY2FiNS00ZjVjLTljMWEtODcwNTgwMTQyYWJkL3Byb3ZpZGVycy9NaWNyb3NvZnQuRG9jdW1lbnREQi9sb2NhdGlvbnMvc291dGhjZW50cmFsdXMvb3BlcmF0aW9uc1N0YXR1cy84NmM2MTdkYy05ZmIxLTRjMzktYjBkZC0wZDhjMjFkMWE4NGM/YXBpLXZlcnNpb249MjAyMS0wNC0xNQ==",
      "RequestMethod": "GET",
      "RequestBody": "",
      "RequestHeaders": {
        "x-ms-client-request-id": [
          "42bbe150-0808-497d-9b62-73d1e44427c0"
        ],
        "User-Agent": [
          "FxVersion/4.6.29916.01",
          "OSName/Windows",
          "OSVersion/Microsoft.Windows.10.0.19043.",
          "Microsoft.Azure.Management.CosmosDB.CosmosDBManagementClient/3.0.0.0"
        ]
      },
      "ResponseHeaders": {
        "Cache-Control": [
          "no-store, no-cache"
        ],
        "Pragma": [
          "no-cache"
        ],
        "Strict-Transport-Security": [
          "max-age=31536000; includeSubDomains"
        ],
        "x-ms-gatewayversion": [
          "version=2.11.0"
        ],
        "Server": [
          "Microsoft-HTTPAPI/2.0"
        ],
        "x-ms-ratelimit-remaining-subscription-reads": [
          "11996"
        ],
        "x-ms-request-id": [
          "9bcf6ae6-d042-4834-8600-aba8c90f15cb"
        ],
        "x-ms-correlation-request-id": [
          "9bcf6ae6-d042-4834-8600-aba8c90f15cb"
        ],
        "x-ms-routing-request-id": [
          "WESTCENTRALUS:20210511T033114Z:9bcf6ae6-d042-4834-8600-aba8c90f15cb"
        ],
        "X-Content-Type-Options": [
          "nosniff"
        ],
        "Date": [
          "Tue, 11 May 2021 03:31:13 GMT"
        ],
        "Content-Length": [
          "22"
        ],
        "Content-Type": [
          "application/json"
        ]
      },
      "ResponseBody": "{\r\n  \"status\": \"Succeeded\"\r\n}",
      "StatusCode": 200
    },
    {
      "RequestUri": "/subscriptions/12053b8f-cab5-4f5c-9c1a-870580142abd/resourceGroups/rgtest9921232812/providers/Microsoft.DocumentDB/databaseAccounts/cosmosdb9921232812/sqlDatabases/dbName3/throughputSettings/default?api-version=2021-04-15",
      "EncodedRequestUri": "L3N1YnNjcmlwdGlvbnMvMTIwNTNiOGYtY2FiNS00ZjVjLTljMWEtODcwNTgwMTQyYWJkL3Jlc291cmNlR3JvdXBzL3JndGVzdDk5MjEyMzI4MTIvcHJvdmlkZXJzL01pY3Jvc29mdC5Eb2N1bWVudERCL2RhdGFiYXNlQWNjb3VudHMvY29zbW9zZGI5OTIxMjMyODEyL3NxbERhdGFiYXNlcy9kYk5hbWUzL3Rocm91Z2hwdXRTZXR0aW5ncy9kZWZhdWx0P2FwaS12ZXJzaW9uPTIwMjEtMDQtMTU=",
      "RequestMethod": "GET",
      "RequestBody": "",
      "RequestHeaders": {
        "x-ms-client-request-id": [
          "d4be28d0-2b6d-42c9-95ec-c01c73c4f238"
        ],
        "Accept-Language": [
          "en-US"
        ],
        "User-Agent": [
          "FxVersion/4.6.29916.01",
          "OSName/Windows",
          "OSVersion/Microsoft.Windows.10.0.19043.",
          "Microsoft.Azure.Management.CosmosDB.CosmosDBManagementClient/3.0.0.0"
        ]
      },
      "ResponseHeaders": {
        "Cache-Control": [
          "no-store, no-cache"
        ],
        "Pragma": [
          "no-cache"
        ],
        "Strict-Transport-Security": [
          "max-age=31536000; includeSubDomains"
        ],
        "x-ms-gatewayversion": [
          "version=2.11.0"
        ],
        "Server": [
          "Microsoft-HTTPAPI/2.0"
        ],
        "x-ms-ratelimit-remaining-subscription-reads": [
          "11994"
        ],
        "x-ms-request-id": [
          "018daf76-e768-4f7c-9574-0b39b2bd4e7f"
        ],
        "x-ms-correlation-request-id": [
          "018daf76-e768-4f7c-9574-0b39b2bd4e7f"
        ],
        "x-ms-routing-request-id": [
          "WESTCENTRALUS:20210511T033114Z:018daf76-e768-4f7c-9574-0b39b2bd4e7f"
        ],
        "X-Content-Type-Options": [
          "nosniff"
        ],
        "Date": [
          "Tue, 11 May 2021 03:31:13 GMT"
        ],
        "Content-Length": [
          "372"
        ],
        "Content-Type": [
          "application/json"
        ]
      },
      "ResponseBody": "{\r\n  \"id\": \"/subscriptions/12053b8f-cab5-4f5c-9c1a-870580142abd/resourceGroups/rgtest9921232812/providers/Microsoft.DocumentDB/databaseAccounts/cosmosdb9921232812/sqlDatabases/dbName3/throughputSettings/default\",\r\n  \"type\": \"Microsoft.DocumentDB/databaseAccounts/sqlDatabases/throughputSettings\",\r\n  \"name\": \"4lRd\",\r\n  \"properties\": {\r\n    \"resource\": {\r\n      \"throughput\": 1200,\r\n      \"minimumThroughput\": \"400\"\r\n    }\r\n  }\r\n}",
      "StatusCode": 200
    },
    {
      "RequestUri": "/subscriptions/12053b8f-cab5-4f5c-9c1a-870580142abd/resourceGroups/rgtest9921232812/providers/Microsoft.DocumentDB/databaseAccounts/cosmosdb9921232812/sqlDatabases/dbName3/throughputSettings/default?api-version=2021-04-15",
      "EncodedRequestUri": "L3N1YnNjcmlwdGlvbnMvMTIwNTNiOGYtY2FiNS00ZjVjLTljMWEtODcwNTgwMTQyYWJkL3Jlc291cmNlR3JvdXBzL3JndGVzdDk5MjEyMzI4MTIvcHJvdmlkZXJzL01pY3Jvc29mdC5Eb2N1bWVudERCL2RhdGFiYXNlQWNjb3VudHMvY29zbW9zZGI5OTIxMjMyODEyL3NxbERhdGFiYXNlcy9kYk5hbWUzL3Rocm91Z2hwdXRTZXR0aW5ncy9kZWZhdWx0P2FwaS12ZXJzaW9uPTIwMjEtMDQtMTU=",
      "RequestMethod": "GET",
      "RequestBody": "",
      "RequestHeaders": {
        "x-ms-client-request-id": [
          "b22b4a28-418b-4944-bbf0-36eeb91b99ee"
        ],
        "User-Agent": [
          "FxVersion/4.6.29916.01",
          "OSName/Windows",
          "OSVersion/Microsoft.Windows.10.0.19043.",
          "Microsoft.Azure.Management.CosmosDB.CosmosDBManagementClient/3.0.0.0"
        ]
      },
      "ResponseHeaders": {
        "Cache-Control": [
          "no-store, no-cache"
        ],
        "Pragma": [
          "no-cache"
        ],
        "Strict-Transport-Security": [
          "max-age=31536000; includeSubDomains"
        ],
        "x-ms-gatewayversion": [
          "version=2.11.0"
        ],
        "Server": [
          "Microsoft-HTTPAPI/2.0"
        ],
        "x-ms-ratelimit-remaining-subscription-reads": [
          "11992"
        ],
        "x-ms-request-id": [
          "e24b8b54-7260-4717-84a3-814e73243266"
        ],
        "x-ms-correlation-request-id": [
          "e24b8b54-7260-4717-84a3-814e73243266"
        ],
        "x-ms-routing-request-id": [
          "WESTCENTRALUS:20210511T033146Z:e24b8b54-7260-4717-84a3-814e73243266"
        ],
        "X-Content-Type-Options": [
          "nosniff"
        ],
        "Date": [
          "Tue, 11 May 2021 03:31:45 GMT"
        ],
        "Content-Length": [
          "372"
        ],
        "Content-Type": [
          "application/json"
        ]
      },
      "ResponseBody": "{\r\n  \"id\": \"/subscriptions/12053b8f-cab5-4f5c-9c1a-870580142abd/resourceGroups/rgtest9921232812/providers/Microsoft.DocumentDB/databaseAccounts/cosmosdb9921232812/sqlDatabases/dbName3/throughputSettings/default\",\r\n  \"type\": \"Microsoft.DocumentDB/databaseAccounts/sqlDatabases/throughputSettings\",\r\n  \"name\": \"4lRd\",\r\n  \"properties\": {\r\n    \"resource\": {\r\n      \"throughput\": 1100,\r\n      \"minimumThroughput\": \"400\"\r\n    }\r\n  }\r\n}",
      "StatusCode": 200
    },
    {
      "RequestUri": "/subscriptions/12053b8f-cab5-4f5c-9c1a-870580142abd/resourceGroups/rgtest9921232812/providers/Microsoft.DocumentDB/databaseAccounts/cosmosdb9921232812/sqlDatabases/dbName3/throughputSettings/default?api-version=2021-04-15",
      "EncodedRequestUri": "L3N1YnNjcmlwdGlvbnMvMTIwNTNiOGYtY2FiNS00ZjVjLTljMWEtODcwNTgwMTQyYWJkL3Jlc291cmNlR3JvdXBzL3JndGVzdDk5MjEyMzI4MTIvcHJvdmlkZXJzL01pY3Jvc29mdC5Eb2N1bWVudERCL2RhdGFiYXNlQWNjb3VudHMvY29zbW9zZGI5OTIxMjMyODEyL3NxbERhdGFiYXNlcy9kYk5hbWUzL3Rocm91Z2hwdXRTZXR0aW5ncy9kZWZhdWx0P2FwaS12ZXJzaW9uPTIwMjEtMDQtMTU=",
      "RequestMethod": "GET",
      "RequestBody": "",
      "RequestHeaders": {
        "x-ms-client-request-id": [
          "a2199e81-f034-4c90-839b-205f1c3fad42"
        ],
        "User-Agent": [
          "FxVersion/4.6.29916.01",
          "OSName/Windows",
          "OSVersion/Microsoft.Windows.10.0.19043.",
          "Microsoft.Azure.Management.CosmosDB.CosmosDBManagementClient/3.0.0.0"
        ]
      },
      "ResponseHeaders": {
        "Cache-Control": [
          "no-store, no-cache"
        ],
        "Pragma": [
          "no-cache"
        ],
        "Strict-Transport-Security": [
          "max-age=31536000; includeSubDomains"
        ],
        "x-ms-gatewayversion": [
          "version=2.11.0"
        ],
        "Server": [
          "Microsoft-HTTPAPI/2.0"
        ],
        "x-ms-ratelimit-remaining-subscription-reads": [
          "11990"
        ],
        "x-ms-request-id": [
          "4f9f954b-8b52-486a-82c9-3d53ad1a11d0"
        ],
        "x-ms-correlation-request-id": [
          "4f9f954b-8b52-486a-82c9-3d53ad1a11d0"
        ],
        "x-ms-routing-request-id": [
          "WESTCENTRALUS:20210511T033217Z:4f9f954b-8b52-486a-82c9-3d53ad1a11d0"
        ],
        "X-Content-Type-Options": [
          "nosniff"
        ],
        "Date": [
          "Tue, 11 May 2021 03:32:17 GMT"
        ],
        "Content-Length": [
          "372"
        ],
        "Content-Type": [
          "application/json"
        ]
      },
      "ResponseBody": "{\r\n  \"id\": \"/subscriptions/12053b8f-cab5-4f5c-9c1a-870580142abd/resourceGroups/rgtest9921232812/providers/Microsoft.DocumentDB/databaseAccounts/cosmosdb9921232812/sqlDatabases/dbName3/throughputSettings/default\",\r\n  \"type\": \"Microsoft.DocumentDB/databaseAccounts/sqlDatabases/throughputSettings\",\r\n  \"name\": \"4lRd\",\r\n  \"properties\": {\r\n    \"resource\": {\r\n      \"throughput\": 1000,\r\n      \"minimumThroughput\": \"400\"\r\n    }\r\n  }\r\n}",
      "StatusCode": 200
    },
    {
      "RequestUri": "/subscriptions/12053b8f-cab5-4f5c-9c1a-870580142abd/resourceGroups/rgtest9921232812/providers/Microsoft.DocumentDB/databaseAccounts/cosmosdb9921232812/sqlDatabases/dbName3/throughputSettings/default?api-version=2021-04-15",
      "EncodedRequestUri": "L3N1YnNjcmlwdGlvbnMvMTIwNTNiOGYtY2FiNS00ZjVjLTljMWEtODcwNTgwMTQyYWJkL3Jlc291cmNlR3JvdXBzL3JndGVzdDk5MjEyMzI4MTIvcHJvdmlkZXJzL01pY3Jvc29mdC5Eb2N1bWVudERCL2RhdGFiYXNlQWNjb3VudHMvY29zbW9zZGI5OTIxMjMyODEyL3NxbERhdGFiYXNlcy9kYk5hbWUzL3Rocm91Z2hwdXRTZXR0aW5ncy9kZWZhdWx0P2FwaS12ZXJzaW9uPTIwMjEtMDQtMTU=",
      "RequestMethod": "GET",
      "RequestBody": "",
      "RequestHeaders": {
        "x-ms-client-request-id": [
          "b8478eab-e6ae-4c40-9e7a-109b5ae62846"
        ],
        "User-Agent": [
          "FxVersion/4.6.29916.01",
          "OSName/Windows",
          "OSVersion/Microsoft.Windows.10.0.19043.",
          "Microsoft.Azure.Management.CosmosDB.CosmosDBManagementClient/3.0.0.0"
        ]
      },
      "ResponseHeaders": {
        "Cache-Control": [
          "no-store, no-cache"
        ],
        "Pragma": [
          "no-cache"
        ],
        "Strict-Transport-Security": [
          "max-age=31536000; includeSubDomains"
        ],
        "x-ms-gatewayversion": [
          "version=2.11.0"
        ],
        "Server": [
          "Microsoft-HTTPAPI/2.0"
        ],
        "x-ms-ratelimit-remaining-subscription-reads": [
          "11987"
        ],
        "x-ms-request-id": [
          "7e926dad-88c2-4cd8-8620-34bef1c120ce"
        ],
        "x-ms-correlation-request-id": [
          "7e926dad-88c2-4cd8-8620-34bef1c120ce"
        ],
        "x-ms-routing-request-id": [
          "WESTCENTRALUS:20210511T033249Z:7e926dad-88c2-4cd8-8620-34bef1c120ce"
        ],
        "X-Content-Type-Options": [
          "nosniff"
        ],
        "Date": [
          "Tue, 11 May 2021 03:32:48 GMT"
        ],
        "Content-Length": [
          "371"
        ],
        "Content-Type": [
          "application/json"
        ]
      },
      "ResponseBody": "{\r\n  \"id\": \"/subscriptions/12053b8f-cab5-4f5c-9c1a-870580142abd/resourceGroups/rgtest9921232812/providers/Microsoft.DocumentDB/databaseAccounts/cosmosdb9921232812/sqlDatabases/dbName3/throughputSettings/default\",\r\n  \"type\": \"Microsoft.DocumentDB/databaseAccounts/sqlDatabases/throughputSettings\",\r\n  \"name\": \"4lRd\",\r\n  \"properties\": {\r\n    \"resource\": {\r\n      \"throughput\": 900,\r\n      \"minimumThroughput\": \"400\"\r\n    }\r\n  }\r\n}",
      "StatusCode": 200
    },
    {
      "RequestUri": "/subscriptions/12053b8f-cab5-4f5c-9c1a-870580142abd/resourceGroups/rgtest9921232812/providers/Microsoft.DocumentDB/databaseAccounts/cosmosdb9921232812/sqlDatabases/dbName3/throughputSettings/default?api-version=2021-04-15",
      "EncodedRequestUri": "L3N1YnNjcmlwdGlvbnMvMTIwNTNiOGYtY2FiNS00ZjVjLTljMWEtODcwNTgwMTQyYWJkL3Jlc291cmNlR3JvdXBzL3JndGVzdDk5MjEyMzI4MTIvcHJvdmlkZXJzL01pY3Jvc29mdC5Eb2N1bWVudERCL2RhdGFiYXNlQWNjb3VudHMvY29zbW9zZGI5OTIxMjMyODEyL3NxbERhdGFiYXNlcy9kYk5hbWUzL3Rocm91Z2hwdXRTZXR0aW5ncy9kZWZhdWx0P2FwaS12ZXJzaW9uPTIwMjEtMDQtMTU=",
      "RequestMethod": "PUT",
      "RequestBody": "{\r\n  \"properties\": {\r\n    \"resource\": {\r\n      \"throughput\": 1100\r\n    }\r\n  }\r\n}",
      "RequestHeaders": {
        "x-ms-client-request-id": [
          "b22b4a28-418b-4944-bbf0-36eeb91b99ee"
        ],
        "Accept-Language": [
          "en-US"
        ],
        "User-Agent": [
          "FxVersion/4.6.29916.01",
          "OSName/Windows",
          "OSVersion/Microsoft.Windows.10.0.19043.",
          "Microsoft.Azure.Management.CosmosDB.CosmosDBManagementClient/3.0.0.0"
        ],
        "Content-Type": [
          "application/json; charset=utf-8"
        ],
        "Content-Length": [
          "80"
        ]
      },
      "ResponseHeaders": {
        "Cache-Control": [
          "no-store, no-cache"
        ],
        "Pragma": [
          "no-cache"
        ],
        "Location": [
          "https://management.azure.com/subscriptions/12053b8f-cab5-4f5c-9c1a-870580142abd/resourceGroups/rgtest9921232812/providers/Microsoft.DocumentDB/databaseAccounts/cosmosdb9921232812/sqlDatabases/dbName3/throughputSettings/default/operationResults/19554a45-b3fa-4d0a-953d-b5ab3422dab1?api-version=2021-04-15"
        ],
        "Azure-AsyncOperation": [
          "https://management.azure.com/subscriptions/12053b8f-cab5-4f5c-9c1a-870580142abd/providers/Microsoft.DocumentDB/locations/southcentralus/operationsStatus/19554a45-b3fa-4d0a-953d-b5ab3422dab1?api-version=2021-04-15"
        ],
        "x-ms-request-id": [
          "19554a45-b3fa-4d0a-953d-b5ab3422dab1"
        ],
        "Strict-Transport-Security": [
          "max-age=31536000; includeSubDomains"
        ],
        "x-ms-gatewayversion": [
          "version=2.11.0"
        ],
        "Server": [
          "Microsoft-HTTPAPI/2.0"
        ],
        "x-ms-ratelimit-remaining-subscription-writes": [
          "1198"
        ],
        "x-ms-correlation-request-id": [
          "fc1b581d-1811-4428-ba64-e4607cf5feae"
        ],
        "x-ms-routing-request-id": [
          "WESTCENTRALUS:20210511T033115Z:fc1b581d-1811-4428-ba64-e4607cf5feae"
        ],
        "X-Content-Type-Options": [
          "nosniff"
        ],
        "Date": [
          "Tue, 11 May 2021 03:31:14 GMT"
        ],
        "Content-Length": [
          "21"
        ],
        "Content-Type": [
          "application/json"
        ]
      },
      "ResponseBody": "{\r\n  \"status\": \"Enqueued\"\r\n}",
      "StatusCode": 202
    },
    {
      "RequestUri": "/subscriptions/12053b8f-cab5-4f5c-9c1a-870580142abd/resourceGroups/rgtest9921232812/providers/Microsoft.DocumentDB/databaseAccounts/cosmosdb9921232812/sqlDatabases/dbName3/throughputSettings/default?api-version=2021-04-15",
      "EncodedRequestUri": "L3N1YnNjcmlwdGlvbnMvMTIwNTNiOGYtY2FiNS00ZjVjLTljMWEtODcwNTgwMTQyYWJkL3Jlc291cmNlR3JvdXBzL3JndGVzdDk5MjEyMzI4MTIvcHJvdmlkZXJzL01pY3Jvc29mdC5Eb2N1bWVudERCL2RhdGFiYXNlQWNjb3VudHMvY29zbW9zZGI5OTIxMjMyODEyL3NxbERhdGFiYXNlcy9kYk5hbWUzL3Rocm91Z2hwdXRTZXR0aW5ncy9kZWZhdWx0P2FwaS12ZXJzaW9uPTIwMjEtMDQtMTU=",
      "RequestMethod": "PUT",
      "RequestBody": "{\r\n  \"properties\": {\r\n    \"resource\": {\r\n      \"throughput\": 1000\r\n    }\r\n  }\r\n}",
      "RequestHeaders": {
        "x-ms-client-request-id": [
          "a2199e81-f034-4c90-839b-205f1c3fad42"
        ],
        "Accept-Language": [
          "en-US"
        ],
        "User-Agent": [
          "FxVersion/4.6.29916.01",
          "OSName/Windows",
          "OSVersion/Microsoft.Windows.10.0.19043.",
          "Microsoft.Azure.Management.CosmosDB.CosmosDBManagementClient/3.0.0.0"
        ],
        "Content-Type": [
          "application/json; charset=utf-8"
        ],
        "Content-Length": [
          "80"
        ]
      },
      "ResponseHeaders": {
        "Cache-Control": [
          "no-store, no-cache"
        ],
        "Pragma": [
          "no-cache"
        ],
        "Location": [
          "https://management.azure.com/subscriptions/12053b8f-cab5-4f5c-9c1a-870580142abd/resourceGroups/rgtest9921232812/providers/Microsoft.DocumentDB/databaseAccounts/cosmosdb9921232812/sqlDatabases/dbName3/throughputSettings/default/operationResults/5121fd99-6942-44dd-b88c-ce4717f42d77?api-version=2021-04-15"
        ],
        "Azure-AsyncOperation": [
          "https://management.azure.com/subscriptions/12053b8f-cab5-4f5c-9c1a-870580142abd/providers/Microsoft.DocumentDB/locations/southcentralus/operationsStatus/5121fd99-6942-44dd-b88c-ce4717f42d77?api-version=2021-04-15"
        ],
        "x-ms-request-id": [
          "5121fd99-6942-44dd-b88c-ce4717f42d77"
        ],
        "Strict-Transport-Security": [
          "max-age=31536000; includeSubDomains"
        ],
        "x-ms-gatewayversion": [
          "version=2.11.0"
        ],
        "Server": [
          "Microsoft-HTTPAPI/2.0"
        ],
        "x-ms-ratelimit-remaining-subscription-writes": [
          "1197"
        ],
        "x-ms-correlation-request-id": [
          "b201dea7-8545-4101-a859-fd1f8cdd9971"
        ],
        "x-ms-routing-request-id": [
          "WESTCENTRALUS:20210511T033146Z:b201dea7-8545-4101-a859-fd1f8cdd9971"
        ],
        "X-Content-Type-Options": [
          "nosniff"
        ],
        "Date": [
          "Tue, 11 May 2021 03:31:46 GMT"
        ],
        "Content-Length": [
          "21"
        ],
        "Content-Type": [
          "application/json"
        ]
      },
      "ResponseBody": "{\r\n  \"status\": \"Enqueued\"\r\n}",
      "StatusCode": 202
    },
    {
      "RequestUri": "/subscriptions/12053b8f-cab5-4f5c-9c1a-870580142abd/resourceGroups/rgtest9921232812/providers/Microsoft.DocumentDB/databaseAccounts/cosmosdb9921232812/sqlDatabases/dbName3/throughputSettings/default?api-version=2021-04-15",
      "EncodedRequestUri": "L3N1YnNjcmlwdGlvbnMvMTIwNTNiOGYtY2FiNS00ZjVjLTljMWEtODcwNTgwMTQyYWJkL3Jlc291cmNlR3JvdXBzL3JndGVzdDk5MjEyMzI4MTIvcHJvdmlkZXJzL01pY3Jvc29mdC5Eb2N1bWVudERCL2RhdGFiYXNlQWNjb3VudHMvY29zbW9zZGI5OTIxMjMyODEyL3NxbERhdGFiYXNlcy9kYk5hbWUzL3Rocm91Z2hwdXRTZXR0aW5ncy9kZWZhdWx0P2FwaS12ZXJzaW9uPTIwMjEtMDQtMTU=",
      "RequestMethod": "PUT",
      "RequestBody": "{\r\n  \"properties\": {\r\n    \"resource\": {\r\n      \"throughput\": 900\r\n    }\r\n  }\r\n}",
      "RequestHeaders": {
        "x-ms-client-request-id": [
          "b8478eab-e6ae-4c40-9e7a-109b5ae62846"
        ],
        "Accept-Language": [
          "en-US"
        ],
        "User-Agent": [
          "FxVersion/4.6.29916.01",
          "OSName/Windows",
          "OSVersion/Microsoft.Windows.10.0.19043.",
          "Microsoft.Azure.Management.CosmosDB.CosmosDBManagementClient/3.0.0.0"
        ],
        "Content-Type": [
          "application/json; charset=utf-8"
        ],
        "Content-Length": [
          "79"
        ]
      },
      "ResponseHeaders": {
        "Cache-Control": [
          "no-store, no-cache"
        ],
        "Pragma": [
          "no-cache"
        ],
        "Location": [
          "https://management.azure.com/subscriptions/12053b8f-cab5-4f5c-9c1a-870580142abd/resourceGroups/rgtest9921232812/providers/Microsoft.DocumentDB/databaseAccounts/cosmosdb9921232812/sqlDatabases/dbName3/throughputSettings/default/operationResults/d6c8f26a-12c8-4885-a115-61f4b7a3ce24?api-version=2021-04-15"
        ],
        "Azure-AsyncOperation": [
          "https://management.azure.com/subscriptions/12053b8f-cab5-4f5c-9c1a-870580142abd/providers/Microsoft.DocumentDB/locations/southcentralus/operationsStatus/d6c8f26a-12c8-4885-a115-61f4b7a3ce24?api-version=2021-04-15"
        ],
        "x-ms-request-id": [
          "d6c8f26a-12c8-4885-a115-61f4b7a3ce24"
        ],
        "Strict-Transport-Security": [
          "max-age=31536000; includeSubDomains"
        ],
        "x-ms-gatewayversion": [
          "version=2.11.0"
        ],
        "Server": [
          "Microsoft-HTTPAPI/2.0"
        ],
        "x-ms-ratelimit-remaining-subscription-writes": [
          "1196"
        ],
        "x-ms-correlation-request-id": [
          "c7fd53a4-b26e-4e2b-884c-0feb9bf35601"
        ],
        "x-ms-routing-request-id": [
          "WESTCENTRALUS:20210511T033218Z:c7fd53a4-b26e-4e2b-884c-0feb9bf35601"
        ],
        "X-Content-Type-Options": [
          "nosniff"
        ],
        "Date": [
          "Tue, 11 May 2021 03:32:17 GMT"
        ],
        "Content-Length": [
          "21"
        ],
        "Content-Type": [
          "application/json"
        ]
      },
      "ResponseBody": "{\r\n  \"status\": \"Enqueued\"\r\n}",
      "StatusCode": 202
    },
    {
      "RequestUri": "/subscriptions/12053b8f-cab5-4f5c-9c1a-870580142abd/providers/Microsoft.DocumentDB/locations/southcentralus/operationsStatus/19554a45-b3fa-4d0a-953d-b5ab3422dab1?api-version=2021-04-15",
      "EncodedRequestUri": "L3N1YnNjcmlwdGlvbnMvMTIwNTNiOGYtY2FiNS00ZjVjLTljMWEtODcwNTgwMTQyYWJkL3Byb3ZpZGVycy9NaWNyb3NvZnQuRG9jdW1lbnREQi9sb2NhdGlvbnMvc291dGhjZW50cmFsdXMvb3BlcmF0aW9uc1N0YXR1cy8xOTU1NGE0NS1iM2ZhLTRkMGEtOTUzZC1iNWFiMzQyMmRhYjE/YXBpLXZlcnNpb249MjAyMS0wNC0xNQ==",
      "RequestMethod": "GET",
      "RequestBody": "",
      "RequestHeaders": {
        "x-ms-client-request-id": [
          "b22b4a28-418b-4944-bbf0-36eeb91b99ee"
        ],
        "User-Agent": [
          "FxVersion/4.6.29916.01",
          "OSName/Windows",
          "OSVersion/Microsoft.Windows.10.0.19043.",
          "Microsoft.Azure.Management.CosmosDB.CosmosDBManagementClient/3.0.0.0"
        ]
      },
      "ResponseHeaders": {
        "Cache-Control": [
          "no-store, no-cache"
        ],
        "Pragma": [
          "no-cache"
        ],
        "Strict-Transport-Security": [
          "max-age=31536000; includeSubDomains"
        ],
        "x-ms-gatewayversion": [
          "version=2.11.0"
        ],
        "Server": [
          "Microsoft-HTTPAPI/2.0"
        ],
        "x-ms-ratelimit-remaining-subscription-reads": [
          "11993"
        ],
        "x-ms-request-id": [
          "7bde8fd3-3dc3-412c-b58f-dfb53c8f8d3a"
        ],
        "x-ms-correlation-request-id": [
          "7bde8fd3-3dc3-412c-b58f-dfb53c8f8d3a"
        ],
        "x-ms-routing-request-id": [
          "WESTCENTRALUS:20210511T033145Z:7bde8fd3-3dc3-412c-b58f-dfb53c8f8d3a"
        ],
        "X-Content-Type-Options": [
          "nosniff"
        ],
        "Date": [
          "Tue, 11 May 2021 03:31:45 GMT"
        ],
        "Content-Length": [
          "22"
        ],
        "Content-Type": [
          "application/json"
        ]
      },
      "ResponseBody": "{\r\n  \"status\": \"Succeeded\"\r\n}",
      "StatusCode": 200
    },
    {
      "RequestUri": "/subscriptions/12053b8f-cab5-4f5c-9c1a-870580142abd/providers/Microsoft.DocumentDB/locations/southcentralus/operationsStatus/5121fd99-6942-44dd-b88c-ce4717f42d77?api-version=2021-04-15",
      "EncodedRequestUri": "L3N1YnNjcmlwdGlvbnMvMTIwNTNiOGYtY2FiNS00ZjVjLTljMWEtODcwNTgwMTQyYWJkL3Byb3ZpZGVycy9NaWNyb3NvZnQuRG9jdW1lbnREQi9sb2NhdGlvbnMvc291dGhjZW50cmFsdXMvb3BlcmF0aW9uc1N0YXR1cy81MTIxZmQ5OS02OTQyLTQ0ZGQtYjg4Yy1jZTQ3MTdmNDJkNzc/YXBpLXZlcnNpb249MjAyMS0wNC0xNQ==",
      "RequestMethod": "GET",
      "RequestBody": "",
      "RequestHeaders": {
        "x-ms-client-request-id": [
          "a2199e81-f034-4c90-839b-205f1c3fad42"
        ],
        "User-Agent": [
          "FxVersion/4.6.29916.01",
          "OSName/Windows",
          "OSVersion/Microsoft.Windows.10.0.19043.",
          "Microsoft.Azure.Management.CosmosDB.CosmosDBManagementClient/3.0.0.0"
        ]
      },
      "ResponseHeaders": {
        "Cache-Control": [
          "no-store, no-cache"
        ],
        "Pragma": [
          "no-cache"
        ],
        "Strict-Transport-Security": [
          "max-age=31536000; includeSubDomains"
        ],
        "x-ms-gatewayversion": [
          "version=2.11.0"
        ],
        "Server": [
          "Microsoft-HTTPAPI/2.0"
        ],
        "x-ms-ratelimit-remaining-subscription-reads": [
          "11991"
        ],
        "x-ms-request-id": [
          "6db69dc5-1e48-4602-8c1e-15b3f8817cdd"
        ],
        "x-ms-correlation-request-id": [
          "6db69dc5-1e48-4602-8c1e-15b3f8817cdd"
        ],
        "x-ms-routing-request-id": [
          "WESTCENTRALUS:20210511T033217Z:6db69dc5-1e48-4602-8c1e-15b3f8817cdd"
        ],
        "X-Content-Type-Options": [
          "nosniff"
        ],
        "Date": [
          "Tue, 11 May 2021 03:32:16 GMT"
        ],
        "Content-Length": [
          "22"
        ],
        "Content-Type": [
          "application/json"
        ]
      },
      "ResponseBody": "{\r\n  \"status\": \"Succeeded\"\r\n}",
      "StatusCode": 200
    },
    {
      "RequestUri": "/subscriptions/12053b8f-cab5-4f5c-9c1a-870580142abd/resourceGroups/rgtest9921232812/providers/Microsoft.DocumentDB/databaseAccounts/cosmosdb9921232812?api-version=2021-04-15",
      "EncodedRequestUri": "L3N1YnNjcmlwdGlvbnMvMTIwNTNiOGYtY2FiNS00ZjVjLTljMWEtODcwNTgwMTQyYWJkL3Jlc291cmNlR3JvdXBzL3JndGVzdDk5MjEyMzI4MTIvcHJvdmlkZXJzL01pY3Jvc29mdC5Eb2N1bWVudERCL2RhdGFiYXNlQWNjb3VudHMvY29zbW9zZGI5OTIxMjMyODEyP2FwaS12ZXJzaW9uPTIwMjEtMDQtMTU=",
      "RequestMethod": "GET",
      "RequestBody": "",
      "RequestHeaders": {
        "x-ms-client-request-id": [
          "cb7215c0-2c52-4eab-a41d-7729541c3e23"
        ],
        "Accept-Language": [
          "en-US"
        ],
        "User-Agent": [
          "FxVersion/4.6.29916.01",
          "OSName/Windows",
          "OSVersion/Microsoft.Windows.10.0.19043.",
          "Microsoft.Azure.Management.CosmosDB.CosmosDBManagementClient/3.0.0.0"
        ]
      },
      "ResponseHeaders": {
        "Cache-Control": [
          "no-store, no-cache"
        ],
        "Pragma": [
          "no-cache"
        ],
        "Strict-Transport-Security": [
          "max-age=31536000; includeSubDomains"
        ],
        "x-ms-gatewayversion": [
          "version=2.11.0"
        ],
        "Server": [
          "Microsoft-HTTPAPI/2.0"
        ],
        "x-ms-ratelimit-remaining-subscription-reads": [
          "11989"
        ],
        "x-ms-request-id": [
          "31c1176f-0561-4fd0-a9b6-ad63df66c272"
        ],
        "x-ms-correlation-request-id": [
          "31c1176f-0561-4fd0-a9b6-ad63df66c272"
        ],
        "x-ms-routing-request-id": [
          "WESTCENTRALUS:20210511T033217Z:31c1176f-0561-4fd0-a9b6-ad63df66c272"
        ],
        "X-Content-Type-Options": [
          "nosniff"
        ],
        "Date": [
          "Tue, 11 May 2021 03:32:17 GMT"
        ],
        "Content-Length": [
          "2434"
        ],
        "Content-Type": [
          "application/json"
        ]
      },
      "ResponseBody": "{\r\n  \"id\": \"/subscriptions/12053b8f-cab5-4f5c-9c1a-870580142abd/resourceGroups/rgtest9921232812/providers/Microsoft.DocumentDB/databaseAccounts/cosmosdb9921232812\",\r\n  \"name\": \"cosmosdb9921232812\",\r\n  \"location\": \"South Central US\",\r\n  \"type\": \"Microsoft.DocumentDB/databaseAccounts\",\r\n  \"kind\": \"GlobalDocumentDB\",\r\n  \"tags\": {\r\n    \"defaultExperience\": \"Core (SQL)\",\r\n    \"hidden-cosmos-mmspecial\": \"\",\r\n    \"CosmosAccountType\": \"Non-Production\"\r\n  },\r\n  \"systemData\": {\r\n    \"createdAt\": \"2020-04-09T20:26:35.0312197Z\"\r\n  },\r\n  \"properties\": {\r\n    \"provisioningState\": \"Succeeded\",\r\n    \"documentEndpoint\": \"https://cosmosdb9921232812.documents.azure.com:443/\",\r\n    \"publicNetworkAccess\": \"Enabled\",\r\n    \"enableAutomaticFailover\": false,\r\n    \"enableMultipleWriteLocations\": false,\r\n    \"enablePartitionKeyMonitor\": false,\r\n    \"isVirtualNetworkFilterEnabled\": false,\r\n    \"virtualNetworkRules\": [],\r\n    \"EnabledApiTypes\": \"Sql\",\r\n    \"disableKeyBasedMetadataWriteAccess\": false,\r\n    \"enableFreeTier\": false,\r\n    \"enableAnalyticalStorage\": false,\r\n    \"instanceId\": \"936f2e1c-47bc-4164-813a-b0b81d0274ad\",\r\n    \"createMode\": \"Default\",\r\n    \"databaseAccountOfferType\": \"Standard\",\r\n    \"enableCassandraConnector\": false,\r\n    \"connectorOffer\": \"\",\r\n    \"defaultIdentity\": \"\",\r\n    \"networkAclBypass\": \"None\",\r\n    \"consistencyPolicy\": {\r\n      \"defaultConsistencyLevel\": \"Session\",\r\n      \"maxIntervalInSeconds\": 5,\r\n      \"maxStalenessPrefix\": 100\r\n    },\r\n    \"configurationOverrides\": {},\r\n    \"writeLocations\": [\r\n      {\r\n        \"id\": \"cosmosdb9921232812-southcentralus\",\r\n        \"locationName\": \"South Central US\",\r\n        \"documentEndpoint\": \"https://cosmosdb9921232812-southcentralus.documents.azure.com:443/\",\r\n        \"provisioningState\": \"Succeeded\",\r\n        \"failoverPriority\": 0,\r\n        \"isZoneRedundant\": false\r\n      }\r\n    ],\r\n    \"readLocations\": [\r\n      {\r\n        \"id\": \"cosmosdb9921232812-southcentralus\",\r\n        \"locationName\": \"South Central US\",\r\n        \"documentEndpoint\": \"https://cosmosdb9921232812-southcentralus.documents.azure.com:443/\",\r\n        \"provisioningState\": \"Succeeded\",\r\n        \"failoverPriority\": 0,\r\n        \"isZoneRedundant\": false\r\n      }\r\n    ],\r\n    \"locations\": [\r\n      {\r\n        \"id\": \"cosmosdb9921232812-southcentralus\",\r\n        \"locationName\": \"South Central US\",\r\n        \"documentEndpoint\": \"https://cosmosdb9921232812-southcentralus.documents.azure.com:443/\",\r\n        \"provisioningState\": \"Succeeded\",\r\n        \"failoverPriority\": 0,\r\n        \"isZoneRedundant\": false\r\n      }\r\n    ],\r\n    \"failoverPolicies\": [\r\n      {\r\n        \"id\": \"cosmosdb9921232812-southcentralus\",\r\n        \"locationName\": \"South Central US\",\r\n        \"failoverPriority\": 0\r\n      }\r\n    ],\r\n    \"cors\": [],\r\n    \"capabilities\": [\r\n      {\r\n        \"name\": \"EnableStorageAnalytics\"\r\n      }\r\n    ],\r\n    \"ipRules\": [],\r\n    \"backupPolicy\": {\r\n      \"type\": \"Periodic\",\r\n      \"periodicModeProperties\": {\r\n        \"backupIntervalInMinutes\": 240,\r\n        \"backupRetentionIntervalInHours\": 8,\r\n        \"backupStorageRedundancy\": \"Geo\"\r\n      }\r\n    },\r\n    \"networkAclBypassResourceIds\": []\r\n  },\r\n  \"identity\": {\r\n    \"type\": \"None\"\r\n  }\r\n}",
      "StatusCode": 200
    },
    {
      "RequestUri": "/subscriptions/12053b8f-cab5-4f5c-9c1a-870580142abd/providers/Microsoft.DocumentDB/locations/southcentralus/operationsStatus/d6c8f26a-12c8-4885-a115-61f4b7a3ce24?api-version=2021-04-15",
      "EncodedRequestUri": "L3N1YnNjcmlwdGlvbnMvMTIwNTNiOGYtY2FiNS00ZjVjLTljMWEtODcwNTgwMTQyYWJkL3Byb3ZpZGVycy9NaWNyb3NvZnQuRG9jdW1lbnREQi9sb2NhdGlvbnMvc291dGhjZW50cmFsdXMvb3BlcmF0aW9uc1N0YXR1cy9kNmM4ZjI2YS0xMmM4LTQ4ODUtYTExNS02MWY0YjdhM2NlMjQ/YXBpLXZlcnNpb249MjAyMS0wNC0xNQ==",
      "RequestMethod": "GET",
      "RequestBody": "",
      "RequestHeaders": {
        "x-ms-client-request-id": [
          "b8478eab-e6ae-4c40-9e7a-109b5ae62846"
        ],
        "User-Agent": [
          "FxVersion/4.6.29916.01",
          "OSName/Windows",
          "OSVersion/Microsoft.Windows.10.0.19043.",
          "Microsoft.Azure.Management.CosmosDB.CosmosDBManagementClient/3.0.0.0"
        ]
      },
      "ResponseHeaders": {
        "Cache-Control": [
          "no-store, no-cache"
        ],
        "Pragma": [
          "no-cache"
        ],
        "Strict-Transport-Security": [
          "max-age=31536000; includeSubDomains"
        ],
        "x-ms-gatewayversion": [
          "version=2.11.0"
        ],
        "Server": [
          "Microsoft-HTTPAPI/2.0"
        ],
        "x-ms-ratelimit-remaining-subscription-reads": [
          "11988"
        ],
        "x-ms-request-id": [
          "4345e216-0a2d-4df2-a3b4-30b7492f9b10"
        ],
        "x-ms-correlation-request-id": [
          "4345e216-0a2d-4df2-a3b4-30b7492f9b10"
        ],
        "x-ms-routing-request-id": [
          "WESTCENTRALUS:20210511T033248Z:4345e216-0a2d-4df2-a3b4-30b7492f9b10"
        ],
        "X-Content-Type-Options": [
          "nosniff"
        ],
        "Date": [
          "Tue, 11 May 2021 03:32:47 GMT"
        ],
        "Content-Length": [
          "22"
        ],
        "Content-Type": [
          "application/json"
        ]
      },
      "ResponseBody": "{\r\n  \"status\": \"Succeeded\"\r\n}",
      "StatusCode": 200
    },
    {
      "RequestUri": "/subscriptions/12053b8f-cab5-4f5c-9c1a-870580142abd/resourceGroups/rgtest9921232812/providers/Microsoft.DocumentDB/databaseAccounts/cosmosdb9921232812/sqlDatabases/dbName3/containers/containerName?api-version=2021-04-15",
      "EncodedRequestUri": "L3N1YnNjcmlwdGlvbnMvMTIwNTNiOGYtY2FiNS00ZjVjLTljMWEtODcwNTgwMTQyYWJkL3Jlc291cmNlR3JvdXBzL3JndGVzdDk5MjEyMzI4MTIvcHJvdmlkZXJzL01pY3Jvc29mdC5Eb2N1bWVudERCL2RhdGFiYXNlQWNjb3VudHMvY29zbW9zZGI5OTIxMjMyODEyL3NxbERhdGFiYXNlcy9kYk5hbWUzL2NvbnRhaW5lcnMvY29udGFpbmVyTmFtZT9hcGktdmVyc2lvbj0yMDIxLTA0LTE1",
      "RequestMethod": "GET",
      "RequestBody": "",
      "RequestHeaders": {
        "x-ms-client-request-id": [
          "5bfc29a8-b56c-422b-9562-b4e4114e6659"
        ],
        "Accept-Language": [
          "en-US"
        ],
        "User-Agent": [
          "FxVersion/4.6.29916.01",
          "OSName/Windows",
          "OSVersion/Microsoft.Windows.10.0.19043.",
          "Microsoft.Azure.Management.CosmosDB.CosmosDBManagementClient/3.0.0.0"
        ]
      },
      "ResponseHeaders": {
        "Cache-Control": [
          "no-store, no-cache"
        ],
        "Pragma": [
          "no-cache"
        ],
        "Strict-Transport-Security": [
          "max-age=31536000; includeSubDomains"
        ],
        "x-ms-gatewayversion": [
          "version=2.11.0"
        ],
        "Server": [
          "Microsoft-HTTPAPI/2.0"
        ],
        "x-ms-ratelimit-remaining-subscription-reads": [
          "11986"
        ],
        "x-ms-request-id": [
          "446589e7-2c04-4271-ae5d-243574a78b91"
        ],
        "x-ms-correlation-request-id": [
          "446589e7-2c04-4271-ae5d-243574a78b91"
        ],
        "x-ms-routing-request-id": [
          "WESTCENTRALUS:20210511T033249Z:446589e7-2c04-4271-ae5d-243574a78b91"
        ],
        "X-Content-Type-Options": [
          "nosniff"
        ],
        "Date": [
          "Tue, 11 May 2021 03:32:48 GMT"
        ],
        "Content-Length": [
          "1809"
        ],
        "Content-Type": [
          "application/json"
        ]
      },
      "ResponseBody": "{\r\n  \"code\": \"NotFound\",\r\n  \"message\": \"Message: {\\\"code\\\":\\\"NotFound\\\",\\\"message\\\":\\\"Message: {\\\\\\\"Errors\\\\\\\":[\\\\\\\"Resource Not Found. Learn more: https:\\\\\\\\/\\\\\\\\/aka.ms\\\\\\\\/cosmosdb-tsg-not-found\\\\\\\"]}\\\\r\\\\nActivityId: 5bfc29a8-b56c-422b-9562-b4e4114e6659, Request URI: /apps/41c501ed-891d-41ee-a069-6e58fc9767b3/services/77cfc4e0-6254-4557-a083-ae8e227e15ca/partitions/dd1c6b6f-9dea-4ef2-a9c9-35aa7636d3df/replicas/132520306290366695s, RequestStats: \\\\r\\\\nRequestStartTime: 2021-05-11T03:32:49.3159759Z, RequestEndTime: 2021-05-11T03:32:49.3159759Z,  Number of regions attempted:1\\\\r\\\\nResponseTime: 2021-05-11T03:32:49.3159759Z, StoreResult: StorePhysicalAddress: rntbd://10.0.0.21:11000/apps/41c501ed-891d-41ee-a069-6e58fc9767b3/services/77cfc4e0-6254-4557-a083-ae8e227e15ca/partitions/dd1c6b6f-9dea-4ef2-a9c9-35aa7636d3df/replicas/132520306290366695s, LSN: 10394, GlobalCommittedLsn: 10394, PartitionKeyRangeId: , IsValid: True, StatusCode: 404, SubStatusCode: 0, RequestCharge: 1, ItemLSN: -1, SessionToken: -1#10394, UsingLocalLSN: False, TransportException: null, ResourceType: Collection, OperationType: Read\\\\r\\\\nResponseTime: 2021-05-11T03:32:49.3159759Z, StoreResult: StorePhysicalAddress: rntbd://10.0.0.25:11000/apps/41c501ed-891d-41ee-a069-6e58fc9767b3/services/77cfc4e0-6254-4557-a083-ae8e227e15ca/partitions/dd1c6b6f-9dea-4ef2-a9c9-35aa7636d3df/replicas/132520312329624149s, LSN: 10394, GlobalCommittedLsn: 10394, PartitionKeyRangeId: , IsValid: True, StatusCode: 404, SubStatusCode: 0, RequestCharge: 1, ItemLSN: -1, SessionToken: -1#10394, UsingLocalLSN: False, TransportException: null, ResourceType: Collection, OperationType: Read\\\\r\\\\n, SDK: Microsoft.Azure.Documents.Common/2.11.0\\\"}, Request URI: /dbs/dbName3/colls/containerName, RequestStats: , SDK: Microsoft.Azure.Documents.Common/2.11.0\"\r\n}",
      "StatusCode": 404
    },
    {
      "RequestUri": "/subscriptions/12053b8f-cab5-4f5c-9c1a-870580142abd/resourceGroups/rgtest9921232812/providers/Microsoft.DocumentDB/databaseAccounts/cosmosdb9921232812/sqlDatabases/dbName3/containers/containerName?api-version=2021-04-15",
      "EncodedRequestUri": "L3N1YnNjcmlwdGlvbnMvMTIwNTNiOGYtY2FiNS00ZjVjLTljMWEtODcwNTgwMTQyYWJkL3Jlc291cmNlR3JvdXBzL3JndGVzdDk5MjEyMzI4MTIvcHJvdmlkZXJzL01pY3Jvc29mdC5Eb2N1bWVudERCL2RhdGFiYXNlQWNjb3VudHMvY29zbW9zZGI5OTIxMjMyODEyL3NxbERhdGFiYXNlcy9kYk5hbWUzL2NvbnRhaW5lcnMvY29udGFpbmVyTmFtZT9hcGktdmVyc2lvbj0yMDIxLTA0LTE1",
      "RequestMethod": "GET",
      "RequestBody": "",
      "RequestHeaders": {
        "x-ms-client-request-id": [
          "5bfc29a8-b56c-422b-9562-b4e4114e6659"
        ],
        "User-Agent": [
          "FxVersion/4.6.29916.01",
          "OSName/Windows",
          "OSVersion/Microsoft.Windows.10.0.19043.",
          "Microsoft.Azure.Management.CosmosDB.CosmosDBManagementClient/3.0.0.0"
        ]
      },
      "ResponseHeaders": {
        "Cache-Control": [
          "no-store, no-cache"
        ],
        "Pragma": [
          "no-cache"
        ],
        "Strict-Transport-Security": [
          "max-age=31536000; includeSubDomains"
        ],
        "x-ms-gatewayversion": [
          "version=2.11.0"
        ],
        "Server": [
          "Microsoft-HTTPAPI/2.0"
        ],
        "x-ms-ratelimit-remaining-subscription-reads": [
          "11984"
        ],
        "x-ms-request-id": [
          "e2e5164e-5ee7-4a78-8342-d2f02f6b9efd"
        ],
        "x-ms-correlation-request-id": [
          "e2e5164e-5ee7-4a78-8342-d2f02f6b9efd"
        ],
        "x-ms-routing-request-id": [
          "WESTCENTRALUS:20210511T033320Z:e2e5164e-5ee7-4a78-8342-d2f02f6b9efd"
        ],
        "X-Content-Type-Options": [
          "nosniff"
        ],
        "Date": [
          "Tue, 11 May 2021 03:33:20 GMT"
        ],
        "Content-Length": [
          "1074"
        ],
        "Content-Type": [
          "application/json"
        ]
      },
      "ResponseBody": "{\r\n  \"id\": \"/subscriptions/12053b8f-cab5-4f5c-9c1a-870580142abd/resourceGroups/rgtest9921232812/providers/Microsoft.DocumentDB/databaseAccounts/cosmosdb9921232812/sqlDatabases/dbName3/containers/containerName\",\r\n  \"type\": \"Microsoft.DocumentDB/databaseAccounts/sqlDatabases/containers\",\r\n  \"name\": \"containerName\",\r\n  \"properties\": {\r\n    \"resource\": {\r\n      \"id\": \"containerName\",\r\n      \"indexingPolicy\": {\r\n        \"indexingMode\": \"consistent\",\r\n        \"automatic\": true,\r\n        \"includedPaths\": [\r\n          {\r\n            \"path\": \"/*\"\r\n          }\r\n        ],\r\n        \"excludedPaths\": [\r\n          {\r\n            \"path\": \"/\\\"_etag\\\"/?\"\r\n          }\r\n        ]\r\n      },\r\n      \"partitionKey\": {\r\n        \"paths\": [\r\n          \"/foo/bar\"\r\n        ],\r\n        \"kind\": \"Hash\"\r\n      },\r\n      \"uniqueKeyPolicy\": {\r\n        \"uniqueKeys\": []\r\n      },\r\n      \"conflictResolutionPolicy\": {\r\n        \"mode\": \"LastWriterWins\",\r\n        \"conflictResolutionPath\": \"/_ts\",\r\n        \"conflictResolutionProcedure\": \"\"\r\n      },\r\n      \"allowMaterializedViews\": false,\r\n      \"geospatialConfig\": {\r\n        \"type\": \"Geography\"\r\n      },\r\n      \"_rid\": \"PBdnANTdZ-k=\",\r\n      \"_ts\": 1620703976,\r\n      \"_self\": \"dbs/PBdnAA==/colls/PBdnANTdZ-k=/\",\r\n      \"_etag\": \"\\\"0000da05-0000-0500-0000-6099fae80000\\\"\",\r\n      \"_docs\": \"docs/\",\r\n      \"_sprocs\": \"sprocs/\",\r\n      \"_triggers\": \"triggers/\",\r\n      \"_udfs\": \"udfs/\",\r\n      \"_conflicts\": \"conflicts/\",\r\n      \"statistics\": [\r\n        {\r\n          \"id\": \"0\",\r\n          \"sizeInKB\": 0,\r\n          \"documentCount\": 0,\r\n          \"partitionKeys\": []\r\n        }\r\n      ]\r\n    }\r\n  }\r\n}",
      "StatusCode": 200
    },
    {
      "RequestUri": "/subscriptions/12053b8f-cab5-4f5c-9c1a-870580142abd/resourceGroups/rgtest9921232812/providers/Microsoft.DocumentDB/databaseAccounts/cosmosdb9921232812/sqlDatabases/dbName3/containers/containerName?api-version=2021-04-15",
      "EncodedRequestUri": "L3N1YnNjcmlwdGlvbnMvMTIwNTNiOGYtY2FiNS00ZjVjLTljMWEtODcwNTgwMTQyYWJkL3Jlc291cmNlR3JvdXBzL3JndGVzdDk5MjEyMzI4MTIvcHJvdmlkZXJzL01pY3Jvc29mdC5Eb2N1bWVudERCL2RhdGFiYXNlQWNjb3VudHMvY29zbW9zZGI5OTIxMjMyODEyL3NxbERhdGFiYXNlcy9kYk5hbWUzL2NvbnRhaW5lcnMvY29udGFpbmVyTmFtZT9hcGktdmVyc2lvbj0yMDIxLTA0LTE1",
      "RequestMethod": "PUT",
      "RequestBody": "{\r\n  \"properties\": {\r\n    \"resource\": {\r\n      \"id\": \"containerName\",\r\n      \"partitionKey\": {\r\n        \"paths\": [\r\n          \"/foo/bar\"\r\n        ],\r\n        \"kind\": \"Hash\"\r\n      }\r\n    },\r\n    \"options\": {\r\n      \"throughput\": 800\r\n    }\r\n  }\r\n}",
      "RequestHeaders": {
        "x-ms-client-request-id": [
          "5bfc29a8-b56c-422b-9562-b4e4114e6659"
        ],
        "Accept-Language": [
          "en-US"
        ],
        "User-Agent": [
          "FxVersion/4.6.29916.01",
          "OSName/Windows",
          "OSVersion/Microsoft.Windows.10.0.19043.",
          "Microsoft.Azure.Management.CosmosDB.CosmosDBManagementClient/3.0.0.0"
        ],
        "Content-Type": [
          "application/json; charset=utf-8"
        ],
        "Content-Length": [
          "247"
        ]
      },
      "ResponseHeaders": {
        "Cache-Control": [
          "no-store, no-cache"
        ],
        "Pragma": [
          "no-cache"
        ],
        "Location": [
          "https://management.azure.com/subscriptions/12053b8f-cab5-4f5c-9c1a-870580142abd/resourceGroups/rgtest9921232812/providers/Microsoft.DocumentDB/databaseAccounts/cosmosdb9921232812/sqlDatabases/dbName3/containers/containerName/operationResults/a5798d91-dce4-4920-bef7-3afb03eface7?api-version=2021-04-15"
        ],
        "Azure-AsyncOperation": [
          "https://management.azure.com/subscriptions/12053b8f-cab5-4f5c-9c1a-870580142abd/providers/Microsoft.DocumentDB/locations/southcentralus/operationsStatus/a5798d91-dce4-4920-bef7-3afb03eface7?api-version=2021-04-15"
        ],
        "x-ms-request-id": [
          "a5798d91-dce4-4920-bef7-3afb03eface7"
        ],
        "Strict-Transport-Security": [
          "max-age=31536000; includeSubDomains"
        ],
        "x-ms-gatewayversion": [
          "version=2.11.0"
        ],
        "Server": [
          "Microsoft-HTTPAPI/2.0"
        ],
        "x-ms-ratelimit-remaining-subscription-writes": [
          "1195"
        ],
        "x-ms-correlation-request-id": [
          "32ee1721-ce7c-4c01-b217-25d364ef40d2"
        ],
        "x-ms-routing-request-id": [
          "WESTCENTRALUS:20210511T033249Z:32ee1721-ce7c-4c01-b217-25d364ef40d2"
        ],
        "X-Content-Type-Options": [
          "nosniff"
        ],
        "Date": [
          "Tue, 11 May 2021 03:32:48 GMT"
        ],
        "Content-Length": [
          "21"
        ],
        "Content-Type": [
          "application/json"
        ]
      },
      "ResponseBody": "{\r\n  \"status\": \"Enqueued\"\r\n}",
      "StatusCode": 202
    },
    {
      "RequestUri": "/subscriptions/12053b8f-cab5-4f5c-9c1a-870580142abd/providers/Microsoft.DocumentDB/locations/southcentralus/operationsStatus/a5798d91-dce4-4920-bef7-3afb03eface7?api-version=2021-04-15",
      "EncodedRequestUri": "L3N1YnNjcmlwdGlvbnMvMTIwNTNiOGYtY2FiNS00ZjVjLTljMWEtODcwNTgwMTQyYWJkL3Byb3ZpZGVycy9NaWNyb3NvZnQuRG9jdW1lbnREQi9sb2NhdGlvbnMvc291dGhjZW50cmFsdXMvb3BlcmF0aW9uc1N0YXR1cy9hNTc5OGQ5MS1kY2U0LTQ5MjAtYmVmNy0zYWZiMDNlZmFjZTc/YXBpLXZlcnNpb249MjAyMS0wNC0xNQ==",
      "RequestMethod": "GET",
      "RequestBody": "",
      "RequestHeaders": {
        "x-ms-client-request-id": [
          "5bfc29a8-b56c-422b-9562-b4e4114e6659"
        ],
        "User-Agent": [
          "FxVersion/4.6.29916.01",
          "OSName/Windows",
          "OSVersion/Microsoft.Windows.10.0.19043.",
          "Microsoft.Azure.Management.CosmosDB.CosmosDBManagementClient/3.0.0.0"
        ]
      },
      "ResponseHeaders": {
        "Cache-Control": [
          "no-store, no-cache"
        ],
        "Pragma": [
          "no-cache"
        ],
        "Strict-Transport-Security": [
          "max-age=31536000; includeSubDomains"
        ],
        "x-ms-gatewayversion": [
          "version=2.11.0"
        ],
        "Server": [
          "Microsoft-HTTPAPI/2.0"
        ],
        "x-ms-ratelimit-remaining-subscription-reads": [
          "11985"
        ],
        "x-ms-request-id": [
          "42921af4-08e7-4a8b-86e8-fd1039dafe64"
        ],
        "x-ms-correlation-request-id": [
          "42921af4-08e7-4a8b-86e8-fd1039dafe64"
        ],
        "x-ms-routing-request-id": [
          "WESTCENTRALUS:20210511T033319Z:42921af4-08e7-4a8b-86e8-fd1039dafe64"
        ],
        "X-Content-Type-Options": [
          "nosniff"
        ],
        "Date": [
          "Tue, 11 May 2021 03:33:19 GMT"
        ],
        "Content-Length": [
          "22"
        ],
        "Content-Type": [
          "application/json"
        ]
      },
      "ResponseBody": "{\r\n  \"status\": \"Succeeded\"\r\n}",
      "StatusCode": 200
    },
    {
      "RequestUri": "/subscriptions/12053b8f-cab5-4f5c-9c1a-870580142abd/resourceGroups/rgtest9921232812/providers/Microsoft.DocumentDB/databaseAccounts/cosmosdb9921232812/sqlDatabases/dbName3/containers/containerName/throughputSettings/default?api-version=2021-04-15",
      "EncodedRequestUri": "L3N1YnNjcmlwdGlvbnMvMTIwNTNiOGYtY2FiNS00ZjVjLTljMWEtODcwNTgwMTQyYWJkL3Jlc291cmNlR3JvdXBzL3JndGVzdDk5MjEyMzI4MTIvcHJvdmlkZXJzL01pY3Jvc29mdC5Eb2N1bWVudERCL2RhdGFiYXNlQWNjb3VudHMvY29zbW9zZGI5OTIxMjMyODEyL3NxbERhdGFiYXNlcy9kYk5hbWUzL2NvbnRhaW5lcnMvY29udGFpbmVyTmFtZS90aHJvdWdocHV0U2V0dGluZ3MvZGVmYXVsdD9hcGktdmVyc2lvbj0yMDIxLTA0LTE1",
      "RequestMethod": "GET",
      "RequestBody": "",
      "RequestHeaders": {
        "x-ms-client-request-id": [
          "b80340a6-bc6c-4f1e-9215-eca5f18a2e91"
        ],
        "Accept-Language": [
          "en-US"
        ],
        "User-Agent": [
          "FxVersion/4.6.29916.01",
          "OSName/Windows",
          "OSVersion/Microsoft.Windows.10.0.19043.",
          "Microsoft.Azure.Management.CosmosDB.CosmosDBManagementClient/3.0.0.0"
        ]
      },
      "ResponseHeaders": {
        "Cache-Control": [
          "no-store, no-cache"
        ],
        "Pragma": [
          "no-cache"
        ],
        "Strict-Transport-Security": [
          "max-age=31536000; includeSubDomains"
        ],
        "x-ms-gatewayversion": [
          "version=2.11.0"
        ],
        "Server": [
          "Microsoft-HTTPAPI/2.0"
        ],
        "x-ms-ratelimit-remaining-subscription-reads": [
          "11983"
        ],
        "x-ms-request-id": [
          "6a8efbad-fac1-4654-b523-c61a167b4047"
        ],
        "x-ms-correlation-request-id": [
          "6a8efbad-fac1-4654-b523-c61a167b4047"
        ],
        "x-ms-routing-request-id": [
          "WESTCENTRALUS:20210511T033320Z:6a8efbad-fac1-4654-b523-c61a167b4047"
        ],
        "X-Content-Type-Options": [
          "nosniff"
        ],
        "Date": [
          "Tue, 11 May 2021 03:33:20 GMT"
        ],
        "Content-Length": [
          "407"
        ],
        "Content-Type": [
          "application/json"
        ]
      },
      "ResponseBody": "{\r\n  \"id\": \"/subscriptions/12053b8f-cab5-4f5c-9c1a-870580142abd/resourceGroups/rgtest9921232812/providers/Microsoft.DocumentDB/databaseAccounts/cosmosdb9921232812/sqlDatabases/dbName3/containers/containerName/throughputSettings/default\",\r\n  \"type\": \"Microsoft.DocumentDB/databaseAccounts/sqlDatabases/containers/throughputSettings\",\r\n  \"name\": \"bKDg\",\r\n  \"properties\": {\r\n    \"resource\": {\r\n      \"throughput\": 800,\r\n      \"minimumThroughput\": \"400\"\r\n    }\r\n  }\r\n}",
      "StatusCode": 200
    },
    {
      "RequestUri": "/subscriptions/12053b8f-cab5-4f5c-9c1a-870580142abd/resourceGroups/rgtest9921232812/providers/Microsoft.DocumentDB/databaseAccounts/cosmosdb9921232812/sqlDatabases/dbName3/containers/containerName/throughputSettings/default?api-version=2021-04-15",
      "EncodedRequestUri": "L3N1YnNjcmlwdGlvbnMvMTIwNTNiOGYtY2FiNS00ZjVjLTljMWEtODcwNTgwMTQyYWJkL3Jlc291cmNlR3JvdXBzL3JndGVzdDk5MjEyMzI4MTIvcHJvdmlkZXJzL01pY3Jvc29mdC5Eb2N1bWVudERCL2RhdGFiYXNlQWNjb3VudHMvY29zbW9zZGI5OTIxMjMyODEyL3NxbERhdGFiYXNlcy9kYk5hbWUzL2NvbnRhaW5lcnMvY29udGFpbmVyTmFtZS90aHJvdWdocHV0U2V0dGluZ3MvZGVmYXVsdD9hcGktdmVyc2lvbj0yMDIxLTA0LTE1",
      "RequestMethod": "GET",
      "RequestBody": "",
      "RequestHeaders": {
        "x-ms-client-request-id": [
          "1ec8204c-e07e-45f8-a025-63101076457c"
        ],
        "User-Agent": [
          "FxVersion/4.6.29916.01",
          "OSName/Windows",
          "OSVersion/Microsoft.Windows.10.0.19043.",
          "Microsoft.Azure.Management.CosmosDB.CosmosDBManagementClient/3.0.0.0"
        ]
      },
      "ResponseHeaders": {
        "Cache-Control": [
          "no-store, no-cache"
        ],
        "Pragma": [
          "no-cache"
        ],
        "Strict-Transport-Security": [
          "max-age=31536000; includeSubDomains"
        ],
        "x-ms-gatewayversion": [
          "version=2.11.0"
        ],
        "Server": [
          "Microsoft-HTTPAPI/2.0"
        ],
        "x-ms-ratelimit-remaining-subscription-reads": [
          "11981"
        ],
        "x-ms-request-id": [
          "b745b530-41e6-4e26-90c1-ce320692f6d9"
        ],
        "x-ms-correlation-request-id": [
          "b745b530-41e6-4e26-90c1-ce320692f6d9"
        ],
        "x-ms-routing-request-id": [
          "WESTCENTRALUS:20210511T033352Z:b745b530-41e6-4e26-90c1-ce320692f6d9"
        ],
        "X-Content-Type-Options": [
          "nosniff"
        ],
        "Date": [
          "Tue, 11 May 2021 03:33:51 GMT"
        ],
        "Content-Length": [
          "407"
        ],
        "Content-Type": [
          "application/json"
        ]
      },
      "ResponseBody": "{\r\n  \"id\": \"/subscriptions/12053b8f-cab5-4f5c-9c1a-870580142abd/resourceGroups/rgtest9921232812/providers/Microsoft.DocumentDB/databaseAccounts/cosmosdb9921232812/sqlDatabases/dbName3/containers/containerName/throughputSettings/default\",\r\n  \"type\": \"Microsoft.DocumentDB/databaseAccounts/sqlDatabases/containers/throughputSettings\",\r\n  \"name\": \"bKDg\",\r\n  \"properties\": {\r\n    \"resource\": {\r\n      \"throughput\": 700,\r\n      \"minimumThroughput\": \"400\"\r\n    }\r\n  }\r\n}",
      "StatusCode": 200
    },
    {
      "RequestUri": "/subscriptions/12053b8f-cab5-4f5c-9c1a-870580142abd/resourceGroups/rgtest9921232812/providers/Microsoft.DocumentDB/databaseAccounts/cosmosdb9921232812/sqlDatabases/dbName3/containers/containerName/throughputSettings/default?api-version=2021-04-15",
      "EncodedRequestUri": "L3N1YnNjcmlwdGlvbnMvMTIwNTNiOGYtY2FiNS00ZjVjLTljMWEtODcwNTgwMTQyYWJkL3Jlc291cmNlR3JvdXBzL3JndGVzdDk5MjEyMzI4MTIvcHJvdmlkZXJzL01pY3Jvc29mdC5Eb2N1bWVudERCL2RhdGFiYXNlQWNjb3VudHMvY29zbW9zZGI5OTIxMjMyODEyL3NxbERhdGFiYXNlcy9kYk5hbWUzL2NvbnRhaW5lcnMvY29udGFpbmVyTmFtZS90aHJvdWdocHV0U2V0dGluZ3MvZGVmYXVsdD9hcGktdmVyc2lvbj0yMDIxLTA0LTE1",
      "RequestMethod": "GET",
      "RequestBody": "",
      "RequestHeaders": {
        "x-ms-client-request-id": [
          "2bba3c2d-0506-43da-8946-4d709aa0abfd"
        ],
        "User-Agent": [
          "FxVersion/4.6.29916.01",
          "OSName/Windows",
          "OSVersion/Microsoft.Windows.10.0.19043.",
          "Microsoft.Azure.Management.CosmosDB.CosmosDBManagementClient/3.0.0.0"
        ]
      },
      "ResponseHeaders": {
        "Cache-Control": [
          "no-store, no-cache"
        ],
        "Pragma": [
          "no-cache"
        ],
        "Strict-Transport-Security": [
          "max-age=31536000; includeSubDomains"
        ],
        "x-ms-gatewayversion": [
          "version=2.11.0"
        ],
        "Server": [
          "Microsoft-HTTPAPI/2.0"
        ],
        "x-ms-ratelimit-remaining-subscription-reads": [
          "11979"
        ],
        "x-ms-request-id": [
          "d26b4a46-4d9f-48bf-a784-b077e3c93c2b"
        ],
        "x-ms-correlation-request-id": [
          "d26b4a46-4d9f-48bf-a784-b077e3c93c2b"
        ],
        "x-ms-routing-request-id": [
          "WESTCENTRALUS:20210511T033423Z:d26b4a46-4d9f-48bf-a784-b077e3c93c2b"
        ],
        "X-Content-Type-Options": [
          "nosniff"
        ],
        "Date": [
          "Tue, 11 May 2021 03:34:22 GMT"
        ],
        "Content-Length": [
          "407"
        ],
        "Content-Type": [
          "application/json"
        ]
      },
      "ResponseBody": "{\r\n  \"id\": \"/subscriptions/12053b8f-cab5-4f5c-9c1a-870580142abd/resourceGroups/rgtest9921232812/providers/Microsoft.DocumentDB/databaseAccounts/cosmosdb9921232812/sqlDatabases/dbName3/containers/containerName/throughputSettings/default\",\r\n  \"type\": \"Microsoft.DocumentDB/databaseAccounts/sqlDatabases/containers/throughputSettings\",\r\n  \"name\": \"bKDg\",\r\n  \"properties\": {\r\n    \"resource\": {\r\n      \"throughput\": 600,\r\n      \"minimumThroughput\": \"400\"\r\n    }\r\n  }\r\n}",
      "StatusCode": 200
    },
    {
      "RequestUri": "/subscriptions/12053b8f-cab5-4f5c-9c1a-870580142abd/resourceGroups/rgtest9921232812/providers/Microsoft.DocumentDB/databaseAccounts/cosmosdb9921232812/sqlDatabases/dbName3/containers/containerName/throughputSettings/default?api-version=2021-04-15",
      "EncodedRequestUri": "L3N1YnNjcmlwdGlvbnMvMTIwNTNiOGYtY2FiNS00ZjVjLTljMWEtODcwNTgwMTQyYWJkL3Jlc291cmNlR3JvdXBzL3JndGVzdDk5MjEyMzI4MTIvcHJvdmlkZXJzL01pY3Jvc29mdC5Eb2N1bWVudERCL2RhdGFiYXNlQWNjb3VudHMvY29zbW9zZGI5OTIxMjMyODEyL3NxbERhdGFiYXNlcy9kYk5hbWUzL2NvbnRhaW5lcnMvY29udGFpbmVyTmFtZS90aHJvdWdocHV0U2V0dGluZ3MvZGVmYXVsdD9hcGktdmVyc2lvbj0yMDIxLTA0LTE1",
      "RequestMethod": "GET",
      "RequestBody": "",
      "RequestHeaders": {
        "x-ms-client-request-id": [
          "00878430-6641-4b7e-b4df-5e7c35531ff7"
        ],
        "User-Agent": [
          "FxVersion/4.6.29916.01",
          "OSName/Windows",
          "OSVersion/Microsoft.Windows.10.0.19043.",
          "Microsoft.Azure.Management.CosmosDB.CosmosDBManagementClient/3.0.0.0"
        ]
      },
      "ResponseHeaders": {
        "Cache-Control": [
          "no-store, no-cache"
        ],
        "Pragma": [
          "no-cache"
        ],
        "Strict-Transport-Security": [
          "max-age=31536000; includeSubDomains"
        ],
        "x-ms-gatewayversion": [
          "version=2.11.0"
        ],
        "Server": [
          "Microsoft-HTTPAPI/2.0"
        ],
        "x-ms-ratelimit-remaining-subscription-reads": [
          "11977"
        ],
        "x-ms-request-id": [
          "f3c6dae6-2e8b-4fbd-b158-2baff1a4789e"
        ],
        "x-ms-correlation-request-id": [
          "f3c6dae6-2e8b-4fbd-b158-2baff1a4789e"
        ],
        "x-ms-routing-request-id": [
          "WESTCENTRALUS:20210511T033455Z:f3c6dae6-2e8b-4fbd-b158-2baff1a4789e"
        ],
        "X-Content-Type-Options": [
          "nosniff"
        ],
        "Date": [
          "Tue, 11 May 2021 03:34:54 GMT"
        ],
        "Content-Length": [
          "407"
        ],
        "Content-Type": [
          "application/json"
        ]
      },
      "ResponseBody": "{\r\n  \"id\": \"/subscriptions/12053b8f-cab5-4f5c-9c1a-870580142abd/resourceGroups/rgtest9921232812/providers/Microsoft.DocumentDB/databaseAccounts/cosmosdb9921232812/sqlDatabases/dbName3/containers/containerName/throughputSettings/default\",\r\n  \"type\": \"Microsoft.DocumentDB/databaseAccounts/sqlDatabases/containers/throughputSettings\",\r\n  \"name\": \"bKDg\",\r\n  \"properties\": {\r\n    \"resource\": {\r\n      \"throughput\": 500,\r\n      \"minimumThroughput\": \"400\"\r\n    }\r\n  }\r\n}",
      "StatusCode": 200
    },
    {
      "RequestUri": "/subscriptions/12053b8f-cab5-4f5c-9c1a-870580142abd/resourceGroups/rgtest9921232812/providers/Microsoft.DocumentDB/databaseAccounts/cosmosdb9921232812/sqlDatabases/dbName3/containers/containerName/throughputSettings/default?api-version=2021-04-15",
      "EncodedRequestUri": "L3N1YnNjcmlwdGlvbnMvMTIwNTNiOGYtY2FiNS00ZjVjLTljMWEtODcwNTgwMTQyYWJkL3Jlc291cmNlR3JvdXBzL3JndGVzdDk5MjEyMzI4MTIvcHJvdmlkZXJzL01pY3Jvc29mdC5Eb2N1bWVudERCL2RhdGFiYXNlQWNjb3VudHMvY29zbW9zZGI5OTIxMjMyODEyL3NxbERhdGFiYXNlcy9kYk5hbWUzL2NvbnRhaW5lcnMvY29udGFpbmVyTmFtZS90aHJvdWdocHV0U2V0dGluZ3MvZGVmYXVsdD9hcGktdmVyc2lvbj0yMDIxLTA0LTE1",
      "RequestMethod": "PUT",
      "RequestBody": "{\r\n  \"properties\": {\r\n    \"resource\": {\r\n      \"throughput\": 700\r\n    }\r\n  }\r\n}",
      "RequestHeaders": {
        "x-ms-client-request-id": [
          "1ec8204c-e07e-45f8-a025-63101076457c"
        ],
        "Accept-Language": [
          "en-US"
        ],
        "User-Agent": [
          "FxVersion/4.6.29916.01",
          "OSName/Windows",
          "OSVersion/Microsoft.Windows.10.0.19043.",
          "Microsoft.Azure.Management.CosmosDB.CosmosDBManagementClient/3.0.0.0"
        ],
        "Content-Type": [
          "application/json; charset=utf-8"
        ],
        "Content-Length": [
          "79"
        ]
      },
      "ResponseHeaders": {
        "Cache-Control": [
          "no-store, no-cache"
        ],
        "Pragma": [
          "no-cache"
        ],
        "Location": [
          "https://management.azure.com/subscriptions/12053b8f-cab5-4f5c-9c1a-870580142abd/resourceGroups/rgtest9921232812/providers/Microsoft.DocumentDB/databaseAccounts/cosmosdb9921232812/sqlDatabases/dbName3/containers/containerName/throughputSettings/default/operationResults/f212eeed-ad6d-480c-9a60-7899f70c8f75?api-version=2021-04-15"
        ],
        "Azure-AsyncOperation": [
          "https://management.azure.com/subscriptions/12053b8f-cab5-4f5c-9c1a-870580142abd/providers/Microsoft.DocumentDB/locations/southcentralus/operationsStatus/f212eeed-ad6d-480c-9a60-7899f70c8f75?api-version=2021-04-15"
        ],
        "x-ms-request-id": [
          "f212eeed-ad6d-480c-9a60-7899f70c8f75"
        ],
        "Strict-Transport-Security": [
          "max-age=31536000; includeSubDomains"
        ],
        "x-ms-gatewayversion": [
          "version=2.11.0"
        ],
        "Server": [
          "Microsoft-HTTPAPI/2.0"
        ],
        "x-ms-ratelimit-remaining-subscription-writes": [
          "1194"
        ],
        "x-ms-correlation-request-id": [
          "2d1a6a89-11a4-44c1-a9c3-2080cf1b5e12"
        ],
        "x-ms-routing-request-id": [
          "WESTCENTRALUS:20210511T033321Z:2d1a6a89-11a4-44c1-a9c3-2080cf1b5e12"
        ],
        "X-Content-Type-Options": [
          "nosniff"
        ],
        "Date": [
          "Tue, 11 May 2021 03:33:21 GMT"
        ],
        "Content-Length": [
          "21"
        ],
        "Content-Type": [
          "application/json"
        ]
      },
      "ResponseBody": "{\r\n  \"status\": \"Enqueued\"\r\n}",
      "StatusCode": 202
    },
    {
      "RequestUri": "/subscriptions/12053b8f-cab5-4f5c-9c1a-870580142abd/resourceGroups/rgtest9921232812/providers/Microsoft.DocumentDB/databaseAccounts/cosmosdb9921232812/sqlDatabases/dbName3/containers/containerName/throughputSettings/default?api-version=2021-04-15",
      "EncodedRequestUri": "L3N1YnNjcmlwdGlvbnMvMTIwNTNiOGYtY2FiNS00ZjVjLTljMWEtODcwNTgwMTQyYWJkL3Jlc291cmNlR3JvdXBzL3JndGVzdDk5MjEyMzI4MTIvcHJvdmlkZXJzL01pY3Jvc29mdC5Eb2N1bWVudERCL2RhdGFiYXNlQWNjb3VudHMvY29zbW9zZGI5OTIxMjMyODEyL3NxbERhdGFiYXNlcy9kYk5hbWUzL2NvbnRhaW5lcnMvY29udGFpbmVyTmFtZS90aHJvdWdocHV0U2V0dGluZ3MvZGVmYXVsdD9hcGktdmVyc2lvbj0yMDIxLTA0LTE1",
      "RequestMethod": "PUT",
      "RequestBody": "{\r\n  \"properties\": {\r\n    \"resource\": {\r\n      \"throughput\": 600\r\n    }\r\n  }\r\n}",
      "RequestHeaders": {
        "x-ms-client-request-id": [
          "2bba3c2d-0506-43da-8946-4d709aa0abfd"
        ],
        "Accept-Language": [
          "en-US"
        ],
        "User-Agent": [
          "FxVersion/4.6.29916.01",
          "OSName/Windows",
          "OSVersion/Microsoft.Windows.10.0.19043.",
          "Microsoft.Azure.Management.CosmosDB.CosmosDBManagementClient/3.0.0.0"
        ],
        "Content-Type": [
          "application/json; charset=utf-8"
        ],
        "Content-Length": [
          "79"
        ]
      },
      "ResponseHeaders": {
        "Cache-Control": [
          "no-store, no-cache"
        ],
        "Pragma": [
          "no-cache"
        ],
        "Location": [
          "https://management.azure.com/subscriptions/12053b8f-cab5-4f5c-9c1a-870580142abd/resourceGroups/rgtest9921232812/providers/Microsoft.DocumentDB/databaseAccounts/cosmosdb9921232812/sqlDatabases/dbName3/containers/containerName/throughputSettings/default/operationResults/27fe09eb-2ae8-4f2f-bff6-ae92c3dd94f3?api-version=2021-04-15"
        ],
        "Azure-AsyncOperation": [
          "https://management.azure.com/subscriptions/12053b8f-cab5-4f5c-9c1a-870580142abd/providers/Microsoft.DocumentDB/locations/southcentralus/operationsStatus/27fe09eb-2ae8-4f2f-bff6-ae92c3dd94f3?api-version=2021-04-15"
        ],
        "x-ms-request-id": [
          "27fe09eb-2ae8-4f2f-bff6-ae92c3dd94f3"
        ],
        "Strict-Transport-Security": [
          "max-age=31536000; includeSubDomains"
        ],
        "x-ms-gatewayversion": [
          "version=2.11.0"
        ],
        "Server": [
          "Microsoft-HTTPAPI/2.0"
        ],
        "x-ms-ratelimit-remaining-subscription-writes": [
          "1193"
        ],
        "x-ms-correlation-request-id": [
          "d9a22367-12fb-4983-8b9b-590af138ab20"
        ],
        "x-ms-routing-request-id": [
          "WESTCENTRALUS:20210511T033352Z:d9a22367-12fb-4983-8b9b-590af138ab20"
        ],
        "X-Content-Type-Options": [
          "nosniff"
        ],
        "Date": [
          "Tue, 11 May 2021 03:33:52 GMT"
        ],
        "Content-Length": [
          "21"
        ],
        "Content-Type": [
          "application/json"
        ]
      },
      "ResponseBody": "{\r\n  \"status\": \"Enqueued\"\r\n}",
      "StatusCode": 202
    },
    {
      "RequestUri": "/subscriptions/12053b8f-cab5-4f5c-9c1a-870580142abd/resourceGroups/rgtest9921232812/providers/Microsoft.DocumentDB/databaseAccounts/cosmosdb9921232812/sqlDatabases/dbName3/containers/containerName/throughputSettings/default?api-version=2021-04-15",
      "EncodedRequestUri": "L3N1YnNjcmlwdGlvbnMvMTIwNTNiOGYtY2FiNS00ZjVjLTljMWEtODcwNTgwMTQyYWJkL3Jlc291cmNlR3JvdXBzL3JndGVzdDk5MjEyMzI4MTIvcHJvdmlkZXJzL01pY3Jvc29mdC5Eb2N1bWVudERCL2RhdGFiYXNlQWNjb3VudHMvY29zbW9zZGI5OTIxMjMyODEyL3NxbERhdGFiYXNlcy9kYk5hbWUzL2NvbnRhaW5lcnMvY29udGFpbmVyTmFtZS90aHJvdWdocHV0U2V0dGluZ3MvZGVmYXVsdD9hcGktdmVyc2lvbj0yMDIxLTA0LTE1",
      "RequestMethod": "PUT",
      "RequestBody": "{\r\n  \"properties\": {\r\n    \"resource\": {\r\n      \"throughput\": 500\r\n    }\r\n  }\r\n}",
      "RequestHeaders": {
        "x-ms-client-request-id": [
          "00878430-6641-4b7e-b4df-5e7c35531ff7"
        ],
        "Accept-Language": [
          "en-US"
        ],
        "User-Agent": [
          "FxVersion/4.6.29916.01",
          "OSName/Windows",
          "OSVersion/Microsoft.Windows.10.0.19043.",
          "Microsoft.Azure.Management.CosmosDB.CosmosDBManagementClient/3.0.0.0"
        ],
        "Content-Type": [
          "application/json; charset=utf-8"
        ],
        "Content-Length": [
          "79"
        ]
      },
      "ResponseHeaders": {
        "Cache-Control": [
          "no-store, no-cache"
        ],
        "Pragma": [
          "no-cache"
        ],
        "Location": [
          "https://management.azure.com/subscriptions/12053b8f-cab5-4f5c-9c1a-870580142abd/resourceGroups/rgtest9921232812/providers/Microsoft.DocumentDB/databaseAccounts/cosmosdb9921232812/sqlDatabases/dbName3/containers/containerName/throughputSettings/default/operationResults/7635dc12-3166-47c5-90b7-396aca3dc71f?api-version=2021-04-15"
        ],
        "Azure-AsyncOperation": [
          "https://management.azure.com/subscriptions/12053b8f-cab5-4f5c-9c1a-870580142abd/providers/Microsoft.DocumentDB/locations/southcentralus/operationsStatus/7635dc12-3166-47c5-90b7-396aca3dc71f?api-version=2021-04-15"
        ],
        "x-ms-request-id": [
          "7635dc12-3166-47c5-90b7-396aca3dc71f"
        ],
        "Strict-Transport-Security": [
          "max-age=31536000; includeSubDomains"
        ],
        "x-ms-gatewayversion": [
          "version=2.11.0"
        ],
        "Server": [
          "Microsoft-HTTPAPI/2.0"
        ],
        "x-ms-ratelimit-remaining-subscription-writes": [
          "1192"
        ],
        "x-ms-correlation-request-id": [
          "1ac64a04-f242-4bbc-8964-87a4281c7115"
        ],
        "x-ms-routing-request-id": [
          "WESTCENTRALUS:20210511T033424Z:1ac64a04-f242-4bbc-8964-87a4281c7115"
        ],
        "X-Content-Type-Options": [
          "nosniff"
        ],
        "Date": [
          "Tue, 11 May 2021 03:34:23 GMT"
        ],
        "Content-Length": [
          "21"
        ],
        "Content-Type": [
          "application/json"
        ]
      },
      "ResponseBody": "{\r\n  \"status\": \"Enqueued\"\r\n}",
      "StatusCode": 202
    },
    {
      "RequestUri": "/subscriptions/12053b8f-cab5-4f5c-9c1a-870580142abd/providers/Microsoft.DocumentDB/locations/southcentralus/operationsStatus/f212eeed-ad6d-480c-9a60-7899f70c8f75?api-version=2021-04-15",
      "EncodedRequestUri": "L3N1YnNjcmlwdGlvbnMvMTIwNTNiOGYtY2FiNS00ZjVjLTljMWEtODcwNTgwMTQyYWJkL3Byb3ZpZGVycy9NaWNyb3NvZnQuRG9jdW1lbnREQi9sb2NhdGlvbnMvc291dGhjZW50cmFsdXMvb3BlcmF0aW9uc1N0YXR1cy9mMjEyZWVlZC1hZDZkLTQ4MGMtOWE2MC03ODk5ZjcwYzhmNzU/YXBpLXZlcnNpb249MjAyMS0wNC0xNQ==",
      "RequestMethod": "GET",
      "RequestBody": "",
      "RequestHeaders": {
        "x-ms-client-request-id": [
          "1ec8204c-e07e-45f8-a025-63101076457c"
        ],
        "User-Agent": [
          "FxVersion/4.6.29916.01",
          "OSName/Windows",
          "OSVersion/Microsoft.Windows.10.0.19043.",
          "Microsoft.Azure.Management.CosmosDB.CosmosDBManagementClient/3.0.0.0"
        ]
      },
      "ResponseHeaders": {
        "Cache-Control": [
          "no-store, no-cache"
        ],
        "Pragma": [
          "no-cache"
        ],
        "Strict-Transport-Security": [
          "max-age=31536000; includeSubDomains"
        ],
        "x-ms-gatewayversion": [
          "version=2.11.0"
        ],
        "Server": [
          "Microsoft-HTTPAPI/2.0"
        ],
        "x-ms-ratelimit-remaining-subscription-reads": [
          "11982"
        ],
        "x-ms-request-id": [
          "90216b9d-a815-4441-bf57-5c8a7ca9b153"
        ],
        "x-ms-correlation-request-id": [
          "90216b9d-a815-4441-bf57-5c8a7ca9b153"
        ],
        "x-ms-routing-request-id": [
          "WESTCENTRALUS:20210511T033351Z:90216b9d-a815-4441-bf57-5c8a7ca9b153"
        ],
        "X-Content-Type-Options": [
          "nosniff"
        ],
        "Date": [
          "Tue, 11 May 2021 03:33:50 GMT"
        ],
        "Content-Length": [
          "22"
        ],
        "Content-Type": [
          "application/json"
        ]
      },
      "ResponseBody": "{\r\n  \"status\": \"Succeeded\"\r\n}",
      "StatusCode": 200
    },
    {
      "RequestUri": "/subscriptions/12053b8f-cab5-4f5c-9c1a-870580142abd/providers/Microsoft.DocumentDB/locations/southcentralus/operationsStatus/27fe09eb-2ae8-4f2f-bff6-ae92c3dd94f3?api-version=2021-04-15",
      "EncodedRequestUri": "L3N1YnNjcmlwdGlvbnMvMTIwNTNiOGYtY2FiNS00ZjVjLTljMWEtODcwNTgwMTQyYWJkL3Byb3ZpZGVycy9NaWNyb3NvZnQuRG9jdW1lbnREQi9sb2NhdGlvbnMvc291dGhjZW50cmFsdXMvb3BlcmF0aW9uc1N0YXR1cy8yN2ZlMDllYi0yYWU4LTRmMmYtYmZmNi1hZTkyYzNkZDk0ZjM/YXBpLXZlcnNpb249MjAyMS0wNC0xNQ==",
      "RequestMethod": "GET",
      "RequestBody": "",
      "RequestHeaders": {
        "x-ms-client-request-id": [
          "2bba3c2d-0506-43da-8946-4d709aa0abfd"
        ],
        "User-Agent": [
          "FxVersion/4.6.29916.01",
          "OSName/Windows",
          "OSVersion/Microsoft.Windows.10.0.19043.",
          "Microsoft.Azure.Management.CosmosDB.CosmosDBManagementClient/3.0.0.0"
        ]
      },
      "ResponseHeaders": {
        "Cache-Control": [
          "no-store, no-cache"
        ],
        "Pragma": [
          "no-cache"
        ],
        "Strict-Transport-Security": [
          "max-age=31536000; includeSubDomains"
        ],
        "x-ms-gatewayversion": [
          "version=2.11.0"
        ],
        "Server": [
          "Microsoft-HTTPAPI/2.0"
        ],
        "x-ms-ratelimit-remaining-subscription-reads": [
          "11980"
        ],
        "x-ms-request-id": [
          "f067959c-a174-4945-9f8d-5feffc366e64"
        ],
        "x-ms-correlation-request-id": [
          "f067959c-a174-4945-9f8d-5feffc366e64"
        ],
        "x-ms-routing-request-id": [
          "WESTCENTRALUS:20210511T033422Z:f067959c-a174-4945-9f8d-5feffc366e64"
        ],
        "X-Content-Type-Options": [
          "nosniff"
        ],
        "Date": [
          "Tue, 11 May 2021 03:34:22 GMT"
        ],
        "Content-Length": [
          "22"
        ],
        "Content-Type": [
          "application/json"
        ]
      },
      "ResponseBody": "{\r\n  \"status\": \"Succeeded\"\r\n}",
      "StatusCode": 200
    },
    {
      "RequestUri": "/subscriptions/12053b8f-cab5-4f5c-9c1a-870580142abd/providers/Microsoft.DocumentDB/locations/southcentralus/operationsStatus/7635dc12-3166-47c5-90b7-396aca3dc71f?api-version=2021-04-15",
      "EncodedRequestUri": "L3N1YnNjcmlwdGlvbnMvMTIwNTNiOGYtY2FiNS00ZjVjLTljMWEtODcwNTgwMTQyYWJkL3Byb3ZpZGVycy9NaWNyb3NvZnQuRG9jdW1lbnREQi9sb2NhdGlvbnMvc291dGhjZW50cmFsdXMvb3BlcmF0aW9uc1N0YXR1cy83NjM1ZGMxMi0zMTY2LTQ3YzUtOTBiNy0zOTZhY2EzZGM3MWY/YXBpLXZlcnNpb249MjAyMS0wNC0xNQ==",
      "RequestMethod": "GET",
      "RequestBody": "",
      "RequestHeaders": {
        "x-ms-client-request-id": [
          "00878430-6641-4b7e-b4df-5e7c35531ff7"
        ],
        "User-Agent": [
          "FxVersion/4.6.29916.01",
          "OSName/Windows",
          "OSVersion/Microsoft.Windows.10.0.19043.",
          "Microsoft.Azure.Management.CosmosDB.CosmosDBManagementClient/3.0.0.0"
        ]
      },
      "ResponseHeaders": {
        "Cache-Control": [
          "no-store, no-cache"
        ],
        "Pragma": [
          "no-cache"
        ],
        "Strict-Transport-Security": [
          "max-age=31536000; includeSubDomains"
        ],
        "x-ms-gatewayversion": [
          "version=2.11.0"
        ],
        "Server": [
          "Microsoft-HTTPAPI/2.0"
        ],
        "x-ms-ratelimit-remaining-subscription-reads": [
          "11978"
        ],
        "x-ms-request-id": [
          "76078732-57da-4116-87d9-5568566bed80"
        ],
        "x-ms-correlation-request-id": [
          "76078732-57da-4116-87d9-5568566bed80"
        ],
        "x-ms-routing-request-id": [
          "WESTCENTRALUS:20210511T033454Z:76078732-57da-4116-87d9-5568566bed80"
        ],
        "X-Content-Type-Options": [
          "nosniff"
        ],
        "Date": [
          "Tue, 11 May 2021 03:34:54 GMT"
        ],
        "Content-Length": [
          "22"
        ],
        "Content-Type": [
          "application/json"
        ]
      },
      "ResponseBody": "{\r\n  \"status\": \"Succeeded\"\r\n}",
      "StatusCode": 200
    },
    {
      "RequestUri": "/subscriptions/12053b8f-cab5-4f5c-9c1a-870580142abd/resourceGroups/rgtest9921232812/providers/Microsoft.DocumentDB/databaseAccounts/cosmosdb9921232812/sqlDatabases/dbName4?api-version=2021-04-15",
      "EncodedRequestUri": "L3N1YnNjcmlwdGlvbnMvMTIwNTNiOGYtY2FiNS00ZjVjLTljMWEtODcwNTgwMTQyYWJkL3Jlc291cmNlR3JvdXBzL3JndGVzdDk5MjEyMzI4MTIvcHJvdmlkZXJzL01pY3Jvc29mdC5Eb2N1bWVudERCL2RhdGFiYXNlQWNjb3VudHMvY29zbW9zZGI5OTIxMjMyODEyL3NxbERhdGFiYXNlcy9kYk5hbWU0P2FwaS12ZXJzaW9uPTIwMjEtMDQtMTU=",
      "RequestMethod": "GET",
      "RequestBody": "",
      "RequestHeaders": {
        "x-ms-client-request-id": [
          "cfd81ec0-33c0-4c43-9507-4ef8db278ba7"
        ],
        "Accept-Language": [
          "en-US"
        ],
        "User-Agent": [
          "FxVersion/4.6.29916.01",
          "OSName/Windows",
          "OSVersion/Microsoft.Windows.10.0.19043.",
          "Microsoft.Azure.Management.CosmosDB.CosmosDBManagementClient/3.0.0.0"
        ]
      },
      "ResponseHeaders": {
        "Cache-Control": [
          "no-store, no-cache"
        ],
        "Pragma": [
          "no-cache"
        ],
        "Strict-Transport-Security": [
          "max-age=31536000; includeSubDomains"
        ],
        "x-ms-gatewayversion": [
          "version=2.11.0"
        ],
        "Server": [
          "Microsoft-HTTPAPI/2.0"
        ],
        "x-ms-ratelimit-remaining-subscription-reads": [
          "11976"
        ],
        "x-ms-request-id": [
          "f0706a0a-fcc7-4778-954b-478dd2de5048"
        ],
        "x-ms-correlation-request-id": [
          "f0706a0a-fcc7-4778-954b-478dd2de5048"
        ],
        "x-ms-routing-request-id": [
          "WESTCENTRALUS:20210511T033455Z:f0706a0a-fcc7-4778-954b-478dd2de5048"
        ],
        "X-Content-Type-Options": [
          "nosniff"
        ],
        "Date": [
          "Tue, 11 May 2021 03:34:55 GMT"
        ],
        "Content-Length": [
          "1785"
        ],
        "Content-Type": [
          "application/json"
        ]
      },
      "ResponseBody": "{\r\n  \"code\": \"NotFound\",\r\n  \"message\": \"Message: {\\\"code\\\":\\\"NotFound\\\",\\\"message\\\":\\\"Message: {\\\\\\\"Errors\\\\\\\":[\\\\\\\"Resource Not Found. Learn more: https:\\\\\\\\/\\\\\\\\/aka.ms\\\\\\\\/cosmosdb-tsg-not-found\\\\\\\"]}\\\\r\\\\nActivityId: cfd81ec0-33c0-4c43-9507-4ef8db278ba7, Request URI: /apps/41c501ed-891d-41ee-a069-6e58fc9767b3/services/77cfc4e0-6254-4557-a083-ae8e227e15ca/partitions/dd1c6b6f-9dea-4ef2-a9c9-35aa7636d3df/replicas/132520312329624149s, RequestStats: \\\\r\\\\nRequestStartTime: 2021-05-11T03:34:55.1616446Z, RequestEndTime: 2021-05-11T03:34:55.1616446Z,  Number of regions attempted:1\\\\r\\\\nResponseTime: 2021-05-11T03:34:55.1616446Z, StoreResult: StorePhysicalAddress: rntbd://10.0.0.25:11000/apps/41c501ed-891d-41ee-a069-6e58fc9767b3/services/77cfc4e0-6254-4557-a083-ae8e227e15ca/partitions/dd1c6b6f-9dea-4ef2-a9c9-35aa7636d3df/replicas/132520312329624149s, LSN: 10398, GlobalCommittedLsn: 10398, PartitionKeyRangeId: , IsValid: True, StatusCode: 404, SubStatusCode: 0, RequestCharge: 1, ItemLSN: -1, SessionToken: -1#10398, UsingLocalLSN: False, TransportException: null, ResourceType: Database, OperationType: Read\\\\r\\\\nResponseTime: 2021-05-11T03:34:55.1616446Z, StoreResult: StorePhysicalAddress: rntbd://10.0.0.23:11300/apps/41c501ed-891d-41ee-a069-6e58fc9767b3/services/77cfc4e0-6254-4557-a083-ae8e227e15ca/partitions/dd1c6b6f-9dea-4ef2-a9c9-35aa7636d3df/replicas/132520079842261460s, LSN: 10398, GlobalCommittedLsn: 10398, PartitionKeyRangeId: , IsValid: True, StatusCode: 404, SubStatusCode: 0, RequestCharge: 1, ItemLSN: -1, SessionToken: -1#10398, UsingLocalLSN: False, TransportException: null, ResourceType: Database, OperationType: Read\\\\r\\\\n, SDK: Microsoft.Azure.Documents.Common/2.11.0\\\"}, Request URI: /dbs/dbName4, RequestStats: , SDK: Microsoft.Azure.Documents.Common/2.11.0\"\r\n}",
      "StatusCode": 404
    },
    {
      "RequestUri": "/subscriptions/12053b8f-cab5-4f5c-9c1a-870580142abd/resourceGroups/rgtest9921232812/providers/Microsoft.DocumentDB/databaseAccounts/cosmosdb9921232812/sqlDatabases/dbName4?api-version=2021-04-15",
      "EncodedRequestUri": "L3N1YnNjcmlwdGlvbnMvMTIwNTNiOGYtY2FiNS00ZjVjLTljMWEtODcwNTgwMTQyYWJkL3Jlc291cmNlR3JvdXBzL3JndGVzdDk5MjEyMzI4MTIvcHJvdmlkZXJzL01pY3Jvc29mdC5Eb2N1bWVudERCL2RhdGFiYXNlQWNjb3VudHMvY29zbW9zZGI5OTIxMjMyODEyL3NxbERhdGFiYXNlcy9kYk5hbWU0P2FwaS12ZXJzaW9uPTIwMjEtMDQtMTU=",
      "RequestMethod": "GET",
      "RequestBody": "",
      "RequestHeaders": {
        "x-ms-client-request-id": [
          "cfd81ec0-33c0-4c43-9507-4ef8db278ba7"
        ],
        "User-Agent": [
          "FxVersion/4.6.29916.01",
          "OSName/Windows",
          "OSVersion/Microsoft.Windows.10.0.19043.",
          "Microsoft.Azure.Management.CosmosDB.CosmosDBManagementClient/3.0.0.0"
        ]
      },
      "ResponseHeaders": {
        "Cache-Control": [
          "no-store, no-cache"
        ],
        "Pragma": [
          "no-cache"
        ],
        "Strict-Transport-Security": [
          "max-age=31536000; includeSubDomains"
        ],
        "x-ms-gatewayversion": [
          "version=2.11.0"
        ],
        "Server": [
          "Microsoft-HTTPAPI/2.0"
        ],
        "x-ms-ratelimit-remaining-subscription-reads": [
          "11974"
        ],
        "x-ms-request-id": [
          "6b79a568-6eed-4c25-ae5b-9f0c78b4e6c2"
        ],
        "x-ms-correlation-request-id": [
          "6b79a568-6eed-4c25-ae5b-9f0c78b4e6c2"
        ],
        "x-ms-routing-request-id": [
          "WESTCENTRALUS:20210511T033526Z:6b79a568-6eed-4c25-ae5b-9f0c78b4e6c2"
        ],
        "X-Content-Type-Options": [
          "nosniff"
        ],
        "Date": [
          "Tue, 11 May 2021 03:35:25 GMT"
        ],
        "Content-Length": [
          "446"
        ],
        "Content-Type": [
          "application/json"
        ]
      },
      "ResponseBody": "{\r\n  \"id\": \"/subscriptions/12053b8f-cab5-4f5c-9c1a-870580142abd/resourceGroups/rgtest9921232812/providers/Microsoft.DocumentDB/databaseAccounts/cosmosdb9921232812/sqlDatabases/dbName4\",\r\n  \"type\": \"Microsoft.DocumentDB/databaseAccounts/sqlDatabases\",\r\n  \"name\": \"dbName4\",\r\n  \"properties\": {\r\n    \"resource\": {\r\n      \"id\": \"dbName4\",\r\n      \"_rid\": \"6CsUAA==\",\r\n      \"_self\": \"dbs/6CsUAA==/\",\r\n      \"_etag\": \"\\\"0000e205-0000-0500-0000-6099fb650000\\\"\",\r\n      \"_colls\": \"colls/\",\r\n      \"_users\": \"users/\",\r\n      \"_ts\": 1620704101\r\n    }\r\n  }\r\n}",
      "StatusCode": 200
    },
    {
      "RequestUri": "/subscriptions/12053b8f-cab5-4f5c-9c1a-870580142abd/resourceGroups/rgtest9921232812/providers/Microsoft.DocumentDB/databaseAccounts/cosmosdb9921232812/sqlDatabases/dbName4?api-version=2021-04-15",
      "EncodedRequestUri": "L3N1YnNjcmlwdGlvbnMvMTIwNTNiOGYtY2FiNS00ZjVjLTljMWEtODcwNTgwMTQyYWJkL3Jlc291cmNlR3JvdXBzL3JndGVzdDk5MjEyMzI4MTIvcHJvdmlkZXJzL01pY3Jvc29mdC5Eb2N1bWVudERCL2RhdGFiYXNlQWNjb3VudHMvY29zbW9zZGI5OTIxMjMyODEyL3NxbERhdGFiYXNlcy9kYk5hbWU0P2FwaS12ZXJzaW9uPTIwMjEtMDQtMTU=",
      "RequestMethod": "PUT",
      "RequestBody": "{\r\n  \"properties\": {\r\n    \"resource\": {\r\n      \"id\": \"dbName4\"\r\n    },\r\n    \"options\": {\r\n      \"autoscaleSettings\": {\r\n        \"maxThroughput\": 8000\r\n      }\r\n    }\r\n  }\r\n}",
      "RequestHeaders": {
        "x-ms-client-request-id": [
          "cfd81ec0-33c0-4c43-9507-4ef8db278ba7"
        ],
        "Accept-Language": [
          "en-US"
        ],
        "User-Agent": [
          "FxVersion/4.6.29916.01",
          "OSName/Windows",
          "OSVersion/Microsoft.Windows.10.0.19043.",
          "Microsoft.Azure.Management.CosmosDB.CosmosDBManagementClient/3.0.0.0"
        ],
        "Content-Type": [
          "application/json; charset=utf-8"
        ],
        "Content-Length": [
          "173"
        ]
      },
      "ResponseHeaders": {
        "Cache-Control": [
          "no-store, no-cache"
        ],
        "Pragma": [
          "no-cache"
        ],
        "Location": [
          "https://management.azure.com/subscriptions/12053b8f-cab5-4f5c-9c1a-870580142abd/resourceGroups/rgtest9921232812/providers/Microsoft.DocumentDB/databaseAccounts/cosmosdb9921232812/sqlDatabases/dbName4/operationResults/223ad30f-9791-4f2c-a2dc-eb1d8d45afd8?api-version=2021-04-15"
        ],
        "Azure-AsyncOperation": [
          "https://management.azure.com/subscriptions/12053b8f-cab5-4f5c-9c1a-870580142abd/providers/Microsoft.DocumentDB/locations/southcentralus/operationsStatus/223ad30f-9791-4f2c-a2dc-eb1d8d45afd8?api-version=2021-04-15"
        ],
        "x-ms-request-id": [
          "223ad30f-9791-4f2c-a2dc-eb1d8d45afd8"
        ],
        "Strict-Transport-Security": [
          "max-age=31536000; includeSubDomains"
        ],
        "x-ms-gatewayversion": [
          "version=2.11.0"
        ],
        "Server": [
          "Microsoft-HTTPAPI/2.0"
        ],
        "x-ms-ratelimit-remaining-subscription-writes": [
          "1191"
        ],
        "x-ms-correlation-request-id": [
          "d8096b7b-4292-4fb5-9439-c75a1f90ffea"
        ],
        "x-ms-routing-request-id": [
          "WESTCENTRALUS:20210511T033455Z:d8096b7b-4292-4fb5-9439-c75a1f90ffea"
        ],
        "X-Content-Type-Options": [
          "nosniff"
        ],
        "Date": [
          "Tue, 11 May 2021 03:34:55 GMT"
        ],
        "Content-Length": [
          "21"
        ],
        "Content-Type": [
          "application/json"
        ]
      },
      "ResponseBody": "{\r\n  \"status\": \"Enqueued\"\r\n}",
      "StatusCode": 202
    },
    {
      "RequestUri": "/subscriptions/12053b8f-cab5-4f5c-9c1a-870580142abd/providers/Microsoft.DocumentDB/locations/southcentralus/operationsStatus/223ad30f-9791-4f2c-a2dc-eb1d8d45afd8?api-version=2021-04-15",
      "EncodedRequestUri": "L3N1YnNjcmlwdGlvbnMvMTIwNTNiOGYtY2FiNS00ZjVjLTljMWEtODcwNTgwMTQyYWJkL3Byb3ZpZGVycy9NaWNyb3NvZnQuRG9jdW1lbnREQi9sb2NhdGlvbnMvc291dGhjZW50cmFsdXMvb3BlcmF0aW9uc1N0YXR1cy8yMjNhZDMwZi05NzkxLTRmMmMtYTJkYy1lYjFkOGQ0NWFmZDg/YXBpLXZlcnNpb249MjAyMS0wNC0xNQ==",
      "RequestMethod": "GET",
      "RequestBody": "",
      "RequestHeaders": {
        "x-ms-client-request-id": [
          "cfd81ec0-33c0-4c43-9507-4ef8db278ba7"
        ],
        "User-Agent": [
          "FxVersion/4.6.29916.01",
          "OSName/Windows",
          "OSVersion/Microsoft.Windows.10.0.19043.",
          "Microsoft.Azure.Management.CosmosDB.CosmosDBManagementClient/3.0.0.0"
        ]
      },
      "ResponseHeaders": {
        "Cache-Control": [
          "no-store, no-cache"
        ],
        "Pragma": [
          "no-cache"
        ],
        "Strict-Transport-Security": [
          "max-age=31536000; includeSubDomains"
        ],
        "x-ms-gatewayversion": [
          "version=2.11.0"
        ],
        "Server": [
          "Microsoft-HTTPAPI/2.0"
        ],
        "x-ms-ratelimit-remaining-subscription-reads": [
          "11975"
        ],
        "x-ms-request-id": [
          "22bc7c1d-e212-46f0-ab36-5bf3013cd6e0"
        ],
        "x-ms-correlation-request-id": [
          "22bc7c1d-e212-46f0-ab36-5bf3013cd6e0"
        ],
        "x-ms-routing-request-id": [
          "WESTCENTRALUS:20210511T033525Z:22bc7c1d-e212-46f0-ab36-5bf3013cd6e0"
        ],
        "X-Content-Type-Options": [
          "nosniff"
        ],
        "Date": [
          "Tue, 11 May 2021 03:35:25 GMT"
        ],
        "Content-Length": [
          "22"
        ],
        "Content-Type": [
          "application/json"
        ]
      },
      "ResponseBody": "{\r\n  \"status\": \"Succeeded\"\r\n}",
      "StatusCode": 200
    },
    {
      "RequestUri": "/subscriptions/12053b8f-cab5-4f5c-9c1a-870580142abd/resourceGroups/rgtest9921232812/providers/Microsoft.DocumentDB/databaseAccounts/cosmosdb9921232812/sqlDatabases/dbName4/throughputSettings/default?api-version=2021-04-15",
      "EncodedRequestUri": "L3N1YnNjcmlwdGlvbnMvMTIwNTNiOGYtY2FiNS00ZjVjLTljMWEtODcwNTgwMTQyYWJkL3Jlc291cmNlR3JvdXBzL3JndGVzdDk5MjEyMzI4MTIvcHJvdmlkZXJzL01pY3Jvc29mdC5Eb2N1bWVudERCL2RhdGFiYXNlQWNjb3VudHMvY29zbW9zZGI5OTIxMjMyODEyL3NxbERhdGFiYXNlcy9kYk5hbWU0L3Rocm91Z2hwdXRTZXR0aW5ncy9kZWZhdWx0P2FwaS12ZXJzaW9uPTIwMjEtMDQtMTU=",
      "RequestMethod": "GET",
      "RequestBody": "",
      "RequestHeaders": {
        "x-ms-client-request-id": [
          "2923b631-b8c3-46c3-9398-a5de8ee76f3d"
        ],
        "Accept-Language": [
          "en-US"
        ],
        "User-Agent": [
          "FxVersion/4.6.29916.01",
          "OSName/Windows",
          "OSVersion/Microsoft.Windows.10.0.19043.",
          "Microsoft.Azure.Management.CosmosDB.CosmosDBManagementClient/3.0.0.0"
        ]
      },
      "ResponseHeaders": {
        "Cache-Control": [
          "no-store, no-cache"
        ],
        "Pragma": [
          "no-cache"
        ],
        "Strict-Transport-Security": [
          "max-age=31536000; includeSubDomains"
        ],
        "x-ms-gatewayversion": [
          "version=2.11.0"
        ],
        "Server": [
          "Microsoft-HTTPAPI/2.0"
        ],
        "x-ms-ratelimit-remaining-subscription-reads": [
          "11973"
        ],
        "x-ms-request-id": [
          "32c9746a-c0d1-4b42-8def-652b89dcc2a7"
        ],
        "x-ms-correlation-request-id": [
          "32c9746a-c0d1-4b42-8def-652b89dcc2a7"
        ],
        "x-ms-routing-request-id": [
          "WESTCENTRALUS:20210511T033526Z:32c9746a-c0d1-4b42-8def-652b89dcc2a7"
        ],
        "X-Content-Type-Options": [
          "nosniff"
        ],
        "Date": [
          "Tue, 11 May 2021 03:35:26 GMT"
        ],
        "Content-Length": [
          "415"
        ],
        "Content-Type": [
          "application/json"
        ]
      },
      "ResponseBody": "{\r\n  \"id\": \"/subscriptions/12053b8f-cab5-4f5c-9c1a-870580142abd/resourceGroups/rgtest9921232812/providers/Microsoft.DocumentDB/databaseAccounts/cosmosdb9921232812/sqlDatabases/dbName4/throughputSettings/default\",\r\n  \"type\": \"Microsoft.DocumentDB/databaseAccounts/sqlDatabases/throughputSettings\",\r\n  \"name\": \"mj8E\",\r\n  \"properties\": {\r\n    \"resource\": {\r\n      \"throughput\": 800,\r\n      \"autoscaleSettings\": {\r\n        \"maxThroughput\": 8000\r\n      },\r\n      \"minimumThroughput\": \"4000\"\r\n    }\r\n  }\r\n}",
      "StatusCode": 200
    },
    {
      "RequestUri": "/subscriptions/12053b8f-cab5-4f5c-9c1a-870580142abd/resourceGroups/rgtest9921232812/providers/Microsoft.DocumentDB/databaseAccounts/cosmosdb9921232812/sqlDatabases/dbName4/containers/containerName3?api-version=2021-04-15",
      "EncodedRequestUri": "L3N1YnNjcmlwdGlvbnMvMTIwNTNiOGYtY2FiNS00ZjVjLTljMWEtODcwNTgwMTQyYWJkL3Jlc291cmNlR3JvdXBzL3JndGVzdDk5MjEyMzI4MTIvcHJvdmlkZXJzL01pY3Jvc29mdC5Eb2N1bWVudERCL2RhdGFiYXNlQWNjb3VudHMvY29zbW9zZGI5OTIxMjMyODEyL3NxbERhdGFiYXNlcy9kYk5hbWU0L2NvbnRhaW5lcnMvY29udGFpbmVyTmFtZTM/YXBpLXZlcnNpb249MjAyMS0wNC0xNQ==",
      "RequestMethod": "GET",
      "RequestBody": "",
      "RequestHeaders": {
        "x-ms-client-request-id": [
          "4b1b666c-6825-431b-8c03-942a9687a5f3"
        ],
        "Accept-Language": [
          "en-US"
        ],
        "User-Agent": [
          "FxVersion/4.6.29916.01",
          "OSName/Windows",
          "OSVersion/Microsoft.Windows.10.0.19043.",
          "Microsoft.Azure.Management.CosmosDB.CosmosDBManagementClient/3.0.0.0"
        ]
      },
      "ResponseHeaders": {
        "Cache-Control": [
          "no-store, no-cache"
        ],
        "Pragma": [
          "no-cache"
        ],
        "Strict-Transport-Security": [
          "max-age=31536000; includeSubDomains"
        ],
        "x-ms-gatewayversion": [
          "version=2.11.0"
        ],
        "Server": [
          "Microsoft-HTTPAPI/2.0"
        ],
        "x-ms-ratelimit-remaining-subscription-reads": [
          "11972"
        ],
        "x-ms-request-id": [
          "ea63ecdb-0982-4d01-9ef0-ae231aaad26b"
        ],
        "x-ms-correlation-request-id": [
          "ea63ecdb-0982-4d01-9ef0-ae231aaad26b"
        ],
        "x-ms-routing-request-id": [
          "WESTCENTRALUS:20210511T033526Z:ea63ecdb-0982-4d01-9ef0-ae231aaad26b"
        ],
        "X-Content-Type-Options": [
          "nosniff"
        ],
        "Date": [
          "Tue, 11 May 2021 03:35:26 GMT"
        ],
        "Content-Length": [
          "1810"
        ],
        "Content-Type": [
          "application/json"
        ]
      },
      "ResponseBody": "{\r\n  \"code\": \"NotFound\",\r\n  \"message\": \"Message: {\\\"code\\\":\\\"NotFound\\\",\\\"message\\\":\\\"Message: {\\\\\\\"Errors\\\\\\\":[\\\\\\\"Resource Not Found. Learn more: https:\\\\\\\\/\\\\\\\\/aka.ms\\\\\\\\/cosmosdb-tsg-not-found\\\\\\\"]}\\\\r\\\\nActivityId: 4b1b666c-6825-431b-8c03-942a9687a5f3, Request URI: /apps/41c501ed-891d-41ee-a069-6e58fc9767b3/services/77cfc4e0-6254-4557-a083-ae8e227e15ca/partitions/dd1c6b6f-9dea-4ef2-a9c9-35aa7636d3df/replicas/132520079842261460s, RequestStats: \\\\r\\\\nRequestStartTime: 2021-05-11T03:35:26.7330560Z, RequestEndTime: 2021-05-11T03:35:26.7330560Z,  Number of regions attempted:1\\\\r\\\\nResponseTime: 2021-05-11T03:35:26.7330560Z, StoreResult: StorePhysicalAddress: rntbd://10.0.0.23:11300/apps/41c501ed-891d-41ee-a069-6e58fc9767b3/services/77cfc4e0-6254-4557-a083-ae8e227e15ca/partitions/dd1c6b6f-9dea-4ef2-a9c9-35aa7636d3df/replicas/132520079842261460s, LSN: 10399, GlobalCommittedLsn: 10399, PartitionKeyRangeId: , IsValid: True, StatusCode: 404, SubStatusCode: 0, RequestCharge: 1, ItemLSN: -1, SessionToken: -1#10399, UsingLocalLSN: False, TransportException: null, ResourceType: Collection, OperationType: Read\\\\r\\\\nResponseTime: 2021-05-11T03:35:26.7330560Z, StoreResult: StorePhysicalAddress: rntbd://10.0.0.21:11000/apps/41c501ed-891d-41ee-a069-6e58fc9767b3/services/77cfc4e0-6254-4557-a083-ae8e227e15ca/partitions/dd1c6b6f-9dea-4ef2-a9c9-35aa7636d3df/replicas/132520306290366695s, LSN: 10399, GlobalCommittedLsn: 10399, PartitionKeyRangeId: , IsValid: True, StatusCode: 404, SubStatusCode: 0, RequestCharge: 1, ItemLSN: -1, SessionToken: -1#10399, UsingLocalLSN: False, TransportException: null, ResourceType: Collection, OperationType: Read\\\\r\\\\n, SDK: Microsoft.Azure.Documents.Common/2.11.0\\\"}, Request URI: /dbs/dbName4/colls/containerName3, RequestStats: , SDK: Microsoft.Azure.Documents.Common/2.11.0\"\r\n}",
      "StatusCode": 404
    },
    {
      "RequestUri": "/subscriptions/12053b8f-cab5-4f5c-9c1a-870580142abd/resourceGroups/rgtest9921232812/providers/Microsoft.DocumentDB/databaseAccounts/cosmosdb9921232812/sqlDatabases/dbName4/containers/containerName3?api-version=2021-04-15",
      "EncodedRequestUri": "L3N1YnNjcmlwdGlvbnMvMTIwNTNiOGYtY2FiNS00ZjVjLTljMWEtODcwNTgwMTQyYWJkL3Jlc291cmNlR3JvdXBzL3JndGVzdDk5MjEyMzI4MTIvcHJvdmlkZXJzL01pY3Jvc29mdC5Eb2N1bWVudERCL2RhdGFiYXNlQWNjb3VudHMvY29zbW9zZGI5OTIxMjMyODEyL3NxbERhdGFiYXNlcy9kYk5hbWU0L2NvbnRhaW5lcnMvY29udGFpbmVyTmFtZTM/YXBpLXZlcnNpb249MjAyMS0wNC0xNQ==",
      "RequestMethod": "GET",
      "RequestBody": "",
      "RequestHeaders": {
        "x-ms-client-request-id": [
          "4b1b666c-6825-431b-8c03-942a9687a5f3"
        ],
        "User-Agent": [
          "FxVersion/4.6.29916.01",
          "OSName/Windows",
          "OSVersion/Microsoft.Windows.10.0.19043.",
          "Microsoft.Azure.Management.CosmosDB.CosmosDBManagementClient/3.0.0.0"
        ]
      },
      "ResponseHeaders": {
        "Cache-Control": [
          "no-store, no-cache"
        ],
        "Pragma": [
          "no-cache"
        ],
        "Strict-Transport-Security": [
          "max-age=31536000; includeSubDomains"
        ],
        "x-ms-gatewayversion": [
          "version=2.11.0"
        ],
        "Server": [
          "Microsoft-HTTPAPI/2.0"
        ],
        "x-ms-ratelimit-remaining-subscription-reads": [
          "11970"
        ],
        "x-ms-request-id": [
          "a08071e1-a5b7-4443-a455-f71555477714"
        ],
        "x-ms-correlation-request-id": [
          "a08071e1-a5b7-4443-a455-f71555477714"
        ],
        "x-ms-routing-request-id": [
          "WESTCENTRALUS:20210511T033557Z:a08071e1-a5b7-4443-a455-f71555477714"
        ],
        "X-Content-Type-Options": [
          "nosniff"
        ],
        "Date": [
          "Tue, 11 May 2021 03:35:57 GMT"
        ],
        "Content-Length": [
          "1077"
        ],
        "Content-Type": [
          "application/json"
        ]
      },
      "ResponseBody": "{\r\n  \"id\": \"/subscriptions/12053b8f-cab5-4f5c-9c1a-870580142abd/resourceGroups/rgtest9921232812/providers/Microsoft.DocumentDB/databaseAccounts/cosmosdb9921232812/sqlDatabases/dbName4/containers/containerName3\",\r\n  \"type\": \"Microsoft.DocumentDB/databaseAccounts/sqlDatabases/containers\",\r\n  \"name\": \"containerName3\",\r\n  \"properties\": {\r\n    \"resource\": {\r\n      \"id\": \"containerName3\",\r\n      \"indexingPolicy\": {\r\n        \"indexingMode\": \"consistent\",\r\n        \"automatic\": true,\r\n        \"includedPaths\": [\r\n          {\r\n            \"path\": \"/*\"\r\n          }\r\n        ],\r\n        \"excludedPaths\": [\r\n          {\r\n            \"path\": \"/\\\"_etag\\\"/?\"\r\n          }\r\n        ]\r\n      },\r\n      \"partitionKey\": {\r\n        \"paths\": [\r\n          \"/foo/bar\"\r\n        ],\r\n        \"kind\": \"Hash\"\r\n      },\r\n      \"uniqueKeyPolicy\": {\r\n        \"uniqueKeys\": []\r\n      },\r\n      \"conflictResolutionPolicy\": {\r\n        \"mode\": \"LastWriterWins\",\r\n        \"conflictResolutionPath\": \"/_ts\",\r\n        \"conflictResolutionProcedure\": \"\"\r\n      },\r\n      \"allowMaterializedViews\": false,\r\n      \"geospatialConfig\": {\r\n        \"type\": \"Geography\"\r\n      },\r\n      \"_rid\": \"6CsUAOLIx3A=\",\r\n      \"_ts\": 1620704133,\r\n      \"_self\": \"dbs/6CsUAA==/colls/6CsUAOLIx3A=/\",\r\n      \"_etag\": \"\\\"0000e605-0000-0500-0000-6099fb850000\\\"\",\r\n      \"_docs\": \"docs/\",\r\n      \"_sprocs\": \"sprocs/\",\r\n      \"_triggers\": \"triggers/\",\r\n      \"_udfs\": \"udfs/\",\r\n      \"_conflicts\": \"conflicts/\",\r\n      \"statistics\": [\r\n        {\r\n          \"id\": \"0\",\r\n          \"sizeInKB\": 0,\r\n          \"documentCount\": 0,\r\n          \"partitionKeys\": []\r\n        }\r\n      ]\r\n    }\r\n  }\r\n}",
      "StatusCode": 200
    },
    {
      "RequestUri": "/subscriptions/12053b8f-cab5-4f5c-9c1a-870580142abd/resourceGroups/rgtest9921232812/providers/Microsoft.DocumentDB/databaseAccounts/cosmosdb9921232812/sqlDatabases/dbName4/containers/containerName3?api-version=2021-04-15",
      "EncodedRequestUri": "L3N1YnNjcmlwdGlvbnMvMTIwNTNiOGYtY2FiNS00ZjVjLTljMWEtODcwNTgwMTQyYWJkL3Jlc291cmNlR3JvdXBzL3JndGVzdDk5MjEyMzI4MTIvcHJvdmlkZXJzL01pY3Jvc29mdC5Eb2N1bWVudERCL2RhdGFiYXNlQWNjb3VudHMvY29zbW9zZGI5OTIxMjMyODEyL3NxbERhdGFiYXNlcy9kYk5hbWU0L2NvbnRhaW5lcnMvY29udGFpbmVyTmFtZTM/YXBpLXZlcnNpb249MjAyMS0wNC0xNQ==",
      "RequestMethod": "PUT",
      "RequestBody": "{\r\n  \"properties\": {\r\n    \"resource\": {\r\n      \"id\": \"containerName3\",\r\n      \"partitionKey\": {\r\n        \"paths\": [\r\n          \"/foo/bar\"\r\n        ],\r\n        \"kind\": \"Hash\"\r\n      }\r\n    },\r\n    \"options\": {\r\n      \"autoscaleSettings\": {\r\n        \"maxThroughput\": 5000\r\n      }\r\n    }\r\n  }\r\n}",
      "RequestHeaders": {
        "x-ms-client-request-id": [
          "4b1b666c-6825-431b-8c03-942a9687a5f3"
        ],
        "Accept-Language": [
          "en-US"
        ],
        "User-Agent": [
          "FxVersion/4.6.29916.01",
          "OSName/Windows",
          "OSVersion/Microsoft.Windows.10.0.19043.",
          "Microsoft.Azure.Management.CosmosDB.CosmosDBManagementClient/3.0.0.0"
        ],
        "Content-Type": [
          "application/json; charset=utf-8"
        ],
        "Content-Length": [
          "293"
        ]
      },
      "ResponseHeaders": {
        "Cache-Control": [
          "no-store, no-cache"
        ],
        "Pragma": [
          "no-cache"
        ],
        "Location": [
          "https://management.azure.com/subscriptions/12053b8f-cab5-4f5c-9c1a-870580142abd/resourceGroups/rgtest9921232812/providers/Microsoft.DocumentDB/databaseAccounts/cosmosdb9921232812/sqlDatabases/dbName4/containers/containerName3/operationResults/dee65f7e-01ba-4ad0-ab07-8cdcbad31afb?api-version=2021-04-15"
        ],
        "Azure-AsyncOperation": [
          "https://management.azure.com/subscriptions/12053b8f-cab5-4f5c-9c1a-870580142abd/providers/Microsoft.DocumentDB/locations/southcentralus/operationsStatus/dee65f7e-01ba-4ad0-ab07-8cdcbad31afb?api-version=2021-04-15"
        ],
        "x-ms-request-id": [
          "dee65f7e-01ba-4ad0-ab07-8cdcbad31afb"
        ],
        "Strict-Transport-Security": [
          "max-age=31536000; includeSubDomains"
        ],
        "x-ms-gatewayversion": [
          "version=2.11.0"
        ],
        "Server": [
          "Microsoft-HTTPAPI/2.0"
        ],
        "x-ms-ratelimit-remaining-subscription-writes": [
          "1190"
        ],
        "x-ms-correlation-request-id": [
          "88dc81e7-c217-4b1e-a322-5ffbed2933da"
        ],
        "x-ms-routing-request-id": [
          "WESTCENTRALUS:20210511T033527Z:88dc81e7-c217-4b1e-a322-5ffbed2933da"
        ],
        "X-Content-Type-Options": [
          "nosniff"
        ],
        "Date": [
          "Tue, 11 May 2021 03:35:26 GMT"
        ],
        "Content-Length": [
          "21"
        ],
        "Content-Type": [
          "application/json"
        ]
      },
      "ResponseBody": "{\r\n  \"status\": \"Enqueued\"\r\n}",
      "StatusCode": 202
    },
    {
      "RequestUri": "/subscriptions/12053b8f-cab5-4f5c-9c1a-870580142abd/providers/Microsoft.DocumentDB/locations/southcentralus/operationsStatus/dee65f7e-01ba-4ad0-ab07-8cdcbad31afb?api-version=2021-04-15",
      "EncodedRequestUri": "L3N1YnNjcmlwdGlvbnMvMTIwNTNiOGYtY2FiNS00ZjVjLTljMWEtODcwNTgwMTQyYWJkL3Byb3ZpZGVycy9NaWNyb3NvZnQuRG9jdW1lbnREQi9sb2NhdGlvbnMvc291dGhjZW50cmFsdXMvb3BlcmF0aW9uc1N0YXR1cy9kZWU2NWY3ZS0wMWJhLTRhZDAtYWIwNy04Y2RjYmFkMzFhZmI/YXBpLXZlcnNpb249MjAyMS0wNC0xNQ==",
      "RequestMethod": "GET",
      "RequestBody": "",
      "RequestHeaders": {
        "x-ms-client-request-id": [
          "4b1b666c-6825-431b-8c03-942a9687a5f3"
        ],
        "User-Agent": [
          "FxVersion/4.6.29916.01",
          "OSName/Windows",
          "OSVersion/Microsoft.Windows.10.0.19043.",
          "Microsoft.Azure.Management.CosmosDB.CosmosDBManagementClient/3.0.0.0"
        ]
      },
      "ResponseHeaders": {
        "Cache-Control": [
          "no-store, no-cache"
        ],
        "Pragma": [
          "no-cache"
        ],
        "Strict-Transport-Security": [
          "max-age=31536000; includeSubDomains"
        ],
        "x-ms-gatewayversion": [
          "version=2.11.0"
        ],
        "Server": [
          "Microsoft-HTTPAPI/2.0"
        ],
        "x-ms-ratelimit-remaining-subscription-reads": [
          "11971"
        ],
        "x-ms-request-id": [
          "836b82db-cbe8-4fad-82b4-ff0929679eeb"
        ],
        "x-ms-correlation-request-id": [
          "836b82db-cbe8-4fad-82b4-ff0929679eeb"
        ],
        "x-ms-routing-request-id": [
          "WESTCENTRALUS:20210511T033557Z:836b82db-cbe8-4fad-82b4-ff0929679eeb"
        ],
        "X-Content-Type-Options": [
          "nosniff"
        ],
        "Date": [
          "Tue, 11 May 2021 03:35:56 GMT"
        ],
        "Content-Length": [
          "22"
        ],
        "Content-Type": [
          "application/json"
        ]
      },
      "ResponseBody": "{\r\n  \"status\": \"Succeeded\"\r\n}",
      "StatusCode": 200
    },
    {
      "RequestUri": "/subscriptions/12053b8f-cab5-4f5c-9c1a-870580142abd/resourceGroups/rgtest9921232812/providers/Microsoft.DocumentDB/databaseAccounts/cosmosdb9921232812/sqlDatabases/dbName4/containers/containerName3/throughputSettings/default?api-version=2021-04-15",
      "EncodedRequestUri": "L3N1YnNjcmlwdGlvbnMvMTIwNTNiOGYtY2FiNS00ZjVjLTljMWEtODcwNTgwMTQyYWJkL3Jlc291cmNlR3JvdXBzL3JndGVzdDk5MjEyMzI4MTIvcHJvdmlkZXJzL01pY3Jvc29mdC5Eb2N1bWVudERCL2RhdGFiYXNlQWNjb3VudHMvY29zbW9zZGI5OTIxMjMyODEyL3NxbERhdGFiYXNlcy9kYk5hbWU0L2NvbnRhaW5lcnMvY29udGFpbmVyTmFtZTMvdGhyb3VnaHB1dFNldHRpbmdzL2RlZmF1bHQ/YXBpLXZlcnNpb249MjAyMS0wNC0xNQ==",
      "RequestMethod": "GET",
      "RequestBody": "",
      "RequestHeaders": {
        "x-ms-client-request-id": [
          "0ea52fae-684f-4728-8803-f1427e0def60"
        ],
        "Accept-Language": [
          "en-US"
        ],
        "User-Agent": [
          "FxVersion/4.6.29916.01",
          "OSName/Windows",
          "OSVersion/Microsoft.Windows.10.0.19043.",
          "Microsoft.Azure.Management.CosmosDB.CosmosDBManagementClient/3.0.0.0"
        ]
      },
      "ResponseHeaders": {
        "Cache-Control": [
          "no-store, no-cache"
        ],
        "Pragma": [
          "no-cache"
        ],
        "Strict-Transport-Security": [
          "max-age=31536000; includeSubDomains"
        ],
        "x-ms-gatewayversion": [
          "version=2.11.0"
        ],
        "Server": [
          "Microsoft-HTTPAPI/2.0"
        ],
        "x-ms-ratelimit-remaining-subscription-reads": [
          "11969"
        ],
        "x-ms-request-id": [
          "63ed4ff5-d748-41cc-a23e-f8ca963b9bf9"
        ],
        "x-ms-correlation-request-id": [
          "63ed4ff5-d748-41cc-a23e-f8ca963b9bf9"
        ],
        "x-ms-routing-request-id": [
          "WESTCENTRALUS:20210511T033557Z:63ed4ff5-d748-41cc-a23e-f8ca963b9bf9"
        ],
        "X-Content-Type-Options": [
          "nosniff"
        ],
        "Date": [
          "Tue, 11 May 2021 03:35:57 GMT"
        ],
        "Content-Length": [
          "452"
        ],
        "Content-Type": [
          "application/json"
        ]
      },
      "ResponseBody": "{\r\n  \"id\": \"/subscriptions/12053b8f-cab5-4f5c-9c1a-870580142abd/resourceGroups/rgtest9921232812/providers/Microsoft.DocumentDB/databaseAccounts/cosmosdb9921232812/sqlDatabases/dbName4/containers/containerName3/throughputSettings/default\",\r\n  \"type\": \"Microsoft.DocumentDB/databaseAccounts/sqlDatabases/containers/throughputSettings\",\r\n  \"name\": \"lm+R\",\r\n  \"properties\": {\r\n    \"resource\": {\r\n      \"throughput\": 500,\r\n      \"autoscaleSettings\": {\r\n        \"maxThroughput\": 5000\r\n      },\r\n      \"minimumThroughput\": \"4000\"\r\n    }\r\n  }\r\n}",
      "StatusCode": 200
    },
    {
      "RequestUri": "/subscriptions/12053b8f-cab5-4f5c-9c1a-870580142abd/resourceGroups/rgtest9921232812/providers/Microsoft.DocumentDB/databaseAccounts/cosmosdb9921232812/sqlDatabases/dbName4/containers/containerName3/throughputSettings/default?api-version=2021-04-15",
      "EncodedRequestUri": "L3N1YnNjcmlwdGlvbnMvMTIwNTNiOGYtY2FiNS00ZjVjLTljMWEtODcwNTgwMTQyYWJkL3Jlc291cmNlR3JvdXBzL3JndGVzdDk5MjEyMzI4MTIvcHJvdmlkZXJzL01pY3Jvc29mdC5Eb2N1bWVudERCL2RhdGFiYXNlQWNjb3VudHMvY29zbW9zZGI5OTIxMjMyODEyL3NxbERhdGFiYXNlcy9kYk5hbWU0L2NvbnRhaW5lcnMvY29udGFpbmVyTmFtZTMvdGhyb3VnaHB1dFNldHRpbmdzL2RlZmF1bHQ/YXBpLXZlcnNpb249MjAyMS0wNC0xNQ==",
      "RequestMethod": "GET",
      "RequestBody": "",
      "RequestHeaders": {
        "x-ms-client-request-id": [
          "4a26c51d-d745-4f11-bfe0-7d163150fdec"
        ],
        "User-Agent": [
          "FxVersion/4.6.29916.01",
          "OSName/Windows",
          "OSVersion/Microsoft.Windows.10.0.19043.",
          "Microsoft.Azure.Management.CosmosDB.CosmosDBManagementClient/3.0.0.0"
        ]
      },
      "ResponseHeaders": {
        "Cache-Control": [
          "no-store, no-cache"
        ],
        "Pragma": [
          "no-cache"
        ],
        "Strict-Transport-Security": [
          "max-age=31536000; includeSubDomains"
        ],
        "x-ms-gatewayversion": [
          "version=2.11.0"
        ],
        "Server": [
          "Microsoft-HTTPAPI/2.0"
        ],
        "x-ms-ratelimit-remaining-subscription-reads": [
          "11967"
        ],
        "x-ms-request-id": [
          "e70835d6-1194-43fb-9dc7-ab61c0a71c9b"
        ],
        "x-ms-correlation-request-id": [
          "e70835d6-1194-43fb-9dc7-ab61c0a71c9b"
        ],
        "x-ms-routing-request-id": [
          "WESTCENTRALUS:20210511T033629Z:e70835d6-1194-43fb-9dc7-ab61c0a71c9b"
        ],
        "X-Content-Type-Options": [
          "nosniff"
        ],
        "Date": [
          "Tue, 11 May 2021 03:36:29 GMT"
        ],
        "Content-Length": [
          "453"
        ],
        "Content-Type": [
          "application/json"
        ]
      },
      "ResponseBody": "{\r\n  \"id\": \"/subscriptions/12053b8f-cab5-4f5c-9c1a-870580142abd/resourceGroups/rgtest9921232812/providers/Microsoft.DocumentDB/databaseAccounts/cosmosdb9921232812/sqlDatabases/dbName4/containers/containerName3/throughputSettings/default\",\r\n  \"type\": \"Microsoft.DocumentDB/databaseAccounts/sqlDatabases/containers/throughputSettings\",\r\n  \"name\": \"lm+R\",\r\n  \"properties\": {\r\n    \"resource\": {\r\n      \"throughput\": 500,\r\n      \"autoscaleSettings\": {\r\n        \"maxThroughput\": 10000\r\n      },\r\n      \"minimumThroughput\": \"4000\"\r\n    }\r\n  }\r\n}",
      "StatusCode": 200
    },
    {
      "RequestUri": "/subscriptions/12053b8f-cab5-4f5c-9c1a-870580142abd/resourceGroups/rgtest9921232812/providers/Microsoft.DocumentDB/databaseAccounts/cosmosdb9921232812/sqlDatabases/dbName4/containers/containerName3/throughputSettings/default?api-version=2021-04-15",
      "EncodedRequestUri": "L3N1YnNjcmlwdGlvbnMvMTIwNTNiOGYtY2FiNS00ZjVjLTljMWEtODcwNTgwMTQyYWJkL3Jlc291cmNlR3JvdXBzL3JndGVzdDk5MjEyMzI4MTIvcHJvdmlkZXJzL01pY3Jvc29mdC5Eb2N1bWVudERCL2RhdGFiYXNlQWNjb3VudHMvY29zbW9zZGI5OTIxMjMyODEyL3NxbERhdGFiYXNlcy9kYk5hbWU0L2NvbnRhaW5lcnMvY29udGFpbmVyTmFtZTMvdGhyb3VnaHB1dFNldHRpbmdzL2RlZmF1bHQ/YXBpLXZlcnNpb249MjAyMS0wNC0xNQ==",
      "RequestMethod": "PUT",
      "RequestBody": "{\r\n  \"properties\": {\r\n    \"resource\": {\r\n      \"autoscaleSettings\": {\r\n        \"maxThroughput\": 10000\r\n      }\r\n    }\r\n  }\r\n}",
      "RequestHeaders": {
        "x-ms-client-request-id": [
          "4a26c51d-d745-4f11-bfe0-7d163150fdec"
        ],
        "Accept-Language": [
          "en-US"
        ],
        "User-Agent": [
          "FxVersion/4.6.29916.01",
          "OSName/Windows",
          "OSVersion/Microsoft.Windows.10.0.19043.",
          "Microsoft.Azure.Management.CosmosDB.CosmosDBManagementClient/3.0.0.0"
        ],
        "Content-Type": [
          "application/json; charset=utf-8"
        ],
        "Content-Length": [
          "125"
        ]
      },
      "ResponseHeaders": {
        "Cache-Control": [
          "no-store, no-cache"
        ],
        "Pragma": [
          "no-cache"
        ],
        "Location": [
          "https://management.azure.com/subscriptions/12053b8f-cab5-4f5c-9c1a-870580142abd/resourceGroups/rgtest9921232812/providers/Microsoft.DocumentDB/databaseAccounts/cosmosdb9921232812/sqlDatabases/dbName4/containers/containerName3/throughputSettings/default/operationResults/879126aa-3ff7-4d2f-94a3-00111434bc27?api-version=2021-04-15"
        ],
        "Azure-AsyncOperation": [
          "https://management.azure.com/subscriptions/12053b8f-cab5-4f5c-9c1a-870580142abd/providers/Microsoft.DocumentDB/locations/southcentralus/operationsStatus/879126aa-3ff7-4d2f-94a3-00111434bc27?api-version=2021-04-15"
        ],
        "x-ms-request-id": [
          "879126aa-3ff7-4d2f-94a3-00111434bc27"
        ],
        "Strict-Transport-Security": [
          "max-age=31536000; includeSubDomains"
        ],
        "x-ms-gatewayversion": [
          "version=2.11.0"
        ],
        "Server": [
          "Microsoft-HTTPAPI/2.0"
        ],
        "x-ms-ratelimit-remaining-subscription-writes": [
          "1189"
        ],
        "x-ms-correlation-request-id": [
          "a3aafcfc-9152-45ec-a77d-1440cebfdba3"
        ],
        "x-ms-routing-request-id": [
          "WESTCENTRALUS:20210511T033558Z:a3aafcfc-9152-45ec-a77d-1440cebfdba3"
        ],
        "X-Content-Type-Options": [
          "nosniff"
        ],
        "Date": [
          "Tue, 11 May 2021 03:35:58 GMT"
        ],
        "Content-Length": [
          "21"
        ],
        "Content-Type": [
          "application/json"
        ]
      },
      "ResponseBody": "{\r\n  \"status\": \"Enqueued\"\r\n}",
      "StatusCode": 202
    },
    {
      "RequestUri": "/subscriptions/12053b8f-cab5-4f5c-9c1a-870580142abd/providers/Microsoft.DocumentDB/locations/southcentralus/operationsStatus/879126aa-3ff7-4d2f-94a3-00111434bc27?api-version=2021-04-15",
      "EncodedRequestUri": "L3N1YnNjcmlwdGlvbnMvMTIwNTNiOGYtY2FiNS00ZjVjLTljMWEtODcwNTgwMTQyYWJkL3Byb3ZpZGVycy9NaWNyb3NvZnQuRG9jdW1lbnREQi9sb2NhdGlvbnMvc291dGhjZW50cmFsdXMvb3BlcmF0aW9uc1N0YXR1cy84NzkxMjZhYS0zZmY3LTRkMmYtOTRhMy0wMDExMTQzNGJjMjc/YXBpLXZlcnNpb249MjAyMS0wNC0xNQ==",
      "RequestMethod": "GET",
      "RequestBody": "",
      "RequestHeaders": {
        "x-ms-client-request-id": [
          "4a26c51d-d745-4f11-bfe0-7d163150fdec"
        ],
        "User-Agent": [
          "FxVersion/4.6.29916.01",
          "OSName/Windows",
          "OSVersion/Microsoft.Windows.10.0.19043.",
          "Microsoft.Azure.Management.CosmosDB.CosmosDBManagementClient/3.0.0.0"
        ]
      },
      "ResponseHeaders": {
        "Cache-Control": [
          "no-store, no-cache"
        ],
        "Pragma": [
          "no-cache"
        ],
        "Strict-Transport-Security": [
          "max-age=31536000; includeSubDomains"
        ],
        "x-ms-gatewayversion": [
          "version=2.11.0"
        ],
        "Server": [
          "Microsoft-HTTPAPI/2.0"
        ],
        "x-ms-ratelimit-remaining-subscription-reads": [
          "11968"
        ],
        "x-ms-request-id": [
          "b44fff49-6ca1-46f5-8a0e-3d0e47be9aec"
        ],
        "x-ms-correlation-request-id": [
          "b44fff49-6ca1-46f5-8a0e-3d0e47be9aec"
        ],
        "x-ms-routing-request-id": [
          "WESTCENTRALUS:20210511T033628Z:b44fff49-6ca1-46f5-8a0e-3d0e47be9aec"
        ],
        "X-Content-Type-Options": [
          "nosniff"
        ],
        "Date": [
          "Tue, 11 May 2021 03:36:27 GMT"
        ],
        "Content-Length": [
          "22"
        ],
        "Content-Type": [
          "application/json"
        ]
      },
      "ResponseBody": "{\r\n  \"status\": \"Succeeded\"\r\n}",
      "StatusCode": 200
    },
    {
      "RequestUri": "/subscriptions/12053b8f-cab5-4f5c-9c1a-870580142abd/resourceGroups/rgtest9921232812/providers/Microsoft.DocumentDB/databaseAccounts/cosmosdb9921232812/sqlDatabases/dbName3/containers/containerName?api-version=2021-04-15",
      "EncodedRequestUri": "L3N1YnNjcmlwdGlvbnMvMTIwNTNiOGYtY2FiNS00ZjVjLTljMWEtODcwNTgwMTQyYWJkL3Jlc291cmNlR3JvdXBzL3JndGVzdDk5MjEyMzI4MTIvcHJvdmlkZXJzL01pY3Jvc29mdC5Eb2N1bWVudERCL2RhdGFiYXNlQWNjb3VudHMvY29zbW9zZGI5OTIxMjMyODEyL3NxbERhdGFiYXNlcy9kYk5hbWUzL2NvbnRhaW5lcnMvY29udGFpbmVyTmFtZT9hcGktdmVyc2lvbj0yMDIxLTA0LTE1",
      "RequestMethod": "DELETE",
      "RequestBody": "",
      "RequestHeaders": {
        "x-ms-client-request-id": [
          "059ac18a-68d2-402d-b467-e868b3655f29"
        ],
        "Accept-Language": [
          "en-US"
        ],
        "User-Agent": [
          "FxVersion/4.6.29916.01",
          "OSName/Windows",
          "OSVersion/Microsoft.Windows.10.0.19043.",
          "Microsoft.Azure.Management.CosmosDB.CosmosDBManagementClient/3.0.0.0"
        ]
      },
      "ResponseHeaders": {
        "Cache-Control": [
          "no-store, no-cache"
        ],
        "Pragma": [
          "no-cache"
        ],
        "Location": [
          "https://management.azure.com/subscriptions/12053b8f-cab5-4f5c-9c1a-870580142abd/resourceGroups/rgtest9921232812/providers/Microsoft.DocumentDB/databaseAccounts/cosmosdb9921232812/sqlDatabases/dbName3/containers/containerName/operationResults/44f5707d-1f50-4737-9f93-daec69bbd6db?api-version=2021-04-15"
        ],
        "Azure-AsyncOperation": [
          "https://management.azure.com/subscriptions/12053b8f-cab5-4f5c-9c1a-870580142abd/providers/Microsoft.DocumentDB/locations/southcentralus/operationsStatus/44f5707d-1f50-4737-9f93-daec69bbd6db?api-version=2021-04-15"
        ],
        "x-ms-request-id": [
          "44f5707d-1f50-4737-9f93-daec69bbd6db"
        ],
        "Strict-Transport-Security": [
          "max-age=31536000; includeSubDomains"
        ],
        "x-ms-gatewayversion": [
          "version=2.11.0"
        ],
        "Server": [
          "Microsoft-HTTPAPI/2.0"
        ],
        "x-ms-ratelimit-remaining-subscription-deletes": [
          "14997"
        ],
        "x-ms-correlation-request-id": [
          "c47fc41e-6a29-4a02-9e64-96861da98049"
        ],
        "x-ms-routing-request-id": [
          "WESTCENTRALUS:20210511T033629Z:c47fc41e-6a29-4a02-9e64-96861da98049"
        ],
        "X-Content-Type-Options": [
          "nosniff"
        ],
        "Date": [
          "Tue, 11 May 2021 03:36:29 GMT"
        ],
        "Content-Length": [
          "21"
        ],
        "Content-Type": [
          "application/json"
        ]
      },
      "ResponseBody": "{\r\n  \"status\": \"Enqueued\"\r\n}",
      "StatusCode": 202
    },
    {
      "RequestUri": "/subscriptions/12053b8f-cab5-4f5c-9c1a-870580142abd/resourceGroups/rgtest9921232812/providers/Microsoft.DocumentDB/databaseAccounts/cosmosdb9921232812/sqlDatabases/dbName3/containers/containerName?api-version=2021-04-15",
      "EncodedRequestUri": "L3N1YnNjcmlwdGlvbnMvMTIwNTNiOGYtY2FiNS00ZjVjLTljMWEtODcwNTgwMTQyYWJkL3Jlc291cmNlR3JvdXBzL3JndGVzdDk5MjEyMzI4MTIvcHJvdmlkZXJzL01pY3Jvc29mdC5Eb2N1bWVudERCL2RhdGFiYXNlQWNjb3VudHMvY29zbW9zZGI5OTIxMjMyODEyL3NxbERhdGFiYXNlcy9kYk5hbWUzL2NvbnRhaW5lcnMvY29udGFpbmVyTmFtZT9hcGktdmVyc2lvbj0yMDIxLTA0LTE1",
      "RequestMethod": "DELETE",
      "RequestBody": "",
      "RequestHeaders": {
        "x-ms-client-request-id": [
          "0a0b71c0-cca3-4f91-b878-8d75e9a4dcfa"
        ],
        "Accept-Language": [
          "en-US"
        ],
        "User-Agent": [
          "FxVersion/4.6.29916.01",
          "OSName/Windows",
          "OSVersion/Microsoft.Windows.10.0.19043.",
          "Microsoft.Azure.Management.CosmosDB.CosmosDBManagementClient/3.0.0.0"
        ]
      },
      "ResponseHeaders": {
        "Cache-Control": [
          "no-store, no-cache"
        ],
        "Pragma": [
          "no-cache"
        ],
        "Location": [
          "https://management.azure.com/subscriptions/12053b8f-cab5-4f5c-9c1a-870580142abd/resourceGroups/rgtest9921232812/providers/Microsoft.DocumentDB/databaseAccounts/cosmosdb9921232812/sqlDatabases/dbName3/containers/containerName/operationResults/4ced0736-4006-4ed7-93f6-195e741b9e48?api-version=2021-04-15"
        ],
        "Azure-AsyncOperation": [
          "https://management.azure.com/subscriptions/12053b8f-cab5-4f5c-9c1a-870580142abd/providers/Microsoft.DocumentDB/locations/southcentralus/operationsStatus/4ced0736-4006-4ed7-93f6-195e741b9e48?api-version=2021-04-15"
        ],
        "x-ms-request-id": [
          "4ced0736-4006-4ed7-93f6-195e741b9e48"
        ],
        "Strict-Transport-Security": [
          "max-age=31536000; includeSubDomains"
        ],
        "x-ms-gatewayversion": [
          "version=2.11.0"
        ],
        "Server": [
          "Microsoft-HTTPAPI/2.0"
        ],
        "x-ms-ratelimit-remaining-subscription-deletes": [
          "14997"
        ],
        "x-ms-correlation-request-id": [
          "af06538d-fb5e-47f5-ab38-f053b91b94da"
        ],
        "x-ms-routing-request-id": [
          "WESTCENTRALUS:20210511T033833Z:af06538d-fb5e-47f5-ab38-f053b91b94da"
        ],
        "X-Content-Type-Options": [
          "nosniff"
        ],
        "Date": [
          "Tue, 11 May 2021 03:38:32 GMT"
        ],
        "Content-Length": [
          "21"
        ],
        "Content-Type": [
          "application/json"
        ]
      },
      "ResponseBody": "{\r\n  \"status\": \"Enqueued\"\r\n}",
      "StatusCode": 202
    },
    {
      "RequestUri": "/subscriptions/12053b8f-cab5-4f5c-9c1a-870580142abd/providers/Microsoft.DocumentDB/locations/southcentralus/operationsStatus/44f5707d-1f50-4737-9f93-daec69bbd6db?api-version=2021-04-15",
      "EncodedRequestUri": "L3N1YnNjcmlwdGlvbnMvMTIwNTNiOGYtY2FiNS00ZjVjLTljMWEtODcwNTgwMTQyYWJkL3Byb3ZpZGVycy9NaWNyb3NvZnQuRG9jdW1lbnREQi9sb2NhdGlvbnMvc291dGhjZW50cmFsdXMvb3BlcmF0aW9uc1N0YXR1cy80NGY1NzA3ZC0xZjUwLTQ3MzctOWY5My1kYWVjNjliYmQ2ZGI/YXBpLXZlcnNpb249MjAyMS0wNC0xNQ==",
      "RequestMethod": "GET",
      "RequestBody": "",
      "RequestHeaders": {
        "x-ms-client-request-id": [
          "059ac18a-68d2-402d-b467-e868b3655f29"
        ],
        "User-Agent": [
          "FxVersion/4.6.29916.01",
          "OSName/Windows",
          "OSVersion/Microsoft.Windows.10.0.19043.",
          "Microsoft.Azure.Management.CosmosDB.CosmosDBManagementClient/3.0.0.0"
        ]
      },
      "ResponseHeaders": {
        "Cache-Control": [
          "no-store, no-cache"
        ],
        "Pragma": [
          "no-cache"
        ],
        "Strict-Transport-Security": [
          "max-age=31536000; includeSubDomains"
        ],
        "x-ms-gatewayversion": [
          "version=2.11.0"
        ],
        "Server": [
          "Microsoft-HTTPAPI/2.0"
        ],
        "x-ms-ratelimit-remaining-subscription-reads": [
          "11966"
        ],
        "x-ms-request-id": [
          "b6d8982d-e39b-4050-8b9b-d2a99f2a720c"
        ],
        "x-ms-correlation-request-id": [
          "b6d8982d-e39b-4050-8b9b-d2a99f2a720c"
        ],
        "x-ms-routing-request-id": [
          "WESTCENTRALUS:20210511T033659Z:b6d8982d-e39b-4050-8b9b-d2a99f2a720c"
        ],
        "X-Content-Type-Options": [
          "nosniff"
        ],
        "Date": [
          "Tue, 11 May 2021 03:36:59 GMT"
        ],
        "Content-Length": [
          "22"
        ],
        "Content-Type": [
          "application/json"
        ]
      },
      "ResponseBody": "{\r\n  \"status\": \"Succeeded\"\r\n}",
      "StatusCode": 200
    },
    {
      "RequestUri": "/subscriptions/12053b8f-cab5-4f5c-9c1a-870580142abd/resourceGroups/rgtest9921232812/providers/Microsoft.DocumentDB/databaseAccounts/cosmosdb9921232812/sqlDatabases/dbName3/containers/containerName/operationResults/44f5707d-1f50-4737-9f93-daec69bbd6db?api-version=2021-04-15",
      "EncodedRequestUri": "L3N1YnNjcmlwdGlvbnMvMTIwNTNiOGYtY2FiNS00ZjVjLTljMWEtODcwNTgwMTQyYWJkL3Jlc291cmNlR3JvdXBzL3JndGVzdDk5MjEyMzI4MTIvcHJvdmlkZXJzL01pY3Jvc29mdC5Eb2N1bWVudERCL2RhdGFiYXNlQWNjb3VudHMvY29zbW9zZGI5OTIxMjMyODEyL3NxbERhdGFiYXNlcy9kYk5hbWUzL2NvbnRhaW5lcnMvY29udGFpbmVyTmFtZS9vcGVyYXRpb25SZXN1bHRzLzQ0ZjU3MDdkLTFmNTAtNDczNy05ZjkzLWRhZWM2OWJiZDZkYj9hcGktdmVyc2lvbj0yMDIxLTA0LTE1",
      "RequestMethod": "GET",
      "RequestBody": "",
      "RequestHeaders": {
        "x-ms-client-request-id": [
          "059ac18a-68d2-402d-b467-e868b3655f29"
        ],
        "User-Agent": [
          "FxVersion/4.6.29916.01",
          "OSName/Windows",
          "OSVersion/Microsoft.Windows.10.0.19043.",
          "Microsoft.Azure.Management.CosmosDB.CosmosDBManagementClient/3.0.0.0"
        ]
      },
      "ResponseHeaders": {
        "Cache-Control": [
          "no-store, no-cache"
        ],
        "Pragma": [
          "no-cache"
        ],
        "Strict-Transport-Security": [
          "max-age=31536000; includeSubDomains"
        ],
        "x-ms-gatewayversion": [
          "version=2.11.0"
        ],
        "Server": [
          "Microsoft-HTTPAPI/2.0"
        ],
        "x-ms-ratelimit-remaining-subscription-reads": [
          "11965"
        ],
        "x-ms-request-id": [
          "687ee489-a30d-4e09-99af-adb8f368e37e"
        ],
        "x-ms-correlation-request-id": [
          "687ee489-a30d-4e09-99af-adb8f368e37e"
        ],
        "x-ms-routing-request-id": [
          "WESTCENTRALUS:20210511T033700Z:687ee489-a30d-4e09-99af-adb8f368e37e"
        ],
        "X-Content-Type-Options": [
          "nosniff"
        ],
        "Date": [
          "Tue, 11 May 2021 03:36:59 GMT"
        ],
        "Content-Type": [
          "application/json"
        ]
      },
      "ResponseBody": "",
      "StatusCode": 204
    },
    {
      "RequestUri": "/subscriptions/12053b8f-cab5-4f5c-9c1a-870580142abd/resourceGroups/rgtest9921232812/providers/Microsoft.DocumentDB/databaseAccounts/cosmosdb9921232812/sqlDatabases/dbName3?api-version=2021-04-15",
      "EncodedRequestUri": "L3N1YnNjcmlwdGlvbnMvMTIwNTNiOGYtY2FiNS00ZjVjLTljMWEtODcwNTgwMTQyYWJkL3Jlc291cmNlR3JvdXBzL3JndGVzdDk5MjEyMzI4MTIvcHJvdmlkZXJzL01pY3Jvc29mdC5Eb2N1bWVudERCL2RhdGFiYXNlQWNjb3VudHMvY29zbW9zZGI5OTIxMjMyODEyL3NxbERhdGFiYXNlcy9kYk5hbWUzP2FwaS12ZXJzaW9uPTIwMjEtMDQtMTU=",
      "RequestMethod": "DELETE",
      "RequestBody": "",
      "RequestHeaders": {
        "x-ms-client-request-id": [
          "49b6f75b-7c27-4243-9750-8f755748c62d"
        ],
        "Accept-Language": [
          "en-US"
        ],
        "User-Agent": [
          "FxVersion/4.6.29916.01",
          "OSName/Windows",
          "OSVersion/Microsoft.Windows.10.0.19043.",
          "Microsoft.Azure.Management.CosmosDB.CosmosDBManagementClient/3.0.0.0"
        ]
      },
      "ResponseHeaders": {
        "Cache-Control": [
          "no-store, no-cache"
        ],
        "Pragma": [
          "no-cache"
        ],
        "Location": [
          "https://management.azure.com/subscriptions/12053b8f-cab5-4f5c-9c1a-870580142abd/resourceGroups/rgtest9921232812/providers/Microsoft.DocumentDB/databaseAccounts/cosmosdb9921232812/sqlDatabases/dbName3/operationResults/0d9d2074-1afc-455b-a416-5d5929563dfd?api-version=2021-04-15"
        ],
        "Azure-AsyncOperation": [
          "https://management.azure.com/subscriptions/12053b8f-cab5-4f5c-9c1a-870580142abd/providers/Microsoft.DocumentDB/locations/southcentralus/operationsStatus/0d9d2074-1afc-455b-a416-5d5929563dfd?api-version=2021-04-15"
        ],
        "x-ms-request-id": [
          "0d9d2074-1afc-455b-a416-5d5929563dfd"
        ],
        "Strict-Transport-Security": [
          "max-age=31536000; includeSubDomains"
        ],
        "x-ms-gatewayversion": [
          "version=2.11.0"
        ],
        "Server": [
          "Microsoft-HTTPAPI/2.0"
        ],
        "x-ms-ratelimit-remaining-subscription-deletes": [
          "14999"
        ],
        "x-ms-correlation-request-id": [
          "290abeeb-37b3-4cd9-ada6-7461e363d8ac"
        ],
        "x-ms-routing-request-id": [
          "WESTCENTRALUS:20210511T033700Z:290abeeb-37b3-4cd9-ada6-7461e363d8ac"
        ],
        "X-Content-Type-Options": [
          "nosniff"
        ],
        "Date": [
          "Tue, 11 May 2021 03:36:59 GMT"
        ],
        "Content-Length": [
          "21"
        ],
        "Content-Type": [
          "application/json"
        ]
      },
      "ResponseBody": "{\r\n  \"status\": \"Enqueued\"\r\n}",
      "StatusCode": 202
    },
    {
      "RequestUri": "/subscriptions/12053b8f-cab5-4f5c-9c1a-870580142abd/resourceGroups/rgtest9921232812/providers/Microsoft.DocumentDB/databaseAccounts/cosmosdb9921232812/sqlDatabases/dbName3?api-version=2021-04-15",
      "EncodedRequestUri": "L3N1YnNjcmlwdGlvbnMvMTIwNTNiOGYtY2FiNS00ZjVjLTljMWEtODcwNTgwMTQyYWJkL3Jlc291cmNlR3JvdXBzL3JndGVzdDk5MjEyMzI4MTIvcHJvdmlkZXJzL01pY3Jvc29mdC5Eb2N1bWVudERCL2RhdGFiYXNlQWNjb3VudHMvY29zbW9zZGI5OTIxMjMyODEyL3NxbERhdGFiYXNlcy9kYk5hbWUzP2FwaS12ZXJzaW9uPTIwMjEtMDQtMTU=",
      "RequestMethod": "DELETE",
      "RequestBody": "",
      "RequestHeaders": {
        "x-ms-client-request-id": [
          "06385526-b86a-4246-a785-dd05c94afe22"
        ],
        "Accept-Language": [
          "en-US"
        ],
        "User-Agent": [
          "FxVersion/4.6.29916.01",
          "OSName/Windows",
          "OSVersion/Microsoft.Windows.10.0.19043.",
          "Microsoft.Azure.Management.CosmosDB.CosmosDBManagementClient/3.0.0.0"
        ]
      },
      "ResponseHeaders": {
        "Cache-Control": [
          "no-store, no-cache"
        ],
        "Pragma": [
          "no-cache"
        ],
        "Location": [
          "https://management.azure.com/subscriptions/12053b8f-cab5-4f5c-9c1a-870580142abd/resourceGroups/rgtest9921232812/providers/Microsoft.DocumentDB/databaseAccounts/cosmosdb9921232812/sqlDatabases/dbName3/operationResults/d7b0f3c1-9344-45a3-9552-b76607c3d08b?api-version=2021-04-15"
        ],
        "Azure-AsyncOperation": [
          "https://management.azure.com/subscriptions/12053b8f-cab5-4f5c-9c1a-870580142abd/providers/Microsoft.DocumentDB/locations/southcentralus/operationsStatus/d7b0f3c1-9344-45a3-9552-b76607c3d08b?api-version=2021-04-15"
        ],
        "x-ms-request-id": [
          "d7b0f3c1-9344-45a3-9552-b76607c3d08b"
        ],
        "Strict-Transport-Security": [
          "max-age=31536000; includeSubDomains"
        ],
        "x-ms-gatewayversion": [
          "version=2.11.0"
        ],
        "Server": [
          "Microsoft-HTTPAPI/2.0"
        ],
        "x-ms-ratelimit-remaining-subscription-deletes": [
          "14999"
        ],
        "x-ms-correlation-request-id": [
          "5fb6ca5a-050e-4874-b181-41037fb0bb8d"
        ],
        "x-ms-routing-request-id": [
          "WESTCENTRALUS:20210511T033904Z:5fb6ca5a-050e-4874-b181-41037fb0bb8d"
        ],
        "X-Content-Type-Options": [
          "nosniff"
        ],
        "Date": [
          "Tue, 11 May 2021 03:39:03 GMT"
        ],
        "Content-Length": [
          "21"
        ],
        "Content-Type": [
          "application/json"
        ]
      },
      "ResponseBody": "{\r\n  \"status\": \"Enqueued\"\r\n}",
      "StatusCode": 202
    },
    {
      "RequestUri": "/subscriptions/12053b8f-cab5-4f5c-9c1a-870580142abd/providers/Microsoft.DocumentDB/locations/southcentralus/operationsStatus/0d9d2074-1afc-455b-a416-5d5929563dfd?api-version=2021-04-15",
      "EncodedRequestUri": "L3N1YnNjcmlwdGlvbnMvMTIwNTNiOGYtY2FiNS00ZjVjLTljMWEtODcwNTgwMTQyYWJkL3Byb3ZpZGVycy9NaWNyb3NvZnQuRG9jdW1lbnREQi9sb2NhdGlvbnMvc291dGhjZW50cmFsdXMvb3BlcmF0aW9uc1N0YXR1cy8wZDlkMjA3NC0xYWZjLTQ1NWItYTQxNi01ZDU5Mjk1NjNkZmQ/YXBpLXZlcnNpb249MjAyMS0wNC0xNQ==",
      "RequestMethod": "GET",
      "RequestBody": "",
      "RequestHeaders": {
        "x-ms-client-request-id": [
          "49b6f75b-7c27-4243-9750-8f755748c62d"
        ],
        "User-Agent": [
          "FxVersion/4.6.29916.01",
          "OSName/Windows",
          "OSVersion/Microsoft.Windows.10.0.19043.",
          "Microsoft.Azure.Management.CosmosDB.CosmosDBManagementClient/3.0.0.0"
        ]
      },
      "ResponseHeaders": {
        "Cache-Control": [
          "no-store, no-cache"
        ],
        "Pragma": [
          "no-cache"
        ],
        "Strict-Transport-Security": [
          "max-age=31536000; includeSubDomains"
        ],
        "x-ms-gatewayversion": [
          "version=2.11.0"
        ],
        "Server": [
          "Microsoft-HTTPAPI/2.0"
        ],
        "x-ms-ratelimit-remaining-subscription-reads": [
          "11999"
        ],
        "x-ms-request-id": [
          "cf934909-e863-4726-8fe4-54ed5e701454"
        ],
        "x-ms-correlation-request-id": [
          "cf934909-e863-4726-8fe4-54ed5e701454"
        ],
        "x-ms-routing-request-id": [
          "WESTCENTRALUS:20210511T033730Z:cf934909-e863-4726-8fe4-54ed5e701454"
        ],
        "X-Content-Type-Options": [
          "nosniff"
        ],
        "Date": [
          "Tue, 11 May 2021 03:37:30 GMT"
        ],
        "Content-Length": [
          "22"
        ],
        "Content-Type": [
          "application/json"
        ]
      },
      "ResponseBody": "{\r\n  \"status\": \"Succeeded\"\r\n}",
      "StatusCode": 200
    },
    {
      "RequestUri": "/subscriptions/12053b8f-cab5-4f5c-9c1a-870580142abd/resourceGroups/rgtest9921232812/providers/Microsoft.DocumentDB/databaseAccounts/cosmosdb9921232812/sqlDatabases/dbName3/operationResults/0d9d2074-1afc-455b-a416-5d5929563dfd?api-version=2021-04-15",
      "EncodedRequestUri": "L3N1YnNjcmlwdGlvbnMvMTIwNTNiOGYtY2FiNS00ZjVjLTljMWEtODcwNTgwMTQyYWJkL3Jlc291cmNlR3JvdXBzL3JndGVzdDk5MjEyMzI4MTIvcHJvdmlkZXJzL01pY3Jvc29mdC5Eb2N1bWVudERCL2RhdGFiYXNlQWNjb3VudHMvY29zbW9zZGI5OTIxMjMyODEyL3NxbERhdGFiYXNlcy9kYk5hbWUzL29wZXJhdGlvblJlc3VsdHMvMGQ5ZDIwNzQtMWFmYy00NTViLWE0MTYtNWQ1OTI5NTYzZGZkP2FwaS12ZXJzaW9uPTIwMjEtMDQtMTU=",
      "RequestMethod": "GET",
      "RequestBody": "",
      "RequestHeaders": {
        "x-ms-client-request-id": [
          "49b6f75b-7c27-4243-9750-8f755748c62d"
        ],
        "User-Agent": [
          "FxVersion/4.6.29916.01",
          "OSName/Windows",
          "OSVersion/Microsoft.Windows.10.0.19043.",
          "Microsoft.Azure.Management.CosmosDB.CosmosDBManagementClient/3.0.0.0"
        ]
      },
      "ResponseHeaders": {
        "Cache-Control": [
          "no-store, no-cache"
        ],
        "Pragma": [
          "no-cache"
        ],
        "Strict-Transport-Security": [
          "max-age=31536000; includeSubDomains"
        ],
        "x-ms-gatewayversion": [
          "version=2.11.0"
        ],
        "Server": [
          "Microsoft-HTTPAPI/2.0"
        ],
        "x-ms-ratelimit-remaining-subscription-reads": [
          "11998"
        ],
        "x-ms-request-id": [
          "6ac0a960-bf72-4f70-8296-b49adb21b357"
        ],
        "x-ms-correlation-request-id": [
          "6ac0a960-bf72-4f70-8296-b49adb21b357"
        ],
        "x-ms-routing-request-id": [
          "WESTCENTRALUS:20210511T033730Z:6ac0a960-bf72-4f70-8296-b49adb21b357"
        ],
        "X-Content-Type-Options": [
          "nosniff"
        ],
        "Date": [
          "Tue, 11 May 2021 03:37:30 GMT"
        ],
        "Content-Type": [
          "application/json"
        ]
      },
      "ResponseBody": "",
      "StatusCode": 204
    },
    {
      "RequestUri": "/subscriptions/12053b8f-cab5-4f5c-9c1a-870580142abd/resourceGroups/rgtest9921232812/providers/Microsoft.DocumentDB/databaseAccounts/cosmosdb9921232812/sqlDatabases/dbName4/containers/containerName3?api-version=2021-04-15",
      "EncodedRequestUri": "L3N1YnNjcmlwdGlvbnMvMTIwNTNiOGYtY2FiNS00ZjVjLTljMWEtODcwNTgwMTQyYWJkL3Jlc291cmNlR3JvdXBzL3JndGVzdDk5MjEyMzI4MTIvcHJvdmlkZXJzL01pY3Jvc29mdC5Eb2N1bWVudERCL2RhdGFiYXNlQWNjb3VudHMvY29zbW9zZGI5OTIxMjMyODEyL3NxbERhdGFiYXNlcy9kYk5hbWU0L2NvbnRhaW5lcnMvY29udGFpbmVyTmFtZTM/YXBpLXZlcnNpb249MjAyMS0wNC0xNQ==",
      "RequestMethod": "DELETE",
      "RequestBody": "",
      "RequestHeaders": {
        "x-ms-client-request-id": [
          "eb791400-fc32-457f-9cc2-d52414d9daf4"
        ],
        "Accept-Language": [
          "en-US"
        ],
        "User-Agent": [
          "FxVersion/4.6.29916.01",
          "OSName/Windows",
          "OSVersion/Microsoft.Windows.10.0.19043.",
          "Microsoft.Azure.Management.CosmosDB.CosmosDBManagementClient/3.0.0.0"
        ]
      },
      "ResponseHeaders": {
        "Cache-Control": [
          "no-store, no-cache"
        ],
        "Pragma": [
          "no-cache"
        ],
        "Location": [
          "https://management.azure.com/subscriptions/12053b8f-cab5-4f5c-9c1a-870580142abd/resourceGroups/rgtest9921232812/providers/Microsoft.DocumentDB/databaseAccounts/cosmosdb9921232812/sqlDatabases/dbName4/containers/containerName3/operationResults/ac9ca8c7-33ae-4c05-a3bb-3c9d26066424?api-version=2021-04-15"
        ],
        "Azure-AsyncOperation": [
          "https://management.azure.com/subscriptions/12053b8f-cab5-4f5c-9c1a-870580142abd/providers/Microsoft.DocumentDB/locations/southcentralus/operationsStatus/ac9ca8c7-33ae-4c05-a3bb-3c9d26066424?api-version=2021-04-15"
        ],
        "x-ms-request-id": [
          "ac9ca8c7-33ae-4c05-a3bb-3c9d26066424"
        ],
        "Strict-Transport-Security": [
          "max-age=31536000; includeSubDomains"
        ],
        "x-ms-gatewayversion": [
          "version=2.11.0"
        ],
        "Server": [
          "Microsoft-HTTPAPI/2.0"
        ],
        "x-ms-ratelimit-remaining-subscription-deletes": [
          "14998"
        ],
        "x-ms-correlation-request-id": [
          "6dde2704-7d0d-4cf0-a444-6eb65fb0bbf9"
        ],
        "x-ms-routing-request-id": [
          "WESTUS:20210511T033731Z:6dde2704-7d0d-4cf0-a444-6eb65fb0bbf9"
        ],
        "X-Content-Type-Options": [
          "nosniff"
        ],
        "Date": [
          "Tue, 11 May 2021 03:37:31 GMT"
        ],
        "Content-Length": [
          "21"
        ],
        "Content-Type": [
          "application/json"
        ]
      },
      "ResponseBody": "{\r\n  \"status\": \"Enqueued\"\r\n}",
      "StatusCode": 202
    },
    {
      "RequestUri": "/subscriptions/12053b8f-cab5-4f5c-9c1a-870580142abd/resourceGroups/rgtest9921232812/providers/Microsoft.DocumentDB/databaseAccounts/cosmosdb9921232812/sqlDatabases/dbName4/containers/containerName3?api-version=2021-04-15",
      "EncodedRequestUri": "L3N1YnNjcmlwdGlvbnMvMTIwNTNiOGYtY2FiNS00ZjVjLTljMWEtODcwNTgwMTQyYWJkL3Jlc291cmNlR3JvdXBzL3JndGVzdDk5MjEyMzI4MTIvcHJvdmlkZXJzL01pY3Jvc29mdC5Eb2N1bWVudERCL2RhdGFiYXNlQWNjb3VudHMvY29zbW9zZGI5OTIxMjMyODEyL3NxbERhdGFiYXNlcy9kYk5hbWU0L2NvbnRhaW5lcnMvY29udGFpbmVyTmFtZTM/YXBpLXZlcnNpb249MjAyMS0wNC0xNQ==",
      "RequestMethod": "DELETE",
      "RequestBody": "",
      "RequestHeaders": {
        "x-ms-client-request-id": [
          "d4f43b4c-2912-4904-98f6-87e2ee127653"
        ],
        "Accept-Language": [
          "en-US"
        ],
        "User-Agent": [
          "FxVersion/4.6.29916.01",
          "OSName/Windows",
          "OSVersion/Microsoft.Windows.10.0.19043.",
          "Microsoft.Azure.Management.CosmosDB.CosmosDBManagementClient/3.0.0.0"
        ]
      },
      "ResponseHeaders": {
        "Cache-Control": [
          "no-store, no-cache"
        ],
        "Pragma": [
          "no-cache"
        ],
        "Location": [
          "https://management.azure.com/subscriptions/12053b8f-cab5-4f5c-9c1a-870580142abd/resourceGroups/rgtest9921232812/providers/Microsoft.DocumentDB/databaseAccounts/cosmosdb9921232812/sqlDatabases/dbName4/containers/containerName3/operationResults/c987069f-25c3-412e-b62d-5020018fb565?api-version=2021-04-15"
        ],
        "Azure-AsyncOperation": [
          "https://management.azure.com/subscriptions/12053b8f-cab5-4f5c-9c1a-870580142abd/providers/Microsoft.DocumentDB/locations/southcentralus/operationsStatus/c987069f-25c3-412e-b62d-5020018fb565?api-version=2021-04-15"
        ],
        "x-ms-request-id": [
          "c987069f-25c3-412e-b62d-5020018fb565"
        ],
        "Strict-Transport-Security": [
          "max-age=31536000; includeSubDomains"
        ],
        "x-ms-gatewayversion": [
          "version=2.11.0"
        ],
        "Server": [
          "Microsoft-HTTPAPI/2.0"
        ],
        "x-ms-ratelimit-remaining-subscription-deletes": [
          "14998"
        ],
        "x-ms-correlation-request-id": [
          "111fe0b4-4906-44ba-a582-0601acd6cc71"
        ],
        "x-ms-routing-request-id": [
          "WESTCENTRALUS:20210511T033935Z:111fe0b4-4906-44ba-a582-0601acd6cc71"
        ],
        "X-Content-Type-Options": [
          "nosniff"
        ],
        "Date": [
          "Tue, 11 May 2021 03:39:34 GMT"
        ],
        "Content-Length": [
          "21"
        ],
        "Content-Type": [
          "application/json"
        ]
      },
      "ResponseBody": "{\r\n  \"status\": \"Enqueued\"\r\n}",
      "StatusCode": 202
    },
    {
      "RequestUri": "/subscriptions/12053b8f-cab5-4f5c-9c1a-870580142abd/providers/Microsoft.DocumentDB/locations/southcentralus/operationsStatus/ac9ca8c7-33ae-4c05-a3bb-3c9d26066424?api-version=2021-04-15",
      "EncodedRequestUri": "L3N1YnNjcmlwdGlvbnMvMTIwNTNiOGYtY2FiNS00ZjVjLTljMWEtODcwNTgwMTQyYWJkL3Byb3ZpZGVycy9NaWNyb3NvZnQuRG9jdW1lbnREQi9sb2NhdGlvbnMvc291dGhjZW50cmFsdXMvb3BlcmF0aW9uc1N0YXR1cy9hYzljYThjNy0zM2FlLTRjMDUtYTNiYi0zYzlkMjYwNjY0MjQ/YXBpLXZlcnNpb249MjAyMS0wNC0xNQ==",
      "RequestMethod": "GET",
      "RequestBody": "",
      "RequestHeaders": {
        "x-ms-client-request-id": [
          "eb791400-fc32-457f-9cc2-d52414d9daf4"
        ],
        "User-Agent": [
          "FxVersion/4.6.29916.01",
          "OSName/Windows",
          "OSVersion/Microsoft.Windows.10.0.19043.",
          "Microsoft.Azure.Management.CosmosDB.CosmosDBManagementClient/3.0.0.0"
        ]
      },
      "ResponseHeaders": {
        "Cache-Control": [
          "no-store, no-cache"
        ],
        "Pragma": [
          "no-cache"
        ],
        "Strict-Transport-Security": [
          "max-age=31536000; includeSubDomains"
        ],
        "x-ms-gatewayversion": [
          "version=2.11.0"
        ],
        "Server": [
          "Microsoft-HTTPAPI/2.0"
        ],
        "x-ms-ratelimit-remaining-subscription-reads": [
          "11995"
        ],
        "x-ms-request-id": [
          "5d3477ba-518e-4149-a8ef-2e06e5e7ff50"
        ],
        "x-ms-correlation-request-id": [
          "5d3477ba-518e-4149-a8ef-2e06e5e7ff50"
        ],
        "x-ms-routing-request-id": [
          "WESTUS:20210511T033801Z:5d3477ba-518e-4149-a8ef-2e06e5e7ff50"
        ],
        "X-Content-Type-Options": [
          "nosniff"
        ],
        "Date": [
          "Tue, 11 May 2021 03:38:01 GMT"
        ],
        "Content-Length": [
          "22"
        ],
        "Content-Type": [
          "application/json"
        ]
      },
      "ResponseBody": "{\r\n  \"status\": \"Succeeded\"\r\n}",
      "StatusCode": 200
    },
    {
      "RequestUri": "/subscriptions/12053b8f-cab5-4f5c-9c1a-870580142abd/resourceGroups/rgtest9921232812/providers/Microsoft.DocumentDB/databaseAccounts/cosmosdb9921232812/sqlDatabases/dbName4/containers/containerName3/operationResults/ac9ca8c7-33ae-4c05-a3bb-3c9d26066424?api-version=2021-04-15",
      "EncodedRequestUri": "L3N1YnNjcmlwdGlvbnMvMTIwNTNiOGYtY2FiNS00ZjVjLTljMWEtODcwNTgwMTQyYWJkL3Jlc291cmNlR3JvdXBzL3JndGVzdDk5MjEyMzI4MTIvcHJvdmlkZXJzL01pY3Jvc29mdC5Eb2N1bWVudERCL2RhdGFiYXNlQWNjb3VudHMvY29zbW9zZGI5OTIxMjMyODEyL3NxbERhdGFiYXNlcy9kYk5hbWU0L2NvbnRhaW5lcnMvY29udGFpbmVyTmFtZTMvb3BlcmF0aW9uUmVzdWx0cy9hYzljYThjNy0zM2FlLTRjMDUtYTNiYi0zYzlkMjYwNjY0MjQ/YXBpLXZlcnNpb249MjAyMS0wNC0xNQ==",
      "RequestMethod": "GET",
      "RequestBody": "",
      "RequestHeaders": {
        "x-ms-client-request-id": [
          "eb791400-fc32-457f-9cc2-d52414d9daf4"
        ],
        "User-Agent": [
          "FxVersion/4.6.29916.01",
          "OSName/Windows",
          "OSVersion/Microsoft.Windows.10.0.19043.",
          "Microsoft.Azure.Management.CosmosDB.CosmosDBManagementClient/3.0.0.0"
        ]
      },
      "ResponseHeaders": {
        "Cache-Control": [
          "no-store, no-cache"
        ],
        "Pragma": [
          "no-cache"
        ],
        "Strict-Transport-Security": [
          "max-age=31536000; includeSubDomains"
        ],
        "x-ms-gatewayversion": [
          "version=2.11.0"
        ],
        "Server": [
          "Microsoft-HTTPAPI/2.0"
        ],
        "x-ms-ratelimit-remaining-subscription-reads": [
          "11994"
        ],
        "x-ms-request-id": [
          "d21c621f-582e-42b4-bfb8-d647cd60140b"
        ],
        "x-ms-correlation-request-id": [
          "d21c621f-582e-42b4-bfb8-d647cd60140b"
        ],
        "x-ms-routing-request-id": [
          "WESTUS:20210511T033801Z:d21c621f-582e-42b4-bfb8-d647cd60140b"
        ],
        "X-Content-Type-Options": [
          "nosniff"
        ],
        "Date": [
          "Tue, 11 May 2021 03:38:01 GMT"
        ],
        "Content-Type": [
          "application/json"
        ]
      },
      "ResponseBody": "",
      "StatusCode": 204
    },
    {
      "RequestUri": "/subscriptions/12053b8f-cab5-4f5c-9c1a-870580142abd/resourceGroups/rgtest9921232812/providers/Microsoft.DocumentDB/databaseAccounts/cosmosdb9921232812/sqlDatabases/dbName4?api-version=2021-04-15",
      "EncodedRequestUri": "L3N1YnNjcmlwdGlvbnMvMTIwNTNiOGYtY2FiNS00ZjVjLTljMWEtODcwNTgwMTQyYWJkL3Jlc291cmNlR3JvdXBzL3JndGVzdDk5MjEyMzI4MTIvcHJvdmlkZXJzL01pY3Jvc29mdC5Eb2N1bWVudERCL2RhdGFiYXNlQWNjb3VudHMvY29zbW9zZGI5OTIxMjMyODEyL3NxbERhdGFiYXNlcy9kYk5hbWU0P2FwaS12ZXJzaW9uPTIwMjEtMDQtMTU=",
      "RequestMethod": "DELETE",
      "RequestBody": "",
      "RequestHeaders": {
        "x-ms-client-request-id": [
          "8dc88ce8-c4b4-4c72-9817-ff627d1c5601"
        ],
        "Accept-Language": [
          "en-US"
        ],
        "User-Agent": [
          "FxVersion/4.6.29916.01",
          "OSName/Windows",
          "OSVersion/Microsoft.Windows.10.0.19043.",
          "Microsoft.Azure.Management.CosmosDB.CosmosDBManagementClient/3.0.0.0"
        ]
      },
      "ResponseHeaders": {
        "Cache-Control": [
          "no-store, no-cache"
        ],
        "Pragma": [
          "no-cache"
        ],
        "Location": [
          "https://management.azure.com/subscriptions/12053b8f-cab5-4f5c-9c1a-870580142abd/resourceGroups/rgtest9921232812/providers/Microsoft.DocumentDB/databaseAccounts/cosmosdb9921232812/sqlDatabases/dbName4/operationResults/ae254736-8720-4c3d-9f14-9b0fc4117ffd?api-version=2021-04-15"
        ],
        "Azure-AsyncOperation": [
          "https://management.azure.com/subscriptions/12053b8f-cab5-4f5c-9c1a-870580142abd/providers/Microsoft.DocumentDB/locations/southcentralus/operationsStatus/ae254736-8720-4c3d-9f14-9b0fc4117ffd?api-version=2021-04-15"
        ],
        "x-ms-request-id": [
          "ae254736-8720-4c3d-9f14-9b0fc4117ffd"
        ],
        "Strict-Transport-Security": [
          "max-age=31536000; includeSubDomains"
        ],
        "x-ms-gatewayversion": [
          "version=2.11.0"
        ],
        "Server": [
          "Microsoft-HTTPAPI/2.0"
        ],
        "x-ms-ratelimit-remaining-subscription-deletes": [
          "14999"
        ],
        "x-ms-correlation-request-id": [
          "5581168f-5612-4c0c-9b76-323989cd4563"
        ],
        "x-ms-routing-request-id": [
          "WESTUS:20210511T033802Z:5581168f-5612-4c0c-9b76-323989cd4563"
        ],
        "X-Content-Type-Options": [
          "nosniff"
        ],
        "Date": [
          "Tue, 11 May 2021 03:38:01 GMT"
        ],
        "Content-Length": [
          "21"
        ],
        "Content-Type": [
          "application/json"
        ]
      },
      "ResponseBody": "{\r\n  \"status\": \"Enqueued\"\r\n}",
      "StatusCode": 202
    },
    {
      "RequestUri": "/subscriptions/12053b8f-cab5-4f5c-9c1a-870580142abd/resourceGroups/rgtest9921232812/providers/Microsoft.DocumentDB/databaseAccounts/cosmosdb9921232812/sqlDatabases/dbName4?api-version=2021-04-15",
      "EncodedRequestUri": "L3N1YnNjcmlwdGlvbnMvMTIwNTNiOGYtY2FiNS00ZjVjLTljMWEtODcwNTgwMTQyYWJkL3Jlc291cmNlR3JvdXBzL3JndGVzdDk5MjEyMzI4MTIvcHJvdmlkZXJzL01pY3Jvc29mdC5Eb2N1bWVudERCL2RhdGFiYXNlQWNjb3VudHMvY29zbW9zZGI5OTIxMjMyODEyL3NxbERhdGFiYXNlcy9kYk5hbWU0P2FwaS12ZXJzaW9uPTIwMjEtMDQtMTU=",
      "RequestMethod": "DELETE",
      "RequestBody": "",
      "RequestHeaders": {
        "x-ms-client-request-id": [
          "d02e4d57-5e6e-4433-aed6-2d5d6b23588b"
        ],
        "Accept-Language": [
          "en-US"
        ],
        "User-Agent": [
          "FxVersion/4.6.29916.01",
          "OSName/Windows",
          "OSVersion/Microsoft.Windows.10.0.19043.",
          "Microsoft.Azure.Management.CosmosDB.CosmosDBManagementClient/3.0.0.0"
        ]
      },
      "ResponseHeaders": {
        "Cache-Control": [
          "no-store, no-cache"
        ],
        "Pragma": [
          "no-cache"
        ],
        "Location": [
          "https://management.azure.com/subscriptions/12053b8f-cab5-4f5c-9c1a-870580142abd/resourceGroups/rgtest9921232812/providers/Microsoft.DocumentDB/databaseAccounts/cosmosdb9921232812/sqlDatabases/dbName4/operationResults/b9e2ed8b-f4d5-45d5-981a-b1967218124b?api-version=2021-04-15"
        ],
        "Azure-AsyncOperation": [
          "https://management.azure.com/subscriptions/12053b8f-cab5-4f5c-9c1a-870580142abd/providers/Microsoft.DocumentDB/locations/southcentralus/operationsStatus/b9e2ed8b-f4d5-45d5-981a-b1967218124b?api-version=2021-04-15"
        ],
        "x-ms-request-id": [
          "b9e2ed8b-f4d5-45d5-981a-b1967218124b"
        ],
        "Strict-Transport-Security": [
          "max-age=31536000; includeSubDomains"
        ],
        "x-ms-gatewayversion": [
          "version=2.11.0"
        ],
        "Server": [
          "Microsoft-HTTPAPI/2.0"
        ],
        "x-ms-ratelimit-remaining-subscription-deletes": [
          "14999"
        ],
        "x-ms-correlation-request-id": [
          "e2ab7118-f70a-47bf-b795-8d085e8647d8"
        ],
        "x-ms-routing-request-id": [
          "WESTUS:20210511T034006Z:e2ab7118-f70a-47bf-b795-8d085e8647d8"
        ],
        "X-Content-Type-Options": [
          "nosniff"
        ],
        "Date": [
          "Tue, 11 May 2021 03:40:05 GMT"
        ],
        "Content-Length": [
          "21"
        ],
        "Content-Type": [
          "application/json"
        ]
      },
      "ResponseBody": "{\r\n  \"status\": \"Enqueued\"\r\n}",
      "StatusCode": 202
    },
    {
      "RequestUri": "/subscriptions/12053b8f-cab5-4f5c-9c1a-870580142abd/providers/Microsoft.DocumentDB/locations/southcentralus/operationsStatus/ae254736-8720-4c3d-9f14-9b0fc4117ffd?api-version=2021-04-15",
      "EncodedRequestUri": "L3N1YnNjcmlwdGlvbnMvMTIwNTNiOGYtY2FiNS00ZjVjLTljMWEtODcwNTgwMTQyYWJkL3Byb3ZpZGVycy9NaWNyb3NvZnQuRG9jdW1lbnREQi9sb2NhdGlvbnMvc291dGhjZW50cmFsdXMvb3BlcmF0aW9uc1N0YXR1cy9hZTI1NDczNi04NzIwLTRjM2QtOWYxNC05YjBmYzQxMTdmZmQ/YXBpLXZlcnNpb249MjAyMS0wNC0xNQ==",
      "RequestMethod": "GET",
      "RequestBody": "",
      "RequestHeaders": {
        "x-ms-client-request-id": [
          "8dc88ce8-c4b4-4c72-9817-ff627d1c5601"
        ],
        "User-Agent": [
          "FxVersion/4.6.29916.01",
          "OSName/Windows",
          "OSVersion/Microsoft.Windows.10.0.19043.",
          "Microsoft.Azure.Management.CosmosDB.CosmosDBManagementClient/3.0.0.0"
        ]
      },
      "ResponseHeaders": {
        "Cache-Control": [
          "no-store, no-cache"
        ],
        "Pragma": [
          "no-cache"
        ],
        "Strict-Transport-Security": [
          "max-age=31536000; includeSubDomains"
        ],
        "x-ms-gatewayversion": [
          "version=2.11.0"
        ],
        "Server": [
          "Microsoft-HTTPAPI/2.0"
        ],
        "x-ms-ratelimit-remaining-subscription-reads": [
          "11999"
        ],
        "x-ms-request-id": [
          "daccac3c-7a6f-423e-bfab-bf33ea56208d"
        ],
        "x-ms-correlation-request-id": [
          "daccac3c-7a6f-423e-bfab-bf33ea56208d"
        ],
        "x-ms-routing-request-id": [
          "WESTUS:20210511T033832Z:daccac3c-7a6f-423e-bfab-bf33ea56208d"
        ],
        "X-Content-Type-Options": [
          "nosniff"
        ],
        "Date": [
          "Tue, 11 May 2021 03:38:31 GMT"
        ],
        "Content-Length": [
          "22"
        ],
        "Content-Type": [
          "application/json"
        ]
      },
      "ResponseBody": "{\r\n  \"status\": \"Succeeded\"\r\n}",
      "StatusCode": 200
    },
    {
      "RequestUri": "/subscriptions/12053b8f-cab5-4f5c-9c1a-870580142abd/resourceGroups/rgtest9921232812/providers/Microsoft.DocumentDB/databaseAccounts/cosmosdb9921232812/sqlDatabases/dbName4/operationResults/ae254736-8720-4c3d-9f14-9b0fc4117ffd?api-version=2021-04-15",
      "EncodedRequestUri": "L3N1YnNjcmlwdGlvbnMvMTIwNTNiOGYtY2FiNS00ZjVjLTljMWEtODcwNTgwMTQyYWJkL3Jlc291cmNlR3JvdXBzL3JndGVzdDk5MjEyMzI4MTIvcHJvdmlkZXJzL01pY3Jvc29mdC5Eb2N1bWVudERCL2RhdGFiYXNlQWNjb3VudHMvY29zbW9zZGI5OTIxMjMyODEyL3NxbERhdGFiYXNlcy9kYk5hbWU0L29wZXJhdGlvblJlc3VsdHMvYWUyNTQ3MzYtODcyMC00YzNkLTlmMTQtOWIwZmM0MTE3ZmZkP2FwaS12ZXJzaW9uPTIwMjEtMDQtMTU=",
      "RequestMethod": "GET",
      "RequestBody": "",
      "RequestHeaders": {
        "x-ms-client-request-id": [
          "8dc88ce8-c4b4-4c72-9817-ff627d1c5601"
        ],
        "User-Agent": [
          "FxVersion/4.6.29916.01",
          "OSName/Windows",
          "OSVersion/Microsoft.Windows.10.0.19043.",
          "Microsoft.Azure.Management.CosmosDB.CosmosDBManagementClient/3.0.0.0"
        ]
      },
      "ResponseHeaders": {
        "Cache-Control": [
          "no-store, no-cache"
        ],
        "Pragma": [
          "no-cache"
        ],
        "Strict-Transport-Security": [
          "max-age=31536000; includeSubDomains"
        ],
        "x-ms-gatewayversion": [
          "version=2.11.0"
        ],
        "Server": [
          "Microsoft-HTTPAPI/2.0"
        ],
        "x-ms-ratelimit-remaining-subscription-reads": [
          "11998"
        ],
        "x-ms-request-id": [
          "da9cd755-975d-4299-b120-3e466474b3ca"
        ],
        "x-ms-correlation-request-id": [
          "da9cd755-975d-4299-b120-3e466474b3ca"
        ],
        "x-ms-routing-request-id": [
          "WESTUS:20210511T033832Z:da9cd755-975d-4299-b120-3e466474b3ca"
        ],
        "X-Content-Type-Options": [
          "nosniff"
        ],
        "Date": [
          "Tue, 11 May 2021 03:38:31 GMT"
        ],
        "Content-Type": [
          "application/json"
        ]
      },
      "ResponseBody": "",
      "StatusCode": 204
    },
    {
      "RequestUri": "/subscriptions/12053b8f-cab5-4f5c-9c1a-870580142abd/providers/Microsoft.DocumentDB/locations/southcentralus/operationsStatus/4ced0736-4006-4ed7-93f6-195e741b9e48?api-version=2021-04-15",
      "EncodedRequestUri": "L3N1YnNjcmlwdGlvbnMvMTIwNTNiOGYtY2FiNS00ZjVjLTljMWEtODcwNTgwMTQyYWJkL3Byb3ZpZGVycy9NaWNyb3NvZnQuRG9jdW1lbnREQi9sb2NhdGlvbnMvc291dGhjZW50cmFsdXMvb3BlcmF0aW9uc1N0YXR1cy80Y2VkMDczNi00MDA2LTRlZDctOTNmNi0xOTVlNzQxYjllNDg/YXBpLXZlcnNpb249MjAyMS0wNC0xNQ==",
      "RequestMethod": "GET",
      "RequestBody": "",
      "RequestHeaders": {
        "x-ms-client-request-id": [
          "0a0b71c0-cca3-4f91-b878-8d75e9a4dcfa"
        ],
        "User-Agent": [
          "FxVersion/4.6.29916.01",
          "OSName/Windows",
          "OSVersion/Microsoft.Windows.10.0.19043.",
          "Microsoft.Azure.Management.CosmosDB.CosmosDBManagementClient/3.0.0.0"
        ]
      },
      "ResponseHeaders": {
        "Cache-Control": [
          "no-store, no-cache"
        ],
        "Pragma": [
          "no-cache"
        ],
        "Strict-Transport-Security": [
          "max-age=31536000; includeSubDomains"
        ],
        "x-ms-gatewayversion": [
          "version=2.11.0"
        ],
        "Server": [
          "Microsoft-HTTPAPI/2.0"
        ],
        "x-ms-ratelimit-remaining-subscription-reads": [
          "11980"
        ],
        "x-ms-request-id": [
          "93dda8c1-e299-4d96-a2f2-4abd0eac63a1"
        ],
        "x-ms-correlation-request-id": [
          "93dda8c1-e299-4d96-a2f2-4abd0eac63a1"
        ],
        "x-ms-routing-request-id": [
          "WESTCENTRALUS:20210511T033903Z:93dda8c1-e299-4d96-a2f2-4abd0eac63a1"
        ],
        "X-Content-Type-Options": [
          "nosniff"
        ],
        "Date": [
          "Tue, 11 May 2021 03:39:03 GMT"
        ],
        "Content-Length": [
          "22"
        ],
        "Content-Type": [
          "application/json"
        ]
      },
      "ResponseBody": "{\r\n  \"status\": \"Succeeded\"\r\n}",
      "StatusCode": 200
    },
    {
      "RequestUri": "/subscriptions/12053b8f-cab5-4f5c-9c1a-870580142abd/resourceGroups/rgtest9921232812/providers/Microsoft.DocumentDB/databaseAccounts/cosmosdb9921232812/sqlDatabases/dbName3/containers/containerName/operationResults/4ced0736-4006-4ed7-93f6-195e741b9e48?api-version=2021-04-15",
      "EncodedRequestUri": "L3N1YnNjcmlwdGlvbnMvMTIwNTNiOGYtY2FiNS00ZjVjLTljMWEtODcwNTgwMTQyYWJkL3Jlc291cmNlR3JvdXBzL3JndGVzdDk5MjEyMzI4MTIvcHJvdmlkZXJzL01pY3Jvc29mdC5Eb2N1bWVudERCL2RhdGFiYXNlQWNjb3VudHMvY29zbW9zZGI5OTIxMjMyODEyL3NxbERhdGFiYXNlcy9kYk5hbWUzL2NvbnRhaW5lcnMvY29udGFpbmVyTmFtZS9vcGVyYXRpb25SZXN1bHRzLzRjZWQwNzM2LTQwMDYtNGVkNy05M2Y2LTE5NWU3NDFiOWU0OD9hcGktdmVyc2lvbj0yMDIxLTA0LTE1",
      "RequestMethod": "GET",
      "RequestBody": "",
      "RequestHeaders": {
        "x-ms-client-request-id": [
          "0a0b71c0-cca3-4f91-b878-8d75e9a4dcfa"
        ],
        "User-Agent": [
          "FxVersion/4.6.29916.01",
          "OSName/Windows",
          "OSVersion/Microsoft.Windows.10.0.19043.",
          "Microsoft.Azure.Management.CosmosDB.CosmosDBManagementClient/3.0.0.0"
        ]
      },
      "ResponseHeaders": {
        "Cache-Control": [
          "no-store, no-cache"
        ],
        "Pragma": [
          "no-cache"
        ],
        "Strict-Transport-Security": [
          "max-age=31536000; includeSubDomains"
        ],
        "x-ms-gatewayversion": [
          "version=2.11.0"
        ],
        "Server": [
          "Microsoft-HTTPAPI/2.0"
        ],
        "x-ms-ratelimit-remaining-subscription-reads": [
          "11979"
        ],
        "x-ms-request-id": [
          "560a958f-5d72-433a-83fd-6b6f48797269"
        ],
        "x-ms-correlation-request-id": [
          "560a958f-5d72-433a-83fd-6b6f48797269"
        ],
        "x-ms-routing-request-id": [
          "WESTCENTRALUS:20210511T033903Z:560a958f-5d72-433a-83fd-6b6f48797269"
        ],
        "X-Content-Type-Options": [
          "nosniff"
        ],
        "Date": [
          "Tue, 11 May 2021 03:39:03 GMT"
        ],
        "Content-Type": [
          "application/json"
        ]
      },
      "ResponseBody": "",
      "StatusCode": 204
    },
    {
      "RequestUri": "/subscriptions/12053b8f-cab5-4f5c-9c1a-870580142abd/providers/Microsoft.DocumentDB/locations/southcentralus/operationsStatus/d7b0f3c1-9344-45a3-9552-b76607c3d08b?api-version=2021-04-15",
      "EncodedRequestUri": "L3N1YnNjcmlwdGlvbnMvMTIwNTNiOGYtY2FiNS00ZjVjLTljMWEtODcwNTgwMTQyYWJkL3Byb3ZpZGVycy9NaWNyb3NvZnQuRG9jdW1lbnREQi9sb2NhdGlvbnMvc291dGhjZW50cmFsdXMvb3BlcmF0aW9uc1N0YXR1cy9kN2IwZjNjMS05MzQ0LTQ1YTMtOTU1Mi1iNzY2MDdjM2QwOGI/YXBpLXZlcnNpb249MjAyMS0wNC0xNQ==",
      "RequestMethod": "GET",
      "RequestBody": "",
      "RequestHeaders": {
        "x-ms-client-request-id": [
          "06385526-b86a-4246-a785-dd05c94afe22"
        ],
        "User-Agent": [
          "FxVersion/4.6.29916.01",
          "OSName/Windows",
          "OSVersion/Microsoft.Windows.10.0.19043.",
          "Microsoft.Azure.Management.CosmosDB.CosmosDBManagementClient/3.0.0.0"
        ]
      },
      "ResponseHeaders": {
        "Cache-Control": [
          "no-store, no-cache"
        ],
        "Pragma": [
          "no-cache"
        ],
        "Strict-Transport-Security": [
          "max-age=31536000; includeSubDomains"
        ],
        "x-ms-gatewayversion": [
          "version=2.11.0"
        ],
        "Server": [
          "Microsoft-HTTPAPI/2.0"
        ],
        "x-ms-ratelimit-remaining-subscription-reads": [
          "11999"
        ],
        "x-ms-request-id": [
          "f31b42e6-f181-4de7-98bb-798368ce61bb"
        ],
        "x-ms-correlation-request-id": [
          "f31b42e6-f181-4de7-98bb-798368ce61bb"
        ],
        "x-ms-routing-request-id": [
          "WESTCENTRALUS:20210511T033934Z:f31b42e6-f181-4de7-98bb-798368ce61bb"
        ],
        "X-Content-Type-Options": [
          "nosniff"
        ],
        "Date": [
          "Tue, 11 May 2021 03:39:33 GMT"
        ],
        "Content-Length": [
          "22"
        ],
        "Content-Type": [
          "application/json"
        ]
      },
      "ResponseBody": "{\r\n  \"status\": \"Succeeded\"\r\n}",
      "StatusCode": 200
    },
    {
      "RequestUri": "/subscriptions/12053b8f-cab5-4f5c-9c1a-870580142abd/resourceGroups/rgtest9921232812/providers/Microsoft.DocumentDB/databaseAccounts/cosmosdb9921232812/sqlDatabases/dbName3/operationResults/d7b0f3c1-9344-45a3-9552-b76607c3d08b?api-version=2021-04-15",
      "EncodedRequestUri": "L3N1YnNjcmlwdGlvbnMvMTIwNTNiOGYtY2FiNS00ZjVjLTljMWEtODcwNTgwMTQyYWJkL3Jlc291cmNlR3JvdXBzL3JndGVzdDk5MjEyMzI4MTIvcHJvdmlkZXJzL01pY3Jvc29mdC5Eb2N1bWVudERCL2RhdGFiYXNlQWNjb3VudHMvY29zbW9zZGI5OTIxMjMyODEyL3NxbERhdGFiYXNlcy9kYk5hbWUzL29wZXJhdGlvblJlc3VsdHMvZDdiMGYzYzEtOTM0NC00NWEzLTk1NTItYjc2NjA3YzNkMDhiP2FwaS12ZXJzaW9uPTIwMjEtMDQtMTU=",
      "RequestMethod": "GET",
      "RequestBody": "",
      "RequestHeaders": {
        "x-ms-client-request-id": [
          "06385526-b86a-4246-a785-dd05c94afe22"
        ],
        "User-Agent": [
          "FxVersion/4.6.29916.01",
          "OSName/Windows",
          "OSVersion/Microsoft.Windows.10.0.19043.",
          "Microsoft.Azure.Management.CosmosDB.CosmosDBManagementClient/3.0.0.0"
        ]
      },
      "ResponseHeaders": {
        "Cache-Control": [
          "no-store, no-cache"
        ],
        "Pragma": [
          "no-cache"
        ],
        "Strict-Transport-Security": [
          "max-age=31536000; includeSubDomains"
        ],
        "x-ms-gatewayversion": [
          "version=2.11.0"
        ],
        "Server": [
          "Microsoft-HTTPAPI/2.0"
        ],
        "x-ms-ratelimit-remaining-subscription-reads": [
          "11998"
        ],
        "x-ms-request-id": [
          "bd923b60-ca7e-4020-8f9d-f5a62fd1d011"
        ],
        "x-ms-correlation-request-id": [
          "bd923b60-ca7e-4020-8f9d-f5a62fd1d011"
        ],
        "x-ms-routing-request-id": [
          "WESTCENTRALUS:20210511T033934Z:bd923b60-ca7e-4020-8f9d-f5a62fd1d011"
        ],
        "X-Content-Type-Options": [
          "nosniff"
        ],
        "Date": [
          "Tue, 11 May 2021 03:39:33 GMT"
        ],
        "Content-Type": [
          "application/json"
        ]
      },
      "ResponseBody": "",
      "StatusCode": 204
    },
    {
      "RequestUri": "/subscriptions/12053b8f-cab5-4f5c-9c1a-870580142abd/providers/Microsoft.DocumentDB/locations/southcentralus/operationsStatus/c987069f-25c3-412e-b62d-5020018fb565?api-version=2021-04-15",
      "EncodedRequestUri": "L3N1YnNjcmlwdGlvbnMvMTIwNTNiOGYtY2FiNS00ZjVjLTljMWEtODcwNTgwMTQyYWJkL3Byb3ZpZGVycy9NaWNyb3NvZnQuRG9jdW1lbnREQi9sb2NhdGlvbnMvc291dGhjZW50cmFsdXMvb3BlcmF0aW9uc1N0YXR1cy9jOTg3MDY5Zi0yNWMzLTQxMmUtYjYyZC01MDIwMDE4ZmI1NjU/YXBpLXZlcnNpb249MjAyMS0wNC0xNQ==",
      "RequestMethod": "GET",
      "RequestBody": "",
      "RequestHeaders": {
        "x-ms-client-request-id": [
          "d4f43b4c-2912-4904-98f6-87e2ee127653"
        ],
        "User-Agent": [
          "FxVersion/4.6.29916.01",
          "OSName/Windows",
          "OSVersion/Microsoft.Windows.10.0.19043.",
          "Microsoft.Azure.Management.CosmosDB.CosmosDBManagementClient/3.0.0.0"
        ]
      },
      "ResponseHeaders": {
        "Cache-Control": [
          "no-store, no-cache"
        ],
        "Pragma": [
          "no-cache"
        ],
        "Strict-Transport-Security": [
          "max-age=31536000; includeSubDomains"
        ],
        "x-ms-gatewayversion": [
          "version=2.11.0"
        ],
        "Server": [
          "Microsoft-HTTPAPI/2.0"
        ],
        "x-ms-ratelimit-remaining-subscription-reads": [
          "11960"
        ],
        "x-ms-request-id": [
          "66166185-9681-4c21-bc0d-df3271345c8c"
        ],
        "x-ms-correlation-request-id": [
          "66166185-9681-4c21-bc0d-df3271345c8c"
        ],
        "x-ms-routing-request-id": [
          "WESTCENTRALUS:20210511T034005Z:66166185-9681-4c21-bc0d-df3271345c8c"
        ],
        "X-Content-Type-Options": [
          "nosniff"
        ],
        "Date": [
          "Tue, 11 May 2021 03:40:04 GMT"
        ],
        "Content-Length": [
          "22"
        ],
        "Content-Type": [
          "application/json"
        ]
      },
      "ResponseBody": "{\r\n  \"status\": \"Succeeded\"\r\n}",
      "StatusCode": 200
    },
    {
      "RequestUri": "/subscriptions/12053b8f-cab5-4f5c-9c1a-870580142abd/resourceGroups/rgtest9921232812/providers/Microsoft.DocumentDB/databaseAccounts/cosmosdb9921232812/sqlDatabases/dbName4/containers/containerName3/operationResults/c987069f-25c3-412e-b62d-5020018fb565?api-version=2021-04-15",
      "EncodedRequestUri": "L3N1YnNjcmlwdGlvbnMvMTIwNTNiOGYtY2FiNS00ZjVjLTljMWEtODcwNTgwMTQyYWJkL3Jlc291cmNlR3JvdXBzL3JndGVzdDk5MjEyMzI4MTIvcHJvdmlkZXJzL01pY3Jvc29mdC5Eb2N1bWVudERCL2RhdGFiYXNlQWNjb3VudHMvY29zbW9zZGI5OTIxMjMyODEyL3NxbERhdGFiYXNlcy9kYk5hbWU0L2NvbnRhaW5lcnMvY29udGFpbmVyTmFtZTMvb3BlcmF0aW9uUmVzdWx0cy9jOTg3MDY5Zi0yNWMzLTQxMmUtYjYyZC01MDIwMDE4ZmI1NjU/YXBpLXZlcnNpb249MjAyMS0wNC0xNQ==",
      "RequestMethod": "GET",
      "RequestBody": "",
      "RequestHeaders": {
        "x-ms-client-request-id": [
          "d4f43b4c-2912-4904-98f6-87e2ee127653"
        ],
        "User-Agent": [
          "FxVersion/4.6.29916.01",
          "OSName/Windows",
          "OSVersion/Microsoft.Windows.10.0.19043.",
          "Microsoft.Azure.Management.CosmosDB.CosmosDBManagementClient/3.0.0.0"
        ]
      },
      "ResponseHeaders": {
        "Cache-Control": [
          "no-store, no-cache"
        ],
        "Pragma": [
          "no-cache"
        ],
        "Strict-Transport-Security": [
          "max-age=31536000; includeSubDomains"
        ],
        "x-ms-gatewayversion": [
          "version=2.11.0"
        ],
        "Server": [
          "Microsoft-HTTPAPI/2.0"
        ],
        "x-ms-ratelimit-remaining-subscription-reads": [
          "11959"
        ],
        "x-ms-request-id": [
          "d4c97ec3-e6a0-48e8-9cce-d5501ed9b531"
        ],
        "x-ms-correlation-request-id": [
          "d4c97ec3-e6a0-48e8-9cce-d5501ed9b531"
        ],
        "x-ms-routing-request-id": [
          "WESTCENTRALUS:20210511T034005Z:d4c97ec3-e6a0-48e8-9cce-d5501ed9b531"
        ],
        "X-Content-Type-Options": [
          "nosniff"
        ],
        "Date": [
          "Tue, 11 May 2021 03:40:04 GMT"
        ],
        "Content-Type": [
          "application/json"
        ]
      },
      "ResponseBody": "",
      "StatusCode": 204
    },
    {
      "RequestUri": "/subscriptions/12053b8f-cab5-4f5c-9c1a-870580142abd/providers/Microsoft.DocumentDB/locations/southcentralus/operationsStatus/b9e2ed8b-f4d5-45d5-981a-b1967218124b?api-version=2021-04-15",
      "EncodedRequestUri": "L3N1YnNjcmlwdGlvbnMvMTIwNTNiOGYtY2FiNS00ZjVjLTljMWEtODcwNTgwMTQyYWJkL3Byb3ZpZGVycy9NaWNyb3NvZnQuRG9jdW1lbnREQi9sb2NhdGlvbnMvc291dGhjZW50cmFsdXMvb3BlcmF0aW9uc1N0YXR1cy9iOWUyZWQ4Yi1mNGQ1LTQ1ZDUtOTgxYS1iMTk2NzIxODEyNGI/YXBpLXZlcnNpb249MjAyMS0wNC0xNQ==",
      "RequestMethod": "GET",
      "RequestBody": "",
      "RequestHeaders": {
        "x-ms-client-request-id": [
          "d02e4d57-5e6e-4433-aed6-2d5d6b23588b"
        ],
        "User-Agent": [
          "FxVersion/4.6.29916.01",
          "OSName/Windows",
          "OSVersion/Microsoft.Windows.10.0.19043.",
          "Microsoft.Azure.Management.CosmosDB.CosmosDBManagementClient/3.0.0.0"
        ]
      },
      "ResponseHeaders": {
        "Cache-Control": [
          "no-store, no-cache"
        ],
        "Pragma": [
          "no-cache"
        ],
        "Strict-Transport-Security": [
          "max-age=31536000; includeSubDomains"
        ],
        "x-ms-gatewayversion": [
          "version=2.11.0"
        ],
        "Server": [
          "Microsoft-HTTPAPI/2.0"
        ],
        "x-ms-ratelimit-remaining-subscription-reads": [
          "11999"
        ],
        "x-ms-request-id": [
          "42e141a0-dcbb-4960-be2e-68a94656e4c8"
        ],
        "x-ms-correlation-request-id": [
          "42e141a0-dcbb-4960-be2e-68a94656e4c8"
        ],
        "x-ms-routing-request-id": [
          "WESTUS:20210511T034036Z:42e141a0-dcbb-4960-be2e-68a94656e4c8"
        ],
        "X-Content-Type-Options": [
          "nosniff"
        ],
        "Date": [
          "Tue, 11 May 2021 03:40:35 GMT"
        ],
        "Content-Length": [
          "22"
        ],
        "Content-Type": [
          "application/json"
        ]
      },
      "ResponseBody": "{\r\n  \"status\": \"Succeeded\"\r\n}",
      "StatusCode": 200
    },
    {
      "RequestUri": "/subscriptions/12053b8f-cab5-4f5c-9c1a-870580142abd/resourceGroups/rgtest9921232812/providers/Microsoft.DocumentDB/databaseAccounts/cosmosdb9921232812/sqlDatabases/dbName4/operationResults/b9e2ed8b-f4d5-45d5-981a-b1967218124b?api-version=2021-04-15",
      "EncodedRequestUri": "L3N1YnNjcmlwdGlvbnMvMTIwNTNiOGYtY2FiNS00ZjVjLTljMWEtODcwNTgwMTQyYWJkL3Jlc291cmNlR3JvdXBzL3JndGVzdDk5MjEyMzI4MTIvcHJvdmlkZXJzL01pY3Jvc29mdC5Eb2N1bWVudERCL2RhdGFiYXNlQWNjb3VudHMvY29zbW9zZGI5OTIxMjMyODEyL3NxbERhdGFiYXNlcy9kYk5hbWU0L29wZXJhdGlvblJlc3VsdHMvYjllMmVkOGItZjRkNS00NWQ1LTk4MWEtYjE5NjcyMTgxMjRiP2FwaS12ZXJzaW9uPTIwMjEtMDQtMTU=",
      "RequestMethod": "GET",
      "RequestBody": "",
      "RequestHeaders": {
        "x-ms-client-request-id": [
          "d02e4d57-5e6e-4433-aed6-2d5d6b23588b"
        ],
        "User-Agent": [
          "FxVersion/4.6.29916.01",
          "OSName/Windows",
          "OSVersion/Microsoft.Windows.10.0.19043.",
          "Microsoft.Azure.Management.CosmosDB.CosmosDBManagementClient/3.0.0.0"
        ]
      },
      "ResponseHeaders": {
        "Cache-Control": [
          "no-store, no-cache"
        ],
        "Pragma": [
          "no-cache"
        ],
        "Strict-Transport-Security": [
          "max-age=31536000; includeSubDomains"
        ],
        "x-ms-gatewayversion": [
          "version=2.11.0"
        ],
        "Server": [
          "Microsoft-HTTPAPI/2.0"
        ],
        "x-ms-ratelimit-remaining-subscription-reads": [
          "11998"
        ],
        "x-ms-request-id": [
          "bb2abe7b-fad8-4b89-9656-68be5699d650"
        ],
        "x-ms-correlation-request-id": [
          "bb2abe7b-fad8-4b89-9656-68be5699d650"
        ],
        "x-ms-routing-request-id": [
          "WESTUS:20210511T034036Z:bb2abe7b-fad8-4b89-9656-68be5699d650"
        ],
        "X-Content-Type-Options": [
          "nosniff"
        ],
        "Date": [
          "Tue, 11 May 2021 03:40:35 GMT"
        ],
        "Content-Type": [
          "application/json"
        ]
      },
      "ResponseBody": "",
      "StatusCode": 204
    }
  ],
  "Names": {},
  "Variables": {
    "SubscriptionId": "12053b8f-cab5-4f5c-9c1a-870580142abd"
  }
}