{
  "Entries": [
    {
      "RequestUri": "/subscriptions/12053b8f-cab5-4f5c-9c1a-870580142abd/resourceGroups/rgtest9921232812/providers/Microsoft.DocumentDB/databaseAccounts/cosmosdb9921232812?api-version=2019-08-01",
      "EncodedRequestUri": "L3N1YnNjcmlwdGlvbnMvMTIwNTNiOGYtY2FiNS00ZjVjLTljMWEtODcwNTgwMTQyYWJkL3Jlc291cmNlR3JvdXBzL3JndGVzdDk5MjEyMzI4MTIvcHJvdmlkZXJzL01pY3Jvc29mdC5Eb2N1bWVudERCL2RhdGFiYXNlQWNjb3VudHMvY29zbW9zZGI5OTIxMjMyODEyP2FwaS12ZXJzaW9uPTIwMTktMDgtMDE=",
      "RequestMethod": "GET",
      "RequestBody": "",
      "RequestHeaders": {
        "x-ms-client-request-id": [
          "2cf5adfd-3e08-49a3-b83f-13482e29c4a8"
        ],
        "Accept-Language": [
          "en-US"
        ],
        "User-Agent": [
          "FxVersion/4.6.27817.03",
          "OSName/Windows",
          "OSVersion/Microsoft.Windows.10.0.18363.",
          "Microsoft.Azure.Management.CosmosDB.CosmosDBManagementClient/1.0.0.0"
        ]
      },
      "ResponseHeaders": {
        "Cache-Control": [
          "no-store, no-cache"
        ],
        "Pragma": [
          "no-cache"
        ],
        "Strict-Transport-Security": [
          "max-age=31536000; includeSubDomains"
        ],
        "x-ms-gatewayversion": [
          "version=2.9.2"
        ],
        "Server": [
          "Microsoft-HTTPAPI/2.0"
        ],
        "x-ms-ratelimit-remaining-subscription-reads": [
          "11998"
        ],
        "x-ms-request-id": [
          "f83257e5-8c40-47c4-aba5-cf1173b5225c"
        ],
        "x-ms-correlation-request-id": [
          "f83257e5-8c40-47c4-aba5-cf1173b5225c"
        ],
        "x-ms-routing-request-id": [
          "WESTUS:20200116T221550Z:f83257e5-8c40-47c4-aba5-cf1173b5225c"
        ],
        "X-Content-Type-Options": [
          "nosniff"
        ],
        "Date": [
          "Thu, 16 Jan 2020 22:15:49 GMT"
        ],
        "Content-Length": [
          "1783"
        ],
        "Content-Type": [
          "application/json"
        ],
        "Content-Location": [
          "https://management.documents.azure.com:450/subscriptions/12053b8f-cab5-4f5c-9c1a-870580142abd/resourceGroups/rgtest9921232812/providers/Microsoft.DocumentDB/databaseAccounts/cosmosdb9921232812?api-version=2019-08-01"
        ]
      },
      "ResponseBody": "{\r\n  \"id\": \"/subscriptions/12053b8f-cab5-4f5c-9c1a-870580142abd/resourceGroups/rgtest9921232812/providers/Microsoft.DocumentDB/databaseAccounts/cosmosdb9921232812\",\r\n  \"name\": \"cosmosdb9921232812\",\r\n  \"location\": \"West US\",\r\n  \"type\": \"Microsoft.DocumentDB/databaseAccounts\",\r\n  \"kind\": \"GlobalDocumentDB\",\r\n  \"tags\": {\r\n    \"defaultExperience\": \"Core (SQL)\",\r\n    \"hidden-cosmos-mmspecial\": \"\"\r\n  },\r\n  \"properties\": {\r\n    \"provisioningState\": \"Succeeded\",\r\n    \"documentEndpoint\": \"https://cosmosdb9921232812.documents.azure.com:443/\",\r\n    \"ipRangeFilter\": \"\",\r\n    \"enableAutomaticFailover\": false,\r\n    \"enableMultipleWriteLocations\": false,\r\n    \"enablePartitionKeyMonitor\": false,\r\n    \"isVirtualNetworkFilterEnabled\": false,\r\n    \"virtualNetworkRules\": [],\r\n    \"EnabledApiTypes\": \"Sql\",\r\n    \"disableKeyBasedMetadataWriteAccess\": false,\r\n    \"databaseAccountOfferType\": \"Standard\",\r\n    \"enableCassandraConnector\": false,\r\n    \"connectorOffer\": \"\",\r\n    \"consistencyPolicy\": {\r\n      \"defaultConsistencyLevel\": \"Session\",\r\n      \"maxIntervalInSeconds\": 5,\r\n      \"maxStalenessPrefix\": 100\r\n    },\r\n    \"configurationOverrides\": {},\r\n    \"writeLocations\": [\r\n      {\r\n        \"id\": \"cosmosdb9921232812-westus\",\r\n        \"locationName\": \"West US\",\r\n        \"documentEndpoint\": \"https://cosmosdb9921232812-westus.documents.azure.com:443/\",\r\n        \"provisioningState\": \"Succeeded\",\r\n        \"failoverPriority\": 0,\r\n        \"isZoneRedundant\": false\r\n      }\r\n    ],\r\n    \"readLocations\": [\r\n      {\r\n        \"id\": \"cosmosdb9921232812-westus\",\r\n        \"locationName\": \"West US\",\r\n        \"documentEndpoint\": \"https://cosmosdb9921232812-westus.documents.azure.com:443/\",\r\n        \"provisioningState\": \"Succeeded\",\r\n        \"failoverPriority\": 0,\r\n        \"isZoneRedundant\": false\r\n      }\r\n    ],\r\n    \"locations\": [\r\n      {\r\n        \"id\": \"cosmosdb9921232812-westus\",\r\n        \"locationName\": \"West US\",\r\n        \"documentEndpoint\": \"https://cosmosdb9921232812-westus.documents.azure.com:443/\",\r\n        \"provisioningState\": \"Succeeded\",\r\n        \"failoverPriority\": 0,\r\n        \"isZoneRedundant\": false\r\n      }\r\n    ],\r\n    \"failoverPolicies\": [\r\n      {\r\n        \"id\": \"cosmosdb9921232812-westus\",\r\n        \"locationName\": \"West US\",\r\n        \"failoverPriority\": 0\r\n      }\r\n    ],\r\n    \"cors\": [],\r\n    \"capabilities\": []\r\n  }\r\n}",
      "StatusCode": 200
    },
    {
      "RequestUri": "/subscriptions/12053b8f-cab5-4f5c-9c1a-870580142abd/resourceGroups/rgtest9921232812/providers/Microsoft.DocumentDB/databaseAccounts/cosmosdb9921232812/sqlDatabases/dbName2?api-version=2019-08-01",
      "EncodedRequestUri": "L3N1YnNjcmlwdGlvbnMvMTIwNTNiOGYtY2FiNS00ZjVjLTljMWEtODcwNTgwMTQyYWJkL3Jlc291cmNlR3JvdXBzL3JndGVzdDk5MjEyMzI4MTIvcHJvdmlkZXJzL01pY3Jvc29mdC5Eb2N1bWVudERCL2RhdGFiYXNlQWNjb3VudHMvY29zbW9zZGI5OTIxMjMyODEyL3NxbERhdGFiYXNlcy9kYk5hbWUyP2FwaS12ZXJzaW9uPTIwMTktMDgtMDE=",
      "RequestMethod": "PUT",
      "RequestBody": "{\r\n  \"properties\": {\r\n    \"resource\": {\r\n      \"id\": \"dbName2\"\r\n    },\r\n    \"options\": {}\r\n  }\r\n}",
      "RequestHeaders": {
        "x-ms-client-request-id": [
          "d4b640d9-9873-4c70-8727-e12c0df60d9f"
        ],
        "Accept-Language": [
          "en-US"
        ],
        "User-Agent": [
          "FxVersion/4.6.27817.03",
          "OSName/Windows",
          "OSVersion/Microsoft.Windows.10.0.18363.",
          "Microsoft.Azure.Management.CosmosDB.CosmosDBManagementClient/1.0.0.0"
        ],
        "Content-Type": [
          "application/json; charset=utf-8"
        ],
        "Content-Length": [
          "97"
        ]
      },
      "ResponseHeaders": {
        "Cache-Control": [
          "no-store, no-cache"
        ],
        "Pragma": [
          "no-cache"
        ],
        "Location": [
          "https://management.azure.com/subscriptions/12053b8f-cab5-4f5c-9c1a-870580142abd/resourceGroups/rgtest9921232812/providers/Microsoft.DocumentDB/databaseAccounts/cosmosdb9921232812/sqlDatabases/dbName2/operationResults/5d5354b8-5ad3-4534-b91f-25b809dd6a12?api-version=2019-08-01"
        ],
        "Azure-AsyncOperation": [
          "https://management.azure.com/subscriptions/12053b8f-cab5-4f5c-9c1a-870580142abd/providers/Microsoft.DocumentDB/locations/westus/operationsStatus/5d5354b8-5ad3-4534-b91f-25b809dd6a12?api-version=2019-08-01"
        ],
        "x-ms-request-id": [
          "5d5354b8-5ad3-4534-b91f-25b809dd6a12"
        ],
        "Strict-Transport-Security": [
          "max-age=31536000; includeSubDomains"
        ],
        "x-ms-gatewayversion": [
          "version=2.9.2"
        ],
        "Server": [
          "Microsoft-HTTPAPI/2.0"
        ],
        "x-ms-ratelimit-remaining-subscription-writes": [
          "1199"
        ],
        "x-ms-correlation-request-id": [
          "9bfbd40c-4013-452b-aa6d-ccef56291e02"
        ],
        "x-ms-routing-request-id": [
          "WESTUS:20200116T221551Z:9bfbd40c-4013-452b-aa6d-ccef56291e02"
        ],
        "X-Content-Type-Options": [
          "nosniff"
        ],
        "Date": [
          "Thu, 16 Jan 2020 22:15:50 GMT"
        ],
        "Content-Length": [
          "32"
        ],
        "Content-Type": [
          "application/json"
        ],
        "Content-Location": [
          "https://management.documents.azure.com:450/subscriptions/12053b8f-cab5-4f5c-9c1a-870580142abd/resourceGroups/rgtest9921232812/providers/Microsoft.DocumentDB/databaseAccounts/cosmosdb9921232812/sqlDatabases/dbName2?api-version=2019-08-01"
        ]
      },
      "ResponseBody": "{\r\n  \"status\": \"Enqueued\",\r\n  \"error\": {}\r\n}",
      "StatusCode": 202
    },
    {
      "RequestUri": "/subscriptions/12053b8f-cab5-4f5c-9c1a-870580142abd/providers/Microsoft.DocumentDB/locations/westus/operationsStatus/5d5354b8-5ad3-4534-b91f-25b809dd6a12?api-version=2019-08-01",
      "EncodedRequestUri": "L3N1YnNjcmlwdGlvbnMvMTIwNTNiOGYtY2FiNS00ZjVjLTljMWEtODcwNTgwMTQyYWJkL3Byb3ZpZGVycy9NaWNyb3NvZnQuRG9jdW1lbnREQi9sb2NhdGlvbnMvd2VzdHVzL29wZXJhdGlvbnNTdGF0dXMvNWQ1MzU0YjgtNWFkMy00NTM0LWI5MWYtMjViODA5ZGQ2YTEyP2FwaS12ZXJzaW9uPTIwMTktMDgtMDE=",
      "RequestMethod": "GET",
      "RequestBody": "",
      "RequestHeaders": {
        "User-Agent": [
          "FxVersion/4.6.27817.03",
          "OSName/Windows",
          "OSVersion/Microsoft.Windows.10.0.18363.",
          "Microsoft.Azure.Management.CosmosDB.CosmosDBManagementClient/1.0.0.0"
        ]
      },
      "ResponseHeaders": {
        "Cache-Control": [
          "no-store, no-cache"
        ],
        "Pragma": [
          "no-cache"
        ],
        "Strict-Transport-Security": [
          "max-age=31536000; includeSubDomains"
        ],
        "x-ms-gatewayversion": [
          "version=2.9.2"
        ],
        "Server": [
          "Microsoft-HTTPAPI/2.0"
        ],
        "x-ms-ratelimit-remaining-subscription-reads": [
          "11997"
        ],
        "x-ms-request-id": [
          "f0701f21-42e7-434c-ac19-527b4ec026c9"
        ],
        "x-ms-correlation-request-id": [
          "f0701f21-42e7-434c-ac19-527b4ec026c9"
        ],
        "x-ms-routing-request-id": [
          "WESTUS:20200116T221621Z:f0701f21-42e7-434c-ac19-527b4ec026c9"
        ],
        "X-Content-Type-Options": [
          "nosniff"
        ],
        "Date": [
          "Thu, 16 Jan 2020 22:16:20 GMT"
        ],
        "Content-Length": [
          "33"
        ],
        "Content-Type": [
          "application/json"
        ],
        "Content-Location": [
          "https://management.documents.azure.com:450/subscriptions/12053b8f-cab5-4f5c-9c1a-870580142abd/providers/Microsoft.DocumentDB/locations/westus/operationsStatus/5d5354b8-5ad3-4534-b91f-25b809dd6a12?api-version=2019-08-01"
        ]
      },
      "ResponseBody": "{\r\n  \"status\": \"Succeeded\",\r\n  \"error\": {}\r\n}",
      "StatusCode": 200
    },
    {
      "RequestUri": "/subscriptions/12053b8f-cab5-4f5c-9c1a-870580142abd/resourceGroups/rgtest9921232812/providers/Microsoft.DocumentDB/databaseAccounts/cosmosdb9921232812/sqlDatabases/dbName2?api-version=2019-08-01",
      "EncodedRequestUri": "L3N1YnNjcmlwdGlvbnMvMTIwNTNiOGYtY2FiNS00ZjVjLTljMWEtODcwNTgwMTQyYWJkL3Jlc291cmNlR3JvdXBzL3JndGVzdDk5MjEyMzI4MTIvcHJvdmlkZXJzL01pY3Jvc29mdC5Eb2N1bWVudERCL2RhdGFiYXNlQWNjb3VudHMvY29zbW9zZGI5OTIxMjMyODEyL3NxbERhdGFiYXNlcy9kYk5hbWUyP2FwaS12ZXJzaW9uPTIwMTktMDgtMDE=",
      "RequestMethod": "GET",
      "RequestBody": "",
      "RequestHeaders": {
        "User-Agent": [
          "FxVersion/4.6.27817.03",
          "OSName/Windows",
          "OSVersion/Microsoft.Windows.10.0.18363.",
          "Microsoft.Azure.Management.CosmosDB.CosmosDBManagementClient/1.0.0.0"
        ]
      },
      "ResponseHeaders": {
        "Cache-Control": [
          "no-store, no-cache"
        ],
        "Pragma": [
          "no-cache"
        ],
        "Strict-Transport-Security": [
          "max-age=31536000; includeSubDomains"
        ],
        "x-ms-gatewayversion": [
          "version=2.9.2"
        ],
        "Server": [
          "Microsoft-HTTPAPI/2.0"
        ],
        "x-ms-ratelimit-remaining-subscription-reads": [
          "11996"
        ],
        "x-ms-request-id": [
          "cddfedf0-5be4-4419-80bc-248df319a722"
        ],
        "x-ms-correlation-request-id": [
          "cddfedf0-5be4-4419-80bc-248df319a722"
        ],
        "x-ms-routing-request-id": [
          "WESTUS:20200116T221621Z:cddfedf0-5be4-4419-80bc-248df319a722"
        ],
        "X-Content-Type-Options": [
          "nosniff"
        ],
        "Date": [
          "Thu, 16 Jan 2020 22:16:21 GMT"
        ],
        "Content-Length": [
          "446"
        ],
        "Content-Type": [
          "application/json"
        ],
        "Content-Location": [
          "https://management.documents.azure.com:450/subscriptions/12053b8f-cab5-4f5c-9c1a-870580142abd/resourceGroups/rgtest9921232812/providers/Microsoft.DocumentDB/databaseAccounts/cosmosdb9921232812/sqlDatabases/dbName2?api-version=2019-08-01"
        ]
      },
      "ResponseBody": "{\r\n  \"id\": \"/subscriptions/12053b8f-cab5-4f5c-9c1a-870580142abd/resourceGroups/rgtest9921232812/providers/Microsoft.DocumentDB/databaseAccounts/cosmosdb9921232812/sqlDatabases/dbName2\",\r\n  \"type\": \"Microsoft.DocumentDB/databaseAccounts/sqlDatabases\",\r\n  \"name\": \"dbName2\",\r\n  \"properties\": {\r\n    \"resource\": {\r\n      \"id\": \"dbName2\",\r\n      \"_rid\": \"fRsPAA==\",\r\n      \"_self\": \"dbs/fRsPAA==/\",\r\n      \"_etag\": \"\\\"0000c04e-0000-0700-0000-5e20e0980000\\\"\",\r\n      \"_colls\": \"colls/\",\r\n      \"_users\": \"users/\",\r\n      \"_ts\": 1579212952\r\n    }\r\n  }\r\n}",
      "StatusCode": 200
    },
    {
      "RequestUri": "/subscriptions/12053b8f-cab5-4f5c-9c1a-870580142abd/resourceGroups/rgtest9921232812/providers/Microsoft.DocumentDB/databaseAccounts/cosmosdb9921232812/sqlDatabases/dbName2?api-version=2019-08-01",
      "EncodedRequestUri": "L3N1YnNjcmlwdGlvbnMvMTIwNTNiOGYtY2FiNS00ZjVjLTljMWEtODcwNTgwMTQyYWJkL3Jlc291cmNlR3JvdXBzL3JndGVzdDk5MjEyMzI4MTIvcHJvdmlkZXJzL01pY3Jvc29mdC5Eb2N1bWVudERCL2RhdGFiYXNlQWNjb3VudHMvY29zbW9zZGI5OTIxMjMyODEyL3NxbERhdGFiYXNlcy9kYk5hbWUyP2FwaS12ZXJzaW9uPTIwMTktMDgtMDE=",
      "RequestMethod": "GET",
      "RequestBody": "",
      "RequestHeaders": {
        "x-ms-client-request-id": [
          "234c9458-97c5-4caf-a6e6-06bf19214f83"
        ],
        "Accept-Language": [
          "en-US"
        ],
        "User-Agent": [
          "FxVersion/4.6.27817.03",
          "OSName/Windows",
          "OSVersion/Microsoft.Windows.10.0.18363.",
          "Microsoft.Azure.Management.CosmosDB.CosmosDBManagementClient/1.0.0.0"
        ]
      },
      "ResponseHeaders": {
        "Cache-Control": [
          "no-store, no-cache"
        ],
        "Pragma": [
          "no-cache"
        ],
        "Strict-Transport-Security": [
          "max-age=31536000; includeSubDomains"
        ],
        "x-ms-gatewayversion": [
          "version=2.9.2"
        ],
        "Server": [
          "Microsoft-HTTPAPI/2.0"
        ],
        "x-ms-ratelimit-remaining-subscription-reads": [
          "11987"
        ],
        "x-ms-request-id": [
          "e9560030-6e08-4873-867d-2845e9ebc2c9"
        ],
        "x-ms-correlation-request-id": [
          "e9560030-6e08-4873-867d-2845e9ebc2c9"
        ],
        "x-ms-routing-request-id": [
          "WESTUS:20200116T221827Z:e9560030-6e08-4873-867d-2845e9ebc2c9"
        ],
        "X-Content-Type-Options": [
          "nosniff"
        ],
        "Date": [
          "Thu, 16 Jan 2020 22:18:27 GMT"
        ],
        "Content-Length": [
          "446"
        ],
        "Content-Type": [
          "application/json"
        ],
        "Content-Location": [
          "https://management.documents.azure.com:450/subscriptions/12053b8f-cab5-4f5c-9c1a-870580142abd/resourceGroups/rgtest9921232812/providers/Microsoft.DocumentDB/databaseAccounts/cosmosdb9921232812/sqlDatabases/dbName2?api-version=2019-08-01"
        ]
      },
      "ResponseBody": "{\r\n  \"id\": \"/subscriptions/12053b8f-cab5-4f5c-9c1a-870580142abd/resourceGroups/rgtest9921232812/providers/Microsoft.DocumentDB/databaseAccounts/cosmosdb9921232812/sqlDatabases/dbName2\",\r\n  \"type\": \"Microsoft.DocumentDB/databaseAccounts/sqlDatabases\",\r\n  \"name\": \"dbName2\",\r\n  \"properties\": {\r\n    \"resource\": {\r\n      \"id\": \"dbName2\",\r\n      \"_rid\": \"fRsPAA==\",\r\n      \"_self\": \"dbs/fRsPAA==/\",\r\n      \"_etag\": \"\\\"0000c04e-0000-0700-0000-5e20e0980000\\\"\",\r\n      \"_colls\": \"colls/\",\r\n      \"_users\": \"users/\",\r\n      \"_ts\": 1579212952\r\n    }\r\n  }\r\n}",
      "StatusCode": 200
    },
    {
      "RequestUri": "/subscriptions/12053b8f-cab5-4f5c-9c1a-870580142abd/resourceGroups/rgtest9921232812/providers/Microsoft.DocumentDB/databaseAccounts/cosmosdb9921232812/sqlDatabases/dbName2/containers/container1?api-version=2019-08-01",
      "EncodedRequestUri": "L3N1YnNjcmlwdGlvbnMvMTIwNTNiOGYtY2FiNS00ZjVjLTljMWEtODcwNTgwMTQyYWJkL3Jlc291cmNlR3JvdXBzL3JndGVzdDk5MjEyMzI4MTIvcHJvdmlkZXJzL01pY3Jvc29mdC5Eb2N1bWVudERCL2RhdGFiYXNlQWNjb3VudHMvY29zbW9zZGI5OTIxMjMyODEyL3NxbERhdGFiYXNlcy9kYk5hbWUyL2NvbnRhaW5lcnMvY29udGFpbmVyMT9hcGktdmVyc2lvbj0yMDE5LTA4LTAx",
      "RequestMethod": "PUT",
      "RequestBody": "{\r\n  \"properties\": {\r\n    \"resource\": {\r\n      \"id\": \"container1\",\r\n      \"partitionKey\": {\r\n        \"paths\": [\r\n          \"/foo/bar\"\r\n        ],\r\n        \"kind\": \"Hash\"\r\n      }\r\n    },\r\n    \"options\": {}\r\n  }\r\n}",
      "RequestHeaders": {
        "x-ms-client-request-id": [
          "c16abade-0ff4-4f6f-bc44-0ea3862b523f"
        ],
        "Accept-Language": [
          "en-US"
        ],
        "User-Agent": [
          "FxVersion/4.6.27817.03",
          "OSName/Windows",
          "OSVersion/Microsoft.Windows.10.0.18363.",
          "Microsoft.Azure.Management.CosmosDB.CosmosDBManagementClient/1.0.0.0"
        ],
        "Content-Type": [
          "application/json; charset=utf-8"
        ],
        "Content-Length": [
          "213"
        ]
      },
      "ResponseHeaders": {
        "Cache-Control": [
          "no-store, no-cache"
        ],
        "Pragma": [
          "no-cache"
        ],
        "Location": [
          "https://management.azure.com/subscriptions/12053b8f-cab5-4f5c-9c1a-870580142abd/resourceGroups/rgtest9921232812/providers/Microsoft.DocumentDB/databaseAccounts/cosmosdb9921232812/sqlDatabases/dbName2/containers/container1/operationResults/ad54e5da-36db-44f9-ac3a-573fbb6434af?api-version=2019-08-01"
        ],
        "Azure-AsyncOperation": [
          "https://management.azure.com/subscriptions/12053b8f-cab5-4f5c-9c1a-870580142abd/providers/Microsoft.DocumentDB/locations/westus/operationsStatus/ad54e5da-36db-44f9-ac3a-573fbb6434af?api-version=2019-08-01"
        ],
        "x-ms-request-id": [
          "ad54e5da-36db-44f9-ac3a-573fbb6434af"
        ],
        "Strict-Transport-Security": [
          "max-age=31536000; includeSubDomains"
        ],
        "x-ms-gatewayversion": [
          "version=2.9.2"
        ],
        "Server": [
          "Microsoft-HTTPAPI/2.0"
        ],
        "x-ms-ratelimit-remaining-subscription-writes": [
          "1198"
        ],
        "x-ms-correlation-request-id": [
          "2bc7198d-d9a9-4c27-b8b2-67b40e434921"
        ],
        "x-ms-routing-request-id": [
          "WESTUS:20200116T221622Z:2bc7198d-d9a9-4c27-b8b2-67b40e434921"
        ],
        "X-Content-Type-Options": [
          "nosniff"
        ],
        "Date": [
          "Thu, 16 Jan 2020 22:16:22 GMT"
        ],
        "Content-Length": [
          "32"
        ],
        "Content-Type": [
          "application/json"
        ],
        "Content-Location": [
          "https://management.documents.azure.com:450/subscriptions/12053b8f-cab5-4f5c-9c1a-870580142abd/resourceGroups/rgtest9921232812/providers/Microsoft.DocumentDB/databaseAccounts/cosmosdb9921232812/sqlDatabases/dbName2/containers/container1?api-version=2019-08-01"
        ]
      },
      "ResponseBody": "{\r\n  \"status\": \"Enqueued\",\r\n  \"error\": {}\r\n}",
      "StatusCode": 202
    },
    {
      "RequestUri": "/subscriptions/12053b8f-cab5-4f5c-9c1a-870580142abd/providers/Microsoft.DocumentDB/locations/westus/operationsStatus/ad54e5da-36db-44f9-ac3a-573fbb6434af?api-version=2019-08-01",
      "EncodedRequestUri": "L3N1YnNjcmlwdGlvbnMvMTIwNTNiOGYtY2FiNS00ZjVjLTljMWEtODcwNTgwMTQyYWJkL3Byb3ZpZGVycy9NaWNyb3NvZnQuRG9jdW1lbnREQi9sb2NhdGlvbnMvd2VzdHVzL29wZXJhdGlvbnNTdGF0dXMvYWQ1NGU1ZGEtMzZkYi00NGY5LWFjM2EtNTczZmJiNjQzNGFmP2FwaS12ZXJzaW9uPTIwMTktMDgtMDE=",
      "RequestMethod": "GET",
      "RequestBody": "",
      "RequestHeaders": {
        "User-Agent": [
          "FxVersion/4.6.27817.03",
          "OSName/Windows",
          "OSVersion/Microsoft.Windows.10.0.18363.",
          "Microsoft.Azure.Management.CosmosDB.CosmosDBManagementClient/1.0.0.0"
        ]
      },
      "ResponseHeaders": {
        "Cache-Control": [
          "no-store, no-cache"
        ],
        "Pragma": [
          "no-cache"
        ],
        "Strict-Transport-Security": [
          "max-age=31536000; includeSubDomains"
        ],
        "x-ms-gatewayversion": [
          "version=2.9.2"
        ],
        "Server": [
          "Microsoft-HTTPAPI/2.0"
        ],
        "x-ms-ratelimit-remaining-subscription-reads": [
          "11995"
        ],
        "x-ms-request-id": [
          "3c58af7e-77b9-499c-9cf7-2c91ba92d022"
        ],
        "x-ms-correlation-request-id": [
          "3c58af7e-77b9-499c-9cf7-2c91ba92d022"
        ],
        "x-ms-routing-request-id": [
          "WESTUS:20200116T221652Z:3c58af7e-77b9-499c-9cf7-2c91ba92d022"
        ],
        "X-Content-Type-Options": [
          "nosniff"
        ],
        "Date": [
          "Thu, 16 Jan 2020 22:16:52 GMT"
        ],
        "Content-Length": [
          "33"
        ],
        "Content-Type": [
          "application/json"
        ],
        "Content-Location": [
          "https://management.documents.azure.com:450/subscriptions/12053b8f-cab5-4f5c-9c1a-870580142abd/providers/Microsoft.DocumentDB/locations/westus/operationsStatus/ad54e5da-36db-44f9-ac3a-573fbb6434af?api-version=2019-08-01"
        ]
      },
      "ResponseBody": "{\r\n  \"status\": \"Succeeded\",\r\n  \"error\": {}\r\n}",
      "StatusCode": 200
    },
    {
      "RequestUri": "/subscriptions/12053b8f-cab5-4f5c-9c1a-870580142abd/resourceGroups/rgtest9921232812/providers/Microsoft.DocumentDB/databaseAccounts/cosmosdb9921232812/sqlDatabases/dbName2/containers/container1?api-version=2019-08-01",
      "EncodedRequestUri": "L3N1YnNjcmlwdGlvbnMvMTIwNTNiOGYtY2FiNS00ZjVjLTljMWEtODcwNTgwMTQyYWJkL3Jlc291cmNlR3JvdXBzL3JndGVzdDk5MjEyMzI4MTIvcHJvdmlkZXJzL01pY3Jvc29mdC5Eb2N1bWVudERCL2RhdGFiYXNlQWNjb3VudHMvY29zbW9zZGI5OTIxMjMyODEyL3NxbERhdGFiYXNlcy9kYk5hbWUyL2NvbnRhaW5lcnMvY29udGFpbmVyMT9hcGktdmVyc2lvbj0yMDE5LTA4LTAx",
      "RequestMethod": "GET",
      "RequestBody": "",
      "RequestHeaders": {
        "User-Agent": [
          "FxVersion/4.6.27817.03",
          "OSName/Windows",
          "OSVersion/Microsoft.Windows.10.0.18363.",
          "Microsoft.Azure.Management.CosmosDB.CosmosDBManagementClient/1.0.0.0"
        ]
      },
      "ResponseHeaders": {
        "Cache-Control": [
          "no-store, no-cache"
        ],
        "Pragma": [
          "no-cache"
        ],
        "Strict-Transport-Security": [
          "max-age=31536000; includeSubDomains"
        ],
        "x-ms-gatewayversion": [
          "version=2.9.2"
        ],
        "Server": [
          "Microsoft-HTTPAPI/2.0"
        ],
        "x-ms-ratelimit-remaining-subscription-reads": [
          "11994"
        ],
        "x-ms-request-id": [
          "30dfa645-c185-451f-bf31-532cc856b69a"
        ],
        "x-ms-correlation-request-id": [
          "30dfa645-c185-451f-bf31-532cc856b69a"
        ],
        "x-ms-routing-request-id": [
          "WESTUS:20200116T221653Z:30dfa645-c185-451f-bf31-532cc856b69a"
        ],
        "X-Content-Type-Options": [
          "nosniff"
        ],
        "Date": [
          "Thu, 16 Jan 2020 22:16:53 GMT"
        ],
        "Content-Length": [
          "1034"
        ],
        "Content-Type": [
          "application/json"
        ],
        "Content-Location": [
          "https://management.documents.azure.com:450/subscriptions/12053b8f-cab5-4f5c-9c1a-870580142abd/resourceGroups/rgtest9921232812/providers/Microsoft.DocumentDB/databaseAccounts/cosmosdb9921232812/sqlDatabases/dbName2/containers/container1?api-version=2019-08-01"
        ]
      },
      "ResponseBody": "{\r\n  \"id\": \"/subscriptions/12053b8f-cab5-4f5c-9c1a-870580142abd/resourceGroups/rgtest9921232812/providers/Microsoft.DocumentDB/databaseAccounts/cosmosdb9921232812/sqlDatabases/dbName2/containers/container1\",\r\n  \"type\": \"Microsoft.DocumentDB/databaseAccounts/sqlDatabases/containers\",\r\n  \"name\": \"container1\",\r\n  \"properties\": {\r\n    \"resource\": {\r\n      \"id\": \"container1\",\r\n      \"indexingPolicy\": {\r\n        \"indexingMode\": \"consistent\",\r\n        \"automatic\": true,\r\n        \"includedPaths\": [\r\n          {\r\n            \"path\": \"/*\"\r\n          }\r\n        ],\r\n        \"excludedPaths\": [\r\n          {\r\n            \"path\": \"/\\\"_etag\\\"/?\"\r\n          }\r\n        ]\r\n      },\r\n      \"partitionKey\": {\r\n        \"paths\": [\r\n          \"/foo/bar\"\r\n        ],\r\n        \"kind\": \"Hash\"\r\n      },\r\n      \"uniqueKeyPolicy\": {\r\n        \"uniqueKeys\": []\r\n      },\r\n      \"conflictResolutionPolicy\": {\r\n        \"mode\": \"LastWriterWins\",\r\n        \"conflictResolutionPath\": \"/_ts\",\r\n        \"conflictResolutionProcedure\": \"\"\r\n      },\r\n      \"geospatialConfig\": {\r\n        \"type\": \"Geography\"\r\n      },\r\n      \"_rid\": \"fRsPAKYAcDU=\",\r\n      \"_ts\": 1579212984,\r\n      \"_self\": \"dbs/fRsPAA==/colls/fRsPAKYAcDU=/\",\r\n      \"_etag\": \"\\\"0000c24e-0000-0700-0000-5e20e0b80000\\\"\",\r\n      \"_docs\": \"docs/\",\r\n      \"_sprocs\": \"sprocs/\",\r\n      \"_triggers\": \"triggers/\",\r\n      \"_udfs\": \"udfs/\",\r\n      \"_conflicts\": \"conflicts/\",\r\n      \"statistics\": [\r\n        {\r\n          \"id\": \"0\",\r\n          \"sizeInKB\": 0,\r\n          \"documentCount\": 0,\r\n          \"partitionKeys\": []\r\n        }\r\n      ]\r\n    }\r\n  }\r\n}",
      "StatusCode": 200
    },
    {
      "RequestUri": "/subscriptions/12053b8f-cab5-4f5c-9c1a-870580142abd/resourceGroups/rgtest9921232812/providers/Microsoft.DocumentDB/databaseAccounts/cosmosdb9921232812/sqlDatabases/dbName2/containers/container1?api-version=2019-08-01",
      "EncodedRequestUri": "L3N1YnNjcmlwdGlvbnMvMTIwNTNiOGYtY2FiNS00ZjVjLTljMWEtODcwNTgwMTQyYWJkL3Jlc291cmNlR3JvdXBzL3JndGVzdDk5MjEyMzI4MTIvcHJvdmlkZXJzL01pY3Jvc29mdC5Eb2N1bWVudERCL2RhdGFiYXNlQWNjb3VudHMvY29zbW9zZGI5OTIxMjMyODEyL3NxbERhdGFiYXNlcy9kYk5hbWUyL2NvbnRhaW5lcnMvY29udGFpbmVyMT9hcGktdmVyc2lvbj0yMDE5LTA4LTAx",
      "RequestMethod": "GET",
      "RequestBody": "",
      "RequestHeaders": {
        "x-ms-client-request-id": [
          "398173ae-35b3-4f46-8a3b-ae81f9b0fb58"
        ],
        "Accept-Language": [
          "en-US"
        ],
        "User-Agent": [
          "FxVersion/4.6.27817.03",
          "OSName/Windows",
          "OSVersion/Microsoft.Windows.10.0.18363.",
          "Microsoft.Azure.Management.CosmosDB.CosmosDBManagementClient/1.0.0.0"
        ]
      },
      "ResponseHeaders": {
        "Cache-Control": [
          "no-store, no-cache"
        ],
        "Pragma": [
          "no-cache"
        ],
        "Strict-Transport-Security": [
          "max-age=31536000; includeSubDomains"
        ],
        "x-ms-gatewayversion": [
          "version=2.9.2"
        ],
        "Server": [
          "Microsoft-HTTPAPI/2.0"
        ],
        "x-ms-ratelimit-remaining-subscription-reads": [
          "11986"
        ],
        "x-ms-request-id": [
          "eb5a9886-cd26-47ba-a023-a172c8e6409c"
        ],
        "x-ms-correlation-request-id": [
          "eb5a9886-cd26-47ba-a023-a172c8e6409c"
        ],
        "x-ms-routing-request-id": [
          "WESTUS:20200116T221827Z:eb5a9886-cd26-47ba-a023-a172c8e6409c"
        ],
        "X-Content-Type-Options": [
          "nosniff"
        ],
        "Date": [
          "Thu, 16 Jan 2020 22:18:27 GMT"
        ],
        "Content-Length": [
          "1034"
        ],
        "Content-Type": [
          "application/json"
        ],
        "Content-Location": [
          "https://management.documents.azure.com:450/subscriptions/12053b8f-cab5-4f5c-9c1a-870580142abd/resourceGroups/rgtest9921232812/providers/Microsoft.DocumentDB/databaseAccounts/cosmosdb9921232812/sqlDatabases/dbName2/containers/container1?api-version=2019-08-01"
        ]
      },
      "ResponseBody": "{\r\n  \"id\": \"/subscriptions/12053b8f-cab5-4f5c-9c1a-870580142abd/resourceGroups/rgtest9921232812/providers/Microsoft.DocumentDB/databaseAccounts/cosmosdb9921232812/sqlDatabases/dbName2/containers/container1\",\r\n  \"type\": \"Microsoft.DocumentDB/databaseAccounts/sqlDatabases/containers\",\r\n  \"name\": \"container1\",\r\n  \"properties\": {\r\n    \"resource\": {\r\n      \"id\": \"container1\",\r\n      \"indexingPolicy\": {\r\n        \"indexingMode\": \"consistent\",\r\n        \"automatic\": true,\r\n        \"includedPaths\": [\r\n          {\r\n            \"path\": \"/*\"\r\n          }\r\n        ],\r\n        \"excludedPaths\": [\r\n          {\r\n            \"path\": \"/\\\"_etag\\\"/?\"\r\n          }\r\n        ]\r\n      },\r\n      \"partitionKey\": {\r\n        \"paths\": [\r\n          \"/foo/bar\"\r\n        ],\r\n        \"kind\": \"Hash\"\r\n      },\r\n      \"uniqueKeyPolicy\": {\r\n        \"uniqueKeys\": []\r\n      },\r\n      \"conflictResolutionPolicy\": {\r\n        \"mode\": \"LastWriterWins\",\r\n        \"conflictResolutionPath\": \"/_ts\",\r\n        \"conflictResolutionProcedure\": \"\"\r\n      },\r\n      \"geospatialConfig\": {\r\n        \"type\": \"Geography\"\r\n      },\r\n      \"_rid\": \"fRsPAKYAcDU=\",\r\n      \"_ts\": 1579212984,\r\n      \"_self\": \"dbs/fRsPAA==/colls/fRsPAKYAcDU=/\",\r\n      \"_etag\": \"\\\"0000c24e-0000-0700-0000-5e20e0b80000\\\"\",\r\n      \"_docs\": \"docs/\",\r\n      \"_sprocs\": \"sprocs/\",\r\n      \"_triggers\": \"triggers/\",\r\n      \"_udfs\": \"udfs/\",\r\n      \"_conflicts\": \"conflicts/\",\r\n      \"statistics\": [\r\n        {\r\n          \"id\": \"0\",\r\n          \"sizeInKB\": 0,\r\n          \"documentCount\": 0,\r\n          \"partitionKeys\": []\r\n        }\r\n      ]\r\n    }\r\n  }\r\n}",
      "StatusCode": 200
    },
    {
      "RequestUri": "/subscriptions/12053b8f-cab5-4f5c-9c1a-870580142abd/resourceGroups/rgtest9921232812/providers/Microsoft.DocumentDB/databaseAccounts/cosmosdb9921232812/sqlDatabases/dbName2/containers/container1/storedProcedures/storedProcedure?api-version=2019-08-01",
      "EncodedRequestUri": "L3N1YnNjcmlwdGlvbnMvMTIwNTNiOGYtY2FiNS00ZjVjLTljMWEtODcwNTgwMTQyYWJkL3Jlc291cmNlR3JvdXBzL3JndGVzdDk5MjEyMzI4MTIvcHJvdmlkZXJzL01pY3Jvc29mdC5Eb2N1bWVudERCL2RhdGFiYXNlQWNjb3VudHMvY29zbW9zZGI5OTIxMjMyODEyL3NxbERhdGFiYXNlcy9kYk5hbWUyL2NvbnRhaW5lcnMvY29udGFpbmVyMS9zdG9yZWRQcm9jZWR1cmVzL3N0b3JlZFByb2NlZHVyZT9hcGktdmVyc2lvbj0yMDE5LTA4LTAx",
      "RequestMethod": "PUT",
      "RequestBody": "{\r\n  \"properties\": {\r\n    \"resource\": {\r\n      \"id\": \"storedProcedure\",\r\n      \"body\": \"function () { var context = getContext(); var response = context.getResponse();response.setBody('Hello, World');}\"\r\n    },\r\n    \"options\": {}\r\n  }\r\n}",
      "RequestHeaders": {
        "x-ms-client-request-id": [
          "e64666c7-241d-4c81-910f-580e88a549b6"
        ],
        "Accept-Language": [
          "en-US"
        ],
        "User-Agent": [
          "FxVersion/4.6.27817.03",
          "OSName/Windows",
          "OSVersion/Microsoft.Windows.10.0.18363.",
          "Microsoft.Azure.Management.CosmosDB.CosmosDBManagementClient/1.0.0.0"
        ],
        "Content-Type": [
          "application/json; charset=utf-8"
        ],
        "Content-Length": [
          "237"
        ]
      },
      "ResponseHeaders": {
        "Cache-Control": [
          "no-store, no-cache"
        ],
        "Pragma": [
          "no-cache"
        ],
        "Location": [
          "https://management.azure.com/subscriptions/12053b8f-cab5-4f5c-9c1a-870580142abd/resourceGroups/rgtest9921232812/providers/Microsoft.DocumentDB/databaseAccounts/cosmosdb9921232812/sqlDatabases/dbName2/containers/container1/storedProcedures/storedProcedure/operationResults/cc40ad49-31a9-4c84-88af-52713c02866b?api-version=2019-08-01"
        ],
        "Azure-AsyncOperation": [
          "https://management.azure.com/subscriptions/12053b8f-cab5-4f5c-9c1a-870580142abd/providers/Microsoft.DocumentDB/locations/westus/operationsStatus/cc40ad49-31a9-4c84-88af-52713c02866b?api-version=2019-08-01"
        ],
        "x-ms-request-id": [
          "cc40ad49-31a9-4c84-88af-52713c02866b"
        ],
        "Strict-Transport-Security": [
          "max-age=31536000; includeSubDomains"
        ],
        "x-ms-gatewayversion": [
          "version=2.9.2"
        ],
        "Server": [
          "Microsoft-HTTPAPI/2.0"
        ],
        "x-ms-ratelimit-remaining-subscription-writes": [
          "1197"
        ],
        "x-ms-correlation-request-id": [
          "c4af40a2-ec2c-4899-aaae-dac254d5580a"
        ],
        "x-ms-routing-request-id": [
          "WESTUS:20200116T221653Z:c4af40a2-ec2c-4899-aaae-dac254d5580a"
        ],
        "X-Content-Type-Options": [
          "nosniff"
        ],
        "Date": [
          "Thu, 16 Jan 2020 22:16:53 GMT"
        ],
        "Content-Length": [
          "32"
        ],
        "Content-Type": [
          "application/json"
        ],
        "Content-Location": [
          "https://management.documents.azure.com:450/subscriptions/12053b8f-cab5-4f5c-9c1a-870580142abd/resourceGroups/rgtest9921232812/providers/Microsoft.DocumentDB/databaseAccounts/cosmosdb9921232812/sqlDatabases/dbName2/containers/container1/storedProcedures/storedProcedure?api-version=2019-08-01"
        ]
      },
      "ResponseBody": "{\r\n  \"status\": \"Enqueued\",\r\n  \"error\": {}\r\n}",
      "StatusCode": 202
    },
    {
      "RequestUri": "/subscriptions/12053b8f-cab5-4f5c-9c1a-870580142abd/providers/Microsoft.DocumentDB/locations/westus/operationsStatus/cc40ad49-31a9-4c84-88af-52713c02866b?api-version=2019-08-01",
      "EncodedRequestUri": "L3N1YnNjcmlwdGlvbnMvMTIwNTNiOGYtY2FiNS00ZjVjLTljMWEtODcwNTgwMTQyYWJkL3Byb3ZpZGVycy9NaWNyb3NvZnQuRG9jdW1lbnREQi9sb2NhdGlvbnMvd2VzdHVzL29wZXJhdGlvbnNTdGF0dXMvY2M0MGFkNDktMzFhOS00Yzg0LTg4YWYtNTI3MTNjMDI4NjZiP2FwaS12ZXJzaW9uPTIwMTktMDgtMDE=",
      "RequestMethod": "GET",
      "RequestBody": "",
      "RequestHeaders": {
        "User-Agent": [
          "FxVersion/4.6.27817.03",
          "OSName/Windows",
          "OSVersion/Microsoft.Windows.10.0.18363.",
          "Microsoft.Azure.Management.CosmosDB.CosmosDBManagementClient/1.0.0.0"
        ]
      },
      "ResponseHeaders": {
        "Cache-Control": [
          "no-store, no-cache"
        ],
        "Pragma": [
          "no-cache"
        ],
        "Strict-Transport-Security": [
          "max-age=31536000; includeSubDomains"
        ],
        "x-ms-gatewayversion": [
          "version=2.9.2"
        ],
        "Server": [
          "Microsoft-HTTPAPI/2.0"
        ],
        "x-ms-ratelimit-remaining-subscription-reads": [
          "11993"
        ],
        "x-ms-request-id": [
          "ab45ab9f-dc75-4cd9-b5dd-d238f599d3b7"
        ],
        "x-ms-correlation-request-id": [
          "ab45ab9f-dc75-4cd9-b5dd-d238f599d3b7"
        ],
        "x-ms-routing-request-id": [
          "WESTUS:20200116T221724Z:ab45ab9f-dc75-4cd9-b5dd-d238f599d3b7"
        ],
        "X-Content-Type-Options": [
          "nosniff"
        ],
        "Date": [
          "Thu, 16 Jan 2020 22:17:23 GMT"
        ],
        "Content-Length": [
          "33"
        ],
        "Content-Type": [
          "application/json"
        ],
        "Content-Location": [
          "https://management.documents.azure.com:450/subscriptions/12053b8f-cab5-4f5c-9c1a-870580142abd/providers/Microsoft.DocumentDB/locations/westus/operationsStatus/cc40ad49-31a9-4c84-88af-52713c02866b?api-version=2019-08-01"
        ]
      },
      "ResponseBody": "{\r\n  \"status\": \"Succeeded\",\r\n  \"error\": {}\r\n}",
      "StatusCode": 200
    },
    {
      "RequestUri": "/subscriptions/12053b8f-cab5-4f5c-9c1a-870580142abd/resourceGroups/rgtest9921232812/providers/Microsoft.DocumentDB/databaseAccounts/cosmosdb9921232812/sqlDatabases/dbName2/containers/container1/storedProcedures/storedProcedure?api-version=2019-08-01",
      "EncodedRequestUri": "L3N1YnNjcmlwdGlvbnMvMTIwNTNiOGYtY2FiNS00ZjVjLTljMWEtODcwNTgwMTQyYWJkL3Jlc291cmNlR3JvdXBzL3JndGVzdDk5MjEyMzI4MTIvcHJvdmlkZXJzL01pY3Jvc29mdC5Eb2N1bWVudERCL2RhdGFiYXNlQWNjb3VudHMvY29zbW9zZGI5OTIxMjMyODEyL3NxbERhdGFiYXNlcy9kYk5hbWUyL2NvbnRhaW5lcnMvY29udGFpbmVyMS9zdG9yZWRQcm9jZWR1cmVzL3N0b3JlZFByb2NlZHVyZT9hcGktdmVyc2lvbj0yMDE5LTA4LTAx",
      "RequestMethod": "GET",
      "RequestBody": "",
      "RequestHeaders": {
        "User-Agent": [
          "FxVersion/4.6.27817.03",
          "OSName/Windows",
          "OSVersion/Microsoft.Windows.10.0.18363.",
          "Microsoft.Azure.Management.CosmosDB.CosmosDBManagementClient/1.0.0.0"
        ]
      },
      "ResponseHeaders": {
        "Cache-Control": [
          "no-store, no-cache"
        ],
        "Pragma": [
          "no-cache"
        ],
        "Strict-Transport-Security": [
          "max-age=31536000; includeSubDomains"
        ],
        "x-ms-gatewayversion": [
          "version=2.9.2"
        ],
        "Server": [
          "Microsoft-HTTPAPI/2.0"
        ],
        "x-ms-ratelimit-remaining-subscription-reads": [
          "11992"
        ],
        "x-ms-request-id": [
          "9dec814a-d2d0-4ed6-a4b6-c7b397a6ecba"
        ],
        "x-ms-correlation-request-id": [
          "9dec814a-d2d0-4ed6-a4b6-c7b397a6ecba"
        ],
        "x-ms-routing-request-id": [
          "WESTUS:20200116T221724Z:9dec814a-d2d0-4ed6-a4b6-c7b397a6ecba"
        ],
        "X-Content-Type-Options": [
          "nosniff"
        ],
        "Date": [
          "Thu, 16 Jan 2020 22:17:24 GMT"
        ],
        "Content-Length": [
          "699"
        ],
        "Content-Type": [
          "application/json"
        ],
        "Content-Location": [
          "https://management.documents.azure.com:450/subscriptions/12053b8f-cab5-4f5c-9c1a-870580142abd/resourceGroups/rgtest9921232812/providers/Microsoft.DocumentDB/databaseAccounts/cosmosdb9921232812/sqlDatabases/dbName2/containers/container1/storedProcedures/storedProcedure?api-version=2019-08-01"
        ]
      },
      "ResponseBody": "{\r\n  \"id\": \"/subscriptions/12053b8f-cab5-4f5c-9c1a-870580142abd/resourceGroups/rgtest9921232812/providers/Microsoft.DocumentDB/databaseAccounts/cosmosdb9921232812/sqlDatabases/dbName2/containers/container1/storedProcedures/storedProcedure\",\r\n  \"type\": \"Microsoft.DocumentDB/databaseAccounts/sqlDatabases/containers/storedProcedures\",\r\n  \"name\": \"storedProcedure\",\r\n  \"properties\": {\r\n    \"resource\": {\r\n      \"id\": \"storedProcedure\",\r\n      \"body\": \"function () { var context = getContext(); var response = context.getResponse();response.setBody('Hello, World');}\",\r\n      \"_rid\": \"fRsPAKYAcDUBAAAAAAAAgA==\",\r\n      \"_self\": \"dbs/fRsPAA==/colls/fRsPAKYAcDU=/sprocs/fRsPAKYAcDUBAAAAAAAAgA==/\",\r\n      \"_etag\": \"\\\"9800de85-0000-0700-0000-5e20e0d70000\\\"\",\r\n      \"_ts\": 1579213015\r\n    }\r\n  }\r\n}",
      "StatusCode": 200
    },
    {
      "RequestUri": "/subscriptions/12053b8f-cab5-4f5c-9c1a-870580142abd/resourceGroups/rgtest9921232812/providers/Microsoft.DocumentDB/databaseAccounts/cosmosdb9921232812/sqlDatabases/dbName2/containers/container1/storedProcedures/storedProcedure?api-version=2019-08-01",
      "EncodedRequestUri": "L3N1YnNjcmlwdGlvbnMvMTIwNTNiOGYtY2FiNS00ZjVjLTljMWEtODcwNTgwMTQyYWJkL3Jlc291cmNlR3JvdXBzL3JndGVzdDk5MjEyMzI4MTIvcHJvdmlkZXJzL01pY3Jvc29mdC5Eb2N1bWVudERCL2RhdGFiYXNlQWNjb3VudHMvY29zbW9zZGI5OTIxMjMyODEyL3NxbERhdGFiYXNlcy9kYk5hbWUyL2NvbnRhaW5lcnMvY29udGFpbmVyMS9zdG9yZWRQcm9jZWR1cmVzL3N0b3JlZFByb2NlZHVyZT9hcGktdmVyc2lvbj0yMDE5LTA4LTAx",
      "RequestMethod": "GET",
      "RequestBody": "",
      "RequestHeaders": {
        "x-ms-client-request-id": [
          "492558e5-9bb3-47e9-b182-b4ae3cc40af4"
        ],
        "Accept-Language": [
          "en-US"
        ],
        "User-Agent": [
          "FxVersion/4.6.27817.03",
          "OSName/Windows",
          "OSVersion/Microsoft.Windows.10.0.18363.",
          "Microsoft.Azure.Management.CosmosDB.CosmosDBManagementClient/1.0.0.0"
        ]
      },
      "ResponseHeaders": {
        "Cache-Control": [
          "no-store, no-cache"
        ],
        "Pragma": [
          "no-cache"
        ],
        "Strict-Transport-Security": [
          "max-age=31536000; includeSubDomains"
        ],
        "x-ms-gatewayversion": [
          "version=2.9.2"
        ],
        "Server": [
          "Microsoft-HTTPAPI/2.0"
        ],
        "x-ms-ratelimit-remaining-subscription-reads": [
          "11985"
        ],
        "x-ms-request-id": [
          "2210da35-51fc-4a24-8fe6-756d4292805e"
        ],
        "x-ms-correlation-request-id": [
          "2210da35-51fc-4a24-8fe6-756d4292805e"
        ],
        "x-ms-routing-request-id": [
          "WESTUS:20200116T221828Z:2210da35-51fc-4a24-8fe6-756d4292805e"
        ],
        "X-Content-Type-Options": [
          "nosniff"
        ],
        "Date": [
          "Thu, 16 Jan 2020 22:18:28 GMT"
        ],
        "Content-Length": [
          "699"
        ],
        "Content-Type": [
          "application/json"
        ],
        "Content-Location": [
          "https://management.documents.azure.com:450/subscriptions/12053b8f-cab5-4f5c-9c1a-870580142abd/resourceGroups/rgtest9921232812/providers/Microsoft.DocumentDB/databaseAccounts/cosmosdb9921232812/sqlDatabases/dbName2/containers/container1/storedProcedures/storedProcedure?api-version=2019-08-01"
        ]
      },
      "ResponseBody": "{\r\n  \"id\": \"/subscriptions/12053b8f-cab5-4f5c-9c1a-870580142abd/resourceGroups/rgtest9921232812/providers/Microsoft.DocumentDB/databaseAccounts/cosmosdb9921232812/sqlDatabases/dbName2/containers/container1/storedProcedures/storedProcedure\",\r\n  \"type\": \"Microsoft.DocumentDB/databaseAccounts/sqlDatabases/containers/storedProcedures\",\r\n  \"name\": \"storedProcedure\",\r\n  \"properties\": {\r\n    \"resource\": {\r\n      \"id\": \"storedProcedure\",\r\n      \"body\": \"function () { var context = getContext(); var response = context.getResponse();response.setBody('Hello, World');}\",\r\n      \"_rid\": \"fRsPAKYAcDUBAAAAAAAAgA==\",\r\n      \"_self\": \"dbs/fRsPAA==/colls/fRsPAKYAcDU=/sprocs/fRsPAKYAcDUBAAAAAAAAgA==/\",\r\n      \"_etag\": \"\\\"9800de85-0000-0700-0000-5e20e0d70000\\\"\",\r\n      \"_ts\": 1579213015\r\n    }\r\n  }\r\n}",
      "StatusCode": 200
    },
    {
      "RequestUri": "/subscriptions/12053b8f-cab5-4f5c-9c1a-870580142abd/resourceGroups/rgtest9921232812/providers/Microsoft.DocumentDB/databaseAccounts/cosmosdb9921232812/sqlDatabases/dbName2/containers/container1/userDefinedFunctions/udf?api-version=2019-08-01",
      "EncodedRequestUri": "L3N1YnNjcmlwdGlvbnMvMTIwNTNiOGYtY2FiNS00ZjVjLTljMWEtODcwNTgwMTQyYWJkL3Jlc291cmNlR3JvdXBzL3JndGVzdDk5MjEyMzI4MTIvcHJvdmlkZXJzL01pY3Jvc29mdC5Eb2N1bWVudERCL2RhdGFiYXNlQWNjb3VudHMvY29zbW9zZGI5OTIxMjMyODEyL3NxbERhdGFiYXNlcy9kYk5hbWUyL2NvbnRhaW5lcnMvY29udGFpbmVyMS91c2VyRGVmaW5lZEZ1bmN0aW9ucy91ZGY/YXBpLXZlcnNpb249MjAxOS0wOC0wMQ==",
      "RequestMethod": "PUT",
      "RequestBody": "{\r\n  \"properties\": {\r\n    \"resource\": {\r\n      \"id\": \"udf\",\r\n      \"body\": \"function () { var context = getContext(); var response = context.getResponse();response.setBody('Hello, World');}\"\r\n    },\r\n    \"options\": {}\r\n  }\r\n}",
      "RequestHeaders": {
        "x-ms-client-request-id": [
          "5d597882-da11-42d6-872a-79b0e7a74291"
        ],
        "Accept-Language": [
          "en-US"
        ],
        "User-Agent": [
          "FxVersion/4.6.27817.03",
          "OSName/Windows",
          "OSVersion/Microsoft.Windows.10.0.18363.",
          "Microsoft.Azure.Management.CosmosDB.CosmosDBManagementClient/1.0.0.0"
        ],
        "Content-Type": [
          "application/json; charset=utf-8"
        ],
        "Content-Length": [
          "225"
        ]
      },
      "ResponseHeaders": {
        "Cache-Control": [
          "no-store, no-cache"
        ],
        "Pragma": [
          "no-cache"
        ],
        "Location": [
          "https://management.azure.com/subscriptions/12053b8f-cab5-4f5c-9c1a-870580142abd/resourceGroups/rgtest9921232812/providers/Microsoft.DocumentDB/databaseAccounts/cosmosdb9921232812/sqlDatabases/dbName2/containers/container1/userDefinedFunctions/udf/operationResults/22b1f6f1-e15a-4b21-a536-491b183b634a?api-version=2019-08-01"
        ],
        "Azure-AsyncOperation": [
          "https://management.azure.com/subscriptions/12053b8f-cab5-4f5c-9c1a-870580142abd/providers/Microsoft.DocumentDB/locations/westus/operationsStatus/22b1f6f1-e15a-4b21-a536-491b183b634a?api-version=2019-08-01"
        ],
        "x-ms-request-id": [
          "22b1f6f1-e15a-4b21-a536-491b183b634a"
        ],
        "Strict-Transport-Security": [
          "max-age=31536000; includeSubDomains"
        ],
        "x-ms-gatewayversion": [
          "version=2.9.2"
        ],
        "Server": [
          "Microsoft-HTTPAPI/2.0"
        ],
        "x-ms-ratelimit-remaining-subscription-writes": [
          "1196"
        ],
        "x-ms-correlation-request-id": [
          "bd88dd40-5340-473a-a590-277d904e467e"
        ],
        "x-ms-routing-request-id": [
          "WESTUS:20200116T221725Z:bd88dd40-5340-473a-a590-277d904e467e"
        ],
        "X-Content-Type-Options": [
          "nosniff"
        ],
        "Date": [
          "Thu, 16 Jan 2020 22:17:25 GMT"
        ],
        "Content-Length": [
          "32"
        ],
        "Content-Type": [
          "application/json"
        ],
        "Content-Location": [
          "https://management.documents.azure.com:450/subscriptions/12053b8f-cab5-4f5c-9c1a-870580142abd/resourceGroups/rgtest9921232812/providers/Microsoft.DocumentDB/databaseAccounts/cosmosdb9921232812/sqlDatabases/dbName2/containers/container1/userDefinedFunctions/udf?api-version=2019-08-01"
        ]
      },
      "ResponseBody": "{\r\n  \"status\": \"Enqueued\",\r\n  \"error\": {}\r\n}",
      "StatusCode": 202
    },
    {
      "RequestUri": "/subscriptions/12053b8f-cab5-4f5c-9c1a-870580142abd/providers/Microsoft.DocumentDB/locations/westus/operationsStatus/22b1f6f1-e15a-4b21-a536-491b183b634a?api-version=2019-08-01",
      "EncodedRequestUri": "L3N1YnNjcmlwdGlvbnMvMTIwNTNiOGYtY2FiNS00ZjVjLTljMWEtODcwNTgwMTQyYWJkL3Byb3ZpZGVycy9NaWNyb3NvZnQuRG9jdW1lbnREQi9sb2NhdGlvbnMvd2VzdHVzL29wZXJhdGlvbnNTdGF0dXMvMjJiMWY2ZjEtZTE1YS00YjIxLWE1MzYtNDkxYjE4M2I2MzRhP2FwaS12ZXJzaW9uPTIwMTktMDgtMDE=",
      "RequestMethod": "GET",
      "RequestBody": "",
      "RequestHeaders": {
        "User-Agent": [
          "FxVersion/4.6.27817.03",
          "OSName/Windows",
          "OSVersion/Microsoft.Windows.10.0.18363.",
          "Microsoft.Azure.Management.CosmosDB.CosmosDBManagementClient/1.0.0.0"
        ]
      },
      "ResponseHeaders": {
        "Cache-Control": [
          "no-store, no-cache"
        ],
        "Pragma": [
          "no-cache"
        ],
        "Strict-Transport-Security": [
          "max-age=31536000; includeSubDomains"
        ],
        "x-ms-gatewayversion": [
          "version=2.9.2"
        ],
        "Server": [
          "Microsoft-HTTPAPI/2.0"
        ],
        "x-ms-ratelimit-remaining-subscription-reads": [
          "11991"
        ],
        "x-ms-request-id": [
          "278748a6-7f95-4115-aa01-495971d9031b"
        ],
        "x-ms-correlation-request-id": [
          "278748a6-7f95-4115-aa01-495971d9031b"
        ],
        "x-ms-routing-request-id": [
          "WESTUS:20200116T221755Z:278748a6-7f95-4115-aa01-495971d9031b"
        ],
        "X-Content-Type-Options": [
          "nosniff"
        ],
        "Date": [
          "Thu, 16 Jan 2020 22:17:54 GMT"
        ],
        "Content-Length": [
          "33"
        ],
        "Content-Type": [
          "application/json"
        ],
        "Content-Location": [
          "https://management.documents.azure.com:450/subscriptions/12053b8f-cab5-4f5c-9c1a-870580142abd/providers/Microsoft.DocumentDB/locations/westus/operationsStatus/22b1f6f1-e15a-4b21-a536-491b183b634a?api-version=2019-08-01"
        ]
      },
      "ResponseBody": "{\r\n  \"status\": \"Succeeded\",\r\n  \"error\": {}\r\n}",
      "StatusCode": 200
    },
    {
      "RequestUri": "/subscriptions/12053b8f-cab5-4f5c-9c1a-870580142abd/resourceGroups/rgtest9921232812/providers/Microsoft.DocumentDB/databaseAccounts/cosmosdb9921232812/sqlDatabases/dbName2/containers/container1/userDefinedFunctions/udf?api-version=2019-08-01",
      "EncodedRequestUri": "L3N1YnNjcmlwdGlvbnMvMTIwNTNiOGYtY2FiNS00ZjVjLTljMWEtODcwNTgwMTQyYWJkL3Jlc291cmNlR3JvdXBzL3JndGVzdDk5MjEyMzI4MTIvcHJvdmlkZXJzL01pY3Jvc29mdC5Eb2N1bWVudERCL2RhdGFiYXNlQWNjb3VudHMvY29zbW9zZGI5OTIxMjMyODEyL3NxbERhdGFiYXNlcy9kYk5hbWUyL2NvbnRhaW5lcnMvY29udGFpbmVyMS91c2VyRGVmaW5lZEZ1bmN0aW9ucy91ZGY/YXBpLXZlcnNpb249MjAxOS0wOC0wMQ==",
      "RequestMethod": "GET",
      "RequestBody": "",
      "RequestHeaders": {
        "User-Agent": [
          "FxVersion/4.6.27817.03",
          "OSName/Windows",
          "OSVersion/Microsoft.Windows.10.0.18363.",
          "Microsoft.Azure.Management.CosmosDB.CosmosDBManagementClient/1.0.0.0"
        ]
      },
      "ResponseHeaders": {
        "Cache-Control": [
          "no-store, no-cache"
        ],
        "Pragma": [
          "no-cache"
        ],
        "Strict-Transport-Security": [
          "max-age=31536000; includeSubDomains"
        ],
        "x-ms-gatewayversion": [
          "version=2.9.2"
        ],
        "Server": [
          "Microsoft-HTTPAPI/2.0"
        ],
        "x-ms-ratelimit-remaining-subscription-reads": [
          "11990"
        ],
        "x-ms-request-id": [
          "86f7dd38-e88e-4d81-b135-e90974839483"
        ],
        "x-ms-correlation-request-id": [
          "86f7dd38-e88e-4d81-b135-e90974839483"
        ],
        "x-ms-routing-request-id": [
          "WESTUS:20200116T221756Z:86f7dd38-e88e-4d81-b135-e90974839483"
        ],
        "X-Content-Type-Options": [
          "nosniff"
        ],
        "Date": [
          "Thu, 16 Jan 2020 22:17:55 GMT"
        ],
        "Content-Length": [
          "669"
        ],
        "Content-Type": [
          "application/json"
        ],
        "Content-Location": [
          "https://management.documents.azure.com:450/subscriptions/12053b8f-cab5-4f5c-9c1a-870580142abd/resourceGroups/rgtest9921232812/providers/Microsoft.DocumentDB/databaseAccounts/cosmosdb9921232812/sqlDatabases/dbName2/containers/container1/userDefinedFunctions/udf?api-version=2019-08-01"
        ]
      },
      "ResponseBody": "{\r\n  \"id\": \"/subscriptions/12053b8f-cab5-4f5c-9c1a-870580142abd/resourceGroups/rgtest9921232812/providers/Microsoft.DocumentDB/databaseAccounts/cosmosdb9921232812/sqlDatabases/dbName2/containers/container1/userDefinedFunctions/udf\",\r\n  \"type\": \"Microsoft.DocumentDB/databaseAccounts/sqlDatabases/containers/userDefinedFunctions\",\r\n  \"name\": \"udf\",\r\n  \"properties\": {\r\n    \"resource\": {\r\n      \"id\": \"udf\",\r\n      \"body\": \"function () { var context = getContext(); var response = context.getResponse();response.setBody('Hello, World');}\",\r\n      \"_rid\": \"fRsPAKYAcDUBAAAAAAAAYA==\",\r\n      \"_self\": \"dbs/fRsPAA==/colls/fRsPAKYAcDU=/udfs/fRsPAKYAcDUBAAAAAAAAYA==/\",\r\n      \"_etag\": \"\\\"98007686-0000-0700-0000-5e20e0f60000\\\"\",\r\n      \"_ts\": 1579213046\r\n    }\r\n  }\r\n}",
      "StatusCode": 200
    },
    {
      "RequestUri": "/subscriptions/12053b8f-cab5-4f5c-9c1a-870580142abd/resourceGroups/rgtest9921232812/providers/Microsoft.DocumentDB/databaseAccounts/cosmosdb9921232812/sqlDatabases/dbName2/containers/container1/userDefinedFunctions/udf?api-version=2019-08-01",
      "EncodedRequestUri": "L3N1YnNjcmlwdGlvbnMvMTIwNTNiOGYtY2FiNS00ZjVjLTljMWEtODcwNTgwMTQyYWJkL3Jlc291cmNlR3JvdXBzL3JndGVzdDk5MjEyMzI4MTIvcHJvdmlkZXJzL01pY3Jvc29mdC5Eb2N1bWVudERCL2RhdGFiYXNlQWNjb3VudHMvY29zbW9zZGI5OTIxMjMyODEyL3NxbERhdGFiYXNlcy9kYk5hbWUyL2NvbnRhaW5lcnMvY29udGFpbmVyMS91c2VyRGVmaW5lZEZ1bmN0aW9ucy91ZGY/YXBpLXZlcnNpb249MjAxOS0wOC0wMQ==",
      "RequestMethod": "GET",
      "RequestBody": "",
      "RequestHeaders": {
        "x-ms-client-request-id": [
          "5324181e-e338-4473-b4bf-d8cd28743e71"
        ],
        "Accept-Language": [
          "en-US"
        ],
        "User-Agent": [
          "FxVersion/4.6.27817.03",
          "OSName/Windows",
          "OSVersion/Microsoft.Windows.10.0.18363.",
          "Microsoft.Azure.Management.CosmosDB.CosmosDBManagementClient/1.0.0.0"
        ]
      },
      "ResponseHeaders": {
        "Cache-Control": [
          "no-store, no-cache"
        ],
        "Pragma": [
          "no-cache"
        ],
        "Strict-Transport-Security": [
          "max-age=31536000; includeSubDomains"
        ],
        "x-ms-gatewayversion": [
          "version=2.9.2"
        ],
        "Server": [
          "Microsoft-HTTPAPI/2.0"
        ],
        "x-ms-ratelimit-remaining-subscription-reads": [
          "11984"
        ],
        "x-ms-request-id": [
          "ad8dda3c-51bf-4c7d-9e70-4f3c6afc9a48"
        ],
        "x-ms-correlation-request-id": [
          "ad8dda3c-51bf-4c7d-9e70-4f3c6afc9a48"
        ],
        "x-ms-routing-request-id": [
          "WESTUS:20200116T221828Z:ad8dda3c-51bf-4c7d-9e70-4f3c6afc9a48"
        ],
        "X-Content-Type-Options": [
          "nosniff"
        ],
        "Date": [
          "Thu, 16 Jan 2020 22:18:28 GMT"
        ],
        "Content-Length": [
          "669"
        ],
        "Content-Type": [
          "application/json"
        ],
        "Content-Location": [
          "https://management.documents.azure.com:450/subscriptions/12053b8f-cab5-4f5c-9c1a-870580142abd/resourceGroups/rgtest9921232812/providers/Microsoft.DocumentDB/databaseAccounts/cosmosdb9921232812/sqlDatabases/dbName2/containers/container1/userDefinedFunctions/udf?api-version=2019-08-01"
        ]
      },
      "ResponseBody": "{\r\n  \"id\": \"/subscriptions/12053b8f-cab5-4f5c-9c1a-870580142abd/resourceGroups/rgtest9921232812/providers/Microsoft.DocumentDB/databaseAccounts/cosmosdb9921232812/sqlDatabases/dbName2/containers/container1/userDefinedFunctions/udf\",\r\n  \"type\": \"Microsoft.DocumentDB/databaseAccounts/sqlDatabases/containers/userDefinedFunctions\",\r\n  \"name\": \"udf\",\r\n  \"properties\": {\r\n    \"resource\": {\r\n      \"id\": \"udf\",\r\n      \"body\": \"function () { var context = getContext(); var response = context.getResponse();response.setBody('Hello, World');}\",\r\n      \"_rid\": \"fRsPAKYAcDUBAAAAAAAAYA==\",\r\n      \"_self\": \"dbs/fRsPAA==/colls/fRsPAKYAcDU=/udfs/fRsPAKYAcDUBAAAAAAAAYA==/\",\r\n      \"_etag\": \"\\\"98007686-0000-0700-0000-5e20e0f60000\\\"\",\r\n      \"_ts\": 1579213046\r\n    }\r\n  }\r\n}",
      "StatusCode": 200
    },
    {
      "RequestUri": "/subscriptions/12053b8f-cab5-4f5c-9c1a-870580142abd/resourceGroups/rgtest9921232812/providers/Microsoft.DocumentDB/databaseAccounts/cosmosdb9921232812/sqlDatabases/dbName2/containers/container1/triggers/trigger?api-version=2019-08-01",
      "EncodedRequestUri": "L3N1YnNjcmlwdGlvbnMvMTIwNTNiOGYtY2FiNS00ZjVjLTljMWEtODcwNTgwMTQyYWJkL3Jlc291cmNlR3JvdXBzL3JndGVzdDk5MjEyMzI4MTIvcHJvdmlkZXJzL01pY3Jvc29mdC5Eb2N1bWVudERCL2RhdGFiYXNlQWNjb3VudHMvY29zbW9zZGI5OTIxMjMyODEyL3NxbERhdGFiYXNlcy9kYk5hbWUyL2NvbnRhaW5lcnMvY29udGFpbmVyMS90cmlnZ2Vycy90cmlnZ2VyP2FwaS12ZXJzaW9uPTIwMTktMDgtMDE=",
      "RequestMethod": "PUT",
      "RequestBody": "{\r\n  \"properties\": {\r\n    \"resource\": {\r\n      \"id\": \"trigger\",\r\n      \"body\": \"function () { var context = getContext(); var response = context.getResponse();response.setBody('Hello, World');}\",\r\n      \"triggerType\": \"Pre\",\r\n      \"triggerOperation\": \"All\"\r\n    },\r\n    \"options\": {}\r\n  }\r\n}",
      "RequestHeaders": {
        "x-ms-client-request-id": [
          "4532497d-ba55-430e-ab5d-380cd1755cbe"
        ],
        "Accept-Language": [
          "en-US"
        ],
        "User-Agent": [
          "FxVersion/4.6.27817.03",
          "OSName/Windows",
          "OSVersion/Microsoft.Windows.10.0.18363.",
          "Microsoft.Azure.Management.CosmosDB.CosmosDBManagementClient/1.0.0.0"
        ],
        "Content-Type": [
          "application/json; charset=utf-8"
        ],
        "Content-Length": [
          "292"
        ]
      },
      "ResponseHeaders": {
        "Cache-Control": [
          "no-store, no-cache"
        ],
        "Pragma": [
          "no-cache"
        ],
        "Location": [
          "https://management.azure.com/subscriptions/12053b8f-cab5-4f5c-9c1a-870580142abd/resourceGroups/rgtest9921232812/providers/Microsoft.DocumentDB/databaseAccounts/cosmosdb9921232812/sqlDatabases/dbName2/containers/container1/triggers/trigger/operationResults/7f3b428f-f52a-4d6a-a529-64ed30465ed1?api-version=2019-08-01"
        ],
        "Azure-AsyncOperation": [
          "https://management.azure.com/subscriptions/12053b8f-cab5-4f5c-9c1a-870580142abd/providers/Microsoft.DocumentDB/locations/westus/operationsStatus/7f3b428f-f52a-4d6a-a529-64ed30465ed1?api-version=2019-08-01"
        ],
        "x-ms-request-id": [
          "7f3b428f-f52a-4d6a-a529-64ed30465ed1"
        ],
        "Strict-Transport-Security": [
          "max-age=31536000; includeSubDomains"
        ],
        "x-ms-gatewayversion": [
          "version=2.9.2"
        ],
        "Server": [
          "Microsoft-HTTPAPI/2.0"
        ],
        "x-ms-ratelimit-remaining-subscription-writes": [
          "1195"
        ],
        "x-ms-correlation-request-id": [
          "92660dfe-f3d6-4472-ac7b-c945792484a9"
        ],
        "x-ms-routing-request-id": [
          "WESTUS:20200116T221756Z:92660dfe-f3d6-4472-ac7b-c945792484a9"
        ],
        "X-Content-Type-Options": [
          "nosniff"
        ],
        "Date": [
          "Thu, 16 Jan 2020 22:17:55 GMT"
        ],
        "Content-Length": [
          "32"
        ],
        "Content-Type": [
          "application/json"
        ],
        "Content-Location": [
          "https://management.documents.azure.com:450/subscriptions/12053b8f-cab5-4f5c-9c1a-870580142abd/resourceGroups/rgtest9921232812/providers/Microsoft.DocumentDB/databaseAccounts/cosmosdb9921232812/sqlDatabases/dbName2/containers/container1/triggers/trigger?api-version=2019-08-01"
        ]
      },
      "ResponseBody": "{\r\n  \"status\": \"Enqueued\",\r\n  \"error\": {}\r\n}",
      "StatusCode": 202
    },
    {
      "RequestUri": "/subscriptions/12053b8f-cab5-4f5c-9c1a-870580142abd/providers/Microsoft.DocumentDB/locations/westus/operationsStatus/7f3b428f-f52a-4d6a-a529-64ed30465ed1?api-version=2019-08-01",
      "EncodedRequestUri": "L3N1YnNjcmlwdGlvbnMvMTIwNTNiOGYtY2FiNS00ZjVjLTljMWEtODcwNTgwMTQyYWJkL3Byb3ZpZGVycy9NaWNyb3NvZnQuRG9jdW1lbnREQi9sb2NhdGlvbnMvd2VzdHVzL29wZXJhdGlvbnNTdGF0dXMvN2YzYjQyOGYtZjUyYS00ZDZhLWE1MjktNjRlZDMwNDY1ZWQxP2FwaS12ZXJzaW9uPTIwMTktMDgtMDE=",
      "RequestMethod": "GET",
      "RequestBody": "",
      "RequestHeaders": {
        "User-Agent": [
          "FxVersion/4.6.27817.03",
          "OSName/Windows",
          "OSVersion/Microsoft.Windows.10.0.18363.",
          "Microsoft.Azure.Management.CosmosDB.CosmosDBManagementClient/1.0.0.0"
        ]
      },
      "ResponseHeaders": {
        "Cache-Control": [
          "no-store, no-cache"
        ],
        "Pragma": [
          "no-cache"
        ],
        "Strict-Transport-Security": [
          "max-age=31536000; includeSubDomains"
        ],
        "x-ms-gatewayversion": [
          "version=2.9.2"
        ],
        "Server": [
          "Microsoft-HTTPAPI/2.0"
        ],
        "x-ms-ratelimit-remaining-subscription-reads": [
          "11989"
        ],
        "x-ms-request-id": [
          "24febb10-1d2d-446f-a6ae-742317f0f38a"
        ],
        "x-ms-correlation-request-id": [
          "24febb10-1d2d-446f-a6ae-742317f0f38a"
        ],
        "x-ms-routing-request-id": [
          "WESTUS:20200116T221827Z:24febb10-1d2d-446f-a6ae-742317f0f38a"
        ],
        "X-Content-Type-Options": [
          "nosniff"
        ],
        "Date": [
          "Thu, 16 Jan 2020 22:18:27 GMT"
        ],
        "Content-Length": [
          "33"
        ],
        "Content-Type": [
          "application/json"
        ],
        "Content-Location": [
          "https://management.documents.azure.com:450/subscriptions/12053b8f-cab5-4f5c-9c1a-870580142abd/providers/Microsoft.DocumentDB/locations/westus/operationsStatus/7f3b428f-f52a-4d6a-a529-64ed30465ed1?api-version=2019-08-01"
        ]
      },
      "ResponseBody": "{\r\n  \"status\": \"Succeeded\",\r\n  \"error\": {}\r\n}",
      "StatusCode": 200
    },
    {
      "RequestUri": "/subscriptions/12053b8f-cab5-4f5c-9c1a-870580142abd/resourceGroups/rgtest9921232812/providers/Microsoft.DocumentDB/databaseAccounts/cosmosdb9921232812/sqlDatabases/dbName2/containers/container1/triggers/trigger?api-version=2019-08-01",
      "EncodedRequestUri": "L3N1YnNjcmlwdGlvbnMvMTIwNTNiOGYtY2FiNS00ZjVjLTljMWEtODcwNTgwMTQyYWJkL3Jlc291cmNlR3JvdXBzL3JndGVzdDk5MjEyMzI4MTIvcHJvdmlkZXJzL01pY3Jvc29mdC5Eb2N1bWVudERCL2RhdGFiYXNlQWNjb3VudHMvY29zbW9zZGI5OTIxMjMyODEyL3NxbERhdGFiYXNlcy9kYk5hbWUyL2NvbnRhaW5lcnMvY29udGFpbmVyMS90cmlnZ2Vycy90cmlnZ2VyP2FwaS12ZXJzaW9uPTIwMTktMDgtMDE=",
      "RequestMethod": "GET",
      "RequestBody": "",
      "RequestHeaders": {
        "User-Agent": [
          "FxVersion/4.6.27817.03",
          "OSName/Windows",
          "OSVersion/Microsoft.Windows.10.0.18363.",
          "Microsoft.Azure.Management.CosmosDB.CosmosDBManagementClient/1.0.0.0"
        ]
      },
      "ResponseHeaders": {
        "Cache-Control": [
          "no-store, no-cache"
        ],
        "Pragma": [
          "no-cache"
        ],
        "Strict-Transport-Security": [
          "max-age=31536000; includeSubDomains"
        ],
        "x-ms-gatewayversion": [
          "version=2.9.2"
        ],
        "Server": [
          "Microsoft-HTTPAPI/2.0"
        ],
        "x-ms-ratelimit-remaining-subscription-reads": [
          "11988"
        ],
        "x-ms-request-id": [
          "a8ccdb6f-2c0b-415d-a323-b7c070e0fe14"
        ],
        "x-ms-correlation-request-id": [
          "a8ccdb6f-2c0b-415d-a323-b7c070e0fe14"
        ],
        "x-ms-routing-request-id": [
          "WESTUS:20200116T221827Z:a8ccdb6f-2c0b-415d-a323-b7c070e0fe14"
        ],
        "X-Content-Type-Options": [
          "nosniff"
        ],
        "Date": [
          "Thu, 16 Jan 2020 22:18:27 GMT"
        ],
        "Content-Length": [
          "706"
        ],
        "Content-Type": [
          "application/json"
        ],
        "Content-Location": [
          "https://management.documents.azure.com:450/subscriptions/12053b8f-cab5-4f5c-9c1a-870580142abd/resourceGroups/rgtest9921232812/providers/Microsoft.DocumentDB/databaseAccounts/cosmosdb9921232812/sqlDatabases/dbName2/containers/container1/triggers/trigger?api-version=2019-08-01"
        ]
      },
      "ResponseBody": "{\r\n  \"id\": \"/subscriptions/12053b8f-cab5-4f5c-9c1a-870580142abd/resourceGroups/rgtest9921232812/providers/Microsoft.DocumentDB/databaseAccounts/cosmosdb9921232812/sqlDatabases/dbName2/containers/container1/triggers/trigger\",\r\n  \"type\": \"Microsoft.DocumentDB/databaseAccounts/sqlDatabases/containers/triggers\",\r\n  \"name\": \"trigger\",\r\n  \"properties\": {\r\n    \"resource\": {\r\n      \"id\": \"trigger\",\r\n      \"body\": \"function () { var context = getContext(); var response = context.getResponse();response.setBody('Hello, World');}\",\r\n      \"triggerType\": \"Pre\",\r\n      \"triggerOperation\": \"All\",\r\n      \"_rid\": \"fRsPAKYAcDUBAAAAAAAAcA==\",\r\n      \"_self\": \"dbs/fRsPAA==/colls/fRsPAKYAcDU=/triggers/fRsPAKYAcDUBAAAAAAAAcA==/\",\r\n      \"_etag\": \"\\\"98000e87-0000-0700-0000-5e20e1160000\\\"\",\r\n      \"_ts\": 1579213078\r\n    }\r\n  }\r\n}",
      "StatusCode": 200
    },
    {
      "RequestUri": "/subscriptions/12053b8f-cab5-4f5c-9c1a-870580142abd/resourceGroups/rgtest9921232812/providers/Microsoft.DocumentDB/databaseAccounts/cosmosdb9921232812/sqlDatabases/dbName2/containers/container1/triggers/trigger?api-version=2019-08-01",
      "EncodedRequestUri": "L3N1YnNjcmlwdGlvbnMvMTIwNTNiOGYtY2FiNS00ZjVjLTljMWEtODcwNTgwMTQyYWJkL3Jlc291cmNlR3JvdXBzL3JndGVzdDk5MjEyMzI4MTIvcHJvdmlkZXJzL01pY3Jvc29mdC5Eb2N1bWVudERCL2RhdGFiYXNlQWNjb3VudHMvY29zbW9zZGI5OTIxMjMyODEyL3NxbERhdGFiYXNlcy9kYk5hbWUyL2NvbnRhaW5lcnMvY29udGFpbmVyMS90cmlnZ2Vycy90cmlnZ2VyP2FwaS12ZXJzaW9uPTIwMTktMDgtMDE=",
      "RequestMethod": "GET",
      "RequestBody": "",
      "RequestHeaders": {
        "x-ms-client-request-id": [
          "f22f60ba-3918-443f-9298-d2cbd1165b4b"
        ],
        "Accept-Language": [
          "en-US"
        ],
        "User-Agent": [
          "FxVersion/4.6.27817.03",
          "OSName/Windows",
          "OSVersion/Microsoft.Windows.10.0.18363.",
          "Microsoft.Azure.Management.CosmosDB.CosmosDBManagementClient/1.0.0.0"
        ]
      },
      "ResponseHeaders": {
        "Cache-Control": [
          "no-store, no-cache"
        ],
        "Pragma": [
          "no-cache"
        ],
        "Strict-Transport-Security": [
          "max-age=31536000; includeSubDomains"
        ],
        "x-ms-gatewayversion": [
          "version=2.9.2"
        ],
        "Server": [
          "Microsoft-HTTPAPI/2.0"
        ],
        "x-ms-ratelimit-remaining-subscription-reads": [
          "11983"
        ],
        "x-ms-request-id": [
          "0049ac90-39f5-4b09-87b1-d4907a78c3fa"
        ],
        "x-ms-correlation-request-id": [
          "0049ac90-39f5-4b09-87b1-d4907a78c3fa"
        ],
        "x-ms-routing-request-id": [
          "WESTUS:20200116T221828Z:0049ac90-39f5-4b09-87b1-d4907a78c3fa"
        ],
        "X-Content-Type-Options": [
          "nosniff"
        ],
        "Date": [
          "Thu, 16 Jan 2020 22:18:28 GMT"
        ],
        "Content-Length": [
          "706"
        ],
        "Content-Type": [
          "application/json"
        ],
        "Content-Location": [
          "https://management.documents.azure.com:450/subscriptions/12053b8f-cab5-4f5c-9c1a-870580142abd/resourceGroups/rgtest9921232812/providers/Microsoft.DocumentDB/databaseAccounts/cosmosdb9921232812/sqlDatabases/dbName2/containers/container1/triggers/trigger?api-version=2019-08-01"
        ]
      },
      "ResponseBody": "{\r\n  \"id\": \"/subscriptions/12053b8f-cab5-4f5c-9c1a-870580142abd/resourceGroups/rgtest9921232812/providers/Microsoft.DocumentDB/databaseAccounts/cosmosdb9921232812/sqlDatabases/dbName2/containers/container1/triggers/trigger\",\r\n  \"type\": \"Microsoft.DocumentDB/databaseAccounts/sqlDatabases/containers/triggers\",\r\n  \"name\": \"trigger\",\r\n  \"properties\": {\r\n    \"resource\": {\r\n      \"id\": \"trigger\",\r\n      \"body\": \"function () { var context = getContext(); var response = context.getResponse();response.setBody('Hello, World');}\",\r\n      \"triggerType\": \"Pre\",\r\n      \"triggerOperation\": \"All\",\r\n      \"_rid\": \"fRsPAKYAcDUBAAAAAAAAcA==\",\r\n      \"_self\": \"dbs/fRsPAA==/colls/fRsPAKYAcDU=/triggers/fRsPAKYAcDUBAAAAAAAAcA==/\",\r\n      \"_etag\": \"\\\"98000e87-0000-0700-0000-5e20e1160000\\\"\",\r\n      \"_ts\": 1579213078\r\n    }\r\n  }\r\n}",
      "StatusCode": 200
    },
    {
      "RequestUri": "/subscriptions/12053b8f-cab5-4f5c-9c1a-870580142abd/resourceGroups/rgtest9921232812/providers/Microsoft.DocumentDB/databaseAccounts/cosmosdb9921232812/sqlDatabases/dbName2/containers?api-version=2019-08-01",
      "EncodedRequestUri": "L3N1YnNjcmlwdGlvbnMvMTIwNTNiOGYtY2FiNS00ZjVjLTljMWEtODcwNTgwMTQyYWJkL3Jlc291cmNlR3JvdXBzL3JndGVzdDk5MjEyMzI4MTIvcHJvdmlkZXJzL01pY3Jvc29mdC5Eb2N1bWVudERCL2RhdGFiYXNlQWNjb3VudHMvY29zbW9zZGI5OTIxMjMyODEyL3NxbERhdGFiYXNlcy9kYk5hbWUyL2NvbnRhaW5lcnM/YXBpLXZlcnNpb249MjAxOS0wOC0wMQ==",
      "RequestMethod": "GET",
      "RequestBody": "",
      "RequestHeaders": {
        "x-ms-client-request-id": [
          "4e27f55f-242c-45b8-908d-1552843dfcf6"
        ],
        "Accept-Language": [
          "en-US"
        ],
        "User-Agent": [
          "FxVersion/4.6.27817.03",
          "OSName/Windows",
          "OSVersion/Microsoft.Windows.10.0.18363.",
          "Microsoft.Azure.Management.CosmosDB.CosmosDBManagementClient/1.0.0.0"
        ]
      },
      "ResponseHeaders": {
        "Cache-Control": [
          "no-store, no-cache"
        ],
        "Pragma": [
          "no-cache"
        ],
        "Strict-Transport-Security": [
          "max-age=31536000; includeSubDomains"
        ],
        "x-ms-gatewayversion": [
          "version=2.9.2"
        ],
        "Server": [
          "Microsoft-HTTPAPI/2.0"
        ],
        "x-ms-ratelimit-remaining-subscription-reads": [
          "11982"
        ],
        "x-ms-request-id": [
          "f99223bf-5142-41dd-8f2c-b97d0d0a995b"
        ],
        "x-ms-correlation-request-id": [
          "f99223bf-5142-41dd-8f2c-b97d0d0a995b"
        ],
        "x-ms-routing-request-id": [
          "WESTUS:20200116T221829Z:f99223bf-5142-41dd-8f2c-b97d0d0a995b"
        ],
        "X-Content-Type-Options": [
          "nosniff"
        ],
        "Date": [
          "Thu, 16 Jan 2020 22:18:29 GMT"
        ],
        "Content-Length": [
          "970"
        ],
        "Content-Type": [
          "application/json"
        ],
        "Content-Location": [
          "https://management.documents.azure.com:450/subscriptions/12053b8f-cab5-4f5c-9c1a-870580142abd/resourceGroups/rgtest9921232812/providers/Microsoft.DocumentDB/databaseAccounts/cosmosdb9921232812/sqlDatabases/dbName2/containers?api-version=2019-08-01"
        ]
      },
      "ResponseBody": "{\r\n  \"value\": [\r\n    {\r\n      \"id\": \"/subscriptions/12053b8f-cab5-4f5c-9c1a-870580142abd/resourceGroups/rgtest9921232812/providers/Microsoft.DocumentDB/databaseAccounts/cosmosdb9921232812/sqlDatabases/dbName2/containers/container1\",\r\n      \"type\": \"Microsoft.DocumentDB/databaseAccounts/sqlDatabases/containers\",\r\n      \"name\": \"container1\",\r\n      \"properties\": {\r\n        \"resource\": {\r\n          \"id\": \"container1\",\r\n          \"indexingPolicy\": {\r\n            \"indexingMode\": \"consistent\",\r\n            \"automatic\": true,\r\n            \"includedPaths\": [\r\n              {\r\n                \"path\": \"/*\"\r\n              }\r\n            ],\r\n            \"excludedPaths\": [\r\n              {\r\n                \"path\": \"/\\\"_etag\\\"/?\"\r\n              }\r\n            ]\r\n          },\r\n          \"partitionKey\": {\r\n            \"paths\": [\r\n              \"/foo/bar\"\r\n            ],\r\n            \"kind\": \"Hash\"\r\n          },\r\n          \"uniqueKeyPolicy\": {\r\n            \"uniqueKeys\": []\r\n          },\r\n          \"conflictResolutionPolicy\": {\r\n            \"mode\": \"LastWriterWins\",\r\n            \"conflictResolutionPath\": \"/_ts\",\r\n            \"conflictResolutionProcedure\": \"\"\r\n          },\r\n          \"geospatialConfig\": {\r\n            \"type\": \"Geography\"\r\n          },\r\n          \"_rid\": \"fRsPAKYAcDU=\",\r\n          \"_ts\": 1579212984,\r\n          \"_self\": \"dbs/fRsPAA==/colls/fRsPAKYAcDU=/\",\r\n          \"_etag\": \"\\\"0000c24e-0000-0700-0000-5e20e0b80000\\\"\",\r\n          \"_docs\": \"docs/\",\r\n          \"_sprocs\": \"sprocs/\",\r\n          \"_triggers\": \"triggers/\",\r\n          \"_udfs\": \"udfs/\",\r\n          \"_conflicts\": \"conflicts/\"\r\n        }\r\n      }\r\n    }\r\n  ]\r\n}",
      "StatusCode": 200
    },
    {
      "RequestUri": "/subscriptions/12053b8f-cab5-4f5c-9c1a-870580142abd/resourceGroups/rgtest9921232812/providers/Microsoft.DocumentDB/databaseAccounts/cosmosdb9921232812/sqlDatabases?api-version=2019-08-01",
      "EncodedRequestUri": "L3N1YnNjcmlwdGlvbnMvMTIwNTNiOGYtY2FiNS00ZjVjLTljMWEtODcwNTgwMTQyYWJkL3Jlc291cmNlR3JvdXBzL3JndGVzdDk5MjEyMzI4MTIvcHJvdmlkZXJzL01pY3Jvc29mdC5Eb2N1bWVudERCL2RhdGFiYXNlQWNjb3VudHMvY29zbW9zZGI5OTIxMjMyODEyL3NxbERhdGFiYXNlcz9hcGktdmVyc2lvbj0yMDE5LTA4LTAx",
      "RequestMethod": "GET",
      "RequestBody": "",
      "RequestHeaders": {
        "x-ms-client-request-id": [
          "740bc0bc-94c8-48d8-94e9-aa2cea7cbfe4"
        ],
        "Accept-Language": [
          "en-US"
        ],
        "User-Agent": [
          "FxVersion/4.6.27817.03",
          "OSName/Windows",
          "OSVersion/Microsoft.Windows.10.0.18363.",
          "Microsoft.Azure.Management.CosmosDB.CosmosDBManagementClient/1.0.0.0"
        ]
      },
      "ResponseHeaders": {
        "Cache-Control": [
          "no-store, no-cache"
        ],
        "Pragma": [
          "no-cache"
        ],
        "Strict-Transport-Security": [
          "max-age=31536000; includeSubDomains"
        ],
        "x-ms-gatewayversion": [
          "version=2.9.2"
        ],
        "Server": [
          "Microsoft-HTTPAPI/2.0"
        ],
        "x-ms-ratelimit-remaining-subscription-reads": [
          "11981"
        ],
        "x-ms-request-id": [
          "d8eb7401-c30f-46f3-92e2-ca9ef19d60c9"
        ],
        "x-ms-correlation-request-id": [
          "d8eb7401-c30f-46f3-92e2-ca9ef19d60c9"
        ],
        "x-ms-routing-request-id": [
          "WESTUS:20200116T221829Z:d8eb7401-c30f-46f3-92e2-ca9ef19d60c9"
        ],
        "X-Content-Type-Options": [
          "nosniff"
        ],
        "Date": [
          "Thu, 16 Jan 2020 22:18:29 GMT"
        ],
        "Content-Length": [
          "458"
        ],
        "Content-Type": [
          "application/json"
        ],
        "Content-Location": [
          "https://management.documents.azure.com:450/subscriptions/12053b8f-cab5-4f5c-9c1a-870580142abd/resourceGroups/rgtest9921232812/providers/Microsoft.DocumentDB/databaseAccounts/cosmosdb9921232812/sqlDatabases?api-version=2019-08-01"
        ]
      },
      "ResponseBody": "{\r\n  \"value\": [\r\n    {\r\n      \"id\": \"/subscriptions/12053b8f-cab5-4f5c-9c1a-870580142abd/resourceGroups/rgtest9921232812/providers/Microsoft.DocumentDB/databaseAccounts/cosmosdb9921232812/sqlDatabases/dbName2\",\r\n      \"type\": \"Microsoft.DocumentDB/databaseAccounts/sqlDatabases\",\r\n      \"name\": \"dbName2\",\r\n      \"properties\": {\r\n        \"resource\": {\r\n          \"id\": \"dbName2\",\r\n          \"_rid\": \"fRsPAA==\",\r\n          \"_self\": \"dbs/fRsPAA==/\",\r\n          \"_etag\": \"\\\"0000c04e-0000-0700-0000-5e20e0980000\\\"\",\r\n          \"_colls\": \"colls/\",\r\n          \"_users\": \"users/\",\r\n          \"_ts\": 1579212952\r\n        }\r\n      }\r\n    }\r\n  ]\r\n}",
      "StatusCode": 200
    },
    {
      "RequestUri": "/subscriptions/12053b8f-cab5-4f5c-9c1a-870580142abd/resourceGroups/rgtest9921232812/providers/Microsoft.DocumentDB/databaseAccounts/cosmosdb9921232812/sqlDatabases/dbName2/containers/container1/storedProcedures/?api-version=2019-08-01",
      "EncodedRequestUri": "L3N1YnNjcmlwdGlvbnMvMTIwNTNiOGYtY2FiNS00ZjVjLTljMWEtODcwNTgwMTQyYWJkL3Jlc291cmNlR3JvdXBzL3JndGVzdDk5MjEyMzI4MTIvcHJvdmlkZXJzL01pY3Jvc29mdC5Eb2N1bWVudERCL2RhdGFiYXNlQWNjb3VudHMvY29zbW9zZGI5OTIxMjMyODEyL3NxbERhdGFiYXNlcy9kYk5hbWUyL2NvbnRhaW5lcnMvY29udGFpbmVyMS9zdG9yZWRQcm9jZWR1cmVzLz9hcGktdmVyc2lvbj0yMDE5LTA4LTAx",
      "RequestMethod": "GET",
      "RequestBody": "",
      "RequestHeaders": {
        "x-ms-client-request-id": [
          "53122ef4-3a63-4087-aadd-9f20fc6c577d"
        ],
        "Accept-Language": [
          "en-US"
        ],
        "User-Agent": [
          "FxVersion/4.6.27817.03",
          "OSName/Windows",
          "OSVersion/Microsoft.Windows.10.0.18363.",
          "Microsoft.Azure.Management.CosmosDB.CosmosDBManagementClient/1.0.0.0"
        ]
      },
      "ResponseHeaders": {
        "Cache-Control": [
          "no-store, no-cache"
        ],
        "Pragma": [
          "no-cache"
        ],
        "Strict-Transport-Security": [
          "max-age=31536000; includeSubDomains"
        ],
        "x-ms-gatewayversion": [
          "version=2.9.2"
        ],
        "Server": [
          "Microsoft-HTTPAPI/2.0"
        ],
        "x-ms-ratelimit-remaining-subscription-reads": [
          "11980"
        ],
        "x-ms-request-id": [
          "b15769b2-cee5-4b41-9436-1056ebb68702"
        ],
        "x-ms-correlation-request-id": [
          "b15769b2-cee5-4b41-9436-1056ebb68702"
        ],
        "x-ms-routing-request-id": [
          "WESTUS:20200116T221829Z:b15769b2-cee5-4b41-9436-1056ebb68702"
        ],
        "X-Content-Type-Options": [
          "nosniff"
        ],
        "Date": [
          "Thu, 16 Jan 2020 22:18:29 GMT"
        ],
        "Content-Length": [
          "712"
        ],
        "Content-Type": [
          "application/json"
        ],
        "Content-Location": [
          "https://management.documents.azure.com:450/subscriptions/12053b8f-cab5-4f5c-9c1a-870580142abd/resourceGroups/rgtest9921232812/providers/Microsoft.DocumentDB/databaseAccounts/cosmosdb9921232812/sqlDatabases/dbName2/containers/container1/storedProcedures/?api-version=2019-08-01"
        ]
      },
      "ResponseBody": "{\r\n  \"value\": [\r\n    {\r\n      \"id\": \"/subscriptions/12053b8f-cab5-4f5c-9c1a-870580142abd/resourceGroups/rgtest9921232812/providers/Microsoft.DocumentDB/databaseAccounts/cosmosdb9921232812/sqlDatabases/dbName2/containers/container1/storedProcedures//storedProcedure\",\r\n      \"type\": \"Microsoft.DocumentDB/databaseAccounts/sqlDatabases/containers/storedProcedures\",\r\n      \"name\": \"storedProcedure\",\r\n      \"properties\": {\r\n        \"resource\": {\r\n          \"id\": \"storedProcedure\",\r\n          \"body\": \"function () { var context = getContext(); var response = context.getResponse();response.setBody('Hello, World');}\",\r\n          \"_rid\": \"fRsPAKYAcDUBAAAAAAAAgA==\",\r\n          \"_self\": \"dbs/fRsPAA==/colls/fRsPAKYAcDU=/sprocs/fRsPAKYAcDUBAAAAAAAAgA==/\",\r\n          \"_etag\": \"\\\"9800de85-0000-0700-0000-5e20e0d70000\\\"\",\r\n          \"_ts\": 1579213015\r\n        }\r\n      }\r\n    }\r\n  ]\r\n}",
      "StatusCode": 200
    },
    {
      "RequestUri": "/subscriptions/12053b8f-cab5-4f5c-9c1a-870580142abd/resourceGroups/rgtest9921232812/providers/Microsoft.DocumentDB/databaseAccounts/cosmosdb9921232812/sqlDatabases/dbName2/containers/container1/userDefinedFunctions/?api-version=2019-08-01",
      "EncodedRequestUri": "L3N1YnNjcmlwdGlvbnMvMTIwNTNiOGYtY2FiNS00ZjVjLTljMWEtODcwNTgwMTQyYWJkL3Jlc291cmNlR3JvdXBzL3JndGVzdDk5MjEyMzI4MTIvcHJvdmlkZXJzL01pY3Jvc29mdC5Eb2N1bWVudERCL2RhdGFiYXNlQWNjb3VudHMvY29zbW9zZGI5OTIxMjMyODEyL3NxbERhdGFiYXNlcy9kYk5hbWUyL2NvbnRhaW5lcnMvY29udGFpbmVyMS91c2VyRGVmaW5lZEZ1bmN0aW9ucy8/YXBpLXZlcnNpb249MjAxOS0wOC0wMQ==",
      "RequestMethod": "GET",
      "RequestBody": "",
      "RequestHeaders": {
        "x-ms-client-request-id": [
          "11442acd-af88-4761-be18-3010f8e750d0"
        ],
        "Accept-Language": [
          "en-US"
        ],
        "User-Agent": [
          "FxVersion/4.6.27817.03",
          "OSName/Windows",
          "OSVersion/Microsoft.Windows.10.0.18363.",
          "Microsoft.Azure.Management.CosmosDB.CosmosDBManagementClient/1.0.0.0"
        ]
      },
      "ResponseHeaders": {
        "Cache-Control": [
          "no-store, no-cache"
        ],
        "Pragma": [
          "no-cache"
        ],
        "Strict-Transport-Security": [
          "max-age=31536000; includeSubDomains"
        ],
        "x-ms-gatewayversion": [
          "version=2.9.2"
        ],
        "Server": [
          "Microsoft-HTTPAPI/2.0"
        ],
        "x-ms-ratelimit-remaining-subscription-reads": [
          "11979"
        ],
        "x-ms-request-id": [
          "6d76054e-c749-4681-a65c-90a48fa9b77c"
        ],
        "x-ms-correlation-request-id": [
          "6d76054e-c749-4681-a65c-90a48fa9b77c"
        ],
        "x-ms-routing-request-id": [
          "WESTUS:20200116T221829Z:6d76054e-c749-4681-a65c-90a48fa9b77c"
        ],
        "X-Content-Type-Options": [
          "nosniff"
        ],
        "Date": [
          "Thu, 16 Jan 2020 22:18:29 GMT"
        ],
        "Content-Length": [
          "682"
        ],
        "Content-Type": [
          "application/json"
        ],
        "Content-Location": [
          "https://management.documents.azure.com:450/subscriptions/12053b8f-cab5-4f5c-9c1a-870580142abd/resourceGroups/rgtest9921232812/providers/Microsoft.DocumentDB/databaseAccounts/cosmosdb9921232812/sqlDatabases/dbName2/containers/container1/userDefinedFunctions/?api-version=2019-08-01"
        ]
      },
      "ResponseBody": "{\r\n  \"value\": [\r\n    {\r\n      \"id\": \"/subscriptions/12053b8f-cab5-4f5c-9c1a-870580142abd/resourceGroups/rgtest9921232812/providers/Microsoft.DocumentDB/databaseAccounts/cosmosdb9921232812/sqlDatabases/dbName2/containers/container1/userDefinedFunctions//udf\",\r\n      \"type\": \"Microsoft.DocumentDB/databaseAccounts/sqlDatabases/containers/userDefinedFunctions\",\r\n      \"name\": \"udf\",\r\n      \"properties\": {\r\n        \"resource\": {\r\n          \"id\": \"udf\",\r\n          \"body\": \"function () { var context = getContext(); var response = context.getResponse();response.setBody('Hello, World');}\",\r\n          \"_rid\": \"fRsPAKYAcDUBAAAAAAAAYA==\",\r\n          \"_self\": \"dbs/fRsPAA==/colls/fRsPAKYAcDU=/udfs/fRsPAKYAcDUBAAAAAAAAYA==/\",\r\n          \"_etag\": \"\\\"98007686-0000-0700-0000-5e20e0f60000\\\"\",\r\n          \"_ts\": 1579213046\r\n        }\r\n      }\r\n    }\r\n  ]\r\n}",
      "StatusCode": 200
    },
    {
      "RequestUri": "/subscriptions/12053b8f-cab5-4f5c-9c1a-870580142abd/resourceGroups/rgtest9921232812/providers/Microsoft.DocumentDB/databaseAccounts/cosmosdb9921232812/sqlDatabases/dbName2/containers/container1/triggers/?api-version=2019-08-01",
      "EncodedRequestUri": "L3N1YnNjcmlwdGlvbnMvMTIwNTNiOGYtY2FiNS00ZjVjLTljMWEtODcwNTgwMTQyYWJkL3Jlc291cmNlR3JvdXBzL3JndGVzdDk5MjEyMzI4MTIvcHJvdmlkZXJzL01pY3Jvc29mdC5Eb2N1bWVudERCL2RhdGFiYXNlQWNjb3VudHMvY29zbW9zZGI5OTIxMjMyODEyL3NxbERhdGFiYXNlcy9kYk5hbWUyL2NvbnRhaW5lcnMvY29udGFpbmVyMS90cmlnZ2Vycy8/YXBpLXZlcnNpb249MjAxOS0wOC0wMQ==",
      "RequestMethod": "GET",
      "RequestBody": "",
      "RequestHeaders": {
        "x-ms-client-request-id": [
          "0078c913-e301-4c32-bd61-091f28384aa6"
        ],
        "Accept-Language": [
          "en-US"
        ],
        "User-Agent": [
          "FxVersion/4.6.27817.03",
          "OSName/Windows",
          "OSVersion/Microsoft.Windows.10.0.18363.",
          "Microsoft.Azure.Management.CosmosDB.CosmosDBManagementClient/1.0.0.0"
        ]
      },
      "ResponseHeaders": {
        "Cache-Control": [
          "no-store, no-cache"
        ],
        "Pragma": [
          "no-cache"
        ],
        "Strict-Transport-Security": [
          "max-age=31536000; includeSubDomains"
        ],
        "x-ms-gatewayversion": [
          "version=2.9.2"
        ],
        "Server": [
          "Microsoft-HTTPAPI/2.0"
        ],
        "x-ms-ratelimit-remaining-subscription-reads": [
          "11978"
        ],
        "x-ms-request-id": [
          "fbd67277-72b0-424f-8a82-7355b084f23b"
        ],
        "x-ms-correlation-request-id": [
          "fbd67277-72b0-424f-8a82-7355b084f23b"
        ],
        "x-ms-routing-request-id": [
          "WESTUS:20200116T221830Z:fbd67277-72b0-424f-8a82-7355b084f23b"
        ],
        "X-Content-Type-Options": [
          "nosniff"
        ],
        "Date": [
          "Thu, 16 Jan 2020 22:18:30 GMT"
        ],
        "Content-Length": [
          "719"
        ],
        "Content-Type": [
          "application/json"
        ],
        "Content-Location": [
          "https://management.documents.azure.com:450/subscriptions/12053b8f-cab5-4f5c-9c1a-870580142abd/resourceGroups/rgtest9921232812/providers/Microsoft.DocumentDB/databaseAccounts/cosmosdb9921232812/sqlDatabases/dbName2/containers/container1/triggers/?api-version=2019-08-01"
        ]
      },
      "ResponseBody": "{\r\n  \"value\": [\r\n    {\r\n      \"id\": \"/subscriptions/12053b8f-cab5-4f5c-9c1a-870580142abd/resourceGroups/rgtest9921232812/providers/Microsoft.DocumentDB/databaseAccounts/cosmosdb9921232812/sqlDatabases/dbName2/containers/container1/triggers//trigger\",\r\n      \"type\": \"Microsoft.DocumentDB/databaseAccounts/sqlDatabases/containers/triggers\",\r\n      \"name\": \"trigger\",\r\n      \"properties\": {\r\n        \"resource\": {\r\n          \"id\": \"trigger\",\r\n          \"body\": \"function () { var context = getContext(); var response = context.getResponse();response.setBody('Hello, World');}\",\r\n          \"triggerType\": \"Pre\",\r\n          \"triggerOperation\": \"All\",\r\n          \"_rid\": \"fRsPAKYAcDUBAAAAAAAAcA==\",\r\n          \"_self\": \"dbs/fRsPAA==/colls/fRsPAKYAcDU=/triggers/fRsPAKYAcDUBAAAAAAAAcA==/\",\r\n          \"_etag\": \"\\\"98000e87-0000-0700-0000-5e20e1160000\\\"\",\r\n          \"_ts\": 1579213078\r\n        }\r\n      }\r\n    }\r\n  ]\r\n}",
      "StatusCode": 200
    },
    {
      "RequestUri": "/subscriptions/12053b8f-cab5-4f5c-9c1a-870580142abd/resourceGroups/rgtest9921232812/providers/Microsoft.DocumentDB/databaseAccounts/cosmosdb9921232812/sqlDatabases/dbName2/containers/container1/storedProcedures/storedProcedure?api-version=2019-08-01",
      "EncodedRequestUri": "L3N1YnNjcmlwdGlvbnMvMTIwNTNiOGYtY2FiNS00ZjVjLTljMWEtODcwNTgwMTQyYWJkL3Jlc291cmNlR3JvdXBzL3JndGVzdDk5MjEyMzI4MTIvcHJvdmlkZXJzL01pY3Jvc29mdC5Eb2N1bWVudERCL2RhdGFiYXNlQWNjb3VudHMvY29zbW9zZGI5OTIxMjMyODEyL3NxbERhdGFiYXNlcy9kYk5hbWUyL2NvbnRhaW5lcnMvY29udGFpbmVyMS9zdG9yZWRQcm9jZWR1cmVzL3N0b3JlZFByb2NlZHVyZT9hcGktdmVyc2lvbj0yMDE5LTA4LTAx",
      "RequestMethod": "DELETE",
      "RequestBody": "",
      "RequestHeaders": {
        "x-ms-client-request-id": [
          "710c2c2b-3a98-4c01-9ab2-2239cbac19a6"
        ],
        "Accept-Language": [
          "en-US"
        ],
        "User-Agent": [
          "FxVersion/4.6.27817.03",
          "OSName/Windows",
          "OSVersion/Microsoft.Windows.10.0.18363.",
          "Microsoft.Azure.Management.CosmosDB.CosmosDBManagementClient/1.0.0.0"
        ]
      },
      "ResponseHeaders": {
        "Cache-Control": [
          "no-store, no-cache"
        ],
        "Pragma": [
          "no-cache"
        ],
        "Location": [
          "https://management.azure.com/subscriptions/12053b8f-cab5-4f5c-9c1a-870580142abd/resourceGroups/rgtest9921232812/providers/Microsoft.DocumentDB/databaseAccounts/cosmosdb9921232812/sqlDatabases/dbName2/containers/container1/storedProcedures/storedProcedure/operationResults/73c5ce15-f708-44be-a464-80cbc9a2f830?api-version=2019-08-01"
        ],
        "Azure-AsyncOperation": [
          "https://management.azure.com/subscriptions/12053b8f-cab5-4f5c-9c1a-870580142abd/providers/Microsoft.DocumentDB/locations/westus/operationsStatus/73c5ce15-f708-44be-a464-80cbc9a2f830?api-version=2019-08-01"
        ],
        "x-ms-request-id": [
          "73c5ce15-f708-44be-a464-80cbc9a2f830"
        ],
        "Strict-Transport-Security": [
          "max-age=31536000; includeSubDomains"
        ],
        "x-ms-gatewayversion": [
          "version=2.9.2"
        ],
        "Server": [
          "Microsoft-HTTPAPI/2.0"
        ],
        "x-ms-ratelimit-remaining-subscription-deletes": [
          "14999"
        ],
        "x-ms-correlation-request-id": [
          "eae1c6e8-4b47-44f8-ada8-c020c646c0be"
        ],
        "x-ms-routing-request-id": [
          "WESTUS:20200116T221830Z:eae1c6e8-4b47-44f8-ada8-c020c646c0be"
        ],
        "X-Content-Type-Options": [
          "nosniff"
        ],
        "Date": [
          "Thu, 16 Jan 2020 22:18:30 GMT"
        ],
        "Content-Length": [
          "32"
        ],
        "Content-Type": [
          "application/json"
        ],
        "Content-Location": [
          "https://management.documents.azure.com:450/subscriptions/12053b8f-cab5-4f5c-9c1a-870580142abd/resourceGroups/rgtest9921232812/providers/Microsoft.DocumentDB/databaseAccounts/cosmosdb9921232812/sqlDatabases/dbName2/containers/container1/storedProcedures/storedProcedure?api-version=2019-08-01"
        ]
      },
      "ResponseBody": "{\r\n  \"status\": \"Enqueued\",\r\n  \"error\": {}\r\n}",
      "StatusCode": 202
    },
    {
      "RequestUri": "/subscriptions/12053b8f-cab5-4f5c-9c1a-870580142abd/providers/Microsoft.DocumentDB/locations/westus/operationsStatus/73c5ce15-f708-44be-a464-80cbc9a2f830?api-version=2019-08-01",
      "EncodedRequestUri": "L3N1YnNjcmlwdGlvbnMvMTIwNTNiOGYtY2FiNS00ZjVjLTljMWEtODcwNTgwMTQyYWJkL3Byb3ZpZGVycy9NaWNyb3NvZnQuRG9jdW1lbnREQi9sb2NhdGlvbnMvd2VzdHVzL29wZXJhdGlvbnNTdGF0dXMvNzNjNWNlMTUtZjcwOC00NGJlLWE0NjQtODBjYmM5YTJmODMwP2FwaS12ZXJzaW9uPTIwMTktMDgtMDE=",
      "RequestMethod": "GET",
      "RequestBody": "",
      "RequestHeaders": {
        "User-Agent": [
          "FxVersion/4.6.27817.03",
          "OSName/Windows",
          "OSVersion/Microsoft.Windows.10.0.18363.",
          "Microsoft.Azure.Management.CosmosDB.CosmosDBManagementClient/1.0.0.0"
        ]
      },
      "ResponseHeaders": {
        "Cache-Control": [
          "no-store, no-cache"
        ],
        "Pragma": [
          "no-cache"
        ],
        "Strict-Transport-Security": [
          "max-age=31536000; includeSubDomains"
        ],
        "x-ms-gatewayversion": [
          "version=2.9.2"
        ],
        "Server": [
          "Microsoft-HTTPAPI/2.0"
        ],
        "x-ms-ratelimit-remaining-subscription-reads": [
          "11977"
        ],
        "x-ms-request-id": [
          "60b00421-cfe6-4921-85eb-b88580d5df0c"
        ],
        "x-ms-correlation-request-id": [
          "60b00421-cfe6-4921-85eb-b88580d5df0c"
        ],
        "x-ms-routing-request-id": [
          "WESTUS:20200116T221901Z:60b00421-cfe6-4921-85eb-b88580d5df0c"
        ],
        "X-Content-Type-Options": [
          "nosniff"
        ],
        "Date": [
          "Thu, 16 Jan 2020 22:19:00 GMT"
        ],
        "Content-Length": [
          "33"
        ],
        "Content-Type": [
          "application/json"
        ],
        "Content-Location": [
          "https://management.documents.azure.com:450/subscriptions/12053b8f-cab5-4f5c-9c1a-870580142abd/providers/Microsoft.DocumentDB/locations/westus/operationsStatus/73c5ce15-f708-44be-a464-80cbc9a2f830?api-version=2019-08-01"
        ]
      },
      "ResponseBody": "{\r\n  \"status\": \"Succeeded\",\r\n  \"error\": {}\r\n}",
      "StatusCode": 200
    },
    {
      "RequestUri": "/subscriptions/12053b8f-cab5-4f5c-9c1a-870580142abd/resourceGroups/rgtest9921232812/providers/Microsoft.DocumentDB/databaseAccounts/cosmosdb9921232812/sqlDatabases/dbName2/containers/container1/storedProcedures/storedProcedure/operationResults/73c5ce15-f708-44be-a464-80cbc9a2f830?api-version=2019-08-01",
      "EncodedRequestUri": "L3N1YnNjcmlwdGlvbnMvMTIwNTNiOGYtY2FiNS00ZjVjLTljMWEtODcwNTgwMTQyYWJkL3Jlc291cmNlR3JvdXBzL3JndGVzdDk5MjEyMzI4MTIvcHJvdmlkZXJzL01pY3Jvc29mdC5Eb2N1bWVudERCL2RhdGFiYXNlQWNjb3VudHMvY29zbW9zZGI5OTIxMjMyODEyL3NxbERhdGFiYXNlcy9kYk5hbWUyL2NvbnRhaW5lcnMvY29udGFpbmVyMS9zdG9yZWRQcm9jZWR1cmVzL3N0b3JlZFByb2NlZHVyZS9vcGVyYXRpb25SZXN1bHRzLzczYzVjZTE1LWY3MDgtNDRiZS1hNDY0LTgwY2JjOWEyZjgzMD9hcGktdmVyc2lvbj0yMDE5LTA4LTAx",
      "RequestMethod": "GET",
      "RequestBody": "",
      "RequestHeaders": {
        "User-Agent": [
          "FxVersion/4.6.27817.03",
          "OSName/Windows",
          "OSVersion/Microsoft.Windows.10.0.18363.",
          "Microsoft.Azure.Management.CosmosDB.CosmosDBManagementClient/1.0.0.0"
        ]
      },
      "ResponseHeaders": {
        "Cache-Control": [
          "no-store, no-cache"
        ],
        "Pragma": [
          "no-cache"
        ],
        "Strict-Transport-Security": [
          "max-age=31536000; includeSubDomains"
        ],
        "x-ms-gatewayversion": [
          "version=2.9.2"
        ],
        "Server": [
          "Microsoft-HTTPAPI/2.0"
        ],
        "x-ms-ratelimit-remaining-subscription-reads": [
          "11976"
        ],
        "x-ms-request-id": [
          "92775ee0-4851-43df-97c8-328b3f33bf40"
        ],
        "x-ms-correlation-request-id": [
          "92775ee0-4851-43df-97c8-328b3f33bf40"
        ],
        "x-ms-routing-request-id": [
          "WESTUS:20200116T221901Z:92775ee0-4851-43df-97c8-328b3f33bf40"
        ],
        "X-Content-Type-Options": [
          "nosniff"
        ],
        "Date": [
          "Thu, 16 Jan 2020 22:19:00 GMT"
        ],
        "Content-Type": [
          "application/json"
        ],
        "Content-Location": [
          "https://management.documents.azure.com:450/subscriptions/12053b8f-cab5-4f5c-9c1a-870580142abd/resourceGroups/rgtest9921232812/providers/Microsoft.DocumentDB/databaseAccounts/cosmosdb9921232812/sqlDatabases/dbName2/containers/container1/storedProcedures/storedProcedure/operationResults/73c5ce15-f708-44be-a464-80cbc9a2f830?api-version=2019-08-01"
        ]
      },
      "ResponseBody": "",
      "StatusCode": 204
    },
    {
      "RequestUri": "/subscriptions/12053b8f-cab5-4f5c-9c1a-870580142abd/resourceGroups/rgtest9921232812/providers/Microsoft.DocumentDB/databaseAccounts/cosmosdb9921232812/sqlDatabases/dbName2/containers/container1/triggers/trigger?api-version=2019-08-01",
      "EncodedRequestUri": "L3N1YnNjcmlwdGlvbnMvMTIwNTNiOGYtY2FiNS00ZjVjLTljMWEtODcwNTgwMTQyYWJkL3Jlc291cmNlR3JvdXBzL3JndGVzdDk5MjEyMzI4MTIvcHJvdmlkZXJzL01pY3Jvc29mdC5Eb2N1bWVudERCL2RhdGFiYXNlQWNjb3VudHMvY29zbW9zZGI5OTIxMjMyODEyL3NxbERhdGFiYXNlcy9kYk5hbWUyL2NvbnRhaW5lcnMvY29udGFpbmVyMS90cmlnZ2Vycy90cmlnZ2VyP2FwaS12ZXJzaW9uPTIwMTktMDgtMDE=",
      "RequestMethod": "DELETE",
      "RequestBody": "",
      "RequestHeaders": {
        "x-ms-client-request-id": [
          "1975467e-cbb1-4a94-aa0f-ef75ca535650"
        ],
        "Accept-Language": [
          "en-US"
        ],
        "User-Agent": [
          "FxVersion/4.6.27817.03",
          "OSName/Windows",
          "OSVersion/Microsoft.Windows.10.0.18363.",
          "Microsoft.Azure.Management.CosmosDB.CosmosDBManagementClient/1.0.0.0"
        ]
      },
      "ResponseHeaders": {
        "Cache-Control": [
          "no-store, no-cache"
        ],
        "Pragma": [
          "no-cache"
        ],
        "Location": [
          "https://management.azure.com/subscriptions/12053b8f-cab5-4f5c-9c1a-870580142abd/resourceGroups/rgtest9921232812/providers/Microsoft.DocumentDB/databaseAccounts/cosmosdb9921232812/sqlDatabases/dbName2/containers/container1/triggers/trigger/operationResults/110b38a5-073c-4033-ac5f-21d521bca91f?api-version=2019-08-01"
        ],
        "Azure-AsyncOperation": [
          "https://management.azure.com/subscriptions/12053b8f-cab5-4f5c-9c1a-870580142abd/providers/Microsoft.DocumentDB/locations/westus/operationsStatus/110b38a5-073c-4033-ac5f-21d521bca91f?api-version=2019-08-01"
        ],
        "x-ms-request-id": [
          "110b38a5-073c-4033-ac5f-21d521bca91f"
        ],
        "Strict-Transport-Security": [
          "max-age=31536000; includeSubDomains"
        ],
        "x-ms-gatewayversion": [
          "version=2.9.2"
        ],
        "Server": [
          "Microsoft-HTTPAPI/2.0"
        ],
        "x-ms-ratelimit-remaining-subscription-deletes": [
          "14999"
        ],
        "x-ms-correlation-request-id": [
          "0720172b-d955-4f6f-b37a-56c56505989a"
        ],
        "x-ms-routing-request-id": [
          "WESTUS:20200116T221901Z:0720172b-d955-4f6f-b37a-56c56505989a"
        ],
        "X-Content-Type-Options": [
          "nosniff"
        ],
        "Date": [
          "Thu, 16 Jan 2020 22:19:01 GMT"
        ],
        "Content-Length": [
          "32"
        ],
        "Content-Type": [
          "application/json"
        ],
        "Content-Location": [
          "https://management.documents.azure.com:450/subscriptions/12053b8f-cab5-4f5c-9c1a-870580142abd/resourceGroups/rgtest9921232812/providers/Microsoft.DocumentDB/databaseAccounts/cosmosdb9921232812/sqlDatabases/dbName2/containers/container1/triggers/trigger?api-version=2019-08-01"
        ]
      },
      "ResponseBody": "{\r\n  \"status\": \"Enqueued\",\r\n  \"error\": {}\r\n}",
      "StatusCode": 202
    },
    {
      "RequestUri": "/subscriptions/12053b8f-cab5-4f5c-9c1a-870580142abd/providers/Microsoft.DocumentDB/locations/westus/operationsStatus/110b38a5-073c-4033-ac5f-21d521bca91f?api-version=2019-08-01",
      "EncodedRequestUri": "L3N1YnNjcmlwdGlvbnMvMTIwNTNiOGYtY2FiNS00ZjVjLTljMWEtODcwNTgwMTQyYWJkL3Byb3ZpZGVycy9NaWNyb3NvZnQuRG9jdW1lbnREQi9sb2NhdGlvbnMvd2VzdHVzL29wZXJhdGlvbnNTdGF0dXMvMTEwYjM4YTUtMDczYy00MDMzLWFjNWYtMjFkNTIxYmNhOTFmP2FwaS12ZXJzaW9uPTIwMTktMDgtMDE=",
      "RequestMethod": "GET",
      "RequestBody": "",
      "RequestHeaders": {
        "User-Agent": [
          "FxVersion/4.6.27817.03",
          "OSName/Windows",
          "OSVersion/Microsoft.Windows.10.0.18363.",
          "Microsoft.Azure.Management.CosmosDB.CosmosDBManagementClient/1.0.0.0"
        ]
      },
      "ResponseHeaders": {
        "Cache-Control": [
          "no-store, no-cache"
        ],
        "Pragma": [
          "no-cache"
        ],
        "Strict-Transport-Security": [
          "max-age=31536000; includeSubDomains"
        ],
        "x-ms-gatewayversion": [
          "version=2.9.2"
        ],
        "Server": [
          "Microsoft-HTTPAPI/2.0"
        ],
        "x-ms-ratelimit-remaining-subscription-reads": [
          "11999"
        ],
        "x-ms-request-id": [
          "07d5a2f3-5f91-4a77-8519-6b617f55e78a"
        ],
        "x-ms-correlation-request-id": [
          "07d5a2f3-5f91-4a77-8519-6b617f55e78a"
        ],
        "x-ms-routing-request-id": [
          "WESTUS:20200116T221932Z:07d5a2f3-5f91-4a77-8519-6b617f55e78a"
        ],
        "X-Content-Type-Options": [
          "nosniff"
        ],
        "Date": [
          "Thu, 16 Jan 2020 22:19:32 GMT"
        ],
        "Content-Length": [
          "33"
        ],
        "Content-Type": [
          "application/json"
        ],
        "Content-Location": [
          "https://management.documents.azure.com:450/subscriptions/12053b8f-cab5-4f5c-9c1a-870580142abd/providers/Microsoft.DocumentDB/locations/westus/operationsStatus/110b38a5-073c-4033-ac5f-21d521bca91f?api-version=2019-08-01"
        ]
      },
      "ResponseBody": "{\r\n  \"status\": \"Succeeded\",\r\n  \"error\": {}\r\n}",
      "StatusCode": 200
    },
    {
      "RequestUri": "/subscriptions/12053b8f-cab5-4f5c-9c1a-870580142abd/resourceGroups/rgtest9921232812/providers/Microsoft.DocumentDB/databaseAccounts/cosmosdb9921232812/sqlDatabases/dbName2/containers/container1/triggers/trigger/operationResults/110b38a5-073c-4033-ac5f-21d521bca91f?api-version=2019-08-01",
      "EncodedRequestUri": "L3N1YnNjcmlwdGlvbnMvMTIwNTNiOGYtY2FiNS00ZjVjLTljMWEtODcwNTgwMTQyYWJkL3Jlc291cmNlR3JvdXBzL3JndGVzdDk5MjEyMzI4MTIvcHJvdmlkZXJzL01pY3Jvc29mdC5Eb2N1bWVudERCL2RhdGFiYXNlQWNjb3VudHMvY29zbW9zZGI5OTIxMjMyODEyL3NxbERhdGFiYXNlcy9kYk5hbWUyL2NvbnRhaW5lcnMvY29udGFpbmVyMS90cmlnZ2Vycy90cmlnZ2VyL29wZXJhdGlvblJlc3VsdHMvMTEwYjM4YTUtMDczYy00MDMzLWFjNWYtMjFkNTIxYmNhOTFmP2FwaS12ZXJzaW9uPTIwMTktMDgtMDE=",
      "RequestMethod": "GET",
      "RequestBody": "",
      "RequestHeaders": {
        "User-Agent": [
          "FxVersion/4.6.27817.03",
          "OSName/Windows",
          "OSVersion/Microsoft.Windows.10.0.18363.",
          "Microsoft.Azure.Management.CosmosDB.CosmosDBManagementClient/1.0.0.0"
        ]
      },
      "ResponseHeaders": {
        "Cache-Control": [
          "no-store, no-cache"
        ],
        "Pragma": [
          "no-cache"
        ],
        "Strict-Transport-Security": [
          "max-age=31536000; includeSubDomains"
        ],
        "x-ms-gatewayversion": [
          "version=2.9.2"
        ],
        "Server": [
          "Microsoft-HTTPAPI/2.0"
        ],
        "x-ms-ratelimit-remaining-subscription-reads": [
          "11998"
        ],
        "x-ms-request-id": [
          "59f8e37b-dcc0-4fe8-b13b-dd85b042424e"
        ],
        "x-ms-correlation-request-id": [
          "59f8e37b-dcc0-4fe8-b13b-dd85b042424e"
        ],
        "x-ms-routing-request-id": [
          "WESTUS:20200116T221932Z:59f8e37b-dcc0-4fe8-b13b-dd85b042424e"
        ],
        "X-Content-Type-Options": [
          "nosniff"
        ],
        "Date": [
          "Thu, 16 Jan 2020 22:19:32 GMT"
        ],
        "Content-Type": [
          "application/json"
        ],
        "Content-Location": [
          "https://management.documents.azure.com:450/subscriptions/12053b8f-cab5-4f5c-9c1a-870580142abd/resourceGroups/rgtest9921232812/providers/Microsoft.DocumentDB/databaseAccounts/cosmosdb9921232812/sqlDatabases/dbName2/containers/container1/triggers/trigger/operationResults/110b38a5-073c-4033-ac5f-21d521bca91f?api-version=2019-08-01"
        ]
      },
      "ResponseBody": "",
      "StatusCode": 204
    },
    {
      "RequestUri": "/subscriptions/12053b8f-cab5-4f5c-9c1a-870580142abd/resourceGroups/rgtest9921232812/providers/Microsoft.DocumentDB/databaseAccounts/cosmosdb9921232812/sqlDatabases/dbName2/containers/container1/userDefinedFunctions/udf?api-version=2019-08-01",
      "EncodedRequestUri": "L3N1YnNjcmlwdGlvbnMvMTIwNTNiOGYtY2FiNS00ZjVjLTljMWEtODcwNTgwMTQyYWJkL3Jlc291cmNlR3JvdXBzL3JndGVzdDk5MjEyMzI4MTIvcHJvdmlkZXJzL01pY3Jvc29mdC5Eb2N1bWVudERCL2RhdGFiYXNlQWNjb3VudHMvY29zbW9zZGI5OTIxMjMyODEyL3NxbERhdGFiYXNlcy9kYk5hbWUyL2NvbnRhaW5lcnMvY29udGFpbmVyMS91c2VyRGVmaW5lZEZ1bmN0aW9ucy91ZGY/YXBpLXZlcnNpb249MjAxOS0wOC0wMQ==",
      "RequestMethod": "DELETE",
      "RequestBody": "",
      "RequestHeaders": {
        "x-ms-client-request-id": [
          "11b3d00f-0075-44ba-9199-03dcea6dde08"
        ],
        "Accept-Language": [
          "en-US"
        ],
        "User-Agent": [
          "FxVersion/4.6.27817.03",
          "OSName/Windows",
          "OSVersion/Microsoft.Windows.10.0.18363.",
          "Microsoft.Azure.Management.CosmosDB.CosmosDBManagementClient/1.0.0.0"
        ]
      },
      "ResponseHeaders": {
        "Cache-Control": [
          "no-store, no-cache"
        ],
        "Pragma": [
          "no-cache"
        ],
        "Location": [
          "https://management.azure.com/subscriptions/12053b8f-cab5-4f5c-9c1a-870580142abd/resourceGroups/rgtest9921232812/providers/Microsoft.DocumentDB/databaseAccounts/cosmosdb9921232812/sqlDatabases/dbName2/containers/container1/userDefinedFunctions/udf/operationResults/3a54aea5-e8ce-4aeb-9558-730c3b135db8?api-version=2019-08-01"
        ],
        "Azure-AsyncOperation": [
          "https://management.azure.com/subscriptions/12053b8f-cab5-4f5c-9c1a-870580142abd/providers/Microsoft.DocumentDB/locations/westus/operationsStatus/3a54aea5-e8ce-4aeb-9558-730c3b135db8?api-version=2019-08-01"
        ],
        "x-ms-request-id": [
          "3a54aea5-e8ce-4aeb-9558-730c3b135db8"
        ],
        "Strict-Transport-Security": [
          "max-age=31536000; includeSubDomains"
        ],
        "x-ms-gatewayversion": [
          "version=2.9.2"
        ],
        "Server": [
          "Microsoft-HTTPAPI/2.0"
        ],
        "x-ms-ratelimit-remaining-subscription-deletes": [
          "14998"
        ],
        "x-ms-correlation-request-id": [
          "85c8ffe8-62a3-4161-8316-85e69b3e25e6"
        ],
        "x-ms-routing-request-id": [
          "WESTUS:20200116T221932Z:85c8ffe8-62a3-4161-8316-85e69b3e25e6"
        ],
        "X-Content-Type-Options": [
          "nosniff"
        ],
        "Date": [
          "Thu, 16 Jan 2020 22:19:32 GMT"
        ],
        "Content-Length": [
          "32"
        ],
        "Content-Type": [
          "application/json"
        ],
        "Content-Location": [
          "https://management.documents.azure.com:450/subscriptions/12053b8f-cab5-4f5c-9c1a-870580142abd/resourceGroups/rgtest9921232812/providers/Microsoft.DocumentDB/databaseAccounts/cosmosdb9921232812/sqlDatabases/dbName2/containers/container1/userDefinedFunctions/udf?api-version=2019-08-01"
        ]
      },
      "ResponseBody": "{\r\n  \"status\": \"Enqueued\",\r\n  \"error\": {}\r\n}",
      "StatusCode": 202
    },
    {
      "RequestUri": "/subscriptions/12053b8f-cab5-4f5c-9c1a-870580142abd/providers/Microsoft.DocumentDB/locations/westus/operationsStatus/3a54aea5-e8ce-4aeb-9558-730c3b135db8?api-version=2019-08-01",
      "EncodedRequestUri": "L3N1YnNjcmlwdGlvbnMvMTIwNTNiOGYtY2FiNS00ZjVjLTljMWEtODcwNTgwMTQyYWJkL3Byb3ZpZGVycy9NaWNyb3NvZnQuRG9jdW1lbnREQi9sb2NhdGlvbnMvd2VzdHVzL29wZXJhdGlvbnNTdGF0dXMvM2E1NGFlYTUtZThjZS00YWViLTk1NTgtNzMwYzNiMTM1ZGI4P2FwaS12ZXJzaW9uPTIwMTktMDgtMDE=",
      "RequestMethod": "GET",
      "RequestBody": "",
      "RequestHeaders": {
        "User-Agent": [
          "FxVersion/4.6.27817.03",
          "OSName/Windows",
          "OSVersion/Microsoft.Windows.10.0.18363.",
          "Microsoft.Azure.Management.CosmosDB.CosmosDBManagementClient/1.0.0.0"
        ]
      },
      "ResponseHeaders": {
        "Cache-Control": [
          "no-store, no-cache"
        ],
        "Pragma": [
          "no-cache"
        ],
        "Strict-Transport-Security": [
          "max-age=31536000; includeSubDomains"
        ],
        "x-ms-gatewayversion": [
          "version=2.9.2"
        ],
        "Server": [
          "Microsoft-HTTPAPI/2.0"
        ],
        "x-ms-ratelimit-remaining-subscription-reads": [
          "11997"
        ],
        "x-ms-request-id": [
          "ba95b8d8-fa1e-426c-9acb-6fe4d1f4c843"
        ],
        "x-ms-correlation-request-id": [
          "ba95b8d8-fa1e-426c-9acb-6fe4d1f4c843"
        ],
        "x-ms-routing-request-id": [
          "WESTUS:20200116T222002Z:ba95b8d8-fa1e-426c-9acb-6fe4d1f4c843"
        ],
        "X-Content-Type-Options": [
          "nosniff"
        ],
        "Date": [
          "Thu, 16 Jan 2020 22:20:02 GMT"
        ],
        "Content-Length": [
          "33"
        ],
        "Content-Type": [
          "application/json"
        ],
        "Content-Location": [
          "https://management.documents.azure.com:450/subscriptions/12053b8f-cab5-4f5c-9c1a-870580142abd/providers/Microsoft.DocumentDB/locations/westus/operationsStatus/3a54aea5-e8ce-4aeb-9558-730c3b135db8?api-version=2019-08-01"
        ]
      },
      "ResponseBody": "{\r\n  \"status\": \"Succeeded\",\r\n  \"error\": {}\r\n}",
      "StatusCode": 200
    },
    {
      "RequestUri": "/subscriptions/12053b8f-cab5-4f5c-9c1a-870580142abd/resourceGroups/rgtest9921232812/providers/Microsoft.DocumentDB/databaseAccounts/cosmosdb9921232812/sqlDatabases/dbName2/containers/container1/userDefinedFunctions/udf/operationResults/3a54aea5-e8ce-4aeb-9558-730c3b135db8?api-version=2019-08-01",
      "EncodedRequestUri": "L3N1YnNjcmlwdGlvbnMvMTIwNTNiOGYtY2FiNS00ZjVjLTljMWEtODcwNTgwMTQyYWJkL3Jlc291cmNlR3JvdXBzL3JndGVzdDk5MjEyMzI4MTIvcHJvdmlkZXJzL01pY3Jvc29mdC5Eb2N1bWVudERCL2RhdGFiYXNlQWNjb3VudHMvY29zbW9zZGI5OTIxMjMyODEyL3NxbERhdGFiYXNlcy9kYk5hbWUyL2NvbnRhaW5lcnMvY29udGFpbmVyMS91c2VyRGVmaW5lZEZ1bmN0aW9ucy91ZGYvb3BlcmF0aW9uUmVzdWx0cy8zYTU0YWVhNS1lOGNlLTRhZWItOTU1OC03MzBjM2IxMzVkYjg/YXBpLXZlcnNpb249MjAxOS0wOC0wMQ==",
      "RequestMethod": "GET",
      "RequestBody": "",
      "RequestHeaders": {
        "User-Agent": [
          "FxVersion/4.6.27817.03",
          "OSName/Windows",
          "OSVersion/Microsoft.Windows.10.0.18363.",
          "Microsoft.Azure.Management.CosmosDB.CosmosDBManagementClient/1.0.0.0"
        ]
      },
      "ResponseHeaders": {
        "Cache-Control": [
          "no-store, no-cache"
        ],
        "Pragma": [
          "no-cache"
        ],
        "Strict-Transport-Security": [
          "max-age=31536000; includeSubDomains"
        ],
        "x-ms-gatewayversion": [
          "version=2.9.2"
        ],
        "Server": [
          "Microsoft-HTTPAPI/2.0"
        ],
        "x-ms-ratelimit-remaining-subscription-reads": [
          "11996"
        ],
        "x-ms-request-id": [
          "7d318895-64ef-4fe0-b6ce-2c624c3cf1aa"
        ],
        "x-ms-correlation-request-id": [
          "7d318895-64ef-4fe0-b6ce-2c624c3cf1aa"
        ],
        "x-ms-routing-request-id": [
          "WESTUS:20200116T222003Z:7d318895-64ef-4fe0-b6ce-2c624c3cf1aa"
        ],
        "X-Content-Type-Options": [
          "nosniff"
        ],
        "Date": [
          "Thu, 16 Jan 2020 22:20:02 GMT"
        ],
        "Content-Type": [
          "application/json"
        ],
        "Content-Location": [
          "https://management.documents.azure.com:450/subscriptions/12053b8f-cab5-4f5c-9c1a-870580142abd/resourceGroups/rgtest9921232812/providers/Microsoft.DocumentDB/databaseAccounts/cosmosdb9921232812/sqlDatabases/dbName2/containers/container1/userDefinedFunctions/udf/operationResults/3a54aea5-e8ce-4aeb-9558-730c3b135db8?api-version=2019-08-01"
        ]
      },
      "ResponseBody": "",
      "StatusCode": 204
    },
    {
      "RequestUri": "/subscriptions/12053b8f-cab5-4f5c-9c1a-870580142abd/resourceGroups/rgtest9921232812/providers/Microsoft.DocumentDB/databaseAccounts/cosmosdb9921232812/sqlDatabases/dbName2/containers/container1?api-version=2019-08-01",
      "EncodedRequestUri": "L3N1YnNjcmlwdGlvbnMvMTIwNTNiOGYtY2FiNS00ZjVjLTljMWEtODcwNTgwMTQyYWJkL3Jlc291cmNlR3JvdXBzL3JndGVzdDk5MjEyMzI4MTIvcHJvdmlkZXJzL01pY3Jvc29mdC5Eb2N1bWVudERCL2RhdGFiYXNlQWNjb3VudHMvY29zbW9zZGI5OTIxMjMyODEyL3NxbERhdGFiYXNlcy9kYk5hbWUyL2NvbnRhaW5lcnMvY29udGFpbmVyMT9hcGktdmVyc2lvbj0yMDE5LTA4LTAx",
      "RequestMethod": "DELETE",
      "RequestBody": "",
      "RequestHeaders": {
        "x-ms-client-request-id": [
          "2cc119dd-9d7c-453f-a397-2f1b500216c5"
        ],
        "Accept-Language": [
          "en-US"
        ],
        "User-Agent": [
          "FxVersion/4.6.27817.03",
          "OSName/Windows",
          "OSVersion/Microsoft.Windows.10.0.18363.",
          "Microsoft.Azure.Management.CosmosDB.CosmosDBManagementClient/1.0.0.0"
        ]
      },
      "ResponseHeaders": {
        "Cache-Control": [
          "no-store, no-cache"
        ],
        "Pragma": [
          "no-cache"
        ],
        "Location": [
          "https://management.azure.com/subscriptions/12053b8f-cab5-4f5c-9c1a-870580142abd/resourceGroups/rgtest9921232812/providers/Microsoft.DocumentDB/databaseAccounts/cosmosdb9921232812/sqlDatabases/dbName2/containers/container1/operationResults/4b2e17de-c1a4-4614-ae17-84fa298d8444?api-version=2019-08-01"
        ],
        "Azure-AsyncOperation": [
          "https://management.azure.com/subscriptions/12053b8f-cab5-4f5c-9c1a-870580142abd/providers/Microsoft.DocumentDB/locations/westus/operationsStatus/4b2e17de-c1a4-4614-ae17-84fa298d8444?api-version=2019-08-01"
        ],
        "x-ms-request-id": [
          "4b2e17de-c1a4-4614-ae17-84fa298d8444"
        ],
        "Strict-Transport-Security": [
          "max-age=31536000; includeSubDomains"
        ],
        "x-ms-gatewayversion": [
          "version=2.9.2"
        ],
        "Server": [
          "Microsoft-HTTPAPI/2.0"
        ],
        "x-ms-ratelimit-remaining-subscription-deletes": [
          "14999"
        ],
        "x-ms-correlation-request-id": [
          "3ea3ac67-cd31-4a67-8823-512dae3dcc62"
        ],
        "x-ms-routing-request-id": [
          "WESTUS:20200116T222003Z:3ea3ac67-cd31-4a67-8823-512dae3dcc62"
        ],
        "X-Content-Type-Options": [
          "nosniff"
        ],
        "Date": [
          "Thu, 16 Jan 2020 22:20:03 GMT"
        ],
        "Content-Length": [
          "32"
        ],
        "Content-Type": [
          "application/json"
        ],
        "Content-Location": [
          "https://management.documents.azure.com:450/subscriptions/12053b8f-cab5-4f5c-9c1a-870580142abd/resourceGroups/rgtest9921232812/providers/Microsoft.DocumentDB/databaseAccounts/cosmosdb9921232812/sqlDatabases/dbName2/containers/container1?api-version=2019-08-01"
        ]
      },
      "ResponseBody": "{\r\n  \"status\": \"Enqueued\",\r\n  \"error\": {}\r\n}",
      "StatusCode": 202
    },
    {
      "RequestUri": "/subscriptions/12053b8f-cab5-4f5c-9c1a-870580142abd/providers/Microsoft.DocumentDB/locations/westus/operationsStatus/4b2e17de-c1a4-4614-ae17-84fa298d8444?api-version=2019-08-01",
      "EncodedRequestUri": "L3N1YnNjcmlwdGlvbnMvMTIwNTNiOGYtY2FiNS00ZjVjLTljMWEtODcwNTgwMTQyYWJkL3Byb3ZpZGVycy9NaWNyb3NvZnQuRG9jdW1lbnREQi9sb2NhdGlvbnMvd2VzdHVzL29wZXJhdGlvbnNTdGF0dXMvNGIyZTE3ZGUtYzFhNC00NjE0LWFlMTctODRmYTI5OGQ4NDQ0P2FwaS12ZXJzaW9uPTIwMTktMDgtMDE=",
      "RequestMethod": "GET",
      "RequestBody": "",
      "RequestHeaders": {
        "User-Agent": [
          "FxVersion/4.6.27817.03",
          "OSName/Windows",
          "OSVersion/Microsoft.Windows.10.0.18363.",
          "Microsoft.Azure.Management.CosmosDB.CosmosDBManagementClient/1.0.0.0"
        ]
      },
      "ResponseHeaders": {
        "Cache-Control": [
          "no-store, no-cache"
        ],
        "Pragma": [
          "no-cache"
        ],
        "Strict-Transport-Security": [
          "max-age=31536000; includeSubDomains"
        ],
        "x-ms-gatewayversion": [
          "version=2.9.2"
        ],
        "Server": [
          "Microsoft-HTTPAPI/2.0"
        ],
        "x-ms-ratelimit-remaining-subscription-reads": [
          "11999"
        ],
        "x-ms-request-id": [
          "06039f2a-995c-4f00-a0a9-138261f8f678"
        ],
        "x-ms-correlation-request-id": [
          "06039f2a-995c-4f00-a0a9-138261f8f678"
        ],
        "x-ms-routing-request-id": [
          "WESTUS:20200116T222033Z:06039f2a-995c-4f00-a0a9-138261f8f678"
        ],
        "X-Content-Type-Options": [
          "nosniff"
        ],
        "Date": [
          "Thu, 16 Jan 2020 22:20:32 GMT"
        ],
        "Content-Length": [
          "33"
        ],
        "Content-Type": [
          "application/json"
        ],
        "Content-Location": [
          "https://management.documents.azure.com:450/subscriptions/12053b8f-cab5-4f5c-9c1a-870580142abd/providers/Microsoft.DocumentDB/locations/westus/operationsStatus/4b2e17de-c1a4-4614-ae17-84fa298d8444?api-version=2019-08-01"
        ]
      },
      "ResponseBody": "{\r\n  \"status\": \"Succeeded\",\r\n  \"error\": {}\r\n}",
      "StatusCode": 200
    },
    {
      "RequestUri": "/subscriptions/12053b8f-cab5-4f5c-9c1a-870580142abd/resourceGroups/rgtest9921232812/providers/Microsoft.DocumentDB/databaseAccounts/cosmosdb9921232812/sqlDatabases/dbName2/containers/container1/operationResults/4b2e17de-c1a4-4614-ae17-84fa298d8444?api-version=2019-08-01",
      "EncodedRequestUri": "L3N1YnNjcmlwdGlvbnMvMTIwNTNiOGYtY2FiNS00ZjVjLTljMWEtODcwNTgwMTQyYWJkL3Jlc291cmNlR3JvdXBzL3JndGVzdDk5MjEyMzI4MTIvcHJvdmlkZXJzL01pY3Jvc29mdC5Eb2N1bWVudERCL2RhdGFiYXNlQWNjb3VudHMvY29zbW9zZGI5OTIxMjMyODEyL3NxbERhdGFiYXNlcy9kYk5hbWUyL2NvbnRhaW5lcnMvY29udGFpbmVyMS9vcGVyYXRpb25SZXN1bHRzLzRiMmUxN2RlLWMxYTQtNDYxNC1hZTE3LTg0ZmEyOThkODQ0ND9hcGktdmVyc2lvbj0yMDE5LTA4LTAx",
      "RequestMethod": "GET",
      "RequestBody": "",
      "RequestHeaders": {
        "User-Agent": [
          "FxVersion/4.6.27817.03",
          "OSName/Windows",
          "OSVersion/Microsoft.Windows.10.0.18363.",
          "Microsoft.Azure.Management.CosmosDB.CosmosDBManagementClient/1.0.0.0"
        ]
      },
      "ResponseHeaders": {
        "Cache-Control": [
          "no-store, no-cache"
        ],
        "Pragma": [
          "no-cache"
        ],
        "Strict-Transport-Security": [
          "max-age=31536000; includeSubDomains"
        ],
        "x-ms-gatewayversion": [
          "version=2.9.2"
        ],
        "Server": [
          "Microsoft-HTTPAPI/2.0"
        ],
        "x-ms-ratelimit-remaining-subscription-reads": [
          "11998"
        ],
        "x-ms-request-id": [
          "561db0be-5f54-4901-afa6-d35ccac0ac88"
        ],
        "x-ms-correlation-request-id": [
          "561db0be-5f54-4901-afa6-d35ccac0ac88"
        ],
        "x-ms-routing-request-id": [
          "WESTUS:20200116T222033Z:561db0be-5f54-4901-afa6-d35ccac0ac88"
        ],
        "X-Content-Type-Options": [
          "nosniff"
        ],
        "Date": [
          "Thu, 16 Jan 2020 22:20:33 GMT"
        ],
        "Content-Type": [
          "application/json"
        ],
        "Content-Location": [
          "https://management.documents.azure.com:450/subscriptions/12053b8f-cab5-4f5c-9c1a-870580142abd/resourceGroups/rgtest9921232812/providers/Microsoft.DocumentDB/databaseAccounts/cosmosdb9921232812/sqlDatabases/dbName2/containers/container1/operationResults/4b2e17de-c1a4-4614-ae17-84fa298d8444?api-version=2019-08-01"
        ]
      },
      "ResponseBody": "",
      "StatusCode": 204
    },
    {
      "RequestUri": "/subscriptions/12053b8f-cab5-4f5c-9c1a-870580142abd/resourceGroups/rgtest9921232812/providers/Microsoft.DocumentDB/databaseAccounts/cosmosdb9921232812/sqlDatabases/dbName2?api-version=2019-08-01",
      "EncodedRequestUri": "L3N1YnNjcmlwdGlvbnMvMTIwNTNiOGYtY2FiNS00ZjVjLTljMWEtODcwNTgwMTQyYWJkL3Jlc291cmNlR3JvdXBzL3JndGVzdDk5MjEyMzI4MTIvcHJvdmlkZXJzL01pY3Jvc29mdC5Eb2N1bWVudERCL2RhdGFiYXNlQWNjb3VudHMvY29zbW9zZGI5OTIxMjMyODEyL3NxbERhdGFiYXNlcy9kYk5hbWUyP2FwaS12ZXJzaW9uPTIwMTktMDgtMDE=",
      "RequestMethod": "DELETE",
      "RequestBody": "",
      "RequestHeaders": {
        "x-ms-client-request-id": [
          "186e092a-ea97-4a9c-bca1-664dc1486399"
        ],
        "Accept-Language": [
          "en-US"
        ],
        "User-Agent": [
          "FxVersion/4.6.27817.03",
          "OSName/Windows",
          "OSVersion/Microsoft.Windows.10.0.18363.",
          "Microsoft.Azure.Management.CosmosDB.CosmosDBManagementClient/1.0.0.0"
        ]
      },
      "ResponseHeaders": {
        "Cache-Control": [
          "no-store, no-cache"
        ],
        "Pragma": [
          "no-cache"
        ],
        "Location": [
          "https://management.azure.com/subscriptions/12053b8f-cab5-4f5c-9c1a-870580142abd/resourceGroups/rgtest9921232812/providers/Microsoft.DocumentDB/databaseAccounts/cosmosdb9921232812/sqlDatabases/dbName2/operationResults/ae70ac31-ff49-4e67-94af-9568999e2068?api-version=2019-08-01"
        ],
        "Azure-AsyncOperation": [
          "https://management.azure.com/subscriptions/12053b8f-cab5-4f5c-9c1a-870580142abd/providers/Microsoft.DocumentDB/locations/westus/operationsStatus/ae70ac31-ff49-4e67-94af-9568999e2068?api-version=2019-08-01"
        ],
        "x-ms-request-id": [
          "ae70ac31-ff49-4e67-94af-9568999e2068"
        ],
        "Strict-Transport-Security": [
          "max-age=31536000; includeSubDomains"
        ],
        "x-ms-gatewayversion": [
          "version=2.9.2"
        ],
        "Server": [
          "Microsoft-HTTPAPI/2.0"
        ],
        "x-ms-ratelimit-remaining-subscription-deletes": [
          "14999"
        ],
        "x-ms-correlation-request-id": [
          "84484405-39ca-4658-b908-b2ca8a2e1fc9"
        ],
        "x-ms-routing-request-id": [
          "WESTUS:20200116T222034Z:84484405-39ca-4658-b908-b2ca8a2e1fc9"
        ],
        "X-Content-Type-Options": [
          "nosniff"
        ],
        "Date": [
          "Thu, 16 Jan 2020 22:20:33 GMT"
        ],
        "Content-Length": [
          "32"
        ],
        "Content-Type": [
          "application/json"
        ],
        "Content-Location": [
          "https://management.documents.azure.com:450/subscriptions/12053b8f-cab5-4f5c-9c1a-870580142abd/resourceGroups/rgtest9921232812/providers/Microsoft.DocumentDB/databaseAccounts/cosmosdb9921232812/sqlDatabases/dbName2?api-version=2019-08-01"
        ]
      },
      "ResponseBody": "{\r\n  \"status\": \"Enqueued\",\r\n  \"error\": {}\r\n}",
      "StatusCode": 202
    },
    {
      "RequestUri": "/subscriptions/12053b8f-cab5-4f5c-9c1a-870580142abd/providers/Microsoft.DocumentDB/locations/westus/operationsStatus/ae70ac31-ff49-4e67-94af-9568999e2068?api-version=2019-08-01",
      "EncodedRequestUri": "L3N1YnNjcmlwdGlvbnMvMTIwNTNiOGYtY2FiNS00ZjVjLTljMWEtODcwNTgwMTQyYWJkL3Byb3ZpZGVycy9NaWNyb3NvZnQuRG9jdW1lbnREQi9sb2NhdGlvbnMvd2VzdHVzL29wZXJhdGlvbnNTdGF0dXMvYWU3MGFjMzEtZmY0OS00ZTY3LTk0YWYtOTU2ODk5OWUyMDY4P2FwaS12ZXJzaW9uPTIwMTktMDgtMDE=",
      "RequestMethod": "GET",
      "RequestBody": "",
      "RequestHeaders": {
        "User-Agent": [
          "FxVersion/4.6.27817.03",
          "OSName/Windows",
          "OSVersion/Microsoft.Windows.10.0.18363.",
          "Microsoft.Azure.Management.CosmosDB.CosmosDBManagementClient/1.0.0.0"
        ]
      },
      "ResponseHeaders": {
        "Cache-Control": [
          "no-store, no-cache"
        ],
        "Pragma": [
          "no-cache"
        ],
        "Strict-Transport-Security": [
          "max-age=31536000; includeSubDomains"
        ],
        "x-ms-gatewayversion": [
          "version=2.9.2"
        ],
        "Server": [
          "Microsoft-HTTPAPI/2.0"
        ],
        "x-ms-ratelimit-remaining-subscription-reads": [
          "11998"
        ],
        "x-ms-request-id": [
          "b5a1c7d2-8ecd-491d-8ff8-a19a86ced8a9"
        ],
        "x-ms-correlation-request-id": [
          "b5a1c7d2-8ecd-491d-8ff8-a19a86ced8a9"
        ],
        "x-ms-routing-request-id": [
          "WESTUS:20200116T222104Z:b5a1c7d2-8ecd-491d-8ff8-a19a86ced8a9"
        ],
        "X-Content-Type-Options": [
          "nosniff"
        ],
        "Date": [
          "Thu, 16 Jan 2020 22:21:04 GMT"
        ],
        "Content-Length": [
          "33"
        ],
        "Content-Type": [
          "application/json"
        ],
        "Content-Location": [
          "https://management.documents.azure.com:450/subscriptions/12053b8f-cab5-4f5c-9c1a-870580142abd/providers/Microsoft.DocumentDB/locations/westus/operationsStatus/ae70ac31-ff49-4e67-94af-9568999e2068?api-version=2019-08-01"
        ]
      },
      "ResponseBody": "{\r\n  \"status\": \"Succeeded\",\r\n  \"error\": {}\r\n}",
      "StatusCode": 200
    },
    {
      "RequestUri": "/subscriptions/12053b8f-cab5-4f5c-9c1a-870580142abd/resourceGroups/rgtest9921232812/providers/Microsoft.DocumentDB/databaseAccounts/cosmosdb9921232812/sqlDatabases/dbName2/operationResults/ae70ac31-ff49-4e67-94af-9568999e2068?api-version=2019-08-01",
      "EncodedRequestUri": "L3N1YnNjcmlwdGlvbnMvMTIwNTNiOGYtY2FiNS00ZjVjLTljMWEtODcwNTgwMTQyYWJkL3Jlc291cmNlR3JvdXBzL3JndGVzdDk5MjEyMzI4MTIvcHJvdmlkZXJzL01pY3Jvc29mdC5Eb2N1bWVudERCL2RhdGFiYXNlQWNjb3VudHMvY29zbW9zZGI5OTIxMjMyODEyL3NxbERhdGFiYXNlcy9kYk5hbWUyL29wZXJhdGlvblJlc3VsdHMvYWU3MGFjMzEtZmY0OS00ZTY3LTk0YWYtOTU2ODk5OWUyMDY4P2FwaS12ZXJzaW9uPTIwMTktMDgtMDE=",
      "RequestMethod": "GET",
      "RequestBody": "",
      "RequestHeaders": {
        "User-Agent": [
          "FxVersion/4.6.27817.03",
          "OSName/Windows",
          "OSVersion/Microsoft.Windows.10.0.18363.",
          "Microsoft.Azure.Management.CosmosDB.CosmosDBManagementClient/1.0.0.0"
        ]
      },
      "ResponseHeaders": {
        "Cache-Control": [
          "no-store, no-cache"
        ],
        "Pragma": [
          "no-cache"
        ],
        "Strict-Transport-Security": [
          "max-age=31536000; includeSubDomains"
        ],
        "x-ms-gatewayversion": [
          "version=2.9.2"
        ],
        "Server": [
          "Microsoft-HTTPAPI/2.0"
        ],
        "x-ms-ratelimit-remaining-subscription-reads": [
          "11997"
        ],
        "x-ms-request-id": [
          "3a07865f-08ec-4fbe-9040-d56150d24a30"
        ],
        "x-ms-correlation-request-id": [
          "3a07865f-08ec-4fbe-9040-d56150d24a30"
        ],
        "x-ms-routing-request-id": [
          "WESTUS:20200116T222104Z:3a07865f-08ec-4fbe-9040-d56150d24a30"
        ],
        "X-Content-Type-Options": [
          "nosniff"
        ],
        "Date": [
          "Thu, 16 Jan 2020 22:21:04 GMT"
        ],
        "Content-Type": [
          "application/json"
        ],
        "Content-Location": [
          "https://management.documents.azure.com:450/subscriptions/12053b8f-cab5-4f5c-9c1a-870580142abd/resourceGroups/rgtest9921232812/providers/Microsoft.DocumentDB/databaseAccounts/cosmosdb9921232812/sqlDatabases/dbName2/operationResults/ae70ac31-ff49-4e67-94af-9568999e2068?api-version=2019-08-01"
        ]
      },
      "ResponseBody": "",
      "StatusCode": 204
    }
  ],
  "Names": {},
  "Variables": {
    "SubscriptionId": "12053b8f-cab5-4f5c-9c1a-870580142abd"
  }
}