{
  "Entries": [
    {
      "RequestUri": "/subscriptions/259fbb24-9bcd-4cfc-865c-fc33b22fe38a/resourcegroups/CosmosDBResourceGroup62?api-version=2016-09-01",
      "EncodedRequestUri": "L3N1YnNjcmlwdGlvbnMvMjU5ZmJiMjQtOWJjZC00Y2ZjLTg2NWMtZmMzM2IyMmZlMzhhL3Jlc291cmNlZ3JvdXBzL0Nvc21vc0RCUmVzb3VyY2VHcm91cDYyP2FwaS12ZXJzaW9uPTIwMTYtMDktMDE=",
      "RequestMethod": "PUT",
      "RequestBody": "{\r\n  \"location\": \"East US\"\r\n}",
      "RequestHeaders": {
        "x-ms-client-request-id": [
          "011be86b-3400-4cf1-b29e-2f3d8928ae73"
        ],
        "Accept-Language": [
          "en-US"
        ],
        "User-Agent": [
          "FxVersion/4.6.28207.03",
          "OSName/Windows",
          "OSVersion/Microsoft.Windows.10.0.19044.",
          "Microsoft.Azure.Management.Internal.Resources.ResourceManagementClient/1.3.54"
        ],
        "Content-Type": [
          "application/json; charset=utf-8"
        ],
        "Content-Length": [
          "29"
        ]
      },
      "ResponseHeaders": {
        "Cache-Control": [
          "no-cache"
        ],
        "Pragma": [
          "no-cache"
        ],
        "x-ms-ratelimit-remaining-subscription-writes": [
          "1199"
        ],
        "x-ms-request-id": [
          "364316fe-385a-416f-a8d3-fc9bbd0fb69a"
        ],
        "x-ms-correlation-request-id": [
          "364316fe-385a-416f-a8d3-fc9bbd0fb69a"
        ],
        "x-ms-routing-request-id": [
          "WESTUS2:20220215T075715Z:364316fe-385a-416f-a8d3-fc9bbd0fb69a"
        ],
        "Strict-Transport-Security": [
          "max-age=31536000; includeSubDomains"
        ],
        "X-Content-Type-Options": [
          "nosniff"
        ],
        "Date": [
          "Tue, 15 Feb 2022 07:57:15 GMT"
        ],
        "Content-Length": [
          "199"
        ],
        "Content-Type": [
          "application/json; charset=utf-8"
        ],
        "Expires": [
          "-1"
        ]
      },
      "ResponseBody": "{\r\n  \"id\": \"/subscriptions/259fbb24-9bcd-4cfc-865c-fc33b22fe38a/resourceGroups/CosmosDBResourceGroup62\",\r\n  \"name\": \"CosmosDBResourceGroup62\",\r\n  \"location\": \"eastus\",\r\n  \"properties\": {\r\n    \"provisioningState\": \"Succeeded\"\r\n  }\r\n}",
      "StatusCode": 201
    },
    {
      "RequestUri": "/subscriptions/259fbb24-9bcd-4cfc-865c-fc33b22fe38a/resourceGroups/CosmosDBResourceGroup62/providers/Microsoft.DocumentDB/databaseAccounts/dbaccount62-1?api-version=2021-11-15-preview",
      "EncodedRequestUri": "L3N1YnNjcmlwdGlvbnMvMjU5ZmJiMjQtOWJjZC00Y2ZjLTg2NWMtZmMzM2IyMmZlMzhhL3Jlc291cmNlR3JvdXBzL0Nvc21vc0RCUmVzb3VyY2VHcm91cDYyL3Byb3ZpZGVycy9NaWNyb3NvZnQuRG9jdW1lbnREQi9kYXRhYmFzZUFjY291bnRzL2RiYWNjb3VudDYyLTE/YXBpLXZlcnNpb249MjAyMS0xMS0xNS1wcmV2aWV3",
      "RequestMethod": "GET",
      "RequestBody": "",
      "RequestHeaders": {
        "x-ms-client-request-id": [
          "09b25336-36eb-4aed-9d52-4c0edb9503b6"
        ],
        "Accept-Language": [
          "en-US"
        ],
        "User-Agent": [
          "FxVersion/4.6.28207.03",
          "OSName/Windows",
          "OSVersion/Microsoft.Windows.10.0.19044.",
          "Microsoft.Azure.Management.CosmosDB.CosmosDBManagementClient/3.4.0.0"
        ]
      },
      "ResponseHeaders": {
        "Cache-Control": [
          "no-cache"
        ],
        "Pragma": [
          "no-cache"
        ],
        "x-ms-failure-cause": [
          "gateway"
        ],
        "x-ms-request-id": [
          "f6104c4c-7383-4b6c-9dd3-f6afe2abee1c"
        ],
        "x-ms-correlation-request-id": [
          "f6104c4c-7383-4b6c-9dd3-f6afe2abee1c"
        ],
        "x-ms-routing-request-id": [
          "WESTUS2:20220215T075716Z:f6104c4c-7383-4b6c-9dd3-f6afe2abee1c"
        ],
        "Strict-Transport-Security": [
          "max-age=31536000; includeSubDomains"
        ],
        "X-Content-Type-Options": [
          "nosniff"
        ],
        "Date": [
          "Tue, 15 Feb 2022 07:57:16 GMT"
        ],
        "Content-Type": [
          "application/json; charset=utf-8"
        ],
        "Expires": [
          "-1"
        ],
        "Content-Length": [
          "246"
        ]
      },
      "ResponseBody": "{\r\n  \"error\": {\r\n    \"code\": \"ResourceNotFound\",\r\n    \"message\": \"The Resource 'Microsoft.DocumentDB/databaseAccounts/dbaccount62-1' under resource group 'CosmosDBResourceGroup62' was not found. For more details please go to https://aka.ms/ARMResourceNotFoundFix\"\r\n  }\r\n}",
      "StatusCode": 404
    },
    {
      "RequestUri": "/subscriptions/259fbb24-9bcd-4cfc-865c-fc33b22fe38a/resourceGroups/CosmosDBResourceGroup62/providers/Microsoft.DocumentDB/databaseAccounts/dbaccount62-1?api-version=2021-11-15-preview",
      "EncodedRequestUri": "L3N1YnNjcmlwdGlvbnMvMjU5ZmJiMjQtOWJjZC00Y2ZjLTg2NWMtZmMzM2IyMmZlMzhhL3Jlc291cmNlR3JvdXBzL0Nvc21vc0RCUmVzb3VyY2VHcm91cDYyL3Byb3ZpZGVycy9NaWNyb3NvZnQuRG9jdW1lbnREQi9kYXRhYmFzZUFjY291bnRzL2RiYWNjb3VudDYyLTE/YXBpLXZlcnNpb249MjAyMS0xMS0xNS1wcmV2aWV3",
      "RequestMethod": "GET",
      "RequestBody": "",
      "RequestHeaders": {
        "x-ms-client-request-id": [
          "09b25336-36eb-4aed-9d52-4c0edb9503b6"
        ],
        "User-Agent": [
          "FxVersion/4.6.28207.03",
          "OSName/Windows",
          "OSVersion/Microsoft.Windows.10.0.19044.",
          "Microsoft.Azure.Management.CosmosDB.CosmosDBManagementClient/3.4.0.0"
        ]
      },
      "ResponseHeaders": {
        "Cache-Control": [
          "no-store, no-cache"
        ],
        "Pragma": [
          "no-cache"
        ],
        "Strict-Transport-Security": [
          "max-age=31536000; includeSubDomains"
        ],
        "x-ms-gatewayversion": [
          "version=2.14.0"
        ],
        "Server": [
          "Microsoft-HTTPAPI/2.0"
        ],
        "x-ms-ratelimit-remaining-subscription-reads": [
          "11994"
        ],
        "x-ms-request-id": [
          "57929517-9a76-4cba-915f-82382d2907a7"
        ],
        "x-ms-correlation-request-id": [
          "57929517-9a76-4cba-915f-82382d2907a7"
        ],
        "x-ms-routing-request-id": [
          "WESTUS2:20220215T075922Z:57929517-9a76-4cba-915f-82382d2907a7"
        ],
        "X-Content-Type-Options": [
          "nosniff"
        ],
        "Date": [
          "Tue, 15 Feb 2022 07:59:22 GMT"
        ],
        "Content-Length": [
          "2252"
        ],
        "Content-Type": [
          "application/json"
        ]
      },
      "ResponseBody": "{\r\n  \"id\": \"/subscriptions/259fbb24-9bcd-4cfc-865c-fc33b22fe38a/resourceGroups/CosmosDBResourceGroup62/providers/Microsoft.DocumentDB/databaseAccounts/dbaccount62-1\",\r\n  \"name\": \"dbaccount62-1\",\r\n  \"location\": \"East US\",\r\n  \"type\": \"Microsoft.DocumentDB/databaseAccounts\",\r\n  \"kind\": \"GlobalDocumentDB\",\r\n  \"tags\": {},\r\n  \"systemData\": {\r\n    \"createdAt\": \"2022-02-15T07:58:34.2305802Z\"\r\n  },\r\n  \"properties\": {\r\n    \"provisioningState\": \"Succeeded\",\r\n    \"documentEndpoint\": \"https://dbaccount62-1.documents.azure.com:443/\",\r\n    \"publicNetworkAccess\": \"Enabled\",\r\n    \"enableAutomaticFailover\": false,\r\n    \"enableMultipleWriteLocations\": false,\r\n    \"enablePartitionKeyMonitor\": false,\r\n    \"isVirtualNetworkFilterEnabled\": false,\r\n    \"virtualNetworkRules\": [],\r\n    \"EnabledApiTypes\": \"Sql\",\r\n    \"disableKeyBasedMetadataWriteAccess\": false,\r\n    \"enableFreeTier\": false,\r\n    \"enableAnalyticalStorage\": false,\r\n    \"analyticalStorageConfiguration\": {\r\n      \"schemaType\": \"WellDefined\"\r\n    },\r\n    \"instanceId\": \"dc65611a-b3ee-46cd-a287-81e4e9505e27\",\r\n    \"databaseAccountOfferType\": \"Standard\",\r\n    \"defaultIdentity\": \"FirstPartyIdentity\",\r\n    \"networkAclBypass\": \"None\",\r\n    \"disableLocalAuth\": false,\r\n    \"consistencyPolicy\": {\r\n      \"defaultConsistencyLevel\": \"BoundedStaleness\",\r\n      \"maxIntervalInSeconds\": 5,\r\n      \"maxStalenessPrefix\": 100\r\n    },\r\n    \"configurationOverrides\": {},\r\n    \"writeLocations\": [\r\n      {\r\n        \"id\": \"dbaccount62-1-eastus\",\r\n        \"locationName\": \"East US\",\r\n        \"documentEndpoint\": \"https://dbaccount62-1-eastus.documents.azure.com:443/\",\r\n        \"provisioningState\": \"Succeeded\",\r\n        \"failoverPriority\": 0,\r\n        \"isZoneRedundant\": false\r\n      }\r\n    ],\r\n    \"readLocations\": [\r\n      {\r\n        \"id\": \"dbaccount62-1-eastus\",\r\n        \"locationName\": \"East US\",\r\n        \"documentEndpoint\": \"https://dbaccount62-1-eastus.documents.azure.com:443/\",\r\n        \"provisioningState\": \"Succeeded\",\r\n        \"failoverPriority\": 0,\r\n        \"isZoneRedundant\": false\r\n      }\r\n    ],\r\n    \"locations\": [\r\n      {\r\n        \"id\": \"dbaccount62-1-eastus\",\r\n        \"locationName\": \"East US\",\r\n        \"documentEndpoint\": \"https://dbaccount62-1-eastus.documents.azure.com:443/\",\r\n        \"provisioningState\": \"Succeeded\",\r\n        \"failoverPriority\": 0,\r\n        \"isZoneRedundant\": false\r\n      }\r\n    ],\r\n    \"failoverPolicies\": [\r\n      {\r\n        \"id\": \"dbaccount62-1-eastus\",\r\n        \"locationName\": \"East US\",\r\n        \"failoverPriority\": 0\r\n      }\r\n    ],\r\n    \"cors\": [],\r\n    \"capabilities\": [],\r\n    \"ipRules\": [],\r\n    \"backupPolicy\": {\r\n      \"type\": \"Periodic\",\r\n      \"periodicModeProperties\": {\r\n        \"backupIntervalInMinutes\": 240,\r\n        \"backupRetentionIntervalInHours\": 8,\r\n        \"backupStorageRedundancy\": \"Geo\"\r\n      }\r\n    },\r\n    \"networkAclBypassResourceIds\": [],\r\n    \"diagnosticLogSettings\": {\r\n      \"enableFullTextQuery\": \"None\"\r\n    }\r\n  },\r\n  \"identity\": {\r\n    \"type\": \"None\"\r\n  }\r\n}",
      "StatusCode": 200
    },
    {
      "RequestUri": "/subscriptions/259fbb24-9bcd-4cfc-865c-fc33b22fe38a/resourceGroups/CosmosDBResourceGroup62/providers/Microsoft.DocumentDB/databaseAccounts/dbaccount62-1?api-version=2021-11-15-preview",
      "EncodedRequestUri": "L3N1YnNjcmlwdGlvbnMvMjU5ZmJiMjQtOWJjZC00Y2ZjLTg2NWMtZmMzM2IyMmZlMzhhL3Jlc291cmNlR3JvdXBzL0Nvc21vc0RCUmVzb3VyY2VHcm91cDYyL3Byb3ZpZGVycy9NaWNyb3NvZnQuRG9jdW1lbnREQi9kYXRhYmFzZUFjY291bnRzL2RiYWNjb3VudDYyLTE/YXBpLXZlcnNpb249MjAyMS0xMS0xNS1wcmV2aWV3",
      "RequestMethod": "GET",
      "RequestBody": "",
      "RequestHeaders": {
        "x-ms-client-request-id": [
          "7d2877d8-03c0-4ca9-88b1-2902824798a8"
        ],
        "Accept-Language": [
          "en-US"
        ],
        "User-Agent": [
          "FxVersion/4.6.28207.03",
          "OSName/Windows",
          "OSVersion/Microsoft.Windows.10.0.19044.",
          "Microsoft.Azure.Management.CosmosDB.CosmosDBManagementClient/3.4.0.0"
        ]
      },
      "ResponseHeaders": {
        "Cache-Control": [
          "no-store, no-cache"
        ],
        "Pragma": [
          "no-cache"
        ],
        "Strict-Transport-Security": [
          "max-age=31536000; includeSubDomains"
        ],
        "x-ms-gatewayversion": [
          "version=2.14.0"
        ],
        "Server": [
          "Microsoft-HTTPAPI/2.0"
        ],
        "x-ms-ratelimit-remaining-subscription-reads": [
          "11987"
        ],
        "x-ms-request-id": [
          "6735e763-1e50-4230-8a74-7e2cb807c949"
        ],
        "x-ms-correlation-request-id": [
          "6735e763-1e50-4230-8a74-7e2cb807c949"
        ],
        "x-ms-routing-request-id": [
          "WESTUS2:20220215T080025Z:6735e763-1e50-4230-8a74-7e2cb807c949"
        ],
        "X-Content-Type-Options": [
          "nosniff"
        ],
        "Date": [
          "Tue, 15 Feb 2022 08:00:25 GMT"
        ],
        "Content-Length": [
          "2252"
        ],
        "Content-Type": [
          "application/json"
        ]
      },
      "ResponseBody": "{\r\n  \"id\": \"/subscriptions/259fbb24-9bcd-4cfc-865c-fc33b22fe38a/resourceGroups/CosmosDBResourceGroup62/providers/Microsoft.DocumentDB/databaseAccounts/dbaccount62-1\",\r\n  \"name\": \"dbaccount62-1\",\r\n  \"location\": \"East US\",\r\n  \"type\": \"Microsoft.DocumentDB/databaseAccounts\",\r\n  \"kind\": \"GlobalDocumentDB\",\r\n  \"tags\": {},\r\n  \"systemData\": {\r\n    \"createdAt\": \"2022-02-15T07:58:34.2305802Z\"\r\n  },\r\n  \"properties\": {\r\n    \"provisioningState\": \"Succeeded\",\r\n    \"documentEndpoint\": \"https://dbaccount62-1.documents.azure.com:443/\",\r\n    \"publicNetworkAccess\": \"Enabled\",\r\n    \"enableAutomaticFailover\": false,\r\n    \"enableMultipleWriteLocations\": false,\r\n    \"enablePartitionKeyMonitor\": false,\r\n    \"isVirtualNetworkFilterEnabled\": false,\r\n    \"virtualNetworkRules\": [],\r\n    \"EnabledApiTypes\": \"Sql\",\r\n    \"disableKeyBasedMetadataWriteAccess\": false,\r\n    \"enableFreeTier\": false,\r\n    \"enableAnalyticalStorage\": false,\r\n    \"analyticalStorageConfiguration\": {\r\n      \"schemaType\": \"WellDefined\"\r\n    },\r\n    \"instanceId\": \"dc65611a-b3ee-46cd-a287-81e4e9505e27\",\r\n    \"databaseAccountOfferType\": \"Standard\",\r\n    \"defaultIdentity\": \"FirstPartyIdentity\",\r\n    \"networkAclBypass\": \"None\",\r\n    \"disableLocalAuth\": false,\r\n    \"consistencyPolicy\": {\r\n      \"defaultConsistencyLevel\": \"BoundedStaleness\",\r\n      \"maxIntervalInSeconds\": 5,\r\n      \"maxStalenessPrefix\": 100\r\n    },\r\n    \"configurationOverrides\": {},\r\n    \"writeLocations\": [\r\n      {\r\n        \"id\": \"dbaccount62-1-eastus\",\r\n        \"locationName\": \"East US\",\r\n        \"documentEndpoint\": \"https://dbaccount62-1-eastus.documents.azure.com:443/\",\r\n        \"provisioningState\": \"Succeeded\",\r\n        \"failoverPriority\": 0,\r\n        \"isZoneRedundant\": false\r\n      }\r\n    ],\r\n    \"readLocations\": [\r\n      {\r\n        \"id\": \"dbaccount62-1-eastus\",\r\n        \"locationName\": \"East US\",\r\n        \"documentEndpoint\": \"https://dbaccount62-1-eastus.documents.azure.com:443/\",\r\n        \"provisioningState\": \"Succeeded\",\r\n        \"failoverPriority\": 0,\r\n        \"isZoneRedundant\": false\r\n      }\r\n    ],\r\n    \"locations\": [\r\n      {\r\n        \"id\": \"dbaccount62-1-eastus\",\r\n        \"locationName\": \"East US\",\r\n        \"documentEndpoint\": \"https://dbaccount62-1-eastus.documents.azure.com:443/\",\r\n        \"provisioningState\": \"Succeeded\",\r\n        \"failoverPriority\": 0,\r\n        \"isZoneRedundant\": false\r\n      }\r\n    ],\r\n    \"failoverPolicies\": [\r\n      {\r\n        \"id\": \"dbaccount62-1-eastus\",\r\n        \"locationName\": \"East US\",\r\n        \"failoverPriority\": 0\r\n      }\r\n    ],\r\n    \"cors\": [],\r\n    \"capabilities\": [],\r\n    \"ipRules\": [],\r\n    \"backupPolicy\": {\r\n      \"type\": \"Periodic\",\r\n      \"periodicModeProperties\": {\r\n        \"backupIntervalInMinutes\": 240,\r\n        \"backupRetentionIntervalInHours\": 8,\r\n        \"backupStorageRedundancy\": \"Geo\"\r\n      }\r\n    },\r\n    \"networkAclBypassResourceIds\": [],\r\n    \"diagnosticLogSettings\": {\r\n      \"enableFullTextQuery\": \"None\"\r\n    }\r\n  },\r\n  \"identity\": {\r\n    \"type\": \"None\"\r\n  }\r\n}",
      "StatusCode": 200
    },
    {
      "RequestUri": "/subscriptions/259fbb24-9bcd-4cfc-865c-fc33b22fe38a/resourceGroups/CosmosDBResourceGroup62/providers/Microsoft.DocumentDB/databaseAccounts/dbaccount62-1?api-version=2021-11-15-preview",
      "EncodedRequestUri": "L3N1YnNjcmlwdGlvbnMvMjU5ZmJiMjQtOWJjZC00Y2ZjLTg2NWMtZmMzM2IyMmZlMzhhL3Jlc291cmNlR3JvdXBzL0Nvc21vc0RCUmVzb3VyY2VHcm91cDYyL3Byb3ZpZGVycy9NaWNyb3NvZnQuRG9jdW1lbnREQi9kYXRhYmFzZUFjY291bnRzL2RiYWNjb3VudDYyLTE/YXBpLXZlcnNpb249MjAyMS0xMS0xNS1wcmV2aWV3",
      "RequestMethod": "PUT",
      "RequestBody": "{\r\n  \"properties\": {\r\n    \"consistencyPolicy\": {\r\n      \"defaultConsistencyLevel\": \"BoundedStaleness\"\r\n    },\r\n    \"locations\": [\r\n      {\r\n        \"locationName\": \"East Us\",\r\n        \"failoverPriority\": 0,\r\n        \"isZoneRedundant\": false\r\n      }\r\n    ],\r\n    \"isVirtualNetworkFilterEnabled\": false,\r\n    \"enableAutomaticFailover\": false,\r\n    \"virtualNetworkRules\": [],\r\n    \"enableMultipleWriteLocations\": false,\r\n    \"disableKeyBasedMetadataWriteAccess\": false,\r\n    \"networkAclBypassResourceIds\": [],\r\n    \"databaseAccountOfferType\": \"Standard\"\r\n  },\r\n  \"location\": \"East Us\",\r\n  \"tags\": {}\r\n}",
      "RequestHeaders": {
        "x-ms-client-request-id": [
          "09b25336-36eb-4aed-9d52-4c0edb9503b6"
        ],
        "Accept-Language": [
          "en-US"
        ],
        "User-Agent": [
          "FxVersion/4.6.28207.03",
          "OSName/Windows",
          "OSVersion/Microsoft.Windows.10.0.19044.",
          "Microsoft.Azure.Management.CosmosDB.CosmosDBManagementClient/3.4.0.0"
        ],
        "Content-Type": [
          "application/json; charset=utf-8"
        ],
        "Content-Length": [
          "600"
        ]
      },
      "ResponseHeaders": {
        "Cache-Control": [
          "no-store, no-cache"
        ],
        "Pragma": [
          "no-cache"
        ],
        "Location": [
          "https://management.azure.com/subscriptions/259fbb24-9bcd-4cfc-865c-fc33b22fe38a/resourceGroups/CosmosDBResourceGroup62/providers/Microsoft.DocumentDB/databaseAccounts/dbaccount62-1/operationResults/5de8f7fd-70b4-478c-a455-ba6e98dd5b71?api-version=2021-11-15-preview"
        ],
        "x-ms-request-id": [
          "5de8f7fd-70b4-478c-a455-ba6e98dd5b71"
        ],
        "Azure-AsyncOperation": [
          "https://management.azure.com/subscriptions/259fbb24-9bcd-4cfc-865c-fc33b22fe38a/providers/Microsoft.DocumentDB/locations/eastus/operationsStatus/5de8f7fd-70b4-478c-a455-ba6e98dd5b71?api-version=2021-11-15-preview"
        ],
        "Strict-Transport-Security": [
          "max-age=31536000; includeSubDomains"
        ],
        "x-ms-gatewayversion": [
          "version=2.14.0"
        ],
        "Server": [
          "Microsoft-HTTPAPI/2.0"
        ],
        "x-ms-ratelimit-remaining-subscription-writes": [
          "1199"
        ],
        "x-ms-correlation-request-id": [
          "58b21b07-662b-406e-a513-07e6e217e4af"
        ],
        "x-ms-routing-request-id": [
          "WESTUS2:20220215T075722Z:58b21b07-662b-406e-a513-07e6e217e4af"
        ],
        "X-Content-Type-Options": [
          "nosniff"
        ],
        "Date": [
          "Tue, 15 Feb 2022 07:57:22 GMT"
        ],
        "Content-Length": [
          "1941"
        ],
        "Content-Type": [
          "application/json"
        ]
      },
      "ResponseBody": "{\r\n  \"id\": \"/subscriptions/259fbb24-9bcd-4cfc-865c-fc33b22fe38a/resourceGroups/CosmosDBResourceGroup62/providers/Microsoft.DocumentDB/databaseAccounts/dbaccount62-1\",\r\n  \"name\": \"dbaccount62-1\",\r\n  \"location\": \"East US\",\r\n  \"type\": \"Microsoft.DocumentDB/databaseAccounts\",\r\n  \"kind\": \"GlobalDocumentDB\",\r\n  \"tags\": {},\r\n  \"systemData\": {\r\n    \"createdAt\": \"2022-02-15T07:57:20.0840887Z\"\r\n  },\r\n  \"properties\": {\r\n    \"provisioningState\": \"Creating\",\r\n    \"publicNetworkAccess\": \"Enabled\",\r\n    \"enableAutomaticFailover\": false,\r\n    \"enableMultipleWriteLocations\": false,\r\n    \"enablePartitionKeyMonitor\": false,\r\n    \"isVirtualNetworkFilterEnabled\": false,\r\n    \"virtualNetworkRules\": [],\r\n    \"EnabledApiTypes\": \"Sql\",\r\n    \"disableKeyBasedMetadataWriteAccess\": false,\r\n    \"enableFreeTier\": false,\r\n    \"enableAnalyticalStorage\": false,\r\n    \"analyticalStorageConfiguration\": {\r\n      \"schemaType\": \"WellDefined\"\r\n    },\r\n    \"instanceId\": \"dc65611a-b3ee-46cd-a287-81e4e9505e27\",\r\n    \"databaseAccountOfferType\": \"Standard\",\r\n    \"defaultIdentity\": \"\",\r\n    \"networkAclBypass\": \"None\",\r\n    \"disableLocalAuth\": false,\r\n    \"consistencyPolicy\": {\r\n      \"defaultConsistencyLevel\": \"BoundedStaleness\",\r\n      \"maxIntervalInSeconds\": 5,\r\n      \"maxStalenessPrefix\": 100\r\n    },\r\n    \"configurationOverrides\": {},\r\n    \"writeLocations\": [\r\n      {\r\n        \"id\": \"dbaccount62-1-eastus\",\r\n        \"locationName\": \"East US\",\r\n        \"provisioningState\": \"Creating\",\r\n        \"failoverPriority\": 0,\r\n        \"isZoneRedundant\": false\r\n      }\r\n    ],\r\n    \"readLocations\": [\r\n      {\r\n        \"id\": \"dbaccount62-1-eastus\",\r\n        \"locationName\": \"East US\",\r\n        \"provisioningState\": \"Creating\",\r\n        \"failoverPriority\": 0,\r\n        \"isZoneRedundant\": false\r\n      }\r\n    ],\r\n    \"locations\": [\r\n      {\r\n        \"id\": \"dbaccount62-1-eastus\",\r\n        \"locationName\": \"East US\",\r\n        \"provisioningState\": \"Creating\",\r\n        \"failoverPriority\": 0,\r\n        \"isZoneRedundant\": false\r\n      }\r\n    ],\r\n    \"failoverPolicies\": [\r\n      {\r\n        \"id\": \"dbaccount62-1-eastus\",\r\n        \"locationName\": \"East US\",\r\n        \"failoverPriority\": 0\r\n      }\r\n    ],\r\n    \"cors\": [],\r\n    \"capabilities\": [],\r\n    \"ipRules\": [],\r\n    \"backupPolicy\": {\r\n      \"type\": \"Periodic\",\r\n      \"periodicModeProperties\": {\r\n        \"backupIntervalInMinutes\": 240,\r\n        \"backupRetentionIntervalInHours\": 8,\r\n        \"backupStorageRedundancy\": \"Invalid\"\r\n      }\r\n    },\r\n    \"networkAclBypassResourceIds\": [],\r\n    \"diagnosticLogSettings\": {\r\n      \"enableFullTextQuery\": \"None\"\r\n    }\r\n  },\r\n  \"identity\": {\r\n    \"type\": \"None\"\r\n  }\r\n}",
      "StatusCode": 200
    },
    {
      "RequestUri": "/subscriptions/259fbb24-9bcd-4cfc-865c-fc33b22fe38a/providers/Microsoft.DocumentDB/locations/eastus/operationsStatus/5de8f7fd-70b4-478c-a455-ba6e98dd5b71?api-version=2021-11-15-preview",
      "EncodedRequestUri": "L3N1YnNjcmlwdGlvbnMvMjU5ZmJiMjQtOWJjZC00Y2ZjLTg2NWMtZmMzM2IyMmZlMzhhL3Byb3ZpZGVycy9NaWNyb3NvZnQuRG9jdW1lbnREQi9sb2NhdGlvbnMvZWFzdHVzL29wZXJhdGlvbnNTdGF0dXMvNWRlOGY3ZmQtNzBiNC00NzhjLWE0NTUtYmE2ZTk4ZGQ1YjcxP2FwaS12ZXJzaW9uPTIwMjEtMTEtMTUtcHJldmlldw==",
      "RequestMethod": "GET",
      "RequestBody": "",
      "RequestHeaders": {
        "x-ms-client-request-id": [
          "09b25336-36eb-4aed-9d52-4c0edb9503b6"
        ],
        "User-Agent": [
          "FxVersion/4.6.28207.03",
          "OSName/Windows",
          "OSVersion/Microsoft.Windows.10.0.19044.",
          "Microsoft.Azure.Management.CosmosDB.CosmosDBManagementClient/3.4.0.0"
        ]
      },
      "ResponseHeaders": {
        "Cache-Control": [
          "no-store, no-cache"
        ],
        "Pragma": [
          "no-cache"
        ],
        "Strict-Transport-Security": [
          "max-age=31536000; includeSubDomains"
        ],
        "x-ms-gatewayversion": [
          "version=2.14.0"
        ],
        "Server": [
          "Microsoft-HTTPAPI/2.0"
        ],
        "x-ms-ratelimit-remaining-subscription-reads": [
          "11998"
        ],
        "x-ms-request-id": [
          "40259db2-fc6d-4d5a-be93-29ec41883198"
        ],
        "x-ms-correlation-request-id": [
          "40259db2-fc6d-4d5a-be93-29ec41883198"
        ],
        "x-ms-routing-request-id": [
          "WESTUS2:20220215T075752Z:40259db2-fc6d-4d5a-be93-29ec41883198"
        ],
        "X-Content-Type-Options": [
          "nosniff"
        ],
        "Date": [
          "Tue, 15 Feb 2022 07:57:51 GMT"
        ],
        "Content-Length": [
          "21"
        ],
        "Content-Type": [
          "application/json"
        ]
      },
      "ResponseBody": "{\r\n  \"status\": \"Dequeued\"\r\n}",
      "StatusCode": 200
    },
    {
      "RequestUri": "/subscriptions/259fbb24-9bcd-4cfc-865c-fc33b22fe38a/providers/Microsoft.DocumentDB/locations/eastus/operationsStatus/5de8f7fd-70b4-478c-a455-ba6e98dd5b71?api-version=2021-11-15-preview",
      "EncodedRequestUri": "L3N1YnNjcmlwdGlvbnMvMjU5ZmJiMjQtOWJjZC00Y2ZjLTg2NWMtZmMzM2IyMmZlMzhhL3Byb3ZpZGVycy9NaWNyb3NvZnQuRG9jdW1lbnREQi9sb2NhdGlvbnMvZWFzdHVzL29wZXJhdGlvbnNTdGF0dXMvNWRlOGY3ZmQtNzBiNC00NzhjLWE0NTUtYmE2ZTk4ZGQ1YjcxP2FwaS12ZXJzaW9uPTIwMjEtMTEtMTUtcHJldmlldw==",
      "RequestMethod": "GET",
      "RequestBody": "",
      "RequestHeaders": {
        "x-ms-client-request-id": [
          "09b25336-36eb-4aed-9d52-4c0edb9503b6"
        ],
        "User-Agent": [
          "FxVersion/4.6.28207.03",
          "OSName/Windows",
          "OSVersion/Microsoft.Windows.10.0.19044.",
          "Microsoft.Azure.Management.CosmosDB.CosmosDBManagementClient/3.4.0.0"
        ]
      },
      "ResponseHeaders": {
        "Cache-Control": [
          "no-store, no-cache"
        ],
        "Pragma": [
          "no-cache"
        ],
        "Strict-Transport-Security": [
          "max-age=31536000; includeSubDomains"
        ],
        "x-ms-gatewayversion": [
          "version=2.14.0"
        ],
        "Server": [
          "Microsoft-HTTPAPI/2.0"
        ],
        "x-ms-ratelimit-remaining-subscription-reads": [
          "11997"
        ],
        "x-ms-request-id": [
          "46c4ad6e-90bf-4bce-b6f6-93e240b6d5e9"
        ],
        "x-ms-correlation-request-id": [
          "46c4ad6e-90bf-4bce-b6f6-93e240b6d5e9"
        ],
        "x-ms-routing-request-id": [
          "WESTUS2:20220215T075822Z:46c4ad6e-90bf-4bce-b6f6-93e240b6d5e9"
        ],
        "X-Content-Type-Options": [
          "nosniff"
        ],
        "Date": [
          "Tue, 15 Feb 2022 07:58:21 GMT"
        ],
        "Content-Length": [
          "21"
        ],
        "Content-Type": [
          "application/json"
        ]
      },
      "ResponseBody": "{\r\n  \"status\": \"Dequeued\"\r\n}",
      "StatusCode": 200
    },
    {
      "RequestUri": "/subscriptions/259fbb24-9bcd-4cfc-865c-fc33b22fe38a/providers/Microsoft.DocumentDB/locations/eastus/operationsStatus/5de8f7fd-70b4-478c-a455-ba6e98dd5b71?api-version=2021-11-15-preview",
      "EncodedRequestUri": "L3N1YnNjcmlwdGlvbnMvMjU5ZmJiMjQtOWJjZC00Y2ZjLTg2NWMtZmMzM2IyMmZlMzhhL3Byb3ZpZGVycy9NaWNyb3NvZnQuRG9jdW1lbnREQi9sb2NhdGlvbnMvZWFzdHVzL29wZXJhdGlvbnNTdGF0dXMvNWRlOGY3ZmQtNzBiNC00NzhjLWE0NTUtYmE2ZTk4ZGQ1YjcxP2FwaS12ZXJzaW9uPTIwMjEtMTEtMTUtcHJldmlldw==",
      "RequestMethod": "GET",
      "RequestBody": "",
      "RequestHeaders": {
        "x-ms-client-request-id": [
          "09b25336-36eb-4aed-9d52-4c0edb9503b6"
        ],
        "User-Agent": [
          "FxVersion/4.6.28207.03",
          "OSName/Windows",
          "OSVersion/Microsoft.Windows.10.0.19044.",
          "Microsoft.Azure.Management.CosmosDB.CosmosDBManagementClient/3.4.0.0"
        ]
      },
      "ResponseHeaders": {
        "Cache-Control": [
          "no-store, no-cache"
        ],
        "Pragma": [
          "no-cache"
        ],
        "Strict-Transport-Security": [
          "max-age=31536000; includeSubDomains"
        ],
        "x-ms-gatewayversion": [
          "version=2.14.0"
        ],
        "Server": [
          "Microsoft-HTTPAPI/2.0"
        ],
        "x-ms-ratelimit-remaining-subscription-reads": [
          "11996"
        ],
        "x-ms-request-id": [
          "939b04b8-d6ac-41e0-a29d-8266d941e300"
        ],
        "x-ms-correlation-request-id": [
          "939b04b8-d6ac-41e0-a29d-8266d941e300"
        ],
        "x-ms-routing-request-id": [
          "WESTUS2:20220215T075852Z:939b04b8-d6ac-41e0-a29d-8266d941e300"
        ],
        "X-Content-Type-Options": [
          "nosniff"
        ],
        "Date": [
          "Tue, 15 Feb 2022 07:58:51 GMT"
        ],
        "Content-Length": [
          "21"
        ],
        "Content-Type": [
          "application/json"
        ]
      },
      "ResponseBody": "{\r\n  \"status\": \"Dequeued\"\r\n}",
      "StatusCode": 200
    },
    {
      "RequestUri": "/subscriptions/259fbb24-9bcd-4cfc-865c-fc33b22fe38a/providers/Microsoft.DocumentDB/locations/eastus/operationsStatus/5de8f7fd-70b4-478c-a455-ba6e98dd5b71?api-version=2021-11-15-preview",
      "EncodedRequestUri": "L3N1YnNjcmlwdGlvbnMvMjU5ZmJiMjQtOWJjZC00Y2ZjLTg2NWMtZmMzM2IyMmZlMzhhL3Byb3ZpZGVycy9NaWNyb3NvZnQuRG9jdW1lbnREQi9sb2NhdGlvbnMvZWFzdHVzL29wZXJhdGlvbnNTdGF0dXMvNWRlOGY3ZmQtNzBiNC00NzhjLWE0NTUtYmE2ZTk4ZGQ1YjcxP2FwaS12ZXJzaW9uPTIwMjEtMTEtMTUtcHJldmlldw==",
      "RequestMethod": "GET",
      "RequestBody": "",
      "RequestHeaders": {
        "x-ms-client-request-id": [
          "09b25336-36eb-4aed-9d52-4c0edb9503b6"
        ],
        "User-Agent": [
          "FxVersion/4.6.28207.03",
          "OSName/Windows",
          "OSVersion/Microsoft.Windows.10.0.19044.",
          "Microsoft.Azure.Management.CosmosDB.CosmosDBManagementClient/3.4.0.0"
        ]
      },
      "ResponseHeaders": {
        "Cache-Control": [
          "no-store, no-cache"
        ],
        "Pragma": [
          "no-cache"
        ],
        "Strict-Transport-Security": [
          "max-age=31536000; includeSubDomains"
        ],
        "x-ms-gatewayversion": [
          "version=2.14.0"
        ],
        "Server": [
          "Microsoft-HTTPAPI/2.0"
        ],
        "x-ms-ratelimit-remaining-subscription-reads": [
          "11995"
        ],
        "x-ms-request-id": [
          "5acd8f81-e67c-4893-9b37-6767465548d4"
        ],
        "x-ms-correlation-request-id": [
          "5acd8f81-e67c-4893-9b37-6767465548d4"
        ],
        "x-ms-routing-request-id": [
          "WESTUS2:20220215T075922Z:5acd8f81-e67c-4893-9b37-6767465548d4"
        ],
        "X-Content-Type-Options": [
          "nosniff"
        ],
        "Date": [
          "Tue, 15 Feb 2022 07:59:21 GMT"
        ],
        "Content-Length": [
          "22"
        ],
        "Content-Type": [
          "application/json"
        ]
      },
      "ResponseBody": "{\r\n  \"status\": \"Succeeded\"\r\n}",
      "StatusCode": 200
    },
    {
      "RequestUri": "/subscriptions/259fbb24-9bcd-4cfc-865c-fc33b22fe38a/resourceGroups/CosmosDBResourceGroup62/providers/Microsoft.DocumentDB/databaseAccounts/dbaccount62-1/sqlDatabases/dbName4?api-version=2021-11-15-preview",
      "EncodedRequestUri": "L3N1YnNjcmlwdGlvbnMvMjU5ZmJiMjQtOWJjZC00Y2ZjLTg2NWMtZmMzM2IyMmZlMzhhL3Jlc291cmNlR3JvdXBzL0Nvc21vc0RCUmVzb3VyY2VHcm91cDYyL3Byb3ZpZGVycy9NaWNyb3NvZnQuRG9jdW1lbnREQi9kYXRhYmFzZUFjY291bnRzL2RiYWNjb3VudDYyLTEvc3FsRGF0YWJhc2VzL2RiTmFtZTQ/YXBpLXZlcnNpb249MjAyMS0xMS0xNS1wcmV2aWV3",
      "RequestMethod": "GET",
      "RequestBody": "",
      "RequestHeaders": {
        "x-ms-client-request-id": [
          "4d08b323-ee8a-43e4-b125-f061715f05fb"
        ],
        "Accept-Language": [
          "en-US"
        ],
        "User-Agent": [
          "FxVersion/4.6.28207.03",
          "OSName/Windows",
          "OSVersion/Microsoft.Windows.10.0.19044.",
          "Microsoft.Azure.Management.CosmosDB.CosmosDBManagementClient/3.4.0.0"
        ]
      },
      "ResponseHeaders": {
        "Cache-Control": [
          "no-store, no-cache"
        ],
        "Pragma": [
          "no-cache"
        ],
        "Strict-Transport-Security": [
          "max-age=31536000; includeSubDomains"
        ],
        "x-ms-gatewayversion": [
          "version=2.14.0"
        ],
        "Server": [
          "Microsoft-HTTPAPI/2.0"
        ],
        "x-ms-ratelimit-remaining-subscription-reads": [
          "11993"
        ],
        "x-ms-request-id": [
          "653789d2-f5cf-4067-8cf0-e8fcaaa9a46d"
        ],
        "x-ms-correlation-request-id": [
          "653789d2-f5cf-4067-8cf0-e8fcaaa9a46d"
        ],
        "x-ms-routing-request-id": [
          "WESTUS2:20220215T075923Z:653789d2-f5cf-4067-8cf0-e8fcaaa9a46d"
        ],
        "X-Content-Type-Options": [
          "nosniff"
        ],
        "Date": [
          "Tue, 15 Feb 2022 07:59:22 GMT"
        ],
        "Content-Length": [
          "5576"
        ],
        "Content-Type": [
          "application/json"
        ]
      },
      "ResponseBody": "{\r\n  \"code\": \"NotFound\",\r\n  \"message\": \"Message: {\\\"code\\\":\\\"NotFound\\\",\\\"message\\\":\\\"Message: {\\\\\\\"Errors\\\\\\\":[\\\\\\\"Resource Not Found. Learn more: https:\\\\\\\\/\\\\\\\\/aka.ms\\\\\\\\/cosmosdb-tsg-not-found\\\\\\\"]}\\\\r\\\\nActivityId: 4d08b323-ee8a-43e4-b125-f061715f05fb, Request URI: /apps/b1206aec-0300-4573-be10-eb231e99057b/services/3b28b966-38ea-48d7-bb3f-50f883f0aa8a/partitions/ce49b20e-051f-4b50-9800-26b1edd39f60/replicas/132860658325713683s, RequestStats: \\\\r\\\\nRequestStartTime: 2022-02-15T07:59:23.0363401Z, RequestEndTime: 2022-02-15T07:59:23.0463528Z,  Number of regions attempted:1\\\\r\\\\n{\\\\\\\"systemHistory\\\\\\\":[{\\\\\\\"dateUtc\\\\\\\":\\\\\\\"2022-02-15T07:58:25.8772232Z\\\\\\\",\\\\\\\"cpu\\\\\\\":5.901,\\\\\\\"memory\\\\\\\":639194584.000,\\\\\\\"threadInfo\\\\\\\":{\\\\\\\"isThreadStarving\\\\\\\":\\\\\\\"False\\\\\\\",\\\\\\\"threadWaitIntervalInMs\\\\\\\":0.017,\\\\\\\"availableThreads\\\\\\\":32750,\\\\\\\"minThreads\\\\\\\":64,\\\\\\\"maxThreads\\\\\\\":32767}},{\\\\\\\"dateUtc\\\\\\\":\\\\\\\"2022-02-15T07:58:35.8870599Z\\\\\\\",\\\\\\\"cpu\\\\\\\":5.566,\\\\\\\"memory\\\\\\\":640494800.000,\\\\\\\"threadInfo\\\\\\\":{\\\\\\\"isThreadStarving\\\\\\\":\\\\\\\"False\\\\\\\",\\\\\\\"threadWaitIntervalInMs\\\\\\\":0.0088,\\\\\\\"availableThreads\\\\\\\":32764,\\\\\\\"minThreads\\\\\\\":64,\\\\\\\"maxThreads\\\\\\\":32767}},{\\\\\\\"dateUtc\\\\\\\":\\\\\\\"2022-02-15T07:58:45.8969025Z\\\\\\\",\\\\\\\"cpu\\\\\\\":2.720,\\\\\\\"memory\\\\\\\":638826420.000,\\\\\\\"threadInfo\\\\\\\":{\\\\\\\"isThreadStarving\\\\\\\":\\\\\\\"False\\\\\\\",\\\\\\\"threadWaitIntervalInMs\\\\\\\":0.0098,\\\\\\\"availableThreads\\\\\\\":32765,\\\\\\\"minThreads\\\\\\\":64,\\\\\\\"maxThreads\\\\\\\":32767}},{\\\\\\\"dateUtc\\\\\\\":\\\\\\\"2022-02-15T07:58:55.9067622Z\\\\\\\",\\\\\\\"cpu\\\\\\\":2.849,\\\\\\\"memory\\\\\\\":638460724.000,\\\\\\\"threadInfo\\\\\\\":{\\\\\\\"isThreadStarving\\\\\\\":\\\\\\\"False\\\\\\\",\\\\\\\"threadWaitIntervalInMs\\\\\\\":0.0167,\\\\\\\"availableThreads\\\\\\\":32765,\\\\\\\"minThreads\\\\\\\":64,\\\\\\\"maxThreads\\\\\\\":32767}},{\\\\\\\"dateUtc\\\\\\\":\\\\\\\"2022-02-15T07:59:05.9166207Z\\\\\\\",\\\\\\\"cpu\\\\\\\":2.891,\\\\\\\"memory\\\\\\\":637510668.000,\\\\\\\"threadInfo\\\\\\\":{\\\\\\\"isThreadStarving\\\\\\\":\\\\\\\"False\\\\\\\",\\\\\\\"threadWaitIntervalInMs\\\\\\\":0.0128,\\\\\\\"availableThreads\\\\\\\":32763,\\\\\\\"minThreads\\\\\\\":64,\\\\\\\"maxThreads\\\\\\\":32767}},{\\\\\\\"dateUtc\\\\\\\":\\\\\\\"2022-02-15T07:59:15.9264709Z\\\\\\\",\\\\\\\"cpu\\\\\\\":1.883,\\\\\\\"memory\\\\\\\":637130956.000,\\\\\\\"threadInfo\\\\\\\":{\\\\\\\"isThreadStarving\\\\\\\":\\\\\\\"False\\\\\\\",\\\\\\\"threadWaitIntervalInMs\\\\\\\":0.0119,\\\\\\\"availableThreads\\\\\\\":32763,\\\\\\\"minThreads\\\\\\\":64,\\\\\\\"maxThreads\\\\\\\":32767}}]}\\\\r\\\\nRequestStart: 2022-02-15T07:59:23.0463528Z; ResponseTime: 2022-02-15T07:59:23.0463528Z; StoreResult: StorePhysicalAddress: rntbd://10.0.0.23:11300/apps/b1206aec-0300-4573-be10-eb231e99057b/services/3b28b966-38ea-48d7-bb3f-50f883f0aa8a/partitions/ce49b20e-051f-4b50-9800-26b1edd39f60/replicas/132860658325713683s, LSN: 7, GlobalCommittedLsn: 7, PartitionKeyRangeId: , IsValid: True, StatusCode: 404, SubStatusCode: 0, RequestCharge: 1, ItemLSN: -1, SessionToken: -1#7, UsingLocalLSN: False, TransportException: null, BELatencyMs: 0.815, ActivityId: 4d08b323-ee8a-43e4-b125-f061715f05fb, RetryAfterInMs: , TransportRequestTimeline: {\\\\\\\"requestTimeline\\\\\\\":[{\\\\\\\"event\\\\\\\": \\\\\\\"Created\\\\\\\", \\\\\\\"startTimeUtc\\\\\\\": \\\\\\\"2022-02-15T07:59:23.0463528Z\\\\\\\", \\\\\\\"durationInMs\\\\\\\": 0.0075},{\\\\\\\"event\\\\\\\": \\\\\\\"ChannelAcquisitionStarted\\\\\\\", \\\\\\\"startTimeUtc\\\\\\\": \\\\\\\"2022-02-15T07:59:23.0463603Z\\\\\\\", \\\\\\\"durationInMs\\\\\\\": 0.0034},{\\\\\\\"event\\\\\\\": \\\\\\\"Pipelined\\\\\\\", \\\\\\\"startTimeUtc\\\\\\\": \\\\\\\"2022-02-15T07:59:23.0463637Z\\\\\\\", \\\\\\\"durationInMs\\\\\\\": 0.0919},{\\\\\\\"event\\\\\\\": \\\\\\\"Transit Time\\\\\\\", \\\\\\\"startTimeUtc\\\\\\\": \\\\\\\"2022-02-15T07:59:23.0464556Z\\\\\\\", \\\\\\\"durationInMs\\\\\\\": 1.0096},{\\\\\\\"event\\\\\\\": \\\\\\\"Received\\\\\\\", \\\\\\\"startTimeUtc\\\\\\\": \\\\\\\"2022-02-15T07:59:23.0474652Z\\\\\\\", \\\\\\\"durationInMs\\\\\\\": 0.0339},{\\\\\\\"event\\\\\\\": \\\\\\\"Completed\\\\\\\", \\\\\\\"startTimeUtc\\\\\\\": \\\\\\\"2022-02-15T07:59:23.0474991Z\\\\\\\", \\\\\\\"durationInMs\\\\\\\": 0}],\\\\\\\"requestSizeInBytes\\\\\\\":456,\\\\\\\"responseMetadataSizeInBytes\\\\\\\":134,\\\\\\\"responseBodySizeInBytes\\\\\\\":87};\\\\r\\\\n ResourceType: Database, OperationType: Read\\\\r\\\\nRequestStart: 2022-02-15T07:59:23.0463528Z; ResponseTime: 2022-02-15T07:59:23.0463528Z; StoreResult: StorePhysicalAddress: rntbd://10.0.0.25:11300/apps/b1206aec-0300-4573-be10-eb231e99057b/services/3b28b966-38ea-48d7-bb3f-50f883f0aa8a/partitions/ce49b20e-051f-4b50-9800-26b1edd39f60/replicas/132860658357744749s, LSN: 7, GlobalCommittedLsn: 7, PartitionKeyRangeId: , IsValid: True, StatusCode: 404, SubStatusCode: 0, RequestCharge: 1, ItemLSN: -1, SessionToken: -1#7, UsingLocalLSN: False, TransportException: null, BELatencyMs: 0.832, ActivityId: 4d08b323-ee8a-43e4-b125-f061715f05fb, RetryAfterInMs: , TransportRequestTimeline: {\\\\\\\"requestTimeline\\\\\\\":[{\\\\\\\"event\\\\\\\": \\\\\\\"Created\\\\\\\", \\\\\\\"startTimeUtc\\\\\\\": \\\\\\\"2022-02-15T07:59:23.0463528Z\\\\\\\", \\\\\\\"durationInMs\\\\\\\": 0.003},{\\\\\\\"event\\\\\\\": \\\\\\\"ChannelAcquisitionStarted\\\\\\\", \\\\\\\"startTimeUtc\\\\\\\": \\\\\\\"2022-02-15T07:59:23.0463558Z\\\\\\\", \\\\\\\"durationInMs\\\\\\\": 0.0058},{\\\\\\\"event\\\\\\\": \\\\\\\"Pipelined\\\\\\\", \\\\\\\"startTimeUtc\\\\\\\": \\\\\\\"2022-02-15T07:59:23.0463616Z\\\\\\\", \\\\\\\"durationInMs\\\\\\\": 0.0647},{\\\\\\\"event\\\\\\\": \\\\\\\"Transit Time\\\\\\\", \\\\\\\"startTimeUtc\\\\\\\": \\\\\\\"2022-02-15T07:59:23.0464263Z\\\\\\\", \\\\\\\"durationInMs\\\\\\\": 1.19},{\\\\\\\"event\\\\\\\": \\\\\\\"Received\\\\\\\", \\\\\\\"startTimeUtc\\\\\\\": \\\\\\\"2022-02-15T07:59:23.0476163Z\\\\\\\", \\\\\\\"durationInMs\\\\\\\": 0.0163},{\\\\\\\"event\\\\\\\": \\\\\\\"Completed\\\\\\\", \\\\\\\"startTimeUtc\\\\\\\": \\\\\\\"2022-02-15T07:59:23.0476326Z\\\\\\\", \\\\\\\"durationInMs\\\\\\\": 0}],\\\\\\\"requestSizeInBytes\\\\\\\":456,\\\\\\\"responseMetadataSizeInBytes\\\\\\\":134,\\\\\\\"responseBodySizeInBytes\\\\\\\":87};\\\\r\\\\n ResourceType: Database, OperationType: Read\\\\r\\\\n, SDK: Microsoft.Azure.Documents.Common/2.14.0\\\"}, Request URI: /dbs/dbName4, RequestStats: , SDK: Microsoft.Azure.Documents.Common/2.14.0\"\r\n}",
      "StatusCode": 404
    },
    {
      "RequestUri": "/subscriptions/259fbb24-9bcd-4cfc-865c-fc33b22fe38a/resourceGroups/CosmosDBResourceGroup62/providers/Microsoft.DocumentDB/databaseAccounts/dbaccount62-1/sqlDatabases/dbName4?api-version=2021-11-15-preview",
      "EncodedRequestUri": "L3N1YnNjcmlwdGlvbnMvMjU5ZmJiMjQtOWJjZC00Y2ZjLTg2NWMtZmMzM2IyMmZlMzhhL3Jlc291cmNlR3JvdXBzL0Nvc21vc0RCUmVzb3VyY2VHcm91cDYyL3Byb3ZpZGVycy9NaWNyb3NvZnQuRG9jdW1lbnREQi9kYXRhYmFzZUFjY291bnRzL2RiYWNjb3VudDYyLTEvc3FsRGF0YWJhc2VzL2RiTmFtZTQ/YXBpLXZlcnNpb249MjAyMS0xMS0xNS1wcmV2aWV3",
      "RequestMethod": "GET",
      "RequestBody": "",
      "RequestHeaders": {
        "x-ms-client-request-id": [
          "4d08b323-ee8a-43e4-b125-f061715f05fb"
        ],
        "User-Agent": [
          "FxVersion/4.6.28207.03",
          "OSName/Windows",
          "OSVersion/Microsoft.Windows.10.0.19044.",
          "Microsoft.Azure.Management.CosmosDB.CosmosDBManagementClient/3.4.0.0"
        ]
      },
      "ResponseHeaders": {
        "Cache-Control": [
          "no-store, no-cache"
        ],
        "Pragma": [
          "no-cache"
        ],
        "Strict-Transport-Security": [
          "max-age=31536000; includeSubDomains"
        ],
        "x-ms-gatewayversion": [
          "version=2.14.0"
        ],
        "Server": [
          "Microsoft-HTTPAPI/2.0"
        ],
        "x-ms-ratelimit-remaining-subscription-reads": [
          "11991"
        ],
        "x-ms-request-id": [
          "e40ec95a-e2c1-4556-a605-f84410c0c3c8"
        ],
        "x-ms-correlation-request-id": [
          "e40ec95a-e2c1-4556-a605-f84410c0c3c8"
        ],
        "x-ms-routing-request-id": [
          "WESTUS2:20220215T075954Z:e40ec95a-e2c1-4556-a605-f84410c0c3c8"
        ],
        "X-Content-Type-Options": [
          "nosniff"
        ],
        "Date": [
          "Tue, 15 Feb 2022 07:59:53 GMT"
        ],
        "Content-Length": [
          "448"
        ],
        "Content-Type": [
          "application/json"
        ]
      },
      "ResponseBody": "{\r\n  \"id\": \"/subscriptions/259fbb24-9bcd-4cfc-865c-fc33b22fe38a/resourceGroups/CosmosDBResourceGroup62/providers/Microsoft.DocumentDB/databaseAccounts/dbaccount62-1/sqlDatabases/dbName4\",\r\n  \"type\": \"Microsoft.DocumentDB/databaseAccounts/sqlDatabases\",\r\n  \"name\": \"dbName4\",\r\n  \"properties\": {\r\n    \"resource\": {\r\n      \"id\": \"dbName4\",\r\n      \"_rid\": \"XBl0AA==\",\r\n      \"_self\": \"dbs/XBl0AA==/\",\r\n      \"_etag\": \"\\\"0000d900-0000-0100-0000-620b5d630000\\\"\",\r\n      \"_colls\": \"colls/\",\r\n      \"_users\": \"users/\",\r\n      \"_ts\": 1644911971\r\n    }\r\n  }\r\n}",
      "StatusCode": 200
    },
    {
      "RequestUri": "/subscriptions/259fbb24-9bcd-4cfc-865c-fc33b22fe38a/resourceGroups/CosmosDBResourceGroup62/providers/Microsoft.DocumentDB/databaseAccounts/dbaccount62-1/sqlDatabases/dbName4?api-version=2021-11-15-preview",
      "EncodedRequestUri": "L3N1YnNjcmlwdGlvbnMvMjU5ZmJiMjQtOWJjZC00Y2ZjLTg2NWMtZmMzM2IyMmZlMzhhL3Jlc291cmNlR3JvdXBzL0Nvc21vc0RCUmVzb3VyY2VHcm91cDYyL3Byb3ZpZGVycy9NaWNyb3NvZnQuRG9jdW1lbnREQi9kYXRhYmFzZUFjY291bnRzL2RiYWNjb3VudDYyLTEvc3FsRGF0YWJhc2VzL2RiTmFtZTQ/YXBpLXZlcnNpb249MjAyMS0xMS0xNS1wcmV2aWV3",
      "RequestMethod": "PUT",
      "RequestBody": "{\r\n  \"properties\": {\r\n    \"resource\": {\r\n      \"id\": \"dbName4\"\r\n    },\r\n    \"options\": {\r\n      \"throughput\": 1200\r\n    }\r\n  }\r\n}",
      "RequestHeaders": {
        "x-ms-client-request-id": [
          "4d08b323-ee8a-43e4-b125-f061715f05fb"
        ],
        "Accept-Language": [
          "en-US"
        ],
        "User-Agent": [
          "FxVersion/4.6.28207.03",
          "OSName/Windows",
          "OSVersion/Microsoft.Windows.10.0.19044.",
          "Microsoft.Azure.Management.CosmosDB.CosmosDBManagementClient/3.4.0.0"
        ],
        "Content-Type": [
          "application/json; charset=utf-8"
        ],
        "Content-Length": [
          "129"
        ]
      },
      "ResponseHeaders": {
        "Cache-Control": [
          "no-store, no-cache"
        ],
        "Pragma": [
          "no-cache"
        ],
        "Location": [
          "https://management.azure.com/subscriptions/259fbb24-9bcd-4cfc-865c-fc33b22fe38a/resourceGroups/CosmosDBResourceGroup62/providers/Microsoft.DocumentDB/databaseAccounts/dbaccount62-1/sqlDatabases/dbName4/operationResults/130e2426-09fb-4dc2-803c-7a56614dfd46?api-version=2021-11-15-preview"
        ],
        "Azure-AsyncOperation": [
          "https://management.azure.com/subscriptions/259fbb24-9bcd-4cfc-865c-fc33b22fe38a/providers/Microsoft.DocumentDB/locations/eastus/operationsStatus/130e2426-09fb-4dc2-803c-7a56614dfd46?api-version=2021-11-15-preview"
        ],
        "x-ms-request-id": [
          "130e2426-09fb-4dc2-803c-7a56614dfd46"
        ],
        "Strict-Transport-Security": [
          "max-age=31536000; includeSubDomains"
        ],
        "x-ms-gatewayversion": [
          "version=2.14.0"
        ],
        "Server": [
          "Microsoft-HTTPAPI/2.0"
        ],
        "x-ms-ratelimit-remaining-subscription-writes": [
          "1198"
        ],
        "x-ms-correlation-request-id": [
          "5bde37eb-e855-446e-ad5a-1162096189d2"
        ],
        "x-ms-routing-request-id": [
          "WESTUS2:20220215T075923Z:5bde37eb-e855-446e-ad5a-1162096189d2"
        ],
        "X-Content-Type-Options": [
          "nosniff"
        ],
        "Date": [
          "Tue, 15 Feb 2022 07:59:23 GMT"
        ],
        "Content-Length": [
          "21"
        ],
        "Content-Type": [
          "application/json"
        ]
      },
      "ResponseBody": "{\r\n  \"status\": \"Enqueued\"\r\n}",
      "StatusCode": 202
    },
    {
      "RequestUri": "/subscriptions/259fbb24-9bcd-4cfc-865c-fc33b22fe38a/providers/Microsoft.DocumentDB/locations/eastus/operationsStatus/130e2426-09fb-4dc2-803c-7a56614dfd46?api-version=2021-11-15-preview",
      "EncodedRequestUri": "L3N1YnNjcmlwdGlvbnMvMjU5ZmJiMjQtOWJjZC00Y2ZjLTg2NWMtZmMzM2IyMmZlMzhhL3Byb3ZpZGVycy9NaWNyb3NvZnQuRG9jdW1lbnREQi9sb2NhdGlvbnMvZWFzdHVzL29wZXJhdGlvbnNTdGF0dXMvMTMwZTI0MjYtMDlmYi00ZGMyLTgwM2MtN2E1NjYxNGRmZDQ2P2FwaS12ZXJzaW9uPTIwMjEtMTEtMTUtcHJldmlldw==",
      "RequestMethod": "GET",
      "RequestBody": "",
      "RequestHeaders": {
        "x-ms-client-request-id": [
          "4d08b323-ee8a-43e4-b125-f061715f05fb"
        ],
        "User-Agent": [
          "FxVersion/4.6.28207.03",
          "OSName/Windows",
          "OSVersion/Microsoft.Windows.10.0.19044.",
          "Microsoft.Azure.Management.CosmosDB.CosmosDBManagementClient/3.4.0.0"
        ]
      },
      "ResponseHeaders": {
        "Cache-Control": [
          "no-store, no-cache"
        ],
        "Pragma": [
          "no-cache"
        ],
        "Strict-Transport-Security": [
          "max-age=31536000; includeSubDomains"
        ],
        "x-ms-gatewayversion": [
          "version=2.14.0"
        ],
        "Server": [
          "Microsoft-HTTPAPI/2.0"
        ],
        "x-ms-ratelimit-remaining-subscription-reads": [
          "11992"
        ],
        "x-ms-request-id": [
          "2f665de7-6fdf-4820-a058-e9a791a3abe7"
        ],
        "x-ms-correlation-request-id": [
          "2f665de7-6fdf-4820-a058-e9a791a3abe7"
        ],
        "x-ms-routing-request-id": [
          "WESTUS2:20220215T075953Z:2f665de7-6fdf-4820-a058-e9a791a3abe7"
        ],
        "X-Content-Type-Options": [
          "nosniff"
        ],
        "Date": [
          "Tue, 15 Feb 2022 07:59:53 GMT"
        ],
        "Content-Length": [
          "22"
        ],
        "Content-Type": [
          "application/json"
        ]
      },
      "ResponseBody": "{\r\n  \"status\": \"Succeeded\"\r\n}",
      "StatusCode": 200
    },
    {
      "RequestUri": "/subscriptions/259fbb24-9bcd-4cfc-865c-fc33b22fe38a/resourceGroups/CosmosDBResourceGroup62/providers/Microsoft.DocumentDB/databaseAccounts/dbaccount62-1/sqlDatabases/dbName4/throughputSettings/default?api-version=2021-11-15-preview",
      "EncodedRequestUri": "L3N1YnNjcmlwdGlvbnMvMjU5ZmJiMjQtOWJjZC00Y2ZjLTg2NWMtZmMzM2IyMmZlMzhhL3Jlc291cmNlR3JvdXBzL0Nvc21vc0RCUmVzb3VyY2VHcm91cDYyL3Byb3ZpZGVycy9NaWNyb3NvZnQuRG9jdW1lbnREQi9kYXRhYmFzZUFjY291bnRzL2RiYWNjb3VudDYyLTEvc3FsRGF0YWJhc2VzL2RiTmFtZTQvdGhyb3VnaHB1dFNldHRpbmdzL2RlZmF1bHQ/YXBpLXZlcnNpb249MjAyMS0xMS0xNS1wcmV2aWV3",
      "RequestMethod": "GET",
      "RequestBody": "",
      "RequestHeaders": {
        "x-ms-client-request-id": [
          "dde5c41a-cb76-4324-802c-b4beb5c98f41"
        ],
        "Accept-Language": [
          "en-US"
        ],
        "User-Agent": [
          "FxVersion/4.6.28207.03",
          "OSName/Windows",
          "OSVersion/Microsoft.Windows.10.0.19044.",
          "Microsoft.Azure.Management.CosmosDB.CosmosDBManagementClient/3.4.0.0"
        ]
      },
      "ResponseHeaders": {
        "Cache-Control": [
          "no-store, no-cache"
        ],
        "Pragma": [
          "no-cache"
        ],
        "Strict-Transport-Security": [
          "max-age=31536000; includeSubDomains"
        ],
        "x-ms-gatewayversion": [
          "version=2.14.0"
        ],
        "Server": [
          "Microsoft-HTTPAPI/2.0"
        ],
        "x-ms-ratelimit-remaining-subscription-reads": [
          "11990"
        ],
        "x-ms-request-id": [
          "9b4e12c4-6aa0-4a9f-aa6d-e7c766d3afda"
        ],
        "x-ms-correlation-request-id": [
          "9b4e12c4-6aa0-4a9f-aa6d-e7c766d3afda"
        ],
        "x-ms-routing-request-id": [
          "WESTUS2:20220215T075954Z:9b4e12c4-6aa0-4a9f-aa6d-e7c766d3afda"
        ],
        "X-Content-Type-Options": [
          "nosniff"
        ],
        "Date": [
          "Tue, 15 Feb 2022 07:59:53 GMT"
        ],
        "Content-Length": [
          "374"
        ],
        "Content-Type": [
          "application/json"
        ]
      },
      "ResponseBody": "{\r\n  \"id\": \"/subscriptions/259fbb24-9bcd-4cfc-865c-fc33b22fe38a/resourceGroups/CosmosDBResourceGroup62/providers/Microsoft.DocumentDB/databaseAccounts/dbaccount62-1/sqlDatabases/dbName4/throughputSettings/default\",\r\n  \"type\": \"Microsoft.DocumentDB/databaseAccounts/sqlDatabases/throughputSettings\",\r\n  \"name\": \"fjIO\",\r\n  \"properties\": {\r\n    \"resource\": {\r\n      \"throughput\": 1200,\r\n      \"minimumThroughput\": \"400\"\r\n    }\r\n  }\r\n}",
      "StatusCode": 200
    },
    {
      "RequestUri": "/subscriptions/259fbb24-9bcd-4cfc-865c-fc33b22fe38a/resourceGroups/CosmosDBResourceGroup62/providers/Microsoft.DocumentDB/databaseAccounts/dbaccount62-1/sqlDatabases/dbName4/throughputSettings/default/migrateToAutoscale?api-version=2021-11-15-preview",
      "EncodedRequestUri": "L3N1YnNjcmlwdGlvbnMvMjU5ZmJiMjQtOWJjZC00Y2ZjLTg2NWMtZmMzM2IyMmZlMzhhL3Jlc291cmNlR3JvdXBzL0Nvc21vc0RCUmVzb3VyY2VHcm91cDYyL3Byb3ZpZGVycy9NaWNyb3NvZnQuRG9jdW1lbnREQi9kYXRhYmFzZUFjY291bnRzL2RiYWNjb3VudDYyLTEvc3FsRGF0YWJhc2VzL2RiTmFtZTQvdGhyb3VnaHB1dFNldHRpbmdzL2RlZmF1bHQvbWlncmF0ZVRvQXV0b3NjYWxlP2FwaS12ZXJzaW9uPTIwMjEtMTEtMTUtcHJldmlldw==",
      "RequestMethod": "POST",
      "RequestBody": "",
      "RequestHeaders": {
        "x-ms-client-request-id": [
          "c7672230-e490-40cf-a61b-8ebf2bff94d1"
        ],
        "Accept-Language": [
          "en-US"
        ],
        "User-Agent": [
          "FxVersion/4.6.28207.03",
          "OSName/Windows",
          "OSVersion/Microsoft.Windows.10.0.19044.",
          "Microsoft.Azure.Management.CosmosDB.CosmosDBManagementClient/3.4.0.0"
        ]
      },
      "ResponseHeaders": {
        "Cache-Control": [
          "no-store, no-cache"
        ],
        "Pragma": [
          "no-cache"
        ],
        "Location": [
          "https://management.azure.com/subscriptions/259fbb24-9bcd-4cfc-865c-fc33b22fe38a/resourceGroups/CosmosDBResourceGroup62/providers/Microsoft.DocumentDB/databaseAccounts/dbaccount62-1/sqlDatabases/dbName4/throughputSettings/default/migrateToAutoscale/operationResults/be6c270d-507f-4f0c-92eb-a369d5cd9bf6?api-version=2021-11-15-preview"
        ],
        "Azure-AsyncOperation": [
          "https://management.azure.com/subscriptions/259fbb24-9bcd-4cfc-865c-fc33b22fe38a/providers/Microsoft.DocumentDB/locations/eastus/operationsStatus/be6c270d-507f-4f0c-92eb-a369d5cd9bf6?api-version=2021-11-15-preview"
        ],
        "x-ms-request-id": [
          "be6c270d-507f-4f0c-92eb-a369d5cd9bf6"
        ],
        "Strict-Transport-Security": [
          "max-age=31536000; includeSubDomains"
        ],
        "x-ms-gatewayversion": [
          "version=2.14.0"
        ],
        "Server": [
          "Microsoft-HTTPAPI/2.0"
        ],
        "x-ms-ratelimit-remaining-subscription-writes": [
          "1199"
        ],
        "x-ms-correlation-request-id": [
          "59178514-efac-47f4-a5c5-0e3d8a4ad073"
        ],
        "x-ms-routing-request-id": [
          "WESTUS2:20220215T075954Z:59178514-efac-47f4-a5c5-0e3d8a4ad073"
        ],
        "X-Content-Type-Options": [
          "nosniff"
        ],
        "Date": [
          "Tue, 15 Feb 2022 07:59:53 GMT"
        ],
        "Content-Length": [
          "21"
        ],
        "Content-Type": [
          "application/json"
        ]
      },
      "ResponseBody": "{\r\n  \"status\": \"Enqueued\"\r\n}",
      "StatusCode": 202
    },
    {
      "RequestUri": "/subscriptions/259fbb24-9bcd-4cfc-865c-fc33b22fe38a/providers/Microsoft.DocumentDB/locations/eastus/operationsStatus/be6c270d-507f-4f0c-92eb-a369d5cd9bf6?api-version=2021-11-15-preview",
      "EncodedRequestUri": "L3N1YnNjcmlwdGlvbnMvMjU5ZmJiMjQtOWJjZC00Y2ZjLTg2NWMtZmMzM2IyMmZlMzhhL3Byb3ZpZGVycy9NaWNyb3NvZnQuRG9jdW1lbnREQi9sb2NhdGlvbnMvZWFzdHVzL29wZXJhdGlvbnNTdGF0dXMvYmU2YzI3MGQtNTA3Zi00ZjBjLTkyZWItYTM2OWQ1Y2Q5YmY2P2FwaS12ZXJzaW9uPTIwMjEtMTEtMTUtcHJldmlldw==",
      "RequestMethod": "GET",
      "RequestBody": "",
      "RequestHeaders": {
        "x-ms-client-request-id": [
          "c7672230-e490-40cf-a61b-8ebf2bff94d1"
        ],
        "User-Agent": [
          "FxVersion/4.6.28207.03",
          "OSName/Windows",
          "OSVersion/Microsoft.Windows.10.0.19044.",
          "Microsoft.Azure.Management.CosmosDB.CosmosDBManagementClient/3.4.0.0"
        ]
      },
      "ResponseHeaders": {
        "Cache-Control": [
          "no-store, no-cache"
        ],
        "Pragma": [
          "no-cache"
        ],
        "Strict-Transport-Security": [
          "max-age=31536000; includeSubDomains"
        ],
        "x-ms-gatewayversion": [
          "version=2.14.0"
        ],
        "Server": [
          "Microsoft-HTTPAPI/2.0"
        ],
        "x-ms-ratelimit-remaining-subscription-reads": [
          "11989"
        ],
        "x-ms-request-id": [
          "8f1743c5-4426-4925-8a92-28f08ca44c9e"
        ],
        "x-ms-correlation-request-id": [
          "8f1743c5-4426-4925-8a92-28f08ca44c9e"
        ],
        "x-ms-routing-request-id": [
          "WESTUS2:20220215T080024Z:8f1743c5-4426-4925-8a92-28f08ca44c9e"
        ],
        "X-Content-Type-Options": [
          "nosniff"
        ],
        "Date": [
          "Tue, 15 Feb 2022 08:00:24 GMT"
        ],
        "Content-Length": [
          "22"
        ],
        "Content-Type": [
          "application/json"
        ]
      },
      "ResponseBody": "{\r\n  \"status\": \"Succeeded\"\r\n}",
      "StatusCode": 200
    },
    {
      "RequestUri": "/subscriptions/259fbb24-9bcd-4cfc-865c-fc33b22fe38a/resourceGroups/CosmosDBResourceGroup62/providers/Microsoft.DocumentDB/databaseAccounts/dbaccount62-1/sqlDatabases/dbName4/throughputSettings/default/migrateToAutoscale/operationResults/be6c270d-507f-4f0c-92eb-a369d5cd9bf6?api-version=2021-11-15-preview",
      "EncodedRequestUri": "L3N1YnNjcmlwdGlvbnMvMjU5ZmJiMjQtOWJjZC00Y2ZjLTg2NWMtZmMzM2IyMmZlMzhhL3Jlc291cmNlR3JvdXBzL0Nvc21vc0RCUmVzb3VyY2VHcm91cDYyL3Byb3ZpZGVycy9NaWNyb3NvZnQuRG9jdW1lbnREQi9kYXRhYmFzZUFjY291bnRzL2RiYWNjb3VudDYyLTEvc3FsRGF0YWJhc2VzL2RiTmFtZTQvdGhyb3VnaHB1dFNldHRpbmdzL2RlZmF1bHQvbWlncmF0ZVRvQXV0b3NjYWxlL29wZXJhdGlvblJlc3VsdHMvYmU2YzI3MGQtNTA3Zi00ZjBjLTkyZWItYTM2OWQ1Y2Q5YmY2P2FwaS12ZXJzaW9uPTIwMjEtMTEtMTUtcHJldmlldw==",
      "RequestMethod": "GET",
      "RequestBody": "",
      "RequestHeaders": {
        "x-ms-client-request-id": [
          "c7672230-e490-40cf-a61b-8ebf2bff94d1"
        ],
        "User-Agent": [
          "FxVersion/4.6.28207.03",
          "OSName/Windows",
          "OSVersion/Microsoft.Windows.10.0.19044.",
          "Microsoft.Azure.Management.CosmosDB.CosmosDBManagementClient/3.4.0.0"
        ]
      },
      "ResponseHeaders": {
        "Cache-Control": [
          "no-store, no-cache"
        ],
        "Pragma": [
          "no-cache"
        ],
        "Strict-Transport-Security": [
          "max-age=31536000; includeSubDomains"
        ],
        "x-ms-gatewayversion": [
          "version=2.14.0"
        ],
        "Server": [
          "Microsoft-HTTPAPI/2.0"
        ],
        "x-ms-ratelimit-remaining-subscription-reads": [
          "11988"
        ],
        "x-ms-request-id": [
          "a5887332-fc8a-4003-b469-50e5a721b79c"
        ],
        "x-ms-correlation-request-id": [
          "a5887332-fc8a-4003-b469-50e5a721b79c"
        ],
        "x-ms-routing-request-id": [
          "WESTUS2:20220215T080025Z:a5887332-fc8a-4003-b469-50e5a721b79c"
        ],
        "X-Content-Type-Options": [
          "nosniff"
        ],
        "Date": [
          "Tue, 15 Feb 2022 08:00:25 GMT"
        ],
        "Content-Length": [
          "455"
        ],
        "Content-Type": [
          "application/json"
        ]
      },
      "ResponseBody": "{\r\n  \"id\": \"/subscriptions/259fbb24-9bcd-4cfc-865c-fc33b22fe38a/resourceGroups/CosmosDBResourceGroup62/providers/Microsoft.DocumentDB/databaseAccounts/dbaccount62-1/sqlDatabases/dbName4/throughputSettings/default/migrateToAutoscale\",\r\n  \"type\": \"Microsoft.DocumentDB/databaseAccounts/sqlDatabases/throughputSettings/migrateToAutoscale\",\r\n  \"name\": \"fjIO\",\r\n  \"properties\": {\r\n    \"resource\": {\r\n      \"throughput\": 400,\r\n      \"autoscaleSettings\": {\r\n        \"maxThroughput\": 4000\r\n      },\r\n      \"minimumThroughput\": \"4000\"\r\n    }\r\n  }\r\n}",
      "StatusCode": 200
    },
    {
      "RequestUri": "/subscriptions/259fbb24-9bcd-4cfc-865c-fc33b22fe38a/resourceGroups/CosmosDBResourceGroup62/providers/Microsoft.DocumentDB/databaseAccounts/dbaccount62-1/sqlDatabases/dbName4/throughputSettings/default/migrateToManualThroughput?api-version=2021-11-15-preview",
      "EncodedRequestUri": "L3N1YnNjcmlwdGlvbnMvMjU5ZmJiMjQtOWJjZC00Y2ZjLTg2NWMtZmMzM2IyMmZlMzhhL3Jlc291cmNlR3JvdXBzL0Nvc21vc0RCUmVzb3VyY2VHcm91cDYyL3Byb3ZpZGVycy9NaWNyb3NvZnQuRG9jdW1lbnREQi9kYXRhYmFzZUFjY291bnRzL2RiYWNjb3VudDYyLTEvc3FsRGF0YWJhc2VzL2RiTmFtZTQvdGhyb3VnaHB1dFNldHRpbmdzL2RlZmF1bHQvbWlncmF0ZVRvTWFudWFsVGhyb3VnaHB1dD9hcGktdmVyc2lvbj0yMDIxLTExLTE1LXByZXZpZXc=",
      "RequestMethod": "POST",
      "RequestBody": "",
      "RequestHeaders": {
        "x-ms-client-request-id": [
          "c7445a71-c918-49de-a67a-d187d2e23a45"
        ],
        "Accept-Language": [
          "en-US"
        ],
        "User-Agent": [
          "FxVersion/4.6.28207.03",
          "OSName/Windows",
          "OSVersion/Microsoft.Windows.10.0.19044.",
          "Microsoft.Azure.Management.CosmosDB.CosmosDBManagementClient/3.4.0.0"
        ]
      },
      "ResponseHeaders": {
        "Cache-Control": [
          "no-store, no-cache"
        ],
        "Pragma": [
          "no-cache"
        ],
        "Location": [
          "https://management.azure.com/subscriptions/259fbb24-9bcd-4cfc-865c-fc33b22fe38a/resourceGroups/CosmosDBResourceGroup62/providers/Microsoft.DocumentDB/databaseAccounts/dbaccount62-1/sqlDatabases/dbName4/throughputSettings/default/migrateToManualThroughput/operationResults/2a5bd8be-e609-4aea-b4fb-15e1342a0f7b?api-version=2021-11-15-preview"
        ],
        "Azure-AsyncOperation": [
          "https://management.azure.com/subscriptions/259fbb24-9bcd-4cfc-865c-fc33b22fe38a/providers/Microsoft.DocumentDB/locations/eastus/operationsStatus/2a5bd8be-e609-4aea-b4fb-15e1342a0f7b?api-version=2021-11-15-preview"
        ],
        "x-ms-request-id": [
          "2a5bd8be-e609-4aea-b4fb-15e1342a0f7b"
        ],
        "Strict-Transport-Security": [
          "max-age=31536000; includeSubDomains"
        ],
        "x-ms-gatewayversion": [
          "version=2.14.0"
        ],
        "Server": [
          "Microsoft-HTTPAPI/2.0"
        ],
        "x-ms-ratelimit-remaining-subscription-writes": [
          "1198"
        ],
        "x-ms-correlation-request-id": [
          "d39a9a49-b3e9-453f-89e2-aacb96c70484"
        ],
        "x-ms-routing-request-id": [
          "WESTUS2:20220215T080025Z:d39a9a49-b3e9-453f-89e2-aacb96c70484"
        ],
        "X-Content-Type-Options": [
          "nosniff"
        ],
        "Date": [
          "Tue, 15 Feb 2022 08:00:25 GMT"
        ],
        "Content-Length": [
          "21"
        ],
        "Content-Type": [
          "application/json"
        ]
      },
      "ResponseBody": "{\r\n  \"status\": \"Enqueued\"\r\n}",
      "StatusCode": 202
    },
    {
      "RequestUri": "/subscriptions/259fbb24-9bcd-4cfc-865c-fc33b22fe38a/providers/Microsoft.DocumentDB/locations/eastus/operationsStatus/2a5bd8be-e609-4aea-b4fb-15e1342a0f7b?api-version=2021-11-15-preview",
      "EncodedRequestUri": "L3N1YnNjcmlwdGlvbnMvMjU5ZmJiMjQtOWJjZC00Y2ZjLTg2NWMtZmMzM2IyMmZlMzhhL3Byb3ZpZGVycy9NaWNyb3NvZnQuRG9jdW1lbnREQi9sb2NhdGlvbnMvZWFzdHVzL29wZXJhdGlvbnNTdGF0dXMvMmE1YmQ4YmUtZTYwOS00YWVhLWI0ZmItMTVlMTM0MmEwZjdiP2FwaS12ZXJzaW9uPTIwMjEtMTEtMTUtcHJldmlldw==",
      "RequestMethod": "GET",
      "RequestBody": "",
      "RequestHeaders": {
        "x-ms-client-request-id": [
          "c7445a71-c918-49de-a67a-d187d2e23a45"
        ],
        "User-Agent": [
          "FxVersion/4.6.28207.03",
          "OSName/Windows",
          "OSVersion/Microsoft.Windows.10.0.19044.",
          "Microsoft.Azure.Management.CosmosDB.CosmosDBManagementClient/3.4.0.0"
        ]
      },
      "ResponseHeaders": {
        "Cache-Control": [
          "no-store, no-cache"
        ],
        "Pragma": [
          "no-cache"
        ],
        "Strict-Transport-Security": [
          "max-age=31536000; includeSubDomains"
        ],
        "x-ms-gatewayversion": [
          "version=2.14.0"
        ],
        "Server": [
          "Microsoft-HTTPAPI/2.0"
        ],
        "x-ms-ratelimit-remaining-subscription-reads": [
          "11986"
        ],
        "x-ms-request-id": [
          "2e80bf6f-f17d-4ec9-868f-5447402b4f3e"
        ],
        "x-ms-correlation-request-id": [
          "2e80bf6f-f17d-4ec9-868f-5447402b4f3e"
        ],
        "x-ms-routing-request-id": [
          "WESTUS2:20220215T080055Z:2e80bf6f-f17d-4ec9-868f-5447402b4f3e"
        ],
        "X-Content-Type-Options": [
          "nosniff"
        ],
        "Date": [
          "Tue, 15 Feb 2022 08:00:55 GMT"
        ],
        "Content-Length": [
          "22"
        ],
        "Content-Type": [
          "application/json"
        ]
      },
      "ResponseBody": "{\r\n  \"status\": \"Succeeded\"\r\n}",
      "StatusCode": 200
    },
    {
      "RequestUri": "/subscriptions/259fbb24-9bcd-4cfc-865c-fc33b22fe38a/resourceGroups/CosmosDBResourceGroup62/providers/Microsoft.DocumentDB/databaseAccounts/dbaccount62-1/sqlDatabases/dbName4/throughputSettings/default/migrateToManualThroughput/operationResults/2a5bd8be-e609-4aea-b4fb-15e1342a0f7b?api-version=2021-11-15-preview",
      "EncodedRequestUri": "L3N1YnNjcmlwdGlvbnMvMjU5ZmJiMjQtOWJjZC00Y2ZjLTg2NWMtZmMzM2IyMmZlMzhhL3Jlc291cmNlR3JvdXBzL0Nvc21vc0RCUmVzb3VyY2VHcm91cDYyL3Byb3ZpZGVycy9NaWNyb3NvZnQuRG9jdW1lbnREQi9kYXRhYmFzZUFjY291bnRzL2RiYWNjb3VudDYyLTEvc3FsRGF0YWJhc2VzL2RiTmFtZTQvdGhyb3VnaHB1dFNldHRpbmdzL2RlZmF1bHQvbWlncmF0ZVRvTWFudWFsVGhyb3VnaHB1dC9vcGVyYXRpb25SZXN1bHRzLzJhNWJkOGJlLWU2MDktNGFlYS1iNGZiLTE1ZTEzNDJhMGY3Yj9hcGktdmVyc2lvbj0yMDIxLTExLTE1LXByZXZpZXc=",
      "RequestMethod": "GET",
      "RequestBody": "",
      "RequestHeaders": {
        "x-ms-client-request-id": [
          "c7445a71-c918-49de-a67a-d187d2e23a45"
        ],
        "User-Agent": [
          "FxVersion/4.6.28207.03",
          "OSName/Windows",
          "OSVersion/Microsoft.Windows.10.0.19044.",
          "Microsoft.Azure.Management.CosmosDB.CosmosDBManagementClient/3.4.0.0"
        ]
      },
      "ResponseHeaders": {
        "Cache-Control": [
          "no-store, no-cache"
        ],
        "Pragma": [
          "no-cache"
        ],
        "Strict-Transport-Security": [
          "max-age=31536000; includeSubDomains"
        ],
        "x-ms-gatewayversion": [
          "version=2.14.0"
        ],
        "Server": [
          "Microsoft-HTTPAPI/2.0"
        ],
        "x-ms-ratelimit-remaining-subscription-reads": [
          "11985"
        ],
        "x-ms-request-id": [
          "2fef37ea-c3ca-4d20-ac19-2b2a5c53f779"
        ],
        "x-ms-correlation-request-id": [
          "2fef37ea-c3ca-4d20-ac19-2b2a5c53f779"
        ],
        "x-ms-routing-request-id": [
          "WESTUS2:20220215T080056Z:2fef37ea-c3ca-4d20-ac19-2b2a5c53f779"
        ],
        "X-Content-Type-Options": [
          "nosniff"
        ],
        "Date": [
          "Tue, 15 Feb 2022 08:00:55 GMT"
        ],
        "Content-Length": [
          "426"
        ],
        "Content-Type": [
          "application/json"
        ]
      },
      "ResponseBody": "{\r\n  \"id\": \"/subscriptions/259fbb24-9bcd-4cfc-865c-fc33b22fe38a/resourceGroups/CosmosDBResourceGroup62/providers/Microsoft.DocumentDB/databaseAccounts/dbaccount62-1/sqlDatabases/dbName4/throughputSettings/default/migrateToManualThroughput\",\r\n  \"type\": \"Microsoft.DocumentDB/databaseAccounts/sqlDatabases/throughputSettings/migrateToManualThroughput\",\r\n  \"name\": \"fjIO\",\r\n  \"properties\": {\r\n    \"resource\": {\r\n      \"throughput\": 4000,\r\n      \"minimumThroughput\": \"400\"\r\n    }\r\n  }\r\n}",
      "StatusCode": 200
    },
    {
      "RequestUri": "/subscriptions/259fbb24-9bcd-4cfc-865c-fc33b22fe38a/resourceGroups/CosmosDBResourceGroup62/providers/Microsoft.DocumentDB/databaseAccounts/dbaccount62-1/sqlDatabases/dbName4/containers/containerName?api-version=2021-11-15-preview",
      "EncodedRequestUri": "L3N1YnNjcmlwdGlvbnMvMjU5ZmJiMjQtOWJjZC00Y2ZjLTg2NWMtZmMzM2IyMmZlMzhhL3Jlc291cmNlR3JvdXBzL0Nvc21vc0RCUmVzb3VyY2VHcm91cDYyL3Byb3ZpZGVycy9NaWNyb3NvZnQuRG9jdW1lbnREQi9kYXRhYmFzZUFjY291bnRzL2RiYWNjb3VudDYyLTEvc3FsRGF0YWJhc2VzL2RiTmFtZTQvY29udGFpbmVycy9jb250YWluZXJOYW1lP2FwaS12ZXJzaW9uPTIwMjEtMTEtMTUtcHJldmlldw==",
      "RequestMethod": "GET",
      "RequestBody": "",
      "RequestHeaders": {
        "x-ms-client-request-id": [
          "057d5c93-aad4-45f5-87f2-288d1876b6ad"
        ],
        "Accept-Language": [
          "en-US"
        ],
        "User-Agent": [
          "FxVersion/4.6.28207.03",
          "OSName/Windows",
          "OSVersion/Microsoft.Windows.10.0.19044.",
          "Microsoft.Azure.Management.CosmosDB.CosmosDBManagementClient/3.4.0.0"
        ]
      },
      "ResponseHeaders": {
        "Cache-Control": [
          "no-store, no-cache"
        ],
        "Pragma": [
          "no-cache"
        ],
        "Strict-Transport-Security": [
          "max-age=31536000; includeSubDomains"
        ],
        "x-ms-gatewayversion": [
          "version=2.14.0"
        ],
        "Server": [
          "Microsoft-HTTPAPI/2.0"
        ],
        "x-ms-ratelimit-remaining-subscription-reads": [
          "11984"
        ],
        "x-ms-request-id": [
          "64301826-d269-470b-98de-6fd41f4dec50"
        ],
        "x-ms-correlation-request-id": [
          "64301826-d269-470b-98de-6fd41f4dec50"
        ],
        "x-ms-routing-request-id": [
          "WESTUS2:20220215T080056Z:64301826-d269-470b-98de-6fd41f4dec50"
        ],
        "X-Content-Type-Options": [
          "nosniff"
        ],
        "Date": [
          "Tue, 15 Feb 2022 08:00:56 GMT"
        ],
        "Content-Length": [
          "5607"
        ],
        "Content-Type": [
          "application/json"
        ]
      },
      "ResponseBody": "{\r\n  \"code\": \"NotFound\",\r\n  \"message\": \"Message: {\\\"code\\\":\\\"NotFound\\\",\\\"message\\\":\\\"Message: {\\\\\\\"Errors\\\\\\\":[\\\\\\\"Resource Not Found. Learn more: https:\\\\\\\\/\\\\\\\\/aka.ms\\\\\\\\/cosmosdb-tsg-not-found\\\\\\\"]}\\\\r\\\\nActivityId: 057d5c93-aad4-45f5-87f2-288d1876b6ad, Request URI: /apps/b1206aec-0300-4573-be10-eb231e99057b/services/3b28b966-38ea-48d7-bb3f-50f883f0aa8a/partitions/ce49b20e-051f-4b50-9800-26b1edd39f60/replicas/132892298641607901s, RequestStats: \\\\r\\\\nRequestStartTime: 2022-02-15T08:00:56.2347922Z, RequestEndTime: 2022-02-15T08:00:56.2347922Z,  Number of regions attempted:1\\\\r\\\\n{\\\\\\\"systemHistory\\\\\\\":[{\\\\\\\"dateUtc\\\\\\\":\\\\\\\"2022-02-15T07:59:55.9657681Z\\\\\\\",\\\\\\\"cpu\\\\\\\":2.319,\\\\\\\"memory\\\\\\\":638230428.000,\\\\\\\"threadInfo\\\\\\\":{\\\\\\\"isThreadStarving\\\\\\\":\\\\\\\"False\\\\\\\",\\\\\\\"threadWaitIntervalInMs\\\\\\\":0.0148,\\\\\\\"availableThreads\\\\\\\":32764,\\\\\\\"minThreads\\\\\\\":64,\\\\\\\"maxThreads\\\\\\\":32767}},{\\\\\\\"dateUtc\\\\\\\":\\\\\\\"2022-02-15T08:00:15.9754392Z\\\\\\\",\\\\\\\"cpu\\\\\\\":2.980,\\\\\\\"memory\\\\\\\":639612972.000,\\\\\\\"threadInfo\\\\\\\":{\\\\\\\"isThreadStarving\\\\\\\":\\\\\\\"False\\\\\\\",\\\\\\\"threadWaitIntervalInMs\\\\\\\":0.0085,\\\\\\\"availableThreads\\\\\\\":32765,\\\\\\\"minThreads\\\\\\\":64,\\\\\\\"maxThreads\\\\\\\":32767}},{\\\\\\\"dateUtc\\\\\\\":\\\\\\\"2022-02-15T08:00:25.9952692Z\\\\\\\",\\\\\\\"cpu\\\\\\\":2.225,\\\\\\\"memory\\\\\\\":639021068.000,\\\\\\\"threadInfo\\\\\\\":{\\\\\\\"isThreadStarving\\\\\\\":\\\\\\\"False\\\\\\\",\\\\\\\"threadWaitIntervalInMs\\\\\\\":0.009,\\\\\\\"availableThreads\\\\\\\":32765,\\\\\\\"minThreads\\\\\\\":64,\\\\\\\"maxThreads\\\\\\\":32767}},{\\\\\\\"dateUtc\\\\\\\":\\\\\\\"2022-02-15T08:00:36.0050805Z\\\\\\\",\\\\\\\"cpu\\\\\\\":2.508,\\\\\\\"memory\\\\\\\":638411788.000,\\\\\\\"threadInfo\\\\\\\":{\\\\\\\"isThreadStarving\\\\\\\":\\\\\\\"False\\\\\\\",\\\\\\\"threadWaitIntervalInMs\\\\\\\":0.0143,\\\\\\\"availableThreads\\\\\\\":32764,\\\\\\\"minThreads\\\\\\\":64,\\\\\\\"maxThreads\\\\\\\":32767}},{\\\\\\\"dateUtc\\\\\\\":\\\\\\\"2022-02-15T08:00:46.0149320Z\\\\\\\",\\\\\\\"cpu\\\\\\\":3.224,\\\\\\\"memory\\\\\\\":640110448.000,\\\\\\\"threadInfo\\\\\\\":{\\\\\\\"isThreadStarving\\\\\\\":\\\\\\\"False\\\\\\\",\\\\\\\"threadWaitIntervalInMs\\\\\\\":0.0178,\\\\\\\"availableThreads\\\\\\\":32765,\\\\\\\"minThreads\\\\\\\":64,\\\\\\\"maxThreads\\\\\\\":32767}},{\\\\\\\"dateUtc\\\\\\\":\\\\\\\"2022-02-15T08:00:56.0347936Z\\\\\\\",\\\\\\\"cpu\\\\\\\":3.408,\\\\\\\"memory\\\\\\\":639903904.000,\\\\\\\"threadInfo\\\\\\\":{\\\\\\\"isThreadStarving\\\\\\\":\\\\\\\"False\\\\\\\",\\\\\\\"threadWaitIntervalInMs\\\\\\\":0.011,\\\\\\\"availableThreads\\\\\\\":32757,\\\\\\\"minThreads\\\\\\\":64,\\\\\\\"maxThreads\\\\\\\":32767}}]}\\\\r\\\\nRequestStart: 2022-02-15T08:00:56.2347922Z; ResponseTime: 2022-02-15T08:00:56.2347922Z; StoreResult: StorePhysicalAddress: rntbd://10.0.0.20:11300/apps/b1206aec-0300-4573-be10-eb231e99057b/services/3b28b966-38ea-48d7-bb3f-50f883f0aa8a/partitions/ce49b20e-051f-4b50-9800-26b1edd39f60/replicas/132892298641607901s, LSN: 10, GlobalCommittedLsn: 10, PartitionKeyRangeId: , IsValid: True, StatusCode: 404, SubStatusCode: 0, RequestCharge: 1, ItemLSN: -1, SessionToken: -1#10, UsingLocalLSN: False, TransportException: null, BELatencyMs: 0.915, ActivityId: 057d5c93-aad4-45f5-87f2-288d1876b6ad, RetryAfterInMs: , TransportRequestTimeline: {\\\\\\\"requestTimeline\\\\\\\":[{\\\\\\\"event\\\\\\\": \\\\\\\"Created\\\\\\\", \\\\\\\"startTimeUtc\\\\\\\": \\\\\\\"2022-02-15T08:00:56.2347922Z\\\\\\\", \\\\\\\"durationInMs\\\\\\\": 0.0105},{\\\\\\\"event\\\\\\\": \\\\\\\"ChannelAcquisitionStarted\\\\\\\", \\\\\\\"startTimeUtc\\\\\\\": \\\\\\\"2022-02-15T08:00:56.2348027Z\\\\\\\", \\\\\\\"durationInMs\\\\\\\": 0.0031},{\\\\\\\"event\\\\\\\": \\\\\\\"Pipelined\\\\\\\", \\\\\\\"startTimeUtc\\\\\\\": \\\\\\\"2022-02-15T08:00:56.2348058Z\\\\\\\", \\\\\\\"durationInMs\\\\\\\": 0.1763},{\\\\\\\"event\\\\\\\": \\\\\\\"Transit Time\\\\\\\", \\\\\\\"startTimeUtc\\\\\\\": \\\\\\\"2022-02-15T08:00:56.2349821Z\\\\\\\", \\\\\\\"durationInMs\\\\\\\": 1.1271},{\\\\\\\"event\\\\\\\": \\\\\\\"Received\\\\\\\", \\\\\\\"startTimeUtc\\\\\\\": \\\\\\\"2022-02-15T08:00:56.2361092Z\\\\\\\", \\\\\\\"durationInMs\\\\\\\": 0.0561},{\\\\\\\"event\\\\\\\": \\\\\\\"Completed\\\\\\\", \\\\\\\"startTimeUtc\\\\\\\": \\\\\\\"2022-02-15T08:00:56.2361653Z\\\\\\\", \\\\\\\"durationInMs\\\\\\\": 0}],\\\\\\\"requestSizeInBytes\\\\\\\":480,\\\\\\\"responseMetadataSizeInBytes\\\\\\\":135,\\\\\\\"responseBodySizeInBytes\\\\\\\":87};\\\\r\\\\n ResourceType: Collection, OperationType: Read\\\\r\\\\nRequestStart: 2022-02-15T08:00:56.2347922Z; ResponseTime: 2022-02-15T08:00:56.2347922Z; StoreResult: StorePhysicalAddress: rntbd://10.0.0.25:11300/apps/b1206aec-0300-4573-be10-eb231e99057b/services/3b28b966-38ea-48d7-bb3f-50f883f0aa8a/partitions/ce49b20e-051f-4b50-9800-26b1edd39f60/replicas/132860658357744749s, LSN: 10, GlobalCommittedLsn: 10, PartitionKeyRangeId: , IsValid: True, StatusCode: 404, SubStatusCode: 0, RequestCharge: 1, ItemLSN: -1, SessionToken: -1#10, UsingLocalLSN: False, TransportException: null, BELatencyMs: 1.319, ActivityId: 057d5c93-aad4-45f5-87f2-288d1876b6ad, RetryAfterInMs: , TransportRequestTimeline: {\\\\\\\"requestTimeline\\\\\\\":[{\\\\\\\"event\\\\\\\": \\\\\\\"Created\\\\\\\", \\\\\\\"startTimeUtc\\\\\\\": \\\\\\\"2022-02-15T08:00:56.2347922Z\\\\\\\", \\\\\\\"durationInMs\\\\\\\": 0.0038},{\\\\\\\"event\\\\\\\": \\\\\\\"ChannelAcquisitionStarted\\\\\\\", \\\\\\\"startTimeUtc\\\\\\\": \\\\\\\"2022-02-15T08:00:56.2347960Z\\\\\\\", \\\\\\\"durationInMs\\\\\\\": 0.002},{\\\\\\\"event\\\\\\\": \\\\\\\"Pipelined\\\\\\\", \\\\\\\"startTimeUtc\\\\\\\": \\\\\\\"2022-02-15T08:00:56.2347980Z\\\\\\\", \\\\\\\"durationInMs\\\\\\\": 0.1581},{\\\\\\\"event\\\\\\\": \\\\\\\"Transit Time\\\\\\\", \\\\\\\"startTimeUtc\\\\\\\": \\\\\\\"2022-02-15T08:00:56.2349561Z\\\\\\\", \\\\\\\"durationInMs\\\\\\\": 1.7301},{\\\\\\\"event\\\\\\\": \\\\\\\"Received\\\\\\\", \\\\\\\"startTimeUtc\\\\\\\": \\\\\\\"2022-02-15T08:00:56.2366862Z\\\\\\\", \\\\\\\"durationInMs\\\\\\\": 0.0217},{\\\\\\\"event\\\\\\\": \\\\\\\"Completed\\\\\\\", \\\\\\\"startTimeUtc\\\\\\\": \\\\\\\"2022-02-15T08:00:56.2367079Z\\\\\\\", \\\\\\\"durationInMs\\\\\\\": 0}],\\\\\\\"requestSizeInBytes\\\\\\\":480,\\\\\\\"responseMetadataSizeInBytes\\\\\\\":135,\\\\\\\"responseBodySizeInBytes\\\\\\\":87};\\\\r\\\\n ResourceType: Collection, OperationType: Read\\\\r\\\\n, SDK: Microsoft.Azure.Documents.Common/2.14.0\\\"}, Request URI: /dbs/dbName4/colls/containerName, RequestStats: , SDK: Microsoft.Azure.Documents.Common/2.14.0\"\r\n}",
      "StatusCode": 404
    },
    {
      "RequestUri": "/subscriptions/259fbb24-9bcd-4cfc-865c-fc33b22fe38a/resourceGroups/CosmosDBResourceGroup62/providers/Microsoft.DocumentDB/databaseAccounts/dbaccount62-1/sqlDatabases/dbName4/containers/containerName?api-version=2021-11-15-preview",
      "EncodedRequestUri": "L3N1YnNjcmlwdGlvbnMvMjU5ZmJiMjQtOWJjZC00Y2ZjLTg2NWMtZmMzM2IyMmZlMzhhL3Jlc291cmNlR3JvdXBzL0Nvc21vc0RCUmVzb3VyY2VHcm91cDYyL3Byb3ZpZGVycy9NaWNyb3NvZnQuRG9jdW1lbnREQi9kYXRhYmFzZUFjY291bnRzL2RiYWNjb3VudDYyLTEvc3FsRGF0YWJhc2VzL2RiTmFtZTQvY29udGFpbmVycy9jb250YWluZXJOYW1lP2FwaS12ZXJzaW9uPTIwMjEtMTEtMTUtcHJldmlldw==",
      "RequestMethod": "GET",
      "RequestBody": "",
      "RequestHeaders": {
        "x-ms-client-request-id": [
          "057d5c93-aad4-45f5-87f2-288d1876b6ad"
        ],
        "User-Agent": [
          "FxVersion/4.6.28207.03",
          "OSName/Windows",
          "OSVersion/Microsoft.Windows.10.0.19044.",
          "Microsoft.Azure.Management.CosmosDB.CosmosDBManagementClient/3.4.0.0"
        ]
      },
      "ResponseHeaders": {
        "Cache-Control": [
          "no-store, no-cache"
        ],
        "Pragma": [
          "no-cache"
        ],
        "Strict-Transport-Security": [
          "max-age=31536000; includeSubDomains"
        ],
        "x-ms-gatewayversion": [
          "version=2.14.0"
        ],
        "Server": [
          "Microsoft-HTTPAPI/2.0"
        ],
        "x-ms-ratelimit-remaining-subscription-reads": [
          "11982"
        ],
        "x-ms-request-id": [
          "e1bd2e8b-c36e-480c-b3f3-5693fff6e802"
        ],
        "x-ms-correlation-request-id": [
          "e1bd2e8b-c36e-480c-b3f3-5693fff6e802"
        ],
        "x-ms-routing-request-id": [
          "WESTUS2:20220215T080127Z:e1bd2e8b-c36e-480c-b3f3-5693fff6e802"
        ],
        "X-Content-Type-Options": [
          "nosniff"
        ],
        "Date": [
          "Tue, 15 Feb 2022 08:01:27 GMT"
        ],
        "Content-Length": [
          "1082"
        ],
        "Content-Type": [
          "application/json"
        ]
      },
      "ResponseBody": "{\r\n  \"id\": \"/subscriptions/259fbb24-9bcd-4cfc-865c-fc33b22fe38a/resourceGroups/CosmosDBResourceGroup62/providers/Microsoft.DocumentDB/databaseAccounts/dbaccount62-1/sqlDatabases/dbName4/containers/containerName\",\r\n  \"type\": \"Microsoft.DocumentDB/databaseAccounts/sqlDatabases/containers\",\r\n  \"name\": \"containerName\",\r\n  \"properties\": {\r\n    \"resource\": {\r\n      \"id\": \"containerName\",\r\n      \"indexingPolicy\": {\r\n        \"indexingMode\": \"consistent\",\r\n        \"automatic\": true,\r\n        \"includedPaths\": [\r\n          {\r\n            \"path\": \"/*\"\r\n          }\r\n        ],\r\n        \"excludedPaths\": [\r\n          {\r\n            \"path\": \"/\\\"_etag\\\"/?\"\r\n          }\r\n        ]\r\n      },\r\n      \"partitionKey\": {\r\n        \"paths\": [\r\n          \"/foo/bar\"\r\n        ],\r\n        \"kind\": \"Hash\"\r\n      },\r\n      \"uniqueKeyPolicy\": {\r\n        \"uniqueKeys\": []\r\n      },\r\n      \"conflictResolutionPolicy\": {\r\n        \"mode\": \"LastWriterWins\",\r\n        \"conflictResolutionPath\": \"/_ts\",\r\n        \"conflictResolutionProcedure\": \"\"\r\n      },\r\n      \"geospatialConfig\": {\r\n        \"type\": \"Geography\"\r\n      },\r\n      \"_rid\": \"XBl0ANAcy48=\",\r\n      \"_ts\": 1644912063,\r\n      \"_self\": \"dbs/XBl0AA==/colls/XBl0ANAcy48=/\",\r\n      \"_etag\": \"\\\"0000df00-0000-0100-0000-620b5dbf0000\\\"\",\r\n      \"_docs\": \"docs/\",\r\n      \"_sprocs\": \"sprocs/\",\r\n      \"_triggers\": \"triggers/\",\r\n      \"_udfs\": \"udfs/\",\r\n      \"_conflicts\": \"conflicts/\",\r\n      \"statistics\": [\r\n        {\r\n          \"id\": \"0\",\r\n          \"sizeInKB\": 0,\r\n          \"documentCount\": 0,\r\n          \"sampledDistinctPartitionKeyCount\": 0,\r\n          \"partitionKeys\": []\r\n        }\r\n      ]\r\n    }\r\n  }\r\n}",
      "StatusCode": 200
    },
    {
      "RequestUri": "/subscriptions/259fbb24-9bcd-4cfc-865c-fc33b22fe38a/resourceGroups/CosmosDBResourceGroup62/providers/Microsoft.DocumentDB/databaseAccounts/dbaccount62-1/sqlDatabases/dbName4/containers/containerName?api-version=2021-11-15-preview",
      "EncodedRequestUri": "L3N1YnNjcmlwdGlvbnMvMjU5ZmJiMjQtOWJjZC00Y2ZjLTg2NWMtZmMzM2IyMmZlMzhhL3Jlc291cmNlR3JvdXBzL0Nvc21vc0RCUmVzb3VyY2VHcm91cDYyL3Byb3ZpZGVycy9NaWNyb3NvZnQuRG9jdW1lbnREQi9kYXRhYmFzZUFjY291bnRzL2RiYWNjb3VudDYyLTEvc3FsRGF0YWJhc2VzL2RiTmFtZTQvY29udGFpbmVycy9jb250YWluZXJOYW1lP2FwaS12ZXJzaW9uPTIwMjEtMTEtMTUtcHJldmlldw==",
      "RequestMethod": "PUT",
      "RequestBody": "{\r\n  \"properties\": {\r\n    \"resource\": {\r\n      \"id\": \"containerName\",\r\n      \"partitionKey\": {\r\n        \"paths\": [\r\n          \"/foo/bar\"\r\n        ],\r\n        \"kind\": \"Hash\"\r\n      }\r\n    },\r\n    \"options\": {\r\n      \"throughput\": 800\r\n    }\r\n  }\r\n}",
      "RequestHeaders": {
        "x-ms-client-request-id": [
          "057d5c93-aad4-45f5-87f2-288d1876b6ad"
        ],
        "Accept-Language": [
          "en-US"
        ],
        "User-Agent": [
          "FxVersion/4.6.28207.03",
          "OSName/Windows",
          "OSVersion/Microsoft.Windows.10.0.19044.",
          "Microsoft.Azure.Management.CosmosDB.CosmosDBManagementClient/3.4.0.0"
        ],
        "Content-Type": [
          "application/json; charset=utf-8"
        ],
        "Content-Length": [
          "247"
        ]
      },
      "ResponseHeaders": {
        "Cache-Control": [
          "no-store, no-cache"
        ],
        "Pragma": [
          "no-cache"
        ],
        "Location": [
          "https://management.azure.com/subscriptions/259fbb24-9bcd-4cfc-865c-fc33b22fe38a/resourceGroups/CosmosDBResourceGroup62/providers/Microsoft.DocumentDB/databaseAccounts/dbaccount62-1/sqlDatabases/dbName4/containers/containerName/operationResults/576de560-92b3-4824-b3be-cfcc7ea8fc46?api-version=2021-11-15-preview"
        ],
        "Azure-AsyncOperation": [
          "https://management.azure.com/subscriptions/259fbb24-9bcd-4cfc-865c-fc33b22fe38a/providers/Microsoft.DocumentDB/locations/eastus/operationsStatus/576de560-92b3-4824-b3be-cfcc7ea8fc46?api-version=2021-11-15-preview"
        ],
        "x-ms-request-id": [
          "576de560-92b3-4824-b3be-cfcc7ea8fc46"
        ],
        "Strict-Transport-Security": [
          "max-age=31536000; includeSubDomains"
        ],
        "x-ms-gatewayversion": [
          "version=2.14.0"
        ],
        "Server": [
          "Microsoft-HTTPAPI/2.0"
        ],
        "x-ms-ratelimit-remaining-subscription-writes": [
          "1197"
        ],
        "x-ms-correlation-request-id": [
          "2b225745-2259-42c8-b063-c8d6ab1d542e"
        ],
        "x-ms-routing-request-id": [
          "WESTUS2:20220215T080056Z:2b225745-2259-42c8-b063-c8d6ab1d542e"
        ],
        "X-Content-Type-Options": [
          "nosniff"
        ],
        "Date": [
          "Tue, 15 Feb 2022 08:00:56 GMT"
        ],
        "Content-Length": [
          "21"
        ],
        "Content-Type": [
          "application/json"
        ]
      },
      "ResponseBody": "{\r\n  \"status\": \"Enqueued\"\r\n}",
      "StatusCode": 202
    },
    {
      "RequestUri": "/subscriptions/259fbb24-9bcd-4cfc-865c-fc33b22fe38a/providers/Microsoft.DocumentDB/locations/eastus/operationsStatus/576de560-92b3-4824-b3be-cfcc7ea8fc46?api-version=2021-11-15-preview",
      "EncodedRequestUri": "L3N1YnNjcmlwdGlvbnMvMjU5ZmJiMjQtOWJjZC00Y2ZjLTg2NWMtZmMzM2IyMmZlMzhhL3Byb3ZpZGVycy9NaWNyb3NvZnQuRG9jdW1lbnREQi9sb2NhdGlvbnMvZWFzdHVzL29wZXJhdGlvbnNTdGF0dXMvNTc2ZGU1NjAtOTJiMy00ODI0LWIzYmUtY2ZjYzdlYThmYzQ2P2FwaS12ZXJzaW9uPTIwMjEtMTEtMTUtcHJldmlldw==",
      "RequestMethod": "GET",
      "RequestBody": "",
      "RequestHeaders": {
        "x-ms-client-request-id": [
          "057d5c93-aad4-45f5-87f2-288d1876b6ad"
        ],
        "User-Agent": [
          "FxVersion/4.6.28207.03",
          "OSName/Windows",
          "OSVersion/Microsoft.Windows.10.0.19044.",
          "Microsoft.Azure.Management.CosmosDB.CosmosDBManagementClient/3.4.0.0"
        ]
      },
      "ResponseHeaders": {
        "Cache-Control": [
          "no-store, no-cache"
        ],
        "Pragma": [
          "no-cache"
        ],
        "Strict-Transport-Security": [
          "max-age=31536000; includeSubDomains"
        ],
        "x-ms-gatewayversion": [
          "version=2.14.0"
        ],
        "Server": [
          "Microsoft-HTTPAPI/2.0"
        ],
        "x-ms-ratelimit-remaining-subscription-reads": [
          "11983"
        ],
        "x-ms-request-id": [
          "a91a0b28-6c72-4f45-91f0-03ad32952692"
        ],
        "x-ms-correlation-request-id": [
          "a91a0b28-6c72-4f45-91f0-03ad32952692"
        ],
        "x-ms-routing-request-id": [
          "WESTUS2:20220215T080126Z:a91a0b28-6c72-4f45-91f0-03ad32952692"
        ],
        "X-Content-Type-Options": [
          "nosniff"
        ],
        "Date": [
          "Tue, 15 Feb 2022 08:01:26 GMT"
        ],
        "Content-Length": [
          "22"
        ],
        "Content-Type": [
          "application/json"
        ]
      },
      "ResponseBody": "{\r\n  \"status\": \"Succeeded\"\r\n}",
      "StatusCode": 200
    },
    {
      "RequestUri": "/subscriptions/259fbb24-9bcd-4cfc-865c-fc33b22fe38a/resourceGroups/CosmosDBResourceGroup62/providers/Microsoft.DocumentDB/databaseAccounts/dbaccount62-1/sqlDatabases/dbName4/containers/containerName/throughputSettings/default?api-version=2021-11-15-preview",
      "EncodedRequestUri": "L3N1YnNjcmlwdGlvbnMvMjU5ZmJiMjQtOWJjZC00Y2ZjLTg2NWMtZmMzM2IyMmZlMzhhL3Jlc291cmNlR3JvdXBzL0Nvc21vc0RCUmVzb3VyY2VHcm91cDYyL3Byb3ZpZGVycy9NaWNyb3NvZnQuRG9jdW1lbnREQi9kYXRhYmFzZUFjY291bnRzL2RiYWNjb3VudDYyLTEvc3FsRGF0YWJhc2VzL2RiTmFtZTQvY29udGFpbmVycy9jb250YWluZXJOYW1lL3Rocm91Z2hwdXRTZXR0aW5ncy9kZWZhdWx0P2FwaS12ZXJzaW9uPTIwMjEtMTEtMTUtcHJldmlldw==",
      "RequestMethod": "GET",
      "RequestBody": "",
      "RequestHeaders": {
        "x-ms-client-request-id": [
          "26f6ac66-7027-43e4-b669-60138e5e04ec"
        ],
        "Accept-Language": [
          "en-US"
        ],
        "User-Agent": [
          "FxVersion/4.6.28207.03",
          "OSName/Windows",
          "OSVersion/Microsoft.Windows.10.0.19044.",
          "Microsoft.Azure.Management.CosmosDB.CosmosDBManagementClient/3.4.0.0"
        ]
      },
      "ResponseHeaders": {
        "Cache-Control": [
          "no-store, no-cache"
        ],
        "Pragma": [
          "no-cache"
        ],
        "Strict-Transport-Security": [
          "max-age=31536000; includeSubDomains"
        ],
        "x-ms-gatewayversion": [
          "version=2.14.0"
        ],
        "Server": [
          "Microsoft-HTTPAPI/2.0"
        ],
        "x-ms-ratelimit-remaining-subscription-reads": [
          "11981"
        ],
        "x-ms-request-id": [
          "cf501a7b-e6de-42ac-b003-7675bfea0517"
        ],
        "x-ms-correlation-request-id": [
          "cf501a7b-e6de-42ac-b003-7675bfea0517"
        ],
        "x-ms-routing-request-id": [
          "WESTUS2:20220215T080127Z:cf501a7b-e6de-42ac-b003-7675bfea0517"
        ],
        "X-Content-Type-Options": [
          "nosniff"
        ],
        "Date": [
          "Tue, 15 Feb 2022 08:01:27 GMT"
        ],
        "Content-Length": [
          "409"
        ],
        "Content-Type": [
          "application/json"
        ]
      },
      "ResponseBody": "{\r\n  \"id\": \"/subscriptions/259fbb24-9bcd-4cfc-865c-fc33b22fe38a/resourceGroups/CosmosDBResourceGroup62/providers/Microsoft.DocumentDB/databaseAccounts/dbaccount62-1/sqlDatabases/dbName4/containers/containerName/throughputSettings/default\",\r\n  \"type\": \"Microsoft.DocumentDB/databaseAccounts/sqlDatabases/containers/throughputSettings\",\r\n  \"name\": \"GOnB\",\r\n  \"properties\": {\r\n    \"resource\": {\r\n      \"throughput\": 800,\r\n      \"minimumThroughput\": \"400\"\r\n    }\r\n  }\r\n}",
      "StatusCode": 200
    },
    {
      "RequestUri": "/subscriptions/259fbb24-9bcd-4cfc-865c-fc33b22fe38a/resourceGroups/CosmosDBResourceGroup62/providers/Microsoft.DocumentDB/databaseAccounts/dbaccount62-1/sqlDatabases/dbName4/containers/containerName/throughputSettings/default/migrateToAutoscale?api-version=2021-11-15-preview",
      "EncodedRequestUri": "L3N1YnNjcmlwdGlvbnMvMjU5ZmJiMjQtOWJjZC00Y2ZjLTg2NWMtZmMzM2IyMmZlMzhhL3Jlc291cmNlR3JvdXBzL0Nvc21vc0RCUmVzb3VyY2VHcm91cDYyL3Byb3ZpZGVycy9NaWNyb3NvZnQuRG9jdW1lbnREQi9kYXRhYmFzZUFjY291bnRzL2RiYWNjb3VudDYyLTEvc3FsRGF0YWJhc2VzL2RiTmFtZTQvY29udGFpbmVycy9jb250YWluZXJOYW1lL3Rocm91Z2hwdXRTZXR0aW5ncy9kZWZhdWx0L21pZ3JhdGVUb0F1dG9zY2FsZT9hcGktdmVyc2lvbj0yMDIxLTExLTE1LXByZXZpZXc=",
      "RequestMethod": "POST",
      "RequestBody": "",
      "RequestHeaders": {
        "x-ms-client-request-id": [
          "266382b3-680c-46d3-8474-7af5a94115ca"
        ],
        "Accept-Language": [
          "en-US"
        ],
        "User-Agent": [
          "FxVersion/4.6.28207.03",
          "OSName/Windows",
          "OSVersion/Microsoft.Windows.10.0.19044.",
          "Microsoft.Azure.Management.CosmosDB.CosmosDBManagementClient/3.4.0.0"
        ]
      },
      "ResponseHeaders": {
        "Cache-Control": [
          "no-store, no-cache"
        ],
        "Pragma": [
          "no-cache"
        ],
        "Location": [
          "https://management.azure.com/subscriptions/259fbb24-9bcd-4cfc-865c-fc33b22fe38a/resourceGroups/CosmosDBResourceGroup62/providers/Microsoft.DocumentDB/databaseAccounts/dbaccount62-1/sqlDatabases/dbName4/containers/containerName/throughputSettings/default/migrateToAutoscale/operationResults/b74f9494-aed5-4c76-a9e3-f212e8eac2b6?api-version=2021-11-15-preview"
        ],
        "Azure-AsyncOperation": [
          "https://management.azure.com/subscriptions/259fbb24-9bcd-4cfc-865c-fc33b22fe38a/providers/Microsoft.DocumentDB/locations/eastus/operationsStatus/b74f9494-aed5-4c76-a9e3-f212e8eac2b6?api-version=2021-11-15-preview"
        ],
        "x-ms-request-id": [
          "b74f9494-aed5-4c76-a9e3-f212e8eac2b6"
        ],
        "Strict-Transport-Security": [
          "max-age=31536000; includeSubDomains"
        ],
        "x-ms-gatewayversion": [
          "version=2.14.0"
        ],
        "Server": [
          "Microsoft-HTTPAPI/2.0"
        ],
        "x-ms-ratelimit-remaining-subscription-writes": [
          "1197"
        ],
        "x-ms-correlation-request-id": [
          "19da0fbd-f3b2-4e87-b98a-6267ae34bf45"
        ],
        "x-ms-routing-request-id": [
          "WESTUS2:20220215T080128Z:19da0fbd-f3b2-4e87-b98a-6267ae34bf45"
        ],
        "X-Content-Type-Options": [
          "nosniff"
        ],
        "Date": [
          "Tue, 15 Feb 2022 08:01:27 GMT"
        ],
        "Content-Length": [
          "21"
        ],
        "Content-Type": [
          "application/json"
        ]
      },
      "ResponseBody": "{\r\n  \"status\": \"Enqueued\"\r\n}",
      "StatusCode": 202
    },
    {
      "RequestUri": "/subscriptions/259fbb24-9bcd-4cfc-865c-fc33b22fe38a/providers/Microsoft.DocumentDB/locations/eastus/operationsStatus/b74f9494-aed5-4c76-a9e3-f212e8eac2b6?api-version=2021-11-15-preview",
      "EncodedRequestUri": "L3N1YnNjcmlwdGlvbnMvMjU5ZmJiMjQtOWJjZC00Y2ZjLTg2NWMtZmMzM2IyMmZlMzhhL3Byb3ZpZGVycy9NaWNyb3NvZnQuRG9jdW1lbnREQi9sb2NhdGlvbnMvZWFzdHVzL29wZXJhdGlvbnNTdGF0dXMvYjc0Zjk0OTQtYWVkNS00Yzc2LWE5ZTMtZjIxMmU4ZWFjMmI2P2FwaS12ZXJzaW9uPTIwMjEtMTEtMTUtcHJldmlldw==",
      "RequestMethod": "GET",
      "RequestBody": "",
      "RequestHeaders": {
        "x-ms-client-request-id": [
          "266382b3-680c-46d3-8474-7af5a94115ca"
        ],
        "User-Agent": [
          "FxVersion/4.6.28207.03",
          "OSName/Windows",
          "OSVersion/Microsoft.Windows.10.0.19044.",
          "Microsoft.Azure.Management.CosmosDB.CosmosDBManagementClient/3.4.0.0"
        ]
      },
      "ResponseHeaders": {
        "Cache-Control": [
          "no-store, no-cache"
        ],
        "Pragma": [
          "no-cache"
        ],
        "Strict-Transport-Security": [
          "max-age=31536000; includeSubDomains"
        ],
        "x-ms-gatewayversion": [
          "version=2.14.0"
        ],
        "Server": [
          "Microsoft-HTTPAPI/2.0"
        ],
        "x-ms-ratelimit-remaining-subscription-reads": [
          "11980"
        ],
        "x-ms-request-id": [
          "3c08e6b0-b965-4ae4-a498-5c84b4202f54"
        ],
        "x-ms-correlation-request-id": [
          "3c08e6b0-b965-4ae4-a498-5c84b4202f54"
        ],
        "x-ms-routing-request-id": [
          "WESTUS2:20220215T080158Z:3c08e6b0-b965-4ae4-a498-5c84b4202f54"
        ],
        "X-Content-Type-Options": [
          "nosniff"
        ],
        "Date": [
          "Tue, 15 Feb 2022 08:01:57 GMT"
        ],
        "Content-Length": [
          "22"
        ],
        "Content-Type": [
          "application/json"
        ]
      },
      "ResponseBody": "{\r\n  \"status\": \"Succeeded\"\r\n}",
      "StatusCode": 200
    },
    {
      "RequestUri": "/subscriptions/259fbb24-9bcd-4cfc-865c-fc33b22fe38a/resourceGroups/CosmosDBResourceGroup62/providers/Microsoft.DocumentDB/databaseAccounts/dbaccount62-1/sqlDatabases/dbName4/containers/containerName/throughputSettings/default/migrateToAutoscale/operationResults/b74f9494-aed5-4c76-a9e3-f212e8eac2b6?api-version=2021-11-15-preview",
      "EncodedRequestUri": "L3N1YnNjcmlwdGlvbnMvMjU5ZmJiMjQtOWJjZC00Y2ZjLTg2NWMtZmMzM2IyMmZlMzhhL3Jlc291cmNlR3JvdXBzL0Nvc21vc0RCUmVzb3VyY2VHcm91cDYyL3Byb3ZpZGVycy9NaWNyb3NvZnQuRG9jdW1lbnREQi9kYXRhYmFzZUFjY291bnRzL2RiYWNjb3VudDYyLTEvc3FsRGF0YWJhc2VzL2RiTmFtZTQvY29udGFpbmVycy9jb250YWluZXJOYW1lL3Rocm91Z2hwdXRTZXR0aW5ncy9kZWZhdWx0L21pZ3JhdGVUb0F1dG9zY2FsZS9vcGVyYXRpb25SZXN1bHRzL2I3NGY5NDk0LWFlZDUtNGM3Ni1hOWUzLWYyMTJlOGVhYzJiNj9hcGktdmVyc2lvbj0yMDIxLTExLTE1LXByZXZpZXc=",
      "RequestMethod": "GET",
      "RequestBody": "",
      "RequestHeaders": {
        "x-ms-client-request-id": [
          "266382b3-680c-46d3-8474-7af5a94115ca"
        ],
        "User-Agent": [
          "FxVersion/4.6.28207.03",
          "OSName/Windows",
          "OSVersion/Microsoft.Windows.10.0.19044.",
          "Microsoft.Azure.Management.CosmosDB.CosmosDBManagementClient/3.4.0.0"
        ]
      },
      "ResponseHeaders": {
        "Cache-Control": [
          "no-store, no-cache"
        ],
        "Pragma": [
          "no-cache"
        ],
        "Strict-Transport-Security": [
          "max-age=31536000; includeSubDomains"
        ],
        "x-ms-gatewayversion": [
          "version=2.14.0"
        ],
        "Server": [
          "Microsoft-HTTPAPI/2.0"
        ],
        "x-ms-ratelimit-remaining-subscription-reads": [
          "11979"
        ],
        "x-ms-request-id": [
          "ac9f0b2c-d84c-4a9a-98a4-1a641c902523"
        ],
        "x-ms-correlation-request-id": [
          "ac9f0b2c-d84c-4a9a-98a4-1a641c902523"
        ],
        "x-ms-routing-request-id": [
          "WESTUS2:20220215T080158Z:ac9f0b2c-d84c-4a9a-98a4-1a641c902523"
        ],
        "X-Content-Type-Options": [
          "nosniff"
        ],
        "Date": [
          "Tue, 15 Feb 2022 08:01:57 GMT"
        ],
        "Content-Length": [
          "491"
        ],
        "Content-Type": [
          "application/json"
        ]
      },
      "ResponseBody": "{\r\n  \"id\": \"/subscriptions/259fbb24-9bcd-4cfc-865c-fc33b22fe38a/resourceGroups/CosmosDBResourceGroup62/providers/Microsoft.DocumentDB/databaseAccounts/dbaccount62-1/sqlDatabases/dbName4/containers/containerName/throughputSettings/default/migrateToAutoscale\",\r\n  \"type\": \"Microsoft.DocumentDB/databaseAccounts/sqlDatabases/containers/throughputSettings/migrateToAutoscale\",\r\n  \"name\": \"GOnB\",\r\n  \"properties\": {\r\n    \"resource\": {\r\n      \"throughput\": 400,\r\n      \"autoscaleSettings\": {\r\n        \"maxThroughput\": 4000\r\n      },\r\n      \"minimumThroughput\": \"4000\"\r\n    }\r\n  }\r\n}",
      "StatusCode": 200
    },
    {
      "RequestUri": "/subscriptions/259fbb24-9bcd-4cfc-865c-fc33b22fe38a/resourceGroups/CosmosDBResourceGroup62/providers/Microsoft.DocumentDB/databaseAccounts/dbaccount62-1/sqlDatabases/dbName4/containers/containerName/throughputSettings/default/migrateToManualThroughput?api-version=2021-11-15-preview",
      "EncodedRequestUri": "L3N1YnNjcmlwdGlvbnMvMjU5ZmJiMjQtOWJjZC00Y2ZjLTg2NWMtZmMzM2IyMmZlMzhhL3Jlc291cmNlR3JvdXBzL0Nvc21vc0RCUmVzb3VyY2VHcm91cDYyL3Byb3ZpZGVycy9NaWNyb3NvZnQuRG9jdW1lbnREQi9kYXRhYmFzZUFjY291bnRzL2RiYWNjb3VudDYyLTEvc3FsRGF0YWJhc2VzL2RiTmFtZTQvY29udGFpbmVycy9jb250YWluZXJOYW1lL3Rocm91Z2hwdXRTZXR0aW5ncy9kZWZhdWx0L21pZ3JhdGVUb01hbnVhbFRocm91Z2hwdXQ/YXBpLXZlcnNpb249MjAyMS0xMS0xNS1wcmV2aWV3",
      "RequestMethod": "POST",
      "RequestBody": "",
      "RequestHeaders": {
        "x-ms-client-request-id": [
          "566196da-e605-4407-88ac-c357f06b6958"
        ],
        "Accept-Language": [
          "en-US"
        ],
        "User-Agent": [
          "FxVersion/4.6.28207.03",
          "OSName/Windows",
          "OSVersion/Microsoft.Windows.10.0.19044.",
          "Microsoft.Azure.Management.CosmosDB.CosmosDBManagementClient/3.4.0.0"
        ]
      },
      "ResponseHeaders": {
        "Cache-Control": [
          "no-store, no-cache"
        ],
        "Pragma": [
          "no-cache"
        ],
        "Location": [
          "https://management.azure.com/subscriptions/259fbb24-9bcd-4cfc-865c-fc33b22fe38a/resourceGroups/CosmosDBResourceGroup62/providers/Microsoft.DocumentDB/databaseAccounts/dbaccount62-1/sqlDatabases/dbName4/containers/containerName/throughputSettings/default/migrateToManualThroughput/operationResults/57456c7b-ff2a-4b06-ab83-59cdf5f923ac?api-version=2021-11-15-preview"
        ],
        "Azure-AsyncOperation": [
          "https://management.azure.com/subscriptions/259fbb24-9bcd-4cfc-865c-fc33b22fe38a/providers/Microsoft.DocumentDB/locations/eastus/operationsStatus/57456c7b-ff2a-4b06-ab83-59cdf5f923ac?api-version=2021-11-15-preview"
        ],
        "x-ms-request-id": [
          "57456c7b-ff2a-4b06-ab83-59cdf5f923ac"
        ],
        "Strict-Transport-Security": [
          "max-age=31536000; includeSubDomains"
        ],
        "x-ms-gatewayversion": [
          "version=2.14.0"
        ],
        "Server": [
          "Microsoft-HTTPAPI/2.0"
        ],
        "x-ms-ratelimit-remaining-subscription-writes": [
          "1196"
        ],
        "x-ms-correlation-request-id": [
          "415ae4f2-0568-4caf-91e9-d6c13551c145"
        ],
        "x-ms-routing-request-id": [
          "WESTUS2:20220215T080158Z:415ae4f2-0568-4caf-91e9-d6c13551c145"
        ],
        "X-Content-Type-Options": [
          "nosniff"
        ],
        "Date": [
          "Tue, 15 Feb 2022 08:01:58 GMT"
        ],
        "Content-Length": [
          "21"
        ],
        "Content-Type": [
          "application/json"
        ]
      },
      "ResponseBody": "{\r\n  \"status\": \"Enqueued\"\r\n}",
      "StatusCode": 202
    },
    {
      "RequestUri": "/subscriptions/259fbb24-9bcd-4cfc-865c-fc33b22fe38a/providers/Microsoft.DocumentDB/locations/eastus/operationsStatus/57456c7b-ff2a-4b06-ab83-59cdf5f923ac?api-version=2021-11-15-preview",
      "EncodedRequestUri": "L3N1YnNjcmlwdGlvbnMvMjU5ZmJiMjQtOWJjZC00Y2ZjLTg2NWMtZmMzM2IyMmZlMzhhL3Byb3ZpZGVycy9NaWNyb3NvZnQuRG9jdW1lbnREQi9sb2NhdGlvbnMvZWFzdHVzL29wZXJhdGlvbnNTdGF0dXMvNTc0NTZjN2ItZmYyYS00YjA2LWFiODMtNTljZGY1ZjkyM2FjP2FwaS12ZXJzaW9uPTIwMjEtMTEtMTUtcHJldmlldw==",
      "RequestMethod": "GET",
      "RequestBody": "",
      "RequestHeaders": {
        "x-ms-client-request-id": [
          "566196da-e605-4407-88ac-c357f06b6958"
        ],
        "User-Agent": [
          "FxVersion/4.6.28207.03",
          "OSName/Windows",
          "OSVersion/Microsoft.Windows.10.0.19044.",
          "Microsoft.Azure.Management.CosmosDB.CosmosDBManagementClient/3.4.0.0"
        ]
      },
      "ResponseHeaders": {
        "Cache-Control": [
          "no-store, no-cache"
        ],
        "Pragma": [
          "no-cache"
        ],
        "Strict-Transport-Security": [
          "max-age=31536000; includeSubDomains"
        ],
        "x-ms-gatewayversion": [
          "version=2.14.0"
        ],
        "Server": [
          "Microsoft-HTTPAPI/2.0"
        ],
        "x-ms-ratelimit-remaining-subscription-reads": [
          "11978"
        ],
        "x-ms-request-id": [
          "ae8d7c76-5b71-40e8-8580-6dee2b979480"
        ],
        "x-ms-correlation-request-id": [
          "ae8d7c76-5b71-40e8-8580-6dee2b979480"
        ],
        "x-ms-routing-request-id": [
          "WESTUS2:20220215T080229Z:ae8d7c76-5b71-40e8-8580-6dee2b979480"
        ],
        "X-Content-Type-Options": [
          "nosniff"
        ],
        "Date": [
          "Tue, 15 Feb 2022 08:02:28 GMT"
        ],
        "Content-Length": [
          "22"
        ],
        "Content-Type": [
          "application/json"
        ]
      },
      "ResponseBody": "{\r\n  \"status\": \"Succeeded\"\r\n}",
      "StatusCode": 200
    },
    {
      "RequestUri": "/subscriptions/259fbb24-9bcd-4cfc-865c-fc33b22fe38a/resourceGroups/CosmosDBResourceGroup62/providers/Microsoft.DocumentDB/databaseAccounts/dbaccount62-1/sqlDatabases/dbName4/containers/containerName/throughputSettings/default/migrateToManualThroughput/operationResults/57456c7b-ff2a-4b06-ab83-59cdf5f923ac?api-version=2021-11-15-preview",
      "EncodedRequestUri": "L3N1YnNjcmlwdGlvbnMvMjU5ZmJiMjQtOWJjZC00Y2ZjLTg2NWMtZmMzM2IyMmZlMzhhL3Jlc291cmNlR3JvdXBzL0Nvc21vc0RCUmVzb3VyY2VHcm91cDYyL3Byb3ZpZGVycy9NaWNyb3NvZnQuRG9jdW1lbnREQi9kYXRhYmFzZUFjY291bnRzL2RiYWNjb3VudDYyLTEvc3FsRGF0YWJhc2VzL2RiTmFtZTQvY29udGFpbmVycy9jb250YWluZXJOYW1lL3Rocm91Z2hwdXRTZXR0aW5ncy9kZWZhdWx0L21pZ3JhdGVUb01hbnVhbFRocm91Z2hwdXQvb3BlcmF0aW9uUmVzdWx0cy81NzQ1NmM3Yi1mZjJhLTRiMDYtYWI4My01OWNkZjVmOTIzYWM/YXBpLXZlcnNpb249MjAyMS0xMS0xNS1wcmV2aWV3",
      "RequestMethod": "GET",
      "RequestBody": "",
      "RequestHeaders": {
        "x-ms-client-request-id": [
          "566196da-e605-4407-88ac-c357f06b6958"
        ],
        "User-Agent": [
          "FxVersion/4.6.28207.03",
          "OSName/Windows",
          "OSVersion/Microsoft.Windows.10.0.19044.",
          "Microsoft.Azure.Management.CosmosDB.CosmosDBManagementClient/3.4.0.0"
        ]
      },
      "ResponseHeaders": {
        "Cache-Control": [
          "no-store, no-cache"
        ],
        "Pragma": [
          "no-cache"
        ],
        "Strict-Transport-Security": [
          "max-age=31536000; includeSubDomains"
        ],
        "x-ms-gatewayversion": [
          "version=2.14.0"
        ],
        "Server": [
          "Microsoft-HTTPAPI/2.0"
        ],
        "x-ms-ratelimit-remaining-subscription-reads": [
          "11977"
        ],
        "x-ms-request-id": [
          "7c51ed60-6c9c-4c77-b96d-a0e8cd29f752"
        ],
        "x-ms-correlation-request-id": [
          "7c51ed60-6c9c-4c77-b96d-a0e8cd29f752"
        ],
        "x-ms-routing-request-id": [
          "WESTUS2:20220215T080229Z:7c51ed60-6c9c-4c77-b96d-a0e8cd29f752"
        ],
        "X-Content-Type-Options": [
          "nosniff"
        ],
        "Date": [
          "Tue, 15 Feb 2022 08:02:28 GMT"
        ],
        "Content-Length": [
          "462"
        ],
        "Content-Type": [
          "application/json"
        ]
      },
      "ResponseBody": "{\r\n  \"id\": \"/subscriptions/259fbb24-9bcd-4cfc-865c-fc33b22fe38a/resourceGroups/CosmosDBResourceGroup62/providers/Microsoft.DocumentDB/databaseAccounts/dbaccount62-1/sqlDatabases/dbName4/containers/containerName/throughputSettings/default/migrateToManualThroughput\",\r\n  \"type\": \"Microsoft.DocumentDB/databaseAccounts/sqlDatabases/containers/throughputSettings/migrateToManualThroughput\",\r\n  \"name\": \"GOnB\",\r\n  \"properties\": {\r\n    \"resource\": {\r\n      \"throughput\": 4000,\r\n      \"minimumThroughput\": \"400\"\r\n    }\r\n  }\r\n}",
      "StatusCode": 200
    },
    {
      "RequestUri": "/subscriptions/259fbb24-9bcd-4cfc-865c-fc33b22fe38a/resourceGroups/CosmosDBResourceGroup62/providers/Microsoft.DocumentDB/databaseAccounts/dbaccount62-1/sqlDatabases/dbName4/containers/containerName?api-version=2021-11-15-preview",
      "EncodedRequestUri": "L3N1YnNjcmlwdGlvbnMvMjU5ZmJiMjQtOWJjZC00Y2ZjLTg2NWMtZmMzM2IyMmZlMzhhL3Jlc291cmNlR3JvdXBzL0Nvc21vc0RCUmVzb3VyY2VHcm91cDYyL3Byb3ZpZGVycy9NaWNyb3NvZnQuRG9jdW1lbnREQi9kYXRhYmFzZUFjY291bnRzL2RiYWNjb3VudDYyLTEvc3FsRGF0YWJhc2VzL2RiTmFtZTQvY29udGFpbmVycy9jb250YWluZXJOYW1lP2FwaS12ZXJzaW9uPTIwMjEtMTEtMTUtcHJldmlldw==",
      "RequestMethod": "DELETE",
      "RequestBody": "",
      "RequestHeaders": {
        "x-ms-client-request-id": [
          "b1f769a5-29d4-41db-aecc-ef5792fb5450"
        ],
        "Accept-Language": [
          "en-US"
        ],
        "User-Agent": [
          "FxVersion/4.6.28207.03",
          "OSName/Windows",
          "OSVersion/Microsoft.Windows.10.0.19044.",
          "Microsoft.Azure.Management.CosmosDB.CosmosDBManagementClient/3.4.0.0"
        ]
      },
      "ResponseHeaders": {
        "Cache-Control": [
          "no-store, no-cache"
        ],
        "Pragma": [
          "no-cache"
        ],
        "Location": [
          "https://management.azure.com/subscriptions/259fbb24-9bcd-4cfc-865c-fc33b22fe38a/resourceGroups/CosmosDBResourceGroup62/providers/Microsoft.DocumentDB/databaseAccounts/dbaccount62-1/sqlDatabases/dbName4/containers/containerName/operationResults/22d09577-1ad0-4a2c-9ace-4b4cb7a67d81?api-version=2021-11-15-preview"
        ],
        "Azure-AsyncOperation": [
          "https://management.azure.com/subscriptions/259fbb24-9bcd-4cfc-865c-fc33b22fe38a/providers/Microsoft.DocumentDB/locations/eastus/operationsStatus/22d09577-1ad0-4a2c-9ace-4b4cb7a67d81?api-version=2021-11-15-preview"
        ],
        "x-ms-request-id": [
          "22d09577-1ad0-4a2c-9ace-4b4cb7a67d81"
        ],
        "Strict-Transport-Security": [
          "max-age=31536000; includeSubDomains"
        ],
        "x-ms-gatewayversion": [
          "version=2.14.0"
        ],
        "Server": [
          "Microsoft-HTTPAPI/2.0"
        ],
        "x-ms-ratelimit-remaining-subscription-deletes": [
          "14999"
        ],
        "x-ms-correlation-request-id": [
          "cea240eb-d6d3-49fc-b441-bd90248c374c"
        ],
        "x-ms-routing-request-id": [
          "WESTUS2:20220215T080229Z:cea240eb-d6d3-49fc-b441-bd90248c374c"
        ],
        "X-Content-Type-Options": [
          "nosniff"
        ],
        "Date": [
          "Tue, 15 Feb 2022 08:02:28 GMT"
        ],
        "Content-Length": [
          "21"
        ],
        "Content-Type": [
          "application/json"
        ]
      },
      "ResponseBody": "{\r\n  \"status\": \"Enqueued\"\r\n}",
      "StatusCode": 202
    },
    {
      "RequestUri": "/subscriptions/259fbb24-9bcd-4cfc-865c-fc33b22fe38a/resourceGroups/CosmosDBResourceGroup62/providers/Microsoft.DocumentDB/databaseAccounts/dbaccount62-1/sqlDatabases/dbName4/containers/containerName?api-version=2021-11-15-preview",
      "EncodedRequestUri": "L3N1YnNjcmlwdGlvbnMvMjU5ZmJiMjQtOWJjZC00Y2ZjLTg2NWMtZmMzM2IyMmZlMzhhL3Jlc291cmNlR3JvdXBzL0Nvc21vc0RCUmVzb3VyY2VHcm91cDYyL3Byb3ZpZGVycy9NaWNyb3NvZnQuRG9jdW1lbnREQi9kYXRhYmFzZUFjY291bnRzL2RiYWNjb3VudDYyLTEvc3FsRGF0YWJhc2VzL2RiTmFtZTQvY29udGFpbmVycy9jb250YWluZXJOYW1lP2FwaS12ZXJzaW9uPTIwMjEtMTEtMTUtcHJldmlldw==",
      "RequestMethod": "DELETE",
      "RequestBody": "",
      "RequestHeaders": {
        "x-ms-client-request-id": [
          "c524b47e-02da-47fb-b958-ca9f2250a89c"
        ],
        "Accept-Language": [
          "en-US"
        ],
        "User-Agent": [
          "FxVersion/4.6.28207.03",
          "OSName/Windows",
          "OSVersion/Microsoft.Windows.10.0.19044.",
          "Microsoft.Azure.Management.CosmosDB.CosmosDBManagementClient/3.4.0.0"
        ]
      },
      "ResponseHeaders": {
        "Cache-Control": [
          "no-store, no-cache"
        ],
        "Pragma": [
          "no-cache"
        ],
        "Location": [
          "https://management.azure.com/subscriptions/259fbb24-9bcd-4cfc-865c-fc33b22fe38a/resourceGroups/CosmosDBResourceGroup62/providers/Microsoft.DocumentDB/databaseAccounts/dbaccount62-1/sqlDatabases/dbName4/containers/containerName/operationResults/2f506215-2ee8-4ccc-ba11-2396aebf3c79?api-version=2021-11-15-preview"
        ],
        "Azure-AsyncOperation": [
          "https://management.azure.com/subscriptions/259fbb24-9bcd-4cfc-865c-fc33b22fe38a/providers/Microsoft.DocumentDB/locations/eastus/operationsStatus/2f506215-2ee8-4ccc-ba11-2396aebf3c79?api-version=2021-11-15-preview"
        ],
        "x-ms-request-id": [
          "2f506215-2ee8-4ccc-ba11-2396aebf3c79"
        ],
        "Strict-Transport-Security": [
          "max-age=31536000; includeSubDomains"
        ],
        "x-ms-gatewayversion": [
          "version=2.14.0"
        ],
        "Server": [
          "Microsoft-HTTPAPI/2.0"
        ],
        "x-ms-ratelimit-remaining-subscription-deletes": [
          "14999"
        ],
        "x-ms-correlation-request-id": [
          "4a24797b-5dc5-4ef1-be8f-dee42f058c17"
        ],
        "x-ms-routing-request-id": [
          "WESTUS2:20220215T080333Z:4a24797b-5dc5-4ef1-be8f-dee42f058c17"
        ],
        "X-Content-Type-Options": [
          "nosniff"
        ],
        "Date": [
          "Tue, 15 Feb 2022 08:03:33 GMT"
        ],
        "Content-Length": [
          "21"
        ],
        "Content-Type": [
          "application/json"
        ]
      },
      "ResponseBody": "{\r\n  \"status\": \"Enqueued\"\r\n}",
      "StatusCode": 202
    },
    {
      "RequestUri": "/subscriptions/259fbb24-9bcd-4cfc-865c-fc33b22fe38a/providers/Microsoft.DocumentDB/locations/eastus/operationsStatus/22d09577-1ad0-4a2c-9ace-4b4cb7a67d81?api-version=2021-11-15-preview",
      "EncodedRequestUri": "L3N1YnNjcmlwdGlvbnMvMjU5ZmJiMjQtOWJjZC00Y2ZjLTg2NWMtZmMzM2IyMmZlMzhhL3Byb3ZpZGVycy9NaWNyb3NvZnQuRG9jdW1lbnREQi9sb2NhdGlvbnMvZWFzdHVzL29wZXJhdGlvbnNTdGF0dXMvMjJkMDk1NzctMWFkMC00YTJjLTlhY2UtNGI0Y2I3YTY3ZDgxP2FwaS12ZXJzaW9uPTIwMjEtMTEtMTUtcHJldmlldw==",
      "RequestMethod": "GET",
      "RequestBody": "",
      "RequestHeaders": {
        "x-ms-client-request-id": [
          "b1f769a5-29d4-41db-aecc-ef5792fb5450"
        ],
        "User-Agent": [
          "FxVersion/4.6.28207.03",
          "OSName/Windows",
          "OSVersion/Microsoft.Windows.10.0.19044.",
          "Microsoft.Azure.Management.CosmosDB.CosmosDBManagementClient/3.4.0.0"
        ]
      },
      "ResponseHeaders": {
        "Cache-Control": [
          "no-store, no-cache"
        ],
        "Pragma": [
          "no-cache"
        ],
        "Strict-Transport-Security": [
          "max-age=31536000; includeSubDomains"
        ],
        "x-ms-gatewayversion": [
          "version=2.14.0"
        ],
        "Server": [
          "Microsoft-HTTPAPI/2.0"
        ],
        "x-ms-ratelimit-remaining-subscription-reads": [
          "11976"
        ],
        "x-ms-request-id": [
          "3ad20f1b-82ad-471c-9d2d-d80c98b89dda"
        ],
        "x-ms-correlation-request-id": [
          "3ad20f1b-82ad-471c-9d2d-d80c98b89dda"
        ],
        "x-ms-routing-request-id": [
          "WESTUS2:20220215T080259Z:3ad20f1b-82ad-471c-9d2d-d80c98b89dda"
        ],
        "X-Content-Type-Options": [
          "nosniff"
        ],
        "Date": [
          "Tue, 15 Feb 2022 08:02:59 GMT"
        ],
        "Content-Length": [
          "22"
        ],
        "Content-Type": [
          "application/json"
        ]
      },
      "ResponseBody": "{\r\n  \"status\": \"Succeeded\"\r\n}",
      "StatusCode": 200
    },
    {
      "RequestUri": "/subscriptions/259fbb24-9bcd-4cfc-865c-fc33b22fe38a/resourceGroups/CosmosDBResourceGroup62/providers/Microsoft.DocumentDB/databaseAccounts/dbaccount62-1/sqlDatabases/dbName4/containers/containerName/operationResults/22d09577-1ad0-4a2c-9ace-4b4cb7a67d81?api-version=2021-11-15-preview",
      "EncodedRequestUri": "L3N1YnNjcmlwdGlvbnMvMjU5ZmJiMjQtOWJjZC00Y2ZjLTg2NWMtZmMzM2IyMmZlMzhhL3Jlc291cmNlR3JvdXBzL0Nvc21vc0RCUmVzb3VyY2VHcm91cDYyL3Byb3ZpZGVycy9NaWNyb3NvZnQuRG9jdW1lbnREQi9kYXRhYmFzZUFjY291bnRzL2RiYWNjb3VudDYyLTEvc3FsRGF0YWJhc2VzL2RiTmFtZTQvY29udGFpbmVycy9jb250YWluZXJOYW1lL29wZXJhdGlvblJlc3VsdHMvMjJkMDk1NzctMWFkMC00YTJjLTlhY2UtNGI0Y2I3YTY3ZDgxP2FwaS12ZXJzaW9uPTIwMjEtMTEtMTUtcHJldmlldw==",
      "RequestMethod": "GET",
      "RequestBody": "",
      "RequestHeaders": {
        "x-ms-client-request-id": [
          "b1f769a5-29d4-41db-aecc-ef5792fb5450"
        ],
        "User-Agent": [
          "FxVersion/4.6.28207.03",
          "OSName/Windows",
          "OSVersion/Microsoft.Windows.10.0.19044.",
          "Microsoft.Azure.Management.CosmosDB.CosmosDBManagementClient/3.4.0.0"
        ]
      },
      "ResponseHeaders": {
        "Cache-Control": [
          "no-store, no-cache"
        ],
        "Pragma": [
          "no-cache"
        ],
        "Strict-Transport-Security": [
          "max-age=31536000; includeSubDomains"
        ],
        "x-ms-gatewayversion": [
          "version=2.14.0"
        ],
        "Server": [
          "Microsoft-HTTPAPI/2.0"
        ],
        "x-ms-ratelimit-remaining-subscription-reads": [
          "11975"
        ],
        "x-ms-request-id": [
          "bce31201-aa13-4a0c-82d6-4c242cfa6aa2"
        ],
        "x-ms-correlation-request-id": [
          "bce31201-aa13-4a0c-82d6-4c242cfa6aa2"
        ],
        "x-ms-routing-request-id": [
          "WESTUS2:20220215T080259Z:bce31201-aa13-4a0c-82d6-4c242cfa6aa2"
        ],
        "X-Content-Type-Options": [
          "nosniff"
        ],
        "Date": [
          "Tue, 15 Feb 2022 08:02:59 GMT"
        ],
        "Content-Type": [
          "application/json"
        ]
      },
      "ResponseBody": "",
      "StatusCode": 204
    },
    {
      "RequestUri": "/subscriptions/259fbb24-9bcd-4cfc-865c-fc33b22fe38a/resourceGroups/CosmosDBResourceGroup62/providers/Microsoft.DocumentDB/databaseAccounts/dbaccount62-1/sqlDatabases/dbName4?api-version=2021-11-15-preview",
      "EncodedRequestUri": "L3N1YnNjcmlwdGlvbnMvMjU5ZmJiMjQtOWJjZC00Y2ZjLTg2NWMtZmMzM2IyMmZlMzhhL3Jlc291cmNlR3JvdXBzL0Nvc21vc0RCUmVzb3VyY2VHcm91cDYyL3Byb3ZpZGVycy9NaWNyb3NvZnQuRG9jdW1lbnREQi9kYXRhYmFzZUFjY291bnRzL2RiYWNjb3VudDYyLTEvc3FsRGF0YWJhc2VzL2RiTmFtZTQ/YXBpLXZlcnNpb249MjAyMS0xMS0xNS1wcmV2aWV3",
      "RequestMethod": "DELETE",
      "RequestBody": "",
      "RequestHeaders": {
        "x-ms-client-request-id": [
          "77c5443a-17b0-43c6-958e-d3ddcc794662"
        ],
        "Accept-Language": [
          "en-US"
        ],
        "User-Agent": [
          "FxVersion/4.6.28207.03",
          "OSName/Windows",
          "OSVersion/Microsoft.Windows.10.0.19044.",
          "Microsoft.Azure.Management.CosmosDB.CosmosDBManagementClient/3.4.0.0"
        ]
      },
      "ResponseHeaders": {
        "Cache-Control": [
          "no-store, no-cache"
        ],
        "Pragma": [
          "no-cache"
        ],
        "Location": [
          "https://management.azure.com/subscriptions/259fbb24-9bcd-4cfc-865c-fc33b22fe38a/resourceGroups/CosmosDBResourceGroup62/providers/Microsoft.DocumentDB/databaseAccounts/dbaccount62-1/sqlDatabases/dbName4/operationResults/0aeee530-6da6-4123-af35-f163b39e5447?api-version=2021-11-15-preview"
        ],
        "Azure-AsyncOperation": [
          "https://management.azure.com/subscriptions/259fbb24-9bcd-4cfc-865c-fc33b22fe38a/providers/Microsoft.DocumentDB/locations/eastus/operationsStatus/0aeee530-6da6-4123-af35-f163b39e5447?api-version=2021-11-15-preview"
        ],
        "x-ms-request-id": [
          "0aeee530-6da6-4123-af35-f163b39e5447"
        ],
        "Strict-Transport-Security": [
          "max-age=31536000; includeSubDomains"
        ],
        "x-ms-gatewayversion": [
          "version=2.14.0"
        ],
        "Server": [
          "Microsoft-HTTPAPI/2.0"
        ],
        "x-ms-ratelimit-remaining-subscription-deletes": [
          "14999"
        ],
        "x-ms-correlation-request-id": [
          "25cace47-5213-485a-85fe-21ad3e3a5c3e"
        ],
        "x-ms-routing-request-id": [
          "WESTUS2:20220215T080301Z:25cace47-5213-485a-85fe-21ad3e3a5c3e"
        ],
        "X-Content-Type-Options": [
          "nosniff"
        ],
        "Date": [
          "Tue, 15 Feb 2022 08:03:00 GMT"
        ],
        "Content-Length": [
          "21"
        ],
        "Content-Type": [
          "application/json"
        ]
      },
      "ResponseBody": "{\r\n  \"status\": \"Enqueued\"\r\n}",
      "StatusCode": 202
    },
    {
      "RequestUri": "/subscriptions/259fbb24-9bcd-4cfc-865c-fc33b22fe38a/resourceGroups/CosmosDBResourceGroup62/providers/Microsoft.DocumentDB/databaseAccounts/dbaccount62-1/sqlDatabases/dbName4?api-version=2021-11-15-preview",
      "EncodedRequestUri": "L3N1YnNjcmlwdGlvbnMvMjU5ZmJiMjQtOWJjZC00Y2ZjLTg2NWMtZmMzM2IyMmZlMzhhL3Jlc291cmNlR3JvdXBzL0Nvc21vc0RCUmVzb3VyY2VHcm91cDYyL3Byb3ZpZGVycy9NaWNyb3NvZnQuRG9jdW1lbnREQi9kYXRhYmFzZUFjY291bnRzL2RiYWNjb3VudDYyLTEvc3FsRGF0YWJhc2VzL2RiTmFtZTQ/YXBpLXZlcnNpb249MjAyMS0xMS0xNS1wcmV2aWV3",
      "RequestMethod": "DELETE",
      "RequestBody": "",
      "RequestHeaders": {
        "x-ms-client-request-id": [
          "a81efb2e-27ea-4f33-ab73-4eb4cc073ef7"
        ],
        "Accept-Language": [
          "en-US"
        ],
        "User-Agent": [
          "FxVersion/4.6.28207.03",
          "OSName/Windows",
          "OSVersion/Microsoft.Windows.10.0.19044.",
          "Microsoft.Azure.Management.CosmosDB.CosmosDBManagementClient/3.4.0.0"
        ]
      },
      "ResponseHeaders": {
        "Cache-Control": [
          "no-store, no-cache"
        ],
        "Pragma": [
          "no-cache"
        ],
        "Location": [
          "https://management.azure.com/subscriptions/259fbb24-9bcd-4cfc-865c-fc33b22fe38a/resourceGroups/CosmosDBResourceGroup62/providers/Microsoft.DocumentDB/databaseAccounts/dbaccount62-1/sqlDatabases/dbName4/operationResults/42b705a3-d840-4c88-a982-5c2ef8b0bee2?api-version=2021-11-15-preview"
        ],
        "Azure-AsyncOperation": [
          "https://management.azure.com/subscriptions/259fbb24-9bcd-4cfc-865c-fc33b22fe38a/providers/Microsoft.DocumentDB/locations/eastus/operationsStatus/42b705a3-d840-4c88-a982-5c2ef8b0bee2?api-version=2021-11-15-preview"
        ],
        "x-ms-request-id": [
          "42b705a3-d840-4c88-a982-5c2ef8b0bee2"
        ],
        "Strict-Transport-Security": [
          "max-age=31536000; includeSubDomains"
        ],
        "x-ms-gatewayversion": [
          "version=2.14.0"
        ],
        "Server": [
          "Microsoft-HTTPAPI/2.0"
        ],
        "x-ms-ratelimit-remaining-subscription-deletes": [
          "14999"
        ],
        "x-ms-correlation-request-id": [
          "3f7c9861-8109-4d64-9084-692b3f385045"
        ],
        "x-ms-routing-request-id": [
          "WESTUS2:20220215T080405Z:3f7c9861-8109-4d64-9084-692b3f385045"
        ],
        "X-Content-Type-Options": [
          "nosniff"
        ],
        "Date": [
          "Tue, 15 Feb 2022 08:04:04 GMT"
        ],
        "Content-Length": [
          "21"
        ],
        "Content-Type": [
          "application/json"
        ]
      },
      "ResponseBody": "{\r\n  \"status\": \"Enqueued\"\r\n}",
      "StatusCode": 202
    },
    {
      "RequestUri": "/subscriptions/259fbb24-9bcd-4cfc-865c-fc33b22fe38a/providers/Microsoft.DocumentDB/locations/eastus/operationsStatus/0aeee530-6da6-4123-af35-f163b39e5447?api-version=2021-11-15-preview",
      "EncodedRequestUri": "L3N1YnNjcmlwdGlvbnMvMjU5ZmJiMjQtOWJjZC00Y2ZjLTg2NWMtZmMzM2IyMmZlMzhhL3Byb3ZpZGVycy9NaWNyb3NvZnQuRG9jdW1lbnREQi9sb2NhdGlvbnMvZWFzdHVzL29wZXJhdGlvbnNTdGF0dXMvMGFlZWU1MzAtNmRhNi00MTIzLWFmMzUtZjE2M2IzOWU1NDQ3P2FwaS12ZXJzaW9uPTIwMjEtMTEtMTUtcHJldmlldw==",
      "RequestMethod": "GET",
      "RequestBody": "",
      "RequestHeaders": {
        "x-ms-client-request-id": [
          "77c5443a-17b0-43c6-958e-d3ddcc794662"
        ],
        "User-Agent": [
          "FxVersion/4.6.28207.03",
          "OSName/Windows",
          "OSVersion/Microsoft.Windows.10.0.19044.",
          "Microsoft.Azure.Management.CosmosDB.CosmosDBManagementClient/3.4.0.0"
        ]
      },
      "ResponseHeaders": {
        "Cache-Control": [
          "no-store, no-cache"
        ],
        "Pragma": [
          "no-cache"
        ],
        "Strict-Transport-Security": [
          "max-age=31536000; includeSubDomains"
        ],
        "x-ms-gatewayversion": [
          "version=2.14.0"
        ],
        "Server": [
          "Microsoft-HTTPAPI/2.0"
        ],
        "x-ms-ratelimit-remaining-subscription-reads": [
          "11999"
        ],
        "x-ms-request-id": [
          "8f65cce3-d0dc-40b2-98d1-df88735d84ac"
        ],
        "x-ms-correlation-request-id": [
          "8f65cce3-d0dc-40b2-98d1-df88735d84ac"
        ],
        "x-ms-routing-request-id": [
          "WESTUS2:20220215T080331Z:8f65cce3-d0dc-40b2-98d1-df88735d84ac"
        ],
        "X-Content-Type-Options": [
          "nosniff"
        ],
        "Date": [
          "Tue, 15 Feb 2022 08:03:31 GMT"
        ],
        "Content-Length": [
          "22"
        ],
        "Content-Type": [
          "application/json"
        ]
      },
      "ResponseBody": "{\r\n  \"status\": \"Succeeded\"\r\n}",
      "StatusCode": 200
    },
    {
      "RequestUri": "/subscriptions/259fbb24-9bcd-4cfc-865c-fc33b22fe38a/resourceGroups/CosmosDBResourceGroup62/providers/Microsoft.DocumentDB/databaseAccounts/dbaccount62-1/sqlDatabases/dbName4/operationResults/0aeee530-6da6-4123-af35-f163b39e5447?api-version=2021-11-15-preview",
      "EncodedRequestUri": "L3N1YnNjcmlwdGlvbnMvMjU5ZmJiMjQtOWJjZC00Y2ZjLTg2NWMtZmMzM2IyMmZlMzhhL3Jlc291cmNlR3JvdXBzL0Nvc21vc0RCUmVzb3VyY2VHcm91cDYyL3Byb3ZpZGVycy9NaWNyb3NvZnQuRG9jdW1lbnREQi9kYXRhYmFzZUFjY291bnRzL2RiYWNjb3VudDYyLTEvc3FsRGF0YWJhc2VzL2RiTmFtZTQvb3BlcmF0aW9uUmVzdWx0cy8wYWVlZTUzMC02ZGE2LTQxMjMtYWYzNS1mMTYzYjM5ZTU0NDc/YXBpLXZlcnNpb249MjAyMS0xMS0xNS1wcmV2aWV3",
      "RequestMethod": "GET",
      "RequestBody": "",
      "RequestHeaders": {
        "x-ms-client-request-id": [
          "77c5443a-17b0-43c6-958e-d3ddcc794662"
        ],
        "User-Agent": [
          "FxVersion/4.6.28207.03",
          "OSName/Windows",
          "OSVersion/Microsoft.Windows.10.0.19044.",
          "Microsoft.Azure.Management.CosmosDB.CosmosDBManagementClient/3.4.0.0"
        ]
      },
      "ResponseHeaders": {
        "Cache-Control": [
          "no-store, no-cache"
        ],
        "Pragma": [
          "no-cache"
        ],
        "Strict-Transport-Security": [
          "max-age=31536000; includeSubDomains"
        ],
        "x-ms-gatewayversion": [
          "version=2.14.0"
        ],
        "Server": [
          "Microsoft-HTTPAPI/2.0"
        ],
        "x-ms-ratelimit-remaining-subscription-reads": [
          "11998"
        ],
        "x-ms-request-id": [
          "9c8b1534-cdea-40eb-b9a3-a10457699be6"
        ],
        "x-ms-correlation-request-id": [
          "9c8b1534-cdea-40eb-b9a3-a10457699be6"
        ],
        "x-ms-routing-request-id": [
          "WESTUS2:20220215T080331Z:9c8b1534-cdea-40eb-b9a3-a10457699be6"
        ],
        "X-Content-Type-Options": [
          "nosniff"
        ],
        "Date": [
          "Tue, 15 Feb 2022 08:03:31 GMT"
        ],
        "Content-Type": [
          "application/json"
        ]
      },
      "ResponseBody": "",
      "StatusCode": 204
    },
    {
      "RequestUri": "/subscriptions/259fbb24-9bcd-4cfc-865c-fc33b22fe38a/providers/Microsoft.DocumentDB/locations/eastus/operationsStatus/2f506215-2ee8-4ccc-ba11-2396aebf3c79?api-version=2021-11-15-preview",
      "EncodedRequestUri": "L3N1YnNjcmlwdGlvbnMvMjU5ZmJiMjQtOWJjZC00Y2ZjLTg2NWMtZmMzM2IyMmZlMzhhL3Byb3ZpZGVycy9NaWNyb3NvZnQuRG9jdW1lbnREQi9sb2NhdGlvbnMvZWFzdHVzL29wZXJhdGlvbnNTdGF0dXMvMmY1MDYyMTUtMmVlOC00Y2NjLWJhMTEtMjM5NmFlYmYzYzc5P2FwaS12ZXJzaW9uPTIwMjEtMTEtMTUtcHJldmlldw==",
      "RequestMethod": "GET",
      "RequestBody": "",
      "RequestHeaders": {
        "x-ms-client-request-id": [
          "c524b47e-02da-47fb-b958-ca9f2250a89c"
        ],
        "User-Agent": [
          "FxVersion/4.6.28207.03",
          "OSName/Windows",
          "OSVersion/Microsoft.Windows.10.0.19044.",
          "Microsoft.Azure.Management.CosmosDB.CosmosDBManagementClient/3.4.0.0"
        ]
      },
      "ResponseHeaders": {
        "Cache-Control": [
          "no-store, no-cache"
        ],
        "Pragma": [
          "no-cache"
        ],
        "Strict-Transport-Security": [
          "max-age=31536000; includeSubDomains"
        ],
        "x-ms-gatewayversion": [
          "version=2.14.0"
        ],
        "Server": [
          "Microsoft-HTTPAPI/2.0"
        ],
        "x-ms-ratelimit-remaining-subscription-reads": [
          "11999"
        ],
        "x-ms-request-id": [
          "a069fb7c-c4f3-4174-a373-20550974e583"
        ],
        "x-ms-correlation-request-id": [
          "a069fb7c-c4f3-4174-a373-20550974e583"
        ],
        "x-ms-routing-request-id": [
          "WESTUS2:20220215T080403Z:a069fb7c-c4f3-4174-a373-20550974e583"
        ],
        "X-Content-Type-Options": [
          "nosniff"
        ],
        "Date": [
          "Tue, 15 Feb 2022 08:04:02 GMT"
        ],
        "Content-Length": [
          "22"
        ],
        "Content-Type": [
          "application/json"
        ]
      },
      "ResponseBody": "{\r\n  \"status\": \"Succeeded\"\r\n}",
      "StatusCode": 200
    },
    {
      "RequestUri": "/subscriptions/259fbb24-9bcd-4cfc-865c-fc33b22fe38a/resourceGroups/CosmosDBResourceGroup62/providers/Microsoft.DocumentDB/databaseAccounts/dbaccount62-1/sqlDatabases/dbName4/containers/containerName/operationResults/2f506215-2ee8-4ccc-ba11-2396aebf3c79?api-version=2021-11-15-preview",
      "EncodedRequestUri": "L3N1YnNjcmlwdGlvbnMvMjU5ZmJiMjQtOWJjZC00Y2ZjLTg2NWMtZmMzM2IyMmZlMzhhL3Jlc291cmNlR3JvdXBzL0Nvc21vc0RCUmVzb3VyY2VHcm91cDYyL3Byb3ZpZGVycy9NaWNyb3NvZnQuRG9jdW1lbnREQi9kYXRhYmFzZUFjY291bnRzL2RiYWNjb3VudDYyLTEvc3FsRGF0YWJhc2VzL2RiTmFtZTQvY29udGFpbmVycy9jb250YWluZXJOYW1lL29wZXJhdGlvblJlc3VsdHMvMmY1MDYyMTUtMmVlOC00Y2NjLWJhMTEtMjM5NmFlYmYzYzc5P2FwaS12ZXJzaW9uPTIwMjEtMTEtMTUtcHJldmlldw==",
      "RequestMethod": "GET",
      "RequestBody": "",
      "RequestHeaders": {
        "x-ms-client-request-id": [
          "c524b47e-02da-47fb-b958-ca9f2250a89c"
        ],
        "User-Agent": [
          "FxVersion/4.6.28207.03",
          "OSName/Windows",
          "OSVersion/Microsoft.Windows.10.0.19044.",
          "Microsoft.Azure.Management.CosmosDB.CosmosDBManagementClient/3.4.0.0"
        ]
      },
      "ResponseHeaders": {
        "Cache-Control": [
          "no-store, no-cache"
        ],
        "Pragma": [
          "no-cache"
        ],
        "Strict-Transport-Security": [
          "max-age=31536000; includeSubDomains"
        ],
        "x-ms-gatewayversion": [
          "version=2.14.0"
        ],
        "Server": [
          "Microsoft-HTTPAPI/2.0"
        ],
        "x-ms-ratelimit-remaining-subscription-reads": [
          "11998"
        ],
        "x-ms-request-id": [
          "e6a132d3-73c1-40e8-a382-e74f22fe582d"
        ],
        "x-ms-correlation-request-id": [
          "e6a132d3-73c1-40e8-a382-e74f22fe582d"
        ],
        "x-ms-routing-request-id": [
          "WESTUS2:20220215T080403Z:e6a132d3-73c1-40e8-a382-e74f22fe582d"
        ],
        "X-Content-Type-Options": [
          "nosniff"
        ],
        "Date": [
          "Tue, 15 Feb 2022 08:04:03 GMT"
        ],
        "Content-Type": [
          "application/json"
        ]
      },
      "ResponseBody": "",
      "StatusCode": 204
    },
    {
      "RequestUri": "/subscriptions/259fbb24-9bcd-4cfc-865c-fc33b22fe38a/providers/Microsoft.DocumentDB/locations/eastus/operationsStatus/42b705a3-d840-4c88-a982-5c2ef8b0bee2?api-version=2021-11-15-preview",
      "EncodedRequestUri": "L3N1YnNjcmlwdGlvbnMvMjU5ZmJiMjQtOWJjZC00Y2ZjLTg2NWMtZmMzM2IyMmZlMzhhL3Byb3ZpZGVycy9NaWNyb3NvZnQuRG9jdW1lbnREQi9sb2NhdGlvbnMvZWFzdHVzL29wZXJhdGlvbnNTdGF0dXMvNDJiNzA1YTMtZDg0MC00Yzg4LWE5ODItNWMyZWY4YjBiZWUyP2FwaS12ZXJzaW9uPTIwMjEtMTEtMTUtcHJldmlldw==",
      "RequestMethod": "GET",
      "RequestBody": "",
      "RequestHeaders": {
        "x-ms-client-request-id": [
          "a81efb2e-27ea-4f33-ab73-4eb4cc073ef7"
        ],
        "User-Agent": [
          "FxVersion/4.6.28207.03",
          "OSName/Windows",
          "OSVersion/Microsoft.Windows.10.0.19044.",
          "Microsoft.Azure.Management.CosmosDB.CosmosDBManagementClient/3.4.0.0"
        ]
      },
      "ResponseHeaders": {
        "Cache-Control": [
          "no-store, no-cache"
        ],
        "Pragma": [
          "no-cache"
        ],
        "Strict-Transport-Security": [
          "max-age=31536000; includeSubDomains"
        ],
        "x-ms-gatewayversion": [
          "version=2.14.0"
        ],
        "Server": [
          "Microsoft-HTTPAPI/2.0"
        ],
        "x-ms-ratelimit-remaining-subscription-reads": [
          "11999"
        ],
        "x-ms-request-id": [
          "3cacb7cd-2a87-4346-b645-d1d8b2f5c5fb"
        ],
        "x-ms-correlation-request-id": [
          "3cacb7cd-2a87-4346-b645-d1d8b2f5c5fb"
        ],
        "x-ms-routing-request-id": [
          "WESTUS2:20220215T080435Z:3cacb7cd-2a87-4346-b645-d1d8b2f5c5fb"
        ],
        "X-Content-Type-Options": [
          "nosniff"
        ],
        "Date": [
          "Tue, 15 Feb 2022 08:04:35 GMT"
        ],
        "Content-Length": [
          "22"
        ],
        "Content-Type": [
          "application/json"
        ]
      },
      "ResponseBody": "{\r\n  \"status\": \"Succeeded\"\r\n}",
      "StatusCode": 200
    },
    {
      "RequestUri": "/subscriptions/259fbb24-9bcd-4cfc-865c-fc33b22fe38a/resourceGroups/CosmosDBResourceGroup62/providers/Microsoft.DocumentDB/databaseAccounts/dbaccount62-1/sqlDatabases/dbName4/operationResults/42b705a3-d840-4c88-a982-5c2ef8b0bee2?api-version=2021-11-15-preview",
      "EncodedRequestUri": "L3N1YnNjcmlwdGlvbnMvMjU5ZmJiMjQtOWJjZC00Y2ZjLTg2NWMtZmMzM2IyMmZlMzhhL3Jlc291cmNlR3JvdXBzL0Nvc21vc0RCUmVzb3VyY2VHcm91cDYyL3Byb3ZpZGVycy9NaWNyb3NvZnQuRG9jdW1lbnREQi9kYXRhYmFzZUFjY291bnRzL2RiYWNjb3VudDYyLTEvc3FsRGF0YWJhc2VzL2RiTmFtZTQvb3BlcmF0aW9uUmVzdWx0cy80MmI3MDVhMy1kODQwLTRjODgtYTk4Mi01YzJlZjhiMGJlZTI/YXBpLXZlcnNpb249MjAyMS0xMS0xNS1wcmV2aWV3",
      "RequestMethod": "GET",
      "RequestBody": "",
      "RequestHeaders": {
        "x-ms-client-request-id": [
          "a81efb2e-27ea-4f33-ab73-4eb4cc073ef7"
        ],
        "User-Agent": [
          "FxVersion/4.6.28207.03",
          "OSName/Windows",
          "OSVersion/Microsoft.Windows.10.0.19044.",
          "Microsoft.Azure.Management.CosmosDB.CosmosDBManagementClient/3.4.0.0"
        ]
      },
      "ResponseHeaders": {
        "Cache-Control": [
          "no-store, no-cache"
        ],
        "Pragma": [
          "no-cache"
        ],
        "Strict-Transport-Security": [
          "max-age=31536000; includeSubDomains"
        ],
        "x-ms-gatewayversion": [
          "version=2.14.0"
        ],
        "Server": [
          "Microsoft-HTTPAPI/2.0"
        ],
        "x-ms-ratelimit-remaining-subscription-reads": [
          "11998"
        ],
        "x-ms-request-id": [
          "c925e035-d6e3-453e-8eed-0d370c688a60"
        ],
        "x-ms-correlation-request-id": [
          "c925e035-d6e3-453e-8eed-0d370c688a60"
        ],
        "x-ms-routing-request-id": [
          "WESTUS2:20220215T080435Z:c925e035-d6e3-453e-8eed-0d370c688a60"
        ],
        "X-Content-Type-Options": [
          "nosniff"
        ],
        "Date": [
          "Tue, 15 Feb 2022 08:04:35 GMT"
        ],
        "Content-Type": [
          "application/json"
        ]
      },
      "ResponseBody": "",
      "StatusCode": 204
    }
  ],
  "Names": {},
  "Variables": {
    "SubscriptionId": "259fbb24-9bcd-4cfc-865c-fc33b22fe38a"
  }
}