{
  "Entries": [
    {
      "RequestUri": "/subscriptions/dec9ed54-2b7f-4476-9bd0-875544af59df/resourcegroups/rgtest9921232873?api-version=2016-09-01",
      "EncodedRequestUri": "L3N1YnNjcmlwdGlvbnMvZGVjOWVkNTQtMmI3Zi00NDc2LTliZDAtODc1NTQ0YWY1OWRmL3Jlc291cmNlZ3JvdXBzL3JndGVzdDk5MjEyMzI4NzM/YXBpLXZlcnNpb249MjAxNi0wOS0wMQ==",
      "RequestMethod": "PUT",
      "RequestHeaders": {
        "x-ms-client-request-id": [
          "5a092c82-5bb1-4f7b-9314-f64470098d5d"
        ],
        "Accept-Language": [
          "en-US"
        ],
        "User-Agent": [
          "FxVersion/6.0.3524.45918",
          "OSName/Windows",
          "OSVersion/Microsoft.Windows.10.0.22631",
          "Microsoft.Azure.Management.Internal.Resources.ResourceManagementClient/1.3.102"
        ],
        "Content-Type": [
          "application/json; charset=utf-8"
        ],
        "Content-Length": [
          "29"
        ]
      },
      "RequestBody": "{\r\n  \"location\": \"East US\"\r\n}",
      "ResponseHeaders": {
        "Cache-Control": [
          "no-cache"
        ],
        "Pragma": [
          "no-cache"
        ],
        "WWW-Authenticate": [
          "Bearer authorization_uri=\"https://login.windows.net/72f988bf-86f1-41af-91ab-2d7cd011db47\", error=\"invalid_token\", error_description=\"The access token has expired.\""
        ],
        "x-ms-failure-cause": [
          "gateway"
        ],
        "x-ms-request-id": [
          "3ea7746f-12a3-4e52-b5eb-d9231cd254d8"
        ],
        "x-ms-correlation-request-id": [
          "3ea7746f-12a3-4e52-b5eb-d9231cd254d8"
        ],
        "x-ms-routing-request-id": [
          "EASTUS:20241030T040856Z:3ea7746f-12a3-4e52-b5eb-d9231cd254d8"
        ],
        "Strict-Transport-Security": [
          "max-age=31536000; includeSubDomains"
        ],
        "X-Content-Type-Options": [
          "nosniff"
        ],
        "X-Cache": [
          "CONFIG_NOCACHE"
        ],
        "X-MSEdge-Ref": [
          "Ref A: 3A06913C6C864E80967470F3A1FD6EAB Ref B: MNZ221060609033 Ref C: 2024-10-30T04:08:56Z"
        ],
        "Date": [
          "Wed, 30 Oct 2024 04:08:55 GMT"
        ],
        "Content-Length": [
          "174"
        ],
        "Content-Type": [
          "application/json; charset=utf-8"
        ],
        "Expires": [
          "-1"
        ]
      },
      "ResponseBody": "{\r\n  \"error\": {\r\n    \"code\": \"ExpiredAuthenticationToken\",\r\n    \"message\": \"The access token expiry UTC time '10/30/2024 4:08:38 AM' is earlier than current UTC time '10/30/2024 4:08:56 AM'.\"\r\n  }\r\n}",
      "StatusCode": 401
    },
    {
      "RequestUri": "/subscriptions/dec9ed54-2b7f-4476-9bd0-875544af59df/resourceGroups/rgtest9921232873/providers/Microsoft.DocumentDB/databaseAccounts/rbactestps73?api-version=2024-05-15-preview",
      "EncodedRequestUri": "L3N1YnNjcmlwdGlvbnMvZGVjOWVkNTQtMmI3Zi00NDc2LTliZDAtODc1NTQ0YWY1OWRmL3Jlc291cmNlR3JvdXBzL3JndGVzdDk5MjEyMzI4NzMvcHJvdmlkZXJzL01pY3Jvc29mdC5Eb2N1bWVudERCL2RhdGFiYXNlQWNjb3VudHMvcmJhY3Rlc3RwczczP2FwaS12ZXJzaW9uPTIwMjQtMDUtMTUtcHJldmlldw==",
      "RequestMethod": "GET",
      "RequestHeaders": {
        "x-ms-client-request-id": [
          "59e5d13b-8ca2-461d-a22a-86bbc6aaff77"
        ],
        "Accept-Language": [
          "en-US"
        ],
        "User-Agent": [
          "FxVersion/6.0.3524.45918",
          "OSName/Windows",
          "OSVersion/Microsoft.Windows.10.0.22631",
          "Microsoft.Azure.Management.CosmosDB.CosmosDBManagementClient/2.0.5"
        ]
      },
      "RequestBody": "",
      "ResponseHeaders": {
        "Cache-Control": [
          "no-cache"
        ],
        "Pragma": [
          "no-cache"
        ],
        "WWW-Authenticate": [
          "Bearer authorization_uri=\"https://login.windows.net/72f988bf-86f1-41af-91ab-2d7cd011db47\", error=\"invalid_token\", error_description=\"The access token has expired.\""
        ],
        "x-ms-failure-cause": [
          "gateway"
        ],
        "x-ms-request-id": [
          "2c009c74-cb2f-4977-bba4-929157b73193"
        ],
        "x-ms-correlation-request-id": [
          "2c009c74-cb2f-4977-bba4-929157b73193"
        ],
        "x-ms-routing-request-id": [
          "EASTUS2:20241030T040856Z:2c009c74-cb2f-4977-bba4-929157b73193"
        ],
        "Strict-Transport-Security": [
          "max-age=31536000; includeSubDomains"
        ],
        "X-Content-Type-Options": [
          "nosniff"
        ],
        "X-Cache": [
          "CONFIG_NOCACHE"
        ],
        "X-MSEdge-Ref": [
          "Ref A: F098069F4F0646CC897991BEC67218F4 Ref B: MNZ221060619027 Ref C: 2024-10-30T04:08:56Z"
        ],
        "Date": [
          "Wed, 30 Oct 2024 04:08:56 GMT"
        ],
        "Content-Length": [
          "174"
        ],
        "Content-Type": [
          "application/json; charset=utf-8"
        ],
        "Expires": [
          "-1"
        ]
      },
      "ResponseBody": "{\r\n  \"error\": {\r\n    \"code\": \"ExpiredAuthenticationToken\",\r\n    \"message\": \"The access token expiry UTC time '10/30/2024 4:08:38 AM' is earlier than current UTC time '10/30/2024 4:08:56 AM'.\"\r\n  }\r\n}",
      "StatusCode": 401
    },
    {
      "RequestUri": "/subscriptions/dec9ed54-2b7f-4476-9bd0-875544af59df/resourceGroups/rgtest9921232873/providers/Microsoft.DocumentDB/databaseAccounts/rbactestps73/sqlRoleAssignments/a2ccaf94-3c39-4728-b892-95edeef0e754?api-version=2024-05-15-preview",
      "EncodedRequestUri": "L3N1YnNjcmlwdGlvbnMvZGVjOWVkNTQtMmI3Zi00NDc2LTliZDAtODc1NTQ0YWY1OWRmL3Jlc291cmNlR3JvdXBzL3JndGVzdDk5MjEyMzI4NzMvcHJvdmlkZXJzL01pY3Jvc29mdC5Eb2N1bWVudERCL2RhdGFiYXNlQWNjb3VudHMvcmJhY3Rlc3RwczczL3NxbFJvbGVBc3NpZ25tZW50cy9hMmNjYWY5NC0zYzM5LTQ3MjgtYjg5Mi05NWVkZWVmMGU3NTQ/YXBpLXZlcnNpb249MjAyNC0wNS0xNS1wcmV2aWV3",
      "RequestMethod": "DELETE",
      "RequestHeaders": {
        "x-ms-client-request-id": [
          "d4779b90-2cbc-49dc-9faa-217ea3e60b18"
        ],
        "Accept-Language": [
          "en-US"
        ],
        "User-Agent": [
          "FxVersion/6.0.3524.45918",
          "OSName/Windows",
          "OSVersion/Microsoft.Windows.10.0.22631",
          "Microsoft.Azure.Management.CosmosDB.CosmosDBManagementClient/2.0.5"
        ]
      },
      "RequestBody": "",
      "ResponseHeaders": {
        "Cache-Control": [
          "no-cache"
        ],
        "Pragma": [
          "no-cache"
        ],
        "WWW-Authenticate": [
          "Bearer authorization_uri=\"https://login.windows.net/72f988bf-86f1-41af-91ab-2d7cd011db47\", error=\"invalid_token\", error_description=\"The access token has expired.\""
        ],
        "x-ms-failure-cause": [
          "gateway"
        ],
        "x-ms-request-id": [
          "7d82cefe-3db1-4af7-a52d-a04bbdeb1d86"
        ],
        "x-ms-correlation-request-id": [
          "7d82cefe-3db1-4af7-a52d-a04bbdeb1d86"
        ],
        "x-ms-routing-request-id": [
          "EASTUS:20241030T040856Z:7d82cefe-3db1-4af7-a52d-a04bbdeb1d86"
        ],
        "Strict-Transport-Security": [
          "max-age=31536000; includeSubDomains"
        ],
        "X-Content-Type-Options": [
          "nosniff"
        ],
        "X-Cache": [
          "CONFIG_NOCACHE"
        ],
        "X-MSEdge-Ref": [
          "Ref A: 83442D5FFB1E43AEA1298C847442D08E Ref B: MNZ221060610047 Ref C: 2024-10-30T04:08:56Z"
        ],
        "Date": [
          "Wed, 30 Oct 2024 04:08:56 GMT"
        ],
        "Content-Length": [
          "174"
        ],
        "Content-Type": [
          "application/json; charset=utf-8"
        ],
        "Expires": [
          "-1"
        ]
      },
      "ResponseBody": "{\r\n  \"error\": {\r\n    \"code\": \"ExpiredAuthenticationToken\",\r\n    \"message\": \"The access token expiry UTC time '10/30/2024 4:08:38 AM' is earlier than current UTC time '10/30/2024 4:08:56 AM'.\"\r\n  }\r\n}",
      "StatusCode": 401
    }
  ],
  "Names": {},
  "Variables": {
    "SubscriptionId": "dec9ed54-2b7f-4476-9bd0-875544af59df"
  }
}