{
  "Entries": [
    {
      "RequestUri": "/subscriptions/12053b8f-cab5-4f5c-9c1a-870580142abd/resourceGroups/rgtest9921232812/providers/Microsoft.DocumentDB/databaseAccounts/cosmosdb9921232812/sqlDatabases/dbName3?api-version=2020-03-01",
      "EncodedRequestUri": "L3N1YnNjcmlwdGlvbnMvMTIwNTNiOGYtY2FiNS00ZjVjLTljMWEtODcwNTgwMTQyYWJkL3Jlc291cmNlR3JvdXBzL3JndGVzdDk5MjEyMzI4MTIvcHJvdmlkZXJzL01pY3Jvc29mdC5Eb2N1bWVudERCL2RhdGFiYXNlQWNjb3VudHMvY29zbW9zZGI5OTIxMjMyODEyL3NxbERhdGFiYXNlcy9kYk5hbWUzP2FwaS12ZXJzaW9uPTIwMjAtMDMtMDE=",
      "RequestMethod": "GET",
      "RequestBody": "",
      "RequestHeaders": {
        "x-ms-client-request-id": [
          "4ffb59dc-c2c5-4117-8f61-11d215f65fb5"
        ],
        "Accept-Language": [
          "en-US"
        ],
        "User-Agent": [
          "FxVersion/4.6.28516.03",
          "OSName/Windows",
          "OSVersion/Microsoft.Windows.10.0.18363.",
          "Microsoft.Azure.Management.CosmosDB.CosmosDBManagementClient/1.1.0.0"
        ]
      },
      "ResponseHeaders": {
        "Cache-Control": [
          "no-store, no-cache"
        ],
        "Pragma": [
          "no-cache"
        ],
        "Strict-Transport-Security": [
          "max-age=31536000; includeSubDomains"
        ],
        "x-ms-gatewayversion": [
          "version=2.10.0"
        ],
        "Server": [
          "Microsoft-HTTPAPI/2.0"
        ],
        "x-ms-ratelimit-remaining-subscription-reads": [
          "11993"
        ],
        "x-ms-request-id": [
          "1c23d80a-596e-48e1-a72b-8c6d90b3cbf6"
        ],
        "x-ms-correlation-request-id": [
          "1c23d80a-596e-48e1-a72b-8c6d90b3cbf6"
        ],
        "x-ms-routing-request-id": [
          "WESTUS:20200415T032234Z:1c23d80a-596e-48e1-a72b-8c6d90b3cbf6"
        ],
        "X-Content-Type-Options": [
          "nosniff"
        ],
        "Date": [
          "Wed, 15 Apr 2020 03:22:33 GMT"
        ],
        "Content-Length": [
          "1710"
        ],
        "Content-Type": [
          "application/json"
        ],
        "Content-Location": [
          "https://management.documents.azure.com:450/subscriptions/12053b8f-cab5-4f5c-9c1a-870580142abd/resourceGroups/rgtest9921232812/providers/Microsoft.DocumentDB/databaseAccounts/cosmosdb9921232812/sqlDatabases/dbName3?api-version=2020-03-01"
        ]
      },
      "ResponseBody": "{\r\n  \"code\": \"NotFound\",\r\n  \"message\": \"Message: {\\\"code\\\":\\\"NotFound\\\",\\\"message\\\":\\\"Message: {\\\\\\\"Errors\\\\\\\":[\\\\\\\"Resource Not Found\\\\\\\"]}\\\\r\\\\nActivityId: 4ffb59dc-c2c5-4117-8f61-11d215f65fb5, Request URI: /apps/41c501ed-891d-41ee-a069-6e58fc9767b3/services/77cfc4e0-6254-4557-a083-ae8e227e15ca/partitions/dd1c6b6f-9dea-4ef2-a9c9-35aa7636d3df/replicas/132313747637784871s, RequestStats: \\\\r\\\\nRequestStartTime: 2020-04-15T03:22:34.2867221Z, RequestEndTime: 2020-04-15T03:22:34.2867221Z,  Number of regions attempted:1\\\\r\\\\nResponseTime: 2020-04-15T03:22:34.2867221Z, StoreResult: StorePhysicalAddress: rntbd://10.0.0.25:11000/apps/41c501ed-891d-41ee-a069-6e58fc9767b3/services/77cfc4e0-6254-4557-a083-ae8e227e15ca/partitions/dd1c6b6f-9dea-4ef2-a9c9-35aa7636d3df/replicas/132313747637784871s, LSN: 129, GlobalCommittedLsn: 129, PartitionKeyRangeId: , IsValid: True, StatusCode: 404, SubStatusCode: 0, RequestCharge: 1, ItemLSN: -1, SessionToken: -1#129, UsingLocalLSN: False, TransportException: null, ResourceType: Database, OperationType: Read\\\\r\\\\nResponseTime: 2020-04-15T03:22:34.2867221Z, StoreResult: StorePhysicalAddress: rntbd://10.0.0.24:11300/apps/41c501ed-891d-41ee-a069-6e58fc9767b3/services/77cfc4e0-6254-4557-a083-ae8e227e15ca/partitions/dd1c6b6f-9dea-4ef2-a9c9-35aa7636d3df/replicas/132313751754811645s, LSN: 129, GlobalCommittedLsn: 129, PartitionKeyRangeId: , IsValid: True, StatusCode: 404, SubStatusCode: 0, RequestCharge: 1, ItemLSN: -1, SessionToken: -1#129, UsingLocalLSN: False, TransportException: null, ResourceType: Database, OperationType: Read\\\\r\\\\n, SDK: Microsoft.Azure.Documents.Common/2.10.0\\\"}, Request URI: /dbs/dbName3, RequestStats: , SDK: Microsoft.Azure.Documents.Common/2.10.0\"\r\n}",
      "StatusCode": 404
    },
    {
      "RequestUri": "/subscriptions/12053b8f-cab5-4f5c-9c1a-870580142abd/resourceGroups/rgtest9921232812/providers/Microsoft.DocumentDB/databaseAccounts/cosmosdb9921232812/sqlDatabases/dbName3?api-version=2020-03-01",
      "EncodedRequestUri": "L3N1YnNjcmlwdGlvbnMvMTIwNTNiOGYtY2FiNS00ZjVjLTljMWEtODcwNTgwMTQyYWJkL3Jlc291cmNlR3JvdXBzL3JndGVzdDk5MjEyMzI4MTIvcHJvdmlkZXJzL01pY3Jvc29mdC5Eb2N1bWVudERCL2RhdGFiYXNlQWNjb3VudHMvY29zbW9zZGI5OTIxMjMyODEyL3NxbERhdGFiYXNlcy9kYk5hbWUzP2FwaS12ZXJzaW9uPTIwMjAtMDMtMDE=",
      "RequestMethod": "GET",
      "RequestBody": "",
      "RequestHeaders": {
        "User-Agent": [
          "FxVersion/4.6.28516.03",
          "OSName/Windows",
          "OSVersion/Microsoft.Windows.10.0.18363.",
          "Microsoft.Azure.Management.CosmosDB.CosmosDBManagementClient/1.1.0.0"
        ]
      },
      "ResponseHeaders": {
        "Cache-Control": [
          "no-store, no-cache"
        ],
        "Pragma": [
          "no-cache"
        ],
        "Strict-Transport-Security": [
          "max-age=31536000; includeSubDomains"
        ],
        "x-ms-gatewayversion": [
          "version=2.10.0"
        ],
        "Server": [
          "Microsoft-HTTPAPI/2.0"
        ],
        "x-ms-ratelimit-remaining-subscription-reads": [
          "11991"
        ],
        "x-ms-request-id": [
          "98e7bbe8-3a49-425f-99c2-dec791408bcc"
        ],
        "x-ms-correlation-request-id": [
          "98e7bbe8-3a49-425f-99c2-dec791408bcc"
        ],
        "x-ms-routing-request-id": [
          "WESTUS:20200415T032305Z:98e7bbe8-3a49-425f-99c2-dec791408bcc"
        ],
        "X-Content-Type-Options": [
          "nosniff"
        ],
        "Date": [
          "Wed, 15 Apr 2020 03:23:04 GMT"
        ],
        "Content-Length": [
          "446"
        ],
        "Content-Type": [
          "application/json"
        ],
        "Content-Location": [
          "https://management.documents.azure.com:450/subscriptions/12053b8f-cab5-4f5c-9c1a-870580142abd/resourceGroups/rgtest9921232812/providers/Microsoft.DocumentDB/databaseAccounts/cosmosdb9921232812/sqlDatabases/dbName3?api-version=2020-03-01"
        ]
      },
      "ResponseBody": "{\r\n  \"id\": \"/subscriptions/12053b8f-cab5-4f5c-9c1a-870580142abd/resourceGroups/rgtest9921232812/providers/Microsoft.DocumentDB/databaseAccounts/cosmosdb9921232812/sqlDatabases/dbName3\",\r\n  \"type\": \"Microsoft.DocumentDB/databaseAccounts/sqlDatabases\",\r\n  \"name\": \"dbName3\",\r\n  \"properties\": {\r\n    \"resource\": {\r\n      \"id\": \"dbName3\",\r\n      \"_rid\": \"hFM5AA==\",\r\n      \"_self\": \"dbs/hFM5AA==/\",\r\n      \"_etag\": \"\\\"0000df65-0000-0500-0000-5e967dff0000\\\"\",\r\n      \"_colls\": \"colls/\",\r\n      \"_users\": \"users/\",\r\n      \"_ts\": 1586920959\r\n    }\r\n  }\r\n}",
      "StatusCode": 200
    },
    {
      "RequestUri": "/subscriptions/12053b8f-cab5-4f5c-9c1a-870580142abd/resourceGroups/rgtest9921232812/providers/Microsoft.DocumentDB/databaseAccounts/cosmosdb9921232812/sqlDatabases/dbName3?api-version=2020-03-01",
      "EncodedRequestUri": "L3N1YnNjcmlwdGlvbnMvMTIwNTNiOGYtY2FiNS00ZjVjLTljMWEtODcwNTgwMTQyYWJkL3Jlc291cmNlR3JvdXBzL3JndGVzdDk5MjEyMzI4MTIvcHJvdmlkZXJzL01pY3Jvc29mdC5Eb2N1bWVudERCL2RhdGFiYXNlQWNjb3VudHMvY29zbW9zZGI5OTIxMjMyODEyL3NxbERhdGFiYXNlcy9kYk5hbWUzP2FwaS12ZXJzaW9uPTIwMjAtMDMtMDE=",
      "RequestMethod": "PUT",
      "RequestBody": "{\r\n  \"properties\": {\r\n    \"resource\": {\r\n      \"id\": \"dbName3\"\r\n    },\r\n    \"options\": {\r\n      \"throughput\": \"1200\"\r\n    }\r\n  }\r\n}",
      "RequestHeaders": {
        "x-ms-client-request-id": [
          "19444626-a297-456a-b471-b3ead4fa05ca"
        ],
        "Accept-Language": [
          "en-US"
        ],
        "User-Agent": [
          "FxVersion/4.6.28516.03",
          "OSName/Windows",
          "OSVersion/Microsoft.Windows.10.0.18363.",
          "Microsoft.Azure.Management.CosmosDB.CosmosDBManagementClient/1.1.0.0"
        ],
        "Content-Type": [
          "application/json; charset=utf-8"
        ],
        "Content-Length": [
          "131"
        ]
      },
      "ResponseHeaders": {
        "Cache-Control": [
          "no-store, no-cache"
        ],
        "Pragma": [
          "no-cache"
        ],
        "Location": [
          "https://management.azure.com/subscriptions/12053b8f-cab5-4f5c-9c1a-870580142abd/resourceGroups/rgtest9921232812/providers/Microsoft.DocumentDB/databaseAccounts/cosmosdb9921232812/sqlDatabases/dbName3/operationResults/109ef785-2f08-43b9-974c-1aa8cbf7abc5?api-version=2020-03-01"
        ],
        "Azure-AsyncOperation": [
          "https://management.azure.com/subscriptions/12053b8f-cab5-4f5c-9c1a-870580142abd/providers/Microsoft.DocumentDB/locations/southcentralus/operationsStatus/109ef785-2f08-43b9-974c-1aa8cbf7abc5?api-version=2020-03-01"
        ],
        "x-ms-request-id": [
          "109ef785-2f08-43b9-974c-1aa8cbf7abc5"
        ],
        "Strict-Transport-Security": [
          "max-age=31536000; includeSubDomains"
        ],
        "x-ms-gatewayversion": [
          "version=2.10.0"
        ],
        "Server": [
          "Microsoft-HTTPAPI/2.0"
        ],
        "x-ms-ratelimit-remaining-subscription-writes": [
          "1199"
        ],
        "x-ms-correlation-request-id": [
          "5195633d-7a49-4910-aeaf-72ab71b68d9b"
        ],
        "x-ms-routing-request-id": [
          "WESTUS:20200415T032234Z:5195633d-7a49-4910-aeaf-72ab71b68d9b"
        ],
        "X-Content-Type-Options": [
          "nosniff"
        ],
        "Date": [
          "Wed, 15 Apr 2020 03:22:34 GMT"
        ],
        "Content-Length": [
          "21"
        ],
        "Content-Type": [
          "application/json"
        ],
        "Content-Location": [
          "https://management.documents.azure.com:450/subscriptions/12053b8f-cab5-4f5c-9c1a-870580142abd/resourceGroups/rgtest9921232812/providers/Microsoft.DocumentDB/databaseAccounts/cosmosdb9921232812/sqlDatabases/dbName3?api-version=2020-03-01"
        ]
      },
      "ResponseBody": "{\r\n  \"status\": \"Enqueued\"\r\n}",
      "StatusCode": 202
    },
    {
      "RequestUri": "/subscriptions/12053b8f-cab5-4f5c-9c1a-870580142abd/providers/Microsoft.DocumentDB/locations/southcentralus/operationsStatus/109ef785-2f08-43b9-974c-1aa8cbf7abc5?api-version=2020-03-01",
      "EncodedRequestUri": "L3N1YnNjcmlwdGlvbnMvMTIwNTNiOGYtY2FiNS00ZjVjLTljMWEtODcwNTgwMTQyYWJkL3Byb3ZpZGVycy9NaWNyb3NvZnQuRG9jdW1lbnREQi9sb2NhdGlvbnMvc291dGhjZW50cmFsdXMvb3BlcmF0aW9uc1N0YXR1cy8xMDllZjc4NS0yZjA4LTQzYjktOTc0Yy0xYWE4Y2JmN2FiYzU/YXBpLXZlcnNpb249MjAyMC0wMy0wMQ==",
      "RequestMethod": "GET",
      "RequestBody": "",
      "RequestHeaders": {
        "User-Agent": [
          "FxVersion/4.6.28516.03",
          "OSName/Windows",
          "OSVersion/Microsoft.Windows.10.0.18363.",
          "Microsoft.Azure.Management.CosmosDB.CosmosDBManagementClient/1.1.0.0"
        ]
      },
      "ResponseHeaders": {
        "Cache-Control": [
          "no-store, no-cache"
        ],
        "Pragma": [
          "no-cache"
        ],
        "Strict-Transport-Security": [
          "max-age=31536000; includeSubDomains"
        ],
        "x-ms-gatewayversion": [
          "version=2.10.0"
        ],
        "Server": [
          "Microsoft-HTTPAPI/2.0"
        ],
        "x-ms-ratelimit-remaining-subscription-reads": [
          "11992"
        ],
        "x-ms-request-id": [
          "6fe5354b-c1f5-4e54-83fe-40f804fd0c40"
        ],
        "x-ms-correlation-request-id": [
          "6fe5354b-c1f5-4e54-83fe-40f804fd0c40"
        ],
        "x-ms-routing-request-id": [
          "WESTUS:20200415T032305Z:6fe5354b-c1f5-4e54-83fe-40f804fd0c40"
        ],
        "X-Content-Type-Options": [
          "nosniff"
        ],
        "Date": [
          "Wed, 15 Apr 2020 03:23:04 GMT"
        ],
        "Content-Length": [
          "22"
        ],
        "Content-Type": [
          "application/json"
        ],
        "Content-Location": [
          "https://management.documents.azure.com:450/subscriptions/12053b8f-cab5-4f5c-9c1a-870580142abd/providers/Microsoft.DocumentDB/locations/southcentralus/operationsStatus/109ef785-2f08-43b9-974c-1aa8cbf7abc5?api-version=2020-03-01"
        ]
      },
      "ResponseBody": "{\r\n  \"status\": \"Succeeded\"\r\n}",
      "StatusCode": 200
    },
    {
      "RequestUri": "/subscriptions/12053b8f-cab5-4f5c-9c1a-870580142abd/resourceGroups/rgtest9921232812/providers/Microsoft.DocumentDB/databaseAccounts/cosmosdb9921232812/sqlDatabases/dbName3/throughputSettings/default?api-version=2020-03-01",
      "EncodedRequestUri": "L3N1YnNjcmlwdGlvbnMvMTIwNTNiOGYtY2FiNS00ZjVjLTljMWEtODcwNTgwMTQyYWJkL3Jlc291cmNlR3JvdXBzL3JndGVzdDk5MjEyMzI4MTIvcHJvdmlkZXJzL01pY3Jvc29mdC5Eb2N1bWVudERCL2RhdGFiYXNlQWNjb3VudHMvY29zbW9zZGI5OTIxMjMyODEyL3NxbERhdGFiYXNlcy9kYk5hbWUzL3Rocm91Z2hwdXRTZXR0aW5ncy9kZWZhdWx0P2FwaS12ZXJzaW9uPTIwMjAtMDMtMDE=",
      "RequestMethod": "GET",
      "RequestBody": "",
      "RequestHeaders": {
        "x-ms-client-request-id": [
          "8b4b20e3-7aa7-4be7-aedf-e99fd96b6d11"
        ],
        "Accept-Language": [
          "en-US"
        ],
        "User-Agent": [
          "FxVersion/4.6.28516.03",
          "OSName/Windows",
          "OSVersion/Microsoft.Windows.10.0.18363.",
          "Microsoft.Azure.Management.CosmosDB.CosmosDBManagementClient/1.1.0.0"
        ]
      },
      "ResponseHeaders": {
        "Cache-Control": [
          "no-store, no-cache"
        ],
        "Pragma": [
          "no-cache"
        ],
        "Strict-Transport-Security": [
          "max-age=31536000; includeSubDomains"
        ],
        "x-ms-gatewayversion": [
          "version=2.10.0"
        ],
        "Server": [
          "Microsoft-HTTPAPI/2.0"
        ],
        "x-ms-ratelimit-remaining-subscription-reads": [
          "11990"
        ],
        "x-ms-request-id": [
          "9bc3e749-18b2-4bf4-af39-d57d9b2178d4"
        ],
        "x-ms-correlation-request-id": [
          "9bc3e749-18b2-4bf4-af39-d57d9b2178d4"
        ],
        "x-ms-routing-request-id": [
          "WESTUS:20200415T032305Z:9bc3e749-18b2-4bf4-af39-d57d9b2178d4"
        ],
        "X-Content-Type-Options": [
          "nosniff"
        ],
        "Date": [
          "Wed, 15 Apr 2020 03:23:05 GMT"
        ],
        "Content-Length": [
          "372"
        ],
        "Content-Type": [
          "application/json"
        ],
        "Content-Location": [
          "https://management.documents.azure.com:450/subscriptions/12053b8f-cab5-4f5c-9c1a-870580142abd/resourceGroups/rgtest9921232812/providers/Microsoft.DocumentDB/databaseAccounts/cosmosdb9921232812/sqlDatabases/dbName3/throughputSettings/default?api-version=2020-03-01"
        ]
      },
      "ResponseBody": "{\r\n  \"id\": \"/subscriptions/12053b8f-cab5-4f5c-9c1a-870580142abd/resourceGroups/rgtest9921232812/providers/Microsoft.DocumentDB/databaseAccounts/cosmosdb9921232812/sqlDatabases/dbName3/throughputSettings/default\",\r\n  \"type\": \"Microsoft.DocumentDB/databaseAccounts/sqlDatabases/throughputSettings\",\r\n  \"name\": \"OO3E\",\r\n  \"properties\": {\r\n    \"resource\": {\r\n      \"throughput\": 1200,\r\n      \"minimumThroughput\": \"400\"\r\n    }\r\n  }\r\n}",
      "StatusCode": 200
    },
    {
      "RequestUri": "/subscriptions/12053b8f-cab5-4f5c-9c1a-870580142abd/resourceGroups/rgtest9921232812/providers/Microsoft.DocumentDB/databaseAccounts/cosmosdb9921232812/sqlDatabases/dbName3/throughputSettings/default?api-version=2020-03-01",
      "EncodedRequestUri": "L3N1YnNjcmlwdGlvbnMvMTIwNTNiOGYtY2FiNS00ZjVjLTljMWEtODcwNTgwMTQyYWJkL3Jlc291cmNlR3JvdXBzL3JndGVzdDk5MjEyMzI4MTIvcHJvdmlkZXJzL01pY3Jvc29mdC5Eb2N1bWVudERCL2RhdGFiYXNlQWNjb3VudHMvY29zbW9zZGI5OTIxMjMyODEyL3NxbERhdGFiYXNlcy9kYk5hbWUzL3Rocm91Z2hwdXRTZXR0aW5ncy9kZWZhdWx0P2FwaS12ZXJzaW9uPTIwMjAtMDMtMDE=",
      "RequestMethod": "GET",
      "RequestBody": "",
      "RequestHeaders": {
        "User-Agent": [
          "FxVersion/4.6.28516.03",
          "OSName/Windows",
          "OSVersion/Microsoft.Windows.10.0.18363.",
          "Microsoft.Azure.Management.CosmosDB.CosmosDBManagementClient/1.1.0.0"
        ]
      },
      "ResponseHeaders": {
        "Cache-Control": [
          "no-store, no-cache"
        ],
        "Pragma": [
          "no-cache"
        ],
        "Strict-Transport-Security": [
          "max-age=31536000; includeSubDomains"
        ],
        "x-ms-gatewayversion": [
          "version=2.10.0"
        ],
        "Server": [
          "Microsoft-HTTPAPI/2.0"
        ],
        "x-ms-ratelimit-remaining-subscription-reads": [
          "11987"
        ],
        "x-ms-request-id": [
          "fdcdec6a-ab4a-4f45-a577-efce79a70a67"
        ],
        "x-ms-correlation-request-id": [
          "fdcdec6a-ab4a-4f45-a577-efce79a70a67"
        ],
        "x-ms-routing-request-id": [
          "WESTUS:20200415T032407Z:fdcdec6a-ab4a-4f45-a577-efce79a70a67"
        ],
        "X-Content-Type-Options": [
          "nosniff"
        ],
        "Date": [
          "Wed, 15 Apr 2020 03:24:07 GMT"
        ],
        "Content-Length": [
          "372"
        ],
        "Content-Type": [
          "application/json"
        ],
        "Content-Location": [
          "https://management.documents.azure.com:450/subscriptions/12053b8f-cab5-4f5c-9c1a-870580142abd/resourceGroups/rgtest9921232812/providers/Microsoft.DocumentDB/databaseAccounts/cosmosdb9921232812/sqlDatabases/dbName3/throughputSettings/default?api-version=2020-03-01"
        ]
      },
      "ResponseBody": "{\r\n  \"id\": \"/subscriptions/12053b8f-cab5-4f5c-9c1a-870580142abd/resourceGroups/rgtest9921232812/providers/Microsoft.DocumentDB/databaseAccounts/cosmosdb9921232812/sqlDatabases/dbName3/throughputSettings/default\",\r\n  \"type\": \"Microsoft.DocumentDB/databaseAccounts/sqlDatabases/throughputSettings\",\r\n  \"name\": \"OO3E\",\r\n  \"properties\": {\r\n    \"resource\": {\r\n      \"throughput\": 1100,\r\n      \"minimumThroughput\": \"400\"\r\n    }\r\n  }\r\n}",
      "StatusCode": 200
    },
    {
      "RequestUri": "/subscriptions/12053b8f-cab5-4f5c-9c1a-870580142abd/resourceGroups/rgtest9921232812/providers/Microsoft.DocumentDB/databaseAccounts/cosmosdb9921232812/sqlDatabases/dbName3/throughputSettings/default?api-version=2020-03-01",
      "EncodedRequestUri": "L3N1YnNjcmlwdGlvbnMvMTIwNTNiOGYtY2FiNS00ZjVjLTljMWEtODcwNTgwMTQyYWJkL3Jlc291cmNlR3JvdXBzL3JndGVzdDk5MjEyMzI4MTIvcHJvdmlkZXJzL01pY3Jvc29mdC5Eb2N1bWVudERCL2RhdGFiYXNlQWNjb3VudHMvY29zbW9zZGI5OTIxMjMyODEyL3NxbERhdGFiYXNlcy9kYk5hbWUzL3Rocm91Z2hwdXRTZXR0aW5ncy9kZWZhdWx0P2FwaS12ZXJzaW9uPTIwMjAtMDMtMDE=",
      "RequestMethod": "GET",
      "RequestBody": "",
      "RequestHeaders": {
        "User-Agent": [
          "FxVersion/4.6.28516.03",
          "OSName/Windows",
          "OSVersion/Microsoft.Windows.10.0.18363.",
          "Microsoft.Azure.Management.CosmosDB.CosmosDBManagementClient/1.1.0.0"
        ]
      },
      "ResponseHeaders": {
        "Cache-Control": [
          "no-store, no-cache"
        ],
        "Pragma": [
          "no-cache"
        ],
        "Strict-Transport-Security": [
          "max-age=31536000; includeSubDomains"
        ],
        "x-ms-gatewayversion": [
          "version=2.10.0"
        ],
        "Server": [
          "Microsoft-HTTPAPI/2.0"
        ],
        "x-ms-ratelimit-remaining-subscription-reads": [
          "11985"
        ],
        "x-ms-request-id": [
          "475c5cc2-1fd3-4fe4-bbc1-e124d1317304"
        ],
        "x-ms-correlation-request-id": [
          "475c5cc2-1fd3-4fe4-bbc1-e124d1317304"
        ],
        "x-ms-routing-request-id": [
          "WESTUS:20200415T032439Z:475c5cc2-1fd3-4fe4-bbc1-e124d1317304"
        ],
        "X-Content-Type-Options": [
          "nosniff"
        ],
        "Date": [
          "Wed, 15 Apr 2020 03:24:39 GMT"
        ],
        "Content-Length": [
          "372"
        ],
        "Content-Type": [
          "application/json"
        ],
        "Content-Location": [
          "https://management.documents.azure.com:450/subscriptions/12053b8f-cab5-4f5c-9c1a-870580142abd/resourceGroups/rgtest9921232812/providers/Microsoft.DocumentDB/databaseAccounts/cosmosdb9921232812/sqlDatabases/dbName3/throughputSettings/default?api-version=2020-03-01"
        ]
      },
      "ResponseBody": "{\r\n  \"id\": \"/subscriptions/12053b8f-cab5-4f5c-9c1a-870580142abd/resourceGroups/rgtest9921232812/providers/Microsoft.DocumentDB/databaseAccounts/cosmosdb9921232812/sqlDatabases/dbName3/throughputSettings/default\",\r\n  \"type\": \"Microsoft.DocumentDB/databaseAccounts/sqlDatabases/throughputSettings\",\r\n  \"name\": \"OO3E\",\r\n  \"properties\": {\r\n    \"resource\": {\r\n      \"throughput\": 1000,\r\n      \"minimumThroughput\": \"400\"\r\n    }\r\n  }\r\n}",
      "StatusCode": 200
    },
    {
      "RequestUri": "/subscriptions/12053b8f-cab5-4f5c-9c1a-870580142abd/resourceGroups/rgtest9921232812/providers/Microsoft.DocumentDB/databaseAccounts/cosmosdb9921232812/sqlDatabases/dbName3/throughputSettings/default?api-version=2020-03-01",
      "EncodedRequestUri": "L3N1YnNjcmlwdGlvbnMvMTIwNTNiOGYtY2FiNS00ZjVjLTljMWEtODcwNTgwMTQyYWJkL3Jlc291cmNlR3JvdXBzL3JndGVzdDk5MjEyMzI4MTIvcHJvdmlkZXJzL01pY3Jvc29mdC5Eb2N1bWVudERCL2RhdGFiYXNlQWNjb3VudHMvY29zbW9zZGI5OTIxMjMyODEyL3NxbERhdGFiYXNlcy9kYk5hbWUzL3Rocm91Z2hwdXRTZXR0aW5ncy9kZWZhdWx0P2FwaS12ZXJzaW9uPTIwMjAtMDMtMDE=",
      "RequestMethod": "GET",
      "RequestBody": "",
      "RequestHeaders": {
        "User-Agent": [
          "FxVersion/4.6.28516.03",
          "OSName/Windows",
          "OSVersion/Microsoft.Windows.10.0.18363.",
          "Microsoft.Azure.Management.CosmosDB.CosmosDBManagementClient/1.1.0.0"
        ]
      },
      "ResponseHeaders": {
        "Cache-Control": [
          "no-store, no-cache"
        ],
        "Pragma": [
          "no-cache"
        ],
        "Strict-Transport-Security": [
          "max-age=31536000; includeSubDomains"
        ],
        "x-ms-gatewayversion": [
          "version=2.10.0"
        ],
        "Server": [
          "Microsoft-HTTPAPI/2.0"
        ],
        "x-ms-ratelimit-remaining-subscription-reads": [
          "11982"
        ],
        "x-ms-request-id": [
          "756b9140-df2d-4004-9553-f2da5908b13b"
        ],
        "x-ms-correlation-request-id": [
          "756b9140-df2d-4004-9553-f2da5908b13b"
        ],
        "x-ms-routing-request-id": [
          "WESTUS:20200415T032510Z:756b9140-df2d-4004-9553-f2da5908b13b"
        ],
        "X-Content-Type-Options": [
          "nosniff"
        ],
        "Date": [
          "Wed, 15 Apr 2020 03:25:10 GMT"
        ],
        "Content-Length": [
          "371"
        ],
        "Content-Type": [
          "application/json"
        ],
        "Content-Location": [
          "https://management.documents.azure.com:450/subscriptions/12053b8f-cab5-4f5c-9c1a-870580142abd/resourceGroups/rgtest9921232812/providers/Microsoft.DocumentDB/databaseAccounts/cosmosdb9921232812/sqlDatabases/dbName3/throughputSettings/default?api-version=2020-03-01"
        ]
      },
      "ResponseBody": "{\r\n  \"id\": \"/subscriptions/12053b8f-cab5-4f5c-9c1a-870580142abd/resourceGroups/rgtest9921232812/providers/Microsoft.DocumentDB/databaseAccounts/cosmosdb9921232812/sqlDatabases/dbName3/throughputSettings/default\",\r\n  \"type\": \"Microsoft.DocumentDB/databaseAccounts/sqlDatabases/throughputSettings\",\r\n  \"name\": \"OO3E\",\r\n  \"properties\": {\r\n    \"resource\": {\r\n      \"throughput\": 900,\r\n      \"minimumThroughput\": \"400\"\r\n    }\r\n  }\r\n}",
      "StatusCode": 200
    },
    {
      "RequestUri": "/subscriptions/12053b8f-cab5-4f5c-9c1a-870580142abd/resourceGroups/rgtest9921232812/providers/Microsoft.DocumentDB/databaseAccounts/cosmosdb9921232812/sqlDatabases/dbName3/throughputSettings/default?api-version=2020-03-01",
      "EncodedRequestUri": "L3N1YnNjcmlwdGlvbnMvMTIwNTNiOGYtY2FiNS00ZjVjLTljMWEtODcwNTgwMTQyYWJkL3Jlc291cmNlR3JvdXBzL3JndGVzdDk5MjEyMzI4MTIvcHJvdmlkZXJzL01pY3Jvc29mdC5Eb2N1bWVudERCL2RhdGFiYXNlQWNjb3VudHMvY29zbW9zZGI5OTIxMjMyODEyL3NxbERhdGFiYXNlcy9kYk5hbWUzL3Rocm91Z2hwdXRTZXR0aW5ncy9kZWZhdWx0P2FwaS12ZXJzaW9uPTIwMjAtMDMtMDE=",
      "RequestMethod": "PUT",
      "RequestBody": "{\r\n  \"properties\": {\r\n    \"resource\": {\r\n      \"throughput\": 1100\r\n    }\r\n  }\r\n}",
      "RequestHeaders": {
        "x-ms-client-request-id": [
          "dc3b27d2-56bc-4b3e-be71-2f964fc790d9"
        ],
        "Accept-Language": [
          "en-US"
        ],
        "User-Agent": [
          "FxVersion/4.6.28516.03",
          "OSName/Windows",
          "OSVersion/Microsoft.Windows.10.0.18363.",
          "Microsoft.Azure.Management.CosmosDB.CosmosDBManagementClient/1.1.0.0"
        ],
        "Content-Type": [
          "application/json; charset=utf-8"
        ],
        "Content-Length": [
          "80"
        ]
      },
      "ResponseHeaders": {
        "Cache-Control": [
          "no-store, no-cache"
        ],
        "Pragma": [
          "no-cache"
        ],
        "Location": [
          "https://management.azure.com/subscriptions/12053b8f-cab5-4f5c-9c1a-870580142abd/resourceGroups/rgtest9921232812/providers/Microsoft.DocumentDB/databaseAccounts/cosmosdb9921232812/sqlDatabases/dbName3/throughputSettings/default/operationResults/7a270207-60ce-466d-be1f-8b251a8d5ad0?api-version=2020-03-01"
        ],
        "Azure-AsyncOperation": [
          "https://management.azure.com/subscriptions/12053b8f-cab5-4f5c-9c1a-870580142abd/providers/Microsoft.DocumentDB/locations/southcentralus/operationsStatus/7a270207-60ce-466d-be1f-8b251a8d5ad0?api-version=2020-03-01"
        ],
        "x-ms-request-id": [
          "7a270207-60ce-466d-be1f-8b251a8d5ad0"
        ],
        "Strict-Transport-Security": [
          "max-age=31536000; includeSubDomains"
        ],
        "x-ms-gatewayversion": [
          "version=2.10.0"
        ],
        "Server": [
          "Microsoft-HTTPAPI/2.0"
        ],
        "x-ms-ratelimit-remaining-subscription-writes": [
          "1198"
        ],
        "x-ms-correlation-request-id": [
          "2f96ceb0-190a-4bbd-a0d0-1afb3bf8da2b"
        ],
        "x-ms-routing-request-id": [
          "WESTUS:20200415T032306Z:2f96ceb0-190a-4bbd-a0d0-1afb3bf8da2b"
        ],
        "X-Content-Type-Options": [
          "nosniff"
        ],
        "Date": [
          "Wed, 15 Apr 2020 03:23:05 GMT"
        ],
        "Content-Length": [
          "21"
        ],
        "Content-Type": [
          "application/json"
        ],
        "Content-Location": [
          "https://management.documents.azure.com:450/subscriptions/12053b8f-cab5-4f5c-9c1a-870580142abd/resourceGroups/rgtest9921232812/providers/Microsoft.DocumentDB/databaseAccounts/cosmosdb9921232812/sqlDatabases/dbName3/throughputSettings/default?api-version=2020-03-01"
        ]
      },
      "ResponseBody": "{\r\n  \"status\": \"Enqueued\"\r\n}",
      "StatusCode": 202
    },
    {
      "RequestUri": "/subscriptions/12053b8f-cab5-4f5c-9c1a-870580142abd/resourceGroups/rgtest9921232812/providers/Microsoft.DocumentDB/databaseAccounts/cosmosdb9921232812/sqlDatabases/dbName3/throughputSettings/default?api-version=2020-03-01",
      "EncodedRequestUri": "L3N1YnNjcmlwdGlvbnMvMTIwNTNiOGYtY2FiNS00ZjVjLTljMWEtODcwNTgwMTQyYWJkL3Jlc291cmNlR3JvdXBzL3JndGVzdDk5MjEyMzI4MTIvcHJvdmlkZXJzL01pY3Jvc29mdC5Eb2N1bWVudERCL2RhdGFiYXNlQWNjb3VudHMvY29zbW9zZGI5OTIxMjMyODEyL3NxbERhdGFiYXNlcy9kYk5hbWUzL3Rocm91Z2hwdXRTZXR0aW5ncy9kZWZhdWx0P2FwaS12ZXJzaW9uPTIwMjAtMDMtMDE=",
      "RequestMethod": "PUT",
      "RequestBody": "{\r\n  \"properties\": {\r\n    \"resource\": {\r\n      \"throughput\": 1000\r\n    }\r\n  }\r\n}",
      "RequestHeaders": {
        "x-ms-client-request-id": [
          "253c2690-bed6-4770-ac2c-a18e23dfbd60"
        ],
        "Accept-Language": [
          "en-US"
        ],
        "User-Agent": [
          "FxVersion/4.6.28516.03",
          "OSName/Windows",
          "OSVersion/Microsoft.Windows.10.0.18363.",
          "Microsoft.Azure.Management.CosmosDB.CosmosDBManagementClient/1.1.0.0"
        ],
        "Content-Type": [
          "application/json; charset=utf-8"
        ],
        "Content-Length": [
          "80"
        ]
      },
      "ResponseHeaders": {
        "Cache-Control": [
          "no-store, no-cache"
        ],
        "Pragma": [
          "no-cache"
        ],
        "Location": [
          "https://management.azure.com/subscriptions/12053b8f-cab5-4f5c-9c1a-870580142abd/resourceGroups/rgtest9921232812/providers/Microsoft.DocumentDB/databaseAccounts/cosmosdb9921232812/sqlDatabases/dbName3/throughputSettings/default/operationResults/a437464d-c57a-446d-bddd-4baebe8c5d3c?api-version=2020-03-01"
        ],
        "Azure-AsyncOperation": [
          "https://management.azure.com/subscriptions/12053b8f-cab5-4f5c-9c1a-870580142abd/providers/Microsoft.DocumentDB/locations/southcentralus/operationsStatus/a437464d-c57a-446d-bddd-4baebe8c5d3c?api-version=2020-03-01"
        ],
        "x-ms-request-id": [
          "a437464d-c57a-446d-bddd-4baebe8c5d3c"
        ],
        "Strict-Transport-Security": [
          "max-age=31536000; includeSubDomains"
        ],
        "x-ms-gatewayversion": [
          "version=2.10.0"
        ],
        "Server": [
          "Microsoft-HTTPAPI/2.0"
        ],
        "x-ms-ratelimit-remaining-subscription-writes": [
          "1197"
        ],
        "x-ms-correlation-request-id": [
          "1fb266e1-3f34-4d49-aa84-84d55b705dde"
        ],
        "x-ms-routing-request-id": [
          "WESTUS:20200415T032408Z:1fb266e1-3f34-4d49-aa84-84d55b705dde"
        ],
        "X-Content-Type-Options": [
          "nosniff"
        ],
        "Date": [
          "Wed, 15 Apr 2020 03:24:08 GMT"
        ],
        "Content-Length": [
          "21"
        ],
        "Content-Type": [
          "application/json"
        ],
        "Content-Location": [
          "https://management.documents.azure.com:450/subscriptions/12053b8f-cab5-4f5c-9c1a-870580142abd/resourceGroups/rgtest9921232812/providers/Microsoft.DocumentDB/databaseAccounts/cosmosdb9921232812/sqlDatabases/dbName3/throughputSettings/default?api-version=2020-03-01"
        ]
      },
      "ResponseBody": "{\r\n  \"status\": \"Enqueued\"\r\n}",
      "StatusCode": 202
    },
    {
      "RequestUri": "/subscriptions/12053b8f-cab5-4f5c-9c1a-870580142abd/resourceGroups/rgtest9921232812/providers/Microsoft.DocumentDB/databaseAccounts/cosmosdb9921232812/sqlDatabases/dbName3/throughputSettings/default?api-version=2020-03-01",
      "EncodedRequestUri": "L3N1YnNjcmlwdGlvbnMvMTIwNTNiOGYtY2FiNS00ZjVjLTljMWEtODcwNTgwMTQyYWJkL3Jlc291cmNlR3JvdXBzL3JndGVzdDk5MjEyMzI4MTIvcHJvdmlkZXJzL01pY3Jvc29mdC5Eb2N1bWVudERCL2RhdGFiYXNlQWNjb3VudHMvY29zbW9zZGI5OTIxMjMyODEyL3NxbERhdGFiYXNlcy9kYk5hbWUzL3Rocm91Z2hwdXRTZXR0aW5ncy9kZWZhdWx0P2FwaS12ZXJzaW9uPTIwMjAtMDMtMDE=",
      "RequestMethod": "PUT",
      "RequestBody": "{\r\n  \"properties\": {\r\n    \"resource\": {\r\n      \"throughput\": 900\r\n    }\r\n  }\r\n}",
      "RequestHeaders": {
        "x-ms-client-request-id": [
          "2aaad831-9560-42e1-9ad9-2c452c5fa5cd"
        ],
        "Accept-Language": [
          "en-US"
        ],
        "User-Agent": [
          "FxVersion/4.6.28516.03",
          "OSName/Windows",
          "OSVersion/Microsoft.Windows.10.0.18363.",
          "Microsoft.Azure.Management.CosmosDB.CosmosDBManagementClient/1.1.0.0"
        ],
        "Content-Type": [
          "application/json; charset=utf-8"
        ],
        "Content-Length": [
          "79"
        ]
      },
      "ResponseHeaders": {
        "Cache-Control": [
          "no-store, no-cache"
        ],
        "Pragma": [
          "no-cache"
        ],
        "Location": [
          "https://management.azure.com/subscriptions/12053b8f-cab5-4f5c-9c1a-870580142abd/resourceGroups/rgtest9921232812/providers/Microsoft.DocumentDB/databaseAccounts/cosmosdb9921232812/sqlDatabases/dbName3/throughputSettings/default/operationResults/6ddf5074-74a5-4736-aa0a-a1aa922290f5?api-version=2020-03-01"
        ],
        "Azure-AsyncOperation": [
          "https://management.azure.com/subscriptions/12053b8f-cab5-4f5c-9c1a-870580142abd/providers/Microsoft.DocumentDB/locations/southcentralus/operationsStatus/6ddf5074-74a5-4736-aa0a-a1aa922290f5?api-version=2020-03-01"
        ],
        "x-ms-request-id": [
          "6ddf5074-74a5-4736-aa0a-a1aa922290f5"
        ],
        "Strict-Transport-Security": [
          "max-age=31536000; includeSubDomains"
        ],
        "x-ms-gatewayversion": [
          "version=2.10.0"
        ],
        "Server": [
          "Microsoft-HTTPAPI/2.0"
        ],
        "x-ms-ratelimit-remaining-subscription-writes": [
          "1196"
        ],
        "x-ms-correlation-request-id": [
          "2c46b556-6614-43bf-80c3-587965014464"
        ],
        "x-ms-routing-request-id": [
          "WESTUS:20200415T032440Z:2c46b556-6614-43bf-80c3-587965014464"
        ],
        "X-Content-Type-Options": [
          "nosniff"
        ],
        "Date": [
          "Wed, 15 Apr 2020 03:24:39 GMT"
        ],
        "Content-Length": [
          "21"
        ],
        "Content-Type": [
          "application/json"
        ],
        "Content-Location": [
          "https://management.documents.azure.com:450/subscriptions/12053b8f-cab5-4f5c-9c1a-870580142abd/resourceGroups/rgtest9921232812/providers/Microsoft.DocumentDB/databaseAccounts/cosmosdb9921232812/sqlDatabases/dbName3/throughputSettings/default?api-version=2020-03-01"
        ]
      },
      "ResponseBody": "{\r\n  \"status\": \"Enqueued\"\r\n}",
      "StatusCode": 202
    },
    {
      "RequestUri": "/subscriptions/12053b8f-cab5-4f5c-9c1a-870580142abd/providers/Microsoft.DocumentDB/locations/southcentralus/operationsStatus/7a270207-60ce-466d-be1f-8b251a8d5ad0?api-version=2020-03-01",
      "EncodedRequestUri": "L3N1YnNjcmlwdGlvbnMvMTIwNTNiOGYtY2FiNS00ZjVjLTljMWEtODcwNTgwMTQyYWJkL3Byb3ZpZGVycy9NaWNyb3NvZnQuRG9jdW1lbnREQi9sb2NhdGlvbnMvc291dGhjZW50cmFsdXMvb3BlcmF0aW9uc1N0YXR1cy83YTI3MDIwNy02MGNlLTQ2NmQtYmUxZi04YjI1MWE4ZDVhZDA/YXBpLXZlcnNpb249MjAyMC0wMy0wMQ==",
      "RequestMethod": "GET",
      "RequestBody": "",
      "RequestHeaders": {
        "User-Agent": [
          "FxVersion/4.6.28516.03",
          "OSName/Windows",
          "OSVersion/Microsoft.Windows.10.0.18363.",
          "Microsoft.Azure.Management.CosmosDB.CosmosDBManagementClient/1.1.0.0"
        ]
      },
      "ResponseHeaders": {
        "Cache-Control": [
          "no-store, no-cache"
        ],
        "Pragma": [
          "no-cache"
        ],
        "Strict-Transport-Security": [
          "max-age=31536000; includeSubDomains"
        ],
        "x-ms-gatewayversion": [
          "version=2.10.0"
        ],
        "Server": [
          "Microsoft-HTTPAPI/2.0"
        ],
        "x-ms-ratelimit-remaining-subscription-reads": [
          "11989"
        ],
        "x-ms-request-id": [
          "1055e250-abff-4408-b9f1-048588e1df69"
        ],
        "x-ms-correlation-request-id": [
          "1055e250-abff-4408-b9f1-048588e1df69"
        ],
        "x-ms-routing-request-id": [
          "WESTUS:20200415T032336Z:1055e250-abff-4408-b9f1-048588e1df69"
        ],
        "X-Content-Type-Options": [
          "nosniff"
        ],
        "Date": [
          "Wed, 15 Apr 2020 03:23:35 GMT"
        ],
        "Content-Length": [
          "21"
        ],
        "Content-Type": [
          "application/json"
        ],
        "Content-Location": [
          "https://management.documents.azure.com:450/subscriptions/12053b8f-cab5-4f5c-9c1a-870580142abd/providers/Microsoft.DocumentDB/locations/southcentralus/operationsStatus/7a270207-60ce-466d-be1f-8b251a8d5ad0?api-version=2020-03-01"
        ]
      },
      "ResponseBody": "{\r\n  \"status\": \"Enqueued\"\r\n}",
      "StatusCode": 200
    },
    {
      "RequestUri": "/subscriptions/12053b8f-cab5-4f5c-9c1a-870580142abd/providers/Microsoft.DocumentDB/locations/southcentralus/operationsStatus/7a270207-60ce-466d-be1f-8b251a8d5ad0?api-version=2020-03-01",
      "EncodedRequestUri": "L3N1YnNjcmlwdGlvbnMvMTIwNTNiOGYtY2FiNS00ZjVjLTljMWEtODcwNTgwMTQyYWJkL3Byb3ZpZGVycy9NaWNyb3NvZnQuRG9jdW1lbnREQi9sb2NhdGlvbnMvc291dGhjZW50cmFsdXMvb3BlcmF0aW9uc1N0YXR1cy83YTI3MDIwNy02MGNlLTQ2NmQtYmUxZi04YjI1MWE4ZDVhZDA/YXBpLXZlcnNpb249MjAyMC0wMy0wMQ==",
      "RequestMethod": "GET",
      "RequestBody": "",
      "RequestHeaders": {
        "User-Agent": [
          "FxVersion/4.6.28516.03",
          "OSName/Windows",
          "OSVersion/Microsoft.Windows.10.0.18363.",
          "Microsoft.Azure.Management.CosmosDB.CosmosDBManagementClient/1.1.0.0"
        ]
      },
      "ResponseHeaders": {
        "Cache-Control": [
          "no-store, no-cache"
        ],
        "Pragma": [
          "no-cache"
        ],
        "Strict-Transport-Security": [
          "max-age=31536000; includeSubDomains"
        ],
        "x-ms-gatewayversion": [
          "version=2.10.0"
        ],
        "Server": [
          "Microsoft-HTTPAPI/2.0"
        ],
        "x-ms-ratelimit-remaining-subscription-reads": [
          "11988"
        ],
        "x-ms-request-id": [
          "e1b26822-659d-4f9a-912c-4491894ff031"
        ],
        "x-ms-correlation-request-id": [
          "e1b26822-659d-4f9a-912c-4491894ff031"
        ],
        "x-ms-routing-request-id": [
          "WESTUS:20200415T032407Z:e1b26822-659d-4f9a-912c-4491894ff031"
        ],
        "X-Content-Type-Options": [
          "nosniff"
        ],
        "Date": [
          "Wed, 15 Apr 2020 03:24:07 GMT"
        ],
        "Content-Length": [
          "22"
        ],
        "Content-Type": [
          "application/json"
        ],
        "Content-Location": [
          "https://management.documents.azure.com:450/subscriptions/12053b8f-cab5-4f5c-9c1a-870580142abd/providers/Microsoft.DocumentDB/locations/southcentralus/operationsStatus/7a270207-60ce-466d-be1f-8b251a8d5ad0?api-version=2020-03-01"
        ]
      },
      "ResponseBody": "{\r\n  \"status\": \"Succeeded\"\r\n}",
      "StatusCode": 200
    },
    {
      "RequestUri": "/subscriptions/12053b8f-cab5-4f5c-9c1a-870580142abd/providers/Microsoft.DocumentDB/locations/southcentralus/operationsStatus/a437464d-c57a-446d-bddd-4baebe8c5d3c?api-version=2020-03-01",
      "EncodedRequestUri": "L3N1YnNjcmlwdGlvbnMvMTIwNTNiOGYtY2FiNS00ZjVjLTljMWEtODcwNTgwMTQyYWJkL3Byb3ZpZGVycy9NaWNyb3NvZnQuRG9jdW1lbnREQi9sb2NhdGlvbnMvc291dGhjZW50cmFsdXMvb3BlcmF0aW9uc1N0YXR1cy9hNDM3NDY0ZC1jNTdhLTQ0NmQtYmRkZC00YmFlYmU4YzVkM2M/YXBpLXZlcnNpb249MjAyMC0wMy0wMQ==",
      "RequestMethod": "GET",
      "RequestBody": "",
      "RequestHeaders": {
        "User-Agent": [
          "FxVersion/4.6.28516.03",
          "OSName/Windows",
          "OSVersion/Microsoft.Windows.10.0.18363.",
          "Microsoft.Azure.Management.CosmosDB.CosmosDBManagementClient/1.1.0.0"
        ]
      },
      "ResponseHeaders": {
        "Cache-Control": [
          "no-store, no-cache"
        ],
        "Pragma": [
          "no-cache"
        ],
        "Strict-Transport-Security": [
          "max-age=31536000; includeSubDomains"
        ],
        "x-ms-gatewayversion": [
          "version=2.10.0"
        ],
        "Server": [
          "Microsoft-HTTPAPI/2.0"
        ],
        "x-ms-ratelimit-remaining-subscription-reads": [
          "11986"
        ],
        "x-ms-request-id": [
          "90376580-e35b-47f9-bd3a-d68e728e7da0"
        ],
        "x-ms-correlation-request-id": [
          "90376580-e35b-47f9-bd3a-d68e728e7da0"
        ],
        "x-ms-routing-request-id": [
          "WESTUS:20200415T032438Z:90376580-e35b-47f9-bd3a-d68e728e7da0"
        ],
        "X-Content-Type-Options": [
          "nosniff"
        ],
        "Date": [
          "Wed, 15 Apr 2020 03:24:38 GMT"
        ],
        "Content-Length": [
          "22"
        ],
        "Content-Type": [
          "application/json"
        ],
        "Content-Location": [
          "https://management.documents.azure.com:450/subscriptions/12053b8f-cab5-4f5c-9c1a-870580142abd/providers/Microsoft.DocumentDB/locations/southcentralus/operationsStatus/a437464d-c57a-446d-bddd-4baebe8c5d3c?api-version=2020-03-01"
        ]
      },
      "ResponseBody": "{\r\n  \"status\": \"Succeeded\"\r\n}",
      "StatusCode": 200
    },
    {
      "RequestUri": "/subscriptions/12053b8f-cab5-4f5c-9c1a-870580142abd/resourceGroups/rgtest9921232812/providers/Microsoft.DocumentDB/databaseAccounts/cosmosdb9921232812?api-version=2020-03-01",
      "EncodedRequestUri": "L3N1YnNjcmlwdGlvbnMvMTIwNTNiOGYtY2FiNS00ZjVjLTljMWEtODcwNTgwMTQyYWJkL3Jlc291cmNlR3JvdXBzL3JndGVzdDk5MjEyMzI4MTIvcHJvdmlkZXJzL01pY3Jvc29mdC5Eb2N1bWVudERCL2RhdGFiYXNlQWNjb3VudHMvY29zbW9zZGI5OTIxMjMyODEyP2FwaS12ZXJzaW9uPTIwMjAtMDMtMDE=",
      "RequestMethod": "GET",
      "RequestBody": "",
      "RequestHeaders": {
        "x-ms-client-request-id": [
          "59c86dd7-bb30-4a73-be3e-f18d6ef82ef3"
        ],
        "Accept-Language": [
          "en-US"
        ],
        "User-Agent": [
          "FxVersion/4.6.28516.03",
          "OSName/Windows",
          "OSVersion/Microsoft.Windows.10.0.18363.",
          "Microsoft.Azure.Management.CosmosDB.CosmosDBManagementClient/1.1.0.0"
        ]
      },
      "ResponseHeaders": {
        "Cache-Control": [
          "no-store, no-cache"
        ],
        "Pragma": [
          "no-cache"
        ],
        "Strict-Transport-Security": [
          "max-age=31536000; includeSubDomains"
        ],
        "x-ms-gatewayversion": [
          "version=2.10.0"
        ],
        "Server": [
          "Microsoft-HTTPAPI/2.0"
        ],
        "x-ms-ratelimit-remaining-subscription-reads": [
          "11984"
        ],
        "x-ms-request-id": [
          "cfd6847b-4b9e-4caf-967c-cda2bcd8804d"
        ],
        "x-ms-correlation-request-id": [
          "cfd6847b-4b9e-4caf-967c-cda2bcd8804d"
        ],
        "x-ms-routing-request-id": [
          "WESTUS:20200415T032439Z:cfd6847b-4b9e-4caf-967c-cda2bcd8804d"
        ],
        "X-Content-Type-Options": [
          "nosniff"
        ],
        "Date": [
          "Wed, 15 Apr 2020 03:24:39 GMT"
        ],
        "Content-Length": [
          "2030"
        ],
        "Content-Type": [
          "application/json"
        ],
        "Content-Location": [
          "https://management.documents.azure.com:450/subscriptions/12053b8f-cab5-4f5c-9c1a-870580142abd/resourceGroups/rgtest9921232812/providers/Microsoft.DocumentDB/databaseAccounts/cosmosdb9921232812?api-version=2020-03-01"
        ]
      },
      "ResponseBody": "{\r\n  \"id\": \"/subscriptions/12053b8f-cab5-4f5c-9c1a-870580142abd/resourceGroups/rgtest9921232812/providers/Microsoft.DocumentDB/databaseAccounts/cosmosdb9921232812\",\r\n  \"name\": \"cosmosdb9921232812\",\r\n  \"location\": \"South Central US\",\r\n  \"type\": \"Microsoft.DocumentDB/databaseAccounts\",\r\n  \"kind\": \"GlobalDocumentDB\",\r\n  \"tags\": {\r\n    \"defaultExperience\": \"Core (SQL)\",\r\n    \"hidden-cosmos-mmspecial\": \"\",\r\n    \"CosmosAccountType\": \"Non-Production\"\r\n  },\r\n  \"properties\": {\r\n    \"provisioningState\": \"Succeeded\",\r\n    \"documentEndpoint\": \"https://cosmosdb9921232812.documents.azure.com:443/\",\r\n    \"ipRangeFilter\": \"\",\r\n    \"publicNetworkAccess\": \"Enabled\",\r\n    \"enableAutomaticFailover\": false,\r\n    \"enableMultipleWriteLocations\": false,\r\n    \"enablePartitionKeyMonitor\": false,\r\n    \"isVirtualNetworkFilterEnabled\": false,\r\n    \"virtualNetworkRules\": [],\r\n    \"EnabledApiTypes\": \"Sql\",\r\n    \"disableKeyBasedMetadataWriteAccess\": false,\r\n    \"enableFreeTier\": false,\r\n    \"apiProperties\": null,\r\n    \"databaseAccountOfferType\": \"Standard\",\r\n    \"enableCassandraConnector\": false,\r\n    \"connectorOffer\": \"\",\r\n    \"consistencyPolicy\": {\r\n      \"defaultConsistencyLevel\": \"Session\",\r\n      \"maxIntervalInSeconds\": 5,\r\n      \"maxStalenessPrefix\": 100\r\n    },\r\n    \"configurationOverrides\": {},\r\n    \"writeLocations\": [\r\n      {\r\n        \"id\": \"cosmosdb9921232812-southcentralus\",\r\n        \"locationName\": \"South Central US\",\r\n        \"documentEndpoint\": \"https://cosmosdb9921232812-southcentralus.documents.azure.com:443/\",\r\n        \"provisioningState\": \"Succeeded\",\r\n        \"failoverPriority\": 0,\r\n        \"isZoneRedundant\": false\r\n      }\r\n    ],\r\n    \"readLocations\": [\r\n      {\r\n        \"id\": \"cosmosdb9921232812-southcentralus\",\r\n        \"locationName\": \"South Central US\",\r\n        \"documentEndpoint\": \"https://cosmosdb9921232812-southcentralus.documents.azure.com:443/\",\r\n        \"provisioningState\": \"Succeeded\",\r\n        \"failoverPriority\": 0,\r\n        \"isZoneRedundant\": false\r\n      }\r\n    ],\r\n    \"locations\": [\r\n      {\r\n        \"id\": \"cosmosdb9921232812-southcentralus\",\r\n        \"locationName\": \"South Central US\",\r\n        \"documentEndpoint\": \"https://cosmosdb9921232812-southcentralus.documents.azure.com:443/\",\r\n        \"provisioningState\": \"Succeeded\",\r\n        \"failoverPriority\": 0,\r\n        \"isZoneRedundant\": false\r\n      }\r\n    ],\r\n    \"failoverPolicies\": [\r\n      {\r\n        \"id\": \"cosmosdb9921232812-southcentralus\",\r\n        \"locationName\": \"South Central US\",\r\n        \"failoverPriority\": 0\r\n      }\r\n    ],\r\n    \"cors\": [],\r\n    \"capabilities\": [\r\n      {\r\n        \"name\": \"EnableStorageAnalytics\"\r\n      }\r\n    ]\r\n  }\r\n}",
      "StatusCode": 200
    },
    {
      "RequestUri": "/subscriptions/12053b8f-cab5-4f5c-9c1a-870580142abd/providers/Microsoft.DocumentDB/locations/southcentralus/operationsStatus/6ddf5074-74a5-4736-aa0a-a1aa922290f5?api-version=2020-03-01",
      "EncodedRequestUri": "L3N1YnNjcmlwdGlvbnMvMTIwNTNiOGYtY2FiNS00ZjVjLTljMWEtODcwNTgwMTQyYWJkL3Byb3ZpZGVycy9NaWNyb3NvZnQuRG9jdW1lbnREQi9sb2NhdGlvbnMvc291dGhjZW50cmFsdXMvb3BlcmF0aW9uc1N0YXR1cy82ZGRmNTA3NC03NGE1LTQ3MzYtYWEwYS1hMWFhOTIyMjkwZjU/YXBpLXZlcnNpb249MjAyMC0wMy0wMQ==",
      "RequestMethod": "GET",
      "RequestBody": "",
      "RequestHeaders": {
        "User-Agent": [
          "FxVersion/4.6.28516.03",
          "OSName/Windows",
          "OSVersion/Microsoft.Windows.10.0.18363.",
          "Microsoft.Azure.Management.CosmosDB.CosmosDBManagementClient/1.1.0.0"
        ]
      },
      "ResponseHeaders": {
        "Cache-Control": [
          "no-store, no-cache"
        ],
        "Pragma": [
          "no-cache"
        ],
        "Strict-Transport-Security": [
          "max-age=31536000; includeSubDomains"
        ],
        "x-ms-gatewayversion": [
          "version=2.10.0"
        ],
        "Server": [
          "Microsoft-HTTPAPI/2.0"
        ],
        "x-ms-ratelimit-remaining-subscription-reads": [
          "11983"
        ],
        "x-ms-request-id": [
          "a8b9eae0-e036-4196-ba16-239dafa34a5f"
        ],
        "x-ms-correlation-request-id": [
          "a8b9eae0-e036-4196-ba16-239dafa34a5f"
        ],
        "x-ms-routing-request-id": [
          "WESTUS:20200415T032510Z:a8b9eae0-e036-4196-ba16-239dafa34a5f"
        ],
        "X-Content-Type-Options": [
          "nosniff"
        ],
        "Date": [
          "Wed, 15 Apr 2020 03:25:09 GMT"
        ],
        "Content-Length": [
          "22"
        ],
        "Content-Type": [
          "application/json"
        ],
        "Content-Location": [
          "https://management.documents.azure.com:450/subscriptions/12053b8f-cab5-4f5c-9c1a-870580142abd/providers/Microsoft.DocumentDB/locations/southcentralus/operationsStatus/6ddf5074-74a5-4736-aa0a-a1aa922290f5?api-version=2020-03-01"
        ]
      },
      "ResponseBody": "{\r\n  \"status\": \"Succeeded\"\r\n}",
      "StatusCode": 200
    },
    {
      "RequestUri": "/subscriptions/12053b8f-cab5-4f5c-9c1a-870580142abd/resourceGroups/rgtest9921232812/providers/Microsoft.DocumentDB/databaseAccounts/cosmosdb9921232812/sqlDatabases/dbName3/containers/containerName?api-version=2020-03-01",
      "EncodedRequestUri": "L3N1YnNjcmlwdGlvbnMvMTIwNTNiOGYtY2FiNS00ZjVjLTljMWEtODcwNTgwMTQyYWJkL3Jlc291cmNlR3JvdXBzL3JndGVzdDk5MjEyMzI4MTIvcHJvdmlkZXJzL01pY3Jvc29mdC5Eb2N1bWVudERCL2RhdGFiYXNlQWNjb3VudHMvY29zbW9zZGI5OTIxMjMyODEyL3NxbERhdGFiYXNlcy9kYk5hbWUzL2NvbnRhaW5lcnMvY29udGFpbmVyTmFtZT9hcGktdmVyc2lvbj0yMDIwLTAzLTAx",
      "RequestMethod": "GET",
      "RequestBody": "",
      "RequestHeaders": {
        "x-ms-client-request-id": [
          "a1c5f4af-3919-4732-a6c6-a81811c25d9b"
        ],
        "Accept-Language": [
          "en-US"
        ],
        "User-Agent": [
          "FxVersion/4.6.28516.03",
          "OSName/Windows",
          "OSVersion/Microsoft.Windows.10.0.18363.",
          "Microsoft.Azure.Management.CosmosDB.CosmosDBManagementClient/1.1.0.0"
        ]
      },
      "ResponseHeaders": {
        "Cache-Control": [
          "no-store, no-cache"
        ],
        "Pragma": [
          "no-cache"
        ],
        "Strict-Transport-Security": [
          "max-age=31536000; includeSubDomains"
        ],
        "x-ms-gatewayversion": [
          "version=2.10.0"
        ],
        "Server": [
          "Microsoft-HTTPAPI/2.0"
        ],
        "x-ms-ratelimit-remaining-subscription-reads": [
          "11981"
        ],
        "x-ms-request-id": [
          "8d7a3253-432c-4114-8752-2b50451f47a8"
        ],
        "x-ms-correlation-request-id": [
          "8d7a3253-432c-4114-8752-2b50451f47a8"
        ],
        "x-ms-routing-request-id": [
          "WESTUS:20200415T032511Z:8d7a3253-432c-4114-8752-2b50451f47a8"
        ],
        "X-Content-Type-Options": [
          "nosniff"
        ],
        "Date": [
          "Wed, 15 Apr 2020 03:25:10 GMT"
        ],
        "Content-Length": [
          "1734"
        ],
        "Content-Type": [
          "application/json"
        ],
        "Content-Location": [
          "https://management.documents.azure.com:450/subscriptions/12053b8f-cab5-4f5c-9c1a-870580142abd/resourceGroups/rgtest9921232812/providers/Microsoft.DocumentDB/databaseAccounts/cosmosdb9921232812/sqlDatabases/dbName3/containers/containerName?api-version=2020-03-01"
        ]
      },
      "ResponseBody": "{\r\n  \"code\": \"NotFound\",\r\n  \"message\": \"Message: {\\\"code\\\":\\\"NotFound\\\",\\\"message\\\":\\\"Message: {\\\\\\\"Errors\\\\\\\":[\\\\\\\"Resource Not Found\\\\\\\"]}\\\\r\\\\nActivityId: a1c5f4af-3919-4732-a6c6-a81811c25d9b, Request URI: /apps/41c501ed-891d-41ee-a069-6e58fc9767b3/services/77cfc4e0-6254-4557-a083-ae8e227e15ca/partitions/dd1c6b6f-9dea-4ef2-a9c9-35aa7636d3df/replicas/132313800437325263s, RequestStats: \\\\r\\\\nRequestStartTime: 2020-04-15T03:25:11.1576529Z, RequestEndTime: 2020-04-15T03:25:11.1576529Z,  Number of regions attempted:1\\\\r\\\\nResponseTime: 2020-04-15T03:25:11.1576529Z, StoreResult: StorePhysicalAddress: rntbd://10.0.0.20:11300/apps/41c501ed-891d-41ee-a069-6e58fc9767b3/services/77cfc4e0-6254-4557-a083-ae8e227e15ca/partitions/dd1c6b6f-9dea-4ef2-a9c9-35aa7636d3df/replicas/132313800437325263s, LSN: 133, GlobalCommittedLsn: 133, PartitionKeyRangeId: , IsValid: True, StatusCode: 404, SubStatusCode: 0, RequestCharge: 1, ItemLSN: -1, SessionToken: -1#133, UsingLocalLSN: False, TransportException: null, ResourceType: Collection, OperationType: Read\\\\r\\\\nResponseTime: 2020-04-15T03:25:11.1576529Z, StoreResult: StorePhysicalAddress: rntbd://10.0.0.25:11000/apps/41c501ed-891d-41ee-a069-6e58fc9767b3/services/77cfc4e0-6254-4557-a083-ae8e227e15ca/partitions/dd1c6b6f-9dea-4ef2-a9c9-35aa7636d3df/replicas/132313747637784871s, LSN: 133, GlobalCommittedLsn: 133, PartitionKeyRangeId: , IsValid: True, StatusCode: 404, SubStatusCode: 0, RequestCharge: 1, ItemLSN: -1, SessionToken: -1#133, UsingLocalLSN: False, TransportException: null, ResourceType: Collection, OperationType: Read\\\\r\\\\n, SDK: Microsoft.Azure.Documents.Common/2.10.0\\\"}, Request URI: /dbs/dbName3/colls/containerName, RequestStats: , SDK: Microsoft.Azure.Documents.Common/2.10.0\"\r\n}",
      "StatusCode": 404
    },
    {
      "RequestUri": "/subscriptions/12053b8f-cab5-4f5c-9c1a-870580142abd/resourceGroups/rgtest9921232812/providers/Microsoft.DocumentDB/databaseAccounts/cosmosdb9921232812/sqlDatabases/dbName3/containers/containerName?api-version=2020-03-01",
      "EncodedRequestUri": "L3N1YnNjcmlwdGlvbnMvMTIwNTNiOGYtY2FiNS00ZjVjLTljMWEtODcwNTgwMTQyYWJkL3Jlc291cmNlR3JvdXBzL3JndGVzdDk5MjEyMzI4MTIvcHJvdmlkZXJzL01pY3Jvc29mdC5Eb2N1bWVudERCL2RhdGFiYXNlQWNjb3VudHMvY29zbW9zZGI5OTIxMjMyODEyL3NxbERhdGFiYXNlcy9kYk5hbWUzL2NvbnRhaW5lcnMvY29udGFpbmVyTmFtZT9hcGktdmVyc2lvbj0yMDIwLTAzLTAx",
      "RequestMethod": "GET",
      "RequestBody": "",
      "RequestHeaders": {
        "User-Agent": [
          "FxVersion/4.6.28516.03",
          "OSName/Windows",
          "OSVersion/Microsoft.Windows.10.0.18363.",
          "Microsoft.Azure.Management.CosmosDB.CosmosDBManagementClient/1.1.0.0"
        ]
      },
      "ResponseHeaders": {
        "Cache-Control": [
          "no-store, no-cache"
        ],
        "Pragma": [
          "no-cache"
        ],
        "Strict-Transport-Security": [
          "max-age=31536000; includeSubDomains"
        ],
        "x-ms-gatewayversion": [
          "version=2.10.0"
        ],
        "Server": [
          "Microsoft-HTTPAPI/2.0"
        ],
        "x-ms-ratelimit-remaining-subscription-reads": [
          "11979"
        ],
        "x-ms-request-id": [
          "c166eab3-b5c7-40c4-844c-4e2f353c745c"
        ],
        "x-ms-correlation-request-id": [
          "c166eab3-b5c7-40c4-844c-4e2f353c745c"
        ],
        "x-ms-routing-request-id": [
          "WESTUS:20200415T032542Z:c166eab3-b5c7-40c4-844c-4e2f353c745c"
        ],
        "X-Content-Type-Options": [
          "nosniff"
        ],
        "Date": [
          "Wed, 15 Apr 2020 03:25:42 GMT"
        ],
        "Content-Length": [
          "1043"
        ],
        "Content-Type": [
          "application/json"
        ],
        "Content-Location": [
          "https://management.documents.azure.com:450/subscriptions/12053b8f-cab5-4f5c-9c1a-870580142abd/resourceGroups/rgtest9921232812/providers/Microsoft.DocumentDB/databaseAccounts/cosmosdb9921232812/sqlDatabases/dbName3/containers/containerName?api-version=2020-03-01"
        ]
      },
      "ResponseBody": "{\r\n  \"id\": \"/subscriptions/12053b8f-cab5-4f5c-9c1a-870580142abd/resourceGroups/rgtest9921232812/providers/Microsoft.DocumentDB/databaseAccounts/cosmosdb9921232812/sqlDatabases/dbName3/containers/containerName\",\r\n  \"type\": \"Microsoft.DocumentDB/databaseAccounts/sqlDatabases/containers\",\r\n  \"name\": \"containerName\",\r\n  \"properties\": {\r\n    \"resource\": {\r\n      \"id\": \"containerName\",\r\n      \"indexingPolicy\": {\r\n        \"indexingMode\": \"consistent\",\r\n        \"automatic\": true,\r\n        \"includedPaths\": [\r\n          {\r\n            \"path\": \"/*\"\r\n          }\r\n        ],\r\n        \"excludedPaths\": [\r\n          {\r\n            \"path\": \"/\\\"_etag\\\"/?\"\r\n          }\r\n        ]\r\n      },\r\n      \"partitionKey\": {\r\n        \"paths\": [\r\n          \"/foo/bar\"\r\n        ],\r\n        \"kind\": \"Hash\"\r\n      },\r\n      \"uniqueKeyPolicy\": {\r\n        \"uniqueKeys\": []\r\n      },\r\n      \"conflictResolutionPolicy\": {\r\n        \"mode\": \"LastWriterWins\",\r\n        \"conflictResolutionPath\": \"/_ts\",\r\n        \"conflictResolutionProcedure\": \"\"\r\n      },\r\n      \"geospatialConfig\": {\r\n        \"type\": \"Geography\"\r\n      },\r\n      \"_rid\": \"hFM5AM9Fl+g=\",\r\n      \"_ts\": 1586921117,\r\n      \"_self\": \"dbs/hFM5AA==/colls/hFM5AM9Fl+g=/\",\r\n      \"_etag\": \"\\\"0000e965-0000-0500-0000-5e967e9d0000\\\"\",\r\n      \"_docs\": \"docs/\",\r\n      \"_sprocs\": \"sprocs/\",\r\n      \"_triggers\": \"triggers/\",\r\n      \"_udfs\": \"udfs/\",\r\n      \"_conflicts\": \"conflicts/\",\r\n      \"statistics\": [\r\n        {\r\n          \"id\": \"0\",\r\n          \"sizeInKB\": 0,\r\n          \"documentCount\": 0,\r\n          \"partitionKeys\": []\r\n        }\r\n      ]\r\n    }\r\n  }\r\n}",
      "StatusCode": 200
    },
    {
      "RequestUri": "/subscriptions/12053b8f-cab5-4f5c-9c1a-870580142abd/resourceGroups/rgtest9921232812/providers/Microsoft.DocumentDB/databaseAccounts/cosmosdb9921232812/sqlDatabases/dbName3/containers/containerName?api-version=2020-03-01",
      "EncodedRequestUri": "L3N1YnNjcmlwdGlvbnMvMTIwNTNiOGYtY2FiNS00ZjVjLTljMWEtODcwNTgwMTQyYWJkL3Jlc291cmNlR3JvdXBzL3JndGVzdDk5MjEyMzI4MTIvcHJvdmlkZXJzL01pY3Jvc29mdC5Eb2N1bWVudERCL2RhdGFiYXNlQWNjb3VudHMvY29zbW9zZGI5OTIxMjMyODEyL3NxbERhdGFiYXNlcy9kYk5hbWUzL2NvbnRhaW5lcnMvY29udGFpbmVyTmFtZT9hcGktdmVyc2lvbj0yMDIwLTAzLTAx",
      "RequestMethod": "PUT",
      "RequestBody": "{\r\n  \"properties\": {\r\n    \"resource\": {\r\n      \"id\": \"containerName\",\r\n      \"partitionKey\": {\r\n        \"paths\": [\r\n          \"/foo/bar\"\r\n        ],\r\n        \"kind\": \"Hash\"\r\n      }\r\n    },\r\n    \"options\": {\r\n      \"throughput\": \"800\"\r\n    }\r\n  }\r\n}",
      "RequestHeaders": {
        "x-ms-client-request-id": [
          "592f73a8-f3e8-463e-8e03-39b46929cb65"
        ],
        "Accept-Language": [
          "en-US"
        ],
        "User-Agent": [
          "FxVersion/4.6.28516.03",
          "OSName/Windows",
          "OSVersion/Microsoft.Windows.10.0.18363.",
          "Microsoft.Azure.Management.CosmosDB.CosmosDBManagementClient/1.1.0.0"
        ],
        "Content-Type": [
          "application/json; charset=utf-8"
        ],
        "Content-Length": [
          "249"
        ]
      },
      "ResponseHeaders": {
        "Cache-Control": [
          "no-store, no-cache"
        ],
        "Pragma": [
          "no-cache"
        ],
        "Location": [
          "https://management.azure.com/subscriptions/12053b8f-cab5-4f5c-9c1a-870580142abd/resourceGroups/rgtest9921232812/providers/Microsoft.DocumentDB/databaseAccounts/cosmosdb9921232812/sqlDatabases/dbName3/containers/containerName/operationResults/62c8ff46-9d0c-45be-872d-be35a37cd55c?api-version=2020-03-01"
        ],
        "Azure-AsyncOperation": [
          "https://management.azure.com/subscriptions/12053b8f-cab5-4f5c-9c1a-870580142abd/providers/Microsoft.DocumentDB/locations/southcentralus/operationsStatus/62c8ff46-9d0c-45be-872d-be35a37cd55c?api-version=2020-03-01"
        ],
        "x-ms-request-id": [
          "62c8ff46-9d0c-45be-872d-be35a37cd55c"
        ],
        "Strict-Transport-Security": [
          "max-age=31536000; includeSubDomains"
        ],
        "x-ms-gatewayversion": [
          "version=2.10.0"
        ],
        "Server": [
          "Microsoft-HTTPAPI/2.0"
        ],
        "x-ms-ratelimit-remaining-subscription-writes": [
          "1195"
        ],
        "x-ms-correlation-request-id": [
          "1be56721-e172-4ab0-bc0d-c16c6955dd29"
        ],
        "x-ms-routing-request-id": [
          "WESTUS:20200415T032511Z:1be56721-e172-4ab0-bc0d-c16c6955dd29"
        ],
        "X-Content-Type-Options": [
          "nosniff"
        ],
        "Date": [
          "Wed, 15 Apr 2020 03:25:11 GMT"
        ],
        "Content-Length": [
          "21"
        ],
        "Content-Type": [
          "application/json"
        ],
        "Content-Location": [
          "https://management.documents.azure.com:450/subscriptions/12053b8f-cab5-4f5c-9c1a-870580142abd/resourceGroups/rgtest9921232812/providers/Microsoft.DocumentDB/databaseAccounts/cosmosdb9921232812/sqlDatabases/dbName3/containers/containerName?api-version=2020-03-01"
        ]
      },
      "ResponseBody": "{\r\n  \"status\": \"Enqueued\"\r\n}",
      "StatusCode": 202
    },
    {
      "RequestUri": "/subscriptions/12053b8f-cab5-4f5c-9c1a-870580142abd/providers/Microsoft.DocumentDB/locations/southcentralus/operationsStatus/62c8ff46-9d0c-45be-872d-be35a37cd55c?api-version=2020-03-01",
      "EncodedRequestUri": "L3N1YnNjcmlwdGlvbnMvMTIwNTNiOGYtY2FiNS00ZjVjLTljMWEtODcwNTgwMTQyYWJkL3Byb3ZpZGVycy9NaWNyb3NvZnQuRG9jdW1lbnREQi9sb2NhdGlvbnMvc291dGhjZW50cmFsdXMvb3BlcmF0aW9uc1N0YXR1cy82MmM4ZmY0Ni05ZDBjLTQ1YmUtODcyZC1iZTM1YTM3Y2Q1NWM/YXBpLXZlcnNpb249MjAyMC0wMy0wMQ==",
      "RequestMethod": "GET",
      "RequestBody": "",
      "RequestHeaders": {
        "User-Agent": [
          "FxVersion/4.6.28516.03",
          "OSName/Windows",
          "OSVersion/Microsoft.Windows.10.0.18363.",
          "Microsoft.Azure.Management.CosmosDB.CosmosDBManagementClient/1.1.0.0"
        ]
      },
      "ResponseHeaders": {
        "Cache-Control": [
          "no-store, no-cache"
        ],
        "Pragma": [
          "no-cache"
        ],
        "Strict-Transport-Security": [
          "max-age=31536000; includeSubDomains"
        ],
        "x-ms-gatewayversion": [
          "version=2.10.0"
        ],
        "Server": [
          "Microsoft-HTTPAPI/2.0"
        ],
        "x-ms-ratelimit-remaining-subscription-reads": [
          "11980"
        ],
        "x-ms-request-id": [
          "1db829cb-e8e4-4be8-b5d0-e664917ea77b"
        ],
        "x-ms-correlation-request-id": [
          "1db829cb-e8e4-4be8-b5d0-e664917ea77b"
        ],
        "x-ms-routing-request-id": [
          "WESTUS:20200415T032542Z:1db829cb-e8e4-4be8-b5d0-e664917ea77b"
        ],
        "X-Content-Type-Options": [
          "nosniff"
        ],
        "Date": [
          "Wed, 15 Apr 2020 03:25:42 GMT"
        ],
        "Content-Length": [
          "22"
        ],
        "Content-Type": [
          "application/json"
        ],
        "Content-Location": [
          "https://management.documents.azure.com:450/subscriptions/12053b8f-cab5-4f5c-9c1a-870580142abd/providers/Microsoft.DocumentDB/locations/southcentralus/operationsStatus/62c8ff46-9d0c-45be-872d-be35a37cd55c?api-version=2020-03-01"
        ]
      },
      "ResponseBody": "{\r\n  \"status\": \"Succeeded\"\r\n}",
      "StatusCode": 200
    },
    {
      "RequestUri": "/subscriptions/12053b8f-cab5-4f5c-9c1a-870580142abd/resourceGroups/rgtest9921232812/providers/Microsoft.DocumentDB/databaseAccounts/cosmosdb9921232812/sqlDatabases/dbName3/containers/containerName/throughputSettings/default?api-version=2020-03-01",
      "EncodedRequestUri": "L3N1YnNjcmlwdGlvbnMvMTIwNTNiOGYtY2FiNS00ZjVjLTljMWEtODcwNTgwMTQyYWJkL3Jlc291cmNlR3JvdXBzL3JndGVzdDk5MjEyMzI4MTIvcHJvdmlkZXJzL01pY3Jvc29mdC5Eb2N1bWVudERCL2RhdGFiYXNlQWNjb3VudHMvY29zbW9zZGI5OTIxMjMyODEyL3NxbERhdGFiYXNlcy9kYk5hbWUzL2NvbnRhaW5lcnMvY29udGFpbmVyTmFtZS90aHJvdWdocHV0U2V0dGluZ3MvZGVmYXVsdD9hcGktdmVyc2lvbj0yMDIwLTAzLTAx",
      "RequestMethod": "GET",
      "RequestBody": "",
      "RequestHeaders": {
        "x-ms-client-request-id": [
          "d67edcbf-1ce3-4257-b62e-6ed2fb27a6ab"
        ],
        "Accept-Language": [
          "en-US"
        ],
        "User-Agent": [
          "FxVersion/4.6.28516.03",
          "OSName/Windows",
          "OSVersion/Microsoft.Windows.10.0.18363.",
          "Microsoft.Azure.Management.CosmosDB.CosmosDBManagementClient/1.1.0.0"
        ]
      },
      "ResponseHeaders": {
        "Cache-Control": [
          "no-store, no-cache"
        ],
        "Pragma": [
          "no-cache"
        ],
        "Strict-Transport-Security": [
          "max-age=31536000; includeSubDomains"
        ],
        "x-ms-gatewayversion": [
          "version=2.10.0"
        ],
        "Server": [
          "Microsoft-HTTPAPI/2.0"
        ],
        "x-ms-ratelimit-remaining-subscription-reads": [
          "11978"
        ],
        "x-ms-request-id": [
          "ffd2962b-16a8-46d3-9022-a1e7f34f8e92"
        ],
        "x-ms-correlation-request-id": [
          "ffd2962b-16a8-46d3-9022-a1e7f34f8e92"
        ],
        "x-ms-routing-request-id": [
          "WESTUS:20200415T032543Z:ffd2962b-16a8-46d3-9022-a1e7f34f8e92"
        ],
        "X-Content-Type-Options": [
          "nosniff"
        ],
        "Date": [
          "Wed, 15 Apr 2020 03:25:43 GMT"
        ],
        "Content-Length": [
          "407"
        ],
        "Content-Type": [
          "application/json"
        ],
        "Content-Location": [
          "https://management.documents.azure.com:450/subscriptions/12053b8f-cab5-4f5c-9c1a-870580142abd/resourceGroups/rgtest9921232812/providers/Microsoft.DocumentDB/databaseAccounts/cosmosdb9921232812/sqlDatabases/dbName3/containers/containerName/throughputSettings/default?api-version=2020-03-01"
        ]
      },
      "ResponseBody": "{\r\n  \"id\": \"/subscriptions/12053b8f-cab5-4f5c-9c1a-870580142abd/resourceGroups/rgtest9921232812/providers/Microsoft.DocumentDB/databaseAccounts/cosmosdb9921232812/sqlDatabases/dbName3/containers/containerName/throughputSettings/default\",\r\n  \"type\": \"Microsoft.DocumentDB/databaseAccounts/sqlDatabases/containers/throughputSettings\",\r\n  \"name\": \"Cdsf\",\r\n  \"properties\": {\r\n    \"resource\": {\r\n      \"throughput\": 800,\r\n      \"minimumThroughput\": \"400\"\r\n    }\r\n  }\r\n}",
      "StatusCode": 200
    },
    {
      "RequestUri": "/subscriptions/12053b8f-cab5-4f5c-9c1a-870580142abd/resourceGroups/rgtest9921232812/providers/Microsoft.DocumentDB/databaseAccounts/cosmosdb9921232812/sqlDatabases/dbName3/containers/containerName/throughputSettings/default?api-version=2020-03-01",
      "EncodedRequestUri": "L3N1YnNjcmlwdGlvbnMvMTIwNTNiOGYtY2FiNS00ZjVjLTljMWEtODcwNTgwMTQyYWJkL3Jlc291cmNlR3JvdXBzL3JndGVzdDk5MjEyMzI4MTIvcHJvdmlkZXJzL01pY3Jvc29mdC5Eb2N1bWVudERCL2RhdGFiYXNlQWNjb3VudHMvY29zbW9zZGI5OTIxMjMyODEyL3NxbERhdGFiYXNlcy9kYk5hbWUzL2NvbnRhaW5lcnMvY29udGFpbmVyTmFtZS90aHJvdWdocHV0U2V0dGluZ3MvZGVmYXVsdD9hcGktdmVyc2lvbj0yMDIwLTAzLTAx",
      "RequestMethod": "GET",
      "RequestBody": "",
      "RequestHeaders": {
        "User-Agent": [
          "FxVersion/4.6.28516.03",
          "OSName/Windows",
          "OSVersion/Microsoft.Windows.10.0.18363.",
          "Microsoft.Azure.Management.CosmosDB.CosmosDBManagementClient/1.1.0.0"
        ]
      },
      "ResponseHeaders": {
        "Cache-Control": [
          "no-store, no-cache"
        ],
        "Pragma": [
          "no-cache"
        ],
        "Strict-Transport-Security": [
          "max-age=31536000; includeSubDomains"
        ],
        "x-ms-gatewayversion": [
          "version=2.10.0"
        ],
        "Server": [
          "Microsoft-HTTPAPI/2.0"
        ],
        "x-ms-ratelimit-remaining-subscription-reads": [
          "11976"
        ],
        "x-ms-request-id": [
          "0a45c3bd-94af-44ff-8be6-7ebf6dbefcee"
        ],
        "x-ms-correlation-request-id": [
          "0a45c3bd-94af-44ff-8be6-7ebf6dbefcee"
        ],
        "x-ms-routing-request-id": [
          "WESTUS:20200415T032615Z:0a45c3bd-94af-44ff-8be6-7ebf6dbefcee"
        ],
        "X-Content-Type-Options": [
          "nosniff"
        ],
        "Date": [
          "Wed, 15 Apr 2020 03:26:14 GMT"
        ],
        "Content-Length": [
          "407"
        ],
        "Content-Type": [
          "application/json"
        ],
        "Content-Location": [
          "https://management.documents.azure.com:450/subscriptions/12053b8f-cab5-4f5c-9c1a-870580142abd/resourceGroups/rgtest9921232812/providers/Microsoft.DocumentDB/databaseAccounts/cosmosdb9921232812/sqlDatabases/dbName3/containers/containerName/throughputSettings/default?api-version=2020-03-01"
        ]
      },
      "ResponseBody": "{\r\n  \"id\": \"/subscriptions/12053b8f-cab5-4f5c-9c1a-870580142abd/resourceGroups/rgtest9921232812/providers/Microsoft.DocumentDB/databaseAccounts/cosmosdb9921232812/sqlDatabases/dbName3/containers/containerName/throughputSettings/default\",\r\n  \"type\": \"Microsoft.DocumentDB/databaseAccounts/sqlDatabases/containers/throughputSettings\",\r\n  \"name\": \"Cdsf\",\r\n  \"properties\": {\r\n    \"resource\": {\r\n      \"throughput\": 700,\r\n      \"minimumThroughput\": \"400\"\r\n    }\r\n  }\r\n}",
      "StatusCode": 200
    },
    {
      "RequestUri": "/subscriptions/12053b8f-cab5-4f5c-9c1a-870580142abd/resourceGroups/rgtest9921232812/providers/Microsoft.DocumentDB/databaseAccounts/cosmosdb9921232812/sqlDatabases/dbName3/containers/containerName/throughputSettings/default?api-version=2020-03-01",
      "EncodedRequestUri": "L3N1YnNjcmlwdGlvbnMvMTIwNTNiOGYtY2FiNS00ZjVjLTljMWEtODcwNTgwMTQyYWJkL3Jlc291cmNlR3JvdXBzL3JndGVzdDk5MjEyMzI4MTIvcHJvdmlkZXJzL01pY3Jvc29mdC5Eb2N1bWVudERCL2RhdGFiYXNlQWNjb3VudHMvY29zbW9zZGI5OTIxMjMyODEyL3NxbERhdGFiYXNlcy9kYk5hbWUzL2NvbnRhaW5lcnMvY29udGFpbmVyTmFtZS90aHJvdWdocHV0U2V0dGluZ3MvZGVmYXVsdD9hcGktdmVyc2lvbj0yMDIwLTAzLTAx",
      "RequestMethod": "GET",
      "RequestBody": "",
      "RequestHeaders": {
        "User-Agent": [
          "FxVersion/4.6.28516.03",
          "OSName/Windows",
          "OSVersion/Microsoft.Windows.10.0.18363.",
          "Microsoft.Azure.Management.CosmosDB.CosmosDBManagementClient/1.1.0.0"
        ]
      },
      "ResponseHeaders": {
        "Cache-Control": [
          "no-store, no-cache"
        ],
        "Pragma": [
          "no-cache"
        ],
        "Strict-Transport-Security": [
          "max-age=31536000; includeSubDomains"
        ],
        "x-ms-gatewayversion": [
          "version=2.10.0"
        ],
        "Server": [
          "Microsoft-HTTPAPI/2.0"
        ],
        "x-ms-ratelimit-remaining-subscription-reads": [
          "11974"
        ],
        "x-ms-request-id": [
          "153d0b5d-ff2d-41f5-9968-f9804ee136ed"
        ],
        "x-ms-correlation-request-id": [
          "153d0b5d-ff2d-41f5-9968-f9804ee136ed"
        ],
        "x-ms-routing-request-id": [
          "WESTUS:20200415T032646Z:153d0b5d-ff2d-41f5-9968-f9804ee136ed"
        ],
        "X-Content-Type-Options": [
          "nosniff"
        ],
        "Date": [
          "Wed, 15 Apr 2020 03:26:46 GMT"
        ],
        "Content-Length": [
          "407"
        ],
        "Content-Type": [
          "application/json"
        ],
        "Content-Location": [
          "https://management.documents.azure.com:450/subscriptions/12053b8f-cab5-4f5c-9c1a-870580142abd/resourceGroups/rgtest9921232812/providers/Microsoft.DocumentDB/databaseAccounts/cosmosdb9921232812/sqlDatabases/dbName3/containers/containerName/throughputSettings/default?api-version=2020-03-01"
        ]
      },
      "ResponseBody": "{\r\n  \"id\": \"/subscriptions/12053b8f-cab5-4f5c-9c1a-870580142abd/resourceGroups/rgtest9921232812/providers/Microsoft.DocumentDB/databaseAccounts/cosmosdb9921232812/sqlDatabases/dbName3/containers/containerName/throughputSettings/default\",\r\n  \"type\": \"Microsoft.DocumentDB/databaseAccounts/sqlDatabases/containers/throughputSettings\",\r\n  \"name\": \"Cdsf\",\r\n  \"properties\": {\r\n    \"resource\": {\r\n      \"throughput\": 600,\r\n      \"minimumThroughput\": \"400\"\r\n    }\r\n  }\r\n}",
      "StatusCode": 200
    },
    {
      "RequestUri": "/subscriptions/12053b8f-cab5-4f5c-9c1a-870580142abd/resourceGroups/rgtest9921232812/providers/Microsoft.DocumentDB/databaseAccounts/cosmosdb9921232812/sqlDatabases/dbName3/containers/containerName/throughputSettings/default?api-version=2020-03-01",
      "EncodedRequestUri": "L3N1YnNjcmlwdGlvbnMvMTIwNTNiOGYtY2FiNS00ZjVjLTljMWEtODcwNTgwMTQyYWJkL3Jlc291cmNlR3JvdXBzL3JndGVzdDk5MjEyMzI4MTIvcHJvdmlkZXJzL01pY3Jvc29mdC5Eb2N1bWVudERCL2RhdGFiYXNlQWNjb3VudHMvY29zbW9zZGI5OTIxMjMyODEyL3NxbERhdGFiYXNlcy9kYk5hbWUzL2NvbnRhaW5lcnMvY29udGFpbmVyTmFtZS90aHJvdWdocHV0U2V0dGluZ3MvZGVmYXVsdD9hcGktdmVyc2lvbj0yMDIwLTAzLTAx",
      "RequestMethod": "GET",
      "RequestBody": "",
      "RequestHeaders": {
        "User-Agent": [
          "FxVersion/4.6.28516.03",
          "OSName/Windows",
          "OSVersion/Microsoft.Windows.10.0.18363.",
          "Microsoft.Azure.Management.CosmosDB.CosmosDBManagementClient/1.1.0.0"
        ]
      },
      "ResponseHeaders": {
        "Cache-Control": [
          "no-store, no-cache"
        ],
        "Pragma": [
          "no-cache"
        ],
        "Strict-Transport-Security": [
          "max-age=31536000; includeSubDomains"
        ],
        "x-ms-gatewayversion": [
          "version=2.10.0"
        ],
        "Server": [
          "Microsoft-HTTPAPI/2.0"
        ],
        "x-ms-ratelimit-remaining-subscription-reads": [
          "11972"
        ],
        "x-ms-request-id": [
          "d18c4214-e39d-4ced-96bf-0805510d5c03"
        ],
        "x-ms-correlation-request-id": [
          "d18c4214-e39d-4ced-96bf-0805510d5c03"
        ],
        "x-ms-routing-request-id": [
          "WESTUS:20200415T032717Z:d18c4214-e39d-4ced-96bf-0805510d5c03"
        ],
        "X-Content-Type-Options": [
          "nosniff"
        ],
        "Date": [
          "Wed, 15 Apr 2020 03:27:17 GMT"
        ],
        "Content-Length": [
          "407"
        ],
        "Content-Type": [
          "application/json"
        ],
        "Content-Location": [
          "https://management.documents.azure.com:450/subscriptions/12053b8f-cab5-4f5c-9c1a-870580142abd/resourceGroups/rgtest9921232812/providers/Microsoft.DocumentDB/databaseAccounts/cosmosdb9921232812/sqlDatabases/dbName3/containers/containerName/throughputSettings/default?api-version=2020-03-01"
        ]
      },
      "ResponseBody": "{\r\n  \"id\": \"/subscriptions/12053b8f-cab5-4f5c-9c1a-870580142abd/resourceGroups/rgtest9921232812/providers/Microsoft.DocumentDB/databaseAccounts/cosmosdb9921232812/sqlDatabases/dbName3/containers/containerName/throughputSettings/default\",\r\n  \"type\": \"Microsoft.DocumentDB/databaseAccounts/sqlDatabases/containers/throughputSettings\",\r\n  \"name\": \"Cdsf\",\r\n  \"properties\": {\r\n    \"resource\": {\r\n      \"throughput\": 500,\r\n      \"minimumThroughput\": \"400\"\r\n    }\r\n  }\r\n}",
      "StatusCode": 200
    },
    {
      "RequestUri": "/subscriptions/12053b8f-cab5-4f5c-9c1a-870580142abd/resourceGroups/rgtest9921232812/providers/Microsoft.DocumentDB/databaseAccounts/cosmosdb9921232812/sqlDatabases/dbName3/containers/containerName/throughputSettings/default?api-version=2020-03-01",
      "EncodedRequestUri": "L3N1YnNjcmlwdGlvbnMvMTIwNTNiOGYtY2FiNS00ZjVjLTljMWEtODcwNTgwMTQyYWJkL3Jlc291cmNlR3JvdXBzL3JndGVzdDk5MjEyMzI4MTIvcHJvdmlkZXJzL01pY3Jvc29mdC5Eb2N1bWVudERCL2RhdGFiYXNlQWNjb3VudHMvY29zbW9zZGI5OTIxMjMyODEyL3NxbERhdGFiYXNlcy9kYk5hbWUzL2NvbnRhaW5lcnMvY29udGFpbmVyTmFtZS90aHJvdWdocHV0U2V0dGluZ3MvZGVmYXVsdD9hcGktdmVyc2lvbj0yMDIwLTAzLTAx",
      "RequestMethod": "PUT",
      "RequestBody": "{\r\n  \"properties\": {\r\n    \"resource\": {\r\n      \"throughput\": 700\r\n    }\r\n  }\r\n}",
      "RequestHeaders": {
        "x-ms-client-request-id": [
          "f882fa7d-498f-4761-a6f7-c33392fb26c8"
        ],
        "Accept-Language": [
          "en-US"
        ],
        "User-Agent": [
          "FxVersion/4.6.28516.03",
          "OSName/Windows",
          "OSVersion/Microsoft.Windows.10.0.18363.",
          "Microsoft.Azure.Management.CosmosDB.CosmosDBManagementClient/1.1.0.0"
        ],
        "Content-Type": [
          "application/json; charset=utf-8"
        ],
        "Content-Length": [
          "79"
        ]
      },
      "ResponseHeaders": {
        "Cache-Control": [
          "no-store, no-cache"
        ],
        "Pragma": [
          "no-cache"
        ],
        "Location": [
          "https://management.azure.com/subscriptions/12053b8f-cab5-4f5c-9c1a-870580142abd/resourceGroups/rgtest9921232812/providers/Microsoft.DocumentDB/databaseAccounts/cosmosdb9921232812/sqlDatabases/dbName3/containers/containerName/throughputSettings/default/operationResults/c0b26848-86e8-4b43-89a7-2598fa960424?api-version=2020-03-01"
        ],
        "Azure-AsyncOperation": [
          "https://management.azure.com/subscriptions/12053b8f-cab5-4f5c-9c1a-870580142abd/providers/Microsoft.DocumentDB/locations/southcentralus/operationsStatus/c0b26848-86e8-4b43-89a7-2598fa960424?api-version=2020-03-01"
        ],
        "x-ms-request-id": [
          "c0b26848-86e8-4b43-89a7-2598fa960424"
        ],
        "Strict-Transport-Security": [
          "max-age=31536000; includeSubDomains"
        ],
        "x-ms-gatewayversion": [
          "version=2.10.0"
        ],
        "Server": [
          "Microsoft-HTTPAPI/2.0"
        ],
        "x-ms-ratelimit-remaining-subscription-writes": [
          "1194"
        ],
        "x-ms-correlation-request-id": [
          "2cb249ec-196f-4b59-aa09-eeb23d8886de"
        ],
        "x-ms-routing-request-id": [
          "WESTUS:20200415T032543Z:2cb249ec-196f-4b59-aa09-eeb23d8886de"
        ],
        "X-Content-Type-Options": [
          "nosniff"
        ],
        "Date": [
          "Wed, 15 Apr 2020 03:25:43 GMT"
        ],
        "Content-Length": [
          "21"
        ],
        "Content-Type": [
          "application/json"
        ],
        "Content-Location": [
          "https://management.documents.azure.com:450/subscriptions/12053b8f-cab5-4f5c-9c1a-870580142abd/resourceGroups/rgtest9921232812/providers/Microsoft.DocumentDB/databaseAccounts/cosmosdb9921232812/sqlDatabases/dbName3/containers/containerName/throughputSettings/default?api-version=2020-03-01"
        ]
      },
      "ResponseBody": "{\r\n  \"status\": \"Enqueued\"\r\n}",
      "StatusCode": 202
    },
    {
      "RequestUri": "/subscriptions/12053b8f-cab5-4f5c-9c1a-870580142abd/resourceGroups/rgtest9921232812/providers/Microsoft.DocumentDB/databaseAccounts/cosmosdb9921232812/sqlDatabases/dbName3/containers/containerName/throughputSettings/default?api-version=2020-03-01",
      "EncodedRequestUri": "L3N1YnNjcmlwdGlvbnMvMTIwNTNiOGYtY2FiNS00ZjVjLTljMWEtODcwNTgwMTQyYWJkL3Jlc291cmNlR3JvdXBzL3JndGVzdDk5MjEyMzI4MTIvcHJvdmlkZXJzL01pY3Jvc29mdC5Eb2N1bWVudERCL2RhdGFiYXNlQWNjb3VudHMvY29zbW9zZGI5OTIxMjMyODEyL3NxbERhdGFiYXNlcy9kYk5hbWUzL2NvbnRhaW5lcnMvY29udGFpbmVyTmFtZS90aHJvdWdocHV0U2V0dGluZ3MvZGVmYXVsdD9hcGktdmVyc2lvbj0yMDIwLTAzLTAx",
      "RequestMethod": "PUT",
      "RequestBody": "{\r\n  \"properties\": {\r\n    \"resource\": {\r\n      \"throughput\": 600\r\n    }\r\n  }\r\n}",
      "RequestHeaders": {
        "x-ms-client-request-id": [
          "8c95c5a0-b647-4928-8d90-a529f4de5b76"
        ],
        "Accept-Language": [
          "en-US"
        ],
        "User-Agent": [
          "FxVersion/4.6.28516.03",
          "OSName/Windows",
          "OSVersion/Microsoft.Windows.10.0.18363.",
          "Microsoft.Azure.Management.CosmosDB.CosmosDBManagementClient/1.1.0.0"
        ],
        "Content-Type": [
          "application/json; charset=utf-8"
        ],
        "Content-Length": [
          "79"
        ]
      },
      "ResponseHeaders": {
        "Cache-Control": [
          "no-store, no-cache"
        ],
        "Pragma": [
          "no-cache"
        ],
        "Location": [
          "https://management.azure.com/subscriptions/12053b8f-cab5-4f5c-9c1a-870580142abd/resourceGroups/rgtest9921232812/providers/Microsoft.DocumentDB/databaseAccounts/cosmosdb9921232812/sqlDatabases/dbName3/containers/containerName/throughputSettings/default/operationResults/5e4f712a-5f4b-46b4-8d21-72df184fea4f?api-version=2020-03-01"
        ],
        "Azure-AsyncOperation": [
          "https://management.azure.com/subscriptions/12053b8f-cab5-4f5c-9c1a-870580142abd/providers/Microsoft.DocumentDB/locations/southcentralus/operationsStatus/5e4f712a-5f4b-46b4-8d21-72df184fea4f?api-version=2020-03-01"
        ],
        "x-ms-request-id": [
          "5e4f712a-5f4b-46b4-8d21-72df184fea4f"
        ],
        "Strict-Transport-Security": [
          "max-age=31536000; includeSubDomains"
        ],
        "x-ms-gatewayversion": [
          "version=2.10.0"
        ],
        "Server": [
          "Microsoft-HTTPAPI/2.0"
        ],
        "x-ms-ratelimit-remaining-subscription-writes": [
          "1193"
        ],
        "x-ms-correlation-request-id": [
          "dafb6d46-d213-4dd6-9a3e-06ceaa42bdaf"
        ],
        "x-ms-routing-request-id": [
          "WESTUS:20200415T032615Z:dafb6d46-d213-4dd6-9a3e-06ceaa42bdaf"
        ],
        "X-Content-Type-Options": [
          "nosniff"
        ],
        "Date": [
          "Wed, 15 Apr 2020 03:26:15 GMT"
        ],
        "Content-Length": [
          "21"
        ],
        "Content-Type": [
          "application/json"
        ],
        "Content-Location": [
          "https://management.documents.azure.com:450/subscriptions/12053b8f-cab5-4f5c-9c1a-870580142abd/resourceGroups/rgtest9921232812/providers/Microsoft.DocumentDB/databaseAccounts/cosmosdb9921232812/sqlDatabases/dbName3/containers/containerName/throughputSettings/default?api-version=2020-03-01"
        ]
      },
      "ResponseBody": "{\r\n  \"status\": \"Enqueued\"\r\n}",
      "StatusCode": 202
    },
    {
      "RequestUri": "/subscriptions/12053b8f-cab5-4f5c-9c1a-870580142abd/resourceGroups/rgtest9921232812/providers/Microsoft.DocumentDB/databaseAccounts/cosmosdb9921232812/sqlDatabases/dbName3/containers/containerName/throughputSettings/default?api-version=2020-03-01",
      "EncodedRequestUri": "L3N1YnNjcmlwdGlvbnMvMTIwNTNiOGYtY2FiNS00ZjVjLTljMWEtODcwNTgwMTQyYWJkL3Jlc291cmNlR3JvdXBzL3JndGVzdDk5MjEyMzI4MTIvcHJvdmlkZXJzL01pY3Jvc29mdC5Eb2N1bWVudERCL2RhdGFiYXNlQWNjb3VudHMvY29zbW9zZGI5OTIxMjMyODEyL3NxbERhdGFiYXNlcy9kYk5hbWUzL2NvbnRhaW5lcnMvY29udGFpbmVyTmFtZS90aHJvdWdocHV0U2V0dGluZ3MvZGVmYXVsdD9hcGktdmVyc2lvbj0yMDIwLTAzLTAx",
      "RequestMethod": "PUT",
      "RequestBody": "{\r\n  \"properties\": {\r\n    \"resource\": {\r\n      \"throughput\": 500\r\n    }\r\n  }\r\n}",
      "RequestHeaders": {
        "x-ms-client-request-id": [
          "7877b4b8-74d0-42ee-9142-8d8e124e827a"
        ],
        "Accept-Language": [
          "en-US"
        ],
        "User-Agent": [
          "FxVersion/4.6.28516.03",
          "OSName/Windows",
          "OSVersion/Microsoft.Windows.10.0.18363.",
          "Microsoft.Azure.Management.CosmosDB.CosmosDBManagementClient/1.1.0.0"
        ],
        "Content-Type": [
          "application/json; charset=utf-8"
        ],
        "Content-Length": [
          "79"
        ]
      },
      "ResponseHeaders": {
        "Cache-Control": [
          "no-store, no-cache"
        ],
        "Pragma": [
          "no-cache"
        ],
        "Location": [
          "https://management.azure.com/subscriptions/12053b8f-cab5-4f5c-9c1a-870580142abd/resourceGroups/rgtest9921232812/providers/Microsoft.DocumentDB/databaseAccounts/cosmosdb9921232812/sqlDatabases/dbName3/containers/containerName/throughputSettings/default/operationResults/a19e4af5-ee44-4572-b3d5-1e52ca7a2c81?api-version=2020-03-01"
        ],
        "Azure-AsyncOperation": [
          "https://management.azure.com/subscriptions/12053b8f-cab5-4f5c-9c1a-870580142abd/providers/Microsoft.DocumentDB/locations/southcentralus/operationsStatus/a19e4af5-ee44-4572-b3d5-1e52ca7a2c81?api-version=2020-03-01"
        ],
        "x-ms-request-id": [
          "a19e4af5-ee44-4572-b3d5-1e52ca7a2c81"
        ],
        "Strict-Transport-Security": [
          "max-age=31536000; includeSubDomains"
        ],
        "x-ms-gatewayversion": [
          "version=2.10.0"
        ],
        "Server": [
          "Microsoft-HTTPAPI/2.0"
        ],
        "x-ms-ratelimit-remaining-subscription-writes": [
          "1192"
        ],
        "x-ms-correlation-request-id": [
          "3f273036-fe74-4b0a-9a0d-aed73c6d95b4"
        ],
        "x-ms-routing-request-id": [
          "WESTUS:20200415T032647Z:3f273036-fe74-4b0a-9a0d-aed73c6d95b4"
        ],
        "X-Content-Type-Options": [
          "nosniff"
        ],
        "Date": [
          "Wed, 15 Apr 2020 03:26:46 GMT"
        ],
        "Content-Length": [
          "21"
        ],
        "Content-Type": [
          "application/json"
        ],
        "Content-Location": [
          "https://management.documents.azure.com:450/subscriptions/12053b8f-cab5-4f5c-9c1a-870580142abd/resourceGroups/rgtest9921232812/providers/Microsoft.DocumentDB/databaseAccounts/cosmosdb9921232812/sqlDatabases/dbName3/containers/containerName/throughputSettings/default?api-version=2020-03-01"
        ]
      },
      "ResponseBody": "{\r\n  \"status\": \"Enqueued\"\r\n}",
      "StatusCode": 202
    },
    {
      "RequestUri": "/subscriptions/12053b8f-cab5-4f5c-9c1a-870580142abd/providers/Microsoft.DocumentDB/locations/southcentralus/operationsStatus/c0b26848-86e8-4b43-89a7-2598fa960424?api-version=2020-03-01",
      "EncodedRequestUri": "L3N1YnNjcmlwdGlvbnMvMTIwNTNiOGYtY2FiNS00ZjVjLTljMWEtODcwNTgwMTQyYWJkL3Byb3ZpZGVycy9NaWNyb3NvZnQuRG9jdW1lbnREQi9sb2NhdGlvbnMvc291dGhjZW50cmFsdXMvb3BlcmF0aW9uc1N0YXR1cy9jMGIyNjg0OC04NmU4LTRiNDMtODlhNy0yNTk4ZmE5NjA0MjQ/YXBpLXZlcnNpb249MjAyMC0wMy0wMQ==",
      "RequestMethod": "GET",
      "RequestBody": "",
      "RequestHeaders": {
        "User-Agent": [
          "FxVersion/4.6.28516.03",
          "OSName/Windows",
          "OSVersion/Microsoft.Windows.10.0.18363.",
          "Microsoft.Azure.Management.CosmosDB.CosmosDBManagementClient/1.1.0.0"
        ]
      },
      "ResponseHeaders": {
        "Cache-Control": [
          "no-store, no-cache"
        ],
        "Pragma": [
          "no-cache"
        ],
        "Strict-Transport-Security": [
          "max-age=31536000; includeSubDomains"
        ],
        "x-ms-gatewayversion": [
          "version=2.10.0"
        ],
        "Server": [
          "Microsoft-HTTPAPI/2.0"
        ],
        "x-ms-ratelimit-remaining-subscription-reads": [
          "11977"
        ],
        "x-ms-request-id": [
          "ca5f3754-80dd-4993-adff-3a0db6d95f06"
        ],
        "x-ms-correlation-request-id": [
          "ca5f3754-80dd-4993-adff-3a0db6d95f06"
        ],
        "x-ms-routing-request-id": [
          "WESTUS:20200415T032614Z:ca5f3754-80dd-4993-adff-3a0db6d95f06"
        ],
        "X-Content-Type-Options": [
          "nosniff"
        ],
        "Date": [
          "Wed, 15 Apr 2020 03:26:13 GMT"
        ],
        "Content-Length": [
          "22"
        ],
        "Content-Type": [
          "application/json"
        ],
        "Content-Location": [
          "https://management.documents.azure.com:450/subscriptions/12053b8f-cab5-4f5c-9c1a-870580142abd/providers/Microsoft.DocumentDB/locations/southcentralus/operationsStatus/c0b26848-86e8-4b43-89a7-2598fa960424?api-version=2020-03-01"
        ]
      },
      "ResponseBody": "{\r\n  \"status\": \"Succeeded\"\r\n}",
      "StatusCode": 200
    },
    {
      "RequestUri": "/subscriptions/12053b8f-cab5-4f5c-9c1a-870580142abd/providers/Microsoft.DocumentDB/locations/southcentralus/operationsStatus/5e4f712a-5f4b-46b4-8d21-72df184fea4f?api-version=2020-03-01",
      "EncodedRequestUri": "L3N1YnNjcmlwdGlvbnMvMTIwNTNiOGYtY2FiNS00ZjVjLTljMWEtODcwNTgwMTQyYWJkL3Byb3ZpZGVycy9NaWNyb3NvZnQuRG9jdW1lbnREQi9sb2NhdGlvbnMvc291dGhjZW50cmFsdXMvb3BlcmF0aW9uc1N0YXR1cy81ZTRmNzEyYS01ZjRiLTQ2YjQtOGQyMS03MmRmMTg0ZmVhNGY/YXBpLXZlcnNpb249MjAyMC0wMy0wMQ==",
      "RequestMethod": "GET",
      "RequestBody": "",
      "RequestHeaders": {
        "User-Agent": [
          "FxVersion/4.6.28516.03",
          "OSName/Windows",
          "OSVersion/Microsoft.Windows.10.0.18363.",
          "Microsoft.Azure.Management.CosmosDB.CosmosDBManagementClient/1.1.0.0"
        ]
      },
      "ResponseHeaders": {
        "Cache-Control": [
          "no-store, no-cache"
        ],
        "Pragma": [
          "no-cache"
        ],
        "Strict-Transport-Security": [
          "max-age=31536000; includeSubDomains"
        ],
        "x-ms-gatewayversion": [
          "version=2.10.0"
        ],
        "Server": [
          "Microsoft-HTTPAPI/2.0"
        ],
        "x-ms-ratelimit-remaining-subscription-reads": [
          "11975"
        ],
        "x-ms-request-id": [
          "55824710-e86c-46fe-ae96-903301cabe7b"
        ],
        "x-ms-correlation-request-id": [
          "55824710-e86c-46fe-ae96-903301cabe7b"
        ],
        "x-ms-routing-request-id": [
          "WESTUS:20200415T032646Z:55824710-e86c-46fe-ae96-903301cabe7b"
        ],
        "X-Content-Type-Options": [
          "nosniff"
        ],
        "Date": [
          "Wed, 15 Apr 2020 03:26:45 GMT"
        ],
        "Content-Length": [
          "22"
        ],
        "Content-Type": [
          "application/json"
        ],
        "Content-Location": [
          "https://management.documents.azure.com:450/subscriptions/12053b8f-cab5-4f5c-9c1a-870580142abd/providers/Microsoft.DocumentDB/locations/southcentralus/operationsStatus/5e4f712a-5f4b-46b4-8d21-72df184fea4f?api-version=2020-03-01"
        ]
      },
      "ResponseBody": "{\r\n  \"status\": \"Succeeded\"\r\n}",
      "StatusCode": 200
    },
    {
      "RequestUri": "/subscriptions/12053b8f-cab5-4f5c-9c1a-870580142abd/providers/Microsoft.DocumentDB/locations/southcentralus/operationsStatus/a19e4af5-ee44-4572-b3d5-1e52ca7a2c81?api-version=2020-03-01",
      "EncodedRequestUri": "L3N1YnNjcmlwdGlvbnMvMTIwNTNiOGYtY2FiNS00ZjVjLTljMWEtODcwNTgwMTQyYWJkL3Byb3ZpZGVycy9NaWNyb3NvZnQuRG9jdW1lbnREQi9sb2NhdGlvbnMvc291dGhjZW50cmFsdXMvb3BlcmF0aW9uc1N0YXR1cy9hMTllNGFmNS1lZTQ0LTQ1NzItYjNkNS0xZTUyY2E3YTJjODE/YXBpLXZlcnNpb249MjAyMC0wMy0wMQ==",
      "RequestMethod": "GET",
      "RequestBody": "",
      "RequestHeaders": {
        "User-Agent": [
          "FxVersion/4.6.28516.03",
          "OSName/Windows",
          "OSVersion/Microsoft.Windows.10.0.18363.",
          "Microsoft.Azure.Management.CosmosDB.CosmosDBManagementClient/1.1.0.0"
        ]
      },
      "ResponseHeaders": {
        "Cache-Control": [
          "no-store, no-cache"
        ],
        "Pragma": [
          "no-cache"
        ],
        "Strict-Transport-Security": [
          "max-age=31536000; includeSubDomains"
        ],
        "x-ms-gatewayversion": [
          "version=2.10.0"
        ],
        "Server": [
          "Microsoft-HTTPAPI/2.0"
        ],
        "x-ms-ratelimit-remaining-subscription-reads": [
          "11973"
        ],
        "x-ms-request-id": [
          "baa9d7db-9b0c-4909-8615-4f54f4ffe22a"
        ],
        "x-ms-correlation-request-id": [
          "baa9d7db-9b0c-4909-8615-4f54f4ffe22a"
        ],
        "x-ms-routing-request-id": [
          "WESTUS:20200415T032717Z:baa9d7db-9b0c-4909-8615-4f54f4ffe22a"
        ],
        "X-Content-Type-Options": [
          "nosniff"
        ],
        "Date": [
          "Wed, 15 Apr 2020 03:27:16 GMT"
        ],
        "Content-Length": [
          "22"
        ],
        "Content-Type": [
          "application/json"
        ],
        "Content-Location": [
          "https://management.documents.azure.com:450/subscriptions/12053b8f-cab5-4f5c-9c1a-870580142abd/providers/Microsoft.DocumentDB/locations/southcentralus/operationsStatus/a19e4af5-ee44-4572-b3d5-1e52ca7a2c81?api-version=2020-03-01"
        ]
      },
      "ResponseBody": "{\r\n  \"status\": \"Succeeded\"\r\n}",
      "StatusCode": 200
    },
    {
      "RequestUri": "/subscriptions/12053b8f-cab5-4f5c-9c1a-870580142abd/resourceGroups/rgtest9921232812/providers/Microsoft.DocumentDB/databaseAccounts/cosmosdb9921232812/sqlDatabases/dbName3/containers/containerName?api-version=2020-03-01",
      "EncodedRequestUri": "L3N1YnNjcmlwdGlvbnMvMTIwNTNiOGYtY2FiNS00ZjVjLTljMWEtODcwNTgwMTQyYWJkL3Jlc291cmNlR3JvdXBzL3JndGVzdDk5MjEyMzI4MTIvcHJvdmlkZXJzL01pY3Jvc29mdC5Eb2N1bWVudERCL2RhdGFiYXNlQWNjb3VudHMvY29zbW9zZGI5OTIxMjMyODEyL3NxbERhdGFiYXNlcy9kYk5hbWUzL2NvbnRhaW5lcnMvY29udGFpbmVyTmFtZT9hcGktdmVyc2lvbj0yMDIwLTAzLTAx",
      "RequestMethod": "DELETE",
      "RequestBody": "",
      "RequestHeaders": {
        "x-ms-client-request-id": [
          "bcb6055e-1209-4549-bb32-c1b69a07e13c"
        ],
        "Accept-Language": [
          "en-US"
        ],
        "User-Agent": [
          "FxVersion/4.6.28516.03",
          "OSName/Windows",
          "OSVersion/Microsoft.Windows.10.0.18363.",
          "Microsoft.Azure.Management.CosmosDB.CosmosDBManagementClient/1.1.0.0"
        ]
      },
      "ResponseHeaders": {
        "Cache-Control": [
          "no-store, no-cache"
        ],
        "Pragma": [
          "no-cache"
        ],
        "Location": [
          "https://management.azure.com/subscriptions/12053b8f-cab5-4f5c-9c1a-870580142abd/resourceGroups/rgtest9921232812/providers/Microsoft.DocumentDB/databaseAccounts/cosmosdb9921232812/sqlDatabases/dbName3/containers/containerName/operationResults/157a1dfe-a5a2-4c57-96e4-a532f355be97?api-version=2020-03-01"
        ],
        "Azure-AsyncOperation": [
          "https://management.azure.com/subscriptions/12053b8f-cab5-4f5c-9c1a-870580142abd/providers/Microsoft.DocumentDB/locations/southcentralus/operationsStatus/157a1dfe-a5a2-4c57-96e4-a532f355be97?api-version=2020-03-01"
        ],
        "x-ms-request-id": [
          "157a1dfe-a5a2-4c57-96e4-a532f355be97"
        ],
        "Strict-Transport-Security": [
          "max-age=31536000; includeSubDomains"
        ],
        "x-ms-gatewayversion": [
          "version=2.10.0"
        ],
        "Server": [
          "Microsoft-HTTPAPI/2.0"
        ],
        "x-ms-ratelimit-remaining-subscription-deletes": [
          "14996"
        ],
        "x-ms-correlation-request-id": [
          "9194ca26-c52f-4ce4-8d3b-a8b0df8fc756"
        ],
        "x-ms-routing-request-id": [
          "WESTUS:20200415T032718Z:9194ca26-c52f-4ce4-8d3b-a8b0df8fc756"
        ],
        "X-Content-Type-Options": [
          "nosniff"
        ],
        "Date": [
          "Wed, 15 Apr 2020 03:27:17 GMT"
        ],
        "Content-Length": [
          "21"
        ],
        "Content-Type": [
          "application/json"
        ],
        "Content-Location": [
          "https://management.documents.azure.com:450/subscriptions/12053b8f-cab5-4f5c-9c1a-870580142abd/resourceGroups/rgtest9921232812/providers/Microsoft.DocumentDB/databaseAccounts/cosmosdb9921232812/sqlDatabases/dbName3/containers/containerName?api-version=2020-03-01"
        ]
      },
      "ResponseBody": "{\r\n  \"status\": \"Enqueued\"\r\n}",
      "StatusCode": 202
    },
    {
      "RequestUri": "/subscriptions/12053b8f-cab5-4f5c-9c1a-870580142abd/resourceGroups/rgtest9921232812/providers/Microsoft.DocumentDB/databaseAccounts/cosmosdb9921232812/sqlDatabases/dbName3/containers/containerName?api-version=2020-03-01",
      "EncodedRequestUri": "L3N1YnNjcmlwdGlvbnMvMTIwNTNiOGYtY2FiNS00ZjVjLTljMWEtODcwNTgwMTQyYWJkL3Jlc291cmNlR3JvdXBzL3JndGVzdDk5MjEyMzI4MTIvcHJvdmlkZXJzL01pY3Jvc29mdC5Eb2N1bWVudERCL2RhdGFiYXNlQWNjb3VudHMvY29zbW9zZGI5OTIxMjMyODEyL3NxbERhdGFiYXNlcy9kYk5hbWUzL2NvbnRhaW5lcnMvY29udGFpbmVyTmFtZT9hcGktdmVyc2lvbj0yMDIwLTAzLTAx",
      "RequestMethod": "DELETE",
      "RequestBody": "",
      "RequestHeaders": {
        "x-ms-client-request-id": [
          "e6122d53-6e65-4045-9bbb-c1ae933fdff1"
        ],
        "Accept-Language": [
          "en-US"
        ],
        "User-Agent": [
          "FxVersion/4.6.28516.03",
          "OSName/Windows",
          "OSVersion/Microsoft.Windows.10.0.18363.",
          "Microsoft.Azure.Management.CosmosDB.CosmosDBManagementClient/1.1.0.0"
        ]
      },
      "ResponseHeaders": {
        "Cache-Control": [
          "no-store, no-cache"
        ],
        "Pragma": [
          "no-cache"
        ],
        "Location": [
          "https://management.azure.com/subscriptions/12053b8f-cab5-4f5c-9c1a-870580142abd/resourceGroups/rgtest9921232812/providers/Microsoft.DocumentDB/databaseAccounts/cosmosdb9921232812/sqlDatabases/dbName3/containers/containerName/operationResults/eb420a55-619c-471b-af58-ae06732fe44d?api-version=2020-03-01"
        ],
        "Azure-AsyncOperation": [
          "https://management.azure.com/subscriptions/12053b8f-cab5-4f5c-9c1a-870580142abd/providers/Microsoft.DocumentDB/locations/southcentralus/operationsStatus/eb420a55-619c-471b-af58-ae06732fe44d?api-version=2020-03-01"
        ],
        "x-ms-request-id": [
          "eb420a55-619c-471b-af58-ae06732fe44d"
        ],
        "Strict-Transport-Security": [
          "max-age=31536000; includeSubDomains"
        ],
        "x-ms-gatewayversion": [
          "version=2.10.0"
        ],
        "Server": [
          "Microsoft-HTTPAPI/2.0"
        ],
        "x-ms-ratelimit-remaining-subscription-deletes": [
          "14999"
        ],
        "x-ms-correlation-request-id": [
          "da193c8a-8e17-4d4e-8db0-52d93e3ee824"
        ],
        "x-ms-routing-request-id": [
          "WESTUS:20200415T032820Z:da193c8a-8e17-4d4e-8db0-52d93e3ee824"
        ],
        "X-Content-Type-Options": [
          "nosniff"
        ],
        "Date": [
          "Wed, 15 Apr 2020 03:28:20 GMT"
        ],
        "Content-Length": [
          "21"
        ],
        "Content-Type": [
          "application/json"
        ],
        "Content-Location": [
          "https://management.documents.azure.com:450/subscriptions/12053b8f-cab5-4f5c-9c1a-870580142abd/resourceGroups/rgtest9921232812/providers/Microsoft.DocumentDB/databaseAccounts/cosmosdb9921232812/sqlDatabases/dbName3/containers/containerName?api-version=2020-03-01"
        ]
      },
      "ResponseBody": "{\r\n  \"status\": \"Enqueued\"\r\n}",
      "StatusCode": 202
    },
    {
      "RequestUri": "/subscriptions/12053b8f-cab5-4f5c-9c1a-870580142abd/providers/Microsoft.DocumentDB/locations/southcentralus/operationsStatus/157a1dfe-a5a2-4c57-96e4-a532f355be97?api-version=2020-03-01",
      "EncodedRequestUri": "L3N1YnNjcmlwdGlvbnMvMTIwNTNiOGYtY2FiNS00ZjVjLTljMWEtODcwNTgwMTQyYWJkL3Byb3ZpZGVycy9NaWNyb3NvZnQuRG9jdW1lbnREQi9sb2NhdGlvbnMvc291dGhjZW50cmFsdXMvb3BlcmF0aW9uc1N0YXR1cy8xNTdhMWRmZS1hNWEyLTRjNTctOTZlNC1hNTMyZjM1NWJlOTc/YXBpLXZlcnNpb249MjAyMC0wMy0wMQ==",
      "RequestMethod": "GET",
      "RequestBody": "",
      "RequestHeaders": {
        "User-Agent": [
          "FxVersion/4.6.28516.03",
          "OSName/Windows",
          "OSVersion/Microsoft.Windows.10.0.18363.",
          "Microsoft.Azure.Management.CosmosDB.CosmosDBManagementClient/1.1.0.0"
        ]
      },
      "ResponseHeaders": {
        "Cache-Control": [
          "no-store, no-cache"
        ],
        "Pragma": [
          "no-cache"
        ],
        "Strict-Transport-Security": [
          "max-age=31536000; includeSubDomains"
        ],
        "x-ms-gatewayversion": [
          "version=2.10.0"
        ],
        "Server": [
          "Microsoft-HTTPAPI/2.0"
        ],
        "x-ms-ratelimit-remaining-subscription-reads": [
          "11971"
        ],
        "x-ms-request-id": [
          "e2499202-39f1-4476-a885-0bc424e0a4f9"
        ],
        "x-ms-correlation-request-id": [
          "e2499202-39f1-4476-a885-0bc424e0a4f9"
        ],
        "x-ms-routing-request-id": [
          "WESTUS:20200415T032748Z:e2499202-39f1-4476-a885-0bc424e0a4f9"
        ],
        "X-Content-Type-Options": [
          "nosniff"
        ],
        "Date": [
          "Wed, 15 Apr 2020 03:27:48 GMT"
        ],
        "Content-Length": [
          "22"
        ],
        "Content-Type": [
          "application/json"
        ],
        "Content-Location": [
          "https://management.documents.azure.com:450/subscriptions/12053b8f-cab5-4f5c-9c1a-870580142abd/providers/Microsoft.DocumentDB/locations/southcentralus/operationsStatus/157a1dfe-a5a2-4c57-96e4-a532f355be97?api-version=2020-03-01"
        ]
      },
      "ResponseBody": "{\r\n  \"status\": \"Succeeded\"\r\n}",
      "StatusCode": 200
    },
    {
      "RequestUri": "/subscriptions/12053b8f-cab5-4f5c-9c1a-870580142abd/resourceGroups/rgtest9921232812/providers/Microsoft.DocumentDB/databaseAccounts/cosmosdb9921232812/sqlDatabases/dbName3/containers/containerName/operationResults/157a1dfe-a5a2-4c57-96e4-a532f355be97?api-version=2020-03-01",
      "EncodedRequestUri": "L3N1YnNjcmlwdGlvbnMvMTIwNTNiOGYtY2FiNS00ZjVjLTljMWEtODcwNTgwMTQyYWJkL3Jlc291cmNlR3JvdXBzL3JndGVzdDk5MjEyMzI4MTIvcHJvdmlkZXJzL01pY3Jvc29mdC5Eb2N1bWVudERCL2RhdGFiYXNlQWNjb3VudHMvY29zbW9zZGI5OTIxMjMyODEyL3NxbERhdGFiYXNlcy9kYk5hbWUzL2NvbnRhaW5lcnMvY29udGFpbmVyTmFtZS9vcGVyYXRpb25SZXN1bHRzLzE1N2ExZGZlLWE1YTItNGM1Ny05NmU0LWE1MzJmMzU1YmU5Nz9hcGktdmVyc2lvbj0yMDIwLTAzLTAx",
      "RequestMethod": "GET",
      "RequestBody": "",
      "RequestHeaders": {
        "User-Agent": [
          "FxVersion/4.6.28516.03",
          "OSName/Windows",
          "OSVersion/Microsoft.Windows.10.0.18363.",
          "Microsoft.Azure.Management.CosmosDB.CosmosDBManagementClient/1.1.0.0"
        ]
      },
      "ResponseHeaders": {
        "Cache-Control": [
          "no-store, no-cache"
        ],
        "Pragma": [
          "no-cache"
        ],
        "Strict-Transport-Security": [
          "max-age=31536000; includeSubDomains"
        ],
        "x-ms-gatewayversion": [
          "version=2.10.0"
        ],
        "Server": [
          "Microsoft-HTTPAPI/2.0"
        ],
        "x-ms-ratelimit-remaining-subscription-reads": [
          "11970"
        ],
        "x-ms-request-id": [
          "cfbbd9f1-93c9-4c5c-958c-6c25e7c96550"
        ],
        "x-ms-correlation-request-id": [
          "cfbbd9f1-93c9-4c5c-958c-6c25e7c96550"
        ],
        "x-ms-routing-request-id": [
          "WESTUS:20200415T032748Z:cfbbd9f1-93c9-4c5c-958c-6c25e7c96550"
        ],
        "X-Content-Type-Options": [
          "nosniff"
        ],
        "Date": [
          "Wed, 15 Apr 2020 03:27:48 GMT"
        ],
        "Content-Type": [
          "application/json"
        ],
        "Content-Location": [
          "https://management.documents.azure.com:450/subscriptions/12053b8f-cab5-4f5c-9c1a-870580142abd/resourceGroups/rgtest9921232812/providers/Microsoft.DocumentDB/databaseAccounts/cosmosdb9921232812/sqlDatabases/dbName3/containers/containerName/operationResults/157a1dfe-a5a2-4c57-96e4-a532f355be97?api-version=2020-03-01"
        ]
      },
      "ResponseBody": "",
      "StatusCode": 204
    },
    {
      "RequestUri": "/subscriptions/12053b8f-cab5-4f5c-9c1a-870580142abd/resourceGroups/rgtest9921232812/providers/Microsoft.DocumentDB/databaseAccounts/cosmosdb9921232812/sqlDatabases/dbName3?api-version=2020-03-01",
      "EncodedRequestUri": "L3N1YnNjcmlwdGlvbnMvMTIwNTNiOGYtY2FiNS00ZjVjLTljMWEtODcwNTgwMTQyYWJkL3Jlc291cmNlR3JvdXBzL3JndGVzdDk5MjEyMzI4MTIvcHJvdmlkZXJzL01pY3Jvc29mdC5Eb2N1bWVudERCL2RhdGFiYXNlQWNjb3VudHMvY29zbW9zZGI5OTIxMjMyODEyL3NxbERhdGFiYXNlcy9kYk5hbWUzP2FwaS12ZXJzaW9uPTIwMjAtMDMtMDE=",
      "RequestMethod": "DELETE",
      "RequestBody": "",
      "RequestHeaders": {
        "x-ms-client-request-id": [
          "c1ca2894-8727-4f5c-9f69-41f6b046491a"
        ],
        "Accept-Language": [
          "en-US"
        ],
        "User-Agent": [
          "FxVersion/4.6.28516.03",
          "OSName/Windows",
          "OSVersion/Microsoft.Windows.10.0.18363.",
          "Microsoft.Azure.Management.CosmosDB.CosmosDBManagementClient/1.1.0.0"
        ]
      },
      "ResponseHeaders": {
        "Cache-Control": [
          "no-store, no-cache"
        ],
        "Pragma": [
          "no-cache"
        ],
        "Location": [
          "https://management.azure.com/subscriptions/12053b8f-cab5-4f5c-9c1a-870580142abd/resourceGroups/rgtest9921232812/providers/Microsoft.DocumentDB/databaseAccounts/cosmosdb9921232812/sqlDatabases/dbName3/operationResults/a55c7aed-f34f-4c56-9d64-b8d92882c13c?api-version=2020-03-01"
        ],
        "Azure-AsyncOperation": [
          "https://management.azure.com/subscriptions/12053b8f-cab5-4f5c-9c1a-870580142abd/providers/Microsoft.DocumentDB/locations/southcentralus/operationsStatus/a55c7aed-f34f-4c56-9d64-b8d92882c13c?api-version=2020-03-01"
        ],
        "x-ms-request-id": [
          "a55c7aed-f34f-4c56-9d64-b8d92882c13c"
        ],
        "Strict-Transport-Security": [
          "max-age=31536000; includeSubDomains"
        ],
        "x-ms-gatewayversion": [
          "version=2.10.0"
        ],
        "Server": [
          "Microsoft-HTTPAPI/2.0"
        ],
        "x-ms-ratelimit-remaining-subscription-deletes": [
          "14995"
        ],
        "x-ms-correlation-request-id": [
          "f2a322d0-2640-45f0-bdb6-7f12a1d43598"
        ],
        "x-ms-routing-request-id": [
          "WESTUS:20200415T032749Z:f2a322d0-2640-45f0-bdb6-7f12a1d43598"
        ],
        "X-Content-Type-Options": [
          "nosniff"
        ],
        "Date": [
          "Wed, 15 Apr 2020 03:27:49 GMT"
        ],
        "Content-Length": [
          "21"
        ],
        "Content-Type": [
          "application/json"
        ],
        "Content-Location": [
          "https://management.documents.azure.com:450/subscriptions/12053b8f-cab5-4f5c-9c1a-870580142abd/resourceGroups/rgtest9921232812/providers/Microsoft.DocumentDB/databaseAccounts/cosmosdb9921232812/sqlDatabases/dbName3?api-version=2020-03-01"
        ]
      },
      "ResponseBody": "{\r\n  \"status\": \"Enqueued\"\r\n}",
      "StatusCode": 202
    },
    {
      "RequestUri": "/subscriptions/12053b8f-cab5-4f5c-9c1a-870580142abd/resourceGroups/rgtest9921232812/providers/Microsoft.DocumentDB/databaseAccounts/cosmosdb9921232812/sqlDatabases/dbName3?api-version=2020-03-01",
      "EncodedRequestUri": "L3N1YnNjcmlwdGlvbnMvMTIwNTNiOGYtY2FiNS00ZjVjLTljMWEtODcwNTgwMTQyYWJkL3Jlc291cmNlR3JvdXBzL3JndGVzdDk5MjEyMzI4MTIvcHJvdmlkZXJzL01pY3Jvc29mdC5Eb2N1bWVudERCL2RhdGFiYXNlQWNjb3VudHMvY29zbW9zZGI5OTIxMjMyODEyL3NxbERhdGFiYXNlcy9kYk5hbWUzP2FwaS12ZXJzaW9uPTIwMjAtMDMtMDE=",
      "RequestMethod": "DELETE",
      "RequestBody": "",
      "RequestHeaders": {
        "x-ms-client-request-id": [
          "c1a38910-dba1-46f0-973b-ce6bc381652c"
        ],
        "Accept-Language": [
          "en-US"
        ],
        "User-Agent": [
          "FxVersion/4.6.28516.03",
          "OSName/Windows",
          "OSVersion/Microsoft.Windows.10.0.18363.",
          "Microsoft.Azure.Management.CosmosDB.CosmosDBManagementClient/1.1.0.0"
        ]
      },
      "ResponseHeaders": {
        "Cache-Control": [
          "no-store, no-cache"
        ],
        "Pragma": [
          "no-cache"
        ],
        "Location": [
          "https://management.azure.com/subscriptions/12053b8f-cab5-4f5c-9c1a-870580142abd/resourceGroups/rgtest9921232812/providers/Microsoft.DocumentDB/databaseAccounts/cosmosdb9921232812/sqlDatabases/dbName3/operationResults/4bc2a408-80dc-453d-a0e5-2bc047f8acff?api-version=2020-03-01"
        ],
        "Azure-AsyncOperation": [
          "https://management.azure.com/subscriptions/12053b8f-cab5-4f5c-9c1a-870580142abd/providers/Microsoft.DocumentDB/locations/southcentralus/operationsStatus/4bc2a408-80dc-453d-a0e5-2bc047f8acff?api-version=2020-03-01"
        ],
        "x-ms-request-id": [
          "4bc2a408-80dc-453d-a0e5-2bc047f8acff"
        ],
        "Strict-Transport-Security": [
          "max-age=31536000; includeSubDomains"
        ],
        "x-ms-gatewayversion": [
          "version=2.10.0"
        ],
        "Server": [
          "Microsoft-HTTPAPI/2.0"
        ],
        "x-ms-ratelimit-remaining-subscription-deletes": [
          "14999"
        ],
        "x-ms-correlation-request-id": [
          "738b7500-c592-4c2b-9a4c-354357326b1a"
        ],
        "x-ms-routing-request-id": [
          "WESTUS:20200415T032852Z:738b7500-c592-4c2b-9a4c-354357326b1a"
        ],
        "X-Content-Type-Options": [
          "nosniff"
        ],
        "Date": [
          "Wed, 15 Apr 2020 03:28:51 GMT"
        ],
        "Content-Length": [
          "21"
        ],
        "Content-Type": [
          "application/json"
        ],
        "Content-Location": [
          "https://management.documents.azure.com:450/subscriptions/12053b8f-cab5-4f5c-9c1a-870580142abd/resourceGroups/rgtest9921232812/providers/Microsoft.DocumentDB/databaseAccounts/cosmosdb9921232812/sqlDatabases/dbName3?api-version=2020-03-01"
        ]
      },
      "ResponseBody": "{\r\n  \"status\": \"Enqueued\"\r\n}",
      "StatusCode": 202
    },
    {
      "RequestUri": "/subscriptions/12053b8f-cab5-4f5c-9c1a-870580142abd/providers/Microsoft.DocumentDB/locations/southcentralus/operationsStatus/a55c7aed-f34f-4c56-9d64-b8d92882c13c?api-version=2020-03-01",
      "EncodedRequestUri": "L3N1YnNjcmlwdGlvbnMvMTIwNTNiOGYtY2FiNS00ZjVjLTljMWEtODcwNTgwMTQyYWJkL3Byb3ZpZGVycy9NaWNyb3NvZnQuRG9jdW1lbnREQi9sb2NhdGlvbnMvc291dGhjZW50cmFsdXMvb3BlcmF0aW9uc1N0YXR1cy9hNTVjN2FlZC1mMzRmLTRjNTYtOWQ2NC1iOGQ5Mjg4MmMxM2M/YXBpLXZlcnNpb249MjAyMC0wMy0wMQ==",
      "RequestMethod": "GET",
      "RequestBody": "",
      "RequestHeaders": {
        "User-Agent": [
          "FxVersion/4.6.28516.03",
          "OSName/Windows",
          "OSVersion/Microsoft.Windows.10.0.18363.",
          "Microsoft.Azure.Management.CosmosDB.CosmosDBManagementClient/1.1.0.0"
        ]
      },
      "ResponseHeaders": {
        "Cache-Control": [
          "no-store, no-cache"
        ],
        "Pragma": [
          "no-cache"
        ],
        "Strict-Transport-Security": [
          "max-age=31536000; includeSubDomains"
        ],
        "x-ms-gatewayversion": [
          "version=2.10.0"
        ],
        "Server": [
          "Microsoft-HTTPAPI/2.0"
        ],
        "x-ms-ratelimit-remaining-subscription-reads": [
          "11969"
        ],
        "x-ms-request-id": [
          "7f4dddea-e990-4382-a8ec-d6e53694785f"
        ],
        "x-ms-correlation-request-id": [
          "7f4dddea-e990-4382-a8ec-d6e53694785f"
        ],
        "x-ms-routing-request-id": [
          "WESTUS:20200415T032820Z:7f4dddea-e990-4382-a8ec-d6e53694785f"
        ],
        "X-Content-Type-Options": [
          "nosniff"
        ],
        "Date": [
          "Wed, 15 Apr 2020 03:28:19 GMT"
        ],
        "Content-Length": [
          "22"
        ],
        "Content-Type": [
          "application/json"
        ],
        "Content-Location": [
          "https://management.documents.azure.com:450/subscriptions/12053b8f-cab5-4f5c-9c1a-870580142abd/providers/Microsoft.DocumentDB/locations/southcentralus/operationsStatus/a55c7aed-f34f-4c56-9d64-b8d92882c13c?api-version=2020-03-01"
        ]
      },
      "ResponseBody": "{\r\n  \"status\": \"Succeeded\"\r\n}",
      "StatusCode": 200
    },
    {
      "RequestUri": "/subscriptions/12053b8f-cab5-4f5c-9c1a-870580142abd/resourceGroups/rgtest9921232812/providers/Microsoft.DocumentDB/databaseAccounts/cosmosdb9921232812/sqlDatabases/dbName3/operationResults/a55c7aed-f34f-4c56-9d64-b8d92882c13c?api-version=2020-03-01",
      "EncodedRequestUri": "L3N1YnNjcmlwdGlvbnMvMTIwNTNiOGYtY2FiNS00ZjVjLTljMWEtODcwNTgwMTQyYWJkL3Jlc291cmNlR3JvdXBzL3JndGVzdDk5MjEyMzI4MTIvcHJvdmlkZXJzL01pY3Jvc29mdC5Eb2N1bWVudERCL2RhdGFiYXNlQWNjb3VudHMvY29zbW9zZGI5OTIxMjMyODEyL3NxbERhdGFiYXNlcy9kYk5hbWUzL29wZXJhdGlvblJlc3VsdHMvYTU1YzdhZWQtZjM0Zi00YzU2LTlkNjQtYjhkOTI4ODJjMTNjP2FwaS12ZXJzaW9uPTIwMjAtMDMtMDE=",
      "RequestMethod": "GET",
      "RequestBody": "",
      "RequestHeaders": {
        "User-Agent": [
          "FxVersion/4.6.28516.03",
          "OSName/Windows",
          "OSVersion/Microsoft.Windows.10.0.18363.",
          "Microsoft.Azure.Management.CosmosDB.CosmosDBManagementClient/1.1.0.0"
        ]
      },
      "ResponseHeaders": {
        "Cache-Control": [
          "no-store, no-cache"
        ],
        "Pragma": [
          "no-cache"
        ],
        "Strict-Transport-Security": [
          "max-age=31536000; includeSubDomains"
        ],
        "x-ms-gatewayversion": [
          "version=2.10.0"
        ],
        "Server": [
          "Microsoft-HTTPAPI/2.0"
        ],
        "x-ms-ratelimit-remaining-subscription-reads": [
          "11968"
        ],
        "x-ms-request-id": [
          "d84214ab-521e-4a57-bcbc-0f19e8004d41"
        ],
        "x-ms-correlation-request-id": [
          "d84214ab-521e-4a57-bcbc-0f19e8004d41"
        ],
        "x-ms-routing-request-id": [
          "WESTUS:20200415T032820Z:d84214ab-521e-4a57-bcbc-0f19e8004d41"
        ],
        "X-Content-Type-Options": [
          "nosniff"
        ],
        "Date": [
          "Wed, 15 Apr 2020 03:28:19 GMT"
        ],
        "Content-Type": [
          "application/json"
        ],
        "Content-Location": [
          "https://management.documents.azure.com:450/subscriptions/12053b8f-cab5-4f5c-9c1a-870580142abd/resourceGroups/rgtest9921232812/providers/Microsoft.DocumentDB/databaseAccounts/cosmosdb9921232812/sqlDatabases/dbName3/operationResults/a55c7aed-f34f-4c56-9d64-b8d92882c13c?api-version=2020-03-01"
        ]
      },
      "ResponseBody": "",
      "StatusCode": 204
    },
    {
      "RequestUri": "/subscriptions/12053b8f-cab5-4f5c-9c1a-870580142abd/providers/Microsoft.DocumentDB/locations/southcentralus/operationsStatus/eb420a55-619c-471b-af58-ae06732fe44d?api-version=2020-03-01",
      "EncodedRequestUri": "L3N1YnNjcmlwdGlvbnMvMTIwNTNiOGYtY2FiNS00ZjVjLTljMWEtODcwNTgwMTQyYWJkL3Byb3ZpZGVycy9NaWNyb3NvZnQuRG9jdW1lbnREQi9sb2NhdGlvbnMvc291dGhjZW50cmFsdXMvb3BlcmF0aW9uc1N0YXR1cy9lYjQyMGE1NS02MTljLTQ3MWItYWY1OC1hZTA2NzMyZmU0NGQ/YXBpLXZlcnNpb249MjAyMC0wMy0wMQ==",
      "RequestMethod": "GET",
      "RequestBody": "",
      "RequestHeaders": {
        "User-Agent": [
          "FxVersion/4.6.28516.03",
          "OSName/Windows",
          "OSVersion/Microsoft.Windows.10.0.18363.",
          "Microsoft.Azure.Management.CosmosDB.CosmosDBManagementClient/1.1.0.0"
        ]
      },
      "ResponseHeaders": {
        "Cache-Control": [
          "no-store, no-cache"
        ],
        "Pragma": [
          "no-cache"
        ],
        "Strict-Transport-Security": [
          "max-age=31536000; includeSubDomains"
        ],
        "x-ms-gatewayversion": [
          "version=2.10.0"
        ],
        "Server": [
          "Microsoft-HTTPAPI/2.0"
        ],
        "x-ms-ratelimit-remaining-subscription-reads": [
          "11999"
        ],
        "x-ms-request-id": [
          "67901d92-8d11-444b-b3b1-93b45e934749"
        ],
        "x-ms-correlation-request-id": [
          "67901d92-8d11-444b-b3b1-93b45e934749"
        ],
        "x-ms-routing-request-id": [
          "WESTUS:20200415T032851Z:67901d92-8d11-444b-b3b1-93b45e934749"
        ],
        "X-Content-Type-Options": [
          "nosniff"
        ],
        "Date": [
          "Wed, 15 Apr 2020 03:28:50 GMT"
        ],
        "Content-Length": [
          "22"
        ],
        "Content-Type": [
          "application/json"
        ],
        "Content-Location": [
          "https://management.documents.azure.com:450/subscriptions/12053b8f-cab5-4f5c-9c1a-870580142abd/providers/Microsoft.DocumentDB/locations/southcentralus/operationsStatus/eb420a55-619c-471b-af58-ae06732fe44d?api-version=2020-03-01"
        ]
      },
      "ResponseBody": "{\r\n  \"status\": \"Succeeded\"\r\n}",
      "StatusCode": 200
    },
    {
      "RequestUri": "/subscriptions/12053b8f-cab5-4f5c-9c1a-870580142abd/resourceGroups/rgtest9921232812/providers/Microsoft.DocumentDB/databaseAccounts/cosmosdb9921232812/sqlDatabases/dbName3/containers/containerName/operationResults/eb420a55-619c-471b-af58-ae06732fe44d?api-version=2020-03-01",
      "EncodedRequestUri": "L3N1YnNjcmlwdGlvbnMvMTIwNTNiOGYtY2FiNS00ZjVjLTljMWEtODcwNTgwMTQyYWJkL3Jlc291cmNlR3JvdXBzL3JndGVzdDk5MjEyMzI4MTIvcHJvdmlkZXJzL01pY3Jvc29mdC5Eb2N1bWVudERCL2RhdGFiYXNlQWNjb3VudHMvY29zbW9zZGI5OTIxMjMyODEyL3NxbERhdGFiYXNlcy9kYk5hbWUzL2NvbnRhaW5lcnMvY29udGFpbmVyTmFtZS9vcGVyYXRpb25SZXN1bHRzL2ViNDIwYTU1LTYxOWMtNDcxYi1hZjU4LWFlMDY3MzJmZTQ0ZD9hcGktdmVyc2lvbj0yMDIwLTAzLTAx",
      "RequestMethod": "GET",
      "RequestBody": "",
      "RequestHeaders": {
        "User-Agent": [
          "FxVersion/4.6.28516.03",
          "OSName/Windows",
          "OSVersion/Microsoft.Windows.10.0.18363.",
          "Microsoft.Azure.Management.CosmosDB.CosmosDBManagementClient/1.1.0.0"
        ]
      },
      "ResponseHeaders": {
        "Cache-Control": [
          "no-store, no-cache"
        ],
        "Pragma": [
          "no-cache"
        ],
        "Strict-Transport-Security": [
          "max-age=31536000; includeSubDomains"
        ],
        "x-ms-gatewayversion": [
          "version=2.10.0"
        ],
        "Server": [
          "Microsoft-HTTPAPI/2.0"
        ],
        "x-ms-ratelimit-remaining-subscription-reads": [
          "11998"
        ],
        "x-ms-request-id": [
          "1107c8fe-1e0d-4fbe-a2a8-5da1e38846c2"
        ],
        "x-ms-correlation-request-id": [
          "1107c8fe-1e0d-4fbe-a2a8-5da1e38846c2"
        ],
        "x-ms-routing-request-id": [
          "WESTUS:20200415T032851Z:1107c8fe-1e0d-4fbe-a2a8-5da1e38846c2"
        ],
        "X-Content-Type-Options": [
          "nosniff"
        ],
        "Date": [
          "Wed, 15 Apr 2020 03:28:50 GMT"
        ],
        "Content-Type": [
          "application/json"
        ],
        "Content-Location": [
          "https://management.documents.azure.com:450/subscriptions/12053b8f-cab5-4f5c-9c1a-870580142abd/resourceGroups/rgtest9921232812/providers/Microsoft.DocumentDB/databaseAccounts/cosmosdb9921232812/sqlDatabases/dbName3/containers/containerName/operationResults/eb420a55-619c-471b-af58-ae06732fe44d?api-version=2020-03-01"
        ]
      },
      "ResponseBody": "",
      "StatusCode": 204
    },
    {
      "RequestUri": "/subscriptions/12053b8f-cab5-4f5c-9c1a-870580142abd/providers/Microsoft.DocumentDB/locations/southcentralus/operationsStatus/4bc2a408-80dc-453d-a0e5-2bc047f8acff?api-version=2020-03-01",
      "EncodedRequestUri": "L3N1YnNjcmlwdGlvbnMvMTIwNTNiOGYtY2FiNS00ZjVjLTljMWEtODcwNTgwMTQyYWJkL3Byb3ZpZGVycy9NaWNyb3NvZnQuRG9jdW1lbnREQi9sb2NhdGlvbnMvc291dGhjZW50cmFsdXMvb3BlcmF0aW9uc1N0YXR1cy80YmMyYTQwOC04MGRjLTQ1M2QtYTBlNS0yYmMwNDdmOGFjZmY/YXBpLXZlcnNpb249MjAyMC0wMy0wMQ==",
      "RequestMethod": "GET",
      "RequestBody": "",
      "RequestHeaders": {
        "User-Agent": [
          "FxVersion/4.6.28516.03",
          "OSName/Windows",
          "OSVersion/Microsoft.Windows.10.0.18363.",
          "Microsoft.Azure.Management.CosmosDB.CosmosDBManagementClient/1.1.0.0"
        ]
      },
      "ResponseHeaders": {
        "Cache-Control": [
          "no-store, no-cache"
        ],
        "Pragma": [
          "no-cache"
        ],
        "Strict-Transport-Security": [
          "max-age=31536000; includeSubDomains"
        ],
        "x-ms-gatewayversion": [
          "version=2.10.0"
        ],
        "Server": [
          "Microsoft-HTTPAPI/2.0"
        ],
        "x-ms-ratelimit-remaining-subscription-reads": [
          "11999"
        ],
        "x-ms-request-id": [
          "4d4452ae-5d46-4085-b8ff-67dcc4e22788"
        ],
        "x-ms-correlation-request-id": [
          "4d4452ae-5d46-4085-b8ff-67dcc4e22788"
        ],
        "x-ms-routing-request-id": [
          "WESTUS:20200415T032922Z:4d4452ae-5d46-4085-b8ff-67dcc4e22788"
        ],
        "X-Content-Type-Options": [
          "nosniff"
        ],
        "Date": [
          "Wed, 15 Apr 2020 03:29:22 GMT"
        ],
        "Content-Length": [
          "22"
        ],
        "Content-Type": [
          "application/json"
        ],
        "Content-Location": [
          "https://management.documents.azure.com:450/subscriptions/12053b8f-cab5-4f5c-9c1a-870580142abd/providers/Microsoft.DocumentDB/locations/southcentralus/operationsStatus/4bc2a408-80dc-453d-a0e5-2bc047f8acff?api-version=2020-03-01"
        ]
      },
      "ResponseBody": "{\r\n  \"status\": \"Succeeded\"\r\n}",
      "StatusCode": 200
    },
    {
      "RequestUri": "/subscriptions/12053b8f-cab5-4f5c-9c1a-870580142abd/resourceGroups/rgtest9921232812/providers/Microsoft.DocumentDB/databaseAccounts/cosmosdb9921232812/sqlDatabases/dbName3/operationResults/4bc2a408-80dc-453d-a0e5-2bc047f8acff?api-version=2020-03-01",
      "EncodedRequestUri": "L3N1YnNjcmlwdGlvbnMvMTIwNTNiOGYtY2FiNS00ZjVjLTljMWEtODcwNTgwMTQyYWJkL3Jlc291cmNlR3JvdXBzL3JndGVzdDk5MjEyMzI4MTIvcHJvdmlkZXJzL01pY3Jvc29mdC5Eb2N1bWVudERCL2RhdGFiYXNlQWNjb3VudHMvY29zbW9zZGI5OTIxMjMyODEyL3NxbERhdGFiYXNlcy9kYk5hbWUzL29wZXJhdGlvblJlc3VsdHMvNGJjMmE0MDgtODBkYy00NTNkLWEwZTUtMmJjMDQ3ZjhhY2ZmP2FwaS12ZXJzaW9uPTIwMjAtMDMtMDE=",
      "RequestMethod": "GET",
      "RequestBody": "",
      "RequestHeaders": {
        "User-Agent": [
          "FxVersion/4.6.28516.03",
          "OSName/Windows",
          "OSVersion/Microsoft.Windows.10.0.18363.",
          "Microsoft.Azure.Management.CosmosDB.CosmosDBManagementClient/1.1.0.0"
        ]
      },
      "ResponseHeaders": {
        "Cache-Control": [
          "no-store, no-cache"
        ],
        "Pragma": [
          "no-cache"
        ],
        "Strict-Transport-Security": [
          "max-age=31536000; includeSubDomains"
        ],
        "x-ms-gatewayversion": [
          "version=2.10.0"
        ],
        "Server": [
          "Microsoft-HTTPAPI/2.0"
        ],
        "x-ms-ratelimit-remaining-subscription-reads": [
          "11998"
        ],
        "x-ms-request-id": [
          "20b68cd4-2cc6-4727-b98e-824fc26b0201"
        ],
        "x-ms-correlation-request-id": [
          "20b68cd4-2cc6-4727-b98e-824fc26b0201"
        ],
        "x-ms-routing-request-id": [
          "WESTUS:20200415T032923Z:20b68cd4-2cc6-4727-b98e-824fc26b0201"
        ],
        "X-Content-Type-Options": [
          "nosniff"
        ],
        "Date": [
          "Wed, 15 Apr 2020 03:29:23 GMT"
        ],
        "Content-Type": [
          "application/json"
        ],
        "Content-Location": [
          "https://management.documents.azure.com:450/subscriptions/12053b8f-cab5-4f5c-9c1a-870580142abd/resourceGroups/rgtest9921232812/providers/Microsoft.DocumentDB/databaseAccounts/cosmosdb9921232812/sqlDatabases/dbName3/operationResults/4bc2a408-80dc-453d-a0e5-2bc047f8acff?api-version=2020-03-01"
        ]
      },
      "ResponseBody": "",
      "StatusCode": 204
    }
  ],
  "Names": {},
  "Variables": {
    "SubscriptionId": "12053b8f-cab5-4f5c-9c1a-870580142abd"
  }
}