{
  "Entries": [
    {
      "RequestUri": "/subscriptions/12053b8f-cab5-4f5c-9c1a-870580142abd/resourceGroups/rgtest9921232812/providers/Microsoft.DocumentDB/databaseAccounts/cosmosdb9921232812/sqlDatabases/dbName3?api-version=2020-03-01",
      "EncodedRequestUri": "L3N1YnNjcmlwdGlvbnMvMTIwNTNiOGYtY2FiNS00ZjVjLTljMWEtODcwNTgwMTQyYWJkL3Jlc291cmNlR3JvdXBzL3JndGVzdDk5MjEyMzI4MTIvcHJvdmlkZXJzL01pY3Jvc29mdC5Eb2N1bWVudERCL2RhdGFiYXNlQWNjb3VudHMvY29zbW9zZGI5OTIxMjMyODEyL3NxbERhdGFiYXNlcy9kYk5hbWUzP2FwaS12ZXJzaW9uPTIwMjAtMDMtMDE=",
      "RequestMethod": "PUT",
      "RequestBody": "{\r\n  \"properties\": {\r\n    \"resource\": {\r\n      \"id\": \"dbName3\"\r\n    },\r\n    \"options\": {\r\n      \"throughput\": \"1200\"\r\n    }\r\n  }\r\n}",
      "RequestHeaders": {
        "x-ms-client-request-id": [
          "b051e185-5886-4064-9673-6ae6dbb36e07"
        ],
        "Accept-Language": [
          "en-US"
        ],
        "User-Agent": [
          "FxVersion/4.6.28207.03",
          "OSName/Windows",
          "OSVersion/Microsoft.Windows.10.0.18363.",
          "Microsoft.Azure.Management.CosmosDB.CosmosDBManagementClient/1.1.0.0"
        ],
        "Content-Type": [
          "application/json; charset=utf-8"
        ],
        "Content-Length": [
          "131"
        ]
      },
      "ResponseHeaders": {
        "Cache-Control": [
          "no-store, no-cache"
        ],
        "Pragma": [
          "no-cache"
        ],
        "Location": [
          "https://management.azure.com/subscriptions/12053b8f-cab5-4f5c-9c1a-870580142abd/resourceGroups/rgtest9921232812/providers/Microsoft.DocumentDB/databaseAccounts/cosmosdb9921232812/sqlDatabases/dbName3/operationResults/052488ce-aa5b-4aa4-afe6-2f03b9bd05af?api-version=2020-03-01"
        ],
        "Azure-AsyncOperation": [
          "https://management.azure.com/subscriptions/12053b8f-cab5-4f5c-9c1a-870580142abd/providers/Microsoft.DocumentDB/locations/westus/operationsStatus/052488ce-aa5b-4aa4-afe6-2f03b9bd05af?api-version=2020-03-01"
        ],
        "x-ms-request-id": [
          "052488ce-aa5b-4aa4-afe6-2f03b9bd05af"
        ],
        "Strict-Transport-Security": [
          "max-age=31536000; includeSubDomains"
        ],
        "x-ms-gatewayversion": [
          "version=2.10.0"
        ],
        "Server": [
          "Microsoft-HTTPAPI/2.0"
        ],
        "x-ms-ratelimit-remaining-subscription-writes": [
          "1197"
        ],
        "x-ms-correlation-request-id": [
          "7aca8cb5-bf96-4a50-92e9-365011751bfe"
        ],
        "x-ms-routing-request-id": [
          "WESTUS:20200409T011019Z:7aca8cb5-bf96-4a50-92e9-365011751bfe"
        ],
        "X-Content-Type-Options": [
          "nosniff"
        ],
        "Date": [
          "Thu, 09 Apr 2020 01:10:18 GMT"
        ],
        "Content-Length": [
          "21"
        ],
        "Content-Type": [
          "application/json"
        ],
        "Content-Location": [
          "https://management.documents.azure.com:450/subscriptions/12053b8f-cab5-4f5c-9c1a-870580142abd/resourceGroups/rgtest9921232812/providers/Microsoft.DocumentDB/databaseAccounts/cosmosdb9921232812/sqlDatabases/dbName3?api-version=2020-03-01"
        ]
      },
      "ResponseBody": "{\r\n  \"status\": \"Enqueued\"\r\n}",
      "StatusCode": 202
    },
    {
      "RequestUri": "/subscriptions/12053b8f-cab5-4f5c-9c1a-870580142abd/providers/Microsoft.DocumentDB/locations/westus/operationsStatus/052488ce-aa5b-4aa4-afe6-2f03b9bd05af?api-version=2020-03-01",
      "EncodedRequestUri": "L3N1YnNjcmlwdGlvbnMvMTIwNTNiOGYtY2FiNS00ZjVjLTljMWEtODcwNTgwMTQyYWJkL3Byb3ZpZGVycy9NaWNyb3NvZnQuRG9jdW1lbnREQi9sb2NhdGlvbnMvd2VzdHVzL29wZXJhdGlvbnNTdGF0dXMvMDUyNDg4Y2UtYWE1Yi00YWE0LWFmZTYtMmYwM2I5YmQwNWFmP2FwaS12ZXJzaW9uPTIwMjAtMDMtMDE=",
      "RequestMethod": "GET",
      "RequestBody": "",
      "RequestHeaders": {
        "User-Agent": [
          "FxVersion/4.6.28207.03",
          "OSName/Windows",
          "OSVersion/Microsoft.Windows.10.0.18363.",
          "Microsoft.Azure.Management.CosmosDB.CosmosDBManagementClient/1.1.0.0"
        ]
      },
      "ResponseHeaders": {
        "Cache-Control": [
          "no-store, no-cache"
        ],
        "Pragma": [
          "no-cache"
        ],
        "Strict-Transport-Security": [
          "max-age=31536000; includeSubDomains"
        ],
        "x-ms-gatewayversion": [
          "version=2.10.0"
        ],
        "Server": [
          "Microsoft-HTTPAPI/2.0"
        ],
        "x-ms-ratelimit-remaining-subscription-reads": [
          "11974"
        ],
        "x-ms-request-id": [
          "725d84b0-3dde-4d96-bc5a-9cc54f9eb812"
        ],
        "x-ms-correlation-request-id": [
          "725d84b0-3dde-4d96-bc5a-9cc54f9eb812"
        ],
        "x-ms-routing-request-id": [
          "WESTUS:20200409T011050Z:725d84b0-3dde-4d96-bc5a-9cc54f9eb812"
        ],
        "X-Content-Type-Options": [
          "nosniff"
        ],
        "Date": [
          "Thu, 09 Apr 2020 01:10:49 GMT"
        ],
        "Content-Length": [
          "22"
        ],
        "Content-Type": [
          "application/json"
        ],
        "Content-Location": [
          "https://management.documents.azure.com:450/subscriptions/12053b8f-cab5-4f5c-9c1a-870580142abd/providers/Microsoft.DocumentDB/locations/westus/operationsStatus/052488ce-aa5b-4aa4-afe6-2f03b9bd05af?api-version=2020-03-01"
        ]
      },
      "ResponseBody": "{\r\n  \"status\": \"Succeeded\"\r\n}",
      "StatusCode": 200
    },
    {
      "RequestUri": "/subscriptions/12053b8f-cab5-4f5c-9c1a-870580142abd/resourceGroups/rgtest9921232812/providers/Microsoft.DocumentDB/databaseAccounts/cosmosdb9921232812/sqlDatabases/dbName3?api-version=2020-03-01",
      "EncodedRequestUri": "L3N1YnNjcmlwdGlvbnMvMTIwNTNiOGYtY2FiNS00ZjVjLTljMWEtODcwNTgwMTQyYWJkL3Jlc291cmNlR3JvdXBzL3JndGVzdDk5MjEyMzI4MTIvcHJvdmlkZXJzL01pY3Jvc29mdC5Eb2N1bWVudERCL2RhdGFiYXNlQWNjb3VudHMvY29zbW9zZGI5OTIxMjMyODEyL3NxbERhdGFiYXNlcy9kYk5hbWUzP2FwaS12ZXJzaW9uPTIwMjAtMDMtMDE=",
      "RequestMethod": "GET",
      "RequestBody": "",
      "RequestHeaders": {
        "User-Agent": [
          "FxVersion/4.6.28207.03",
          "OSName/Windows",
          "OSVersion/Microsoft.Windows.10.0.18363.",
          "Microsoft.Azure.Management.CosmosDB.CosmosDBManagementClient/1.1.0.0"
        ]
      },
      "ResponseHeaders": {
        "Cache-Control": [
          "no-store, no-cache"
        ],
        "Pragma": [
          "no-cache"
        ],
        "Strict-Transport-Security": [
          "max-age=31536000; includeSubDomains"
        ],
        "x-ms-gatewayversion": [
          "version=2.10.0"
        ],
        "Server": [
          "Microsoft-HTTPAPI/2.0"
        ],
        "x-ms-ratelimit-remaining-subscription-reads": [
          "11973"
        ],
        "x-ms-request-id": [
          "4fda9f78-13b4-42d2-a5bb-62b19dbf9acc"
        ],
        "x-ms-correlation-request-id": [
          "4fda9f78-13b4-42d2-a5bb-62b19dbf9acc"
        ],
        "x-ms-routing-request-id": [
          "WESTUS:20200409T011050Z:4fda9f78-13b4-42d2-a5bb-62b19dbf9acc"
        ],
        "X-Content-Type-Options": [
          "nosniff"
        ],
        "Date": [
          "Thu, 09 Apr 2020 01:10:49 GMT"
        ],
        "Content-Length": [
          "446"
        ],
        "Content-Type": [
          "application/json"
        ],
        "Content-Location": [
          "https://management.documents.azure.com:450/subscriptions/12053b8f-cab5-4f5c-9c1a-870580142abd/resourceGroups/rgtest9921232812/providers/Microsoft.DocumentDB/databaseAccounts/cosmosdb9921232812/sqlDatabases/dbName3?api-version=2020-03-01"
        ]
      },
      "ResponseBody": "{\r\n  \"id\": \"/subscriptions/12053b8f-cab5-4f5c-9c1a-870580142abd/resourceGroups/rgtest9921232812/providers/Microsoft.DocumentDB/databaseAccounts/cosmosdb9921232812/sqlDatabases/dbName3\",\r\n  \"type\": \"Microsoft.DocumentDB/databaseAccounts/sqlDatabases\",\r\n  \"name\": \"dbName3\",\r\n  \"properties\": {\r\n    \"resource\": {\r\n      \"id\": \"dbName3\",\r\n      \"_rid\": \"dogZAA==\",\r\n      \"_self\": \"dbs/dogZAA==/\",\r\n      \"_etag\": \"\\\"00002900-0000-0700-0000-5e8e76030000\\\"\",\r\n      \"_colls\": \"colls/\",\r\n      \"_users\": \"users/\",\r\n      \"_ts\": 1586394627\r\n    }\r\n  }\r\n}",
      "StatusCode": 200
    },
    {
      "RequestUri": "/subscriptions/12053b8f-cab5-4f5c-9c1a-870580142abd/resourceGroups/rgtest9921232812/providers/Microsoft.DocumentDB/databaseAccounts/cosmosdb9921232812/sqlDatabases/dbName3/throughputSettings/default?api-version=2020-03-01",
      "EncodedRequestUri": "L3N1YnNjcmlwdGlvbnMvMTIwNTNiOGYtY2FiNS00ZjVjLTljMWEtODcwNTgwMTQyYWJkL3Jlc291cmNlR3JvdXBzL3JndGVzdDk5MjEyMzI4MTIvcHJvdmlkZXJzL01pY3Jvc29mdC5Eb2N1bWVudERCL2RhdGFiYXNlQWNjb3VudHMvY29zbW9zZGI5OTIxMjMyODEyL3NxbERhdGFiYXNlcy9kYk5hbWUzL3Rocm91Z2hwdXRTZXR0aW5ncy9kZWZhdWx0P2FwaS12ZXJzaW9uPTIwMjAtMDMtMDE=",
      "RequestMethod": "GET",
      "RequestBody": "",
      "RequestHeaders": {
        "x-ms-client-request-id": [
          "399be797-6225-4be9-a2b6-82aeb417abc3"
        ],
        "Accept-Language": [
          "en-US"
        ],
        "User-Agent": [
          "FxVersion/4.6.28207.03",
          "OSName/Windows",
          "OSVersion/Microsoft.Windows.10.0.18363.",
          "Microsoft.Azure.Management.CosmosDB.CosmosDBManagementClient/1.1.0.0"
        ]
      },
      "ResponseHeaders": {
        "Cache-Control": [
          "no-store, no-cache"
        ],
        "Pragma": [
          "no-cache"
        ],
        "Strict-Transport-Security": [
          "max-age=31536000; includeSubDomains"
        ],
        "x-ms-gatewayversion": [
          "version=2.10.0"
        ],
        "Server": [
          "Microsoft-HTTPAPI/2.0"
        ],
        "x-ms-ratelimit-remaining-subscription-reads": [
          "11972"
        ],
        "x-ms-request-id": [
          "d36c38ac-48e8-4fe5-a055-c904fca80982"
        ],
        "x-ms-correlation-request-id": [
          "d36c38ac-48e8-4fe5-a055-c904fca80982"
        ],
        "x-ms-routing-request-id": [
          "WESTUS:20200409T011051Z:d36c38ac-48e8-4fe5-a055-c904fca80982"
        ],
        "X-Content-Type-Options": [
          "nosniff"
        ],
        "Date": [
          "Thu, 09 Apr 2020 01:10:50 GMT"
        ],
        "Content-Length": [
          "372"
        ],
        "Content-Type": [
          "application/json"
        ],
        "Content-Location": [
          "https://management.documents.azure.com:450/subscriptions/12053b8f-cab5-4f5c-9c1a-870580142abd/resourceGroups/rgtest9921232812/providers/Microsoft.DocumentDB/databaseAccounts/cosmosdb9921232812/sqlDatabases/dbName3/throughputSettings/default?api-version=2020-03-01"
        ]
      },
      "ResponseBody": "{\r\n  \"id\": \"/subscriptions/12053b8f-cab5-4f5c-9c1a-870580142abd/resourceGroups/rgtest9921232812/providers/Microsoft.DocumentDB/databaseAccounts/cosmosdb9921232812/sqlDatabases/dbName3/throughputSettings/default\",\r\n  \"type\": \"Microsoft.DocumentDB/databaseAccounts/sqlDatabases/throughputSettings\",\r\n  \"name\": \"bexj\",\r\n  \"properties\": {\r\n    \"resource\": {\r\n      \"throughput\": 1200,\r\n      \"minimumThroughput\": \"400\"\r\n    }\r\n  }\r\n}",
      "StatusCode": 200
    },
    {
      "RequestUri": "/subscriptions/12053b8f-cab5-4f5c-9c1a-870580142abd/resourceGroups/rgtest9921232812/providers/Microsoft.DocumentDB/databaseAccounts/cosmosdb9921232812/sqlDatabases/dbName3/throughputSettings/default?api-version=2020-03-01",
      "EncodedRequestUri": "L3N1YnNjcmlwdGlvbnMvMTIwNTNiOGYtY2FiNS00ZjVjLTljMWEtODcwNTgwMTQyYWJkL3Jlc291cmNlR3JvdXBzL3JndGVzdDk5MjEyMzI4MTIvcHJvdmlkZXJzL01pY3Jvc29mdC5Eb2N1bWVudERCL2RhdGFiYXNlQWNjb3VudHMvY29zbW9zZGI5OTIxMjMyODEyL3NxbERhdGFiYXNlcy9kYk5hbWUzL3Rocm91Z2hwdXRTZXR0aW5ncy9kZWZhdWx0P2FwaS12ZXJzaW9uPTIwMjAtMDMtMDE=",
      "RequestMethod": "GET",
      "RequestBody": "",
      "RequestHeaders": {
        "User-Agent": [
          "FxVersion/4.6.28207.03",
          "OSName/Windows",
          "OSVersion/Microsoft.Windows.10.0.18363.",
          "Microsoft.Azure.Management.CosmosDB.CosmosDBManagementClient/1.1.0.0"
        ]
      },
      "ResponseHeaders": {
        "Cache-Control": [
          "no-store, no-cache"
        ],
        "Pragma": [
          "no-cache"
        ],
        "Strict-Transport-Security": [
          "max-age=31536000; includeSubDomains"
        ],
        "x-ms-gatewayversion": [
          "version=2.10.0"
        ],
        "Server": [
          "Microsoft-HTTPAPI/2.0"
        ],
        "x-ms-ratelimit-remaining-subscription-reads": [
          "11970"
        ],
        "x-ms-request-id": [
          "e6ce30e6-d279-450a-b266-fd24f067a44c"
        ],
        "x-ms-correlation-request-id": [
          "e6ce30e6-d279-450a-b266-fd24f067a44c"
        ],
        "x-ms-routing-request-id": [
          "WESTUS:20200409T011122Z:e6ce30e6-d279-450a-b266-fd24f067a44c"
        ],
        "X-Content-Type-Options": [
          "nosniff"
        ],
        "Date": [
          "Thu, 09 Apr 2020 01:11:22 GMT"
        ],
        "Content-Length": [
          "372"
        ],
        "Content-Type": [
          "application/json"
        ],
        "Content-Location": [
          "https://management.documents.azure.com:450/subscriptions/12053b8f-cab5-4f5c-9c1a-870580142abd/resourceGroups/rgtest9921232812/providers/Microsoft.DocumentDB/databaseAccounts/cosmosdb9921232812/sqlDatabases/dbName3/throughputSettings/default?api-version=2020-03-01"
        ]
      },
      "ResponseBody": "{\r\n  \"id\": \"/subscriptions/12053b8f-cab5-4f5c-9c1a-870580142abd/resourceGroups/rgtest9921232812/providers/Microsoft.DocumentDB/databaseAccounts/cosmosdb9921232812/sqlDatabases/dbName3/throughputSettings/default\",\r\n  \"type\": \"Microsoft.DocumentDB/databaseAccounts/sqlDatabases/throughputSettings\",\r\n  \"name\": \"bexj\",\r\n  \"properties\": {\r\n    \"resource\": {\r\n      \"throughput\": 1100,\r\n      \"minimumThroughput\": \"400\"\r\n    }\r\n  }\r\n}",
      "StatusCode": 200
    },
    {
      "RequestUri": "/subscriptions/12053b8f-cab5-4f5c-9c1a-870580142abd/resourceGroups/rgtest9921232812/providers/Microsoft.DocumentDB/databaseAccounts/cosmosdb9921232812/sqlDatabases/dbName3/throughputSettings/default?api-version=2020-03-01",
      "EncodedRequestUri": "L3N1YnNjcmlwdGlvbnMvMTIwNTNiOGYtY2FiNS00ZjVjLTljMWEtODcwNTgwMTQyYWJkL3Jlc291cmNlR3JvdXBzL3JndGVzdDk5MjEyMzI4MTIvcHJvdmlkZXJzL01pY3Jvc29mdC5Eb2N1bWVudERCL2RhdGFiYXNlQWNjb3VudHMvY29zbW9zZGI5OTIxMjMyODEyL3NxbERhdGFiYXNlcy9kYk5hbWUzL3Rocm91Z2hwdXRTZXR0aW5ncy9kZWZhdWx0P2FwaS12ZXJzaW9uPTIwMjAtMDMtMDE=",
      "RequestMethod": "GET",
      "RequestBody": "",
      "RequestHeaders": {
        "User-Agent": [
          "FxVersion/4.6.28207.03",
          "OSName/Windows",
          "OSVersion/Microsoft.Windows.10.0.18363.",
          "Microsoft.Azure.Management.CosmosDB.CosmosDBManagementClient/1.1.0.0"
        ]
      },
      "ResponseHeaders": {
        "Cache-Control": [
          "no-store, no-cache"
        ],
        "Pragma": [
          "no-cache"
        ],
        "Strict-Transport-Security": [
          "max-age=31536000; includeSubDomains"
        ],
        "x-ms-gatewayversion": [
          "version=2.10.0"
        ],
        "Server": [
          "Microsoft-HTTPAPI/2.0"
        ],
        "x-ms-ratelimit-remaining-subscription-reads": [
          "11968"
        ],
        "x-ms-request-id": [
          "0b8f2c95-cc50-4a75-b185-84836f2f1030"
        ],
        "x-ms-correlation-request-id": [
          "0b8f2c95-cc50-4a75-b185-84836f2f1030"
        ],
        "x-ms-routing-request-id": [
          "WESTUS:20200409T011154Z:0b8f2c95-cc50-4a75-b185-84836f2f1030"
        ],
        "X-Content-Type-Options": [
          "nosniff"
        ],
        "Date": [
          "Thu, 09 Apr 2020 01:11:54 GMT"
        ],
        "Content-Length": [
          "372"
        ],
        "Content-Type": [
          "application/json"
        ],
        "Content-Location": [
          "https://management.documents.azure.com:450/subscriptions/12053b8f-cab5-4f5c-9c1a-870580142abd/resourceGroups/rgtest9921232812/providers/Microsoft.DocumentDB/databaseAccounts/cosmosdb9921232812/sqlDatabases/dbName3/throughputSettings/default?api-version=2020-03-01"
        ]
      },
      "ResponseBody": "{\r\n  \"id\": \"/subscriptions/12053b8f-cab5-4f5c-9c1a-870580142abd/resourceGroups/rgtest9921232812/providers/Microsoft.DocumentDB/databaseAccounts/cosmosdb9921232812/sqlDatabases/dbName3/throughputSettings/default\",\r\n  \"type\": \"Microsoft.DocumentDB/databaseAccounts/sqlDatabases/throughputSettings\",\r\n  \"name\": \"bexj\",\r\n  \"properties\": {\r\n    \"resource\": {\r\n      \"throughput\": 1000,\r\n      \"minimumThroughput\": \"400\"\r\n    }\r\n  }\r\n}",
      "StatusCode": 200
    },
    {
      "RequestUri": "/subscriptions/12053b8f-cab5-4f5c-9c1a-870580142abd/resourceGroups/rgtest9921232812/providers/Microsoft.DocumentDB/databaseAccounts/cosmosdb9921232812/sqlDatabases/dbName3/throughputSettings/default?api-version=2020-03-01",
      "EncodedRequestUri": "L3N1YnNjcmlwdGlvbnMvMTIwNTNiOGYtY2FiNS00ZjVjLTljMWEtODcwNTgwMTQyYWJkL3Jlc291cmNlR3JvdXBzL3JndGVzdDk5MjEyMzI4MTIvcHJvdmlkZXJzL01pY3Jvc29mdC5Eb2N1bWVudERCL2RhdGFiYXNlQWNjb3VudHMvY29zbW9zZGI5OTIxMjMyODEyL3NxbERhdGFiYXNlcy9kYk5hbWUzL3Rocm91Z2hwdXRTZXR0aW5ncy9kZWZhdWx0P2FwaS12ZXJzaW9uPTIwMjAtMDMtMDE=",
      "RequestMethod": "GET",
      "RequestBody": "",
      "RequestHeaders": {
        "User-Agent": [
          "FxVersion/4.6.28207.03",
          "OSName/Windows",
          "OSVersion/Microsoft.Windows.10.0.18363.",
          "Microsoft.Azure.Management.CosmosDB.CosmosDBManagementClient/1.1.0.0"
        ]
      },
      "ResponseHeaders": {
        "Cache-Control": [
          "no-store, no-cache"
        ],
        "Pragma": [
          "no-cache"
        ],
        "Strict-Transport-Security": [
          "max-age=31536000; includeSubDomains"
        ],
        "x-ms-gatewayversion": [
          "version=2.10.0"
        ],
        "Server": [
          "Microsoft-HTTPAPI/2.0"
        ],
        "x-ms-ratelimit-remaining-subscription-reads": [
          "11965"
        ],
        "x-ms-request-id": [
          "b5670362-9fdb-4bc7-aa6f-76dffaeeb79d"
        ],
        "x-ms-correlation-request-id": [
          "b5670362-9fdb-4bc7-aa6f-76dffaeeb79d"
        ],
        "x-ms-routing-request-id": [
          "WESTUS:20200409T011226Z:b5670362-9fdb-4bc7-aa6f-76dffaeeb79d"
        ],
        "X-Content-Type-Options": [
          "nosniff"
        ],
        "Date": [
          "Thu, 09 Apr 2020 01:12:25 GMT"
        ],
        "Content-Length": [
          "371"
        ],
        "Content-Type": [
          "application/json"
        ],
        "Content-Location": [
          "https://management.documents.azure.com:450/subscriptions/12053b8f-cab5-4f5c-9c1a-870580142abd/resourceGroups/rgtest9921232812/providers/Microsoft.DocumentDB/databaseAccounts/cosmosdb9921232812/sqlDatabases/dbName3/throughputSettings/default?api-version=2020-03-01"
        ]
      },
      "ResponseBody": "{\r\n  \"id\": \"/subscriptions/12053b8f-cab5-4f5c-9c1a-870580142abd/resourceGroups/rgtest9921232812/providers/Microsoft.DocumentDB/databaseAccounts/cosmosdb9921232812/sqlDatabases/dbName3/throughputSettings/default\",\r\n  \"type\": \"Microsoft.DocumentDB/databaseAccounts/sqlDatabases/throughputSettings\",\r\n  \"name\": \"bexj\",\r\n  \"properties\": {\r\n    \"resource\": {\r\n      \"throughput\": 900,\r\n      \"minimumThroughput\": \"400\"\r\n    }\r\n  }\r\n}",
      "StatusCode": 200
    },
    {
      "RequestUri": "/subscriptions/12053b8f-cab5-4f5c-9c1a-870580142abd/resourceGroups/rgtest9921232812/providers/Microsoft.DocumentDB/databaseAccounts/cosmosdb9921232812/sqlDatabases/dbName3/throughputSettings/default?api-version=2020-03-01",
      "EncodedRequestUri": "L3N1YnNjcmlwdGlvbnMvMTIwNTNiOGYtY2FiNS00ZjVjLTljMWEtODcwNTgwMTQyYWJkL3Jlc291cmNlR3JvdXBzL3JndGVzdDk5MjEyMzI4MTIvcHJvdmlkZXJzL01pY3Jvc29mdC5Eb2N1bWVudERCL2RhdGFiYXNlQWNjb3VudHMvY29zbW9zZGI5OTIxMjMyODEyL3NxbERhdGFiYXNlcy9kYk5hbWUzL3Rocm91Z2hwdXRTZXR0aW5ncy9kZWZhdWx0P2FwaS12ZXJzaW9uPTIwMjAtMDMtMDE=",
      "RequestMethod": "PUT",
      "RequestBody": "{\r\n  \"properties\": {\r\n    \"resource\": {\r\n      \"throughput\": 1100\r\n    }\r\n  }\r\n}",
      "RequestHeaders": {
        "x-ms-client-request-id": [
          "69628b1b-0b52-4453-99fa-4526ed037bf9"
        ],
        "Accept-Language": [
          "en-US"
        ],
        "User-Agent": [
          "FxVersion/4.6.28207.03",
          "OSName/Windows",
          "OSVersion/Microsoft.Windows.10.0.18363.",
          "Microsoft.Azure.Management.CosmosDB.CosmosDBManagementClient/1.1.0.0"
        ],
        "Content-Type": [
          "application/json; charset=utf-8"
        ],
        "Content-Length": [
          "80"
        ]
      },
      "ResponseHeaders": {
        "Cache-Control": [
          "no-store, no-cache"
        ],
        "Pragma": [
          "no-cache"
        ],
        "Location": [
          "https://management.azure.com/subscriptions/12053b8f-cab5-4f5c-9c1a-870580142abd/resourceGroups/rgtest9921232812/providers/Microsoft.DocumentDB/databaseAccounts/cosmosdb9921232812/sqlDatabases/dbName3/throughputSettings/default/operationResults/3b9f46ab-4c47-45f9-80e0-dff64a5d4d62?api-version=2020-03-01"
        ],
        "Azure-AsyncOperation": [
          "https://management.azure.com/subscriptions/12053b8f-cab5-4f5c-9c1a-870580142abd/providers/Microsoft.DocumentDB/locations/westus/operationsStatus/3b9f46ab-4c47-45f9-80e0-dff64a5d4d62?api-version=2020-03-01"
        ],
        "x-ms-request-id": [
          "3b9f46ab-4c47-45f9-80e0-dff64a5d4d62"
        ],
        "Strict-Transport-Security": [
          "max-age=31536000; includeSubDomains"
        ],
        "x-ms-gatewayversion": [
          "version=2.10.0"
        ],
        "Server": [
          "Microsoft-HTTPAPI/2.0"
        ],
        "x-ms-ratelimit-remaining-subscription-writes": [
          "1196"
        ],
        "x-ms-correlation-request-id": [
          "a35bd883-8344-4406-97df-9f67de95b950"
        ],
        "x-ms-routing-request-id": [
          "WESTUS:20200409T011051Z:a35bd883-8344-4406-97df-9f67de95b950"
        ],
        "X-Content-Type-Options": [
          "nosniff"
        ],
        "Date": [
          "Thu, 09 Apr 2020 01:10:50 GMT"
        ],
        "Content-Length": [
          "21"
        ],
        "Content-Type": [
          "application/json"
        ],
        "Content-Location": [
          "https://management.documents.azure.com:450/subscriptions/12053b8f-cab5-4f5c-9c1a-870580142abd/resourceGroups/rgtest9921232812/providers/Microsoft.DocumentDB/databaseAccounts/cosmosdb9921232812/sqlDatabases/dbName3/throughputSettings/default?api-version=2020-03-01"
        ]
      },
      "ResponseBody": "{\r\n  \"status\": \"Enqueued\"\r\n}",
      "StatusCode": 202
    },
    {
      "RequestUri": "/subscriptions/12053b8f-cab5-4f5c-9c1a-870580142abd/resourceGroups/rgtest9921232812/providers/Microsoft.DocumentDB/databaseAccounts/cosmosdb9921232812/sqlDatabases/dbName3/throughputSettings/default?api-version=2020-03-01",
      "EncodedRequestUri": "L3N1YnNjcmlwdGlvbnMvMTIwNTNiOGYtY2FiNS00ZjVjLTljMWEtODcwNTgwMTQyYWJkL3Jlc291cmNlR3JvdXBzL3JndGVzdDk5MjEyMzI4MTIvcHJvdmlkZXJzL01pY3Jvc29mdC5Eb2N1bWVudERCL2RhdGFiYXNlQWNjb3VudHMvY29zbW9zZGI5OTIxMjMyODEyL3NxbERhdGFiYXNlcy9kYk5hbWUzL3Rocm91Z2hwdXRTZXR0aW5ncy9kZWZhdWx0P2FwaS12ZXJzaW9uPTIwMjAtMDMtMDE=",
      "RequestMethod": "PUT",
      "RequestBody": "{\r\n  \"properties\": {\r\n    \"resource\": {\r\n      \"throughput\": 1000\r\n    }\r\n  }\r\n}",
      "RequestHeaders": {
        "x-ms-client-request-id": [
          "75086510-8a7f-47f0-8a23-f65dc71a2bda"
        ],
        "Accept-Language": [
          "en-US"
        ],
        "User-Agent": [
          "FxVersion/4.6.28207.03",
          "OSName/Windows",
          "OSVersion/Microsoft.Windows.10.0.18363.",
          "Microsoft.Azure.Management.CosmosDB.CosmosDBManagementClient/1.1.0.0"
        ],
        "Content-Type": [
          "application/json; charset=utf-8"
        ],
        "Content-Length": [
          "80"
        ]
      },
      "ResponseHeaders": {
        "Cache-Control": [
          "no-store, no-cache"
        ],
        "Pragma": [
          "no-cache"
        ],
        "Location": [
          "https://management.azure.com/subscriptions/12053b8f-cab5-4f5c-9c1a-870580142abd/resourceGroups/rgtest9921232812/providers/Microsoft.DocumentDB/databaseAccounts/cosmosdb9921232812/sqlDatabases/dbName3/throughputSettings/default/operationResults/17a3245f-afe7-4733-b83c-6f99ac48d9bb?api-version=2020-03-01"
        ],
        "Azure-AsyncOperation": [
          "https://management.azure.com/subscriptions/12053b8f-cab5-4f5c-9c1a-870580142abd/providers/Microsoft.DocumentDB/locations/westus/operationsStatus/17a3245f-afe7-4733-b83c-6f99ac48d9bb?api-version=2020-03-01"
        ],
        "x-ms-request-id": [
          "17a3245f-afe7-4733-b83c-6f99ac48d9bb"
        ],
        "Strict-Transport-Security": [
          "max-age=31536000; includeSubDomains"
        ],
        "x-ms-gatewayversion": [
          "version=2.10.0"
        ],
        "Server": [
          "Microsoft-HTTPAPI/2.0"
        ],
        "x-ms-ratelimit-remaining-subscription-writes": [
          "1195"
        ],
        "x-ms-correlation-request-id": [
          "33325889-13eb-4738-8a6f-e83f5c058582"
        ],
        "x-ms-routing-request-id": [
          "WESTUS:20200409T011123Z:33325889-13eb-4738-8a6f-e83f5c058582"
        ],
        "X-Content-Type-Options": [
          "nosniff"
        ],
        "Date": [
          "Thu, 09 Apr 2020 01:11:23 GMT"
        ],
        "Content-Length": [
          "21"
        ],
        "Content-Type": [
          "application/json"
        ],
        "Content-Location": [
          "https://management.documents.azure.com:450/subscriptions/12053b8f-cab5-4f5c-9c1a-870580142abd/resourceGroups/rgtest9921232812/providers/Microsoft.DocumentDB/databaseAccounts/cosmosdb9921232812/sqlDatabases/dbName3/throughputSettings/default?api-version=2020-03-01"
        ]
      },
      "ResponseBody": "{\r\n  \"status\": \"Enqueued\"\r\n}",
      "StatusCode": 202
    },
    {
      "RequestUri": "/subscriptions/12053b8f-cab5-4f5c-9c1a-870580142abd/resourceGroups/rgtest9921232812/providers/Microsoft.DocumentDB/databaseAccounts/cosmosdb9921232812/sqlDatabases/dbName3/throughputSettings/default?api-version=2020-03-01",
      "EncodedRequestUri": "L3N1YnNjcmlwdGlvbnMvMTIwNTNiOGYtY2FiNS00ZjVjLTljMWEtODcwNTgwMTQyYWJkL3Jlc291cmNlR3JvdXBzL3JndGVzdDk5MjEyMzI4MTIvcHJvdmlkZXJzL01pY3Jvc29mdC5Eb2N1bWVudERCL2RhdGFiYXNlQWNjb3VudHMvY29zbW9zZGI5OTIxMjMyODEyL3NxbERhdGFiYXNlcy9kYk5hbWUzL3Rocm91Z2hwdXRTZXR0aW5ncy9kZWZhdWx0P2FwaS12ZXJzaW9uPTIwMjAtMDMtMDE=",
      "RequestMethod": "PUT",
      "RequestBody": "{\r\n  \"properties\": {\r\n    \"resource\": {\r\n      \"throughput\": 900\r\n    }\r\n  }\r\n}",
      "RequestHeaders": {
        "x-ms-client-request-id": [
          "9cf00ba1-2159-4395-9bf5-4b03c383b93f"
        ],
        "Accept-Language": [
          "en-US"
        ],
        "User-Agent": [
          "FxVersion/4.6.28207.03",
          "OSName/Windows",
          "OSVersion/Microsoft.Windows.10.0.18363.",
          "Microsoft.Azure.Management.CosmosDB.CosmosDBManagementClient/1.1.0.0"
        ],
        "Content-Type": [
          "application/json; charset=utf-8"
        ],
        "Content-Length": [
          "79"
        ]
      },
      "ResponseHeaders": {
        "Cache-Control": [
          "no-store, no-cache"
        ],
        "Pragma": [
          "no-cache"
        ],
        "Location": [
          "https://management.azure.com/subscriptions/12053b8f-cab5-4f5c-9c1a-870580142abd/resourceGroups/rgtest9921232812/providers/Microsoft.DocumentDB/databaseAccounts/cosmosdb9921232812/sqlDatabases/dbName3/throughputSettings/default/operationResults/a894b66b-44cf-4c75-8980-add3ff3f9dfc?api-version=2020-03-01"
        ],
        "Azure-AsyncOperation": [
          "https://management.azure.com/subscriptions/12053b8f-cab5-4f5c-9c1a-870580142abd/providers/Microsoft.DocumentDB/locations/westus/operationsStatus/a894b66b-44cf-4c75-8980-add3ff3f9dfc?api-version=2020-03-01"
        ],
        "x-ms-request-id": [
          "a894b66b-44cf-4c75-8980-add3ff3f9dfc"
        ],
        "Strict-Transport-Security": [
          "max-age=31536000; includeSubDomains"
        ],
        "x-ms-gatewayversion": [
          "version=2.10.0"
        ],
        "Server": [
          "Microsoft-HTTPAPI/2.0"
        ],
        "x-ms-ratelimit-remaining-subscription-writes": [
          "1194"
        ],
        "x-ms-correlation-request-id": [
          "1a3b5aa6-1f5c-44c1-b65c-1b9c99cf0cb9"
        ],
        "x-ms-routing-request-id": [
          "WESTUS:20200409T011155Z:1a3b5aa6-1f5c-44c1-b65c-1b9c99cf0cb9"
        ],
        "X-Content-Type-Options": [
          "nosniff"
        ],
        "Date": [
          "Thu, 09 Apr 2020 01:11:55 GMT"
        ],
        "Content-Length": [
          "21"
        ],
        "Content-Type": [
          "application/json"
        ],
        "Content-Location": [
          "https://management.documents.azure.com:450/subscriptions/12053b8f-cab5-4f5c-9c1a-870580142abd/resourceGroups/rgtest9921232812/providers/Microsoft.DocumentDB/databaseAccounts/cosmosdb9921232812/sqlDatabases/dbName3/throughputSettings/default?api-version=2020-03-01"
        ]
      },
      "ResponseBody": "{\r\n  \"status\": \"Enqueued\"\r\n}",
      "StatusCode": 202
    },
    {
      "RequestUri": "/subscriptions/12053b8f-cab5-4f5c-9c1a-870580142abd/providers/Microsoft.DocumentDB/locations/westus/operationsStatus/3b9f46ab-4c47-45f9-80e0-dff64a5d4d62?api-version=2020-03-01",
      "EncodedRequestUri": "L3N1YnNjcmlwdGlvbnMvMTIwNTNiOGYtY2FiNS00ZjVjLTljMWEtODcwNTgwMTQyYWJkL3Byb3ZpZGVycy9NaWNyb3NvZnQuRG9jdW1lbnREQi9sb2NhdGlvbnMvd2VzdHVzL29wZXJhdGlvbnNTdGF0dXMvM2I5ZjQ2YWItNGM0Ny00NWY5LTgwZTAtZGZmNjRhNWQ0ZDYyP2FwaS12ZXJzaW9uPTIwMjAtMDMtMDE=",
      "RequestMethod": "GET",
      "RequestBody": "",
      "RequestHeaders": {
        "User-Agent": [
          "FxVersion/4.6.28207.03",
          "OSName/Windows",
          "OSVersion/Microsoft.Windows.10.0.18363.",
          "Microsoft.Azure.Management.CosmosDB.CosmosDBManagementClient/1.1.0.0"
        ]
      },
      "ResponseHeaders": {
        "Cache-Control": [
          "no-store, no-cache"
        ],
        "Pragma": [
          "no-cache"
        ],
        "Strict-Transport-Security": [
          "max-age=31536000; includeSubDomains"
        ],
        "x-ms-gatewayversion": [
          "version=2.10.0"
        ],
        "Server": [
          "Microsoft-HTTPAPI/2.0"
        ],
        "x-ms-ratelimit-remaining-subscription-reads": [
          "11971"
        ],
        "x-ms-request-id": [
          "faa20fd8-5491-461c-ba96-019f8bcb76ef"
        ],
        "x-ms-correlation-request-id": [
          "faa20fd8-5491-461c-ba96-019f8bcb76ef"
        ],
        "x-ms-routing-request-id": [
          "WESTUS:20200409T011122Z:faa20fd8-5491-461c-ba96-019f8bcb76ef"
        ],
        "X-Content-Type-Options": [
          "nosniff"
        ],
        "Date": [
          "Thu, 09 Apr 2020 01:11:21 GMT"
        ],
        "Content-Length": [
          "22"
        ],
        "Content-Type": [
          "application/json"
        ],
        "Content-Location": [
          "https://management.documents.azure.com:450/subscriptions/12053b8f-cab5-4f5c-9c1a-870580142abd/providers/Microsoft.DocumentDB/locations/westus/operationsStatus/3b9f46ab-4c47-45f9-80e0-dff64a5d4d62?api-version=2020-03-01"
        ]
      },
      "ResponseBody": "{\r\n  \"status\": \"Succeeded\"\r\n}",
      "StatusCode": 200
    },
    {
      "RequestUri": "/subscriptions/12053b8f-cab5-4f5c-9c1a-870580142abd/providers/Microsoft.DocumentDB/locations/westus/operationsStatus/17a3245f-afe7-4733-b83c-6f99ac48d9bb?api-version=2020-03-01",
      "EncodedRequestUri": "L3N1YnNjcmlwdGlvbnMvMTIwNTNiOGYtY2FiNS00ZjVjLTljMWEtODcwNTgwMTQyYWJkL3Byb3ZpZGVycy9NaWNyb3NvZnQuRG9jdW1lbnREQi9sb2NhdGlvbnMvd2VzdHVzL29wZXJhdGlvbnNTdGF0dXMvMTdhMzI0NWYtYWZlNy00NzMzLWI4M2MtNmY5OWFjNDhkOWJiP2FwaS12ZXJzaW9uPTIwMjAtMDMtMDE=",
      "RequestMethod": "GET",
      "RequestBody": "",
      "RequestHeaders": {
        "User-Agent": [
          "FxVersion/4.6.28207.03",
          "OSName/Windows",
          "OSVersion/Microsoft.Windows.10.0.18363.",
          "Microsoft.Azure.Management.CosmosDB.CosmosDBManagementClient/1.1.0.0"
        ]
      },
      "ResponseHeaders": {
        "Cache-Control": [
          "no-store, no-cache"
        ],
        "Pragma": [
          "no-cache"
        ],
        "Strict-Transport-Security": [
          "max-age=31536000; includeSubDomains"
        ],
        "x-ms-gatewayversion": [
          "version=2.10.0"
        ],
        "Server": [
          "Microsoft-HTTPAPI/2.0"
        ],
        "x-ms-ratelimit-remaining-subscription-reads": [
          "11969"
        ],
        "x-ms-request-id": [
          "8899790e-5ad9-47ba-88c5-5d616bff574e"
        ],
        "x-ms-correlation-request-id": [
          "8899790e-5ad9-47ba-88c5-5d616bff574e"
        ],
        "x-ms-routing-request-id": [
          "WESTUS:20200409T011153Z:8899790e-5ad9-47ba-88c5-5d616bff574e"
        ],
        "X-Content-Type-Options": [
          "nosniff"
        ],
        "Date": [
          "Thu, 09 Apr 2020 01:11:53 GMT"
        ],
        "Content-Length": [
          "22"
        ],
        "Content-Type": [
          "application/json"
        ],
        "Content-Location": [
          "https://management.documents.azure.com:450/subscriptions/12053b8f-cab5-4f5c-9c1a-870580142abd/providers/Microsoft.DocumentDB/locations/westus/operationsStatus/17a3245f-afe7-4733-b83c-6f99ac48d9bb?api-version=2020-03-01"
        ]
      },
      "ResponseBody": "{\r\n  \"status\": \"Succeeded\"\r\n}",
      "StatusCode": 200
    },
    {
      "RequestUri": "/subscriptions/12053b8f-cab5-4f5c-9c1a-870580142abd/resourceGroups/rgtest9921232812/providers/Microsoft.DocumentDB/databaseAccounts/cosmosdb9921232812?api-version=2020-03-01",
      "EncodedRequestUri": "L3N1YnNjcmlwdGlvbnMvMTIwNTNiOGYtY2FiNS00ZjVjLTljMWEtODcwNTgwMTQyYWJkL3Jlc291cmNlR3JvdXBzL3JndGVzdDk5MjEyMzI4MTIvcHJvdmlkZXJzL01pY3Jvc29mdC5Eb2N1bWVudERCL2RhdGFiYXNlQWNjb3VudHMvY29zbW9zZGI5OTIxMjMyODEyP2FwaS12ZXJzaW9uPTIwMjAtMDMtMDE=",
      "RequestMethod": "GET",
      "RequestBody": "",
      "RequestHeaders": {
        "x-ms-client-request-id": [
          "6a0547c9-daac-479d-819b-88a6d989c378"
        ],
        "Accept-Language": [
          "en-US"
        ],
        "User-Agent": [
          "FxVersion/4.6.28207.03",
          "OSName/Windows",
          "OSVersion/Microsoft.Windows.10.0.18363.",
          "Microsoft.Azure.Management.CosmosDB.CosmosDBManagementClient/1.1.0.0"
        ]
      },
      "ResponseHeaders": {
        "Cache-Control": [
          "no-store, no-cache"
        ],
        "Pragma": [
          "no-cache"
        ],
        "Strict-Transport-Security": [
          "max-age=31536000; includeSubDomains"
        ],
        "x-ms-gatewayversion": [
          "version=2.10.0"
        ],
        "Server": [
          "Microsoft-HTTPAPI/2.0"
        ],
        "x-ms-ratelimit-remaining-subscription-reads": [
          "11967"
        ],
        "x-ms-request-id": [
          "02c52643-bc4d-4143-a964-31664af90c96"
        ],
        "x-ms-correlation-request-id": [
          "02c52643-bc4d-4143-a964-31664af90c96"
        ],
        "x-ms-routing-request-id": [
          "WESTUS:20200409T011154Z:02c52643-bc4d-4143-a964-31664af90c96"
        ],
        "X-Content-Type-Options": [
          "nosniff"
        ],
        "Date": [
          "Thu, 09 Apr 2020 01:11:54 GMT"
        ],
        "Content-Length": [
          "1859"
        ],
        "Content-Type": [
          "application/json"
        ],
        "Content-Location": [
          "https://management.documents.azure.com:450/subscriptions/12053b8f-cab5-4f5c-9c1a-870580142abd/resourceGroups/rgtest9921232812/providers/Microsoft.DocumentDB/databaseAccounts/cosmosdb9921232812?api-version=2020-03-01"
        ]
      },
      "ResponseBody": "{\r\n  \"id\": \"/subscriptions/12053b8f-cab5-4f5c-9c1a-870580142abd/resourceGroups/rgtest9921232812/providers/Microsoft.DocumentDB/databaseAccounts/cosmosdb9921232812\",\r\n  \"name\": \"cosmosdb9921232812\",\r\n  \"location\": \"West US\",\r\n  \"type\": \"Microsoft.DocumentDB/databaseAccounts\",\r\n  \"kind\": \"GlobalDocumentDB\",\r\n  \"tags\": {\r\n    \"defaultExperience\": \"Core (SQL)\",\r\n    \"hidden-cosmos-mmspecial\": \"\"\r\n  },\r\n  \"properties\": {\r\n    \"provisioningState\": \"Succeeded\",\r\n    \"documentEndpoint\": \"https://cosmosdb9921232812.documents.azure.com:443/\",\r\n    \"ipRangeFilter\": \"\",\r\n    \"publicNetworkAccess\": \"Enabled\",\r\n    \"enableAutomaticFailover\": false,\r\n    \"enableMultipleWriteLocations\": false,\r\n    \"enablePartitionKeyMonitor\": false,\r\n    \"isVirtualNetworkFilterEnabled\": false,\r\n    \"virtualNetworkRules\": [],\r\n    \"EnabledApiTypes\": \"Sql\",\r\n    \"disableKeyBasedMetadataWriteAccess\": false,\r\n    \"enableFreeTier\": false,\r\n    \"apiProperties\": null,\r\n    \"databaseAccountOfferType\": \"Standard\",\r\n    \"enableCassandraConnector\": false,\r\n    \"connectorOffer\": \"\",\r\n    \"consistencyPolicy\": {\r\n      \"defaultConsistencyLevel\": \"Session\",\r\n      \"maxIntervalInSeconds\": 5,\r\n      \"maxStalenessPrefix\": 100\r\n    },\r\n    \"configurationOverrides\": {},\r\n    \"writeLocations\": [\r\n      {\r\n        \"id\": \"cosmosdb9921232812-westus\",\r\n        \"locationName\": \"West US\",\r\n        \"documentEndpoint\": \"https://cosmosdb9921232812-westus.documents.azure.com:443/\",\r\n        \"provisioningState\": \"Succeeded\",\r\n        \"failoverPriority\": 0,\r\n        \"isZoneRedundant\": false\r\n      }\r\n    ],\r\n    \"readLocations\": [\r\n      {\r\n        \"id\": \"cosmosdb9921232812-westus\",\r\n        \"locationName\": \"West US\",\r\n        \"documentEndpoint\": \"https://cosmosdb9921232812-westus.documents.azure.com:443/\",\r\n        \"provisioningState\": \"Succeeded\",\r\n        \"failoverPriority\": 0,\r\n        \"isZoneRedundant\": false\r\n      }\r\n    ],\r\n    \"locations\": [\r\n      {\r\n        \"id\": \"cosmosdb9921232812-westus\",\r\n        \"locationName\": \"West US\",\r\n        \"documentEndpoint\": \"https://cosmosdb9921232812-westus.documents.azure.com:443/\",\r\n        \"provisioningState\": \"Succeeded\",\r\n        \"failoverPriority\": 0,\r\n        \"isZoneRedundant\": false\r\n      }\r\n    ],\r\n    \"failoverPolicies\": [\r\n      {\r\n        \"id\": \"cosmosdb9921232812-westus\",\r\n        \"locationName\": \"West US\",\r\n        \"failoverPriority\": 0\r\n      }\r\n    ],\r\n    \"cors\": [],\r\n    \"capabilities\": []\r\n  }\r\n}",
      "StatusCode": 200
    },
    {
      "RequestUri": "/subscriptions/12053b8f-cab5-4f5c-9c1a-870580142abd/providers/Microsoft.DocumentDB/locations/westus/operationsStatus/a894b66b-44cf-4c75-8980-add3ff3f9dfc?api-version=2020-03-01",
      "EncodedRequestUri": "L3N1YnNjcmlwdGlvbnMvMTIwNTNiOGYtY2FiNS00ZjVjLTljMWEtODcwNTgwMTQyYWJkL3Byb3ZpZGVycy9NaWNyb3NvZnQuRG9jdW1lbnREQi9sb2NhdGlvbnMvd2VzdHVzL29wZXJhdGlvbnNTdGF0dXMvYTg5NGI2NmItNDRjZi00Yzc1LTg5ODAtYWRkM2ZmM2Y5ZGZjP2FwaS12ZXJzaW9uPTIwMjAtMDMtMDE=",
      "RequestMethod": "GET",
      "RequestBody": "",
      "RequestHeaders": {
        "User-Agent": [
          "FxVersion/4.6.28207.03",
          "OSName/Windows",
          "OSVersion/Microsoft.Windows.10.0.18363.",
          "Microsoft.Azure.Management.CosmosDB.CosmosDBManagementClient/1.1.0.0"
        ]
      },
      "ResponseHeaders": {
        "Cache-Control": [
          "no-store, no-cache"
        ],
        "Pragma": [
          "no-cache"
        ],
        "Strict-Transport-Security": [
          "max-age=31536000; includeSubDomains"
        ],
        "x-ms-gatewayversion": [
          "version=2.10.0"
        ],
        "Server": [
          "Microsoft-HTTPAPI/2.0"
        ],
        "x-ms-ratelimit-remaining-subscription-reads": [
          "11966"
        ],
        "x-ms-request-id": [
          "dfe9a30a-6368-475c-a28c-eecc474ee598"
        ],
        "x-ms-correlation-request-id": [
          "dfe9a30a-6368-475c-a28c-eecc474ee598"
        ],
        "x-ms-routing-request-id": [
          "WESTUS:20200409T011225Z:dfe9a30a-6368-475c-a28c-eecc474ee598"
        ],
        "X-Content-Type-Options": [
          "nosniff"
        ],
        "Date": [
          "Thu, 09 Apr 2020 01:12:25 GMT"
        ],
        "Content-Length": [
          "22"
        ],
        "Content-Type": [
          "application/json"
        ],
        "Content-Location": [
          "https://management.documents.azure.com:450/subscriptions/12053b8f-cab5-4f5c-9c1a-870580142abd/providers/Microsoft.DocumentDB/locations/westus/operationsStatus/a894b66b-44cf-4c75-8980-add3ff3f9dfc?api-version=2020-03-01"
        ]
      },
      "ResponseBody": "{\r\n  \"status\": \"Succeeded\"\r\n}",
      "StatusCode": 200
    },
    {
      "RequestUri": "/subscriptions/12053b8f-cab5-4f5c-9c1a-870580142abd/resourceGroups/rgtest9921232812/providers/Microsoft.DocumentDB/databaseAccounts/cosmosdb9921232812/sqlDatabases/dbName3/containers/containerName?api-version=2020-03-01",
      "EncodedRequestUri": "L3N1YnNjcmlwdGlvbnMvMTIwNTNiOGYtY2FiNS00ZjVjLTljMWEtODcwNTgwMTQyYWJkL3Jlc291cmNlR3JvdXBzL3JndGVzdDk5MjEyMzI4MTIvcHJvdmlkZXJzL01pY3Jvc29mdC5Eb2N1bWVudERCL2RhdGFiYXNlQWNjb3VudHMvY29zbW9zZGI5OTIxMjMyODEyL3NxbERhdGFiYXNlcy9kYk5hbWUzL2NvbnRhaW5lcnMvY29udGFpbmVyTmFtZT9hcGktdmVyc2lvbj0yMDIwLTAzLTAx",
      "RequestMethod": "PUT",
      "RequestBody": "{\r\n  \"properties\": {\r\n    \"resource\": {\r\n      \"id\": \"containerName\",\r\n      \"partitionKey\": {\r\n        \"paths\": [\r\n          \"/foo/bar\"\r\n        ],\r\n        \"kind\": \"Hash\"\r\n      }\r\n    },\r\n    \"options\": {\r\n      \"throughput\": \"800\"\r\n    }\r\n  }\r\n}",
      "RequestHeaders": {
        "x-ms-client-request-id": [
          "a42574b9-13e4-4aef-bb97-2b75fd1cba3f"
        ],
        "Accept-Language": [
          "en-US"
        ],
        "User-Agent": [
          "FxVersion/4.6.28207.03",
          "OSName/Windows",
          "OSVersion/Microsoft.Windows.10.0.18363.",
          "Microsoft.Azure.Management.CosmosDB.CosmosDBManagementClient/1.1.0.0"
        ],
        "Content-Type": [
          "application/json; charset=utf-8"
        ],
        "Content-Length": [
          "249"
        ]
      },
      "ResponseHeaders": {
        "Cache-Control": [
          "no-store, no-cache"
        ],
        "Pragma": [
          "no-cache"
        ],
        "Location": [
          "https://management.azure.com/subscriptions/12053b8f-cab5-4f5c-9c1a-870580142abd/resourceGroups/rgtest9921232812/providers/Microsoft.DocumentDB/databaseAccounts/cosmosdb9921232812/sqlDatabases/dbName3/containers/containerName/operationResults/26bbda98-d401-4b42-ab84-9c9a2ac4fe50?api-version=2020-03-01"
        ],
        "Azure-AsyncOperation": [
          "https://management.azure.com/subscriptions/12053b8f-cab5-4f5c-9c1a-870580142abd/providers/Microsoft.DocumentDB/locations/westus/operationsStatus/26bbda98-d401-4b42-ab84-9c9a2ac4fe50?api-version=2020-03-01"
        ],
        "x-ms-request-id": [
          "26bbda98-d401-4b42-ab84-9c9a2ac4fe50"
        ],
        "Strict-Transport-Security": [
          "max-age=31536000; includeSubDomains"
        ],
        "x-ms-gatewayversion": [
          "version=2.10.0"
        ],
        "Server": [
          "Microsoft-HTTPAPI/2.0"
        ],
        "x-ms-ratelimit-remaining-subscription-writes": [
          "1193"
        ],
        "x-ms-correlation-request-id": [
          "5cf471d7-96eb-447e-9fd4-a2fa4195e586"
        ],
        "x-ms-routing-request-id": [
          "WESTUS:20200409T011226Z:5cf471d7-96eb-447e-9fd4-a2fa4195e586"
        ],
        "X-Content-Type-Options": [
          "nosniff"
        ],
        "Date": [
          "Thu, 09 Apr 2020 01:12:26 GMT"
        ],
        "Content-Length": [
          "21"
        ],
        "Content-Type": [
          "application/json"
        ],
        "Content-Location": [
          "https://management.documents.azure.com:450/subscriptions/12053b8f-cab5-4f5c-9c1a-870580142abd/resourceGroups/rgtest9921232812/providers/Microsoft.DocumentDB/databaseAccounts/cosmosdb9921232812/sqlDatabases/dbName3/containers/containerName?api-version=2020-03-01"
        ]
      },
      "ResponseBody": "{\r\n  \"status\": \"Enqueued\"\r\n}",
      "StatusCode": 202
    },
    {
      "RequestUri": "/subscriptions/12053b8f-cab5-4f5c-9c1a-870580142abd/providers/Microsoft.DocumentDB/locations/westus/operationsStatus/26bbda98-d401-4b42-ab84-9c9a2ac4fe50?api-version=2020-03-01",
      "EncodedRequestUri": "L3N1YnNjcmlwdGlvbnMvMTIwNTNiOGYtY2FiNS00ZjVjLTljMWEtODcwNTgwMTQyYWJkL3Byb3ZpZGVycy9NaWNyb3NvZnQuRG9jdW1lbnREQi9sb2NhdGlvbnMvd2VzdHVzL29wZXJhdGlvbnNTdGF0dXMvMjZiYmRhOTgtZDQwMS00YjQyLWFiODQtOWM5YTJhYzRmZTUwP2FwaS12ZXJzaW9uPTIwMjAtMDMtMDE=",
      "RequestMethod": "GET",
      "RequestBody": "",
      "RequestHeaders": {
        "User-Agent": [
          "FxVersion/4.6.28207.03",
          "OSName/Windows",
          "OSVersion/Microsoft.Windows.10.0.18363.",
          "Microsoft.Azure.Management.CosmosDB.CosmosDBManagementClient/1.1.0.0"
        ]
      },
      "ResponseHeaders": {
        "Cache-Control": [
          "no-store, no-cache"
        ],
        "Pragma": [
          "no-cache"
        ],
        "Strict-Transport-Security": [
          "max-age=31536000; includeSubDomains"
        ],
        "x-ms-gatewayversion": [
          "version=2.10.0"
        ],
        "Server": [
          "Microsoft-HTTPAPI/2.0"
        ],
        "x-ms-ratelimit-remaining-subscription-reads": [
          "11964"
        ],
        "x-ms-request-id": [
          "6708a8d3-dc4d-4f31-a4c0-e0189ffb5a1b"
        ],
        "x-ms-correlation-request-id": [
          "6708a8d3-dc4d-4f31-a4c0-e0189ffb5a1b"
        ],
        "x-ms-routing-request-id": [
          "WESTUS:20200409T011257Z:6708a8d3-dc4d-4f31-a4c0-e0189ffb5a1b"
        ],
        "X-Content-Type-Options": [
          "nosniff"
        ],
        "Date": [
          "Thu, 09 Apr 2020 01:12:56 GMT"
        ],
        "Content-Length": [
          "22"
        ],
        "Content-Type": [
          "application/json"
        ],
        "Content-Location": [
          "https://management.documents.azure.com:450/subscriptions/12053b8f-cab5-4f5c-9c1a-870580142abd/providers/Microsoft.DocumentDB/locations/westus/operationsStatus/26bbda98-d401-4b42-ab84-9c9a2ac4fe50?api-version=2020-03-01"
        ]
      },
      "ResponseBody": "{\r\n  \"status\": \"Succeeded\"\r\n}",
      "StatusCode": 200
    },
    {
      "RequestUri": "/subscriptions/12053b8f-cab5-4f5c-9c1a-870580142abd/resourceGroups/rgtest9921232812/providers/Microsoft.DocumentDB/databaseAccounts/cosmosdb9921232812/sqlDatabases/dbName3/containers/containerName?api-version=2020-03-01",
      "EncodedRequestUri": "L3N1YnNjcmlwdGlvbnMvMTIwNTNiOGYtY2FiNS00ZjVjLTljMWEtODcwNTgwMTQyYWJkL3Jlc291cmNlR3JvdXBzL3JndGVzdDk5MjEyMzI4MTIvcHJvdmlkZXJzL01pY3Jvc29mdC5Eb2N1bWVudERCL2RhdGFiYXNlQWNjb3VudHMvY29zbW9zZGI5OTIxMjMyODEyL3NxbERhdGFiYXNlcy9kYk5hbWUzL2NvbnRhaW5lcnMvY29udGFpbmVyTmFtZT9hcGktdmVyc2lvbj0yMDIwLTAzLTAx",
      "RequestMethod": "GET",
      "RequestBody": "",
      "RequestHeaders": {
        "User-Agent": [
          "FxVersion/4.6.28207.03",
          "OSName/Windows",
          "OSVersion/Microsoft.Windows.10.0.18363.",
          "Microsoft.Azure.Management.CosmosDB.CosmosDBManagementClient/1.1.0.0"
        ]
      },
      "ResponseHeaders": {
        "Cache-Control": [
          "no-store, no-cache"
        ],
        "Pragma": [
          "no-cache"
        ],
        "Strict-Transport-Security": [
          "max-age=31536000; includeSubDomains"
        ],
        "x-ms-gatewayversion": [
          "version=2.10.0"
        ],
        "Server": [
          "Microsoft-HTTPAPI/2.0"
        ],
        "x-ms-ratelimit-remaining-subscription-reads": [
          "11963"
        ],
        "x-ms-request-id": [
          "c9e40c07-dd46-4fcc-8490-3042f71cd6eb"
        ],
        "x-ms-correlation-request-id": [
          "c9e40c07-dd46-4fcc-8490-3042f71cd6eb"
        ],
        "x-ms-routing-request-id": [
          "WESTUS:20200409T011257Z:c9e40c07-dd46-4fcc-8490-3042f71cd6eb"
        ],
        "X-Content-Type-Options": [
          "nosniff"
        ],
        "Date": [
          "Thu, 09 Apr 2020 01:12:57 GMT"
        ],
        "Content-Length": [
          "1043"
        ],
        "Content-Type": [
          "application/json"
        ],
        "Content-Location": [
          "https://management.documents.azure.com:450/subscriptions/12053b8f-cab5-4f5c-9c1a-870580142abd/resourceGroups/rgtest9921232812/providers/Microsoft.DocumentDB/databaseAccounts/cosmosdb9921232812/sqlDatabases/dbName3/containers/containerName?api-version=2020-03-01"
        ]
      },
      "ResponseBody": "{\r\n  \"id\": \"/subscriptions/12053b8f-cab5-4f5c-9c1a-870580142abd/resourceGroups/rgtest9921232812/providers/Microsoft.DocumentDB/databaseAccounts/cosmosdb9921232812/sqlDatabases/dbName3/containers/containerName\",\r\n  \"type\": \"Microsoft.DocumentDB/databaseAccounts/sqlDatabases/containers\",\r\n  \"name\": \"containerName\",\r\n  \"properties\": {\r\n    \"resource\": {\r\n      \"id\": \"containerName\",\r\n      \"indexingPolicy\": {\r\n        \"indexingMode\": \"consistent\",\r\n        \"automatic\": true,\r\n        \"includedPaths\": [\r\n          {\r\n            \"path\": \"/*\"\r\n          }\r\n        ],\r\n        \"excludedPaths\": [\r\n          {\r\n            \"path\": \"/\\\"_etag\\\"/?\"\r\n          }\r\n        ]\r\n      },\r\n      \"partitionKey\": {\r\n        \"paths\": [\r\n          \"/foo/bar\"\r\n        ],\r\n        \"kind\": \"Hash\"\r\n      },\r\n      \"uniqueKeyPolicy\": {\r\n        \"uniqueKeys\": []\r\n      },\r\n      \"conflictResolutionPolicy\": {\r\n        \"mode\": \"LastWriterWins\",\r\n        \"conflictResolutionPath\": \"/_ts\",\r\n        \"conflictResolutionProcedure\": \"\"\r\n      },\r\n      \"geospatialConfig\": {\r\n        \"type\": \"Geography\"\r\n      },\r\n      \"_rid\": \"dogZAJlvblQ=\",\r\n      \"_ts\": 1586394751,\r\n      \"_self\": \"dbs/dogZAA==/colls/dogZAJlvblQ=/\",\r\n      \"_etag\": \"\\\"00003300-0000-0700-0000-5e8e767f0000\\\"\",\r\n      \"_docs\": \"docs/\",\r\n      \"_sprocs\": \"sprocs/\",\r\n      \"_triggers\": \"triggers/\",\r\n      \"_udfs\": \"udfs/\",\r\n      \"_conflicts\": \"conflicts/\",\r\n      \"statistics\": [\r\n        {\r\n          \"id\": \"0\",\r\n          \"sizeInKB\": 0,\r\n          \"documentCount\": 0,\r\n          \"partitionKeys\": []\r\n        }\r\n      ]\r\n    }\r\n  }\r\n}",
      "StatusCode": 200
    },
    {
      "RequestUri": "/subscriptions/12053b8f-cab5-4f5c-9c1a-870580142abd/resourceGroups/rgtest9921232812/providers/Microsoft.DocumentDB/databaseAccounts/cosmosdb9921232812/sqlDatabases/dbName3/containers/containerName/throughputSettings/default?api-version=2020-03-01",
      "EncodedRequestUri": "L3N1YnNjcmlwdGlvbnMvMTIwNTNiOGYtY2FiNS00ZjVjLTljMWEtODcwNTgwMTQyYWJkL3Jlc291cmNlR3JvdXBzL3JndGVzdDk5MjEyMzI4MTIvcHJvdmlkZXJzL01pY3Jvc29mdC5Eb2N1bWVudERCL2RhdGFiYXNlQWNjb3VudHMvY29zbW9zZGI5OTIxMjMyODEyL3NxbERhdGFiYXNlcy9kYk5hbWUzL2NvbnRhaW5lcnMvY29udGFpbmVyTmFtZS90aHJvdWdocHV0U2V0dGluZ3MvZGVmYXVsdD9hcGktdmVyc2lvbj0yMDIwLTAzLTAx",
      "RequestMethod": "GET",
      "RequestBody": "",
      "RequestHeaders": {
        "x-ms-client-request-id": [
          "cd6868f3-36ac-444b-8a94-104969144934"
        ],
        "Accept-Language": [
          "en-US"
        ],
        "User-Agent": [
          "FxVersion/4.6.28207.03",
          "OSName/Windows",
          "OSVersion/Microsoft.Windows.10.0.18363.",
          "Microsoft.Azure.Management.CosmosDB.CosmosDBManagementClient/1.1.0.0"
        ]
      },
      "ResponseHeaders": {
        "Cache-Control": [
          "no-store, no-cache"
        ],
        "Pragma": [
          "no-cache"
        ],
        "Strict-Transport-Security": [
          "max-age=31536000; includeSubDomains"
        ],
        "x-ms-gatewayversion": [
          "version=2.10.0"
        ],
        "Server": [
          "Microsoft-HTTPAPI/2.0"
        ],
        "x-ms-ratelimit-remaining-subscription-reads": [
          "11962"
        ],
        "x-ms-request-id": [
          "4f371a73-1dc9-4dab-86a7-a9a220ec7d8b"
        ],
        "x-ms-correlation-request-id": [
          "4f371a73-1dc9-4dab-86a7-a9a220ec7d8b"
        ],
        "x-ms-routing-request-id": [
          "WESTUS:20200409T011258Z:4f371a73-1dc9-4dab-86a7-a9a220ec7d8b"
        ],
        "X-Content-Type-Options": [
          "nosniff"
        ],
        "Date": [
          "Thu, 09 Apr 2020 01:12:57 GMT"
        ],
        "Content-Length": [
          "407"
        ],
        "Content-Type": [
          "application/json"
        ],
        "Content-Location": [
          "https://management.documents.azure.com:450/subscriptions/12053b8f-cab5-4f5c-9c1a-870580142abd/resourceGroups/rgtest9921232812/providers/Microsoft.DocumentDB/databaseAccounts/cosmosdb9921232812/sqlDatabases/dbName3/containers/containerName/throughputSettings/default?api-version=2020-03-01"
        ]
      },
      "ResponseBody": "{\r\n  \"id\": \"/subscriptions/12053b8f-cab5-4f5c-9c1a-870580142abd/resourceGroups/rgtest9921232812/providers/Microsoft.DocumentDB/databaseAccounts/cosmosdb9921232812/sqlDatabases/dbName3/containers/containerName/throughputSettings/default\",\r\n  \"type\": \"Microsoft.DocumentDB/databaseAccounts/sqlDatabases/containers/throughputSettings\",\r\n  \"name\": \"+5Cg\",\r\n  \"properties\": {\r\n    \"resource\": {\r\n      \"throughput\": 800,\r\n      \"minimumThroughput\": \"400\"\r\n    }\r\n  }\r\n}",
      "StatusCode": 200
    },
    {
      "RequestUri": "/subscriptions/12053b8f-cab5-4f5c-9c1a-870580142abd/resourceGroups/rgtest9921232812/providers/Microsoft.DocumentDB/databaseAccounts/cosmosdb9921232812/sqlDatabases/dbName3/containers/containerName/throughputSettings/default?api-version=2020-03-01",
      "EncodedRequestUri": "L3N1YnNjcmlwdGlvbnMvMTIwNTNiOGYtY2FiNS00ZjVjLTljMWEtODcwNTgwMTQyYWJkL3Jlc291cmNlR3JvdXBzL3JndGVzdDk5MjEyMzI4MTIvcHJvdmlkZXJzL01pY3Jvc29mdC5Eb2N1bWVudERCL2RhdGFiYXNlQWNjb3VudHMvY29zbW9zZGI5OTIxMjMyODEyL3NxbERhdGFiYXNlcy9kYk5hbWUzL2NvbnRhaW5lcnMvY29udGFpbmVyTmFtZS90aHJvdWdocHV0U2V0dGluZ3MvZGVmYXVsdD9hcGktdmVyc2lvbj0yMDIwLTAzLTAx",
      "RequestMethod": "GET",
      "RequestBody": "",
      "RequestHeaders": {
        "User-Agent": [
          "FxVersion/4.6.28207.03",
          "OSName/Windows",
          "OSVersion/Microsoft.Windows.10.0.18363.",
          "Microsoft.Azure.Management.CosmosDB.CosmosDBManagementClient/1.1.0.0"
        ]
      },
      "ResponseHeaders": {
        "Cache-Control": [
          "no-store, no-cache"
        ],
        "Pragma": [
          "no-cache"
        ],
        "Strict-Transport-Security": [
          "max-age=31536000; includeSubDomains"
        ],
        "x-ms-gatewayversion": [
          "version=2.10.0"
        ],
        "Server": [
          "Microsoft-HTTPAPI/2.0"
        ],
        "x-ms-ratelimit-remaining-subscription-reads": [
          "11960"
        ],
        "x-ms-request-id": [
          "df79b197-cf98-45bd-b63a-ebee5682067f"
        ],
        "x-ms-correlation-request-id": [
          "df79b197-cf98-45bd-b63a-ebee5682067f"
        ],
        "x-ms-routing-request-id": [
          "WESTUS:20200409T011330Z:df79b197-cf98-45bd-b63a-ebee5682067f"
        ],
        "X-Content-Type-Options": [
          "nosniff"
        ],
        "Date": [
          "Thu, 09 Apr 2020 01:13:30 GMT"
        ],
        "Content-Length": [
          "407"
        ],
        "Content-Type": [
          "application/json"
        ],
        "Content-Location": [
          "https://management.documents.azure.com:450/subscriptions/12053b8f-cab5-4f5c-9c1a-870580142abd/resourceGroups/rgtest9921232812/providers/Microsoft.DocumentDB/databaseAccounts/cosmosdb9921232812/sqlDatabases/dbName3/containers/containerName/throughputSettings/default?api-version=2020-03-01"
        ]
      },
      "ResponseBody": "{\r\n  \"id\": \"/subscriptions/12053b8f-cab5-4f5c-9c1a-870580142abd/resourceGroups/rgtest9921232812/providers/Microsoft.DocumentDB/databaseAccounts/cosmosdb9921232812/sqlDatabases/dbName3/containers/containerName/throughputSettings/default\",\r\n  \"type\": \"Microsoft.DocumentDB/databaseAccounts/sqlDatabases/containers/throughputSettings\",\r\n  \"name\": \"+5Cg\",\r\n  \"properties\": {\r\n    \"resource\": {\r\n      \"throughput\": 700,\r\n      \"minimumThroughput\": \"400\"\r\n    }\r\n  }\r\n}",
      "StatusCode": 200
    },
    {
      "RequestUri": "/subscriptions/12053b8f-cab5-4f5c-9c1a-870580142abd/resourceGroups/rgtest9921232812/providers/Microsoft.DocumentDB/databaseAccounts/cosmosdb9921232812/sqlDatabases/dbName3/containers/containerName/throughputSettings/default?api-version=2020-03-01",
      "EncodedRequestUri": "L3N1YnNjcmlwdGlvbnMvMTIwNTNiOGYtY2FiNS00ZjVjLTljMWEtODcwNTgwMTQyYWJkL3Jlc291cmNlR3JvdXBzL3JndGVzdDk5MjEyMzI4MTIvcHJvdmlkZXJzL01pY3Jvc29mdC5Eb2N1bWVudERCL2RhdGFiYXNlQWNjb3VudHMvY29zbW9zZGI5OTIxMjMyODEyL3NxbERhdGFiYXNlcy9kYk5hbWUzL2NvbnRhaW5lcnMvY29udGFpbmVyTmFtZS90aHJvdWdocHV0U2V0dGluZ3MvZGVmYXVsdD9hcGktdmVyc2lvbj0yMDIwLTAzLTAx",
      "RequestMethod": "GET",
      "RequestBody": "",
      "RequestHeaders": {
        "User-Agent": [
          "FxVersion/4.6.28207.03",
          "OSName/Windows",
          "OSVersion/Microsoft.Windows.10.0.18363.",
          "Microsoft.Azure.Management.CosmosDB.CosmosDBManagementClient/1.1.0.0"
        ]
      },
      "ResponseHeaders": {
        "Cache-Control": [
          "no-store, no-cache"
        ],
        "Pragma": [
          "no-cache"
        ],
        "Strict-Transport-Security": [
          "max-age=31536000; includeSubDomains"
        ],
        "x-ms-gatewayversion": [
          "version=2.10.0"
        ],
        "Server": [
          "Microsoft-HTTPAPI/2.0"
        ],
        "x-ms-ratelimit-remaining-subscription-reads": [
          "11958"
        ],
        "x-ms-request-id": [
          "9e02360b-db5a-453c-8e4c-cb1faddc6867"
        ],
        "x-ms-correlation-request-id": [
          "9e02360b-db5a-453c-8e4c-cb1faddc6867"
        ],
        "x-ms-routing-request-id": [
          "WESTUS:20200409T011402Z:9e02360b-db5a-453c-8e4c-cb1faddc6867"
        ],
        "X-Content-Type-Options": [
          "nosniff"
        ],
        "Date": [
          "Thu, 09 Apr 2020 01:14:01 GMT"
        ],
        "Content-Length": [
          "407"
        ],
        "Content-Type": [
          "application/json"
        ],
        "Content-Location": [
          "https://management.documents.azure.com:450/subscriptions/12053b8f-cab5-4f5c-9c1a-870580142abd/resourceGroups/rgtest9921232812/providers/Microsoft.DocumentDB/databaseAccounts/cosmosdb9921232812/sqlDatabases/dbName3/containers/containerName/throughputSettings/default?api-version=2020-03-01"
        ]
      },
      "ResponseBody": "{\r\n  \"id\": \"/subscriptions/12053b8f-cab5-4f5c-9c1a-870580142abd/resourceGroups/rgtest9921232812/providers/Microsoft.DocumentDB/databaseAccounts/cosmosdb9921232812/sqlDatabases/dbName3/containers/containerName/throughputSettings/default\",\r\n  \"type\": \"Microsoft.DocumentDB/databaseAccounts/sqlDatabases/containers/throughputSettings\",\r\n  \"name\": \"+5Cg\",\r\n  \"properties\": {\r\n    \"resource\": {\r\n      \"throughput\": 600,\r\n      \"minimumThroughput\": \"400\"\r\n    }\r\n  }\r\n}",
      "StatusCode": 200
    },
    {
      "RequestUri": "/subscriptions/12053b8f-cab5-4f5c-9c1a-870580142abd/resourceGroups/rgtest9921232812/providers/Microsoft.DocumentDB/databaseAccounts/cosmosdb9921232812/sqlDatabases/dbName3/containers/containerName/throughputSettings/default?api-version=2020-03-01",
      "EncodedRequestUri": "L3N1YnNjcmlwdGlvbnMvMTIwNTNiOGYtY2FiNS00ZjVjLTljMWEtODcwNTgwMTQyYWJkL3Jlc291cmNlR3JvdXBzL3JndGVzdDk5MjEyMzI4MTIvcHJvdmlkZXJzL01pY3Jvc29mdC5Eb2N1bWVudERCL2RhdGFiYXNlQWNjb3VudHMvY29zbW9zZGI5OTIxMjMyODEyL3NxbERhdGFiYXNlcy9kYk5hbWUzL2NvbnRhaW5lcnMvY29udGFpbmVyTmFtZS90aHJvdWdocHV0U2V0dGluZ3MvZGVmYXVsdD9hcGktdmVyc2lvbj0yMDIwLTAzLTAx",
      "RequestMethod": "GET",
      "RequestBody": "",
      "RequestHeaders": {
        "User-Agent": [
          "FxVersion/4.6.28207.03",
          "OSName/Windows",
          "OSVersion/Microsoft.Windows.10.0.18363.",
          "Microsoft.Azure.Management.CosmosDB.CosmosDBManagementClient/1.1.0.0"
        ]
      },
      "ResponseHeaders": {
        "Cache-Control": [
          "no-store, no-cache"
        ],
        "Pragma": [
          "no-cache"
        ],
        "Strict-Transport-Security": [
          "max-age=31536000; includeSubDomains"
        ],
        "x-ms-gatewayversion": [
          "version=2.10.0"
        ],
        "Server": [
          "Microsoft-HTTPAPI/2.0"
        ],
        "x-ms-ratelimit-remaining-subscription-reads": [
          "11956"
        ],
        "x-ms-request-id": [
          "2aa0bec9-e34e-4970-8fe8-4237f9f1038a"
        ],
        "x-ms-correlation-request-id": [
          "2aa0bec9-e34e-4970-8fe8-4237f9f1038a"
        ],
        "x-ms-routing-request-id": [
          "WESTUS:20200409T011439Z:2aa0bec9-e34e-4970-8fe8-4237f9f1038a"
        ],
        "X-Content-Type-Options": [
          "nosniff"
        ],
        "Date": [
          "Thu, 09 Apr 2020 01:14:39 GMT"
        ],
        "Content-Length": [
          "407"
        ],
        "Content-Type": [
          "application/json"
        ],
        "Content-Location": [
          "https://management.documents.azure.com:450/subscriptions/12053b8f-cab5-4f5c-9c1a-870580142abd/resourceGroups/rgtest9921232812/providers/Microsoft.DocumentDB/databaseAccounts/cosmosdb9921232812/sqlDatabases/dbName3/containers/containerName/throughputSettings/default?api-version=2020-03-01"
        ]
      },
      "ResponseBody": "{\r\n  \"id\": \"/subscriptions/12053b8f-cab5-4f5c-9c1a-870580142abd/resourceGroups/rgtest9921232812/providers/Microsoft.DocumentDB/databaseAccounts/cosmosdb9921232812/sqlDatabases/dbName3/containers/containerName/throughputSettings/default\",\r\n  \"type\": \"Microsoft.DocumentDB/databaseAccounts/sqlDatabases/containers/throughputSettings\",\r\n  \"name\": \"+5Cg\",\r\n  \"properties\": {\r\n    \"resource\": {\r\n      \"throughput\": 500,\r\n      \"minimumThroughput\": \"400\"\r\n    }\r\n  }\r\n}",
      "StatusCode": 200
    },
    {
      "RequestUri": "/subscriptions/12053b8f-cab5-4f5c-9c1a-870580142abd/resourceGroups/rgtest9921232812/providers/Microsoft.DocumentDB/databaseAccounts/cosmosdb9921232812/sqlDatabases/dbName3/containers/containerName/throughputSettings/default?api-version=2020-03-01",
      "EncodedRequestUri": "L3N1YnNjcmlwdGlvbnMvMTIwNTNiOGYtY2FiNS00ZjVjLTljMWEtODcwNTgwMTQyYWJkL3Jlc291cmNlR3JvdXBzL3JndGVzdDk5MjEyMzI4MTIvcHJvdmlkZXJzL01pY3Jvc29mdC5Eb2N1bWVudERCL2RhdGFiYXNlQWNjb3VudHMvY29zbW9zZGI5OTIxMjMyODEyL3NxbERhdGFiYXNlcy9kYk5hbWUzL2NvbnRhaW5lcnMvY29udGFpbmVyTmFtZS90aHJvdWdocHV0U2V0dGluZ3MvZGVmYXVsdD9hcGktdmVyc2lvbj0yMDIwLTAzLTAx",
      "RequestMethod": "PUT",
      "RequestBody": "{\r\n  \"properties\": {\r\n    \"resource\": {\r\n      \"throughput\": 700\r\n    }\r\n  }\r\n}",
      "RequestHeaders": {
        "x-ms-client-request-id": [
          "943ecf2b-dbd2-41dd-b59a-048fa6739c17"
        ],
        "Accept-Language": [
          "en-US"
        ],
        "User-Agent": [
          "FxVersion/4.6.28207.03",
          "OSName/Windows",
          "OSVersion/Microsoft.Windows.10.0.18363.",
          "Microsoft.Azure.Management.CosmosDB.CosmosDBManagementClient/1.1.0.0"
        ],
        "Content-Type": [
          "application/json; charset=utf-8"
        ],
        "Content-Length": [
          "79"
        ]
      },
      "ResponseHeaders": {
        "Cache-Control": [
          "no-store, no-cache"
        ],
        "Pragma": [
          "no-cache"
        ],
        "Location": [
          "https://management.azure.com/subscriptions/12053b8f-cab5-4f5c-9c1a-870580142abd/resourceGroups/rgtest9921232812/providers/Microsoft.DocumentDB/databaseAccounts/cosmosdb9921232812/sqlDatabases/dbName3/containers/containerName/throughputSettings/default/operationResults/8799b4dd-1c26-4b6f-9301-6f9379b022f4?api-version=2020-03-01"
        ],
        "Azure-AsyncOperation": [
          "https://management.azure.com/subscriptions/12053b8f-cab5-4f5c-9c1a-870580142abd/providers/Microsoft.DocumentDB/locations/westus/operationsStatus/8799b4dd-1c26-4b6f-9301-6f9379b022f4?api-version=2020-03-01"
        ],
        "x-ms-request-id": [
          "8799b4dd-1c26-4b6f-9301-6f9379b022f4"
        ],
        "Strict-Transport-Security": [
          "max-age=31536000; includeSubDomains"
        ],
        "x-ms-gatewayversion": [
          "version=2.10.0"
        ],
        "Server": [
          "Microsoft-HTTPAPI/2.0"
        ],
        "x-ms-ratelimit-remaining-subscription-writes": [
          "1192"
        ],
        "x-ms-correlation-request-id": [
          "713f02ae-fdda-4757-a5ca-c58e95b0dcc0"
        ],
        "x-ms-routing-request-id": [
          "WESTUS:20200409T011259Z:713f02ae-fdda-4757-a5ca-c58e95b0dcc0"
        ],
        "X-Content-Type-Options": [
          "nosniff"
        ],
        "Date": [
          "Thu, 09 Apr 2020 01:12:58 GMT"
        ],
        "Content-Length": [
          "21"
        ],
        "Content-Type": [
          "application/json"
        ],
        "Content-Location": [
          "https://management.documents.azure.com:450/subscriptions/12053b8f-cab5-4f5c-9c1a-870580142abd/resourceGroups/rgtest9921232812/providers/Microsoft.DocumentDB/databaseAccounts/cosmosdb9921232812/sqlDatabases/dbName3/containers/containerName/throughputSettings/default?api-version=2020-03-01"
        ]
      },
      "ResponseBody": "{\r\n  \"status\": \"Enqueued\"\r\n}",
      "StatusCode": 202
    },
    {
      "RequestUri": "/subscriptions/12053b8f-cab5-4f5c-9c1a-870580142abd/resourceGroups/rgtest9921232812/providers/Microsoft.DocumentDB/databaseAccounts/cosmosdb9921232812/sqlDatabases/dbName3/containers/containerName/throughputSettings/default?api-version=2020-03-01",
      "EncodedRequestUri": "L3N1YnNjcmlwdGlvbnMvMTIwNTNiOGYtY2FiNS00ZjVjLTljMWEtODcwNTgwMTQyYWJkL3Jlc291cmNlR3JvdXBzL3JndGVzdDk5MjEyMzI4MTIvcHJvdmlkZXJzL01pY3Jvc29mdC5Eb2N1bWVudERCL2RhdGFiYXNlQWNjb3VudHMvY29zbW9zZGI5OTIxMjMyODEyL3NxbERhdGFiYXNlcy9kYk5hbWUzL2NvbnRhaW5lcnMvY29udGFpbmVyTmFtZS90aHJvdWdocHV0U2V0dGluZ3MvZGVmYXVsdD9hcGktdmVyc2lvbj0yMDIwLTAzLTAx",
      "RequestMethod": "PUT",
      "RequestBody": "{\r\n  \"properties\": {\r\n    \"resource\": {\r\n      \"throughput\": 600\r\n    }\r\n  }\r\n}",
      "RequestHeaders": {
        "x-ms-client-request-id": [
          "3e81ea6f-d157-48de-82ce-ecd2e0274bea"
        ],
        "Accept-Language": [
          "en-US"
        ],
        "User-Agent": [
          "FxVersion/4.6.28207.03",
          "OSName/Windows",
          "OSVersion/Microsoft.Windows.10.0.18363.",
          "Microsoft.Azure.Management.CosmosDB.CosmosDBManagementClient/1.1.0.0"
        ],
        "Content-Type": [
          "application/json; charset=utf-8"
        ],
        "Content-Length": [
          "79"
        ]
      },
      "ResponseHeaders": {
        "Cache-Control": [
          "no-store, no-cache"
        ],
        "Pragma": [
          "no-cache"
        ],
        "Location": [
          "https://management.azure.com/subscriptions/12053b8f-cab5-4f5c-9c1a-870580142abd/resourceGroups/rgtest9921232812/providers/Microsoft.DocumentDB/databaseAccounts/cosmosdb9921232812/sqlDatabases/dbName3/containers/containerName/throughputSettings/default/operationResults/4ecf6464-386e-4080-8064-e762a6ed57b2?api-version=2020-03-01"
        ],
        "Azure-AsyncOperation": [
          "https://management.azure.com/subscriptions/12053b8f-cab5-4f5c-9c1a-870580142abd/providers/Microsoft.DocumentDB/locations/westus/operationsStatus/4ecf6464-386e-4080-8064-e762a6ed57b2?api-version=2020-03-01"
        ],
        "x-ms-request-id": [
          "4ecf6464-386e-4080-8064-e762a6ed57b2"
        ],
        "Strict-Transport-Security": [
          "max-age=31536000; includeSubDomains"
        ],
        "x-ms-gatewayversion": [
          "version=2.10.0"
        ],
        "Server": [
          "Microsoft-HTTPAPI/2.0"
        ],
        "x-ms-ratelimit-remaining-subscription-writes": [
          "1191"
        ],
        "x-ms-correlation-request-id": [
          "46799537-baeb-4ffd-b7ed-b0080b0c7bfc"
        ],
        "x-ms-routing-request-id": [
          "WESTUS:20200409T011331Z:46799537-baeb-4ffd-b7ed-b0080b0c7bfc"
        ],
        "X-Content-Type-Options": [
          "nosniff"
        ],
        "Date": [
          "Thu, 09 Apr 2020 01:13:31 GMT"
        ],
        "Content-Length": [
          "21"
        ],
        "Content-Type": [
          "application/json"
        ],
        "Content-Location": [
          "https://management.documents.azure.com:450/subscriptions/12053b8f-cab5-4f5c-9c1a-870580142abd/resourceGroups/rgtest9921232812/providers/Microsoft.DocumentDB/databaseAccounts/cosmosdb9921232812/sqlDatabases/dbName3/containers/containerName/throughputSettings/default?api-version=2020-03-01"
        ]
      },
      "ResponseBody": "{\r\n  \"status\": \"Enqueued\"\r\n}",
      "StatusCode": 202
    },
    {
      "RequestUri": "/subscriptions/12053b8f-cab5-4f5c-9c1a-870580142abd/resourceGroups/rgtest9921232812/providers/Microsoft.DocumentDB/databaseAccounts/cosmosdb9921232812/sqlDatabases/dbName3/containers/containerName/throughputSettings/default?api-version=2020-03-01",
      "EncodedRequestUri": "L3N1YnNjcmlwdGlvbnMvMTIwNTNiOGYtY2FiNS00ZjVjLTljMWEtODcwNTgwMTQyYWJkL3Jlc291cmNlR3JvdXBzL3JndGVzdDk5MjEyMzI4MTIvcHJvdmlkZXJzL01pY3Jvc29mdC5Eb2N1bWVudERCL2RhdGFiYXNlQWNjb3VudHMvY29zbW9zZGI5OTIxMjMyODEyL3NxbERhdGFiYXNlcy9kYk5hbWUzL2NvbnRhaW5lcnMvY29udGFpbmVyTmFtZS90aHJvdWdocHV0U2V0dGluZ3MvZGVmYXVsdD9hcGktdmVyc2lvbj0yMDIwLTAzLTAx",
      "RequestMethod": "PUT",
      "RequestBody": "{\r\n  \"properties\": {\r\n    \"resource\": {\r\n      \"throughput\": 500\r\n    }\r\n  }\r\n}",
      "RequestHeaders": {
        "x-ms-client-request-id": [
          "203fb2c8-83bd-4342-9e46-6a2a908a9efe"
        ],
        "Accept-Language": [
          "en-US"
        ],
        "User-Agent": [
          "FxVersion/4.6.28207.03",
          "OSName/Windows",
          "OSVersion/Microsoft.Windows.10.0.18363.",
          "Microsoft.Azure.Management.CosmosDB.CosmosDBManagementClient/1.1.0.0"
        ],
        "Content-Type": [
          "application/json; charset=utf-8"
        ],
        "Content-Length": [
          "79"
        ]
      },
      "ResponseHeaders": {
        "Cache-Control": [
          "no-store, no-cache"
        ],
        "Pragma": [
          "no-cache"
        ],
        "Location": [
          "https://management.azure.com/subscriptions/12053b8f-cab5-4f5c-9c1a-870580142abd/resourceGroups/rgtest9921232812/providers/Microsoft.DocumentDB/databaseAccounts/cosmosdb9921232812/sqlDatabases/dbName3/containers/containerName/throughputSettings/default/operationResults/5f0db84f-ef5a-4de2-b718-60590956678e?api-version=2020-03-01"
        ],
        "Azure-AsyncOperation": [
          "https://management.azure.com/subscriptions/12053b8f-cab5-4f5c-9c1a-870580142abd/providers/Microsoft.DocumentDB/locations/westus/operationsStatus/5f0db84f-ef5a-4de2-b718-60590956678e?api-version=2020-03-01"
        ],
        "x-ms-request-id": [
          "5f0db84f-ef5a-4de2-b718-60590956678e"
        ],
        "Strict-Transport-Security": [
          "max-age=31536000; includeSubDomains"
        ],
        "x-ms-gatewayversion": [
          "version=2.10.0"
        ],
        "Server": [
          "Microsoft-HTTPAPI/2.0"
        ],
        "x-ms-ratelimit-remaining-subscription-writes": [
          "1190"
        ],
        "x-ms-correlation-request-id": [
          "3a39377e-b86b-433e-a304-5ad0a11d7856"
        ],
        "x-ms-routing-request-id": [
          "WESTUS:20200409T011402Z:3a39377e-b86b-433e-a304-5ad0a11d7856"
        ],
        "X-Content-Type-Options": [
          "nosniff"
        ],
        "Date": [
          "Thu, 09 Apr 2020 01:14:02 GMT"
        ],
        "Content-Length": [
          "21"
        ],
        "Content-Type": [
          "application/json"
        ],
        "Content-Location": [
          "https://management.documents.azure.com:450/subscriptions/12053b8f-cab5-4f5c-9c1a-870580142abd/resourceGroups/rgtest9921232812/providers/Microsoft.DocumentDB/databaseAccounts/cosmosdb9921232812/sqlDatabases/dbName3/containers/containerName/throughputSettings/default?api-version=2020-03-01"
        ]
      },
      "ResponseBody": "{\r\n  \"status\": \"Enqueued\"\r\n}",
      "StatusCode": 202
    },
    {
      "RequestUri": "/subscriptions/12053b8f-cab5-4f5c-9c1a-870580142abd/providers/Microsoft.DocumentDB/locations/westus/operationsStatus/8799b4dd-1c26-4b6f-9301-6f9379b022f4?api-version=2020-03-01",
      "EncodedRequestUri": "L3N1YnNjcmlwdGlvbnMvMTIwNTNiOGYtY2FiNS00ZjVjLTljMWEtODcwNTgwMTQyYWJkL3Byb3ZpZGVycy9NaWNyb3NvZnQuRG9jdW1lbnREQi9sb2NhdGlvbnMvd2VzdHVzL29wZXJhdGlvbnNTdGF0dXMvODc5OWI0ZGQtMWMyNi00YjZmLTkzMDEtNmY5Mzc5YjAyMmY0P2FwaS12ZXJzaW9uPTIwMjAtMDMtMDE=",
      "RequestMethod": "GET",
      "RequestBody": "",
      "RequestHeaders": {
        "User-Agent": [
          "FxVersion/4.6.28207.03",
          "OSName/Windows",
          "OSVersion/Microsoft.Windows.10.0.18363.",
          "Microsoft.Azure.Management.CosmosDB.CosmosDBManagementClient/1.1.0.0"
        ]
      },
      "ResponseHeaders": {
        "Cache-Control": [
          "no-store, no-cache"
        ],
        "Pragma": [
          "no-cache"
        ],
        "Strict-Transport-Security": [
          "max-age=31536000; includeSubDomains"
        ],
        "x-ms-gatewayversion": [
          "version=2.10.0"
        ],
        "Server": [
          "Microsoft-HTTPAPI/2.0"
        ],
        "x-ms-ratelimit-remaining-subscription-reads": [
          "11961"
        ],
        "x-ms-request-id": [
          "b73af372-7985-41ab-b599-7e44f744f3de"
        ],
        "x-ms-correlation-request-id": [
          "b73af372-7985-41ab-b599-7e44f744f3de"
        ],
        "x-ms-routing-request-id": [
          "WESTUS:20200409T011329Z:b73af372-7985-41ab-b599-7e44f744f3de"
        ],
        "X-Content-Type-Options": [
          "nosniff"
        ],
        "Date": [
          "Thu, 09 Apr 2020 01:13:29 GMT"
        ],
        "Content-Length": [
          "22"
        ],
        "Content-Type": [
          "application/json"
        ],
        "Content-Location": [
          "https://management.documents.azure.com:450/subscriptions/12053b8f-cab5-4f5c-9c1a-870580142abd/providers/Microsoft.DocumentDB/locations/westus/operationsStatus/8799b4dd-1c26-4b6f-9301-6f9379b022f4?api-version=2020-03-01"
        ]
      },
      "ResponseBody": "{\r\n  \"status\": \"Succeeded\"\r\n}",
      "StatusCode": 200
    },
    {
      "RequestUri": "/subscriptions/12053b8f-cab5-4f5c-9c1a-870580142abd/providers/Microsoft.DocumentDB/locations/westus/operationsStatus/4ecf6464-386e-4080-8064-e762a6ed57b2?api-version=2020-03-01",
      "EncodedRequestUri": "L3N1YnNjcmlwdGlvbnMvMTIwNTNiOGYtY2FiNS00ZjVjLTljMWEtODcwNTgwMTQyYWJkL3Byb3ZpZGVycy9NaWNyb3NvZnQuRG9jdW1lbnREQi9sb2NhdGlvbnMvd2VzdHVzL29wZXJhdGlvbnNTdGF0dXMvNGVjZjY0NjQtMzg2ZS00MDgwLTgwNjQtZTc2MmE2ZWQ1N2IyP2FwaS12ZXJzaW9uPTIwMjAtMDMtMDE=",
      "RequestMethod": "GET",
      "RequestBody": "",
      "RequestHeaders": {
        "User-Agent": [
          "FxVersion/4.6.28207.03",
          "OSName/Windows",
          "OSVersion/Microsoft.Windows.10.0.18363.",
          "Microsoft.Azure.Management.CosmosDB.CosmosDBManagementClient/1.1.0.0"
        ]
      },
      "ResponseHeaders": {
        "Cache-Control": [
          "no-store, no-cache"
        ],
        "Pragma": [
          "no-cache"
        ],
        "Strict-Transport-Security": [
          "max-age=31536000; includeSubDomains"
        ],
        "x-ms-gatewayversion": [
          "version=2.10.0"
        ],
        "Server": [
          "Microsoft-HTTPAPI/2.0"
        ],
        "x-ms-ratelimit-remaining-subscription-reads": [
          "11959"
        ],
        "x-ms-request-id": [
          "edd48ef5-cb74-4fa9-a704-122655c9922f"
        ],
        "x-ms-correlation-request-id": [
          "edd48ef5-cb74-4fa9-a704-122655c9922f"
        ],
        "x-ms-routing-request-id": [
          "WESTUS:20200409T011401Z:edd48ef5-cb74-4fa9-a704-122655c9922f"
        ],
        "X-Content-Type-Options": [
          "nosniff"
        ],
        "Date": [
          "Thu, 09 Apr 2020 01:14:00 GMT"
        ],
        "Content-Length": [
          "22"
        ],
        "Content-Type": [
          "application/json"
        ],
        "Content-Location": [
          "https://management.documents.azure.com:450/subscriptions/12053b8f-cab5-4f5c-9c1a-870580142abd/providers/Microsoft.DocumentDB/locations/westus/operationsStatus/4ecf6464-386e-4080-8064-e762a6ed57b2?api-version=2020-03-01"
        ]
      },
      "ResponseBody": "{\r\n  \"status\": \"Succeeded\"\r\n}",
      "StatusCode": 200
    },
    {
      "RequestUri": "/subscriptions/12053b8f-cab5-4f5c-9c1a-870580142abd/providers/Microsoft.DocumentDB/locations/westus/operationsStatus/5f0db84f-ef5a-4de2-b718-60590956678e?api-version=2020-03-01",
      "EncodedRequestUri": "L3N1YnNjcmlwdGlvbnMvMTIwNTNiOGYtY2FiNS00ZjVjLTljMWEtODcwNTgwMTQyYWJkL3Byb3ZpZGVycy9NaWNyb3NvZnQuRG9jdW1lbnREQi9sb2NhdGlvbnMvd2VzdHVzL29wZXJhdGlvbnNTdGF0dXMvNWYwZGI4NGYtZWY1YS00ZGUyLWI3MTgtNjA1OTA5NTY2NzhlP2FwaS12ZXJzaW9uPTIwMjAtMDMtMDE=",
      "RequestMethod": "GET",
      "RequestBody": "",
      "RequestHeaders": {
        "User-Agent": [
          "FxVersion/4.6.28207.03",
          "OSName/Windows",
          "OSVersion/Microsoft.Windows.10.0.18363.",
          "Microsoft.Azure.Management.CosmosDB.CosmosDBManagementClient/1.1.0.0"
        ]
      },
      "ResponseHeaders": {
        "Cache-Control": [
          "no-store, no-cache"
        ],
        "Pragma": [
          "no-cache"
        ],
        "Strict-Transport-Security": [
          "max-age=31536000; includeSubDomains"
        ],
        "x-ms-gatewayversion": [
          "version=2.10.0"
        ],
        "Server": [
          "Microsoft-HTTPAPI/2.0"
        ],
        "x-ms-ratelimit-remaining-subscription-reads": [
          "11957"
        ],
        "x-ms-request-id": [
          "3e1568ca-cbe9-4f79-90a8-3c263f5e195a"
        ],
        "x-ms-correlation-request-id": [
          "3e1568ca-cbe9-4f79-90a8-3c263f5e195a"
        ],
        "x-ms-routing-request-id": [
          "WESTUS:20200409T011433Z:3e1568ca-cbe9-4f79-90a8-3c263f5e195a"
        ],
        "X-Content-Type-Options": [
          "nosniff"
        ],
        "Date": [
          "Thu, 09 Apr 2020 01:14:32 GMT"
        ],
        "Content-Length": [
          "22"
        ],
        "Content-Type": [
          "application/json"
        ],
        "Content-Location": [
          "https://management.documents.azure.com:450/subscriptions/12053b8f-cab5-4f5c-9c1a-870580142abd/providers/Microsoft.DocumentDB/locations/westus/operationsStatus/5f0db84f-ef5a-4de2-b718-60590956678e?api-version=2020-03-01"
        ]
      },
      "ResponseBody": "{\r\n  \"status\": \"Succeeded\"\r\n}",
      "StatusCode": 200
    },
    {
      "RequestUri": "/subscriptions/12053b8f-cab5-4f5c-9c1a-870580142abd/resourceGroups/rgtest9921232812/providers/Microsoft.DocumentDB/databaseAccounts/cosmosdb9921232812/sqlDatabases/dbName3/containers/containerName?api-version=2020-03-01",
      "EncodedRequestUri": "L3N1YnNjcmlwdGlvbnMvMTIwNTNiOGYtY2FiNS00ZjVjLTljMWEtODcwNTgwMTQyYWJkL3Jlc291cmNlR3JvdXBzL3JndGVzdDk5MjEyMzI4MTIvcHJvdmlkZXJzL01pY3Jvc29mdC5Eb2N1bWVudERCL2RhdGFiYXNlQWNjb3VudHMvY29zbW9zZGI5OTIxMjMyODEyL3NxbERhdGFiYXNlcy9kYk5hbWUzL2NvbnRhaW5lcnMvY29udGFpbmVyTmFtZT9hcGktdmVyc2lvbj0yMDIwLTAzLTAx",
      "RequestMethod": "DELETE",
      "RequestBody": "",
      "RequestHeaders": {
        "x-ms-client-request-id": [
          "21106ce8-7626-49d3-a704-2cb864503589"
        ],
        "Accept-Language": [
          "en-US"
        ],
        "User-Agent": [
          "FxVersion/4.6.28207.03",
          "OSName/Windows",
          "OSVersion/Microsoft.Windows.10.0.18363.",
          "Microsoft.Azure.Management.CosmosDB.CosmosDBManagementClient/1.1.0.0"
        ]
      },
      "ResponseHeaders": {
        "Cache-Control": [
          "no-store, no-cache"
        ],
        "Pragma": [
          "no-cache"
        ],
        "Location": [
          "https://management.azure.com/subscriptions/12053b8f-cab5-4f5c-9c1a-870580142abd/resourceGroups/rgtest9921232812/providers/Microsoft.DocumentDB/databaseAccounts/cosmosdb9921232812/sqlDatabases/dbName3/containers/containerName/operationResults/40d34c08-ef88-402c-844b-ae02d8e78e92?api-version=2020-03-01"
        ],
        "Azure-AsyncOperation": [
          "https://management.azure.com/subscriptions/12053b8f-cab5-4f5c-9c1a-870580142abd/providers/Microsoft.DocumentDB/locations/westus/operationsStatus/40d34c08-ef88-402c-844b-ae02d8e78e92?api-version=2020-03-01"
        ],
        "x-ms-request-id": [
          "40d34c08-ef88-402c-844b-ae02d8e78e92"
        ],
        "Strict-Transport-Security": [
          "max-age=31536000; includeSubDomains"
        ],
        "x-ms-gatewayversion": [
          "version=2.10.0"
        ],
        "Server": [
          "Microsoft-HTTPAPI/2.0"
        ],
        "x-ms-ratelimit-remaining-subscription-deletes": [
          "14999"
        ],
        "x-ms-correlation-request-id": [
          "c05a9591-149f-4960-9c07-3aa4a09cdf61"
        ],
        "x-ms-routing-request-id": [
          "WESTUS:20200409T011441Z:c05a9591-149f-4960-9c07-3aa4a09cdf61"
        ],
        "X-Content-Type-Options": [
          "nosniff"
        ],
        "Date": [
          "Thu, 09 Apr 2020 01:14:40 GMT"
        ],
        "Content-Length": [
          "21"
        ],
        "Content-Type": [
          "application/json"
        ],
        "Content-Location": [
          "https://management.documents.azure.com:450/subscriptions/12053b8f-cab5-4f5c-9c1a-870580142abd/resourceGroups/rgtest9921232812/providers/Microsoft.DocumentDB/databaseAccounts/cosmosdb9921232812/sqlDatabases/dbName3/containers/containerName?api-version=2020-03-01"
        ]
      },
      "ResponseBody": "{\r\n  \"status\": \"Enqueued\"\r\n}",
      "StatusCode": 202
    },
    {
      "RequestUri": "/subscriptions/12053b8f-cab5-4f5c-9c1a-870580142abd/providers/Microsoft.DocumentDB/locations/westus/operationsStatus/40d34c08-ef88-402c-844b-ae02d8e78e92?api-version=2020-03-01",
      "EncodedRequestUri": "L3N1YnNjcmlwdGlvbnMvMTIwNTNiOGYtY2FiNS00ZjVjLTljMWEtODcwNTgwMTQyYWJkL3Byb3ZpZGVycy9NaWNyb3NvZnQuRG9jdW1lbnREQi9sb2NhdGlvbnMvd2VzdHVzL29wZXJhdGlvbnNTdGF0dXMvNDBkMzRjMDgtZWY4OC00MDJjLTg0NGItYWUwMmQ4ZTc4ZTkyP2FwaS12ZXJzaW9uPTIwMjAtMDMtMDE=",
      "RequestMethod": "GET",
      "RequestBody": "",
      "RequestHeaders": {
        "User-Agent": [
          "FxVersion/4.6.28207.03",
          "OSName/Windows",
          "OSVersion/Microsoft.Windows.10.0.18363.",
          "Microsoft.Azure.Management.CosmosDB.CosmosDBManagementClient/1.1.0.0"
        ]
      },
      "ResponseHeaders": {
        "Cache-Control": [
          "no-store, no-cache"
        ],
        "Pragma": [
          "no-cache"
        ],
        "Strict-Transport-Security": [
          "max-age=31536000; includeSubDomains"
        ],
        "x-ms-gatewayversion": [
          "version=2.10.0"
        ],
        "Server": [
          "Microsoft-HTTPAPI/2.0"
        ],
        "x-ms-ratelimit-remaining-subscription-reads": [
          "11955"
        ],
        "x-ms-request-id": [
          "4cd00e67-acb7-4972-9d50-5b37834091b3"
        ],
        "x-ms-correlation-request-id": [
          "4cd00e67-acb7-4972-9d50-5b37834091b3"
        ],
        "x-ms-routing-request-id": [
          "WESTUS:20200409T011511Z:4cd00e67-acb7-4972-9d50-5b37834091b3"
        ],
        "X-Content-Type-Options": [
          "nosniff"
        ],
        "Date": [
          "Thu, 09 Apr 2020 01:15:10 GMT"
        ],
        "Content-Length": [
          "22"
        ],
        "Content-Type": [
          "application/json"
        ],
        "Content-Location": [
          "https://management.documents.azure.com:450/subscriptions/12053b8f-cab5-4f5c-9c1a-870580142abd/providers/Microsoft.DocumentDB/locations/westus/operationsStatus/40d34c08-ef88-402c-844b-ae02d8e78e92?api-version=2020-03-01"
        ]
      },
      "ResponseBody": "{\r\n  \"status\": \"Succeeded\"\r\n}",
      "StatusCode": 200
    },
    {
      "RequestUri": "/subscriptions/12053b8f-cab5-4f5c-9c1a-870580142abd/resourceGroups/rgtest9921232812/providers/Microsoft.DocumentDB/databaseAccounts/cosmosdb9921232812/sqlDatabases/dbName3/containers/containerName/operationResults/40d34c08-ef88-402c-844b-ae02d8e78e92?api-version=2020-03-01",
      "EncodedRequestUri": "L3N1YnNjcmlwdGlvbnMvMTIwNTNiOGYtY2FiNS00ZjVjLTljMWEtODcwNTgwMTQyYWJkL3Jlc291cmNlR3JvdXBzL3JndGVzdDk5MjEyMzI4MTIvcHJvdmlkZXJzL01pY3Jvc29mdC5Eb2N1bWVudERCL2RhdGFiYXNlQWNjb3VudHMvY29zbW9zZGI5OTIxMjMyODEyL3NxbERhdGFiYXNlcy9kYk5hbWUzL2NvbnRhaW5lcnMvY29udGFpbmVyTmFtZS9vcGVyYXRpb25SZXN1bHRzLzQwZDM0YzA4LWVmODgtNDAyYy04NDRiLWFlMDJkOGU3OGU5Mj9hcGktdmVyc2lvbj0yMDIwLTAzLTAx",
      "RequestMethod": "GET",
      "RequestBody": "",
      "RequestHeaders": {
        "User-Agent": [
          "FxVersion/4.6.28207.03",
          "OSName/Windows",
          "OSVersion/Microsoft.Windows.10.0.18363.",
          "Microsoft.Azure.Management.CosmosDB.CosmosDBManagementClient/1.1.0.0"
        ]
      },
      "ResponseHeaders": {
        "Cache-Control": [
          "no-store, no-cache"
        ],
        "Pragma": [
          "no-cache"
        ],
        "Strict-Transport-Security": [
          "max-age=31536000; includeSubDomains"
        ],
        "x-ms-gatewayversion": [
          "version=2.10.0"
        ],
        "Server": [
          "Microsoft-HTTPAPI/2.0"
        ],
        "x-ms-ratelimit-remaining-subscription-reads": [
          "11954"
        ],
        "x-ms-request-id": [
          "0ea5b0cc-2fed-4afc-8d1e-535706b0c496"
        ],
        "x-ms-correlation-request-id": [
          "0ea5b0cc-2fed-4afc-8d1e-535706b0c496"
        ],
        "x-ms-routing-request-id": [
          "WESTUS:20200409T011511Z:0ea5b0cc-2fed-4afc-8d1e-535706b0c496"
        ],
        "X-Content-Type-Options": [
          "nosniff"
        ],
        "Date": [
          "Thu, 09 Apr 2020 01:15:10 GMT"
        ],
        "Content-Type": [
          "application/json"
        ],
        "Content-Location": [
          "https://management.documents.azure.com:450/subscriptions/12053b8f-cab5-4f5c-9c1a-870580142abd/resourceGroups/rgtest9921232812/providers/Microsoft.DocumentDB/databaseAccounts/cosmosdb9921232812/sqlDatabases/dbName3/containers/containerName/operationResults/40d34c08-ef88-402c-844b-ae02d8e78e92?api-version=2020-03-01"
        ]
      },
      "ResponseBody": "",
      "StatusCode": 204
    },
    {
      "RequestUri": "/subscriptions/12053b8f-cab5-4f5c-9c1a-870580142abd/resourceGroups/rgtest9921232812/providers/Microsoft.DocumentDB/databaseAccounts/cosmosdb9921232812/sqlDatabases/dbName3?api-version=2020-03-01",
      "EncodedRequestUri": "L3N1YnNjcmlwdGlvbnMvMTIwNTNiOGYtY2FiNS00ZjVjLTljMWEtODcwNTgwMTQyYWJkL3Jlc291cmNlR3JvdXBzL3JndGVzdDk5MjEyMzI4MTIvcHJvdmlkZXJzL01pY3Jvc29mdC5Eb2N1bWVudERCL2RhdGFiYXNlQWNjb3VudHMvY29zbW9zZGI5OTIxMjMyODEyL3NxbERhdGFiYXNlcy9kYk5hbWUzP2FwaS12ZXJzaW9uPTIwMjAtMDMtMDE=",
      "RequestMethod": "DELETE",
      "RequestBody": "",
      "RequestHeaders": {
        "x-ms-client-request-id": [
          "24e8d003-8929-4e92-9420-afc78f153e29"
        ],
        "Accept-Language": [
          "en-US"
        ],
        "User-Agent": [
          "FxVersion/4.6.28207.03",
          "OSName/Windows",
          "OSVersion/Microsoft.Windows.10.0.18363.",
          "Microsoft.Azure.Management.CosmosDB.CosmosDBManagementClient/1.1.0.0"
        ]
      },
      "ResponseHeaders": {
        "Cache-Control": [
          "no-store, no-cache"
        ],
        "Pragma": [
          "no-cache"
        ],
        "Location": [
          "https://management.azure.com/subscriptions/12053b8f-cab5-4f5c-9c1a-870580142abd/resourceGroups/rgtest9921232812/providers/Microsoft.DocumentDB/databaseAccounts/cosmosdb9921232812/sqlDatabases/dbName3/operationResults/29664699-e546-421f-b596-20f69b29b062?api-version=2020-03-01"
        ],
        "Azure-AsyncOperation": [
          "https://management.azure.com/subscriptions/12053b8f-cab5-4f5c-9c1a-870580142abd/providers/Microsoft.DocumentDB/locations/westus/operationsStatus/29664699-e546-421f-b596-20f69b29b062?api-version=2020-03-01"
        ],
        "x-ms-request-id": [
          "29664699-e546-421f-b596-20f69b29b062"
        ],
        "Strict-Transport-Security": [
          "max-age=31536000; includeSubDomains"
        ],
        "x-ms-gatewayversion": [
          "version=2.10.0"
        ],
        "Server": [
          "Microsoft-HTTPAPI/2.0"
        ],
        "x-ms-ratelimit-remaining-subscription-deletes": [
          "14999"
        ],
        "x-ms-correlation-request-id": [
          "c575f588-b673-45d3-b225-6a8b1b9fb2a9"
        ],
        "x-ms-routing-request-id": [
          "WESTUS:20200409T011512Z:c575f588-b673-45d3-b225-6a8b1b9fb2a9"
        ],
        "X-Content-Type-Options": [
          "nosniff"
        ],
        "Date": [
          "Thu, 09 Apr 2020 01:15:11 GMT"
        ],
        "Content-Length": [
          "21"
        ],
        "Content-Type": [
          "application/json"
        ],
        "Content-Location": [
          "https://management.documents.azure.com:450/subscriptions/12053b8f-cab5-4f5c-9c1a-870580142abd/resourceGroups/rgtest9921232812/providers/Microsoft.DocumentDB/databaseAccounts/cosmosdb9921232812/sqlDatabases/dbName3?api-version=2020-03-01"
        ]
      },
      "ResponseBody": "{\r\n  \"status\": \"Enqueued\"\r\n}",
      "StatusCode": 202
    },
    {
      "RequestUri": "/subscriptions/12053b8f-cab5-4f5c-9c1a-870580142abd/providers/Microsoft.DocumentDB/locations/westus/operationsStatus/29664699-e546-421f-b596-20f69b29b062?api-version=2020-03-01",
      "EncodedRequestUri": "L3N1YnNjcmlwdGlvbnMvMTIwNTNiOGYtY2FiNS00ZjVjLTljMWEtODcwNTgwMTQyYWJkL3Byb3ZpZGVycy9NaWNyb3NvZnQuRG9jdW1lbnREQi9sb2NhdGlvbnMvd2VzdHVzL29wZXJhdGlvbnNTdGF0dXMvMjk2NjQ2OTktZTU0Ni00MjFmLWI1OTYtMjBmNjliMjliMDYyP2FwaS12ZXJzaW9uPTIwMjAtMDMtMDE=",
      "RequestMethod": "GET",
      "RequestBody": "",
      "RequestHeaders": {
        "User-Agent": [
          "FxVersion/4.6.28207.03",
          "OSName/Windows",
          "OSVersion/Microsoft.Windows.10.0.18363.",
          "Microsoft.Azure.Management.CosmosDB.CosmosDBManagementClient/1.1.0.0"
        ]
      },
      "ResponseHeaders": {
        "Cache-Control": [
          "no-store, no-cache"
        ],
        "Pragma": [
          "no-cache"
        ],
        "Strict-Transport-Security": [
          "max-age=31536000; includeSubDomains"
        ],
        "x-ms-gatewayversion": [
          "version=2.10.0"
        ],
        "Server": [
          "Microsoft-HTTPAPI/2.0"
        ],
        "x-ms-ratelimit-remaining-subscription-reads": [
          "11999"
        ],
        "x-ms-request-id": [
          "c431b42d-feb4-49dd-97be-ebe724afbe03"
        ],
        "x-ms-correlation-request-id": [
          "c431b42d-feb4-49dd-97be-ebe724afbe03"
        ],
        "x-ms-routing-request-id": [
          "WESTUS:20200409T011542Z:c431b42d-feb4-49dd-97be-ebe724afbe03"
        ],
        "X-Content-Type-Options": [
          "nosniff"
        ],
        "Date": [
          "Thu, 09 Apr 2020 01:15:42 GMT"
        ],
        "Content-Length": [
          "22"
        ],
        "Content-Type": [
          "application/json"
        ],
        "Content-Location": [
          "https://management.documents.azure.com:450/subscriptions/12053b8f-cab5-4f5c-9c1a-870580142abd/providers/Microsoft.DocumentDB/locations/westus/operationsStatus/29664699-e546-421f-b596-20f69b29b062?api-version=2020-03-01"
        ]
      },
      "ResponseBody": "{\r\n  \"status\": \"Succeeded\"\r\n}",
      "StatusCode": 200
    },
    {
      "RequestUri": "/subscriptions/12053b8f-cab5-4f5c-9c1a-870580142abd/resourceGroups/rgtest9921232812/providers/Microsoft.DocumentDB/databaseAccounts/cosmosdb9921232812/sqlDatabases/dbName3/operationResults/29664699-e546-421f-b596-20f69b29b062?api-version=2020-03-01",
      "EncodedRequestUri": "L3N1YnNjcmlwdGlvbnMvMTIwNTNiOGYtY2FiNS00ZjVjLTljMWEtODcwNTgwMTQyYWJkL3Jlc291cmNlR3JvdXBzL3JndGVzdDk5MjEyMzI4MTIvcHJvdmlkZXJzL01pY3Jvc29mdC5Eb2N1bWVudERCL2RhdGFiYXNlQWNjb3VudHMvY29zbW9zZGI5OTIxMjMyODEyL3NxbERhdGFiYXNlcy9kYk5hbWUzL29wZXJhdGlvblJlc3VsdHMvMjk2NjQ2OTktZTU0Ni00MjFmLWI1OTYtMjBmNjliMjliMDYyP2FwaS12ZXJzaW9uPTIwMjAtMDMtMDE=",
      "RequestMethod": "GET",
      "RequestBody": "",
      "RequestHeaders": {
        "User-Agent": [
          "FxVersion/4.6.28207.03",
          "OSName/Windows",
          "OSVersion/Microsoft.Windows.10.0.18363.",
          "Microsoft.Azure.Management.CosmosDB.CosmosDBManagementClient/1.1.0.0"
        ]
      },
      "ResponseHeaders": {
        "Cache-Control": [
          "no-store, no-cache"
        ],
        "Pragma": [
          "no-cache"
        ],
        "Strict-Transport-Security": [
          "max-age=31536000; includeSubDomains"
        ],
        "x-ms-gatewayversion": [
          "version=2.10.0"
        ],
        "Server": [
          "Microsoft-HTTPAPI/2.0"
        ],
        "x-ms-ratelimit-remaining-subscription-reads": [
          "11998"
        ],
        "x-ms-request-id": [
          "a62f576a-439a-4126-91d4-4cd4926117aa"
        ],
        "x-ms-correlation-request-id": [
          "a62f576a-439a-4126-91d4-4cd4926117aa"
        ],
        "x-ms-routing-request-id": [
          "WESTUS:20200409T011542Z:a62f576a-439a-4126-91d4-4cd4926117aa"
        ],
        "X-Content-Type-Options": [
          "nosniff"
        ],
        "Date": [
          "Thu, 09 Apr 2020 01:15:42 GMT"
        ],
        "Content-Type": [
          "application/json"
        ],
        "Content-Location": [
          "https://management.documents.azure.com:450/subscriptions/12053b8f-cab5-4f5c-9c1a-870580142abd/resourceGroups/rgtest9921232812/providers/Microsoft.DocumentDB/databaseAccounts/cosmosdb9921232812/sqlDatabases/dbName3/operationResults/29664699-e546-421f-b596-20f69b29b062?api-version=2020-03-01"
        ]
      },
      "ResponseBody": "",
      "StatusCode": 204
    }
  ],
  "Names": {},
  "Variables": {
    "SubscriptionId": "12053b8f-cab5-4f5c-9c1a-870580142abd"
  }
}