{
  "Entries": [
    {
      "RequestUri": "/pools/testPool/nodes?api-version=2020-03-01.11.0",
      "EncodedRequestUri": "L3Bvb2xzL3Rlc3RQb29sL25vZGVzP2FwaS12ZXJzaW9uPTIwMjAtMDMtMDEuMTEuMA==",
      "RequestMethod": "GET",
      "RequestBody": "",
      "RequestHeaders": {
        "client-request-id": [
          "18ce3d62-bd2a-4e35-97b6-0b0c4d2c3621"
        ],
        "Accept-Language": [
          "en-US"
        ],
        "ocp-date": [
          "Tue, 09 Jun 2020 16:46:01 GMT"
        ],
        "User-Agent": [
          "FxVersion/4.6.28207.03",
          "OSName/Windows",
          "OSVersion/Microsoft.Windows.10.0.18363.",
          "Microsoft.Azure.Batch.Protocol.BatchServiceClient/13.0.20.15503",
          "AzurePowershell/Az1.0.0"
        ]
      },
      "ResponseHeaders": {
        "Transfer-Encoding": [
          "chunked"
        ],
        "Server": [
          "Microsoft-HTTPAPI/2.0"
        ],
        "request-id": [
          "0ddedc32-07de-4671-a18c-1acabdaa9d0c"
        ],
        "Strict-Transport-Security": [
          "max-age=31536000; includeSubDomains"
        ],
        "X-Content-Type-Options": [
          "nosniff"
        ],
        "DataServiceVersion": [
          "3.0"
        ],
        "Date": [
          "Tue, 09 Jun 2020 16:46:23 GMT"
        ],
        "Content-Type": [
          "application/json; odata=minimalmetadata"
        ]
      },
      "ResponseBody": "{\r\n  \"odata.metadata\": \"https://prodtest6.francecentral.batch.azure.com/$metadata#nodes\",\r\n  \"value\": [\r\n    {\r\n      \"id\": \"tvmps_433e31d38a6884897d9d2b7a9768581487c470359392e641501fd42c39417984_d\",\r\n      \"url\": \"https://prodtest6.francecentral.batch.azure.com/pools/testPool/nodes/tvmps_433e31d38a6884897d9d2b7a9768581487c470359392e641501fd42c39417984_d\",\r\n      \"state\": \"idle\",\r\n      \"schedulingState\": \"enabled\",\r\n      \"stateTransitionTime\": \"2020-06-09T16:28:30.510652Z\",\r\n      \"lastBootTime\": \"2020-06-09T16:28:27.712218Z\",\r\n      \"allocationTime\": \"2020-06-09T16:25:12.7257784Z\",\r\n      \"ipAddress\": \"10.218.0.4\",\r\n      \"affinityId\": \"TVM:tvmps_433e31d38a6884897d9d2b7a9768581487c470359392e641501fd42c39417984_d\",\r\n      \"vmSize\": \"standard_d2_v3\",\r\n      \"totalTasksRun\": 0,\r\n      \"totalTasksSucceeded\": 0,\r\n      \"runningTasksCount\": 0,\r\n      \"startTask\": {\r\n        \"commandLine\": \"cmd /c \\\"echo hello\\\"\",\r\n        \"userIdentity\": {\r\n          \"autoUser\": {\r\n            \"scope\": \"pool\",\r\n            \"elevationLevel\": \"nonadmin\"\r\n          }\r\n        },\r\n        \"maxTaskRetryCount\": 0,\r\n        \"waitForSuccess\": true\r\n      },\r\n      \"startTaskInfo\": {\r\n        \"state\": \"completed\",\r\n        \"startTime\": \"2020-06-09T16:28:30.384474Z\",\r\n        \"endTime\": \"2020-06-09T16:28:30.495026Z\",\r\n        \"exitCode\": 0,\r\n        \"result\": \"success\",\r\n        \"retryCount\": 0\r\n      },\r\n      \"certificateReferences\": [],\r\n      \"isDedicated\": true,\r\n      \"endpointConfiguration\": {\r\n        \"inboundEndpoints\": [\r\n          {\r\n            \"name\": \"Microsoft.WindowsAzure.Plugins.RemoteForwarder.RdpInput\",\r\n            \"protocol\": \"tcp\",\r\n            \"publicIPAddress\": \"20.43.39.67\",\r\n            \"frontendPort\": 3389,\r\n            \"backendPort\": 20000\r\n          }\r\n        ]\r\n      },\r\n      \"nodeAgentInfo\": {\r\n        \"lastUpdateTime\": \"2020-06-09T16:28:27.712218Z\",\r\n        \"version\": \"1.8.2\"\r\n      }\r\n    },\r\n    {\r\n      \"id\": \"tvmps_67c7cd533daccf422807a8e72192afe6b3bd035d859dc2b1b0844ccd2331aaba_d\",\r\n      \"url\": \"https://prodtest6.francecentral.batch.azure.com/pools/testPool/nodes/tvmps_67c7cd533daccf422807a8e72192afe6b3bd035d859dc2b1b0844ccd2331aaba_d\",\r\n      \"state\": \"idle\",\r\n      \"schedulingState\": \"enabled\",\r\n      \"stateTransitionTime\": \"2020-06-09T16:28:54.572472Z\",\r\n      \"lastBootTime\": \"2020-06-09T16:28:51.733507Z\",\r\n      \"allocationTime\": \"2020-06-09T16:25:12.7257784Z\",\r\n      \"ipAddress\": \"10.218.0.5\",\r\n      \"affinityId\": \"TVM:tvmps_67c7cd533daccf422807a8e72192afe6b3bd035d859dc2b1b0844ccd2331aaba_d\",\r\n      \"vmSize\": \"standard_d2_v3\",\r\n      \"totalTasksRun\": 0,\r\n      \"totalTasksSucceeded\": 0,\r\n      \"runningTasksCount\": 0,\r\n      \"startTask\": {\r\n        \"commandLine\": \"cmd /c \\\"echo hello\\\"\",\r\n        \"userIdentity\": {\r\n          \"autoUser\": {\r\n            \"scope\": \"pool\",\r\n            \"elevationLevel\": \"nonadmin\"\r\n          }\r\n        },\r\n        \"maxTaskRetryCount\": 0,\r\n        \"waitForSuccess\": true\r\n      },\r\n      \"startTaskInfo\": {\r\n        \"state\": \"completed\",\r\n        \"startTime\": \"2020-06-09T16:28:54.463105Z\",\r\n        \"endTime\": \"2020-06-09T16:28:54.556849Z\",\r\n        \"exitCode\": 0,\r\n        \"result\": \"success\",\r\n        \"retryCount\": 0\r\n      },\r\n      \"certificateReferences\": [],\r\n      \"isDedicated\": true,\r\n      \"endpointConfiguration\": {\r\n        \"inboundEndpoints\": [\r\n          {\r\n            \"name\": \"Microsoft.WindowsAzure.Plugins.RemoteForwarder.RdpInput\",\r\n            \"protocol\": \"tcp\",\r\n            \"publicIPAddress\": \"20.43.39.67\",\r\n            \"frontendPort\": 3389,\r\n            \"backendPort\": 20000\r\n          }\r\n        ]\r\n      },\r\n      \"nodeAgentInfo\": {\r\n        \"lastUpdateTime\": \"2020-06-09T16:28:51.733507Z\",\r\n        \"version\": \"1.8.2\"\r\n      }\r\n    }\r\n  ]\r\n}",
      "StatusCode": 200
    },
    {
      "RequestUri": "/pools/testPool/nodes/tvmps_433e31d38a6884897d9d2b7a9768581487c470359392e641501fd42c39417984_d/users?api-version=2020-03-01.11.0",
      "EncodedRequestUri": "L3Bvb2xzL3Rlc3RQb29sL25vZGVzL3R2bXBzXzQzM2UzMWQzOGE2ODg0ODk3ZDlkMmI3YTk3Njg1ODE0ODdjNDcwMzU5MzkyZTY0MTUwMWZkNDJjMzk0MTc5ODRfZC91c2Vycz9hcGktdmVyc2lvbj0yMDIwLTAzLTAxLjExLjA=",
      "RequestMethod": "POST",
      "RequestBody": "{\r\n  \"name\": \"userendtoend\",\r\n  \"isAdmin\": false,\r\n  \"expiryTime\": \"0001-01-01T00:00:00Z\",\r\n  \"password\": \"Password1234!\"\r\n}",
      "RequestHeaders": {
        "client-request-id": [
          "06843d8a-ffd0-4b52-b808-a3cacb6455c1"
        ],
        "Accept-Language": [
          "en-US"
        ],
        "ocp-date": [
          "Tue, 09 Jun 2020 16:46:23 GMT"
        ],
        "User-Agent": [
          "FxVersion/4.6.28207.03",
          "OSName/Windows",
          "OSVersion/Microsoft.Windows.10.0.18363.",
          "Microsoft.Azure.Batch.Protocol.BatchServiceClient/13.0.20.15503",
          "AzurePowershell/Az1.0.0"
        ],
        "Content-Type": [
          "application/json; odata=minimalmetadata; charset=utf-8"
        ],
        "Content-Length": [
          "124"
        ]
      },
      "ResponseHeaders": {
        "Transfer-Encoding": [
          "chunked"
        ],
        "Location": [
          "https://prodtest6.francecentral.batch.azure.com/pools/testPool/nodes/tvmps_433e31d38a6884897d9d2b7a9768581487c470359392e641501fd42c39417984_d/users/userendtoend"
        ],
        "Server": [
          "Microsoft-HTTPAPI/2.0"
        ],
        "request-id": [
          "982dc0f7-6824-4fd5-8e79-51b142ffd248"
        ],
        "Strict-Transport-Security": [
          "max-age=31536000; includeSubDomains"
        ],
        "X-Content-Type-Options": [
          "nosniff"
        ],
        "DataServiceVersion": [
          "3.0"
        ],
        "DataServiceId": [
          "https://prodtest6.francecentral.batch.azure.com/pools/testPool/nodes/tvmps_433e31d38a6884897d9d2b7a9768581487c470359392e641501fd42c39417984_d/users/userendtoend"
        ],
        "Date": [
          "Tue, 09 Jun 2020 16:46:45 GMT"
        ]
      },
      "ResponseBody": "",
      "StatusCode": 201
    },
    {
      "RequestUri": "/pools/testPool/nodes/tvmps_433e31d38a6884897d9d2b7a9768581487c470359392e641501fd42c39417984_d/users/userendtoend?api-version=2020-03-01.11.0",
      "EncodedRequestUri": "L3Bvb2xzL3Rlc3RQb29sL25vZGVzL3R2bXBzXzQzM2UzMWQzOGE2ODg0ODk3ZDlkMmI3YTk3Njg1ODE0ODdjNDcwMzU5MzkyZTY0MTUwMWZkNDJjMzk0MTc5ODRfZC91c2Vycy91c2VyZW5kdG9lbmQ/YXBpLXZlcnNpb249MjAyMC0wMy0wMS4xMS4w",
      "RequestMethod": "PUT",
      "RequestBody": "{\r\n  \"password\": \"Abcdefghijk1234!\",\r\n  \"expiryTime\": \"2020-06-14T16:46:46.078373Z\"\r\n}",
      "RequestHeaders": {
        "client-request-id": [
          "6b6fcfd7-c16a-49e6-9ede-ad453b2f7f05"
        ],
        "Accept-Language": [
          "en-US"
        ],
        "ocp-date": [
          "Tue, 09 Jun 2020 16:46:46 GMT"
        ],
        "User-Agent": [
          "FxVersion/4.6.28207.03",
          "OSName/Windows",
          "OSVersion/Microsoft.Windows.10.0.18363.",
          "Microsoft.Azure.Batch.Protocol.BatchServiceClient/13.0.20.15503",
          "AzurePowershell/Az1.0.0"
        ],
        "Content-Type": [
          "application/json; odata=minimalmetadata; charset=utf-8"
        ],
        "Content-Length": [
          "86"
        ]
      },
      "ResponseHeaders": {
        "Transfer-Encoding": [
          "chunked"
        ],
        "Server": [
          "Microsoft-HTTPAPI/2.0"
        ],
        "request-id": [
          "e4081433-8abd-4f66-92f3-0ac8a3663859"
        ],
        "Strict-Transport-Security": [
          "max-age=31536000; includeSubDomains"
        ],
        "X-Content-Type-Options": [
          "nosniff"
        ],
        "DataServiceVersion": [
          "3.0"
        ],
        "DataServiceId": [
          "https://prodtest6.francecentral.batch.azure.com/pools/testPool/nodes/tvmps_433e31d38a6884897d9d2b7a9768581487c470359392e641501fd42c39417984_d/users/userendtoend"
        ],
        "Date": [
          "Tue, 09 Jun 2020 16:46:45 GMT"
        ]
      },
      "ResponseBody": "",
      "StatusCode": 200
    },
    {
      "RequestUri": "/pools/testPool/nodes/tvmps_433e31d38a6884897d9d2b7a9768581487c470359392e641501fd42c39417984_d/users/userendtoend?api-version=2020-03-01.11.0",
      "EncodedRequestUri": "L3Bvb2xzL3Rlc3RQb29sL25vZGVzL3R2bXBzXzQzM2UzMWQzOGE2ODg0ODk3ZDlkMmI3YTk3Njg1ODE0ODdjNDcwMzU5MzkyZTY0MTUwMWZkNDJjMzk0MTc5ODRfZC91c2Vycy91c2VyZW5kdG9lbmQ/YXBpLXZlcnNpb249MjAyMC0wMy0wMS4xMS4w",
      "RequestMethod": "DELETE",
      "RequestBody": "",
      "RequestHeaders": {
        "client-request-id": [
          "5a5bb5bc-4d53-44a5-937e-3cc9fddfe1b1"
        ],
        "Accept-Language": [
          "en-US"
        ],
        "ocp-date": [
          "Tue, 09 Jun 2020 16:46:46 GMT"
        ],
        "User-Agent": [
          "FxVersion/4.6.28207.03",
          "OSName/Windows",
          "OSVersion/Microsoft.Windows.10.0.18363.",
          "Microsoft.Azure.Batch.Protocol.BatchServiceClient/13.0.20.15503",
          "AzurePowershell/Az1.0.0"
        ],
        "Content-Length": [
          "0"
        ]
      },
      "ResponseHeaders": {
        "Transfer-Encoding": [
          "chunked"
        ],
        "Server": [
          "Microsoft-HTTPAPI/2.0"
        ],
        "request-id": [
          "4e13820f-2664-42c8-82d9-67d86ecaf86a"
        ],
        "Strict-Transport-Security": [
          "max-age=31536000; includeSubDomains"
        ],
        "X-Content-Type-Options": [
          "nosniff"
        ],
        "DataServiceVersion": [
          "3.0"
        ],
        "Date": [
          "Tue, 09 Jun 2020 16:46:46 GMT"
        ]
      },
      "ResponseBody": "",
      "StatusCode": 200
    },
    {
      "RequestUri": "/pools/testPool/nodes/tvmps_433e31d38a6884897d9d2b7a9768581487c470359392e641501fd42c39417984_d/users/userendtoend?api-version=2020-03-01.11.0",
      "EncodedRequestUri": "L3Bvb2xzL3Rlc3RQb29sL25vZGVzL3R2bXBzXzQzM2UzMWQzOGE2ODg0ODk3ZDlkMmI3YTk3Njg1ODE0ODdjNDcwMzU5MzkyZTY0MTUwMWZkNDJjMzk0MTc5ODRfZC91c2Vycy91c2VyZW5kdG9lbmQ/YXBpLXZlcnNpb249MjAyMC0wMy0wMS4xMS4w",
      "RequestMethod": "DELETE",
      "RequestBody": "",
      "RequestHeaders": {
        "client-request-id": [
          "dbf54532-af97-4774-b71f-2e3d95d31d47"
        ],
        "Accept-Language": [
          "en-US"
        ],
        "ocp-date": [
          "Tue, 09 Jun 2020 16:46:46 GMT"
        ],
        "User-Agent": [
          "FxVersion/4.6.28207.03",
          "OSName/Windows",
          "OSVersion/Microsoft.Windows.10.0.18363.",
          "Microsoft.Azure.Batch.Protocol.BatchServiceClient/13.0.20.15503",
          "AzurePowershell/Az1.0.0"
        ],
        "Content-Length": [
          "0"
        ]
      },
      "ResponseHeaders": {
        "Server": [
          "Microsoft-HTTPAPI/2.0"
        ],
        "request-id": [
          "e8ed03ba-7f4a-4299-aeed-31c949d22c42"
        ],
        "Strict-Transport-Security": [
          "max-age=31536000; includeSubDomains"
        ],
        "X-Content-Type-Options": [
          "nosniff"
        ],
        "DataServiceVersion": [
          "3.0"
        ],
        "Date": [
          "Tue, 09 Jun 2020 16:46:46 GMT"
        ],
        "Content-Length": [
          "346"
        ],
        "Content-Type": [
          "application/json; odata=minimalmetadata"
        ]
      },
      "ResponseBody": "{\r\n  \"odata.metadata\": \"https://prodtest6.francecentral.batch.azure.com/$metadata#Microsoft.Azure.Batch.Protocol.Entities.Container.errors/@Element\",\r\n  \"code\": \"NodeUserNotFound\",\r\n  \"message\": {\r\n    \"lang\": \"en-US\",\r\n    \"value\": \"The specified node user does not exist.\\nRequestId:e8ed03ba-7f4a-4299-aeed-31c949d22c42\\nTime:2020-06-09T16:46:47.1092056Z\"\r\n  }\r\n}",
      "StatusCode": 404
    }
  ],
  "Names": {},
  "Variables": {
    "SubscriptionId": "21abd678-18c5-4660-9fdd-8c5ba6b6fe1f",
    "AZURE_BATCH_ACCOUNT": "prodtest6",
    "AZURE_BATCH_ENDPOINT": "https://prodtest6.francecentral.batch.azure.com",
    "AZURE_BATCH_RESOURCE_GROUP": "abc"
  }
}