{
  "Get-AzQuota+[NoContext]+List+$GET+https://management.azure.com/subscriptions/0e745469-49f8-48c9-873b-24ca87143db1/providers/Microsoft.Network/locations/eastus/providers/Microsoft.Quota/quotas?api-version=2025-07-15+1": {
    "Request": {
      "Method": "GET",
      "RequestUri": "https://management.azure.com/subscriptions/0e745469-49f8-48c9-873b-24ca87143db1/providers/Microsoft.Network/locations/eastus/providers/Microsoft.Quota/quotas?api-version=2025-07-15",
      "Content": null,
      "isContentBase64": false,
      "Headers": {
        "x-ms-unique-id": [ "1" ],
        "x-ms-client-request-id": [ "7ca60595-00c9-45dd-b779-b6f7a5125519" ],
        "CommandName": [ "Get-AzQuota" ],
        "FullCommandName": [ "Get-AzQuota_List" ],
        "ParameterSetName": [ "__AllParameterSets" ],
        "User-Agent": [ "AzurePowershell/v0.0.0", "PSVersion/v7.4.11", "Az.Quota/0.1.3" ],
        "Authorization": [ "[Filtered]" ]
      },
      "ContentHeaders": {
      }
    },
    "Response": {
      "StatusCode": 200,
      "Headers": {
        "Cache-Control": [ "no-store, must-revalidate, no-cache" ],
        "Vary": [ "Accept-Encoding" ],
        "Strict-Transport-Security": [ "max-age=31536000; includeSubDomains" ],
        "X-Content-Type-Options": [ "nosniff" ],
        "MS-RequestId": [ "ubUzSQXhj0m6XOZZxrTc4A.0" ],
        "x-ms-operation-identifier": [ "tenantId=213e87ed-8e08-4eb4-a63c-c073058f7b00,objectId=2b39426f-84f6-41b3-9ad1-ee6021770dba/southeastasia/83ec7f68-7122-4807-b966-e52049a06dca" ],
        "x-ms-ratelimit-remaining-subscription-reads": [ "249" ],
        "x-ms-ratelimit-remaining-subscription-global-reads": [ "3749" ],
        "x-ms-request-id": [ "973d6db2-8b9e-4da0-a489-fe1e2d8cabb3" ],
        "x-ms-correlation-request-id": [ "973d6db2-8b9e-4da0-a489-fe1e2d8cabb3" ],
        "x-ms-routing-request-id": [ "SOUTHEASTASIA:20250911T081318Z:973d6db2-8b9e-4da0-a489-fe1e2d8cabb3" ],
        "X-Cache": [ "CONFIG_NOCACHE" ],
        "X-MSEdge-Ref": [ "Ref A: 1054817E91D64CA9AAB60359B6EEC46D Ref B: MAA201060513045 Ref C: 2025-09-11T08:13:17Z" ],
        "Date": [ "Thu, 11 Sep 2025 08:13:18 GMT" ]
      },
      "ContentHeaders": {
        "Content-Length": [ "26076" ],
        "Content-Type": [ "application/json" ]
      },
      "Content": "{\"value\":[{\"properties\":{\"limit\":{\"limitObjectType\":\"LimitValue\",\"limitType\":\"Independent\",\"value\":1000},\"name\":{\"value\":\"VirtualNetworks\",\"localizedValue\":\"Virtual Networks\"},\"properties\":{},\"unit\":\"Count\",\"isQuotaApplicable\":false},\"id\":\"/subscriptions/0e745469-49f8-48c9-873b-24ca87143db1/providers/Microsoft.Network/locations/eastus/providers/Microsoft.Quota/quotas/VirtualNetworks\",\"type\":\"Microsoft.Quota/Quotas\",\"name\":\"VirtualNetworks\"},{\"properties\":{\"limit\":{\"limitObjectType\":\"LimitValue\",\"limitType\":\"Independent\",\"value\":5},\"name\":{\"value\":\"CustomIpPrefixes\",\"localizedValue\":\"Custom Ip Prefixes\"},\"properties\":{},\"unit\":\"Count\",\"isQuotaApplicable\":false},\"id\":\"/subscriptions/0e745469-49f8-48c9-873b-24ca87143db1/providers/Microsoft.Network/locations/eastus/providers/Microsoft.Quota/quotas/CustomIpPrefixes\",\"type\":\"Microsoft.Quota/Quotas\",\"name\":\"CustomIpPrefixes\"},{\"properties\":{\"limit\":{\"limitObjectType\":\"LimitValue\",\"limitType\":\"Independent\",\"value\":2147483647},\"name\":{\"value\":\"PublicIpPrefixes\",\"localizedValue\":\"Public Ip Prefixes\"},\"properties\":{},\"unit\":\"Count\",\"isQuotaApplicable\":false},\"id\":\"/subscriptions/0e745469-49f8-48c9-873b-24ca87143db1/providers/Microsoft.Network/locations/eastus/providers/Microsoft.Quota/quotas/PublicIpPrefixes\",\"type\":\"Microsoft.Quota/Quotas\",\"name\":\"PublicIpPrefixes\"},{\"properties\":{\"limit\":{\"limitObjectType\":\"LimitValue\",\"limitType\":\"Independent\",\"value\":20},\"name\":{\"value\":\"PublicIPAddresses\",\"localizedValue\":\"Public IP Addresses\"},\"properties\":{},\"unit\":\"Count\",\"isQuotaApplicable\":false},\"id\":\"/subscriptions/0e745469-49f8-48c9-873b-24ca87143db1/providers/Microsoft.Network/locations/eastus/providers/Microsoft.Quota/quotas/PublicIPAddresses\",\"type\":\"Microsoft.Quota/Quotas\",\"name\":\"PublicIPAddresses\"},{\"properties\":{\"limit\":{\"limitObjectType\":\"LimitValue\",\"limitType\":\"Independent\",\"value\":0},\"name\":{\"value\":\"IPv4BasicSkuPublicIpAddresses\",\"localizedValue\":\"Public IPv4 Addresses - Basic\"},\"properties\":{},\"unit\":\"Count\",\"isQuotaApplicable\":true},\"id\":\"/subscriptions/0e745469-49f8-48c9-873b-24ca87143db1/providers/Microsoft.Network/locations/eastus/providers/Microsoft.Quota/quotas/IPv4BasicSkuPublicIpAddresses\",\"type\":\"Microsoft.Quota/Quotas\",\"name\":\"IPv4BasicSkuPublicIpAddresses\"},{\"properties\":{\"limit\":{\"limitObjectType\":\"LimitValue\",\"limitType\":\"Independent\",\"value\":0},\"name\":{\"value\":\"IPv6BasicSkuPublicIpAddresses\",\"localizedValue\":\"Public IPv6 Addresses - Basic\"},\"properties\":{},\"unit\":\"Count\",\"isQuotaApplicable\":true},\"id\":\"/subscriptions/0e745469-49f8-48c9-873b-24ca87143db1/providers/Microsoft.Network/locations/eastus/providers/Microsoft.Quota/quotas/IPv6BasicSkuPublicIpAddresses\",\"type\":\"Microsoft.Quota/Quotas\",\"name\":\"IPv6BasicSkuPublicIpAddresses\"},{\"properties\":{\"limit\":{\"limitObjectType\":\"LimitValue\",\"limitType\":\"Independent\",\"value\":20},\"name\":{\"value\":\"IPv4StandardSkuPublicIpAddresses\",\"localizedValue\":\"Public IPv4 Addresses - Standard\"},\"properties\":{},\"unit\":\"Count\",\"isQuotaApplicable\":true},\"id\":\"/subscriptions/0e745469-49f8-48c9-873b-24ca87143db1/providers/Microsoft.Network/locations/eastus/providers/Microsoft.Quota/quotas/IPv4StandardSkuPublicIpAddresses\",\"type\":\"Microsoft.Quota/Quotas\",\"name\":\"IPv4StandardSkuPublicIpAddresses\"},{\"properties\":{\"limit\":{\"limitObjectType\":\"LimitValue\",\"limitType\":\"Independent\",\"value\":20},\"name\":{\"value\":\"IPv6StandardSkuPublicIpAddresses\",\"localizedValue\":\"Public IPv6 Addresses - Standard\"},\"properties\":{},\"unit\":\"Count\",\"isQuotaApplicable\":true},\"id\":\"/subscriptions/0e745469-49f8-48c9-873b-24ca87143db1/providers/Microsoft.Network/locations/eastus/providers/Microsoft.Quota/quotas/IPv6StandardSkuPublicIpAddresses\",\"type\":\"Microsoft.Quota/Quotas\",\"name\":\"IPv6StandardSkuPublicIpAddresses\"},{\"properties\":{\"limit\":{\"limitObjectType\":\"LimitValue\",\"limitType\":\"Independent\",\"value\":10},\"name\":{\"value\":\"IPv4GlobalTierPublicIpAddresses\",\"localizedValue\":\"Public IPv4 Addresses - Global Tier\"},\"properties\":{},\"unit\":\"Count\",\"isQuotaApplicable\":true},\"id\":\"/subscriptions/0e745469-49f8-48c9-873b-24ca87143db1/providers/Microsoft.Network/locations/eastus/providers/Microsoft.Quota/quotas/IPv4GlobalTierPublicIpAddresses\",\"type\":\"Microsoft.Quota/Quotas\",\"name\":\"IPv4GlobalTierPublicIpAddresses\"},{\"properties\":{\"limit\":{\"limitObjectType\":\"LimitValue\",\"limitType\":\"Independent\",\"value\":10},\"name\":{\"value\":\"IPv6GlobalTierPublicIpAddresses\",\"localizedValue\":\"Public IPv6 Addresses - Global Tier\"},\"properties\":{},\"unit\":\"Count\",\"isQuotaApplicable\":true},\"id\":\"/subscriptions/0e745469-49f8-48c9-873b-24ca87143db1/providers/Microsoft.Network/locations/eastus/providers/Microsoft.Quota/quotas/IPv6GlobalTierPublicIpAddresses\",\"type\":\"Microsoft.Quota/Quotas\",\"name\":\"IPv6GlobalTierPublicIpAddresses\"},{\"properties\":{\"limit\":{\"limitObjectType\":\"LimitValue\",\"limitType\":\"Independent\",\"value\":10},\"name\":{\"value\":\"IPv4InternetRoutingPreferencePublicIpAddresses\",\"localizedValue\":\"Public IPv4 Addresses - Internet Routing Preference\"},\"properties\":{},\"unit\":\"Count\",\"isQuotaApplicable\":true},\"id\":\"/subscriptions/0e745469-49f8-48c9-873b-24ca87143db1/providers/Microsoft.Network/locations/eastus/providers/Microsoft.Quota/quotas/IPv4InternetRoutingPreferencePublicIpAddresses\",\"type\":\"Microsoft.Quota/Quotas\",\"name\":\"IPv4InternetRoutingPreferencePublicIpAddresses\"},{\"properties\":{\"limit\":{\"limitObjectType\":\"LimitValue\",\"limitType\":\"Independent\",\"value\":10},\"name\":{\"value\":\"IPv6InternetRoutingPreferencePublicIpAddresses\",\"localizedValue\":\"Public IPv6 Addresses - Internet Routing Preference\"},\"properties\":{},\"unit\":\"Count\",\"isQuotaApplicable\":true},\"id\":\"/subscriptions/0e745469-49f8-48c9-873b-24ca87143db1/providers/Microsoft.Network/locations/eastus/providers/Microsoft.Quota/quotas/IPv6InternetRoutingPreferencePublicIpAddresses\",\"type\":\"Microsoft.Quota/Quotas\",\"name\":\"IPv6InternetRoutingPreferencePublicIpAddresses\"},{\"properties\":{\"limit\":{\"limitObjectType\":\"LimitValue\",\"limitType\":\"Independent\",\"value\":5000},\"name\":{\"value\":\"NetworkSecurityGroups\",\"localizedValue\":\"Network Security Groups\"},\"properties\":{},\"unit\":\"Count\",\"isQuotaApplicable\":false},\"id\":\"/subscriptions/0e745469-49f8-48c9-873b-24ca87143db1/providers/Microsoft.Network/locations/eastus/providers/Microsoft.Quota/quotas/NetworkSecurityGroups\",\"type\":\"Microsoft.Quota/Quotas\",\"name\":\"NetworkSecurityGroups\"},{\"properties\":{\"limit\":{\"limitObjectType\":\"LimitValue\",\"limitType\":\"Independent\",\"value\":100},\"name\":{\"value\":\"NatGateways\",\"localizedValue\":\"Nat Gateways\"},\"properties\":{},\"unit\":\"Count\",\"isQuotaApplicable\":false},\"id\":\"/subscriptions/0e745469-49f8-48c9-873b-24ca87143db1/providers/Microsoft.Network/locations/eastus/providers/Microsoft.Quota/quotas/NatGateways\",\"type\":\"Microsoft.Quota/Quotas\",\"name\":\"NatGateways\"},{\"properties\":{\"limit\":{\"limitObjectType\":\"LimitValue\",\"limitType\":\"Independent\",\"value\":65536},\"name\":{\"value\":\"NetworkInterfaces\",\"localizedValue\":\"Network Interfaces\"},\"properties\":{},\"unit\":\"Count\",\"isQuotaApplicable\":false},\"id\":\"/subscriptions/0e745469-49f8-48c9-873b-24ca87143db1/providers/Microsoft.Network/locations/eastus/providers/Microsoft.Quota/quotas/NetworkInterfaces\",\"type\":\"Microsoft.Quota/Quotas\",\"name\":\"NetworkInterfaces\"},{\"properties\":{\"limit\":{\"limitObjectType\":\"LimitValue\",\"limitType\":\"Independent\",\"value\":65536},\"name\":{\"value\":\"PrivateEndpoints\",\"localizedValue\":\"Private Endpoints\"},\"properties\":{},\"unit\":\"Count\",\"isQuotaApplicable\":false},\"id\":\"/subscriptions/0e745469-49f8-48c9-873b-24ca87143db1/providers/Microsoft.Network/locations/eastus/providers/Microsoft.Quota/quotas/PrivateEndpoints\",\"type\":\"Microsoft.Quota/Quotas\",\"name\":\"PrivateEndpoints\"},{\"properties\":{\"limit\":{\"limitObjectType\":\"LimitValue\",\"limitType\":\"Independent\",\"value\":2147483647},\"name\":{\"value\":\"PrivateEndpointRedirectMaps\",\"localizedValue\":\"Private Endpoint Redirect Maps\"},\"properties\":{},\"unit\":\"Count\",\"isQuotaApplicable\":false},\"id\":\"/subscriptions/0e745469-49f8-48c9-873b-24ca87143db1/providers/Microsoft.Network/locations/eastus/providers/Microsoft.Quota/quotas/PrivateEndpointRedirectMaps\",\"type\":\"Microsoft.Quota/Quotas\",\"name\":\"PrivateEndpointRedirectMaps\"},{\"properties\":{\"limit\":{\"limitObjectType\":\"LimitValue\",\"limitType\":\"Independent\",\"value\":1000},\"name\":{\"value\":\"LoadBalancers\",\"localizedValue\":\"Load Balancers\"},\"properties\":{},\"unit\":\"Count\",\"isQuotaApplicable\":false},\"id\":\"/subscriptions/0e745469-49f8-48c9-873b-24ca87143db1/providers/Microsoft.Network/locations/eastus/providers/Microsoft.Quota/quotas/LoadBalancers\",\"type\":\"Microsoft.Quota/Quotas\",\"name\":\"LoadBalancers\"},{\"properties\":{\"limit\":{\"limitObjectType\":\"LimitValue\",\"limitType\":\"Independent\",\"value\":1800},\"name\":{\"value\":\"PrivateLinkServices\",\"localizedValue\":\"Private Link Services\"},\"properties\":{},\"unit\":\"Count\",\"isQuotaApplicable\":false},\"id\":\"/subscriptions/0e745469-49f8-48c9-873b-24ca87143db1/providers/Microsoft.Network/locations/eastus/providers/Microsoft.Quota/quotas/PrivateLinkServices\",\"type\":\"Microsoft.Quota/Quotas\",\"name\":\"PrivateLinkServices\"},{\"properties\":{\"limit\":{\"limitObjectType\":\"LimitValue\",\"limitType\":\"Independent\",\"value\":1000},\"name\":{\"value\":\"ApplicationGateways\",\"localizedValue\":\"Application Gateways\"},\"properties\":{},\"unit\":\"Count\",\"isQuotaApplicable\":false},\"id\":\"/subscriptions/0e745469-49f8-48c9-873b-24ca87143db1/providers/Microsoft.Network/locations/eastus/providers/Microsoft.Quota/quotas/ApplicationGateways\",\"type\":\"Microsoft.Quota/Quotas\",\"name\":\"ApplicationGateways\"},{\"properties\":{\"limit\":{\"limitObjectType\":\"LimitValue\",\"limitType\":\"Independent\",\"value\":200},\"name\":{\"value\":\"RouteTables\",\"localizedValue\":\"Route Tables\"},\"properties\":{},\"unit\":\"Count\",\"isQuotaApplicable\":false},\"id\":\"/subscriptions/0e745469-49f8-48c9-873b-24ca87143db1/providers/Microsoft.Network/locations/eastus/providers/Microsoft.Quota/quotas/RouteTables\",\"type\":\"Microsoft.Quota/Quotas\",\"name\":\"RouteTables\"},{\"properties\":{\"limit\":{\"limitObjectType\":\"LimitValue\",\"limitType\":\"Independent\",\"value\":1000},\"name\":{\"value\":\"RouteFilters\",\"localizedValue\":\"Route Filters\"},\"properties\":{},\"unit\":\"Count\",\"isQuotaApplicable\":false},\"id\":\"/subscriptions/0e745469-49f8-48c9-873b-24ca87143db1/providers/Microsoft.Network/locations/eastus/providers/Microsoft.Quota/quotas/RouteFilters\",\"type\":\"Microsoft.Quota/Quotas\",\"name\":\"RouteFilters\"},{\"properties\":{\"limit\":{\"limitObjectType\":\"LimitValue\",\"limitType\":\"Independent\",\"value\":10},\"name\":{\"value\":\"VirtualNetworkTaps\",\"localizedValue\":\"Virtual Network Taps.\"},\"properties\":{},\"unit\":\"Count\",\"isQuotaApplicable\":false},\"id\":\"/subscriptions/0e745469-49f8-48c9-873b-24ca87143db1/providers/Microsoft.Network/locations/eastus/providers/Microsoft.Quota/quotas/VirtualNetworkTaps\",\"type\":\"Microsoft.Quota/Quotas\",\"name\":\"VirtualNetworkTaps\"},{\"properties\":{\"limit\":{\"limitObjectType\":\"LimitValue\",\"limitType\":\"Independent\",\"value\":1},\"name\":{\"value\":\"NetworkWatchers\",\"localizedValue\":\"Network Watchers\"},\"properties\":{},\"unit\":\"Count\",\"isQuotaApplicable\":false},\"id\":\"/subscriptions/0e745469-49f8-48c9-873b-24ca87143db1/providers/Microsoft.Network/locations/eastus/providers/Microsoft.Quota/quotas/NetworkWatchers\",\"type\":\"Microsoft.Quota/Quotas\",\"name\":\"NetworkWatchers\"},{\"properties\":{\"limit\":{\"limitObjectType\":\"LimitValue\",\"limitType\":\"Independent\",\"value\":10000},\"name\":{\"value\":\"PacketCaptures\",\"localizedValue\":\"Packet Captures\"},\"properties\":{},\"unit\":\"Count\",\"isQuotaApplicable\":false},\"id\":\"/subscriptions/0e745469-49f8-48c9-873b-24ca87143db1/providers/Microsoft.Network/locations/eastus/providers/Microsoft.Quota/quotas/PacketCaptures\",\"type\":\"Microsoft.Quota/Quotas\",\"name\":\"PacketCaptures\"},{\"properties\":{\"limit\":{\"limitObjectType\":\"LimitValue\",\"limitType\":\"Independent\",\"value\":3000},\"name\":{\"value\":\"ApplicationSecurityGroups\",\"localizedValue\":\"Application Security Groups.\"},\"properties\":{},\"unit\":\"Count\",\"isQuotaApplicable\":false},\"id\":\"/subscriptions/0e745469-49f8-48c9-873b-24ca87143db1/providers/Microsoft.Network/locations/eastus/providers/Microsoft.Quota/quotas/ApplicationSecurityGroups\",\"type\":\"Microsoft.Quota/Quotas\",\"name\":\"ApplicationSecurityGroups\"},{\"properties\":{\"limit\":{\"limitObjectType\":\"LimitValue\",\"limitType\":\"Independent\",\"value\":1},\"name\":{\"value\":\"DdosProtectionPlans\",\"localizedValue\":\"DDoS Protection Plans.\"},\"properties\":{},\"unit\":\"Count\",\"isQuotaApplicable\":false},\"id\":\"/subscriptions/0e745469-49f8-48c9-873b-24ca87143db1/providers/Microsoft.Network/locations/eastus/providers/Microsoft.Quota/quotas/DdosProtectionPlans\",\"type\":\"Microsoft.Quota/Quotas\",\"name\":\"DdosProtectionPlans\"},{\"properties\":{\"limit\":{\"limitObjectType\":\"LimitValue\",\"limitType\":\"Independent\",\"value\":200},\"name\":{\"value\":\"DdosCustomPolicies\",\"localizedValue\":\"DDoS customized policies\"},\"properties\":{},\"unit\":\"Count\",\"isQuotaApplicable\":false},\"id\":\"/subscriptions/0e745469-49f8-48c9-873b-24ca87143db1/providers/Microsoft.Network/locations/eastus/providers/Microsoft.Quota/quotas/DdosCustomPolicies\",\"type\":\"Microsoft.Quota/Quotas\",\"name\":\"DdosCustomPolicies\"},{\"properties\":{\"limit\":{\"limitObjectType\":\"LimitValue\",\"limitType\":\"Independent\",\"value\":500},\"name\":{\"value\":\"ServiceEndpointPolicies\",\"localizedValue\":\"Service Endpoint Policies\"},\"properties\":{},\"unit\":\"Count\",\"isQuotaApplicable\":false},\"id\":\"/subscriptions/0e745469-49f8-48c9-873b-24ca87143db1/providers/Microsoft.Network/locations/eastus/providers/Microsoft.Quota/quotas/ServiceEndpointPolicies\",\"type\":\"Microsoft.Quota/Quotas\",\"name\":\"ServiceEndpointPolicies\"},{\"properties\":{\"limit\":{\"limitObjectType\":\"LimitValue\",\"limitType\":\"Independent\",\"value\":400},\"name\":{\"value\":\"NetworkIntentPolicies\",\"localizedValue\":\"Network Intent Policies\"},\"properties\":{},\"unit\":\"Count\",\"isQuotaApplicable\":false},\"id\":\"/subscriptions/0e745469-49f8-48c9-873b-24ca87143db1/providers/Microsoft.Network/locations/eastus/providers/Microsoft.Quota/quotas/NetworkIntentPolicies\",\"type\":\"Microsoft.Quota/Quotas\",\"name\":\"NetworkIntentPolicies\"},{\"properties\":{\"limit\":{\"limitObjectType\":\"LimitValue\",\"limitType\":\"Independent\",\"value\":1000},\"name\":{\"value\":\"StandardSkuLoadBalancers\",\"localizedValue\":\"Standard Sku Load Balancers\"},\"properties\":{},\"unit\":\"Count\",\"isQuotaApplicable\":false},\"id\":\"/subscriptions/0e745469-49f8-48c9-873b-24ca87143db1/providers/Microsoft.Network/locations/eastus/providers/Microsoft.Quota/quotas/StandardSkuLoadBalancers\",\"type\":\"Microsoft.Quota/Quotas\",\"name\":\"StandardSkuLoadBalancers\"},{\"properties\":{\"limit\":{\"limitObjectType\":\"LimitValue\",\"limitType\":\"Independent\",\"value\":10},\"name\":{\"value\":\"AuxiliaryModeEnabledNetworkInterfaces\",\"localizedValue\":\"Auxiliary Mode Enabled Network Interfaces\"},\"properties\":{},\"unit\":\"Count\",\"isQuotaApplicable\":false},\"id\":\"/subscriptions/0e745469-49f8-48c9-873b-24ca87143db1/providers/Microsoft.Network/locations/eastus/providers/Microsoft.Quota/quotas/AuxiliaryModeEnabledNetworkInterfaces\",\"type\":\"Microsoft.Quota/Quotas\",\"name\":\"AuxiliaryModeEnabledNetworkInterfaces\"},{\"properties\":{\"limit\":{\"limitObjectType\":\"LimitValue\",\"limitType\":\"Independent\",\"value\":20},\"name\":{\"value\":\"DnsServersPerVirtualNetwork\",\"localizedValue\":\"DNS servers per Virtual Network\"},\"properties\":{},\"unit\":\"Count\",\"isQuotaApplicable\":false},\"id\":\"/subscriptions/0e745469-49f8-48c9-873b-24ca87143db1/providers/Microsoft.Network/locations/eastus/providers/Microsoft.Quota/quotas/DnsServersPerVirtualNetwork\",\"type\":\"Microsoft.Quota/Quotas\",\"name\":\"DnsServersPerVirtualNetwork\"},{\"properties\":{\"limit\":{\"limitObjectType\":\"LimitValue\",\"limitType\":\"Independent\",\"value\":5},\"name\":{\"value\":\"CustomDnsServersPerP2SVpnGateway\",\"localizedValue\":\"Custom DNS servers per P2SVpnGateway\"},\"properties\":{},\"unit\":\"Count\",\"isQuotaApplicable\":false},\"id\":\"/subscriptions/0e745469-49f8-48c9-873b-24ca87143db1/providers/Microsoft.Network/locations/eastus/providers/Microsoft.Quota/quotas/CustomDnsServersPerP2SVpnGateway\",\"type\":\"Microsoft.Quota/Quotas\",\"name\":\"CustomDnsServersPerP2SVpnGateway\"},{\"properties\":{\"limit\":{\"limitObjectType\":\"LimitValue\",\"limitType\":\"Independent\",\"value\":3000},\"name\":{\"value\":\"SubnetsPerVirtualNetwork\",\"localizedValue\":\"Subnets per Virtual Network\"},\"properties\":{},\"unit\":\"Count\",\"isQuotaApplicable\":false},\"id\":\"/subscriptions/0e745469-49f8-48c9-873b-24ca87143db1/providers/Microsoft.Network/locations/eastus/providers/Microsoft.Quota/quotas/SubnetsPerVirtualNetwork\",\"type\":\"Microsoft.Quota/Quotas\",\"name\":\"SubnetsPerVirtualNetwork\"},{\"properties\":{\"limit\":{\"limitObjectType\":\"LimitValue\",\"limitType\":\"Independent\",\"value\":65536},\"name\":{\"value\":\"IPConfigurationsPerVirtualNetwork\",\"localizedValue\":\"IP Configurations per Virtual Network\"},\"properties\":{},\"unit\":\"Count\",\"isQuotaApplicable\":false},\"id\":\"/subscriptions/0e745469-49f8-48c9-873b-24ca87143db1/providers/Microsoft.Network/locations/eastus/providers/Microsoft.Quota/quotas/IPConfigurationsPerVirtualNetwork\",\"type\":\"Microsoft.Quota/Quotas\",\"name\":\"IPConfigurationsPerVirtualNetwork\"},{\"properties\":{\"limit\":{\"limitObjectType\":\"LimitValue\",\"limitType\":\"Independent\",\"value\":500},\"name\":{\"value\":\"PeeringsPerVirtualNetwork\",\"localizedValue\":\"Peerings per Virtual Network\"},\"properties\":{},\"unit\":\"Count\",\"isQuotaApplicable\":false},\"id\":\"/subscriptions/0e745469-49f8-48c9-873b-24ca87143db1/providers/Microsoft.Network/locations/eastus/providers/Microsoft.Quota/quotas/PeeringsPerVirtualNetwork\",\"type\":\"Microsoft.Quota/Quotas\",\"name\":\"PeeringsPerVirtualNetwork\"},{\"properties\":{\"limit\":{\"limitObjectType\":\"LimitValue\",\"limitType\":\"Independent\",\"value\":25},\"name\":{\"value\":\"PrefixesPerSubnet\",\"localizedValue\":\"Prefixes per Subnet\"},\"properties\":{},\"unit\":\"Count\",\"isQuotaApplicable\":false},\"id\":\"/subscriptions/0e745469-49f8-48c9-873b-24ca87143db1/providers/Microsoft.Network/locations/eastus/providers/Microsoft.Quota/quotas/PrefixesPerSubnet\",\"type\":\"Microsoft.Quota/Quotas\",\"name\":\"PrefixesPerSubnet\"},{\"properties\":{\"limit\":{\"limitObjectType\":\"LimitValue\",\"limitType\":\"Independent\",\"value\":1000},\"name\":{\"value\":\"SecurityRulesPerNetworkSecurityGroup\",\"localizedValue\":\"Security rules per Network Security Group\"},\"properties\":{},\"unit\":\"Count\",\"isQuotaApplicable\":false},\"id\":\"/subscriptions/0e745469-49f8-48c9-873b-24ca87143db1/providers/Microsoft.Network/locations/eastus/providers/Microsoft.Quota/quotas/SecurityRulesPerNetworkSecurityGroup\",\"type\":\"Microsoft.Quota/Quotas\",\"name\":\"SecurityRulesPerNetworkSecurityGroup\"},{\"properties\":{\"limit\":{\"limitObjectType\":\"LimitValue\",\"limitType\":\"Independent\",\"value\":100},\"name\":{\"value\":\"SecurityRulesPerNetworkIntentPolicy\",\"localizedValue\":\"Security rules per Network Intent Policy\"},\"properties\":{},\"unit\":\"Count\",\"isQuotaApplicable\":false},\"id\":\"/subscriptions/0e745469-49f8-48c9-873b-24ca87143db1/providers/Microsoft.Network/locations/eastus/providers/Microsoft.Quota/quotas/SecurityRulesPerNetworkIntentPolicy\",\"type\":\"Microsoft.Quota/Quotas\",\"name\":\"SecurityRulesPerNetworkIntentPolicy\"},{\"properties\":{\"limit\":{\"limitObjectType\":\"LimitValue\",\"limitType\":\"Independent\",\"value\":200},\"name\":{\"value\":\"RoutesPerNetworkIntentPolicy\",\"localizedValue\":\"Routes per Network Intent Policy\"},\"properties\":{},\"unit\":\"Count\",\"isQuotaApplicable\":false},\"id\":\"/subscriptions/0e745469-49f8-48c9-873b-24ca87143db1/providers/Microsoft.Network/locations/eastus/providers/Microsoft.Quota/quotas/RoutesPerNetworkIntentPolicy\",\"type\":\"Microsoft.Quota/Quotas\",\"name\":\"RoutesPerNetworkIntentPolicy\"},{\"properties\":{\"limit\":{\"limitObjectType\":\"LimitValue\",\"limitType\":\"Independent\",\"value\":4000},\"name\":{\"value\":\"SecurityRuleAddressesOrPortsPerNetworkSecurityGroup\",\"localizedValue\":\"Security rules addresses or ports per Network Security Group\"},\"properties\":{},\"unit\":\"Count\",\"isQuotaApplicable\":false},\"id\":\"/subscriptions/0e745469-49f8-48c9-873b-24ca87143db1/providers/Microsoft.Network/locations/eastus/providers/Microsoft.Quota/quotas/SecurityRuleAddressesOrPortsPerNetworkSecurityGroup\",\"type\":\"Microsoft.Quota/Quotas\",\"name\":\"SecurityRuleAddressesOrPortsPerNetworkSecurityGroup\"},{\"properties\":{\"limit\":{\"limitObjectType\":\"LimitValue\",\"limitType\":\"Independent\",\"value\":250},\"name\":{\"value\":\"InboundRulesPerLoadBalancer\",\"localizedValue\":\"Inbound Rules per Load Balancer\"},\"properties\":{},\"unit\":\"Count\",\"isQuotaApplicable\":false},\"id\":\"/subscriptions/0e745469-49f8-48c9-873b-24ca87143db1/providers/Microsoft.Network/locations/eastus/providers/Microsoft.Quota/quotas/InboundRulesPerLoadBalancer\",\"type\":\"Microsoft.Quota/Quotas\",\"name\":\"InboundRulesPerLoadBalancer\"},{\"properties\":{\"limit\":{\"limitObjectType\":\"LimitValue\",\"limitType\":\"Independent\",\"value\":200},\"name\":{\"value\":\"FrontendIPConfigurationPerLoadBalancer\",\"localizedValue\":\"Frontend IP Configurations per Load Balancer\"},\"properties\":{},\"unit\":\"Count\",\"isQuotaApplicable\":false},\"id\":\"/subscriptions/0e745469-49f8-48c9-873b-24ca87143db1/providers/Microsoft.Network/locations/eastus/providers/Microsoft.Quota/quotas/FrontendIPConfigurationPerLoadBalancer\",\"type\":\"Microsoft.Quota/Quotas\",\"name\":\"FrontendIPConfigurationPerLoadBalancer\"},{\"properties\":{\"limit\":{\"limitObjectType\":\"LimitValue\",\"limitType\":\"Independent\",\"value\":5},\"name\":{\"value\":\"OutboundRulesPerLoadBalancer\",\"localizedValue\":\"Outbound Rules per Load Balancer\"},\"properties\":{},\"unit\":\"Count\",\"isQuotaApplicable\":false},\"id\":\"/subscriptions/0e745469-49f8-48c9-873b-24ca87143db1/providers/Microsoft.Network/locations/eastus/providers/Microsoft.Quota/quotas/OutboundRulesPerLoadBalancer\",\"type\":\"Microsoft.Quota/Quotas\",\"name\":\"OutboundRulesPerLoadBalancer\"},{\"properties\":{\"limit\":{\"limitObjectType\":\"LimitValue\",\"limitType\":\"Independent\",\"value\":600},\"name\":{\"value\":\"RoutesPerRouteTable\",\"localizedValue\":\"Routes per Route Table\"},\"properties\":{},\"unit\":\"Count\",\"isQuotaApplicable\":false},\"id\":\"/subscriptions/0e745469-49f8-48c9-873b-24ca87143db1/providers/Microsoft.Network/locations/eastus/providers/Microsoft.Quota/quotas/RoutesPerRouteTable\",\"type\":\"Microsoft.Quota/Quotas\",\"name\":\"RoutesPerRouteTable\"},{\"properties\":{\"limit\":{\"limitObjectType\":\"LimitValue\",\"limitType\":\"Independent\",\"value\":25},\"name\":{\"value\":\"RoutesWithServiceTagPerRouteTable\",\"localizedValue\":\"Routes with service tag per Route Table\"},\"properties\":{},\"unit\":\"Count\",\"isQuotaApplicable\":false},\"id\":\"/subscriptions/0e745469-49f8-48c9-873b-24ca87143db1/providers/Microsoft.Network/locations/eastus/providers/Microsoft.Quota/quotas/RoutesWithServiceTagPerRouteTable\",\"type\":\"Microsoft.Quota/Quotas\",\"name\":\"RoutesWithServiceTagPerRouteTable\"},{\"properties\":{\"limit\":{\"limitObjectType\":\"LimitValue\",\"limitType\":\"Independent\",\"value\":256},\"name\":{\"value\":\"SecondaryIPConfigurationsPerNetworkInterface\",\"localizedValue\":\"Secondary IP Configurations per Network Interface\"},\"properties\":{},\"unit\":\"Count\",\"isQuotaApplicable\":false},\"id\":\"/subscriptions/0e745469-49f8-48c9-873b-24ca87143db1/providers/Microsoft.Network/locations/eastus/providers/Microsoft.Quota/quotas/SecondaryIPConfigurationsPerNetworkInterface\",\"type\":\"Microsoft.Quota/Quotas\",\"name\":\"SecondaryIPConfigurationsPerNetworkInterface\"},{\"properties\":{\"limit\":{\"limitObjectType\":\"LimitValue\",\"limitType\":\"Independent\",\"value\":500},\"name\":{\"value\":\"SecondaryIPConfigurationsPerPrivateEndpointNetworkInterface\",\"localizedValue\":\"Secondary IP Configurations per PrivateEndpoint Network Interface\"},\"properties\":{},\"unit\":\"Count\",\"isQuotaApplicable\":false},\"id\":\"/subscriptions/0e745469-49f8-48c9-873b-24ca87143db1/providers/Microsoft.Network/locations/eastus/providers/Microsoft.Quota/quotas/SecondaryIPConfigurationsPerPrivateEndpointNetworkInterface\",\"type\":\"Microsoft.Quota/Quotas\",\"name\":\"SecondaryIPConfigurationsPerPrivateEndpointNetworkInterface\"},{\"properties\":{\"limit\":{\"limitObjectType\":\"LimitValue\",\"limitType\":\"Independent\",\"value\":300},\"name\":{\"value\":\"InboundNatOrLbRulesPerNetworkInterface\",\"localizedValue\":\"Inbound rules per Network Interface\"},\"properties\":{},\"unit\":\"Count\",\"isQuotaApplicable\":false},\"id\":\"/subscriptions/0e745469-49f8-48c9-873b-24ca87143db1/providers/Microsoft.Network/locations/eastus/providers/Microsoft.Quota/quotas/InboundNatOrLbRulesPerNetworkInterface\",\"type\":\"Microsoft.Quota/Quotas\",\"name\":\"InboundNatOrLbRulesPerNetworkInterface\"},{\"properties\":{\"limit\":{\"limitObjectType\":\"LimitValue\",\"limitType\":\"Independent\",\"value\":1},\"name\":{\"value\":\"RouteFilterRulesPerRouteFilter\",\"localizedValue\":\"Route filter rules per Route Filter\"},\"properties\":{},\"unit\":\"Count\",\"isQuotaApplicable\":false},\"id\":\"/subscriptions/0e745469-49f8-48c9-873b-24ca87143db1/providers/Microsoft.Network/locations/eastus/providers/Microsoft.Quota/quotas/RouteFilterRulesPerRouteFilter\",\"type\":\"Microsoft.Quota/Quotas\",\"name\":\"RouteFilterRulesPerRouteFilter\"},{\"properties\":{\"limit\":{\"limitObjectType\":\"LimitValue\",\"limitType\":\"Independent\",\"value\":1},\"name\":{\"value\":\"RouteFiltersPerExpressRouteBgpPeering\",\"localizedValue\":\"Route filters per Express route BGP Peering\"},\"properties\":{},\"unit\":\"Count\",\"isQuotaApplicable\":false},\"id\":\"/subscriptions/0e745469-49f8-48c9-873b-24ca87143db1/providers/Microsoft.Network/locations/eastus/providers/Microsoft.Quota/quotas/RouteFiltersPerExpressRouteBgpPeering\",\"type\":\"Microsoft.Quota/Quotas\",\"name\":\"RouteFiltersPerExpressRouteBgpPeering\"},{\"properties\":{\"limit\":{\"limitObjectType\":\"LimitValue\",\"limitType\":\"Independent\",\"value\":28},\"name\":{\"value\":\"MinPublicIpInterNetworkPrefixLength\",\"localizedValue\":\"Public IPv4 Prefix Length\"},\"properties\":{},\"unit\":\"Count\",\"isQuotaApplicable\":true},\"id\":\"/subscriptions/0e745469-49f8-48c9-873b-24ca87143db1/providers/Microsoft.Network/locations/eastus/providers/Microsoft.Quota/quotas/MinPublicIpInterNetworkPrefixLength\",\"type\":\"Microsoft.Quota/Quotas\",\"name\":\"MinPublicIpInterNetworkPrefixLength\"},{\"properties\":{\"limit\":{\"limitObjectType\":\"LimitValue\",\"limitType\":\"Independent\",\"value\":5},\"name\":{\"value\":\"SourceNicsPerVirtualNetworkTap\",\"localizedValue\":\"Source Nics Per Virtual Network Tap.\"},\"properties\":{},\"unit\":\"Count\",\"isQuotaApplicable\":false},\"id\":\"/subscriptions/0e745469-49f8-48c9-873b-24ca87143db1/providers/Microsoft.Network/locations/eastus/providers/Microsoft.Quota/quotas/SourceNicsPerVirtualNetworkTap\",\"type\":\"Microsoft.Quota/Quotas\",\"name\":\"SourceNicsPerVirtualNetworkTap\"}]}",
      "isContentBase64": false
    }
  },
  "Get-AzQuota+[NoContext]+Get+$GET+https://management.azure.com/subscriptions/0e745469-49f8-48c9-873b-24ca87143db1/providers/Microsoft.Network/locations/eastus/providers/Microsoft.Quota/quotas/MinPublicIpInterNetworkPrefixLength?api-version=2025-07-15+1": {
    "Request": {
      "Method": "GET",
      "RequestUri": "https://management.azure.com/subscriptions/0e745469-49f8-48c9-873b-24ca87143db1/providers/Microsoft.Network/locations/eastus/providers/Microsoft.Quota/quotas/MinPublicIpInterNetworkPrefixLength?api-version=2025-07-15",
      "Content": null,
      "isContentBase64": false,
      "Headers": {
        "x-ms-unique-id": [ "3" ],
        "x-ms-client-request-id": [ "09966784-7aa8-4bef-9c29-8ab83aecc875" ],
        "CommandName": [ "Get-AzQuota" ],
        "FullCommandName": [ "Get-AzQuota_Get" ],
        "ParameterSetName": [ "__AllParameterSets" ],
        "User-Agent": [ "AzurePowershell/v0.0.0", "PSVersion/v7.4.11", "Az.Quota/0.1.3" ],
        "Authorization": [ "[Filtered]" ]
      },
      "ContentHeaders": {
      }
    },
    "Response": {
      "StatusCode": 200,
      "Headers": {
        "Cache-Control": [ "no-store, must-revalidate, no-cache" ],
        "Vary": [ "Accept-Encoding" ],
        "Strict-Transport-Security": [ "max-age=31536000; includeSubDomains" ],
        "X-Content-Type-Options": [ "nosniff" ],
        "MS-RequestId": [ "tPDlCY_5Tk2LOTMOSO3YoA.0" ],
        "x-ms-operation-identifier": [ "tenantId=213e87ed-8e08-4eb4-a63c-c073058f7b00,objectId=2b39426f-84f6-41b3-9ad1-ee6021770dba/southeastasia/daef7172-6021-4d3b-880b-2b98ddfb60be" ],
        "x-ms-ratelimit-remaining-subscription-reads": [ "249" ],
        "x-ms-ratelimit-remaining-subscription-global-reads": [ "3749" ],
        "x-ms-request-id": [ "abc807c8-1eab-40a4-bed3-04a70a71ffa8" ],
        "x-ms-correlation-request-id": [ "abc807c8-1eab-40a4-bed3-04a70a71ffa8" ],
        "x-ms-routing-request-id": [ "SOUTHEASTASIA:20250911T081322Z:abc807c8-1eab-40a4-bed3-04a70a71ffa8" ],
        "X-Cache": [ "CONFIG_NOCACHE" ],
        "X-MSEdge-Ref": [ "Ref A: 46E96F071D494BF687D6AF07F6367201 Ref B: MAA201060513045 Ref C: 2025-09-11T08:13:20Z" ],
        "Date": [ "Thu, 11 Sep 2025 08:13:21 GMT" ]
      },
      "ContentHeaders": {
        "Content-Length": [ "500" ],
        "Content-Type": [ "application/json" ]
      },
      "Content": "{\"properties\":{\"limit\":{\"limitObjectType\":\"LimitValue\",\"limitType\":\"Independent\",\"value\":28},\"name\":{\"value\":\"MinPublicIpInterNetworkPrefixLength\",\"localizedValue\":\"Public IPv4 Prefix Length\"},\"properties\":{},\"unit\":\"Count\",\"isQuotaApplicable\":true},\"id\":\"/subscriptions/0e745469-49f8-48c9-873b-24ca87143db1/providers/Microsoft.Network/locations/eastus/providers/Microsoft.Quota/quotas/MinPublicIpInterNetworkPrefixLength\",\"type\":\"Microsoft.Quota/Quotas\",\"name\":\"MinPublicIpInterNetworkPrefixLength\"}",
      "isContentBase64": false
    }
  },
  "Get-AzQuota+[NoContext]+Get+$GET+https://management.azure.com/subscriptions/0e745469-49f8-48c9-873b-24ca87143db1/providers/Microsoft.Network/locations/eastus/providers/Microsoft.Quota/quotas/MinPublicIpInterNetworkPrefixLength?api-version=2025-07-15+2": {
    "Request": {
      "Method": "GET",
      "RequestUri": "https://management.azure.com/subscriptions/0e745469-49f8-48c9-873b-24ca87143db1/providers/Microsoft.Network/locations/eastus/providers/Microsoft.Quota/quotas/MinPublicIpInterNetworkPrefixLength?api-version=2025-07-15",
      "Content": null,
      "isContentBase64": false,
      "Headers": {
        "x-ms-unique-id": [ "4" ],
        "x-ms-client-request-id": [ "eeec818d-1ffb-4624-aa01-86983dbcddd1" ],
        "CommandName": [ "Get-AzQuota" ],
        "FullCommandName": [ "Get-AzQuota_GetViaIdentity" ],
        "ParameterSetName": [ "__AllParameterSets" ],
        "User-Agent": [ "AzurePowershell/v0.0.0", "PSVersion/v7.4.11", "Az.Quota/0.1.3" ],
        "Authorization": [ "[Filtered]" ]
      },
      "ContentHeaders": {
      }
    },
    "Response": {
      "StatusCode": 200,
      "Headers": {
        "Cache-Control": [ "no-store, must-revalidate, no-cache" ],
        "Vary": [ "Accept-Encoding" ],
        "Strict-Transport-Security": [ "max-age=31536000; includeSubDomains" ],
        "X-Content-Type-Options": [ "nosniff" ],
        "MS-RequestId": [ "1mVNif5VPUuW1AeFG6OVuw.0" ],
        "x-ms-operation-identifier": [ "tenantId=213e87ed-8e08-4eb4-a63c-c073058f7b00,objectId=2b39426f-84f6-41b3-9ad1-ee6021770dba/southeastasia/1df9cadc-a168-48eb-961e-30dc27c2c3c8" ],
        "x-ms-ratelimit-remaining-subscription-reads": [ "249" ],
        "x-ms-ratelimit-remaining-subscription-global-reads": [ "3749" ],
        "x-ms-request-id": [ "6d50d195-7b13-497a-b410-01f63fb00b3a" ],
        "x-ms-correlation-request-id": [ "6d50d195-7b13-497a-b410-01f63fb00b3a" ],
        "x-ms-routing-request-id": [ "SOUTHEASTASIA:20250911T081323Z:6d50d195-7b13-497a-b410-01f63fb00b3a" ],
        "X-Cache": [ "CONFIG_NOCACHE" ],
        "X-MSEdge-Ref": [ "Ref A: 7964017582D94EEE8587AB7B72ED5E6C Ref B: MAA201060513045 Ref C: 2025-09-11T08:13:22Z" ],
        "Date": [ "Thu, 11 Sep 2025 08:13:23 GMT" ]
      },
      "ContentHeaders": {
        "Content-Length": [ "500" ],
        "Content-Type": [ "application/json" ]
      },
      "Content": "{\"properties\":{\"limit\":{\"limitObjectType\":\"LimitValue\",\"limitType\":\"Independent\",\"value\":28},\"name\":{\"value\":\"MinPublicIpInterNetworkPrefixLength\",\"localizedValue\":\"Public IPv4 Prefix Length\"},\"properties\":{},\"unit\":\"Count\",\"isQuotaApplicable\":true},\"id\":\"/subscriptions/0e745469-49f8-48c9-873b-24ca87143db1/providers/Microsoft.Network/locations/eastus/providers/Microsoft.Quota/quotas/MinPublicIpInterNetworkPrefixLength\",\"type\":\"Microsoft.Quota/Quotas\",\"name\":\"MinPublicIpInterNetworkPrefixLength\"}",
      "isContentBase64": false
    }
  }
}