{
  "Get-AzQuotaGroupQuotaSubscription+[NoContext]+Get+$GET+https://management.azure.com/providers/Microsoft.Management/managementGroups/AzureClientToolsBAMI/providers/Microsoft.Quota/groupQuotas/testlocation?api-version=2025-09-01+1": {
    "Request": {
      "Method": "GET",
      "RequestUri": "https://management.azure.com/providers/Microsoft.Management/managementGroups/AzureClientToolsBAMI/providers/Microsoft.Quota/groupQuotas/testlocation?api-version=2025-09-01",
      "Content": null,
      "isContentBase64": false,
      "Headers": {
        "x-ms-unique-id": [ "21" ],
        "x-ms-client-request-id": [ "a71d0a91-f6dd-40ea-84b3-5fd1d83ad600" ],
        "CommandName": [ "Get-AzQuotaGroupQuota" ],
        "FullCommandName": [ "Get-AzQuotaGroupQuota_Get" ],
        "ParameterSetName": [ "__AllParameterSets" ],
        "User-Agent": [ "AzurePowershell/v0.0.0", "PSVersion/v7.4.12", "Az.Quota/0.1.0" ],
        "Authorization": [ "[Filtered]" ]
      },
      "ContentHeaders": {
      }
    },
    "Response": {
      "StatusCode": 200,
      "Headers": {
        "Cache-Control": [ "no-store, must-revalidate, no-cache" ],
        "Vary": [ "Accept-Encoding" ],
        "Strict-Transport-Security": [ "max-age=31536000; includeSubDomains" ],
        "X-Content-Type-Options": [ "nosniff" ],
        "MS-RequestId": [ "ujYLMYi9U0-HYBhm8JQZiw.0" ],
        "x-ms-operation-identifier": [ "" ],
        "x-ms-ratelimit-remaining-tenant-reads": [ "249" ],
        "x-ms-request-id": [ "33f9efe8-34a8-4395-a5da-bc86805a9f58" ],
        "x-ms-correlation-request-id": [ "33f9efe8-34a8-4395-a5da-bc86805a9f58" ],
        "x-ms-routing-request-id": [ "AUSTRALIAEAST:20260127T013259Z:33f9efe8-34a8-4395-a5da-bc86805a9f58" ],
        "X-Cache": [ "CONFIG_NOCACHE" ],
        "X-MSEdge-Ref": [ "Ref A: 57B6E47BB4DE48639B52C5493817E264 Ref B: SYD03EDGE0806 Ref C: 2026-01-27T01:32:58Z" ],
        "Date": [ "Tue, 27 Jan 2026 01:32:58 GMT" ]
      },
      "ContentHeaders": {
        "Content-Length": [ "389" ],
        "Content-Type": [ "application/json" ]
      },
      "Content": "{\"properties\":{\"displayName\":\"Test Location Group Quota\",\"groupType\":\"AllocationGroup\",\"provisioningState\":\"Succeeded\",\"additionalAttributes\":{\"groupId\":{\"groupingIdType\":\"None\"},\"environment\":\"None\"}},\"id\":\"/providers/Microsoft.Management/managementGroups/AzureClientToolsBAMI/providers/Microsoft.Quota/groupQuotas/testlocation\",\"type\":\"Microsoft.Quota/groupQuotas\",\"name\":\"testlocation\"}",
      "isContentBase64": false
    }
  },
  "Get-AzQuotaGroupQuotaSubscription+[NoContext]+Get+$GET+https://management.azure.com/providers/Microsoft.Management/managementGroups/AzureClientToolsBAMI/providers/Microsoft.Quota/groupQuotas/testlocation/subscriptions/e77b08cc-d20a-411b-aa8e-6b453f1f7971?api-version=2025-09-01+2": {
    "Request": {
      "Method": "GET",
      "RequestUri": "https://management.azure.com/providers/Microsoft.Management/managementGroups/AzureClientToolsBAMI/providers/Microsoft.Quota/groupQuotas/testlocation/subscriptions/e77b08cc-d20a-411b-aa8e-6b453f1f7971?api-version=2025-09-01",
      "Content": null,
      "isContentBase64": false,
      "Headers": {
        "x-ms-unique-id": [ "22" ],
        "x-ms-client-request-id": [ "77aff5f8-66ec-4ec0-a58d-78f0c06b116e" ],
        "CommandName": [ "Get-AzQuotaGroupQuotaSubscription" ],
        "FullCommandName": [ "Get-AzQuotaGroupQuotaSubscription_Get" ],
        "ParameterSetName": [ "__AllParameterSets" ],
        "User-Agent": [ "AzurePowershell/v0.0.0", "PSVersion/v7.4.12", "Az.Quota/0.1.0" ],
        "Authorization": [ "[Filtered]" ]
      },
      "ContentHeaders": {
      }
    },
    "Response": {
      "StatusCode": 200,
      "Headers": {
        "Cache-Control": [ "no-store, must-revalidate, no-cache" ],
        "Vary": [ "Accept-Encoding" ],
        "Strict-Transport-Security": [ "max-age=31536000; includeSubDomains" ],
        "X-Content-Type-Options": [ "nosniff" ],
        "MS-RequestId": [ "M_AlL0hyVU2PZmBbyeUGzQ.0" ],
        "x-ms-operation-identifier": [ "" ],
        "x-ms-ratelimit-remaining-tenant-resource-requests": [ "2199" ],
        "x-ms-request-id": [ "9fc61426-a531-4b4e-af98-488334c74351" ],
        "x-ms-correlation-request-id": [ "9fc61426-a531-4b4e-af98-488334c74351" ],
        "x-ms-routing-request-id": [ "AUSTRALIAEAST:20260127T013259Z:9fc61426-a531-4b4e-af98-488334c74351" ],
        "X-Cache": [ "CONFIG_NOCACHE" ],
        "X-MSEdge-Ref": [ "Ref A: EB9ACE1697A94F7E81B697826F583C59 Ref B: SYD03EDGE0806 Ref C: 2026-01-27T01:32:59Z" ],
        "Date": [ "Tue, 27 Jan 2026 01:32:59 GMT" ]
      },
      "ContentHeaders": {
        "Content-Length": [ "380" ],
        "Content-Type": [ "application/json" ]
      },
      "Content": "{\"Properties\":{\"subscriptionId\":\"e77b08cc-d20a-411b-aa8e-6b453f1f7971\",\"provisioningState\":\"SUCCEEDED\"},\"id\":\"/providers/Microsoft.Management/managementGroups/AzureClientToolsBAMI/providers/Microsoft.Quota/groupQuotas/testlocation/subscriptions/e77b08cc-d20a-411b-aa8e-6b453f1f7971\",\"type\":\"Microsoft.Quota/groupQuotas/subscriptions\",\"name\":\"e77b08cc-d20a-411b-aa8e-6b453f1f7971\"}",
      "isContentBase64": false
    }
  },
  "Get-AzQuotaGroupQuotaSubscription+[NoContext]+Get+$GET+https://management.azure.com/providers/Microsoft.Management/managementGroups/AzureClientToolsBAMI/providers/Microsoft.Quota/groupQuotas/testlocation/subscriptions/e77b08cc-d20a-411b-aa8e-6b453f1f7971?api-version=2025-09-01+3": {
    "Request": {
      "Method": "GET",
      "RequestUri": "https://management.azure.com/providers/Microsoft.Management/managementGroups/AzureClientToolsBAMI/providers/Microsoft.Quota/groupQuotas/testlocation/subscriptions/e77b08cc-d20a-411b-aa8e-6b453f1f7971?api-version=2025-09-01",
      "Content": null,
      "isContentBase64": false,
      "Headers": {
        "x-ms-unique-id": [ "23" ],
        "x-ms-client-request-id": [ "117b3527-bc0a-4be6-9d85-4677030b72d3" ],
        "CommandName": [ "Get-AzQuotaGroupQuotaSubscription" ],
        "FullCommandName": [ "Get-AzQuotaGroupQuotaSubscription_Get" ],
        "ParameterSetName": [ "__AllParameterSets" ],
        "User-Agent": [ "AzurePowershell/v0.0.0", "PSVersion/v7.4.12", "Az.Quota/0.1.0" ],
        "Authorization": [ "[Filtered]" ]
      },
      "ContentHeaders": {
      }
    },
    "Response": {
      "StatusCode": 200,
      "Headers": {
        "Cache-Control": [ "no-store, must-revalidate, no-cache" ],
        "Vary": [ "Accept-Encoding" ],
        "Strict-Transport-Security": [ "max-age=31536000; includeSubDomains" ],
        "X-Content-Type-Options": [ "nosniff" ],
        "MS-RequestId": [ "cms_qahJEUq0kKxsN7nyLw.0" ],
        "x-ms-operation-identifier": [ "" ],
        "x-ms-ratelimit-remaining-tenant-resource-requests": [ "2199" ],
        "x-ms-request-id": [ "bf36d39c-3573-435d-a5ba-f03645652750" ],
        "x-ms-correlation-request-id": [ "bf36d39c-3573-435d-a5ba-f03645652750" ],
        "x-ms-routing-request-id": [ "AUSTRALIACENTRAL2:20260127T013300Z:bf36d39c-3573-435d-a5ba-f03645652750" ],
        "X-Cache": [ "CONFIG_NOCACHE" ],
        "X-MSEdge-Ref": [ "Ref A: 9E9D144648624F2C9FB24A0D319516B6 Ref B: SYD03EDGE0806 Ref C: 2026-01-27T01:32:59Z" ],
        "Date": [ "Tue, 27 Jan 2026 01:33:00 GMT" ]
      },
      "ContentHeaders": {
        "Content-Length": [ "380" ],
        "Content-Type": [ "application/json" ]
      },
      "Content": "{\"Properties\":{\"subscriptionId\":\"e77b08cc-d20a-411b-aa8e-6b453f1f7971\",\"provisioningState\":\"SUCCEEDED\"},\"id\":\"/providers/Microsoft.Management/managementGroups/AzureClientToolsBAMI/providers/Microsoft.Quota/groupQuotas/testlocation/subscriptions/e77b08cc-d20a-411b-aa8e-6b453f1f7971\",\"type\":\"Microsoft.Quota/groupQuotas/subscriptions\",\"name\":\"e77b08cc-d20a-411b-aa8e-6b453f1f7971\"}",
      "isContentBase64": false
    }
  },
  "Get-AzQuotaGroupQuotaSubscription+[NoContext]+List+$GET+https://management.azure.com/providers/Microsoft.Management/managementGroups/AzureClientToolsBAMI/providers/Microsoft.Quota/groupQuotas/testlocation?api-version=2025-09-01+1": {
    "Request": {
      "Method": "GET",
      "RequestUri": "https://management.azure.com/providers/Microsoft.Management/managementGroups/AzureClientToolsBAMI/providers/Microsoft.Quota/groupQuotas/testlocation?api-version=2025-09-01",
      "Content": null,
      "isContentBase64": false,
      "Headers": {
        "x-ms-unique-id": [ "24" ],
        "x-ms-client-request-id": [ "5f6d37de-5bd3-4116-87c5-6f2e66e5c6ca" ],
        "CommandName": [ "Get-AzQuotaGroupQuota" ],
        "FullCommandName": [ "Get-AzQuotaGroupQuota_Get" ],
        "ParameterSetName": [ "__AllParameterSets" ],
        "User-Agent": [ "AzurePowershell/v0.0.0", "PSVersion/v7.4.12", "Az.Quota/0.1.0" ],
        "Authorization": [ "[Filtered]" ]
      },
      "ContentHeaders": {
      }
    },
    "Response": {
      "StatusCode": 200,
      "Headers": {
        "Cache-Control": [ "no-store, must-revalidate, no-cache" ],
        "Vary": [ "Accept-Encoding" ],
        "Strict-Transport-Security": [ "max-age=31536000; includeSubDomains" ],
        "X-Content-Type-Options": [ "nosniff" ],
        "MS-RequestId": [ "2XC4cyCuIE-1W-P-NjkexA.0" ],
        "x-ms-operation-identifier": [ "" ],
        "x-ms-ratelimit-remaining-tenant-reads": [ "249" ],
        "x-ms-request-id": [ "fdb4712b-ac4d-4c43-ba3c-abbc33dbdc2d" ],
        "x-ms-correlation-request-id": [ "fdb4712b-ac4d-4c43-ba3c-abbc33dbdc2d" ],
        "x-ms-routing-request-id": [ "AUSTRALIACENTRAL2:20260127T013300Z:fdb4712b-ac4d-4c43-ba3c-abbc33dbdc2d" ],
        "X-Cache": [ "CONFIG_NOCACHE" ],
        "X-MSEdge-Ref": [ "Ref A: E93A57AC8F49461FA88E7C33D54957CA Ref B: SYD03EDGE0806 Ref C: 2026-01-27T01:33:00Z" ],
        "Date": [ "Tue, 27 Jan 2026 01:33:00 GMT" ]
      },
      "ContentHeaders": {
        "Content-Length": [ "389" ],
        "Content-Type": [ "application/json" ]
      },
      "Content": "{\"properties\":{\"displayName\":\"Test Location Group Quota\",\"groupType\":\"AllocationGroup\",\"provisioningState\":\"Succeeded\",\"additionalAttributes\":{\"groupId\":{\"groupingIdType\":\"None\"},\"environment\":\"None\"}},\"id\":\"/providers/Microsoft.Management/managementGroups/AzureClientToolsBAMI/providers/Microsoft.Quota/groupQuotas/testlocation\",\"type\":\"Microsoft.Quota/groupQuotas\",\"name\":\"testlocation\"}",
      "isContentBase64": false
    }
  },
  "Get-AzQuotaGroupQuotaSubscription+[NoContext]+List+$GET+https://management.azure.com/providers/Microsoft.Management/managementGroups/AzureClientToolsBAMI/providers/Microsoft.Quota/groupQuotas/testlocation/subscriptions/e77b08cc-d20a-411b-aa8e-6b453f1f7971?api-version=2025-09-01+2": {
    "Request": {
      "Method": "GET",
      "RequestUri": "https://management.azure.com/providers/Microsoft.Management/managementGroups/AzureClientToolsBAMI/providers/Microsoft.Quota/groupQuotas/testlocation/subscriptions/e77b08cc-d20a-411b-aa8e-6b453f1f7971?api-version=2025-09-01",
      "Content": null,
      "isContentBase64": false,
      "Headers": {
        "x-ms-unique-id": [ "25" ],
        "x-ms-client-request-id": [ "4c3651f8-4da8-4f71-a5fe-b797893c6278" ],
        "CommandName": [ "Get-AzQuotaGroupQuotaSubscription" ],
        "FullCommandName": [ "Get-AzQuotaGroupQuotaSubscription_Get" ],
        "ParameterSetName": [ "__AllParameterSets" ],
        "User-Agent": [ "AzurePowershell/v0.0.0", "PSVersion/v7.4.12", "Az.Quota/0.1.0" ],
        "Authorization": [ "[Filtered]" ]
      },
      "ContentHeaders": {
      }
    },
    "Response": {
      "StatusCode": 200,
      "Headers": {
        "Cache-Control": [ "no-store, must-revalidate, no-cache" ],
        "Vary": [ "Accept-Encoding" ],
        "Strict-Transport-Security": [ "max-age=31536000; includeSubDomains" ],
        "X-Content-Type-Options": [ "nosniff" ],
        "MS-RequestId": [ "Jxvvjdil9UuoJkAVhFR5-g.0" ],
        "x-ms-operation-identifier": [ "" ],
        "x-ms-ratelimit-remaining-tenant-resource-requests": [ "2198" ],
        "x-ms-request-id": [ "51af28d4-7a9e-4b4e-b119-f30e702236c8" ],
        "x-ms-correlation-request-id": [ "51af28d4-7a9e-4b4e-b119-f30e702236c8" ],
        "x-ms-routing-request-id": [ "AUSTRALIAEAST:20260127T013300Z:51af28d4-7a9e-4b4e-b119-f30e702236c8" ],
        "X-Cache": [ "CONFIG_NOCACHE" ],
        "X-MSEdge-Ref": [ "Ref A: 495C004A604544888D04AC2E0DCBD149 Ref B: SYD03EDGE0806 Ref C: 2026-01-27T01:33:00Z" ],
        "Date": [ "Tue, 27 Jan 2026 01:33:00 GMT" ]
      },
      "ContentHeaders": {
        "Content-Length": [ "380" ],
        "Content-Type": [ "application/json" ]
      },
      "Content": "{\"Properties\":{\"subscriptionId\":\"e77b08cc-d20a-411b-aa8e-6b453f1f7971\",\"provisioningState\":\"SUCCEEDED\"},\"id\":\"/providers/Microsoft.Management/managementGroups/AzureClientToolsBAMI/providers/Microsoft.Quota/groupQuotas/testlocation/subscriptions/e77b08cc-d20a-411b-aa8e-6b453f1f7971\",\"type\":\"Microsoft.Quota/groupQuotas/subscriptions\",\"name\":\"e77b08cc-d20a-411b-aa8e-6b453f1f7971\"}",
      "isContentBase64": false
    }
  },
  "Get-AzQuotaGroupQuotaSubscription+[NoContext]+List+$GET+https://management.azure.com/providers/Microsoft.Management/managementGroups/AzureClientToolsBAMI/providers/Microsoft.Quota/groupQuotas/testlocation/subscriptions/e77b08cc-d20a-411b-aa8e-6b453f1f7971?api-version=2025-09-01+3": {
    "Request": {
      "Method": "GET",
      "RequestUri": "https://management.azure.com/providers/Microsoft.Management/managementGroups/AzureClientToolsBAMI/providers/Microsoft.Quota/groupQuotas/testlocation/subscriptions/e77b08cc-d20a-411b-aa8e-6b453f1f7971?api-version=2025-09-01",
      "Content": null,
      "isContentBase64": false,
      "Headers": {
        "x-ms-unique-id": [ "26" ],
        "x-ms-client-request-id": [ "a523f241-4422-4f8d-b3b2-5e435d3afc89" ],
        "CommandName": [ "Get-AzQuotaGroupQuotaSubscription" ],
        "FullCommandName": [ "Get-AzQuotaGroupQuotaSubscription_Get" ],
        "ParameterSetName": [ "__AllParameterSets" ],
        "User-Agent": [ "AzurePowershell/v0.0.0", "PSVersion/v7.4.12", "Az.Quota/0.1.0" ],
        "Authorization": [ "[Filtered]" ]
      },
      "ContentHeaders": {
      }
    },
    "Response": {
      "StatusCode": 200,
      "Headers": {
        "Cache-Control": [ "no-store, must-revalidate, no-cache" ],
        "Vary": [ "Accept-Encoding" ],
        "Strict-Transport-Security": [ "max-age=31536000; includeSubDomains" ],
        "X-Content-Type-Options": [ "nosniff" ],
        "MS-RequestId": [ "ZfcDNbdlQUeOKrlGkBYQxA.0" ],
        "x-ms-operation-identifier": [ "" ],
        "x-ms-ratelimit-remaining-tenant-resource-requests": [ "2199" ],
        "x-ms-request-id": [ "0a9c6d5e-4475-4539-8609-3d1dca49c408" ],
        "x-ms-correlation-request-id": [ "0a9c6d5e-4475-4539-8609-3d1dca49c408" ],
        "x-ms-routing-request-id": [ "AUSTRALIAEAST:20260127T013301Z:0a9c6d5e-4475-4539-8609-3d1dca49c408" ],
        "X-Cache": [ "CONFIG_NOCACHE" ],
        "X-MSEdge-Ref": [ "Ref A: CB61B12BDFAC46248B04BE6D473CE4E8 Ref B: SYD03EDGE0806 Ref C: 2026-01-27T01:33:00Z" ],
        "Date": [ "Tue, 27 Jan 2026 01:33:01 GMT" ]
      },
      "ContentHeaders": {
        "Content-Length": [ "380" ],
        "Content-Type": [ "application/json" ]
      },
      "Content": "{\"Properties\":{\"subscriptionId\":\"e77b08cc-d20a-411b-aa8e-6b453f1f7971\",\"provisioningState\":\"SUCCEEDED\"},\"id\":\"/providers/Microsoft.Management/managementGroups/AzureClientToolsBAMI/providers/Microsoft.Quota/groupQuotas/testlocation/subscriptions/e77b08cc-d20a-411b-aa8e-6b453f1f7971\",\"type\":\"Microsoft.Quota/groupQuotas/subscriptions\",\"name\":\"e77b08cc-d20a-411b-aa8e-6b453f1f7971\"}",
      "isContentBase64": false
    }
  }
}