{
  "Entries": [
    {
      "RequestUri": "/0a312069-c667-43e9-97c0-d104eced63f7/locations",
      "EncodedRequestUri": "LzBhMzEyMDY5LWM2NjctNDNlOS05N2MwLWQxMDRlY2VkNjNmNy9sb2NhdGlvbnM=",
      "RequestMethod": "GET",
      "RequestBody": "",
      "RequestHeaders": {
        "x-ms-version": [
          "2014-10-01"
        ],
        "User-Agent": [
          "Microsoft.WindowsAzure.Management.ManagementClient/2.0.0.0"
        ]
      },
      "ResponseBody": "<Locations xmlns=\"http://schemas.microsoft.com/windowsazure\" xmlns:i=\"http://www.w3.org/2001/XMLSchema-instance\">\r\n  <Location>\r\n    <Name>North Europe</Name>\r\n    <DisplayName>North Europe</DisplayName>\r\n    <AvailableServices>\r\n      <AvailableService>Compute</AvailableService>\r\n      <AvailableService>Storage</AvailableService>\r\n      <AvailableService>PersistentVMRole</AvailableService>\r\n      <AvailableService>HighMemory</AvailableService>\r\n    </AvailableServices>\r\n    <ComputeCapabilities>\r\n      <WebWorkerRoleSizes>\r\n        <RoleSize>A5</RoleSize>\r\n        <RoleSize>A6</RoleSize>\r\n        <RoleSize>A7</RoleSize>\r\n        <RoleSize>A8</RoleSize>\r\n        <RoleSize>A9</RoleSize>\r\n        <RoleSize>ExtraLarge</RoleSize>\r\n        <RoleSize>ExtraSmall</RoleSize>\r\n        <RoleSize>Large</RoleSize>\r\n        <RoleSize>Medium</RoleSize>\r\n        <RoleSize>Small</RoleSize>\r\n        <RoleSize>Standard_D1</RoleSize>\r\n        <RoleSize>Standard_D11</RoleSize>\r\n        <RoleSize>Standard_D12</RoleSize>\r\n        <RoleSize>Standard_D13</RoleSize>\r\n        <RoleSize>Standard_D14</RoleSize>\r\n        <RoleSize>Standard_D2</RoleSize>\r\n        <RoleSize>Standard_D3</RoleSize>\r\n        <RoleSize>Standard_D4</RoleSize>\r\n      </WebWorkerRoleSizes>\r\n      <VirtualMachinesRoleSizes>\r\n        <RoleSize>A5</RoleSize>\r\n        <RoleSize>A6</RoleSize>\r\n        <RoleSize>A7</RoleSize>\r\n        <RoleSize>A8</RoleSize>\r\n        <RoleSize>A9</RoleSize>\r\n        <RoleSize>Basic_A0</RoleSize>\r\n        <RoleSize>Basic_A1</RoleSize>\r\n        <RoleSize>Basic_A2</RoleSize>\r\n        <RoleSize>Basic_A3</RoleSize>\r\n        <RoleSize>Basic_A4</RoleSize>\r\n        <RoleSize>ExtraLarge</RoleSize>\r\n        <RoleSize>ExtraSmall</RoleSize>\r\n        <RoleSize>Large</RoleSize>\r\n        <RoleSize>Medium</RoleSize>\r\n        <RoleSize>Small</RoleSize>\r\n        <RoleSize>Standard_D1</RoleSize>\r\n        <RoleSize>Standard_D11</RoleSize>\r\n        <RoleSize>Standard_D12</RoleSize>\r\n        <RoleSize>Standard_D13</RoleSize>\r\n        <RoleSize>Standard_D14</RoleSize>\r\n        <RoleSize>Standard_D2</RoleSize>\r\n        <RoleSize>Standard_D3</RoleSize>\r\n        <RoleSize>Standard_D4</RoleSize>\r\n      </VirtualMachinesRoleSizes>\r\n    </ComputeCapabilities>\r\n    <StorageCapabilities>\r\n      <StorageAccountTypes>\r\n        <StorageAccountType>Standard_LRS</StorageAccountType>\r\n        <StorageAccountType>Standard_ZRS</StorageAccountType>\r\n        <StorageAccountType>Standard_GRS</StorageAccountType>\r\n        <StorageAccountType>Standard_RAGRS</StorageAccountType>\r\n      </StorageAccountTypes>\r\n    </StorageCapabilities>\r\n  </Location>\r\n  <Location>\r\n    <Name>West Europe</Name>\r\n    <DisplayName>West Europe</DisplayName>\r\n    <AvailableServices>\r\n      <AvailableService>Compute</AvailableService>\r\n      <AvailableService>Storage</AvailableService>\r\n      <AvailableService>PersistentVMRole</AvailableService>\r\n      <AvailableService>HighMemory</AvailableService>\r\n    </AvailableServices>\r\n    <ComputeCapabilities>\r\n      <WebWorkerRoleSizes>\r\n        <RoleSize>A5</RoleSize>\r\n        <RoleSize>A6</RoleSize>\r\n        <RoleSize>A7</RoleSize>\r\n        <RoleSize>A8</RoleSize>\r\n        <RoleSize>A9</RoleSize>\r\n        <RoleSize>ExtraLarge</RoleSize>\r\n        <RoleSize>ExtraSmall</RoleSize>\r\n        <RoleSize>Large</RoleSize>\r\n        <RoleSize>Medium</RoleSize>\r\n        <RoleSize>Small</RoleSize>\r\n        <RoleSize>Standard_D1</RoleSize>\r\n        <RoleSize>Standard_D11</RoleSize>\r\n        <RoleSize>Standard_D12</RoleSize>\r\n        <RoleSize>Standard_D13</RoleSize>\r\n        <RoleSize>Standard_D14</RoleSize>\r\n        <RoleSize>Standard_D2</RoleSize>\r\n        <RoleSize>Standard_D3</RoleSize>\r\n        <RoleSize>Standard_D4</RoleSize>\r\n      </WebWorkerRoleSizes>\r\n      <VirtualMachinesRoleSizes>\r\n        <RoleSize>A5</RoleSize>\r\n        <RoleSize>A6</RoleSize>\r\n        <RoleSize>A7</RoleSize>\r\n        <RoleSize>A8</RoleSize>\r\n        <RoleSize>A9</RoleSize>\r\n        <RoleSize>Basic_A0</RoleSize>\r\n        <RoleSize>Basic_A1</RoleSize>\r\n        <RoleSize>Basic_A2</RoleSize>\r\n        <RoleSize>Basic_A3</RoleSize>\r\n        <RoleSize>Basic_A4</RoleSize>\r\n        <RoleSize>ExtraLarge</RoleSize>\r\n        <RoleSize>ExtraSmall</RoleSize>\r\n        <RoleSize>Large</RoleSize>\r\n        <RoleSize>Medium</RoleSize>\r\n        <RoleSize>Small</RoleSize>\r\n        <RoleSize>Standard_D1</RoleSize>\r\n        <RoleSize>Standard_D11</RoleSize>\r\n        <RoleSize>Standard_D12</RoleSize>\r\n        <RoleSize>Standard_D13</RoleSize>\r\n        <RoleSize>Standard_D14</RoleSize>\r\n        <RoleSize>Standard_D2</RoleSize>\r\n        <RoleSize>Standard_D3</RoleSize>\r\n        <RoleSize>Standard_D4</RoleSize>\r\n      </VirtualMachinesRoleSizes>\r\n    </ComputeCapabilities>\r\n    <StorageCapabilities>\r\n      <StorageAccountTypes>\r\n        <StorageAccountType>Standard_LRS</StorageAccountType>\r\n        <StorageAccountType>Standard_ZRS</StorageAccountType>\r\n        <StorageAccountType>Standard_GRS</StorageAccountType>\r\n        <StorageAccountType>Standard_RAGRS</StorageAccountType>\r\n      </StorageAccountTypes>\r\n    </StorageCapabilities>\r\n  </Location>\r\n  <Location>\r\n    <Name>East US 2</Name>\r\n    <DisplayName>East US 2</DisplayName>\r\n    <AvailableServices>\r\n      <AvailableService>Compute</AvailableService>\r\n      <AvailableService>Storage</AvailableService>\r\n      <AvailableService>PersistentVMRole</AvailableService>\r\n      <AvailableService>HighMemory</AvailableService>\r\n    </AvailableServices>\r\n    <ComputeCapabilities>\r\n      <WebWorkerRoleSizes>\r\n        <RoleSize>A5</RoleSize>\r\n        <RoleSize>A6</RoleSize>\r\n        <RoleSize>A7</RoleSize>\r\n        <RoleSize>ExtraLarge</RoleSize>\r\n        <RoleSize>ExtraSmall</RoleSize>\r\n        <RoleSize>Large</RoleSize>\r\n        <RoleSize>Medium</RoleSize>\r\n        <RoleSize>Small</RoleSize>\r\n        <RoleSize>Standard_D1</RoleSize>\r\n        <RoleSize>Standard_D11</RoleSize>\r\n        <RoleSize>Standard_D12</RoleSize>\r\n        <RoleSize>Standard_D13</RoleSize>\r\n        <RoleSize>Standard_D14</RoleSize>\r\n        <RoleSize>Standard_D2</RoleSize>\r\n        <RoleSize>Standard_D3</RoleSize>\r\n        <RoleSize>Standard_D4</RoleSize>\r\n      </WebWorkerRoleSizes>\r\n      <VirtualMachinesRoleSizes>\r\n        <RoleSize>A5</RoleSize>\r\n        <RoleSize>A6</RoleSize>\r\n        <RoleSize>A7</RoleSize>\r\n        <RoleSize>Basic_A0</RoleSize>\r\n        <RoleSize>Basic_A1</RoleSize>\r\n        <RoleSize>Basic_A2</RoleSize>\r\n        <RoleSize>Basic_A3</RoleSize>\r\n        <RoleSize>Basic_A4</RoleSize>\r\n        <RoleSize>ExtraLarge</RoleSize>\r\n        <RoleSize>ExtraSmall</RoleSize>\r\n        <RoleSize>Large</RoleSize>\r\n        <RoleSize>Medium</RoleSize>\r\n        <RoleSize>Small</RoleSize>\r\n        <RoleSize>Standard_D1</RoleSize>\r\n        <RoleSize>Standard_D11</RoleSize>\r\n        <RoleSize>Standard_D12</RoleSize>\r\n        <RoleSize>Standard_D13</RoleSize>\r\n        <RoleSize>Standard_D14</RoleSize>\r\n        <RoleSize>Standard_D2</RoleSize>\r\n        <RoleSize>Standard_D3</RoleSize>\r\n        <RoleSize>Standard_D4</RoleSize>\r\n      </VirtualMachinesRoleSizes>\r\n    </ComputeCapabilities>\r\n    <StorageCapabilities>\r\n      <StorageAccountTypes>\r\n        <StorageAccountType>Standard_LRS</StorageAccountType>\r\n        <StorageAccountType>Standard_ZRS</StorageAccountType>\r\n        <StorageAccountType>Standard_GRS</StorageAccountType>\r\n        <StorageAccountType>Standard_RAGRS</StorageAccountType>\r\n      </StorageAccountTypes>\r\n    </StorageCapabilities>\r\n  </Location>\r\n  <Location>\r\n    <Name>Central US</Name>\r\n    <DisplayName>Central US</DisplayName>\r\n    <AvailableServices>\r\n      <AvailableService>Compute</AvailableService>\r\n      <AvailableService>Storage</AvailableService>\r\n      <AvailableService>PersistentVMRole</AvailableService>\r\n      <AvailableService>HighMemory</AvailableService>\r\n    </AvailableServices>\r\n    <ComputeCapabilities>\r\n      <WebWorkerRoleSizes>\r\n        <RoleSize>A5</RoleSize>\r\n        <RoleSize>A6</RoleSize>\r\n        <RoleSize>A7</RoleSize>\r\n        <RoleSize>ExtraLarge</RoleSize>\r\n        <RoleSize>ExtraSmall</RoleSize>\r\n        <RoleSize>Large</RoleSize>\r\n        <RoleSize>Medium</RoleSize>\r\n        <RoleSize>Small</RoleSize>\r\n        <RoleSize>Standard_D1</RoleSize>\r\n        <RoleSize>Standard_D11</RoleSize>\r\n        <RoleSize>Standard_D12</RoleSize>\r\n        <RoleSize>Standard_D13</RoleSize>\r\n        <RoleSize>Standard_D14</RoleSize>\r\n        <RoleSize>Standard_D2</RoleSize>\r\n        <RoleSize>Standard_D3</RoleSize>\r\n        <RoleSize>Standard_D4</RoleSize>\r\n      </WebWorkerRoleSizes>\r\n      <VirtualMachinesRoleSizes>\r\n        <RoleSize>A5</RoleSize>\r\n        <RoleSize>A6</RoleSize>\r\n        <RoleSize>A7</RoleSize>\r\n        <RoleSize>Basic_A0</RoleSize>\r\n        <RoleSize>Basic_A1</RoleSize>\r\n        <RoleSize>Basic_A2</RoleSize>\r\n        <RoleSize>Basic_A3</RoleSize>\r\n        <RoleSize>Basic_A4</RoleSize>\r\n        <RoleSize>ExtraLarge</RoleSize>\r\n        <RoleSize>ExtraSmall</RoleSize>\r\n        <RoleSize>Large</RoleSize>\r\n        <RoleSize>Medium</RoleSize>\r\n        <RoleSize>Small</RoleSize>\r\n        <RoleSize>Standard_D1</RoleSize>\r\n        <RoleSize>Standard_D11</RoleSize>\r\n        <RoleSize>Standard_D12</RoleSize>\r\n        <RoleSize>Standard_D13</RoleSize>\r\n        <RoleSize>Standard_D14</RoleSize>\r\n        <RoleSize>Standard_D2</RoleSize>\r\n        <RoleSize>Standard_D3</RoleSize>\r\n        <RoleSize>Standard_D4</RoleSize>\r\n      </VirtualMachinesRoleSizes>\r\n    </ComputeCapabilities>\r\n    <StorageCapabilities>\r\n      <StorageAccountTypes>\r\n        <StorageAccountType>Standard_LRS</StorageAccountType>\r\n        <StorageAccountType>Standard_ZRS</StorageAccountType>\r\n        <StorageAccountType>Standard_GRS</StorageAccountType>\r\n        <StorageAccountType>Standard_RAGRS</StorageAccountType>\r\n      </StorageAccountTypes>\r\n    </StorageCapabilities>\r\n  </Location>\r\n  <Location>\r\n    <Name>South Central US</Name>\r\n    <DisplayName>South Central US</DisplayName>\r\n    <AvailableServices>\r\n      <AvailableService>Compute</AvailableService>\r\n      <AvailableService>Storage</AvailableService>\r\n      <AvailableService>PersistentVMRole</AvailableService>\r\n      <AvailableService>HighMemory</AvailableService>\r\n    </AvailableServices>\r\n    <ComputeCapabilities>\r\n      <WebWorkerRoleSizes>\r\n        <RoleSize>A5</RoleSize>\r\n        <RoleSize>A6</RoleSize>\r\n        <RoleSize>A7</RoleSize>\r\n        <RoleSize>A8</RoleSize>\r\n        <RoleSize>A9</RoleSize>\r\n        <RoleSize>ExtraLarge</RoleSize>\r\n        <RoleSize>ExtraSmall</RoleSize>\r\n        <RoleSize>Large</RoleSize>\r\n        <RoleSize>Medium</RoleSize>\r\n        <RoleSize>Small</RoleSize>\r\n        <RoleSize>Standard_D1</RoleSize>\r\n        <RoleSize>Standard_D11</RoleSize>\r\n        <RoleSize>Standard_D12</RoleSize>\r\n        <RoleSize>Standard_D13</RoleSize>\r\n        <RoleSize>Standard_D14</RoleSize>\r\n        <RoleSize>Standard_D2</RoleSize>\r\n        <RoleSize>Standard_D3</RoleSize>\r\n        <RoleSize>Standard_D4</RoleSize>\r\n      </WebWorkerRoleSizes>\r\n      <VirtualMachinesRoleSizes>\r\n        <RoleSize>A5</RoleSize>\r\n        <RoleSize>A6</RoleSize>\r\n        <RoleSize>A7</RoleSize>\r\n        <RoleSize>A8</RoleSize>\r\n        <RoleSize>A9</RoleSize>\r\n        <RoleSize>Basic_A0</RoleSize>\r\n        <RoleSize>Basic_A1</RoleSize>\r\n        <RoleSize>Basic_A2</RoleSize>\r\n        <RoleSize>Basic_A3</RoleSize>\r\n        <RoleSize>Basic_A4</RoleSize>\r\n        <RoleSize>ExtraLarge</RoleSize>\r\n        <RoleSize>ExtraSmall</RoleSize>\r\n        <RoleSize>Large</RoleSize>\r\n        <RoleSize>Medium</RoleSize>\r\n        <RoleSize>Small</RoleSize>\r\n        <RoleSize>Standard_D1</RoleSize>\r\n        <RoleSize>Standard_D11</RoleSize>\r\n        <RoleSize>Standard_D12</RoleSize>\r\n        <RoleSize>Standard_D13</RoleSize>\r\n        <RoleSize>Standard_D14</RoleSize>\r\n        <RoleSize>Standard_D2</RoleSize>\r\n        <RoleSize>Standard_D3</RoleSize>\r\n        <RoleSize>Standard_D4</RoleSize>\r\n      </VirtualMachinesRoleSizes>\r\n    </ComputeCapabilities>\r\n    <StorageCapabilities>\r\n      <StorageAccountTypes>\r\n        <StorageAccountType>Standard_LRS</StorageAccountType>\r\n        <StorageAccountType>Standard_ZRS</StorageAccountType>\r\n        <StorageAccountType>Standard_GRS</StorageAccountType>\r\n        <StorageAccountType>Standard_RAGRS</StorageAccountType>\r\n      </StorageAccountTypes>\r\n    </StorageCapabilities>\r\n  </Location>\r\n  <Location>\r\n    <Name>West US</Name>\r\n    <DisplayName>West US</DisplayName>\r\n    <AvailableServices>\r\n      <AvailableService>Compute</AvailableService>\r\n      <AvailableService>Storage</AvailableService>\r\n      <AvailableService>PersistentVMRole</AvailableService>\r\n      <AvailableService>HighMemory</AvailableService>\r\n    </AvailableServices>\r\n    <ComputeCapabilities>\r\n      <WebWorkerRoleSizes>\r\n        <RoleSize>A5</RoleSize>\r\n        <RoleSize>A6</RoleSize>\r\n        <RoleSize>A7</RoleSize>\r\n        <RoleSize>A8</RoleSize>\r\n        <RoleSize>A9</RoleSize>\r\n        <RoleSize>ExtraLarge</RoleSize>\r\n        <RoleSize>ExtraSmall</RoleSize>\r\n        <RoleSize>Large</RoleSize>\r\n        <RoleSize>Medium</RoleSize>\r\n        <RoleSize>Small</RoleSize>\r\n        <RoleSize>Standard_D1</RoleSize>\r\n        <RoleSize>Standard_D11</RoleSize>\r\n        <RoleSize>Standard_D12</RoleSize>\r\n        <RoleSize>Standard_D13</RoleSize>\r\n        <RoleSize>Standard_D14</RoleSize>\r\n        <RoleSize>Standard_D2</RoleSize>\r\n        <RoleSize>Standard_D3</RoleSize>\r\n        <RoleSize>Standard_D4</RoleSize>\r\n      </WebWorkerRoleSizes>\r\n      <VirtualMachinesRoleSizes>\r\n        <RoleSize>A5</RoleSize>\r\n        <RoleSize>A6</RoleSize>\r\n        <RoleSize>A7</RoleSize>\r\n        <RoleSize>A8</RoleSize>\r\n        <RoleSize>A9</RoleSize>\r\n        <RoleSize>Basic_A0</RoleSize>\r\n        <RoleSize>Basic_A1</RoleSize>\r\n        <RoleSize>Basic_A2</RoleSize>\r\n        <RoleSize>Basic_A3</RoleSize>\r\n        <RoleSize>Basic_A4</RoleSize>\r\n        <RoleSize>ExtraLarge</RoleSize>\r\n        <RoleSize>ExtraSmall</RoleSize>\r\n        <RoleSize>Large</RoleSize>\r\n        <RoleSize>Medium</RoleSize>\r\n        <RoleSize>Small</RoleSize>\r\n        <RoleSize>Standard_D1</RoleSize>\r\n        <RoleSize>Standard_D11</RoleSize>\r\n        <RoleSize>Standard_D12</RoleSize>\r\n        <RoleSize>Standard_D13</RoleSize>\r\n        <RoleSize>Standard_D14</RoleSize>\r\n        <RoleSize>Standard_D2</RoleSize>\r\n        <RoleSize>Standard_D3</RoleSize>\r\n        <RoleSize>Standard_D4</RoleSize>\r\n      </VirtualMachinesRoleSizes>\r\n    </ComputeCapabilities>\r\n    <StorageCapabilities>\r\n      <StorageAccountTypes>\r\n        <StorageAccountType>Standard_LRS</StorageAccountType>\r\n        <StorageAccountType>Standard_ZRS</StorageAccountType>\r\n        <StorageAccountType>Standard_GRS</StorageAccountType>\r\n        <StorageAccountType>Standard_RAGRS</StorageAccountType>\r\n      </StorageAccountTypes>\r\n    </StorageCapabilities>\r\n  </Location>\r\n  <Location>\r\n    <Name>North Central US</Name>\r\n    <DisplayName>North Central US</DisplayName>\r\n    <AvailableServices>\r\n      <AvailableService>Compute</AvailableService>\r\n      <AvailableService>Storage</AvailableService>\r\n      <AvailableService>PersistentVMRole</AvailableService>\r\n      <AvailableService>HighMemory</AvailableService>\r\n    </AvailableServices>\r\n    <ComputeCapabilities>\r\n      <WebWorkerRoleSizes>\r\n        <RoleSize>A5</RoleSize>\r\n        <RoleSize>A6</RoleSize>\r\n        <RoleSize>A7</RoleSize>\r\n        <RoleSize>A8</RoleSize>\r\n        <RoleSize>A9</RoleSize>\r\n        <RoleSize>ExtraLarge</RoleSize>\r\n        <RoleSize>ExtraSmall</RoleSize>\r\n        <RoleSize>Large</RoleSize>\r\n        <RoleSize>Medium</RoleSize>\r\n        <RoleSize>Small</RoleSize>\r\n        <RoleSize>Standard_D1</RoleSize>\r\n        <RoleSize>Standard_D11</RoleSize>\r\n        <RoleSize>Standard_D12</RoleSize>\r\n        <RoleSize>Standard_D13</RoleSize>\r\n        <RoleSize>Standard_D14</RoleSize>\r\n        <RoleSize>Standard_D2</RoleSize>\r\n        <RoleSize>Standard_D3</RoleSize>\r\n        <RoleSize>Standard_D4</RoleSize>\r\n      </WebWorkerRoleSizes>\r\n      <VirtualMachinesRoleSizes>\r\n        <RoleSize>A5</RoleSize>\r\n        <RoleSize>A6</RoleSize>\r\n        <RoleSize>A7</RoleSize>\r\n        <RoleSize>A8</RoleSize>\r\n        <RoleSize>A9</RoleSize>\r\n        <RoleSize>Basic_A0</RoleSize>\r\n        <RoleSize>Basic_A1</RoleSize>\r\n        <RoleSize>Basic_A2</RoleSize>\r\n        <RoleSize>Basic_A3</RoleSize>\r\n        <RoleSize>Basic_A4</RoleSize>\r\n        <RoleSize>ExtraLarge</RoleSize>\r\n        <RoleSize>ExtraSmall</RoleSize>\r\n        <RoleSize>Large</RoleSize>\r\n        <RoleSize>Medium</RoleSize>\r\n        <RoleSize>Small</RoleSize>\r\n        <RoleSize>Standard_D1</RoleSize>\r\n        <RoleSize>Standard_D11</RoleSize>\r\n        <RoleSize>Standard_D12</RoleSize>\r\n        <RoleSize>Standard_D13</RoleSize>\r\n        <RoleSize>Standard_D14</RoleSize>\r\n        <RoleSize>Standard_D2</RoleSize>\r\n        <RoleSize>Standard_D3</RoleSize>\r\n        <RoleSize>Standard_D4</RoleSize>\r\n      </VirtualMachinesRoleSizes>\r\n    </ComputeCapabilities>\r\n    <StorageCapabilities>\r\n      <StorageAccountTypes>\r\n        <StorageAccountType>Standard_LRS</StorageAccountType>\r\n        <StorageAccountType>Standard_ZRS</StorageAccountType>\r\n        <StorageAccountType>Standard_GRS</StorageAccountType>\r\n        <StorageAccountType>Standard_RAGRS</StorageAccountType>\r\n      </StorageAccountTypes>\r\n    </StorageCapabilities>\r\n  </Location>\r\n  <Location>\r\n    <Name>East US</Name>\r\n    <DisplayName>East US</DisplayName>\r\n    <AvailableServices>\r\n      <AvailableService>Compute</AvailableService>\r\n      <AvailableService>Storage</AvailableService>\r\n      <AvailableService>PersistentVMRole</AvailableService>\r\n      <AvailableService>HighMemory</AvailableService>\r\n    </AvailableServices>\r\n    <ComputeCapabilities>\r\n      <WebWorkerRoleSizes>\r\n        <RoleSize>A5</RoleSize>\r\n        <RoleSize>A6</RoleSize>\r\n        <RoleSize>A7</RoleSize>\r\n        <RoleSize>A8</RoleSize>\r\n        <RoleSize>A9</RoleSize>\r\n        <RoleSize>ExtraLarge</RoleSize>\r\n        <RoleSize>ExtraSmall</RoleSize>\r\n        <RoleSize>Large</RoleSize>\r\n        <RoleSize>Medium</RoleSize>\r\n        <RoleSize>Small</RoleSize>\r\n        <RoleSize>Standard_D1</RoleSize>\r\n        <RoleSize>Standard_D11</RoleSize>\r\n        <RoleSize>Standard_D12</RoleSize>\r\n        <RoleSize>Standard_D13</RoleSize>\r\n        <RoleSize>Standard_D14</RoleSize>\r\n        <RoleSize>Standard_D2</RoleSize>\r\n        <RoleSize>Standard_D3</RoleSize>\r\n        <RoleSize>Standard_D4</RoleSize>\r\n      </WebWorkerRoleSizes>\r\n      <VirtualMachinesRoleSizes>\r\n        <RoleSize>A5</RoleSize>\r\n        <RoleSize>A6</RoleSize>\r\n        <RoleSize>A7</RoleSize>\r\n        <RoleSize>A8</RoleSize>\r\n        <RoleSize>A9</RoleSize>\r\n        <RoleSize>Basic_A0</RoleSize>\r\n        <RoleSize>Basic_A1</RoleSize>\r\n        <RoleSize>Basic_A2</RoleSize>\r\n        <RoleSize>Basic_A3</RoleSize>\r\n        <RoleSize>Basic_A4</RoleSize>\r\n        <RoleSize>ExtraLarge</RoleSize>\r\n        <RoleSize>ExtraSmall</RoleSize>\r\n        <RoleSize>Large</RoleSize>\r\n        <RoleSize>Medium</RoleSize>\r\n        <RoleSize>Small</RoleSize>\r\n        <RoleSize>Standard_D1</RoleSize>\r\n        <RoleSize>Standard_D11</RoleSize>\r\n        <RoleSize>Standard_D12</RoleSize>\r\n        <RoleSize>Standard_D13</RoleSize>\r\n        <RoleSize>Standard_D14</RoleSize>\r\n        <RoleSize>Standard_D2</RoleSize>\r\n        <RoleSize>Standard_D3</RoleSize>\r\n        <RoleSize>Standard_D4</RoleSize>\r\n      </VirtualMachinesRoleSizes>\r\n    </ComputeCapabilities>\r\n    <StorageCapabilities>\r\n      <StorageAccountTypes>\r\n        <StorageAccountType>Standard_LRS</StorageAccountType>\r\n        <StorageAccountType>Standard_ZRS</StorageAccountType>\r\n        <StorageAccountType>Standard_GRS</StorageAccountType>\r\n        <StorageAccountType>Standard_RAGRS</StorageAccountType>\r\n      </StorageAccountTypes>\r\n    </StorageCapabilities>\r\n  </Location>\r\n  <Location>\r\n    <Name>Southeast Asia</Name>\r\n    <DisplayName>Southeast Asia</DisplayName>\r\n    <AvailableServices>\r\n      <AvailableService>Compute</AvailableService>\r\n      <AvailableService>Storage</AvailableService>\r\n      <AvailableService>PersistentVMRole</AvailableService>\r\n      <AvailableService>HighMemory</AvailableService>\r\n    </AvailableServices>\r\n    <ComputeCapabilities>\r\n      <WebWorkerRoleSizes>\r\n        <RoleSize>A5</RoleSize>\r\n        <RoleSize>A6</RoleSize>\r\n        <RoleSize>A7</RoleSize>\r\n        <RoleSize>ExtraLarge</RoleSize>\r\n        <RoleSize>ExtraSmall</RoleSize>\r\n        <RoleSize>Large</RoleSize>\r\n        <RoleSize>Medium</RoleSize>\r\n        <RoleSize>Small</RoleSize>\r\n        <RoleSize>Standard_D1</RoleSize>\r\n        <RoleSize>Standard_D11</RoleSize>\r\n        <RoleSize>Standard_D12</RoleSize>\r\n        <RoleSize>Standard_D13</RoleSize>\r\n        <RoleSize>Standard_D14</RoleSize>\r\n        <RoleSize>Standard_D2</RoleSize>\r\n        <RoleSize>Standard_D3</RoleSize>\r\n        <RoleSize>Standard_D4</RoleSize>\r\n      </WebWorkerRoleSizes>\r\n      <VirtualMachinesRoleSizes>\r\n        <RoleSize>A5</RoleSize>\r\n        <RoleSize>A6</RoleSize>\r\n        <RoleSize>A7</RoleSize>\r\n        <RoleSize>Basic_A0</RoleSize>\r\n        <RoleSize>Basic_A1</RoleSize>\r\n        <RoleSize>Basic_A2</RoleSize>\r\n        <RoleSize>Basic_A3</RoleSize>\r\n        <RoleSize>Basic_A4</RoleSize>\r\n        <RoleSize>ExtraLarge</RoleSize>\r\n        <RoleSize>ExtraSmall</RoleSize>\r\n        <RoleSize>Large</RoleSize>\r\n        <RoleSize>Medium</RoleSize>\r\n        <RoleSize>Small</RoleSize>\r\n        <RoleSize>Standard_D1</RoleSize>\r\n        <RoleSize>Standard_D11</RoleSize>\r\n        <RoleSize>Standard_D12</RoleSize>\r\n        <RoleSize>Standard_D13</RoleSize>\r\n        <RoleSize>Standard_D14</RoleSize>\r\n        <RoleSize>Standard_D2</RoleSize>\r\n        <RoleSize>Standard_D3</RoleSize>\r\n        <RoleSize>Standard_D4</RoleSize>\r\n      </VirtualMachinesRoleSizes>\r\n    </ComputeCapabilities>\r\n    <StorageCapabilities>\r\n      <StorageAccountTypes>\r\n        <StorageAccountType>Standard_LRS</StorageAccountType>\r\n        <StorageAccountType>Standard_ZRS</StorageAccountType>\r\n        <StorageAccountType>Standard_GRS</StorageAccountType>\r\n        <StorageAccountType>Standard_RAGRS</StorageAccountType>\r\n      </StorageAccountTypes>\r\n    </StorageCapabilities>\r\n  </Location>\r\n  <Location>\r\n    <Name>East Asia</Name>\r\n    <DisplayName>East Asia</DisplayName>\r\n    <AvailableServices>\r\n      <AvailableService>Compute</AvailableService>\r\n      <AvailableService>Storage</AvailableService>\r\n      <AvailableService>PersistentVMRole</AvailableService>\r\n      <AvailableService>HighMemory</AvailableService>\r\n    </AvailableServices>\r\n    <ComputeCapabilities>\r\n      <WebWorkerRoleSizes>\r\n        <RoleSize>A5</RoleSize>\r\n        <RoleSize>A6</RoleSize>\r\n        <RoleSize>A7</RoleSize>\r\n        <RoleSize>ExtraLarge</RoleSize>\r\n        <RoleSize>ExtraSmall</RoleSize>\r\n        <RoleSize>Large</RoleSize>\r\n        <RoleSize>Medium</RoleSize>\r\n        <RoleSize>Small</RoleSize>\r\n        <RoleSize>Standard_D1</RoleSize>\r\n        <RoleSize>Standard_D11</RoleSize>\r\n        <RoleSize>Standard_D12</RoleSize>\r\n        <RoleSize>Standard_D13</RoleSize>\r\n        <RoleSize>Standard_D14</RoleSize>\r\n        <RoleSize>Standard_D2</RoleSize>\r\n        <RoleSize>Standard_D3</RoleSize>\r\n        <RoleSize>Standard_D4</RoleSize>\r\n      </WebWorkerRoleSizes>\r\n      <VirtualMachinesRoleSizes>\r\n        <RoleSize>A5</RoleSize>\r\n        <RoleSize>A6</RoleSize>\r\n        <RoleSize>A7</RoleSize>\r\n        <RoleSize>Basic_A0</RoleSize>\r\n        <RoleSize>Basic_A1</RoleSize>\r\n        <RoleSize>Basic_A2</RoleSize>\r\n        <RoleSize>Basic_A3</RoleSize>\r\n        <RoleSize>Basic_A4</RoleSize>\r\n        <RoleSize>ExtraLarge</RoleSize>\r\n        <RoleSize>ExtraSmall</RoleSize>\r\n        <RoleSize>Large</RoleSize>\r\n        <RoleSize>Medium</RoleSize>\r\n        <RoleSize>Small</RoleSize>\r\n        <RoleSize>Standard_D1</RoleSize>\r\n        <RoleSize>Standard_D11</RoleSize>\r\n        <RoleSize>Standard_D12</RoleSize>\r\n        <RoleSize>Standard_D13</RoleSize>\r\n        <RoleSize>Standard_D14</RoleSize>\r\n        <RoleSize>Standard_D2</RoleSize>\r\n        <RoleSize>Standard_D3</RoleSize>\r\n        <RoleSize>Standard_D4</RoleSize>\r\n      </VirtualMachinesRoleSizes>\r\n    </ComputeCapabilities>\r\n    <StorageCapabilities>\r\n      <StorageAccountTypes>\r\n        <StorageAccountType>Standard_LRS</StorageAccountType>\r\n        <StorageAccountType>Standard_ZRS</StorageAccountType>\r\n        <StorageAccountType>Standard_GRS</StorageAccountType>\r\n        <StorageAccountType>Standard_RAGRS</StorageAccountType>\r\n      </StorageAccountTypes>\r\n    </StorageCapabilities>\r\n  </Location>\r\n  <Location>\r\n    <Name>Japan West</Name>\r\n    <DisplayName>Japan West</DisplayName>\r\n    <AvailableServices>\r\n      <AvailableService>Compute</AvailableService>\r\n      <AvailableService>Storage</AvailableService>\r\n      <AvailableService>PersistentVMRole</AvailableService>\r\n      <AvailableService>HighMemory</AvailableService>\r\n    </AvailableServices>\r\n    <ComputeCapabilities>\r\n      <WebWorkerRoleSizes>\r\n        <RoleSize>A5</RoleSize>\r\n        <RoleSize>A6</RoleSize>\r\n        <RoleSize>A7</RoleSize>\r\n        <RoleSize>ExtraLarge</RoleSize>\r\n        <RoleSize>ExtraSmall</RoleSize>\r\n        <RoleSize>Large</RoleSize>\r\n        <RoleSize>Medium</RoleSize>\r\n        <RoleSize>Small</RoleSize>\r\n        <RoleSize>Standard_D1</RoleSize>\r\n        <RoleSize>Standard_D11</RoleSize>\r\n        <RoleSize>Standard_D12</RoleSize>\r\n        <RoleSize>Standard_D13</RoleSize>\r\n        <RoleSize>Standard_D14</RoleSize>\r\n        <RoleSize>Standard_D2</RoleSize>\r\n        <RoleSize>Standard_D3</RoleSize>\r\n        <RoleSize>Standard_D4</RoleSize>\r\n      </WebWorkerRoleSizes>\r\n      <VirtualMachinesRoleSizes>\r\n        <RoleSize>A5</RoleSize>\r\n        <RoleSize>A6</RoleSize>\r\n        <RoleSize>A7</RoleSize>\r\n        <RoleSize>Basic_A0</RoleSize>\r\n        <RoleSize>Basic_A1</RoleSize>\r\n        <RoleSize>Basic_A2</RoleSize>\r\n        <RoleSize>Basic_A3</RoleSize>\r\n        <RoleSize>Basic_A4</RoleSize>\r\n        <RoleSize>ExtraLarge</RoleSize>\r\n        <RoleSize>ExtraSmall</RoleSize>\r\n        <RoleSize>Large</RoleSize>\r\n        <RoleSize>Medium</RoleSize>\r\n        <RoleSize>Small</RoleSize>\r\n        <RoleSize>Standard_D1</RoleSize>\r\n        <RoleSize>Standard_D11</RoleSize>\r\n        <RoleSize>Standard_D12</RoleSize>\r\n        <RoleSize>Standard_D13</RoleSize>\r\n        <RoleSize>Standard_D14</RoleSize>\r\n        <RoleSize>Standard_D2</RoleSize>\r\n        <RoleSize>Standard_D3</RoleSize>\r\n        <RoleSize>Standard_D4</RoleSize>\r\n      </VirtualMachinesRoleSizes>\r\n    </ComputeCapabilities>\r\n    <StorageCapabilities>\r\n      <StorageAccountTypes>\r\n        <StorageAccountType>Standard_LRS</StorageAccountType>\r\n        <StorageAccountType>Standard_ZRS</StorageAccountType>\r\n        <StorageAccountType>Standard_GRS</StorageAccountType>\r\n        <StorageAccountType>Standard_RAGRS</StorageAccountType>\r\n      </StorageAccountTypes>\r\n    </StorageCapabilities>\r\n  </Location>\r\n  <Location>\r\n    <Name>Japan East</Name>\r\n    <DisplayName>Japan East</DisplayName>\r\n    <AvailableServices>\r\n      <AvailableService>Compute</AvailableService>\r\n      <AvailableService>Storage</AvailableService>\r\n      <AvailableService>PersistentVMRole</AvailableService>\r\n      <AvailableService>HighMemory</AvailableService>\r\n    </AvailableServices>\r\n    <ComputeCapabilities>\r\n      <WebWorkerRoleSizes>\r\n        <RoleSize>A5</RoleSize>\r\n        <RoleSize>A6</RoleSize>\r\n        <RoleSize>A7</RoleSize>\r\n        <RoleSize>A8</RoleSize>\r\n        <RoleSize>A9</RoleSize>\r\n        <RoleSize>ExtraLarge</RoleSize>\r\n        <RoleSize>ExtraSmall</RoleSize>\r\n        <RoleSize>Large</RoleSize>\r\n        <RoleSize>Medium</RoleSize>\r\n        <RoleSize>Small</RoleSize>\r\n      </WebWorkerRoleSizes>\r\n      <VirtualMachinesRoleSizes>\r\n        <RoleSize>A5</RoleSize>\r\n        <RoleSize>A6</RoleSize>\r\n        <RoleSize>A7</RoleSize>\r\n        <RoleSize>A8</RoleSize>\r\n        <RoleSize>A9</RoleSize>\r\n        <RoleSize>Basic_A0</RoleSize>\r\n        <RoleSize>Basic_A1</RoleSize>\r\n        <RoleSize>Basic_A2</RoleSize>\r\n        <RoleSize>Basic_A3</RoleSize>\r\n        <RoleSize>Basic_A4</RoleSize>\r\n        <RoleSize>ExtraLarge</RoleSize>\r\n        <RoleSize>ExtraSmall</RoleSize>\r\n        <RoleSize>Large</RoleSize>\r\n        <RoleSize>Medium</RoleSize>\r\n        <RoleSize>Small</RoleSize>\r\n      </VirtualMachinesRoleSizes>\r\n    </ComputeCapabilities>\r\n    <StorageCapabilities>\r\n      <StorageAccountTypes>\r\n        <StorageAccountType>Standard_LRS</StorageAccountType>\r\n        <StorageAccountType>Standard_ZRS</StorageAccountType>\r\n        <StorageAccountType>Standard_GRS</StorageAccountType>\r\n        <StorageAccountType>Standard_RAGRS</StorageAccountType>\r\n      </StorageAccountTypes>\r\n    </StorageCapabilities>\r\n  </Location>\r\n  <Location>\r\n    <Name>Brazil South</Name>\r\n    <DisplayName>Brazil South</DisplayName>\r\n    <AvailableServices>\r\n      <AvailableService>Compute</AvailableService>\r\n      <AvailableService>Storage</AvailableService>\r\n      <AvailableService>PersistentVMRole</AvailableService>\r\n      <AvailableService>HighMemory</AvailableService>\r\n    </AvailableServices>\r\n    <ComputeCapabilities>\r\n      <WebWorkerRoleSizes>\r\n        <RoleSize>A5</RoleSize>\r\n        <RoleSize>A6</RoleSize>\r\n        <RoleSize>A7</RoleSize>\r\n        <RoleSize>ExtraLarge</RoleSize>\r\n        <RoleSize>ExtraSmall</RoleSize>\r\n        <RoleSize>Large</RoleSize>\r\n        <RoleSize>Medium</RoleSize>\r\n        <RoleSize>Small</RoleSize>\r\n      </WebWorkerRoleSizes>\r\n      <VirtualMachinesRoleSizes>\r\n        <RoleSize>A5</RoleSize>\r\n        <RoleSize>A6</RoleSize>\r\n        <RoleSize>A7</RoleSize>\r\n        <RoleSize>Basic_A0</RoleSize>\r\n        <RoleSize>Basic_A1</RoleSize>\r\n        <RoleSize>Basic_A2</RoleSize>\r\n        <RoleSize>Basic_A3</RoleSize>\r\n        <RoleSize>Basic_A4</RoleSize>\r\n        <RoleSize>ExtraLarge</RoleSize>\r\n        <RoleSize>ExtraSmall</RoleSize>\r\n        <RoleSize>Large</RoleSize>\r\n        <RoleSize>Medium</RoleSize>\r\n        <RoleSize>Small</RoleSize>\r\n      </VirtualMachinesRoleSizes>\r\n    </ComputeCapabilities>\r\n    <StorageCapabilities>\r\n      <StorageAccountTypes>\r\n        <StorageAccountType>Standard_LRS</StorageAccountType>\r\n        <StorageAccountType>Standard_ZRS</StorageAccountType>\r\n        <StorageAccountType>Standard_GRS</StorageAccountType>\r\n        <StorageAccountType>Standard_RAGRS</StorageAccountType>\r\n      </StorageAccountTypes>\r\n    </StorageCapabilities>\r\n  </Location>\r\n</Locations>",
      "ResponseHeaders": {
        "Content-Length": [
          "23545"
        ],
        "Content-Type": [
          "application/xml; charset=utf-8"
        ],
        "x-ms-servedbyregion": [
          "ussouth2"
        ],
        "x-ms-request-id": [
          "12307e81cbf43b58a4a422e8a771bb1e"
        ],
        "Cache-Control": [
          "no-cache"
        ],
        "Date": [
          "Fri, 05 Dec 2014 00:43:17 GMT"
        ],
        "Server": [
          "1.0.6198.167",
          "(rd_rdfe_stable.141203-1417)",
          "Microsoft-HTTPAPI/2.0"
        ]
      },
      "StatusCode": 200
    },
    {
      "RequestUri": "/0a312069-c667-43e9-97c0-d104eced63f7/operations/12307e81cbf43b58a4a422e8a771bb1e",
      "EncodedRequestUri": "LzBhMzEyMDY5LWM2NjctNDNlOS05N2MwLWQxMDRlY2VkNjNmNy9vcGVyYXRpb25zLzEyMzA3ZTgxY2JmNDNiNThhNGE0MjJlOGE3NzFiYjFl",
      "RequestMethod": "GET",
      "RequestBody": "",
      "RequestHeaders": {
        "x-ms-version": [
          "2014-10-01"
        ],
        "User-Agent": [
          "Microsoft.WindowsAzure.Management.ManagementClient/2.0.0.0"
        ]
      },
      "ResponseBody": "<Operation xmlns=\"http://schemas.microsoft.com/windowsazure\" xmlns:i=\"http://www.w3.org/2001/XMLSchema-instance\">\r\n  <ID>12307e81-cbf4-3b58-a4a4-22e8a771bb1e</ID>\r\n  <Status>Succeeded</Status>\r\n  <HttpStatusCode>200</HttpStatusCode>\r\n</Operation>",
      "ResponseHeaders": {
        "Content-Length": [
          "232"
        ],
        "Content-Type": [
          "application/xml; charset=utf-8"
        ],
        "x-ms-servedbyregion": [
          "ussouth2"
        ],
        "x-ms-request-id": [
          "986b5db9537f3823834db7b130c80ced"
        ],
        "Cache-Control": [
          "no-cache"
        ],
        "Date": [
          "Fri, 05 Dec 2014 00:43:17 GMT"
        ],
        "Server": [
          "1.0.6198.167",
          "(rd_rdfe_stable.141203-1417)",
          "Microsoft-HTTPAPI/2.0"
        ]
      },
      "StatusCode": 200
    },
    {
      "RequestUri": "/0a312069-c667-43e9-97c0-d104eced63f7/services/networking/networksecuritygroups/onesdk6990",
      "EncodedRequestUri": "LzBhMzEyMDY5LWM2NjctNDNlOS05N2MwLWQxMDRlY2VkNjNmNy9zZXJ2aWNlcy9uZXR3b3JraW5nL25ldHdvcmtzZWN1cml0eWdyb3Vwcy9vbmVzZGs2OTkw",
      "RequestMethod": "DELETE",
      "RequestBody": "",
      "RequestHeaders": {
        "x-ms-version": [
          "2014-10-01"
        ],
        "User-Agent": [
          "Microsoft.WindowsAzure.Management.Network.NetworkManagementClient/4.0.0.0"
        ],
        "client-tracking-id": [
          "14"
        ]
      },
      "ResponseBody": "",
      "ResponseHeaders": {
        "Content-Length": [
          "0"
        ],
        "x-ms-servedbyregion": [
          "ussouth2"
        ],
        "x-ms-request-id": [
          "0657d8e161163cdeb073f37e1eb848f3"
        ],
        "Cache-Control": [
          "no-cache"
        ],
        "Date": [
          "Fri, 05 Dec 2014 00:43:18 GMT"
        ],
        "Server": [
          "1.0.6198.167",
          "(rd_rdfe_stable.141203-1417)",
          "Microsoft-HTTPAPI/2.0"
        ]
      },
      "StatusCode": 202
    },
    {
      "RequestUri": "/0a312069-c667-43e9-97c0-d104eced63f7/operations/0657d8e161163cdeb073f37e1eb848f3",
      "EncodedRequestUri": "LzBhMzEyMDY5LWM2NjctNDNlOS05N2MwLWQxMDRlY2VkNjNmNy9vcGVyYXRpb25zLzA2NTdkOGUxNjExNjNjZGViMDczZjM3ZTFlYjg0OGYz",
      "RequestMethod": "GET",
      "RequestBody": "",
      "RequestHeaders": {
        "x-ms-version": [
          "2014-10-01"
        ],
        "User-Agent": [
          "Microsoft.WindowsAzure.Management.Network.NetworkManagementClient/4.0.0.0"
        ],
        "client-tracking-id": [
          "14"
        ]
      },
      "ResponseBody": "<Operation xmlns=\"http://schemas.microsoft.com/windowsazure\" xmlns:i=\"http://www.w3.org/2001/XMLSchema-instance\">\r\n  <ID>0657d8e1-6116-3cde-b073-f37e1eb848f3</ID>\r\n  <Status>InProgress</Status>\r\n</Operation>",
      "ResponseHeaders": {
        "Content-Length": [
          "197"
        ],
        "Content-Type": [
          "application/xml; charset=utf-8"
        ],
        "x-ms-servedbyregion": [
          "ussouth2"
        ],
        "x-ms-request-id": [
          "dce95388cfed3142adac955351481f47"
        ],
        "Cache-Control": [
          "no-cache"
        ],
        "Date": [
          "Fri, 05 Dec 2014 00:43:18 GMT"
        ],
        "Server": [
          "1.0.6198.167",
          "(rd_rdfe_stable.141203-1417)",
          "Microsoft-HTTPAPI/2.0"
        ]
      },
      "StatusCode": 200
    },
    {
      "RequestUri": "/0a312069-c667-43e9-97c0-d104eced63f7/operations/0657d8e161163cdeb073f37e1eb848f3",
      "EncodedRequestUri": "LzBhMzEyMDY5LWM2NjctNDNlOS05N2MwLWQxMDRlY2VkNjNmNy9vcGVyYXRpb25zLzA2NTdkOGUxNjExNjNjZGViMDczZjM3ZTFlYjg0OGYz",
      "RequestMethod": "GET",
      "RequestBody": "",
      "RequestHeaders": {
        "x-ms-version": [
          "2014-10-01"
        ],
        "User-Agent": [
          "Microsoft.WindowsAzure.Management.Network.NetworkManagementClient/4.0.0.0"
        ],
        "client-tracking-id": [
          "14"
        ]
      },
      "ResponseBody": "<Operation xmlns=\"http://schemas.microsoft.com/windowsazure\" xmlns:i=\"http://www.w3.org/2001/XMLSchema-instance\">\r\n  <ID>0657d8e1-6116-3cde-b073-f37e1eb848f3</ID>\r\n  <Status>Failed</Status>\r\n  <HttpStatusCode>404</HttpStatusCode>\r\n  <Error>\r\n    <Code>ResourceNotFound</Code>\r\n    <Message>The Network Security Group onesdk6990 does not exist.</Message>\r\n  </Error>\r\n</Operation>",
      "ResponseHeaders": {
        "Content-Length": [
          "345"
        ],
        "Content-Type": [
          "application/xml; charset=utf-8"
        ],
        "x-ms-servedbyregion": [
          "ussouth2"
        ],
        "x-ms-request-id": [
          "c04bcb476e30399582a3364e1c75ea28"
        ],
        "Cache-Control": [
          "no-cache"
        ],
        "Date": [
          "Fri, 05 Dec 2014 00:43:48 GMT"
        ],
        "Server": [
          "1.0.6198.167",
          "(rd_rdfe_stable.141203-1417)",
          "Microsoft-HTTPAPI/2.0"
        ]
      },
      "StatusCode": 200
    }
  ],
  "Names": {
    "Test-RemoveNetworkSecurityGroupWithNonExistingName": [
      "onesdk6990"
    ]
  },
  "Variables": {
    "SubscriptionId": "0a312069-c667-43e9-97c0-d104eced63f7"
  }
}