{
  "Entries": [
    {
      "RequestUri": "/subscriptions/5b4b650e-28b9-4790-b3ab-ddbd88d727c4/resourcegroups/RGName-ps7943?api-version=2016-09-01",
      "EncodedRequestUri": "L3N1YnNjcmlwdGlvbnMvNWI0YjY1MGUtMjhiOS00NzkwLWIzYWItZGRiZDg4ZDcyN2M0L3Jlc291cmNlZ3JvdXBzL1JHTmFtZS1wczc5NDM/YXBpLXZlcnNpb249MjAxNi0wOS0wMQ==",
      "RequestMethod": "PUT",
      "RequestHeaders": {
        "x-ms-client-request-id": [
          "1679bf10-7527-46b4-9fa0-a2a62dcec118"
        ],
        "Accept-Language": [
          "en-US"
        ],
        "User-Agent": [
          "FxVersion/4.700.22.41602",
          "OSName/Windows",
          "OSVersion/Microsoft.Windows.10.0.22621",
          "Microsoft.Azure.Management.Internal.Resources.ResourceManagementClient/1.3.62"
        ],
        "Content-Type": [
          "application/json; charset=utf-8"
        ],
        "Content-Length": [
          "35"
        ]
      },
      "RequestBody": "{\r\n  \"location\": \"westcentralus\"\r\n}",
      "ResponseHeaders": {
        "Cache-Control": [
          "no-cache"
        ],
        "Pragma": [
          "no-cache"
        ],
        "x-ms-ratelimit-remaining-subscription-writes": [
          "1199"
        ],
        "x-ms-request-id": [
          "c64cb57b-82ec-4e67-b157-ffa3c837c298"
        ],
        "x-ms-correlation-request-id": [
          "c64cb57b-82ec-4e67-b157-ffa3c837c298"
        ],
        "x-ms-routing-request-id": [
          "WESTUS2:20221006T020453Z:c64cb57b-82ec-4e67-b157-ffa3c837c298"
        ],
        "Strict-Transport-Security": [
          "max-age=31536000; includeSubDomains"
        ],
        "X-Content-Type-Options": [
          "nosniff"
        ],
        "Date": [
          "Thu, 06 Oct 2022 02:04:53 GMT"
        ],
        "Content-Length": [
          "186"
        ],
        "Content-Type": [
          "application/json; charset=utf-8"
        ],
        "Expires": [
          "-1"
        ]
      },
      "ResponseBody": "{\r\n  \"id\": \"/subscriptions/5b4b650e-28b9-4790-b3ab-ddbd88d727c4/resourceGroups/RGName-ps7943\",\r\n  \"name\": \"RGName-ps7943\",\r\n  \"location\": \"westcentralus\",\r\n  \"properties\": {\r\n    \"provisioningState\": \"Succeeded\"\r\n  }\r\n}",
      "StatusCode": 201
    },
    {
      "RequestUri": "/subscriptions/5b4b650e-28b9-4790-b3ab-ddbd88d727c4/resourceGroups/RGName-ps7943/providers/Microsoft.EventGrid/domains/PSTestDomain-ps5018?api-version=2022-06-15",
      "EncodedRequestUri": "L3N1YnNjcmlwdGlvbnMvNWI0YjY1MGUtMjhiOS00NzkwLWIzYWItZGRiZDg4ZDcyN2M0L3Jlc291cmNlR3JvdXBzL1JHTmFtZS1wczc5NDMvcHJvdmlkZXJzL01pY3Jvc29mdC5FdmVudEdyaWQvZG9tYWlucy9QU1Rlc3REb21haW4tcHM1MDE4P2FwaS12ZXJzaW9uPTIwMjItMDYtMTU=",
      "RequestMethod": "PUT",
      "RequestHeaders": {
        "x-ms-client-request-id": [
          "4ecddb99-9101-4a68-bcc9-6530d1fe86e6"
        ],
        "Accept-Language": [
          "en-US"
        ],
        "User-Agent": [
          "FxVersion/4.700.22.41602",
          "OSName/Windows",
          "OSVersion/Microsoft.Windows.10.0.22621",
          "Microsoft.Azure.Management.EventGrid.EventGridManagementClient/8.0.0.0"
        ],
        "Content-Type": [
          "application/json; charset=utf-8"
        ],
        "Content-Length": [
          "272"
        ]
      },
      "RequestBody": "{\r\n  \"properties\": {\r\n    \"inputSchema\": \"eventgriDSChemA\",\r\n    \"publicNetworkAccess\": \"enabled\",\r\n    \"disableLocalAuth\": false,\r\n    \"autoCreateTopicWithFirstSubscription\": false,\r\n    \"autoDeleteTopicWithLastSubscription\": false\r\n  },\r\n  \"location\": \"westcentralus\"\r\n}",
      "ResponseHeaders": {
        "Cache-Control": [
          "no-cache"
        ],
        "Pragma": [
          "no-cache"
        ],
        "Retry-After": [
          "10"
        ],
        "Strict-Transport-Security": [
          "max-age=31536000; includeSubDomains"
        ],
        "Azure-AsyncOperation": [
          "https://management.azure.com:443/subscriptions/5b4b650e-28b9-4790-b3ab-ddbd88d727c4/providers/Microsoft.EventGrid/locations/westcentralus/operationsStatus/F79B2FDA-D89E-43C1-A64D-76B738587A64?api-version=2022-06-15"
        ],
        "x-ms-request-id": [
          "4efbf3b6-593b-4f73-a88c-65f93af011b9"
        ],
        "Server": [
          "Microsoft-HTTPAPI/2.0"
        ],
        "x-ms-ratelimit-remaining-subscription-writes": [
          "1199"
        ],
        "x-ms-correlation-request-id": [
          "a1c7fad6-20cb-48e8-a322-f49d48aca490"
        ],
        "x-ms-routing-request-id": [
          "WESTUS2:20221006T020456Z:a1c7fad6-20cb-48e8-a322-f49d48aca490"
        ],
        "X-Content-Type-Options": [
          "nosniff"
        ],
        "Date": [
          "Thu, 06 Oct 2022 02:04:55 GMT"
        ],
        "Content-Length": [
          "510"
        ],
        "Content-Type": [
          "application/json; charset=utf-8"
        ],
        "Expires": [
          "-1"
        ]
      },
      "ResponseBody": "{\r\n  \"properties\": {\r\n    \"provisioningState\": \"Creating\",\r\n    \"endpoint\": null,\r\n    \"inputSchema\": \"EventGridSchema\",\r\n    \"publicNetworkAccess\": \"Enabled\",\r\n    \"disableLocalAuth\": false,\r\n    \"autoCreateTopicWithFirstSubscription\": false,\r\n    \"autoDeleteTopicWithLastSubscription\": false\r\n  },\r\n  \"systemData\": null,\r\n  \"location\": \"westcentralus\",\r\n  \"tags\": null,\r\n  \"id\": \"/subscriptions/5b4b650e-28b9-4790-b3ab-ddbd88d727c4/resourceGroups/RGName-ps7943/providers/Microsoft.EventGrid/domains/PSTestDomain-ps5018\",\r\n  \"name\": \"PSTestDomain-ps5018\",\r\n  \"type\": \"Microsoft.EventGrid/domains\"\r\n}",
      "StatusCode": 201
    },
    {
      "RequestUri": "/subscriptions/5b4b650e-28b9-4790-b3ab-ddbd88d727c4/providers/Microsoft.EventGrid/locations/westcentralus/operationsStatus/F79B2FDA-D89E-43C1-A64D-76B738587A64?api-version=2022-06-15",
      "EncodedRequestUri": "L3N1YnNjcmlwdGlvbnMvNWI0YjY1MGUtMjhiOS00NzkwLWIzYWItZGRiZDg4ZDcyN2M0L3Byb3ZpZGVycy9NaWNyb3NvZnQuRXZlbnRHcmlkL2xvY2F0aW9ucy93ZXN0Y2VudHJhbHVzL29wZXJhdGlvbnNTdGF0dXMvRjc5QjJGREEtRDg5RS00M0MxLUE2NEQtNzZCNzM4NTg3QTY0P2FwaS12ZXJzaW9uPTIwMjItMDYtMTU=",
      "RequestMethod": "GET",
      "RequestHeaders": {
        "x-ms-client-request-id": [
          "4ecddb99-9101-4a68-bcc9-6530d1fe86e6"
        ],
        "User-Agent": [
          "FxVersion/4.700.22.41602",
          "OSName/Windows",
          "OSVersion/Microsoft.Windows.10.0.22621",
          "Microsoft.Azure.Management.EventGrid.EventGridManagementClient/8.0.0.0"
        ]
      },
      "RequestBody": "",
      "ResponseHeaders": {
        "Cache-Control": [
          "no-cache"
        ],
        "Pragma": [
          "no-cache"
        ],
        "Strict-Transport-Security": [
          "max-age=31536000; includeSubDomains"
        ],
        "x-ms-request-id": [
          "10d1f7f0-ae31-4a51-8ca5-9047490f5c4c"
        ],
        "Server": [
          "Microsoft-HTTPAPI/2.0"
        ],
        "x-ms-ratelimit-remaining-subscription-reads": [
          "11999"
        ],
        "x-ms-correlation-request-id": [
          "ba3748b7-d149-45f5-b42d-3de3ee9f0e39"
        ],
        "x-ms-routing-request-id": [
          "WESTUS2:20221006T020506Z:ba3748b7-d149-45f5-b42d-3de3ee9f0e39"
        ],
        "X-Content-Type-Options": [
          "nosniff"
        ],
        "Date": [
          "Thu, 06 Oct 2022 02:05:05 GMT"
        ],
        "Content-Length": [
          "286"
        ],
        "Content-Type": [
          "application/json; charset=utf-8"
        ],
        "Expires": [
          "-1"
        ]
      },
      "ResponseBody": "{\r\n  \"id\": \"https://management.azure.com/subscriptions/5b4b650e-28b9-4790-b3ab-ddbd88d727c4/providers/Microsoft.EventGrid/locations/westcentralus/operationsStatus/F79B2FDA-D89E-43C1-A64D-76B738587A64?api-version=2022-06-15\",\r\n  \"name\": \"f79b2fda-d89e-43c1-a64d-76b738587a64\",\r\n  \"status\": \"Succeeded\"\r\n}",
      "StatusCode": 200
    },
    {
      "RequestUri": "/subscriptions/5b4b650e-28b9-4790-b3ab-ddbd88d727c4/resourceGroups/RGName-ps7943/providers/Microsoft.EventGrid/domains/PSTestDomain-ps5018?api-version=2022-06-15",
      "EncodedRequestUri": "L3N1YnNjcmlwdGlvbnMvNWI0YjY1MGUtMjhiOS00NzkwLWIzYWItZGRiZDg4ZDcyN2M0L3Jlc291cmNlR3JvdXBzL1JHTmFtZS1wczc5NDMvcHJvdmlkZXJzL01pY3Jvc29mdC5FdmVudEdyaWQvZG9tYWlucy9QU1Rlc3REb21haW4tcHM1MDE4P2FwaS12ZXJzaW9uPTIwMjItMDYtMTU=",
      "RequestMethod": "GET",
      "RequestHeaders": {
        "x-ms-client-request-id": [
          "4ecddb99-9101-4a68-bcc9-6530d1fe86e6"
        ],
        "User-Agent": [
          "FxVersion/4.700.22.41602",
          "OSName/Windows",
          "OSVersion/Microsoft.Windows.10.0.22621",
          "Microsoft.Azure.Management.EventGrid.EventGridManagementClient/8.0.0.0"
        ]
      },
      "RequestBody": "",
      "ResponseHeaders": {
        "Cache-Control": [
          "no-cache"
        ],
        "Pragma": [
          "no-cache"
        ],
        "Strict-Transport-Security": [
          "max-age=31536000; includeSubDomains"
        ],
        "x-ms-request-id": [
          "6bd19ec1-e171-4832-8dba-e40d8c93b9d5"
        ],
        "Server": [
          "Microsoft-HTTPAPI/2.0"
        ],
        "x-ms-ratelimit-remaining-subscription-reads": [
          "11998"
        ],
        "x-ms-correlation-request-id": [
          "10b2e470-1ae4-440e-b043-0184cd44dffe"
        ],
        "x-ms-routing-request-id": [
          "WESTUS2:20221006T020506Z:10b2e470-1ae4-440e-b043-0184cd44dffe"
        ],
        "X-Content-Type-Options": [
          "nosniff"
        ],
        "Date": [
          "Thu, 06 Oct 2022 02:05:05 GMT"
        ],
        "Content-Length": [
          "681"
        ],
        "Content-Type": [
          "application/json; charset=utf-8"
        ],
        "Expires": [
          "-1"
        ]
      },
      "ResponseBody": "{\r\n  \"properties\": {\r\n    \"provisioningState\": \"Succeeded\",\r\n    \"endpoint\": \"https://pstestdomain-ps5018.westcentralus-1.eventgrid.azure.net/api/events\",\r\n    \"inputSchema\": \"EventGridSchema\",\r\n    \"metricResourceId\": \"42da169c-69e6-49aa-b279-297c4a74ec46\",\r\n    \"publicNetworkAccess\": \"Enabled\",\r\n    \"disableLocalAuth\": false,\r\n    \"autoCreateTopicWithFirstSubscription\": false,\r\n    \"autoDeleteTopicWithLastSubscription\": false,\r\n    \"dataResidencyBoundary\": \"WithinGeopair\"\r\n  },\r\n  \"systemData\": null,\r\n  \"location\": \"westcentralus\",\r\n  \"tags\": null,\r\n  \"id\": \"/subscriptions/5b4b650e-28b9-4790-b3ab-ddbd88d727c4/resourceGroups/RGName-ps7943/providers/Microsoft.EventGrid/domains/PSTestDomain-ps5018\",\r\n  \"name\": \"PSTestDomain-ps5018\",\r\n  \"type\": \"Microsoft.EventGrid/domains\"\r\n}",
      "StatusCode": 200
    },
    {
      "RequestUri": "/subscriptions/5b4b650e-28b9-4790-b3ab-ddbd88d727c4/resourceGroups/RGName-ps7943/providers/Microsoft.EventGrid/domains/PSTestDomain-ps5018?api-version=2022-06-15",
      "EncodedRequestUri": "L3N1YnNjcmlwdGlvbnMvNWI0YjY1MGUtMjhiOS00NzkwLWIzYWItZGRiZDg4ZDcyN2M0L3Jlc291cmNlR3JvdXBzL1JHTmFtZS1wczc5NDMvcHJvdmlkZXJzL01pY3Jvc29mdC5FdmVudEdyaWQvZG9tYWlucy9QU1Rlc3REb21haW4tcHM1MDE4P2FwaS12ZXJzaW9uPTIwMjItMDYtMTU=",
      "RequestMethod": "GET",
      "RequestHeaders": {
        "x-ms-client-request-id": [
          "f4fefb1c-4384-432c-bacf-fd97b5d0981c"
        ],
        "Accept-Language": [
          "en-US"
        ],
        "User-Agent": [
          "FxVersion/4.700.22.41602",
          "OSName/Windows",
          "OSVersion/Microsoft.Windows.10.0.22621",
          "Microsoft.Azure.Management.EventGrid.EventGridManagementClient/8.0.0.0"
        ]
      },
      "RequestBody": "",
      "ResponseHeaders": {
        "Cache-Control": [
          "no-cache"
        ],
        "Pragma": [
          "no-cache"
        ],
        "Strict-Transport-Security": [
          "max-age=31536000; includeSubDomains"
        ],
        "x-ms-request-id": [
          "f6e01149-6ba8-41ff-a721-3591fb1c9a93"
        ],
        "Server": [
          "Microsoft-HTTPAPI/2.0"
        ],
        "x-ms-ratelimit-remaining-subscription-reads": [
          "11999"
        ],
        "x-ms-correlation-request-id": [
          "e0cf46a6-5934-4d8e-be01-d0b3c8397c5a"
        ],
        "x-ms-routing-request-id": [
          "WESTUS2:20221006T020506Z:e0cf46a6-5934-4d8e-be01-d0b3c8397c5a"
        ],
        "X-Content-Type-Options": [
          "nosniff"
        ],
        "Date": [
          "Thu, 06 Oct 2022 02:05:05 GMT"
        ],
        "Content-Length": [
          "681"
        ],
        "Content-Type": [
          "application/json; charset=utf-8"
        ],
        "Expires": [
          "-1"
        ]
      },
      "ResponseBody": "{\r\n  \"properties\": {\r\n    \"provisioningState\": \"Succeeded\",\r\n    \"endpoint\": \"https://pstestdomain-ps5018.westcentralus-1.eventgrid.azure.net/api/events\",\r\n    \"inputSchema\": \"EventGridSchema\",\r\n    \"metricResourceId\": \"42da169c-69e6-49aa-b279-297c4a74ec46\",\r\n    \"publicNetworkAccess\": \"Enabled\",\r\n    \"disableLocalAuth\": false,\r\n    \"autoCreateTopicWithFirstSubscription\": false,\r\n    \"autoDeleteTopicWithLastSubscription\": false,\r\n    \"dataResidencyBoundary\": \"WithinGeopair\"\r\n  },\r\n  \"systemData\": null,\r\n  \"location\": \"westcentralus\",\r\n  \"tags\": null,\r\n  \"id\": \"/subscriptions/5b4b650e-28b9-4790-b3ab-ddbd88d727c4/resourceGroups/RGName-ps7943/providers/Microsoft.EventGrid/domains/PSTestDomain-ps5018\",\r\n  \"name\": \"PSTestDomain-ps5018\",\r\n  \"type\": \"Microsoft.EventGrid/domains\"\r\n}",
      "StatusCode": 200
    },
    {
      "RequestUri": "/subscriptions/5b4b650e-28b9-4790-b3ab-ddbd88d727c4/resourceGroups/RGName-ps7943/providers/Microsoft.EventGrid/domains/PSTestDomain-ps6?api-version=2022-06-15",
      "EncodedRequestUri": "L3N1YnNjcmlwdGlvbnMvNWI0YjY1MGUtMjhiOS00NzkwLWIzYWItZGRiZDg4ZDcyN2M0L3Jlc291cmNlR3JvdXBzL1JHTmFtZS1wczc5NDMvcHJvdmlkZXJzL01pY3Jvc29mdC5FdmVudEdyaWQvZG9tYWlucy9QU1Rlc3REb21haW4tcHM2P2FwaS12ZXJzaW9uPTIwMjItMDYtMTU=",
      "RequestMethod": "PUT",
      "RequestHeaders": {
        "x-ms-client-request-id": [
          "25c3caa7-141d-4a1e-ad0c-a2534698fb36"
        ],
        "Accept-Language": [
          "en-US"
        ],
        "User-Agent": [
          "FxVersion/4.700.22.41602",
          "OSName/Windows",
          "OSVersion/Microsoft.Windows.10.0.22621",
          "Microsoft.Azure.Management.EventGrid.EventGridManagementClient/8.0.0.0"
        ],
        "Content-Type": [
          "application/json; charset=utf-8"
        ],
        "Content-Length": [
          "337"
        ]
      },
      "RequestBody": "{\r\n  \"properties\": {\r\n    \"inputSchema\": \"eventgridschema\",\r\n    \"publicNetworkAccess\": \"enabled\",\r\n    \"disableLocalAuth\": false,\r\n    \"autoCreateTopicWithFirstSubscription\": false,\r\n    \"autoDeleteTopicWithLastSubscription\": false\r\n  },\r\n  \"location\": \"westcentralus\",\r\n  \"tags\": {\r\n    \"Environment\": \"Test\",\r\n    \"Dept\": \"IT\"\r\n  }\r\n}",
      "ResponseHeaders": {
        "Cache-Control": [
          "no-cache"
        ],
        "Pragma": [
          "no-cache"
        ],
        "Retry-After": [
          "10"
        ],
        "Strict-Transport-Security": [
          "max-age=31536000; includeSubDomains"
        ],
        "Azure-AsyncOperation": [
          "https://management.azure.com:443/subscriptions/5b4b650e-28b9-4790-b3ab-ddbd88d727c4/providers/Microsoft.EventGrid/locations/westcentralus/operationsStatus/2D8AEF62-EF93-4E3E-B671-D9F91EF6689B?api-version=2022-06-15"
        ],
        "x-ms-request-id": [
          "43c62ca4-bb8d-451b-9ad0-3eb7e647015a"
        ],
        "Server": [
          "Microsoft-HTTPAPI/2.0"
        ],
        "x-ms-ratelimit-remaining-subscription-writes": [
          "1199"
        ],
        "x-ms-correlation-request-id": [
          "61482ef4-d3d9-4e7e-bd1e-47ba5fbcfaf0"
        ],
        "x-ms-routing-request-id": [
          "WESTUS2:20221006T020508Z:61482ef4-d3d9-4e7e-bd1e-47ba5fbcfaf0"
        ],
        "X-Content-Type-Options": [
          "nosniff"
        ],
        "Date": [
          "Thu, 06 Oct 2022 02:05:07 GMT"
        ],
        "Content-Length": [
          "534"
        ],
        "Content-Type": [
          "application/json; charset=utf-8"
        ],
        "Expires": [
          "-1"
        ]
      },
      "ResponseBody": "{\r\n  \"properties\": {\r\n    \"provisioningState\": \"Creating\",\r\n    \"endpoint\": null,\r\n    \"inputSchema\": \"EventGridSchema\",\r\n    \"publicNetworkAccess\": \"Enabled\",\r\n    \"disableLocalAuth\": false,\r\n    \"autoCreateTopicWithFirstSubscription\": false,\r\n    \"autoDeleteTopicWithLastSubscription\": false\r\n  },\r\n  \"systemData\": null,\r\n  \"location\": \"westcentralus\",\r\n  \"tags\": {\r\n    \"Environment\": \"Test\",\r\n    \"Dept\": \"IT\"\r\n  },\r\n  \"id\": \"/subscriptions/5b4b650e-28b9-4790-b3ab-ddbd88d727c4/resourceGroups/RGName-ps7943/providers/Microsoft.EventGrid/domains/PSTestDomain-ps6\",\r\n  \"name\": \"PSTestDomain-ps6\",\r\n  \"type\": \"Microsoft.EventGrid/domains\"\r\n}",
      "StatusCode": 201
    },
    {
      "RequestUri": "/subscriptions/5b4b650e-28b9-4790-b3ab-ddbd88d727c4/providers/Microsoft.EventGrid/locations/westcentralus/operationsStatus/2D8AEF62-EF93-4E3E-B671-D9F91EF6689B?api-version=2022-06-15",
      "EncodedRequestUri": "L3N1YnNjcmlwdGlvbnMvNWI0YjY1MGUtMjhiOS00NzkwLWIzYWItZGRiZDg4ZDcyN2M0L3Byb3ZpZGVycy9NaWNyb3NvZnQuRXZlbnRHcmlkL2xvY2F0aW9ucy93ZXN0Y2VudHJhbHVzL29wZXJhdGlvbnNTdGF0dXMvMkQ4QUVGNjItRUY5My00RTNFLUI2NzEtRDlGOTFFRjY2ODlCP2FwaS12ZXJzaW9uPTIwMjItMDYtMTU=",
      "RequestMethod": "GET",
      "RequestHeaders": {
        "x-ms-client-request-id": [
          "25c3caa7-141d-4a1e-ad0c-a2534698fb36"
        ],
        "User-Agent": [
          "FxVersion/4.700.22.41602",
          "OSName/Windows",
          "OSVersion/Microsoft.Windows.10.0.22621",
          "Microsoft.Azure.Management.EventGrid.EventGridManagementClient/8.0.0.0"
        ]
      },
      "RequestBody": "",
      "ResponseHeaders": {
        "Cache-Control": [
          "no-cache"
        ],
        "Pragma": [
          "no-cache"
        ],
        "Strict-Transport-Security": [
          "max-age=31536000; includeSubDomains"
        ],
        "x-ms-request-id": [
          "323a5d86-2ff3-4ff8-8aa9-1a66866f7fe8"
        ],
        "Server": [
          "Microsoft-HTTPAPI/2.0"
        ],
        "x-ms-ratelimit-remaining-subscription-reads": [
          "11999"
        ],
        "x-ms-correlation-request-id": [
          "c763b077-df10-40e4-a9a9-425010a08183"
        ],
        "x-ms-routing-request-id": [
          "WESTUS2:20221006T020518Z:c763b077-df10-40e4-a9a9-425010a08183"
        ],
        "X-Content-Type-Options": [
          "nosniff"
        ],
        "Date": [
          "Thu, 06 Oct 2022 02:05:18 GMT"
        ],
        "Content-Length": [
          "286"
        ],
        "Content-Type": [
          "application/json; charset=utf-8"
        ],
        "Expires": [
          "-1"
        ]
      },
      "ResponseBody": "{\r\n  \"id\": \"https://management.azure.com/subscriptions/5b4b650e-28b9-4790-b3ab-ddbd88d727c4/providers/Microsoft.EventGrid/locations/westcentralus/operationsStatus/2D8AEF62-EF93-4E3E-B671-D9F91EF6689B?api-version=2022-06-15\",\r\n  \"name\": \"2d8aef62-ef93-4e3e-b671-d9f91ef6689b\",\r\n  \"status\": \"Succeeded\"\r\n}",
      "StatusCode": 200
    },
    {
      "RequestUri": "/subscriptions/5b4b650e-28b9-4790-b3ab-ddbd88d727c4/resourceGroups/RGName-ps7943/providers/Microsoft.EventGrid/domains/PSTestDomain-ps6?api-version=2022-06-15",
      "EncodedRequestUri": "L3N1YnNjcmlwdGlvbnMvNWI0YjY1MGUtMjhiOS00NzkwLWIzYWItZGRiZDg4ZDcyN2M0L3Jlc291cmNlR3JvdXBzL1JHTmFtZS1wczc5NDMvcHJvdmlkZXJzL01pY3Jvc29mdC5FdmVudEdyaWQvZG9tYWlucy9QU1Rlc3REb21haW4tcHM2P2FwaS12ZXJzaW9uPTIwMjItMDYtMTU=",
      "RequestMethod": "GET",
      "RequestHeaders": {
        "x-ms-client-request-id": [
          "25c3caa7-141d-4a1e-ad0c-a2534698fb36"
        ],
        "User-Agent": [
          "FxVersion/4.700.22.41602",
          "OSName/Windows",
          "OSVersion/Microsoft.Windows.10.0.22621",
          "Microsoft.Azure.Management.EventGrid.EventGridManagementClient/8.0.0.0"
        ]
      },
      "RequestBody": "",
      "ResponseHeaders": {
        "Cache-Control": [
          "no-cache"
        ],
        "Pragma": [
          "no-cache"
        ],
        "Strict-Transport-Security": [
          "max-age=31536000; includeSubDomains"
        ],
        "x-ms-request-id": [
          "7e7265a9-223d-4f23-93da-37cfb00c46c5"
        ],
        "Server": [
          "Microsoft-HTTPAPI/2.0"
        ],
        "x-ms-ratelimit-remaining-subscription-reads": [
          "11998"
        ],
        "x-ms-correlation-request-id": [
          "f2f4429a-ff4e-4e43-aa85-33151b3486c6"
        ],
        "x-ms-routing-request-id": [
          "WESTUS2:20221006T020519Z:f2f4429a-ff4e-4e43-aa85-33151b3486c6"
        ],
        "X-Content-Type-Options": [
          "nosniff"
        ],
        "Date": [
          "Thu, 06 Oct 2022 02:05:18 GMT"
        ],
        "Content-Length": [
          "702"
        ],
        "Content-Type": [
          "application/json; charset=utf-8"
        ],
        "Expires": [
          "-1"
        ]
      },
      "ResponseBody": "{\r\n  \"properties\": {\r\n    \"provisioningState\": \"Succeeded\",\r\n    \"endpoint\": \"https://pstestdomain-ps6.westcentralus-1.eventgrid.azure.net/api/events\",\r\n    \"inputSchema\": \"EventGridSchema\",\r\n    \"metricResourceId\": \"93619799-32af-42f5-9a63-db265c88694c\",\r\n    \"publicNetworkAccess\": \"Enabled\",\r\n    \"disableLocalAuth\": false,\r\n    \"autoCreateTopicWithFirstSubscription\": false,\r\n    \"autoDeleteTopicWithLastSubscription\": false,\r\n    \"dataResidencyBoundary\": \"WithinGeopair\"\r\n  },\r\n  \"systemData\": null,\r\n  \"location\": \"westcentralus\",\r\n  \"tags\": {\r\n    \"Environment\": \"Test\",\r\n    \"Dept\": \"IT\"\r\n  },\r\n  \"id\": \"/subscriptions/5b4b650e-28b9-4790-b3ab-ddbd88d727c4/resourceGroups/RGName-ps7943/providers/Microsoft.EventGrid/domains/PSTestDomain-ps6\",\r\n  \"name\": \"PSTestDomain-ps6\",\r\n  \"type\": \"Microsoft.EventGrid/domains\"\r\n}",
      "StatusCode": 200
    },
    {
      "RequestUri": "/subscriptions/5b4b650e-28b9-4790-b3ab-ddbd88d727c4/resourceGroups/RGName-ps7943/providers/Microsoft.EventGrid/domains/PSTestDomain-ps7636?api-version=2022-06-15",
      "EncodedRequestUri": "L3N1YnNjcmlwdGlvbnMvNWI0YjY1MGUtMjhiOS00NzkwLWIzYWItZGRiZDg4ZDcyN2M0L3Jlc291cmNlR3JvdXBzL1JHTmFtZS1wczc5NDMvcHJvdmlkZXJzL01pY3Jvc29mdC5FdmVudEdyaWQvZG9tYWlucy9QU1Rlc3REb21haW4tcHM3NjM2P2FwaS12ZXJzaW9uPTIwMjItMDYtMTU=",
      "RequestMethod": "PUT",
      "RequestHeaders": {
        "x-ms-client-request-id": [
          "c8db971b-2096-458c-ab34-260a98cf0a60"
        ],
        "Accept-Language": [
          "en-US"
        ],
        "User-Agent": [
          "FxVersion/4.700.22.41602",
          "OSName/Windows",
          "OSVersion/Microsoft.Windows.10.0.22621",
          "Microsoft.Azure.Management.EventGrid.EventGridManagementClient/8.0.0.0"
        ],
        "Content-Type": [
          "application/json; charset=utf-8"
        ],
        "Content-Length": [
          "277"
        ]
      },
      "RequestBody": "{\r\n  \"properties\": {\r\n    \"inputSchema\": \"CloUDEventScHemaV1_0\",\r\n    \"publicNetworkAccess\": \"enabled\",\r\n    \"disableLocalAuth\": false,\r\n    \"autoCreateTopicWithFirstSubscription\": false,\r\n    \"autoDeleteTopicWithLastSubscription\": false\r\n  },\r\n  \"location\": \"westcentralus\"\r\n}",
      "ResponseHeaders": {
        "Cache-Control": [
          "no-cache"
        ],
        "Pragma": [
          "no-cache"
        ],
        "Retry-After": [
          "10"
        ],
        "Strict-Transport-Security": [
          "max-age=31536000; includeSubDomains"
        ],
        "Azure-AsyncOperation": [
          "https://management.azure.com:443/subscriptions/5b4b650e-28b9-4790-b3ab-ddbd88d727c4/providers/Microsoft.EventGrid/locations/westcentralus/operationsStatus/0265BD7B-5740-480E-A2E5-2B7E27241286?api-version=2022-06-15"
        ],
        "x-ms-request-id": [
          "756a0175-980a-4812-8f79-d3eda05a5b90"
        ],
        "Server": [
          "Microsoft-HTTPAPI/2.0"
        ],
        "x-ms-ratelimit-remaining-subscription-writes": [
          "1198"
        ],
        "x-ms-correlation-request-id": [
          "bf03bfab-f62b-4540-b399-fc3e7f195def"
        ],
        "x-ms-routing-request-id": [
          "WESTUS2:20221006T020521Z:bf03bfab-f62b-4540-b399-fc3e7f195def"
        ],
        "X-Content-Type-Options": [
          "nosniff"
        ],
        "Date": [
          "Thu, 06 Oct 2022 02:05:20 GMT"
        ],
        "Content-Length": [
          "515"
        ],
        "Content-Type": [
          "application/json; charset=utf-8"
        ],
        "Expires": [
          "-1"
        ]
      },
      "ResponseBody": "{\r\n  \"properties\": {\r\n    \"provisioningState\": \"Creating\",\r\n    \"endpoint\": null,\r\n    \"inputSchema\": \"CloudEventSchemaV1_0\",\r\n    \"publicNetworkAccess\": \"Enabled\",\r\n    \"disableLocalAuth\": false,\r\n    \"autoCreateTopicWithFirstSubscription\": false,\r\n    \"autoDeleteTopicWithLastSubscription\": false\r\n  },\r\n  \"systemData\": null,\r\n  \"location\": \"westcentralus\",\r\n  \"tags\": null,\r\n  \"id\": \"/subscriptions/5b4b650e-28b9-4790-b3ab-ddbd88d727c4/resourceGroups/RGName-ps7943/providers/Microsoft.EventGrid/domains/PSTestDomain-ps7636\",\r\n  \"name\": \"PSTestDomain-ps7636\",\r\n  \"type\": \"Microsoft.EventGrid/domains\"\r\n}",
      "StatusCode": 201
    },
    {
      "RequestUri": "/subscriptions/5b4b650e-28b9-4790-b3ab-ddbd88d727c4/providers/Microsoft.EventGrid/locations/westcentralus/operationsStatus/0265BD7B-5740-480E-A2E5-2B7E27241286?api-version=2022-06-15",
      "EncodedRequestUri": "L3N1YnNjcmlwdGlvbnMvNWI0YjY1MGUtMjhiOS00NzkwLWIzYWItZGRiZDg4ZDcyN2M0L3Byb3ZpZGVycy9NaWNyb3NvZnQuRXZlbnRHcmlkL2xvY2F0aW9ucy93ZXN0Y2VudHJhbHVzL29wZXJhdGlvbnNTdGF0dXMvMDI2NUJEN0ItNTc0MC00ODBFLUEyRTUtMkI3RTI3MjQxMjg2P2FwaS12ZXJzaW9uPTIwMjItMDYtMTU=",
      "RequestMethod": "GET",
      "RequestHeaders": {
        "x-ms-client-request-id": [
          "c8db971b-2096-458c-ab34-260a98cf0a60"
        ],
        "User-Agent": [
          "FxVersion/4.700.22.41602",
          "OSName/Windows",
          "OSVersion/Microsoft.Windows.10.0.22621",
          "Microsoft.Azure.Management.EventGrid.EventGridManagementClient/8.0.0.0"
        ]
      },
      "RequestBody": "",
      "ResponseHeaders": {
        "Cache-Control": [
          "no-cache"
        ],
        "Pragma": [
          "no-cache"
        ],
        "Strict-Transport-Security": [
          "max-age=31536000; includeSubDomains"
        ],
        "x-ms-request-id": [
          "3e7769a4-8031-421d-9325-5c00cc639b47"
        ],
        "Server": [
          "Microsoft-HTTPAPI/2.0"
        ],
        "x-ms-ratelimit-remaining-subscription-reads": [
          "11999"
        ],
        "x-ms-correlation-request-id": [
          "8e5b748c-c317-4a7f-8c1b-5b1971c79535"
        ],
        "x-ms-routing-request-id": [
          "WESTUS2:20221006T020531Z:8e5b748c-c317-4a7f-8c1b-5b1971c79535"
        ],
        "X-Content-Type-Options": [
          "nosniff"
        ],
        "Date": [
          "Thu, 06 Oct 2022 02:05:31 GMT"
        ],
        "Content-Length": [
          "286"
        ],
        "Content-Type": [
          "application/json; charset=utf-8"
        ],
        "Expires": [
          "-1"
        ]
      },
      "ResponseBody": "{\r\n  \"id\": \"https://management.azure.com/subscriptions/5b4b650e-28b9-4790-b3ab-ddbd88d727c4/providers/Microsoft.EventGrid/locations/westcentralus/operationsStatus/0265BD7B-5740-480E-A2E5-2B7E27241286?api-version=2022-06-15\",\r\n  \"name\": \"0265bd7b-5740-480e-a2e5-2b7e27241286\",\r\n  \"status\": \"Succeeded\"\r\n}",
      "StatusCode": 200
    },
    {
      "RequestUri": "/subscriptions/5b4b650e-28b9-4790-b3ab-ddbd88d727c4/resourceGroups/RGName-ps7943/providers/Microsoft.EventGrid/domains/PSTestDomain-ps7636?api-version=2022-06-15",
      "EncodedRequestUri": "L3N1YnNjcmlwdGlvbnMvNWI0YjY1MGUtMjhiOS00NzkwLWIzYWItZGRiZDg4ZDcyN2M0L3Jlc291cmNlR3JvdXBzL1JHTmFtZS1wczc5NDMvcHJvdmlkZXJzL01pY3Jvc29mdC5FdmVudEdyaWQvZG9tYWlucy9QU1Rlc3REb21haW4tcHM3NjM2P2FwaS12ZXJzaW9uPTIwMjItMDYtMTU=",
      "RequestMethod": "GET",
      "RequestHeaders": {
        "x-ms-client-request-id": [
          "c8db971b-2096-458c-ab34-260a98cf0a60"
        ],
        "User-Agent": [
          "FxVersion/4.700.22.41602",
          "OSName/Windows",
          "OSVersion/Microsoft.Windows.10.0.22621",
          "Microsoft.Azure.Management.EventGrid.EventGridManagementClient/8.0.0.0"
        ]
      },
      "RequestBody": "",
      "ResponseHeaders": {
        "Cache-Control": [
          "no-cache"
        ],
        "Pragma": [
          "no-cache"
        ],
        "Strict-Transport-Security": [
          "max-age=31536000; includeSubDomains"
        ],
        "x-ms-request-id": [
          "ff768149-4eb1-4539-a146-9dacbe504a0d"
        ],
        "Server": [
          "Microsoft-HTTPAPI/2.0"
        ],
        "x-ms-ratelimit-remaining-subscription-reads": [
          "11998"
        ],
        "x-ms-correlation-request-id": [
          "4ebf0a49-2db2-421e-b80a-16378a843529"
        ],
        "x-ms-routing-request-id": [
          "WESTUS2:20221006T020531Z:4ebf0a49-2db2-421e-b80a-16378a843529"
        ],
        "X-Content-Type-Options": [
          "nosniff"
        ],
        "Date": [
          "Thu, 06 Oct 2022 02:05:31 GMT"
        ],
        "Content-Length": [
          "686"
        ],
        "Content-Type": [
          "application/json; charset=utf-8"
        ],
        "Expires": [
          "-1"
        ]
      },
      "ResponseBody": "{\r\n  \"properties\": {\r\n    \"provisioningState\": \"Succeeded\",\r\n    \"endpoint\": \"https://pstestdomain-ps7636.westcentralus-1.eventgrid.azure.net/api/events\",\r\n    \"inputSchema\": \"CloudEventSchemaV1_0\",\r\n    \"metricResourceId\": \"57dc31aa-63fd-4666-8016-66c75a86e7a3\",\r\n    \"publicNetworkAccess\": \"Enabled\",\r\n    \"disableLocalAuth\": false,\r\n    \"autoCreateTopicWithFirstSubscription\": false,\r\n    \"autoDeleteTopicWithLastSubscription\": false,\r\n    \"dataResidencyBoundary\": \"WithinGeopair\"\r\n  },\r\n  \"systemData\": null,\r\n  \"location\": \"westcentralus\",\r\n  \"tags\": null,\r\n  \"id\": \"/subscriptions/5b4b650e-28b9-4790-b3ab-ddbd88d727c4/resourceGroups/RGName-ps7943/providers/Microsoft.EventGrid/domains/PSTestDomain-ps7636\",\r\n  \"name\": \"PSTestDomain-ps7636\",\r\n  \"type\": \"Microsoft.EventGrid/domains\"\r\n}",
      "StatusCode": 200
    },
    {
      "RequestUri": "/subscriptions/5b4b650e-28b9-4790-b3ab-ddbd88d727c4/resourceGroups/RGName-ps7943/providers/Microsoft.EventGrid/domains/PSTestDomain-ps7636?api-version=2022-06-15",
      "EncodedRequestUri": "L3N1YnNjcmlwdGlvbnMvNWI0YjY1MGUtMjhiOS00NzkwLWIzYWItZGRiZDg4ZDcyN2M0L3Jlc291cmNlR3JvdXBzL1JHTmFtZS1wczc5NDMvcHJvdmlkZXJzL01pY3Jvc29mdC5FdmVudEdyaWQvZG9tYWlucy9QU1Rlc3REb21haW4tcHM3NjM2P2FwaS12ZXJzaW9uPTIwMjItMDYtMTU=",
      "RequestMethod": "GET",
      "RequestHeaders": {
        "x-ms-client-request-id": [
          "3593a7dd-f34f-46a5-aa23-02099fdbe09a"
        ],
        "Accept-Language": [
          "en-US"
        ],
        "User-Agent": [
          "FxVersion/4.700.22.41602",
          "OSName/Windows",
          "OSVersion/Microsoft.Windows.10.0.22621",
          "Microsoft.Azure.Management.EventGrid.EventGridManagementClient/8.0.0.0"
        ]
      },
      "RequestBody": "",
      "ResponseHeaders": {
        "Cache-Control": [
          "no-cache"
        ],
        "Pragma": [
          "no-cache"
        ],
        "Strict-Transport-Security": [
          "max-age=31536000; includeSubDomains"
        ],
        "x-ms-request-id": [
          "6a829e00-e8be-48d4-81b5-740b27c73c50"
        ],
        "Server": [
          "Microsoft-HTTPAPI/2.0"
        ],
        "x-ms-ratelimit-remaining-subscription-reads": [
          "11999"
        ],
        "x-ms-correlation-request-id": [
          "9e14262b-53b7-496c-a3d1-8b21c6e4b412"
        ],
        "x-ms-routing-request-id": [
          "WESTUS2:20221006T020543Z:9e14262b-53b7-496c-a3d1-8b21c6e4b412"
        ],
        "X-Content-Type-Options": [
          "nosniff"
        ],
        "Date": [
          "Thu, 06 Oct 2022 02:05:43 GMT"
        ],
        "Content-Length": [
          "686"
        ],
        "Content-Type": [
          "application/json; charset=utf-8"
        ],
        "Expires": [
          "-1"
        ]
      },
      "ResponseBody": "{\r\n  \"properties\": {\r\n    \"provisioningState\": \"Succeeded\",\r\n    \"endpoint\": \"https://pstestdomain-ps7636.westcentralus-1.eventgrid.azure.net/api/events\",\r\n    \"inputSchema\": \"CloudEventSchemaV1_0\",\r\n    \"metricResourceId\": \"57dc31aa-63fd-4666-8016-66c75a86e7a3\",\r\n    \"publicNetworkAccess\": \"Enabled\",\r\n    \"disableLocalAuth\": false,\r\n    \"autoCreateTopicWithFirstSubscription\": false,\r\n    \"autoDeleteTopicWithLastSubscription\": false,\r\n    \"dataResidencyBoundary\": \"WithinGeopair\"\r\n  },\r\n  \"systemData\": null,\r\n  \"location\": \"westcentralus\",\r\n  \"tags\": null,\r\n  \"id\": \"/subscriptions/5b4b650e-28b9-4790-b3ab-ddbd88d727c4/resourceGroups/RGName-ps7943/providers/Microsoft.EventGrid/domains/PSTestDomain-ps7636\",\r\n  \"name\": \"PSTestDomain-ps7636\",\r\n  \"type\": \"Microsoft.EventGrid/domains\"\r\n}",
      "StatusCode": 200
    },
    {
      "RequestUri": "/subscriptions/5b4b650e-28b9-4790-b3ab-ddbd88d727c4/resourceGroups/RGName-ps7943/providers/Microsoft.EventGrid/domains/PSTestDomain-ps4165?api-version=2022-06-15",
      "EncodedRequestUri": "L3N1YnNjcmlwdGlvbnMvNWI0YjY1MGUtMjhiOS00NzkwLWIzYWItZGRiZDg4ZDcyN2M0L3Jlc291cmNlR3JvdXBzL1JHTmFtZS1wczc5NDMvcHJvdmlkZXJzL01pY3Jvc29mdC5FdmVudEdyaWQvZG9tYWlucy9QU1Rlc3REb21haW4tcHM0MTY1P2FwaS12ZXJzaW9uPTIwMjItMDYtMTU=",
      "RequestMethod": "PUT",
      "RequestHeaders": {
        "x-ms-client-request-id": [
          "c8d6262a-2631-4ea0-9b0a-ed39d6515c01"
        ],
        "Accept-Language": [
          "en-US"
        ],
        "User-Agent": [
          "FxVersion/4.700.22.41602",
          "OSName/Windows",
          "OSVersion/Microsoft.Windows.10.0.22621",
          "Microsoft.Azure.Management.EventGrid.EventGridManagementClient/8.0.0.0"
        ],
        "Content-Type": [
          "application/json; charset=utf-8"
        ],
        "Content-Length": [
          "277"
        ]
      },
      "RequestBody": "{\r\n  \"properties\": {\r\n    \"inputSchema\": \"ClOudEveNtSCHemav1_0\",\r\n    \"publicNetworkAccess\": \"enabled\",\r\n    \"disableLocalAuth\": false,\r\n    \"autoCreateTopicWithFirstSubscription\": false,\r\n    \"autoDeleteTopicWithLastSubscription\": false\r\n  },\r\n  \"location\": \"westcentralus\"\r\n}",
      "ResponseHeaders": {
        "Cache-Control": [
          "no-cache"
        ],
        "Pragma": [
          "no-cache"
        ],
        "Retry-After": [
          "10"
        ],
        "Strict-Transport-Security": [
          "max-age=31536000; includeSubDomains"
        ],
        "Azure-AsyncOperation": [
          "https://management.azure.com:443/subscriptions/5b4b650e-28b9-4790-b3ab-ddbd88d727c4/providers/Microsoft.EventGrid/locations/westcentralus/operationsStatus/1FED076A-A265-4874-AF02-04A096966C5D?api-version=2022-06-15"
        ],
        "x-ms-request-id": [
          "5a8f8310-57ef-4495-bd18-562b64d6151b"
        ],
        "Server": [
          "Microsoft-HTTPAPI/2.0"
        ],
        "x-ms-ratelimit-remaining-subscription-writes": [
          "1199"
        ],
        "x-ms-correlation-request-id": [
          "14f6c243-fdfc-4065-95f4-d1804f9734d2"
        ],
        "x-ms-routing-request-id": [
          "WESTUS2:20221006T020533Z:14f6c243-fdfc-4065-95f4-d1804f9734d2"
        ],
        "X-Content-Type-Options": [
          "nosniff"
        ],
        "Date": [
          "Thu, 06 Oct 2022 02:05:32 GMT"
        ],
        "Content-Length": [
          "515"
        ],
        "Content-Type": [
          "application/json; charset=utf-8"
        ],
        "Expires": [
          "-1"
        ]
      },
      "ResponseBody": "{\r\n  \"properties\": {\r\n    \"provisioningState\": \"Creating\",\r\n    \"endpoint\": null,\r\n    \"inputSchema\": \"CloudEventSchemaV1_0\",\r\n    \"publicNetworkAccess\": \"Enabled\",\r\n    \"disableLocalAuth\": false,\r\n    \"autoCreateTopicWithFirstSubscription\": false,\r\n    \"autoDeleteTopicWithLastSubscription\": false\r\n  },\r\n  \"systemData\": null,\r\n  \"location\": \"westcentralus\",\r\n  \"tags\": null,\r\n  \"id\": \"/subscriptions/5b4b650e-28b9-4790-b3ab-ddbd88d727c4/resourceGroups/RGName-ps7943/providers/Microsoft.EventGrid/domains/PSTestDomain-ps4165\",\r\n  \"name\": \"PSTestDomain-ps4165\",\r\n  \"type\": \"Microsoft.EventGrid/domains\"\r\n}",
      "StatusCode": 201
    },
    {
      "RequestUri": "/subscriptions/5b4b650e-28b9-4790-b3ab-ddbd88d727c4/providers/Microsoft.EventGrid/locations/westcentralus/operationsStatus/1FED076A-A265-4874-AF02-04A096966C5D?api-version=2022-06-15",
      "EncodedRequestUri": "L3N1YnNjcmlwdGlvbnMvNWI0YjY1MGUtMjhiOS00NzkwLWIzYWItZGRiZDg4ZDcyN2M0L3Byb3ZpZGVycy9NaWNyb3NvZnQuRXZlbnRHcmlkL2xvY2F0aW9ucy93ZXN0Y2VudHJhbHVzL29wZXJhdGlvbnNTdGF0dXMvMUZFRDA3NkEtQTI2NS00ODc0LUFGMDItMDRBMDk2OTY2QzVEP2FwaS12ZXJzaW9uPTIwMjItMDYtMTU=",
      "RequestMethod": "GET",
      "RequestHeaders": {
        "x-ms-client-request-id": [
          "c8d6262a-2631-4ea0-9b0a-ed39d6515c01"
        ],
        "User-Agent": [
          "FxVersion/4.700.22.41602",
          "OSName/Windows",
          "OSVersion/Microsoft.Windows.10.0.22621",
          "Microsoft.Azure.Management.EventGrid.EventGridManagementClient/8.0.0.0"
        ]
      },
      "RequestBody": "",
      "ResponseHeaders": {
        "Cache-Control": [
          "no-cache"
        ],
        "Pragma": [
          "no-cache"
        ],
        "Strict-Transport-Security": [
          "max-age=31536000; includeSubDomains"
        ],
        "x-ms-request-id": [
          "f45ea952-43c4-4aac-945f-47639cffb0f4"
        ],
        "Server": [
          "Microsoft-HTTPAPI/2.0"
        ],
        "x-ms-ratelimit-remaining-subscription-reads": [
          "11999"
        ],
        "x-ms-correlation-request-id": [
          "78cd458e-0339-42c6-a9e6-af7a0f1f600f"
        ],
        "x-ms-routing-request-id": [
          "WESTUS2:20221006T020543Z:78cd458e-0339-42c6-a9e6-af7a0f1f600f"
        ],
        "X-Content-Type-Options": [
          "nosniff"
        ],
        "Date": [
          "Thu, 06 Oct 2022 02:05:42 GMT"
        ],
        "Content-Length": [
          "286"
        ],
        "Content-Type": [
          "application/json; charset=utf-8"
        ],
        "Expires": [
          "-1"
        ]
      },
      "ResponseBody": "{\r\n  \"id\": \"https://management.azure.com/subscriptions/5b4b650e-28b9-4790-b3ab-ddbd88d727c4/providers/Microsoft.EventGrid/locations/westcentralus/operationsStatus/1FED076A-A265-4874-AF02-04A096966C5D?api-version=2022-06-15\",\r\n  \"name\": \"1fed076a-a265-4874-af02-04a096966c5d\",\r\n  \"status\": \"Succeeded\"\r\n}",
      "StatusCode": 200
    },
    {
      "RequestUri": "/subscriptions/5b4b650e-28b9-4790-b3ab-ddbd88d727c4/resourceGroups/RGName-ps7943/providers/Microsoft.EventGrid/domains/PSTestDomain-ps4165?api-version=2022-06-15",
      "EncodedRequestUri": "L3N1YnNjcmlwdGlvbnMvNWI0YjY1MGUtMjhiOS00NzkwLWIzYWItZGRiZDg4ZDcyN2M0L3Jlc291cmNlR3JvdXBzL1JHTmFtZS1wczc5NDMvcHJvdmlkZXJzL01pY3Jvc29mdC5FdmVudEdyaWQvZG9tYWlucy9QU1Rlc3REb21haW4tcHM0MTY1P2FwaS12ZXJzaW9uPTIwMjItMDYtMTU=",
      "RequestMethod": "GET",
      "RequestHeaders": {
        "x-ms-client-request-id": [
          "c8d6262a-2631-4ea0-9b0a-ed39d6515c01"
        ],
        "User-Agent": [
          "FxVersion/4.700.22.41602",
          "OSName/Windows",
          "OSVersion/Microsoft.Windows.10.0.22621",
          "Microsoft.Azure.Management.EventGrid.EventGridManagementClient/8.0.0.0"
        ]
      },
      "RequestBody": "",
      "ResponseHeaders": {
        "Cache-Control": [
          "no-cache"
        ],
        "Pragma": [
          "no-cache"
        ],
        "Strict-Transport-Security": [
          "max-age=31536000; includeSubDomains"
        ],
        "x-ms-request-id": [
          "ce7f9c8e-b793-4578-abf6-e98285068f17"
        ],
        "Server": [
          "Microsoft-HTTPAPI/2.0"
        ],
        "x-ms-ratelimit-remaining-subscription-reads": [
          "11998"
        ],
        "x-ms-correlation-request-id": [
          "e9896ad5-f044-44df-bb55-0d67b810d1fe"
        ],
        "x-ms-routing-request-id": [
          "WESTUS2:20221006T020543Z:e9896ad5-f044-44df-bb55-0d67b810d1fe"
        ],
        "X-Content-Type-Options": [
          "nosniff"
        ],
        "Date": [
          "Thu, 06 Oct 2022 02:05:42 GMT"
        ],
        "Content-Length": [
          "686"
        ],
        "Content-Type": [
          "application/json; charset=utf-8"
        ],
        "Expires": [
          "-1"
        ]
      },
      "ResponseBody": "{\r\n  \"properties\": {\r\n    \"provisioningState\": \"Succeeded\",\r\n    \"endpoint\": \"https://pstestdomain-ps4165.westcentralus-1.eventgrid.azure.net/api/events\",\r\n    \"inputSchema\": \"CloudEventSchemaV1_0\",\r\n    \"metricResourceId\": \"9bd13a21-dc73-4ef2-a6c4-c44f9c7b50c3\",\r\n    \"publicNetworkAccess\": \"Enabled\",\r\n    \"disableLocalAuth\": false,\r\n    \"autoCreateTopicWithFirstSubscription\": false,\r\n    \"autoDeleteTopicWithLastSubscription\": false,\r\n    \"dataResidencyBoundary\": \"WithinGeopair\"\r\n  },\r\n  \"systemData\": null,\r\n  \"location\": \"westcentralus\",\r\n  \"tags\": null,\r\n  \"id\": \"/subscriptions/5b4b650e-28b9-4790-b3ab-ddbd88d727c4/resourceGroups/RGName-ps7943/providers/Microsoft.EventGrid/domains/PSTestDomain-ps4165\",\r\n  \"name\": \"PSTestDomain-ps4165\",\r\n  \"type\": \"Microsoft.EventGrid/domains\"\r\n}",
      "StatusCode": 200
    },
    {
      "RequestUri": "/subscriptions/5b4b650e-28b9-4790-b3ab-ddbd88d727c4/resourceGroups/RGName-ps7943/providers/Microsoft.EventGrid/domains?api-version=2022-06-15",
      "EncodedRequestUri": "L3N1YnNjcmlwdGlvbnMvNWI0YjY1MGUtMjhiOS00NzkwLWIzYWItZGRiZDg4ZDcyN2M0L3Jlc291cmNlR3JvdXBzL1JHTmFtZS1wczc5NDMvcHJvdmlkZXJzL01pY3Jvc29mdC5FdmVudEdyaWQvZG9tYWlucz9hcGktdmVyc2lvbj0yMDIyLTA2LTE1",
      "RequestMethod": "GET",
      "RequestHeaders": {
        "x-ms-client-request-id": [
          "70e4c3f4-2f76-4601-b9a7-41a962177fe3"
        ],
        "Accept-Language": [
          "en-US"
        ],
        "User-Agent": [
          "FxVersion/4.700.22.41602",
          "OSName/Windows",
          "OSVersion/Microsoft.Windows.10.0.22621",
          "Microsoft.Azure.Management.EventGrid.EventGridManagementClient/8.0.0.0"
        ]
      },
      "RequestBody": "",
      "ResponseHeaders": {
        "Cache-Control": [
          "no-cache"
        ],
        "Pragma": [
          "no-cache"
        ],
        "Strict-Transport-Security": [
          "max-age=31536000; includeSubDomains"
        ],
        "x-ms-request-id": [
          "7d106ed5-f5c5-405b-a824-f5fbb61aa681"
        ],
        "Server": [
          "Microsoft-HTTPAPI/2.0"
        ],
        "x-ms-ratelimit-remaining-subscription-reads": [
          "11999"
        ],
        "x-ms-correlation-request-id": [
          "61158f68-04fe-4621-8987-13a216b2452b"
        ],
        "x-ms-routing-request-id": [
          "WESTUS2:20221006T020544Z:61158f68-04fe-4621-8987-13a216b2452b"
        ],
        "X-Content-Type-Options": [
          "nosniff"
        ],
        "Date": [
          "Thu, 06 Oct 2022 02:05:43 GMT"
        ],
        "Content-Length": [
          "2770"
        ],
        "Content-Type": [
          "application/json; charset=utf-8"
        ],
        "Expires": [
          "-1"
        ]
      },
      "ResponseBody": "{\r\n  \"value\": [\r\n    {\r\n      \"properties\": {\r\n        \"provisioningState\": \"Succeeded\",\r\n        \"endpoint\": \"https://pstestdomain-ps5018.westcentralus-1.eventgrid.azure.net/api/events\",\r\n        \"inputSchema\": \"EventGridSchema\",\r\n        \"metricResourceId\": \"42da169c-69e6-49aa-b279-297c4a74ec46\",\r\n        \"publicNetworkAccess\": \"Enabled\",\r\n        \"disableLocalAuth\": false,\r\n        \"autoCreateTopicWithFirstSubscription\": false,\r\n        \"autoDeleteTopicWithLastSubscription\": false,\r\n        \"dataResidencyBoundary\": \"WithinGeopair\"\r\n      },\r\n      \"systemData\": null,\r\n      \"location\": \"westcentralus\",\r\n      \"tags\": null,\r\n      \"id\": \"/subscriptions/5b4b650e-28b9-4790-b3ab-ddbd88d727c4/resourceGroups/RGName-ps7943/providers/Microsoft.EventGrid/domains/PSTestDomain-ps5018\",\r\n      \"name\": \"PSTestDomain-ps5018\",\r\n      \"type\": \"Microsoft.EventGrid/domains\"\r\n    },\r\n    {\r\n      \"properties\": {\r\n        \"provisioningState\": \"Succeeded\",\r\n        \"endpoint\": \"https://pstestdomain-ps6.westcentralus-1.eventgrid.azure.net/api/events\",\r\n        \"inputSchema\": \"EventGridSchema\",\r\n        \"metricResourceId\": \"93619799-32af-42f5-9a63-db265c88694c\",\r\n        \"publicNetworkAccess\": \"Enabled\",\r\n        \"disableLocalAuth\": false,\r\n        \"autoCreateTopicWithFirstSubscription\": false,\r\n        \"autoDeleteTopicWithLastSubscription\": false,\r\n        \"dataResidencyBoundary\": \"WithinGeopair\"\r\n      },\r\n      \"systemData\": null,\r\n      \"location\": \"westcentralus\",\r\n      \"tags\": {\r\n        \"Environment\": \"Test\",\r\n        \"Dept\": \"IT\"\r\n      },\r\n      \"id\": \"/subscriptions/5b4b650e-28b9-4790-b3ab-ddbd88d727c4/resourceGroups/RGName-ps7943/providers/Microsoft.EventGrid/domains/PSTestDomain-ps6\",\r\n      \"name\": \"PSTestDomain-ps6\",\r\n      \"type\": \"Microsoft.EventGrid/domains\"\r\n    },\r\n    {\r\n      \"properties\": {\r\n        \"provisioningState\": \"Succeeded\",\r\n        \"endpoint\": \"https://pstestdomain-ps7636.westcentralus-1.eventgrid.azure.net/api/events\",\r\n        \"inputSchema\": \"CloudEventSchemaV1_0\",\r\n        \"metricResourceId\": \"57dc31aa-63fd-4666-8016-66c75a86e7a3\",\r\n        \"publicNetworkAccess\": \"Enabled\",\r\n        \"disableLocalAuth\": false,\r\n        \"autoCreateTopicWithFirstSubscription\": false,\r\n        \"autoDeleteTopicWithLastSubscription\": false,\r\n        \"dataResidencyBoundary\": \"WithinGeopair\"\r\n      },\r\n      \"systemData\": null,\r\n      \"location\": \"westcentralus\",\r\n      \"tags\": null,\r\n      \"id\": \"/subscriptions/5b4b650e-28b9-4790-b3ab-ddbd88d727c4/resourceGroups/RGName-ps7943/providers/Microsoft.EventGrid/domains/PSTestDomain-ps7636\",\r\n      \"name\": \"PSTestDomain-ps7636\",\r\n      \"type\": \"Microsoft.EventGrid/domains\"\r\n    },\r\n    {\r\n      \"properties\": {\r\n        \"provisioningState\": \"Succeeded\",\r\n        \"endpoint\": \"https://pstestdomain-ps4165.westcentralus-1.eventgrid.azure.net/api/events\",\r\n        \"inputSchema\": \"CloudEventSchemaV1_0\",\r\n        \"metricResourceId\": \"9bd13a21-dc73-4ef2-a6c4-c44f9c7b50c3\",\r\n        \"publicNetworkAccess\": \"Enabled\",\r\n        \"disableLocalAuth\": false,\r\n        \"autoCreateTopicWithFirstSubscription\": false,\r\n        \"autoDeleteTopicWithLastSubscription\": false,\r\n        \"dataResidencyBoundary\": \"WithinGeopair\"\r\n      },\r\n      \"systemData\": null,\r\n      \"location\": \"westcentralus\",\r\n      \"tags\": null,\r\n      \"id\": \"/subscriptions/5b4b650e-28b9-4790-b3ab-ddbd88d727c4/resourceGroups/RGName-ps7943/providers/Microsoft.EventGrid/domains/PSTestDomain-ps4165\",\r\n      \"name\": \"PSTestDomain-ps4165\",\r\n      \"type\": \"Microsoft.EventGrid/domains\"\r\n    }\r\n  ]\r\n}",
      "StatusCode": 200
    },
    {
      "RequestUri": "/subscriptions/5b4b650e-28b9-4790-b3ab-ddbd88d727c4/resourceGroups/RGName-ps7943/providers/Microsoft.EventGrid/domains?api-version=2022-06-15",
      "EncodedRequestUri": "L3N1YnNjcmlwdGlvbnMvNWI0YjY1MGUtMjhiOS00NzkwLWIzYWItZGRiZDg4ZDcyN2M0L3Jlc291cmNlR3JvdXBzL1JHTmFtZS1wczc5NDMvcHJvdmlkZXJzL01pY3Jvc29mdC5FdmVudEdyaWQvZG9tYWlucz9hcGktdmVyc2lvbj0yMDIyLTA2LTE1",
      "RequestMethod": "GET",
      "RequestHeaders": {
        "x-ms-client-request-id": [
          "e81b6960-0ddd-40df-9e92-28782fe2bb44"
        ],
        "Accept-Language": [
          "en-US"
        ],
        "User-Agent": [
          "FxVersion/4.700.22.41602",
          "OSName/Windows",
          "OSVersion/Microsoft.Windows.10.0.22621",
          "Microsoft.Azure.Management.EventGrid.EventGridManagementClient/8.0.0.0"
        ]
      },
      "RequestBody": "",
      "ResponseHeaders": {
        "Cache-Control": [
          "no-cache"
        ],
        "Pragma": [
          "no-cache"
        ],
        "Strict-Transport-Security": [
          "max-age=31536000; includeSubDomains"
        ],
        "x-ms-request-id": [
          "e5da58e7-5fe2-46c3-bb5d-b20c9b53b50e"
        ],
        "Server": [
          "Microsoft-HTTPAPI/2.0"
        ],
        "x-ms-ratelimit-remaining-subscription-reads": [
          "11999"
        ],
        "x-ms-correlation-request-id": [
          "a1ff70ac-c79c-4697-912a-de3092f10dfc"
        ],
        "x-ms-routing-request-id": [
          "WESTUS2:20221006T020718Z:a1ff70ac-c79c-4697-912a-de3092f10dfc"
        ],
        "X-Content-Type-Options": [
          "nosniff"
        ],
        "Date": [
          "Thu, 06 Oct 2022 02:07:17 GMT"
        ],
        "Content-Length": [
          "12"
        ],
        "Content-Type": [
          "application/json; charset=utf-8"
        ],
        "Expires": [
          "-1"
        ]
      },
      "ResponseBody": "{\r\n  \"value\": []\r\n}",
      "StatusCode": 200
    },
    {
      "RequestUri": "/subscriptions/5b4b650e-28b9-4790-b3ab-ddbd88d727c4/resourceGroups/RGName-ps7943/providers/Microsoft.EventGrid/domains?api-version=2022-06-15",
      "EncodedRequestUri": "L3N1YnNjcmlwdGlvbnMvNWI0YjY1MGUtMjhiOS00NzkwLWIzYWItZGRiZDg4ZDcyN2M0L3Jlc291cmNlR3JvdXBzL1JHTmFtZS1wczc5NDMvcHJvdmlkZXJzL01pY3Jvc29mdC5FdmVudEdyaWQvZG9tYWlucz9hcGktdmVyc2lvbj0yMDIyLTA2LTE1",
      "RequestMethod": "GET",
      "RequestHeaders": {
        "x-ms-client-request-id": [
          "37892762-9a78-4c97-97b1-3124d63b7635"
        ],
        "Accept-Language": [
          "en-US"
        ],
        "User-Agent": [
          "FxVersion/4.700.22.41602",
          "OSName/Windows",
          "OSVersion/Microsoft.Windows.10.0.22621",
          "Microsoft.Azure.Management.EventGrid.EventGridManagementClient/8.0.0.0"
        ]
      },
      "RequestBody": "",
      "ResponseHeaders": {
        "Cache-Control": [
          "no-cache"
        ],
        "Pragma": [
          "no-cache"
        ],
        "Strict-Transport-Security": [
          "max-age=31536000; includeSubDomains"
        ],
        "x-ms-request-id": [
          "b73f3d7b-e309-4f0e-a89c-c055ae9126d4"
        ],
        "Server": [
          "Microsoft-HTTPAPI/2.0"
        ],
        "x-ms-ratelimit-remaining-subscription-reads": [
          "11999"
        ],
        "x-ms-correlation-request-id": [
          "7901420a-2402-43a0-9fa7-3a80dde47004"
        ],
        "x-ms-routing-request-id": [
          "WESTUS2:20221006T020718Z:7901420a-2402-43a0-9fa7-3a80dde47004"
        ],
        "X-Content-Type-Options": [
          "nosniff"
        ],
        "Date": [
          "Thu, 06 Oct 2022 02:07:18 GMT"
        ],
        "Content-Length": [
          "12"
        ],
        "Content-Type": [
          "application/json; charset=utf-8"
        ],
        "Expires": [
          "-1"
        ]
      },
      "ResponseBody": "{\r\n  \"value\": []\r\n}",
      "StatusCode": 200
    },
    {
      "RequestUri": "/subscriptions/5b4b650e-28b9-4790-b3ab-ddbd88d727c4/providers/Microsoft.EventGrid/domains?api-version=2022-06-15",
      "EncodedRequestUri": "L3N1YnNjcmlwdGlvbnMvNWI0YjY1MGUtMjhiOS00NzkwLWIzYWItZGRiZDg4ZDcyN2M0L3Byb3ZpZGVycy9NaWNyb3NvZnQuRXZlbnRHcmlkL2RvbWFpbnM/YXBpLXZlcnNpb249MjAyMi0wNi0xNQ==",
      "RequestMethod": "GET",
      "RequestHeaders": {
        "x-ms-client-request-id": [
          "52b04b23-d88f-4eb2-bb08-d472c397245d"
        ],
        "Accept-Language": [
          "en-US"
        ],
        "User-Agent": [
          "FxVersion/4.700.22.41602",
          "OSName/Windows",
          "OSVersion/Microsoft.Windows.10.0.22621",
          "Microsoft.Azure.Management.EventGrid.EventGridManagementClient/8.0.0.0"
        ]
      },
      "RequestBody": "",
      "ResponseHeaders": {
        "Cache-Control": [
          "no-cache"
        ],
        "Pragma": [
          "no-cache"
        ],
        "x-ms-original-request-ids": [
          "3996a384-6405-4da1-90aa-4a4c529900a9",
          "ec6d32e1-0a15-4a03-9693-bd8baf5d4f4f",
          "d7905428-56af-40fe-a24d-be4139a0eeac",
          "9e4b8b6e-9a1b-4c2b-8841-3f15c047c86f",
          "97851c42-539f-4258-9713-f4de4b5f2204",
          "5040dff0-5264-4ae0-bf4a-283ef5aa9702",
          "a8307fd7-57d0-4bf8-a221-8c6ebe660575",
          "86724e55-2d81-4962-83ea-ba97a0a243bf",
          "83adceae-3112-42c8-96ee-c1c0b6e1d03d",
          "bddeb06d-2c65-47c4-bd9e-04d43a9c68ef",
          "17a7e419-c817-4782-846f-b8d0c6531bfc",
          "85685894-1b04-41bf-9bb4-d3ab422a1794",
          "bcb84131-e9bf-41cc-9b2a-8f3af1bac4ac",
          "a8c6ba0d-f3cf-4a62-b749-8f8107c3d9a1"
        ],
        "x-ms-ratelimit-remaining-subscription-reads": [
          "11999"
        ],
        "x-ms-request-id": [
          "33510770-b595-48ef-a6c8-a09a3f12bca2"
        ],
        "x-ms-correlation-request-id": [
          "33510770-b595-48ef-a6c8-a09a3f12bca2"
        ],
        "x-ms-routing-request-id": [
          "WESTUS2:20221006T020545Z:33510770-b595-48ef-a6c8-a09a3f12bca2"
        ],
        "Strict-Transport-Security": [
          "max-age=31536000; includeSubDomains"
        ],
        "X-Content-Type-Options": [
          "nosniff"
        ],
        "Date": [
          "Thu, 06 Oct 2022 02:05:45 GMT"
        ],
        "Content-Type": [
          "application/json; charset=utf-8"
        ],
        "Expires": [
          "-1"
        ],
        "Content-Length": [
          "30313"
        ]
      },
      "ResponseBody": "{\r\n  \"value\": [\r\n    {\r\n      \"properties\": {\r\n        \"provisioningState\": \"Succeeded\",\r\n        \"endpoint\": \"https://testdomain3.westus2-1.eventgrid.azure.net/api/events\",\r\n        \"inputSchema\": \"EventGridSchema\",\r\n        \"metricResourceId\": \"8c2c8d2b-d07d-43a0-a9c7-1118cfa23fe5\",\r\n        \"publicNetworkAccess\": \"Enabled\",\r\n        \"dataResidencyBoundary\": \"WithinGeopair\"\r\n      },\r\n      \"identity\": {\r\n        \"type\": \"SystemAssigned\",\r\n        \"principalId\": \"405c34b5-6a06-4fa7-b278-84da4f864ac4\",\r\n        \"tenantId\": \"72f988bf-86f1-41af-91ab-2d7cd011db47\",\r\n        \"userAssignedIdentities\": null\r\n      },\r\n      \"systemData\": null,\r\n      \"location\": \"westus2\",\r\n      \"tags\": {\r\n        \"{tag1\": \"value1}\"\r\n      },\r\n      \"id\": \"/subscriptions/5b4b650e-28b9-4790-b3ab-ddbd88d727c4/resourceGroups/amh/providers/Microsoft.EventGrid/domains/testDomain3\",\r\n      \"name\": \"testDomain3\",\r\n      \"type\": \"Microsoft.EventGrid/domains\"\r\n    },\r\n    {\r\n      \"properties\": {\r\n        \"provisioningState\": \"Succeeded\",\r\n        \"endpoint\": \"https://kishdomain1.westus2-1.eventgrid.azure.net/api/events\",\r\n        \"inputSchema\": \"EventGridSchema\",\r\n        \"metricResourceId\": \"f07ee48b-b4a4-40ea-ba28-5f915355af3d\",\r\n        \"publicNetworkAccess\": \"Enabled\",\r\n        \"dataResidencyBoundary\": \"WithinGeopair\"\r\n      },\r\n      \"identity\": {\r\n        \"type\": \"None\",\r\n        \"principalId\": null,\r\n        \"tenantId\": null,\r\n        \"userAssignedIdentities\": null\r\n      },\r\n      \"systemData\": null,\r\n      \"location\": \"westus2\",\r\n      \"tags\": {},\r\n      \"id\": \"/subscriptions/5b4b650e-28b9-4790-b3ab-ddbd88d727c4/resourceGroups/kishprg/providers/Microsoft.EventGrid/domains/kishdomain1\",\r\n      \"name\": \"kishdomain1\",\r\n      \"type\": \"Microsoft.EventGrid/domains\"\r\n    },\r\n    {\r\n      \"properties\": {\r\n        \"provisioningState\": \"Succeeded\",\r\n        \"endpoint\": \"https://ahamadeventgriddomain.westus2-1.eventgrid.azure.net/api/events\",\r\n        \"inputSchema\": \"EventGridSchema\",\r\n        \"metricResourceId\": \"6df52b28-39cf-4077-a674-bc841fbbce07\",\r\n        \"publicNetworkAccess\": \"Enabled\",\r\n        \"dataResidencyBoundary\": \"WithinGeopair\"\r\n      },\r\n      \"systemData\": null,\r\n      \"location\": \"westus2\",\r\n      \"tags\": null,\r\n      \"id\": \"/subscriptions/5b4b650e-28b9-4790-b3ab-ddbd88d727c4/resourceGroups/rg-ahamadeventgrid/providers/Microsoft.EventGrid/domains/ahamadeventgriddomain\",\r\n      \"name\": \"ahamadeventgriddomain\",\r\n      \"type\": \"Microsoft.EventGrid/domains\"\r\n    },\r\n    {\r\n      \"properties\": {\r\n        \"provisioningState\": \"Succeeded\",\r\n        \"endpoint\": \"https://diagnosticlogdomains.eastus-1.eventgrid.azure.net/api/events\",\r\n        \"inputSchema\": \"EventGridSchema\",\r\n        \"metricResourceId\": \"69562a94-5c1e-42e8-bb7d-a04fff9363b0\",\r\n        \"publicNetworkAccess\": \"Enabled\",\r\n        \"dataResidencyBoundary\": \"WithinGeopair\"\r\n      },\r\n      \"systemData\": null,\r\n      \"location\": \"eastus\",\r\n      \"tags\": null,\r\n      \"id\": \"/subscriptions/5b4b650e-28b9-4790-b3ab-ddbd88d727c4/resourceGroups/diagnosticlogstestingtobedeleted/providers/Microsoft.EventGrid/domains/diagnosticlogdomains\",\r\n      \"name\": \"diagnosticlogdomains\",\r\n      \"type\": \"Microsoft.EventGrid/domains\"\r\n    },\r\n    {\r\n      \"properties\": {\r\n        \"provisioningState\": \"Succeeded\",\r\n        \"endpoint\": \"https://testdomainpermission.eastus-1.eventgrid.azure.net/api/events\",\r\n        \"inputSchema\": \"EventGridSchema\",\r\n        \"metricResourceId\": \"a660ee42-0140-4bc0-8eda-6b1abdd42182\",\r\n        \"publicNetworkAccess\": \"Enabled\",\r\n        \"dataResidencyBoundary\": \"WithinGeopair\"\r\n      },\r\n      \"identity\": {\r\n        \"type\": \"SystemAssigned\",\r\n        \"principalId\": \"38fc1d76-d88e-46fb-a8ea-0427e9155a63\",\r\n        \"tenantId\": \"72f988bf-86f1-41af-91ab-2d7cd011db47\",\r\n        \"userAssignedIdentities\": null\r\n      },\r\n      \"systemData\": null,\r\n      \"location\": \"eastus\",\r\n      \"tags\": null,\r\n      \"id\": \"/subscriptions/5b4b650e-28b9-4790-b3ab-ddbd88d727c4/resourceGroups/amh/providers/Microsoft.EventGrid/domains/testDomainPermission\",\r\n      \"name\": \"testDomainPermission\",\r\n      \"type\": \"Microsoft.EventGrid/domains\"\r\n    },\r\n    {\r\n      \"properties\": {\r\n        \"provisioningState\": \"Succeeded\",\r\n        \"endpoint\": \"https://msi-test.westus-1.eventgrid.azure.net/api/events\",\r\n        \"inputSchema\": \"EventGridSchema\",\r\n        \"metricResourceId\": \"b3c2ce3f-f055-4fd0-9f32-3ff45a89d474\",\r\n        \"publicNetworkAccess\": \"Enabled\",\r\n        \"dataResidencyBoundary\": \"WithinGeopair\"\r\n      },\r\n      \"identity\": {\r\n        \"type\": \"SystemAssigned\",\r\n        \"principalId\": \"6b1a416a-f09f-40f3-bc8f-3f909de0ab7f\",\r\n        \"tenantId\": \"72f988bf-86f1-41af-91ab-2d7cd011db47\",\r\n        \"userAssignedIdentities\": null\r\n      },\r\n      \"systemData\": null,\r\n      \"location\": \"westus\",\r\n      \"tags\": {},\r\n      \"id\": \"/subscriptions/5b4b650e-28b9-4790-b3ab-ddbd88d727c4/resourceGroups/msi/providers/Microsoft.EventGrid/domains/msi-test\",\r\n      \"name\": \"msi-test\",\r\n      \"type\": \"Microsoft.EventGrid/domains\"\r\n    },\r\n    {\r\n      \"properties\": {\r\n        \"provisioningState\": \"Succeeded\",\r\n        \"endpoint\": \"https://bneff-domain.westus-1.eventgrid.azure.net/api/events\",\r\n        \"inputSchema\": \"EventGridSchema\",\r\n        \"metricResourceId\": \"1014a7db-682c-44b2-9e78-6cdb4da6a959\",\r\n        \"publicNetworkAccess\": \"Enabled\",\r\n        \"inboundIpRules\": [],\r\n        \"disableLocalAuth\": false,\r\n        \"dataResidencyBoundary\": \"WithinGeopair\"\r\n      },\r\n      \"identity\": {\r\n        \"type\": \"None\",\r\n        \"principalId\": null,\r\n        \"tenantId\": null,\r\n        \"userAssignedIdentities\": null\r\n      },\r\n      \"systemData\": null,\r\n      \"location\": \"westus\",\r\n      \"tags\": {},\r\n      \"id\": \"/subscriptions/5b4b650e-28b9-4790-b3ab-ddbd88d727c4/resourceGroups/brandonneff/providers/Microsoft.EventGrid/domains/bneff-domain\",\r\n      \"name\": \"bneff-domain\",\r\n      \"type\": \"Microsoft.EventGrid/domains\"\r\n    },\r\n    {\r\n      \"properties\": {\r\n        \"provisioningState\": \"Succeeded\",\r\n        \"endpoint\": \"https://brandonneff-domain.eastus2-1.eventgrid.azure.net/api/events\",\r\n        \"inputSchema\": \"EventGridSchema\",\r\n        \"metricResourceId\": \"4492d446-3b13-4515-9751-25fcfb32d74f\",\r\n        \"publicNetworkAccess\": \"Enabled\",\r\n        \"disableLocalAuth\": false,\r\n        \"dataResidencyBoundary\": \"WithinGeopair\"\r\n      },\r\n      \"identity\": {\r\n        \"type\": \"None\",\r\n        \"principalId\": null,\r\n        \"tenantId\": null,\r\n        \"userAssignedIdentities\": null\r\n      },\r\n      \"systemData\": null,\r\n      \"location\": \"eastus2\",\r\n      \"tags\": {},\r\n      \"id\": \"/subscriptions/5b4b650e-28b9-4790-b3ab-ddbd88d727c4/resourceGroups/brandonneff-eastus2-dest/providers/Microsoft.EventGrid/domains/brandonneff-domain\",\r\n      \"name\": \"brandonneff-domain\",\r\n      \"type\": \"Microsoft.EventGrid/domains\"\r\n    },\r\n    {\r\n      \"properties\": {\r\n        \"provisioningState\": \"Succeeded\",\r\n        \"endpoint\": \"https://pstestdomain-ps1490.westcentralus-1.eventgrid.azure.net/api/events\",\r\n        \"inputSchema\": \"EventGridSchema\",\r\n        \"metricResourceId\": \"7d59062a-4474-4f55-aaaa-2f2ad857be51\",\r\n        \"publicNetworkAccess\": \"Enabled\",\r\n        \"disableLocalAuth\": false,\r\n        \"autoCreateTopicWithFirstSubscription\": false,\r\n        \"autoDeleteTopicWithLastSubscription\": false,\r\n        \"dataResidencyBoundary\": \"WithinGeopair\"\r\n      },\r\n      \"systemData\": null,\r\n      \"location\": \"westcentralus\",\r\n      \"tags\": null,\r\n      \"id\": \"/subscriptions/5b4b650e-28b9-4790-b3ab-ddbd88d727c4/resourceGroups/RGName-ps9640/providers/Microsoft.EventGrid/domains/PSTestDomain-ps1490\",\r\n      \"name\": \"PSTestDomain-ps1490\",\r\n      \"type\": \"Microsoft.EventGrid/domains\"\r\n    },\r\n    {\r\n      \"properties\": {\r\n        \"provisioningState\": \"Succeeded\",\r\n        \"endpoint\": \"https://pstestdomain-ps7903.westcentralus-1.eventgrid.azure.net/api/events\",\r\n        \"inputSchema\": \"EventGridSchema\",\r\n        \"metricResourceId\": \"2a8d38e9-55c4-4a7d-ab01-fefbe6805269\",\r\n        \"publicNetworkAccess\": \"Enabled\",\r\n        \"disableLocalAuth\": false,\r\n        \"autoCreateTopicWithFirstSubscription\": false,\r\n        \"autoDeleteTopicWithLastSubscription\": false,\r\n        \"dataResidencyBoundary\": \"WithinGeopair\"\r\n      },\r\n      \"systemData\": null,\r\n      \"location\": \"westcentralus\",\r\n      \"tags\": null,\r\n      \"id\": \"/subscriptions/5b4b650e-28b9-4790-b3ab-ddbd88d727c4/resourceGroups/RGName-ps7005/providers/Microsoft.EventGrid/domains/PSTestDomain-ps7903\",\r\n      \"name\": \"PSTestDomain-ps7903\",\r\n      \"type\": \"Microsoft.EventGrid/domains\"\r\n    },\r\n    {\r\n      \"properties\": {\r\n        \"provisioningState\": \"Succeeded\",\r\n        \"endpoint\": \"https://pstestdomain-ps4146.westcentralus-1.eventgrid.azure.net/api/events\",\r\n        \"inputSchema\": \"EventGridSchema\",\r\n        \"metricResourceId\": \"9f1b2881-08a5-4398-8d20-b4acaa7e5ba1\",\r\n        \"publicNetworkAccess\": \"Enabled\",\r\n        \"disableLocalAuth\": false,\r\n        \"autoCreateTopicWithFirstSubscription\": false,\r\n        \"autoDeleteTopicWithLastSubscription\": false,\r\n        \"dataResidencyBoundary\": \"WithinGeopair\"\r\n      },\r\n      \"systemData\": null,\r\n      \"location\": \"westcentralus\",\r\n      \"tags\": null,\r\n      \"id\": \"/subscriptions/5b4b650e-28b9-4790-b3ab-ddbd88d727c4/resourceGroups/RGName-ps1831/providers/Microsoft.EventGrid/domains/PSTestDomain-ps4146\",\r\n      \"name\": \"PSTestDomain-ps4146\",\r\n      \"type\": \"Microsoft.EventGrid/domains\"\r\n    },\r\n    {\r\n      \"properties\": {\r\n        \"provisioningState\": \"Succeeded\",\r\n        \"endpoint\": \"https://pstestdomain-ps5018.westcentralus-1.eventgrid.azure.net/api/events\",\r\n        \"inputSchema\": \"EventGridSchema\",\r\n        \"metricResourceId\": \"42da169c-69e6-49aa-b279-297c4a74ec46\",\r\n        \"publicNetworkAccess\": \"Enabled\",\r\n        \"disableLocalAuth\": false,\r\n        \"autoCreateTopicWithFirstSubscription\": false,\r\n        \"autoDeleteTopicWithLastSubscription\": false,\r\n        \"dataResidencyBoundary\": \"WithinGeopair\"\r\n      },\r\n      \"systemData\": null,\r\n      \"location\": \"westcentralus\",\r\n      \"tags\": null,\r\n      \"id\": \"/subscriptions/5b4b650e-28b9-4790-b3ab-ddbd88d727c4/resourceGroups/RGName-ps7943/providers/Microsoft.EventGrid/domains/PSTestDomain-ps5018\",\r\n      \"name\": \"PSTestDomain-ps5018\",\r\n      \"type\": \"Microsoft.EventGrid/domains\"\r\n    },\r\n    {\r\n      \"properties\": {\r\n        \"provisioningState\": \"Succeeded\",\r\n        \"endpoint\": \"https://pstestdomain-ps6.westcentralus-1.eventgrid.azure.net/api/events\",\r\n        \"inputSchema\": \"EventGridSchema\",\r\n        \"metricResourceId\": \"93619799-32af-42f5-9a63-db265c88694c\",\r\n        \"publicNetworkAccess\": \"Enabled\",\r\n        \"disableLocalAuth\": false,\r\n        \"autoCreateTopicWithFirstSubscription\": false,\r\n        \"autoDeleteTopicWithLastSubscription\": false,\r\n        \"dataResidencyBoundary\": \"WithinGeopair\"\r\n      },\r\n      \"systemData\": null,\r\n      \"location\": \"westcentralus\",\r\n      \"tags\": {\r\n        \"Environment\": \"Test\",\r\n        \"Dept\": \"IT\"\r\n      },\r\n      \"id\": \"/subscriptions/5b4b650e-28b9-4790-b3ab-ddbd88d727c4/resourceGroups/RGName-ps7943/providers/Microsoft.EventGrid/domains/PSTestDomain-ps6\",\r\n      \"name\": \"PSTestDomain-ps6\",\r\n      \"type\": \"Microsoft.EventGrid/domains\"\r\n    },\r\n    {\r\n      \"properties\": {\r\n        \"provisioningState\": \"Succeeded\",\r\n        \"endpoint\": \"https://pstestdomain-ps7636.westcentralus-1.eventgrid.azure.net/api/events\",\r\n        \"inputSchema\": \"CloudEventSchemaV1_0\",\r\n        \"metricResourceId\": \"57dc31aa-63fd-4666-8016-66c75a86e7a3\",\r\n        \"publicNetworkAccess\": \"Enabled\",\r\n        \"disableLocalAuth\": false,\r\n        \"autoCreateTopicWithFirstSubscription\": false,\r\n        \"autoDeleteTopicWithLastSubscription\": false,\r\n        \"dataResidencyBoundary\": \"WithinGeopair\"\r\n      },\r\n      \"systemData\": null,\r\n      \"location\": \"westcentralus\",\r\n      \"tags\": null,\r\n      \"id\": \"/subscriptions/5b4b650e-28b9-4790-b3ab-ddbd88d727c4/resourceGroups/RGName-ps7943/providers/Microsoft.EventGrid/domains/PSTestDomain-ps7636\",\r\n      \"name\": \"PSTestDomain-ps7636\",\r\n      \"type\": \"Microsoft.EventGrid/domains\"\r\n    },\r\n    {\r\n      \"properties\": {\r\n        \"provisioningState\": \"Succeeded\",\r\n        \"endpoint\": \"https://pstestdomain-ps4165.westcentralus-1.eventgrid.azure.net/api/events\",\r\n        \"inputSchema\": \"CloudEventSchemaV1_0\",\r\n        \"metricResourceId\": \"9bd13a21-dc73-4ef2-a6c4-c44f9c7b50c3\",\r\n        \"publicNetworkAccess\": \"Enabled\",\r\n        \"disableLocalAuth\": false,\r\n        \"autoCreateTopicWithFirstSubscription\": false,\r\n        \"autoDeleteTopicWithLastSubscription\": false,\r\n        \"dataResidencyBoundary\": \"WithinGeopair\"\r\n      },\r\n      \"systemData\": null,\r\n      \"location\": \"westcentralus\",\r\n      \"tags\": null,\r\n      \"id\": \"/subscriptions/5b4b650e-28b9-4790-b3ab-ddbd88d727c4/resourceGroups/RGName-ps7943/providers/Microsoft.EventGrid/domains/PSTestDomain-ps4165\",\r\n      \"name\": \"PSTestDomain-ps4165\",\r\n      \"type\": \"Microsoft.EventGrid/domains\"\r\n    },\r\n    {\r\n      \"properties\": {\r\n        \"provisioningState\": \"Succeeded\",\r\n        \"endpoint\": \"https://testdomainauce.australiacentral-1.eventgrid.azure.net/api/events\",\r\n        \"inputSchema\": \"EventGridSchema\",\r\n        \"metricResourceId\": \"88a48d35-21d8-4bf2-b263-d61dd3124961\",\r\n        \"publicNetworkAccess\": \"Enabled\",\r\n        \"dataResidencyBoundary\": \"WithinGeopair\"\r\n      },\r\n      \"identity\": {\r\n        \"type\": \"None\",\r\n        \"principalId\": null,\r\n        \"tenantId\": null,\r\n        \"userAssignedIdentities\": null\r\n      },\r\n      \"systemData\": null,\r\n      \"location\": \"australiacentral\",\r\n      \"tags\": {},\r\n      \"id\": \"/subscriptions/5b4b650e-28b9-4790-b3ab-ddbd88d727c4/resourceGroups/testdelete/providers/Microsoft.EventGrid/domains/testdomainauce\",\r\n      \"name\": \"testdomainauce\",\r\n      \"type\": \"Microsoft.EventGrid/domains\"\r\n    },\r\n    {\r\n      \"properties\": {\r\n        \"provisioningState\": \"Succeeded\",\r\n        \"endpoint\": \"https://kishpdomain.southcentralus-1.eventgrid.azure.net/api/events\",\r\n        \"inputSchema\": \"CloudEventSchemaV1_0\",\r\n        \"inputSchemaMapping\": {\r\n          \"properties\": {\r\n            \"id\": {\r\n              \"sourceField\": null\r\n            },\r\n            \"topic\": {\r\n              \"sourceField\": \"data.one\"\r\n            },\r\n            \"eventTime\": {\r\n              \"sourceField\": null\r\n            },\r\n            \"eventType\": {\r\n              \"sourceField\": null,\r\n              \"defaultValue\": null\r\n            },\r\n            \"subject\": {\r\n              \"sourceField\": null,\r\n              \"defaultValue\": null\r\n            },\r\n            \"dataVersion\": {\r\n              \"sourceField\": null,\r\n              \"defaultValue\": null\r\n            }\r\n          },\r\n          \"inputSchemaMappingType\": \"Json\"\r\n        },\r\n        \"metricResourceId\": \"10285d19-90e1-44e0-9489-20f008ebb278\",\r\n        \"publicNetworkAccess\": \"Enabled\",\r\n        \"dataResidencyBoundary\": \"WithinGeopair\"\r\n      },\r\n      \"identity\": {\r\n        \"type\": \"None\",\r\n        \"principalId\": null,\r\n        \"tenantId\": null,\r\n        \"userAssignedIdentities\": null\r\n      },\r\n      \"systemData\": null,\r\n      \"location\": \"southcentralus\",\r\n      \"tags\": {},\r\n      \"id\": \"/subscriptions/5b4b650e-28b9-4790-b3ab-ddbd88d727c4/resourceGroups/testRg1/providers/Microsoft.EventGrid/domains/kishpdomain\",\r\n      \"name\": \"kishpdomain\",\r\n      \"type\": \"Microsoft.EventGrid/domains\"\r\n    },\r\n    {\r\n      \"properties\": {\r\n        \"provisioningState\": \"Succeeded\",\r\n        \"endpoint\": \"https://testdomaincentralindia.centralindia-1.eventgrid.azure.net/api/events\",\r\n        \"inputSchema\": \"EventGridSchema\",\r\n        \"metricResourceId\": \"1f4604eb-3f56-4df4-acd1-16188510dd5a\",\r\n        \"publicNetworkAccess\": \"Enabled\",\r\n        \"dataResidencyBoundary\": \"WithinGeopair\"\r\n      },\r\n      \"systemData\": null,\r\n      \"location\": \"centralindia\",\r\n      \"tags\": {},\r\n      \"id\": \"/subscriptions/5b4b650e-28b9-4790-b3ab-ddbd88d727c4/resourceGroups/testtobedeleted/providers/Microsoft.EventGrid/domains/testdomaincentralindia\",\r\n      \"name\": \"testdomaincentralindia\",\r\n      \"type\": \"Microsoft.EventGrid/domains\"\r\n    },\r\n    {\r\n      \"properties\": {\r\n        \"provisioningState\": \"Succeeded\",\r\n        \"endpoint\": \"https://domainjiowest.jioindiawest-1.eventgrid.azure.net/api/events\",\r\n        \"inputSchema\": \"EventGridSchema\",\r\n        \"metricResourceId\": \"c01c0189-6b01-4f80-b61f-6a9925bca45d\",\r\n        \"publicNetworkAccess\": \"Enabled\",\r\n        \"dataResidencyBoundary\": \"WithinGeopair\"\r\n      },\r\n      \"systemData\": null,\r\n      \"location\": \"jio india west\",\r\n      \"tags\": null,\r\n      \"id\": \"/subscriptions/5b4b650e-28b9-4790-b3ab-ddbd88d727c4/resourceGroups/jioRg/providers/Microsoft.EventGrid/domains/domainjiowest\",\r\n      \"name\": \"domainjiowest\",\r\n      \"type\": \"Microsoft.EventGrid/domains\"\r\n    },\r\n    {\r\n      \"properties\": {\r\n        \"provisioningState\": \"Succeeded\",\r\n        \"endpoint\": \"https://domainjiocentral.jioindiacentral-1.eventgrid.azure.net/api/events\",\r\n        \"inputSchema\": \"EventGridSchema\",\r\n        \"metricResourceId\": \"8681adf1-b9a1-444e-9178-c2e735820030\",\r\n        \"publicNetworkAccess\": \"Enabled\",\r\n        \"dataResidencyBoundary\": \"WithinGeopair\"\r\n      },\r\n      \"systemData\": null,\r\n      \"location\": \"jio india central\",\r\n      \"tags\": null,\r\n      \"id\": \"/subscriptions/5b4b650e-28b9-4790-b3ab-ddbd88d727c4/resourceGroups/jioRg/providers/Microsoft.EventGrid/domains/domainjiocentral\",\r\n      \"name\": \"domainjiocentral\",\r\n      \"type\": \"Microsoft.EventGrid/domains\"\r\n    },\r\n    {\r\n      \"properties\": {\r\n        \"provisioningState\": \"Succeeded\",\r\n        \"endpoint\": \"https://domainswedencentral.swedencentral-1.eventgrid.azure.net/api/events\",\r\n        \"inputSchema\": \"EventGridSchema\",\r\n        \"metricResourceId\": \"a9a15f3c-6580-4897-b48b-bf65612e42cf\",\r\n        \"publicNetworkAccess\": \"Enabled\",\r\n        \"dataResidencyBoundary\": \"WithinGeopair\"\r\n      },\r\n      \"systemData\": null,\r\n      \"location\": \"sweden central\",\r\n      \"tags\": null,\r\n      \"id\": \"/subscriptions/5b4b650e-28b9-4790-b3ab-ddbd88d727c4/resourceGroups/kishprg/providers/Microsoft.EventGrid/domains/domainswedencentral\",\r\n      \"name\": \"domainswedencentral\",\r\n      \"type\": \"Microsoft.EventGrid/domains\"\r\n    },\r\n    {\r\n      \"properties\": {\r\n        \"provisioningState\": \"Succeeded\",\r\n        \"endpoint\": \"https://testdomaindup5.eastus2euap-1.eventgrid.azure.net/api/events\",\r\n        \"inputSchema\": \"EventGridSchema\",\r\n        \"metricResourceId\": \"b589ef01-2ca8-41c9-aa80-4bb99a938ea2\",\r\n        \"publicNetworkAccess\": \"Enabled\",\r\n        \"dataResidencyBoundary\": \"WithinGeopair\"\r\n      },\r\n      \"identity\": {\r\n        \"type\": \"None\",\r\n        \"principalId\": null,\r\n        \"tenantId\": null,\r\n        \"userAssignedIdentities\": null\r\n      },\r\n      \"systemData\": null,\r\n      \"location\": \"eastus2euap\",\r\n      \"tags\": null,\r\n      \"id\": \"/subscriptions/5b4b650e-28b9-4790-b3ab-ddbd88d727c4/resourceGroups/amh/providers/Microsoft.EventGrid/domains/testDomainDup5\",\r\n      \"name\": \"testDomainDup5\",\r\n      \"type\": \"Microsoft.EventGrid/domains\"\r\n    },\r\n    {\r\n      \"properties\": {\r\n        \"provisioningState\": \"Succeeded\",\r\n        \"endpoint\": \"https://testcheckaccessdom.eastus2euap-1.eventgrid.azure.net/api/events\",\r\n        \"inputSchema\": \"EventGridSchema\",\r\n        \"metricResourceId\": \"305420be-db54-4a4d-81bb-c7ac9dfc73c0\",\r\n        \"publicNetworkAccess\": \"Enabled\",\r\n        \"disableLocalAuth\": false,\r\n        \"dataResidencyBoundary\": \"WithinGeopair\"\r\n      },\r\n      \"identity\": {\r\n        \"type\": \"SystemAssigned\",\r\n        \"principalId\": \"2863103f-0051-4efc-816e-dce2279932bb\",\r\n        \"tenantId\": \"72f988bf-86f1-41af-91ab-2d7cd011db47\",\r\n        \"userAssignedIdentities\": null\r\n      },\r\n      \"systemData\": null,\r\n      \"location\": \"eastus2euap\",\r\n      \"tags\": {},\r\n      \"id\": \"/subscriptions/5b4b650e-28b9-4790-b3ab-ddbd88d727c4/resourceGroups/msi/providers/Microsoft.EventGrid/domains/testcheckaccessdom\",\r\n      \"name\": \"testcheckaccessdom\",\r\n      \"type\": \"Microsoft.EventGrid/domains\"\r\n    },\r\n    {\r\n      \"properties\": {\r\n        \"provisioningState\": \"Succeeded\",\r\n        \"endpoint\": \"https://sdk-domain-7615.centraluseuap-1.eventgrid.azure.net/api/events\",\r\n        \"inputSchema\": \"EventGridSchema\",\r\n        \"metricResourceId\": \"423bef80-a31f-48bc-ab3d-4638d4934da3\",\r\n        \"publicNetworkAccess\": \"Enabled\",\r\n        \"dataResidencyBoundary\": \"WithinGeopair\"\r\n      },\r\n      \"systemData\": null,\r\n      \"location\": \"centraluseuap\",\r\n      \"tags\": {\r\n        \"originalTag1\": \"originalValue1\",\r\n        \"originalTag2\": \"originalValue2\"\r\n      },\r\n      \"id\": \"/subscriptions/5b4b650e-28b9-4790-b3ab-ddbd88d727c4/resourceGroups/sdk-EventGrid-RG-3411/providers/Microsoft.EventGrid/domains/sdk-Domain-7615\",\r\n      \"name\": \"sdk-Domain-7615\",\r\n      \"type\": \"Microsoft.EventGrid/domains\"\r\n    },\r\n    {\r\n      \"properties\": {\r\n        \"provisioningState\": \"Succeeded\",\r\n        \"endpoint\": \"https://sdk-domain-8144.centraluseuap-1.eventgrid.azure.net/api/events\",\r\n        \"inputSchema\": \"EventGridSchema\",\r\n        \"metricResourceId\": \"513972e7-51cf-4602-a7ef-033ca2ad838c\",\r\n        \"publicNetworkAccess\": \"Enabled\",\r\n        \"dataResidencyBoundary\": \"WithinGeopair\"\r\n      },\r\n      \"systemData\": null,\r\n      \"location\": \"centraluseuap\",\r\n      \"tags\": {\r\n        \"originalTag1\": \"originalValue1\",\r\n        \"originalTag2\": \"originalValue2\"\r\n      },\r\n      \"id\": \"/subscriptions/5b4b650e-28b9-4790-b3ab-ddbd88d727c4/resourceGroups/sdk-EventGrid-RG-8555/providers/Microsoft.EventGrid/domains/sdk-Domain-8144\",\r\n      \"name\": \"sdk-Domain-8144\",\r\n      \"type\": \"Microsoft.EventGrid/domains\"\r\n    },\r\n    {\r\n      \"properties\": {\r\n        \"provisioningState\": \"Succeeded\",\r\n        \"endpoint\": \"https://sdk-domain-1520.centraluseuap-1.eventgrid.azure.net/api/events\",\r\n        \"inputSchema\": \"EventGridSchema\",\r\n        \"metricResourceId\": \"3caa1c7c-4c40-4254-874e-5d76d7c9fa76\",\r\n        \"publicNetworkAccess\": \"Enabled\",\r\n        \"dataResidencyBoundary\": \"WithinGeopair\"\r\n      },\r\n      \"systemData\": null,\r\n      \"location\": \"centraluseuap\",\r\n      \"tags\": {\r\n        \"originalTag1\": \"originalValue1\",\r\n        \"originalTag2\": \"originalValue2\"\r\n      },\r\n      \"id\": \"/subscriptions/5b4b650e-28b9-4790-b3ab-ddbd88d727c4/resourceGroups/sdk-EventGrid-RG-3963/providers/Microsoft.EventGrid/domains/sdk-Domain-1520\",\r\n      \"name\": \"sdk-Domain-1520\",\r\n      \"type\": \"Microsoft.EventGrid/domains\"\r\n    },\r\n    {\r\n      \"properties\": {\r\n        \"provisioningState\": \"Succeeded\",\r\n        \"endpoint\": \"https://sdk-domain-2066.centraluseuap-1.eventgrid.azure.net/api/events\",\r\n        \"inputSchema\": \"EventGridSchema\",\r\n        \"metricResourceId\": \"01c819bf-353c-4096-a9f1-9ae2adff2a53\",\r\n        \"publicNetworkAccess\": \"Enabled\",\r\n        \"dataResidencyBoundary\": \"WithinGeopair\"\r\n      },\r\n      \"systemData\": null,\r\n      \"location\": \"centraluseuap\",\r\n      \"tags\": {\r\n        \"originalTag1\": \"originalValue1\",\r\n        \"originalTag2\": \"originalValue2\"\r\n      },\r\n      \"id\": \"/subscriptions/5b4b650e-28b9-4790-b3ab-ddbd88d727c4/resourceGroups/sdk-EventGrid-RG-2143/providers/Microsoft.EventGrid/domains/sdk-Domain-2066\",\r\n      \"name\": \"sdk-Domain-2066\",\r\n      \"type\": \"Microsoft.EventGrid/domains\"\r\n    },\r\n    {\r\n      \"properties\": {\r\n        \"provisioningState\": \"Succeeded\",\r\n        \"endpoint\": \"https://sdk-domain-8257.centraluseuap-1.eventgrid.azure.net/api/events\",\r\n        \"inputSchema\": \"EventGridSchema\",\r\n        \"metricResourceId\": \"efdaca7e-0da7-471d-8ace-026019de1ee5\",\r\n        \"publicNetworkAccess\": \"Enabled\",\r\n        \"dataResidencyBoundary\": \"WithinGeopair\"\r\n      },\r\n      \"systemData\": null,\r\n      \"location\": \"centraluseuap\",\r\n      \"tags\": {\r\n        \"originalTag1\": \"originalValue1\",\r\n        \"originalTag2\": \"originalValue2\"\r\n      },\r\n      \"id\": \"/subscriptions/5b4b650e-28b9-4790-b3ab-ddbd88d727c4/resourceGroups/sdk-EventGrid-RG-1261/providers/Microsoft.EventGrid/domains/sdk-Domain-8257\",\r\n      \"name\": \"sdk-Domain-8257\",\r\n      \"type\": \"Microsoft.EventGrid/domains\"\r\n    },\r\n    {\r\n      \"properties\": {\r\n        \"provisioningState\": \"Succeeded\",\r\n        \"endpoint\": \"https://sdk-domain-2688.centraluseuap-1.eventgrid.azure.net/api/events\",\r\n        \"inputSchema\": \"EventGridSchema\",\r\n        \"metricResourceId\": \"ce049360-c956-46c9-8548-11de7b85f121\",\r\n        \"publicNetworkAccess\": \"Enabled\",\r\n        \"dataResidencyBoundary\": \"WithinGeopair\"\r\n      },\r\n      \"systemData\": null,\r\n      \"location\": \"centraluseuap\",\r\n      \"tags\": {\r\n        \"originalTag1\": \"originalValue1\",\r\n        \"originalTag2\": \"originalValue2\"\r\n      },\r\n      \"id\": \"/subscriptions/5b4b650e-28b9-4790-b3ab-ddbd88d727c4/resourceGroups/sdk-EventGrid-RG-173/providers/Microsoft.EventGrid/domains/sdk-Domain-2688\",\r\n      \"name\": \"sdk-Domain-2688\",\r\n      \"type\": \"Microsoft.EventGrid/domains\"\r\n    },\r\n    {\r\n      \"properties\": {\r\n        \"provisioningState\": \"Succeeded\",\r\n        \"endpoint\": \"https://ce10domain.centraluseuap-1.eventgrid.azure.net/api/events\",\r\n        \"inputSchema\": \"CloudEventSchemaV1_0\",\r\n        \"inputSchemaMapping\": {\r\n          \"properties\": {\r\n            \"id\": {\r\n              \"sourceField\": null\r\n            },\r\n            \"topic\": {\r\n              \"sourceField\": \"mytopicfield\"\r\n            },\r\n            \"eventTime\": {\r\n              \"sourceField\": null\r\n            },\r\n            \"eventType\": {\r\n              \"sourceField\": null,\r\n              \"defaultValue\": null\r\n            },\r\n            \"subject\": {\r\n              \"sourceField\": null,\r\n              \"defaultValue\": null\r\n            },\r\n            \"dataVersion\": {\r\n              \"sourceField\": null,\r\n              \"defaultValue\": null\r\n            }\r\n          },\r\n          \"inputSchemaMappingType\": \"Json\"\r\n        },\r\n        \"metricResourceId\": \"c3ebca20-e118-46df-aef5-c591767240aa\",\r\n        \"publicNetworkAccess\": \"Enabled\",\r\n        \"dataResidencyBoundary\": \"WithinGeopair\"\r\n      },\r\n      \"identity\": {\r\n        \"type\": \"None\",\r\n        \"principalId\": null,\r\n        \"tenantId\": null,\r\n        \"userAssignedIdentities\": null\r\n      },\r\n      \"systemData\": null,\r\n      \"location\": \"centraluseuap\",\r\n      \"tags\": null,\r\n      \"id\": \"/subscriptions/5b4b650e-28b9-4790-b3ab-ddbd88d727c4/resourceGroups/clitest/providers/Microsoft.EventGrid/domains/ce10domain\",\r\n      \"name\": \"ce10domain\",\r\n      \"type\": \"Microsoft.EventGrid/domains\"\r\n    },\r\n    {\r\n      \"properties\": {\r\n        \"provisioningState\": \"Succeeded\",\r\n        \"endpoint\": \"https://sdk-domain-7896.centraluseuap-1.eventgrid.azure.net/api/events\",\r\n        \"inputSchema\": \"EventGridSchema\",\r\n        \"metricResourceId\": \"b6a2534a-1a66-4177-91a8-4583e4079d9f\",\r\n        \"publicNetworkAccess\": \"Enabled\",\r\n        \"inboundIpRules\": [\r\n          {\r\n            \"ipMask\": \"12.35.67.98\",\r\n            \"action\": \"Allow\"\r\n          },\r\n          {\r\n            \"ipMask\": \"12.35.90.100\",\r\n            \"action\": \"Allow\"\r\n          }\r\n        ],\r\n        \"dataResidencyBoundary\": \"WithinGeopair\"\r\n      },\r\n      \"systemData\": null,\r\n      \"location\": \"centraluseuap\",\r\n      \"tags\": {\r\n        \"updatedTag1\": \"updatedValue1\",\r\n        \"updatedTag2\": \"updatedValue2\"\r\n      },\r\n      \"id\": \"/subscriptions/5b4b650e-28b9-4790-b3ab-ddbd88d727c4/resourceGroups/sdk-EventGrid-RG-2523/providers/Microsoft.EventGrid/domains/sdk-Domain-7896\",\r\n      \"name\": \"sdk-Domain-7896\",\r\n      \"type\": \"Microsoft.EventGrid/domains\"\r\n    },\r\n    {\r\n      \"properties\": {\r\n        \"provisioningState\": \"Succeeded\",\r\n        \"endpoint\": \"https://sdk-domain-7215.centraluseuap-1.eventgrid.azure.net/api/events\",\r\n        \"inputSchema\": \"EventGridSchema\",\r\n        \"metricResourceId\": \"dc4c3538-8b69-48b6-9a5f-a1453f43712a\",\r\n        \"publicNetworkAccess\": \"Enabled\",\r\n        \"dataResidencyBoundary\": \"WithinGeopair\"\r\n      },\r\n      \"systemData\": null,\r\n      \"location\": \"centraluseuap\",\r\n      \"tags\": {\r\n        \"tag1\": \"value1\",\r\n        \"tag2\": \"value2\"\r\n      },\r\n      \"id\": \"/subscriptions/5b4b650e-28b9-4790-b3ab-ddbd88d727c4/resourceGroups/sdk-EventGrid-RG-2994/providers/Microsoft.EventGrid/domains/sdk-Domain-7215\",\r\n      \"name\": \"sdk-Domain-7215\",\r\n      \"type\": \"Microsoft.EventGrid/domains\"\r\n    },\r\n    {\r\n      \"properties\": {\r\n        \"provisioningState\": \"Succeeded\",\r\n        \"endpoint\": \"https://domain1.centraluseuap-1.eventgrid.azure.net/api/events\",\r\n        \"inputSchema\": \"EventGridSchema\",\r\n        \"metricResourceId\": \"14ffafe0-0af7-4d95-b2ee-53a13b81b3c0\",\r\n        \"publicNetworkAccess\": \"Enabled\",\r\n        \"dataResidencyBoundary\": \"WithinGeopair\"\r\n      },\r\n      \"systemData\": null,\r\n      \"location\": \"centraluseuap\",\r\n      \"tags\": {\r\n        \"k1\": \"v1\",\r\n        \"k2\": \"v2\"\r\n      },\r\n      \"id\": \"/subscriptions/5b4b650e-28b9-4790-b3ab-ddbd88d727c4/resourceGroups/amh/providers/Microsoft.EventGrid/domains/domain1\",\r\n      \"name\": \"domain1\",\r\n      \"type\": \"Microsoft.EventGrid/domains\"\r\n    },\r\n    {\r\n      \"properties\": {\r\n        \"provisioningState\": \"Succeeded\",\r\n        \"endpoint\": \"https://testdomaindup3.centraluseuap-1.eventgrid.azure.net/api/events\",\r\n        \"inputSchema\": \"EventGridSchema\",\r\n        \"metricResourceId\": \"72674d38-323b-46b4-8ecc-2e8796c13440\",\r\n        \"publicNetworkAccess\": \"Enabled\",\r\n        \"dataResidencyBoundary\": \"WithinGeopair\"\r\n      },\r\n      \"identity\": {\r\n        \"type\": \"None\",\r\n        \"principalId\": null,\r\n        \"tenantId\": null,\r\n        \"userAssignedIdentities\": null\r\n      },\r\n      \"systemData\": null,\r\n      \"location\": \"centraluseuap\",\r\n      \"tags\": null,\r\n      \"id\": \"/subscriptions/5b4b650e-28b9-4790-b3ab-ddbd88d727c4/resourceGroups/amh/providers/Microsoft.EventGrid/domains/testDomainDup3\",\r\n      \"name\": \"testDomainDup3\",\r\n      \"type\": \"Microsoft.EventGrid/domains\"\r\n    },\r\n    {\r\n      \"properties\": {\r\n        \"provisioningState\": \"Succeeded\",\r\n        \"endpoint\": \"https://testdomain1iprules.centraluseuap-1.eventgrid.azure.net/api/events\",\r\n        \"inputSchema\": \"EventGridSchema\",\r\n        \"metricResourceId\": \"49e25f59-2b16-4c05-96b1-353ff4011aac\",\r\n        \"publicNetworkAccess\": \"Disabled\",\r\n        \"inboundIpRules\": [\r\n          {\r\n            \"ipMask\": \"10.0.0.0/2\",\r\n            \"action\": \"Allow\"\r\n          },\r\n          {\r\n            \"ipMask\": \"10.0.0.70/8\",\r\n            \"action\": \"Allow\"\r\n          }\r\n        ],\r\n        \"dataResidencyBoundary\": \"WithinGeopair\"\r\n      },\r\n      \"identity\": {\r\n        \"type\": \"SystemAssigned\",\r\n        \"principalId\": \"cb40d9ec-0525-4c6b-9932-90af6d969ea5\",\r\n        \"tenantId\": \"72f988bf-86f1-41af-91ab-2d7cd011db47\",\r\n        \"userAssignedIdentities\": null\r\n      },\r\n      \"systemData\": null,\r\n      \"location\": \"centraluseuap\",\r\n      \"tags\": null,\r\n      \"id\": \"/subscriptions/5b4b650e-28b9-4790-b3ab-ddbd88d727c4/resourceGroups/amh/providers/Microsoft.EventGrid/domains/testDomain1IpRules\",\r\n      \"name\": \"testDomain1IpRules\",\r\n      \"type\": \"Microsoft.EventGrid/domains\"\r\n    },\r\n    {\r\n      \"properties\": {\r\n        \"provisioningState\": \"Succeeded\",\r\n        \"endpoint\": \"https://testdomain1iprules3.centraluseuap-1.eventgrid.azure.net/api/events\",\r\n        \"inputSchema\": \"EventGridSchema\",\r\n        \"metricResourceId\": \"b883639b-4292-4e41-9652-8657d390528e\",\r\n        \"publicNetworkAccess\": \"Disabled\",\r\n        \"inboundIpRules\": [\r\n          {\r\n            \"ipMask\": \"101.0.0.90/2\",\r\n            \"action\": \"Allow\"\r\n          },\r\n          {\r\n            \"ipMask\": \"101.0.0.70/8\",\r\n            \"action\": \"Allow\"\r\n          }\r\n        ],\r\n        \"dataResidencyBoundary\": \"WithinGeopair\"\r\n      },\r\n      \"identity\": {\r\n        \"type\": \"SystemAssigned\",\r\n        \"principalId\": \"43334277-98f7-4892-bba5-1b7ec2766660\",\r\n        \"tenantId\": \"72f988bf-86f1-41af-91ab-2d7cd011db47\",\r\n        \"userAssignedIdentities\": null\r\n      },\r\n      \"systemData\": null,\r\n      \"location\": \"centraluseuap\",\r\n      \"tags\": null,\r\n      \"id\": \"/subscriptions/5b4b650e-28b9-4790-b3ab-ddbd88d727c4/resourceGroups/amh/providers/Microsoft.EventGrid/domains/testDomain1IpRules3\",\r\n      \"name\": \"testDomain1IpRules3\",\r\n      \"type\": \"Microsoft.EventGrid/domains\"\r\n    },\r\n    {\r\n      \"properties\": {\r\n        \"provisioningState\": \"Succeeded\",\r\n        \"endpoint\": \"https://testdomain1iprules4.centraluseuap-1.eventgrid.azure.net/api/events\",\r\n        \"inputSchema\": \"EventGridSchema\",\r\n        \"metricResourceId\": \"a3edc98f-ccda-4940-8a35-f1da15147cbb\",\r\n        \"publicNetworkAccess\": \"Disabled\",\r\n        \"inboundIpRules\": [\r\n          {\r\n            \"ipMask\": \"19.12.43.90/20\",\r\n            \"action\": \"Allow\"\r\n          },\r\n          {\r\n            \"ipMask\": \"19.12.43.70/23\",\r\n            \"action\": \"Allow\"\r\n          }\r\n        ],\r\n        \"dataResidencyBoundary\": \"WithinGeopair\"\r\n      },\r\n      \"identity\": {\r\n        \"type\": \"SystemAssigned\",\r\n        \"principalId\": \"ecea7475-58f7-44c1-9ab3-4993b5983568\",\r\n        \"tenantId\": \"72f988bf-86f1-41af-91ab-2d7cd011db47\",\r\n        \"userAssignedIdentities\": null\r\n      },\r\n      \"systemData\": null,\r\n      \"location\": \"centraluseuap\",\r\n      \"tags\": null,\r\n      \"id\": \"/subscriptions/5b4b650e-28b9-4790-b3ab-ddbd88d727c4/resourceGroups/amh/providers/Microsoft.EventGrid/domains/testDomain1IpRules4\",\r\n      \"name\": \"testDomain1IpRules4\",\r\n      \"type\": \"Microsoft.EventGrid/domains\"\r\n    },\r\n    {\r\n      \"properties\": {\r\n        \"provisioningState\": \"Succeeded\",\r\n        \"endpoint\": \"https://sdk-domain-2228.centraluseuap-1.eventgrid.azure.net/api/events\",\r\n        \"inputSchema\": \"CloudEventSchemaV1_0\",\r\n        \"inputSchemaMapping\": {\r\n          \"properties\": {\r\n            \"id\": null,\r\n            \"topic\": {\r\n              \"sourceField\": \"myTopicField\"\r\n            },\r\n            \"eventTime\": null,\r\n            \"eventType\": null,\r\n            \"subject\": null,\r\n            \"dataVersion\": null\r\n          },\r\n          \"inputSchemaMappingType\": \"Json\"\r\n        },\r\n        \"metricResourceId\": \"67cd1def-742c-41f8-990f-c4bf54b938f6\",\r\n        \"publicNetworkAccess\": \"Enabled\",\r\n        \"dataResidencyBoundary\": \"WithinGeopair\"\r\n      },\r\n      \"systemData\": null,\r\n      \"location\": \"centraluseuap\",\r\n      \"tags\": {\r\n        \"updatedTag1\": \"updatedValue1\",\r\n        \"updatedTag2\": \"updatedValue2\"\r\n      },\r\n      \"id\": \"/subscriptions/5b4b650e-28b9-4790-b3ab-ddbd88d727c4/resourceGroups/sdk-EventGrid-RG-8035/providers/Microsoft.EventGrid/domains/sdk-Domain-2228\",\r\n      \"name\": \"sdk-Domain-2228\",\r\n      \"type\": \"Microsoft.EventGrid/domains\"\r\n    },\r\n    {\r\n      \"properties\": {\r\n        \"provisioningState\": \"Succeeded\",\r\n        \"endpoint\": \"https://sdk-domain-193.centraluseuap-1.eventgrid.azure.net/api/events\",\r\n        \"inputSchema\": \"CloudEventSchemaV1_0\",\r\n        \"inputSchemaMapping\": {\r\n          \"properties\": {\r\n            \"id\": null,\r\n            \"topic\": {\r\n              \"sourceField\": \"myTopicField\"\r\n            },\r\n            \"eventTime\": null,\r\n            \"eventType\": null,\r\n            \"subject\": null,\r\n            \"dataVersion\": null\r\n          },\r\n          \"inputSchemaMappingType\": \"Json\"\r\n        },\r\n        \"metricResourceId\": \"4b2096f9-bb04-4d1e-a57c-17fbea082205\",\r\n        \"publicNetworkAccess\": \"Enabled\",\r\n        \"dataResidencyBoundary\": \"WithinGeopair\"\r\n      },\r\n      \"systemData\": null,\r\n      \"location\": \"centraluseuap\",\r\n      \"tags\": {\r\n        \"replacedTag1\": \"replacedValue1\",\r\n        \"replacedTag2\": \"replacedValue2\"\r\n      },\r\n      \"id\": \"/subscriptions/5b4b650e-28b9-4790-b3ab-ddbd88d727c4/resourceGroups/sdk-EventGrid-RG-3772/providers/Microsoft.EventGrid/domains/sdk-Domain-193\",\r\n      \"name\": \"sdk-Domain-193\",\r\n      \"type\": \"Microsoft.EventGrid/domains\"\r\n    },\r\n    {\r\n      \"properties\": {\r\n        \"provisioningState\": \"Succeeded\",\r\n        \"endpoint\": \"https://sdk-domain-9579.centraluseuap-1.eventgrid.azure.net/api/events\",\r\n        \"inputSchema\": \"CloudEventSchemaV1_0\",\r\n        \"inputSchemaMapping\": {\r\n          \"properties\": {\r\n            \"id\": null,\r\n            \"topic\": {\r\n              \"sourceField\": \"myTopicField\"\r\n            },\r\n            \"eventTime\": null,\r\n            \"eventType\": null,\r\n            \"subject\": null,\r\n            \"dataVersion\": null\r\n          },\r\n          \"inputSchemaMappingType\": \"Json\"\r\n        },\r\n        \"metricResourceId\": \"3fd59050-783d-4ba4-a750-e5d2d6610b6e\",\r\n        \"publicNetworkAccess\": \"Enabled\",\r\n        \"dataResidencyBoundary\": \"WithinGeopair\"\r\n      },\r\n      \"systemData\": null,\r\n      \"location\": \"centraluseuap\",\r\n      \"tags\": {\r\n        \"replacedTag1\": \"replacedValue1\",\r\n        \"replacedTag2\": \"replacedValue2\"\r\n      },\r\n      \"id\": \"/subscriptions/5b4b650e-28b9-4790-b3ab-ddbd88d727c4/resourceGroups/sdk-EventGrid-RG-5717/providers/Microsoft.EventGrid/domains/sdk-Domain-9579\",\r\n      \"name\": \"sdk-Domain-9579\",\r\n      \"type\": \"Microsoft.EventGrid/domains\"\r\n    },\r\n    {\r\n      \"properties\": {\r\n        \"provisioningState\": \"Succeeded\",\r\n        \"endpoint\": \"https://testdomain12321.centraluseuap-1.eventgrid.azure.net/api/events\",\r\n        \"inputSchema\": \"EventGridSchema\",\r\n        \"metricResourceId\": \"2a0e71c0-190a-4d2d-81d2-802b458a982b\",\r\n        \"publicNetworkAccess\": \"Enabled\",\r\n        \"dataResidencyBoundary\": \"WithinGeopair\"\r\n      },\r\n      \"systemData\": null,\r\n      \"location\": \"centraluseuap\",\r\n      \"tags\": null,\r\n      \"id\": \"/subscriptions/5b4b650e-28b9-4790-b3ab-ddbd88d727c4/resourceGroups/amh/providers/Microsoft.EventGrid/domains/testDomain12321\",\r\n      \"name\": \"testDomain12321\",\r\n      \"type\": \"Microsoft.EventGrid/domains\"\r\n    },\r\n    {\r\n      \"properties\": {\r\n        \"provisioningState\": \"Succeeded\",\r\n        \"endpoint\": \"https://testdomainipfiltering1.centraluseuap-1.eventgrid.azure.net/api/events\",\r\n        \"inputSchema\": \"EventGridSchema\",\r\n        \"metricResourceId\": \"1cdb87a6-c89b-4f4f-adf1-47f718d8b00e\",\r\n        \"publicNetworkAccess\": \"Enabled\",\r\n        \"dataResidencyBoundary\": \"WithinGeopair\"\r\n      },\r\n      \"systemData\": null,\r\n      \"location\": \"centraluseuap\",\r\n      \"tags\": null,\r\n      \"id\": \"/subscriptions/5b4b650e-28b9-4790-b3ab-ddbd88d727c4/resourceGroups/amh/providers/Microsoft.EventGrid/domains/testDomainIpFiltering1\",\r\n      \"name\": \"testDomainIpFiltering1\",\r\n      \"type\": \"Microsoft.EventGrid/domains\"\r\n    },\r\n    {\r\n      \"properties\": {\r\n        \"provisioningState\": \"Succeeded\",\r\n        \"endpoint\": \"https://testdomainipfiltering10.centraluseuap-1.eventgrid.azure.net/api/events\",\r\n        \"inputSchema\": \"EventGridSchema\",\r\n        \"metricResourceId\": \"ac61c0dd-8983-491c-9cb0-5f4d1609197b\",\r\n        \"publicNetworkAccess\": \"Enabled\",\r\n        \"dataResidencyBoundary\": \"WithinGeopair\"\r\n      },\r\n      \"systemData\": null,\r\n      \"location\": \"centraluseuap\",\r\n      \"tags\": null,\r\n      \"id\": \"/subscriptions/5b4b650e-28b9-4790-b3ab-ddbd88d727c4/resourceGroups/amh/providers/Microsoft.EventGrid/domains/testDomainIpFiltering10\",\r\n      \"name\": \"testDomainIpFiltering10\",\r\n      \"type\": \"Microsoft.EventGrid/domains\"\r\n    },\r\n    {\r\n      \"properties\": {\r\n        \"provisioningState\": \"Succeeded\",\r\n        \"endpoint\": \"https://domainswedensouth.swedensouth-1.eventgrid.azure.net/api/events\",\r\n        \"inputSchema\": \"EventGridSchema\",\r\n        \"metricResourceId\": \"3ac3feaf-dd87-4630-8fbf-bf0dcaefc1c6\",\r\n        \"publicNetworkAccess\": \"Enabled\",\r\n        \"dataResidencyBoundary\": \"WithinGeopair\"\r\n      },\r\n      \"systemData\": null,\r\n      \"location\": \"sweden south\",\r\n      \"tags\": null,\r\n      \"id\": \"/subscriptions/5b4b650e-28b9-4790-b3ab-ddbd88d727c4/resourceGroups/kishprg/providers/Microsoft.EventGrid/domains/domainswedensouth\",\r\n      \"name\": \"domainswedensouth\",\r\n      \"type\": \"Microsoft.EventGrid/domains\"\r\n    }\r\n  ],\r\n  \"nextLink\": \"https://management.azure.com/subscriptions/5b4b650e-28b9-4790-b3ab-ddbd88d727c4/providers/Microsoft.EventGrid/domains?api-version=2022-06-15&%24skiptoken=TZFtT9swEMe%2fS0R4RZrg1k2phKYjdbYMCiQtaLy0Y2NMFzuyTYeG%2bO6zO4SwTvbvTn%2fdk98SLV79ldI7lyzfkopcbzu4utuQO7hNlsmT96Nb5vlANZViENpP6N8XKya9GXL3wlxv1eiV0S7HbMbmuBAZWrCzbFaeFRmbUpZxzvhiwUtU9rN8tGavuLAuX6veGmce%2fYTsQ9rvVvGcm4Eq7b7RUWX7IAp5z1GBUFbMs1N8fOR2oZjZCX2eYpaWLEXo4IY3ndJ4I9Y1q8il2PhawNo%2bo5ZgBz38P%2bmUR0PTbhtkpwG2XRUIFQGbzX3ESOQm0BxjHCVtVQdvEai%2bjWKQRPRPMwIr8gfgwYG8%2bGGfdxXUw%2fWNbKE29Vz%2bbitoLpv7tgH2kzOQK%2b9%2bNQRqsg%2bhQxOhUh%2b6tlRL8THDYahB6S8jfagG%2bvoZrOuIJY%2bG%2bfGRN2NYVPJ%2bklA7gJRWSOoF38ZdhV%2bEbp28%2fwM%3d\"\r\n}",
      "StatusCode": 200
    },
    {
      "RequestUri": "/subscriptions/5b4b650e-28b9-4790-b3ab-ddbd88d727c4/providers/Microsoft.EventGrid/domains?api-version=2022-06-15&%24skiptoken=TZFtT9swEMe%2fS0R4RZrg1k2phKYjdbYMCiQtaLy0Y2NMFzuyTYeG%2bO6zO4SwTvbvTn%2fdk98SLV79ldI7lyzfkopcbzu4utuQO7hNlsmT96Nb5vlANZViENpP6N8XKya9GXL3wlxv1eiV0S7HbMbmuBAZWrCzbFaeFRmbUpZxzvhiwUtU9rN8tGavuLAuX6veGmce%2fYTsQ9rvVvGcm4Eq7b7RUWX7IAp5z1GBUFbMs1N8fOR2oZjZCX2eYpaWLEXo4IY3ndJ4I9Y1q8il2PhawNo%2bo5ZgBz38P%2bmUR0PTbhtkpwG2XRUIFQGbzX3ESOQm0BxjHCVtVQdvEai%2bjWKQRPRPMwIr8gfgwYG8%2bGGfdxXUw%2fWNbKE29Vz%2bbitoLpv7tgH2kzOQK%2b9%2bNQRqsg%2bhQxOhUh%2b6tlRL8THDYahB6S8jfagG%2bvoZrOuIJY%2bG%2bfGRN2NYVPJ%2bklA7gJRWSOoF38ZdhV%2bEbp28%2fwM%3d",
      "EncodedRequestUri": "L3N1YnNjcmlwdGlvbnMvNWI0YjY1MGUtMjhiOS00NzkwLWIzYWItZGRiZDg4ZDcyN2M0L3Byb3ZpZGVycy9NaWNyb3NvZnQuRXZlbnRHcmlkL2RvbWFpbnM/YXBpLXZlcnNpb249MjAyMi0wNi0xNSYlMjRza2lwdG9rZW49VFpGdFQ5c3dFTWUlMmZTMFI0UlpyZzFrMnBoS1lqZGJZTUNpUXRhTHkwWTJOTUZ6dXlUWWVHJTJiTzZ6TzRTd1R2YnZUbiUyZmRrOThTTFY3OWxkSTdseXpma29wY2J6dTR1dHVRTzdoTmxzbVQ5Nk5iNXZsQU5aVmlFTnBQNk44WEt5YTlHWEwzd2x4djFlaVYwUzdIYk1ibXVCQVpXckN6YkZhZUZSbWJVcFp4enZoaXdVdFU5ck44dEdhdnVMQXVYNnZlR21jZSUyZllUc1E5cnZWdkdjbTRFcTdiN1JVV1g3SUFwNXoxR0JVRmJNczFOOGZPUjJvWmpaQ1gyZVlwYVdMRVhvNElZM25kSjRJOVkxcThpbDJQaGF3Tm8lMmJvNVpnQnozOFAlMmJtVVIwUFRiaHRrcHdHMlhSVUlGUUdielgzRVNPUW0wQnhqSENWdFZRZHZFYWklMmJqV0tRUlBSUE13SXI4Z2Znd1lHOCUyYkdHZmR4WFV3JTJmV05iS0UyOVZ6JTJiYml0b0xwdjd0Z0gya3pPUUslMmI5JTJiTlFScXNnJTJiaFF4T2hVaCUyYjZ0bFJMOFRIRFlhaEI2UzhqZmFnRyUyYnZvWnJPdUlKWSUyYkclMmJmR1JOMk5ZVlBKJTJia2xBN2dKUldTT29GMzhaZGhWJTJiRWJwMjglMmZ3TSUzZA==",
      "RequestMethod": "GET",
      "RequestHeaders": {
        "x-ms-client-request-id": [
          "52b04b23-d88f-4eb2-bb08-d472c397245d"
        ],
        "Accept-Language": [
          "en-US"
        ],
        "User-Agent": [
          "FxVersion/4.700.22.41602",
          "OSName/Windows",
          "OSVersion/Microsoft.Windows.10.0.22621",
          "Microsoft.Azure.Management.EventGrid.EventGridManagementClient/8.0.0.0"
        ]
      },
      "RequestBody": "",
      "ResponseHeaders": {
        "Cache-Control": [
          "no-cache"
        ],
        "Pragma": [
          "no-cache"
        ],
        "x-ms-original-request-ids": [
          "c873e3f1-0a08-400e-ab58-0fd098f2b3d0"
        ],
        "x-ms-ratelimit-remaining-subscription-reads": [
          "11998"
        ],
        "x-ms-request-id": [
          "28a82dc1-0391-4ff5-bfb9-43063454bfe2"
        ],
        "x-ms-correlation-request-id": [
          "28a82dc1-0391-4ff5-bfb9-43063454bfe2"
        ],
        "x-ms-routing-request-id": [
          "WESTUS2:20221006T020545Z:28a82dc1-0391-4ff5-bfb9-43063454bfe2"
        ],
        "Strict-Transport-Security": [
          "max-age=31536000; includeSubDomains"
        ],
        "X-Content-Type-Options": [
          "nosniff"
        ],
        "Date": [
          "Thu, 06 Oct 2022 02:05:45 GMT"
        ],
        "Content-Type": [
          "application/json; charset=utf-8"
        ],
        "Expires": [
          "-1"
        ],
        "Content-Length": [
          "7518"
        ]
      },
      "ResponseBody": "{\r\n  \"value\": [\r\n    {\r\n      \"properties\": {\r\n        \"provisioningState\": \"Succeeded\",\r\n        \"endpoint\": \"https://testdomainipfiltering11.centraluseuap-1.eventgrid.azure.net/api/events\",\r\n        \"inputSchema\": \"EventGridSchema\",\r\n        \"metricResourceId\": \"52a3c764-c754-4f28-8e1b-6eddf99638ff\",\r\n        \"publicNetworkAccess\": \"Enabled\",\r\n        \"inboundIpRules\": [\r\n          {\r\n            \"ipMask\": \"10.2.0.0/8\",\r\n            \"action\": \"Allow\"\r\n          }\r\n        ],\r\n        \"dataResidencyBoundary\": \"WithinGeopair\"\r\n      },\r\n      \"systemData\": null,\r\n      \"location\": \"centraluseuap\",\r\n      \"tags\": null,\r\n      \"id\": \"/subscriptions/5b4b650e-28b9-4790-b3ab-ddbd88d727c4/resourceGroups/amh/providers/Microsoft.EventGrid/domains/testDomainIpFiltering11\",\r\n      \"name\": \"testDomainIpFiltering11\",\r\n      \"type\": \"Microsoft.EventGrid/domains\"\r\n    },\r\n    {\r\n      \"properties\": {\r\n        \"provisioningState\": \"Succeeded\",\r\n        \"endpoint\": \"https://msidomaintest.centraluseuap-1.eventgrid.azure.net/api/events\",\r\n        \"inputSchema\": \"EventGridSchema\",\r\n        \"metricResourceId\": \"21579cac-a347-4dc1-8bcf-0fb418d214d4\",\r\n        \"publicNetworkAccess\": \"Enabled\",\r\n        \"dataResidencyBoundary\": \"WithinGeopair\"\r\n      },\r\n      \"identity\": {\r\n        \"type\": \"SystemAssigned\",\r\n        \"principalId\": \"40875041-7116-4b7c-b202-2de3912febe7\",\r\n        \"tenantId\": \"72f988bf-86f1-41af-91ab-2d7cd011db47\",\r\n        \"userAssignedIdentities\": null\r\n      },\r\n      \"systemData\": null,\r\n      \"location\": \"centraluseuap\",\r\n      \"tags\": {},\r\n      \"id\": \"/subscriptions/5b4b650e-28b9-4790-b3ab-ddbd88d727c4/resourceGroups/msidomain/providers/Microsoft.EventGrid/domains/msidomaintest\",\r\n      \"name\": \"msidomaintest\",\r\n      \"type\": \"Microsoft.EventGrid/domains\"\r\n    },\r\n    {\r\n      \"properties\": {\r\n        \"provisioningState\": \"Succeeded\",\r\n        \"endpoint\": \"https://userdomain4.centraluseuap-1.eventgrid.azure.net/api/events\",\r\n        \"inputSchema\": \"EventGridSchema\",\r\n        \"metricResourceId\": \"ae43ae9e-3ea0-4e79-bcc3-c2f48360145b\",\r\n        \"publicNetworkAccess\": \"Enabled\",\r\n        \"dataResidencyBoundary\": \"WithinGeopair\"\r\n      },\r\n      \"identity\": {\r\n        \"type\": \"UserAssigned\",\r\n        \"principalId\": null,\r\n        \"tenantId\": null,\r\n        \"userAssignedIdentities\": {\r\n          \"/subscriptions/5b4b650e-28b9-4790-b3ab-ddbd88d727c4/resourceGroups/msi/providers/Microsoft.ManagedIdentity/userAssignedIdentities/userassignedmsitest1\": {\r\n            \"principalId\": \"a2f990d8-2f0b-4266-a334-c57cf3bb51b7\",\r\n            \"clientId\": \"4b0f3242-b99d-4632-87ae-939e9754ae24\"\r\n          }\r\n        }\r\n      },\r\n      \"systemData\": null,\r\n      \"location\": \"centralus euap\",\r\n      \"tags\": null,\r\n      \"id\": \"/subscriptions/5b4b650e-28b9-4790-b3ab-ddbd88d727c4/resourceGroups/msi/providers/Microsoft.EventGrid/domains/userdomain4\",\r\n      \"name\": \"userdomain4\",\r\n      \"type\": \"Microsoft.EventGrid/domains\"\r\n    },\r\n    {\r\n      \"properties\": {\r\n        \"provisioningState\": \"Succeeded\",\r\n        \"endpoint\": \"https://sdk-domain-3934.centraluseuap-1.eventgrid.azure.net/api/events\",\r\n        \"inputSchema\": \"CloudEventSchemaV1_0\",\r\n        \"inputSchemaMapping\": {\r\n          \"properties\": {\r\n            \"id\": null,\r\n            \"topic\": {\r\n              \"sourceField\": \"myTopicField\"\r\n            },\r\n            \"eventTime\": null,\r\n            \"eventType\": null,\r\n            \"subject\": null,\r\n            \"dataVersion\": null\r\n          },\r\n          \"inputSchemaMappingType\": \"Json\"\r\n        },\r\n        \"metricResourceId\": \"41bf6223-259d-4774-a67f-0fe82524a1fa\",\r\n        \"publicNetworkAccess\": \"Disabled\",\r\n        \"inboundIpRules\": [\r\n          {\r\n            \"ipMask\": \"12.35.67.98\",\r\n            \"action\": \"Allow\"\r\n          },\r\n          {\r\n            \"ipMask\": \"12.35.90.100\",\r\n            \"action\": \"Allow\"\r\n          }\r\n        ],\r\n        \"dataResidencyBoundary\": \"WithinGeopair\"\r\n      },\r\n      \"systemData\": null,\r\n      \"location\": \"centraluseuap\",\r\n      \"tags\": {\r\n        \"replacedTag1\": \"replacedValue1\",\r\n        \"replacedTag2\": \"replacedValue2\"\r\n      },\r\n      \"id\": \"/subscriptions/5b4b650e-28b9-4790-b3ab-ddbd88d727c4/resourceGroups/sdk-EventGrid-RG-5120/providers/Microsoft.EventGrid/domains/sdk-Domain-3934\",\r\n      \"name\": \"sdk-Domain-3934\",\r\n      \"type\": \"Microsoft.EventGrid/domains\"\r\n    },\r\n    {\r\n      \"properties\": {\r\n        \"provisioningState\": \"Succeeded\",\r\n        \"endpoint\": \"https://testinbounddomain1.centraluseuap-1.eventgrid.azure.net/api/events\",\r\n        \"inputSchema\": \"EventGridSchema\",\r\n        \"metricResourceId\": \"6b5d5acc-4137-444c-809a-fb3a96326c16\",\r\n        \"publicNetworkAccess\": \"Enabled\",\r\n        \"inboundIpRules\": [\r\n          {\r\n            \"ipMask\": \"10.0.0.0/24\",\r\n            \"action\": \"Allow\"\r\n          }\r\n        ],\r\n        \"dataResidencyBoundary\": \"WithinGeopair\"\r\n      },\r\n      \"identity\": {\r\n        \"type\": \"None\",\r\n        \"principalId\": null,\r\n        \"tenantId\": null,\r\n        \"userAssignedIdentities\": null\r\n      },\r\n      \"systemData\": null,\r\n      \"location\": \"centraluseuap\",\r\n      \"tags\": {},\r\n      \"id\": \"/subscriptions/5b4b650e-28b9-4790-b3ab-ddbd88d727c4/resourceGroups/amh/providers/Microsoft.EventGrid/domains/testInBoundDomain1\",\r\n      \"name\": \"testInBoundDomain1\",\r\n      \"type\": \"Microsoft.EventGrid/domains\"\r\n    },\r\n    {\r\n      \"properties\": {\r\n        \"provisioningState\": \"Succeeded\",\r\n        \"endpoint\": \"https://sdk-domain-2748.centraluseuap-1.eventgrid.azure.net/api/events\",\r\n        \"inputSchema\": \"CloudEventSchemaV1_0\",\r\n        \"inputSchemaMapping\": {\r\n          \"properties\": {\r\n            \"id\": null,\r\n            \"topic\": {\r\n              \"sourceField\": \"myTopicField\"\r\n            },\r\n            \"eventTime\": null,\r\n            \"eventType\": null,\r\n            \"subject\": null,\r\n            \"dataVersion\": null\r\n          },\r\n          \"inputSchemaMappingType\": \"Json\"\r\n        },\r\n        \"metricResourceId\": \"7ce45cba-2cdc-47c2-b860-99ea148c6a27\",\r\n        \"publicNetworkAccess\": \"Disabled\",\r\n        \"inboundIpRules\": [\r\n          {\r\n            \"ipMask\": \"12.35.67.98\",\r\n            \"action\": \"Allow\"\r\n          },\r\n          {\r\n            \"ipMask\": \"12.35.90.100\",\r\n            \"action\": \"Allow\"\r\n          }\r\n        ],\r\n        \"dataResidencyBoundary\": \"WithinGeopair\"\r\n      },\r\n      \"systemData\": null,\r\n      \"location\": \"centraluseuap\",\r\n      \"tags\": {\r\n        \"replacedTag1\": \"replacedValue1\",\r\n        \"replacedTag2\": \"replacedValue2\"\r\n      },\r\n      \"id\": \"/subscriptions/5b4b650e-28b9-4790-b3ab-ddbd88d727c4/resourceGroups/sdk-EventGrid-RG-4588/providers/Microsoft.EventGrid/domains/sdk-Domain-2748\",\r\n      \"name\": \"sdk-Domain-2748\",\r\n      \"type\": \"Microsoft.EventGrid/domains\"\r\n    },\r\n    {\r\n      \"properties\": {\r\n        \"provisioningState\": \"Succeeded\",\r\n        \"endpoint\": \"https://testdomain.centraluseuap-1.eventgrid.azure.net/api/events\",\r\n        \"inputSchema\": \"EventGridSchema\",\r\n        \"metricResourceId\": \"0636fe1f-a4f7-4222-b5cc-2b728552e5ed\",\r\n        \"publicNetworkAccess\": \"Enabled\",\r\n        \"disableLocalAuth\": false,\r\n        \"dataResidencyBoundary\": \"WithinGeopair\"\r\n      },\r\n      \"identity\": {\r\n        \"type\": \"SystemAssigned\",\r\n        \"principalId\": \"d10c4de7-b717-47c5-9b72-2983f9d93eca\",\r\n        \"tenantId\": \"72f988bf-86f1-41af-91ab-2d7cd011db47\",\r\n        \"userAssignedIdentities\": null\r\n      },\r\n      \"systemData\": null,\r\n      \"location\": \"centraluseuap\",\r\n      \"tags\": {},\r\n      \"id\": \"/subscriptions/5b4b650e-28b9-4790-b3ab-ddbd88d727c4/resourceGroups/msi/providers/Microsoft.EventGrid/domains/testdomain\",\r\n      \"name\": \"testdomain\",\r\n      \"type\": \"Microsoft.EventGrid/domains\"\r\n    },\r\n    {\r\n      \"properties\": {\r\n        \"provisioningState\": \"Succeeded\",\r\n        \"endpoint\": \"https://sdk-domain-4207.centraluseuap-1.eventgrid.azure.net/api/events\",\r\n        \"inputSchema\": \"CloudEventSchemaV1_0\",\r\n        \"inputSchemaMapping\": {\r\n          \"properties\": {\r\n            \"id\": null,\r\n            \"topic\": {\r\n              \"sourceField\": \"myTopicField\"\r\n            },\r\n            \"eventTime\": null,\r\n            \"eventType\": null,\r\n            \"subject\": null,\r\n            \"dataVersion\": null\r\n          },\r\n          \"inputSchemaMappingType\": \"Json\"\r\n        },\r\n        \"metricResourceId\": \"5f0dcd3c-59ed-4eb6-ace0-8270014c1a0f\",\r\n        \"publicNetworkAccess\": \"Enabled\",\r\n        \"dataResidencyBoundary\": \"WithinGeopair\"\r\n      },\r\n      \"systemData\": null,\r\n      \"location\": \"centraluseuap\",\r\n      \"tags\": {\r\n        \"replacedTag1\": \"replacedValue1\",\r\n        \"replacedTag2\": \"replacedValue2\"\r\n      },\r\n      \"id\": \"/subscriptions/5b4b650e-28b9-4790-b3ab-ddbd88d727c4/resourceGroups/sdk-EventGrid-RG-8612/providers/Microsoft.EventGrid/domains/sdk-Domain-4207\",\r\n      \"name\": \"sdk-Domain-4207\",\r\n      \"type\": \"Microsoft.EventGrid/domains\"\r\n    },\r\n    {\r\n      \"properties\": {\r\n        \"provisioningState\": \"Succeeded\",\r\n        \"endpoint\": \"https://sdk-domain-2169.centraluseuap-1.eventgrid.azure.net/api/events\",\r\n        \"inputSchema\": \"EventGridSchema\",\r\n        \"metricResourceId\": \"d3512874-d22d-4aad-85c8-f60c1fafac43\",\r\n        \"publicNetworkAccess\": \"Enabled\",\r\n        \"dataResidencyBoundary\": \"WithinGeopair\"\r\n      },\r\n      \"systemData\": null,\r\n      \"location\": \"centraluseuap\",\r\n      \"tags\": {\r\n        \"tag1\": \"value1\",\r\n        \"tag2\": \"value2\"\r\n      },\r\n      \"id\": \"/subscriptions/5b4b650e-28b9-4790-b3ab-ddbd88d727c4/resourceGroups/sdk-EventGrid-RG-841/providers/Microsoft.EventGrid/domains/sdk-Domain-2169\",\r\n      \"name\": \"sdk-Domain-2169\",\r\n      \"type\": \"Microsoft.EventGrid/domains\"\r\n    },\r\n    {\r\n      \"properties\": {\r\n        \"provisioningState\": \"Succeeded\",\r\n        \"endpoint\": \"https://sdk-domain-414.centraluseuap-1.eventgrid.azure.net/api/events\",\r\n        \"inputSchema\": \"EventGridSchema\",\r\n        \"metricResourceId\": \"d742fe4e-c180-4f53-80c7-924e875593fe\",\r\n        \"publicNetworkAccess\": \"Enabled\",\r\n        \"dataResidencyBoundary\": \"WithinGeopair\"\r\n      },\r\n      \"systemData\": null,\r\n      \"location\": \"centraluseuap\",\r\n      \"tags\": {\r\n        \"tag1\": \"value1\",\r\n        \"tag2\": \"value2\"\r\n      },\r\n      \"id\": \"/subscriptions/5b4b650e-28b9-4790-b3ab-ddbd88d727c4/resourceGroups/sdk-EventGrid-RG-1327/providers/Microsoft.EventGrid/domains/sdk-Domain-414\",\r\n      \"name\": \"sdk-Domain-414\",\r\n      \"type\": \"Microsoft.EventGrid/domains\"\r\n    }\r\n  ]\r\n}",
      "StatusCode": 200
    },
    {
      "RequestUri": "/subscriptions/5b4b650e-28b9-4790-b3ab-ddbd88d727c4/resourceGroups/RGName-ps7943/providers/Microsoft.EventGrid/domains/PSTestDomain-ps1153?api-version=2022-06-15",
      "EncodedRequestUri": "L3N1YnNjcmlwdGlvbnMvNWI0YjY1MGUtMjhiOS00NzkwLWIzYWItZGRiZDg4ZDcyN2M0L3Jlc291cmNlR3JvdXBzL1JHTmFtZS1wczc5NDMvcHJvdmlkZXJzL01pY3Jvc29mdC5FdmVudEdyaWQvZG9tYWlucy9QU1Rlc3REb21haW4tcHMxMTUzP2FwaS12ZXJzaW9uPTIwMjItMDYtMTU=",
      "RequestMethod": "PUT",
      "RequestHeaders": {
        "x-ms-client-request-id": [
          "1a7d1a28-7d20-4ca7-8c35-294f228849ff"
        ],
        "Accept-Language": [
          "en-US"
        ],
        "User-Agent": [
          "FxVersion/4.700.22.41602",
          "OSName/Windows",
          "OSVersion/Microsoft.Windows.10.0.22621",
          "Microsoft.Azure.Management.EventGrid.EventGridManagementClient/8.0.0.0"
        ],
        "Content-Type": [
          "application/json; charset=utf-8"
        ],
        "Content-Length": [
          "847"
        ]
      },
      "RequestBody": "{\r\n  \"properties\": {\r\n    \"inputSchema\": \"cUsTomEVeNTSchEma\",\r\n    \"inputSchemaMapping\": {\r\n      \"inputSchemaMappingType\": \"Json\",\r\n      \"properties\": {\r\n        \"id\": {\r\n          \"sourceField\": \"MyIdField\"\r\n        },\r\n        \"topic\": {\r\n          \"sourceField\": \"MyTopicField\"\r\n        },\r\n        \"eventTime\": {\r\n          \"sourceField\": \"MyEventTimeField\"\r\n        },\r\n        \"eventType\": {\r\n          \"sourceField\": \"MyEventTypeField\"\r\n        },\r\n        \"subject\": {\r\n          \"sourceField\": \"MySubjectField\"\r\n        },\r\n        \"dataVersion\": {\r\n          \"sourceField\": \"MyDataVersionField\"\r\n        }\r\n      }\r\n    },\r\n    \"publicNetworkAccess\": \"enabled\",\r\n    \"disableLocalAuth\": false,\r\n    \"autoCreateTopicWithFirstSubscription\": false,\r\n    \"autoDeleteTopicWithLastSubscription\": false\r\n  },\r\n  \"location\": \"westcentralus\"\r\n}",
      "ResponseHeaders": {
        "Cache-Control": [
          "no-cache"
        ],
        "Pragma": [
          "no-cache"
        ],
        "Retry-After": [
          "10"
        ],
        "Strict-Transport-Security": [
          "max-age=31536000; includeSubDomains"
        ],
        "Azure-AsyncOperation": [
          "https://management.azure.com:443/subscriptions/5b4b650e-28b9-4790-b3ab-ddbd88d727c4/providers/Microsoft.EventGrid/locations/westcentralus/operationsStatus/81010C9F-9259-475A-9243-FAA845A9F752?api-version=2022-06-15"
        ],
        "x-ms-request-id": [
          "a8a18e43-61a6-472f-a338-03233cead8b7"
        ],
        "Server": [
          "Microsoft-HTTPAPI/2.0"
        ],
        "x-ms-ratelimit-remaining-subscription-writes": [
          "1199"
        ],
        "x-ms-correlation-request-id": [
          "a646307e-1add-49cc-bd28-cc21eda76c9e"
        ],
        "x-ms-routing-request-id": [
          "WESTUS2:20221006T020547Z:a646307e-1add-49cc-bd28-cc21eda76c9e"
        ],
        "X-Content-Type-Options": [
          "nosniff"
        ],
        "Date": [
          "Thu, 06 Oct 2022 02:05:47 GMT"
        ],
        "Content-Length": [
          "902"
        ],
        "Content-Type": [
          "application/json; charset=utf-8"
        ],
        "Expires": [
          "-1"
        ]
      },
      "ResponseBody": "{\r\n  \"properties\": {\r\n    \"provisioningState\": \"Creating\",\r\n    \"endpoint\": null,\r\n    \"inputSchema\": \"CustomEventSchema\",\r\n    \"inputSchemaMapping\": {\r\n      \"properties\": {\r\n        \"id\": {\r\n          \"sourceField\": \"MyIdField\"\r\n        },\r\n        \"topic\": {\r\n          \"sourceField\": \"MyTopicField\"\r\n        },\r\n        \"eventTime\": {\r\n          \"sourceField\": \"MyEventTimeField\"\r\n        },\r\n        \"eventType\": {\r\n          \"sourceField\": \"MyEventTypeField\",\r\n          \"defaultValue\": null\r\n        },\r\n        \"subject\": {\r\n          \"sourceField\": \"MySubjectField\",\r\n          \"defaultValue\": null\r\n        },\r\n        \"dataVersion\": {\r\n          \"sourceField\": \"MyDataVersionField\",\r\n          \"defaultValue\": null\r\n        }\r\n      },\r\n      \"inputSchemaMappingType\": \"Json\"\r\n    },\r\n    \"publicNetworkAccess\": \"Enabled\",\r\n    \"disableLocalAuth\": false,\r\n    \"autoCreateTopicWithFirstSubscription\": false,\r\n    \"autoDeleteTopicWithLastSubscription\": false\r\n  },\r\n  \"systemData\": null,\r\n  \"location\": \"westcentralus\",\r\n  \"tags\": null,\r\n  \"id\": \"/subscriptions/5b4b650e-28b9-4790-b3ab-ddbd88d727c4/resourceGroups/RGName-ps7943/providers/Microsoft.EventGrid/domains/PSTestDomain-ps1153\",\r\n  \"name\": \"PSTestDomain-ps1153\",\r\n  \"type\": \"Microsoft.EventGrid/domains\"\r\n}",
      "StatusCode": 201
    },
    {
      "RequestUri": "/subscriptions/5b4b650e-28b9-4790-b3ab-ddbd88d727c4/providers/Microsoft.EventGrid/locations/westcentralus/operationsStatus/81010C9F-9259-475A-9243-FAA845A9F752?api-version=2022-06-15",
      "EncodedRequestUri": "L3N1YnNjcmlwdGlvbnMvNWI0YjY1MGUtMjhiOS00NzkwLWIzYWItZGRiZDg4ZDcyN2M0L3Byb3ZpZGVycy9NaWNyb3NvZnQuRXZlbnRHcmlkL2xvY2F0aW9ucy93ZXN0Y2VudHJhbHVzL29wZXJhdGlvbnNTdGF0dXMvODEwMTBDOUYtOTI1OS00NzVBLTkyNDMtRkFBODQ1QTlGNzUyP2FwaS12ZXJzaW9uPTIwMjItMDYtMTU=",
      "RequestMethod": "GET",
      "RequestHeaders": {
        "x-ms-client-request-id": [
          "1a7d1a28-7d20-4ca7-8c35-294f228849ff"
        ],
        "User-Agent": [
          "FxVersion/4.700.22.41602",
          "OSName/Windows",
          "OSVersion/Microsoft.Windows.10.0.22621",
          "Microsoft.Azure.Management.EventGrid.EventGridManagementClient/8.0.0.0"
        ]
      },
      "RequestBody": "",
      "ResponseHeaders": {
        "Cache-Control": [
          "no-cache"
        ],
        "Pragma": [
          "no-cache"
        ],
        "Strict-Transport-Security": [
          "max-age=31536000; includeSubDomains"
        ],
        "x-ms-request-id": [
          "ffb7acaa-6be2-4617-92ec-906822721b1c"
        ],
        "Server": [
          "Microsoft-HTTPAPI/2.0"
        ],
        "x-ms-ratelimit-remaining-subscription-reads": [
          "11997"
        ],
        "x-ms-correlation-request-id": [
          "4957aa33-d104-4c25-a144-a545948cadae"
        ],
        "x-ms-routing-request-id": [
          "WESTUS2:20221006T020558Z:4957aa33-d104-4c25-a144-a545948cadae"
        ],
        "X-Content-Type-Options": [
          "nosniff"
        ],
        "Date": [
          "Thu, 06 Oct 2022 02:05:57 GMT"
        ],
        "Content-Length": [
          "286"
        ],
        "Content-Type": [
          "application/json; charset=utf-8"
        ],
        "Expires": [
          "-1"
        ]
      },
      "ResponseBody": "{\r\n  \"id\": \"https://management.azure.com/subscriptions/5b4b650e-28b9-4790-b3ab-ddbd88d727c4/providers/Microsoft.EventGrid/locations/westcentralus/operationsStatus/81010C9F-9259-475A-9243-FAA845A9F752?api-version=2022-06-15\",\r\n  \"name\": \"81010c9f-9259-475a-9243-faa845a9f752\",\r\n  \"status\": \"Succeeded\"\r\n}",
      "StatusCode": 200
    },
    {
      "RequestUri": "/subscriptions/5b4b650e-28b9-4790-b3ab-ddbd88d727c4/resourceGroups/RGName-ps7943/providers/Microsoft.EventGrid/domains/PSTestDomain-ps1153?api-version=2022-06-15",
      "EncodedRequestUri": "L3N1YnNjcmlwdGlvbnMvNWI0YjY1MGUtMjhiOS00NzkwLWIzYWItZGRiZDg4ZDcyN2M0L3Jlc291cmNlR3JvdXBzL1JHTmFtZS1wczc5NDMvcHJvdmlkZXJzL01pY3Jvc29mdC5FdmVudEdyaWQvZG9tYWlucy9QU1Rlc3REb21haW4tcHMxMTUzP2FwaS12ZXJzaW9uPTIwMjItMDYtMTU=",
      "RequestMethod": "GET",
      "RequestHeaders": {
        "x-ms-client-request-id": [
          "1a7d1a28-7d20-4ca7-8c35-294f228849ff"
        ],
        "User-Agent": [
          "FxVersion/4.700.22.41602",
          "OSName/Windows",
          "OSVersion/Microsoft.Windows.10.0.22621",
          "Microsoft.Azure.Management.EventGrid.EventGridManagementClient/8.0.0.0"
        ]
      },
      "RequestBody": "",
      "ResponseHeaders": {
        "Cache-Control": [
          "no-cache"
        ],
        "Pragma": [
          "no-cache"
        ],
        "Strict-Transport-Security": [
          "max-age=31536000; includeSubDomains"
        ],
        "x-ms-request-id": [
          "1ba9acaf-267f-45de-9ce2-6866758e3c0d"
        ],
        "Server": [
          "Microsoft-HTTPAPI/2.0"
        ],
        "x-ms-ratelimit-remaining-subscription-reads": [
          "11996"
        ],
        "x-ms-correlation-request-id": [
          "6bd4c864-5030-4dc3-be81-8e06781dcb50"
        ],
        "x-ms-routing-request-id": [
          "WESTUS2:20221006T020558Z:6bd4c864-5030-4dc3-be81-8e06781dcb50"
        ],
        "X-Content-Type-Options": [
          "nosniff"
        ],
        "Date": [
          "Thu, 06 Oct 2022 02:05:57 GMT"
        ],
        "Content-Length": [
          "1073"
        ],
        "Content-Type": [
          "application/json; charset=utf-8"
        ],
        "Expires": [
          "-1"
        ]
      },
      "ResponseBody": "{\r\n  \"properties\": {\r\n    \"provisioningState\": \"Succeeded\",\r\n    \"endpoint\": \"https://pstestdomain-ps1153.westcentralus-1.eventgrid.azure.net/api/events\",\r\n    \"inputSchema\": \"CustomEventSchema\",\r\n    \"inputSchemaMapping\": {\r\n      \"properties\": {\r\n        \"id\": {\r\n          \"sourceField\": \"MyIdField\"\r\n        },\r\n        \"topic\": {\r\n          \"sourceField\": \"MyTopicField\"\r\n        },\r\n        \"eventTime\": {\r\n          \"sourceField\": \"MyEventTimeField\"\r\n        },\r\n        \"eventType\": {\r\n          \"sourceField\": \"MyEventTypeField\",\r\n          \"defaultValue\": null\r\n        },\r\n        \"subject\": {\r\n          \"sourceField\": \"MySubjectField\",\r\n          \"defaultValue\": null\r\n        },\r\n        \"dataVersion\": {\r\n          \"sourceField\": \"MyDataVersionField\",\r\n          \"defaultValue\": null\r\n        }\r\n      },\r\n      \"inputSchemaMappingType\": \"Json\"\r\n    },\r\n    \"metricResourceId\": \"3520b2e5-8aed-4878-9a44-f9d909b85145\",\r\n    \"publicNetworkAccess\": \"Enabled\",\r\n    \"disableLocalAuth\": false,\r\n    \"autoCreateTopicWithFirstSubscription\": false,\r\n    \"autoDeleteTopicWithLastSubscription\": false,\r\n    \"dataResidencyBoundary\": \"WithinGeopair\"\r\n  },\r\n  \"systemData\": null,\r\n  \"location\": \"westcentralus\",\r\n  \"tags\": null,\r\n  \"id\": \"/subscriptions/5b4b650e-28b9-4790-b3ab-ddbd88d727c4/resourceGroups/RGName-ps7943/providers/Microsoft.EventGrid/domains/PSTestDomain-ps1153\",\r\n  \"name\": \"PSTestDomain-ps1153\",\r\n  \"type\": \"Microsoft.EventGrid/domains\"\r\n}",
      "StatusCode": 200
    },
    {
      "RequestUri": "/subscriptions/5b4b650e-28b9-4790-b3ab-ddbd88d727c4/resourceGroups/RGName-ps7943/providers/Microsoft.EventGrid/domains/PSTestDomain-ps1153?api-version=2022-06-15",
      "EncodedRequestUri": "L3N1YnNjcmlwdGlvbnMvNWI0YjY1MGUtMjhiOS00NzkwLWIzYWItZGRiZDg4ZDcyN2M0L3Jlc291cmNlR3JvdXBzL1JHTmFtZS1wczc5NDMvcHJvdmlkZXJzL01pY3Jvc29mdC5FdmVudEdyaWQvZG9tYWlucy9QU1Rlc3REb21haW4tcHMxMTUzP2FwaS12ZXJzaW9uPTIwMjItMDYtMTU=",
      "RequestMethod": "GET",
      "RequestHeaders": {
        "x-ms-client-request-id": [
          "539b1964-5814-43a7-b67e-b529d4e9e4d2"
        ],
        "Accept-Language": [
          "en-US"
        ],
        "User-Agent": [
          "FxVersion/4.700.22.41602",
          "OSName/Windows",
          "OSVersion/Microsoft.Windows.10.0.22621",
          "Microsoft.Azure.Management.EventGrid.EventGridManagementClient/8.0.0.0"
        ]
      },
      "RequestBody": "",
      "ResponseHeaders": {
        "Cache-Control": [
          "no-cache"
        ],
        "Pragma": [
          "no-cache"
        ],
        "Strict-Transport-Security": [
          "max-age=31536000; includeSubDomains"
        ],
        "x-ms-request-id": [
          "badf8e76-4647-4bce-8181-25078de43c26"
        ],
        "Server": [
          "Microsoft-HTTPAPI/2.0"
        ],
        "x-ms-ratelimit-remaining-subscription-reads": [
          "11999"
        ],
        "x-ms-correlation-request-id": [
          "210c8685-c4c8-4031-b56b-375d6535cb41"
        ],
        "x-ms-routing-request-id": [
          "WESTUS2:20221006T020610Z:210c8685-c4c8-4031-b56b-375d6535cb41"
        ],
        "X-Content-Type-Options": [
          "nosniff"
        ],
        "Date": [
          "Thu, 06 Oct 2022 02:06:10 GMT"
        ],
        "Content-Length": [
          "1073"
        ],
        "Content-Type": [
          "application/json; charset=utf-8"
        ],
        "Expires": [
          "-1"
        ]
      },
      "ResponseBody": "{\r\n  \"properties\": {\r\n    \"provisioningState\": \"Succeeded\",\r\n    \"endpoint\": \"https://pstestdomain-ps1153.westcentralus-1.eventgrid.azure.net/api/events\",\r\n    \"inputSchema\": \"CustomEventSchema\",\r\n    \"inputSchemaMapping\": {\r\n      \"properties\": {\r\n        \"id\": {\r\n          \"sourceField\": \"MyIdField\"\r\n        },\r\n        \"topic\": {\r\n          \"sourceField\": \"MyTopicField\"\r\n        },\r\n        \"eventTime\": {\r\n          \"sourceField\": \"MyEventTimeField\"\r\n        },\r\n        \"eventType\": {\r\n          \"sourceField\": \"MyEventTypeField\",\r\n          \"defaultValue\": null\r\n        },\r\n        \"subject\": {\r\n          \"sourceField\": \"MySubjectField\",\r\n          \"defaultValue\": null\r\n        },\r\n        \"dataVersion\": {\r\n          \"sourceField\": \"MyDataVersionField\",\r\n          \"defaultValue\": null\r\n        }\r\n      },\r\n      \"inputSchemaMappingType\": \"Json\"\r\n    },\r\n    \"metricResourceId\": \"3520b2e5-8aed-4878-9a44-f9d909b85145\",\r\n    \"publicNetworkAccess\": \"Enabled\",\r\n    \"disableLocalAuth\": false,\r\n    \"autoCreateTopicWithFirstSubscription\": false,\r\n    \"autoDeleteTopicWithLastSubscription\": false,\r\n    \"dataResidencyBoundary\": \"WithinGeopair\"\r\n  },\r\n  \"systemData\": null,\r\n  \"location\": \"westcentralus\",\r\n  \"tags\": null,\r\n  \"id\": \"/subscriptions/5b4b650e-28b9-4790-b3ab-ddbd88d727c4/resourceGroups/RGName-ps7943/providers/Microsoft.EventGrid/domains/PSTestDomain-ps1153\",\r\n  \"name\": \"PSTestDomain-ps1153\",\r\n  \"type\": \"Microsoft.EventGrid/domains\"\r\n}",
      "StatusCode": 200
    },
    {
      "RequestUri": "/subscriptions/5b4b650e-28b9-4790-b3ab-ddbd88d727c4/resourceGroups/RGName-ps7943/providers/Microsoft.EventGrid/domains/PSTestDomain-ps6324?api-version=2022-06-15",
      "EncodedRequestUri": "L3N1YnNjcmlwdGlvbnMvNWI0YjY1MGUtMjhiOS00NzkwLWIzYWItZGRiZDg4ZDcyN2M0L3Jlc291cmNlR3JvdXBzL1JHTmFtZS1wczc5NDMvcHJvdmlkZXJzL01pY3Jvc29mdC5FdmVudEdyaWQvZG9tYWlucy9QU1Rlc3REb21haW4tcHM2MzI0P2FwaS12ZXJzaW9uPTIwMjItMDYtMTU=",
      "RequestMethod": "PUT",
      "RequestHeaders": {
        "x-ms-client-request-id": [
          "f09288df-1752-49d0-b144-c7a325a77330"
        ],
        "Accept-Language": [
          "en-US"
        ],
        "User-Agent": [
          "FxVersion/4.700.22.41602",
          "OSName/Windows",
          "OSVersion/Microsoft.Windows.10.0.22621",
          "Microsoft.Azure.Management.EventGrid.EventGridManagementClient/8.0.0.0"
        ],
        "Content-Type": [
          "application/json; charset=utf-8"
        ],
        "Content-Length": [
          "1009"
        ]
      },
      "RequestBody": "{\r\n  \"properties\": {\r\n    \"inputSchema\": \"customeventschema\",\r\n    \"inputSchemaMapping\": {\r\n      \"inputSchemaMappingType\": \"Json\",\r\n      \"properties\": {\r\n        \"id\": {\r\n          \"sourceField\": \"MyIdField\"\r\n        },\r\n        \"topic\": {\r\n          \"sourceField\": \"MyTopicField\"\r\n        },\r\n        \"eventTime\": {\r\n          \"sourceField\": \"MyEventTimeField\"\r\n        },\r\n        \"eventType\": {\r\n          \"sourceField\": \"MyEventTypeField\",\r\n          \"defaultValue\": \"MyEventTypeDefaultValue\"\r\n        },\r\n        \"subject\": {\r\n          \"sourceField\": \"MySubjectField\",\r\n          \"defaultValue\": \"MySubjectDefaultValue\"\r\n        },\r\n        \"dataVersion\": {\r\n          \"sourceField\": \"MyDataVersionField\",\r\n          \"defaultValue\": \"MyDataVersionDefaultValue\"\r\n        }\r\n      }\r\n    },\r\n    \"publicNetworkAccess\": \"enabled\",\r\n    \"disableLocalAuth\": false,\r\n    \"autoCreateTopicWithFirstSubscription\": false,\r\n    \"autoDeleteTopicWithLastSubscription\": false\r\n  },\r\n  \"location\": \"westcentralus\"\r\n}",
      "ResponseHeaders": {
        "Cache-Control": [
          "no-cache"
        ],
        "Pragma": [
          "no-cache"
        ],
        "Retry-After": [
          "10"
        ],
        "Strict-Transport-Security": [
          "max-age=31536000; includeSubDomains"
        ],
        "Azure-AsyncOperation": [
          "https://management.azure.com:443/subscriptions/5b4b650e-28b9-4790-b3ab-ddbd88d727c4/providers/Microsoft.EventGrid/locations/westcentralus/operationsStatus/E85317A1-37EF-4CF4-858E-B70C3BDF8262?api-version=2022-06-15"
        ],
        "x-ms-request-id": [
          "9d26b6f5-e1eb-47d0-ad0d-e4556b27267d"
        ],
        "Server": [
          "Microsoft-HTTPAPI/2.0"
        ],
        "x-ms-ratelimit-remaining-subscription-writes": [
          "1199"
        ],
        "x-ms-correlation-request-id": [
          "320e3cb1-5a77-40ba-b796-b0496bc42558"
        ],
        "x-ms-routing-request-id": [
          "WESTUS2:20221006T020600Z:320e3cb1-5a77-40ba-b796-b0496bc42558"
        ],
        "X-Content-Type-Options": [
          "nosniff"
        ],
        "Date": [
          "Thu, 06 Oct 2022 02:05:59 GMT"
        ],
        "Content-Length": [
          "965"
        ],
        "Content-Type": [
          "application/json; charset=utf-8"
        ],
        "Expires": [
          "-1"
        ]
      },
      "ResponseBody": "{\r\n  \"properties\": {\r\n    \"provisioningState\": \"Creating\",\r\n    \"endpoint\": null,\r\n    \"inputSchema\": \"CustomEventSchema\",\r\n    \"inputSchemaMapping\": {\r\n      \"properties\": {\r\n        \"id\": {\r\n          \"sourceField\": \"MyIdField\"\r\n        },\r\n        \"topic\": {\r\n          \"sourceField\": \"MyTopicField\"\r\n        },\r\n        \"eventTime\": {\r\n          \"sourceField\": \"MyEventTimeField\"\r\n        },\r\n        \"eventType\": {\r\n          \"sourceField\": \"MyEventTypeField\",\r\n          \"defaultValue\": \"MyEventTypeDefaultValue\"\r\n        },\r\n        \"subject\": {\r\n          \"sourceField\": \"MySubjectField\",\r\n          \"defaultValue\": \"MySubjectDefaultValue\"\r\n        },\r\n        \"dataVersion\": {\r\n          \"sourceField\": \"MyDataVersionField\",\r\n          \"defaultValue\": \"MyDataVersionDefaultValue\"\r\n        }\r\n      },\r\n      \"inputSchemaMappingType\": \"Json\"\r\n    },\r\n    \"publicNetworkAccess\": \"Enabled\",\r\n    \"disableLocalAuth\": false,\r\n    \"autoCreateTopicWithFirstSubscription\": false,\r\n    \"autoDeleteTopicWithLastSubscription\": false\r\n  },\r\n  \"systemData\": null,\r\n  \"location\": \"westcentralus\",\r\n  \"tags\": null,\r\n  \"id\": \"/subscriptions/5b4b650e-28b9-4790-b3ab-ddbd88d727c4/resourceGroups/RGName-ps7943/providers/Microsoft.EventGrid/domains/PSTestDomain-ps6324\",\r\n  \"name\": \"PSTestDomain-ps6324\",\r\n  \"type\": \"Microsoft.EventGrid/domains\"\r\n}",
      "StatusCode": 201
    },
    {
      "RequestUri": "/subscriptions/5b4b650e-28b9-4790-b3ab-ddbd88d727c4/providers/Microsoft.EventGrid/locations/westcentralus/operationsStatus/E85317A1-37EF-4CF4-858E-B70C3BDF8262?api-version=2022-06-15",
      "EncodedRequestUri": "L3N1YnNjcmlwdGlvbnMvNWI0YjY1MGUtMjhiOS00NzkwLWIzYWItZGRiZDg4ZDcyN2M0L3Byb3ZpZGVycy9NaWNyb3NvZnQuRXZlbnRHcmlkL2xvY2F0aW9ucy93ZXN0Y2VudHJhbHVzL29wZXJhdGlvbnNTdGF0dXMvRTg1MzE3QTEtMzdFRi00Q0Y0LTg1OEUtQjcwQzNCREY4MjYyP2FwaS12ZXJzaW9uPTIwMjItMDYtMTU=",
      "RequestMethod": "GET",
      "RequestHeaders": {
        "x-ms-client-request-id": [
          "f09288df-1752-49d0-b144-c7a325a77330"
        ],
        "User-Agent": [
          "FxVersion/4.700.22.41602",
          "OSName/Windows",
          "OSVersion/Microsoft.Windows.10.0.22621",
          "Microsoft.Azure.Management.EventGrid.EventGridManagementClient/8.0.0.0"
        ]
      },
      "RequestBody": "",
      "ResponseHeaders": {
        "Cache-Control": [
          "no-cache"
        ],
        "Pragma": [
          "no-cache"
        ],
        "Strict-Transport-Security": [
          "max-age=31536000; includeSubDomains"
        ],
        "x-ms-request-id": [
          "2c936ead-5651-4146-bd91-2db688efc7f0"
        ],
        "Server": [
          "Microsoft-HTTPAPI/2.0"
        ],
        "x-ms-ratelimit-remaining-subscription-reads": [
          "11999"
        ],
        "x-ms-correlation-request-id": [
          "cbc992bd-cf4c-4f9c-96fe-528affe990d8"
        ],
        "x-ms-routing-request-id": [
          "WESTUS2:20221006T020610Z:cbc992bd-cf4c-4f9c-96fe-528affe990d8"
        ],
        "X-Content-Type-Options": [
          "nosniff"
        ],
        "Date": [
          "Thu, 06 Oct 2022 02:06:09 GMT"
        ],
        "Content-Length": [
          "286"
        ],
        "Content-Type": [
          "application/json; charset=utf-8"
        ],
        "Expires": [
          "-1"
        ]
      },
      "ResponseBody": "{\r\n  \"id\": \"https://management.azure.com/subscriptions/5b4b650e-28b9-4790-b3ab-ddbd88d727c4/providers/Microsoft.EventGrid/locations/westcentralus/operationsStatus/E85317A1-37EF-4CF4-858E-B70C3BDF8262?api-version=2022-06-15\",\r\n  \"name\": \"e85317a1-37ef-4cf4-858e-b70c3bdf8262\",\r\n  \"status\": \"Succeeded\"\r\n}",
      "StatusCode": 200
    },
    {
      "RequestUri": "/subscriptions/5b4b650e-28b9-4790-b3ab-ddbd88d727c4/resourceGroups/RGName-ps7943/providers/Microsoft.EventGrid/domains/PSTestDomain-ps6324?api-version=2022-06-15",
      "EncodedRequestUri": "L3N1YnNjcmlwdGlvbnMvNWI0YjY1MGUtMjhiOS00NzkwLWIzYWItZGRiZDg4ZDcyN2M0L3Jlc291cmNlR3JvdXBzL1JHTmFtZS1wczc5NDMvcHJvdmlkZXJzL01pY3Jvc29mdC5FdmVudEdyaWQvZG9tYWlucy9QU1Rlc3REb21haW4tcHM2MzI0P2FwaS12ZXJzaW9uPTIwMjItMDYtMTU=",
      "RequestMethod": "GET",
      "RequestHeaders": {
        "x-ms-client-request-id": [
          "f09288df-1752-49d0-b144-c7a325a77330"
        ],
        "User-Agent": [
          "FxVersion/4.700.22.41602",
          "OSName/Windows",
          "OSVersion/Microsoft.Windows.10.0.22621",
          "Microsoft.Azure.Management.EventGrid.EventGridManagementClient/8.0.0.0"
        ]
      },
      "RequestBody": "",
      "ResponseHeaders": {
        "Cache-Control": [
          "no-cache"
        ],
        "Pragma": [
          "no-cache"
        ],
        "Strict-Transport-Security": [
          "max-age=31536000; includeSubDomains"
        ],
        "x-ms-request-id": [
          "fabbfb16-518a-4925-bf14-823ccdbfd0b6"
        ],
        "Server": [
          "Microsoft-HTTPAPI/2.0"
        ],
        "x-ms-ratelimit-remaining-subscription-reads": [
          "11998"
        ],
        "x-ms-correlation-request-id": [
          "457b77d8-0e1d-4d0f-b491-87f3ad9ab339"
        ],
        "x-ms-routing-request-id": [
          "WESTUS2:20221006T020610Z:457b77d8-0e1d-4d0f-b491-87f3ad9ab339"
        ],
        "X-Content-Type-Options": [
          "nosniff"
        ],
        "Date": [
          "Thu, 06 Oct 2022 02:06:09 GMT"
        ],
        "Content-Length": [
          "1136"
        ],
        "Content-Type": [
          "application/json; charset=utf-8"
        ],
        "Expires": [
          "-1"
        ]
      },
      "ResponseBody": "{\r\n  \"properties\": {\r\n    \"provisioningState\": \"Succeeded\",\r\n    \"endpoint\": \"https://pstestdomain-ps6324.westcentralus-1.eventgrid.azure.net/api/events\",\r\n    \"inputSchema\": \"CustomEventSchema\",\r\n    \"inputSchemaMapping\": {\r\n      \"properties\": {\r\n        \"id\": {\r\n          \"sourceField\": \"MyIdField\"\r\n        },\r\n        \"topic\": {\r\n          \"sourceField\": \"MyTopicField\"\r\n        },\r\n        \"eventTime\": {\r\n          \"sourceField\": \"MyEventTimeField\"\r\n        },\r\n        \"eventType\": {\r\n          \"sourceField\": \"MyEventTypeField\",\r\n          \"defaultValue\": \"MyEventTypeDefaultValue\"\r\n        },\r\n        \"subject\": {\r\n          \"sourceField\": \"MySubjectField\",\r\n          \"defaultValue\": \"MySubjectDefaultValue\"\r\n        },\r\n        \"dataVersion\": {\r\n          \"sourceField\": \"MyDataVersionField\",\r\n          \"defaultValue\": \"MyDataVersionDefaultValue\"\r\n        }\r\n      },\r\n      \"inputSchemaMappingType\": \"Json\"\r\n    },\r\n    \"metricResourceId\": \"7194013f-18f6-4874-a27a-56fccf0caa3e\",\r\n    \"publicNetworkAccess\": \"Enabled\",\r\n    \"disableLocalAuth\": false,\r\n    \"autoCreateTopicWithFirstSubscription\": false,\r\n    \"autoDeleteTopicWithLastSubscription\": false,\r\n    \"dataResidencyBoundary\": \"WithinGeopair\"\r\n  },\r\n  \"systemData\": null,\r\n  \"location\": \"westcentralus\",\r\n  \"tags\": null,\r\n  \"id\": \"/subscriptions/5b4b650e-28b9-4790-b3ab-ddbd88d727c4/resourceGroups/RGName-ps7943/providers/Microsoft.EventGrid/domains/PSTestDomain-ps6324\",\r\n  \"name\": \"PSTestDomain-ps6324\",\r\n  \"type\": \"Microsoft.EventGrid/domains\"\r\n}",
      "StatusCode": 200
    },
    {
      "RequestUri": "/subscriptions/5b4b650e-28b9-4790-b3ab-ddbd88d727c4/resourceGroups/RGName-ps7943/providers/Microsoft.EventGrid/domains/PSTestDomain-ps5018?api-version=2022-06-15",
      "EncodedRequestUri": "L3N1YnNjcmlwdGlvbnMvNWI0YjY1MGUtMjhiOS00NzkwLWIzYWItZGRiZDg4ZDcyN2M0L3Jlc291cmNlR3JvdXBzL1JHTmFtZS1wczc5NDMvcHJvdmlkZXJzL01pY3Jvc29mdC5FdmVudEdyaWQvZG9tYWlucy9QU1Rlc3REb21haW4tcHM1MDE4P2FwaS12ZXJzaW9uPTIwMjItMDYtMTU=",
      "RequestMethod": "DELETE",
      "RequestHeaders": {
        "x-ms-client-request-id": [
          "640dc6db-c8ba-4c17-beba-7277df52cb5a"
        ],
        "Accept-Language": [
          "en-US"
        ],
        "User-Agent": [
          "FxVersion/4.700.22.41602",
          "OSName/Windows",
          "OSVersion/Microsoft.Windows.10.0.22621",
          "Microsoft.Azure.Management.EventGrid.EventGridManagementClient/8.0.0.0"
        ]
      },
      "RequestBody": "",
      "ResponseHeaders": {
        "Cache-Control": [
          "no-cache"
        ],
        "Pragma": [
          "no-cache"
        ],
        "Location": [
          "https://management.azure.com/subscriptions/5b4b650e-28b9-4790-b3ab-ddbd88d727c4/providers/Microsoft.EventGrid/locations/westcentralus/operationResults/A67CF757-F526-4E8B-AA20-0FAD6719EE04?api-version=2022-06-15"
        ],
        "Retry-After": [
          "10"
        ],
        "Strict-Transport-Security": [
          "max-age=31536000; includeSubDomains"
        ],
        "Azure-AsyncOperation": [
          "https://management.azure.com:443/subscriptions/5b4b650e-28b9-4790-b3ab-ddbd88d727c4/providers/Microsoft.EventGrid/locations/westcentralus/operationsStatus/A67CF757-F526-4E8B-AA20-0FAD6719EE04?api-version=2022-06-15"
        ],
        "Server": [
          "Microsoft-HTTPAPI/2.0"
        ],
        "x-ms-ratelimit-remaining-subscription-deletes": [
          "14999"
        ],
        "x-ms-request-id": [
          "38dd84dc-2783-41b5-95ad-568554dc766f"
        ],
        "x-ms-correlation-request-id": [
          "38dd84dc-2783-41b5-95ad-568554dc766f"
        ],
        "x-ms-routing-request-id": [
          "WESTUS2:20221006T020611Z:38dd84dc-2783-41b5-95ad-568554dc766f"
        ],
        "X-Content-Type-Options": [
          "nosniff"
        ],
        "Date": [
          "Thu, 06 Oct 2022 02:06:10 GMT"
        ],
        "Expires": [
          "-1"
        ],
        "Content-Length": [
          "0"
        ]
      },
      "ResponseBody": "",
      "StatusCode": 202
    },
    {
      "RequestUri": "/subscriptions/5b4b650e-28b9-4790-b3ab-ddbd88d727c4/providers/Microsoft.EventGrid/locations/westcentralus/operationsStatus/A67CF757-F526-4E8B-AA20-0FAD6719EE04?api-version=2022-06-15",
      "EncodedRequestUri": "L3N1YnNjcmlwdGlvbnMvNWI0YjY1MGUtMjhiOS00NzkwLWIzYWItZGRiZDg4ZDcyN2M0L3Byb3ZpZGVycy9NaWNyb3NvZnQuRXZlbnRHcmlkL2xvY2F0aW9ucy93ZXN0Y2VudHJhbHVzL29wZXJhdGlvbnNTdGF0dXMvQTY3Q0Y3NTctRjUyNi00RThCLUFBMjAtMEZBRDY3MTlFRTA0P2FwaS12ZXJzaW9uPTIwMjItMDYtMTU=",
      "RequestMethod": "GET",
      "RequestHeaders": {
        "x-ms-client-request-id": [
          "640dc6db-c8ba-4c17-beba-7277df52cb5a"
        ],
        "User-Agent": [
          "FxVersion/4.700.22.41602",
          "OSName/Windows",
          "OSVersion/Microsoft.Windows.10.0.22621",
          "Microsoft.Azure.Management.EventGrid.EventGridManagementClient/8.0.0.0"
        ]
      },
      "RequestBody": "",
      "ResponseHeaders": {
        "Cache-Control": [
          "no-cache"
        ],
        "Pragma": [
          "no-cache"
        ],
        "Strict-Transport-Security": [
          "max-age=31536000; includeSubDomains"
        ],
        "x-ms-request-id": [
          "07182b78-2ed2-4fca-bc88-4f2f4e87a277"
        ],
        "Server": [
          "Microsoft-HTTPAPI/2.0"
        ],
        "x-ms-ratelimit-remaining-subscription-reads": [
          "11999"
        ],
        "x-ms-correlation-request-id": [
          "bc905d66-b482-4ac3-b98d-4d8df12c5c91"
        ],
        "x-ms-routing-request-id": [
          "WESTUS2:20221006T020621Z:bc905d66-b482-4ac3-b98d-4d8df12c5c91"
        ],
        "X-Content-Type-Options": [
          "nosniff"
        ],
        "Date": [
          "Thu, 06 Oct 2022 02:06:20 GMT"
        ],
        "Content-Length": [
          "286"
        ],
        "Content-Type": [
          "application/json; charset=utf-8"
        ],
        "Expires": [
          "-1"
        ]
      },
      "ResponseBody": "{\r\n  \"id\": \"https://management.azure.com/subscriptions/5b4b650e-28b9-4790-b3ab-ddbd88d727c4/providers/Microsoft.EventGrid/locations/westcentralus/operationsStatus/A67CF757-F526-4E8B-AA20-0FAD6719EE04?api-version=2022-06-15\",\r\n  \"name\": \"a67cf757-f526-4e8b-aa20-0fad6719ee04\",\r\n  \"status\": \"Succeeded\"\r\n}",
      "StatusCode": 200
    },
    {
      "RequestUri": "/subscriptions/5b4b650e-28b9-4790-b3ab-ddbd88d727c4/providers/Microsoft.EventGrid/locations/westcentralus/operationResults/A67CF757-F526-4E8B-AA20-0FAD6719EE04?api-version=2022-06-15",
      "EncodedRequestUri": "L3N1YnNjcmlwdGlvbnMvNWI0YjY1MGUtMjhiOS00NzkwLWIzYWItZGRiZDg4ZDcyN2M0L3Byb3ZpZGVycy9NaWNyb3NvZnQuRXZlbnRHcmlkL2xvY2F0aW9ucy93ZXN0Y2VudHJhbHVzL29wZXJhdGlvblJlc3VsdHMvQTY3Q0Y3NTctRjUyNi00RThCLUFBMjAtMEZBRDY3MTlFRTA0P2FwaS12ZXJzaW9uPTIwMjItMDYtMTU=",
      "RequestMethod": "GET",
      "RequestHeaders": {
        "x-ms-client-request-id": [
          "640dc6db-c8ba-4c17-beba-7277df52cb5a"
        ],
        "User-Agent": [
          "FxVersion/4.700.22.41602",
          "OSName/Windows",
          "OSVersion/Microsoft.Windows.10.0.22621",
          "Microsoft.Azure.Management.EventGrid.EventGridManagementClient/8.0.0.0"
        ]
      },
      "RequestBody": "",
      "ResponseHeaders": {
        "Cache-Control": [
          "no-cache"
        ],
        "Pragma": [
          "no-cache"
        ],
        "Strict-Transport-Security": [
          "max-age=31536000; includeSubDomains"
        ],
        "x-ms-request-id": [
          "dd094905-247e-48de-b2c0-56d33f1811de"
        ],
        "Server": [
          "Microsoft-HTTPAPI/2.0"
        ],
        "x-ms-ratelimit-remaining-subscription-reads": [
          "11998"
        ],
        "x-ms-correlation-request-id": [
          "5da20350-1aae-4bd4-955b-902973aa6293"
        ],
        "x-ms-routing-request-id": [
          "WESTUS2:20221006T020621Z:5da20350-1aae-4bd4-955b-902973aa6293"
        ],
        "X-Content-Type-Options": [
          "nosniff"
        ],
        "Date": [
          "Thu, 06 Oct 2022 02:06:20 GMT"
        ],
        "Expires": [
          "-1"
        ],
        "Content-Length": [
          "0"
        ]
      },
      "ResponseBody": "",
      "StatusCode": 200
    },
    {
      "RequestUri": "/subscriptions/5b4b650e-28b9-4790-b3ab-ddbd88d727c4/resourceGroups/RGName-ps7943/providers/Microsoft.EventGrid/domains/PSTestDomain-ps6?api-version=2022-06-15",
      "EncodedRequestUri": "L3N1YnNjcmlwdGlvbnMvNWI0YjY1MGUtMjhiOS00NzkwLWIzYWItZGRiZDg4ZDcyN2M0L3Jlc291cmNlR3JvdXBzL1JHTmFtZS1wczc5NDMvcHJvdmlkZXJzL01pY3Jvc29mdC5FdmVudEdyaWQvZG9tYWlucy9QU1Rlc3REb21haW4tcHM2P2FwaS12ZXJzaW9uPTIwMjItMDYtMTU=",
      "RequestMethod": "DELETE",
      "RequestHeaders": {
        "x-ms-client-request-id": [
          "ee1373aa-b788-45ec-9a3e-27114eac5a0f"
        ],
        "Accept-Language": [
          "en-US"
        ],
        "User-Agent": [
          "FxVersion/4.700.22.41602",
          "OSName/Windows",
          "OSVersion/Microsoft.Windows.10.0.22621",
          "Microsoft.Azure.Management.EventGrid.EventGridManagementClient/8.0.0.0"
        ]
      },
      "RequestBody": "",
      "ResponseHeaders": {
        "Cache-Control": [
          "no-cache"
        ],
        "Pragma": [
          "no-cache"
        ],
        "Location": [
          "https://management.azure.com/subscriptions/5b4b650e-28b9-4790-b3ab-ddbd88d727c4/providers/Microsoft.EventGrid/locations/westcentralus/operationResults/E9CCB205-C938-4252-84F5-7BB1B4564FCF?api-version=2022-06-15"
        ],
        "Retry-After": [
          "10"
        ],
        "Strict-Transport-Security": [
          "max-age=31536000; includeSubDomains"
        ],
        "Azure-AsyncOperation": [
          "https://management.azure.com:443/subscriptions/5b4b650e-28b9-4790-b3ab-ddbd88d727c4/providers/Microsoft.EventGrid/locations/westcentralus/operationsStatus/E9CCB205-C938-4252-84F5-7BB1B4564FCF?api-version=2022-06-15"
        ],
        "Server": [
          "Microsoft-HTTPAPI/2.0"
        ],
        "x-ms-ratelimit-remaining-subscription-deletes": [
          "14999"
        ],
        "x-ms-request-id": [
          "85ba4d16-9728-4379-b733-31194096755f"
        ],
        "x-ms-correlation-request-id": [
          "85ba4d16-9728-4379-b733-31194096755f"
        ],
        "x-ms-routing-request-id": [
          "WESTUS2:20221006T020623Z:85ba4d16-9728-4379-b733-31194096755f"
        ],
        "X-Content-Type-Options": [
          "nosniff"
        ],
        "Date": [
          "Thu, 06 Oct 2022 02:06:23 GMT"
        ],
        "Expires": [
          "-1"
        ],
        "Content-Length": [
          "0"
        ]
      },
      "ResponseBody": "",
      "StatusCode": 202
    },
    {
      "RequestUri": "/subscriptions/5b4b650e-28b9-4790-b3ab-ddbd88d727c4/providers/Microsoft.EventGrid/locations/westcentralus/operationsStatus/E9CCB205-C938-4252-84F5-7BB1B4564FCF?api-version=2022-06-15",
      "EncodedRequestUri": "L3N1YnNjcmlwdGlvbnMvNWI0YjY1MGUtMjhiOS00NzkwLWIzYWItZGRiZDg4ZDcyN2M0L3Byb3ZpZGVycy9NaWNyb3NvZnQuRXZlbnRHcmlkL2xvY2F0aW9ucy93ZXN0Y2VudHJhbHVzL29wZXJhdGlvbnNTdGF0dXMvRTlDQ0IyMDUtQzkzOC00MjUyLTg0RjUtN0JCMUI0NTY0RkNGP2FwaS12ZXJzaW9uPTIwMjItMDYtMTU=",
      "RequestMethod": "GET",
      "RequestHeaders": {
        "x-ms-client-request-id": [
          "ee1373aa-b788-45ec-9a3e-27114eac5a0f"
        ],
        "User-Agent": [
          "FxVersion/4.700.22.41602",
          "OSName/Windows",
          "OSVersion/Microsoft.Windows.10.0.22621",
          "Microsoft.Azure.Management.EventGrid.EventGridManagementClient/8.0.0.0"
        ]
      },
      "RequestBody": "",
      "ResponseHeaders": {
        "Cache-Control": [
          "no-cache"
        ],
        "Pragma": [
          "no-cache"
        ],
        "Strict-Transport-Security": [
          "max-age=31536000; includeSubDomains"
        ],
        "x-ms-request-id": [
          "bed562b3-f7fa-45e3-9b7b-80bfa455ae4e"
        ],
        "Server": [
          "Microsoft-HTTPAPI/2.0"
        ],
        "x-ms-ratelimit-remaining-subscription-reads": [
          "11999"
        ],
        "x-ms-correlation-request-id": [
          "4a2331c7-aaee-4e3d-a054-6f98a3d9ad34"
        ],
        "x-ms-routing-request-id": [
          "WESTUS2:20221006T020633Z:4a2331c7-aaee-4e3d-a054-6f98a3d9ad34"
        ],
        "X-Content-Type-Options": [
          "nosniff"
        ],
        "Date": [
          "Thu, 06 Oct 2022 02:06:32 GMT"
        ],
        "Content-Length": [
          "286"
        ],
        "Content-Type": [
          "application/json; charset=utf-8"
        ],
        "Expires": [
          "-1"
        ]
      },
      "ResponseBody": "{\r\n  \"id\": \"https://management.azure.com/subscriptions/5b4b650e-28b9-4790-b3ab-ddbd88d727c4/providers/Microsoft.EventGrid/locations/westcentralus/operationsStatus/E9CCB205-C938-4252-84F5-7BB1B4564FCF?api-version=2022-06-15\",\r\n  \"name\": \"e9ccb205-c938-4252-84f5-7bb1b4564fcf\",\r\n  \"status\": \"Succeeded\"\r\n}",
      "StatusCode": 200
    },
    {
      "RequestUri": "/subscriptions/5b4b650e-28b9-4790-b3ab-ddbd88d727c4/providers/Microsoft.EventGrid/locations/westcentralus/operationResults/E9CCB205-C938-4252-84F5-7BB1B4564FCF?api-version=2022-06-15",
      "EncodedRequestUri": "L3N1YnNjcmlwdGlvbnMvNWI0YjY1MGUtMjhiOS00NzkwLWIzYWItZGRiZDg4ZDcyN2M0L3Byb3ZpZGVycy9NaWNyb3NvZnQuRXZlbnRHcmlkL2xvY2F0aW9ucy93ZXN0Y2VudHJhbHVzL29wZXJhdGlvblJlc3VsdHMvRTlDQ0IyMDUtQzkzOC00MjUyLTg0RjUtN0JCMUI0NTY0RkNGP2FwaS12ZXJzaW9uPTIwMjItMDYtMTU=",
      "RequestMethod": "GET",
      "RequestHeaders": {
        "x-ms-client-request-id": [
          "ee1373aa-b788-45ec-9a3e-27114eac5a0f"
        ],
        "User-Agent": [
          "FxVersion/4.700.22.41602",
          "OSName/Windows",
          "OSVersion/Microsoft.Windows.10.0.22621",
          "Microsoft.Azure.Management.EventGrid.EventGridManagementClient/8.0.0.0"
        ]
      },
      "RequestBody": "",
      "ResponseHeaders": {
        "Cache-Control": [
          "no-cache"
        ],
        "Pragma": [
          "no-cache"
        ],
        "Strict-Transport-Security": [
          "max-age=31536000; includeSubDomains"
        ],
        "x-ms-request-id": [
          "1b541649-8204-4a86-ac71-957a288ab881"
        ],
        "Server": [
          "Microsoft-HTTPAPI/2.0"
        ],
        "x-ms-ratelimit-remaining-subscription-reads": [
          "11998"
        ],
        "x-ms-correlation-request-id": [
          "6d2268f1-9037-4304-a19d-9340601c444b"
        ],
        "x-ms-routing-request-id": [
          "WESTUS2:20221006T020633Z:6d2268f1-9037-4304-a19d-9340601c444b"
        ],
        "X-Content-Type-Options": [
          "nosniff"
        ],
        "Date": [
          "Thu, 06 Oct 2022 02:06:32 GMT"
        ],
        "Expires": [
          "-1"
        ],
        "Content-Length": [
          "0"
        ]
      },
      "ResponseBody": "",
      "StatusCode": 200
    },
    {
      "RequestUri": "/subscriptions/5b4b650e-28b9-4790-b3ab-ddbd88d727c4/resourceGroups/RGName-ps7943/providers/Microsoft.EventGrid/domains/PSTestDomain-ps7636?api-version=2022-06-15",
      "EncodedRequestUri": "L3N1YnNjcmlwdGlvbnMvNWI0YjY1MGUtMjhiOS00NzkwLWIzYWItZGRiZDg4ZDcyN2M0L3Jlc291cmNlR3JvdXBzL1JHTmFtZS1wczc5NDMvcHJvdmlkZXJzL01pY3Jvc29mdC5FdmVudEdyaWQvZG9tYWlucy9QU1Rlc3REb21haW4tcHM3NjM2P2FwaS12ZXJzaW9uPTIwMjItMDYtMTU=",
      "RequestMethod": "DELETE",
      "RequestHeaders": {
        "x-ms-client-request-id": [
          "c62a5097-dac9-4e8a-98a4-c4004c9a88cc"
        ],
        "Accept-Language": [
          "en-US"
        ],
        "User-Agent": [
          "FxVersion/4.700.22.41602",
          "OSName/Windows",
          "OSVersion/Microsoft.Windows.10.0.22621",
          "Microsoft.Azure.Management.EventGrid.EventGridManagementClient/8.0.0.0"
        ]
      },
      "RequestBody": "",
      "ResponseHeaders": {
        "Cache-Control": [
          "no-cache"
        ],
        "Pragma": [
          "no-cache"
        ],
        "Location": [
          "https://management.azure.com/subscriptions/5b4b650e-28b9-4790-b3ab-ddbd88d727c4/providers/Microsoft.EventGrid/locations/westcentralus/operationResults/6B4B2726-1787-49E2-8261-BB9D2F40E19C?api-version=2022-06-15"
        ],
        "Retry-After": [
          "10"
        ],
        "Strict-Transport-Security": [
          "max-age=31536000; includeSubDomains"
        ],
        "Azure-AsyncOperation": [
          "https://management.azure.com:443/subscriptions/5b4b650e-28b9-4790-b3ab-ddbd88d727c4/providers/Microsoft.EventGrid/locations/westcentralus/operationsStatus/6B4B2726-1787-49E2-8261-BB9D2F40E19C?api-version=2022-06-15"
        ],
        "Server": [
          "Microsoft-HTTPAPI/2.0"
        ],
        "x-ms-ratelimit-remaining-subscription-deletes": [
          "14999"
        ],
        "x-ms-request-id": [
          "729a3626-cd73-454c-890e-d96e171cb1d2"
        ],
        "x-ms-correlation-request-id": [
          "729a3626-cd73-454c-890e-d96e171cb1d2"
        ],
        "x-ms-routing-request-id": [
          "WESTUS2:20221006T020634Z:729a3626-cd73-454c-890e-d96e171cb1d2"
        ],
        "X-Content-Type-Options": [
          "nosniff"
        ],
        "Date": [
          "Thu, 06 Oct 2022 02:06:33 GMT"
        ],
        "Expires": [
          "-1"
        ],
        "Content-Length": [
          "0"
        ]
      },
      "ResponseBody": "",
      "StatusCode": 202
    },
    {
      "RequestUri": "/subscriptions/5b4b650e-28b9-4790-b3ab-ddbd88d727c4/providers/Microsoft.EventGrid/locations/westcentralus/operationsStatus/6B4B2726-1787-49E2-8261-BB9D2F40E19C?api-version=2022-06-15",
      "EncodedRequestUri": "L3N1YnNjcmlwdGlvbnMvNWI0YjY1MGUtMjhiOS00NzkwLWIzYWItZGRiZDg4ZDcyN2M0L3Byb3ZpZGVycy9NaWNyb3NvZnQuRXZlbnRHcmlkL2xvY2F0aW9ucy93ZXN0Y2VudHJhbHVzL29wZXJhdGlvbnNTdGF0dXMvNkI0QjI3MjYtMTc4Ny00OUUyLTgyNjEtQkI5RDJGNDBFMTlDP2FwaS12ZXJzaW9uPTIwMjItMDYtMTU=",
      "RequestMethod": "GET",
      "RequestHeaders": {
        "x-ms-client-request-id": [
          "c62a5097-dac9-4e8a-98a4-c4004c9a88cc"
        ],
        "User-Agent": [
          "FxVersion/4.700.22.41602",
          "OSName/Windows",
          "OSVersion/Microsoft.Windows.10.0.22621",
          "Microsoft.Azure.Management.EventGrid.EventGridManagementClient/8.0.0.0"
        ]
      },
      "RequestBody": "",
      "ResponseHeaders": {
        "Cache-Control": [
          "no-cache"
        ],
        "Pragma": [
          "no-cache"
        ],
        "Strict-Transport-Security": [
          "max-age=31536000; includeSubDomains"
        ],
        "x-ms-request-id": [
          "24db23d0-1979-44c4-a99d-ce9cf1264fef"
        ],
        "Server": [
          "Microsoft-HTTPAPI/2.0"
        ],
        "x-ms-ratelimit-remaining-subscription-reads": [
          "11999"
        ],
        "x-ms-correlation-request-id": [
          "0e3e1d6c-e662-4c9d-9b54-d99a365af475"
        ],
        "x-ms-routing-request-id": [
          "WESTUS2:20221006T020644Z:0e3e1d6c-e662-4c9d-9b54-d99a365af475"
        ],
        "X-Content-Type-Options": [
          "nosniff"
        ],
        "Date": [
          "Thu, 06 Oct 2022 02:06:43 GMT"
        ],
        "Content-Length": [
          "286"
        ],
        "Content-Type": [
          "application/json; charset=utf-8"
        ],
        "Expires": [
          "-1"
        ]
      },
      "ResponseBody": "{\r\n  \"id\": \"https://management.azure.com/subscriptions/5b4b650e-28b9-4790-b3ab-ddbd88d727c4/providers/Microsoft.EventGrid/locations/westcentralus/operationsStatus/6B4B2726-1787-49E2-8261-BB9D2F40E19C?api-version=2022-06-15\",\r\n  \"name\": \"6b4b2726-1787-49e2-8261-bb9d2f40e19c\",\r\n  \"status\": \"Succeeded\"\r\n}",
      "StatusCode": 200
    },
    {
      "RequestUri": "/subscriptions/5b4b650e-28b9-4790-b3ab-ddbd88d727c4/providers/Microsoft.EventGrid/locations/westcentralus/operationResults/6B4B2726-1787-49E2-8261-BB9D2F40E19C?api-version=2022-06-15",
      "EncodedRequestUri": "L3N1YnNjcmlwdGlvbnMvNWI0YjY1MGUtMjhiOS00NzkwLWIzYWItZGRiZDg4ZDcyN2M0L3Byb3ZpZGVycy9NaWNyb3NvZnQuRXZlbnRHcmlkL2xvY2F0aW9ucy93ZXN0Y2VudHJhbHVzL29wZXJhdGlvblJlc3VsdHMvNkI0QjI3MjYtMTc4Ny00OUUyLTgyNjEtQkI5RDJGNDBFMTlDP2FwaS12ZXJzaW9uPTIwMjItMDYtMTU=",
      "RequestMethod": "GET",
      "RequestHeaders": {
        "x-ms-client-request-id": [
          "c62a5097-dac9-4e8a-98a4-c4004c9a88cc"
        ],
        "User-Agent": [
          "FxVersion/4.700.22.41602",
          "OSName/Windows",
          "OSVersion/Microsoft.Windows.10.0.22621",
          "Microsoft.Azure.Management.EventGrid.EventGridManagementClient/8.0.0.0"
        ]
      },
      "RequestBody": "",
      "ResponseHeaders": {
        "Cache-Control": [
          "no-cache"
        ],
        "Pragma": [
          "no-cache"
        ],
        "Strict-Transport-Security": [
          "max-age=31536000; includeSubDomains"
        ],
        "x-ms-request-id": [
          "ee0a8846-660e-431c-af45-c09610b5a3a5"
        ],
        "Server": [
          "Microsoft-HTTPAPI/2.0"
        ],
        "x-ms-ratelimit-remaining-subscription-reads": [
          "11998"
        ],
        "x-ms-correlation-request-id": [
          "3a1572f2-e249-42e0-aa94-08737ac6e6bc"
        ],
        "x-ms-routing-request-id": [
          "WESTUS2:20221006T020644Z:3a1572f2-e249-42e0-aa94-08737ac6e6bc"
        ],
        "X-Content-Type-Options": [
          "nosniff"
        ],
        "Date": [
          "Thu, 06 Oct 2022 02:06:43 GMT"
        ],
        "Expires": [
          "-1"
        ],
        "Content-Length": [
          "0"
        ]
      },
      "ResponseBody": "",
      "StatusCode": 200
    },
    {
      "RequestUri": "/subscriptions/5b4b650e-28b9-4790-b3ab-ddbd88d727c4/resourceGroups/RGName-ps7943/providers/Microsoft.EventGrid/domains/PSTestDomain-ps4165?api-version=2022-06-15",
      "EncodedRequestUri": "L3N1YnNjcmlwdGlvbnMvNWI0YjY1MGUtMjhiOS00NzkwLWIzYWItZGRiZDg4ZDcyN2M0L3Jlc291cmNlR3JvdXBzL1JHTmFtZS1wczc5NDMvcHJvdmlkZXJzL01pY3Jvc29mdC5FdmVudEdyaWQvZG9tYWlucy9QU1Rlc3REb21haW4tcHM0MTY1P2FwaS12ZXJzaW9uPTIwMjItMDYtMTU=",
      "RequestMethod": "DELETE",
      "RequestHeaders": {
        "x-ms-client-request-id": [
          "9d5e7650-457a-4481-893d-03c1e32f13d8"
        ],
        "Accept-Language": [
          "en-US"
        ],
        "User-Agent": [
          "FxVersion/4.700.22.41602",
          "OSName/Windows",
          "OSVersion/Microsoft.Windows.10.0.22621",
          "Microsoft.Azure.Management.EventGrid.EventGridManagementClient/8.0.0.0"
        ]
      },
      "RequestBody": "",
      "ResponseHeaders": {
        "Cache-Control": [
          "no-cache"
        ],
        "Pragma": [
          "no-cache"
        ],
        "Location": [
          "https://management.azure.com/subscriptions/5b4b650e-28b9-4790-b3ab-ddbd88d727c4/providers/Microsoft.EventGrid/locations/westcentralus/operationResults/AFC6086C-ABF6-4D0B-99BC-D06EA85791D7?api-version=2022-06-15"
        ],
        "Retry-After": [
          "10"
        ],
        "Strict-Transport-Security": [
          "max-age=31536000; includeSubDomains"
        ],
        "Azure-AsyncOperation": [
          "https://management.azure.com:443/subscriptions/5b4b650e-28b9-4790-b3ab-ddbd88d727c4/providers/Microsoft.EventGrid/locations/westcentralus/operationsStatus/AFC6086C-ABF6-4D0B-99BC-D06EA85791D7?api-version=2022-06-15"
        ],
        "Server": [
          "Microsoft-HTTPAPI/2.0"
        ],
        "x-ms-ratelimit-remaining-subscription-deletes": [
          "14999"
        ],
        "x-ms-request-id": [
          "da809f93-9d1e-4f8f-8a43-92365484a29f"
        ],
        "x-ms-correlation-request-id": [
          "da809f93-9d1e-4f8f-8a43-92365484a29f"
        ],
        "x-ms-routing-request-id": [
          "WESTUS2:20221006T020645Z:da809f93-9d1e-4f8f-8a43-92365484a29f"
        ],
        "X-Content-Type-Options": [
          "nosniff"
        ],
        "Date": [
          "Thu, 06 Oct 2022 02:06:44 GMT"
        ],
        "Expires": [
          "-1"
        ],
        "Content-Length": [
          "0"
        ]
      },
      "ResponseBody": "",
      "StatusCode": 202
    },
    {
      "RequestUri": "/subscriptions/5b4b650e-28b9-4790-b3ab-ddbd88d727c4/providers/Microsoft.EventGrid/locations/westcentralus/operationsStatus/AFC6086C-ABF6-4D0B-99BC-D06EA85791D7?api-version=2022-06-15",
      "EncodedRequestUri": "L3N1YnNjcmlwdGlvbnMvNWI0YjY1MGUtMjhiOS00NzkwLWIzYWItZGRiZDg4ZDcyN2M0L3Byb3ZpZGVycy9NaWNyb3NvZnQuRXZlbnRHcmlkL2xvY2F0aW9ucy93ZXN0Y2VudHJhbHVzL29wZXJhdGlvbnNTdGF0dXMvQUZDNjA4NkMtQUJGNi00RDBCLTk5QkMtRDA2RUE4NTc5MUQ3P2FwaS12ZXJzaW9uPTIwMjItMDYtMTU=",
      "RequestMethod": "GET",
      "RequestHeaders": {
        "x-ms-client-request-id": [
          "9d5e7650-457a-4481-893d-03c1e32f13d8"
        ],
        "User-Agent": [
          "FxVersion/4.700.22.41602",
          "OSName/Windows",
          "OSVersion/Microsoft.Windows.10.0.22621",
          "Microsoft.Azure.Management.EventGrid.EventGridManagementClient/8.0.0.0"
        ]
      },
      "RequestBody": "",
      "ResponseHeaders": {
        "Cache-Control": [
          "no-cache"
        ],
        "Pragma": [
          "no-cache"
        ],
        "Strict-Transport-Security": [
          "max-age=31536000; includeSubDomains"
        ],
        "x-ms-request-id": [
          "b7994da2-496f-4ca6-833b-9e27e84ac668"
        ],
        "Server": [
          "Microsoft-HTTPAPI/2.0"
        ],
        "x-ms-ratelimit-remaining-subscription-reads": [
          "11997"
        ],
        "x-ms-correlation-request-id": [
          "bd2e086c-826c-464b-bb91-762aaf23800d"
        ],
        "x-ms-routing-request-id": [
          "WESTUS2:20221006T020655Z:bd2e086c-826c-464b-bb91-762aaf23800d"
        ],
        "X-Content-Type-Options": [
          "nosniff"
        ],
        "Date": [
          "Thu, 06 Oct 2022 02:06:55 GMT"
        ],
        "Content-Length": [
          "286"
        ],
        "Content-Type": [
          "application/json; charset=utf-8"
        ],
        "Expires": [
          "-1"
        ]
      },
      "ResponseBody": "{\r\n  \"id\": \"https://management.azure.com/subscriptions/5b4b650e-28b9-4790-b3ab-ddbd88d727c4/providers/Microsoft.EventGrid/locations/westcentralus/operationsStatus/AFC6086C-ABF6-4D0B-99BC-D06EA85791D7?api-version=2022-06-15\",\r\n  \"name\": \"afc6086c-abf6-4d0b-99bc-d06ea85791d7\",\r\n  \"status\": \"Succeeded\"\r\n}",
      "StatusCode": 200
    },
    {
      "RequestUri": "/subscriptions/5b4b650e-28b9-4790-b3ab-ddbd88d727c4/providers/Microsoft.EventGrid/locations/westcentralus/operationResults/AFC6086C-ABF6-4D0B-99BC-D06EA85791D7?api-version=2022-06-15",
      "EncodedRequestUri": "L3N1YnNjcmlwdGlvbnMvNWI0YjY1MGUtMjhiOS00NzkwLWIzYWItZGRiZDg4ZDcyN2M0L3Byb3ZpZGVycy9NaWNyb3NvZnQuRXZlbnRHcmlkL2xvY2F0aW9ucy93ZXN0Y2VudHJhbHVzL29wZXJhdGlvblJlc3VsdHMvQUZDNjA4NkMtQUJGNi00RDBCLTk5QkMtRDA2RUE4NTc5MUQ3P2FwaS12ZXJzaW9uPTIwMjItMDYtMTU=",
      "RequestMethod": "GET",
      "RequestHeaders": {
        "x-ms-client-request-id": [
          "9d5e7650-457a-4481-893d-03c1e32f13d8"
        ],
        "User-Agent": [
          "FxVersion/4.700.22.41602",
          "OSName/Windows",
          "OSVersion/Microsoft.Windows.10.0.22621",
          "Microsoft.Azure.Management.EventGrid.EventGridManagementClient/8.0.0.0"
        ]
      },
      "RequestBody": "",
      "ResponseHeaders": {
        "Cache-Control": [
          "no-cache"
        ],
        "Pragma": [
          "no-cache"
        ],
        "Strict-Transport-Security": [
          "max-age=31536000; includeSubDomains"
        ],
        "x-ms-request-id": [
          "9ed0632e-cf38-4060-befe-b75019b8709a"
        ],
        "Server": [
          "Microsoft-HTTPAPI/2.0"
        ],
        "x-ms-ratelimit-remaining-subscription-reads": [
          "11996"
        ],
        "x-ms-correlation-request-id": [
          "a4ac7732-4510-434c-9031-433bd857e6b2"
        ],
        "x-ms-routing-request-id": [
          "WESTUS2:20221006T020655Z:a4ac7732-4510-434c-9031-433bd857e6b2"
        ],
        "X-Content-Type-Options": [
          "nosniff"
        ],
        "Date": [
          "Thu, 06 Oct 2022 02:06:55 GMT"
        ],
        "Expires": [
          "-1"
        ],
        "Content-Length": [
          "0"
        ]
      },
      "ResponseBody": "",
      "StatusCode": 200
    },
    {
      "RequestUri": "/subscriptions/5b4b650e-28b9-4790-b3ab-ddbd88d727c4/resourceGroups/RGName-ps7943/providers/Microsoft.EventGrid/domains/PSTestDomain-ps1153?api-version=2022-06-15",
      "EncodedRequestUri": "L3N1YnNjcmlwdGlvbnMvNWI0YjY1MGUtMjhiOS00NzkwLWIzYWItZGRiZDg4ZDcyN2M0L3Jlc291cmNlR3JvdXBzL1JHTmFtZS1wczc5NDMvcHJvdmlkZXJzL01pY3Jvc29mdC5FdmVudEdyaWQvZG9tYWlucy9QU1Rlc3REb21haW4tcHMxMTUzP2FwaS12ZXJzaW9uPTIwMjItMDYtMTU=",
      "RequestMethod": "DELETE",
      "RequestHeaders": {
        "x-ms-client-request-id": [
          "d4997513-f141-4b14-97b9-ccdaba3070ca"
        ],
        "Accept-Language": [
          "en-US"
        ],
        "User-Agent": [
          "FxVersion/4.700.22.41602",
          "OSName/Windows",
          "OSVersion/Microsoft.Windows.10.0.22621",
          "Microsoft.Azure.Management.EventGrid.EventGridManagementClient/8.0.0.0"
        ]
      },
      "RequestBody": "",
      "ResponseHeaders": {
        "Cache-Control": [
          "no-cache"
        ],
        "Pragma": [
          "no-cache"
        ],
        "Location": [
          "https://management.azure.com/subscriptions/5b4b650e-28b9-4790-b3ab-ddbd88d727c4/providers/Microsoft.EventGrid/locations/westcentralus/operationResults/4A8767A1-114E-4AE2-9816-B586839A9B55?api-version=2022-06-15"
        ],
        "Retry-After": [
          "10"
        ],
        "Strict-Transport-Security": [
          "max-age=31536000; includeSubDomains"
        ],
        "Azure-AsyncOperation": [
          "https://management.azure.com:443/subscriptions/5b4b650e-28b9-4790-b3ab-ddbd88d727c4/providers/Microsoft.EventGrid/locations/westcentralus/operationsStatus/4A8767A1-114E-4AE2-9816-B586839A9B55?api-version=2022-06-15"
        ],
        "Server": [
          "Microsoft-HTTPAPI/2.0"
        ],
        "x-ms-ratelimit-remaining-subscription-deletes": [
          "14998"
        ],
        "x-ms-request-id": [
          "346103e2-83d0-461a-862b-009718ff6d0b"
        ],
        "x-ms-correlation-request-id": [
          "346103e2-83d0-461a-862b-009718ff6d0b"
        ],
        "x-ms-routing-request-id": [
          "WESTUS2:20221006T020656Z:346103e2-83d0-461a-862b-009718ff6d0b"
        ],
        "X-Content-Type-Options": [
          "nosniff"
        ],
        "Date": [
          "Thu, 06 Oct 2022 02:06:56 GMT"
        ],
        "Expires": [
          "-1"
        ],
        "Content-Length": [
          "0"
        ]
      },
      "ResponseBody": "",
      "StatusCode": 202
    },
    {
      "RequestUri": "/subscriptions/5b4b650e-28b9-4790-b3ab-ddbd88d727c4/providers/Microsoft.EventGrid/locations/westcentralus/operationsStatus/4A8767A1-114E-4AE2-9816-B586839A9B55?api-version=2022-06-15",
      "EncodedRequestUri": "L3N1YnNjcmlwdGlvbnMvNWI0YjY1MGUtMjhiOS00NzkwLWIzYWItZGRiZDg4ZDcyN2M0L3Byb3ZpZGVycy9NaWNyb3NvZnQuRXZlbnRHcmlkL2xvY2F0aW9ucy93ZXN0Y2VudHJhbHVzL29wZXJhdGlvbnNTdGF0dXMvNEE4NzY3QTEtMTE0RS00QUUyLTk4MTYtQjU4NjgzOUE5QjU1P2FwaS12ZXJzaW9uPTIwMjItMDYtMTU=",
      "RequestMethod": "GET",
      "RequestHeaders": {
        "x-ms-client-request-id": [
          "d4997513-f141-4b14-97b9-ccdaba3070ca"
        ],
        "User-Agent": [
          "FxVersion/4.700.22.41602",
          "OSName/Windows",
          "OSVersion/Microsoft.Windows.10.0.22621",
          "Microsoft.Azure.Management.EventGrid.EventGridManagementClient/8.0.0.0"
        ]
      },
      "RequestBody": "",
      "ResponseHeaders": {
        "Cache-Control": [
          "no-cache"
        ],
        "Pragma": [
          "no-cache"
        ],
        "Strict-Transport-Security": [
          "max-age=31536000; includeSubDomains"
        ],
        "x-ms-request-id": [
          "84963354-e664-4106-842a-094ec587e48b"
        ],
        "Server": [
          "Microsoft-HTTPAPI/2.0"
        ],
        "x-ms-ratelimit-remaining-subscription-reads": [
          "11997"
        ],
        "x-ms-correlation-request-id": [
          "7b5ab764-51fb-45e2-9da1-36acba8813cd"
        ],
        "x-ms-routing-request-id": [
          "WESTUS2:20221006T020706Z:7b5ab764-51fb-45e2-9da1-36acba8813cd"
        ],
        "X-Content-Type-Options": [
          "nosniff"
        ],
        "Date": [
          "Thu, 06 Oct 2022 02:07:06 GMT"
        ],
        "Content-Length": [
          "286"
        ],
        "Content-Type": [
          "application/json; charset=utf-8"
        ],
        "Expires": [
          "-1"
        ]
      },
      "ResponseBody": "{\r\n  \"id\": \"https://management.azure.com/subscriptions/5b4b650e-28b9-4790-b3ab-ddbd88d727c4/providers/Microsoft.EventGrid/locations/westcentralus/operationsStatus/4A8767A1-114E-4AE2-9816-B586839A9B55?api-version=2022-06-15\",\r\n  \"name\": \"4a8767a1-114e-4ae2-9816-b586839a9b55\",\r\n  \"status\": \"Succeeded\"\r\n}",
      "StatusCode": 200
    },
    {
      "RequestUri": "/subscriptions/5b4b650e-28b9-4790-b3ab-ddbd88d727c4/providers/Microsoft.EventGrid/locations/westcentralus/operationResults/4A8767A1-114E-4AE2-9816-B586839A9B55?api-version=2022-06-15",
      "EncodedRequestUri": "L3N1YnNjcmlwdGlvbnMvNWI0YjY1MGUtMjhiOS00NzkwLWIzYWItZGRiZDg4ZDcyN2M0L3Byb3ZpZGVycy9NaWNyb3NvZnQuRXZlbnRHcmlkL2xvY2F0aW9ucy93ZXN0Y2VudHJhbHVzL29wZXJhdGlvblJlc3VsdHMvNEE4NzY3QTEtMTE0RS00QUUyLTk4MTYtQjU4NjgzOUE5QjU1P2FwaS12ZXJzaW9uPTIwMjItMDYtMTU=",
      "RequestMethod": "GET",
      "RequestHeaders": {
        "x-ms-client-request-id": [
          "d4997513-f141-4b14-97b9-ccdaba3070ca"
        ],
        "User-Agent": [
          "FxVersion/4.700.22.41602",
          "OSName/Windows",
          "OSVersion/Microsoft.Windows.10.0.22621",
          "Microsoft.Azure.Management.EventGrid.EventGridManagementClient/8.0.0.0"
        ]
      },
      "RequestBody": "",
      "ResponseHeaders": {
        "Cache-Control": [
          "no-cache"
        ],
        "Pragma": [
          "no-cache"
        ],
        "Strict-Transport-Security": [
          "max-age=31536000; includeSubDomains"
        ],
        "x-ms-request-id": [
          "dd2780c2-100e-45b6-a287-9dfe1a582e9a"
        ],
        "Server": [
          "Microsoft-HTTPAPI/2.0"
        ],
        "x-ms-ratelimit-remaining-subscription-reads": [
          "11996"
        ],
        "x-ms-correlation-request-id": [
          "eeb8524d-6697-4ad0-a0b8-0cfb1a5b2dd6"
        ],
        "x-ms-routing-request-id": [
          "WESTUS2:20221006T020706Z:eeb8524d-6697-4ad0-a0b8-0cfb1a5b2dd6"
        ],
        "X-Content-Type-Options": [
          "nosniff"
        ],
        "Date": [
          "Thu, 06 Oct 2022 02:07:06 GMT"
        ],
        "Expires": [
          "-1"
        ],
        "Content-Length": [
          "0"
        ]
      },
      "ResponseBody": "",
      "StatusCode": 200
    },
    {
      "RequestUri": "/subscriptions/5b4b650e-28b9-4790-b3ab-ddbd88d727c4/resourceGroups/RGName-ps7943/providers/Microsoft.EventGrid/domains/PSTestDomain-ps6324?api-version=2022-06-15",
      "EncodedRequestUri": "L3N1YnNjcmlwdGlvbnMvNWI0YjY1MGUtMjhiOS00NzkwLWIzYWItZGRiZDg4ZDcyN2M0L3Jlc291cmNlR3JvdXBzL1JHTmFtZS1wczc5NDMvcHJvdmlkZXJzL01pY3Jvc29mdC5FdmVudEdyaWQvZG9tYWlucy9QU1Rlc3REb21haW4tcHM2MzI0P2FwaS12ZXJzaW9uPTIwMjItMDYtMTU=",
      "RequestMethod": "DELETE",
      "RequestHeaders": {
        "x-ms-client-request-id": [
          "0f1a7167-f32a-4026-a10b-4e24407cc1c5"
        ],
        "Accept-Language": [
          "en-US"
        ],
        "User-Agent": [
          "FxVersion/4.700.22.41602",
          "OSName/Windows",
          "OSVersion/Microsoft.Windows.10.0.22621",
          "Microsoft.Azure.Management.EventGrid.EventGridManagementClient/8.0.0.0"
        ]
      },
      "RequestBody": "",
      "ResponseHeaders": {
        "Cache-Control": [
          "no-cache"
        ],
        "Pragma": [
          "no-cache"
        ],
        "Location": [
          "https://management.azure.com/subscriptions/5b4b650e-28b9-4790-b3ab-ddbd88d727c4/providers/Microsoft.EventGrid/locations/westcentralus/operationResults/852270D5-BA72-42F3-9968-9067AC892AB6?api-version=2022-06-15"
        ],
        "Retry-After": [
          "10"
        ],
        "Strict-Transport-Security": [
          "max-age=31536000; includeSubDomains"
        ],
        "Azure-AsyncOperation": [
          "https://management.azure.com:443/subscriptions/5b4b650e-28b9-4790-b3ab-ddbd88d727c4/providers/Microsoft.EventGrid/locations/westcentralus/operationsStatus/852270D5-BA72-42F3-9968-9067AC892AB6?api-version=2022-06-15"
        ],
        "Server": [
          "Microsoft-HTTPAPI/2.0"
        ],
        "x-ms-ratelimit-remaining-subscription-deletes": [
          "14999"
        ],
        "x-ms-request-id": [
          "1e7ba478-f17d-4fb3-926b-054cce071975"
        ],
        "x-ms-correlation-request-id": [
          "1e7ba478-f17d-4fb3-926b-054cce071975"
        ],
        "x-ms-routing-request-id": [
          "WESTUS2:20221006T020707Z:1e7ba478-f17d-4fb3-926b-054cce071975"
        ],
        "X-Content-Type-Options": [
          "nosniff"
        ],
        "Date": [
          "Thu, 06 Oct 2022 02:07:06 GMT"
        ],
        "Expires": [
          "-1"
        ],
        "Content-Length": [
          "0"
        ]
      },
      "ResponseBody": "",
      "StatusCode": 202
    },
    {
      "RequestUri": "/subscriptions/5b4b650e-28b9-4790-b3ab-ddbd88d727c4/providers/Microsoft.EventGrid/locations/westcentralus/operationsStatus/852270D5-BA72-42F3-9968-9067AC892AB6?api-version=2022-06-15",
      "EncodedRequestUri": "L3N1YnNjcmlwdGlvbnMvNWI0YjY1MGUtMjhiOS00NzkwLWIzYWItZGRiZDg4ZDcyN2M0L3Byb3ZpZGVycy9NaWNyb3NvZnQuRXZlbnRHcmlkL2xvY2F0aW9ucy93ZXN0Y2VudHJhbHVzL29wZXJhdGlvbnNTdGF0dXMvODUyMjcwRDUtQkE3Mi00MkYzLTk5NjgtOTA2N0FDODkyQUI2P2FwaS12ZXJzaW9uPTIwMjItMDYtMTU=",
      "RequestMethod": "GET",
      "RequestHeaders": {
        "x-ms-client-request-id": [
          "0f1a7167-f32a-4026-a10b-4e24407cc1c5"
        ],
        "User-Agent": [
          "FxVersion/4.700.22.41602",
          "OSName/Windows",
          "OSVersion/Microsoft.Windows.10.0.22621",
          "Microsoft.Azure.Management.EventGrid.EventGridManagementClient/8.0.0.0"
        ]
      },
      "RequestBody": "",
      "ResponseHeaders": {
        "Cache-Control": [
          "no-cache"
        ],
        "Pragma": [
          "no-cache"
        ],
        "Strict-Transport-Security": [
          "max-age=31536000; includeSubDomains"
        ],
        "x-ms-request-id": [
          "7d765f15-0631-442c-ac34-f5d3dc10c7df"
        ],
        "Server": [
          "Microsoft-HTTPAPI/2.0"
        ],
        "x-ms-ratelimit-remaining-subscription-reads": [
          "11999"
        ],
        "x-ms-correlation-request-id": [
          "cba55bb6-28dc-477c-8ae5-350f339f2514"
        ],
        "x-ms-routing-request-id": [
          "WESTUS2:20221006T020717Z:cba55bb6-28dc-477c-8ae5-350f339f2514"
        ],
        "X-Content-Type-Options": [
          "nosniff"
        ],
        "Date": [
          "Thu, 06 Oct 2022 02:07:17 GMT"
        ],
        "Content-Length": [
          "286"
        ],
        "Content-Type": [
          "application/json; charset=utf-8"
        ],
        "Expires": [
          "-1"
        ]
      },
      "ResponseBody": "{\r\n  \"id\": \"https://management.azure.com/subscriptions/5b4b650e-28b9-4790-b3ab-ddbd88d727c4/providers/Microsoft.EventGrid/locations/westcentralus/operationsStatus/852270D5-BA72-42F3-9968-9067AC892AB6?api-version=2022-06-15\",\r\n  \"name\": \"852270d5-ba72-42f3-9968-9067ac892ab6\",\r\n  \"status\": \"Succeeded\"\r\n}",
      "StatusCode": 200
    },
    {
      "RequestUri": "/subscriptions/5b4b650e-28b9-4790-b3ab-ddbd88d727c4/providers/Microsoft.EventGrid/locations/westcentralus/operationResults/852270D5-BA72-42F3-9968-9067AC892AB6?api-version=2022-06-15",
      "EncodedRequestUri": "L3N1YnNjcmlwdGlvbnMvNWI0YjY1MGUtMjhiOS00NzkwLWIzYWItZGRiZDg4ZDcyN2M0L3Byb3ZpZGVycy9NaWNyb3NvZnQuRXZlbnRHcmlkL2xvY2F0aW9ucy93ZXN0Y2VudHJhbHVzL29wZXJhdGlvblJlc3VsdHMvODUyMjcwRDUtQkE3Mi00MkYzLTk5NjgtOTA2N0FDODkyQUI2P2FwaS12ZXJzaW9uPTIwMjItMDYtMTU=",
      "RequestMethod": "GET",
      "RequestHeaders": {
        "x-ms-client-request-id": [
          "0f1a7167-f32a-4026-a10b-4e24407cc1c5"
        ],
        "User-Agent": [
          "FxVersion/4.700.22.41602",
          "OSName/Windows",
          "OSVersion/Microsoft.Windows.10.0.22621",
          "Microsoft.Azure.Management.EventGrid.EventGridManagementClient/8.0.0.0"
        ]
      },
      "RequestBody": "",
      "ResponseHeaders": {
        "Cache-Control": [
          "no-cache"
        ],
        "Pragma": [
          "no-cache"
        ],
        "Strict-Transport-Security": [
          "max-age=31536000; includeSubDomains"
        ],
        "x-ms-request-id": [
          "a21a54a5-37a5-4e7b-8c5e-7c902576d4b8"
        ],
        "Server": [
          "Microsoft-HTTPAPI/2.0"
        ],
        "x-ms-ratelimit-remaining-subscription-reads": [
          "11998"
        ],
        "x-ms-correlation-request-id": [
          "0a66dfa6-0803-43cf-9e27-51cfafd141e0"
        ],
        "x-ms-routing-request-id": [
          "WESTUS2:20221006T020717Z:0a66dfa6-0803-43cf-9e27-51cfafd141e0"
        ],
        "X-Content-Type-Options": [
          "nosniff"
        ],
        "Date": [
          "Thu, 06 Oct 2022 02:07:17 GMT"
        ],
        "Expires": [
          "-1"
        ],
        "Content-Length": [
          "0"
        ]
      },
      "ResponseBody": "",
      "StatusCode": 200
    },
    {
      "RequestUri": "/subscriptions/5b4b650e-28b9-4790-b3ab-ddbd88d727c4/resourcegroups/RGName-ps7943?api-version=2016-09-01",
      "EncodedRequestUri": "L3N1YnNjcmlwdGlvbnMvNWI0YjY1MGUtMjhiOS00NzkwLWIzYWItZGRiZDg4ZDcyN2M0L3Jlc291cmNlZ3JvdXBzL1JHTmFtZS1wczc5NDM/YXBpLXZlcnNpb249MjAxNi0wOS0wMQ==",
      "RequestMethod": "DELETE",
      "RequestHeaders": {
        "x-ms-client-request-id": [
          "d084436b-3c7e-4b06-b33f-738bc1194715"
        ],
        "Accept-Language": [
          "en-US"
        ],
        "User-Agent": [
          "FxVersion/4.700.22.41602",
          "OSName/Windows",
          "OSVersion/Microsoft.Windows.10.0.22621",
          "Microsoft.Azure.Management.Internal.Resources.ResourceManagementClient/1.3.62"
        ]
      },
      "RequestBody": "",
      "ResponseHeaders": {
        "Cache-Control": [
          "no-cache"
        ],
        "Pragma": [
          "no-cache"
        ],
        "Location": [
          "https://management.azure.com/subscriptions/5b4b650e-28b9-4790-b3ab-ddbd88d727c4/operationresults/eyJqb2JJZCI6IlJFU09VUkNFR1JPVVBERUxFVElPTkpPQi1SR05BTUU6MkRQUzc5NDMtV0VTVENFTlRSQUxVUyIsImpvYkxvY2F0aW9uIjoid2VzdGNlbnRyYWx1cyJ9?api-version=2016-09-01"
        ],
        "Retry-After": [
          "15"
        ],
        "x-ms-ratelimit-remaining-subscription-deletes": [
          "14999"
        ],
        "x-ms-request-id": [
          "f36f4721-3540-4e27-adb4-60c4b3e8d822"
        ],
        "x-ms-correlation-request-id": [
          "f36f4721-3540-4e27-adb4-60c4b3e8d822"
        ],
        "x-ms-routing-request-id": [
          "WESTUS2:20221006T020719Z:f36f4721-3540-4e27-adb4-60c4b3e8d822"
        ],
        "Strict-Transport-Security": [
          "max-age=31536000; includeSubDomains"
        ],
        "X-Content-Type-Options": [
          "nosniff"
        ],
        "Date": [
          "Thu, 06 Oct 2022 02:07:19 GMT"
        ],
        "Expires": [
          "-1"
        ],
        "Content-Length": [
          "0"
        ]
      },
      "ResponseBody": "",
      "StatusCode": 202
    },
    {
      "RequestUri": "/subscriptions/5b4b650e-28b9-4790-b3ab-ddbd88d727c4/operationresults/eyJqb2JJZCI6IlJFU09VUkNFR1JPVVBERUxFVElPTkpPQi1SR05BTUU6MkRQUzc5NDMtV0VTVENFTlRSQUxVUyIsImpvYkxvY2F0aW9uIjoid2VzdGNlbnRyYWx1cyJ9?api-version=2016-09-01",
      "EncodedRequestUri": "L3N1YnNjcmlwdGlvbnMvNWI0YjY1MGUtMjhiOS00NzkwLWIzYWItZGRiZDg4ZDcyN2M0L29wZXJhdGlvbnJlc3VsdHMvZXlKcWIySkpaQ0k2SWxKRlUwOVZVa05GUjFKUFZWQkVSVXhGVkVsUFRrcFBRaTFTUjA1QlRVVTZNa1JRVXpjNU5ETXRWMFZUVkVORlRsUlNRVXhWVXlJc0ltcHZZa3h2WTJGMGFXOXVJam9pZDJWemRHTmxiblJ5WVd4MWN5Sjk/YXBpLXZlcnNpb249MjAxNi0wOS0wMQ==",
      "RequestMethod": "GET",
      "RequestHeaders": {
        "User-Agent": [
          "FxVersion/4.700.22.41602",
          "OSName/Windows",
          "OSVersion/Microsoft.Windows.10.0.22621",
          "Microsoft.Azure.Management.Internal.Resources.ResourceManagementClient/1.3.62"
        ]
      },
      "RequestBody": "",
      "ResponseHeaders": {
        "Cache-Control": [
          "no-cache"
        ],
        "Pragma": [
          "no-cache"
        ],
        "x-ms-ratelimit-remaining-subscription-reads": [
          "11999"
        ],
        "x-ms-request-id": [
          "10c0daa1-aaad-4394-b170-ef6db43e6502"
        ],
        "x-ms-correlation-request-id": [
          "10c0daa1-aaad-4394-b170-ef6db43e6502"
        ],
        "x-ms-routing-request-id": [
          "WESTUS2:20221006T020734Z:10c0daa1-aaad-4394-b170-ef6db43e6502"
        ],
        "Strict-Transport-Security": [
          "max-age=31536000; includeSubDomains"
        ],
        "X-Content-Type-Options": [
          "nosniff"
        ],
        "Date": [
          "Thu, 06 Oct 2022 02:07:34 GMT"
        ],
        "Expires": [
          "-1"
        ],
        "Content-Length": [
          "0"
        ]
      },
      "ResponseBody": "",
      "StatusCode": 200
    },
    {
      "RequestUri": "/subscriptions/5b4b650e-28b9-4790-b3ab-ddbd88d727c4/operationresults/eyJqb2JJZCI6IlJFU09VUkNFR1JPVVBERUxFVElPTkpPQi1SR05BTUU6MkRQUzc5NDMtV0VTVENFTlRSQUxVUyIsImpvYkxvY2F0aW9uIjoid2VzdGNlbnRyYWx1cyJ9?api-version=2016-09-01",
      "EncodedRequestUri": "L3N1YnNjcmlwdGlvbnMvNWI0YjY1MGUtMjhiOS00NzkwLWIzYWItZGRiZDg4ZDcyN2M0L29wZXJhdGlvbnJlc3VsdHMvZXlKcWIySkpaQ0k2SWxKRlUwOVZVa05GUjFKUFZWQkVSVXhGVkVsUFRrcFBRaTFTUjA1QlRVVTZNa1JRVXpjNU5ETXRWMFZUVkVORlRsUlNRVXhWVXlJc0ltcHZZa3h2WTJGMGFXOXVJam9pZDJWemRHTmxiblJ5WVd4MWN5Sjk/YXBpLXZlcnNpb249MjAxNi0wOS0wMQ==",
      "RequestMethod": "GET",
      "RequestHeaders": {
        "User-Agent": [
          "FxVersion/4.700.22.41602",
          "OSName/Windows",
          "OSVersion/Microsoft.Windows.10.0.22621",
          "Microsoft.Azure.Management.Internal.Resources.ResourceManagementClient/1.3.62"
        ]
      },
      "RequestBody": "",
      "ResponseHeaders": {
        "Cache-Control": [
          "no-cache"
        ],
        "Pragma": [
          "no-cache"
        ],
        "x-ms-ratelimit-remaining-subscription-reads": [
          "11998"
        ],
        "x-ms-request-id": [
          "2aa8ab51-961e-4f62-9b4b-8667d831461a"
        ],
        "x-ms-correlation-request-id": [
          "2aa8ab51-961e-4f62-9b4b-8667d831461a"
        ],
        "x-ms-routing-request-id": [
          "WESTUS2:20221006T020734Z:2aa8ab51-961e-4f62-9b4b-8667d831461a"
        ],
        "Strict-Transport-Security": [
          "max-age=31536000; includeSubDomains"
        ],
        "X-Content-Type-Options": [
          "nosniff"
        ],
        "Date": [
          "Thu, 06 Oct 2022 02:07:34 GMT"
        ],
        "Expires": [
          "-1"
        ],
        "Content-Length": [
          "0"
        ]
      },
      "ResponseBody": "",
      "StatusCode": 200
    }
  ],
  "Names": {
    "": [
      "ps5018",
      "ps6",
      "ps7636",
      "ps4165",
      "ps1153",
      "ps6324",
      "ps7943"
    ]
  },
  "Variables": {
    "SubscriptionId": "5b4b650e-28b9-4790-b3ab-ddbd88d727c4"
  }
}