{
  "Entries": [
    {
      "RequestUri": "/subscriptions/5393f919-a68a-43d0-9063-4b2bda6bffdf/resourcegroups/crptestps8982?api-version=2016-09-01",
      "EncodedRequestUri": "L3N1YnNjcmlwdGlvbnMvNTM5M2Y5MTktYTY4YS00M2QwLTkwNjMtNGIyYmRhNmJmZmRmL3Jlc291cmNlZ3JvdXBzL2NycHRlc3Rwczg5ODI/YXBpLXZlcnNpb249MjAxNi0wOS0wMQ==",
      "RequestMethod": "PUT",
      "RequestBody": "{\r\n  \"location\": \"westcentralus\"\r\n}",
      "RequestHeaders": {
        "x-ms-client-request-id": [
          "55cc2d6d-4fa2-45cc-adba-0fc68089cc38"
        ],
        "Accept-Language": [
          "en-US"
        ],
        "User-Agent": [
          "FxVersion/4.6.27414.06",
          "OSName/Windows",
          "OSVersion/Microsoft.Windows.10.0.17763.",
          "Microsoft.Azure.Management.Internal.Resources.ResourceManagementClient/1.1.19"
        ],
        "Content-Type": [
          "application/json; charset=utf-8"
        ],
        "Content-Length": [
          "35"
        ]
      },
      "ResponseHeaders": {
        "Cache-Control": [
          "no-cache"
        ],
        "Pragma": [
          "no-cache"
        ],
        "x-ms-ratelimit-remaining-subscription-writes": [
          "1199"
        ],
        "x-ms-request-id": [
          "9be5bbd5-dec8-48a3-aad8-450d1c6487bb"
        ],
        "x-ms-correlation-request-id": [
          "9be5bbd5-dec8-48a3-aad8-450d1c6487bb"
        ],
        "x-ms-routing-request-id": [
          "WESTUS2:20190423T180156Z:9be5bbd5-dec8-48a3-aad8-450d1c6487bb"
        ],
        "Strict-Transport-Security": [
          "max-age=31536000; includeSubDomains"
        ],
        "X-Content-Type-Options": [
          "nosniff"
        ],
        "Date": [
          "Tue, 23 Apr 2019 18:01:55 GMT"
        ],
        "Content-Length": [
          "186"
        ],
        "Content-Type": [
          "application/json; charset=utf-8"
        ],
        "Expires": [
          "-1"
        ]
      },
      "ResponseBody": "{\r\n  \"id\": \"/subscriptions/5393f919-a68a-43d0-9063-4b2bda6bffdf/resourceGroups/crptestps8982\",\r\n  \"name\": \"crptestps8982\",\r\n  \"location\": \"westcentralus\",\r\n  \"properties\": {\r\n    \"provisioningState\": \"Succeeded\"\r\n  }\r\n}",
      "StatusCode": 201
    },
    {
      "RequestUri": "/subscriptions/5393f919-a68a-43d0-9063-4b2bda6bffdf/resourceGroups/crptestps8982/providers/Microsoft.Compute/proximityPlacementGroups/crptestps8982ppg?api-version=2019-03-01",
      "EncodedRequestUri": "L3N1YnNjcmlwdGlvbnMvNTM5M2Y5MTktYTY4YS00M2QwLTkwNjMtNGIyYmRhNmJmZmRmL3Jlc291cmNlR3JvdXBzL2NycHRlc3Rwczg5ODIvcHJvdmlkZXJzL01pY3Jvc29mdC5Db21wdXRlL3Byb3hpbWl0eVBsYWNlbWVudEdyb3Vwcy9jcnB0ZXN0cHM4OTgycHBnP2FwaS12ZXJzaW9uPTIwMTktMDMtMDE=",
      "RequestMethod": "PUT",
      "RequestBody": "{\r\n  \"properties\": {\r\n    \"proximityPlacementGroupType\": \"Standard\"\r\n  },\r\n  \"location\": \"westcentralus\",\r\n  \"tags\": {\r\n    \"key1\": \"val1\"\r\n  }\r\n}",
      "RequestHeaders": {
        "x-ms-client-request-id": [
          "db9b3d03-a6b1-4bb9-8a19-b72cb3d5bd7b"
        ],
        "Accept-Language": [
          "en-US"
        ],
        "User-Agent": [
          "FxVersion/4.6.27414.06",
          "OSName/Windows",
          "OSVersion/Microsoft.Windows.10.0.17763.",
          "Microsoft.Azure.Management.Compute.ComputeManagementClient/26.0.0.0"
        ],
        "Content-Type": [
          "application/json; charset=utf-8"
        ],
        "Content-Length": [
          "146"
        ]
      },
      "ResponseHeaders": {
        "Cache-Control": [
          "no-cache"
        ],
        "Pragma": [
          "no-cache"
        ],
        "x-ms-ratelimit-remaining-resource": [
          "Microsoft.Compute/PutDeletePPG3Min;99,Microsoft.Compute/PutDeletePPG30Min;499"
        ],
        "Strict-Transport-Security": [
          "max-age=31536000; includeSubDomains"
        ],
        "x-ms-request-id": [
          "2b18de80-2926-47a6-a0c4-00836d0d440f"
        ],
        "Server": [
          "Microsoft-HTTPAPI/2.0",
          "Microsoft-HTTPAPI/2.0"
        ],
        "x-ms-ratelimit-remaining-subscription-writes": [
          "1199"
        ],
        "x-ms-correlation-request-id": [
          "f8d12c34-9481-470a-8c73-cfd631f595c2"
        ],
        "x-ms-routing-request-id": [
          "WESTUS2:20190423T180157Z:f8d12c34-9481-470a-8c73-cfd631f595c2"
        ],
        "X-Content-Type-Options": [
          "nosniff"
        ],
        "Date": [
          "Tue, 23 Apr 2019 18:01:57 GMT"
        ],
        "Content-Length": [
          "422"
        ],
        "Content-Type": [
          "application/json; charset=utf-8"
        ],
        "Expires": [
          "-1"
        ]
      },
      "ResponseBody": "{\r\n  \"properties\": {\r\n    \"proximityPlacementGroupType\": \"Standard\",\r\n    \"internalData\": {}\r\n  },\r\n  \"type\": \"Microsoft.Compute/proximityPlacementGroups\",\r\n  \"location\": \"westcentralus\",\r\n  \"tags\": {\r\n    \"key1\": \"val1\"\r\n  },\r\n  \"id\": \"/subscriptions/5393f919-a68a-43d0-9063-4b2bda6bffdf/resourceGroups/crptestps8982/providers/Microsoft.Compute/proximityPlacementGroups/crptestps8982ppg\",\r\n  \"name\": \"crptestps8982ppg\"\r\n}",
      "StatusCode": 201
    },
    {
      "RequestUri": "/subscriptions/5393f919-a68a-43d0-9063-4b2bda6bffdf/resourceGroups/crptestps8982/providers/Microsoft.Compute/proximityPlacementGroups/crptestps8982ppg?api-version=2019-03-01",
      "EncodedRequestUri": "L3N1YnNjcmlwdGlvbnMvNTM5M2Y5MTktYTY4YS00M2QwLTkwNjMtNGIyYmRhNmJmZmRmL3Jlc291cmNlR3JvdXBzL2NycHRlc3Rwczg5ODIvcHJvdmlkZXJzL01pY3Jvc29mdC5Db21wdXRlL3Byb3hpbWl0eVBsYWNlbWVudEdyb3Vwcy9jcnB0ZXN0cHM4OTgycHBnP2FwaS12ZXJzaW9uPTIwMTktMDMtMDE=",
      "RequestMethod": "GET",
      "RequestBody": "",
      "RequestHeaders": {
        "x-ms-client-request-id": [
          "b5e1261f-4e75-4fe2-bff5-365ed1eea0ab"
        ],
        "Accept-Language": [
          "en-US"
        ],
        "User-Agent": [
          "FxVersion/4.6.27414.06",
          "OSName/Windows",
          "OSVersion/Microsoft.Windows.10.0.17763.",
          "Microsoft.Azure.Management.Compute.ComputeManagementClient/26.0.0.0"
        ]
      },
      "ResponseHeaders": {
        "Cache-Control": [
          "no-cache"
        ],
        "Pragma": [
          "no-cache"
        ],
        "x-ms-ratelimit-remaining-resource": [
          "Microsoft.Compute/LowCostGet3Min;3999,Microsoft.Compute/LowCostGet30Min;31999"
        ],
        "Strict-Transport-Security": [
          "max-age=31536000; includeSubDomains"
        ],
        "x-ms-request-id": [
          "98f33a7b-f155-4560-8923-180e766642ad"
        ],
        "Server": [
          "Microsoft-HTTPAPI/2.0",
          "Microsoft-HTTPAPI/2.0"
        ],
        "x-ms-ratelimit-remaining-subscription-reads": [
          "11999"
        ],
        "x-ms-correlation-request-id": [
          "35eb607f-f0f5-413e-b652-5f666d5f0c7e"
        ],
        "x-ms-routing-request-id": [
          "WESTUS2:20190423T180158Z:35eb607f-f0f5-413e-b652-5f666d5f0c7e"
        ],
        "X-Content-Type-Options": [
          "nosniff"
        ],
        "Date": [
          "Tue, 23 Apr 2019 18:01:57 GMT"
        ],
        "Content-Length": [
          "515"
        ],
        "Content-Type": [
          "application/json; charset=utf-8"
        ],
        "Expires": [
          "-1"
        ]
      },
      "ResponseBody": "{\r\n  \"properties\": {\r\n    \"proximityPlacementGroupType\": \"Standard\",\r\n    \"virtualMachines\": [],\r\n    \"virtualMachineScaleSets\": [],\r\n    \"availabilitySets\": [],\r\n    \"internalData\": {}\r\n  },\r\n  \"type\": \"Microsoft.Compute/proximityPlacementGroups\",\r\n  \"location\": \"westcentralus\",\r\n  \"tags\": {\r\n    \"key1\": \"val1\"\r\n  },\r\n  \"id\": \"/subscriptions/5393f919-a68a-43d0-9063-4b2bda6bffdf/resourceGroups/crptestps8982/providers/Microsoft.Compute/proximityPlacementGroups/crptestps8982ppg\",\r\n  \"name\": \"crptestps8982ppg\"\r\n}",
      "StatusCode": 200
    },
    {
      "RequestUri": "/subscriptions/5393f919-a68a-43d0-9063-4b2bda6bffdf/resourceGroups/crptestps8982/providers/Microsoft.Compute/proximityPlacementGroups/crptestps8982ppg?api-version=2019-03-01",
      "EncodedRequestUri": "L3N1YnNjcmlwdGlvbnMvNTM5M2Y5MTktYTY4YS00M2QwLTkwNjMtNGIyYmRhNmJmZmRmL3Jlc291cmNlR3JvdXBzL2NycHRlc3Rwczg5ODIvcHJvdmlkZXJzL01pY3Jvc29mdC5Db21wdXRlL3Byb3hpbWl0eVBsYWNlbWVudEdyb3Vwcy9jcnB0ZXN0cHM4OTgycHBnP2FwaS12ZXJzaW9uPTIwMTktMDMtMDE=",
      "RequestMethod": "GET",
      "RequestBody": "",
      "RequestHeaders": {
        "x-ms-client-request-id": [
          "366e6993-6f8c-4527-81d8-ea66f8e2b6e9"
        ],
        "Accept-Language": [
          "en-US"
        ],
        "User-Agent": [
          "FxVersion/4.6.27414.06",
          "OSName/Windows",
          "OSVersion/Microsoft.Windows.10.0.17763.",
          "Microsoft.Azure.Management.Compute.ComputeManagementClient/26.0.0.0"
        ]
      },
      "ResponseHeaders": {
        "Cache-Control": [
          "no-cache"
        ],
        "Pragma": [
          "no-cache"
        ],
        "x-ms-ratelimit-remaining-resource": [
          "Microsoft.Compute/LowCostGet3Min;3997,Microsoft.Compute/LowCostGet30Min;31997"
        ],
        "Strict-Transport-Security": [
          "max-age=31536000; includeSubDomains"
        ],
        "x-ms-request-id": [
          "e7a6ed66-6c82-47bf-b601-a9c499f90849"
        ],
        "Server": [
          "Microsoft-HTTPAPI/2.0",
          "Microsoft-HTTPAPI/2.0"
        ],
        "x-ms-ratelimit-remaining-subscription-reads": [
          "11999"
        ],
        "x-ms-correlation-request-id": [
          "85cb23af-4819-477e-a81e-265a8b74ecec"
        ],
        "x-ms-routing-request-id": [
          "WESTUS2:20190423T180202Z:85cb23af-4819-477e-a81e-265a8b74ecec"
        ],
        "X-Content-Type-Options": [
          "nosniff"
        ],
        "Date": [
          "Tue, 23 Apr 2019 18:02:01 GMT"
        ],
        "Content-Length": [
          "698"
        ],
        "Content-Type": [
          "application/json; charset=utf-8"
        ],
        "Expires": [
          "-1"
        ]
      },
      "ResponseBody": "{\r\n  \"properties\": {\r\n    \"proximityPlacementGroupType\": \"Standard\",\r\n    \"virtualMachines\": [],\r\n    \"virtualMachineScaleSets\": [],\r\n    \"availabilitySets\": [\r\n      {\r\n        \"id\": \"/subscriptions/5393f919-a68a-43d0-9063-4b2bda6bffdf/resourceGroups/CRPTESTPS8982/providers/Microsoft.Compute/availabilitySets/CRPTESTPS8982AS\"\r\n      }\r\n    ],\r\n    \"internalData\": {}\r\n  },\r\n  \"type\": \"Microsoft.Compute/proximityPlacementGroups\",\r\n  \"location\": \"westcentralus\",\r\n  \"tags\": {\r\n    \"key1\": \"val1\"\r\n  },\r\n  \"id\": \"/subscriptions/5393f919-a68a-43d0-9063-4b2bda6bffdf/resourceGroups/crptestps8982/providers/Microsoft.Compute/proximityPlacementGroups/crptestps8982ppg\",\r\n  \"name\": \"crptestps8982ppg\"\r\n}",
      "StatusCode": 200
    },
    {
      "RequestUri": "/subscriptions/5393f919-a68a-43d0-9063-4b2bda6bffdf/resourceGroups/crptestps8982/providers/Microsoft.Compute/proximityPlacementGroups/crptestps8982ppg?api-version=2019-03-01",
      "EncodedRequestUri": "L3N1YnNjcmlwdGlvbnMvNTM5M2Y5MTktYTY4YS00M2QwLTkwNjMtNGIyYmRhNmJmZmRmL3Jlc291cmNlR3JvdXBzL2NycHRlc3Rwczg5ODIvcHJvdmlkZXJzL01pY3Jvc29mdC5Db21wdXRlL3Byb3hpbWl0eVBsYWNlbWVudEdyb3Vwcy9jcnB0ZXN0cHM4OTgycHBnP2FwaS12ZXJzaW9uPTIwMTktMDMtMDE=",
      "RequestMethod": "GET",
      "RequestBody": "",
      "RequestHeaders": {
        "x-ms-client-request-id": [
          "08d09e60-ce40-4b3c-a2db-fbec49270ada"
        ],
        "Accept-Language": [
          "en-US"
        ],
        "User-Agent": [
          "FxVersion/4.6.27414.06",
          "OSName/Windows",
          "OSVersion/Microsoft.Windows.10.0.17763.",
          "Microsoft.Azure.Management.Compute.ComputeManagementClient/26.0.0.0"
        ]
      },
      "ResponseHeaders": {
        "Cache-Control": [
          "no-cache"
        ],
        "Pragma": [
          "no-cache"
        ],
        "x-ms-ratelimit-remaining-resource": [
          "Microsoft.Compute/LowCostGet3Min;3996,Microsoft.Compute/LowCostGet30Min;31996"
        ],
        "Strict-Transport-Security": [
          "max-age=31536000; includeSubDomains"
        ],
        "x-ms-request-id": [
          "6da205ea-d59c-46f3-bcbd-ac49bf4357e4"
        ],
        "Server": [
          "Microsoft-HTTPAPI/2.0",
          "Microsoft-HTTPAPI/2.0"
        ],
        "x-ms-ratelimit-remaining-subscription-reads": [
          "11998"
        ],
        "x-ms-correlation-request-id": [
          "186814d9-9d09-4f68-8280-20a42303ecc4"
        ],
        "x-ms-routing-request-id": [
          "WESTUS2:20190423T180203Z:186814d9-9d09-4f68-8280-20a42303ecc4"
        ],
        "X-Content-Type-Options": [
          "nosniff"
        ],
        "Date": [
          "Tue, 23 Apr 2019 18:02:02 GMT"
        ],
        "Content-Length": [
          "515"
        ],
        "Content-Type": [
          "application/json; charset=utf-8"
        ],
        "Expires": [
          "-1"
        ]
      },
      "ResponseBody": "{\r\n  \"properties\": {\r\n    \"proximityPlacementGroupType\": \"Standard\",\r\n    \"virtualMachines\": [],\r\n    \"virtualMachineScaleSets\": [],\r\n    \"availabilitySets\": [],\r\n    \"internalData\": {}\r\n  },\r\n  \"type\": \"Microsoft.Compute/proximityPlacementGroups\",\r\n  \"location\": \"westcentralus\",\r\n  \"tags\": {\r\n    \"key1\": \"val1\"\r\n  },\r\n  \"id\": \"/subscriptions/5393f919-a68a-43d0-9063-4b2bda6bffdf/resourceGroups/crptestps8982/providers/Microsoft.Compute/proximityPlacementGroups/crptestps8982ppg\",\r\n  \"name\": \"crptestps8982ppg\"\r\n}",
      "StatusCode": 200
    },
    {
      "RequestUri": "/subscriptions/5393f919-a68a-43d0-9063-4b2bda6bffdf/resourceGroups/crptestps8982/providers/Microsoft.Compute/availabilitySets/crptestps8982as?api-version=2019-03-01",
      "EncodedRequestUri": "L3N1YnNjcmlwdGlvbnMvNTM5M2Y5MTktYTY4YS00M2QwLTkwNjMtNGIyYmRhNmJmZmRmL3Jlc291cmNlR3JvdXBzL2NycHRlc3Rwczg5ODIvcHJvdmlkZXJzL01pY3Jvc29mdC5Db21wdXRlL2F2YWlsYWJpbGl0eVNldHMvY3JwdGVzdHBzODk4MmFzP2FwaS12ZXJzaW9uPTIwMTktMDMtMDE=",
      "RequestMethod": "PUT",
      "RequestBody": "{\r\n  \"properties\": {\r\n    \"proximityPlacementGroup\": {\r\n      \"id\": \"/subscriptions/5393f919-a68a-43d0-9063-4b2bda6bffdf/resourceGroups/crptestps8982/providers/Microsoft.Compute/proximityPlacementGroups/crptestps8982ppg\"\r\n    }\r\n  },\r\n  \"sku\": {\r\n    \"name\": \"Classic\"\r\n  },\r\n  \"location\": \"westcentralus\"\r\n}",
      "RequestHeaders": {
        "x-ms-client-request-id": [
          "63b1a31e-9a1f-4e17-9a3d-217cd73b3200"
        ],
        "Accept-Language": [
          "en-US"
        ],
        "User-Agent": [
          "FxVersion/4.6.27414.06",
          "OSName/Windows",
          "OSVersion/Microsoft.Windows.10.0.17763.",
          "Microsoft.Azure.Management.Compute.ComputeManagementClient/26.0.0.0"
        ],
        "Content-Type": [
          "application/json; charset=utf-8"
        ],
        "Content-Length": [
          "308"
        ]
      },
      "ResponseHeaders": {
        "Cache-Control": [
          "no-cache"
        ],
        "Pragma": [
          "no-cache"
        ],
        "x-ms-ratelimit-remaining-resource": [
          "Microsoft.Compute/PutVM3Min;239,Microsoft.Compute/PutVM30Min;1199"
        ],
        "Strict-Transport-Security": [
          "max-age=31536000; includeSubDomains"
        ],
        "x-ms-request-id": [
          "4532fdb6-34de-44ae-9696-34a71a8506c9"
        ],
        "Server": [
          "Microsoft-HTTPAPI/2.0",
          "Microsoft-HTTPAPI/2.0"
        ],
        "x-ms-ratelimit-remaining-subscription-writes": [
          "1199"
        ],
        "x-ms-correlation-request-id": [
          "7414eebf-5f13-46de-8e3d-75c353202581"
        ],
        "x-ms-routing-request-id": [
          "WESTUS2:20190423T180159Z:7414eebf-5f13-46de-8e3d-75c353202581"
        ],
        "X-Content-Type-Options": [
          "nosniff"
        ],
        "Date": [
          "Tue, 23 Apr 2019 18:01:59 GMT"
        ],
        "Content-Length": [
          "614"
        ],
        "Content-Type": [
          "application/json; charset=utf-8"
        ],
        "Expires": [
          "-1"
        ]
      },
      "ResponseBody": "{\r\n  \"properties\": {\r\n    \"platformUpdateDomainCount\": 5,\r\n    \"platformFaultDomainCount\": 3,\r\n    \"proximityPlacementGroup\": {\r\n      \"id\": \"/subscriptions/5393f919-a68a-43d0-9063-4b2bda6bffdf/resourceGroups/CRPTESTPS8982/providers/Microsoft.Compute/proximityPlacementGroups/crptestps8982ppg\"\r\n    }\r\n  },\r\n  \"type\": \"Microsoft.Compute/availabilitySets\",\r\n  \"location\": \"westcentralus\",\r\n  \"id\": \"/subscriptions/5393f919-a68a-43d0-9063-4b2bda6bffdf/resourceGroups/crptestps8982/providers/Microsoft.Compute/availabilitySets/crptestps8982as\",\r\n  \"name\": \"crptestps8982as\",\r\n  \"sku\": {\r\n    \"name\": \"Classic\"\r\n  }\r\n}",
      "StatusCode": 200
    },
    {
      "RequestUri": "/subscriptions/5393f919-a68a-43d0-9063-4b2bda6bffdf/resourceGroups/crptestps8982/providers/Microsoft.Compute/availabilitySets/crptestps8982as?api-version=2019-03-01",
      "EncodedRequestUri": "L3N1YnNjcmlwdGlvbnMvNTM5M2Y5MTktYTY4YS00M2QwLTkwNjMtNGIyYmRhNmJmZmRmL3Jlc291cmNlR3JvdXBzL2NycHRlc3Rwczg5ODIvcHJvdmlkZXJzL01pY3Jvc29mdC5Db21wdXRlL2F2YWlsYWJpbGl0eVNldHMvY3JwdGVzdHBzODk4MmFzP2FwaS12ZXJzaW9uPTIwMTktMDMtMDE=",
      "RequestMethod": "GET",
      "RequestBody": "",
      "RequestHeaders": {
        "x-ms-client-request-id": [
          "1c54cb60-9700-4764-8415-68f62cde2dee"
        ],
        "Accept-Language": [
          "en-US"
        ],
        "User-Agent": [
          "FxVersion/4.6.27414.06",
          "OSName/Windows",
          "OSVersion/Microsoft.Windows.10.0.17763.",
          "Microsoft.Azure.Management.Compute.ComputeManagementClient/26.0.0.0"
        ]
      },
      "ResponseHeaders": {
        "Cache-Control": [
          "no-cache"
        ],
        "Pragma": [
          "no-cache"
        ],
        "x-ms-ratelimit-remaining-resource": [
          "Microsoft.Compute/LowCostGet3Min;3998,Microsoft.Compute/LowCostGet30Min;31998"
        ],
        "Strict-Transport-Security": [
          "max-age=31536000; includeSubDomains"
        ],
        "x-ms-request-id": [
          "6a2eaceb-200c-4ee8-8e30-27969e61a68b"
        ],
        "Server": [
          "Microsoft-HTTPAPI/2.0",
          "Microsoft-HTTPAPI/2.0"
        ],
        "x-ms-ratelimit-remaining-subscription-reads": [
          "11999"
        ],
        "x-ms-correlation-request-id": [
          "83740593-3f4a-4975-8d5f-a58408dc0738"
        ],
        "x-ms-routing-request-id": [
          "WESTUS2:20190423T180200Z:83740593-3f4a-4975-8d5f-a58408dc0738"
        ],
        "X-Content-Type-Options": [
          "nosniff"
        ],
        "Date": [
          "Tue, 23 Apr 2019 18:01:59 GMT"
        ],
        "Content-Length": [
          "642"
        ],
        "Content-Type": [
          "application/json; charset=utf-8"
        ],
        "Expires": [
          "-1"
        ]
      },
      "ResponseBody": "{\r\n  \"properties\": {\r\n    \"platformUpdateDomainCount\": 5,\r\n    \"platformFaultDomainCount\": 3,\r\n    \"virtualMachines\": [],\r\n    \"proximityPlacementGroup\": {\r\n      \"id\": \"/subscriptions/5393f919-a68a-43d0-9063-4b2bda6bffdf/resourceGroups/CRPTESTPS8982/providers/Microsoft.Compute/proximityPlacementGroups/crptestps8982ppg\"\r\n    }\r\n  },\r\n  \"type\": \"Microsoft.Compute/availabilitySets\",\r\n  \"location\": \"westcentralus\",\r\n  \"id\": \"/subscriptions/5393f919-a68a-43d0-9063-4b2bda6bffdf/resourceGroups/crptestps8982/providers/Microsoft.Compute/availabilitySets/crptestps8982as\",\r\n  \"name\": \"crptestps8982as\",\r\n  \"sku\": {\r\n    \"name\": \"Classic\"\r\n  }\r\n}",
      "StatusCode": 200
    },
    {
      "RequestUri": "/subscriptions/5393f919-a68a-43d0-9063-4b2bda6bffdf/resourceGroups/crptestps8982/providers/Microsoft.Compute/availabilitySets/crptestps8982as?api-version=2019-03-01",
      "EncodedRequestUri": "L3N1YnNjcmlwdGlvbnMvNTM5M2Y5MTktYTY4YS00M2QwLTkwNjMtNGIyYmRhNmJmZmRmL3Jlc291cmNlR3JvdXBzL2NycHRlc3Rwczg5ODIvcHJvdmlkZXJzL01pY3Jvc29mdC5Db21wdXRlL2F2YWlsYWJpbGl0eVNldHMvY3JwdGVzdHBzODk4MmFzP2FwaS12ZXJzaW9uPTIwMTktMDMtMDE=",
      "RequestMethod": "DELETE",
      "RequestBody": "",
      "RequestHeaders": {
        "x-ms-client-request-id": [
          "fe02151a-493b-40e1-ae5d-03c28ba2af4c"
        ],
        "Accept-Language": [
          "en-US"
        ],
        "User-Agent": [
          "FxVersion/4.6.27414.06",
          "OSName/Windows",
          "OSVersion/Microsoft.Windows.10.0.17763.",
          "Microsoft.Azure.Management.Compute.ComputeManagementClient/26.0.0.0"
        ]
      },
      "ResponseHeaders": {
        "Cache-Control": [
          "no-cache"
        ],
        "Pragma": [
          "no-cache"
        ],
        "x-ms-ratelimit-remaining-resource": [
          "Microsoft.Compute/DeleteVM3Min;239,Microsoft.Compute/DeleteVM30Min;1199"
        ],
        "Strict-Transport-Security": [
          "max-age=31536000; includeSubDomains"
        ],
        "x-ms-request-id": [
          "a65f457e-0ce7-4c7b-9904-8d4ffa203757"
        ],
        "Server": [
          "Microsoft-HTTPAPI/2.0",
          "Microsoft-HTTPAPI/2.0"
        ],
        "x-ms-ratelimit-remaining-subscription-deletes": [
          "14999"
        ],
        "x-ms-correlation-request-id": [
          "50f0c719-3e79-4447-a9fe-5e26bbe71b8e"
        ],
        "x-ms-routing-request-id": [
          "WESTUS2:20190423T180202Z:50f0c719-3e79-4447-a9fe-5e26bbe71b8e"
        ],
        "X-Content-Type-Options": [
          "nosniff"
        ],
        "Date": [
          "Tue, 23 Apr 2019 18:02:02 GMT"
        ],
        "Expires": [
          "-1"
        ],
        "Content-Length": [
          "0"
        ]
      },
      "ResponseBody": "",
      "StatusCode": 200
    },
    {
      "RequestUri": "/subscriptions/5393f919-a68a-43d0-9063-4b2bda6bffdf/resourceGroups/crptestps8982/providers/Microsoft.Compute/proximityPlacementGroups/crptestps8982ppg?api-version=2019-03-01",
      "EncodedRequestUri": "L3N1YnNjcmlwdGlvbnMvNTM5M2Y5MTktYTY4YS00M2QwLTkwNjMtNGIyYmRhNmJmZmRmL3Jlc291cmNlR3JvdXBzL2NycHRlc3Rwczg5ODIvcHJvdmlkZXJzL01pY3Jvc29mdC5Db21wdXRlL3Byb3hpbWl0eVBsYWNlbWVudEdyb3Vwcy9jcnB0ZXN0cHM4OTgycHBnP2FwaS12ZXJzaW9uPTIwMTktMDMtMDE=",
      "RequestMethod": "DELETE",
      "RequestBody": "",
      "RequestHeaders": {
        "x-ms-client-request-id": [
          "e2df836a-ff2f-4707-8a72-c35054e8b5e0"
        ],
        "Accept-Language": [
          "en-US"
        ],
        "User-Agent": [
          "FxVersion/4.6.27414.06",
          "OSName/Windows",
          "OSVersion/Microsoft.Windows.10.0.17763.",
          "Microsoft.Azure.Management.Compute.ComputeManagementClient/26.0.0.0"
        ]
      },
      "ResponseHeaders": {
        "Cache-Control": [
          "no-cache"
        ],
        "Pragma": [
          "no-cache"
        ],
        "x-ms-ratelimit-remaining-resource": [
          "Microsoft.Compute/PutDeletePPG3Min;98,Microsoft.Compute/PutDeletePPG30Min;498"
        ],
        "Strict-Transport-Security": [
          "max-age=31536000; includeSubDomains"
        ],
        "x-ms-request-id": [
          "bfb9b1f3-f33e-44cb-92ef-8c891e393d96"
        ],
        "Server": [
          "Microsoft-HTTPAPI/2.0",
          "Microsoft-HTTPAPI/2.0"
        ],
        "x-ms-ratelimit-remaining-subscription-deletes": [
          "14999"
        ],
        "x-ms-correlation-request-id": [
          "92790833-5ada-4ea7-b31f-a4ba2f5977cb"
        ],
        "x-ms-routing-request-id": [
          "WESTUS2:20190423T180204Z:92790833-5ada-4ea7-b31f-a4ba2f5977cb"
        ],
        "X-Content-Type-Options": [
          "nosniff"
        ],
        "Date": [
          "Tue, 23 Apr 2019 18:02:03 GMT"
        ],
        "Expires": [
          "-1"
        ],
        "Content-Length": [
          "0"
        ]
      },
      "ResponseBody": "",
      "StatusCode": 200
    },
    {
      "RequestUri": "/subscriptions/5393f919-a68a-43d0-9063-4b2bda6bffdf/resourcegroups/crptestps8982?api-version=2016-09-01",
      "EncodedRequestUri": "L3N1YnNjcmlwdGlvbnMvNTM5M2Y5MTktYTY4YS00M2QwLTkwNjMtNGIyYmRhNmJmZmRmL3Jlc291cmNlZ3JvdXBzL2NycHRlc3Rwczg5ODI/YXBpLXZlcnNpb249MjAxNi0wOS0wMQ==",
      "RequestMethod": "DELETE",
      "RequestBody": "",
      "RequestHeaders": {
        "x-ms-client-request-id": [
          "3fd46445-a23f-48ee-9b27-bb87459268fb"
        ],
        "Accept-Language": [
          "en-US"
        ],
        "User-Agent": [
          "FxVersion/4.6.27414.06",
          "OSName/Windows",
          "OSVersion/Microsoft.Windows.10.0.17763.",
          "Microsoft.Azure.Management.Internal.Resources.ResourceManagementClient/1.1.19"
        ]
      },
      "ResponseHeaders": {
        "Cache-Control": [
          "no-cache"
        ],
        "Pragma": [
          "no-cache"
        ],
        "Location": [
          "https://management.azure.com/subscriptions/5393f919-a68a-43d0-9063-4b2bda6bffdf/operationresults/eyJqb2JJZCI6IlJFU09VUkNFR1JPVVBERUxFVElPTkpPQi1DUlBURVNUUFM4OTgyLVdFU1RDRU5UUkFMVVMiLCJqb2JMb2NhdGlvbiI6Indlc3RjZW50cmFsdXMifQ?api-version=2016-09-01"
        ],
        "Retry-After": [
          "15"
        ],
        "x-ms-ratelimit-remaining-subscription-deletes": [
          "14999"
        ],
        "x-ms-request-id": [
          "8aa3c21c-2feb-43ee-9b57-978d45bad735"
        ],
        "x-ms-correlation-request-id": [
          "8aa3c21c-2feb-43ee-9b57-978d45bad735"
        ],
        "x-ms-routing-request-id": [
          "WESTUS2:20190423T180205Z:8aa3c21c-2feb-43ee-9b57-978d45bad735"
        ],
        "Strict-Transport-Security": [
          "max-age=31536000; includeSubDomains"
        ],
        "X-Content-Type-Options": [
          "nosniff"
        ],
        "Date": [
          "Tue, 23 Apr 2019 18:02:04 GMT"
        ],
        "Expires": [
          "-1"
        ],
        "Content-Length": [
          "0"
        ]
      },
      "ResponseBody": "",
      "StatusCode": 202
    },
    {
      "RequestUri": "/subscriptions/5393f919-a68a-43d0-9063-4b2bda6bffdf/operationresults/eyJqb2JJZCI6IlJFU09VUkNFR1JPVVBERUxFVElPTkpPQi1DUlBURVNUUFM4OTgyLVdFU1RDRU5UUkFMVVMiLCJqb2JMb2NhdGlvbiI6Indlc3RjZW50cmFsdXMifQ?api-version=2016-09-01",
      "EncodedRequestUri": "L3N1YnNjcmlwdGlvbnMvNTM5M2Y5MTktYTY4YS00M2QwLTkwNjMtNGIyYmRhNmJmZmRmL29wZXJhdGlvbnJlc3VsdHMvZXlKcWIySkpaQ0k2SWxKRlUwOVZVa05GUjFKUFZWQkVSVXhGVkVsUFRrcFBRaTFEVWxCVVJWTlVVRk00T1RneUxWZEZVMVJEUlU1VVVrRk1WVk1pTENKcWIySk1iMk5oZEdsdmJpSTZJbmRsYzNSalpXNTBjbUZzZFhNaWZRP2FwaS12ZXJzaW9uPTIwMTYtMDktMDE=",
      "RequestMethod": "GET",
      "RequestBody": "",
      "RequestHeaders": {
        "User-Agent": [
          "FxVersion/4.6.27414.06",
          "OSName/Windows",
          "OSVersion/Microsoft.Windows.10.0.17763.",
          "Microsoft.Azure.Management.Internal.Resources.ResourceManagementClient/1.1.19"
        ]
      },
      "ResponseHeaders": {
        "Cache-Control": [
          "no-cache"
        ],
        "Pragma": [
          "no-cache"
        ],
        "Location": [
          "https://management.azure.com/subscriptions/5393f919-a68a-43d0-9063-4b2bda6bffdf/operationresults/eyJqb2JJZCI6IlJFU09VUkNFR1JPVVBERUxFVElPTkpPQi1DUlBURVNUUFM4OTgyLVdFU1RDRU5UUkFMVVMiLCJqb2JMb2NhdGlvbiI6Indlc3RjZW50cmFsdXMifQ?api-version=2016-09-01"
        ],
        "Retry-After": [
          "15"
        ],
        "x-ms-ratelimit-remaining-subscription-reads": [
          "11999"
        ],
        "x-ms-request-id": [
          "d4b2d266-abe3-49dc-8494-82ecc9b90f0d"
        ],
        "x-ms-correlation-request-id": [
          "d4b2d266-abe3-49dc-8494-82ecc9b90f0d"
        ],
        "x-ms-routing-request-id": [
          "WESTUS2:20190423T180220Z:d4b2d266-abe3-49dc-8494-82ecc9b90f0d"
        ],
        "Strict-Transport-Security": [
          "max-age=31536000; includeSubDomains"
        ],
        "X-Content-Type-Options": [
          "nosniff"
        ],
        "Date": [
          "Tue, 23 Apr 2019 18:02:20 GMT"
        ],
        "Expires": [
          "-1"
        ],
        "Content-Length": [
          "0"
        ]
      },
      "ResponseBody": "",
      "StatusCode": 202
    },
    {
      "RequestUri": "/subscriptions/5393f919-a68a-43d0-9063-4b2bda6bffdf/operationresults/eyJqb2JJZCI6IlJFU09VUkNFR1JPVVBERUxFVElPTkpPQi1DUlBURVNUUFM4OTgyLVdFU1RDRU5UUkFMVVMiLCJqb2JMb2NhdGlvbiI6Indlc3RjZW50cmFsdXMifQ?api-version=2016-09-01",
      "EncodedRequestUri": "L3N1YnNjcmlwdGlvbnMvNTM5M2Y5MTktYTY4YS00M2QwLTkwNjMtNGIyYmRhNmJmZmRmL29wZXJhdGlvbnJlc3VsdHMvZXlKcWIySkpaQ0k2SWxKRlUwOVZVa05GUjFKUFZWQkVSVXhGVkVsUFRrcFBRaTFEVWxCVVJWTlVVRk00T1RneUxWZEZVMVJEUlU1VVVrRk1WVk1pTENKcWIySk1iMk5oZEdsdmJpSTZJbmRsYzNSalpXNTBjbUZzZFhNaWZRP2FwaS12ZXJzaW9uPTIwMTYtMDktMDE=",
      "RequestMethod": "GET",
      "RequestBody": "",
      "RequestHeaders": {
        "User-Agent": [
          "FxVersion/4.6.27414.06",
          "OSName/Windows",
          "OSVersion/Microsoft.Windows.10.0.17763.",
          "Microsoft.Azure.Management.Internal.Resources.ResourceManagementClient/1.1.19"
        ]
      },
      "ResponseHeaders": {
        "Cache-Control": [
          "no-cache"
        ],
        "Pragma": [
          "no-cache"
        ],
        "Location": [
          "https://management.azure.com/subscriptions/5393f919-a68a-43d0-9063-4b2bda6bffdf/operationresults/eyJqb2JJZCI6IlJFU09VUkNFR1JPVVBERUxFVElPTkpPQi1DUlBURVNUUFM4OTgyLVdFU1RDRU5UUkFMVVMiLCJqb2JMb2NhdGlvbiI6Indlc3RjZW50cmFsdXMifQ?api-version=2016-09-01"
        ],
        "Retry-After": [
          "15"
        ],
        "x-ms-ratelimit-remaining-subscription-reads": [
          "11998"
        ],
        "x-ms-request-id": [
          "73ca931a-b1b4-4cb0-95f5-147a57a1f1cc"
        ],
        "x-ms-correlation-request-id": [
          "73ca931a-b1b4-4cb0-95f5-147a57a1f1cc"
        ],
        "x-ms-routing-request-id": [
          "WESTUS2:20190423T180235Z:73ca931a-b1b4-4cb0-95f5-147a57a1f1cc"
        ],
        "Strict-Transport-Security": [
          "max-age=31536000; includeSubDomains"
        ],
        "X-Content-Type-Options": [
          "nosniff"
        ],
        "Date": [
          "Tue, 23 Apr 2019 18:02:34 GMT"
        ],
        "Expires": [
          "-1"
        ],
        "Content-Length": [
          "0"
        ]
      },
      "ResponseBody": "",
      "StatusCode": 202
    },
    {
      "RequestUri": "/subscriptions/5393f919-a68a-43d0-9063-4b2bda6bffdf/operationresults/eyJqb2JJZCI6IlJFU09VUkNFR1JPVVBERUxFVElPTkpPQi1DUlBURVNUUFM4OTgyLVdFU1RDRU5UUkFMVVMiLCJqb2JMb2NhdGlvbiI6Indlc3RjZW50cmFsdXMifQ?api-version=2016-09-01",
      "EncodedRequestUri": "L3N1YnNjcmlwdGlvbnMvNTM5M2Y5MTktYTY4YS00M2QwLTkwNjMtNGIyYmRhNmJmZmRmL29wZXJhdGlvbnJlc3VsdHMvZXlKcWIySkpaQ0k2SWxKRlUwOVZVa05GUjFKUFZWQkVSVXhGVkVsUFRrcFBRaTFEVWxCVVJWTlVVRk00T1RneUxWZEZVMVJEUlU1VVVrRk1WVk1pTENKcWIySk1iMk5oZEdsdmJpSTZJbmRsYzNSalpXNTBjbUZzZFhNaWZRP2FwaS12ZXJzaW9uPTIwMTYtMDktMDE=",
      "RequestMethod": "GET",
      "RequestBody": "",
      "RequestHeaders": {
        "User-Agent": [
          "FxVersion/4.6.27414.06",
          "OSName/Windows",
          "OSVersion/Microsoft.Windows.10.0.17763.",
          "Microsoft.Azure.Management.Internal.Resources.ResourceManagementClient/1.1.19"
        ]
      },
      "ResponseHeaders": {
        "Cache-Control": [
          "no-cache"
        ],
        "Pragma": [
          "no-cache"
        ],
        "x-ms-ratelimit-remaining-subscription-reads": [
          "11997"
        ],
        "x-ms-request-id": [
          "5ea36721-9c60-4460-9707-ef98e03503eb"
        ],
        "x-ms-correlation-request-id": [
          "5ea36721-9c60-4460-9707-ef98e03503eb"
        ],
        "x-ms-routing-request-id": [
          "WESTUS2:20190423T180250Z:5ea36721-9c60-4460-9707-ef98e03503eb"
        ],
        "Strict-Transport-Security": [
          "max-age=31536000; includeSubDomains"
        ],
        "X-Content-Type-Options": [
          "nosniff"
        ],
        "Date": [
          "Tue, 23 Apr 2019 18:02:49 GMT"
        ],
        "Expires": [
          "-1"
        ],
        "Content-Length": [
          "0"
        ]
      },
      "ResponseBody": "",
      "StatusCode": 200
    },
    {
      "RequestUri": "/subscriptions/5393f919-a68a-43d0-9063-4b2bda6bffdf/operationresults/eyJqb2JJZCI6IlJFU09VUkNFR1JPVVBERUxFVElPTkpPQi1DUlBURVNUUFM4OTgyLVdFU1RDRU5UUkFMVVMiLCJqb2JMb2NhdGlvbiI6Indlc3RjZW50cmFsdXMifQ?api-version=2016-09-01",
      "EncodedRequestUri": "L3N1YnNjcmlwdGlvbnMvNTM5M2Y5MTktYTY4YS00M2QwLTkwNjMtNGIyYmRhNmJmZmRmL29wZXJhdGlvbnJlc3VsdHMvZXlKcWIySkpaQ0k2SWxKRlUwOVZVa05GUjFKUFZWQkVSVXhGVkVsUFRrcFBRaTFEVWxCVVJWTlVVRk00T1RneUxWZEZVMVJEUlU1VVVrRk1WVk1pTENKcWIySk1iMk5oZEdsdmJpSTZJbmRsYzNSalpXNTBjbUZzZFhNaWZRP2FwaS12ZXJzaW9uPTIwMTYtMDktMDE=",
      "RequestMethod": "GET",
      "RequestBody": "",
      "RequestHeaders": {
        "User-Agent": [
          "FxVersion/4.6.27414.06",
          "OSName/Windows",
          "OSVersion/Microsoft.Windows.10.0.17763.",
          "Microsoft.Azure.Management.Internal.Resources.ResourceManagementClient/1.1.19"
        ]
      },
      "ResponseHeaders": {
        "Cache-Control": [
          "no-cache"
        ],
        "Pragma": [
          "no-cache"
        ],
        "x-ms-ratelimit-remaining-subscription-reads": [
          "11996"
        ],
        "x-ms-request-id": [
          "7d6655d4-1a5b-4f07-b740-653a0ac97636"
        ],
        "x-ms-correlation-request-id": [
          "7d6655d4-1a5b-4f07-b740-653a0ac97636"
        ],
        "x-ms-routing-request-id": [
          "WESTUS2:20190423T180250Z:7d6655d4-1a5b-4f07-b740-653a0ac97636"
        ],
        "Strict-Transport-Security": [
          "max-age=31536000; includeSubDomains"
        ],
        "X-Content-Type-Options": [
          "nosniff"
        ],
        "Date": [
          "Tue, 23 Apr 2019 18:02:49 GMT"
        ],
        "Expires": [
          "-1"
        ],
        "Content-Length": [
          "0"
        ]
      },
      "ResponseBody": "",
      "StatusCode": 200
    }
  ],
  "Names": {
    "Test-ProximityPlacementGroupAvSet": [
      "crptestps8982"
    ]
  },
  "Variables": {
    "SubscriptionId": "5393f919-a68a-43d0-9063-4b2bda6bffdf"
  }
}