{
  "Entries": [
    {
      "RequestUri": "/subscriptions/2295ee31-27e3-4b1d-b5c1-6c73d1265f4e/resourcegroups/onesdk2855?api-version=2014-04-01-preview",
      "EncodedRequestUri": "L3N1YnNjcmlwdGlvbnMvMjI5NWVlMzEtMjdlMy00YjFkLWI1YzEtNmM3M2QxMjY1ZjRlL3Jlc291cmNlZ3JvdXBzL29uZXNkazI4NTU/YXBpLXZlcnNpb249MjAxNC0wNC0wMS1wcmV2aWV3",
      "RequestMethod": "HEAD",
      "RequestBody": "",
      "RequestHeaders": {
        "User-Agent": [
          "Microsoft.Azure.Management.Resources.ResourceManagementClient/2.0.0.0"
        ]
      },
      "ResponseBody": "",
      "ResponseHeaders": {
        "Content-Length": [
          "102"
        ],
        "Content-Type": [
          "application/json; charset=utf-8"
        ],
        "Expires": [
          "-1"
        ],
        "Pragma": [
          "no-cache"
        ],
        "x-ms-failure-cause": [
          "gateway"
        ],
        "x-ms-ratelimit-remaining-subscription-reads": [
          "14988"
        ],
        "x-ms-request-id": [
          "d1218424-5237-452f-a74c-8f6372c29770"
        ],
        "x-ms-correlation-request-id": [
          "d1218424-5237-452f-a74c-8f6372c29770"
        ],
        "x-ms-routing-request-id": [
          "CENTRALUS:20150807T081653Z:d1218424-5237-452f-a74c-8f6372c29770"
        ],
        "Strict-Transport-Security": [
          "max-age=31536000; includeSubDomains"
        ],
        "Cache-Control": [
          "no-cache"
        ],
        "Date": [
          "Fri, 07 Aug 2015 08:16:53 GMT"
        ]
      },
      "StatusCode": 404
    },
    {
      "RequestUri": "/subscriptions/2295ee31-27e3-4b1d-b5c1-6c73d1265f4e/resourcegroups/onesdk2855?api-version=2014-04-01-preview",
      "EncodedRequestUri": "L3N1YnNjcmlwdGlvbnMvMjI5NWVlMzEtMjdlMy00YjFkLWI1YzEtNmM3M2QxMjY1ZjRlL3Jlc291cmNlZ3JvdXBzL29uZXNkazI4NTU/YXBpLXZlcnNpb249MjAxNC0wNC0wMS1wcmV2aWV3",
      "RequestMethod": "HEAD",
      "RequestBody": "",
      "RequestHeaders": {
        "User-Agent": [
          "Microsoft.Azure.Management.Resources.ResourceManagementClient/2.0.0.0"
        ]
      },
      "ResponseBody": "",
      "ResponseHeaders": {
        "Content-Length": [
          "0"
        ],
        "Expires": [
          "-1"
        ],
        "Pragma": [
          "no-cache"
        ],
        "x-ms-ratelimit-remaining-subscription-reads": [
          "14984"
        ],
        "x-ms-request-id": [
          "3d3bf6fd-d4b5-4e39-895f-2762f1d12802"
        ],
        "x-ms-correlation-request-id": [
          "3d3bf6fd-d4b5-4e39-895f-2762f1d12802"
        ],
        "x-ms-routing-request-id": [
          "CENTRALUS:20150807T081712Z:3d3bf6fd-d4b5-4e39-895f-2762f1d12802"
        ],
        "Strict-Transport-Security": [
          "max-age=31536000; includeSubDomains"
        ],
        "Cache-Control": [
          "no-cache"
        ],
        "Date": [
          "Fri, 07 Aug 2015 08:17:11 GMT"
        ]
      },
      "StatusCode": 204
    },
    {
      "RequestUri": "/subscriptions/2295ee31-27e3-4b1d-b5c1-6c73d1265f4e/resourcegroups/onesdk2855?api-version=2014-04-01-preview",
      "EncodedRequestUri": "L3N1YnNjcmlwdGlvbnMvMjI5NWVlMzEtMjdlMy00YjFkLWI1YzEtNmM3M2QxMjY1ZjRlL3Jlc291cmNlZ3JvdXBzL29uZXNkazI4NTU/YXBpLXZlcnNpb249MjAxNC0wNC0wMS1wcmV2aWV3",
      "RequestMethod": "PUT",
      "RequestBody": "{\r\n  \"location\": \"Japan East\"\r\n}",
      "RequestHeaders": {
        "Content-Type": [
          "application/json; charset=utf-8"
        ],
        "Content-Length": [
          "32"
        ],
        "User-Agent": [
          "Microsoft.Azure.Management.Resources.ResourceManagementClient/2.0.0.0"
        ]
      },
      "ResponseBody": "{\r\n  \"id\": \"/subscriptions/2295ee31-27e3-4b1d-b5c1-6c73d1265f4e/resourceGroups/onesdk2855\",\r\n  \"name\": \"onesdk2855\",\r\n  \"location\": \"japaneast\",\r\n  \"properties\": {\r\n    \"provisioningState\": \"Succeeded\"\r\n  }\r\n}",
      "ResponseHeaders": {
        "Content-Length": [
          "176"
        ],
        "Content-Type": [
          "application/json; charset=utf-8"
        ],
        "Expires": [
          "-1"
        ],
        "Pragma": [
          "no-cache"
        ],
        "x-ms-ratelimit-remaining-subscription-writes": [
          "1190"
        ],
        "x-ms-request-id": [
          "aba805b5-ec0c-42e4-a088-a116eb39c8f7"
        ],
        "x-ms-correlation-request-id": [
          "aba805b5-ec0c-42e4-a088-a116eb39c8f7"
        ],
        "x-ms-routing-request-id": [
          "CENTRALUS:20150807T081654Z:aba805b5-ec0c-42e4-a088-a116eb39c8f7"
        ],
        "Strict-Transport-Security": [
          "max-age=31536000; includeSubDomains"
        ],
        "Cache-Control": [
          "no-cache"
        ],
        "Date": [
          "Fri, 07 Aug 2015 08:16:53 GMT"
        ]
      },
      "StatusCode": 201
    },
    {
      "RequestUri": "/subscriptions/2295ee31-27e3-4b1d-b5c1-6c73d1265f4e/resourceGroups/onesdk2855/resources?api-version=2014-04-01-preview",
      "EncodedRequestUri": "L3N1YnNjcmlwdGlvbnMvMjI5NWVlMzEtMjdlMy00YjFkLWI1YzEtNmM3M2QxMjY1ZjRlL3Jlc291cmNlR3JvdXBzL29uZXNkazI4NTUvcmVzb3VyY2VzP2FwaS12ZXJzaW9uPTIwMTQtMDQtMDEtcHJldmlldw==",
      "RequestMethod": "GET",
      "RequestBody": "",
      "RequestHeaders": {
        "User-Agent": [
          "Microsoft.Azure.Management.Resources.ResourceManagementClient/2.0.0.0"
        ]
      },
      "ResponseBody": "{\r\n  \"value\": []\r\n}",
      "ResponseHeaders": {
        "Content-Length": [
          "12"
        ],
        "Content-Type": [
          "application/json; charset=utf-8"
        ],
        "Expires": [
          "-1"
        ],
        "Pragma": [
          "no-cache"
        ],
        "x-ms-ratelimit-remaining-subscription-reads": [
          "14987"
        ],
        "x-ms-request-id": [
          "6fb90e9f-05e5-452c-bc91-6b0e13bab4bd"
        ],
        "x-ms-correlation-request-id": [
          "6fb90e9f-05e5-452c-bc91-6b0e13bab4bd"
        ],
        "x-ms-routing-request-id": [
          "CENTRALUS:20150807T081654Z:6fb90e9f-05e5-452c-bc91-6b0e13bab4bd"
        ],
        "Strict-Transport-Security": [
          "max-age=31536000; includeSubDomains"
        ],
        "Cache-Control": [
          "no-cache"
        ],
        "Date": [
          "Fri, 07 Aug 2015 08:16:53 GMT"
        ]
      },
      "StatusCode": 200
    },
    {
      "RequestUri": "/subscriptions/2295ee31-27e3-4b1d-b5c1-6c73d1265f4e/resourcegroups/onesdk2855/providers/Microsoft.Authorization/permissions?api-version=2014-07-01-preview",
      "EncodedRequestUri": "L3N1YnNjcmlwdGlvbnMvMjI5NWVlMzEtMjdlMy00YjFkLWI1YzEtNmM3M2QxMjY1ZjRlL3Jlc291cmNlZ3JvdXBzL29uZXNkazI4NTUvcHJvdmlkZXJzL01pY3Jvc29mdC5BdXRob3JpemF0aW9uL3Blcm1pc3Npb25zP2FwaS12ZXJzaW9uPTIwMTQtMDctMDEtcHJldmlldw==",
      "RequestMethod": "GET",
      "RequestBody": "",
      "RequestHeaders": {
        "User-Agent": [
          "Microsoft.Azure.Management.Authorization.AuthorizationManagementClient/0.9.0.0"
        ]
      },
      "ResponseBody": "{\r\n  \"value\": [\r\n    {\r\n      \"actions\": [\r\n        \"*\"\r\n      ],\r\n      \"notActions\": []\r\n    }\r\n  ]\r\n}",
      "ResponseHeaders": {
        "Content-Length": [
          "45"
        ],
        "Content-Type": [
          "application/json; charset=utf-8"
        ],
        "Expires": [
          "-1"
        ],
        "Pragma": [
          "no-cache"
        ],
        "Vary": [
          "Accept-Encoding"
        ],
        "x-ms-request-id": [
          "centralus:a64d0b8c-6ed1-485f-916e-1b260c67f9c8"
        ],
        "x-ms-ratelimit-remaining-subscription-reads": [
          "14976"
        ],
        "x-ms-correlation-request-id": [
          "d9dd4780-0189-4e54-b8ee-39c9007d9f33"
        ],
        "x-ms-routing-request-id": [
          "CENTRALUS:20150807T081654Z:d9dd4780-0189-4e54-b8ee-39c9007d9f33"
        ],
        "Strict-Transport-Security": [
          "max-age=31536000; includeSubDomains"
        ],
        "Cache-Control": [
          "no-cache"
        ],
        "Date": [
          "Fri, 07 Aug 2015 08:16:54 GMT"
        ]
      },
      "StatusCode": 200
    },
    {
      "RequestUri": "/subscriptions/2295ee31-27e3-4b1d-b5c1-6c73d1265f4e/resourceGroups/onesdk2855/providers/Microsoft.Sql/servers/onesdk2719?api-version=2014-04-01",
      "EncodedRequestUri": "L3N1YnNjcmlwdGlvbnMvMjI5NWVlMzEtMjdlMy00YjFkLWI1YzEtNmM3M2QxMjY1ZjRlL3Jlc291cmNlR3JvdXBzL29uZXNkazI4NTUvcHJvdmlkZXJzL01pY3Jvc29mdC5TcWwvc2VydmVycy9vbmVzZGsyNzE5P2FwaS12ZXJzaW9uPTIwMTQtMDQtMDE=",
      "RequestMethod": "GET",
      "RequestBody": "",
      "RequestHeaders": {
        "User-Agent": [
          "Microsoft.Azure.Management.Sql.SqlManagementClient/0.9.0.0"
        ],
        "x-ms-client-request-id": [
          "65960da2-ca51-4f4c-8b7d-b0f89606a869"
        ]
      },
      "ResponseBody": "{\r\n  \"error\": {\r\n    \"code\": \"ResourceNotFound\",\r\n    \"message\": \"The Resource 'Microsoft.Sql/servers/onesdk2719' under resource group 'onesdk2855' was not found.\"\r\n  }\r\n}",
      "ResponseHeaders": {
        "Content-Length": [
          "146"
        ],
        "Content-Type": [
          "application/json; charset=utf-8"
        ],
        "Expires": [
          "-1"
        ],
        "Pragma": [
          "no-cache"
        ],
        "x-ms-failure-cause": [
          "gateway"
        ],
        "x-ms-request-id": [
          "dff1d91d-6841-4288-89b8-10be06cb3d2d"
        ],
        "x-ms-correlation-request-id": [
          "dff1d91d-6841-4288-89b8-10be06cb3d2d"
        ],
        "x-ms-routing-request-id": [
          "CENTRALUS:20150807T081655Z:dff1d91d-6841-4288-89b8-10be06cb3d2d"
        ],
        "Strict-Transport-Security": [
          "max-age=31536000; includeSubDomains"
        ],
        "Cache-Control": [
          "no-cache"
        ],
        "Date": [
          "Fri, 07 Aug 2015 08:16:54 GMT"
        ]
      },
      "StatusCode": 404
    },
    {
      "RequestUri": "/subscriptions/2295ee31-27e3-4b1d-b5c1-6c73d1265f4e/resourceGroups/onesdk2855/providers/Microsoft.Sql/servers/onesdk2719?api-version=2014-04-01",
      "EncodedRequestUri": "L3N1YnNjcmlwdGlvbnMvMjI5NWVlMzEtMjdlMy00YjFkLWI1YzEtNmM3M2QxMjY1ZjRlL3Jlc291cmNlR3JvdXBzL29uZXNkazI4NTUvcHJvdmlkZXJzL01pY3Jvc29mdC5TcWwvc2VydmVycy9vbmVzZGsyNzE5P2FwaS12ZXJzaW9uPTIwMTQtMDQtMDE=",
      "RequestMethod": "GET",
      "RequestBody": "",
      "RequestHeaders": {
        "User-Agent": [
          "Microsoft.Azure.Management.Sql.SqlManagementClient/0.9.0.0"
        ],
        "x-ms-client-request-id": [
          "0d65ba10-5d80-49d7-8bba-a28ae6ba5b73"
        ]
      },
      "ResponseBody": "{\r\n  \"id\": \"/subscriptions/2295ee31-27e3-4b1d-b5c1-6c73d1265f4e/resourceGroups/onesdk2855/providers/Microsoft.Sql/servers/onesdk2719\",\r\n  \"name\": \"onesdk2719\",\r\n  \"type\": \"Microsoft.Sql/servers\",\r\n  \"location\": \"North Central US\",\r\n  \"kind\": \"v2.0\",\r\n  \"properties\": {\r\n    \"fullyQualifiedDomainName\": \"onesdk2719.sqltest-eg1.mscds.com\",\r\n    \"administratorLogin\": \"testusername\",\r\n    \"administratorLoginPassword\": null,\r\n    \"externalAdministratorLogin\": null,\r\n    \"externalAdministratorSid\": null,\r\n    \"version\": \"2.0\",\r\n    \"state\": \"Ready\"\r\n  }\r\n}",
      "ResponseHeaders": {
        "Content-Length": [
          "469"
        ],
        "Content-Type": [
          "application/json; odata=minimalmetadata; streaming=true; charset=utf-8"
        ],
        "x-ms-request-id": [
          "4f5ddc43-fac6-4338-bdf5-2dfb76a811aa"
        ],
        "X-Content-Type-Options": [
          "nosniff"
        ],
        "DataServiceVersion": [
          "3.0;"
        ],
        "x-ms-ratelimit-remaining-subscription-reads": [
          "14944"
        ],
        "x-ms-correlation-request-id": [
          "04c60c00-5306-42f2-8959-48c5a595b6ae"
        ],
        "x-ms-routing-request-id": [
          "CENTRALUS:20150807T081700Z:04c60c00-5306-42f2-8959-48c5a595b6ae"
        ],
        "Strict-Transport-Security": [
          "max-age=31536000; includeSubDomains"
        ],
        "Cache-Control": [
          "no-store, no-cache"
        ],
        "Date": [
          "Fri, 07 Aug 2015 08:17:00 GMT"
        ],
        "Server": [
          "Microsoft-HTTPAPI/2.0"
        ]
      },
      "StatusCode": 200
    },
    {
      "RequestUri": "/subscriptions/2295ee31-27e3-4b1d-b5c1-6c73d1265f4e/resourceGroups/onesdk2855/providers/Microsoft.Sql/servers/onesdk2719?api-version=2014-04-01",
      "EncodedRequestUri": "L3N1YnNjcmlwdGlvbnMvMjI5NWVlMzEtMjdlMy00YjFkLWI1YzEtNmM3M2QxMjY1ZjRlL3Jlc291cmNlR3JvdXBzL29uZXNkazI4NTUvcHJvdmlkZXJzL01pY3Jvc29mdC5TcWwvc2VydmVycy9vbmVzZGsyNzE5P2FwaS12ZXJzaW9uPTIwMTQtMDQtMDE=",
      "RequestMethod": "GET",
      "RequestBody": "",
      "RequestHeaders": {
        "User-Agent": [
          "Microsoft.Azure.Management.Sql.SqlManagementClient/0.9.0.0"
        ],
        "x-ms-client-request-id": [
          "262eb636-40ff-475e-b93e-3b28523cd6d2"
        ]
      },
      "ResponseBody": "{\r\n  \"id\": \"/subscriptions/2295ee31-27e3-4b1d-b5c1-6c73d1265f4e/resourceGroups/onesdk2855/providers/Microsoft.Sql/servers/onesdk2719\",\r\n  \"name\": \"onesdk2719\",\r\n  \"type\": \"Microsoft.Sql/servers\",\r\n  \"location\": \"North Central US\",\r\n  \"kind\": \"v2.0\",\r\n  \"properties\": {\r\n    \"fullyQualifiedDomainName\": \"onesdk2719.sqltest-eg1.mscds.com\",\r\n    \"administratorLogin\": \"testusername\",\r\n    \"administratorLoginPassword\": null,\r\n    \"externalAdministratorLogin\": null,\r\n    \"externalAdministratorSid\": null,\r\n    \"version\": \"2.0\",\r\n    \"state\": \"Ready\"\r\n  }\r\n}",
      "ResponseHeaders": {
        "Content-Length": [
          "469"
        ],
        "Content-Type": [
          "application/json; odata=minimalmetadata; streaming=true; charset=utf-8"
        ],
        "x-ms-request-id": [
          "edb9155c-13fb-4d23-a454-2c55020f15a8"
        ],
        "X-Content-Type-Options": [
          "nosniff"
        ],
        "DataServiceVersion": [
          "3.0;"
        ],
        "x-ms-ratelimit-remaining-subscription-reads": [
          "14941"
        ],
        "x-ms-correlation-request-id": [
          "c3b0ccb5-8249-4c13-82ba-4d1327a0cd3a"
        ],
        "x-ms-routing-request-id": [
          "CENTRALUS:20150807T081710Z:c3b0ccb5-8249-4c13-82ba-4d1327a0cd3a"
        ],
        "Strict-Transport-Security": [
          "max-age=31536000; includeSubDomains"
        ],
        "Cache-Control": [
          "no-store, no-cache"
        ],
        "Date": [
          "Fri, 07 Aug 2015 08:17:10 GMT"
        ],
        "Server": [
          "Microsoft-HTTPAPI/2.0"
        ]
      },
      "StatusCode": 200
    },
    {
      "RequestUri": "/subscriptions/2295ee31-27e3-4b1d-b5c1-6c73d1265f4e/resourceGroups/onesdk2855/providers/Microsoft.Sql/servers/onesdk2719?api-version=2014-04-01",
      "EncodedRequestUri": "L3N1YnNjcmlwdGlvbnMvMjI5NWVlMzEtMjdlMy00YjFkLWI1YzEtNmM3M2QxMjY1ZjRlL3Jlc291cmNlR3JvdXBzL29uZXNkazI4NTUvcHJvdmlkZXJzL01pY3Jvc29mdC5TcWwvc2VydmVycy9vbmVzZGsyNzE5P2FwaS12ZXJzaW9uPTIwMTQtMDQtMDE=",
      "RequestMethod": "GET",
      "RequestBody": "",
      "RequestHeaders": {
        "User-Agent": [
          "Microsoft.Azure.Management.Sql.SqlManagementClient/0.9.0.0"
        ],
        "x-ms-client-request-id": [
          "3f153826-4618-452a-9104-e96bdd89eed9"
        ]
      },
      "ResponseBody": "{\r\n  \"id\": \"/subscriptions/2295ee31-27e3-4b1d-b5c1-6c73d1265f4e/resourceGroups/onesdk2855/providers/Microsoft.Sql/servers/onesdk2719\",\r\n  \"name\": \"onesdk2719\",\r\n  \"type\": \"Microsoft.Sql/servers\",\r\n  \"location\": \"North Central US\",\r\n  \"kind\": \"v2.0\",\r\n  \"properties\": {\r\n    \"fullyQualifiedDomainName\": \"onesdk2719.sqltest-eg1.mscds.com\",\r\n    \"administratorLogin\": \"testusername\",\r\n    \"administratorLoginPassword\": null,\r\n    \"externalAdministratorLogin\": null,\r\n    \"externalAdministratorSid\": null,\r\n    \"version\": \"2.0\",\r\n    \"state\": \"Ready\"\r\n  }\r\n}",
      "ResponseHeaders": {
        "Content-Length": [
          "469"
        ],
        "Content-Type": [
          "application/json; odata=minimalmetadata; streaming=true; charset=utf-8"
        ],
        "x-ms-request-id": [
          "22ad3441-0fec-41c0-a5ca-a1a1355be005"
        ],
        "X-Content-Type-Options": [
          "nosniff"
        ],
        "DataServiceVersion": [
          "3.0;"
        ],
        "x-ms-ratelimit-remaining-subscription-reads": [
          "14940"
        ],
        "x-ms-correlation-request-id": [
          "de67a4ad-09ed-4b61-b489-d737b3447f00"
        ],
        "x-ms-routing-request-id": [
          "CENTRALUS:20150807T081711Z:de67a4ad-09ed-4b61-b489-d737b3447f00"
        ],
        "Strict-Transport-Security": [
          "max-age=31536000; includeSubDomains"
        ],
        "Cache-Control": [
          "no-store, no-cache"
        ],
        "Date": [
          "Fri, 07 Aug 2015 08:17:10 GMT"
        ],
        "Server": [
          "Microsoft-HTTPAPI/2.0"
        ]
      },
      "StatusCode": 200
    },
    {
      "RequestUri": "/subscriptions/2295ee31-27e3-4b1d-b5c1-6c73d1265f4e/resourceGroups/onesdk2855/providers/Microsoft.Sql/servers/onesdk2719?api-version=2014-04-01",
      "EncodedRequestUri": "L3N1YnNjcmlwdGlvbnMvMjI5NWVlMzEtMjdlMy00YjFkLWI1YzEtNmM3M2QxMjY1ZjRlL3Jlc291cmNlR3JvdXBzL29uZXNkazI4NTUvcHJvdmlkZXJzL01pY3Jvc29mdC5TcWwvc2VydmVycy9vbmVzZGsyNzE5P2FwaS12ZXJzaW9uPTIwMTQtMDQtMDE=",
      "RequestMethod": "PUT",
      "RequestBody": "{\r\n  \"properties\": {\r\n    \"version\": \"2.0\",\r\n    \"administratorLogin\": \"testusername\",\r\n    \"administratorLoginPassword\": \"t357ingP@s5w0rd!\"\r\n  },\r\n  \"location\": \"North Central US\"\r\n}",
      "RequestHeaders": {
        "Content-Type": [
          "application/json; charset=utf-8"
        ],
        "Content-Length": [
          "183"
        ],
        "User-Agent": [
          "Microsoft.Azure.Management.Sql.SqlManagementClient/0.9.0.0"
        ],
        "x-ms-client-request-id": [
          "cc5fa0ca-a828-4746-a376-a37c82ddf32a"
        ]
      },
      "ResponseBody": "{\r\n  \"id\": \"/subscriptions/2295ee31-27e3-4b1d-b5c1-6c73d1265f4e/resourceGroups/onesdk2855/providers/Microsoft.Sql/servers/onesdk2719\",\r\n  \"name\": \"onesdk2719\",\r\n  \"type\": \"Microsoft.Sql/servers\",\r\n  \"location\": \"North Central US\",\r\n  \"kind\": \"v2.0\",\r\n  \"properties\": {\r\n    \"fullyQualifiedDomainName\": \"onesdk2719.sqltest-eg1.mscds.com\",\r\n    \"administratorLogin\": \"testusername\",\r\n    \"administratorLoginPassword\": \"t357ingP@s5w0rd!\",\r\n    \"externalAdministratorLogin\": null,\r\n    \"externalAdministratorSid\": null,\r\n    \"version\": \"2.0\",\r\n    \"state\": \"Ready\"\r\n  }\r\n}",
      "ResponseHeaders": {
        "Content-Length": [
          "483"
        ],
        "Content-Type": [
          "application/json; odata=minimalmetadata; streaming=true; charset=utf-8"
        ],
        "x-ms-request-id": [
          "66b36f7c-39c6-42a4-9f1f-3a659a03b869"
        ],
        "X-Content-Type-Options": [
          "nosniff"
        ],
        "Preference-Applied": [
          "return-content"
        ],
        "DataServiceVersion": [
          "3.0;"
        ],
        "x-ms-ratelimit-remaining-subscription-writes": [
          "1186"
        ],
        "x-ms-correlation-request-id": [
          "f0930b76-65eb-4700-a584-bb38ef4a18da"
        ],
        "x-ms-routing-request-id": [
          "CENTRALUS:20150807T081700Z:f0930b76-65eb-4700-a584-bb38ef4a18da"
        ],
        "Strict-Transport-Security": [
          "max-age=31536000; includeSubDomains"
        ],
        "Cache-Control": [
          "no-store, no-cache"
        ],
        "Date": [
          "Fri, 07 Aug 2015 08:17:00 GMT"
        ],
        "Server": [
          "Microsoft-HTTPAPI/2.0"
        ]
      },
      "StatusCode": 201
    },
    {
      "RequestUri": "/subscriptions/2295ee31-27e3-4b1d-b5c1-6c73d1265f4e/resourceGroups/onesdk2855/providers/Microsoft.Sql/servers/onesdk2719/databases/onesdk8152?api-version=2014-04-01",
      "EncodedRequestUri": "L3N1YnNjcmlwdGlvbnMvMjI5NWVlMzEtMjdlMy00YjFkLWI1YzEtNmM3M2QxMjY1ZjRlL3Jlc291cmNlR3JvdXBzL29uZXNkazI4NTUvcHJvdmlkZXJzL01pY3Jvc29mdC5TcWwvc2VydmVycy9vbmVzZGsyNzE5L2RhdGFiYXNlcy9vbmVzZGs4MTUyP2FwaS12ZXJzaW9uPTIwMTQtMDQtMDE=",
      "RequestMethod": "GET",
      "RequestBody": "",
      "RequestHeaders": {
        "User-Agent": [
          "Microsoft.Azure.Management.Sql.SqlManagementClient/0.9.0.0"
        ],
        "x-ms-client-request-id": [
          "b1969a61-865b-497e-8187-efafb4f5b995"
        ]
      },
      "ResponseBody": "{\r\n  \"error\": {\r\n    \"code\": \"ResourceNotFound\",\r\n    \"message\": \"The Resource 'Microsoft.Sql/servers/onesdk2719/databases/onesdk8152' under resource group 'onesdk2855' was not found.\"\r\n  }\r\n}",
      "ResponseHeaders": {
        "Content-Length": [
          "167"
        ],
        "Content-Type": [
          "application/json; charset=utf-8"
        ],
        "Expires": [
          "-1"
        ],
        "Pragma": [
          "no-cache"
        ],
        "x-ms-failure-cause": [
          "gateway"
        ],
        "x-ms-request-id": [
          "852fba86-a251-4243-ac50-2b5dd3e01c23"
        ],
        "x-ms-correlation-request-id": [
          "852fba86-a251-4243-ac50-2b5dd3e01c23"
        ],
        "x-ms-routing-request-id": [
          "CENTRALUS:20150807T081700Z:852fba86-a251-4243-ac50-2b5dd3e01c23"
        ],
        "Strict-Transport-Security": [
          "max-age=31536000; includeSubDomains"
        ],
        "Cache-Control": [
          "no-cache"
        ],
        "Date": [
          "Fri, 07 Aug 2015 08:17:00 GMT"
        ]
      },
      "StatusCode": 404
    },
    {
      "RequestUri": "/subscriptions/2295ee31-27e3-4b1d-b5c1-6c73d1265f4e/resourceGroups/onesdk2855/providers/Microsoft.Sql/servers/onesdk2719/databases/onesdk8152?api-version=2014-04-01",
      "EncodedRequestUri": "L3N1YnNjcmlwdGlvbnMvMjI5NWVlMzEtMjdlMy00YjFkLWI1YzEtNmM3M2QxMjY1ZjRlL3Jlc291cmNlR3JvdXBzL29uZXNkazI4NTUvcHJvdmlkZXJzL01pY3Jvc29mdC5TcWwvc2VydmVycy9vbmVzZGsyNzE5L2RhdGFiYXNlcy9vbmVzZGs4MTUyP2FwaS12ZXJzaW9uPTIwMTQtMDQtMDE=",
      "RequestMethod": "PUT",
      "RequestBody": "{\r\n  \"properties\": {\r\n    \"edition\": \"Standard\",\r\n    \"maxSizeBytes\": \"104857600\"\r\n  },\r\n  \"location\": \"North Central US\",\r\n  \"tags\": {}\r\n}",
      "RequestHeaders": {
        "Content-Type": [
          "application/json; charset=utf-8"
        ],
        "Content-Length": [
          "139"
        ],
        "User-Agent": [
          "Microsoft.Azure.Management.Sql.SqlManagementClient/0.9.0.0"
        ],
        "x-ms-client-request-id": [
          "970f3946-8b8e-47a6-a39e-6c6aa78da3a7"
        ]
      },
      "ResponseBody": "{\r\n  \"tags\": {},\r\n  \"id\": \"/subscriptions/2295ee31-27e3-4b1d-b5c1-6c73d1265f4e/resourceGroups/onesdk2855/providers/Microsoft.Sql/servers/onesdk2719/databases/onesdk8152\",\r\n  \"name\": \"onesdk8152\",\r\n  \"type\": \"Microsoft.Sql/servers/databases\",\r\n  \"location\": \"North Central US\",\r\n  \"kind\": \"v2.0,user\",\r\n  \"properties\": {\r\n    \"databaseId\": \"6397be6a-63d7-4956-9e4b-6c46d3904692\",\r\n    \"edition\": \"Standard\",\r\n    \"status\": \"Online\",\r\n    \"serviceLevelObjective\": \"S0\",\r\n    \"collation\": \"SQL_Latin1_General_CP1_CI_AS\",\r\n    \"maxSizeBytes\": \"104857600\",\r\n    \"creationDate\": \"2015-08-07T08:17:03.3Z\",\r\n    \"currentServiceObjectiveId\": \"f1173c43-91bd-4aaa-973c-54e79e15235b\",\r\n    \"requestedServiceObjectiveId\": \"f1173c43-91bd-4aaa-973c-54e79e15235b\",\r\n    \"requestedServiceObjectiveName\": null,\r\n    \"defaultSecondaryLocation\": \"West US\",\r\n    \"earliestRestoreDate\": \"2015-08-07T08:18:03.3Z\"\r\n  }\r\n}",
      "ResponseHeaders": {
        "Content-Length": [
          "772"
        ],
        "Content-Type": [
          "application/json; odata=minimalmetadata; streaming=true; charset=utf-8"
        ],
        "x-ms-request-id": [
          "a205459f-55d4-4269-9def-72a279b95e94"
        ],
        "X-Content-Type-Options": [
          "nosniff"
        ],
        "Preference-Applied": [
          "return-content"
        ],
        "DataServiceVersion": [
          "3.0;"
        ],
        "x-ms-ratelimit-remaining-subscription-writes": [
          "1185"
        ],
        "x-ms-correlation-request-id": [
          "ee54156a-2831-4223-99f5-63e6e6991afe"
        ],
        "x-ms-routing-request-id": [
          "CENTRALUS:20150807T081705Z:ee54156a-2831-4223-99f5-63e6e6991afe"
        ],
        "Strict-Transport-Security": [
          "max-age=31536000; includeSubDomains"
        ],
        "Cache-Control": [
          "no-store, no-cache"
        ],
        "Date": [
          "Fri, 07 Aug 2015 08:17:04 GMT"
        ],
        "Server": [
          "Microsoft-HTTPAPI/2.0"
        ]
      },
      "StatusCode": 201
    },
    {
      "RequestUri": "/subscriptions/2295ee31-27e3-4b1d-b5c1-6c73d1265f4e/resourcegroups/onesdk9908?api-version=2014-04-01-preview",
      "EncodedRequestUri": "L3N1YnNjcmlwdGlvbnMvMjI5NWVlMzEtMjdlMy00YjFkLWI1YzEtNmM3M2QxMjY1ZjRlL3Jlc291cmNlZ3JvdXBzL29uZXNkazk5MDg/YXBpLXZlcnNpb249MjAxNC0wNC0wMS1wcmV2aWV3",
      "RequestMethod": "HEAD",
      "RequestBody": "",
      "RequestHeaders": {
        "User-Agent": [
          "Microsoft.Azure.Management.Resources.ResourceManagementClient/2.0.0.0"
        ]
      },
      "ResponseBody": "",
      "ResponseHeaders": {
        "Content-Length": [
          "102"
        ],
        "Content-Type": [
          "application/json; charset=utf-8"
        ],
        "Expires": [
          "-1"
        ],
        "Pragma": [
          "no-cache"
        ],
        "x-ms-failure-cause": [
          "gateway"
        ],
        "x-ms-ratelimit-remaining-subscription-reads": [
          "14986"
        ],
        "x-ms-request-id": [
          "55ab5d74-e9fb-4e01-8f24-71ef0f071bb2"
        ],
        "x-ms-correlation-request-id": [
          "55ab5d74-e9fb-4e01-8f24-71ef0f071bb2"
        ],
        "x-ms-routing-request-id": [
          "CENTRALUS:20150807T081705Z:55ab5d74-e9fb-4e01-8f24-71ef0f071bb2"
        ],
        "Strict-Transport-Security": [
          "max-age=31536000; includeSubDomains"
        ],
        "Cache-Control": [
          "no-cache"
        ],
        "Date": [
          "Fri, 07 Aug 2015 08:17:04 GMT"
        ]
      },
      "StatusCode": 404
    },
    {
      "RequestUri": "/subscriptions/2295ee31-27e3-4b1d-b5c1-6c73d1265f4e/resourcegroups/onesdk9908?api-version=2014-04-01-preview",
      "EncodedRequestUri": "L3N1YnNjcmlwdGlvbnMvMjI5NWVlMzEtMjdlMy00YjFkLWI1YzEtNmM3M2QxMjY1ZjRlL3Jlc291cmNlZ3JvdXBzL29uZXNkazk5MDg/YXBpLXZlcnNpb249MjAxNC0wNC0wMS1wcmV2aWV3",
      "RequestMethod": "HEAD",
      "RequestBody": "",
      "RequestHeaders": {
        "User-Agent": [
          "Microsoft.Azure.Management.Resources.ResourceManagementClient/2.0.0.0"
        ]
      },
      "ResponseBody": "",
      "ResponseHeaders": {
        "Content-Length": [
          "0"
        ],
        "Expires": [
          "-1"
        ],
        "Pragma": [
          "no-cache"
        ],
        "x-ms-ratelimit-remaining-subscription-reads": [
          "14975"
        ],
        "x-ms-request-id": [
          "f3cb1455-ed5b-42d1-8daa-d93e58cb2424"
        ],
        "x-ms-correlation-request-id": [
          "f3cb1455-ed5b-42d1-8daa-d93e58cb2424"
        ],
        "x-ms-routing-request-id": [
          "CENTRALUS:20150807T081858Z:f3cb1455-ed5b-42d1-8daa-d93e58cb2424"
        ],
        "Strict-Transport-Security": [
          "max-age=31536000; includeSubDomains"
        ],
        "Cache-Control": [
          "no-cache"
        ],
        "Date": [
          "Fri, 07 Aug 2015 08:18:57 GMT"
        ]
      },
      "StatusCode": 204
    },
    {
      "RequestUri": "/subscriptions/2295ee31-27e3-4b1d-b5c1-6c73d1265f4e/resourcegroups/onesdk9908?api-version=2014-04-01-preview",
      "EncodedRequestUri": "L3N1YnNjcmlwdGlvbnMvMjI5NWVlMzEtMjdlMy00YjFkLWI1YzEtNmM3M2QxMjY1ZjRlL3Jlc291cmNlZ3JvdXBzL29uZXNkazk5MDg/YXBpLXZlcnNpb249MjAxNC0wNC0wMS1wcmV2aWV3",
      "RequestMethod": "PUT",
      "RequestBody": "{\r\n  \"location\": \"Japan East\"\r\n}",
      "RequestHeaders": {
        "Content-Type": [
          "application/json; charset=utf-8"
        ],
        "Content-Length": [
          "32"
        ],
        "User-Agent": [
          "Microsoft.Azure.Management.Resources.ResourceManagementClient/2.0.0.0"
        ]
      },
      "ResponseBody": "{\r\n  \"id\": \"/subscriptions/2295ee31-27e3-4b1d-b5c1-6c73d1265f4e/resourceGroups/onesdk9908\",\r\n  \"name\": \"onesdk9908\",\r\n  \"location\": \"japaneast\",\r\n  \"properties\": {\r\n    \"provisioningState\": \"Succeeded\"\r\n  }\r\n}",
      "ResponseHeaders": {
        "Content-Length": [
          "176"
        ],
        "Content-Type": [
          "application/json; charset=utf-8"
        ],
        "Expires": [
          "-1"
        ],
        "Pragma": [
          "no-cache"
        ],
        "x-ms-ratelimit-remaining-subscription-writes": [
          "1189"
        ],
        "x-ms-request-id": [
          "f7703c6a-7635-4287-af9f-ed9abd28b4cb"
        ],
        "x-ms-correlation-request-id": [
          "f7703c6a-7635-4287-af9f-ed9abd28b4cb"
        ],
        "x-ms-routing-request-id": [
          "CENTRALUS:20150807T081705Z:f7703c6a-7635-4287-af9f-ed9abd28b4cb"
        ],
        "Strict-Transport-Security": [
          "max-age=31536000; includeSubDomains"
        ],
        "Cache-Control": [
          "no-cache"
        ],
        "Date": [
          "Fri, 07 Aug 2015 08:17:04 GMT"
        ]
      },
      "StatusCode": 201
    },
    {
      "RequestUri": "/subscriptions/2295ee31-27e3-4b1d-b5c1-6c73d1265f4e/resourceGroups/onesdk9908/resources?api-version=2014-04-01-preview",
      "EncodedRequestUri": "L3N1YnNjcmlwdGlvbnMvMjI5NWVlMzEtMjdlMy00YjFkLWI1YzEtNmM3M2QxMjY1ZjRlL3Jlc291cmNlR3JvdXBzL29uZXNkazk5MDgvcmVzb3VyY2VzP2FwaS12ZXJzaW9uPTIwMTQtMDQtMDEtcHJldmlldw==",
      "RequestMethod": "GET",
      "RequestBody": "",
      "RequestHeaders": {
        "User-Agent": [
          "Microsoft.Azure.Management.Resources.ResourceManagementClient/2.0.0.0"
        ]
      },
      "ResponseBody": "{\r\n  \"value\": []\r\n}",
      "ResponseHeaders": {
        "Content-Length": [
          "12"
        ],
        "Content-Type": [
          "application/json; charset=utf-8"
        ],
        "Expires": [
          "-1"
        ],
        "Pragma": [
          "no-cache"
        ],
        "x-ms-ratelimit-remaining-subscription-reads": [
          "14985"
        ],
        "x-ms-request-id": [
          "19f428f3-8297-42d3-b60a-040a101f1536"
        ],
        "x-ms-correlation-request-id": [
          "19f428f3-8297-42d3-b60a-040a101f1536"
        ],
        "x-ms-routing-request-id": [
          "CENTRALUS:20150807T081705Z:19f428f3-8297-42d3-b60a-040a101f1536"
        ],
        "Strict-Transport-Security": [
          "max-age=31536000; includeSubDomains"
        ],
        "Cache-Control": [
          "no-cache"
        ],
        "Date": [
          "Fri, 07 Aug 2015 08:17:04 GMT"
        ]
      },
      "StatusCode": 200
    },
    {
      "RequestUri": "/subscriptions/2295ee31-27e3-4b1d-b5c1-6c73d1265f4e/resourcegroups/onesdk9908/providers/Microsoft.Authorization/permissions?api-version=2014-07-01-preview",
      "EncodedRequestUri": "L3N1YnNjcmlwdGlvbnMvMjI5NWVlMzEtMjdlMy00YjFkLWI1YzEtNmM3M2QxMjY1ZjRlL3Jlc291cmNlZ3JvdXBzL29uZXNkazk5MDgvcHJvdmlkZXJzL01pY3Jvc29mdC5BdXRob3JpemF0aW9uL3Blcm1pc3Npb25zP2FwaS12ZXJzaW9uPTIwMTQtMDctMDEtcHJldmlldw==",
      "RequestMethod": "GET",
      "RequestBody": "",
      "RequestHeaders": {
        "User-Agent": [
          "Microsoft.Azure.Management.Authorization.AuthorizationManagementClient/0.9.0.0"
        ]
      },
      "ResponseBody": "{\r\n  \"value\": [\r\n    {\r\n      \"actions\": [\r\n        \"*\"\r\n      ],\r\n      \"notActions\": []\r\n    }\r\n  ]\r\n}",
      "ResponseHeaders": {
        "Content-Length": [
          "45"
        ],
        "Content-Type": [
          "application/json; charset=utf-8"
        ],
        "Expires": [
          "-1"
        ],
        "Pragma": [
          "no-cache"
        ],
        "Vary": [
          "Accept-Encoding"
        ],
        "x-ms-request-id": [
          "centralus:4f5f2b73-54de-4ce8-bdc9-2622ac9d3c8d"
        ],
        "x-ms-ratelimit-remaining-subscription-reads": [
          "14975"
        ],
        "x-ms-correlation-request-id": [
          "35853433-6dda-4e7f-9efd-fb506afed4a1"
        ],
        "x-ms-routing-request-id": [
          "CENTRALUS:20150807T081705Z:35853433-6dda-4e7f-9efd-fb506afed4a1"
        ],
        "Strict-Transport-Security": [
          "max-age=31536000; includeSubDomains"
        ],
        "Cache-Control": [
          "no-cache"
        ],
        "Date": [
          "Fri, 07 Aug 2015 08:17:04 GMT"
        ]
      },
      "StatusCode": 200
    },
    {
      "RequestUri": "/subscriptions/2295ee31-27e3-4b1d-b5c1-6c73d1265f4e/resourceGroups/onesdk9908/providers/Microsoft.Sql/servers/onesdk1006?api-version=2014-04-01",
      "EncodedRequestUri": "L3N1YnNjcmlwdGlvbnMvMjI5NWVlMzEtMjdlMy00YjFkLWI1YzEtNmM3M2QxMjY1ZjRlL3Jlc291cmNlR3JvdXBzL29uZXNkazk5MDgvcHJvdmlkZXJzL01pY3Jvc29mdC5TcWwvc2VydmVycy9vbmVzZGsxMDA2P2FwaS12ZXJzaW9uPTIwMTQtMDQtMDE=",
      "RequestMethod": "GET",
      "RequestBody": "",
      "RequestHeaders": {
        "User-Agent": [
          "Microsoft.Azure.Management.Sql.SqlManagementClient/0.9.0.0"
        ],
        "x-ms-client-request-id": [
          "f2f693dc-bc3c-4366-a571-5acce5f49153"
        ]
      },
      "ResponseBody": "{\r\n  \"error\": {\r\n    \"code\": \"ResourceNotFound\",\r\n    \"message\": \"The Resource 'Microsoft.Sql/servers/onesdk1006' under resource group 'onesdk9908' was not found.\"\r\n  }\r\n}",
      "ResponseHeaders": {
        "Content-Length": [
          "146"
        ],
        "Content-Type": [
          "application/json; charset=utf-8"
        ],
        "Expires": [
          "-1"
        ],
        "Pragma": [
          "no-cache"
        ],
        "x-ms-failure-cause": [
          "gateway"
        ],
        "x-ms-request-id": [
          "9a90d615-e3ba-432c-9cc3-93eb9a5f413e"
        ],
        "x-ms-correlation-request-id": [
          "9a90d615-e3ba-432c-9cc3-93eb9a5f413e"
        ],
        "x-ms-routing-request-id": [
          "CENTRALUS:20150807T081705Z:9a90d615-e3ba-432c-9cc3-93eb9a5f413e"
        ],
        "Strict-Transport-Security": [
          "max-age=31536000; includeSubDomains"
        ],
        "Cache-Control": [
          "no-cache"
        ],
        "Date": [
          "Fri, 07 Aug 2015 08:17:04 GMT"
        ]
      },
      "StatusCode": 404
    },
    {
      "RequestUri": "/subscriptions/2295ee31-27e3-4b1d-b5c1-6c73d1265f4e/resourceGroups/onesdk9908/providers/Microsoft.Sql/servers/onesdk1006?api-version=2014-04-01",
      "EncodedRequestUri": "L3N1YnNjcmlwdGlvbnMvMjI5NWVlMzEtMjdlMy00YjFkLWI1YzEtNmM3M2QxMjY1ZjRlL3Jlc291cmNlR3JvdXBzL29uZXNkazk5MDgvcHJvdmlkZXJzL01pY3Jvc29mdC5TcWwvc2VydmVycy9vbmVzZGsxMDA2P2FwaS12ZXJzaW9uPTIwMTQtMDQtMDE=",
      "RequestMethod": "PUT",
      "RequestBody": "{\r\n  \"properties\": {\r\n    \"version\": \"2.0\",\r\n    \"administratorLogin\": \"testusername\",\r\n    \"administratorLoginPassword\": \"t357ingP@s5w0rd!\"\r\n  },\r\n  \"location\": \"North Central US\"\r\n}",
      "RequestHeaders": {
        "Content-Type": [
          "application/json; charset=utf-8"
        ],
        "Content-Length": [
          "183"
        ],
        "User-Agent": [
          "Microsoft.Azure.Management.Sql.SqlManagementClient/0.9.0.0"
        ],
        "x-ms-client-request-id": [
          "71cb1794-8bb3-4e10-9046-a62de86fbae2"
        ]
      },
      "ResponseBody": "{\r\n  \"id\": \"/subscriptions/2295ee31-27e3-4b1d-b5c1-6c73d1265f4e/resourceGroups/onesdk9908/providers/Microsoft.Sql/servers/onesdk1006\",\r\n  \"name\": \"onesdk1006\",\r\n  \"type\": \"Microsoft.Sql/servers\",\r\n  \"location\": \"North Central US\",\r\n  \"kind\": \"v2.0\",\r\n  \"properties\": {\r\n    \"fullyQualifiedDomainName\": \"onesdk1006.sqltest-eg1.mscds.com\",\r\n    \"administratorLogin\": \"testusername\",\r\n    \"administratorLoginPassword\": \"t357ingP@s5w0rd!\",\r\n    \"externalAdministratorLogin\": null,\r\n    \"externalAdministratorSid\": null,\r\n    \"version\": \"2.0\",\r\n    \"state\": \"Ready\"\r\n  }\r\n}",
      "ResponseHeaders": {
        "Content-Length": [
          "483"
        ],
        "Content-Type": [
          "application/json; odata=minimalmetadata; streaming=true; charset=utf-8"
        ],
        "x-ms-request-id": [
          "6c8bfcb7-8440-43a2-b71a-fe2772d7edfe"
        ],
        "X-Content-Type-Options": [
          "nosniff"
        ],
        "Preference-Applied": [
          "return-content"
        ],
        "DataServiceVersion": [
          "3.0;"
        ],
        "x-ms-ratelimit-remaining-subscription-writes": [
          "1184"
        ],
        "x-ms-correlation-request-id": [
          "656f2eea-d60d-4cd1-93a5-a73133b58c7b"
        ],
        "x-ms-routing-request-id": [
          "CENTRALUS:20150807T081710Z:656f2eea-d60d-4cd1-93a5-a73133b58c7b"
        ],
        "Strict-Transport-Security": [
          "max-age=31536000; includeSubDomains"
        ],
        "Cache-Control": [
          "no-store, no-cache"
        ],
        "Date": [
          "Fri, 07 Aug 2015 08:17:10 GMT"
        ],
        "Server": [
          "Microsoft-HTTPAPI/2.0"
        ]
      },
      "StatusCode": 201
    },
    {
      "RequestUri": "/subscriptions/2295ee31-27e3-4b1d-b5c1-6c73d1265f4e/resourceGroups/onesdk2855/providers/Microsoft.Sql/servers/onesdk2719/databases/onesdk9102?api-version=2014-04-01",
      "EncodedRequestUri": "L3N1YnNjcmlwdGlvbnMvMjI5NWVlMzEtMjdlMy00YjFkLWI1YzEtNmM3M2QxMjY1ZjRlL3Jlc291cmNlR3JvdXBzL29uZXNkazI4NTUvcHJvdmlkZXJzL01pY3Jvc29mdC5TcWwvc2VydmVycy9vbmVzZGsyNzE5L2RhdGFiYXNlcy9vbmVzZGs5MTAyP2FwaS12ZXJzaW9uPTIwMTQtMDQtMDE=",
      "RequestMethod": "GET",
      "RequestBody": "",
      "RequestHeaders": {
        "User-Agent": [
          "Microsoft.Azure.Management.Sql.SqlManagementClient/0.9.0.0"
        ],
        "x-ms-client-request-id": [
          "f65f55f9-1f17-4532-b237-414983fa2320"
        ]
      },
      "ResponseBody": "{\r\n  \"error\": {\r\n    \"code\": \"ResourceNotFound\",\r\n    \"message\": \"The Resource 'Microsoft.Sql/servers/onesdk2719/databases/onesdk9102' under resource group 'onesdk2855' was not found.\"\r\n  }\r\n}",
      "ResponseHeaders": {
        "Content-Length": [
          "167"
        ],
        "Content-Type": [
          "application/json; charset=utf-8"
        ],
        "Expires": [
          "-1"
        ],
        "Pragma": [
          "no-cache"
        ],
        "x-ms-failure-cause": [
          "gateway"
        ],
        "x-ms-request-id": [
          "af7dab81-d6e9-45c6-892a-a69a3c84f660"
        ],
        "x-ms-correlation-request-id": [
          "af7dab81-d6e9-45c6-892a-a69a3c84f660"
        ],
        "x-ms-routing-request-id": [
          "CENTRALUS:20150807T081710Z:af7dab81-d6e9-45c6-892a-a69a3c84f660"
        ],
        "Strict-Transport-Security": [
          "max-age=31536000; includeSubDomains"
        ],
        "Cache-Control": [
          "no-cache"
        ],
        "Date": [
          "Fri, 07 Aug 2015 08:17:10 GMT"
        ]
      },
      "StatusCode": 404
    },
    {
      "RequestUri": "/subscriptions/2295ee31-27e3-4b1d-b5c1-6c73d1265f4e/resourceGroups/onesdk2855/providers/Microsoft.Sql/servers/onesdk2719/databases/onesdk9102?api-version=2014-04-01",
      "EncodedRequestUri": "L3N1YnNjcmlwdGlvbnMvMjI5NWVlMzEtMjdlMy00YjFkLWI1YzEtNmM3M2QxMjY1ZjRlL3Jlc291cmNlR3JvdXBzL29uZXNkazI4NTUvcHJvdmlkZXJzL01pY3Jvc29mdC5TcWwvc2VydmVycy9vbmVzZGsyNzE5L2RhdGFiYXNlcy9vbmVzZGs5MTAyP2FwaS12ZXJzaW9uPTIwMTQtMDQtMDE=",
      "RequestMethod": "PUT",
      "RequestBody": "{\r\n  \"properties\": {\r\n    \"sourceDatabaseId\": \"/subscriptions/2295ee31-27e3-4b1d-b5c1-6c73d1265f4e/resourceGroups/onesdk2855/providers/Microsoft.Sql/Servers/onesdk2719/databases/onesdk8152\",\r\n    \"createMode\": \"Copy\"\r\n  },\r\n  \"location\": \"North Central US\",\r\n  \"tags\": {}\r\n}",
      "RequestHeaders": {
        "Content-Type": [
          "application/json; charset=utf-8"
        ],
        "Content-Length": [
          "274"
        ],
        "User-Agent": [
          "Microsoft.Azure.Management.Sql.SqlManagementClient/0.9.0.0"
        ],
        "x-ms-client-request-id": [
          "2660de68-0727-4861-a3c6-b7d077d58b03"
        ]
      },
      "ResponseBody": "{\r\n  \"code\": \"40619\",\r\n  \"message\": \"The edition 'Standard' does not support the database max size '-1'.\",\r\n  \"target\": null,\r\n  \"details\": [\r\n    {\r\n      \"code\": \"40619\",\r\n      \"message\": \"The edition 'Standard' does not support the database max size '-1'.\",\r\n      \"target\": null,\r\n      \"severity\": \"16\"\r\n    }\r\n  ],\r\n  \"innererror\": []\r\n}",
      "ResponseHeaders": {
        "Content-Length": [
          "305"
        ],
        "Content-Type": [
          "application/json; odata=minimalmetadata; streaming=true; charset=utf-8"
        ],
        "x-ms-request-id": [
          "151bc3b9-495e-40bb-8488-0aed59272b52"
        ],
        "X-Content-Type-Options": [
          "nosniff"
        ],
        "Preference-Applied": [
          "return-content"
        ],
        "DataServiceVersion": [
          "3.0;"
        ],
        "x-ms-ratelimit-remaining-subscription-writes": [
          "1183"
        ],
        "x-ms-correlation-request-id": [
          "3384ae4f-af8c-42fc-a584-cffa9ee66e40"
        ],
        "x-ms-routing-request-id": [
          "CENTRALUS:20150807T081711Z:3384ae4f-af8c-42fc-a584-cffa9ee66e40"
        ],
        "Strict-Transport-Security": [
          "max-age=31536000; includeSubDomains"
        ],
        "Cache-Control": [
          "no-store, no-cache"
        ],
        "Date": [
          "Fri, 07 Aug 2015 08:17:11 GMT"
        ],
        "Server": [
          "Microsoft-HTTPAPI/2.0"
        ]
      },
      "StatusCode": 400
    },
    {
      "RequestUri": "/subscriptions/2295ee31-27e3-4b1d-b5c1-6c73d1265f4e/resourcegroups/onesdk2855?api-version=2014-04-01-preview",
      "EncodedRequestUri": "L3N1YnNjcmlwdGlvbnMvMjI5NWVlMzEtMjdlMy00YjFkLWI1YzEtNmM3M2QxMjY1ZjRlL3Jlc291cmNlZ3JvdXBzL29uZXNkazI4NTU/YXBpLXZlcnNpb249MjAxNC0wNC0wMS1wcmV2aWV3",
      "RequestMethod": "DELETE",
      "RequestBody": "",
      "RequestHeaders": {
        "User-Agent": [
          "Microsoft.Azure.Management.Resources.ResourceManagementClient/2.0.0.0"
        ]
      },
      "ResponseBody": "",
      "ResponseHeaders": {
        "Content-Length": [
          "0"
        ],
        "Expires": [
          "-1"
        ],
        "Pragma": [
          "no-cache"
        ],
        "Retry-After": [
          "15"
        ],
        "x-ms-ratelimit-remaining-subscription-writes": [
          "1188"
        ],
        "x-ms-request-id": [
          "be87ce89-fe81-497f-89c5-1f9fdfc754f2"
        ],
        "x-ms-correlation-request-id": [
          "be87ce89-fe81-497f-89c5-1f9fdfc754f2"
        ],
        "x-ms-routing-request-id": [
          "CENTRALUS:20150807T081712Z:be87ce89-fe81-497f-89c5-1f9fdfc754f2"
        ],
        "Strict-Transport-Security": [
          "max-age=31536000; includeSubDomains"
        ],
        "Cache-Control": [
          "no-cache"
        ],
        "Date": [
          "Fri, 07 Aug 2015 08:17:11 GMT"
        ],
        "Location": [
          "https://api-dogfood.resources.windows-int.net/subscriptions/2295ee31-27e3-4b1d-b5c1-6c73d1265f4e/operationresults/eyJqb2JJZCI6IlJFU09VUkNFR1JPVVBERUxFVElPTkpPQi1PTkVTREsyODU1LUpBUEFORUFTVCIsImpvYkxvY2F0aW9uIjoiamFwYW5lYXN0In0?api-version=2014-04-01-preview"
        ]
      },
      "StatusCode": 202
    },
    {
      "RequestUri": "/subscriptions/2295ee31-27e3-4b1d-b5c1-6c73d1265f4e/operationresults/eyJqb2JJZCI6IlJFU09VUkNFR1JPVVBERUxFVElPTkpPQi1PTkVTREsyODU1LUpBUEFORUFTVCIsImpvYkxvY2F0aW9uIjoiamFwYW5lYXN0In0?api-version=2014-04-01-preview",
      "EncodedRequestUri": "L3N1YnNjcmlwdGlvbnMvMjI5NWVlMzEtMjdlMy00YjFkLWI1YzEtNmM3M2QxMjY1ZjRlL29wZXJhdGlvbnJlc3VsdHMvZXlKcWIySkpaQ0k2SWxKRlUwOVZVa05GUjFKUFZWQkVSVXhGVkVsUFRrcFBRaTFQVGtWVFJFc3lPRFUxTFVwQlVFRk9SVUZUVkNJc0ltcHZZa3h2WTJGMGFXOXVJam9pYW1Gd1lXNWxZWE4wSW4wP2FwaS12ZXJzaW9uPTIwMTQtMDQtMDEtcHJldmlldw==",
      "RequestMethod": "GET",
      "RequestBody": "",
      "RequestHeaders": {
        "x-ms-version": [
          "2014-04-01-preview"
        ],
        "User-Agent": [
          "Microsoft.Azure.Management.Resources.ResourceManagementClient/2.0.0.0"
        ]
      },
      "ResponseBody": "",
      "ResponseHeaders": {
        "Content-Length": [
          "0"
        ],
        "Expires": [
          "-1"
        ],
        "Pragma": [
          "no-cache"
        ],
        "Retry-After": [
          "15"
        ],
        "x-ms-ratelimit-remaining-subscription-reads": [
          "14983"
        ],
        "x-ms-request-id": [
          "26da21fa-29fe-4f55-8597-bcc470399548"
        ],
        "x-ms-correlation-request-id": [
          "26da21fa-29fe-4f55-8597-bcc470399548"
        ],
        "x-ms-routing-request-id": [
          "CENTRALUS:20150807T081712Z:26da21fa-29fe-4f55-8597-bcc470399548"
        ],
        "Strict-Transport-Security": [
          "max-age=31536000; includeSubDomains"
        ],
        "Cache-Control": [
          "no-cache"
        ],
        "Date": [
          "Fri, 07 Aug 2015 08:17:12 GMT"
        ],
        "Location": [
          "https://api-dogfood.resources.windows-int.net/subscriptions/2295ee31-27e3-4b1d-b5c1-6c73d1265f4e/operationresults/eyJqb2JJZCI6IlJFU09VUkNFR1JPVVBERUxFVElPTkpPQi1PTkVTREsyODU1LUpBUEFORUFTVCIsImpvYkxvY2F0aW9uIjoiamFwYW5lYXN0In0?api-version=2014-04-01-preview"
        ]
      },
      "StatusCode": 202
    },
    {
      "RequestUri": "/subscriptions/2295ee31-27e3-4b1d-b5c1-6c73d1265f4e/operationresults/eyJqb2JJZCI6IlJFU09VUkNFR1JPVVBERUxFVElPTkpPQi1PTkVTREsyODU1LUpBUEFORUFTVCIsImpvYkxvY2F0aW9uIjoiamFwYW5lYXN0In0?api-version=2014-04-01-preview",
      "EncodedRequestUri": "L3N1YnNjcmlwdGlvbnMvMjI5NWVlMzEtMjdlMy00YjFkLWI1YzEtNmM3M2QxMjY1ZjRlL29wZXJhdGlvbnJlc3VsdHMvZXlKcWIySkpaQ0k2SWxKRlUwOVZVa05GUjFKUFZWQkVSVXhGVkVsUFRrcFBRaTFQVGtWVFJFc3lPRFUxTFVwQlVFRk9SVUZUVkNJc0ltcHZZa3h2WTJGMGFXOXVJam9pYW1Gd1lXNWxZWE4wSW4wP2FwaS12ZXJzaW9uPTIwMTQtMDQtMDEtcHJldmlldw==",
      "RequestMethod": "GET",
      "RequestBody": "",
      "RequestHeaders": {
        "x-ms-version": [
          "2014-04-01-preview"
        ],
        "User-Agent": [
          "Microsoft.Azure.Management.Resources.ResourceManagementClient/2.0.0.0"
        ]
      },
      "ResponseBody": "",
      "ResponseHeaders": {
        "Content-Length": [
          "0"
        ],
        "Expires": [
          "-1"
        ],
        "Pragma": [
          "no-cache"
        ],
        "Retry-After": [
          "15"
        ],
        "x-ms-ratelimit-remaining-subscription-reads": [
          "14982"
        ],
        "x-ms-request-id": [
          "95faf65b-0bcb-4b93-b71a-4b925f9f9532"
        ],
        "x-ms-correlation-request-id": [
          "95faf65b-0bcb-4b93-b71a-4b925f9f9532"
        ],
        "x-ms-routing-request-id": [
          "CENTRALUS:20150807T081727Z:95faf65b-0bcb-4b93-b71a-4b925f9f9532"
        ],
        "Strict-Transport-Security": [
          "max-age=31536000; includeSubDomains"
        ],
        "Cache-Control": [
          "no-cache"
        ],
        "Date": [
          "Fri, 07 Aug 2015 08:17:26 GMT"
        ],
        "Location": [
          "https://api-dogfood.resources.windows-int.net/subscriptions/2295ee31-27e3-4b1d-b5c1-6c73d1265f4e/operationresults/eyJqb2JJZCI6IlJFU09VUkNFR1JPVVBERUxFVElPTkpPQi1PTkVTREsyODU1LUpBUEFORUFTVCIsImpvYkxvY2F0aW9uIjoiamFwYW5lYXN0In0?api-version=2014-04-01-preview"
        ]
      },
      "StatusCode": 202
    },
    {
      "RequestUri": "/subscriptions/2295ee31-27e3-4b1d-b5c1-6c73d1265f4e/operationresults/eyJqb2JJZCI6IlJFU09VUkNFR1JPVVBERUxFVElPTkpPQi1PTkVTREsyODU1LUpBUEFORUFTVCIsImpvYkxvY2F0aW9uIjoiamFwYW5lYXN0In0?api-version=2014-04-01-preview",
      "EncodedRequestUri": "L3N1YnNjcmlwdGlvbnMvMjI5NWVlMzEtMjdlMy00YjFkLWI1YzEtNmM3M2QxMjY1ZjRlL29wZXJhdGlvbnJlc3VsdHMvZXlKcWIySkpaQ0k2SWxKRlUwOVZVa05GUjFKUFZWQkVSVXhGVkVsUFRrcFBRaTFQVGtWVFJFc3lPRFUxTFVwQlVFRk9SVUZUVkNJc0ltcHZZa3h2WTJGMGFXOXVJam9pYW1Gd1lXNWxZWE4wSW4wP2FwaS12ZXJzaW9uPTIwMTQtMDQtMDEtcHJldmlldw==",
      "RequestMethod": "GET",
      "RequestBody": "",
      "RequestHeaders": {
        "x-ms-version": [
          "2014-04-01-preview"
        ],
        "User-Agent": [
          "Microsoft.Azure.Management.Resources.ResourceManagementClient/2.0.0.0"
        ]
      },
      "ResponseBody": "",
      "ResponseHeaders": {
        "Content-Length": [
          "0"
        ],
        "Expires": [
          "-1"
        ],
        "Pragma": [
          "no-cache"
        ],
        "Retry-After": [
          "15"
        ],
        "x-ms-ratelimit-remaining-subscription-reads": [
          "14981"
        ],
        "x-ms-request-id": [
          "2f45e26f-0f21-4023-9f1e-e1dc2d89909c"
        ],
        "x-ms-correlation-request-id": [
          "2f45e26f-0f21-4023-9f1e-e1dc2d89909c"
        ],
        "x-ms-routing-request-id": [
          "CENTRALUS:20150807T081742Z:2f45e26f-0f21-4023-9f1e-e1dc2d89909c"
        ],
        "Strict-Transport-Security": [
          "max-age=31536000; includeSubDomains"
        ],
        "Cache-Control": [
          "no-cache"
        ],
        "Date": [
          "Fri, 07 Aug 2015 08:17:42 GMT"
        ],
        "Location": [
          "https://api-dogfood.resources.windows-int.net/subscriptions/2295ee31-27e3-4b1d-b5c1-6c73d1265f4e/operationresults/eyJqb2JJZCI6IlJFU09VUkNFR1JPVVBERUxFVElPTkpPQi1PTkVTREsyODU1LUpBUEFORUFTVCIsImpvYkxvY2F0aW9uIjoiamFwYW5lYXN0In0?api-version=2014-04-01-preview"
        ]
      },
      "StatusCode": 202
    },
    {
      "RequestUri": "/subscriptions/2295ee31-27e3-4b1d-b5c1-6c73d1265f4e/operationresults/eyJqb2JJZCI6IlJFU09VUkNFR1JPVVBERUxFVElPTkpPQi1PTkVTREsyODU1LUpBUEFORUFTVCIsImpvYkxvY2F0aW9uIjoiamFwYW5lYXN0In0?api-version=2014-04-01-preview",
      "EncodedRequestUri": "L3N1YnNjcmlwdGlvbnMvMjI5NWVlMzEtMjdlMy00YjFkLWI1YzEtNmM3M2QxMjY1ZjRlL29wZXJhdGlvbnJlc3VsdHMvZXlKcWIySkpaQ0k2SWxKRlUwOVZVa05GUjFKUFZWQkVSVXhGVkVsUFRrcFBRaTFQVGtWVFJFc3lPRFUxTFVwQlVFRk9SVUZUVkNJc0ltcHZZa3h2WTJGMGFXOXVJam9pYW1Gd1lXNWxZWE4wSW4wP2FwaS12ZXJzaW9uPTIwMTQtMDQtMDEtcHJldmlldw==",
      "RequestMethod": "GET",
      "RequestBody": "",
      "RequestHeaders": {
        "x-ms-version": [
          "2014-04-01-preview"
        ],
        "User-Agent": [
          "Microsoft.Azure.Management.Resources.ResourceManagementClient/2.0.0.0"
        ]
      },
      "ResponseBody": "",
      "ResponseHeaders": {
        "Content-Length": [
          "0"
        ],
        "Expires": [
          "-1"
        ],
        "Pragma": [
          "no-cache"
        ],
        "Retry-After": [
          "15"
        ],
        "x-ms-ratelimit-remaining-subscription-reads": [
          "14980"
        ],
        "x-ms-request-id": [
          "c7688de6-740c-4c6c-8431-ac4f1cadd8ec"
        ],
        "x-ms-correlation-request-id": [
          "c7688de6-740c-4c6c-8431-ac4f1cadd8ec"
        ],
        "x-ms-routing-request-id": [
          "CENTRALUS:20150807T081757Z:c7688de6-740c-4c6c-8431-ac4f1cadd8ec"
        ],
        "Strict-Transport-Security": [
          "max-age=31536000; includeSubDomains"
        ],
        "Cache-Control": [
          "no-cache"
        ],
        "Date": [
          "Fri, 07 Aug 2015 08:17:56 GMT"
        ],
        "Location": [
          "https://api-dogfood.resources.windows-int.net/subscriptions/2295ee31-27e3-4b1d-b5c1-6c73d1265f4e/operationresults/eyJqb2JJZCI6IlJFU09VUkNFR1JPVVBERUxFVElPTkpPQi1PTkVTREsyODU1LUpBUEFORUFTVCIsImpvYkxvY2F0aW9uIjoiamFwYW5lYXN0In0?api-version=2014-04-01-preview"
        ]
      },
      "StatusCode": 202
    },
    {
      "RequestUri": "/subscriptions/2295ee31-27e3-4b1d-b5c1-6c73d1265f4e/operationresults/eyJqb2JJZCI6IlJFU09VUkNFR1JPVVBERUxFVElPTkpPQi1PTkVTREsyODU1LUpBUEFORUFTVCIsImpvYkxvY2F0aW9uIjoiamFwYW5lYXN0In0?api-version=2014-04-01-preview",
      "EncodedRequestUri": "L3N1YnNjcmlwdGlvbnMvMjI5NWVlMzEtMjdlMy00YjFkLWI1YzEtNmM3M2QxMjY1ZjRlL29wZXJhdGlvbnJlc3VsdHMvZXlKcWIySkpaQ0k2SWxKRlUwOVZVa05GUjFKUFZWQkVSVXhGVkVsUFRrcFBRaTFQVGtWVFJFc3lPRFUxTFVwQlVFRk9SVUZUVkNJc0ltcHZZa3h2WTJGMGFXOXVJam9pYW1Gd1lXNWxZWE4wSW4wP2FwaS12ZXJzaW9uPTIwMTQtMDQtMDEtcHJldmlldw==",
      "RequestMethod": "GET",
      "RequestBody": "",
      "RequestHeaders": {
        "x-ms-version": [
          "2014-04-01-preview"
        ],
        "User-Agent": [
          "Microsoft.Azure.Management.Resources.ResourceManagementClient/2.0.0.0"
        ]
      },
      "ResponseBody": "",
      "ResponseHeaders": {
        "Content-Length": [
          "0"
        ],
        "Expires": [
          "-1"
        ],
        "Pragma": [
          "no-cache"
        ],
        "Retry-After": [
          "15"
        ],
        "x-ms-ratelimit-remaining-subscription-reads": [
          "14979"
        ],
        "x-ms-request-id": [
          "0697d92a-a04c-4f7b-9982-a59180035f33"
        ],
        "x-ms-correlation-request-id": [
          "0697d92a-a04c-4f7b-9982-a59180035f33"
        ],
        "x-ms-routing-request-id": [
          "CENTRALUS:20150807T081812Z:0697d92a-a04c-4f7b-9982-a59180035f33"
        ],
        "Strict-Transport-Security": [
          "max-age=31536000; includeSubDomains"
        ],
        "Cache-Control": [
          "no-cache"
        ],
        "Date": [
          "Fri, 07 Aug 2015 08:18:12 GMT"
        ],
        "Location": [
          "https://api-dogfood.resources.windows-int.net/subscriptions/2295ee31-27e3-4b1d-b5c1-6c73d1265f4e/operationresults/eyJqb2JJZCI6IlJFU09VUkNFR1JPVVBERUxFVElPTkpPQi1PTkVTREsyODU1LUpBUEFORUFTVCIsImpvYkxvY2F0aW9uIjoiamFwYW5lYXN0In0?api-version=2014-04-01-preview"
        ]
      },
      "StatusCode": 202
    },
    {
      "RequestUri": "/subscriptions/2295ee31-27e3-4b1d-b5c1-6c73d1265f4e/operationresults/eyJqb2JJZCI6IlJFU09VUkNFR1JPVVBERUxFVElPTkpPQi1PTkVTREsyODU1LUpBUEFORUFTVCIsImpvYkxvY2F0aW9uIjoiamFwYW5lYXN0In0?api-version=2014-04-01-preview",
      "EncodedRequestUri": "L3N1YnNjcmlwdGlvbnMvMjI5NWVlMzEtMjdlMy00YjFkLWI1YzEtNmM3M2QxMjY1ZjRlL29wZXJhdGlvbnJlc3VsdHMvZXlKcWIySkpaQ0k2SWxKRlUwOVZVa05GUjFKUFZWQkVSVXhGVkVsUFRrcFBRaTFQVGtWVFJFc3lPRFUxTFVwQlVFRk9SVUZUVkNJc0ltcHZZa3h2WTJGMGFXOXVJam9pYW1Gd1lXNWxZWE4wSW4wP2FwaS12ZXJzaW9uPTIwMTQtMDQtMDEtcHJldmlldw==",
      "RequestMethod": "GET",
      "RequestBody": "",
      "RequestHeaders": {
        "x-ms-version": [
          "2014-04-01-preview"
        ],
        "User-Agent": [
          "Microsoft.Azure.Management.Resources.ResourceManagementClient/2.0.0.0"
        ]
      },
      "ResponseBody": "",
      "ResponseHeaders": {
        "Content-Length": [
          "0"
        ],
        "Expires": [
          "-1"
        ],
        "Pragma": [
          "no-cache"
        ],
        "Retry-After": [
          "15"
        ],
        "x-ms-ratelimit-remaining-subscription-reads": [
          "14978"
        ],
        "x-ms-request-id": [
          "59660a96-4846-4c16-8223-d308c034a042"
        ],
        "x-ms-correlation-request-id": [
          "59660a96-4846-4c16-8223-d308c034a042"
        ],
        "x-ms-routing-request-id": [
          "CENTRALUS:20150807T081827Z:59660a96-4846-4c16-8223-d308c034a042"
        ],
        "Strict-Transport-Security": [
          "max-age=31536000; includeSubDomains"
        ],
        "Cache-Control": [
          "no-cache"
        ],
        "Date": [
          "Fri, 07 Aug 2015 08:18:27 GMT"
        ],
        "Location": [
          "https://api-dogfood.resources.windows-int.net/subscriptions/2295ee31-27e3-4b1d-b5c1-6c73d1265f4e/operationresults/eyJqb2JJZCI6IlJFU09VUkNFR1JPVVBERUxFVElPTkpPQi1PTkVTREsyODU1LUpBUEFORUFTVCIsImpvYkxvY2F0aW9uIjoiamFwYW5lYXN0In0?api-version=2014-04-01-preview"
        ]
      },
      "StatusCode": 202
    },
    {
      "RequestUri": "/subscriptions/2295ee31-27e3-4b1d-b5c1-6c73d1265f4e/operationresults/eyJqb2JJZCI6IlJFU09VUkNFR1JPVVBERUxFVElPTkpPQi1PTkVTREsyODU1LUpBUEFORUFTVCIsImpvYkxvY2F0aW9uIjoiamFwYW5lYXN0In0?api-version=2014-04-01-preview",
      "EncodedRequestUri": "L3N1YnNjcmlwdGlvbnMvMjI5NWVlMzEtMjdlMy00YjFkLWI1YzEtNmM3M2QxMjY1ZjRlL29wZXJhdGlvbnJlc3VsdHMvZXlKcWIySkpaQ0k2SWxKRlUwOVZVa05GUjFKUFZWQkVSVXhGVkVsUFRrcFBRaTFQVGtWVFJFc3lPRFUxTFVwQlVFRk9SVUZUVkNJc0ltcHZZa3h2WTJGMGFXOXVJam9pYW1Gd1lXNWxZWE4wSW4wP2FwaS12ZXJzaW9uPTIwMTQtMDQtMDEtcHJldmlldw==",
      "RequestMethod": "GET",
      "RequestBody": "",
      "RequestHeaders": {
        "x-ms-version": [
          "2014-04-01-preview"
        ],
        "User-Agent": [
          "Microsoft.Azure.Management.Resources.ResourceManagementClient/2.0.0.0"
        ]
      },
      "ResponseBody": "",
      "ResponseHeaders": {
        "Content-Length": [
          "0"
        ],
        "Expires": [
          "-1"
        ],
        "Pragma": [
          "no-cache"
        ],
        "Retry-After": [
          "15"
        ],
        "x-ms-ratelimit-remaining-subscription-reads": [
          "14977"
        ],
        "x-ms-request-id": [
          "bd91387c-459f-42ec-978f-23653bf57b9c"
        ],
        "x-ms-correlation-request-id": [
          "bd91387c-459f-42ec-978f-23653bf57b9c"
        ],
        "x-ms-routing-request-id": [
          "CENTRALUS:20150807T081842Z:bd91387c-459f-42ec-978f-23653bf57b9c"
        ],
        "Strict-Transport-Security": [
          "max-age=31536000; includeSubDomains"
        ],
        "Cache-Control": [
          "no-cache"
        ],
        "Date": [
          "Fri, 07 Aug 2015 08:18:42 GMT"
        ],
        "Location": [
          "https://api-dogfood.resources.windows-int.net/subscriptions/2295ee31-27e3-4b1d-b5c1-6c73d1265f4e/operationresults/eyJqb2JJZCI6IlJFU09VUkNFR1JPVVBERUxFVElPTkpPQi1PTkVTREsyODU1LUpBUEFORUFTVCIsImpvYkxvY2F0aW9uIjoiamFwYW5lYXN0In0?api-version=2014-04-01-preview"
        ]
      },
      "StatusCode": 202
    },
    {
      "RequestUri": "/subscriptions/2295ee31-27e3-4b1d-b5c1-6c73d1265f4e/operationresults/eyJqb2JJZCI6IlJFU09VUkNFR1JPVVBERUxFVElPTkpPQi1PTkVTREsyODU1LUpBUEFORUFTVCIsImpvYkxvY2F0aW9uIjoiamFwYW5lYXN0In0?api-version=2014-04-01-preview",
      "EncodedRequestUri": "L3N1YnNjcmlwdGlvbnMvMjI5NWVlMzEtMjdlMy00YjFkLWI1YzEtNmM3M2QxMjY1ZjRlL29wZXJhdGlvbnJlc3VsdHMvZXlKcWIySkpaQ0k2SWxKRlUwOVZVa05GUjFKUFZWQkVSVXhGVkVsUFRrcFBRaTFQVGtWVFJFc3lPRFUxTFVwQlVFRk9SVUZUVkNJc0ltcHZZa3h2WTJGMGFXOXVJam9pYW1Gd1lXNWxZWE4wSW4wP2FwaS12ZXJzaW9uPTIwMTQtMDQtMDEtcHJldmlldw==",
      "RequestMethod": "GET",
      "RequestBody": "",
      "RequestHeaders": {
        "x-ms-version": [
          "2014-04-01-preview"
        ],
        "User-Agent": [
          "Microsoft.Azure.Management.Resources.ResourceManagementClient/2.0.0.0"
        ]
      },
      "ResponseBody": "",
      "ResponseHeaders": {
        "Content-Length": [
          "0"
        ],
        "Expires": [
          "-1"
        ],
        "Pragma": [
          "no-cache"
        ],
        "x-ms-ratelimit-remaining-subscription-reads": [
          "14976"
        ],
        "x-ms-request-id": [
          "cde053c8-4441-437d-8f9d-26c66dc3c03a"
        ],
        "x-ms-correlation-request-id": [
          "cde053c8-4441-437d-8f9d-26c66dc3c03a"
        ],
        "x-ms-routing-request-id": [
          "CENTRALUS:20150807T081857Z:cde053c8-4441-437d-8f9d-26c66dc3c03a"
        ],
        "Strict-Transport-Security": [
          "max-age=31536000; includeSubDomains"
        ],
        "Cache-Control": [
          "no-cache"
        ],
        "Date": [
          "Fri, 07 Aug 2015 08:18:57 GMT"
        ]
      },
      "StatusCode": 200
    },
    {
      "RequestUri": "/subscriptions/2295ee31-27e3-4b1d-b5c1-6c73d1265f4e/resourcegroups/onesdk9908?api-version=2014-04-01-preview",
      "EncodedRequestUri": "L3N1YnNjcmlwdGlvbnMvMjI5NWVlMzEtMjdlMy00YjFkLWI1YzEtNmM3M2QxMjY1ZjRlL3Jlc291cmNlZ3JvdXBzL29uZXNkazk5MDg/YXBpLXZlcnNpb249MjAxNC0wNC0wMS1wcmV2aWV3",
      "RequestMethod": "DELETE",
      "RequestBody": "",
      "RequestHeaders": {
        "User-Agent": [
          "Microsoft.Azure.Management.Resources.ResourceManagementClient/2.0.0.0"
        ]
      },
      "ResponseBody": "",
      "ResponseHeaders": {
        "Content-Length": [
          "0"
        ],
        "Expires": [
          "-1"
        ],
        "Pragma": [
          "no-cache"
        ],
        "Retry-After": [
          "15"
        ],
        "x-ms-ratelimit-remaining-subscription-writes": [
          "1187"
        ],
        "x-ms-request-id": [
          "56263544-7553-41c1-a5ce-a77130028fe1"
        ],
        "x-ms-correlation-request-id": [
          "56263544-7553-41c1-a5ce-a77130028fe1"
        ],
        "x-ms-routing-request-id": [
          "CENTRALUS:20150807T081858Z:56263544-7553-41c1-a5ce-a77130028fe1"
        ],
        "Strict-Transport-Security": [
          "max-age=31536000; includeSubDomains"
        ],
        "Cache-Control": [
          "no-cache"
        ],
        "Date": [
          "Fri, 07 Aug 2015 08:18:58 GMT"
        ],
        "Location": [
          "https://api-dogfood.resources.windows-int.net/subscriptions/2295ee31-27e3-4b1d-b5c1-6c73d1265f4e/operationresults/eyJqb2JJZCI6IlJFU09VUkNFR1JPVVBERUxFVElPTkpPQi1PTkVTREs5OTA4LUpBUEFORUFTVCIsImpvYkxvY2F0aW9uIjoiamFwYW5lYXN0In0?api-version=2014-04-01-preview"
        ]
      },
      "StatusCode": 202
    },
    {
      "RequestUri": "/subscriptions/2295ee31-27e3-4b1d-b5c1-6c73d1265f4e/operationresults/eyJqb2JJZCI6IlJFU09VUkNFR1JPVVBERUxFVElPTkpPQi1PTkVTREs5OTA4LUpBUEFORUFTVCIsImpvYkxvY2F0aW9uIjoiamFwYW5lYXN0In0?api-version=2014-04-01-preview",
      "EncodedRequestUri": "L3N1YnNjcmlwdGlvbnMvMjI5NWVlMzEtMjdlMy00YjFkLWI1YzEtNmM3M2QxMjY1ZjRlL29wZXJhdGlvbnJlc3VsdHMvZXlKcWIySkpaQ0k2SWxKRlUwOVZVa05GUjFKUFZWQkVSVXhGVkVsUFRrcFBRaTFQVGtWVFJFczVPVEE0TFVwQlVFRk9SVUZUVkNJc0ltcHZZa3h2WTJGMGFXOXVJam9pYW1Gd1lXNWxZWE4wSW4wP2FwaS12ZXJzaW9uPTIwMTQtMDQtMDEtcHJldmlldw==",
      "RequestMethod": "GET",
      "RequestBody": "",
      "RequestHeaders": {
        "x-ms-version": [
          "2014-04-01-preview"
        ],
        "User-Agent": [
          "Microsoft.Azure.Management.Resources.ResourceManagementClient/2.0.0.0"
        ]
      },
      "ResponseBody": "",
      "ResponseHeaders": {
        "Content-Length": [
          "0"
        ],
        "Expires": [
          "-1"
        ],
        "Pragma": [
          "no-cache"
        ],
        "Retry-After": [
          "15"
        ],
        "x-ms-ratelimit-remaining-subscription-reads": [
          "14974"
        ],
        "x-ms-request-id": [
          "73a4ee52-b4b4-43a2-a333-5fc1fc32f137"
        ],
        "x-ms-correlation-request-id": [
          "73a4ee52-b4b4-43a2-a333-5fc1fc32f137"
        ],
        "x-ms-routing-request-id": [
          "CENTRALUS:20150807T081858Z:73a4ee52-b4b4-43a2-a333-5fc1fc32f137"
        ],
        "Strict-Transport-Security": [
          "max-age=31536000; includeSubDomains"
        ],
        "Cache-Control": [
          "no-cache"
        ],
        "Date": [
          "Fri, 07 Aug 2015 08:18:58 GMT"
        ],
        "Location": [
          "https://api-dogfood.resources.windows-int.net/subscriptions/2295ee31-27e3-4b1d-b5c1-6c73d1265f4e/operationresults/eyJqb2JJZCI6IlJFU09VUkNFR1JPVVBERUxFVElPTkpPQi1PTkVTREs5OTA4LUpBUEFORUFTVCIsImpvYkxvY2F0aW9uIjoiamFwYW5lYXN0In0?api-version=2014-04-01-preview"
        ]
      },
      "StatusCode": 202
    },
    {
      "RequestUri": "/subscriptions/2295ee31-27e3-4b1d-b5c1-6c73d1265f4e/operationresults/eyJqb2JJZCI6IlJFU09VUkNFR1JPVVBERUxFVElPTkpPQi1PTkVTREs5OTA4LUpBUEFORUFTVCIsImpvYkxvY2F0aW9uIjoiamFwYW5lYXN0In0?api-version=2014-04-01-preview",
      "EncodedRequestUri": "L3N1YnNjcmlwdGlvbnMvMjI5NWVlMzEtMjdlMy00YjFkLWI1YzEtNmM3M2QxMjY1ZjRlL29wZXJhdGlvbnJlc3VsdHMvZXlKcWIySkpaQ0k2SWxKRlUwOVZVa05GUjFKUFZWQkVSVXhGVkVsUFRrcFBRaTFQVGtWVFJFczVPVEE0TFVwQlVFRk9SVUZUVkNJc0ltcHZZa3h2WTJGMGFXOXVJam9pYW1Gd1lXNWxZWE4wSW4wP2FwaS12ZXJzaW9uPTIwMTQtMDQtMDEtcHJldmlldw==",
      "RequestMethod": "GET",
      "RequestBody": "",
      "RequestHeaders": {
        "x-ms-version": [
          "2014-04-01-preview"
        ],
        "User-Agent": [
          "Microsoft.Azure.Management.Resources.ResourceManagementClient/2.0.0.0"
        ]
      },
      "ResponseBody": "",
      "ResponseHeaders": {
        "Content-Length": [
          "0"
        ],
        "Expires": [
          "-1"
        ],
        "Pragma": [
          "no-cache"
        ],
        "Retry-After": [
          "15"
        ],
        "x-ms-ratelimit-remaining-subscription-reads": [
          "14973"
        ],
        "x-ms-request-id": [
          "deba4ae4-5749-4096-8173-a1549ee96c98"
        ],
        "x-ms-correlation-request-id": [
          "deba4ae4-5749-4096-8173-a1549ee96c98"
        ],
        "x-ms-routing-request-id": [
          "CENTRALUS:20150807T081913Z:deba4ae4-5749-4096-8173-a1549ee96c98"
        ],
        "Strict-Transport-Security": [
          "max-age=31536000; includeSubDomains"
        ],
        "Cache-Control": [
          "no-cache"
        ],
        "Date": [
          "Fri, 07 Aug 2015 08:19:13 GMT"
        ],
        "Location": [
          "https://api-dogfood.resources.windows-int.net/subscriptions/2295ee31-27e3-4b1d-b5c1-6c73d1265f4e/operationresults/eyJqb2JJZCI6IlJFU09VUkNFR1JPVVBERUxFVElPTkpPQi1PTkVTREs5OTA4LUpBUEFORUFTVCIsImpvYkxvY2F0aW9uIjoiamFwYW5lYXN0In0?api-version=2014-04-01-preview"
        ]
      },
      "StatusCode": 202
    },
    {
      "RequestUri": "/subscriptions/2295ee31-27e3-4b1d-b5c1-6c73d1265f4e/operationresults/eyJqb2JJZCI6IlJFU09VUkNFR1JPVVBERUxFVElPTkpPQi1PTkVTREs5OTA4LUpBUEFORUFTVCIsImpvYkxvY2F0aW9uIjoiamFwYW5lYXN0In0?api-version=2014-04-01-preview",
      "EncodedRequestUri": "L3N1YnNjcmlwdGlvbnMvMjI5NWVlMzEtMjdlMy00YjFkLWI1YzEtNmM3M2QxMjY1ZjRlL29wZXJhdGlvbnJlc3VsdHMvZXlKcWIySkpaQ0k2SWxKRlUwOVZVa05GUjFKUFZWQkVSVXhGVkVsUFRrcFBRaTFQVGtWVFJFczVPVEE0TFVwQlVFRk9SVUZUVkNJc0ltcHZZa3h2WTJGMGFXOXVJam9pYW1Gd1lXNWxZWE4wSW4wP2FwaS12ZXJzaW9uPTIwMTQtMDQtMDEtcHJldmlldw==",
      "RequestMethod": "GET",
      "RequestBody": "",
      "RequestHeaders": {
        "x-ms-version": [
          "2014-04-01-preview"
        ],
        "User-Agent": [
          "Microsoft.Azure.Management.Resources.ResourceManagementClient/2.0.0.0"
        ]
      },
      "ResponseBody": "",
      "ResponseHeaders": {
        "Content-Length": [
          "0"
        ],
        "Expires": [
          "-1"
        ],
        "Pragma": [
          "no-cache"
        ],
        "Retry-After": [
          "15"
        ],
        "x-ms-ratelimit-remaining-subscription-reads": [
          "14972"
        ],
        "x-ms-request-id": [
          "753683ab-bc15-427f-ab33-087224a4bba4"
        ],
        "x-ms-correlation-request-id": [
          "753683ab-bc15-427f-ab33-087224a4bba4"
        ],
        "x-ms-routing-request-id": [
          "CENTRALUS:20150807T081928Z:753683ab-bc15-427f-ab33-087224a4bba4"
        ],
        "Strict-Transport-Security": [
          "max-age=31536000; includeSubDomains"
        ],
        "Cache-Control": [
          "no-cache"
        ],
        "Date": [
          "Fri, 07 Aug 2015 08:19:28 GMT"
        ],
        "Location": [
          "https://api-dogfood.resources.windows-int.net/subscriptions/2295ee31-27e3-4b1d-b5c1-6c73d1265f4e/operationresults/eyJqb2JJZCI6IlJFU09VUkNFR1JPVVBERUxFVElPTkpPQi1PTkVTREs5OTA4LUpBUEFORUFTVCIsImpvYkxvY2F0aW9uIjoiamFwYW5lYXN0In0?api-version=2014-04-01-preview"
        ]
      },
      "StatusCode": 202
    },
    {
      "RequestUri": "/subscriptions/2295ee31-27e3-4b1d-b5c1-6c73d1265f4e/operationresults/eyJqb2JJZCI6IlJFU09VUkNFR1JPVVBERUxFVElPTkpPQi1PTkVTREs5OTA4LUpBUEFORUFTVCIsImpvYkxvY2F0aW9uIjoiamFwYW5lYXN0In0?api-version=2014-04-01-preview",
      "EncodedRequestUri": "L3N1YnNjcmlwdGlvbnMvMjI5NWVlMzEtMjdlMy00YjFkLWI1YzEtNmM3M2QxMjY1ZjRlL29wZXJhdGlvbnJlc3VsdHMvZXlKcWIySkpaQ0k2SWxKRlUwOVZVa05GUjFKUFZWQkVSVXhGVkVsUFRrcFBRaTFQVGtWVFJFczVPVEE0TFVwQlVFRk9SVUZUVkNJc0ltcHZZa3h2WTJGMGFXOXVJam9pYW1Gd1lXNWxZWE4wSW4wP2FwaS12ZXJzaW9uPTIwMTQtMDQtMDEtcHJldmlldw==",
      "RequestMethod": "GET",
      "RequestBody": "",
      "RequestHeaders": {
        "x-ms-version": [
          "2014-04-01-preview"
        ],
        "User-Agent": [
          "Microsoft.Azure.Management.Resources.ResourceManagementClient/2.0.0.0"
        ]
      },
      "ResponseBody": "",
      "ResponseHeaders": {
        "Content-Length": [
          "0"
        ],
        "Expires": [
          "-1"
        ],
        "Pragma": [
          "no-cache"
        ],
        "Retry-After": [
          "15"
        ],
        "x-ms-ratelimit-remaining-subscription-reads": [
          "14971"
        ],
        "x-ms-request-id": [
          "821cfc54-ed7c-4c32-9c8a-77d22cf99859"
        ],
        "x-ms-correlation-request-id": [
          "821cfc54-ed7c-4c32-9c8a-77d22cf99859"
        ],
        "x-ms-routing-request-id": [
          "CENTRALUS:20150807T081943Z:821cfc54-ed7c-4c32-9c8a-77d22cf99859"
        ],
        "Strict-Transport-Security": [
          "max-age=31536000; includeSubDomains"
        ],
        "Cache-Control": [
          "no-cache"
        ],
        "Date": [
          "Fri, 07 Aug 2015 08:19:43 GMT"
        ],
        "Location": [
          "https://api-dogfood.resources.windows-int.net/subscriptions/2295ee31-27e3-4b1d-b5c1-6c73d1265f4e/operationresults/eyJqb2JJZCI6IlJFU09VUkNFR1JPVVBERUxFVElPTkpPQi1PTkVTREs5OTA4LUpBUEFORUFTVCIsImpvYkxvY2F0aW9uIjoiamFwYW5lYXN0In0?api-version=2014-04-01-preview"
        ]
      },
      "StatusCode": 202
    },
    {
      "RequestUri": "/subscriptions/2295ee31-27e3-4b1d-b5c1-6c73d1265f4e/operationresults/eyJqb2JJZCI6IlJFU09VUkNFR1JPVVBERUxFVElPTkpPQi1PTkVTREs5OTA4LUpBUEFORUFTVCIsImpvYkxvY2F0aW9uIjoiamFwYW5lYXN0In0?api-version=2014-04-01-preview",
      "EncodedRequestUri": "L3N1YnNjcmlwdGlvbnMvMjI5NWVlMzEtMjdlMy00YjFkLWI1YzEtNmM3M2QxMjY1ZjRlL29wZXJhdGlvbnJlc3VsdHMvZXlKcWIySkpaQ0k2SWxKRlUwOVZVa05GUjFKUFZWQkVSVXhGVkVsUFRrcFBRaTFQVGtWVFJFczVPVEE0TFVwQlVFRk9SVUZUVkNJc0ltcHZZa3h2WTJGMGFXOXVJam9pYW1Gd1lXNWxZWE4wSW4wP2FwaS12ZXJzaW9uPTIwMTQtMDQtMDEtcHJldmlldw==",
      "RequestMethod": "GET",
      "RequestBody": "",
      "RequestHeaders": {
        "x-ms-version": [
          "2014-04-01-preview"
        ],
        "User-Agent": [
          "Microsoft.Azure.Management.Resources.ResourceManagementClient/2.0.0.0"
        ]
      },
      "ResponseBody": "",
      "ResponseHeaders": {
        "Content-Length": [
          "0"
        ],
        "Expires": [
          "-1"
        ],
        "Pragma": [
          "no-cache"
        ],
        "Retry-After": [
          "15"
        ],
        "x-ms-ratelimit-remaining-subscription-reads": [
          "14970"
        ],
        "x-ms-request-id": [
          "ecc7e947-ccb9-4826-bb33-160d104dfad8"
        ],
        "x-ms-correlation-request-id": [
          "ecc7e947-ccb9-4826-bb33-160d104dfad8"
        ],
        "x-ms-routing-request-id": [
          "CENTRALUS:20150807T081958Z:ecc7e947-ccb9-4826-bb33-160d104dfad8"
        ],
        "Strict-Transport-Security": [
          "max-age=31536000; includeSubDomains"
        ],
        "Cache-Control": [
          "no-cache"
        ],
        "Date": [
          "Fri, 07 Aug 2015 08:19:58 GMT"
        ],
        "Location": [
          "https://api-dogfood.resources.windows-int.net/subscriptions/2295ee31-27e3-4b1d-b5c1-6c73d1265f4e/operationresults/eyJqb2JJZCI6IlJFU09VUkNFR1JPVVBERUxFVElPTkpPQi1PTkVTREs5OTA4LUpBUEFORUFTVCIsImpvYkxvY2F0aW9uIjoiamFwYW5lYXN0In0?api-version=2014-04-01-preview"
        ]
      },
      "StatusCode": 202
    },
    {
      "RequestUri": "/subscriptions/2295ee31-27e3-4b1d-b5c1-6c73d1265f4e/operationresults/eyJqb2JJZCI6IlJFU09VUkNFR1JPVVBERUxFVElPTkpPQi1PTkVTREs5OTA4LUpBUEFORUFTVCIsImpvYkxvY2F0aW9uIjoiamFwYW5lYXN0In0?api-version=2014-04-01-preview",
      "EncodedRequestUri": "L3N1YnNjcmlwdGlvbnMvMjI5NWVlMzEtMjdlMy00YjFkLWI1YzEtNmM3M2QxMjY1ZjRlL29wZXJhdGlvbnJlc3VsdHMvZXlKcWIySkpaQ0k2SWxKRlUwOVZVa05GUjFKUFZWQkVSVXhGVkVsUFRrcFBRaTFQVGtWVFJFczVPVEE0TFVwQlVFRk9SVUZUVkNJc0ltcHZZa3h2WTJGMGFXOXVJam9pYW1Gd1lXNWxZWE4wSW4wP2FwaS12ZXJzaW9uPTIwMTQtMDQtMDEtcHJldmlldw==",
      "RequestMethod": "GET",
      "RequestBody": "",
      "RequestHeaders": {
        "x-ms-version": [
          "2014-04-01-preview"
        ],
        "User-Agent": [
          "Microsoft.Azure.Management.Resources.ResourceManagementClient/2.0.0.0"
        ]
      },
      "ResponseBody": "",
      "ResponseHeaders": {
        "Content-Length": [
          "0"
        ],
        "Expires": [
          "-1"
        ],
        "Pragma": [
          "no-cache"
        ],
        "Retry-After": [
          "15"
        ],
        "x-ms-ratelimit-remaining-subscription-reads": [
          "14969"
        ],
        "x-ms-request-id": [
          "58ef8c7e-3ea6-4a35-b7d5-43e90cb6bdbd"
        ],
        "x-ms-correlation-request-id": [
          "58ef8c7e-3ea6-4a35-b7d5-43e90cb6bdbd"
        ],
        "x-ms-routing-request-id": [
          "CENTRALUS:20150807T082013Z:58ef8c7e-3ea6-4a35-b7d5-43e90cb6bdbd"
        ],
        "Strict-Transport-Security": [
          "max-age=31536000; includeSubDomains"
        ],
        "Cache-Control": [
          "no-cache"
        ],
        "Date": [
          "Fri, 07 Aug 2015 08:20:13 GMT"
        ],
        "Location": [
          "https://api-dogfood.resources.windows-int.net/subscriptions/2295ee31-27e3-4b1d-b5c1-6c73d1265f4e/operationresults/eyJqb2JJZCI6IlJFU09VUkNFR1JPVVBERUxFVElPTkpPQi1PTkVTREs5OTA4LUpBUEFORUFTVCIsImpvYkxvY2F0aW9uIjoiamFwYW5lYXN0In0?api-version=2014-04-01-preview"
        ]
      },
      "StatusCode": 202
    },
    {
      "RequestUri": "/subscriptions/2295ee31-27e3-4b1d-b5c1-6c73d1265f4e/operationresults/eyJqb2JJZCI6IlJFU09VUkNFR1JPVVBERUxFVElPTkpPQi1PTkVTREs5OTA4LUpBUEFORUFTVCIsImpvYkxvY2F0aW9uIjoiamFwYW5lYXN0In0?api-version=2014-04-01-preview",
      "EncodedRequestUri": "L3N1YnNjcmlwdGlvbnMvMjI5NWVlMzEtMjdlMy00YjFkLWI1YzEtNmM3M2QxMjY1ZjRlL29wZXJhdGlvbnJlc3VsdHMvZXlKcWIySkpaQ0k2SWxKRlUwOVZVa05GUjFKUFZWQkVSVXhGVkVsUFRrcFBRaTFQVGtWVFJFczVPVEE0TFVwQlVFRk9SVUZUVkNJc0ltcHZZa3h2WTJGMGFXOXVJam9pYW1Gd1lXNWxZWE4wSW4wP2FwaS12ZXJzaW9uPTIwMTQtMDQtMDEtcHJldmlldw==",
      "RequestMethod": "GET",
      "RequestBody": "",
      "RequestHeaders": {
        "x-ms-version": [
          "2014-04-01-preview"
        ],
        "User-Agent": [
          "Microsoft.Azure.Management.Resources.ResourceManagementClient/2.0.0.0"
        ]
      },
      "ResponseBody": "",
      "ResponseHeaders": {
        "Content-Length": [
          "0"
        ],
        "Expires": [
          "-1"
        ],
        "Pragma": [
          "no-cache"
        ],
        "Retry-After": [
          "15"
        ],
        "x-ms-ratelimit-remaining-subscription-reads": [
          "14968"
        ],
        "x-ms-request-id": [
          "db1fc7db-483d-4068-855e-b45212ee6a81"
        ],
        "x-ms-correlation-request-id": [
          "db1fc7db-483d-4068-855e-b45212ee6a81"
        ],
        "x-ms-routing-request-id": [
          "CENTRALUS:20150807T082029Z:db1fc7db-483d-4068-855e-b45212ee6a81"
        ],
        "Strict-Transport-Security": [
          "max-age=31536000; includeSubDomains"
        ],
        "Cache-Control": [
          "no-cache"
        ],
        "Date": [
          "Fri, 07 Aug 2015 08:20:29 GMT"
        ],
        "Location": [
          "https://api-dogfood.resources.windows-int.net/subscriptions/2295ee31-27e3-4b1d-b5c1-6c73d1265f4e/operationresults/eyJqb2JJZCI6IlJFU09VUkNFR1JPVVBERUxFVElPTkpPQi1PTkVTREs5OTA4LUpBUEFORUFTVCIsImpvYkxvY2F0aW9uIjoiamFwYW5lYXN0In0?api-version=2014-04-01-preview"
        ]
      },
      "StatusCode": 202
    },
    {
      "RequestUri": "/subscriptions/2295ee31-27e3-4b1d-b5c1-6c73d1265f4e/operationresults/eyJqb2JJZCI6IlJFU09VUkNFR1JPVVBERUxFVElPTkpPQi1PTkVTREs5OTA4LUpBUEFORUFTVCIsImpvYkxvY2F0aW9uIjoiamFwYW5lYXN0In0?api-version=2014-04-01-preview",
      "EncodedRequestUri": "L3N1YnNjcmlwdGlvbnMvMjI5NWVlMzEtMjdlMy00YjFkLWI1YzEtNmM3M2QxMjY1ZjRlL29wZXJhdGlvbnJlc3VsdHMvZXlKcWIySkpaQ0k2SWxKRlUwOVZVa05GUjFKUFZWQkVSVXhGVkVsUFRrcFBRaTFQVGtWVFJFczVPVEE0TFVwQlVFRk9SVUZUVkNJc0ltcHZZa3h2WTJGMGFXOXVJam9pYW1Gd1lXNWxZWE4wSW4wP2FwaS12ZXJzaW9uPTIwMTQtMDQtMDEtcHJldmlldw==",
      "RequestMethod": "GET",
      "RequestBody": "",
      "RequestHeaders": {
        "x-ms-version": [
          "2014-04-01-preview"
        ],
        "User-Agent": [
          "Microsoft.Azure.Management.Resources.ResourceManagementClient/2.0.0.0"
        ]
      },
      "ResponseBody": "",
      "ResponseHeaders": {
        "Content-Length": [
          "0"
        ],
        "Expires": [
          "-1"
        ],
        "Pragma": [
          "no-cache"
        ],
        "x-ms-ratelimit-remaining-subscription-reads": [
          "14967"
        ],
        "x-ms-request-id": [
          "ba576a67-367b-4b94-bea4-de111dde8330"
        ],
        "x-ms-correlation-request-id": [
          "ba576a67-367b-4b94-bea4-de111dde8330"
        ],
        "x-ms-routing-request-id": [
          "CENTRALUS:20150807T082044Z:ba576a67-367b-4b94-bea4-de111dde8330"
        ],
        "Strict-Transport-Security": [
          "max-age=31536000; includeSubDomains"
        ],
        "Cache-Control": [
          "no-cache"
        ],
        "Date": [
          "Fri, 07 Aug 2015 08:20:44 GMT"
        ]
      },
      "StatusCode": 200
    }
  ],
  "Names": {
    "Test-CreateDatabaseCopyV2": [
      "onesdk2855",
      "onesdk2719",
      "onesdk8152",
      "onesdk9908",
      "onesdk1006",
      "onesdk9102"
    ]
  },
  "Variables": {
    "SubscriptionId": "2295ee31-27e3-4b1d-b5c1-6c73d1265f4e"
  }
}