{
  "Entries": [
    {
      "RequestUri": "/subscriptions/c9295b92-3574-4021-95a1-26c8f74f8359/resourcegroups/ps1269?api-version=2016-09-01",
      "EncodedRequestUri": "L3N1YnNjcmlwdGlvbnMvYzkyOTViOTItMzU3NC00MDIxLTk1YTEtMjZjOGY3NGY4MzU5L3Jlc291cmNlZ3JvdXBzL3BzMTI2OT9hcGktdmVyc2lvbj0yMDE2LTA5LTAx",
      "RequestMethod": "PUT",
      "RequestHeaders": {
        "x-ms-client-request-id": [
          "6a6bd379-e5e2-4c2a-b676-77651f9986e7"
        ],
        "Accept-Language": [
          "en-US"
        ],
        "User-Agent": [
          "FxVersion/6.0.3524.45918",
          "OSName/Windows",
          "OSVersion/Microsoft.Windows.10.0.26100",
          "Microsoft.Azure.Management.Internal.Resources.ResourceManagementClient/1.3.101"
        ],
        "Content-Type": [
          "application/json; charset=utf-8"
        ],
        "Content-Length": [
          "80"
        ]
      },
      "RequestBody": "{\r\n  \"location\": \"centraluseuap\",\r\n  \"tags\": {\r\n    \"testtag\": \"testval\"\r\n  }\r\n}",
      "ResponseHeaders": {
        "Cache-Control": [
          "no-cache"
        ],
        "Pragma": [
          "no-cache"
        ],
        "x-ms-ratelimit-remaining-subscription-writes": [
          "799"
        ],
        "x-ms-ratelimit-remaining-subscription-global-writes": [
          "11999"
        ],
        "x-ms-request-id": [
          "f4257121-fae3-45c9-bb2e-244499842ebd"
        ],
        "x-ms-correlation-request-id": [
          "f4257121-fae3-45c9-bb2e-244499842ebd"
        ],
        "x-ms-routing-request-id": [
          "EASTUS2:20241022T173750Z:f4257121-fae3-45c9-bb2e-244499842ebd"
        ],
        "Strict-Transport-Security": [
          "max-age=31536000; includeSubDomains"
        ],
        "X-Content-Type-Options": [
          "nosniff"
        ],
        "X-Cache": [
          "CONFIG_NOCACHE"
        ],
        "X-MSEdge-Ref": [
          "Ref A: F0210E749F58446F8CA5ABB57D7B77B6 Ref B: MNZ221060618053 Ref C: 2024-10-22T17:37:49Z"
        ],
        "Date": [
          "Tue, 22 Oct 2024 17:37:49 GMT"
        ],
        "Content-Length": [
          "263"
        ],
        "Content-Type": [
          "application/json; charset=utf-8"
        ],
        "Expires": [
          "-1"
        ]
      },
      "ResponseBody": "{\r\n  \"id\": \"/subscriptions/c9295b92-3574-4021-95a1-26c8f74f8359/resourceGroups/ps1269\",\r\n  \"name\": \"ps1269\",\r\n  \"location\": \"centraluseuap\",\r\n  \"tags\": {\r\n    \"testtag\": \"testval\",\r\n    \"Created\": \"2024-10-22T17:37:49.8985601Z\",\r\n    \"skipNRMSNSG\": \"true\"\r\n  },\r\n  \"properties\": {\r\n    \"provisioningState\": \"Succeeded\"\r\n  }\r\n}",
      "StatusCode": 201
    },
    {
      "RequestUri": "/subscriptions/c9295b92-3574-4021-95a1-26c8f74f8359/resourceGroups/ps1269/providers/Microsoft.Network/networkManagers/ps3671?api-version=2024-05-01",
      "EncodedRequestUri": "L3N1YnNjcmlwdGlvbnMvYzkyOTViOTItMzU3NC00MDIxLTk1YTEtMjZjOGY3NGY4MzU5L3Jlc291cmNlR3JvdXBzL3BzMTI2OS9wcm92aWRlcnMvTWljcm9zb2Z0Lk5ldHdvcmsvbmV0d29ya01hbmFnZXJzL3BzMzY3MT9hcGktdmVyc2lvbj0yMDI0LTA1LTAx",
      "RequestMethod": "GET",
      "RequestHeaders": {
        "x-ms-client-request-id": [
          "aa805d85-aaff-48c8-a6da-823dcdfd0b41"
        ],
        "Accept-Language": [
          "en-US"
        ],
        "User-Agent": [
          "FxVersion/6.0.3524.45918",
          "OSName/Windows",
          "OSVersion/Microsoft.Windows.10.0.26100",
          "Microsoft.Azure.Management.Network.NetworkManagementClient/27.0.0.0"
        ]
      },
      "RequestBody": "",
      "ResponseHeaders": {
        "Cache-Control": [
          "no-cache"
        ],
        "Pragma": [
          "no-cache"
        ],
        "x-ms-failure-cause": [
          "gateway"
        ],
        "x-ms-request-id": [
          "bf2fd32a-f408-49a9-b9bf-6810d763d498"
        ],
        "x-ms-correlation-request-id": [
          "bf2fd32a-f408-49a9-b9bf-6810d763d498"
        ],
        "x-ms-routing-request-id": [
          "EASTUS:20241022T173751Z:bf2fd32a-f408-49a9-b9bf-6810d763d498"
        ],
        "Strict-Transport-Security": [
          "max-age=31536000; includeSubDomains"
        ],
        "X-Content-Type-Options": [
          "nosniff"
        ],
        "X-Cache": [
          "CONFIG_NOCACHE"
        ],
        "X-MSEdge-Ref": [
          "Ref A: 085285989F114A0B81598184B3BEAEE4 Ref B: MNZ221060609025 Ref C: 2024-10-22T17:37:50Z"
        ],
        "Date": [
          "Tue, 22 Oct 2024 17:37:50 GMT"
        ],
        "Content-Length": [
          "218"
        ],
        "Content-Type": [
          "application/json; charset=utf-8"
        ],
        "Expires": [
          "-1"
        ]
      },
      "ResponseBody": "{\r\n  \"error\": {\r\n    \"code\": \"ResourceNotFound\",\r\n    \"message\": \"The Resource 'Microsoft.Network/networkManagers/ps3671' under resource group 'ps1269' was not found. For more details please go to https://aka.ms/ARMResourceNotFoundFix\"\r\n  }\r\n}",
      "StatusCode": 404
    },
    {
      "RequestUri": "/subscriptions/c9295b92-3574-4021-95a1-26c8f74f8359/resourceGroups/ps1269/providers/Microsoft.Network/networkManagers/ps3671?api-version=2024-05-01",
      "EncodedRequestUri": "L3N1YnNjcmlwdGlvbnMvYzkyOTViOTItMzU3NC00MDIxLTk1YTEtMjZjOGY3NGY4MzU5L3Jlc291cmNlR3JvdXBzL3BzMTI2OS9wcm92aWRlcnMvTWljcm9zb2Z0Lk5ldHdvcmsvbmV0d29ya01hbmFnZXJzL3BzMzY3MT9hcGktdmVyc2lvbj0yMDI0LTA1LTAx",
      "RequestMethod": "GET",
      "RequestHeaders": {
        "x-ms-client-request-id": [
          "aa805d85-aaff-48c8-a6da-823dcdfd0b41"
        ],
        "Accept-Language": [
          "en-US"
        ],
        "User-Agent": [
          "FxVersion/6.0.3524.45918",
          "OSName/Windows",
          "OSVersion/Microsoft.Windows.10.0.26100",
          "Microsoft.Azure.Management.Network.NetworkManagementClient/27.0.0.0"
        ]
      },
      "RequestBody": "",
      "ResponseHeaders": {
        "Cache-Control": [
          "no-cache"
        ],
        "Pragma": [
          "no-cache"
        ],
        "Strict-Transport-Security": [
          "max-age=31536000; includeSubDomains"
        ],
        "x-ms-ratelimit-remaining-subscription-reads": [
          "1099"
        ],
        "x-ms-ratelimit-remaining-subscription-global-reads": [
          "16499"
        ],
        "x-ms-request-id": [
          "f0a3b427-ec20-4f6e-8f3d-c4cecfe57469"
        ],
        "x-ms-correlation-request-id": [
          "f0a3b427-ec20-4f6e-8f3d-c4cecfe57469"
        ],
        "x-ms-routing-request-id": [
          "EASTUS:20241022T173757Z:f0a3b427-ec20-4f6e-8f3d-c4cecfe57469"
        ],
        "X-Content-Type-Options": [
          "nosniff"
        ],
        "X-Cache": [
          "CONFIG_NOCACHE"
        ],
        "X-MSEdge-Ref": [
          "Ref A: 5D9FB7052CFE48B09755B688D24C030A Ref B: MNZ221060609025 Ref C: 2024-10-22T17:37:56Z"
        ],
        "Date": [
          "Tue, 22 Oct 2024 17:37:57 GMT"
        ],
        "Content-Length": [
          "824"
        ],
        "Content-Type": [
          "application/json; charset=utf-8"
        ],
        "Expires": [
          "-1"
        ]
      },
      "ResponseBody": "{\r\n  \"name\": \"ps3671\",\r\n  \"id\": \"/subscriptions/c9295b92-3574-4021-95a1-26c8f74f8359/resourceGroups/ps1269/providers/Microsoft.Network/networkManagers/ps3671\",\r\n  \"location\": \"centraluseuap\",\r\n  \"type\": \"Microsoft.Network/networkManagers\",\r\n  \"tags\": {},\r\n  \"etag\": \"\\\"7b0167ff-0000-3300-0000-6717e2f50000\\\"\",\r\n  \"properties\": {\r\n    \"description\": \"\",\r\n    \"networkManagerScopes\": {\r\n      \"managementGroups\": [],\r\n      \"subscriptions\": [\r\n        \"/subscriptions/08615b4b-bc9c-4a70-be1b-2ea10bc97b52\"\r\n      ],\r\n      \"crossTenantScopes\": []\r\n    },\r\n    \"provisioningState\": \"Succeeded\",\r\n    \"networkManagerScopeAccesses\": [\r\n      \"Connectivity\"\r\n    ],\r\n    \"resourceGuid\": \"c54a51e7-f56c-4500-b3a6-68a218d70d8b\"\r\n  },\r\n  \"systemData\": {\r\n    \"createdBy\": \"pthompson@microsoft.com\",\r\n    \"createdByType\": \"User\",\r\n    \"createdAt\": \"2024-10-22T17:37:55.3381526Z\",\r\n    \"lastModifiedBy\": \"pthompson@microsoft.com\",\r\n    \"lastModifiedByType\": \"User\",\r\n    \"lastModifiedAt\": \"2024-10-22T17:37:55.3381526Z\"\r\n  }\r\n}",
      "StatusCode": 200
    },
    {
      "RequestUri": "/subscriptions/c9295b92-3574-4021-95a1-26c8f74f8359/resourceGroups/ps1269/providers/Microsoft.Network/networkManagers/ps3671?api-version=2024-05-01",
      "EncodedRequestUri": "L3N1YnNjcmlwdGlvbnMvYzkyOTViOTItMzU3NC00MDIxLTk1YTEtMjZjOGY3NGY4MzU5L3Jlc291cmNlR3JvdXBzL3BzMTI2OS9wcm92aWRlcnMvTWljcm9zb2Z0Lk5ldHdvcmsvbmV0d29ya01hbmFnZXJzL3BzMzY3MT9hcGktdmVyc2lvbj0yMDI0LTA1LTAx",
      "RequestMethod": "PUT",
      "RequestHeaders": {
        "x-ms-client-request-id": [
          "aa805d85-aaff-48c8-a6da-823dcdfd0b41"
        ],
        "Accept-Language": [
          "en-US"
        ],
        "User-Agent": [
          "FxVersion/6.0.3524.45918",
          "OSName/Windows",
          "OSVersion/Microsoft.Windows.10.0.26100",
          "Microsoft.Azure.Management.Network.NetworkManagementClient/27.0.0.0"
        ],
        "Content-Type": [
          "application/json; charset=utf-8"
        ],
        "Content-Length": [
          "295"
        ]
      },
      "RequestBody": "{\r\n  \"properties\": {\r\n    \"networkManagerScopes\": {\r\n      \"managementGroups\": [],\r\n      \"subscriptions\": [\r\n        \"/subscriptions/08615b4b-bc9c-4a70-be1b-2ea10bc97b52\"\r\n      ]\r\n    },\r\n    \"networkManagerScopeAccesses\": [\r\n      \"Connectivity\"\r\n    ]\r\n  },\r\n  \"location\": \"centraluseuap\"\r\n}",
      "ResponseHeaders": {
        "Cache-Control": [
          "no-cache"
        ],
        "Pragma": [
          "no-cache"
        ],
        "Strict-Transport-Security": [
          "max-age=31536000; includeSubDomains"
        ],
        "x-ms-ratelimit-remaining-subscription-writes": [
          "799"
        ],
        "x-ms-ratelimit-remaining-subscription-global-writes": [
          "11999"
        ],
        "x-ms-request-id": [
          "56c2d58a-6160-4e21-9029-18b44e699297"
        ],
        "x-ms-correlation-request-id": [
          "56c2d58a-6160-4e21-9029-18b44e699297"
        ],
        "x-ms-routing-request-id": [
          "EASTUS:20241022T173756Z:56c2d58a-6160-4e21-9029-18b44e699297"
        ],
        "X-Content-Type-Options": [
          "nosniff"
        ],
        "X-Cache": [
          "CONFIG_NOCACHE"
        ],
        "X-MSEdge-Ref": [
          "Ref A: B37FCF4F25AB4F0893B99469429894B3 Ref B: MNZ221060609025 Ref C: 2024-10-22T17:37:52Z"
        ],
        "Date": [
          "Tue, 22 Oct 2024 17:37:55 GMT"
        ],
        "Content-Length": [
          "784"
        ],
        "Content-Type": [
          "application/json; charset=utf-8"
        ],
        "Expires": [
          "-1"
        ]
      },
      "ResponseBody": "{\r\n  \"name\": \"ps3671\",\r\n  \"id\": \"/subscriptions/c9295b92-3574-4021-95a1-26c8f74f8359/resourceGroups/ps1269/providers/Microsoft.Network/networkManagers/ps3671\",\r\n  \"location\": \"centraluseuap\",\r\n  \"type\": \"Microsoft.Network/networkManagers\",\r\n  \"tags\": {},\r\n  \"etag\": \"\",\r\n  \"properties\": {\r\n    \"description\": \"\",\r\n    \"networkManagerScopes\": {\r\n      \"managementGroups\": [],\r\n      \"subscriptions\": [\r\n        \"/subscriptions/08615b4b-bc9c-4a70-be1b-2ea10bc97b52\"\r\n      ],\r\n      \"crossTenantScopes\": []\r\n    },\r\n    \"provisioningState\": \"Succeeded\",\r\n    \"networkManagerScopeAccesses\": [\r\n      \"Connectivity\"\r\n    ],\r\n    \"resourceGuid\": \"c54a51e7-f56c-4500-b3a6-68a218d70d8b\"\r\n  },\r\n  \"systemData\": {\r\n    \"createdBy\": \"pthompson@microsoft.com\",\r\n    \"createdByType\": \"User\",\r\n    \"createdAt\": \"2024-10-22T17:37:55.3381526Z\",\r\n    \"lastModifiedBy\": \"pthompson@microsoft.com\",\r\n    \"lastModifiedByType\": \"User\",\r\n    \"lastModifiedAt\": \"2024-10-22T17:37:55.3381526Z\"\r\n  }\r\n}",
      "StatusCode": 200
    },
    {
      "RequestUri": "/subscriptions/c9295b92-3574-4021-95a1-26c8f74f8359/resourceGroups/ps1269/providers/Microsoft.Network/networkManagers/ps3671/ipamPools/ps1102?api-version=2024-05-01",
      "EncodedRequestUri": "L3N1YnNjcmlwdGlvbnMvYzkyOTViOTItMzU3NC00MDIxLTk1YTEtMjZjOGY3NGY4MzU5L3Jlc291cmNlR3JvdXBzL3BzMTI2OS9wcm92aWRlcnMvTWljcm9zb2Z0Lk5ldHdvcmsvbmV0d29ya01hbmFnZXJzL3BzMzY3MS9pcGFtUG9vbHMvcHMxMTAyP2FwaS12ZXJzaW9uPTIwMjQtMDUtMDE=",
      "RequestMethod": "GET",
      "RequestHeaders": {
        "x-ms-client-request-id": [
          "2525e6ec-149f-4ed1-874d-5c7afb752221"
        ],
        "Accept-Language": [
          "en-US"
        ],
        "User-Agent": [
          "FxVersion/6.0.3524.45918",
          "OSName/Windows",
          "OSVersion/Microsoft.Windows.10.0.26100",
          "Microsoft.Azure.Management.Network.NetworkManagementClient/27.0.0.0"
        ]
      },
      "RequestBody": "",
      "ResponseHeaders": {
        "Cache-Control": [
          "no-cache"
        ],
        "Pragma": [
          "no-cache"
        ],
        "x-ms-failure-cause": [
          "gateway"
        ],
        "x-ms-request-id": [
          "505a1ac9-9676-402b-a233-d208ea222767"
        ],
        "x-ms-correlation-request-id": [
          "505a1ac9-9676-402b-a233-d208ea222767"
        ],
        "x-ms-routing-request-id": [
          "EASTUS2:20241022T173758Z:505a1ac9-9676-402b-a233-d208ea222767"
        ],
        "Strict-Transport-Security": [
          "max-age=31536000; includeSubDomains"
        ],
        "X-Content-Type-Options": [
          "nosniff"
        ],
        "X-Cache": [
          "CONFIG_NOCACHE"
        ],
        "X-MSEdge-Ref": [
          "Ref A: BA5C070FC5B64F518F7EF67BCDAFCD86 Ref B: MNZ221060608017 Ref C: 2024-10-22T17:37:57Z"
        ],
        "Date": [
          "Tue, 22 Oct 2024 17:37:58 GMT"
        ],
        "Content-Length": [
          "235"
        ],
        "Content-Type": [
          "application/json; charset=utf-8"
        ],
        "Expires": [
          "-1"
        ]
      },
      "ResponseBody": "{\r\n  \"error\": {\r\n    \"code\": \"ResourceNotFound\",\r\n    \"message\": \"The Resource 'Microsoft.Network/networkManagers/ps3671/ipamPools/ps1102' under resource group 'ps1269' was not found. For more details please go to https://aka.ms/ARMResourceNotFoundFix\"\r\n  }\r\n}",
      "StatusCode": 404
    },
    {
      "RequestUri": "/subscriptions/c9295b92-3574-4021-95a1-26c8f74f8359/resourceGroups/ps1269/providers/Microsoft.Network/networkManagers/ps3671/ipamPools/ps1102?api-version=2024-05-01",
      "EncodedRequestUri": "L3N1YnNjcmlwdGlvbnMvYzkyOTViOTItMzU3NC00MDIxLTk1YTEtMjZjOGY3NGY4MzU5L3Jlc291cmNlR3JvdXBzL3BzMTI2OS9wcm92aWRlcnMvTWljcm9zb2Z0Lk5ldHdvcmsvbmV0d29ya01hbmFnZXJzL3BzMzY3MS9pcGFtUG9vbHMvcHMxMTAyP2FwaS12ZXJzaW9uPTIwMjQtMDUtMDE=",
      "RequestMethod": "GET",
      "RequestHeaders": {
        "x-ms-client-request-id": [
          "2525e6ec-149f-4ed1-874d-5c7afb752221"
        ],
        "User-Agent": [
          "FxVersion/6.0.3524.45918",
          "OSName/Windows",
          "OSVersion/Microsoft.Windows.10.0.26100",
          "Microsoft.Azure.Management.Network.NetworkManagementClient/27.0.0.0"
        ]
      },
      "RequestBody": "",
      "ResponseHeaders": {
        "Cache-Control": [
          "no-cache"
        ],
        "Pragma": [
          "no-cache"
        ],
        "x-ms-ratelimit-remaining-subscription-reads": [
          "1099"
        ],
        "mise-correlation-id": [
          "297c205e-8bba-41ce-8651-cb06c773c3e0"
        ],
        "Strict-Transport-Security": [
          "max-age=31536000; includeSubDomains"
        ],
        "x-ms-ratelimit-remaining-subscription-global-reads": [
          "16499"
        ],
        "x-ms-request-id": [
          "b3f69341-c2a6-4284-a54a-a7656808bfa9"
        ],
        "x-ms-correlation-request-id": [
          "b3f69341-c2a6-4284-a54a-a7656808bfa9"
        ],
        "x-ms-routing-request-id": [
          "EASTUS:20241022T173810Z:b3f69341-c2a6-4284-a54a-a7656808bfa9"
        ],
        "X-Content-Type-Options": [
          "nosniff"
        ],
        "X-Cache": [
          "CONFIG_NOCACHE"
        ],
        "X-MSEdge-Ref": [
          "Ref A: F65B975C24484BDB9EE5D6E977FA35B2 Ref B: MNZ221060608017 Ref C: 2024-10-22T17:38:09Z"
        ],
        "Date": [
          "Tue, 22 Oct 2024 17:38:10 GMT"
        ],
        "Content-Length": [
          "669"
        ],
        "Content-Type": [
          "application/json; charset=utf-8"
        ],
        "Expires": [
          "-1"
        ]
      },
      "ResponseBody": "{\r\n  \"name\": \"ps1102\",\r\n  \"type\": \"Microsoft.Network/networkManagers/ipamPools\",\r\n  \"properties\": {\r\n    \"description\": null,\r\n    \"displayName\": \"\",\r\n    \"ipAddressType\": [\r\n      \"IPv4\"\r\n    ],\r\n    \"parentPoolName\": null,\r\n    \"addressPrefixes\": [\r\n      \"10.0.0.0/8\"\r\n    ],\r\n    \"provisioningState\": \"Succeeded\"\r\n  },\r\n  \"id\": \"/subscriptions/c9295b92-3574-4021-95a1-26c8f74f8359/resourceGroups/ps1269/providers/Microsoft.Network/networkManagers/ps3671/ipamPools/ps1102\",\r\n  \"tags\": null,\r\n  \"location\": \"centraluseuap\",\r\n  \"systemData\": {\r\n    \"createdBy\": \"pthompson@microsoft.com\",\r\n    \"createdByType\": \"User\",\r\n    \"createdAt\": \"2024-10-22T13:37:59.7841555-04:00\",\r\n    \"lastModifiedBy\": \"pthompson@microsoft.com\",\r\n    \"lastModifiedByType\": \"User\",\r\n    \"lastModifiedAt\": \"2024-10-22T13:37:59.7841555-04:00\"\r\n  }\r\n}",
      "StatusCode": 200
    },
    {
      "RequestUri": "/subscriptions/c9295b92-3574-4021-95a1-26c8f74f8359/resourceGroups/ps1269/providers/Microsoft.Network/networkManagers/ps3671/ipamPools/ps1102?api-version=2024-05-01",
      "EncodedRequestUri": "L3N1YnNjcmlwdGlvbnMvYzkyOTViOTItMzU3NC00MDIxLTk1YTEtMjZjOGY3NGY4MzU5L3Jlc291cmNlR3JvdXBzL3BzMTI2OS9wcm92aWRlcnMvTWljcm9zb2Z0Lk5ldHdvcmsvbmV0d29ya01hbmFnZXJzL3BzMzY3MS9pcGFtUG9vbHMvcHMxMTAyP2FwaS12ZXJzaW9uPTIwMjQtMDUtMDE=",
      "RequestMethod": "GET",
      "RequestHeaders": {
        "x-ms-client-request-id": [
          "2525e6ec-149f-4ed1-874d-5c7afb752221"
        ],
        "Accept-Language": [
          "en-US"
        ],
        "User-Agent": [
          "FxVersion/6.0.3524.45918",
          "OSName/Windows",
          "OSVersion/Microsoft.Windows.10.0.26100",
          "Microsoft.Azure.Management.Network.NetworkManagementClient/27.0.0.0"
        ]
      },
      "RequestBody": "",
      "ResponseHeaders": {
        "Cache-Control": [
          "no-cache"
        ],
        "Pragma": [
          "no-cache"
        ],
        "x-ms-ratelimit-remaining-subscription-reads": [
          "1099"
        ],
        "mise-correlation-id": [
          "6f3ae85a-dcc6-4ce6-b650-18d494a58fc5"
        ],
        "Strict-Transport-Security": [
          "max-age=31536000; includeSubDomains"
        ],
        "x-ms-ratelimit-remaining-subscription-global-reads": [
          "16499"
        ],
        "x-ms-request-id": [
          "aa07e370-378a-4284-9149-43f992e36ad2"
        ],
        "x-ms-correlation-request-id": [
          "aa07e370-378a-4284-9149-43f992e36ad2"
        ],
        "x-ms-routing-request-id": [
          "EASTUS:20241022T173811Z:aa07e370-378a-4284-9149-43f992e36ad2"
        ],
        "X-Content-Type-Options": [
          "nosniff"
        ],
        "X-Cache": [
          "CONFIG_NOCACHE"
        ],
        "X-MSEdge-Ref": [
          "Ref A: 2C26CCC06E194819AD5868D5443B9C6B Ref B: MNZ221060608017 Ref C: 2024-10-22T17:38:10Z"
        ],
        "Date": [
          "Tue, 22 Oct 2024 17:38:11 GMT"
        ],
        "Content-Length": [
          "669"
        ],
        "Content-Type": [
          "application/json; charset=utf-8"
        ],
        "Expires": [
          "-1"
        ]
      },
      "ResponseBody": "{\r\n  \"name\": \"ps1102\",\r\n  \"type\": \"Microsoft.Network/networkManagers/ipamPools\",\r\n  \"properties\": {\r\n    \"description\": null,\r\n    \"displayName\": \"\",\r\n    \"ipAddressType\": [\r\n      \"IPv4\"\r\n    ],\r\n    \"parentPoolName\": null,\r\n    \"addressPrefixes\": [\r\n      \"10.0.0.0/8\"\r\n    ],\r\n    \"provisioningState\": \"Succeeded\"\r\n  },\r\n  \"id\": \"/subscriptions/c9295b92-3574-4021-95a1-26c8f74f8359/resourceGroups/ps1269/providers/Microsoft.Network/networkManagers/ps3671/ipamPools/ps1102\",\r\n  \"tags\": null,\r\n  \"location\": \"centraluseuap\",\r\n  \"systemData\": {\r\n    \"createdBy\": \"pthompson@microsoft.com\",\r\n    \"createdByType\": \"User\",\r\n    \"createdAt\": \"2024-10-22T13:37:59.7841555-04:00\",\r\n    \"lastModifiedBy\": \"pthompson@microsoft.com\",\r\n    \"lastModifiedByType\": \"User\",\r\n    \"lastModifiedAt\": \"2024-10-22T13:37:59.7841555-04:00\"\r\n  }\r\n}",
      "StatusCode": 200
    },
    {
      "RequestUri": "/subscriptions/c9295b92-3574-4021-95a1-26c8f74f8359/resourceGroups/ps1269/providers/Microsoft.Network/networkManagers/ps3671/ipamPools/ps1102?api-version=2024-05-01",
      "EncodedRequestUri": "L3N1YnNjcmlwdGlvbnMvYzkyOTViOTItMzU3NC00MDIxLTk1YTEtMjZjOGY3NGY4MzU5L3Jlc291cmNlR3JvdXBzL3BzMTI2OS9wcm92aWRlcnMvTWljcm9zb2Z0Lk5ldHdvcmsvbmV0d29ya01hbmFnZXJzL3BzMzY3MS9pcGFtUG9vbHMvcHMxMTAyP2FwaS12ZXJzaW9uPTIwMjQtMDUtMDE=",
      "RequestMethod": "PUT",
      "RequestHeaders": {
        "x-ms-client-request-id": [
          "2525e6ec-149f-4ed1-874d-5c7afb752221"
        ],
        "Accept-Language": [
          "en-US"
        ],
        "User-Agent": [
          "FxVersion/6.0.3524.45918",
          "OSName/Windows",
          "OSVersion/Microsoft.Windows.10.0.26100",
          "Microsoft.Azure.Management.Network.NetworkManagementClient/27.0.0.0"
        ],
        "Content-Type": [
          "application/json; charset=utf-8"
        ],
        "Content-Length": [
          "113"
        ]
      },
      "RequestBody": "{\r\n  \"properties\": {\r\n    \"addressPrefixes\": [\r\n      \"10.0.0.0/8\"\r\n    ]\r\n  },\r\n  \"location\": \"centraluseuap\"\r\n}",
      "ResponseHeaders": {
        "Cache-Control": [
          "no-cache"
        ],
        "Pragma": [
          "no-cache"
        ],
        "x-ms-ratelimit-remaining-subscription-writes": [
          "800"
        ],
        "mise-correlation-id": [
          "6bc75d79-bbcc-4203-8b11-3f233af0c3eb"
        ],
        "Azure-AsyncOperation": [
          "https://management.azure.com/subscriptions/c9295b92-3574-4021-95a1-26c8f74f8359/resourceGroups/ps1269/providers/Microsoft.Network/networkManagers/ps3671/ipamPools/ps1102?api-version=2024-05-01"
        ],
        "Strict-Transport-Security": [
          "max-age=31536000; includeSubDomains"
        ],
        "x-ms-ratelimit-remaining-subscription-global-writes": [
          "12000"
        ],
        "x-ms-request-id": [
          "ff0e6622-2d40-41dc-bf88-1234bf085293"
        ],
        "x-ms-correlation-request-id": [
          "ff0e6622-2d40-41dc-bf88-1234bf085293"
        ],
        "x-ms-routing-request-id": [
          "EASTUS:20241022T173809Z:ff0e6622-2d40-41dc-bf88-1234bf085293"
        ],
        "X-Content-Type-Options": [
          "nosniff"
        ],
        "X-Cache": [
          "CONFIG_NOCACHE"
        ],
        "X-MSEdge-Ref": [
          "Ref A: 49E79C3F302445C9A5D218EAB9EE0730 Ref B: MNZ221060608017 Ref C: 2024-10-22T17:37:58Z"
        ],
        "Date": [
          "Tue, 22 Oct 2024 17:38:09 GMT"
        ],
        "Content-Length": [
          "669"
        ],
        "Content-Type": [
          "application/json; charset=utf-8"
        ],
        "Expires": [
          "-1"
        ]
      },
      "ResponseBody": "{\r\n  \"name\": \"ps1102\",\r\n  \"type\": \"Microsoft.Network/networkManagers/ipamPools\",\r\n  \"properties\": {\r\n    \"description\": null,\r\n    \"displayName\": \"\",\r\n    \"ipAddressType\": [\r\n      \"IPv4\"\r\n    ],\r\n    \"parentPoolName\": null,\r\n    \"addressPrefixes\": [\r\n      \"10.0.0.0/8\"\r\n    ],\r\n    \"provisioningState\": \"Succeeded\"\r\n  },\r\n  \"id\": \"/subscriptions/c9295b92-3574-4021-95a1-26c8f74f8359/resourceGroups/ps1269/providers/Microsoft.Network/networkManagers/ps3671/ipamPools/ps1102\",\r\n  \"tags\": null,\r\n  \"location\": \"centraluseuap\",\r\n  \"systemData\": {\r\n    \"createdBy\": \"pthompson@microsoft.com\",\r\n    \"createdByType\": \"User\",\r\n    \"createdAt\": \"2024-10-22T13:37:59.7841555-04:00\",\r\n    \"lastModifiedBy\": \"pthompson@microsoft.com\",\r\n    \"lastModifiedByType\": \"User\",\r\n    \"lastModifiedAt\": \"2024-10-22T13:37:59.7841555-04:00\"\r\n  }\r\n}",
      "StatusCode": 201
    },
    {
      "RequestUri": "/subscriptions/c9295b92-3574-4021-95a1-26c8f74f8359/resourceGroups/ps1269/providers/Microsoft.Network/networkManagers/ps3671/ipamPools/ps1102/staticCidrs/ps7669?api-version=2024-05-01",
      "EncodedRequestUri": "L3N1YnNjcmlwdGlvbnMvYzkyOTViOTItMzU3NC00MDIxLTk1YTEtMjZjOGY3NGY4MzU5L3Jlc291cmNlR3JvdXBzL3BzMTI2OS9wcm92aWRlcnMvTWljcm9zb2Z0Lk5ldHdvcmsvbmV0d29ya01hbmFnZXJzL3BzMzY3MS9pcGFtUG9vbHMvcHMxMTAyL3N0YXRpY0NpZHJzL3BzNzY2OT9hcGktdmVyc2lvbj0yMDI0LTA1LTAx",
      "RequestMethod": "GET",
      "RequestHeaders": {
        "x-ms-client-request-id": [
          "039d4748-7bf5-4cb0-9e49-527208d518c8"
        ],
        "Accept-Language": [
          "en-US"
        ],
        "User-Agent": [
          "FxVersion/6.0.3524.45918",
          "OSName/Windows",
          "OSVersion/Microsoft.Windows.10.0.26100",
          "Microsoft.Azure.Management.Network.NetworkManagementClient/27.0.0.0"
        ]
      },
      "RequestBody": "",
      "ResponseHeaders": {
        "Cache-Control": [
          "no-cache"
        ],
        "Pragma": [
          "no-cache"
        ],
        "x-ms-ratelimit-remaining-subscription-reads": [
          "1099"
        ],
        "mise-correlation-id": [
          "75c18c72-9a52-4afb-9647-cf2bf42d782c"
        ],
        "Strict-Transport-Security": [
          "max-age=31536000; includeSubDomains"
        ],
        "x-ms-ratelimit-remaining-subscription-global-reads": [
          "16499"
        ],
        "x-ms-request-id": [
          "17c9f09d-029d-4df8-88c3-b072994a7603"
        ],
        "x-ms-correlation-request-id": [
          "17c9f09d-029d-4df8-88c3-b072994a7603"
        ],
        "x-ms-routing-request-id": [
          "EASTUS:20241022T173812Z:17c9f09d-029d-4df8-88c3-b072994a7603"
        ],
        "X-Content-Type-Options": [
          "nosniff"
        ],
        "X-Cache": [
          "CONFIG_NOCACHE"
        ],
        "X-MSEdge-Ref": [
          "Ref A: 609B2A0F586F4ADEBAFF2470BEC93DF4 Ref B: MNZ221060609045 Ref C: 2024-10-22T17:38:11Z"
        ],
        "Date": [
          "Tue, 22 Oct 2024 17:38:12 GMT"
        ],
        "Content-Length": [
          "277"
        ],
        "Content-Type": [
          "application/json; charset=utf-8"
        ],
        "Expires": [
          "-1"
        ]
      },
      "ResponseBody": "{\r\n  \"code\": \"NotFound\",\r\n  \"message\": \"Static CIDR resource '/subscriptions/c9295b92-3574-4021-95a1-26c8f74f8359/resourceGroups/ps1269/providers/Microsoft.Network/networkManagers/ps3671/ipamPools/ps1102/staticCidrs/ps7669' not found.\",\r\n  \"target\": null,\r\n  \"details\": null,\r\n  \"additionalInfo\": null\r\n}",
      "StatusCode": 404
    },
    {
      "RequestUri": "/subscriptions/c9295b92-3574-4021-95a1-26c8f74f8359/resourceGroups/ps1269/providers/Microsoft.Network/networkManagers/ps3671/ipamPools/ps1102/staticCidrs/ps7669?api-version=2024-05-01",
      "EncodedRequestUri": "L3N1YnNjcmlwdGlvbnMvYzkyOTViOTItMzU3NC00MDIxLTk1YTEtMjZjOGY3NGY4MzU5L3Jlc291cmNlR3JvdXBzL3BzMTI2OS9wcm92aWRlcnMvTWljcm9zb2Z0Lk5ldHdvcmsvbmV0d29ya01hbmFnZXJzL3BzMzY3MS9pcGFtUG9vbHMvcHMxMTAyL3N0YXRpY0NpZHJzL3BzNzY2OT9hcGktdmVyc2lvbj0yMDI0LTA1LTAx",
      "RequestMethod": "GET",
      "RequestHeaders": {
        "x-ms-client-request-id": [
          "039d4748-7bf5-4cb0-9e49-527208d518c8"
        ],
        "Accept-Language": [
          "en-US"
        ],
        "User-Agent": [
          "FxVersion/6.0.3524.45918",
          "OSName/Windows",
          "OSVersion/Microsoft.Windows.10.0.26100",
          "Microsoft.Azure.Management.Network.NetworkManagementClient/27.0.0.0"
        ]
      },
      "RequestBody": "",
      "ResponseHeaders": {
        "Cache-Control": [
          "no-cache"
        ],
        "Pragma": [
          "no-cache"
        ],
        "x-ms-ratelimit-remaining-subscription-reads": [
          "1099"
        ],
        "mise-correlation-id": [
          "a485deb5-857f-4db1-a021-f79066c0b768"
        ],
        "Strict-Transport-Security": [
          "max-age=31536000; includeSubDomains"
        ],
        "x-ms-ratelimit-remaining-subscription-global-reads": [
          "16499"
        ],
        "x-ms-request-id": [
          "c5e24509-5641-45fb-8d4f-c3fb880676f4"
        ],
        "x-ms-correlation-request-id": [
          "c5e24509-5641-45fb-8d4f-c3fb880676f4"
        ],
        "x-ms-routing-request-id": [
          "EASTUS:20241022T173814Z:c5e24509-5641-45fb-8d4f-c3fb880676f4"
        ],
        "X-Content-Type-Options": [
          "nosniff"
        ],
        "X-Cache": [
          "CONFIG_NOCACHE"
        ],
        "X-MSEdge-Ref": [
          "Ref A: 33E986AFFE17402EA0DCA4ECE8006A95 Ref B: MNZ221060609045 Ref C: 2024-10-22T17:38:13Z"
        ],
        "Date": [
          "Tue, 22 Oct 2024 17:38:14 GMT"
        ],
        "Content-Length": [
          "591"
        ],
        "Content-Type": [
          "application/json; charset=utf-8"
        ],
        "Expires": [
          "-1"
        ]
      },
      "ResponseBody": "{\r\n  \"name\": \"ps7669\",\r\n  \"type\": \"Microsoft.Network/networkManagers/ipamPools/staticCidrs\",\r\n  \"properties\": {\r\n    \"description\": \"\",\r\n    \"numberOfIPAddressesToAllocate\": \"\",\r\n    \"addressPrefixes\": [\r\n      \"10.0.0.0/8\"\r\n    ],\r\n    \"totalNumberOfIPAddresses\": \"16777216\",\r\n    \"provisioningState\": \"Succeeded\"\r\n  },\r\n  \"id\": \"/subscriptions/c9295b92-3574-4021-95a1-26c8f74f8359/resourceGroups/ps1269/providers/Microsoft.Network/networkManagers/ps3671/ipamPools/ps1102/staticCidrs/ps7669\",\r\n  \"systemData\": {\r\n    \"createdBy\": null,\r\n    \"createdByType\": null,\r\n    \"createdAt\": \"2024-10-22T13:38:13.6602263-04:00\",\r\n    \"lastModifiedBy\": null,\r\n    \"lastModifiedByType\": null,\r\n    \"lastModifiedAt\": null\r\n  }\r\n}",
      "StatusCode": 200
    },
    {
      "RequestUri": "/subscriptions/c9295b92-3574-4021-95a1-26c8f74f8359/resourceGroups/ps1269/providers/Microsoft.Network/networkManagers/ps3671/ipamPools/ps1102/staticCidrs/ps7669?api-version=2024-05-01",
      "EncodedRequestUri": "L3N1YnNjcmlwdGlvbnMvYzkyOTViOTItMzU3NC00MDIxLTk1YTEtMjZjOGY3NGY4MzU5L3Jlc291cmNlR3JvdXBzL3BzMTI2OS9wcm92aWRlcnMvTWljcm9zb2Z0Lk5ldHdvcmsvbmV0d29ya01hbmFnZXJzL3BzMzY3MS9pcGFtUG9vbHMvcHMxMTAyL3N0YXRpY0NpZHJzL3BzNzY2OT9hcGktdmVyc2lvbj0yMDI0LTA1LTAx",
      "RequestMethod": "GET",
      "RequestHeaders": {
        "x-ms-client-request-id": [
          "1324c359-effd-4414-a3bd-5e98adb5732f"
        ],
        "Accept-Language": [
          "en-US"
        ],
        "User-Agent": [
          "FxVersion/6.0.3524.45918",
          "OSName/Windows",
          "OSVersion/Microsoft.Windows.10.0.26100",
          "Microsoft.Azure.Management.Network.NetworkManagementClient/27.0.0.0"
        ]
      },
      "RequestBody": "",
      "ResponseHeaders": {
        "Cache-Control": [
          "no-cache"
        ],
        "Pragma": [
          "no-cache"
        ],
        "x-ms-ratelimit-remaining-subscription-reads": [
          "1099"
        ],
        "mise-correlation-id": [
          "55d4d312-9280-49f6-8953-aaef6b0e5d3e"
        ],
        "Strict-Transport-Security": [
          "max-age=31536000; includeSubDomains"
        ],
        "x-ms-ratelimit-remaining-subscription-global-reads": [
          "16499"
        ],
        "x-ms-request-id": [
          "f8f3169f-c6f6-46c7-9357-4c964d15897b"
        ],
        "x-ms-correlation-request-id": [
          "f8f3169f-c6f6-46c7-9357-4c964d15897b"
        ],
        "x-ms-routing-request-id": [
          "EASTUS:20241022T173815Z:f8f3169f-c6f6-46c7-9357-4c964d15897b"
        ],
        "X-Content-Type-Options": [
          "nosniff"
        ],
        "X-Cache": [
          "CONFIG_NOCACHE"
        ],
        "X-MSEdge-Ref": [
          "Ref A: 8C90547ECC5645CBB856D70ED771831D Ref B: MNZ221060610021 Ref C: 2024-10-22T17:38:14Z"
        ],
        "Date": [
          "Tue, 22 Oct 2024 17:38:14 GMT"
        ],
        "Content-Length": [
          "591"
        ],
        "Content-Type": [
          "application/json; charset=utf-8"
        ],
        "Expires": [
          "-1"
        ]
      },
      "ResponseBody": "{\r\n  \"name\": \"ps7669\",\r\n  \"type\": \"Microsoft.Network/networkManagers/ipamPools/staticCidrs\",\r\n  \"properties\": {\r\n    \"description\": \"\",\r\n    \"numberOfIPAddressesToAllocate\": \"\",\r\n    \"addressPrefixes\": [\r\n      \"10.0.0.0/8\"\r\n    ],\r\n    \"totalNumberOfIPAddresses\": \"16777216\",\r\n    \"provisioningState\": \"Succeeded\"\r\n  },\r\n  \"id\": \"/subscriptions/c9295b92-3574-4021-95a1-26c8f74f8359/resourceGroups/ps1269/providers/Microsoft.Network/networkManagers/ps3671/ipamPools/ps1102/staticCidrs/ps7669\",\r\n  \"systemData\": {\r\n    \"createdBy\": null,\r\n    \"createdByType\": null,\r\n    \"createdAt\": \"2024-10-22T13:38:13.6602263-04:00\",\r\n    \"lastModifiedBy\": null,\r\n    \"lastModifiedByType\": null,\r\n    \"lastModifiedAt\": null\r\n  }\r\n}",
      "StatusCode": 200
    },
    {
      "RequestUri": "/subscriptions/c9295b92-3574-4021-95a1-26c8f74f8359/resourceGroups/ps1269/providers/Microsoft.Network/networkManagers/ps3671/ipamPools/ps1102/staticCidrs/ps7669?api-version=2024-05-01",
      "EncodedRequestUri": "L3N1YnNjcmlwdGlvbnMvYzkyOTViOTItMzU3NC00MDIxLTk1YTEtMjZjOGY3NGY4MzU5L3Jlc291cmNlR3JvdXBzL3BzMTI2OS9wcm92aWRlcnMvTWljcm9zb2Z0Lk5ldHdvcmsvbmV0d29ya01hbmFnZXJzL3BzMzY3MS9pcGFtUG9vbHMvcHMxMTAyL3N0YXRpY0NpZHJzL3BzNzY2OT9hcGktdmVyc2lvbj0yMDI0LTA1LTAx",
      "RequestMethod": "PUT",
      "RequestHeaders": {
        "x-ms-client-request-id": [
          "039d4748-7bf5-4cb0-9e49-527208d518c8"
        ],
        "Accept-Language": [
          "en-US"
        ],
        "User-Agent": [
          "FxVersion/6.0.3524.45918",
          "OSName/Windows",
          "OSVersion/Microsoft.Windows.10.0.26100",
          "Microsoft.Azure.Management.Network.NetworkManagementClient/27.0.0.0"
        ],
        "Content-Type": [
          "application/json; charset=utf-8"
        ],
        "Content-Length": [
          "81"
        ]
      },
      "RequestBody": "{\r\n  \"properties\": {\r\n    \"addressPrefixes\": [\r\n      \"10.0.0.0/8\"\r\n    ]\r\n  }\r\n}",
      "ResponseHeaders": {
        "Cache-Control": [
          "no-cache"
        ],
        "Pragma": [
          "no-cache"
        ],
        "x-ms-ratelimit-remaining-subscription-writes": [
          "799"
        ],
        "mise-correlation-id": [
          "29e61ec2-4717-4eea-853e-b0003927968a"
        ],
        "Strict-Transport-Security": [
          "max-age=31536000; includeSubDomains"
        ],
        "x-ms-ratelimit-remaining-subscription-global-writes": [
          "11999"
        ],
        "x-ms-request-id": [
          "d0e66409-a8aa-4517-8a68-57bd32bcc84b"
        ],
        "x-ms-correlation-request-id": [
          "d0e66409-a8aa-4517-8a68-57bd32bcc84b"
        ],
        "x-ms-routing-request-id": [
          "EASTUS:20241022T173813Z:d0e66409-a8aa-4517-8a68-57bd32bcc84b"
        ],
        "X-Content-Type-Options": [
          "nosniff"
        ],
        "X-Cache": [
          "CONFIG_NOCACHE"
        ],
        "X-MSEdge-Ref": [
          "Ref A: 0B138CAED6374C7297CF95F3CB10BE89 Ref B: MNZ221060609045 Ref C: 2024-10-22T17:38:12Z"
        ],
        "Date": [
          "Tue, 22 Oct 2024 17:38:13 GMT"
        ],
        "Content-Length": [
          "591"
        ],
        "Content-Type": [
          "application/json; charset=utf-8"
        ],
        "Expires": [
          "-1"
        ]
      },
      "ResponseBody": "{\r\n  \"name\": \"ps7669\",\r\n  \"type\": \"Microsoft.Network/networkManagers/ipamPools/staticCidrs\",\r\n  \"properties\": {\r\n    \"description\": \"\",\r\n    \"numberOfIPAddressesToAllocate\": \"\",\r\n    \"addressPrefixes\": [\r\n      \"10.0.0.0/8\"\r\n    ],\r\n    \"totalNumberOfIPAddresses\": \"16777216\",\r\n    \"provisioningState\": \"Succeeded\"\r\n  },\r\n  \"id\": \"/subscriptions/c9295b92-3574-4021-95a1-26c8f74f8359/resourceGroups/ps1269/providers/Microsoft.Network/networkManagers/ps3671/ipamPools/ps1102/staticCidrs/ps7669\",\r\n  \"systemData\": {\r\n    \"createdBy\": null,\r\n    \"createdByType\": null,\r\n    \"createdAt\": \"2024-10-22T13:38:13.6602263-04:00\",\r\n    \"lastModifiedBy\": null,\r\n    \"lastModifiedByType\": null,\r\n    \"lastModifiedAt\": null\r\n  }\r\n}",
      "StatusCode": 200
    },
    {
      "RequestUri": "/subscriptions/c9295b92-3574-4021-95a1-26c8f74f8359/resourceGroups/ps1269/providers/Microsoft.Network/networkManagers/ps3671/ipamPools/ps1102/staticCidrs/ps7669?api-version=2024-05-01",
      "EncodedRequestUri": "L3N1YnNjcmlwdGlvbnMvYzkyOTViOTItMzU3NC00MDIxLTk1YTEtMjZjOGY3NGY4MzU5L3Jlc291cmNlR3JvdXBzL3BzMTI2OS9wcm92aWRlcnMvTWljcm9zb2Z0Lk5ldHdvcmsvbmV0d29ya01hbmFnZXJzL3BzMzY3MS9pcGFtUG9vbHMvcHMxMTAyL3N0YXRpY0NpZHJzL3BzNzY2OT9hcGktdmVyc2lvbj0yMDI0LTA1LTAx",
      "RequestMethod": "DELETE",
      "RequestHeaders": {
        "x-ms-client-request-id": [
          "94a267a6-5976-4f72-bfd8-83ac754c0501"
        ],
        "Accept-Language": [
          "en-US"
        ],
        "User-Agent": [
          "FxVersion/6.0.3524.45918",
          "OSName/Windows",
          "OSVersion/Microsoft.Windows.10.0.26100",
          "Microsoft.Azure.Management.Network.NetworkManagementClient/27.0.0.0"
        ]
      },
      "RequestBody": "",
      "ResponseHeaders": {
        "Cache-Control": [
          "no-cache"
        ],
        "Pragma": [
          "no-cache"
        ],
        "x-ms-ratelimit-remaining-subscription-deletes": [
          "799"
        ],
        "mise-correlation-id": [
          "08da29c2-128c-4604-9269-2928ede0218c"
        ],
        "Strict-Transport-Security": [
          "max-age=31536000; includeSubDomains"
        ],
        "x-ms-ratelimit-remaining-subscription-global-deletes": [
          "11999"
        ],
        "x-ms-request-id": [
          "37c9644b-c224-4718-b490-8672148be12e"
        ],
        "x-ms-correlation-request-id": [
          "37c9644b-c224-4718-b490-8672148be12e"
        ],
        "x-ms-routing-request-id": [
          "EASTUS2:20241022T173818Z:37c9644b-c224-4718-b490-8672148be12e"
        ],
        "X-Content-Type-Options": [
          "nosniff"
        ],
        "X-Cache": [
          "CONFIG_NOCACHE"
        ],
        "X-MSEdge-Ref": [
          "Ref A: 0B76D63E3CB44B7BA5ACD95ABA61953D Ref B: MNZ221060618023 Ref C: 2024-10-22T17:38:15Z"
        ],
        "Date": [
          "Tue, 22 Oct 2024 17:38:17 GMT"
        ],
        "Expires": [
          "-1"
        ]
      },
      "ResponseBody": "",
      "StatusCode": 204
    },
    {
      "RequestUri": "/subscriptions/c9295b92-3574-4021-95a1-26c8f74f8359/resourcegroups/ps1269?api-version=2016-09-01",
      "EncodedRequestUri": "L3N1YnNjcmlwdGlvbnMvYzkyOTViOTItMzU3NC00MDIxLTk1YTEtMjZjOGY3NGY4MzU5L3Jlc291cmNlZ3JvdXBzL3BzMTI2OT9hcGktdmVyc2lvbj0yMDE2LTA5LTAx",
      "RequestMethod": "DELETE",
      "RequestHeaders": {
        "x-ms-client-request-id": [
          "535e8280-3fa2-4b8f-836a-a421480317c2"
        ],
        "Accept-Language": [
          "en-US"
        ],
        "User-Agent": [
          "FxVersion/6.0.3524.45918",
          "OSName/Windows",
          "OSVersion/Microsoft.Windows.10.0.26100",
          "Microsoft.Azure.Management.Internal.Resources.ResourceManagementClient/1.3.101"
        ]
      },
      "RequestBody": "",
      "ResponseHeaders": {
        "Cache-Control": [
          "no-cache"
        ],
        "Pragma": [
          "no-cache"
        ],
        "Location": [
          "https://management.azure.com/subscriptions/c9295b92-3574-4021-95a1-26c8f74f8359/operationresults/eyJqb2JJZCI6IlJFU09VUkNFR1JPVVBERUxFVElPTkpPQi1QUzEyNjktQ0VOVFJBTFVTRVVBUCIsImpvYkxvY2F0aW9uIjoiY2VudHJhbHVzZXVhcCJ9?api-version=2016-09-01&t=638652154992450067&c=MIIHhzCCBm-gAwIBAgITHgVqhF9GOoUjuyqQWAAABWqEXzANBgkqhkiG9w0BAQsFADBEMRMwEQYKCZImiZPyLGQBGRYDR0JMMRMwEQYKCZImiZPyLGQBGRYDQU1FMRgwFgYDVQQDEw9BTUUgSW5mcmEgQ0EgMDYwHhcNMjQwOTIwMjMxMTQxWhcNMjUwMzE5MjMxMTQxWjBAMT4wPAYDVQQDEzVhc3luY29wZXJhdGlvbnNpZ25pbmdjZXJ0aWZpY2F0ZS5tYW5hZ2VtZW50LmF6dXJlLmNvbTCCASIwDQYJKoZIhvcNAQEBBQADggEPADCCAQoCggEBAKRtcYDBXS7zz5tRtvVyhrUAjudYhej1E2D3dp6XWuPdbVMbQZwMlye8vdT-kDhFD7T2mrdWqsoGnTGk0_xOHBfLGnW-0QRUqpeoTNIhu8vc2CfTUtm2t2s_-fzvFtRyhDA4mfCH1cz92EVj0vd3FD4ikW6bdOp1NkYFqUVBhKlbvJk6y-TbLFBLP5Zx4m0Ua-_P7aMzbgvOJgMOTC2jLs5w_lFDJWeP3IKUOiJmrfLpf4ey5Ov94oCE6YncDBSHJZKWcrSxDHgSz9AXrxarL4HLajGbF3MRvfkMN2gNXCoiJXBEqCLDnyQZ0BgXIvuK7vG8Rj0TyhJNj-QPr8taY6UCAwEAAaOCBHQwggRwMCcGCSsGAQQBgjcVCgQaMBgwCgYIKwYBBQUHAwEwCgYIKwYBBQUHAwIwPQYJKwYBBAGCNxUHBDAwLgYmKwYBBAGCNxUIhpDjDYTVtHiE8Ys-hZvdFs6dEoFghfmRS4WsmTQCAWQCAQcwggHLBggrBgEFBQcBAQSCAb0wggG5MGMGCCsGAQUFBzAChldodHRwOi8vY3JsLm1pY3Jvc29mdC5jb20vcGtpaW5mcmEvQ2VydHMvQkwyUEtJSU5UQ0EwMi5BTUUuR0JMX0FNRSUyMEluZnJhJTIwQ0ElMjAwNi5jcnQwUwYIKwYBBQUHMAKGR2h0dHA6Ly9jcmwxLmFtZS5nYmwvYWlhL0JMMlBLSUlOVENBMDIuQU1FLkdCTF9BTUUlMjBJbmZyYSUyMENBJTIwMDYuY3J0MFMGCCsGAQUFBzAChkdodHRwOi8vY3JsMi5hbWUuZ2JsL2FpYS9CTDJQS0lJTlRDQTAyLkFNRS5HQkxfQU1FJTIwSW5mcmElMjBDQSUyMDA2LmNydDBTBggrBgEFBQcwAoZHaHR0cDovL2NybDMuYW1lLmdibC9haWEvQkwyUEtJSU5UQ0EwMi5BTUUuR0JMX0FNRSUyMEluZnJhJTIwQ0ElMjAwNi5jcnQwUwYIKwYBBQUHMAKGR2h0dHA6Ly9jcmw0LmFtZS5nYmwvYWlhL0JMMlBLSUlOVENBMDIuQU1FLkdCTF9BTUUlMjBJbmZyYSUyMENBJTIwMDYuY3J0MB0GA1UdDgQWBBRKlJQpFyyZKSchkTlshetYOUX7xzAOBgNVHQ8BAf8EBAMCBaAwggEmBgNVHR8EggEdMIIBGTCCARWgggERoIIBDYY_aHR0cDovL2NybC5taWNyb3NvZnQuY29tL3BraWluZnJhL0NSTC9BTUUlMjBJbmZyYSUyMENBJTIwMDYuY3JshjFodHRwOi8vY3JsMS5hbWUuZ2JsL2NybC9BTUUlMjBJbmZyYSUyMENBJTIwMDYuY3JshjFodHRwOi8vY3JsMi5hbWUuZ2JsL2NybC9BTUUlMjBJbmZyYSUyMENBJTIwMDYuY3JshjFodHRwOi8vY3JsMy5hbWUuZ2JsL2NybC9BTUUlMjBJbmZyYSUyMENBJTIwMDYuY3JshjFodHRwOi8vY3JsNC5hbWUuZ2JsL2NybC9BTUUlMjBJbmZyYSUyMENBJTIwMDYuY3JsMIGdBgNVHSAEgZUwgZIwDAYKKwYBBAGCN3sBATBmBgorBgEEAYI3ewICMFgwVgYIKwYBBQUHAgIwSh5IADMAMwBlADAAMQA5ADIAMQAtADQAZAA2ADQALQA0AGYAOABjAC0AYQAwADUANQAtADUAYgBkAGEAZgBmAGQANQBlADMAMwBkMAwGCisGAQQBgjd7AwEwDAYKKwYBBAGCN3sEAjAfBgNVHSMEGDAWgBTxRmjG8cPwKy19i2rhsvm-NfzRQTAdBgNVHSUEFjAUBggrBgEFBQcDAQYIKwYBBQUHAwIwDQYJKoZIhvcNAQELBQADggEBAG0WbzLPsmSSMI7aTe2npixmkdCmwcdZHGd43tUnB8JKrLNJEFcBsQmbcIH0adpnQNrDgRkNBBOTZ4s1LIBlRQapZpPsRItAMUguVpGVRH08T0i43w9xrp_clNbAJrrfRbmYroF0WJKMJ0nwW2rPjxdevSRygGK_nEfywwFi-p1RhHnkiEGL4GnP7PpQcRvAYMdH9LO5MRY7iLbBmosKatS_eWtSJD1CvzglNwy_vQzx81Vnk0CgndqXcVq-loGu7R4U7mkQ2NNqLbp447STxkpP-6Mdyv8J4bdnf1s3vFBNpgvJWKogWcNLlo8jnkbEf6RPNGe1W5lma7JwMKAcPzY&s=io5ZwdoUqn_8q6iyLxu9zyScIii_B2jpxJyXF_HhNYISACACY9vR3HjAwG4Ylb9EqEwx_5sD-ed2WUnOH0DuL2Ph5fumkYbod1y6qn88iEEfpiJNCzjJFIMkoNsm14Qa9JfVPa9EltChrx1rR3uIpN7cETlyMtOuCA677AOcjwKvZaIfnBcpGWp3At0TErdUk0LBhoIMBQtioNjM-colB0RQzCo-blxtDsBnDxdZwPLndKZGerhtm2d3QlE0ubSiot7Pgk4cFxtWPpWTAYG5sgECGUSZvd9vYD0iJrqpfpo3fNi0gIEx7ZjDoKfpf9g0m5S0gToaaI43NJ2ZHsUs9A&h=zzcsd4mmTFHlP1eq1DRnEXlCPayjPBPJ12d-3jb84A4"
        ],
        "Retry-After": [
          "15"
        ],
        "x-ms-ratelimit-remaining-subscription-deletes": [
          "799"
        ],
        "x-ms-ratelimit-remaining-subscription-global-deletes": [
          "11999"
        ],
        "x-ms-request-id": [
          "812e2565-e6e5-409b-85e5-45d10ab31f3c"
        ],
        "x-ms-correlation-request-id": [
          "812e2565-e6e5-409b-85e5-45d10ab31f3c"
        ],
        "x-ms-routing-request-id": [
          "EASTUS:20241022T173819Z:812e2565-e6e5-409b-85e5-45d10ab31f3c"
        ],
        "Strict-Transport-Security": [
          "max-age=31536000; includeSubDomains"
        ],
        "X-Content-Type-Options": [
          "nosniff"
        ],
        "X-Cache": [
          "CONFIG_NOCACHE"
        ],
        "X-MSEdge-Ref": [
          "Ref A: 728F6B9F24B2430A846F3A2088AC831A Ref B: MNZ221060610045 Ref C: 2024-10-22T17:38:18Z"
        ],
        "Date": [
          "Tue, 22 Oct 2024 17:38:18 GMT"
        ],
        "Expires": [
          "-1"
        ],
        "Content-Length": [
          "0"
        ]
      },
      "ResponseBody": "",
      "StatusCode": 202
    },
    {
      "RequestUri": "/subscriptions/c9295b92-3574-4021-95a1-26c8f74f8359/operationresults/eyJqb2JJZCI6IlJFU09VUkNFR1JPVVBERUxFVElPTkpPQi1QUzEyNjktQ0VOVFJBTFVTRVVBUCIsImpvYkxvY2F0aW9uIjoiY2VudHJhbHVzZXVhcCJ9?api-version=2016-09-01&t=638652154992450067&c=MIIHhzCCBm-gAwIBAgITHgVqhF9GOoUjuyqQWAAABWqEXzANBgkqhkiG9w0BAQsFADBEMRMwEQYKCZImiZPyLGQBGRYDR0JMMRMwEQYKCZImiZPyLGQBGRYDQU1FMRgwFgYDVQQDEw9BTUUgSW5mcmEgQ0EgMDYwHhcNMjQwOTIwMjMxMTQxWhcNMjUwMzE5MjMxMTQxWjBAMT4wPAYDVQQDEzVhc3luY29wZXJhdGlvbnNpZ25pbmdjZXJ0aWZpY2F0ZS5tYW5hZ2VtZW50LmF6dXJlLmNvbTCCASIwDQYJKoZIhvcNAQEBBQADggEPADCCAQoCggEBAKRtcYDBXS7zz5tRtvVyhrUAjudYhej1E2D3dp6XWuPdbVMbQZwMlye8vdT-kDhFD7T2mrdWqsoGnTGk0_xOHBfLGnW-0QRUqpeoTNIhu8vc2CfTUtm2t2s_-fzvFtRyhDA4mfCH1cz92EVj0vd3FD4ikW6bdOp1NkYFqUVBhKlbvJk6y-TbLFBLP5Zx4m0Ua-_P7aMzbgvOJgMOTC2jLs5w_lFDJWeP3IKUOiJmrfLpf4ey5Ov94oCE6YncDBSHJZKWcrSxDHgSz9AXrxarL4HLajGbF3MRvfkMN2gNXCoiJXBEqCLDnyQZ0BgXIvuK7vG8Rj0TyhJNj-QPr8taY6UCAwEAAaOCBHQwggRwMCcGCSsGAQQBgjcVCgQaMBgwCgYIKwYBBQUHAwEwCgYIKwYBBQUHAwIwPQYJKwYBBAGCNxUHBDAwLgYmKwYBBAGCNxUIhpDjDYTVtHiE8Ys-hZvdFs6dEoFghfmRS4WsmTQCAWQCAQcwggHLBggrBgEFBQcBAQSCAb0wggG5MGMGCCsGAQUFBzAChldodHRwOi8vY3JsLm1pY3Jvc29mdC5jb20vcGtpaW5mcmEvQ2VydHMvQkwyUEtJSU5UQ0EwMi5BTUUuR0JMX0FNRSUyMEluZnJhJTIwQ0ElMjAwNi5jcnQwUwYIKwYBBQUHMAKGR2h0dHA6Ly9jcmwxLmFtZS5nYmwvYWlhL0JMMlBLSUlOVENBMDIuQU1FLkdCTF9BTUUlMjBJbmZyYSUyMENBJTIwMDYuY3J0MFMGCCsGAQUFBzAChkdodHRwOi8vY3JsMi5hbWUuZ2JsL2FpYS9CTDJQS0lJTlRDQTAyLkFNRS5HQkxfQU1FJTIwSW5mcmElMjBDQSUyMDA2LmNydDBTBggrBgEFBQcwAoZHaHR0cDovL2NybDMuYW1lLmdibC9haWEvQkwyUEtJSU5UQ0EwMi5BTUUuR0JMX0FNRSUyMEluZnJhJTIwQ0ElMjAwNi5jcnQwUwYIKwYBBQUHMAKGR2h0dHA6Ly9jcmw0LmFtZS5nYmwvYWlhL0JMMlBLSUlOVENBMDIuQU1FLkdCTF9BTUUlMjBJbmZyYSUyMENBJTIwMDYuY3J0MB0GA1UdDgQWBBRKlJQpFyyZKSchkTlshetYOUX7xzAOBgNVHQ8BAf8EBAMCBaAwggEmBgNVHR8EggEdMIIBGTCCARWgggERoIIBDYY_aHR0cDovL2NybC5taWNyb3NvZnQuY29tL3BraWluZnJhL0NSTC9BTUUlMjBJbmZyYSUyMENBJTIwMDYuY3JshjFodHRwOi8vY3JsMS5hbWUuZ2JsL2NybC9BTUUlMjBJbmZyYSUyMENBJTIwMDYuY3JshjFodHRwOi8vY3JsMi5hbWUuZ2JsL2NybC9BTUUlMjBJbmZyYSUyMENBJTIwMDYuY3JshjFodHRwOi8vY3JsMy5hbWUuZ2JsL2NybC9BTUUlMjBJbmZyYSUyMENBJTIwMDYuY3JshjFodHRwOi8vY3JsNC5hbWUuZ2JsL2NybC9BTUUlMjBJbmZyYSUyMENBJTIwMDYuY3JsMIGdBgNVHSAEgZUwgZIwDAYKKwYBBAGCN3sBATBmBgorBgEEAYI3ewICMFgwVgYIKwYBBQUHAgIwSh5IADMAMwBlADAAMQA5ADIAMQAtADQAZAA2ADQALQA0AGYAOABjAC0AYQAwADUANQAtADUAYgBkAGEAZgBmAGQANQBlADMAMwBkMAwGCisGAQQBgjd7AwEwDAYKKwYBBAGCN3sEAjAfBgNVHSMEGDAWgBTxRmjG8cPwKy19i2rhsvm-NfzRQTAdBgNVHSUEFjAUBggrBgEFBQcDAQYIKwYBBQUHAwIwDQYJKoZIhvcNAQELBQADggEBAG0WbzLPsmSSMI7aTe2npixmkdCmwcdZHGd43tUnB8JKrLNJEFcBsQmbcIH0adpnQNrDgRkNBBOTZ4s1LIBlRQapZpPsRItAMUguVpGVRH08T0i43w9xrp_clNbAJrrfRbmYroF0WJKMJ0nwW2rPjxdevSRygGK_nEfywwFi-p1RhHnkiEGL4GnP7PpQcRvAYMdH9LO5MRY7iLbBmosKatS_eWtSJD1CvzglNwy_vQzx81Vnk0CgndqXcVq-loGu7R4U7mkQ2NNqLbp447STxkpP-6Mdyv8J4bdnf1s3vFBNpgvJWKogWcNLlo8jnkbEf6RPNGe1W5lma7JwMKAcPzY&s=io5ZwdoUqn_8q6iyLxu9zyScIii_B2jpxJyXF_HhNYISACACY9vR3HjAwG4Ylb9EqEwx_5sD-ed2WUnOH0DuL2Ph5fumkYbod1y6qn88iEEfpiJNCzjJFIMkoNsm14Qa9JfVPa9EltChrx1rR3uIpN7cETlyMtOuCA677AOcjwKvZaIfnBcpGWp3At0TErdUk0LBhoIMBQtioNjM-colB0RQzCo-blxtDsBnDxdZwPLndKZGerhtm2d3QlE0ubSiot7Pgk4cFxtWPpWTAYG5sgECGUSZvd9vYD0iJrqpfpo3fNi0gIEx7ZjDoKfpf9g0m5S0gToaaI43NJ2ZHsUs9A&h=zzcsd4mmTFHlP1eq1DRnEXlCPayjPBPJ12d-3jb84A4",
      "EncodedRequestUri": "L3N1YnNjcmlwdGlvbnMvYzkyOTViOTItMzU3NC00MDIxLTk1YTEtMjZjOGY3NGY4MzU5L29wZXJhdGlvbnJlc3VsdHMvZXlKcWIySkpaQ0k2SWxKRlUwOVZVa05GUjFKUFZWQkVSVXhGVkVsUFRrcFBRaTFRVXpFeU5qa3RRMFZPVkZKQlRGVlRSVlZCVUNJc0ltcHZZa3h2WTJGMGFXOXVJam9pWTJWdWRISmhiSFZ6WlhWaGNDSjk/YXBpLXZlcnNpb249MjAxNi0wOS0wMSZ0PTYzODY1MjE1NDk5MjQ1MDA2NyZjPU1JSUhoekNDQm0tZ0F3SUJBZ0lUSGdWcWhGOUdPb1VqdXlxUVdBQUFCV3FFWHpBTkJna3Foa2lHOXcwQkFRc0ZBREJFTVJNd0VRWUtDWkltaVpQeUxHUUJHUllEUjBKTU1STXdFUVlLQ1pJbWlaUHlMR1FCR1JZRFFVMUZNUmd3RmdZRFZRUURFdzlCVFVVZ1NXNW1jbUVnUTBFZ01EWXdIaGNOTWpRd09USXdNak14TVRReFdoY05NalV3TXpFNU1qTXhNVFF4V2pCQU1UNHdQQVlEVlFRREV6VmhjM2x1WTI5d1pYSmhkR2x2Ym5OcFoyNXBibWRqWlhKMGFXWnBZMkYwWlM1dFlXNWhaMlZ0Wlc1MExtRjZkWEpsTG1OdmJUQ0NBU0l3RFFZSktvWklodmNOQVFFQkJRQURnZ0VQQURDQ0FRb0NnZ0VCQUtSdGNZREJYUzd6ejV0UnR2VnloclVBanVkWWhlajFFMkQzZHA2WFd1UGRiVk1iUVp3TWx5ZTh2ZFQta0RoRkQ3VDJtcmRXcXNvR25UR2swX3hPSEJmTEduVy0wUVJVcXBlb1ROSWh1OHZjMkNmVFV0bTJ0MnNfLWZ6dkZ0UnloREE0bWZDSDFjejkyRVZqMHZkM0ZENGlrVzZiZE9wMU5rWUZxVVZCaEtsYnZKazZ5LVRiTEZCTFA1Wng0bTBVYS1fUDdhTXpiZ3ZPSmdNT1RDMmpMczV3X2xGREpXZVAzSUtVT2lKbXJmTHBmNGV5NU92OTRvQ0U2WW5jREJTSEpaS1djclN4REhnU3o5QVhyeGFyTDRITGFqR2JGM01SdmZrTU4yZ05YQ29pSlhCRXFDTERueVFaMEJnWEl2dUs3dkc4UmowVHloSk5qLVFQcjh0YVk2VUNBd0VBQWFPQ0JIUXdnZ1J3TUNjR0NTc0dBUVFCZ2pjVkNnUWFNQmd3Q2dZSUt3WUJCUVVIQXdFd0NnWUlLd1lCQlFVSEF3SXdQUVlKS3dZQkJBR0NOeFVIQkRBd0xnWW1Ld1lCQkFHQ054VUlocERqRFlUVnRIaUU4WXMtaFp2ZEZzNmRFb0ZnaGZtUlM0V3NtVFFDQVdRQ0FRY3dnZ0hMQmdnckJnRUZCUWNCQVFTQ0FiMHdnZ0c1TUdNR0NDc0dBUVVGQnpBQ2hsZG9kSFJ3T2k4dlkzSnNMbTFwWTNKdmMyOW1kQzVqYjIwdmNHdHBhVzVtY21FdlEyVnlkSE12UWt3eVVFdEpTVTVVUTBFd01pNUJUVVV1UjBKTVgwRk5SU1V5TUVsdVpuSmhKVEl3UTBFbE1qQXdOaTVqY25Rd1V3WUlLd1lCQlFVSE1BS0dSMmgwZEhBNkx5OWpjbXd4TG1GdFpTNW5ZbXd2WVdsaEwwSk1NbEJMU1VsT1ZFTkJNREl1UVUxRkxrZENURjlCVFVVbE1qQkpibVp5WVNVeU1FTkJKVEl3TURZdVkzSjBNRk1HQ0NzR0FRVUZCekFDaGtkb2RIUndPaTh2WTNKc01pNWhiV1V1WjJKc0wyRnBZUzlDVERKUVMwbEpUbFJEUVRBeUxrRk5SUzVIUWt4ZlFVMUZKVEl3U1c1bWNtRWxNakJEUVNVeU1EQTJMbU55ZERCVEJnZ3JCZ0VGQlFjd0FvWkhhSFIwY0RvdkwyTnliRE11WVcxbExtZGliQzloYVdFdlFrd3lVRXRKU1U1VVEwRXdNaTVCVFVVdVIwSk1YMEZOUlNVeU1FbHVabkpoSlRJd1EwRWxNakF3Tmk1amNuUXdVd1lJS3dZQkJRVUhNQUtHUjJoMGRIQTZMeTlqY213MExtRnRaUzVuWW13dllXbGhMMEpNTWxCTFNVbE9WRU5CTURJdVFVMUZMa2RDVEY5QlRVVWxNakJKYm1aeVlTVXlNRU5CSlRJd01EWXVZM0owTUIwR0ExVWREZ1FXQkJSS2xKUXBGeXlaS1NjaGtUbHNoZXRZT1VYN3h6QU9CZ05WSFE4QkFmOEVCQU1DQmFBd2dnRW1CZ05WSFI4RWdnRWRNSUlCR1RDQ0FSV2dnZ0VSb0lJQkRZWV9hSFIwY0RvdkwyTnliQzV0YVdOeWIzTnZablF1WTI5dEwzQnJhV2x1Wm5KaEwwTlNUQzlCVFVVbE1qQkpibVp5WVNVeU1FTkJKVEl3TURZdVkzSnNoakZvZEhSd09pOHZZM0pzTVM1aGJXVXVaMkpzTDJOeWJDOUJUVVVsTWpCSmJtWnlZU1V5TUVOQkpUSXdNRFl1WTNKc2hqRm9kSFJ3T2k4dlkzSnNNaTVoYldVdVoySnNMMk55YkM5QlRVVWxNakJKYm1aeVlTVXlNRU5CSlRJd01EWXVZM0pzaGpGb2RIUndPaTh2WTNKc015NWhiV1V1WjJKc0wyTnliQzlCVFVVbE1qQkpibVp5WVNVeU1FTkJKVEl3TURZdVkzSnNoakZvZEhSd09pOHZZM0pzTkM1aGJXVXVaMkpzTDJOeWJDOUJUVVVsTWpCSmJtWnlZU1V5TUVOQkpUSXdNRFl1WTNKc01JR2RCZ05WSFNBRWdaVXdnWkl3REFZS0t3WUJCQUdDTjNzQkFUQm1CZ29yQmdFRUFZSTNld0lDTUZnd1ZnWUlLd1lCQlFVSEFnSXdTaDVJQURNQU13QmxBREFBTVFBNUFESUFNUUF0QURRQVpBQTJBRFFBTFFBMEFHWUFPQUJqQUMwQVlRQXdBRFVBTlFBdEFEVUFZZ0JrQUdFQVpnQm1BR1FBTlFCbEFETUFNd0JrTUF3R0Npc0dBUVFCZ2pkN0F3RXdEQVlLS3dZQkJBR0NOM3NFQWpBZkJnTlZIU01FR0RBV2dCVHhSbWpHOGNQd0t5MTlpMnJoc3ZtLU5melJRVEFkQmdOVkhTVUVGakFVQmdnckJnRUZCUWNEQVFZSUt3WUJCUVVIQXdJd0RRWUpLb1pJaHZjTkFRRUxCUUFEZ2dFQkFHMFdiekxQc21TU01JN2FUZTJucGl4bWtkQ213Y2RaSEdkNDN0VW5COEpLckxOSkVGY0JzUW1iY0lIMGFkcG5RTnJEZ1JrTkJCT1RaNHMxTElCbFJRYXBacFBzUkl0QU1VZ3VWcEdWUkgwOFQwaTQzdzl4cnBfY2xOYkFKcnJmUmJtWXJvRjBXSktNSjBud1cyclBqeGRldlNSeWdHS19uRWZ5d3dGaS1wMVJoSG5raUVHTDRHblA3UHBRY1J2QVlNZEg5TE81TVJZN2lMYkJtb3NLYXRTX2VXdFNKRDFDdnpnbE53eV92UXp4ODFWbmswQ2duZHFYY1ZxLWxvR3U3UjRVN21rUTJOTnFMYnA0NDdTVHhrcFAtNk1keXY4SjRiZG5mMXMzdkZCTnBndkpXS29nV2NOTGxvOGpua2JFZjZSUE5HZTFXNWxtYTdKd01LQWNQelkmcz1pbzVad2RvVXFuXzhxNml5THh1OXp5U2NJaWlfQjJqcHhKeVhGX0hoTllJU0FDQUNZOXZSM0hqQXdHNFlsYjlFcUV3eF81c0QtZWQyV1VuT0gwRHVMMlBoNWZ1bWtZYm9kMXk2cW44OGlFRWZwaUpOQ3pqSkZJTWtvTnNtMTRRYTlKZlZQYTlFbHRDaHJ4MXJSM3VJcE43Y0VUbHlNdE91Q0E2NzdBT2Nqd0t2WmFJZm5CY3BHV3AzQXQwVEVyZFVrMExCaG9JTUJRdGlvTmpNLWNvbEIwUlF6Q28tYmx4dERzQm5EeGRad1BMbmRLWkdlcmh0bTJkM1FsRTB1YlNpb3Q3UGdrNGNGeHRXUHBXVEFZRzVzZ0VDR1VTWnZkOXZZRDBpSnJxcGZwbzNmTmkwZ0lFeDdaakRvS2ZwZjlnMG01UzBnVG9hYUk0M05KMlpIc1VzOUEmaD16emNzZDRtbVRGSGxQMWVxMURSbkVYbENQYXlqUEJQSjEyZC0zamI4NEE0",
      "RequestMethod": "GET",
      "RequestHeaders": {
        "User-Agent": [
          "FxVersion/6.0.3524.45918",
          "OSName/Windows",
          "OSVersion/Microsoft.Windows.10.0.26100",
          "Microsoft.Azure.Management.Internal.Resources.ResourceManagementClient/1.3.101"
        ]
      },
      "RequestBody": "",
      "ResponseHeaders": {
        "Cache-Control": [
          "no-cache"
        ],
        "Pragma": [
          "no-cache"
        ],
        "Location": [
          "https://management.azure.com/subscriptions/c9295b92-3574-4021-95a1-26c8f74f8359/operationresults/eyJqb2JJZCI6IlJFU09VUkNFR1JPVVBERUxFVElPTkpPQi1QUzEyNjktQ0VOVFJBTFVTRVVBUCIsImpvYkxvY2F0aW9uIjoiY2VudHJhbHVzZXVhcCJ9?api-version=2016-09-01&t=638652155145544170&c=MIIHhzCCBm-gAwIBAgITHgVqhF9GOoUjuyqQWAAABWqEXzANBgkqhkiG9w0BAQsFADBEMRMwEQYKCZImiZPyLGQBGRYDR0JMMRMwEQYKCZImiZPyLGQBGRYDQU1FMRgwFgYDVQQDEw9BTUUgSW5mcmEgQ0EgMDYwHhcNMjQwOTIwMjMxMTQxWhcNMjUwMzE5MjMxMTQxWjBAMT4wPAYDVQQDEzVhc3luY29wZXJhdGlvbnNpZ25pbmdjZXJ0aWZpY2F0ZS5tYW5hZ2VtZW50LmF6dXJlLmNvbTCCASIwDQYJKoZIhvcNAQEBBQADggEPADCCAQoCggEBAKRtcYDBXS7zz5tRtvVyhrUAjudYhej1E2D3dp6XWuPdbVMbQZwMlye8vdT-kDhFD7T2mrdWqsoGnTGk0_xOHBfLGnW-0QRUqpeoTNIhu8vc2CfTUtm2t2s_-fzvFtRyhDA4mfCH1cz92EVj0vd3FD4ikW6bdOp1NkYFqUVBhKlbvJk6y-TbLFBLP5Zx4m0Ua-_P7aMzbgvOJgMOTC2jLs5w_lFDJWeP3IKUOiJmrfLpf4ey5Ov94oCE6YncDBSHJZKWcrSxDHgSz9AXrxarL4HLajGbF3MRvfkMN2gNXCoiJXBEqCLDnyQZ0BgXIvuK7vG8Rj0TyhJNj-QPr8taY6UCAwEAAaOCBHQwggRwMCcGCSsGAQQBgjcVCgQaMBgwCgYIKwYBBQUHAwEwCgYIKwYBBQUHAwIwPQYJKwYBBAGCNxUHBDAwLgYmKwYBBAGCNxUIhpDjDYTVtHiE8Ys-hZvdFs6dEoFghfmRS4WsmTQCAWQCAQcwggHLBggrBgEFBQcBAQSCAb0wggG5MGMGCCsGAQUFBzAChldodHRwOi8vY3JsLm1pY3Jvc29mdC5jb20vcGtpaW5mcmEvQ2VydHMvQkwyUEtJSU5UQ0EwMi5BTUUuR0JMX0FNRSUyMEluZnJhJTIwQ0ElMjAwNi5jcnQwUwYIKwYBBQUHMAKGR2h0dHA6Ly9jcmwxLmFtZS5nYmwvYWlhL0JMMlBLSUlOVENBMDIuQU1FLkdCTF9BTUUlMjBJbmZyYSUyMENBJTIwMDYuY3J0MFMGCCsGAQUFBzAChkdodHRwOi8vY3JsMi5hbWUuZ2JsL2FpYS9CTDJQS0lJTlRDQTAyLkFNRS5HQkxfQU1FJTIwSW5mcmElMjBDQSUyMDA2LmNydDBTBggrBgEFBQcwAoZHaHR0cDovL2NybDMuYW1lLmdibC9haWEvQkwyUEtJSU5UQ0EwMi5BTUUuR0JMX0FNRSUyMEluZnJhJTIwQ0ElMjAwNi5jcnQwUwYIKwYBBQUHMAKGR2h0dHA6Ly9jcmw0LmFtZS5nYmwvYWlhL0JMMlBLSUlOVENBMDIuQU1FLkdCTF9BTUUlMjBJbmZyYSUyMENBJTIwMDYuY3J0MB0GA1UdDgQWBBRKlJQpFyyZKSchkTlshetYOUX7xzAOBgNVHQ8BAf8EBAMCBaAwggEmBgNVHR8EggEdMIIBGTCCARWgggERoIIBDYY_aHR0cDovL2NybC5taWNyb3NvZnQuY29tL3BraWluZnJhL0NSTC9BTUUlMjBJbmZyYSUyMENBJTIwMDYuY3JshjFodHRwOi8vY3JsMS5hbWUuZ2JsL2NybC9BTUUlMjBJbmZyYSUyMENBJTIwMDYuY3JshjFodHRwOi8vY3JsMi5hbWUuZ2JsL2NybC9BTUUlMjBJbmZyYSUyMENBJTIwMDYuY3JshjFodHRwOi8vY3JsMy5hbWUuZ2JsL2NybC9BTUUlMjBJbmZyYSUyMENBJTIwMDYuY3JshjFodHRwOi8vY3JsNC5hbWUuZ2JsL2NybC9BTUUlMjBJbmZyYSUyMENBJTIwMDYuY3JsMIGdBgNVHSAEgZUwgZIwDAYKKwYBBAGCN3sBATBmBgorBgEEAYI3ewICMFgwVgYIKwYBBQUHAgIwSh5IADMAMwBlADAAMQA5ADIAMQAtADQAZAA2ADQALQA0AGYAOABjAC0AYQAwADUANQAtADUAYgBkAGEAZgBmAGQANQBlADMAMwBkMAwGCisGAQQBgjd7AwEwDAYKKwYBBAGCN3sEAjAfBgNVHSMEGDAWgBTxRmjG8cPwKy19i2rhsvm-NfzRQTAdBgNVHSUEFjAUBggrBgEFBQcDAQYIKwYBBQUHAwIwDQYJKoZIhvcNAQELBQADggEBAG0WbzLPsmSSMI7aTe2npixmkdCmwcdZHGd43tUnB8JKrLNJEFcBsQmbcIH0adpnQNrDgRkNBBOTZ4s1LIBlRQapZpPsRItAMUguVpGVRH08T0i43w9xrp_clNbAJrrfRbmYroF0WJKMJ0nwW2rPjxdevSRygGK_nEfywwFi-p1RhHnkiEGL4GnP7PpQcRvAYMdH9LO5MRY7iLbBmosKatS_eWtSJD1CvzglNwy_vQzx81Vnk0CgndqXcVq-loGu7R4U7mkQ2NNqLbp447STxkpP-6Mdyv8J4bdnf1s3vFBNpgvJWKogWcNLlo8jnkbEf6RPNGe1W5lma7JwMKAcPzY&s=n_IG8uzRxoMHK9kRNkc3mqLLlghiyRq0a9uLE6G1CWyV7vCJxFAeRAS7KfzQ20U6Pgm3TxWRwRFs5GczabFL7pwaEtsr6ShWoQ3gOrrVwFMPyQ8Yn-KUjINyne69DeM72w8UtwsdNsof0rCNYvlFIawbV75xbeAbrHWgnXClJGsrJhJ-n804jcZfkG1uV7kmezHmkLq_2-BO9i61G-BBb73zAS-SgUrOTmbQj5gMfDEBktLRQPcSTWgmGVwwgLxup-wOct-fmjTOTEVSYMMCW0djyt_cjPjFlyPwE-jT3hXz5xGUrwYEXKiPecj-8Zj2bRSNq51aLwa8NJHyIMFPew&h=NL0eWfPglXgyogIqnb6pCsQz0z11f-m9AIAe4oBf0-M"
        ],
        "Retry-After": [
          "15"
        ],
        "x-ms-ratelimit-remaining-subscription-reads": [
          "1099"
        ],
        "x-ms-ratelimit-remaining-subscription-global-reads": [
          "16499"
        ],
        "x-ms-request-id": [
          "ba271299-c49a-4a76-8e3a-8d5c7514a8b7"
        ],
        "x-ms-correlation-request-id": [
          "ba271299-c49a-4a76-8e3a-8d5c7514a8b7"
        ],
        "x-ms-routing-request-id": [
          "EASTUS:20241022T173834Z:ba271299-c49a-4a76-8e3a-8d5c7514a8b7"
        ],
        "Strict-Transport-Security": [
          "max-age=31536000; includeSubDomains"
        ],
        "X-Content-Type-Options": [
          "nosniff"
        ],
        "X-Cache": [
          "CONFIG_NOCACHE"
        ],
        "X-MSEdge-Ref": [
          "Ref A: B93D6ACF4CDB4D91B94E8E655D5EE0BC Ref B: MNZ221060610045 Ref C: 2024-10-22T17:38:34Z"
        ],
        "Date": [
          "Tue, 22 Oct 2024 17:38:34 GMT"
        ],
        "Expires": [
          "-1"
        ],
        "Content-Length": [
          "0"
        ]
      },
      "ResponseBody": "",
      "StatusCode": 202
    },
    {
      "RequestUri": "/subscriptions/c9295b92-3574-4021-95a1-26c8f74f8359/operationresults/eyJqb2JJZCI6IlJFU09VUkNFR1JPVVBERUxFVElPTkpPQi1QUzEyNjktQ0VOVFJBTFVTRVVBUCIsImpvYkxvY2F0aW9uIjoiY2VudHJhbHVzZXVhcCJ9?api-version=2016-09-01&t=638652155145544170&c=MIIHhzCCBm-gAwIBAgITHgVqhF9GOoUjuyqQWAAABWqEXzANBgkqhkiG9w0BAQsFADBEMRMwEQYKCZImiZPyLGQBGRYDR0JMMRMwEQYKCZImiZPyLGQBGRYDQU1FMRgwFgYDVQQDEw9BTUUgSW5mcmEgQ0EgMDYwHhcNMjQwOTIwMjMxMTQxWhcNMjUwMzE5MjMxMTQxWjBAMT4wPAYDVQQDEzVhc3luY29wZXJhdGlvbnNpZ25pbmdjZXJ0aWZpY2F0ZS5tYW5hZ2VtZW50LmF6dXJlLmNvbTCCASIwDQYJKoZIhvcNAQEBBQADggEPADCCAQoCggEBAKRtcYDBXS7zz5tRtvVyhrUAjudYhej1E2D3dp6XWuPdbVMbQZwMlye8vdT-kDhFD7T2mrdWqsoGnTGk0_xOHBfLGnW-0QRUqpeoTNIhu8vc2CfTUtm2t2s_-fzvFtRyhDA4mfCH1cz92EVj0vd3FD4ikW6bdOp1NkYFqUVBhKlbvJk6y-TbLFBLP5Zx4m0Ua-_P7aMzbgvOJgMOTC2jLs5w_lFDJWeP3IKUOiJmrfLpf4ey5Ov94oCE6YncDBSHJZKWcrSxDHgSz9AXrxarL4HLajGbF3MRvfkMN2gNXCoiJXBEqCLDnyQZ0BgXIvuK7vG8Rj0TyhJNj-QPr8taY6UCAwEAAaOCBHQwggRwMCcGCSsGAQQBgjcVCgQaMBgwCgYIKwYBBQUHAwEwCgYIKwYBBQUHAwIwPQYJKwYBBAGCNxUHBDAwLgYmKwYBBAGCNxUIhpDjDYTVtHiE8Ys-hZvdFs6dEoFghfmRS4WsmTQCAWQCAQcwggHLBggrBgEFBQcBAQSCAb0wggG5MGMGCCsGAQUFBzAChldodHRwOi8vY3JsLm1pY3Jvc29mdC5jb20vcGtpaW5mcmEvQ2VydHMvQkwyUEtJSU5UQ0EwMi5BTUUuR0JMX0FNRSUyMEluZnJhJTIwQ0ElMjAwNi5jcnQwUwYIKwYBBQUHMAKGR2h0dHA6Ly9jcmwxLmFtZS5nYmwvYWlhL0JMMlBLSUlOVENBMDIuQU1FLkdCTF9BTUUlMjBJbmZyYSUyMENBJTIwMDYuY3J0MFMGCCsGAQUFBzAChkdodHRwOi8vY3JsMi5hbWUuZ2JsL2FpYS9CTDJQS0lJTlRDQTAyLkFNRS5HQkxfQU1FJTIwSW5mcmElMjBDQSUyMDA2LmNydDBTBggrBgEFBQcwAoZHaHR0cDovL2NybDMuYW1lLmdibC9haWEvQkwyUEtJSU5UQ0EwMi5BTUUuR0JMX0FNRSUyMEluZnJhJTIwQ0ElMjAwNi5jcnQwUwYIKwYBBQUHMAKGR2h0dHA6Ly9jcmw0LmFtZS5nYmwvYWlhL0JMMlBLSUlOVENBMDIuQU1FLkdCTF9BTUUlMjBJbmZyYSUyMENBJTIwMDYuY3J0MB0GA1UdDgQWBBRKlJQpFyyZKSchkTlshetYOUX7xzAOBgNVHQ8BAf8EBAMCBaAwggEmBgNVHR8EggEdMIIBGTCCARWgggERoIIBDYY_aHR0cDovL2NybC5taWNyb3NvZnQuY29tL3BraWluZnJhL0NSTC9BTUUlMjBJbmZyYSUyMENBJTIwMDYuY3JshjFodHRwOi8vY3JsMS5hbWUuZ2JsL2NybC9BTUUlMjBJbmZyYSUyMENBJTIwMDYuY3JshjFodHRwOi8vY3JsMi5hbWUuZ2JsL2NybC9BTUUlMjBJbmZyYSUyMENBJTIwMDYuY3JshjFodHRwOi8vY3JsMy5hbWUuZ2JsL2NybC9BTUUlMjBJbmZyYSUyMENBJTIwMDYuY3JshjFodHRwOi8vY3JsNC5hbWUuZ2JsL2NybC9BTUUlMjBJbmZyYSUyMENBJTIwMDYuY3JsMIGdBgNVHSAEgZUwgZIwDAYKKwYBBAGCN3sBATBmBgorBgEEAYI3ewICMFgwVgYIKwYBBQUHAgIwSh5IADMAMwBlADAAMQA5ADIAMQAtADQAZAA2ADQALQA0AGYAOABjAC0AYQAwADUANQAtADUAYgBkAGEAZgBmAGQANQBlADMAMwBkMAwGCisGAQQBgjd7AwEwDAYKKwYBBAGCN3sEAjAfBgNVHSMEGDAWgBTxRmjG8cPwKy19i2rhsvm-NfzRQTAdBgNVHSUEFjAUBggrBgEFBQcDAQYIKwYBBQUHAwIwDQYJKoZIhvcNAQELBQADggEBAG0WbzLPsmSSMI7aTe2npixmkdCmwcdZHGd43tUnB8JKrLNJEFcBsQmbcIH0adpnQNrDgRkNBBOTZ4s1LIBlRQapZpPsRItAMUguVpGVRH08T0i43w9xrp_clNbAJrrfRbmYroF0WJKMJ0nwW2rPjxdevSRygGK_nEfywwFi-p1RhHnkiEGL4GnP7PpQcRvAYMdH9LO5MRY7iLbBmosKatS_eWtSJD1CvzglNwy_vQzx81Vnk0CgndqXcVq-loGu7R4U7mkQ2NNqLbp447STxkpP-6Mdyv8J4bdnf1s3vFBNpgvJWKogWcNLlo8jnkbEf6RPNGe1W5lma7JwMKAcPzY&s=n_IG8uzRxoMHK9kRNkc3mqLLlghiyRq0a9uLE6G1CWyV7vCJxFAeRAS7KfzQ20U6Pgm3TxWRwRFs5GczabFL7pwaEtsr6ShWoQ3gOrrVwFMPyQ8Yn-KUjINyne69DeM72w8UtwsdNsof0rCNYvlFIawbV75xbeAbrHWgnXClJGsrJhJ-n804jcZfkG1uV7kmezHmkLq_2-BO9i61G-BBb73zAS-SgUrOTmbQj5gMfDEBktLRQPcSTWgmGVwwgLxup-wOct-fmjTOTEVSYMMCW0djyt_cjPjFlyPwE-jT3hXz5xGUrwYEXKiPecj-8Zj2bRSNq51aLwa8NJHyIMFPew&h=NL0eWfPglXgyogIqnb6pCsQz0z11f-m9AIAe4oBf0-M",
      "EncodedRequestUri": "L3N1YnNjcmlwdGlvbnMvYzkyOTViOTItMzU3NC00MDIxLTk1YTEtMjZjOGY3NGY4MzU5L29wZXJhdGlvbnJlc3VsdHMvZXlKcWIySkpaQ0k2SWxKRlUwOVZVa05GUjFKUFZWQkVSVXhGVkVsUFRrcFBRaTFRVXpFeU5qa3RRMFZPVkZKQlRGVlRSVlZCVUNJc0ltcHZZa3h2WTJGMGFXOXVJam9pWTJWdWRISmhiSFZ6WlhWaGNDSjk/YXBpLXZlcnNpb249MjAxNi0wOS0wMSZ0PTYzODY1MjE1NTE0NTU0NDE3MCZjPU1JSUhoekNDQm0tZ0F3SUJBZ0lUSGdWcWhGOUdPb1VqdXlxUVdBQUFCV3FFWHpBTkJna3Foa2lHOXcwQkFRc0ZBREJFTVJNd0VRWUtDWkltaVpQeUxHUUJHUllEUjBKTU1STXdFUVlLQ1pJbWlaUHlMR1FCR1JZRFFVMUZNUmd3RmdZRFZRUURFdzlCVFVVZ1NXNW1jbUVnUTBFZ01EWXdIaGNOTWpRd09USXdNak14TVRReFdoY05NalV3TXpFNU1qTXhNVFF4V2pCQU1UNHdQQVlEVlFRREV6VmhjM2x1WTI5d1pYSmhkR2x2Ym5OcFoyNXBibWRqWlhKMGFXWnBZMkYwWlM1dFlXNWhaMlZ0Wlc1MExtRjZkWEpsTG1OdmJUQ0NBU0l3RFFZSktvWklodmNOQVFFQkJRQURnZ0VQQURDQ0FRb0NnZ0VCQUtSdGNZREJYUzd6ejV0UnR2VnloclVBanVkWWhlajFFMkQzZHA2WFd1UGRiVk1iUVp3TWx5ZTh2ZFQta0RoRkQ3VDJtcmRXcXNvR25UR2swX3hPSEJmTEduVy0wUVJVcXBlb1ROSWh1OHZjMkNmVFV0bTJ0MnNfLWZ6dkZ0UnloREE0bWZDSDFjejkyRVZqMHZkM0ZENGlrVzZiZE9wMU5rWUZxVVZCaEtsYnZKazZ5LVRiTEZCTFA1Wng0bTBVYS1fUDdhTXpiZ3ZPSmdNT1RDMmpMczV3X2xGREpXZVAzSUtVT2lKbXJmTHBmNGV5NU92OTRvQ0U2WW5jREJTSEpaS1djclN4REhnU3o5QVhyeGFyTDRITGFqR2JGM01SdmZrTU4yZ05YQ29pSlhCRXFDTERueVFaMEJnWEl2dUs3dkc4UmowVHloSk5qLVFQcjh0YVk2VUNBd0VBQWFPQ0JIUXdnZ1J3TUNjR0NTc0dBUVFCZ2pjVkNnUWFNQmd3Q2dZSUt3WUJCUVVIQXdFd0NnWUlLd1lCQlFVSEF3SXdQUVlKS3dZQkJBR0NOeFVIQkRBd0xnWW1Ld1lCQkFHQ054VUlocERqRFlUVnRIaUU4WXMtaFp2ZEZzNmRFb0ZnaGZtUlM0V3NtVFFDQVdRQ0FRY3dnZ0hMQmdnckJnRUZCUWNCQVFTQ0FiMHdnZ0c1TUdNR0NDc0dBUVVGQnpBQ2hsZG9kSFJ3T2k4dlkzSnNMbTFwWTNKdmMyOW1kQzVqYjIwdmNHdHBhVzVtY21FdlEyVnlkSE12UWt3eVVFdEpTVTVVUTBFd01pNUJUVVV1UjBKTVgwRk5SU1V5TUVsdVpuSmhKVEl3UTBFbE1qQXdOaTVqY25Rd1V3WUlLd1lCQlFVSE1BS0dSMmgwZEhBNkx5OWpjbXd4TG1GdFpTNW5ZbXd2WVdsaEwwSk1NbEJMU1VsT1ZFTkJNREl1UVUxRkxrZENURjlCVFVVbE1qQkpibVp5WVNVeU1FTkJKVEl3TURZdVkzSjBNRk1HQ0NzR0FRVUZCekFDaGtkb2RIUndPaTh2WTNKc01pNWhiV1V1WjJKc0wyRnBZUzlDVERKUVMwbEpUbFJEUVRBeUxrRk5SUzVIUWt4ZlFVMUZKVEl3U1c1bWNtRWxNakJEUVNVeU1EQTJMbU55ZERCVEJnZ3JCZ0VGQlFjd0FvWkhhSFIwY0RvdkwyTnliRE11WVcxbExtZGliQzloYVdFdlFrd3lVRXRKU1U1VVEwRXdNaTVCVFVVdVIwSk1YMEZOUlNVeU1FbHVabkpoSlRJd1EwRWxNakF3Tmk1amNuUXdVd1lJS3dZQkJRVUhNQUtHUjJoMGRIQTZMeTlqY213MExtRnRaUzVuWW13dllXbGhMMEpNTWxCTFNVbE9WRU5CTURJdVFVMUZMa2RDVEY5QlRVVWxNakJKYm1aeVlTVXlNRU5CSlRJd01EWXVZM0owTUIwR0ExVWREZ1FXQkJSS2xKUXBGeXlaS1NjaGtUbHNoZXRZT1VYN3h6QU9CZ05WSFE4QkFmOEVCQU1DQmFBd2dnRW1CZ05WSFI4RWdnRWRNSUlCR1RDQ0FSV2dnZ0VSb0lJQkRZWV9hSFIwY0RvdkwyTnliQzV0YVdOeWIzTnZablF1WTI5dEwzQnJhV2x1Wm5KaEwwTlNUQzlCVFVVbE1qQkpibVp5WVNVeU1FTkJKVEl3TURZdVkzSnNoakZvZEhSd09pOHZZM0pzTVM1aGJXVXVaMkpzTDJOeWJDOUJUVVVsTWpCSmJtWnlZU1V5TUVOQkpUSXdNRFl1WTNKc2hqRm9kSFJ3T2k4dlkzSnNNaTVoYldVdVoySnNMMk55YkM5QlRVVWxNakJKYm1aeVlTVXlNRU5CSlRJd01EWXVZM0pzaGpGb2RIUndPaTh2WTNKc015NWhiV1V1WjJKc0wyTnliQzlCVFVVbE1qQkpibVp5WVNVeU1FTkJKVEl3TURZdVkzSnNoakZvZEhSd09pOHZZM0pzTkM1aGJXVXVaMkpzTDJOeWJDOUJUVVVsTWpCSmJtWnlZU1V5TUVOQkpUSXdNRFl1WTNKc01JR2RCZ05WSFNBRWdaVXdnWkl3REFZS0t3WUJCQUdDTjNzQkFUQm1CZ29yQmdFRUFZSTNld0lDTUZnd1ZnWUlLd1lCQlFVSEFnSXdTaDVJQURNQU13QmxBREFBTVFBNUFESUFNUUF0QURRQVpBQTJBRFFBTFFBMEFHWUFPQUJqQUMwQVlRQXdBRFVBTlFBdEFEVUFZZ0JrQUdFQVpnQm1BR1FBTlFCbEFETUFNd0JrTUF3R0Npc0dBUVFCZ2pkN0F3RXdEQVlLS3dZQkJBR0NOM3NFQWpBZkJnTlZIU01FR0RBV2dCVHhSbWpHOGNQd0t5MTlpMnJoc3ZtLU5melJRVEFkQmdOVkhTVUVGakFVQmdnckJnRUZCUWNEQVFZSUt3WUJCUVVIQXdJd0RRWUpLb1pJaHZjTkFRRUxCUUFEZ2dFQkFHMFdiekxQc21TU01JN2FUZTJucGl4bWtkQ213Y2RaSEdkNDN0VW5COEpLckxOSkVGY0JzUW1iY0lIMGFkcG5RTnJEZ1JrTkJCT1RaNHMxTElCbFJRYXBacFBzUkl0QU1VZ3VWcEdWUkgwOFQwaTQzdzl4cnBfY2xOYkFKcnJmUmJtWXJvRjBXSktNSjBud1cyclBqeGRldlNSeWdHS19uRWZ5d3dGaS1wMVJoSG5raUVHTDRHblA3UHBRY1J2QVlNZEg5TE81TVJZN2lMYkJtb3NLYXRTX2VXdFNKRDFDdnpnbE53eV92UXp4ODFWbmswQ2duZHFYY1ZxLWxvR3U3UjRVN21rUTJOTnFMYnA0NDdTVHhrcFAtNk1keXY4SjRiZG5mMXMzdkZCTnBndkpXS29nV2NOTGxvOGpua2JFZjZSUE5HZTFXNWxtYTdKd01LQWNQelkmcz1uX0lHOHV6UnhvTUhLOWtSTmtjM21xTExsZ2hpeVJxMGE5dUxFNkcxQ1d5Vjd2Q0p4RkFlUkFTN0tmelEyMFU2UGdtM1R4V1J3UkZzNUdjemFiRkw3cHdhRXRzcjZTaFdvUTNnT3JyVndGTVB5UThZbi1LVWpJTnluZTY5RGVNNzJ3OFV0d3NkTnNvZjByQ05ZdmxGSWF3YlY3NXhiZUFickhXZ25YQ2xKR3NySmhKLW44MDRqY1pma0cxdVY3a21lekhta0xxXzItQk85aTYxRy1CQmI3M3pBUy1TZ1VyT1RtYlFqNWdNZkRFQmt0TFJRUGNTVFdnbUdWd3dnTHh1cC13T2N0LWZtalRPVEVWU1lNTUNXMGRqeXRfY2pQakZseVB3RS1qVDNoWHo1eEdVcndZRVhLaVBlY2otOFpqMmJSU05xNTFhTHdhOE5KSHlJTUZQZXcmaD1OTDBlV2ZQZ2xYZ3lvZ0lxbmI2cENzUXowejExZi1tOUFJQWU0b0JmMC1N",
      "RequestMethod": "GET",
      "RequestHeaders": {
        "User-Agent": [
          "FxVersion/6.0.3524.45918",
          "OSName/Windows",
          "OSVersion/Microsoft.Windows.10.0.26100",
          "Microsoft.Azure.Management.Internal.Resources.ResourceManagementClient/1.3.101"
        ]
      },
      "RequestBody": "",
      "ResponseHeaders": {
        "Cache-Control": [
          "no-cache"
        ],
        "Pragma": [
          "no-cache"
        ],
        "Location": [
          "https://management.azure.com/subscriptions/c9295b92-3574-4021-95a1-26c8f74f8359/operationresults/eyJqb2JJZCI6IlJFU09VUkNFR1JPVVBERUxFVElPTkpPQi1QUzEyNjktQ0VOVFJBTFVTRVVBUCIsImpvYkxvY2F0aW9uIjoiY2VudHJhbHVzZXVhcCJ9?api-version=2016-09-01&t=638652155298351367&c=MIIHpTCCBo2gAwIBAgITOgOyui871wRtge60rAAEA7K6LzANBgkqhkiG9w0BAQsFADBEMRMwEQYKCZImiZPyLGQBGRYDR0JMMRMwEQYKCZImiZPyLGQBGRYDQU1FMRgwFgYDVQQDEw9BTUUgSU5GUkEgQ0EgMDEwHhcNMjQwOTIyMTIyOTEzWhcNMjUwMzIxMTIyOTEzWjBAMT4wPAYDVQQDEzVhc3luY29wZXJhdGlvbnNpZ25pbmdjZXJ0aWZpY2F0ZS5tYW5hZ2VtZW50LmF6dXJlLmNvbTCCASIwDQYJKoZIhvcNAQEBBQADggEPADCCAQoCggEBALthCEIs4vwfpBtc8a6akzk9FNp-luTjsKhTETKForQzaFdF5S6PDjwZJVAOcVWePFAecP08Qp1FzfiX_Cl9StTirn6FO-MjJbWSG2THMvz756N87v6UNTXfNr29-Y-iFxGXE0LRwZ39GG4hV9nUekLb8OlN6VC48-A54O0iJybH12xGD4eKLbn4ilMqeYCyiivgk_AAxCvO75VjkDUu1PztXTqXfeLvWxaeqT1RTux_k8SPeFde5JPpWGKFNih2uv3JG5KjyszNBV6b2MaWQRiNYIiPo9N_DvTiv2r7BWNvocSISt9wLymfNp0mmAvGajmSbXqs2iphrYgHuVIhOskCAwEAAaOCBJIwggSOMCcGCSsGAQQBgjcVCgQaMBgwCgYIKwYBBQUHAwEwCgYIKwYBBQUHAwIwPQYJKwYBBAGCNxUHBDAwLgYmKwYBBAGCNxUIhpDjDYTVtHiE8Ys-hZvdFs6dEoFghfmRS4WsmTQCAWQCAQcwggHaBggrBgEFBQcBAQSCAcwwggHIMGYGCCsGAQUFBzAChlpodHRwOi8vY3JsLm1pY3Jvc29mdC5jb20vcGtpaW5mcmEvQ2VydHMvQlkyUEtJSU5UQ0EwMS5BTUUuR0JMX0FNRSUyMElORlJBJTIwQ0ElMjAwMSg0KS5jcnQwVgYIKwYBBQUHMAKGSmh0dHA6Ly9jcmwxLmFtZS5nYmwvYWlhL0JZMlBLSUlOVENBMDEuQU1FLkdCTF9BTUUlMjBJTkZSQSUyMENBJTIwMDEoNCkuY3J0MFYGCCsGAQUFBzAChkpodHRwOi8vY3JsMi5hbWUuZ2JsL2FpYS9CWTJQS0lJTlRDQTAxLkFNRS5HQkxfQU1FJTIwSU5GUkElMjBDQSUyMDAxKDQpLmNydDBWBggrBgEFBQcwAoZKaHR0cDovL2NybDMuYW1lLmdibC9haWEvQlkyUEtJSU5UQ0EwMS5BTUUuR0JMX0FNRSUyMElORlJBJTIwQ0ElMjAwMSg0KS5jcnQwVgYIKwYBBQUHMAKGSmh0dHA6Ly9jcmw0LmFtZS5nYmwvYWlhL0JZMlBLSUlOVENBMDEuQU1FLkdCTF9BTUUlMjBJTkZSQSUyMENBJTIwMDEoNCkuY3J0MB0GA1UdDgQWBBTccG012vq9QsZJa-EMbFVNK7oNDzAOBgNVHQ8BAf8EBAMCBaAwggE1BgNVHR8EggEsMIIBKDCCASSgggEgoIIBHIZCaHR0cDovL2NybC5taWNyb3NvZnQuY29tL3BraWluZnJhL0NSTC9BTUUlMjBJTkZSQSUyMENBJTIwMDEoNCkuY3JshjRodHRwOi8vY3JsMS5hbWUuZ2JsL2NybC9BTUUlMjBJTkZSQSUyMENBJTIwMDEoNCkuY3JshjRodHRwOi8vY3JsMi5hbWUuZ2JsL2NybC9BTUUlMjBJTkZSQSUyMENBJTIwMDEoNCkuY3JshjRodHRwOi8vY3JsMy5hbWUuZ2JsL2NybC9BTUUlMjBJTkZSQSUyMENBJTIwMDEoNCkuY3JshjRodHRwOi8vY3JsNC5hbWUuZ2JsL2NybC9BTUUlMjBJTkZSQSUyMENBJTIwMDEoNCkuY3JsMIGdBgNVHSAEgZUwgZIwDAYKKwYBBAGCN3sBATBmBgorBgEEAYI3ewICMFgwVgYIKwYBBQUHAgIwSh5IADMAMwBlADAAMQA5ADIAMQAtADQAZAA2ADQALQA0AGYAOABjAC0AYQAwADUANQAtADUAYgBkAGEAZgBmAGQANQBlADMAMwBkMAwGCisGAQQBgjd7AwEwDAYKKwYBBAGCN3sEAjAfBgNVHSMEGDAWgBTl2Ztn_PjsurvwwKidileIud8-YzAdBgNVHSUEFjAUBggrBgEFBQcDAQYIKwYBBQUHAwIwDQYJKoZIhvcNAQELBQADggEBAHkWc1KMstXAU5p0ciSSzPoB_W772N_r2ITPfnNv7OdZGLyDL8VTUXFgLP_lVJgsrUcSXJi6GSjDB9ww5vQCsXJQgzO4bCx-jKgHjqphvAtqaiiUEs6HJZYAXzjGr6BPLIlx2qov7eiI-vLqT3h9gqiUGYjLwwKJdO4PIGGzt5oIY5oWtLkqoxoad8CfpX7z8WM9YAUv1l-majml_BXWMmN0t5BbCB5MAuZPnD2rg3mtvh4FEV5pnTtTLPwpw7AAt-9DReZQOgsVkBLNSAzvuXHJzMAm03Gr-uZw7fY_-p1aqDgZ4KMTnQqVr8NvFE02_Gj_5hIaAdCp1bUhZ3ZrmZY&s=H0dqakbY2DML_j0gIdcBQcYH_O7ZN5P-y57LEaqFibFx43Ma4tCdhsiUVNWMGAGvo0Qw_LIvMDUZGhGnYp63E7GYpWjMu4-z_6BShhyE75bEGsMrR9GeHqpDgZYFoqzOYtyyLiPFJL0iWpdb3sP1WW8tardwzcY_3omU9H0g9EHAS01Sm-lJMHKVT2pNPNR-R9pkoCXtB01i9SiLE4SuAqLY4Cj3QsXnxitldB7e4ALMj1xzYYT6jkFPS7Cd2soz2T-iLpoUkBH_wQ-cQlbUctPsgFx1DSEGyncspcIojaeBoC0Gz3poN-I8ByuIM3oguMMFQC7hPZvDXagvkCBKkw&h=_mwC6g-MnlMZKdxTwFU328LXYX_nQ96Y6x1DOtLs0_I"
        ],
        "Retry-After": [
          "15"
        ],
        "x-ms-ratelimit-remaining-subscription-reads": [
          "1099"
        ],
        "x-ms-ratelimit-remaining-subscription-global-reads": [
          "16499"
        ],
        "x-ms-request-id": [
          "356deddb-b0ae-433e-9131-e63ac41f7994"
        ],
        "x-ms-correlation-request-id": [
          "356deddb-b0ae-433e-9131-e63ac41f7994"
        ],
        "x-ms-routing-request-id": [
          "EASTUS2:20241022T173849Z:356deddb-b0ae-433e-9131-e63ac41f7994"
        ],
        "Strict-Transport-Security": [
          "max-age=31536000; includeSubDomains"
        ],
        "X-Content-Type-Options": [
          "nosniff"
        ],
        "X-Cache": [
          "CONFIG_NOCACHE"
        ],
        "X-MSEdge-Ref": [
          "Ref A: 8B0C23B5A4B24A0DAC81823547516B3A Ref B: MNZ221060610045 Ref C: 2024-10-22T17:38:49Z"
        ],
        "Date": [
          "Tue, 22 Oct 2024 17:38:49 GMT"
        ],
        "Expires": [
          "-1"
        ],
        "Content-Length": [
          "0"
        ]
      },
      "ResponseBody": "",
      "StatusCode": 202
    },
    {
      "RequestUri": "/subscriptions/c9295b92-3574-4021-95a1-26c8f74f8359/operationresults/eyJqb2JJZCI6IlJFU09VUkNFR1JPVVBERUxFVElPTkpPQi1QUzEyNjktQ0VOVFJBTFVTRVVBUCIsImpvYkxvY2F0aW9uIjoiY2VudHJhbHVzZXVhcCJ9?api-version=2016-09-01&t=638652155298351367&c=MIIHpTCCBo2gAwIBAgITOgOyui871wRtge60rAAEA7K6LzANBgkqhkiG9w0BAQsFADBEMRMwEQYKCZImiZPyLGQBGRYDR0JMMRMwEQYKCZImiZPyLGQBGRYDQU1FMRgwFgYDVQQDEw9BTUUgSU5GUkEgQ0EgMDEwHhcNMjQwOTIyMTIyOTEzWhcNMjUwMzIxMTIyOTEzWjBAMT4wPAYDVQQDEzVhc3luY29wZXJhdGlvbnNpZ25pbmdjZXJ0aWZpY2F0ZS5tYW5hZ2VtZW50LmF6dXJlLmNvbTCCASIwDQYJKoZIhvcNAQEBBQADggEPADCCAQoCggEBALthCEIs4vwfpBtc8a6akzk9FNp-luTjsKhTETKForQzaFdF5S6PDjwZJVAOcVWePFAecP08Qp1FzfiX_Cl9StTirn6FO-MjJbWSG2THMvz756N87v6UNTXfNr29-Y-iFxGXE0LRwZ39GG4hV9nUekLb8OlN6VC48-A54O0iJybH12xGD4eKLbn4ilMqeYCyiivgk_AAxCvO75VjkDUu1PztXTqXfeLvWxaeqT1RTux_k8SPeFde5JPpWGKFNih2uv3JG5KjyszNBV6b2MaWQRiNYIiPo9N_DvTiv2r7BWNvocSISt9wLymfNp0mmAvGajmSbXqs2iphrYgHuVIhOskCAwEAAaOCBJIwggSOMCcGCSsGAQQBgjcVCgQaMBgwCgYIKwYBBQUHAwEwCgYIKwYBBQUHAwIwPQYJKwYBBAGCNxUHBDAwLgYmKwYBBAGCNxUIhpDjDYTVtHiE8Ys-hZvdFs6dEoFghfmRS4WsmTQCAWQCAQcwggHaBggrBgEFBQcBAQSCAcwwggHIMGYGCCsGAQUFBzAChlpodHRwOi8vY3JsLm1pY3Jvc29mdC5jb20vcGtpaW5mcmEvQ2VydHMvQlkyUEtJSU5UQ0EwMS5BTUUuR0JMX0FNRSUyMElORlJBJTIwQ0ElMjAwMSg0KS5jcnQwVgYIKwYBBQUHMAKGSmh0dHA6Ly9jcmwxLmFtZS5nYmwvYWlhL0JZMlBLSUlOVENBMDEuQU1FLkdCTF9BTUUlMjBJTkZSQSUyMENBJTIwMDEoNCkuY3J0MFYGCCsGAQUFBzAChkpodHRwOi8vY3JsMi5hbWUuZ2JsL2FpYS9CWTJQS0lJTlRDQTAxLkFNRS5HQkxfQU1FJTIwSU5GUkElMjBDQSUyMDAxKDQpLmNydDBWBggrBgEFBQcwAoZKaHR0cDovL2NybDMuYW1lLmdibC9haWEvQlkyUEtJSU5UQ0EwMS5BTUUuR0JMX0FNRSUyMElORlJBJTIwQ0ElMjAwMSg0KS5jcnQwVgYIKwYBBQUHMAKGSmh0dHA6Ly9jcmw0LmFtZS5nYmwvYWlhL0JZMlBLSUlOVENBMDEuQU1FLkdCTF9BTUUlMjBJTkZSQSUyMENBJTIwMDEoNCkuY3J0MB0GA1UdDgQWBBTccG012vq9QsZJa-EMbFVNK7oNDzAOBgNVHQ8BAf8EBAMCBaAwggE1BgNVHR8EggEsMIIBKDCCASSgggEgoIIBHIZCaHR0cDovL2NybC5taWNyb3NvZnQuY29tL3BraWluZnJhL0NSTC9BTUUlMjBJTkZSQSUyMENBJTIwMDEoNCkuY3JshjRodHRwOi8vY3JsMS5hbWUuZ2JsL2NybC9BTUUlMjBJTkZSQSUyMENBJTIwMDEoNCkuY3JshjRodHRwOi8vY3JsMi5hbWUuZ2JsL2NybC9BTUUlMjBJTkZSQSUyMENBJTIwMDEoNCkuY3JshjRodHRwOi8vY3JsMy5hbWUuZ2JsL2NybC9BTUUlMjBJTkZSQSUyMENBJTIwMDEoNCkuY3JshjRodHRwOi8vY3JsNC5hbWUuZ2JsL2NybC9BTUUlMjBJTkZSQSUyMENBJTIwMDEoNCkuY3JsMIGdBgNVHSAEgZUwgZIwDAYKKwYBBAGCN3sBATBmBgorBgEEAYI3ewICMFgwVgYIKwYBBQUHAgIwSh5IADMAMwBlADAAMQA5ADIAMQAtADQAZAA2ADQALQA0AGYAOABjAC0AYQAwADUANQAtADUAYgBkAGEAZgBmAGQANQBlADMAMwBkMAwGCisGAQQBgjd7AwEwDAYKKwYBBAGCN3sEAjAfBgNVHSMEGDAWgBTl2Ztn_PjsurvwwKidileIud8-YzAdBgNVHSUEFjAUBggrBgEFBQcDAQYIKwYBBQUHAwIwDQYJKoZIhvcNAQELBQADggEBAHkWc1KMstXAU5p0ciSSzPoB_W772N_r2ITPfnNv7OdZGLyDL8VTUXFgLP_lVJgsrUcSXJi6GSjDB9ww5vQCsXJQgzO4bCx-jKgHjqphvAtqaiiUEs6HJZYAXzjGr6BPLIlx2qov7eiI-vLqT3h9gqiUGYjLwwKJdO4PIGGzt5oIY5oWtLkqoxoad8CfpX7z8WM9YAUv1l-majml_BXWMmN0t5BbCB5MAuZPnD2rg3mtvh4FEV5pnTtTLPwpw7AAt-9DReZQOgsVkBLNSAzvuXHJzMAm03Gr-uZw7fY_-p1aqDgZ4KMTnQqVr8NvFE02_Gj_5hIaAdCp1bUhZ3ZrmZY&s=H0dqakbY2DML_j0gIdcBQcYH_O7ZN5P-y57LEaqFibFx43Ma4tCdhsiUVNWMGAGvo0Qw_LIvMDUZGhGnYp63E7GYpWjMu4-z_6BShhyE75bEGsMrR9GeHqpDgZYFoqzOYtyyLiPFJL0iWpdb3sP1WW8tardwzcY_3omU9H0g9EHAS01Sm-lJMHKVT2pNPNR-R9pkoCXtB01i9SiLE4SuAqLY4Cj3QsXnxitldB7e4ALMj1xzYYT6jkFPS7Cd2soz2T-iLpoUkBH_wQ-cQlbUctPsgFx1DSEGyncspcIojaeBoC0Gz3poN-I8ByuIM3oguMMFQC7hPZvDXagvkCBKkw&h=_mwC6g-MnlMZKdxTwFU328LXYX_nQ96Y6x1DOtLs0_I",
      "EncodedRequestUri": "L3N1YnNjcmlwdGlvbnMvYzkyOTViOTItMzU3NC00MDIxLTk1YTEtMjZjOGY3NGY4MzU5L29wZXJhdGlvbnJlc3VsdHMvZXlKcWIySkpaQ0k2SWxKRlUwOVZVa05GUjFKUFZWQkVSVXhGVkVsUFRrcFBRaTFRVXpFeU5qa3RRMFZPVkZKQlRGVlRSVlZCVUNJc0ltcHZZa3h2WTJGMGFXOXVJam9pWTJWdWRISmhiSFZ6WlhWaGNDSjk/YXBpLXZlcnNpb249MjAxNi0wOS0wMSZ0PTYzODY1MjE1NTI5ODM1MTM2NyZjPU1JSUhwVENDQm8yZ0F3SUJBZ0lUT2dPeXVpODcxd1J0Z2U2MHJBQUVBN0s2THpBTkJna3Foa2lHOXcwQkFRc0ZBREJFTVJNd0VRWUtDWkltaVpQeUxHUUJHUllEUjBKTU1STXdFUVlLQ1pJbWlaUHlMR1FCR1JZRFFVMUZNUmd3RmdZRFZRUURFdzlCVFVVZ1NVNUdVa0VnUTBFZ01ERXdIaGNOTWpRd09USXlNVEl5T1RFeldoY05NalV3TXpJeE1USXlPVEV6V2pCQU1UNHdQQVlEVlFRREV6VmhjM2x1WTI5d1pYSmhkR2x2Ym5OcFoyNXBibWRqWlhKMGFXWnBZMkYwWlM1dFlXNWhaMlZ0Wlc1MExtRjZkWEpsTG1OdmJUQ0NBU0l3RFFZSktvWklodmNOQVFFQkJRQURnZ0VQQURDQ0FRb0NnZ0VCQUx0aENFSXM0dndmcEJ0YzhhNmFrems5Rk5wLWx1VGpzS2hURVRLRm9yUXphRmRGNVM2UERqd1pKVkFPY1ZXZVBGQWVjUDA4UXAxRnpmaVhfQ2w5U3RUaXJuNkZPLU1qSmJXU0cyVEhNdno3NTZOODd2NlVOVFhmTnIyOS1ZLWlGeEdYRTBMUndaMzlHRzRoVjluVWVrTGI4T2xONlZDNDgtQTU0TzBpSnliSDEyeEdENGVLTGJuNGlsTXFlWUN5aWl2Z2tfQUF4Q3ZPNzVWamtEVXUxUHp0WFRxWGZlTHZXeGFlcVQxUlR1eF9rOFNQZUZkZTVKUHBXR0tGTmloMnV2M0pHNUtqeXN6TkJWNmIyTWFXUVJpTllJaVBvOU5fRHZUaXYycjdCV052b2NTSVN0OXdMeW1mTnAwbW1Bdkdham1TYlhxczJpcGhyWWdIdVZJaE9za0NBd0VBQWFPQ0JKSXdnZ1NPTUNjR0NTc0dBUVFCZ2pjVkNnUWFNQmd3Q2dZSUt3WUJCUVVIQXdFd0NnWUlLd1lCQlFVSEF3SXdQUVlKS3dZQkJBR0NOeFVIQkRBd0xnWW1Ld1lCQkFHQ054VUlocERqRFlUVnRIaUU4WXMtaFp2ZEZzNmRFb0ZnaGZtUlM0V3NtVFFDQVdRQ0FRY3dnZ0hhQmdnckJnRUZCUWNCQVFTQ0Fjd3dnZ0hJTUdZR0NDc0dBUVVGQnpBQ2hscG9kSFJ3T2k4dlkzSnNMbTFwWTNKdmMyOW1kQzVqYjIwdmNHdHBhVzVtY21FdlEyVnlkSE12UWxreVVFdEpTVTVVUTBFd01TNUJUVVV1UjBKTVgwRk5SU1V5TUVsT1JsSkJKVEl3UTBFbE1qQXdNU2cwS1M1amNuUXdWZ1lJS3dZQkJRVUhNQUtHU21oMGRIQTZMeTlqY213eExtRnRaUzVuWW13dllXbGhMMEpaTWxCTFNVbE9WRU5CTURFdVFVMUZMa2RDVEY5QlRVVWxNakJKVGtaU1FTVXlNRU5CSlRJd01ERW9OQ2t1WTNKME1GWUdDQ3NHQVFVRkJ6QUNoa3BvZEhSd09pOHZZM0pzTWk1aGJXVXVaMkpzTDJGcFlTOUNXVEpRUzBsSlRsUkRRVEF4TGtGTlJTNUhRa3hmUVUxRkpUSXdTVTVHVWtFbE1qQkRRU1V5TURBeEtEUXBMbU55ZERCV0JnZ3JCZ0VGQlFjd0FvWkthSFIwY0RvdkwyTnliRE11WVcxbExtZGliQzloYVdFdlFsa3lVRXRKU1U1VVEwRXdNUzVCVFVVdVIwSk1YMEZOUlNVeU1FbE9SbEpCSlRJd1EwRWxNakF3TVNnMEtTNWpjblF3VmdZSUt3WUJCUVVITUFLR1NtaDBkSEE2THk5amNtdzBMbUZ0WlM1blltd3ZZV2xoTDBKWk1sQkxTVWxPVkVOQk1ERXVRVTFGTGtkQ1RGOUJUVVVsTWpCSlRrWlNRU1V5TUVOQkpUSXdNREVvTkNrdVkzSjBNQjBHQTFVZERnUVdCQlRjY0cwMTJ2cTlRc1pKYS1FTWJGVk5LN29ORHpBT0JnTlZIUThCQWY4RUJBTUNCYUF3Z2dFMUJnTlZIUjhFZ2dFc01JSUJLRENDQVNTZ2dnRWdvSUlCSElaQ2FIUjBjRG92TDJOeWJDNXRhV055YjNOdlpuUXVZMjl0TDNCcmFXbHVabkpoTDBOU1RDOUJUVVVsTWpCSlRrWlNRU1V5TUVOQkpUSXdNREVvTkNrdVkzSnNoalJvZEhSd09pOHZZM0pzTVM1aGJXVXVaMkpzTDJOeWJDOUJUVVVsTWpCSlRrWlNRU1V5TUVOQkpUSXdNREVvTkNrdVkzSnNoalJvZEhSd09pOHZZM0pzTWk1aGJXVXVaMkpzTDJOeWJDOUJUVVVsTWpCSlRrWlNRU1V5TUVOQkpUSXdNREVvTkNrdVkzSnNoalJvZEhSd09pOHZZM0pzTXk1aGJXVXVaMkpzTDJOeWJDOUJUVVVsTWpCSlRrWlNRU1V5TUVOQkpUSXdNREVvTkNrdVkzSnNoalJvZEhSd09pOHZZM0pzTkM1aGJXVXVaMkpzTDJOeWJDOUJUVVVsTWpCSlRrWlNRU1V5TUVOQkpUSXdNREVvTkNrdVkzSnNNSUdkQmdOVkhTQUVnWlV3Z1pJd0RBWUtLd1lCQkFHQ04zc0JBVEJtQmdvckJnRUVBWUkzZXdJQ01GZ3dWZ1lJS3dZQkJRVUhBZ0l3U2g1SUFETUFNd0JsQURBQU1RQTVBRElBTVFBdEFEUUFaQUEyQURRQUxRQTBBR1lBT0FCakFDMEFZUUF3QURVQU5RQXRBRFVBWWdCa0FHRUFaZ0JtQUdRQU5RQmxBRE1BTXdCa01Bd0dDaXNHQVFRQmdqZDdBd0V3REFZS0t3WUJCQUdDTjNzRUFqQWZCZ05WSFNNRUdEQVdnQlRsMlp0bl9QanN1cnZ3d0tpZGlsZUl1ZDgtWXpBZEJnTlZIU1VFRmpBVUJnZ3JCZ0VGQlFjREFRWUlLd1lCQlFVSEF3SXdEUVlKS29aSWh2Y05BUUVMQlFBRGdnRUJBSGtXYzFLTXN0WEFVNXAwY2lTU3pQb0JfVzc3Mk5fcjJJVFBmbk52N09kWkdMeURMOFZUVVhGZ0xQX2xWSmdzclVjU1hKaTZHU2pEQjl3dzV2UUNzWEpRZ3pPNGJDeC1qS2dIanFwaHZBdHFhaWlVRXM2SEpaWUFYempHcjZCUExJbHgycW92N2VpSS12THFUM2g5Z3FpVUdZakx3d0tKZE80UElHR3p0NW9JWTVvV3RMa3FveG9hZDhDZnBYN3o4V005WUFVdjFsLW1ham1sX0JYV01tTjB0NUJiQ0I1TUF1WlBuRDJyZzNtdHZoNEZFVjVwblR0VExQd3B3N0FBdC05RFJlWlFPZ3NWa0JMTlNBenZ1WEhKek1BbTAzR3ItdVp3N2ZZXy1wMWFxRGdaNEtNVG5RcVZyOE52RkUwMl9Hal81aElhQWRDcDFiVWhaM1pybVpZJnM9SDBkcWFrYlkyRE1MX2owZ0lkY0JRY1lIX083Wk41UC15NTdMRWFxRmliRng0M01hNHRDZGhzaVVWTldNR0FHdm8wUXdfTEl2TURVWkdoR25ZcDYzRTdHWXBXak11NC16XzZCU2hoeUU3NWJFR3NNclI5R2VIcXBEZ1pZRm9xek9ZdHl5TGlQRkpMMGlXcGRiM3NQMVdXOHRhcmR3emNZXzNvbVU5SDBnOUVIQVMwMVNtLWxKTUhLVlQycE5QTlItUjlwa29DWHRCMDFpOVNpTEU0U3VBcUxZNENqM1FzWG54aXRsZEI3ZTRBTE1qMXh6WVlUNmprRlBTN0NkMnNvejJULWlMcG9Va0JIX3dRLWNRbGJVY3RQc2dGeDFEU0VHeW5jc3BjSW9qYWVCb0MwR3ozcG9OLUk4Qnl1SU0zb2d1TU1GUUM3aFBadkRYYWd2a0NCS2t3Jmg9X213QzZnLU1ubE1aS2R4VHdGVTMyOExYWVhfblE5Nlk2eDFET3RMczBfSQ==",
      "RequestMethod": "GET",
      "RequestHeaders": {
        "User-Agent": [
          "FxVersion/6.0.3524.45918",
          "OSName/Windows",
          "OSVersion/Microsoft.Windows.10.0.26100",
          "Microsoft.Azure.Management.Internal.Resources.ResourceManagementClient/1.3.101"
        ]
      },
      "RequestBody": "",
      "ResponseHeaders": {
        "Cache-Control": [
          "no-cache"
        ],
        "Pragma": [
          "no-cache"
        ],
        "Location": [
          "https://management.azure.com/subscriptions/c9295b92-3574-4021-95a1-26c8f74f8359/operationresults/eyJqb2JJZCI6IlJFU09VUkNFR1JPVVBERUxFVElPTkpPQi1QUzEyNjktQ0VOVFJBTFVTRVVBUCIsImpvYkxvY2F0aW9uIjoiY2VudHJhbHVzZXVhcCJ9?api-version=2016-09-01&t=638652155451455901&c=MIIHpTCCBo2gAwIBAgITOgOyui871wRtge60rAAEA7K6LzANBgkqhkiG9w0BAQsFADBEMRMwEQYKCZImiZPyLGQBGRYDR0JMMRMwEQYKCZImiZPyLGQBGRYDQU1FMRgwFgYDVQQDEw9BTUUgSU5GUkEgQ0EgMDEwHhcNMjQwOTIyMTIyOTEzWhcNMjUwMzIxMTIyOTEzWjBAMT4wPAYDVQQDEzVhc3luY29wZXJhdGlvbnNpZ25pbmdjZXJ0aWZpY2F0ZS5tYW5hZ2VtZW50LmF6dXJlLmNvbTCCASIwDQYJKoZIhvcNAQEBBQADggEPADCCAQoCggEBALthCEIs4vwfpBtc8a6akzk9FNp-luTjsKhTETKForQzaFdF5S6PDjwZJVAOcVWePFAecP08Qp1FzfiX_Cl9StTirn6FO-MjJbWSG2THMvz756N87v6UNTXfNr29-Y-iFxGXE0LRwZ39GG4hV9nUekLb8OlN6VC48-A54O0iJybH12xGD4eKLbn4ilMqeYCyiivgk_AAxCvO75VjkDUu1PztXTqXfeLvWxaeqT1RTux_k8SPeFde5JPpWGKFNih2uv3JG5KjyszNBV6b2MaWQRiNYIiPo9N_DvTiv2r7BWNvocSISt9wLymfNp0mmAvGajmSbXqs2iphrYgHuVIhOskCAwEAAaOCBJIwggSOMCcGCSsGAQQBgjcVCgQaMBgwCgYIKwYBBQUHAwEwCgYIKwYBBQUHAwIwPQYJKwYBBAGCNxUHBDAwLgYmKwYBBAGCNxUIhpDjDYTVtHiE8Ys-hZvdFs6dEoFghfmRS4WsmTQCAWQCAQcwggHaBggrBgEFBQcBAQSCAcwwggHIMGYGCCsGAQUFBzAChlpodHRwOi8vY3JsLm1pY3Jvc29mdC5jb20vcGtpaW5mcmEvQ2VydHMvQlkyUEtJSU5UQ0EwMS5BTUUuR0JMX0FNRSUyMElORlJBJTIwQ0ElMjAwMSg0KS5jcnQwVgYIKwYBBQUHMAKGSmh0dHA6Ly9jcmwxLmFtZS5nYmwvYWlhL0JZMlBLSUlOVENBMDEuQU1FLkdCTF9BTUUlMjBJTkZSQSUyMENBJTIwMDEoNCkuY3J0MFYGCCsGAQUFBzAChkpodHRwOi8vY3JsMi5hbWUuZ2JsL2FpYS9CWTJQS0lJTlRDQTAxLkFNRS5HQkxfQU1FJTIwSU5GUkElMjBDQSUyMDAxKDQpLmNydDBWBggrBgEFBQcwAoZKaHR0cDovL2NybDMuYW1lLmdibC9haWEvQlkyUEtJSU5UQ0EwMS5BTUUuR0JMX0FNRSUyMElORlJBJTIwQ0ElMjAwMSg0KS5jcnQwVgYIKwYBBQUHMAKGSmh0dHA6Ly9jcmw0LmFtZS5nYmwvYWlhL0JZMlBLSUlOVENBMDEuQU1FLkdCTF9BTUUlMjBJTkZSQSUyMENBJTIwMDEoNCkuY3J0MB0GA1UdDgQWBBTccG012vq9QsZJa-EMbFVNK7oNDzAOBgNVHQ8BAf8EBAMCBaAwggE1BgNVHR8EggEsMIIBKDCCASSgggEgoIIBHIZCaHR0cDovL2NybC5taWNyb3NvZnQuY29tL3BraWluZnJhL0NSTC9BTUUlMjBJTkZSQSUyMENBJTIwMDEoNCkuY3JshjRodHRwOi8vY3JsMS5hbWUuZ2JsL2NybC9BTUUlMjBJTkZSQSUyMENBJTIwMDEoNCkuY3JshjRodHRwOi8vY3JsMi5hbWUuZ2JsL2NybC9BTUUlMjBJTkZSQSUyMENBJTIwMDEoNCkuY3JshjRodHRwOi8vY3JsMy5hbWUuZ2JsL2NybC9BTUUlMjBJTkZSQSUyMENBJTIwMDEoNCkuY3JshjRodHRwOi8vY3JsNC5hbWUuZ2JsL2NybC9BTUUlMjBJTkZSQSUyMENBJTIwMDEoNCkuY3JsMIGdBgNVHSAEgZUwgZIwDAYKKwYBBAGCN3sBATBmBgorBgEEAYI3ewICMFgwVgYIKwYBBQUHAgIwSh5IADMAMwBlADAAMQA5ADIAMQAtADQAZAA2ADQALQA0AGYAOABjAC0AYQAwADUANQAtADUAYgBkAGEAZgBmAGQANQBlADMAMwBkMAwGCisGAQQBgjd7AwEwDAYKKwYBBAGCN3sEAjAfBgNVHSMEGDAWgBTl2Ztn_PjsurvwwKidileIud8-YzAdBgNVHSUEFjAUBggrBgEFBQcDAQYIKwYBBQUHAwIwDQYJKoZIhvcNAQELBQADggEBAHkWc1KMstXAU5p0ciSSzPoB_W772N_r2ITPfnNv7OdZGLyDL8VTUXFgLP_lVJgsrUcSXJi6GSjDB9ww5vQCsXJQgzO4bCx-jKgHjqphvAtqaiiUEs6HJZYAXzjGr6BPLIlx2qov7eiI-vLqT3h9gqiUGYjLwwKJdO4PIGGzt5oIY5oWtLkqoxoad8CfpX7z8WM9YAUv1l-majml_BXWMmN0t5BbCB5MAuZPnD2rg3mtvh4FEV5pnTtTLPwpw7AAt-9DReZQOgsVkBLNSAzvuXHJzMAm03Gr-uZw7fY_-p1aqDgZ4KMTnQqVr8NvFE02_Gj_5hIaAdCp1bUhZ3ZrmZY&s=dGQxLVnmBmU8rmQI20fdLzNzHpyGOy5aD-5GeacRcDYajzuGUXVsb2hiimG1TFTe2NQwmq2S8lbHg-iCiBTXlBmADyHXI1d8ePhmUcnD2HBojYVpOCFfmEs4QVntLZlha0r-ZiYh0Siuq6mXyitBUKaZPgrKSIc-r3qnLU5B7L5cikDOp4Y5qVY8CVBRwf-QeEr74C6mXCl1EeuGaXHXFwWYGnSnnT35E_nsEmPkzvNNOjBXkOmF0e2r3CNpT07ujozde0iW_Kxn1RmwkgbwHKu8aWWUjp-ovHiqH5_g-Bop2FYPuwNO_93oBGIt5IDuYupn854K6PMqayHalZEHFA&h=9spdsydDQ7CiZSA-GrZX83COdKYuBlepnO6wcUN378I"
        ],
        "Retry-After": [
          "15"
        ],
        "x-ms-ratelimit-remaining-subscription-reads": [
          "1099"
        ],
        "x-ms-ratelimit-remaining-subscription-global-reads": [
          "16499"
        ],
        "x-ms-request-id": [
          "925aad84-9778-48e2-a204-25453d823886"
        ],
        "x-ms-correlation-request-id": [
          "925aad84-9778-48e2-a204-25453d823886"
        ],
        "x-ms-routing-request-id": [
          "EASTUS2:20241022T173905Z:925aad84-9778-48e2-a204-25453d823886"
        ],
        "Strict-Transport-Security": [
          "max-age=31536000; includeSubDomains"
        ],
        "X-Content-Type-Options": [
          "nosniff"
        ],
        "X-Cache": [
          "CONFIG_NOCACHE"
        ],
        "X-MSEdge-Ref": [
          "Ref A: 17C221B40E264B82BF0CC8FD85FB5964 Ref B: MNZ221060610045 Ref C: 2024-10-22T17:39:04Z"
        ],
        "Date": [
          "Tue, 22 Oct 2024 17:39:04 GMT"
        ],
        "Expires": [
          "-1"
        ],
        "Content-Length": [
          "0"
        ]
      },
      "ResponseBody": "",
      "StatusCode": 202
    },
    {
      "RequestUri": "/subscriptions/c9295b92-3574-4021-95a1-26c8f74f8359/operationresults/eyJqb2JJZCI6IlJFU09VUkNFR1JPVVBERUxFVElPTkpPQi1QUzEyNjktQ0VOVFJBTFVTRVVBUCIsImpvYkxvY2F0aW9uIjoiY2VudHJhbHVzZXVhcCJ9?api-version=2016-09-01&t=638652155451455901&c=MIIHpTCCBo2gAwIBAgITOgOyui871wRtge60rAAEA7K6LzANBgkqhkiG9w0BAQsFADBEMRMwEQYKCZImiZPyLGQBGRYDR0JMMRMwEQYKCZImiZPyLGQBGRYDQU1FMRgwFgYDVQQDEw9BTUUgSU5GUkEgQ0EgMDEwHhcNMjQwOTIyMTIyOTEzWhcNMjUwMzIxMTIyOTEzWjBAMT4wPAYDVQQDEzVhc3luY29wZXJhdGlvbnNpZ25pbmdjZXJ0aWZpY2F0ZS5tYW5hZ2VtZW50LmF6dXJlLmNvbTCCASIwDQYJKoZIhvcNAQEBBQADggEPADCCAQoCggEBALthCEIs4vwfpBtc8a6akzk9FNp-luTjsKhTETKForQzaFdF5S6PDjwZJVAOcVWePFAecP08Qp1FzfiX_Cl9StTirn6FO-MjJbWSG2THMvz756N87v6UNTXfNr29-Y-iFxGXE0LRwZ39GG4hV9nUekLb8OlN6VC48-A54O0iJybH12xGD4eKLbn4ilMqeYCyiivgk_AAxCvO75VjkDUu1PztXTqXfeLvWxaeqT1RTux_k8SPeFde5JPpWGKFNih2uv3JG5KjyszNBV6b2MaWQRiNYIiPo9N_DvTiv2r7BWNvocSISt9wLymfNp0mmAvGajmSbXqs2iphrYgHuVIhOskCAwEAAaOCBJIwggSOMCcGCSsGAQQBgjcVCgQaMBgwCgYIKwYBBQUHAwEwCgYIKwYBBQUHAwIwPQYJKwYBBAGCNxUHBDAwLgYmKwYBBAGCNxUIhpDjDYTVtHiE8Ys-hZvdFs6dEoFghfmRS4WsmTQCAWQCAQcwggHaBggrBgEFBQcBAQSCAcwwggHIMGYGCCsGAQUFBzAChlpodHRwOi8vY3JsLm1pY3Jvc29mdC5jb20vcGtpaW5mcmEvQ2VydHMvQlkyUEtJSU5UQ0EwMS5BTUUuR0JMX0FNRSUyMElORlJBJTIwQ0ElMjAwMSg0KS5jcnQwVgYIKwYBBQUHMAKGSmh0dHA6Ly9jcmwxLmFtZS5nYmwvYWlhL0JZMlBLSUlOVENBMDEuQU1FLkdCTF9BTUUlMjBJTkZSQSUyMENBJTIwMDEoNCkuY3J0MFYGCCsGAQUFBzAChkpodHRwOi8vY3JsMi5hbWUuZ2JsL2FpYS9CWTJQS0lJTlRDQTAxLkFNRS5HQkxfQU1FJTIwSU5GUkElMjBDQSUyMDAxKDQpLmNydDBWBggrBgEFBQcwAoZKaHR0cDovL2NybDMuYW1lLmdibC9haWEvQlkyUEtJSU5UQ0EwMS5BTUUuR0JMX0FNRSUyMElORlJBJTIwQ0ElMjAwMSg0KS5jcnQwVgYIKwYBBQUHMAKGSmh0dHA6Ly9jcmw0LmFtZS5nYmwvYWlhL0JZMlBLSUlOVENBMDEuQU1FLkdCTF9BTUUlMjBJTkZSQSUyMENBJTIwMDEoNCkuY3J0MB0GA1UdDgQWBBTccG012vq9QsZJa-EMbFVNK7oNDzAOBgNVHQ8BAf8EBAMCBaAwggE1BgNVHR8EggEsMIIBKDCCASSgggEgoIIBHIZCaHR0cDovL2NybC5taWNyb3NvZnQuY29tL3BraWluZnJhL0NSTC9BTUUlMjBJTkZSQSUyMENBJTIwMDEoNCkuY3JshjRodHRwOi8vY3JsMS5hbWUuZ2JsL2NybC9BTUUlMjBJTkZSQSUyMENBJTIwMDEoNCkuY3JshjRodHRwOi8vY3JsMi5hbWUuZ2JsL2NybC9BTUUlMjBJTkZSQSUyMENBJTIwMDEoNCkuY3JshjRodHRwOi8vY3JsMy5hbWUuZ2JsL2NybC9BTUUlMjBJTkZSQSUyMENBJTIwMDEoNCkuY3JshjRodHRwOi8vY3JsNC5hbWUuZ2JsL2NybC9BTUUlMjBJTkZSQSUyMENBJTIwMDEoNCkuY3JsMIGdBgNVHSAEgZUwgZIwDAYKKwYBBAGCN3sBATBmBgorBgEEAYI3ewICMFgwVgYIKwYBBQUHAgIwSh5IADMAMwBlADAAMQA5ADIAMQAtADQAZAA2ADQALQA0AGYAOABjAC0AYQAwADUANQAtADUAYgBkAGEAZgBmAGQANQBlADMAMwBkMAwGCisGAQQBgjd7AwEwDAYKKwYBBAGCN3sEAjAfBgNVHSMEGDAWgBTl2Ztn_PjsurvwwKidileIud8-YzAdBgNVHSUEFjAUBggrBgEFBQcDAQYIKwYBBQUHAwIwDQYJKoZIhvcNAQELBQADggEBAHkWc1KMstXAU5p0ciSSzPoB_W772N_r2ITPfnNv7OdZGLyDL8VTUXFgLP_lVJgsrUcSXJi6GSjDB9ww5vQCsXJQgzO4bCx-jKgHjqphvAtqaiiUEs6HJZYAXzjGr6BPLIlx2qov7eiI-vLqT3h9gqiUGYjLwwKJdO4PIGGzt5oIY5oWtLkqoxoad8CfpX7z8WM9YAUv1l-majml_BXWMmN0t5BbCB5MAuZPnD2rg3mtvh4FEV5pnTtTLPwpw7AAt-9DReZQOgsVkBLNSAzvuXHJzMAm03Gr-uZw7fY_-p1aqDgZ4KMTnQqVr8NvFE02_Gj_5hIaAdCp1bUhZ3ZrmZY&s=dGQxLVnmBmU8rmQI20fdLzNzHpyGOy5aD-5GeacRcDYajzuGUXVsb2hiimG1TFTe2NQwmq2S8lbHg-iCiBTXlBmADyHXI1d8ePhmUcnD2HBojYVpOCFfmEs4QVntLZlha0r-ZiYh0Siuq6mXyitBUKaZPgrKSIc-r3qnLU5B7L5cikDOp4Y5qVY8CVBRwf-QeEr74C6mXCl1EeuGaXHXFwWYGnSnnT35E_nsEmPkzvNNOjBXkOmF0e2r3CNpT07ujozde0iW_Kxn1RmwkgbwHKu8aWWUjp-ovHiqH5_g-Bop2FYPuwNO_93oBGIt5IDuYupn854K6PMqayHalZEHFA&h=9spdsydDQ7CiZSA-GrZX83COdKYuBlepnO6wcUN378I",
      "EncodedRequestUri": "L3N1YnNjcmlwdGlvbnMvYzkyOTViOTItMzU3NC00MDIxLTk1YTEtMjZjOGY3NGY4MzU5L29wZXJhdGlvbnJlc3VsdHMvZXlKcWIySkpaQ0k2SWxKRlUwOVZVa05GUjFKUFZWQkVSVXhGVkVsUFRrcFBRaTFRVXpFeU5qa3RRMFZPVkZKQlRGVlRSVlZCVUNJc0ltcHZZa3h2WTJGMGFXOXVJam9pWTJWdWRISmhiSFZ6WlhWaGNDSjk/YXBpLXZlcnNpb249MjAxNi0wOS0wMSZ0PTYzODY1MjE1NTQ1MTQ1NTkwMSZjPU1JSUhwVENDQm8yZ0F3SUJBZ0lUT2dPeXVpODcxd1J0Z2U2MHJBQUVBN0s2THpBTkJna3Foa2lHOXcwQkFRc0ZBREJFTVJNd0VRWUtDWkltaVpQeUxHUUJHUllEUjBKTU1STXdFUVlLQ1pJbWlaUHlMR1FCR1JZRFFVMUZNUmd3RmdZRFZRUURFdzlCVFVVZ1NVNUdVa0VnUTBFZ01ERXdIaGNOTWpRd09USXlNVEl5T1RFeldoY05NalV3TXpJeE1USXlPVEV6V2pCQU1UNHdQQVlEVlFRREV6VmhjM2x1WTI5d1pYSmhkR2x2Ym5OcFoyNXBibWRqWlhKMGFXWnBZMkYwWlM1dFlXNWhaMlZ0Wlc1MExtRjZkWEpsTG1OdmJUQ0NBU0l3RFFZSktvWklodmNOQVFFQkJRQURnZ0VQQURDQ0FRb0NnZ0VCQUx0aENFSXM0dndmcEJ0YzhhNmFrems5Rk5wLWx1VGpzS2hURVRLRm9yUXphRmRGNVM2UERqd1pKVkFPY1ZXZVBGQWVjUDA4UXAxRnpmaVhfQ2w5U3RUaXJuNkZPLU1qSmJXU0cyVEhNdno3NTZOODd2NlVOVFhmTnIyOS1ZLWlGeEdYRTBMUndaMzlHRzRoVjluVWVrTGI4T2xONlZDNDgtQTU0TzBpSnliSDEyeEdENGVLTGJuNGlsTXFlWUN5aWl2Z2tfQUF4Q3ZPNzVWamtEVXUxUHp0WFRxWGZlTHZXeGFlcVQxUlR1eF9rOFNQZUZkZTVKUHBXR0tGTmloMnV2M0pHNUtqeXN6TkJWNmIyTWFXUVJpTllJaVBvOU5fRHZUaXYycjdCV052b2NTSVN0OXdMeW1mTnAwbW1Bdkdham1TYlhxczJpcGhyWWdIdVZJaE9za0NBd0VBQWFPQ0JKSXdnZ1NPTUNjR0NTc0dBUVFCZ2pjVkNnUWFNQmd3Q2dZSUt3WUJCUVVIQXdFd0NnWUlLd1lCQlFVSEF3SXdQUVlKS3dZQkJBR0NOeFVIQkRBd0xnWW1Ld1lCQkFHQ054VUlocERqRFlUVnRIaUU4WXMtaFp2ZEZzNmRFb0ZnaGZtUlM0V3NtVFFDQVdRQ0FRY3dnZ0hhQmdnckJnRUZCUWNCQVFTQ0Fjd3dnZ0hJTUdZR0NDc0dBUVVGQnpBQ2hscG9kSFJ3T2k4dlkzSnNMbTFwWTNKdmMyOW1kQzVqYjIwdmNHdHBhVzVtY21FdlEyVnlkSE12UWxreVVFdEpTVTVVUTBFd01TNUJUVVV1UjBKTVgwRk5SU1V5TUVsT1JsSkJKVEl3UTBFbE1qQXdNU2cwS1M1amNuUXdWZ1lJS3dZQkJRVUhNQUtHU21oMGRIQTZMeTlqY213eExtRnRaUzVuWW13dllXbGhMMEpaTWxCTFNVbE9WRU5CTURFdVFVMUZMa2RDVEY5QlRVVWxNakJKVGtaU1FTVXlNRU5CSlRJd01ERW9OQ2t1WTNKME1GWUdDQ3NHQVFVRkJ6QUNoa3BvZEhSd09pOHZZM0pzTWk1aGJXVXVaMkpzTDJGcFlTOUNXVEpRUzBsSlRsUkRRVEF4TGtGTlJTNUhRa3hmUVUxRkpUSXdTVTVHVWtFbE1qQkRRU1V5TURBeEtEUXBMbU55ZERCV0JnZ3JCZ0VGQlFjd0FvWkthSFIwY0RvdkwyTnliRE11WVcxbExtZGliQzloYVdFdlFsa3lVRXRKU1U1VVEwRXdNUzVCVFVVdVIwSk1YMEZOUlNVeU1FbE9SbEpCSlRJd1EwRWxNakF3TVNnMEtTNWpjblF3VmdZSUt3WUJCUVVITUFLR1NtaDBkSEE2THk5amNtdzBMbUZ0WlM1blltd3ZZV2xoTDBKWk1sQkxTVWxPVkVOQk1ERXVRVTFGTGtkQ1RGOUJUVVVsTWpCSlRrWlNRU1V5TUVOQkpUSXdNREVvTkNrdVkzSjBNQjBHQTFVZERnUVdCQlRjY0cwMTJ2cTlRc1pKYS1FTWJGVk5LN29ORHpBT0JnTlZIUThCQWY4RUJBTUNCYUF3Z2dFMUJnTlZIUjhFZ2dFc01JSUJLRENDQVNTZ2dnRWdvSUlCSElaQ2FIUjBjRG92TDJOeWJDNXRhV055YjNOdlpuUXVZMjl0TDNCcmFXbHVabkpoTDBOU1RDOUJUVVVsTWpCSlRrWlNRU1V5TUVOQkpUSXdNREVvTkNrdVkzSnNoalJvZEhSd09pOHZZM0pzTVM1aGJXVXVaMkpzTDJOeWJDOUJUVVVsTWpCSlRrWlNRU1V5TUVOQkpUSXdNREVvTkNrdVkzSnNoalJvZEhSd09pOHZZM0pzTWk1aGJXVXVaMkpzTDJOeWJDOUJUVVVsTWpCSlRrWlNRU1V5TUVOQkpUSXdNREVvTkNrdVkzSnNoalJvZEhSd09pOHZZM0pzTXk1aGJXVXVaMkpzTDJOeWJDOUJUVVVsTWpCSlRrWlNRU1V5TUVOQkpUSXdNREVvTkNrdVkzSnNoalJvZEhSd09pOHZZM0pzTkM1aGJXVXVaMkpzTDJOeWJDOUJUVVVsTWpCSlRrWlNRU1V5TUVOQkpUSXdNREVvTkNrdVkzSnNNSUdkQmdOVkhTQUVnWlV3Z1pJd0RBWUtLd1lCQkFHQ04zc0JBVEJtQmdvckJnRUVBWUkzZXdJQ01GZ3dWZ1lJS3dZQkJRVUhBZ0l3U2g1SUFETUFNd0JsQURBQU1RQTVBRElBTVFBdEFEUUFaQUEyQURRQUxRQTBBR1lBT0FCakFDMEFZUUF3QURVQU5RQXRBRFVBWWdCa0FHRUFaZ0JtQUdRQU5RQmxBRE1BTXdCa01Bd0dDaXNHQVFRQmdqZDdBd0V3REFZS0t3WUJCQUdDTjNzRUFqQWZCZ05WSFNNRUdEQVdnQlRsMlp0bl9QanN1cnZ3d0tpZGlsZUl1ZDgtWXpBZEJnTlZIU1VFRmpBVUJnZ3JCZ0VGQlFjREFRWUlLd1lCQlFVSEF3SXdEUVlKS29aSWh2Y05BUUVMQlFBRGdnRUJBSGtXYzFLTXN0WEFVNXAwY2lTU3pQb0JfVzc3Mk5fcjJJVFBmbk52N09kWkdMeURMOFZUVVhGZ0xQX2xWSmdzclVjU1hKaTZHU2pEQjl3dzV2UUNzWEpRZ3pPNGJDeC1qS2dIanFwaHZBdHFhaWlVRXM2SEpaWUFYempHcjZCUExJbHgycW92N2VpSS12THFUM2g5Z3FpVUdZakx3d0tKZE80UElHR3p0NW9JWTVvV3RMa3FveG9hZDhDZnBYN3o4V005WUFVdjFsLW1ham1sX0JYV01tTjB0NUJiQ0I1TUF1WlBuRDJyZzNtdHZoNEZFVjVwblR0VExQd3B3N0FBdC05RFJlWlFPZ3NWa0JMTlNBenZ1WEhKek1BbTAzR3ItdVp3N2ZZXy1wMWFxRGdaNEtNVG5RcVZyOE52RkUwMl9Hal81aElhQWRDcDFiVWhaM1pybVpZJnM9ZEdReExWbm1CbVU4cm1RSTIwZmRMek56SHB5R095NWFELTVHZWFjUmNEWWFqenVHVVhWc2IyaGlpbUcxVEZUZTJOUXdtcTJTOGxiSGctaUNpQlRYbEJtQUR5SFhJMWQ4ZVBobVVjbkQySEJvallWcE9DRmZtRXM0UVZudExabGhhMHItWmlZaDBTaXVxNm1YeWl0QlVLYVpQZ3JLU0ljLXIzcW5MVTVCN0w1Y2lrRE9wNFk1cVZZOENWQlJ3Zi1RZUVyNzRDNm1YQ2wxRWV1R2FYSFhGd1dZR25Tbm5UMzVFX25zRW1Qa3p2Tk5PakJYa09tRjBlMnIzQ05wVDA3dWpvemRlMGlXX0t4bjFSbXdrZ2J3SEt1OGFXV1VqcC1vdkhpcUg1X2ctQm9wMkZZUHV3Tk9fOTNvQkdJdDVJRHVZdXBuODU0SzZQTXFheUhhbFpFSEZBJmg9OXNwZHN5ZERRN0NpWlNBLUdyWlg4M0NPZEtZdUJsZXBuTzZ3Y1VOMzc4SQ==",
      "RequestMethod": "GET",
      "RequestHeaders": {
        "User-Agent": [
          "FxVersion/6.0.3524.45918",
          "OSName/Windows",
          "OSVersion/Microsoft.Windows.10.0.26100",
          "Microsoft.Azure.Management.Internal.Resources.ResourceManagementClient/1.3.101"
        ]
      },
      "RequestBody": "",
      "ResponseHeaders": {
        "Cache-Control": [
          "no-cache"
        ],
        "Pragma": [
          "no-cache"
        ],
        "Location": [
          "https://management.azure.com/subscriptions/c9295b92-3574-4021-95a1-26c8f74f8359/operationresults/eyJqb2JJZCI6IlJFU09VUkNFR1JPVVBERUxFVElPTkpPQi1QUzEyNjktQ0VOVFJBTFVTRVVBUCIsImpvYkxvY2F0aW9uIjoiY2VudHJhbHVzZXVhcCJ9?api-version=2016-09-01&t=638652155606374647&c=MIIHpTCCBo2gAwIBAgITOgOyui871wRtge60rAAEA7K6LzANBgkqhkiG9w0BAQsFADBEMRMwEQYKCZImiZPyLGQBGRYDR0JMMRMwEQYKCZImiZPyLGQBGRYDQU1FMRgwFgYDVQQDEw9BTUUgSU5GUkEgQ0EgMDEwHhcNMjQwOTIyMTIyOTEzWhcNMjUwMzIxMTIyOTEzWjBAMT4wPAYDVQQDEzVhc3luY29wZXJhdGlvbnNpZ25pbmdjZXJ0aWZpY2F0ZS5tYW5hZ2VtZW50LmF6dXJlLmNvbTCCASIwDQYJKoZIhvcNAQEBBQADggEPADCCAQoCggEBALthCEIs4vwfpBtc8a6akzk9FNp-luTjsKhTETKForQzaFdF5S6PDjwZJVAOcVWePFAecP08Qp1FzfiX_Cl9StTirn6FO-MjJbWSG2THMvz756N87v6UNTXfNr29-Y-iFxGXE0LRwZ39GG4hV9nUekLb8OlN6VC48-A54O0iJybH12xGD4eKLbn4ilMqeYCyiivgk_AAxCvO75VjkDUu1PztXTqXfeLvWxaeqT1RTux_k8SPeFde5JPpWGKFNih2uv3JG5KjyszNBV6b2MaWQRiNYIiPo9N_DvTiv2r7BWNvocSISt9wLymfNp0mmAvGajmSbXqs2iphrYgHuVIhOskCAwEAAaOCBJIwggSOMCcGCSsGAQQBgjcVCgQaMBgwCgYIKwYBBQUHAwEwCgYIKwYBBQUHAwIwPQYJKwYBBAGCNxUHBDAwLgYmKwYBBAGCNxUIhpDjDYTVtHiE8Ys-hZvdFs6dEoFghfmRS4WsmTQCAWQCAQcwggHaBggrBgEFBQcBAQSCAcwwggHIMGYGCCsGAQUFBzAChlpodHRwOi8vY3JsLm1pY3Jvc29mdC5jb20vcGtpaW5mcmEvQ2VydHMvQlkyUEtJSU5UQ0EwMS5BTUUuR0JMX0FNRSUyMElORlJBJTIwQ0ElMjAwMSg0KS5jcnQwVgYIKwYBBQUHMAKGSmh0dHA6Ly9jcmwxLmFtZS5nYmwvYWlhL0JZMlBLSUlOVENBMDEuQU1FLkdCTF9BTUUlMjBJTkZSQSUyMENBJTIwMDEoNCkuY3J0MFYGCCsGAQUFBzAChkpodHRwOi8vY3JsMi5hbWUuZ2JsL2FpYS9CWTJQS0lJTlRDQTAxLkFNRS5HQkxfQU1FJTIwSU5GUkElMjBDQSUyMDAxKDQpLmNydDBWBggrBgEFBQcwAoZKaHR0cDovL2NybDMuYW1lLmdibC9haWEvQlkyUEtJSU5UQ0EwMS5BTUUuR0JMX0FNRSUyMElORlJBJTIwQ0ElMjAwMSg0KS5jcnQwVgYIKwYBBQUHMAKGSmh0dHA6Ly9jcmw0LmFtZS5nYmwvYWlhL0JZMlBLSUlOVENBMDEuQU1FLkdCTF9BTUUlMjBJTkZSQSUyMENBJTIwMDEoNCkuY3J0MB0GA1UdDgQWBBTccG012vq9QsZJa-EMbFVNK7oNDzAOBgNVHQ8BAf8EBAMCBaAwggE1BgNVHR8EggEsMIIBKDCCASSgggEgoIIBHIZCaHR0cDovL2NybC5taWNyb3NvZnQuY29tL3BraWluZnJhL0NSTC9BTUUlMjBJTkZSQSUyMENBJTIwMDEoNCkuY3JshjRodHRwOi8vY3JsMS5hbWUuZ2JsL2NybC9BTUUlMjBJTkZSQSUyMENBJTIwMDEoNCkuY3JshjRodHRwOi8vY3JsMi5hbWUuZ2JsL2NybC9BTUUlMjBJTkZSQSUyMENBJTIwMDEoNCkuY3JshjRodHRwOi8vY3JsMy5hbWUuZ2JsL2NybC9BTUUlMjBJTkZSQSUyMENBJTIwMDEoNCkuY3JshjRodHRwOi8vY3JsNC5hbWUuZ2JsL2NybC9BTUUlMjBJTkZSQSUyMENBJTIwMDEoNCkuY3JsMIGdBgNVHSAEgZUwgZIwDAYKKwYBBAGCN3sBATBmBgorBgEEAYI3ewICMFgwVgYIKwYBBQUHAgIwSh5IADMAMwBlADAAMQA5ADIAMQAtADQAZAA2ADQALQA0AGYAOABjAC0AYQAwADUANQAtADUAYgBkAGEAZgBmAGQANQBlADMAMwBkMAwGCisGAQQBgjd7AwEwDAYKKwYBBAGCN3sEAjAfBgNVHSMEGDAWgBTl2Ztn_PjsurvwwKidileIud8-YzAdBgNVHSUEFjAUBggrBgEFBQcDAQYIKwYBBQUHAwIwDQYJKoZIhvcNAQELBQADggEBAHkWc1KMstXAU5p0ciSSzPoB_W772N_r2ITPfnNv7OdZGLyDL8VTUXFgLP_lVJgsrUcSXJi6GSjDB9ww5vQCsXJQgzO4bCx-jKgHjqphvAtqaiiUEs6HJZYAXzjGr6BPLIlx2qov7eiI-vLqT3h9gqiUGYjLwwKJdO4PIGGzt5oIY5oWtLkqoxoad8CfpX7z8WM9YAUv1l-majml_BXWMmN0t5BbCB5MAuZPnD2rg3mtvh4FEV5pnTtTLPwpw7AAt-9DReZQOgsVkBLNSAzvuXHJzMAm03Gr-uZw7fY_-p1aqDgZ4KMTnQqVr8NvFE02_Gj_5hIaAdCp1bUhZ3ZrmZY&s=mGxrg_-6Od37hmSXIqBvQnzrEnvBaNtYtFWvVUpwQAF-B0aq8EmHY98POUx4m5X4XeKEOAHAIlFDZB0C1Bt82EK9PdDzfCXgHir3mWDU45OKOkF8yBnzZL0zW1W1SAcBkf70Rfeemq0ok3j3CVI9Dcl73sPlsn8CilNDRplX1SfaMJDplVJnhgM4LtbIgGh6pWoOh0QOhzfEHJocn4W47W6mbttX5Ccljdq-zxIA6JmVvc7BMWbZPLfgkK_1ifRSNgcI3ksVXg4yUthm5jD0VAd7IvqA-Pyzg_vzAmF9yOw-9IPPur4fYaXP0ya8B4seufMkyLc2r-XuS_pT2RT4Cw&h=yPE3QHdAvPYjA9xn6jWKjnUeJl0nqvs3pmtNlIZWiEc"
        ],
        "Retry-After": [
          "15"
        ],
        "x-ms-ratelimit-remaining-subscription-reads": [
          "1099"
        ],
        "x-ms-ratelimit-remaining-subscription-global-reads": [
          "16499"
        ],
        "x-ms-request-id": [
          "d1536020-d9db-47d1-8acb-38dc9108619a"
        ],
        "x-ms-correlation-request-id": [
          "d1536020-d9db-47d1-8acb-38dc9108619a"
        ],
        "x-ms-routing-request-id": [
          "EASTUS2:20241022T173920Z:d1536020-d9db-47d1-8acb-38dc9108619a"
        ],
        "Strict-Transport-Security": [
          "max-age=31536000; includeSubDomains"
        ],
        "X-Content-Type-Options": [
          "nosniff"
        ],
        "X-Cache": [
          "CONFIG_NOCACHE"
        ],
        "X-MSEdge-Ref": [
          "Ref A: B6B864072A454714B3E43DECC59E352C Ref B: MNZ221060610045 Ref C: 2024-10-22T17:39:20Z"
        ],
        "Date": [
          "Tue, 22 Oct 2024 17:39:20 GMT"
        ],
        "Expires": [
          "-1"
        ],
        "Content-Length": [
          "0"
        ]
      },
      "ResponseBody": "",
      "StatusCode": 202
    },
    {
      "RequestUri": "/subscriptions/c9295b92-3574-4021-95a1-26c8f74f8359/operationresults/eyJqb2JJZCI6IlJFU09VUkNFR1JPVVBERUxFVElPTkpPQi1QUzEyNjktQ0VOVFJBTFVTRVVBUCIsImpvYkxvY2F0aW9uIjoiY2VudHJhbHVzZXVhcCJ9?api-version=2016-09-01&t=638652155606374647&c=MIIHpTCCBo2gAwIBAgITOgOyui871wRtge60rAAEA7K6LzANBgkqhkiG9w0BAQsFADBEMRMwEQYKCZImiZPyLGQBGRYDR0JMMRMwEQYKCZImiZPyLGQBGRYDQU1FMRgwFgYDVQQDEw9BTUUgSU5GUkEgQ0EgMDEwHhcNMjQwOTIyMTIyOTEzWhcNMjUwMzIxMTIyOTEzWjBAMT4wPAYDVQQDEzVhc3luY29wZXJhdGlvbnNpZ25pbmdjZXJ0aWZpY2F0ZS5tYW5hZ2VtZW50LmF6dXJlLmNvbTCCASIwDQYJKoZIhvcNAQEBBQADggEPADCCAQoCggEBALthCEIs4vwfpBtc8a6akzk9FNp-luTjsKhTETKForQzaFdF5S6PDjwZJVAOcVWePFAecP08Qp1FzfiX_Cl9StTirn6FO-MjJbWSG2THMvz756N87v6UNTXfNr29-Y-iFxGXE0LRwZ39GG4hV9nUekLb8OlN6VC48-A54O0iJybH12xGD4eKLbn4ilMqeYCyiivgk_AAxCvO75VjkDUu1PztXTqXfeLvWxaeqT1RTux_k8SPeFde5JPpWGKFNih2uv3JG5KjyszNBV6b2MaWQRiNYIiPo9N_DvTiv2r7BWNvocSISt9wLymfNp0mmAvGajmSbXqs2iphrYgHuVIhOskCAwEAAaOCBJIwggSOMCcGCSsGAQQBgjcVCgQaMBgwCgYIKwYBBQUHAwEwCgYIKwYBBQUHAwIwPQYJKwYBBAGCNxUHBDAwLgYmKwYBBAGCNxUIhpDjDYTVtHiE8Ys-hZvdFs6dEoFghfmRS4WsmTQCAWQCAQcwggHaBggrBgEFBQcBAQSCAcwwggHIMGYGCCsGAQUFBzAChlpodHRwOi8vY3JsLm1pY3Jvc29mdC5jb20vcGtpaW5mcmEvQ2VydHMvQlkyUEtJSU5UQ0EwMS5BTUUuR0JMX0FNRSUyMElORlJBJTIwQ0ElMjAwMSg0KS5jcnQwVgYIKwYBBQUHMAKGSmh0dHA6Ly9jcmwxLmFtZS5nYmwvYWlhL0JZMlBLSUlOVENBMDEuQU1FLkdCTF9BTUUlMjBJTkZSQSUyMENBJTIwMDEoNCkuY3J0MFYGCCsGAQUFBzAChkpodHRwOi8vY3JsMi5hbWUuZ2JsL2FpYS9CWTJQS0lJTlRDQTAxLkFNRS5HQkxfQU1FJTIwSU5GUkElMjBDQSUyMDAxKDQpLmNydDBWBggrBgEFBQcwAoZKaHR0cDovL2NybDMuYW1lLmdibC9haWEvQlkyUEtJSU5UQ0EwMS5BTUUuR0JMX0FNRSUyMElORlJBJTIwQ0ElMjAwMSg0KS5jcnQwVgYIKwYBBQUHMAKGSmh0dHA6Ly9jcmw0LmFtZS5nYmwvYWlhL0JZMlBLSUlOVENBMDEuQU1FLkdCTF9BTUUlMjBJTkZSQSUyMENBJTIwMDEoNCkuY3J0MB0GA1UdDgQWBBTccG012vq9QsZJa-EMbFVNK7oNDzAOBgNVHQ8BAf8EBAMCBaAwggE1BgNVHR8EggEsMIIBKDCCASSgggEgoIIBHIZCaHR0cDovL2NybC5taWNyb3NvZnQuY29tL3BraWluZnJhL0NSTC9BTUUlMjBJTkZSQSUyMENBJTIwMDEoNCkuY3JshjRodHRwOi8vY3JsMS5hbWUuZ2JsL2NybC9BTUUlMjBJTkZSQSUyMENBJTIwMDEoNCkuY3JshjRodHRwOi8vY3JsMi5hbWUuZ2JsL2NybC9BTUUlMjBJTkZSQSUyMENBJTIwMDEoNCkuY3JshjRodHRwOi8vY3JsMy5hbWUuZ2JsL2NybC9BTUUlMjBJTkZSQSUyMENBJTIwMDEoNCkuY3JshjRodHRwOi8vY3JsNC5hbWUuZ2JsL2NybC9BTUUlMjBJTkZSQSUyMENBJTIwMDEoNCkuY3JsMIGdBgNVHSAEgZUwgZIwDAYKKwYBBAGCN3sBATBmBgorBgEEAYI3ewICMFgwVgYIKwYBBQUHAgIwSh5IADMAMwBlADAAMQA5ADIAMQAtADQAZAA2ADQALQA0AGYAOABjAC0AYQAwADUANQAtADUAYgBkAGEAZgBmAGQANQBlADMAMwBkMAwGCisGAQQBgjd7AwEwDAYKKwYBBAGCN3sEAjAfBgNVHSMEGDAWgBTl2Ztn_PjsurvwwKidileIud8-YzAdBgNVHSUEFjAUBggrBgEFBQcDAQYIKwYBBQUHAwIwDQYJKoZIhvcNAQELBQADggEBAHkWc1KMstXAU5p0ciSSzPoB_W772N_r2ITPfnNv7OdZGLyDL8VTUXFgLP_lVJgsrUcSXJi6GSjDB9ww5vQCsXJQgzO4bCx-jKgHjqphvAtqaiiUEs6HJZYAXzjGr6BPLIlx2qov7eiI-vLqT3h9gqiUGYjLwwKJdO4PIGGzt5oIY5oWtLkqoxoad8CfpX7z8WM9YAUv1l-majml_BXWMmN0t5BbCB5MAuZPnD2rg3mtvh4FEV5pnTtTLPwpw7AAt-9DReZQOgsVkBLNSAzvuXHJzMAm03Gr-uZw7fY_-p1aqDgZ4KMTnQqVr8NvFE02_Gj_5hIaAdCp1bUhZ3ZrmZY&s=mGxrg_-6Od37hmSXIqBvQnzrEnvBaNtYtFWvVUpwQAF-B0aq8EmHY98POUx4m5X4XeKEOAHAIlFDZB0C1Bt82EK9PdDzfCXgHir3mWDU45OKOkF8yBnzZL0zW1W1SAcBkf70Rfeemq0ok3j3CVI9Dcl73sPlsn8CilNDRplX1SfaMJDplVJnhgM4LtbIgGh6pWoOh0QOhzfEHJocn4W47W6mbttX5Ccljdq-zxIA6JmVvc7BMWbZPLfgkK_1ifRSNgcI3ksVXg4yUthm5jD0VAd7IvqA-Pyzg_vzAmF9yOw-9IPPur4fYaXP0ya8B4seufMkyLc2r-XuS_pT2RT4Cw&h=yPE3QHdAvPYjA9xn6jWKjnUeJl0nqvs3pmtNlIZWiEc",
      "EncodedRequestUri": "L3N1YnNjcmlwdGlvbnMvYzkyOTViOTItMzU3NC00MDIxLTk1YTEtMjZjOGY3NGY4MzU5L29wZXJhdGlvbnJlc3VsdHMvZXlKcWIySkpaQ0k2SWxKRlUwOVZVa05GUjFKUFZWQkVSVXhGVkVsUFRrcFBRaTFRVXpFeU5qa3RRMFZPVkZKQlRGVlRSVlZCVUNJc0ltcHZZa3h2WTJGMGFXOXVJam9pWTJWdWRISmhiSFZ6WlhWaGNDSjk/YXBpLXZlcnNpb249MjAxNi0wOS0wMSZ0PTYzODY1MjE1NTYwNjM3NDY0NyZjPU1JSUhwVENDQm8yZ0F3SUJBZ0lUT2dPeXVpODcxd1J0Z2U2MHJBQUVBN0s2THpBTkJna3Foa2lHOXcwQkFRc0ZBREJFTVJNd0VRWUtDWkltaVpQeUxHUUJHUllEUjBKTU1STXdFUVlLQ1pJbWlaUHlMR1FCR1JZRFFVMUZNUmd3RmdZRFZRUURFdzlCVFVVZ1NVNUdVa0VnUTBFZ01ERXdIaGNOTWpRd09USXlNVEl5T1RFeldoY05NalV3TXpJeE1USXlPVEV6V2pCQU1UNHdQQVlEVlFRREV6VmhjM2x1WTI5d1pYSmhkR2x2Ym5OcFoyNXBibWRqWlhKMGFXWnBZMkYwWlM1dFlXNWhaMlZ0Wlc1MExtRjZkWEpsTG1OdmJUQ0NBU0l3RFFZSktvWklodmNOQVFFQkJRQURnZ0VQQURDQ0FRb0NnZ0VCQUx0aENFSXM0dndmcEJ0YzhhNmFrems5Rk5wLWx1VGpzS2hURVRLRm9yUXphRmRGNVM2UERqd1pKVkFPY1ZXZVBGQWVjUDA4UXAxRnpmaVhfQ2w5U3RUaXJuNkZPLU1qSmJXU0cyVEhNdno3NTZOODd2NlVOVFhmTnIyOS1ZLWlGeEdYRTBMUndaMzlHRzRoVjluVWVrTGI4T2xONlZDNDgtQTU0TzBpSnliSDEyeEdENGVLTGJuNGlsTXFlWUN5aWl2Z2tfQUF4Q3ZPNzVWamtEVXUxUHp0WFRxWGZlTHZXeGFlcVQxUlR1eF9rOFNQZUZkZTVKUHBXR0tGTmloMnV2M0pHNUtqeXN6TkJWNmIyTWFXUVJpTllJaVBvOU5fRHZUaXYycjdCV052b2NTSVN0OXdMeW1mTnAwbW1Bdkdham1TYlhxczJpcGhyWWdIdVZJaE9za0NBd0VBQWFPQ0JKSXdnZ1NPTUNjR0NTc0dBUVFCZ2pjVkNnUWFNQmd3Q2dZSUt3WUJCUVVIQXdFd0NnWUlLd1lCQlFVSEF3SXdQUVlKS3dZQkJBR0NOeFVIQkRBd0xnWW1Ld1lCQkFHQ054VUlocERqRFlUVnRIaUU4WXMtaFp2ZEZzNmRFb0ZnaGZtUlM0V3NtVFFDQVdRQ0FRY3dnZ0hhQmdnckJnRUZCUWNCQVFTQ0Fjd3dnZ0hJTUdZR0NDc0dBUVVGQnpBQ2hscG9kSFJ3T2k4dlkzSnNMbTFwWTNKdmMyOW1kQzVqYjIwdmNHdHBhVzVtY21FdlEyVnlkSE12UWxreVVFdEpTVTVVUTBFd01TNUJUVVV1UjBKTVgwRk5SU1V5TUVsT1JsSkJKVEl3UTBFbE1qQXdNU2cwS1M1amNuUXdWZ1lJS3dZQkJRVUhNQUtHU21oMGRIQTZMeTlqY213eExtRnRaUzVuWW13dllXbGhMMEpaTWxCTFNVbE9WRU5CTURFdVFVMUZMa2RDVEY5QlRVVWxNakJKVGtaU1FTVXlNRU5CSlRJd01ERW9OQ2t1WTNKME1GWUdDQ3NHQVFVRkJ6QUNoa3BvZEhSd09pOHZZM0pzTWk1aGJXVXVaMkpzTDJGcFlTOUNXVEpRUzBsSlRsUkRRVEF4TGtGTlJTNUhRa3hmUVUxRkpUSXdTVTVHVWtFbE1qQkRRU1V5TURBeEtEUXBMbU55ZERCV0JnZ3JCZ0VGQlFjd0FvWkthSFIwY0RvdkwyTnliRE11WVcxbExtZGliQzloYVdFdlFsa3lVRXRKU1U1VVEwRXdNUzVCVFVVdVIwSk1YMEZOUlNVeU1FbE9SbEpCSlRJd1EwRWxNakF3TVNnMEtTNWpjblF3VmdZSUt3WUJCUVVITUFLR1NtaDBkSEE2THk5amNtdzBMbUZ0WlM1blltd3ZZV2xoTDBKWk1sQkxTVWxPVkVOQk1ERXVRVTFGTGtkQ1RGOUJUVVVsTWpCSlRrWlNRU1V5TUVOQkpUSXdNREVvTkNrdVkzSjBNQjBHQTFVZERnUVdCQlRjY0cwMTJ2cTlRc1pKYS1FTWJGVk5LN29ORHpBT0JnTlZIUThCQWY4RUJBTUNCYUF3Z2dFMUJnTlZIUjhFZ2dFc01JSUJLRENDQVNTZ2dnRWdvSUlCSElaQ2FIUjBjRG92TDJOeWJDNXRhV055YjNOdlpuUXVZMjl0TDNCcmFXbHVabkpoTDBOU1RDOUJUVVVsTWpCSlRrWlNRU1V5TUVOQkpUSXdNREVvTkNrdVkzSnNoalJvZEhSd09pOHZZM0pzTVM1aGJXVXVaMkpzTDJOeWJDOUJUVVVsTWpCSlRrWlNRU1V5TUVOQkpUSXdNREVvTkNrdVkzSnNoalJvZEhSd09pOHZZM0pzTWk1aGJXVXVaMkpzTDJOeWJDOUJUVVVsTWpCSlRrWlNRU1V5TUVOQkpUSXdNREVvTkNrdVkzSnNoalJvZEhSd09pOHZZM0pzTXk1aGJXVXVaMkpzTDJOeWJDOUJUVVVsTWpCSlRrWlNRU1V5TUVOQkpUSXdNREVvTkNrdVkzSnNoalJvZEhSd09pOHZZM0pzTkM1aGJXVXVaMkpzTDJOeWJDOUJUVVVsTWpCSlRrWlNRU1V5TUVOQkpUSXdNREVvTkNrdVkzSnNNSUdkQmdOVkhTQUVnWlV3Z1pJd0RBWUtLd1lCQkFHQ04zc0JBVEJtQmdvckJnRUVBWUkzZXdJQ01GZ3dWZ1lJS3dZQkJRVUhBZ0l3U2g1SUFETUFNd0JsQURBQU1RQTVBRElBTVFBdEFEUUFaQUEyQURRQUxRQTBBR1lBT0FCakFDMEFZUUF3QURVQU5RQXRBRFVBWWdCa0FHRUFaZ0JtQUdRQU5RQmxBRE1BTXdCa01Bd0dDaXNHQVFRQmdqZDdBd0V3REFZS0t3WUJCQUdDTjNzRUFqQWZCZ05WSFNNRUdEQVdnQlRsMlp0bl9QanN1cnZ3d0tpZGlsZUl1ZDgtWXpBZEJnTlZIU1VFRmpBVUJnZ3JCZ0VGQlFjREFRWUlLd1lCQlFVSEF3SXdEUVlKS29aSWh2Y05BUUVMQlFBRGdnRUJBSGtXYzFLTXN0WEFVNXAwY2lTU3pQb0JfVzc3Mk5fcjJJVFBmbk52N09kWkdMeURMOFZUVVhGZ0xQX2xWSmdzclVjU1hKaTZHU2pEQjl3dzV2UUNzWEpRZ3pPNGJDeC1qS2dIanFwaHZBdHFhaWlVRXM2SEpaWUFYempHcjZCUExJbHgycW92N2VpSS12THFUM2g5Z3FpVUdZakx3d0tKZE80UElHR3p0NW9JWTVvV3RMa3FveG9hZDhDZnBYN3o4V005WUFVdjFsLW1ham1sX0JYV01tTjB0NUJiQ0I1TUF1WlBuRDJyZzNtdHZoNEZFVjVwblR0VExQd3B3N0FBdC05RFJlWlFPZ3NWa0JMTlNBenZ1WEhKek1BbTAzR3ItdVp3N2ZZXy1wMWFxRGdaNEtNVG5RcVZyOE52RkUwMl9Hal81aElhQWRDcDFiVWhaM1pybVpZJnM9bUd4cmdfLTZPZDM3aG1TWElxQnZRbnpyRW52QmFOdFl0Rld2VlVwd1FBRi1CMGFxOEVtSFk5OFBPVXg0bTVYNFhlS0VPQUhBSWxGRFpCMEMxQnQ4MkVLOVBkRHpmQ1hnSGlyM21XRFU0NU9LT2tGOHlCbnpaTDB6VzFXMVNBY0JrZjcwUmZlZW1xMG9rM2ozQ1ZJOURjbDczc1Bsc244Q2lsTkRScGxYMVNmYU1KRHBsVkpuaGdNNEx0YklnR2g2cFdvT2gwUU9oemZFSEpvY240VzQ3VzZtYnR0WDVDY2xqZHEtenhJQTZKbVZ2YzdCTVdiWlBMZmdrS18xaWZSU05nY0kza3NWWGc0eVV0aG01akQwVkFkN0l2cUEtUHl6Z192ekFtRjl5T3ctOUlQUHVyNGZZYVhQMHlhOEI0c2V1Zk1reUxjMnItWHVTX3BUMlJUNEN3Jmg9eVBFM1FIZEF2UFlqQTl4bjZqV0tqblVlSmwwbnF2czNwbXRObElaV2lFYw==",
      "RequestMethod": "GET",
      "RequestHeaders": {
        "User-Agent": [
          "FxVersion/6.0.3524.45918",
          "OSName/Windows",
          "OSVersion/Microsoft.Windows.10.0.26100",
          "Microsoft.Azure.Management.Internal.Resources.ResourceManagementClient/1.3.101"
        ]
      },
      "RequestBody": "",
      "ResponseHeaders": {
        "Cache-Control": [
          "no-cache"
        ],
        "Pragma": [
          "no-cache"
        ],
        "x-ms-ratelimit-remaining-subscription-reads": [
          "1099"
        ],
        "x-ms-ratelimit-remaining-subscription-global-reads": [
          "16499"
        ],
        "x-ms-request-id": [
          "b006ca72-dfb7-450b-9c11-b04ccdb1c41b"
        ],
        "x-ms-correlation-request-id": [
          "b006ca72-dfb7-450b-9c11-b04ccdb1c41b"
        ],
        "x-ms-routing-request-id": [
          "EASTUS2:20241022T173935Z:b006ca72-dfb7-450b-9c11-b04ccdb1c41b"
        ],
        "Strict-Transport-Security": [
          "max-age=31536000; includeSubDomains"
        ],
        "X-Content-Type-Options": [
          "nosniff"
        ],
        "X-Cache": [
          "CONFIG_NOCACHE"
        ],
        "X-MSEdge-Ref": [
          "Ref A: 2000DFF8D3D44747A199496FF9F9E578 Ref B: MNZ221060610045 Ref C: 2024-10-22T17:39:35Z"
        ],
        "Date": [
          "Tue, 22 Oct 2024 17:39:35 GMT"
        ],
        "Expires": [
          "-1"
        ],
        "Content-Length": [
          "0"
        ]
      },
      "ResponseBody": "",
      "StatusCode": 200
    },
    {
      "RequestUri": "/subscriptions/c9295b92-3574-4021-95a1-26c8f74f8359/operationresults/eyJqb2JJZCI6IlJFU09VUkNFR1JPVVBERUxFVElPTkpPQi1QUzEyNjktQ0VOVFJBTFVTRVVBUCIsImpvYkxvY2F0aW9uIjoiY2VudHJhbHVzZXVhcCJ9?api-version=2016-09-01&t=638652155606374647&c=MIIHpTCCBo2gAwIBAgITOgOyui871wRtge60rAAEA7K6LzANBgkqhkiG9w0BAQsFADBEMRMwEQYKCZImiZPyLGQBGRYDR0JMMRMwEQYKCZImiZPyLGQBGRYDQU1FMRgwFgYDVQQDEw9BTUUgSU5GUkEgQ0EgMDEwHhcNMjQwOTIyMTIyOTEzWhcNMjUwMzIxMTIyOTEzWjBAMT4wPAYDVQQDEzVhc3luY29wZXJhdGlvbnNpZ25pbmdjZXJ0aWZpY2F0ZS5tYW5hZ2VtZW50LmF6dXJlLmNvbTCCASIwDQYJKoZIhvcNAQEBBQADggEPADCCAQoCggEBALthCEIs4vwfpBtc8a6akzk9FNp-luTjsKhTETKForQzaFdF5S6PDjwZJVAOcVWePFAecP08Qp1FzfiX_Cl9StTirn6FO-MjJbWSG2THMvz756N87v6UNTXfNr29-Y-iFxGXE0LRwZ39GG4hV9nUekLb8OlN6VC48-A54O0iJybH12xGD4eKLbn4ilMqeYCyiivgk_AAxCvO75VjkDUu1PztXTqXfeLvWxaeqT1RTux_k8SPeFde5JPpWGKFNih2uv3JG5KjyszNBV6b2MaWQRiNYIiPo9N_DvTiv2r7BWNvocSISt9wLymfNp0mmAvGajmSbXqs2iphrYgHuVIhOskCAwEAAaOCBJIwggSOMCcGCSsGAQQBgjcVCgQaMBgwCgYIKwYBBQUHAwEwCgYIKwYBBQUHAwIwPQYJKwYBBAGCNxUHBDAwLgYmKwYBBAGCNxUIhpDjDYTVtHiE8Ys-hZvdFs6dEoFghfmRS4WsmTQCAWQCAQcwggHaBggrBgEFBQcBAQSCAcwwggHIMGYGCCsGAQUFBzAChlpodHRwOi8vY3JsLm1pY3Jvc29mdC5jb20vcGtpaW5mcmEvQ2VydHMvQlkyUEtJSU5UQ0EwMS5BTUUuR0JMX0FNRSUyMElORlJBJTIwQ0ElMjAwMSg0KS5jcnQwVgYIKwYBBQUHMAKGSmh0dHA6Ly9jcmwxLmFtZS5nYmwvYWlhL0JZMlBLSUlOVENBMDEuQU1FLkdCTF9BTUUlMjBJTkZSQSUyMENBJTIwMDEoNCkuY3J0MFYGCCsGAQUFBzAChkpodHRwOi8vY3JsMi5hbWUuZ2JsL2FpYS9CWTJQS0lJTlRDQTAxLkFNRS5HQkxfQU1FJTIwSU5GUkElMjBDQSUyMDAxKDQpLmNydDBWBggrBgEFBQcwAoZKaHR0cDovL2NybDMuYW1lLmdibC9haWEvQlkyUEtJSU5UQ0EwMS5BTUUuR0JMX0FNRSUyMElORlJBJTIwQ0ElMjAwMSg0KS5jcnQwVgYIKwYBBQUHMAKGSmh0dHA6Ly9jcmw0LmFtZS5nYmwvYWlhL0JZMlBLSUlOVENBMDEuQU1FLkdCTF9BTUUlMjBJTkZSQSUyMENBJTIwMDEoNCkuY3J0MB0GA1UdDgQWBBTccG012vq9QsZJa-EMbFVNK7oNDzAOBgNVHQ8BAf8EBAMCBaAwggE1BgNVHR8EggEsMIIBKDCCASSgggEgoIIBHIZCaHR0cDovL2NybC5taWNyb3NvZnQuY29tL3BraWluZnJhL0NSTC9BTUUlMjBJTkZSQSUyMENBJTIwMDEoNCkuY3JshjRodHRwOi8vY3JsMS5hbWUuZ2JsL2NybC9BTUUlMjBJTkZSQSUyMENBJTIwMDEoNCkuY3JshjRodHRwOi8vY3JsMi5hbWUuZ2JsL2NybC9BTUUlMjBJTkZSQSUyMENBJTIwMDEoNCkuY3JshjRodHRwOi8vY3JsMy5hbWUuZ2JsL2NybC9BTUUlMjBJTkZSQSUyMENBJTIwMDEoNCkuY3JshjRodHRwOi8vY3JsNC5hbWUuZ2JsL2NybC9BTUUlMjBJTkZSQSUyMENBJTIwMDEoNCkuY3JsMIGdBgNVHSAEgZUwgZIwDAYKKwYBBAGCN3sBATBmBgorBgEEAYI3ewICMFgwVgYIKwYBBQUHAgIwSh5IADMAMwBlADAAMQA5ADIAMQAtADQAZAA2ADQALQA0AGYAOABjAC0AYQAwADUANQAtADUAYgBkAGEAZgBmAGQANQBlADMAMwBkMAwGCisGAQQBgjd7AwEwDAYKKwYBBAGCN3sEAjAfBgNVHSMEGDAWgBTl2Ztn_PjsurvwwKidileIud8-YzAdBgNVHSUEFjAUBggrBgEFBQcDAQYIKwYBBQUHAwIwDQYJKoZIhvcNAQELBQADggEBAHkWc1KMstXAU5p0ciSSzPoB_W772N_r2ITPfnNv7OdZGLyDL8VTUXFgLP_lVJgsrUcSXJi6GSjDB9ww5vQCsXJQgzO4bCx-jKgHjqphvAtqaiiUEs6HJZYAXzjGr6BPLIlx2qov7eiI-vLqT3h9gqiUGYjLwwKJdO4PIGGzt5oIY5oWtLkqoxoad8CfpX7z8WM9YAUv1l-majml_BXWMmN0t5BbCB5MAuZPnD2rg3mtvh4FEV5pnTtTLPwpw7AAt-9DReZQOgsVkBLNSAzvuXHJzMAm03Gr-uZw7fY_-p1aqDgZ4KMTnQqVr8NvFE02_Gj_5hIaAdCp1bUhZ3ZrmZY&s=mGxrg_-6Od37hmSXIqBvQnzrEnvBaNtYtFWvVUpwQAF-B0aq8EmHY98POUx4m5X4XeKEOAHAIlFDZB0C1Bt82EK9PdDzfCXgHir3mWDU45OKOkF8yBnzZL0zW1W1SAcBkf70Rfeemq0ok3j3CVI9Dcl73sPlsn8CilNDRplX1SfaMJDplVJnhgM4LtbIgGh6pWoOh0QOhzfEHJocn4W47W6mbttX5Ccljdq-zxIA6JmVvc7BMWbZPLfgkK_1ifRSNgcI3ksVXg4yUthm5jD0VAd7IvqA-Pyzg_vzAmF9yOw-9IPPur4fYaXP0ya8B4seufMkyLc2r-XuS_pT2RT4Cw&h=yPE3QHdAvPYjA9xn6jWKjnUeJl0nqvs3pmtNlIZWiEc",
      "EncodedRequestUri": "L3N1YnNjcmlwdGlvbnMvYzkyOTViOTItMzU3NC00MDIxLTk1YTEtMjZjOGY3NGY4MzU5L29wZXJhdGlvbnJlc3VsdHMvZXlKcWIySkpaQ0k2SWxKRlUwOVZVa05GUjFKUFZWQkVSVXhGVkVsUFRrcFBRaTFRVXpFeU5qa3RRMFZPVkZKQlRGVlRSVlZCVUNJc0ltcHZZa3h2WTJGMGFXOXVJam9pWTJWdWRISmhiSFZ6WlhWaGNDSjk/YXBpLXZlcnNpb249MjAxNi0wOS0wMSZ0PTYzODY1MjE1NTYwNjM3NDY0NyZjPU1JSUhwVENDQm8yZ0F3SUJBZ0lUT2dPeXVpODcxd1J0Z2U2MHJBQUVBN0s2THpBTkJna3Foa2lHOXcwQkFRc0ZBREJFTVJNd0VRWUtDWkltaVpQeUxHUUJHUllEUjBKTU1STXdFUVlLQ1pJbWlaUHlMR1FCR1JZRFFVMUZNUmd3RmdZRFZRUURFdzlCVFVVZ1NVNUdVa0VnUTBFZ01ERXdIaGNOTWpRd09USXlNVEl5T1RFeldoY05NalV3TXpJeE1USXlPVEV6V2pCQU1UNHdQQVlEVlFRREV6VmhjM2x1WTI5d1pYSmhkR2x2Ym5OcFoyNXBibWRqWlhKMGFXWnBZMkYwWlM1dFlXNWhaMlZ0Wlc1MExtRjZkWEpsTG1OdmJUQ0NBU0l3RFFZSktvWklodmNOQVFFQkJRQURnZ0VQQURDQ0FRb0NnZ0VCQUx0aENFSXM0dndmcEJ0YzhhNmFrems5Rk5wLWx1VGpzS2hURVRLRm9yUXphRmRGNVM2UERqd1pKVkFPY1ZXZVBGQWVjUDA4UXAxRnpmaVhfQ2w5U3RUaXJuNkZPLU1qSmJXU0cyVEhNdno3NTZOODd2NlVOVFhmTnIyOS1ZLWlGeEdYRTBMUndaMzlHRzRoVjluVWVrTGI4T2xONlZDNDgtQTU0TzBpSnliSDEyeEdENGVLTGJuNGlsTXFlWUN5aWl2Z2tfQUF4Q3ZPNzVWamtEVXUxUHp0WFRxWGZlTHZXeGFlcVQxUlR1eF9rOFNQZUZkZTVKUHBXR0tGTmloMnV2M0pHNUtqeXN6TkJWNmIyTWFXUVJpTllJaVBvOU5fRHZUaXYycjdCV052b2NTSVN0OXdMeW1mTnAwbW1Bdkdham1TYlhxczJpcGhyWWdIdVZJaE9za0NBd0VBQWFPQ0JKSXdnZ1NPTUNjR0NTc0dBUVFCZ2pjVkNnUWFNQmd3Q2dZSUt3WUJCUVVIQXdFd0NnWUlLd1lCQlFVSEF3SXdQUVlKS3dZQkJBR0NOeFVIQkRBd0xnWW1Ld1lCQkFHQ054VUlocERqRFlUVnRIaUU4WXMtaFp2ZEZzNmRFb0ZnaGZtUlM0V3NtVFFDQVdRQ0FRY3dnZ0hhQmdnckJnRUZCUWNCQVFTQ0Fjd3dnZ0hJTUdZR0NDc0dBUVVGQnpBQ2hscG9kSFJ3T2k4dlkzSnNMbTFwWTNKdmMyOW1kQzVqYjIwdmNHdHBhVzVtY21FdlEyVnlkSE12UWxreVVFdEpTVTVVUTBFd01TNUJUVVV1UjBKTVgwRk5SU1V5TUVsT1JsSkJKVEl3UTBFbE1qQXdNU2cwS1M1amNuUXdWZ1lJS3dZQkJRVUhNQUtHU21oMGRIQTZMeTlqY213eExtRnRaUzVuWW13dllXbGhMMEpaTWxCTFNVbE9WRU5CTURFdVFVMUZMa2RDVEY5QlRVVWxNakJKVGtaU1FTVXlNRU5CSlRJd01ERW9OQ2t1WTNKME1GWUdDQ3NHQVFVRkJ6QUNoa3BvZEhSd09pOHZZM0pzTWk1aGJXVXVaMkpzTDJGcFlTOUNXVEpRUzBsSlRsUkRRVEF4TGtGTlJTNUhRa3hmUVUxRkpUSXdTVTVHVWtFbE1qQkRRU1V5TURBeEtEUXBMbU55ZERCV0JnZ3JCZ0VGQlFjd0FvWkthSFIwY0RvdkwyTnliRE11WVcxbExtZGliQzloYVdFdlFsa3lVRXRKU1U1VVEwRXdNUzVCVFVVdVIwSk1YMEZOUlNVeU1FbE9SbEpCSlRJd1EwRWxNakF3TVNnMEtTNWpjblF3VmdZSUt3WUJCUVVITUFLR1NtaDBkSEE2THk5amNtdzBMbUZ0WlM1blltd3ZZV2xoTDBKWk1sQkxTVWxPVkVOQk1ERXVRVTFGTGtkQ1RGOUJUVVVsTWpCSlRrWlNRU1V5TUVOQkpUSXdNREVvTkNrdVkzSjBNQjBHQTFVZERnUVdCQlRjY0cwMTJ2cTlRc1pKYS1FTWJGVk5LN29ORHpBT0JnTlZIUThCQWY4RUJBTUNCYUF3Z2dFMUJnTlZIUjhFZ2dFc01JSUJLRENDQVNTZ2dnRWdvSUlCSElaQ2FIUjBjRG92TDJOeWJDNXRhV055YjNOdlpuUXVZMjl0TDNCcmFXbHVabkpoTDBOU1RDOUJUVVVsTWpCSlRrWlNRU1V5TUVOQkpUSXdNREVvTkNrdVkzSnNoalJvZEhSd09pOHZZM0pzTVM1aGJXVXVaMkpzTDJOeWJDOUJUVVVsTWpCSlRrWlNRU1V5TUVOQkpUSXdNREVvTkNrdVkzSnNoalJvZEhSd09pOHZZM0pzTWk1aGJXVXVaMkpzTDJOeWJDOUJUVVVsTWpCSlRrWlNRU1V5TUVOQkpUSXdNREVvTkNrdVkzSnNoalJvZEhSd09pOHZZM0pzTXk1aGJXVXVaMkpzTDJOeWJDOUJUVVVsTWpCSlRrWlNRU1V5TUVOQkpUSXdNREVvTkNrdVkzSnNoalJvZEhSd09pOHZZM0pzTkM1aGJXVXVaMkpzTDJOeWJDOUJUVVVsTWpCSlRrWlNRU1V5TUVOQkpUSXdNREVvTkNrdVkzSnNNSUdkQmdOVkhTQUVnWlV3Z1pJd0RBWUtLd1lCQkFHQ04zc0JBVEJtQmdvckJnRUVBWUkzZXdJQ01GZ3dWZ1lJS3dZQkJRVUhBZ0l3U2g1SUFETUFNd0JsQURBQU1RQTVBRElBTVFBdEFEUUFaQUEyQURRQUxRQTBBR1lBT0FCakFDMEFZUUF3QURVQU5RQXRBRFVBWWdCa0FHRUFaZ0JtQUdRQU5RQmxBRE1BTXdCa01Bd0dDaXNHQVFRQmdqZDdBd0V3REFZS0t3WUJCQUdDTjNzRUFqQWZCZ05WSFNNRUdEQVdnQlRsMlp0bl9QanN1cnZ3d0tpZGlsZUl1ZDgtWXpBZEJnTlZIU1VFRmpBVUJnZ3JCZ0VGQlFjREFRWUlLd1lCQlFVSEF3SXdEUVlKS29aSWh2Y05BUUVMQlFBRGdnRUJBSGtXYzFLTXN0WEFVNXAwY2lTU3pQb0JfVzc3Mk5fcjJJVFBmbk52N09kWkdMeURMOFZUVVhGZ0xQX2xWSmdzclVjU1hKaTZHU2pEQjl3dzV2UUNzWEpRZ3pPNGJDeC1qS2dIanFwaHZBdHFhaWlVRXM2SEpaWUFYempHcjZCUExJbHgycW92N2VpSS12THFUM2g5Z3FpVUdZakx3d0tKZE80UElHR3p0NW9JWTVvV3RMa3FveG9hZDhDZnBYN3o4V005WUFVdjFsLW1ham1sX0JYV01tTjB0NUJiQ0I1TUF1WlBuRDJyZzNtdHZoNEZFVjVwblR0VExQd3B3N0FBdC05RFJlWlFPZ3NWa0JMTlNBenZ1WEhKek1BbTAzR3ItdVp3N2ZZXy1wMWFxRGdaNEtNVG5RcVZyOE52RkUwMl9Hal81aElhQWRDcDFiVWhaM1pybVpZJnM9bUd4cmdfLTZPZDM3aG1TWElxQnZRbnpyRW52QmFOdFl0Rld2VlVwd1FBRi1CMGFxOEVtSFk5OFBPVXg0bTVYNFhlS0VPQUhBSWxGRFpCMEMxQnQ4MkVLOVBkRHpmQ1hnSGlyM21XRFU0NU9LT2tGOHlCbnpaTDB6VzFXMVNBY0JrZjcwUmZlZW1xMG9rM2ozQ1ZJOURjbDczc1Bsc244Q2lsTkRScGxYMVNmYU1KRHBsVkpuaGdNNEx0YklnR2g2cFdvT2gwUU9oemZFSEpvY240VzQ3VzZtYnR0WDVDY2xqZHEtenhJQTZKbVZ2YzdCTVdiWlBMZmdrS18xaWZSU05nY0kza3NWWGc0eVV0aG01akQwVkFkN0l2cUEtUHl6Z192ekFtRjl5T3ctOUlQUHVyNGZZYVhQMHlhOEI0c2V1Zk1reUxjMnItWHVTX3BUMlJUNEN3Jmg9eVBFM1FIZEF2UFlqQTl4bjZqV0tqblVlSmwwbnF2czNwbXRObElaV2lFYw==",
      "RequestMethod": "GET",
      "RequestHeaders": {
        "User-Agent": [
          "FxVersion/6.0.3524.45918",
          "OSName/Windows",
          "OSVersion/Microsoft.Windows.10.0.26100",
          "Microsoft.Azure.Management.Internal.Resources.ResourceManagementClient/1.3.101"
        ]
      },
      "RequestBody": "",
      "ResponseHeaders": {
        "Cache-Control": [
          "no-cache"
        ],
        "Pragma": [
          "no-cache"
        ],
        "x-ms-ratelimit-remaining-subscription-reads": [
          "1098"
        ],
        "x-ms-ratelimit-remaining-subscription-global-reads": [
          "16498"
        ],
        "x-ms-request-id": [
          "447d1637-696c-4beb-b86f-3ade976ef3e2"
        ],
        "x-ms-correlation-request-id": [
          "447d1637-696c-4beb-b86f-3ade976ef3e2"
        ],
        "x-ms-routing-request-id": [
          "EASTUS2:20241022T173936Z:447d1637-696c-4beb-b86f-3ade976ef3e2"
        ],
        "Strict-Transport-Security": [
          "max-age=31536000; includeSubDomains"
        ],
        "X-Content-Type-Options": [
          "nosniff"
        ],
        "X-Cache": [
          "CONFIG_NOCACHE"
        ],
        "X-MSEdge-Ref": [
          "Ref A: D145EF1C215C4B2EB176B7C99BB66C8F Ref B: MNZ221060610045 Ref C: 2024-10-22T17:39:35Z"
        ],
        "Date": [
          "Tue, 22 Oct 2024 17:39:35 GMT"
        ],
        "Expires": [
          "-1"
        ],
        "Content-Length": [
          "0"
        ]
      },
      "ResponseBody": "",
      "StatusCode": 200
    }
  ],
  "Names": {
    "Test-NetworkManagerIpamPoolStaticCidrCRUD": [
      "ps1269",
      "ps3671",
      "ps1102",
      "ps7669"
    ]
  },
  "Variables": {
    "SubscriptionId": "c9295b92-3574-4021-95a1-26c8f74f8359"
  }
}