{
  "Entries": [
    {
      "RequestUri": "/subscriptions/c9295b92-3574-4021-95a1-26c8f74f8359/resourcegroups/ps1018?api-version=2016-09-01",
      "EncodedRequestUri": "L3N1YnNjcmlwdGlvbnMvYzkyOTViOTItMzU3NC00MDIxLTk1YTEtMjZjOGY3NGY4MzU5L3Jlc291cmNlZ3JvdXBzL3BzMTAxOD9hcGktdmVyc2lvbj0yMDE2LTA5LTAx",
      "RequestMethod": "PUT",
      "RequestHeaders": {
        "x-ms-client-request-id": [
          "ccbc8906-4fbe-4e82-aa9b-362bf3f7efd3"
        ],
        "Accept-Language": [
          "en-US"
        ],
        "User-Agent": [
          "FxVersion/6.0.3324.36610",
          "OSName/Windows",
          "OSVersion/Microsoft.Windows.10.0.26100",
          "Microsoft.Azure.Management.Internal.Resources.ResourceManagementClient/1.3.101"
        ],
        "Content-Type": [
          "application/json; charset=utf-8"
        ],
        "Content-Length": [
          "80"
        ]
      },
      "RequestBody": "{\r\n  \"location\": \"centraluseuap\",\r\n  \"tags\": {\r\n    \"testtag\": \"testval\"\r\n  }\r\n}",
      "ResponseHeaders": {
        "Cache-Control": [
          "no-cache"
        ],
        "Pragma": [
          "no-cache"
        ],
        "x-ms-ratelimit-remaining-subscription-writes": [
          "1199"
        ],
        "x-ms-request-id": [
          "c5867f21-223f-4633-90ad-4ec63e101b3a"
        ],
        "x-ms-correlation-request-id": [
          "c5867f21-223f-4633-90ad-4ec63e101b3a"
        ],
        "x-ms-routing-request-id": [
          "EASTUS:20241002T224008Z:c5867f21-223f-4633-90ad-4ec63e101b3a"
        ],
        "Strict-Transport-Security": [
          "max-age=31536000; includeSubDomains"
        ],
        "X-Content-Type-Options": [
          "nosniff"
        ],
        "X-Cache": [
          "CONFIG_NOCACHE"
        ],
        "X-MSEdge-Ref": [
          "Ref A: 96BEB92C49484A65AB145509F6D16345 Ref B: BN1AA2051013009 Ref C: 2024-10-02T22:40:07Z"
        ],
        "Date": [
          "Wed, 02 Oct 2024 22:40:08 GMT"
        ],
        "Content-Length": [
          "263"
        ],
        "Content-Type": [
          "application/json; charset=utf-8"
        ],
        "Expires": [
          "-1"
        ]
      },
      "ResponseBody": "{\r\n  \"id\": \"/subscriptions/c9295b92-3574-4021-95a1-26c8f74f8359/resourceGroups/ps1018\",\r\n  \"name\": \"ps1018\",\r\n  \"location\": \"centraluseuap\",\r\n  \"tags\": {\r\n    \"testtag\": \"testval\",\r\n    \"Created\": \"2024-10-02T22:40:07.9673343Z\",\r\n    \"skipNRMSNSG\": \"true\"\r\n  },\r\n  \"properties\": {\r\n    \"provisioningState\": \"Succeeded\"\r\n  }\r\n}",
      "StatusCode": 201
    },
    {
      "RequestUri": "/subscriptions/c9295b92-3574-4021-95a1-26c8f74f8359/resourceGroups/ps1018/providers/Microsoft.Network/networkManagers/ps9890?api-version=2024-05-01",
      "EncodedRequestUri": "L3N1YnNjcmlwdGlvbnMvYzkyOTViOTItMzU3NC00MDIxLTk1YTEtMjZjOGY3NGY4MzU5L3Jlc291cmNlR3JvdXBzL3BzMTAxOC9wcm92aWRlcnMvTWljcm9zb2Z0Lk5ldHdvcmsvbmV0d29ya01hbmFnZXJzL3BzOTg5MD9hcGktdmVyc2lvbj0yMDI0LTA1LTAx",
      "RequestMethod": "GET",
      "RequestHeaders": {
        "x-ms-client-request-id": [
          "d9b2c40e-e1f0-4c03-9715-de7da3654d01"
        ],
        "Accept-Language": [
          "en-US"
        ],
        "User-Agent": [
          "FxVersion/6.0.3324.36610",
          "OSName/Windows",
          "OSVersion/Microsoft.Windows.10.0.26100",
          "Microsoft.Azure.Management.Network.NetworkManagementClient/27.0.0.0"
        ]
      },
      "RequestBody": "",
      "ResponseHeaders": {
        "Cache-Control": [
          "no-cache"
        ],
        "Pragma": [
          "no-cache"
        ],
        "x-ms-failure-cause": [
          "gateway"
        ],
        "x-ms-request-id": [
          "6f1162c2-2309-426c-828f-06b62df15916"
        ],
        "x-ms-correlation-request-id": [
          "6f1162c2-2309-426c-828f-06b62df15916"
        ],
        "x-ms-routing-request-id": [
          "EASTUS2:20241002T224008Z:6f1162c2-2309-426c-828f-06b62df15916"
        ],
        "Strict-Transport-Security": [
          "max-age=31536000; includeSubDomains"
        ],
        "X-Content-Type-Options": [
          "nosniff"
        ],
        "X-Cache": [
          "CONFIG_NOCACHE"
        ],
        "X-MSEdge-Ref": [
          "Ref A: 126547A809BD465E8522BE25722C5BD1 Ref B: BN1AA2051015051 Ref C: 2024-10-02T22:40:08Z"
        ],
        "Date": [
          "Wed, 02 Oct 2024 22:40:08 GMT"
        ],
        "Content-Length": [
          "218"
        ],
        "Content-Type": [
          "application/json; charset=utf-8"
        ],
        "Expires": [
          "-1"
        ]
      },
      "ResponseBody": "{\r\n  \"error\": {\r\n    \"code\": \"ResourceNotFound\",\r\n    \"message\": \"The Resource 'Microsoft.Network/networkManagers/ps9890' under resource group 'ps1018' was not found. For more details please go to https://aka.ms/ARMResourceNotFoundFix\"\r\n  }\r\n}",
      "StatusCode": 404
    },
    {
      "RequestUri": "/subscriptions/c9295b92-3574-4021-95a1-26c8f74f8359/resourceGroups/ps1018/providers/Microsoft.Network/networkManagers/ps9890?api-version=2024-05-01",
      "EncodedRequestUri": "L3N1YnNjcmlwdGlvbnMvYzkyOTViOTItMzU3NC00MDIxLTk1YTEtMjZjOGY3NGY4MzU5L3Jlc291cmNlR3JvdXBzL3BzMTAxOC9wcm92aWRlcnMvTWljcm9zb2Z0Lk5ldHdvcmsvbmV0d29ya01hbmFnZXJzL3BzOTg5MD9hcGktdmVyc2lvbj0yMDI0LTA1LTAx",
      "RequestMethod": "GET",
      "RequestHeaders": {
        "x-ms-client-request-id": [
          "d9b2c40e-e1f0-4c03-9715-de7da3654d01"
        ],
        "Accept-Language": [
          "en-US"
        ],
        "User-Agent": [
          "FxVersion/6.0.3324.36610",
          "OSName/Windows",
          "OSVersion/Microsoft.Windows.10.0.26100",
          "Microsoft.Azure.Management.Network.NetworkManagementClient/27.0.0.0"
        ]
      },
      "RequestBody": "",
      "ResponseHeaders": {
        "Cache-Control": [
          "no-cache"
        ],
        "Pragma": [
          "no-cache"
        ],
        "Strict-Transport-Security": [
          "max-age=31536000; includeSubDomains"
        ],
        "x-ms-ratelimit-remaining-subscription-reads": [
          "11999"
        ],
        "x-ms-request-id": [
          "98a413d5-d903-4971-84ed-d9b6bde3ae9e"
        ],
        "x-ms-correlation-request-id": [
          "98a413d5-d903-4971-84ed-d9b6bde3ae9e"
        ],
        "x-ms-routing-request-id": [
          "EASTUS2:20241002T224014Z:98a413d5-d903-4971-84ed-d9b6bde3ae9e"
        ],
        "X-Content-Type-Options": [
          "nosniff"
        ],
        "X-Cache": [
          "CONFIG_NOCACHE"
        ],
        "X-MSEdge-Ref": [
          "Ref A: 4104662AE6C8454C8563906712A5D8A4 Ref B: BN1AA2051015051 Ref C: 2024-10-02T22:40:13Z"
        ],
        "Date": [
          "Wed, 02 Oct 2024 22:40:14 GMT"
        ],
        "Content-Length": [
          "824"
        ],
        "Content-Type": [
          "application/json; charset=utf-8"
        ],
        "Expires": [
          "-1"
        ]
      },
      "ResponseBody": "{\r\n  \"name\": \"ps9890\",\r\n  \"id\": \"/subscriptions/c9295b92-3574-4021-95a1-26c8f74f8359/resourceGroups/ps1018/providers/Microsoft.Network/networkManagers/ps9890\",\r\n  \"location\": \"centraluseuap\",\r\n  \"type\": \"Microsoft.Network/networkManagers\",\r\n  \"tags\": {},\r\n  \"etag\": \"\\\"01008749-0000-3300-0000-66fdcbcd0000\\\"\",\r\n  \"properties\": {\r\n    \"description\": \"\",\r\n    \"networkManagerScopes\": {\r\n      \"managementGroups\": [],\r\n      \"subscriptions\": [\r\n        \"/subscriptions/08615b4b-bc9c-4a70-be1b-2ea10bc97b52\"\r\n      ],\r\n      \"crossTenantScopes\": []\r\n    },\r\n    \"provisioningState\": \"Succeeded\",\r\n    \"networkManagerScopeAccesses\": [\r\n      \"Connectivity\"\r\n    ],\r\n    \"resourceGuid\": \"7b785939-399a-4ad2-8294-52dae3b218fc\"\r\n  },\r\n  \"systemData\": {\r\n    \"createdBy\": \"pthompson@microsoft.com\",\r\n    \"createdByType\": \"User\",\r\n    \"createdAt\": \"2024-10-02T22:40:12.4605248Z\",\r\n    \"lastModifiedBy\": \"pthompson@microsoft.com\",\r\n    \"lastModifiedByType\": \"User\",\r\n    \"lastModifiedAt\": \"2024-10-02T22:40:12.4605248Z\"\r\n  }\r\n}",
      "StatusCode": 200
    },
    {
      "RequestUri": "/subscriptions/c9295b92-3574-4021-95a1-26c8f74f8359/resourceGroups/ps1018/providers/Microsoft.Network/networkManagers/ps9890?api-version=2024-05-01",
      "EncodedRequestUri": "L3N1YnNjcmlwdGlvbnMvYzkyOTViOTItMzU3NC00MDIxLTk1YTEtMjZjOGY3NGY4MzU5L3Jlc291cmNlR3JvdXBzL3BzMTAxOC9wcm92aWRlcnMvTWljcm9zb2Z0Lk5ldHdvcmsvbmV0d29ya01hbmFnZXJzL3BzOTg5MD9hcGktdmVyc2lvbj0yMDI0LTA1LTAx",
      "RequestMethod": "PUT",
      "RequestHeaders": {
        "x-ms-client-request-id": [
          "d9b2c40e-e1f0-4c03-9715-de7da3654d01"
        ],
        "Accept-Language": [
          "en-US"
        ],
        "User-Agent": [
          "FxVersion/6.0.3324.36610",
          "OSName/Windows",
          "OSVersion/Microsoft.Windows.10.0.26100",
          "Microsoft.Azure.Management.Network.NetworkManagementClient/27.0.0.0"
        ],
        "Content-Type": [
          "application/json; charset=utf-8"
        ],
        "Content-Length": [
          "295"
        ]
      },
      "RequestBody": "{\r\n  \"properties\": {\r\n    \"networkManagerScopes\": {\r\n      \"managementGroups\": [],\r\n      \"subscriptions\": [\r\n        \"/subscriptions/08615b4b-bc9c-4a70-be1b-2ea10bc97b52\"\r\n      ]\r\n    },\r\n    \"networkManagerScopeAccesses\": [\r\n      \"Connectivity\"\r\n    ]\r\n  },\r\n  \"location\": \"centraluseuap\"\r\n}",
      "ResponseHeaders": {
        "Cache-Control": [
          "no-cache"
        ],
        "Pragma": [
          "no-cache"
        ],
        "Strict-Transport-Security": [
          "max-age=31536000; includeSubDomains"
        ],
        "x-ms-ratelimit-remaining-subscription-writes": [
          "1199"
        ],
        "x-ms-request-id": [
          "2a41d8e3-7031-409b-8ba6-2f60300717c3"
        ],
        "x-ms-correlation-request-id": [
          "2a41d8e3-7031-409b-8ba6-2f60300717c3"
        ],
        "x-ms-routing-request-id": [
          "EASTUS2:20241002T224013Z:2a41d8e3-7031-409b-8ba6-2f60300717c3"
        ],
        "X-Content-Type-Options": [
          "nosniff"
        ],
        "X-Cache": [
          "CONFIG_NOCACHE"
        ],
        "X-MSEdge-Ref": [
          "Ref A: 97075F2ACEE84BFDA04AC0F0CAAEC791 Ref B: BN1AA2051015051 Ref C: 2024-10-02T22:40:10Z"
        ],
        "Date": [
          "Wed, 02 Oct 2024 22:40:13 GMT"
        ],
        "Content-Length": [
          "784"
        ],
        "Content-Type": [
          "application/json; charset=utf-8"
        ],
        "Expires": [
          "-1"
        ]
      },
      "ResponseBody": "{\r\n  \"name\": \"ps9890\",\r\n  \"id\": \"/subscriptions/c9295b92-3574-4021-95a1-26c8f74f8359/resourceGroups/ps1018/providers/Microsoft.Network/networkManagers/ps9890\",\r\n  \"location\": \"centraluseuap\",\r\n  \"type\": \"Microsoft.Network/networkManagers\",\r\n  \"tags\": {},\r\n  \"etag\": \"\",\r\n  \"properties\": {\r\n    \"description\": \"\",\r\n    \"networkManagerScopes\": {\r\n      \"managementGroups\": [],\r\n      \"subscriptions\": [\r\n        \"/subscriptions/08615b4b-bc9c-4a70-be1b-2ea10bc97b52\"\r\n      ],\r\n      \"crossTenantScopes\": []\r\n    },\r\n    \"provisioningState\": \"Succeeded\",\r\n    \"networkManagerScopeAccesses\": [\r\n      \"Connectivity\"\r\n    ],\r\n    \"resourceGuid\": \"7b785939-399a-4ad2-8294-52dae3b218fc\"\r\n  },\r\n  \"systemData\": {\r\n    \"createdBy\": \"pthompson@microsoft.com\",\r\n    \"createdByType\": \"User\",\r\n    \"createdAt\": \"2024-10-02T22:40:12.4605248Z\",\r\n    \"lastModifiedBy\": \"pthompson@microsoft.com\",\r\n    \"lastModifiedByType\": \"User\",\r\n    \"lastModifiedAt\": \"2024-10-02T22:40:12.4605248Z\"\r\n  }\r\n}",
      "StatusCode": 200
    },
    {
      "RequestUri": "/subscriptions/c9295b92-3574-4021-95a1-26c8f74f8359/resourceGroups/ps1018/providers/Microsoft.Network/networkManagers/ps9890/ipamPools/ps2489?api-version=2024-05-01",
      "EncodedRequestUri": "L3N1YnNjcmlwdGlvbnMvYzkyOTViOTItMzU3NC00MDIxLTk1YTEtMjZjOGY3NGY4MzU5L3Jlc291cmNlR3JvdXBzL3BzMTAxOC9wcm92aWRlcnMvTWljcm9zb2Z0Lk5ldHdvcmsvbmV0d29ya01hbmFnZXJzL3BzOTg5MC9pcGFtUG9vbHMvcHMyNDg5P2FwaS12ZXJzaW9uPTIwMjQtMDUtMDE=",
      "RequestMethod": "GET",
      "RequestHeaders": {
        "x-ms-client-request-id": [
          "65570dfa-950b-4e60-a9fb-eb4338428cd9"
        ],
        "Accept-Language": [
          "en-US"
        ],
        "User-Agent": [
          "FxVersion/6.0.3324.36610",
          "OSName/Windows",
          "OSVersion/Microsoft.Windows.10.0.26100",
          "Microsoft.Azure.Management.Network.NetworkManagementClient/27.0.0.0"
        ]
      },
      "RequestBody": "",
      "ResponseHeaders": {
        "Cache-Control": [
          "no-cache"
        ],
        "Pragma": [
          "no-cache"
        ],
        "x-ms-failure-cause": [
          "gateway"
        ],
        "x-ms-request-id": [
          "87a84a5e-e85f-4a6e-a2c5-e26953e1eab5"
        ],
        "x-ms-correlation-request-id": [
          "87a84a5e-e85f-4a6e-a2c5-e26953e1eab5"
        ],
        "x-ms-routing-request-id": [
          "EASTUS:20241002T224015Z:87a84a5e-e85f-4a6e-a2c5-e26953e1eab5"
        ],
        "Strict-Transport-Security": [
          "max-age=31536000; includeSubDomains"
        ],
        "X-Content-Type-Options": [
          "nosniff"
        ],
        "X-Cache": [
          "CONFIG_NOCACHE"
        ],
        "X-MSEdge-Ref": [
          "Ref A: E62632D4F1A048E181227BD6CD62E19E Ref B: BN1AA2051012039 Ref C: 2024-10-02T22:40:15Z"
        ],
        "Date": [
          "Wed, 02 Oct 2024 22:40:15 GMT"
        ],
        "Content-Length": [
          "235"
        ],
        "Content-Type": [
          "application/json; charset=utf-8"
        ],
        "Expires": [
          "-1"
        ]
      },
      "ResponseBody": "{\r\n  \"error\": {\r\n    \"code\": \"ResourceNotFound\",\r\n    \"message\": \"The Resource 'Microsoft.Network/networkManagers/ps9890/ipamPools/ps2489' under resource group 'ps1018' was not found. For more details please go to https://aka.ms/ARMResourceNotFoundFix\"\r\n  }\r\n}",
      "StatusCode": 404
    },
    {
      "RequestUri": "/subscriptions/c9295b92-3574-4021-95a1-26c8f74f8359/resourceGroups/ps1018/providers/Microsoft.Network/networkManagers/ps9890/ipamPools/ps2489?api-version=2024-05-01",
      "EncodedRequestUri": "L3N1YnNjcmlwdGlvbnMvYzkyOTViOTItMzU3NC00MDIxLTk1YTEtMjZjOGY3NGY4MzU5L3Jlc291cmNlR3JvdXBzL3BzMTAxOC9wcm92aWRlcnMvTWljcm9zb2Z0Lk5ldHdvcmsvbmV0d29ya01hbmFnZXJzL3BzOTg5MC9pcGFtUG9vbHMvcHMyNDg5P2FwaS12ZXJzaW9uPTIwMjQtMDUtMDE=",
      "RequestMethod": "GET",
      "RequestHeaders": {
        "x-ms-client-request-id": [
          "65570dfa-950b-4e60-a9fb-eb4338428cd9"
        ],
        "User-Agent": [
          "FxVersion/6.0.3324.36610",
          "OSName/Windows",
          "OSVersion/Microsoft.Windows.10.0.26100",
          "Microsoft.Azure.Management.Network.NetworkManagementClient/27.0.0.0"
        ]
      },
      "RequestBody": "",
      "ResponseHeaders": {
        "Cache-Control": [
          "no-cache"
        ],
        "Pragma": [
          "no-cache"
        ],
        "x-ms-ratelimit-remaining-subscription-reads": [
          "11999"
        ],
        "mise-correlation-id": [
          "ecfc1751-f5c0-48b0-b70a-5f6cdbde0838"
        ],
        "Strict-Transport-Security": [
          "max-age=31536000; includeSubDomains"
        ],
        "x-ms-request-id": [
          "1ce68608-3524-46aa-84ea-f3204958ce2d"
        ],
        "x-ms-correlation-request-id": [
          "1ce68608-3524-46aa-84ea-f3204958ce2d"
        ],
        "x-ms-routing-request-id": [
          "EASTUS:20241002T224023Z:1ce68608-3524-46aa-84ea-f3204958ce2d"
        ],
        "X-Content-Type-Options": [
          "nosniff"
        ],
        "X-Cache": [
          "CONFIG_NOCACHE"
        ],
        "X-MSEdge-Ref": [
          "Ref A: 543F339D24274B22BD7439061E32FD4C Ref B: BN1AA2051012039 Ref C: 2024-10-02T22:40:21Z"
        ],
        "Date": [
          "Wed, 02 Oct 2024 22:40:22 GMT"
        ],
        "Content-Length": [
          "669"
        ],
        "Content-Type": [
          "application/json; charset=utf-8"
        ],
        "Expires": [
          "-1"
        ]
      },
      "ResponseBody": "{\r\n  \"name\": \"ps2489\",\r\n  \"type\": \"Microsoft.Network/networkManagers/ipamPools\",\r\n  \"properties\": {\r\n    \"description\": null,\r\n    \"displayName\": \"\",\r\n    \"ipAddressType\": [\r\n      \"IPv4\"\r\n    ],\r\n    \"parentPoolName\": null,\r\n    \"addressPrefixes\": [\r\n      \"10.0.0.0/8\"\r\n    ],\r\n    \"provisioningState\": \"Succeeded\"\r\n  },\r\n  \"id\": \"/subscriptions/c9295b92-3574-4021-95a1-26c8f74f8359/resourceGroups/ps1018/providers/Microsoft.Network/networkManagers/ps9890/ipamPools/ps2489\",\r\n  \"tags\": null,\r\n  \"location\": \"centraluseuap\",\r\n  \"systemData\": {\r\n    \"createdBy\": \"pthompson@microsoft.com\",\r\n    \"createdByType\": \"User\",\r\n    \"createdAt\": \"2024-10-02T18:40:17.5726222-04:00\",\r\n    \"lastModifiedBy\": \"pthompson@microsoft.com\",\r\n    \"lastModifiedByType\": \"User\",\r\n    \"lastModifiedAt\": \"2024-10-02T18:40:17.5726222-04:00\"\r\n  }\r\n}",
      "StatusCode": 200
    },
    {
      "RequestUri": "/subscriptions/c9295b92-3574-4021-95a1-26c8f74f8359/resourceGroups/ps1018/providers/Microsoft.Network/networkManagers/ps9890/ipamPools/ps2489?api-version=2024-05-01",
      "EncodedRequestUri": "L3N1YnNjcmlwdGlvbnMvYzkyOTViOTItMzU3NC00MDIxLTk1YTEtMjZjOGY3NGY4MzU5L3Jlc291cmNlR3JvdXBzL3BzMTAxOC9wcm92aWRlcnMvTWljcm9zb2Z0Lk5ldHdvcmsvbmV0d29ya01hbmFnZXJzL3BzOTg5MC9pcGFtUG9vbHMvcHMyNDg5P2FwaS12ZXJzaW9uPTIwMjQtMDUtMDE=",
      "RequestMethod": "GET",
      "RequestHeaders": {
        "x-ms-client-request-id": [
          "65570dfa-950b-4e60-a9fb-eb4338428cd9"
        ],
        "Accept-Language": [
          "en-US"
        ],
        "User-Agent": [
          "FxVersion/6.0.3324.36610",
          "OSName/Windows",
          "OSVersion/Microsoft.Windows.10.0.26100",
          "Microsoft.Azure.Management.Network.NetworkManagementClient/27.0.0.0"
        ]
      },
      "RequestBody": "",
      "ResponseHeaders": {
        "Cache-Control": [
          "no-cache"
        ],
        "Pragma": [
          "no-cache"
        ],
        "x-ms-ratelimit-remaining-subscription-reads": [
          "11998"
        ],
        "mise-correlation-id": [
          "53c3dc98-a9ab-48a1-bf3d-423ab6f6826b"
        ],
        "Strict-Transport-Security": [
          "max-age=31536000; includeSubDomains"
        ],
        "x-ms-request-id": [
          "184b4b8a-87ca-4831-b13e-2b2e209c660f"
        ],
        "x-ms-correlation-request-id": [
          "184b4b8a-87ca-4831-b13e-2b2e209c660f"
        ],
        "x-ms-routing-request-id": [
          "EASTUS:20241002T224023Z:184b4b8a-87ca-4831-b13e-2b2e209c660f"
        ],
        "X-Content-Type-Options": [
          "nosniff"
        ],
        "X-Cache": [
          "CONFIG_NOCACHE"
        ],
        "X-MSEdge-Ref": [
          "Ref A: 152168B37C784407A2A9CF06F4006DAC Ref B: BN1AA2051012039 Ref C: 2024-10-02T22:40:23Z"
        ],
        "Date": [
          "Wed, 02 Oct 2024 22:40:23 GMT"
        ],
        "Content-Length": [
          "669"
        ],
        "Content-Type": [
          "application/json; charset=utf-8"
        ],
        "Expires": [
          "-1"
        ]
      },
      "ResponseBody": "{\r\n  \"name\": \"ps2489\",\r\n  \"type\": \"Microsoft.Network/networkManagers/ipamPools\",\r\n  \"properties\": {\r\n    \"description\": null,\r\n    \"displayName\": \"\",\r\n    \"ipAddressType\": [\r\n      \"IPv4\"\r\n    ],\r\n    \"parentPoolName\": null,\r\n    \"addressPrefixes\": [\r\n      \"10.0.0.0/8\"\r\n    ],\r\n    \"provisioningState\": \"Succeeded\"\r\n  },\r\n  \"id\": \"/subscriptions/c9295b92-3574-4021-95a1-26c8f74f8359/resourceGroups/ps1018/providers/Microsoft.Network/networkManagers/ps9890/ipamPools/ps2489\",\r\n  \"tags\": null,\r\n  \"location\": \"centraluseuap\",\r\n  \"systemData\": {\r\n    \"createdBy\": \"pthompson@microsoft.com\",\r\n    \"createdByType\": \"User\",\r\n    \"createdAt\": \"2024-10-02T18:40:17.5726222-04:00\",\r\n    \"lastModifiedBy\": \"pthompson@microsoft.com\",\r\n    \"lastModifiedByType\": \"User\",\r\n    \"lastModifiedAt\": \"2024-10-02T18:40:17.5726222-04:00\"\r\n  }\r\n}",
      "StatusCode": 200
    },
    {
      "RequestUri": "/subscriptions/c9295b92-3574-4021-95a1-26c8f74f8359/resourceGroups/ps1018/providers/Microsoft.Network/networkManagers/ps9890/ipamPools/ps2489?api-version=2024-05-01",
      "EncodedRequestUri": "L3N1YnNjcmlwdGlvbnMvYzkyOTViOTItMzU3NC00MDIxLTk1YTEtMjZjOGY3NGY4MzU5L3Jlc291cmNlR3JvdXBzL3BzMTAxOC9wcm92aWRlcnMvTWljcm9zb2Z0Lk5ldHdvcmsvbmV0d29ya01hbmFnZXJzL3BzOTg5MC9pcGFtUG9vbHMvcHMyNDg5P2FwaS12ZXJzaW9uPTIwMjQtMDUtMDE=",
      "RequestMethod": "PUT",
      "RequestHeaders": {
        "x-ms-client-request-id": [
          "65570dfa-950b-4e60-a9fb-eb4338428cd9"
        ],
        "Accept-Language": [
          "en-US"
        ],
        "User-Agent": [
          "FxVersion/6.0.3324.36610",
          "OSName/Windows",
          "OSVersion/Microsoft.Windows.10.0.26100",
          "Microsoft.Azure.Management.Network.NetworkManagementClient/27.0.0.0"
        ],
        "Content-Type": [
          "application/json; charset=utf-8"
        ],
        "Content-Length": [
          "113"
        ]
      },
      "RequestBody": "{\r\n  \"properties\": {\r\n    \"addressPrefixes\": [\r\n      \"10.0.0.0/8\"\r\n    ]\r\n  },\r\n  \"location\": \"centraluseuap\"\r\n}",
      "ResponseHeaders": {
        "Cache-Control": [
          "no-cache"
        ],
        "Pragma": [
          "no-cache"
        ],
        "x-ms-ratelimit-remaining-subscription-writes": [
          "1199"
        ],
        "mise-correlation-id": [
          "4c3c4a17-d9cb-4c02-8be9-433e0912fa76"
        ],
        "Azure-AsyncOperation": [
          "https://management.azure.com/subscriptions/c9295b92-3574-4021-95a1-26c8f74f8359/resourceGroups/ps1018/providers/Microsoft.Network/networkManagers/ps9890/ipamPools/ps2489?api-version=2024-05-01"
        ],
        "Strict-Transport-Security": [
          "max-age=31536000; includeSubDomains"
        ],
        "x-ms-request-id": [
          "61911509-0805-482d-90ae-de5a472b6903"
        ],
        "x-ms-correlation-request-id": [
          "61911509-0805-482d-90ae-de5a472b6903"
        ],
        "x-ms-routing-request-id": [
          "EASTUS:20241002T224021Z:61911509-0805-482d-90ae-de5a472b6903"
        ],
        "X-Content-Type-Options": [
          "nosniff"
        ],
        "X-Cache": [
          "CONFIG_NOCACHE"
        ],
        "X-MSEdge-Ref": [
          "Ref A: 3F3E1663BD214491B1810905D9BDBFDB Ref B: BN1AA2051012039 Ref C: 2024-10-02T22:40:16Z"
        ],
        "Date": [
          "Wed, 02 Oct 2024 22:40:21 GMT"
        ],
        "Content-Length": [
          "669"
        ],
        "Content-Type": [
          "application/json; charset=utf-8"
        ],
        "Expires": [
          "-1"
        ]
      },
      "ResponseBody": "{\r\n  \"name\": \"ps2489\",\r\n  \"type\": \"Microsoft.Network/networkManagers/ipamPools\",\r\n  \"properties\": {\r\n    \"description\": null,\r\n    \"displayName\": \"\",\r\n    \"ipAddressType\": [\r\n      \"IPv4\"\r\n    ],\r\n    \"parentPoolName\": null,\r\n    \"addressPrefixes\": [\r\n      \"10.0.0.0/8\"\r\n    ],\r\n    \"provisioningState\": \"Succeeded\"\r\n  },\r\n  \"id\": \"/subscriptions/c9295b92-3574-4021-95a1-26c8f74f8359/resourceGroups/ps1018/providers/Microsoft.Network/networkManagers/ps9890/ipamPools/ps2489\",\r\n  \"tags\": null,\r\n  \"location\": \"centraluseuap\",\r\n  \"systemData\": {\r\n    \"createdBy\": \"pthompson@microsoft.com\",\r\n    \"createdByType\": \"User\",\r\n    \"createdAt\": \"2024-10-02T18:40:17.5726222-04:00\",\r\n    \"lastModifiedBy\": \"pthompson@microsoft.com\",\r\n    \"lastModifiedByType\": \"User\",\r\n    \"lastModifiedAt\": \"2024-10-02T18:40:17.5726222-04:00\"\r\n  }\r\n}",
      "StatusCode": 201
    },
    {
      "RequestUri": "/subscriptions/c9295b92-3574-4021-95a1-26c8f74f8359/resourceGroups/ps1018/providers/Microsoft.Network/networkManagers/ps9890/ipamPools/ps2489/staticCidrs/ps2447?api-version=2024-05-01",
      "EncodedRequestUri": "L3N1YnNjcmlwdGlvbnMvYzkyOTViOTItMzU3NC00MDIxLTk1YTEtMjZjOGY3NGY4MzU5L3Jlc291cmNlR3JvdXBzL3BzMTAxOC9wcm92aWRlcnMvTWljcm9zb2Z0Lk5ldHdvcmsvbmV0d29ya01hbmFnZXJzL3BzOTg5MC9pcGFtUG9vbHMvcHMyNDg5L3N0YXRpY0NpZHJzL3BzMjQ0Nz9hcGktdmVyc2lvbj0yMDI0LTA1LTAx",
      "RequestMethod": "GET",
      "RequestHeaders": {
        "x-ms-client-request-id": [
          "84f00dde-65bb-4704-aeef-53467cc0b467"
        ],
        "Accept-Language": [
          "en-US"
        ],
        "User-Agent": [
          "FxVersion/6.0.3324.36610",
          "OSName/Windows",
          "OSVersion/Microsoft.Windows.10.0.26100",
          "Microsoft.Azure.Management.Network.NetworkManagementClient/27.0.0.0"
        ]
      },
      "RequestBody": "",
      "ResponseHeaders": {
        "Cache-Control": [
          "no-cache"
        ],
        "Pragma": [
          "no-cache"
        ],
        "x-ms-ratelimit-remaining-subscription-reads": [
          "11999"
        ],
        "mise-correlation-id": [
          "59091b85-7e49-4399-8ea1-d8001edfa1ea"
        ],
        "Strict-Transport-Security": [
          "max-age=31536000; includeSubDomains"
        ],
        "x-ms-request-id": [
          "e07bb4e1-270b-4010-b5c5-63f27a80247c"
        ],
        "x-ms-correlation-request-id": [
          "e07bb4e1-270b-4010-b5c5-63f27a80247c"
        ],
        "x-ms-routing-request-id": [
          "EASTUS2:20241002T224024Z:e07bb4e1-270b-4010-b5c5-63f27a80247c"
        ],
        "X-Content-Type-Options": [
          "nosniff"
        ],
        "X-Cache": [
          "CONFIG_NOCACHE"
        ],
        "X-MSEdge-Ref": [
          "Ref A: 8E9DC05C1BB74A56A07FADBE4C20FAF2 Ref B: BN1AA2051014051 Ref C: 2024-10-02T22:40:23Z"
        ],
        "Date": [
          "Wed, 02 Oct 2024 22:40:24 GMT"
        ],
        "Content-Length": [
          "277"
        ],
        "Content-Type": [
          "application/json; charset=utf-8"
        ],
        "Expires": [
          "-1"
        ]
      },
      "ResponseBody": "{\r\n  \"code\": \"NotFound\",\r\n  \"message\": \"Static CIDR resource '/subscriptions/c9295b92-3574-4021-95a1-26c8f74f8359/resourceGroups/ps1018/providers/Microsoft.Network/networkManagers/ps9890/ipamPools/ps2489/staticCidrs/ps2447' not found.\",\r\n  \"target\": null,\r\n  \"details\": null,\r\n  \"additionalInfo\": null\r\n}",
      "StatusCode": 404
    },
    {
      "RequestUri": "/subscriptions/c9295b92-3574-4021-95a1-26c8f74f8359/resourceGroups/ps1018/providers/Microsoft.Network/networkManagers/ps9890/ipamPools/ps2489/staticCidrs/ps2447?api-version=2024-05-01",
      "EncodedRequestUri": "L3N1YnNjcmlwdGlvbnMvYzkyOTViOTItMzU3NC00MDIxLTk1YTEtMjZjOGY3NGY4MzU5L3Jlc291cmNlR3JvdXBzL3BzMTAxOC9wcm92aWRlcnMvTWljcm9zb2Z0Lk5ldHdvcmsvbmV0d29ya01hbmFnZXJzL3BzOTg5MC9pcGFtUG9vbHMvcHMyNDg5L3N0YXRpY0NpZHJzL3BzMjQ0Nz9hcGktdmVyc2lvbj0yMDI0LTA1LTAx",
      "RequestMethod": "GET",
      "RequestHeaders": {
        "x-ms-client-request-id": [
          "84f00dde-65bb-4704-aeef-53467cc0b467"
        ],
        "Accept-Language": [
          "en-US"
        ],
        "User-Agent": [
          "FxVersion/6.0.3324.36610",
          "OSName/Windows",
          "OSVersion/Microsoft.Windows.10.0.26100",
          "Microsoft.Azure.Management.Network.NetworkManagementClient/27.0.0.0"
        ]
      },
      "RequestBody": "",
      "ResponseHeaders": {
        "Cache-Control": [
          "no-cache"
        ],
        "Pragma": [
          "no-cache"
        ],
        "x-ms-ratelimit-remaining-subscription-reads": [
          "11999"
        ],
        "mise-correlation-id": [
          "d8afa92f-4771-4f4f-b6e9-c68b795eb479"
        ],
        "Strict-Transport-Security": [
          "max-age=31536000; includeSubDomains"
        ],
        "x-ms-request-id": [
          "562746c4-3f28-48b6-844d-865b9da5f099"
        ],
        "x-ms-correlation-request-id": [
          "562746c4-3f28-48b6-844d-865b9da5f099"
        ],
        "x-ms-routing-request-id": [
          "EASTUS2:20241002T224027Z:562746c4-3f28-48b6-844d-865b9da5f099"
        ],
        "X-Content-Type-Options": [
          "nosniff"
        ],
        "X-Cache": [
          "CONFIG_NOCACHE"
        ],
        "X-MSEdge-Ref": [
          "Ref A: 74D2E09BD7DB495DB5DAC58938E419EF Ref B: BN1AA2051014051 Ref C: 2024-10-02T22:40:26Z"
        ],
        "Date": [
          "Wed, 02 Oct 2024 22:40:27 GMT"
        ],
        "Content-Length": [
          "591"
        ],
        "Content-Type": [
          "application/json; charset=utf-8"
        ],
        "Expires": [
          "-1"
        ]
      },
      "ResponseBody": "{\r\n  \"name\": \"ps2447\",\r\n  \"type\": \"Microsoft.Network/networkManagers/ipamPools/staticCidrs\",\r\n  \"properties\": {\r\n    \"description\": \"\",\r\n    \"numberOfIPAddressesToAllocate\": \"\",\r\n    \"addressPrefixes\": [\r\n      \"10.0.0.0/8\"\r\n    ],\r\n    \"totalNumberOfIPAddresses\": \"16777216\",\r\n    \"provisioningState\": \"Succeeded\"\r\n  },\r\n  \"id\": \"/subscriptions/c9295b92-3574-4021-95a1-26c8f74f8359/resourceGroups/ps1018/providers/Microsoft.Network/networkManagers/ps9890/ipamPools/ps2489/staticCidrs/ps2447\",\r\n  \"systemData\": {\r\n    \"createdBy\": null,\r\n    \"createdByType\": null,\r\n    \"createdAt\": \"2024-10-02T18:40:25.8140951-04:00\",\r\n    \"lastModifiedBy\": null,\r\n    \"lastModifiedByType\": null,\r\n    \"lastModifiedAt\": null\r\n  }\r\n}",
      "StatusCode": 200
    },
    {
      "RequestUri": "/subscriptions/c9295b92-3574-4021-95a1-26c8f74f8359/resourceGroups/ps1018/providers/Microsoft.Network/networkManagers/ps9890/ipamPools/ps2489/staticCidrs/ps2447?api-version=2024-05-01",
      "EncodedRequestUri": "L3N1YnNjcmlwdGlvbnMvYzkyOTViOTItMzU3NC00MDIxLTk1YTEtMjZjOGY3NGY4MzU5L3Jlc291cmNlR3JvdXBzL3BzMTAxOC9wcm92aWRlcnMvTWljcm9zb2Z0Lk5ldHdvcmsvbmV0d29ya01hbmFnZXJzL3BzOTg5MC9pcGFtUG9vbHMvcHMyNDg5L3N0YXRpY0NpZHJzL3BzMjQ0Nz9hcGktdmVyc2lvbj0yMDI0LTA1LTAx",
      "RequestMethod": "GET",
      "RequestHeaders": {
        "x-ms-client-request-id": [
          "df9435a2-c995-4a15-8e15-6608109ac106"
        ],
        "Accept-Language": [
          "en-US"
        ],
        "User-Agent": [
          "FxVersion/6.0.3324.36610",
          "OSName/Windows",
          "OSVersion/Microsoft.Windows.10.0.26100",
          "Microsoft.Azure.Management.Network.NetworkManagementClient/27.0.0.0"
        ]
      },
      "RequestBody": "",
      "ResponseHeaders": {
        "Cache-Control": [
          "no-cache"
        ],
        "Pragma": [
          "no-cache"
        ],
        "x-ms-ratelimit-remaining-subscription-reads": [
          "11999"
        ],
        "mise-correlation-id": [
          "a1ecbb54-caf0-4709-a445-d5c47e9c79b8"
        ],
        "Strict-Transport-Security": [
          "max-age=31536000; includeSubDomains"
        ],
        "x-ms-request-id": [
          "935fd03b-5438-486c-859a-6b713c202c6d"
        ],
        "x-ms-correlation-request-id": [
          "935fd03b-5438-486c-859a-6b713c202c6d"
        ],
        "x-ms-routing-request-id": [
          "EASTUS2:20241002T224028Z:935fd03b-5438-486c-859a-6b713c202c6d"
        ],
        "X-Content-Type-Options": [
          "nosniff"
        ],
        "X-Cache": [
          "CONFIG_NOCACHE"
        ],
        "X-MSEdge-Ref": [
          "Ref A: DAA91D85C3F14D6D97426BB01809C8F8 Ref B: BN1AA2051014021 Ref C: 2024-10-02T22:40:27Z"
        ],
        "Date": [
          "Wed, 02 Oct 2024 22:40:28 GMT"
        ],
        "Content-Length": [
          "591"
        ],
        "Content-Type": [
          "application/json; charset=utf-8"
        ],
        "Expires": [
          "-1"
        ]
      },
      "ResponseBody": "{\r\n  \"name\": \"ps2447\",\r\n  \"type\": \"Microsoft.Network/networkManagers/ipamPools/staticCidrs\",\r\n  \"properties\": {\r\n    \"description\": \"\",\r\n    \"numberOfIPAddressesToAllocate\": \"\",\r\n    \"addressPrefixes\": [\r\n      \"10.0.0.0/8\"\r\n    ],\r\n    \"totalNumberOfIPAddresses\": \"16777216\",\r\n    \"provisioningState\": \"Succeeded\"\r\n  },\r\n  \"id\": \"/subscriptions/c9295b92-3574-4021-95a1-26c8f74f8359/resourceGroups/ps1018/providers/Microsoft.Network/networkManagers/ps9890/ipamPools/ps2489/staticCidrs/ps2447\",\r\n  \"systemData\": {\r\n    \"createdBy\": null,\r\n    \"createdByType\": null,\r\n    \"createdAt\": \"2024-10-02T18:40:25.8140951-04:00\",\r\n    \"lastModifiedBy\": null,\r\n    \"lastModifiedByType\": null,\r\n    \"lastModifiedAt\": null\r\n  }\r\n}",
      "StatusCode": 200
    },
    {
      "RequestUri": "/subscriptions/c9295b92-3574-4021-95a1-26c8f74f8359/resourceGroups/ps1018/providers/Microsoft.Network/networkManagers/ps9890/ipamPools/ps2489/staticCidrs/ps2447?api-version=2024-05-01",
      "EncodedRequestUri": "L3N1YnNjcmlwdGlvbnMvYzkyOTViOTItMzU3NC00MDIxLTk1YTEtMjZjOGY3NGY4MzU5L3Jlc291cmNlR3JvdXBzL3BzMTAxOC9wcm92aWRlcnMvTWljcm9zb2Z0Lk5ldHdvcmsvbmV0d29ya01hbmFnZXJzL3BzOTg5MC9pcGFtUG9vbHMvcHMyNDg5L3N0YXRpY0NpZHJzL3BzMjQ0Nz9hcGktdmVyc2lvbj0yMDI0LTA1LTAx",
      "RequestMethod": "PUT",
      "RequestHeaders": {
        "x-ms-client-request-id": [
          "84f00dde-65bb-4704-aeef-53467cc0b467"
        ],
        "Accept-Language": [
          "en-US"
        ],
        "User-Agent": [
          "FxVersion/6.0.3324.36610",
          "OSName/Windows",
          "OSVersion/Microsoft.Windows.10.0.26100",
          "Microsoft.Azure.Management.Network.NetworkManagementClient/27.0.0.0"
        ],
        "Content-Type": [
          "application/json; charset=utf-8"
        ],
        "Content-Length": [
          "81"
        ]
      },
      "RequestBody": "{\r\n  \"properties\": {\r\n    \"addressPrefixes\": [\r\n      \"10.0.0.0/8\"\r\n    ]\r\n  }\r\n}",
      "ResponseHeaders": {
        "Cache-Control": [
          "no-cache"
        ],
        "Pragma": [
          "no-cache"
        ],
        "x-ms-ratelimit-remaining-subscription-writes": [
          "1199"
        ],
        "mise-correlation-id": [
          "ad2ae458-acd6-4792-80db-e6f86a6eddde"
        ],
        "Strict-Transport-Security": [
          "max-age=31536000; includeSubDomains"
        ],
        "x-ms-request-id": [
          "a7915245-ce7f-4948-a843-763b126a96c7"
        ],
        "x-ms-correlation-request-id": [
          "a7915245-ce7f-4948-a843-763b126a96c7"
        ],
        "x-ms-routing-request-id": [
          "EASTUS2:20241002T224025Z:a7915245-ce7f-4948-a843-763b126a96c7"
        ],
        "X-Content-Type-Options": [
          "nosniff"
        ],
        "X-Cache": [
          "CONFIG_NOCACHE"
        ],
        "X-MSEdge-Ref": [
          "Ref A: 14802BD3E95641F4A048530DD993045D Ref B: BN1AA2051014051 Ref C: 2024-10-02T22:40:24Z"
        ],
        "Date": [
          "Wed, 02 Oct 2024 22:40:25 GMT"
        ],
        "Content-Length": [
          "591"
        ],
        "Content-Type": [
          "application/json; charset=utf-8"
        ],
        "Expires": [
          "-1"
        ]
      },
      "ResponseBody": "{\r\n  \"name\": \"ps2447\",\r\n  \"type\": \"Microsoft.Network/networkManagers/ipamPools/staticCidrs\",\r\n  \"properties\": {\r\n    \"description\": \"\",\r\n    \"numberOfIPAddressesToAllocate\": \"\",\r\n    \"addressPrefixes\": [\r\n      \"10.0.0.0/8\"\r\n    ],\r\n    \"totalNumberOfIPAddresses\": \"16777216\",\r\n    \"provisioningState\": \"Succeeded\"\r\n  },\r\n  \"id\": \"/subscriptions/c9295b92-3574-4021-95a1-26c8f74f8359/resourceGroups/ps1018/providers/Microsoft.Network/networkManagers/ps9890/ipamPools/ps2489/staticCidrs/ps2447\",\r\n  \"systemData\": {\r\n    \"createdBy\": null,\r\n    \"createdByType\": null,\r\n    \"createdAt\": \"2024-10-02T18:40:25.8140951-04:00\",\r\n    \"lastModifiedBy\": null,\r\n    \"lastModifiedByType\": null,\r\n    \"lastModifiedAt\": null\r\n  }\r\n}",
      "StatusCode": 200
    },
    {
      "RequestUri": "/subscriptions/c9295b92-3574-4021-95a1-26c8f74f8359/resourceGroups/ps1018/providers/Microsoft.Network/networkManagers/ps9890/ipamPools/ps2489/staticCidrs/ps2447?api-version=2024-05-01",
      "EncodedRequestUri": "L3N1YnNjcmlwdGlvbnMvYzkyOTViOTItMzU3NC00MDIxLTk1YTEtMjZjOGY3NGY4MzU5L3Jlc291cmNlR3JvdXBzL3BzMTAxOC9wcm92aWRlcnMvTWljcm9zb2Z0Lk5ldHdvcmsvbmV0d29ya01hbmFnZXJzL3BzOTg5MC9pcGFtUG9vbHMvcHMyNDg5L3N0YXRpY0NpZHJzL3BzMjQ0Nz9hcGktdmVyc2lvbj0yMDI0LTA1LTAx",
      "RequestMethod": "DELETE",
      "RequestHeaders": {
        "x-ms-client-request-id": [
          "ebc233bc-ebe3-4bcf-9c0a-24b0c39fe98e"
        ],
        "Accept-Language": [
          "en-US"
        ],
        "User-Agent": [
          "FxVersion/6.0.3324.36610",
          "OSName/Windows",
          "OSVersion/Microsoft.Windows.10.0.26100",
          "Microsoft.Azure.Management.Network.NetworkManagementClient/27.0.0.0"
        ]
      },
      "RequestBody": "",
      "ResponseHeaders": {
        "Cache-Control": [
          "no-cache"
        ],
        "Pragma": [
          "no-cache"
        ],
        "x-ms-ratelimit-remaining-subscription-deletes": [
          "14999"
        ],
        "mise-correlation-id": [
          "1f25508f-cee7-400f-aa13-902916ae547a"
        ],
        "Strict-Transport-Security": [
          "max-age=31536000; includeSubDomains"
        ],
        "x-ms-request-id": [
          "ee775ada-0cec-4b73-be79-8855a5e40044"
        ],
        "x-ms-correlation-request-id": [
          "ee775ada-0cec-4b73-be79-8855a5e40044"
        ],
        "x-ms-routing-request-id": [
          "EASTUS:20241002T224031Z:ee775ada-0cec-4b73-be79-8855a5e40044"
        ],
        "X-Content-Type-Options": [
          "nosniff"
        ],
        "X-Cache": [
          "CONFIG_NOCACHE"
        ],
        "X-MSEdge-Ref": [
          "Ref A: AAB5442F62A6451589D889843640A5B2 Ref B: BN1AA2051013019 Ref C: 2024-10-02T22:40:29Z"
        ],
        "Date": [
          "Wed, 02 Oct 2024 22:40:31 GMT"
        ],
        "Expires": [
          "-1"
        ]
      },
      "ResponseBody": "",
      "StatusCode": 204
    },
    {
      "RequestUri": "/subscriptions/c9295b92-3574-4021-95a1-26c8f74f8359/resourcegroups/ps1018?api-version=2016-09-01",
      "EncodedRequestUri": "L3N1YnNjcmlwdGlvbnMvYzkyOTViOTItMzU3NC00MDIxLTk1YTEtMjZjOGY3NGY4MzU5L3Jlc291cmNlZ3JvdXBzL3BzMTAxOD9hcGktdmVyc2lvbj0yMDE2LTA5LTAx",
      "RequestMethod": "DELETE",
      "RequestHeaders": {
        "x-ms-client-request-id": [
          "8179b937-a469-412c-ab3f-73782baf5d38"
        ],
        "Accept-Language": [
          "en-US"
        ],
        "User-Agent": [
          "FxVersion/6.0.3324.36610",
          "OSName/Windows",
          "OSVersion/Microsoft.Windows.10.0.26100",
          "Microsoft.Azure.Management.Internal.Resources.ResourceManagementClient/1.3.101"
        ]
      },
      "RequestBody": "",
      "ResponseHeaders": {
        "Cache-Control": [
          "no-cache"
        ],
        "Pragma": [
          "no-cache"
        ],
        "Location": [
          "https://management.azure.com/subscriptions/c9295b92-3574-4021-95a1-26c8f74f8359/operationresults/eyJqb2JJZCI6IlJFU09VUkNFR1JPVVBERUxFVElPTkpPQi1QUzEwMTgtQ0VOVFJBTFVTRVVBUCIsImpvYkxvY2F0aW9uIjoiY2VudHJhbHVzZXVhcCJ9?api-version=2016-09-01&t=638635056325862184&c=MIIHhzCCBm-gAwIBAgITHgVqhF9GOoUjuyqQWAAABWqEXzANBgkqhkiG9w0BAQsFADBEMRMwEQYKCZImiZPyLGQBGRYDR0JMMRMwEQYKCZImiZPyLGQBGRYDQU1FMRgwFgYDVQQDEw9BTUUgSW5mcmEgQ0EgMDYwHhcNMjQwOTIwMjMxMTQxWhcNMjUwMzE5MjMxMTQxWjBAMT4wPAYDVQQDEzVhc3luY29wZXJhdGlvbnNpZ25pbmdjZXJ0aWZpY2F0ZS5tYW5hZ2VtZW50LmF6dXJlLmNvbTCCASIwDQYJKoZIhvcNAQEBBQADggEPADCCAQoCggEBAKRtcYDBXS7zz5tRtvVyhrUAjudYhej1E2D3dp6XWuPdbVMbQZwMlye8vdT-kDhFD7T2mrdWqsoGnTGk0_xOHBfLGnW-0QRUqpeoTNIhu8vc2CfTUtm2t2s_-fzvFtRyhDA4mfCH1cz92EVj0vd3FD4ikW6bdOp1NkYFqUVBhKlbvJk6y-TbLFBLP5Zx4m0Ua-_P7aMzbgvOJgMOTC2jLs5w_lFDJWeP3IKUOiJmrfLpf4ey5Ov94oCE6YncDBSHJZKWcrSxDHgSz9AXrxarL4HLajGbF3MRvfkMN2gNXCoiJXBEqCLDnyQZ0BgXIvuK7vG8Rj0TyhJNj-QPr8taY6UCAwEAAaOCBHQwggRwMCcGCSsGAQQBgjcVCgQaMBgwCgYIKwYBBQUHAwEwCgYIKwYBBQUHAwIwPQYJKwYBBAGCNxUHBDAwLgYmKwYBBAGCNxUIhpDjDYTVtHiE8Ys-hZvdFs6dEoFghfmRS4WsmTQCAWQCAQcwggHLBggrBgEFBQcBAQSCAb0wggG5MGMGCCsGAQUFBzAChldodHRwOi8vY3JsLm1pY3Jvc29mdC5jb20vcGtpaW5mcmEvQ2VydHMvQkwyUEtJSU5UQ0EwMi5BTUUuR0JMX0FNRSUyMEluZnJhJTIwQ0ElMjAwNi5jcnQwUwYIKwYBBQUHMAKGR2h0dHA6Ly9jcmwxLmFtZS5nYmwvYWlhL0JMMlBLSUlOVENBMDIuQU1FLkdCTF9BTUUlMjBJbmZyYSUyMENBJTIwMDYuY3J0MFMGCCsGAQUFBzAChkdodHRwOi8vY3JsMi5hbWUuZ2JsL2FpYS9CTDJQS0lJTlRDQTAyLkFNRS5HQkxfQU1FJTIwSW5mcmElMjBDQSUyMDA2LmNydDBTBggrBgEFBQcwAoZHaHR0cDovL2NybDMuYW1lLmdibC9haWEvQkwyUEtJSU5UQ0EwMi5BTUUuR0JMX0FNRSUyMEluZnJhJTIwQ0ElMjAwNi5jcnQwUwYIKwYBBQUHMAKGR2h0dHA6Ly9jcmw0LmFtZS5nYmwvYWlhL0JMMlBLSUlOVENBMDIuQU1FLkdCTF9BTUUlMjBJbmZyYSUyMENBJTIwMDYuY3J0MB0GA1UdDgQWBBRKlJQpFyyZKSchkTlshetYOUX7xzAOBgNVHQ8BAf8EBAMCBaAwggEmBgNVHR8EggEdMIIBGTCCARWgggERoIIBDYY_aHR0cDovL2NybC5taWNyb3NvZnQuY29tL3BraWluZnJhL0NSTC9BTUUlMjBJbmZyYSUyMENBJTIwMDYuY3JshjFodHRwOi8vY3JsMS5hbWUuZ2JsL2NybC9BTUUlMjBJbmZyYSUyMENBJTIwMDYuY3JshjFodHRwOi8vY3JsMi5hbWUuZ2JsL2NybC9BTUUlMjBJbmZyYSUyMENBJTIwMDYuY3JshjFodHRwOi8vY3JsMy5hbWUuZ2JsL2NybC9BTUUlMjBJbmZyYSUyMENBJTIwMDYuY3JshjFodHRwOi8vY3JsNC5hbWUuZ2JsL2NybC9BTUUlMjBJbmZyYSUyMENBJTIwMDYuY3JsMIGdBgNVHSAEgZUwgZIwDAYKKwYBBAGCN3sBATBmBgorBgEEAYI3ewICMFgwVgYIKwYBBQUHAgIwSh5IADMAMwBlADAAMQA5ADIAMQAtADQAZAA2ADQALQA0AGYAOABjAC0AYQAwADUANQAtADUAYgBkAGEAZgBmAGQANQBlADMAMwBkMAwGCisGAQQBgjd7AwEwDAYKKwYBBAGCN3sEAjAfBgNVHSMEGDAWgBTxRmjG8cPwKy19i2rhsvm-NfzRQTAdBgNVHSUEFjAUBggrBgEFBQcDAQYIKwYBBQUHAwIwDQYJKoZIhvcNAQELBQADggEBAG0WbzLPsmSSMI7aTe2npixmkdCmwcdZHGd43tUnB8JKrLNJEFcBsQmbcIH0adpnQNrDgRkNBBOTZ4s1LIBlRQapZpPsRItAMUguVpGVRH08T0i43w9xrp_clNbAJrrfRbmYroF0WJKMJ0nwW2rPjxdevSRygGK_nEfywwFi-p1RhHnkiEGL4GnP7PpQcRvAYMdH9LO5MRY7iLbBmosKatS_eWtSJD1CvzglNwy_vQzx81Vnk0CgndqXcVq-loGu7R4U7mkQ2NNqLbp447STxkpP-6Mdyv8J4bdnf1s3vFBNpgvJWKogWcNLlo8jnkbEf6RPNGe1W5lma7JwMKAcPzY&s=P02SUUd7JetEjEObb7IDLZ4JVQA2l5zPGoYz6S3K4N0I0ga_BjREarc9gzgPluO5Vzm5vsbuSKg6wlfkRocq9S-X_PeAxr_WThHFMl7bwlkIHlNMror0_CSMddk_jBA7guHH_P9fQ_83NXYbpZDjXXQ-7nnIw3-EFXdfgzVyFnK2iqorvFwpXgoHN3O4U98VJPXyotv9sS6eu8MEw8QjVIRgWHgpMdcblX60AdW2j5u2xDGW0d7qdBZw3Pkhux57jxgJpbTMOkibEFYhYHklnBUNe72IDVW6GsjSaIvRXBvLJZ4ffqmJJOBvhwO8i1rYKREm1c2je8M21Cr1mhJzCg&h=sOFJnd6pZm0lPEY6a8Zg0w3J8unHOfNerQDVwPuxiTg"
        ],
        "Retry-After": [
          "15"
        ],
        "x-ms-ratelimit-remaining-subscription-deletes": [
          "14999"
        ],
        "x-ms-request-id": [
          "a08bd4f5-9b25-4069-9d74-6f0b48e8e04b"
        ],
        "x-ms-correlation-request-id": [
          "a08bd4f5-9b25-4069-9d74-6f0b48e8e04b"
        ],
        "x-ms-routing-request-id": [
          "EASTUS:20241002T224032Z:a08bd4f5-9b25-4069-9d74-6f0b48e8e04b"
        ],
        "Strict-Transport-Security": [
          "max-age=31536000; includeSubDomains"
        ],
        "X-Content-Type-Options": [
          "nosniff"
        ],
        "X-Cache": [
          "CONFIG_NOCACHE"
        ],
        "X-MSEdge-Ref": [
          "Ref A: 5ABD7471990D4B5482F8261B18C68BA1 Ref B: BN1AA2051012035 Ref C: 2024-10-02T22:40:32Z"
        ],
        "Date": [
          "Wed, 02 Oct 2024 22:40:32 GMT"
        ],
        "Expires": [
          "-1"
        ],
        "Content-Length": [
          "0"
        ]
      },
      "ResponseBody": "",
      "StatusCode": 202
    },
    {
      "RequestUri": "/subscriptions/c9295b92-3574-4021-95a1-26c8f74f8359/operationresults/eyJqb2JJZCI6IlJFU09VUkNFR1JPVVBERUxFVElPTkpPQi1QUzEwMTgtQ0VOVFJBTFVTRVVBUCIsImpvYkxvY2F0aW9uIjoiY2VudHJhbHVzZXVhcCJ9?api-version=2016-09-01&t=638635056325862184&c=MIIHhzCCBm-gAwIBAgITHgVqhF9GOoUjuyqQWAAABWqEXzANBgkqhkiG9w0BAQsFADBEMRMwEQYKCZImiZPyLGQBGRYDR0JMMRMwEQYKCZImiZPyLGQBGRYDQU1FMRgwFgYDVQQDEw9BTUUgSW5mcmEgQ0EgMDYwHhcNMjQwOTIwMjMxMTQxWhcNMjUwMzE5MjMxMTQxWjBAMT4wPAYDVQQDEzVhc3luY29wZXJhdGlvbnNpZ25pbmdjZXJ0aWZpY2F0ZS5tYW5hZ2VtZW50LmF6dXJlLmNvbTCCASIwDQYJKoZIhvcNAQEBBQADggEPADCCAQoCggEBAKRtcYDBXS7zz5tRtvVyhrUAjudYhej1E2D3dp6XWuPdbVMbQZwMlye8vdT-kDhFD7T2mrdWqsoGnTGk0_xOHBfLGnW-0QRUqpeoTNIhu8vc2CfTUtm2t2s_-fzvFtRyhDA4mfCH1cz92EVj0vd3FD4ikW6bdOp1NkYFqUVBhKlbvJk6y-TbLFBLP5Zx4m0Ua-_P7aMzbgvOJgMOTC2jLs5w_lFDJWeP3IKUOiJmrfLpf4ey5Ov94oCE6YncDBSHJZKWcrSxDHgSz9AXrxarL4HLajGbF3MRvfkMN2gNXCoiJXBEqCLDnyQZ0BgXIvuK7vG8Rj0TyhJNj-QPr8taY6UCAwEAAaOCBHQwggRwMCcGCSsGAQQBgjcVCgQaMBgwCgYIKwYBBQUHAwEwCgYIKwYBBQUHAwIwPQYJKwYBBAGCNxUHBDAwLgYmKwYBBAGCNxUIhpDjDYTVtHiE8Ys-hZvdFs6dEoFghfmRS4WsmTQCAWQCAQcwggHLBggrBgEFBQcBAQSCAb0wggG5MGMGCCsGAQUFBzAChldodHRwOi8vY3JsLm1pY3Jvc29mdC5jb20vcGtpaW5mcmEvQ2VydHMvQkwyUEtJSU5UQ0EwMi5BTUUuR0JMX0FNRSUyMEluZnJhJTIwQ0ElMjAwNi5jcnQwUwYIKwYBBQUHMAKGR2h0dHA6Ly9jcmwxLmFtZS5nYmwvYWlhL0JMMlBLSUlOVENBMDIuQU1FLkdCTF9BTUUlMjBJbmZyYSUyMENBJTIwMDYuY3J0MFMGCCsGAQUFBzAChkdodHRwOi8vY3JsMi5hbWUuZ2JsL2FpYS9CTDJQS0lJTlRDQTAyLkFNRS5HQkxfQU1FJTIwSW5mcmElMjBDQSUyMDA2LmNydDBTBggrBgEFBQcwAoZHaHR0cDovL2NybDMuYW1lLmdibC9haWEvQkwyUEtJSU5UQ0EwMi5BTUUuR0JMX0FNRSUyMEluZnJhJTIwQ0ElMjAwNi5jcnQwUwYIKwYBBQUHMAKGR2h0dHA6Ly9jcmw0LmFtZS5nYmwvYWlhL0JMMlBLSUlOVENBMDIuQU1FLkdCTF9BTUUlMjBJbmZyYSUyMENBJTIwMDYuY3J0MB0GA1UdDgQWBBRKlJQpFyyZKSchkTlshetYOUX7xzAOBgNVHQ8BAf8EBAMCBaAwggEmBgNVHR8EggEdMIIBGTCCARWgggERoIIBDYY_aHR0cDovL2NybC5taWNyb3NvZnQuY29tL3BraWluZnJhL0NSTC9BTUUlMjBJbmZyYSUyMENBJTIwMDYuY3JshjFodHRwOi8vY3JsMS5hbWUuZ2JsL2NybC9BTUUlMjBJbmZyYSUyMENBJTIwMDYuY3JshjFodHRwOi8vY3JsMi5hbWUuZ2JsL2NybC9BTUUlMjBJbmZyYSUyMENBJTIwMDYuY3JshjFodHRwOi8vY3JsMy5hbWUuZ2JsL2NybC9BTUUlMjBJbmZyYSUyMENBJTIwMDYuY3JshjFodHRwOi8vY3JsNC5hbWUuZ2JsL2NybC9BTUUlMjBJbmZyYSUyMENBJTIwMDYuY3JsMIGdBgNVHSAEgZUwgZIwDAYKKwYBBAGCN3sBATBmBgorBgEEAYI3ewICMFgwVgYIKwYBBQUHAgIwSh5IADMAMwBlADAAMQA5ADIAMQAtADQAZAA2ADQALQA0AGYAOABjAC0AYQAwADUANQAtADUAYgBkAGEAZgBmAGQANQBlADMAMwBkMAwGCisGAQQBgjd7AwEwDAYKKwYBBAGCN3sEAjAfBgNVHSMEGDAWgBTxRmjG8cPwKy19i2rhsvm-NfzRQTAdBgNVHSUEFjAUBggrBgEFBQcDAQYIKwYBBQUHAwIwDQYJKoZIhvcNAQELBQADggEBAG0WbzLPsmSSMI7aTe2npixmkdCmwcdZHGd43tUnB8JKrLNJEFcBsQmbcIH0adpnQNrDgRkNBBOTZ4s1LIBlRQapZpPsRItAMUguVpGVRH08T0i43w9xrp_clNbAJrrfRbmYroF0WJKMJ0nwW2rPjxdevSRygGK_nEfywwFi-p1RhHnkiEGL4GnP7PpQcRvAYMdH9LO5MRY7iLbBmosKatS_eWtSJD1CvzglNwy_vQzx81Vnk0CgndqXcVq-loGu7R4U7mkQ2NNqLbp447STxkpP-6Mdyv8J4bdnf1s3vFBNpgvJWKogWcNLlo8jnkbEf6RPNGe1W5lma7JwMKAcPzY&s=P02SUUd7JetEjEObb7IDLZ4JVQA2l5zPGoYz6S3K4N0I0ga_BjREarc9gzgPluO5Vzm5vsbuSKg6wlfkRocq9S-X_PeAxr_WThHFMl7bwlkIHlNMror0_CSMddk_jBA7guHH_P9fQ_83NXYbpZDjXXQ-7nnIw3-EFXdfgzVyFnK2iqorvFwpXgoHN3O4U98VJPXyotv9sS6eu8MEw8QjVIRgWHgpMdcblX60AdW2j5u2xDGW0d7qdBZw3Pkhux57jxgJpbTMOkibEFYhYHklnBUNe72IDVW6GsjSaIvRXBvLJZ4ffqmJJOBvhwO8i1rYKREm1c2je8M21Cr1mhJzCg&h=sOFJnd6pZm0lPEY6a8Zg0w3J8unHOfNerQDVwPuxiTg",
      "EncodedRequestUri": "L3N1YnNjcmlwdGlvbnMvYzkyOTViOTItMzU3NC00MDIxLTk1YTEtMjZjOGY3NGY4MzU5L29wZXJhdGlvbnJlc3VsdHMvZXlKcWIySkpaQ0k2SWxKRlUwOVZVa05GUjFKUFZWQkVSVXhGVkVsUFRrcFBRaTFRVXpFd01UZ3RRMFZPVkZKQlRGVlRSVlZCVUNJc0ltcHZZa3h2WTJGMGFXOXVJam9pWTJWdWRISmhiSFZ6WlhWaGNDSjk/YXBpLXZlcnNpb249MjAxNi0wOS0wMSZ0PTYzODYzNTA1NjMyNTg2MjE4NCZjPU1JSUhoekNDQm0tZ0F3SUJBZ0lUSGdWcWhGOUdPb1VqdXlxUVdBQUFCV3FFWHpBTkJna3Foa2lHOXcwQkFRc0ZBREJFTVJNd0VRWUtDWkltaVpQeUxHUUJHUllEUjBKTU1STXdFUVlLQ1pJbWlaUHlMR1FCR1JZRFFVMUZNUmd3RmdZRFZRUURFdzlCVFVVZ1NXNW1jbUVnUTBFZ01EWXdIaGNOTWpRd09USXdNak14TVRReFdoY05NalV3TXpFNU1qTXhNVFF4V2pCQU1UNHdQQVlEVlFRREV6VmhjM2x1WTI5d1pYSmhkR2x2Ym5OcFoyNXBibWRqWlhKMGFXWnBZMkYwWlM1dFlXNWhaMlZ0Wlc1MExtRjZkWEpsTG1OdmJUQ0NBU0l3RFFZSktvWklodmNOQVFFQkJRQURnZ0VQQURDQ0FRb0NnZ0VCQUtSdGNZREJYUzd6ejV0UnR2VnloclVBanVkWWhlajFFMkQzZHA2WFd1UGRiVk1iUVp3TWx5ZTh2ZFQta0RoRkQ3VDJtcmRXcXNvR25UR2swX3hPSEJmTEduVy0wUVJVcXBlb1ROSWh1OHZjMkNmVFV0bTJ0MnNfLWZ6dkZ0UnloREE0bWZDSDFjejkyRVZqMHZkM0ZENGlrVzZiZE9wMU5rWUZxVVZCaEtsYnZKazZ5LVRiTEZCTFA1Wng0bTBVYS1fUDdhTXpiZ3ZPSmdNT1RDMmpMczV3X2xGREpXZVAzSUtVT2lKbXJmTHBmNGV5NU92OTRvQ0U2WW5jREJTSEpaS1djclN4REhnU3o5QVhyeGFyTDRITGFqR2JGM01SdmZrTU4yZ05YQ29pSlhCRXFDTERueVFaMEJnWEl2dUs3dkc4UmowVHloSk5qLVFQcjh0YVk2VUNBd0VBQWFPQ0JIUXdnZ1J3TUNjR0NTc0dBUVFCZ2pjVkNnUWFNQmd3Q2dZSUt3WUJCUVVIQXdFd0NnWUlLd1lCQlFVSEF3SXdQUVlKS3dZQkJBR0NOeFVIQkRBd0xnWW1Ld1lCQkFHQ054VUlocERqRFlUVnRIaUU4WXMtaFp2ZEZzNmRFb0ZnaGZtUlM0V3NtVFFDQVdRQ0FRY3dnZ0hMQmdnckJnRUZCUWNCQVFTQ0FiMHdnZ0c1TUdNR0NDc0dBUVVGQnpBQ2hsZG9kSFJ3T2k4dlkzSnNMbTFwWTNKdmMyOW1kQzVqYjIwdmNHdHBhVzVtY21FdlEyVnlkSE12UWt3eVVFdEpTVTVVUTBFd01pNUJUVVV1UjBKTVgwRk5SU1V5TUVsdVpuSmhKVEl3UTBFbE1qQXdOaTVqY25Rd1V3WUlLd1lCQlFVSE1BS0dSMmgwZEhBNkx5OWpjbXd4TG1GdFpTNW5ZbXd2WVdsaEwwSk1NbEJMU1VsT1ZFTkJNREl1UVUxRkxrZENURjlCVFVVbE1qQkpibVp5WVNVeU1FTkJKVEl3TURZdVkzSjBNRk1HQ0NzR0FRVUZCekFDaGtkb2RIUndPaTh2WTNKc01pNWhiV1V1WjJKc0wyRnBZUzlDVERKUVMwbEpUbFJEUVRBeUxrRk5SUzVIUWt4ZlFVMUZKVEl3U1c1bWNtRWxNakJEUVNVeU1EQTJMbU55ZERCVEJnZ3JCZ0VGQlFjd0FvWkhhSFIwY0RvdkwyTnliRE11WVcxbExtZGliQzloYVdFdlFrd3lVRXRKU1U1VVEwRXdNaTVCVFVVdVIwSk1YMEZOUlNVeU1FbHVabkpoSlRJd1EwRWxNakF3Tmk1amNuUXdVd1lJS3dZQkJRVUhNQUtHUjJoMGRIQTZMeTlqY213MExtRnRaUzVuWW13dllXbGhMMEpNTWxCTFNVbE9WRU5CTURJdVFVMUZMa2RDVEY5QlRVVWxNakJKYm1aeVlTVXlNRU5CSlRJd01EWXVZM0owTUIwR0ExVWREZ1FXQkJSS2xKUXBGeXlaS1NjaGtUbHNoZXRZT1VYN3h6QU9CZ05WSFE4QkFmOEVCQU1DQmFBd2dnRW1CZ05WSFI4RWdnRWRNSUlCR1RDQ0FSV2dnZ0VSb0lJQkRZWV9hSFIwY0RvdkwyTnliQzV0YVdOeWIzTnZablF1WTI5dEwzQnJhV2x1Wm5KaEwwTlNUQzlCVFVVbE1qQkpibVp5WVNVeU1FTkJKVEl3TURZdVkzSnNoakZvZEhSd09pOHZZM0pzTVM1aGJXVXVaMkpzTDJOeWJDOUJUVVVsTWpCSmJtWnlZU1V5TUVOQkpUSXdNRFl1WTNKc2hqRm9kSFJ3T2k4dlkzSnNNaTVoYldVdVoySnNMMk55YkM5QlRVVWxNakJKYm1aeVlTVXlNRU5CSlRJd01EWXVZM0pzaGpGb2RIUndPaTh2WTNKc015NWhiV1V1WjJKc0wyTnliQzlCVFVVbE1qQkpibVp5WVNVeU1FTkJKVEl3TURZdVkzSnNoakZvZEhSd09pOHZZM0pzTkM1aGJXVXVaMkpzTDJOeWJDOUJUVVVsTWpCSmJtWnlZU1V5TUVOQkpUSXdNRFl1WTNKc01JR2RCZ05WSFNBRWdaVXdnWkl3REFZS0t3WUJCQUdDTjNzQkFUQm1CZ29yQmdFRUFZSTNld0lDTUZnd1ZnWUlLd1lCQlFVSEFnSXdTaDVJQURNQU13QmxBREFBTVFBNUFESUFNUUF0QURRQVpBQTJBRFFBTFFBMEFHWUFPQUJqQUMwQVlRQXdBRFVBTlFBdEFEVUFZZ0JrQUdFQVpnQm1BR1FBTlFCbEFETUFNd0JrTUF3R0Npc0dBUVFCZ2pkN0F3RXdEQVlLS3dZQkJBR0NOM3NFQWpBZkJnTlZIU01FR0RBV2dCVHhSbWpHOGNQd0t5MTlpMnJoc3ZtLU5melJRVEFkQmdOVkhTVUVGakFVQmdnckJnRUZCUWNEQVFZSUt3WUJCUVVIQXdJd0RRWUpLb1pJaHZjTkFRRUxCUUFEZ2dFQkFHMFdiekxQc21TU01JN2FUZTJucGl4bWtkQ213Y2RaSEdkNDN0VW5COEpLckxOSkVGY0JzUW1iY0lIMGFkcG5RTnJEZ1JrTkJCT1RaNHMxTElCbFJRYXBacFBzUkl0QU1VZ3VWcEdWUkgwOFQwaTQzdzl4cnBfY2xOYkFKcnJmUmJtWXJvRjBXSktNSjBud1cyclBqeGRldlNSeWdHS19uRWZ5d3dGaS1wMVJoSG5raUVHTDRHblA3UHBRY1J2QVlNZEg5TE81TVJZN2lMYkJtb3NLYXRTX2VXdFNKRDFDdnpnbE53eV92UXp4ODFWbmswQ2duZHFYY1ZxLWxvR3U3UjRVN21rUTJOTnFMYnA0NDdTVHhrcFAtNk1keXY4SjRiZG5mMXMzdkZCTnBndkpXS29nV2NOTGxvOGpua2JFZjZSUE5HZTFXNWxtYTdKd01LQWNQelkmcz1QMDJTVVVkN0pldEVqRU9iYjdJRExaNEpWUUEybDV6UEdvWXo2UzNLNE4wSTBnYV9CalJFYXJjOWd6Z1BsdU81VnptNXZzYnVTS2c2d2xma1JvY3E5Uy1YX1BlQXhyX1dUaEhGTWw3Yndsa0lIbE5Ncm9yMF9DU01kZGtfakJBN2d1SEhfUDlmUV84M05YWWJwWkRqWFhRLTdubkl3My1FRlhkZmd6VnlGbksyaXFvcnZGd3BYZ29ITjNPNFU5OFZKUFh5b3R2OXNTNmV1OE1FdzhRalZJUmdXSGdwTWRjYmxYNjBBZFcyajV1MnhER1cwZDdxZEJadzNQa2h1eDU3anhnSnBiVE1Pa2liRUZZaFlIa2xuQlVOZTcySURWVzZHc2pTYUl2UlhCdkxKWjRmZnFtSkpPQnZod084aTFyWUtSRW0xYzJqZThNMjFDcjFtaEp6Q2cmaD1zT0ZKbmQ2cFptMGxQRVk2YThaZzB3M0o4dW5IT2ZOZXJRRFZ3UHV4aVRn",
      "RequestMethod": "GET",
      "RequestHeaders": {
        "User-Agent": [
          "FxVersion/6.0.3324.36610",
          "OSName/Windows",
          "OSVersion/Microsoft.Windows.10.0.26100",
          "Microsoft.Azure.Management.Internal.Resources.ResourceManagementClient/1.3.101"
        ]
      },
      "RequestBody": "",
      "ResponseHeaders": {
        "Cache-Control": [
          "no-cache"
        ],
        "Pragma": [
          "no-cache"
        ],
        "Location": [
          "https://management.azure.com/subscriptions/c9295b92-3574-4021-95a1-26c8f74f8359/operationresults/eyJqb2JJZCI6IlJFU09VUkNFR1JPVVBERUxFVElPTkpPQi1QUzEwMTgtQ0VOVFJBTFVTRVVBUCIsImpvYkxvY2F0aW9uIjoiY2VudHJhbHVzZXVhcCJ9?api-version=2016-09-01&t=638635056480181859&c=MIIHhzCCBm-gAwIBAgITHgVqhF9GOoUjuyqQWAAABWqEXzANBgkqhkiG9w0BAQsFADBEMRMwEQYKCZImiZPyLGQBGRYDR0JMMRMwEQYKCZImiZPyLGQBGRYDQU1FMRgwFgYDVQQDEw9BTUUgSW5mcmEgQ0EgMDYwHhcNMjQwOTIwMjMxMTQxWhcNMjUwMzE5MjMxMTQxWjBAMT4wPAYDVQQDEzVhc3luY29wZXJhdGlvbnNpZ25pbmdjZXJ0aWZpY2F0ZS5tYW5hZ2VtZW50LmF6dXJlLmNvbTCCASIwDQYJKoZIhvcNAQEBBQADggEPADCCAQoCggEBAKRtcYDBXS7zz5tRtvVyhrUAjudYhej1E2D3dp6XWuPdbVMbQZwMlye8vdT-kDhFD7T2mrdWqsoGnTGk0_xOHBfLGnW-0QRUqpeoTNIhu8vc2CfTUtm2t2s_-fzvFtRyhDA4mfCH1cz92EVj0vd3FD4ikW6bdOp1NkYFqUVBhKlbvJk6y-TbLFBLP5Zx4m0Ua-_P7aMzbgvOJgMOTC2jLs5w_lFDJWeP3IKUOiJmrfLpf4ey5Ov94oCE6YncDBSHJZKWcrSxDHgSz9AXrxarL4HLajGbF3MRvfkMN2gNXCoiJXBEqCLDnyQZ0BgXIvuK7vG8Rj0TyhJNj-QPr8taY6UCAwEAAaOCBHQwggRwMCcGCSsGAQQBgjcVCgQaMBgwCgYIKwYBBQUHAwEwCgYIKwYBBQUHAwIwPQYJKwYBBAGCNxUHBDAwLgYmKwYBBAGCNxUIhpDjDYTVtHiE8Ys-hZvdFs6dEoFghfmRS4WsmTQCAWQCAQcwggHLBggrBgEFBQcBAQSCAb0wggG5MGMGCCsGAQUFBzAChldodHRwOi8vY3JsLm1pY3Jvc29mdC5jb20vcGtpaW5mcmEvQ2VydHMvQkwyUEtJSU5UQ0EwMi5BTUUuR0JMX0FNRSUyMEluZnJhJTIwQ0ElMjAwNi5jcnQwUwYIKwYBBQUHMAKGR2h0dHA6Ly9jcmwxLmFtZS5nYmwvYWlhL0JMMlBLSUlOVENBMDIuQU1FLkdCTF9BTUUlMjBJbmZyYSUyMENBJTIwMDYuY3J0MFMGCCsGAQUFBzAChkdodHRwOi8vY3JsMi5hbWUuZ2JsL2FpYS9CTDJQS0lJTlRDQTAyLkFNRS5HQkxfQU1FJTIwSW5mcmElMjBDQSUyMDA2LmNydDBTBggrBgEFBQcwAoZHaHR0cDovL2NybDMuYW1lLmdibC9haWEvQkwyUEtJSU5UQ0EwMi5BTUUuR0JMX0FNRSUyMEluZnJhJTIwQ0ElMjAwNi5jcnQwUwYIKwYBBQUHMAKGR2h0dHA6Ly9jcmw0LmFtZS5nYmwvYWlhL0JMMlBLSUlOVENBMDIuQU1FLkdCTF9BTUUlMjBJbmZyYSUyMENBJTIwMDYuY3J0MB0GA1UdDgQWBBRKlJQpFyyZKSchkTlshetYOUX7xzAOBgNVHQ8BAf8EBAMCBaAwggEmBgNVHR8EggEdMIIBGTCCARWgggERoIIBDYY_aHR0cDovL2NybC5taWNyb3NvZnQuY29tL3BraWluZnJhL0NSTC9BTUUlMjBJbmZyYSUyMENBJTIwMDYuY3JshjFodHRwOi8vY3JsMS5hbWUuZ2JsL2NybC9BTUUlMjBJbmZyYSUyMENBJTIwMDYuY3JshjFodHRwOi8vY3JsMi5hbWUuZ2JsL2NybC9BTUUlMjBJbmZyYSUyMENBJTIwMDYuY3JshjFodHRwOi8vY3JsMy5hbWUuZ2JsL2NybC9BTUUlMjBJbmZyYSUyMENBJTIwMDYuY3JshjFodHRwOi8vY3JsNC5hbWUuZ2JsL2NybC9BTUUlMjBJbmZyYSUyMENBJTIwMDYuY3JsMIGdBgNVHSAEgZUwgZIwDAYKKwYBBAGCN3sBATBmBgorBgEEAYI3ewICMFgwVgYIKwYBBQUHAgIwSh5IADMAMwBlADAAMQA5ADIAMQAtADQAZAA2ADQALQA0AGYAOABjAC0AYQAwADUANQAtADUAYgBkAGEAZgBmAGQANQBlADMAMwBkMAwGCisGAQQBgjd7AwEwDAYKKwYBBAGCN3sEAjAfBgNVHSMEGDAWgBTxRmjG8cPwKy19i2rhsvm-NfzRQTAdBgNVHSUEFjAUBggrBgEFBQcDAQYIKwYBBQUHAwIwDQYJKoZIhvcNAQELBQADggEBAG0WbzLPsmSSMI7aTe2npixmkdCmwcdZHGd43tUnB8JKrLNJEFcBsQmbcIH0adpnQNrDgRkNBBOTZ4s1LIBlRQapZpPsRItAMUguVpGVRH08T0i43w9xrp_clNbAJrrfRbmYroF0WJKMJ0nwW2rPjxdevSRygGK_nEfywwFi-p1RhHnkiEGL4GnP7PpQcRvAYMdH9LO5MRY7iLbBmosKatS_eWtSJD1CvzglNwy_vQzx81Vnk0CgndqXcVq-loGu7R4U7mkQ2NNqLbp447STxkpP-6Mdyv8J4bdnf1s3vFBNpgvJWKogWcNLlo8jnkbEf6RPNGe1W5lma7JwMKAcPzY&s=Ft5MZ2du4Asx6SuL_Y0pzCISL8IfuRUWyvELkUIOdlsBNUTq6M8b1mURy15MNaDaRbwR-3uHnzyt8KtpTpyBla35xCCFzpQuyyB15fEHjOGswAHO-KKfR1tTh91bZchZMUch6UjwlDs0MgRNTxwdNY1PX2Yugwt08EeTKZtsmoujWW5jMkDAgJC5yrzpAO_QY7gfxAURvEnZewb8eef5WhvrF4zPVJ5iWGbUkjESyrgGh83_SEWGI-4QbzY4XNVuGHqZRErmJJ9JWvXj5E2o8PgKEOIAU-S_h9V0jOgbQBmo_TJiNVtpUE254a8HeStFtEoR6xVfXpP3hJGt4cY2Aw&h=UKzoSQ8WaPQQOZSib4XTb8VuwcPidx_cvjdt7Ubk3e8"
        ],
        "Retry-After": [
          "15"
        ],
        "x-ms-ratelimit-remaining-subscription-reads": [
          "11999"
        ],
        "x-ms-request-id": [
          "20c4042a-40fa-410f-9ba2-d248374ceeb3"
        ],
        "x-ms-correlation-request-id": [
          "20c4042a-40fa-410f-9ba2-d248374ceeb3"
        ],
        "x-ms-routing-request-id": [
          "EASTUS:20241002T224048Z:20c4042a-40fa-410f-9ba2-d248374ceeb3"
        ],
        "Strict-Transport-Security": [
          "max-age=31536000; includeSubDomains"
        ],
        "X-Content-Type-Options": [
          "nosniff"
        ],
        "X-Cache": [
          "CONFIG_NOCACHE"
        ],
        "X-MSEdge-Ref": [
          "Ref A: 9876596C866D46578BF7217BE93B759E Ref B: BN1AA2051012035 Ref C: 2024-10-02T22:40:47Z"
        ],
        "Date": [
          "Wed, 02 Oct 2024 22:40:47 GMT"
        ],
        "Expires": [
          "-1"
        ],
        "Content-Length": [
          "0"
        ]
      },
      "ResponseBody": "",
      "StatusCode": 202
    },
    {
      "RequestUri": "/subscriptions/c9295b92-3574-4021-95a1-26c8f74f8359/operationresults/eyJqb2JJZCI6IlJFU09VUkNFR1JPVVBERUxFVElPTkpPQi1QUzEwMTgtQ0VOVFJBTFVTRVVBUCIsImpvYkxvY2F0aW9uIjoiY2VudHJhbHVzZXVhcCJ9?api-version=2016-09-01&t=638635056480181859&c=MIIHhzCCBm-gAwIBAgITHgVqhF9GOoUjuyqQWAAABWqEXzANBgkqhkiG9w0BAQsFADBEMRMwEQYKCZImiZPyLGQBGRYDR0JMMRMwEQYKCZImiZPyLGQBGRYDQU1FMRgwFgYDVQQDEw9BTUUgSW5mcmEgQ0EgMDYwHhcNMjQwOTIwMjMxMTQxWhcNMjUwMzE5MjMxMTQxWjBAMT4wPAYDVQQDEzVhc3luY29wZXJhdGlvbnNpZ25pbmdjZXJ0aWZpY2F0ZS5tYW5hZ2VtZW50LmF6dXJlLmNvbTCCASIwDQYJKoZIhvcNAQEBBQADggEPADCCAQoCggEBAKRtcYDBXS7zz5tRtvVyhrUAjudYhej1E2D3dp6XWuPdbVMbQZwMlye8vdT-kDhFD7T2mrdWqsoGnTGk0_xOHBfLGnW-0QRUqpeoTNIhu8vc2CfTUtm2t2s_-fzvFtRyhDA4mfCH1cz92EVj0vd3FD4ikW6bdOp1NkYFqUVBhKlbvJk6y-TbLFBLP5Zx4m0Ua-_P7aMzbgvOJgMOTC2jLs5w_lFDJWeP3IKUOiJmrfLpf4ey5Ov94oCE6YncDBSHJZKWcrSxDHgSz9AXrxarL4HLajGbF3MRvfkMN2gNXCoiJXBEqCLDnyQZ0BgXIvuK7vG8Rj0TyhJNj-QPr8taY6UCAwEAAaOCBHQwggRwMCcGCSsGAQQBgjcVCgQaMBgwCgYIKwYBBQUHAwEwCgYIKwYBBQUHAwIwPQYJKwYBBAGCNxUHBDAwLgYmKwYBBAGCNxUIhpDjDYTVtHiE8Ys-hZvdFs6dEoFghfmRS4WsmTQCAWQCAQcwggHLBggrBgEFBQcBAQSCAb0wggG5MGMGCCsGAQUFBzAChldodHRwOi8vY3JsLm1pY3Jvc29mdC5jb20vcGtpaW5mcmEvQ2VydHMvQkwyUEtJSU5UQ0EwMi5BTUUuR0JMX0FNRSUyMEluZnJhJTIwQ0ElMjAwNi5jcnQwUwYIKwYBBQUHMAKGR2h0dHA6Ly9jcmwxLmFtZS5nYmwvYWlhL0JMMlBLSUlOVENBMDIuQU1FLkdCTF9BTUUlMjBJbmZyYSUyMENBJTIwMDYuY3J0MFMGCCsGAQUFBzAChkdodHRwOi8vY3JsMi5hbWUuZ2JsL2FpYS9CTDJQS0lJTlRDQTAyLkFNRS5HQkxfQU1FJTIwSW5mcmElMjBDQSUyMDA2LmNydDBTBggrBgEFBQcwAoZHaHR0cDovL2NybDMuYW1lLmdibC9haWEvQkwyUEtJSU5UQ0EwMi5BTUUuR0JMX0FNRSUyMEluZnJhJTIwQ0ElMjAwNi5jcnQwUwYIKwYBBQUHMAKGR2h0dHA6Ly9jcmw0LmFtZS5nYmwvYWlhL0JMMlBLSUlOVENBMDIuQU1FLkdCTF9BTUUlMjBJbmZyYSUyMENBJTIwMDYuY3J0MB0GA1UdDgQWBBRKlJQpFyyZKSchkTlshetYOUX7xzAOBgNVHQ8BAf8EBAMCBaAwggEmBgNVHR8EggEdMIIBGTCCARWgggERoIIBDYY_aHR0cDovL2NybC5taWNyb3NvZnQuY29tL3BraWluZnJhL0NSTC9BTUUlMjBJbmZyYSUyMENBJTIwMDYuY3JshjFodHRwOi8vY3JsMS5hbWUuZ2JsL2NybC9BTUUlMjBJbmZyYSUyMENBJTIwMDYuY3JshjFodHRwOi8vY3JsMi5hbWUuZ2JsL2NybC9BTUUlMjBJbmZyYSUyMENBJTIwMDYuY3JshjFodHRwOi8vY3JsMy5hbWUuZ2JsL2NybC9BTUUlMjBJbmZyYSUyMENBJTIwMDYuY3JshjFodHRwOi8vY3JsNC5hbWUuZ2JsL2NybC9BTUUlMjBJbmZyYSUyMENBJTIwMDYuY3JsMIGdBgNVHSAEgZUwgZIwDAYKKwYBBAGCN3sBATBmBgorBgEEAYI3ewICMFgwVgYIKwYBBQUHAgIwSh5IADMAMwBlADAAMQA5ADIAMQAtADQAZAA2ADQALQA0AGYAOABjAC0AYQAwADUANQAtADUAYgBkAGEAZgBmAGQANQBlADMAMwBkMAwGCisGAQQBgjd7AwEwDAYKKwYBBAGCN3sEAjAfBgNVHSMEGDAWgBTxRmjG8cPwKy19i2rhsvm-NfzRQTAdBgNVHSUEFjAUBggrBgEFBQcDAQYIKwYBBQUHAwIwDQYJKoZIhvcNAQELBQADggEBAG0WbzLPsmSSMI7aTe2npixmkdCmwcdZHGd43tUnB8JKrLNJEFcBsQmbcIH0adpnQNrDgRkNBBOTZ4s1LIBlRQapZpPsRItAMUguVpGVRH08T0i43w9xrp_clNbAJrrfRbmYroF0WJKMJ0nwW2rPjxdevSRygGK_nEfywwFi-p1RhHnkiEGL4GnP7PpQcRvAYMdH9LO5MRY7iLbBmosKatS_eWtSJD1CvzglNwy_vQzx81Vnk0CgndqXcVq-loGu7R4U7mkQ2NNqLbp447STxkpP-6Mdyv8J4bdnf1s3vFBNpgvJWKogWcNLlo8jnkbEf6RPNGe1W5lma7JwMKAcPzY&s=Ft5MZ2du4Asx6SuL_Y0pzCISL8IfuRUWyvELkUIOdlsBNUTq6M8b1mURy15MNaDaRbwR-3uHnzyt8KtpTpyBla35xCCFzpQuyyB15fEHjOGswAHO-KKfR1tTh91bZchZMUch6UjwlDs0MgRNTxwdNY1PX2Yugwt08EeTKZtsmoujWW5jMkDAgJC5yrzpAO_QY7gfxAURvEnZewb8eef5WhvrF4zPVJ5iWGbUkjESyrgGh83_SEWGI-4QbzY4XNVuGHqZRErmJJ9JWvXj5E2o8PgKEOIAU-S_h9V0jOgbQBmo_TJiNVtpUE254a8HeStFtEoR6xVfXpP3hJGt4cY2Aw&h=UKzoSQ8WaPQQOZSib4XTb8VuwcPidx_cvjdt7Ubk3e8",
      "EncodedRequestUri": "L3N1YnNjcmlwdGlvbnMvYzkyOTViOTItMzU3NC00MDIxLTk1YTEtMjZjOGY3NGY4MzU5L29wZXJhdGlvbnJlc3VsdHMvZXlKcWIySkpaQ0k2SWxKRlUwOVZVa05GUjFKUFZWQkVSVXhGVkVsUFRrcFBRaTFRVXpFd01UZ3RRMFZPVkZKQlRGVlRSVlZCVUNJc0ltcHZZa3h2WTJGMGFXOXVJam9pWTJWdWRISmhiSFZ6WlhWaGNDSjk/YXBpLXZlcnNpb249MjAxNi0wOS0wMSZ0PTYzODYzNTA1NjQ4MDE4MTg1OSZjPU1JSUhoekNDQm0tZ0F3SUJBZ0lUSGdWcWhGOUdPb1VqdXlxUVdBQUFCV3FFWHpBTkJna3Foa2lHOXcwQkFRc0ZBREJFTVJNd0VRWUtDWkltaVpQeUxHUUJHUllEUjBKTU1STXdFUVlLQ1pJbWlaUHlMR1FCR1JZRFFVMUZNUmd3RmdZRFZRUURFdzlCVFVVZ1NXNW1jbUVnUTBFZ01EWXdIaGNOTWpRd09USXdNak14TVRReFdoY05NalV3TXpFNU1qTXhNVFF4V2pCQU1UNHdQQVlEVlFRREV6VmhjM2x1WTI5d1pYSmhkR2x2Ym5OcFoyNXBibWRqWlhKMGFXWnBZMkYwWlM1dFlXNWhaMlZ0Wlc1MExtRjZkWEpsTG1OdmJUQ0NBU0l3RFFZSktvWklodmNOQVFFQkJRQURnZ0VQQURDQ0FRb0NnZ0VCQUtSdGNZREJYUzd6ejV0UnR2VnloclVBanVkWWhlajFFMkQzZHA2WFd1UGRiVk1iUVp3TWx5ZTh2ZFQta0RoRkQ3VDJtcmRXcXNvR25UR2swX3hPSEJmTEduVy0wUVJVcXBlb1ROSWh1OHZjMkNmVFV0bTJ0MnNfLWZ6dkZ0UnloREE0bWZDSDFjejkyRVZqMHZkM0ZENGlrVzZiZE9wMU5rWUZxVVZCaEtsYnZKazZ5LVRiTEZCTFA1Wng0bTBVYS1fUDdhTXpiZ3ZPSmdNT1RDMmpMczV3X2xGREpXZVAzSUtVT2lKbXJmTHBmNGV5NU92OTRvQ0U2WW5jREJTSEpaS1djclN4REhnU3o5QVhyeGFyTDRITGFqR2JGM01SdmZrTU4yZ05YQ29pSlhCRXFDTERueVFaMEJnWEl2dUs3dkc4UmowVHloSk5qLVFQcjh0YVk2VUNBd0VBQWFPQ0JIUXdnZ1J3TUNjR0NTc0dBUVFCZ2pjVkNnUWFNQmd3Q2dZSUt3WUJCUVVIQXdFd0NnWUlLd1lCQlFVSEF3SXdQUVlKS3dZQkJBR0NOeFVIQkRBd0xnWW1Ld1lCQkFHQ054VUlocERqRFlUVnRIaUU4WXMtaFp2ZEZzNmRFb0ZnaGZtUlM0V3NtVFFDQVdRQ0FRY3dnZ0hMQmdnckJnRUZCUWNCQVFTQ0FiMHdnZ0c1TUdNR0NDc0dBUVVGQnpBQ2hsZG9kSFJ3T2k4dlkzSnNMbTFwWTNKdmMyOW1kQzVqYjIwdmNHdHBhVzVtY21FdlEyVnlkSE12UWt3eVVFdEpTVTVVUTBFd01pNUJUVVV1UjBKTVgwRk5SU1V5TUVsdVpuSmhKVEl3UTBFbE1qQXdOaTVqY25Rd1V3WUlLd1lCQlFVSE1BS0dSMmgwZEhBNkx5OWpjbXd4TG1GdFpTNW5ZbXd2WVdsaEwwSk1NbEJMU1VsT1ZFTkJNREl1UVUxRkxrZENURjlCVFVVbE1qQkpibVp5WVNVeU1FTkJKVEl3TURZdVkzSjBNRk1HQ0NzR0FRVUZCekFDaGtkb2RIUndPaTh2WTNKc01pNWhiV1V1WjJKc0wyRnBZUzlDVERKUVMwbEpUbFJEUVRBeUxrRk5SUzVIUWt4ZlFVMUZKVEl3U1c1bWNtRWxNakJEUVNVeU1EQTJMbU55ZERCVEJnZ3JCZ0VGQlFjd0FvWkhhSFIwY0RvdkwyTnliRE11WVcxbExtZGliQzloYVdFdlFrd3lVRXRKU1U1VVEwRXdNaTVCVFVVdVIwSk1YMEZOUlNVeU1FbHVabkpoSlRJd1EwRWxNakF3Tmk1amNuUXdVd1lJS3dZQkJRVUhNQUtHUjJoMGRIQTZMeTlqY213MExtRnRaUzVuWW13dllXbGhMMEpNTWxCTFNVbE9WRU5CTURJdVFVMUZMa2RDVEY5QlRVVWxNakJKYm1aeVlTVXlNRU5CSlRJd01EWXVZM0owTUIwR0ExVWREZ1FXQkJSS2xKUXBGeXlaS1NjaGtUbHNoZXRZT1VYN3h6QU9CZ05WSFE4QkFmOEVCQU1DQmFBd2dnRW1CZ05WSFI4RWdnRWRNSUlCR1RDQ0FSV2dnZ0VSb0lJQkRZWV9hSFIwY0RvdkwyTnliQzV0YVdOeWIzTnZablF1WTI5dEwzQnJhV2x1Wm5KaEwwTlNUQzlCVFVVbE1qQkpibVp5WVNVeU1FTkJKVEl3TURZdVkzSnNoakZvZEhSd09pOHZZM0pzTVM1aGJXVXVaMkpzTDJOeWJDOUJUVVVsTWpCSmJtWnlZU1V5TUVOQkpUSXdNRFl1WTNKc2hqRm9kSFJ3T2k4dlkzSnNNaTVoYldVdVoySnNMMk55YkM5QlRVVWxNakJKYm1aeVlTVXlNRU5CSlRJd01EWXVZM0pzaGpGb2RIUndPaTh2WTNKc015NWhiV1V1WjJKc0wyTnliQzlCVFVVbE1qQkpibVp5WVNVeU1FTkJKVEl3TURZdVkzSnNoakZvZEhSd09pOHZZM0pzTkM1aGJXVXVaMkpzTDJOeWJDOUJUVVVsTWpCSmJtWnlZU1V5TUVOQkpUSXdNRFl1WTNKc01JR2RCZ05WSFNBRWdaVXdnWkl3REFZS0t3WUJCQUdDTjNzQkFUQm1CZ29yQmdFRUFZSTNld0lDTUZnd1ZnWUlLd1lCQlFVSEFnSXdTaDVJQURNQU13QmxBREFBTVFBNUFESUFNUUF0QURRQVpBQTJBRFFBTFFBMEFHWUFPQUJqQUMwQVlRQXdBRFVBTlFBdEFEVUFZZ0JrQUdFQVpnQm1BR1FBTlFCbEFETUFNd0JrTUF3R0Npc0dBUVFCZ2pkN0F3RXdEQVlLS3dZQkJBR0NOM3NFQWpBZkJnTlZIU01FR0RBV2dCVHhSbWpHOGNQd0t5MTlpMnJoc3ZtLU5melJRVEFkQmdOVkhTVUVGakFVQmdnckJnRUZCUWNEQVFZSUt3WUJCUVVIQXdJd0RRWUpLb1pJaHZjTkFRRUxCUUFEZ2dFQkFHMFdiekxQc21TU01JN2FUZTJucGl4bWtkQ213Y2RaSEdkNDN0VW5COEpLckxOSkVGY0JzUW1iY0lIMGFkcG5RTnJEZ1JrTkJCT1RaNHMxTElCbFJRYXBacFBzUkl0QU1VZ3VWcEdWUkgwOFQwaTQzdzl4cnBfY2xOYkFKcnJmUmJtWXJvRjBXSktNSjBud1cyclBqeGRldlNSeWdHS19uRWZ5d3dGaS1wMVJoSG5raUVHTDRHblA3UHBRY1J2QVlNZEg5TE81TVJZN2lMYkJtb3NLYXRTX2VXdFNKRDFDdnpnbE53eV92UXp4ODFWbmswQ2duZHFYY1ZxLWxvR3U3UjRVN21rUTJOTnFMYnA0NDdTVHhrcFAtNk1keXY4SjRiZG5mMXMzdkZCTnBndkpXS29nV2NOTGxvOGpua2JFZjZSUE5HZTFXNWxtYTdKd01LQWNQelkmcz1GdDVNWjJkdTRBc3g2U3VMX1kwcHpDSVNMOElmdVJVV3l2RUxrVUlPZGxzQk5VVHE2TThiMW1VUnkxNU1OYURhUmJ3Ui0zdUhuenl0OEt0cFRweUJsYTM1eENDRnpwUXV5eUIxNWZFSGpPR3N3QUhPLUtLZlIxdFRoOTFiWmNoWk1VY2g2VWp3bERzME1nUk5UeHdkTlkxUFgyWXVnd3QwOEVlVEtadHNtb3VqV1c1ak1rREFnSkM1eXJ6cEFPX1FZN2dmeEFVUnZFblpld2I4ZWVmNVdodnJGNHpQVko1aVdHYlVrakVTeXJnR2g4M19TRVdHSS00UWJ6WTRYTlZ1R0hxWlJFcm1KSjlKV3ZYajVFMm84UGdLRU9JQVUtU19oOVYwak9nYlFCbW9fVEppTlZ0cFVFMjU0YThIZVN0RnRFb1I2eFZmWHBQM2hKR3Q0Y1kyQXcmaD1VS3pvU1E4V2FQUVFPWlNpYjRYVGI4VnV3Y1BpZHhfY3ZqZHQ3VWJrM2U4",
      "RequestMethod": "GET",
      "RequestHeaders": {
        "User-Agent": [
          "FxVersion/6.0.3324.36610",
          "OSName/Windows",
          "OSVersion/Microsoft.Windows.10.0.26100",
          "Microsoft.Azure.Management.Internal.Resources.ResourceManagementClient/1.3.101"
        ]
      },
      "RequestBody": "",
      "ResponseHeaders": {
        "Cache-Control": [
          "no-cache"
        ],
        "Pragma": [
          "no-cache"
        ],
        "Location": [
          "https://management.azure.com/subscriptions/c9295b92-3574-4021-95a1-26c8f74f8359/operationresults/eyJqb2JJZCI6IlJFU09VUkNFR1JPVVBERUxFVElPTkpPQi1QUzEwMTgtQ0VOVFJBTFVTRVVBUCIsImpvYkxvY2F0aW9uIjoiY2VudHJhbHVzZXVhcCJ9?api-version=2016-09-01&t=638635056632390881&c=MIIHhzCCBm-gAwIBAgITHgVqhF9GOoUjuyqQWAAABWqEXzANBgkqhkiG9w0BAQsFADBEMRMwEQYKCZImiZPyLGQBGRYDR0JMMRMwEQYKCZImiZPyLGQBGRYDQU1FMRgwFgYDVQQDEw9BTUUgSW5mcmEgQ0EgMDYwHhcNMjQwOTIwMjMxMTQxWhcNMjUwMzE5MjMxMTQxWjBAMT4wPAYDVQQDEzVhc3luY29wZXJhdGlvbnNpZ25pbmdjZXJ0aWZpY2F0ZS5tYW5hZ2VtZW50LmF6dXJlLmNvbTCCASIwDQYJKoZIhvcNAQEBBQADggEPADCCAQoCggEBAKRtcYDBXS7zz5tRtvVyhrUAjudYhej1E2D3dp6XWuPdbVMbQZwMlye8vdT-kDhFD7T2mrdWqsoGnTGk0_xOHBfLGnW-0QRUqpeoTNIhu8vc2CfTUtm2t2s_-fzvFtRyhDA4mfCH1cz92EVj0vd3FD4ikW6bdOp1NkYFqUVBhKlbvJk6y-TbLFBLP5Zx4m0Ua-_P7aMzbgvOJgMOTC2jLs5w_lFDJWeP3IKUOiJmrfLpf4ey5Ov94oCE6YncDBSHJZKWcrSxDHgSz9AXrxarL4HLajGbF3MRvfkMN2gNXCoiJXBEqCLDnyQZ0BgXIvuK7vG8Rj0TyhJNj-QPr8taY6UCAwEAAaOCBHQwggRwMCcGCSsGAQQBgjcVCgQaMBgwCgYIKwYBBQUHAwEwCgYIKwYBBQUHAwIwPQYJKwYBBAGCNxUHBDAwLgYmKwYBBAGCNxUIhpDjDYTVtHiE8Ys-hZvdFs6dEoFghfmRS4WsmTQCAWQCAQcwggHLBggrBgEFBQcBAQSCAb0wggG5MGMGCCsGAQUFBzAChldodHRwOi8vY3JsLm1pY3Jvc29mdC5jb20vcGtpaW5mcmEvQ2VydHMvQkwyUEtJSU5UQ0EwMi5BTUUuR0JMX0FNRSUyMEluZnJhJTIwQ0ElMjAwNi5jcnQwUwYIKwYBBQUHMAKGR2h0dHA6Ly9jcmwxLmFtZS5nYmwvYWlhL0JMMlBLSUlOVENBMDIuQU1FLkdCTF9BTUUlMjBJbmZyYSUyMENBJTIwMDYuY3J0MFMGCCsGAQUFBzAChkdodHRwOi8vY3JsMi5hbWUuZ2JsL2FpYS9CTDJQS0lJTlRDQTAyLkFNRS5HQkxfQU1FJTIwSW5mcmElMjBDQSUyMDA2LmNydDBTBggrBgEFBQcwAoZHaHR0cDovL2NybDMuYW1lLmdibC9haWEvQkwyUEtJSU5UQ0EwMi5BTUUuR0JMX0FNRSUyMEluZnJhJTIwQ0ElMjAwNi5jcnQwUwYIKwYBBQUHMAKGR2h0dHA6Ly9jcmw0LmFtZS5nYmwvYWlhL0JMMlBLSUlOVENBMDIuQU1FLkdCTF9BTUUlMjBJbmZyYSUyMENBJTIwMDYuY3J0MB0GA1UdDgQWBBRKlJQpFyyZKSchkTlshetYOUX7xzAOBgNVHQ8BAf8EBAMCBaAwggEmBgNVHR8EggEdMIIBGTCCARWgggERoIIBDYY_aHR0cDovL2NybC5taWNyb3NvZnQuY29tL3BraWluZnJhL0NSTC9BTUUlMjBJbmZyYSUyMENBJTIwMDYuY3JshjFodHRwOi8vY3JsMS5hbWUuZ2JsL2NybC9BTUUlMjBJbmZyYSUyMENBJTIwMDYuY3JshjFodHRwOi8vY3JsMi5hbWUuZ2JsL2NybC9BTUUlMjBJbmZyYSUyMENBJTIwMDYuY3JshjFodHRwOi8vY3JsMy5hbWUuZ2JsL2NybC9BTUUlMjBJbmZyYSUyMENBJTIwMDYuY3JshjFodHRwOi8vY3JsNC5hbWUuZ2JsL2NybC9BTUUlMjBJbmZyYSUyMENBJTIwMDYuY3JsMIGdBgNVHSAEgZUwgZIwDAYKKwYBBAGCN3sBATBmBgorBgEEAYI3ewICMFgwVgYIKwYBBQUHAgIwSh5IADMAMwBlADAAMQA5ADIAMQAtADQAZAA2ADQALQA0AGYAOABjAC0AYQAwADUANQAtADUAYgBkAGEAZgBmAGQANQBlADMAMwBkMAwGCisGAQQBgjd7AwEwDAYKKwYBBAGCN3sEAjAfBgNVHSMEGDAWgBTxRmjG8cPwKy19i2rhsvm-NfzRQTAdBgNVHSUEFjAUBggrBgEFBQcDAQYIKwYBBQUHAwIwDQYJKoZIhvcNAQELBQADggEBAG0WbzLPsmSSMI7aTe2npixmkdCmwcdZHGd43tUnB8JKrLNJEFcBsQmbcIH0adpnQNrDgRkNBBOTZ4s1LIBlRQapZpPsRItAMUguVpGVRH08T0i43w9xrp_clNbAJrrfRbmYroF0WJKMJ0nwW2rPjxdevSRygGK_nEfywwFi-p1RhHnkiEGL4GnP7PpQcRvAYMdH9LO5MRY7iLbBmosKatS_eWtSJD1CvzglNwy_vQzx81Vnk0CgndqXcVq-loGu7R4U7mkQ2NNqLbp447STxkpP-6Mdyv8J4bdnf1s3vFBNpgvJWKogWcNLlo8jnkbEf6RPNGe1W5lma7JwMKAcPzY&s=feza04-xYSycVA2DcDOFm8iQdKN6PDpoz32bgjX29SE7FGIC5MLmDuE6HxezxaxLMJkEe4LDikDYLHmCJ_r-tdrl_U-1cDqvapbdXNx5o6MrdWEoPvY1ANuoKEFiCDQ803eOdCidXQWb0xFY397JcvBzAHZVFRHgwM_1kOVcsMbYbWT5TOHvrY1LJ3S3bBvXwV-1fEFi7BfMRp-7j8XGn_x7vNikdZO60DPA5ueKO3v48C5BiHiasca-toJWT-6XfIPMDqXqKjecsPCz4xsqjw2bSY0qR0Sr8ORuBcM0n-_Xco68AQ2l6_XH3_7_vLYSESgY-W5mlmQEf7ssXwxa-A&h=kb5WWjJ101HkCvascjh4QKWneZOUT3PmgZgHuvGq8wA"
        ],
        "Retry-After": [
          "15"
        ],
        "x-ms-ratelimit-remaining-subscription-reads": [
          "11999"
        ],
        "x-ms-request-id": [
          "cbbac4a8-69d4-489a-9b94-0d87a8a3dc36"
        ],
        "x-ms-correlation-request-id": [
          "cbbac4a8-69d4-489a-9b94-0d87a8a3dc36"
        ],
        "x-ms-routing-request-id": [
          "EASTUS:20241002T224103Z:cbbac4a8-69d4-489a-9b94-0d87a8a3dc36"
        ],
        "Strict-Transport-Security": [
          "max-age=31536000; includeSubDomains"
        ],
        "X-Content-Type-Options": [
          "nosniff"
        ],
        "X-Cache": [
          "CONFIG_NOCACHE"
        ],
        "X-MSEdge-Ref": [
          "Ref A: A8B547CC7A7D43EBA1C7AE778CF9FE19 Ref B: BN1AA2051012035 Ref C: 2024-10-02T22:41:03Z"
        ],
        "Date": [
          "Wed, 02 Oct 2024 22:41:03 GMT"
        ],
        "Expires": [
          "-1"
        ],
        "Content-Length": [
          "0"
        ]
      },
      "ResponseBody": "",
      "StatusCode": 202
    },
    {
      "RequestUri": "/subscriptions/c9295b92-3574-4021-95a1-26c8f74f8359/operationresults/eyJqb2JJZCI6IlJFU09VUkNFR1JPVVBERUxFVElPTkpPQi1QUzEwMTgtQ0VOVFJBTFVTRVVBUCIsImpvYkxvY2F0aW9uIjoiY2VudHJhbHVzZXVhcCJ9?api-version=2016-09-01&t=638635056632390881&c=MIIHhzCCBm-gAwIBAgITHgVqhF9GOoUjuyqQWAAABWqEXzANBgkqhkiG9w0BAQsFADBEMRMwEQYKCZImiZPyLGQBGRYDR0JMMRMwEQYKCZImiZPyLGQBGRYDQU1FMRgwFgYDVQQDEw9BTUUgSW5mcmEgQ0EgMDYwHhcNMjQwOTIwMjMxMTQxWhcNMjUwMzE5MjMxMTQxWjBAMT4wPAYDVQQDEzVhc3luY29wZXJhdGlvbnNpZ25pbmdjZXJ0aWZpY2F0ZS5tYW5hZ2VtZW50LmF6dXJlLmNvbTCCASIwDQYJKoZIhvcNAQEBBQADggEPADCCAQoCggEBAKRtcYDBXS7zz5tRtvVyhrUAjudYhej1E2D3dp6XWuPdbVMbQZwMlye8vdT-kDhFD7T2mrdWqsoGnTGk0_xOHBfLGnW-0QRUqpeoTNIhu8vc2CfTUtm2t2s_-fzvFtRyhDA4mfCH1cz92EVj0vd3FD4ikW6bdOp1NkYFqUVBhKlbvJk6y-TbLFBLP5Zx4m0Ua-_P7aMzbgvOJgMOTC2jLs5w_lFDJWeP3IKUOiJmrfLpf4ey5Ov94oCE6YncDBSHJZKWcrSxDHgSz9AXrxarL4HLajGbF3MRvfkMN2gNXCoiJXBEqCLDnyQZ0BgXIvuK7vG8Rj0TyhJNj-QPr8taY6UCAwEAAaOCBHQwggRwMCcGCSsGAQQBgjcVCgQaMBgwCgYIKwYBBQUHAwEwCgYIKwYBBQUHAwIwPQYJKwYBBAGCNxUHBDAwLgYmKwYBBAGCNxUIhpDjDYTVtHiE8Ys-hZvdFs6dEoFghfmRS4WsmTQCAWQCAQcwggHLBggrBgEFBQcBAQSCAb0wggG5MGMGCCsGAQUFBzAChldodHRwOi8vY3JsLm1pY3Jvc29mdC5jb20vcGtpaW5mcmEvQ2VydHMvQkwyUEtJSU5UQ0EwMi5BTUUuR0JMX0FNRSUyMEluZnJhJTIwQ0ElMjAwNi5jcnQwUwYIKwYBBQUHMAKGR2h0dHA6Ly9jcmwxLmFtZS5nYmwvYWlhL0JMMlBLSUlOVENBMDIuQU1FLkdCTF9BTUUlMjBJbmZyYSUyMENBJTIwMDYuY3J0MFMGCCsGAQUFBzAChkdodHRwOi8vY3JsMi5hbWUuZ2JsL2FpYS9CTDJQS0lJTlRDQTAyLkFNRS5HQkxfQU1FJTIwSW5mcmElMjBDQSUyMDA2LmNydDBTBggrBgEFBQcwAoZHaHR0cDovL2NybDMuYW1lLmdibC9haWEvQkwyUEtJSU5UQ0EwMi5BTUUuR0JMX0FNRSUyMEluZnJhJTIwQ0ElMjAwNi5jcnQwUwYIKwYBBQUHMAKGR2h0dHA6Ly9jcmw0LmFtZS5nYmwvYWlhL0JMMlBLSUlOVENBMDIuQU1FLkdCTF9BTUUlMjBJbmZyYSUyMENBJTIwMDYuY3J0MB0GA1UdDgQWBBRKlJQpFyyZKSchkTlshetYOUX7xzAOBgNVHQ8BAf8EBAMCBaAwggEmBgNVHR8EggEdMIIBGTCCARWgggERoIIBDYY_aHR0cDovL2NybC5taWNyb3NvZnQuY29tL3BraWluZnJhL0NSTC9BTUUlMjBJbmZyYSUyMENBJTIwMDYuY3JshjFodHRwOi8vY3JsMS5hbWUuZ2JsL2NybC9BTUUlMjBJbmZyYSUyMENBJTIwMDYuY3JshjFodHRwOi8vY3JsMi5hbWUuZ2JsL2NybC9BTUUlMjBJbmZyYSUyMENBJTIwMDYuY3JshjFodHRwOi8vY3JsMy5hbWUuZ2JsL2NybC9BTUUlMjBJbmZyYSUyMENBJTIwMDYuY3JshjFodHRwOi8vY3JsNC5hbWUuZ2JsL2NybC9BTUUlMjBJbmZyYSUyMENBJTIwMDYuY3JsMIGdBgNVHSAEgZUwgZIwDAYKKwYBBAGCN3sBATBmBgorBgEEAYI3ewICMFgwVgYIKwYBBQUHAgIwSh5IADMAMwBlADAAMQA5ADIAMQAtADQAZAA2ADQALQA0AGYAOABjAC0AYQAwADUANQAtADUAYgBkAGEAZgBmAGQANQBlADMAMwBkMAwGCisGAQQBgjd7AwEwDAYKKwYBBAGCN3sEAjAfBgNVHSMEGDAWgBTxRmjG8cPwKy19i2rhsvm-NfzRQTAdBgNVHSUEFjAUBggrBgEFBQcDAQYIKwYBBQUHAwIwDQYJKoZIhvcNAQELBQADggEBAG0WbzLPsmSSMI7aTe2npixmkdCmwcdZHGd43tUnB8JKrLNJEFcBsQmbcIH0adpnQNrDgRkNBBOTZ4s1LIBlRQapZpPsRItAMUguVpGVRH08T0i43w9xrp_clNbAJrrfRbmYroF0WJKMJ0nwW2rPjxdevSRygGK_nEfywwFi-p1RhHnkiEGL4GnP7PpQcRvAYMdH9LO5MRY7iLbBmosKatS_eWtSJD1CvzglNwy_vQzx81Vnk0CgndqXcVq-loGu7R4U7mkQ2NNqLbp447STxkpP-6Mdyv8J4bdnf1s3vFBNpgvJWKogWcNLlo8jnkbEf6RPNGe1W5lma7JwMKAcPzY&s=feza04-xYSycVA2DcDOFm8iQdKN6PDpoz32bgjX29SE7FGIC5MLmDuE6HxezxaxLMJkEe4LDikDYLHmCJ_r-tdrl_U-1cDqvapbdXNx5o6MrdWEoPvY1ANuoKEFiCDQ803eOdCidXQWb0xFY397JcvBzAHZVFRHgwM_1kOVcsMbYbWT5TOHvrY1LJ3S3bBvXwV-1fEFi7BfMRp-7j8XGn_x7vNikdZO60DPA5ueKO3v48C5BiHiasca-toJWT-6XfIPMDqXqKjecsPCz4xsqjw2bSY0qR0Sr8ORuBcM0n-_Xco68AQ2l6_XH3_7_vLYSESgY-W5mlmQEf7ssXwxa-A&h=kb5WWjJ101HkCvascjh4QKWneZOUT3PmgZgHuvGq8wA",
      "EncodedRequestUri": "L3N1YnNjcmlwdGlvbnMvYzkyOTViOTItMzU3NC00MDIxLTk1YTEtMjZjOGY3NGY4MzU5L29wZXJhdGlvbnJlc3VsdHMvZXlKcWIySkpaQ0k2SWxKRlUwOVZVa05GUjFKUFZWQkVSVXhGVkVsUFRrcFBRaTFRVXpFd01UZ3RRMFZPVkZKQlRGVlRSVlZCVUNJc0ltcHZZa3h2WTJGMGFXOXVJam9pWTJWdWRISmhiSFZ6WlhWaGNDSjk/YXBpLXZlcnNpb249MjAxNi0wOS0wMSZ0PTYzODYzNTA1NjYzMjM5MDg4MSZjPU1JSUhoekNDQm0tZ0F3SUJBZ0lUSGdWcWhGOUdPb1VqdXlxUVdBQUFCV3FFWHpBTkJna3Foa2lHOXcwQkFRc0ZBREJFTVJNd0VRWUtDWkltaVpQeUxHUUJHUllEUjBKTU1STXdFUVlLQ1pJbWlaUHlMR1FCR1JZRFFVMUZNUmd3RmdZRFZRUURFdzlCVFVVZ1NXNW1jbUVnUTBFZ01EWXdIaGNOTWpRd09USXdNak14TVRReFdoY05NalV3TXpFNU1qTXhNVFF4V2pCQU1UNHdQQVlEVlFRREV6VmhjM2x1WTI5d1pYSmhkR2x2Ym5OcFoyNXBibWRqWlhKMGFXWnBZMkYwWlM1dFlXNWhaMlZ0Wlc1MExtRjZkWEpsTG1OdmJUQ0NBU0l3RFFZSktvWklodmNOQVFFQkJRQURnZ0VQQURDQ0FRb0NnZ0VCQUtSdGNZREJYUzd6ejV0UnR2VnloclVBanVkWWhlajFFMkQzZHA2WFd1UGRiVk1iUVp3TWx5ZTh2ZFQta0RoRkQ3VDJtcmRXcXNvR25UR2swX3hPSEJmTEduVy0wUVJVcXBlb1ROSWh1OHZjMkNmVFV0bTJ0MnNfLWZ6dkZ0UnloREE0bWZDSDFjejkyRVZqMHZkM0ZENGlrVzZiZE9wMU5rWUZxVVZCaEtsYnZKazZ5LVRiTEZCTFA1Wng0bTBVYS1fUDdhTXpiZ3ZPSmdNT1RDMmpMczV3X2xGREpXZVAzSUtVT2lKbXJmTHBmNGV5NU92OTRvQ0U2WW5jREJTSEpaS1djclN4REhnU3o5QVhyeGFyTDRITGFqR2JGM01SdmZrTU4yZ05YQ29pSlhCRXFDTERueVFaMEJnWEl2dUs3dkc4UmowVHloSk5qLVFQcjh0YVk2VUNBd0VBQWFPQ0JIUXdnZ1J3TUNjR0NTc0dBUVFCZ2pjVkNnUWFNQmd3Q2dZSUt3WUJCUVVIQXdFd0NnWUlLd1lCQlFVSEF3SXdQUVlKS3dZQkJBR0NOeFVIQkRBd0xnWW1Ld1lCQkFHQ054VUlocERqRFlUVnRIaUU4WXMtaFp2ZEZzNmRFb0ZnaGZtUlM0V3NtVFFDQVdRQ0FRY3dnZ0hMQmdnckJnRUZCUWNCQVFTQ0FiMHdnZ0c1TUdNR0NDc0dBUVVGQnpBQ2hsZG9kSFJ3T2k4dlkzSnNMbTFwWTNKdmMyOW1kQzVqYjIwdmNHdHBhVzVtY21FdlEyVnlkSE12UWt3eVVFdEpTVTVVUTBFd01pNUJUVVV1UjBKTVgwRk5SU1V5TUVsdVpuSmhKVEl3UTBFbE1qQXdOaTVqY25Rd1V3WUlLd1lCQlFVSE1BS0dSMmgwZEhBNkx5OWpjbXd4TG1GdFpTNW5ZbXd2WVdsaEwwSk1NbEJMU1VsT1ZFTkJNREl1UVUxRkxrZENURjlCVFVVbE1qQkpibVp5WVNVeU1FTkJKVEl3TURZdVkzSjBNRk1HQ0NzR0FRVUZCekFDaGtkb2RIUndPaTh2WTNKc01pNWhiV1V1WjJKc0wyRnBZUzlDVERKUVMwbEpUbFJEUVRBeUxrRk5SUzVIUWt4ZlFVMUZKVEl3U1c1bWNtRWxNakJEUVNVeU1EQTJMbU55ZERCVEJnZ3JCZ0VGQlFjd0FvWkhhSFIwY0RvdkwyTnliRE11WVcxbExtZGliQzloYVdFdlFrd3lVRXRKU1U1VVEwRXdNaTVCVFVVdVIwSk1YMEZOUlNVeU1FbHVabkpoSlRJd1EwRWxNakF3Tmk1amNuUXdVd1lJS3dZQkJRVUhNQUtHUjJoMGRIQTZMeTlqY213MExtRnRaUzVuWW13dllXbGhMMEpNTWxCTFNVbE9WRU5CTURJdVFVMUZMa2RDVEY5QlRVVWxNakJKYm1aeVlTVXlNRU5CSlRJd01EWXVZM0owTUIwR0ExVWREZ1FXQkJSS2xKUXBGeXlaS1NjaGtUbHNoZXRZT1VYN3h6QU9CZ05WSFE4QkFmOEVCQU1DQmFBd2dnRW1CZ05WSFI4RWdnRWRNSUlCR1RDQ0FSV2dnZ0VSb0lJQkRZWV9hSFIwY0RvdkwyTnliQzV0YVdOeWIzTnZablF1WTI5dEwzQnJhV2x1Wm5KaEwwTlNUQzlCVFVVbE1qQkpibVp5WVNVeU1FTkJKVEl3TURZdVkzSnNoakZvZEhSd09pOHZZM0pzTVM1aGJXVXVaMkpzTDJOeWJDOUJUVVVsTWpCSmJtWnlZU1V5TUVOQkpUSXdNRFl1WTNKc2hqRm9kSFJ3T2k4dlkzSnNNaTVoYldVdVoySnNMMk55YkM5QlRVVWxNakJKYm1aeVlTVXlNRU5CSlRJd01EWXVZM0pzaGpGb2RIUndPaTh2WTNKc015NWhiV1V1WjJKc0wyTnliQzlCVFVVbE1qQkpibVp5WVNVeU1FTkJKVEl3TURZdVkzSnNoakZvZEhSd09pOHZZM0pzTkM1aGJXVXVaMkpzTDJOeWJDOUJUVVVsTWpCSmJtWnlZU1V5TUVOQkpUSXdNRFl1WTNKc01JR2RCZ05WSFNBRWdaVXdnWkl3REFZS0t3WUJCQUdDTjNzQkFUQm1CZ29yQmdFRUFZSTNld0lDTUZnd1ZnWUlLd1lCQlFVSEFnSXdTaDVJQURNQU13QmxBREFBTVFBNUFESUFNUUF0QURRQVpBQTJBRFFBTFFBMEFHWUFPQUJqQUMwQVlRQXdBRFVBTlFBdEFEVUFZZ0JrQUdFQVpnQm1BR1FBTlFCbEFETUFNd0JrTUF3R0Npc0dBUVFCZ2pkN0F3RXdEQVlLS3dZQkJBR0NOM3NFQWpBZkJnTlZIU01FR0RBV2dCVHhSbWpHOGNQd0t5MTlpMnJoc3ZtLU5melJRVEFkQmdOVkhTVUVGakFVQmdnckJnRUZCUWNEQVFZSUt3WUJCUVVIQXdJd0RRWUpLb1pJaHZjTkFRRUxCUUFEZ2dFQkFHMFdiekxQc21TU01JN2FUZTJucGl4bWtkQ213Y2RaSEdkNDN0VW5COEpLckxOSkVGY0JzUW1iY0lIMGFkcG5RTnJEZ1JrTkJCT1RaNHMxTElCbFJRYXBacFBzUkl0QU1VZ3VWcEdWUkgwOFQwaTQzdzl4cnBfY2xOYkFKcnJmUmJtWXJvRjBXSktNSjBud1cyclBqeGRldlNSeWdHS19uRWZ5d3dGaS1wMVJoSG5raUVHTDRHblA3UHBRY1J2QVlNZEg5TE81TVJZN2lMYkJtb3NLYXRTX2VXdFNKRDFDdnpnbE53eV92UXp4ODFWbmswQ2duZHFYY1ZxLWxvR3U3UjRVN21rUTJOTnFMYnA0NDdTVHhrcFAtNk1keXY4SjRiZG5mMXMzdkZCTnBndkpXS29nV2NOTGxvOGpua2JFZjZSUE5HZTFXNWxtYTdKd01LQWNQelkmcz1mZXphMDQteFlTeWNWQTJEY0RPRm04aVFkS042UERwb3ozMmJnalgyOVNFN0ZHSUM1TUxtRHVFNkh4ZXp4YXhMTUprRWU0TERpa0RZTEhtQ0pfci10ZHJsX1UtMWNEcXZhcGJkWE54NW82TXJkV0VvUHZZMUFOdW9LRUZpQ0RRODAzZU9kQ2lkWFFXYjB4RlkzOTdKY3ZCekFIWlZGUkhnd01fMWtPVmNzTWJZYldUNVRPSHZyWTFMSjNTM2JCdlh3Vi0xZkVGaTdCZk1ScC03ajhYR25feDd2TmlrZFpPNjBEUEE1dWVLTzN2NDhDNUJpSGlhc2NhLXRvSldULTZYZklQTURxWHFLamVjc1BDejR4c3FqdzJiU1kwcVIwU3I4T1J1QmNNMG4tX1hjbzY4QVEybDZfWEgzXzdfdkxZU0VTZ1ktVzVtbG1RRWY3c3NYd3hhLUEmaD1rYjVXV2pKMTAxSGtDdmFzY2poNFFLV25lWk9VVDNQbWdaZ0h1dkdxOHdB",
      "RequestMethod": "GET",
      "RequestHeaders": {
        "User-Agent": [
          "FxVersion/6.0.3324.36610",
          "OSName/Windows",
          "OSVersion/Microsoft.Windows.10.0.26100",
          "Microsoft.Azure.Management.Internal.Resources.ResourceManagementClient/1.3.101"
        ]
      },
      "RequestBody": "",
      "ResponseHeaders": {
        "Cache-Control": [
          "no-cache"
        ],
        "Pragma": [
          "no-cache"
        ],
        "Location": [
          "https://management.azure.com/subscriptions/c9295b92-3574-4021-95a1-26c8f74f8359/operationresults/eyJqb2JJZCI6IlJFU09VUkNFR1JPVVBERUxFVElPTkpPQi1QUzEwMTgtQ0VOVFJBTFVTRVVBUCIsImpvYkxvY2F0aW9uIjoiY2VudHJhbHVzZXVhcCJ9?api-version=2016-09-01&t=638635056784081097&c=MIIHhzCCBm-gAwIBAgITHgVqhF9GOoUjuyqQWAAABWqEXzANBgkqhkiG9w0BAQsFADBEMRMwEQYKCZImiZPyLGQBGRYDR0JMMRMwEQYKCZImiZPyLGQBGRYDQU1FMRgwFgYDVQQDEw9BTUUgSW5mcmEgQ0EgMDYwHhcNMjQwOTIwMjMxMTQxWhcNMjUwMzE5MjMxMTQxWjBAMT4wPAYDVQQDEzVhc3luY29wZXJhdGlvbnNpZ25pbmdjZXJ0aWZpY2F0ZS5tYW5hZ2VtZW50LmF6dXJlLmNvbTCCASIwDQYJKoZIhvcNAQEBBQADggEPADCCAQoCggEBAKRtcYDBXS7zz5tRtvVyhrUAjudYhej1E2D3dp6XWuPdbVMbQZwMlye8vdT-kDhFD7T2mrdWqsoGnTGk0_xOHBfLGnW-0QRUqpeoTNIhu8vc2CfTUtm2t2s_-fzvFtRyhDA4mfCH1cz92EVj0vd3FD4ikW6bdOp1NkYFqUVBhKlbvJk6y-TbLFBLP5Zx4m0Ua-_P7aMzbgvOJgMOTC2jLs5w_lFDJWeP3IKUOiJmrfLpf4ey5Ov94oCE6YncDBSHJZKWcrSxDHgSz9AXrxarL4HLajGbF3MRvfkMN2gNXCoiJXBEqCLDnyQZ0BgXIvuK7vG8Rj0TyhJNj-QPr8taY6UCAwEAAaOCBHQwggRwMCcGCSsGAQQBgjcVCgQaMBgwCgYIKwYBBQUHAwEwCgYIKwYBBQUHAwIwPQYJKwYBBAGCNxUHBDAwLgYmKwYBBAGCNxUIhpDjDYTVtHiE8Ys-hZvdFs6dEoFghfmRS4WsmTQCAWQCAQcwggHLBggrBgEFBQcBAQSCAb0wggG5MGMGCCsGAQUFBzAChldodHRwOi8vY3JsLm1pY3Jvc29mdC5jb20vcGtpaW5mcmEvQ2VydHMvQkwyUEtJSU5UQ0EwMi5BTUUuR0JMX0FNRSUyMEluZnJhJTIwQ0ElMjAwNi5jcnQwUwYIKwYBBQUHMAKGR2h0dHA6Ly9jcmwxLmFtZS5nYmwvYWlhL0JMMlBLSUlOVENBMDIuQU1FLkdCTF9BTUUlMjBJbmZyYSUyMENBJTIwMDYuY3J0MFMGCCsGAQUFBzAChkdodHRwOi8vY3JsMi5hbWUuZ2JsL2FpYS9CTDJQS0lJTlRDQTAyLkFNRS5HQkxfQU1FJTIwSW5mcmElMjBDQSUyMDA2LmNydDBTBggrBgEFBQcwAoZHaHR0cDovL2NybDMuYW1lLmdibC9haWEvQkwyUEtJSU5UQ0EwMi5BTUUuR0JMX0FNRSUyMEluZnJhJTIwQ0ElMjAwNi5jcnQwUwYIKwYBBQUHMAKGR2h0dHA6Ly9jcmw0LmFtZS5nYmwvYWlhL0JMMlBLSUlOVENBMDIuQU1FLkdCTF9BTUUlMjBJbmZyYSUyMENBJTIwMDYuY3J0MB0GA1UdDgQWBBRKlJQpFyyZKSchkTlshetYOUX7xzAOBgNVHQ8BAf8EBAMCBaAwggEmBgNVHR8EggEdMIIBGTCCARWgggERoIIBDYY_aHR0cDovL2NybC5taWNyb3NvZnQuY29tL3BraWluZnJhL0NSTC9BTUUlMjBJbmZyYSUyMENBJTIwMDYuY3JshjFodHRwOi8vY3JsMS5hbWUuZ2JsL2NybC9BTUUlMjBJbmZyYSUyMENBJTIwMDYuY3JshjFodHRwOi8vY3JsMi5hbWUuZ2JsL2NybC9BTUUlMjBJbmZyYSUyMENBJTIwMDYuY3JshjFodHRwOi8vY3JsMy5hbWUuZ2JsL2NybC9BTUUlMjBJbmZyYSUyMENBJTIwMDYuY3JshjFodHRwOi8vY3JsNC5hbWUuZ2JsL2NybC9BTUUlMjBJbmZyYSUyMENBJTIwMDYuY3JsMIGdBgNVHSAEgZUwgZIwDAYKKwYBBAGCN3sBATBmBgorBgEEAYI3ewICMFgwVgYIKwYBBQUHAgIwSh5IADMAMwBlADAAMQA5ADIAMQAtADQAZAA2ADQALQA0AGYAOABjAC0AYQAwADUANQAtADUAYgBkAGEAZgBmAGQANQBlADMAMwBkMAwGCisGAQQBgjd7AwEwDAYKKwYBBAGCN3sEAjAfBgNVHSMEGDAWgBTxRmjG8cPwKy19i2rhsvm-NfzRQTAdBgNVHSUEFjAUBggrBgEFBQcDAQYIKwYBBQUHAwIwDQYJKoZIhvcNAQELBQADggEBAG0WbzLPsmSSMI7aTe2npixmkdCmwcdZHGd43tUnB8JKrLNJEFcBsQmbcIH0adpnQNrDgRkNBBOTZ4s1LIBlRQapZpPsRItAMUguVpGVRH08T0i43w9xrp_clNbAJrrfRbmYroF0WJKMJ0nwW2rPjxdevSRygGK_nEfywwFi-p1RhHnkiEGL4GnP7PpQcRvAYMdH9LO5MRY7iLbBmosKatS_eWtSJD1CvzglNwy_vQzx81Vnk0CgndqXcVq-loGu7R4U7mkQ2NNqLbp447STxkpP-6Mdyv8J4bdnf1s3vFBNpgvJWKogWcNLlo8jnkbEf6RPNGe1W5lma7JwMKAcPzY&s=bsiBcCzB80y7slN11gnMRSrJY56BWH5GZLLnwUtPpwZ5JoxwFG0Ay-VOYkH1RWCs-FJz0vBfat1nSVQxKjzMCaTfmTIg7nzpi29bC2rv42Ft8eihBqn35JMTulK0PgmltGw_3mBCyu_1V9Q1ihMFbEDST6Z_GHInXmiC0WoGUF9NgBn0a920dRgLMj3GoHkzfdeSATfxTP52b3QGRgthxyjZrrPG-WmWNDw8xuoxHKeLQBYmNnFab6VcpqvdAdRSzMXHTWQRzYFZsGS5XGIfhkhZzFatoiY-CekdvtIoGn8dsDa3kk9aJrx3bY2CHekJkSAoZfhMEW6zd5cxS8jw7A&h=HAqaXV1136G2_wKVF2nurnFKBZFg_ZSJweYePALYPLQ"
        ],
        "Retry-After": [
          "15"
        ],
        "x-ms-ratelimit-remaining-subscription-reads": [
          "11999"
        ],
        "x-ms-request-id": [
          "d6b2e767-9d8e-4c63-85a3-6a9344293f4e"
        ],
        "x-ms-correlation-request-id": [
          "d6b2e767-9d8e-4c63-85a3-6a9344293f4e"
        ],
        "x-ms-routing-request-id": [
          "EASTUS:20241002T224118Z:d6b2e767-9d8e-4c63-85a3-6a9344293f4e"
        ],
        "Strict-Transport-Security": [
          "max-age=31536000; includeSubDomains"
        ],
        "X-Content-Type-Options": [
          "nosniff"
        ],
        "X-Cache": [
          "CONFIG_NOCACHE"
        ],
        "X-MSEdge-Ref": [
          "Ref A: 6DD972E85E0D467D9D3D2682E1469640 Ref B: BN1AA2051012035 Ref C: 2024-10-02T22:41:18Z"
        ],
        "Date": [
          "Wed, 02 Oct 2024 22:41:18 GMT"
        ],
        "Expires": [
          "-1"
        ],
        "Content-Length": [
          "0"
        ]
      },
      "ResponseBody": "",
      "StatusCode": 202
    },
    {
      "RequestUri": "/subscriptions/c9295b92-3574-4021-95a1-26c8f74f8359/operationresults/eyJqb2JJZCI6IlJFU09VUkNFR1JPVVBERUxFVElPTkpPQi1QUzEwMTgtQ0VOVFJBTFVTRVVBUCIsImpvYkxvY2F0aW9uIjoiY2VudHJhbHVzZXVhcCJ9?api-version=2016-09-01&t=638635056784081097&c=MIIHhzCCBm-gAwIBAgITHgVqhF9GOoUjuyqQWAAABWqEXzANBgkqhkiG9w0BAQsFADBEMRMwEQYKCZImiZPyLGQBGRYDR0JMMRMwEQYKCZImiZPyLGQBGRYDQU1FMRgwFgYDVQQDEw9BTUUgSW5mcmEgQ0EgMDYwHhcNMjQwOTIwMjMxMTQxWhcNMjUwMzE5MjMxMTQxWjBAMT4wPAYDVQQDEzVhc3luY29wZXJhdGlvbnNpZ25pbmdjZXJ0aWZpY2F0ZS5tYW5hZ2VtZW50LmF6dXJlLmNvbTCCASIwDQYJKoZIhvcNAQEBBQADggEPADCCAQoCggEBAKRtcYDBXS7zz5tRtvVyhrUAjudYhej1E2D3dp6XWuPdbVMbQZwMlye8vdT-kDhFD7T2mrdWqsoGnTGk0_xOHBfLGnW-0QRUqpeoTNIhu8vc2CfTUtm2t2s_-fzvFtRyhDA4mfCH1cz92EVj0vd3FD4ikW6bdOp1NkYFqUVBhKlbvJk6y-TbLFBLP5Zx4m0Ua-_P7aMzbgvOJgMOTC2jLs5w_lFDJWeP3IKUOiJmrfLpf4ey5Ov94oCE6YncDBSHJZKWcrSxDHgSz9AXrxarL4HLajGbF3MRvfkMN2gNXCoiJXBEqCLDnyQZ0BgXIvuK7vG8Rj0TyhJNj-QPr8taY6UCAwEAAaOCBHQwggRwMCcGCSsGAQQBgjcVCgQaMBgwCgYIKwYBBQUHAwEwCgYIKwYBBQUHAwIwPQYJKwYBBAGCNxUHBDAwLgYmKwYBBAGCNxUIhpDjDYTVtHiE8Ys-hZvdFs6dEoFghfmRS4WsmTQCAWQCAQcwggHLBggrBgEFBQcBAQSCAb0wggG5MGMGCCsGAQUFBzAChldodHRwOi8vY3JsLm1pY3Jvc29mdC5jb20vcGtpaW5mcmEvQ2VydHMvQkwyUEtJSU5UQ0EwMi5BTUUuR0JMX0FNRSUyMEluZnJhJTIwQ0ElMjAwNi5jcnQwUwYIKwYBBQUHMAKGR2h0dHA6Ly9jcmwxLmFtZS5nYmwvYWlhL0JMMlBLSUlOVENBMDIuQU1FLkdCTF9BTUUlMjBJbmZyYSUyMENBJTIwMDYuY3J0MFMGCCsGAQUFBzAChkdodHRwOi8vY3JsMi5hbWUuZ2JsL2FpYS9CTDJQS0lJTlRDQTAyLkFNRS5HQkxfQU1FJTIwSW5mcmElMjBDQSUyMDA2LmNydDBTBggrBgEFBQcwAoZHaHR0cDovL2NybDMuYW1lLmdibC9haWEvQkwyUEtJSU5UQ0EwMi5BTUUuR0JMX0FNRSUyMEluZnJhJTIwQ0ElMjAwNi5jcnQwUwYIKwYBBQUHMAKGR2h0dHA6Ly9jcmw0LmFtZS5nYmwvYWlhL0JMMlBLSUlOVENBMDIuQU1FLkdCTF9BTUUlMjBJbmZyYSUyMENBJTIwMDYuY3J0MB0GA1UdDgQWBBRKlJQpFyyZKSchkTlshetYOUX7xzAOBgNVHQ8BAf8EBAMCBaAwggEmBgNVHR8EggEdMIIBGTCCARWgggERoIIBDYY_aHR0cDovL2NybC5taWNyb3NvZnQuY29tL3BraWluZnJhL0NSTC9BTUUlMjBJbmZyYSUyMENBJTIwMDYuY3JshjFodHRwOi8vY3JsMS5hbWUuZ2JsL2NybC9BTUUlMjBJbmZyYSUyMENBJTIwMDYuY3JshjFodHRwOi8vY3JsMi5hbWUuZ2JsL2NybC9BTUUlMjBJbmZyYSUyMENBJTIwMDYuY3JshjFodHRwOi8vY3JsMy5hbWUuZ2JsL2NybC9BTUUlMjBJbmZyYSUyMENBJTIwMDYuY3JshjFodHRwOi8vY3JsNC5hbWUuZ2JsL2NybC9BTUUlMjBJbmZyYSUyMENBJTIwMDYuY3JsMIGdBgNVHSAEgZUwgZIwDAYKKwYBBAGCN3sBATBmBgorBgEEAYI3ewICMFgwVgYIKwYBBQUHAgIwSh5IADMAMwBlADAAMQA5ADIAMQAtADQAZAA2ADQALQA0AGYAOABjAC0AYQAwADUANQAtADUAYgBkAGEAZgBmAGQANQBlADMAMwBkMAwGCisGAQQBgjd7AwEwDAYKKwYBBAGCN3sEAjAfBgNVHSMEGDAWgBTxRmjG8cPwKy19i2rhsvm-NfzRQTAdBgNVHSUEFjAUBggrBgEFBQcDAQYIKwYBBQUHAwIwDQYJKoZIhvcNAQELBQADggEBAG0WbzLPsmSSMI7aTe2npixmkdCmwcdZHGd43tUnB8JKrLNJEFcBsQmbcIH0adpnQNrDgRkNBBOTZ4s1LIBlRQapZpPsRItAMUguVpGVRH08T0i43w9xrp_clNbAJrrfRbmYroF0WJKMJ0nwW2rPjxdevSRygGK_nEfywwFi-p1RhHnkiEGL4GnP7PpQcRvAYMdH9LO5MRY7iLbBmosKatS_eWtSJD1CvzglNwy_vQzx81Vnk0CgndqXcVq-loGu7R4U7mkQ2NNqLbp447STxkpP-6Mdyv8J4bdnf1s3vFBNpgvJWKogWcNLlo8jnkbEf6RPNGe1W5lma7JwMKAcPzY&s=bsiBcCzB80y7slN11gnMRSrJY56BWH5GZLLnwUtPpwZ5JoxwFG0Ay-VOYkH1RWCs-FJz0vBfat1nSVQxKjzMCaTfmTIg7nzpi29bC2rv42Ft8eihBqn35JMTulK0PgmltGw_3mBCyu_1V9Q1ihMFbEDST6Z_GHInXmiC0WoGUF9NgBn0a920dRgLMj3GoHkzfdeSATfxTP52b3QGRgthxyjZrrPG-WmWNDw8xuoxHKeLQBYmNnFab6VcpqvdAdRSzMXHTWQRzYFZsGS5XGIfhkhZzFatoiY-CekdvtIoGn8dsDa3kk9aJrx3bY2CHekJkSAoZfhMEW6zd5cxS8jw7A&h=HAqaXV1136G2_wKVF2nurnFKBZFg_ZSJweYePALYPLQ",
      "EncodedRequestUri": "L3N1YnNjcmlwdGlvbnMvYzkyOTViOTItMzU3NC00MDIxLTk1YTEtMjZjOGY3NGY4MzU5L29wZXJhdGlvbnJlc3VsdHMvZXlKcWIySkpaQ0k2SWxKRlUwOVZVa05GUjFKUFZWQkVSVXhGVkVsUFRrcFBRaTFRVXpFd01UZ3RRMFZPVkZKQlRGVlRSVlZCVUNJc0ltcHZZa3h2WTJGMGFXOXVJam9pWTJWdWRISmhiSFZ6WlhWaGNDSjk/YXBpLXZlcnNpb249MjAxNi0wOS0wMSZ0PTYzODYzNTA1Njc4NDA4MTA5NyZjPU1JSUhoekNDQm0tZ0F3SUJBZ0lUSGdWcWhGOUdPb1VqdXlxUVdBQUFCV3FFWHpBTkJna3Foa2lHOXcwQkFRc0ZBREJFTVJNd0VRWUtDWkltaVpQeUxHUUJHUllEUjBKTU1STXdFUVlLQ1pJbWlaUHlMR1FCR1JZRFFVMUZNUmd3RmdZRFZRUURFdzlCVFVVZ1NXNW1jbUVnUTBFZ01EWXdIaGNOTWpRd09USXdNak14TVRReFdoY05NalV3TXpFNU1qTXhNVFF4V2pCQU1UNHdQQVlEVlFRREV6VmhjM2x1WTI5d1pYSmhkR2x2Ym5OcFoyNXBibWRqWlhKMGFXWnBZMkYwWlM1dFlXNWhaMlZ0Wlc1MExtRjZkWEpsTG1OdmJUQ0NBU0l3RFFZSktvWklodmNOQVFFQkJRQURnZ0VQQURDQ0FRb0NnZ0VCQUtSdGNZREJYUzd6ejV0UnR2VnloclVBanVkWWhlajFFMkQzZHA2WFd1UGRiVk1iUVp3TWx5ZTh2ZFQta0RoRkQ3VDJtcmRXcXNvR25UR2swX3hPSEJmTEduVy0wUVJVcXBlb1ROSWh1OHZjMkNmVFV0bTJ0MnNfLWZ6dkZ0UnloREE0bWZDSDFjejkyRVZqMHZkM0ZENGlrVzZiZE9wMU5rWUZxVVZCaEtsYnZKazZ5LVRiTEZCTFA1Wng0bTBVYS1fUDdhTXpiZ3ZPSmdNT1RDMmpMczV3X2xGREpXZVAzSUtVT2lKbXJmTHBmNGV5NU92OTRvQ0U2WW5jREJTSEpaS1djclN4REhnU3o5QVhyeGFyTDRITGFqR2JGM01SdmZrTU4yZ05YQ29pSlhCRXFDTERueVFaMEJnWEl2dUs3dkc4UmowVHloSk5qLVFQcjh0YVk2VUNBd0VBQWFPQ0JIUXdnZ1J3TUNjR0NTc0dBUVFCZ2pjVkNnUWFNQmd3Q2dZSUt3WUJCUVVIQXdFd0NnWUlLd1lCQlFVSEF3SXdQUVlKS3dZQkJBR0NOeFVIQkRBd0xnWW1Ld1lCQkFHQ054VUlocERqRFlUVnRIaUU4WXMtaFp2ZEZzNmRFb0ZnaGZtUlM0V3NtVFFDQVdRQ0FRY3dnZ0hMQmdnckJnRUZCUWNCQVFTQ0FiMHdnZ0c1TUdNR0NDc0dBUVVGQnpBQ2hsZG9kSFJ3T2k4dlkzSnNMbTFwWTNKdmMyOW1kQzVqYjIwdmNHdHBhVzVtY21FdlEyVnlkSE12UWt3eVVFdEpTVTVVUTBFd01pNUJUVVV1UjBKTVgwRk5SU1V5TUVsdVpuSmhKVEl3UTBFbE1qQXdOaTVqY25Rd1V3WUlLd1lCQlFVSE1BS0dSMmgwZEhBNkx5OWpjbXd4TG1GdFpTNW5ZbXd2WVdsaEwwSk1NbEJMU1VsT1ZFTkJNREl1UVUxRkxrZENURjlCVFVVbE1qQkpibVp5WVNVeU1FTkJKVEl3TURZdVkzSjBNRk1HQ0NzR0FRVUZCekFDaGtkb2RIUndPaTh2WTNKc01pNWhiV1V1WjJKc0wyRnBZUzlDVERKUVMwbEpUbFJEUVRBeUxrRk5SUzVIUWt4ZlFVMUZKVEl3U1c1bWNtRWxNakJEUVNVeU1EQTJMbU55ZERCVEJnZ3JCZ0VGQlFjd0FvWkhhSFIwY0RvdkwyTnliRE11WVcxbExtZGliQzloYVdFdlFrd3lVRXRKU1U1VVEwRXdNaTVCVFVVdVIwSk1YMEZOUlNVeU1FbHVabkpoSlRJd1EwRWxNakF3Tmk1amNuUXdVd1lJS3dZQkJRVUhNQUtHUjJoMGRIQTZMeTlqY213MExtRnRaUzVuWW13dllXbGhMMEpNTWxCTFNVbE9WRU5CTURJdVFVMUZMa2RDVEY5QlRVVWxNakJKYm1aeVlTVXlNRU5CSlRJd01EWXVZM0owTUIwR0ExVWREZ1FXQkJSS2xKUXBGeXlaS1NjaGtUbHNoZXRZT1VYN3h6QU9CZ05WSFE4QkFmOEVCQU1DQmFBd2dnRW1CZ05WSFI4RWdnRWRNSUlCR1RDQ0FSV2dnZ0VSb0lJQkRZWV9hSFIwY0RvdkwyTnliQzV0YVdOeWIzTnZablF1WTI5dEwzQnJhV2x1Wm5KaEwwTlNUQzlCVFVVbE1qQkpibVp5WVNVeU1FTkJKVEl3TURZdVkzSnNoakZvZEhSd09pOHZZM0pzTVM1aGJXVXVaMkpzTDJOeWJDOUJUVVVsTWpCSmJtWnlZU1V5TUVOQkpUSXdNRFl1WTNKc2hqRm9kSFJ3T2k4dlkzSnNNaTVoYldVdVoySnNMMk55YkM5QlRVVWxNakJKYm1aeVlTVXlNRU5CSlRJd01EWXVZM0pzaGpGb2RIUndPaTh2WTNKc015NWhiV1V1WjJKc0wyTnliQzlCVFVVbE1qQkpibVp5WVNVeU1FTkJKVEl3TURZdVkzSnNoakZvZEhSd09pOHZZM0pzTkM1aGJXVXVaMkpzTDJOeWJDOUJUVVVsTWpCSmJtWnlZU1V5TUVOQkpUSXdNRFl1WTNKc01JR2RCZ05WSFNBRWdaVXdnWkl3REFZS0t3WUJCQUdDTjNzQkFUQm1CZ29yQmdFRUFZSTNld0lDTUZnd1ZnWUlLd1lCQlFVSEFnSXdTaDVJQURNQU13QmxBREFBTVFBNUFESUFNUUF0QURRQVpBQTJBRFFBTFFBMEFHWUFPQUJqQUMwQVlRQXdBRFVBTlFBdEFEVUFZZ0JrQUdFQVpnQm1BR1FBTlFCbEFETUFNd0JrTUF3R0Npc0dBUVFCZ2pkN0F3RXdEQVlLS3dZQkJBR0NOM3NFQWpBZkJnTlZIU01FR0RBV2dCVHhSbWpHOGNQd0t5MTlpMnJoc3ZtLU5melJRVEFkQmdOVkhTVUVGakFVQmdnckJnRUZCUWNEQVFZSUt3WUJCUVVIQXdJd0RRWUpLb1pJaHZjTkFRRUxCUUFEZ2dFQkFHMFdiekxQc21TU01JN2FUZTJucGl4bWtkQ213Y2RaSEdkNDN0VW5COEpLckxOSkVGY0JzUW1iY0lIMGFkcG5RTnJEZ1JrTkJCT1RaNHMxTElCbFJRYXBacFBzUkl0QU1VZ3VWcEdWUkgwOFQwaTQzdzl4cnBfY2xOYkFKcnJmUmJtWXJvRjBXSktNSjBud1cyclBqeGRldlNSeWdHS19uRWZ5d3dGaS1wMVJoSG5raUVHTDRHblA3UHBRY1J2QVlNZEg5TE81TVJZN2lMYkJtb3NLYXRTX2VXdFNKRDFDdnpnbE53eV92UXp4ODFWbmswQ2duZHFYY1ZxLWxvR3U3UjRVN21rUTJOTnFMYnA0NDdTVHhrcFAtNk1keXY4SjRiZG5mMXMzdkZCTnBndkpXS29nV2NOTGxvOGpua2JFZjZSUE5HZTFXNWxtYTdKd01LQWNQelkmcz1ic2lCY0N6QjgweTdzbE4xMWduTVJTckpZNTZCV0g1R1pMTG53VXRQcHdaNUpveHdGRzBBeS1WT1lrSDFSV0NzLUZKejB2QmZhdDFuU1ZReEtqek1DYVRmbVRJZzduenBpMjliQzJydjQyRnQ4ZWloQnFuMzVKTVR1bEswUGdtbHRHd18zbUJDeXVfMVY5UTFpaE1GYkVEU1Q2Wl9HSEluWG1pQzBXb0dVRjlOZ0JuMGE5MjBkUmdMTWozR29Ia3pmZGVTQVRmeFRQNTJiM1FHUmd0aHh5alpyclBHLVdtV05Edzh4dW94SEtlTFFCWW1ObkZhYjZWY3BxdmRBZFJTek1YSFRXUVJ6WUZac0dTNVhHSWZoa2haekZhdG9pWS1DZWtkdnRJb0duOGRzRGEza2s5YUpyeDNiWTJDSGVrSmtTQW9aZmhNRVc2emQ1Y3hTOGp3N0EmaD1IQXFhWFYxMTM2RzJfd0tWRjJudXJuRktCWkZnX1pTSndlWWVQQUxZUExR",
      "RequestMethod": "GET",
      "RequestHeaders": {
        "User-Agent": [
          "FxVersion/6.0.3324.36610",
          "OSName/Windows",
          "OSVersion/Microsoft.Windows.10.0.26100",
          "Microsoft.Azure.Management.Internal.Resources.ResourceManagementClient/1.3.101"
        ]
      },
      "RequestBody": "",
      "ResponseHeaders": {
        "Cache-Control": [
          "no-cache"
        ],
        "Pragma": [
          "no-cache"
        ],
        "Location": [
          "https://management.azure.com/subscriptions/c9295b92-3574-4021-95a1-26c8f74f8359/operationresults/eyJqb2JJZCI6IlJFU09VUkNFR1JPVVBERUxFVElPTkpPQi1QUzEwMTgtQ0VOVFJBTFVTRVVBUCIsImpvYkxvY2F0aW9uIjoiY2VudHJhbHVzZXVhcCJ9?api-version=2016-09-01&t=638635056937056769&c=MIIHhzCCBm-gAwIBAgITHgVqhF9GOoUjuyqQWAAABWqEXzANBgkqhkiG9w0BAQsFADBEMRMwEQYKCZImiZPyLGQBGRYDR0JMMRMwEQYKCZImiZPyLGQBGRYDQU1FMRgwFgYDVQQDEw9BTUUgSW5mcmEgQ0EgMDYwHhcNMjQwOTIwMjMxMTQxWhcNMjUwMzE5MjMxMTQxWjBAMT4wPAYDVQQDEzVhc3luY29wZXJhdGlvbnNpZ25pbmdjZXJ0aWZpY2F0ZS5tYW5hZ2VtZW50LmF6dXJlLmNvbTCCASIwDQYJKoZIhvcNAQEBBQADggEPADCCAQoCggEBAKRtcYDBXS7zz5tRtvVyhrUAjudYhej1E2D3dp6XWuPdbVMbQZwMlye8vdT-kDhFD7T2mrdWqsoGnTGk0_xOHBfLGnW-0QRUqpeoTNIhu8vc2CfTUtm2t2s_-fzvFtRyhDA4mfCH1cz92EVj0vd3FD4ikW6bdOp1NkYFqUVBhKlbvJk6y-TbLFBLP5Zx4m0Ua-_P7aMzbgvOJgMOTC2jLs5w_lFDJWeP3IKUOiJmrfLpf4ey5Ov94oCE6YncDBSHJZKWcrSxDHgSz9AXrxarL4HLajGbF3MRvfkMN2gNXCoiJXBEqCLDnyQZ0BgXIvuK7vG8Rj0TyhJNj-QPr8taY6UCAwEAAaOCBHQwggRwMCcGCSsGAQQBgjcVCgQaMBgwCgYIKwYBBQUHAwEwCgYIKwYBBQUHAwIwPQYJKwYBBAGCNxUHBDAwLgYmKwYBBAGCNxUIhpDjDYTVtHiE8Ys-hZvdFs6dEoFghfmRS4WsmTQCAWQCAQcwggHLBggrBgEFBQcBAQSCAb0wggG5MGMGCCsGAQUFBzAChldodHRwOi8vY3JsLm1pY3Jvc29mdC5jb20vcGtpaW5mcmEvQ2VydHMvQkwyUEtJSU5UQ0EwMi5BTUUuR0JMX0FNRSUyMEluZnJhJTIwQ0ElMjAwNi5jcnQwUwYIKwYBBQUHMAKGR2h0dHA6Ly9jcmwxLmFtZS5nYmwvYWlhL0JMMlBLSUlOVENBMDIuQU1FLkdCTF9BTUUlMjBJbmZyYSUyMENBJTIwMDYuY3J0MFMGCCsGAQUFBzAChkdodHRwOi8vY3JsMi5hbWUuZ2JsL2FpYS9CTDJQS0lJTlRDQTAyLkFNRS5HQkxfQU1FJTIwSW5mcmElMjBDQSUyMDA2LmNydDBTBggrBgEFBQcwAoZHaHR0cDovL2NybDMuYW1lLmdibC9haWEvQkwyUEtJSU5UQ0EwMi5BTUUuR0JMX0FNRSUyMEluZnJhJTIwQ0ElMjAwNi5jcnQwUwYIKwYBBQUHMAKGR2h0dHA6Ly9jcmw0LmFtZS5nYmwvYWlhL0JMMlBLSUlOVENBMDIuQU1FLkdCTF9BTUUlMjBJbmZyYSUyMENBJTIwMDYuY3J0MB0GA1UdDgQWBBRKlJQpFyyZKSchkTlshetYOUX7xzAOBgNVHQ8BAf8EBAMCBaAwggEmBgNVHR8EggEdMIIBGTCCARWgggERoIIBDYY_aHR0cDovL2NybC5taWNyb3NvZnQuY29tL3BraWluZnJhL0NSTC9BTUUlMjBJbmZyYSUyMENBJTIwMDYuY3JshjFodHRwOi8vY3JsMS5hbWUuZ2JsL2NybC9BTUUlMjBJbmZyYSUyMENBJTIwMDYuY3JshjFodHRwOi8vY3JsMi5hbWUuZ2JsL2NybC9BTUUlMjBJbmZyYSUyMENBJTIwMDYuY3JshjFodHRwOi8vY3JsMy5hbWUuZ2JsL2NybC9BTUUlMjBJbmZyYSUyMENBJTIwMDYuY3JshjFodHRwOi8vY3JsNC5hbWUuZ2JsL2NybC9BTUUlMjBJbmZyYSUyMENBJTIwMDYuY3JsMIGdBgNVHSAEgZUwgZIwDAYKKwYBBAGCN3sBATBmBgorBgEEAYI3ewICMFgwVgYIKwYBBQUHAgIwSh5IADMAMwBlADAAMQA5ADIAMQAtADQAZAA2ADQALQA0AGYAOABjAC0AYQAwADUANQAtADUAYgBkAGEAZgBmAGQANQBlADMAMwBkMAwGCisGAQQBgjd7AwEwDAYKKwYBBAGCN3sEAjAfBgNVHSMEGDAWgBTxRmjG8cPwKy19i2rhsvm-NfzRQTAdBgNVHSUEFjAUBggrBgEFBQcDAQYIKwYBBQUHAwIwDQYJKoZIhvcNAQELBQADggEBAG0WbzLPsmSSMI7aTe2npixmkdCmwcdZHGd43tUnB8JKrLNJEFcBsQmbcIH0adpnQNrDgRkNBBOTZ4s1LIBlRQapZpPsRItAMUguVpGVRH08T0i43w9xrp_clNbAJrrfRbmYroF0WJKMJ0nwW2rPjxdevSRygGK_nEfywwFi-p1RhHnkiEGL4GnP7PpQcRvAYMdH9LO5MRY7iLbBmosKatS_eWtSJD1CvzglNwy_vQzx81Vnk0CgndqXcVq-loGu7R4U7mkQ2NNqLbp447STxkpP-6Mdyv8J4bdnf1s3vFBNpgvJWKogWcNLlo8jnkbEf6RPNGe1W5lma7JwMKAcPzY&s=CHFpRd9Jh_Bb2Un1DZ048aYCWAn3QHjjSY1D9BEvBwSkheH8kgHehGlizeHKYDxkpW9cMIwgUPSkZ_bbYbIh0bDizhAmtXmKmoj94DgbywQE3fGQKcBy1o0p63Vv6l7sutXqhiTbwhLALGeVHEbTLH2Gvx4QAMSkADtWMf1gmp0WoJ8zs9FchOW8JHwHPXh6m9ept5n1fPtEvo0S2rRH4EeYcI836VUma_VnORcr_6OgpE-BeaJ1on4vNInlcPG1FTwGbfpug0Jj4xifhkiixdCUNeOkowcR5JK-MatfmloP9K3RZgIp5eSOxKfIBz0KBUG5KXFfnJgRBYHGaliZ4A&h=ZE_5ivIe-mT3svZvV69bh_OnLzqpdrJ1_kPUY-GS7-A"
        ],
        "Retry-After": [
          "15"
        ],
        "x-ms-ratelimit-remaining-subscription-reads": [
          "11999"
        ],
        "x-ms-request-id": [
          "c8ab7cb0-e2a6-4410-b073-1a05b00835bf"
        ],
        "x-ms-correlation-request-id": [
          "c8ab7cb0-e2a6-4410-b073-1a05b00835bf"
        ],
        "x-ms-routing-request-id": [
          "EASTUS:20241002T224133Z:c8ab7cb0-e2a6-4410-b073-1a05b00835bf"
        ],
        "Strict-Transport-Security": [
          "max-age=31536000; includeSubDomains"
        ],
        "X-Content-Type-Options": [
          "nosniff"
        ],
        "X-Cache": [
          "CONFIG_NOCACHE"
        ],
        "X-MSEdge-Ref": [
          "Ref A: 5CCF71D56C4D406FB6B4146E790FCBC9 Ref B: BN1AA2051012035 Ref C: 2024-10-02T22:41:33Z"
        ],
        "Date": [
          "Wed, 02 Oct 2024 22:41:33 GMT"
        ],
        "Expires": [
          "-1"
        ],
        "Content-Length": [
          "0"
        ]
      },
      "ResponseBody": "",
      "StatusCode": 202
    },
    {
      "RequestUri": "/subscriptions/c9295b92-3574-4021-95a1-26c8f74f8359/operationresults/eyJqb2JJZCI6IlJFU09VUkNFR1JPVVBERUxFVElPTkpPQi1QUzEwMTgtQ0VOVFJBTFVTRVVBUCIsImpvYkxvY2F0aW9uIjoiY2VudHJhbHVzZXVhcCJ9?api-version=2016-09-01&t=638635056937056769&c=MIIHhzCCBm-gAwIBAgITHgVqhF9GOoUjuyqQWAAABWqEXzANBgkqhkiG9w0BAQsFADBEMRMwEQYKCZImiZPyLGQBGRYDR0JMMRMwEQYKCZImiZPyLGQBGRYDQU1FMRgwFgYDVQQDEw9BTUUgSW5mcmEgQ0EgMDYwHhcNMjQwOTIwMjMxMTQxWhcNMjUwMzE5MjMxMTQxWjBAMT4wPAYDVQQDEzVhc3luY29wZXJhdGlvbnNpZ25pbmdjZXJ0aWZpY2F0ZS5tYW5hZ2VtZW50LmF6dXJlLmNvbTCCASIwDQYJKoZIhvcNAQEBBQADggEPADCCAQoCggEBAKRtcYDBXS7zz5tRtvVyhrUAjudYhej1E2D3dp6XWuPdbVMbQZwMlye8vdT-kDhFD7T2mrdWqsoGnTGk0_xOHBfLGnW-0QRUqpeoTNIhu8vc2CfTUtm2t2s_-fzvFtRyhDA4mfCH1cz92EVj0vd3FD4ikW6bdOp1NkYFqUVBhKlbvJk6y-TbLFBLP5Zx4m0Ua-_P7aMzbgvOJgMOTC2jLs5w_lFDJWeP3IKUOiJmrfLpf4ey5Ov94oCE6YncDBSHJZKWcrSxDHgSz9AXrxarL4HLajGbF3MRvfkMN2gNXCoiJXBEqCLDnyQZ0BgXIvuK7vG8Rj0TyhJNj-QPr8taY6UCAwEAAaOCBHQwggRwMCcGCSsGAQQBgjcVCgQaMBgwCgYIKwYBBQUHAwEwCgYIKwYBBQUHAwIwPQYJKwYBBAGCNxUHBDAwLgYmKwYBBAGCNxUIhpDjDYTVtHiE8Ys-hZvdFs6dEoFghfmRS4WsmTQCAWQCAQcwggHLBggrBgEFBQcBAQSCAb0wggG5MGMGCCsGAQUFBzAChldodHRwOi8vY3JsLm1pY3Jvc29mdC5jb20vcGtpaW5mcmEvQ2VydHMvQkwyUEtJSU5UQ0EwMi5BTUUuR0JMX0FNRSUyMEluZnJhJTIwQ0ElMjAwNi5jcnQwUwYIKwYBBQUHMAKGR2h0dHA6Ly9jcmwxLmFtZS5nYmwvYWlhL0JMMlBLSUlOVENBMDIuQU1FLkdCTF9BTUUlMjBJbmZyYSUyMENBJTIwMDYuY3J0MFMGCCsGAQUFBzAChkdodHRwOi8vY3JsMi5hbWUuZ2JsL2FpYS9CTDJQS0lJTlRDQTAyLkFNRS5HQkxfQU1FJTIwSW5mcmElMjBDQSUyMDA2LmNydDBTBggrBgEFBQcwAoZHaHR0cDovL2NybDMuYW1lLmdibC9haWEvQkwyUEtJSU5UQ0EwMi5BTUUuR0JMX0FNRSUyMEluZnJhJTIwQ0ElMjAwNi5jcnQwUwYIKwYBBQUHMAKGR2h0dHA6Ly9jcmw0LmFtZS5nYmwvYWlhL0JMMlBLSUlOVENBMDIuQU1FLkdCTF9BTUUlMjBJbmZyYSUyMENBJTIwMDYuY3J0MB0GA1UdDgQWBBRKlJQpFyyZKSchkTlshetYOUX7xzAOBgNVHQ8BAf8EBAMCBaAwggEmBgNVHR8EggEdMIIBGTCCARWgggERoIIBDYY_aHR0cDovL2NybC5taWNyb3NvZnQuY29tL3BraWluZnJhL0NSTC9BTUUlMjBJbmZyYSUyMENBJTIwMDYuY3JshjFodHRwOi8vY3JsMS5hbWUuZ2JsL2NybC9BTUUlMjBJbmZyYSUyMENBJTIwMDYuY3JshjFodHRwOi8vY3JsMi5hbWUuZ2JsL2NybC9BTUUlMjBJbmZyYSUyMENBJTIwMDYuY3JshjFodHRwOi8vY3JsMy5hbWUuZ2JsL2NybC9BTUUlMjBJbmZyYSUyMENBJTIwMDYuY3JshjFodHRwOi8vY3JsNC5hbWUuZ2JsL2NybC9BTUUlMjBJbmZyYSUyMENBJTIwMDYuY3JsMIGdBgNVHSAEgZUwgZIwDAYKKwYBBAGCN3sBATBmBgorBgEEAYI3ewICMFgwVgYIKwYBBQUHAgIwSh5IADMAMwBlADAAMQA5ADIAMQAtADQAZAA2ADQALQA0AGYAOABjAC0AYQAwADUANQAtADUAYgBkAGEAZgBmAGQANQBlADMAMwBkMAwGCisGAQQBgjd7AwEwDAYKKwYBBAGCN3sEAjAfBgNVHSMEGDAWgBTxRmjG8cPwKy19i2rhsvm-NfzRQTAdBgNVHSUEFjAUBggrBgEFBQcDAQYIKwYBBQUHAwIwDQYJKoZIhvcNAQELBQADggEBAG0WbzLPsmSSMI7aTe2npixmkdCmwcdZHGd43tUnB8JKrLNJEFcBsQmbcIH0adpnQNrDgRkNBBOTZ4s1LIBlRQapZpPsRItAMUguVpGVRH08T0i43w9xrp_clNbAJrrfRbmYroF0WJKMJ0nwW2rPjxdevSRygGK_nEfywwFi-p1RhHnkiEGL4GnP7PpQcRvAYMdH9LO5MRY7iLbBmosKatS_eWtSJD1CvzglNwy_vQzx81Vnk0CgndqXcVq-loGu7R4U7mkQ2NNqLbp447STxkpP-6Mdyv8J4bdnf1s3vFBNpgvJWKogWcNLlo8jnkbEf6RPNGe1W5lma7JwMKAcPzY&s=CHFpRd9Jh_Bb2Un1DZ048aYCWAn3QHjjSY1D9BEvBwSkheH8kgHehGlizeHKYDxkpW9cMIwgUPSkZ_bbYbIh0bDizhAmtXmKmoj94DgbywQE3fGQKcBy1o0p63Vv6l7sutXqhiTbwhLALGeVHEbTLH2Gvx4QAMSkADtWMf1gmp0WoJ8zs9FchOW8JHwHPXh6m9ept5n1fPtEvo0S2rRH4EeYcI836VUma_VnORcr_6OgpE-BeaJ1on4vNInlcPG1FTwGbfpug0Jj4xifhkiixdCUNeOkowcR5JK-MatfmloP9K3RZgIp5eSOxKfIBz0KBUG5KXFfnJgRBYHGaliZ4A&h=ZE_5ivIe-mT3svZvV69bh_OnLzqpdrJ1_kPUY-GS7-A",
      "EncodedRequestUri": "L3N1YnNjcmlwdGlvbnMvYzkyOTViOTItMzU3NC00MDIxLTk1YTEtMjZjOGY3NGY4MzU5L29wZXJhdGlvbnJlc3VsdHMvZXlKcWIySkpaQ0k2SWxKRlUwOVZVa05GUjFKUFZWQkVSVXhGVkVsUFRrcFBRaTFRVXpFd01UZ3RRMFZPVkZKQlRGVlRSVlZCVUNJc0ltcHZZa3h2WTJGMGFXOXVJam9pWTJWdWRISmhiSFZ6WlhWaGNDSjk/YXBpLXZlcnNpb249MjAxNi0wOS0wMSZ0PTYzODYzNTA1NjkzNzA1Njc2OSZjPU1JSUhoekNDQm0tZ0F3SUJBZ0lUSGdWcWhGOUdPb1VqdXlxUVdBQUFCV3FFWHpBTkJna3Foa2lHOXcwQkFRc0ZBREJFTVJNd0VRWUtDWkltaVpQeUxHUUJHUllEUjBKTU1STXdFUVlLQ1pJbWlaUHlMR1FCR1JZRFFVMUZNUmd3RmdZRFZRUURFdzlCVFVVZ1NXNW1jbUVnUTBFZ01EWXdIaGNOTWpRd09USXdNak14TVRReFdoY05NalV3TXpFNU1qTXhNVFF4V2pCQU1UNHdQQVlEVlFRREV6VmhjM2x1WTI5d1pYSmhkR2x2Ym5OcFoyNXBibWRqWlhKMGFXWnBZMkYwWlM1dFlXNWhaMlZ0Wlc1MExtRjZkWEpsTG1OdmJUQ0NBU0l3RFFZSktvWklodmNOQVFFQkJRQURnZ0VQQURDQ0FRb0NnZ0VCQUtSdGNZREJYUzd6ejV0UnR2VnloclVBanVkWWhlajFFMkQzZHA2WFd1UGRiVk1iUVp3TWx5ZTh2ZFQta0RoRkQ3VDJtcmRXcXNvR25UR2swX3hPSEJmTEduVy0wUVJVcXBlb1ROSWh1OHZjMkNmVFV0bTJ0MnNfLWZ6dkZ0UnloREE0bWZDSDFjejkyRVZqMHZkM0ZENGlrVzZiZE9wMU5rWUZxVVZCaEtsYnZKazZ5LVRiTEZCTFA1Wng0bTBVYS1fUDdhTXpiZ3ZPSmdNT1RDMmpMczV3X2xGREpXZVAzSUtVT2lKbXJmTHBmNGV5NU92OTRvQ0U2WW5jREJTSEpaS1djclN4REhnU3o5QVhyeGFyTDRITGFqR2JGM01SdmZrTU4yZ05YQ29pSlhCRXFDTERueVFaMEJnWEl2dUs3dkc4UmowVHloSk5qLVFQcjh0YVk2VUNBd0VBQWFPQ0JIUXdnZ1J3TUNjR0NTc0dBUVFCZ2pjVkNnUWFNQmd3Q2dZSUt3WUJCUVVIQXdFd0NnWUlLd1lCQlFVSEF3SXdQUVlKS3dZQkJBR0NOeFVIQkRBd0xnWW1Ld1lCQkFHQ054VUlocERqRFlUVnRIaUU4WXMtaFp2ZEZzNmRFb0ZnaGZtUlM0V3NtVFFDQVdRQ0FRY3dnZ0hMQmdnckJnRUZCUWNCQVFTQ0FiMHdnZ0c1TUdNR0NDc0dBUVVGQnpBQ2hsZG9kSFJ3T2k4dlkzSnNMbTFwWTNKdmMyOW1kQzVqYjIwdmNHdHBhVzVtY21FdlEyVnlkSE12UWt3eVVFdEpTVTVVUTBFd01pNUJUVVV1UjBKTVgwRk5SU1V5TUVsdVpuSmhKVEl3UTBFbE1qQXdOaTVqY25Rd1V3WUlLd1lCQlFVSE1BS0dSMmgwZEhBNkx5OWpjbXd4TG1GdFpTNW5ZbXd2WVdsaEwwSk1NbEJMU1VsT1ZFTkJNREl1UVUxRkxrZENURjlCVFVVbE1qQkpibVp5WVNVeU1FTkJKVEl3TURZdVkzSjBNRk1HQ0NzR0FRVUZCekFDaGtkb2RIUndPaTh2WTNKc01pNWhiV1V1WjJKc0wyRnBZUzlDVERKUVMwbEpUbFJEUVRBeUxrRk5SUzVIUWt4ZlFVMUZKVEl3U1c1bWNtRWxNakJEUVNVeU1EQTJMbU55ZERCVEJnZ3JCZ0VGQlFjd0FvWkhhSFIwY0RvdkwyTnliRE11WVcxbExtZGliQzloYVdFdlFrd3lVRXRKU1U1VVEwRXdNaTVCVFVVdVIwSk1YMEZOUlNVeU1FbHVabkpoSlRJd1EwRWxNakF3Tmk1amNuUXdVd1lJS3dZQkJRVUhNQUtHUjJoMGRIQTZMeTlqY213MExtRnRaUzVuWW13dllXbGhMMEpNTWxCTFNVbE9WRU5CTURJdVFVMUZMa2RDVEY5QlRVVWxNakJKYm1aeVlTVXlNRU5CSlRJd01EWXVZM0owTUIwR0ExVWREZ1FXQkJSS2xKUXBGeXlaS1NjaGtUbHNoZXRZT1VYN3h6QU9CZ05WSFE4QkFmOEVCQU1DQmFBd2dnRW1CZ05WSFI4RWdnRWRNSUlCR1RDQ0FSV2dnZ0VSb0lJQkRZWV9hSFIwY0RvdkwyTnliQzV0YVdOeWIzTnZablF1WTI5dEwzQnJhV2x1Wm5KaEwwTlNUQzlCVFVVbE1qQkpibVp5WVNVeU1FTkJKVEl3TURZdVkzSnNoakZvZEhSd09pOHZZM0pzTVM1aGJXVXVaMkpzTDJOeWJDOUJUVVVsTWpCSmJtWnlZU1V5TUVOQkpUSXdNRFl1WTNKc2hqRm9kSFJ3T2k4dlkzSnNNaTVoYldVdVoySnNMMk55YkM5QlRVVWxNakJKYm1aeVlTVXlNRU5CSlRJd01EWXVZM0pzaGpGb2RIUndPaTh2WTNKc015NWhiV1V1WjJKc0wyTnliQzlCVFVVbE1qQkpibVp5WVNVeU1FTkJKVEl3TURZdVkzSnNoakZvZEhSd09pOHZZM0pzTkM1aGJXVXVaMkpzTDJOeWJDOUJUVVVsTWpCSmJtWnlZU1V5TUVOQkpUSXdNRFl1WTNKc01JR2RCZ05WSFNBRWdaVXdnWkl3REFZS0t3WUJCQUdDTjNzQkFUQm1CZ29yQmdFRUFZSTNld0lDTUZnd1ZnWUlLd1lCQlFVSEFnSXdTaDVJQURNQU13QmxBREFBTVFBNUFESUFNUUF0QURRQVpBQTJBRFFBTFFBMEFHWUFPQUJqQUMwQVlRQXdBRFVBTlFBdEFEVUFZZ0JrQUdFQVpnQm1BR1FBTlFCbEFETUFNd0JrTUF3R0Npc0dBUVFCZ2pkN0F3RXdEQVlLS3dZQkJBR0NOM3NFQWpBZkJnTlZIU01FR0RBV2dCVHhSbWpHOGNQd0t5MTlpMnJoc3ZtLU5melJRVEFkQmdOVkhTVUVGakFVQmdnckJnRUZCUWNEQVFZSUt3WUJCUVVIQXdJd0RRWUpLb1pJaHZjTkFRRUxCUUFEZ2dFQkFHMFdiekxQc21TU01JN2FUZTJucGl4bWtkQ213Y2RaSEdkNDN0VW5COEpLckxOSkVGY0JzUW1iY0lIMGFkcG5RTnJEZ1JrTkJCT1RaNHMxTElCbFJRYXBacFBzUkl0QU1VZ3VWcEdWUkgwOFQwaTQzdzl4cnBfY2xOYkFKcnJmUmJtWXJvRjBXSktNSjBud1cyclBqeGRldlNSeWdHS19uRWZ5d3dGaS1wMVJoSG5raUVHTDRHblA3UHBRY1J2QVlNZEg5TE81TVJZN2lMYkJtb3NLYXRTX2VXdFNKRDFDdnpnbE53eV92UXp4ODFWbmswQ2duZHFYY1ZxLWxvR3U3UjRVN21rUTJOTnFMYnA0NDdTVHhrcFAtNk1keXY4SjRiZG5mMXMzdkZCTnBndkpXS29nV2NOTGxvOGpua2JFZjZSUE5HZTFXNWxtYTdKd01LQWNQelkmcz1DSEZwUmQ5SmhfQmIyVW4xRFowNDhhWUNXQW4zUUhqalNZMUQ5QkV2QndTa2hlSDhrZ0hlaEdsaXplSEtZRHhrcFc5Y01Jd2dVUFNrWl9iYlliSWgwYkRpemhBbXRYbUttb2o5NERnYnl3UUUzZkdRS2NCeTFvMHA2M1Z2Nmw3c3V0WHFoaVRid2hMQUxHZVZIRWJUTEgyR3Z4NFFBTVNrQUR0V01mMWdtcDBXb0o4enM5RmNoT1c4Skh3SFBYaDZtOWVwdDVuMWZQdEV2bzBTMnJSSDRFZVljSTgzNlZVbWFfVm5PUmNyXzZPZ3BFLUJlYUoxb240dk5JbmxjUEcxRlR3R2JmcHVnMEpqNHhpZmhraWl4ZENVTmVPa293Y1I1SkstTWF0Zm1sb1A5SzNSWmdJcDVlU094S2ZJQnowS0JVRzVLWEZmbkpnUkJZSEdhbGlaNEEmaD1aRV81aXZJZS1tVDNzdlp2VjY5YmhfT25MenFwZHJKMV9rUFVZLUdTNy1B",
      "RequestMethod": "GET",
      "RequestHeaders": {
        "User-Agent": [
          "FxVersion/6.0.3324.36610",
          "OSName/Windows",
          "OSVersion/Microsoft.Windows.10.0.26100",
          "Microsoft.Azure.Management.Internal.Resources.ResourceManagementClient/1.3.101"
        ]
      },
      "RequestBody": "",
      "ResponseHeaders": {
        "Cache-Control": [
          "no-cache"
        ],
        "Pragma": [
          "no-cache"
        ],
        "x-ms-ratelimit-remaining-subscription-reads": [
          "11999"
        ],
        "x-ms-request-id": [
          "c14dfa48-b65c-4875-b29a-181de9c1e44b"
        ],
        "x-ms-correlation-request-id": [
          "c14dfa48-b65c-4875-b29a-181de9c1e44b"
        ],
        "x-ms-routing-request-id": [
          "EASTUS:20241002T224149Z:c14dfa48-b65c-4875-b29a-181de9c1e44b"
        ],
        "Strict-Transport-Security": [
          "max-age=31536000; includeSubDomains"
        ],
        "X-Content-Type-Options": [
          "nosniff"
        ],
        "X-Cache": [
          "CONFIG_NOCACHE"
        ],
        "X-MSEdge-Ref": [
          "Ref A: C5002D8D1E734D04B7423FB415E94949 Ref B: BN1AA2051012035 Ref C: 2024-10-02T22:41:48Z"
        ],
        "Date": [
          "Wed, 02 Oct 2024 22:41:48 GMT"
        ],
        "Expires": [
          "-1"
        ],
        "Content-Length": [
          "0"
        ]
      },
      "ResponseBody": "",
      "StatusCode": 200
    },
    {
      "RequestUri": "/subscriptions/c9295b92-3574-4021-95a1-26c8f74f8359/operationresults/eyJqb2JJZCI6IlJFU09VUkNFR1JPVVBERUxFVElPTkpPQi1QUzEwMTgtQ0VOVFJBTFVTRVVBUCIsImpvYkxvY2F0aW9uIjoiY2VudHJhbHVzZXVhcCJ9?api-version=2016-09-01&t=638635056937056769&c=MIIHhzCCBm-gAwIBAgITHgVqhF9GOoUjuyqQWAAABWqEXzANBgkqhkiG9w0BAQsFADBEMRMwEQYKCZImiZPyLGQBGRYDR0JMMRMwEQYKCZImiZPyLGQBGRYDQU1FMRgwFgYDVQQDEw9BTUUgSW5mcmEgQ0EgMDYwHhcNMjQwOTIwMjMxMTQxWhcNMjUwMzE5MjMxMTQxWjBAMT4wPAYDVQQDEzVhc3luY29wZXJhdGlvbnNpZ25pbmdjZXJ0aWZpY2F0ZS5tYW5hZ2VtZW50LmF6dXJlLmNvbTCCASIwDQYJKoZIhvcNAQEBBQADggEPADCCAQoCggEBAKRtcYDBXS7zz5tRtvVyhrUAjudYhej1E2D3dp6XWuPdbVMbQZwMlye8vdT-kDhFD7T2mrdWqsoGnTGk0_xOHBfLGnW-0QRUqpeoTNIhu8vc2CfTUtm2t2s_-fzvFtRyhDA4mfCH1cz92EVj0vd3FD4ikW6bdOp1NkYFqUVBhKlbvJk6y-TbLFBLP5Zx4m0Ua-_P7aMzbgvOJgMOTC2jLs5w_lFDJWeP3IKUOiJmrfLpf4ey5Ov94oCE6YncDBSHJZKWcrSxDHgSz9AXrxarL4HLajGbF3MRvfkMN2gNXCoiJXBEqCLDnyQZ0BgXIvuK7vG8Rj0TyhJNj-QPr8taY6UCAwEAAaOCBHQwggRwMCcGCSsGAQQBgjcVCgQaMBgwCgYIKwYBBQUHAwEwCgYIKwYBBQUHAwIwPQYJKwYBBAGCNxUHBDAwLgYmKwYBBAGCNxUIhpDjDYTVtHiE8Ys-hZvdFs6dEoFghfmRS4WsmTQCAWQCAQcwggHLBggrBgEFBQcBAQSCAb0wggG5MGMGCCsGAQUFBzAChldodHRwOi8vY3JsLm1pY3Jvc29mdC5jb20vcGtpaW5mcmEvQ2VydHMvQkwyUEtJSU5UQ0EwMi5BTUUuR0JMX0FNRSUyMEluZnJhJTIwQ0ElMjAwNi5jcnQwUwYIKwYBBQUHMAKGR2h0dHA6Ly9jcmwxLmFtZS5nYmwvYWlhL0JMMlBLSUlOVENBMDIuQU1FLkdCTF9BTUUlMjBJbmZyYSUyMENBJTIwMDYuY3J0MFMGCCsGAQUFBzAChkdodHRwOi8vY3JsMi5hbWUuZ2JsL2FpYS9CTDJQS0lJTlRDQTAyLkFNRS5HQkxfQU1FJTIwSW5mcmElMjBDQSUyMDA2LmNydDBTBggrBgEFBQcwAoZHaHR0cDovL2NybDMuYW1lLmdibC9haWEvQkwyUEtJSU5UQ0EwMi5BTUUuR0JMX0FNRSUyMEluZnJhJTIwQ0ElMjAwNi5jcnQwUwYIKwYBBQUHMAKGR2h0dHA6Ly9jcmw0LmFtZS5nYmwvYWlhL0JMMlBLSUlOVENBMDIuQU1FLkdCTF9BTUUlMjBJbmZyYSUyMENBJTIwMDYuY3J0MB0GA1UdDgQWBBRKlJQpFyyZKSchkTlshetYOUX7xzAOBgNVHQ8BAf8EBAMCBaAwggEmBgNVHR8EggEdMIIBGTCCARWgggERoIIBDYY_aHR0cDovL2NybC5taWNyb3NvZnQuY29tL3BraWluZnJhL0NSTC9BTUUlMjBJbmZyYSUyMENBJTIwMDYuY3JshjFodHRwOi8vY3JsMS5hbWUuZ2JsL2NybC9BTUUlMjBJbmZyYSUyMENBJTIwMDYuY3JshjFodHRwOi8vY3JsMi5hbWUuZ2JsL2NybC9BTUUlMjBJbmZyYSUyMENBJTIwMDYuY3JshjFodHRwOi8vY3JsMy5hbWUuZ2JsL2NybC9BTUUlMjBJbmZyYSUyMENBJTIwMDYuY3JshjFodHRwOi8vY3JsNC5hbWUuZ2JsL2NybC9BTUUlMjBJbmZyYSUyMENBJTIwMDYuY3JsMIGdBgNVHSAEgZUwgZIwDAYKKwYBBAGCN3sBATBmBgorBgEEAYI3ewICMFgwVgYIKwYBBQUHAgIwSh5IADMAMwBlADAAMQA5ADIAMQAtADQAZAA2ADQALQA0AGYAOABjAC0AYQAwADUANQAtADUAYgBkAGEAZgBmAGQANQBlADMAMwBkMAwGCisGAQQBgjd7AwEwDAYKKwYBBAGCN3sEAjAfBgNVHSMEGDAWgBTxRmjG8cPwKy19i2rhsvm-NfzRQTAdBgNVHSUEFjAUBggrBgEFBQcDAQYIKwYBBQUHAwIwDQYJKoZIhvcNAQELBQADggEBAG0WbzLPsmSSMI7aTe2npixmkdCmwcdZHGd43tUnB8JKrLNJEFcBsQmbcIH0adpnQNrDgRkNBBOTZ4s1LIBlRQapZpPsRItAMUguVpGVRH08T0i43w9xrp_clNbAJrrfRbmYroF0WJKMJ0nwW2rPjxdevSRygGK_nEfywwFi-p1RhHnkiEGL4GnP7PpQcRvAYMdH9LO5MRY7iLbBmosKatS_eWtSJD1CvzglNwy_vQzx81Vnk0CgndqXcVq-loGu7R4U7mkQ2NNqLbp447STxkpP-6Mdyv8J4bdnf1s3vFBNpgvJWKogWcNLlo8jnkbEf6RPNGe1W5lma7JwMKAcPzY&s=CHFpRd9Jh_Bb2Un1DZ048aYCWAn3QHjjSY1D9BEvBwSkheH8kgHehGlizeHKYDxkpW9cMIwgUPSkZ_bbYbIh0bDizhAmtXmKmoj94DgbywQE3fGQKcBy1o0p63Vv6l7sutXqhiTbwhLALGeVHEbTLH2Gvx4QAMSkADtWMf1gmp0WoJ8zs9FchOW8JHwHPXh6m9ept5n1fPtEvo0S2rRH4EeYcI836VUma_VnORcr_6OgpE-BeaJ1on4vNInlcPG1FTwGbfpug0Jj4xifhkiixdCUNeOkowcR5JK-MatfmloP9K3RZgIp5eSOxKfIBz0KBUG5KXFfnJgRBYHGaliZ4A&h=ZE_5ivIe-mT3svZvV69bh_OnLzqpdrJ1_kPUY-GS7-A",
      "EncodedRequestUri": "L3N1YnNjcmlwdGlvbnMvYzkyOTViOTItMzU3NC00MDIxLTk1YTEtMjZjOGY3NGY4MzU5L29wZXJhdGlvbnJlc3VsdHMvZXlKcWIySkpaQ0k2SWxKRlUwOVZVa05GUjFKUFZWQkVSVXhGVkVsUFRrcFBRaTFRVXpFd01UZ3RRMFZPVkZKQlRGVlRSVlZCVUNJc0ltcHZZa3h2WTJGMGFXOXVJam9pWTJWdWRISmhiSFZ6WlhWaGNDSjk/YXBpLXZlcnNpb249MjAxNi0wOS0wMSZ0PTYzODYzNTA1NjkzNzA1Njc2OSZjPU1JSUhoekNDQm0tZ0F3SUJBZ0lUSGdWcWhGOUdPb1VqdXlxUVdBQUFCV3FFWHpBTkJna3Foa2lHOXcwQkFRc0ZBREJFTVJNd0VRWUtDWkltaVpQeUxHUUJHUllEUjBKTU1STXdFUVlLQ1pJbWlaUHlMR1FCR1JZRFFVMUZNUmd3RmdZRFZRUURFdzlCVFVVZ1NXNW1jbUVnUTBFZ01EWXdIaGNOTWpRd09USXdNak14TVRReFdoY05NalV3TXpFNU1qTXhNVFF4V2pCQU1UNHdQQVlEVlFRREV6VmhjM2x1WTI5d1pYSmhkR2x2Ym5OcFoyNXBibWRqWlhKMGFXWnBZMkYwWlM1dFlXNWhaMlZ0Wlc1MExtRjZkWEpsTG1OdmJUQ0NBU0l3RFFZSktvWklodmNOQVFFQkJRQURnZ0VQQURDQ0FRb0NnZ0VCQUtSdGNZREJYUzd6ejV0UnR2VnloclVBanVkWWhlajFFMkQzZHA2WFd1UGRiVk1iUVp3TWx5ZTh2ZFQta0RoRkQ3VDJtcmRXcXNvR25UR2swX3hPSEJmTEduVy0wUVJVcXBlb1ROSWh1OHZjMkNmVFV0bTJ0MnNfLWZ6dkZ0UnloREE0bWZDSDFjejkyRVZqMHZkM0ZENGlrVzZiZE9wMU5rWUZxVVZCaEtsYnZKazZ5LVRiTEZCTFA1Wng0bTBVYS1fUDdhTXpiZ3ZPSmdNT1RDMmpMczV3X2xGREpXZVAzSUtVT2lKbXJmTHBmNGV5NU92OTRvQ0U2WW5jREJTSEpaS1djclN4REhnU3o5QVhyeGFyTDRITGFqR2JGM01SdmZrTU4yZ05YQ29pSlhCRXFDTERueVFaMEJnWEl2dUs3dkc4UmowVHloSk5qLVFQcjh0YVk2VUNBd0VBQWFPQ0JIUXdnZ1J3TUNjR0NTc0dBUVFCZ2pjVkNnUWFNQmd3Q2dZSUt3WUJCUVVIQXdFd0NnWUlLd1lCQlFVSEF3SXdQUVlKS3dZQkJBR0NOeFVIQkRBd0xnWW1Ld1lCQkFHQ054VUlocERqRFlUVnRIaUU4WXMtaFp2ZEZzNmRFb0ZnaGZtUlM0V3NtVFFDQVdRQ0FRY3dnZ0hMQmdnckJnRUZCUWNCQVFTQ0FiMHdnZ0c1TUdNR0NDc0dBUVVGQnpBQ2hsZG9kSFJ3T2k4dlkzSnNMbTFwWTNKdmMyOW1kQzVqYjIwdmNHdHBhVzVtY21FdlEyVnlkSE12UWt3eVVFdEpTVTVVUTBFd01pNUJUVVV1UjBKTVgwRk5SU1V5TUVsdVpuSmhKVEl3UTBFbE1qQXdOaTVqY25Rd1V3WUlLd1lCQlFVSE1BS0dSMmgwZEhBNkx5OWpjbXd4TG1GdFpTNW5ZbXd2WVdsaEwwSk1NbEJMU1VsT1ZFTkJNREl1UVUxRkxrZENURjlCVFVVbE1qQkpibVp5WVNVeU1FTkJKVEl3TURZdVkzSjBNRk1HQ0NzR0FRVUZCekFDaGtkb2RIUndPaTh2WTNKc01pNWhiV1V1WjJKc0wyRnBZUzlDVERKUVMwbEpUbFJEUVRBeUxrRk5SUzVIUWt4ZlFVMUZKVEl3U1c1bWNtRWxNakJEUVNVeU1EQTJMbU55ZERCVEJnZ3JCZ0VGQlFjd0FvWkhhSFIwY0RvdkwyTnliRE11WVcxbExtZGliQzloYVdFdlFrd3lVRXRKU1U1VVEwRXdNaTVCVFVVdVIwSk1YMEZOUlNVeU1FbHVabkpoSlRJd1EwRWxNakF3Tmk1amNuUXdVd1lJS3dZQkJRVUhNQUtHUjJoMGRIQTZMeTlqY213MExtRnRaUzVuWW13dllXbGhMMEpNTWxCTFNVbE9WRU5CTURJdVFVMUZMa2RDVEY5QlRVVWxNakJKYm1aeVlTVXlNRU5CSlRJd01EWXVZM0owTUIwR0ExVWREZ1FXQkJSS2xKUXBGeXlaS1NjaGtUbHNoZXRZT1VYN3h6QU9CZ05WSFE4QkFmOEVCQU1DQmFBd2dnRW1CZ05WSFI4RWdnRWRNSUlCR1RDQ0FSV2dnZ0VSb0lJQkRZWV9hSFIwY0RvdkwyTnliQzV0YVdOeWIzTnZablF1WTI5dEwzQnJhV2x1Wm5KaEwwTlNUQzlCVFVVbE1qQkpibVp5WVNVeU1FTkJKVEl3TURZdVkzSnNoakZvZEhSd09pOHZZM0pzTVM1aGJXVXVaMkpzTDJOeWJDOUJUVVVsTWpCSmJtWnlZU1V5TUVOQkpUSXdNRFl1WTNKc2hqRm9kSFJ3T2k4dlkzSnNNaTVoYldVdVoySnNMMk55YkM5QlRVVWxNakJKYm1aeVlTVXlNRU5CSlRJd01EWXVZM0pzaGpGb2RIUndPaTh2WTNKc015NWhiV1V1WjJKc0wyTnliQzlCVFVVbE1qQkpibVp5WVNVeU1FTkJKVEl3TURZdVkzSnNoakZvZEhSd09pOHZZM0pzTkM1aGJXVXVaMkpzTDJOeWJDOUJUVVVsTWpCSmJtWnlZU1V5TUVOQkpUSXdNRFl1WTNKc01JR2RCZ05WSFNBRWdaVXdnWkl3REFZS0t3WUJCQUdDTjNzQkFUQm1CZ29yQmdFRUFZSTNld0lDTUZnd1ZnWUlLd1lCQlFVSEFnSXdTaDVJQURNQU13QmxBREFBTVFBNUFESUFNUUF0QURRQVpBQTJBRFFBTFFBMEFHWUFPQUJqQUMwQVlRQXdBRFVBTlFBdEFEVUFZZ0JrQUdFQVpnQm1BR1FBTlFCbEFETUFNd0JrTUF3R0Npc0dBUVFCZ2pkN0F3RXdEQVlLS3dZQkJBR0NOM3NFQWpBZkJnTlZIU01FR0RBV2dCVHhSbWpHOGNQd0t5MTlpMnJoc3ZtLU5melJRVEFkQmdOVkhTVUVGakFVQmdnckJnRUZCUWNEQVFZSUt3WUJCUVVIQXdJd0RRWUpLb1pJaHZjTkFRRUxCUUFEZ2dFQkFHMFdiekxQc21TU01JN2FUZTJucGl4bWtkQ213Y2RaSEdkNDN0VW5COEpLckxOSkVGY0JzUW1iY0lIMGFkcG5RTnJEZ1JrTkJCT1RaNHMxTElCbFJRYXBacFBzUkl0QU1VZ3VWcEdWUkgwOFQwaTQzdzl4cnBfY2xOYkFKcnJmUmJtWXJvRjBXSktNSjBud1cyclBqeGRldlNSeWdHS19uRWZ5d3dGaS1wMVJoSG5raUVHTDRHblA3UHBRY1J2QVlNZEg5TE81TVJZN2lMYkJtb3NLYXRTX2VXdFNKRDFDdnpnbE53eV92UXp4ODFWbmswQ2duZHFYY1ZxLWxvR3U3UjRVN21rUTJOTnFMYnA0NDdTVHhrcFAtNk1keXY4SjRiZG5mMXMzdkZCTnBndkpXS29nV2NOTGxvOGpua2JFZjZSUE5HZTFXNWxtYTdKd01LQWNQelkmcz1DSEZwUmQ5SmhfQmIyVW4xRFowNDhhWUNXQW4zUUhqalNZMUQ5QkV2QndTa2hlSDhrZ0hlaEdsaXplSEtZRHhrcFc5Y01Jd2dVUFNrWl9iYlliSWgwYkRpemhBbXRYbUttb2o5NERnYnl3UUUzZkdRS2NCeTFvMHA2M1Z2Nmw3c3V0WHFoaVRid2hMQUxHZVZIRWJUTEgyR3Z4NFFBTVNrQUR0V01mMWdtcDBXb0o4enM5RmNoT1c4Skh3SFBYaDZtOWVwdDVuMWZQdEV2bzBTMnJSSDRFZVljSTgzNlZVbWFfVm5PUmNyXzZPZ3BFLUJlYUoxb240dk5JbmxjUEcxRlR3R2JmcHVnMEpqNHhpZmhraWl4ZENVTmVPa293Y1I1SkstTWF0Zm1sb1A5SzNSWmdJcDVlU094S2ZJQnowS0JVRzVLWEZmbkpnUkJZSEdhbGlaNEEmaD1aRV81aXZJZS1tVDNzdlp2VjY5YmhfT25MenFwZHJKMV9rUFVZLUdTNy1B",
      "RequestMethod": "GET",
      "RequestHeaders": {
        "User-Agent": [
          "FxVersion/6.0.3324.36610",
          "OSName/Windows",
          "OSVersion/Microsoft.Windows.10.0.26100",
          "Microsoft.Azure.Management.Internal.Resources.ResourceManagementClient/1.3.101"
        ]
      },
      "RequestBody": "",
      "ResponseHeaders": {
        "Cache-Control": [
          "no-cache"
        ],
        "Pragma": [
          "no-cache"
        ],
        "x-ms-ratelimit-remaining-subscription-reads": [
          "11998"
        ],
        "x-ms-request-id": [
          "63b00f8b-2ee0-4f3d-af5a-cb95d01dcf8b"
        ],
        "x-ms-correlation-request-id": [
          "63b00f8b-2ee0-4f3d-af5a-cb95d01dcf8b"
        ],
        "x-ms-routing-request-id": [
          "EASTUS:20241002T224149Z:63b00f8b-2ee0-4f3d-af5a-cb95d01dcf8b"
        ],
        "Strict-Transport-Security": [
          "max-age=31536000; includeSubDomains"
        ],
        "X-Content-Type-Options": [
          "nosniff"
        ],
        "X-Cache": [
          "CONFIG_NOCACHE"
        ],
        "X-MSEdge-Ref": [
          "Ref A: C458962D97CB4F4CA7A87F9DEE38D0B9 Ref B: BN1AA2051012035 Ref C: 2024-10-02T22:41:49Z"
        ],
        "Date": [
          "Wed, 02 Oct 2024 22:41:49 GMT"
        ],
        "Expires": [
          "-1"
        ],
        "Content-Length": [
          "0"
        ]
      },
      "ResponseBody": "",
      "StatusCode": 200
    }
  ],
  "Names": {
    "Test-NetworkManagerIpamPoolStaticCidrCRUD": [
      "ps1018",
      "ps9890",
      "ps2489",
      "ps2447"
    ]
  },
  "Variables": {
    "SubscriptionId": "c9295b92-3574-4021-95a1-26c8f74f8359"
  }
}