{
  "Entries": [
    {
      "RequestUri": "/subscriptions/0fd190fa-dd1c-4724-b7f6-c5cc3ba5c884/providers/Microsoft.Network/networkManagerConnections/ps9009?api-version=2022-01-01",
      "EncodedRequestUri": "L3N1YnNjcmlwdGlvbnMvMGZkMTkwZmEtZGQxYy00NzI0LWI3ZjYtYzVjYzNiYTVjODg0L3Byb3ZpZGVycy9NaWNyb3NvZnQuTmV0d29yay9uZXR3b3JrTWFuYWdlckNvbm5lY3Rpb25zL3BzOTAwOT9hcGktdmVyc2lvbj0yMDIyLTAxLTAx",
      "RequestMethod": "GET",
      "RequestHeaders": {
        "x-ms-client-request-id": [
          "9f2f2849-0d9c-4e4d-8025-4b3d5fc9534f"
        ],
        "Accept-Language": [
          "en-US"
        ],
        "User-Agent": [
          "FxVersion/4.700.22.36202",
          "OSName/Windows",
          "OSVersion/Microsoft.Windows.10.0.19044",
          "Microsoft.Azure.Management.Network.NetworkManagementClient/23.0.0.0"
        ]
      },
      "RequestBody": "",
      "ResponseHeaders": {
        "Cache-Control": [
          "no-cache"
        ],
        "Pragma": [
          "no-cache"
        ],
        "x-ms-ratelimit-remaining-subscription-reads": [
          "11999"
        ],
        "Strict-Transport-Security": [
          "max-age=31536000; includeSubDomains"
        ],
        "Server": [
          "Kestrel"
        ],
        "x-ms-request-id": [
          "55f786de-6895-4f61-9092-2eaa5331fd37"
        ],
        "x-ms-correlation-request-id": [
          "55f786de-6895-4f61-9092-2eaa5331fd37"
        ],
        "x-ms-routing-request-id": [
          "WESTCENTRALUS:20220811T013024Z:55f786de-6895-4f61-9092-2eaa5331fd37"
        ],
        "X-Content-Type-Options": [
          "nosniff"
        ],
        "Date": [
          "Thu, 11 Aug 2022 01:30:24 GMT"
        ],
        "Content-Length": [
          "200"
        ],
        "Content-Type": [
          "application/json; charset=utf-8"
        ],
        "Expires": [
          "-1"
        ]
      },
      "ResponseBody": "{\r\n  \"error\": {\r\n    \"message\": \"Resource [/subscriptions/0fd190fa-dd1c-4724-b7f6-c5cc3ba5c884/providers/Microsoft.Network/networkManagerConnections/ps9009] does not exist or has been deleted\",\r\n    \"code\": \"NotFound\"\r\n  }\r\n}",
      "StatusCode": 404
    },
    {
      "RequestUri": "/subscriptions/0fd190fa-dd1c-4724-b7f6-c5cc3ba5c884/providers/Microsoft.Network/networkManagerConnections/ps9009?api-version=2022-01-01",
      "EncodedRequestUri": "L3N1YnNjcmlwdGlvbnMvMGZkMTkwZmEtZGQxYy00NzI0LWI3ZjYtYzVjYzNiYTVjODg0L3Byb3ZpZGVycy9NaWNyb3NvZnQuTmV0d29yay9uZXR3b3JrTWFuYWdlckNvbm5lY3Rpb25zL3BzOTAwOT9hcGktdmVyc2lvbj0yMDIyLTAxLTAx",
      "RequestMethod": "GET",
      "RequestHeaders": {
        "x-ms-client-request-id": [
          "efdff5b7-f87c-4273-9bd8-ad14ddf59373"
        ],
        "Accept-Language": [
          "en-US"
        ],
        "User-Agent": [
          "FxVersion/4.700.22.36202",
          "OSName/Windows",
          "OSVersion/Microsoft.Windows.10.0.19044",
          "Microsoft.Azure.Management.Network.NetworkManagementClient/23.0.0.0"
        ]
      },
      "RequestBody": "",
      "ResponseHeaders": {
        "Cache-Control": [
          "no-cache"
        ],
        "Pragma": [
          "no-cache"
        ],
        "x-ms-ratelimit-remaining-subscription-reads": [
          "11999"
        ],
        "Strict-Transport-Security": [
          "max-age=31536000; includeSubDomains"
        ],
        "Server": [
          "Kestrel"
        ],
        "x-ms-request-id": [
          "e6004085-122a-405e-974e-8f203d5a23dd"
        ],
        "x-ms-correlation-request-id": [
          "e6004085-122a-405e-974e-8f203d5a23dd"
        ],
        "x-ms-routing-request-id": [
          "WESTCENTRALUS:20220811T013030Z:e6004085-122a-405e-974e-8f203d5a23dd"
        ],
        "X-Content-Type-Options": [
          "nosniff"
        ],
        "Date": [
          "Thu, 11 Aug 2022 01:30:29 GMT"
        ],
        "Content-Length": [
          "480"
        ],
        "Content-Type": [
          "application/json; charset=utf-8"
        ],
        "Expires": [
          "-1"
        ]
      },
      "ResponseBody": "{\r\n  \"id\": \"/subscriptions/0fd190fa-dd1c-4724-b7f6-c5cc3ba5c884/providers/Microsoft.Network/networkManagerConnections/ps9009\",\r\n  \"name\": \"ps9009\",\r\n  \"type\": \"Microsoft.Network/networkManagerConnections\",\r\n  \"location\": \"\",\r\n  \"properties\": {\r\n    \"networkManagerId\": \"/subscriptions/0fd190fa-dd1c-4724-b7f6-c5cc3ba5c884/resourceGroups/jaredgorthy-PowerShellTestResources/providers/Microsoft.Network/networkManagers/PowerShellTestNM-DO-NOT-DELETE\",\r\n    \"connectionState\": \"Pending\",\r\n    \"description\": \"SampleDescription\"\r\n  }\r\n}",
      "StatusCode": 200
    },
    {
      "RequestUri": "/subscriptions/0fd190fa-dd1c-4724-b7f6-c5cc3ba5c884/providers/Microsoft.Network/networkManagerConnections/ps9009?api-version=2022-01-01",
      "EncodedRequestUri": "L3N1YnNjcmlwdGlvbnMvMGZkMTkwZmEtZGQxYy00NzI0LWI3ZjYtYzVjYzNiYTVjODg0L3Byb3ZpZGVycy9NaWNyb3NvZnQuTmV0d29yay9uZXR3b3JrTWFuYWdlckNvbm5lY3Rpb25zL3BzOTAwOT9hcGktdmVyc2lvbj0yMDIyLTAxLTAx",
      "RequestMethod": "GET",
      "RequestHeaders": {
        "x-ms-client-request-id": [
          "40e04a18-20d3-4357-9679-5903831741b5"
        ],
        "Accept-Language": [
          "en-US"
        ],
        "User-Agent": [
          "FxVersion/4.700.22.36202",
          "OSName/Windows",
          "OSVersion/Microsoft.Windows.10.0.19044",
          "Microsoft.Azure.Management.Network.NetworkManagementClient/23.0.0.0"
        ]
      },
      "RequestBody": "",
      "ResponseHeaders": {
        "Cache-Control": [
          "no-cache"
        ],
        "Pragma": [
          "no-cache"
        ],
        "x-ms-ratelimit-remaining-subscription-reads": [
          "11999"
        ],
        "Strict-Transport-Security": [
          "max-age=31536000; includeSubDomains"
        ],
        "Server": [
          "Kestrel"
        ],
        "x-ms-request-id": [
          "05a6e448-4407-43e5-96d1-94642290335d"
        ],
        "x-ms-correlation-request-id": [
          "05a6e448-4407-43e5-96d1-94642290335d"
        ],
        "x-ms-routing-request-id": [
          "WESTCENTRALUS:20220811T013032Z:05a6e448-4407-43e5-96d1-94642290335d"
        ],
        "X-Content-Type-Options": [
          "nosniff"
        ],
        "Date": [
          "Thu, 11 Aug 2022 01:30:31 GMT"
        ],
        "Content-Length": [
          "480"
        ],
        "Content-Type": [
          "application/json; charset=utf-8"
        ],
        "Expires": [
          "-1"
        ]
      },
      "ResponseBody": "{\r\n  \"id\": \"/subscriptions/0fd190fa-dd1c-4724-b7f6-c5cc3ba5c884/providers/Microsoft.Network/networkManagerConnections/ps9009\",\r\n  \"name\": \"ps9009\",\r\n  \"type\": \"Microsoft.Network/networkManagerConnections\",\r\n  \"location\": \"\",\r\n  \"properties\": {\r\n    \"networkManagerId\": \"/subscriptions/0fd190fa-dd1c-4724-b7f6-c5cc3ba5c884/resourceGroups/jaredgorthy-PowerShellTestResources/providers/Microsoft.Network/networkManagers/PowerShellTestNM-DO-NOT-DELETE\",\r\n    \"connectionState\": \"Pending\",\r\n    \"description\": \"SampleDescription\"\r\n  }\r\n}",
      "StatusCode": 200
    },
    {
      "RequestUri": "/subscriptions/0fd190fa-dd1c-4724-b7f6-c5cc3ba5c884/providers/Microsoft.Network/networkManagerConnections/ps9009?api-version=2022-01-01",
      "EncodedRequestUri": "L3N1YnNjcmlwdGlvbnMvMGZkMTkwZmEtZGQxYy00NzI0LWI3ZjYtYzVjYzNiYTVjODg0L3Byb3ZpZGVycy9NaWNyb3NvZnQuTmV0d29yay9uZXR3b3JrTWFuYWdlckNvbm5lY3Rpb25zL3BzOTAwOT9hcGktdmVyc2lvbj0yMDIyLTAxLTAx",
      "RequestMethod": "PUT",
      "RequestHeaders": {
        "x-ms-client-request-id": [
          "9f2f2849-0d9c-4e4d-8025-4b3d5fc9534f"
        ],
        "Accept-Language": [
          "en-US"
        ],
        "User-Agent": [
          "FxVersion/4.700.22.36202",
          "OSName/Windows",
          "OSVersion/Microsoft.Windows.10.0.19044",
          "Microsoft.Azure.Management.Network.NetworkManagementClient/23.0.0.0"
        ],
        "Content-Type": [
          "application/json; charset=utf-8"
        ],
        "Content-Length": [
          "274"
        ]
      },
      "RequestBody": "{\r\n  \"properties\": {\r\n    \"networkManagerId\": \"/subscriptions/0fd190fa-dd1c-4724-b7f6-c5cc3ba5c884/resourceGroups/jaredgorthy-PowerShellTestResources/providers/Microsoft.Network/networkManagers/PowerShellTestNM-DO-NOT-DELETE\",\r\n    \"description\": \"SampleDescription\"\r\n  }\r\n}",
      "ResponseHeaders": {
        "Cache-Control": [
          "no-cache"
        ],
        "Pragma": [
          "no-cache"
        ],
        "x-ms-ratelimit-remaining-subscription-writes": [
          "1199"
        ],
        "Strict-Transport-Security": [
          "max-age=31536000; includeSubDomains"
        ],
        "Server": [
          "Kestrel"
        ],
        "x-ms-request-id": [
          "462343df-f7b8-46c9-9eed-bdd694f4300e"
        ],
        "x-ms-correlation-request-id": [
          "462343df-f7b8-46c9-9eed-bdd694f4300e"
        ],
        "x-ms-routing-request-id": [
          "WESTCENTRALUS:20220811T013029Z:462343df-f7b8-46c9-9eed-bdd694f4300e"
        ],
        "X-Content-Type-Options": [
          "nosniff"
        ],
        "Date": [
          "Thu, 11 Aug 2022 01:30:29 GMT"
        ],
        "Content-Length": [
          "480"
        ],
        "Content-Type": [
          "application/json; charset=utf-8"
        ],
        "Expires": [
          "-1"
        ]
      },
      "ResponseBody": "{\r\n  \"id\": \"/subscriptions/0fd190fa-dd1c-4724-b7f6-c5cc3ba5c884/providers/Microsoft.Network/networkManagerConnections/ps9009\",\r\n  \"name\": \"ps9009\",\r\n  \"type\": \"Microsoft.Network/networkManagerConnections\",\r\n  \"location\": \"\",\r\n  \"properties\": {\r\n    \"networkManagerId\": \"/subscriptions/0fd190fa-dd1c-4724-b7f6-c5cc3ba5c884/resourceGroups/jaredgorthy-PowerShellTestResources/providers/Microsoft.Network/networkManagers/PowerShellTestNM-DO-NOT-DELETE\",\r\n    \"connectionState\": \"Pending\",\r\n    \"description\": \"SampleDescription\"\r\n  }\r\n}",
      "StatusCode": 200
    },
    {
      "RequestUri": "/subscriptions/0fd190fa-dd1c-4724-b7f6-c5cc3ba5c884/providers/Microsoft.Network/networkManagerConnections/ps9009?api-version=2022-01-01",
      "EncodedRequestUri": "L3N1YnNjcmlwdGlvbnMvMGZkMTkwZmEtZGQxYy00NzI0LWI3ZjYtYzVjYzNiYTVjODg0L3Byb3ZpZGVycy9NaWNyb3NvZnQuTmV0d29yay9uZXR3b3JrTWFuYWdlckNvbm5lY3Rpb25zL3BzOTAwOT9hcGktdmVyc2lvbj0yMDIyLTAxLTAx",
      "RequestMethod": "PUT",
      "RequestHeaders": {
        "x-ms-client-request-id": [
          "40e04a18-20d3-4357-9679-5903831741b5"
        ],
        "Accept-Language": [
          "en-US"
        ],
        "User-Agent": [
          "FxVersion/4.700.22.36202",
          "OSName/Windows",
          "OSVersion/Microsoft.Windows.10.0.19044",
          "Microsoft.Azure.Management.Network.NetworkManagementClient/23.0.0.0"
        ],
        "Content-Type": [
          "application/json; charset=utf-8"
        ],
        "Content-Length": [
          "316"
        ]
      },
      "RequestBody": "{\r\n  \"properties\": {\r\n    \"networkManagerId\": \"/subscriptions/0fd190fa-dd1c-4724-b7f6-c5cc3ba5c884/resourceGroups/jaredgorthy-PowerShellTestResources/providers/Microsoft.Network/networkManagers/PowerShellTestNM-DO-NOT-DELETE\",\r\n    \"connectionState\": \"Pending\",\r\n    \"description\": \"A Different Description.\"\r\n  }\r\n}",
      "ResponseHeaders": {
        "Cache-Control": [
          "no-cache"
        ],
        "Pragma": [
          "no-cache"
        ],
        "x-ms-ratelimit-remaining-subscription-writes": [
          "1199"
        ],
        "Strict-Transport-Security": [
          "max-age=31536000; includeSubDomains"
        ],
        "Server": [
          "Kestrel"
        ],
        "x-ms-request-id": [
          "6386ba1c-d8c0-43f8-8c4a-0ac6010079d4"
        ],
        "x-ms-correlation-request-id": [
          "6386ba1c-d8c0-43f8-8c4a-0ac6010079d4"
        ],
        "x-ms-routing-request-id": [
          "WESTCENTRALUS:20220811T013033Z:6386ba1c-d8c0-43f8-8c4a-0ac6010079d4"
        ],
        "X-Content-Type-Options": [
          "nosniff"
        ],
        "Date": [
          "Thu, 11 Aug 2022 01:30:33 GMT"
        ],
        "Content-Length": [
          "487"
        ],
        "Content-Type": [
          "application/json; charset=utf-8"
        ],
        "Expires": [
          "-1"
        ]
      },
      "ResponseBody": "{\r\n  \"id\": \"/subscriptions/0fd190fa-dd1c-4724-b7f6-c5cc3ba5c884/providers/Microsoft.Network/networkManagerConnections/ps9009\",\r\n  \"name\": \"ps9009\",\r\n  \"type\": \"Microsoft.Network/networkManagerConnections\",\r\n  \"location\": \"\",\r\n  \"properties\": {\r\n    \"networkManagerId\": \"/subscriptions/0fd190fa-dd1c-4724-b7f6-c5cc3ba5c884/resourceGroups/jaredgorthy-PowerShellTestResources/providers/Microsoft.Network/networkManagers/PowerShellTestNM-DO-NOT-DELETE\",\r\n    \"connectionState\": \"Pending\",\r\n    \"description\": \"A Different Description.\"\r\n  }\r\n}",
      "StatusCode": 200
    },
    {
      "RequestUri": "/subscriptions/0fd190fa-dd1c-4724-b7f6-c5cc3ba5c884/providers/Microsoft.Network/networkManagerConnections/ps9009?api-version=2022-01-01",
      "EncodedRequestUri": "L3N1YnNjcmlwdGlvbnMvMGZkMTkwZmEtZGQxYy00NzI0LWI3ZjYtYzVjYzNiYTVjODg0L3Byb3ZpZGVycy9NaWNyb3NvZnQuTmV0d29yay9uZXR3b3JrTWFuYWdlckNvbm5lY3Rpb25zL3BzOTAwOT9hcGktdmVyc2lvbj0yMDIyLTAxLTAx",
      "RequestMethod": "DELETE",
      "RequestHeaders": {
        "x-ms-client-request-id": [
          "fcae12b5-05c8-4476-86dd-0a359897946e"
        ],
        "Accept-Language": [
          "en-US"
        ],
        "User-Agent": [
          "FxVersion/4.700.22.36202",
          "OSName/Windows",
          "OSVersion/Microsoft.Windows.10.0.19044",
          "Microsoft.Azure.Management.Network.NetworkManagementClient/23.0.0.0"
        ]
      },
      "RequestBody": "",
      "ResponseHeaders": {
        "Cache-Control": [
          "no-cache"
        ],
        "Pragma": [
          "no-cache"
        ],
        "Strict-Transport-Security": [
          "max-age=31536000; includeSubDomains"
        ],
        "Server": [
          "Kestrel"
        ],
        "x-ms-ratelimit-remaining-subscription-deletes": [
          "14999"
        ],
        "x-ms-request-id": [
          "4be02a8b-3847-4b13-b313-e75070b625fc"
        ],
        "x-ms-correlation-request-id": [
          "4be02a8b-3847-4b13-b313-e75070b625fc"
        ],
        "x-ms-routing-request-id": [
          "WESTCENTRALUS:20220811T013036Z:4be02a8b-3847-4b13-b313-e75070b625fc"
        ],
        "X-Content-Type-Options": [
          "nosniff"
        ],
        "Date": [
          "Thu, 11 Aug 2022 01:30:36 GMT"
        ],
        "Expires": [
          "-1"
        ],
        "Content-Length": [
          "0"
        ]
      },
      "ResponseBody": "",
      "StatusCode": 200
    }
  ],
  "Names": {
    "Test-NetworkManagerSubscriptionConnectionCRUD": [
      "ps9009"
    ]
  },
  "Variables": {
    "SubscriptionId": "0fd190fa-dd1c-4724-b7f6-c5cc3ba5c884"
  }
}