{
  "Entries": [
    {
      "RequestUri": "/subscriptions/08615b4b-bc9c-4a70-be1b-2ea10bc97b52/providers/Microsoft.Network/networkManagerConnections/ps62?api-version=2022-04-01-preview",
      "EncodedRequestUri": "L3N1YnNjcmlwdGlvbnMvMDg2MTViNGItYmM5Yy00YTcwLWJlMWItMmVhMTBiYzk3YjUyL3Byb3ZpZGVycy9NaWNyb3NvZnQuTmV0d29yay9uZXR3b3JrTWFuYWdlckNvbm5lY3Rpb25zL3BzNjI/YXBpLXZlcnNpb249MjAyMi0wNC0wMS1wcmV2aWV3",
      "RequestMethod": "GET",
      "RequestBody": "",
      "RequestHeaders": {
        "x-ms-client-request-id": [
          "c56127de-7289-482d-9c7e-25f41373ed82"
        ],
        "Accept-Language": [
          "en-US"
        ],
        "User-Agent": [
          "FxVersion/4.700.22.21202",
          "OSName/Windows",
          "OSVersion/Microsoft.Windows.10.0.19044",
          "Microsoft.Azure.Management.Network.NetworkManagementClient/22.1.0.Beta.1"
        ]
      },
      "ResponseHeaders": {
        "Cache-Control": [
          "no-cache"
        ],
        "Pragma": [
          "no-cache"
        ],
        "x-ms-ratelimit-remaining-subscription-reads": [
          "11999"
        ],
        "Strict-Transport-Security": [
          "max-age=31536000; includeSubDomains"
        ],
        "Server": [
          "Kestrel"
        ],
        "x-ms-request-id": [
          "92ef1c9b-afd8-469d-bda7-3c5686c39fb2"
        ],
        "x-ms-correlation-request-id": [
          "92ef1c9b-afd8-469d-bda7-3c5686c39fb2"
        ],
        "x-ms-routing-request-id": [
          "WESTUS:20220610T215926Z:92ef1c9b-afd8-469d-bda7-3c5686c39fb2"
        ],
        "X-Content-Type-Options": [
          "nosniff"
        ],
        "Date": [
          "Fri, 10 Jun 2022 21:59:26 GMT"
        ],
        "Content-Length": [
          "199"
        ],
        "Content-Type": [
          "application/json; charset=utf-8"
        ],
        "Expires": [
          "-1"
        ]
      },
      "ResponseBody": "{\r\n  \"error\": {\r\n    \"message\": \"Resource  [/subscriptions/08615b4b-bc9c-4a70-be1b-2ea10bc97b52/providers/Microsoft.Network/networkManagerConnections/ps62] does not exist or has been deleted\",\r\n    \"code\": \"NotFound\"\r\n  }\r\n}",
      "StatusCode": 404
    },
    {
      "RequestUri": "/subscriptions/08615b4b-bc9c-4a70-be1b-2ea10bc97b52/providers/Microsoft.Network/networkManagerConnections/ps62?api-version=2022-04-01-preview",
      "EncodedRequestUri": "L3N1YnNjcmlwdGlvbnMvMDg2MTViNGItYmM5Yy00YTcwLWJlMWItMmVhMTBiYzk3YjUyL3Byb3ZpZGVycy9NaWNyb3NvZnQuTmV0d29yay9uZXR3b3JrTWFuYWdlckNvbm5lY3Rpb25zL3BzNjI/YXBpLXZlcnNpb249MjAyMi0wNC0wMS1wcmV2aWV3",
      "RequestMethod": "GET",
      "RequestBody": "",
      "RequestHeaders": {
        "x-ms-client-request-id": [
          "85b1f808-fb97-4c71-bd6c-d9da7e5bac12"
        ],
        "Accept-Language": [
          "en-US"
        ],
        "User-Agent": [
          "FxVersion/4.700.22.21202",
          "OSName/Windows",
          "OSVersion/Microsoft.Windows.10.0.19044",
          "Microsoft.Azure.Management.Network.NetworkManagementClient/22.1.0.Beta.1"
        ]
      },
      "ResponseHeaders": {
        "Cache-Control": [
          "no-cache"
        ],
        "Pragma": [
          "no-cache"
        ],
        "x-ms-ratelimit-remaining-subscription-reads": [
          "11998"
        ],
        "Strict-Transport-Security": [
          "max-age=31536000; includeSubDomains"
        ],
        "Server": [
          "Kestrel"
        ],
        "x-ms-request-id": [
          "1004bed7-fff2-4d5f-afff-0f2a3d6039d5"
        ],
        "x-ms-correlation-request-id": [
          "1004bed7-fff2-4d5f-afff-0f2a3d6039d5"
        ],
        "x-ms-routing-request-id": [
          "WESTUS:20220610T215930Z:1004bed7-fff2-4d5f-afff-0f2a3d6039d5"
        ],
        "X-Content-Type-Options": [
          "nosniff"
        ],
        "Date": [
          "Fri, 10 Jun 2022 21:59:30 GMT"
        ],
        "Content-Length": [
          "434"
        ],
        "Content-Type": [
          "application/json; charset=utf-8"
        ],
        "Expires": [
          "-1"
        ]
      },
      "ResponseBody": "{\r\n  \"id\": \"/subscriptions/08615b4b-bc9c-4a70-be1b-2ea10bc97b52/providers/Microsoft.Network/networkManagerConnections/ps62\",\r\n  \"name\": \"ps62\",\r\n  \"type\": \"Microsoft.Network/networkManagerConnections\",\r\n  \"location\": \"\",\r\n  \"properties\": {\r\n    \"networkManagerId\": \"/subscriptions/08615b4b-bc9c-4a70-be1b-2ea10bc97b52/resourceGroups/PSTestResources/providers/Microsoft.Network/networkManagers/PSTestNM\",\r\n    \"connectionState\": \"Pending\",\r\n    \"description\": \"SampleDescription\"\r\n  }\r\n}",
      "StatusCode": 200
    },
    {
      "RequestUri": "/subscriptions/08615b4b-bc9c-4a70-be1b-2ea10bc97b52/providers/Microsoft.Network/networkManagerConnections/ps62?api-version=2022-04-01-preview",
      "EncodedRequestUri": "L3N1YnNjcmlwdGlvbnMvMDg2MTViNGItYmM5Yy00YTcwLWJlMWItMmVhMTBiYzk3YjUyL3Byb3ZpZGVycy9NaWNyb3NvZnQuTmV0d29yay9uZXR3b3JrTWFuYWdlckNvbm5lY3Rpb25zL3BzNjI/YXBpLXZlcnNpb249MjAyMi0wNC0wMS1wcmV2aWV3",
      "RequestMethod": "GET",
      "RequestBody": "",
      "RequestHeaders": {
        "x-ms-client-request-id": [
          "7b38320e-5802-4a90-b6c9-723966b5c259"
        ],
        "Accept-Language": [
          "en-US"
        ],
        "User-Agent": [
          "FxVersion/4.700.22.21202",
          "OSName/Windows",
          "OSVersion/Microsoft.Windows.10.0.19044",
          "Microsoft.Azure.Management.Network.NetworkManagementClient/22.1.0.Beta.1"
        ]
      },
      "ResponseHeaders": {
        "Cache-Control": [
          "no-cache"
        ],
        "Pragma": [
          "no-cache"
        ],
        "x-ms-ratelimit-remaining-subscription-reads": [
          "11997"
        ],
        "Strict-Transport-Security": [
          "max-age=31536000; includeSubDomains"
        ],
        "Server": [
          "Kestrel"
        ],
        "x-ms-request-id": [
          "7188b221-6db1-43d3-b8b5-3fb34c725bc9"
        ],
        "x-ms-correlation-request-id": [
          "7188b221-6db1-43d3-b8b5-3fb34c725bc9"
        ],
        "x-ms-routing-request-id": [
          "WESTUS:20220610T215931Z:7188b221-6db1-43d3-b8b5-3fb34c725bc9"
        ],
        "X-Content-Type-Options": [
          "nosniff"
        ],
        "Date": [
          "Fri, 10 Jun 2022 21:59:30 GMT"
        ],
        "Content-Length": [
          "434"
        ],
        "Content-Type": [
          "application/json; charset=utf-8"
        ],
        "Expires": [
          "-1"
        ]
      },
      "ResponseBody": "{\r\n  \"id\": \"/subscriptions/08615b4b-bc9c-4a70-be1b-2ea10bc97b52/providers/Microsoft.Network/networkManagerConnections/ps62\",\r\n  \"name\": \"ps62\",\r\n  \"type\": \"Microsoft.Network/networkManagerConnections\",\r\n  \"location\": \"\",\r\n  \"properties\": {\r\n    \"networkManagerId\": \"/subscriptions/08615b4b-bc9c-4a70-be1b-2ea10bc97b52/resourceGroups/PSTestResources/providers/Microsoft.Network/networkManagers/PSTestNM\",\r\n    \"connectionState\": \"Pending\",\r\n    \"description\": \"SampleDescription\"\r\n  }\r\n}",
      "StatusCode": 200
    },
    {
      "RequestUri": "/subscriptions/08615b4b-bc9c-4a70-be1b-2ea10bc97b52/providers/Microsoft.Network/networkManagerConnections/ps62?api-version=2022-04-01-preview",
      "EncodedRequestUri": "L3N1YnNjcmlwdGlvbnMvMDg2MTViNGItYmM5Yy00YTcwLWJlMWItMmVhMTBiYzk3YjUyL3Byb3ZpZGVycy9NaWNyb3NvZnQuTmV0d29yay9uZXR3b3JrTWFuYWdlckNvbm5lY3Rpb25zL3BzNjI/YXBpLXZlcnNpb249MjAyMi0wNC0wMS1wcmV2aWV3",
      "RequestMethod": "PUT",
      "RequestBody": "{\r\n  \"properties\": {\r\n    \"networkManagerId\": \"/subscriptions/08615b4b-bc9c-4a70-be1b-2ea10bc97b52/resourceGroups/PSTestResources/providers/Microsoft.Network/networkManagers/PSTestNM\",\r\n    \"description\": \"SampleDescription\"\r\n  }\r\n}",
      "RequestHeaders": {
        "x-ms-client-request-id": [
          "c56127de-7289-482d-9c7e-25f41373ed82"
        ],
        "Accept-Language": [
          "en-US"
        ],
        "User-Agent": [
          "FxVersion/4.700.22.21202",
          "OSName/Windows",
          "OSVersion/Microsoft.Windows.10.0.19044",
          "Microsoft.Azure.Management.Network.NetworkManagementClient/22.1.0.Beta.1"
        ],
        "Content-Type": [
          "application/json; charset=utf-8"
        ],
        "Content-Length": [
          "232"
        ]
      },
      "ResponseHeaders": {
        "Cache-Control": [
          "no-cache"
        ],
        "Pragma": [
          "no-cache"
        ],
        "x-ms-ratelimit-remaining-subscription-writes": [
          "1199"
        ],
        "Strict-Transport-Security": [
          "max-age=31536000; includeSubDomains"
        ],
        "Server": [
          "Kestrel"
        ],
        "x-ms-request-id": [
          "5778cd0d-d685-4f89-aa2d-ac5df499fef9"
        ],
        "x-ms-correlation-request-id": [
          "5778cd0d-d685-4f89-aa2d-ac5df499fef9"
        ],
        "x-ms-routing-request-id": [
          "WESTUS:20220610T215930Z:5778cd0d-d685-4f89-aa2d-ac5df499fef9"
        ],
        "X-Content-Type-Options": [
          "nosniff"
        ],
        "Date": [
          "Fri, 10 Jun 2022 21:59:30 GMT"
        ],
        "Content-Length": [
          "434"
        ],
        "Content-Type": [
          "application/json; charset=utf-8"
        ],
        "Expires": [
          "-1"
        ]
      },
      "ResponseBody": "{\r\n  \"id\": \"/subscriptions/08615b4b-bc9c-4a70-be1b-2ea10bc97b52/providers/Microsoft.Network/networkManagerConnections/ps62\",\r\n  \"name\": \"ps62\",\r\n  \"type\": \"Microsoft.Network/networkManagerConnections\",\r\n  \"location\": \"\",\r\n  \"properties\": {\r\n    \"networkManagerId\": \"/subscriptions/08615b4b-bc9c-4a70-be1b-2ea10bc97b52/resourceGroups/PSTestResources/providers/Microsoft.Network/networkManagers/PSTestNM\",\r\n    \"connectionState\": \"Pending\",\r\n    \"description\": \"SampleDescription\"\r\n  }\r\n}",
      "StatusCode": 200
    },
    {
      "RequestUri": "/subscriptions/08615b4b-bc9c-4a70-be1b-2ea10bc97b52/providers/Microsoft.Network/networkManagerConnections/ps62?api-version=2022-04-01-preview",
      "EncodedRequestUri": "L3N1YnNjcmlwdGlvbnMvMDg2MTViNGItYmM5Yy00YTcwLWJlMWItMmVhMTBiYzk3YjUyL3Byb3ZpZGVycy9NaWNyb3NvZnQuTmV0d29yay9uZXR3b3JrTWFuYWdlckNvbm5lY3Rpb25zL3BzNjI/YXBpLXZlcnNpb249MjAyMi0wNC0wMS1wcmV2aWV3",
      "RequestMethod": "PUT",
      "RequestBody": "{\r\n  \"properties\": {\r\n    \"networkManagerId\": \"/subscriptions/08615b4b-bc9c-4a70-be1b-2ea10bc97b52/resourceGroups/PSTestResources/providers/Microsoft.Network/networkManagers/PSTestNM\",\r\n    \"connectionState\": \"Pending\",\r\n    \"description\": \"A Different Description.\"\r\n  }\r\n}",
      "RequestHeaders": {
        "x-ms-client-request-id": [
          "7b38320e-5802-4a90-b6c9-723966b5c259"
        ],
        "Accept-Language": [
          "en-US"
        ],
        "User-Agent": [
          "FxVersion/4.700.22.21202",
          "OSName/Windows",
          "OSVersion/Microsoft.Windows.10.0.19044",
          "Microsoft.Azure.Management.Network.NetworkManagementClient/22.1.0.Beta.1"
        ],
        "Content-Type": [
          "application/json; charset=utf-8"
        ],
        "Content-Length": [
          "274"
        ]
      },
      "ResponseHeaders": {
        "Cache-Control": [
          "no-cache"
        ],
        "Pragma": [
          "no-cache"
        ],
        "x-ms-ratelimit-remaining-subscription-writes": [
          "1198"
        ],
        "Strict-Transport-Security": [
          "max-age=31536000; includeSubDomains"
        ],
        "Server": [
          "Kestrel"
        ],
        "x-ms-request-id": [
          "b641e844-d80b-4a66-a3fc-4eaf9ee3e779"
        ],
        "x-ms-correlation-request-id": [
          "b641e844-d80b-4a66-a3fc-4eaf9ee3e779"
        ],
        "x-ms-routing-request-id": [
          "WESTUS:20220610T215932Z:b641e844-d80b-4a66-a3fc-4eaf9ee3e779"
        ],
        "X-Content-Type-Options": [
          "nosniff"
        ],
        "Date": [
          "Fri, 10 Jun 2022 21:59:32 GMT"
        ],
        "Content-Length": [
          "441"
        ],
        "Content-Type": [
          "application/json; charset=utf-8"
        ],
        "Expires": [
          "-1"
        ]
      },
      "ResponseBody": "{\r\n  \"id\": \"/subscriptions/08615b4b-bc9c-4a70-be1b-2ea10bc97b52/providers/Microsoft.Network/networkManagerConnections/ps62\",\r\n  \"name\": \"ps62\",\r\n  \"type\": \"Microsoft.Network/networkManagerConnections\",\r\n  \"location\": \"\",\r\n  \"properties\": {\r\n    \"networkManagerId\": \"/subscriptions/08615b4b-bc9c-4a70-be1b-2ea10bc97b52/resourceGroups/PSTestResources/providers/Microsoft.Network/networkManagers/PSTestNM\",\r\n    \"connectionState\": \"Pending\",\r\n    \"description\": \"A Different Description.\"\r\n  }\r\n}",
      "StatusCode": 200
    },
    {
      "RequestUri": "/subscriptions/08615b4b-bc9c-4a70-be1b-2ea10bc97b52/providers/Microsoft.Network/networkManagerConnections/ps62?api-version=2022-04-01-preview",
      "EncodedRequestUri": "L3N1YnNjcmlwdGlvbnMvMDg2MTViNGItYmM5Yy00YTcwLWJlMWItMmVhMTBiYzk3YjUyL3Byb3ZpZGVycy9NaWNyb3NvZnQuTmV0d29yay9uZXR3b3JrTWFuYWdlckNvbm5lY3Rpb25zL3BzNjI/YXBpLXZlcnNpb249MjAyMi0wNC0wMS1wcmV2aWV3",
      "RequestMethod": "DELETE",
      "RequestBody": "",
      "RequestHeaders": {
        "x-ms-client-request-id": [
          "4c810b78-a390-4bc9-a5b5-c7df1a0f6e1a"
        ],
        "Accept-Language": [
          "en-US"
        ],
        "User-Agent": [
          "FxVersion/4.700.22.21202",
          "OSName/Windows",
          "OSVersion/Microsoft.Windows.10.0.19044",
          "Microsoft.Azure.Management.Network.NetworkManagementClient/22.1.0.Beta.1"
        ]
      },
      "ResponseHeaders": {
        "Cache-Control": [
          "no-cache"
        ],
        "Pragma": [
          "no-cache"
        ],
        "Strict-Transport-Security": [
          "max-age=31536000; includeSubDomains"
        ],
        "Server": [
          "Kestrel"
        ],
        "x-ms-ratelimit-remaining-subscription-deletes": [
          "14999"
        ],
        "x-ms-request-id": [
          "a944ef51-398b-41b8-96c6-38f6c780be7f"
        ],
        "x-ms-correlation-request-id": [
          "a944ef51-398b-41b8-96c6-38f6c780be7f"
        ],
        "x-ms-routing-request-id": [
          "WESTUS:20220610T215934Z:a944ef51-398b-41b8-96c6-38f6c780be7f"
        ],
        "X-Content-Type-Options": [
          "nosniff"
        ],
        "Date": [
          "Fri, 10 Jun 2022 21:59:34 GMT"
        ],
        "Expires": [
          "-1"
        ],
        "Content-Length": [
          "0"
        ]
      },
      "ResponseBody": "",
      "StatusCode": 200
    }
  ],
  "Names": {
    "Test-NetworkManagerSubscriptionConnectionCRUD": [
      "ps62"
    ]
  },
  "Variables": {
    "SubscriptionId": "08615b4b-bc9c-4a70-be1b-2ea10bc97b52"
  }
}