{
  "Entries": [
    {
      "RequestUri": "/subscriptions/dfa8d777-26f3-4e5e-be19-d6d5fa3176fc/resourcegroups/ps509?api-version=2016-09-01",
      "EncodedRequestUri": "L3N1YnNjcmlwdGlvbnMvZGZhOGQ3NzctMjZmMy00ZTVlLWJlMTktZDZkNWZhMzE3NmZjL3Jlc291cmNlZ3JvdXBzL3BzNTA5P2FwaS12ZXJzaW9uPTIwMTYtMDktMDE=",
      "RequestMethod": "PUT",
      "RequestHeaders": {
        "x-ms-client-request-id": [
          "8de219f6-6dbf-47e1-8c8f-3980685a8663"
        ],
        "Accept-Language": [
          "en-US"
        ],
        "User-Agent": [
          "FxVersion/6.0.3324.36610",
          "OSName/Windows",
          "OSVersion/Microsoft.Windows.10.0.26100",
          "Microsoft.Azure.Management.Internal.Resources.ResourceManagementClient/1.3.101"
        ],
        "Content-Type": [
          "application/json; charset=utf-8"
        ],
        "Content-Length": [
          "78"
        ]
      },
      "RequestBody": "{\r\n  \"location\": \"eastus2euap\",\r\n  \"tags\": {\r\n    \"testtag\": \"testval\"\r\n  }\r\n}",
      "ResponseHeaders": {
        "Cache-Control": [
          "no-cache"
        ],
        "Pragma": [
          "no-cache"
        ],
        "x-ms-ratelimit-remaining-subscription-writes": [
          "1199"
        ],
        "x-ms-request-id": [
          "c8dd9991-4052-4571-8f8d-64ddc187110e"
        ],
        "x-ms-correlation-request-id": [
          "c8dd9991-4052-4571-8f8d-64ddc187110e"
        ],
        "x-ms-routing-request-id": [
          "EASTUS:20241002T163744Z:c8dd9991-4052-4571-8f8d-64ddc187110e"
        ],
        "Strict-Transport-Security": [
          "max-age=31536000; includeSubDomains"
        ],
        "X-Content-Type-Options": [
          "nosniff"
        ],
        "X-Cache": [
          "CONFIG_NOCACHE"
        ],
        "X-MSEdge-Ref": [
          "Ref A: E54C79C51017424F89A03F36FB4EBD36 Ref B: MNZ221060619051 Ref C: 2024-10-02T16:37:44Z"
        ],
        "Date": [
          "Wed, 02 Oct 2024 16:37:43 GMT"
        ],
        "Content-Length": [
          "218"
        ],
        "Content-Type": [
          "application/json; charset=utf-8"
        ],
        "Expires": [
          "-1"
        ]
      },
      "ResponseBody": "{\r\n  \"id\": \"/subscriptions/dfa8d777-26f3-4e5e-be19-d6d5fa3176fc/resourceGroups/ps509\",\r\n  \"name\": \"ps509\",\r\n  \"location\": \"eastus2euap\",\r\n  \"tags\": {\r\n    \"testtag\": \"testval\",\r\n    \"skipNRMSNSG\": \"true\"\r\n  },\r\n  \"properties\": {\r\n    \"provisioningState\": \"Succeeded\"\r\n  }\r\n}",
      "StatusCode": 201
    },
    {
      "RequestUri": "/subscriptions/dfa8d777-26f3-4e5e-be19-d6d5fa3176fc/resourceGroups/ps509/providers/Microsoft.Network/networkManagers/ps4863?api-version=2024-05-01",
      "EncodedRequestUri": "L3N1YnNjcmlwdGlvbnMvZGZhOGQ3NzctMjZmMy00ZTVlLWJlMTktZDZkNWZhMzE3NmZjL3Jlc291cmNlR3JvdXBzL3BzNTA5L3Byb3ZpZGVycy9NaWNyb3NvZnQuTmV0d29yay9uZXR3b3JrTWFuYWdlcnMvcHM0ODYzP2FwaS12ZXJzaW9uPTIwMjQtMDUtMDE=",
      "RequestMethod": "GET",
      "RequestHeaders": {
        "x-ms-client-request-id": [
          "233fb41d-7a15-4cbb-ab3a-e2824121700a"
        ],
        "Accept-Language": [
          "en-US"
        ],
        "User-Agent": [
          "FxVersion/6.0.3324.36610",
          "OSName/Windows",
          "OSVersion/Microsoft.Windows.10.0.26100",
          "Microsoft.Azure.Management.Network.NetworkManagementClient/27.0.0.0"
        ]
      },
      "RequestBody": "",
      "ResponseHeaders": {
        "Cache-Control": [
          "no-cache"
        ],
        "Pragma": [
          "no-cache"
        ],
        "x-ms-failure-cause": [
          "gateway"
        ],
        "x-ms-request-id": [
          "8a6f09d6-64af-470d-ae76-191e1990a517"
        ],
        "x-ms-correlation-request-id": [
          "8a6f09d6-64af-470d-ae76-191e1990a517"
        ],
        "x-ms-routing-request-id": [
          "EASTUS2:20241002T163744Z:8a6f09d6-64af-470d-ae76-191e1990a517"
        ],
        "Strict-Transport-Security": [
          "max-age=31536000; includeSubDomains"
        ],
        "X-Content-Type-Options": [
          "nosniff"
        ],
        "X-Cache": [
          "CONFIG_NOCACHE"
        ],
        "X-MSEdge-Ref": [
          "Ref A: 14E978FD97AA4C03AD273E80851A1E1D Ref B: MNZ221060610025 Ref C: 2024-10-02T16:37:44Z"
        ],
        "Date": [
          "Wed, 02 Oct 2024 16:37:44 GMT"
        ],
        "Content-Length": [
          "217"
        ],
        "Content-Type": [
          "application/json; charset=utf-8"
        ],
        "Expires": [
          "-1"
        ]
      },
      "ResponseBody": "{\r\n  \"error\": {\r\n    \"code\": \"ResourceNotFound\",\r\n    \"message\": \"The Resource 'Microsoft.Network/networkManagers/ps4863' under resource group 'ps509' was not found. For more details please go to https://aka.ms/ARMResourceNotFoundFix\"\r\n  }\r\n}",
      "StatusCode": 404
    },
    {
      "RequestUri": "/subscriptions/dfa8d777-26f3-4e5e-be19-d6d5fa3176fc/resourceGroups/ps509/providers/Microsoft.Network/networkManagers/ps4863?api-version=2024-05-01",
      "EncodedRequestUri": "L3N1YnNjcmlwdGlvbnMvZGZhOGQ3NzctMjZmMy00ZTVlLWJlMTktZDZkNWZhMzE3NmZjL3Jlc291cmNlR3JvdXBzL3BzNTA5L3Byb3ZpZGVycy9NaWNyb3NvZnQuTmV0d29yay9uZXR3b3JrTWFuYWdlcnMvcHM0ODYzP2FwaS12ZXJzaW9uPTIwMjQtMDUtMDE=",
      "RequestMethod": "GET",
      "RequestHeaders": {
        "x-ms-client-request-id": [
          "233fb41d-7a15-4cbb-ab3a-e2824121700a"
        ],
        "Accept-Language": [
          "en-US"
        ],
        "User-Agent": [
          "FxVersion/6.0.3324.36610",
          "OSName/Windows",
          "OSVersion/Microsoft.Windows.10.0.26100",
          "Microsoft.Azure.Management.Network.NetworkManagementClient/27.0.0.0"
        ]
      },
      "RequestBody": "",
      "ResponseHeaders": {
        "Cache-Control": [
          "no-cache"
        ],
        "Pragma": [
          "no-cache"
        ],
        "Strict-Transport-Security": [
          "max-age=31536000; includeSubDomains"
        ],
        "x-ms-ratelimit-remaining-subscription-reads": [
          "11999"
        ],
        "x-ms-request-id": [
          "449d2601-103f-4a3c-a39b-77732387aebd"
        ],
        "x-ms-correlation-request-id": [
          "449d2601-103f-4a3c-a39b-77732387aebd"
        ],
        "x-ms-routing-request-id": [
          "EASTUS:20241002T163748Z:449d2601-103f-4a3c-a39b-77732387aebd"
        ],
        "X-Content-Type-Options": [
          "nosniff"
        ],
        "X-Cache": [
          "CONFIG_NOCACHE"
        ],
        "X-MSEdge-Ref": [
          "Ref A: 5D26434FC0094C2792B88901DBECA164 Ref B: MNZ221060610025 Ref C: 2024-10-02T16:37:47Z"
        ],
        "Date": [
          "Wed, 02 Oct 2024 16:37:48 GMT"
        ],
        "Content-Length": [
          "807"
        ],
        "Content-Type": [
          "application/json; charset=utf-8"
        ],
        "Expires": [
          "-1"
        ]
      },
      "ResponseBody": "{\r\n  \"name\": \"ps4863\",\r\n  \"id\": \"/subscriptions/dfa8d777-26f3-4e5e-be19-d6d5fa3176fc/resourceGroups/ps509/providers/Microsoft.Network/networkManagers/ps4863\",\r\n  \"location\": \"eastus2euap\",\r\n  \"type\": \"Microsoft.Network/networkManagers\",\r\n  \"tags\": {},\r\n  \"etag\": \"\\\"000011c9-0000-3400-0000-66fd76db0000\\\"\",\r\n  \"properties\": {\r\n    \"description\": \"\",\r\n    \"networkManagerScopes\": {\r\n      \"managementGroups\": [],\r\n      \"subscriptions\": [\r\n        \"/subscriptions/dfa8d777-26f3-4e5e-be19-d6d5fa3176fc\"\r\n      ],\r\n      \"crossTenantScopes\": []\r\n    },\r\n    \"provisioningState\": \"Succeeded\",\r\n    \"networkManagerScopeAccesses\": [],\r\n    \"resourceGuid\": \"94e29936-aaa3-4e1e-b81f-0d57d28d8461\"\r\n  },\r\n  \"systemData\": {\r\n    \"createdBy\": \"pthompson@microsoft.com\",\r\n    \"createdByType\": \"User\",\r\n    \"createdAt\": \"2024-10-02T16:37:46.4361091Z\",\r\n    \"lastModifiedBy\": \"pthompson@microsoft.com\",\r\n    \"lastModifiedByType\": \"User\",\r\n    \"lastModifiedAt\": \"2024-10-02T16:37:46.4361091Z\"\r\n  }\r\n}",
      "StatusCode": 200
    },
    {
      "RequestUri": "/subscriptions/dfa8d777-26f3-4e5e-be19-d6d5fa3176fc/resourceGroups/ps509/providers/Microsoft.Network/networkManagers/ps4863?api-version=2024-05-01",
      "EncodedRequestUri": "L3N1YnNjcmlwdGlvbnMvZGZhOGQ3NzctMjZmMy00ZTVlLWJlMTktZDZkNWZhMzE3NmZjL3Jlc291cmNlR3JvdXBzL3BzNTA5L3Byb3ZpZGVycy9NaWNyb3NvZnQuTmV0d29yay9uZXR3b3JrTWFuYWdlcnMvcHM0ODYzP2FwaS12ZXJzaW9uPTIwMjQtMDUtMDE=",
      "RequestMethod": "PUT",
      "RequestHeaders": {
        "x-ms-client-request-id": [
          "233fb41d-7a15-4cbb-ab3a-e2824121700a"
        ],
        "Accept-Language": [
          "en-US"
        ],
        "User-Agent": [
          "FxVersion/6.0.3324.36610",
          "OSName/Windows",
          "OSVersion/Microsoft.Windows.10.0.26100",
          "Microsoft.Azure.Management.Network.NetworkManagementClient/27.0.0.0"
        ],
        "Content-Type": [
          "application/json; charset=utf-8"
        ],
        "Content-Length": [
          "265"
        ]
      },
      "RequestBody": "{\r\n  \"properties\": {\r\n    \"networkManagerScopes\": {\r\n      \"managementGroups\": [],\r\n      \"subscriptions\": [\r\n        \"/subscriptions/dfa8d777-26f3-4e5e-be19-d6d5fa3176fc\"\r\n      ]\r\n    },\r\n    \"networkManagerScopeAccesses\": []\r\n  },\r\n  \"location\": \"eastus2euap\"\r\n}",
      "ResponseHeaders": {
        "Cache-Control": [
          "no-cache"
        ],
        "Pragma": [
          "no-cache"
        ],
        "Strict-Transport-Security": [
          "max-age=31536000; includeSubDomains"
        ],
        "x-ms-ratelimit-remaining-subscription-writes": [
          "1199"
        ],
        "x-ms-request-id": [
          "31a3cb21-2f0f-462f-a836-e2db75dd8f2f"
        ],
        "x-ms-correlation-request-id": [
          "31a3cb21-2f0f-462f-a836-e2db75dd8f2f"
        ],
        "x-ms-routing-request-id": [
          "EASTUS:20241002T163747Z:31a3cb21-2f0f-462f-a836-e2db75dd8f2f"
        ],
        "X-Content-Type-Options": [
          "nosniff"
        ],
        "X-Cache": [
          "CONFIG_NOCACHE"
        ],
        "X-MSEdge-Ref": [
          "Ref A: 186DD5D856F943CC9539CFFD5D701118 Ref B: MNZ221060610025 Ref C: 2024-10-02T16:37:46Z"
        ],
        "Date": [
          "Wed, 02 Oct 2024 16:37:47 GMT"
        ],
        "Content-Length": [
          "767"
        ],
        "Content-Type": [
          "application/json; charset=utf-8"
        ],
        "Expires": [
          "-1"
        ]
      },
      "ResponseBody": "{\r\n  \"name\": \"ps4863\",\r\n  \"id\": \"/subscriptions/dfa8d777-26f3-4e5e-be19-d6d5fa3176fc/resourceGroups/ps509/providers/Microsoft.Network/networkManagers/ps4863\",\r\n  \"location\": \"eastus2euap\",\r\n  \"type\": \"Microsoft.Network/networkManagers\",\r\n  \"tags\": {},\r\n  \"etag\": \"\",\r\n  \"properties\": {\r\n    \"description\": \"\",\r\n    \"networkManagerScopes\": {\r\n      \"managementGroups\": [],\r\n      \"subscriptions\": [\r\n        \"/subscriptions/dfa8d777-26f3-4e5e-be19-d6d5fa3176fc\"\r\n      ],\r\n      \"crossTenantScopes\": []\r\n    },\r\n    \"provisioningState\": \"Succeeded\",\r\n    \"networkManagerScopeAccesses\": [],\r\n    \"resourceGuid\": \"94e29936-aaa3-4e1e-b81f-0d57d28d8461\"\r\n  },\r\n  \"systemData\": {\r\n    \"createdBy\": \"pthompson@microsoft.com\",\r\n    \"createdByType\": \"User\",\r\n    \"createdAt\": \"2024-10-02T16:37:46.4361091Z\",\r\n    \"lastModifiedBy\": \"pthompson@microsoft.com\",\r\n    \"lastModifiedByType\": \"User\",\r\n    \"lastModifiedAt\": \"2024-10-02T16:37:46.4361091Z\"\r\n  }\r\n}",
      "StatusCode": 200
    },
    {
      "RequestUri": "/subscriptions/dfa8d777-26f3-4e5e-be19-d6d5fa3176fc/resourceGroups/ps509/providers/Microsoft.Network/networkManagers/ps4863/ipamPools/ps334?api-version=2024-05-01",
      "EncodedRequestUri": "L3N1YnNjcmlwdGlvbnMvZGZhOGQ3NzctMjZmMy00ZTVlLWJlMTktZDZkNWZhMzE3NmZjL3Jlc291cmNlR3JvdXBzL3BzNTA5L3Byb3ZpZGVycy9NaWNyb3NvZnQuTmV0d29yay9uZXR3b3JrTWFuYWdlcnMvcHM0ODYzL2lwYW1Qb29scy9wczMzND9hcGktdmVyc2lvbj0yMDI0LTA1LTAx",
      "RequestMethod": "GET",
      "RequestHeaders": {
        "x-ms-client-request-id": [
          "73c0271e-6ff2-42e1-80d6-74bf5daaab40"
        ],
        "Accept-Language": [
          "en-US"
        ],
        "User-Agent": [
          "FxVersion/6.0.3324.36610",
          "OSName/Windows",
          "OSVersion/Microsoft.Windows.10.0.26100",
          "Microsoft.Azure.Management.Network.NetworkManagementClient/27.0.0.0"
        ]
      },
      "RequestBody": "",
      "ResponseHeaders": {
        "Cache-Control": [
          "no-cache"
        ],
        "Pragma": [
          "no-cache"
        ],
        "x-ms-failure-cause": [
          "gateway"
        ],
        "x-ms-request-id": [
          "3611cd03-6143-4c12-a2a8-1d00179ae7c7"
        ],
        "x-ms-correlation-request-id": [
          "3611cd03-6143-4c12-a2a8-1d00179ae7c7"
        ],
        "x-ms-routing-request-id": [
          "EASTUS:20241002T163748Z:3611cd03-6143-4c12-a2a8-1d00179ae7c7"
        ],
        "Strict-Transport-Security": [
          "max-age=31536000; includeSubDomains"
        ],
        "X-Content-Type-Options": [
          "nosniff"
        ],
        "X-Cache": [
          "CONFIG_NOCACHE"
        ],
        "X-MSEdge-Ref": [
          "Ref A: C5B236204D05427899F694B47E4B0E42 Ref B: MNZ221060619019 Ref C: 2024-10-02T16:37:48Z"
        ],
        "Date": [
          "Wed, 02 Oct 2024 16:37:47 GMT"
        ],
        "Content-Length": [
          "233"
        ],
        "Content-Type": [
          "application/json; charset=utf-8"
        ],
        "Expires": [
          "-1"
        ]
      },
      "ResponseBody": "{\r\n  \"error\": {\r\n    \"code\": \"ResourceNotFound\",\r\n    \"message\": \"The Resource 'Microsoft.Network/networkManagers/ps4863/ipamPools/ps334' under resource group 'ps509' was not found. For more details please go to https://aka.ms/ARMResourceNotFoundFix\"\r\n  }\r\n}",
      "StatusCode": 404
    },
    {
      "RequestUri": "/subscriptions/dfa8d777-26f3-4e5e-be19-d6d5fa3176fc/resourceGroups/ps509/providers/Microsoft.Network/networkManagers/ps4863/ipamPools/ps334?api-version=2024-05-01",
      "EncodedRequestUri": "L3N1YnNjcmlwdGlvbnMvZGZhOGQ3NzctMjZmMy00ZTVlLWJlMTktZDZkNWZhMzE3NmZjL3Jlc291cmNlR3JvdXBzL3BzNTA5L3Byb3ZpZGVycy9NaWNyb3NvZnQuTmV0d29yay9uZXR3b3JrTWFuYWdlcnMvcHM0ODYzL2lwYW1Qb29scy9wczMzND9hcGktdmVyc2lvbj0yMDI0LTA1LTAx",
      "RequestMethod": "GET",
      "RequestHeaders": {
        "x-ms-client-request-id": [
          "73c0271e-6ff2-42e1-80d6-74bf5daaab40"
        ],
        "User-Agent": [
          "FxVersion/6.0.3324.36610",
          "OSName/Windows",
          "OSVersion/Microsoft.Windows.10.0.26100",
          "Microsoft.Azure.Management.Network.NetworkManagementClient/27.0.0.0"
        ]
      },
      "RequestBody": "",
      "ResponseHeaders": {
        "Cache-Control": [
          "no-cache"
        ],
        "Pragma": [
          "no-cache"
        ],
        "x-ms-ratelimit-remaining-subscription-reads": [
          "11999"
        ],
        "mise-correlation-id": [
          "7077febd-f295-4b3a-9178-967421ba1391"
        ],
        "Strict-Transport-Security": [
          "max-age=31536000; includeSubDomains"
        ],
        "x-ms-request-id": [
          "ac6bdbf4-79fc-40a7-89c4-7d5324d2b3c2"
        ],
        "x-ms-correlation-request-id": [
          "ac6bdbf4-79fc-40a7-89c4-7d5324d2b3c2"
        ],
        "x-ms-routing-request-id": [
          "EASTUS:20241002T163750Z:ac6bdbf4-79fc-40a7-89c4-7d5324d2b3c2"
        ],
        "X-Content-Type-Options": [
          "nosniff"
        ],
        "X-Cache": [
          "CONFIG_NOCACHE"
        ],
        "X-MSEdge-Ref": [
          "Ref A: E4E50958D0934095BF3E37D096B42979 Ref B: MNZ221060619019 Ref C: 2024-10-02T16:37:50Z"
        ],
        "Date": [
          "Wed, 02 Oct 2024 16:37:50 GMT"
        ],
        "Content-Length": [
          "662"
        ],
        "Content-Type": [
          "application/json; charset=utf-8"
        ],
        "Expires": [
          "-1"
        ]
      },
      "ResponseBody": "{\r\n  \"name\": \"ps334\",\r\n  \"type\": \"Microsoft.Network/networkManagers/ipamPools\",\r\n  \"properties\": {\r\n    \"description\": null,\r\n    \"displayName\": \"\",\r\n    \"ipAddressType\": [\r\n      \"IPv4\"\r\n    ],\r\n    \"parentPoolName\": null,\r\n    \"addressPrefixes\": [\r\n      \"10.0.0.0/8\"\r\n    ],\r\n    \"provisioningState\": \"Succeeded\"\r\n  },\r\n  \"id\": \"/subscriptions/dfa8d777-26f3-4e5e-be19-d6d5fa3176fc/resourceGroups/ps509/providers/Microsoft.Network/networkManagers/ps4863/ipamPools/ps334\",\r\n  \"tags\": null,\r\n  \"location\": \"eastus2euap\",\r\n  \"systemData\": {\r\n    \"createdBy\": \"pthompson@microsoft.com\",\r\n    \"createdByType\": \"User\",\r\n    \"createdAt\": \"2024-10-02T12:37:48.849863-04:00\",\r\n    \"lastModifiedBy\": \"pthompson@microsoft.com\",\r\n    \"lastModifiedByType\": \"User\",\r\n    \"lastModifiedAt\": \"2024-10-02T12:37:48.849863-04:00\"\r\n  }\r\n}",
      "StatusCode": 200
    },
    {
      "RequestUri": "/subscriptions/dfa8d777-26f3-4e5e-be19-d6d5fa3176fc/resourceGroups/ps509/providers/Microsoft.Network/networkManagers/ps4863/ipamPools/ps334?api-version=2024-05-01",
      "EncodedRequestUri": "L3N1YnNjcmlwdGlvbnMvZGZhOGQ3NzctMjZmMy00ZTVlLWJlMTktZDZkNWZhMzE3NmZjL3Jlc291cmNlR3JvdXBzL3BzNTA5L3Byb3ZpZGVycy9NaWNyb3NvZnQuTmV0d29yay9uZXR3b3JrTWFuYWdlcnMvcHM0ODYzL2lwYW1Qb29scy9wczMzND9hcGktdmVyc2lvbj0yMDI0LTA1LTAx",
      "RequestMethod": "GET",
      "RequestHeaders": {
        "x-ms-client-request-id": [
          "73c0271e-6ff2-42e1-80d6-74bf5daaab40"
        ],
        "Accept-Language": [
          "en-US"
        ],
        "User-Agent": [
          "FxVersion/6.0.3324.36610",
          "OSName/Windows",
          "OSVersion/Microsoft.Windows.10.0.26100",
          "Microsoft.Azure.Management.Network.NetworkManagementClient/27.0.0.0"
        ]
      },
      "RequestBody": "",
      "ResponseHeaders": {
        "Cache-Control": [
          "no-cache"
        ],
        "Pragma": [
          "no-cache"
        ],
        "x-ms-ratelimit-remaining-subscription-reads": [
          "11999"
        ],
        "mise-correlation-id": [
          "ea20ff71-be84-4992-a287-15bdd4a3f7ce"
        ],
        "Strict-Transport-Security": [
          "max-age=31536000; includeSubDomains"
        ],
        "x-ms-request-id": [
          "76428010-2c92-4aa6-9193-6a671168921f"
        ],
        "x-ms-correlation-request-id": [
          "76428010-2c92-4aa6-9193-6a671168921f"
        ],
        "x-ms-routing-request-id": [
          "EASTUS:20241002T163751Z:76428010-2c92-4aa6-9193-6a671168921f"
        ],
        "X-Content-Type-Options": [
          "nosniff"
        ],
        "X-Cache": [
          "CONFIG_NOCACHE"
        ],
        "X-MSEdge-Ref": [
          "Ref A: 7439510DFA8E4ACAB175F06C0F0F3FC5 Ref B: MNZ221060619019 Ref C: 2024-10-02T16:37:50Z"
        ],
        "Date": [
          "Wed, 02 Oct 2024 16:37:50 GMT"
        ],
        "Content-Length": [
          "662"
        ],
        "Content-Type": [
          "application/json; charset=utf-8"
        ],
        "Expires": [
          "-1"
        ]
      },
      "ResponseBody": "{\r\n  \"name\": \"ps334\",\r\n  \"type\": \"Microsoft.Network/networkManagers/ipamPools\",\r\n  \"properties\": {\r\n    \"description\": null,\r\n    \"displayName\": \"\",\r\n    \"ipAddressType\": [\r\n      \"IPv4\"\r\n    ],\r\n    \"parentPoolName\": null,\r\n    \"addressPrefixes\": [\r\n      \"10.0.0.0/8\"\r\n    ],\r\n    \"provisioningState\": \"Succeeded\"\r\n  },\r\n  \"id\": \"/subscriptions/dfa8d777-26f3-4e5e-be19-d6d5fa3176fc/resourceGroups/ps509/providers/Microsoft.Network/networkManagers/ps4863/ipamPools/ps334\",\r\n  \"tags\": null,\r\n  \"location\": \"eastus2euap\",\r\n  \"systemData\": {\r\n    \"createdBy\": \"pthompson@microsoft.com\",\r\n    \"createdByType\": \"User\",\r\n    \"createdAt\": \"2024-10-02T12:37:48.849863-04:00\",\r\n    \"lastModifiedBy\": \"pthompson@microsoft.com\",\r\n    \"lastModifiedByType\": \"User\",\r\n    \"lastModifiedAt\": \"2024-10-02T12:37:48.849863-04:00\"\r\n  }\r\n}",
      "StatusCode": 200
    },
    {
      "RequestUri": "/subscriptions/dfa8d777-26f3-4e5e-be19-d6d5fa3176fc/resourceGroups/ps509/providers/Microsoft.Network/networkManagers/ps4863/ipamPools/ps334?api-version=2024-05-01",
      "EncodedRequestUri": "L3N1YnNjcmlwdGlvbnMvZGZhOGQ3NzctMjZmMy00ZTVlLWJlMTktZDZkNWZhMzE3NmZjL3Jlc291cmNlR3JvdXBzL3BzNTA5L3Byb3ZpZGVycy9NaWNyb3NvZnQuTmV0d29yay9uZXR3b3JrTWFuYWdlcnMvcHM0ODYzL2lwYW1Qb29scy9wczMzND9hcGktdmVyc2lvbj0yMDI0LTA1LTAx",
      "RequestMethod": "GET",
      "RequestHeaders": {
        "x-ms-client-request-id": [
          "cdba4fe0-a377-4901-9c8a-54f01dd82490"
        ],
        "Accept-Language": [
          "en-US"
        ],
        "User-Agent": [
          "FxVersion/6.0.3324.36610",
          "OSName/Windows",
          "OSVersion/Microsoft.Windows.10.0.26100",
          "Microsoft.Azure.Management.Network.NetworkManagementClient/27.0.0.0"
        ]
      },
      "RequestBody": "",
      "ResponseHeaders": {
        "Cache-Control": [
          "no-cache"
        ],
        "Pragma": [
          "no-cache"
        ],
        "x-ms-ratelimit-remaining-subscription-reads": [
          "11999"
        ],
        "mise-correlation-id": [
          "eac7694f-328b-4942-9fb6-ea97832a0ae6"
        ],
        "Strict-Transport-Security": [
          "max-age=31536000; includeSubDomains"
        ],
        "x-ms-request-id": [
          "44a96c36-a7fb-4d57-aa7b-576127b8c5f7"
        ],
        "x-ms-correlation-request-id": [
          "44a96c36-a7fb-4d57-aa7b-576127b8c5f7"
        ],
        "x-ms-routing-request-id": [
          "EASTUS:20241002T163751Z:44a96c36-a7fb-4d57-aa7b-576127b8c5f7"
        ],
        "X-Content-Type-Options": [
          "nosniff"
        ],
        "X-Cache": [
          "CONFIG_NOCACHE"
        ],
        "X-MSEdge-Ref": [
          "Ref A: 6A7A98DD9FF94178A00054EF923A2308 Ref B: MNZ221060610033 Ref C: 2024-10-02T16:37:51Z"
        ],
        "Date": [
          "Wed, 02 Oct 2024 16:37:51 GMT"
        ],
        "Content-Length": [
          "662"
        ],
        "Content-Type": [
          "application/json; charset=utf-8"
        ],
        "Expires": [
          "-1"
        ]
      },
      "ResponseBody": "{\r\n  \"name\": \"ps334\",\r\n  \"type\": \"Microsoft.Network/networkManagers/ipamPools\",\r\n  \"properties\": {\r\n    \"description\": null,\r\n    \"displayName\": \"\",\r\n    \"ipAddressType\": [\r\n      \"IPv4\"\r\n    ],\r\n    \"parentPoolName\": null,\r\n    \"addressPrefixes\": [\r\n      \"10.0.0.0/8\"\r\n    ],\r\n    \"provisioningState\": \"Succeeded\"\r\n  },\r\n  \"id\": \"/subscriptions/dfa8d777-26f3-4e5e-be19-d6d5fa3176fc/resourceGroups/ps509/providers/Microsoft.Network/networkManagers/ps4863/ipamPools/ps334\",\r\n  \"tags\": null,\r\n  \"location\": \"eastus2euap\",\r\n  \"systemData\": {\r\n    \"createdBy\": \"pthompson@microsoft.com\",\r\n    \"createdByType\": \"User\",\r\n    \"createdAt\": \"2024-10-02T12:37:48.849863-04:00\",\r\n    \"lastModifiedBy\": \"pthompson@microsoft.com\",\r\n    \"lastModifiedByType\": \"User\",\r\n    \"lastModifiedAt\": \"2024-10-02T12:37:48.849863-04:00\"\r\n  }\r\n}",
      "StatusCode": 200
    },
    {
      "RequestUri": "/subscriptions/dfa8d777-26f3-4e5e-be19-d6d5fa3176fc/resourceGroups/ps509/providers/Microsoft.Network/networkManagers/ps4863/ipamPools/ps334?api-version=2024-05-01",
      "EncodedRequestUri": "L3N1YnNjcmlwdGlvbnMvZGZhOGQ3NzctMjZmMy00ZTVlLWJlMTktZDZkNWZhMzE3NmZjL3Jlc291cmNlR3JvdXBzL3BzNTA5L3Byb3ZpZGVycy9NaWNyb3NvZnQuTmV0d29yay9uZXR3b3JrTWFuYWdlcnMvcHM0ODYzL2lwYW1Qb29scy9wczMzND9hcGktdmVyc2lvbj0yMDI0LTA1LTAx",
      "RequestMethod": "GET",
      "RequestHeaders": {
        "x-ms-client-request-id": [
          "80976b41-bc43-4e5a-aeb9-bbbb41102aed"
        ],
        "Accept-Language": [
          "en-US"
        ],
        "User-Agent": [
          "FxVersion/6.0.3324.36610",
          "OSName/Windows",
          "OSVersion/Microsoft.Windows.10.0.26100",
          "Microsoft.Azure.Management.Network.NetworkManagementClient/27.0.0.0"
        ]
      },
      "RequestBody": "",
      "ResponseHeaders": {
        "Cache-Control": [
          "no-cache"
        ],
        "Pragma": [
          "no-cache"
        ],
        "x-ms-ratelimit-remaining-subscription-reads": [
          "11999"
        ],
        "mise-correlation-id": [
          "70f16e84-00d4-45c2-9d58-cd728f409e59"
        ],
        "Strict-Transport-Security": [
          "max-age=31536000; includeSubDomains"
        ],
        "x-ms-request-id": [
          "90744cf2-681d-4936-99a4-b028a6c71ce0"
        ],
        "x-ms-correlation-request-id": [
          "90744cf2-681d-4936-99a4-b028a6c71ce0"
        ],
        "x-ms-routing-request-id": [
          "EASTUS:20241002T163751Z:90744cf2-681d-4936-99a4-b028a6c71ce0"
        ],
        "X-Content-Type-Options": [
          "nosniff"
        ],
        "X-Cache": [
          "CONFIG_NOCACHE"
        ],
        "X-MSEdge-Ref": [
          "Ref A: 918A012C2C6645BC87D997CDC457BFAA Ref B: MNZ221060618047 Ref C: 2024-10-02T16:37:51Z"
        ],
        "Date": [
          "Wed, 02 Oct 2024 16:37:51 GMT"
        ],
        "Content-Length": [
          "662"
        ],
        "Content-Type": [
          "application/json; charset=utf-8"
        ],
        "Expires": [
          "-1"
        ]
      },
      "ResponseBody": "{\r\n  \"name\": \"ps334\",\r\n  \"type\": \"Microsoft.Network/networkManagers/ipamPools\",\r\n  \"properties\": {\r\n    \"description\": null,\r\n    \"displayName\": \"\",\r\n    \"ipAddressType\": [\r\n      \"IPv4\"\r\n    ],\r\n    \"parentPoolName\": null,\r\n    \"addressPrefixes\": [\r\n      \"10.0.0.0/8\"\r\n    ],\r\n    \"provisioningState\": \"Succeeded\"\r\n  },\r\n  \"id\": \"/subscriptions/dfa8d777-26f3-4e5e-be19-d6d5fa3176fc/resourceGroups/ps509/providers/Microsoft.Network/networkManagers/ps4863/ipamPools/ps334\",\r\n  \"tags\": null,\r\n  \"location\": \"eastus2euap\",\r\n  \"systemData\": {\r\n    \"createdBy\": \"pthompson@microsoft.com\",\r\n    \"createdByType\": \"User\",\r\n    \"createdAt\": \"2024-10-02T12:37:48.849863-04:00\",\r\n    \"lastModifiedBy\": \"pthompson@microsoft.com\",\r\n    \"lastModifiedByType\": \"User\",\r\n    \"lastModifiedAt\": \"2024-10-02T12:37:48.849863-04:00\"\r\n  }\r\n}",
      "StatusCode": 200
    },
    {
      "RequestUri": "/subscriptions/dfa8d777-26f3-4e5e-be19-d6d5fa3176fc/resourceGroups/ps509/providers/Microsoft.Network/networkManagers/ps4863/ipamPools/ps334?api-version=2024-05-01",
      "EncodedRequestUri": "L3N1YnNjcmlwdGlvbnMvZGZhOGQ3NzctMjZmMy00ZTVlLWJlMTktZDZkNWZhMzE3NmZjL3Jlc291cmNlR3JvdXBzL3BzNTA5L3Byb3ZpZGVycy9NaWNyb3NvZnQuTmV0d29yay9uZXR3b3JrTWFuYWdlcnMvcHM0ODYzL2lwYW1Qb29scy9wczMzND9hcGktdmVyc2lvbj0yMDI0LTA1LTAx",
      "RequestMethod": "GET",
      "RequestHeaders": {
        "x-ms-client-request-id": [
          "80976b41-bc43-4e5a-aeb9-bbbb41102aed"
        ],
        "User-Agent": [
          "FxVersion/6.0.3324.36610",
          "OSName/Windows",
          "OSVersion/Microsoft.Windows.10.0.26100",
          "Microsoft.Azure.Management.Network.NetworkManagementClient/27.0.0.0"
        ]
      },
      "RequestBody": "",
      "ResponseHeaders": {
        "Cache-Control": [
          "no-cache"
        ],
        "Pragma": [
          "no-cache"
        ],
        "x-ms-ratelimit-remaining-subscription-reads": [
          "11998"
        ],
        "mise-correlation-id": [
          "470cd10a-e921-48ab-a124-d736b24cbb46"
        ],
        "Strict-Transport-Security": [
          "max-age=31536000; includeSubDomains"
        ],
        "x-ms-request-id": [
          "cc7c376e-da19-4e94-b0e2-d64cdf1d97db"
        ],
        "x-ms-correlation-request-id": [
          "cc7c376e-da19-4e94-b0e2-d64cdf1d97db"
        ],
        "x-ms-routing-request-id": [
          "EASTUS:20241002T163822Z:cc7c376e-da19-4e94-b0e2-d64cdf1d97db"
        ],
        "X-Content-Type-Options": [
          "nosniff"
        ],
        "X-Cache": [
          "CONFIG_NOCACHE"
        ],
        "X-MSEdge-Ref": [
          "Ref A: 365C22848A5F4139B986217E962F1BD0 Ref B: MNZ221060618047 Ref C: 2024-10-02T16:38:22Z"
        ],
        "Date": [
          "Wed, 02 Oct 2024 16:38:22 GMT"
        ],
        "Content-Length": [
          "674"
        ],
        "Content-Type": [
          "application/json; charset=utf-8"
        ],
        "Expires": [
          "-1"
        ]
      },
      "ResponseBody": "{\r\n  \"name\": \"ps334\",\r\n  \"type\": \"Microsoft.Network/networkManagers/ipamPools\",\r\n  \"properties\": {\r\n    \"description\": null,\r\n    \"displayName\": \"\",\r\n    \"ipAddressType\": [\r\n      \"IPv4\"\r\n    ],\r\n    \"parentPoolName\": null,\r\n    \"addressPrefixes\": [\r\n      \"10.0.0.0/8\",\r\n      \"11.0.0.0/8\"\r\n    ],\r\n    \"provisioningState\": \"Succeeded\"\r\n  },\r\n  \"id\": \"/subscriptions/dfa8d777-26f3-4e5e-be19-d6d5fa3176fc/resourceGroups/ps509/providers/Microsoft.Network/networkManagers/ps4863/ipamPools/ps334\",\r\n  \"tags\": {},\r\n  \"location\": \"eastus2euap\",\r\n  \"systemData\": {\r\n    \"createdBy\": \"pthompson@microsoft.com\",\r\n    \"createdByType\": \"User\",\r\n    \"createdAt\": \"2024-10-02T12:37:48.849863-04:00\",\r\n    \"lastModifiedBy\": \"pthompson@microsoft.com\",\r\n    \"lastModifiedByType\": \"User\",\r\n    \"lastModifiedAt\": \"2024-10-02T12:37:52.0004751-04:00\"\r\n  }\r\n}",
      "StatusCode": 200
    },
    {
      "RequestUri": "/subscriptions/dfa8d777-26f3-4e5e-be19-d6d5fa3176fc/resourceGroups/ps509/providers/Microsoft.Network/networkManagers/ps4863/ipamPools/ps334?api-version=2024-05-01",
      "EncodedRequestUri": "L3N1YnNjcmlwdGlvbnMvZGZhOGQ3NzctMjZmMy00ZTVlLWJlMTktZDZkNWZhMzE3NmZjL3Jlc291cmNlR3JvdXBzL3BzNTA5L3Byb3ZpZGVycy9NaWNyb3NvZnQuTmV0d29yay9uZXR3b3JrTWFuYWdlcnMvcHM0ODYzL2lwYW1Qb29scy9wczMzND9hcGktdmVyc2lvbj0yMDI0LTA1LTAx",
      "RequestMethod": "GET",
      "RequestHeaders": {
        "x-ms-client-request-id": [
          "80976b41-bc43-4e5a-aeb9-bbbb41102aed"
        ],
        "Accept-Language": [
          "en-US"
        ],
        "User-Agent": [
          "FxVersion/6.0.3324.36610",
          "OSName/Windows",
          "OSVersion/Microsoft.Windows.10.0.26100",
          "Microsoft.Azure.Management.Network.NetworkManagementClient/27.0.0.0"
        ]
      },
      "RequestBody": "",
      "ResponseHeaders": {
        "Cache-Control": [
          "no-cache"
        ],
        "Pragma": [
          "no-cache"
        ],
        "x-ms-ratelimit-remaining-subscription-reads": [
          "11999"
        ],
        "mise-correlation-id": [
          "6254b823-a7ed-4a24-8825-7e3859eaf32d"
        ],
        "Strict-Transport-Security": [
          "max-age=31536000; includeSubDomains"
        ],
        "x-ms-request-id": [
          "3d286e5d-c3ab-46b2-8a23-e026f38530af"
        ],
        "x-ms-correlation-request-id": [
          "3d286e5d-c3ab-46b2-8a23-e026f38530af"
        ],
        "x-ms-routing-request-id": [
          "EASTUS:20241002T163822Z:3d286e5d-c3ab-46b2-8a23-e026f38530af"
        ],
        "X-Content-Type-Options": [
          "nosniff"
        ],
        "X-Cache": [
          "CONFIG_NOCACHE"
        ],
        "X-MSEdge-Ref": [
          "Ref A: 3876FEEC230D41B1BDB4AB552E112F58 Ref B: MNZ221060618047 Ref C: 2024-10-02T16:38:22Z"
        ],
        "Date": [
          "Wed, 02 Oct 2024 16:38:22 GMT"
        ],
        "Content-Length": [
          "674"
        ],
        "Content-Type": [
          "application/json; charset=utf-8"
        ],
        "Expires": [
          "-1"
        ]
      },
      "ResponseBody": "{\r\n  \"name\": \"ps334\",\r\n  \"type\": \"Microsoft.Network/networkManagers/ipamPools\",\r\n  \"properties\": {\r\n    \"description\": null,\r\n    \"displayName\": \"\",\r\n    \"ipAddressType\": [\r\n      \"IPv4\"\r\n    ],\r\n    \"parentPoolName\": null,\r\n    \"addressPrefixes\": [\r\n      \"10.0.0.0/8\",\r\n      \"11.0.0.0/8\"\r\n    ],\r\n    \"provisioningState\": \"Succeeded\"\r\n  },\r\n  \"id\": \"/subscriptions/dfa8d777-26f3-4e5e-be19-d6d5fa3176fc/resourceGroups/ps509/providers/Microsoft.Network/networkManagers/ps4863/ipamPools/ps334\",\r\n  \"tags\": {},\r\n  \"location\": \"eastus2euap\",\r\n  \"systemData\": {\r\n    \"createdBy\": \"pthompson@microsoft.com\",\r\n    \"createdByType\": \"User\",\r\n    \"createdAt\": \"2024-10-02T12:37:48.849863-04:00\",\r\n    \"lastModifiedBy\": \"pthompson@microsoft.com\",\r\n    \"lastModifiedByType\": \"User\",\r\n    \"lastModifiedAt\": \"2024-10-02T12:37:52.0004751-04:00\"\r\n  }\r\n}",
      "StatusCode": 200
    },
    {
      "RequestUri": "/subscriptions/dfa8d777-26f3-4e5e-be19-d6d5fa3176fc/resourceGroups/ps509/providers/Microsoft.Network/networkManagers/ps4863/ipamPools/ps334?api-version=2024-05-01",
      "EncodedRequestUri": "L3N1YnNjcmlwdGlvbnMvZGZhOGQ3NzctMjZmMy00ZTVlLWJlMTktZDZkNWZhMzE3NmZjL3Jlc291cmNlR3JvdXBzL3BzNTA5L3Byb3ZpZGVycy9NaWNyb3NvZnQuTmV0d29yay9uZXR3b3JrTWFuYWdlcnMvcHM0ODYzL2lwYW1Qb29scy9wczMzND9hcGktdmVyc2lvbj0yMDI0LTA1LTAx",
      "RequestMethod": "PUT",
      "RequestHeaders": {
        "x-ms-client-request-id": [
          "73c0271e-6ff2-42e1-80d6-74bf5daaab40"
        ],
        "Accept-Language": [
          "en-US"
        ],
        "User-Agent": [
          "FxVersion/6.0.3324.36610",
          "OSName/Windows",
          "OSVersion/Microsoft.Windows.10.0.26100",
          "Microsoft.Azure.Management.Network.NetworkManagementClient/27.0.0.0"
        ],
        "Content-Type": [
          "application/json; charset=utf-8"
        ],
        "Content-Length": [
          "111"
        ]
      },
      "RequestBody": "{\r\n  \"properties\": {\r\n    \"addressPrefixes\": [\r\n      \"10.0.0.0/8\"\r\n    ]\r\n  },\r\n  \"location\": \"eastus2euap\"\r\n}",
      "ResponseHeaders": {
        "Cache-Control": [
          "no-cache"
        ],
        "Pragma": [
          "no-cache"
        ],
        "x-ms-ratelimit-remaining-subscription-writes": [
          "1199"
        ],
        "mise-correlation-id": [
          "e4ed557f-ed16-4969-8226-f05746709a7f"
        ],
        "Azure-AsyncOperation": [
          "https://management.azure.com/subscriptions/dfa8d777-26f3-4e5e-be19-d6d5fa3176fc/resourceGroups/ps509/providers/Microsoft.Network/networkManagers/ps4863/ipamPools/ps334?api-version=2024-05-01"
        ],
        "Strict-Transport-Security": [
          "max-age=31536000; includeSubDomains"
        ],
        "x-ms-request-id": [
          "fb46951e-1ac5-4c7f-8772-20d14b97700d"
        ],
        "x-ms-correlation-request-id": [
          "fb46951e-1ac5-4c7f-8772-20d14b97700d"
        ],
        "x-ms-routing-request-id": [
          "EASTUS:20241002T163750Z:fb46951e-1ac5-4c7f-8772-20d14b97700d"
        ],
        "X-Content-Type-Options": [
          "nosniff"
        ],
        "X-Cache": [
          "CONFIG_NOCACHE"
        ],
        "X-MSEdge-Ref": [
          "Ref A: 664CC08B79884C01849B4F13FB7E351B Ref B: MNZ221060619019 Ref C: 2024-10-02T16:37:48Z"
        ],
        "Date": [
          "Wed, 02 Oct 2024 16:37:50 GMT"
        ],
        "Content-Length": [
          "662"
        ],
        "Content-Type": [
          "application/json; charset=utf-8"
        ],
        "Expires": [
          "-1"
        ]
      },
      "ResponseBody": "{\r\n  \"name\": \"ps334\",\r\n  \"type\": \"Microsoft.Network/networkManagers/ipamPools\",\r\n  \"properties\": {\r\n    \"description\": null,\r\n    \"displayName\": \"\",\r\n    \"ipAddressType\": [\r\n      \"IPv4\"\r\n    ],\r\n    \"parentPoolName\": null,\r\n    \"addressPrefixes\": [\r\n      \"10.0.0.0/8\"\r\n    ],\r\n    \"provisioningState\": \"Succeeded\"\r\n  },\r\n  \"id\": \"/subscriptions/dfa8d777-26f3-4e5e-be19-d6d5fa3176fc/resourceGroups/ps509/providers/Microsoft.Network/networkManagers/ps4863/ipamPools/ps334\",\r\n  \"tags\": null,\r\n  \"location\": \"eastus2euap\",\r\n  \"systemData\": {\r\n    \"createdBy\": \"pthompson@microsoft.com\",\r\n    \"createdByType\": \"User\",\r\n    \"createdAt\": \"2024-10-02T12:37:48.849863-04:00\",\r\n    \"lastModifiedBy\": \"pthompson@microsoft.com\",\r\n    \"lastModifiedByType\": \"User\",\r\n    \"lastModifiedAt\": \"2024-10-02T12:37:48.849863-04:00\"\r\n  }\r\n}",
      "StatusCode": 201
    },
    {
      "RequestUri": "/subscriptions/dfa8d777-26f3-4e5e-be19-d6d5fa3176fc/resourceGroups/ps509/providers/Microsoft.Network/networkManagers/ps4863/ipamPools/ps334?api-version=2024-05-01",
      "EncodedRequestUri": "L3N1YnNjcmlwdGlvbnMvZGZhOGQ3NzctMjZmMy00ZTVlLWJlMTktZDZkNWZhMzE3NmZjL3Jlc291cmNlR3JvdXBzL3BzNTA5L3Byb3ZpZGVycy9NaWNyb3NvZnQuTmV0d29yay9uZXR3b3JrTWFuYWdlcnMvcHM0ODYzL2lwYW1Qb29scy9wczMzND9hcGktdmVyc2lvbj0yMDI0LTA1LTAx",
      "RequestMethod": "PUT",
      "RequestHeaders": {
        "x-ms-client-request-id": [
          "80976b41-bc43-4e5a-aeb9-bbbb41102aed"
        ],
        "Accept-Language": [
          "en-US"
        ],
        "User-Agent": [
          "FxVersion/6.0.3324.36610",
          "OSName/Windows",
          "OSVersion/Microsoft.Windows.10.0.26100",
          "Microsoft.Azure.Management.Network.NetworkManagementClient/27.0.0.0"
        ],
        "Content-Type": [
          "application/json; charset=utf-8"
        ],
        "Content-Length": [
          "210"
        ]
      },
      "RequestBody": "{\r\n  \"properties\": {\r\n    \"displayName\": \"\",\r\n    \"addressPrefixes\": [\r\n      \"10.0.0.0/8\",\r\n      \"11.0.0.0/8\"\r\n    ],\r\n    \"provisioningState\": \"Succeeded\"\r\n  },\r\n  \"tags\": {},\r\n  \"location\": \"eastus2euap\"\r\n}",
      "ResponseHeaders": {
        "Cache-Control": [
          "no-cache"
        ],
        "Pragma": [
          "no-cache"
        ],
        "x-ms-ratelimit-remaining-subscription-writes": [
          "1199"
        ],
        "mise-correlation-id": [
          "21abd9a3-d003-49c3-ba76-1e4ecf705564"
        ],
        "Azure-AsyncOperation": [
          "https://management.azure.com/subscriptions/dfa8d777-26f3-4e5e-be19-d6d5fa3176fc/resourceGroups/ps509/providers/Microsoft.Network/locations/eastus2euap/ipamPoolOperationResults/94E29936-AAA3-4E1E-B81F-0D57D28D8461+00-8AE684EA23BE0DAF194835F8BF59B26B-950D8F1A8934DDF9-01+PS334+UPDATE?api-version=2024-05-01&t=638634838722973520&c=MIIHhzCCBm-gAwIBAgITHgVqhF9GOoUjuyqQWAAABWqEXzANBgkqhkiG9w0BAQsFADBEMRMwEQYKCZImiZPyLGQBGRYDR0JMMRMwEQYKCZImiZPyLGQBGRYDQU1FMRgwFgYDVQQDEw9BTUUgSW5mcmEgQ0EgMDYwHhcNMjQwOTIwMjMxMTQxWhcNMjUwMzE5MjMxMTQxWjBAMT4wPAYDVQQDEzVhc3luY29wZXJhdGlvbnNpZ25pbmdjZXJ0aWZpY2F0ZS5tYW5hZ2VtZW50LmF6dXJlLmNvbTCCASIwDQYJKoZIhvcNAQEBBQADggEPADCCAQoCggEBAKRtcYDBXS7zz5tRtvVyhrUAjudYhej1E2D3dp6XWuPdbVMbQZwMlye8vdT-kDhFD7T2mrdWqsoGnTGk0_xOHBfLGnW-0QRUqpeoTNIhu8vc2CfTUtm2t2s_-fzvFtRyhDA4mfCH1cz92EVj0vd3FD4ikW6bdOp1NkYFqUVBhKlbvJk6y-TbLFBLP5Zx4m0Ua-_P7aMzbgvOJgMOTC2jLs5w_lFDJWeP3IKUOiJmrfLpf4ey5Ov94oCE6YncDBSHJZKWcrSxDHgSz9AXrxarL4HLajGbF3MRvfkMN2gNXCoiJXBEqCLDnyQZ0BgXIvuK7vG8Rj0TyhJNj-QPr8taY6UCAwEAAaOCBHQwggRwMCcGCSsGAQQBgjcVCgQaMBgwCgYIKwYBBQUHAwEwCgYIKwYBBQUHAwIwPQYJKwYBBAGCNxUHBDAwLgYmKwYBBAGCNxUIhpDjDYTVtHiE8Ys-hZvdFs6dEoFghfmRS4WsmTQCAWQCAQcwggHLBggrBgEFBQcBAQSCAb0wggG5MGMGCCsGAQUFBzAChldodHRwOi8vY3JsLm1pY3Jvc29mdC5jb20vcGtpaW5mcmEvQ2VydHMvQkwyUEtJSU5UQ0EwMi5BTUUuR0JMX0FNRSUyMEluZnJhJTIwQ0ElMjAwNi5jcnQwUwYIKwYBBQUHMAKGR2h0dHA6Ly9jcmwxLmFtZS5nYmwvYWlhL0JMMlBLSUlOVENBMDIuQU1FLkdCTF9BTUUlMjBJbmZyYSUyMENBJTIwMDYuY3J0MFMGCCsGAQUFBzAChkdodHRwOi8vY3JsMi5hbWUuZ2JsL2FpYS9CTDJQS0lJTlRDQTAyLkFNRS5HQkxfQU1FJTIwSW5mcmElMjBDQSUyMDA2LmNydDBTBggrBgEFBQcwAoZHaHR0cDovL2NybDMuYW1lLmdibC9haWEvQkwyUEtJSU5UQ0EwMi5BTUUuR0JMX0FNRSUyMEluZnJhJTIwQ0ElMjAwNi5jcnQwUwYIKwYBBQUHMAKGR2h0dHA6Ly9jcmw0LmFtZS5nYmwvYWlhL0JMMlBLSUlOVENBMDIuQU1FLkdCTF9BTUUlMjBJbmZyYSUyMENBJTIwMDYuY3J0MB0GA1UdDgQWBBRKlJQpFyyZKSchkTlshetYOUX7xzAOBgNVHQ8BAf8EBAMCBaAwggEmBgNVHR8EggEdMIIBGTCCARWgggERoIIBDYY_aHR0cDovL2NybC5taWNyb3NvZnQuY29tL3BraWluZnJhL0NSTC9BTUUlMjBJbmZyYSUyMENBJTIwMDYuY3JshjFodHRwOi8vY3JsMS5hbWUuZ2JsL2NybC9BTUUlMjBJbmZyYSUyMENBJTIwMDYuY3JshjFodHRwOi8vY3JsMi5hbWUuZ2JsL2NybC9BTUUlMjBJbmZyYSUyMENBJTIwMDYuY3JshjFodHRwOi8vY3JsMy5hbWUuZ2JsL2NybC9BTUUlMjBJbmZyYSUyMENBJTIwMDYuY3JshjFodHRwOi8vY3JsNC5hbWUuZ2JsL2NybC9BTUUlMjBJbmZyYSUyMENBJTIwMDYuY3JsMIGdBgNVHSAEgZUwgZIwDAYKKwYBBAGCN3sBATBmBgorBgEEAYI3ewICMFgwVgYIKwYBBQUHAgIwSh5IADMAMwBlADAAMQA5ADIAMQAtADQAZAA2ADQALQA0AGYAOABjAC0AYQAwADUANQAtADUAYgBkAGEAZgBmAGQANQBlADMAMwBkMAwGCisGAQQBgjd7AwEwDAYKKwYBBAGCN3sEAjAfBgNVHSMEGDAWgBTxRmjG8cPwKy19i2rhsvm-NfzRQTAdBgNVHSUEFjAUBggrBgEFBQcDAQYIKwYBBQUHAwIwDQYJKoZIhvcNAQELBQADggEBAG0WbzLPsmSSMI7aTe2npixmkdCmwcdZHGd43tUnB8JKrLNJEFcBsQmbcIH0adpnQNrDgRkNBBOTZ4s1LIBlRQapZpPsRItAMUguVpGVRH08T0i43w9xrp_clNbAJrrfRbmYroF0WJKMJ0nwW2rPjxdevSRygGK_nEfywwFi-p1RhHnkiEGL4GnP7PpQcRvAYMdH9LO5MRY7iLbBmosKatS_eWtSJD1CvzglNwy_vQzx81Vnk0CgndqXcVq-loGu7R4U7mkQ2NNqLbp447STxkpP-6Mdyv8J4bdnf1s3vFBNpgvJWKogWcNLlo8jnkbEf6RPNGe1W5lma7JwMKAcPzY&s=ADTmCy6_eijJW2kXrJLLstfm_UVgk6zPNzZQ3aGb3_QaQPNdowMLvTLqBESbSUR8t76KZV-7nLb-ps5GyzkQLUJFiZH0XYYE6wxXPBXznkfNHpVbhaB8gWlbZ4-4hi3XnLtGRvtLI-8mZ30wLVLCcu-WUCMrtARFAEkPkJDy9sLgXkxfo0Yse-3rwJ7n0OhdEPg2w7v1yn_b9E8YQAQ6IgQuqg7WTyjG-T2rJtOgVBRnYu1UtpMLH5yXRzP2jL_fIcMQZREsNGT6lqulT4sSQsYH7DodgPbWFakdrP5g_7c0y_R1ZeDR1YyhK1EthMiE162Fw8iRdpSH0m61qWHDrg&h=rxft0zHvZHsgZfc8v8W2j9dhgYat7zweUZIbJyfLTug"
        ],
        "Strict-Transport-Security": [
          "max-age=31536000; includeSubDomains"
        ],
        "x-ms-request-id": [
          "70f5de37-5059-409d-b03b-3c04d23f0e97"
        ],
        "x-ms-correlation-request-id": [
          "70f5de37-5059-409d-b03b-3c04d23f0e97"
        ],
        "x-ms-routing-request-id": [
          "EASTUS:20241002T163752Z:70f5de37-5059-409d-b03b-3c04d23f0e97"
        ],
        "X-Content-Type-Options": [
          "nosniff"
        ],
        "X-Cache": [
          "CONFIG_NOCACHE"
        ],
        "X-MSEdge-Ref": [
          "Ref A: B103F82D75D9424096E2CFDF5E27FAAA Ref B: MNZ221060618047 Ref C: 2024-10-02T16:37:51Z"
        ],
        "Date": [
          "Wed, 02 Oct 2024 16:37:51 GMT"
        ],
        "Content-Length": [
          "659"
        ],
        "Content-Type": [
          "application/json; charset=utf-8"
        ],
        "Expires": [
          "-1"
        ]
      },
      "ResponseBody": "{\r\n  \"name\": \"ps334\",\r\n  \"type\": \"Microsoft.Network/networkManagers/ipamPools\",\r\n  \"properties\": {\r\n    \"description\": null,\r\n    \"displayName\": \"\",\r\n    \"ipAddressType\": [\r\n      \"IPv4\"\r\n    ],\r\n    \"parentPoolName\": null,\r\n    \"addressPrefixes\": [\r\n      \"10.0.0.0/8\"\r\n    ],\r\n    \"provisioningState\": \"Updating\"\r\n  },\r\n  \"id\": \"/subscriptions/dfa8d777-26f3-4e5e-be19-d6d5fa3176fc/resourceGroups/ps509/providers/Microsoft.Network/networkManagers/ps4863/ipamPools/ps334\",\r\n  \"tags\": {},\r\n  \"location\": \"eastus2euap\",\r\n  \"systemData\": {\r\n    \"createdBy\": \"pthompson@microsoft.com\",\r\n    \"createdByType\": \"User\",\r\n    \"createdAt\": \"2024-10-02T12:37:48.849863-04:00\",\r\n    \"lastModifiedBy\": \"pthompson@microsoft.com\",\r\n    \"lastModifiedByType\": \"User\",\r\n    \"lastModifiedAt\": \"2024-10-02T12:37:48.849863-04:00\"\r\n  }\r\n}",
      "StatusCode": 200
    },
    {
      "RequestUri": "/subscriptions/dfa8d777-26f3-4e5e-be19-d6d5fa3176fc/resourceGroups/ps509/providers/Microsoft.Network/locations/eastus2euap/ipamPoolOperationResults/94E29936-AAA3-4E1E-B81F-0D57D28D8461+00-8AE684EA23BE0DAF194835F8BF59B26B-950D8F1A8934DDF9-01+PS334+UPDATE?api-version=2024-05-01&t=638634838722973520&c=MIIHhzCCBm-gAwIBAgITHgVqhF9GOoUjuyqQWAAABWqEXzANBgkqhkiG9w0BAQsFADBEMRMwEQYKCZImiZPyLGQBGRYDR0JMMRMwEQYKCZImiZPyLGQBGRYDQU1FMRgwFgYDVQQDEw9BTUUgSW5mcmEgQ0EgMDYwHhcNMjQwOTIwMjMxMTQxWhcNMjUwMzE5MjMxMTQxWjBAMT4wPAYDVQQDEzVhc3luY29wZXJhdGlvbnNpZ25pbmdjZXJ0aWZpY2F0ZS5tYW5hZ2VtZW50LmF6dXJlLmNvbTCCASIwDQYJKoZIhvcNAQEBBQADggEPADCCAQoCggEBAKRtcYDBXS7zz5tRtvVyhrUAjudYhej1E2D3dp6XWuPdbVMbQZwMlye8vdT-kDhFD7T2mrdWqsoGnTGk0_xOHBfLGnW-0QRUqpeoTNIhu8vc2CfTUtm2t2s_-fzvFtRyhDA4mfCH1cz92EVj0vd3FD4ikW6bdOp1NkYFqUVBhKlbvJk6y-TbLFBLP5Zx4m0Ua-_P7aMzbgvOJgMOTC2jLs5w_lFDJWeP3IKUOiJmrfLpf4ey5Ov94oCE6YncDBSHJZKWcrSxDHgSz9AXrxarL4HLajGbF3MRvfkMN2gNXCoiJXBEqCLDnyQZ0BgXIvuK7vG8Rj0TyhJNj-QPr8taY6UCAwEAAaOCBHQwggRwMCcGCSsGAQQBgjcVCgQaMBgwCgYIKwYBBQUHAwEwCgYIKwYBBQUHAwIwPQYJKwYBBAGCNxUHBDAwLgYmKwYBBAGCNxUIhpDjDYTVtHiE8Ys-hZvdFs6dEoFghfmRS4WsmTQCAWQCAQcwggHLBggrBgEFBQcBAQSCAb0wggG5MGMGCCsGAQUFBzAChldodHRwOi8vY3JsLm1pY3Jvc29mdC5jb20vcGtpaW5mcmEvQ2VydHMvQkwyUEtJSU5UQ0EwMi5BTUUuR0JMX0FNRSUyMEluZnJhJTIwQ0ElMjAwNi5jcnQwUwYIKwYBBQUHMAKGR2h0dHA6Ly9jcmwxLmFtZS5nYmwvYWlhL0JMMlBLSUlOVENBMDIuQU1FLkdCTF9BTUUlMjBJbmZyYSUyMENBJTIwMDYuY3J0MFMGCCsGAQUFBzAChkdodHRwOi8vY3JsMi5hbWUuZ2JsL2FpYS9CTDJQS0lJTlRDQTAyLkFNRS5HQkxfQU1FJTIwSW5mcmElMjBDQSUyMDA2LmNydDBTBggrBgEFBQcwAoZHaHR0cDovL2NybDMuYW1lLmdibC9haWEvQkwyUEtJSU5UQ0EwMi5BTUUuR0JMX0FNRSUyMEluZnJhJTIwQ0ElMjAwNi5jcnQwUwYIKwYBBQUHMAKGR2h0dHA6Ly9jcmw0LmFtZS5nYmwvYWlhL0JMMlBLSUlOVENBMDIuQU1FLkdCTF9BTUUlMjBJbmZyYSUyMENBJTIwMDYuY3J0MB0GA1UdDgQWBBRKlJQpFyyZKSchkTlshetYOUX7xzAOBgNVHQ8BAf8EBAMCBaAwggEmBgNVHR8EggEdMIIBGTCCARWgggERoIIBDYY_aHR0cDovL2NybC5taWNyb3NvZnQuY29tL3BraWluZnJhL0NSTC9BTUUlMjBJbmZyYSUyMENBJTIwMDYuY3JshjFodHRwOi8vY3JsMS5hbWUuZ2JsL2NybC9BTUUlMjBJbmZyYSUyMENBJTIwMDYuY3JshjFodHRwOi8vY3JsMi5hbWUuZ2JsL2NybC9BTUUlMjBJbmZyYSUyMENBJTIwMDYuY3JshjFodHRwOi8vY3JsMy5hbWUuZ2JsL2NybC9BTUUlMjBJbmZyYSUyMENBJTIwMDYuY3JshjFodHRwOi8vY3JsNC5hbWUuZ2JsL2NybC9BTUUlMjBJbmZyYSUyMENBJTIwMDYuY3JsMIGdBgNVHSAEgZUwgZIwDAYKKwYBBAGCN3sBATBmBgorBgEEAYI3ewICMFgwVgYIKwYBBQUHAgIwSh5IADMAMwBlADAAMQA5ADIAMQAtADQAZAA2ADQALQA0AGYAOABjAC0AYQAwADUANQAtADUAYgBkAGEAZgBmAGQANQBlADMAMwBkMAwGCisGAQQBgjd7AwEwDAYKKwYBBAGCN3sEAjAfBgNVHSMEGDAWgBTxRmjG8cPwKy19i2rhsvm-NfzRQTAdBgNVHSUEFjAUBggrBgEFBQcDAQYIKwYBBQUHAwIwDQYJKoZIhvcNAQELBQADggEBAG0WbzLPsmSSMI7aTe2npixmkdCmwcdZHGd43tUnB8JKrLNJEFcBsQmbcIH0adpnQNrDgRkNBBOTZ4s1LIBlRQapZpPsRItAMUguVpGVRH08T0i43w9xrp_clNbAJrrfRbmYroF0WJKMJ0nwW2rPjxdevSRygGK_nEfywwFi-p1RhHnkiEGL4GnP7PpQcRvAYMdH9LO5MRY7iLbBmosKatS_eWtSJD1CvzglNwy_vQzx81Vnk0CgndqXcVq-loGu7R4U7mkQ2NNqLbp447STxkpP-6Mdyv8J4bdnf1s3vFBNpgvJWKogWcNLlo8jnkbEf6RPNGe1W5lma7JwMKAcPzY&s=ADTmCy6_eijJW2kXrJLLstfm_UVgk6zPNzZQ3aGb3_QaQPNdowMLvTLqBESbSUR8t76KZV-7nLb-ps5GyzkQLUJFiZH0XYYE6wxXPBXznkfNHpVbhaB8gWlbZ4-4hi3XnLtGRvtLI-8mZ30wLVLCcu-WUCMrtARFAEkPkJDy9sLgXkxfo0Yse-3rwJ7n0OhdEPg2w7v1yn_b9E8YQAQ6IgQuqg7WTyjG-T2rJtOgVBRnYu1UtpMLH5yXRzP2jL_fIcMQZREsNGT6lqulT4sSQsYH7DodgPbWFakdrP5g_7c0y_R1ZeDR1YyhK1EthMiE162Fw8iRdpSH0m61qWHDrg&h=rxft0zHvZHsgZfc8v8W2j9dhgYat7zweUZIbJyfLTug",
      "EncodedRequestUri": "L3N1YnNjcmlwdGlvbnMvZGZhOGQ3NzctMjZmMy00ZTVlLWJlMTktZDZkNWZhMzE3NmZjL3Jlc291cmNlR3JvdXBzL3BzNTA5L3Byb3ZpZGVycy9NaWNyb3NvZnQuTmV0d29yay9sb2NhdGlvbnMvZWFzdHVzMmV1YXAvaXBhbVBvb2xPcGVyYXRpb25SZXN1bHRzLzk0RTI5OTM2LUFBQTMtNEUxRS1CODFGLTBENTdEMjhEODQ2MSswMC04QUU2ODRFQTIzQkUwREFGMTk0ODM1RjhCRjU5QjI2Qi05NTBEOEYxQTg5MzREREY5LTAxK1BTMzM0K1VQREFURT9hcGktdmVyc2lvbj0yMDI0LTA1LTAxJnQ9NjM4NjM0ODM4NzIyOTczNTIwJmM9TUlJSGh6Q0NCbS1nQXdJQkFnSVRIZ1ZxaEY5R09vVWp1eXFRV0FBQUJXcUVYekFOQmdrcWhraUc5dzBCQVFzRkFEQkVNUk13RVFZS0NaSW1pWlB5TEdRQkdSWURSMEpNTVJNd0VRWUtDWkltaVpQeUxHUUJHUllEUVUxRk1SZ3dGZ1lEVlFRREV3OUJUVVVnU1c1bWNtRWdRMEVnTURZd0hoY05NalF3T1RJd01qTXhNVFF4V2hjTk1qVXdNekU1TWpNeE1UUXhXakJBTVQ0d1BBWURWUVFERXpWaGMzbHVZMjl3WlhKaGRHbHZibk5wWjI1cGJtZGpaWEowYVdacFkyRjBaUzV0WVc1aFoyVnRaVzUwTG1GNmRYSmxMbU52YlRDQ0FTSXdEUVlKS29aSWh2Y05BUUVCQlFBRGdnRVBBRENDQVFvQ2dnRUJBS1J0Y1lEQlhTN3p6NXRSdHZWeWhyVUFqdWRZaGVqMUUyRDNkcDZYV3VQZGJWTWJRWndNbHllOHZkVC1rRGhGRDdUMm1yZFdxc29HblRHazBfeE9IQmZMR25XLTBRUlVxcGVvVE5JaHU4dmMyQ2ZUVXRtMnQyc18tZnp2RnRSeWhEQTRtZkNIMWN6OTJFVmowdmQzRkQ0aWtXNmJkT3AxTmtZRnFVVkJoS2xidkprNnktVGJMRkJMUDVaeDRtMFVhLV9QN2FNemJndk9KZ01PVEMyakxzNXdfbEZESldlUDNJS1VPaUptcmZMcGY0ZXk1T3Y5NG9DRTZZbmNEQlNISlpLV2NyU3hESGdTejlBWHJ4YXJMNEhMYWpHYkYzTVJ2ZmtNTjJnTlhDb2lKWEJFcUNMRG55UVowQmdYSXZ1Szd2RzhSajBUeWhKTmotUVByOHRhWTZVQ0F3RUFBYU9DQkhRd2dnUndNQ2NHQ1NzR0FRUUJnamNWQ2dRYU1CZ3dDZ1lJS3dZQkJRVUhBd0V3Q2dZSUt3WUJCUVVIQXdJd1BRWUpLd1lCQkFHQ054VUhCREF3TGdZbUt3WUJCQUdDTnhVSWhwRGpEWVRWdEhpRThZcy1oWnZkRnM2ZEVvRmdoZm1SUzRXc21UUUNBV1FDQVFjd2dnSExCZ2dyQmdFRkJRY0JBUVNDQWIwd2dnRzVNR01HQ0NzR0FRVUZCekFDaGxkb2RIUndPaTh2WTNKc0xtMXBZM0p2YzI5bWRDNWpiMjB2Y0d0cGFXNW1jbUV2UTJWeWRITXZRa3d5VUV0SlNVNVVRMEV3TWk1QlRVVXVSMEpNWDBGTlJTVXlNRWx1Wm5KaEpUSXdRMEVsTWpBd05pNWpjblF3VXdZSUt3WUJCUVVITUFLR1IyaDBkSEE2THk5amNtd3hMbUZ0WlM1blltd3ZZV2xoTDBKTU1sQkxTVWxPVkVOQk1ESXVRVTFGTGtkQ1RGOUJUVVVsTWpCSmJtWnlZU1V5TUVOQkpUSXdNRFl1WTNKME1GTUdDQ3NHQVFVRkJ6QUNoa2RvZEhSd09pOHZZM0pzTWk1aGJXVXVaMkpzTDJGcFlTOUNUREpRUzBsSlRsUkRRVEF5TGtGTlJTNUhRa3hmUVUxRkpUSXdTVzVtY21FbE1qQkRRU1V5TURBMkxtTnlkREJUQmdnckJnRUZCUWN3QW9aSGFIUjBjRG92TDJOeWJETXVZVzFsTG1kaWJDOWhhV0V2UWt3eVVFdEpTVTVVUTBFd01pNUJUVVV1UjBKTVgwRk5SU1V5TUVsdVpuSmhKVEl3UTBFbE1qQXdOaTVqY25Rd1V3WUlLd1lCQlFVSE1BS0dSMmgwZEhBNkx5OWpjbXcwTG1GdFpTNW5ZbXd2WVdsaEwwSk1NbEJMU1VsT1ZFTkJNREl1UVUxRkxrZENURjlCVFVVbE1qQkpibVp5WVNVeU1FTkJKVEl3TURZdVkzSjBNQjBHQTFVZERnUVdCQlJLbEpRcEZ5eVpLU2Noa1Rsc2hldFlPVVg3eHpBT0JnTlZIUThCQWY4RUJBTUNCYUF3Z2dFbUJnTlZIUjhFZ2dFZE1JSUJHVENDQVJXZ2dnRVJvSUlCRFlZX2FIUjBjRG92TDJOeWJDNXRhV055YjNOdlpuUXVZMjl0TDNCcmFXbHVabkpoTDBOU1RDOUJUVVVsTWpCSmJtWnlZU1V5TUVOQkpUSXdNRFl1WTNKc2hqRm9kSFJ3T2k4dlkzSnNNUzVoYldVdVoySnNMMk55YkM5QlRVVWxNakJKYm1aeVlTVXlNRU5CSlRJd01EWXVZM0pzaGpGb2RIUndPaTh2WTNKc01pNWhiV1V1WjJKc0wyTnliQzlCVFVVbE1qQkpibVp5WVNVeU1FTkJKVEl3TURZdVkzSnNoakZvZEhSd09pOHZZM0pzTXk1aGJXVXVaMkpzTDJOeWJDOUJUVVVsTWpCSmJtWnlZU1V5TUVOQkpUSXdNRFl1WTNKc2hqRm9kSFJ3T2k4dlkzSnNOQzVoYldVdVoySnNMMk55YkM5QlRVVWxNakJKYm1aeVlTVXlNRU5CSlRJd01EWXVZM0pzTUlHZEJnTlZIU0FFZ1pVd2daSXdEQVlLS3dZQkJBR0NOM3NCQVRCbUJnb3JCZ0VFQVlJM2V3SUNNRmd3VmdZSUt3WUJCUVVIQWdJd1NoNUlBRE1BTXdCbEFEQUFNUUE1QURJQU1RQXRBRFFBWkFBMkFEUUFMUUEwQUdZQU9BQmpBQzBBWVFBd0FEVUFOUUF0QURVQVlnQmtBR0VBWmdCbUFHUUFOUUJsQURNQU13QmtNQXdHQ2lzR0FRUUJnamQ3QXdFd0RBWUtLd1lCQkFHQ04zc0VBakFmQmdOVkhTTUVHREFXZ0JUeFJtakc4Y1B3S3kxOWkycmhzdm0tTmZ6UlFUQWRCZ05WSFNVRUZqQVVCZ2dyQmdFRkJRY0RBUVlJS3dZQkJRVUhBd0l3RFFZSktvWklodmNOQVFFTEJRQURnZ0VCQUcwV2J6TFBzbVNTTUk3YVRlMm5waXhta2RDbXdjZFpIR2Q0M3RVbkI4SktyTE5KRUZjQnNRbWJjSUgwYWRwblFOckRnUmtOQkJPVFo0czFMSUJsUlFhcFpwUHNSSXRBTVVndVZwR1ZSSDA4VDBpNDN3OXhycF9jbE5iQUpycmZSYm1Zcm9GMFdKS01KMG53VzJyUGp4ZGV2U1J5Z0dLX25FZnl3d0ZpLXAxUmhIbmtpRUdMNEduUDdQcFFjUnZBWU1kSDlMTzVNUlk3aUxiQm1vc0thdFNfZVd0U0pEMUN2emdsTnd5X3ZReng4MVZuazBDZ25kcVhjVnEtbG9HdTdSNFU3bWtRMk5OcUxicDQ0N1NUeGtwUC02TWR5djhKNGJkbmYxczN2RkJOcGd2SldLb2dXY05MbG84am5rYkVmNlJQTkdlMVc1bG1hN0p3TUtBY1B6WSZzPUFEVG1DeTZfZWlqSlcya1hySkxMc3RmbV9VVmdrNnpQTnpaUTNhR2IzX1FhUVBOZG93TUx2VExxQkVTYlNVUjh0NzZLWlYtN25MYi1wczVHeXprUUxVSkZpWkgwWFlZRTZ3eFhQQlh6bmtmTkhwVmJoYUI4Z1dsYlo0LTRoaTNYbkx0R1J2dExJLThtWjMwd0xWTENjdS1XVUNNcnRBUkZBRWtQa0pEeTlzTGdYa3hmbzBZc2UtM3J3SjduME9oZEVQZzJ3N3YxeW5fYjlFOFlRQVE2SWdRdXFnN1dUeWpHLVQyckp0T2dWQlJuWXUxVXRwTUxINXlYUnpQMmpMX2ZJY01RWlJFc05HVDZscXVsVDRzU1FzWUg3RG9kZ1BiV0Zha2RyUDVnXzdjMHlfUjFaZURSMVl5aEsxRXRoTWlFMTYyRnc4aVJkcFNIMG02MXFXSERyZyZoPXJ4ZnQwekh2WkhzZ1pmYzh2OFcyajlkaGdZYXQ3endlVVpJYkp5ZkxUdWc=",
      "RequestMethod": "GET",
      "RequestHeaders": {
        "x-ms-client-request-id": [
          "80976b41-bc43-4e5a-aeb9-bbbb41102aed"
        ],
        "User-Agent": [
          "FxVersion/6.0.3324.36610",
          "OSName/Windows",
          "OSVersion/Microsoft.Windows.10.0.26100",
          "Microsoft.Azure.Management.Network.NetworkManagementClient/27.0.0.0"
        ]
      },
      "RequestBody": "",
      "ResponseHeaders": {
        "Cache-Control": [
          "no-cache"
        ],
        "Pragma": [
          "no-cache"
        ],
        "x-ms-ratelimit-remaining-subscription-reads": [
          "11999"
        ],
        "mise-correlation-id": [
          "94c6de7e-416c-4487-868f-2e7b17d108fc"
        ],
        "Strict-Transport-Security": [
          "max-age=31536000; includeSubDomains"
        ],
        "x-ms-request-id": [
          "35c5f4e5-b482-4957-afc4-f6d97ecba133"
        ],
        "x-ms-correlation-request-id": [
          "35c5f4e5-b482-4957-afc4-f6d97ecba133"
        ],
        "x-ms-routing-request-id": [
          "EASTUS:20241002T163822Z:35c5f4e5-b482-4957-afc4-f6d97ecba133"
        ],
        "X-Content-Type-Options": [
          "nosniff"
        ],
        "X-Cache": [
          "CONFIG_NOCACHE"
        ],
        "X-MSEdge-Ref": [
          "Ref A: E9BD90A7C310477699FBBC4C6F7FC3DE Ref B: MNZ221060618047 Ref C: 2024-10-02T16:38:22Z"
        ],
        "Date": [
          "Wed, 02 Oct 2024 16:38:22 GMT"
        ],
        "Content-Length": [
          "1366"
        ],
        "Content-Type": [
          "application/json; charset=utf-8"
        ],
        "Expires": [
          "-1"
        ]
      },
      "ResponseBody": "{\r\n  \"id\": \"/subscriptions/dfa8d777-26f3-4e5e-be19-d6d5fa3176fc/resourceGroups/ps509/providers/Microsoft.Network/locations/eastus2euap/ipamPoolOperationResults/94E29936-AAA3-4E1E-B81F-0D57D28D8461+00-8AE684EA23BE0DAF194835F8BF59B26B-950D8F1A8934DDF9-01+PS334+UPDATE\",\r\n  \"name\": \"94E29936-AAA3-4E1E-B81F-0D57D28D8461+00-8AE684EA23BE0DAF194835F8BF59B26B-950D8F1A8934DDF9-01+PS334+UPDATE\",\r\n  \"status\": \"Succeeded\",\r\n  \"startTime\": null,\r\n  \"endTime\": null,\r\n  \"percentComplete\": null,\r\n  \"error\": null,\r\n  \"properties\": {\r\n    \"docType\": \"networkManagers/ipamPools\",\r\n    \"networkManagerInternalId\": \"94E29936-AAA3-4E1E-B81F-0D57D28D8461\",\r\n    \"poolName\": \"PS334\",\r\n    \"apiVersion\": \"2024-05-01\",\r\n    \"childPools\": {},\r\n    \"_etag\": \"\\\"13007ab2-0000-3400-0000-66fd76e00000\\\"\",\r\n    \"_ts\": 0,\r\n    \"hashValue\": 6509291203090151883,\r\n    \"name\": \"ps334\",\r\n    \"type\": \"Microsoft.Network/networkManagers/ipamPools\",\r\n    \"properties\": {\r\n      \"description\": null,\r\n      \"displayName\": \"\",\r\n      \"ipAddressType\": [\r\n        \"IPv4\"\r\n      ],\r\n      \"parentPoolName\": null,\r\n      \"addressPrefixes\": [\r\n        \"10.0.0.0/8\",\r\n        \"11.0.0.0/8\"\r\n      ],\r\n      \"provisioningState\": \"Succeeded\"\r\n    },\r\n    \"id\": \"INTERNALNETWORKMANAGERID:94E29936-AAA3-4E1E-B81F-0D57D28D8461:IPAMPOOLS:PS334\",\r\n    \"tags\": {},\r\n    \"location\": \"eastus2euap\",\r\n    \"systemData\": {\r\n      \"createdBy\": \"pthompson@microsoft.com\",\r\n      \"createdByType\": \"User\",\r\n      \"createdAt\": \"2024-10-02T12:37:48.849863-04:00\",\r\n      \"lastModifiedBy\": \"pthompson@microsoft.com\",\r\n      \"lastModifiedByType\": \"User\",\r\n      \"lastModifiedAt\": \"2024-10-02T12:37:52.0004751-04:00\"\r\n    }\r\n  },\r\n  \"operations\": null\r\n}",
      "StatusCode": 200
    },
    {
      "RequestUri": "/subscriptions/dfa8d777-26f3-4e5e-be19-d6d5fa3176fc/resourceGroups/ps509/providers/Microsoft.Network/networkManagers/ps4863/ipamPools/ps334/getPoolUsage?api-version=2024-05-01",
      "EncodedRequestUri": "L3N1YnNjcmlwdGlvbnMvZGZhOGQ3NzctMjZmMy00ZTVlLWJlMTktZDZkNWZhMzE3NmZjL3Jlc291cmNlR3JvdXBzL3BzNTA5L3Byb3ZpZGVycy9NaWNyb3NvZnQuTmV0d29yay9uZXR3b3JrTWFuYWdlcnMvcHM0ODYzL2lwYW1Qb29scy9wczMzNC9nZXRQb29sVXNhZ2U/YXBpLXZlcnNpb249MjAyNC0wNS0wMQ==",
      "RequestMethod": "POST",
      "RequestHeaders": {
        "x-ms-client-request-id": [
          "32d17d2b-6a2b-493a-a41b-4b09f2a26a60"
        ],
        "Accept-Language": [
          "en-US"
        ],
        "User-Agent": [
          "FxVersion/6.0.3324.36610",
          "OSName/Windows",
          "OSVersion/Microsoft.Windows.10.0.26100",
          "Microsoft.Azure.Management.Network.NetworkManagementClient/27.0.0.0"
        ]
      },
      "RequestBody": "",
      "ResponseHeaders": {
        "Cache-Control": [
          "no-cache"
        ],
        "Pragma": [
          "no-cache"
        ],
        "x-ms-ratelimit-remaining-subscription-writes": [
          "1199"
        ],
        "mise-correlation-id": [
          "333c48a7-dc3b-4632-a81e-576a910a4ea1"
        ],
        "Strict-Transport-Security": [
          "max-age=31536000; includeSubDomains"
        ],
        "x-ms-request-id": [
          "6906b8b5-6991-4b89-825e-882493a40bf9"
        ],
        "x-ms-correlation-request-id": [
          "6906b8b5-6991-4b89-825e-882493a40bf9"
        ],
        "x-ms-routing-request-id": [
          "EASTUS:20241002T163823Z:6906b8b5-6991-4b89-825e-882493a40bf9"
        ],
        "X-Content-Type-Options": [
          "nosniff"
        ],
        "X-Cache": [
          "CONFIG_NOCACHE"
        ],
        "X-MSEdge-Ref": [
          "Ref A: 45E9E1C45DC5448FAC296DB448D26701 Ref B: MNZ221060619011 Ref C: 2024-10-02T16:38:23Z"
        ],
        "Date": [
          "Wed, 02 Oct 2024 16:38:23 GMT"
        ],
        "Content-Length": [
          "300"
        ],
        "Content-Type": [
          "application/json; charset=utf-8"
        ],
        "Expires": [
          "-1"
        ]
      },
      "ResponseBody": "{\r\n  \"addressPrefixes\": [\r\n    \"10.0.0.0/7\"\r\n  ],\r\n  \"childPools\": [],\r\n  \"allocatedAddressPrefixes\": [],\r\n  \"reservedAddressPrefixes\": [],\r\n  \"availableAddressPrefixes\": [\r\n    \"10.0.0.0/7\"\r\n  ],\r\n  \"totalNumberOfIPAddresses\": \"33554432\",\r\n  \"numberOfAllocatedIPAddresses\": \"0\",\r\n  \"numberOfReservedIPAddresses\": \"0\",\r\n  \"numberOfAvailableIPAddresses\": \"33554432\"\r\n}",
      "StatusCode": 200
    },
    {
      "RequestUri": "/subscriptions/dfa8d777-26f3-4e5e-be19-d6d5fa3176fc/resourceGroups/ps509/providers/Microsoft.Network/networkManagers/ps4863/ipamPools/ps334/listAssociatedResources?api-version=2024-05-01",
      "EncodedRequestUri": "L3N1YnNjcmlwdGlvbnMvZGZhOGQ3NzctMjZmMy00ZTVlLWJlMTktZDZkNWZhMzE3NmZjL3Jlc291cmNlR3JvdXBzL3BzNTA5L3Byb3ZpZGVycy9NaWNyb3NvZnQuTmV0d29yay9uZXR3b3JrTWFuYWdlcnMvcHM0ODYzL2lwYW1Qb29scy9wczMzNC9saXN0QXNzb2NpYXRlZFJlc291cmNlcz9hcGktdmVyc2lvbj0yMDI0LTA1LTAx",
      "RequestMethod": "POST",
      "RequestHeaders": {
        "x-ms-client-request-id": [
          "86218525-ec5f-40c6-b055-c6f612ce26de"
        ],
        "Accept-Language": [
          "en-US"
        ],
        "User-Agent": [
          "FxVersion/6.0.3324.36610",
          "OSName/Windows",
          "OSVersion/Microsoft.Windows.10.0.26100",
          "Microsoft.Azure.Management.Network.NetworkManagementClient/27.0.0.0"
        ]
      },
      "RequestBody": "",
      "ResponseHeaders": {
        "Cache-Control": [
          "no-cache"
        ],
        "Pragma": [
          "no-cache"
        ],
        "x-ms-ratelimit-remaining-subscription-writes": [
          "1199"
        ],
        "mise-correlation-id": [
          "9042ea5e-f6e0-4b51-9d5b-009c27d01fad"
        ],
        "Strict-Transport-Security": [
          "max-age=31536000; includeSubDomains"
        ],
        "x-ms-request-id": [
          "b890b371-445e-49e8-8345-1e88e637fc4a"
        ],
        "x-ms-correlation-request-id": [
          "b890b371-445e-49e8-8345-1e88e637fc4a"
        ],
        "x-ms-routing-request-id": [
          "EASTUS:20241002T163824Z:b890b371-445e-49e8-8345-1e88e637fc4a"
        ],
        "X-Content-Type-Options": [
          "nosniff"
        ],
        "X-Cache": [
          "CONFIG_NOCACHE"
        ],
        "X-MSEdge-Ref": [
          "Ref A: 061A6B18A3104C3D8A6CF59FF47D01D9 Ref B: MNZ221060619053 Ref C: 2024-10-02T16:38:23Z"
        ],
        "Date": [
          "Wed, 02 Oct 2024 16:38:23 GMT"
        ],
        "Content-Length": [
          "26"
        ],
        "Content-Type": [
          "application/json; charset=utf-8"
        ],
        "Expires": [
          "-1"
        ]
      },
      "ResponseBody": "{\r\n  \"value\": [],\r\n  \"nextLink\": \"\"\r\n}",
      "StatusCode": 200
    },
    {
      "RequestUri": "/subscriptions/dfa8d777-26f3-4e5e-be19-d6d5fa3176fc/resourceGroups/ps509/providers/Microsoft.Network/networkManagers/ps4863/ipamPools/ps334?api-version=2024-05-01",
      "EncodedRequestUri": "L3N1YnNjcmlwdGlvbnMvZGZhOGQ3NzctMjZmMy00ZTVlLWJlMTktZDZkNWZhMzE3NmZjL3Jlc291cmNlR3JvdXBzL3BzNTA5L3Byb3ZpZGVycy9NaWNyb3NvZnQuTmV0d29yay9uZXR3b3JrTWFuYWdlcnMvcHM0ODYzL2lwYW1Qb29scy9wczMzND9hcGktdmVyc2lvbj0yMDI0LTA1LTAx",
      "RequestMethod": "DELETE",
      "RequestHeaders": {
        "x-ms-client-request-id": [
          "415ad9de-4363-410b-866c-e7534fdb5108"
        ],
        "Accept-Language": [
          "en-US"
        ],
        "User-Agent": [
          "FxVersion/6.0.3324.36610",
          "OSName/Windows",
          "OSVersion/Microsoft.Windows.10.0.26100",
          "Microsoft.Azure.Management.Network.NetworkManagementClient/27.0.0.0"
        ]
      },
      "RequestBody": "",
      "ResponseHeaders": {
        "Cache-Control": [
          "no-cache"
        ],
        "Pragma": [
          "no-cache"
        ],
        "Location": [
          "https://management.azure.com/subscriptions/dfa8d777-26f3-4e5e-be19-d6d5fa3176fc/resourceGroups/ps509/providers/Microsoft.Network/locations/eastus2euap/ipamPoolOperationResults/94E29936-AAA3-4E1E-B81F-0D57D28D8461+00-9E9E3E3615AC0FFC90E460ED9B815C33-D12F63503C57139F-01+PS334+DELETE?api-version=2024-05-01&t=638634839044224677&c=MIIHhzCCBm-gAwIBAgITHgVqhF9GOoUjuyqQWAAABWqEXzANBgkqhkiG9w0BAQsFADBEMRMwEQYKCZImiZPyLGQBGRYDR0JMMRMwEQYKCZImiZPyLGQBGRYDQU1FMRgwFgYDVQQDEw9BTUUgSW5mcmEgQ0EgMDYwHhcNMjQwOTIwMjMxMTQxWhcNMjUwMzE5MjMxMTQxWjBAMT4wPAYDVQQDEzVhc3luY29wZXJhdGlvbnNpZ25pbmdjZXJ0aWZpY2F0ZS5tYW5hZ2VtZW50LmF6dXJlLmNvbTCCASIwDQYJKoZIhvcNAQEBBQADggEPADCCAQoCggEBAKRtcYDBXS7zz5tRtvVyhrUAjudYhej1E2D3dp6XWuPdbVMbQZwMlye8vdT-kDhFD7T2mrdWqsoGnTGk0_xOHBfLGnW-0QRUqpeoTNIhu8vc2CfTUtm2t2s_-fzvFtRyhDA4mfCH1cz92EVj0vd3FD4ikW6bdOp1NkYFqUVBhKlbvJk6y-TbLFBLP5Zx4m0Ua-_P7aMzbgvOJgMOTC2jLs5w_lFDJWeP3IKUOiJmrfLpf4ey5Ov94oCE6YncDBSHJZKWcrSxDHgSz9AXrxarL4HLajGbF3MRvfkMN2gNXCoiJXBEqCLDnyQZ0BgXIvuK7vG8Rj0TyhJNj-QPr8taY6UCAwEAAaOCBHQwggRwMCcGCSsGAQQBgjcVCgQaMBgwCgYIKwYBBQUHAwEwCgYIKwYBBQUHAwIwPQYJKwYBBAGCNxUHBDAwLgYmKwYBBAGCNxUIhpDjDYTVtHiE8Ys-hZvdFs6dEoFghfmRS4WsmTQCAWQCAQcwggHLBggrBgEFBQcBAQSCAb0wggG5MGMGCCsGAQUFBzAChldodHRwOi8vY3JsLm1pY3Jvc29mdC5jb20vcGtpaW5mcmEvQ2VydHMvQkwyUEtJSU5UQ0EwMi5BTUUuR0JMX0FNRSUyMEluZnJhJTIwQ0ElMjAwNi5jcnQwUwYIKwYBBQUHMAKGR2h0dHA6Ly9jcmwxLmFtZS5nYmwvYWlhL0JMMlBLSUlOVENBMDIuQU1FLkdCTF9BTUUlMjBJbmZyYSUyMENBJTIwMDYuY3J0MFMGCCsGAQUFBzAChkdodHRwOi8vY3JsMi5hbWUuZ2JsL2FpYS9CTDJQS0lJTlRDQTAyLkFNRS5HQkxfQU1FJTIwSW5mcmElMjBDQSUyMDA2LmNydDBTBggrBgEFBQcwAoZHaHR0cDovL2NybDMuYW1lLmdibC9haWEvQkwyUEtJSU5UQ0EwMi5BTUUuR0JMX0FNRSUyMEluZnJhJTIwQ0ElMjAwNi5jcnQwUwYIKwYBBQUHMAKGR2h0dHA6Ly9jcmw0LmFtZS5nYmwvYWlhL0JMMlBLSUlOVENBMDIuQU1FLkdCTF9BTUUlMjBJbmZyYSUyMENBJTIwMDYuY3J0MB0GA1UdDgQWBBRKlJQpFyyZKSchkTlshetYOUX7xzAOBgNVHQ8BAf8EBAMCBaAwggEmBgNVHR8EggEdMIIBGTCCARWgggERoIIBDYY_aHR0cDovL2NybC5taWNyb3NvZnQuY29tL3BraWluZnJhL0NSTC9BTUUlMjBJbmZyYSUyMENBJTIwMDYuY3JshjFodHRwOi8vY3JsMS5hbWUuZ2JsL2NybC9BTUUlMjBJbmZyYSUyMENBJTIwMDYuY3JshjFodHRwOi8vY3JsMi5hbWUuZ2JsL2NybC9BTUUlMjBJbmZyYSUyMENBJTIwMDYuY3JshjFodHRwOi8vY3JsMy5hbWUuZ2JsL2NybC9BTUUlMjBJbmZyYSUyMENBJTIwMDYuY3JshjFodHRwOi8vY3JsNC5hbWUuZ2JsL2NybC9BTUUlMjBJbmZyYSUyMENBJTIwMDYuY3JsMIGdBgNVHSAEgZUwgZIwDAYKKwYBBAGCN3sBATBmBgorBgEEAYI3ewICMFgwVgYIKwYBBQUHAgIwSh5IADMAMwBlADAAMQA5ADIAMQAtADQAZAA2ADQALQA0AGYAOABjAC0AYQAwADUANQAtADUAYgBkAGEAZgBmAGQANQBlADMAMwBkMAwGCisGAQQBgjd7AwEwDAYKKwYBBAGCN3sEAjAfBgNVHSMEGDAWgBTxRmjG8cPwKy19i2rhsvm-NfzRQTAdBgNVHSUEFjAUBggrBgEFBQcDAQYIKwYBBQUHAwIwDQYJKoZIhvcNAQELBQADggEBAG0WbzLPsmSSMI7aTe2npixmkdCmwcdZHGd43tUnB8JKrLNJEFcBsQmbcIH0adpnQNrDgRkNBBOTZ4s1LIBlRQapZpPsRItAMUguVpGVRH08T0i43w9xrp_clNbAJrrfRbmYroF0WJKMJ0nwW2rPjxdevSRygGK_nEfywwFi-p1RhHnkiEGL4GnP7PpQcRvAYMdH9LO5MRY7iLbBmosKatS_eWtSJD1CvzglNwy_vQzx81Vnk0CgndqXcVq-loGu7R4U7mkQ2NNqLbp447STxkpP-6Mdyv8J4bdnf1s3vFBNpgvJWKogWcNLlo8jnkbEf6RPNGe1W5lma7JwMKAcPzY&s=mYBBQ7_jGSNOcpFEyevWoLPU67FPJikgxhZzdDgxaqahpWglHQAukx-tzUVOeFXbu52rWkFLizj4DnbIk8FKg7fM6odkW8bjAgvnmGsNVp4zPUFEZZkvm9S2K2lodoVrrF1YgJsRqYsfgrO1uvGeYl7NFzEkzqCEZCf9xEHHULm77hSFXjnty8tiicn0D0d8moaC6zKtBSgziV0IxdvCemYrocWrDFF1kaDVJbUZ0iTv9n5ugbbQ3iwHD8gPEun5ZM8dOM2KlXERYSSOXBLsFrYgyly1XkMcPkI_bClzuvhXMDrzSDYE7serdf5EGpz9xxJXaShbzgkk1iytb41pXw&h=OoGJZpedmVtJig91B3R6_prkMuXQFJqjAQ18BMlKcUo"
        ],
        "x-ms-ratelimit-remaining-subscription-deletes": [
          "14999"
        ],
        "mise-correlation-id": [
          "8f1bee64-1210-4a98-9674-9048c15e60c4"
        ],
        "Strict-Transport-Security": [
          "max-age=31536000; includeSubDomains"
        ],
        "x-ms-request-id": [
          "84bb157e-b0ab-438c-b57a-66cfe9f4b9f1"
        ],
        "x-ms-correlation-request-id": [
          "84bb157e-b0ab-438c-b57a-66cfe9f4b9f1"
        ],
        "x-ms-routing-request-id": [
          "EASTUS:20241002T163824Z:84bb157e-b0ab-438c-b57a-66cfe9f4b9f1"
        ],
        "X-Content-Type-Options": [
          "nosniff"
        ],
        "X-Cache": [
          "CONFIG_NOCACHE"
        ],
        "X-MSEdge-Ref": [
          "Ref A: E4638C98096F4ACD973EA7EE35266356 Ref B: MNZ221060609047 Ref C: 2024-10-02T16:38:24Z"
        ],
        "Date": [
          "Wed, 02 Oct 2024 16:38:23 GMT"
        ],
        "Expires": [
          "-1"
        ],
        "Content-Length": [
          "0"
        ]
      },
      "ResponseBody": "",
      "StatusCode": 202
    },
    {
      "RequestUri": "/subscriptions/dfa8d777-26f3-4e5e-be19-d6d5fa3176fc/resourceGroups/ps509/providers/Microsoft.Network/locations/eastus2euap/ipamPoolOperationResults/94E29936-AAA3-4E1E-B81F-0D57D28D8461+00-9E9E3E3615AC0FFC90E460ED9B815C33-D12F63503C57139F-01+PS334+DELETE?api-version=2024-05-01&t=638634839044224677&c=MIIHhzCCBm-gAwIBAgITHgVqhF9GOoUjuyqQWAAABWqEXzANBgkqhkiG9w0BAQsFADBEMRMwEQYKCZImiZPyLGQBGRYDR0JMMRMwEQYKCZImiZPyLGQBGRYDQU1FMRgwFgYDVQQDEw9BTUUgSW5mcmEgQ0EgMDYwHhcNMjQwOTIwMjMxMTQxWhcNMjUwMzE5MjMxMTQxWjBAMT4wPAYDVQQDEzVhc3luY29wZXJhdGlvbnNpZ25pbmdjZXJ0aWZpY2F0ZS5tYW5hZ2VtZW50LmF6dXJlLmNvbTCCASIwDQYJKoZIhvcNAQEBBQADggEPADCCAQoCggEBAKRtcYDBXS7zz5tRtvVyhrUAjudYhej1E2D3dp6XWuPdbVMbQZwMlye8vdT-kDhFD7T2mrdWqsoGnTGk0_xOHBfLGnW-0QRUqpeoTNIhu8vc2CfTUtm2t2s_-fzvFtRyhDA4mfCH1cz92EVj0vd3FD4ikW6bdOp1NkYFqUVBhKlbvJk6y-TbLFBLP5Zx4m0Ua-_P7aMzbgvOJgMOTC2jLs5w_lFDJWeP3IKUOiJmrfLpf4ey5Ov94oCE6YncDBSHJZKWcrSxDHgSz9AXrxarL4HLajGbF3MRvfkMN2gNXCoiJXBEqCLDnyQZ0BgXIvuK7vG8Rj0TyhJNj-QPr8taY6UCAwEAAaOCBHQwggRwMCcGCSsGAQQBgjcVCgQaMBgwCgYIKwYBBQUHAwEwCgYIKwYBBQUHAwIwPQYJKwYBBAGCNxUHBDAwLgYmKwYBBAGCNxUIhpDjDYTVtHiE8Ys-hZvdFs6dEoFghfmRS4WsmTQCAWQCAQcwggHLBggrBgEFBQcBAQSCAb0wggG5MGMGCCsGAQUFBzAChldodHRwOi8vY3JsLm1pY3Jvc29mdC5jb20vcGtpaW5mcmEvQ2VydHMvQkwyUEtJSU5UQ0EwMi5BTUUuR0JMX0FNRSUyMEluZnJhJTIwQ0ElMjAwNi5jcnQwUwYIKwYBBQUHMAKGR2h0dHA6Ly9jcmwxLmFtZS5nYmwvYWlhL0JMMlBLSUlOVENBMDIuQU1FLkdCTF9BTUUlMjBJbmZyYSUyMENBJTIwMDYuY3J0MFMGCCsGAQUFBzAChkdodHRwOi8vY3JsMi5hbWUuZ2JsL2FpYS9CTDJQS0lJTlRDQTAyLkFNRS5HQkxfQU1FJTIwSW5mcmElMjBDQSUyMDA2LmNydDBTBggrBgEFBQcwAoZHaHR0cDovL2NybDMuYW1lLmdibC9haWEvQkwyUEtJSU5UQ0EwMi5BTUUuR0JMX0FNRSUyMEluZnJhJTIwQ0ElMjAwNi5jcnQwUwYIKwYBBQUHMAKGR2h0dHA6Ly9jcmw0LmFtZS5nYmwvYWlhL0JMMlBLSUlOVENBMDIuQU1FLkdCTF9BTUUlMjBJbmZyYSUyMENBJTIwMDYuY3J0MB0GA1UdDgQWBBRKlJQpFyyZKSchkTlshetYOUX7xzAOBgNVHQ8BAf8EBAMCBaAwggEmBgNVHR8EggEdMIIBGTCCARWgggERoIIBDYY_aHR0cDovL2NybC5taWNyb3NvZnQuY29tL3BraWluZnJhL0NSTC9BTUUlMjBJbmZyYSUyMENBJTIwMDYuY3JshjFodHRwOi8vY3JsMS5hbWUuZ2JsL2NybC9BTUUlMjBJbmZyYSUyMENBJTIwMDYuY3JshjFodHRwOi8vY3JsMi5hbWUuZ2JsL2NybC9BTUUlMjBJbmZyYSUyMENBJTIwMDYuY3JshjFodHRwOi8vY3JsMy5hbWUuZ2JsL2NybC9BTUUlMjBJbmZyYSUyMENBJTIwMDYuY3JshjFodHRwOi8vY3JsNC5hbWUuZ2JsL2NybC9BTUUlMjBJbmZyYSUyMENBJTIwMDYuY3JsMIGdBgNVHSAEgZUwgZIwDAYKKwYBBAGCN3sBATBmBgorBgEEAYI3ewICMFgwVgYIKwYBBQUHAgIwSh5IADMAMwBlADAAMQA5ADIAMQAtADQAZAA2ADQALQA0AGYAOABjAC0AYQAwADUANQAtADUAYgBkAGEAZgBmAGQANQBlADMAMwBkMAwGCisGAQQBgjd7AwEwDAYKKwYBBAGCN3sEAjAfBgNVHSMEGDAWgBTxRmjG8cPwKy19i2rhsvm-NfzRQTAdBgNVHSUEFjAUBggrBgEFBQcDAQYIKwYBBQUHAwIwDQYJKoZIhvcNAQELBQADggEBAG0WbzLPsmSSMI7aTe2npixmkdCmwcdZHGd43tUnB8JKrLNJEFcBsQmbcIH0adpnQNrDgRkNBBOTZ4s1LIBlRQapZpPsRItAMUguVpGVRH08T0i43w9xrp_clNbAJrrfRbmYroF0WJKMJ0nwW2rPjxdevSRygGK_nEfywwFi-p1RhHnkiEGL4GnP7PpQcRvAYMdH9LO5MRY7iLbBmosKatS_eWtSJD1CvzglNwy_vQzx81Vnk0CgndqXcVq-loGu7R4U7mkQ2NNqLbp447STxkpP-6Mdyv8J4bdnf1s3vFBNpgvJWKogWcNLlo8jnkbEf6RPNGe1W5lma7JwMKAcPzY&s=mYBBQ7_jGSNOcpFEyevWoLPU67FPJikgxhZzdDgxaqahpWglHQAukx-tzUVOeFXbu52rWkFLizj4DnbIk8FKg7fM6odkW8bjAgvnmGsNVp4zPUFEZZkvm9S2K2lodoVrrF1YgJsRqYsfgrO1uvGeYl7NFzEkzqCEZCf9xEHHULm77hSFXjnty8tiicn0D0d8moaC6zKtBSgziV0IxdvCemYrocWrDFF1kaDVJbUZ0iTv9n5ugbbQ3iwHD8gPEun5ZM8dOM2KlXERYSSOXBLsFrYgyly1XkMcPkI_bClzuvhXMDrzSDYE7serdf5EGpz9xxJXaShbzgkk1iytb41pXw&h=OoGJZpedmVtJig91B3R6_prkMuXQFJqjAQ18BMlKcUo",
      "EncodedRequestUri": "L3N1YnNjcmlwdGlvbnMvZGZhOGQ3NzctMjZmMy00ZTVlLWJlMTktZDZkNWZhMzE3NmZjL3Jlc291cmNlR3JvdXBzL3BzNTA5L3Byb3ZpZGVycy9NaWNyb3NvZnQuTmV0d29yay9sb2NhdGlvbnMvZWFzdHVzMmV1YXAvaXBhbVBvb2xPcGVyYXRpb25SZXN1bHRzLzk0RTI5OTM2LUFBQTMtNEUxRS1CODFGLTBENTdEMjhEODQ2MSswMC05RTlFM0UzNjE1QUMwRkZDOTBFNDYwRUQ5QjgxNUMzMy1EMTJGNjM1MDNDNTcxMzlGLTAxK1BTMzM0K0RFTEVURT9hcGktdmVyc2lvbj0yMDI0LTA1LTAxJnQ9NjM4NjM0ODM5MDQ0MjI0Njc3JmM9TUlJSGh6Q0NCbS1nQXdJQkFnSVRIZ1ZxaEY5R09vVWp1eXFRV0FBQUJXcUVYekFOQmdrcWhraUc5dzBCQVFzRkFEQkVNUk13RVFZS0NaSW1pWlB5TEdRQkdSWURSMEpNTVJNd0VRWUtDWkltaVpQeUxHUUJHUllEUVUxRk1SZ3dGZ1lEVlFRREV3OUJUVVVnU1c1bWNtRWdRMEVnTURZd0hoY05NalF3T1RJd01qTXhNVFF4V2hjTk1qVXdNekU1TWpNeE1UUXhXakJBTVQ0d1BBWURWUVFERXpWaGMzbHVZMjl3WlhKaGRHbHZibk5wWjI1cGJtZGpaWEowYVdacFkyRjBaUzV0WVc1aFoyVnRaVzUwTG1GNmRYSmxMbU52YlRDQ0FTSXdEUVlKS29aSWh2Y05BUUVCQlFBRGdnRVBBRENDQVFvQ2dnRUJBS1J0Y1lEQlhTN3p6NXRSdHZWeWhyVUFqdWRZaGVqMUUyRDNkcDZYV3VQZGJWTWJRWndNbHllOHZkVC1rRGhGRDdUMm1yZFdxc29HblRHazBfeE9IQmZMR25XLTBRUlVxcGVvVE5JaHU4dmMyQ2ZUVXRtMnQyc18tZnp2RnRSeWhEQTRtZkNIMWN6OTJFVmowdmQzRkQ0aWtXNmJkT3AxTmtZRnFVVkJoS2xidkprNnktVGJMRkJMUDVaeDRtMFVhLV9QN2FNemJndk9KZ01PVEMyakxzNXdfbEZESldlUDNJS1VPaUptcmZMcGY0ZXk1T3Y5NG9DRTZZbmNEQlNISlpLV2NyU3hESGdTejlBWHJ4YXJMNEhMYWpHYkYzTVJ2ZmtNTjJnTlhDb2lKWEJFcUNMRG55UVowQmdYSXZ1Szd2RzhSajBUeWhKTmotUVByOHRhWTZVQ0F3RUFBYU9DQkhRd2dnUndNQ2NHQ1NzR0FRUUJnamNWQ2dRYU1CZ3dDZ1lJS3dZQkJRVUhBd0V3Q2dZSUt3WUJCUVVIQXdJd1BRWUpLd1lCQkFHQ054VUhCREF3TGdZbUt3WUJCQUdDTnhVSWhwRGpEWVRWdEhpRThZcy1oWnZkRnM2ZEVvRmdoZm1SUzRXc21UUUNBV1FDQVFjd2dnSExCZ2dyQmdFRkJRY0JBUVNDQWIwd2dnRzVNR01HQ0NzR0FRVUZCekFDaGxkb2RIUndPaTh2WTNKc0xtMXBZM0p2YzI5bWRDNWpiMjB2Y0d0cGFXNW1jbUV2UTJWeWRITXZRa3d5VUV0SlNVNVVRMEV3TWk1QlRVVXVSMEpNWDBGTlJTVXlNRWx1Wm5KaEpUSXdRMEVsTWpBd05pNWpjblF3VXdZSUt3WUJCUVVITUFLR1IyaDBkSEE2THk5amNtd3hMbUZ0WlM1blltd3ZZV2xoTDBKTU1sQkxTVWxPVkVOQk1ESXVRVTFGTGtkQ1RGOUJUVVVsTWpCSmJtWnlZU1V5TUVOQkpUSXdNRFl1WTNKME1GTUdDQ3NHQVFVRkJ6QUNoa2RvZEhSd09pOHZZM0pzTWk1aGJXVXVaMkpzTDJGcFlTOUNUREpRUzBsSlRsUkRRVEF5TGtGTlJTNUhRa3hmUVUxRkpUSXdTVzVtY21FbE1qQkRRU1V5TURBMkxtTnlkREJUQmdnckJnRUZCUWN3QW9aSGFIUjBjRG92TDJOeWJETXVZVzFsTG1kaWJDOWhhV0V2UWt3eVVFdEpTVTVVUTBFd01pNUJUVVV1UjBKTVgwRk5SU1V5TUVsdVpuSmhKVEl3UTBFbE1qQXdOaTVqY25Rd1V3WUlLd1lCQlFVSE1BS0dSMmgwZEhBNkx5OWpjbXcwTG1GdFpTNW5ZbXd2WVdsaEwwSk1NbEJMU1VsT1ZFTkJNREl1UVUxRkxrZENURjlCVFVVbE1qQkpibVp5WVNVeU1FTkJKVEl3TURZdVkzSjBNQjBHQTFVZERnUVdCQlJLbEpRcEZ5eVpLU2Noa1Rsc2hldFlPVVg3eHpBT0JnTlZIUThCQWY4RUJBTUNCYUF3Z2dFbUJnTlZIUjhFZ2dFZE1JSUJHVENDQVJXZ2dnRVJvSUlCRFlZX2FIUjBjRG92TDJOeWJDNXRhV055YjNOdlpuUXVZMjl0TDNCcmFXbHVabkpoTDBOU1RDOUJUVVVsTWpCSmJtWnlZU1V5TUVOQkpUSXdNRFl1WTNKc2hqRm9kSFJ3T2k4dlkzSnNNUzVoYldVdVoySnNMMk55YkM5QlRVVWxNakJKYm1aeVlTVXlNRU5CSlRJd01EWXVZM0pzaGpGb2RIUndPaTh2WTNKc01pNWhiV1V1WjJKc0wyTnliQzlCVFVVbE1qQkpibVp5WVNVeU1FTkJKVEl3TURZdVkzSnNoakZvZEhSd09pOHZZM0pzTXk1aGJXVXVaMkpzTDJOeWJDOUJUVVVsTWpCSmJtWnlZU1V5TUVOQkpUSXdNRFl1WTNKc2hqRm9kSFJ3T2k4dlkzSnNOQzVoYldVdVoySnNMMk55YkM5QlRVVWxNakJKYm1aeVlTVXlNRU5CSlRJd01EWXVZM0pzTUlHZEJnTlZIU0FFZ1pVd2daSXdEQVlLS3dZQkJBR0NOM3NCQVRCbUJnb3JCZ0VFQVlJM2V3SUNNRmd3VmdZSUt3WUJCUVVIQWdJd1NoNUlBRE1BTXdCbEFEQUFNUUE1QURJQU1RQXRBRFFBWkFBMkFEUUFMUUEwQUdZQU9BQmpBQzBBWVFBd0FEVUFOUUF0QURVQVlnQmtBR0VBWmdCbUFHUUFOUUJsQURNQU13QmtNQXdHQ2lzR0FRUUJnamQ3QXdFd0RBWUtLd1lCQkFHQ04zc0VBakFmQmdOVkhTTUVHREFXZ0JUeFJtakc4Y1B3S3kxOWkycmhzdm0tTmZ6UlFUQWRCZ05WSFNVRUZqQVVCZ2dyQmdFRkJRY0RBUVlJS3dZQkJRVUhBd0l3RFFZSktvWklodmNOQVFFTEJRQURnZ0VCQUcwV2J6TFBzbVNTTUk3YVRlMm5waXhta2RDbXdjZFpIR2Q0M3RVbkI4SktyTE5KRUZjQnNRbWJjSUgwYWRwblFOckRnUmtOQkJPVFo0czFMSUJsUlFhcFpwUHNSSXRBTVVndVZwR1ZSSDA4VDBpNDN3OXhycF9jbE5iQUpycmZSYm1Zcm9GMFdKS01KMG53VzJyUGp4ZGV2U1J5Z0dLX25FZnl3d0ZpLXAxUmhIbmtpRUdMNEduUDdQcFFjUnZBWU1kSDlMTzVNUlk3aUxiQm1vc0thdFNfZVd0U0pEMUN2emdsTnd5X3ZReng4MVZuazBDZ25kcVhjVnEtbG9HdTdSNFU3bWtRMk5OcUxicDQ0N1NUeGtwUC02TWR5djhKNGJkbmYxczN2RkJOcGd2SldLb2dXY05MbG84am5rYkVmNlJQTkdlMVc1bG1hN0p3TUtBY1B6WSZzPW1ZQkJRN19qR1NOT2NwRkV5ZXZXb0xQVTY3RlBKaWtneGhaemREZ3hhcWFocFdnbEhRQXVreC10elVWT2VGWGJ1NTJyV2tGTGl6ajREbmJJazhGS2c3Zk02b2RrVzhiakFndm5tR3NOVnA0elBVRkVaWmt2bTlTMksybG9kb1ZyckYxWWdKc1JxWXNmZ3JPMXV2R2VZbDdORnpFa3pxQ0VaQ2Y5eEVISFVMbTc3aFNGWGpudHk4dGlpY24wRDBkOG1vYUM2ekt0QlNnemlWMEl4ZHZDZW1Zcm9jV3JERkYxa2FEVkpiVVowaVR2OW41dWdiYlEzaXdIRDhnUEV1bjVaTThkT00yS2xYRVJZU1NPWEJMc0ZyWWd5bHkxWGtNY1BrSV9iQ2x6dXZoWE1EcnpTRFlFN3NlcmRmNUVHcHo5eHhKWGFTaGJ6Z2trMWl5dGI0MXBYdyZoPU9vR0pacGVkbVZ0SmlnOTFCM1I2X3Bya011WFFGSnFqQVExOEJNbEtjVW8=",
      "RequestMethod": "GET",
      "RequestHeaders": {
        "User-Agent": [
          "FxVersion/6.0.3324.36610",
          "OSName/Windows",
          "OSVersion/Microsoft.Windows.10.0.26100",
          "Microsoft.Azure.Management.Network.NetworkManagementClient/27.0.0.0"
        ]
      },
      "RequestBody": "",
      "ResponseHeaders": {
        "Cache-Control": [
          "no-cache"
        ],
        "Pragma": [
          "no-cache"
        ],
        "x-ms-ratelimit-remaining-subscription-reads": [
          "11999"
        ],
        "mise-correlation-id": [
          "4b1bfbd0-1206-4e38-94d3-ff320e9a2464"
        ],
        "Strict-Transport-Security": [
          "max-age=31536000; includeSubDomains"
        ],
        "x-ms-request-id": [
          "80242e17-36f0-4c0a-8f77-9cdf4000a961"
        ],
        "x-ms-correlation-request-id": [
          "80242e17-36f0-4c0a-8f77-9cdf4000a961"
        ],
        "x-ms-routing-request-id": [
          "EASTUS:20241002T163854Z:80242e17-36f0-4c0a-8f77-9cdf4000a961"
        ],
        "X-Content-Type-Options": [
          "nosniff"
        ],
        "X-Cache": [
          "CONFIG_NOCACHE"
        ],
        "X-MSEdge-Ref": [
          "Ref A: 164B19737DA24491B58E898408884F58 Ref B: MNZ221060609047 Ref C: 2024-10-02T16:38:54Z"
        ],
        "Date": [
          "Wed, 02 Oct 2024 16:38:53 GMT"
        ],
        "Content-Length": [
          "502"
        ],
        "Content-Type": [
          "application/json; charset=utf-8"
        ],
        "Expires": [
          "-1"
        ]
      },
      "ResponseBody": "{\r\n  \"id\": \"/subscriptions/dfa8d777-26f3-4e5e-be19-d6d5fa3176fc/resourceGroups/ps509/providers/Microsoft.Network/locations/eastus2euap/ipamPoolOperationResults/94E29936-AAA3-4E1E-B81F-0D57D28D8461+00-9E9E3E3615AC0FFC90E460ED9B815C33-D12F63503C57139F-01+PS334+DELETE\",\r\n  \"name\": \"94E29936-AAA3-4E1E-B81F-0D57D28D8461+00-9E9E3E3615AC0FFC90E460ED9B815C33-D12F63503C57139F-01+PS334+DELETE\",\r\n  \"status\": \"Succeeded\",\r\n  \"startTime\": null,\r\n  \"endTime\": null,\r\n  \"percentComplete\": null,\r\n  \"error\": null,\r\n  \"properties\": null,\r\n  \"operations\": null\r\n}",
      "StatusCode": 200
    },
    {
      "RequestUri": "/subscriptions/dfa8d777-26f3-4e5e-be19-d6d5fa3176fc/resourceGroups/ps509/providers/Microsoft.Network/locations/eastus2euap/ipamPoolOperationResults/94E29936-AAA3-4E1E-B81F-0D57D28D8461+00-9E9E3E3615AC0FFC90E460ED9B815C33-D12F63503C57139F-01+PS334+DELETE?api-version=2024-05-01&t=638634839044224677&c=MIIHhzCCBm-gAwIBAgITHgVqhF9GOoUjuyqQWAAABWqEXzANBgkqhkiG9w0BAQsFADBEMRMwEQYKCZImiZPyLGQBGRYDR0JMMRMwEQYKCZImiZPyLGQBGRYDQU1FMRgwFgYDVQQDEw9BTUUgSW5mcmEgQ0EgMDYwHhcNMjQwOTIwMjMxMTQxWhcNMjUwMzE5MjMxMTQxWjBAMT4wPAYDVQQDEzVhc3luY29wZXJhdGlvbnNpZ25pbmdjZXJ0aWZpY2F0ZS5tYW5hZ2VtZW50LmF6dXJlLmNvbTCCASIwDQYJKoZIhvcNAQEBBQADggEPADCCAQoCggEBAKRtcYDBXS7zz5tRtvVyhrUAjudYhej1E2D3dp6XWuPdbVMbQZwMlye8vdT-kDhFD7T2mrdWqsoGnTGk0_xOHBfLGnW-0QRUqpeoTNIhu8vc2CfTUtm2t2s_-fzvFtRyhDA4mfCH1cz92EVj0vd3FD4ikW6bdOp1NkYFqUVBhKlbvJk6y-TbLFBLP5Zx4m0Ua-_P7aMzbgvOJgMOTC2jLs5w_lFDJWeP3IKUOiJmrfLpf4ey5Ov94oCE6YncDBSHJZKWcrSxDHgSz9AXrxarL4HLajGbF3MRvfkMN2gNXCoiJXBEqCLDnyQZ0BgXIvuK7vG8Rj0TyhJNj-QPr8taY6UCAwEAAaOCBHQwggRwMCcGCSsGAQQBgjcVCgQaMBgwCgYIKwYBBQUHAwEwCgYIKwYBBQUHAwIwPQYJKwYBBAGCNxUHBDAwLgYmKwYBBAGCNxUIhpDjDYTVtHiE8Ys-hZvdFs6dEoFghfmRS4WsmTQCAWQCAQcwggHLBggrBgEFBQcBAQSCAb0wggG5MGMGCCsGAQUFBzAChldodHRwOi8vY3JsLm1pY3Jvc29mdC5jb20vcGtpaW5mcmEvQ2VydHMvQkwyUEtJSU5UQ0EwMi5BTUUuR0JMX0FNRSUyMEluZnJhJTIwQ0ElMjAwNi5jcnQwUwYIKwYBBQUHMAKGR2h0dHA6Ly9jcmwxLmFtZS5nYmwvYWlhL0JMMlBLSUlOVENBMDIuQU1FLkdCTF9BTUUlMjBJbmZyYSUyMENBJTIwMDYuY3J0MFMGCCsGAQUFBzAChkdodHRwOi8vY3JsMi5hbWUuZ2JsL2FpYS9CTDJQS0lJTlRDQTAyLkFNRS5HQkxfQU1FJTIwSW5mcmElMjBDQSUyMDA2LmNydDBTBggrBgEFBQcwAoZHaHR0cDovL2NybDMuYW1lLmdibC9haWEvQkwyUEtJSU5UQ0EwMi5BTUUuR0JMX0FNRSUyMEluZnJhJTIwQ0ElMjAwNi5jcnQwUwYIKwYBBQUHMAKGR2h0dHA6Ly9jcmw0LmFtZS5nYmwvYWlhL0JMMlBLSUlOVENBMDIuQU1FLkdCTF9BTUUlMjBJbmZyYSUyMENBJTIwMDYuY3J0MB0GA1UdDgQWBBRKlJQpFyyZKSchkTlshetYOUX7xzAOBgNVHQ8BAf8EBAMCBaAwggEmBgNVHR8EggEdMIIBGTCCARWgggERoIIBDYY_aHR0cDovL2NybC5taWNyb3NvZnQuY29tL3BraWluZnJhL0NSTC9BTUUlMjBJbmZyYSUyMENBJTIwMDYuY3JshjFodHRwOi8vY3JsMS5hbWUuZ2JsL2NybC9BTUUlMjBJbmZyYSUyMENBJTIwMDYuY3JshjFodHRwOi8vY3JsMi5hbWUuZ2JsL2NybC9BTUUlMjBJbmZyYSUyMENBJTIwMDYuY3JshjFodHRwOi8vY3JsMy5hbWUuZ2JsL2NybC9BTUUlMjBJbmZyYSUyMENBJTIwMDYuY3JshjFodHRwOi8vY3JsNC5hbWUuZ2JsL2NybC9BTUUlMjBJbmZyYSUyMENBJTIwMDYuY3JsMIGdBgNVHSAEgZUwgZIwDAYKKwYBBAGCN3sBATBmBgorBgEEAYI3ewICMFgwVgYIKwYBBQUHAgIwSh5IADMAMwBlADAAMQA5ADIAMQAtADQAZAA2ADQALQA0AGYAOABjAC0AYQAwADUANQAtADUAYgBkAGEAZgBmAGQANQBlADMAMwBkMAwGCisGAQQBgjd7AwEwDAYKKwYBBAGCN3sEAjAfBgNVHSMEGDAWgBTxRmjG8cPwKy19i2rhsvm-NfzRQTAdBgNVHSUEFjAUBggrBgEFBQcDAQYIKwYBBQUHAwIwDQYJKoZIhvcNAQELBQADggEBAG0WbzLPsmSSMI7aTe2npixmkdCmwcdZHGd43tUnB8JKrLNJEFcBsQmbcIH0adpnQNrDgRkNBBOTZ4s1LIBlRQapZpPsRItAMUguVpGVRH08T0i43w9xrp_clNbAJrrfRbmYroF0WJKMJ0nwW2rPjxdevSRygGK_nEfywwFi-p1RhHnkiEGL4GnP7PpQcRvAYMdH9LO5MRY7iLbBmosKatS_eWtSJD1CvzglNwy_vQzx81Vnk0CgndqXcVq-loGu7R4U7mkQ2NNqLbp447STxkpP-6Mdyv8J4bdnf1s3vFBNpgvJWKogWcNLlo8jnkbEf6RPNGe1W5lma7JwMKAcPzY&s=mYBBQ7_jGSNOcpFEyevWoLPU67FPJikgxhZzdDgxaqahpWglHQAukx-tzUVOeFXbu52rWkFLizj4DnbIk8FKg7fM6odkW8bjAgvnmGsNVp4zPUFEZZkvm9S2K2lodoVrrF1YgJsRqYsfgrO1uvGeYl7NFzEkzqCEZCf9xEHHULm77hSFXjnty8tiicn0D0d8moaC6zKtBSgziV0IxdvCemYrocWrDFF1kaDVJbUZ0iTv9n5ugbbQ3iwHD8gPEun5ZM8dOM2KlXERYSSOXBLsFrYgyly1XkMcPkI_bClzuvhXMDrzSDYE7serdf5EGpz9xxJXaShbzgkk1iytb41pXw&h=OoGJZpedmVtJig91B3R6_prkMuXQFJqjAQ18BMlKcUo",
      "EncodedRequestUri": "L3N1YnNjcmlwdGlvbnMvZGZhOGQ3NzctMjZmMy00ZTVlLWJlMTktZDZkNWZhMzE3NmZjL3Jlc291cmNlR3JvdXBzL3BzNTA5L3Byb3ZpZGVycy9NaWNyb3NvZnQuTmV0d29yay9sb2NhdGlvbnMvZWFzdHVzMmV1YXAvaXBhbVBvb2xPcGVyYXRpb25SZXN1bHRzLzk0RTI5OTM2LUFBQTMtNEUxRS1CODFGLTBENTdEMjhEODQ2MSswMC05RTlFM0UzNjE1QUMwRkZDOTBFNDYwRUQ5QjgxNUMzMy1EMTJGNjM1MDNDNTcxMzlGLTAxK1BTMzM0K0RFTEVURT9hcGktdmVyc2lvbj0yMDI0LTA1LTAxJnQ9NjM4NjM0ODM5MDQ0MjI0Njc3JmM9TUlJSGh6Q0NCbS1nQXdJQkFnSVRIZ1ZxaEY5R09vVWp1eXFRV0FBQUJXcUVYekFOQmdrcWhraUc5dzBCQVFzRkFEQkVNUk13RVFZS0NaSW1pWlB5TEdRQkdSWURSMEpNTVJNd0VRWUtDWkltaVpQeUxHUUJHUllEUVUxRk1SZ3dGZ1lEVlFRREV3OUJUVVVnU1c1bWNtRWdRMEVnTURZd0hoY05NalF3T1RJd01qTXhNVFF4V2hjTk1qVXdNekU1TWpNeE1UUXhXakJBTVQ0d1BBWURWUVFERXpWaGMzbHVZMjl3WlhKaGRHbHZibk5wWjI1cGJtZGpaWEowYVdacFkyRjBaUzV0WVc1aFoyVnRaVzUwTG1GNmRYSmxMbU52YlRDQ0FTSXdEUVlKS29aSWh2Y05BUUVCQlFBRGdnRVBBRENDQVFvQ2dnRUJBS1J0Y1lEQlhTN3p6NXRSdHZWeWhyVUFqdWRZaGVqMUUyRDNkcDZYV3VQZGJWTWJRWndNbHllOHZkVC1rRGhGRDdUMm1yZFdxc29HblRHazBfeE9IQmZMR25XLTBRUlVxcGVvVE5JaHU4dmMyQ2ZUVXRtMnQyc18tZnp2RnRSeWhEQTRtZkNIMWN6OTJFVmowdmQzRkQ0aWtXNmJkT3AxTmtZRnFVVkJoS2xidkprNnktVGJMRkJMUDVaeDRtMFVhLV9QN2FNemJndk9KZ01PVEMyakxzNXdfbEZESldlUDNJS1VPaUptcmZMcGY0ZXk1T3Y5NG9DRTZZbmNEQlNISlpLV2NyU3hESGdTejlBWHJ4YXJMNEhMYWpHYkYzTVJ2ZmtNTjJnTlhDb2lKWEJFcUNMRG55UVowQmdYSXZ1Szd2RzhSajBUeWhKTmotUVByOHRhWTZVQ0F3RUFBYU9DQkhRd2dnUndNQ2NHQ1NzR0FRUUJnamNWQ2dRYU1CZ3dDZ1lJS3dZQkJRVUhBd0V3Q2dZSUt3WUJCUVVIQXdJd1BRWUpLd1lCQkFHQ054VUhCREF3TGdZbUt3WUJCQUdDTnhVSWhwRGpEWVRWdEhpRThZcy1oWnZkRnM2ZEVvRmdoZm1SUzRXc21UUUNBV1FDQVFjd2dnSExCZ2dyQmdFRkJRY0JBUVNDQWIwd2dnRzVNR01HQ0NzR0FRVUZCekFDaGxkb2RIUndPaTh2WTNKc0xtMXBZM0p2YzI5bWRDNWpiMjB2Y0d0cGFXNW1jbUV2UTJWeWRITXZRa3d5VUV0SlNVNVVRMEV3TWk1QlRVVXVSMEpNWDBGTlJTVXlNRWx1Wm5KaEpUSXdRMEVsTWpBd05pNWpjblF3VXdZSUt3WUJCUVVITUFLR1IyaDBkSEE2THk5amNtd3hMbUZ0WlM1blltd3ZZV2xoTDBKTU1sQkxTVWxPVkVOQk1ESXVRVTFGTGtkQ1RGOUJUVVVsTWpCSmJtWnlZU1V5TUVOQkpUSXdNRFl1WTNKME1GTUdDQ3NHQVFVRkJ6QUNoa2RvZEhSd09pOHZZM0pzTWk1aGJXVXVaMkpzTDJGcFlTOUNUREpRUzBsSlRsUkRRVEF5TGtGTlJTNUhRa3hmUVUxRkpUSXdTVzVtY21FbE1qQkRRU1V5TURBMkxtTnlkREJUQmdnckJnRUZCUWN3QW9aSGFIUjBjRG92TDJOeWJETXVZVzFsTG1kaWJDOWhhV0V2UWt3eVVFdEpTVTVVUTBFd01pNUJUVVV1UjBKTVgwRk5SU1V5TUVsdVpuSmhKVEl3UTBFbE1qQXdOaTVqY25Rd1V3WUlLd1lCQlFVSE1BS0dSMmgwZEhBNkx5OWpjbXcwTG1GdFpTNW5ZbXd2WVdsaEwwSk1NbEJMU1VsT1ZFTkJNREl1UVUxRkxrZENURjlCVFVVbE1qQkpibVp5WVNVeU1FTkJKVEl3TURZdVkzSjBNQjBHQTFVZERnUVdCQlJLbEpRcEZ5eVpLU2Noa1Rsc2hldFlPVVg3eHpBT0JnTlZIUThCQWY4RUJBTUNCYUF3Z2dFbUJnTlZIUjhFZ2dFZE1JSUJHVENDQVJXZ2dnRVJvSUlCRFlZX2FIUjBjRG92TDJOeWJDNXRhV055YjNOdlpuUXVZMjl0TDNCcmFXbHVabkpoTDBOU1RDOUJUVVVsTWpCSmJtWnlZU1V5TUVOQkpUSXdNRFl1WTNKc2hqRm9kSFJ3T2k4dlkzSnNNUzVoYldVdVoySnNMMk55YkM5QlRVVWxNakJKYm1aeVlTVXlNRU5CSlRJd01EWXVZM0pzaGpGb2RIUndPaTh2WTNKc01pNWhiV1V1WjJKc0wyTnliQzlCVFVVbE1qQkpibVp5WVNVeU1FTkJKVEl3TURZdVkzSnNoakZvZEhSd09pOHZZM0pzTXk1aGJXVXVaMkpzTDJOeWJDOUJUVVVsTWpCSmJtWnlZU1V5TUVOQkpUSXdNRFl1WTNKc2hqRm9kSFJ3T2k4dlkzSnNOQzVoYldVdVoySnNMMk55YkM5QlRVVWxNakJKYm1aeVlTVXlNRU5CSlRJd01EWXVZM0pzTUlHZEJnTlZIU0FFZ1pVd2daSXdEQVlLS3dZQkJBR0NOM3NCQVRCbUJnb3JCZ0VFQVlJM2V3SUNNRmd3VmdZSUt3WUJCUVVIQWdJd1NoNUlBRE1BTXdCbEFEQUFNUUE1QURJQU1RQXRBRFFBWkFBMkFEUUFMUUEwQUdZQU9BQmpBQzBBWVFBd0FEVUFOUUF0QURVQVlnQmtBR0VBWmdCbUFHUUFOUUJsQURNQU13QmtNQXdHQ2lzR0FRUUJnamQ3QXdFd0RBWUtLd1lCQkFHQ04zc0VBakFmQmdOVkhTTUVHREFXZ0JUeFJtakc4Y1B3S3kxOWkycmhzdm0tTmZ6UlFUQWRCZ05WSFNVRUZqQVVCZ2dyQmdFRkJRY0RBUVlJS3dZQkJRVUhBd0l3RFFZSktvWklodmNOQVFFTEJRQURnZ0VCQUcwV2J6TFBzbVNTTUk3YVRlMm5waXhta2RDbXdjZFpIR2Q0M3RVbkI4SktyTE5KRUZjQnNRbWJjSUgwYWRwblFOckRnUmtOQkJPVFo0czFMSUJsUlFhcFpwUHNSSXRBTVVndVZwR1ZSSDA4VDBpNDN3OXhycF9jbE5iQUpycmZSYm1Zcm9GMFdKS01KMG53VzJyUGp4ZGV2U1J5Z0dLX25FZnl3d0ZpLXAxUmhIbmtpRUdMNEduUDdQcFFjUnZBWU1kSDlMTzVNUlk3aUxiQm1vc0thdFNfZVd0U0pEMUN2emdsTnd5X3ZReng4MVZuazBDZ25kcVhjVnEtbG9HdTdSNFU3bWtRMk5OcUxicDQ0N1NUeGtwUC02TWR5djhKNGJkbmYxczN2RkJOcGd2SldLb2dXY05MbG84am5rYkVmNlJQTkdlMVc1bG1hN0p3TUtBY1B6WSZzPW1ZQkJRN19qR1NOT2NwRkV5ZXZXb0xQVTY3RlBKaWtneGhaemREZ3hhcWFocFdnbEhRQXVreC10elVWT2VGWGJ1NTJyV2tGTGl6ajREbmJJazhGS2c3Zk02b2RrVzhiakFndm5tR3NOVnA0elBVRkVaWmt2bTlTMksybG9kb1ZyckYxWWdKc1JxWXNmZ3JPMXV2R2VZbDdORnpFa3pxQ0VaQ2Y5eEVISFVMbTc3aFNGWGpudHk4dGlpY24wRDBkOG1vYUM2ekt0QlNnemlWMEl4ZHZDZW1Zcm9jV3JERkYxa2FEVkpiVVowaVR2OW41dWdiYlEzaXdIRDhnUEV1bjVaTThkT00yS2xYRVJZU1NPWEJMc0ZyWWd5bHkxWGtNY1BrSV9iQ2x6dXZoWE1EcnpTRFlFN3NlcmRmNUVHcHo5eHhKWGFTaGJ6Z2trMWl5dGI0MXBYdyZoPU9vR0pacGVkbVZ0SmlnOTFCM1I2X3Bya011WFFGSnFqQVExOEJNbEtjVW8=",
      "RequestMethod": "GET",
      "RequestHeaders": {
        "User-Agent": [
          "FxVersion/6.0.3324.36610",
          "OSName/Windows",
          "OSVersion/Microsoft.Windows.10.0.26100",
          "Microsoft.Azure.Management.Network.NetworkManagementClient/27.0.0.0"
        ]
      },
      "RequestBody": "",
      "ResponseHeaders": {
        "Cache-Control": [
          "no-cache"
        ],
        "Pragma": [
          "no-cache"
        ],
        "x-ms-ratelimit-remaining-subscription-reads": [
          "11999"
        ],
        "mise-correlation-id": [
          "e2af16e0-259e-45d3-bd0b-70ce55a1e6ca"
        ],
        "Strict-Transport-Security": [
          "max-age=31536000; includeSubDomains"
        ],
        "x-ms-request-id": [
          "2b35a29f-0ce9-40f7-ad44-fadf79b9ab5c"
        ],
        "x-ms-correlation-request-id": [
          "2b35a29f-0ce9-40f7-ad44-fadf79b9ab5c"
        ],
        "x-ms-routing-request-id": [
          "EASTUS:20241002T163854Z:2b35a29f-0ce9-40f7-ad44-fadf79b9ab5c"
        ],
        "X-Content-Type-Options": [
          "nosniff"
        ],
        "X-Cache": [
          "CONFIG_NOCACHE"
        ],
        "X-MSEdge-Ref": [
          "Ref A: 1DA515B92DF944ED9B50FCCF79626E89 Ref B: MNZ221060609047 Ref C: 2024-10-02T16:38:54Z"
        ],
        "Date": [
          "Wed, 02 Oct 2024 16:38:54 GMT"
        ],
        "Content-Length": [
          "502"
        ],
        "Content-Type": [
          "application/json; charset=utf-8"
        ],
        "Expires": [
          "-1"
        ]
      },
      "ResponseBody": "{\r\n  \"id\": \"/subscriptions/dfa8d777-26f3-4e5e-be19-d6d5fa3176fc/resourceGroups/ps509/providers/Microsoft.Network/locations/eastus2euap/ipamPoolOperationResults/94E29936-AAA3-4E1E-B81F-0D57D28D8461+00-9E9E3E3615AC0FFC90E460ED9B815C33-D12F63503C57139F-01+PS334+DELETE\",\r\n  \"name\": \"94E29936-AAA3-4E1E-B81F-0D57D28D8461+00-9E9E3E3615AC0FFC90E460ED9B815C33-D12F63503C57139F-01+PS334+DELETE\",\r\n  \"status\": \"Succeeded\",\r\n  \"startTime\": null,\r\n  \"endTime\": null,\r\n  \"percentComplete\": null,\r\n  \"error\": null,\r\n  \"properties\": null,\r\n  \"operations\": null\r\n}",
      "StatusCode": 200
    },
    {
      "RequestUri": "/subscriptions/dfa8d777-26f3-4e5e-be19-d6d5fa3176fc/resourcegroups/ps509?api-version=2016-09-01",
      "EncodedRequestUri": "L3N1YnNjcmlwdGlvbnMvZGZhOGQ3NzctMjZmMy00ZTVlLWJlMTktZDZkNWZhMzE3NmZjL3Jlc291cmNlZ3JvdXBzL3BzNTA5P2FwaS12ZXJzaW9uPTIwMTYtMDktMDE=",
      "RequestMethod": "DELETE",
      "RequestHeaders": {
        "x-ms-client-request-id": [
          "93d51c8a-0a00-4fdc-876a-f78568a3c5be"
        ],
        "Accept-Language": [
          "en-US"
        ],
        "User-Agent": [
          "FxVersion/6.0.3324.36610",
          "OSName/Windows",
          "OSVersion/Microsoft.Windows.10.0.26100",
          "Microsoft.Azure.Management.Internal.Resources.ResourceManagementClient/1.3.101"
        ]
      },
      "RequestBody": "",
      "ResponseHeaders": {
        "Cache-Control": [
          "no-cache"
        ],
        "Pragma": [
          "no-cache"
        ],
        "Location": [
          "https://management.azure.com/subscriptions/dfa8d777-26f3-4e5e-be19-d6d5fa3176fc/operationresults/eyJqb2JJZCI6IlJFU09VUkNFR1JPVVBERUxFVElPTkpPQi1QUzUwOS1FQVNUVVMyRVVBUCIsImpvYkxvY2F0aW9uIjoiZWFzdHVzMmV1YXAifQ?api-version=2016-09-01&t=638634839355461186&c=MIIHhzCCBm-gAwIBAgITHgVqhF9GOoUjuyqQWAAABWqEXzANBgkqhkiG9w0BAQsFADBEMRMwEQYKCZImiZPyLGQBGRYDR0JMMRMwEQYKCZImiZPyLGQBGRYDQU1FMRgwFgYDVQQDEw9BTUUgSW5mcmEgQ0EgMDYwHhcNMjQwOTIwMjMxMTQxWhcNMjUwMzE5MjMxMTQxWjBAMT4wPAYDVQQDEzVhc3luY29wZXJhdGlvbnNpZ25pbmdjZXJ0aWZpY2F0ZS5tYW5hZ2VtZW50LmF6dXJlLmNvbTCCASIwDQYJKoZIhvcNAQEBBQADggEPADCCAQoCggEBAKRtcYDBXS7zz5tRtvVyhrUAjudYhej1E2D3dp6XWuPdbVMbQZwMlye8vdT-kDhFD7T2mrdWqsoGnTGk0_xOHBfLGnW-0QRUqpeoTNIhu8vc2CfTUtm2t2s_-fzvFtRyhDA4mfCH1cz92EVj0vd3FD4ikW6bdOp1NkYFqUVBhKlbvJk6y-TbLFBLP5Zx4m0Ua-_P7aMzbgvOJgMOTC2jLs5w_lFDJWeP3IKUOiJmrfLpf4ey5Ov94oCE6YncDBSHJZKWcrSxDHgSz9AXrxarL4HLajGbF3MRvfkMN2gNXCoiJXBEqCLDnyQZ0BgXIvuK7vG8Rj0TyhJNj-QPr8taY6UCAwEAAaOCBHQwggRwMCcGCSsGAQQBgjcVCgQaMBgwCgYIKwYBBQUHAwEwCgYIKwYBBQUHAwIwPQYJKwYBBAGCNxUHBDAwLgYmKwYBBAGCNxUIhpDjDYTVtHiE8Ys-hZvdFs6dEoFghfmRS4WsmTQCAWQCAQcwggHLBggrBgEFBQcBAQSCAb0wggG5MGMGCCsGAQUFBzAChldodHRwOi8vY3JsLm1pY3Jvc29mdC5jb20vcGtpaW5mcmEvQ2VydHMvQkwyUEtJSU5UQ0EwMi5BTUUuR0JMX0FNRSUyMEluZnJhJTIwQ0ElMjAwNi5jcnQwUwYIKwYBBQUHMAKGR2h0dHA6Ly9jcmwxLmFtZS5nYmwvYWlhL0JMMlBLSUlOVENBMDIuQU1FLkdCTF9BTUUlMjBJbmZyYSUyMENBJTIwMDYuY3J0MFMGCCsGAQUFBzAChkdodHRwOi8vY3JsMi5hbWUuZ2JsL2FpYS9CTDJQS0lJTlRDQTAyLkFNRS5HQkxfQU1FJTIwSW5mcmElMjBDQSUyMDA2LmNydDBTBggrBgEFBQcwAoZHaHR0cDovL2NybDMuYW1lLmdibC9haWEvQkwyUEtJSU5UQ0EwMi5BTUUuR0JMX0FNRSUyMEluZnJhJTIwQ0ElMjAwNi5jcnQwUwYIKwYBBQUHMAKGR2h0dHA6Ly9jcmw0LmFtZS5nYmwvYWlhL0JMMlBLSUlOVENBMDIuQU1FLkdCTF9BTUUlMjBJbmZyYSUyMENBJTIwMDYuY3J0MB0GA1UdDgQWBBRKlJQpFyyZKSchkTlshetYOUX7xzAOBgNVHQ8BAf8EBAMCBaAwggEmBgNVHR8EggEdMIIBGTCCARWgggERoIIBDYY_aHR0cDovL2NybC5taWNyb3NvZnQuY29tL3BraWluZnJhL0NSTC9BTUUlMjBJbmZyYSUyMENBJTIwMDYuY3JshjFodHRwOi8vY3JsMS5hbWUuZ2JsL2NybC9BTUUlMjBJbmZyYSUyMENBJTIwMDYuY3JshjFodHRwOi8vY3JsMi5hbWUuZ2JsL2NybC9BTUUlMjBJbmZyYSUyMENBJTIwMDYuY3JshjFodHRwOi8vY3JsMy5hbWUuZ2JsL2NybC9BTUUlMjBJbmZyYSUyMENBJTIwMDYuY3JshjFodHRwOi8vY3JsNC5hbWUuZ2JsL2NybC9BTUUlMjBJbmZyYSUyMENBJTIwMDYuY3JsMIGdBgNVHSAEgZUwgZIwDAYKKwYBBAGCN3sBATBmBgorBgEEAYI3ewICMFgwVgYIKwYBBQUHAgIwSh5IADMAMwBlADAAMQA5ADIAMQAtADQAZAA2ADQALQA0AGYAOABjAC0AYQAwADUANQAtADUAYgBkAGEAZgBmAGQANQBlADMAMwBkMAwGCisGAQQBgjd7AwEwDAYKKwYBBAGCN3sEAjAfBgNVHSMEGDAWgBTxRmjG8cPwKy19i2rhsvm-NfzRQTAdBgNVHSUEFjAUBggrBgEFBQcDAQYIKwYBBQUHAwIwDQYJKoZIhvcNAQELBQADggEBAG0WbzLPsmSSMI7aTe2npixmkdCmwcdZHGd43tUnB8JKrLNJEFcBsQmbcIH0adpnQNrDgRkNBBOTZ4s1LIBlRQapZpPsRItAMUguVpGVRH08T0i43w9xrp_clNbAJrrfRbmYroF0WJKMJ0nwW2rPjxdevSRygGK_nEfywwFi-p1RhHnkiEGL4GnP7PpQcRvAYMdH9LO5MRY7iLbBmosKatS_eWtSJD1CvzglNwy_vQzx81Vnk0CgndqXcVq-loGu7R4U7mkQ2NNqLbp447STxkpP-6Mdyv8J4bdnf1s3vFBNpgvJWKogWcNLlo8jnkbEf6RPNGe1W5lma7JwMKAcPzY&s=jtyg62kqVnZfFe6YWN_bMm-fEc3wYmnWNIDK7Xg3uRDhD_4gZu06ZL774VcFFWVrpRTURZgvp0SrAgmm41QZ8YaYJAKIior7bfKn9ocsFLb93jcpSHFp69DRsDtRfbOFHK7i5qlHXmqUT3lpQAOT03cY7hmibQU9ezSS7kNrmabYrFixW0tByAwlRBQMvNJ1q89gjAPZ4agL4yxOzDeC72ie5qZT8hTehnshO61vThzlYfBv9UQGc6aT-M01EpuwBbprXgxmCNvmr3dUOuF8RKliPNKIrNlHd0evFVa8WNgbo0HnFV5wgt-20pB1kwH7gCjok8uXsrC7jfGLe67Gcg&h=pOQDvLC5nXCAi6pAkc09ukFFgvO8sYFHJYaVtch3vso"
        ],
        "Retry-After": [
          "15"
        ],
        "x-ms-ratelimit-remaining-subscription-deletes": [
          "14999"
        ],
        "x-ms-request-id": [
          "5b2b554c-1f6c-4222-9272-ac4c0ce77dfa"
        ],
        "x-ms-correlation-request-id": [
          "5b2b554c-1f6c-4222-9272-ac4c0ce77dfa"
        ],
        "x-ms-routing-request-id": [
          "EASTUS:20241002T163855Z:5b2b554c-1f6c-4222-9272-ac4c0ce77dfa"
        ],
        "Strict-Transport-Security": [
          "max-age=31536000; includeSubDomains"
        ],
        "X-Content-Type-Options": [
          "nosniff"
        ],
        "X-Cache": [
          "CONFIG_NOCACHE"
        ],
        "X-MSEdge-Ref": [
          "Ref A: F7A3F7776E3C4CDFBFB35D02BAE34CAA Ref B: MNZ221060608049 Ref C: 2024-10-02T16:38:55Z"
        ],
        "Date": [
          "Wed, 02 Oct 2024 16:38:55 GMT"
        ],
        "Expires": [
          "-1"
        ],
        "Content-Length": [
          "0"
        ]
      },
      "ResponseBody": "",
      "StatusCode": 202
    },
    {
      "RequestUri": "/subscriptions/dfa8d777-26f3-4e5e-be19-d6d5fa3176fc/operationresults/eyJqb2JJZCI6IlJFU09VUkNFR1JPVVBERUxFVElPTkpPQi1QUzUwOS1FQVNUVVMyRVVBUCIsImpvYkxvY2F0aW9uIjoiZWFzdHVzMmV1YXAifQ?api-version=2016-09-01&t=638634839355461186&c=MIIHhzCCBm-gAwIBAgITHgVqhF9GOoUjuyqQWAAABWqEXzANBgkqhkiG9w0BAQsFADBEMRMwEQYKCZImiZPyLGQBGRYDR0JMMRMwEQYKCZImiZPyLGQBGRYDQU1FMRgwFgYDVQQDEw9BTUUgSW5mcmEgQ0EgMDYwHhcNMjQwOTIwMjMxMTQxWhcNMjUwMzE5MjMxMTQxWjBAMT4wPAYDVQQDEzVhc3luY29wZXJhdGlvbnNpZ25pbmdjZXJ0aWZpY2F0ZS5tYW5hZ2VtZW50LmF6dXJlLmNvbTCCASIwDQYJKoZIhvcNAQEBBQADggEPADCCAQoCggEBAKRtcYDBXS7zz5tRtvVyhrUAjudYhej1E2D3dp6XWuPdbVMbQZwMlye8vdT-kDhFD7T2mrdWqsoGnTGk0_xOHBfLGnW-0QRUqpeoTNIhu8vc2CfTUtm2t2s_-fzvFtRyhDA4mfCH1cz92EVj0vd3FD4ikW6bdOp1NkYFqUVBhKlbvJk6y-TbLFBLP5Zx4m0Ua-_P7aMzbgvOJgMOTC2jLs5w_lFDJWeP3IKUOiJmrfLpf4ey5Ov94oCE6YncDBSHJZKWcrSxDHgSz9AXrxarL4HLajGbF3MRvfkMN2gNXCoiJXBEqCLDnyQZ0BgXIvuK7vG8Rj0TyhJNj-QPr8taY6UCAwEAAaOCBHQwggRwMCcGCSsGAQQBgjcVCgQaMBgwCgYIKwYBBQUHAwEwCgYIKwYBBQUHAwIwPQYJKwYBBAGCNxUHBDAwLgYmKwYBBAGCNxUIhpDjDYTVtHiE8Ys-hZvdFs6dEoFghfmRS4WsmTQCAWQCAQcwggHLBggrBgEFBQcBAQSCAb0wggG5MGMGCCsGAQUFBzAChldodHRwOi8vY3JsLm1pY3Jvc29mdC5jb20vcGtpaW5mcmEvQ2VydHMvQkwyUEtJSU5UQ0EwMi5BTUUuR0JMX0FNRSUyMEluZnJhJTIwQ0ElMjAwNi5jcnQwUwYIKwYBBQUHMAKGR2h0dHA6Ly9jcmwxLmFtZS5nYmwvYWlhL0JMMlBLSUlOVENBMDIuQU1FLkdCTF9BTUUlMjBJbmZyYSUyMENBJTIwMDYuY3J0MFMGCCsGAQUFBzAChkdodHRwOi8vY3JsMi5hbWUuZ2JsL2FpYS9CTDJQS0lJTlRDQTAyLkFNRS5HQkxfQU1FJTIwSW5mcmElMjBDQSUyMDA2LmNydDBTBggrBgEFBQcwAoZHaHR0cDovL2NybDMuYW1lLmdibC9haWEvQkwyUEtJSU5UQ0EwMi5BTUUuR0JMX0FNRSUyMEluZnJhJTIwQ0ElMjAwNi5jcnQwUwYIKwYBBQUHMAKGR2h0dHA6Ly9jcmw0LmFtZS5nYmwvYWlhL0JMMlBLSUlOVENBMDIuQU1FLkdCTF9BTUUlMjBJbmZyYSUyMENBJTIwMDYuY3J0MB0GA1UdDgQWBBRKlJQpFyyZKSchkTlshetYOUX7xzAOBgNVHQ8BAf8EBAMCBaAwggEmBgNVHR8EggEdMIIBGTCCARWgggERoIIBDYY_aHR0cDovL2NybC5taWNyb3NvZnQuY29tL3BraWluZnJhL0NSTC9BTUUlMjBJbmZyYSUyMENBJTIwMDYuY3JshjFodHRwOi8vY3JsMS5hbWUuZ2JsL2NybC9BTUUlMjBJbmZyYSUyMENBJTIwMDYuY3JshjFodHRwOi8vY3JsMi5hbWUuZ2JsL2NybC9BTUUlMjBJbmZyYSUyMENBJTIwMDYuY3JshjFodHRwOi8vY3JsMy5hbWUuZ2JsL2NybC9BTUUlMjBJbmZyYSUyMENBJTIwMDYuY3JshjFodHRwOi8vY3JsNC5hbWUuZ2JsL2NybC9BTUUlMjBJbmZyYSUyMENBJTIwMDYuY3JsMIGdBgNVHSAEgZUwgZIwDAYKKwYBBAGCN3sBATBmBgorBgEEAYI3ewICMFgwVgYIKwYBBQUHAgIwSh5IADMAMwBlADAAMQA5ADIAMQAtADQAZAA2ADQALQA0AGYAOABjAC0AYQAwADUANQAtADUAYgBkAGEAZgBmAGQANQBlADMAMwBkMAwGCisGAQQBgjd7AwEwDAYKKwYBBAGCN3sEAjAfBgNVHSMEGDAWgBTxRmjG8cPwKy19i2rhsvm-NfzRQTAdBgNVHSUEFjAUBggrBgEFBQcDAQYIKwYBBQUHAwIwDQYJKoZIhvcNAQELBQADggEBAG0WbzLPsmSSMI7aTe2npixmkdCmwcdZHGd43tUnB8JKrLNJEFcBsQmbcIH0adpnQNrDgRkNBBOTZ4s1LIBlRQapZpPsRItAMUguVpGVRH08T0i43w9xrp_clNbAJrrfRbmYroF0WJKMJ0nwW2rPjxdevSRygGK_nEfywwFi-p1RhHnkiEGL4GnP7PpQcRvAYMdH9LO5MRY7iLbBmosKatS_eWtSJD1CvzglNwy_vQzx81Vnk0CgndqXcVq-loGu7R4U7mkQ2NNqLbp447STxkpP-6Mdyv8J4bdnf1s3vFBNpgvJWKogWcNLlo8jnkbEf6RPNGe1W5lma7JwMKAcPzY&s=jtyg62kqVnZfFe6YWN_bMm-fEc3wYmnWNIDK7Xg3uRDhD_4gZu06ZL774VcFFWVrpRTURZgvp0SrAgmm41QZ8YaYJAKIior7bfKn9ocsFLb93jcpSHFp69DRsDtRfbOFHK7i5qlHXmqUT3lpQAOT03cY7hmibQU9ezSS7kNrmabYrFixW0tByAwlRBQMvNJ1q89gjAPZ4agL4yxOzDeC72ie5qZT8hTehnshO61vThzlYfBv9UQGc6aT-M01EpuwBbprXgxmCNvmr3dUOuF8RKliPNKIrNlHd0evFVa8WNgbo0HnFV5wgt-20pB1kwH7gCjok8uXsrC7jfGLe67Gcg&h=pOQDvLC5nXCAi6pAkc09ukFFgvO8sYFHJYaVtch3vso",
      "EncodedRequestUri": "L3N1YnNjcmlwdGlvbnMvZGZhOGQ3NzctMjZmMy00ZTVlLWJlMTktZDZkNWZhMzE3NmZjL29wZXJhdGlvbnJlc3VsdHMvZXlKcWIySkpaQ0k2SWxKRlUwOVZVa05GUjFKUFZWQkVSVXhGVkVsUFRrcFBRaTFRVXpVd09TMUZRVk5VVlZNeVJWVkJVQ0lzSW1wdllreHZZMkYwYVc5dUlqb2laV0Z6ZEhWek1tVjFZWEFpZlE/YXBpLXZlcnNpb249MjAxNi0wOS0wMSZ0PTYzODYzNDgzOTM1NTQ2MTE4NiZjPU1JSUhoekNDQm0tZ0F3SUJBZ0lUSGdWcWhGOUdPb1VqdXlxUVdBQUFCV3FFWHpBTkJna3Foa2lHOXcwQkFRc0ZBREJFTVJNd0VRWUtDWkltaVpQeUxHUUJHUllEUjBKTU1STXdFUVlLQ1pJbWlaUHlMR1FCR1JZRFFVMUZNUmd3RmdZRFZRUURFdzlCVFVVZ1NXNW1jbUVnUTBFZ01EWXdIaGNOTWpRd09USXdNak14TVRReFdoY05NalV3TXpFNU1qTXhNVFF4V2pCQU1UNHdQQVlEVlFRREV6VmhjM2x1WTI5d1pYSmhkR2x2Ym5OcFoyNXBibWRqWlhKMGFXWnBZMkYwWlM1dFlXNWhaMlZ0Wlc1MExtRjZkWEpsTG1OdmJUQ0NBU0l3RFFZSktvWklodmNOQVFFQkJRQURnZ0VQQURDQ0FRb0NnZ0VCQUtSdGNZREJYUzd6ejV0UnR2VnloclVBanVkWWhlajFFMkQzZHA2WFd1UGRiVk1iUVp3TWx5ZTh2ZFQta0RoRkQ3VDJtcmRXcXNvR25UR2swX3hPSEJmTEduVy0wUVJVcXBlb1ROSWh1OHZjMkNmVFV0bTJ0MnNfLWZ6dkZ0UnloREE0bWZDSDFjejkyRVZqMHZkM0ZENGlrVzZiZE9wMU5rWUZxVVZCaEtsYnZKazZ5LVRiTEZCTFA1Wng0bTBVYS1fUDdhTXpiZ3ZPSmdNT1RDMmpMczV3X2xGREpXZVAzSUtVT2lKbXJmTHBmNGV5NU92OTRvQ0U2WW5jREJTSEpaS1djclN4REhnU3o5QVhyeGFyTDRITGFqR2JGM01SdmZrTU4yZ05YQ29pSlhCRXFDTERueVFaMEJnWEl2dUs3dkc4UmowVHloSk5qLVFQcjh0YVk2VUNBd0VBQWFPQ0JIUXdnZ1J3TUNjR0NTc0dBUVFCZ2pjVkNnUWFNQmd3Q2dZSUt3WUJCUVVIQXdFd0NnWUlLd1lCQlFVSEF3SXdQUVlKS3dZQkJBR0NOeFVIQkRBd0xnWW1Ld1lCQkFHQ054VUlocERqRFlUVnRIaUU4WXMtaFp2ZEZzNmRFb0ZnaGZtUlM0V3NtVFFDQVdRQ0FRY3dnZ0hMQmdnckJnRUZCUWNCQVFTQ0FiMHdnZ0c1TUdNR0NDc0dBUVVGQnpBQ2hsZG9kSFJ3T2k4dlkzSnNMbTFwWTNKdmMyOW1kQzVqYjIwdmNHdHBhVzVtY21FdlEyVnlkSE12UWt3eVVFdEpTVTVVUTBFd01pNUJUVVV1UjBKTVgwRk5SU1V5TUVsdVpuSmhKVEl3UTBFbE1qQXdOaTVqY25Rd1V3WUlLd1lCQlFVSE1BS0dSMmgwZEhBNkx5OWpjbXd4TG1GdFpTNW5ZbXd2WVdsaEwwSk1NbEJMU1VsT1ZFTkJNREl1UVUxRkxrZENURjlCVFVVbE1qQkpibVp5WVNVeU1FTkJKVEl3TURZdVkzSjBNRk1HQ0NzR0FRVUZCekFDaGtkb2RIUndPaTh2WTNKc01pNWhiV1V1WjJKc0wyRnBZUzlDVERKUVMwbEpUbFJEUVRBeUxrRk5SUzVIUWt4ZlFVMUZKVEl3U1c1bWNtRWxNakJEUVNVeU1EQTJMbU55ZERCVEJnZ3JCZ0VGQlFjd0FvWkhhSFIwY0RvdkwyTnliRE11WVcxbExtZGliQzloYVdFdlFrd3lVRXRKU1U1VVEwRXdNaTVCVFVVdVIwSk1YMEZOUlNVeU1FbHVabkpoSlRJd1EwRWxNakF3Tmk1amNuUXdVd1lJS3dZQkJRVUhNQUtHUjJoMGRIQTZMeTlqY213MExtRnRaUzVuWW13dllXbGhMMEpNTWxCTFNVbE9WRU5CTURJdVFVMUZMa2RDVEY5QlRVVWxNakJKYm1aeVlTVXlNRU5CSlRJd01EWXVZM0owTUIwR0ExVWREZ1FXQkJSS2xKUXBGeXlaS1NjaGtUbHNoZXRZT1VYN3h6QU9CZ05WSFE4QkFmOEVCQU1DQmFBd2dnRW1CZ05WSFI4RWdnRWRNSUlCR1RDQ0FSV2dnZ0VSb0lJQkRZWV9hSFIwY0RvdkwyTnliQzV0YVdOeWIzTnZablF1WTI5dEwzQnJhV2x1Wm5KaEwwTlNUQzlCVFVVbE1qQkpibVp5WVNVeU1FTkJKVEl3TURZdVkzSnNoakZvZEhSd09pOHZZM0pzTVM1aGJXVXVaMkpzTDJOeWJDOUJUVVVsTWpCSmJtWnlZU1V5TUVOQkpUSXdNRFl1WTNKc2hqRm9kSFJ3T2k4dlkzSnNNaTVoYldVdVoySnNMMk55YkM5QlRVVWxNakJKYm1aeVlTVXlNRU5CSlRJd01EWXVZM0pzaGpGb2RIUndPaTh2WTNKc015NWhiV1V1WjJKc0wyTnliQzlCVFVVbE1qQkpibVp5WVNVeU1FTkJKVEl3TURZdVkzSnNoakZvZEhSd09pOHZZM0pzTkM1aGJXVXVaMkpzTDJOeWJDOUJUVVVsTWpCSmJtWnlZU1V5TUVOQkpUSXdNRFl1WTNKc01JR2RCZ05WSFNBRWdaVXdnWkl3REFZS0t3WUJCQUdDTjNzQkFUQm1CZ29yQmdFRUFZSTNld0lDTUZnd1ZnWUlLd1lCQlFVSEFnSXdTaDVJQURNQU13QmxBREFBTVFBNUFESUFNUUF0QURRQVpBQTJBRFFBTFFBMEFHWUFPQUJqQUMwQVlRQXdBRFVBTlFBdEFEVUFZZ0JrQUdFQVpnQm1BR1FBTlFCbEFETUFNd0JrTUF3R0Npc0dBUVFCZ2pkN0F3RXdEQVlLS3dZQkJBR0NOM3NFQWpBZkJnTlZIU01FR0RBV2dCVHhSbWpHOGNQd0t5MTlpMnJoc3ZtLU5melJRVEFkQmdOVkhTVUVGakFVQmdnckJnRUZCUWNEQVFZSUt3WUJCUVVIQXdJd0RRWUpLb1pJaHZjTkFRRUxCUUFEZ2dFQkFHMFdiekxQc21TU01JN2FUZTJucGl4bWtkQ213Y2RaSEdkNDN0VW5COEpLckxOSkVGY0JzUW1iY0lIMGFkcG5RTnJEZ1JrTkJCT1RaNHMxTElCbFJRYXBacFBzUkl0QU1VZ3VWcEdWUkgwOFQwaTQzdzl4cnBfY2xOYkFKcnJmUmJtWXJvRjBXSktNSjBud1cyclBqeGRldlNSeWdHS19uRWZ5d3dGaS1wMVJoSG5raUVHTDRHblA3UHBRY1J2QVlNZEg5TE81TVJZN2lMYkJtb3NLYXRTX2VXdFNKRDFDdnpnbE53eV92UXp4ODFWbmswQ2duZHFYY1ZxLWxvR3U3UjRVN21rUTJOTnFMYnA0NDdTVHhrcFAtNk1keXY4SjRiZG5mMXMzdkZCTnBndkpXS29nV2NOTGxvOGpua2JFZjZSUE5HZTFXNWxtYTdKd01LQWNQelkmcz1qdHlnNjJrcVZuWmZGZTZZV05fYk1tLWZFYzN3WW1uV05JREs3WGczdVJEaERfNGdadTA2Wkw3NzRWY0ZGV1ZycFJUVVJaZ3ZwMFNyQWdtbTQxUVo4WWFZSkFLSWlvcjdiZktuOW9jc0ZMYjkzamNwU0hGcDY5RFJzRHRSZmJPRkhLN2k1cWxIWG1xVVQzbHBRQU9UMDNjWTdobWliUVU5ZXpTUzdrTnJtYWJZckZpeFcwdEJ5QXdsUkJRTXZOSjFxODlnakFQWjRhZ0w0eXhPekRlQzcyaWU1cVpUOGhUZWhuc2hPNjF2VGh6bFlmQnY5VVFHYzZhVC1NMDFFcHV3QmJwclhneG1DTnZtcjNkVU91RjhSS2xpUE5LSXJObEhkMGV2RlZhOFdOZ2JvMEhuRlY1d2d0LTIwcEIxa3dIN2dDam9rOHVYc3JDN2pmR0xlNjdHY2cmaD1wT1FEdkxDNW5YQ0FpNnBBa2MwOXVrRkZndk84c1lGSEpZYVZ0Y2gzdnNv",
      "RequestMethod": "GET",
      "RequestHeaders": {
        "User-Agent": [
          "FxVersion/6.0.3324.36610",
          "OSName/Windows",
          "OSVersion/Microsoft.Windows.10.0.26100",
          "Microsoft.Azure.Management.Internal.Resources.ResourceManagementClient/1.3.101"
        ]
      },
      "RequestBody": "",
      "ResponseHeaders": {
        "Cache-Control": [
          "no-cache"
        ],
        "Pragma": [
          "no-cache"
        ],
        "Location": [
          "https://management.azure.com/subscriptions/dfa8d777-26f3-4e5e-be19-d6d5fa3176fc/operationresults/eyJqb2JJZCI6IlJFU09VUkNFR1JPVVBERUxFVElPTkpPQi1QUzUwOS1FQVNUVVMyRVVBUCIsImpvYkxvY2F0aW9uIjoiZWFzdHVzMmV1YXAifQ?api-version=2016-09-01&t=638634839506849042&c=MIIHhzCCBm-gAwIBAgITHgVqhF9GOoUjuyqQWAAABWqEXzANBgkqhkiG9w0BAQsFADBEMRMwEQYKCZImiZPyLGQBGRYDR0JMMRMwEQYKCZImiZPyLGQBGRYDQU1FMRgwFgYDVQQDEw9BTUUgSW5mcmEgQ0EgMDYwHhcNMjQwOTIwMjMxMTQxWhcNMjUwMzE5MjMxMTQxWjBAMT4wPAYDVQQDEzVhc3luY29wZXJhdGlvbnNpZ25pbmdjZXJ0aWZpY2F0ZS5tYW5hZ2VtZW50LmF6dXJlLmNvbTCCASIwDQYJKoZIhvcNAQEBBQADggEPADCCAQoCggEBAKRtcYDBXS7zz5tRtvVyhrUAjudYhej1E2D3dp6XWuPdbVMbQZwMlye8vdT-kDhFD7T2mrdWqsoGnTGk0_xOHBfLGnW-0QRUqpeoTNIhu8vc2CfTUtm2t2s_-fzvFtRyhDA4mfCH1cz92EVj0vd3FD4ikW6bdOp1NkYFqUVBhKlbvJk6y-TbLFBLP5Zx4m0Ua-_P7aMzbgvOJgMOTC2jLs5w_lFDJWeP3IKUOiJmrfLpf4ey5Ov94oCE6YncDBSHJZKWcrSxDHgSz9AXrxarL4HLajGbF3MRvfkMN2gNXCoiJXBEqCLDnyQZ0BgXIvuK7vG8Rj0TyhJNj-QPr8taY6UCAwEAAaOCBHQwggRwMCcGCSsGAQQBgjcVCgQaMBgwCgYIKwYBBQUHAwEwCgYIKwYBBQUHAwIwPQYJKwYBBAGCNxUHBDAwLgYmKwYBBAGCNxUIhpDjDYTVtHiE8Ys-hZvdFs6dEoFghfmRS4WsmTQCAWQCAQcwggHLBggrBgEFBQcBAQSCAb0wggG5MGMGCCsGAQUFBzAChldodHRwOi8vY3JsLm1pY3Jvc29mdC5jb20vcGtpaW5mcmEvQ2VydHMvQkwyUEtJSU5UQ0EwMi5BTUUuR0JMX0FNRSUyMEluZnJhJTIwQ0ElMjAwNi5jcnQwUwYIKwYBBQUHMAKGR2h0dHA6Ly9jcmwxLmFtZS5nYmwvYWlhL0JMMlBLSUlOVENBMDIuQU1FLkdCTF9BTUUlMjBJbmZyYSUyMENBJTIwMDYuY3J0MFMGCCsGAQUFBzAChkdodHRwOi8vY3JsMi5hbWUuZ2JsL2FpYS9CTDJQS0lJTlRDQTAyLkFNRS5HQkxfQU1FJTIwSW5mcmElMjBDQSUyMDA2LmNydDBTBggrBgEFBQcwAoZHaHR0cDovL2NybDMuYW1lLmdibC9haWEvQkwyUEtJSU5UQ0EwMi5BTUUuR0JMX0FNRSUyMEluZnJhJTIwQ0ElMjAwNi5jcnQwUwYIKwYBBQUHMAKGR2h0dHA6Ly9jcmw0LmFtZS5nYmwvYWlhL0JMMlBLSUlOVENBMDIuQU1FLkdCTF9BTUUlMjBJbmZyYSUyMENBJTIwMDYuY3J0MB0GA1UdDgQWBBRKlJQpFyyZKSchkTlshetYOUX7xzAOBgNVHQ8BAf8EBAMCBaAwggEmBgNVHR8EggEdMIIBGTCCARWgggERoIIBDYY_aHR0cDovL2NybC5taWNyb3NvZnQuY29tL3BraWluZnJhL0NSTC9BTUUlMjBJbmZyYSUyMENBJTIwMDYuY3JshjFodHRwOi8vY3JsMS5hbWUuZ2JsL2NybC9BTUUlMjBJbmZyYSUyMENBJTIwMDYuY3JshjFodHRwOi8vY3JsMi5hbWUuZ2JsL2NybC9BTUUlMjBJbmZyYSUyMENBJTIwMDYuY3JshjFodHRwOi8vY3JsMy5hbWUuZ2JsL2NybC9BTUUlMjBJbmZyYSUyMENBJTIwMDYuY3JshjFodHRwOi8vY3JsNC5hbWUuZ2JsL2NybC9BTUUlMjBJbmZyYSUyMENBJTIwMDYuY3JsMIGdBgNVHSAEgZUwgZIwDAYKKwYBBAGCN3sBATBmBgorBgEEAYI3ewICMFgwVgYIKwYBBQUHAgIwSh5IADMAMwBlADAAMQA5ADIAMQAtADQAZAA2ADQALQA0AGYAOABjAC0AYQAwADUANQAtADUAYgBkAGEAZgBmAGQANQBlADMAMwBkMAwGCisGAQQBgjd7AwEwDAYKKwYBBAGCN3sEAjAfBgNVHSMEGDAWgBTxRmjG8cPwKy19i2rhsvm-NfzRQTAdBgNVHSUEFjAUBggrBgEFBQcDAQYIKwYBBQUHAwIwDQYJKoZIhvcNAQELBQADggEBAG0WbzLPsmSSMI7aTe2npixmkdCmwcdZHGd43tUnB8JKrLNJEFcBsQmbcIH0adpnQNrDgRkNBBOTZ4s1LIBlRQapZpPsRItAMUguVpGVRH08T0i43w9xrp_clNbAJrrfRbmYroF0WJKMJ0nwW2rPjxdevSRygGK_nEfywwFi-p1RhHnkiEGL4GnP7PpQcRvAYMdH9LO5MRY7iLbBmosKatS_eWtSJD1CvzglNwy_vQzx81Vnk0CgndqXcVq-loGu7R4U7mkQ2NNqLbp447STxkpP-6Mdyv8J4bdnf1s3vFBNpgvJWKogWcNLlo8jnkbEf6RPNGe1W5lma7JwMKAcPzY&s=MEGpaS_8T_3L40JtDE1dIOc_Qf05Piji5RYLhMREnpq3RNjDrwswf1xo9OOmiLe6XkPFXH9i9kdADZA_gYgDw3bsG0b1-oBKfuFIBnAqcKRJYNOb1yRpIKL2MO70KhbNVUIylTpAnQEsR1FQJn66wXx28h8cAa8cFkRT3n6Ng08eTynHAnBH0iB4diVc9V9mYA4lOsxNDMqetW6-3QD3pS467GhUv6j2QhFgR2nTETF_3C-LsC4rYd0Fg25ttnLtvjNSeq0KdzJbVtjLld1g3BkV5U8ofzwizcaaihwe4rJh4zuheILnQpDzmGyY4s2HMmu6PppmxfhOpuLIzqnZAQ&h=i4pvODqpKx1s0DW4dDjIybVn2kmL48jthO_CSonn7OI"
        ],
        "Retry-After": [
          "15"
        ],
        "x-ms-ratelimit-remaining-subscription-reads": [
          "11999"
        ],
        "x-ms-request-id": [
          "8f461ecd-6ffd-4068-bb03-b505fac2d773"
        ],
        "x-ms-correlation-request-id": [
          "8f461ecd-6ffd-4068-bb03-b505fac2d773"
        ],
        "x-ms-routing-request-id": [
          "EASTUS:20241002T163910Z:8f461ecd-6ffd-4068-bb03-b505fac2d773"
        ],
        "Strict-Transport-Security": [
          "max-age=31536000; includeSubDomains"
        ],
        "X-Content-Type-Options": [
          "nosniff"
        ],
        "X-Cache": [
          "CONFIG_NOCACHE"
        ],
        "X-MSEdge-Ref": [
          "Ref A: 84F9EA584F01439A9BB09A5D99A0DD0F Ref B: MNZ221060608049 Ref C: 2024-10-02T16:39:10Z"
        ],
        "Date": [
          "Wed, 02 Oct 2024 16:39:10 GMT"
        ],
        "Expires": [
          "-1"
        ],
        "Content-Length": [
          "0"
        ]
      },
      "ResponseBody": "",
      "StatusCode": 202
    },
    {
      "RequestUri": "/subscriptions/dfa8d777-26f3-4e5e-be19-d6d5fa3176fc/operationresults/eyJqb2JJZCI6IlJFU09VUkNFR1JPVVBERUxFVElPTkpPQi1QUzUwOS1FQVNUVVMyRVVBUCIsImpvYkxvY2F0aW9uIjoiZWFzdHVzMmV1YXAifQ?api-version=2016-09-01&t=638634839506849042&c=MIIHhzCCBm-gAwIBAgITHgVqhF9GOoUjuyqQWAAABWqEXzANBgkqhkiG9w0BAQsFADBEMRMwEQYKCZImiZPyLGQBGRYDR0JMMRMwEQYKCZImiZPyLGQBGRYDQU1FMRgwFgYDVQQDEw9BTUUgSW5mcmEgQ0EgMDYwHhcNMjQwOTIwMjMxMTQxWhcNMjUwMzE5MjMxMTQxWjBAMT4wPAYDVQQDEzVhc3luY29wZXJhdGlvbnNpZ25pbmdjZXJ0aWZpY2F0ZS5tYW5hZ2VtZW50LmF6dXJlLmNvbTCCASIwDQYJKoZIhvcNAQEBBQADggEPADCCAQoCggEBAKRtcYDBXS7zz5tRtvVyhrUAjudYhej1E2D3dp6XWuPdbVMbQZwMlye8vdT-kDhFD7T2mrdWqsoGnTGk0_xOHBfLGnW-0QRUqpeoTNIhu8vc2CfTUtm2t2s_-fzvFtRyhDA4mfCH1cz92EVj0vd3FD4ikW6bdOp1NkYFqUVBhKlbvJk6y-TbLFBLP5Zx4m0Ua-_P7aMzbgvOJgMOTC2jLs5w_lFDJWeP3IKUOiJmrfLpf4ey5Ov94oCE6YncDBSHJZKWcrSxDHgSz9AXrxarL4HLajGbF3MRvfkMN2gNXCoiJXBEqCLDnyQZ0BgXIvuK7vG8Rj0TyhJNj-QPr8taY6UCAwEAAaOCBHQwggRwMCcGCSsGAQQBgjcVCgQaMBgwCgYIKwYBBQUHAwEwCgYIKwYBBQUHAwIwPQYJKwYBBAGCNxUHBDAwLgYmKwYBBAGCNxUIhpDjDYTVtHiE8Ys-hZvdFs6dEoFghfmRS4WsmTQCAWQCAQcwggHLBggrBgEFBQcBAQSCAb0wggG5MGMGCCsGAQUFBzAChldodHRwOi8vY3JsLm1pY3Jvc29mdC5jb20vcGtpaW5mcmEvQ2VydHMvQkwyUEtJSU5UQ0EwMi5BTUUuR0JMX0FNRSUyMEluZnJhJTIwQ0ElMjAwNi5jcnQwUwYIKwYBBQUHMAKGR2h0dHA6Ly9jcmwxLmFtZS5nYmwvYWlhL0JMMlBLSUlOVENBMDIuQU1FLkdCTF9BTUUlMjBJbmZyYSUyMENBJTIwMDYuY3J0MFMGCCsGAQUFBzAChkdodHRwOi8vY3JsMi5hbWUuZ2JsL2FpYS9CTDJQS0lJTlRDQTAyLkFNRS5HQkxfQU1FJTIwSW5mcmElMjBDQSUyMDA2LmNydDBTBggrBgEFBQcwAoZHaHR0cDovL2NybDMuYW1lLmdibC9haWEvQkwyUEtJSU5UQ0EwMi5BTUUuR0JMX0FNRSUyMEluZnJhJTIwQ0ElMjAwNi5jcnQwUwYIKwYBBQUHMAKGR2h0dHA6Ly9jcmw0LmFtZS5nYmwvYWlhL0JMMlBLSUlOVENBMDIuQU1FLkdCTF9BTUUlMjBJbmZyYSUyMENBJTIwMDYuY3J0MB0GA1UdDgQWBBRKlJQpFyyZKSchkTlshetYOUX7xzAOBgNVHQ8BAf8EBAMCBaAwggEmBgNVHR8EggEdMIIBGTCCARWgggERoIIBDYY_aHR0cDovL2NybC5taWNyb3NvZnQuY29tL3BraWluZnJhL0NSTC9BTUUlMjBJbmZyYSUyMENBJTIwMDYuY3JshjFodHRwOi8vY3JsMS5hbWUuZ2JsL2NybC9BTUUlMjBJbmZyYSUyMENBJTIwMDYuY3JshjFodHRwOi8vY3JsMi5hbWUuZ2JsL2NybC9BTUUlMjBJbmZyYSUyMENBJTIwMDYuY3JshjFodHRwOi8vY3JsMy5hbWUuZ2JsL2NybC9BTUUlMjBJbmZyYSUyMENBJTIwMDYuY3JshjFodHRwOi8vY3JsNC5hbWUuZ2JsL2NybC9BTUUlMjBJbmZyYSUyMENBJTIwMDYuY3JsMIGdBgNVHSAEgZUwgZIwDAYKKwYBBAGCN3sBATBmBgorBgEEAYI3ewICMFgwVgYIKwYBBQUHAgIwSh5IADMAMwBlADAAMQA5ADIAMQAtADQAZAA2ADQALQA0AGYAOABjAC0AYQAwADUANQAtADUAYgBkAGEAZgBmAGQANQBlADMAMwBkMAwGCisGAQQBgjd7AwEwDAYKKwYBBAGCN3sEAjAfBgNVHSMEGDAWgBTxRmjG8cPwKy19i2rhsvm-NfzRQTAdBgNVHSUEFjAUBggrBgEFBQcDAQYIKwYBBQUHAwIwDQYJKoZIhvcNAQELBQADggEBAG0WbzLPsmSSMI7aTe2npixmkdCmwcdZHGd43tUnB8JKrLNJEFcBsQmbcIH0adpnQNrDgRkNBBOTZ4s1LIBlRQapZpPsRItAMUguVpGVRH08T0i43w9xrp_clNbAJrrfRbmYroF0WJKMJ0nwW2rPjxdevSRygGK_nEfywwFi-p1RhHnkiEGL4GnP7PpQcRvAYMdH9LO5MRY7iLbBmosKatS_eWtSJD1CvzglNwy_vQzx81Vnk0CgndqXcVq-loGu7R4U7mkQ2NNqLbp447STxkpP-6Mdyv8J4bdnf1s3vFBNpgvJWKogWcNLlo8jnkbEf6RPNGe1W5lma7JwMKAcPzY&s=MEGpaS_8T_3L40JtDE1dIOc_Qf05Piji5RYLhMREnpq3RNjDrwswf1xo9OOmiLe6XkPFXH9i9kdADZA_gYgDw3bsG0b1-oBKfuFIBnAqcKRJYNOb1yRpIKL2MO70KhbNVUIylTpAnQEsR1FQJn66wXx28h8cAa8cFkRT3n6Ng08eTynHAnBH0iB4diVc9V9mYA4lOsxNDMqetW6-3QD3pS467GhUv6j2QhFgR2nTETF_3C-LsC4rYd0Fg25ttnLtvjNSeq0KdzJbVtjLld1g3BkV5U8ofzwizcaaihwe4rJh4zuheILnQpDzmGyY4s2HMmu6PppmxfhOpuLIzqnZAQ&h=i4pvODqpKx1s0DW4dDjIybVn2kmL48jthO_CSonn7OI",
      "EncodedRequestUri": "L3N1YnNjcmlwdGlvbnMvZGZhOGQ3NzctMjZmMy00ZTVlLWJlMTktZDZkNWZhMzE3NmZjL29wZXJhdGlvbnJlc3VsdHMvZXlKcWIySkpaQ0k2SWxKRlUwOVZVa05GUjFKUFZWQkVSVXhGVkVsUFRrcFBRaTFRVXpVd09TMUZRVk5VVlZNeVJWVkJVQ0lzSW1wdllreHZZMkYwYVc5dUlqb2laV0Z6ZEhWek1tVjFZWEFpZlE/YXBpLXZlcnNpb249MjAxNi0wOS0wMSZ0PTYzODYzNDgzOTUwNjg0OTA0MiZjPU1JSUhoekNDQm0tZ0F3SUJBZ0lUSGdWcWhGOUdPb1VqdXlxUVdBQUFCV3FFWHpBTkJna3Foa2lHOXcwQkFRc0ZBREJFTVJNd0VRWUtDWkltaVpQeUxHUUJHUllEUjBKTU1STXdFUVlLQ1pJbWlaUHlMR1FCR1JZRFFVMUZNUmd3RmdZRFZRUURFdzlCVFVVZ1NXNW1jbUVnUTBFZ01EWXdIaGNOTWpRd09USXdNak14TVRReFdoY05NalV3TXpFNU1qTXhNVFF4V2pCQU1UNHdQQVlEVlFRREV6VmhjM2x1WTI5d1pYSmhkR2x2Ym5OcFoyNXBibWRqWlhKMGFXWnBZMkYwWlM1dFlXNWhaMlZ0Wlc1MExtRjZkWEpsTG1OdmJUQ0NBU0l3RFFZSktvWklodmNOQVFFQkJRQURnZ0VQQURDQ0FRb0NnZ0VCQUtSdGNZREJYUzd6ejV0UnR2VnloclVBanVkWWhlajFFMkQzZHA2WFd1UGRiVk1iUVp3TWx5ZTh2ZFQta0RoRkQ3VDJtcmRXcXNvR25UR2swX3hPSEJmTEduVy0wUVJVcXBlb1ROSWh1OHZjMkNmVFV0bTJ0MnNfLWZ6dkZ0UnloREE0bWZDSDFjejkyRVZqMHZkM0ZENGlrVzZiZE9wMU5rWUZxVVZCaEtsYnZKazZ5LVRiTEZCTFA1Wng0bTBVYS1fUDdhTXpiZ3ZPSmdNT1RDMmpMczV3X2xGREpXZVAzSUtVT2lKbXJmTHBmNGV5NU92OTRvQ0U2WW5jREJTSEpaS1djclN4REhnU3o5QVhyeGFyTDRITGFqR2JGM01SdmZrTU4yZ05YQ29pSlhCRXFDTERueVFaMEJnWEl2dUs3dkc4UmowVHloSk5qLVFQcjh0YVk2VUNBd0VBQWFPQ0JIUXdnZ1J3TUNjR0NTc0dBUVFCZ2pjVkNnUWFNQmd3Q2dZSUt3WUJCUVVIQXdFd0NnWUlLd1lCQlFVSEF3SXdQUVlKS3dZQkJBR0NOeFVIQkRBd0xnWW1Ld1lCQkFHQ054VUlocERqRFlUVnRIaUU4WXMtaFp2ZEZzNmRFb0ZnaGZtUlM0V3NtVFFDQVdRQ0FRY3dnZ0hMQmdnckJnRUZCUWNCQVFTQ0FiMHdnZ0c1TUdNR0NDc0dBUVVGQnpBQ2hsZG9kSFJ3T2k4dlkzSnNMbTFwWTNKdmMyOW1kQzVqYjIwdmNHdHBhVzVtY21FdlEyVnlkSE12UWt3eVVFdEpTVTVVUTBFd01pNUJUVVV1UjBKTVgwRk5SU1V5TUVsdVpuSmhKVEl3UTBFbE1qQXdOaTVqY25Rd1V3WUlLd1lCQlFVSE1BS0dSMmgwZEhBNkx5OWpjbXd4TG1GdFpTNW5ZbXd2WVdsaEwwSk1NbEJMU1VsT1ZFTkJNREl1UVUxRkxrZENURjlCVFVVbE1qQkpibVp5WVNVeU1FTkJKVEl3TURZdVkzSjBNRk1HQ0NzR0FRVUZCekFDaGtkb2RIUndPaTh2WTNKc01pNWhiV1V1WjJKc0wyRnBZUzlDVERKUVMwbEpUbFJEUVRBeUxrRk5SUzVIUWt4ZlFVMUZKVEl3U1c1bWNtRWxNakJEUVNVeU1EQTJMbU55ZERCVEJnZ3JCZ0VGQlFjd0FvWkhhSFIwY0RvdkwyTnliRE11WVcxbExtZGliQzloYVdFdlFrd3lVRXRKU1U1VVEwRXdNaTVCVFVVdVIwSk1YMEZOUlNVeU1FbHVabkpoSlRJd1EwRWxNakF3Tmk1amNuUXdVd1lJS3dZQkJRVUhNQUtHUjJoMGRIQTZMeTlqY213MExtRnRaUzVuWW13dllXbGhMMEpNTWxCTFNVbE9WRU5CTURJdVFVMUZMa2RDVEY5QlRVVWxNakJKYm1aeVlTVXlNRU5CSlRJd01EWXVZM0owTUIwR0ExVWREZ1FXQkJSS2xKUXBGeXlaS1NjaGtUbHNoZXRZT1VYN3h6QU9CZ05WSFE4QkFmOEVCQU1DQmFBd2dnRW1CZ05WSFI4RWdnRWRNSUlCR1RDQ0FSV2dnZ0VSb0lJQkRZWV9hSFIwY0RvdkwyTnliQzV0YVdOeWIzTnZablF1WTI5dEwzQnJhV2x1Wm5KaEwwTlNUQzlCVFVVbE1qQkpibVp5WVNVeU1FTkJKVEl3TURZdVkzSnNoakZvZEhSd09pOHZZM0pzTVM1aGJXVXVaMkpzTDJOeWJDOUJUVVVsTWpCSmJtWnlZU1V5TUVOQkpUSXdNRFl1WTNKc2hqRm9kSFJ3T2k4dlkzSnNNaTVoYldVdVoySnNMMk55YkM5QlRVVWxNakJKYm1aeVlTVXlNRU5CSlRJd01EWXVZM0pzaGpGb2RIUndPaTh2WTNKc015NWhiV1V1WjJKc0wyTnliQzlCVFVVbE1qQkpibVp5WVNVeU1FTkJKVEl3TURZdVkzSnNoakZvZEhSd09pOHZZM0pzTkM1aGJXVXVaMkpzTDJOeWJDOUJUVVVsTWpCSmJtWnlZU1V5TUVOQkpUSXdNRFl1WTNKc01JR2RCZ05WSFNBRWdaVXdnWkl3REFZS0t3WUJCQUdDTjNzQkFUQm1CZ29yQmdFRUFZSTNld0lDTUZnd1ZnWUlLd1lCQlFVSEFnSXdTaDVJQURNQU13QmxBREFBTVFBNUFESUFNUUF0QURRQVpBQTJBRFFBTFFBMEFHWUFPQUJqQUMwQVlRQXdBRFVBTlFBdEFEVUFZZ0JrQUdFQVpnQm1BR1FBTlFCbEFETUFNd0JrTUF3R0Npc0dBUVFCZ2pkN0F3RXdEQVlLS3dZQkJBR0NOM3NFQWpBZkJnTlZIU01FR0RBV2dCVHhSbWpHOGNQd0t5MTlpMnJoc3ZtLU5melJRVEFkQmdOVkhTVUVGakFVQmdnckJnRUZCUWNEQVFZSUt3WUJCUVVIQXdJd0RRWUpLb1pJaHZjTkFRRUxCUUFEZ2dFQkFHMFdiekxQc21TU01JN2FUZTJucGl4bWtkQ213Y2RaSEdkNDN0VW5COEpLckxOSkVGY0JzUW1iY0lIMGFkcG5RTnJEZ1JrTkJCT1RaNHMxTElCbFJRYXBacFBzUkl0QU1VZ3VWcEdWUkgwOFQwaTQzdzl4cnBfY2xOYkFKcnJmUmJtWXJvRjBXSktNSjBud1cyclBqeGRldlNSeWdHS19uRWZ5d3dGaS1wMVJoSG5raUVHTDRHblA3UHBRY1J2QVlNZEg5TE81TVJZN2lMYkJtb3NLYXRTX2VXdFNKRDFDdnpnbE53eV92UXp4ODFWbmswQ2duZHFYY1ZxLWxvR3U3UjRVN21rUTJOTnFMYnA0NDdTVHhrcFAtNk1keXY4SjRiZG5mMXMzdkZCTnBndkpXS29nV2NOTGxvOGpua2JFZjZSUE5HZTFXNWxtYTdKd01LQWNQelkmcz1NRUdwYVNfOFRfM0w0MEp0REUxZElPY19RZjA1UGlqaTVSWUxoTVJFbnBxM1JOakRyd3N3ZjF4bzlPT21pTGU2WGtQRlhIOWk5a2RBRFpBX2dZZ0R3M2JzRzBiMS1vQktmdUZJQm5BcWNLUkpZTk9iMXlScElLTDJNTzcwS2hiTlZVSXlsVHBBblFFc1IxRlFKbjY2d1h4MjhoOGNBYThjRmtSVDNuNk5nMDhlVHluSEFuQkgwaUI0ZGlWYzlWOW1ZQTRsT3N4TkRNcWV0VzYtM1FEM3BTNDY3R2hVdjZqMlFoRmdSMm5URVRGXzNDLUxzQzRyWWQwRmcyNXR0bkx0dmpOU2VxMEtkekpiVnRqTGxkMWczQmtWNVU4b2Z6d2l6Y2FhaWh3ZTRySmg0enVoZUlMblFwRHptR3lZNHMySE1tdTZQcHBteGZoT3B1TEl6cW5aQVEmaD1pNHB2T0RxcEt4MXMwRFc0ZERqSXliVm4ya21MNDhqdGhPX0NTb25uN09J",
      "RequestMethod": "GET",
      "RequestHeaders": {
        "User-Agent": [
          "FxVersion/6.0.3324.36610",
          "OSName/Windows",
          "OSVersion/Microsoft.Windows.10.0.26100",
          "Microsoft.Azure.Management.Internal.Resources.ResourceManagementClient/1.3.101"
        ]
      },
      "RequestBody": "",
      "ResponseHeaders": {
        "Cache-Control": [
          "no-cache"
        ],
        "Pragma": [
          "no-cache"
        ],
        "Location": [
          "https://management.azure.com/subscriptions/dfa8d777-26f3-4e5e-be19-d6d5fa3176fc/operationresults/eyJqb2JJZCI6IlJFU09VUkNFR1JPVVBERUxFVElPTkpPQi1QUzUwOS1FQVNUVVMyRVVBUCIsImpvYkxvY2F0aW9uIjoiZWFzdHVzMmV1YXAifQ?api-version=2016-09-01&t=638634839658211381&c=MIIHhzCCBm-gAwIBAgITHgVqhF9GOoUjuyqQWAAABWqEXzANBgkqhkiG9w0BAQsFADBEMRMwEQYKCZImiZPyLGQBGRYDR0JMMRMwEQYKCZImiZPyLGQBGRYDQU1FMRgwFgYDVQQDEw9BTUUgSW5mcmEgQ0EgMDYwHhcNMjQwOTIwMjMxMTQxWhcNMjUwMzE5MjMxMTQxWjBAMT4wPAYDVQQDEzVhc3luY29wZXJhdGlvbnNpZ25pbmdjZXJ0aWZpY2F0ZS5tYW5hZ2VtZW50LmF6dXJlLmNvbTCCASIwDQYJKoZIhvcNAQEBBQADggEPADCCAQoCggEBAKRtcYDBXS7zz5tRtvVyhrUAjudYhej1E2D3dp6XWuPdbVMbQZwMlye8vdT-kDhFD7T2mrdWqsoGnTGk0_xOHBfLGnW-0QRUqpeoTNIhu8vc2CfTUtm2t2s_-fzvFtRyhDA4mfCH1cz92EVj0vd3FD4ikW6bdOp1NkYFqUVBhKlbvJk6y-TbLFBLP5Zx4m0Ua-_P7aMzbgvOJgMOTC2jLs5w_lFDJWeP3IKUOiJmrfLpf4ey5Ov94oCE6YncDBSHJZKWcrSxDHgSz9AXrxarL4HLajGbF3MRvfkMN2gNXCoiJXBEqCLDnyQZ0BgXIvuK7vG8Rj0TyhJNj-QPr8taY6UCAwEAAaOCBHQwggRwMCcGCSsGAQQBgjcVCgQaMBgwCgYIKwYBBQUHAwEwCgYIKwYBBQUHAwIwPQYJKwYBBAGCNxUHBDAwLgYmKwYBBAGCNxUIhpDjDYTVtHiE8Ys-hZvdFs6dEoFghfmRS4WsmTQCAWQCAQcwggHLBggrBgEFBQcBAQSCAb0wggG5MGMGCCsGAQUFBzAChldodHRwOi8vY3JsLm1pY3Jvc29mdC5jb20vcGtpaW5mcmEvQ2VydHMvQkwyUEtJSU5UQ0EwMi5BTUUuR0JMX0FNRSUyMEluZnJhJTIwQ0ElMjAwNi5jcnQwUwYIKwYBBQUHMAKGR2h0dHA6Ly9jcmwxLmFtZS5nYmwvYWlhL0JMMlBLSUlOVENBMDIuQU1FLkdCTF9BTUUlMjBJbmZyYSUyMENBJTIwMDYuY3J0MFMGCCsGAQUFBzAChkdodHRwOi8vY3JsMi5hbWUuZ2JsL2FpYS9CTDJQS0lJTlRDQTAyLkFNRS5HQkxfQU1FJTIwSW5mcmElMjBDQSUyMDA2LmNydDBTBggrBgEFBQcwAoZHaHR0cDovL2NybDMuYW1lLmdibC9haWEvQkwyUEtJSU5UQ0EwMi5BTUUuR0JMX0FNRSUyMEluZnJhJTIwQ0ElMjAwNi5jcnQwUwYIKwYBBQUHMAKGR2h0dHA6Ly9jcmw0LmFtZS5nYmwvYWlhL0JMMlBLSUlOVENBMDIuQU1FLkdCTF9BTUUlMjBJbmZyYSUyMENBJTIwMDYuY3J0MB0GA1UdDgQWBBRKlJQpFyyZKSchkTlshetYOUX7xzAOBgNVHQ8BAf8EBAMCBaAwggEmBgNVHR8EggEdMIIBGTCCARWgggERoIIBDYY_aHR0cDovL2NybC5taWNyb3NvZnQuY29tL3BraWluZnJhL0NSTC9BTUUlMjBJbmZyYSUyMENBJTIwMDYuY3JshjFodHRwOi8vY3JsMS5hbWUuZ2JsL2NybC9BTUUlMjBJbmZyYSUyMENBJTIwMDYuY3JshjFodHRwOi8vY3JsMi5hbWUuZ2JsL2NybC9BTUUlMjBJbmZyYSUyMENBJTIwMDYuY3JshjFodHRwOi8vY3JsMy5hbWUuZ2JsL2NybC9BTUUlMjBJbmZyYSUyMENBJTIwMDYuY3JshjFodHRwOi8vY3JsNC5hbWUuZ2JsL2NybC9BTUUlMjBJbmZyYSUyMENBJTIwMDYuY3JsMIGdBgNVHSAEgZUwgZIwDAYKKwYBBAGCN3sBATBmBgorBgEEAYI3ewICMFgwVgYIKwYBBQUHAgIwSh5IADMAMwBlADAAMQA5ADIAMQAtADQAZAA2ADQALQA0AGYAOABjAC0AYQAwADUANQAtADUAYgBkAGEAZgBmAGQANQBlADMAMwBkMAwGCisGAQQBgjd7AwEwDAYKKwYBBAGCN3sEAjAfBgNVHSMEGDAWgBTxRmjG8cPwKy19i2rhsvm-NfzRQTAdBgNVHSUEFjAUBggrBgEFBQcDAQYIKwYBBQUHAwIwDQYJKoZIhvcNAQELBQADggEBAG0WbzLPsmSSMI7aTe2npixmkdCmwcdZHGd43tUnB8JKrLNJEFcBsQmbcIH0adpnQNrDgRkNBBOTZ4s1LIBlRQapZpPsRItAMUguVpGVRH08T0i43w9xrp_clNbAJrrfRbmYroF0WJKMJ0nwW2rPjxdevSRygGK_nEfywwFi-p1RhHnkiEGL4GnP7PpQcRvAYMdH9LO5MRY7iLbBmosKatS_eWtSJD1CvzglNwy_vQzx81Vnk0CgndqXcVq-loGu7R4U7mkQ2NNqLbp447STxkpP-6Mdyv8J4bdnf1s3vFBNpgvJWKogWcNLlo8jnkbEf6RPNGe1W5lma7JwMKAcPzY&s=fxD2hXMmQwCliyFOlcrAiHeNMTuSGkAQWUFr4gAsl1rXLHO_Y699NmSGjekXaSJGfPdRdjZjVYFgKyuvZw5A0jFQCN7jesULgV2za6vGngFlYQ9TRoURjMkzdNvIyFk9KOPbAdhuFwmfnj-Tb4Zy708ZlPq2QbbepWSaZW648EdIQulXjRiBVmu2iMjS9y-RJg7f-ZwwuFPcJ8lGcJMwMgB4mlobuad6A0vvMqkEBFHaxyLwGVF_DsMHUFN13eLUFN08fEoFZbV-YNLwjagoh9TX27GxOa3P4vwDeFuIhSjBx1vnSQ7yXVZhqISrNxcgmZh_1AWtlzKAlr-EyL2clg&h=lpELJyXS4xUrexT30JMY2eq6NWoXgI8WJR9YXVGgTH4"
        ],
        "Retry-After": [
          "15"
        ],
        "x-ms-ratelimit-remaining-subscription-reads": [
          "11999"
        ],
        "x-ms-request-id": [
          "69ce6d20-a1f7-4e94-9b72-d1fe0a43eddd"
        ],
        "x-ms-correlation-request-id": [
          "69ce6d20-a1f7-4e94-9b72-d1fe0a43eddd"
        ],
        "x-ms-routing-request-id": [
          "EASTUS:20241002T163925Z:69ce6d20-a1f7-4e94-9b72-d1fe0a43eddd"
        ],
        "Strict-Transport-Security": [
          "max-age=31536000; includeSubDomains"
        ],
        "X-Content-Type-Options": [
          "nosniff"
        ],
        "X-Cache": [
          "CONFIG_NOCACHE"
        ],
        "X-MSEdge-Ref": [
          "Ref A: 272EA60C8A064EA4973B20DB87446BD7 Ref B: MNZ221060608049 Ref C: 2024-10-02T16:39:25Z"
        ],
        "Date": [
          "Wed, 02 Oct 2024 16:39:25 GMT"
        ],
        "Expires": [
          "-1"
        ],
        "Content-Length": [
          "0"
        ]
      },
      "ResponseBody": "",
      "StatusCode": 202
    },
    {
      "RequestUri": "/subscriptions/dfa8d777-26f3-4e5e-be19-d6d5fa3176fc/operationresults/eyJqb2JJZCI6IlJFU09VUkNFR1JPVVBERUxFVElPTkpPQi1QUzUwOS1FQVNUVVMyRVVBUCIsImpvYkxvY2F0aW9uIjoiZWFzdHVzMmV1YXAifQ?api-version=2016-09-01&t=638634839658211381&c=MIIHhzCCBm-gAwIBAgITHgVqhF9GOoUjuyqQWAAABWqEXzANBgkqhkiG9w0BAQsFADBEMRMwEQYKCZImiZPyLGQBGRYDR0JMMRMwEQYKCZImiZPyLGQBGRYDQU1FMRgwFgYDVQQDEw9BTUUgSW5mcmEgQ0EgMDYwHhcNMjQwOTIwMjMxMTQxWhcNMjUwMzE5MjMxMTQxWjBAMT4wPAYDVQQDEzVhc3luY29wZXJhdGlvbnNpZ25pbmdjZXJ0aWZpY2F0ZS5tYW5hZ2VtZW50LmF6dXJlLmNvbTCCASIwDQYJKoZIhvcNAQEBBQADggEPADCCAQoCggEBAKRtcYDBXS7zz5tRtvVyhrUAjudYhej1E2D3dp6XWuPdbVMbQZwMlye8vdT-kDhFD7T2mrdWqsoGnTGk0_xOHBfLGnW-0QRUqpeoTNIhu8vc2CfTUtm2t2s_-fzvFtRyhDA4mfCH1cz92EVj0vd3FD4ikW6bdOp1NkYFqUVBhKlbvJk6y-TbLFBLP5Zx4m0Ua-_P7aMzbgvOJgMOTC2jLs5w_lFDJWeP3IKUOiJmrfLpf4ey5Ov94oCE6YncDBSHJZKWcrSxDHgSz9AXrxarL4HLajGbF3MRvfkMN2gNXCoiJXBEqCLDnyQZ0BgXIvuK7vG8Rj0TyhJNj-QPr8taY6UCAwEAAaOCBHQwggRwMCcGCSsGAQQBgjcVCgQaMBgwCgYIKwYBBQUHAwEwCgYIKwYBBQUHAwIwPQYJKwYBBAGCNxUHBDAwLgYmKwYBBAGCNxUIhpDjDYTVtHiE8Ys-hZvdFs6dEoFghfmRS4WsmTQCAWQCAQcwggHLBggrBgEFBQcBAQSCAb0wggG5MGMGCCsGAQUFBzAChldodHRwOi8vY3JsLm1pY3Jvc29mdC5jb20vcGtpaW5mcmEvQ2VydHMvQkwyUEtJSU5UQ0EwMi5BTUUuR0JMX0FNRSUyMEluZnJhJTIwQ0ElMjAwNi5jcnQwUwYIKwYBBQUHMAKGR2h0dHA6Ly9jcmwxLmFtZS5nYmwvYWlhL0JMMlBLSUlOVENBMDIuQU1FLkdCTF9BTUUlMjBJbmZyYSUyMENBJTIwMDYuY3J0MFMGCCsGAQUFBzAChkdodHRwOi8vY3JsMi5hbWUuZ2JsL2FpYS9CTDJQS0lJTlRDQTAyLkFNRS5HQkxfQU1FJTIwSW5mcmElMjBDQSUyMDA2LmNydDBTBggrBgEFBQcwAoZHaHR0cDovL2NybDMuYW1lLmdibC9haWEvQkwyUEtJSU5UQ0EwMi5BTUUuR0JMX0FNRSUyMEluZnJhJTIwQ0ElMjAwNi5jcnQwUwYIKwYBBQUHMAKGR2h0dHA6Ly9jcmw0LmFtZS5nYmwvYWlhL0JMMlBLSUlOVENBMDIuQU1FLkdCTF9BTUUlMjBJbmZyYSUyMENBJTIwMDYuY3J0MB0GA1UdDgQWBBRKlJQpFyyZKSchkTlshetYOUX7xzAOBgNVHQ8BAf8EBAMCBaAwggEmBgNVHR8EggEdMIIBGTCCARWgggERoIIBDYY_aHR0cDovL2NybC5taWNyb3NvZnQuY29tL3BraWluZnJhL0NSTC9BTUUlMjBJbmZyYSUyMENBJTIwMDYuY3JshjFodHRwOi8vY3JsMS5hbWUuZ2JsL2NybC9BTUUlMjBJbmZyYSUyMENBJTIwMDYuY3JshjFodHRwOi8vY3JsMi5hbWUuZ2JsL2NybC9BTUUlMjBJbmZyYSUyMENBJTIwMDYuY3JshjFodHRwOi8vY3JsMy5hbWUuZ2JsL2NybC9BTUUlMjBJbmZyYSUyMENBJTIwMDYuY3JshjFodHRwOi8vY3JsNC5hbWUuZ2JsL2NybC9BTUUlMjBJbmZyYSUyMENBJTIwMDYuY3JsMIGdBgNVHSAEgZUwgZIwDAYKKwYBBAGCN3sBATBmBgorBgEEAYI3ewICMFgwVgYIKwYBBQUHAgIwSh5IADMAMwBlADAAMQA5ADIAMQAtADQAZAA2ADQALQA0AGYAOABjAC0AYQAwADUANQAtADUAYgBkAGEAZgBmAGQANQBlADMAMwBkMAwGCisGAQQBgjd7AwEwDAYKKwYBBAGCN3sEAjAfBgNVHSMEGDAWgBTxRmjG8cPwKy19i2rhsvm-NfzRQTAdBgNVHSUEFjAUBggrBgEFBQcDAQYIKwYBBQUHAwIwDQYJKoZIhvcNAQELBQADggEBAG0WbzLPsmSSMI7aTe2npixmkdCmwcdZHGd43tUnB8JKrLNJEFcBsQmbcIH0adpnQNrDgRkNBBOTZ4s1LIBlRQapZpPsRItAMUguVpGVRH08T0i43w9xrp_clNbAJrrfRbmYroF0WJKMJ0nwW2rPjxdevSRygGK_nEfywwFi-p1RhHnkiEGL4GnP7PpQcRvAYMdH9LO5MRY7iLbBmosKatS_eWtSJD1CvzglNwy_vQzx81Vnk0CgndqXcVq-loGu7R4U7mkQ2NNqLbp447STxkpP-6Mdyv8J4bdnf1s3vFBNpgvJWKogWcNLlo8jnkbEf6RPNGe1W5lma7JwMKAcPzY&s=fxD2hXMmQwCliyFOlcrAiHeNMTuSGkAQWUFr4gAsl1rXLHO_Y699NmSGjekXaSJGfPdRdjZjVYFgKyuvZw5A0jFQCN7jesULgV2za6vGngFlYQ9TRoURjMkzdNvIyFk9KOPbAdhuFwmfnj-Tb4Zy708ZlPq2QbbepWSaZW648EdIQulXjRiBVmu2iMjS9y-RJg7f-ZwwuFPcJ8lGcJMwMgB4mlobuad6A0vvMqkEBFHaxyLwGVF_DsMHUFN13eLUFN08fEoFZbV-YNLwjagoh9TX27GxOa3P4vwDeFuIhSjBx1vnSQ7yXVZhqISrNxcgmZh_1AWtlzKAlr-EyL2clg&h=lpELJyXS4xUrexT30JMY2eq6NWoXgI8WJR9YXVGgTH4",
      "EncodedRequestUri": "L3N1YnNjcmlwdGlvbnMvZGZhOGQ3NzctMjZmMy00ZTVlLWJlMTktZDZkNWZhMzE3NmZjL29wZXJhdGlvbnJlc3VsdHMvZXlKcWIySkpaQ0k2SWxKRlUwOVZVa05GUjFKUFZWQkVSVXhGVkVsUFRrcFBRaTFRVXpVd09TMUZRVk5VVlZNeVJWVkJVQ0lzSW1wdllreHZZMkYwYVc5dUlqb2laV0Z6ZEhWek1tVjFZWEFpZlE/YXBpLXZlcnNpb249MjAxNi0wOS0wMSZ0PTYzODYzNDgzOTY1ODIxMTM4MSZjPU1JSUhoekNDQm0tZ0F3SUJBZ0lUSGdWcWhGOUdPb1VqdXlxUVdBQUFCV3FFWHpBTkJna3Foa2lHOXcwQkFRc0ZBREJFTVJNd0VRWUtDWkltaVpQeUxHUUJHUllEUjBKTU1STXdFUVlLQ1pJbWlaUHlMR1FCR1JZRFFVMUZNUmd3RmdZRFZRUURFdzlCVFVVZ1NXNW1jbUVnUTBFZ01EWXdIaGNOTWpRd09USXdNak14TVRReFdoY05NalV3TXpFNU1qTXhNVFF4V2pCQU1UNHdQQVlEVlFRREV6VmhjM2x1WTI5d1pYSmhkR2x2Ym5OcFoyNXBibWRqWlhKMGFXWnBZMkYwWlM1dFlXNWhaMlZ0Wlc1MExtRjZkWEpsTG1OdmJUQ0NBU0l3RFFZSktvWklodmNOQVFFQkJRQURnZ0VQQURDQ0FRb0NnZ0VCQUtSdGNZREJYUzd6ejV0UnR2VnloclVBanVkWWhlajFFMkQzZHA2WFd1UGRiVk1iUVp3TWx5ZTh2ZFQta0RoRkQ3VDJtcmRXcXNvR25UR2swX3hPSEJmTEduVy0wUVJVcXBlb1ROSWh1OHZjMkNmVFV0bTJ0MnNfLWZ6dkZ0UnloREE0bWZDSDFjejkyRVZqMHZkM0ZENGlrVzZiZE9wMU5rWUZxVVZCaEtsYnZKazZ5LVRiTEZCTFA1Wng0bTBVYS1fUDdhTXpiZ3ZPSmdNT1RDMmpMczV3X2xGREpXZVAzSUtVT2lKbXJmTHBmNGV5NU92OTRvQ0U2WW5jREJTSEpaS1djclN4REhnU3o5QVhyeGFyTDRITGFqR2JGM01SdmZrTU4yZ05YQ29pSlhCRXFDTERueVFaMEJnWEl2dUs3dkc4UmowVHloSk5qLVFQcjh0YVk2VUNBd0VBQWFPQ0JIUXdnZ1J3TUNjR0NTc0dBUVFCZ2pjVkNnUWFNQmd3Q2dZSUt3WUJCUVVIQXdFd0NnWUlLd1lCQlFVSEF3SXdQUVlKS3dZQkJBR0NOeFVIQkRBd0xnWW1Ld1lCQkFHQ054VUlocERqRFlUVnRIaUU4WXMtaFp2ZEZzNmRFb0ZnaGZtUlM0V3NtVFFDQVdRQ0FRY3dnZ0hMQmdnckJnRUZCUWNCQVFTQ0FiMHdnZ0c1TUdNR0NDc0dBUVVGQnpBQ2hsZG9kSFJ3T2k4dlkzSnNMbTFwWTNKdmMyOW1kQzVqYjIwdmNHdHBhVzVtY21FdlEyVnlkSE12UWt3eVVFdEpTVTVVUTBFd01pNUJUVVV1UjBKTVgwRk5SU1V5TUVsdVpuSmhKVEl3UTBFbE1qQXdOaTVqY25Rd1V3WUlLd1lCQlFVSE1BS0dSMmgwZEhBNkx5OWpjbXd4TG1GdFpTNW5ZbXd2WVdsaEwwSk1NbEJMU1VsT1ZFTkJNREl1UVUxRkxrZENURjlCVFVVbE1qQkpibVp5WVNVeU1FTkJKVEl3TURZdVkzSjBNRk1HQ0NzR0FRVUZCekFDaGtkb2RIUndPaTh2WTNKc01pNWhiV1V1WjJKc0wyRnBZUzlDVERKUVMwbEpUbFJEUVRBeUxrRk5SUzVIUWt4ZlFVMUZKVEl3U1c1bWNtRWxNakJEUVNVeU1EQTJMbU55ZERCVEJnZ3JCZ0VGQlFjd0FvWkhhSFIwY0RvdkwyTnliRE11WVcxbExtZGliQzloYVdFdlFrd3lVRXRKU1U1VVEwRXdNaTVCVFVVdVIwSk1YMEZOUlNVeU1FbHVabkpoSlRJd1EwRWxNakF3Tmk1amNuUXdVd1lJS3dZQkJRVUhNQUtHUjJoMGRIQTZMeTlqY213MExtRnRaUzVuWW13dllXbGhMMEpNTWxCTFNVbE9WRU5CTURJdVFVMUZMa2RDVEY5QlRVVWxNakJKYm1aeVlTVXlNRU5CSlRJd01EWXVZM0owTUIwR0ExVWREZ1FXQkJSS2xKUXBGeXlaS1NjaGtUbHNoZXRZT1VYN3h6QU9CZ05WSFE4QkFmOEVCQU1DQmFBd2dnRW1CZ05WSFI4RWdnRWRNSUlCR1RDQ0FSV2dnZ0VSb0lJQkRZWV9hSFIwY0RvdkwyTnliQzV0YVdOeWIzTnZablF1WTI5dEwzQnJhV2x1Wm5KaEwwTlNUQzlCVFVVbE1qQkpibVp5WVNVeU1FTkJKVEl3TURZdVkzSnNoakZvZEhSd09pOHZZM0pzTVM1aGJXVXVaMkpzTDJOeWJDOUJUVVVsTWpCSmJtWnlZU1V5TUVOQkpUSXdNRFl1WTNKc2hqRm9kSFJ3T2k4dlkzSnNNaTVoYldVdVoySnNMMk55YkM5QlRVVWxNakJKYm1aeVlTVXlNRU5CSlRJd01EWXVZM0pzaGpGb2RIUndPaTh2WTNKc015NWhiV1V1WjJKc0wyTnliQzlCVFVVbE1qQkpibVp5WVNVeU1FTkJKVEl3TURZdVkzSnNoakZvZEhSd09pOHZZM0pzTkM1aGJXVXVaMkpzTDJOeWJDOUJUVVVsTWpCSmJtWnlZU1V5TUVOQkpUSXdNRFl1WTNKc01JR2RCZ05WSFNBRWdaVXdnWkl3REFZS0t3WUJCQUdDTjNzQkFUQm1CZ29yQmdFRUFZSTNld0lDTUZnd1ZnWUlLd1lCQlFVSEFnSXdTaDVJQURNQU13QmxBREFBTVFBNUFESUFNUUF0QURRQVpBQTJBRFFBTFFBMEFHWUFPQUJqQUMwQVlRQXdBRFVBTlFBdEFEVUFZZ0JrQUdFQVpnQm1BR1FBTlFCbEFETUFNd0JrTUF3R0Npc0dBUVFCZ2pkN0F3RXdEQVlLS3dZQkJBR0NOM3NFQWpBZkJnTlZIU01FR0RBV2dCVHhSbWpHOGNQd0t5MTlpMnJoc3ZtLU5melJRVEFkQmdOVkhTVUVGakFVQmdnckJnRUZCUWNEQVFZSUt3WUJCUVVIQXdJd0RRWUpLb1pJaHZjTkFRRUxCUUFEZ2dFQkFHMFdiekxQc21TU01JN2FUZTJucGl4bWtkQ213Y2RaSEdkNDN0VW5COEpLckxOSkVGY0JzUW1iY0lIMGFkcG5RTnJEZ1JrTkJCT1RaNHMxTElCbFJRYXBacFBzUkl0QU1VZ3VWcEdWUkgwOFQwaTQzdzl4cnBfY2xOYkFKcnJmUmJtWXJvRjBXSktNSjBud1cyclBqeGRldlNSeWdHS19uRWZ5d3dGaS1wMVJoSG5raUVHTDRHblA3UHBRY1J2QVlNZEg5TE81TVJZN2lMYkJtb3NLYXRTX2VXdFNKRDFDdnpnbE53eV92UXp4ODFWbmswQ2duZHFYY1ZxLWxvR3U3UjRVN21rUTJOTnFMYnA0NDdTVHhrcFAtNk1keXY4SjRiZG5mMXMzdkZCTnBndkpXS29nV2NOTGxvOGpua2JFZjZSUE5HZTFXNWxtYTdKd01LQWNQelkmcz1meEQyaFhNbVF3Q2xpeUZPbGNyQWlIZU5NVHVTR2tBUVdVRnI0Z0FzbDFyWExIT19ZNjk5Tm1TR2pla1hhU0pHZlBkUmRqWmpWWUZnS3l1dlp3NUEwakZRQ043amVzVUxnVjJ6YTZ2R25nRmxZUTlUUm9VUmpNa3pkTnZJeUZrOUtPUGJBZGh1RndtZm5qLVRiNFp5NzA4WmxQcTJRYmJlcFdTYVpXNjQ4RWRJUXVsWGpSaUJWbXUyaU1qUzl5LVJKZzdmLVp3d3VGUGNKOGxHY0pNd01nQjRtbG9idWFkNkEwdnZNcWtFQkZIYXh5THdHVkZfRHNNSFVGTjEzZUxVRk4wOGZFb0ZaYlYtWU5Md2phZ29oOVRYMjdHeE9hM1A0dndEZUZ1SWhTakJ4MXZuU1E3eVhWWmhxSVNyTnhjZ21aaF8xQVd0bHpLQWxyLUV5TDJjbGcmaD1scEVMSnlYUzR4VXJleFQzMEpNWTJlcTZOV29YZ0k4V0pSOVlYVkdnVEg0",
      "RequestMethod": "GET",
      "RequestHeaders": {
        "User-Agent": [
          "FxVersion/6.0.3324.36610",
          "OSName/Windows",
          "OSVersion/Microsoft.Windows.10.0.26100",
          "Microsoft.Azure.Management.Internal.Resources.ResourceManagementClient/1.3.101"
        ]
      },
      "RequestBody": "",
      "ResponseHeaders": {
        "Cache-Control": [
          "no-cache"
        ],
        "Pragma": [
          "no-cache"
        ],
        "Location": [
          "https://management.azure.com/subscriptions/dfa8d777-26f3-4e5e-be19-d6d5fa3176fc/operationresults/eyJqb2JJZCI6IlJFU09VUkNFR1JPVVBERUxFVElPTkpPQi1QUzUwOS1FQVNUVVMyRVVBUCIsImpvYkxvY2F0aW9uIjoiZWFzdHVzMmV1YXAifQ?api-version=2016-09-01&t=638634839809705282&c=MIIHhzCCBm-gAwIBAgITHgVqhF9GOoUjuyqQWAAABWqEXzANBgkqhkiG9w0BAQsFADBEMRMwEQYKCZImiZPyLGQBGRYDR0JMMRMwEQYKCZImiZPyLGQBGRYDQU1FMRgwFgYDVQQDEw9BTUUgSW5mcmEgQ0EgMDYwHhcNMjQwOTIwMjMxMTQxWhcNMjUwMzE5MjMxMTQxWjBAMT4wPAYDVQQDEzVhc3luY29wZXJhdGlvbnNpZ25pbmdjZXJ0aWZpY2F0ZS5tYW5hZ2VtZW50LmF6dXJlLmNvbTCCASIwDQYJKoZIhvcNAQEBBQADggEPADCCAQoCggEBAKRtcYDBXS7zz5tRtvVyhrUAjudYhej1E2D3dp6XWuPdbVMbQZwMlye8vdT-kDhFD7T2mrdWqsoGnTGk0_xOHBfLGnW-0QRUqpeoTNIhu8vc2CfTUtm2t2s_-fzvFtRyhDA4mfCH1cz92EVj0vd3FD4ikW6bdOp1NkYFqUVBhKlbvJk6y-TbLFBLP5Zx4m0Ua-_P7aMzbgvOJgMOTC2jLs5w_lFDJWeP3IKUOiJmrfLpf4ey5Ov94oCE6YncDBSHJZKWcrSxDHgSz9AXrxarL4HLajGbF3MRvfkMN2gNXCoiJXBEqCLDnyQZ0BgXIvuK7vG8Rj0TyhJNj-QPr8taY6UCAwEAAaOCBHQwggRwMCcGCSsGAQQBgjcVCgQaMBgwCgYIKwYBBQUHAwEwCgYIKwYBBQUHAwIwPQYJKwYBBAGCNxUHBDAwLgYmKwYBBAGCNxUIhpDjDYTVtHiE8Ys-hZvdFs6dEoFghfmRS4WsmTQCAWQCAQcwggHLBggrBgEFBQcBAQSCAb0wggG5MGMGCCsGAQUFBzAChldodHRwOi8vY3JsLm1pY3Jvc29mdC5jb20vcGtpaW5mcmEvQ2VydHMvQkwyUEtJSU5UQ0EwMi5BTUUuR0JMX0FNRSUyMEluZnJhJTIwQ0ElMjAwNi5jcnQwUwYIKwYBBQUHMAKGR2h0dHA6Ly9jcmwxLmFtZS5nYmwvYWlhL0JMMlBLSUlOVENBMDIuQU1FLkdCTF9BTUUlMjBJbmZyYSUyMENBJTIwMDYuY3J0MFMGCCsGAQUFBzAChkdodHRwOi8vY3JsMi5hbWUuZ2JsL2FpYS9CTDJQS0lJTlRDQTAyLkFNRS5HQkxfQU1FJTIwSW5mcmElMjBDQSUyMDA2LmNydDBTBggrBgEFBQcwAoZHaHR0cDovL2NybDMuYW1lLmdibC9haWEvQkwyUEtJSU5UQ0EwMi5BTUUuR0JMX0FNRSUyMEluZnJhJTIwQ0ElMjAwNi5jcnQwUwYIKwYBBQUHMAKGR2h0dHA6Ly9jcmw0LmFtZS5nYmwvYWlhL0JMMlBLSUlOVENBMDIuQU1FLkdCTF9BTUUlMjBJbmZyYSUyMENBJTIwMDYuY3J0MB0GA1UdDgQWBBRKlJQpFyyZKSchkTlshetYOUX7xzAOBgNVHQ8BAf8EBAMCBaAwggEmBgNVHR8EggEdMIIBGTCCARWgggERoIIBDYY_aHR0cDovL2NybC5taWNyb3NvZnQuY29tL3BraWluZnJhL0NSTC9BTUUlMjBJbmZyYSUyMENBJTIwMDYuY3JshjFodHRwOi8vY3JsMS5hbWUuZ2JsL2NybC9BTUUlMjBJbmZyYSUyMENBJTIwMDYuY3JshjFodHRwOi8vY3JsMi5hbWUuZ2JsL2NybC9BTUUlMjBJbmZyYSUyMENBJTIwMDYuY3JshjFodHRwOi8vY3JsMy5hbWUuZ2JsL2NybC9BTUUlMjBJbmZyYSUyMENBJTIwMDYuY3JshjFodHRwOi8vY3JsNC5hbWUuZ2JsL2NybC9BTUUlMjBJbmZyYSUyMENBJTIwMDYuY3JsMIGdBgNVHSAEgZUwgZIwDAYKKwYBBAGCN3sBATBmBgorBgEEAYI3ewICMFgwVgYIKwYBBQUHAgIwSh5IADMAMwBlADAAMQA5ADIAMQAtADQAZAA2ADQALQA0AGYAOABjAC0AYQAwADUANQAtADUAYgBkAGEAZgBmAGQANQBlADMAMwBkMAwGCisGAQQBgjd7AwEwDAYKKwYBBAGCN3sEAjAfBgNVHSMEGDAWgBTxRmjG8cPwKy19i2rhsvm-NfzRQTAdBgNVHSUEFjAUBggrBgEFBQcDAQYIKwYBBQUHAwIwDQYJKoZIhvcNAQELBQADggEBAG0WbzLPsmSSMI7aTe2npixmkdCmwcdZHGd43tUnB8JKrLNJEFcBsQmbcIH0adpnQNrDgRkNBBOTZ4s1LIBlRQapZpPsRItAMUguVpGVRH08T0i43w9xrp_clNbAJrrfRbmYroF0WJKMJ0nwW2rPjxdevSRygGK_nEfywwFi-p1RhHnkiEGL4GnP7PpQcRvAYMdH9LO5MRY7iLbBmosKatS_eWtSJD1CvzglNwy_vQzx81Vnk0CgndqXcVq-loGu7R4U7mkQ2NNqLbp447STxkpP-6Mdyv8J4bdnf1s3vFBNpgvJWKogWcNLlo8jnkbEf6RPNGe1W5lma7JwMKAcPzY&s=fZ8yOgtOiVh7Sgw2rH6LVwWyrj_kLMHWwJRmUw8NIHhd4rNO2uxPwH2eoH_C4-PbCpLFTrdqleAzAVGi2NXBa5C3yv_uBiJJ3EnSqcohuoqRDkpMLmP1yZKo-HL3L438TEiRbzb2ETWeLJkxYSQimjOcmGLWC2Cn-bKLeKOnRmwsyq0cjT9h0zluOXpZb7TrG20MMJ3o-N92a0cdoCOBDSIhoXAhNdEUc0kRbXcEprdhEKJteNM77fhA6Te_0YAQo4OxAdmbWFbadCKxwdXHi98DL1Fo7FtuGgY8ds4jl6hu1tQ42U-r31iZ4lnuYV8cwcWX3NyqE4mJpL3MYnO6Gw&h=lyjUmVNxpGPZ1uC7_pfvTIMZKEJ_tMwUtDmPOi8T6Rk"
        ],
        "Retry-After": [
          "15"
        ],
        "x-ms-ratelimit-remaining-subscription-reads": [
          "11999"
        ],
        "x-ms-request-id": [
          "11fbadf7-2835-453f-b3cd-11102fe1f55b"
        ],
        "x-ms-correlation-request-id": [
          "11fbadf7-2835-453f-b3cd-11102fe1f55b"
        ],
        "x-ms-routing-request-id": [
          "EASTUS:20241002T163940Z:11fbadf7-2835-453f-b3cd-11102fe1f55b"
        ],
        "Strict-Transport-Security": [
          "max-age=31536000; includeSubDomains"
        ],
        "X-Content-Type-Options": [
          "nosniff"
        ],
        "X-Cache": [
          "CONFIG_NOCACHE"
        ],
        "X-MSEdge-Ref": [
          "Ref A: 907BF2CB74BB46C8AB3D3F1CD1B1A271 Ref B: MNZ221060608049 Ref C: 2024-10-02T16:39:40Z"
        ],
        "Date": [
          "Wed, 02 Oct 2024 16:39:40 GMT"
        ],
        "Expires": [
          "-1"
        ],
        "Content-Length": [
          "0"
        ]
      },
      "ResponseBody": "",
      "StatusCode": 202
    },
    {
      "RequestUri": "/subscriptions/dfa8d777-26f3-4e5e-be19-d6d5fa3176fc/operationresults/eyJqb2JJZCI6IlJFU09VUkNFR1JPVVBERUxFVElPTkpPQi1QUzUwOS1FQVNUVVMyRVVBUCIsImpvYkxvY2F0aW9uIjoiZWFzdHVzMmV1YXAifQ?api-version=2016-09-01&t=638634839809705282&c=MIIHhzCCBm-gAwIBAgITHgVqhF9GOoUjuyqQWAAABWqEXzANBgkqhkiG9w0BAQsFADBEMRMwEQYKCZImiZPyLGQBGRYDR0JMMRMwEQYKCZImiZPyLGQBGRYDQU1FMRgwFgYDVQQDEw9BTUUgSW5mcmEgQ0EgMDYwHhcNMjQwOTIwMjMxMTQxWhcNMjUwMzE5MjMxMTQxWjBAMT4wPAYDVQQDEzVhc3luY29wZXJhdGlvbnNpZ25pbmdjZXJ0aWZpY2F0ZS5tYW5hZ2VtZW50LmF6dXJlLmNvbTCCASIwDQYJKoZIhvcNAQEBBQADggEPADCCAQoCggEBAKRtcYDBXS7zz5tRtvVyhrUAjudYhej1E2D3dp6XWuPdbVMbQZwMlye8vdT-kDhFD7T2mrdWqsoGnTGk0_xOHBfLGnW-0QRUqpeoTNIhu8vc2CfTUtm2t2s_-fzvFtRyhDA4mfCH1cz92EVj0vd3FD4ikW6bdOp1NkYFqUVBhKlbvJk6y-TbLFBLP5Zx4m0Ua-_P7aMzbgvOJgMOTC2jLs5w_lFDJWeP3IKUOiJmrfLpf4ey5Ov94oCE6YncDBSHJZKWcrSxDHgSz9AXrxarL4HLajGbF3MRvfkMN2gNXCoiJXBEqCLDnyQZ0BgXIvuK7vG8Rj0TyhJNj-QPr8taY6UCAwEAAaOCBHQwggRwMCcGCSsGAQQBgjcVCgQaMBgwCgYIKwYBBQUHAwEwCgYIKwYBBQUHAwIwPQYJKwYBBAGCNxUHBDAwLgYmKwYBBAGCNxUIhpDjDYTVtHiE8Ys-hZvdFs6dEoFghfmRS4WsmTQCAWQCAQcwggHLBggrBgEFBQcBAQSCAb0wggG5MGMGCCsGAQUFBzAChldodHRwOi8vY3JsLm1pY3Jvc29mdC5jb20vcGtpaW5mcmEvQ2VydHMvQkwyUEtJSU5UQ0EwMi5BTUUuR0JMX0FNRSUyMEluZnJhJTIwQ0ElMjAwNi5jcnQwUwYIKwYBBQUHMAKGR2h0dHA6Ly9jcmwxLmFtZS5nYmwvYWlhL0JMMlBLSUlOVENBMDIuQU1FLkdCTF9BTUUlMjBJbmZyYSUyMENBJTIwMDYuY3J0MFMGCCsGAQUFBzAChkdodHRwOi8vY3JsMi5hbWUuZ2JsL2FpYS9CTDJQS0lJTlRDQTAyLkFNRS5HQkxfQU1FJTIwSW5mcmElMjBDQSUyMDA2LmNydDBTBggrBgEFBQcwAoZHaHR0cDovL2NybDMuYW1lLmdibC9haWEvQkwyUEtJSU5UQ0EwMi5BTUUuR0JMX0FNRSUyMEluZnJhJTIwQ0ElMjAwNi5jcnQwUwYIKwYBBQUHMAKGR2h0dHA6Ly9jcmw0LmFtZS5nYmwvYWlhL0JMMlBLSUlOVENBMDIuQU1FLkdCTF9BTUUlMjBJbmZyYSUyMENBJTIwMDYuY3J0MB0GA1UdDgQWBBRKlJQpFyyZKSchkTlshetYOUX7xzAOBgNVHQ8BAf8EBAMCBaAwggEmBgNVHR8EggEdMIIBGTCCARWgggERoIIBDYY_aHR0cDovL2NybC5taWNyb3NvZnQuY29tL3BraWluZnJhL0NSTC9BTUUlMjBJbmZyYSUyMENBJTIwMDYuY3JshjFodHRwOi8vY3JsMS5hbWUuZ2JsL2NybC9BTUUlMjBJbmZyYSUyMENBJTIwMDYuY3JshjFodHRwOi8vY3JsMi5hbWUuZ2JsL2NybC9BTUUlMjBJbmZyYSUyMENBJTIwMDYuY3JshjFodHRwOi8vY3JsMy5hbWUuZ2JsL2NybC9BTUUlMjBJbmZyYSUyMENBJTIwMDYuY3JshjFodHRwOi8vY3JsNC5hbWUuZ2JsL2NybC9BTUUlMjBJbmZyYSUyMENBJTIwMDYuY3JsMIGdBgNVHSAEgZUwgZIwDAYKKwYBBAGCN3sBATBmBgorBgEEAYI3ewICMFgwVgYIKwYBBQUHAgIwSh5IADMAMwBlADAAMQA5ADIAMQAtADQAZAA2ADQALQA0AGYAOABjAC0AYQAwADUANQAtADUAYgBkAGEAZgBmAGQANQBlADMAMwBkMAwGCisGAQQBgjd7AwEwDAYKKwYBBAGCN3sEAjAfBgNVHSMEGDAWgBTxRmjG8cPwKy19i2rhsvm-NfzRQTAdBgNVHSUEFjAUBggrBgEFBQcDAQYIKwYBBQUHAwIwDQYJKoZIhvcNAQELBQADggEBAG0WbzLPsmSSMI7aTe2npixmkdCmwcdZHGd43tUnB8JKrLNJEFcBsQmbcIH0adpnQNrDgRkNBBOTZ4s1LIBlRQapZpPsRItAMUguVpGVRH08T0i43w9xrp_clNbAJrrfRbmYroF0WJKMJ0nwW2rPjxdevSRygGK_nEfywwFi-p1RhHnkiEGL4GnP7PpQcRvAYMdH9LO5MRY7iLbBmosKatS_eWtSJD1CvzglNwy_vQzx81Vnk0CgndqXcVq-loGu7R4U7mkQ2NNqLbp447STxkpP-6Mdyv8J4bdnf1s3vFBNpgvJWKogWcNLlo8jnkbEf6RPNGe1W5lma7JwMKAcPzY&s=fZ8yOgtOiVh7Sgw2rH6LVwWyrj_kLMHWwJRmUw8NIHhd4rNO2uxPwH2eoH_C4-PbCpLFTrdqleAzAVGi2NXBa5C3yv_uBiJJ3EnSqcohuoqRDkpMLmP1yZKo-HL3L438TEiRbzb2ETWeLJkxYSQimjOcmGLWC2Cn-bKLeKOnRmwsyq0cjT9h0zluOXpZb7TrG20MMJ3o-N92a0cdoCOBDSIhoXAhNdEUc0kRbXcEprdhEKJteNM77fhA6Te_0YAQo4OxAdmbWFbadCKxwdXHi98DL1Fo7FtuGgY8ds4jl6hu1tQ42U-r31iZ4lnuYV8cwcWX3NyqE4mJpL3MYnO6Gw&h=lyjUmVNxpGPZ1uC7_pfvTIMZKEJ_tMwUtDmPOi8T6Rk",
      "EncodedRequestUri": "L3N1YnNjcmlwdGlvbnMvZGZhOGQ3NzctMjZmMy00ZTVlLWJlMTktZDZkNWZhMzE3NmZjL29wZXJhdGlvbnJlc3VsdHMvZXlKcWIySkpaQ0k2SWxKRlUwOVZVa05GUjFKUFZWQkVSVXhGVkVsUFRrcFBRaTFRVXpVd09TMUZRVk5VVlZNeVJWVkJVQ0lzSW1wdllreHZZMkYwYVc5dUlqb2laV0Z6ZEhWek1tVjFZWEFpZlE/YXBpLXZlcnNpb249MjAxNi0wOS0wMSZ0PTYzODYzNDgzOTgwOTcwNTI4MiZjPU1JSUhoekNDQm0tZ0F3SUJBZ0lUSGdWcWhGOUdPb1VqdXlxUVdBQUFCV3FFWHpBTkJna3Foa2lHOXcwQkFRc0ZBREJFTVJNd0VRWUtDWkltaVpQeUxHUUJHUllEUjBKTU1STXdFUVlLQ1pJbWlaUHlMR1FCR1JZRFFVMUZNUmd3RmdZRFZRUURFdzlCVFVVZ1NXNW1jbUVnUTBFZ01EWXdIaGNOTWpRd09USXdNak14TVRReFdoY05NalV3TXpFNU1qTXhNVFF4V2pCQU1UNHdQQVlEVlFRREV6VmhjM2x1WTI5d1pYSmhkR2x2Ym5OcFoyNXBibWRqWlhKMGFXWnBZMkYwWlM1dFlXNWhaMlZ0Wlc1MExtRjZkWEpsTG1OdmJUQ0NBU0l3RFFZSktvWklodmNOQVFFQkJRQURnZ0VQQURDQ0FRb0NnZ0VCQUtSdGNZREJYUzd6ejV0UnR2VnloclVBanVkWWhlajFFMkQzZHA2WFd1UGRiVk1iUVp3TWx5ZTh2ZFQta0RoRkQ3VDJtcmRXcXNvR25UR2swX3hPSEJmTEduVy0wUVJVcXBlb1ROSWh1OHZjMkNmVFV0bTJ0MnNfLWZ6dkZ0UnloREE0bWZDSDFjejkyRVZqMHZkM0ZENGlrVzZiZE9wMU5rWUZxVVZCaEtsYnZKazZ5LVRiTEZCTFA1Wng0bTBVYS1fUDdhTXpiZ3ZPSmdNT1RDMmpMczV3X2xGREpXZVAzSUtVT2lKbXJmTHBmNGV5NU92OTRvQ0U2WW5jREJTSEpaS1djclN4REhnU3o5QVhyeGFyTDRITGFqR2JGM01SdmZrTU4yZ05YQ29pSlhCRXFDTERueVFaMEJnWEl2dUs3dkc4UmowVHloSk5qLVFQcjh0YVk2VUNBd0VBQWFPQ0JIUXdnZ1J3TUNjR0NTc0dBUVFCZ2pjVkNnUWFNQmd3Q2dZSUt3WUJCUVVIQXdFd0NnWUlLd1lCQlFVSEF3SXdQUVlKS3dZQkJBR0NOeFVIQkRBd0xnWW1Ld1lCQkFHQ054VUlocERqRFlUVnRIaUU4WXMtaFp2ZEZzNmRFb0ZnaGZtUlM0V3NtVFFDQVdRQ0FRY3dnZ0hMQmdnckJnRUZCUWNCQVFTQ0FiMHdnZ0c1TUdNR0NDc0dBUVVGQnpBQ2hsZG9kSFJ3T2k4dlkzSnNMbTFwWTNKdmMyOW1kQzVqYjIwdmNHdHBhVzVtY21FdlEyVnlkSE12UWt3eVVFdEpTVTVVUTBFd01pNUJUVVV1UjBKTVgwRk5SU1V5TUVsdVpuSmhKVEl3UTBFbE1qQXdOaTVqY25Rd1V3WUlLd1lCQlFVSE1BS0dSMmgwZEhBNkx5OWpjbXd4TG1GdFpTNW5ZbXd2WVdsaEwwSk1NbEJMU1VsT1ZFTkJNREl1UVUxRkxrZENURjlCVFVVbE1qQkpibVp5WVNVeU1FTkJKVEl3TURZdVkzSjBNRk1HQ0NzR0FRVUZCekFDaGtkb2RIUndPaTh2WTNKc01pNWhiV1V1WjJKc0wyRnBZUzlDVERKUVMwbEpUbFJEUVRBeUxrRk5SUzVIUWt4ZlFVMUZKVEl3U1c1bWNtRWxNakJEUVNVeU1EQTJMbU55ZERCVEJnZ3JCZ0VGQlFjd0FvWkhhSFIwY0RvdkwyTnliRE11WVcxbExtZGliQzloYVdFdlFrd3lVRXRKU1U1VVEwRXdNaTVCVFVVdVIwSk1YMEZOUlNVeU1FbHVabkpoSlRJd1EwRWxNakF3Tmk1amNuUXdVd1lJS3dZQkJRVUhNQUtHUjJoMGRIQTZMeTlqY213MExtRnRaUzVuWW13dllXbGhMMEpNTWxCTFNVbE9WRU5CTURJdVFVMUZMa2RDVEY5QlRVVWxNakJKYm1aeVlTVXlNRU5CSlRJd01EWXVZM0owTUIwR0ExVWREZ1FXQkJSS2xKUXBGeXlaS1NjaGtUbHNoZXRZT1VYN3h6QU9CZ05WSFE4QkFmOEVCQU1DQmFBd2dnRW1CZ05WSFI4RWdnRWRNSUlCR1RDQ0FSV2dnZ0VSb0lJQkRZWV9hSFIwY0RvdkwyTnliQzV0YVdOeWIzTnZablF1WTI5dEwzQnJhV2x1Wm5KaEwwTlNUQzlCVFVVbE1qQkpibVp5WVNVeU1FTkJKVEl3TURZdVkzSnNoakZvZEhSd09pOHZZM0pzTVM1aGJXVXVaMkpzTDJOeWJDOUJUVVVsTWpCSmJtWnlZU1V5TUVOQkpUSXdNRFl1WTNKc2hqRm9kSFJ3T2k4dlkzSnNNaTVoYldVdVoySnNMMk55YkM5QlRVVWxNakJKYm1aeVlTVXlNRU5CSlRJd01EWXVZM0pzaGpGb2RIUndPaTh2WTNKc015NWhiV1V1WjJKc0wyTnliQzlCVFVVbE1qQkpibVp5WVNVeU1FTkJKVEl3TURZdVkzSnNoakZvZEhSd09pOHZZM0pzTkM1aGJXVXVaMkpzTDJOeWJDOUJUVVVsTWpCSmJtWnlZU1V5TUVOQkpUSXdNRFl1WTNKc01JR2RCZ05WSFNBRWdaVXdnWkl3REFZS0t3WUJCQUdDTjNzQkFUQm1CZ29yQmdFRUFZSTNld0lDTUZnd1ZnWUlLd1lCQlFVSEFnSXdTaDVJQURNQU13QmxBREFBTVFBNUFESUFNUUF0QURRQVpBQTJBRFFBTFFBMEFHWUFPQUJqQUMwQVlRQXdBRFVBTlFBdEFEVUFZZ0JrQUdFQVpnQm1BR1FBTlFCbEFETUFNd0JrTUF3R0Npc0dBUVFCZ2pkN0F3RXdEQVlLS3dZQkJBR0NOM3NFQWpBZkJnTlZIU01FR0RBV2dCVHhSbWpHOGNQd0t5MTlpMnJoc3ZtLU5melJRVEFkQmdOVkhTVUVGakFVQmdnckJnRUZCUWNEQVFZSUt3WUJCUVVIQXdJd0RRWUpLb1pJaHZjTkFRRUxCUUFEZ2dFQkFHMFdiekxQc21TU01JN2FUZTJucGl4bWtkQ213Y2RaSEdkNDN0VW5COEpLckxOSkVGY0JzUW1iY0lIMGFkcG5RTnJEZ1JrTkJCT1RaNHMxTElCbFJRYXBacFBzUkl0QU1VZ3VWcEdWUkgwOFQwaTQzdzl4cnBfY2xOYkFKcnJmUmJtWXJvRjBXSktNSjBud1cyclBqeGRldlNSeWdHS19uRWZ5d3dGaS1wMVJoSG5raUVHTDRHblA3UHBRY1J2QVlNZEg5TE81TVJZN2lMYkJtb3NLYXRTX2VXdFNKRDFDdnpnbE53eV92UXp4ODFWbmswQ2duZHFYY1ZxLWxvR3U3UjRVN21rUTJOTnFMYnA0NDdTVHhrcFAtNk1keXY4SjRiZG5mMXMzdkZCTnBndkpXS29nV2NOTGxvOGpua2JFZjZSUE5HZTFXNWxtYTdKd01LQWNQelkmcz1mWjh5T2d0T2lWaDdTZ3cyckg2TFZ3V3lyal9rTE1IV3dKUm1VdzhOSUhoZDRyTk8ydXhQd0gyZW9IX0M0LVBiQ3BMRlRyZHFsZUF6QVZHaTJOWEJhNUMzeXZfdUJpSkozRW5TcWNvaHVvcVJEa3BNTG1QMXlaS28tSEwzTDQzOFRFaVJiemIyRVRXZUxKa3hZU1FpbWpPY21HTFdDMkNuLWJLTGVLT25SbXdzeXEwY2pUOWgwemx1T1hwWmI3VHJHMjBNTUozby1OOTJhMGNkb0NPQkRTSWhvWEFoTmRFVWMwa1JiWGNFcHJkaEVLSnRlTk03N2ZoQTZUZV8wWUFRbzRPeEFkbWJXRmJhZENLeHdkWEhpOThETDFGbzdGdHVHZ1k4ZHM0amw2aHUxdFE0MlUtcjMxaVo0bG51WVY4Y3djV1gzTnlxRTRtSnBMM01Zbk82R3cmaD1seWpVbVZOeHBHUFoxdUM3X3BmdlRJTVpLRUpfdE13VXREbVBPaThUNlJr",
      "RequestMethod": "GET",
      "RequestHeaders": {
        "User-Agent": [
          "FxVersion/6.0.3324.36610",
          "OSName/Windows",
          "OSVersion/Microsoft.Windows.10.0.26100",
          "Microsoft.Azure.Management.Internal.Resources.ResourceManagementClient/1.3.101"
        ]
      },
      "RequestBody": "",
      "ResponseHeaders": {
        "Cache-Control": [
          "no-cache"
        ],
        "Pragma": [
          "no-cache"
        ],
        "Location": [
          "https://management.azure.com/subscriptions/dfa8d777-26f3-4e5e-be19-d6d5fa3176fc/operationresults/eyJqb2JJZCI6IlJFU09VUkNFR1JPVVBERUxFVElPTkpPQi1QUzUwOS1FQVNUVVMyRVVBUCIsImpvYkxvY2F0aW9uIjoiZWFzdHVzMmV1YXAifQ?api-version=2016-09-01&t=638634839961654148&c=MIIHhzCCBm-gAwIBAgITHgVqhF9GOoUjuyqQWAAABWqEXzANBgkqhkiG9w0BAQsFADBEMRMwEQYKCZImiZPyLGQBGRYDR0JMMRMwEQYKCZImiZPyLGQBGRYDQU1FMRgwFgYDVQQDEw9BTUUgSW5mcmEgQ0EgMDYwHhcNMjQwOTIwMjMxMTQxWhcNMjUwMzE5MjMxMTQxWjBAMT4wPAYDVQQDEzVhc3luY29wZXJhdGlvbnNpZ25pbmdjZXJ0aWZpY2F0ZS5tYW5hZ2VtZW50LmF6dXJlLmNvbTCCASIwDQYJKoZIhvcNAQEBBQADggEPADCCAQoCggEBAKRtcYDBXS7zz5tRtvVyhrUAjudYhej1E2D3dp6XWuPdbVMbQZwMlye8vdT-kDhFD7T2mrdWqsoGnTGk0_xOHBfLGnW-0QRUqpeoTNIhu8vc2CfTUtm2t2s_-fzvFtRyhDA4mfCH1cz92EVj0vd3FD4ikW6bdOp1NkYFqUVBhKlbvJk6y-TbLFBLP5Zx4m0Ua-_P7aMzbgvOJgMOTC2jLs5w_lFDJWeP3IKUOiJmrfLpf4ey5Ov94oCE6YncDBSHJZKWcrSxDHgSz9AXrxarL4HLajGbF3MRvfkMN2gNXCoiJXBEqCLDnyQZ0BgXIvuK7vG8Rj0TyhJNj-QPr8taY6UCAwEAAaOCBHQwggRwMCcGCSsGAQQBgjcVCgQaMBgwCgYIKwYBBQUHAwEwCgYIKwYBBQUHAwIwPQYJKwYBBAGCNxUHBDAwLgYmKwYBBAGCNxUIhpDjDYTVtHiE8Ys-hZvdFs6dEoFghfmRS4WsmTQCAWQCAQcwggHLBggrBgEFBQcBAQSCAb0wggG5MGMGCCsGAQUFBzAChldodHRwOi8vY3JsLm1pY3Jvc29mdC5jb20vcGtpaW5mcmEvQ2VydHMvQkwyUEtJSU5UQ0EwMi5BTUUuR0JMX0FNRSUyMEluZnJhJTIwQ0ElMjAwNi5jcnQwUwYIKwYBBQUHMAKGR2h0dHA6Ly9jcmwxLmFtZS5nYmwvYWlhL0JMMlBLSUlOVENBMDIuQU1FLkdCTF9BTUUlMjBJbmZyYSUyMENBJTIwMDYuY3J0MFMGCCsGAQUFBzAChkdodHRwOi8vY3JsMi5hbWUuZ2JsL2FpYS9CTDJQS0lJTlRDQTAyLkFNRS5HQkxfQU1FJTIwSW5mcmElMjBDQSUyMDA2LmNydDBTBggrBgEFBQcwAoZHaHR0cDovL2NybDMuYW1lLmdibC9haWEvQkwyUEtJSU5UQ0EwMi5BTUUuR0JMX0FNRSUyMEluZnJhJTIwQ0ElMjAwNi5jcnQwUwYIKwYBBQUHMAKGR2h0dHA6Ly9jcmw0LmFtZS5nYmwvYWlhL0JMMlBLSUlOVENBMDIuQU1FLkdCTF9BTUUlMjBJbmZyYSUyMENBJTIwMDYuY3J0MB0GA1UdDgQWBBRKlJQpFyyZKSchkTlshetYOUX7xzAOBgNVHQ8BAf8EBAMCBaAwggEmBgNVHR8EggEdMIIBGTCCARWgggERoIIBDYY_aHR0cDovL2NybC5taWNyb3NvZnQuY29tL3BraWluZnJhL0NSTC9BTUUlMjBJbmZyYSUyMENBJTIwMDYuY3JshjFodHRwOi8vY3JsMS5hbWUuZ2JsL2NybC9BTUUlMjBJbmZyYSUyMENBJTIwMDYuY3JshjFodHRwOi8vY3JsMi5hbWUuZ2JsL2NybC9BTUUlMjBJbmZyYSUyMENBJTIwMDYuY3JshjFodHRwOi8vY3JsMy5hbWUuZ2JsL2NybC9BTUUlMjBJbmZyYSUyMENBJTIwMDYuY3JshjFodHRwOi8vY3JsNC5hbWUuZ2JsL2NybC9BTUUlMjBJbmZyYSUyMENBJTIwMDYuY3JsMIGdBgNVHSAEgZUwgZIwDAYKKwYBBAGCN3sBATBmBgorBgEEAYI3ewICMFgwVgYIKwYBBQUHAgIwSh5IADMAMwBlADAAMQA5ADIAMQAtADQAZAA2ADQALQA0AGYAOABjAC0AYQAwADUANQAtADUAYgBkAGEAZgBmAGQANQBlADMAMwBkMAwGCisGAQQBgjd7AwEwDAYKKwYBBAGCN3sEAjAfBgNVHSMEGDAWgBTxRmjG8cPwKy19i2rhsvm-NfzRQTAdBgNVHSUEFjAUBggrBgEFBQcDAQYIKwYBBQUHAwIwDQYJKoZIhvcNAQELBQADggEBAG0WbzLPsmSSMI7aTe2npixmkdCmwcdZHGd43tUnB8JKrLNJEFcBsQmbcIH0adpnQNrDgRkNBBOTZ4s1LIBlRQapZpPsRItAMUguVpGVRH08T0i43w9xrp_clNbAJrrfRbmYroF0WJKMJ0nwW2rPjxdevSRygGK_nEfywwFi-p1RhHnkiEGL4GnP7PpQcRvAYMdH9LO5MRY7iLbBmosKatS_eWtSJD1CvzglNwy_vQzx81Vnk0CgndqXcVq-loGu7R4U7mkQ2NNqLbp447STxkpP-6Mdyv8J4bdnf1s3vFBNpgvJWKogWcNLlo8jnkbEf6RPNGe1W5lma7JwMKAcPzY&s=cQgU5LSbDNyUJ433GY0iax7ZmdEum3bIpjRxjrSSuN1wJDtyllnY8K58Dayxb8sXf6TuLGWWKPaEfqsh174K8QVbqnYmzDGR85KkZPpHk_XQvFnWfOugHGic2q88JBnWFo5fBR2dYik90Ck8i2V0hMVyoQqPLBmCCsVFwUHK8otwNb4ih3hKEVO6HVclPE65a9j0ZVLRyd-l19EKZwDYrN1B3TzTwln9IM1jY5CGvdKMIm6FZHkP1CujOcZ31j7UospbfGQQPIZ4yQ3siR0slWpT6SDhJ9L-0zdWngTFxrc_KDALCnJnKLPX6Sdi2xfV9Rj-ETsFsS8OwRbr_KukHQ&h=9bRZBiw5OxrCzMjEo6uPx_lrqnemYAT_X2XydfwPDtE"
        ],
        "Retry-After": [
          "15"
        ],
        "x-ms-ratelimit-remaining-subscription-reads": [
          "11999"
        ],
        "x-ms-request-id": [
          "7f0826a7-c19d-40a2-b697-87edf458faf4"
        ],
        "x-ms-correlation-request-id": [
          "7f0826a7-c19d-40a2-b697-87edf458faf4"
        ],
        "x-ms-routing-request-id": [
          "EASTUS:20241002T163956Z:7f0826a7-c19d-40a2-b697-87edf458faf4"
        ],
        "Strict-Transport-Security": [
          "max-age=31536000; includeSubDomains"
        ],
        "X-Content-Type-Options": [
          "nosniff"
        ],
        "X-Cache": [
          "CONFIG_NOCACHE"
        ],
        "X-MSEdge-Ref": [
          "Ref A: B67BC61A3C214C488C498096DF525ED7 Ref B: MNZ221060608049 Ref C: 2024-10-02T16:39:56Z"
        ],
        "Date": [
          "Wed, 02 Oct 2024 16:39:56 GMT"
        ],
        "Expires": [
          "-1"
        ],
        "Content-Length": [
          "0"
        ]
      },
      "ResponseBody": "",
      "StatusCode": 202
    },
    {
      "RequestUri": "/subscriptions/dfa8d777-26f3-4e5e-be19-d6d5fa3176fc/operationresults/eyJqb2JJZCI6IlJFU09VUkNFR1JPVVBERUxFVElPTkpPQi1QUzUwOS1FQVNUVVMyRVVBUCIsImpvYkxvY2F0aW9uIjoiZWFzdHVzMmV1YXAifQ?api-version=2016-09-01&t=638634839961654148&c=MIIHhzCCBm-gAwIBAgITHgVqhF9GOoUjuyqQWAAABWqEXzANBgkqhkiG9w0BAQsFADBEMRMwEQYKCZImiZPyLGQBGRYDR0JMMRMwEQYKCZImiZPyLGQBGRYDQU1FMRgwFgYDVQQDEw9BTUUgSW5mcmEgQ0EgMDYwHhcNMjQwOTIwMjMxMTQxWhcNMjUwMzE5MjMxMTQxWjBAMT4wPAYDVQQDEzVhc3luY29wZXJhdGlvbnNpZ25pbmdjZXJ0aWZpY2F0ZS5tYW5hZ2VtZW50LmF6dXJlLmNvbTCCASIwDQYJKoZIhvcNAQEBBQADggEPADCCAQoCggEBAKRtcYDBXS7zz5tRtvVyhrUAjudYhej1E2D3dp6XWuPdbVMbQZwMlye8vdT-kDhFD7T2mrdWqsoGnTGk0_xOHBfLGnW-0QRUqpeoTNIhu8vc2CfTUtm2t2s_-fzvFtRyhDA4mfCH1cz92EVj0vd3FD4ikW6bdOp1NkYFqUVBhKlbvJk6y-TbLFBLP5Zx4m0Ua-_P7aMzbgvOJgMOTC2jLs5w_lFDJWeP3IKUOiJmrfLpf4ey5Ov94oCE6YncDBSHJZKWcrSxDHgSz9AXrxarL4HLajGbF3MRvfkMN2gNXCoiJXBEqCLDnyQZ0BgXIvuK7vG8Rj0TyhJNj-QPr8taY6UCAwEAAaOCBHQwggRwMCcGCSsGAQQBgjcVCgQaMBgwCgYIKwYBBQUHAwEwCgYIKwYBBQUHAwIwPQYJKwYBBAGCNxUHBDAwLgYmKwYBBAGCNxUIhpDjDYTVtHiE8Ys-hZvdFs6dEoFghfmRS4WsmTQCAWQCAQcwggHLBggrBgEFBQcBAQSCAb0wggG5MGMGCCsGAQUFBzAChldodHRwOi8vY3JsLm1pY3Jvc29mdC5jb20vcGtpaW5mcmEvQ2VydHMvQkwyUEtJSU5UQ0EwMi5BTUUuR0JMX0FNRSUyMEluZnJhJTIwQ0ElMjAwNi5jcnQwUwYIKwYBBQUHMAKGR2h0dHA6Ly9jcmwxLmFtZS5nYmwvYWlhL0JMMlBLSUlOVENBMDIuQU1FLkdCTF9BTUUlMjBJbmZyYSUyMENBJTIwMDYuY3J0MFMGCCsGAQUFBzAChkdodHRwOi8vY3JsMi5hbWUuZ2JsL2FpYS9CTDJQS0lJTlRDQTAyLkFNRS5HQkxfQU1FJTIwSW5mcmElMjBDQSUyMDA2LmNydDBTBggrBgEFBQcwAoZHaHR0cDovL2NybDMuYW1lLmdibC9haWEvQkwyUEtJSU5UQ0EwMi5BTUUuR0JMX0FNRSUyMEluZnJhJTIwQ0ElMjAwNi5jcnQwUwYIKwYBBQUHMAKGR2h0dHA6Ly9jcmw0LmFtZS5nYmwvYWlhL0JMMlBLSUlOVENBMDIuQU1FLkdCTF9BTUUlMjBJbmZyYSUyMENBJTIwMDYuY3J0MB0GA1UdDgQWBBRKlJQpFyyZKSchkTlshetYOUX7xzAOBgNVHQ8BAf8EBAMCBaAwggEmBgNVHR8EggEdMIIBGTCCARWgggERoIIBDYY_aHR0cDovL2NybC5taWNyb3NvZnQuY29tL3BraWluZnJhL0NSTC9BTUUlMjBJbmZyYSUyMENBJTIwMDYuY3JshjFodHRwOi8vY3JsMS5hbWUuZ2JsL2NybC9BTUUlMjBJbmZyYSUyMENBJTIwMDYuY3JshjFodHRwOi8vY3JsMi5hbWUuZ2JsL2NybC9BTUUlMjBJbmZyYSUyMENBJTIwMDYuY3JshjFodHRwOi8vY3JsMy5hbWUuZ2JsL2NybC9BTUUlMjBJbmZyYSUyMENBJTIwMDYuY3JshjFodHRwOi8vY3JsNC5hbWUuZ2JsL2NybC9BTUUlMjBJbmZyYSUyMENBJTIwMDYuY3JsMIGdBgNVHSAEgZUwgZIwDAYKKwYBBAGCN3sBATBmBgorBgEEAYI3ewICMFgwVgYIKwYBBQUHAgIwSh5IADMAMwBlADAAMQA5ADIAMQAtADQAZAA2ADQALQA0AGYAOABjAC0AYQAwADUANQAtADUAYgBkAGEAZgBmAGQANQBlADMAMwBkMAwGCisGAQQBgjd7AwEwDAYKKwYBBAGCN3sEAjAfBgNVHSMEGDAWgBTxRmjG8cPwKy19i2rhsvm-NfzRQTAdBgNVHSUEFjAUBggrBgEFBQcDAQYIKwYBBQUHAwIwDQYJKoZIhvcNAQELBQADggEBAG0WbzLPsmSSMI7aTe2npixmkdCmwcdZHGd43tUnB8JKrLNJEFcBsQmbcIH0adpnQNrDgRkNBBOTZ4s1LIBlRQapZpPsRItAMUguVpGVRH08T0i43w9xrp_clNbAJrrfRbmYroF0WJKMJ0nwW2rPjxdevSRygGK_nEfywwFi-p1RhHnkiEGL4GnP7PpQcRvAYMdH9LO5MRY7iLbBmosKatS_eWtSJD1CvzglNwy_vQzx81Vnk0CgndqXcVq-loGu7R4U7mkQ2NNqLbp447STxkpP-6Mdyv8J4bdnf1s3vFBNpgvJWKogWcNLlo8jnkbEf6RPNGe1W5lma7JwMKAcPzY&s=cQgU5LSbDNyUJ433GY0iax7ZmdEum3bIpjRxjrSSuN1wJDtyllnY8K58Dayxb8sXf6TuLGWWKPaEfqsh174K8QVbqnYmzDGR85KkZPpHk_XQvFnWfOugHGic2q88JBnWFo5fBR2dYik90Ck8i2V0hMVyoQqPLBmCCsVFwUHK8otwNb4ih3hKEVO6HVclPE65a9j0ZVLRyd-l19EKZwDYrN1B3TzTwln9IM1jY5CGvdKMIm6FZHkP1CujOcZ31j7UospbfGQQPIZ4yQ3siR0slWpT6SDhJ9L-0zdWngTFxrc_KDALCnJnKLPX6Sdi2xfV9Rj-ETsFsS8OwRbr_KukHQ&h=9bRZBiw5OxrCzMjEo6uPx_lrqnemYAT_X2XydfwPDtE",
      "EncodedRequestUri": "L3N1YnNjcmlwdGlvbnMvZGZhOGQ3NzctMjZmMy00ZTVlLWJlMTktZDZkNWZhMzE3NmZjL29wZXJhdGlvbnJlc3VsdHMvZXlKcWIySkpaQ0k2SWxKRlUwOVZVa05GUjFKUFZWQkVSVXhGVkVsUFRrcFBRaTFRVXpVd09TMUZRVk5VVlZNeVJWVkJVQ0lzSW1wdllreHZZMkYwYVc5dUlqb2laV0Z6ZEhWek1tVjFZWEFpZlE/YXBpLXZlcnNpb249MjAxNi0wOS0wMSZ0PTYzODYzNDgzOTk2MTY1NDE0OCZjPU1JSUhoekNDQm0tZ0F3SUJBZ0lUSGdWcWhGOUdPb1VqdXlxUVdBQUFCV3FFWHpBTkJna3Foa2lHOXcwQkFRc0ZBREJFTVJNd0VRWUtDWkltaVpQeUxHUUJHUllEUjBKTU1STXdFUVlLQ1pJbWlaUHlMR1FCR1JZRFFVMUZNUmd3RmdZRFZRUURFdzlCVFVVZ1NXNW1jbUVnUTBFZ01EWXdIaGNOTWpRd09USXdNak14TVRReFdoY05NalV3TXpFNU1qTXhNVFF4V2pCQU1UNHdQQVlEVlFRREV6VmhjM2x1WTI5d1pYSmhkR2x2Ym5OcFoyNXBibWRqWlhKMGFXWnBZMkYwWlM1dFlXNWhaMlZ0Wlc1MExtRjZkWEpsTG1OdmJUQ0NBU0l3RFFZSktvWklodmNOQVFFQkJRQURnZ0VQQURDQ0FRb0NnZ0VCQUtSdGNZREJYUzd6ejV0UnR2VnloclVBanVkWWhlajFFMkQzZHA2WFd1UGRiVk1iUVp3TWx5ZTh2ZFQta0RoRkQ3VDJtcmRXcXNvR25UR2swX3hPSEJmTEduVy0wUVJVcXBlb1ROSWh1OHZjMkNmVFV0bTJ0MnNfLWZ6dkZ0UnloREE0bWZDSDFjejkyRVZqMHZkM0ZENGlrVzZiZE9wMU5rWUZxVVZCaEtsYnZKazZ5LVRiTEZCTFA1Wng0bTBVYS1fUDdhTXpiZ3ZPSmdNT1RDMmpMczV3X2xGREpXZVAzSUtVT2lKbXJmTHBmNGV5NU92OTRvQ0U2WW5jREJTSEpaS1djclN4REhnU3o5QVhyeGFyTDRITGFqR2JGM01SdmZrTU4yZ05YQ29pSlhCRXFDTERueVFaMEJnWEl2dUs3dkc4UmowVHloSk5qLVFQcjh0YVk2VUNBd0VBQWFPQ0JIUXdnZ1J3TUNjR0NTc0dBUVFCZ2pjVkNnUWFNQmd3Q2dZSUt3WUJCUVVIQXdFd0NnWUlLd1lCQlFVSEF3SXdQUVlKS3dZQkJBR0NOeFVIQkRBd0xnWW1Ld1lCQkFHQ054VUlocERqRFlUVnRIaUU4WXMtaFp2ZEZzNmRFb0ZnaGZtUlM0V3NtVFFDQVdRQ0FRY3dnZ0hMQmdnckJnRUZCUWNCQVFTQ0FiMHdnZ0c1TUdNR0NDc0dBUVVGQnpBQ2hsZG9kSFJ3T2k4dlkzSnNMbTFwWTNKdmMyOW1kQzVqYjIwdmNHdHBhVzVtY21FdlEyVnlkSE12UWt3eVVFdEpTVTVVUTBFd01pNUJUVVV1UjBKTVgwRk5SU1V5TUVsdVpuSmhKVEl3UTBFbE1qQXdOaTVqY25Rd1V3WUlLd1lCQlFVSE1BS0dSMmgwZEhBNkx5OWpjbXd4TG1GdFpTNW5ZbXd2WVdsaEwwSk1NbEJMU1VsT1ZFTkJNREl1UVUxRkxrZENURjlCVFVVbE1qQkpibVp5WVNVeU1FTkJKVEl3TURZdVkzSjBNRk1HQ0NzR0FRVUZCekFDaGtkb2RIUndPaTh2WTNKc01pNWhiV1V1WjJKc0wyRnBZUzlDVERKUVMwbEpUbFJEUVRBeUxrRk5SUzVIUWt4ZlFVMUZKVEl3U1c1bWNtRWxNakJEUVNVeU1EQTJMbU55ZERCVEJnZ3JCZ0VGQlFjd0FvWkhhSFIwY0RvdkwyTnliRE11WVcxbExtZGliQzloYVdFdlFrd3lVRXRKU1U1VVEwRXdNaTVCVFVVdVIwSk1YMEZOUlNVeU1FbHVabkpoSlRJd1EwRWxNakF3Tmk1amNuUXdVd1lJS3dZQkJRVUhNQUtHUjJoMGRIQTZMeTlqY213MExtRnRaUzVuWW13dllXbGhMMEpNTWxCTFNVbE9WRU5CTURJdVFVMUZMa2RDVEY5QlRVVWxNakJKYm1aeVlTVXlNRU5CSlRJd01EWXVZM0owTUIwR0ExVWREZ1FXQkJSS2xKUXBGeXlaS1NjaGtUbHNoZXRZT1VYN3h6QU9CZ05WSFE4QkFmOEVCQU1DQmFBd2dnRW1CZ05WSFI4RWdnRWRNSUlCR1RDQ0FSV2dnZ0VSb0lJQkRZWV9hSFIwY0RvdkwyTnliQzV0YVdOeWIzTnZablF1WTI5dEwzQnJhV2x1Wm5KaEwwTlNUQzlCVFVVbE1qQkpibVp5WVNVeU1FTkJKVEl3TURZdVkzSnNoakZvZEhSd09pOHZZM0pzTVM1aGJXVXVaMkpzTDJOeWJDOUJUVVVsTWpCSmJtWnlZU1V5TUVOQkpUSXdNRFl1WTNKc2hqRm9kSFJ3T2k4dlkzSnNNaTVoYldVdVoySnNMMk55YkM5QlRVVWxNakJKYm1aeVlTVXlNRU5CSlRJd01EWXVZM0pzaGpGb2RIUndPaTh2WTNKc015NWhiV1V1WjJKc0wyTnliQzlCVFVVbE1qQkpibVp5WVNVeU1FTkJKVEl3TURZdVkzSnNoakZvZEhSd09pOHZZM0pzTkM1aGJXVXVaMkpzTDJOeWJDOUJUVVVsTWpCSmJtWnlZU1V5TUVOQkpUSXdNRFl1WTNKc01JR2RCZ05WSFNBRWdaVXdnWkl3REFZS0t3WUJCQUdDTjNzQkFUQm1CZ29yQmdFRUFZSTNld0lDTUZnd1ZnWUlLd1lCQlFVSEFnSXdTaDVJQURNQU13QmxBREFBTVFBNUFESUFNUUF0QURRQVpBQTJBRFFBTFFBMEFHWUFPQUJqQUMwQVlRQXdBRFVBTlFBdEFEVUFZZ0JrQUdFQVpnQm1BR1FBTlFCbEFETUFNd0JrTUF3R0Npc0dBUVFCZ2pkN0F3RXdEQVlLS3dZQkJBR0NOM3NFQWpBZkJnTlZIU01FR0RBV2dCVHhSbWpHOGNQd0t5MTlpMnJoc3ZtLU5melJRVEFkQmdOVkhTVUVGakFVQmdnckJnRUZCUWNEQVFZSUt3WUJCUVVIQXdJd0RRWUpLb1pJaHZjTkFRRUxCUUFEZ2dFQkFHMFdiekxQc21TU01JN2FUZTJucGl4bWtkQ213Y2RaSEdkNDN0VW5COEpLckxOSkVGY0JzUW1iY0lIMGFkcG5RTnJEZ1JrTkJCT1RaNHMxTElCbFJRYXBacFBzUkl0QU1VZ3VWcEdWUkgwOFQwaTQzdzl4cnBfY2xOYkFKcnJmUmJtWXJvRjBXSktNSjBud1cyclBqeGRldlNSeWdHS19uRWZ5d3dGaS1wMVJoSG5raUVHTDRHblA3UHBRY1J2QVlNZEg5TE81TVJZN2lMYkJtb3NLYXRTX2VXdFNKRDFDdnpnbE53eV92UXp4ODFWbmswQ2duZHFYY1ZxLWxvR3U3UjRVN21rUTJOTnFMYnA0NDdTVHhrcFAtNk1keXY4SjRiZG5mMXMzdkZCTnBndkpXS29nV2NOTGxvOGpua2JFZjZSUE5HZTFXNWxtYTdKd01LQWNQelkmcz1jUWdVNUxTYkROeVVKNDMzR1kwaWF4N1ptZEV1bTNiSXBqUnhqclNTdU4xd0pEdHlsbG5ZOEs1OERheXhiOHNYZjZUdUxHV1dLUGFFZnFzaDE3NEs4UVZicW5ZbXpER1I4NUtrWlBwSGtfWFF2Rm5XZk91Z0hHaWMycTg4SkJuV0ZvNWZCUjJkWWlrOTBDazhpMlYwaE1WeW9RcVBMQm1DQ3NWRndVSEs4b3R3TmI0aWgzaEtFVk82SFZjbFBFNjVhOWowWlZMUnlkLWwxOUVLWndEWXJOMUIzVHpUd2xuOUlNMWpZNUNHdmRLTUltNkZaSGtQMUN1ak9jWjMxajdVb3NwYmZHUVFQSVo0eVEzc2lSMHNsV3BUNlNEaEo5TC0wemRXbmdURnhyY19LREFMQ25KbktMUFg2U2RpMnhmVjlSai1FVHNGc1M4T3dSYnJfS3VrSFEmaD05YlJaQml3NU94ckN6TWpFbzZ1UHhfbHJxbmVtWUFUX1gyWHlkZndQRHRF",
      "RequestMethod": "GET",
      "RequestHeaders": {
        "User-Agent": [
          "FxVersion/6.0.3324.36610",
          "OSName/Windows",
          "OSVersion/Microsoft.Windows.10.0.26100",
          "Microsoft.Azure.Management.Internal.Resources.ResourceManagementClient/1.3.101"
        ]
      },
      "RequestBody": "",
      "ResponseHeaders": {
        "Cache-Control": [
          "no-cache"
        ],
        "Pragma": [
          "no-cache"
        ],
        "Location": [
          "https://management.azure.com/subscriptions/dfa8d777-26f3-4e5e-be19-d6d5fa3176fc/operationresults/eyJqb2JJZCI6IlJFU09VUkNFR1JPVVBERUxFVElPTkpPQi1QUzUwOS1FQVNUVVMyRVVBUCIsImpvYkxvY2F0aW9uIjoiZWFzdHVzMmV1YXAifQ?api-version=2016-09-01&t=638634840114277624&c=MIIHhzCCBm-gAwIBAgITHgVqhF9GOoUjuyqQWAAABWqEXzANBgkqhkiG9w0BAQsFADBEMRMwEQYKCZImiZPyLGQBGRYDR0JMMRMwEQYKCZImiZPyLGQBGRYDQU1FMRgwFgYDVQQDEw9BTUUgSW5mcmEgQ0EgMDYwHhcNMjQwOTIwMjMxMTQxWhcNMjUwMzE5MjMxMTQxWjBAMT4wPAYDVQQDEzVhc3luY29wZXJhdGlvbnNpZ25pbmdjZXJ0aWZpY2F0ZS5tYW5hZ2VtZW50LmF6dXJlLmNvbTCCASIwDQYJKoZIhvcNAQEBBQADggEPADCCAQoCggEBAKRtcYDBXS7zz5tRtvVyhrUAjudYhej1E2D3dp6XWuPdbVMbQZwMlye8vdT-kDhFD7T2mrdWqsoGnTGk0_xOHBfLGnW-0QRUqpeoTNIhu8vc2CfTUtm2t2s_-fzvFtRyhDA4mfCH1cz92EVj0vd3FD4ikW6bdOp1NkYFqUVBhKlbvJk6y-TbLFBLP5Zx4m0Ua-_P7aMzbgvOJgMOTC2jLs5w_lFDJWeP3IKUOiJmrfLpf4ey5Ov94oCE6YncDBSHJZKWcrSxDHgSz9AXrxarL4HLajGbF3MRvfkMN2gNXCoiJXBEqCLDnyQZ0BgXIvuK7vG8Rj0TyhJNj-QPr8taY6UCAwEAAaOCBHQwggRwMCcGCSsGAQQBgjcVCgQaMBgwCgYIKwYBBQUHAwEwCgYIKwYBBQUHAwIwPQYJKwYBBAGCNxUHBDAwLgYmKwYBBAGCNxUIhpDjDYTVtHiE8Ys-hZvdFs6dEoFghfmRS4WsmTQCAWQCAQcwggHLBggrBgEFBQcBAQSCAb0wggG5MGMGCCsGAQUFBzAChldodHRwOi8vY3JsLm1pY3Jvc29mdC5jb20vcGtpaW5mcmEvQ2VydHMvQkwyUEtJSU5UQ0EwMi5BTUUuR0JMX0FNRSUyMEluZnJhJTIwQ0ElMjAwNi5jcnQwUwYIKwYBBQUHMAKGR2h0dHA6Ly9jcmwxLmFtZS5nYmwvYWlhL0JMMlBLSUlOVENBMDIuQU1FLkdCTF9BTUUlMjBJbmZyYSUyMENBJTIwMDYuY3J0MFMGCCsGAQUFBzAChkdodHRwOi8vY3JsMi5hbWUuZ2JsL2FpYS9CTDJQS0lJTlRDQTAyLkFNRS5HQkxfQU1FJTIwSW5mcmElMjBDQSUyMDA2LmNydDBTBggrBgEFBQcwAoZHaHR0cDovL2NybDMuYW1lLmdibC9haWEvQkwyUEtJSU5UQ0EwMi5BTUUuR0JMX0FNRSUyMEluZnJhJTIwQ0ElMjAwNi5jcnQwUwYIKwYBBQUHMAKGR2h0dHA6Ly9jcmw0LmFtZS5nYmwvYWlhL0JMMlBLSUlOVENBMDIuQU1FLkdCTF9BTUUlMjBJbmZyYSUyMENBJTIwMDYuY3J0MB0GA1UdDgQWBBRKlJQpFyyZKSchkTlshetYOUX7xzAOBgNVHQ8BAf8EBAMCBaAwggEmBgNVHR8EggEdMIIBGTCCARWgggERoIIBDYY_aHR0cDovL2NybC5taWNyb3NvZnQuY29tL3BraWluZnJhL0NSTC9BTUUlMjBJbmZyYSUyMENBJTIwMDYuY3JshjFodHRwOi8vY3JsMS5hbWUuZ2JsL2NybC9BTUUlMjBJbmZyYSUyMENBJTIwMDYuY3JshjFodHRwOi8vY3JsMi5hbWUuZ2JsL2NybC9BTUUlMjBJbmZyYSUyMENBJTIwMDYuY3JshjFodHRwOi8vY3JsMy5hbWUuZ2JsL2NybC9BTUUlMjBJbmZyYSUyMENBJTIwMDYuY3JshjFodHRwOi8vY3JsNC5hbWUuZ2JsL2NybC9BTUUlMjBJbmZyYSUyMENBJTIwMDYuY3JsMIGdBgNVHSAEgZUwgZIwDAYKKwYBBAGCN3sBATBmBgorBgEEAYI3ewICMFgwVgYIKwYBBQUHAgIwSh5IADMAMwBlADAAMQA5ADIAMQAtADQAZAA2ADQALQA0AGYAOABjAC0AYQAwADUANQAtADUAYgBkAGEAZgBmAGQANQBlADMAMwBkMAwGCisGAQQBgjd7AwEwDAYKKwYBBAGCN3sEAjAfBgNVHSMEGDAWgBTxRmjG8cPwKy19i2rhsvm-NfzRQTAdBgNVHSUEFjAUBggrBgEFBQcDAQYIKwYBBQUHAwIwDQYJKoZIhvcNAQELBQADggEBAG0WbzLPsmSSMI7aTe2npixmkdCmwcdZHGd43tUnB8JKrLNJEFcBsQmbcIH0adpnQNrDgRkNBBOTZ4s1LIBlRQapZpPsRItAMUguVpGVRH08T0i43w9xrp_clNbAJrrfRbmYroF0WJKMJ0nwW2rPjxdevSRygGK_nEfywwFi-p1RhHnkiEGL4GnP7PpQcRvAYMdH9LO5MRY7iLbBmosKatS_eWtSJD1CvzglNwy_vQzx81Vnk0CgndqXcVq-loGu7R4U7mkQ2NNqLbp447STxkpP-6Mdyv8J4bdnf1s3vFBNpgvJWKogWcNLlo8jnkbEf6RPNGe1W5lma7JwMKAcPzY&s=UyfI_jwtzqnaEODEUnQfeGcW2iGrh8KWzPMD5_dV0opkT6u524bh7dfIKhSiNnFeXIuJiOGlFwZZP3B2xzxSk-v429zHgmV_AFBVtyM0vifrH5H6Y83yrcxFht09O2rb3KNsOsAT_Amp9cjTobPqlSTDQ7MIdnv3y-V1hlojTc--uRGudXry-_Nx5FMMlOGZr7z6TkocKaO7WgPgV0X9C_MtiCGVPWqRGzRSjdpBaRszBYT4uDopHJitWyLWWl1KsKc0lUoAoU1-fVKXS26bqyKeFnYGG538kyVCDBaiPnuuloqGzgX8Za3PnuplBqDiP8GAOi3hnj7cOryuKjRNrQ&h=xCl9itSobVmwXMQm_gggx-ilMo45FqD8KTMm_4g9s7E"
        ],
        "Retry-After": [
          "15"
        ],
        "x-ms-ratelimit-remaining-subscription-reads": [
          "11999"
        ],
        "x-ms-request-id": [
          "ac6e30c9-b6ea-4b15-a2df-cbc365bb07e6"
        ],
        "x-ms-correlation-request-id": [
          "ac6e30c9-b6ea-4b15-a2df-cbc365bb07e6"
        ],
        "x-ms-routing-request-id": [
          "EASTUS:20241002T164011Z:ac6e30c9-b6ea-4b15-a2df-cbc365bb07e6"
        ],
        "Strict-Transport-Security": [
          "max-age=31536000; includeSubDomains"
        ],
        "X-Content-Type-Options": [
          "nosniff"
        ],
        "X-Cache": [
          "CONFIG_NOCACHE"
        ],
        "X-MSEdge-Ref": [
          "Ref A: 5D1DFF205932458BAC137D02A475028C Ref B: MNZ221060608049 Ref C: 2024-10-02T16:40:11Z"
        ],
        "Date": [
          "Wed, 02 Oct 2024 16:40:11 GMT"
        ],
        "Expires": [
          "-1"
        ],
        "Content-Length": [
          "0"
        ]
      },
      "ResponseBody": "",
      "StatusCode": 202
    },
    {
      "RequestUri": "/subscriptions/dfa8d777-26f3-4e5e-be19-d6d5fa3176fc/operationresults/eyJqb2JJZCI6IlJFU09VUkNFR1JPVVBERUxFVElPTkpPQi1QUzUwOS1FQVNUVVMyRVVBUCIsImpvYkxvY2F0aW9uIjoiZWFzdHVzMmV1YXAifQ?api-version=2016-09-01&t=638634840114277624&c=MIIHhzCCBm-gAwIBAgITHgVqhF9GOoUjuyqQWAAABWqEXzANBgkqhkiG9w0BAQsFADBEMRMwEQYKCZImiZPyLGQBGRYDR0JMMRMwEQYKCZImiZPyLGQBGRYDQU1FMRgwFgYDVQQDEw9BTUUgSW5mcmEgQ0EgMDYwHhcNMjQwOTIwMjMxMTQxWhcNMjUwMzE5MjMxMTQxWjBAMT4wPAYDVQQDEzVhc3luY29wZXJhdGlvbnNpZ25pbmdjZXJ0aWZpY2F0ZS5tYW5hZ2VtZW50LmF6dXJlLmNvbTCCASIwDQYJKoZIhvcNAQEBBQADggEPADCCAQoCggEBAKRtcYDBXS7zz5tRtvVyhrUAjudYhej1E2D3dp6XWuPdbVMbQZwMlye8vdT-kDhFD7T2mrdWqsoGnTGk0_xOHBfLGnW-0QRUqpeoTNIhu8vc2CfTUtm2t2s_-fzvFtRyhDA4mfCH1cz92EVj0vd3FD4ikW6bdOp1NkYFqUVBhKlbvJk6y-TbLFBLP5Zx4m0Ua-_P7aMzbgvOJgMOTC2jLs5w_lFDJWeP3IKUOiJmrfLpf4ey5Ov94oCE6YncDBSHJZKWcrSxDHgSz9AXrxarL4HLajGbF3MRvfkMN2gNXCoiJXBEqCLDnyQZ0BgXIvuK7vG8Rj0TyhJNj-QPr8taY6UCAwEAAaOCBHQwggRwMCcGCSsGAQQBgjcVCgQaMBgwCgYIKwYBBQUHAwEwCgYIKwYBBQUHAwIwPQYJKwYBBAGCNxUHBDAwLgYmKwYBBAGCNxUIhpDjDYTVtHiE8Ys-hZvdFs6dEoFghfmRS4WsmTQCAWQCAQcwggHLBggrBgEFBQcBAQSCAb0wggG5MGMGCCsGAQUFBzAChldodHRwOi8vY3JsLm1pY3Jvc29mdC5jb20vcGtpaW5mcmEvQ2VydHMvQkwyUEtJSU5UQ0EwMi5BTUUuR0JMX0FNRSUyMEluZnJhJTIwQ0ElMjAwNi5jcnQwUwYIKwYBBQUHMAKGR2h0dHA6Ly9jcmwxLmFtZS5nYmwvYWlhL0JMMlBLSUlOVENBMDIuQU1FLkdCTF9BTUUlMjBJbmZyYSUyMENBJTIwMDYuY3J0MFMGCCsGAQUFBzAChkdodHRwOi8vY3JsMi5hbWUuZ2JsL2FpYS9CTDJQS0lJTlRDQTAyLkFNRS5HQkxfQU1FJTIwSW5mcmElMjBDQSUyMDA2LmNydDBTBggrBgEFBQcwAoZHaHR0cDovL2NybDMuYW1lLmdibC9haWEvQkwyUEtJSU5UQ0EwMi5BTUUuR0JMX0FNRSUyMEluZnJhJTIwQ0ElMjAwNi5jcnQwUwYIKwYBBQUHMAKGR2h0dHA6Ly9jcmw0LmFtZS5nYmwvYWlhL0JMMlBLSUlOVENBMDIuQU1FLkdCTF9BTUUlMjBJbmZyYSUyMENBJTIwMDYuY3J0MB0GA1UdDgQWBBRKlJQpFyyZKSchkTlshetYOUX7xzAOBgNVHQ8BAf8EBAMCBaAwggEmBgNVHR8EggEdMIIBGTCCARWgggERoIIBDYY_aHR0cDovL2NybC5taWNyb3NvZnQuY29tL3BraWluZnJhL0NSTC9BTUUlMjBJbmZyYSUyMENBJTIwMDYuY3JshjFodHRwOi8vY3JsMS5hbWUuZ2JsL2NybC9BTUUlMjBJbmZyYSUyMENBJTIwMDYuY3JshjFodHRwOi8vY3JsMi5hbWUuZ2JsL2NybC9BTUUlMjBJbmZyYSUyMENBJTIwMDYuY3JshjFodHRwOi8vY3JsMy5hbWUuZ2JsL2NybC9BTUUlMjBJbmZyYSUyMENBJTIwMDYuY3JshjFodHRwOi8vY3JsNC5hbWUuZ2JsL2NybC9BTUUlMjBJbmZyYSUyMENBJTIwMDYuY3JsMIGdBgNVHSAEgZUwgZIwDAYKKwYBBAGCN3sBATBmBgorBgEEAYI3ewICMFgwVgYIKwYBBQUHAgIwSh5IADMAMwBlADAAMQA5ADIAMQAtADQAZAA2ADQALQA0AGYAOABjAC0AYQAwADUANQAtADUAYgBkAGEAZgBmAGQANQBlADMAMwBkMAwGCisGAQQBgjd7AwEwDAYKKwYBBAGCN3sEAjAfBgNVHSMEGDAWgBTxRmjG8cPwKy19i2rhsvm-NfzRQTAdBgNVHSUEFjAUBggrBgEFBQcDAQYIKwYBBQUHAwIwDQYJKoZIhvcNAQELBQADggEBAG0WbzLPsmSSMI7aTe2npixmkdCmwcdZHGd43tUnB8JKrLNJEFcBsQmbcIH0adpnQNrDgRkNBBOTZ4s1LIBlRQapZpPsRItAMUguVpGVRH08T0i43w9xrp_clNbAJrrfRbmYroF0WJKMJ0nwW2rPjxdevSRygGK_nEfywwFi-p1RhHnkiEGL4GnP7PpQcRvAYMdH9LO5MRY7iLbBmosKatS_eWtSJD1CvzglNwy_vQzx81Vnk0CgndqXcVq-loGu7R4U7mkQ2NNqLbp447STxkpP-6Mdyv8J4bdnf1s3vFBNpgvJWKogWcNLlo8jnkbEf6RPNGe1W5lma7JwMKAcPzY&s=UyfI_jwtzqnaEODEUnQfeGcW2iGrh8KWzPMD5_dV0opkT6u524bh7dfIKhSiNnFeXIuJiOGlFwZZP3B2xzxSk-v429zHgmV_AFBVtyM0vifrH5H6Y83yrcxFht09O2rb3KNsOsAT_Amp9cjTobPqlSTDQ7MIdnv3y-V1hlojTc--uRGudXry-_Nx5FMMlOGZr7z6TkocKaO7WgPgV0X9C_MtiCGVPWqRGzRSjdpBaRszBYT4uDopHJitWyLWWl1KsKc0lUoAoU1-fVKXS26bqyKeFnYGG538kyVCDBaiPnuuloqGzgX8Za3PnuplBqDiP8GAOi3hnj7cOryuKjRNrQ&h=xCl9itSobVmwXMQm_gggx-ilMo45FqD8KTMm_4g9s7E",
      "EncodedRequestUri": "L3N1YnNjcmlwdGlvbnMvZGZhOGQ3NzctMjZmMy00ZTVlLWJlMTktZDZkNWZhMzE3NmZjL29wZXJhdGlvbnJlc3VsdHMvZXlKcWIySkpaQ0k2SWxKRlUwOVZVa05GUjFKUFZWQkVSVXhGVkVsUFRrcFBRaTFRVXpVd09TMUZRVk5VVlZNeVJWVkJVQ0lzSW1wdllreHZZMkYwYVc5dUlqb2laV0Z6ZEhWek1tVjFZWEFpZlE/YXBpLXZlcnNpb249MjAxNi0wOS0wMSZ0PTYzODYzNDg0MDExNDI3NzYyNCZjPU1JSUhoekNDQm0tZ0F3SUJBZ0lUSGdWcWhGOUdPb1VqdXlxUVdBQUFCV3FFWHpBTkJna3Foa2lHOXcwQkFRc0ZBREJFTVJNd0VRWUtDWkltaVpQeUxHUUJHUllEUjBKTU1STXdFUVlLQ1pJbWlaUHlMR1FCR1JZRFFVMUZNUmd3RmdZRFZRUURFdzlCVFVVZ1NXNW1jbUVnUTBFZ01EWXdIaGNOTWpRd09USXdNak14TVRReFdoY05NalV3TXpFNU1qTXhNVFF4V2pCQU1UNHdQQVlEVlFRREV6VmhjM2x1WTI5d1pYSmhkR2x2Ym5OcFoyNXBibWRqWlhKMGFXWnBZMkYwWlM1dFlXNWhaMlZ0Wlc1MExtRjZkWEpsTG1OdmJUQ0NBU0l3RFFZSktvWklodmNOQVFFQkJRQURnZ0VQQURDQ0FRb0NnZ0VCQUtSdGNZREJYUzd6ejV0UnR2VnloclVBanVkWWhlajFFMkQzZHA2WFd1UGRiVk1iUVp3TWx5ZTh2ZFQta0RoRkQ3VDJtcmRXcXNvR25UR2swX3hPSEJmTEduVy0wUVJVcXBlb1ROSWh1OHZjMkNmVFV0bTJ0MnNfLWZ6dkZ0UnloREE0bWZDSDFjejkyRVZqMHZkM0ZENGlrVzZiZE9wMU5rWUZxVVZCaEtsYnZKazZ5LVRiTEZCTFA1Wng0bTBVYS1fUDdhTXpiZ3ZPSmdNT1RDMmpMczV3X2xGREpXZVAzSUtVT2lKbXJmTHBmNGV5NU92OTRvQ0U2WW5jREJTSEpaS1djclN4REhnU3o5QVhyeGFyTDRITGFqR2JGM01SdmZrTU4yZ05YQ29pSlhCRXFDTERueVFaMEJnWEl2dUs3dkc4UmowVHloSk5qLVFQcjh0YVk2VUNBd0VBQWFPQ0JIUXdnZ1J3TUNjR0NTc0dBUVFCZ2pjVkNnUWFNQmd3Q2dZSUt3WUJCUVVIQXdFd0NnWUlLd1lCQlFVSEF3SXdQUVlKS3dZQkJBR0NOeFVIQkRBd0xnWW1Ld1lCQkFHQ054VUlocERqRFlUVnRIaUU4WXMtaFp2ZEZzNmRFb0ZnaGZtUlM0V3NtVFFDQVdRQ0FRY3dnZ0hMQmdnckJnRUZCUWNCQVFTQ0FiMHdnZ0c1TUdNR0NDc0dBUVVGQnpBQ2hsZG9kSFJ3T2k4dlkzSnNMbTFwWTNKdmMyOW1kQzVqYjIwdmNHdHBhVzVtY21FdlEyVnlkSE12UWt3eVVFdEpTVTVVUTBFd01pNUJUVVV1UjBKTVgwRk5SU1V5TUVsdVpuSmhKVEl3UTBFbE1qQXdOaTVqY25Rd1V3WUlLd1lCQlFVSE1BS0dSMmgwZEhBNkx5OWpjbXd4TG1GdFpTNW5ZbXd2WVdsaEwwSk1NbEJMU1VsT1ZFTkJNREl1UVUxRkxrZENURjlCVFVVbE1qQkpibVp5WVNVeU1FTkJKVEl3TURZdVkzSjBNRk1HQ0NzR0FRVUZCekFDaGtkb2RIUndPaTh2WTNKc01pNWhiV1V1WjJKc0wyRnBZUzlDVERKUVMwbEpUbFJEUVRBeUxrRk5SUzVIUWt4ZlFVMUZKVEl3U1c1bWNtRWxNakJEUVNVeU1EQTJMbU55ZERCVEJnZ3JCZ0VGQlFjd0FvWkhhSFIwY0RvdkwyTnliRE11WVcxbExtZGliQzloYVdFdlFrd3lVRXRKU1U1VVEwRXdNaTVCVFVVdVIwSk1YMEZOUlNVeU1FbHVabkpoSlRJd1EwRWxNakF3Tmk1amNuUXdVd1lJS3dZQkJRVUhNQUtHUjJoMGRIQTZMeTlqY213MExtRnRaUzVuWW13dllXbGhMMEpNTWxCTFNVbE9WRU5CTURJdVFVMUZMa2RDVEY5QlRVVWxNakJKYm1aeVlTVXlNRU5CSlRJd01EWXVZM0owTUIwR0ExVWREZ1FXQkJSS2xKUXBGeXlaS1NjaGtUbHNoZXRZT1VYN3h6QU9CZ05WSFE4QkFmOEVCQU1DQmFBd2dnRW1CZ05WSFI4RWdnRWRNSUlCR1RDQ0FSV2dnZ0VSb0lJQkRZWV9hSFIwY0RvdkwyTnliQzV0YVdOeWIzTnZablF1WTI5dEwzQnJhV2x1Wm5KaEwwTlNUQzlCVFVVbE1qQkpibVp5WVNVeU1FTkJKVEl3TURZdVkzSnNoakZvZEhSd09pOHZZM0pzTVM1aGJXVXVaMkpzTDJOeWJDOUJUVVVsTWpCSmJtWnlZU1V5TUVOQkpUSXdNRFl1WTNKc2hqRm9kSFJ3T2k4dlkzSnNNaTVoYldVdVoySnNMMk55YkM5QlRVVWxNakJKYm1aeVlTVXlNRU5CSlRJd01EWXVZM0pzaGpGb2RIUndPaTh2WTNKc015NWhiV1V1WjJKc0wyTnliQzlCVFVVbE1qQkpibVp5WVNVeU1FTkJKVEl3TURZdVkzSnNoakZvZEhSd09pOHZZM0pzTkM1aGJXVXVaMkpzTDJOeWJDOUJUVVVsTWpCSmJtWnlZU1V5TUVOQkpUSXdNRFl1WTNKc01JR2RCZ05WSFNBRWdaVXdnWkl3REFZS0t3WUJCQUdDTjNzQkFUQm1CZ29yQmdFRUFZSTNld0lDTUZnd1ZnWUlLd1lCQlFVSEFnSXdTaDVJQURNQU13QmxBREFBTVFBNUFESUFNUUF0QURRQVpBQTJBRFFBTFFBMEFHWUFPQUJqQUMwQVlRQXdBRFVBTlFBdEFEVUFZZ0JrQUdFQVpnQm1BR1FBTlFCbEFETUFNd0JrTUF3R0Npc0dBUVFCZ2pkN0F3RXdEQVlLS3dZQkJBR0NOM3NFQWpBZkJnTlZIU01FR0RBV2dCVHhSbWpHOGNQd0t5MTlpMnJoc3ZtLU5melJRVEFkQmdOVkhTVUVGakFVQmdnckJnRUZCUWNEQVFZSUt3WUJCUVVIQXdJd0RRWUpLb1pJaHZjTkFRRUxCUUFEZ2dFQkFHMFdiekxQc21TU01JN2FUZTJucGl4bWtkQ213Y2RaSEdkNDN0VW5COEpLckxOSkVGY0JzUW1iY0lIMGFkcG5RTnJEZ1JrTkJCT1RaNHMxTElCbFJRYXBacFBzUkl0QU1VZ3VWcEdWUkgwOFQwaTQzdzl4cnBfY2xOYkFKcnJmUmJtWXJvRjBXSktNSjBud1cyclBqeGRldlNSeWdHS19uRWZ5d3dGaS1wMVJoSG5raUVHTDRHblA3UHBRY1J2QVlNZEg5TE81TVJZN2lMYkJtb3NLYXRTX2VXdFNKRDFDdnpnbE53eV92UXp4ODFWbmswQ2duZHFYY1ZxLWxvR3U3UjRVN21rUTJOTnFMYnA0NDdTVHhrcFAtNk1keXY4SjRiZG5mMXMzdkZCTnBndkpXS29nV2NOTGxvOGpua2JFZjZSUE5HZTFXNWxtYTdKd01LQWNQelkmcz1VeWZJX2p3dHpxbmFFT0RFVW5RZmVHY1cyaUdyaDhLV3pQTUQ1X2RWMG9wa1Q2dTUyNGJoN2RmSUtoU2lObkZlWEl1SmlPR2xGd1paUDNCMnh6eFNrLXY0Mjl6SGdtVl9BRkJWdHlNMHZpZnJINUg2WTgzeXJjeEZodDA5TzJyYjNLTnNPc0FUX0FtcDljalRvYlBxbFNURFE3TUlkbnYzeS1WMWhsb2pUYy0tdVJHdWRYcnktX054NUZNTWxPR1pyN3o2VGtvY0thTzdXZ1BnVjBYOUNfTXRpQ0dWUFdxUkd6UlNqZHBCYVJzekJZVDR1RG9wSEppdFd5TFdXbDFLc0tjMGxVb0FvVTEtZlZLWFMyNmJxeUtlRm5ZR0c1MzhreVZDREJhaVBudXVsb3FHemdYOFphM1BudXBsQnFEaVA4R0FPaTNobmo3Y09yeXVLalJOclEmaD14Q2w5aXRTb2JWbXdYTVFtX2dnZ3gtaWxNbzQ1RnFEOEtUTW1fNGc5czdF",
      "RequestMethod": "GET",
      "RequestHeaders": {
        "User-Agent": [
          "FxVersion/6.0.3324.36610",
          "OSName/Windows",
          "OSVersion/Microsoft.Windows.10.0.26100",
          "Microsoft.Azure.Management.Internal.Resources.ResourceManagementClient/1.3.101"
        ]
      },
      "RequestBody": "",
      "ResponseHeaders": {
        "Cache-Control": [
          "no-cache"
        ],
        "Pragma": [
          "no-cache"
        ],
        "Location": [
          "https://management.azure.com/subscriptions/dfa8d777-26f3-4e5e-be19-d6d5fa3176fc/operationresults/eyJqb2JJZCI6IlJFU09VUkNFR1JPVVBERUxFVElPTkpPQi1QUzUwOS1FQVNUVVMyRVVBUCIsImpvYkxvY2F0aW9uIjoiZWFzdHVzMmV1YXAifQ?api-version=2016-09-01&t=638634840265328854&c=MIIHhzCCBm-gAwIBAgITHgVqhF9GOoUjuyqQWAAABWqEXzANBgkqhkiG9w0BAQsFADBEMRMwEQYKCZImiZPyLGQBGRYDR0JMMRMwEQYKCZImiZPyLGQBGRYDQU1FMRgwFgYDVQQDEw9BTUUgSW5mcmEgQ0EgMDYwHhcNMjQwOTIwMjMxMTQxWhcNMjUwMzE5MjMxMTQxWjBAMT4wPAYDVQQDEzVhc3luY29wZXJhdGlvbnNpZ25pbmdjZXJ0aWZpY2F0ZS5tYW5hZ2VtZW50LmF6dXJlLmNvbTCCASIwDQYJKoZIhvcNAQEBBQADggEPADCCAQoCggEBAKRtcYDBXS7zz5tRtvVyhrUAjudYhej1E2D3dp6XWuPdbVMbQZwMlye8vdT-kDhFD7T2mrdWqsoGnTGk0_xOHBfLGnW-0QRUqpeoTNIhu8vc2CfTUtm2t2s_-fzvFtRyhDA4mfCH1cz92EVj0vd3FD4ikW6bdOp1NkYFqUVBhKlbvJk6y-TbLFBLP5Zx4m0Ua-_P7aMzbgvOJgMOTC2jLs5w_lFDJWeP3IKUOiJmrfLpf4ey5Ov94oCE6YncDBSHJZKWcrSxDHgSz9AXrxarL4HLajGbF3MRvfkMN2gNXCoiJXBEqCLDnyQZ0BgXIvuK7vG8Rj0TyhJNj-QPr8taY6UCAwEAAaOCBHQwggRwMCcGCSsGAQQBgjcVCgQaMBgwCgYIKwYBBQUHAwEwCgYIKwYBBQUHAwIwPQYJKwYBBAGCNxUHBDAwLgYmKwYBBAGCNxUIhpDjDYTVtHiE8Ys-hZvdFs6dEoFghfmRS4WsmTQCAWQCAQcwggHLBggrBgEFBQcBAQSCAb0wggG5MGMGCCsGAQUFBzAChldodHRwOi8vY3JsLm1pY3Jvc29mdC5jb20vcGtpaW5mcmEvQ2VydHMvQkwyUEtJSU5UQ0EwMi5BTUUuR0JMX0FNRSUyMEluZnJhJTIwQ0ElMjAwNi5jcnQwUwYIKwYBBQUHMAKGR2h0dHA6Ly9jcmwxLmFtZS5nYmwvYWlhL0JMMlBLSUlOVENBMDIuQU1FLkdCTF9BTUUlMjBJbmZyYSUyMENBJTIwMDYuY3J0MFMGCCsGAQUFBzAChkdodHRwOi8vY3JsMi5hbWUuZ2JsL2FpYS9CTDJQS0lJTlRDQTAyLkFNRS5HQkxfQU1FJTIwSW5mcmElMjBDQSUyMDA2LmNydDBTBggrBgEFBQcwAoZHaHR0cDovL2NybDMuYW1lLmdibC9haWEvQkwyUEtJSU5UQ0EwMi5BTUUuR0JMX0FNRSUyMEluZnJhJTIwQ0ElMjAwNi5jcnQwUwYIKwYBBQUHMAKGR2h0dHA6Ly9jcmw0LmFtZS5nYmwvYWlhL0JMMlBLSUlOVENBMDIuQU1FLkdCTF9BTUUlMjBJbmZyYSUyMENBJTIwMDYuY3J0MB0GA1UdDgQWBBRKlJQpFyyZKSchkTlshetYOUX7xzAOBgNVHQ8BAf8EBAMCBaAwggEmBgNVHR8EggEdMIIBGTCCARWgggERoIIBDYY_aHR0cDovL2NybC5taWNyb3NvZnQuY29tL3BraWluZnJhL0NSTC9BTUUlMjBJbmZyYSUyMENBJTIwMDYuY3JshjFodHRwOi8vY3JsMS5hbWUuZ2JsL2NybC9BTUUlMjBJbmZyYSUyMENBJTIwMDYuY3JshjFodHRwOi8vY3JsMi5hbWUuZ2JsL2NybC9BTUUlMjBJbmZyYSUyMENBJTIwMDYuY3JshjFodHRwOi8vY3JsMy5hbWUuZ2JsL2NybC9BTUUlMjBJbmZyYSUyMENBJTIwMDYuY3JshjFodHRwOi8vY3JsNC5hbWUuZ2JsL2NybC9BTUUlMjBJbmZyYSUyMENBJTIwMDYuY3JsMIGdBgNVHSAEgZUwgZIwDAYKKwYBBAGCN3sBATBmBgorBgEEAYI3ewICMFgwVgYIKwYBBQUHAgIwSh5IADMAMwBlADAAMQA5ADIAMQAtADQAZAA2ADQALQA0AGYAOABjAC0AYQAwADUANQAtADUAYgBkAGEAZgBmAGQANQBlADMAMwBkMAwGCisGAQQBgjd7AwEwDAYKKwYBBAGCN3sEAjAfBgNVHSMEGDAWgBTxRmjG8cPwKy19i2rhsvm-NfzRQTAdBgNVHSUEFjAUBggrBgEFBQcDAQYIKwYBBQUHAwIwDQYJKoZIhvcNAQELBQADggEBAG0WbzLPsmSSMI7aTe2npixmkdCmwcdZHGd43tUnB8JKrLNJEFcBsQmbcIH0adpnQNrDgRkNBBOTZ4s1LIBlRQapZpPsRItAMUguVpGVRH08T0i43w9xrp_clNbAJrrfRbmYroF0WJKMJ0nwW2rPjxdevSRygGK_nEfywwFi-p1RhHnkiEGL4GnP7PpQcRvAYMdH9LO5MRY7iLbBmosKatS_eWtSJD1CvzglNwy_vQzx81Vnk0CgndqXcVq-loGu7R4U7mkQ2NNqLbp447STxkpP-6Mdyv8J4bdnf1s3vFBNpgvJWKogWcNLlo8jnkbEf6RPNGe1W5lma7JwMKAcPzY&s=X-X5p5iIk1s3T8w1DX3n18mZDNDdGSeFFBXSGqRyQiVztUlORwbe4fdGWU8fwugiTs-lCAKrkyVzGcZ1_6gGg88n8Bnm7xHgBWRjx2nwU78EbbHHsdm5wAw8Nnw_tYh6yD2amiLCNpePMdGOA70Qwpbmxf2RR8KVza6G9XGN5l4DBLM6JIW0cTTrN4_W8sWvz7RGAKP_yiX57voSYqU1KGkU-Z0CO_M3QvqssheZtGKWbJRu50qjPiXNULr3HNnm5v4qHyCJBpeiEfAhrt0rSoJkgUaTDOP8auW-j1RKqL4HFTw9ScjWxykK41czBnJzO_uPIpQ3gM4KYRw5AuEdlg&h=Gtpf1pVm90tFjjFWIv52L0_ay_mEOwQIh0x-fzOBI3k"
        ],
        "Retry-After": [
          "15"
        ],
        "x-ms-ratelimit-remaining-subscription-reads": [
          "11999"
        ],
        "x-ms-request-id": [
          "cfb3828e-3513-46e6-b3cb-802a1d4c4cbc"
        ],
        "x-ms-correlation-request-id": [
          "cfb3828e-3513-46e6-b3cb-802a1d4c4cbc"
        ],
        "x-ms-routing-request-id": [
          "EASTUS:20241002T164026Z:cfb3828e-3513-46e6-b3cb-802a1d4c4cbc"
        ],
        "Strict-Transport-Security": [
          "max-age=31536000; includeSubDomains"
        ],
        "X-Content-Type-Options": [
          "nosniff"
        ],
        "X-Cache": [
          "CONFIG_NOCACHE"
        ],
        "X-MSEdge-Ref": [
          "Ref A: DD36650997DF45DDACB58B933D2104FC Ref B: MNZ221060608049 Ref C: 2024-10-02T16:40:26Z"
        ],
        "Date": [
          "Wed, 02 Oct 2024 16:40:26 GMT"
        ],
        "Expires": [
          "-1"
        ],
        "Content-Length": [
          "0"
        ]
      },
      "ResponseBody": "",
      "StatusCode": 202
    },
    {
      "RequestUri": "/subscriptions/dfa8d777-26f3-4e5e-be19-d6d5fa3176fc/operationresults/eyJqb2JJZCI6IlJFU09VUkNFR1JPVVBERUxFVElPTkpPQi1QUzUwOS1FQVNUVVMyRVVBUCIsImpvYkxvY2F0aW9uIjoiZWFzdHVzMmV1YXAifQ?api-version=2016-09-01&t=638634840265328854&c=MIIHhzCCBm-gAwIBAgITHgVqhF9GOoUjuyqQWAAABWqEXzANBgkqhkiG9w0BAQsFADBEMRMwEQYKCZImiZPyLGQBGRYDR0JMMRMwEQYKCZImiZPyLGQBGRYDQU1FMRgwFgYDVQQDEw9BTUUgSW5mcmEgQ0EgMDYwHhcNMjQwOTIwMjMxMTQxWhcNMjUwMzE5MjMxMTQxWjBAMT4wPAYDVQQDEzVhc3luY29wZXJhdGlvbnNpZ25pbmdjZXJ0aWZpY2F0ZS5tYW5hZ2VtZW50LmF6dXJlLmNvbTCCASIwDQYJKoZIhvcNAQEBBQADggEPADCCAQoCggEBAKRtcYDBXS7zz5tRtvVyhrUAjudYhej1E2D3dp6XWuPdbVMbQZwMlye8vdT-kDhFD7T2mrdWqsoGnTGk0_xOHBfLGnW-0QRUqpeoTNIhu8vc2CfTUtm2t2s_-fzvFtRyhDA4mfCH1cz92EVj0vd3FD4ikW6bdOp1NkYFqUVBhKlbvJk6y-TbLFBLP5Zx4m0Ua-_P7aMzbgvOJgMOTC2jLs5w_lFDJWeP3IKUOiJmrfLpf4ey5Ov94oCE6YncDBSHJZKWcrSxDHgSz9AXrxarL4HLajGbF3MRvfkMN2gNXCoiJXBEqCLDnyQZ0BgXIvuK7vG8Rj0TyhJNj-QPr8taY6UCAwEAAaOCBHQwggRwMCcGCSsGAQQBgjcVCgQaMBgwCgYIKwYBBQUHAwEwCgYIKwYBBQUHAwIwPQYJKwYBBAGCNxUHBDAwLgYmKwYBBAGCNxUIhpDjDYTVtHiE8Ys-hZvdFs6dEoFghfmRS4WsmTQCAWQCAQcwggHLBggrBgEFBQcBAQSCAb0wggG5MGMGCCsGAQUFBzAChldodHRwOi8vY3JsLm1pY3Jvc29mdC5jb20vcGtpaW5mcmEvQ2VydHMvQkwyUEtJSU5UQ0EwMi5BTUUuR0JMX0FNRSUyMEluZnJhJTIwQ0ElMjAwNi5jcnQwUwYIKwYBBQUHMAKGR2h0dHA6Ly9jcmwxLmFtZS5nYmwvYWlhL0JMMlBLSUlOVENBMDIuQU1FLkdCTF9BTUUlMjBJbmZyYSUyMENBJTIwMDYuY3J0MFMGCCsGAQUFBzAChkdodHRwOi8vY3JsMi5hbWUuZ2JsL2FpYS9CTDJQS0lJTlRDQTAyLkFNRS5HQkxfQU1FJTIwSW5mcmElMjBDQSUyMDA2LmNydDBTBggrBgEFBQcwAoZHaHR0cDovL2NybDMuYW1lLmdibC9haWEvQkwyUEtJSU5UQ0EwMi5BTUUuR0JMX0FNRSUyMEluZnJhJTIwQ0ElMjAwNi5jcnQwUwYIKwYBBQUHMAKGR2h0dHA6Ly9jcmw0LmFtZS5nYmwvYWlhL0JMMlBLSUlOVENBMDIuQU1FLkdCTF9BTUUlMjBJbmZyYSUyMENBJTIwMDYuY3J0MB0GA1UdDgQWBBRKlJQpFyyZKSchkTlshetYOUX7xzAOBgNVHQ8BAf8EBAMCBaAwggEmBgNVHR8EggEdMIIBGTCCARWgggERoIIBDYY_aHR0cDovL2NybC5taWNyb3NvZnQuY29tL3BraWluZnJhL0NSTC9BTUUlMjBJbmZyYSUyMENBJTIwMDYuY3JshjFodHRwOi8vY3JsMS5hbWUuZ2JsL2NybC9BTUUlMjBJbmZyYSUyMENBJTIwMDYuY3JshjFodHRwOi8vY3JsMi5hbWUuZ2JsL2NybC9BTUUlMjBJbmZyYSUyMENBJTIwMDYuY3JshjFodHRwOi8vY3JsMy5hbWUuZ2JsL2NybC9BTUUlMjBJbmZyYSUyMENBJTIwMDYuY3JshjFodHRwOi8vY3JsNC5hbWUuZ2JsL2NybC9BTUUlMjBJbmZyYSUyMENBJTIwMDYuY3JsMIGdBgNVHSAEgZUwgZIwDAYKKwYBBAGCN3sBATBmBgorBgEEAYI3ewICMFgwVgYIKwYBBQUHAgIwSh5IADMAMwBlADAAMQA5ADIAMQAtADQAZAA2ADQALQA0AGYAOABjAC0AYQAwADUANQAtADUAYgBkAGEAZgBmAGQANQBlADMAMwBkMAwGCisGAQQBgjd7AwEwDAYKKwYBBAGCN3sEAjAfBgNVHSMEGDAWgBTxRmjG8cPwKy19i2rhsvm-NfzRQTAdBgNVHSUEFjAUBggrBgEFBQcDAQYIKwYBBQUHAwIwDQYJKoZIhvcNAQELBQADggEBAG0WbzLPsmSSMI7aTe2npixmkdCmwcdZHGd43tUnB8JKrLNJEFcBsQmbcIH0adpnQNrDgRkNBBOTZ4s1LIBlRQapZpPsRItAMUguVpGVRH08T0i43w9xrp_clNbAJrrfRbmYroF0WJKMJ0nwW2rPjxdevSRygGK_nEfywwFi-p1RhHnkiEGL4GnP7PpQcRvAYMdH9LO5MRY7iLbBmosKatS_eWtSJD1CvzglNwy_vQzx81Vnk0CgndqXcVq-loGu7R4U7mkQ2NNqLbp447STxkpP-6Mdyv8J4bdnf1s3vFBNpgvJWKogWcNLlo8jnkbEf6RPNGe1W5lma7JwMKAcPzY&s=X-X5p5iIk1s3T8w1DX3n18mZDNDdGSeFFBXSGqRyQiVztUlORwbe4fdGWU8fwugiTs-lCAKrkyVzGcZ1_6gGg88n8Bnm7xHgBWRjx2nwU78EbbHHsdm5wAw8Nnw_tYh6yD2amiLCNpePMdGOA70Qwpbmxf2RR8KVza6G9XGN5l4DBLM6JIW0cTTrN4_W8sWvz7RGAKP_yiX57voSYqU1KGkU-Z0CO_M3QvqssheZtGKWbJRu50qjPiXNULr3HNnm5v4qHyCJBpeiEfAhrt0rSoJkgUaTDOP8auW-j1RKqL4HFTw9ScjWxykK41czBnJzO_uPIpQ3gM4KYRw5AuEdlg&h=Gtpf1pVm90tFjjFWIv52L0_ay_mEOwQIh0x-fzOBI3k",
      "EncodedRequestUri": "L3N1YnNjcmlwdGlvbnMvZGZhOGQ3NzctMjZmMy00ZTVlLWJlMTktZDZkNWZhMzE3NmZjL29wZXJhdGlvbnJlc3VsdHMvZXlKcWIySkpaQ0k2SWxKRlUwOVZVa05GUjFKUFZWQkVSVXhGVkVsUFRrcFBRaTFRVXpVd09TMUZRVk5VVlZNeVJWVkJVQ0lzSW1wdllreHZZMkYwYVc5dUlqb2laV0Z6ZEhWek1tVjFZWEFpZlE/YXBpLXZlcnNpb249MjAxNi0wOS0wMSZ0PTYzODYzNDg0MDI2NTMyODg1NCZjPU1JSUhoekNDQm0tZ0F3SUJBZ0lUSGdWcWhGOUdPb1VqdXlxUVdBQUFCV3FFWHpBTkJna3Foa2lHOXcwQkFRc0ZBREJFTVJNd0VRWUtDWkltaVpQeUxHUUJHUllEUjBKTU1STXdFUVlLQ1pJbWlaUHlMR1FCR1JZRFFVMUZNUmd3RmdZRFZRUURFdzlCVFVVZ1NXNW1jbUVnUTBFZ01EWXdIaGNOTWpRd09USXdNak14TVRReFdoY05NalV3TXpFNU1qTXhNVFF4V2pCQU1UNHdQQVlEVlFRREV6VmhjM2x1WTI5d1pYSmhkR2x2Ym5OcFoyNXBibWRqWlhKMGFXWnBZMkYwWlM1dFlXNWhaMlZ0Wlc1MExtRjZkWEpsTG1OdmJUQ0NBU0l3RFFZSktvWklodmNOQVFFQkJRQURnZ0VQQURDQ0FRb0NnZ0VCQUtSdGNZREJYUzd6ejV0UnR2VnloclVBanVkWWhlajFFMkQzZHA2WFd1UGRiVk1iUVp3TWx5ZTh2ZFQta0RoRkQ3VDJtcmRXcXNvR25UR2swX3hPSEJmTEduVy0wUVJVcXBlb1ROSWh1OHZjMkNmVFV0bTJ0MnNfLWZ6dkZ0UnloREE0bWZDSDFjejkyRVZqMHZkM0ZENGlrVzZiZE9wMU5rWUZxVVZCaEtsYnZKazZ5LVRiTEZCTFA1Wng0bTBVYS1fUDdhTXpiZ3ZPSmdNT1RDMmpMczV3X2xGREpXZVAzSUtVT2lKbXJmTHBmNGV5NU92OTRvQ0U2WW5jREJTSEpaS1djclN4REhnU3o5QVhyeGFyTDRITGFqR2JGM01SdmZrTU4yZ05YQ29pSlhCRXFDTERueVFaMEJnWEl2dUs3dkc4UmowVHloSk5qLVFQcjh0YVk2VUNBd0VBQWFPQ0JIUXdnZ1J3TUNjR0NTc0dBUVFCZ2pjVkNnUWFNQmd3Q2dZSUt3WUJCUVVIQXdFd0NnWUlLd1lCQlFVSEF3SXdQUVlKS3dZQkJBR0NOeFVIQkRBd0xnWW1Ld1lCQkFHQ054VUlocERqRFlUVnRIaUU4WXMtaFp2ZEZzNmRFb0ZnaGZtUlM0V3NtVFFDQVdRQ0FRY3dnZ0hMQmdnckJnRUZCUWNCQVFTQ0FiMHdnZ0c1TUdNR0NDc0dBUVVGQnpBQ2hsZG9kSFJ3T2k4dlkzSnNMbTFwWTNKdmMyOW1kQzVqYjIwdmNHdHBhVzVtY21FdlEyVnlkSE12UWt3eVVFdEpTVTVVUTBFd01pNUJUVVV1UjBKTVgwRk5SU1V5TUVsdVpuSmhKVEl3UTBFbE1qQXdOaTVqY25Rd1V3WUlLd1lCQlFVSE1BS0dSMmgwZEhBNkx5OWpjbXd4TG1GdFpTNW5ZbXd2WVdsaEwwSk1NbEJMU1VsT1ZFTkJNREl1UVUxRkxrZENURjlCVFVVbE1qQkpibVp5WVNVeU1FTkJKVEl3TURZdVkzSjBNRk1HQ0NzR0FRVUZCekFDaGtkb2RIUndPaTh2WTNKc01pNWhiV1V1WjJKc0wyRnBZUzlDVERKUVMwbEpUbFJEUVRBeUxrRk5SUzVIUWt4ZlFVMUZKVEl3U1c1bWNtRWxNakJEUVNVeU1EQTJMbU55ZERCVEJnZ3JCZ0VGQlFjd0FvWkhhSFIwY0RvdkwyTnliRE11WVcxbExtZGliQzloYVdFdlFrd3lVRXRKU1U1VVEwRXdNaTVCVFVVdVIwSk1YMEZOUlNVeU1FbHVabkpoSlRJd1EwRWxNakF3Tmk1amNuUXdVd1lJS3dZQkJRVUhNQUtHUjJoMGRIQTZMeTlqY213MExtRnRaUzVuWW13dllXbGhMMEpNTWxCTFNVbE9WRU5CTURJdVFVMUZMa2RDVEY5QlRVVWxNakJKYm1aeVlTVXlNRU5CSlRJd01EWXVZM0owTUIwR0ExVWREZ1FXQkJSS2xKUXBGeXlaS1NjaGtUbHNoZXRZT1VYN3h6QU9CZ05WSFE4QkFmOEVCQU1DQmFBd2dnRW1CZ05WSFI4RWdnRWRNSUlCR1RDQ0FSV2dnZ0VSb0lJQkRZWV9hSFIwY0RvdkwyTnliQzV0YVdOeWIzTnZablF1WTI5dEwzQnJhV2x1Wm5KaEwwTlNUQzlCVFVVbE1qQkpibVp5WVNVeU1FTkJKVEl3TURZdVkzSnNoakZvZEhSd09pOHZZM0pzTVM1aGJXVXVaMkpzTDJOeWJDOUJUVVVsTWpCSmJtWnlZU1V5TUVOQkpUSXdNRFl1WTNKc2hqRm9kSFJ3T2k4dlkzSnNNaTVoYldVdVoySnNMMk55YkM5QlRVVWxNakJKYm1aeVlTVXlNRU5CSlRJd01EWXVZM0pzaGpGb2RIUndPaTh2WTNKc015NWhiV1V1WjJKc0wyTnliQzlCVFVVbE1qQkpibVp5WVNVeU1FTkJKVEl3TURZdVkzSnNoakZvZEhSd09pOHZZM0pzTkM1aGJXVXVaMkpzTDJOeWJDOUJUVVVsTWpCSmJtWnlZU1V5TUVOQkpUSXdNRFl1WTNKc01JR2RCZ05WSFNBRWdaVXdnWkl3REFZS0t3WUJCQUdDTjNzQkFUQm1CZ29yQmdFRUFZSTNld0lDTUZnd1ZnWUlLd1lCQlFVSEFnSXdTaDVJQURNQU13QmxBREFBTVFBNUFESUFNUUF0QURRQVpBQTJBRFFBTFFBMEFHWUFPQUJqQUMwQVlRQXdBRFVBTlFBdEFEVUFZZ0JrQUdFQVpnQm1BR1FBTlFCbEFETUFNd0JrTUF3R0Npc0dBUVFCZ2pkN0F3RXdEQVlLS3dZQkJBR0NOM3NFQWpBZkJnTlZIU01FR0RBV2dCVHhSbWpHOGNQd0t5MTlpMnJoc3ZtLU5melJRVEFkQmdOVkhTVUVGakFVQmdnckJnRUZCUWNEQVFZSUt3WUJCUVVIQXdJd0RRWUpLb1pJaHZjTkFRRUxCUUFEZ2dFQkFHMFdiekxQc21TU01JN2FUZTJucGl4bWtkQ213Y2RaSEdkNDN0VW5COEpLckxOSkVGY0JzUW1iY0lIMGFkcG5RTnJEZ1JrTkJCT1RaNHMxTElCbFJRYXBacFBzUkl0QU1VZ3VWcEdWUkgwOFQwaTQzdzl4cnBfY2xOYkFKcnJmUmJtWXJvRjBXSktNSjBud1cyclBqeGRldlNSeWdHS19uRWZ5d3dGaS1wMVJoSG5raUVHTDRHblA3UHBRY1J2QVlNZEg5TE81TVJZN2lMYkJtb3NLYXRTX2VXdFNKRDFDdnpnbE53eV92UXp4ODFWbmswQ2duZHFYY1ZxLWxvR3U3UjRVN21rUTJOTnFMYnA0NDdTVHhrcFAtNk1keXY4SjRiZG5mMXMzdkZCTnBndkpXS29nV2NOTGxvOGpua2JFZjZSUE5HZTFXNWxtYTdKd01LQWNQelkmcz1YLVg1cDVpSWsxczNUOHcxRFgzbjE4bVpETkRkR1NlRkZCWFNHcVJ5UWlWenRVbE9Sd2JlNGZkR1dVOGZ3dWdpVHMtbENBS3JreVZ6R2NaMV82Z0dnODhuOEJubTd4SGdCV1JqeDJud1U3OEViYkhIc2RtNXdBdzhObndfdFloNnlEMmFtaUxDTnBlUE1kR09BNzBRd3BibXhmMlJSOEtWemE2RzlYR041bDREQkxNNkpJVzBjVFRyTjRfVzhzV3Z6N1JHQUtQX3lpWDU3dm9TWXFVMUtHa1UtWjBDT19NM1F2cXNzaGVadEdLV2JKUnU1MHFqUGlYTlVMcjNITm5tNXY0cUh5Q0pCcGVpRWZBaHJ0MHJTb0prZ1VhVERPUDhhdVctajFSS3FMNEhGVHc5U2NqV3h5a0s0MWN6Qm5Kek9fdVBJcFEzZ000S1lSdzVBdUVkbGcmaD1HdHBmMXBWbTkwdEZqakZXSXY1MkwwX2F5X21FT3dRSWgweC1mek9CSTNr",
      "RequestMethod": "GET",
      "RequestHeaders": {
        "User-Agent": [
          "FxVersion/6.0.3324.36610",
          "OSName/Windows",
          "OSVersion/Microsoft.Windows.10.0.26100",
          "Microsoft.Azure.Management.Internal.Resources.ResourceManagementClient/1.3.101"
        ]
      },
      "RequestBody": "",
      "ResponseHeaders": {
        "Cache-Control": [
          "no-cache"
        ],
        "Pragma": [
          "no-cache"
        ],
        "Location": [
          "https://management.azure.com/subscriptions/dfa8d777-26f3-4e5e-be19-d6d5fa3176fc/operationresults/eyJqb2JJZCI6IlJFU09VUkNFR1JPVVBERUxFVElPTkpPQi1QUzUwOS1FQVNUVVMyRVVBUCIsImpvYkxvY2F0aW9uIjoiZWFzdHVzMmV1YXAifQ?api-version=2016-09-01&t=638634840417343327&c=MIIHhzCCBm-gAwIBAgITHgVqhF9GOoUjuyqQWAAABWqEXzANBgkqhkiG9w0BAQsFADBEMRMwEQYKCZImiZPyLGQBGRYDR0JMMRMwEQYKCZImiZPyLGQBGRYDQU1FMRgwFgYDVQQDEw9BTUUgSW5mcmEgQ0EgMDYwHhcNMjQwOTIwMjMxMTQxWhcNMjUwMzE5MjMxMTQxWjBAMT4wPAYDVQQDEzVhc3luY29wZXJhdGlvbnNpZ25pbmdjZXJ0aWZpY2F0ZS5tYW5hZ2VtZW50LmF6dXJlLmNvbTCCASIwDQYJKoZIhvcNAQEBBQADggEPADCCAQoCggEBAKRtcYDBXS7zz5tRtvVyhrUAjudYhej1E2D3dp6XWuPdbVMbQZwMlye8vdT-kDhFD7T2mrdWqsoGnTGk0_xOHBfLGnW-0QRUqpeoTNIhu8vc2CfTUtm2t2s_-fzvFtRyhDA4mfCH1cz92EVj0vd3FD4ikW6bdOp1NkYFqUVBhKlbvJk6y-TbLFBLP5Zx4m0Ua-_P7aMzbgvOJgMOTC2jLs5w_lFDJWeP3IKUOiJmrfLpf4ey5Ov94oCE6YncDBSHJZKWcrSxDHgSz9AXrxarL4HLajGbF3MRvfkMN2gNXCoiJXBEqCLDnyQZ0BgXIvuK7vG8Rj0TyhJNj-QPr8taY6UCAwEAAaOCBHQwggRwMCcGCSsGAQQBgjcVCgQaMBgwCgYIKwYBBQUHAwEwCgYIKwYBBQUHAwIwPQYJKwYBBAGCNxUHBDAwLgYmKwYBBAGCNxUIhpDjDYTVtHiE8Ys-hZvdFs6dEoFghfmRS4WsmTQCAWQCAQcwggHLBggrBgEFBQcBAQSCAb0wggG5MGMGCCsGAQUFBzAChldodHRwOi8vY3JsLm1pY3Jvc29mdC5jb20vcGtpaW5mcmEvQ2VydHMvQkwyUEtJSU5UQ0EwMi5BTUUuR0JMX0FNRSUyMEluZnJhJTIwQ0ElMjAwNi5jcnQwUwYIKwYBBQUHMAKGR2h0dHA6Ly9jcmwxLmFtZS5nYmwvYWlhL0JMMlBLSUlOVENBMDIuQU1FLkdCTF9BTUUlMjBJbmZyYSUyMENBJTIwMDYuY3J0MFMGCCsGAQUFBzAChkdodHRwOi8vY3JsMi5hbWUuZ2JsL2FpYS9CTDJQS0lJTlRDQTAyLkFNRS5HQkxfQU1FJTIwSW5mcmElMjBDQSUyMDA2LmNydDBTBggrBgEFBQcwAoZHaHR0cDovL2NybDMuYW1lLmdibC9haWEvQkwyUEtJSU5UQ0EwMi5BTUUuR0JMX0FNRSUyMEluZnJhJTIwQ0ElMjAwNi5jcnQwUwYIKwYBBQUHMAKGR2h0dHA6Ly9jcmw0LmFtZS5nYmwvYWlhL0JMMlBLSUlOVENBMDIuQU1FLkdCTF9BTUUlMjBJbmZyYSUyMENBJTIwMDYuY3J0MB0GA1UdDgQWBBRKlJQpFyyZKSchkTlshetYOUX7xzAOBgNVHQ8BAf8EBAMCBaAwggEmBgNVHR8EggEdMIIBGTCCARWgggERoIIBDYY_aHR0cDovL2NybC5taWNyb3NvZnQuY29tL3BraWluZnJhL0NSTC9BTUUlMjBJbmZyYSUyMENBJTIwMDYuY3JshjFodHRwOi8vY3JsMS5hbWUuZ2JsL2NybC9BTUUlMjBJbmZyYSUyMENBJTIwMDYuY3JshjFodHRwOi8vY3JsMi5hbWUuZ2JsL2NybC9BTUUlMjBJbmZyYSUyMENBJTIwMDYuY3JshjFodHRwOi8vY3JsMy5hbWUuZ2JsL2NybC9BTUUlMjBJbmZyYSUyMENBJTIwMDYuY3JshjFodHRwOi8vY3JsNC5hbWUuZ2JsL2NybC9BTUUlMjBJbmZyYSUyMENBJTIwMDYuY3JsMIGdBgNVHSAEgZUwgZIwDAYKKwYBBAGCN3sBATBmBgorBgEEAYI3ewICMFgwVgYIKwYBBQUHAgIwSh5IADMAMwBlADAAMQA5ADIAMQAtADQAZAA2ADQALQA0AGYAOABjAC0AYQAwADUANQAtADUAYgBkAGEAZgBmAGQANQBlADMAMwBkMAwGCisGAQQBgjd7AwEwDAYKKwYBBAGCN3sEAjAfBgNVHSMEGDAWgBTxRmjG8cPwKy19i2rhsvm-NfzRQTAdBgNVHSUEFjAUBggrBgEFBQcDAQYIKwYBBQUHAwIwDQYJKoZIhvcNAQELBQADggEBAG0WbzLPsmSSMI7aTe2npixmkdCmwcdZHGd43tUnB8JKrLNJEFcBsQmbcIH0adpnQNrDgRkNBBOTZ4s1LIBlRQapZpPsRItAMUguVpGVRH08T0i43w9xrp_clNbAJrrfRbmYroF0WJKMJ0nwW2rPjxdevSRygGK_nEfywwFi-p1RhHnkiEGL4GnP7PpQcRvAYMdH9LO5MRY7iLbBmosKatS_eWtSJD1CvzglNwy_vQzx81Vnk0CgndqXcVq-loGu7R4U7mkQ2NNqLbp447STxkpP-6Mdyv8J4bdnf1s3vFBNpgvJWKogWcNLlo8jnkbEf6RPNGe1W5lma7JwMKAcPzY&s=ocFM0yVXJmXcS0obR5-ZLSGcpBvT-fS5iKDIEfRsjQIUADpQLkxqk6mLFKGAbvbNjtwsS69tNxYTeOkmHZgMzXFPmRxOOXCHAzNgr0_0X8I9dVI0kwVGWBI1jN-GvbSC7XhkjTHOEVfpQItRHn2WyzRpTl8wx5DtpIoL2ZrxOSveycnil4no7lbVt09ZscUQY3lPYvpBfho0EVqj1oIJlVpJkSzRcrOvWouVgs0ogY9fK2u7IHxLZs5LScFj_tj1inZNb6Q_AAgUNo5JrItK3t8Y1xlMzPOBYzWld8EGzVWWPc4UFoFgC6qXUH8VrxUCtYz3cAFHZlTwHxmKAh_ulg&h=duzIRImrH0l-5FdoUiMr2pgfIcRo9F55kJSy2R5sCNY"
        ],
        "Retry-After": [
          "15"
        ],
        "x-ms-ratelimit-remaining-subscription-reads": [
          "11999"
        ],
        "x-ms-request-id": [
          "fa35ab3a-ad80-4cd0-8b66-04d7c49e90c1"
        ],
        "x-ms-correlation-request-id": [
          "fa35ab3a-ad80-4cd0-8b66-04d7c49e90c1"
        ],
        "x-ms-routing-request-id": [
          "EASTUS:20241002T164041Z:fa35ab3a-ad80-4cd0-8b66-04d7c49e90c1"
        ],
        "Strict-Transport-Security": [
          "max-age=31536000; includeSubDomains"
        ],
        "X-Content-Type-Options": [
          "nosniff"
        ],
        "X-Cache": [
          "CONFIG_NOCACHE"
        ],
        "X-MSEdge-Ref": [
          "Ref A: E8E63DD41A924657984E029FDF25680F Ref B: MNZ221060608049 Ref C: 2024-10-02T16:40:41Z"
        ],
        "Date": [
          "Wed, 02 Oct 2024 16:40:41 GMT"
        ],
        "Expires": [
          "-1"
        ],
        "Content-Length": [
          "0"
        ]
      },
      "ResponseBody": "",
      "StatusCode": 202
    },
    {
      "RequestUri": "/subscriptions/dfa8d777-26f3-4e5e-be19-d6d5fa3176fc/operationresults/eyJqb2JJZCI6IlJFU09VUkNFR1JPVVBERUxFVElPTkpPQi1QUzUwOS1FQVNUVVMyRVVBUCIsImpvYkxvY2F0aW9uIjoiZWFzdHVzMmV1YXAifQ?api-version=2016-09-01&t=638634840417343327&c=MIIHhzCCBm-gAwIBAgITHgVqhF9GOoUjuyqQWAAABWqEXzANBgkqhkiG9w0BAQsFADBEMRMwEQYKCZImiZPyLGQBGRYDR0JMMRMwEQYKCZImiZPyLGQBGRYDQU1FMRgwFgYDVQQDEw9BTUUgSW5mcmEgQ0EgMDYwHhcNMjQwOTIwMjMxMTQxWhcNMjUwMzE5MjMxMTQxWjBAMT4wPAYDVQQDEzVhc3luY29wZXJhdGlvbnNpZ25pbmdjZXJ0aWZpY2F0ZS5tYW5hZ2VtZW50LmF6dXJlLmNvbTCCASIwDQYJKoZIhvcNAQEBBQADggEPADCCAQoCggEBAKRtcYDBXS7zz5tRtvVyhrUAjudYhej1E2D3dp6XWuPdbVMbQZwMlye8vdT-kDhFD7T2mrdWqsoGnTGk0_xOHBfLGnW-0QRUqpeoTNIhu8vc2CfTUtm2t2s_-fzvFtRyhDA4mfCH1cz92EVj0vd3FD4ikW6bdOp1NkYFqUVBhKlbvJk6y-TbLFBLP5Zx4m0Ua-_P7aMzbgvOJgMOTC2jLs5w_lFDJWeP3IKUOiJmrfLpf4ey5Ov94oCE6YncDBSHJZKWcrSxDHgSz9AXrxarL4HLajGbF3MRvfkMN2gNXCoiJXBEqCLDnyQZ0BgXIvuK7vG8Rj0TyhJNj-QPr8taY6UCAwEAAaOCBHQwggRwMCcGCSsGAQQBgjcVCgQaMBgwCgYIKwYBBQUHAwEwCgYIKwYBBQUHAwIwPQYJKwYBBAGCNxUHBDAwLgYmKwYBBAGCNxUIhpDjDYTVtHiE8Ys-hZvdFs6dEoFghfmRS4WsmTQCAWQCAQcwggHLBggrBgEFBQcBAQSCAb0wggG5MGMGCCsGAQUFBzAChldodHRwOi8vY3JsLm1pY3Jvc29mdC5jb20vcGtpaW5mcmEvQ2VydHMvQkwyUEtJSU5UQ0EwMi5BTUUuR0JMX0FNRSUyMEluZnJhJTIwQ0ElMjAwNi5jcnQwUwYIKwYBBQUHMAKGR2h0dHA6Ly9jcmwxLmFtZS5nYmwvYWlhL0JMMlBLSUlOVENBMDIuQU1FLkdCTF9BTUUlMjBJbmZyYSUyMENBJTIwMDYuY3J0MFMGCCsGAQUFBzAChkdodHRwOi8vY3JsMi5hbWUuZ2JsL2FpYS9CTDJQS0lJTlRDQTAyLkFNRS5HQkxfQU1FJTIwSW5mcmElMjBDQSUyMDA2LmNydDBTBggrBgEFBQcwAoZHaHR0cDovL2NybDMuYW1lLmdibC9haWEvQkwyUEtJSU5UQ0EwMi5BTUUuR0JMX0FNRSUyMEluZnJhJTIwQ0ElMjAwNi5jcnQwUwYIKwYBBQUHMAKGR2h0dHA6Ly9jcmw0LmFtZS5nYmwvYWlhL0JMMlBLSUlOVENBMDIuQU1FLkdCTF9BTUUlMjBJbmZyYSUyMENBJTIwMDYuY3J0MB0GA1UdDgQWBBRKlJQpFyyZKSchkTlshetYOUX7xzAOBgNVHQ8BAf8EBAMCBaAwggEmBgNVHR8EggEdMIIBGTCCARWgggERoIIBDYY_aHR0cDovL2NybC5taWNyb3NvZnQuY29tL3BraWluZnJhL0NSTC9BTUUlMjBJbmZyYSUyMENBJTIwMDYuY3JshjFodHRwOi8vY3JsMS5hbWUuZ2JsL2NybC9BTUUlMjBJbmZyYSUyMENBJTIwMDYuY3JshjFodHRwOi8vY3JsMi5hbWUuZ2JsL2NybC9BTUUlMjBJbmZyYSUyMENBJTIwMDYuY3JshjFodHRwOi8vY3JsMy5hbWUuZ2JsL2NybC9BTUUlMjBJbmZyYSUyMENBJTIwMDYuY3JshjFodHRwOi8vY3JsNC5hbWUuZ2JsL2NybC9BTUUlMjBJbmZyYSUyMENBJTIwMDYuY3JsMIGdBgNVHSAEgZUwgZIwDAYKKwYBBAGCN3sBATBmBgorBgEEAYI3ewICMFgwVgYIKwYBBQUHAgIwSh5IADMAMwBlADAAMQA5ADIAMQAtADQAZAA2ADQALQA0AGYAOABjAC0AYQAwADUANQAtADUAYgBkAGEAZgBmAGQANQBlADMAMwBkMAwGCisGAQQBgjd7AwEwDAYKKwYBBAGCN3sEAjAfBgNVHSMEGDAWgBTxRmjG8cPwKy19i2rhsvm-NfzRQTAdBgNVHSUEFjAUBggrBgEFBQcDAQYIKwYBBQUHAwIwDQYJKoZIhvcNAQELBQADggEBAG0WbzLPsmSSMI7aTe2npixmkdCmwcdZHGd43tUnB8JKrLNJEFcBsQmbcIH0adpnQNrDgRkNBBOTZ4s1LIBlRQapZpPsRItAMUguVpGVRH08T0i43w9xrp_clNbAJrrfRbmYroF0WJKMJ0nwW2rPjxdevSRygGK_nEfywwFi-p1RhHnkiEGL4GnP7PpQcRvAYMdH9LO5MRY7iLbBmosKatS_eWtSJD1CvzglNwy_vQzx81Vnk0CgndqXcVq-loGu7R4U7mkQ2NNqLbp447STxkpP-6Mdyv8J4bdnf1s3vFBNpgvJWKogWcNLlo8jnkbEf6RPNGe1W5lma7JwMKAcPzY&s=ocFM0yVXJmXcS0obR5-ZLSGcpBvT-fS5iKDIEfRsjQIUADpQLkxqk6mLFKGAbvbNjtwsS69tNxYTeOkmHZgMzXFPmRxOOXCHAzNgr0_0X8I9dVI0kwVGWBI1jN-GvbSC7XhkjTHOEVfpQItRHn2WyzRpTl8wx5DtpIoL2ZrxOSveycnil4no7lbVt09ZscUQY3lPYvpBfho0EVqj1oIJlVpJkSzRcrOvWouVgs0ogY9fK2u7IHxLZs5LScFj_tj1inZNb6Q_AAgUNo5JrItK3t8Y1xlMzPOBYzWld8EGzVWWPc4UFoFgC6qXUH8VrxUCtYz3cAFHZlTwHxmKAh_ulg&h=duzIRImrH0l-5FdoUiMr2pgfIcRo9F55kJSy2R5sCNY",
      "EncodedRequestUri": "L3N1YnNjcmlwdGlvbnMvZGZhOGQ3NzctMjZmMy00ZTVlLWJlMTktZDZkNWZhMzE3NmZjL29wZXJhdGlvbnJlc3VsdHMvZXlKcWIySkpaQ0k2SWxKRlUwOVZVa05GUjFKUFZWQkVSVXhGVkVsUFRrcFBRaTFRVXpVd09TMUZRVk5VVlZNeVJWVkJVQ0lzSW1wdllreHZZMkYwYVc5dUlqb2laV0Z6ZEhWek1tVjFZWEFpZlE/YXBpLXZlcnNpb249MjAxNi0wOS0wMSZ0PTYzODYzNDg0MDQxNzM0MzMyNyZjPU1JSUhoekNDQm0tZ0F3SUJBZ0lUSGdWcWhGOUdPb1VqdXlxUVdBQUFCV3FFWHpBTkJna3Foa2lHOXcwQkFRc0ZBREJFTVJNd0VRWUtDWkltaVpQeUxHUUJHUllEUjBKTU1STXdFUVlLQ1pJbWlaUHlMR1FCR1JZRFFVMUZNUmd3RmdZRFZRUURFdzlCVFVVZ1NXNW1jbUVnUTBFZ01EWXdIaGNOTWpRd09USXdNak14TVRReFdoY05NalV3TXpFNU1qTXhNVFF4V2pCQU1UNHdQQVlEVlFRREV6VmhjM2x1WTI5d1pYSmhkR2x2Ym5OcFoyNXBibWRqWlhKMGFXWnBZMkYwWlM1dFlXNWhaMlZ0Wlc1MExtRjZkWEpsTG1OdmJUQ0NBU0l3RFFZSktvWklodmNOQVFFQkJRQURnZ0VQQURDQ0FRb0NnZ0VCQUtSdGNZREJYUzd6ejV0UnR2VnloclVBanVkWWhlajFFMkQzZHA2WFd1UGRiVk1iUVp3TWx5ZTh2ZFQta0RoRkQ3VDJtcmRXcXNvR25UR2swX3hPSEJmTEduVy0wUVJVcXBlb1ROSWh1OHZjMkNmVFV0bTJ0MnNfLWZ6dkZ0UnloREE0bWZDSDFjejkyRVZqMHZkM0ZENGlrVzZiZE9wMU5rWUZxVVZCaEtsYnZKazZ5LVRiTEZCTFA1Wng0bTBVYS1fUDdhTXpiZ3ZPSmdNT1RDMmpMczV3X2xGREpXZVAzSUtVT2lKbXJmTHBmNGV5NU92OTRvQ0U2WW5jREJTSEpaS1djclN4REhnU3o5QVhyeGFyTDRITGFqR2JGM01SdmZrTU4yZ05YQ29pSlhCRXFDTERueVFaMEJnWEl2dUs3dkc4UmowVHloSk5qLVFQcjh0YVk2VUNBd0VBQWFPQ0JIUXdnZ1J3TUNjR0NTc0dBUVFCZ2pjVkNnUWFNQmd3Q2dZSUt3WUJCUVVIQXdFd0NnWUlLd1lCQlFVSEF3SXdQUVlKS3dZQkJBR0NOeFVIQkRBd0xnWW1Ld1lCQkFHQ054VUlocERqRFlUVnRIaUU4WXMtaFp2ZEZzNmRFb0ZnaGZtUlM0V3NtVFFDQVdRQ0FRY3dnZ0hMQmdnckJnRUZCUWNCQVFTQ0FiMHdnZ0c1TUdNR0NDc0dBUVVGQnpBQ2hsZG9kSFJ3T2k4dlkzSnNMbTFwWTNKdmMyOW1kQzVqYjIwdmNHdHBhVzVtY21FdlEyVnlkSE12UWt3eVVFdEpTVTVVUTBFd01pNUJUVVV1UjBKTVgwRk5SU1V5TUVsdVpuSmhKVEl3UTBFbE1qQXdOaTVqY25Rd1V3WUlLd1lCQlFVSE1BS0dSMmgwZEhBNkx5OWpjbXd4TG1GdFpTNW5ZbXd2WVdsaEwwSk1NbEJMU1VsT1ZFTkJNREl1UVUxRkxrZENURjlCVFVVbE1qQkpibVp5WVNVeU1FTkJKVEl3TURZdVkzSjBNRk1HQ0NzR0FRVUZCekFDaGtkb2RIUndPaTh2WTNKc01pNWhiV1V1WjJKc0wyRnBZUzlDVERKUVMwbEpUbFJEUVRBeUxrRk5SUzVIUWt4ZlFVMUZKVEl3U1c1bWNtRWxNakJEUVNVeU1EQTJMbU55ZERCVEJnZ3JCZ0VGQlFjd0FvWkhhSFIwY0RvdkwyTnliRE11WVcxbExtZGliQzloYVdFdlFrd3lVRXRKU1U1VVEwRXdNaTVCVFVVdVIwSk1YMEZOUlNVeU1FbHVabkpoSlRJd1EwRWxNakF3Tmk1amNuUXdVd1lJS3dZQkJRVUhNQUtHUjJoMGRIQTZMeTlqY213MExtRnRaUzVuWW13dllXbGhMMEpNTWxCTFNVbE9WRU5CTURJdVFVMUZMa2RDVEY5QlRVVWxNakJKYm1aeVlTVXlNRU5CSlRJd01EWXVZM0owTUIwR0ExVWREZ1FXQkJSS2xKUXBGeXlaS1NjaGtUbHNoZXRZT1VYN3h6QU9CZ05WSFE4QkFmOEVCQU1DQmFBd2dnRW1CZ05WSFI4RWdnRWRNSUlCR1RDQ0FSV2dnZ0VSb0lJQkRZWV9hSFIwY0RvdkwyTnliQzV0YVdOeWIzTnZablF1WTI5dEwzQnJhV2x1Wm5KaEwwTlNUQzlCVFVVbE1qQkpibVp5WVNVeU1FTkJKVEl3TURZdVkzSnNoakZvZEhSd09pOHZZM0pzTVM1aGJXVXVaMkpzTDJOeWJDOUJUVVVsTWpCSmJtWnlZU1V5TUVOQkpUSXdNRFl1WTNKc2hqRm9kSFJ3T2k4dlkzSnNNaTVoYldVdVoySnNMMk55YkM5QlRVVWxNakJKYm1aeVlTVXlNRU5CSlRJd01EWXVZM0pzaGpGb2RIUndPaTh2WTNKc015NWhiV1V1WjJKc0wyTnliQzlCVFVVbE1qQkpibVp5WVNVeU1FTkJKVEl3TURZdVkzSnNoakZvZEhSd09pOHZZM0pzTkM1aGJXVXVaMkpzTDJOeWJDOUJUVVVsTWpCSmJtWnlZU1V5TUVOQkpUSXdNRFl1WTNKc01JR2RCZ05WSFNBRWdaVXdnWkl3REFZS0t3WUJCQUdDTjNzQkFUQm1CZ29yQmdFRUFZSTNld0lDTUZnd1ZnWUlLd1lCQlFVSEFnSXdTaDVJQURNQU13QmxBREFBTVFBNUFESUFNUUF0QURRQVpBQTJBRFFBTFFBMEFHWUFPQUJqQUMwQVlRQXdBRFVBTlFBdEFEVUFZZ0JrQUdFQVpnQm1BR1FBTlFCbEFETUFNd0JrTUF3R0Npc0dBUVFCZ2pkN0F3RXdEQVlLS3dZQkJBR0NOM3NFQWpBZkJnTlZIU01FR0RBV2dCVHhSbWpHOGNQd0t5MTlpMnJoc3ZtLU5melJRVEFkQmdOVkhTVUVGakFVQmdnckJnRUZCUWNEQVFZSUt3WUJCUVVIQXdJd0RRWUpLb1pJaHZjTkFRRUxCUUFEZ2dFQkFHMFdiekxQc21TU01JN2FUZTJucGl4bWtkQ213Y2RaSEdkNDN0VW5COEpLckxOSkVGY0JzUW1iY0lIMGFkcG5RTnJEZ1JrTkJCT1RaNHMxTElCbFJRYXBacFBzUkl0QU1VZ3VWcEdWUkgwOFQwaTQzdzl4cnBfY2xOYkFKcnJmUmJtWXJvRjBXSktNSjBud1cyclBqeGRldlNSeWdHS19uRWZ5d3dGaS1wMVJoSG5raUVHTDRHblA3UHBRY1J2QVlNZEg5TE81TVJZN2lMYkJtb3NLYXRTX2VXdFNKRDFDdnpnbE53eV92UXp4ODFWbmswQ2duZHFYY1ZxLWxvR3U3UjRVN21rUTJOTnFMYnA0NDdTVHhrcFAtNk1keXY4SjRiZG5mMXMzdkZCTnBndkpXS29nV2NOTGxvOGpua2JFZjZSUE5HZTFXNWxtYTdKd01LQWNQelkmcz1vY0ZNMHlWWEptWGNTMG9iUjUtWkxTR2NwQnZULWZTNWlLRElFZlJzalFJVUFEcFFMa3hxazZtTEZLR0FidmJOanR3c1M2OXROeFlUZU9rbUhaZ016WEZQbVJ4T09YQ0hBek5ncjBfMFg4STlkVkkwa3dWR1dCSTFqTi1HdmJTQzdYaGtqVEhPRVZmcFFJdFJIbjJXeXpScFRsOHd4NUR0cElvTDJacnhPU3ZleWNuaWw0bm83bGJWdDA5WnNjVVFZM2xQWXZwQmZobzBFVnFqMW9JSmxWcEprU3pSY3JPdldvdVZnczBvZ1k5ZksydTdJSHhMWnM1TFNjRmpfdGoxaW5aTmI2UV9BQWdVTm81SnJJdEszdDhZMXhsTXpQT0JZeldsZDhFR3pWV1dQYzRVRm9GZ0M2cVhVSDhWcnhVQ3RZejNjQUZIWmxUd0h4bUtBaF91bGcmaD1kdXpJUkltckgwbC01RmRvVWlNcjJwZ2ZJY1JvOUY1NWtKU3kyUjVzQ05Z",
      "RequestMethod": "GET",
      "RequestHeaders": {
        "User-Agent": [
          "FxVersion/6.0.3324.36610",
          "OSName/Windows",
          "OSVersion/Microsoft.Windows.10.0.26100",
          "Microsoft.Azure.Management.Internal.Resources.ResourceManagementClient/1.3.101"
        ]
      },
      "RequestBody": "",
      "ResponseHeaders": {
        "Cache-Control": [
          "no-cache"
        ],
        "Pragma": [
          "no-cache"
        ],
        "x-ms-ratelimit-remaining-subscription-reads": [
          "11999"
        ],
        "x-ms-request-id": [
          "9ebe9ed1-48c6-4ae8-b0a1-6697c13fbbb9"
        ],
        "x-ms-correlation-request-id": [
          "9ebe9ed1-48c6-4ae8-b0a1-6697c13fbbb9"
        ],
        "x-ms-routing-request-id": [
          "EASTUS:20241002T164056Z:9ebe9ed1-48c6-4ae8-b0a1-6697c13fbbb9"
        ],
        "Strict-Transport-Security": [
          "max-age=31536000; includeSubDomains"
        ],
        "X-Content-Type-Options": [
          "nosniff"
        ],
        "X-Cache": [
          "CONFIG_NOCACHE"
        ],
        "X-MSEdge-Ref": [
          "Ref A: DF92EC9FB3F24CDA88D211E26BD04A5E Ref B: MNZ221060608049 Ref C: 2024-10-02T16:40:56Z"
        ],
        "Date": [
          "Wed, 02 Oct 2024 16:40:56 GMT"
        ],
        "Expires": [
          "-1"
        ],
        "Content-Length": [
          "0"
        ]
      },
      "ResponseBody": "",
      "StatusCode": 200
    },
    {
      "RequestUri": "/subscriptions/dfa8d777-26f3-4e5e-be19-d6d5fa3176fc/operationresults/eyJqb2JJZCI6IlJFU09VUkNFR1JPVVBERUxFVElPTkpPQi1QUzUwOS1FQVNUVVMyRVVBUCIsImpvYkxvY2F0aW9uIjoiZWFzdHVzMmV1YXAifQ?api-version=2016-09-01&t=638634840417343327&c=MIIHhzCCBm-gAwIBAgITHgVqhF9GOoUjuyqQWAAABWqEXzANBgkqhkiG9w0BAQsFADBEMRMwEQYKCZImiZPyLGQBGRYDR0JMMRMwEQYKCZImiZPyLGQBGRYDQU1FMRgwFgYDVQQDEw9BTUUgSW5mcmEgQ0EgMDYwHhcNMjQwOTIwMjMxMTQxWhcNMjUwMzE5MjMxMTQxWjBAMT4wPAYDVQQDEzVhc3luY29wZXJhdGlvbnNpZ25pbmdjZXJ0aWZpY2F0ZS5tYW5hZ2VtZW50LmF6dXJlLmNvbTCCASIwDQYJKoZIhvcNAQEBBQADggEPADCCAQoCggEBAKRtcYDBXS7zz5tRtvVyhrUAjudYhej1E2D3dp6XWuPdbVMbQZwMlye8vdT-kDhFD7T2mrdWqsoGnTGk0_xOHBfLGnW-0QRUqpeoTNIhu8vc2CfTUtm2t2s_-fzvFtRyhDA4mfCH1cz92EVj0vd3FD4ikW6bdOp1NkYFqUVBhKlbvJk6y-TbLFBLP5Zx4m0Ua-_P7aMzbgvOJgMOTC2jLs5w_lFDJWeP3IKUOiJmrfLpf4ey5Ov94oCE6YncDBSHJZKWcrSxDHgSz9AXrxarL4HLajGbF3MRvfkMN2gNXCoiJXBEqCLDnyQZ0BgXIvuK7vG8Rj0TyhJNj-QPr8taY6UCAwEAAaOCBHQwggRwMCcGCSsGAQQBgjcVCgQaMBgwCgYIKwYBBQUHAwEwCgYIKwYBBQUHAwIwPQYJKwYBBAGCNxUHBDAwLgYmKwYBBAGCNxUIhpDjDYTVtHiE8Ys-hZvdFs6dEoFghfmRS4WsmTQCAWQCAQcwggHLBggrBgEFBQcBAQSCAb0wggG5MGMGCCsGAQUFBzAChldodHRwOi8vY3JsLm1pY3Jvc29mdC5jb20vcGtpaW5mcmEvQ2VydHMvQkwyUEtJSU5UQ0EwMi5BTUUuR0JMX0FNRSUyMEluZnJhJTIwQ0ElMjAwNi5jcnQwUwYIKwYBBQUHMAKGR2h0dHA6Ly9jcmwxLmFtZS5nYmwvYWlhL0JMMlBLSUlOVENBMDIuQU1FLkdCTF9BTUUlMjBJbmZyYSUyMENBJTIwMDYuY3J0MFMGCCsGAQUFBzAChkdodHRwOi8vY3JsMi5hbWUuZ2JsL2FpYS9CTDJQS0lJTlRDQTAyLkFNRS5HQkxfQU1FJTIwSW5mcmElMjBDQSUyMDA2LmNydDBTBggrBgEFBQcwAoZHaHR0cDovL2NybDMuYW1lLmdibC9haWEvQkwyUEtJSU5UQ0EwMi5BTUUuR0JMX0FNRSUyMEluZnJhJTIwQ0ElMjAwNi5jcnQwUwYIKwYBBQUHMAKGR2h0dHA6Ly9jcmw0LmFtZS5nYmwvYWlhL0JMMlBLSUlOVENBMDIuQU1FLkdCTF9BTUUlMjBJbmZyYSUyMENBJTIwMDYuY3J0MB0GA1UdDgQWBBRKlJQpFyyZKSchkTlshetYOUX7xzAOBgNVHQ8BAf8EBAMCBaAwggEmBgNVHR8EggEdMIIBGTCCARWgggERoIIBDYY_aHR0cDovL2NybC5taWNyb3NvZnQuY29tL3BraWluZnJhL0NSTC9BTUUlMjBJbmZyYSUyMENBJTIwMDYuY3JshjFodHRwOi8vY3JsMS5hbWUuZ2JsL2NybC9BTUUlMjBJbmZyYSUyMENBJTIwMDYuY3JshjFodHRwOi8vY3JsMi5hbWUuZ2JsL2NybC9BTUUlMjBJbmZyYSUyMENBJTIwMDYuY3JshjFodHRwOi8vY3JsMy5hbWUuZ2JsL2NybC9BTUUlMjBJbmZyYSUyMENBJTIwMDYuY3JshjFodHRwOi8vY3JsNC5hbWUuZ2JsL2NybC9BTUUlMjBJbmZyYSUyMENBJTIwMDYuY3JsMIGdBgNVHSAEgZUwgZIwDAYKKwYBBAGCN3sBATBmBgorBgEEAYI3ewICMFgwVgYIKwYBBQUHAgIwSh5IADMAMwBlADAAMQA5ADIAMQAtADQAZAA2ADQALQA0AGYAOABjAC0AYQAwADUANQAtADUAYgBkAGEAZgBmAGQANQBlADMAMwBkMAwGCisGAQQBgjd7AwEwDAYKKwYBBAGCN3sEAjAfBgNVHSMEGDAWgBTxRmjG8cPwKy19i2rhsvm-NfzRQTAdBgNVHSUEFjAUBggrBgEFBQcDAQYIKwYBBQUHAwIwDQYJKoZIhvcNAQELBQADggEBAG0WbzLPsmSSMI7aTe2npixmkdCmwcdZHGd43tUnB8JKrLNJEFcBsQmbcIH0adpnQNrDgRkNBBOTZ4s1LIBlRQapZpPsRItAMUguVpGVRH08T0i43w9xrp_clNbAJrrfRbmYroF0WJKMJ0nwW2rPjxdevSRygGK_nEfywwFi-p1RhHnkiEGL4GnP7PpQcRvAYMdH9LO5MRY7iLbBmosKatS_eWtSJD1CvzglNwy_vQzx81Vnk0CgndqXcVq-loGu7R4U7mkQ2NNqLbp447STxkpP-6Mdyv8J4bdnf1s3vFBNpgvJWKogWcNLlo8jnkbEf6RPNGe1W5lma7JwMKAcPzY&s=ocFM0yVXJmXcS0obR5-ZLSGcpBvT-fS5iKDIEfRsjQIUADpQLkxqk6mLFKGAbvbNjtwsS69tNxYTeOkmHZgMzXFPmRxOOXCHAzNgr0_0X8I9dVI0kwVGWBI1jN-GvbSC7XhkjTHOEVfpQItRHn2WyzRpTl8wx5DtpIoL2ZrxOSveycnil4no7lbVt09ZscUQY3lPYvpBfho0EVqj1oIJlVpJkSzRcrOvWouVgs0ogY9fK2u7IHxLZs5LScFj_tj1inZNb6Q_AAgUNo5JrItK3t8Y1xlMzPOBYzWld8EGzVWWPc4UFoFgC6qXUH8VrxUCtYz3cAFHZlTwHxmKAh_ulg&h=duzIRImrH0l-5FdoUiMr2pgfIcRo9F55kJSy2R5sCNY",
      "EncodedRequestUri": "L3N1YnNjcmlwdGlvbnMvZGZhOGQ3NzctMjZmMy00ZTVlLWJlMTktZDZkNWZhMzE3NmZjL29wZXJhdGlvbnJlc3VsdHMvZXlKcWIySkpaQ0k2SWxKRlUwOVZVa05GUjFKUFZWQkVSVXhGVkVsUFRrcFBRaTFRVXpVd09TMUZRVk5VVlZNeVJWVkJVQ0lzSW1wdllreHZZMkYwYVc5dUlqb2laV0Z6ZEhWek1tVjFZWEFpZlE/YXBpLXZlcnNpb249MjAxNi0wOS0wMSZ0PTYzODYzNDg0MDQxNzM0MzMyNyZjPU1JSUhoekNDQm0tZ0F3SUJBZ0lUSGdWcWhGOUdPb1VqdXlxUVdBQUFCV3FFWHpBTkJna3Foa2lHOXcwQkFRc0ZBREJFTVJNd0VRWUtDWkltaVpQeUxHUUJHUllEUjBKTU1STXdFUVlLQ1pJbWlaUHlMR1FCR1JZRFFVMUZNUmd3RmdZRFZRUURFdzlCVFVVZ1NXNW1jbUVnUTBFZ01EWXdIaGNOTWpRd09USXdNak14TVRReFdoY05NalV3TXpFNU1qTXhNVFF4V2pCQU1UNHdQQVlEVlFRREV6VmhjM2x1WTI5d1pYSmhkR2x2Ym5OcFoyNXBibWRqWlhKMGFXWnBZMkYwWlM1dFlXNWhaMlZ0Wlc1MExtRjZkWEpsTG1OdmJUQ0NBU0l3RFFZSktvWklodmNOQVFFQkJRQURnZ0VQQURDQ0FRb0NnZ0VCQUtSdGNZREJYUzd6ejV0UnR2VnloclVBanVkWWhlajFFMkQzZHA2WFd1UGRiVk1iUVp3TWx5ZTh2ZFQta0RoRkQ3VDJtcmRXcXNvR25UR2swX3hPSEJmTEduVy0wUVJVcXBlb1ROSWh1OHZjMkNmVFV0bTJ0MnNfLWZ6dkZ0UnloREE0bWZDSDFjejkyRVZqMHZkM0ZENGlrVzZiZE9wMU5rWUZxVVZCaEtsYnZKazZ5LVRiTEZCTFA1Wng0bTBVYS1fUDdhTXpiZ3ZPSmdNT1RDMmpMczV3X2xGREpXZVAzSUtVT2lKbXJmTHBmNGV5NU92OTRvQ0U2WW5jREJTSEpaS1djclN4REhnU3o5QVhyeGFyTDRITGFqR2JGM01SdmZrTU4yZ05YQ29pSlhCRXFDTERueVFaMEJnWEl2dUs3dkc4UmowVHloSk5qLVFQcjh0YVk2VUNBd0VBQWFPQ0JIUXdnZ1J3TUNjR0NTc0dBUVFCZ2pjVkNnUWFNQmd3Q2dZSUt3WUJCUVVIQXdFd0NnWUlLd1lCQlFVSEF3SXdQUVlKS3dZQkJBR0NOeFVIQkRBd0xnWW1Ld1lCQkFHQ054VUlocERqRFlUVnRIaUU4WXMtaFp2ZEZzNmRFb0ZnaGZtUlM0V3NtVFFDQVdRQ0FRY3dnZ0hMQmdnckJnRUZCUWNCQVFTQ0FiMHdnZ0c1TUdNR0NDc0dBUVVGQnpBQ2hsZG9kSFJ3T2k4dlkzSnNMbTFwWTNKdmMyOW1kQzVqYjIwdmNHdHBhVzVtY21FdlEyVnlkSE12UWt3eVVFdEpTVTVVUTBFd01pNUJUVVV1UjBKTVgwRk5SU1V5TUVsdVpuSmhKVEl3UTBFbE1qQXdOaTVqY25Rd1V3WUlLd1lCQlFVSE1BS0dSMmgwZEhBNkx5OWpjbXd4TG1GdFpTNW5ZbXd2WVdsaEwwSk1NbEJMU1VsT1ZFTkJNREl1UVUxRkxrZENURjlCVFVVbE1qQkpibVp5WVNVeU1FTkJKVEl3TURZdVkzSjBNRk1HQ0NzR0FRVUZCekFDaGtkb2RIUndPaTh2WTNKc01pNWhiV1V1WjJKc0wyRnBZUzlDVERKUVMwbEpUbFJEUVRBeUxrRk5SUzVIUWt4ZlFVMUZKVEl3U1c1bWNtRWxNakJEUVNVeU1EQTJMbU55ZERCVEJnZ3JCZ0VGQlFjd0FvWkhhSFIwY0RvdkwyTnliRE11WVcxbExtZGliQzloYVdFdlFrd3lVRXRKU1U1VVEwRXdNaTVCVFVVdVIwSk1YMEZOUlNVeU1FbHVabkpoSlRJd1EwRWxNakF3Tmk1amNuUXdVd1lJS3dZQkJRVUhNQUtHUjJoMGRIQTZMeTlqY213MExtRnRaUzVuWW13dllXbGhMMEpNTWxCTFNVbE9WRU5CTURJdVFVMUZMa2RDVEY5QlRVVWxNakJKYm1aeVlTVXlNRU5CSlRJd01EWXVZM0owTUIwR0ExVWREZ1FXQkJSS2xKUXBGeXlaS1NjaGtUbHNoZXRZT1VYN3h6QU9CZ05WSFE4QkFmOEVCQU1DQmFBd2dnRW1CZ05WSFI4RWdnRWRNSUlCR1RDQ0FSV2dnZ0VSb0lJQkRZWV9hSFIwY0RvdkwyTnliQzV0YVdOeWIzTnZablF1WTI5dEwzQnJhV2x1Wm5KaEwwTlNUQzlCVFVVbE1qQkpibVp5WVNVeU1FTkJKVEl3TURZdVkzSnNoakZvZEhSd09pOHZZM0pzTVM1aGJXVXVaMkpzTDJOeWJDOUJUVVVsTWpCSmJtWnlZU1V5TUVOQkpUSXdNRFl1WTNKc2hqRm9kSFJ3T2k4dlkzSnNNaTVoYldVdVoySnNMMk55YkM5QlRVVWxNakJKYm1aeVlTVXlNRU5CSlRJd01EWXVZM0pzaGpGb2RIUndPaTh2WTNKc015NWhiV1V1WjJKc0wyTnliQzlCVFVVbE1qQkpibVp5WVNVeU1FTkJKVEl3TURZdVkzSnNoakZvZEhSd09pOHZZM0pzTkM1aGJXVXVaMkpzTDJOeWJDOUJUVVVsTWpCSmJtWnlZU1V5TUVOQkpUSXdNRFl1WTNKc01JR2RCZ05WSFNBRWdaVXdnWkl3REFZS0t3WUJCQUdDTjNzQkFUQm1CZ29yQmdFRUFZSTNld0lDTUZnd1ZnWUlLd1lCQlFVSEFnSXdTaDVJQURNQU13QmxBREFBTVFBNUFESUFNUUF0QURRQVpBQTJBRFFBTFFBMEFHWUFPQUJqQUMwQVlRQXdBRFVBTlFBdEFEVUFZZ0JrQUdFQVpnQm1BR1FBTlFCbEFETUFNd0JrTUF3R0Npc0dBUVFCZ2pkN0F3RXdEQVlLS3dZQkJBR0NOM3NFQWpBZkJnTlZIU01FR0RBV2dCVHhSbWpHOGNQd0t5MTlpMnJoc3ZtLU5melJRVEFkQmdOVkhTVUVGakFVQmdnckJnRUZCUWNEQVFZSUt3WUJCUVVIQXdJd0RRWUpLb1pJaHZjTkFRRUxCUUFEZ2dFQkFHMFdiekxQc21TU01JN2FUZTJucGl4bWtkQ213Y2RaSEdkNDN0VW5COEpLckxOSkVGY0JzUW1iY0lIMGFkcG5RTnJEZ1JrTkJCT1RaNHMxTElCbFJRYXBacFBzUkl0QU1VZ3VWcEdWUkgwOFQwaTQzdzl4cnBfY2xOYkFKcnJmUmJtWXJvRjBXSktNSjBud1cyclBqeGRldlNSeWdHS19uRWZ5d3dGaS1wMVJoSG5raUVHTDRHblA3UHBRY1J2QVlNZEg5TE81TVJZN2lMYkJtb3NLYXRTX2VXdFNKRDFDdnpnbE53eV92UXp4ODFWbmswQ2duZHFYY1ZxLWxvR3U3UjRVN21rUTJOTnFMYnA0NDdTVHhrcFAtNk1keXY4SjRiZG5mMXMzdkZCTnBndkpXS29nV2NOTGxvOGpua2JFZjZSUE5HZTFXNWxtYTdKd01LQWNQelkmcz1vY0ZNMHlWWEptWGNTMG9iUjUtWkxTR2NwQnZULWZTNWlLRElFZlJzalFJVUFEcFFMa3hxazZtTEZLR0FidmJOanR3c1M2OXROeFlUZU9rbUhaZ016WEZQbVJ4T09YQ0hBek5ncjBfMFg4STlkVkkwa3dWR1dCSTFqTi1HdmJTQzdYaGtqVEhPRVZmcFFJdFJIbjJXeXpScFRsOHd4NUR0cElvTDJacnhPU3ZleWNuaWw0bm83bGJWdDA5WnNjVVFZM2xQWXZwQmZobzBFVnFqMW9JSmxWcEprU3pSY3JPdldvdVZnczBvZ1k5ZksydTdJSHhMWnM1TFNjRmpfdGoxaW5aTmI2UV9BQWdVTm81SnJJdEszdDhZMXhsTXpQT0JZeldsZDhFR3pWV1dQYzRVRm9GZ0M2cVhVSDhWcnhVQ3RZejNjQUZIWmxUd0h4bUtBaF91bGcmaD1kdXpJUkltckgwbC01RmRvVWlNcjJwZ2ZJY1JvOUY1NWtKU3kyUjVzQ05Z",
      "RequestMethod": "GET",
      "RequestHeaders": {
        "User-Agent": [
          "FxVersion/6.0.3324.36610",
          "OSName/Windows",
          "OSVersion/Microsoft.Windows.10.0.26100",
          "Microsoft.Azure.Management.Internal.Resources.ResourceManagementClient/1.3.101"
        ]
      },
      "RequestBody": "",
      "ResponseHeaders": {
        "Cache-Control": [
          "no-cache"
        ],
        "Pragma": [
          "no-cache"
        ],
        "x-ms-ratelimit-remaining-subscription-reads": [
          "11999"
        ],
        "x-ms-request-id": [
          "af019cc1-8d69-4813-945a-5c29f2256d67"
        ],
        "x-ms-correlation-request-id": [
          "af019cc1-8d69-4813-945a-5c29f2256d67"
        ],
        "x-ms-routing-request-id": [
          "EASTUS:20241002T164056Z:af019cc1-8d69-4813-945a-5c29f2256d67"
        ],
        "Strict-Transport-Security": [
          "max-age=31536000; includeSubDomains"
        ],
        "X-Content-Type-Options": [
          "nosniff"
        ],
        "X-Cache": [
          "CONFIG_NOCACHE"
        ],
        "X-MSEdge-Ref": [
          "Ref A: 95F7F9C4610B491BAD5B9FBA6A0964E5 Ref B: MNZ221060608049 Ref C: 2024-10-02T16:40:56Z"
        ],
        "Date": [
          "Wed, 02 Oct 2024 16:40:56 GMT"
        ],
        "Expires": [
          "-1"
        ],
        "Content-Length": [
          "0"
        ]
      },
      "ResponseBody": "",
      "StatusCode": 200
    }
  ],
  "Names": {
    "Test-NetworkManagerIpamPoolCRUD": [
      "ps509",
      "ps4863",
      "ps334"
    ]
  },
  "Variables": {
    "SubscriptionId": "dfa8d777-26f3-4e5e-be19-d6d5fa3176fc"
  }
}