{
  "Entries": [
    {
      "RequestUri": "/subscriptions/0fd190fa-dd1c-4724-b7f6-c5cc3ba5c884/resourcegroups/ps2821?api-version=2016-09-01",
      "EncodedRequestUri": "L3N1YnNjcmlwdGlvbnMvMGZkMTkwZmEtZGQxYy00NzI0LWI3ZjYtYzVjYzNiYTVjODg0L3Jlc291cmNlZ3JvdXBzL3BzMjgyMT9hcGktdmVyc2lvbj0yMDE2LTA5LTAx",
      "RequestMethod": "PUT",
      "RequestHeaders": {
        "x-ms-client-request-id": [
          "27e52eaa-3d28-49a8-ac50-0586d5498295"
        ],
        "Accept-Language": [
          "en-US"
        ],
        "User-Agent": [
          "FxVersion/4.700.22.36202",
          "OSName/Windows",
          "OSVersion/Microsoft.Windows.10.0.19044",
          "Microsoft.Azure.Management.Internal.Resources.ResourceManagementClient/1.3.59"
        ],
        "Content-Type": [
          "application/json; charset=utf-8"
        ],
        "Content-Length": [
          "80"
        ]
      },
      "RequestBody": "{\r\n  \"location\": \"centraluseuap\",\r\n  \"tags\": {\r\n    \"testtag\": \"testval\"\r\n  }\r\n}",
      "ResponseHeaders": {
        "Cache-Control": [
          "no-cache"
        ],
        "Pragma": [
          "no-cache"
        ],
        "x-ms-ratelimit-remaining-subscription-writes": [
          "1199"
        ],
        "x-ms-request-id": [
          "9ba06f05-c36d-45ec-89b6-71f42c159309"
        ],
        "x-ms-correlation-request-id": [
          "9ba06f05-c36d-45ec-89b6-71f42c159309"
        ],
        "x-ms-routing-request-id": [
          "WESTUS:20220811T063207Z:9ba06f05-c36d-45ec-89b6-71f42c159309"
        ],
        "Strict-Transport-Security": [
          "max-age=31536000; includeSubDomains"
        ],
        "X-Content-Type-Options": [
          "nosniff"
        ],
        "Date": [
          "Thu, 11 Aug 2022 06:32:06 GMT"
        ],
        "Content-Length": [
          "201"
        ],
        "Content-Type": [
          "application/json; charset=utf-8"
        ],
        "Expires": [
          "-1"
        ]
      },
      "ResponseBody": "{\r\n  \"id\": \"/subscriptions/0fd190fa-dd1c-4724-b7f6-c5cc3ba5c884/resourceGroups/ps2821\",\r\n  \"name\": \"ps2821\",\r\n  \"location\": \"centraluseuap\",\r\n  \"tags\": {\r\n    \"testtag\": \"testval\"\r\n  },\r\n  \"properties\": {\r\n    \"provisioningState\": \"Succeeded\"\r\n  }\r\n}",
      "StatusCode": 201
    },
    {
      "RequestUri": "/subscriptions/0fd190fa-dd1c-4724-b7f6-c5cc3ba5c884/resourceGroups/ps2821/providers/Microsoft.Network/networkManagers/ps8370?api-version=2022-01-01",
      "EncodedRequestUri": "L3N1YnNjcmlwdGlvbnMvMGZkMTkwZmEtZGQxYy00NzI0LWI3ZjYtYzVjYzNiYTVjODg0L3Jlc291cmNlR3JvdXBzL3BzMjgyMS9wcm92aWRlcnMvTWljcm9zb2Z0Lk5ldHdvcmsvbmV0d29ya01hbmFnZXJzL3BzODM3MD9hcGktdmVyc2lvbj0yMDIyLTAxLTAx",
      "RequestMethod": "GET",
      "RequestHeaders": {
        "x-ms-client-request-id": [
          "0f4355cd-8702-4b17-9a65-7888bb247760"
        ],
        "Accept-Language": [
          "en-US"
        ],
        "User-Agent": [
          "FxVersion/4.700.22.36202",
          "OSName/Windows",
          "OSVersion/Microsoft.Windows.10.0.19044",
          "Microsoft.Azure.Management.Network.NetworkManagementClient/23.0.0.0"
        ]
      },
      "RequestBody": "",
      "ResponseHeaders": {
        "Cache-Control": [
          "no-cache"
        ],
        "Pragma": [
          "no-cache"
        ],
        "x-ms-failure-cause": [
          "gateway"
        ],
        "x-ms-request-id": [
          "d1270680-21c2-4291-ae05-76e86e043d0b"
        ],
        "x-ms-correlation-request-id": [
          "d1270680-21c2-4291-ae05-76e86e043d0b"
        ],
        "x-ms-routing-request-id": [
          "WESTUS:20220811T063209Z:d1270680-21c2-4291-ae05-76e86e043d0b"
        ],
        "Strict-Transport-Security": [
          "max-age=31536000; includeSubDomains"
        ],
        "X-Content-Type-Options": [
          "nosniff"
        ],
        "Date": [
          "Thu, 11 Aug 2022 06:32:08 GMT"
        ],
        "Content-Type": [
          "application/json; charset=utf-8"
        ],
        "Expires": [
          "-1"
        ],
        "Content-Length": [
          "218"
        ]
      },
      "ResponseBody": "{\r\n  \"error\": {\r\n    \"code\": \"ResourceNotFound\",\r\n    \"message\": \"The Resource 'Microsoft.Network/networkManagers/ps8370' under resource group 'ps2821' was not found. For more details please go to https://aka.ms/ARMResourceNotFoundFix\"\r\n  }\r\n}",
      "StatusCode": 404
    },
    {
      "RequestUri": "/subscriptions/0fd190fa-dd1c-4724-b7f6-c5cc3ba5c884/resourceGroups/ps2821/providers/Microsoft.Network/networkManagers/ps8370?api-version=2022-01-01",
      "EncodedRequestUri": "L3N1YnNjcmlwdGlvbnMvMGZkMTkwZmEtZGQxYy00NzI0LWI3ZjYtYzVjYzNiYTVjODg0L3Jlc291cmNlR3JvdXBzL3BzMjgyMS9wcm92aWRlcnMvTWljcm9zb2Z0Lk5ldHdvcmsvbmV0d29ya01hbmFnZXJzL3BzODM3MD9hcGktdmVyc2lvbj0yMDIyLTAxLTAx",
      "RequestMethod": "GET",
      "RequestHeaders": {
        "x-ms-client-request-id": [
          "0f4355cd-8702-4b17-9a65-7888bb247760"
        ],
        "Accept-Language": [
          "en-US"
        ],
        "User-Agent": [
          "FxVersion/4.700.22.36202",
          "OSName/Windows",
          "OSVersion/Microsoft.Windows.10.0.19044",
          "Microsoft.Azure.Management.Network.NetworkManagementClient/23.0.0.0"
        ]
      },
      "RequestBody": "",
      "ResponseHeaders": {
        "Cache-Control": [
          "no-cache"
        ],
        "Pragma": [
          "no-cache"
        ],
        "x-ms-ratelimit-remaining-subscription-reads": [
          "11998"
        ],
        "Strict-Transport-Security": [
          "max-age=31536000; includeSubDomains"
        ],
        "Server": [
          "Kestrel"
        ],
        "x-ms-request-id": [
          "82642ca5-9c12-4f86-b51c-d7afbfaee56f"
        ],
        "x-ms-correlation-request-id": [
          "82642ca5-9c12-4f86-b51c-d7afbfaee56f"
        ],
        "x-ms-routing-request-id": [
          "WESTUS:20220811T063213Z:82642ca5-9c12-4f86-b51c-d7afbfaee56f"
        ],
        "X-Content-Type-Options": [
          "nosniff"
        ],
        "Date": [
          "Thu, 11 Aug 2022 06:32:13 GMT"
        ],
        "Content-Length": [
          "881"
        ],
        "Content-Type": [
          "application/json; charset=utf-8"
        ],
        "Expires": [
          "-1"
        ]
      },
      "ResponseBody": "{\r\n  \"name\": \"ps8370\",\r\n  \"id\": \"/subscriptions/0fd190fa-dd1c-4724-b7f6-c5cc3ba5c884/resourceGroups/ps2821/providers/Microsoft.Network/networkManagers/ps8370\",\r\n  \"location\": \"centraluseuap\",\r\n  \"type\": \"Microsoft.Network/networkManagers\",\r\n  \"tags\": {},\r\n  \"etag\": \"\\\"0300a86f-0000-3300-0000-62f4a26c0000\\\"\",\r\n  \"properties\": {\r\n    \"displayName\": \"\",\r\n    \"description\": \"\",\r\n    \"networkManagerScopes\": {\r\n      \"managementGroups\": [],\r\n      \"subscriptions\": [\r\n        \"/subscriptions/0fd190fa-dd1c-4724-b7f6-c5cc3ba5c884\"\r\n      ],\r\n      \"crossTenantScopes\": []\r\n    },\r\n    \"provisioningState\": \"Succeeded\",\r\n    \"networkManagerScopeAccesses\": [\r\n      \"Connectivity\"\r\n    ],\r\n    \"resourceGuid\": \"15973762-3de8-4ffe-8c49-5577d18aaf9d\"\r\n  },\r\n  \"systemData\": {\r\n    \"createdBy\": \"cc1c7bb7-f3c4-4236-9ae6-39e276ea7d2b\",\r\n    \"createdByType\": \"Application\",\r\n    \"createdAt\": \"2022-08-11T06:32:11.9757588Z\",\r\n    \"lastModifiedBy\": \"cc1c7bb7-f3c4-4236-9ae6-39e276ea7d2b\",\r\n    \"lastModifiedByType\": \"Application\",\r\n    \"lastModifiedAt\": \"2022-08-11T06:32:11.9757588Z\"\r\n  }\r\n}",
      "StatusCode": 200
    },
    {
      "RequestUri": "/subscriptions/0fd190fa-dd1c-4724-b7f6-c5cc3ba5c884/resourceGroups/ps2821/providers/Microsoft.Network/networkManagers/ps8370?api-version=2022-01-01",
      "EncodedRequestUri": "L3N1YnNjcmlwdGlvbnMvMGZkMTkwZmEtZGQxYy00NzI0LWI3ZjYtYzVjYzNiYTVjODg0L3Jlc291cmNlR3JvdXBzL3BzMjgyMS9wcm92aWRlcnMvTWljcm9zb2Z0Lk5ldHdvcmsvbmV0d29ya01hbmFnZXJzL3BzODM3MD9hcGktdmVyc2lvbj0yMDIyLTAxLTAx",
      "RequestMethod": "GET",
      "RequestHeaders": {
        "x-ms-client-request-id": [
          "8aa73613-7148-4f98-9587-3ef463e204ec"
        ],
        "Accept-Language": [
          "en-US"
        ],
        "User-Agent": [
          "FxVersion/4.700.22.36202",
          "OSName/Windows",
          "OSVersion/Microsoft.Windows.10.0.19044",
          "Microsoft.Azure.Management.Network.NetworkManagementClient/23.0.0.0"
        ]
      },
      "RequestBody": "",
      "ResponseHeaders": {
        "Cache-Control": [
          "no-cache"
        ],
        "Pragma": [
          "no-cache"
        ],
        "x-ms-ratelimit-remaining-subscription-reads": [
          "11999"
        ],
        "Strict-Transport-Security": [
          "max-age=31536000; includeSubDomains"
        ],
        "Server": [
          "Kestrel"
        ],
        "x-ms-request-id": [
          "7a9af62a-83b9-4fd5-b343-fdda2224583c"
        ],
        "x-ms-correlation-request-id": [
          "7a9af62a-83b9-4fd5-b343-fdda2224583c"
        ],
        "x-ms-routing-request-id": [
          "WESTUS:20220811T063215Z:7a9af62a-83b9-4fd5-b343-fdda2224583c"
        ],
        "X-Content-Type-Options": [
          "nosniff"
        ],
        "Date": [
          "Thu, 11 Aug 2022 06:32:15 GMT"
        ],
        "Content-Length": [
          "881"
        ],
        "Content-Type": [
          "application/json; charset=utf-8"
        ],
        "Expires": [
          "-1"
        ]
      },
      "ResponseBody": "{\r\n  \"name\": \"ps8370\",\r\n  \"id\": \"/subscriptions/0fd190fa-dd1c-4724-b7f6-c5cc3ba5c884/resourceGroups/ps2821/providers/Microsoft.Network/networkManagers/ps8370\",\r\n  \"location\": \"centraluseuap\",\r\n  \"type\": \"Microsoft.Network/networkManagers\",\r\n  \"tags\": {},\r\n  \"etag\": \"\\\"0300a86f-0000-3300-0000-62f4a26c0000\\\"\",\r\n  \"properties\": {\r\n    \"displayName\": \"\",\r\n    \"description\": \"\",\r\n    \"networkManagerScopes\": {\r\n      \"managementGroups\": [],\r\n      \"subscriptions\": [\r\n        \"/subscriptions/0fd190fa-dd1c-4724-b7f6-c5cc3ba5c884\"\r\n      ],\r\n      \"crossTenantScopes\": []\r\n    },\r\n    \"provisioningState\": \"Succeeded\",\r\n    \"networkManagerScopeAccesses\": [\r\n      \"Connectivity\"\r\n    ],\r\n    \"resourceGuid\": \"15973762-3de8-4ffe-8c49-5577d18aaf9d\"\r\n  },\r\n  \"systemData\": {\r\n    \"createdBy\": \"cc1c7bb7-f3c4-4236-9ae6-39e276ea7d2b\",\r\n    \"createdByType\": \"Application\",\r\n    \"createdAt\": \"2022-08-11T06:32:11.9757588Z\",\r\n    \"lastModifiedBy\": \"cc1c7bb7-f3c4-4236-9ae6-39e276ea7d2b\",\r\n    \"lastModifiedByType\": \"Application\",\r\n    \"lastModifiedAt\": \"2022-08-11T06:32:11.9757588Z\"\r\n  }\r\n}",
      "StatusCode": 200
    },
    {
      "RequestUri": "/subscriptions/0fd190fa-dd1c-4724-b7f6-c5cc3ba5c884/resourceGroups/ps2821/providers/Microsoft.Network/networkManagers/ps8370?api-version=2022-01-01",
      "EncodedRequestUri": "L3N1YnNjcmlwdGlvbnMvMGZkMTkwZmEtZGQxYy00NzI0LWI3ZjYtYzVjYzNiYTVjODg0L3Jlc291cmNlR3JvdXBzL3BzMjgyMS9wcm92aWRlcnMvTWljcm9zb2Z0Lk5ldHdvcmsvbmV0d29ya01hbmFnZXJzL3BzODM3MD9hcGktdmVyc2lvbj0yMDIyLTAxLTAx",
      "RequestMethod": "PUT",
      "RequestHeaders": {
        "x-ms-client-request-id": [
          "0f4355cd-8702-4b17-9a65-7888bb247760"
        ],
        "Accept-Language": [
          "en-US"
        ],
        "User-Agent": [
          "FxVersion/4.700.22.36202",
          "OSName/Windows",
          "OSVersion/Microsoft.Windows.10.0.19044",
          "Microsoft.Azure.Management.Network.NetworkManagementClient/23.0.0.0"
        ],
        "Content-Type": [
          "application/json; charset=utf-8"
        ],
        "Content-Length": [
          "295"
        ]
      },
      "RequestBody": "{\r\n  \"properties\": {\r\n    \"networkManagerScopes\": {\r\n      \"managementGroups\": [],\r\n      \"subscriptions\": [\r\n        \"/subscriptions/0fd190fa-dd1c-4724-b7f6-c5cc3ba5c884\"\r\n      ]\r\n    },\r\n    \"networkManagerScopeAccesses\": [\r\n      \"Connectivity\"\r\n    ]\r\n  },\r\n  \"location\": \"centraluseuap\"\r\n}",
      "ResponseHeaders": {
        "Cache-Control": [
          "no-cache"
        ],
        "Pragma": [
          "no-cache"
        ],
        "x-ms-ratelimit-remaining-subscription-writes": [
          "1199"
        ],
        "Strict-Transport-Security": [
          "max-age=31536000; includeSubDomains"
        ],
        "Server": [
          "Kestrel"
        ],
        "x-ms-request-id": [
          "68e3097f-80d3-4ec7-a91b-1251373d7c0b"
        ],
        "x-ms-correlation-request-id": [
          "68e3097f-80d3-4ec7-a91b-1251373d7c0b"
        ],
        "x-ms-routing-request-id": [
          "WESTUS:20220811T063213Z:68e3097f-80d3-4ec7-a91b-1251373d7c0b"
        ],
        "X-Content-Type-Options": [
          "nosniff"
        ],
        "Date": [
          "Thu, 11 Aug 2022 06:32:12 GMT"
        ],
        "Content-Length": [
          "841"
        ],
        "Content-Type": [
          "application/json; charset=utf-8"
        ],
        "Expires": [
          "-1"
        ]
      },
      "ResponseBody": "{\r\n  \"name\": \"ps8370\",\r\n  \"id\": \"/subscriptions/0fd190fa-dd1c-4724-b7f6-c5cc3ba5c884/resourceGroups/ps2821/providers/Microsoft.Network/networkManagers/ps8370\",\r\n  \"location\": \"centraluseuap\",\r\n  \"type\": \"Microsoft.Network/networkManagers\",\r\n  \"tags\": {},\r\n  \"etag\": \"\",\r\n  \"properties\": {\r\n    \"displayName\": \"\",\r\n    \"description\": \"\",\r\n    \"networkManagerScopes\": {\r\n      \"managementGroups\": [],\r\n      \"subscriptions\": [\r\n        \"/subscriptions/0fd190fa-dd1c-4724-b7f6-c5cc3ba5c884\"\r\n      ],\r\n      \"crossTenantScopes\": []\r\n    },\r\n    \"provisioningState\": \"Succeeded\",\r\n    \"networkManagerScopeAccesses\": [\r\n      \"Connectivity\"\r\n    ],\r\n    \"resourceGuid\": \"15973762-3de8-4ffe-8c49-5577d18aaf9d\"\r\n  },\r\n  \"systemData\": {\r\n    \"createdBy\": \"cc1c7bb7-f3c4-4236-9ae6-39e276ea7d2b\",\r\n    \"createdByType\": \"Application\",\r\n    \"createdAt\": \"2022-08-11T06:32:11.9757588Z\",\r\n    \"lastModifiedBy\": \"cc1c7bb7-f3c4-4236-9ae6-39e276ea7d2b\",\r\n    \"lastModifiedByType\": \"Application\",\r\n    \"lastModifiedAt\": \"2022-08-11T06:32:11.9757588Z\"\r\n  }\r\n}",
      "StatusCode": 200
    },
    {
      "RequestUri": "/subscriptions/0fd190fa-dd1c-4724-b7f6-c5cc3ba5c884/resourceGroups/ps2821/providers/Microsoft.Network/networkManagers/ps8370/networkGroups/ps4665?api-version=2022-01-01",
      "EncodedRequestUri": "L3N1YnNjcmlwdGlvbnMvMGZkMTkwZmEtZGQxYy00NzI0LWI3ZjYtYzVjYzNiYTVjODg0L3Jlc291cmNlR3JvdXBzL3BzMjgyMS9wcm92aWRlcnMvTWljcm9zb2Z0Lk5ldHdvcmsvbmV0d29ya01hbmFnZXJzL3BzODM3MC9uZXR3b3JrR3JvdXBzL3BzNDY2NT9hcGktdmVyc2lvbj0yMDIyLTAxLTAx",
      "RequestMethod": "GET",
      "RequestHeaders": {
        "x-ms-client-request-id": [
          "0e98c818-dfac-44bf-b3a9-85eebef44984"
        ],
        "Accept-Language": [
          "en-US"
        ],
        "User-Agent": [
          "FxVersion/4.700.22.36202",
          "OSName/Windows",
          "OSVersion/Microsoft.Windows.10.0.19044",
          "Microsoft.Azure.Management.Network.NetworkManagementClient/23.0.0.0"
        ]
      },
      "RequestBody": "",
      "ResponseHeaders": {
        "Cache-Control": [
          "no-cache"
        ],
        "Pragma": [
          "no-cache"
        ],
        "x-ms-ratelimit-remaining-subscription-reads": [
          "11999"
        ],
        "Strict-Transport-Security": [
          "max-age=31536000; includeSubDomains"
        ],
        "Server": [
          "Kestrel"
        ],
        "x-ms-request-id": [
          "abfe3b68-5391-4b6d-b464-81a11fb92ff3"
        ],
        "x-ms-correlation-request-id": [
          "abfe3b68-5391-4b6d-b464-81a11fb92ff3"
        ],
        "x-ms-routing-request-id": [
          "WESTUS:20220811T063218Z:abfe3b68-5391-4b6d-b464-81a11fb92ff3"
        ],
        "X-Content-Type-Options": [
          "nosniff"
        ],
        "Date": [
          "Thu, 11 Aug 2022 06:32:17 GMT"
        ],
        "Content-Length": [
          "233"
        ],
        "Content-Type": [
          "application/json; charset=utf-8"
        ],
        "Expires": [
          "-1"
        ]
      },
      "ResponseBody": "{\r\n  \"error\": {\r\n    \"message\": \"Resource [/subscriptions/0fd190fa-dd1c-4724-b7f6-c5cc3ba5c884/resourceGroups/ps2821/providers/Microsoft.Network/networkManagers/ps8370/networkGroups/ps4665] does not exist or has been deleted\",\r\n    \"code\": \"NotFound\"\r\n  }\r\n}",
      "StatusCode": 404
    },
    {
      "RequestUri": "/subscriptions/0fd190fa-dd1c-4724-b7f6-c5cc3ba5c884/resourceGroups/ps2821/providers/Microsoft.Network/networkManagers/ps8370/networkGroups/ps4665?api-version=2022-01-01",
      "EncodedRequestUri": "L3N1YnNjcmlwdGlvbnMvMGZkMTkwZmEtZGQxYy00NzI0LWI3ZjYtYzVjYzNiYTVjODg0L3Jlc291cmNlR3JvdXBzL3BzMjgyMS9wcm92aWRlcnMvTWljcm9zb2Z0Lk5ldHdvcmsvbmV0d29ya01hbmFnZXJzL3BzODM3MC9uZXR3b3JrR3JvdXBzL3BzNDY2NT9hcGktdmVyc2lvbj0yMDIyLTAxLTAx",
      "RequestMethod": "GET",
      "RequestHeaders": {
        "x-ms-client-request-id": [
          "0e98c818-dfac-44bf-b3a9-85eebef44984"
        ],
        "Accept-Language": [
          "en-US"
        ],
        "User-Agent": [
          "FxVersion/4.700.22.36202",
          "OSName/Windows",
          "OSVersion/Microsoft.Windows.10.0.19044",
          "Microsoft.Azure.Management.Network.NetworkManagementClient/23.0.0.0"
        ]
      },
      "RequestBody": "",
      "ResponseHeaders": {
        "Cache-Control": [
          "no-cache"
        ],
        "Pragma": [
          "no-cache"
        ],
        "x-ms-ratelimit-remaining-subscription-reads": [
          "11998"
        ],
        "Strict-Transport-Security": [
          "max-age=31536000; includeSubDomains"
        ],
        "Server": [
          "Kestrel"
        ],
        "x-ms-request-id": [
          "57b8de0f-33a2-421c-8fcb-05e7fd5554ec"
        ],
        "x-ms-correlation-request-id": [
          "57b8de0f-33a2-421c-8fcb-05e7fd5554ec"
        ],
        "x-ms-routing-request-id": [
          "WESTUS:20220811T063219Z:57b8de0f-33a2-421c-8fcb-05e7fd5554ec"
        ],
        "X-Content-Type-Options": [
          "nosniff"
        ],
        "Date": [
          "Thu, 11 Aug 2022 06:32:19 GMT"
        ],
        "Content-Length": [
          "707"
        ],
        "Content-Type": [
          "application/json; charset=utf-8"
        ],
        "Expires": [
          "-1"
        ]
      },
      "ResponseBody": "{\r\n  \"name\": \"ps4665\",\r\n  \"id\": \"/subscriptions/0fd190fa-dd1c-4724-b7f6-c5cc3ba5c884/resourceGroups/ps2821/providers/Microsoft.Network/networkManagers/ps8370/networkGroups/ps4665\",\r\n  \"type\": \"Microsoft.Network/networkManagers/networkGroups\",\r\n  \"etag\": \"\\\"0300ab6f-0000-3300-0000-62f4a2720000\\\"\",\r\n  \"properties\": {\r\n    \"displayName\": \"\",\r\n    \"description\": \"SampleDESCRIption\",\r\n    \"provisioningState\": \"Succeeded\",\r\n    \"resourceGuid\": \"42fc0f5b-2f6d-437d-8249-c040108dc4e1\"\r\n  },\r\n  \"systemData\": {\r\n    \"createdBy\": \"cc1c7bb7-f3c4-4236-9ae6-39e276ea7d2b\",\r\n    \"createdByType\": \"Application\",\r\n    \"createdAt\": \"2022-08-11T06:32:18.4370779Z\",\r\n    \"lastModifiedBy\": \"cc1c7bb7-f3c4-4236-9ae6-39e276ea7d2b\",\r\n    \"lastModifiedByType\": \"Application\",\r\n    \"lastModifiedAt\": \"2022-08-11T06:32:18.4370779Z\"\r\n  }\r\n}",
      "StatusCode": 200
    },
    {
      "RequestUri": "/subscriptions/0fd190fa-dd1c-4724-b7f6-c5cc3ba5c884/resourceGroups/ps2821/providers/Microsoft.Network/networkManagers/ps8370/networkGroups/ps4665?api-version=2022-01-01",
      "EncodedRequestUri": "L3N1YnNjcmlwdGlvbnMvMGZkMTkwZmEtZGQxYy00NzI0LWI3ZjYtYzVjYzNiYTVjODg0L3Jlc291cmNlR3JvdXBzL3BzMjgyMS9wcm92aWRlcnMvTWljcm9zb2Z0Lk5ldHdvcmsvbmV0d29ya01hbmFnZXJzL3BzODM3MC9uZXR3b3JrR3JvdXBzL3BzNDY2NT9hcGktdmVyc2lvbj0yMDIyLTAxLTAx",
      "RequestMethod": "GET",
      "RequestHeaders": {
        "x-ms-client-request-id": [
          "13b11c50-2ca7-479f-a700-f0d99c10614a"
        ],
        "Accept-Language": [
          "en-US"
        ],
        "User-Agent": [
          "FxVersion/4.700.22.36202",
          "OSName/Windows",
          "OSVersion/Microsoft.Windows.10.0.19044",
          "Microsoft.Azure.Management.Network.NetworkManagementClient/23.0.0.0"
        ]
      },
      "RequestBody": "",
      "ResponseHeaders": {
        "Cache-Control": [
          "no-cache"
        ],
        "Pragma": [
          "no-cache"
        ],
        "x-ms-ratelimit-remaining-subscription-reads": [
          "11998"
        ],
        "Strict-Transport-Security": [
          "max-age=31536000; includeSubDomains"
        ],
        "Server": [
          "Kestrel"
        ],
        "x-ms-request-id": [
          "1d7deeec-8ee9-4dda-a3cc-b5ec90c70b88"
        ],
        "x-ms-correlation-request-id": [
          "1d7deeec-8ee9-4dda-a3cc-b5ec90c70b88"
        ],
        "x-ms-routing-request-id": [
          "WESTUS:20220811T063220Z:1d7deeec-8ee9-4dda-a3cc-b5ec90c70b88"
        ],
        "X-Content-Type-Options": [
          "nosniff"
        ],
        "Date": [
          "Thu, 11 Aug 2022 06:32:20 GMT"
        ],
        "Content-Length": [
          "707"
        ],
        "Content-Type": [
          "application/json; charset=utf-8"
        ],
        "Expires": [
          "-1"
        ]
      },
      "ResponseBody": "{\r\n  \"name\": \"ps4665\",\r\n  \"id\": \"/subscriptions/0fd190fa-dd1c-4724-b7f6-c5cc3ba5c884/resourceGroups/ps2821/providers/Microsoft.Network/networkManagers/ps8370/networkGroups/ps4665\",\r\n  \"type\": \"Microsoft.Network/networkManagers/networkGroups\",\r\n  \"etag\": \"\\\"0300ab6f-0000-3300-0000-62f4a2720000\\\"\",\r\n  \"properties\": {\r\n    \"displayName\": \"\",\r\n    \"description\": \"SampleDESCRIption\",\r\n    \"provisioningState\": \"Succeeded\",\r\n    \"resourceGuid\": \"42fc0f5b-2f6d-437d-8249-c040108dc4e1\"\r\n  },\r\n  \"systemData\": {\r\n    \"createdBy\": \"cc1c7bb7-f3c4-4236-9ae6-39e276ea7d2b\",\r\n    \"createdByType\": \"Application\",\r\n    \"createdAt\": \"2022-08-11T06:32:18.4370779Z\",\r\n    \"lastModifiedBy\": \"cc1c7bb7-f3c4-4236-9ae6-39e276ea7d2b\",\r\n    \"lastModifiedByType\": \"Application\",\r\n    \"lastModifiedAt\": \"2022-08-11T06:32:18.4370779Z\"\r\n  }\r\n}",
      "StatusCode": 200
    },
    {
      "RequestUri": "/subscriptions/0fd190fa-dd1c-4724-b7f6-c5cc3ba5c884/resourceGroups/ps2821/providers/Microsoft.Network/networkManagers/ps8370/networkGroups/ps4665?api-version=2022-01-01",
      "EncodedRequestUri": "L3N1YnNjcmlwdGlvbnMvMGZkMTkwZmEtZGQxYy00NzI0LWI3ZjYtYzVjYzNiYTVjODg0L3Jlc291cmNlR3JvdXBzL3BzMjgyMS9wcm92aWRlcnMvTWljcm9zb2Z0Lk5ldHdvcmsvbmV0d29ya01hbmFnZXJzL3BzODM3MC9uZXR3b3JrR3JvdXBzL3BzNDY2NT9hcGktdmVyc2lvbj0yMDIyLTAxLTAx",
      "RequestMethod": "PUT",
      "RequestHeaders": {
        "x-ms-client-request-id": [
          "0e98c818-dfac-44bf-b3a9-85eebef44984"
        ],
        "Accept-Language": [
          "en-US"
        ],
        "User-Agent": [
          "FxVersion/4.700.22.36202",
          "OSName/Windows",
          "OSVersion/Microsoft.Windows.10.0.19044",
          "Microsoft.Azure.Management.Network.NetworkManagementClient/23.0.0.0"
        ],
        "Content-Type": [
          "application/json; charset=utf-8"
        ],
        "Content-Length": [
          "68"
        ]
      },
      "RequestBody": "{\r\n  \"properties\": {\r\n    \"description\": \"SampleDESCRIption\"\r\n  }\r\n}",
      "ResponseHeaders": {
        "Cache-Control": [
          "no-cache"
        ],
        "Pragma": [
          "no-cache"
        ],
        "x-ms-ratelimit-remaining-subscription-writes": [
          "1199"
        ],
        "Strict-Transport-Security": [
          "max-age=31536000; includeSubDomains"
        ],
        "Server": [
          "Kestrel"
        ],
        "x-ms-request-id": [
          "195b0970-aabb-4bd6-9fa3-1183f8b8dbc6"
        ],
        "x-ms-correlation-request-id": [
          "195b0970-aabb-4bd6-9fa3-1183f8b8dbc6"
        ],
        "x-ms-routing-request-id": [
          "WESTUS:20220811T063218Z:195b0970-aabb-4bd6-9fa3-1183f8b8dbc6"
        ],
        "X-Content-Type-Options": [
          "nosniff"
        ],
        "Date": [
          "Thu, 11 Aug 2022 06:32:18 GMT"
        ],
        "Content-Length": [
          "667"
        ],
        "Content-Type": [
          "application/json; charset=utf-8"
        ],
        "Expires": [
          "-1"
        ]
      },
      "ResponseBody": "{\r\n  \"name\": \"ps4665\",\r\n  \"id\": \"/subscriptions/0fd190fa-dd1c-4724-b7f6-c5cc3ba5c884/resourceGroups/ps2821/providers/Microsoft.Network/networkManagers/ps8370/networkGroups/ps4665\",\r\n  \"type\": \"Microsoft.Network/networkManagers/networkGroups\",\r\n  \"etag\": \"\",\r\n  \"properties\": {\r\n    \"displayName\": \"\",\r\n    \"description\": \"SampleDESCRIption\",\r\n    \"provisioningState\": \"Succeeded\",\r\n    \"resourceGuid\": \"42fc0f5b-2f6d-437d-8249-c040108dc4e1\"\r\n  },\r\n  \"systemData\": {\r\n    \"createdBy\": \"cc1c7bb7-f3c4-4236-9ae6-39e276ea7d2b\",\r\n    \"createdByType\": \"Application\",\r\n    \"createdAt\": \"2022-08-11T06:32:18.4370779Z\",\r\n    \"lastModifiedBy\": \"cc1c7bb7-f3c4-4236-9ae6-39e276ea7d2b\",\r\n    \"lastModifiedByType\": \"Application\",\r\n    \"lastModifiedAt\": \"2022-08-11T06:32:18.4370779Z\"\r\n  }\r\n}",
      "StatusCode": 200
    },
    {
      "RequestUri": "/subscriptions/0fd190fa-dd1c-4724-b7f6-c5cc3ba5c884/resourceGroups/ps2821/providers/Microsoft.Network/networkManagers/ps8370/networkGroups/ps4665/staticMembers/ps1381?api-version=2022-01-01",
      "EncodedRequestUri": "L3N1YnNjcmlwdGlvbnMvMGZkMTkwZmEtZGQxYy00NzI0LWI3ZjYtYzVjYzNiYTVjODg0L3Jlc291cmNlR3JvdXBzL3BzMjgyMS9wcm92aWRlcnMvTWljcm9zb2Z0Lk5ldHdvcmsvbmV0d29ya01hbmFnZXJzL3BzODM3MC9uZXR3b3JrR3JvdXBzL3BzNDY2NS9zdGF0aWNNZW1iZXJzL3BzMTM4MT9hcGktdmVyc2lvbj0yMDIyLTAxLTAx",
      "RequestMethod": "GET",
      "RequestHeaders": {
        "x-ms-client-request-id": [
          "a27efef0-3347-4df7-9df4-b2378e8ae587"
        ],
        "Accept-Language": [
          "en-US"
        ],
        "User-Agent": [
          "FxVersion/4.700.22.36202",
          "OSName/Windows",
          "OSVersion/Microsoft.Windows.10.0.19044",
          "Microsoft.Azure.Management.Network.NetworkManagementClient/23.0.0.0"
        ]
      },
      "RequestBody": "",
      "ResponseHeaders": {
        "Cache-Control": [
          "no-cache"
        ],
        "Pragma": [
          "no-cache"
        ],
        "x-ms-ratelimit-remaining-subscription-reads": [
          "11999"
        ],
        "Strict-Transport-Security": [
          "max-age=31536000; includeSubDomains"
        ],
        "Server": [
          "Kestrel"
        ],
        "x-ms-request-id": [
          "0be367f7-74ad-4422-9710-55f05b45b7c3"
        ],
        "x-ms-correlation-request-id": [
          "0be367f7-74ad-4422-9710-55f05b45b7c3"
        ],
        "x-ms-routing-request-id": [
          "WESTUS:20220811T063222Z:0be367f7-74ad-4422-9710-55f05b45b7c3"
        ],
        "X-Content-Type-Options": [
          "nosniff"
        ],
        "Date": [
          "Thu, 11 Aug 2022 06:32:22 GMT"
        ],
        "Content-Length": [
          "253"
        ],
        "Content-Type": [
          "application/json; charset=utf-8"
        ],
        "Expires": [
          "-1"
        ]
      },
      "ResponseBody": "{\r\n  \"error\": {\r\n    \"message\": \"Resource [/subscriptions/0fd190fa-dd1c-4724-b7f6-c5cc3ba5c884/resourceGroups/ps2821/providers/Microsoft.Network/networkManagers/ps8370/networkGroups/ps4665/staticMembersps1381] does not exist or has been deleted\",\r\n    \"code\": \"NotFound\"\r\n  }\r\n}",
      "StatusCode": 404
    },
    {
      "RequestUri": "/subscriptions/0fd190fa-dd1c-4724-b7f6-c5cc3ba5c884/resourceGroups/ps2821/providers/Microsoft.Network/networkManagers/ps8370/networkGroups/ps4665/staticMembers/ps1381?api-version=2022-01-01",
      "EncodedRequestUri": "L3N1YnNjcmlwdGlvbnMvMGZkMTkwZmEtZGQxYy00NzI0LWI3ZjYtYzVjYzNiYTVjODg0L3Jlc291cmNlR3JvdXBzL3BzMjgyMS9wcm92aWRlcnMvTWljcm9zb2Z0Lk5ldHdvcmsvbmV0d29ya01hbmFnZXJzL3BzODM3MC9uZXR3b3JrR3JvdXBzL3BzNDY2NS9zdGF0aWNNZW1iZXJzL3BzMTM4MT9hcGktdmVyc2lvbj0yMDIyLTAxLTAx",
      "RequestMethod": "GET",
      "RequestHeaders": {
        "x-ms-client-request-id": [
          "a27efef0-3347-4df7-9df4-b2378e8ae587"
        ],
        "Accept-Language": [
          "en-US"
        ],
        "User-Agent": [
          "FxVersion/4.700.22.36202",
          "OSName/Windows",
          "OSVersion/Microsoft.Windows.10.0.19044",
          "Microsoft.Azure.Management.Network.NetworkManagementClient/23.0.0.0"
        ]
      },
      "RequestBody": "",
      "ResponseHeaders": {
        "Cache-Control": [
          "no-cache"
        ],
        "Pragma": [
          "no-cache"
        ],
        "x-ms-ratelimit-remaining-subscription-reads": [
          "11998"
        ],
        "Strict-Transport-Security": [
          "max-age=31536000; includeSubDomains"
        ],
        "Server": [
          "Kestrel"
        ],
        "x-ms-request-id": [
          "a14c6a0f-64f7-4bcb-ab33-94dc9eed6b8e"
        ],
        "x-ms-correlation-request-id": [
          "a14c6a0f-64f7-4bcb-ab33-94dc9eed6b8e"
        ],
        "x-ms-routing-request-id": [
          "WESTUS:20220811T063224Z:a14c6a0f-64f7-4bcb-ab33-94dc9eed6b8e"
        ],
        "X-Content-Type-Options": [
          "nosniff"
        ],
        "Date": [
          "Thu, 11 Aug 2022 06:32:24 GMT"
        ],
        "Content-Length": [
          "831"
        ],
        "Content-Type": [
          "application/json; charset=utf-8"
        ],
        "Expires": [
          "-1"
        ]
      },
      "ResponseBody": "{\r\n  \"name\": \"ps1381\",\r\n  \"id\": \"/subscriptions/0fd190fa-dd1c-4724-b7f6-c5cc3ba5c884/resourceGroups/ps2821/providers/Microsoft.Network/networkManagers/ps8370/networkGroups/ps4665/staticMembers/ps1381\",\r\n  \"type\": \"Microsoft.Network/networkManagers/networkGroups/staticMembers\",\r\n  \"etag\": \"\\\"0300ae6f-0000-3300-0000-62f4a2770000\\\"\",\r\n  \"properties\": {\r\n    \"resourceId\": \"/subscriptions/0fd190fa-dd1c-4724-b7f6-c5cc3ba5c884/resourceGroups/jaredgorthy-PowerShellTestResources/providers/Microsoft.Network/virtualNetworks/powerShellTestVnet\",\r\n    \"provisioningState\": \"Updating\",\r\n    \"location\": \"\"\r\n  },\r\n  \"systemData\": {\r\n    \"createdBy\": \"cc1c7bb7-f3c4-4236-9ae6-39e276ea7d2b\",\r\n    \"createdByType\": \"Application\",\r\n    \"createdAt\": \"2022-08-11T06:32:23.3454167Z\",\r\n    \"lastModifiedBy\": \"cc1c7bb7-f3c4-4236-9ae6-39e276ea7d2b\",\r\n    \"lastModifiedByType\": \"Application\",\r\n    \"lastModifiedAt\": \"2022-08-11T06:32:23.3454167Z\"\r\n  }\r\n}",
      "StatusCode": 200
    },
    {
      "RequestUri": "/subscriptions/0fd190fa-dd1c-4724-b7f6-c5cc3ba5c884/resourceGroups/ps2821/providers/Microsoft.Network/networkManagers/ps8370/networkGroups/ps4665/staticMembers/ps1381?api-version=2022-01-01",
      "EncodedRequestUri": "L3N1YnNjcmlwdGlvbnMvMGZkMTkwZmEtZGQxYy00NzI0LWI3ZjYtYzVjYzNiYTVjODg0L3Jlc291cmNlR3JvdXBzL3BzMjgyMS9wcm92aWRlcnMvTWljcm9zb2Z0Lk5ldHdvcmsvbmV0d29ya01hbmFnZXJzL3BzODM3MC9uZXR3b3JrR3JvdXBzL3BzNDY2NS9zdGF0aWNNZW1iZXJzL3BzMTM4MT9hcGktdmVyc2lvbj0yMDIyLTAxLTAx",
      "RequestMethod": "PUT",
      "RequestHeaders": {
        "x-ms-client-request-id": [
          "a27efef0-3347-4df7-9df4-b2378e8ae587"
        ],
        "Accept-Language": [
          "en-US"
        ],
        "User-Agent": [
          "FxVersion/4.700.22.36202",
          "OSName/Windows",
          "OSVersion/Microsoft.Windows.10.0.19044",
          "Microsoft.Azure.Management.Network.NetworkManagementClient/23.0.0.0"
        ],
        "Content-Type": [
          "application/json; charset=utf-8"
        ],
        "Content-Length": [
          "215"
        ]
      },
      "RequestBody": "{\r\n  \"properties\": {\r\n    \"resourceId\": \"/subscriptions/0fd190fa-dd1c-4724-b7f6-c5cc3ba5c884/resourceGroups/jaredgorthy-PowerShellTestResources/providers/Microsoft.Network/virtualNetworks/powerShellTestVnet\"\r\n  }\r\n}",
      "ResponseHeaders": {
        "Cache-Control": [
          "no-cache"
        ],
        "Pragma": [
          "no-cache"
        ],
        "x-ms-ratelimit-remaining-subscription-writes": [
          "1199"
        ],
        "Strict-Transport-Security": [
          "max-age=31536000; includeSubDomains"
        ],
        "Server": [
          "Kestrel"
        ],
        "x-ms-request-id": [
          "620ddfbd-72c3-44a2-8a91-7ab526811ec9"
        ],
        "x-ms-correlation-request-id": [
          "620ddfbd-72c3-44a2-8a91-7ab526811ec9"
        ],
        "x-ms-routing-request-id": [
          "WESTUS:20220811T063223Z:620ddfbd-72c3-44a2-8a91-7ab526811ec9"
        ],
        "X-Content-Type-Options": [
          "nosniff"
        ],
        "Date": [
          "Thu, 11 Aug 2022 06:32:23 GMT"
        ],
        "Content-Length": [
          "791"
        ],
        "Content-Type": [
          "application/json; charset=utf-8"
        ],
        "Expires": [
          "-1"
        ]
      },
      "ResponseBody": "{\r\n  \"name\": \"ps1381\",\r\n  \"id\": \"/subscriptions/0fd190fa-dd1c-4724-b7f6-c5cc3ba5c884/resourceGroups/ps2821/providers/Microsoft.Network/networkManagers/ps8370/networkGroups/ps4665/staticMembers/ps1381\",\r\n  \"type\": \"Microsoft.Network/networkManagers/networkGroups/staticMembers\",\r\n  \"etag\": \"\",\r\n  \"properties\": {\r\n    \"resourceId\": \"/subscriptions/0fd190fa-dd1c-4724-b7f6-c5cc3ba5c884/resourceGroups/jaredgorthy-PowerShellTestResources/providers/Microsoft.Network/virtualNetworks/powerShellTestVnet\",\r\n    \"provisioningState\": \"Updating\",\r\n    \"location\": \"\"\r\n  },\r\n  \"systemData\": {\r\n    \"createdBy\": \"cc1c7bb7-f3c4-4236-9ae6-39e276ea7d2b\",\r\n    \"createdByType\": \"Application\",\r\n    \"createdAt\": \"2022-08-11T06:32:23.3454167Z\",\r\n    \"lastModifiedBy\": \"cc1c7bb7-f3c4-4236-9ae6-39e276ea7d2b\",\r\n    \"lastModifiedByType\": \"Application\",\r\n    \"lastModifiedAt\": \"2022-08-11T06:32:23.3454167Z\"\r\n  }\r\n}",
      "StatusCode": 200
    },
    {
      "RequestUri": "/subscriptions/0fd190fa-dd1c-4724-b7f6-c5cc3ba5c884/resourceGroups/ps2821/providers/Microsoft.Network/networkManagers/ps8370/connectivityConfigurations/ps7252?api-version=2022-01-01",
      "EncodedRequestUri": "L3N1YnNjcmlwdGlvbnMvMGZkMTkwZmEtZGQxYy00NzI0LWI3ZjYtYzVjYzNiYTVjODg0L3Jlc291cmNlR3JvdXBzL3BzMjgyMS9wcm92aWRlcnMvTWljcm9zb2Z0Lk5ldHdvcmsvbmV0d29ya01hbmFnZXJzL3BzODM3MC9jb25uZWN0aXZpdHlDb25maWd1cmF0aW9ucy9wczcyNTI/YXBpLXZlcnNpb249MjAyMi0wMS0wMQ==",
      "RequestMethod": "GET",
      "RequestHeaders": {
        "x-ms-client-request-id": [
          "ec326374-00ae-4591-acd7-cb8c812cdc38"
        ],
        "Accept-Language": [
          "en-US"
        ],
        "User-Agent": [
          "FxVersion/4.700.22.36202",
          "OSName/Windows",
          "OSVersion/Microsoft.Windows.10.0.19044",
          "Microsoft.Azure.Management.Network.NetworkManagementClient/23.0.0.0"
        ]
      },
      "RequestBody": "",
      "ResponseHeaders": {
        "Cache-Control": [
          "no-cache"
        ],
        "Pragma": [
          "no-cache"
        ],
        "x-ms-ratelimit-remaining-subscription-reads": [
          "11998"
        ],
        "Strict-Transport-Security": [
          "max-age=31536000; includeSubDomains"
        ],
        "Server": [
          "Kestrel"
        ],
        "x-ms-request-id": [
          "51c45019-940c-4edd-b7f6-31b91e5d22fd"
        ],
        "x-ms-correlation-request-id": [
          "51c45019-940c-4edd-b7f6-31b91e5d22fd"
        ],
        "x-ms-routing-request-id": [
          "WESTUS:20220811T063225Z:51c45019-940c-4edd-b7f6-31b91e5d22fd"
        ],
        "X-Content-Type-Options": [
          "nosniff"
        ],
        "Date": [
          "Thu, 11 Aug 2022 06:32:24 GMT"
        ],
        "Content-Length": [
          "246"
        ],
        "Content-Type": [
          "application/json; charset=utf-8"
        ],
        "Expires": [
          "-1"
        ]
      },
      "ResponseBody": "{\r\n  \"error\": {\r\n    \"message\": \"Resource [/subscriptions/0fd190fa-dd1c-4724-b7f6-c5cc3ba5c884/resourceGroups/ps2821/providers/Microsoft.Network/networkManagers/ps8370/connectivityConfigurations/ps7252] does not exist or has been deleted\",\r\n    \"code\": \"NotFound\"\r\n  }\r\n}",
      "StatusCode": 404
    },
    {
      "RequestUri": "/subscriptions/0fd190fa-dd1c-4724-b7f6-c5cc3ba5c884/resourceGroups/ps2821/providers/Microsoft.Network/networkManagers/ps8370/connectivityConfigurations/ps7252?api-version=2022-01-01",
      "EncodedRequestUri": "L3N1YnNjcmlwdGlvbnMvMGZkMTkwZmEtZGQxYy00NzI0LWI3ZjYtYzVjYzNiYTVjODg0L3Jlc291cmNlR3JvdXBzL3BzMjgyMS9wcm92aWRlcnMvTWljcm9zb2Z0Lk5ldHdvcmsvbmV0d29ya01hbmFnZXJzL3BzODM3MC9jb25uZWN0aXZpdHlDb25maWd1cmF0aW9ucy9wczcyNTI/YXBpLXZlcnNpb249MjAyMi0wMS0wMQ==",
      "RequestMethod": "GET",
      "RequestHeaders": {
        "x-ms-client-request-id": [
          "ec326374-00ae-4591-acd7-cb8c812cdc38"
        ],
        "Accept-Language": [
          "en-US"
        ],
        "User-Agent": [
          "FxVersion/4.700.22.36202",
          "OSName/Windows",
          "OSVersion/Microsoft.Windows.10.0.19044",
          "Microsoft.Azure.Management.Network.NetworkManagementClient/23.0.0.0"
        ]
      },
      "RequestBody": "",
      "ResponseHeaders": {
        "Cache-Control": [
          "no-cache"
        ],
        "Pragma": [
          "no-cache"
        ],
        "x-ms-ratelimit-remaining-subscription-reads": [
          "11997"
        ],
        "Strict-Transport-Security": [
          "max-age=31536000; includeSubDomains"
        ],
        "Server": [
          "Kestrel"
        ],
        "x-ms-request-id": [
          "a76971b1-d656-4a02-9d88-94c9386ad4b8"
        ],
        "x-ms-correlation-request-id": [
          "a76971b1-d656-4a02-9d88-94c9386ad4b8"
        ],
        "x-ms-routing-request-id": [
          "WESTUS:20220811T063226Z:a76971b1-d656-4a02-9d88-94c9386ad4b8"
        ],
        "X-Content-Type-Options": [
          "nosniff"
        ],
        "Date": [
          "Thu, 11 Aug 2022 06:32:26 GMT"
        ],
        "Content-Length": [
          "1306"
        ],
        "Content-Type": [
          "application/json; charset=utf-8"
        ],
        "Expires": [
          "-1"
        ]
      },
      "ResponseBody": "{\r\n  \"name\": \"ps7252\",\r\n  \"id\": \"/subscriptions/0fd190fa-dd1c-4724-b7f6-c5cc3ba5c884/resourceGroups/ps2821/providers/Microsoft.Network/networkManagers/ps8370/connectivityConfigurations/ps7252\",\r\n  \"type\": \"Microsoft.Network/networkManagers/connectivityConfigurations\",\r\n  \"etag\": \"\\\"0300af6f-0000-3300-0000-62f4a2790000\\\"\",\r\n  \"properties\": {\r\n    \"displayName\": \"\",\r\n    \"description\": \"\",\r\n    \"connectivityTopology\": \"HubAndSpoke\",\r\n    \"hubs\": [\r\n      {\r\n        \"resourceType\": \"Microsoft.Network/virtualNetworks\",\r\n        \"resourceId\": \"/subscriptions/0fd190fa-dd1c-4724-b7f6-c5cc3ba5c884/resourceGroups/jaredgorthy-PowerShellTestResources/providers/Microsoft.Network/virtualNetworks/powerShellTestVnetHub\"\r\n      }\r\n    ],\r\n    \"appliesToGroups\": [\r\n      {\r\n        \"networkGroupId\": \"/subscriptions/0fd190fa-dd1c-4724-b7f6-c5cc3ba5c884/resourceGroups/ps2821/providers/Microsoft.Network/networkManagers/ps8370/networkGroups/ps4665\",\r\n        \"groupConnectivity\": \"None\",\r\n        \"useHubGateway\": \"False\",\r\n        \"isGlobal\": \"False\"\r\n      }\r\n    ],\r\n    \"provisioningState\": \"Succeeded\",\r\n    \"deleteExistingPeering\": \"True\",\r\n    \"isGlobal\": \"False\",\r\n    \"resourceGuid\": \"c5467d60-5922-49a0-afb4-ed9f335b0395\"\r\n  },\r\n  \"systemData\": {\r\n    \"createdBy\": \"cc1c7bb7-f3c4-4236-9ae6-39e276ea7d2b\",\r\n    \"createdByType\": \"Application\",\r\n    \"createdAt\": \"2022-08-11T06:32:25.8338524Z\",\r\n    \"lastModifiedBy\": \"cc1c7bb7-f3c4-4236-9ae6-39e276ea7d2b\",\r\n    \"lastModifiedByType\": \"Application\",\r\n    \"lastModifiedAt\": \"2022-08-11T06:32:25.8338524Z\"\r\n  }\r\n}",
      "StatusCode": 200
    },
    {
      "RequestUri": "/subscriptions/0fd190fa-dd1c-4724-b7f6-c5cc3ba5c884/resourceGroups/ps2821/providers/Microsoft.Network/networkManagers/ps8370/connectivityConfigurations/ps7252?api-version=2022-01-01",
      "EncodedRequestUri": "L3N1YnNjcmlwdGlvbnMvMGZkMTkwZmEtZGQxYy00NzI0LWI3ZjYtYzVjYzNiYTVjODg0L3Jlc291cmNlR3JvdXBzL3BzMjgyMS9wcm92aWRlcnMvTWljcm9zb2Z0Lk5ldHdvcmsvbmV0d29ya01hbmFnZXJzL3BzODM3MC9jb25uZWN0aXZpdHlDb25maWd1cmF0aW9ucy9wczcyNTI/YXBpLXZlcnNpb249MjAyMi0wMS0wMQ==",
      "RequestMethod": "GET",
      "RequestHeaders": {
        "x-ms-client-request-id": [
          "608eef2d-097b-4b4a-b406-3c668c2169c0"
        ],
        "Accept-Language": [
          "en-US"
        ],
        "User-Agent": [
          "FxVersion/4.700.22.36202",
          "OSName/Windows",
          "OSVersion/Microsoft.Windows.10.0.19044",
          "Microsoft.Azure.Management.Network.NetworkManagementClient/23.0.0.0"
        ]
      },
      "RequestBody": "",
      "ResponseHeaders": {
        "Cache-Control": [
          "no-cache"
        ],
        "Pragma": [
          "no-cache"
        ],
        "x-ms-ratelimit-remaining-subscription-reads": [
          "11999"
        ],
        "Strict-Transport-Security": [
          "max-age=31536000; includeSubDomains"
        ],
        "Server": [
          "Kestrel"
        ],
        "x-ms-request-id": [
          "40c5635d-0b16-41dc-80c1-72875d701a1e"
        ],
        "x-ms-correlation-request-id": [
          "40c5635d-0b16-41dc-80c1-72875d701a1e"
        ],
        "x-ms-routing-request-id": [
          "WESTUS:20220811T063228Z:40c5635d-0b16-41dc-80c1-72875d701a1e"
        ],
        "X-Content-Type-Options": [
          "nosniff"
        ],
        "Date": [
          "Thu, 11 Aug 2022 06:32:27 GMT"
        ],
        "Content-Length": [
          "1306"
        ],
        "Content-Type": [
          "application/json; charset=utf-8"
        ],
        "Expires": [
          "-1"
        ]
      },
      "ResponseBody": "{\r\n  \"name\": \"ps7252\",\r\n  \"id\": \"/subscriptions/0fd190fa-dd1c-4724-b7f6-c5cc3ba5c884/resourceGroups/ps2821/providers/Microsoft.Network/networkManagers/ps8370/connectivityConfigurations/ps7252\",\r\n  \"type\": \"Microsoft.Network/networkManagers/connectivityConfigurations\",\r\n  \"etag\": \"\\\"0300af6f-0000-3300-0000-62f4a2790000\\\"\",\r\n  \"properties\": {\r\n    \"displayName\": \"\",\r\n    \"description\": \"\",\r\n    \"connectivityTopology\": \"HubAndSpoke\",\r\n    \"hubs\": [\r\n      {\r\n        \"resourceType\": \"Microsoft.Network/virtualNetworks\",\r\n        \"resourceId\": \"/subscriptions/0fd190fa-dd1c-4724-b7f6-c5cc3ba5c884/resourceGroups/jaredgorthy-PowerShellTestResources/providers/Microsoft.Network/virtualNetworks/powerShellTestVnetHub\"\r\n      }\r\n    ],\r\n    \"appliesToGroups\": [\r\n      {\r\n        \"networkGroupId\": \"/subscriptions/0fd190fa-dd1c-4724-b7f6-c5cc3ba5c884/resourceGroups/ps2821/providers/Microsoft.Network/networkManagers/ps8370/networkGroups/ps4665\",\r\n        \"groupConnectivity\": \"None\",\r\n        \"useHubGateway\": \"False\",\r\n        \"isGlobal\": \"False\"\r\n      }\r\n    ],\r\n    \"provisioningState\": \"Succeeded\",\r\n    \"deleteExistingPeering\": \"True\",\r\n    \"isGlobal\": \"False\",\r\n    \"resourceGuid\": \"c5467d60-5922-49a0-afb4-ed9f335b0395\"\r\n  },\r\n  \"systemData\": {\r\n    \"createdBy\": \"cc1c7bb7-f3c4-4236-9ae6-39e276ea7d2b\",\r\n    \"createdByType\": \"Application\",\r\n    \"createdAt\": \"2022-08-11T06:32:25.8338524Z\",\r\n    \"lastModifiedBy\": \"cc1c7bb7-f3c4-4236-9ae6-39e276ea7d2b\",\r\n    \"lastModifiedByType\": \"Application\",\r\n    \"lastModifiedAt\": \"2022-08-11T06:32:25.8338524Z\"\r\n  }\r\n}",
      "StatusCode": 200
    },
    {
      "RequestUri": "/subscriptions/0fd190fa-dd1c-4724-b7f6-c5cc3ba5c884/resourceGroups/ps2821/providers/Microsoft.Network/networkManagers/ps8370/connectivityConfigurations/ps7252?api-version=2022-01-01",
      "EncodedRequestUri": "L3N1YnNjcmlwdGlvbnMvMGZkMTkwZmEtZGQxYy00NzI0LWI3ZjYtYzVjYzNiYTVjODg0L3Jlc291cmNlR3JvdXBzL3BzMjgyMS9wcm92aWRlcnMvTWljcm9zb2Z0Lk5ldHdvcmsvbmV0d29ya01hbmFnZXJzL3BzODM3MC9jb25uZWN0aXZpdHlDb25maWd1cmF0aW9ucy9wczcyNTI/YXBpLXZlcnNpb249MjAyMi0wMS0wMQ==",
      "RequestMethod": "GET",
      "RequestHeaders": {
        "x-ms-client-request-id": [
          "b26a0d2f-fa4f-4cf4-b65c-d18e5738aefd"
        ],
        "Accept-Language": [
          "en-US"
        ],
        "User-Agent": [
          "FxVersion/4.700.22.36202",
          "OSName/Windows",
          "OSVersion/Microsoft.Windows.10.0.19044",
          "Microsoft.Azure.Management.Network.NetworkManagementClient/23.0.0.0"
        ]
      },
      "RequestBody": "",
      "ResponseHeaders": {
        "Cache-Control": [
          "no-cache"
        ],
        "Pragma": [
          "no-cache"
        ],
        "x-ms-ratelimit-remaining-subscription-reads": [
          "11999"
        ],
        "Strict-Transport-Security": [
          "max-age=31536000; includeSubDomains"
        ],
        "Server": [
          "Kestrel"
        ],
        "x-ms-request-id": [
          "48abcde7-7ec3-4466-b9a9-29af7b703630"
        ],
        "x-ms-correlation-request-id": [
          "48abcde7-7ec3-4466-b9a9-29af7b703630"
        ],
        "x-ms-routing-request-id": [
          "WESTUS:20220811T063230Z:48abcde7-7ec3-4466-b9a9-29af7b703630"
        ],
        "X-Content-Type-Options": [
          "nosniff"
        ],
        "Date": [
          "Thu, 11 Aug 2022 06:32:29 GMT"
        ],
        "Content-Length": [
          "1306"
        ],
        "Content-Type": [
          "application/json; charset=utf-8"
        ],
        "Expires": [
          "-1"
        ]
      },
      "ResponseBody": "{\r\n  \"name\": \"ps7252\",\r\n  \"id\": \"/subscriptions/0fd190fa-dd1c-4724-b7f6-c5cc3ba5c884/resourceGroups/ps2821/providers/Microsoft.Network/networkManagers/ps8370/connectivityConfigurations/ps7252\",\r\n  \"type\": \"Microsoft.Network/networkManagers/connectivityConfigurations\",\r\n  \"etag\": \"\\\"0300af6f-0000-3300-0000-62f4a2790000\\\"\",\r\n  \"properties\": {\r\n    \"displayName\": \"\",\r\n    \"description\": \"\",\r\n    \"connectivityTopology\": \"HubAndSpoke\",\r\n    \"hubs\": [\r\n      {\r\n        \"resourceType\": \"Microsoft.Network/virtualNetworks\",\r\n        \"resourceId\": \"/subscriptions/0fd190fa-dd1c-4724-b7f6-c5cc3ba5c884/resourceGroups/jaredgorthy-PowerShellTestResources/providers/Microsoft.Network/virtualNetworks/powerShellTestVnetHub\"\r\n      }\r\n    ],\r\n    \"appliesToGroups\": [\r\n      {\r\n        \"networkGroupId\": \"/subscriptions/0fd190fa-dd1c-4724-b7f6-c5cc3ba5c884/resourceGroups/ps2821/providers/Microsoft.Network/networkManagers/ps8370/networkGroups/ps4665\",\r\n        \"groupConnectivity\": \"None\",\r\n        \"useHubGateway\": \"False\",\r\n        \"isGlobal\": \"False\"\r\n      }\r\n    ],\r\n    \"provisioningState\": \"Succeeded\",\r\n    \"deleteExistingPeering\": \"True\",\r\n    \"isGlobal\": \"False\",\r\n    \"resourceGuid\": \"c5467d60-5922-49a0-afb4-ed9f335b0395\"\r\n  },\r\n  \"systemData\": {\r\n    \"createdBy\": \"cc1c7bb7-f3c4-4236-9ae6-39e276ea7d2b\",\r\n    \"createdByType\": \"Application\",\r\n    \"createdAt\": \"2022-08-11T06:32:25.8338524Z\",\r\n    \"lastModifiedBy\": \"cc1c7bb7-f3c4-4236-9ae6-39e276ea7d2b\",\r\n    \"lastModifiedByType\": \"Application\",\r\n    \"lastModifiedAt\": \"2022-08-11T06:32:25.8338524Z\"\r\n  }\r\n}",
      "StatusCode": 200
    },
    {
      "RequestUri": "/subscriptions/0fd190fa-dd1c-4724-b7f6-c5cc3ba5c884/resourceGroups/ps2821/providers/Microsoft.Network/networkManagers/ps8370/connectivityConfigurations/ps7252?api-version=2022-01-01",
      "EncodedRequestUri": "L3N1YnNjcmlwdGlvbnMvMGZkMTkwZmEtZGQxYy00NzI0LWI3ZjYtYzVjYzNiYTVjODg0L3Jlc291cmNlR3JvdXBzL3BzMjgyMS9wcm92aWRlcnMvTWljcm9zb2Z0Lk5ldHdvcmsvbmV0d29ya01hbmFnZXJzL3BzODM3MC9jb25uZWN0aXZpdHlDb25maWd1cmF0aW9ucy9wczcyNTI/YXBpLXZlcnNpb249MjAyMi0wMS0wMQ==",
      "RequestMethod": "GET",
      "RequestHeaders": {
        "x-ms-client-request-id": [
          "b26a0d2f-fa4f-4cf4-b65c-d18e5738aefd"
        ],
        "Accept-Language": [
          "en-US"
        ],
        "User-Agent": [
          "FxVersion/4.700.22.36202",
          "OSName/Windows",
          "OSVersion/Microsoft.Windows.10.0.19044",
          "Microsoft.Azure.Management.Network.NetworkManagementClient/23.0.0.0"
        ]
      },
      "RequestBody": "",
      "ResponseHeaders": {
        "Cache-Control": [
          "no-cache"
        ],
        "Pragma": [
          "no-cache"
        ],
        "x-ms-ratelimit-remaining-subscription-reads": [
          "11998"
        ],
        "Strict-Transport-Security": [
          "max-age=31536000; includeSubDomains"
        ],
        "Server": [
          "Kestrel"
        ],
        "x-ms-request-id": [
          "90bc5b04-74a5-4b58-a63a-76e5f2d8e469"
        ],
        "x-ms-correlation-request-id": [
          "90bc5b04-74a5-4b58-a63a-76e5f2d8e469"
        ],
        "x-ms-routing-request-id": [
          "WESTUS:20220811T063231Z:90bc5b04-74a5-4b58-a63a-76e5f2d8e469"
        ],
        "X-Content-Type-Options": [
          "nosniff"
        ],
        "Date": [
          "Thu, 11 Aug 2022 06:32:30 GMT"
        ],
        "Content-Length": [
          "1330"
        ],
        "Content-Type": [
          "application/json; charset=utf-8"
        ],
        "Expires": [
          "-1"
        ]
      },
      "ResponseBody": "{\r\n  \"name\": \"ps7252\",\r\n  \"id\": \"/subscriptions/0fd190fa-dd1c-4724-b7f6-c5cc3ba5c884/resourceGroups/ps2821/providers/Microsoft.Network/networkManagers/ps8370/connectivityConfigurations/ps7252\",\r\n  \"type\": \"Microsoft.Network/networkManagers/connectivityConfigurations\",\r\n  \"etag\": \"\\\"0300b56f-0000-3300-0000-62f4a27e0000\\\"\",\r\n  \"properties\": {\r\n    \"displayName\": \"\",\r\n    \"description\": \"A different description.\",\r\n    \"connectivityTopology\": \"HubAndSpoke\",\r\n    \"hubs\": [\r\n      {\r\n        \"resourceType\": \"Microsoft.Network/virtualNetworks\",\r\n        \"resourceId\": \"/subscriptions/0fd190fa-dd1c-4724-b7f6-c5cc3ba5c884/resourceGroups/jaredgorthy-PowerShellTestResources/providers/Microsoft.Network/virtualNetworks/powerShellTestVnetHub\"\r\n      }\r\n    ],\r\n    \"appliesToGroups\": [\r\n      {\r\n        \"networkGroupId\": \"/subscriptions/0fd190fa-dd1c-4724-b7f6-c5cc3ba5c884/resourceGroups/ps2821/providers/Microsoft.Network/networkManagers/ps8370/networkGroups/ps4665\",\r\n        \"groupConnectivity\": \"None\",\r\n        \"useHubGateway\": \"False\",\r\n        \"isGlobal\": \"False\"\r\n      }\r\n    ],\r\n    \"provisioningState\": \"Succeeded\",\r\n    \"deleteExistingPeering\": \"True\",\r\n    \"isGlobal\": \"False\",\r\n    \"resourceGuid\": \"c5467d60-5922-49a0-afb4-ed9f335b0395\"\r\n  },\r\n  \"systemData\": {\r\n    \"createdBy\": \"cc1c7bb7-f3c4-4236-9ae6-39e276ea7d2b\",\r\n    \"createdByType\": \"Application\",\r\n    \"createdAt\": \"2022-08-11T06:32:25.8338524Z\",\r\n    \"lastModifiedBy\": \"cc1c7bb7-f3c4-4236-9ae6-39e276ea7d2b\",\r\n    \"lastModifiedByType\": \"Application\",\r\n    \"lastModifiedAt\": \"2022-08-11T06:32:30.5439134Z\"\r\n  }\r\n}",
      "StatusCode": 200
    },
    {
      "RequestUri": "/subscriptions/0fd190fa-dd1c-4724-b7f6-c5cc3ba5c884/resourceGroups/ps2821/providers/Microsoft.Network/networkManagers/ps8370/connectivityConfigurations/ps7252?api-version=2022-01-01",
      "EncodedRequestUri": "L3N1YnNjcmlwdGlvbnMvMGZkMTkwZmEtZGQxYy00NzI0LWI3ZjYtYzVjYzNiYTVjODg0L3Jlc291cmNlR3JvdXBzL3BzMjgyMS9wcm92aWRlcnMvTWljcm9zb2Z0Lk5ldHdvcmsvbmV0d29ya01hbmFnZXJzL3BzODM3MC9jb25uZWN0aXZpdHlDb25maWd1cmF0aW9ucy9wczcyNTI/YXBpLXZlcnNpb249MjAyMi0wMS0wMQ==",
      "RequestMethod": "PUT",
      "RequestHeaders": {
        "x-ms-client-request-id": [
          "ec326374-00ae-4591-acd7-cb8c812cdc38"
        ],
        "Accept-Language": [
          "en-US"
        ],
        "User-Agent": [
          "FxVersion/4.700.22.36202",
          "OSName/Windows",
          "OSVersion/Microsoft.Windows.10.0.19044",
          "Microsoft.Azure.Management.Network.NetworkManagementClient/23.0.0.0"
        ],
        "Content-Type": [
          "application/json; charset=utf-8"
        ],
        "Content-Length": [
          "762"
        ]
      },
      "RequestBody": "{\r\n  \"properties\": {\r\n    \"connectivityTopology\": \"HubAndSpoke\",\r\n    \"hubs\": [\r\n      {\r\n        \"resourceId\": \"/subscriptions/0fd190fa-dd1c-4724-b7f6-c5cc3ba5c884/resourceGroups/jaredgorthy-PowerShellTestResources/providers/Microsoft.Network/virtualNetworks/powerShellTestVnetHub\",\r\n        \"resourceType\": \"Microsoft.Network/virtualNetworks\"\r\n      }\r\n    ],\r\n    \"isGlobal\": \"False\",\r\n    \"appliesToGroups\": [\r\n      {\r\n        \"networkGroupId\": \"/subscriptions/0fd190fa-dd1c-4724-b7f6-c5cc3ba5c884/resourceGroups/ps2821/providers/Microsoft.Network/networkManagers/ps8370/networkGroups/ps4665\",\r\n        \"useHubGateway\": \"False\",\r\n        \"isGlobal\": \"False\",\r\n        \"groupConnectivity\": \"None\"\r\n      }\r\n    ],\r\n    \"deleteExistingPeering\": \"True\"\r\n  }\r\n}",
      "ResponseHeaders": {
        "Cache-Control": [
          "no-cache"
        ],
        "Pragma": [
          "no-cache"
        ],
        "x-ms-ratelimit-remaining-subscription-writes": [
          "1199"
        ],
        "Strict-Transport-Security": [
          "max-age=31536000; includeSubDomains"
        ],
        "Server": [
          "Kestrel"
        ],
        "x-ms-request-id": [
          "6d6242f3-d012-46ad-ab30-d2319e0725ec"
        ],
        "x-ms-correlation-request-id": [
          "6d6242f3-d012-46ad-ab30-d2319e0725ec"
        ],
        "x-ms-routing-request-id": [
          "WESTUS:20220811T063226Z:6d6242f3-d012-46ad-ab30-d2319e0725ec"
        ],
        "X-Content-Type-Options": [
          "nosniff"
        ],
        "Date": [
          "Thu, 11 Aug 2022 06:32:25 GMT"
        ],
        "Content-Length": [
          "1266"
        ],
        "Content-Type": [
          "application/json; charset=utf-8"
        ],
        "Expires": [
          "-1"
        ]
      },
      "ResponseBody": "{\r\n  \"name\": \"ps7252\",\r\n  \"id\": \"/subscriptions/0fd190fa-dd1c-4724-b7f6-c5cc3ba5c884/resourceGroups/ps2821/providers/Microsoft.Network/networkManagers/ps8370/connectivityConfigurations/ps7252\",\r\n  \"type\": \"Microsoft.Network/networkManagers/connectivityConfigurations\",\r\n  \"etag\": \"\",\r\n  \"properties\": {\r\n    \"displayName\": \"\",\r\n    \"description\": \"\",\r\n    \"connectivityTopology\": \"HubAndSpoke\",\r\n    \"hubs\": [\r\n      {\r\n        \"resourceType\": \"Microsoft.Network/virtualNetworks\",\r\n        \"resourceId\": \"/subscriptions/0fd190fa-dd1c-4724-b7f6-c5cc3ba5c884/resourceGroups/jaredgorthy-PowerShellTestResources/providers/Microsoft.Network/virtualNetworks/powerShellTestVnetHub\"\r\n      }\r\n    ],\r\n    \"appliesToGroups\": [\r\n      {\r\n        \"networkGroupId\": \"/subscriptions/0fd190fa-dd1c-4724-b7f6-c5cc3ba5c884/resourceGroups/ps2821/providers/Microsoft.Network/networkManagers/ps8370/networkGroups/ps4665\",\r\n        \"groupConnectivity\": \"None\",\r\n        \"useHubGateway\": \"False\",\r\n        \"isGlobal\": \"False\"\r\n      }\r\n    ],\r\n    \"provisioningState\": \"Succeeded\",\r\n    \"deleteExistingPeering\": \"True\",\r\n    \"isGlobal\": \"False\",\r\n    \"resourceGuid\": \"c5467d60-5922-49a0-afb4-ed9f335b0395\"\r\n  },\r\n  \"systemData\": {\r\n    \"createdBy\": \"cc1c7bb7-f3c4-4236-9ae6-39e276ea7d2b\",\r\n    \"createdByType\": \"Application\",\r\n    \"createdAt\": \"2022-08-11T06:32:25.8338524Z\",\r\n    \"lastModifiedBy\": \"cc1c7bb7-f3c4-4236-9ae6-39e276ea7d2b\",\r\n    \"lastModifiedByType\": \"Application\",\r\n    \"lastModifiedAt\": \"2022-08-11T06:32:25.8338524Z\"\r\n  }\r\n}",
      "StatusCode": 200
    },
    {
      "RequestUri": "/subscriptions/0fd190fa-dd1c-4724-b7f6-c5cc3ba5c884/resourceGroups/ps2821/providers/Microsoft.Network/networkManagers/ps8370/connectivityConfigurations/ps7252?api-version=2022-01-01",
      "EncodedRequestUri": "L3N1YnNjcmlwdGlvbnMvMGZkMTkwZmEtZGQxYy00NzI0LWI3ZjYtYzVjYzNiYTVjODg0L3Jlc291cmNlR3JvdXBzL3BzMjgyMS9wcm92aWRlcnMvTWljcm9zb2Z0Lk5ldHdvcmsvbmV0d29ya01hbmFnZXJzL3BzODM3MC9jb25uZWN0aXZpdHlDb25maWd1cmF0aW9ucy9wczcyNTI/YXBpLXZlcnNpb249MjAyMi0wMS0wMQ==",
      "RequestMethod": "PUT",
      "RequestHeaders": {
        "x-ms-client-request-id": [
          "b26a0d2f-fa4f-4cf4-b65c-d18e5738aefd"
        ],
        "Accept-Language": [
          "en-US"
        ],
        "User-Agent": [
          "FxVersion/4.700.22.36202",
          "OSName/Windows",
          "OSVersion/Microsoft.Windows.10.0.19044",
          "Microsoft.Azure.Management.Network.NetworkManagementClient/23.0.0.0"
        ],
        "Content-Type": [
          "application/json; charset=utf-8"
        ],
        "Content-Length": [
          "810"
        ]
      },
      "RequestBody": "{\r\n  \"properties\": {\r\n    \"description\": \"A different description.\",\r\n    \"connectivityTopology\": \"HubAndSpoke\",\r\n    \"hubs\": [\r\n      {\r\n        \"resourceId\": \"/subscriptions/0fd190fa-dd1c-4724-b7f6-c5cc3ba5c884/resourceGroups/jaredgorthy-PowerShellTestResources/providers/Microsoft.Network/virtualNetworks/powerShellTestVnetHub\",\r\n        \"resourceType\": \"Microsoft.Network/virtualNetworks\"\r\n      }\r\n    ],\r\n    \"isGlobal\": \"False\",\r\n    \"appliesToGroups\": [\r\n      {\r\n        \"networkGroupId\": \"/subscriptions/0fd190fa-dd1c-4724-b7f6-c5cc3ba5c884/resourceGroups/ps2821/providers/Microsoft.Network/networkManagers/ps8370/networkGroups/ps4665\",\r\n        \"useHubGateway\": \"False\",\r\n        \"isGlobal\": \"False\",\r\n        \"groupConnectivity\": \"None\"\r\n      }\r\n    ],\r\n    \"deleteExistingPeering\": \"True\"\r\n  }\r\n}",
      "ResponseHeaders": {
        "Cache-Control": [
          "no-cache"
        ],
        "Pragma": [
          "no-cache"
        ],
        "x-ms-ratelimit-remaining-subscription-writes": [
          "1199"
        ],
        "Strict-Transport-Security": [
          "max-age=31536000; includeSubDomains"
        ],
        "Server": [
          "Kestrel"
        ],
        "x-ms-request-id": [
          "cea44a93-f628-46af-ba21-0f99ee0b5578"
        ],
        "x-ms-correlation-request-id": [
          "cea44a93-f628-46af-ba21-0f99ee0b5578"
        ],
        "x-ms-routing-request-id": [
          "WESTUS:20220811T063230Z:cea44a93-f628-46af-ba21-0f99ee0b5578"
        ],
        "X-Content-Type-Options": [
          "nosniff"
        ],
        "Date": [
          "Thu, 11 Aug 2022 06:32:30 GMT"
        ],
        "Content-Length": [
          "1290"
        ],
        "Content-Type": [
          "application/json; charset=utf-8"
        ],
        "Expires": [
          "-1"
        ]
      },
      "ResponseBody": "{\r\n  \"name\": \"ps7252\",\r\n  \"id\": \"/subscriptions/0fd190fa-dd1c-4724-b7f6-c5cc3ba5c884/resourceGroups/ps2821/providers/Microsoft.Network/networkManagers/ps8370/connectivityConfigurations/ps7252\",\r\n  \"type\": \"Microsoft.Network/networkManagers/connectivityConfigurations\",\r\n  \"etag\": \"\",\r\n  \"properties\": {\r\n    \"displayName\": \"\",\r\n    \"description\": \"A different description.\",\r\n    \"connectivityTopology\": \"HubAndSpoke\",\r\n    \"hubs\": [\r\n      {\r\n        \"resourceType\": \"Microsoft.Network/virtualNetworks\",\r\n        \"resourceId\": \"/subscriptions/0fd190fa-dd1c-4724-b7f6-c5cc3ba5c884/resourceGroups/jaredgorthy-PowerShellTestResources/providers/Microsoft.Network/virtualNetworks/powerShellTestVnetHub\"\r\n      }\r\n    ],\r\n    \"appliesToGroups\": [\r\n      {\r\n        \"networkGroupId\": \"/subscriptions/0fd190fa-dd1c-4724-b7f6-c5cc3ba5c884/resourceGroups/ps2821/providers/Microsoft.Network/networkManagers/ps8370/networkGroups/ps4665\",\r\n        \"groupConnectivity\": \"None\",\r\n        \"useHubGateway\": \"False\",\r\n        \"isGlobal\": \"False\"\r\n      }\r\n    ],\r\n    \"provisioningState\": \"Succeeded\",\r\n    \"deleteExistingPeering\": \"True\",\r\n    \"isGlobal\": \"False\",\r\n    \"resourceGuid\": \"c5467d60-5922-49a0-afb4-ed9f335b0395\"\r\n  },\r\n  \"systemData\": {\r\n    \"createdBy\": \"cc1c7bb7-f3c4-4236-9ae6-39e276ea7d2b\",\r\n    \"createdByType\": \"Application\",\r\n    \"createdAt\": \"2022-08-11T06:32:25.8338524Z\",\r\n    \"lastModifiedBy\": \"cc1c7bb7-f3c4-4236-9ae6-39e276ea7d2b\",\r\n    \"lastModifiedByType\": \"Application\",\r\n    \"lastModifiedAt\": \"2022-08-11T06:32:30.5439134Z\"\r\n  }\r\n}",
      "StatusCode": 200
    },
    {
      "RequestUri": "/subscriptions/0fd190fa-dd1c-4724-b7f6-c5cc3ba5c884/resourceGroups/ps2821/providers/Microsoft.Network/networkManagers/ps8370/commit?api-version=2022-01-01",
      "EncodedRequestUri": "L3N1YnNjcmlwdGlvbnMvMGZkMTkwZmEtZGQxYy00NzI0LWI3ZjYtYzVjYzNiYTVjODg0L3Jlc291cmNlR3JvdXBzL3BzMjgyMS9wcm92aWRlcnMvTWljcm9zb2Z0Lk5ldHdvcmsvbmV0d29ya01hbmFnZXJzL3BzODM3MC9jb21taXQ/YXBpLXZlcnNpb249MjAyMi0wMS0wMQ==",
      "RequestMethod": "POST",
      "RequestHeaders": {
        "x-ms-client-request-id": [
          "fd0ec5d0-8707-43ef-b4f0-5ef05519d026"
        ],
        "Accept-Language": [
          "en-US"
        ],
        "User-Agent": [
          "FxVersion/4.700.22.36202",
          "OSName/Windows",
          "OSVersion/Microsoft.Windows.10.0.19044",
          "Microsoft.Azure.Management.Network.NetworkManagementClient/23.0.0.0"
        ],
        "Content-Type": [
          "application/json; charset=utf-8"
        ],
        "Content-Length": [
          "284"
        ]
      },
      "RequestBody": "{\r\n  \"targetLocations\": [\r\n    \"centraluseuap\"\r\n  ],\r\n  \"configurationIds\": [\r\n    \"/subscriptions/0fd190fa-dd1c-4724-b7f6-c5cc3ba5c884/resourceGroups/ps2821/providers/Microsoft.Network/networkManagers/ps8370/connectivityConfigurations/ps7252\"\r\n  ],\r\n  \"commitType\": \"Connectivity\"\r\n}",
      "ResponseHeaders": {
        "Cache-Control": [
          "no-cache"
        ],
        "Pragma": [
          "no-cache"
        ],
        "Location": [
          "https://management.azure.com/subscriptions/0fd190fa-dd1c-4724-b7f6-c5cc3ba5c884/resourceGroups/ps2821/providers/Microsoft.Network/networkManagers/ps8370/operationResults/00000000-0000-0000-0000-000000000000?api-version=2022-01-01"
        ],
        "x-ms-ratelimit-remaining-subscription-writes": [
          "1199"
        ],
        "Strict-Transport-Security": [
          "max-age=31536000; includeSubDomains"
        ],
        "Server": [
          "Kestrel"
        ],
        "x-ms-request-id": [
          "af65834a-4d64-4f92-baee-80a24764b7d8"
        ],
        "x-ms-correlation-request-id": [
          "af65834a-4d64-4f92-baee-80a24764b7d8"
        ],
        "x-ms-routing-request-id": [
          "WESTUS:20220811T063233Z:af65834a-4d64-4f92-baee-80a24764b7d8"
        ],
        "X-Content-Type-Options": [
          "nosniff"
        ],
        "Date": [
          "Thu, 11 Aug 2022 06:32:32 GMT"
        ],
        "Content-Length": [
          "473"
        ],
        "Content-Type": [
          "application/json; charset=utf-8"
        ],
        "Expires": [
          "-1"
        ]
      },
      "ResponseBody": "{\r\n  \"id\": \"/subscriptions/0fd190fa-dd1c-4724-b7f6-c5cc3ba5c884/resourceGroups/ps2821/providers/Microsoft.Network/networkManagers/ps8370/commit/69d322cd-8e36-47ce-91eb-2aa87dc2e3ba\",\r\n  \"type\": \"Microsoft.Network/networkManagers/commit\",\r\n  \"configurationIds\": [\r\n    \"/subscriptions/0fd190fa-dd1c-4724-b7f6-c5cc3ba5c884/resourceGroups/ps2821/providers/Microsoft.Network/networkManagers/ps8370/connectivityConfigurations/ps7252\"\r\n  ],\r\n  \"targetLocations\": [\r\n    \"centraluseuap\"\r\n  ],\r\n  \"commitType\": \"Connectivity\"\r\n}",
      "StatusCode": 202
    },
    {
      "RequestUri": "/subscriptions/0fd190fa-dd1c-4724-b7f6-c5cc3ba5c884/resourceGroups/ps2821/providers/Microsoft.Network/networkManagers/ps8370/operationResults/00000000-0000-0000-0000-000000000000?api-version=2022-01-01",
      "EncodedRequestUri": "L3N1YnNjcmlwdGlvbnMvMGZkMTkwZmEtZGQxYy00NzI0LWI3ZjYtYzVjYzNiYTVjODg0L3Jlc291cmNlR3JvdXBzL3BzMjgyMS9wcm92aWRlcnMvTWljcm9zb2Z0Lk5ldHdvcmsvbmV0d29ya01hbmFnZXJzL3BzODM3MC9vcGVyYXRpb25SZXN1bHRzLzAwMDAwMDAwLTAwMDAtMDAwMC0wMDAwLTAwMDAwMDAwMDAwMD9hcGktdmVyc2lvbj0yMDIyLTAxLTAx",
      "RequestMethod": "GET",
      "RequestHeaders": {
        "x-ms-client-request-id": [
          "fd0ec5d0-8707-43ef-b4f0-5ef05519d026"
        ],
        "User-Agent": [
          "FxVersion/4.700.22.36202",
          "OSName/Windows",
          "OSVersion/Microsoft.Windows.10.0.19044",
          "Microsoft.Azure.Management.Network.NetworkManagementClient/23.0.0.0"
        ]
      },
      "RequestBody": "",
      "ResponseHeaders": {
        "Cache-Control": [
          "no-cache"
        ],
        "Pragma": [
          "no-cache"
        ],
        "Strict-Transport-Security": [
          "max-age=31536000; includeSubDomains"
        ],
        "Server": [
          "Kestrel"
        ],
        "x-ms-ratelimit-remaining-subscription-reads": [
          "11999"
        ],
        "x-ms-request-id": [
          "7a793c76-3f95-4614-8280-1f2ae4b2a6bf"
        ],
        "x-ms-correlation-request-id": [
          "7a793c76-3f95-4614-8280-1f2ae4b2a6bf"
        ],
        "x-ms-routing-request-id": [
          "WESTUS:20220811T063303Z:7a793c76-3f95-4614-8280-1f2ae4b2a6bf"
        ],
        "X-Content-Type-Options": [
          "nosniff"
        ],
        "Date": [
          "Thu, 11 Aug 2022 06:33:03 GMT"
        ],
        "Expires": [
          "-1"
        ]
      },
      "ResponseBody": "",
      "StatusCode": 204
    },
    {
      "RequestUri": "/subscriptions/0fd190fa-dd1c-4724-b7f6-c5cc3ba5c884/resourceGroups/ps2821/providers/Microsoft.Network/networkManagers/ps8370/operationResults/00000000-0000-0000-0000-000000000000?api-version=2022-01-01",
      "EncodedRequestUri": "L3N1YnNjcmlwdGlvbnMvMGZkMTkwZmEtZGQxYy00NzI0LWI3ZjYtYzVjYzNiYTVjODg0L3Jlc291cmNlR3JvdXBzL3BzMjgyMS9wcm92aWRlcnMvTWljcm9zb2Z0Lk5ldHdvcmsvbmV0d29ya01hbmFnZXJzL3BzODM3MC9vcGVyYXRpb25SZXN1bHRzLzAwMDAwMDAwLTAwMDAtMDAwMC0wMDAwLTAwMDAwMDAwMDAwMD9hcGktdmVyc2lvbj0yMDIyLTAxLTAx",
      "RequestMethod": "GET",
      "RequestHeaders": {
        "x-ms-client-request-id": [
          "fd0ec5d0-8707-43ef-b4f0-5ef05519d026"
        ],
        "User-Agent": [
          "FxVersion/4.700.22.36202",
          "OSName/Windows",
          "OSVersion/Microsoft.Windows.10.0.19044",
          "Microsoft.Azure.Management.Network.NetworkManagementClient/23.0.0.0"
        ]
      },
      "RequestBody": "",
      "ResponseHeaders": {
        "Cache-Control": [
          "no-cache"
        ],
        "Pragma": [
          "no-cache"
        ],
        "Strict-Transport-Security": [
          "max-age=31536000; includeSubDomains"
        ],
        "Server": [
          "Kestrel"
        ],
        "x-ms-ratelimit-remaining-subscription-reads": [
          "11998"
        ],
        "x-ms-request-id": [
          "a7358b5c-2cdb-4dbf-9c2d-7797b9944522"
        ],
        "x-ms-correlation-request-id": [
          "a7358b5c-2cdb-4dbf-9c2d-7797b9944522"
        ],
        "x-ms-routing-request-id": [
          "WESTUS:20220811T063304Z:a7358b5c-2cdb-4dbf-9c2d-7797b9944522"
        ],
        "X-Content-Type-Options": [
          "nosniff"
        ],
        "Date": [
          "Thu, 11 Aug 2022 06:33:03 GMT"
        ],
        "Expires": [
          "-1"
        ]
      },
      "ResponseBody": "",
      "StatusCode": 204
    },
    {
      "RequestUri": "/subscriptions/0fd190fa-dd1c-4724-b7f6-c5cc3ba5c884/resourceGroups/ps2821/providers/Microsoft.Network/networkManagers/ps8370/listDeploymentStatus?api-version=2022-01-01",
      "EncodedRequestUri": "L3N1YnNjcmlwdGlvbnMvMGZkMTkwZmEtZGQxYy00NzI0LWI3ZjYtYzVjYzNiYTVjODg0L3Jlc291cmNlR3JvdXBzL3BzMjgyMS9wcm92aWRlcnMvTWljcm9zb2Z0Lk5ldHdvcmsvbmV0d29ya01hbmFnZXJzL3BzODM3MC9saXN0RGVwbG95bWVudFN0YXR1cz9hcGktdmVyc2lvbj0yMDIyLTAxLTAx",
      "RequestMethod": "POST",
      "RequestHeaders": {
        "x-ms-client-request-id": [
          "06cfd783-3d54-400e-a2b5-2e8d40cc20d8"
        ],
        "Accept-Language": [
          "en-US"
        ],
        "User-Agent": [
          "FxVersion/4.700.22.36202",
          "OSName/Windows",
          "OSVersion/Microsoft.Windows.10.0.19044",
          "Microsoft.Azure.Management.Network.NetworkManagementClient/23.0.0.0"
        ],
        "Content-Type": [
          "application/json; charset=utf-8"
        ],
        "Content-Length": [
          "96"
        ]
      },
      "RequestBody": "{\r\n  \"regions\": [\r\n    \"centraluseuap\"\r\n  ],\r\n  \"deploymentTypes\": [\r\n    \"Connectivity\"\r\n  ]\r\n}",
      "ResponseHeaders": {
        "Cache-Control": [
          "no-cache"
        ],
        "Pragma": [
          "no-cache"
        ],
        "x-ms-ratelimit-remaining-subscription-writes": [
          "1199"
        ],
        "Strict-Transport-Security": [
          "max-age=31536000; includeSubDomains"
        ],
        "Server": [
          "Kestrel"
        ],
        "x-ms-request-id": [
          "892dae69-003c-4e7e-b4b4-f0a74569a9c3"
        ],
        "x-ms-correlation-request-id": [
          "892dae69-003c-4e7e-b4b4-f0a74569a9c3"
        ],
        "x-ms-routing-request-id": [
          "WESTCENTRALUS:20220811T063406Z:892dae69-003c-4e7e-b4b4-f0a74569a9c3"
        ],
        "X-Content-Type-Options": [
          "nosniff"
        ],
        "Date": [
          "Thu, 11 Aug 2022 06:34:06 GMT"
        ],
        "Content-Length": [
          "359"
        ],
        "Content-Type": [
          "application/json; charset=utf-8"
        ],
        "Expires": [
          "-1"
        ]
      },
      "ResponseBody": "{\r\n  \"skipToken\": \"\",\r\n  \"value\": [\r\n    {\r\n      \"deploymentType\": \"Connectivity\",\r\n      \"configurationIds\": [\r\n        \"/subscriptions/0fd190fa-dd1c-4724-b7f6-c5cc3ba5c884/resourceGroups/ps2821/providers/Microsoft.Network/networkManagers/ps8370/connectivityConfigurations/ps7252\"\r\n      ],\r\n      \"region\": \"centraluseuap\",\r\n      \"deploymentStatus\": \"Deployed\",\r\n      \"errorMessage\": \"\",\r\n      \"commitTime\": \"2022-08-11T06:32:33Z\"\r\n    }\r\n  ]\r\n}",
      "StatusCode": 200
    },
    {
      "RequestUri": "/subscriptions/0fd190fa-dd1c-4724-b7f6-c5cc3ba5c884/resourceGroups/ps2821/providers/Microsoft.Network/networkManagers/ps8370/listActiveConnectivityConfigurations?api-version=2022-01-01",
      "EncodedRequestUri": "L3N1YnNjcmlwdGlvbnMvMGZkMTkwZmEtZGQxYy00NzI0LWI3ZjYtYzVjYzNiYTVjODg0L3Jlc291cmNlR3JvdXBzL3BzMjgyMS9wcm92aWRlcnMvTWljcm9zb2Z0Lk5ldHdvcmsvbmV0d29ya01hbmFnZXJzL3BzODM3MC9saXN0QWN0aXZlQ29ubmVjdGl2aXR5Q29uZmlndXJhdGlvbnM/YXBpLXZlcnNpb249MjAyMi0wMS0wMQ==",
      "RequestMethod": "POST",
      "RequestHeaders": {
        "x-ms-client-request-id": [
          "433f3842-aa83-4699-ae96-559d563f1eec"
        ],
        "Accept-Language": [
          "en-US"
        ],
        "User-Agent": [
          "FxVersion/4.700.22.36202",
          "OSName/Windows",
          "OSVersion/Microsoft.Windows.10.0.19044",
          "Microsoft.Azure.Management.Network.NetworkManagementClient/23.0.0.0"
        ],
        "Content-Type": [
          "application/json; charset=utf-8"
        ],
        "Content-Length": [
          "46"
        ]
      },
      "RequestBody": "{\r\n  \"regions\": [\r\n    \"centraluseuap\"\r\n  ]\r\n}",
      "ResponseHeaders": {
        "Cache-Control": [
          "no-cache"
        ],
        "Pragma": [
          "no-cache"
        ],
        "x-ms-ratelimit-remaining-subscription-writes": [
          "1199"
        ],
        "Strict-Transport-Security": [
          "max-age=31536000; includeSubDomains"
        ],
        "Server": [
          "Kestrel"
        ],
        "x-ms-request-id": [
          "3fb31801-a5b2-4030-8a5a-af52d9981712"
        ],
        "x-ms-correlation-request-id": [
          "3fb31801-a5b2-4030-8a5a-af52d9981712"
        ],
        "x-ms-routing-request-id": [
          "WESTCENTRALUS:20220811T063408Z:3fb31801-a5b2-4030-8a5a-af52d9981712"
        ],
        "X-Content-Type-Options": [
          "nosniff"
        ],
        "Date": [
          "Thu, 11 Aug 2022 06:34:07 GMT"
        ],
        "Content-Length": [
          "1344"
        ],
        "Content-Type": [
          "application/json; charset=utf-8"
        ],
        "Expires": [
          "-1"
        ]
      },
      "ResponseBody": "{\r\n  \"skipToken\": \"\",\r\n  \"value\": [\r\n    {\r\n      \"id\": \"/subscriptions/0fd190fa-dd1c-4724-b7f6-c5cc3ba5c884/resourceGroups/ps2821/providers/Microsoft.Network/networkManagers/ps8370/connectivityConfigurations/ps7252\",\r\n      \"region\": \"centraluseuap\",\r\n      \"properties\": {\r\n        \"displayName\": \"\",\r\n        \"description\": \"A different description.\",\r\n        \"connectivityTopology\": \"HubAndSpoke\",\r\n        \"hubs\": [\r\n          {\r\n            \"resourceType\": \"Microsoft.Network/virtualNetworks\",\r\n            \"resourceId\": \"/subscriptions/0fd190fa-dd1c-4724-b7f6-c5cc3ba5c884/resourceGroups/jaredgorthy-PowerShellTestResources/providers/Microsoft.Network/virtualNetworks/powerShellTestVnetHub\"\r\n          }\r\n        ],\r\n        \"appliesToGroups\": [\r\n          {\r\n            \"networkGroupId\": \"/subscriptions/0fd190fa-dd1c-4724-b7f6-c5cc3ba5c884/resourceGroups/ps2821/providers/Microsoft.Network/networkManagers/ps8370/networkGroups/ps4665\",\r\n            \"groupConnectivity\": \"None\",\r\n            \"useHubGateway\": \"False\",\r\n            \"isGlobal\": \"False\"\r\n          }\r\n        ],\r\n        \"provisioningState\": \"Succeeded\",\r\n        \"deleteExistingPeering\": \"True\",\r\n        \"isGlobal\": \"False\",\r\n        \"resourceGuid\": \"c5467d60-5922-49a0-afb4-ed9f335b0395\"\r\n      },\r\n      \"configurationGroups\": [\r\n        {\r\n          \"id\": \"/subscriptions/0fd190fa-dd1c-4724-b7f6-c5cc3ba5c884/resourceGroups/ps2821/providers/Microsoft.Network/networkManagers/ps8370/networkGroups/ps4665\",\r\n          \"properties\": {\r\n            \"displayName\": \"\",\r\n            \"description\": \"SampleDESCRIption\",\r\n            \"groupMembers\": [],\r\n            \"conditionalMembership\": \"\",\r\n            \"provisioningState\": \"Succeeded\",\r\n            \"resourceGuid\": \"42fc0f5b-2f6d-437d-8249-c040108dc4e1\"\r\n          }\r\n        }\r\n      ]\r\n    }\r\n  ]\r\n}",
      "StatusCode": 200
    },
    {
      "RequestUri": "/subscriptions/0fd190fa-dd1c-4724-b7f6-c5cc3ba5c884/resourceGroups/jaredgorthy-PowerShellTestResources/providers/Microsoft.Network/virtualNetworks/powerShellTestVnet/listNetworkManagerEffectiveConnectivityConfigurations?api-version=2022-01-01",
      "EncodedRequestUri": "L3N1YnNjcmlwdGlvbnMvMGZkMTkwZmEtZGQxYy00NzI0LWI3ZjYtYzVjYzNiYTVjODg0L3Jlc291cmNlR3JvdXBzL2phcmVkZ29ydGh5LVBvd2VyU2hlbGxUZXN0UmVzb3VyY2VzL3Byb3ZpZGVycy9NaWNyb3NvZnQuTmV0d29yay92aXJ0dWFsTmV0d29ya3MvcG93ZXJTaGVsbFRlc3RWbmV0L2xpc3ROZXR3b3JrTWFuYWdlckVmZmVjdGl2ZUNvbm5lY3Rpdml0eUNvbmZpZ3VyYXRpb25zP2FwaS12ZXJzaW9uPTIwMjItMDEtMDE=",
      "RequestMethod": "POST",
      "RequestHeaders": {
        "x-ms-client-request-id": [
          "eeb5d978-79e8-44d4-869f-b04e5a6997b7"
        ],
        "Accept-Language": [
          "en-US"
        ],
        "User-Agent": [
          "FxVersion/4.700.22.36202",
          "OSName/Windows",
          "OSVersion/Microsoft.Windows.10.0.19044",
          "Microsoft.Azure.Management.Network.NetworkManagementClient/23.0.0.0"
        ],
        "Content-Type": [
          "application/json; charset=utf-8"
        ],
        "Content-Length": [
          "2"
        ]
      },
      "RequestBody": "{}",
      "ResponseHeaders": {
        "Cache-Control": [
          "no-cache"
        ],
        "Pragma": [
          "no-cache"
        ],
        "x-ms-ratelimit-remaining-subscription-writes": [
          "1199"
        ],
        "Strict-Transport-Security": [
          "max-age=31536000; includeSubDomains"
        ],
        "Server": [
          "Kestrel"
        ],
        "x-ms-request-id": [
          "cc7a7365-c0ad-4ff6-91b9-d10ef2fc9709"
        ],
        "x-ms-correlation-request-id": [
          "cc7a7365-c0ad-4ff6-91b9-d10ef2fc9709"
        ],
        "x-ms-routing-request-id": [
          "WESTCENTRALUS:20220811T063410Z:cc7a7365-c0ad-4ff6-91b9-d10ef2fc9709"
        ],
        "X-Content-Type-Options": [
          "nosniff"
        ],
        "Date": [
          "Thu, 11 Aug 2022 06:34:10 GMT"
        ],
        "Content-Length": [
          "1319"
        ],
        "Content-Type": [
          "application/json; charset=utf-8"
        ],
        "Expires": [
          "-1"
        ]
      },
      "ResponseBody": "{\r\n  \"skipToken\": \"\",\r\n  \"value\": [\r\n    {\r\n      \"id\": \"/subscriptions/0fd190fa-dd1c-4724-b7f6-c5cc3ba5c884/resourceGroups/ps2821/providers/Microsoft.Network/networkManagers/ps8370/connectivityConfigurations/ps7252\",\r\n      \"properties\": {\r\n        \"displayName\": \"\",\r\n        \"description\": \"A different description.\",\r\n        \"connectivityTopology\": \"HubAndSpoke\",\r\n        \"hubs\": [\r\n          {\r\n            \"resourceType\": \"Microsoft.Network/virtualNetworks\",\r\n            \"resourceId\": \"/subscriptions/0fd190fa-dd1c-4724-b7f6-c5cc3ba5c884/resourceGroups/jaredgorthy-PowerShellTestResources/providers/Microsoft.Network/virtualNetworks/powerShellTestVnetHub\"\r\n          }\r\n        ],\r\n        \"appliesToGroups\": [\r\n          {\r\n            \"networkGroupId\": \"/subscriptions/0fd190fa-dd1c-4724-b7f6-c5cc3ba5c884/resourceGroups/ps2821/providers/Microsoft.Network/networkManagers/ps8370/networkGroups/ps4665\",\r\n            \"groupConnectivity\": \"None\",\r\n            \"useHubGateway\": \"False\",\r\n            \"isGlobal\": \"False\"\r\n          }\r\n        ],\r\n        \"provisioningState\": \"Succeeded\",\r\n        \"deleteExistingPeering\": \"True\",\r\n        \"isGlobal\": \"False\",\r\n        \"resourceGuid\": \"c5467d60-5922-49a0-afb4-ed9f335b0395\"\r\n      },\r\n      \"configurationGroups\": [\r\n        {\r\n          \"id\": \"/subscriptions/0fd190fa-dd1c-4724-b7f6-c5cc3ba5c884/resourceGroups/ps2821/providers/Microsoft.Network/networkManagers/ps8370/networkGroups/ps4665\",\r\n          \"properties\": {\r\n            \"displayName\": \"\",\r\n            \"description\": \"SampleDESCRIption\",\r\n            \"groupMembers\": [],\r\n            \"conditionalMembership\": \"\",\r\n            \"provisioningState\": \"Succeeded\",\r\n            \"resourceGuid\": \"42fc0f5b-2f6d-437d-8249-c040108dc4e1\"\r\n          }\r\n        }\r\n      ]\r\n    }\r\n  ]\r\n}",
      "StatusCode": 200
    },
    {
      "RequestUri": "/subscriptions/0fd190fa-dd1c-4724-b7f6-c5cc3ba5c884/resourceGroups/ps2821/providers/Microsoft.Network/networkManagers/ps8370/connectivityConfigurations/ps7252?force=true&api-version=2022-01-01",
      "EncodedRequestUri": "L3N1YnNjcmlwdGlvbnMvMGZkMTkwZmEtZGQxYy00NzI0LWI3ZjYtYzVjYzNiYTVjODg0L3Jlc291cmNlR3JvdXBzL3BzMjgyMS9wcm92aWRlcnMvTWljcm9zb2Z0Lk5ldHdvcmsvbmV0d29ya01hbmFnZXJzL3BzODM3MC9jb25uZWN0aXZpdHlDb25maWd1cmF0aW9ucy9wczcyNTI/Zm9yY2U9dHJ1ZSZhcGktdmVyc2lvbj0yMDIyLTAxLTAx",
      "RequestMethod": "DELETE",
      "RequestHeaders": {
        "x-ms-client-request-id": [
          "9313486b-3155-4a87-9790-316b897aaad1"
        ],
        "Accept-Language": [
          "en-US"
        ],
        "User-Agent": [
          "FxVersion/4.700.22.36202",
          "OSName/Windows",
          "OSVersion/Microsoft.Windows.10.0.19044",
          "Microsoft.Azure.Management.Network.NetworkManagementClient/23.0.0.0"
        ]
      },
      "RequestBody": "",
      "ResponseHeaders": {
        "Cache-Control": [
          "no-cache"
        ],
        "Pragma": [
          "no-cache"
        ],
        "Location": [
          "https://management.azure.com/subscriptions/0fd190fa-dd1c-4724-b7f6-c5cc3ba5c884/resourceGroups/ps2821/providers/Microsoft.Network/networkManagers/ps8370/connectivityConfigurations/ps7252/operationResults/c5467d60-5922-49a0-afb4-ed9f335b0395?api-version=2022-01-01"
        ],
        "Strict-Transport-Security": [
          "max-age=31536000; includeSubDomains"
        ],
        "Server": [
          "Kestrel"
        ],
        "x-ms-ratelimit-remaining-subscription-deletes": [
          "14999"
        ],
        "x-ms-request-id": [
          "1591fe37-9241-4e29-a24f-8d463e10f48a"
        ],
        "x-ms-correlation-request-id": [
          "1591fe37-9241-4e29-a24f-8d463e10f48a"
        ],
        "x-ms-routing-request-id": [
          "WESTCENTRALUS:20220811T063412Z:1591fe37-9241-4e29-a24f-8d463e10f48a"
        ],
        "X-Content-Type-Options": [
          "nosniff"
        ],
        "Date": [
          "Thu, 11 Aug 2022 06:34:12 GMT"
        ],
        "Expires": [
          "-1"
        ],
        "Content-Length": [
          "0"
        ]
      },
      "ResponseBody": "",
      "StatusCode": 202
    },
    {
      "RequestUri": "/subscriptions/0fd190fa-dd1c-4724-b7f6-c5cc3ba5c884/resourceGroups/ps2821/providers/Microsoft.Network/networkManagers/ps8370/connectivityConfigurations/ps7252/operationResults/c5467d60-5922-49a0-afb4-ed9f335b0395?api-version=2022-01-01",
      "EncodedRequestUri": "L3N1YnNjcmlwdGlvbnMvMGZkMTkwZmEtZGQxYy00NzI0LWI3ZjYtYzVjYzNiYTVjODg0L3Jlc291cmNlR3JvdXBzL3BzMjgyMS9wcm92aWRlcnMvTWljcm9zb2Z0Lk5ldHdvcmsvbmV0d29ya01hbmFnZXJzL3BzODM3MC9jb25uZWN0aXZpdHlDb25maWd1cmF0aW9ucy9wczcyNTIvb3BlcmF0aW9uUmVzdWx0cy9jNTQ2N2Q2MC01OTIyLTQ5YTAtYWZiNC1lZDlmMzM1YjAzOTU/YXBpLXZlcnNpb249MjAyMi0wMS0wMQ==",
      "RequestMethod": "GET",
      "RequestHeaders": {
        "User-Agent": [
          "FxVersion/4.700.22.36202",
          "OSName/Windows",
          "OSVersion/Microsoft.Windows.10.0.19044",
          "Microsoft.Azure.Management.Network.NetworkManagementClient/23.0.0.0"
        ]
      },
      "RequestBody": "",
      "ResponseHeaders": {
        "Cache-Control": [
          "no-cache"
        ],
        "Pragma": [
          "no-cache"
        ],
        "Strict-Transport-Security": [
          "max-age=31536000; includeSubDomains"
        ],
        "Server": [
          "Kestrel"
        ],
        "x-ms-ratelimit-remaining-subscription-reads": [
          "11999"
        ],
        "x-ms-request-id": [
          "4f8e4131-878b-4677-84e5-23d50f5a90b8"
        ],
        "x-ms-correlation-request-id": [
          "4f8e4131-878b-4677-84e5-23d50f5a90b8"
        ],
        "x-ms-routing-request-id": [
          "WESTCENTRALUS:20220811T063443Z:4f8e4131-878b-4677-84e5-23d50f5a90b8"
        ],
        "X-Content-Type-Options": [
          "nosniff"
        ],
        "Date": [
          "Thu, 11 Aug 2022 06:34:42 GMT"
        ],
        "Expires": [
          "-1"
        ]
      },
      "ResponseBody": "",
      "StatusCode": 204
    },
    {
      "RequestUri": "/subscriptions/0fd190fa-dd1c-4724-b7f6-c5cc3ba5c884/resourceGroups/ps2821/providers/Microsoft.Network/networkManagers/ps8370/connectivityConfigurations/ps7252/operationResults/c5467d60-5922-49a0-afb4-ed9f335b0395?api-version=2022-01-01",
      "EncodedRequestUri": "L3N1YnNjcmlwdGlvbnMvMGZkMTkwZmEtZGQxYy00NzI0LWI3ZjYtYzVjYzNiYTVjODg0L3Jlc291cmNlR3JvdXBzL3BzMjgyMS9wcm92aWRlcnMvTWljcm9zb2Z0Lk5ldHdvcmsvbmV0d29ya01hbmFnZXJzL3BzODM3MC9jb25uZWN0aXZpdHlDb25maWd1cmF0aW9ucy9wczcyNTIvb3BlcmF0aW9uUmVzdWx0cy9jNTQ2N2Q2MC01OTIyLTQ5YTAtYWZiNC1lZDlmMzM1YjAzOTU/YXBpLXZlcnNpb249MjAyMi0wMS0wMQ==",
      "RequestMethod": "GET",
      "RequestHeaders": {
        "User-Agent": [
          "FxVersion/4.700.22.36202",
          "OSName/Windows",
          "OSVersion/Microsoft.Windows.10.0.19044",
          "Microsoft.Azure.Management.Network.NetworkManagementClient/23.0.0.0"
        ]
      },
      "RequestBody": "",
      "ResponseHeaders": {
        "Cache-Control": [
          "no-cache"
        ],
        "Pragma": [
          "no-cache"
        ],
        "Strict-Transport-Security": [
          "max-age=31536000; includeSubDomains"
        ],
        "Server": [
          "Kestrel"
        ],
        "x-ms-ratelimit-remaining-subscription-reads": [
          "11998"
        ],
        "x-ms-request-id": [
          "f86401a0-9769-4274-a230-f480ac695382"
        ],
        "x-ms-correlation-request-id": [
          "f86401a0-9769-4274-a230-f480ac695382"
        ],
        "x-ms-routing-request-id": [
          "WESTCENTRALUS:20220811T063443Z:f86401a0-9769-4274-a230-f480ac695382"
        ],
        "X-Content-Type-Options": [
          "nosniff"
        ],
        "Date": [
          "Thu, 11 Aug 2022 06:34:42 GMT"
        ],
        "Expires": [
          "-1"
        ]
      },
      "ResponseBody": "",
      "StatusCode": 204
    },
    {
      "RequestUri": "/subscriptions/0fd190fa-dd1c-4724-b7f6-c5cc3ba5c884/resourceGroups/ps2821/providers/Microsoft.Network/networkManagers/ps8370/networkGroups/ps4665/staticMembers/ps1381?api-version=2022-01-01",
      "EncodedRequestUri": "L3N1YnNjcmlwdGlvbnMvMGZkMTkwZmEtZGQxYy00NzI0LWI3ZjYtYzVjYzNiYTVjODg0L3Jlc291cmNlR3JvdXBzL3BzMjgyMS9wcm92aWRlcnMvTWljcm9zb2Z0Lk5ldHdvcmsvbmV0d29ya01hbmFnZXJzL3BzODM3MC9uZXR3b3JrR3JvdXBzL3BzNDY2NS9zdGF0aWNNZW1iZXJzL3BzMTM4MT9hcGktdmVyc2lvbj0yMDIyLTAxLTAx",
      "RequestMethod": "DELETE",
      "RequestHeaders": {
        "x-ms-client-request-id": [
          "298e2c2f-a5f2-416a-988f-539e929149c7"
        ],
        "Accept-Language": [
          "en-US"
        ],
        "User-Agent": [
          "FxVersion/4.700.22.36202",
          "OSName/Windows",
          "OSVersion/Microsoft.Windows.10.0.19044",
          "Microsoft.Azure.Management.Network.NetworkManagementClient/23.0.0.0"
        ]
      },
      "RequestBody": "",
      "ResponseHeaders": {
        "Cache-Control": [
          "no-cache"
        ],
        "Pragma": [
          "no-cache"
        ],
        "Strict-Transport-Security": [
          "max-age=31536000; includeSubDomains"
        ],
        "Server": [
          "Kestrel"
        ],
        "x-ms-ratelimit-remaining-subscription-deletes": [
          "14999"
        ],
        "x-ms-request-id": [
          "969694a2-c31c-4b22-8ad0-228c9f1a4a91"
        ],
        "x-ms-correlation-request-id": [
          "969694a2-c31c-4b22-8ad0-228c9f1a4a91"
        ],
        "x-ms-routing-request-id": [
          "WESTUS:20220811T063514Z:969694a2-c31c-4b22-8ad0-228c9f1a4a91"
        ],
        "X-Content-Type-Options": [
          "nosniff"
        ],
        "Date": [
          "Thu, 11 Aug 2022 06:35:13 GMT"
        ],
        "Expires": [
          "-1"
        ],
        "Content-Length": [
          "0"
        ]
      },
      "ResponseBody": "",
      "StatusCode": 200
    },
    {
      "RequestUri": "/subscriptions/0fd190fa-dd1c-4724-b7f6-c5cc3ba5c884/resourceGroups/ps2821/providers/Microsoft.Network/networkManagers/ps8370/networkGroups/ps4665?force=false&api-version=2022-01-01",
      "EncodedRequestUri": "L3N1YnNjcmlwdGlvbnMvMGZkMTkwZmEtZGQxYy00NzI0LWI3ZjYtYzVjYzNiYTVjODg0L3Jlc291cmNlR3JvdXBzL3BzMjgyMS9wcm92aWRlcnMvTWljcm9zb2Z0Lk5ldHdvcmsvbmV0d29ya01hbmFnZXJzL3BzODM3MC9uZXR3b3JrR3JvdXBzL3BzNDY2NT9mb3JjZT1mYWxzZSZhcGktdmVyc2lvbj0yMDIyLTAxLTAx",
      "RequestMethod": "DELETE",
      "RequestHeaders": {
        "x-ms-client-request-id": [
          "557d490e-8c7f-4cbe-a1c5-8d5b7c804b64"
        ],
        "Accept-Language": [
          "en-US"
        ],
        "User-Agent": [
          "FxVersion/4.700.22.36202",
          "OSName/Windows",
          "OSVersion/Microsoft.Windows.10.0.19044",
          "Microsoft.Azure.Management.Network.NetworkManagementClient/23.0.0.0"
        ]
      },
      "RequestBody": "",
      "ResponseHeaders": {
        "Cache-Control": [
          "no-cache"
        ],
        "Pragma": [
          "no-cache"
        ],
        "Strict-Transport-Security": [
          "max-age=31536000; includeSubDomains"
        ],
        "Server": [
          "Kestrel"
        ],
        "x-ms-ratelimit-remaining-subscription-deletes": [
          "14999"
        ],
        "x-ms-request-id": [
          "6d3dd98d-9df4-48cf-850f-0a7237fd3263"
        ],
        "x-ms-correlation-request-id": [
          "6d3dd98d-9df4-48cf-850f-0a7237fd3263"
        ],
        "x-ms-routing-request-id": [
          "WESTUS:20220811T063516Z:6d3dd98d-9df4-48cf-850f-0a7237fd3263"
        ],
        "X-Content-Type-Options": [
          "nosniff"
        ],
        "Date": [
          "Thu, 11 Aug 2022 06:35:16 GMT"
        ],
        "Expires": [
          "-1"
        ],
        "Content-Length": [
          "0"
        ]
      },
      "ResponseBody": "",
      "StatusCode": 200
    },
    {
      "RequestUri": "/subscriptions/0fd190fa-dd1c-4724-b7f6-c5cc3ba5c884/resourceGroups/ps2821/providers/Microsoft.Network/networkManagers/ps8370?force=false&api-version=2022-01-01",
      "EncodedRequestUri": "L3N1YnNjcmlwdGlvbnMvMGZkMTkwZmEtZGQxYy00NzI0LWI3ZjYtYzVjYzNiYTVjODg0L3Jlc291cmNlR3JvdXBzL3BzMjgyMS9wcm92aWRlcnMvTWljcm9zb2Z0Lk5ldHdvcmsvbmV0d29ya01hbmFnZXJzL3BzODM3MD9mb3JjZT1mYWxzZSZhcGktdmVyc2lvbj0yMDIyLTAxLTAx",
      "RequestMethod": "DELETE",
      "RequestHeaders": {
        "x-ms-client-request-id": [
          "de1267d5-a6dd-4c07-a9a2-6a0717be3719"
        ],
        "Accept-Language": [
          "en-US"
        ],
        "User-Agent": [
          "FxVersion/4.700.22.36202",
          "OSName/Windows",
          "OSVersion/Microsoft.Windows.10.0.19044",
          "Microsoft.Azure.Management.Network.NetworkManagementClient/23.0.0.0"
        ]
      },
      "RequestBody": "",
      "ResponseHeaders": {
        "Cache-Control": [
          "no-cache"
        ],
        "Pragma": [
          "no-cache"
        ],
        "Strict-Transport-Security": [
          "max-age=31536000; includeSubDomains"
        ],
        "Server": [
          "Kestrel"
        ],
        "x-ms-ratelimit-remaining-subscription-deletes": [
          "14999"
        ],
        "x-ms-request-id": [
          "ebcbf99f-29be-4d27-98d8-264b29acccab"
        ],
        "x-ms-correlation-request-id": [
          "ebcbf99f-29be-4d27-98d8-264b29acccab"
        ],
        "x-ms-routing-request-id": [
          "WESTUS:20220811T063520Z:ebcbf99f-29be-4d27-98d8-264b29acccab"
        ],
        "X-Content-Type-Options": [
          "nosniff"
        ],
        "Date": [
          "Thu, 11 Aug 2022 06:35:20 GMT"
        ],
        "Expires": [
          "-1"
        ],
        "Content-Length": [
          "0"
        ]
      },
      "ResponseBody": "",
      "StatusCode": 200
    },
    {
      "RequestUri": "/subscriptions/0fd190fa-dd1c-4724-b7f6-c5cc3ba5c884/resourcegroups/ps2821?api-version=2016-09-01",
      "EncodedRequestUri": "L3N1YnNjcmlwdGlvbnMvMGZkMTkwZmEtZGQxYy00NzI0LWI3ZjYtYzVjYzNiYTVjODg0L3Jlc291cmNlZ3JvdXBzL3BzMjgyMT9hcGktdmVyc2lvbj0yMDE2LTA5LTAx",
      "RequestMethod": "DELETE",
      "RequestHeaders": {
        "x-ms-client-request-id": [
          "36720c61-3279-4e4b-acdd-b512a0f5323b"
        ],
        "Accept-Language": [
          "en-US"
        ],
        "User-Agent": [
          "FxVersion/4.700.22.36202",
          "OSName/Windows",
          "OSVersion/Microsoft.Windows.10.0.19044",
          "Microsoft.Azure.Management.Internal.Resources.ResourceManagementClient/1.3.59"
        ]
      },
      "RequestBody": "",
      "ResponseHeaders": {
        "Cache-Control": [
          "no-cache"
        ],
        "Pragma": [
          "no-cache"
        ],
        "Location": [
          "https://management.azure.com/subscriptions/0fd190fa-dd1c-4724-b7f6-c5cc3ba5c884/operationresults/eyJqb2JJZCI6IlJFU09VUkNFR1JPVVBERUxFVElPTkpPQi1QUzI4MjEtQ0VOVFJBTFVTRVVBUCIsImpvYkxvY2F0aW9uIjoiY2VudHJhbHVzZXVhcCJ9?api-version=2016-09-01"
        ],
        "Retry-After": [
          "15"
        ],
        "x-ms-ratelimit-remaining-subscription-deletes": [
          "14999"
        ],
        "x-ms-request-id": [
          "c652f071-114e-478d-9cb7-f1bdbc51dea2"
        ],
        "x-ms-correlation-request-id": [
          "c652f071-114e-478d-9cb7-f1bdbc51dea2"
        ],
        "x-ms-routing-request-id": [
          "WESTUS:20220811T063522Z:c652f071-114e-478d-9cb7-f1bdbc51dea2"
        ],
        "Strict-Transport-Security": [
          "max-age=31536000; includeSubDomains"
        ],
        "X-Content-Type-Options": [
          "nosniff"
        ],
        "Date": [
          "Thu, 11 Aug 2022 06:35:22 GMT"
        ],
        "Expires": [
          "-1"
        ],
        "Content-Length": [
          "0"
        ]
      },
      "ResponseBody": "",
      "StatusCode": 202
    },
    {
      "RequestUri": "/subscriptions/0fd190fa-dd1c-4724-b7f6-c5cc3ba5c884/operationresults/eyJqb2JJZCI6IlJFU09VUkNFR1JPVVBERUxFVElPTkpPQi1QUzI4MjEtQ0VOVFJBTFVTRVVBUCIsImpvYkxvY2F0aW9uIjoiY2VudHJhbHVzZXVhcCJ9?api-version=2016-09-01",
      "EncodedRequestUri": "L3N1YnNjcmlwdGlvbnMvMGZkMTkwZmEtZGQxYy00NzI0LWI3ZjYtYzVjYzNiYTVjODg0L29wZXJhdGlvbnJlc3VsdHMvZXlKcWIySkpaQ0k2SWxKRlUwOVZVa05GUjFKUFZWQkVSVXhGVkVsUFRrcFBRaTFRVXpJNE1qRXRRMFZPVkZKQlRGVlRSVlZCVUNJc0ltcHZZa3h2WTJGMGFXOXVJam9pWTJWdWRISmhiSFZ6WlhWaGNDSjk/YXBpLXZlcnNpb249MjAxNi0wOS0wMQ==",
      "RequestMethod": "GET",
      "RequestHeaders": {
        "User-Agent": [
          "FxVersion/4.700.22.36202",
          "OSName/Windows",
          "OSVersion/Microsoft.Windows.10.0.19044",
          "Microsoft.Azure.Management.Internal.Resources.ResourceManagementClient/1.3.59"
        ]
      },
      "RequestBody": "",
      "ResponseHeaders": {
        "Cache-Control": [
          "no-cache"
        ],
        "Pragma": [
          "no-cache"
        ],
        "Location": [
          "https://management.azure.com/subscriptions/0fd190fa-dd1c-4724-b7f6-c5cc3ba5c884/operationresults/eyJqb2JJZCI6IlJFU09VUkNFR1JPVVBERUxFVElPTkpPQi1QUzI4MjEtQ0VOVFJBTFVTRVVBUCIsImpvYkxvY2F0aW9uIjoiY2VudHJhbHVzZXVhcCJ9?api-version=2016-09-01"
        ],
        "Retry-After": [
          "15"
        ],
        "x-ms-ratelimit-remaining-subscription-reads": [
          "11999"
        ],
        "x-ms-request-id": [
          "5f4cd664-d0c0-4c2a-ad97-b05eab97d5e4"
        ],
        "x-ms-correlation-request-id": [
          "5f4cd664-d0c0-4c2a-ad97-b05eab97d5e4"
        ],
        "x-ms-routing-request-id": [
          "WESTUS:20220811T063538Z:5f4cd664-d0c0-4c2a-ad97-b05eab97d5e4"
        ],
        "Strict-Transport-Security": [
          "max-age=31536000; includeSubDomains"
        ],
        "X-Content-Type-Options": [
          "nosniff"
        ],
        "Date": [
          "Thu, 11 Aug 2022 06:35:38 GMT"
        ],
        "Expires": [
          "-1"
        ],
        "Content-Length": [
          "0"
        ]
      },
      "ResponseBody": "",
      "StatusCode": 202
    },
    {
      "RequestUri": "/subscriptions/0fd190fa-dd1c-4724-b7f6-c5cc3ba5c884/operationresults/eyJqb2JJZCI6IlJFU09VUkNFR1JPVVBERUxFVElPTkpPQi1QUzI4MjEtQ0VOVFJBTFVTRVVBUCIsImpvYkxvY2F0aW9uIjoiY2VudHJhbHVzZXVhcCJ9?api-version=2016-09-01",
      "EncodedRequestUri": "L3N1YnNjcmlwdGlvbnMvMGZkMTkwZmEtZGQxYy00NzI0LWI3ZjYtYzVjYzNiYTVjODg0L29wZXJhdGlvbnJlc3VsdHMvZXlKcWIySkpaQ0k2SWxKRlUwOVZVa05GUjFKUFZWQkVSVXhGVkVsUFRrcFBRaTFRVXpJNE1qRXRRMFZPVkZKQlRGVlRSVlZCVUNJc0ltcHZZa3h2WTJGMGFXOXVJam9pWTJWdWRISmhiSFZ6WlhWaGNDSjk/YXBpLXZlcnNpb249MjAxNi0wOS0wMQ==",
      "RequestMethod": "GET",
      "RequestHeaders": {
        "User-Agent": [
          "FxVersion/4.700.22.36202",
          "OSName/Windows",
          "OSVersion/Microsoft.Windows.10.0.19044",
          "Microsoft.Azure.Management.Internal.Resources.ResourceManagementClient/1.3.59"
        ]
      },
      "RequestBody": "",
      "ResponseHeaders": {
        "Cache-Control": [
          "no-cache"
        ],
        "Pragma": [
          "no-cache"
        ],
        "Location": [
          "https://management.azure.com/subscriptions/0fd190fa-dd1c-4724-b7f6-c5cc3ba5c884/operationresults/eyJqb2JJZCI6IlJFU09VUkNFR1JPVVBERUxFVElPTkpPQi1QUzI4MjEtQ0VOVFJBTFVTRVVBUCIsImpvYkxvY2F0aW9uIjoiY2VudHJhbHVzZXVhcCJ9?api-version=2016-09-01"
        ],
        "Retry-After": [
          "15"
        ],
        "x-ms-ratelimit-remaining-subscription-reads": [
          "11998"
        ],
        "x-ms-request-id": [
          "549bce26-b844-4fa8-8417-bff310928df1"
        ],
        "x-ms-correlation-request-id": [
          "549bce26-b844-4fa8-8417-bff310928df1"
        ],
        "x-ms-routing-request-id": [
          "WESTUS:20220811T063553Z:549bce26-b844-4fa8-8417-bff310928df1"
        ],
        "Strict-Transport-Security": [
          "max-age=31536000; includeSubDomains"
        ],
        "X-Content-Type-Options": [
          "nosniff"
        ],
        "Date": [
          "Thu, 11 Aug 2022 06:35:53 GMT"
        ],
        "Expires": [
          "-1"
        ],
        "Content-Length": [
          "0"
        ]
      },
      "ResponseBody": "",
      "StatusCode": 202
    },
    {
      "RequestUri": "/subscriptions/0fd190fa-dd1c-4724-b7f6-c5cc3ba5c884/operationresults/eyJqb2JJZCI6IlJFU09VUkNFR1JPVVBERUxFVElPTkpPQi1QUzI4MjEtQ0VOVFJBTFVTRVVBUCIsImpvYkxvY2F0aW9uIjoiY2VudHJhbHVzZXVhcCJ9?api-version=2016-09-01",
      "EncodedRequestUri": "L3N1YnNjcmlwdGlvbnMvMGZkMTkwZmEtZGQxYy00NzI0LWI3ZjYtYzVjYzNiYTVjODg0L29wZXJhdGlvbnJlc3VsdHMvZXlKcWIySkpaQ0k2SWxKRlUwOVZVa05GUjFKUFZWQkVSVXhGVkVsUFRrcFBRaTFRVXpJNE1qRXRRMFZPVkZKQlRGVlRSVlZCVUNJc0ltcHZZa3h2WTJGMGFXOXVJam9pWTJWdWRISmhiSFZ6WlhWaGNDSjk/YXBpLXZlcnNpb249MjAxNi0wOS0wMQ==",
      "RequestMethod": "GET",
      "RequestHeaders": {
        "User-Agent": [
          "FxVersion/4.700.22.36202",
          "OSName/Windows",
          "OSVersion/Microsoft.Windows.10.0.19044",
          "Microsoft.Azure.Management.Internal.Resources.ResourceManagementClient/1.3.59"
        ]
      },
      "RequestBody": "",
      "ResponseHeaders": {
        "Cache-Control": [
          "no-cache"
        ],
        "Pragma": [
          "no-cache"
        ],
        "Location": [
          "https://management.azure.com/subscriptions/0fd190fa-dd1c-4724-b7f6-c5cc3ba5c884/operationresults/eyJqb2JJZCI6IlJFU09VUkNFR1JPVVBERUxFVElPTkpPQi1QUzI4MjEtQ0VOVFJBTFVTRVVBUCIsImpvYkxvY2F0aW9uIjoiY2VudHJhbHVzZXVhcCJ9?api-version=2016-09-01"
        ],
        "Retry-After": [
          "15"
        ],
        "x-ms-ratelimit-remaining-subscription-reads": [
          "11997"
        ],
        "x-ms-request-id": [
          "cda20800-8375-4cc9-9c68-5644cefcbb43"
        ],
        "x-ms-correlation-request-id": [
          "cda20800-8375-4cc9-9c68-5644cefcbb43"
        ],
        "x-ms-routing-request-id": [
          "WESTUS:20220811T063608Z:cda20800-8375-4cc9-9c68-5644cefcbb43"
        ],
        "Strict-Transport-Security": [
          "max-age=31536000; includeSubDomains"
        ],
        "X-Content-Type-Options": [
          "nosniff"
        ],
        "Date": [
          "Thu, 11 Aug 2022 06:36:08 GMT"
        ],
        "Expires": [
          "-1"
        ],
        "Content-Length": [
          "0"
        ]
      },
      "ResponseBody": "",
      "StatusCode": 202
    },
    {
      "RequestUri": "/subscriptions/0fd190fa-dd1c-4724-b7f6-c5cc3ba5c884/operationresults/eyJqb2JJZCI6IlJFU09VUkNFR1JPVVBERUxFVElPTkpPQi1QUzI4MjEtQ0VOVFJBTFVTRVVBUCIsImpvYkxvY2F0aW9uIjoiY2VudHJhbHVzZXVhcCJ9?api-version=2016-09-01",
      "EncodedRequestUri": "L3N1YnNjcmlwdGlvbnMvMGZkMTkwZmEtZGQxYy00NzI0LWI3ZjYtYzVjYzNiYTVjODg0L29wZXJhdGlvbnJlc3VsdHMvZXlKcWIySkpaQ0k2SWxKRlUwOVZVa05GUjFKUFZWQkVSVXhGVkVsUFRrcFBRaTFRVXpJNE1qRXRRMFZPVkZKQlRGVlRSVlZCVUNJc0ltcHZZa3h2WTJGMGFXOXVJam9pWTJWdWRISmhiSFZ6WlhWaGNDSjk/YXBpLXZlcnNpb249MjAxNi0wOS0wMQ==",
      "RequestMethod": "GET",
      "RequestHeaders": {
        "User-Agent": [
          "FxVersion/4.700.22.36202",
          "OSName/Windows",
          "OSVersion/Microsoft.Windows.10.0.19044",
          "Microsoft.Azure.Management.Internal.Resources.ResourceManagementClient/1.3.59"
        ]
      },
      "RequestBody": "",
      "ResponseHeaders": {
        "Cache-Control": [
          "no-cache"
        ],
        "Pragma": [
          "no-cache"
        ],
        "Location": [
          "https://management.azure.com/subscriptions/0fd190fa-dd1c-4724-b7f6-c5cc3ba5c884/operationresults/eyJqb2JJZCI6IlJFU09VUkNFR1JPVVBERUxFVElPTkpPQi1QUzI4MjEtQ0VOVFJBTFVTRVVBUCIsImpvYkxvY2F0aW9uIjoiY2VudHJhbHVzZXVhcCJ9?api-version=2016-09-01"
        ],
        "Retry-After": [
          "15"
        ],
        "x-ms-ratelimit-remaining-subscription-reads": [
          "11996"
        ],
        "x-ms-request-id": [
          "e1361a72-60e9-498c-9e4b-7cd507a2793e"
        ],
        "x-ms-correlation-request-id": [
          "e1361a72-60e9-498c-9e4b-7cd507a2793e"
        ],
        "x-ms-routing-request-id": [
          "WESTUS:20220811T063623Z:e1361a72-60e9-498c-9e4b-7cd507a2793e"
        ],
        "Strict-Transport-Security": [
          "max-age=31536000; includeSubDomains"
        ],
        "X-Content-Type-Options": [
          "nosniff"
        ],
        "Date": [
          "Thu, 11 Aug 2022 06:36:23 GMT"
        ],
        "Expires": [
          "-1"
        ],
        "Content-Length": [
          "0"
        ]
      },
      "ResponseBody": "",
      "StatusCode": 202
    },
    {
      "RequestUri": "/subscriptions/0fd190fa-dd1c-4724-b7f6-c5cc3ba5c884/operationresults/eyJqb2JJZCI6IlJFU09VUkNFR1JPVVBERUxFVElPTkpPQi1QUzI4MjEtQ0VOVFJBTFVTRVVBUCIsImpvYkxvY2F0aW9uIjoiY2VudHJhbHVzZXVhcCJ9?api-version=2016-09-01",
      "EncodedRequestUri": "L3N1YnNjcmlwdGlvbnMvMGZkMTkwZmEtZGQxYy00NzI0LWI3ZjYtYzVjYzNiYTVjODg0L29wZXJhdGlvbnJlc3VsdHMvZXlKcWIySkpaQ0k2SWxKRlUwOVZVa05GUjFKUFZWQkVSVXhGVkVsUFRrcFBRaTFRVXpJNE1qRXRRMFZPVkZKQlRGVlRSVlZCVUNJc0ltcHZZa3h2WTJGMGFXOXVJam9pWTJWdWRISmhiSFZ6WlhWaGNDSjk/YXBpLXZlcnNpb249MjAxNi0wOS0wMQ==",
      "RequestMethod": "GET",
      "RequestHeaders": {
        "User-Agent": [
          "FxVersion/4.700.22.36202",
          "OSName/Windows",
          "OSVersion/Microsoft.Windows.10.0.19044",
          "Microsoft.Azure.Management.Internal.Resources.ResourceManagementClient/1.3.59"
        ]
      },
      "RequestBody": "",
      "ResponseHeaders": {
        "Cache-Control": [
          "no-cache"
        ],
        "Pragma": [
          "no-cache"
        ],
        "x-ms-ratelimit-remaining-subscription-reads": [
          "11995"
        ],
        "x-ms-request-id": [
          "260a7335-c604-45b1-9d2e-5a08c7899752"
        ],
        "x-ms-correlation-request-id": [
          "260a7335-c604-45b1-9d2e-5a08c7899752"
        ],
        "x-ms-routing-request-id": [
          "WESTUS:20220811T063639Z:260a7335-c604-45b1-9d2e-5a08c7899752"
        ],
        "Strict-Transport-Security": [
          "max-age=31536000; includeSubDomains"
        ],
        "X-Content-Type-Options": [
          "nosniff"
        ],
        "Date": [
          "Thu, 11 Aug 2022 06:36:38 GMT"
        ],
        "Expires": [
          "-1"
        ],
        "Content-Length": [
          "0"
        ]
      },
      "ResponseBody": "",
      "StatusCode": 200
    },
    {
      "RequestUri": "/subscriptions/0fd190fa-dd1c-4724-b7f6-c5cc3ba5c884/operationresults/eyJqb2JJZCI6IlJFU09VUkNFR1JPVVBERUxFVElPTkpPQi1QUzI4MjEtQ0VOVFJBTFVTRVVBUCIsImpvYkxvY2F0aW9uIjoiY2VudHJhbHVzZXVhcCJ9?api-version=2016-09-01",
      "EncodedRequestUri": "L3N1YnNjcmlwdGlvbnMvMGZkMTkwZmEtZGQxYy00NzI0LWI3ZjYtYzVjYzNiYTVjODg0L29wZXJhdGlvbnJlc3VsdHMvZXlKcWIySkpaQ0k2SWxKRlUwOVZVa05GUjFKUFZWQkVSVXhGVkVsUFRrcFBRaTFRVXpJNE1qRXRRMFZPVkZKQlRGVlRSVlZCVUNJc0ltcHZZa3h2WTJGMGFXOXVJam9pWTJWdWRISmhiSFZ6WlhWaGNDSjk/YXBpLXZlcnNpb249MjAxNi0wOS0wMQ==",
      "RequestMethod": "GET",
      "RequestHeaders": {
        "User-Agent": [
          "FxVersion/4.700.22.36202",
          "OSName/Windows",
          "OSVersion/Microsoft.Windows.10.0.19044",
          "Microsoft.Azure.Management.Internal.Resources.ResourceManagementClient/1.3.59"
        ]
      },
      "RequestBody": "",
      "ResponseHeaders": {
        "Cache-Control": [
          "no-cache"
        ],
        "Pragma": [
          "no-cache"
        ],
        "x-ms-ratelimit-remaining-subscription-reads": [
          "11994"
        ],
        "x-ms-request-id": [
          "66a91427-46fe-4328-88cf-7876785e47a8"
        ],
        "x-ms-correlation-request-id": [
          "66a91427-46fe-4328-88cf-7876785e47a8"
        ],
        "x-ms-routing-request-id": [
          "WESTUS:20220811T063639Z:66a91427-46fe-4328-88cf-7876785e47a8"
        ],
        "Strict-Transport-Security": [
          "max-age=31536000; includeSubDomains"
        ],
        "X-Content-Type-Options": [
          "nosniff"
        ],
        "Date": [
          "Thu, 11 Aug 2022 06:36:38 GMT"
        ],
        "Expires": [
          "-1"
        ],
        "Content-Length": [
          "0"
        ]
      },
      "ResponseBody": "",
      "StatusCode": 200
    }
  ],
  "Names": {
    "Test-NetworkManagerConnectivityConfigurationCRUD": [
      "ps2821",
      "ps8370",
      "ps4665",
      "ps1381",
      "ps7252"
    ]
  },
  "Variables": {
    "SubscriptionId": "0fd190fa-dd1c-4724-b7f6-c5cc3ba5c884"
  }
}