{
  "Entries": [
    {
      "RequestUri": "/subscriptions/0fd190fa-dd1c-4724-b7f6-c5cc3ba5c884/resourcegroups/ps408?api-version=2016-09-01",
      "EncodedRequestUri": "L3N1YnNjcmlwdGlvbnMvMGZkMTkwZmEtZGQxYy00NzI0LWI3ZjYtYzVjYzNiYTVjODg0L3Jlc291cmNlZ3JvdXBzL3BzNDA4P2FwaS12ZXJzaW9uPTIwMTYtMDktMDE=",
      "RequestMethod": "PUT",
      "RequestHeaders": {
        "x-ms-client-request-id": [
          "77ed9255-0e58-4100-9b87-6eade198444d"
        ],
        "Accept-Language": [
          "en-US"
        ],
        "User-Agent": [
          "FxVersion/4.700.22.36202",
          "OSName/Windows",
          "OSVersion/Microsoft.Windows.10.0.19044",
          "Microsoft.Azure.Management.Internal.Resources.ResourceManagementClient/1.3.59"
        ],
        "Content-Type": [
          "application/json; charset=utf-8"
        ],
        "Content-Length": [
          "80"
        ]
      },
      "RequestBody": "{\r\n  \"location\": \"centraluseuap\",\r\n  \"tags\": {\r\n    \"testtag\": \"testval\"\r\n  }\r\n}",
      "ResponseHeaders": {
        "Cache-Control": [
          "no-cache"
        ],
        "Pragma": [
          "no-cache"
        ],
        "x-ms-ratelimit-remaining-subscription-writes": [
          "1199"
        ],
        "x-ms-request-id": [
          "b144637e-039a-4c39-8e5a-ed3ab615e5fc"
        ],
        "x-ms-correlation-request-id": [
          "b144637e-039a-4c39-8e5a-ed3ab615e5fc"
        ],
        "x-ms-routing-request-id": [
          "WESTUS:20220811T062619Z:b144637e-039a-4c39-8e5a-ed3ab615e5fc"
        ],
        "Strict-Transport-Security": [
          "max-age=31536000; includeSubDomains"
        ],
        "X-Content-Type-Options": [
          "nosniff"
        ],
        "Date": [
          "Thu, 11 Aug 2022 06:26:19 GMT"
        ],
        "Content-Length": [
          "199"
        ],
        "Content-Type": [
          "application/json; charset=utf-8"
        ],
        "Expires": [
          "-1"
        ]
      },
      "ResponseBody": "{\r\n  \"id\": \"/subscriptions/0fd190fa-dd1c-4724-b7f6-c5cc3ba5c884/resourceGroups/ps408\",\r\n  \"name\": \"ps408\",\r\n  \"location\": \"centraluseuap\",\r\n  \"tags\": {\r\n    \"testtag\": \"testval\"\r\n  },\r\n  \"properties\": {\r\n    \"provisioningState\": \"Succeeded\"\r\n  }\r\n}",
      "StatusCode": 201
    },
    {
      "RequestUri": "/subscriptions/0fd190fa-dd1c-4724-b7f6-c5cc3ba5c884/resourceGroups/ps408/providers/Microsoft.Network/networkManagers/ps1371?api-version=2022-01-01",
      "EncodedRequestUri": "L3N1YnNjcmlwdGlvbnMvMGZkMTkwZmEtZGQxYy00NzI0LWI3ZjYtYzVjYzNiYTVjODg0L3Jlc291cmNlR3JvdXBzL3BzNDA4L3Byb3ZpZGVycy9NaWNyb3NvZnQuTmV0d29yay9uZXR3b3JrTWFuYWdlcnMvcHMxMzcxP2FwaS12ZXJzaW9uPTIwMjItMDEtMDE=",
      "RequestMethod": "GET",
      "RequestHeaders": {
        "x-ms-client-request-id": [
          "20a1a67e-ae1d-4740-9e0e-e0f51f42e048"
        ],
        "Accept-Language": [
          "en-US"
        ],
        "User-Agent": [
          "FxVersion/4.700.22.36202",
          "OSName/Windows",
          "OSVersion/Microsoft.Windows.10.0.19044",
          "Microsoft.Azure.Management.Network.NetworkManagementClient/23.0.0.0"
        ]
      },
      "RequestBody": "",
      "ResponseHeaders": {
        "Cache-Control": [
          "no-cache"
        ],
        "Pragma": [
          "no-cache"
        ],
        "x-ms-failure-cause": [
          "gateway"
        ],
        "x-ms-request-id": [
          "312ea226-6c3f-488d-9a10-298f38e8535d"
        ],
        "x-ms-correlation-request-id": [
          "312ea226-6c3f-488d-9a10-298f38e8535d"
        ],
        "x-ms-routing-request-id": [
          "WESTCENTRALUS:20220811T062629Z:312ea226-6c3f-488d-9a10-298f38e8535d"
        ],
        "Strict-Transport-Security": [
          "max-age=31536000; includeSubDomains"
        ],
        "X-Content-Type-Options": [
          "nosniff"
        ],
        "Date": [
          "Thu, 11 Aug 2022 06:26:28 GMT"
        ],
        "Content-Type": [
          "application/json; charset=utf-8"
        ],
        "Expires": [
          "-1"
        ],
        "Content-Length": [
          "217"
        ]
      },
      "ResponseBody": "{\r\n  \"error\": {\r\n    \"code\": \"ResourceNotFound\",\r\n    \"message\": \"The Resource 'Microsoft.Network/networkManagers/ps1371' under resource group 'ps408' was not found. For more details please go to https://aka.ms/ARMResourceNotFoundFix\"\r\n  }\r\n}",
      "StatusCode": 404
    },
    {
      "RequestUri": "/subscriptions/0fd190fa-dd1c-4724-b7f6-c5cc3ba5c884/resourceGroups/ps408/providers/Microsoft.Network/networkManagers/ps1371?api-version=2022-01-01",
      "EncodedRequestUri": "L3N1YnNjcmlwdGlvbnMvMGZkMTkwZmEtZGQxYy00NzI0LWI3ZjYtYzVjYzNiYTVjODg0L3Jlc291cmNlR3JvdXBzL3BzNDA4L3Byb3ZpZGVycy9NaWNyb3NvZnQuTmV0d29yay9uZXR3b3JrTWFuYWdlcnMvcHMxMzcxP2FwaS12ZXJzaW9uPTIwMjItMDEtMDE=",
      "RequestMethod": "GET",
      "RequestHeaders": {
        "x-ms-client-request-id": [
          "20a1a67e-ae1d-4740-9e0e-e0f51f42e048"
        ],
        "Accept-Language": [
          "en-US"
        ],
        "User-Agent": [
          "FxVersion/4.700.22.36202",
          "OSName/Windows",
          "OSVersion/Microsoft.Windows.10.0.19044",
          "Microsoft.Azure.Management.Network.NetworkManagementClient/23.0.0.0"
        ]
      },
      "RequestBody": "",
      "ResponseHeaders": {
        "Cache-Control": [
          "no-cache"
        ],
        "Pragma": [
          "no-cache"
        ],
        "x-ms-ratelimit-remaining-subscription-reads": [
          "11998"
        ],
        "Strict-Transport-Security": [
          "max-age=31536000; includeSubDomains"
        ],
        "Server": [
          "Kestrel"
        ],
        "x-ms-request-id": [
          "312730b5-d165-4644-bc3c-afb71a07b260"
        ],
        "x-ms-correlation-request-id": [
          "312730b5-d165-4644-bc3c-afb71a07b260"
        ],
        "x-ms-routing-request-id": [
          "WESTCENTRALUS:20220811T062634Z:312730b5-d165-4644-bc3c-afb71a07b260"
        ],
        "X-Content-Type-Options": [
          "nosniff"
        ],
        "Date": [
          "Thu, 11 Aug 2022 06:26:33 GMT"
        ],
        "Content-Length": [
          "945"
        ],
        "Content-Type": [
          "application/json; charset=utf-8"
        ],
        "Expires": [
          "-1"
        ]
      },
      "ResponseBody": "{\r\n  \"name\": \"ps1371\",\r\n  \"id\": \"/subscriptions/0fd190fa-dd1c-4724-b7f6-c5cc3ba5c884/resourceGroups/ps408/providers/Microsoft.Network/networkManagers/ps1371\",\r\n  \"location\": \"centraluseuap\",\r\n  \"type\": \"Microsoft.Network/networkManagers\",\r\n  \"tags\": {},\r\n  \"etag\": \"\\\"0300e76e-0000-3300-0000-62f4a1190000\\\"\",\r\n  \"properties\": {\r\n    \"displayName\": \"\",\r\n    \"description\": \"\",\r\n    \"networkManagerScopes\": {\r\n      \"managementGroups\": [\r\n        \"/providers/Microsoft.Management/managementGroups/PowerShellTest\"\r\n      ],\r\n      \"subscriptions\": [\r\n        \"/subscriptions/0fd190fa-dd1c-4724-b7f6-c5cc3ba5c884\"\r\n      ],\r\n      \"crossTenantScopes\": []\r\n    },\r\n    \"provisioningState\": \"Succeeded\",\r\n    \"networkManagerScopeAccesses\": [\r\n      \"Connectivity\"\r\n    ],\r\n    \"resourceGuid\": \"0f8b41fc-68fb-4cd9-9615-dc13875ea57d\"\r\n  },\r\n  \"systemData\": {\r\n    \"createdBy\": \"cc1c7bb7-f3c4-4236-9ae6-39e276ea7d2b\",\r\n    \"createdByType\": \"Application\",\r\n    \"createdAt\": \"2022-08-11T06:26:32.2783328Z\",\r\n    \"lastModifiedBy\": \"cc1c7bb7-f3c4-4236-9ae6-39e276ea7d2b\",\r\n    \"lastModifiedByType\": \"Application\",\r\n    \"lastModifiedAt\": \"2022-08-11T06:26:32.2783328Z\"\r\n  }\r\n}",
      "StatusCode": 200
    },
    {
      "RequestUri": "/subscriptions/0fd190fa-dd1c-4724-b7f6-c5cc3ba5c884/resourceGroups/ps408/providers/Microsoft.Network/networkManagers/ps1371?api-version=2022-01-01",
      "EncodedRequestUri": "L3N1YnNjcmlwdGlvbnMvMGZkMTkwZmEtZGQxYy00NzI0LWI3ZjYtYzVjYzNiYTVjODg0L3Jlc291cmNlR3JvdXBzL3BzNDA4L3Byb3ZpZGVycy9NaWNyb3NvZnQuTmV0d29yay9uZXR3b3JrTWFuYWdlcnMvcHMxMzcxP2FwaS12ZXJzaW9uPTIwMjItMDEtMDE=",
      "RequestMethod": "GET",
      "RequestHeaders": {
        "x-ms-client-request-id": [
          "39cc1790-bed7-484f-ae2c-13fdc6351f1f"
        ],
        "Accept-Language": [
          "en-US"
        ],
        "User-Agent": [
          "FxVersion/4.700.22.36202",
          "OSName/Windows",
          "OSVersion/Microsoft.Windows.10.0.19044",
          "Microsoft.Azure.Management.Network.NetworkManagementClient/23.0.0.0"
        ]
      },
      "RequestBody": "",
      "ResponseHeaders": {
        "Cache-Control": [
          "no-cache"
        ],
        "Pragma": [
          "no-cache"
        ],
        "x-ms-ratelimit-remaining-subscription-reads": [
          "11999"
        ],
        "Strict-Transport-Security": [
          "max-age=31536000; includeSubDomains"
        ],
        "Server": [
          "Kestrel"
        ],
        "x-ms-request-id": [
          "6a1b9e42-2014-4673-ad26-9195145c5627"
        ],
        "x-ms-correlation-request-id": [
          "6a1b9e42-2014-4673-ad26-9195145c5627"
        ],
        "x-ms-routing-request-id": [
          "WESTCENTRALUS:20220811T062635Z:6a1b9e42-2014-4673-ad26-9195145c5627"
        ],
        "X-Content-Type-Options": [
          "nosniff"
        ],
        "Date": [
          "Thu, 11 Aug 2022 06:26:34 GMT"
        ],
        "Content-Length": [
          "945"
        ],
        "Content-Type": [
          "application/json; charset=utf-8"
        ],
        "Expires": [
          "-1"
        ]
      },
      "ResponseBody": "{\r\n  \"name\": \"ps1371\",\r\n  \"id\": \"/subscriptions/0fd190fa-dd1c-4724-b7f6-c5cc3ba5c884/resourceGroups/ps408/providers/Microsoft.Network/networkManagers/ps1371\",\r\n  \"location\": \"centraluseuap\",\r\n  \"type\": \"Microsoft.Network/networkManagers\",\r\n  \"tags\": {},\r\n  \"etag\": \"\\\"0300e76e-0000-3300-0000-62f4a1190000\\\"\",\r\n  \"properties\": {\r\n    \"displayName\": \"\",\r\n    \"description\": \"\",\r\n    \"networkManagerScopes\": {\r\n      \"managementGroups\": [\r\n        \"/providers/Microsoft.Management/managementGroups/PowerShellTest\"\r\n      ],\r\n      \"subscriptions\": [\r\n        \"/subscriptions/0fd190fa-dd1c-4724-b7f6-c5cc3ba5c884\"\r\n      ],\r\n      \"crossTenantScopes\": []\r\n    },\r\n    \"provisioningState\": \"Succeeded\",\r\n    \"networkManagerScopeAccesses\": [\r\n      \"Connectivity\"\r\n    ],\r\n    \"resourceGuid\": \"0f8b41fc-68fb-4cd9-9615-dc13875ea57d\"\r\n  },\r\n  \"systemData\": {\r\n    \"createdBy\": \"cc1c7bb7-f3c4-4236-9ae6-39e276ea7d2b\",\r\n    \"createdByType\": \"Application\",\r\n    \"createdAt\": \"2022-08-11T06:26:32.2783328Z\",\r\n    \"lastModifiedBy\": \"cc1c7bb7-f3c4-4236-9ae6-39e276ea7d2b\",\r\n    \"lastModifiedByType\": \"Application\",\r\n    \"lastModifiedAt\": \"2022-08-11T06:26:32.2783328Z\"\r\n  }\r\n}",
      "StatusCode": 200
    },
    {
      "RequestUri": "/subscriptions/0fd190fa-dd1c-4724-b7f6-c5cc3ba5c884/resourceGroups/ps408/providers/Microsoft.Network/networkManagers/ps1371?api-version=2022-01-01",
      "EncodedRequestUri": "L3N1YnNjcmlwdGlvbnMvMGZkMTkwZmEtZGQxYy00NzI0LWI3ZjYtYzVjYzNiYTVjODg0L3Jlc291cmNlR3JvdXBzL3BzNDA4L3Byb3ZpZGVycy9NaWNyb3NvZnQuTmV0d29yay9uZXR3b3JrTWFuYWdlcnMvcHMxMzcxP2FwaS12ZXJzaW9uPTIwMjItMDEtMDE=",
      "RequestMethod": "GET",
      "RequestHeaders": {
        "x-ms-client-request-id": [
          "fd0d5394-be23-401b-95e4-327ac42bd149"
        ],
        "Accept-Language": [
          "en-US"
        ],
        "User-Agent": [
          "FxVersion/4.700.22.36202",
          "OSName/Windows",
          "OSVersion/Microsoft.Windows.10.0.19044",
          "Microsoft.Azure.Management.Network.NetworkManagementClient/23.0.0.0"
        ]
      },
      "RequestBody": "",
      "ResponseHeaders": {
        "Cache-Control": [
          "no-cache"
        ],
        "Pragma": [
          "no-cache"
        ],
        "x-ms-ratelimit-remaining-subscription-reads": [
          "11999"
        ],
        "Strict-Transport-Security": [
          "max-age=31536000; includeSubDomains"
        ],
        "Server": [
          "Kestrel"
        ],
        "x-ms-request-id": [
          "0376419a-0d7e-47e4-8d5a-357e09e983d0"
        ],
        "x-ms-correlation-request-id": [
          "0376419a-0d7e-47e4-8d5a-357e09e983d0"
        ],
        "x-ms-routing-request-id": [
          "WESTCENTRALUS:20220811T062637Z:0376419a-0d7e-47e4-8d5a-357e09e983d0"
        ],
        "X-Content-Type-Options": [
          "nosniff"
        ],
        "Date": [
          "Thu, 11 Aug 2022 06:26:36 GMT"
        ],
        "Content-Length": [
          "945"
        ],
        "Content-Type": [
          "application/json; charset=utf-8"
        ],
        "Expires": [
          "-1"
        ]
      },
      "ResponseBody": "{\r\n  \"name\": \"ps1371\",\r\n  \"id\": \"/subscriptions/0fd190fa-dd1c-4724-b7f6-c5cc3ba5c884/resourceGroups/ps408/providers/Microsoft.Network/networkManagers/ps1371\",\r\n  \"location\": \"centraluseuap\",\r\n  \"type\": \"Microsoft.Network/networkManagers\",\r\n  \"tags\": {},\r\n  \"etag\": \"\\\"0300e76e-0000-3300-0000-62f4a1190000\\\"\",\r\n  \"properties\": {\r\n    \"displayName\": \"\",\r\n    \"description\": \"\",\r\n    \"networkManagerScopes\": {\r\n      \"managementGroups\": [\r\n        \"/providers/Microsoft.Management/managementGroups/PowerShellTest\"\r\n      ],\r\n      \"subscriptions\": [\r\n        \"/subscriptions/0fd190fa-dd1c-4724-b7f6-c5cc3ba5c884\"\r\n      ],\r\n      \"crossTenantScopes\": []\r\n    },\r\n    \"provisioningState\": \"Succeeded\",\r\n    \"networkManagerScopeAccesses\": [\r\n      \"Connectivity\"\r\n    ],\r\n    \"resourceGuid\": \"0f8b41fc-68fb-4cd9-9615-dc13875ea57d\"\r\n  },\r\n  \"systemData\": {\r\n    \"createdBy\": \"cc1c7bb7-f3c4-4236-9ae6-39e276ea7d2b\",\r\n    \"createdByType\": \"Application\",\r\n    \"createdAt\": \"2022-08-11T06:26:32.2783328Z\",\r\n    \"lastModifiedBy\": \"cc1c7bb7-f3c4-4236-9ae6-39e276ea7d2b\",\r\n    \"lastModifiedByType\": \"Application\",\r\n    \"lastModifiedAt\": \"2022-08-11T06:26:32.2783328Z\"\r\n  }\r\n}",
      "StatusCode": 200
    },
    {
      "RequestUri": "/subscriptions/0fd190fa-dd1c-4724-b7f6-c5cc3ba5c884/resourceGroups/ps408/providers/Microsoft.Network/networkManagers/ps1371?api-version=2022-01-01",
      "EncodedRequestUri": "L3N1YnNjcmlwdGlvbnMvMGZkMTkwZmEtZGQxYy00NzI0LWI3ZjYtYzVjYzNiYTVjODg0L3Jlc291cmNlR3JvdXBzL3BzNDA4L3Byb3ZpZGVycy9NaWNyb3NvZnQuTmV0d29yay9uZXR3b3JrTWFuYWdlcnMvcHMxMzcxP2FwaS12ZXJzaW9uPTIwMjItMDEtMDE=",
      "RequestMethod": "GET",
      "RequestHeaders": {
        "x-ms-client-request-id": [
          "fd0d5394-be23-401b-95e4-327ac42bd149"
        ],
        "Accept-Language": [
          "en-US"
        ],
        "User-Agent": [
          "FxVersion/4.700.22.36202",
          "OSName/Windows",
          "OSVersion/Microsoft.Windows.10.0.19044",
          "Microsoft.Azure.Management.Network.NetworkManagementClient/23.0.0.0"
        ]
      },
      "RequestBody": "",
      "ResponseHeaders": {
        "Cache-Control": [
          "no-cache"
        ],
        "Pragma": [
          "no-cache"
        ],
        "x-ms-ratelimit-remaining-subscription-reads": [
          "11998"
        ],
        "Strict-Transport-Security": [
          "max-age=31536000; includeSubDomains"
        ],
        "Server": [
          "Kestrel"
        ],
        "x-ms-request-id": [
          "7cebd8d1-82ca-4f0e-972e-4ea3587ce26b"
        ],
        "x-ms-correlation-request-id": [
          "7cebd8d1-82ca-4f0e-972e-4ea3587ce26b"
        ],
        "x-ms-routing-request-id": [
          "WESTCENTRALUS:20220811T062638Z:7cebd8d1-82ca-4f0e-972e-4ea3587ce26b"
        ],
        "X-Content-Type-Options": [
          "nosniff"
        ],
        "Date": [
          "Thu, 11 Aug 2022 06:26:37 GMT"
        ],
        "Content-Length": [
          "961"
        ],
        "Content-Type": [
          "application/json; charset=utf-8"
        ],
        "Expires": [
          "-1"
        ]
      },
      "ResponseBody": "{\r\n  \"name\": \"ps1371\",\r\n  \"id\": \"/subscriptions/0fd190fa-dd1c-4724-b7f6-c5cc3ba5c884/resourceGroups/ps408/providers/Microsoft.Network/networkManagers/ps1371\",\r\n  \"location\": \"centraluseuap\",\r\n  \"type\": \"Microsoft.Network/networkManagers\",\r\n  \"tags\": {},\r\n  \"etag\": \"\\\"0300ea6e-0000-3300-0000-62f4a11e0000\\\"\",\r\n  \"properties\": {\r\n    \"displayName\": \"\",\r\n    \"description\": \"\",\r\n    \"networkManagerScopes\": {\r\n      \"managementGroups\": [\r\n        \"/providers/Microsoft.Management/managementGroups/PowerShellTest\"\r\n      ],\r\n      \"subscriptions\": [\r\n        \"/subscriptions/0fd190fa-dd1c-4724-b7f6-c5cc3ba5c884\"\r\n      ],\r\n      \"crossTenantScopes\": []\r\n    },\r\n    \"provisioningState\": \"Succeeded\",\r\n    \"networkManagerScopeAccesses\": [\r\n      \"Connectivity\",\r\n      \"SecurityAdmin\"\r\n    ],\r\n    \"resourceGuid\": \"0f8b41fc-68fb-4cd9-9615-dc13875ea57d\"\r\n  },\r\n  \"systemData\": {\r\n    \"createdBy\": \"cc1c7bb7-f3c4-4236-9ae6-39e276ea7d2b\",\r\n    \"createdByType\": \"Application\",\r\n    \"createdAt\": \"2022-08-11T06:26:32.2783328Z\",\r\n    \"lastModifiedBy\": \"cc1c7bb7-f3c4-4236-9ae6-39e276ea7d2b\",\r\n    \"lastModifiedByType\": \"Application\",\r\n    \"lastModifiedAt\": \"2022-08-11T06:26:38.1000633Z\"\r\n  }\r\n}",
      "StatusCode": 200
    },
    {
      "RequestUri": "/subscriptions/0fd190fa-dd1c-4724-b7f6-c5cc3ba5c884/resourceGroups/ps408/providers/Microsoft.Network/networkManagers/ps1371?api-version=2022-01-01",
      "EncodedRequestUri": "L3N1YnNjcmlwdGlvbnMvMGZkMTkwZmEtZGQxYy00NzI0LWI3ZjYtYzVjYzNiYTVjODg0L3Jlc291cmNlR3JvdXBzL3BzNDA4L3Byb3ZpZGVycy9NaWNyb3NvZnQuTmV0d29yay9uZXR3b3JrTWFuYWdlcnMvcHMxMzcxP2FwaS12ZXJzaW9uPTIwMjItMDEtMDE=",
      "RequestMethod": "PUT",
      "RequestHeaders": {
        "x-ms-client-request-id": [
          "20a1a67e-ae1d-4740-9e0e-e0f51f42e048"
        ],
        "Accept-Language": [
          "en-US"
        ],
        "User-Agent": [
          "FxVersion/4.700.22.36202",
          "OSName/Windows",
          "OSVersion/Microsoft.Windows.10.0.19044",
          "Microsoft.Azure.Management.Network.NetworkManagementClient/23.0.0.0"
        ],
        "Content-Type": [
          "application/json; charset=utf-8"
        ],
        "Content-Length": [
          "378"
        ]
      },
      "RequestBody": "{\r\n  \"properties\": {\r\n    \"networkManagerScopes\": {\r\n      \"managementGroups\": [\r\n        \"/providers/Microsoft.Management/managementGroups/PowerShellTest\"\r\n      ],\r\n      \"subscriptions\": [\r\n        \"/subscriptions/0fd190fa-dd1c-4724-b7f6-c5cc3ba5c884\"\r\n      ]\r\n    },\r\n    \"networkManagerScopeAccesses\": [\r\n      \"Connectivity\"\r\n    ]\r\n  },\r\n  \"location\": \"centraluseuap\"\r\n}",
      "ResponseHeaders": {
        "Cache-Control": [
          "no-cache"
        ],
        "Pragma": [
          "no-cache"
        ],
        "x-ms-ratelimit-remaining-subscription-writes": [
          "1199"
        ],
        "Strict-Transport-Security": [
          "max-age=31536000; includeSubDomains"
        ],
        "Server": [
          "Kestrel"
        ],
        "x-ms-request-id": [
          "707fc094-455b-4b1b-8f4c-aaf4bf7683ed"
        ],
        "x-ms-correlation-request-id": [
          "707fc094-455b-4b1b-8f4c-aaf4bf7683ed"
        ],
        "x-ms-routing-request-id": [
          "WESTCENTRALUS:20220811T062633Z:707fc094-455b-4b1b-8f4c-aaf4bf7683ed"
        ],
        "X-Content-Type-Options": [
          "nosniff"
        ],
        "Date": [
          "Thu, 11 Aug 2022 06:26:33 GMT"
        ],
        "Content-Length": [
          "905"
        ],
        "Content-Type": [
          "application/json; charset=utf-8"
        ],
        "Expires": [
          "-1"
        ]
      },
      "ResponseBody": "{\r\n  \"name\": \"ps1371\",\r\n  \"id\": \"/subscriptions/0fd190fa-dd1c-4724-b7f6-c5cc3ba5c884/resourceGroups/ps408/providers/Microsoft.Network/networkManagers/ps1371\",\r\n  \"location\": \"centraluseuap\",\r\n  \"type\": \"Microsoft.Network/networkManagers\",\r\n  \"tags\": {},\r\n  \"etag\": \"\",\r\n  \"properties\": {\r\n    \"displayName\": \"\",\r\n    \"description\": \"\",\r\n    \"networkManagerScopes\": {\r\n      \"managementGroups\": [\r\n        \"/providers/Microsoft.Management/managementGroups/PowerShellTest\"\r\n      ],\r\n      \"subscriptions\": [\r\n        \"/subscriptions/0fd190fa-dd1c-4724-b7f6-c5cc3ba5c884\"\r\n      ],\r\n      \"crossTenantScopes\": []\r\n    },\r\n    \"provisioningState\": \"Succeeded\",\r\n    \"networkManagerScopeAccesses\": [\r\n      \"Connectivity\"\r\n    ],\r\n    \"resourceGuid\": \"0f8b41fc-68fb-4cd9-9615-dc13875ea57d\"\r\n  },\r\n  \"systemData\": {\r\n    \"createdBy\": \"cc1c7bb7-f3c4-4236-9ae6-39e276ea7d2b\",\r\n    \"createdByType\": \"Application\",\r\n    \"createdAt\": \"2022-08-11T06:26:32.2783328Z\",\r\n    \"lastModifiedBy\": \"cc1c7bb7-f3c4-4236-9ae6-39e276ea7d2b\",\r\n    \"lastModifiedByType\": \"Application\",\r\n    \"lastModifiedAt\": \"2022-08-11T06:26:32.2783328Z\"\r\n  }\r\n}",
      "StatusCode": 200
    },
    {
      "RequestUri": "/subscriptions/0fd190fa-dd1c-4724-b7f6-c5cc3ba5c884/resourceGroups/ps408/providers/Microsoft.Network/networkManagers/ps1371?api-version=2022-01-01",
      "EncodedRequestUri": "L3N1YnNjcmlwdGlvbnMvMGZkMTkwZmEtZGQxYy00NzI0LWI3ZjYtYzVjYzNiYTVjODg0L3Jlc291cmNlR3JvdXBzL3BzNDA4L3Byb3ZpZGVycy9NaWNyb3NvZnQuTmV0d29yay9uZXR3b3JrTWFuYWdlcnMvcHMxMzcxP2FwaS12ZXJzaW9uPTIwMjItMDEtMDE=",
      "RequestMethod": "PUT",
      "RequestHeaders": {
        "x-ms-client-request-id": [
          "fd0d5394-be23-401b-95e4-327ac42bd149"
        ],
        "Accept-Language": [
          "en-US"
        ],
        "User-Agent": [
          "FxVersion/4.700.22.36202",
          "OSName/Windows",
          "OSVersion/Microsoft.Windows.10.0.19044",
          "Microsoft.Azure.Management.Network.NetworkManagementClient/23.0.0.0"
        ],
        "Content-Type": [
          "application/json; charset=utf-8"
        ],
        "Content-Length": [
          "577"
        ]
      },
      "RequestBody": "{\r\n  \"properties\": {\r\n    \"description\": \"\",\r\n    \"networkManagerScopes\": {\r\n      \"managementGroups\": [\r\n        \"/providers/Microsoft.Management/managementGroups/PowerShellTest\"\r\n      ],\r\n      \"subscriptions\": [\r\n        \"/subscriptions/0fd190fa-dd1c-4724-b7f6-c5cc3ba5c884\"\r\n      ]\r\n    },\r\n    \"networkManagerScopeAccesses\": [\r\n      \"Connectivity\",\r\n      \"SecurityAdmin\"\r\n    ]\r\n  },\r\n  \"id\": \"/subscriptions/0fd190fa-dd1c-4724-b7f6-c5cc3ba5c884/resourceGroups/ps408/providers/Microsoft.Network/networkManagers/ps1371\",\r\n  \"location\": \"centraluseuap\",\r\n  \"tags\": {}\r\n}",
      "ResponseHeaders": {
        "Cache-Control": [
          "no-cache"
        ],
        "Pragma": [
          "no-cache"
        ],
        "x-ms-ratelimit-remaining-subscription-writes": [
          "1199"
        ],
        "Strict-Transport-Security": [
          "max-age=31536000; includeSubDomains"
        ],
        "Server": [
          "Kestrel"
        ],
        "x-ms-request-id": [
          "b9faf70e-5d10-4ca1-bc1a-efd1388e24a3"
        ],
        "x-ms-correlation-request-id": [
          "b9faf70e-5d10-4ca1-bc1a-efd1388e24a3"
        ],
        "x-ms-routing-request-id": [
          "WESTCENTRALUS:20220811T062638Z:b9faf70e-5d10-4ca1-bc1a-efd1388e24a3"
        ],
        "X-Content-Type-Options": [
          "nosniff"
        ],
        "Date": [
          "Thu, 11 Aug 2022 06:26:37 GMT"
        ],
        "Content-Length": [
          "921"
        ],
        "Content-Type": [
          "application/json; charset=utf-8"
        ],
        "Expires": [
          "-1"
        ]
      },
      "ResponseBody": "{\r\n  \"name\": \"ps1371\",\r\n  \"id\": \"/subscriptions/0fd190fa-dd1c-4724-b7f6-c5cc3ba5c884/resourceGroups/ps408/providers/Microsoft.Network/networkManagers/ps1371\",\r\n  \"location\": \"centraluseuap\",\r\n  \"type\": \"Microsoft.Network/networkManagers\",\r\n  \"tags\": {},\r\n  \"etag\": \"\",\r\n  \"properties\": {\r\n    \"displayName\": \"\",\r\n    \"description\": \"\",\r\n    \"networkManagerScopes\": {\r\n      \"managementGroups\": [\r\n        \"/providers/Microsoft.Management/managementGroups/PowerShellTest\"\r\n      ],\r\n      \"subscriptions\": [\r\n        \"/subscriptions/0fd190fa-dd1c-4724-b7f6-c5cc3ba5c884\"\r\n      ],\r\n      \"crossTenantScopes\": []\r\n    },\r\n    \"provisioningState\": \"Succeeded\",\r\n    \"networkManagerScopeAccesses\": [\r\n      \"Connectivity\",\r\n      \"SecurityAdmin\"\r\n    ],\r\n    \"resourceGuid\": \"0f8b41fc-68fb-4cd9-9615-dc13875ea57d\"\r\n  },\r\n  \"systemData\": {\r\n    \"createdBy\": \"cc1c7bb7-f3c4-4236-9ae6-39e276ea7d2b\",\r\n    \"createdByType\": \"Application\",\r\n    \"createdAt\": \"2022-08-11T06:26:32.2783328Z\",\r\n    \"lastModifiedBy\": \"cc1c7bb7-f3c4-4236-9ae6-39e276ea7d2b\",\r\n    \"lastModifiedByType\": \"Application\",\r\n    \"lastModifiedAt\": \"2022-08-11T06:26:38.1000633Z\"\r\n  }\r\n}",
      "StatusCode": 200
    },
    {
      "RequestUri": "/subscriptions/0fd190fa-dd1c-4724-b7f6-c5cc3ba5c884/resourceGroups/ps408/providers/Microsoft.Network/networkManagers/ps1371?force=true&api-version=2022-01-01",
      "EncodedRequestUri": "L3N1YnNjcmlwdGlvbnMvMGZkMTkwZmEtZGQxYy00NzI0LWI3ZjYtYzVjYzNiYTVjODg0L3Jlc291cmNlR3JvdXBzL3BzNDA4L3Byb3ZpZGVycy9NaWNyb3NvZnQuTmV0d29yay9uZXR3b3JrTWFuYWdlcnMvcHMxMzcxP2ZvcmNlPXRydWUmYXBpLXZlcnNpb249MjAyMi0wMS0wMQ==",
      "RequestMethod": "DELETE",
      "RequestHeaders": {
        "x-ms-client-request-id": [
          "637d355e-505a-40c3-99b6-c87cdc28291c"
        ],
        "Accept-Language": [
          "en-US"
        ],
        "User-Agent": [
          "FxVersion/4.700.22.36202",
          "OSName/Windows",
          "OSVersion/Microsoft.Windows.10.0.19044",
          "Microsoft.Azure.Management.Network.NetworkManagementClient/23.0.0.0"
        ]
      },
      "RequestBody": "",
      "ResponseHeaders": {
        "Cache-Control": [
          "no-cache"
        ],
        "Pragma": [
          "no-cache"
        ],
        "Strict-Transport-Security": [
          "max-age=31536000; includeSubDomains"
        ],
        "Server": [
          "Kestrel"
        ],
        "x-ms-ratelimit-remaining-subscription-deletes": [
          "14999"
        ],
        "x-ms-request-id": [
          "b9beece0-7a61-442d-ba08-31b5284685c0"
        ],
        "x-ms-correlation-request-id": [
          "b9beece0-7a61-442d-ba08-31b5284685c0"
        ],
        "x-ms-routing-request-id": [
          "WESTCENTRALUS:20220811T062642Z:b9beece0-7a61-442d-ba08-31b5284685c0"
        ],
        "X-Content-Type-Options": [
          "nosniff"
        ],
        "Date": [
          "Thu, 11 Aug 2022 06:26:41 GMT"
        ],
        "Expires": [
          "-1"
        ],
        "Content-Length": [
          "0"
        ]
      },
      "ResponseBody": "",
      "StatusCode": 200
    },
    {
      "RequestUri": "/subscriptions/0fd190fa-dd1c-4724-b7f6-c5cc3ba5c884/resourcegroups/ps408?api-version=2016-09-01",
      "EncodedRequestUri": "L3N1YnNjcmlwdGlvbnMvMGZkMTkwZmEtZGQxYy00NzI0LWI3ZjYtYzVjYzNiYTVjODg0L3Jlc291cmNlZ3JvdXBzL3BzNDA4P2FwaS12ZXJzaW9uPTIwMTYtMDktMDE=",
      "RequestMethod": "DELETE",
      "RequestHeaders": {
        "x-ms-client-request-id": [
          "61d91376-9a3a-46a8-8c30-f7b811f60f65"
        ],
        "Accept-Language": [
          "en-US"
        ],
        "User-Agent": [
          "FxVersion/4.700.22.36202",
          "OSName/Windows",
          "OSVersion/Microsoft.Windows.10.0.19044",
          "Microsoft.Azure.Management.Internal.Resources.ResourceManagementClient/1.3.59"
        ]
      },
      "RequestBody": "",
      "ResponseHeaders": {
        "Cache-Control": [
          "no-cache"
        ],
        "Pragma": [
          "no-cache"
        ],
        "Location": [
          "https://management.azure.com/subscriptions/0fd190fa-dd1c-4724-b7f6-c5cc3ba5c884/operationresults/eyJqb2JJZCI6IlJFU09VUkNFR1JPVVBERUxFVElPTkpPQi1QUzQwOC1DRU5UUkFMVVNFVUFQIiwiam9iTG9jYXRpb24iOiJjZW50cmFsdXNldWFwIn0?api-version=2016-09-01"
        ],
        "Retry-After": [
          "15"
        ],
        "x-ms-ratelimit-remaining-subscription-deletes": [
          "14999"
        ],
        "x-ms-request-id": [
          "c587d796-c8e7-421f-8a20-182d1d1c18e3"
        ],
        "x-ms-correlation-request-id": [
          "c587d796-c8e7-421f-8a20-182d1d1c18e3"
        ],
        "x-ms-routing-request-id": [
          "WESTCENTRALUS:20220811T062644Z:c587d796-c8e7-421f-8a20-182d1d1c18e3"
        ],
        "Strict-Transport-Security": [
          "max-age=31536000; includeSubDomains"
        ],
        "X-Content-Type-Options": [
          "nosniff"
        ],
        "Date": [
          "Thu, 11 Aug 2022 06:26:44 GMT"
        ],
        "Expires": [
          "-1"
        ],
        "Content-Length": [
          "0"
        ]
      },
      "ResponseBody": "",
      "StatusCode": 202
    },
    {
      "RequestUri": "/subscriptions/0fd190fa-dd1c-4724-b7f6-c5cc3ba5c884/operationresults/eyJqb2JJZCI6IlJFU09VUkNFR1JPVVBERUxFVElPTkpPQi1QUzQwOC1DRU5UUkFMVVNFVUFQIiwiam9iTG9jYXRpb24iOiJjZW50cmFsdXNldWFwIn0?api-version=2016-09-01",
      "EncodedRequestUri": "L3N1YnNjcmlwdGlvbnMvMGZkMTkwZmEtZGQxYy00NzI0LWI3ZjYtYzVjYzNiYTVjODg0L29wZXJhdGlvbnJlc3VsdHMvZXlKcWIySkpaQ0k2SWxKRlUwOVZVa05GUjFKUFZWQkVSVXhGVkVsUFRrcFBRaTFRVXpRd09DMURSVTVVVWtGTVZWTkZWVUZRSWl3aWFtOWlURzlqWVhScGIyNGlPaUpqWlc1MGNtRnNkWE5sZFdGd0luMD9hcGktdmVyc2lvbj0yMDE2LTA5LTAx",
      "RequestMethod": "GET",
      "RequestHeaders": {
        "User-Agent": [
          "FxVersion/4.700.22.36202",
          "OSName/Windows",
          "OSVersion/Microsoft.Windows.10.0.19044",
          "Microsoft.Azure.Management.Internal.Resources.ResourceManagementClient/1.3.59"
        ]
      },
      "RequestBody": "",
      "ResponseHeaders": {
        "Cache-Control": [
          "no-cache"
        ],
        "Pragma": [
          "no-cache"
        ],
        "x-ms-ratelimit-remaining-subscription-reads": [
          "11999"
        ],
        "x-ms-request-id": [
          "1315a20e-1b91-4e99-a202-8cde535234ab"
        ],
        "x-ms-correlation-request-id": [
          "1315a20e-1b91-4e99-a202-8cde535234ab"
        ],
        "x-ms-routing-request-id": [
          "WESTCENTRALUS:20220811T062659Z:1315a20e-1b91-4e99-a202-8cde535234ab"
        ],
        "Strict-Transport-Security": [
          "max-age=31536000; includeSubDomains"
        ],
        "X-Content-Type-Options": [
          "nosniff"
        ],
        "Date": [
          "Thu, 11 Aug 2022 06:26:59 GMT"
        ],
        "Expires": [
          "-1"
        ],
        "Content-Length": [
          "0"
        ]
      },
      "ResponseBody": "",
      "StatusCode": 200
    },
    {
      "RequestUri": "/subscriptions/0fd190fa-dd1c-4724-b7f6-c5cc3ba5c884/operationresults/eyJqb2JJZCI6IlJFU09VUkNFR1JPVVBERUxFVElPTkpPQi1QUzQwOC1DRU5UUkFMVVNFVUFQIiwiam9iTG9jYXRpb24iOiJjZW50cmFsdXNldWFwIn0?api-version=2016-09-01",
      "EncodedRequestUri": "L3N1YnNjcmlwdGlvbnMvMGZkMTkwZmEtZGQxYy00NzI0LWI3ZjYtYzVjYzNiYTVjODg0L29wZXJhdGlvbnJlc3VsdHMvZXlKcWIySkpaQ0k2SWxKRlUwOVZVa05GUjFKUFZWQkVSVXhGVkVsUFRrcFBRaTFRVXpRd09DMURSVTVVVWtGTVZWTkZWVUZRSWl3aWFtOWlURzlqWVhScGIyNGlPaUpqWlc1MGNtRnNkWE5sZFdGd0luMD9hcGktdmVyc2lvbj0yMDE2LTA5LTAx",
      "RequestMethod": "GET",
      "RequestHeaders": {
        "User-Agent": [
          "FxVersion/4.700.22.36202",
          "OSName/Windows",
          "OSVersion/Microsoft.Windows.10.0.19044",
          "Microsoft.Azure.Management.Internal.Resources.ResourceManagementClient/1.3.59"
        ]
      },
      "RequestBody": "",
      "ResponseHeaders": {
        "Cache-Control": [
          "no-cache"
        ],
        "Pragma": [
          "no-cache"
        ],
        "x-ms-ratelimit-remaining-subscription-reads": [
          "11998"
        ],
        "x-ms-request-id": [
          "832bea9b-7fe5-452c-987b-1391de24e457"
        ],
        "x-ms-correlation-request-id": [
          "832bea9b-7fe5-452c-987b-1391de24e457"
        ],
        "x-ms-routing-request-id": [
          "WESTCENTRALUS:20220811T062659Z:832bea9b-7fe5-452c-987b-1391de24e457"
        ],
        "Strict-Transport-Security": [
          "max-age=31536000; includeSubDomains"
        ],
        "X-Content-Type-Options": [
          "nosniff"
        ],
        "Date": [
          "Thu, 11 Aug 2022 06:26:59 GMT"
        ],
        "Expires": [
          "-1"
        ],
        "Content-Length": [
          "0"
        ]
      },
      "ResponseBody": "",
      "StatusCode": 200
    }
  ],
  "Names": {
    "Test-NetworkManagerCRUD": [
      "ps408",
      "ps1371"
    ]
  },
  "Variables": {
    "SubscriptionId": "0fd190fa-dd1c-4724-b7f6-c5cc3ba5c884"
  }
}