{
  "Entries": [
    {
      "RequestUri": "/subscriptions/0fd190fa-dd1c-4724-b7f6-c5cc3ba5c884/resourcegroups/ps2176?api-version=2016-09-01",
      "EncodedRequestUri": "L3N1YnNjcmlwdGlvbnMvMGZkMTkwZmEtZGQxYy00NzI0LWI3ZjYtYzVjYzNiYTVjODg0L3Jlc291cmNlZ3JvdXBzL3BzMjE3Nj9hcGktdmVyc2lvbj0yMDE2LTA5LTAx",
      "RequestMethod": "PUT",
      "RequestHeaders": {
        "x-ms-client-request-id": [
          "3a518b7b-67b7-4841-9ca3-4d3afd2623d2"
        ],
        "Accept-Language": [
          "en-US"
        ],
        "User-Agent": [
          "FxVersion/4.700.22.30802",
          "OSName/Windows",
          "OSVersion/Microsoft.Windows.10.0.19044",
          "Microsoft.Azure.Management.Internal.Resources.ResourceManagementClient/1.3.59"
        ],
        "Content-Type": [
          "application/json; charset=utf-8"
        ],
        "Content-Length": [
          "80"
        ]
      },
      "RequestBody": "{\r\n  \"location\": \"centraluseuap\",\r\n  \"tags\": {\r\n    \"testtag\": \"testval\"\r\n  }\r\n}",
      "ResponseHeaders": {
        "Cache-Control": [
          "no-cache"
        ],
        "Pragma": [
          "no-cache"
        ],
        "x-ms-ratelimit-remaining-subscription-writes": [
          "1199"
        ],
        "x-ms-request-id": [
          "15570cd4-7fe0-453c-b3c0-ac76a73499c9"
        ],
        "x-ms-correlation-request-id": [
          "15570cd4-7fe0-453c-b3c0-ac76a73499c9"
        ],
        "x-ms-routing-request-id": [
          "WESTUS:20220807T032048Z:15570cd4-7fe0-453c-b3c0-ac76a73499c9"
        ],
        "Strict-Transport-Security": [
          "max-age=31536000; includeSubDomains"
        ],
        "X-Content-Type-Options": [
          "nosniff"
        ],
        "Date": [
          "Sun, 07 Aug 2022 03:20:47 GMT"
        ],
        "Content-Length": [
          "201"
        ],
        "Content-Type": [
          "application/json; charset=utf-8"
        ],
        "Expires": [
          "-1"
        ]
      },
      "ResponseBody": "{\r\n  \"id\": \"/subscriptions/0fd190fa-dd1c-4724-b7f6-c5cc3ba5c884/resourceGroups/ps2176\",\r\n  \"name\": \"ps2176\",\r\n  \"location\": \"centraluseuap\",\r\n  \"tags\": {\r\n    \"testtag\": \"testval\"\r\n  },\r\n  \"properties\": {\r\n    \"provisioningState\": \"Succeeded\"\r\n  }\r\n}",
      "StatusCode": 201
    },
    {
      "RequestUri": "/subscriptions/0fd190fa-dd1c-4724-b7f6-c5cc3ba5c884/resourceGroups/ps2176/providers/Microsoft.Network/networkManagers/ps4216?api-version=2022-01-01",
      "EncodedRequestUri": "L3N1YnNjcmlwdGlvbnMvMGZkMTkwZmEtZGQxYy00NzI0LWI3ZjYtYzVjYzNiYTVjODg0L3Jlc291cmNlR3JvdXBzL3BzMjE3Ni9wcm92aWRlcnMvTWljcm9zb2Z0Lk5ldHdvcmsvbmV0d29ya01hbmFnZXJzL3BzNDIxNj9hcGktdmVyc2lvbj0yMDIyLTAxLTAx",
      "RequestMethod": "GET",
      "RequestHeaders": {
        "x-ms-client-request-id": [
          "4244be93-bf8e-4c8e-ad48-b10d41546159"
        ],
        "Accept-Language": [
          "en-US"
        ],
        "User-Agent": [
          "FxVersion/4.700.22.30802",
          "OSName/Windows",
          "OSVersion/Microsoft.Windows.10.0.19044",
          "Microsoft.Azure.Management.Network.NetworkManagementClient/23.0.0.0"
        ]
      },
      "RequestBody": "",
      "ResponseHeaders": {
        "Cache-Control": [
          "no-cache"
        ],
        "Pragma": [
          "no-cache"
        ],
        "x-ms-failure-cause": [
          "gateway"
        ],
        "x-ms-request-id": [
          "41f5c0fe-8c7e-42e5-b154-59c78271dfd2"
        ],
        "x-ms-correlation-request-id": [
          "41f5c0fe-8c7e-42e5-b154-59c78271dfd2"
        ],
        "x-ms-routing-request-id": [
          "WESTUS:20220807T032050Z:41f5c0fe-8c7e-42e5-b154-59c78271dfd2"
        ],
        "Strict-Transport-Security": [
          "max-age=31536000; includeSubDomains"
        ],
        "X-Content-Type-Options": [
          "nosniff"
        ],
        "Date": [
          "Sun, 07 Aug 2022 03:20:49 GMT"
        ],
        "Content-Type": [
          "application/json; charset=utf-8"
        ],
        "Expires": [
          "-1"
        ],
        "Content-Length": [
          "218"
        ]
      },
      "ResponseBody": "{\r\n  \"error\": {\r\n    \"code\": \"ResourceNotFound\",\r\n    \"message\": \"The Resource 'Microsoft.Network/networkManagers/ps4216' under resource group 'ps2176' was not found. For more details please go to https://aka.ms/ARMResourceNotFoundFix\"\r\n  }\r\n}",
      "StatusCode": 404
    },
    {
      "RequestUri": "/subscriptions/0fd190fa-dd1c-4724-b7f6-c5cc3ba5c884/resourceGroups/ps2176/providers/Microsoft.Network/networkManagers/ps4216?api-version=2022-01-01",
      "EncodedRequestUri": "L3N1YnNjcmlwdGlvbnMvMGZkMTkwZmEtZGQxYy00NzI0LWI3ZjYtYzVjYzNiYTVjODg0L3Jlc291cmNlR3JvdXBzL3BzMjE3Ni9wcm92aWRlcnMvTWljcm9zb2Z0Lk5ldHdvcmsvbmV0d29ya01hbmFnZXJzL3BzNDIxNj9hcGktdmVyc2lvbj0yMDIyLTAxLTAx",
      "RequestMethod": "GET",
      "RequestHeaders": {
        "x-ms-client-request-id": [
          "1f5ecf9f-a2e7-4537-8b65-45290bf222ad"
        ],
        "Accept-Language": [
          "en-US"
        ],
        "User-Agent": [
          "FxVersion/4.700.22.30802",
          "OSName/Windows",
          "OSVersion/Microsoft.Windows.10.0.19044",
          "Microsoft.Azure.Management.Network.NetworkManagementClient/23.0.0.0"
        ]
      },
      "RequestBody": "",
      "ResponseHeaders": {
        "Cache-Control": [
          "no-cache"
        ],
        "Pragma": [
          "no-cache"
        ],
        "x-ms-ratelimit-remaining-subscription-reads": [
          "11999"
        ],
        "Strict-Transport-Security": [
          "max-age=31536000; includeSubDomains"
        ],
        "Server": [
          "Kestrel"
        ],
        "x-ms-request-id": [
          "f0efc84a-adc5-4f2c-a984-1777327e61f7"
        ],
        "x-ms-correlation-request-id": [
          "f0efc84a-adc5-4f2c-a984-1777327e61f7"
        ],
        "x-ms-routing-request-id": [
          "WESTUS:20220807T032058Z:f0efc84a-adc5-4f2c-a984-1777327e61f7"
        ],
        "X-Content-Type-Options": [
          "nosniff"
        ],
        "Date": [
          "Sun, 07 Aug 2022 03:20:57 GMT"
        ],
        "Content-Length": [
          "946"
        ],
        "Content-Type": [
          "application/json; charset=utf-8"
        ],
        "Expires": [
          "-1"
        ]
      },
      "ResponseBody": "{\r\n  \"name\": \"ps4216\",\r\n  \"id\": \"/subscriptions/0fd190fa-dd1c-4724-b7f6-c5cc3ba5c884/resourceGroups/ps2176/providers/Microsoft.Network/networkManagers/ps4216\",\r\n  \"location\": \"centraluseuap\",\r\n  \"type\": \"Microsoft.Network/networkManagers\",\r\n  \"tags\": {},\r\n  \"etag\": \"\\\"00005bac-0000-3300-0000-62ef2f970000\\\"\",\r\n  \"properties\": {\r\n    \"displayName\": \"\",\r\n    \"description\": \"\",\r\n    \"networkManagerScopes\": {\r\n      \"managementGroups\": [\r\n        \"/providers/Microsoft.Management/managementGroups/PowerShellTest\"\r\n      ],\r\n      \"subscriptions\": [\r\n        \"/subscriptions/0fd190fa-dd1c-4724-b7f6-c5cc3ba5c884\"\r\n      ],\r\n      \"crossTenantScopes\": []\r\n    },\r\n    \"provisioningState\": \"Succeeded\",\r\n    \"networkManagerScopeAccesses\": [\r\n      \"Connectivity\"\r\n    ],\r\n    \"resourceGuid\": \"0cbb504f-3fbb-4d09-ac7d-35ba3a6e4c84\"\r\n  },\r\n  \"systemData\": {\r\n    \"createdBy\": \"cc1c7bb7-f3c4-4236-9ae6-39e276ea7d2b\",\r\n    \"createdByType\": \"Application\",\r\n    \"createdAt\": \"2022-08-07T03:20:53.9679329Z\",\r\n    \"lastModifiedBy\": \"cc1c7bb7-f3c4-4236-9ae6-39e276ea7d2b\",\r\n    \"lastModifiedByType\": \"Application\",\r\n    \"lastModifiedAt\": \"2022-08-07T03:20:53.9679329Z\"\r\n  }\r\n}",
      "StatusCode": 200
    },
    {
      "RequestUri": "/subscriptions/0fd190fa-dd1c-4724-b7f6-c5cc3ba5c884/resourceGroups/ps2176/providers/Microsoft.Network/networkManagers/ps4216?api-version=2022-01-01",
      "EncodedRequestUri": "L3N1YnNjcmlwdGlvbnMvMGZkMTkwZmEtZGQxYy00NzI0LWI3ZjYtYzVjYzNiYTVjODg0L3Jlc291cmNlR3JvdXBzL3BzMjE3Ni9wcm92aWRlcnMvTWljcm9zb2Z0Lk5ldHdvcmsvbmV0d29ya01hbmFnZXJzL3BzNDIxNj9hcGktdmVyc2lvbj0yMDIyLTAxLTAx",
      "RequestMethod": "GET",
      "RequestHeaders": {
        "x-ms-client-request-id": [
          "9cad6fd3-ef80-42cd-b274-66becf028e51"
        ],
        "Accept-Language": [
          "en-US"
        ],
        "User-Agent": [
          "FxVersion/4.700.22.30802",
          "OSName/Windows",
          "OSVersion/Microsoft.Windows.10.0.19044",
          "Microsoft.Azure.Management.Network.NetworkManagementClient/23.0.0.0"
        ]
      },
      "RequestBody": "",
      "ResponseHeaders": {
        "Cache-Control": [
          "no-cache"
        ],
        "Pragma": [
          "no-cache"
        ],
        "x-ms-ratelimit-remaining-subscription-reads": [
          "11999"
        ],
        "Strict-Transport-Security": [
          "max-age=31536000; includeSubDomains"
        ],
        "Server": [
          "Kestrel"
        ],
        "x-ms-request-id": [
          "96ae6d25-51e1-4965-aee4-6430512193c1"
        ],
        "x-ms-correlation-request-id": [
          "96ae6d25-51e1-4965-aee4-6430512193c1"
        ],
        "x-ms-routing-request-id": [
          "WESTUS:20220807T032059Z:96ae6d25-51e1-4965-aee4-6430512193c1"
        ],
        "X-Content-Type-Options": [
          "nosniff"
        ],
        "Date": [
          "Sun, 07 Aug 2022 03:20:58 GMT"
        ],
        "Content-Length": [
          "946"
        ],
        "Content-Type": [
          "application/json; charset=utf-8"
        ],
        "Expires": [
          "-1"
        ]
      },
      "ResponseBody": "{\r\n  \"name\": \"ps4216\",\r\n  \"id\": \"/subscriptions/0fd190fa-dd1c-4724-b7f6-c5cc3ba5c884/resourceGroups/ps2176/providers/Microsoft.Network/networkManagers/ps4216\",\r\n  \"location\": \"centraluseuap\",\r\n  \"type\": \"Microsoft.Network/networkManagers\",\r\n  \"tags\": {},\r\n  \"etag\": \"\\\"00005bac-0000-3300-0000-62ef2f970000\\\"\",\r\n  \"properties\": {\r\n    \"displayName\": \"\",\r\n    \"description\": \"\",\r\n    \"networkManagerScopes\": {\r\n      \"managementGroups\": [\r\n        \"/providers/Microsoft.Management/managementGroups/PowerShellTest\"\r\n      ],\r\n      \"subscriptions\": [\r\n        \"/subscriptions/0fd190fa-dd1c-4724-b7f6-c5cc3ba5c884\"\r\n      ],\r\n      \"crossTenantScopes\": []\r\n    },\r\n    \"provisioningState\": \"Succeeded\",\r\n    \"networkManagerScopeAccesses\": [\r\n      \"Connectivity\"\r\n    ],\r\n    \"resourceGuid\": \"0cbb504f-3fbb-4d09-ac7d-35ba3a6e4c84\"\r\n  },\r\n  \"systemData\": {\r\n    \"createdBy\": \"cc1c7bb7-f3c4-4236-9ae6-39e276ea7d2b\",\r\n    \"createdByType\": \"Application\",\r\n    \"createdAt\": \"2022-08-07T03:20:53.9679329Z\",\r\n    \"lastModifiedBy\": \"cc1c7bb7-f3c4-4236-9ae6-39e276ea7d2b\",\r\n    \"lastModifiedByType\": \"Application\",\r\n    \"lastModifiedAt\": \"2022-08-07T03:20:53.9679329Z\"\r\n  }\r\n}",
      "StatusCode": 200
    },
    {
      "RequestUri": "/subscriptions/0fd190fa-dd1c-4724-b7f6-c5cc3ba5c884/resourceGroups/ps2176/providers/Microsoft.Network/networkManagers/ps4216?api-version=2022-01-01",
      "EncodedRequestUri": "L3N1YnNjcmlwdGlvbnMvMGZkMTkwZmEtZGQxYy00NzI0LWI3ZjYtYzVjYzNiYTVjODg0L3Jlc291cmNlR3JvdXBzL3BzMjE3Ni9wcm92aWRlcnMvTWljcm9zb2Z0Lk5ldHdvcmsvbmV0d29ya01hbmFnZXJzL3BzNDIxNj9hcGktdmVyc2lvbj0yMDIyLTAxLTAx",
      "RequestMethod": "PUT",
      "RequestHeaders": {
        "x-ms-client-request-id": [
          "4244be93-bf8e-4c8e-ad48-b10d41546159"
        ],
        "Accept-Language": [
          "en-US"
        ],
        "User-Agent": [
          "FxVersion/4.700.22.30802",
          "OSName/Windows",
          "OSVersion/Microsoft.Windows.10.0.19044",
          "Microsoft.Azure.Management.Network.NetworkManagementClient/23.0.0.0"
        ],
        "Content-Type": [
          "application/json; charset=utf-8"
        ],
        "Content-Length": [
          "378"
        ]
      },
      "RequestBody": "{\r\n  \"properties\": {\r\n    \"networkManagerScopes\": {\r\n      \"managementGroups\": [\r\n        \"/providers/Microsoft.Management/managementGroups/PowerShellTest\"\r\n      ],\r\n      \"subscriptions\": [\r\n        \"/subscriptions/0fd190fa-dd1c-4724-b7f6-c5cc3ba5c884\"\r\n      ]\r\n    },\r\n    \"networkManagerScopeAccesses\": [\r\n      \"Connectivity\"\r\n    ]\r\n  },\r\n  \"location\": \"centraluseuap\"\r\n}",
      "ResponseHeaders": {
        "Cache-Control": [
          "no-cache"
        ],
        "Pragma": [
          "no-cache"
        ],
        "x-ms-ratelimit-remaining-subscription-writes": [
          "1199"
        ],
        "Strict-Transport-Security": [
          "max-age=31536000; includeSubDomains"
        ],
        "Server": [
          "Kestrel"
        ],
        "x-ms-request-id": [
          "f263b737-9980-4c38-ae26-b73dafdb8df4"
        ],
        "x-ms-correlation-request-id": [
          "f263b737-9980-4c38-ae26-b73dafdb8df4"
        ],
        "x-ms-routing-request-id": [
          "WESTUS:20220807T032055Z:f263b737-9980-4c38-ae26-b73dafdb8df4"
        ],
        "X-Content-Type-Options": [
          "nosniff"
        ],
        "Date": [
          "Sun, 07 Aug 2022 03:20:55 GMT"
        ],
        "Content-Length": [
          "906"
        ],
        "Content-Type": [
          "application/json; charset=utf-8"
        ],
        "Expires": [
          "-1"
        ]
      },
      "ResponseBody": "{\r\n  \"name\": \"ps4216\",\r\n  \"id\": \"/subscriptions/0fd190fa-dd1c-4724-b7f6-c5cc3ba5c884/resourceGroups/ps2176/providers/Microsoft.Network/networkManagers/ps4216\",\r\n  \"location\": \"centraluseuap\",\r\n  \"type\": \"Microsoft.Network/networkManagers\",\r\n  \"tags\": {},\r\n  \"etag\": \"\",\r\n  \"properties\": {\r\n    \"displayName\": \"\",\r\n    \"description\": \"\",\r\n    \"networkManagerScopes\": {\r\n      \"managementGroups\": [\r\n        \"/providers/Microsoft.Management/managementGroups/PowerShellTest\"\r\n      ],\r\n      \"subscriptions\": [\r\n        \"/subscriptions/0fd190fa-dd1c-4724-b7f6-c5cc3ba5c884\"\r\n      ],\r\n      \"crossTenantScopes\": []\r\n    },\r\n    \"provisioningState\": \"Succeeded\",\r\n    \"networkManagerScopeAccesses\": [\r\n      \"Connectivity\"\r\n    ],\r\n    \"resourceGuid\": \"0cbb504f-3fbb-4d09-ac7d-35ba3a6e4c84\"\r\n  },\r\n  \"systemData\": {\r\n    \"createdBy\": \"cc1c7bb7-f3c4-4236-9ae6-39e276ea7d2b\",\r\n    \"createdByType\": \"Application\",\r\n    \"createdAt\": \"2022-08-07T03:20:53.9679329Z\",\r\n    \"lastModifiedBy\": \"cc1c7bb7-f3c4-4236-9ae6-39e276ea7d2b\",\r\n    \"lastModifiedByType\": \"Application\",\r\n    \"lastModifiedAt\": \"2022-08-07T03:20:53.9679329Z\"\r\n  }\r\n}",
      "StatusCode": 200
    },
    {
      "RequestUri": "/subscriptions/0fd190fa-dd1c-4724-b7f6-c5cc3ba5c884/resourceGroups/ps2176/providers/Microsoft.Network/networkManagers/ps4216?api-version=2022-01-01",
      "EncodedRequestUri": "L3N1YnNjcmlwdGlvbnMvMGZkMTkwZmEtZGQxYy00NzI0LWI3ZjYtYzVjYzNiYTVjODg0L3Jlc291cmNlR3JvdXBzL3BzMjE3Ni9wcm92aWRlcnMvTWljcm9zb2Z0Lk5ldHdvcmsvbmV0d29ya01hbmFnZXJzL3BzNDIxNj9hcGktdmVyc2lvbj0yMDIyLTAxLTAx",
      "RequestMethod": "PUT",
      "RequestHeaders": {
        "x-ms-client-request-id": [
          "9cad6fd3-ef80-42cd-b274-66becf028e51"
        ],
        "Accept-Language": [
          "en-US"
        ],
        "User-Agent": [
          "FxVersion/4.700.22.30802",
          "OSName/Windows",
          "OSVersion/Microsoft.Windows.10.0.19044",
          "Microsoft.Azure.Management.Network.NetworkManagementClient/23.0.0.0"
        ],
        "Content-Type": [
          "application/json; charset=utf-8"
        ],
        "Content-Length": [
          "578"
        ]
      },
      "RequestBody": "{\r\n  \"properties\": {\r\n    \"description\": \"\",\r\n    \"networkManagerScopes\": {\r\n      \"managementGroups\": [\r\n        \"/providers/Microsoft.Management/managementGroups/PowerShellTest\"\r\n      ],\r\n      \"subscriptions\": [\r\n        \"/subscriptions/0fd190fa-dd1c-4724-b7f6-c5cc3ba5c884\"\r\n      ]\r\n    },\r\n    \"networkManagerScopeAccesses\": [\r\n      \"Connectivity\",\r\n      \"SecurityAdmin\"\r\n    ]\r\n  },\r\n  \"id\": \"/subscriptions/0fd190fa-dd1c-4724-b7f6-c5cc3ba5c884/resourceGroups/ps2176/providers/Microsoft.Network/networkManagers/ps4216\",\r\n  \"location\": \"centraluseuap\",\r\n  \"tags\": {}\r\n}",
      "ResponseHeaders": {
        "Cache-Control": [
          "no-cache"
        ],
        "Pragma": [
          "no-cache"
        ],
        "x-ms-ratelimit-remaining-subscription-writes": [
          "1198"
        ],
        "Strict-Transport-Security": [
          "max-age=31536000; includeSubDomains"
        ],
        "Server": [
          "Kestrel"
        ],
        "x-ms-request-id": [
          "c6ea38b2-7db3-46a7-b8ab-a60ebc62a578"
        ],
        "x-ms-correlation-request-id": [
          "c6ea38b2-7db3-46a7-b8ab-a60ebc62a578"
        ],
        "x-ms-routing-request-id": [
          "WESTUS:20220807T032100Z:c6ea38b2-7db3-46a7-b8ab-a60ebc62a578"
        ],
        "X-Content-Type-Options": [
          "nosniff"
        ],
        "Date": [
          "Sun, 07 Aug 2022 03:20:59 GMT"
        ],
        "Content-Length": [
          "922"
        ],
        "Content-Type": [
          "application/json; charset=utf-8"
        ],
        "Expires": [
          "-1"
        ]
      },
      "ResponseBody": "{\r\n  \"name\": \"ps4216\",\r\n  \"id\": \"/subscriptions/0fd190fa-dd1c-4724-b7f6-c5cc3ba5c884/resourceGroups/ps2176/providers/Microsoft.Network/networkManagers/ps4216\",\r\n  \"location\": \"centraluseuap\",\r\n  \"type\": \"Microsoft.Network/networkManagers\",\r\n  \"tags\": {},\r\n  \"etag\": \"\",\r\n  \"properties\": {\r\n    \"displayName\": \"\",\r\n    \"description\": \"\",\r\n    \"networkManagerScopes\": {\r\n      \"managementGroups\": [\r\n        \"/providers/Microsoft.Management/managementGroups/PowerShellTest\"\r\n      ],\r\n      \"subscriptions\": [\r\n        \"/subscriptions/0fd190fa-dd1c-4724-b7f6-c5cc3ba5c884\"\r\n      ],\r\n      \"crossTenantScopes\": []\r\n    },\r\n    \"provisioningState\": \"Succeeded\",\r\n    \"networkManagerScopeAccesses\": [\r\n      \"Connectivity\",\r\n      \"SecurityAdmin\"\r\n    ],\r\n    \"resourceGuid\": \"0cbb504f-3fbb-4d09-ac7d-35ba3a6e4c84\"\r\n  },\r\n  \"systemData\": {\r\n    \"createdBy\": \"cc1c7bb7-f3c4-4236-9ae6-39e276ea7d2b\",\r\n    \"createdByType\": \"Application\",\r\n    \"createdAt\": \"2022-08-07T03:20:53.9679329Z\",\r\n    \"lastModifiedBy\": \"cc1c7bb7-f3c4-4236-9ae6-39e276ea7d2b\",\r\n    \"lastModifiedByType\": \"Application\",\r\n    \"lastModifiedAt\": \"2022-08-07T03:21:00.0921818Z\"\r\n  }\r\n}",
      "StatusCode": 200
    },
    {
      "RequestUri": "/subscriptions/0fd190fa-dd1c-4724-b7f6-c5cc3ba5c884/resourceGroups/ps2176/providers/Microsoft.Network/networkManagers/ps4216?force=true&api-version=2022-01-01",
      "EncodedRequestUri": "L3N1YnNjcmlwdGlvbnMvMGZkMTkwZmEtZGQxYy00NzI0LWI3ZjYtYzVjYzNiYTVjODg0L3Jlc291cmNlR3JvdXBzL3BzMjE3Ni9wcm92aWRlcnMvTWljcm9zb2Z0Lk5ldHdvcmsvbmV0d29ya01hbmFnZXJzL3BzNDIxNj9mb3JjZT10cnVlJmFwaS12ZXJzaW9uPTIwMjItMDEtMDE=",
      "RequestMethod": "DELETE",
      "RequestHeaders": {
        "x-ms-client-request-id": [
          "e04aa31f-7866-43d6-ba25-e7e0630e2fd6"
        ],
        "Accept-Language": [
          "en-US"
        ],
        "User-Agent": [
          "FxVersion/4.700.22.30802",
          "OSName/Windows",
          "OSVersion/Microsoft.Windows.10.0.19044",
          "Microsoft.Azure.Management.Network.NetworkManagementClient/23.0.0.0"
        ]
      },
      "RequestBody": "",
      "ResponseHeaders": {
        "Cache-Control": [
          "no-cache"
        ],
        "Pragma": [
          "no-cache"
        ],
        "Strict-Transport-Security": [
          "max-age=31536000; includeSubDomains"
        ],
        "Server": [
          "Kestrel"
        ],
        "x-ms-ratelimit-remaining-subscription-deletes": [
          "14999"
        ],
        "x-ms-request-id": [
          "6ce991f6-7700-4d35-a551-765360265b56"
        ],
        "x-ms-correlation-request-id": [
          "6ce991f6-7700-4d35-a551-765360265b56"
        ],
        "x-ms-routing-request-id": [
          "WESTUS:20220807T032104Z:6ce991f6-7700-4d35-a551-765360265b56"
        ],
        "X-Content-Type-Options": [
          "nosniff"
        ],
        "Date": [
          "Sun, 07 Aug 2022 03:21:03 GMT"
        ],
        "Expires": [
          "-1"
        ],
        "Content-Length": [
          "0"
        ]
      },
      "ResponseBody": "",
      "StatusCode": 200
    },
    {
      "RequestUri": "/subscriptions/0fd190fa-dd1c-4724-b7f6-c5cc3ba5c884/resourcegroups/ps2176?api-version=2016-09-01",
      "EncodedRequestUri": "L3N1YnNjcmlwdGlvbnMvMGZkMTkwZmEtZGQxYy00NzI0LWI3ZjYtYzVjYzNiYTVjODg0L3Jlc291cmNlZ3JvdXBzL3BzMjE3Nj9hcGktdmVyc2lvbj0yMDE2LTA5LTAx",
      "RequestMethod": "DELETE",
      "RequestHeaders": {
        "x-ms-client-request-id": [
          "3c50ea37-608a-424a-8683-c35b8d40eab1"
        ],
        "Accept-Language": [
          "en-US"
        ],
        "User-Agent": [
          "FxVersion/4.700.22.30802",
          "OSName/Windows",
          "OSVersion/Microsoft.Windows.10.0.19044",
          "Microsoft.Azure.Management.Internal.Resources.ResourceManagementClient/1.3.59"
        ]
      },
      "RequestBody": "",
      "ResponseHeaders": {
        "Cache-Control": [
          "no-cache"
        ],
        "Pragma": [
          "no-cache"
        ],
        "Location": [
          "https://management.azure.com/subscriptions/0fd190fa-dd1c-4724-b7f6-c5cc3ba5c884/operationresults/eyJqb2JJZCI6IlJFU09VUkNFR1JPVVBERUxFVElPTkpPQi1QUzIxNzYtQ0VOVFJBTFVTRVVBUCIsImpvYkxvY2F0aW9uIjoiY2VudHJhbHVzZXVhcCJ9?api-version=2016-09-01"
        ],
        "Retry-After": [
          "15"
        ],
        "x-ms-ratelimit-remaining-subscription-deletes": [
          "14998"
        ],
        "x-ms-request-id": [
          "43bab9b5-a0ca-4a2b-91e8-0f4edc5e8469"
        ],
        "x-ms-correlation-request-id": [
          "43bab9b5-a0ca-4a2b-91e8-0f4edc5e8469"
        ],
        "x-ms-routing-request-id": [
          "WESTUS:20220807T032106Z:43bab9b5-a0ca-4a2b-91e8-0f4edc5e8469"
        ],
        "Strict-Transport-Security": [
          "max-age=31536000; includeSubDomains"
        ],
        "X-Content-Type-Options": [
          "nosniff"
        ],
        "Date": [
          "Sun, 07 Aug 2022 03:21:06 GMT"
        ],
        "Expires": [
          "-1"
        ],
        "Content-Length": [
          "0"
        ]
      },
      "ResponseBody": "",
      "StatusCode": 202
    },
    {
      "RequestUri": "/subscriptions/0fd190fa-dd1c-4724-b7f6-c5cc3ba5c884/operationresults/eyJqb2JJZCI6IlJFU09VUkNFR1JPVVBERUxFVElPTkpPQi1QUzIxNzYtQ0VOVFJBTFVTRVVBUCIsImpvYkxvY2F0aW9uIjoiY2VudHJhbHVzZXVhcCJ9?api-version=2016-09-01",
      "EncodedRequestUri": "L3N1YnNjcmlwdGlvbnMvMGZkMTkwZmEtZGQxYy00NzI0LWI3ZjYtYzVjYzNiYTVjODg0L29wZXJhdGlvbnJlc3VsdHMvZXlKcWIySkpaQ0k2SWxKRlUwOVZVa05GUjFKUFZWQkVSVXhGVkVsUFRrcFBRaTFRVXpJeE56WXRRMFZPVkZKQlRGVlRSVlZCVUNJc0ltcHZZa3h2WTJGMGFXOXVJam9pWTJWdWRISmhiSFZ6WlhWaGNDSjk/YXBpLXZlcnNpb249MjAxNi0wOS0wMQ==",
      "RequestMethod": "GET",
      "RequestHeaders": {
        "User-Agent": [
          "FxVersion/4.700.22.30802",
          "OSName/Windows",
          "OSVersion/Microsoft.Windows.10.0.19044",
          "Microsoft.Azure.Management.Internal.Resources.ResourceManagementClient/1.3.59"
        ]
      },
      "RequestBody": "",
      "ResponseHeaders": {
        "Cache-Control": [
          "no-cache"
        ],
        "Pragma": [
          "no-cache"
        ],
        "x-ms-ratelimit-remaining-subscription-reads": [
          "11999"
        ],
        "x-ms-request-id": [
          "9d594f1d-528a-47b8-aa86-0dda1ddf95d6"
        ],
        "x-ms-correlation-request-id": [
          "9d594f1d-528a-47b8-aa86-0dda1ddf95d6"
        ],
        "x-ms-routing-request-id": [
          "WESTUS:20220807T032122Z:9d594f1d-528a-47b8-aa86-0dda1ddf95d6"
        ],
        "Strict-Transport-Security": [
          "max-age=31536000; includeSubDomains"
        ],
        "X-Content-Type-Options": [
          "nosniff"
        ],
        "Date": [
          "Sun, 07 Aug 2022 03:21:21 GMT"
        ],
        "Expires": [
          "-1"
        ],
        "Content-Length": [
          "0"
        ]
      },
      "ResponseBody": "",
      "StatusCode": 200
    },
    {
      "RequestUri": "/subscriptions/0fd190fa-dd1c-4724-b7f6-c5cc3ba5c884/operationresults/eyJqb2JJZCI6IlJFU09VUkNFR1JPVVBERUxFVElPTkpPQi1QUzIxNzYtQ0VOVFJBTFVTRVVBUCIsImpvYkxvY2F0aW9uIjoiY2VudHJhbHVzZXVhcCJ9?api-version=2016-09-01",
      "EncodedRequestUri": "L3N1YnNjcmlwdGlvbnMvMGZkMTkwZmEtZGQxYy00NzI0LWI3ZjYtYzVjYzNiYTVjODg0L29wZXJhdGlvbnJlc3VsdHMvZXlKcWIySkpaQ0k2SWxKRlUwOVZVa05GUjFKUFZWQkVSVXhGVkVsUFRrcFBRaTFRVXpJeE56WXRRMFZPVkZKQlRGVlRSVlZCVUNJc0ltcHZZa3h2WTJGMGFXOXVJam9pWTJWdWRISmhiSFZ6WlhWaGNDSjk/YXBpLXZlcnNpb249MjAxNi0wOS0wMQ==",
      "RequestMethod": "GET",
      "RequestHeaders": {
        "User-Agent": [
          "FxVersion/4.700.22.30802",
          "OSName/Windows",
          "OSVersion/Microsoft.Windows.10.0.19044",
          "Microsoft.Azure.Management.Internal.Resources.ResourceManagementClient/1.3.59"
        ]
      },
      "RequestBody": "",
      "ResponseHeaders": {
        "Cache-Control": [
          "no-cache"
        ],
        "Pragma": [
          "no-cache"
        ],
        "x-ms-ratelimit-remaining-subscription-reads": [
          "11998"
        ],
        "x-ms-request-id": [
          "308f6ae4-c307-4e68-bed7-aa988cc793ff"
        ],
        "x-ms-correlation-request-id": [
          "308f6ae4-c307-4e68-bed7-aa988cc793ff"
        ],
        "x-ms-routing-request-id": [
          "WESTUS:20220807T032122Z:308f6ae4-c307-4e68-bed7-aa988cc793ff"
        ],
        "Strict-Transport-Security": [
          "max-age=31536000; includeSubDomains"
        ],
        "X-Content-Type-Options": [
          "nosniff"
        ],
        "Date": [
          "Sun, 07 Aug 2022 03:21:21 GMT"
        ],
        "Expires": [
          "-1"
        ],
        "Content-Length": [
          "0"
        ]
      },
      "ResponseBody": "",
      "StatusCode": 200
    }
  ],
  "Names": {
    "Test-NetworkManagerCRUD": [
      "ps2176",
      "ps4216"
    ]
  },
  "Variables": {
    "SubscriptionId": "0fd190fa-dd1c-4724-b7f6-c5cc3ba5c884"
  }
}