{
  "Entries": [
    {
      "RequestUri": "/subscriptions/08615b4b-bc9c-4a70-be1b-2ea10bc97b52/resourcegroups/ps6956?api-version=2016-09-01",
      "EncodedRequestUri": "L3N1YnNjcmlwdGlvbnMvMDg2MTViNGItYmM5Yy00YTcwLWJlMWItMmVhMTBiYzk3YjUyL3Jlc291cmNlZ3JvdXBzL3BzNjk1Nj9hcGktdmVyc2lvbj0yMDE2LTA5LTAx",
      "RequestMethod": "PUT",
      "RequestBody": "{\r\n  \"location\": \"centraluseuap\",\r\n  \"tags\": {\r\n    \"testtag\": \"testval\"\r\n  }\r\n}",
      "RequestHeaders": {
        "x-ms-client-request-id": [
          "f2a402f9-5768-4bd6-ad58-0da3ebb2dff9"
        ],
        "Accept-Language": [
          "en-US"
        ],
        "User-Agent": [
          "FxVersion/4.6.30411.01",
          "OSName/Windows",
          "OSVersion/Microsoft.Windows.10.0.19043.",
          "Microsoft.Azure.Management.Internal.Resources.ResourceManagementClient/1.3.47"
        ],
        "Content-Type": [
          "application/json; charset=utf-8"
        ],
        "Content-Length": [
          "80"
        ]
      },
      "ResponseHeaders": {
        "Cache-Control": [
          "no-cache"
        ],
        "Pragma": [
          "no-cache"
        ],
        "x-ms-ratelimit-remaining-subscription-writes": [
          "1199"
        ],
        "x-ms-request-id": [
          "13193f0a-b812-4d9c-99e4-200468da56b9"
        ],
        "x-ms-correlation-request-id": [
          "13193f0a-b812-4d9c-99e4-200468da56b9"
        ],
        "x-ms-routing-request-id": [
          "WESTUS:20211018T214902Z:13193f0a-b812-4d9c-99e4-200468da56b9"
        ],
        "Strict-Transport-Security": [
          "max-age=31536000; includeSubDomains"
        ],
        "X-Content-Type-Options": [
          "nosniff"
        ],
        "Date": [
          "Mon, 18 Oct 2021 21:49:01 GMT"
        ],
        "Content-Length": [
          "201"
        ],
        "Content-Type": [
          "application/json; charset=utf-8"
        ],
        "Expires": [
          "-1"
        ]
      },
      "ResponseBody": "{\r\n  \"id\": \"/subscriptions/08615b4b-bc9c-4a70-be1b-2ea10bc97b52/resourceGroups/ps6956\",\r\n  \"name\": \"ps6956\",\r\n  \"location\": \"centraluseuap\",\r\n  \"tags\": {\r\n    \"testtag\": \"testval\"\r\n  },\r\n  \"properties\": {\r\n    \"provisioningState\": \"Succeeded\"\r\n  }\r\n}",
      "StatusCode": 201
    },
    {
      "RequestUri": "/subscriptions/08615b4b-bc9c-4a70-be1b-2ea10bc97b52/resourceGroups/ps6956/providers/Microsoft.Network/networkManagers/ps970?api-version=2021-02-01-preview",
      "EncodedRequestUri": "L3N1YnNjcmlwdGlvbnMvMDg2MTViNGItYmM5Yy00YTcwLWJlMWItMmVhMTBiYzk3YjUyL3Jlc291cmNlR3JvdXBzL3BzNjk1Ni9wcm92aWRlcnMvTWljcm9zb2Z0Lk5ldHdvcmsvbmV0d29ya01hbmFnZXJzL3BzOTcwP2FwaS12ZXJzaW9uPTIwMjEtMDItMDEtcHJldmlldw==",
      "RequestMethod": "GET",
      "RequestBody": "",
      "RequestHeaders": {
        "x-ms-client-request-id": [
          "90c48c18-bee4-45a0-82cb-808bb5246551"
        ],
        "Accept-Language": [
          "en-US"
        ],
        "User-Agent": [
          "FxVersion/4.6.30411.01",
          "OSName/Windows",
          "OSVersion/Microsoft.Windows.10.0.19043.",
          "Microsoft.Azure.Management.Network.NetworkManagementClient/20.6.1.0.Beta.1"
        ]
      },
      "ResponseHeaders": {
        "Cache-Control": [
          "no-cache"
        ],
        "Pragma": [
          "no-cache"
        ],
        "x-ms-failure-cause": [
          "gateway"
        ],
        "x-ms-request-id": [
          "5291e028-6673-44de-a790-68a3742ed138"
        ],
        "x-ms-correlation-request-id": [
          "5291e028-6673-44de-a790-68a3742ed138"
        ],
        "x-ms-routing-request-id": [
          "WESTUS:20211018T214903Z:5291e028-6673-44de-a790-68a3742ed138"
        ],
        "Strict-Transport-Security": [
          "max-age=31536000; includeSubDomains"
        ],
        "X-Content-Type-Options": [
          "nosniff"
        ],
        "Date": [
          "Mon, 18 Oct 2021 21:49:03 GMT"
        ],
        "Content-Type": [
          "application/json; charset=utf-8"
        ],
        "Expires": [
          "-1"
        ],
        "Content-Length": [
          "217"
        ]
      },
      "ResponseBody": "{\r\n  \"error\": {\r\n    \"code\": \"ResourceNotFound\",\r\n    \"message\": \"The Resource 'Microsoft.Network/networkManagers/ps970' under resource group 'ps6956' was not found. For more details please go to https://aka.ms/ARMResourceNotFoundFix\"\r\n  }\r\n}",
      "StatusCode": 404
    },
    {
      "RequestUri": "/subscriptions/08615b4b-bc9c-4a70-be1b-2ea10bc97b52/resourceGroups/ps6956/providers/Microsoft.Network/networkManagers/ps970?api-version=2021-02-01-preview",
      "EncodedRequestUri": "L3N1YnNjcmlwdGlvbnMvMDg2MTViNGItYmM5Yy00YTcwLWJlMWItMmVhMTBiYzk3YjUyL3Jlc291cmNlR3JvdXBzL3BzNjk1Ni9wcm92aWRlcnMvTWljcm9zb2Z0Lk5ldHdvcmsvbmV0d29ya01hbmFnZXJzL3BzOTcwP2FwaS12ZXJzaW9uPTIwMjEtMDItMDEtcHJldmlldw==",
      "RequestMethod": "GET",
      "RequestBody": "",
      "RequestHeaders": {
        "x-ms-client-request-id": [
          "d2fc38f4-f3d0-482f-b0f2-f1e8997b1194"
        ],
        "Accept-Language": [
          "en-US"
        ],
        "User-Agent": [
          "FxVersion/4.6.30411.01",
          "OSName/Windows",
          "OSVersion/Microsoft.Windows.10.0.19043.",
          "Microsoft.Azure.Management.Network.NetworkManagementClient/20.6.1.0.Beta.1"
        ]
      },
      "ResponseHeaders": {
        "Cache-Control": [
          "no-cache"
        ],
        "Pragma": [
          "no-cache"
        ],
        "x-ms-ratelimit-remaining-subscription-reads": [
          "11998"
        ],
        "Strict-Transport-Security": [
          "max-age=31536000; includeSubDomains"
        ],
        "Server": [
          "Kestrel"
        ],
        "x-ms-request-id": [
          "99c637f4-e2a3-4550-9584-ee2ac46f50bf"
        ],
        "x-ms-correlation-request-id": [
          "99c637f4-e2a3-4550-9584-ee2ac46f50bf"
        ],
        "x-ms-routing-request-id": [
          "WESTUS:20211018T214911Z:99c637f4-e2a3-4550-9584-ee2ac46f50bf"
        ],
        "X-Content-Type-Options": [
          "nosniff"
        ],
        "Date": [
          "Mon, 18 Oct 2021 21:49:11 GMT"
        ],
        "Content-Length": [
          "838"
        ],
        "Content-Type": [
          "application/json; charset=utf-8"
        ],
        "Expires": [
          "-1"
        ]
      },
      "ResponseBody": "{\r\n  \"name\": \"ps970\",\r\n  \"id\": \"/subscriptions/08615b4b-bc9c-4a70-be1b-2ea10bc97b52/resourceGroups/ps6956/providers/Microsoft.Network/networkManagers/ps970\",\r\n  \"location\": \"centraluseuap\",\r\n  \"type\": \"Microsoft.Network/networkManagers\",\r\n  \"tags\": {},\r\n  \"etag\": \"\\\"2a001de0-0000-3300-0000-616debd50000\\\"\",\r\n  \"properties\": {\r\n    \"displayName\": \"\",\r\n    \"description\": \"\",\r\n    \"networkManagerScopes\": {\r\n      \"managementGroups\": [],\r\n      \"subscriptions\": [\r\n        \"/subscriptions/08615b4b-bc9c-4a70-be1b-2ea10bc97b52\"\r\n      ]\r\n    },\r\n    \"provisioningState\": \"Succeeded\",\r\n    \"networkManagerScopeAccesses\": [\r\n      \"Connectivity\"\r\n    ],\r\n    \"resourceGuid\": \"81d45fed-9026-44cf-a03f-775469d7cf89\"\r\n  },\r\n  \"systemData\": {\r\n    \"createdBy\": \"3d35ae98-0bbc-4e0d-89b7-a926b109b6da\",\r\n    \"createdByType\": \"Application\",\r\n    \"createdAt\": \"10/18/2021 21:49:07\",\r\n    \"lastModifiedBy\": \"3d35ae98-0bbc-4e0d-89b7-a926b109b6da\",\r\n    \"lastModifiedByType\": \"Application\",\r\n    \"lastModifiedAt\": \"10/18/2021 21:49:07\"\r\n  }\r\n}",
      "StatusCode": 200
    },
    {
      "RequestUri": "/subscriptions/08615b4b-bc9c-4a70-be1b-2ea10bc97b52/resourceGroups/ps6956/providers/Microsoft.Network/networkManagers/ps970?api-version=2021-02-01-preview",
      "EncodedRequestUri": "L3N1YnNjcmlwdGlvbnMvMDg2MTViNGItYmM5Yy00YTcwLWJlMWItMmVhMTBiYzk3YjUyL3Jlc291cmNlR3JvdXBzL3BzNjk1Ni9wcm92aWRlcnMvTWljcm9zb2Z0Lk5ldHdvcmsvbmV0d29ya01hbmFnZXJzL3BzOTcwP2FwaS12ZXJzaW9uPTIwMjEtMDItMDEtcHJldmlldw==",
      "RequestMethod": "PUT",
      "RequestBody": "{\r\n  \"properties\": {\r\n    \"networkManagerScopes\": {\r\n      \"managementGroups\": [],\r\n      \"subscriptions\": [\r\n        \"/subscriptions/08615b4b-bc9c-4a70-be1b-2ea10bc97b52\"\r\n      ]\r\n    },\r\n    \"networkManagerScopeAccesses\": [\r\n      \"Connectivity\"\r\n    ]\r\n  },\r\n  \"location\": \"centraluseuap\"\r\n}",
      "RequestHeaders": {
        "x-ms-client-request-id": [
          "90c48c18-bee4-45a0-82cb-808bb5246551"
        ],
        "Accept-Language": [
          "en-US"
        ],
        "User-Agent": [
          "FxVersion/4.6.30411.01",
          "OSName/Windows",
          "OSVersion/Microsoft.Windows.10.0.19043.",
          "Microsoft.Azure.Management.Network.NetworkManagementClient/20.6.1.0.Beta.1"
        ],
        "Content-Type": [
          "application/json; charset=utf-8"
        ],
        "Content-Length": [
          "295"
        ]
      },
      "ResponseHeaders": {
        "Cache-Control": [
          "no-cache"
        ],
        "Pragma": [
          "no-cache"
        ],
        "x-ms-ratelimit-remaining-subscription-writes": [
          "1199"
        ],
        "Strict-Transport-Security": [
          "max-age=31536000; includeSubDomains"
        ],
        "Server": [
          "Kestrel"
        ],
        "x-ms-request-id": [
          "aa9ba93b-ca44-4a35-9308-4c2c2a64a32e"
        ],
        "x-ms-correlation-request-id": [
          "aa9ba93b-ca44-4a35-9308-4c2c2a64a32e"
        ],
        "x-ms-routing-request-id": [
          "WESTUS:20211018T214910Z:aa9ba93b-ca44-4a35-9308-4c2c2a64a32e"
        ],
        "X-Content-Type-Options": [
          "nosniff"
        ],
        "Date": [
          "Mon, 18 Oct 2021 21:49:10 GMT"
        ],
        "Content-Length": [
          "816"
        ],
        "Content-Type": [
          "application/json; charset=utf-8"
        ],
        "Expires": [
          "-1"
        ]
      },
      "ResponseBody": "{\r\n  \"name\": \"ps970\",\r\n  \"id\": \"/subscriptions/08615b4b-bc9c-4a70-be1b-2ea10bc97b52/resourceGroups/ps6956/providers/Microsoft.Network/networkManagers/ps970\",\r\n  \"location\": \"centraluseuap\",\r\n  \"type\": \"Microsoft.Network/networkManagers\",\r\n  \"tags\": {},\r\n  \"etag\": \"\",\r\n  \"properties\": {\r\n    \"displayName\": \"\",\r\n    \"description\": \"\",\r\n    \"networkManagerScopes\": {\r\n      \"managementGroups\": [],\r\n      \"subscriptions\": [\r\n        \"/subscriptions/08615b4b-bc9c-4a70-be1b-2ea10bc97b52\"\r\n      ]\r\n    },\r\n    \"provisioningState\": \"Succeeded\",\r\n    \"networkManagerScopeAccesses\": [\r\n      \"Connectivity\"\r\n    ],\r\n    \"resourceGuid\": \"81d45fed-9026-44cf-a03f-775469d7cf89\"\r\n  },\r\n  \"systemData\": {\r\n    \"createdBy\": \"3d35ae98-0bbc-4e0d-89b7-a926b109b6da\",\r\n    \"createdByType\": \"Application\",\r\n    \"createdAt\": \"2021-10-18T21:49:07.0451745Z\",\r\n    \"lastModifiedBy\": \"3d35ae98-0bbc-4e0d-89b7-a926b109b6da\",\r\n    \"lastModifiedByType\": \"Application\",\r\n    \"lastModifiedAt\": \"2021-10-18T21:49:07.0451745Z\"\r\n  }\r\n}",
      "StatusCode": 200
    },
    {
      "RequestUri": "/subscriptions/08615b4b-bc9c-4a70-be1b-2ea10bc97b52/resourceGroups/ps6956/providers/Microsoft.Network/networkManagers/ps970/networkGroups/ps5971?api-version=2021-02-01-preview",
      "EncodedRequestUri": "L3N1YnNjcmlwdGlvbnMvMDg2MTViNGItYmM5Yy00YTcwLWJlMWItMmVhMTBiYzk3YjUyL3Jlc291cmNlR3JvdXBzL3BzNjk1Ni9wcm92aWRlcnMvTWljcm9zb2Z0Lk5ldHdvcmsvbmV0d29ya01hbmFnZXJzL3BzOTcwL25ldHdvcmtHcm91cHMvcHM1OTcxP2FwaS12ZXJzaW9uPTIwMjEtMDItMDEtcHJldmlldw==",
      "RequestMethod": "GET",
      "RequestBody": "",
      "RequestHeaders": {
        "x-ms-client-request-id": [
          "7f652644-bccb-4465-a8ef-0f098f6627ca"
        ],
        "Accept-Language": [
          "en-US"
        ],
        "User-Agent": [
          "FxVersion/4.6.30411.01",
          "OSName/Windows",
          "OSVersion/Microsoft.Windows.10.0.19043.",
          "Microsoft.Azure.Management.Network.NetworkManagementClient/20.6.1.0.Beta.1"
        ]
      },
      "ResponseHeaders": {
        "Cache-Control": [
          "no-cache"
        ],
        "Pragma": [
          "no-cache"
        ],
        "x-ms-ratelimit-remaining-subscription-reads": [
          "11997"
        ],
        "Strict-Transport-Security": [
          "max-age=31536000; includeSubDomains"
        ],
        "Server": [
          "Kestrel"
        ],
        "x-ms-request-id": [
          "3677fc68-6cad-4b1e-8b7c-8259c2683638"
        ],
        "x-ms-correlation-request-id": [
          "3677fc68-6cad-4b1e-8b7c-8259c2683638"
        ],
        "x-ms-routing-request-id": [
          "WESTUS:20211018T214912Z:3677fc68-6cad-4b1e-8b7c-8259c2683638"
        ],
        "X-Content-Type-Options": [
          "nosniff"
        ],
        "Date": [
          "Mon, 18 Oct 2021 21:49:12 GMT"
        ],
        "Content-Length": [
          "233"
        ],
        "Content-Type": [
          "application/json; charset=utf-8"
        ],
        "Expires": [
          "-1"
        ]
      },
      "ResponseBody": "{\r\n  \"error\": {\r\n    \"code\": \"NotFound\",\r\n    \"message\": \"Resource  [/subscriptions/08615b4b-bc9c-4a70-be1b-2ea10bc97b52/resourceGroups/ps6956/providers/Microsoft.Network/networkManagers/ps970/networkGroups/ps5971] does not exist or has been deleted\"\r\n  }\r\n}",
      "StatusCode": 404
    },
    {
      "RequestUri": "/subscriptions/08615b4b-bc9c-4a70-be1b-2ea10bc97b52/resourceGroups/ps6956/providers/Microsoft.Network/networkManagers/ps970/networkGroups/ps5971?api-version=2021-02-01-preview",
      "EncodedRequestUri": "L3N1YnNjcmlwdGlvbnMvMDg2MTViNGItYmM5Yy00YTcwLWJlMWItMmVhMTBiYzk3YjUyL3Jlc291cmNlR3JvdXBzL3BzNjk1Ni9wcm92aWRlcnMvTWljcm9zb2Z0Lk5ldHdvcmsvbmV0d29ya01hbmFnZXJzL3BzOTcwL25ldHdvcmtHcm91cHMvcHM1OTcxP2FwaS12ZXJzaW9uPTIwMjEtMDItMDEtcHJldmlldw==",
      "RequestMethod": "GET",
      "RequestBody": "",
      "RequestHeaders": {
        "x-ms-client-request-id": [
          "d556c03f-9b7a-4598-87f3-8790df7922e3"
        ],
        "Accept-Language": [
          "en-US"
        ],
        "User-Agent": [
          "FxVersion/4.6.30411.01",
          "OSName/Windows",
          "OSVersion/Microsoft.Windows.10.0.19043.",
          "Microsoft.Azure.Management.Network.NetworkManagementClient/20.6.1.0.Beta.1"
        ]
      },
      "ResponseHeaders": {
        "Cache-Control": [
          "no-cache"
        ],
        "Pragma": [
          "no-cache"
        ],
        "x-ms-ratelimit-remaining-subscription-reads": [
          "11996"
        ],
        "Strict-Transport-Security": [
          "max-age=31536000; includeSubDomains"
        ],
        "Server": [
          "Kestrel"
        ],
        "x-ms-request-id": [
          "d9b76ca4-7f0b-4f32-858f-a54de7cc1d51"
        ],
        "x-ms-correlation-request-id": [
          "d9b76ca4-7f0b-4f32-858f-a54de7cc1d51"
        ],
        "x-ms-routing-request-id": [
          "WESTUS:20211018T214913Z:d9b76ca4-7f0b-4f32-858f-a54de7cc1d51"
        ],
        "X-Content-Type-Options": [
          "nosniff"
        ],
        "Date": [
          "Mon, 18 Oct 2021 21:49:13 GMT"
        ],
        "Content-Length": [
          "915"
        ],
        "Content-Type": [
          "application/json; charset=utf-8"
        ],
        "Expires": [
          "-1"
        ]
      },
      "ResponseBody": "{\r\n  \"name\": \"ps5971\",\r\n  \"id\": \"/subscriptions/08615b4b-bc9c-4a70-be1b-2ea10bc97b52/resourceGroups/ps6956/providers/Microsoft.Network/networkManagers/ps970/networkGroups/ps5971\",\r\n  \"type\": \"Microsoft.Network/networkManagers/networkGroups\",\r\n  \"etag\": \"\\\"2a0099e0-0000-3300-0000-616debd90000\\\"\",\r\n  \"properties\": {\r\n    \"displayName\": \"DISplayName\",\r\n    \"description\": \"SampleDESCRIption\",\r\n    \"groupMembers\": [\r\n      {\r\n        \"resourceId\": \"/subscriptions/08615b4b-bc9c-4a70-be1b-2ea10bc97b52/resourceGroups/ANMRG3495/providers/Microsoft.Network/virtualNetworks/testvnet\"\r\n      }\r\n    ],\r\n    \"conditionalMembership\": \"fakeconditionalmembership\",\r\n    \"provisioningState\": \"Succeeded\",\r\n    \"resourceGuid\": \"e45eb8f4-eda9-4195-9d5c-75ac3bffce1e\"\r\n  },\r\n  \"systemData\": {\r\n    \"createdBy\": \"3d35ae98-0bbc-4e0d-89b7-a926b109b6da\",\r\n    \"createdByType\": \"Application\",\r\n    \"createdAt\": \"10/18/2021 21:49:12\",\r\n    \"lastModifiedBy\": \"3d35ae98-0bbc-4e0d-89b7-a926b109b6da\",\r\n    \"lastModifiedByType\": \"Application\",\r\n    \"lastModifiedAt\": \"10/18/2021 21:49:12\"\r\n  }\r\n}",
      "StatusCode": 200
    },
    {
      "RequestUri": "/subscriptions/08615b4b-bc9c-4a70-be1b-2ea10bc97b52/resourceGroups/ps6956/providers/Microsoft.Network/networkManagers/ps970/networkGroups/ps5971?api-version=2021-02-01-preview",
      "EncodedRequestUri": "L3N1YnNjcmlwdGlvbnMvMDg2MTViNGItYmM5Yy00YTcwLWJlMWItMmVhMTBiYzk3YjUyL3Jlc291cmNlR3JvdXBzL3BzNjk1Ni9wcm92aWRlcnMvTWljcm9zb2Z0Lk5ldHdvcmsvbmV0d29ya01hbmFnZXJzL3BzOTcwL25ldHdvcmtHcm91cHMvcHM1OTcxP2FwaS12ZXJzaW9uPTIwMjEtMDItMDEtcHJldmlldw==",
      "RequestMethod": "GET",
      "RequestBody": "",
      "RequestHeaders": {
        "x-ms-client-request-id": [
          "bd1a0ae3-c725-4254-a181-baa4450862dd"
        ],
        "Accept-Language": [
          "en-US"
        ],
        "User-Agent": [
          "FxVersion/4.6.30411.01",
          "OSName/Windows",
          "OSVersion/Microsoft.Windows.10.0.19043.",
          "Microsoft.Azure.Management.Network.NetworkManagementClient/20.6.1.0.Beta.1"
        ]
      },
      "ResponseHeaders": {
        "Cache-Control": [
          "no-cache"
        ],
        "Pragma": [
          "no-cache"
        ],
        "x-ms-ratelimit-remaining-subscription-reads": [
          "11995"
        ],
        "Strict-Transport-Security": [
          "max-age=31536000; includeSubDomains"
        ],
        "Server": [
          "Kestrel"
        ],
        "x-ms-request-id": [
          "0162137c-1a67-4602-a2d4-7a98b4ce0fff"
        ],
        "x-ms-correlation-request-id": [
          "0162137c-1a67-4602-a2d4-7a98b4ce0fff"
        ],
        "x-ms-routing-request-id": [
          "WESTUS:20211018T214914Z:0162137c-1a67-4602-a2d4-7a98b4ce0fff"
        ],
        "X-Content-Type-Options": [
          "nosniff"
        ],
        "Date": [
          "Mon, 18 Oct 2021 21:49:14 GMT"
        ],
        "Content-Length": [
          "915"
        ],
        "Content-Type": [
          "application/json; charset=utf-8"
        ],
        "Expires": [
          "-1"
        ]
      },
      "ResponseBody": "{\r\n  \"name\": \"ps5971\",\r\n  \"id\": \"/subscriptions/08615b4b-bc9c-4a70-be1b-2ea10bc97b52/resourceGroups/ps6956/providers/Microsoft.Network/networkManagers/ps970/networkGroups/ps5971\",\r\n  \"type\": \"Microsoft.Network/networkManagers/networkGroups\",\r\n  \"etag\": \"\\\"2a0099e0-0000-3300-0000-616debd90000\\\"\",\r\n  \"properties\": {\r\n    \"displayName\": \"DISplayName\",\r\n    \"description\": \"SampleDESCRIption\",\r\n    \"groupMembers\": [\r\n      {\r\n        \"resourceId\": \"/subscriptions/08615b4b-bc9c-4a70-be1b-2ea10bc97b52/resourceGroups/ANMRG3495/providers/Microsoft.Network/virtualNetworks/testvnet\"\r\n      }\r\n    ],\r\n    \"conditionalMembership\": \"fakeconditionalmembership\",\r\n    \"provisioningState\": \"Succeeded\",\r\n    \"resourceGuid\": \"e45eb8f4-eda9-4195-9d5c-75ac3bffce1e\"\r\n  },\r\n  \"systemData\": {\r\n    \"createdBy\": \"3d35ae98-0bbc-4e0d-89b7-a926b109b6da\",\r\n    \"createdByType\": \"Application\",\r\n    \"createdAt\": \"10/18/2021 21:49:12\",\r\n    \"lastModifiedBy\": \"3d35ae98-0bbc-4e0d-89b7-a926b109b6da\",\r\n    \"lastModifiedByType\": \"Application\",\r\n    \"lastModifiedAt\": \"10/18/2021 21:49:12\"\r\n  }\r\n}",
      "StatusCode": 200
    },
    {
      "RequestUri": "/subscriptions/08615b4b-bc9c-4a70-be1b-2ea10bc97b52/resourceGroups/ps6956/providers/Microsoft.Network/networkManagers/ps970/networkGroups/ps5971?api-version=2021-02-01-preview",
      "EncodedRequestUri": "L3N1YnNjcmlwdGlvbnMvMDg2MTViNGItYmM5Yy00YTcwLWJlMWItMmVhMTBiYzk3YjUyL3Jlc291cmNlR3JvdXBzL3BzNjk1Ni9wcm92aWRlcnMvTWljcm9zb2Z0Lk5ldHdvcmsvbmV0d29ya01hbmFnZXJzL3BzOTcwL25ldHdvcmtHcm91cHMvcHM1OTcxP2FwaS12ZXJzaW9uPTIwMjEtMDItMDEtcHJldmlldw==",
      "RequestMethod": "PUT",
      "RequestBody": "{\r\n  \"properties\": {\r\n    \"displayName\": \"DISplayName\",\r\n    \"description\": \"SampleDESCRIption\",\r\n    \"memberType\": \"Microsoft.Network/VirtualNetwork\",\r\n    \"groupMembers\": [\r\n      {\r\n        \"resourceId\": \"/subscriptions/08615b4b-bc9c-4a70-be1b-2ea10bc97b52/resourceGroups/ANMRG3495/providers/Microsoft.Network/virtualNetworks/testvnet\"\r\n      }\r\n    ],\r\n    \"conditionalMembership\": \"fakeconditionalmembership\"\r\n  }\r\n}",
      "RequestHeaders": {
        "x-ms-client-request-id": [
          "7f652644-bccb-4465-a8ef-0f098f6627ca"
        ],
        "Accept-Language": [
          "en-US"
        ],
        "User-Agent": [
          "FxVersion/4.6.30411.01",
          "OSName/Windows",
          "OSVersion/Microsoft.Windows.10.0.19043.",
          "Microsoft.Azure.Management.Network.NetworkManagementClient/20.6.1.0.Beta.1"
        ],
        "Content-Type": [
          "application/json; charset=utf-8"
        ],
        "Content-Length": [
          "421"
        ]
      },
      "ResponseHeaders": {
        "Cache-Control": [
          "no-cache"
        ],
        "Pragma": [
          "no-cache"
        ],
        "x-ms-ratelimit-remaining-subscription-writes": [
          "1198"
        ],
        "Strict-Transport-Security": [
          "max-age=31536000; includeSubDomains"
        ],
        "Server": [
          "Kestrel"
        ],
        "x-ms-request-id": [
          "2bcac739-5772-410f-b7f4-1ac1fba8d3ec"
        ],
        "x-ms-correlation-request-id": [
          "2bcac739-5772-410f-b7f4-1ac1fba8d3ec"
        ],
        "x-ms-routing-request-id": [
          "WESTUS:20211018T214913Z:2bcac739-5772-410f-b7f4-1ac1fba8d3ec"
        ],
        "X-Content-Type-Options": [
          "nosniff"
        ],
        "Date": [
          "Mon, 18 Oct 2021 21:49:13 GMT"
        ],
        "Content-Length": [
          "893"
        ],
        "Content-Type": [
          "application/json; charset=utf-8"
        ],
        "Expires": [
          "-1"
        ]
      },
      "ResponseBody": "{\r\n  \"name\": \"ps5971\",\r\n  \"id\": \"/subscriptions/08615b4b-bc9c-4a70-be1b-2ea10bc97b52/resourceGroups/ps6956/providers/Microsoft.Network/networkManagers/ps970/networkGroups/ps5971\",\r\n  \"type\": \"Microsoft.Network/networkManagers/networkGroups\",\r\n  \"etag\": \"\",\r\n  \"properties\": {\r\n    \"displayName\": \"DISplayName\",\r\n    \"description\": \"SampleDESCRIption\",\r\n    \"groupMembers\": [\r\n      {\r\n        \"resourceId\": \"/subscriptions/08615b4b-bc9c-4a70-be1b-2ea10bc97b52/resourceGroups/ANMRG3495/providers/Microsoft.Network/virtualNetworks/testvnet\"\r\n      }\r\n    ],\r\n    \"conditionalMembership\": \"fakeconditionalmembership\",\r\n    \"provisioningState\": \"Succeeded\",\r\n    \"resourceGuid\": \"e45eb8f4-eda9-4195-9d5c-75ac3bffce1e\"\r\n  },\r\n  \"systemData\": {\r\n    \"createdBy\": \"3d35ae98-0bbc-4e0d-89b7-a926b109b6da\",\r\n    \"createdByType\": \"Application\",\r\n    \"createdAt\": \"2021-10-18T21:49:12.4753174Z\",\r\n    \"lastModifiedBy\": \"3d35ae98-0bbc-4e0d-89b7-a926b109b6da\",\r\n    \"lastModifiedByType\": \"Application\",\r\n    \"lastModifiedAt\": \"2021-10-18T21:49:12.4753174Z\"\r\n  }\r\n}",
      "StatusCode": 200
    },
    {
      "RequestUri": "/subscriptions/08615b4b-bc9c-4a70-be1b-2ea10bc97b52/resourceGroups/ps6956/providers/Microsoft.Network/networkManagers/ps970/networkGroups/ps5971?api-version=2021-02-01-preview",
      "EncodedRequestUri": "L3N1YnNjcmlwdGlvbnMvMDg2MTViNGItYmM5Yy00YTcwLWJlMWItMmVhMTBiYzk3YjUyL3Jlc291cmNlR3JvdXBzL3BzNjk1Ni9wcm92aWRlcnMvTWljcm9zb2Z0Lk5ldHdvcmsvbmV0d29ya01hbmFnZXJzL3BzOTcwL25ldHdvcmtHcm91cHMvcHM1OTcxP2FwaS12ZXJzaW9uPTIwMjEtMDItMDEtcHJldmlldw==",
      "RequestMethod": "PUT",
      "RequestBody": "{\r\n  \"properties\": {\r\n    \"displayName\": \"Sample Group Name\",\r\n    \"description\": \"SampleDESCRIption\",\r\n    \"groupMembers\": [\r\n      {\r\n        \"resourceId\": \"/subscriptions/08615b4b-bc9c-4a70-be1b-2ea10bc97b52/resourceGroups/ANMRG3495/providers/Microsoft.Network/virtualNetworks/testvnet\"\r\n      }\r\n    ],\r\n    \"conditionalMembership\": \"fakeconditionalmembership\"\r\n  }\r\n}",
      "RequestHeaders": {
        "x-ms-client-request-id": [
          "bd1a0ae3-c725-4254-a181-baa4450862dd"
        ],
        "Accept-Language": [
          "en-US"
        ],
        "User-Agent": [
          "FxVersion/4.6.30411.01",
          "OSName/Windows",
          "OSVersion/Microsoft.Windows.10.0.19043.",
          "Microsoft.Azure.Management.Network.NetworkManagementClient/20.6.1.0.Beta.1"
        ],
        "Content-Type": [
          "application/json; charset=utf-8"
        ],
        "Content-Length": [
          "372"
        ]
      },
      "ResponseHeaders": {
        "Cache-Control": [
          "no-cache"
        ],
        "Pragma": [
          "no-cache"
        ],
        "x-ms-ratelimit-remaining-subscription-writes": [
          "1197"
        ],
        "Strict-Transport-Security": [
          "max-age=31536000; includeSubDomains"
        ],
        "Server": [
          "Kestrel"
        ],
        "x-ms-request-id": [
          "8b71400c-db4f-442c-bd40-e571a0117253"
        ],
        "x-ms-correlation-request-id": [
          "8b71400c-db4f-442c-bd40-e571a0117253"
        ],
        "x-ms-routing-request-id": [
          "WESTUS:20211018T214915Z:8b71400c-db4f-442c-bd40-e571a0117253"
        ],
        "X-Content-Type-Options": [
          "nosniff"
        ],
        "Date": [
          "Mon, 18 Oct 2021 21:49:15 GMT"
        ],
        "Content-Length": [
          "890"
        ],
        "Content-Type": [
          "application/json; charset=utf-8"
        ],
        "Expires": [
          "-1"
        ]
      },
      "ResponseBody": "{\r\n  \"name\": \"ps5971\",\r\n  \"id\": \"/subscriptions/08615b4b-bc9c-4a70-be1b-2ea10bc97b52/resourceGroups/ps6956/providers/Microsoft.Network/networkManagers/ps970/networkGroups/ps5971\",\r\n  \"type\": \"Microsoft.Network/networkManagers/networkGroups\",\r\n  \"etag\": \"\",\r\n  \"properties\": {\r\n    \"displayName\": \"Sample Group Name\",\r\n    \"description\": \"SampleDESCRIption\",\r\n    \"groupMembers\": [\r\n      {\r\n        \"resourceId\": \"/subscriptions/08615b4b-bc9c-4a70-be1b-2ea10bc97b52/resourceGroups/ANMRG3495/providers/Microsoft.Network/virtualNetworks/testvnet\"\r\n      }\r\n    ],\r\n    \"conditionalMembership\": \"fakeconditionalmembership\",\r\n    \"provisioningState\": \"Succeeded\",\r\n    \"resourceGuid\": \"e45eb8f4-eda9-4195-9d5c-75ac3bffce1e\"\r\n  },\r\n  \"systemData\": {\r\n    \"createdBy\": \"3d35ae98-0bbc-4e0d-89b7-a926b109b6da\",\r\n    \"createdByType\": \"Application\",\r\n    \"createdAt\": \"10/18/2021 21:49:12\",\r\n    \"lastModifiedBy\": \"3d35ae98-0bbc-4e0d-89b7-a926b109b6da\",\r\n    \"lastModifiedByType\": \"Application\",\r\n    \"lastModifiedAt\": \"2021-10-18T21:49:14.6055305Z\"\r\n  }\r\n}",
      "StatusCode": 200
    },
    {
      "RequestUri": "/subscriptions/08615b4b-bc9c-4a70-be1b-2ea10bc97b52/resourceGroups/ps6956/providers/Microsoft.Network/networkManagers/ps970/networkGroups/ps5971?api-version=2021-02-01-preview",
      "EncodedRequestUri": "L3N1YnNjcmlwdGlvbnMvMDg2MTViNGItYmM5Yy00YTcwLWJlMWItMmVhMTBiYzk3YjUyL3Jlc291cmNlR3JvdXBzL3BzNjk1Ni9wcm92aWRlcnMvTWljcm9zb2Z0Lk5ldHdvcmsvbmV0d29ya01hbmFnZXJzL3BzOTcwL25ldHdvcmtHcm91cHMvcHM1OTcxP2FwaS12ZXJzaW9uPTIwMjEtMDItMDEtcHJldmlldw==",
      "RequestMethod": "DELETE",
      "RequestBody": "",
      "RequestHeaders": {
        "x-ms-client-request-id": [
          "4d108e41-7547-4b22-bb5a-a5ab6ea98fc6"
        ],
        "Accept-Language": [
          "en-US"
        ],
        "User-Agent": [
          "FxVersion/4.6.30411.01",
          "OSName/Windows",
          "OSVersion/Microsoft.Windows.10.0.19043.",
          "Microsoft.Azure.Management.Network.NetworkManagementClient/20.6.1.0.Beta.1"
        ]
      },
      "ResponseHeaders": {
        "Cache-Control": [
          "no-cache"
        ],
        "Pragma": [
          "no-cache"
        ],
        "Strict-Transport-Security": [
          "max-age=31536000; includeSubDomains"
        ],
        "Server": [
          "Kestrel"
        ],
        "x-ms-ratelimit-remaining-subscription-deletes": [
          "14999"
        ],
        "x-ms-request-id": [
          "7ca2b158-bfde-4d4b-932a-9f914ad4ef91"
        ],
        "x-ms-correlation-request-id": [
          "7ca2b158-bfde-4d4b-932a-9f914ad4ef91"
        ],
        "x-ms-routing-request-id": [
          "WESTUS:20211018T214916Z:7ca2b158-bfde-4d4b-932a-9f914ad4ef91"
        ],
        "X-Content-Type-Options": [
          "nosniff"
        ],
        "Date": [
          "Mon, 18 Oct 2021 21:49:16 GMT"
        ],
        "Expires": [
          "-1"
        ],
        "Content-Length": [
          "0"
        ]
      },
      "ResponseBody": "",
      "StatusCode": 200
    },
    {
      "RequestUri": "/subscriptions/08615b4b-bc9c-4a70-be1b-2ea10bc97b52/resourceGroups/ps6956/providers/Microsoft.Network/networkManagers/ps970?api-version=2021-02-01-preview",
      "EncodedRequestUri": "L3N1YnNjcmlwdGlvbnMvMDg2MTViNGItYmM5Yy00YTcwLWJlMWItMmVhMTBiYzk3YjUyL3Jlc291cmNlR3JvdXBzL3BzNjk1Ni9wcm92aWRlcnMvTWljcm9zb2Z0Lk5ldHdvcmsvbmV0d29ya01hbmFnZXJzL3BzOTcwP2FwaS12ZXJzaW9uPTIwMjEtMDItMDEtcHJldmlldw==",
      "RequestMethod": "DELETE",
      "RequestBody": "",
      "RequestHeaders": {
        "x-ms-client-request-id": [
          "c2918a77-562d-428d-ac09-120d2308cc49"
        ],
        "Accept-Language": [
          "en-US"
        ],
        "User-Agent": [
          "FxVersion/4.6.30411.01",
          "OSName/Windows",
          "OSVersion/Microsoft.Windows.10.0.19043.",
          "Microsoft.Azure.Management.Network.NetworkManagementClient/20.6.1.0.Beta.1"
        ]
      },
      "ResponseHeaders": {
        "Cache-Control": [
          "no-cache"
        ],
        "Pragma": [
          "no-cache"
        ],
        "Strict-Transport-Security": [
          "max-age=31536000; includeSubDomains"
        ],
        "Server": [
          "Kestrel"
        ],
        "x-ms-ratelimit-remaining-subscription-deletes": [
          "14998"
        ],
        "x-ms-request-id": [
          "e56a6ac3-cf55-43ad-b19b-2fd352374474"
        ],
        "x-ms-correlation-request-id": [
          "e56a6ac3-cf55-43ad-b19b-2fd352374474"
        ],
        "x-ms-routing-request-id": [
          "WESTUS:20211018T214918Z:e56a6ac3-cf55-43ad-b19b-2fd352374474"
        ],
        "X-Content-Type-Options": [
          "nosniff"
        ],
        "Date": [
          "Mon, 18 Oct 2021 21:49:18 GMT"
        ],
        "Expires": [
          "-1"
        ],
        "Content-Length": [
          "0"
        ]
      },
      "ResponseBody": "",
      "StatusCode": 200
    },
    {
      "RequestUri": "/subscriptions/08615b4b-bc9c-4a70-be1b-2ea10bc97b52/resourcegroups/ps6956?api-version=2016-09-01",
      "EncodedRequestUri": "L3N1YnNjcmlwdGlvbnMvMDg2MTViNGItYmM5Yy00YTcwLWJlMWItMmVhMTBiYzk3YjUyL3Jlc291cmNlZ3JvdXBzL3BzNjk1Nj9hcGktdmVyc2lvbj0yMDE2LTA5LTAx",
      "RequestMethod": "DELETE",
      "RequestBody": "",
      "RequestHeaders": {
        "x-ms-client-request-id": [
          "cb0162fa-be2c-413e-b5e5-6ed653890696"
        ],
        "Accept-Language": [
          "en-US"
        ],
        "User-Agent": [
          "FxVersion/4.6.30411.01",
          "OSName/Windows",
          "OSVersion/Microsoft.Windows.10.0.19043.",
          "Microsoft.Azure.Management.Internal.Resources.ResourceManagementClient/1.3.47"
        ]
      },
      "ResponseHeaders": {
        "Cache-Control": [
          "no-cache"
        ],
        "Pragma": [
          "no-cache"
        ],
        "Location": [
          "https://management.azure.com/subscriptions/08615b4b-bc9c-4a70-be1b-2ea10bc97b52/operationresults/eyJqb2JJZCI6IlJFU09VUkNFR1JPVVBERUxFVElPTkpPQi1QUzY5NTYtQ0VOVFJBTFVTRVVBUCIsImpvYkxvY2F0aW9uIjoiY2VudHJhbHVzZXVhcCJ9?api-version=2016-09-01"
        ],
        "Retry-After": [
          "15"
        ],
        "x-ms-ratelimit-remaining-subscription-deletes": [
          "14999"
        ],
        "x-ms-request-id": [
          "479f0292-d0de-402c-b2ce-657a0101a904"
        ],
        "x-ms-correlation-request-id": [
          "479f0292-d0de-402c-b2ce-657a0101a904"
        ],
        "x-ms-routing-request-id": [
          "WESTUS:20211018T214919Z:479f0292-d0de-402c-b2ce-657a0101a904"
        ],
        "Strict-Transport-Security": [
          "max-age=31536000; includeSubDomains"
        ],
        "X-Content-Type-Options": [
          "nosniff"
        ],
        "Date": [
          "Mon, 18 Oct 2021 21:49:18 GMT"
        ],
        "Expires": [
          "-1"
        ],
        "Content-Length": [
          "0"
        ]
      },
      "ResponseBody": "",
      "StatusCode": 202
    },
    {
      "RequestUri": "/subscriptions/08615b4b-bc9c-4a70-be1b-2ea10bc97b52/operationresults/eyJqb2JJZCI6IlJFU09VUkNFR1JPVVBERUxFVElPTkpPQi1QUzY5NTYtQ0VOVFJBTFVTRVVBUCIsImpvYkxvY2F0aW9uIjoiY2VudHJhbHVzZXVhcCJ9?api-version=2016-09-01",
      "EncodedRequestUri": "L3N1YnNjcmlwdGlvbnMvMDg2MTViNGItYmM5Yy00YTcwLWJlMWItMmVhMTBiYzk3YjUyL29wZXJhdGlvbnJlc3VsdHMvZXlKcWIySkpaQ0k2SWxKRlUwOVZVa05GUjFKUFZWQkVSVXhGVkVsUFRrcFBRaTFRVXpZNU5UWXRRMFZPVkZKQlRGVlRSVlZCVUNJc0ltcHZZa3h2WTJGMGFXOXVJam9pWTJWdWRISmhiSFZ6WlhWaGNDSjk/YXBpLXZlcnNpb249MjAxNi0wOS0wMQ==",
      "RequestMethod": "GET",
      "RequestBody": "",
      "RequestHeaders": {
        "User-Agent": [
          "FxVersion/4.6.30411.01",
          "OSName/Windows",
          "OSVersion/Microsoft.Windows.10.0.19043.",
          "Microsoft.Azure.Management.Internal.Resources.ResourceManagementClient/1.3.47"
        ]
      },
      "ResponseHeaders": {
        "Cache-Control": [
          "no-cache"
        ],
        "Pragma": [
          "no-cache"
        ],
        "x-ms-ratelimit-remaining-subscription-reads": [
          "11999"
        ],
        "x-ms-request-id": [
          "db4ed5f7-2d56-40f2-b34a-f0a12655e13d"
        ],
        "x-ms-correlation-request-id": [
          "db4ed5f7-2d56-40f2-b34a-f0a12655e13d"
        ],
        "x-ms-routing-request-id": [
          "WESTUS:20211018T214934Z:db4ed5f7-2d56-40f2-b34a-f0a12655e13d"
        ],
        "Strict-Transport-Security": [
          "max-age=31536000; includeSubDomains"
        ],
        "X-Content-Type-Options": [
          "nosniff"
        ],
        "Date": [
          "Mon, 18 Oct 2021 21:49:33 GMT"
        ],
        "Expires": [
          "-1"
        ],
        "Content-Length": [
          "0"
        ]
      },
      "ResponseBody": "",
      "StatusCode": 200
    },
    {
      "RequestUri": "/subscriptions/08615b4b-bc9c-4a70-be1b-2ea10bc97b52/operationresults/eyJqb2JJZCI6IlJFU09VUkNFR1JPVVBERUxFVElPTkpPQi1QUzY5NTYtQ0VOVFJBTFVTRVVBUCIsImpvYkxvY2F0aW9uIjoiY2VudHJhbHVzZXVhcCJ9?api-version=2016-09-01",
      "EncodedRequestUri": "L3N1YnNjcmlwdGlvbnMvMDg2MTViNGItYmM5Yy00YTcwLWJlMWItMmVhMTBiYzk3YjUyL29wZXJhdGlvbnJlc3VsdHMvZXlKcWIySkpaQ0k2SWxKRlUwOVZVa05GUjFKUFZWQkVSVXhGVkVsUFRrcFBRaTFRVXpZNU5UWXRRMFZPVkZKQlRGVlRSVlZCVUNJc0ltcHZZa3h2WTJGMGFXOXVJam9pWTJWdWRISmhiSFZ6WlhWaGNDSjk/YXBpLXZlcnNpb249MjAxNi0wOS0wMQ==",
      "RequestMethod": "GET",
      "RequestBody": "",
      "RequestHeaders": {
        "User-Agent": [
          "FxVersion/4.6.30411.01",
          "OSName/Windows",
          "OSVersion/Microsoft.Windows.10.0.19043.",
          "Microsoft.Azure.Management.Internal.Resources.ResourceManagementClient/1.3.47"
        ]
      },
      "ResponseHeaders": {
        "Cache-Control": [
          "no-cache"
        ],
        "Pragma": [
          "no-cache"
        ],
        "x-ms-ratelimit-remaining-subscription-reads": [
          "11998"
        ],
        "x-ms-request-id": [
          "c9e8f72f-4348-482f-943f-cd86fff5e345"
        ],
        "x-ms-correlation-request-id": [
          "c9e8f72f-4348-482f-943f-cd86fff5e345"
        ],
        "x-ms-routing-request-id": [
          "WESTUS:20211018T214934Z:c9e8f72f-4348-482f-943f-cd86fff5e345"
        ],
        "Strict-Transport-Security": [
          "max-age=31536000; includeSubDomains"
        ],
        "X-Content-Type-Options": [
          "nosniff"
        ],
        "Date": [
          "Mon, 18 Oct 2021 21:49:33 GMT"
        ],
        "Expires": [
          "-1"
        ],
        "Content-Length": [
          "0"
        ]
      },
      "ResponseBody": "",
      "StatusCode": 200
    }
  ],
  "Names": {
    "Test-NetworkManagerGroupCRUD": [
      "ps6956",
      "ps970",
      "ps5971"
    ]
  },
  "Variables": {
    "SubscriptionId": "08615b4b-bc9c-4a70-be1b-2ea10bc97b52"
  }
}