{
  "Move-AzOperationalInsightsTable+[NoContext]+Migrate+$PUT+https://management.azure.com/subscriptions/57947cb5-aadd-4b6c-9e8e-27f545bb7bf5/resourcegroups/dabenham-dev/providers/Microsoft.OperationalInsights/workspaces/dabenham-PSH2/tables/dabenhamKuku3_CL?api-version=2021-12-01-preview+1": {
    "Request": {
      "Method": "PUT",
      "RequestUri": "https://management.azure.com/subscriptions/57947cb5-aadd-4b6c-9e8e-27f545bb7bf5/resourcegroups/dabenham-dev/providers/Microsoft.OperationalInsights/workspaces/dabenham-PSH2/tables/dabenhamKuku3_CL?api-version=2021-12-01-preview",
      "Content": "{\n  \"properties\": {\n    \"schema\": {\n      \"name\": \"dabenhamKuku3_CL\",\n      \"columns\": [\n        {\n          \"name\": \"SourceSystem\",\n          \"type\": \"string\",\n          \"description\": \"Type of agent the data was collected from. Possible values are OpsManager (Windows agent) or Linux.\"\n        },\n        {\n          \"name\": \"TimeGenerated\",\n          \"type\": \"datetime\",\n          \"description\": \"Date and time the record was created.\"\n        }\n      ]\n    },\n    \"retentionInDays\": 33,\n    \"totalRetentionInDays\": 55\n  }\n}",
      "isContentBase64": false,
      "Headers": {
      },
      "ContentHeaders": {
        "Content-Type": [ "application/json" ],
        "Content-Length": [ "527" ]
      }
    },
    "Response": {
      "StatusCode": 202,
      "Headers": {
        "Cache-Control": [ "no-cache" ],
        "Pragma": [ "no-cache" ],
        "Location": [ "https://management.azure.com/subscriptions/57947cb5-aadd-4b6c-9e8e-27f545bb7bf5/resourcegroups/dabenham-dev/providers/Microsoft.OperationalInsights/workspaces/dabenham-PSH2/tables/dabenhamKuku3_CL/operationresults/c7e8dfd9-f0d2-478d-8ea6-07144978e1a9?api-version=2021-12-01-preview" ],
        "Azure-AsyncOperation": [ "https://management.azure.com/subscriptions/57947cb5-aadd-4b6c-9e8e-27f545bb7bf5/providers/Microsoft.OperationalInsights/locations/eastus/operationStatuses/c7e8dfd9-f0d2-478d-8ea6-07144978e1a9?api-version=2015-11-01-preview" ],
        "X-AMS-APIVersion": [ "WebAPI1.0" ],
        "CacheControl": [ "no-cache" ],
        "x-ms-request-id": [ "e1634aee-60e2-4a45-8968-359015936497" ],
        "Strict-Transport-Security": [ "max-age=31536000; includeSubDomains" ],
        "X-Content-Type-Options": [ "nosniff" ],
        "Server": [ "Microsoft-IIS/10.0", "Microsoft-IIS/10.0" ],
        "X-Powered-By": [ "ASP.NET", "ASP.NET" ],
        "x-ms-ratelimit-remaining-subscription-writes": [ "1199" ],
        "x-ms-correlation-request-id": [ "c4417c82-ac5e-41c5-a5ec-57598044f9b1" ],
        "x-ms-routing-request-id": [ "SWITZERLANDWEST:20220307T082750Z:c4417c82-ac5e-41c5-a5ec-57598044f9b1" ],
        "Date": [ "Mon, 07 Mar 2022 08:27:50 GMT" ]
      },
      "ContentHeaders": {
        "Expires": [ "-1" ],
        "Content-Length": [ "0" ]
      },
      "Content": null,
      "isContentBase64": false
    }
  },
  "Move-AzOperationalInsightsTable+[NoContext]+Migrate+$GET+https://management.azure.com/subscriptions/57947cb5-aadd-4b6c-9e8e-27f545bb7bf5/providers/Microsoft.OperationalInsights/locations/eastus/operationStatuses/c7e8dfd9-f0d2-478d-8ea6-07144978e1a9?api-version=2015-11-01-preview+2": {
    "Request": {
      "Method": "GET",
      "RequestUri": "https://management.azure.com/subscriptions/57947cb5-aadd-4b6c-9e8e-27f545bb7bf5/providers/Microsoft.OperationalInsights/locations/eastus/operationStatuses/c7e8dfd9-f0d2-478d-8ea6-07144978e1a9?api-version=2015-11-01-preview",
      "Content": null,
      "isContentBase64": false,
      "Headers": {
        "Authorization": [ "[Filtered]" ],
        "x-ms-unique-id": [ "7" ],
        "x-ms-client-request-id": [ "9c70c0e4-781d-4074-8e9e-f362fdff411a" ],
        "CommandName": [ "New-AzOperationalInsightsTable" ],
        "FullCommandName": [ "New-AzOperationalInsightsTable_CreateExpanded" ],
        "ParameterSetName": [ "__AllParameterSets" ],
        "User-Agent": [ "AzurePowershell/Az4.0.0-preview" ]
      },
      "ContentHeaders": {
      }
    },
    "Response": {
      "StatusCode": 200,
      "Headers": {
        "Cache-Control": [ "no-cache" ],
        "Pragma": [ "no-cache" ],
        "X-AMS-APIVersion": [ "WebAPI1.0" ],
        "CacheControl": [ "no-cache" ],
        "x-ms-request-id": [ "a365278b-8e7b-4a8b-b149-f3fb2dc77294" ],
        "Strict-Transport-Security": [ "max-age=31536000; includeSubDomains" ],
        "X-Content-Type-Options": [ "nosniff" ],
        "Server": [ "Microsoft-IIS/10.0", "Microsoft-IIS/10.0" ],
        "X-Powered-By": [ "ASP.NET", "ASP.NET" ],
        "x-ms-ratelimit-remaining-subscription-reads": [ "11994" ],
        "x-ms-correlation-request-id": [ "b6a39972-b444-44d3-bf61-15272caa9c71" ],
        "x-ms-routing-request-id": [ "SWITZERLANDWEST:20220307T082821Z:b6a39972-b444-44d3-bf61-15272caa9c71" ],
        "Date": [ "Mon, 07 Mar 2022 08:28:20 GMT" ]
      },
      "ContentHeaders": {
        "Content-Length": [ "306" ],
        "Content-Type": [ "application/json; charset=utf-8" ],
        "Expires": [ "-1" ]
      },
      "Content": "{\r\n  \"status\": \"InProgress\",\r\n  \"name\": \"c7e8dfd9-f0d2-478d-8ea6-07144978e1a9\",\r\n  \"id\": \"/subscriptions/57947cb5-aadd-4b6c-9e8e-27f545bb7bf5/providers/Microsoft.OperationalInsights/locations/eastus/operationStatuses/c7e8dfd9-f0d2-478d-8ea6-07144978e1a9\",\r\n  \"startTime\": \"Mon, 07 Mar 2022 08:27:50 GMT\"\r\n}",
      "isContentBase64": false
    }
  },
  "Move-AzOperationalInsightsTable+[NoContext]+Migrate+$GET+https://management.azure.com/subscriptions/57947cb5-aadd-4b6c-9e8e-27f545bb7bf5/providers/Microsoft.OperationalInsights/locations/eastus/operationStatuses/c7e8dfd9-f0d2-478d-8ea6-07144978e1a9?api-version=2015-11-01-preview+3": {
    "Request": {
      "Method": "GET",
      "RequestUri": "https://management.azure.com/subscriptions/57947cb5-aadd-4b6c-9e8e-27f545bb7bf5/providers/Microsoft.OperationalInsights/locations/eastus/operationStatuses/c7e8dfd9-f0d2-478d-8ea6-07144978e1a9?api-version=2015-11-01-preview",
      "Content": null,
      "isContentBase64": false,
      "Headers": {
        "Authorization": [ "[Filtered]" ],
        "x-ms-unique-id": [ "8" ],
        "x-ms-client-request-id": [ "9c70c0e4-781d-4074-8e9e-f362fdff411a" ],
        "CommandName": [ "New-AzOperationalInsightsTable" ],
        "FullCommandName": [ "New-AzOperationalInsightsTable_CreateExpanded" ],
        "ParameterSetName": [ "__AllParameterSets" ],
        "User-Agent": [ "AzurePowershell/Az4.0.0-preview" ]
      },
      "ContentHeaders": {
      }
    },
    "Response": {
      "StatusCode": 200,
      "Headers": {
        "Cache-Control": [ "no-cache" ],
        "Pragma": [ "no-cache" ],
        "X-AMS-APIVersion": [ "WebAPI1.0" ],
        "CacheControl": [ "no-cache" ],
        "x-ms-request-id": [ "f2d1dd30-5120-461e-9026-3b5af14da6c7" ],
        "Strict-Transport-Security": [ "max-age=31536000; includeSubDomains" ],
        "X-Content-Type-Options": [ "nosniff" ],
        "Server": [ "Microsoft-IIS/10.0", "Microsoft-IIS/10.0" ],
        "X-Powered-By": [ "ASP.NET", "ASP.NET" ],
        "x-ms-ratelimit-remaining-subscription-reads": [ "11993" ],
        "x-ms-correlation-request-id": [ "2efdbcac-c812-411b-b43b-7632b38efabc" ],
        "x-ms-routing-request-id": [ "SWITZERLANDWEST:20220307T082851Z:2efdbcac-c812-411b-b43b-7632b38efabc" ],
        "Date": [ "Mon, 07 Mar 2022 08:28:50 GMT" ]
      },
      "ContentHeaders": {
        "Content-Length": [ "352" ],
        "Content-Type": [ "application/json; charset=utf-8" ],
        "Expires": [ "-1" ]
      },
      "Content": "{\r\n  \"status\": \"Succeeded\",\r\n  \"name\": \"c7e8dfd9-f0d2-478d-8ea6-07144978e1a9\",\r\n  \"id\": \"/subscriptions/57947cb5-aadd-4b6c-9e8e-27f545bb7bf5/providers/Microsoft.OperationalInsights/locations/eastus/operationStatuses/c7e8dfd9-f0d2-478d-8ea6-07144978e1a9\",\r\n  \"startTime\": \"Mon, 07 Mar 2022 08:27:50 GMT\",\r\n  \"endTime\": \"Mon, 07 Mar 2022 08:28:45 GMT\"\r\n}",
      "isContentBase64": false
    }
  },
  "Move-AzOperationalInsightsTable+[NoContext]+Migrate+$GET+https://management.azure.com/subscriptions/57947cb5-aadd-4b6c-9e8e-27f545bb7bf5/resourcegroups/dabenham-dev/providers/Microsoft.OperationalInsights/workspaces/dabenham-PSH2/tables/dabenhamKuku3_CL?api-version=2021-12-01-preview+4": {
    "Request": {
      "Method": "GET",
      "RequestUri": "https://management.azure.com/subscriptions/57947cb5-aadd-4b6c-9e8e-27f545bb7bf5/resourcegroups/dabenham-dev/providers/Microsoft.OperationalInsights/workspaces/dabenham-PSH2/tables/dabenhamKuku3_CL?api-version=2021-12-01-preview",
      "Content": null,
      "isContentBase64": false,
      "Headers": {
        "Authorization": [ "[Filtered]" ],
        "x-ms-unique-id": [ "9" ],
        "x-ms-client-request-id": [ "9c70c0e4-781d-4074-8e9e-f362fdff411a" ],
        "CommandName": [ "New-AzOperationalInsightsTable" ],
        "FullCommandName": [ "New-AzOperationalInsightsTable_CreateExpanded" ],
        "ParameterSetName": [ "__AllParameterSets" ],
        "User-Agent": [ "AzurePowershell/Az4.0.0-preview" ]
      },
      "ContentHeaders": {
      }
    },
    "Response": {
      "StatusCode": 200,
      "Headers": {
        "Cache-Control": [ "no-cache" ],
        "Pragma": [ "no-cache" ],
        "X-AMS-APIVersion": [ "WebAPI1.0" ],
        "CacheControl": [ "no-cache" ],
        "x-ms-request-id": [ "00dcaefc-1f81-4070-bf6d-51ddd7027b72" ],
        "Strict-Transport-Security": [ "max-age=31536000; includeSubDomains" ],
        "X-Content-Type-Options": [ "nosniff" ],
        "Server": [ "Microsoft-IIS/10.0", "Microsoft-IIS/10.0" ],
        "X-Powered-By": [ "ASP.NET", "ASP.NET" ],
        "x-ms-ratelimit-remaining-subscription-reads": [ "11992" ],
        "x-ms-correlation-request-id": [ "b3906ab1-e5ad-456a-b679-696cde928ad6" ],
        "x-ms-routing-request-id": [ "SWITZERLANDWEST:20220307T082851Z:b3906ab1-e5ad-456a-b679-696cde928ad6" ],
        "Date": [ "Mon, 07 Mar 2022 08:28:50 GMT" ]
      },
      "ContentHeaders": {
        "Content-Length": [ "1320" ],
        "Content-Type": [ "application/json; charset=utf-8" ],
        "Expires": [ "-1" ]
      },
      "Content": "{\r\n  \"properties\": {\r\n    \"totalRetentionInDays\": 55,\r\n    \"archiveRetentionInDays\": 22,\r\n    \"plan\": \"Analytics\",\r\n    \"schema\": {\r\n      \"tableSubType\": \"DataCollectionRuleBased\",\r\n      \"name\": \"dabenhamKuku3_CL\",\r\n      \"tableType\": \"CustomLog\",\r\n      \"columns\": [\r\n        {\r\n          \"name\": \"SourceSystem\",\r\n          \"type\": \"string\",\r\n          \"description\": \"Type of agent the data was collected from. Possible values are OpsManager (Windows agent) or Linux.\",\r\n          \"isDefaultDisplay\": false,\r\n          \"isHidden\": false\r\n        },\r\n        {\r\n          \"name\": \"TimeGenerated\",\r\n          \"type\": \"datetime\",\r\n          \"description\": \"Date and time the record was created.\",\r\n          \"isDefaultDisplay\": false,\r\n          \"isHidden\": false\r\n        }\r\n      ],\r\n      \"standardColumns\": [\r\n        {\r\n          \"name\": \"TenantId\",\r\n          \"type\": \"guid\",\r\n          \"isDefaultDisplay\": false,\r\n          \"isHidden\": false\r\n        }\r\n      ],\r\n      \"solutions\": [\r\n        \"LogManagement\"\r\n      ]\r\n    },\r\n    \"provisioningState\": \"Succeeded\",\r\n    \"retentionInDays\": 33\r\n  },\r\n  \"id\": \"/subscriptions/57947cb5-aadd-4b6c-9e8e-27f545bb7bf5/resourcegroups/dabenham-dev/providers/Microsoft.OperationalInsights/workspaces/dabenham-PSH2/tables/dabenhamKuku3_CL\",\r\n  \"name\": \"dabenhamKuku3_CL\"\r\n}",
      "isContentBase64": false
    }
  },
  "Move-AzOperationalInsightsTable+[NoContext]+Migrate+$POST+https://management.azure.com/subscriptions/57947cb5-aadd-4b6c-9e8e-27f545bb7bf5/resourcegroups/dabenham-dev/providers/Microsoft.OperationalInsights/workspaces/dabenham-PSH2/tables/dabenhamKuku3_CL/migrate?api-version=2021-12-01-preview+5": {
    "Request": {
      "Method": "POST",
      "RequestUri": "https://management.azure.com/subscriptions/57947cb5-aadd-4b6c-9e8e-27f545bb7bf5/resourcegroups/dabenham-dev/providers/Microsoft.OperationalInsights/workspaces/dabenham-PSH2/tables/dabenhamKuku3_CL/migrate?api-version=2021-12-01-preview",
      "Content": null,
      "isContentBase64": false,
      "Headers": {
        "x-ms-unique-id": [ "10" ],
        "x-ms-client-request-id": [ "78d6dab4-1de4-4ea7-9a2c-c9391670c2c7" ],
        "CommandName": [ "Move-AzOperationalInsightsTable" ],
        "FullCommandName": [ "Move-AzOperationalInsightsTable_Migrate" ],
        "ParameterSetName": [ "__AllParameterSets" ],
        "User-Agent": [ "AzurePowershell/Az4.0.0-preview" ],
        "Authorization": [ "[Filtered]" ]
      },
      "ContentHeaders": {
      }
    },
    "Response": {
      "StatusCode": 400,
      "Headers": {
        "Cache-Control": [ "no-cache" ],
        "Pragma": [ "no-cache" ],
        "X-AMS-APIVersion": [ "WebAPI1.0" ],
        "CacheControl": [ "no-cache" ],
        "x-ms-request-id": [ "92b196be-3650-46f2-8e7e-b6d6bb989e65" ],
        "Strict-Transport-Security": [ "max-age=31536000; includeSubDomains" ],
        "X-Content-Type-Options": [ "nosniff" ],
        "Server": [ "Microsoft-IIS/10.0", "Microsoft-IIS/10.0" ],
        "X-Powered-By": [ "ASP.NET", "ASP.NET" ],
        "x-ms-ratelimit-remaining-subscription-writes": [ "1199" ],
        "x-ms-correlation-request-id": [ "e0624633-af14-40d3-a2f3-b106e60814f1" ],
        "x-ms-routing-request-id": [ "SWITZERLANDWEST:20220307T082859Z:e0624633-af14-40d3-a2f3-b106e60814f1" ],
        "Date": [ "Mon, 07 Mar 2022 08:28:59 GMT" ]
      },
      "ContentHeaders": {
        "Content-Length": [ "102" ],
        "Content-Type": [ "application/json; charset=utf-8" ],
        "Expires": [ "-1" ]
      },
      "Content": "{\"error\":{\"code\":\"BadRequest\",\"message\":\"Migrating non Classic table dabenhamKuku3_CL is forbidden.\"}}",
      "isContentBase64": false
    }
  }
}