{
  "New-AzOperationalInsightsWorkspace+[NoContext]+CreateExpanded+$PUT+https://management.azure.com/subscriptions/57947cb5-aadd-4b6c-9e8e-27f545bb7bf5/resourcegroups/dabenham-dev/providers/Microsoft.OperationalInsights/workspaces/danielKukuPsh?api-version=2021-12-01-preview+1": {
    "Request": {
      "Method": "PUT",
      "RequestUri": "https://management.azure.com/subscriptions/57947cb5-aadd-4b6c-9e8e-27f545bb7bf5/resourcegroups/dabenham-dev/providers/Microsoft.OperationalInsights/workspaces/danielKukuPsh?api-version=2021-12-01-preview",
      "Content": "{\n  \"location\": \"EastUS\"\n}",
      "isContentBase64": false,
      "Headers": {
      },
      "ContentHeaders": {
        "Content-Type": [ "application/json" ],
        "Content-Length": [ "26" ]
      }
    },
    "Response": {
      "StatusCode": 201,
      "Headers": {
        "Cache-Control": [ "no-cache" ],
        "Pragma": [ "no-cache" ],
        "x-ms-request-id": [ "5555d699-9bda-4983-a0e6-d310642e8861" ],
        "Strict-Transport-Security": [ "max-age=31536000; includeSubDomains" ],
        "X-Content-Type-Options": [ "nosniff" ],
        "Server": [ "Microsoft-IIS/10.0", "Microsoft-IIS/10.0" ],
        "X-Powered-By": [ "ASP.NET", "ASP.NET" ],
        "x-ms-ratelimit-remaining-subscription-writes": [ "1197" ],
        "x-ms-correlation-request-id": [ "472bb7a5-b486-418a-bfe2-f2d05806eec4" ],
        "x-ms-routing-request-id": [ "SWITZERLANDWEST:20220307T083029Z:472bb7a5-b486-418a-bfe2-f2d05806eec4" ],
        "Date": [ "Mon, 07 Mar 2022 08:30:28 GMT" ]
      },
      "ContentHeaders": {
        "Content-Length": [ "999" ],
        "Content-Type": [ "application/json" ]
      },
      "Content": "{\r\n  \"properties\": {\r\n    \"source\": \"Azure\",\r\n    \"customerId\": \"ebf86d2a-21f9-4485-8dcd-3750568738a9\",\r\n    \"provisioningState\": \"Creating\",\r\n    \"sku\": {\r\n      \"name\": \"pergb2018\"\r\n    },\r\n    \"retentionInDays\": 30,\r\n    \"features\": {\r\n      \"legacy\": 0,\r\n      \"searchVersion\": 1,\r\n      \"enableLogAccessUsingOnlyResourcePermissions\": true\r\n    },\r\n    \"workspaceCapping\": {\r\n      \"dailyQuotaGb\": -1.0,\r\n      \"quotaNextResetTime\": \"Tue, 08 Mar 2022 00:00:00 GMT\",\r\n      \"dataIngestionStatus\": \"RespectQuota\"\r\n    },\r\n    \"publicNetworkAccessForIngestion\": \"Enabled\",\r\n    \"publicNetworkAccessForQuery\": \"Enabled\",\r\n    \"createdDate\": \"Mon, 07 Mar 2022 08:30:28 GMT\",\r\n    \"modifiedDate\": \"Mon, 07 Mar 2022 08:30:28 GMT\"\r\n  },\r\n  \"id\": \"/subscriptions/57947cb5-aadd-4b6c-9e8e-27f545bb7bf5/resourcegroups/dabenham-dev/providers/microsoft.operationalinsights/workspaces/danielkukupsh\",\r\n  \"name\": \"danielKukuPsh\",\r\n  \"type\": \"Microsoft.OperationalInsights/workspaces\",\r\n  \"location\": \"EastUS\"\r\n}",
      "isContentBase64": false
    }
  },
  "New-AzOperationalInsightsWorkspace+[NoContext]+CreateExpanded+$GET+https://management.azure.com/subscriptions/57947cb5-aadd-4b6c-9e8e-27f545bb7bf5/resourcegroups/dabenham-dev/providers/Microsoft.OperationalInsights/workspaces/danielKukuPsh?api-version=2021-12-01-preview+2": {
    "Request": {
      "Method": "GET",
      "RequestUri": "https://management.azure.com/subscriptions/57947cb5-aadd-4b6c-9e8e-27f545bb7bf5/resourcegroups/dabenham-dev/providers/Microsoft.OperationalInsights/workspaces/danielKukuPsh?api-version=2021-12-01-preview",
      "Content": null,
      "isContentBase64": false,
      "Headers": {
        "Authorization": [ "[Filtered]" ],
        "x-ms-unique-id": [ "16" ],
        "x-ms-client-request-id": [ "45dc41a0-53f8-4ad6-9212-1a0a92887e8b" ],
        "CommandName": [ "New-AzOperationalInsightsWorkspace" ],
        "FullCommandName": [ "New-AzOperationalInsightsWorkspace_CreateExpanded" ],
        "ParameterSetName": [ "__AllParameterSets" ],
        "User-Agent": [ "AzurePowershell/Az4.0.0-preview" ]
      },
      "ContentHeaders": {
      }
    },
    "Response": {
      "StatusCode": 200,
      "Headers": {
        "Cache-Control": [ "no-cache" ],
        "Pragma": [ "no-cache" ],
        "x-ms-request-id": [ "3cc7d40e-466a-4b74-acd8-4a26bff8b26b" ],
        "Strict-Transport-Security": [ "max-age=31536000; includeSubDomains" ],
        "X-Content-Type-Options": [ "nosniff" ],
        "Server": [ "Microsoft-IIS/10.0", "Microsoft-IIS/10.0" ],
        "X-Powered-By": [ "ASP.NET", "ASP.NET" ],
        "x-ms-ratelimit-remaining-subscription-reads": [ "11988" ],
        "x-ms-correlation-request-id": [ "5b154831-c349-4fa1-a8d0-30a11e2fe679" ],
        "x-ms-routing-request-id": [ "SWITZERLANDWEST:20220307T083059Z:5b154831-c349-4fa1-a8d0-30a11e2fe679" ],
        "Date": [ "Mon, 07 Mar 2022 08:30:58 GMT" ]
      },
      "ContentHeaders": {
        "Content-Length": [ "1000" ],
        "Content-Type": [ "application/json" ]
      },
      "Content": "{\r\n  \"properties\": {\r\n    \"source\": \"Azure\",\r\n    \"customerId\": \"ebf86d2a-21f9-4485-8dcd-3750568738a9\",\r\n    \"provisioningState\": \"Succeeded\",\r\n    \"sku\": {\r\n      \"name\": \"pergb2018\"\r\n    },\r\n    \"retentionInDays\": 30,\r\n    \"features\": {\r\n      \"legacy\": 0,\r\n      \"searchVersion\": 1,\r\n      \"enableLogAccessUsingOnlyResourcePermissions\": true\r\n    },\r\n    \"workspaceCapping\": {\r\n      \"dailyQuotaGb\": -1.0,\r\n      \"quotaNextResetTime\": \"Tue, 08 Mar 2022 00:00:00 GMT\",\r\n      \"dataIngestionStatus\": \"RespectQuota\"\r\n    },\r\n    \"publicNetworkAccessForIngestion\": \"Enabled\",\r\n    \"publicNetworkAccessForQuery\": \"Enabled\",\r\n    \"createdDate\": \"Mon, 07 Mar 2022 08:30:28 GMT\",\r\n    \"modifiedDate\": \"Mon, 07 Mar 2022 08:30:29 GMT\"\r\n  },\r\n  \"id\": \"/subscriptions/57947cb5-aadd-4b6c-9e8e-27f545bb7bf5/resourcegroups/dabenham-dev/providers/microsoft.operationalinsights/workspaces/danielkukupsh\",\r\n  \"name\": \"danielKukuPsh\",\r\n  \"type\": \"Microsoft.OperationalInsights/workspaces\",\r\n  \"location\": \"EastUS\"\r\n}",
      "isContentBase64": false
    }
  },
  "New-AzOperationalInsightsWorkspace+[NoContext]+CreateExpanded+$GET+https://management.azure.com/subscriptions/57947cb5-aadd-4b6c-9e8e-27f545bb7bf5/resourcegroups/dabenham-dev/providers/Microsoft.OperationalInsights/workspaces/danielKukuPsh?api-version=2021-12-01-preview+3": {
    "Request": {
      "Method": "GET",
      "RequestUri": "https://management.azure.com/subscriptions/57947cb5-aadd-4b6c-9e8e-27f545bb7bf5/resourcegroups/dabenham-dev/providers/Microsoft.OperationalInsights/workspaces/danielKukuPsh?api-version=2021-12-01-preview",
      "Content": null,
      "isContentBase64": false,
      "Headers": {
        "Authorization": [ "[Filtered]" ],
        "x-ms-unique-id": [ "17" ],
        "x-ms-client-request-id": [ "45dc41a0-53f8-4ad6-9212-1a0a92887e8b" ],
        "CommandName": [ "New-AzOperationalInsightsWorkspace" ],
        "FullCommandName": [ "New-AzOperationalInsightsWorkspace_CreateExpanded" ],
        "ParameterSetName": [ "__AllParameterSets" ],
        "User-Agent": [ "AzurePowershell/Az4.0.0-preview" ]
      },
      "ContentHeaders": {
      }
    },
    "Response": {
      "StatusCode": 200,
      "Headers": {
        "Cache-Control": [ "no-cache" ],
        "Pragma": [ "no-cache" ],
        "x-ms-request-id": [ "acf87249-8d9e-4549-b751-c8224d47e503" ],
        "Strict-Transport-Security": [ "max-age=31536000; includeSubDomains" ],
        "X-Content-Type-Options": [ "nosniff" ],
        "Server": [ "Microsoft-IIS/10.0", "Microsoft-IIS/10.0" ],
        "X-Powered-By": [ "ASP.NET", "ASP.NET" ],
        "x-ms-ratelimit-remaining-subscription-reads": [ "11987" ],
        "x-ms-correlation-request-id": [ "8178934b-5001-4d10-b660-b5401cf4397b" ],
        "x-ms-routing-request-id": [ "SWITZERLANDWEST:20220307T083059Z:8178934b-5001-4d10-b660-b5401cf4397b" ],
        "Date": [ "Mon, 07 Mar 2022 08:30:58 GMT" ]
      },
      "ContentHeaders": {
        "Content-Length": [ "1000" ],
        "Content-Type": [ "application/json" ]
      },
      "Content": "{\r\n  \"properties\": {\r\n    \"source\": \"Azure\",\r\n    \"customerId\": \"ebf86d2a-21f9-4485-8dcd-3750568738a9\",\r\n    \"provisioningState\": \"Succeeded\",\r\n    \"sku\": {\r\n      \"name\": \"pergb2018\"\r\n    },\r\n    \"retentionInDays\": 30,\r\n    \"features\": {\r\n      \"legacy\": 0,\r\n      \"searchVersion\": 1,\r\n      \"enableLogAccessUsingOnlyResourcePermissions\": true\r\n    },\r\n    \"workspaceCapping\": {\r\n      \"dailyQuotaGb\": -1.0,\r\n      \"quotaNextResetTime\": \"Tue, 08 Mar 2022 00:00:00 GMT\",\r\n      \"dataIngestionStatus\": \"RespectQuota\"\r\n    },\r\n    \"publicNetworkAccessForIngestion\": \"Enabled\",\r\n    \"publicNetworkAccessForQuery\": \"Enabled\",\r\n    \"createdDate\": \"Mon, 07 Mar 2022 08:30:28 GMT\",\r\n    \"modifiedDate\": \"Mon, 07 Mar 2022 08:30:29 GMT\"\r\n  },\r\n  \"id\": \"/subscriptions/57947cb5-aadd-4b6c-9e8e-27f545bb7bf5/resourcegroups/dabenham-dev/providers/microsoft.operationalinsights/workspaces/danielkukupsh\",\r\n  \"name\": \"danielKukuPsh\",\r\n  \"type\": \"Microsoft.OperationalInsights/workspaces\",\r\n  \"location\": \"EastUS\"\r\n}",
      "isContentBase64": false
    }
  }
}