{
  "Entries": [
    {
      "RequestUri": "/db1ab6f0-4769-4b27-930e-01e2ef9c123c/services/WATM/profiles",
      "RequestMethod": "GET",
      "RequestBody": "",
      "RequestHeaders": {
        "x-ms-version": [
          "2011-10-01"
        ],
        "User-Agent": [
          "Microsoft.WindowsAzure.Management.TrafficManager.TrafficManagerManagementClient/0.9.0.0",
          "WindowsAzurePowershell/v0.8.5"
        ]
      },
      "ResponseBody": "<Profiles xmlns=\"http://schemas.microsoft.com/windowsazure\" xmlns:i=\"http://www.w3.org/2001/XMLSchema-instance\">\r\n  <Profile>\r\n    <DomainName>cool-profile.trafficmanager.net</DomainName>\r\n    <Name>cool-profile</Name>\r\n    <Status>Enabled</Status>\r\n    <StatusDetails>\r\n      <EnabledVersion>1</EnabledVersion>\r\n    </StatusDetails>\r\n    <Definitions>\r\n      <Definition>\r\n        <Status>Enabled</Status>\r\n        <Version>1</Version>\r\n      </Definition>\r\n    </Definitions>\r\n  </Profile>\r\n  <Profile>\r\n    <DomainName>onesdk8117.trafficmanager.net</DomainName>\r\n    <Name>onesdk8117</Name>\r\n    <Status>Enabled</Status>\r\n    <StatusDetails>\r\n      <EnabledVersion>1</EnabledVersion>\r\n    </StatusDetails>\r\n    <Definitions>\r\n      <Definition>\r\n        <Status>Enabled</Status>\r\n        <Version>1</Version>\r\n      </Definition>\r\n    </Definitions>\r\n  </Profile>\r\n</Profiles>",
      "ResponseHeaders": {
        "x-ms-servedbyregion": [
          "ussouth2"
        ],
        "X-Content-Type-Options": [
          "nosniff"
        ],
        "x-ms-request-id": [
          "4ee4ac2f1771cb19834027c75c8583b5"
        ],
        "Cache-Control": [
          "no-cache"
        ],
        "Date": [
          "Thu, 24 Jul 2014 00:11:29 GMT"
        ],
        "Server": [
          "1.0.6198.108",
          "(rd_rdfe_stable.140717-0053)",
          "Microsoft-HTTPAPI/2.0"
        ],
        "X-AspNet-Version": [
          "4.0.30319"
        ],
        "X-Powered-By": [
          "ASP.NET"
        ]
      },
      "StatusCode": 200
    },
    {
      "RequestUri": "/db1ab6f0-4769-4b27-930e-01e2ef9c123c/services/WATM/profiles",
      "RequestMethod": "GET",
      "RequestBody": "",
      "RequestHeaders": {
        "x-ms-version": [
          "2011-10-01"
        ],
        "User-Agent": [
          "Microsoft.WindowsAzure.Management.TrafficManager.TrafficManagerManagementClient/0.9.0.0",
          "WindowsAzurePowershell/v0.8.5"
        ]
      },
      "ResponseBody": "<Profiles xmlns=\"http://schemas.microsoft.com/windowsazure\" xmlns:i=\"http://www.w3.org/2001/XMLSchema-instance\">\r\n  <Profile>\r\n    <DomainName>cool-profile.trafficmanager.net</DomainName>\r\n    <Name>cool-profile</Name>\r\n    <Status>Enabled</Status>\r\n    <StatusDetails>\r\n      <EnabledVersion>1</EnabledVersion>\r\n    </StatusDetails>\r\n    <Definitions>\r\n      <Definition>\r\n        <Status>Enabled</Status>\r\n        <Version>1</Version>\r\n      </Definition>\r\n    </Definitions>\r\n  </Profile>\r\n  <Profile>\r\n    <DomainName>onesdk1111.trafficmanager.net</DomainName>\r\n    <Name>onesdk1111</Name>\r\n    <Status>Enabled</Status>\r\n    <StatusDetails>\r\n      <EnabledVersion>1</EnabledVersion>\r\n    </StatusDetails>\r\n    <Definitions>\r\n      <Definition>\r\n        <Status>Enabled</Status>\r\n        <Version>1</Version>\r\n      </Definition>\r\n    </Definitions>\r\n  </Profile>\r\n  <Profile>\r\n    <DomainName>onesdk3238.trafficmanager.net</DomainName>\r\n    <Name>onesdk3238</Name>\r\n    <Status>Enabled</Status>\r\n    <StatusDetails>\r\n      <EnabledVersion>1</EnabledVersion>\r\n    </StatusDetails>\r\n    <Definitions>\r\n      <Definition>\r\n        <Status>Enabled</Status>\r\n        <Version>1</Version>\r\n      </Definition>\r\n    </Definitions>\r\n  </Profile>\r\n</Profiles>",
      "ResponseHeaders": {
        "x-ms-servedbyregion": [
          "ussouth2"
        ],
        "X-Content-Type-Options": [
          "nosniff"
        ],
        "x-ms-request-id": [
          "94b6bdfa00e5ca70b8b72c0d75f110a0"
        ],
        "Cache-Control": [
          "no-cache"
        ],
        "Date": [
          "Thu, 24 Jul 2014 00:11:39 GMT"
        ],
        "Server": [
          "1.0.6198.108",
          "(rd_rdfe_stable.140717-0053)",
          "Microsoft-HTTPAPI/2.0"
        ],
        "X-AspNet-Version": [
          "4.0.30319"
        ],
        "X-Powered-By": [
          "ASP.NET"
        ]
      },
      "StatusCode": 200
    },
    {
      "RequestUri": "/db1ab6f0-4769-4b27-930e-01e2ef9c123c/services/WATM/profiles/onesdk8117",
      "RequestMethod": "DELETE",
      "RequestBody": "",
      "RequestHeaders": {
        "x-ms-version": [
          "2011-10-01"
        ],
        "User-Agent": [
          "Microsoft.WindowsAzure.Management.TrafficManager.TrafficManagerManagementClient/0.9.0.0",
          "WindowsAzurePowershell/v0.8.5"
        ]
      },
      "ResponseBody": "",
      "ResponseHeaders": {
        "Transfer-Encoding": [
          "chunked"
        ],
        "x-ms-servedbyregion": [
          "ussouth2"
        ],
        "X-Content-Type-Options": [
          "nosniff"
        ],
        "x-ms-request-id": [
          "eaf5922ce472cf6f85eecb5d14802401"
        ],
        "Cache-Control": [
          "no-cache"
        ],
        "Date": [
          "Thu, 24 Jul 2014 00:11:31 GMT"
        ],
        "Server": [
          "1.0.6198.108",
          "(rd_rdfe_stable.140717-0053)",
          "Microsoft-HTTPAPI/2.0"
        ],
        "X-AspNet-Version": [
          "4.0.30319"
        ],
        "X-Powered-By": [
          "ASP.NET"
        ]
      },
      "StatusCode": 200
    },
    {
      "RequestUri": "/db1ab6f0-4769-4b27-930e-01e2ef9c123c/services/WATM/profiles",
      "RequestMethod": "POST",
      "RequestBody": "<Profile xmlns=\"http://schemas.microsoft.com/windowsazure\">\r\n  <DomainName>onesdk3238.trafficmanager.net</DomainName>\r\n  <Name>onesdk3238</Name>\r\n</Profile>",
      "RequestHeaders": {
        "x-ms-version": [
          "2011-10-01"
        ],
        "User-Agent": [
          "Microsoft.WindowsAzure.Management.TrafficManager.TrafficManagerManagementClient/0.9.0.0",
          "WindowsAzurePowershell/v0.8.5"
        ]
      },
      "ResponseBody": "",
      "ResponseHeaders": {
        "Transfer-Encoding": [
          "chunked"
        ],
        "x-ms-servedbyregion": [
          "ussouth2"
        ],
        "X-Content-Type-Options": [
          "nosniff"
        ],
        "x-ms-request-id": [
          "1ae3ea03bb22c0e0af5dcacae05ec712"
        ],
        "Cache-Control": [
          "no-cache"
        ],
        "Date": [
          "Thu, 24 Jul 2014 00:11:32 GMT"
        ],
        "Server": [
          "1.0.6198.108",
          "(rd_rdfe_stable.140717-0053)",
          "Microsoft-HTTPAPI/2.0"
        ],
        "X-AspNet-Version": [
          "4.0.30319"
        ],
        "X-Powered-By": [
          "ASP.NET"
        ]
      },
      "StatusCode": 200
    },
    {
      "RequestUri": "/db1ab6f0-4769-4b27-930e-01e2ef9c123c/services/WATM/profiles",
      "RequestMethod": "POST",
      "RequestBody": "<Profile xmlns=\"http://schemas.microsoft.com/windowsazure\">\r\n  <DomainName>onesdk1111.trafficmanager.net</DomainName>\r\n  <Name>onesdk1111</Name>\r\n</Profile>",
      "RequestHeaders": {
        "x-ms-version": [
          "2011-10-01"
        ],
        "User-Agent": [
          "Microsoft.WindowsAzure.Management.TrafficManager.TrafficManagerManagementClient/0.9.0.0",
          "WindowsAzurePowershell/v0.8.5"
        ]
      },
      "ResponseBody": "",
      "ResponseHeaders": {
        "Transfer-Encoding": [
          "chunked"
        ],
        "x-ms-servedbyregion": [
          "ussouth2"
        ],
        "X-Content-Type-Options": [
          "nosniff"
        ],
        "x-ms-request-id": [
          "5142e1c5b258c21f87d61192083bbd17"
        ],
        "Cache-Control": [
          "no-cache"
        ],
        "Date": [
          "Thu, 24 Jul 2014 00:11:35 GMT"
        ],
        "Server": [
          "1.0.6198.108",
          "(rd_rdfe_stable.140717-0053)",
          "Microsoft-HTTPAPI/2.0"
        ],
        "X-AspNet-Version": [
          "4.0.30319"
        ],
        "X-Powered-By": [
          "ASP.NET"
        ]
      },
      "StatusCode": 200
    },
    {
      "RequestUri": "/db1ab6f0-4769-4b27-930e-01e2ef9c123c/services/WATM/profiles/onesdk3238/definitions",
      "RequestMethod": "POST",
      "RequestBody": "<Definition xmlns=\"http://schemas.microsoft.com/windowsazure\">\r\n  <DnsOptions>\r\n    <TimeToLiveInSeconds>300</TimeToLiveInSeconds>\r\n  </DnsOptions>\r\n  <Monitors>\r\n    <Monitor>\r\n      <IntervalInSeconds>30</IntervalInSeconds>\r\n      <TimeoutInSeconds>10</TimeoutInSeconds>\r\n      <ToleratedNumberOfFailures>3</ToleratedNumberOfFailures>\r\n      <Protocol>HTTP</Protocol>\r\n      <Port>80</Port>\r\n      <HttpOptions>\r\n        <Verb>GET</Verb>\r\n        <RelativePath>/</RelativePath>\r\n        <ExpectedStatusCode>200</ExpectedStatusCode>\r\n      </HttpOptions>\r\n    </Monitor>\r\n  </Monitors>\r\n  <Policy>\r\n    <LoadBalancingMethod>RoundRobin</LoadBalancingMethod>\r\n    <Endpoints />\r\n  </Policy>\r\n</Definition>",
      "RequestHeaders": {
        "x-ms-version": [
          "2011-10-01"
        ],
        "User-Agent": [
          "Microsoft.WindowsAzure.Management.TrafficManager.TrafficManagerManagementClient/0.9.0.0",
          "WindowsAzurePowershell/v0.8.5"
        ]
      },
      "ResponseBody": "<Definition xmlns=\"http://schemas.microsoft.com/windowsazure\" xmlns:i=\"http://www.w3.org/2001/XMLSchema-instance\">\r\n  <Version>1</Version>\r\n</Definition>",
      "ResponseHeaders": {
        "x-ms-servedbyregion": [
          "ussouth2"
        ],
        "X-Content-Type-Options": [
          "nosniff"
        ],
        "x-ms-request-id": [
          "537e7edb128dc224ab27a24a91e535cc"
        ],
        "Cache-Control": [
          "no-cache"
        ],
        "Date": [
          "Thu, 24 Jul 2014 00:11:32 GMT"
        ],
        "Server": [
          "1.0.6198.108",
          "(rd_rdfe_stable.140717-0053)",
          "Microsoft-HTTPAPI/2.0"
        ],
        "X-AspNet-Version": [
          "4.0.30319"
        ],
        "X-Powered-By": [
          "ASP.NET"
        ]
      },
      "StatusCode": 200
    },
    {
      "RequestUri": "/db1ab6f0-4769-4b27-930e-01e2ef9c123c/services/WATM/profiles/onesdk3238",
      "RequestMethod": "GET",
      "RequestBody": "",
      "RequestHeaders": {
        "x-ms-version": [
          "2011-10-01"
        ],
        "User-Agent": [
          "Microsoft.WindowsAzure.Management.TrafficManager.TrafficManagerManagementClient/0.9.0.0",
          "WindowsAzurePowershell/v0.8.5"
        ]
      },
      "ResponseBody": "<Profile xmlns=\"http://schemas.microsoft.com/windowsazure\" xmlns:i=\"http://www.w3.org/2001/XMLSchema-instance\">\r\n  <DomainName>onesdk3238.trafficmanager.net</DomainName>\r\n  <Name>onesdk3238</Name>\r\n  <Status>Enabled</Status>\r\n  <StatusDetails>\r\n    <EnabledVersion>1</EnabledVersion>\r\n  </StatusDetails>\r\n  <Definitions>\r\n    <Definition>\r\n      <Status>Enabled</Status>\r\n      <Version>1</Version>\r\n    </Definition>\r\n  </Definitions>\r\n</Profile>",
      "ResponseHeaders": {
        "x-ms-servedbyregion": [
          "ussouth2"
        ],
        "X-Content-Type-Options": [
          "nosniff"
        ],
        "x-ms-request-id": [
          "ec2b2791b981cfd09607794bfc1de325"
        ],
        "Cache-Control": [
          "no-cache"
        ],
        "Date": [
          "Thu, 24 Jul 2014 00:11:33 GMT"
        ],
        "Server": [
          "1.0.6198.108",
          "(rd_rdfe_stable.140717-0053)",
          "Microsoft-HTTPAPI/2.0"
        ],
        "X-AspNet-Version": [
          "4.0.30319"
        ],
        "X-Powered-By": [
          "ASP.NET"
        ]
      },
      "StatusCode": 200
    },
    {
      "RequestUri": "/db1ab6f0-4769-4b27-930e-01e2ef9c123c/services/WATM/profiles/onesdk3238/definitions/1",
      "RequestMethod": "GET",
      "RequestBody": "",
      "RequestHeaders": {
        "x-ms-version": [
          "2011-10-01"
        ],
        "User-Agent": [
          "Microsoft.WindowsAzure.Management.TrafficManager.TrafficManagerManagementClient/0.9.0.0",
          "WindowsAzurePowershell/v0.8.5"
        ]
      },
      "ResponseBody": "<Definition xmlns=\"http://schemas.microsoft.com/windowsazure\" xmlns:i=\"http://www.w3.org/2001/XMLSchema-instance\">\r\n  <DnsOptions>\r\n    <TimeToLiveInSeconds>300</TimeToLiveInSeconds>\r\n  </DnsOptions>\r\n  <Status>Enabled</Status>\r\n  <Version>1</Version>\r\n  <Monitors>\r\n    <Monitor>\r\n      <IntervalInSeconds>30</IntervalInSeconds>\r\n      <TimeoutInSeconds>10</TimeoutInSeconds>\r\n      <ToleratedNumberOfFailures>3</ToleratedNumberOfFailures>\r\n      <Protocol>HTTP</Protocol>\r\n      <Port>80</Port>\r\n      <HttpOptions>\r\n        <Verb>GET</Verb>\r\n        <RelativePath>/</RelativePath>\r\n        <ExpectedStatusCode>200</ExpectedStatusCode>\r\n      </HttpOptions>\r\n    </Monitor>\r\n  </Monitors>\r\n  <Policy>\r\n    <LoadBalancingMethod>RoundRobin</LoadBalancingMethod>\r\n    <Endpoints />\r\n    <MonitorStatus>Inactive</MonitorStatus>\r\n  </Policy>\r\n</Definition>",
      "ResponseHeaders": {
        "x-ms-servedbyregion": [
          "ussouth2"
        ],
        "X-Content-Type-Options": [
          "nosniff"
        ],
        "x-ms-request-id": [
          "c56141d771d3caff98703c87857005e2"
        ],
        "Cache-Control": [
          "no-cache"
        ],
        "Date": [
          "Thu, 24 Jul 2014 00:11:33 GMT"
        ],
        "Server": [
          "1.0.6198.108",
          "(rd_rdfe_stable.140717-0053)",
          "Microsoft-HTTPAPI/2.0"
        ],
        "X-AspNet-Version": [
          "4.0.30319"
        ],
        "X-Powered-By": [
          "ASP.NET"
        ]
      },
      "StatusCode": 200
    },
    {
      "RequestUri": "/db1ab6f0-4769-4b27-930e-01e2ef9c123c/services/WATM/profiles/onesdk1111/definitions",
      "RequestMethod": "POST",
      "RequestBody": "<Definition xmlns=\"http://schemas.microsoft.com/windowsazure\">\r\n  <DnsOptions>\r\n    <TimeToLiveInSeconds>300</TimeToLiveInSeconds>\r\n  </DnsOptions>\r\n  <Monitors>\r\n    <Monitor>\r\n      <IntervalInSeconds>30</IntervalInSeconds>\r\n      <TimeoutInSeconds>10</TimeoutInSeconds>\r\n      <ToleratedNumberOfFailures>3</ToleratedNumberOfFailures>\r\n      <Protocol>HTTP</Protocol>\r\n      <Port>80</Port>\r\n      <HttpOptions>\r\n        <Verb>GET</Verb>\r\n        <RelativePath>/</RelativePath>\r\n        <ExpectedStatusCode>200</ExpectedStatusCode>\r\n      </HttpOptions>\r\n    </Monitor>\r\n  </Monitors>\r\n  <Policy>\r\n    <LoadBalancingMethod>RoundRobin</LoadBalancingMethod>\r\n    <Endpoints />\r\n  </Policy>\r\n</Definition>",
      "RequestHeaders": {
        "x-ms-version": [
          "2011-10-01"
        ],
        "User-Agent": [
          "Microsoft.WindowsAzure.Management.TrafficManager.TrafficManagerManagementClient/0.9.0.0",
          "WindowsAzurePowershell/v0.8.5"
        ]
      },
      "ResponseBody": "<Definition xmlns=\"http://schemas.microsoft.com/windowsazure\" xmlns:i=\"http://www.w3.org/2001/XMLSchema-instance\">\r\n  <Version>1</Version>\r\n</Definition>",
      "ResponseHeaders": {
        "x-ms-servedbyregion": [
          "ussouth2"
        ],
        "X-Content-Type-Options": [
          "nosniff"
        ],
        "x-ms-request-id": [
          "a3ef20d364c7c265bf5292d03c710ef9"
        ],
        "Cache-Control": [
          "no-cache"
        ],
        "Date": [
          "Thu, 24 Jul 2014 00:11:37 GMT"
        ],
        "Server": [
          "1.0.6198.108",
          "(rd_rdfe_stable.140717-0053)",
          "Microsoft-HTTPAPI/2.0"
        ],
        "X-AspNet-Version": [
          "4.0.30319"
        ],
        "X-Powered-By": [
          "ASP.NET"
        ]
      },
      "StatusCode": 200
    },
    {
      "RequestUri": "/db1ab6f0-4769-4b27-930e-01e2ef9c123c/services/WATM/profiles/onesdk1111",
      "RequestMethod": "GET",
      "RequestBody": "",
      "RequestHeaders": {
        "x-ms-version": [
          "2011-10-01"
        ],
        "User-Agent": [
          "Microsoft.WindowsAzure.Management.TrafficManager.TrafficManagerManagementClient/0.9.0.0",
          "WindowsAzurePowershell/v0.8.5"
        ]
      },
      "ResponseBody": "<Profile xmlns=\"http://schemas.microsoft.com/windowsazure\" xmlns:i=\"http://www.w3.org/2001/XMLSchema-instance\">\r\n  <DomainName>onesdk1111.trafficmanager.net</DomainName>\r\n  <Name>onesdk1111</Name>\r\n  <Status>Enabled</Status>\r\n  <StatusDetails>\r\n    <EnabledVersion>1</EnabledVersion>\r\n  </StatusDetails>\r\n  <Definitions>\r\n    <Definition>\r\n      <Status>Enabled</Status>\r\n      <Version>1</Version>\r\n    </Definition>\r\n  </Definitions>\r\n</Profile>",
      "ResponseHeaders": {
        "x-ms-servedbyregion": [
          "ussouth2"
        ],
        "X-Content-Type-Options": [
          "nosniff"
        ],
        "x-ms-request-id": [
          "bc6b13f4794fcd4d9c54cd5719f4490d"
        ],
        "Cache-Control": [
          "no-cache"
        ],
        "Date": [
          "Thu, 24 Jul 2014 00:11:37 GMT"
        ],
        "Server": [
          "1.0.6198.108",
          "(rd_rdfe_stable.140717-0053)",
          "Microsoft-HTTPAPI/2.0"
        ],
        "X-AspNet-Version": [
          "4.0.30319"
        ],
        "X-Powered-By": [
          "ASP.NET"
        ]
      },
      "StatusCode": 200
    },
    {
      "RequestUri": "/db1ab6f0-4769-4b27-930e-01e2ef9c123c/services/WATM/profiles/onesdk1111/definitions/1",
      "RequestMethod": "GET",
      "RequestBody": "",
      "RequestHeaders": {
        "x-ms-version": [
          "2011-10-01"
        ],
        "User-Agent": [
          "Microsoft.WindowsAzure.Management.TrafficManager.TrafficManagerManagementClient/0.9.0.0",
          "WindowsAzurePowershell/v0.8.5"
        ]
      },
      "ResponseBody": "<Definition xmlns=\"http://schemas.microsoft.com/windowsazure\" xmlns:i=\"http://www.w3.org/2001/XMLSchema-instance\">\r\n  <DnsOptions>\r\n    <TimeToLiveInSeconds>300</TimeToLiveInSeconds>\r\n  </DnsOptions>\r\n  <Status>Enabled</Status>\r\n  <Version>1</Version>\r\n  <Monitors>\r\n    <Monitor>\r\n      <IntervalInSeconds>30</IntervalInSeconds>\r\n      <TimeoutInSeconds>10</TimeoutInSeconds>\r\n      <ToleratedNumberOfFailures>3</ToleratedNumberOfFailures>\r\n      <Protocol>HTTP</Protocol>\r\n      <Port>80</Port>\r\n      <HttpOptions>\r\n        <Verb>GET</Verb>\r\n        <RelativePath>/</RelativePath>\r\n        <ExpectedStatusCode>200</ExpectedStatusCode>\r\n      </HttpOptions>\r\n    </Monitor>\r\n  </Monitors>\r\n  <Policy>\r\n    <LoadBalancingMethod>RoundRobin</LoadBalancingMethod>\r\n    <Endpoints />\r\n    <MonitorStatus>Inactive</MonitorStatus>\r\n  </Policy>\r\n</Definition>",
      "ResponseHeaders": {
        "x-ms-servedbyregion": [
          "ussouth2"
        ],
        "X-Content-Type-Options": [
          "nosniff"
        ],
        "x-ms-request-id": [
          "c83434763c71cf13a74352a9ff42a699"
        ],
        "Cache-Control": [
          "no-cache"
        ],
        "Date": [
          "Thu, 24 Jul 2014 00:11:39 GMT"
        ],
        "Server": [
          "1.0.6198.108",
          "(rd_rdfe_stable.140717-0053)",
          "Microsoft-HTTPAPI/2.0"
        ],
        "X-AspNet-Version": [
          "4.0.30319"
        ],
        "X-Powered-By": [
          "ASP.NET"
        ]
      },
      "StatusCode": 200
    }
  ],
  "Names": {
    "Test-GetMultipleProfiles": [
      "onesdk3238",
      "onesdk1111"
    ]
  },
  "Variables": {
    "SubscriptionId": "db1ab6f0-4769-4b27-930e-01e2ef9c123c"
  }
}