{
  "Entries": [
    {
      "RequestUri": "/subscriptions/57947cb5-aadd-4b6c-9e8e-27f545bb7bf5/resourcegroups/azps-test-group-mock?api-version=2016-09-01",
      "EncodedRequestUri": "L3N1YnNjcmlwdGlvbnMvNTc5NDdjYjUtYWFkZC00YjZjLTllOGUtMjdmNTQ1YmI3YmY1L3Jlc291cmNlZ3JvdXBzL2F6cHMtdGVzdC1ncm91cC1tb2NrP2FwaS12ZXJzaW9uPTIwMTYtMDktMDE=",
      "RequestMethod": "PUT",
      "RequestBody": "{\r\n  \"location\": \"eastus\"\r\n}",
      "RequestHeaders": {
        "x-ms-client-request-id": [
          "c10908dc-2114-4b0d-9bbe-c060aaa429d2"
        ],
        "Accept-Language": [
          "en-US"
        ],
        "User-Agent": [
          "FxVersion/4.6.28008.02",
          "OSName/Windows",
          "OSVersion/Microsoft.Windows.10.0.18363.",
          "Microsoft.Azure.Management.Internal.Resources.ResourceManagementClient/1.3.11"
        ],
        "Content-Type": [
          "application/json; charset=utf-8"
        ],
        "Content-Length": [
          "28"
        ]
      },
      "ResponseHeaders": {
        "Cache-Control": [
          "no-cache"
        ],
        "Pragma": [
          "no-cache"
        ],
        "x-ms-ratelimit-remaining-subscription-writes": [
          "1199"
        ],
        "x-ms-request-id": [
          "becef11f-0677-42c4-8ab1-7d504dbcfc16"
        ],
        "x-ms-correlation-request-id": [
          "becef11f-0677-42c4-8ab1-7d504dbcfc16"
        ],
        "x-ms-routing-request-id": [
          "AUSTRALIAEAST:20200430T060706Z:becef11f-0677-42c4-8ab1-7d504dbcfc16"
        ],
        "Strict-Transport-Security": [
          "max-age=31536000; includeSubDomains"
        ],
        "X-Content-Type-Options": [
          "nosniff"
        ],
        "Date": [
          "Thu, 30 Apr 2020 06:07:06 GMT"
        ],
        "Content-Length": [
          "193"
        ],
        "Content-Type": [
          "application/json; charset=utf-8"
        ],
        "Expires": [
          "-1"
        ]
      },
      "ResponseBody": "{\r\n  \"id\": \"/subscriptions/57947cb5-aadd-4b6c-9e8e-27f545bb7bf5/resourceGroups/azps-test-group-mock\",\r\n  \"name\": \"azps-test-group-mock\",\r\n  \"location\": \"eastus\",\r\n  \"properties\": {\r\n    \"provisioningState\": \"Succeeded\"\r\n  }\r\n}",
      "StatusCode": 201
    },
    {
      "RequestUri": "/subscriptions/57947cb5-aadd-4b6c-9e8e-27f545bb7bf5/resourceGroups/azps-test-group-mock/providers/Microsoft.Insights/components/azps-test-ai-mock?api-version=2018-05-01-preview",
      "EncodedRequestUri": "L3N1YnNjcmlwdGlvbnMvNTc5NDdjYjUtYWFkZC00YjZjLTllOGUtMjdmNTQ1YmI3YmY1L3Jlc291cmNlR3JvdXBzL2F6cHMtdGVzdC1ncm91cC1tb2NrL3Byb3ZpZGVycy9NaWNyb3NvZnQuSW5zaWdodHMvY29tcG9uZW50cy9henBzLXRlc3QtYWktbW9jaz9hcGktdmVyc2lvbj0yMDE4LTA1LTAxLXByZXZpZXc=",
      "RequestMethod": "GET",
      "RequestBody": "",
      "RequestHeaders": {
        "x-ms-client-request-id": [
          "7b7d6537-032f-42fa-b9e5-19a8c87822ae"
        ],
        "Accept-Language": [
          "en-US"
        ],
        "User-Agent": [
          "FxVersion/4.6.28008.02",
          "OSName/Windows",
          "OSVersion/Microsoft.Windows.10.0.18363.",
          "Microsoft.Azure.Management.ApplicationInsights.Management.ApplicationInsightsManagementClient/0.2.0.0"
        ]
      },
      "ResponseHeaders": {
        "Cache-Control": [
          "no-cache"
        ],
        "Pragma": [
          "no-cache"
        ],
        "x-ms-failure-cause": [
          "gateway"
        ],
        "x-ms-request-id": [
          "622297ed-f4f5-4414-957e-ff8fe8548c38"
        ],
        "x-ms-correlation-request-id": [
          "622297ed-f4f5-4414-957e-ff8fe8548c38"
        ],
        "x-ms-routing-request-id": [
          "AUSTRALIAEAST:20200430T060708Z:622297ed-f4f5-4414-957e-ff8fe8548c38"
        ],
        "Strict-Transport-Security": [
          "max-age=31536000; includeSubDomains"
        ],
        "X-Content-Type-Options": [
          "nosniff"
        ],
        "Date": [
          "Thu, 30 Apr 2020 06:07:07 GMT"
        ],
        "Content-Type": [
          "application/json; charset=utf-8"
        ],
        "Expires": [
          "-1"
        ],
        "Content-Length": [
          "171"
        ]
      },
      "ResponseBody": "{\r\n  \"error\": {\r\n    \"code\": \"ResourceNotFound\",\r\n    \"message\": \"The Resource 'Microsoft.Insights/components/azps-test-ai-mock' under resource group 'azps-test-group-mock' was not found.\"\r\n  }\r\n}",
      "StatusCode": 404
    },
    {
      "RequestUri": "/subscriptions/57947cb5-aadd-4b6c-9e8e-27f545bb7bf5/resourceGroups/azps-test-group-mock/providers/Microsoft.Insights/components/azps-test-ai-mock?api-version=2018-05-01-preview",
      "EncodedRequestUri": "L3N1YnNjcmlwdGlvbnMvNTc5NDdjYjUtYWFkZC00YjZjLTllOGUtMjdmNTQ1YmI3YmY1L3Jlc291cmNlR3JvdXBzL2F6cHMtdGVzdC1ncm91cC1tb2NrL3Byb3ZpZGVycy9NaWNyb3NvZnQuSW5zaWdodHMvY29tcG9uZW50cy9henBzLXRlc3QtYWktbW9jaz9hcGktdmVyc2lvbj0yMDE4LTA1LTAxLXByZXZpZXc=",
      "RequestMethod": "GET",
      "RequestBody": "",
      "RequestHeaders": {
        "x-ms-client-request-id": [
          "bfa4b480-6cbe-421e-887d-828393cdc6a0"
        ],
        "Accept-Language": [
          "en-US"
        ],
        "User-Agent": [
          "FxVersion/4.6.28008.02",
          "OSName/Windows",
          "OSVersion/Microsoft.Windows.10.0.18363.",
          "Microsoft.Azure.Management.ApplicationInsights.Management.ApplicationInsightsManagementClient/0.2.0.0"
        ]
      },
      "ResponseHeaders": {
        "Cache-Control": [
          "no-cache"
        ],
        "Pragma": [
          "no-cache"
        ],
        "x-ms-request-id": [
          "bfa4b480-6cbe-421e-887d-828393cdc6a0"
        ],
        "X-Content-Type-Options": [
          "nosniff"
        ],
        "Request-Context": [
          "appId=cid-v1:920e14b1-13f3-461a-a4bb-b4fe6f1a4525"
        ],
        "Access-Control-Expose-Headers": [
          "Request-Context"
        ],
        "Strict-Transport-Security": [
          "max-age=31536000; includeSubDomains"
        ],
        "Server": [
          "Microsoft-IIS/10.0"
        ],
        "X-Powered-By": [
          "ASP.NET"
        ],
        "x-ms-ratelimit-remaining-subscription-reads": [
          "11998"
        ],
        "x-ms-correlation-request-id": [
          "af48fec0-80c0-4dd6-bb19-277d62e59d82"
        ],
        "x-ms-routing-request-id": [
          "AUSTRALIAEAST:20200430T060743Z:af48fec0-80c0-4dd6-bb19-277d62e59d82"
        ],
        "Date": [
          "Thu, 30 Apr 2020 06:07:43 GMT"
        ],
        "Content-Length": [
          "906"
        ],
        "Content-Type": [
          "application/json; charset=utf-8"
        ],
        "Expires": [
          "-1"
        ]
      },
      "ResponseBody": "{\r\n  \"id\": \"/subscriptions/57947cb5-aadd-4b6c-9e8e-27f545bb7bf5/resourceGroups/azps-test-group-mock/providers/microsoft.insights/components/azps-test-ai-mock\",\r\n  \"name\": \"azps-test-ai-mock\",\r\n  \"type\": \"microsoft.insights/components\",\r\n  \"location\": \"eastus\",\r\n  \"tags\": {},\r\n  \"kind\": \"web\",\r\n  \"etag\": \"\\\"03006aef-0000-0100-0000-5eaa6b150000\\\"\",\r\n  \"properties\": {\r\n    \"Ver\": \"v2\",\r\n    \"ApplicationId\": \"azps-test-ai-mock\",\r\n    \"AppId\": \"80b6ea45-874a-4ec5-a2b8-62956d0b66c3\",\r\n    \"Application_Type\": \"web\",\r\n    \"Flow_Type\": null,\r\n    \"Request_Source\": \"AzurePowerShell\",\r\n    \"InstrumentationKey\": \"e236d186-412a-4625-981d-a00ce25128d4\",\r\n    \"ConnectionString\": \"InstrumentationKey=e236d186-412a-4625-981d-a00ce25128d4\",\r\n    \"Name\": \"azps-test-ai-mock\",\r\n    \"CreationDate\": \"2020-04-30T14:07:17.0646384+08:00\",\r\n    \"TenantId\": \"57947cb5-aadd-4b6c-9e8e-27f545bb7bf5\",\r\n    \"provisioningState\": \"Succeeded\",\r\n    \"SamplingPercentage\": null,\r\n    \"publicNetworkAccessForIngestion\": \"Enabled\",\r\n    \"publicNetworkAccessForQuery\": \"Enabled\"\r\n  }\r\n}",
      "StatusCode": 200
    },
    {
      "RequestUri": "/subscriptions/57947cb5-aadd-4b6c-9e8e-27f545bb7bf5/resourceGroups/azps-test-group-mock/providers/Microsoft.Insights/components/azps-test-ai-mock?api-version=2018-05-01-preview",
      "EncodedRequestUri": "L3N1YnNjcmlwdGlvbnMvNTc5NDdjYjUtYWFkZC00YjZjLTllOGUtMjdmNTQ1YmI3YmY1L3Jlc291cmNlR3JvdXBzL2F6cHMtdGVzdC1ncm91cC1tb2NrL3Byb3ZpZGVycy9NaWNyb3NvZnQuSW5zaWdodHMvY29tcG9uZW50cy9henBzLXRlc3QtYWktbW9jaz9hcGktdmVyc2lvbj0yMDE4LTA1LTAxLXByZXZpZXc=",
      "RequestMethod": "GET",
      "RequestBody": "",
      "RequestHeaders": {
        "x-ms-client-request-id": [
          "6dca5608-85eb-4b95-905e-8fa6257b2972"
        ],
        "Accept-Language": [
          "en-US"
        ],
        "User-Agent": [
          "FxVersion/4.6.28008.02",
          "OSName/Windows",
          "OSVersion/Microsoft.Windows.10.0.18363.",
          "Microsoft.Azure.Management.ApplicationInsights.Management.ApplicationInsightsManagementClient/0.2.0.0"
        ]
      },
      "ResponseHeaders": {
        "Cache-Control": [
          "no-cache"
        ],
        "Pragma": [
          "no-cache"
        ],
        "x-ms-request-id": [
          "6dca5608-85eb-4b95-905e-8fa6257b2972"
        ],
        "X-Content-Type-Options": [
          "nosniff"
        ],
        "Request-Context": [
          "appId=cid-v1:920e14b1-13f3-461a-a4bb-b4fe6f1a4525"
        ],
        "Access-Control-Expose-Headers": [
          "Request-Context"
        ],
        "Strict-Transport-Security": [
          "max-age=31536000; includeSubDomains"
        ],
        "Server": [
          "Microsoft-IIS/10.0"
        ],
        "X-Powered-By": [
          "ASP.NET"
        ],
        "x-ms-ratelimit-remaining-subscription-reads": [
          "11996"
        ],
        "x-ms-correlation-request-id": [
          "ed4aad7a-34fb-433e-930f-7f42740b31f3"
        ],
        "x-ms-routing-request-id": [
          "AUSTRALIAEAST:20200430T060744Z:ed4aad7a-34fb-433e-930f-7f42740b31f3"
        ],
        "Date": [
          "Thu, 30 Apr 2020 06:07:44 GMT"
        ],
        "Content-Length": [
          "906"
        ],
        "Content-Type": [
          "application/json; charset=utf-8"
        ],
        "Expires": [
          "-1"
        ]
      },
      "ResponseBody": "{\r\n  \"id\": \"/subscriptions/57947cb5-aadd-4b6c-9e8e-27f545bb7bf5/resourceGroups/azps-test-group-mock/providers/microsoft.insights/components/azps-test-ai-mock\",\r\n  \"name\": \"azps-test-ai-mock\",\r\n  \"type\": \"microsoft.insights/components\",\r\n  \"location\": \"eastus\",\r\n  \"tags\": {},\r\n  \"kind\": \"web\",\r\n  \"etag\": \"\\\"03006aef-0000-0100-0000-5eaa6b150000\\\"\",\r\n  \"properties\": {\r\n    \"Ver\": \"v2\",\r\n    \"ApplicationId\": \"azps-test-ai-mock\",\r\n    \"AppId\": \"80b6ea45-874a-4ec5-a2b8-62956d0b66c3\",\r\n    \"Application_Type\": \"web\",\r\n    \"Flow_Type\": null,\r\n    \"Request_Source\": \"AzurePowerShell\",\r\n    \"InstrumentationKey\": \"e236d186-412a-4625-981d-a00ce25128d4\",\r\n    \"ConnectionString\": \"InstrumentationKey=e236d186-412a-4625-981d-a00ce25128d4\",\r\n    \"Name\": \"azps-test-ai-mock\",\r\n    \"CreationDate\": \"2020-04-30T14:07:17.0646384+08:00\",\r\n    \"TenantId\": \"57947cb5-aadd-4b6c-9e8e-27f545bb7bf5\",\r\n    \"provisioningState\": \"Succeeded\",\r\n    \"SamplingPercentage\": null,\r\n    \"publicNetworkAccessForIngestion\": \"Enabled\",\r\n    \"publicNetworkAccessForQuery\": \"Enabled\"\r\n  }\r\n}",
      "StatusCode": 200
    },
    {
      "RequestUri": "/subscriptions/57947cb5-aadd-4b6c-9e8e-27f545bb7bf5/resourceGroups/azps-test-group-mock/providers/Microsoft.Insights/components/azps-test-ai-mock?api-version=2018-05-01-preview",
      "EncodedRequestUri": "L3N1YnNjcmlwdGlvbnMvNTc5NDdjYjUtYWFkZC00YjZjLTllOGUtMjdmNTQ1YmI3YmY1L3Jlc291cmNlR3JvdXBzL2F6cHMtdGVzdC1ncm91cC1tb2NrL3Byb3ZpZGVycy9NaWNyb3NvZnQuSW5zaWdodHMvY29tcG9uZW50cy9henBzLXRlc3QtYWktbW9jaz9hcGktdmVyc2lvbj0yMDE4LTA1LTAxLXByZXZpZXc=",
      "RequestMethod": "PUT",
      "RequestBody": "{\r\n  \"kind\": \"web\",\r\n  \"properties\": {\r\n    \"Application_Type\": \"web\",\r\n    \"Request_Source\": \"AzurePowerShell\"\r\n  },\r\n  \"location\": \"eastus\"\r\n}",
      "RequestHeaders": {
        "x-ms-client-request-id": [
          "8689588c-ad48-4e66-9b5f-9a937ecb2bda"
        ],
        "Accept-Language": [
          "en-US"
        ],
        "User-Agent": [
          "FxVersion/4.6.28008.02",
          "OSName/Windows",
          "OSVersion/Microsoft.Windows.10.0.18363.",
          "Microsoft.Azure.Management.ApplicationInsights.Management.ApplicationInsightsManagementClient/0.2.0.0"
        ],
        "Content-Type": [
          "application/json; charset=utf-8"
        ],
        "Content-Length": [
          "144"
        ]
      },
      "ResponseHeaders": {
        "Cache-Control": [
          "no-cache"
        ],
        "Pragma": [
          "no-cache"
        ],
        "x-ms-request-id": [
          "8689588c-ad48-4e66-9b5f-9a937ecb2bda"
        ],
        "X-Content-Type-Options": [
          "nosniff"
        ],
        "Request-Context": [
          "appId=cid-v1:920e14b1-13f3-461a-a4bb-b4fe6f1a4525"
        ],
        "Access-Control-Expose-Headers": [
          "Request-Context"
        ],
        "Strict-Transport-Security": [
          "max-age=31536000; includeSubDomains"
        ],
        "Server": [
          "Microsoft-IIS/10.0"
        ],
        "X-Powered-By": [
          "ASP.NET"
        ],
        "x-ms-ratelimit-remaining-subscription-writes": [
          "1199"
        ],
        "x-ms-correlation-request-id": [
          "d18b06d1-0fef-41dd-b52b-12f65780118d"
        ],
        "x-ms-routing-request-id": [
          "AUSTRALIAEAST:20200430T060743Z:d18b06d1-0fef-41dd-b52b-12f65780118d"
        ],
        "Date": [
          "Thu, 30 Apr 2020 06:07:43 GMT"
        ],
        "Content-Length": [
          "906"
        ],
        "Content-Type": [
          "application/json; charset=utf-8"
        ],
        "Expires": [
          "-1"
        ]
      },
      "ResponseBody": "{\r\n  \"id\": \"/subscriptions/57947cb5-aadd-4b6c-9e8e-27f545bb7bf5/resourceGroups/azps-test-group-mock/providers/microsoft.insights/components/azps-test-ai-mock\",\r\n  \"name\": \"azps-test-ai-mock\",\r\n  \"type\": \"microsoft.insights/components\",\r\n  \"location\": \"eastus\",\r\n  \"tags\": {},\r\n  \"kind\": \"web\",\r\n  \"etag\": \"\\\"03006aef-0000-0100-0000-5eaa6b150000\\\"\",\r\n  \"properties\": {\r\n    \"Ver\": \"v2\",\r\n    \"ApplicationId\": \"azps-test-ai-mock\",\r\n    \"AppId\": \"80b6ea45-874a-4ec5-a2b8-62956d0b66c3\",\r\n    \"Application_Type\": \"web\",\r\n    \"Flow_Type\": null,\r\n    \"Request_Source\": \"AzurePowerShell\",\r\n    \"InstrumentationKey\": \"e236d186-412a-4625-981d-a00ce25128d4\",\r\n    \"ConnectionString\": \"InstrumentationKey=e236d186-412a-4625-981d-a00ce25128d4\",\r\n    \"Name\": \"azps-test-ai-mock\",\r\n    \"CreationDate\": \"2020-04-30T14:07:17.0646384+08:00\",\r\n    \"TenantId\": \"57947cb5-aadd-4b6c-9e8e-27f545bb7bf5\",\r\n    \"provisioningState\": \"Succeeded\",\r\n    \"SamplingPercentage\": null,\r\n    \"publicNetworkAccessForIngestion\": \"Enabled\",\r\n    \"publicNetworkAccessForQuery\": \"Enabled\"\r\n  }\r\n}",
      "StatusCode": 200
    },
    {
      "RequestUri": "/subscriptions/57947cb5-aadd-4b6c-9e8e-27f545bb7bf5/resourceGroups/azps-test-group-mock/providers/Microsoft.Insights/components/azps-test-ai-mock?api-version=2018-05-01-preview",
      "EncodedRequestUri": "L3N1YnNjcmlwdGlvbnMvNTc5NDdjYjUtYWFkZC00YjZjLTllOGUtMjdmNTQ1YmI3YmY1L3Jlc291cmNlR3JvdXBzL2F6cHMtdGVzdC1ncm91cC1tb2NrL3Byb3ZpZGVycy9NaWNyb3NvZnQuSW5zaWdodHMvY29tcG9uZW50cy9henBzLXRlc3QtYWktbW9jaz9hcGktdmVyc2lvbj0yMDE4LTA1LTAxLXByZXZpZXc=",
      "RequestMethod": "PUT",
      "RequestBody": "{\r\n  \"kind\": \"web\",\r\n  \"properties\": {\r\n    \"Application_Type\": \"web\",\r\n    \"Request_Source\": \"AzurePowerShell\",\r\n    \"publicNetworkAccessForIngestion\": \"Disabled\",\r\n    \"publicNetworkAccessForQuery\": \"Disabled\"\r\n  },\r\n  \"location\": \"eastus\",\r\n  \"tags\": {\r\n    \"key\": \"val\"\r\n  }\r\n}",
      "RequestHeaders": {
        "x-ms-client-request-id": [
          "003127a3-cf96-4cac-a60b-865fa3bf70a1"
        ],
        "Accept-Language": [
          "en-US"
        ],
        "User-Agent": [
          "FxVersion/4.6.28008.02",
          "OSName/Windows",
          "OSVersion/Microsoft.Windows.10.0.18363.",
          "Microsoft.Azure.Management.ApplicationInsights.Management.ApplicationInsightsManagementClient/0.2.0.0"
        ],
        "Content-Type": [
          "application/json; charset=utf-8"
        ],
        "Content-Length": [
          "281"
        ]
      },
      "ResponseHeaders": {
        "Cache-Control": [
          "no-cache"
        ],
        "Pragma": [
          "no-cache"
        ],
        "x-ms-request-id": [
          "003127a3-cf96-4cac-a60b-865fa3bf70a1"
        ],
        "X-Content-Type-Options": [
          "nosniff"
        ],
        "Request-Context": [
          "appId=cid-v1:920e14b1-13f3-461a-a4bb-b4fe6f1a4525"
        ],
        "Access-Control-Expose-Headers": [
          "Request-Context"
        ],
        "Strict-Transport-Security": [
          "max-age=31536000; includeSubDomains"
        ],
        "Server": [
          "Microsoft-IIS/10.0"
        ],
        "X-Powered-By": [
          "ASP.NET"
        ],
        "x-ms-ratelimit-remaining-subscription-writes": [
          "1198"
        ],
        "x-ms-correlation-request-id": [
          "3e98065b-feff-4799-91ab-142d071cc0ba"
        ],
        "x-ms-routing-request-id": [
          "AUSTRALIAEAST:20200430T060748Z:3e98065b-feff-4799-91ab-142d071cc0ba"
        ],
        "Date": [
          "Thu, 30 Apr 2020 06:07:48 GMT"
        ],
        "Content-Length": [
          "919"
        ],
        "Content-Type": [
          "application/json; charset=utf-8"
        ],
        "Expires": [
          "-1"
        ]
      },
      "ResponseBody": "{\r\n  \"id\": \"/subscriptions/57947cb5-aadd-4b6c-9e8e-27f545bb7bf5/resourceGroups/azps-test-group-mock/providers/microsoft.insights/components/azps-test-ai-mock\",\r\n  \"name\": \"azps-test-ai-mock\",\r\n  \"type\": \"microsoft.insights/components\",\r\n  \"location\": \"eastus\",\r\n  \"tags\": {\r\n    \"key\": \"val\"\r\n  },\r\n  \"kind\": \"web\",\r\n  \"etag\": \"\\\"030084ef-0000-0100-0000-5eaa6b310000\\\"\",\r\n  \"properties\": {\r\n    \"Ver\": \"v2\",\r\n    \"ApplicationId\": \"azps-test-ai-mock\",\r\n    \"AppId\": \"80b6ea45-874a-4ec5-a2b8-62956d0b66c3\",\r\n    \"Application_Type\": \"web\",\r\n    \"Flow_Type\": null,\r\n    \"Request_Source\": \"AzurePowerShell\",\r\n    \"InstrumentationKey\": \"e236d186-412a-4625-981d-a00ce25128d4\",\r\n    \"ConnectionString\": \"InstrumentationKey=e236d186-412a-4625-981d-a00ce25128d4\",\r\n    \"Name\": \"azps-test-ai-mock\",\r\n    \"CreationDate\": \"2020-04-30T14:07:17.0646384+08:00\",\r\n    \"TenantId\": \"57947cb5-aadd-4b6c-9e8e-27f545bb7bf5\",\r\n    \"provisioningState\": \"Succeeded\",\r\n    \"SamplingPercentage\": null,\r\n    \"publicNetworkAccessForIngestion\": \"Disabled\",\r\n    \"publicNetworkAccessForQuery\": \"Disabled\"\r\n  }\r\n}",
      "StatusCode": 200
    },
    {
      "RequestUri": "/subscriptions/57947cb5-aadd-4b6c-9e8e-27f545bb7bf5/resourceGroups/azps-test-group-mock/providers/Microsoft.Insights/components?api-version=2018-05-01-preview",
      "EncodedRequestUri": "L3N1YnNjcmlwdGlvbnMvNTc5NDdjYjUtYWFkZC00YjZjLTllOGUtMjdmNTQ1YmI3YmY1L3Jlc291cmNlR3JvdXBzL2F6cHMtdGVzdC1ncm91cC1tb2NrL3Byb3ZpZGVycy9NaWNyb3NvZnQuSW5zaWdodHMvY29tcG9uZW50cz9hcGktdmVyc2lvbj0yMDE4LTA1LTAxLXByZXZpZXc=",
      "RequestMethod": "GET",
      "RequestBody": "",
      "RequestHeaders": {
        "x-ms-client-request-id": [
          "ec63187f-8d40-4b63-8f37-8cffb02c546a"
        ],
        "Accept-Language": [
          "en-US"
        ],
        "User-Agent": [
          "FxVersion/4.6.28008.02",
          "OSName/Windows",
          "OSVersion/Microsoft.Windows.10.0.18363.",
          "Microsoft.Azure.Management.ApplicationInsights.Management.ApplicationInsightsManagementClient/0.2.0.0"
        ]
      },
      "ResponseHeaders": {
        "Cache-Control": [
          "no-cache"
        ],
        "Pragma": [
          "no-cache"
        ],
        "x-ms-request-id": [
          "ec63187f-8d40-4b63-8f37-8cffb02c546a"
        ],
        "X-Content-Type-Options": [
          "nosniff"
        ],
        "Request-Context": [
          "appId=cid-v1:920e14b1-13f3-461a-a4bb-b4fe6f1a4525"
        ],
        "Access-Control-Expose-Headers": [
          "Request-Context"
        ],
        "Strict-Transport-Security": [
          "max-age=31536000; includeSubDomains"
        ],
        "Server": [
          "Microsoft-IIS/10.0"
        ],
        "X-Powered-By": [
          "ASP.NET"
        ],
        "x-ms-ratelimit-remaining-subscription-reads": [
          "11997"
        ],
        "x-ms-correlation-request-id": [
          "98793d19-0f01-4bdd-8f37-84e874aef8f3"
        ],
        "x-ms-routing-request-id": [
          "AUSTRALIAEAST:20200430T060744Z:98793d19-0f01-4bdd-8f37-84e874aef8f3"
        ],
        "Date": [
          "Thu, 30 Apr 2020 06:07:44 GMT"
        ],
        "Content-Length": [
          "949"
        ],
        "Content-Type": [
          "application/json; charset=utf-8"
        ],
        "Expires": [
          "-1"
        ]
      },
      "ResponseBody": "{\r\n  \"value\": [\r\n    {\r\n      \"id\": \"/subscriptions/57947cb5-aadd-4b6c-9e8e-27f545bb7bf5/resourceGroups/azps-test-group-mock/providers/microsoft.insights/components/azps-test-ai-mock\",\r\n      \"name\": \"azps-test-ai-mock\",\r\n      \"type\": \"microsoft.insights/components\",\r\n      \"location\": \"eastus\",\r\n      \"tags\": {},\r\n      \"kind\": \"web\",\r\n      \"etag\": \"\\\"03006aef-0000-0100-0000-5eaa6b150000\\\"\",\r\n      \"properties\": {\r\n        \"ApplicationId\": \"azps-test-ai-mock\",\r\n        \"AppId\": \"80b6ea45-874a-4ec5-a2b8-62956d0b66c3\",\r\n        \"Application_Type\": \"web\",\r\n        \"Flow_Type\": null,\r\n        \"Request_Source\": \"AzurePowerShell\",\r\n        \"InstrumentationKey\": \"e236d186-412a-4625-981d-a00ce25128d4\",\r\n        \"ConnectionString\": \"InstrumentationKey=e236d186-412a-4625-981d-a00ce25128d4\",\r\n        \"Name\": \"azps-test-ai-mock\",\r\n        \"CreationDate\": \"2020-04-30T14:07:17.0646384+08:00\",\r\n        \"TenantId\": \"57947cb5-aadd-4b6c-9e8e-27f545bb7bf5\",\r\n        \"provisioningState\": \"Succeeded\",\r\n        \"SamplingPercentage\": null,\r\n        \"publicNetworkAccessForIngestion\": \"Enabled\",\r\n        \"publicNetworkAccessForQuery\": \"Enabled\"\r\n      }\r\n    }\r\n  ],\r\n  \"nextLink\": null,\r\n  \"properties\": {\r\n    \"Ver\": \"v2\"\r\n  }\r\n}",
      "StatusCode": 200
    },
    {
      "RequestUri": "/subscriptions/57947cb5-aadd-4b6c-9e8e-27f545bb7bf5/resourceGroups/azps-test-group-mock/providers/Microsoft.Insights/components/azps-test-ai-mock?api-version=2018-05-01-preview",
      "EncodedRequestUri": "L3N1YnNjcmlwdGlvbnMvNTc5NDdjYjUtYWFkZC00YjZjLTllOGUtMjdmNTQ1YmI3YmY1L3Jlc291cmNlR3JvdXBzL2F6cHMtdGVzdC1ncm91cC1tb2NrL3Byb3ZpZGVycy9NaWNyb3NvZnQuSW5zaWdodHMvY29tcG9uZW50cy9henBzLXRlc3QtYWktbW9jaz9hcGktdmVyc2lvbj0yMDE4LTA1LTAxLXByZXZpZXc=",
      "RequestMethod": "DELETE",
      "RequestBody": "",
      "RequestHeaders": {
        "x-ms-client-request-id": [
          "f61f7bf9-14ff-4f8d-976b-3a1a736207b2"
        ],
        "Accept-Language": [
          "en-US"
        ],
        "User-Agent": [
          "FxVersion/4.6.28008.02",
          "OSName/Windows",
          "OSVersion/Microsoft.Windows.10.0.18363.",
          "Microsoft.Azure.Management.ApplicationInsights.Management.ApplicationInsightsManagementClient/0.2.0.0"
        ]
      },
      "ResponseHeaders": {
        "Cache-Control": [
          "no-cache"
        ],
        "Pragma": [
          "no-cache"
        ],
        "x-ms-request-id": [
          "f61f7bf9-14ff-4f8d-976b-3a1a736207b2"
        ],
        "X-Content-Type-Options": [
          "nosniff"
        ],
        "Request-Context": [
          "appId=cid-v1:920e14b1-13f3-461a-a4bb-b4fe6f1a4525"
        ],
        "Access-Control-Expose-Headers": [
          "Request-Context"
        ],
        "Strict-Transport-Security": [
          "max-age=31536000; includeSubDomains"
        ],
        "Server": [
          "Microsoft-IIS/10.0"
        ],
        "X-Powered-By": [
          "ASP.NET"
        ],
        "x-ms-ratelimit-remaining-subscription-deletes": [
          "14999"
        ],
        "x-ms-correlation-request-id": [
          "007937ef-6f9c-4cd8-9ad5-aa9e559c0f9a"
        ],
        "x-ms-routing-request-id": [
          "AUSTRALIAEAST:20200430T060753Z:007937ef-6f9c-4cd8-9ad5-aa9e559c0f9a"
        ],
        "Date": [
          "Thu, 30 Apr 2020 06:07:53 GMT"
        ],
        "Expires": [
          "-1"
        ],
        "Content-Length": [
          "0"
        ]
      },
      "ResponseBody": "",
      "StatusCode": 200
    },
    {
      "RequestUri": "/subscriptions/57947cb5-aadd-4b6c-9e8e-27f545bb7bf5/resourcegroups/azps-test-group-mock?api-version=2016-09-01",
      "EncodedRequestUri": "L3N1YnNjcmlwdGlvbnMvNTc5NDdjYjUtYWFkZC00YjZjLTllOGUtMjdmNTQ1YmI3YmY1L3Jlc291cmNlZ3JvdXBzL2F6cHMtdGVzdC1ncm91cC1tb2NrP2FwaS12ZXJzaW9uPTIwMTYtMDktMDE=",
      "RequestMethod": "DELETE",
      "RequestBody": "",
      "RequestHeaders": {
        "x-ms-client-request-id": [
          "87be8d0a-680a-40c1-bd8d-39da25a9de0d"
        ],
        "Accept-Language": [
          "en-US"
        ],
        "User-Agent": [
          "FxVersion/4.6.28008.02",
          "OSName/Windows",
          "OSVersion/Microsoft.Windows.10.0.18363.",
          "Microsoft.Azure.Management.Internal.Resources.ResourceManagementClient/1.3.11"
        ]
      },
      "ResponseHeaders": {
        "Cache-Control": [
          "no-cache"
        ],
        "Pragma": [
          "no-cache"
        ],
        "Location": [
          "https://management.azure.com/subscriptions/57947cb5-aadd-4b6c-9e8e-27f545bb7bf5/operationresults/eyJqb2JJZCI6IlJFU09VUkNFR1JPVVBERUxFVElPTkpPQi1BWlBTOjJEVEVTVDoyREdST1VQOjJETU9DSy1FQVNUVVMiLCJqb2JMb2NhdGlvbiI6ImVhc3R1cyJ9?api-version=2016-09-01"
        ],
        "Retry-After": [
          "15"
        ],
        "x-ms-ratelimit-remaining-subscription-deletes": [
          "14999"
        ],
        "x-ms-request-id": [
          "59b64427-ca6d-4e2c-8aee-c712a01da425"
        ],
        "x-ms-correlation-request-id": [
          "59b64427-ca6d-4e2c-8aee-c712a01da425"
        ],
        "x-ms-routing-request-id": [
          "AUSTRALIAEAST:20200430T060759Z:59b64427-ca6d-4e2c-8aee-c712a01da425"
        ],
        "Strict-Transport-Security": [
          "max-age=31536000; includeSubDomains"
        ],
        "X-Content-Type-Options": [
          "nosniff"
        ],
        "Date": [
          "Thu, 30 Apr 2020 06:07:59 GMT"
        ],
        "Expires": [
          "-1"
        ],
        "Content-Length": [
          "0"
        ]
      },
      "ResponseBody": "",
      "StatusCode": 202
    },
    {
      "RequestUri": "/subscriptions/57947cb5-aadd-4b6c-9e8e-27f545bb7bf5/resourcegroups/azps-test-group-mock?api-version=2016-09-01",
      "EncodedRequestUri": "L3N1YnNjcmlwdGlvbnMvNTc5NDdjYjUtYWFkZC00YjZjLTllOGUtMjdmNTQ1YmI3YmY1L3Jlc291cmNlZ3JvdXBzL2F6cHMtdGVzdC1ncm91cC1tb2NrP2FwaS12ZXJzaW9uPTIwMTYtMDktMDE=",
      "RequestMethod": "DELETE",
      "RequestBody": "",
      "RequestHeaders": {
        "x-ms-client-request-id": [
          "1f978a53-4a5a-49d7-bed1-870d12d4cc21"
        ],
        "Accept-Language": [
          "en-US"
        ],
        "User-Agent": [
          "FxVersion/4.6.28008.02",
          "OSName/Windows",
          "OSVersion/Microsoft.Windows.10.0.18363.",
          "Microsoft.Azure.Management.Internal.Resources.ResourceManagementClient/1.3.11"
        ]
      },
      "ResponseHeaders": {
        "Cache-Control": [
          "no-cache"
        ],
        "Pragma": [
          "no-cache"
        ],
        "x-ms-failure-cause": [
          "gateway"
        ],
        "x-ms-ratelimit-remaining-subscription-deletes": [
          "14998"
        ],
        "x-ms-request-id": [
          "74d7085f-0585-4f61-be60-e11029d0ea2c"
        ],
        "x-ms-correlation-request-id": [
          "74d7085f-0585-4f61-be60-e11029d0ea2c"
        ],
        "x-ms-routing-request-id": [
          "AUSTRALIAEAST:20200430T060847Z:74d7085f-0585-4f61-be60-e11029d0ea2c"
        ],
        "Strict-Transport-Security": [
          "max-age=31536000; includeSubDomains"
        ],
        "X-Content-Type-Options": [
          "nosniff"
        ],
        "Date": [
          "Thu, 30 Apr 2020 06:08:47 GMT"
        ],
        "Content-Type": [
          "application/json; charset=utf-8"
        ],
        "Expires": [
          "-1"
        ],
        "Content-Length": [
          "112"
        ]
      },
      "ResponseBody": "{\r\n  \"error\": {\r\n    \"code\": \"ResourceGroupNotFound\",\r\n    \"message\": \"Resource group 'azps-test-group-mock' could not be found.\"\r\n  }\r\n}",
      "StatusCode": 404
    },
    {
      "RequestUri": "/subscriptions/57947cb5-aadd-4b6c-9e8e-27f545bb7bf5/operationresults/eyJqb2JJZCI6IlJFU09VUkNFR1JPVVBERUxFVElPTkpPQi1BWlBTOjJEVEVTVDoyREdST1VQOjJETU9DSy1FQVNUVVMiLCJqb2JMb2NhdGlvbiI6ImVhc3R1cyJ9?api-version=2016-09-01",
      "EncodedRequestUri": "L3N1YnNjcmlwdGlvbnMvNTc5NDdjYjUtYWFkZC00YjZjLTllOGUtMjdmNTQ1YmI3YmY1L29wZXJhdGlvbnJlc3VsdHMvZXlKcWIySkpaQ0k2SWxKRlUwOVZVa05GUjFKUFZWQkVSVXhGVkVsUFRrcFBRaTFCV2xCVE9qSkVWRVZUVkRveVJFZFNUMVZRT2pKRVRVOURTeTFGUVZOVVZWTWlMQ0pxYjJKTWIyTmhkR2x2YmlJNkltVmhjM1IxY3lKOT9hcGktdmVyc2lvbj0yMDE2LTA5LTAx",
      "RequestMethod": "GET",
      "RequestBody": "",
      "RequestHeaders": {
        "User-Agent": [
          "FxVersion/4.6.28008.02",
          "OSName/Windows",
          "OSVersion/Microsoft.Windows.10.0.18363.",
          "Microsoft.Azure.Management.Internal.Resources.ResourceManagementClient/1.3.11"
        ]
      },
      "ResponseHeaders": {
        "Cache-Control": [
          "no-cache"
        ],
        "Pragma": [
          "no-cache"
        ],
        "Location": [
          "https://management.azure.com/subscriptions/57947cb5-aadd-4b6c-9e8e-27f545bb7bf5/operationresults/eyJqb2JJZCI6IlJFU09VUkNFR1JPVVBERUxFVElPTkpPQi1BWlBTOjJEVEVTVDoyREdST1VQOjJETU9DSy1FQVNUVVMiLCJqb2JMb2NhdGlvbiI6ImVhc3R1cyJ9?api-version=2016-09-01"
        ],
        "Retry-After": [
          "15"
        ],
        "x-ms-ratelimit-remaining-subscription-reads": [
          "11999"
        ],
        "x-ms-request-id": [
          "1a9a7acb-5dd0-4ffe-b84b-0297b1a3d69c"
        ],
        "x-ms-correlation-request-id": [
          "1a9a7acb-5dd0-4ffe-b84b-0297b1a3d69c"
        ],
        "x-ms-routing-request-id": [
          "AUSTRALIAEAST:20200430T060815Z:1a9a7acb-5dd0-4ffe-b84b-0297b1a3d69c"
        ],
        "Strict-Transport-Security": [
          "max-age=31536000; includeSubDomains"
        ],
        "X-Content-Type-Options": [
          "nosniff"
        ],
        "Date": [
          "Thu, 30 Apr 2020 06:08:15 GMT"
        ],
        "Expires": [
          "-1"
        ],
        "Content-Length": [
          "0"
        ]
      },
      "ResponseBody": "",
      "StatusCode": 202
    },
    {
      "RequestUri": "/subscriptions/57947cb5-aadd-4b6c-9e8e-27f545bb7bf5/operationresults/eyJqb2JJZCI6IlJFU09VUkNFR1JPVVBERUxFVElPTkpPQi1BWlBTOjJEVEVTVDoyREdST1VQOjJETU9DSy1FQVNUVVMiLCJqb2JMb2NhdGlvbiI6ImVhc3R1cyJ9?api-version=2016-09-01",
      "EncodedRequestUri": "L3N1YnNjcmlwdGlvbnMvNTc5NDdjYjUtYWFkZC00YjZjLTllOGUtMjdmNTQ1YmI3YmY1L29wZXJhdGlvbnJlc3VsdHMvZXlKcWIySkpaQ0k2SWxKRlUwOVZVa05GUjFKUFZWQkVSVXhGVkVsUFRrcFBRaTFCV2xCVE9qSkVWRVZUVkRveVJFZFNUMVZRT2pKRVRVOURTeTFGUVZOVVZWTWlMQ0pxYjJKTWIyTmhkR2x2YmlJNkltVmhjM1IxY3lKOT9hcGktdmVyc2lvbj0yMDE2LTA5LTAx",
      "RequestMethod": "GET",
      "RequestBody": "",
      "RequestHeaders": {
        "User-Agent": [
          "FxVersion/4.6.28008.02",
          "OSName/Windows",
          "OSVersion/Microsoft.Windows.10.0.18363.",
          "Microsoft.Azure.Management.Internal.Resources.ResourceManagementClient/1.3.11"
        ]
      },
      "ResponseHeaders": {
        "Cache-Control": [
          "no-cache"
        ],
        "Pragma": [
          "no-cache"
        ],
        "Location": [
          "https://management.azure.com/subscriptions/57947cb5-aadd-4b6c-9e8e-27f545bb7bf5/operationresults/eyJqb2JJZCI6IlJFU09VUkNFR1JPVVBERUxFVElPTkpPQi1BWlBTOjJEVEVTVDoyREdST1VQOjJETU9DSy1FQVNUVVMiLCJqb2JMb2NhdGlvbiI6ImVhc3R1cyJ9?api-version=2016-09-01"
        ],
        "Retry-After": [
          "15"
        ],
        "x-ms-ratelimit-remaining-subscription-reads": [
          "11998"
        ],
        "x-ms-request-id": [
          "b1cc6de3-7e32-4a5f-a39a-e31ce326268d"
        ],
        "x-ms-correlation-request-id": [
          "b1cc6de3-7e32-4a5f-a39a-e31ce326268d"
        ],
        "x-ms-routing-request-id": [
          "AUSTRALIAEAST:20200430T060831Z:b1cc6de3-7e32-4a5f-a39a-e31ce326268d"
        ],
        "Strict-Transport-Security": [
          "max-age=31536000; includeSubDomains"
        ],
        "X-Content-Type-Options": [
          "nosniff"
        ],
        "Date": [
          "Thu, 30 Apr 2020 06:08:30 GMT"
        ],
        "Expires": [
          "-1"
        ],
        "Content-Length": [
          "0"
        ]
      },
      "ResponseBody": "",
      "StatusCode": 202
    },
    {
      "RequestUri": "/subscriptions/57947cb5-aadd-4b6c-9e8e-27f545bb7bf5/operationresults/eyJqb2JJZCI6IlJFU09VUkNFR1JPVVBERUxFVElPTkpPQi1BWlBTOjJEVEVTVDoyREdST1VQOjJETU9DSy1FQVNUVVMiLCJqb2JMb2NhdGlvbiI6ImVhc3R1cyJ9?api-version=2016-09-01",
      "EncodedRequestUri": "L3N1YnNjcmlwdGlvbnMvNTc5NDdjYjUtYWFkZC00YjZjLTllOGUtMjdmNTQ1YmI3YmY1L29wZXJhdGlvbnJlc3VsdHMvZXlKcWIySkpaQ0k2SWxKRlUwOVZVa05GUjFKUFZWQkVSVXhGVkVsUFRrcFBRaTFCV2xCVE9qSkVWRVZUVkRveVJFZFNUMVZRT2pKRVRVOURTeTFGUVZOVVZWTWlMQ0pxYjJKTWIyTmhkR2x2YmlJNkltVmhjM1IxY3lKOT9hcGktdmVyc2lvbj0yMDE2LTA5LTAx",
      "RequestMethod": "GET",
      "RequestBody": "",
      "RequestHeaders": {
        "User-Agent": [
          "FxVersion/4.6.28008.02",
          "OSName/Windows",
          "OSVersion/Microsoft.Windows.10.0.18363.",
          "Microsoft.Azure.Management.Internal.Resources.ResourceManagementClient/1.3.11"
        ]
      },
      "ResponseHeaders": {
        "Cache-Control": [
          "no-cache"
        ],
        "Pragma": [
          "no-cache"
        ],
        "x-ms-ratelimit-remaining-subscription-reads": [
          "11997"
        ],
        "x-ms-request-id": [
          "6a8e6610-8b53-4600-b889-6454f1fab2b4"
        ],
        "x-ms-correlation-request-id": [
          "6a8e6610-8b53-4600-b889-6454f1fab2b4"
        ],
        "x-ms-routing-request-id": [
          "AUSTRALIAEAST:20200430T060846Z:6a8e6610-8b53-4600-b889-6454f1fab2b4"
        ],
        "Strict-Transport-Security": [
          "max-age=31536000; includeSubDomains"
        ],
        "X-Content-Type-Options": [
          "nosniff"
        ],
        "Date": [
          "Thu, 30 Apr 2020 06:08:46 GMT"
        ],
        "Expires": [
          "-1"
        ],
        "Content-Length": [
          "0"
        ]
      },
      "ResponseBody": "",
      "StatusCode": 200
    },
    {
      "RequestUri": "/subscriptions/57947cb5-aadd-4b6c-9e8e-27f545bb7bf5/operationresults/eyJqb2JJZCI6IlJFU09VUkNFR1JPVVBERUxFVElPTkpPQi1BWlBTOjJEVEVTVDoyREdST1VQOjJETU9DSy1FQVNUVVMiLCJqb2JMb2NhdGlvbiI6ImVhc3R1cyJ9?api-version=2016-09-01",
      "EncodedRequestUri": "L3N1YnNjcmlwdGlvbnMvNTc5NDdjYjUtYWFkZC00YjZjLTllOGUtMjdmNTQ1YmI3YmY1L29wZXJhdGlvbnJlc3VsdHMvZXlKcWIySkpaQ0k2SWxKRlUwOVZVa05GUjFKUFZWQkVSVXhGVkVsUFRrcFBRaTFCV2xCVE9qSkVWRVZUVkRveVJFZFNUMVZRT2pKRVRVOURTeTFGUVZOVVZWTWlMQ0pxYjJKTWIyTmhkR2x2YmlJNkltVmhjM1IxY3lKOT9hcGktdmVyc2lvbj0yMDE2LTA5LTAx",
      "RequestMethod": "GET",
      "RequestBody": "",
      "RequestHeaders": {
        "User-Agent": [
          "FxVersion/4.6.28008.02",
          "OSName/Windows",
          "OSVersion/Microsoft.Windows.10.0.18363.",
          "Microsoft.Azure.Management.Internal.Resources.ResourceManagementClient/1.3.11"
        ]
      },
      "ResponseHeaders": {
        "Cache-Control": [
          "no-cache"
        ],
        "Pragma": [
          "no-cache"
        ],
        "x-ms-ratelimit-remaining-subscription-reads": [
          "11996"
        ],
        "x-ms-request-id": [
          "318727e5-c89b-430a-b591-97ef02679f53"
        ],
        "x-ms-correlation-request-id": [
          "318727e5-c89b-430a-b591-97ef02679f53"
        ],
        "x-ms-routing-request-id": [
          "AUSTRALIAEAST:20200430T060847Z:318727e5-c89b-430a-b591-97ef02679f53"
        ],
        "Strict-Transport-Security": [
          "max-age=31536000; includeSubDomains"
        ],
        "X-Content-Type-Options": [
          "nosniff"
        ],
        "Date": [
          "Thu, 30 Apr 2020 06:08:46 GMT"
        ],
        "Expires": [
          "-1"
        ],
        "Content-Length": [
          "0"
        ]
      },
      "ResponseBody": "",
      "StatusCode": 200
    }
  ],
  "Names": {},
  "Variables": {
    "SubscriptionId": "57947cb5-aadd-4b6c-9e8e-27f545bb7bf5"
  }
}