{
  "Entries": [
    {
      "RequestUri": "/subscriptions/04b0639d-85d8-445a-bada-8da78e50ff30/resourceGroups/11698RG1/providers/Microsoft.Web/serverfarms/powershellasp?api-version=2020-06-01",
      "EncodedRequestUri": "L3N1YnNjcmlwdGlvbnMvMDRiMDYzOWQtODVkOC00NDVhLWJhZGEtOGRhNzhlNTBmZjMwL3Jlc291cmNlR3JvdXBzLzExNjk4UkcxL3Byb3ZpZGVycy9NaWNyb3NvZnQuV2ViL3NlcnZlcmZhcm1zL3Bvd2Vyc2hlbGxhc3A/YXBpLXZlcnNpb249MjAyMC0wNi0wMQ==",
      "RequestMethod": "GET",
      "RequestBody": "",
      "RequestHeaders": {
        "x-ms-client-request-id": [
          "4e085192-4649-4e0b-a2f2-09287a231ee7"
        ],
        "Accept-Language": [
          "en-US"
        ],
        "User-Agent": [
          "FxVersion/4.6.29130.01",
          "OSName/Windows",
          "OSVersion/Microsoft.Windows.10.0.19041.",
          "Microsoft.Azure.Management.WebSites.WebSiteManagementClient/3.1.0"
        ]
      },
      "ResponseHeaders": {
        "Cache-Control": [
          "no-cache"
        ],
        "Pragma": [
          "no-cache"
        ],
        "Strict-Transport-Security": [
          "max-age=31536000; includeSubDomains"
        ],
        "x-ms-request-id": [
          "5455b1be-dcc8-4b37-b640-1d6a977ceb2d"
        ],
        "Server": [
          "Microsoft-IIS/10.0"
        ],
        "X-AspNet-Version": [
          "4.0.30319"
        ],
        "X-Powered-By": [
          "ASP.NET"
        ],
        "x-ms-ratelimit-remaining-subscription-reads": [
          "11961"
        ],
        "x-ms-correlation-request-id": [
          "6556c35d-c608-4c73-801d-afbbd70c1a71"
        ],
        "x-ms-routing-request-id": [
          "SOUTHINDIA:20200925T060222Z:6556c35d-c608-4c73-801d-afbbd70c1a71"
        ],
        "X-Content-Type-Options": [
          "nosniff"
        ],
        "Date": [
          "Fri, 25 Sep 2020 06:02:21 GMT"
        ],
        "Content-Length": [
          "1646"
        ],
        "Content-Type": [
          "application/json"
        ],
        "Expires": [
          "-1"
        ]
      },
      "ResponseBody": "{\r\n  \"id\": \"/subscriptions/04b0639d-85d8-445a-bada-8da78e50ff30/resourceGroups/11698RG1/providers/Microsoft.Web/serverfarms/powershellasp\",\r\n  \"name\": \"powershellasp\",\r\n  \"type\": \"Microsoft.Web/serverfarms\",\r\n  \"kind\": \"app\",\r\n  \"location\": \"East US\",\r\n  \"properties\": {\r\n    \"serverFarmId\": 3,\r\n    \"name\": \"powershellasp\",\r\n    \"workerSize\": \"Default\",\r\n    \"workerSizeId\": 0,\r\n    \"workerTierName\": null,\r\n    \"numberOfWorkers\": 1,\r\n    \"currentWorkerSize\": \"Default\",\r\n    \"currentWorkerSizeId\": 0,\r\n    \"currentNumberOfWorkers\": 1,\r\n    \"status\": \"Ready\",\r\n    \"webSpace\": \"11698RG1-11698ASP-PSappseEastUSwebspace\",\r\n    \"subscription\": \"04b0639d-85d8-445a-bada-8da78e50ff30\",\r\n    \"adminSiteName\": null,\r\n    \"hostingEnvironment\": \"11698ASP-PS\",\r\n    \"hostingEnvironmentProfile\": {\r\n      \"id\": \"/subscriptions/04b0639d-85d8-445a-bada-8da78e50ff30/resourceGroups/11698RG1/providers/Microsoft.Web/hostingEnvironments/11698ASP-PS\",\r\n      \"name\": \"11698ASP-PS\",\r\n      \"type\": \"Microsoft.Web/hostingEnvironments\"\r\n    },\r\n    \"maximumNumberOfWorkers\": 100,\r\n    \"planName\": \"VirtualDedicatedPlan\",\r\n    \"adminRuntimeSiteName\": null,\r\n    \"computeMode\": \"Dedicated\",\r\n    \"siteMode\": null,\r\n    \"geoRegion\": \"East US\",\r\n    \"perSiteScaling\": false,\r\n    \"maximumElasticWorkerCount\": 0,\r\n    \"numberOfSites\": 0,\r\n    \"hostingEnvironmentId\": \"/subscriptions/04b0639d-85d8-445a-bada-8da78e50ff30/resourceGroups/11698RG1/providers/Microsoft.Web/hostingEnvironments/11698ASP-PS\",\r\n    \"isSpot\": false,\r\n    \"spotExpirationTime\": null,\r\n    \"freeOfferExpirationTime\": null,\r\n    \"tags\": null,\r\n    \"kind\": \"app\",\r\n    \"resourceGroup\": \"11698RG1\",\r\n    \"reserved\": false,\r\n    \"isXenon\": false,\r\n    \"hyperV\": false,\r\n    \"mdmId\": \"waws-prod-blu-3c4bccd2_3\",\r\n    \"targetWorkerCount\": 0,\r\n    \"targetWorkerSizeId\": 0,\r\n    \"provisioningState\": \"Succeeded\",\r\n    \"webSiteId\": null,\r\n    \"existingServerFarmIds\": null\r\n  },\r\n  \"sku\": {\r\n    \"name\": \"I1\",\r\n    \"tier\": \"Isolated\",\r\n    \"size\": \"I1\",\r\n    \"family\": \"I\",\r\n    \"capacity\": 1\r\n  }\r\n}",
      "StatusCode": 200
    },
    {
      "RequestUri": "/subscriptions/04b0639d-85d8-445a-bada-8da78e50ff30/resourceGroups/11698RG1/providers/Microsoft.Web/sites/ps5691?api-version=2020-06-01",
      "EncodedRequestUri": "L3N1YnNjcmlwdGlvbnMvMDRiMDYzOWQtODVkOC00NDVhLWJhZGEtOGRhNzhlNTBmZjMwL3Jlc291cmNlR3JvdXBzLzExNjk4UkcxL3Byb3ZpZGVycy9NaWNyb3NvZnQuV2ViL3NpdGVzL3BzNTY5MT9hcGktdmVyc2lvbj0yMDIwLTA2LTAx",
      "RequestMethod": "PUT",
      "RequestBody": "{\r\n  \"properties\": {\r\n    \"serverFarmId\": \"powershellasp\",\r\n    \"hostingEnvironmentProfile\": {\r\n      \"id\": \"/subscriptions/04b0639d-85d8-445a-bada-8da78e50ff30/resourcegroups/11698RG1/providers/Microsoft.Web/hostingEnvironments/11698ASP-PS\"\r\n    }\r\n  },\r\n  \"location\": \"East US\"\r\n}",
      "RequestHeaders": {
        "x-ms-client-request-id": [
          "efba1ffe-2989-4862-b5d9-36999f725044"
        ],
        "Accept-Language": [
          "en-US"
        ],
        "User-Agent": [
          "FxVersion/4.6.29130.01",
          "OSName/Windows",
          "OSVersion/Microsoft.Windows.10.0.19041.",
          "Microsoft.Azure.Management.WebSites.WebSiteManagementClient/3.1.0"
        ],
        "Content-Type": [
          "application/json; charset=utf-8"
        ],
        "Content-Length": [
          "282"
        ]
      },
      "ResponseHeaders": {
        "Cache-Control": [
          "no-cache"
        ],
        "Pragma": [
          "no-cache"
        ],
        "ETag": [
          "\"1D6930174D45D95\""
        ],
        "Strict-Transport-Security": [
          "max-age=31536000; includeSubDomains"
        ],
        "x-ms-request-id": [
          "f9f80686-72c1-4389-abd8-8d66e683a457"
        ],
        "Server": [
          "Microsoft-IIS/10.0"
        ],
        "X-AspNet-Version": [
          "4.0.30319"
        ],
        "X-Powered-By": [
          "ASP.NET"
        ],
        "x-ms-ratelimit-remaining-subscription-resource-requests": [
          "497"
        ],
        "x-ms-correlation-request-id": [
          "8d6c712d-5e2c-402e-b851-6be8eb912218"
        ],
        "x-ms-routing-request-id": [
          "SOUTHINDIA:20200925T060247Z:8d6c712d-5e2c-402e-b851-6be8eb912218"
        ],
        "X-Content-Type-Options": [
          "nosniff"
        ],
        "Date": [
          "Fri, 25 Sep 2020 06:02:47 GMT"
        ],
        "Content-Length": [
          "5579"
        ],
        "Content-Type": [
          "application/json"
        ],
        "Expires": [
          "-1"
        ]
      },
      "ResponseBody": "{\r\n  \"id\": \"/subscriptions/04b0639d-85d8-445a-bada-8da78e50ff30/resourceGroups/11698RG1/providers/Microsoft.Web/sites/ps5691\",\r\n  \"name\": \"ps5691\",\r\n  \"type\": \"Microsoft.Web/sites\",\r\n  \"kind\": \"app\",\r\n  \"location\": \"East US\",\r\n  \"properties\": {\r\n    \"name\": \"ps5691\",\r\n    \"state\": \"Running\",\r\n    \"hostNames\": [\r\n      \"ps5691.11698asp-ps.p.azurewebsites.net\"\r\n    ],\r\n    \"webSpace\": \"11698RG1-11698ASP-PSappseEastUSwebspace\",\r\n    \"selfLink\": \"https://waws-prod-blu-3c4bccd2.api.p.azurewebsites.windows.net:454/subscriptions/04b0639d-85d8-445a-bada-8da78e50ff30/webspaces/11698RG1-11698ASP-PSappseEastUSwebspace/sites/ps5691\",\r\n    \"repositorySiteName\": \"ps5691\",\r\n    \"owner\": null,\r\n    \"usageState\": \"Normal\",\r\n    \"enabled\": true,\r\n    \"adminEnabled\": true,\r\n    \"enabledHostNames\": [\r\n      \"ps5691.11698asp-ps.p.azurewebsites.net\",\r\n      \"ps5691.scm.11698ASP-PS.p.azurewebsites.net\"\r\n    ],\r\n    \"siteProperties\": {\r\n      \"metadata\": null,\r\n      \"properties\": [\r\n        {\r\n          \"name\": \"LinuxFxVersion\",\r\n          \"value\": \"\"\r\n        },\r\n        {\r\n          \"name\": \"WindowsFxVersion\",\r\n          \"value\": null\r\n        }\r\n      ],\r\n      \"appSettings\": null\r\n    },\r\n    \"availabilityState\": \"Normal\",\r\n    \"sslCertificates\": null,\r\n    \"csrs\": [],\r\n    \"cers\": null,\r\n    \"siteMode\": null,\r\n    \"hostNameSslStates\": [\r\n      {\r\n        \"name\": \"ps5691.11698asp-ps.p.azurewebsites.net\",\r\n        \"sslState\": \"Disabled\",\r\n        \"ipBasedSslResult\": null,\r\n        \"virtualIP\": null,\r\n        \"thumbprint\": null,\r\n        \"toUpdate\": null,\r\n        \"toUpdateIpBasedSsl\": null,\r\n        \"ipBasedSslState\": \"NotConfigured\",\r\n        \"hostType\": \"Standard\"\r\n      },\r\n      {\r\n        \"name\": \"ps5691.scm.11698ASP-PS.p.azurewebsites.net\",\r\n        \"sslState\": \"Disabled\",\r\n        \"ipBasedSslResult\": null,\r\n        \"virtualIP\": null,\r\n        \"thumbprint\": null,\r\n        \"toUpdate\": null,\r\n        \"toUpdateIpBasedSsl\": null,\r\n        \"ipBasedSslState\": \"NotConfigured\",\r\n        \"hostType\": \"Repository\"\r\n      }\r\n    ],\r\n    \"computeMode\": null,\r\n    \"serverFarm\": null,\r\n    \"serverFarmId\": \"/subscriptions/04b0639d-85d8-445a-bada-8da78e50ff30/resourceGroups/11698RG1/providers/Microsoft.Web/serverfarms/powershellasp\",\r\n    \"reserved\": false,\r\n    \"isXenon\": false,\r\n    \"hyperV\": false,\r\n    \"lastModifiedTimeUtc\": \"2020-09-25T06:02:31.4\",\r\n    \"storageRecoveryDefaultState\": \"Running\",\r\n    \"contentAvailabilityState\": \"Normal\",\r\n    \"runtimeAvailabilityState\": \"Normal\",\r\n    \"siteConfig\": {\r\n      \"numberOfWorkers\": null,\r\n      \"defaultDocuments\": null,\r\n      \"netFrameworkVersion\": null,\r\n      \"phpVersion\": null,\r\n      \"pythonVersion\": null,\r\n      \"nodeVersion\": null,\r\n      \"powerShellVersion\": null,\r\n      \"linuxFxVersion\": null,\r\n      \"windowsFxVersion\": null,\r\n      \"requestTracingEnabled\": null,\r\n      \"remoteDebuggingEnabled\": null,\r\n      \"remoteDebuggingVersion\": null,\r\n      \"httpLoggingEnabled\": null,\r\n      \"azureMonitorLogCategories\": null,\r\n      \"acrUseManagedIdentityCreds\": false,\r\n      \"acrUserManagedIdentityID\": null,\r\n      \"logsDirectorySizeLimit\": null,\r\n      \"detailedErrorLoggingEnabled\": null,\r\n      \"publishingUsername\": null,\r\n      \"publishingPassword\": null,\r\n      \"appSettings\": null,\r\n      \"azureStorageAccounts\": null,\r\n      \"metadata\": null,\r\n      \"connectionStrings\": null,\r\n      \"machineKey\": null,\r\n      \"handlerMappings\": null,\r\n      \"documentRoot\": null,\r\n      \"scmType\": null,\r\n      \"use32BitWorkerProcess\": null,\r\n      \"webSocketsEnabled\": null,\r\n      \"alwaysOn\": null,\r\n      \"javaVersion\": null,\r\n      \"javaContainer\": null,\r\n      \"javaContainerVersion\": null,\r\n      \"appCommandLine\": null,\r\n      \"managedPipelineMode\": null,\r\n      \"virtualApplications\": null,\r\n      \"winAuthAdminState\": null,\r\n      \"winAuthTenantState\": null,\r\n      \"customAppPoolIdentityAdminState\": null,\r\n      \"customAppPoolIdentityTenantState\": null,\r\n      \"runtimeADUser\": null,\r\n      \"runtimeADUserPassword\": null,\r\n      \"loadBalancing\": null,\r\n      \"routingRules\": null,\r\n      \"experiments\": null,\r\n      \"limits\": null,\r\n      \"autoHealEnabled\": null,\r\n      \"autoHealRules\": null,\r\n      \"tracingOptions\": null,\r\n      \"vnetName\": null,\r\n      \"vnetRouteAllEnabled\": null,\r\n      \"cors\": null,\r\n      \"push\": null,\r\n      \"apiDefinition\": null,\r\n      \"apiManagementConfig\": null,\r\n      \"autoSwapSlotName\": null,\r\n      \"localMySqlEnabled\": null,\r\n      \"managedServiceIdentityId\": null,\r\n      \"xManagedServiceIdentityId\": null,\r\n      \"ipSecurityRestrictions\": [\r\n        {\r\n          \"ipAddress\": \"Any\",\r\n          \"action\": \"Allow\",\r\n          \"priority\": 1,\r\n          \"name\": \"Allow all\",\r\n          \"description\": \"Allow all access\"\r\n        }\r\n      ],\r\n      \"scmIpSecurityRestrictions\": [\r\n        {\r\n          \"ipAddress\": \"Any\",\r\n          \"action\": \"Allow\",\r\n          \"priority\": 1,\r\n          \"name\": \"Allow all\",\r\n          \"description\": \"Allow all access\"\r\n        }\r\n      ],\r\n      \"scmIpSecurityRestrictionsUseMain\": null,\r\n      \"http20Enabled\": null,\r\n      \"minTlsVersion\": null,\r\n      \"scmMinTlsVersion\": null,\r\n      \"ftpsState\": null,\r\n      \"preWarmedInstanceCount\": null,\r\n      \"functionAppScaleLimit\": null,\r\n      \"healthCheckPath\": null,\r\n      \"fileChangeAuditEnabled\": null,\r\n      \"functionsRuntimeScaleMonitoringEnabled\": null,\r\n      \"websiteTimeZone\": null,\r\n      \"minimumElasticInstanceCount\": 0\r\n    },\r\n    \"deploymentId\": \"ps5691\",\r\n    \"trafficManagerHostNames\": null,\r\n    \"sku\": \"Isolated\",\r\n    \"scmSiteAlsoStopped\": false,\r\n    \"targetSwapSlot\": null,\r\n    \"hostingEnvironment\": \"11698ASP-PS\",\r\n    \"hostingEnvironmentProfile\": {\r\n      \"id\": \"/subscriptions/04b0639d-85d8-445a-bada-8da78e50ff30/resourceGroups/11698RG1/providers/Microsoft.Web/hostingEnvironments/11698ASP-PS\",\r\n      \"name\": \"11698ASP-PS\",\r\n      \"type\": \"Microsoft.Web/hostingEnvironments\"\r\n    },\r\n    \"clientAffinityEnabled\": true,\r\n    \"clientCertEnabled\": false,\r\n    \"clientCertMode\": \"Required\",\r\n    \"clientCertExclusionPaths\": null,\r\n    \"hostNamesDisabled\": false,\r\n    \"domainVerificationIdentifiers\": null,\r\n    \"customDomainVerificationId\": \"C3E7C05FE8A97695B3AE08C1935F4251C48E338FE439627B2E788D9D718C8A70\",\r\n    \"kind\": \"app\",\r\n    \"inboundIpAddress\": \"13.68.204.34\",\r\n    \"possibleInboundIpAddresses\": \"13.68.204.34\",\r\n    \"ftpUsername\": \"ps5691\\\\$ps5691\",\r\n    \"ftpsHostName\": \"ftps://waws-prod-blu-3c4bccd2.ftp.p.azurewebsites.windows.net/site/wwwroot\",\r\n    \"outboundIpAddresses\": \"13.68.204.34\",\r\n    \"possibleOutboundIpAddresses\": \"13.68.204.34\",\r\n    \"containerSize\": 0,\r\n    \"dailyMemoryTimeQuota\": 0,\r\n    \"suspendedTill\": null,\r\n    \"siteDisabledReason\": 0,\r\n    \"functionExecutionUnitsCache\": null,\r\n    \"maxNumberOfWorkers\": null,\r\n    \"homeStamp\": \"waws-prod-blu-3c4bccd2\",\r\n    \"cloningInfo\": null,\r\n    \"hostingEnvironmentId\": \"/subscriptions/04b0639d-85d8-445a-bada-8da78e50ff30/resourceGroups/11698RG1/providers/Microsoft.Web/hostingEnvironments/11698ASP-PS\",\r\n    \"tags\": null,\r\n    \"resourceGroup\": \"11698RG1\",\r\n    \"defaultHostName\": \"ps5691.11698asp-ps.p.azurewebsites.net\",\r\n    \"slotSwapStatus\": null,\r\n    \"httpsOnly\": false,\r\n    \"redundancyMode\": \"None\",\r\n    \"inProgressOperationId\": null,\r\n    \"geoDistributions\": null,\r\n    \"privateEndpointConnections\": null,\r\n    \"buildVersion\": null,\r\n    \"targetBuildVersion\": null,\r\n    \"migrationState\": null\r\n  }\r\n}",
      "StatusCode": 200
    },
    {
      "RequestUri": "/subscriptions/04b0639d-85d8-445a-bada-8da78e50ff30/resourceGroups/11698RG1/providers/Microsoft.Web/sites/ps5691/config/web?api-version=2020-06-01",
      "EncodedRequestUri": "L3N1YnNjcmlwdGlvbnMvMDRiMDYzOWQtODVkOC00NDVhLWJhZGEtOGRhNzhlNTBmZjMwL3Jlc291cmNlR3JvdXBzLzExNjk4UkcxL3Byb3ZpZGVycy9NaWNyb3NvZnQuV2ViL3NpdGVzL3BzNTY5MS9jb25maWcvd2ViP2FwaS12ZXJzaW9uPTIwMjAtMDYtMDE=",
      "RequestMethod": "GET",
      "RequestBody": "",
      "RequestHeaders": {
        "x-ms-client-request-id": [
          "02bd29ae-4c5a-4534-8613-066496b60a1c"
        ],
        "Accept-Language": [
          "en-US"
        ],
        "User-Agent": [
          "FxVersion/4.6.29130.01",
          "OSName/Windows",
          "OSVersion/Microsoft.Windows.10.0.19041.",
          "Microsoft.Azure.Management.WebSites.WebSiteManagementClient/3.1.0"
        ]
      },
      "ResponseHeaders": {
        "Cache-Control": [
          "no-cache"
        ],
        "Pragma": [
          "no-cache"
        ],
        "Strict-Transport-Security": [
          "max-age=31536000; includeSubDomains"
        ],
        "x-ms-request-id": [
          "8e87aa9b-d69f-497f-b54f-57d216c17fc7"
        ],
        "Server": [
          "Microsoft-IIS/10.0"
        ],
        "X-AspNet-Version": [
          "4.0.30319"
        ],
        "X-Powered-By": [
          "ASP.NET"
        ],
        "x-ms-ratelimit-remaining-subscription-reads": [
          "11960"
        ],
        "x-ms-correlation-request-id": [
          "985d1563-ea25-4099-8561-c854c45c5342"
        ],
        "x-ms-routing-request-id": [
          "SOUTHINDIA:20200925T060248Z:985d1563-ea25-4099-8561-c854c45c5342"
        ],
        "X-Content-Type-Options": [
          "nosniff"
        ],
        "Date": [
          "Fri, 25 Sep 2020 06:02:48 GMT"
        ],
        "Content-Length": [
          "3524"
        ],
        "Content-Type": [
          "application/json"
        ],
        "Expires": [
          "-1"
        ]
      },
      "ResponseBody": "{\r\n  \"id\": \"/subscriptions/04b0639d-85d8-445a-bada-8da78e50ff30/resourceGroups/11698RG1/providers/Microsoft.Web/sites/ps5691/config/web\",\r\n  \"name\": \"ps5691\",\r\n  \"type\": \"Microsoft.Web/sites/config\",\r\n  \"location\": \"East US\",\r\n  \"properties\": {\r\n    \"numberOfWorkers\": 1,\r\n    \"defaultDocuments\": [\r\n      \"Default.htm\",\r\n      \"Default.html\",\r\n      \"Default.asp\",\r\n      \"index.htm\",\r\n      \"index.html\",\r\n      \"iisstart.htm\",\r\n      \"default.aspx\",\r\n      \"index.php\",\r\n      \"hostingstart.html\"\r\n    ],\r\n    \"netFrameworkVersion\": \"v4.0\",\r\n    \"phpVersion\": \"5.6\",\r\n    \"pythonVersion\": \"\",\r\n    \"nodeVersion\": \"\",\r\n    \"powerShellVersion\": \"\",\r\n    \"linuxFxVersion\": \"\",\r\n    \"windowsFxVersion\": null,\r\n    \"requestTracingEnabled\": false,\r\n    \"remoteDebuggingEnabled\": false,\r\n    \"remoteDebuggingVersion\": null,\r\n    \"httpLoggingEnabled\": false,\r\n    \"azureMonitorLogCategories\": null,\r\n    \"acrUseManagedIdentityCreds\": false,\r\n    \"acrUserManagedIdentityID\": null,\r\n    \"logsDirectorySizeLimit\": 35,\r\n    \"detailedErrorLoggingEnabled\": false,\r\n    \"publishingUsername\": \"$ps5691\",\r\n    \"publishingPassword\": null,\r\n    \"appSettings\": null,\r\n    \"azureStorageAccounts\": {},\r\n    \"metadata\": null,\r\n    \"connectionStrings\": null,\r\n    \"machineKey\": null,\r\n    \"handlerMappings\": null,\r\n    \"documentRoot\": null,\r\n    \"scmType\": \"None\",\r\n    \"use32BitWorkerProcess\": true,\r\n    \"webSocketsEnabled\": false,\r\n    \"alwaysOn\": false,\r\n    \"javaVersion\": null,\r\n    \"javaContainer\": null,\r\n    \"javaContainerVersion\": null,\r\n    \"appCommandLine\": \"\",\r\n    \"managedPipelineMode\": \"Integrated\",\r\n    \"virtualApplications\": [\r\n      {\r\n        \"virtualPath\": \"/\",\r\n        \"physicalPath\": \"site\\\\wwwroot\",\r\n        \"preloadEnabled\": false,\r\n        \"virtualDirectories\": null\r\n      }\r\n    ],\r\n    \"winAuthAdminState\": 0,\r\n    \"winAuthTenantState\": 0,\r\n    \"customAppPoolIdentityAdminState\": false,\r\n    \"customAppPoolIdentityTenantState\": false,\r\n    \"runtimeADUser\": null,\r\n    \"runtimeADUserPassword\": null,\r\n    \"loadBalancing\": \"LeastRequests\",\r\n    \"routingRules\": [],\r\n    \"experiments\": {\r\n      \"rampUpRules\": []\r\n    },\r\n    \"limits\": null,\r\n    \"autoHealEnabled\": false,\r\n    \"autoHealRules\": null,\r\n    \"tracingOptions\": null,\r\n    \"vnetName\": \"\",\r\n    \"vnetRouteAllEnabled\": false,\r\n    \"siteAuthEnabled\": false,\r\n    \"siteAuthSettings\": {\r\n      \"enabled\": null,\r\n      \"unauthenticatedClientAction\": null,\r\n      \"tokenStoreEnabled\": null,\r\n      \"allowedExternalRedirectUrls\": null,\r\n      \"defaultProvider\": null,\r\n      \"clientId\": null,\r\n      \"clientSecret\": null,\r\n      \"clientSecretSettingName\": null,\r\n      \"clientSecretCertificateThumbprint\": null,\r\n      \"issuer\": null,\r\n      \"allowedAudiences\": null,\r\n      \"additionalLoginParams\": null,\r\n      \"isAadAutoProvisioned\": false,\r\n      \"aadClaimsAuthorization\": null,\r\n      \"googleClientId\": null,\r\n      \"googleClientSecret\": null,\r\n      \"googleClientSecretSettingName\": null,\r\n      \"googleOAuthScopes\": null,\r\n      \"facebookAppId\": null,\r\n      \"facebookAppSecret\": null,\r\n      \"facebookAppSecretSettingName\": null,\r\n      \"facebookOAuthScopes\": null,\r\n      \"gitHubClientId\": null,\r\n      \"gitHubClientSecret\": null,\r\n      \"gitHubClientSecretSettingName\": null,\r\n      \"gitHubOAuthScopes\": null,\r\n      \"twitterConsumerKey\": null,\r\n      \"twitterConsumerSecret\": null,\r\n      \"twitterConsumerSecretSettingName\": null,\r\n      \"microsoftAccountClientId\": null,\r\n      \"microsoftAccountClientSecret\": null,\r\n      \"microsoftAccountClientSecretSettingName\": null,\r\n      \"microsoftAccountOAuthScopes\": null\r\n    },\r\n    \"cors\": null,\r\n    \"push\": null,\r\n    \"apiDefinition\": null,\r\n    \"apiManagementConfig\": null,\r\n    \"autoSwapSlotName\": null,\r\n    \"localMySqlEnabled\": false,\r\n    \"managedServiceIdentityId\": null,\r\n    \"xManagedServiceIdentityId\": null,\r\n    \"ipSecurityRestrictions\": [\r\n      {\r\n        \"ipAddress\": \"Any\",\r\n        \"action\": \"Allow\",\r\n        \"priority\": 1,\r\n        \"name\": \"Allow all\",\r\n        \"description\": \"Allow all access\"\r\n      }\r\n    ],\r\n    \"scmIpSecurityRestrictions\": [\r\n      {\r\n        \"ipAddress\": \"Any\",\r\n        \"action\": \"Allow\",\r\n        \"priority\": 1,\r\n        \"name\": \"Allow all\",\r\n        \"description\": \"Allow all access\"\r\n      }\r\n    ],\r\n    \"scmIpSecurityRestrictionsUseMain\": false,\r\n    \"http20Enabled\": false,\r\n    \"minTlsVersion\": \"1.2\",\r\n    \"scmMinTlsVersion\": \"1.0\",\r\n    \"ftpsState\": \"AllAllowed\",\r\n    \"preWarmedInstanceCount\": 0,\r\n    \"functionAppScaleLimit\": 0,\r\n    \"healthCheckPath\": null,\r\n    \"fileChangeAuditEnabled\": false,\r\n    \"functionsRuntimeScaleMonitoringEnabled\": false,\r\n    \"websiteTimeZone\": null,\r\n    \"minimumElasticInstanceCount\": 0\r\n  }\r\n}",
      "StatusCode": 200
    },
    {
      "RequestUri": "/subscriptions/04b0639d-85d8-445a-bada-8da78e50ff30/resourceGroups/11698RG1/providers/Microsoft.Web/sites/ps5691/config/web?api-version=2020-06-01",
      "EncodedRequestUri": "L3N1YnNjcmlwdGlvbnMvMDRiMDYzOWQtODVkOC00NDVhLWJhZGEtOGRhNzhlNTBmZjMwL3Jlc291cmNlR3JvdXBzLzExNjk4UkcxL3Byb3ZpZGVycy9NaWNyb3NvZnQuV2ViL3NpdGVzL3BzNTY5MS9jb25maWcvd2ViP2FwaS12ZXJzaW9uPTIwMjAtMDYtMDE=",
      "RequestMethod": "GET",
      "RequestBody": "",
      "RequestHeaders": {
        "x-ms-client-request-id": [
          "542da816-127c-42c3-9088-bc13de18bdee"
        ],
        "Accept-Language": [
          "en-US"
        ],
        "User-Agent": [
          "FxVersion/4.6.29130.01",
          "OSName/Windows",
          "OSVersion/Microsoft.Windows.10.0.19041.",
          "Microsoft.Azure.Management.WebSites.WebSiteManagementClient/3.1.0"
        ]
      },
      "ResponseHeaders": {
        "Cache-Control": [
          "no-cache"
        ],
        "Pragma": [
          "no-cache"
        ],
        "Strict-Transport-Security": [
          "max-age=31536000; includeSubDomains"
        ],
        "x-ms-request-id": [
          "c927a9bc-c1c9-4f51-9ddf-19130049a6d5"
        ],
        "Server": [
          "Microsoft-IIS/10.0"
        ],
        "X-AspNet-Version": [
          "4.0.30319"
        ],
        "X-Powered-By": [
          "ASP.NET"
        ],
        "x-ms-ratelimit-remaining-subscription-reads": [
          "11958"
        ],
        "x-ms-correlation-request-id": [
          "ab1dc90d-c1d4-4fcd-9392-110ab1169c16"
        ],
        "x-ms-routing-request-id": [
          "SOUTHINDIA:20200925T060251Z:ab1dc90d-c1d4-4fcd-9392-110ab1169c16"
        ],
        "X-Content-Type-Options": [
          "nosniff"
        ],
        "Date": [
          "Fri, 25 Sep 2020 06:02:51 GMT"
        ],
        "Content-Length": [
          "3524"
        ],
        "Content-Type": [
          "application/json"
        ],
        "Expires": [
          "-1"
        ]
      },
      "ResponseBody": "{\r\n  \"id\": \"/subscriptions/04b0639d-85d8-445a-bada-8da78e50ff30/resourceGroups/11698RG1/providers/Microsoft.Web/sites/ps5691/config/web\",\r\n  \"name\": \"ps5691\",\r\n  \"type\": \"Microsoft.Web/sites/config\",\r\n  \"location\": \"East US\",\r\n  \"properties\": {\r\n    \"numberOfWorkers\": 1,\r\n    \"defaultDocuments\": [\r\n      \"Default.htm\",\r\n      \"Default.html\",\r\n      \"Default.asp\",\r\n      \"index.htm\",\r\n      \"index.html\",\r\n      \"iisstart.htm\",\r\n      \"default.aspx\",\r\n      \"index.php\",\r\n      \"hostingstart.html\"\r\n    ],\r\n    \"netFrameworkVersion\": \"v4.0\",\r\n    \"phpVersion\": \"5.6\",\r\n    \"pythonVersion\": \"\",\r\n    \"nodeVersion\": \"\",\r\n    \"powerShellVersion\": \"\",\r\n    \"linuxFxVersion\": \"\",\r\n    \"windowsFxVersion\": null,\r\n    \"requestTracingEnabled\": false,\r\n    \"remoteDebuggingEnabled\": false,\r\n    \"remoteDebuggingVersion\": null,\r\n    \"httpLoggingEnabled\": false,\r\n    \"azureMonitorLogCategories\": null,\r\n    \"acrUseManagedIdentityCreds\": false,\r\n    \"acrUserManagedIdentityID\": null,\r\n    \"logsDirectorySizeLimit\": 35,\r\n    \"detailedErrorLoggingEnabled\": false,\r\n    \"publishingUsername\": \"$ps5691\",\r\n    \"publishingPassword\": null,\r\n    \"appSettings\": null,\r\n    \"azureStorageAccounts\": {},\r\n    \"metadata\": null,\r\n    \"connectionStrings\": null,\r\n    \"machineKey\": null,\r\n    \"handlerMappings\": null,\r\n    \"documentRoot\": null,\r\n    \"scmType\": \"None\",\r\n    \"use32BitWorkerProcess\": true,\r\n    \"webSocketsEnabled\": false,\r\n    \"alwaysOn\": false,\r\n    \"javaVersion\": null,\r\n    \"javaContainer\": null,\r\n    \"javaContainerVersion\": null,\r\n    \"appCommandLine\": \"\",\r\n    \"managedPipelineMode\": \"Integrated\",\r\n    \"virtualApplications\": [\r\n      {\r\n        \"virtualPath\": \"/\",\r\n        \"physicalPath\": \"site\\\\wwwroot\",\r\n        \"preloadEnabled\": false,\r\n        \"virtualDirectories\": null\r\n      }\r\n    ],\r\n    \"winAuthAdminState\": 0,\r\n    \"winAuthTenantState\": 0,\r\n    \"customAppPoolIdentityAdminState\": false,\r\n    \"customAppPoolIdentityTenantState\": false,\r\n    \"runtimeADUser\": null,\r\n    \"runtimeADUserPassword\": null,\r\n    \"loadBalancing\": \"LeastRequests\",\r\n    \"routingRules\": [],\r\n    \"experiments\": {\r\n      \"rampUpRules\": []\r\n    },\r\n    \"limits\": null,\r\n    \"autoHealEnabled\": false,\r\n    \"autoHealRules\": null,\r\n    \"tracingOptions\": null,\r\n    \"vnetName\": \"\",\r\n    \"vnetRouteAllEnabled\": false,\r\n    \"siteAuthEnabled\": false,\r\n    \"siteAuthSettings\": {\r\n      \"enabled\": null,\r\n      \"unauthenticatedClientAction\": null,\r\n      \"tokenStoreEnabled\": null,\r\n      \"allowedExternalRedirectUrls\": null,\r\n      \"defaultProvider\": null,\r\n      \"clientId\": null,\r\n      \"clientSecret\": null,\r\n      \"clientSecretSettingName\": null,\r\n      \"clientSecretCertificateThumbprint\": null,\r\n      \"issuer\": null,\r\n      \"allowedAudiences\": null,\r\n      \"additionalLoginParams\": null,\r\n      \"isAadAutoProvisioned\": false,\r\n      \"aadClaimsAuthorization\": null,\r\n      \"googleClientId\": null,\r\n      \"googleClientSecret\": null,\r\n      \"googleClientSecretSettingName\": null,\r\n      \"googleOAuthScopes\": null,\r\n      \"facebookAppId\": null,\r\n      \"facebookAppSecret\": null,\r\n      \"facebookAppSecretSettingName\": null,\r\n      \"facebookOAuthScopes\": null,\r\n      \"gitHubClientId\": null,\r\n      \"gitHubClientSecret\": null,\r\n      \"gitHubClientSecretSettingName\": null,\r\n      \"gitHubOAuthScopes\": null,\r\n      \"twitterConsumerKey\": null,\r\n      \"twitterConsumerSecret\": null,\r\n      \"twitterConsumerSecretSettingName\": null,\r\n      \"microsoftAccountClientId\": null,\r\n      \"microsoftAccountClientSecret\": null,\r\n      \"microsoftAccountClientSecretSettingName\": null,\r\n      \"microsoftAccountOAuthScopes\": null\r\n    },\r\n    \"cors\": null,\r\n    \"push\": null,\r\n    \"apiDefinition\": null,\r\n    \"apiManagementConfig\": null,\r\n    \"autoSwapSlotName\": null,\r\n    \"localMySqlEnabled\": false,\r\n    \"managedServiceIdentityId\": null,\r\n    \"xManagedServiceIdentityId\": null,\r\n    \"ipSecurityRestrictions\": [\r\n      {\r\n        \"ipAddress\": \"Any\",\r\n        \"action\": \"Allow\",\r\n        \"priority\": 1,\r\n        \"name\": \"Allow all\",\r\n        \"description\": \"Allow all access\"\r\n      }\r\n    ],\r\n    \"scmIpSecurityRestrictions\": [\r\n      {\r\n        \"ipAddress\": \"Any\",\r\n        \"action\": \"Allow\",\r\n        \"priority\": 1,\r\n        \"name\": \"Allow all\",\r\n        \"description\": \"Allow all access\"\r\n      }\r\n    ],\r\n    \"scmIpSecurityRestrictionsUseMain\": false,\r\n    \"http20Enabled\": false,\r\n    \"minTlsVersion\": \"1.2\",\r\n    \"scmMinTlsVersion\": \"1.0\",\r\n    \"ftpsState\": \"AllAllowed\",\r\n    \"preWarmedInstanceCount\": 0,\r\n    \"functionAppScaleLimit\": 0,\r\n    \"healthCheckPath\": null,\r\n    \"fileChangeAuditEnabled\": false,\r\n    \"functionsRuntimeScaleMonitoringEnabled\": false,\r\n    \"websiteTimeZone\": null,\r\n    \"minimumElasticInstanceCount\": 0\r\n  }\r\n}",
      "StatusCode": 200
    },
    {
      "RequestUri": "/subscriptions/04b0639d-85d8-445a-bada-8da78e50ff30/resourceGroups/11698RG1/providers/Microsoft.Web/sites/ps5691/config/appsettings/list?api-version=2020-06-01",
      "EncodedRequestUri": "L3N1YnNjcmlwdGlvbnMvMDRiMDYzOWQtODVkOC00NDVhLWJhZGEtOGRhNzhlNTBmZjMwL3Jlc291cmNlR3JvdXBzLzExNjk4UkcxL3Byb3ZpZGVycy9NaWNyb3NvZnQuV2ViL3NpdGVzL3BzNTY5MS9jb25maWcvYXBwc2V0dGluZ3MvbGlzdD9hcGktdmVyc2lvbj0yMDIwLTA2LTAx",
      "RequestMethod": "POST",
      "RequestBody": "",
      "RequestHeaders": {
        "x-ms-client-request-id": [
          "a356204e-7fcf-4e50-99bd-1174c5f978c5"
        ],
        "Accept-Language": [
          "en-US"
        ],
        "User-Agent": [
          "FxVersion/4.6.29130.01",
          "OSName/Windows",
          "OSVersion/Microsoft.Windows.10.0.19041.",
          "Microsoft.Azure.Management.WebSites.WebSiteManagementClient/3.1.0"
        ]
      },
      "ResponseHeaders": {
        "Cache-Control": [
          "no-cache"
        ],
        "Pragma": [
          "no-cache"
        ],
        "Strict-Transport-Security": [
          "max-age=31536000; includeSubDomains"
        ],
        "x-ms-request-id": [
          "27330f35-9bb4-4514-9bb8-2bd724981481"
        ],
        "Server": [
          "Microsoft-IIS/10.0"
        ],
        "X-AspNet-Version": [
          "4.0.30319"
        ],
        "X-Powered-By": [
          "ASP.NET"
        ],
        "x-ms-ratelimit-remaining-subscription-resource-requests": [
          "11992"
        ],
        "x-ms-correlation-request-id": [
          "b1259a8e-a1f9-4252-b2bb-17330137b71e"
        ],
        "x-ms-routing-request-id": [
          "SOUTHINDIA:20200925T060248Z:b1259a8e-a1f9-4252-b2bb-17330137b71e"
        ],
        "X-Content-Type-Options": [
          "nosniff"
        ],
        "Date": [
          "Fri, 25 Sep 2020 06:02:48 GMT"
        ],
        "Content-Length": [
          "272"
        ],
        "Content-Type": [
          "application/json"
        ],
        "Expires": [
          "-1"
        ]
      },
      "ResponseBody": "{\r\n  \"id\": \"/subscriptions/04b0639d-85d8-445a-bada-8da78e50ff30/resourceGroups/11698RG1/providers/Microsoft.Web/sites/ps5691/config/appsettings\",\r\n  \"name\": \"appsettings\",\r\n  \"type\": \"Microsoft.Web/sites/config\",\r\n  \"location\": \"East US\",\r\n  \"properties\": {\r\n    \"WEBSITE_NODE_DEFAULT_VERSION\": \"6.9.1\"\r\n  }\r\n}",
      "StatusCode": 200
    },
    {
      "RequestUri": "/subscriptions/04b0639d-85d8-445a-bada-8da78e50ff30/resourceGroups/11698RG1/providers/Microsoft.Web/sites/ps5691/config/appsettings/list?api-version=2020-06-01",
      "EncodedRequestUri": "L3N1YnNjcmlwdGlvbnMvMDRiMDYzOWQtODVkOC00NDVhLWJhZGEtOGRhNzhlNTBmZjMwL3Jlc291cmNlR3JvdXBzLzExNjk4UkcxL3Byb3ZpZGVycy9NaWNyb3NvZnQuV2ViL3NpdGVzL3BzNTY5MS9jb25maWcvYXBwc2V0dGluZ3MvbGlzdD9hcGktdmVyc2lvbj0yMDIwLTA2LTAx",
      "RequestMethod": "POST",
      "RequestBody": "",
      "RequestHeaders": {
        "x-ms-client-request-id": [
          "5f35d0c9-58a1-4f7a-baf9-bae1a6bd386f"
        ],
        "Accept-Language": [
          "en-US"
        ],
        "User-Agent": [
          "FxVersion/4.6.29130.01",
          "OSName/Windows",
          "OSVersion/Microsoft.Windows.10.0.19041.",
          "Microsoft.Azure.Management.WebSites.WebSiteManagementClient/3.1.0"
        ]
      },
      "ResponseHeaders": {
        "Cache-Control": [
          "no-cache"
        ],
        "Pragma": [
          "no-cache"
        ],
        "Strict-Transport-Security": [
          "max-age=31536000; includeSubDomains"
        ],
        "x-ms-request-id": [
          "42384798-be74-43db-9819-9d05050aa54a"
        ],
        "Server": [
          "Microsoft-IIS/10.0"
        ],
        "X-AspNet-Version": [
          "4.0.30319"
        ],
        "X-Powered-By": [
          "ASP.NET"
        ],
        "x-ms-ratelimit-remaining-subscription-resource-requests": [
          "11990"
        ],
        "x-ms-correlation-request-id": [
          "88497979-8139-4498-8ce5-eb2044519fe8"
        ],
        "x-ms-routing-request-id": [
          "SOUTHINDIA:20200925T060251Z:88497979-8139-4498-8ce5-eb2044519fe8"
        ],
        "X-Content-Type-Options": [
          "nosniff"
        ],
        "Date": [
          "Fri, 25 Sep 2020 06:02:51 GMT"
        ],
        "Content-Length": [
          "272"
        ],
        "Content-Type": [
          "application/json"
        ],
        "Expires": [
          "-1"
        ]
      },
      "ResponseBody": "{\r\n  \"id\": \"/subscriptions/04b0639d-85d8-445a-bada-8da78e50ff30/resourceGroups/11698RG1/providers/Microsoft.Web/sites/ps5691/config/appsettings\",\r\n  \"name\": \"appsettings\",\r\n  \"type\": \"Microsoft.Web/sites/config\",\r\n  \"location\": \"East US\",\r\n  \"properties\": {\r\n    \"WEBSITE_NODE_DEFAULT_VERSION\": \"6.9.1\"\r\n  }\r\n}",
      "StatusCode": 200
    },
    {
      "RequestUri": "/subscriptions/04b0639d-85d8-445a-bada-8da78e50ff30/resourceGroups/11698RG1/providers/Microsoft.Web/sites/ps5691/config/connectionstrings/list?api-version=2020-06-01",
      "EncodedRequestUri": "L3N1YnNjcmlwdGlvbnMvMDRiMDYzOWQtODVkOC00NDVhLWJhZGEtOGRhNzhlNTBmZjMwL3Jlc291cmNlR3JvdXBzLzExNjk4UkcxL3Byb3ZpZGVycy9NaWNyb3NvZnQuV2ViL3NpdGVzL3BzNTY5MS9jb25maWcvY29ubmVjdGlvbnN0cmluZ3MvbGlzdD9hcGktdmVyc2lvbj0yMDIwLTA2LTAx",
      "RequestMethod": "POST",
      "RequestBody": "",
      "RequestHeaders": {
        "x-ms-client-request-id": [
          "1183939c-6b67-4210-9797-04e26e493519"
        ],
        "Accept-Language": [
          "en-US"
        ],
        "User-Agent": [
          "FxVersion/4.6.29130.01",
          "OSName/Windows",
          "OSVersion/Microsoft.Windows.10.0.19041.",
          "Microsoft.Azure.Management.WebSites.WebSiteManagementClient/3.1.0"
        ]
      },
      "ResponseHeaders": {
        "Cache-Control": [
          "no-cache"
        ],
        "Pragma": [
          "no-cache"
        ],
        "Strict-Transport-Security": [
          "max-age=31536000; includeSubDomains"
        ],
        "x-ms-request-id": [
          "5a0c2867-9cce-4e60-b393-d4d70730823f"
        ],
        "Server": [
          "Microsoft-IIS/10.0"
        ],
        "X-AspNet-Version": [
          "4.0.30319"
        ],
        "X-Powered-By": [
          "ASP.NET"
        ],
        "x-ms-ratelimit-remaining-subscription-resource-requests": [
          "11991"
        ],
        "x-ms-correlation-request-id": [
          "71572537-b4d6-4628-afca-7138fdeb3a42"
        ],
        "x-ms-routing-request-id": [
          "SOUTHINDIA:20200925T060249Z:71572537-b4d6-4628-afca-7138fdeb3a42"
        ],
        "X-Content-Type-Options": [
          "nosniff"
        ],
        "Date": [
          "Fri, 25 Sep 2020 06:02:49 GMT"
        ],
        "Content-Length": [
          "246"
        ],
        "Content-Type": [
          "application/json"
        ],
        "Expires": [
          "-1"
        ]
      },
      "ResponseBody": "{\r\n  \"id\": \"/subscriptions/04b0639d-85d8-445a-bada-8da78e50ff30/resourceGroups/11698RG1/providers/Microsoft.Web/sites/ps5691/config/connectionstrings\",\r\n  \"name\": \"connectionstrings\",\r\n  \"type\": \"Microsoft.Web/sites/config\",\r\n  \"location\": \"East US\",\r\n  \"properties\": {}\r\n}",
      "StatusCode": 200
    },
    {
      "RequestUri": "/subscriptions/04b0639d-85d8-445a-bada-8da78e50ff30/resourceGroups/11698RG1/providers/Microsoft.Web/sites/ps5691/config/connectionstrings/list?api-version=2020-06-01",
      "EncodedRequestUri": "L3N1YnNjcmlwdGlvbnMvMDRiMDYzOWQtODVkOC00NDVhLWJhZGEtOGRhNzhlNTBmZjMwL3Jlc291cmNlR3JvdXBzLzExNjk4UkcxL3Byb3ZpZGVycy9NaWNyb3NvZnQuV2ViL3NpdGVzL3BzNTY5MS9jb25maWcvY29ubmVjdGlvbnN0cmluZ3MvbGlzdD9hcGktdmVyc2lvbj0yMDIwLTA2LTAx",
      "RequestMethod": "POST",
      "RequestBody": "",
      "RequestHeaders": {
        "x-ms-client-request-id": [
          "41cd0105-e5e4-4e46-bf91-415d6b7aa815"
        ],
        "Accept-Language": [
          "en-US"
        ],
        "User-Agent": [
          "FxVersion/4.6.29130.01",
          "OSName/Windows",
          "OSVersion/Microsoft.Windows.10.0.19041.",
          "Microsoft.Azure.Management.WebSites.WebSiteManagementClient/3.1.0"
        ]
      },
      "ResponseHeaders": {
        "Cache-Control": [
          "no-cache"
        ],
        "Pragma": [
          "no-cache"
        ],
        "Strict-Transport-Security": [
          "max-age=31536000; includeSubDomains"
        ],
        "x-ms-request-id": [
          "55f6e13d-d4c8-4457-aee7-6c74e804709b"
        ],
        "Server": [
          "Microsoft-IIS/10.0"
        ],
        "X-AspNet-Version": [
          "4.0.30319"
        ],
        "X-Powered-By": [
          "ASP.NET"
        ],
        "x-ms-ratelimit-remaining-subscription-resource-requests": [
          "11989"
        ],
        "x-ms-correlation-request-id": [
          "d7d8b4d9-da65-4d65-a2f6-d73cc6ff0fc3"
        ],
        "x-ms-routing-request-id": [
          "SOUTHINDIA:20200925T060252Z:d7d8b4d9-da65-4d65-a2f6-d73cc6ff0fc3"
        ],
        "X-Content-Type-Options": [
          "nosniff"
        ],
        "Date": [
          "Fri, 25 Sep 2020 06:02:52 GMT"
        ],
        "Content-Length": [
          "246"
        ],
        "Content-Type": [
          "application/json"
        ],
        "Expires": [
          "-1"
        ]
      },
      "ResponseBody": "{\r\n  \"id\": \"/subscriptions/04b0639d-85d8-445a-bada-8da78e50ff30/resourceGroups/11698RG1/providers/Microsoft.Web/sites/ps5691/config/connectionstrings\",\r\n  \"name\": \"connectionstrings\",\r\n  \"type\": \"Microsoft.Web/sites/config\",\r\n  \"location\": \"East US\",\r\n  \"properties\": {}\r\n}",
      "StatusCode": 200
    },
    {
      "RequestUri": "/subscriptions/04b0639d-85d8-445a-bada-8da78e50ff30/resourceGroups/11698RG1/providers/Microsoft.Web/sites/ps5691?api-version=2020-06-01",
      "EncodedRequestUri": "L3N1YnNjcmlwdGlvbnMvMDRiMDYzOWQtODVkOC00NDVhLWJhZGEtOGRhNzhlNTBmZjMwL3Jlc291cmNlR3JvdXBzLzExNjk4UkcxL3Byb3ZpZGVycy9NaWNyb3NvZnQuV2ViL3NpdGVzL3BzNTY5MT9hcGktdmVyc2lvbj0yMDIwLTA2LTAx",
      "RequestMethod": "GET",
      "RequestBody": "",
      "RequestHeaders": {
        "x-ms-client-request-id": [
          "d65043bc-6045-4724-ab91-c77f5120e716"
        ],
        "Accept-Language": [
          "en-US"
        ],
        "User-Agent": [
          "FxVersion/4.6.29130.01",
          "OSName/Windows",
          "OSVersion/Microsoft.Windows.10.0.19041.",
          "Microsoft.Azure.Management.WebSites.WebSiteManagementClient/3.1.0"
        ]
      },
      "ResponseHeaders": {
        "Cache-Control": [
          "no-cache"
        ],
        "Pragma": [
          "no-cache"
        ],
        "ETag": [
          "\"1D6930174D45D95\""
        ],
        "Strict-Transport-Security": [
          "max-age=31536000; includeSubDomains"
        ],
        "x-ms-request-id": [
          "b2ae8aea-989c-49e3-907f-22806e611e2b"
        ],
        "Server": [
          "Microsoft-IIS/10.0"
        ],
        "X-AspNet-Version": [
          "4.0.30319"
        ],
        "X-Powered-By": [
          "ASP.NET"
        ],
        "x-ms-ratelimit-remaining-subscription-reads": [
          "11959"
        ],
        "x-ms-correlation-request-id": [
          "4cc1e8b9-3c58-4a1a-ba8d-1ce7d1a56962"
        ],
        "x-ms-routing-request-id": [
          "SOUTHINDIA:20200925T060250Z:4cc1e8b9-3c58-4a1a-ba8d-1ce7d1a56962"
        ],
        "X-Content-Type-Options": [
          "nosniff"
        ],
        "Date": [
          "Fri, 25 Sep 2020 06:02:50 GMT"
        ],
        "Content-Length": [
          "5385"
        ],
        "Content-Type": [
          "application/json"
        ],
        "Expires": [
          "-1"
        ]
      },
      "ResponseBody": "{\r\n  \"id\": \"/subscriptions/04b0639d-85d8-445a-bada-8da78e50ff30/resourceGroups/11698RG1/providers/Microsoft.Web/sites/ps5691\",\r\n  \"name\": \"ps5691\",\r\n  \"type\": \"Microsoft.Web/sites\",\r\n  \"kind\": \"app\",\r\n  \"location\": \"East US\",\r\n  \"properties\": {\r\n    \"name\": \"ps5691\",\r\n    \"state\": \"Running\",\r\n    \"hostNames\": [\r\n      \"ps5691.11698asp-ps.p.azurewebsites.net\"\r\n    ],\r\n    \"webSpace\": \"11698RG1-11698ASP-PSappseEastUSwebspace\",\r\n    \"selfLink\": \"https://waws-prod-blu-3c4bccd2.api.p.azurewebsites.windows.net:454/subscriptions/04b0639d-85d8-445a-bada-8da78e50ff30/webspaces/11698RG1-11698ASP-PSappseEastUSwebspace/sites/ps5691\",\r\n    \"repositorySiteName\": \"ps5691\",\r\n    \"owner\": null,\r\n    \"usageState\": \"Normal\",\r\n    \"enabled\": true,\r\n    \"adminEnabled\": true,\r\n    \"enabledHostNames\": [\r\n      \"ps5691.11698asp-ps.p.azurewebsites.net\",\r\n      \"ps5691.scm.11698ASP-PS.p.azurewebsites.net\"\r\n    ],\r\n    \"siteProperties\": {\r\n      \"metadata\": null,\r\n      \"properties\": [\r\n        {\r\n          \"name\": \"LinuxFxVersion\",\r\n          \"value\": \"\"\r\n        },\r\n        {\r\n          \"name\": \"WindowsFxVersion\",\r\n          \"value\": null\r\n        }\r\n      ],\r\n      \"appSettings\": null\r\n    },\r\n    \"availabilityState\": \"Normal\",\r\n    \"sslCertificates\": null,\r\n    \"csrs\": [],\r\n    \"cers\": null,\r\n    \"siteMode\": null,\r\n    \"hostNameSslStates\": [\r\n      {\r\n        \"name\": \"ps5691.11698asp-ps.p.azurewebsites.net\",\r\n        \"sslState\": \"Disabled\",\r\n        \"ipBasedSslResult\": null,\r\n        \"virtualIP\": null,\r\n        \"thumbprint\": null,\r\n        \"toUpdate\": null,\r\n        \"toUpdateIpBasedSsl\": null,\r\n        \"ipBasedSslState\": \"NotConfigured\",\r\n        \"hostType\": \"Standard\"\r\n      },\r\n      {\r\n        \"name\": \"ps5691.scm.11698ASP-PS.p.azurewebsites.net\",\r\n        \"sslState\": \"Disabled\",\r\n        \"ipBasedSslResult\": null,\r\n        \"virtualIP\": null,\r\n        \"thumbprint\": null,\r\n        \"toUpdate\": null,\r\n        \"toUpdateIpBasedSsl\": null,\r\n        \"ipBasedSslState\": \"NotConfigured\",\r\n        \"hostType\": \"Repository\"\r\n      }\r\n    ],\r\n    \"computeMode\": null,\r\n    \"serverFarm\": null,\r\n    \"serverFarmId\": \"/subscriptions/04b0639d-85d8-445a-bada-8da78e50ff30/resourceGroups/11698RG1/providers/Microsoft.Web/serverfarms/powershellasp\",\r\n    \"reserved\": false,\r\n    \"isXenon\": false,\r\n    \"hyperV\": false,\r\n    \"lastModifiedTimeUtc\": \"2020-09-25T06:02:31.8333333\",\r\n    \"storageRecoveryDefaultState\": \"Running\",\r\n    \"contentAvailabilityState\": \"Normal\",\r\n    \"runtimeAvailabilityState\": \"Normal\",\r\n    \"siteConfig\": {\r\n      \"numberOfWorkers\": null,\r\n      \"defaultDocuments\": null,\r\n      \"netFrameworkVersion\": null,\r\n      \"phpVersion\": null,\r\n      \"pythonVersion\": null,\r\n      \"nodeVersion\": null,\r\n      \"powerShellVersion\": null,\r\n      \"linuxFxVersion\": null,\r\n      \"windowsFxVersion\": null,\r\n      \"requestTracingEnabled\": null,\r\n      \"remoteDebuggingEnabled\": null,\r\n      \"remoteDebuggingVersion\": null,\r\n      \"httpLoggingEnabled\": null,\r\n      \"azureMonitorLogCategories\": null,\r\n      \"acrUseManagedIdentityCreds\": false,\r\n      \"acrUserManagedIdentityID\": null,\r\n      \"logsDirectorySizeLimit\": null,\r\n      \"detailedErrorLoggingEnabled\": null,\r\n      \"publishingUsername\": null,\r\n      \"publishingPassword\": null,\r\n      \"appSettings\": null,\r\n      \"azureStorageAccounts\": null,\r\n      \"metadata\": null,\r\n      \"connectionStrings\": null,\r\n      \"machineKey\": null,\r\n      \"handlerMappings\": null,\r\n      \"documentRoot\": null,\r\n      \"scmType\": null,\r\n      \"use32BitWorkerProcess\": null,\r\n      \"webSocketsEnabled\": null,\r\n      \"alwaysOn\": null,\r\n      \"javaVersion\": null,\r\n      \"javaContainer\": null,\r\n      \"javaContainerVersion\": null,\r\n      \"appCommandLine\": null,\r\n      \"managedPipelineMode\": null,\r\n      \"virtualApplications\": null,\r\n      \"winAuthAdminState\": null,\r\n      \"winAuthTenantState\": null,\r\n      \"customAppPoolIdentityAdminState\": null,\r\n      \"customAppPoolIdentityTenantState\": null,\r\n      \"runtimeADUser\": null,\r\n      \"runtimeADUserPassword\": null,\r\n      \"loadBalancing\": null,\r\n      \"routingRules\": null,\r\n      \"experiments\": null,\r\n      \"limits\": null,\r\n      \"autoHealEnabled\": null,\r\n      \"autoHealRules\": null,\r\n      \"tracingOptions\": null,\r\n      \"vnetName\": null,\r\n      \"vnetRouteAllEnabled\": null,\r\n      \"cors\": null,\r\n      \"push\": null,\r\n      \"apiDefinition\": null,\r\n      \"apiManagementConfig\": null,\r\n      \"autoSwapSlotName\": null,\r\n      \"localMySqlEnabled\": null,\r\n      \"managedServiceIdentityId\": null,\r\n      \"xManagedServiceIdentityId\": null,\r\n      \"ipSecurityRestrictions\": null,\r\n      \"scmIpSecurityRestrictions\": null,\r\n      \"scmIpSecurityRestrictionsUseMain\": null,\r\n      \"http20Enabled\": null,\r\n      \"minTlsVersion\": null,\r\n      \"scmMinTlsVersion\": null,\r\n      \"ftpsState\": null,\r\n      \"preWarmedInstanceCount\": null,\r\n      \"functionAppScaleLimit\": null,\r\n      \"healthCheckPath\": null,\r\n      \"fileChangeAuditEnabled\": null,\r\n      \"functionsRuntimeScaleMonitoringEnabled\": null,\r\n      \"websiteTimeZone\": null,\r\n      \"minimumElasticInstanceCount\": 0\r\n    },\r\n    \"deploymentId\": \"ps5691\",\r\n    \"trafficManagerHostNames\": null,\r\n    \"sku\": \"Isolated\",\r\n    \"scmSiteAlsoStopped\": false,\r\n    \"targetSwapSlot\": null,\r\n    \"hostingEnvironment\": \"11698ASP-PS\",\r\n    \"hostingEnvironmentProfile\": {\r\n      \"id\": \"/subscriptions/04b0639d-85d8-445a-bada-8da78e50ff30/resourceGroups/11698RG1/providers/Microsoft.Web/hostingEnvironments/11698ASP-PS\",\r\n      \"name\": \"11698ASP-PS\",\r\n      \"type\": \"Microsoft.Web/hostingEnvironments\"\r\n    },\r\n    \"clientAffinityEnabled\": true,\r\n    \"clientCertEnabled\": false,\r\n    \"clientCertMode\": \"Required\",\r\n    \"clientCertExclusionPaths\": null,\r\n    \"hostNamesDisabled\": false,\r\n    \"domainVerificationIdentifiers\": null,\r\n    \"customDomainVerificationId\": \"C3E7C05FE8A97695B3AE08C1935F4251C48E338FE439627B2E788D9D718C8A70\",\r\n    \"kind\": \"app\",\r\n    \"inboundIpAddress\": \"13.68.204.34\",\r\n    \"possibleInboundIpAddresses\": \"13.68.204.34\",\r\n    \"ftpUsername\": \"ps5691\\\\$ps5691\",\r\n    \"ftpsHostName\": \"ftps://waws-prod-blu-3c4bccd2.ftp.p.azurewebsites.windows.net/site/wwwroot\",\r\n    \"outboundIpAddresses\": \"13.68.204.34\",\r\n    \"possibleOutboundIpAddresses\": \"13.68.204.34\",\r\n    \"containerSize\": 0,\r\n    \"dailyMemoryTimeQuota\": 0,\r\n    \"suspendedTill\": null,\r\n    \"siteDisabledReason\": 0,\r\n    \"functionExecutionUnitsCache\": null,\r\n    \"maxNumberOfWorkers\": null,\r\n    \"homeStamp\": \"waws-prod-blu-3c4bccd2\",\r\n    \"cloningInfo\": null,\r\n    \"hostingEnvironmentId\": \"/subscriptions/04b0639d-85d8-445a-bada-8da78e50ff30/resourceGroups/11698RG1/providers/Microsoft.Web/hostingEnvironments/11698ASP-PS\",\r\n    \"tags\": null,\r\n    \"resourceGroup\": \"11698RG1\",\r\n    \"defaultHostName\": \"ps5691.11698asp-ps.p.azurewebsites.net\",\r\n    \"slotSwapStatus\": null,\r\n    \"httpsOnly\": false,\r\n    \"redundancyMode\": \"None\",\r\n    \"inProgressOperationId\": null,\r\n    \"geoDistributions\": null,\r\n    \"privateEndpointConnections\": [],\r\n    \"buildVersion\": null,\r\n    \"targetBuildVersion\": null,\r\n    \"migrationState\": null\r\n  }\r\n}",
      "StatusCode": 200
    },
    {
      "RequestUri": "/subscriptions/04b0639d-85d8-445a-bada-8da78e50ff30/resourceGroups/11698RG1/providers/Microsoft.Web/sites/ps5691/config/azurestorageaccounts/list?api-version=2020-06-01",
      "EncodedRequestUri": "L3N1YnNjcmlwdGlvbnMvMDRiMDYzOWQtODVkOC00NDVhLWJhZGEtOGRhNzhlNTBmZjMwL3Jlc291cmNlR3JvdXBzLzExNjk4UkcxL3Byb3ZpZGVycy9NaWNyb3NvZnQuV2ViL3NpdGVzL3BzNTY5MS9jb25maWcvYXp1cmVzdG9yYWdlYWNjb3VudHMvbGlzdD9hcGktdmVyc2lvbj0yMDIwLTA2LTAx",
      "RequestMethod": "POST",
      "RequestBody": "",
      "RequestHeaders": {
        "x-ms-client-request-id": [
          "526c078c-5795-45e3-9bd3-04369d7c9f4a"
        ],
        "Accept-Language": [
          "en-US"
        ],
        "User-Agent": [
          "FxVersion/4.6.29130.01",
          "OSName/Windows",
          "OSVersion/Microsoft.Windows.10.0.19041.",
          "Microsoft.Azure.Management.WebSites.WebSiteManagementClient/3.1.0"
        ]
      },
      "ResponseHeaders": {
        "Cache-Control": [
          "no-cache"
        ],
        "Pragma": [
          "no-cache"
        ],
        "Strict-Transport-Security": [
          "max-age=31536000; includeSubDomains"
        ],
        "x-ms-request-id": [
          "65e24f46-7aed-4e0b-a704-bb108663860a"
        ],
        "Server": [
          "Microsoft-IIS/10.0"
        ],
        "X-AspNet-Version": [
          "4.0.30319"
        ],
        "X-Powered-By": [
          "ASP.NET"
        ],
        "x-ms-ratelimit-remaining-subscription-resource-requests": [
          "11988"
        ],
        "x-ms-correlation-request-id": [
          "e22650bc-ecbd-4abc-9014-27c59d8c4a73"
        ],
        "x-ms-routing-request-id": [
          "SOUTHINDIA:20200925T060252Z:e22650bc-ecbd-4abc-9014-27c59d8c4a73"
        ],
        "X-Content-Type-Options": [
          "nosniff"
        ],
        "Date": [
          "Fri, 25 Sep 2020 06:02:52 GMT"
        ],
        "Content-Length": [
          "243"
        ],
        "Content-Type": [
          "application/json"
        ],
        "Expires": [
          "-1"
        ]
      },
      "ResponseBody": "{\r\n  \"id\": \"/subscriptions/04b0639d-85d8-445a-bada-8da78e50ff30/resourceGroups/11698RG1/providers/Microsoft.Web/sites/ps5691/config/appsettings\",\r\n  \"name\": \"azurestorageaccounts\",\r\n  \"type\": \"Microsoft.Web/sites/config\",\r\n  \"location\": \"East US\",\r\n  \"properties\": {}\r\n}",
      "StatusCode": 200
    },
    {
      "RequestUri": "/subscriptions/04b0639d-85d8-445a-bada-8da78e50ff30/resourceGroups/11698RG1/providers/Microsoft.Web/sites/ps5691?deleteMetrics=true&deleteEmptyServerFarm=false&api-version=2020-06-01",
      "EncodedRequestUri": "L3N1YnNjcmlwdGlvbnMvMDRiMDYzOWQtODVkOC00NDVhLWJhZGEtOGRhNzhlNTBmZjMwL3Jlc291cmNlR3JvdXBzLzExNjk4UkcxL3Byb3ZpZGVycy9NaWNyb3NvZnQuV2ViL3NpdGVzL3BzNTY5MT9kZWxldGVNZXRyaWNzPXRydWUmZGVsZXRlRW1wdHlTZXJ2ZXJGYXJtPWZhbHNlJmFwaS12ZXJzaW9uPTIwMjAtMDYtMDE=",
      "RequestMethod": "DELETE",
      "RequestBody": "",
      "RequestHeaders": {
        "x-ms-client-request-id": [
          "bc9e283e-83f4-4973-8d79-76fb281590fb"
        ],
        "Accept-Language": [
          "en-US"
        ],
        "User-Agent": [
          "FxVersion/4.6.29130.01",
          "OSName/Windows",
          "OSVersion/Microsoft.Windows.10.0.19041.",
          "Microsoft.Azure.Management.WebSites.WebSiteManagementClient/3.1.0"
        ]
      },
      "ResponseHeaders": {
        "Cache-Control": [
          "no-cache"
        ],
        "Pragma": [
          "no-cache"
        ],
        "ETag": [
          "\"1D6930174D45D95\""
        ],
        "Strict-Transport-Security": [
          "max-age=31536000; includeSubDomains"
        ],
        "x-ms-request-id": [
          "c58ae94b-ac2c-47b1-9371-477bdb8c8659"
        ],
        "Server": [
          "Microsoft-IIS/10.0"
        ],
        "X-AspNet-Version": [
          "4.0.30319"
        ],
        "X-Powered-By": [
          "ASP.NET"
        ],
        "x-ms-ratelimit-remaining-subscription-deletes": [
          "14994"
        ],
        "x-ms-correlation-request-id": [
          "f17011d3-c274-465e-975f-1ab0108ce0c4"
        ],
        "x-ms-routing-request-id": [
          "SOUTHINDIA:20200925T060300Z:f17011d3-c274-465e-975f-1ab0108ce0c4"
        ],
        "X-Content-Type-Options": [
          "nosniff"
        ],
        "Date": [
          "Fri, 25 Sep 2020 06:03:00 GMT"
        ],
        "Expires": [
          "-1"
        ],
        "Content-Length": [
          "0"
        ]
      },
      "ResponseBody": "",
      "StatusCode": 200
    }
  ],
  "Names": {
    "Test-CreateNewWebAppOnAse": [
      "ps5691"
    ]
  },
  "Variables": {
    "SubscriptionId": "04b0639d-85d8-445a-bada-8da78e50ff30"
  }
}