{
  "Entries": [
    {
      "RequestUri": "/subscriptions/1c61ccbf-70b3-45a3-a1fb-848ce46d70a6/resourceGroups/ndicola-azsposh/providers/Microsoft.OperationalInsights/workspaces/azsposh/providers/Microsoft.SecurityInsights/bookmarks/382de24b-7495-4387-8cf4-33448d684c26?api-version=2020-01-01",
      "EncodedRequestUri": "L3N1YnNjcmlwdGlvbnMvMWM2MWNjYmYtNzBiMy00NWEzLWExZmItODQ4Y2U0NmQ3MGE2L3Jlc291cmNlR3JvdXBzL25kaWNvbGEtYXpzcG9zaC9wcm92aWRlcnMvTWljcm9zb2Z0Lk9wZXJhdGlvbmFsSW5zaWdodHMvd29ya3NwYWNlcy9henNwb3NoL3Byb3ZpZGVycy9NaWNyb3NvZnQuU2VjdXJpdHlJbnNpZ2h0cy9ib29rbWFya3MvMzgyZGUyNGItNzQ5NS00Mzg3LThjZjQtMzM0NDhkNjg0YzI2P2FwaS12ZXJzaW9uPTIwMjAtMDEtMDE=",
      "RequestMethod": "PUT",
      "RequestBody": "{\r\n  \"properties\": {\r\n    \"created\": \"2020-12-09T17:01:40.0466904Z\",\r\n    \"displayName\": \"PoshModuleTest\",\r\n    \"query\": \"SecurityAlert | take 1\"\r\n  }\r\n}",
      "RequestHeaders": {
        "x-ms-client-request-id": [
          "24597c8b-ed56-4b61-b67c-0f2267aadef9"
        ],
        "Accept-Language": [
          "en-US"
        ],
        "User-Agent": [
          "FxVersion/4.6.29321.03",
          "OSName/Windows",
          "OSVersion/Microsoft.Windows.10.0.19042.",
          "Microsoft.Azure.Management.SecurityInsights.SecurityInsightsClient/1.0.0.0"
        ],
        "Content-Type": [
          "application/json; charset=utf-8"
        ],
        "Content-Length": [
          "153"
        ]
      },
      "ResponseHeaders": {
        "Cache-Control": [
          "no-cache"
        ],
        "Pragma": [
          "no-cache"
        ],
        "x-ms-ratelimit-remaining-subscription-writes": [
          "1195"
        ],
        "api-supported-versions": [
          "2019-01-01"
        ],
        "Server": [
          "Kestrel"
        ],
        "x-ms-request-id": [
          "280d9f49-7360-411b-bb37-e6cee9e97e06"
        ],
        "x-ms-correlation-request-id": [
          "280d9f49-7360-411b-bb37-e6cee9e97e06"
        ],
        "x-ms-routing-request-id": [
          "WESTUS2:20201209T170141Z:280d9f49-7360-411b-bb37-e6cee9e97e06"
        ],
        "Strict-Transport-Security": [
          "max-age=31536000; includeSubDomains"
        ],
        "X-Content-Type-Options": [
          "nosniff"
        ],
        "Date": [
          "Wed, 09 Dec 2020 17:01:40 GMT"
        ],
        "Content-Length": [
          "935"
        ],
        "Content-Type": [
          "application/json; charset=utf-8"
        ],
        "Expires": [
          "-1"
        ]
      },
      "ResponseBody": "{\r\n  \"id\": \"/subscriptions/1c61ccbf-70b3-45a3-a1fb-848ce46d70a6/resourceGroups/ndicola-azsposh/providers/Microsoft.OperationalInsights/workspaces/azsposh/providers/Microsoft.SecurityInsights/Bookmarks/382de24b-7495-4387-8cf4-33448d684c26\",\r\n  \"name\": \"382de24b-7495-4387-8cf4-33448d684c26\",\r\n  \"etag\": \"\\\"1a005255-0000-0100-0000-5fd102f40000\\\"\",\r\n  \"type\": \"Microsoft.SecurityInsights/Bookmarks\",\r\n  \"properties\": {\r\n    \"displayName\": \"PoshModuleTest\",\r\n    \"created\": \"2020-12-09T17:01:40.4731481+00:00\",\r\n    \"updated\": \"2020-12-09T17:01:40+00:00\",\r\n    \"createdBy\": {\r\n      \"objectId\": \"14c93cf3-e5e3-45cf-8b4e-1a6f62bdf202\",\r\n      \"name\": \"Bookmark created from external application - azsposh\"\r\n    },\r\n    \"updatedBy\": {\r\n      \"objectId\": \"14c93cf3-e5e3-45cf-8b4e-1a6f62bdf202\",\r\n      \"name\": \"Bookmark created from external application - azsposh\"\r\n    },\r\n    \"eventTime\": \"2020-12-09T17:01:40.4731481+00:00\",\r\n    \"labels\": [],\r\n    \"query\": \"SecurityAlert | take 1\",\r\n    \"incidentInfo\": {\r\n      \"incidentId\": null,\r\n      \"title\": null,\r\n      \"relationName\": null,\r\n      \"severity\": null\r\n    }\r\n  }\r\n}",
      "StatusCode": 200
    },
    {
      "RequestUri": "/subscriptions/1c61ccbf-70b3-45a3-a1fb-848ce46d70a6/resourceGroups/ndicola-azsposh/providers/Microsoft.OperationalInsights/workspaces/azsposh/providers/Microsoft.SecurityInsights/bookmarks/382de24b-7495-4387-8cf4-33448d684c26?api-version=2020-01-01",
      "EncodedRequestUri": "L3N1YnNjcmlwdGlvbnMvMWM2MWNjYmYtNzBiMy00NWEzLWExZmItODQ4Y2U0NmQ3MGE2L3Jlc291cmNlR3JvdXBzL25kaWNvbGEtYXpzcG9zaC9wcm92aWRlcnMvTWljcm9zb2Z0Lk9wZXJhdGlvbmFsSW5zaWdodHMvd29ya3NwYWNlcy9henNwb3NoL3Byb3ZpZGVycy9NaWNyb3NvZnQuU2VjdXJpdHlJbnNpZ2h0cy9ib29rbWFya3MvMzgyZGUyNGItNzQ5NS00Mzg3LThjZjQtMzM0NDhkNjg0YzI2P2FwaS12ZXJzaW9uPTIwMjAtMDEtMDE=",
      "RequestMethod": "PUT",
      "RequestBody": "{\r\n  \"properties\": {\r\n    \"displayName\": \"PoshModuleTest\",\r\n    \"labels\": [],\r\n    \"notes\": \"PoshModuleTest\",\r\n    \"query\": \"SecurityAlert | take 1\"\r\n  },\r\n  \"etag\": \"\\\"1a005255-0000-0100-0000-5fd102f40000\\\"\"\r\n}",
      "RequestHeaders": {
        "x-ms-client-request-id": [
          "4140e472-9b5f-4a09-ba7e-afe1165f929e"
        ],
        "Accept-Language": [
          "en-US"
        ],
        "User-Agent": [
          "FxVersion/4.6.29321.03",
          "OSName/Windows",
          "OSVersion/Microsoft.Windows.10.0.19042.",
          "Microsoft.Azure.Management.SecurityInsights.SecurityInsightsClient/1.0.0.0"
        ],
        "Content-Type": [
          "application/json; charset=utf-8"
        ],
        "Content-Length": [
          "211"
        ]
      },
      "ResponseHeaders": {
        "Cache-Control": [
          "no-cache"
        ],
        "Pragma": [
          "no-cache"
        ],
        "x-ms-ratelimit-remaining-subscription-writes": [
          "1194"
        ],
        "api-supported-versions": [
          "2019-01-01"
        ],
        "Server": [
          "Kestrel"
        ],
        "x-ms-request-id": [
          "55771752-a15a-4d94-b4c5-3beebd6d135b"
        ],
        "x-ms-correlation-request-id": [
          "55771752-a15a-4d94-b4c5-3beebd6d135b"
        ],
        "x-ms-routing-request-id": [
          "WESTUS2:20201209T170142Z:55771752-a15a-4d94-b4c5-3beebd6d135b"
        ],
        "Strict-Transport-Security": [
          "max-age=31536000; includeSubDomains"
        ],
        "X-Content-Type-Options": [
          "nosniff"
        ],
        "Date": [
          "Wed, 09 Dec 2020 17:01:41 GMT"
        ],
        "Content-Length": [
          "960"
        ],
        "Content-Type": [
          "application/json; charset=utf-8"
        ],
        "Expires": [
          "-1"
        ]
      },
      "ResponseBody": "{\r\n  \"id\": \"/subscriptions/1c61ccbf-70b3-45a3-a1fb-848ce46d70a6/resourceGroups/ndicola-azsposh/providers/Microsoft.OperationalInsights/workspaces/azsposh/providers/Microsoft.SecurityInsights/Bookmarks/382de24b-7495-4387-8cf4-33448d684c26\",\r\n  \"name\": \"382de24b-7495-4387-8cf4-33448d684c26\",\r\n  \"etag\": \"\\\"1a005655-0000-0100-0000-5fd102f50000\\\"\",\r\n  \"type\": \"Microsoft.SecurityInsights/Bookmarks\",\r\n  \"properties\": {\r\n    \"displayName\": \"PoshModuleTest\",\r\n    \"created\": \"2020-12-09T17:01:40.4731481+00:00\",\r\n    \"updated\": \"2020-12-09T17:01:41+00:00\",\r\n    \"createdBy\": {\r\n      \"objectId\": \"14c93cf3-e5e3-45cf-8b4e-1a6f62bdf202\",\r\n      \"name\": \"Bookmark created from external application - azsposh\"\r\n    },\r\n    \"updatedBy\": {\r\n      \"objectId\": \"14c93cf3-e5e3-45cf-8b4e-1a6f62bdf202\",\r\n      \"name\": \"Bookmark created from external application - azsposh\"\r\n    },\r\n    \"eventTime\": \"2020-12-09T17:01:41.8039453+00:00\",\r\n    \"notes\": \"PoshModuleTest\",\r\n    \"labels\": [],\r\n    \"query\": \"SecurityAlert | take 1\",\r\n    \"incidentInfo\": {\r\n      \"incidentId\": null,\r\n      \"title\": null,\r\n      \"relationName\": null,\r\n      \"severity\": null\r\n    }\r\n  }\r\n}",
      "StatusCode": 200
    },
    {
      "RequestUri": "/subscriptions/1c61ccbf-70b3-45a3-a1fb-848ce46d70a6/resourceGroups/ndicola-azsposh/providers/Microsoft.OperationalInsights/workspaces/azsposh/providers/Microsoft.SecurityInsights/bookmarks/382de24b-7495-4387-8cf4-33448d684c26?api-version=2020-01-01",
      "EncodedRequestUri": "L3N1YnNjcmlwdGlvbnMvMWM2MWNjYmYtNzBiMy00NWEzLWExZmItODQ4Y2U0NmQ3MGE2L3Jlc291cmNlR3JvdXBzL25kaWNvbGEtYXpzcG9zaC9wcm92aWRlcnMvTWljcm9zb2Z0Lk9wZXJhdGlvbmFsSW5zaWdodHMvd29ya3NwYWNlcy9henNwb3NoL3Byb3ZpZGVycy9NaWNyb3NvZnQuU2VjdXJpdHlJbnNpZ2h0cy9ib29rbWFya3MvMzgyZGUyNGItNzQ5NS00Mzg3LThjZjQtMzM0NDhkNjg0YzI2P2FwaS12ZXJzaW9uPTIwMjAtMDEtMDE=",
      "RequestMethod": "GET",
      "RequestBody": "",
      "RequestHeaders": {
        "x-ms-client-request-id": [
          "6930c11f-7d9d-4dcb-bd47-8c96f321db39"
        ],
        "Accept-Language": [
          "en-US"
        ],
        "User-Agent": [
          "FxVersion/4.6.29321.03",
          "OSName/Windows",
          "OSVersion/Microsoft.Windows.10.0.19042.",
          "Microsoft.Azure.Management.SecurityInsights.SecurityInsightsClient/1.0.0.0"
        ]
      },
      "ResponseHeaders": {
        "Cache-Control": [
          "no-cache"
        ],
        "Pragma": [
          "no-cache"
        ],
        "x-ms-ratelimit-remaining-subscription-reads": [
          "11997"
        ],
        "api-supported-versions": [
          "2019-01-01"
        ],
        "Server": [
          "Kestrel"
        ],
        "x-ms-request-id": [
          "69123dc5-fd2a-48e8-9014-1d2666d9f899"
        ],
        "x-ms-correlation-request-id": [
          "69123dc5-fd2a-48e8-9014-1d2666d9f899"
        ],
        "x-ms-routing-request-id": [
          "WESTUS2:20201209T170141Z:69123dc5-fd2a-48e8-9014-1d2666d9f899"
        ],
        "Strict-Transport-Security": [
          "max-age=31536000; includeSubDomains"
        ],
        "X-Content-Type-Options": [
          "nosniff"
        ],
        "Date": [
          "Wed, 09 Dec 2020 17:01:40 GMT"
        ],
        "Content-Length": [
          "943"
        ],
        "Content-Type": [
          "application/json; charset=utf-8"
        ],
        "Expires": [
          "-1"
        ]
      },
      "ResponseBody": "{\r\n  \"id\": \"/subscriptions/1c61ccbf-70b3-45a3-a1fb-848ce46d70a6/resourceGroups/ndicola-azsposh/providers/Microsoft.OperationalInsights/workspaces/azsposh/providers/Microsoft.SecurityInsights/Bookmarks/382de24b-7495-4387-8cf4-33448d684c26\",\r\n  \"name\": \"382de24b-7495-4387-8cf4-33448d684c26\",\r\n  \"etag\": \"\\\"1a005255-0000-0100-0000-5fd102f40000\\\"\",\r\n  \"type\": \"Microsoft.SecurityInsights/Bookmarks\",\r\n  \"properties\": {\r\n    \"displayName\": \"PoshModuleTest\",\r\n    \"created\": \"2020-12-09T17:01:40.4731481+00:00\",\r\n    \"updated\": \"2020-12-09T17:01:40.4731481+00:00\",\r\n    \"createdBy\": {\r\n      \"objectId\": \"14c93cf3-e5e3-45cf-8b4e-1a6f62bdf202\",\r\n      \"name\": \"Bookmark created from external application - azsposh\"\r\n    },\r\n    \"updatedBy\": {\r\n      \"objectId\": \"14c93cf3-e5e3-45cf-8b4e-1a6f62bdf202\",\r\n      \"name\": \"Bookmark created from external application - azsposh\"\r\n    },\r\n    \"eventTime\": \"2020-12-09T17:01:40.4731481+00:00\",\r\n    \"labels\": [],\r\n    \"query\": \"SecurityAlert | take 1\",\r\n    \"incidentInfo\": {\r\n      \"incidentId\": null,\r\n      \"title\": null,\r\n      \"relationName\": null,\r\n      \"severity\": null\r\n    }\r\n  }\r\n}",
      "StatusCode": 200
    },
    {
      "RequestUri": "/subscriptions/1c61ccbf-70b3-45a3-a1fb-848ce46d70a6/resourceGroups/ndicola-azsposh/providers/Microsoft.OperationalInsights/workspaces/azsposh/providers/Microsoft.SecurityInsights/bookmarks/382de24b-7495-4387-8cf4-33448d684c26?api-version=2020-01-01",
      "EncodedRequestUri": "L3N1YnNjcmlwdGlvbnMvMWM2MWNjYmYtNzBiMy00NWEzLWExZmItODQ4Y2U0NmQ3MGE2L3Jlc291cmNlR3JvdXBzL25kaWNvbGEtYXpzcG9zaC9wcm92aWRlcnMvTWljcm9zb2Z0Lk9wZXJhdGlvbmFsSW5zaWdodHMvd29ya3NwYWNlcy9henNwb3NoL3Byb3ZpZGVycy9NaWNyb3NvZnQuU2VjdXJpdHlJbnNpZ2h0cy9ib29rbWFya3MvMzgyZGUyNGItNzQ5NS00Mzg3LThjZjQtMzM0NDhkNjg0YzI2P2FwaS12ZXJzaW9uPTIwMjAtMDEtMDE=",
      "RequestMethod": "DELETE",
      "RequestBody": "",
      "RequestHeaders": {
        "x-ms-client-request-id": [
          "9eed6a56-625b-4d89-a2ab-19b833752d04"
        ],
        "Accept-Language": [
          "en-US"
        ],
        "User-Agent": [
          "FxVersion/4.6.29321.03",
          "OSName/Windows",
          "OSVersion/Microsoft.Windows.10.0.19042.",
          "Microsoft.Azure.Management.SecurityInsights.SecurityInsightsClient/1.0.0.0"
        ]
      },
      "ResponseHeaders": {
        "Cache-Control": [
          "no-cache"
        ],
        "Pragma": [
          "no-cache"
        ],
        "x-ms-ratelimit-remaining-subscription-deletes": [
          "14996"
        ],
        "api-supported-versions": [
          "2019-01-01"
        ],
        "Server": [
          "Kestrel"
        ],
        "x-ms-request-id": [
          "d04dfe06-754b-410d-8792-fe323a8ec37d"
        ],
        "x-ms-correlation-request-id": [
          "d04dfe06-754b-410d-8792-fe323a8ec37d"
        ],
        "x-ms-routing-request-id": [
          "WESTUS2:20201209T170143Z:d04dfe06-754b-410d-8792-fe323a8ec37d"
        ],
        "Strict-Transport-Security": [
          "max-age=31536000; includeSubDomains"
        ],
        "X-Content-Type-Options": [
          "nosniff"
        ],
        "Date": [
          "Wed, 09 Dec 2020 17:01:42 GMT"
        ],
        "Content-Length": [
          "2"
        ],
        "Content-Type": [
          "application/json; charset=utf-8"
        ],
        "Expires": [
          "-1"
        ]
      },
      "ResponseBody": "{}",
      "StatusCode": 200
    }
  ],
  "Names": {},
  "Variables": {
    "SubscriptionId": "1c61ccbf-70b3-45a3-a1fb-848ce46d70a6"
  }
}