{
  "Entries": [
    {
      "RequestUri": "/subscriptions/ce4a7590-4722-4bcf-a2c6-e473e9f11778/providers/Microsoft.Storage?api-version=2016-02-01",
      "EncodedRequestUri": "L3N1YnNjcmlwdGlvbnMvY2U0YTc1OTAtNDcyMi00YmNmLWEyYzYtZTQ3M2U5ZjExNzc4L3Byb3ZpZGVycy9NaWNyb3NvZnQuU3RvcmFnZT9hcGktdmVyc2lvbj0yMDE2LTAyLTAx",
      "RequestMethod": "GET",
      "RequestBody": "",
      "RequestHeaders": {
        "User-Agent": [
          "Microsoft.Azure.Management.Resources.ResourceManagementClient/2.0.0.0"
        ]
      },
      "ResponseBody": "{\r\n  \"id\": \"/subscriptions/ce4a7590-4722-4bcf-a2c6-e473e9f11778/providers/Microsoft.Storage\",\r\n  \"namespace\": \"Microsoft.Storage\",\r\n  \"authorizations\": [\r\n    {\r\n      \"applicationId\": \"a6aa9161-5291-40bb-8c5c-923b567bee3b\",\r\n      \"roleDefinitionId\": \"070ab87f-0efc-4423-b18b-756f3bdb0236\"\r\n    },\r\n    {\r\n      \"applicationId\": \"e406a681-f3d4-42a8-90b6-c2b029497af1\"\r\n    }\r\n  ],\r\n  \"resourceTypes\": [\r\n    {\r\n      \"resourceType\": \"storageAccounts\",\r\n      \"locations\": [\r\n        \"East US\",\r\n        \"East US 2\",\r\n        \"West US\",\r\n        \"West Europe\",\r\n        \"East Asia\",\r\n        \"Southeast Asia\",\r\n        \"Japan East\",\r\n        \"Japan West\",\r\n        \"North Central US\",\r\n        \"South Central US\",\r\n        \"Central US\",\r\n        \"North Europe\",\r\n        \"Brazil South\",\r\n        \"Australia East\",\r\n        \"Australia Southeast\",\r\n        \"South India\",\r\n        \"Central India\",\r\n        \"West India\",\r\n        \"Canada East\",\r\n        \"Canada Central\",\r\n        \"West US 2\",\r\n        \"West Central US\",\r\n        \"UK South\",\r\n        \"UK West\",\r\n        \"Korea Central\",\r\n        \"Korea South\",\r\n        \"East US 2 (Stage)\",\r\n        \"East US 2 EUAP\",\r\n        \"Central US EUAP\"\r\n      ],\r\n      \"apiVersions\": [\r\n        \"2017-10-01\",\r\n        \"2017-06-01\",\r\n        \"2016-12-01\",\r\n        \"2016-05-01\",\r\n        \"2016-01-01\",\r\n        \"2015-06-15\",\r\n        \"2015-05-01-preview\"\r\n      ],\r\n      \"capabilities\": \"CrossResourceGroupResourceMove, CrossSubscriptionResourceMove, SystemAssignedResourceIdentity\"\r\n    },\r\n    {\r\n      \"resourceType\": \"operations\",\r\n      \"locations\": [],\r\n      \"apiVersions\": [\r\n        \"2017-10-01\",\r\n        \"2017-06-01\",\r\n        \"2016-12-01\",\r\n        \"2016-05-01\",\r\n        \"2016-01-01\",\r\n        \"2015-06-15\",\r\n        \"2015-05-01-preview\"\r\n      ]\r\n    },\r\n    {\r\n      \"resourceType\": \"locations/asyncoperations\",\r\n      \"locations\": [\r\n        \"East US\",\r\n        \"East US 2\",\r\n        \"West US\",\r\n        \"West Europe\",\r\n        \"East Asia\",\r\n        \"Southeast Asia\",\r\n        \"Japan East\",\r\n        \"Japan West\",\r\n        \"North Central US\",\r\n        \"South Central US\",\r\n        \"Central US\",\r\n        \"North Europe\",\r\n        \"Brazil South\",\r\n        \"Australia East\",\r\n        \"Australia Southeast\",\r\n        \"South India\",\r\n        \"Central India\",\r\n        \"West India\",\r\n        \"Canada East\",\r\n        \"Canada Central\",\r\n        \"West US 2\",\r\n        \"West Central US\",\r\n        \"UK South\",\r\n        \"UK West\",\r\n        \"Korea Central\",\r\n        \"Korea South\",\r\n        \"East US 2 (Stage)\",\r\n        \"East US 2 EUAP\",\r\n        \"Central US EUAP\"\r\n      ],\r\n      \"apiVersions\": [\r\n        \"2017-10-01\",\r\n        \"2017-06-01\",\r\n        \"2016-12-01\",\r\n        \"2016-05-01\",\r\n        \"2016-01-01\",\r\n        \"2015-06-15\",\r\n        \"2015-05-01-preview\"\r\n      ]\r\n    },\r\n    {\r\n      \"resourceType\": \"storageAccounts/listAccountSas\",\r\n      \"locations\": [\r\n        \"East US\",\r\n        \"East US 2\",\r\n        \"West US\",\r\n        \"West Europe\",\r\n        \"East Asia\",\r\n        \"Southeast Asia\",\r\n        \"Japan East\",\r\n        \"Japan West\",\r\n        \"North Central US\",\r\n        \"South Central US\",\r\n        \"Central US\",\r\n        \"North Europe\",\r\n        \"Brazil South\",\r\n        \"Australia East\",\r\n        \"Australia Southeast\",\r\n        \"South India\",\r\n        \"Central India\",\r\n        \"West India\",\r\n        \"Canada East\",\r\n        \"Canada Central\",\r\n        \"West US 2\",\r\n        \"West Central US\",\r\n        \"UK South\",\r\n        \"UK West\",\r\n        \"Korea Central\",\r\n        \"Korea South\",\r\n        \"East US 2 (Stage)\",\r\n        \"East US 2 EUAP\",\r\n        \"Central US EUAP\"\r\n      ],\r\n      \"apiVersions\": [\r\n        \"2017-10-01\",\r\n        \"2017-06-01\",\r\n        \"2016-12-01\",\r\n        \"2016-05-01\"\r\n      ]\r\n    },\r\n    {\r\n      \"resourceType\": \"storageAccounts/listServiceSas\",\r\n      \"locations\": [\r\n        \"East US\",\r\n        \"East US 2\",\r\n        \"West US\",\r\n        \"West Europe\",\r\n        \"East Asia\",\r\n        \"Southeast Asia\",\r\n        \"Japan East\",\r\n        \"Japan West\",\r\n        \"North Central US\",\r\n        \"South Central US\",\r\n        \"Central US\",\r\n        \"North Europe\",\r\n        \"Brazil South\",\r\n        \"Australia East\",\r\n        \"Australia Southeast\",\r\n        \"South India\",\r\n        \"Central India\",\r\n        \"West India\",\r\n        \"Canada East\",\r\n        \"Canada Central\",\r\n        \"West US 2\",\r\n        \"West Central US\",\r\n        \"UK South\",\r\n        \"UK West\",\r\n        \"Korea Central\",\r\n        \"Korea South\",\r\n        \"East US 2 (Stage)\",\r\n        \"East US 2 EUAP\",\r\n        \"Central US EUAP\"\r\n      ],\r\n      \"apiVersions\": [\r\n        \"2017-10-01\",\r\n        \"2017-06-01\",\r\n        \"2016-12-01\",\r\n        \"2016-05-01\"\r\n      ]\r\n    },\r\n    {\r\n      \"resourceType\": \"storageAccounts/blobServices\",\r\n      \"locations\": [\r\n        \"East US\",\r\n        \"East US 2\",\r\n        \"West US\",\r\n        \"West Europe\",\r\n        \"East Asia\",\r\n        \"Southeast Asia\",\r\n        \"Japan East\",\r\n        \"Japan West\",\r\n        \"North Central US\",\r\n        \"South Central US\",\r\n        \"Central US\",\r\n        \"North Europe\",\r\n        \"Brazil South\",\r\n        \"Australia East\",\r\n        \"Australia Southeast\",\r\n        \"South India\",\r\n        \"Central India\",\r\n        \"West India\",\r\n        \"Canada East\",\r\n        \"Canada Central\",\r\n        \"West US 2\",\r\n        \"West Central US\",\r\n        \"UK South\",\r\n        \"UK West\",\r\n        \"Korea Central\",\r\n        \"Korea South\",\r\n        \"East US 2 (Stage)\",\r\n        \"East US 2 EUAP\",\r\n        \"Central US EUAP\"\r\n      ],\r\n      \"apiVersions\": [\r\n        \"2017-10-01\",\r\n        \"2017-06-01\",\r\n        \"2016-12-01\",\r\n        \"2016-05-01\"\r\n      ]\r\n    },\r\n    {\r\n      \"resourceType\": \"storageAccounts/tableServices\",\r\n      \"locations\": [\r\n        \"East US\",\r\n        \"East US 2\",\r\n        \"West US\",\r\n        \"West Europe\",\r\n        \"East Asia\",\r\n        \"Southeast Asia\",\r\n        \"Japan East\",\r\n        \"Japan West\",\r\n        \"North Central US\",\r\n        \"South Central US\",\r\n        \"Central US\",\r\n        \"North Europe\",\r\n        \"Brazil South\",\r\n        \"Australia East\",\r\n        \"Australia Southeast\",\r\n        \"South India\",\r\n        \"Central India\",\r\n        \"West India\",\r\n        \"Canada East\",\r\n        \"Canada Central\",\r\n        \"West US 2\",\r\n        \"West Central US\",\r\n        \"UK South\",\r\n        \"UK West\",\r\n        \"Korea Central\",\r\n        \"Korea South\",\r\n        \"East US 2 (Stage)\",\r\n        \"East US 2 EUAP\",\r\n        \"Central US EUAP\"\r\n      ],\r\n      \"apiVersions\": [\r\n        \"2017-10-01\",\r\n        \"2017-06-01\",\r\n        \"2016-12-01\",\r\n        \"2016-05-01\"\r\n      ]\r\n    },\r\n    {\r\n      \"resourceType\": \"storageAccounts/queueServices\",\r\n      \"locations\": [\r\n        \"East US\",\r\n        \"East US 2\",\r\n        \"West US\",\r\n        \"West Europe\",\r\n        \"East Asia\",\r\n        \"Southeast Asia\",\r\n        \"Japan East\",\r\n        \"Japan West\",\r\n        \"North Central US\",\r\n        \"South Central US\",\r\n        \"Central US\",\r\n        \"North Europe\",\r\n        \"Brazil South\",\r\n        \"Australia East\",\r\n        \"Australia Southeast\",\r\n        \"South India\",\r\n        \"Central India\",\r\n        \"West India\",\r\n        \"Canada East\",\r\n        \"Canada Central\",\r\n        \"West US 2\",\r\n        \"West Central US\",\r\n        \"UK South\",\r\n        \"UK West\",\r\n        \"Korea Central\",\r\n        \"Korea South\",\r\n        \"East US 2 (Stage)\",\r\n        \"East US 2 EUAP\",\r\n        \"Central US EUAP\"\r\n      ],\r\n      \"apiVersions\": [\r\n        \"2017-10-01\",\r\n        \"2017-06-01\",\r\n        \"2016-12-01\",\r\n        \"2016-05-01\"\r\n      ]\r\n    },\r\n    {\r\n      \"resourceType\": \"storageAccounts/fileServices\",\r\n      \"locations\": [\r\n        \"East US\",\r\n        \"East US 2\",\r\n        \"West US\",\r\n        \"West Europe\",\r\n        \"East Asia\",\r\n        \"Southeast Asia\",\r\n        \"Japan East\",\r\n        \"Japan West\",\r\n        \"North Central US\",\r\n        \"South Central US\",\r\n        \"Central US\",\r\n        \"North Europe\",\r\n        \"Brazil South\",\r\n        \"Australia East\",\r\n        \"Australia Southeast\",\r\n        \"South India\",\r\n        \"Central India\",\r\n        \"West India\",\r\n        \"Canada East\",\r\n        \"Canada Central\",\r\n        \"West US 2\",\r\n        \"West Central US\",\r\n        \"UK South\",\r\n        \"UK West\",\r\n        \"Korea Central\",\r\n        \"Korea South\",\r\n        \"East US 2 (Stage)\",\r\n        \"East US 2 EUAP\",\r\n        \"Central US EUAP\"\r\n      ],\r\n      \"apiVersions\": [\r\n        \"2017-10-01\",\r\n        \"2017-06-01\",\r\n        \"2016-12-01\",\r\n        \"2016-05-01\"\r\n      ]\r\n    },\r\n    {\r\n      \"resourceType\": \"locations\",\r\n      \"locations\": [],\r\n      \"apiVersions\": [\r\n        \"2017-10-01\",\r\n        \"2017-06-01\",\r\n        \"2016-12-01\",\r\n        \"2016-07-01\",\r\n        \"2016-01-01\"\r\n      ]\r\n    },\r\n    {\r\n      \"resourceType\": \"locations/deleteVirtualNetworkOrSubnets\",\r\n      \"locations\": [\r\n        \"East US\",\r\n        \"East US 2\",\r\n        \"West US\",\r\n        \"West Europe\",\r\n        \"East Asia\",\r\n        \"Southeast Asia\",\r\n        \"Japan East\",\r\n        \"Japan West\",\r\n        \"North Central US\",\r\n        \"South Central US\",\r\n        \"Central US\",\r\n        \"North Europe\",\r\n        \"Brazil South\",\r\n        \"Australia East\",\r\n        \"Australia Southeast\",\r\n        \"South India\",\r\n        \"Central India\",\r\n        \"West India\",\r\n        \"Canada East\",\r\n        \"Canada Central\",\r\n        \"West US 2\",\r\n        \"West Central US\",\r\n        \"UK South\",\r\n        \"UK West\",\r\n        \"Korea Central\",\r\n        \"Korea South\",\r\n        \"East US 2 (Stage)\",\r\n        \"East US 2 EUAP\",\r\n        \"Central US EUAP\"\r\n      ],\r\n      \"apiVersions\": [\r\n        \"2017-10-01\",\r\n        \"2017-06-01\",\r\n        \"2016-12-01\",\r\n        \"2016-07-01\"\r\n      ]\r\n    },\r\n    {\r\n      \"resourceType\": \"usages\",\r\n      \"locations\": [],\r\n      \"apiVersions\": [\r\n        \"2017-10-01\",\r\n        \"2017-06-01\",\r\n        \"2016-12-01\",\r\n        \"2016-05-01\",\r\n        \"2016-01-01\",\r\n        \"2015-06-15\",\r\n        \"2015-05-01-preview\"\r\n      ]\r\n    },\r\n    {\r\n      \"resourceType\": \"checkNameAvailability\",\r\n      \"locations\": [],\r\n      \"apiVersions\": [\r\n        \"2017-10-01\",\r\n        \"2017-06-01\",\r\n        \"2016-12-01\",\r\n        \"2016-05-01\",\r\n        \"2016-01-01\",\r\n        \"2015-06-15\",\r\n        \"2015-05-01-preview\"\r\n      ]\r\n    },\r\n    {\r\n      \"resourceType\": \"storageAccounts/services\",\r\n      \"locations\": [\r\n        \"East US\",\r\n        \"West US\",\r\n        \"East US 2 (Stage)\",\r\n        \"West Europe\",\r\n        \"North Europe\",\r\n        \"East Asia\",\r\n        \"Southeast Asia\",\r\n        \"Japan East\",\r\n        \"Japan West\",\r\n        \"North Central US\",\r\n        \"South Central US\",\r\n        \"East US 2\",\r\n        \"Central US\",\r\n        \"Australia East\",\r\n        \"Australia Southeast\",\r\n        \"Brazil South\",\r\n        \"South India\",\r\n        \"Central India\",\r\n        \"West India\",\r\n        \"Canada East\",\r\n        \"Canada Central\",\r\n        \"West US 2\",\r\n        \"West Central US\",\r\n        \"UK South\",\r\n        \"UK West\",\r\n        \"Korea Central\",\r\n        \"Korea South\",\r\n        \"East US 2 EUAP\",\r\n        \"Central US EUAP\"\r\n      ],\r\n      \"apiVersions\": [\r\n        \"2014-04-01\"\r\n      ]\r\n    },\r\n    {\r\n      \"resourceType\": \"storageAccounts/services/metricDefinitions\",\r\n      \"locations\": [\r\n        \"East US\",\r\n        \"West US\",\r\n        \"East US 2 (Stage)\",\r\n        \"West Europe\",\r\n        \"North Europe\",\r\n        \"East Asia\",\r\n        \"Southeast Asia\",\r\n        \"Japan East\",\r\n        \"Japan West\",\r\n        \"North Central US\",\r\n        \"South Central US\",\r\n        \"East US 2\",\r\n        \"Central US\",\r\n        \"Australia East\",\r\n        \"Australia Southeast\",\r\n        \"Brazil South\",\r\n        \"South India\",\r\n        \"Central India\",\r\n        \"West India\",\r\n        \"Canada East\",\r\n        \"Canada Central\",\r\n        \"West US 2\",\r\n        \"West Central US\",\r\n        \"UK South\",\r\n        \"UK West\",\r\n        \"Korea Central\",\r\n        \"Korea South\",\r\n        \"East US 2 EUAP\",\r\n        \"Central US EUAP\"\r\n      ],\r\n      \"apiVersions\": [\r\n        \"2014-04-01\"\r\n      ]\r\n    }\r\n  ],\r\n  \"registrationState\": \"Registered\"\r\n}",
      "ResponseHeaders": {
        "Content-Length": [
          "7283"
        ],
        "Content-Type": [
          "application/json; charset=utf-8"
        ],
        "Expires": [
          "-1"
        ],
        "Pragma": [
          "no-cache"
        ],
        "x-ms-ratelimit-remaining-subscription-reads": [
          "14905"
        ],
        "x-ms-request-id": [
          "4b6c4627-0258-48ed-9294-088222185f52"
        ],
        "x-ms-correlation-request-id": [
          "4b6c4627-0258-48ed-9294-088222185f52"
        ],
        "x-ms-routing-request-id": [
          "JAPANWEST:20180213T060559Z:4b6c4627-0258-48ed-9294-088222185f52"
        ],
        "Strict-Transport-Security": [
          "max-age=31536000; includeSubDomains"
        ],
        "Cache-Control": [
          "no-cache"
        ],
        "Date": [
          "Tue, 13 Feb 2018 06:05:59 GMT"
        ]
      },
      "StatusCode": 200
    },
    {
      "RequestUri": "/subscriptions/ce4a7590-4722-4bcf-a2c6-e473e9f11778/resourcegroups/pstestrg6325?api-version=2016-02-01",
      "EncodedRequestUri": "L3N1YnNjcmlwdGlvbnMvY2U0YTc1OTAtNDcyMi00YmNmLWEyYzYtZTQ3M2U5ZjExNzc4L3Jlc291cmNlZ3JvdXBzL3BzdGVzdHJnNjMyNT9hcGktdmVyc2lvbj0yMDE2LTAyLTAx",
      "RequestMethod": "PUT",
      "RequestBody": "{\r\n  \"location\": \"West US\"\r\n}",
      "RequestHeaders": {
        "Content-Type": [
          "application/json; charset=utf-8"
        ],
        "Content-Length": [
          "29"
        ],
        "User-Agent": [
          "Microsoft.Azure.Management.Resources.ResourceManagementClient/2.0.0.0"
        ]
      },
      "ResponseBody": "{\r\n  \"id\": \"/subscriptions/ce4a7590-4722-4bcf-a2c6-e473e9f11778/resourceGroups/pstestrg6325\",\r\n  \"name\": \"pstestrg6325\",\r\n  \"location\": \"westus\",\r\n  \"properties\": {\r\n    \"provisioningState\": \"Succeeded\"\r\n  }\r\n}",
      "ResponseHeaders": {
        "Content-Length": [
          "177"
        ],
        "Content-Type": [
          "application/json; charset=utf-8"
        ],
        "Expires": [
          "-1"
        ],
        "Pragma": [
          "no-cache"
        ],
        "x-ms-ratelimit-remaining-subscription-writes": [
          "1192"
        ],
        "x-ms-request-id": [
          "5bce44bd-5dbe-4360-a37f-5232dc8e62d6"
        ],
        "x-ms-correlation-request-id": [
          "5bce44bd-5dbe-4360-a37f-5232dc8e62d6"
        ],
        "x-ms-routing-request-id": [
          "JAPANWEST:20180213T060602Z:5bce44bd-5dbe-4360-a37f-5232dc8e62d6"
        ],
        "Strict-Transport-Security": [
          "max-age=31536000; includeSubDomains"
        ],
        "Cache-Control": [
          "no-cache"
        ],
        "Date": [
          "Tue, 13 Feb 2018 06:06:01 GMT"
        ]
      },
      "StatusCode": 201
    },
    {
      "RequestUri": "/subscriptions/ce4a7590-4722-4bcf-a2c6-e473e9f11778/providers/Microsoft.Storage/checkNameAvailability?api-version=2017-10-01",
      "EncodedRequestUri": "L3N1YnNjcmlwdGlvbnMvY2U0YTc1OTAtNDcyMi00YmNmLWEyYzYtZTQ3M2U5ZjExNzc4L3Byb3ZpZGVycy9NaWNyb3NvZnQuU3RvcmFnZS9jaGVja05hbWVBdmFpbGFiaWxpdHk/YXBpLXZlcnNpb249MjAxNy0xMC0wMQ==",
      "RequestMethod": "POST",
      "RequestBody": "{\r\n  \"name\": \"stopstestrg6325\",\r\n  \"type\": \"Microsoft.Storage/storageAccounts\"\r\n}",
      "RequestHeaders": {
        "Content-Type": [
          "application/json; charset=utf-8"
        ],
        "Content-Length": [
          "81"
        ],
        "x-ms-client-request-id": [
          "0fb20fbc-c2d5-4c7b-8fa1-1c7742f191e8"
        ],
        "accept-language": [
          "en-US"
        ],
        "User-Agent": [
          "FxVersion/4.7.2600.0",
          "OSName/Windows10Enterprise",
          "OSVersion/6.3.16299",
          "Microsoft.Azure.Management.Storage.StorageManagementClient/7.1.0.0"
        ]
      },
      "ResponseBody": "{\r\n  \"nameAvailable\": true\r\n}",
      "ResponseHeaders": {
        "Content-Length": [
          "23"
        ],
        "Content-Type": [
          "application/json"
        ],
        "Expires": [
          "-1"
        ],
        "Pragma": [
          "no-cache"
        ],
        "x-ms-request-id": [
          "bf71ccbb-309b-48f0-97e7-25c9dfc031ea"
        ],
        "Cache-Control": [
          "no-cache"
        ],
        "Server": [
          "Microsoft-Azure-Storage-Resource-Provider/1.0",
          "Microsoft-HTTPAPI/2.0"
        ],
        "x-ms-ratelimit-remaining-subscription-reads": [
          "14611"
        ],
        "x-ms-correlation-request-id": [
          "bf71ccbb-309b-48f0-97e7-25c9dfc031ea"
        ],
        "x-ms-routing-request-id": [
          "JAPANWEST:20180213T060603Z:bf71ccbb-309b-48f0-97e7-25c9dfc031ea"
        ],
        "Strict-Transport-Security": [
          "max-age=31536000; includeSubDomains"
        ],
        "Date": [
          "Tue, 13 Feb 2018 06:06:03 GMT"
        ]
      },
      "StatusCode": 200
    },
    {
      "RequestUri": "/subscriptions/ce4a7590-4722-4bcf-a2c6-e473e9f11778/resourceGroups/pstestrg6325/providers/Microsoft.Storage/storageAccounts/stopstestrg6325?api-version=2017-10-01",
      "EncodedRequestUri": "L3N1YnNjcmlwdGlvbnMvY2U0YTc1OTAtNDcyMi00YmNmLWEyYzYtZTQ3M2U5ZjExNzc4L3Jlc291cmNlR3JvdXBzL3BzdGVzdHJnNjMyNS9wcm92aWRlcnMvTWljcm9zb2Z0LlN0b3JhZ2Uvc3RvcmFnZUFjY291bnRzL3N0b3BzdGVzdHJnNjMyNT9hcGktdmVyc2lvbj0yMDE3LTEwLTAx",
      "RequestMethod": "PUT",
      "RequestBody": "{\r\n  \"sku\": {\r\n    \"name\": \"Standard_LRS\"\r\n  },\r\n  \"kind\": \"Storage\",\r\n  \"location\": \"West US\",\r\n  \"properties\": {\r\n    \"networkAcls\": {\r\n      \"bypass\": \"Logging,Metrics,AzureServices\",\r\n      \"ipRules\": [\r\n        {\r\n          \"value\": \"20.11.0.0/16\",\r\n          \"action\": \"Allow\"\r\n        },\r\n        {\r\n          \"value\": \"10.0.0.0/7\",\r\n          \"action\": \"Allow\"\r\n        }\r\n      ],\r\n      \"defaultAction\": \"Deny\"\r\n    }\r\n  }\r\n}",
      "RequestHeaders": {
        "Content-Type": [
          "application/json; charset=utf-8"
        ],
        "Content-Length": [
          "435"
        ],
        "x-ms-client-request-id": [
          "019844c2-9ceb-4ce6-a103-895564c06740"
        ],
        "accept-language": [
          "en-US"
        ],
        "User-Agent": [
          "FxVersion/4.7.2600.0",
          "OSName/Windows10Enterprise",
          "OSVersion/6.3.16299",
          "Microsoft.Azure.Management.Storage.StorageManagementClient/7.1.0.0"
        ]
      },
      "ResponseBody": "",
      "ResponseHeaders": {
        "Content-Length": [
          "0"
        ],
        "Content-Type": [
          "text/plain; charset=utf-8"
        ],
        "Expires": [
          "-1"
        ],
        "Pragma": [
          "no-cache"
        ],
        "Retry-After": [
          "17"
        ],
        "x-ms-request-id": [
          "c3f19365-3615-45f3-ae83-ed95b27368f7"
        ],
        "Strict-Transport-Security": [
          "max-age=31536000; includeSubDomains"
        ],
        "x-ms-ratelimit-remaining-subscription-writes": [
          "1199"
        ],
        "x-ms-correlation-request-id": [
          "8a3d6ecf-d671-408f-9da8-0a2de97d8b09"
        ],
        "x-ms-routing-request-id": [
          "JAPANWEST:20180213T060605Z:8a3d6ecf-d671-408f-9da8-0a2de97d8b09"
        ],
        "Cache-Control": [
          "no-cache"
        ],
        "Date": [
          "Tue, 13 Feb 2018 06:06:05 GMT"
        ],
        "Location": [
          "https://management.azure.com/subscriptions/ce4a7590-4722-4bcf-a2c6-e473e9f11778/providers/Microsoft.Storage/locations/westus/asyncoperations/c3f19365-3615-45f3-ae83-ed95b27368f7?monitor=true&api-version=2017-10-01"
        ],
        "Server": [
          "Microsoft-Azure-Storage-Resource-Provider/1.0,Microsoft-HTTPAPI/2.0 Microsoft-HTTPAPI/2.0"
        ]
      },
      "StatusCode": 202
    },
    {
      "RequestUri": "/subscriptions/ce4a7590-4722-4bcf-a2c6-e473e9f11778/providers/Microsoft.Storage/locations/westus/asyncoperations/c3f19365-3615-45f3-ae83-ed95b27368f7?monitor=true&api-version=2017-10-01",
      "EncodedRequestUri": "L3N1YnNjcmlwdGlvbnMvY2U0YTc1OTAtNDcyMi00YmNmLWEyYzYtZTQ3M2U5ZjExNzc4L3Byb3ZpZGVycy9NaWNyb3NvZnQuU3RvcmFnZS9sb2NhdGlvbnMvd2VzdHVzL2FzeW5jb3BlcmF0aW9ucy9jM2YxOTM2NS0zNjE1LTQ1ZjMtYWU4My1lZDk1YjI3MzY4Zjc/bW9uaXRvcj10cnVlJmFwaS12ZXJzaW9uPTIwMTctMTAtMDE=",
      "RequestMethod": "GET",
      "RequestBody": "",
      "RequestHeaders": {
        "User-Agent": [
          "FxVersion/4.7.2600.0",
          "OSName/Windows10Enterprise",
          "OSVersion/6.3.16299",
          "Microsoft.Azure.Management.Storage.StorageManagementClient/7.1.0.0"
        ]
      },
      "ResponseBody": "",
      "ResponseHeaders": {
        "Content-Length": [
          "0"
        ],
        "Content-Type": [
          "text/plain; charset=utf-8"
        ],
        "Expires": [
          "-1"
        ],
        "Pragma": [
          "no-cache"
        ],
        "Retry-After": [
          "17"
        ],
        "x-ms-request-id": [
          "f719ca40-b042-4166-9e16-920f3ba625c4"
        ],
        "Strict-Transport-Security": [
          "max-age=31536000; includeSubDomains"
        ],
        "x-ms-ratelimit-remaining-subscription-reads": [
          "14609"
        ],
        "x-ms-correlation-request-id": [
          "f91289fc-a208-40e8-a084-cb73a5c10735"
        ],
        "x-ms-routing-request-id": [
          "JAPANWEST:20180213T060622Z:f91289fc-a208-40e8-a084-cb73a5c10735"
        ],
        "Cache-Control": [
          "no-cache"
        ],
        "Date": [
          "Tue, 13 Feb 2018 06:06:22 GMT"
        ],
        "Location": [
          "https://management.azure.com/subscriptions/ce4a7590-4722-4bcf-a2c6-e473e9f11778/providers/Microsoft.Storage/locations/westus/asyncoperations/c3f19365-3615-45f3-ae83-ed95b27368f7?monitor=true&api-version=2017-10-01"
        ],
        "Server": [
          "Microsoft-Azure-Storage-Resource-Provider/1.0,Microsoft-HTTPAPI/2.0 Microsoft-HTTPAPI/2.0"
        ]
      },
      "StatusCode": 202
    },
    {
      "RequestUri": "/subscriptions/ce4a7590-4722-4bcf-a2c6-e473e9f11778/providers/Microsoft.Storage/locations/westus/asyncoperations/c3f19365-3615-45f3-ae83-ed95b27368f7?monitor=true&api-version=2017-10-01",
      "EncodedRequestUri": "L3N1YnNjcmlwdGlvbnMvY2U0YTc1OTAtNDcyMi00YmNmLWEyYzYtZTQ3M2U5ZjExNzc4L3Byb3ZpZGVycy9NaWNyb3NvZnQuU3RvcmFnZS9sb2NhdGlvbnMvd2VzdHVzL2FzeW5jb3BlcmF0aW9ucy9jM2YxOTM2NS0zNjE1LTQ1ZjMtYWU4My1lZDk1YjI3MzY4Zjc/bW9uaXRvcj10cnVlJmFwaS12ZXJzaW9uPTIwMTctMTAtMDE=",
      "RequestMethod": "GET",
      "RequestBody": "",
      "RequestHeaders": {
        "User-Agent": [
          "FxVersion/4.7.2600.0",
          "OSName/Windows10Enterprise",
          "OSVersion/6.3.16299",
          "Microsoft.Azure.Management.Storage.StorageManagementClient/7.1.0.0"
        ]
      },
      "ResponseBody": "{\r\n  \"sku\": {\r\n    \"name\": \"Standard_LRS\",\r\n    \"tier\": \"Standard\"\r\n  },\r\n  \"kind\": \"Storage\",\r\n  \"id\": \"/subscriptions/ce4a7590-4722-4bcf-a2c6-e473e9f11778/resourceGroups/pstestrg6325/providers/Microsoft.Storage/storageAccounts/stopstestrg6325\",\r\n  \"name\": \"stopstestrg6325\",\r\n  \"type\": \"Microsoft.Storage/storageAccounts\",\r\n  \"location\": \"westus\",\r\n  \"tags\": {},\r\n  \"properties\": {\r\n    \"networkAcls\": {\r\n      \"bypass\": \"Logging, Metrics, AzureServices\",\r\n      \"virtualNetworkRules\": [],\r\n      \"ipRules\": [\r\n        {\r\n          \"value\": \"20.11.0.0/16\",\r\n          \"action\": \"Allow\"\r\n        },\r\n        {\r\n          \"value\": \"10.0.0.0/7\",\r\n          \"action\": \"Allow\"\r\n        }\r\n      ],\r\n      \"defaultAction\": \"Deny\"\r\n    },\r\n    \"trustedDirectories\": [\r\n      \"72f988bf-86f1-41af-91ab-2d7cd011db47\"\r\n    ],\r\n    \"supportsHttpsTrafficOnly\": false,\r\n    \"encryption\": {\r\n      \"services\": {\r\n        \"file\": {\r\n          \"enabled\": true,\r\n          \"lastEnabledTime\": \"2018-02-13T06:06:05.2714716Z\"\r\n        },\r\n        \"blob\": {\r\n          \"enabled\": true,\r\n          \"lastEnabledTime\": \"2018-02-13T06:06:05.2714716Z\"\r\n        }\r\n      },\r\n      \"keySource\": \"Microsoft.Storage\"\r\n    },\r\n    \"provisioningState\": \"Succeeded\",\r\n    \"creationTime\": \"2018-02-13T06:06:05.2246448Z\",\r\n    \"primaryEndpoints\": {\r\n      \"blob\": \"https://stopstestrg6325.blob.core.windows.net/\",\r\n      \"queue\": \"https://stopstestrg6325.queue.core.windows.net/\",\r\n      \"table\": \"https://stopstestrg6325.table.core.windows.net/\",\r\n      \"file\": \"https://stopstestrg6325.file.core.windows.net/\"\r\n    },\r\n    \"primaryLocation\": \"westus\",\r\n    \"statusOfPrimary\": \"available\"\r\n  }\r\n}",
      "ResponseHeaders": {
        "Content-Length": [
          "1212"
        ],
        "Content-Type": [
          "application/json"
        ],
        "Expires": [
          "-1"
        ],
        "Pragma": [
          "no-cache"
        ],
        "x-ms-request-id": [
          "32ebc8d9-c3c7-48de-bc33-670fbe06903f"
        ],
        "Strict-Transport-Security": [
          "max-age=31536000; includeSubDomains"
        ],
        "x-ms-ratelimit-remaining-subscription-reads": [
          "14606"
        ],
        "x-ms-correlation-request-id": [
          "d1a08938-95d9-4125-880b-57e2f137a571"
        ],
        "x-ms-routing-request-id": [
          "JAPANWEST:20180213T060640Z:d1a08938-95d9-4125-880b-57e2f137a571"
        ],
        "Cache-Control": [
          "no-cache"
        ],
        "Date": [
          "Tue, 13 Feb 2018 06:06:39 GMT"
        ],
        "Server": [
          "Microsoft-Azure-Storage-Resource-Provider/1.0,Microsoft-HTTPAPI/2.0 Microsoft-HTTPAPI/2.0"
        ]
      },
      "StatusCode": 200
    },
    {
      "RequestUri": "/subscriptions/ce4a7590-4722-4bcf-a2c6-e473e9f11778/resourceGroups/pstestrg6325/providers/Microsoft.Storage/storageAccounts/stopstestrg6325?api-version=2017-10-01",
      "EncodedRequestUri": "L3N1YnNjcmlwdGlvbnMvY2U0YTc1OTAtNDcyMi00YmNmLWEyYzYtZTQ3M2U5ZjExNzc4L3Jlc291cmNlR3JvdXBzL3BzdGVzdHJnNjMyNS9wcm92aWRlcnMvTWljcm9zb2Z0LlN0b3JhZ2Uvc3RvcmFnZUFjY291bnRzL3N0b3BzdGVzdHJnNjMyNT9hcGktdmVyc2lvbj0yMDE3LTEwLTAx",
      "RequestMethod": "GET",
      "RequestBody": "",
      "RequestHeaders": {
        "x-ms-client-request-id": [
          "016e8100-9d81-4260-bec3-7478eb2df50c"
        ],
        "accept-language": [
          "en-US"
        ],
        "User-Agent": [
          "FxVersion/4.7.2600.0",
          "OSName/Windows10Enterprise",
          "OSVersion/6.3.16299",
          "Microsoft.Azure.Management.Storage.StorageManagementClient/7.1.0.0"
        ]
      },
      "ResponseBody": "{\r\n  \"sku\": {\r\n    \"name\": \"Standard_LRS\",\r\n    \"tier\": \"Standard\"\r\n  },\r\n  \"kind\": \"Storage\",\r\n  \"id\": \"/subscriptions/ce4a7590-4722-4bcf-a2c6-e473e9f11778/resourceGroups/pstestrg6325/providers/Microsoft.Storage/storageAccounts/stopstestrg6325\",\r\n  \"name\": \"stopstestrg6325\",\r\n  \"type\": \"Microsoft.Storage/storageAccounts\",\r\n  \"location\": \"westus\",\r\n  \"tags\": {},\r\n  \"properties\": {\r\n    \"networkAcls\": {\r\n      \"bypass\": \"Logging, Metrics, AzureServices\",\r\n      \"virtualNetworkRules\": [],\r\n      \"ipRules\": [\r\n        {\r\n          \"value\": \"20.11.0.0/16\",\r\n          \"action\": \"Allow\"\r\n        },\r\n        {\r\n          \"value\": \"10.0.0.0/7\",\r\n          \"action\": \"Allow\"\r\n        }\r\n      ],\r\n      \"defaultAction\": \"Deny\"\r\n    },\r\n    \"trustedDirectories\": [\r\n      \"72f988bf-86f1-41af-91ab-2d7cd011db47\"\r\n    ],\r\n    \"supportsHttpsTrafficOnly\": false,\r\n    \"encryption\": {\r\n      \"services\": {\r\n        \"file\": {\r\n          \"enabled\": true,\r\n          \"lastEnabledTime\": \"2018-02-13T06:06:05.2714716Z\"\r\n        },\r\n        \"blob\": {\r\n          \"enabled\": true,\r\n          \"lastEnabledTime\": \"2018-02-13T06:06:05.2714716Z\"\r\n        }\r\n      },\r\n      \"keySource\": \"Microsoft.Storage\"\r\n    },\r\n    \"provisioningState\": \"Succeeded\",\r\n    \"creationTime\": \"2018-02-13T06:06:05.2246448Z\",\r\n    \"primaryEndpoints\": {\r\n      \"blob\": \"https://stopstestrg6325.blob.core.windows.net/\",\r\n      \"queue\": \"https://stopstestrg6325.queue.core.windows.net/\",\r\n      \"table\": \"https://stopstestrg6325.table.core.windows.net/\",\r\n      \"file\": \"https://stopstestrg6325.file.core.windows.net/\"\r\n    },\r\n    \"primaryLocation\": \"westus\",\r\n    \"statusOfPrimary\": \"available\"\r\n  }\r\n}",
      "ResponseHeaders": {
        "Content-Length": [
          "1212"
        ],
        "Content-Type": [
          "application/json"
        ],
        "Expires": [
          "-1"
        ],
        "Pragma": [
          "no-cache"
        ],
        "x-ms-request-id": [
          "656fc2e7-edef-42f3-9f9c-8b9ad1bf02bb"
        ],
        "Strict-Transport-Security": [
          "max-age=31536000; includeSubDomains"
        ],
        "x-ms-ratelimit-remaining-subscription-reads": [
          "14605"
        ],
        "x-ms-correlation-request-id": [
          "810c2265-0b2a-42df-be8c-bbd7cc0c91d9"
        ],
        "x-ms-routing-request-id": [
          "JAPANWEST:20180213T060640Z:810c2265-0b2a-42df-be8c-bbd7cc0c91d9"
        ],
        "Cache-Control": [
          "no-cache"
        ],
        "Date": [
          "Tue, 13 Feb 2018 06:06:39 GMT"
        ],
        "Server": [
          "Microsoft-Azure-Storage-Resource-Provider/1.0,Microsoft-HTTPAPI/2.0 Microsoft-HTTPAPI/2.0"
        ]
      },
      "StatusCode": 200
    },
    {
      "RequestUri": "/subscriptions/ce4a7590-4722-4bcf-a2c6-e473e9f11778/resourceGroups/pstestrg6325/providers/Microsoft.Storage/storageAccounts/stopstestrg6325?api-version=2017-10-01",
      "EncodedRequestUri": "L3N1YnNjcmlwdGlvbnMvY2U0YTc1OTAtNDcyMi00YmNmLWEyYzYtZTQ3M2U5ZjExNzc4L3Jlc291cmNlR3JvdXBzL3BzdGVzdHJnNjMyNS9wcm92aWRlcnMvTWljcm9zb2Z0LlN0b3JhZ2Uvc3RvcmFnZUFjY291bnRzL3N0b3BzdGVzdHJnNjMyNT9hcGktdmVyc2lvbj0yMDE3LTEwLTAx",
      "RequestMethod": "GET",
      "RequestBody": "",
      "RequestHeaders": {
        "x-ms-client-request-id": [
          "b86ca6c2-fdb2-48a6-831f-9048b85be278"
        ],
        "accept-language": [
          "en-US"
        ],
        "User-Agent": [
          "FxVersion/4.7.2600.0",
          "OSName/Windows10Enterprise",
          "OSVersion/6.3.16299",
          "Microsoft.Azure.Management.Storage.StorageManagementClient/7.1.0.0"
        ]
      },
      "ResponseBody": "{\r\n  \"sku\": {\r\n    \"name\": \"Standard_LRS\",\r\n    \"tier\": \"Standard\"\r\n  },\r\n  \"kind\": \"Storage\",\r\n  \"id\": \"/subscriptions/ce4a7590-4722-4bcf-a2c6-e473e9f11778/resourceGroups/pstestrg6325/providers/Microsoft.Storage/storageAccounts/stopstestrg6325\",\r\n  \"name\": \"stopstestrg6325\",\r\n  \"type\": \"Microsoft.Storage/storageAccounts\",\r\n  \"location\": \"westus\",\r\n  \"tags\": {},\r\n  \"properties\": {\r\n    \"networkAcls\": {\r\n      \"bypass\": \"Logging, Metrics, AzureServices\",\r\n      \"virtualNetworkRules\": [],\r\n      \"ipRules\": [\r\n        {\r\n          \"value\": \"20.11.0.0/16\",\r\n          \"action\": \"Allow\"\r\n        },\r\n        {\r\n          \"value\": \"10.0.0.0/7\",\r\n          \"action\": \"Allow\"\r\n        }\r\n      ],\r\n      \"defaultAction\": \"Deny\"\r\n    },\r\n    \"trustedDirectories\": [\r\n      \"72f988bf-86f1-41af-91ab-2d7cd011db47\"\r\n    ],\r\n    \"supportsHttpsTrafficOnly\": false,\r\n    \"encryption\": {\r\n      \"services\": {\r\n        \"file\": {\r\n          \"enabled\": true,\r\n          \"lastEnabledTime\": \"2018-02-13T06:06:05.2714716Z\"\r\n        },\r\n        \"blob\": {\r\n          \"enabled\": true,\r\n          \"lastEnabledTime\": \"2018-02-13T06:06:05.2714716Z\"\r\n        }\r\n      },\r\n      \"keySource\": \"Microsoft.Storage\"\r\n    },\r\n    \"provisioningState\": \"Succeeded\",\r\n    \"creationTime\": \"2018-02-13T06:06:05.2246448Z\",\r\n    \"primaryEndpoints\": {\r\n      \"blob\": \"https://stopstestrg6325.blob.core.windows.net/\",\r\n      \"queue\": \"https://stopstestrg6325.queue.core.windows.net/\",\r\n      \"table\": \"https://stopstestrg6325.table.core.windows.net/\",\r\n      \"file\": \"https://stopstestrg6325.file.core.windows.net/\"\r\n    },\r\n    \"primaryLocation\": \"westus\",\r\n    \"statusOfPrimary\": \"available\"\r\n  }\r\n}",
      "ResponseHeaders": {
        "Content-Length": [
          "1212"
        ],
        "Content-Type": [
          "application/json"
        ],
        "Expires": [
          "-1"
        ],
        "Pragma": [
          "no-cache"
        ],
        "x-ms-request-id": [
          "d4194821-69df-4efe-a02d-48fec48253bc"
        ],
        "Strict-Transport-Security": [
          "max-age=31536000; includeSubDomains"
        ],
        "x-ms-ratelimit-remaining-subscription-reads": [
          "14604"
        ],
        "x-ms-correlation-request-id": [
          "cf4484f0-01be-41ff-b5a8-9526a4dee6cb"
        ],
        "x-ms-routing-request-id": [
          "JAPANWEST:20180213T060640Z:cf4484f0-01be-41ff-b5a8-9526a4dee6cb"
        ],
        "Cache-Control": [
          "no-cache"
        ],
        "Date": [
          "Tue, 13 Feb 2018 06:06:40 GMT"
        ],
        "Server": [
          "Microsoft-Azure-Storage-Resource-Provider/1.0,Microsoft-HTTPAPI/2.0 Microsoft-HTTPAPI/2.0"
        ]
      },
      "StatusCode": 200
    },
    {
      "RequestUri": "/subscriptions/ce4a7590-4722-4bcf-a2c6-e473e9f11778/resourceGroups/pstestrg6325/providers/Microsoft.Storage/storageAccounts/stopstestrg6325?api-version=2017-10-01",
      "EncodedRequestUri": "L3N1YnNjcmlwdGlvbnMvY2U0YTc1OTAtNDcyMi00YmNmLWEyYzYtZTQ3M2U5ZjExNzc4L3Jlc291cmNlR3JvdXBzL3BzdGVzdHJnNjMyNS9wcm92aWRlcnMvTWljcm9zb2Z0LlN0b3JhZ2Uvc3RvcmFnZUFjY291bnRzL3N0b3BzdGVzdHJnNjMyNT9hcGktdmVyc2lvbj0yMDE3LTEwLTAx",
      "RequestMethod": "GET",
      "RequestBody": "",
      "RequestHeaders": {
        "x-ms-client-request-id": [
          "9c297e46-6fd8-4de3-83ac-8ed07f1e9a1c"
        ],
        "accept-language": [
          "en-US"
        ],
        "User-Agent": [
          "FxVersion/4.7.2600.0",
          "OSName/Windows10Enterprise",
          "OSVersion/6.3.16299",
          "Microsoft.Azure.Management.Storage.StorageManagementClient/7.1.0.0"
        ]
      },
      "ResponseBody": "{\r\n  \"sku\": {\r\n    \"name\": \"Standard_LRS\",\r\n    \"tier\": \"Standard\"\r\n  },\r\n  \"kind\": \"Storage\",\r\n  \"id\": \"/subscriptions/ce4a7590-4722-4bcf-a2c6-e473e9f11778/resourceGroups/pstestrg6325/providers/Microsoft.Storage/storageAccounts/stopstestrg6325\",\r\n  \"name\": \"stopstestrg6325\",\r\n  \"type\": \"Microsoft.Storage/storageAccounts\",\r\n  \"location\": \"westus\",\r\n  \"tags\": {},\r\n  \"properties\": {\r\n    \"networkAcls\": {\r\n      \"bypass\": \"Logging, Metrics, AzureServices\",\r\n      \"virtualNetworkRules\": [],\r\n      \"ipRules\": [\r\n        {\r\n          \"value\": \"20.11.0.0/16\",\r\n          \"action\": \"Allow\"\r\n        },\r\n        {\r\n          \"value\": \"10.0.0.0/7\",\r\n          \"action\": \"Allow\"\r\n        }\r\n      ],\r\n      \"defaultAction\": \"Deny\"\r\n    },\r\n    \"trustedDirectories\": [\r\n      \"72f988bf-86f1-41af-91ab-2d7cd011db47\"\r\n    ],\r\n    \"supportsHttpsTrafficOnly\": false,\r\n    \"encryption\": {\r\n      \"services\": {\r\n        \"file\": {\r\n          \"enabled\": true,\r\n          \"lastEnabledTime\": \"2018-02-13T06:06:05.2714716Z\"\r\n        },\r\n        \"blob\": {\r\n          \"enabled\": true,\r\n          \"lastEnabledTime\": \"2018-02-13T06:06:05.2714716Z\"\r\n        }\r\n      },\r\n      \"keySource\": \"Microsoft.Storage\"\r\n    },\r\n    \"provisioningState\": \"Succeeded\",\r\n    \"creationTime\": \"2018-02-13T06:06:05.2246448Z\",\r\n    \"primaryEndpoints\": {\r\n      \"blob\": \"https://stopstestrg6325.blob.core.windows.net/\",\r\n      \"queue\": \"https://stopstestrg6325.queue.core.windows.net/\",\r\n      \"table\": \"https://stopstestrg6325.table.core.windows.net/\",\r\n      \"file\": \"https://stopstestrg6325.file.core.windows.net/\"\r\n    },\r\n    \"primaryLocation\": \"westus\",\r\n    \"statusOfPrimary\": \"available\"\r\n  }\r\n}",
      "ResponseHeaders": {
        "Content-Length": [
          "1212"
        ],
        "Content-Type": [
          "application/json"
        ],
        "Expires": [
          "-1"
        ],
        "Pragma": [
          "no-cache"
        ],
        "x-ms-request-id": [
          "fa33ffa6-2572-4fd4-9df0-aa5547004b16"
        ],
        "Strict-Transport-Security": [
          "max-age=31536000; includeSubDomains"
        ],
        "x-ms-ratelimit-remaining-subscription-reads": [
          "14603"
        ],
        "x-ms-correlation-request-id": [
          "e2e71126-7b3a-4e6f-9375-4fca52fff704"
        ],
        "x-ms-routing-request-id": [
          "JAPANWEST:20180213T060641Z:e2e71126-7b3a-4e6f-9375-4fca52fff704"
        ],
        "Cache-Control": [
          "no-cache"
        ],
        "Date": [
          "Tue, 13 Feb 2018 06:06:40 GMT"
        ],
        "Server": [
          "Microsoft-Azure-Storage-Resource-Provider/1.0,Microsoft-HTTPAPI/2.0 Microsoft-HTTPAPI/2.0"
        ]
      },
      "StatusCode": 200
    },
    {
      "RequestUri": "/subscriptions/ce4a7590-4722-4bcf-a2c6-e473e9f11778/resourceGroups/pstestrg6325/providers/Microsoft.Storage/storageAccounts/stopstestrg6325?api-version=2017-10-01",
      "EncodedRequestUri": "L3N1YnNjcmlwdGlvbnMvY2U0YTc1OTAtNDcyMi00YmNmLWEyYzYtZTQ3M2U5ZjExNzc4L3Jlc291cmNlR3JvdXBzL3BzdGVzdHJnNjMyNS9wcm92aWRlcnMvTWljcm9zb2Z0LlN0b3JhZ2Uvc3RvcmFnZUFjY291bnRzL3N0b3BzdGVzdHJnNjMyNT9hcGktdmVyc2lvbj0yMDE3LTEwLTAx",
      "RequestMethod": "GET",
      "RequestBody": "",
      "RequestHeaders": {
        "x-ms-client-request-id": [
          "a46993a9-8d75-4935-9a35-eb581c807731"
        ],
        "accept-language": [
          "en-US"
        ],
        "User-Agent": [
          "FxVersion/4.7.2600.0",
          "OSName/Windows10Enterprise",
          "OSVersion/6.3.16299",
          "Microsoft.Azure.Management.Storage.StorageManagementClient/7.1.0.0"
        ]
      },
      "ResponseBody": "{\r\n  \"sku\": {\r\n    \"name\": \"Standard_LRS\",\r\n    \"tier\": \"Standard\"\r\n  },\r\n  \"kind\": \"Storage\",\r\n  \"id\": \"/subscriptions/ce4a7590-4722-4bcf-a2c6-e473e9f11778/resourceGroups/pstestrg6325/providers/Microsoft.Storage/storageAccounts/stopstestrg6325\",\r\n  \"name\": \"stopstestrg6325\",\r\n  \"type\": \"Microsoft.Storage/storageAccounts\",\r\n  \"location\": \"westus\",\r\n  \"tags\": {},\r\n  \"properties\": {\r\n    \"networkAcls\": {\r\n      \"bypass\": \"Metrics, AzureServices\",\r\n      \"virtualNetworkRules\": [],\r\n      \"ipRules\": [\r\n        {\r\n          \"value\": \"11.1.1.0/24\",\r\n          \"action\": \"Allow\"\r\n        },\r\n        {\r\n          \"value\": \"28.0.2.0/19\",\r\n          \"action\": \"Allow\"\r\n        }\r\n      ],\r\n      \"defaultAction\": \"Allow\"\r\n    },\r\n    \"trustedDirectories\": [\r\n      \"72f988bf-86f1-41af-91ab-2d7cd011db47\"\r\n    ],\r\n    \"supportsHttpsTrafficOnly\": false,\r\n    \"encryption\": {\r\n      \"services\": {\r\n        \"file\": {\r\n          \"enabled\": true,\r\n          \"lastEnabledTime\": \"2018-02-13T06:06:05.2714716Z\"\r\n        },\r\n        \"blob\": {\r\n          \"enabled\": true,\r\n          \"lastEnabledTime\": \"2018-02-13T06:06:05.2714716Z\"\r\n        }\r\n      },\r\n      \"keySource\": \"Microsoft.Storage\"\r\n    },\r\n    \"provisioningState\": \"Succeeded\",\r\n    \"creationTime\": \"2018-02-13T06:06:05.2246448Z\",\r\n    \"primaryEndpoints\": {\r\n      \"blob\": \"https://stopstestrg6325.blob.core.windows.net/\",\r\n      \"queue\": \"https://stopstestrg6325.queue.core.windows.net/\",\r\n      \"table\": \"https://stopstestrg6325.table.core.windows.net/\",\r\n      \"file\": \"https://stopstestrg6325.file.core.windows.net/\"\r\n    },\r\n    \"primaryLocation\": \"westus\",\r\n    \"statusOfPrimary\": \"available\"\r\n  }\r\n}",
      "ResponseHeaders": {
        "Content-Length": [
          "1204"
        ],
        "Content-Type": [
          "application/json"
        ],
        "Expires": [
          "-1"
        ],
        "Pragma": [
          "no-cache"
        ],
        "x-ms-request-id": [
          "6b6db6b8-9a64-409e-8613-59be71eeef3c"
        ],
        "Strict-Transport-Security": [
          "max-age=31536000; includeSubDomains"
        ],
        "x-ms-ratelimit-remaining-subscription-reads": [
          "14602"
        ],
        "x-ms-correlation-request-id": [
          "2a644dea-2cf6-458b-8ecc-bcd2b758ec98"
        ],
        "x-ms-routing-request-id": [
          "JAPANWEST:20180213T060642Z:2a644dea-2cf6-458b-8ecc-bcd2b758ec98"
        ],
        "Cache-Control": [
          "no-cache"
        ],
        "Date": [
          "Tue, 13 Feb 2018 06:06:41 GMT"
        ],
        "Server": [
          "Microsoft-Azure-Storage-Resource-Provider/1.0,Microsoft-HTTPAPI/2.0 Microsoft-HTTPAPI/2.0"
        ]
      },
      "StatusCode": 200
    },
    {
      "RequestUri": "/subscriptions/ce4a7590-4722-4bcf-a2c6-e473e9f11778/resourceGroups/pstestrg6325/providers/Microsoft.Storage/storageAccounts/stopstestrg6325?api-version=2017-10-01",
      "EncodedRequestUri": "L3N1YnNjcmlwdGlvbnMvY2U0YTc1OTAtNDcyMi00YmNmLWEyYzYtZTQ3M2U5ZjExNzc4L3Jlc291cmNlR3JvdXBzL3BzdGVzdHJnNjMyNS9wcm92aWRlcnMvTWljcm9zb2Z0LlN0b3JhZ2Uvc3RvcmFnZUFjY291bnRzL3N0b3BzdGVzdHJnNjMyNT9hcGktdmVyc2lvbj0yMDE3LTEwLTAx",
      "RequestMethod": "GET",
      "RequestBody": "",
      "RequestHeaders": {
        "x-ms-client-request-id": [
          "f26abb2d-1987-4f53-bf0f-f9cb68a5b8a7"
        ],
        "accept-language": [
          "en-US"
        ],
        "User-Agent": [
          "FxVersion/4.7.2600.0",
          "OSName/Windows10Enterprise",
          "OSVersion/6.3.16299",
          "Microsoft.Azure.Management.Storage.StorageManagementClient/7.1.0.0"
        ]
      },
      "ResponseBody": "{\r\n  \"sku\": {\r\n    \"name\": \"Standard_LRS\",\r\n    \"tier\": \"Standard\"\r\n  },\r\n  \"kind\": \"Storage\",\r\n  \"id\": \"/subscriptions/ce4a7590-4722-4bcf-a2c6-e473e9f11778/resourceGroups/pstestrg6325/providers/Microsoft.Storage/storageAccounts/stopstestrg6325\",\r\n  \"name\": \"stopstestrg6325\",\r\n  \"type\": \"Microsoft.Storage/storageAccounts\",\r\n  \"location\": \"westus\",\r\n  \"tags\": {},\r\n  \"properties\": {\r\n    \"networkAcls\": {\r\n      \"bypass\": \"Metrics, AzureServices\",\r\n      \"virtualNetworkRules\": [],\r\n      \"ipRules\": [\r\n        {\r\n          \"value\": \"11.1.1.0/24\",\r\n          \"action\": \"Allow\"\r\n        },\r\n        {\r\n          \"value\": \"28.0.2.0/19\",\r\n          \"action\": \"Allow\"\r\n        }\r\n      ],\r\n      \"defaultAction\": \"Allow\"\r\n    },\r\n    \"trustedDirectories\": [\r\n      \"72f988bf-86f1-41af-91ab-2d7cd011db47\"\r\n    ],\r\n    \"supportsHttpsTrafficOnly\": false,\r\n    \"encryption\": {\r\n      \"services\": {\r\n        \"file\": {\r\n          \"enabled\": true,\r\n          \"lastEnabledTime\": \"2018-02-13T06:06:05.2714716Z\"\r\n        },\r\n        \"blob\": {\r\n          \"enabled\": true,\r\n          \"lastEnabledTime\": \"2018-02-13T06:06:05.2714716Z\"\r\n        }\r\n      },\r\n      \"keySource\": \"Microsoft.Storage\"\r\n    },\r\n    \"provisioningState\": \"Succeeded\",\r\n    \"creationTime\": \"2018-02-13T06:06:05.2246448Z\",\r\n    \"primaryEndpoints\": {\r\n      \"blob\": \"https://stopstestrg6325.blob.core.windows.net/\",\r\n      \"queue\": \"https://stopstestrg6325.queue.core.windows.net/\",\r\n      \"table\": \"https://stopstestrg6325.table.core.windows.net/\",\r\n      \"file\": \"https://stopstestrg6325.file.core.windows.net/\"\r\n    },\r\n    \"primaryLocation\": \"westus\",\r\n    \"statusOfPrimary\": \"available\"\r\n  }\r\n}",
      "ResponseHeaders": {
        "Content-Length": [
          "1204"
        ],
        "Content-Type": [
          "application/json"
        ],
        "Expires": [
          "-1"
        ],
        "Pragma": [
          "no-cache"
        ],
        "x-ms-request-id": [
          "0aff5324-ce30-4403-8ec8-cd61393fa025"
        ],
        "Strict-Transport-Security": [
          "max-age=31536000; includeSubDomains"
        ],
        "x-ms-ratelimit-remaining-subscription-reads": [
          "14601"
        ],
        "x-ms-correlation-request-id": [
          "d3e56fb9-5699-45af-8a08-778907aa6290"
        ],
        "x-ms-routing-request-id": [
          "JAPANWEST:20180213T060642Z:d3e56fb9-5699-45af-8a08-778907aa6290"
        ],
        "Cache-Control": [
          "no-cache"
        ],
        "Date": [
          "Tue, 13 Feb 2018 06:06:41 GMT"
        ],
        "Server": [
          "Microsoft-Azure-Storage-Resource-Provider/1.0,Microsoft-HTTPAPI/2.0 Microsoft-HTTPAPI/2.0"
        ]
      },
      "StatusCode": 200
    },
    {
      "RequestUri": "/subscriptions/ce4a7590-4722-4bcf-a2c6-e473e9f11778/resourceGroups/pstestrg6325/providers/Microsoft.Storage/storageAccounts/stopstestrg6325?api-version=2017-10-01",
      "EncodedRequestUri": "L3N1YnNjcmlwdGlvbnMvY2U0YTc1OTAtNDcyMi00YmNmLWEyYzYtZTQ3M2U5ZjExNzc4L3Jlc291cmNlR3JvdXBzL3BzdGVzdHJnNjMyNS9wcm92aWRlcnMvTWljcm9zb2Z0LlN0b3JhZ2Uvc3RvcmFnZUFjY291bnRzL3N0b3BzdGVzdHJnNjMyNT9hcGktdmVyc2lvbj0yMDE3LTEwLTAx",
      "RequestMethod": "GET",
      "RequestBody": "",
      "RequestHeaders": {
        "x-ms-client-request-id": [
          "718dba6c-3d9e-4354-9dae-2127cd7b1ee9"
        ],
        "accept-language": [
          "en-US"
        ],
        "User-Agent": [
          "FxVersion/4.7.2600.0",
          "OSName/Windows10Enterprise",
          "OSVersion/6.3.16299",
          "Microsoft.Azure.Management.Storage.StorageManagementClient/7.1.0.0"
        ]
      },
      "ResponseBody": "{\r\n  \"sku\": {\r\n    \"name\": \"Standard_LRS\",\r\n    \"tier\": \"Standard\"\r\n  },\r\n  \"kind\": \"Storage\",\r\n  \"id\": \"/subscriptions/ce4a7590-4722-4bcf-a2c6-e473e9f11778/resourceGroups/pstestrg6325/providers/Microsoft.Storage/storageAccounts/stopstestrg6325\",\r\n  \"name\": \"stopstestrg6325\",\r\n  \"type\": \"Microsoft.Storage/storageAccounts\",\r\n  \"location\": \"westus\",\r\n  \"tags\": {},\r\n  \"properties\": {\r\n    \"networkAcls\": {\r\n      \"bypass\": \"Metrics, AzureServices\",\r\n      \"virtualNetworkRules\": [],\r\n      \"ipRules\": [\r\n        {\r\n          \"value\": \"11.1.1.0/24\",\r\n          \"action\": \"Allow\"\r\n        },\r\n        {\r\n          \"value\": \"28.0.2.0/19\",\r\n          \"action\": \"Allow\"\r\n        }\r\n      ],\r\n      \"defaultAction\": \"Allow\"\r\n    },\r\n    \"trustedDirectories\": [\r\n      \"72f988bf-86f1-41af-91ab-2d7cd011db47\"\r\n    ],\r\n    \"supportsHttpsTrafficOnly\": false,\r\n    \"encryption\": {\r\n      \"services\": {\r\n        \"file\": {\r\n          \"enabled\": true,\r\n          \"lastEnabledTime\": \"2018-02-13T06:06:05.2714716Z\"\r\n        },\r\n        \"blob\": {\r\n          \"enabled\": true,\r\n          \"lastEnabledTime\": \"2018-02-13T06:06:05.2714716Z\"\r\n        }\r\n      },\r\n      \"keySource\": \"Microsoft.Storage\"\r\n    },\r\n    \"provisioningState\": \"Succeeded\",\r\n    \"creationTime\": \"2018-02-13T06:06:05.2246448Z\",\r\n    \"primaryEndpoints\": {\r\n      \"blob\": \"https://stopstestrg6325.blob.core.windows.net/\",\r\n      \"queue\": \"https://stopstestrg6325.queue.core.windows.net/\",\r\n      \"table\": \"https://stopstestrg6325.table.core.windows.net/\",\r\n      \"file\": \"https://stopstestrg6325.file.core.windows.net/\"\r\n    },\r\n    \"primaryLocation\": \"westus\",\r\n    \"statusOfPrimary\": \"available\"\r\n  }\r\n}",
      "ResponseHeaders": {
        "Content-Length": [
          "1204"
        ],
        "Content-Type": [
          "application/json"
        ],
        "Expires": [
          "-1"
        ],
        "Pragma": [
          "no-cache"
        ],
        "x-ms-request-id": [
          "b1199b8d-27a1-4428-84c5-f04a77705a69"
        ],
        "Strict-Transport-Security": [
          "max-age=31536000; includeSubDomains"
        ],
        "x-ms-ratelimit-remaining-subscription-reads": [
          "14600"
        ],
        "x-ms-correlation-request-id": [
          "30bb9a6e-4568-4e65-bbdc-01d8f969a23c"
        ],
        "x-ms-routing-request-id": [
          "JAPANWEST:20180213T060642Z:30bb9a6e-4568-4e65-bbdc-01d8f969a23c"
        ],
        "Cache-Control": [
          "no-cache"
        ],
        "Date": [
          "Tue, 13 Feb 2018 06:06:42 GMT"
        ],
        "Server": [
          "Microsoft-Azure-Storage-Resource-Provider/1.0,Microsoft-HTTPAPI/2.0 Microsoft-HTTPAPI/2.0"
        ]
      },
      "StatusCode": 200
    },
    {
      "RequestUri": "/subscriptions/ce4a7590-4722-4bcf-a2c6-e473e9f11778/resourceGroups/pstestrg6325/providers/Microsoft.Storage/storageAccounts/stopstestrg6325?api-version=2017-10-01",
      "EncodedRequestUri": "L3N1YnNjcmlwdGlvbnMvY2U0YTc1OTAtNDcyMi00YmNmLWEyYzYtZTQ3M2U5ZjExNzc4L3Jlc291cmNlR3JvdXBzL3BzdGVzdHJnNjMyNS9wcm92aWRlcnMvTWljcm9zb2Z0LlN0b3JhZ2Uvc3RvcmFnZUFjY291bnRzL3N0b3BzdGVzdHJnNjMyNT9hcGktdmVyc2lvbj0yMDE3LTEwLTAx",
      "RequestMethod": "GET",
      "RequestBody": "",
      "RequestHeaders": {
        "x-ms-client-request-id": [
          "5525f320-5a45-4851-ac71-7c7bd9bf0f04"
        ],
        "accept-language": [
          "en-US"
        ],
        "User-Agent": [
          "FxVersion/4.7.2600.0",
          "OSName/Windows10Enterprise",
          "OSVersion/6.3.16299",
          "Microsoft.Azure.Management.Storage.StorageManagementClient/7.1.0.0"
        ]
      },
      "ResponseBody": "{\r\n  \"sku\": {\r\n    \"name\": \"Standard_LRS\",\r\n    \"tier\": \"Standard\"\r\n  },\r\n  \"kind\": \"Storage\",\r\n  \"id\": \"/subscriptions/ce4a7590-4722-4bcf-a2c6-e473e9f11778/resourceGroups/pstestrg6325/providers/Microsoft.Storage/storageAccounts/stopstestrg6325\",\r\n  \"name\": \"stopstestrg6325\",\r\n  \"type\": \"Microsoft.Storage/storageAccounts\",\r\n  \"location\": \"westus\",\r\n  \"tags\": {},\r\n  \"properties\": {\r\n    \"networkAcls\": {\r\n      \"bypass\": \"Metrics, AzureServices\",\r\n      \"virtualNetworkRules\": [],\r\n      \"ipRules\": [\r\n        {\r\n          \"value\": \"28.0.2.0/19\",\r\n          \"action\": \"Allow\"\r\n        }\r\n      ],\r\n      \"defaultAction\": \"Allow\"\r\n    },\r\n    \"trustedDirectories\": [\r\n      \"72f988bf-86f1-41af-91ab-2d7cd011db47\"\r\n    ],\r\n    \"supportsHttpsTrafficOnly\": false,\r\n    \"encryption\": {\r\n      \"services\": {\r\n        \"file\": {\r\n          \"enabled\": true,\r\n          \"lastEnabledTime\": \"2018-02-13T06:06:05.2714716Z\"\r\n        },\r\n        \"blob\": {\r\n          \"enabled\": true,\r\n          \"lastEnabledTime\": \"2018-02-13T06:06:05.2714716Z\"\r\n        }\r\n      },\r\n      \"keySource\": \"Microsoft.Storage\"\r\n    },\r\n    \"provisioningState\": \"Succeeded\",\r\n    \"creationTime\": \"2018-02-13T06:06:05.2246448Z\",\r\n    \"primaryEndpoints\": {\r\n      \"blob\": \"https://stopstestrg6325.blob.core.windows.net/\",\r\n      \"queue\": \"https://stopstestrg6325.queue.core.windows.net/\",\r\n      \"table\": \"https://stopstestrg6325.table.core.windows.net/\",\r\n      \"file\": \"https://stopstestrg6325.file.core.windows.net/\"\r\n    },\r\n    \"primaryLocation\": \"westus\",\r\n    \"statusOfPrimary\": \"available\"\r\n  }\r\n}",
      "ResponseHeaders": {
        "Content-Length": [
          "1163"
        ],
        "Content-Type": [
          "application/json"
        ],
        "Expires": [
          "-1"
        ],
        "Pragma": [
          "no-cache"
        ],
        "x-ms-request-id": [
          "42053c81-eae2-42be-bdc8-6469e1290f9b"
        ],
        "Strict-Transport-Security": [
          "max-age=31536000; includeSubDomains"
        ],
        "x-ms-ratelimit-remaining-subscription-reads": [
          "14599"
        ],
        "x-ms-correlation-request-id": [
          "0ff4f161-916b-4a7c-9cb1-8a13cd04b297"
        ],
        "x-ms-routing-request-id": [
          "JAPANWEST:20180213T060643Z:0ff4f161-916b-4a7c-9cb1-8a13cd04b297"
        ],
        "Cache-Control": [
          "no-cache"
        ],
        "Date": [
          "Tue, 13 Feb 2018 06:06:43 GMT"
        ],
        "Server": [
          "Microsoft-Azure-Storage-Resource-Provider/1.0,Microsoft-HTTPAPI/2.0 Microsoft-HTTPAPI/2.0"
        ]
      },
      "StatusCode": 200
    },
    {
      "RequestUri": "/subscriptions/ce4a7590-4722-4bcf-a2c6-e473e9f11778/resourceGroups/pstestrg6325/providers/Microsoft.Storage/storageAccounts/stopstestrg6325?api-version=2017-10-01",
      "EncodedRequestUri": "L3N1YnNjcmlwdGlvbnMvY2U0YTc1OTAtNDcyMi00YmNmLWEyYzYtZTQ3M2U5ZjExNzc4L3Jlc291cmNlR3JvdXBzL3BzdGVzdHJnNjMyNS9wcm92aWRlcnMvTWljcm9zb2Z0LlN0b3JhZ2Uvc3RvcmFnZUFjY291bnRzL3N0b3BzdGVzdHJnNjMyNT9hcGktdmVyc2lvbj0yMDE3LTEwLTAx",
      "RequestMethod": "GET",
      "RequestBody": "",
      "RequestHeaders": {
        "x-ms-client-request-id": [
          "25b36e54-8b85-4acd-9b15-47135d5d37a2"
        ],
        "accept-language": [
          "en-US"
        ],
        "User-Agent": [
          "FxVersion/4.7.2600.0",
          "OSName/Windows10Enterprise",
          "OSVersion/6.3.16299",
          "Microsoft.Azure.Management.Storage.StorageManagementClient/7.1.0.0"
        ]
      },
      "ResponseBody": "{\r\n  \"sku\": {\r\n    \"name\": \"Standard_LRS\",\r\n    \"tier\": \"Standard\"\r\n  },\r\n  \"kind\": \"Storage\",\r\n  \"id\": \"/subscriptions/ce4a7590-4722-4bcf-a2c6-e473e9f11778/resourceGroups/pstestrg6325/providers/Microsoft.Storage/storageAccounts/stopstestrg6325\",\r\n  \"name\": \"stopstestrg6325\",\r\n  \"type\": \"Microsoft.Storage/storageAccounts\",\r\n  \"location\": \"westus\",\r\n  \"tags\": {},\r\n  \"properties\": {\r\n    \"networkAcls\": {\r\n      \"bypass\": \"Metrics, AzureServices\",\r\n      \"virtualNetworkRules\": [],\r\n      \"ipRules\": [\r\n        {\r\n          \"value\": \"28.0.2.0/19\",\r\n          \"action\": \"Allow\"\r\n        }\r\n      ],\r\n      \"defaultAction\": \"Allow\"\r\n    },\r\n    \"trustedDirectories\": [\r\n      \"72f988bf-86f1-41af-91ab-2d7cd011db47\"\r\n    ],\r\n    \"supportsHttpsTrafficOnly\": false,\r\n    \"encryption\": {\r\n      \"services\": {\r\n        \"file\": {\r\n          \"enabled\": true,\r\n          \"lastEnabledTime\": \"2018-02-13T06:06:05.2714716Z\"\r\n        },\r\n        \"blob\": {\r\n          \"enabled\": true,\r\n          \"lastEnabledTime\": \"2018-02-13T06:06:05.2714716Z\"\r\n        }\r\n      },\r\n      \"keySource\": \"Microsoft.Storage\"\r\n    },\r\n    \"provisioningState\": \"Succeeded\",\r\n    \"creationTime\": \"2018-02-13T06:06:05.2246448Z\",\r\n    \"primaryEndpoints\": {\r\n      \"blob\": \"https://stopstestrg6325.blob.core.windows.net/\",\r\n      \"queue\": \"https://stopstestrg6325.queue.core.windows.net/\",\r\n      \"table\": \"https://stopstestrg6325.table.core.windows.net/\",\r\n      \"file\": \"https://stopstestrg6325.file.core.windows.net/\"\r\n    },\r\n    \"primaryLocation\": \"westus\",\r\n    \"statusOfPrimary\": \"available\"\r\n  }\r\n}",
      "ResponseHeaders": {
        "Content-Length": [
          "1163"
        ],
        "Content-Type": [
          "application/json"
        ],
        "Expires": [
          "-1"
        ],
        "Pragma": [
          "no-cache"
        ],
        "x-ms-request-id": [
          "1749fb35-b0e2-497e-8c7b-bbfe9e805755"
        ],
        "Strict-Transport-Security": [
          "max-age=31536000; includeSubDomains"
        ],
        "x-ms-ratelimit-remaining-subscription-reads": [
          "14598"
        ],
        "x-ms-correlation-request-id": [
          "8f5172bf-313b-4119-87a0-35dd044d8891"
        ],
        "x-ms-routing-request-id": [
          "JAPANWEST:20180213T060644Z:8f5172bf-313b-4119-87a0-35dd044d8891"
        ],
        "Cache-Control": [
          "no-cache"
        ],
        "Date": [
          "Tue, 13 Feb 2018 06:06:43 GMT"
        ],
        "Server": [
          "Microsoft-Azure-Storage-Resource-Provider/1.0,Microsoft-HTTPAPI/2.0 Microsoft-HTTPAPI/2.0"
        ]
      },
      "StatusCode": 200
    },
    {
      "RequestUri": "/subscriptions/ce4a7590-4722-4bcf-a2c6-e473e9f11778/resourceGroups/pstestrg6325/providers/Microsoft.Storage/storageAccounts/stopstestrg6325?api-version=2017-10-01",
      "EncodedRequestUri": "L3N1YnNjcmlwdGlvbnMvY2U0YTc1OTAtNDcyMi00YmNmLWEyYzYtZTQ3M2U5ZjExNzc4L3Jlc291cmNlR3JvdXBzL3BzdGVzdHJnNjMyNS9wcm92aWRlcnMvTWljcm9zb2Z0LlN0b3JhZ2Uvc3RvcmFnZUFjY291bnRzL3N0b3BzdGVzdHJnNjMyNT9hcGktdmVyc2lvbj0yMDE3LTEwLTAx",
      "RequestMethod": "GET",
      "RequestBody": "",
      "RequestHeaders": {
        "x-ms-client-request-id": [
          "83089a2d-9c8a-4685-a40c-890f903855ea"
        ],
        "accept-language": [
          "en-US"
        ],
        "User-Agent": [
          "FxVersion/4.7.2600.0",
          "OSName/Windows10Enterprise",
          "OSVersion/6.3.16299",
          "Microsoft.Azure.Management.Storage.StorageManagementClient/7.1.0.0"
        ]
      },
      "ResponseBody": "{\r\n  \"sku\": {\r\n    \"name\": \"Standard_LRS\",\r\n    \"tier\": \"Standard\"\r\n  },\r\n  \"kind\": \"Storage\",\r\n  \"id\": \"/subscriptions/ce4a7590-4722-4bcf-a2c6-e473e9f11778/resourceGroups/pstestrg6325/providers/Microsoft.Storage/storageAccounts/stopstestrg6325\",\r\n  \"name\": \"stopstestrg6325\",\r\n  \"type\": \"Microsoft.Storage/storageAccounts\",\r\n  \"location\": \"westus\",\r\n  \"tags\": {},\r\n  \"properties\": {\r\n    \"networkAcls\": {\r\n      \"bypass\": \"Metrics, AzureServices\",\r\n      \"virtualNetworkRules\": [],\r\n      \"ipRules\": [\r\n        {\r\n          \"value\": \"28.0.2.0/19\",\r\n          \"action\": \"Allow\"\r\n        }\r\n      ],\r\n      \"defaultAction\": \"Allow\"\r\n    },\r\n    \"trustedDirectories\": [\r\n      \"72f988bf-86f1-41af-91ab-2d7cd011db47\"\r\n    ],\r\n    \"supportsHttpsTrafficOnly\": false,\r\n    \"encryption\": {\r\n      \"services\": {\r\n        \"file\": {\r\n          \"enabled\": true,\r\n          \"lastEnabledTime\": \"2018-02-13T06:06:05.2714716Z\"\r\n        },\r\n        \"blob\": {\r\n          \"enabled\": true,\r\n          \"lastEnabledTime\": \"2018-02-13T06:06:05.2714716Z\"\r\n        }\r\n      },\r\n      \"keySource\": \"Microsoft.Storage\"\r\n    },\r\n    \"provisioningState\": \"Succeeded\",\r\n    \"creationTime\": \"2018-02-13T06:06:05.2246448Z\",\r\n    \"primaryEndpoints\": {\r\n      \"blob\": \"https://stopstestrg6325.blob.core.windows.net/\",\r\n      \"queue\": \"https://stopstestrg6325.queue.core.windows.net/\",\r\n      \"table\": \"https://stopstestrg6325.table.core.windows.net/\",\r\n      \"file\": \"https://stopstestrg6325.file.core.windows.net/\"\r\n    },\r\n    \"primaryLocation\": \"westus\",\r\n    \"statusOfPrimary\": \"available\"\r\n  }\r\n}",
      "ResponseHeaders": {
        "Content-Length": [
          "1163"
        ],
        "Content-Type": [
          "application/json"
        ],
        "Expires": [
          "-1"
        ],
        "Pragma": [
          "no-cache"
        ],
        "x-ms-request-id": [
          "1701c9c1-8bf3-4c5f-8e0d-9885f145fda8"
        ],
        "Strict-Transport-Security": [
          "max-age=31536000; includeSubDomains"
        ],
        "x-ms-ratelimit-remaining-subscription-reads": [
          "14597"
        ],
        "x-ms-correlation-request-id": [
          "cb029b8e-1ec1-4cbb-a743-8757fcc8b073"
        ],
        "x-ms-routing-request-id": [
          "JAPANWEST:20180213T060644Z:cb029b8e-1ec1-4cbb-a743-8757fcc8b073"
        ],
        "Cache-Control": [
          "no-cache"
        ],
        "Date": [
          "Tue, 13 Feb 2018 06:06:43 GMT"
        ],
        "Server": [
          "Microsoft-Azure-Storage-Resource-Provider/1.0,Microsoft-HTTPAPI/2.0 Microsoft-HTTPAPI/2.0"
        ]
      },
      "StatusCode": 200
    },
    {
      "RequestUri": "/subscriptions/ce4a7590-4722-4bcf-a2c6-e473e9f11778/resourceGroups/pstestrg6325/providers/Microsoft.Storage/storageAccounts/stopstestrg6325?api-version=2017-10-01",
      "EncodedRequestUri": "L3N1YnNjcmlwdGlvbnMvY2U0YTc1OTAtNDcyMi00YmNmLWEyYzYtZTQ3M2U5ZjExNzc4L3Jlc291cmNlR3JvdXBzL3BzdGVzdHJnNjMyNS9wcm92aWRlcnMvTWljcm9zb2Z0LlN0b3JhZ2Uvc3RvcmFnZUFjY291bnRzL3N0b3BzdGVzdHJnNjMyNT9hcGktdmVyc2lvbj0yMDE3LTEwLTAx",
      "RequestMethod": "GET",
      "RequestBody": "",
      "RequestHeaders": {
        "x-ms-client-request-id": [
          "13b643f5-3d7c-4d69-9182-367bc6f66184"
        ],
        "accept-language": [
          "en-US"
        ],
        "User-Agent": [
          "FxVersion/4.7.2600.0",
          "OSName/Windows10Enterprise",
          "OSVersion/6.3.16299",
          "Microsoft.Azure.Management.Storage.StorageManagementClient/7.1.0.0"
        ]
      },
      "ResponseBody": "{\r\n  \"sku\": {\r\n    \"name\": \"Standard_LRS\",\r\n    \"tier\": \"Standard\"\r\n  },\r\n  \"kind\": \"Storage\",\r\n  \"id\": \"/subscriptions/ce4a7590-4722-4bcf-a2c6-e473e9f11778/resourceGroups/pstestrg6325/providers/Microsoft.Storage/storageAccounts/stopstestrg6325\",\r\n  \"name\": \"stopstestrg6325\",\r\n  \"type\": \"Microsoft.Storage/storageAccounts\",\r\n  \"location\": \"westus\",\r\n  \"tags\": {},\r\n  \"properties\": {\r\n    \"networkAcls\": {\r\n      \"bypass\": \"None\",\r\n      \"virtualNetworkRules\": [],\r\n      \"ipRules\": [],\r\n      \"defaultAction\": \"Deny\"\r\n    },\r\n    \"trustedDirectories\": [\r\n      \"72f988bf-86f1-41af-91ab-2d7cd011db47\"\r\n    ],\r\n    \"supportsHttpsTrafficOnly\": false,\r\n    \"encryption\": {\r\n      \"services\": {\r\n        \"file\": {\r\n          \"enabled\": true,\r\n          \"lastEnabledTime\": \"2018-02-13T06:06:05.2714716Z\"\r\n        },\r\n        \"blob\": {\r\n          \"enabled\": true,\r\n          \"lastEnabledTime\": \"2018-02-13T06:06:05.2714716Z\"\r\n        }\r\n      },\r\n      \"keySource\": \"Microsoft.Storage\"\r\n    },\r\n    \"provisioningState\": \"Succeeded\",\r\n    \"creationTime\": \"2018-02-13T06:06:05.2246448Z\",\r\n    \"primaryEndpoints\": {\r\n      \"blob\": \"https://stopstestrg6325.blob.core.windows.net/\",\r\n      \"queue\": \"https://stopstestrg6325.queue.core.windows.net/\",\r\n      \"table\": \"https://stopstestrg6325.table.core.windows.net/\",\r\n      \"file\": \"https://stopstestrg6325.file.core.windows.net/\"\r\n    },\r\n    \"primaryLocation\": \"westus\",\r\n    \"statusOfPrimary\": \"available\"\r\n  }\r\n}",
      "ResponseHeaders": {
        "Content-Length": [
          "1104"
        ],
        "Content-Type": [
          "application/json"
        ],
        "Expires": [
          "-1"
        ],
        "Pragma": [
          "no-cache"
        ],
        "x-ms-request-id": [
          "a4779005-a382-4002-b47c-299ff7db6385"
        ],
        "Strict-Transport-Security": [
          "max-age=31536000; includeSubDomains"
        ],
        "x-ms-ratelimit-remaining-subscription-reads": [
          "14596"
        ],
        "x-ms-correlation-request-id": [
          "933bb260-be04-40b5-925f-f2b7c26547d8"
        ],
        "x-ms-routing-request-id": [
          "JAPANWEST:20180213T060645Z:933bb260-be04-40b5-925f-f2b7c26547d8"
        ],
        "Cache-Control": [
          "no-cache"
        ],
        "Date": [
          "Tue, 13 Feb 2018 06:06:44 GMT"
        ],
        "Server": [
          "Microsoft-Azure-Storage-Resource-Provider/1.0,Microsoft-HTTPAPI/2.0 Microsoft-HTTPAPI/2.0"
        ]
      },
      "StatusCode": 200
    },
    {
      "RequestUri": "/subscriptions/ce4a7590-4722-4bcf-a2c6-e473e9f11778/resourceGroups/pstestrg6325/providers/Microsoft.Storage/storageAccounts/stopstestrg6325?api-version=2017-10-01",
      "EncodedRequestUri": "L3N1YnNjcmlwdGlvbnMvY2U0YTc1OTAtNDcyMi00YmNmLWEyYzYtZTQ3M2U5ZjExNzc4L3Jlc291cmNlR3JvdXBzL3BzdGVzdHJnNjMyNS9wcm92aWRlcnMvTWljcm9zb2Z0LlN0b3JhZ2Uvc3RvcmFnZUFjY291bnRzL3N0b3BzdGVzdHJnNjMyNT9hcGktdmVyc2lvbj0yMDE3LTEwLTAx",
      "RequestMethod": "GET",
      "RequestBody": "",
      "RequestHeaders": {
        "x-ms-client-request-id": [
          "cf450c2d-8e54-4935-9c02-6fd4244978c3"
        ],
        "accept-language": [
          "en-US"
        ],
        "User-Agent": [
          "FxVersion/4.7.2600.0",
          "OSName/Windows10Enterprise",
          "OSVersion/6.3.16299",
          "Microsoft.Azure.Management.Storage.StorageManagementClient/7.1.0.0"
        ]
      },
      "ResponseBody": "{\r\n  \"sku\": {\r\n    \"name\": \"Standard_LRS\",\r\n    \"tier\": \"Standard\"\r\n  },\r\n  \"kind\": \"Storage\",\r\n  \"id\": \"/subscriptions/ce4a7590-4722-4bcf-a2c6-e473e9f11778/resourceGroups/pstestrg6325/providers/Microsoft.Storage/storageAccounts/stopstestrg6325\",\r\n  \"name\": \"stopstestrg6325\",\r\n  \"type\": \"Microsoft.Storage/storageAccounts\",\r\n  \"location\": \"westus\",\r\n  \"tags\": {},\r\n  \"properties\": {\r\n    \"networkAcls\": {\r\n      \"bypass\": \"None\",\r\n      \"virtualNetworkRules\": [],\r\n      \"ipRules\": [],\r\n      \"defaultAction\": \"Deny\"\r\n    },\r\n    \"trustedDirectories\": [\r\n      \"72f988bf-86f1-41af-91ab-2d7cd011db47\"\r\n    ],\r\n    \"supportsHttpsTrafficOnly\": false,\r\n    \"encryption\": {\r\n      \"services\": {\r\n        \"file\": {\r\n          \"enabled\": true,\r\n          \"lastEnabledTime\": \"2018-02-13T06:06:05.2714716Z\"\r\n        },\r\n        \"blob\": {\r\n          \"enabled\": true,\r\n          \"lastEnabledTime\": \"2018-02-13T06:06:05.2714716Z\"\r\n        }\r\n      },\r\n      \"keySource\": \"Microsoft.Storage\"\r\n    },\r\n    \"provisioningState\": \"Succeeded\",\r\n    \"creationTime\": \"2018-02-13T06:06:05.2246448Z\",\r\n    \"primaryEndpoints\": {\r\n      \"blob\": \"https://stopstestrg6325.blob.core.windows.net/\",\r\n      \"queue\": \"https://stopstestrg6325.queue.core.windows.net/\",\r\n      \"table\": \"https://stopstestrg6325.table.core.windows.net/\",\r\n      \"file\": \"https://stopstestrg6325.file.core.windows.net/\"\r\n    },\r\n    \"primaryLocation\": \"westus\",\r\n    \"statusOfPrimary\": \"available\"\r\n  }\r\n}",
      "ResponseHeaders": {
        "Content-Length": [
          "1104"
        ],
        "Content-Type": [
          "application/json"
        ],
        "Expires": [
          "-1"
        ],
        "Pragma": [
          "no-cache"
        ],
        "x-ms-request-id": [
          "55d83b31-6837-4fb5-8794-be0fc705f00d"
        ],
        "Strict-Transport-Security": [
          "max-age=31536000; includeSubDomains"
        ],
        "x-ms-ratelimit-remaining-subscription-reads": [
          "14595"
        ],
        "x-ms-correlation-request-id": [
          "59a5a3f8-2b7a-4c5d-a523-9eb965a5120e"
        ],
        "x-ms-routing-request-id": [
          "JAPANWEST:20180213T060646Z:59a5a3f8-2b7a-4c5d-a523-9eb965a5120e"
        ],
        "Cache-Control": [
          "no-cache"
        ],
        "Date": [
          "Tue, 13 Feb 2018 06:06:45 GMT"
        ],
        "Server": [
          "Microsoft-Azure-Storage-Resource-Provider/1.0,Microsoft-HTTPAPI/2.0 Microsoft-HTTPAPI/2.0"
        ]
      },
      "StatusCode": 200
    },
    {
      "RequestUri": "/subscriptions/ce4a7590-4722-4bcf-a2c6-e473e9f11778/resourceGroups/pstestrg6325/providers/Microsoft.Storage/storageAccounts/stopstestrg6325?api-version=2017-10-01",
      "EncodedRequestUri": "L3N1YnNjcmlwdGlvbnMvY2U0YTc1OTAtNDcyMi00YmNmLWEyYzYtZTQ3M2U5ZjExNzc4L3Jlc291cmNlR3JvdXBzL3BzdGVzdHJnNjMyNS9wcm92aWRlcnMvTWljcm9zb2Z0LlN0b3JhZ2Uvc3RvcmFnZUFjY291bnRzL3N0b3BzdGVzdHJnNjMyNT9hcGktdmVyc2lvbj0yMDE3LTEwLTAx",
      "RequestMethod": "GET",
      "RequestBody": "",
      "RequestHeaders": {
        "x-ms-client-request-id": [
          "fc61d206-98c1-453c-95d2-a6d496b877c7"
        ],
        "accept-language": [
          "en-US"
        ],
        "User-Agent": [
          "FxVersion/4.7.2600.0",
          "OSName/Windows10Enterprise",
          "OSVersion/6.3.16299",
          "Microsoft.Azure.Management.Storage.StorageManagementClient/7.1.0.0"
        ]
      },
      "ResponseBody": "{\r\n  \"sku\": {\r\n    \"name\": \"Standard_LRS\",\r\n    \"tier\": \"Standard\"\r\n  },\r\n  \"kind\": \"Storage\",\r\n  \"id\": \"/subscriptions/ce4a7590-4722-4bcf-a2c6-e473e9f11778/resourceGroups/pstestrg6325/providers/Microsoft.Storage/storageAccounts/stopstestrg6325\",\r\n  \"name\": \"stopstestrg6325\",\r\n  \"type\": \"Microsoft.Storage/storageAccounts\",\r\n  \"location\": \"westus\",\r\n  \"tags\": {},\r\n  \"properties\": {\r\n    \"networkAcls\": {\r\n      \"bypass\": \"None\",\r\n      \"virtualNetworkRules\": [],\r\n      \"ipRules\": [],\r\n      \"defaultAction\": \"Deny\"\r\n    },\r\n    \"trustedDirectories\": [\r\n      \"72f988bf-86f1-41af-91ab-2d7cd011db47\"\r\n    ],\r\n    \"supportsHttpsTrafficOnly\": false,\r\n    \"encryption\": {\r\n      \"services\": {\r\n        \"file\": {\r\n          \"enabled\": true,\r\n          \"lastEnabledTime\": \"2018-02-13T06:06:05.2714716Z\"\r\n        },\r\n        \"blob\": {\r\n          \"enabled\": true,\r\n          \"lastEnabledTime\": \"2018-02-13T06:06:05.2714716Z\"\r\n        }\r\n      },\r\n      \"keySource\": \"Microsoft.Storage\"\r\n    },\r\n    \"provisioningState\": \"Succeeded\",\r\n    \"creationTime\": \"2018-02-13T06:06:05.2246448Z\",\r\n    \"primaryEndpoints\": {\r\n      \"blob\": \"https://stopstestrg6325.blob.core.windows.net/\",\r\n      \"queue\": \"https://stopstestrg6325.queue.core.windows.net/\",\r\n      \"table\": \"https://stopstestrg6325.table.core.windows.net/\",\r\n      \"file\": \"https://stopstestrg6325.file.core.windows.net/\"\r\n    },\r\n    \"primaryLocation\": \"westus\",\r\n    \"statusOfPrimary\": \"available\"\r\n  }\r\n}",
      "ResponseHeaders": {
        "Content-Length": [
          "1104"
        ],
        "Content-Type": [
          "application/json"
        ],
        "Expires": [
          "-1"
        ],
        "Pragma": [
          "no-cache"
        ],
        "x-ms-request-id": [
          "dbd3c5c2-3a47-4a5a-9f40-614e7e792651"
        ],
        "Strict-Transport-Security": [
          "max-age=31536000; includeSubDomains"
        ],
        "x-ms-ratelimit-remaining-subscription-reads": [
          "14594"
        ],
        "x-ms-correlation-request-id": [
          "fa525b29-c2a5-4312-b35f-a7e08ffcdd3e"
        ],
        "x-ms-routing-request-id": [
          "JAPANWEST:20180213T060646Z:fa525b29-c2a5-4312-b35f-a7e08ffcdd3e"
        ],
        "Cache-Control": [
          "no-cache"
        ],
        "Date": [
          "Tue, 13 Feb 2018 06:06:45 GMT"
        ],
        "Server": [
          "Microsoft-Azure-Storage-Resource-Provider/1.0,Microsoft-HTTPAPI/2.0 Microsoft-HTTPAPI/2.0"
        ]
      },
      "StatusCode": 200
    },
    {
      "RequestUri": "/subscriptions/ce4a7590-4722-4bcf-a2c6-e473e9f11778/resourceGroups/pstestrg6325/providers/Microsoft.Storage/storageAccounts/stopstestrg6325?api-version=2017-10-01",
      "EncodedRequestUri": "L3N1YnNjcmlwdGlvbnMvY2U0YTc1OTAtNDcyMi00YmNmLWEyYzYtZTQ3M2U5ZjExNzc4L3Jlc291cmNlR3JvdXBzL3BzdGVzdHJnNjMyNS9wcm92aWRlcnMvTWljcm9zb2Z0LlN0b3JhZ2Uvc3RvcmFnZUFjY291bnRzL3N0b3BzdGVzdHJnNjMyNT9hcGktdmVyc2lvbj0yMDE3LTEwLTAx",
      "RequestMethod": "GET",
      "RequestBody": "",
      "RequestHeaders": {
        "x-ms-client-request-id": [
          "a9de5e0b-b373-4014-8c05-afa6b1072bfd"
        ],
        "accept-language": [
          "en-US"
        ],
        "User-Agent": [
          "FxVersion/4.7.2600.0",
          "OSName/Windows10Enterprise",
          "OSVersion/6.3.16299",
          "Microsoft.Azure.Management.Storage.StorageManagementClient/7.1.0.0"
        ]
      },
      "ResponseBody": "{\r\n  \"sku\": {\r\n    \"name\": \"Standard_LRS\",\r\n    \"tier\": \"Standard\"\r\n  },\r\n  \"kind\": \"Storage\",\r\n  \"id\": \"/subscriptions/ce4a7590-4722-4bcf-a2c6-e473e9f11778/resourceGroups/pstestrg6325/providers/Microsoft.Storage/storageAccounts/stopstestrg6325\",\r\n  \"name\": \"stopstestrg6325\",\r\n  \"type\": \"Microsoft.Storage/storageAccounts\",\r\n  \"location\": \"westus\",\r\n  \"tags\": {},\r\n  \"properties\": {\r\n    \"networkAcls\": {\r\n      \"bypass\": \"None\",\r\n      \"virtualNetworkRules\": [],\r\n      \"ipRules\": [\r\n        {\r\n          \"value\": \"11.1.1.0/24\",\r\n          \"action\": \"Allow\"\r\n        }\r\n      ],\r\n      \"defaultAction\": \"Deny\"\r\n    },\r\n    \"trustedDirectories\": [\r\n      \"72f988bf-86f1-41af-91ab-2d7cd011db47\"\r\n    ],\r\n    \"supportsHttpsTrafficOnly\": false,\r\n    \"encryption\": {\r\n      \"services\": {\r\n        \"file\": {\r\n          \"enabled\": true,\r\n          \"lastEnabledTime\": \"2018-02-13T06:06:05.2714716Z\"\r\n        },\r\n        \"blob\": {\r\n          \"enabled\": true,\r\n          \"lastEnabledTime\": \"2018-02-13T06:06:05.2714716Z\"\r\n        }\r\n      },\r\n      \"keySource\": \"Microsoft.Storage\"\r\n    },\r\n    \"provisioningState\": \"Succeeded\",\r\n    \"creationTime\": \"2018-02-13T06:06:05.2246448Z\",\r\n    \"primaryEndpoints\": {\r\n      \"blob\": \"https://stopstestrg6325.blob.core.windows.net/\",\r\n      \"queue\": \"https://stopstestrg6325.queue.core.windows.net/\",\r\n      \"table\": \"https://stopstestrg6325.table.core.windows.net/\",\r\n      \"file\": \"https://stopstestrg6325.file.core.windows.net/\"\r\n    },\r\n    \"primaryLocation\": \"westus\",\r\n    \"statusOfPrimary\": \"available\"\r\n  }\r\n}",
      "ResponseHeaders": {
        "Content-Length": [
          "1144"
        ],
        "Content-Type": [
          "application/json"
        ],
        "Expires": [
          "-1"
        ],
        "Pragma": [
          "no-cache"
        ],
        "x-ms-request-id": [
          "c7f40f55-afff-4137-b6c0-4b52d5e4362b"
        ],
        "Strict-Transport-Security": [
          "max-age=31536000; includeSubDomains"
        ],
        "x-ms-ratelimit-remaining-subscription-reads": [
          "14593"
        ],
        "x-ms-correlation-request-id": [
          "54d04bd8-ffdf-4eff-91f4-91651ec06449"
        ],
        "x-ms-routing-request-id": [
          "JAPANWEST:20180213T060647Z:54d04bd8-ffdf-4eff-91f4-91651ec06449"
        ],
        "Cache-Control": [
          "no-cache"
        ],
        "Date": [
          "Tue, 13 Feb 2018 06:06:46 GMT"
        ],
        "Server": [
          "Microsoft-Azure-Storage-Resource-Provider/1.0,Microsoft-HTTPAPI/2.0 Microsoft-HTTPAPI/2.0"
        ]
      },
      "StatusCode": 200
    },
    {
      "RequestUri": "/subscriptions/ce4a7590-4722-4bcf-a2c6-e473e9f11778/resourceGroups/pstestrg6325/providers/Microsoft.Storage/storageAccounts/stopstestrg6325?api-version=2017-10-01",
      "EncodedRequestUri": "L3N1YnNjcmlwdGlvbnMvY2U0YTc1OTAtNDcyMi00YmNmLWEyYzYtZTQ3M2U5ZjExNzc4L3Jlc291cmNlR3JvdXBzL3BzdGVzdHJnNjMyNS9wcm92aWRlcnMvTWljcm9zb2Z0LlN0b3JhZ2Uvc3RvcmFnZUFjY291bnRzL3N0b3BzdGVzdHJnNjMyNT9hcGktdmVyc2lvbj0yMDE3LTEwLTAx",
      "RequestMethod": "GET",
      "RequestBody": "",
      "RequestHeaders": {
        "x-ms-client-request-id": [
          "cd926fbe-fccc-4b2d-8cab-fc30b5354e50"
        ],
        "accept-language": [
          "en-US"
        ],
        "User-Agent": [
          "FxVersion/4.7.2600.0",
          "OSName/Windows10Enterprise",
          "OSVersion/6.3.16299",
          "Microsoft.Azure.Management.Storage.StorageManagementClient/7.1.0.0"
        ]
      },
      "ResponseBody": "{\r\n  \"sku\": {\r\n    \"name\": \"Standard_LRS\",\r\n    \"tier\": \"Standard\"\r\n  },\r\n  \"kind\": \"Storage\",\r\n  \"id\": \"/subscriptions/ce4a7590-4722-4bcf-a2c6-e473e9f11778/resourceGroups/pstestrg6325/providers/Microsoft.Storage/storageAccounts/stopstestrg6325\",\r\n  \"name\": \"stopstestrg6325\",\r\n  \"type\": \"Microsoft.Storage/storageAccounts\",\r\n  \"location\": \"westus\",\r\n  \"tags\": {},\r\n  \"properties\": {\r\n    \"networkAcls\": {\r\n      \"bypass\": \"None\",\r\n      \"virtualNetworkRules\": [],\r\n      \"ipRules\": [\r\n        {\r\n          \"value\": \"11.1.1.0/24\",\r\n          \"action\": \"Allow\"\r\n        }\r\n      ],\r\n      \"defaultAction\": \"Deny\"\r\n    },\r\n    \"trustedDirectories\": [\r\n      \"72f988bf-86f1-41af-91ab-2d7cd011db47\"\r\n    ],\r\n    \"supportsHttpsTrafficOnly\": false,\r\n    \"encryption\": {\r\n      \"services\": {\r\n        \"file\": {\r\n          \"enabled\": true,\r\n          \"lastEnabledTime\": \"2018-02-13T06:06:05.2714716Z\"\r\n        },\r\n        \"blob\": {\r\n          \"enabled\": true,\r\n          \"lastEnabledTime\": \"2018-02-13T06:06:05.2714716Z\"\r\n        }\r\n      },\r\n      \"keySource\": \"Microsoft.Storage\"\r\n    },\r\n    \"provisioningState\": \"Succeeded\",\r\n    \"creationTime\": \"2018-02-13T06:06:05.2246448Z\",\r\n    \"primaryEndpoints\": {\r\n      \"blob\": \"https://stopstestrg6325.blob.core.windows.net/\",\r\n      \"queue\": \"https://stopstestrg6325.queue.core.windows.net/\",\r\n      \"table\": \"https://stopstestrg6325.table.core.windows.net/\",\r\n      \"file\": \"https://stopstestrg6325.file.core.windows.net/\"\r\n    },\r\n    \"primaryLocation\": \"westus\",\r\n    \"statusOfPrimary\": \"available\"\r\n  }\r\n}",
      "ResponseHeaders": {
        "Content-Length": [
          "1144"
        ],
        "Content-Type": [
          "application/json"
        ],
        "Expires": [
          "-1"
        ],
        "Pragma": [
          "no-cache"
        ],
        "x-ms-request-id": [
          "819a9508-4248-4f59-b7a4-04fa3c1d7588"
        ],
        "Strict-Transport-Security": [
          "max-age=31536000; includeSubDomains"
        ],
        "x-ms-ratelimit-remaining-subscription-reads": [
          "14592"
        ],
        "x-ms-correlation-request-id": [
          "8f98e633-c01f-4822-a4ec-b86ac7ce595e"
        ],
        "x-ms-routing-request-id": [
          "JAPANWEST:20180213T060647Z:8f98e633-c01f-4822-a4ec-b86ac7ce595e"
        ],
        "Cache-Control": [
          "no-cache"
        ],
        "Date": [
          "Tue, 13 Feb 2018 06:06:46 GMT"
        ],
        "Server": [
          "Microsoft-Azure-Storage-Resource-Provider/1.0,Microsoft-HTTPAPI/2.0 Microsoft-HTTPAPI/2.0"
        ]
      },
      "StatusCode": 200
    },
    {
      "RequestUri": "/subscriptions/ce4a7590-4722-4bcf-a2c6-e473e9f11778/resourceGroups/pstestrg6325/providers/Microsoft.Storage/storageAccounts/stopstestrg6325?api-version=2017-10-01",
      "EncodedRequestUri": "L3N1YnNjcmlwdGlvbnMvY2U0YTc1OTAtNDcyMi00YmNmLWEyYzYtZTQ3M2U5ZjExNzc4L3Jlc291cmNlR3JvdXBzL3BzdGVzdHJnNjMyNS9wcm92aWRlcnMvTWljcm9zb2Z0LlN0b3JhZ2Uvc3RvcmFnZUFjY291bnRzL3N0b3BzdGVzdHJnNjMyNT9hcGktdmVyc2lvbj0yMDE3LTEwLTAx",
      "RequestMethod": "GET",
      "RequestBody": "",
      "RequestHeaders": {
        "x-ms-client-request-id": [
          "db6448fa-c6cb-4fd4-86b1-37ba98b4f867"
        ],
        "accept-language": [
          "en-US"
        ],
        "User-Agent": [
          "FxVersion/4.7.2600.0",
          "OSName/Windows10Enterprise",
          "OSVersion/6.3.16299",
          "Microsoft.Azure.Management.Storage.StorageManagementClient/7.1.0.0"
        ]
      },
      "ResponseBody": "{\r\n  \"sku\": {\r\n    \"name\": \"Standard_LRS\",\r\n    \"tier\": \"Standard\"\r\n  },\r\n  \"kind\": \"Storage\",\r\n  \"id\": \"/subscriptions/ce4a7590-4722-4bcf-a2c6-e473e9f11778/resourceGroups/pstestrg6325/providers/Microsoft.Storage/storageAccounts/stopstestrg6325\",\r\n  \"name\": \"stopstestrg6325\",\r\n  \"type\": \"Microsoft.Storage/storageAccounts\",\r\n  \"location\": \"westus\",\r\n  \"tags\": {},\r\n  \"properties\": {\r\n    \"networkAcls\": {\r\n      \"bypass\": \"None\",\r\n      \"virtualNetworkRules\": [],\r\n      \"ipRules\": [\r\n        {\r\n          \"value\": \"11.1.1.0/24\",\r\n          \"action\": \"Allow\"\r\n        },\r\n        {\r\n          \"value\": \"28.0.2.0/19\",\r\n          \"action\": \"Allow\"\r\n        }\r\n      ],\r\n      \"defaultAction\": \"Deny\"\r\n    },\r\n    \"trustedDirectories\": [\r\n      \"72f988bf-86f1-41af-91ab-2d7cd011db47\"\r\n    ],\r\n    \"supportsHttpsTrafficOnly\": false,\r\n    \"encryption\": {\r\n      \"services\": {\r\n        \"file\": {\r\n          \"enabled\": true,\r\n          \"lastEnabledTime\": \"2018-02-13T06:06:05.2714716Z\"\r\n        },\r\n        \"blob\": {\r\n          \"enabled\": true,\r\n          \"lastEnabledTime\": \"2018-02-13T06:06:05.2714716Z\"\r\n        }\r\n      },\r\n      \"keySource\": \"Microsoft.Storage\"\r\n    },\r\n    \"provisioningState\": \"Succeeded\",\r\n    \"creationTime\": \"2018-02-13T06:06:05.2246448Z\",\r\n    \"primaryEndpoints\": {\r\n      \"blob\": \"https://stopstestrg6325.blob.core.windows.net/\",\r\n      \"queue\": \"https://stopstestrg6325.queue.core.windows.net/\",\r\n      \"table\": \"https://stopstestrg6325.table.core.windows.net/\",\r\n      \"file\": \"https://stopstestrg6325.file.core.windows.net/\"\r\n    },\r\n    \"primaryLocation\": \"westus\",\r\n    \"statusOfPrimary\": \"available\"\r\n  }\r\n}",
      "ResponseHeaders": {
        "Content-Length": [
          "1185"
        ],
        "Content-Type": [
          "application/json"
        ],
        "Expires": [
          "-1"
        ],
        "Pragma": [
          "no-cache"
        ],
        "x-ms-request-id": [
          "5e4420a1-cc6c-4079-b488-a45a1ce50a84"
        ],
        "Strict-Transport-Security": [
          "max-age=31536000; includeSubDomains"
        ],
        "x-ms-ratelimit-remaining-subscription-reads": [
          "14591"
        ],
        "x-ms-correlation-request-id": [
          "3e52696f-a69a-4ae2-a517-520ca542fba7"
        ],
        "x-ms-routing-request-id": [
          "JAPANWEST:20180213T060648Z:3e52696f-a69a-4ae2-a517-520ca542fba7"
        ],
        "Cache-Control": [
          "no-cache"
        ],
        "Date": [
          "Tue, 13 Feb 2018 06:06:47 GMT"
        ],
        "Server": [
          "Microsoft-Azure-Storage-Resource-Provider/1.0,Microsoft-HTTPAPI/2.0 Microsoft-HTTPAPI/2.0"
        ]
      },
      "StatusCode": 200
    },
    {
      "RequestUri": "/subscriptions/ce4a7590-4722-4bcf-a2c6-e473e9f11778/resourceGroups/pstestrg6325/providers/Microsoft.Storage/storageAccounts/stopstestrg6325?api-version=2017-10-01",
      "EncodedRequestUri": "L3N1YnNjcmlwdGlvbnMvY2U0YTc1OTAtNDcyMi00YmNmLWEyYzYtZTQ3M2U5ZjExNzc4L3Jlc291cmNlR3JvdXBzL3BzdGVzdHJnNjMyNS9wcm92aWRlcnMvTWljcm9zb2Z0LlN0b3JhZ2Uvc3RvcmFnZUFjY291bnRzL3N0b3BzdGVzdHJnNjMyNT9hcGktdmVyc2lvbj0yMDE3LTEwLTAx",
      "RequestMethod": "GET",
      "RequestBody": "",
      "RequestHeaders": {
        "x-ms-client-request-id": [
          "a02535be-9d76-489e-b65a-746ae8467a76"
        ],
        "accept-language": [
          "en-US"
        ],
        "User-Agent": [
          "FxVersion/4.7.2600.0",
          "OSName/Windows10Enterprise",
          "OSVersion/6.3.16299",
          "Microsoft.Azure.Management.Storage.StorageManagementClient/7.1.0.0"
        ]
      },
      "ResponseBody": "{\r\n  \"sku\": {\r\n    \"name\": \"Standard_LRS\",\r\n    \"tier\": \"Standard\"\r\n  },\r\n  \"kind\": \"Storage\",\r\n  \"id\": \"/subscriptions/ce4a7590-4722-4bcf-a2c6-e473e9f11778/resourceGroups/pstestrg6325/providers/Microsoft.Storage/storageAccounts/stopstestrg6325\",\r\n  \"name\": \"stopstestrg6325\",\r\n  \"type\": \"Microsoft.Storage/storageAccounts\",\r\n  \"location\": \"westus\",\r\n  \"tags\": {},\r\n  \"properties\": {\r\n    \"networkAcls\": {\r\n      \"bypass\": \"None\",\r\n      \"virtualNetworkRules\": [],\r\n      \"ipRules\": [\r\n        {\r\n          \"value\": \"11.1.1.0/24\",\r\n          \"action\": \"Allow\"\r\n        },\r\n        {\r\n          \"value\": \"28.0.2.0/19\",\r\n          \"action\": \"Allow\"\r\n        }\r\n      ],\r\n      \"defaultAction\": \"Deny\"\r\n    },\r\n    \"trustedDirectories\": [\r\n      \"72f988bf-86f1-41af-91ab-2d7cd011db47\"\r\n    ],\r\n    \"supportsHttpsTrafficOnly\": false,\r\n    \"encryption\": {\r\n      \"services\": {\r\n        \"file\": {\r\n          \"enabled\": true,\r\n          \"lastEnabledTime\": \"2018-02-13T06:06:05.2714716Z\"\r\n        },\r\n        \"blob\": {\r\n          \"enabled\": true,\r\n          \"lastEnabledTime\": \"2018-02-13T06:06:05.2714716Z\"\r\n        }\r\n      },\r\n      \"keySource\": \"Microsoft.Storage\"\r\n    },\r\n    \"provisioningState\": \"Succeeded\",\r\n    \"creationTime\": \"2018-02-13T06:06:05.2246448Z\",\r\n    \"primaryEndpoints\": {\r\n      \"blob\": \"https://stopstestrg6325.blob.core.windows.net/\",\r\n      \"queue\": \"https://stopstestrg6325.queue.core.windows.net/\",\r\n      \"table\": \"https://stopstestrg6325.table.core.windows.net/\",\r\n      \"file\": \"https://stopstestrg6325.file.core.windows.net/\"\r\n    },\r\n    \"primaryLocation\": \"westus\",\r\n    \"statusOfPrimary\": \"available\"\r\n  }\r\n}",
      "ResponseHeaders": {
        "Content-Length": [
          "1185"
        ],
        "Content-Type": [
          "application/json"
        ],
        "Expires": [
          "-1"
        ],
        "Pragma": [
          "no-cache"
        ],
        "x-ms-request-id": [
          "ce9781ed-48f9-43a9-a9ba-4bbb271a1dae"
        ],
        "Strict-Transport-Security": [
          "max-age=31536000; includeSubDomains"
        ],
        "x-ms-ratelimit-remaining-subscription-reads": [
          "14590"
        ],
        "x-ms-correlation-request-id": [
          "0f59041e-0461-4f6d-a1dc-a200a445e470"
        ],
        "x-ms-routing-request-id": [
          "JAPANWEST:20180213T060648Z:0f59041e-0461-4f6d-a1dc-a200a445e470"
        ],
        "Cache-Control": [
          "no-cache"
        ],
        "Date": [
          "Tue, 13 Feb 2018 06:06:48 GMT"
        ],
        "Server": [
          "Microsoft-Azure-Storage-Resource-Provider/1.0,Microsoft-HTTPAPI/2.0 Microsoft-HTTPAPI/2.0"
        ]
      },
      "StatusCode": 200
    },
    {
      "RequestUri": "/subscriptions/ce4a7590-4722-4bcf-a2c6-e473e9f11778/resourceGroups/pstestrg6325/providers/Microsoft.Storage/storageAccounts/stopstestrg6325?api-version=2017-10-01",
      "EncodedRequestUri": "L3N1YnNjcmlwdGlvbnMvY2U0YTc1OTAtNDcyMi00YmNmLWEyYzYtZTQ3M2U5ZjExNzc4L3Jlc291cmNlR3JvdXBzL3BzdGVzdHJnNjMyNS9wcm92aWRlcnMvTWljcm9zb2Z0LlN0b3JhZ2Uvc3RvcmFnZUFjY291bnRzL3N0b3BzdGVzdHJnNjMyNT9hcGktdmVyc2lvbj0yMDE3LTEwLTAx",
      "RequestMethod": "GET",
      "RequestBody": "",
      "RequestHeaders": {
        "x-ms-client-request-id": [
          "a9d66a21-b806-4c27-9ca7-017f3dd65f9e"
        ],
        "accept-language": [
          "en-US"
        ],
        "User-Agent": [
          "FxVersion/4.7.2600.0",
          "OSName/Windows10Enterprise",
          "OSVersion/6.3.16299",
          "Microsoft.Azure.Management.Storage.StorageManagementClient/7.1.0.0"
        ]
      },
      "ResponseBody": "{\r\n  \"sku\": {\r\n    \"name\": \"Standard_LRS\",\r\n    \"tier\": \"Standard\"\r\n  },\r\n  \"kind\": \"Storage\",\r\n  \"id\": \"/subscriptions/ce4a7590-4722-4bcf-a2c6-e473e9f11778/resourceGroups/pstestrg6325/providers/Microsoft.Storage/storageAccounts/stopstestrg6325\",\r\n  \"name\": \"stopstestrg6325\",\r\n  \"type\": \"Microsoft.Storage/storageAccounts\",\r\n  \"location\": \"westus\",\r\n  \"tags\": {},\r\n  \"properties\": {\r\n    \"networkAcls\": {\r\n      \"bypass\": \"AzureServices\",\r\n      \"virtualNetworkRules\": [],\r\n      \"ipRules\": [\r\n        {\r\n          \"value\": \"20.11.0.0/16\",\r\n          \"action\": \"Allow\"\r\n        },\r\n        {\r\n          \"value\": \"10.0.0.0/7\",\r\n          \"action\": \"Allow\"\r\n        }\r\n      ],\r\n      \"defaultAction\": \"Allow\"\r\n    },\r\n    \"trustedDirectories\": [\r\n      \"72f988bf-86f1-41af-91ab-2d7cd011db47\"\r\n    ],\r\n    \"supportsHttpsTrafficOnly\": false,\r\n    \"encryption\": {\r\n      \"services\": {\r\n        \"file\": {\r\n          \"enabled\": true,\r\n          \"lastEnabledTime\": \"2018-02-13T06:06:05.2714716Z\"\r\n        },\r\n        \"blob\": {\r\n          \"enabled\": true,\r\n          \"lastEnabledTime\": \"2018-02-13T06:06:05.2714716Z\"\r\n        }\r\n      },\r\n      \"keySource\": \"Microsoft.Storage\"\r\n    },\r\n    \"provisioningState\": \"Succeeded\",\r\n    \"creationTime\": \"2018-02-13T06:06:05.2246448Z\",\r\n    \"primaryEndpoints\": {\r\n      \"blob\": \"https://stopstestrg6325.blob.core.windows.net/\",\r\n      \"queue\": \"https://stopstestrg6325.queue.core.windows.net/\",\r\n      \"table\": \"https://stopstestrg6325.table.core.windows.net/\",\r\n      \"file\": \"https://stopstestrg6325.file.core.windows.net/\"\r\n    },\r\n    \"primaryLocation\": \"westus\",\r\n    \"statusOfPrimary\": \"available\"\r\n  }\r\n}",
      "ResponseHeaders": {
        "Content-Length": [
          "1195"
        ],
        "Content-Type": [
          "application/json"
        ],
        "Expires": [
          "-1"
        ],
        "Pragma": [
          "no-cache"
        ],
        "x-ms-request-id": [
          "eacb14e8-90b5-4db0-8c77-c6645be90f2d"
        ],
        "Strict-Transport-Security": [
          "max-age=31536000; includeSubDomains"
        ],
        "x-ms-ratelimit-remaining-subscription-reads": [
          "14589"
        ],
        "x-ms-correlation-request-id": [
          "480b9ac3-46eb-4cd9-b016-413d798c9622"
        ],
        "x-ms-routing-request-id": [
          "JAPANWEST:20180213T060649Z:480b9ac3-46eb-4cd9-b016-413d798c9622"
        ],
        "Cache-Control": [
          "no-cache"
        ],
        "Date": [
          "Tue, 13 Feb 2018 06:06:49 GMT"
        ],
        "Server": [
          "Microsoft-Azure-Storage-Resource-Provider/1.0,Microsoft-HTTPAPI/2.0 Microsoft-HTTPAPI/2.0"
        ]
      },
      "StatusCode": 200
    },
    {
      "RequestUri": "/subscriptions/ce4a7590-4722-4bcf-a2c6-e473e9f11778/resourceGroups/pstestrg6325/providers/Microsoft.Storage/storageAccounts/stopstestrg6325?api-version=2017-10-01",
      "EncodedRequestUri": "L3N1YnNjcmlwdGlvbnMvY2U0YTc1OTAtNDcyMi00YmNmLWEyYzYtZTQ3M2U5ZjExNzc4L3Jlc291cmNlR3JvdXBzL3BzdGVzdHJnNjMyNS9wcm92aWRlcnMvTWljcm9zb2Z0LlN0b3JhZ2Uvc3RvcmFnZUFjY291bnRzL3N0b3BzdGVzdHJnNjMyNT9hcGktdmVyc2lvbj0yMDE3LTEwLTAx",
      "RequestMethod": "GET",
      "RequestBody": "",
      "RequestHeaders": {
        "x-ms-client-request-id": [
          "ca0b5124-3c42-41f1-8be6-32bd5f2afc97"
        ],
        "accept-language": [
          "en-US"
        ],
        "User-Agent": [
          "FxVersion/4.7.2600.0",
          "OSName/Windows10Enterprise",
          "OSVersion/6.3.16299",
          "Microsoft.Azure.Management.Storage.StorageManagementClient/7.1.0.0"
        ]
      },
      "ResponseBody": "{\r\n  \"sku\": {\r\n    \"name\": \"Standard_LRS\",\r\n    \"tier\": \"Standard\"\r\n  },\r\n  \"kind\": \"Storage\",\r\n  \"id\": \"/subscriptions/ce4a7590-4722-4bcf-a2c6-e473e9f11778/resourceGroups/pstestrg6325/providers/Microsoft.Storage/storageAccounts/stopstestrg6325\",\r\n  \"name\": \"stopstestrg6325\",\r\n  \"type\": \"Microsoft.Storage/storageAccounts\",\r\n  \"location\": \"westus\",\r\n  \"tags\": {},\r\n  \"properties\": {\r\n    \"networkAcls\": {\r\n      \"bypass\": \"AzureServices\",\r\n      \"virtualNetworkRules\": [],\r\n      \"ipRules\": [\r\n        {\r\n          \"value\": \"20.11.0.0/16\",\r\n          \"action\": \"Allow\"\r\n        },\r\n        {\r\n          \"value\": \"10.0.0.0/7\",\r\n          \"action\": \"Allow\"\r\n        }\r\n      ],\r\n      \"defaultAction\": \"Allow\"\r\n    },\r\n    \"trustedDirectories\": [\r\n      \"72f988bf-86f1-41af-91ab-2d7cd011db47\"\r\n    ],\r\n    \"supportsHttpsTrafficOnly\": false,\r\n    \"encryption\": {\r\n      \"services\": {\r\n        \"file\": {\r\n          \"enabled\": true,\r\n          \"lastEnabledTime\": \"2018-02-13T06:06:05.2714716Z\"\r\n        },\r\n        \"blob\": {\r\n          \"enabled\": true,\r\n          \"lastEnabledTime\": \"2018-02-13T06:06:05.2714716Z\"\r\n        }\r\n      },\r\n      \"keySource\": \"Microsoft.Storage\"\r\n    },\r\n    \"provisioningState\": \"Succeeded\",\r\n    \"creationTime\": \"2018-02-13T06:06:05.2246448Z\",\r\n    \"primaryEndpoints\": {\r\n      \"blob\": \"https://stopstestrg6325.blob.core.windows.net/\",\r\n      \"queue\": \"https://stopstestrg6325.queue.core.windows.net/\",\r\n      \"table\": \"https://stopstestrg6325.table.core.windows.net/\",\r\n      \"file\": \"https://stopstestrg6325.file.core.windows.net/\"\r\n    },\r\n    \"primaryLocation\": \"westus\",\r\n    \"statusOfPrimary\": \"available\"\r\n  }\r\n}",
      "ResponseHeaders": {
        "Content-Length": [
          "1195"
        ],
        "Content-Type": [
          "application/json"
        ],
        "Expires": [
          "-1"
        ],
        "Pragma": [
          "no-cache"
        ],
        "x-ms-request-id": [
          "2890addc-50e3-4009-8b45-e921aa182a36"
        ],
        "Strict-Transport-Security": [
          "max-age=31536000; includeSubDomains"
        ],
        "x-ms-ratelimit-remaining-subscription-reads": [
          "14588"
        ],
        "x-ms-correlation-request-id": [
          "f9755f02-1d49-4b4b-b7cd-833dc74dd535"
        ],
        "x-ms-routing-request-id": [
          "JAPANWEST:20180213T060650Z:f9755f02-1d49-4b4b-b7cd-833dc74dd535"
        ],
        "Cache-Control": [
          "no-cache"
        ],
        "Date": [
          "Tue, 13 Feb 2018 06:06:49 GMT"
        ],
        "Server": [
          "Microsoft-Azure-Storage-Resource-Provider/1.0,Microsoft-HTTPAPI/2.0 Microsoft-HTTPAPI/2.0"
        ]
      },
      "StatusCode": 200
    },
    {
      "RequestUri": "/subscriptions/ce4a7590-4722-4bcf-a2c6-e473e9f11778/resourceGroups/pstestrg6325/providers/Microsoft.Storage/storageAccounts/stopstestrg6325?api-version=2017-10-01",
      "EncodedRequestUri": "L3N1YnNjcmlwdGlvbnMvY2U0YTc1OTAtNDcyMi00YmNmLWEyYzYtZTQ3M2U5ZjExNzc4L3Jlc291cmNlR3JvdXBzL3BzdGVzdHJnNjMyNS9wcm92aWRlcnMvTWljcm9zb2Z0LlN0b3JhZ2Uvc3RvcmFnZUFjY291bnRzL3N0b3BzdGVzdHJnNjMyNT9hcGktdmVyc2lvbj0yMDE3LTEwLTAx",
      "RequestMethod": "PATCH",
      "RequestBody": "{\r\n  \"properties\": {\r\n    \"networkAcls\": {\r\n      \"bypass\": \"Metrics,AzureServices\",\r\n      \"virtualNetworkRules\": [],\r\n      \"ipRules\": [\r\n        {\r\n          \"value\": \"11.1.1.0/24\",\r\n          \"action\": \"Allow\"\r\n        },\r\n        {\r\n          \"value\": \"28.0.2.0/19\",\r\n          \"action\": \"Allow\"\r\n        }\r\n      ],\r\n      \"defaultAction\": \"Allow\"\r\n    }\r\n  }\r\n}",
      "RequestHeaders": {
        "Content-Type": [
          "application/json; charset=utf-8"
        ],
        "Content-Length": [
          "368"
        ],
        "x-ms-client-request-id": [
          "b5d02031-06a8-448c-b346-c3fedaebe8ca"
        ],
        "accept-language": [
          "en-US"
        ],
        "User-Agent": [
          "FxVersion/4.7.2600.0",
          "OSName/Windows10Enterprise",
          "OSVersion/6.3.16299",
          "Microsoft.Azure.Management.Storage.StorageManagementClient/7.1.0.0"
        ]
      },
      "ResponseBody": "{\r\n  \"sku\": {\r\n    \"name\": \"Standard_LRS\",\r\n    \"tier\": \"Standard\"\r\n  },\r\n  \"kind\": \"Storage\",\r\n  \"id\": \"/subscriptions/ce4a7590-4722-4bcf-a2c6-e473e9f11778/resourceGroups/pstestrg6325/providers/Microsoft.Storage/storageAccounts/stopstestrg6325\",\r\n  \"name\": \"stopstestrg6325\",\r\n  \"type\": \"Microsoft.Storage/storageAccounts\",\r\n  \"location\": \"westus\",\r\n  \"tags\": {},\r\n  \"properties\": {\r\n    \"networkAcls\": {\r\n      \"bypass\": \"Metrics, AzureServices\",\r\n      \"virtualNetworkRules\": [],\r\n      \"ipRules\": [\r\n        {\r\n          \"value\": \"11.1.1.0/24\",\r\n          \"action\": \"Allow\"\r\n        },\r\n        {\r\n          \"value\": \"28.0.2.0/19\",\r\n          \"action\": \"Allow\"\r\n        }\r\n      ],\r\n      \"defaultAction\": \"Allow\"\r\n    },\r\n    \"trustedDirectories\": [\r\n      \"72f988bf-86f1-41af-91ab-2d7cd011db47\"\r\n    ],\r\n    \"supportsHttpsTrafficOnly\": false,\r\n    \"encryption\": {\r\n      \"services\": {\r\n        \"file\": {\r\n          \"enabled\": true,\r\n          \"lastEnabledTime\": \"2018-02-13T06:06:05.2714716Z\"\r\n        },\r\n        \"blob\": {\r\n          \"enabled\": true,\r\n          \"lastEnabledTime\": \"2018-02-13T06:06:05.2714716Z\"\r\n        }\r\n      },\r\n      \"keySource\": \"Microsoft.Storage\"\r\n    },\r\n    \"provisioningState\": \"Succeeded\",\r\n    \"creationTime\": \"2018-02-13T06:06:05.2246448Z\",\r\n    \"primaryEndpoints\": {\r\n      \"blob\": \"https://stopstestrg6325.blob.core.windows.net/\",\r\n      \"queue\": \"https://stopstestrg6325.queue.core.windows.net/\",\r\n      \"table\": \"https://stopstestrg6325.table.core.windows.net/\",\r\n      \"file\": \"https://stopstestrg6325.file.core.windows.net/\"\r\n    },\r\n    \"primaryLocation\": \"westus\",\r\n    \"statusOfPrimary\": \"available\"\r\n  }\r\n}",
      "ResponseHeaders": {
        "Content-Length": [
          "1204"
        ],
        "Content-Type": [
          "application/json"
        ],
        "Expires": [
          "-1"
        ],
        "Pragma": [
          "no-cache"
        ],
        "x-ms-request-id": [
          "9c3b5630-2879-4ae0-b316-3c8f5562fdeb"
        ],
        "Strict-Transport-Security": [
          "max-age=31536000; includeSubDomains"
        ],
        "x-ms-ratelimit-remaining-subscription-writes": [
          "1198"
        ],
        "x-ms-correlation-request-id": [
          "c5e8bd92-0e85-4f2f-b747-6c6b235f8956"
        ],
        "x-ms-routing-request-id": [
          "JAPANWEST:20180213T060641Z:c5e8bd92-0e85-4f2f-b747-6c6b235f8956"
        ],
        "Cache-Control": [
          "no-cache"
        ],
        "Date": [
          "Tue, 13 Feb 2018 06:06:41 GMT"
        ],
        "Server": [
          "Microsoft-Azure-Storage-Resource-Provider/1.0,Microsoft-HTTPAPI/2.0 Microsoft-HTTPAPI/2.0"
        ]
      },
      "StatusCode": 200
    },
    {
      "RequestUri": "/subscriptions/ce4a7590-4722-4bcf-a2c6-e473e9f11778/resourceGroups/pstestrg6325/providers/Microsoft.Storage/storageAccounts/stopstestrg6325?api-version=2017-10-01",
      "EncodedRequestUri": "L3N1YnNjcmlwdGlvbnMvY2U0YTc1OTAtNDcyMi00YmNmLWEyYzYtZTQ3M2U5ZjExNzc4L3Jlc291cmNlR3JvdXBzL3BzdGVzdHJnNjMyNS9wcm92aWRlcnMvTWljcm9zb2Z0LlN0b3JhZ2Uvc3RvcmFnZUFjY291bnRzL3N0b3BzdGVzdHJnNjMyNT9hcGktdmVyc2lvbj0yMDE3LTEwLTAx",
      "RequestMethod": "PATCH",
      "RequestBody": "{\r\n  \"properties\": {\r\n    \"networkAcls\": {\r\n      \"bypass\": \"Metrics, AzureServices\",\r\n      \"virtualNetworkRules\": [],\r\n      \"ipRules\": [\r\n        {\r\n          \"value\": \"28.0.2.0/19\",\r\n          \"action\": \"Allow\"\r\n        }\r\n      ],\r\n      \"defaultAction\": \"Allow\"\r\n    }\r\n  }\r\n}",
      "RequestHeaders": {
        "Content-Type": [
          "application/json; charset=utf-8"
        ],
        "Content-Length": [
          "282"
        ],
        "x-ms-client-request-id": [
          "e5fd9437-c5a0-457d-b5e8-895ef2c5f086"
        ],
        "accept-language": [
          "en-US"
        ],
        "User-Agent": [
          "FxVersion/4.7.2600.0",
          "OSName/Windows10Enterprise",
          "OSVersion/6.3.16299",
          "Microsoft.Azure.Management.Storage.StorageManagementClient/7.1.0.0"
        ]
      },
      "ResponseBody": "{\r\n  \"sku\": {\r\n    \"name\": \"Standard_LRS\",\r\n    \"tier\": \"Standard\"\r\n  },\r\n  \"kind\": \"Storage\",\r\n  \"id\": \"/subscriptions/ce4a7590-4722-4bcf-a2c6-e473e9f11778/resourceGroups/pstestrg6325/providers/Microsoft.Storage/storageAccounts/stopstestrg6325\",\r\n  \"name\": \"stopstestrg6325\",\r\n  \"type\": \"Microsoft.Storage/storageAccounts\",\r\n  \"location\": \"westus\",\r\n  \"tags\": {},\r\n  \"properties\": {\r\n    \"networkAcls\": {\r\n      \"bypass\": \"Metrics, AzureServices\",\r\n      \"virtualNetworkRules\": [],\r\n      \"ipRules\": [\r\n        {\r\n          \"value\": \"28.0.2.0/19\",\r\n          \"action\": \"Allow\"\r\n        }\r\n      ],\r\n      \"defaultAction\": \"Allow\"\r\n    },\r\n    \"trustedDirectories\": [\r\n      \"72f988bf-86f1-41af-91ab-2d7cd011db47\"\r\n    ],\r\n    \"supportsHttpsTrafficOnly\": false,\r\n    \"encryption\": {\r\n      \"services\": {\r\n        \"file\": {\r\n          \"enabled\": true,\r\n          \"lastEnabledTime\": \"2018-02-13T06:06:05.2714716Z\"\r\n        },\r\n        \"blob\": {\r\n          \"enabled\": true,\r\n          \"lastEnabledTime\": \"2018-02-13T06:06:05.2714716Z\"\r\n        }\r\n      },\r\n      \"keySource\": \"Microsoft.Storage\"\r\n    },\r\n    \"provisioningState\": \"Succeeded\",\r\n    \"creationTime\": \"2018-02-13T06:06:05.2246448Z\",\r\n    \"primaryEndpoints\": {\r\n      \"blob\": \"https://stopstestrg6325.blob.core.windows.net/\",\r\n      \"queue\": \"https://stopstestrg6325.queue.core.windows.net/\",\r\n      \"table\": \"https://stopstestrg6325.table.core.windows.net/\",\r\n      \"file\": \"https://stopstestrg6325.file.core.windows.net/\"\r\n    },\r\n    \"primaryLocation\": \"westus\",\r\n    \"statusOfPrimary\": \"available\"\r\n  }\r\n}",
      "ResponseHeaders": {
        "Content-Length": [
          "1163"
        ],
        "Content-Type": [
          "application/json"
        ],
        "Expires": [
          "-1"
        ],
        "Pragma": [
          "no-cache"
        ],
        "x-ms-request-id": [
          "0efeea16-37ee-4a7e-90ce-8e4e13c75607"
        ],
        "Strict-Transport-Security": [
          "max-age=31536000; includeSubDomains"
        ],
        "x-ms-ratelimit-remaining-subscription-writes": [
          "1197"
        ],
        "x-ms-correlation-request-id": [
          "d30b41fd-ff05-42fd-a268-0aac5a8b640b"
        ],
        "x-ms-routing-request-id": [
          "JAPANWEST:20180213T060643Z:d30b41fd-ff05-42fd-a268-0aac5a8b640b"
        ],
        "Cache-Control": [
          "no-cache"
        ],
        "Date": [
          "Tue, 13 Feb 2018 06:06:42 GMT"
        ],
        "Server": [
          "Microsoft-Azure-Storage-Resource-Provider/1.0,Microsoft-HTTPAPI/2.0 Microsoft-HTTPAPI/2.0"
        ]
      },
      "StatusCode": 200
    },
    {
      "RequestUri": "/subscriptions/ce4a7590-4722-4bcf-a2c6-e473e9f11778/resourceGroups/pstestrg6325/providers/Microsoft.Storage/storageAccounts/stopstestrg6325?api-version=2017-10-01",
      "EncodedRequestUri": "L3N1YnNjcmlwdGlvbnMvY2U0YTc1OTAtNDcyMi00YmNmLWEyYzYtZTQ3M2U5ZjExNzc4L3Jlc291cmNlR3JvdXBzL3BzdGVzdHJnNjMyNS9wcm92aWRlcnMvTWljcm9zb2Z0LlN0b3JhZ2Uvc3RvcmFnZUFjY291bnRzL3N0b3BzdGVzdHJnNjMyNT9hcGktdmVyc2lvbj0yMDE3LTEwLTAx",
      "RequestMethod": "PATCH",
      "RequestBody": "{\r\n  \"properties\": {\r\n    \"networkAcls\": {\r\n      \"bypass\": \"None\",\r\n      \"virtualNetworkRules\": [],\r\n      \"ipRules\": [],\r\n      \"defaultAction\": \"Deny\"\r\n    }\r\n  }\r\n}",
      "RequestHeaders": {
        "Content-Type": [
          "application/json; charset=utf-8"
        ],
        "Content-Length": [
          "169"
        ],
        "x-ms-client-request-id": [
          "ef8c6f75-2e1b-4f17-8b6a-13abd68db05b"
        ],
        "accept-language": [
          "en-US"
        ],
        "User-Agent": [
          "FxVersion/4.7.2600.0",
          "OSName/Windows10Enterprise",
          "OSVersion/6.3.16299",
          "Microsoft.Azure.Management.Storage.StorageManagementClient/7.1.0.0"
        ]
      },
      "ResponseBody": "{\r\n  \"sku\": {\r\n    \"name\": \"Standard_LRS\",\r\n    \"tier\": \"Standard\"\r\n  },\r\n  \"kind\": \"Storage\",\r\n  \"id\": \"/subscriptions/ce4a7590-4722-4bcf-a2c6-e473e9f11778/resourceGroups/pstestrg6325/providers/Microsoft.Storage/storageAccounts/stopstestrg6325\",\r\n  \"name\": \"stopstestrg6325\",\r\n  \"type\": \"Microsoft.Storage/storageAccounts\",\r\n  \"location\": \"westus\",\r\n  \"tags\": {},\r\n  \"properties\": {\r\n    \"networkAcls\": {\r\n      \"bypass\": \"None\",\r\n      \"virtualNetworkRules\": [],\r\n      \"ipRules\": [],\r\n      \"defaultAction\": \"Deny\"\r\n    },\r\n    \"trustedDirectories\": [\r\n      \"72f988bf-86f1-41af-91ab-2d7cd011db47\"\r\n    ],\r\n    \"supportsHttpsTrafficOnly\": false,\r\n    \"encryption\": {\r\n      \"services\": {\r\n        \"file\": {\r\n          \"enabled\": true,\r\n          \"lastEnabledTime\": \"2018-02-13T06:06:05.2714716Z\"\r\n        },\r\n        \"blob\": {\r\n          \"enabled\": true,\r\n          \"lastEnabledTime\": \"2018-02-13T06:06:05.2714716Z\"\r\n        }\r\n      },\r\n      \"keySource\": \"Microsoft.Storage\"\r\n    },\r\n    \"provisioningState\": \"Succeeded\",\r\n    \"creationTime\": \"2018-02-13T06:06:05.2246448Z\",\r\n    \"primaryEndpoints\": {\r\n      \"blob\": \"https://stopstestrg6325.blob.core.windows.net/\",\r\n      \"queue\": \"https://stopstestrg6325.queue.core.windows.net/\",\r\n      \"table\": \"https://stopstestrg6325.table.core.windows.net/\",\r\n      \"file\": \"https://stopstestrg6325.file.core.windows.net/\"\r\n    },\r\n    \"primaryLocation\": \"westus\",\r\n    \"statusOfPrimary\": \"available\"\r\n  }\r\n}",
      "ResponseHeaders": {
        "Content-Length": [
          "1104"
        ],
        "Content-Type": [
          "application/json"
        ],
        "Expires": [
          "-1"
        ],
        "Pragma": [
          "no-cache"
        ],
        "x-ms-request-id": [
          "71ddf3f8-8a3b-4e76-8622-8950a7157ff8"
        ],
        "Strict-Transport-Security": [
          "max-age=31536000; includeSubDomains"
        ],
        "x-ms-ratelimit-remaining-subscription-writes": [
          "1196"
        ],
        "x-ms-correlation-request-id": [
          "e0482122-3157-4ad0-bfec-069fb205c87b"
        ],
        "x-ms-routing-request-id": [
          "JAPANWEST:20180213T060645Z:e0482122-3157-4ad0-bfec-069fb205c87b"
        ],
        "Cache-Control": [
          "no-cache"
        ],
        "Date": [
          "Tue, 13 Feb 2018 06:06:44 GMT"
        ],
        "Server": [
          "Microsoft-Azure-Storage-Resource-Provider/1.0,Microsoft-HTTPAPI/2.0 Microsoft-HTTPAPI/2.0"
        ]
      },
      "StatusCode": 200
    },
    {
      "RequestUri": "/subscriptions/ce4a7590-4722-4bcf-a2c6-e473e9f11778/resourceGroups/pstestrg6325/providers/Microsoft.Storage/storageAccounts/stopstestrg6325?api-version=2017-10-01",
      "EncodedRequestUri": "L3N1YnNjcmlwdGlvbnMvY2U0YTc1OTAtNDcyMi00YmNmLWEyYzYtZTQ3M2U5ZjExNzc4L3Jlc291cmNlR3JvdXBzL3BzdGVzdHJnNjMyNS9wcm92aWRlcnMvTWljcm9zb2Z0LlN0b3JhZ2Uvc3RvcmFnZUFjY291bnRzL3N0b3BzdGVzdHJnNjMyNT9hcGktdmVyc2lvbj0yMDE3LTEwLTAx",
      "RequestMethod": "PATCH",
      "RequestBody": "{\r\n  \"properties\": {\r\n    \"networkAcls\": {\r\n      \"bypass\": \"None\",\r\n      \"virtualNetworkRules\": [],\r\n      \"ipRules\": [\r\n        {\r\n          \"value\": \"11.1.1.0/24\",\r\n          \"action\": \"Allow\"\r\n        }\r\n      ],\r\n      \"defaultAction\": \"Deny\"\r\n    }\r\n  }\r\n}",
      "RequestHeaders": {
        "Content-Type": [
          "application/json; charset=utf-8"
        ],
        "Content-Length": [
          "263"
        ],
        "x-ms-client-request-id": [
          "6619eb92-9c0d-4b78-85ca-a07ab929d2e0"
        ],
        "accept-language": [
          "en-US"
        ],
        "User-Agent": [
          "FxVersion/4.7.2600.0",
          "OSName/Windows10Enterprise",
          "OSVersion/6.3.16299",
          "Microsoft.Azure.Management.Storage.StorageManagementClient/7.1.0.0"
        ]
      },
      "ResponseBody": "{\r\n  \"sku\": {\r\n    \"name\": \"Standard_LRS\",\r\n    \"tier\": \"Standard\"\r\n  },\r\n  \"kind\": \"Storage\",\r\n  \"id\": \"/subscriptions/ce4a7590-4722-4bcf-a2c6-e473e9f11778/resourceGroups/pstestrg6325/providers/Microsoft.Storage/storageAccounts/stopstestrg6325\",\r\n  \"name\": \"stopstestrg6325\",\r\n  \"type\": \"Microsoft.Storage/storageAccounts\",\r\n  \"location\": \"westus\",\r\n  \"tags\": {},\r\n  \"properties\": {\r\n    \"networkAcls\": {\r\n      \"bypass\": \"None\",\r\n      \"virtualNetworkRules\": [],\r\n      \"ipRules\": [\r\n        {\r\n          \"value\": \"11.1.1.0/24\",\r\n          \"action\": \"Allow\"\r\n        }\r\n      ],\r\n      \"defaultAction\": \"Deny\"\r\n    },\r\n    \"trustedDirectories\": [\r\n      \"72f988bf-86f1-41af-91ab-2d7cd011db47\"\r\n    ],\r\n    \"supportsHttpsTrafficOnly\": false,\r\n    \"encryption\": {\r\n      \"services\": {\r\n        \"file\": {\r\n          \"enabled\": true,\r\n          \"lastEnabledTime\": \"2018-02-13T06:06:05.2714716Z\"\r\n        },\r\n        \"blob\": {\r\n          \"enabled\": true,\r\n          \"lastEnabledTime\": \"2018-02-13T06:06:05.2714716Z\"\r\n        }\r\n      },\r\n      \"keySource\": \"Microsoft.Storage\"\r\n    },\r\n    \"provisioningState\": \"Succeeded\",\r\n    \"creationTime\": \"2018-02-13T06:06:05.2246448Z\",\r\n    \"primaryEndpoints\": {\r\n      \"blob\": \"https://stopstestrg6325.blob.core.windows.net/\",\r\n      \"queue\": \"https://stopstestrg6325.queue.core.windows.net/\",\r\n      \"table\": \"https://stopstestrg6325.table.core.windows.net/\",\r\n      \"file\": \"https://stopstestrg6325.file.core.windows.net/\"\r\n    },\r\n    \"primaryLocation\": \"westus\",\r\n    \"statusOfPrimary\": \"available\"\r\n  }\r\n}",
      "ResponseHeaders": {
        "Content-Length": [
          "1144"
        ],
        "Content-Type": [
          "application/json"
        ],
        "Expires": [
          "-1"
        ],
        "Pragma": [
          "no-cache"
        ],
        "x-ms-request-id": [
          "85ab15a8-7d85-4b49-b76d-d328ae7b262d"
        ],
        "Strict-Transport-Security": [
          "max-age=31536000; includeSubDomains"
        ],
        "x-ms-ratelimit-remaining-subscription-writes": [
          "1195"
        ],
        "x-ms-correlation-request-id": [
          "0d8b4dab-d173-4e58-b3e8-fa05c1de97d8"
        ],
        "x-ms-routing-request-id": [
          "JAPANWEST:20180213T060647Z:0d8b4dab-d173-4e58-b3e8-fa05c1de97d8"
        ],
        "Cache-Control": [
          "no-cache"
        ],
        "Date": [
          "Tue, 13 Feb 2018 06:06:46 GMT"
        ],
        "Server": [
          "Microsoft-Azure-Storage-Resource-Provider/1.0,Microsoft-HTTPAPI/2.0 Microsoft-HTTPAPI/2.0"
        ]
      },
      "StatusCode": 200
    },
    {
      "RequestUri": "/subscriptions/ce4a7590-4722-4bcf-a2c6-e473e9f11778/resourceGroups/pstestrg6325/providers/Microsoft.Storage/storageAccounts/stopstestrg6325?api-version=2017-10-01",
      "EncodedRequestUri": "L3N1YnNjcmlwdGlvbnMvY2U0YTc1OTAtNDcyMi00YmNmLWEyYzYtZTQ3M2U5ZjExNzc4L3Jlc291cmNlR3JvdXBzL3BzdGVzdHJnNjMyNS9wcm92aWRlcnMvTWljcm9zb2Z0LlN0b3JhZ2Uvc3RvcmFnZUFjY291bnRzL3N0b3BzdGVzdHJnNjMyNT9hcGktdmVyc2lvbj0yMDE3LTEwLTAx",
      "RequestMethod": "PATCH",
      "RequestBody": "{\r\n  \"properties\": {\r\n    \"networkAcls\": {\r\n      \"bypass\": \"None\",\r\n      \"virtualNetworkRules\": [],\r\n      \"ipRules\": [\r\n        {\r\n          \"value\": \"11.1.1.0/24\",\r\n          \"action\": \"Allow\"\r\n        },\r\n        {\r\n          \"value\": \"28.0.2.0/19\",\r\n          \"action\": \"Allow\"\r\n        }\r\n      ],\r\n      \"defaultAction\": \"Deny\"\r\n    }\r\n  }\r\n}",
      "RequestHeaders": {
        "Content-Type": [
          "application/json; charset=utf-8"
        ],
        "Content-Length": [
          "350"
        ],
        "x-ms-client-request-id": [
          "b96be617-56dd-44b1-9a46-2e2b9287da46"
        ],
        "accept-language": [
          "en-US"
        ],
        "User-Agent": [
          "FxVersion/4.7.2600.0",
          "OSName/Windows10Enterprise",
          "OSVersion/6.3.16299",
          "Microsoft.Azure.Management.Storage.StorageManagementClient/7.1.0.0"
        ]
      },
      "ResponseBody": "{\r\n  \"sku\": {\r\n    \"name\": \"Standard_LRS\",\r\n    \"tier\": \"Standard\"\r\n  },\r\n  \"kind\": \"Storage\",\r\n  \"id\": \"/subscriptions/ce4a7590-4722-4bcf-a2c6-e473e9f11778/resourceGroups/pstestrg6325/providers/Microsoft.Storage/storageAccounts/stopstestrg6325\",\r\n  \"name\": \"stopstestrg6325\",\r\n  \"type\": \"Microsoft.Storage/storageAccounts\",\r\n  \"location\": \"westus\",\r\n  \"tags\": {},\r\n  \"properties\": {\r\n    \"networkAcls\": {\r\n      \"bypass\": \"None\",\r\n      \"virtualNetworkRules\": [],\r\n      \"ipRules\": [\r\n        {\r\n          \"value\": \"11.1.1.0/24\",\r\n          \"action\": \"Allow\"\r\n        },\r\n        {\r\n          \"value\": \"28.0.2.0/19\",\r\n          \"action\": \"Allow\"\r\n        }\r\n      ],\r\n      \"defaultAction\": \"Deny\"\r\n    },\r\n    \"trustedDirectories\": [\r\n      \"72f988bf-86f1-41af-91ab-2d7cd011db47\"\r\n    ],\r\n    \"supportsHttpsTrafficOnly\": false,\r\n    \"encryption\": {\r\n      \"services\": {\r\n        \"file\": {\r\n          \"enabled\": true,\r\n          \"lastEnabledTime\": \"2018-02-13T06:06:05.2714716Z\"\r\n        },\r\n        \"blob\": {\r\n          \"enabled\": true,\r\n          \"lastEnabledTime\": \"2018-02-13T06:06:05.2714716Z\"\r\n        }\r\n      },\r\n      \"keySource\": \"Microsoft.Storage\"\r\n    },\r\n    \"provisioningState\": \"Succeeded\",\r\n    \"creationTime\": \"2018-02-13T06:06:05.2246448Z\",\r\n    \"primaryEndpoints\": {\r\n      \"blob\": \"https://stopstestrg6325.blob.core.windows.net/\",\r\n      \"queue\": \"https://stopstestrg6325.queue.core.windows.net/\",\r\n      \"table\": \"https://stopstestrg6325.table.core.windows.net/\",\r\n      \"file\": \"https://stopstestrg6325.file.core.windows.net/\"\r\n    },\r\n    \"primaryLocation\": \"westus\",\r\n    \"statusOfPrimary\": \"available\"\r\n  }\r\n}",
      "ResponseHeaders": {
        "Content-Length": [
          "1185"
        ],
        "Content-Type": [
          "application/json"
        ],
        "Expires": [
          "-1"
        ],
        "Pragma": [
          "no-cache"
        ],
        "x-ms-request-id": [
          "94c0184f-8ebf-43b1-9e21-34b0ce0d13e4"
        ],
        "Strict-Transport-Security": [
          "max-age=31536000; includeSubDomains"
        ],
        "x-ms-ratelimit-remaining-subscription-writes": [
          "1194"
        ],
        "x-ms-correlation-request-id": [
          "c4b36f30-0bab-473e-ae2b-d0c3d150a1c6"
        ],
        "x-ms-routing-request-id": [
          "JAPANWEST:20180213T060648Z:c4b36f30-0bab-473e-ae2b-d0c3d150a1c6"
        ],
        "Cache-Control": [
          "no-cache"
        ],
        "Date": [
          "Tue, 13 Feb 2018 06:06:47 GMT"
        ],
        "Server": [
          "Microsoft-Azure-Storage-Resource-Provider/1.0,Microsoft-HTTPAPI/2.0 Microsoft-HTTPAPI/2.0"
        ]
      },
      "StatusCode": 200
    },
    {
      "RequestUri": "/subscriptions/ce4a7590-4722-4bcf-a2c6-e473e9f11778/resourceGroups/pstestrg6325/providers/Microsoft.Storage/storageAccounts/stopstestrg6325?api-version=2017-10-01",
      "EncodedRequestUri": "L3N1YnNjcmlwdGlvbnMvY2U0YTc1OTAtNDcyMi00YmNmLWEyYzYtZTQ3M2U5ZjExNzc4L3Jlc291cmNlR3JvdXBzL3BzdGVzdHJnNjMyNS9wcm92aWRlcnMvTWljcm9zb2Z0LlN0b3JhZ2Uvc3RvcmFnZUFjY291bnRzL3N0b3BzdGVzdHJnNjMyNT9hcGktdmVyc2lvbj0yMDE3LTEwLTAx",
      "RequestMethod": "PATCH",
      "RequestBody": "{\r\n  \"properties\": {\r\n    \"networkAcls\": {\r\n      \"bypass\": \"AzureServices\",\r\n      \"ipRules\": [\r\n        {\r\n          \"value\": \"20.11.0.0/16\",\r\n          \"action\": \"Allow\"\r\n        },\r\n        {\r\n          \"value\": \"10.0.0.0/7\",\r\n          \"action\": \"Allow\"\r\n        }\r\n      ],\r\n      \"defaultAction\": \"Allow\"\r\n    }\r\n  }\r\n}",
      "RequestHeaders": {
        "Content-Type": [
          "application/json; charset=utf-8"
        ],
        "Content-Length": [
          "326"
        ],
        "x-ms-client-request-id": [
          "5c6e67cc-1363-4918-b7a6-76c04aa538bd"
        ],
        "accept-language": [
          "en-US"
        ],
        "User-Agent": [
          "FxVersion/4.7.2600.0",
          "OSName/Windows10Enterprise",
          "OSVersion/6.3.16299",
          "Microsoft.Azure.Management.Storage.StorageManagementClient/7.1.0.0"
        ]
      },
      "ResponseBody": "{\r\n  \"sku\": {\r\n    \"name\": \"Standard_LRS\",\r\n    \"tier\": \"Standard\"\r\n  },\r\n  \"kind\": \"Storage\",\r\n  \"id\": \"/subscriptions/ce4a7590-4722-4bcf-a2c6-e473e9f11778/resourceGroups/pstestrg6325/providers/Microsoft.Storage/storageAccounts/stopstestrg6325\",\r\n  \"name\": \"stopstestrg6325\",\r\n  \"type\": \"Microsoft.Storage/storageAccounts\",\r\n  \"location\": \"westus\",\r\n  \"tags\": {},\r\n  \"properties\": {\r\n    \"networkAcls\": {\r\n      \"bypass\": \"AzureServices\",\r\n      \"virtualNetworkRules\": [],\r\n      \"ipRules\": [\r\n        {\r\n          \"value\": \"20.11.0.0/16\",\r\n          \"action\": \"Allow\"\r\n        },\r\n        {\r\n          \"value\": \"10.0.0.0/7\",\r\n          \"action\": \"Allow\"\r\n        }\r\n      ],\r\n      \"defaultAction\": \"Allow\"\r\n    },\r\n    \"trustedDirectories\": [\r\n      \"72f988bf-86f1-41af-91ab-2d7cd011db47\"\r\n    ],\r\n    \"supportsHttpsTrafficOnly\": false,\r\n    \"encryption\": {\r\n      \"services\": {\r\n        \"file\": {\r\n          \"enabled\": true,\r\n          \"lastEnabledTime\": \"2018-02-13T06:06:05.2714716Z\"\r\n        },\r\n        \"blob\": {\r\n          \"enabled\": true,\r\n          \"lastEnabledTime\": \"2018-02-13T06:06:05.2714716Z\"\r\n        }\r\n      },\r\n      \"keySource\": \"Microsoft.Storage\"\r\n    },\r\n    \"provisioningState\": \"Succeeded\",\r\n    \"creationTime\": \"2018-02-13T06:06:05.2246448Z\",\r\n    \"primaryEndpoints\": {\r\n      \"blob\": \"https://stopstestrg6325.blob.core.windows.net/\",\r\n      \"queue\": \"https://stopstestrg6325.queue.core.windows.net/\",\r\n      \"table\": \"https://stopstestrg6325.table.core.windows.net/\",\r\n      \"file\": \"https://stopstestrg6325.file.core.windows.net/\"\r\n    },\r\n    \"primaryLocation\": \"westus\",\r\n    \"statusOfPrimary\": \"available\"\r\n  }\r\n}",
      "ResponseHeaders": {
        "Content-Length": [
          "1195"
        ],
        "Content-Type": [
          "application/json"
        ],
        "Expires": [
          "-1"
        ],
        "Pragma": [
          "no-cache"
        ],
        "x-ms-request-id": [
          "53ae0fd7-45b0-4b61-a277-94e4762903c5"
        ],
        "Strict-Transport-Security": [
          "max-age=31536000; includeSubDomains"
        ],
        "x-ms-ratelimit-remaining-subscription-writes": [
          "1193"
        ],
        "x-ms-correlation-request-id": [
          "0d0892f8-6c64-42af-b951-219aabef6468"
        ],
        "x-ms-routing-request-id": [
          "JAPANWEST:20180213T060649Z:0d0892f8-6c64-42af-b951-219aabef6468"
        ],
        "Cache-Control": [
          "no-cache"
        ],
        "Date": [
          "Tue, 13 Feb 2018 06:06:48 GMT"
        ],
        "Server": [
          "Microsoft-Azure-Storage-Resource-Provider/1.0,Microsoft-HTTPAPI/2.0 Microsoft-HTTPAPI/2.0"
        ]
      },
      "StatusCode": 200
    },
    {
      "RequestUri": "/subscriptions/ce4a7590-4722-4bcf-a2c6-e473e9f11778/resourceGroups/pstestrg6325/providers/Microsoft.Storage/storageAccounts/stopstestrg6325?api-version=2017-10-01",
      "EncodedRequestUri": "L3N1YnNjcmlwdGlvbnMvY2U0YTc1OTAtNDcyMi00YmNmLWEyYzYtZTQ3M2U5ZjExNzc4L3Jlc291cmNlR3JvdXBzL3BzdGVzdHJnNjMyNS9wcm92aWRlcnMvTWljcm9zb2Z0LlN0b3JhZ2Uvc3RvcmFnZUFjY291bnRzL3N0b3BzdGVzdHJnNjMyNT9hcGktdmVyc2lvbj0yMDE3LTEwLTAx",
      "RequestMethod": "DELETE",
      "RequestBody": "",
      "RequestHeaders": {
        "x-ms-client-request-id": [
          "c18bb265-36e1-4e61-896b-56001b1d917f"
        ],
        "accept-language": [
          "en-US"
        ],
        "User-Agent": [
          "FxVersion/4.7.2600.0",
          "OSName/Windows10Enterprise",
          "OSVersion/6.3.16299",
          "Microsoft.Azure.Management.Storage.StorageManagementClient/7.1.0.0"
        ]
      },
      "ResponseBody": "",
      "ResponseHeaders": {
        "Content-Length": [
          "0"
        ],
        "Content-Type": [
          "text/plain; charset=utf-8"
        ],
        "Expires": [
          "-1"
        ],
        "Pragma": [
          "no-cache"
        ],
        "x-ms-request-id": [
          "e71c62aa-428a-4d33-8c38-8ba18c9046d4"
        ],
        "Strict-Transport-Security": [
          "max-age=31536000; includeSubDomains"
        ],
        "x-ms-ratelimit-remaining-subscription-writes": [
          "1192"
        ],
        "x-ms-correlation-request-id": [
          "61a05883-deb4-4fb3-8e30-6bd4f17dd8fd"
        ],
        "x-ms-routing-request-id": [
          "JAPANWEST:20180213T060656Z:61a05883-deb4-4fb3-8e30-6bd4f17dd8fd"
        ],
        "Cache-Control": [
          "no-cache"
        ],
        "Date": [
          "Tue, 13 Feb 2018 06:06:55 GMT"
        ],
        "Server": [
          "Microsoft-Azure-Storage-Resource-Provider/1.0,Microsoft-HTTPAPI/2.0 Microsoft-HTTPAPI/2.0"
        ]
      },
      "StatusCode": 200
    },
    {
      "RequestUri": "/subscriptions/ce4a7590-4722-4bcf-a2c6-e473e9f11778/resourcegroups/pstestrg6325?api-version=2016-02-01",
      "EncodedRequestUri": "L3N1YnNjcmlwdGlvbnMvY2U0YTc1OTAtNDcyMi00YmNmLWEyYzYtZTQ3M2U5ZjExNzc4L3Jlc291cmNlZ3JvdXBzL3BzdGVzdHJnNjMyNT9hcGktdmVyc2lvbj0yMDE2LTAyLTAx",
      "RequestMethod": "DELETE",
      "RequestBody": "",
      "RequestHeaders": {
        "User-Agent": [
          "Microsoft.Azure.Management.Resources.ResourceManagementClient/2.0.0.0"
        ]
      },
      "ResponseBody": "",
      "ResponseHeaders": {
        "Content-Length": [
          "0"
        ],
        "Expires": [
          "-1"
        ],
        "Pragma": [
          "no-cache"
        ],
        "Retry-After": [
          "15"
        ],
        "x-ms-ratelimit-remaining-subscription-writes": [
          "1191"
        ],
        "x-ms-request-id": [
          "54b86823-39c7-4ab2-8f07-ab40afdce1e5"
        ],
        "x-ms-correlation-request-id": [
          "54b86823-39c7-4ab2-8f07-ab40afdce1e5"
        ],
        "x-ms-routing-request-id": [
          "JAPANWEST:20180213T060700Z:54b86823-39c7-4ab2-8f07-ab40afdce1e5"
        ],
        "Strict-Transport-Security": [
          "max-age=31536000; includeSubDomains"
        ],
        "Cache-Control": [
          "no-cache"
        ],
        "Date": [
          "Tue, 13 Feb 2018 06:07:00 GMT"
        ],
        "Location": [
          "https://management.azure.com/subscriptions/ce4a7590-4722-4bcf-a2c6-e473e9f11778/operationresults/eyJqb2JJZCI6IlJFU09VUkNFR1JPVVBERUxFVElPTkpPQi1QU1RFU1RSRzYzMjUtV0VTVFVTIiwiam9iTG9jYXRpb24iOiJ3ZXN0dXMifQ?api-version=2016-02-01"
        ]
      },
      "StatusCode": 202
    },
    {
      "RequestUri": "/subscriptions/ce4a7590-4722-4bcf-a2c6-e473e9f11778/operationresults/eyJqb2JJZCI6IlJFU09VUkNFR1JPVVBERUxFVElPTkpPQi1QU1RFU1RSRzYzMjUtV0VTVFVTIiwiam9iTG9jYXRpb24iOiJ3ZXN0dXMifQ?api-version=2016-02-01",
      "EncodedRequestUri": "L3N1YnNjcmlwdGlvbnMvY2U0YTc1OTAtNDcyMi00YmNmLWEyYzYtZTQ3M2U5ZjExNzc4L29wZXJhdGlvbnJlc3VsdHMvZXlKcWIySkpaQ0k2SWxKRlUwOVZVa05GUjFKUFZWQkVSVXhGVkVsUFRrcFBRaTFRVTFSRlUxUlNSell6TWpVdFYwVlRWRlZUSWl3aWFtOWlURzlqWVhScGIyNGlPaUozWlhOMGRYTWlmUT9hcGktdmVyc2lvbj0yMDE2LTAyLTAx",
      "RequestMethod": "GET",
      "RequestBody": "",
      "RequestHeaders": {
        "x-ms-version": [
          "2016-02-01"
        ],
        "User-Agent": [
          "Microsoft.Azure.Management.Resources.ResourceManagementClient/2.0.0.0"
        ]
      },
      "ResponseBody": "",
      "ResponseHeaders": {
        "Content-Length": [
          "0"
        ],
        "Expires": [
          "-1"
        ],
        "Pragma": [
          "no-cache"
        ],
        "Retry-After": [
          "15"
        ],
        "x-ms-ratelimit-remaining-subscription-reads": [
          "14904"
        ],
        "x-ms-request-id": [
          "00b224d8-1b91-4bb3-a0bb-5f726aada1be"
        ],
        "x-ms-correlation-request-id": [
          "00b224d8-1b91-4bb3-a0bb-5f726aada1be"
        ],
        "x-ms-routing-request-id": [
          "JAPANWEST:20180213T060705Z:00b224d8-1b91-4bb3-a0bb-5f726aada1be"
        ],
        "Strict-Transport-Security": [
          "max-age=31536000; includeSubDomains"
        ],
        "Cache-Control": [
          "no-cache"
        ],
        "Date": [
          "Tue, 13 Feb 2018 06:07:04 GMT"
        ],
        "Location": [
          "https://management.azure.com/subscriptions/ce4a7590-4722-4bcf-a2c6-e473e9f11778/operationresults/eyJqb2JJZCI6IlJFU09VUkNFR1JPVVBERUxFVElPTkpPQi1QU1RFU1RSRzYzMjUtV0VTVFVTIiwiam9iTG9jYXRpb24iOiJ3ZXN0dXMifQ?api-version=2016-02-01"
        ]
      },
      "StatusCode": 202
    },
    {
      "RequestUri": "/subscriptions/ce4a7590-4722-4bcf-a2c6-e473e9f11778/operationresults/eyJqb2JJZCI6IlJFU09VUkNFR1JPVVBERUxFVElPTkpPQi1QU1RFU1RSRzYzMjUtV0VTVFVTIiwiam9iTG9jYXRpb24iOiJ3ZXN0dXMifQ?api-version=2016-02-01",
      "EncodedRequestUri": "L3N1YnNjcmlwdGlvbnMvY2U0YTc1OTAtNDcyMi00YmNmLWEyYzYtZTQ3M2U5ZjExNzc4L29wZXJhdGlvbnJlc3VsdHMvZXlKcWIySkpaQ0k2SWxKRlUwOVZVa05GUjFKUFZWQkVSVXhGVkVsUFRrcFBRaTFRVTFSRlUxUlNSell6TWpVdFYwVlRWRlZUSWl3aWFtOWlURzlqWVhScGIyNGlPaUozWlhOMGRYTWlmUT9hcGktdmVyc2lvbj0yMDE2LTAyLTAx",
      "RequestMethod": "GET",
      "RequestBody": "",
      "RequestHeaders": {
        "x-ms-version": [
          "2016-02-01"
        ],
        "User-Agent": [
          "Microsoft.Azure.Management.Resources.ResourceManagementClient/2.0.0.0"
        ]
      },
      "ResponseBody": "",
      "ResponseHeaders": {
        "Content-Length": [
          "0"
        ],
        "Expires": [
          "-1"
        ],
        "Pragma": [
          "no-cache"
        ],
        "Retry-After": [
          "15"
        ],
        "x-ms-ratelimit-remaining-subscription-reads": [
          "14903"
        ],
        "x-ms-request-id": [
          "2a2f3e75-494c-4559-b6f6-2aca66ac93cc"
        ],
        "x-ms-correlation-request-id": [
          "2a2f3e75-494c-4559-b6f6-2aca66ac93cc"
        ],
        "x-ms-routing-request-id": [
          "JAPANWEST:20180213T060725Z:2a2f3e75-494c-4559-b6f6-2aca66ac93cc"
        ],
        "Strict-Transport-Security": [
          "max-age=31536000; includeSubDomains"
        ],
        "Cache-Control": [
          "no-cache"
        ],
        "Date": [
          "Tue, 13 Feb 2018 06:07:25 GMT"
        ],
        "Location": [
          "https://management.azure.com/subscriptions/ce4a7590-4722-4bcf-a2c6-e473e9f11778/operationresults/eyJqb2JJZCI6IlJFU09VUkNFR1JPVVBERUxFVElPTkpPQi1QU1RFU1RSRzYzMjUtV0VTVFVTIiwiam9iTG9jYXRpb24iOiJ3ZXN0dXMifQ?api-version=2016-02-01"
        ]
      },
      "StatusCode": 202
    },
    {
      "RequestUri": "/subscriptions/ce4a7590-4722-4bcf-a2c6-e473e9f11778/operationresults/eyJqb2JJZCI6IlJFU09VUkNFR1JPVVBERUxFVElPTkpPQi1QU1RFU1RSRzYzMjUtV0VTVFVTIiwiam9iTG9jYXRpb24iOiJ3ZXN0dXMifQ?api-version=2016-02-01",
      "EncodedRequestUri": "L3N1YnNjcmlwdGlvbnMvY2U0YTc1OTAtNDcyMi00YmNmLWEyYzYtZTQ3M2U5ZjExNzc4L29wZXJhdGlvbnJlc3VsdHMvZXlKcWIySkpaQ0k2SWxKRlUwOVZVa05GUjFKUFZWQkVSVXhGVkVsUFRrcFBRaTFRVTFSRlUxUlNSell6TWpVdFYwVlRWRlZUSWl3aWFtOWlURzlqWVhScGIyNGlPaUozWlhOMGRYTWlmUT9hcGktdmVyc2lvbj0yMDE2LTAyLTAx",
      "RequestMethod": "GET",
      "RequestBody": "",
      "RequestHeaders": {
        "x-ms-version": [
          "2016-02-01"
        ],
        "User-Agent": [
          "Microsoft.Azure.Management.Resources.ResourceManagementClient/2.0.0.0"
        ]
      },
      "ResponseBody": "",
      "ResponseHeaders": {
        "Content-Length": [
          "0"
        ],
        "Expires": [
          "-1"
        ],
        "Pragma": [
          "no-cache"
        ],
        "x-ms-ratelimit-remaining-subscription-reads": [
          "14902"
        ],
        "x-ms-request-id": [
          "e1cc9f57-991a-4b3a-b1f7-4a765ae6758a"
        ],
        "x-ms-correlation-request-id": [
          "e1cc9f57-991a-4b3a-b1f7-4a765ae6758a"
        ],
        "x-ms-routing-request-id": [
          "JAPANWEST:20180213T060743Z:e1cc9f57-991a-4b3a-b1f7-4a765ae6758a"
        ],
        "Strict-Transport-Security": [
          "max-age=31536000; includeSubDomains"
        ],
        "Cache-Control": [
          "no-cache"
        ],
        "Date": [
          "Tue, 13 Feb 2018 06:07:43 GMT"
        ]
      },
      "StatusCode": 200
    }
  ],
  "Names": {
    "Test-NetworkRule": [
      "pstestrg6325"
    ]
  },
  "Variables": {
    "SubscriptionId": "ce4a7590-4722-4bcf-a2c6-e473e9f11778"
  }
}