{
  "AzMobileNetwork+[NoContext]+CreateExpanded+$PUT+https://management.azure.com/subscriptions/9e223dbe-3399-4e19-88eb-0975f02ac87f/resourceGroups/testgroup-mobilenetwork/providers/Microsoft.MobileNetwork/mobileNetworks/test-mn1?api-version=2022-11-01+1": {
    "Request": {
      "Method": "PUT",
      "RequestUri": "https://management.azure.com/subscriptions/9e223dbe-3399-4e19-88eb-0975f02ac87f/resourceGroups/testgroup-mobilenetwork/providers/Microsoft.MobileNetwork/mobileNetworks/test-mn1?api-version=2022-11-01",
      "Content": "{\r\n  \"location\": \"eastus\",\r\n  \"properties\": {\r\n    \"publicLandMobileNetworkIdentifier\": {\r\n      \"mcc\": \"001\",\r\n      \"mnc\": \"01\"\r\n    }\r\n  }\r\n}",
      "isContentBase64": false,
      "Headers": {
      },
      "ContentHeaders": {
        "Content-Type": [ "application/json" ],
        "Content-Length": [ "144" ]
      }
    },
    "Response": {
      "StatusCode": 200,
      "Headers": {
        "Cache-Control": [ "no-cache" ],
        "Pragma": [ "no-cache" ],
        "ETag": [ "\"b202baa8-0000-0100-0000-64075b0c0000\"" ],
        "x-ms-ratelimit-remaining-subscription-writes": [ "1194" ],
        "x-ms-providerhub-traffic": [ "True" ],
        "mise-correlation-id": [ "6cd9205f-5bee-4cd2-a249-2b5fdb6b77c3" ],
        "x-ms-request-id": [ "fb2c5748-9acf-4236-af55-25351cf3d34d" ],
        "x-ms-build-version": [ "1.0.1" ],
        "x-ms-correlation-request-id": [ "4cb556d9-bde6-4077-8ec4-7e70a1985b48" ],
        "x-ms-routing-request-id": [ "JAPANEAST:20230307T154101Z:4cb556d9-bde6-4077-8ec4-7e70a1985b48" ],
        "Strict-Transport-Security": [ "max-age=31536000; includeSubDomains" ],
        "X-Content-Type-Options": [ "nosniff" ],
        "Date": [ "Tue, 07 Mar 2023 15:41:01 GMT" ]
      },
      "ContentHeaders": {
        "Content-Length": [ "639" ],
        "Content-Type": [ "application/json; charset=utf-8" ],
        "Expires": [ "-1" ]
      },
      "Content": "{\"id\":\"/subscriptions/9e223dbe-3399-4e19-88eb-0975f02ac87f/resourceGroups/testgroup-mobilenetwork/providers/Microsoft.MobileNetwork/mobileNetworks/test-mn1\",\"name\":\"test-mn1\",\"type\":\"microsoft.mobilenetwork/mobilenetworks\",\"location\":\"eastus\",\"systemData\":{\"createdBy\":\"v-jinpel@microsoft.com\",\"createdByType\":\"User\",\"createdAt\":\"2023-03-07T15:41:00.3802042Z\",\"lastModifiedBy\":\"v-jinpel@microsoft.com\",\"lastModifiedByType\":\"User\",\"lastModifiedAt\":\"2023-03-07T15:41:00.3802042Z\"},\"properties\":{\"provisioningState\":\"Succeeded\",\"publicLandMobileNetworkIdentifier\":{\"mcc\":\"001\",\"mnc\":\"01\"},\"serviceKey\":\"b47f8ba5-b9ae-4bbf-b358-086e03fff93c\"}}",
      "isContentBase64": false
    }
  },
  "AzMobileNetwork+[NoContext]+CreateExpanded+$GET+https://management.azure.com/subscriptions/9e223dbe-3399-4e19-88eb-0975f02ac87f/resourceGroups/testgroup-mobilenetwork/providers/Microsoft.MobileNetwork/mobileNetworks/test-mn1?api-version=2022-11-01+2": {
    "Request": {
      "Method": "GET",
      "RequestUri": "https://management.azure.com/subscriptions/9e223dbe-3399-4e19-88eb-0975f02ac87f/resourceGroups/testgroup-mobilenetwork/providers/Microsoft.MobileNetwork/mobileNetworks/test-mn1?api-version=2022-11-01",
      "Content": null,
      "isContentBase64": false,
      "Headers": {
        "Authorization": [ "[Filtered]" ],
        "x-ms-unique-id": [ "28" ],
        "x-ms-client-request-id": [ "27af64d3-8d0e-4028-a3b9-f9f58da24b40" ],
        "CommandName": [ "Az.MobileNetwork.internal\\New-AzMobileNetwork" ],
        "FullCommandName": [ "New-AzMobileNetwork_CreateExpanded" ],
        "ParameterSetName": [ "__AllParameterSets" ],
        "User-Agent": [ "AzurePowershell/v0.0.0", "PSVersion/v7.3.2", "Az.MobileNetwork/0.1.0" ]
      },
      "ContentHeaders": {
      }
    },
    "Response": {
      "StatusCode": 200,
      "Headers": {
        "Cache-Control": [ "no-cache" ],
        "Pragma": [ "no-cache" ],
        "ETag": [ "\"b202baa8-0000-0100-0000-64075b0c0000\"" ],
        "x-ms-ratelimit-remaining-subscription-reads": [ "11986" ],
        "x-ms-providerhub-traffic": [ "True" ],
        "x-ms-request-id": [ "9eb81863-db10-4526-9ade-8b01269a8513" ],
        "x-ms-correlation-request-id": [ "eed4ad0f-aca3-4c48-9711-93ae0b84f5c6" ],
        "x-ms-routing-request-id": [ "JAPANEAST:20230307T154132Z:eed4ad0f-aca3-4c48-9711-93ae0b84f5c6" ],
        "Strict-Transport-Security": [ "max-age=31536000; includeSubDomains" ],
        "X-Content-Type-Options": [ "nosniff" ],
        "Date": [ "Tue, 07 Mar 2023 15:41:32 GMT" ]
      },
      "ContentHeaders": {
        "Content-Length": [ "639" ],
        "Content-Type": [ "application/json; charset=utf-8" ],
        "Expires": [ "-1" ]
      },
      "Content": "{\"id\":\"/subscriptions/9e223dbe-3399-4e19-88eb-0975f02ac87f/resourceGroups/testgroup-mobilenetwork/providers/Microsoft.MobileNetwork/mobileNetworks/test-mn1\",\"name\":\"test-mn1\",\"type\":\"microsoft.mobilenetwork/mobilenetworks\",\"location\":\"eastus\",\"systemData\":{\"createdBy\":\"v-jinpel@microsoft.com\",\"createdByType\":\"User\",\"createdAt\":\"2023-03-07T15:41:00.3802042Z\",\"lastModifiedBy\":\"v-jinpel@microsoft.com\",\"lastModifiedByType\":\"User\",\"lastModifiedAt\":\"2023-03-07T15:41:00.3802042Z\"},\"properties\":{\"provisioningState\":\"Succeeded\",\"publicLandMobileNetworkIdentifier\":{\"mcc\":\"001\",\"mnc\":\"01\"},\"serviceKey\":\"b47f8ba5-b9ae-4bbf-b358-086e03fff93c\"}}",
      "isContentBase64": false
    }
  },
  "AzMobileNetwork+[NoContext]+CreateExpanded+$GET+https://management.azure.com/subscriptions/9e223dbe-3399-4e19-88eb-0975f02ac87f/resourceGroups/testgroup-mobilenetwork/providers/Microsoft.MobileNetwork/mobileNetworks/test-mn1?api-version=2022-11-01+3": {
    "Request": {
      "Method": "GET",
      "RequestUri": "https://management.azure.com/subscriptions/9e223dbe-3399-4e19-88eb-0975f02ac87f/resourceGroups/testgroup-mobilenetwork/providers/Microsoft.MobileNetwork/mobileNetworks/test-mn1?api-version=2022-11-01",
      "Content": null,
      "isContentBase64": false,
      "Headers": {
        "Authorization": [ "[Filtered]" ],
        "x-ms-unique-id": [ "29" ],
        "x-ms-client-request-id": [ "27af64d3-8d0e-4028-a3b9-f9f58da24b40" ],
        "CommandName": [ "Az.MobileNetwork.internal\\New-AzMobileNetwork" ],
        "FullCommandName": [ "New-AzMobileNetwork_CreateExpanded" ],
        "ParameterSetName": [ "__AllParameterSets" ],
        "User-Agent": [ "AzurePowershell/v0.0.0", "PSVersion/v7.3.2", "Az.MobileNetwork/0.1.0" ]
      },
      "ContentHeaders": {
      }
    },
    "Response": {
      "StatusCode": 200,
      "Headers": {
        "Cache-Control": [ "no-cache" ],
        "Pragma": [ "no-cache" ],
        "ETag": [ "\"b202baa8-0000-0100-0000-64075b0c0000\"" ],
        "x-ms-ratelimit-remaining-subscription-reads": [ "11985" ],
        "x-ms-providerhub-traffic": [ "True" ],
        "x-ms-request-id": [ "8eba000d-6693-4e57-bd5a-d6d6a89e2424" ],
        "x-ms-correlation-request-id": [ "d22e4dd3-4ac0-49b6-9a91-4e3114368c1c" ],
        "x-ms-routing-request-id": [ "JAPANEAST:20230307T154132Z:d22e4dd3-4ac0-49b6-9a91-4e3114368c1c" ],
        "Strict-Transport-Security": [ "max-age=31536000; includeSubDomains" ],
        "X-Content-Type-Options": [ "nosniff" ],
        "Date": [ "Tue, 07 Mar 2023 15:41:32 GMT" ]
      },
      "ContentHeaders": {
        "Content-Length": [ "639" ],
        "Content-Type": [ "application/json; charset=utf-8" ],
        "Expires": [ "-1" ]
      },
      "Content": "{\"id\":\"/subscriptions/9e223dbe-3399-4e19-88eb-0975f02ac87f/resourceGroups/testgroup-mobilenetwork/providers/Microsoft.MobileNetwork/mobileNetworks/test-mn1\",\"name\":\"test-mn1\",\"type\":\"microsoft.mobilenetwork/mobilenetworks\",\"location\":\"eastus\",\"systemData\":{\"createdBy\":\"v-jinpel@microsoft.com\",\"createdByType\":\"User\",\"createdAt\":\"2023-03-07T15:41:00.3802042Z\",\"lastModifiedBy\":\"v-jinpel@microsoft.com\",\"lastModifiedByType\":\"User\",\"lastModifiedAt\":\"2023-03-07T15:41:00.3802042Z\"},\"properties\":{\"provisioningState\":\"Succeeded\",\"publicLandMobileNetworkIdentifier\":{\"mcc\":\"001\",\"mnc\":\"01\"},\"serviceKey\":\"b47f8ba5-b9ae-4bbf-b358-086e03fff93c\"}}",
      "isContentBase64": false
    }
  },
  "AzMobileNetwork+[NoContext]+List+$GET+https://management.azure.com/subscriptions/9e223dbe-3399-4e19-88eb-0975f02ac87f/providers/Microsoft.MobileNetwork/mobileNetworks?api-version=2022-11-01+1": {
    "Request": {
      "Method": "GET",
      "RequestUri": "https://management.azure.com/subscriptions/9e223dbe-3399-4e19-88eb-0975f02ac87f/providers/Microsoft.MobileNetwork/mobileNetworks?api-version=2022-11-01",
      "Content": null,
      "isContentBase64": false,
      "Headers": {
        "x-ms-unique-id": [ "30" ],
        "x-ms-client-request-id": [ "b4857b2e-28be-45ef-9c0d-19940515a3f1" ],
        "CommandName": [ "Get-AzMobileNetwork" ],
        "FullCommandName": [ "Get-AzMobileNetwork_List" ],
        "ParameterSetName": [ "__AllParameterSets" ],
        "User-Agent": [ "AzurePowershell/v0.0.0", "PSVersion/v7.3.2", "Az.MobileNetwork/0.1.0" ],
        "Authorization": [ "[Filtered]" ]
      },
      "ContentHeaders": {
      }
    },
    "Response": {
      "StatusCode": 200,
      "Headers": {
        "Cache-Control": [ "no-cache" ],
        "Pragma": [ "no-cache" ],
        "x-ms-original-request-ids": [ "46524e72-b2eb-45bc-bf23-2bafcf21af14", "6804290b-7c3e-4247-a9da-d2cce2b912fb", "580d3f15-c335-4caf-ab75-e7f199b7b1f7", "d5065a6f-792e-4944-88a8-1fe3469709b1" ],
        "x-ms-ratelimit-remaining-subscription-reads": [ "11984" ],
        "x-ms-request-id": [ "7c75aef7-7e9a-4185-800e-d0c5d8b029fd" ],
        "x-ms-correlation-request-id": [ "7c75aef7-7e9a-4185-800e-d0c5d8b029fd" ],
        "x-ms-routing-request-id": [ "JAPANEAST:20230307T154134Z:7c75aef7-7e9a-4185-800e-d0c5d8b029fd" ],
        "Strict-Transport-Security": [ "max-age=31536000; includeSubDomains" ],
        "X-Content-Type-Options": [ "nosniff" ],
        "Date": [ "Tue, 07 Mar 2023 15:41:34 GMT" ]
      },
      "ContentHeaders": {
        "Content-Type": [ "application/json; charset=utf-8" ],
        "Expires": [ "-1" ],
        "Content-Length": [ "3906" ]
      },
      "Content": "{\"value\":[{\"id\":\"/subscriptions/9e223dbe-3399-4e19-88eb-0975f02ac87f/resourceGroups/azps_test_group/providers/Microsoft.MobileNetwork/mobileNetworks/azps-mn-1\",\"name\":\"azps-mn-1\",\"type\":\"microsoft.mobilenetwork/mobilenetworks\",\"location\":\"eastus\",\"tags\":{\"china\":\"move\"},\"systemData\":{\"createdBy\":\"v-jinpel@microsoft.com\",\"createdByType\":\"User\",\"createdAt\":\"2023-03-07T15:22:32.7057769Z\",\"lastModifiedBy\":\"v-jinpel@microsoft.com\",\"lastModifiedByType\":\"User\",\"lastModifiedAt\":\"2023-03-07T15:22:32.7057769Z\"},\"properties\":{\"provisioningState\":\"Succeeded\",\"publicLandMobileNetworkIdentifier\":{\"mcc\":\"001\",\"mnc\":\"01\"},\"serviceKey\":\"726e758b-79f3-4cae-8d96-ecb973329791\"}},{\"id\":\"/subscriptions/9e223dbe-3399-4e19-88eb-0975f02ac87f/resourceGroups/azps_test_group/providers/Microsoft.MobileNetwork/mobileNetworks/azps-mn-2\",\"name\":\"azps-mn-2\",\"type\":\"microsoft.mobilenetwork/mobilenetworks\",\"location\":\"eastus\",\"tags\":{\"china\":\"move123\"},\"systemData\":{\"createdBy\":\"v-jinpel@microsoft.com\",\"createdByType\":\"User\",\"createdAt\":\"2023-03-07T15:24:07.4715465Z\",\"lastModifiedBy\":\"v-jinpel@microsoft.com\",\"lastModifiedByType\":\"User\",\"lastModifiedAt\":\"2023-03-07T15:34:42.3185051Z\"},\"properties\":{\"provisioningState\":\"Succeeded\",\"publicLandMobileNetworkIdentifier\":{\"mcc\":\"001\",\"mnc\":\"01\"},\"serviceKey\":\"4fb99d79-2447-4dcd-bb57-50f06c6f54d0\"}},{\"id\":\"/subscriptions/9e223dbe-3399-4e19-88eb-0975f02ac87f/resourceGroups/azps_test_group/providers/Microsoft.MobileNetwork/mobileNetworks/azps-mn-3\",\"name\":\"azps-mn-3\",\"type\":\"microsoft.mobilenetwork/mobilenetworks\",\"location\":\"eastus\",\"tags\":{\"china\":\"move\"},\"systemData\":{\"createdBy\":\"v-jinpel@microsoft.com\",\"createdByType\":\"User\",\"createdAt\":\"2023-03-07T15:27:46.7912718Z\",\"lastModifiedBy\":\"v-jinpel@microsoft.com\",\"lastModifiedByType\":\"User\",\"lastModifiedAt\":\"2023-03-07T15:27:46.7912718Z\"},\"properties\":{\"provisioningState\":\"Succeeded\",\"publicLandMobileNetworkIdentifier\":{\"mcc\":\"001\",\"mnc\":\"01\"},\"serviceKey\":\"bf60e160-1c16-476f-b860-54f20f9ca38b\"}},{\"id\":\"/subscriptions/9e223dbe-3399-4e19-88eb-0975f02ac87f/resourceGroups/testgroup-mobilenetwork/providers/Microsoft.MobileNetwork/mobileNetworks/test-mn2\",\"name\":\"test-mn2\",\"type\":\"microsoft.mobilenetwork/mobilenetworks\",\"location\":\"eastus\",\"systemData\":{\"createdBy\":\"v-jinpel@microsoft.com\",\"createdByType\":\"User\",\"createdAt\":\"2023-03-07T15:36:01.847534Z\",\"lastModifiedBy\":\"v-jinpel@microsoft.com\",\"lastModifiedByType\":\"User\",\"lastModifiedAt\":\"2023-03-07T15:36:01.847534Z\"},\"properties\":{\"provisioningState\":\"Succeeded\",\"publicLandMobileNetworkIdentifier\":{\"mcc\":\"001\",\"mnc\":\"01\"},\"serviceKey\":\"ad928deb-b21d-41ab-af79-83f6c104e7b3\"}},{\"id\":\"/subscriptions/9e223dbe-3399-4e19-88eb-0975f02ac87f/resourceGroups/testgroup-mobilenetwork/providers/Microsoft.MobileNetwork/mobileNetworks/test-mn3\",\"name\":\"test-mn3\",\"type\":\"microsoft.mobilenetwork/mobilenetworks\",\"location\":\"eastus\",\"systemData\":{\"createdBy\":\"v-jinpel@microsoft.com\",\"createdByType\":\"User\",\"createdAt\":\"2023-03-07T15:36:36.1915084Z\",\"lastModifiedBy\":\"v-jinpel@microsoft.com\",\"lastModifiedByType\":\"User\",\"lastModifiedAt\":\"2023-03-07T15:36:36.1915084Z\"},\"properties\":{\"provisioningState\":\"Succeeded\",\"publicLandMobileNetworkIdentifier\":{\"mcc\":\"001\",\"mnc\":\"01\"},\"serviceKey\":\"83d70aac-62c7-454b-bdab-51de135ff0a6\"}},{\"id\":\"/subscriptions/9e223dbe-3399-4e19-88eb-0975f02ac87f/resourceGroups/testgroup-mobilenetwork/providers/Microsoft.MobileNetwork/mobileNetworks/test-mn1\",\"name\":\"test-mn1\",\"type\":\"microsoft.mobilenetwork/mobilenetworks\",\"location\":\"eastus\",\"systemData\":{\"createdBy\":\"v-jinpel@microsoft.com\",\"createdByType\":\"User\",\"createdAt\":\"2023-03-07T15:41:00.3802042Z\",\"lastModifiedBy\":\"v-jinpel@microsoft.com\",\"lastModifiedByType\":\"User\",\"lastModifiedAt\":\"2023-03-07T15:41:00.3802042Z\"},\"properties\":{\"provisioningState\":\"Succeeded\",\"publicLandMobileNetworkIdentifier\":{\"mcc\":\"001\",\"mnc\":\"01\"},\"serviceKey\":\"b47f8ba5-b9ae-4bbf-b358-086e03fff93c\"}}]}",
      "isContentBase64": false
    }
  },
  "AzMobileNetwork+[NoContext]+Get+$GET+https://management.azure.com/subscriptions/9e223dbe-3399-4e19-88eb-0975f02ac87f/resourceGroups/testgroup-mobilenetwork/providers/Microsoft.MobileNetwork/mobileNetworks/test-mn1?api-version=2022-11-01+1": {
    "Request": {
      "Method": "GET",
      "RequestUri": "https://management.azure.com/subscriptions/9e223dbe-3399-4e19-88eb-0975f02ac87f/resourceGroups/testgroup-mobilenetwork/providers/Microsoft.MobileNetwork/mobileNetworks/test-mn1?api-version=2022-11-01",
      "Content": null,
      "isContentBase64": false,
      "Headers": {
        "x-ms-unique-id": [ "31" ],
        "x-ms-client-request-id": [ "da4143bd-46c0-448f-84e1-530b52306716" ],
        "CommandName": [ "Get-AzMobileNetwork" ],
        "FullCommandName": [ "Get-AzMobileNetwork_Get" ],
        "ParameterSetName": [ "__AllParameterSets" ],
        "User-Agent": [ "AzurePowershell/v0.0.0", "PSVersion/v7.3.2", "Az.MobileNetwork/0.1.0" ],
        "Authorization": [ "[Filtered]" ]
      },
      "ContentHeaders": {
      }
    },
    "Response": {
      "StatusCode": 200,
      "Headers": {
        "Cache-Control": [ "no-cache" ],
        "Pragma": [ "no-cache" ],
        "ETag": [ "\"b202baa8-0000-0100-0000-64075b0c0000\"" ],
        "x-ms-ratelimit-remaining-subscription-reads": [ "11983" ],
        "x-ms-providerhub-traffic": [ "True" ],
        "x-ms-request-id": [ "b21eb7ba-dab1-4519-b375-3eff4c91dd9f" ],
        "x-ms-correlation-request-id": [ "87a76ffd-e201-4604-b218-e12386f144c8" ],
        "x-ms-routing-request-id": [ "JAPANEAST:20230307T154135Z:87a76ffd-e201-4604-b218-e12386f144c8" ],
        "Strict-Transport-Security": [ "max-age=31536000; includeSubDomains" ],
        "X-Content-Type-Options": [ "nosniff" ],
        "Date": [ "Tue, 07 Mar 2023 15:41:35 GMT" ]
      },
      "ContentHeaders": {
        "Content-Length": [ "639" ],
        "Content-Type": [ "application/json; charset=utf-8" ],
        "Expires": [ "-1" ]
      },
      "Content": "{\"id\":\"/subscriptions/9e223dbe-3399-4e19-88eb-0975f02ac87f/resourceGroups/testgroup-mobilenetwork/providers/Microsoft.MobileNetwork/mobileNetworks/test-mn1\",\"name\":\"test-mn1\",\"type\":\"microsoft.mobilenetwork/mobilenetworks\",\"location\":\"eastus\",\"systemData\":{\"createdBy\":\"v-jinpel@microsoft.com\",\"createdByType\":\"User\",\"createdAt\":\"2023-03-07T15:41:00.3802042Z\",\"lastModifiedBy\":\"v-jinpel@microsoft.com\",\"lastModifiedByType\":\"User\",\"lastModifiedAt\":\"2023-03-07T15:41:00.3802042Z\"},\"properties\":{\"provisioningState\":\"Succeeded\",\"publicLandMobileNetworkIdentifier\":{\"mcc\":\"001\",\"mnc\":\"01\"},\"serviceKey\":\"b47f8ba5-b9ae-4bbf-b358-086e03fff93c\"}}",
      "isContentBase64": false
    }
  },
  "AzMobileNetwork+[NoContext]+List1+$GET+https://management.azure.com/subscriptions/9e223dbe-3399-4e19-88eb-0975f02ac87f/resourceGroups/testgroup-mobilenetwork/providers/Microsoft.MobileNetwork/mobileNetworks?api-version=2022-11-01+1": {
    "Request": {
      "Method": "GET",
      "RequestUri": "https://management.azure.com/subscriptions/9e223dbe-3399-4e19-88eb-0975f02ac87f/resourceGroups/testgroup-mobilenetwork/providers/Microsoft.MobileNetwork/mobileNetworks?api-version=2022-11-01",
      "Content": null,
      "isContentBase64": false,
      "Headers": {
        "x-ms-unique-id": [ "32" ],
        "x-ms-client-request-id": [ "81623bd1-1e50-441a-a65d-890c21cf8ad4" ],
        "CommandName": [ "Get-AzMobileNetwork" ],
        "FullCommandName": [ "Get-AzMobileNetwork_List1" ],
        "ParameterSetName": [ "__AllParameterSets" ],
        "User-Agent": [ "AzurePowershell/v0.0.0", "PSVersion/v7.3.2", "Az.MobileNetwork/0.1.0" ],
        "Authorization": [ "[Filtered]" ]
      },
      "ContentHeaders": {
      }
    },
    "Response": {
      "StatusCode": 200,
      "Headers": {
        "Cache-Control": [ "no-cache" ],
        "Pragma": [ "no-cache" ],
        "x-ms-original-request-ids": [ "7620f94d-a5a6-459b-a22c-d120f86d5d74", "93b95906-66ce-4a06-9b87-1fc4dd204610", "6c579d7c-46e7-4814-8346-6dfe18e92a04", "7ba168e4-c6e8-4158-9223-85075ff6bc3e" ],
        "x-ms-ratelimit-remaining-subscription-reads": [ "11982" ],
        "x-ms-request-id": [ "0079b744-aaa0-42e2-ad76-9659aa695c5a" ],
        "x-ms-correlation-request-id": [ "0079b744-aaa0-42e2-ad76-9659aa695c5a" ],
        "x-ms-routing-request-id": [ "JAPANEAST:20230307T154135Z:0079b744-aaa0-42e2-ad76-9659aa695c5a" ],
        "Strict-Transport-Security": [ "max-age=31536000; includeSubDomains" ],
        "X-Content-Type-Options": [ "nosniff" ],
        "Date": [ "Tue, 07 Mar 2023 15:41:35 GMT" ]
      },
      "ContentHeaders": {
        "Content-Type": [ "application/json; charset=utf-8" ],
        "Expires": [ "-1" ],
        "Content-Length": [ "1929" ]
      },
      "Content": "{\"value\":[{\"id\":\"/subscriptions/9e223dbe-3399-4e19-88eb-0975f02ac87f/resourceGroups/testgroup-mobilenetwork/providers/Microsoft.MobileNetwork/mobileNetworks/test-mn2\",\"name\":\"test-mn2\",\"type\":\"microsoft.mobilenetwork/mobilenetworks\",\"location\":\"eastus\",\"systemData\":{\"createdBy\":\"v-jinpel@microsoft.com\",\"createdByType\":\"User\",\"createdAt\":\"2023-03-07T15:36:01.847534Z\",\"lastModifiedBy\":\"v-jinpel@microsoft.com\",\"lastModifiedByType\":\"User\",\"lastModifiedAt\":\"2023-03-07T15:36:01.847534Z\"},\"properties\":{\"provisioningState\":\"Succeeded\",\"publicLandMobileNetworkIdentifier\":{\"mcc\":\"001\",\"mnc\":\"01\"},\"serviceKey\":\"ad928deb-b21d-41ab-af79-83f6c104e7b3\"}},{\"id\":\"/subscriptions/9e223dbe-3399-4e19-88eb-0975f02ac87f/resourceGroups/testgroup-mobilenetwork/providers/Microsoft.MobileNetwork/mobileNetworks/test-mn3\",\"name\":\"test-mn3\",\"type\":\"microsoft.mobilenetwork/mobilenetworks\",\"location\":\"eastus\",\"systemData\":{\"createdBy\":\"v-jinpel@microsoft.com\",\"createdByType\":\"User\",\"createdAt\":\"2023-03-07T15:36:36.1915084Z\",\"lastModifiedBy\":\"v-jinpel@microsoft.com\",\"lastModifiedByType\":\"User\",\"lastModifiedAt\":\"2023-03-07T15:36:36.1915084Z\"},\"properties\":{\"provisioningState\":\"Succeeded\",\"publicLandMobileNetworkIdentifier\":{\"mcc\":\"001\",\"mnc\":\"01\"},\"serviceKey\":\"83d70aac-62c7-454b-bdab-51de135ff0a6\"}},{\"id\":\"/subscriptions/9e223dbe-3399-4e19-88eb-0975f02ac87f/resourceGroups/testgroup-mobilenetwork/providers/Microsoft.MobileNetwork/mobileNetworks/test-mn1\",\"name\":\"test-mn1\",\"type\":\"microsoft.mobilenetwork/mobilenetworks\",\"location\":\"eastus\",\"systemData\":{\"createdBy\":\"v-jinpel@microsoft.com\",\"createdByType\":\"User\",\"createdAt\":\"2023-03-07T15:41:00.3802042Z\",\"lastModifiedBy\":\"v-jinpel@microsoft.com\",\"lastModifiedByType\":\"User\",\"lastModifiedAt\":\"2023-03-07T15:41:00.3802042Z\"},\"properties\":{\"provisioningState\":\"Succeeded\",\"publicLandMobileNetworkIdentifier\":{\"mcc\":\"001\",\"mnc\":\"01\"},\"serviceKey\":\"b47f8ba5-b9ae-4bbf-b358-086e03fff93c\"}}]}",
      "isContentBase64": false
    }
  },
  "AzMobileNetwork+[NoContext]+UpdateExpanded+$PATCH+https://management.azure.com/subscriptions/9e223dbe-3399-4e19-88eb-0975f02ac87f/resourceGroups/testgroup-mobilenetwork/providers/Microsoft.MobileNetwork/mobileNetworks/test-mn1?api-version=2022-11-01+1": {
    "Request": {
      "Method": "PATCH",
      "RequestUri": "https://management.azure.com/subscriptions/9e223dbe-3399-4e19-88eb-0975f02ac87f/resourceGroups/testgroup-mobilenetwork/providers/Microsoft.MobileNetwork/mobileNetworks/test-mn1?api-version=2022-11-01",
      "Content": "{\r\n  \"tags\": {\r\n    \"123\": \"abc\"\r\n  }\r\n}",
      "isContentBase64": false,
      "Headers": {
      },
      "ContentHeaders": {
        "Content-Type": [ "application/json" ],
        "Content-Length": [ "40" ]
      }
    },
    "Response": {
      "StatusCode": 200,
      "Headers": {
        "Cache-Control": [ "no-cache" ],
        "Pragma": [ "no-cache" ],
        "ETag": [ "\"b202bbab-0000-0100-0000-64075b300000\"" ],
        "x-ms-ratelimit-remaining-subscription-writes": [ "1193" ],
        "x-ms-providerhub-traffic": [ "True" ],
        "x-ms-request-id": [ "9c49b222-642c-4779-ba27-e153c8afb596" ],
        "x-ms-correlation-request-id": [ "d563ece4-4ba2-437c-9e7e-af172ca97512" ],
        "x-ms-routing-request-id": [ "JAPANEAST:20230307T154137Z:d563ece4-4ba2-437c-9e7e-af172ca97512" ],
        "Strict-Transport-Security": [ "max-age=31536000; includeSubDomains" ],
        "X-Content-Type-Options": [ "nosniff" ],
        "Date": [ "Tue, 07 Mar 2023 15:41:37 GMT" ]
      },
      "ContentHeaders": {
        "Content-Length": [ "660" ],
        "Content-Type": [ "application/json; charset=utf-8" ],
        "Expires": [ "-1" ]
      },
      "Content": "{\"id\":\"/subscriptions/9e223dbe-3399-4e19-88eb-0975f02ac87f/resourceGroups/testgroup-mobilenetwork/providers/Microsoft.MobileNetwork/mobileNetworks/test-mn1\",\"name\":\"test-mn1\",\"type\":\"microsoft.mobilenetwork/mobilenetworks\",\"location\":\"eastus\",\"tags\":{\"123\":\"abc\"},\"systemData\":{\"createdBy\":\"v-jinpel@microsoft.com\",\"createdByType\":\"User\",\"createdAt\":\"2023-03-07T15:41:00.3802042Z\",\"lastModifiedBy\":\"v-jinpel@microsoft.com\",\"lastModifiedByType\":\"User\",\"lastModifiedAt\":\"2023-03-07T15:41:36.3334747Z\"},\"properties\":{\"provisioningState\":\"Succeeded\",\"publicLandMobileNetworkIdentifier\":{\"mcc\":\"001\",\"mnc\":\"01\"},\"serviceKey\":\"b47f8ba5-b9ae-4bbf-b358-086e03fff93c\"}}",
      "isContentBase64": false
    }
  },
  "AzMobileNetwork+[NoContext]+UpdateViaIdentityExpanded+$GET+https://management.azure.com/subscriptions/9e223dbe-3399-4e19-88eb-0975f02ac87f/resourceGroups/testgroup-mobilenetwork/providers/Microsoft.MobileNetwork/mobileNetworks/test-mn1?api-version=2022-11-01+1": {
    "Request": {
      "Method": "GET",
      "RequestUri": "https://management.azure.com/subscriptions/9e223dbe-3399-4e19-88eb-0975f02ac87f/resourceGroups/testgroup-mobilenetwork/providers/Microsoft.MobileNetwork/mobileNetworks/test-mn1?api-version=2022-11-01",
      "Content": null,
      "isContentBase64": false,
      "Headers": {
        "x-ms-unique-id": [ "34" ],
        "x-ms-client-request-id": [ "a8472b18-6a4f-4eef-9e08-ac870627a7be" ],
        "CommandName": [ "Get-AzMobileNetwork" ],
        "FullCommandName": [ "Get-AzMobileNetwork_Get" ],
        "ParameterSetName": [ "__AllParameterSets" ],
        "User-Agent": [ "AzurePowershell/v0.0.0", "PSVersion/v7.3.2", "Az.MobileNetwork/0.1.0" ],
        "Authorization": [ "[Filtered]" ]
      },
      "ContentHeaders": {
      }
    },
    "Response": {
      "StatusCode": 200,
      "Headers": {
        "Cache-Control": [ "no-cache" ],
        "Pragma": [ "no-cache" ],
        "ETag": [ "\"b202bbab-0000-0100-0000-64075b300000\"" ],
        "x-ms-ratelimit-remaining-subscription-reads": [ "11981" ],
        "x-ms-providerhub-traffic": [ "True" ],
        "x-ms-request-id": [ "ae47f486-6cb2-403f-bdcb-a4437086a7be" ],
        "x-ms-correlation-request-id": [ "56eea327-bb02-4130-b781-610e16b92a31" ],
        "x-ms-routing-request-id": [ "JAPANEAST:20230307T154138Z:56eea327-bb02-4130-b781-610e16b92a31" ],
        "Strict-Transport-Security": [ "max-age=31536000; includeSubDomains" ],
        "X-Content-Type-Options": [ "nosniff" ],
        "Date": [ "Tue, 07 Mar 2023 15:41:38 GMT" ]
      },
      "ContentHeaders": {
        "Content-Length": [ "660" ],
        "Content-Type": [ "application/json; charset=utf-8" ],
        "Expires": [ "-1" ]
      },
      "Content": "{\"id\":\"/subscriptions/9e223dbe-3399-4e19-88eb-0975f02ac87f/resourceGroups/testgroup-mobilenetwork/providers/Microsoft.MobileNetwork/mobileNetworks/test-mn1\",\"name\":\"test-mn1\",\"type\":\"microsoft.mobilenetwork/mobilenetworks\",\"location\":\"eastus\",\"tags\":{\"123\":\"abc\"},\"systemData\":{\"createdBy\":\"v-jinpel@microsoft.com\",\"createdByType\":\"User\",\"createdAt\":\"2023-03-07T15:41:00.3802042Z\",\"lastModifiedBy\":\"v-jinpel@microsoft.com\",\"lastModifiedByType\":\"User\",\"lastModifiedAt\":\"2023-03-07T15:41:36.3334747Z\"},\"properties\":{\"provisioningState\":\"Succeeded\",\"publicLandMobileNetworkIdentifier\":{\"mcc\":\"001\",\"mnc\":\"01\"},\"serviceKey\":\"b47f8ba5-b9ae-4bbf-b358-086e03fff93c\"}}",
      "isContentBase64": false
    }
  },
  "AzMobileNetwork+[NoContext]+UpdateViaIdentityExpanded+$PATCH+https://management.azure.com/subscriptions/9e223dbe-3399-4e19-88eb-0975f02ac87f/resourceGroups/testgroup-mobilenetwork/providers/Microsoft.MobileNetwork/mobileNetworks/test-mn1?api-version=2022-11-01+2": {
    "Request": {
      "Method": "PATCH",
      "RequestUri": "https://management.azure.com/subscriptions/9e223dbe-3399-4e19-88eb-0975f02ac87f/resourceGroups/testgroup-mobilenetwork/providers/Microsoft.MobileNetwork/mobileNetworks/test-mn1?api-version=2022-11-01",
      "Content": "{\r\n  \"tags\": {\r\n    \"123\": \"abc\"\r\n  }\r\n}",
      "isContentBase64": false,
      "Headers": {
      },
      "ContentHeaders": {
        "Content-Type": [ "application/json" ],
        "Content-Length": [ "40" ]
      }
    },
    "Response": {
      "StatusCode": 200,
      "Headers": {
        "Cache-Control": [ "no-cache" ],
        "Pragma": [ "no-cache" ],
        "ETag": [ "\"b202ebab-0000-0100-0000-64075b320000\"" ],
        "x-ms-ratelimit-remaining-subscription-writes": [ "1192" ],
        "x-ms-providerhub-traffic": [ "True" ],
        "x-ms-request-id": [ "64ad5731-3fa4-49f1-8bea-8f1a01bd9d56" ],
        "x-ms-correlation-request-id": [ "bfa153ac-c5ef-4631-a006-1fc9065fd718" ],
        "x-ms-routing-request-id": [ "JAPANEAST:20230307T154140Z:bfa153ac-c5ef-4631-a006-1fc9065fd718" ],
        "Strict-Transport-Security": [ "max-age=31536000; includeSubDomains" ],
        "X-Content-Type-Options": [ "nosniff" ],
        "Date": [ "Tue, 07 Mar 2023 15:41:40 GMT" ]
      },
      "ContentHeaders": {
        "Content-Length": [ "660" ],
        "Content-Type": [ "application/json; charset=utf-8" ],
        "Expires": [ "-1" ]
      },
      "Content": "{\"id\":\"/subscriptions/9e223dbe-3399-4e19-88eb-0975f02ac87f/resourceGroups/testgroup-mobilenetwork/providers/Microsoft.MobileNetwork/mobileNetworks/test-mn1\",\"name\":\"test-mn1\",\"type\":\"microsoft.mobilenetwork/mobilenetworks\",\"location\":\"eastus\",\"tags\":{\"123\":\"abc\"},\"systemData\":{\"createdBy\":\"v-jinpel@microsoft.com\",\"createdByType\":\"User\",\"createdAt\":\"2023-03-07T15:41:00.3802042Z\",\"lastModifiedBy\":\"v-jinpel@microsoft.com\",\"lastModifiedByType\":\"User\",\"lastModifiedAt\":\"2023-03-07T15:41:38.8178352Z\"},\"properties\":{\"provisioningState\":\"Succeeded\",\"publicLandMobileNetworkIdentifier\":{\"mcc\":\"001\",\"mnc\":\"01\"},\"serviceKey\":\"b47f8ba5-b9ae-4bbf-b358-086e03fff93c\"}}",
      "isContentBase64": false
    }
  },
  "AzMobileNetwork+[NoContext]+Delete+$DELETE+https://management.azure.com/subscriptions/9e223dbe-3399-4e19-88eb-0975f02ac87f/resourceGroups/testgroup-mobilenetwork/providers/Microsoft.MobileNetwork/mobileNetworks/test-mn1?api-version=2022-11-01+1": {
    "Request": {
      "Method": "DELETE",
      "RequestUri": "https://management.azure.com/subscriptions/9e223dbe-3399-4e19-88eb-0975f02ac87f/resourceGroups/testgroup-mobilenetwork/providers/Microsoft.MobileNetwork/mobileNetworks/test-mn1?api-version=2022-11-01",
      "Content": null,
      "isContentBase64": false,
      "Headers": {
        "x-ms-unique-id": [ "36" ],
        "x-ms-client-request-id": [ "fc5fc3a7-b484-4f7a-981c-1c7f8dd4ebef" ],
        "CommandName": [ "Remove-AzMobileNetwork" ],
        "FullCommandName": [ "Remove-AzMobileNetwork_Delete" ],
        "ParameterSetName": [ "__AllParameterSets" ],
        "User-Agent": [ "AzurePowershell/v0.0.0", "PSVersion/v7.3.2", "Az.MobileNetwork/0.1.0" ],
        "Authorization": [ "[Filtered]" ]
      },
      "ContentHeaders": {
      }
    },
    "Response": {
      "StatusCode": 200,
      "Headers": {
        "Cache-Control": [ "no-cache" ],
        "Pragma": [ "no-cache" ],
        "x-ms-providerhub-traffic": [ "True" ],
        "mise-correlation-id": [ "e17f5639-dfbe-457e-8e6f-ea51c2319147" ],
        "x-ms-request-id": [ "4feec34f-7766-442e-8bcb-f03bc1bfec8c" ],
        "x-ms-build-version": [ "1.0.1" ],
        "x-ms-ratelimit-remaining-subscription-deletes": [ "14999" ],
        "x-ms-correlation-request-id": [ "3faade87-9bbb-4528-a8e0-b1b2c0f1869a" ],
        "x-ms-routing-request-id": [ "JAPANEAST:20230307T154143Z:3faade87-9bbb-4528-a8e0-b1b2c0f1869a" ],
        "Strict-Transport-Security": [ "max-age=31536000; includeSubDomains" ],
        "X-Content-Type-Options": [ "nosniff" ],
        "Date": [ "Tue, 07 Mar 2023 15:41:43 GMT" ]
      },
      "ContentHeaders": {
        "Expires": [ "-1" ],
        "Content-Length": [ "0" ]
      },
      "Content": null,
      "isContentBase64": false
    }
  }
}