{
  "Entries": [
    {
      "RequestUri": "/subscriptions/9532a63e-f2eb-4649-bb23-5ed01077ce80/providers/Microsoft.Network?api-version=2016-02-01",
      "EncodedRequestUri": "L3N1YnNjcmlwdGlvbnMvOTUzMmE2M2UtZjJlYi00NjQ5LWJiMjMtNWVkMDEwNzdjZTgwL3Byb3ZpZGVycy9NaWNyb3NvZnQuTmV0d29yaz9hcGktdmVyc2lvbj0yMDE2LTAyLTAx",
      "RequestMethod": "GET",
      "RequestBody": "",
      "RequestHeaders": {
        "User-Agent": [
          "Microsoft.Azure.Management.Resources.ResourceManagementClient/2.0.0.0"
        ]
      },
      "ResponseBody": "{\r\n  \"id\": \"/subscriptions/9532a63e-f2eb-4649-bb23-5ed01077ce80/providers/Microsoft.Network\",\r\n  \"namespace\": \"Microsoft.Network\",\r\n  \"authorization\": {\r\n    \"applicationId\": \"2cf9eb86-36b5-49dc-86ae-9a63135dfa8c\",\r\n    \"roleDefinitionId\": \"13ba9ab4-19f0-4804-adc4-14ece36cc7a1\"\r\n  },\r\n  \"resourceTypes\": [\r\n    {\r\n      \"resourceType\": \"virtualNetworks\",\r\n      \"locations\": [\r\n        \"West US\",\r\n        \"East US\",\r\n        \"North Europe\",\r\n        \"West Europe\",\r\n        \"East Asia\",\r\n        \"Southeast Asia\",\r\n        \"North Central US\",\r\n        \"South Central US\",\r\n        \"Central US\",\r\n        \"East US 2\",\r\n        \"Japan East\",\r\n        \"Japan West\",\r\n        \"Brazil South\",\r\n        \"Australia East\",\r\n        \"Australia Southeast\",\r\n        \"Central India\",\r\n        \"South India\",\r\n        \"West India\",\r\n        \"Canada Central\",\r\n        \"Canada East\"\r\n      ],\r\n      \"apiVersions\": [\r\n        \"2016-06-01\",\r\n        \"2015-06-15\",\r\n        \"2015-05-01-preview\",\r\n        \"2014-12-01-preview\"\r\n      ],\r\n      \"capabilities\": \"CrossResourceGroupResourceMove, CrossSubscriptionResourceMove\"\r\n    },\r\n    {\r\n      \"resourceType\": \"publicIPAddresses\",\r\n      \"locations\": [\r\n        \"West US\",\r\n        \"East US\",\r\n        \"North Europe\",\r\n        \"West Europe\",\r\n        \"East Asia\",\r\n        \"Southeast Asia\",\r\n        \"North Central US\",\r\n        \"South Central US\",\r\n        \"Central US\",\r\n        \"East US 2\",\r\n        \"Japan East\",\r\n        \"Japan West\",\r\n        \"Brazil South\",\r\n        \"Australia East\",\r\n        \"Australia Southeast\",\r\n        \"Central India\",\r\n        \"South India\",\r\n        \"West India\",\r\n        \"Canada Central\",\r\n        \"Canada East\"\r\n      ],\r\n      \"apiVersions\": [\r\n        \"2016-06-01\",\r\n        \"2015-06-15\",\r\n        \"2015-05-01-preview\",\r\n        \"2014-12-01-preview\"\r\n      ],\r\n      \"capabilities\": \"CrossResourceGroupResourceMove, CrossSubscriptionResourceMove\"\r\n    },\r\n    {\r\n      \"resourceType\": \"networkInterfaces\",\r\n      \"locations\": [\r\n        \"West US\",\r\n        \"East US\",\r\n        \"North Europe\",\r\n        \"West Europe\",\r\n        \"East Asia\",\r\n        \"Southeast Asia\",\r\n        \"North Central US\",\r\n        \"South Central US\",\r\n        \"Central US\",\r\n        \"East US 2\",\r\n        \"Japan East\",\r\n        \"Japan West\",\r\n        \"Brazil South\",\r\n        \"Australia East\",\r\n        \"Australia Southeast\",\r\n        \"Central India\",\r\n        \"South India\",\r\n        \"West India\",\r\n        \"Canada Central\",\r\n        \"Canada East\"\r\n      ],\r\n      \"apiVersions\": [\r\n        \"2016-06-01\",\r\n        \"2015-06-15\",\r\n        \"2015-05-01-preview\",\r\n        \"2014-12-01-preview\"\r\n      ],\r\n      \"capabilities\": \"CrossResourceGroupResourceMove, CrossSubscriptionResourceMove\"\r\n    },\r\n    {\r\n      \"resourceType\": \"loadBalancers\",\r\n      \"locations\": [\r\n        \"West US\",\r\n        \"East US\",\r\n        \"North Europe\",\r\n        \"West Europe\",\r\n        \"East Asia\",\r\n        \"Southeast Asia\",\r\n        \"North Central US\",\r\n        \"South Central US\",\r\n        \"Central US\",\r\n        \"East US 2\",\r\n        \"Japan East\",\r\n        \"Japan West\",\r\n        \"Brazil South\",\r\n        \"Australia East\",\r\n        \"Australia Southeast\",\r\n        \"Central India\",\r\n        \"South India\",\r\n        \"West India\",\r\n        \"Canada Central\",\r\n        \"Canada East\"\r\n      ],\r\n      \"apiVersions\": [\r\n        \"2016-06-01\",\r\n        \"2015-06-15\",\r\n        \"2015-05-01-preview\",\r\n        \"2014-12-01-preview\"\r\n      ],\r\n      \"capabilities\": \"CrossResourceGroupResourceMove, CrossSubscriptionResourceMove\"\r\n    },\r\n    {\r\n      \"resourceType\": \"networkSecurityGroups\",\r\n      \"locations\": [\r\n        \"West US\",\r\n        \"East US\",\r\n        \"North Europe\",\r\n        \"West Europe\",\r\n        \"East Asia\",\r\n        \"Southeast Asia\",\r\n        \"North Central US\",\r\n        \"South Central US\",\r\n        \"Central US\",\r\n        \"East US 2\",\r\n        \"Japan East\",\r\n        \"Japan West\",\r\n        \"Brazil South\",\r\n        \"Australia East\",\r\n        \"Australia Southeast\",\r\n        \"Central India\",\r\n        \"South India\",\r\n        \"West India\",\r\n        \"Canada Central\",\r\n        \"Canada East\"\r\n      ],\r\n      \"apiVersions\": [\r\n        \"2016-06-01\",\r\n        \"2015-06-15\",\r\n        \"2015-05-01-preview\",\r\n        \"2014-12-01-preview\"\r\n      ],\r\n      \"capabilities\": \"CrossResourceGroupResourceMove, CrossSubscriptionResourceMove\"\r\n    },\r\n    {\r\n      \"resourceType\": \"routeTables\",\r\n      \"locations\": [\r\n        \"West US\",\r\n        \"East US\",\r\n        \"North Europe\",\r\n        \"West Europe\",\r\n        \"East Asia\",\r\n        \"Southeast Asia\",\r\n        \"North Central US\",\r\n        \"South Central US\",\r\n        \"Central US\",\r\n        \"East US 2\",\r\n        \"Japan East\",\r\n        \"Japan West\",\r\n        \"Brazil South\",\r\n        \"Australia East\",\r\n        \"Australia Southeast\",\r\n        \"Central India\",\r\n        \"South India\",\r\n        \"West India\",\r\n        \"Canada Central\",\r\n        \"Canada East\"\r\n      ],\r\n      \"apiVersions\": [\r\n        \"2016-06-01\",\r\n        \"2015-06-15\",\r\n        \"2015-05-01-preview\",\r\n        \"2014-12-01-preview\"\r\n      ],\r\n      \"capabilities\": \"CrossResourceGroupResourceMove, CrossSubscriptionResourceMove\"\r\n    },\r\n    {\r\n      \"resourceType\": \"virtualNetworkGateways\",\r\n      \"locations\": [\r\n        \"West US\",\r\n        \"East US\",\r\n        \"North Europe\",\r\n        \"West Europe\",\r\n        \"East Asia\",\r\n        \"Southeast Asia\",\r\n        \"North Central US\",\r\n        \"South Central US\",\r\n        \"Central US\",\r\n        \"East US 2\",\r\n        \"Japan East\",\r\n        \"Japan West\",\r\n        \"Brazil South\",\r\n        \"Australia East\",\r\n        \"Australia Southeast\",\r\n        \"Central India\",\r\n        \"South India\",\r\n        \"West India\",\r\n        \"Canada Central\",\r\n        \"Canada East\"\r\n      ],\r\n      \"apiVersions\": [\r\n        \"2016-06-01\",\r\n        \"2015-06-15\",\r\n        \"2015-05-01-preview\",\r\n        \"2014-12-01-preview\"\r\n      ],\r\n      \"capabilities\": \"None\"\r\n    },\r\n    {\r\n      \"resourceType\": \"localNetworkGateways\",\r\n      \"locations\": [\r\n        \"West US\",\r\n        \"East US\",\r\n        \"North Europe\",\r\n        \"West Europe\",\r\n        \"East Asia\",\r\n        \"Southeast Asia\",\r\n        \"North Central US\",\r\n        \"South Central US\",\r\n        \"Central US\",\r\n        \"East US 2\",\r\n        \"Japan East\",\r\n        \"Japan West\",\r\n        \"Brazil South\",\r\n        \"Australia East\",\r\n        \"Australia Southeast\",\r\n        \"Central India\",\r\n        \"South India\",\r\n        \"West India\",\r\n        \"Canada Central\",\r\n        \"Canada East\"\r\n      ],\r\n      \"apiVersions\": [\r\n        \"2016-06-01\",\r\n        \"2015-06-15\",\r\n        \"2015-05-01-preview\",\r\n        \"2014-12-01-preview\"\r\n      ],\r\n      \"capabilities\": \"None\"\r\n    },\r\n    {\r\n      \"resourceType\": \"connections\",\r\n      \"locations\": [\r\n        \"West US\",\r\n        \"East US\",\r\n        \"North Europe\",\r\n        \"West Europe\",\r\n        \"East Asia\",\r\n        \"Southeast Asia\",\r\n        \"North Central US\",\r\n        \"South Central US\",\r\n        \"Central US\",\r\n        \"East US 2\",\r\n        \"Japan East\",\r\n        \"Japan West\",\r\n        \"Brazil South\",\r\n        \"Australia East\",\r\n        \"Australia Southeast\",\r\n        \"Central India\",\r\n        \"South India\",\r\n        \"West India\",\r\n        \"Canada Central\",\r\n        \"Canada East\"\r\n      ],\r\n      \"apiVersions\": [\r\n        \"2016-06-01\",\r\n        \"2015-06-15\",\r\n        \"2015-05-01-preview\",\r\n        \"2014-12-01-preview\"\r\n      ],\r\n      \"capabilities\": \"None\"\r\n    },\r\n    {\r\n      \"resourceType\": \"applicationGateways\",\r\n      \"locations\": [\r\n        \"West US\",\r\n        \"East US\",\r\n        \"North Europe\",\r\n        \"West Europe\",\r\n        \"East Asia\",\r\n        \"Southeast Asia\",\r\n        \"North Central US\",\r\n        \"South Central US\",\r\n        \"Central US\",\r\n        \"East US 2\",\r\n        \"Japan East\",\r\n        \"Japan West\",\r\n        \"Brazil South\",\r\n        \"Australia East\",\r\n        \"Australia Southeast\",\r\n        \"Central India\",\r\n        \"South India\",\r\n        \"West India\",\r\n        \"Canada Central\",\r\n        \"Canada East\"\r\n      ],\r\n      \"apiVersions\": [\r\n        \"2016-06-01\",\r\n        \"2015-06-15\",\r\n        \"2015-05-01-preview\",\r\n        \"2014-12-01-preview\"\r\n      ],\r\n      \"capabilities\": \"None\"\r\n    },\r\n    {\r\n      \"resourceType\": \"locations\",\r\n      \"locations\": [],\r\n      \"apiVersions\": [\r\n        \"2016-06-01\",\r\n        \"2015-06-15\",\r\n        \"2015-05-01-preview\",\r\n        \"2014-12-01-preview\"\r\n      ]\r\n    },\r\n    {\r\n      \"resourceType\": \"locations/operations\",\r\n      \"locations\": [],\r\n      \"apiVersions\": [\r\n        \"2016-06-01\",\r\n        \"2015-06-15\",\r\n        \"2015-05-01-preview\",\r\n        \"2014-12-01-preview\"\r\n      ]\r\n    },\r\n    {\r\n      \"resourceType\": \"locations/operationResults\",\r\n      \"locations\": [],\r\n      \"apiVersions\": [\r\n        \"2016-06-01\",\r\n        \"2015-06-15\",\r\n        \"2015-05-01-preview\",\r\n        \"2014-12-01-preview\"\r\n      ]\r\n    },\r\n    {\r\n      \"resourceType\": \"locations/CheckDnsNameAvailability\",\r\n      \"locations\": [\r\n        \"West US\",\r\n        \"East US\",\r\n        \"North Europe\",\r\n        \"West Europe\",\r\n        \"East Asia\",\r\n        \"Southeast Asia\",\r\n        \"North Central US\",\r\n        \"South Central US\",\r\n        \"Central US\",\r\n        \"East US 2\",\r\n        \"Japan East\",\r\n        \"Japan West\",\r\n        \"Brazil South\",\r\n        \"Australia East\",\r\n        \"Australia Southeast\",\r\n        \"Central India\",\r\n        \"South India\",\r\n        \"West India\",\r\n        \"Canada Central\",\r\n        \"Canada East\"\r\n      ],\r\n      \"apiVersions\": [\r\n        \"2016-06-01\",\r\n        \"2015-06-15\",\r\n        \"2015-05-01-preview\",\r\n        \"2014-12-01-preview\"\r\n      ]\r\n    },\r\n    {\r\n      \"resourceType\": \"locations/usages\",\r\n      \"locations\": [\r\n        \"West US\",\r\n        \"East US\",\r\n        \"North Europe\",\r\n        \"West Europe\",\r\n        \"East Asia\",\r\n        \"Southeast Asia\",\r\n        \"North Central US\",\r\n        \"South Central US\",\r\n        \"Central US\",\r\n        \"East US 2\",\r\n        \"Japan East\",\r\n        \"Japan West\",\r\n        \"Brazil South\",\r\n        \"Australia East\",\r\n        \"Australia Southeast\",\r\n        \"Central India\",\r\n        \"South India\",\r\n        \"West India\",\r\n        \"Canada Central\",\r\n        \"Canada East\"\r\n      ],\r\n      \"apiVersions\": [\r\n        \"2016-06-01\",\r\n        \"2015-06-15\",\r\n        \"2015-05-01-preview\",\r\n        \"2014-12-01-preview\"\r\n      ]\r\n    },\r\n    {\r\n      \"resourceType\": \"operations\",\r\n      \"locations\": [],\r\n      \"apiVersions\": [\r\n        \"2016-06-01\",\r\n        \"2015-06-15\",\r\n        \"2015-05-01-preview\",\r\n        \"2014-12-01-preview\"\r\n      ]\r\n    },\r\n    {\r\n      \"resourceType\": \"dnszones\",\r\n      \"locations\": [\r\n        \"global\"\r\n      ],\r\n      \"apiVersions\": [\r\n        \"2016-04-01\",\r\n        \"2015-05-04-preview\"\r\n      ],\r\n      \"capabilities\": \"CrossResourceGroupResourceMove, CrossSubscriptionResourceMove\"\r\n    },\r\n    {\r\n      \"resourceType\": \"dnszones/A\",\r\n      \"locations\": [\r\n        \"global\"\r\n      ],\r\n      \"apiVersions\": [\r\n        \"2016-04-01\",\r\n        \"2015-05-04-preview\"\r\n      ],\r\n      \"capabilities\": \"CrossResourceGroupResourceMove, CrossSubscriptionResourceMove\"\r\n    },\r\n    {\r\n      \"resourceType\": \"dnszones/AAAA\",\r\n      \"locations\": [\r\n        \"global\"\r\n      ],\r\n      \"apiVersions\": [\r\n        \"2016-04-01\",\r\n        \"2015-05-04-preview\"\r\n      ],\r\n      \"capabilities\": \"CrossResourceGroupResourceMove, CrossSubscriptionResourceMove\"\r\n    },\r\n    {\r\n      \"resourceType\": \"dnszones/CNAME\",\r\n      \"locations\": [\r\n        \"global\"\r\n      ],\r\n      \"apiVersions\": [\r\n        \"2016-04-01\",\r\n        \"2015-05-04-preview\"\r\n      ],\r\n      \"capabilities\": \"CrossResourceGroupResourceMove, CrossSubscriptionResourceMove\"\r\n    },\r\n    {\r\n      \"resourceType\": \"dnszones/PTR\",\r\n      \"locations\": [\r\n        \"global\"\r\n      ],\r\n      \"apiVersions\": [\r\n        \"2016-04-01\",\r\n        \"2015-05-04-preview\"\r\n      ],\r\n      \"capabilities\": \"CrossResourceGroupResourceMove, CrossSubscriptionResourceMove\"\r\n    },\r\n    {\r\n      \"resourceType\": \"dnszones/MX\",\r\n      \"locations\": [\r\n        \"global\"\r\n      ],\r\n      \"apiVersions\": [\r\n        \"2016-04-01\",\r\n        \"2015-05-04-preview\"\r\n      ],\r\n      \"capabilities\": \"CrossResourceGroupResourceMove, CrossSubscriptionResourceMove\"\r\n    },\r\n    {\r\n      \"resourceType\": \"dnszones/TXT\",\r\n      \"locations\": [\r\n        \"global\"\r\n      ],\r\n      \"apiVersions\": [\r\n        \"2016-04-01\",\r\n        \"2015-05-04-preview\"\r\n      ],\r\n      \"capabilities\": \"CrossResourceGroupResourceMove, CrossSubscriptionResourceMove\"\r\n    },\r\n    {\r\n      \"resourceType\": \"dnszones/SRV\",\r\n      \"locations\": [\r\n        \"global\"\r\n      ],\r\n      \"apiVersions\": [\r\n        \"2016-04-01\",\r\n        \"2015-05-04-preview\"\r\n      ],\r\n      \"capabilities\": \"CrossResourceGroupResourceMove, CrossSubscriptionResourceMove\"\r\n    },\r\n    {\r\n      \"resourceType\": \"trafficmanagerprofiles\",\r\n      \"locations\": [\r\n        \"global\"\r\n      ],\r\n      \"apiVersions\": [\r\n        \"2015-11-01\",\r\n        \"2015-04-28-preview\"\r\n      ],\r\n      \"capabilities\": \"CrossResourceGroupResourceMove, CrossSubscriptionResourceMove\"\r\n    },\r\n    {\r\n      \"resourceType\": \"checkTrafficManagerNameAvailability\",\r\n      \"locations\": [\r\n        \"global\"\r\n      ],\r\n      \"apiVersions\": [\r\n        \"2015-11-01\",\r\n        \"2015-04-28-preview\"\r\n      ]\r\n    },\r\n    {\r\n      \"resourceType\": \"expressRouteCircuits\",\r\n      \"locations\": [\r\n        \"West US\",\r\n        \"East US\",\r\n        \"North Europe\",\r\n        \"West Europe\",\r\n        \"East Asia\",\r\n        \"Southeast Asia\",\r\n        \"North Central US\",\r\n        \"South Central US\",\r\n        \"Central US\",\r\n        \"East US 2\",\r\n        \"Japan East\",\r\n        \"Japan West\",\r\n        \"Brazil South\",\r\n        \"Australia East\",\r\n        \"Australia Southeast\",\r\n        \"Central India\",\r\n        \"South India\",\r\n        \"West India\",\r\n        \"Canada Central\",\r\n        \"Canada East\"\r\n      ],\r\n      \"apiVersions\": [\r\n        \"2016-06-01\",\r\n        \"2015-06-15\",\r\n        \"2015-05-01-preview\",\r\n        \"2014-12-01-preview\"\r\n      ],\r\n      \"capabilities\": \"None\"\r\n    },\r\n    {\r\n      \"resourceType\": \"expressRouteServiceProviders\",\r\n      \"locations\": [],\r\n      \"apiVersions\": [\r\n        \"2016-06-01\",\r\n        \"2015-06-15\",\r\n        \"2015-05-01-preview\",\r\n        \"2014-12-01-preview\"\r\n      ]\r\n    }\r\n  ],\r\n  \"registrationState\": \"Registered\"\r\n}",
      "ResponseHeaders": {
        "Content-Length": [
          "8969"
        ],
        "Content-Type": [
          "application/json; charset=utf-8"
        ],
        "Expires": [
          "-1"
        ],
        "Pragma": [
          "no-cache"
        ],
        "x-ms-ratelimit-remaining-subscription-reads": [
          "14936"
        ],
        "x-ms-request-id": [
          "0628508d-bab0-4b2c-9671-27a0a0873644"
        ],
        "x-ms-correlation-request-id": [
          "0628508d-bab0-4b2c-9671-27a0a0873644"
        ],
        "x-ms-routing-request-id": [
          "WESTUS:20160429T192541Z:0628508d-bab0-4b2c-9671-27a0a0873644"
        ],
        "Strict-Transport-Security": [
          "max-age=31536000; includeSubDomains"
        ],
        "Cache-Control": [
          "no-cache"
        ],
        "Date": [
          "Fri, 29 Apr 2016 19:25:41 GMT"
        ]
      },
      "StatusCode": 200
    },
    {
      "RequestUri": "/subscriptions/9532a63e-f2eb-4649-bb23-5ed01077ce80/resourcegroups/onesdk9183?api-version=2016-02-01",
      "EncodedRequestUri": "L3N1YnNjcmlwdGlvbnMvOTUzMmE2M2UtZjJlYi00NjQ5LWJiMjMtNWVkMDEwNzdjZTgwL3Jlc291cmNlZ3JvdXBzL29uZXNkazkxODM/YXBpLXZlcnNpb249MjAxNi0wMi0wMQ==",
      "RequestMethod": "HEAD",
      "RequestBody": "",
      "RequestHeaders": {
        "User-Agent": [
          "Microsoft.Azure.Management.Resources.ResourceManagementClient/2.0.0.0"
        ]
      },
      "ResponseBody": "",
      "ResponseHeaders": {
        "Content-Length": [
          "102"
        ],
        "Content-Type": [
          "application/json; charset=utf-8"
        ],
        "Expires": [
          "-1"
        ],
        "Pragma": [
          "no-cache"
        ],
        "x-ms-failure-cause": [
          "gateway"
        ],
        "x-ms-ratelimit-remaining-subscription-reads": [
          "14935"
        ],
        "x-ms-request-id": [
          "1358b5a2-fb08-40ed-a5e8-b05ab02e1fa6"
        ],
        "x-ms-correlation-request-id": [
          "1358b5a2-fb08-40ed-a5e8-b05ab02e1fa6"
        ],
        "x-ms-routing-request-id": [
          "WESTUS:20160429T192542Z:1358b5a2-fb08-40ed-a5e8-b05ab02e1fa6"
        ],
        "Strict-Transport-Security": [
          "max-age=31536000; includeSubDomains"
        ],
        "Cache-Control": [
          "no-cache"
        ],
        "Date": [
          "Fri, 29 Apr 2016 19:25:41 GMT"
        ]
      },
      "StatusCode": 404
    },
    {
      "RequestUri": "/subscriptions/9532a63e-f2eb-4649-bb23-5ed01077ce80/resourcegroups/onesdk9183?api-version=2016-02-01",
      "EncodedRequestUri": "L3N1YnNjcmlwdGlvbnMvOTUzMmE2M2UtZjJlYi00NjQ5LWJiMjMtNWVkMDEwNzdjZTgwL3Jlc291cmNlZ3JvdXBzL29uZXNkazkxODM/YXBpLXZlcnNpb249MjAxNi0wMi0wMQ==",
      "RequestMethod": "HEAD",
      "RequestBody": "",
      "RequestHeaders": {
        "User-Agent": [
          "Microsoft.Azure.Management.Resources.ResourceManagementClient/2.0.0.0"
        ]
      },
      "ResponseBody": "",
      "ResponseHeaders": {
        "Content-Length": [
          "0"
        ],
        "Expires": [
          "-1"
        ],
        "Pragma": [
          "no-cache"
        ],
        "x-ms-ratelimit-remaining-subscription-reads": [
          "14976"
        ],
        "x-ms-request-id": [
          "33da0252-80c3-4786-aff1-05cbc385e450"
        ],
        "x-ms-correlation-request-id": [
          "33da0252-80c3-4786-aff1-05cbc385e450"
        ],
        "x-ms-routing-request-id": [
          "WESTUS:20160429T192902Z:33da0252-80c3-4786-aff1-05cbc385e450"
        ],
        "Strict-Transport-Security": [
          "max-age=31536000; includeSubDomains"
        ],
        "Cache-Control": [
          "no-cache"
        ],
        "Date": [
          "Fri, 29 Apr 2016 19:29:01 GMT"
        ]
      },
      "StatusCode": 204
    },
    {
      "RequestUri": "/subscriptions/9532a63e-f2eb-4649-bb23-5ed01077ce80/resourcegroups/onesdk9183?api-version=2016-02-01",
      "EncodedRequestUri": "L3N1YnNjcmlwdGlvbnMvOTUzMmE2M2UtZjJlYi00NjQ5LWJiMjMtNWVkMDEwNzdjZTgwL3Jlc291cmNlZ3JvdXBzL29uZXNkazkxODM/YXBpLXZlcnNpb249MjAxNi0wMi0wMQ==",
      "RequestMethod": "PUT",
      "RequestBody": "{\r\n  \"location\": \"West US\",\r\n  \"tags\": {\r\n    \"testtag\": \"testval\"\r\n  }\r\n}",
      "RequestHeaders": {
        "Content-Type": [
          "application/json; charset=utf-8"
        ],
        "Content-Length": [
          "74"
        ],
        "User-Agent": [
          "Microsoft.Azure.Management.Resources.ResourceManagementClient/2.0.0.0"
        ]
      },
      "ResponseBody": "{\r\n  \"id\": \"/subscriptions/9532a63e-f2eb-4649-bb23-5ed01077ce80/resourceGroups/onesdk9183\",\r\n  \"name\": \"onesdk9183\",\r\n  \"location\": \"westus\",\r\n  \"tags\": {\r\n    \"testtag\": \"testval\"\r\n  },\r\n  \"properties\": {\r\n    \"provisioningState\": \"Succeeded\"\r\n  }\r\n}",
      "ResponseHeaders": {
        "Content-Length": [
          "202"
        ],
        "Content-Type": [
          "application/json; charset=utf-8"
        ],
        "Expires": [
          "-1"
        ],
        "Pragma": [
          "no-cache"
        ],
        "x-ms-ratelimit-remaining-subscription-writes": [
          "1199"
        ],
        "x-ms-request-id": [
          "4f0e7994-9775-4179-ba7e-f72699c2e314"
        ],
        "x-ms-correlation-request-id": [
          "4f0e7994-9775-4179-ba7e-f72699c2e314"
        ],
        "x-ms-routing-request-id": [
          "WESTUS:20160429T192543Z:4f0e7994-9775-4179-ba7e-f72699c2e314"
        ],
        "Strict-Transport-Security": [
          "max-age=31536000; includeSubDomains"
        ],
        "Cache-Control": [
          "no-cache"
        ],
        "Date": [
          "Fri, 29 Apr 2016 19:25:42 GMT"
        ]
      },
      "StatusCode": 201
    },
    {
      "RequestUri": "/subscriptions/9532a63e-f2eb-4649-bb23-5ed01077ce80/resourceGroups/onesdk9183/resources?api-version=2016-02-01",
      "EncodedRequestUri": "L3N1YnNjcmlwdGlvbnMvOTUzMmE2M2UtZjJlYi00NjQ5LWJiMjMtNWVkMDEwNzdjZTgwL3Jlc291cmNlR3JvdXBzL29uZXNkazkxODMvcmVzb3VyY2VzP2FwaS12ZXJzaW9uPTIwMTYtMDItMDE=",
      "RequestMethod": "GET",
      "RequestBody": "",
      "RequestHeaders": {
        "User-Agent": [
          "Microsoft.Azure.Management.Resources.ResourceManagementClient/2.0.0.0"
        ]
      },
      "ResponseBody": "{\r\n  \"value\": []\r\n}",
      "ResponseHeaders": {
        "Content-Length": [
          "12"
        ],
        "Content-Type": [
          "application/json; charset=utf-8"
        ],
        "Expires": [
          "-1"
        ],
        "Pragma": [
          "no-cache"
        ],
        "x-ms-ratelimit-remaining-subscription-reads": [
          "14934"
        ],
        "x-ms-request-id": [
          "1595a376-7b40-463a-aefc-c5b6c93ccbd8"
        ],
        "x-ms-correlation-request-id": [
          "1595a376-7b40-463a-aefc-c5b6c93ccbd8"
        ],
        "x-ms-routing-request-id": [
          "WESTUS:20160429T192543Z:1595a376-7b40-463a-aefc-c5b6c93ccbd8"
        ],
        "Strict-Transport-Security": [
          "max-age=31536000; includeSubDomains"
        ],
        "Cache-Control": [
          "no-cache"
        ],
        "Date": [
          "Fri, 29 Apr 2016 19:25:43 GMT"
        ]
      },
      "StatusCode": 200
    },
    {
      "RequestUri": "/subscriptions/9532a63e-f2eb-4649-bb23-5ed01077ce80/resourceGroups/onesdk9183/providers/Microsoft.Network/publicIPAddresses/onesdk7849?api-version=2016-06-01",
      "EncodedRequestUri": "L3N1YnNjcmlwdGlvbnMvOTUzMmE2M2UtZjJlYi00NjQ5LWJiMjMtNWVkMDEwNzdjZTgwL3Jlc291cmNlR3JvdXBzL29uZXNkazkxODMvcHJvdmlkZXJzL01pY3Jvc29mdC5OZXR3b3JrL3B1YmxpY0lQQWRkcmVzc2VzL29uZXNkazc4NDk/YXBpLXZlcnNpb249MjAxNi0wNi0wMQ==",
      "RequestMethod": "GET",
      "RequestBody": "",
      "RequestHeaders": {
        "x-ms-client-request-id": [
          "ee902409-634e-4c64-b9e7-2e1e72811085"
        ],
        "accept-language": [
          "en-US"
        ],
        "User-Agent": [
          "Microsoft.Azure.Management.Network.NetworkManagementClient/4.0.0.0"
        ]
      },
      "ResponseBody": "{\r\n  \"error\": {\r\n    \"code\": \"ResourceNotFound\",\r\n    \"message\": \"The Resource 'Microsoft.Network/publicIPAddresses/onesdk7849' under resource group 'onesdk9183' was not found.\"\r\n  }\r\n}",
      "ResponseHeaders": {
        "Content-Length": [
          "160"
        ],
        "Content-Type": [
          "application/json; charset=utf-8"
        ],
        "Expires": [
          "-1"
        ],
        "Pragma": [
          "no-cache"
        ],
        "x-ms-failure-cause": [
          "gateway"
        ],
        "x-ms-request-id": [
          "fd3989a9-c0a9-44ed-b0d9-5415f5ddd040"
        ],
        "x-ms-correlation-request-id": [
          "fd3989a9-c0a9-44ed-b0d9-5415f5ddd040"
        ],
        "x-ms-routing-request-id": [
          "WESTUS:20160429T192550Z:fd3989a9-c0a9-44ed-b0d9-5415f5ddd040"
        ],
        "Strict-Transport-Security": [
          "max-age=31536000; includeSubDomains"
        ],
        "Cache-Control": [
          "no-cache"
        ],
        "Date": [
          "Fri, 29 Apr 2016 19:25:50 GMT"
        ]
      },
      "StatusCode": 404
    },
    {
      "RequestUri": "/subscriptions/9532a63e-f2eb-4649-bb23-5ed01077ce80/resourceGroups/onesdk9183/providers/Microsoft.Network/publicIPAddresses/onesdk7849?api-version=2016-06-01",
      "EncodedRequestUri": "L3N1YnNjcmlwdGlvbnMvOTUzMmE2M2UtZjJlYi00NjQ5LWJiMjMtNWVkMDEwNzdjZTgwL3Jlc291cmNlR3JvdXBzL29uZXNkazkxODMvcHJvdmlkZXJzL01pY3Jvc29mdC5OZXR3b3JrL3B1YmxpY0lQQWRkcmVzc2VzL29uZXNkazc4NDk/YXBpLXZlcnNpb249MjAxNi0wNi0wMQ==",
      "RequestMethod": "GET",
      "RequestBody": "",
      "RequestHeaders": {
        "User-Agent": [
          "Microsoft.Azure.Management.Network.NetworkManagementClient/4.0.0.0"
        ]
      },
      "ResponseBody": "{\r\n  \"name\": \"onesdk7849\",\r\n  \"id\": \"/subscriptions/9532a63e-f2eb-4649-bb23-5ed01077ce80/resourceGroups/onesdk9183/providers/Microsoft.Network/publicIPAddresses/onesdk7849\",\r\n  \"etag\": \"W/\\\"d5b1a236-44a4-4cb8-a9da-0b35794f1905\\\"\",\r\n  \"type\": \"Microsoft.Network/publicIPAddresses\",\r\n  \"location\": \"eastus\",\r\n  \"properties\": {\r\n    \"provisioningState\": \"Succeeded\",\r\n    \"resourceGuid\": \"904b5181-a159-42d0-bb5d-efb2dfd3f17b\",\r\n    \"publicIPAddressVersion\": \"IPv4\",\r\n    \"publicIPAllocationMethod\": \"Dynamic\",\r\n    \"idleTimeoutInMinutes\": 4,\r\n    \"dnsSettings\": {\r\n      \"domainNameLabel\": \"onesdk1752\",\r\n      \"fqdn\": \"onesdk1752.eastus.cloudapp.azure.com\"\r\n    }\r\n  }\r\n}",
      "ResponseHeaders": {
        "Content-Length": [
          "670"
        ],
        "Content-Type": [
          "application/json; charset=utf-8"
        ],
        "Expires": [
          "-1"
        ],
        "Pragma": [
          "no-cache"
        ],
        "x-ms-request-id": [
          "0bf82153-f84b-4682-82de-771f6087bc71"
        ],
        "Strict-Transport-Security": [
          "max-age=31536000; includeSubDomains"
        ],
        "Cache-Control": [
          "no-cache"
        ],
        "ETag": [
          "W/\"d5b1a236-44a4-4cb8-a9da-0b35794f1905\""
        ],
        "Server": [
          "Microsoft-HTTPAPI/2.0",
          "Microsoft-HTTPAPI/2.0"
        ],
        "x-ms-ratelimit-remaining-subscription-reads": [
          "14908"
        ],
        "x-ms-correlation-request-id": [
          "7ecca917-6c29-407e-adcc-0d6b07d9e0bf"
        ],
        "x-ms-routing-request-id": [
          "WESTUS:20160429T192623Z:7ecca917-6c29-407e-adcc-0d6b07d9e0bf"
        ],
        "Date": [
          "Fri, 29 Apr 2016 19:26:23 GMT"
        ],
        "Connection": [
          "close"
        ]
      },
      "StatusCode": 200
    },
    {
      "RequestUri": "/subscriptions/9532a63e-f2eb-4649-bb23-5ed01077ce80/resourceGroups/onesdk9183/providers/Microsoft.Network/publicIPAddresses/onesdk7849?api-version=2016-06-01",
      "EncodedRequestUri": "L3N1YnNjcmlwdGlvbnMvOTUzMmE2M2UtZjJlYi00NjQ5LWJiMjMtNWVkMDEwNzdjZTgwL3Jlc291cmNlR3JvdXBzL29uZXNkazkxODMvcHJvdmlkZXJzL01pY3Jvc29mdC5OZXR3b3JrL3B1YmxpY0lQQWRkcmVzc2VzL29uZXNkazc4NDk/YXBpLXZlcnNpb249MjAxNi0wNi0wMQ==",
      "RequestMethod": "GET",
      "RequestBody": "",
      "RequestHeaders": {
        "x-ms-client-request-id": [
          "6db32294-d5ec-46cf-aeb7-89a23fbebd8c"
        ],
        "accept-language": [
          "en-US"
        ],
        "User-Agent": [
          "Microsoft.Azure.Management.Network.NetworkManagementClient/4.0.0.0"
        ]
      },
      "ResponseBody": "{\r\n  \"name\": \"onesdk7849\",\r\n  \"id\": \"/subscriptions/9532a63e-f2eb-4649-bb23-5ed01077ce80/resourceGroups/onesdk9183/providers/Microsoft.Network/publicIPAddresses/onesdk7849\",\r\n  \"etag\": \"W/\\\"d5b1a236-44a4-4cb8-a9da-0b35794f1905\\\"\",\r\n  \"type\": \"Microsoft.Network/publicIPAddresses\",\r\n  \"location\": \"eastus\",\r\n  \"properties\": {\r\n    \"provisioningState\": \"Succeeded\",\r\n    \"resourceGuid\": \"904b5181-a159-42d0-bb5d-efb2dfd3f17b\",\r\n    \"publicIPAddressVersion\": \"IPv4\",\r\n    \"publicIPAllocationMethod\": \"Dynamic\",\r\n    \"idleTimeoutInMinutes\": 4,\r\n    \"dnsSettings\": {\r\n      \"domainNameLabel\": \"onesdk1752\",\r\n      \"fqdn\": \"onesdk1752.eastus.cloudapp.azure.com\"\r\n    }\r\n  }\r\n}",
      "ResponseHeaders": {
        "Content-Length": [
          "670"
        ],
        "Content-Type": [
          "application/json; charset=utf-8"
        ],
        "Expires": [
          "-1"
        ],
        "Pragma": [
          "no-cache"
        ],
        "x-ms-request-id": [
          "7c752b5e-9d45-4db8-bcef-12f6a634523f"
        ],
        "Strict-Transport-Security": [
          "max-age=31536000; includeSubDomains"
        ],
        "Cache-Control": [
          "no-cache"
        ],
        "ETag": [
          "W/\"d5b1a236-44a4-4cb8-a9da-0b35794f1905\""
        ],
        "Server": [
          "Microsoft-HTTPAPI/2.0",
          "Microsoft-HTTPAPI/2.0"
        ],
        "x-ms-ratelimit-remaining-subscription-reads": [
          "14945"
        ],
        "x-ms-correlation-request-id": [
          "406f7541-6936-4cd2-aa76-41e30aec0def"
        ],
        "x-ms-routing-request-id": [
          "WESTUS:20160429T192623Z:406f7541-6936-4cd2-aa76-41e30aec0def"
        ],
        "Date": [
          "Fri, 29 Apr 2016 19:26:23 GMT"
        ]
      },
      "StatusCode": 200
    },
    {
      "RequestUri": "/subscriptions/9532a63e-f2eb-4649-bb23-5ed01077ce80/resourceGroups/onesdk9183/providers/Microsoft.Network/publicIPAddresses/onesdk7849?api-version=2016-06-01",
      "EncodedRequestUri": "L3N1YnNjcmlwdGlvbnMvOTUzMmE2M2UtZjJlYi00NjQ5LWJiMjMtNWVkMDEwNzdjZTgwL3Jlc291cmNlR3JvdXBzL29uZXNkazkxODMvcHJvdmlkZXJzL01pY3Jvc29mdC5OZXR3b3JrL3B1YmxpY0lQQWRkcmVzc2VzL29uZXNkazc4NDk/YXBpLXZlcnNpb249MjAxNi0wNi0wMQ==",
      "RequestMethod": "GET",
      "RequestBody": "",
      "RequestHeaders": {
        "x-ms-client-request-id": [
          "f0699d01-b3ab-49f6-b7fc-ea68431cd53e"
        ],
        "accept-language": [
          "en-US"
        ],
        "User-Agent": [
          "Microsoft.Azure.Management.Network.NetworkManagementClient/4.0.0.0"
        ]
      },
      "ResponseBody": "{\r\n  \"name\": \"onesdk7849\",\r\n  \"id\": \"/subscriptions/9532a63e-f2eb-4649-bb23-5ed01077ce80/resourceGroups/onesdk9183/providers/Microsoft.Network/publicIPAddresses/onesdk7849\",\r\n  \"etag\": \"W/\\\"d5b1a236-44a4-4cb8-a9da-0b35794f1905\\\"\",\r\n  \"type\": \"Microsoft.Network/publicIPAddresses\",\r\n  \"location\": \"eastus\",\r\n  \"properties\": {\r\n    \"provisioningState\": \"Succeeded\",\r\n    \"resourceGuid\": \"904b5181-a159-42d0-bb5d-efb2dfd3f17b\",\r\n    \"publicIPAddressVersion\": \"IPv4\",\r\n    \"publicIPAllocationMethod\": \"Dynamic\",\r\n    \"idleTimeoutInMinutes\": 4,\r\n    \"dnsSettings\": {\r\n      \"domainNameLabel\": \"onesdk1752\",\r\n      \"fqdn\": \"onesdk1752.eastus.cloudapp.azure.com\"\r\n    }\r\n  }\r\n}",
      "ResponseHeaders": {
        "Content-Length": [
          "670"
        ],
        "Content-Type": [
          "application/json; charset=utf-8"
        ],
        "Expires": [
          "-1"
        ],
        "Pragma": [
          "no-cache"
        ],
        "x-ms-request-id": [
          "d90dfc76-2189-4db6-ae25-2f21c0acdccc"
        ],
        "Strict-Transport-Security": [
          "max-age=31536000; includeSubDomains"
        ],
        "Cache-Control": [
          "no-cache"
        ],
        "ETag": [
          "W/\"d5b1a236-44a4-4cb8-a9da-0b35794f1905\""
        ],
        "Server": [
          "Microsoft-HTTPAPI/2.0",
          "Microsoft-HTTPAPI/2.0"
        ],
        "x-ms-ratelimit-remaining-subscription-reads": [
          "14944"
        ],
        "x-ms-correlation-request-id": [
          "7b103a44-91d4-4511-ad47-36cbef4d8006"
        ],
        "x-ms-routing-request-id": [
          "WESTUS:20160429T192624Z:7b103a44-91d4-4511-ad47-36cbef4d8006"
        ],
        "Date": [
          "Fri, 29 Apr 2016 19:26:23 GMT"
        ]
      },
      "StatusCode": 200
    },
    {
      "RequestUri": "/subscriptions/9532a63e-f2eb-4649-bb23-5ed01077ce80/resourceGroups/onesdk9183/providers/Microsoft.Network/publicIPAddresses/onesdk7849?api-version=2016-06-01",
      "EncodedRequestUri": "L3N1YnNjcmlwdGlvbnMvOTUzMmE2M2UtZjJlYi00NjQ5LWJiMjMtNWVkMDEwNzdjZTgwL3Jlc291cmNlR3JvdXBzL29uZXNkazkxODMvcHJvdmlkZXJzL01pY3Jvc29mdC5OZXR3b3JrL3B1YmxpY0lQQWRkcmVzc2VzL29uZXNkazc4NDk/YXBpLXZlcnNpb249MjAxNi0wNi0wMQ==",
      "RequestMethod": "PUT",
      "RequestBody": "{\r\n  \"location\": \"East US\",\r\n  \"properties\": {\r\n    \"publicIPAllocationMethod\": \"Dynamic\",\r\n    \"dnsSettings\": {\r\n      \"domainNameLabel\": \"onesdk1752\"\r\n    }\r\n  }\r\n}",
      "RequestHeaders": {
        "Content-Type": [
          "application/json; charset=utf-8"
        ],
        "Content-Length": [
          "166"
        ],
        "x-ms-client-request-id": [
          "8093af7f-183f-4a68-b3c3-21692dcf4c76"
        ],
        "accept-language": [
          "en-US"
        ],
        "User-Agent": [
          "Microsoft.Azure.Management.Network.NetworkManagementClient/4.0.0.0"
        ]
      },
      "ResponseBody": "{\r\n  \"name\": \"onesdk7849\",\r\n  \"id\": \"/subscriptions/9532a63e-f2eb-4649-bb23-5ed01077ce80/resourceGroups/onesdk9183/providers/Microsoft.Network/publicIPAddresses/onesdk7849\",\r\n  \"etag\": \"W/\\\"0ed4cca1-2732-4e73-877f-4c13a30f33a4\\\"\",\r\n  \"type\": \"Microsoft.Network/publicIPAddresses\",\r\n  \"location\": \"eastus\",\r\n  \"properties\": {\r\n    \"provisioningState\": \"Updating\",\r\n    \"resourceGuid\": \"904b5181-a159-42d0-bb5d-efb2dfd3f17b\",\r\n    \"publicIPAddressVersion\": \"IPv4\",\r\n    \"publicIPAllocationMethod\": \"Dynamic\",\r\n    \"idleTimeoutInMinutes\": 4,\r\n    \"dnsSettings\": {\r\n      \"domainNameLabel\": \"onesdk1752\",\r\n      \"fqdn\": \"onesdk1752.eastus.cloudapp.azure.com\"\r\n    }\r\n  }\r\n}",
      "ResponseHeaders": {
        "Content-Length": [
          "669"
        ],
        "Content-Type": [
          "application/json; charset=utf-8"
        ],
        "Expires": [
          "-1"
        ],
        "Pragma": [
          "no-cache"
        ],
        "Retry-After": [
          "10"
        ],
        "x-ms-request-id": [
          "9f57a71b-b3a7-4a9e-ac53-aee95e4d8a0e"
        ],
        "Azure-AsyncOperation": [
          "https://management.azure.com/subscriptions/9532a63e-f2eb-4649-bb23-5ed01077ce80/providers/Microsoft.Network/locations/eastus/operations/9f57a71b-b3a7-4a9e-ac53-aee95e4d8a0e?api-version=2016-06-01"
        ],
        "Strict-Transport-Security": [
          "max-age=31536000; includeSubDomains"
        ],
        "Cache-Control": [
          "no-cache"
        ],
        "Server": [
          "Microsoft-HTTPAPI/2.0",
          "Microsoft-HTTPAPI/2.0"
        ],
        "x-ms-ratelimit-remaining-subscription-writes": [
          "1127"
        ],
        "x-ms-correlation-request-id": [
          "7029b86f-98c1-4a0b-8e7e-ebe322df4934"
        ],
        "x-ms-routing-request-id": [
          "WESTUS:20160429T192552Z:7029b86f-98c1-4a0b-8e7e-ebe322df4934"
        ],
        "Date": [
          "Fri, 29 Apr 2016 19:25:52 GMT"
        ]
      },
      "StatusCode": 201
    },
    {
      "RequestUri": "/subscriptions/9532a63e-f2eb-4649-bb23-5ed01077ce80/providers/Microsoft.Network/locations/eastus/operations/9f57a71b-b3a7-4a9e-ac53-aee95e4d8a0e?api-version=2016-06-01",
      "EncodedRequestUri": "L3N1YnNjcmlwdGlvbnMvOTUzMmE2M2UtZjJlYi00NjQ5LWJiMjMtNWVkMDEwNzdjZTgwL3Byb3ZpZGVycy9NaWNyb3NvZnQuTmV0d29yay9sb2NhdGlvbnMvZWFzdHVzL29wZXJhdGlvbnMvOWY1N2E3MWItYjNhNy00YTllLWFjNTMtYWVlOTVlNGQ4YTBlP2FwaS12ZXJzaW9uPTIwMTYtMDYtMDE=",
      "RequestMethod": "GET",
      "RequestBody": "",
      "RequestHeaders": {
        "User-Agent": [
          "Microsoft.Azure.Management.Network.NetworkManagementClient/4.0.0.0"
        ]
      },
      "ResponseBody": "{\r\n  \"status\": \"Succeeded\"\r\n}",
      "ResponseHeaders": {
        "Content-Length": [
          "29"
        ],
        "Content-Type": [
          "application/json; charset=utf-8"
        ],
        "Expires": [
          "-1"
        ],
        "Pragma": [
          "no-cache"
        ],
        "x-ms-request-id": [
          "f6df8140-8027-4e06-a47a-31c4bd182119"
        ],
        "Strict-Transport-Security": [
          "max-age=31536000; includeSubDomains"
        ],
        "Cache-Control": [
          "no-cache"
        ],
        "Server": [
          "Microsoft-HTTPAPI/2.0",
          "Microsoft-HTTPAPI/2.0"
        ],
        "x-ms-ratelimit-remaining-subscription-reads": [
          "14909"
        ],
        "x-ms-correlation-request-id": [
          "b9349aea-0e03-41a3-b413-a5468500f3a7"
        ],
        "x-ms-routing-request-id": [
          "WESTUS:20160429T192623Z:b9349aea-0e03-41a3-b413-a5468500f3a7"
        ],
        "Date": [
          "Fri, 29 Apr 2016 19:26:22 GMT"
        ]
      },
      "StatusCode": 200
    },
    {
      "RequestUri": "/subscriptions/9532a63e-f2eb-4649-bb23-5ed01077ce80/resourceGroups/onesdk9183/providers/Microsoft.Network/publicIPAddresses?api-version=2016-06-01",
      "EncodedRequestUri": "L3N1YnNjcmlwdGlvbnMvOTUzMmE2M2UtZjJlYi00NjQ5LWJiMjMtNWVkMDEwNzdjZTgwL3Jlc291cmNlR3JvdXBzL29uZXNkazkxODMvcHJvdmlkZXJzL01pY3Jvc29mdC5OZXR3b3JrL3B1YmxpY0lQQWRkcmVzc2VzP2FwaS12ZXJzaW9uPTIwMTYtMDYtMDE=",
      "RequestMethod": "GET",
      "RequestBody": "",
      "RequestHeaders": {
        "x-ms-client-request-id": [
          "ce718f2e-462c-419b-b75a-643d8f8bb231"
        ],
        "accept-language": [
          "en-US"
        ],
        "User-Agent": [
          "Microsoft.Azure.Management.Network.NetworkManagementClient/4.0.0.0"
        ]
      },
      "ResponseBody": "{\r\n  \"value\": [\r\n    {\r\n      \"name\": \"onesdk7849\",\r\n      \"id\": \"/subscriptions/9532a63e-f2eb-4649-bb23-5ed01077ce80/resourceGroups/onesdk9183/providers/Microsoft.Network/publicIPAddresses/onesdk7849\",\r\n      \"etag\": \"W/\\\"d5b1a236-44a4-4cb8-a9da-0b35794f1905\\\"\",\r\n      \"type\": \"Microsoft.Network/publicIPAddresses\",\r\n      \"location\": \"eastus\",\r\n      \"properties\": {\r\n        \"provisioningState\": \"Succeeded\",\r\n        \"resourceGuid\": \"904b5181-a159-42d0-bb5d-efb2dfd3f17b\",\r\n        \"publicIPAddressVersion\": \"IPv4\",\r\n        \"publicIPAllocationMethod\": \"Dynamic\",\r\n        \"idleTimeoutInMinutes\": 4,\r\n        \"dnsSettings\": {\r\n          \"domainNameLabel\": \"onesdk1752\",\r\n          \"fqdn\": \"onesdk1752.eastus.cloudapp.azure.com\"\r\n        }\r\n      }\r\n    }\r\n  ]\r\n}",
      "ResponseHeaders": {
        "Content-Length": [
          "767"
        ],
        "Content-Type": [
          "application/json; charset=utf-8"
        ],
        "Expires": [
          "-1"
        ],
        "Pragma": [
          "no-cache"
        ],
        "x-ms-request-id": [
          "a587fe91-b102-4d78-bf35-b6d5016273b1"
        ],
        "Strict-Transport-Security": [
          "max-age=31536000; includeSubDomains"
        ],
        "Cache-Control": [
          "no-cache"
        ],
        "Server": [
          "Microsoft-HTTPAPI/2.0",
          "Microsoft-HTTPAPI/2.0"
        ],
        "x-ms-ratelimit-remaining-subscription-reads": [
          "14943"
        ],
        "x-ms-correlation-request-id": [
          "edabd3cb-10ec-4f39-ba56-a9cb58ed4c67"
        ],
        "x-ms-routing-request-id": [
          "WESTUS:20160429T192624Z:edabd3cb-10ec-4f39-ba56-a9cb58ed4c67"
        ],
        "Date": [
          "Fri, 29 Apr 2016 19:26:23 GMT"
        ]
      },
      "StatusCode": 200
    },
    {
      "RequestUri": "/subscriptions/9532a63e-f2eb-4649-bb23-5ed01077ce80/resourceGroups/onesdk9183/providers/Microsoft.Network/publicIPAddresses?api-version=2016-06-01",
      "EncodedRequestUri": "L3N1YnNjcmlwdGlvbnMvOTUzMmE2M2UtZjJlYi00NjQ5LWJiMjMtNWVkMDEwNzdjZTgwL3Jlc291cmNlR3JvdXBzL29uZXNkazkxODMvcHJvdmlkZXJzL01pY3Jvc29mdC5OZXR3b3JrL3B1YmxpY0lQQWRkcmVzc2VzP2FwaS12ZXJzaW9uPTIwMTYtMDYtMDE=",
      "RequestMethod": "GET",
      "RequestBody": "",
      "RequestHeaders": {
        "x-ms-client-request-id": [
          "b80eef9a-a7f5-4663-aeaa-c3eea01bf9e7"
        ],
        "accept-language": [
          "en-US"
        ],
        "User-Agent": [
          "Microsoft.Azure.Management.Network.NetworkManagementClient/4.0.0.0"
        ]
      },
      "ResponseBody": "{\r\n  \"value\": []\r\n}",
      "ResponseHeaders": {
        "Content-Length": [
          "12"
        ],
        "Content-Type": [
          "application/json; charset=utf-8"
        ],
        "Expires": [
          "-1"
        ],
        "Pragma": [
          "no-cache"
        ],
        "x-ms-ratelimit-remaining-subscription-reads": [
          "14938"
        ],
        "x-ms-request-id": [
          "f9f831a1-a690-4148-a21c-c29ec6e84fce"
        ],
        "x-ms-correlation-request-id": [
          "f9f831a1-a690-4148-a21c-c29ec6e84fce"
        ],
        "x-ms-routing-request-id": [
          "WESTUS:20160429T192902Z:f9f831a1-a690-4148-a21c-c29ec6e84fce"
        ],
        "Strict-Transport-Security": [
          "max-age=31536000; includeSubDomains"
        ],
        "Cache-Control": [
          "no-cache"
        ],
        "Date": [
          "Fri, 29 Apr 2016 19:29:01 GMT"
        ]
      },
      "StatusCode": 200
    },
    {
      "RequestUri": "/subscriptions/9532a63e-f2eb-4649-bb23-5ed01077ce80/resourceGroups/onesdk9183/providers/Microsoft.Network/publicIPAddresses/onesdk9782?api-version=2016-06-01",
      "EncodedRequestUri": "L3N1YnNjcmlwdGlvbnMvOTUzMmE2M2UtZjJlYi00NjQ5LWJiMjMtNWVkMDEwNzdjZTgwL3Jlc291cmNlR3JvdXBzL29uZXNkazkxODMvcHJvdmlkZXJzL01pY3Jvc29mdC5OZXR3b3JrL3B1YmxpY0lQQWRkcmVzc2VzL29uZXNkazk3ODI/YXBpLXZlcnNpb249MjAxNi0wNi0wMQ==",
      "RequestMethod": "GET",
      "RequestBody": "",
      "RequestHeaders": {
        "x-ms-client-request-id": [
          "6d70b283-c156-4693-8ea5-a014641dd268"
        ],
        "accept-language": [
          "en-US"
        ],
        "User-Agent": [
          "Microsoft.Azure.Management.Network.NetworkManagementClient/4.0.0.0"
        ]
      },
      "ResponseBody": "{\r\n  \"error\": {\r\n    \"code\": \"ResourceNotFound\",\r\n    \"message\": \"The Resource 'Microsoft.Network/publicIPAddresses/onesdk9782' under resource group 'onesdk9183' was not found.\"\r\n  }\r\n}",
      "ResponseHeaders": {
        "Content-Length": [
          "160"
        ],
        "Content-Type": [
          "application/json; charset=utf-8"
        ],
        "Expires": [
          "-1"
        ],
        "Pragma": [
          "no-cache"
        ],
        "x-ms-failure-cause": [
          "gateway"
        ],
        "x-ms-request-id": [
          "96ee70f5-02c3-4b0a-a576-9e89025054bf"
        ],
        "x-ms-correlation-request-id": [
          "96ee70f5-02c3-4b0a-a576-9e89025054bf"
        ],
        "x-ms-routing-request-id": [
          "WESTUS:20160429T192624Z:96ee70f5-02c3-4b0a-a576-9e89025054bf"
        ],
        "Strict-Transport-Security": [
          "max-age=31536000; includeSubDomains"
        ],
        "Cache-Control": [
          "no-cache"
        ],
        "Date": [
          "Fri, 29 Apr 2016 19:26:24 GMT"
        ]
      },
      "StatusCode": 404
    },
    {
      "RequestUri": "/subscriptions/9532a63e-f2eb-4649-bb23-5ed01077ce80/resourceGroups/onesdk9183/providers/Microsoft.Network/publicIPAddresses/onesdk9782?api-version=2016-06-01",
      "EncodedRequestUri": "L3N1YnNjcmlwdGlvbnMvOTUzMmE2M2UtZjJlYi00NjQ5LWJiMjMtNWVkMDEwNzdjZTgwL3Jlc291cmNlR3JvdXBzL29uZXNkazkxODMvcHJvdmlkZXJzL01pY3Jvc29mdC5OZXR3b3JrL3B1YmxpY0lQQWRkcmVzc2VzL29uZXNkazk3ODI/YXBpLXZlcnNpb249MjAxNi0wNi0wMQ==",
      "RequestMethod": "GET",
      "RequestBody": "",
      "RequestHeaders": {
        "User-Agent": [
          "Microsoft.Azure.Management.Network.NetworkManagementClient/4.0.0.0"
        ]
      },
      "ResponseBody": "{\r\n  \"name\": \"onesdk9782\",\r\n  \"id\": \"/subscriptions/9532a63e-f2eb-4649-bb23-5ed01077ce80/resourceGroups/onesdk9183/providers/Microsoft.Network/publicIPAddresses/onesdk9782\",\r\n  \"etag\": \"W/\\\"70d61f39-594f-4c91-8a60-d453b2ace252\\\"\",\r\n  \"type\": \"Microsoft.Network/publicIPAddresses\",\r\n  \"location\": \"eastus\",\r\n  \"properties\": {\r\n    \"provisioningState\": \"Succeeded\",\r\n    \"resourceGuid\": \"23160a7b-314a-4a2b-a9ad-2e932b6d57c9\",\r\n    \"publicIPAddressVersion\": \"IPv4\",\r\n    \"publicIPAllocationMethod\": \"Dynamic\",\r\n    \"idleTimeoutInMinutes\": 4\r\n  }\r\n}",
      "ResponseHeaders": {
        "Content-Length": [
          "546"
        ],
        "Content-Type": [
          "application/json; charset=utf-8"
        ],
        "Expires": [
          "-1"
        ],
        "Pragma": [
          "no-cache"
        ],
        "x-ms-request-id": [
          "d98b70f1-bc13-4b2b-a470-7011092d1e95"
        ],
        "Strict-Transport-Security": [
          "max-age=31536000; includeSubDomains"
        ],
        "Cache-Control": [
          "no-cache"
        ],
        "ETag": [
          "W/\"70d61f39-594f-4c91-8a60-d453b2ace252\""
        ],
        "Server": [
          "Microsoft-HTTPAPI/2.0",
          "Microsoft-HTTPAPI/2.0"
        ],
        "x-ms-ratelimit-remaining-subscription-reads": [
          "14940"
        ],
        "x-ms-correlation-request-id": [
          "6fff5e52-9f5b-4a32-941e-eee1b4cc4b31"
        ],
        "x-ms-routing-request-id": [
          "WESTUS:20160429T192656Z:6fff5e52-9f5b-4a32-941e-eee1b4cc4b31"
        ],
        "Date": [
          "Fri, 29 Apr 2016 19:26:56 GMT"
        ]
      },
      "StatusCode": 200
    },
    {
      "RequestUri": "/subscriptions/9532a63e-f2eb-4649-bb23-5ed01077ce80/resourceGroups/onesdk9183/providers/Microsoft.Network/publicIPAddresses/onesdk9782?api-version=2016-06-01",
      "EncodedRequestUri": "L3N1YnNjcmlwdGlvbnMvOTUzMmE2M2UtZjJlYi00NjQ5LWJiMjMtNWVkMDEwNzdjZTgwL3Jlc291cmNlR3JvdXBzL29uZXNkazkxODMvcHJvdmlkZXJzL01pY3Jvc29mdC5OZXR3b3JrL3B1YmxpY0lQQWRkcmVzc2VzL29uZXNkazk3ODI/YXBpLXZlcnNpb249MjAxNi0wNi0wMQ==",
      "RequestMethod": "GET",
      "RequestBody": "",
      "RequestHeaders": {
        "x-ms-client-request-id": [
          "4063572d-8e9a-4322-9def-db42b8d94ae2"
        ],
        "accept-language": [
          "en-US"
        ],
        "User-Agent": [
          "Microsoft.Azure.Management.Network.NetworkManagementClient/4.0.0.0"
        ]
      },
      "ResponseBody": "{\r\n  \"name\": \"onesdk9782\",\r\n  \"id\": \"/subscriptions/9532a63e-f2eb-4649-bb23-5ed01077ce80/resourceGroups/onesdk9183/providers/Microsoft.Network/publicIPAddresses/onesdk9782\",\r\n  \"etag\": \"W/\\\"70d61f39-594f-4c91-8a60-d453b2ace252\\\"\",\r\n  \"type\": \"Microsoft.Network/publicIPAddresses\",\r\n  \"location\": \"eastus\",\r\n  \"properties\": {\r\n    \"provisioningState\": \"Succeeded\",\r\n    \"resourceGuid\": \"23160a7b-314a-4a2b-a9ad-2e932b6d57c9\",\r\n    \"publicIPAddressVersion\": \"IPv4\",\r\n    \"publicIPAllocationMethod\": \"Dynamic\",\r\n    \"idleTimeoutInMinutes\": 4\r\n  }\r\n}",
      "ResponseHeaders": {
        "Content-Length": [
          "546"
        ],
        "Content-Type": [
          "application/json; charset=utf-8"
        ],
        "Expires": [
          "-1"
        ],
        "Pragma": [
          "no-cache"
        ],
        "x-ms-request-id": [
          "c88bc704-74a1-49f3-bd62-a4da0a9cdf6f"
        ],
        "Strict-Transport-Security": [
          "max-age=31536000; includeSubDomains"
        ],
        "Cache-Control": [
          "no-cache"
        ],
        "ETag": [
          "W/\"70d61f39-594f-4c91-8a60-d453b2ace252\""
        ],
        "Server": [
          "Microsoft-HTTPAPI/2.0",
          "Microsoft-HTTPAPI/2.0"
        ],
        "x-ms-ratelimit-remaining-subscription-reads": [
          "14939"
        ],
        "x-ms-correlation-request-id": [
          "dcd0b33c-141e-4956-8973-ba650dee5f7b"
        ],
        "x-ms-routing-request-id": [
          "WESTUS:20160429T192656Z:dcd0b33c-141e-4956-8973-ba650dee5f7b"
        ],
        "Date": [
          "Fri, 29 Apr 2016 19:26:56 GMT"
        ]
      },
      "StatusCode": 200
    },
    {
      "RequestUri": "/subscriptions/9532a63e-f2eb-4649-bb23-5ed01077ce80/resourceGroups/onesdk9183/providers/Microsoft.Network/publicIPAddresses/onesdk9782?api-version=2016-06-01",
      "EncodedRequestUri": "L3N1YnNjcmlwdGlvbnMvOTUzMmE2M2UtZjJlYi00NjQ5LWJiMjMtNWVkMDEwNzdjZTgwL3Jlc291cmNlR3JvdXBzL29uZXNkazkxODMvcHJvdmlkZXJzL01pY3Jvc29mdC5OZXR3b3JrL3B1YmxpY0lQQWRkcmVzc2VzL29uZXNkazk3ODI/YXBpLXZlcnNpb249MjAxNi0wNi0wMQ==",
      "RequestMethod": "GET",
      "RequestBody": "",
      "RequestHeaders": {
        "x-ms-client-request-id": [
          "36fb688f-c890-4a28-b409-b698fcb334aa"
        ],
        "accept-language": [
          "en-US"
        ],
        "User-Agent": [
          "Microsoft.Azure.Management.Network.NetworkManagementClient/4.0.0.0"
        ]
      },
      "ResponseBody": "{\r\n  \"name\": \"onesdk9782\",\r\n  \"id\": \"/subscriptions/9532a63e-f2eb-4649-bb23-5ed01077ce80/resourceGroups/onesdk9183/providers/Microsoft.Network/publicIPAddresses/onesdk9782\",\r\n  \"etag\": \"W/\\\"70d61f39-594f-4c91-8a60-d453b2ace252\\\"\",\r\n  \"type\": \"Microsoft.Network/publicIPAddresses\",\r\n  \"location\": \"eastus\",\r\n  \"properties\": {\r\n    \"provisioningState\": \"Succeeded\",\r\n    \"resourceGuid\": \"23160a7b-314a-4a2b-a9ad-2e932b6d57c9\",\r\n    \"publicIPAddressVersion\": \"IPv4\",\r\n    \"publicIPAllocationMethod\": \"Dynamic\",\r\n    \"idleTimeoutInMinutes\": 4\r\n  }\r\n}",
      "ResponseHeaders": {
        "Content-Length": [
          "546"
        ],
        "Content-Type": [
          "application/json; charset=utf-8"
        ],
        "Expires": [
          "-1"
        ],
        "Pragma": [
          "no-cache"
        ],
        "x-ms-request-id": [
          "6cf9843f-fe13-46ce-80ba-185f42db5841"
        ],
        "Strict-Transport-Security": [
          "max-age=31536000; includeSubDomains"
        ],
        "Cache-Control": [
          "no-cache"
        ],
        "ETag": [
          "W/\"70d61f39-594f-4c91-8a60-d453b2ace252\""
        ],
        "Server": [
          "Microsoft-HTTPAPI/2.0",
          "Microsoft-HTTPAPI/2.0"
        ],
        "x-ms-ratelimit-remaining-subscription-reads": [
          "14938"
        ],
        "x-ms-correlation-request-id": [
          "fbb2b557-bf77-482f-8192-32c4500555f4"
        ],
        "x-ms-routing-request-id": [
          "WESTUS:20160429T192656Z:fbb2b557-bf77-482f-8192-32c4500555f4"
        ],
        "Date": [
          "Fri, 29 Apr 2016 19:26:56 GMT"
        ]
      },
      "StatusCode": 200
    },
    {
      "RequestUri": "/subscriptions/9532a63e-f2eb-4649-bb23-5ed01077ce80/resourceGroups/onesdk9183/providers/Microsoft.Network/publicIPAddresses/onesdk9782?api-version=2016-06-01",
      "EncodedRequestUri": "L3N1YnNjcmlwdGlvbnMvOTUzMmE2M2UtZjJlYi00NjQ5LWJiMjMtNWVkMDEwNzdjZTgwL3Jlc291cmNlR3JvdXBzL29uZXNkazkxODMvcHJvdmlkZXJzL01pY3Jvc29mdC5OZXR3b3JrL3B1YmxpY0lQQWRkcmVzc2VzL29uZXNkazk3ODI/YXBpLXZlcnNpb249MjAxNi0wNi0wMQ==",
      "RequestMethod": "PUT",
      "RequestBody": "{\r\n  \"location\": \"East US\",\r\n  \"properties\": {\r\n    \"publicIPAllocationMethod\": \"Dynamic\",\r\n    \"publicIPAddressVersion\": \"IPv4\"\r\n  }\r\n}",
      "RequestHeaders": {
        "Content-Type": [
          "application/json; charset=utf-8"
        ],
        "Content-Length": [
          "136"
        ],
        "x-ms-client-request-id": [
          "3b36f4bd-6615-48d5-b73e-4a8802932077"
        ],
        "accept-language": [
          "en-US"
        ],
        "User-Agent": [
          "Microsoft.Azure.Management.Network.NetworkManagementClient/4.0.0.0"
        ]
      },
      "ResponseBody": "{\r\n  \"name\": \"onesdk9782\",\r\n  \"id\": \"/subscriptions/9532a63e-f2eb-4649-bb23-5ed01077ce80/resourceGroups/onesdk9183/providers/Microsoft.Network/publicIPAddresses/onesdk9782\",\r\n  \"etag\": \"W/\\\"527dd480-f7e4-4459-a80e-3f5613e38cce\\\"\",\r\n  \"type\": \"Microsoft.Network/publicIPAddresses\",\r\n  \"location\": \"eastus\",\r\n  \"properties\": {\r\n    \"provisioningState\": \"Updating\",\r\n    \"resourceGuid\": \"23160a7b-314a-4a2b-a9ad-2e932b6d57c9\",\r\n    \"publicIPAddressVersion\": \"IPv4\",\r\n    \"publicIPAllocationMethod\": \"Dynamic\",\r\n    \"idleTimeoutInMinutes\": 4\r\n  }\r\n}",
      "ResponseHeaders": {
        "Content-Length": [
          "545"
        ],
        "Content-Type": [
          "application/json; charset=utf-8"
        ],
        "Expires": [
          "-1"
        ],
        "Pragma": [
          "no-cache"
        ],
        "Retry-After": [
          "10"
        ],
        "x-ms-request-id": [
          "601a403f-24c8-4587-b0da-a576738e5e85"
        ],
        "Azure-AsyncOperation": [
          "https://management.azure.com/subscriptions/9532a63e-f2eb-4649-bb23-5ed01077ce80/providers/Microsoft.Network/locations/eastus/operations/601a403f-24c8-4587-b0da-a576738e5e85?api-version=2016-06-01"
        ],
        "Strict-Transport-Security": [
          "max-age=31536000; includeSubDomains"
        ],
        "Cache-Control": [
          "no-cache"
        ],
        "Server": [
          "Microsoft-HTTPAPI/2.0",
          "Microsoft-HTTPAPI/2.0"
        ],
        "x-ms-ratelimit-remaining-subscription-writes": [
          "1197"
        ],
        "x-ms-correlation-request-id": [
          "b287a436-01d4-417e-b5e4-af087bbc1e73"
        ],
        "x-ms-routing-request-id": [
          "WESTUS:20160429T192625Z:b287a436-01d4-417e-b5e4-af087bbc1e73"
        ],
        "Date": [
          "Fri, 29 Apr 2016 19:26:24 GMT"
        ]
      },
      "StatusCode": 201
    },
    {
      "RequestUri": "/subscriptions/9532a63e-f2eb-4649-bb23-5ed01077ce80/providers/Microsoft.Network/locations/eastus/operations/601a403f-24c8-4587-b0da-a576738e5e85?api-version=2016-06-01",
      "EncodedRequestUri": "L3N1YnNjcmlwdGlvbnMvOTUzMmE2M2UtZjJlYi00NjQ5LWJiMjMtNWVkMDEwNzdjZTgwL3Byb3ZpZGVycy9NaWNyb3NvZnQuTmV0d29yay9sb2NhdGlvbnMvZWFzdHVzL29wZXJhdGlvbnMvNjAxYTQwM2YtMjRjOC00NTg3LWIwZGEtYTU3NjczOGU1ZTg1P2FwaS12ZXJzaW9uPTIwMTYtMDYtMDE=",
      "RequestMethod": "GET",
      "RequestBody": "",
      "RequestHeaders": {
        "User-Agent": [
          "Microsoft.Azure.Management.Network.NetworkManagementClient/4.0.0.0"
        ]
      },
      "ResponseBody": "{\r\n  \"status\": \"Succeeded\"\r\n}",
      "ResponseHeaders": {
        "Content-Length": [
          "29"
        ],
        "Content-Type": [
          "application/json; charset=utf-8"
        ],
        "Expires": [
          "-1"
        ],
        "Pragma": [
          "no-cache"
        ],
        "x-ms-request-id": [
          "319b2d50-54f7-43a6-9edb-b50455b61dd3"
        ],
        "Strict-Transport-Security": [
          "max-age=31536000; includeSubDomains"
        ],
        "Cache-Control": [
          "no-cache"
        ],
        "Server": [
          "Microsoft-HTTPAPI/2.0",
          "Microsoft-HTTPAPI/2.0"
        ],
        "x-ms-ratelimit-remaining-subscription-reads": [
          "14941"
        ],
        "x-ms-correlation-request-id": [
          "4d3cabc2-3c64-402e-9426-d971027a2540"
        ],
        "x-ms-routing-request-id": [
          "WESTUS:20160429T192656Z:4d3cabc2-3c64-402e-9426-d971027a2540"
        ],
        "Date": [
          "Fri, 29 Apr 2016 19:26:55 GMT"
        ]
      },
      "StatusCode": 200
    },
    {
      "RequestUri": "/subscriptions/9532a63e-f2eb-4649-bb23-5ed01077ce80/resourceGroups/onesdk9183/providers/Microsoft.Network/publicIPAddresses/onesdk8145?api-version=2016-06-01",
      "EncodedRequestUri": "L3N1YnNjcmlwdGlvbnMvOTUzMmE2M2UtZjJlYi00NjQ5LWJiMjMtNWVkMDEwNzdjZTgwL3Jlc291cmNlR3JvdXBzL29uZXNkazkxODMvcHJvdmlkZXJzL01pY3Jvc29mdC5OZXR3b3JrL3B1YmxpY0lQQWRkcmVzc2VzL29uZXNkazgxNDU/YXBpLXZlcnNpb249MjAxNi0wNi0wMQ==",
      "RequestMethod": "GET",
      "RequestBody": "",
      "RequestHeaders": {
        "x-ms-client-request-id": [
          "3041a5aa-a1e4-4844-be14-b8213057da12"
        ],
        "accept-language": [
          "en-US"
        ],
        "User-Agent": [
          "Microsoft.Azure.Management.Network.NetworkManagementClient/4.0.0.0"
        ]
      },
      "ResponseBody": "{\r\n  \"error\": {\r\n    \"code\": \"ResourceNotFound\",\r\n    \"message\": \"The Resource 'Microsoft.Network/publicIPAddresses/onesdk8145' under resource group 'onesdk9183' was not found.\"\r\n  }\r\n}",
      "ResponseHeaders": {
        "Content-Length": [
          "160"
        ],
        "Content-Type": [
          "application/json; charset=utf-8"
        ],
        "Expires": [
          "-1"
        ],
        "Pragma": [
          "no-cache"
        ],
        "x-ms-failure-cause": [
          "gateway"
        ],
        "x-ms-request-id": [
          "1deef3ea-40aa-451c-82b9-a27f957543c5"
        ],
        "x-ms-correlation-request-id": [
          "1deef3ea-40aa-451c-82b9-a27f957543c5"
        ],
        "x-ms-routing-request-id": [
          "WESTUS:20160429T192656Z:1deef3ea-40aa-451c-82b9-a27f957543c5"
        ],
        "Strict-Transport-Security": [
          "max-age=31536000; includeSubDomains"
        ],
        "Cache-Control": [
          "no-cache"
        ],
        "Date": [
          "Fri, 29 Apr 2016 19:26:56 GMT"
        ]
      },
      "StatusCode": 404
    },
    {
      "RequestUri": "/subscriptions/9532a63e-f2eb-4649-bb23-5ed01077ce80/resourceGroups/onesdk9183/providers/Microsoft.Network/publicIPAddresses/onesdk8145?api-version=2016-06-01",
      "EncodedRequestUri": "L3N1YnNjcmlwdGlvbnMvOTUzMmE2M2UtZjJlYi00NjQ5LWJiMjMtNWVkMDEwNzdjZTgwL3Jlc291cmNlR3JvdXBzL29uZXNkazkxODMvcHJvdmlkZXJzL01pY3Jvc29mdC5OZXR3b3JrL3B1YmxpY0lQQWRkcmVzc2VzL29uZXNkazgxNDU/YXBpLXZlcnNpb249MjAxNi0wNi0wMQ==",
      "RequestMethod": "GET",
      "RequestBody": "",
      "RequestHeaders": {
        "User-Agent": [
          "Microsoft.Azure.Management.Network.NetworkManagementClient/4.0.0.0"
        ]
      },
      "ResponseBody": "{\r\n  \"name\": \"onesdk8145\",\r\n  \"id\": \"/subscriptions/9532a63e-f2eb-4649-bb23-5ed01077ce80/resourceGroups/onesdk9183/providers/Microsoft.Network/publicIPAddresses/onesdk8145\",\r\n  \"etag\": \"W/\\\"eb4c34df-439d-4aab-8e2b-b32805710402\\\"\",\r\n  \"type\": \"Microsoft.Network/publicIPAddresses\",\r\n  \"location\": \"eastus\",\r\n  \"properties\": {\r\n    \"provisioningState\": \"Succeeded\",\r\n    \"resourceGuid\": \"a1a86e04-db8f-4c4a-b789-9ef786ab43c2\",\r\n    \"publicIPAddressVersion\": \"IPv6\",\r\n    \"publicIPAllocationMethod\": \"Dynamic\",\r\n    \"idleTimeoutInMinutes\": 4\r\n  }\r\n}",
      "ResponseHeaders": {
        "Content-Length": [
          "546"
        ],
        "Content-Type": [
          "application/json; charset=utf-8"
        ],
        "Expires": [
          "-1"
        ],
        "Pragma": [
          "no-cache"
        ],
        "x-ms-request-id": [
          "41f733c0-4c03-425c-b8bd-f5e3d91731e5"
        ],
        "Strict-Transport-Security": [
          "max-age=31536000; includeSubDomains"
        ],
        "Cache-Control": [
          "no-cache"
        ],
        "ETag": [
          "W/\"eb4c34df-439d-4aab-8e2b-b32805710402\""
        ],
        "Server": [
          "Microsoft-HTTPAPI/2.0",
          "Microsoft-HTTPAPI/2.0"
        ],
        "x-ms-ratelimit-remaining-subscription-reads": [
          "14934"
        ],
        "x-ms-correlation-request-id": [
          "530f5500-91d7-4899-90a9-5d360c9afd5f"
        ],
        "x-ms-routing-request-id": [
          "WESTUS:20160429T192728Z:530f5500-91d7-4899-90a9-5d360c9afd5f"
        ],
        "Date": [
          "Fri, 29 Apr 2016 19:27:27 GMT"
        ]
      },
      "StatusCode": 200
    },
    {
      "RequestUri": "/subscriptions/9532a63e-f2eb-4649-bb23-5ed01077ce80/resourceGroups/onesdk9183/providers/Microsoft.Network/publicIPAddresses/onesdk8145?api-version=2016-06-01",
      "EncodedRequestUri": "L3N1YnNjcmlwdGlvbnMvOTUzMmE2M2UtZjJlYi00NjQ5LWJiMjMtNWVkMDEwNzdjZTgwL3Jlc291cmNlR3JvdXBzL29uZXNkazkxODMvcHJvdmlkZXJzL01pY3Jvc29mdC5OZXR3b3JrL3B1YmxpY0lQQWRkcmVzc2VzL29uZXNkazgxNDU/YXBpLXZlcnNpb249MjAxNi0wNi0wMQ==",
      "RequestMethod": "GET",
      "RequestBody": "",
      "RequestHeaders": {
        "x-ms-client-request-id": [
          "fb8b9f56-1d76-4e87-b5b3-0dcc30088581"
        ],
        "accept-language": [
          "en-US"
        ],
        "User-Agent": [
          "Microsoft.Azure.Management.Network.NetworkManagementClient/4.0.0.0"
        ]
      },
      "ResponseBody": "{\r\n  \"name\": \"onesdk8145\",\r\n  \"id\": \"/subscriptions/9532a63e-f2eb-4649-bb23-5ed01077ce80/resourceGroups/onesdk9183/providers/Microsoft.Network/publicIPAddresses/onesdk8145\",\r\n  \"etag\": \"W/\\\"eb4c34df-439d-4aab-8e2b-b32805710402\\\"\",\r\n  \"type\": \"Microsoft.Network/publicIPAddresses\",\r\n  \"location\": \"eastus\",\r\n  \"properties\": {\r\n    \"provisioningState\": \"Succeeded\",\r\n    \"resourceGuid\": \"a1a86e04-db8f-4c4a-b789-9ef786ab43c2\",\r\n    \"publicIPAddressVersion\": \"IPv6\",\r\n    \"publicIPAllocationMethod\": \"Dynamic\",\r\n    \"idleTimeoutInMinutes\": 4\r\n  }\r\n}",
      "ResponseHeaders": {
        "Content-Length": [
          "546"
        ],
        "Content-Type": [
          "application/json; charset=utf-8"
        ],
        "Expires": [
          "-1"
        ],
        "Pragma": [
          "no-cache"
        ],
        "x-ms-request-id": [
          "a87912ba-bdbb-4355-abc4-fa9f44e1d2a6"
        ],
        "Strict-Transport-Security": [
          "max-age=31536000; includeSubDomains"
        ],
        "Cache-Control": [
          "no-cache"
        ],
        "ETag": [
          "W/\"eb4c34df-439d-4aab-8e2b-b32805710402\""
        ],
        "Server": [
          "Microsoft-HTTPAPI/2.0",
          "Microsoft-HTTPAPI/2.0"
        ],
        "x-ms-ratelimit-remaining-subscription-reads": [
          "14933"
        ],
        "x-ms-correlation-request-id": [
          "78dfcf09-b836-4876-b603-c8aac4c0a7a8"
        ],
        "x-ms-routing-request-id": [
          "WESTUS:20160429T192728Z:78dfcf09-b836-4876-b603-c8aac4c0a7a8"
        ],
        "Date": [
          "Fri, 29 Apr 2016 19:27:27 GMT"
        ]
      },
      "StatusCode": 200
    },
    {
      "RequestUri": "/subscriptions/9532a63e-f2eb-4649-bb23-5ed01077ce80/resourceGroups/onesdk9183/providers/Microsoft.Network/publicIPAddresses/onesdk8145?api-version=2016-06-01",
      "EncodedRequestUri": "L3N1YnNjcmlwdGlvbnMvOTUzMmE2M2UtZjJlYi00NjQ5LWJiMjMtNWVkMDEwNzdjZTgwL3Jlc291cmNlR3JvdXBzL29uZXNkazkxODMvcHJvdmlkZXJzL01pY3Jvc29mdC5OZXR3b3JrL3B1YmxpY0lQQWRkcmVzc2VzL29uZXNkazgxNDU/YXBpLXZlcnNpb249MjAxNi0wNi0wMQ==",
      "RequestMethod": "GET",
      "RequestBody": "",
      "RequestHeaders": {
        "x-ms-client-request-id": [
          "6a93e421-fd2e-425f-9aaf-0cdd8bfdc071"
        ],
        "accept-language": [
          "en-US"
        ],
        "User-Agent": [
          "Microsoft.Azure.Management.Network.NetworkManagementClient/4.0.0.0"
        ]
      },
      "ResponseBody": "{\r\n  \"name\": \"onesdk8145\",\r\n  \"id\": \"/subscriptions/9532a63e-f2eb-4649-bb23-5ed01077ce80/resourceGroups/onesdk9183/providers/Microsoft.Network/publicIPAddresses/onesdk8145\",\r\n  \"etag\": \"W/\\\"eb4c34df-439d-4aab-8e2b-b32805710402\\\"\",\r\n  \"type\": \"Microsoft.Network/publicIPAddresses\",\r\n  \"location\": \"eastus\",\r\n  \"properties\": {\r\n    \"provisioningState\": \"Succeeded\",\r\n    \"resourceGuid\": \"a1a86e04-db8f-4c4a-b789-9ef786ab43c2\",\r\n    \"publicIPAddressVersion\": \"IPv6\",\r\n    \"publicIPAllocationMethod\": \"Dynamic\",\r\n    \"idleTimeoutInMinutes\": 4\r\n  }\r\n}",
      "ResponseHeaders": {
        "Content-Length": [
          "546"
        ],
        "Content-Type": [
          "application/json; charset=utf-8"
        ],
        "Expires": [
          "-1"
        ],
        "Pragma": [
          "no-cache"
        ],
        "x-ms-request-id": [
          "d71839b6-2526-43c9-a895-3be8a4e55e04"
        ],
        "Strict-Transport-Security": [
          "max-age=31536000; includeSubDomains"
        ],
        "Cache-Control": [
          "no-cache"
        ],
        "ETag": [
          "W/\"eb4c34df-439d-4aab-8e2b-b32805710402\""
        ],
        "Server": [
          "Microsoft-HTTPAPI/2.0",
          "Microsoft-HTTPAPI/2.0"
        ],
        "x-ms-ratelimit-remaining-subscription-reads": [
          "14932"
        ],
        "x-ms-correlation-request-id": [
          "914ff723-d494-4bea-ae09-a72326e11c3b"
        ],
        "x-ms-routing-request-id": [
          "WESTUS:20160429T192728Z:914ff723-d494-4bea-ae09-a72326e11c3b"
        ],
        "Date": [
          "Fri, 29 Apr 2016 19:27:27 GMT"
        ]
      },
      "StatusCode": 200
    },
    {
      "RequestUri": "/subscriptions/9532a63e-f2eb-4649-bb23-5ed01077ce80/resourceGroups/onesdk9183/providers/Microsoft.Network/publicIPAddresses/onesdk8145?api-version=2016-06-01",
      "EncodedRequestUri": "L3N1YnNjcmlwdGlvbnMvOTUzMmE2M2UtZjJlYi00NjQ5LWJiMjMtNWVkMDEwNzdjZTgwL3Jlc291cmNlR3JvdXBzL29uZXNkazkxODMvcHJvdmlkZXJzL01pY3Jvc29mdC5OZXR3b3JrL3B1YmxpY0lQQWRkcmVzc2VzL29uZXNkazgxNDU/YXBpLXZlcnNpb249MjAxNi0wNi0wMQ==",
      "RequestMethod": "PUT",
      "RequestBody": "{\r\n  \"location\": \"East US\",\r\n  \"properties\": {\r\n    \"publicIPAllocationMethod\": \"Dynamic\",\r\n    \"publicIPAddressVersion\": \"IPv6\"\r\n  }\r\n}",
      "RequestHeaders": {
        "Content-Type": [
          "application/json; charset=utf-8"
        ],
        "Content-Length": [
          "136"
        ],
        "x-ms-client-request-id": [
          "87c7e545-f1fc-4f62-a0c6-086513b7d251"
        ],
        "accept-language": [
          "en-US"
        ],
        "User-Agent": [
          "Microsoft.Azure.Management.Network.NetworkManagementClient/4.0.0.0"
        ]
      },
      "ResponseBody": "{\r\n  \"name\": \"onesdk8145\",\r\n  \"id\": \"/subscriptions/9532a63e-f2eb-4649-bb23-5ed01077ce80/resourceGroups/onesdk9183/providers/Microsoft.Network/publicIPAddresses/onesdk8145\",\r\n  \"etag\": \"W/\\\"ba6c9cd4-7868-4de4-ab09-3c0d33a648e9\\\"\",\r\n  \"type\": \"Microsoft.Network/publicIPAddresses\",\r\n  \"location\": \"eastus\",\r\n  \"properties\": {\r\n    \"provisioningState\": \"Updating\",\r\n    \"resourceGuid\": \"a1a86e04-db8f-4c4a-b789-9ef786ab43c2\",\r\n    \"publicIPAddressVersion\": \"IPv6\",\r\n    \"publicIPAllocationMethod\": \"Dynamic\",\r\n    \"idleTimeoutInMinutes\": 4\r\n  }\r\n}",
      "ResponseHeaders": {
        "Content-Length": [
          "545"
        ],
        "Content-Type": [
          "application/json; charset=utf-8"
        ],
        "Expires": [
          "-1"
        ],
        "Pragma": [
          "no-cache"
        ],
        "Retry-After": [
          "10"
        ],
        "x-ms-request-id": [
          "8a49e26a-86ba-4d53-9dcd-423c8ac911fe"
        ],
        "Azure-AsyncOperation": [
          "https://management.azure.com/subscriptions/9532a63e-f2eb-4649-bb23-5ed01077ce80/providers/Microsoft.Network/locations/eastus/operations/8a49e26a-86ba-4d53-9dcd-423c8ac911fe?api-version=2016-06-01"
        ],
        "Strict-Transport-Security": [
          "max-age=31536000; includeSubDomains"
        ],
        "Cache-Control": [
          "no-cache"
        ],
        "Server": [
          "Microsoft-HTTPAPI/2.0",
          "Microsoft-HTTPAPI/2.0"
        ],
        "x-ms-ratelimit-remaining-subscription-writes": [
          "1196"
        ],
        "x-ms-correlation-request-id": [
          "a20def98-eed7-4bc8-99f6-18c0b0fc180b"
        ],
        "x-ms-routing-request-id": [
          "WESTUS:20160429T192657Z:a20def98-eed7-4bc8-99f6-18c0b0fc180b"
        ],
        "Date": [
          "Fri, 29 Apr 2016 19:26:57 GMT"
        ]
      },
      "StatusCode": 201
    },
    {
      "RequestUri": "/subscriptions/9532a63e-f2eb-4649-bb23-5ed01077ce80/providers/Microsoft.Network/locations/eastus/operations/8a49e26a-86ba-4d53-9dcd-423c8ac911fe?api-version=2016-06-01",
      "EncodedRequestUri": "L3N1YnNjcmlwdGlvbnMvOTUzMmE2M2UtZjJlYi00NjQ5LWJiMjMtNWVkMDEwNzdjZTgwL3Byb3ZpZGVycy9NaWNyb3NvZnQuTmV0d29yay9sb2NhdGlvbnMvZWFzdHVzL29wZXJhdGlvbnMvOGE0OWUyNmEtODZiYS00ZDUzLTlkY2QtNDIzYzhhYzkxMWZlP2FwaS12ZXJzaW9uPTIwMTYtMDYtMDE=",
      "RequestMethod": "GET",
      "RequestBody": "",
      "RequestHeaders": {
        "User-Agent": [
          "Microsoft.Azure.Management.Network.NetworkManagementClient/4.0.0.0"
        ]
      },
      "ResponseBody": "{\r\n  \"status\": \"Succeeded\"\r\n}",
      "ResponseHeaders": {
        "Content-Length": [
          "29"
        ],
        "Content-Type": [
          "application/json; charset=utf-8"
        ],
        "Expires": [
          "-1"
        ],
        "Pragma": [
          "no-cache"
        ],
        "x-ms-request-id": [
          "deaee540-3085-4afb-82ba-6b7635ba9890"
        ],
        "Strict-Transport-Security": [
          "max-age=31536000; includeSubDomains"
        ],
        "Cache-Control": [
          "no-cache"
        ],
        "Server": [
          "Microsoft-HTTPAPI/2.0",
          "Microsoft-HTTPAPI/2.0"
        ],
        "x-ms-ratelimit-remaining-subscription-reads": [
          "14935"
        ],
        "x-ms-correlation-request-id": [
          "a613ca44-ddcb-48dd-8599-bf4bc61184b5"
        ],
        "x-ms-routing-request-id": [
          "WESTUS:20160429T192728Z:a613ca44-ddcb-48dd-8599-bf4bc61184b5"
        ],
        "Date": [
          "Fri, 29 Apr 2016 19:27:27 GMT"
        ]
      },
      "StatusCode": 200
    },
    {
      "RequestUri": "/subscriptions/9532a63e-f2eb-4649-bb23-5ed01077ce80/resourceGroups/onesdk9183/providers/Microsoft.Network/publicIPAddresses/onesdk7849?api-version=2016-06-01",
      "EncodedRequestUri": "L3N1YnNjcmlwdGlvbnMvOTUzMmE2M2UtZjJlYi00NjQ5LWJiMjMtNWVkMDEwNzdjZTgwL3Jlc291cmNlR3JvdXBzL29uZXNkazkxODMvcHJvdmlkZXJzL01pY3Jvc29mdC5OZXR3b3JrL3B1YmxpY0lQQWRkcmVzc2VzL29uZXNkazc4NDk/YXBpLXZlcnNpb249MjAxNi0wNi0wMQ==",
      "RequestMethod": "DELETE",
      "RequestBody": "",
      "RequestHeaders": {
        "x-ms-client-request-id": [
          "309983d9-b521-4d94-bb05-6867cbaf2cc8"
        ],
        "accept-language": [
          "en-US"
        ],
        "User-Agent": [
          "Microsoft.Azure.Management.Network.NetworkManagementClient/4.0.0.0"
        ]
      },
      "ResponseBody": "",
      "ResponseHeaders": {
        "Content-Length": [
          "0"
        ],
        "Expires": [
          "-1"
        ],
        "Pragma": [
          "no-cache"
        ],
        "Retry-After": [
          "10"
        ],
        "x-ms-request-id": [
          "318eac44-d6d2-45b6-899f-f6c185f6c530"
        ],
        "Azure-AsyncOperation": [
          "https://management.azure.com/subscriptions/9532a63e-f2eb-4649-bb23-5ed01077ce80/providers/Microsoft.Network/locations/eastus/operations/318eac44-d6d2-45b6-899f-f6c185f6c530?api-version=2016-06-01"
        ],
        "Strict-Transport-Security": [
          "max-age=31536000; includeSubDomains"
        ],
        "Cache-Control": [
          "no-cache"
        ],
        "Location": [
          "https://management.azure.com/subscriptions/9532a63e-f2eb-4649-bb23-5ed01077ce80/providers/Microsoft.Network/locations/eastus/operationResults/318eac44-d6d2-45b6-899f-f6c185f6c530?api-version=2016-06-01"
        ],
        "Server": [
          "Microsoft-HTTPAPI/2.0",
          "Microsoft-HTTPAPI/2.0"
        ],
        "x-ms-ratelimit-remaining-subscription-writes": [
          "1195"
        ],
        "x-ms-correlation-request-id": [
          "b9d89e6d-a9d5-482f-9da5-fce85cb070bf"
        ],
        "x-ms-routing-request-id": [
          "WESTUS:20160429T192729Z:b9d89e6d-a9d5-482f-9da5-fce85cb070bf"
        ],
        "Date": [
          "Fri, 29 Apr 2016 19:27:28 GMT"
        ]
      },
      "StatusCode": 202
    },
    {
      "RequestUri": "/subscriptions/9532a63e-f2eb-4649-bb23-5ed01077ce80/providers/Microsoft.Network/locations/eastus/operations/318eac44-d6d2-45b6-899f-f6c185f6c530?api-version=2016-06-01",
      "EncodedRequestUri": "L3N1YnNjcmlwdGlvbnMvOTUzMmE2M2UtZjJlYi00NjQ5LWJiMjMtNWVkMDEwNzdjZTgwL3Byb3ZpZGVycy9NaWNyb3NvZnQuTmV0d29yay9sb2NhdGlvbnMvZWFzdHVzL29wZXJhdGlvbnMvMzE4ZWFjNDQtZDZkMi00NWI2LTg5OWYtZjZjMTg1ZjZjNTMwP2FwaS12ZXJzaW9uPTIwMTYtMDYtMDE=",
      "RequestMethod": "GET",
      "RequestBody": "",
      "RequestHeaders": {
        "User-Agent": [
          "Microsoft.Azure.Management.Network.NetworkManagementClient/4.0.0.0"
        ]
      },
      "ResponseBody": "{\r\n  \"status\": \"Succeeded\"\r\n}",
      "ResponseHeaders": {
        "Content-Length": [
          "29"
        ],
        "Content-Type": [
          "application/json; charset=utf-8"
        ],
        "Expires": [
          "-1"
        ],
        "Pragma": [
          "no-cache"
        ],
        "x-ms-request-id": [
          "909b6fc2-0b9b-4447-b631-14f6044f7136"
        ],
        "Strict-Transport-Security": [
          "max-age=31536000; includeSubDomains"
        ],
        "Cache-Control": [
          "no-cache"
        ],
        "Server": [
          "Microsoft-HTTPAPI/2.0",
          "Microsoft-HTTPAPI/2.0"
        ],
        "x-ms-ratelimit-remaining-subscription-reads": [
          "14931"
        ],
        "x-ms-correlation-request-id": [
          "b600aea3-58df-4fee-9a1a-7e02be230ab9"
        ],
        "x-ms-routing-request-id": [
          "WESTUS:20160429T192759Z:b600aea3-58df-4fee-9a1a-7e02be230ab9"
        ],
        "Date": [
          "Fri, 29 Apr 2016 19:27:59 GMT"
        ]
      },
      "StatusCode": 200
    },
    {
      "RequestUri": "/subscriptions/9532a63e-f2eb-4649-bb23-5ed01077ce80/resourceGroups/onesdk9183/providers/Microsoft.Network/publicIPAddresses/onesdk9782?api-version=2016-06-01",
      "EncodedRequestUri": "L3N1YnNjcmlwdGlvbnMvOTUzMmE2M2UtZjJlYi00NjQ5LWJiMjMtNWVkMDEwNzdjZTgwL3Jlc291cmNlR3JvdXBzL29uZXNkazkxODMvcHJvdmlkZXJzL01pY3Jvc29mdC5OZXR3b3JrL3B1YmxpY0lQQWRkcmVzc2VzL29uZXNkazk3ODI/YXBpLXZlcnNpb249MjAxNi0wNi0wMQ==",
      "RequestMethod": "DELETE",
      "RequestBody": "",
      "RequestHeaders": {
        "x-ms-client-request-id": [
          "e15f928a-6e28-4235-839b-39bb5f68ddf6"
        ],
        "accept-language": [
          "en-US"
        ],
        "User-Agent": [
          "Microsoft.Azure.Management.Network.NetworkManagementClient/4.0.0.0"
        ]
      },
      "ResponseBody": "",
      "ResponseHeaders": {
        "Content-Length": [
          "0"
        ],
        "Expires": [
          "-1"
        ],
        "Pragma": [
          "no-cache"
        ],
        "Retry-After": [
          "10"
        ],
        "x-ms-request-id": [
          "3415cd39-f200-4b2a-adb0-e4244f5808fe"
        ],
        "Azure-AsyncOperation": [
          "https://management.azure.com/subscriptions/9532a63e-f2eb-4649-bb23-5ed01077ce80/providers/Microsoft.Network/locations/eastus/operations/3415cd39-f200-4b2a-adb0-e4244f5808fe?api-version=2016-06-01"
        ],
        "Strict-Transport-Security": [
          "max-age=31536000; includeSubDomains"
        ],
        "Cache-Control": [
          "no-cache"
        ],
        "Location": [
          "https://management.azure.com/subscriptions/9532a63e-f2eb-4649-bb23-5ed01077ce80/providers/Microsoft.Network/locations/eastus/operationResults/3415cd39-f200-4b2a-adb0-e4244f5808fe?api-version=2016-06-01"
        ],
        "Server": [
          "Microsoft-HTTPAPI/2.0",
          "Microsoft-HTTPAPI/2.0"
        ],
        "x-ms-ratelimit-remaining-subscription-writes": [
          "1194"
        ],
        "x-ms-correlation-request-id": [
          "09c0cd36-6af3-44ad-98dc-4bc41cb5b944"
        ],
        "x-ms-routing-request-id": [
          "WESTUS:20160429T192800Z:09c0cd36-6af3-44ad-98dc-4bc41cb5b944"
        ],
        "Date": [
          "Fri, 29 Apr 2016 19:27:59 GMT"
        ]
      },
      "StatusCode": 202
    },
    {
      "RequestUri": "/subscriptions/9532a63e-f2eb-4649-bb23-5ed01077ce80/providers/Microsoft.Network/locations/eastus/operations/3415cd39-f200-4b2a-adb0-e4244f5808fe?api-version=2016-06-01",
      "EncodedRequestUri": "L3N1YnNjcmlwdGlvbnMvOTUzMmE2M2UtZjJlYi00NjQ5LWJiMjMtNWVkMDEwNzdjZTgwL3Byb3ZpZGVycy9NaWNyb3NvZnQuTmV0d29yay9sb2NhdGlvbnMvZWFzdHVzL29wZXJhdGlvbnMvMzQxNWNkMzktZjIwMC00YjJhLWFkYjAtZTQyNDRmNTgwOGZlP2FwaS12ZXJzaW9uPTIwMTYtMDYtMDE=",
      "RequestMethod": "GET",
      "RequestBody": "",
      "RequestHeaders": {
        "User-Agent": [
          "Microsoft.Azure.Management.Network.NetworkManagementClient/4.0.0.0"
        ]
      },
      "ResponseBody": "{\r\n  \"status\": \"Succeeded\"\r\n}",
      "ResponseHeaders": {
        "Content-Length": [
          "29"
        ],
        "Content-Type": [
          "application/json; charset=utf-8"
        ],
        "Expires": [
          "-1"
        ],
        "Pragma": [
          "no-cache"
        ],
        "x-ms-request-id": [
          "b26581fe-bc0b-48a3-a349-99d54e49fd1a"
        ],
        "Strict-Transport-Security": [
          "max-age=31536000; includeSubDomains"
        ],
        "Cache-Control": [
          "no-cache"
        ],
        "Server": [
          "Microsoft-HTTPAPI/2.0",
          "Microsoft-HTTPAPI/2.0"
        ],
        "x-ms-ratelimit-remaining-subscription-reads": [
          "14930"
        ],
        "x-ms-correlation-request-id": [
          "99ca7c2e-8358-41b3-ae18-f147995d62fd"
        ],
        "x-ms-routing-request-id": [
          "WESTUS:20160429T192830Z:99ca7c2e-8358-41b3-ae18-f147995d62fd"
        ],
        "Date": [
          "Fri, 29 Apr 2016 19:28:30 GMT"
        ]
      },
      "StatusCode": 200
    },
    {
      "RequestUri": "/subscriptions/9532a63e-f2eb-4649-bb23-5ed01077ce80/resourceGroups/onesdk9183/providers/Microsoft.Network/publicIPAddresses/onesdk8145?api-version=2016-06-01",
      "EncodedRequestUri": "L3N1YnNjcmlwdGlvbnMvOTUzMmE2M2UtZjJlYi00NjQ5LWJiMjMtNWVkMDEwNzdjZTgwL3Jlc291cmNlR3JvdXBzL29uZXNkazkxODMvcHJvdmlkZXJzL01pY3Jvc29mdC5OZXR3b3JrL3B1YmxpY0lQQWRkcmVzc2VzL29uZXNkazgxNDU/YXBpLXZlcnNpb249MjAxNi0wNi0wMQ==",
      "RequestMethod": "DELETE",
      "RequestBody": "",
      "RequestHeaders": {
        "x-ms-client-request-id": [
          "897498e5-be72-44f6-8c40-0a3c7c3bf248"
        ],
        "accept-language": [
          "en-US"
        ],
        "User-Agent": [
          "Microsoft.Azure.Management.Network.NetworkManagementClient/4.0.0.0"
        ]
      },
      "ResponseBody": "",
      "ResponseHeaders": {
        "Content-Length": [
          "0"
        ],
        "Expires": [
          "-1"
        ],
        "Pragma": [
          "no-cache"
        ],
        "Retry-After": [
          "10"
        ],
        "x-ms-request-id": [
          "d219d732-6843-4a4c-8030-a25efab2d587"
        ],
        "Azure-AsyncOperation": [
          "https://management.azure.com/subscriptions/9532a63e-f2eb-4649-bb23-5ed01077ce80/providers/Microsoft.Network/locations/eastus/operations/d219d732-6843-4a4c-8030-a25efab2d587?api-version=2016-06-01"
        ],
        "Strict-Transport-Security": [
          "max-age=31536000; includeSubDomains"
        ],
        "Cache-Control": [
          "no-cache"
        ],
        "Location": [
          "https://management.azure.com/subscriptions/9532a63e-f2eb-4649-bb23-5ed01077ce80/providers/Microsoft.Network/locations/eastus/operationResults/d219d732-6843-4a4c-8030-a25efab2d587?api-version=2016-06-01"
        ],
        "Server": [
          "Microsoft-HTTPAPI/2.0",
          "Microsoft-HTTPAPI/2.0"
        ],
        "x-ms-ratelimit-remaining-subscription-writes": [
          "1193"
        ],
        "x-ms-correlation-request-id": [
          "c5245728-20e1-4802-8f53-11aa2504a2f7"
        ],
        "x-ms-routing-request-id": [
          "WESTUS:20160429T192831Z:c5245728-20e1-4802-8f53-11aa2504a2f7"
        ],
        "Date": [
          "Fri, 29 Apr 2016 19:28:31 GMT"
        ],
        "Connection": [
          "close"
        ]
      },
      "StatusCode": 202
    },
    {
      "RequestUri": "/subscriptions/9532a63e-f2eb-4649-bb23-5ed01077ce80/providers/Microsoft.Network/locations/eastus/operations/d219d732-6843-4a4c-8030-a25efab2d587?api-version=2016-06-01",
      "EncodedRequestUri": "L3N1YnNjcmlwdGlvbnMvOTUzMmE2M2UtZjJlYi00NjQ5LWJiMjMtNWVkMDEwNzdjZTgwL3Byb3ZpZGVycy9NaWNyb3NvZnQuTmV0d29yay9sb2NhdGlvbnMvZWFzdHVzL29wZXJhdGlvbnMvZDIxOWQ3MzItNjg0My00YTRjLTgwMzAtYTI1ZWZhYjJkNTg3P2FwaS12ZXJzaW9uPTIwMTYtMDYtMDE=",
      "RequestMethod": "GET",
      "RequestBody": "",
      "RequestHeaders": {
        "User-Agent": [
          "Microsoft.Azure.Management.Network.NetworkManagementClient/4.0.0.0"
        ]
      },
      "ResponseBody": "{\r\n  \"status\": \"Succeeded\"\r\n}",
      "ResponseHeaders": {
        "Content-Length": [
          "29"
        ],
        "Content-Type": [
          "application/json; charset=utf-8"
        ],
        "Expires": [
          "-1"
        ],
        "Pragma": [
          "no-cache"
        ],
        "x-ms-request-id": [
          "50ecd2d9-b1eb-4ee8-88c0-e3a110e615dd"
        ],
        "Strict-Transport-Security": [
          "max-age=31536000; includeSubDomains"
        ],
        "Cache-Control": [
          "no-cache"
        ],
        "Server": [
          "Microsoft-HTTPAPI/2.0",
          "Microsoft-HTTPAPI/2.0"
        ],
        "x-ms-ratelimit-remaining-subscription-reads": [
          "14939"
        ],
        "x-ms-correlation-request-id": [
          "5cff2d00-688e-412e-abd2-593e3abc51be"
        ],
        "x-ms-routing-request-id": [
          "WESTUS:20160429T192902Z:5cff2d00-688e-412e-abd2-593e3abc51be"
        ],
        "Date": [
          "Fri, 29 Apr 2016 19:29:01 GMT"
        ]
      },
      "StatusCode": 200
    },
    {
      "RequestUri": "/subscriptions/9532a63e-f2eb-4649-bb23-5ed01077ce80/resourcegroups/onesdk9183?api-version=2016-02-01",
      "EncodedRequestUri": "L3N1YnNjcmlwdGlvbnMvOTUzMmE2M2UtZjJlYi00NjQ5LWJiMjMtNWVkMDEwNzdjZTgwL3Jlc291cmNlZ3JvdXBzL29uZXNkazkxODM/YXBpLXZlcnNpb249MjAxNi0wMi0wMQ==",
      "RequestMethod": "DELETE",
      "RequestBody": "",
      "RequestHeaders": {
        "User-Agent": [
          "Microsoft.Azure.Management.Resources.ResourceManagementClient/2.0.0.0"
        ]
      },
      "ResponseBody": "",
      "ResponseHeaders": {
        "Content-Length": [
          "0"
        ],
        "Expires": [
          "-1"
        ],
        "Pragma": [
          "no-cache"
        ],
        "Retry-After": [
          "15"
        ],
        "x-ms-ratelimit-remaining-subscription-writes": [
          "1196"
        ],
        "x-ms-request-id": [
          "b881336b-62a5-40f7-a360-9d81774e3e62"
        ],
        "x-ms-correlation-request-id": [
          "b881336b-62a5-40f7-a360-9d81774e3e62"
        ],
        "x-ms-routing-request-id": [
          "WESTUS:20160429T192902Z:b881336b-62a5-40f7-a360-9d81774e3e62"
        ],
        "Strict-Transport-Security": [
          "max-age=31536000; includeSubDomains"
        ],
        "Cache-Control": [
          "no-cache"
        ],
        "Date": [
          "Fri, 29 Apr 2016 19:29:01 GMT"
        ],
        "Location": [
          "https://management.azure.com/subscriptions/9532a63e-f2eb-4649-bb23-5ed01077ce80/operationresults/eyJqb2JJZCI6IlJFU09VUkNFR1JPVVBERUxFVElPTkpPQi1PTkVTREs5MTgzLVdFU1RVUyIsImpvYkxvY2F0aW9uIjoid2VzdHVzIn0?api-version=2016-02-01"
        ]
      },
      "StatusCode": 202
    },
    {
      "RequestUri": "/subscriptions/9532a63e-f2eb-4649-bb23-5ed01077ce80/operationresults/eyJqb2JJZCI6IlJFU09VUkNFR1JPVVBERUxFVElPTkpPQi1PTkVTREs5MTgzLVdFU1RVUyIsImpvYkxvY2F0aW9uIjoid2VzdHVzIn0?api-version=2016-02-01",
      "EncodedRequestUri": "L3N1YnNjcmlwdGlvbnMvOTUzMmE2M2UtZjJlYi00NjQ5LWJiMjMtNWVkMDEwNzdjZTgwL29wZXJhdGlvbnJlc3VsdHMvZXlKcWIySkpaQ0k2SWxKRlUwOVZVa05GUjFKUFZWQkVSVXhGVkVsUFRrcFBRaTFQVGtWVFJFczVNVGd6TFZkRlUxUlZVeUlzSW1wdllreHZZMkYwYVc5dUlqb2lkMlZ6ZEhWekluMD9hcGktdmVyc2lvbj0yMDE2LTAyLTAx",
      "RequestMethod": "GET",
      "RequestBody": "",
      "RequestHeaders": {
        "x-ms-version": [
          "2016-02-01"
        ],
        "User-Agent": [
          "Microsoft.Azure.Management.Resources.ResourceManagementClient/2.0.0.0"
        ]
      },
      "ResponseBody": "",
      "ResponseHeaders": {
        "Content-Length": [
          "0"
        ],
        "Expires": [
          "-1"
        ],
        "Pragma": [
          "no-cache"
        ],
        "Retry-After": [
          "15"
        ],
        "x-ms-ratelimit-remaining-subscription-reads": [
          "14975"
        ],
        "x-ms-request-id": [
          "b315f411-4148-4541-b7a9-78c9f8f6a23c"
        ],
        "x-ms-correlation-request-id": [
          "b315f411-4148-4541-b7a9-78c9f8f6a23c"
        ],
        "x-ms-routing-request-id": [
          "WESTUS:20160429T192902Z:b315f411-4148-4541-b7a9-78c9f8f6a23c"
        ],
        "Strict-Transport-Security": [
          "max-age=31536000; includeSubDomains"
        ],
        "Cache-Control": [
          "no-cache"
        ],
        "Date": [
          "Fri, 29 Apr 2016 19:29:01 GMT"
        ],
        "Location": [
          "https://management.azure.com/subscriptions/9532a63e-f2eb-4649-bb23-5ed01077ce80/operationresults/eyJqb2JJZCI6IlJFU09VUkNFR1JPVVBERUxFVElPTkpPQi1PTkVTREs5MTgzLVdFU1RVUyIsImpvYkxvY2F0aW9uIjoid2VzdHVzIn0?api-version=2016-02-01"
        ]
      },
      "StatusCode": 202
    },
    {
      "RequestUri": "/subscriptions/9532a63e-f2eb-4649-bb23-5ed01077ce80/operationresults/eyJqb2JJZCI6IlJFU09VUkNFR1JPVVBERUxFVElPTkpPQi1PTkVTREs5MTgzLVdFU1RVUyIsImpvYkxvY2F0aW9uIjoid2VzdHVzIn0?api-version=2016-02-01",
      "EncodedRequestUri": "L3N1YnNjcmlwdGlvbnMvOTUzMmE2M2UtZjJlYi00NjQ5LWJiMjMtNWVkMDEwNzdjZTgwL29wZXJhdGlvbnJlc3VsdHMvZXlKcWIySkpaQ0k2SWxKRlUwOVZVa05GUjFKUFZWQkVSVXhGVkVsUFRrcFBRaTFQVGtWVFJFczVNVGd6TFZkRlUxUlZVeUlzSW1wdllreHZZMkYwYVc5dUlqb2lkMlZ6ZEhWekluMD9hcGktdmVyc2lvbj0yMDE2LTAyLTAx",
      "RequestMethod": "GET",
      "RequestBody": "",
      "RequestHeaders": {
        "x-ms-version": [
          "2016-02-01"
        ],
        "User-Agent": [
          "Microsoft.Azure.Management.Resources.ResourceManagementClient/2.0.0.0"
        ]
      },
      "ResponseBody": "",
      "ResponseHeaders": {
        "Content-Length": [
          "0"
        ],
        "Expires": [
          "-1"
        ],
        "Pragma": [
          "no-cache"
        ],
        "Retry-After": [
          "15"
        ],
        "x-ms-ratelimit-remaining-subscription-reads": [
          "14974"
        ],
        "x-ms-request-id": [
          "6bb66b7b-ebc9-4bbe-bf30-c042f4ad4cfd"
        ],
        "x-ms-correlation-request-id": [
          "6bb66b7b-ebc9-4bbe-bf30-c042f4ad4cfd"
        ],
        "x-ms-routing-request-id": [
          "WESTUS:20160429T192917Z:6bb66b7b-ebc9-4bbe-bf30-c042f4ad4cfd"
        ],
        "Strict-Transport-Security": [
          "max-age=31536000; includeSubDomains"
        ],
        "Cache-Control": [
          "no-cache"
        ],
        "Date": [
          "Fri, 29 Apr 2016 19:29:17 GMT"
        ],
        "Location": [
          "https://management.azure.com/subscriptions/9532a63e-f2eb-4649-bb23-5ed01077ce80/operationresults/eyJqb2JJZCI6IlJFU09VUkNFR1JPVVBERUxFVElPTkpPQi1PTkVTREs5MTgzLVdFU1RVUyIsImpvYkxvY2F0aW9uIjoid2VzdHVzIn0?api-version=2016-02-01"
        ]
      },
      "StatusCode": 202
    },
    {
      "RequestUri": "/subscriptions/9532a63e-f2eb-4649-bb23-5ed01077ce80/operationresults/eyJqb2JJZCI6IlJFU09VUkNFR1JPVVBERUxFVElPTkpPQi1PTkVTREs5MTgzLVdFU1RVUyIsImpvYkxvY2F0aW9uIjoid2VzdHVzIn0?api-version=2016-02-01",
      "EncodedRequestUri": "L3N1YnNjcmlwdGlvbnMvOTUzMmE2M2UtZjJlYi00NjQ5LWJiMjMtNWVkMDEwNzdjZTgwL29wZXJhdGlvbnJlc3VsdHMvZXlKcWIySkpaQ0k2SWxKRlUwOVZVa05GUjFKUFZWQkVSVXhGVkVsUFRrcFBRaTFQVGtWVFJFczVNVGd6TFZkRlUxUlZVeUlzSW1wdllreHZZMkYwYVc5dUlqb2lkMlZ6ZEhWekluMD9hcGktdmVyc2lvbj0yMDE2LTAyLTAx",
      "RequestMethod": "GET",
      "RequestBody": "",
      "RequestHeaders": {
        "x-ms-version": [
          "2016-02-01"
        ],
        "User-Agent": [
          "Microsoft.Azure.Management.Resources.ResourceManagementClient/2.0.0.0"
        ]
      },
      "ResponseBody": "",
      "ResponseHeaders": {
        "Content-Length": [
          "0"
        ],
        "Expires": [
          "-1"
        ],
        "Pragma": [
          "no-cache"
        ],
        "x-ms-ratelimit-remaining-subscription-reads": [
          "14973"
        ],
        "x-ms-request-id": [
          "4a3f5fb5-4322-49e7-abc1-ef479b9180c8"
        ],
        "x-ms-correlation-request-id": [
          "4a3f5fb5-4322-49e7-abc1-ef479b9180c8"
        ],
        "x-ms-routing-request-id": [
          "WESTUS:20160429T192932Z:4a3f5fb5-4322-49e7-abc1-ef479b9180c8"
        ],
        "Strict-Transport-Security": [
          "max-age=31536000; includeSubDomains"
        ],
        "Cache-Control": [
          "no-cache"
        ],
        "Date": [
          "Fri, 29 Apr 2016 19:29:32 GMT"
        ]
      },
      "StatusCode": 200
    }
  ],
  "Names": {
    "Test-PublicIpAddressIpVersion": [
      "onesdk9183",
      "onesdk7849",
      "onesdk9782",
      "onesdk8145",
      "onesdk1752"
    ]
  },
  "Variables": {
    "SubscriptionId": "9532a63e-f2eb-4649-bb23-5ed01077ce80"
  }
}
