{
  "Entries": [
    {
      "RequestUri": "/subscriptions/947d47b4-7883-4bb9-9d85-c5e8e2f572ce/resourcegroups/ps5164?api-version=2016-09-01",
      "EncodedRequestUri": "L3N1YnNjcmlwdGlvbnMvOTQ3ZDQ3YjQtNzg4My00YmI5LTlkODUtYzVlOGUyZjU3MmNlL3Jlc291cmNlZ3JvdXBzL3BzNTE2ND9hcGktdmVyc2lvbj0yMDE2LTA5LTAx",
      "RequestMethod": "PUT",
      "RequestBody": "{\r\n  \"location\": \"westcentralus\"\r\n}",
      "RequestHeaders": {
        "x-ms-client-request-id": [
          "d8c0a7d4-c3d6-44a2-8b5a-667ed55aa80d"
        ],
        "accept-language": [
          "en-US"
        ],
        "User-Agent": [
          "FxVersion/4.6.26614.01",
          "OSName/Windows",
          "OSVersion/Microsoft.Windows.10.0.14393.",
          "Microsoft.Azure.Management.Internal.Resources.ResourceManagementClient/1.3.2"
        ],
        "Content-Type": [
          "application/json; charset=utf-8"
        ],
        "Content-Length": [
          "35"
        ]
      },
      "ResponseHeaders": {
        "Cache-Control": [
          "no-cache"
        ],
        "Date": [
          "Wed, 18 Sep 2019 22:42:52 GMT"
        ],
        "Pragma": [
          "no-cache"
        ],
        "x-ms-ratelimit-remaining-subscription-writes": [
          "1196"
        ],
        "x-ms-request-id": [
          "e0d46ea7-77bd-4126-a976-b64bf825c2db"
        ],
        "x-ms-correlation-request-id": [
          "e0d46ea7-77bd-4126-a976-b64bf825c2db"
        ],
        "x-ms-routing-request-id": [
          "WESTUS2:20190918T224253Z:e0d46ea7-77bd-4126-a976-b64bf825c2db"
        ],
        "Strict-Transport-Security": [
          "max-age=31536000; includeSubDomains"
        ],
        "X-Content-Type-Options": [
          "nosniff"
        ],
        "Content-Length": [
          "172"
        ],
        "Content-Type": [
          "application/json; charset=utf-8"
        ],
        "Expires": [
          "-1"
        ]
      },
      "ResponseBody": "{\r\n  \"id\": \"/subscriptions/947d47b4-7883-4bb9-9d85-c5e8e2f572ce/resourceGroups/ps5164\",\r\n  \"name\": \"ps5164\",\r\n  \"location\": \"westcentralus\",\r\n  \"properties\": {\r\n    \"provisioningState\": \"Succeeded\"\r\n  }\r\n}",
      "StatusCode": 201
    },
    {
      "RequestUri": "/subscriptions/947d47b4-7883-4bb9-9d85-c5e8e2f572ce/resourceGroups/ps5164/providers/Microsoft.Network/ddosProtectionPlans/ps6968?api-version=2019-08-01",
      "EncodedRequestUri": "L3N1YnNjcmlwdGlvbnMvOTQ3ZDQ3YjQtNzg4My00YmI5LTlkODUtYzVlOGUyZjU3MmNlL3Jlc291cmNlR3JvdXBzL3BzNTE2NC9wcm92aWRlcnMvTWljcm9zb2Z0Lk5ldHdvcmsvZGRvc1Byb3RlY3Rpb25QbGFucy9wczY5Njg/YXBpLXZlcnNpb249MjAxOS0wOC0wMQ==",
      "RequestMethod": "GET",
      "RequestBody": "",
      "RequestHeaders": {
        "x-ms-client-request-id": [
          "0ec6673c-c442-4f70-9c10-d2f1b137c073"
        ],
        "accept-language": [
          "en-US"
        ],
        "User-Agent": [
          "FxVersion/4.6.26614.01",
          "OSName/Windows",
          "OSVersion/Microsoft.Windows.10.0.14393.",
          "Microsoft.Azure.Management.Network.NetworkManagementClient/20.0.0.0"
        ]
      },
      "ResponseHeaders": {
        "Cache-Control": [
          "no-cache"
        ],
        "Date": [
          "Wed, 18 Sep 2019 22:42:53 GMT"
        ],
        "Pragma": [
          "no-cache"
        ],
        "x-ms-failure-cause": [
          "gateway"
        ],
        "x-ms-request-id": [
          "3bb910ca-d65f-45a4-aafe-e75fdc9b20ae"
        ],
        "x-ms-correlation-request-id": [
          "3bb910ca-d65f-45a4-aafe-e75fdc9b20ae"
        ],
        "x-ms-routing-request-id": [
          "WESTUS2:20190918T224253Z:3bb910ca-d65f-45a4-aafe-e75fdc9b20ae"
        ],
        "Strict-Transport-Security": [
          "max-age=31536000; includeSubDomains"
        ],
        "X-Content-Type-Options": [
          "nosniff"
        ],
        "Content-Length": [
          "154"
        ],
        "Content-Type": [
          "application/json; charset=utf-8"
        ],
        "Expires": [
          "-1"
        ]
      },
      "ResponseBody": "{\r\n  \"error\": {\r\n    \"code\": \"ResourceNotFound\",\r\n    \"message\": \"The Resource 'Microsoft.Network/ddosProtectionPlans/ps6968' under resource group 'ps5164' was not found.\"\r\n  }\r\n}",
      "StatusCode": 404
    },
    {
      "RequestUri": "/subscriptions/947d47b4-7883-4bb9-9d85-c5e8e2f572ce/resourceGroups/ps5164/providers/Microsoft.Network/ddosProtectionPlans/ps6968?api-version=2019-08-01",
      "EncodedRequestUri": "L3N1YnNjcmlwdGlvbnMvOTQ3ZDQ3YjQtNzg4My00YmI5LTlkODUtYzVlOGUyZjU3MmNlL3Jlc291cmNlR3JvdXBzL3BzNTE2NC9wcm92aWRlcnMvTWljcm9zb2Z0Lk5ldHdvcmsvZGRvc1Byb3RlY3Rpb25QbGFucy9wczY5Njg/YXBpLXZlcnNpb249MjAxOS0wOC0wMQ==",
      "RequestMethod": "GET",
      "RequestBody": "",
      "RequestHeaders": {
        "User-Agent": [
          "FxVersion/4.6.26614.01",
          "OSName/Windows",
          "OSVersion/Microsoft.Windows.10.0.14393.",
          "Microsoft.Azure.Management.Network.NetworkManagementClient/20.0.0.0"
        ]
      },
      "ResponseHeaders": {
        "Cache-Control": [
          "no-cache"
        ],
        "Date": [
          "Wed, 18 Sep 2019 22:42:53 GMT"
        ],
        "Pragma": [
          "no-cache"
        ],
        "ETag": [
          "W/\"6b3808cc-992c-431b-ba96-1b7f92cb33c0\""
        ],
        "Server": [
          "Microsoft-HTTPAPI/2.0",
          "Microsoft-HTTPAPI/2.0"
        ],
        "x-ms-request-id": [
          "ba99b47d-3a66-435c-9a5e-db96af6d1747"
        ],
        "x-ms-correlation-request-id": [
          "6f820f94-32de-4d13-a0c3-6805c2f2499a"
        ],
        "x-ms-arm-service-request-id": [
          "33929e50-f69d-4f07-a966-069f0c6127c5"
        ],
        "Strict-Transport-Security": [
          "max-age=31536000; includeSubDomains"
        ],
        "x-ms-ratelimit-remaining-subscription-reads": [
          "11988"
        ],
        "x-ms-routing-request-id": [
          "WESTUS2:20190918T224253Z:6f820f94-32de-4d13-a0c3-6805c2f2499a"
        ],
        "X-Content-Type-Options": [
          "nosniff"
        ],
        "Content-Length": [
          "369"
        ],
        "Content-Type": [
          "application/json; charset=utf-8"
        ],
        "Expires": [
          "-1"
        ]
      },
      "ResponseBody": "{\r\n  \"name\": \"ps6968\",\r\n  \"id\": \"/subscriptions/947d47b4-7883-4bb9-9d85-c5e8e2f572ce/resourceGroups/ps5164/providers/Microsoft.Network/ddosProtectionPlans/ps6968\",\r\n  \"etag\": \"W/\\\"6b3808cc-992c-431b-ba96-1b7f92cb33c0\\\"\",\r\n  \"type\": \"Microsoft.Network/ddosProtectionPlans\",\r\n  \"location\": \"westcentralus\",\r\n  \"properties\": {\r\n    \"provisioningState\": \"Succeeded\"\r\n  }\r\n}",
      "StatusCode": 200
    },
    {
      "RequestUri": "/subscriptions/947d47b4-7883-4bb9-9d85-c5e8e2f572ce/resourceGroups/ps5164/providers/Microsoft.Network/ddosProtectionPlans/ps6968?api-version=2019-08-01",
      "EncodedRequestUri": "L3N1YnNjcmlwdGlvbnMvOTQ3ZDQ3YjQtNzg4My00YmI5LTlkODUtYzVlOGUyZjU3MmNlL3Jlc291cmNlR3JvdXBzL3BzNTE2NC9wcm92aWRlcnMvTWljcm9zb2Z0Lk5ldHdvcmsvZGRvc1Byb3RlY3Rpb25QbGFucy9wczY5Njg/YXBpLXZlcnNpb249MjAxOS0wOC0wMQ==",
      "RequestMethod": "GET",
      "RequestBody": "",
      "RequestHeaders": {
        "x-ms-client-request-id": [
          "d651fb84-c210-49da-80a9-ed64f94ce316"
        ],
        "accept-language": [
          "en-US"
        ],
        "User-Agent": [
          "FxVersion/4.6.26614.01",
          "OSName/Windows",
          "OSVersion/Microsoft.Windows.10.0.14393.",
          "Microsoft.Azure.Management.Network.NetworkManagementClient/20.0.0.0"
        ]
      },
      "ResponseHeaders": {
        "Cache-Control": [
          "no-cache"
        ],
        "Date": [
          "Wed, 18 Sep 2019 22:42:53 GMT"
        ],
        "Pragma": [
          "no-cache"
        ],
        "ETag": [
          "W/\"6b3808cc-992c-431b-ba96-1b7f92cb33c0\""
        ],
        "Server": [
          "Microsoft-HTTPAPI/2.0",
          "Microsoft-HTTPAPI/2.0"
        ],
        "x-ms-request-id": [
          "8082a881-de3c-4be0-831a-2e725e4a0e31"
        ],
        "x-ms-correlation-request-id": [
          "3e1720a8-3c23-42b0-b74f-d214e0b8b139"
        ],
        "x-ms-arm-service-request-id": [
          "fafcef6e-d6d4-42cb-9139-8d5290050075"
        ],
        "Strict-Transport-Security": [
          "max-age=31536000; includeSubDomains"
        ],
        "x-ms-ratelimit-remaining-subscription-reads": [
          "11987"
        ],
        "x-ms-routing-request-id": [
          "WESTUS2:20190918T224254Z:3e1720a8-3c23-42b0-b74f-d214e0b8b139"
        ],
        "X-Content-Type-Options": [
          "nosniff"
        ],
        "Content-Length": [
          "369"
        ],
        "Content-Type": [
          "application/json; charset=utf-8"
        ],
        "Expires": [
          "-1"
        ]
      },
      "ResponseBody": "{\r\n  \"name\": \"ps6968\",\r\n  \"id\": \"/subscriptions/947d47b4-7883-4bb9-9d85-c5e8e2f572ce/resourceGroups/ps5164/providers/Microsoft.Network/ddosProtectionPlans/ps6968\",\r\n  \"etag\": \"W/\\\"6b3808cc-992c-431b-ba96-1b7f92cb33c0\\\"\",\r\n  \"type\": \"Microsoft.Network/ddosProtectionPlans\",\r\n  \"location\": \"westcentralus\",\r\n  \"properties\": {\r\n    \"provisioningState\": \"Succeeded\"\r\n  }\r\n}",
      "StatusCode": 200
    },
    {
      "RequestUri": "/subscriptions/947d47b4-7883-4bb9-9d85-c5e8e2f572ce/resourceGroups/ps5164/providers/Microsoft.Network/ddosProtectionPlans/ps6968?api-version=2019-08-01",
      "EncodedRequestUri": "L3N1YnNjcmlwdGlvbnMvOTQ3ZDQ3YjQtNzg4My00YmI5LTlkODUtYzVlOGUyZjU3MmNlL3Jlc291cmNlR3JvdXBzL3BzNTE2NC9wcm92aWRlcnMvTWljcm9zb2Z0Lk5ldHdvcmsvZGRvc1Byb3RlY3Rpb25QbGFucy9wczY5Njg/YXBpLXZlcnNpb249MjAxOS0wOC0wMQ==",
      "RequestMethod": "GET",
      "RequestBody": "",
      "RequestHeaders": {
        "x-ms-client-request-id": [
          "614c4c5a-df73-41b9-b052-3137ff75c6bd"
        ],
        "accept-language": [
          "en-US"
        ],
        "User-Agent": [
          "FxVersion/4.6.26614.01",
          "OSName/Windows",
          "OSVersion/Microsoft.Windows.10.0.14393.",
          "Microsoft.Azure.Management.Network.NetworkManagementClient/20.0.0.0"
        ]
      },
      "ResponseHeaders": {
        "Cache-Control": [
          "no-cache"
        ],
        "Date": [
          "Wed, 18 Sep 2019 22:42:53 GMT"
        ],
        "Pragma": [
          "no-cache"
        ],
        "ETag": [
          "W/\"6b3808cc-992c-431b-ba96-1b7f92cb33c0\""
        ],
        "Server": [
          "Microsoft-HTTPAPI/2.0",
          "Microsoft-HTTPAPI/2.0"
        ],
        "x-ms-request-id": [
          "b5ac047d-ef47-4f40-9ca7-1c0f3a233f98"
        ],
        "x-ms-correlation-request-id": [
          "84d474f6-2aaf-4f83-8b0f-6b39516166f6"
        ],
        "x-ms-arm-service-request-id": [
          "6d5f4fb7-cf85-4cf6-8cf3-9ea9df496e10"
        ],
        "Strict-Transport-Security": [
          "max-age=31536000; includeSubDomains"
        ],
        "x-ms-ratelimit-remaining-subscription-reads": [
          "11986"
        ],
        "x-ms-routing-request-id": [
          "WESTUS2:20190918T224254Z:84d474f6-2aaf-4f83-8b0f-6b39516166f6"
        ],
        "X-Content-Type-Options": [
          "nosniff"
        ],
        "Content-Length": [
          "369"
        ],
        "Content-Type": [
          "application/json; charset=utf-8"
        ],
        "Expires": [
          "-1"
        ]
      },
      "ResponseBody": "{\r\n  \"name\": \"ps6968\",\r\n  \"id\": \"/subscriptions/947d47b4-7883-4bb9-9d85-c5e8e2f572ce/resourceGroups/ps5164/providers/Microsoft.Network/ddosProtectionPlans/ps6968\",\r\n  \"etag\": \"W/\\\"6b3808cc-992c-431b-ba96-1b7f92cb33c0\\\"\",\r\n  \"type\": \"Microsoft.Network/ddosProtectionPlans\",\r\n  \"location\": \"westcentralus\",\r\n  \"properties\": {\r\n    \"provisioningState\": \"Succeeded\"\r\n  }\r\n}",
      "StatusCode": 200
    },
    {
      "RequestUri": "/subscriptions/947d47b4-7883-4bb9-9d85-c5e8e2f572ce/resourceGroups/ps5164/providers/Microsoft.Network/ddosProtectionPlans/ps6968?api-version=2019-08-01",
      "EncodedRequestUri": "L3N1YnNjcmlwdGlvbnMvOTQ3ZDQ3YjQtNzg4My00YmI5LTlkODUtYzVlOGUyZjU3MmNlL3Jlc291cmNlR3JvdXBzL3BzNTE2NC9wcm92aWRlcnMvTWljcm9zb2Z0Lk5ldHdvcmsvZGRvc1Byb3RlY3Rpb25QbGFucy9wczY5Njg/YXBpLXZlcnNpb249MjAxOS0wOC0wMQ==",
      "RequestMethod": "PUT",
      "RequestBody": "{\r\n  \"location\": \"westcentralus\"\r\n}",
      "RequestHeaders": {
        "x-ms-client-request-id": [
          "5d85bde9-7804-45a8-b181-9e6578c0c22a"
        ],
        "accept-language": [
          "en-US"
        ],
        "User-Agent": [
          "FxVersion/4.6.26614.01",
          "OSName/Windows",
          "OSVersion/Microsoft.Windows.10.0.14393.",
          "Microsoft.Azure.Management.Network.NetworkManagementClient/20.0.0.0"
        ],
        "Content-Type": [
          "application/json; charset=utf-8"
        ],
        "Content-Length": [
          "35"
        ]
      },
      "ResponseHeaders": {
        "Cache-Control": [
          "no-cache"
        ],
        "Date": [
          "Wed, 18 Sep 2019 22:42:53 GMT"
        ],
        "Pragma": [
          "no-cache"
        ],
        "Server": [
          "Microsoft-HTTPAPI/2.0",
          "Microsoft-HTTPAPI/2.0"
        ],
        "x-ms-request-id": [
          "75dc499a-d169-4f46-a242-bb1bceae055a"
        ],
        "Azure-AsyncOperation": [
          "https://management.azure.com/subscriptions/947d47b4-7883-4bb9-9d85-c5e8e2f572ce/providers/Microsoft.Network/locations/westcentralus/operations/75dc499a-d169-4f46-a242-bb1bceae055a?api-version=2019-08-01"
        ],
        "x-ms-correlation-request-id": [
          "28c5dfc9-52f3-4ce0-8560-623db851162a"
        ],
        "Azure-AsyncNotification": [
          "Enabled"
        ],
        "x-ms-arm-service-request-id": [
          "1cdc0626-93f1-4f86-aec4-e110267d63f6"
        ],
        "Strict-Transport-Security": [
          "max-age=31536000; includeSubDomains"
        ],
        "x-ms-ratelimit-remaining-subscription-writes": [
          "1195"
        ],
        "x-ms-routing-request-id": [
          "WESTUS2:20190918T224253Z:28c5dfc9-52f3-4ce0-8560-623db851162a"
        ],
        "X-Content-Type-Options": [
          "nosniff"
        ],
        "Content-Length": [
          "369"
        ],
        "Content-Type": [
          "application/json; charset=utf-8"
        ],
        "Expires": [
          "-1"
        ]
      },
      "ResponseBody": "{\r\n  \"name\": \"ps6968\",\r\n  \"id\": \"/subscriptions/947d47b4-7883-4bb9-9d85-c5e8e2f572ce/resourceGroups/ps5164/providers/Microsoft.Network/ddosProtectionPlans/ps6968\",\r\n  \"etag\": \"W/\\\"6b3808cc-992c-431b-ba96-1b7f92cb33c0\\\"\",\r\n  \"type\": \"Microsoft.Network/ddosProtectionPlans\",\r\n  \"location\": \"westcentralus\",\r\n  \"properties\": {\r\n    \"provisioningState\": \"Succeeded\"\r\n  }\r\n}",
      "StatusCode": 201
    },
    {
      "RequestUri": "/subscriptions/947d47b4-7883-4bb9-9d85-c5e8e2f572ce/resourceGroups/ps5164/providers/Microsoft.Network/ddosProtectionPlans?api-version=2019-08-01",
      "EncodedRequestUri": "L3N1YnNjcmlwdGlvbnMvOTQ3ZDQ3YjQtNzg4My00YmI5LTlkODUtYzVlOGUyZjU3MmNlL3Jlc291cmNlR3JvdXBzL3BzNTE2NC9wcm92aWRlcnMvTWljcm9zb2Z0Lk5ldHdvcmsvZGRvc1Byb3RlY3Rpb25QbGFucz9hcGktdmVyc2lvbj0yMDE5LTA4LTAx",
      "RequestMethod": "GET",
      "RequestBody": "",
      "RequestHeaders": {
        "x-ms-client-request-id": [
          "44e77e73-ac48-4f32-b123-734773fd3c70"
        ],
        "accept-language": [
          "en-US"
        ],
        "User-Agent": [
          "FxVersion/4.6.26614.01",
          "OSName/Windows",
          "OSVersion/Microsoft.Windows.10.0.14393.",
          "Microsoft.Azure.Management.Network.NetworkManagementClient/20.0.0.0"
        ]
      },
      "ResponseHeaders": {
        "Cache-Control": [
          "no-cache"
        ],
        "Date": [
          "Wed, 18 Sep 2019 22:42:53 GMT"
        ],
        "Pragma": [
          "no-cache"
        ],
        "Server": [
          "Microsoft-HTTPAPI/2.0",
          "Microsoft-HTTPAPI/2.0"
        ],
        "x-ms-request-id": [
          "6ca4fefd-7c37-421c-940c-04ec31835dda"
        ],
        "x-ms-correlation-request-id": [
          "b98ac73d-74ae-40fb-8530-51b57b24ec4d"
        ],
        "x-ms-arm-service-request-id": [
          "87284a1c-325d-496e-ad93-87e35bd9cde7"
        ],
        "Strict-Transport-Security": [
          "max-age=31536000; includeSubDomains"
        ],
        "x-ms-ratelimit-remaining-subscription-reads": [
          "11988"
        ],
        "x-ms-routing-request-id": [
          "WESTUS2:20190918T224254Z:b98ac73d-74ae-40fb-8530-51b57b24ec4d"
        ],
        "X-Content-Type-Options": [
          "nosniff"
        ],
        "Content-Length": [
          "434"
        ],
        "Content-Type": [
          "application/json; charset=utf-8"
        ],
        "Expires": [
          "-1"
        ]
      },
      "ResponseBody": "{\r\n  \"value\": [\r\n    {\r\n      \"name\": \"ps6968\",\r\n      \"id\": \"/subscriptions/947d47b4-7883-4bb9-9d85-c5e8e2f572ce/resourceGroups/ps5164/providers/Microsoft.Network/ddosProtectionPlans/ps6968\",\r\n      \"etag\": \"W/\\\"6b3808cc-992c-431b-ba96-1b7f92cb33c0\\\"\",\r\n      \"type\": \"Microsoft.Network/ddosProtectionPlans\",\r\n      \"location\": \"westcentralus\",\r\n      \"properties\": {\r\n        \"provisioningState\": \"Succeeded\"\r\n      }\r\n    }\r\n  ]\r\n}",
      "StatusCode": 200
    },
    {
      "RequestUri": "/subscriptions/947d47b4-7883-4bb9-9d85-c5e8e2f572ce/providers/Microsoft.Network/ddosProtectionPlans?api-version=2019-08-01",
      "EncodedRequestUri": "L3N1YnNjcmlwdGlvbnMvOTQ3ZDQ3YjQtNzg4My00YmI5LTlkODUtYzVlOGUyZjU3MmNlL3Byb3ZpZGVycy9NaWNyb3NvZnQuTmV0d29yay9kZG9zUHJvdGVjdGlvblBsYW5zP2FwaS12ZXJzaW9uPTIwMTktMDgtMDE=",
      "RequestMethod": "GET",
      "RequestBody": "",
      "RequestHeaders": {
        "x-ms-client-request-id": [
          "817c1fc3-e503-4313-a8fd-aae344f77cb8"
        ],
        "accept-language": [
          "en-US"
        ],
        "User-Agent": [
          "FxVersion/4.6.26614.01",
          "OSName/Windows",
          "OSVersion/Microsoft.Windows.10.0.14393.",
          "Microsoft.Azure.Management.Network.NetworkManagementClient/20.0.0.0"
        ]
      },
      "ResponseHeaders": {
        "Cache-Control": [
          "no-cache"
        ],
        "Date": [
          "Wed, 18 Sep 2019 22:42:54 GMT"
        ],
        "Pragma": [
          "no-cache"
        ],
        "Server": [
          "Microsoft-HTTPAPI/2.0",
          "Microsoft-HTTPAPI/2.0"
        ],
        "x-ms-request-id": [
          "5779afed-2629-4407-bc0c-f5b3c4d52bdd"
        ],
        "x-ms-correlation-request-id": [
          "b5e038e3-e1df-49b3-9575-2d001a25e844"
        ],
        "x-ms-arm-service-request-id": [
          "fa1573d0-122d-4620-a96e-82f144b63962"
        ],
        "Strict-Transport-Security": [
          "max-age=31536000; includeSubDomains"
        ],
        "x-ms-ratelimit-remaining-subscription-reads": [
          "11993"
        ],
        "x-ms-routing-request-id": [
          "WESTUS2:20190918T224254Z:b5e038e3-e1df-49b3-9575-2d001a25e844"
        ],
        "X-Content-Type-Options": [
          "nosniff"
        ],
        "Content-Length": [
          "434"
        ],
        "Content-Type": [
          "application/json; charset=utf-8"
        ],
        "Expires": [
          "-1"
        ]
      },
      "ResponseBody": "{\r\n  \"value\": [\r\n    {\r\n      \"name\": \"ps6968\",\r\n      \"id\": \"/subscriptions/947d47b4-7883-4bb9-9d85-c5e8e2f572ce/resourceGroups/ps5164/providers/Microsoft.Network/ddosProtectionPlans/ps6968\",\r\n      \"etag\": \"W/\\\"6b3808cc-992c-431b-ba96-1b7f92cb33c0\\\"\",\r\n      \"type\": \"Microsoft.Network/ddosProtectionPlans\",\r\n      \"location\": \"westcentralus\",\r\n      \"properties\": {\r\n        \"provisioningState\": \"Succeeded\"\r\n      }\r\n    }\r\n  ]\r\n}",
      "StatusCode": 200
    },
    {
      "RequestUri": "/subscriptions/947d47b4-7883-4bb9-9d85-c5e8e2f572ce/providers/Microsoft.Network/ddosProtectionPlans?api-version=2019-08-01",
      "EncodedRequestUri": "L3N1YnNjcmlwdGlvbnMvOTQ3ZDQ3YjQtNzg4My00YmI5LTlkODUtYzVlOGUyZjU3MmNlL3Byb3ZpZGVycy9NaWNyb3NvZnQuTmV0d29yay9kZG9zUHJvdGVjdGlvblBsYW5zP2FwaS12ZXJzaW9uPTIwMTktMDgtMDE=",
      "RequestMethod": "GET",
      "RequestBody": "",
      "RequestHeaders": {
        "x-ms-client-request-id": [
          "099ab34b-36ce-4bd6-b8be-191775622fb0"
        ],
        "accept-language": [
          "en-US"
        ],
        "User-Agent": [
          "FxVersion/4.6.26614.01",
          "OSName/Windows",
          "OSVersion/Microsoft.Windows.10.0.14393.",
          "Microsoft.Azure.Management.Network.NetworkManagementClient/20.0.0.0"
        ]
      },
      "ResponseHeaders": {
        "Cache-Control": [
          "no-cache"
        ],
        "Date": [
          "Wed, 18 Sep 2019 22:42:53 GMT"
        ],
        "Pragma": [
          "no-cache"
        ],
        "Server": [
          "Microsoft-HTTPAPI/2.0",
          "Microsoft-HTTPAPI/2.0"
        ],
        "x-ms-request-id": [
          "8ad04733-ef0a-4383-ada8-974c195e5242"
        ],
        "x-ms-correlation-request-id": [
          "f00e2d90-c97c-4ef1-a939-f9e49e0c22a3"
        ],
        "x-ms-arm-service-request-id": [
          "380f487e-0a68-4d77-8e3a-90b7a5b3a8b2"
        ],
        "Strict-Transport-Security": [
          "max-age=31536000; includeSubDomains"
        ],
        "x-ms-ratelimit-remaining-subscription-reads": [
          "11994"
        ],
        "x-ms-routing-request-id": [
          "WESTUS2:20190918T224254Z:f00e2d90-c97c-4ef1-a939-f9e49e0c22a3"
        ],
        "X-Content-Type-Options": [
          "nosniff"
        ],
        "Content-Length": [
          "434"
        ],
        "Content-Type": [
          "application/json; charset=utf-8"
        ],
        "Expires": [
          "-1"
        ]
      },
      "ResponseBody": "{\r\n  \"value\": [\r\n    {\r\n      \"name\": \"ps6968\",\r\n      \"id\": \"/subscriptions/947d47b4-7883-4bb9-9d85-c5e8e2f572ce/resourceGroups/ps5164/providers/Microsoft.Network/ddosProtectionPlans/ps6968\",\r\n      \"etag\": \"W/\\\"6b3808cc-992c-431b-ba96-1b7f92cb33c0\\\"\",\r\n      \"type\": \"Microsoft.Network/ddosProtectionPlans\",\r\n      \"location\": \"westcentralus\",\r\n      \"properties\": {\r\n        \"provisioningState\": \"Succeeded\"\r\n      }\r\n    }\r\n  ]\r\n}",
      "StatusCode": 200
    },
    {
      "RequestUri": "/subscriptions/947d47b4-7883-4bb9-9d85-c5e8e2f572ce/providers/Microsoft.Network/ddosProtectionPlans?api-version=2019-08-01",
      "EncodedRequestUri": "L3N1YnNjcmlwdGlvbnMvOTQ3ZDQ3YjQtNzg4My00YmI5LTlkODUtYzVlOGUyZjU3MmNlL3Byb3ZpZGVycy9NaWNyb3NvZnQuTmV0d29yay9kZG9zUHJvdGVjdGlvblBsYW5zP2FwaS12ZXJzaW9uPTIwMTktMDgtMDE=",
      "RequestMethod": "GET",
      "RequestBody": "",
      "RequestHeaders": {
        "x-ms-client-request-id": [
          "4ff7f581-bc2a-4516-9a08-ca365f301baf"
        ],
        "accept-language": [
          "en-US"
        ],
        "User-Agent": [
          "FxVersion/4.6.26614.01",
          "OSName/Windows",
          "OSVersion/Microsoft.Windows.10.0.14393.",
          "Microsoft.Azure.Management.Network.NetworkManagementClient/20.0.0.0"
        ]
      },
      "ResponseHeaders": {
        "Cache-Control": [
          "no-cache"
        ],
        "Date": [
          "Wed, 18 Sep 2019 22:42:54 GMT"
        ],
        "Pragma": [
          "no-cache"
        ],
        "Server": [
          "Microsoft-HTTPAPI/2.0",
          "Microsoft-HTTPAPI/2.0"
        ],
        "x-ms-request-id": [
          "018af469-6815-44c7-a11d-214cb92dc164"
        ],
        "x-ms-correlation-request-id": [
          "99b51511-4487-4278-9f2a-cf574830a624"
        ],
        "x-ms-arm-service-request-id": [
          "e65e2dfd-1535-4198-8e0d-05f5ade5f114"
        ],
        "Strict-Transport-Security": [
          "max-age=31536000; includeSubDomains"
        ],
        "x-ms-ratelimit-remaining-subscription-reads": [
          "11991"
        ],
        "x-ms-routing-request-id": [
          "WESTUS2:20190918T224254Z:99b51511-4487-4278-9f2a-cf574830a624"
        ],
        "X-Content-Type-Options": [
          "nosniff"
        ],
        "Content-Length": [
          "434"
        ],
        "Content-Type": [
          "application/json; charset=utf-8"
        ],
        "Expires": [
          "-1"
        ]
      },
      "ResponseBody": "{\r\n  \"value\": [\r\n    {\r\n      \"name\": \"ps6968\",\r\n      \"id\": \"/subscriptions/947d47b4-7883-4bb9-9d85-c5e8e2f572ce/resourceGroups/ps5164/providers/Microsoft.Network/ddosProtectionPlans/ps6968\",\r\n      \"etag\": \"W/\\\"6b3808cc-992c-431b-ba96-1b7f92cb33c0\\\"\",\r\n      \"type\": \"Microsoft.Network/ddosProtectionPlans\",\r\n      \"location\": \"westcentralus\",\r\n      \"properties\": {\r\n        \"provisioningState\": \"Succeeded\"\r\n      }\r\n    }\r\n  ]\r\n}",
      "StatusCode": 200
    },
    {
      "RequestUri": "/subscriptions/947d47b4-7883-4bb9-9d85-c5e8e2f572ce/resourceGroups/ps5164/providers/Microsoft.Network/ddosProtectionPlans/ps6968?api-version=2019-08-01",
      "EncodedRequestUri": "L3N1YnNjcmlwdGlvbnMvOTQ3ZDQ3YjQtNzg4My00YmI5LTlkODUtYzVlOGUyZjU3MmNlL3Jlc291cmNlR3JvdXBzL3BzNTE2NC9wcm92aWRlcnMvTWljcm9zb2Z0Lk5ldHdvcmsvZGRvc1Byb3RlY3Rpb25QbGFucy9wczY5Njg/YXBpLXZlcnNpb249MjAxOS0wOC0wMQ==",
      "RequestMethod": "DELETE",
      "RequestBody": "",
      "RequestHeaders": {
        "x-ms-client-request-id": [
          "ce0c256d-7db2-4dc0-bc36-9f4692c56898"
        ],
        "accept-language": [
          "en-US"
        ],
        "User-Agent": [
          "FxVersion/4.6.26614.01",
          "OSName/Windows",
          "OSVersion/Microsoft.Windows.10.0.14393.",
          "Microsoft.Azure.Management.Network.NetworkManagementClient/20.0.0.0"
        ]
      },
      "ResponseHeaders": {
        "Cache-Control": [
          "no-cache"
        ],
        "Date": [
          "Wed, 18 Sep 2019 22:42:54 GMT"
        ],
        "Pragma": [
          "no-cache"
        ],
        "Location": [
          "https://management.azure.com/subscriptions/947d47b4-7883-4bb9-9d85-c5e8e2f572ce/providers/Microsoft.Network/locations/westcentralus/operationResults/41507e58-b86d-48cd-a7c4-50a1c6936101?api-version=2019-08-01"
        ],
        "Retry-After": [
          "10"
        ],
        "Server": [
          "Microsoft-HTTPAPI/2.0",
          "Microsoft-HTTPAPI/2.0"
        ],
        "x-ms-request-id": [
          "41507e58-b86d-48cd-a7c4-50a1c6936101"
        ],
        "Azure-AsyncOperation": [
          "https://management.azure.com/subscriptions/947d47b4-7883-4bb9-9d85-c5e8e2f572ce/providers/Microsoft.Network/locations/westcentralus/operations/41507e58-b86d-48cd-a7c4-50a1c6936101?api-version=2019-08-01"
        ],
        "x-ms-correlation-request-id": [
          "348e7725-fc4a-4a82-938c-d5e0c46679d9"
        ],
        "Azure-AsyncNotification": [
          "Enabled"
        ],
        "x-ms-arm-service-request-id": [
          "630e4617-c99b-4001-ba52-115e09a82cd1"
        ],
        "Strict-Transport-Security": [
          "max-age=31536000; includeSubDomains"
        ],
        "x-ms-ratelimit-remaining-subscription-deletes": [
          "14999"
        ],
        "x-ms-routing-request-id": [
          "WESTUS2:20190918T224255Z:348e7725-fc4a-4a82-938c-d5e0c46679d9"
        ],
        "X-Content-Type-Options": [
          "nosniff"
        ],
        "Content-Length": [
          "0"
        ],
        "Expires": [
          "-1"
        ]
      },
      "ResponseBody": "",
      "StatusCode": 202
    },
    {
      "RequestUri": "/subscriptions/947d47b4-7883-4bb9-9d85-c5e8e2f572ce/providers/Microsoft.Network/locations/westcentralus/operations/41507e58-b86d-48cd-a7c4-50a1c6936101?api-version=2019-08-01",
      "EncodedRequestUri": "L3N1YnNjcmlwdGlvbnMvOTQ3ZDQ3YjQtNzg4My00YmI5LTlkODUtYzVlOGUyZjU3MmNlL3Byb3ZpZGVycy9NaWNyb3NvZnQuTmV0d29yay9sb2NhdGlvbnMvd2VzdGNlbnRyYWx1cy9vcGVyYXRpb25zLzQxNTA3ZTU4LWI4NmQtNDhjZC1hN2M0LTUwYTFjNjkzNjEwMT9hcGktdmVyc2lvbj0yMDE5LTA4LTAx",
      "RequestMethod": "GET",
      "RequestBody": "",
      "RequestHeaders": {
        "User-Agent": [
          "FxVersion/4.6.26614.01",
          "OSName/Windows",
          "OSVersion/Microsoft.Windows.10.0.14393.",
          "Microsoft.Azure.Management.Network.NetworkManagementClient/20.0.0.0"
        ]
      },
      "ResponseHeaders": {
        "Cache-Control": [
          "no-cache"
        ],
        "Date": [
          "Wed, 18 Sep 2019 22:43:05 GMT"
        ],
        "Pragma": [
          "no-cache"
        ],
        "Server": [
          "Microsoft-HTTPAPI/2.0",
          "Microsoft-HTTPAPI/2.0"
        ],
        "x-ms-request-id": [
          "9de20fe4-2299-4313-aa4b-20a851a03b5f"
        ],
        "x-ms-correlation-request-id": [
          "ae117bea-ac43-4a2b-875b-480d3b2832d5"
        ],
        "x-ms-arm-service-request-id": [
          "7b063e4b-383e-496b-b0e5-1fe3b901cf9b"
        ],
        "Strict-Transport-Security": [
          "max-age=31536000; includeSubDomains"
        ],
        "x-ms-ratelimit-remaining-subscription-reads": [
          "11992"
        ],
        "x-ms-routing-request-id": [
          "WESTUS2:20190918T224305Z:ae117bea-ac43-4a2b-875b-480d3b2832d5"
        ],
        "X-Content-Type-Options": [
          "nosniff"
        ],
        "Content-Length": [
          "29"
        ],
        "Content-Type": [
          "application/json; charset=utf-8"
        ],
        "Expires": [
          "-1"
        ]
      },
      "ResponseBody": "{\r\n  \"status\": \"Succeeded\"\r\n}",
      "StatusCode": 200
    },
    {
      "RequestUri": "/subscriptions/947d47b4-7883-4bb9-9d85-c5e8e2f572ce/providers/Microsoft.Network/locations/westcentralus/operationResults/41507e58-b86d-48cd-a7c4-50a1c6936101?api-version=2019-08-01",
      "EncodedRequestUri": "L3N1YnNjcmlwdGlvbnMvOTQ3ZDQ3YjQtNzg4My00YmI5LTlkODUtYzVlOGUyZjU3MmNlL3Byb3ZpZGVycy9NaWNyb3NvZnQuTmV0d29yay9sb2NhdGlvbnMvd2VzdGNlbnRyYWx1cy9vcGVyYXRpb25SZXN1bHRzLzQxNTA3ZTU4LWI4NmQtNDhjZC1hN2M0LTUwYTFjNjkzNjEwMT9hcGktdmVyc2lvbj0yMDE5LTA4LTAx",
      "RequestMethod": "GET",
      "RequestBody": "",
      "RequestHeaders": {
        "User-Agent": [
          "FxVersion/4.6.26614.01",
          "OSName/Windows",
          "OSVersion/Microsoft.Windows.10.0.14393.",
          "Microsoft.Azure.Management.Network.NetworkManagementClient/20.0.0.0"
        ]
      },
      "ResponseHeaders": {
        "Cache-Control": [
          "no-cache"
        ],
        "Date": [
          "Wed, 18 Sep 2019 22:43:05 GMT"
        ],
        "Pragma": [
          "no-cache"
        ],
        "Server": [
          "Microsoft-HTTPAPI/2.0",
          "Microsoft-HTTPAPI/2.0"
        ],
        "x-ms-request-id": [
          "41507e58-b86d-48cd-a7c4-50a1c6936101"
        ],
        "x-ms-correlation-request-id": [
          "348e7725-fc4a-4a82-938c-d5e0c46679d9"
        ],
        "x-ms-arm-service-request-id": [
          "630e4617-c99b-4001-ba52-115e09a82cd1"
        ],
        "Strict-Transport-Security": [
          "max-age=31536000; includeSubDomains"
        ],
        "x-ms-ratelimit-remaining-subscription-reads": [
          "11991"
        ],
        "x-ms-routing-request-id": [
          "WESTUS2:20190918T224305Z:249aec7a-5dc9-44d5-9c42-0805a2edacb0"
        ],
        "X-Content-Type-Options": [
          "nosniff"
        ],
        "Content-Type": [
          "application/json; charset=utf-8"
        ],
        "Expires": [
          "-1"
        ]
      },
      "ResponseBody": "",
      "StatusCode": 204
    },
    {
      "RequestUri": "/subscriptions/947d47b4-7883-4bb9-9d85-c5e8e2f572ce/resourcegroups/ps5164?api-version=2016-09-01",
      "EncodedRequestUri": "L3N1YnNjcmlwdGlvbnMvOTQ3ZDQ3YjQtNzg4My00YmI5LTlkODUtYzVlOGUyZjU3MmNlL3Jlc291cmNlZ3JvdXBzL3BzNTE2ND9hcGktdmVyc2lvbj0yMDE2LTA5LTAx",
      "RequestMethod": "DELETE",
      "RequestBody": "",
      "RequestHeaders": {
        "x-ms-client-request-id": [
          "52ec41b4-d901-4bd6-bc4e-afa16ce8a9d5"
        ],
        "accept-language": [
          "en-US"
        ],
        "User-Agent": [
          "FxVersion/4.6.26614.01",
          "OSName/Windows",
          "OSVersion/Microsoft.Windows.10.0.14393.",
          "Microsoft.Azure.Management.Internal.Resources.ResourceManagementClient/1.3.2"
        ]
      },
      "ResponseHeaders": {
        "Cache-Control": [
          "no-cache"
        ],
        "Date": [
          "Wed, 18 Sep 2019 22:43:06 GMT"
        ],
        "Pragma": [
          "no-cache"
        ],
        "Location": [
          "https://management.azure.com/subscriptions/947d47b4-7883-4bb9-9d85-c5e8e2f572ce/operationresults/eyJqb2JJZCI6IlJFU09VUkNFR1JPVVBERUxFVElPTkpPQi1QUzUxNjQtV0VTVENFTlRSQUxVUyIsImpvYkxvY2F0aW9uIjoid2VzdGNlbnRyYWx1cyJ9?api-version=2016-09-01"
        ],
        "Retry-After": [
          "15"
        ],
        "x-ms-ratelimit-remaining-subscription-deletes": [
          "14995"
        ],
        "x-ms-request-id": [
          "512fec93-5cc1-4edc-bc51-996ecf197344"
        ],
        "x-ms-correlation-request-id": [
          "512fec93-5cc1-4edc-bc51-996ecf197344"
        ],
        "x-ms-routing-request-id": [
          "WESTUS2:20190918T224306Z:512fec93-5cc1-4edc-bc51-996ecf197344"
        ],
        "Strict-Transport-Security": [
          "max-age=31536000; includeSubDomains"
        ],
        "X-Content-Type-Options": [
          "nosniff"
        ],
        "Content-Length": [
          "0"
        ],
        "Expires": [
          "-1"
        ]
      },
      "ResponseBody": "",
      "StatusCode": 202
    },
    {
      "RequestUri": "/subscriptions/947d47b4-7883-4bb9-9d85-c5e8e2f572ce/operationresults/eyJqb2JJZCI6IlJFU09VUkNFR1JPVVBERUxFVElPTkpPQi1QUzUxNjQtV0VTVENFTlRSQUxVUyIsImpvYkxvY2F0aW9uIjoid2VzdGNlbnRyYWx1cyJ9?api-version=2016-09-01",
      "EncodedRequestUri": "L3N1YnNjcmlwdGlvbnMvOTQ3ZDQ3YjQtNzg4My00YmI5LTlkODUtYzVlOGUyZjU3MmNlL29wZXJhdGlvbnJlc3VsdHMvZXlKcWIySkpaQ0k2SWxKRlUwOVZVa05GUjFKUFZWQkVSVXhGVkVsUFRrcFBRaTFRVXpVeE5qUXRWMFZUVkVORlRsUlNRVXhWVXlJc0ltcHZZa3h2WTJGMGFXOXVJam9pZDJWemRHTmxiblJ5WVd4MWN5Sjk/YXBpLXZlcnNpb249MjAxNi0wOS0wMQ==",
      "RequestMethod": "GET",
      "RequestBody": "",
      "RequestHeaders": {
        "User-Agent": [
          "FxVersion/4.6.26614.01",
          "OSName/Windows",
          "OSVersion/Microsoft.Windows.10.0.14393.",
          "Microsoft.Azure.Management.Internal.Resources.ResourceManagementClient/1.3.2"
        ]
      },
      "ResponseHeaders": {
        "Cache-Control": [
          "no-cache"
        ],
        "Date": [
          "Wed, 18 Sep 2019 22:43:21 GMT"
        ],
        "Pragma": [
          "no-cache"
        ],
        "Location": [
          "https://management.azure.com/subscriptions/947d47b4-7883-4bb9-9d85-c5e8e2f572ce/operationresults/eyJqb2JJZCI6IlJFU09VUkNFR1JPVVBERUxFVElPTkpPQi1QUzUxNjQtV0VTVENFTlRSQUxVUyIsImpvYkxvY2F0aW9uIjoid2VzdGNlbnRyYWx1cyJ9?api-version=2016-09-01"
        ],
        "Retry-After": [
          "15"
        ],
        "x-ms-ratelimit-remaining-subscription-reads": [
          "11993"
        ],
        "x-ms-request-id": [
          "c92dbcd4-8306-4bdf-ba9e-ca8268abd2ed"
        ],
        "x-ms-correlation-request-id": [
          "c92dbcd4-8306-4bdf-ba9e-ca8268abd2ed"
        ],
        "x-ms-routing-request-id": [
          "WESTUS2:20190918T224321Z:c92dbcd4-8306-4bdf-ba9e-ca8268abd2ed"
        ],
        "Strict-Transport-Security": [
          "max-age=31536000; includeSubDomains"
        ],
        "X-Content-Type-Options": [
          "nosniff"
        ],
        "Content-Length": [
          "0"
        ],
        "Expires": [
          "-1"
        ]
      },
      "ResponseBody": "",
      "StatusCode": 202
    },
    {
      "RequestUri": "/subscriptions/947d47b4-7883-4bb9-9d85-c5e8e2f572ce/operationresults/eyJqb2JJZCI6IlJFU09VUkNFR1JPVVBERUxFVElPTkpPQi1QUzUxNjQtV0VTVENFTlRSQUxVUyIsImpvYkxvY2F0aW9uIjoid2VzdGNlbnRyYWx1cyJ9?api-version=2016-09-01",
      "EncodedRequestUri": "L3N1YnNjcmlwdGlvbnMvOTQ3ZDQ3YjQtNzg4My00YmI5LTlkODUtYzVlOGUyZjU3MmNlL29wZXJhdGlvbnJlc3VsdHMvZXlKcWIySkpaQ0k2SWxKRlUwOVZVa05GUjFKUFZWQkVSVXhGVkVsUFRrcFBRaTFRVXpVeE5qUXRWMFZUVkVORlRsUlNRVXhWVXlJc0ltcHZZa3h2WTJGMGFXOXVJam9pZDJWemRHTmxiblJ5WVd4MWN5Sjk/YXBpLXZlcnNpb249MjAxNi0wOS0wMQ==",
      "RequestMethod": "GET",
      "RequestBody": "",
      "RequestHeaders": {
        "User-Agent": [
          "FxVersion/4.6.26614.01",
          "OSName/Windows",
          "OSVersion/Microsoft.Windows.10.0.14393.",
          "Microsoft.Azure.Management.Internal.Resources.ResourceManagementClient/1.3.2"
        ]
      },
      "ResponseHeaders": {
        "Cache-Control": [
          "no-cache"
        ],
        "Date": [
          "Wed, 18 Sep 2019 22:43:36 GMT"
        ],
        "Pragma": [
          "no-cache"
        ],
        "Location": [
          "https://management.azure.com/subscriptions/947d47b4-7883-4bb9-9d85-c5e8e2f572ce/operationresults/eyJqb2JJZCI6IlJFU09VUkNFR1JPVVBERUxFVElPTkpPQi1QUzUxNjQtV0VTVENFTlRSQUxVUyIsImpvYkxvY2F0aW9uIjoid2VzdGNlbnRyYWx1cyJ9?api-version=2016-09-01"
        ],
        "Retry-After": [
          "15"
        ],
        "x-ms-ratelimit-remaining-subscription-reads": [
          "11992"
        ],
        "x-ms-request-id": [
          "a4a962c8-9de4-4925-ae6e-f590033ba627"
        ],
        "x-ms-correlation-request-id": [
          "a4a962c8-9de4-4925-ae6e-f590033ba627"
        ],
        "x-ms-routing-request-id": [
          "WESTUS2:20190918T224336Z:a4a962c8-9de4-4925-ae6e-f590033ba627"
        ],
        "Strict-Transport-Security": [
          "max-age=31536000; includeSubDomains"
        ],
        "X-Content-Type-Options": [
          "nosniff"
        ],
        "Content-Length": [
          "0"
        ],
        "Expires": [
          "-1"
        ]
      },
      "ResponseBody": "",
      "StatusCode": 202
    },
    {
      "RequestUri": "/subscriptions/947d47b4-7883-4bb9-9d85-c5e8e2f572ce/operationresults/eyJqb2JJZCI6IlJFU09VUkNFR1JPVVBERUxFVElPTkpPQi1QUzUxNjQtV0VTVENFTlRSQUxVUyIsImpvYkxvY2F0aW9uIjoid2VzdGNlbnRyYWx1cyJ9?api-version=2016-09-01",
      "EncodedRequestUri": "L3N1YnNjcmlwdGlvbnMvOTQ3ZDQ3YjQtNzg4My00YmI5LTlkODUtYzVlOGUyZjU3MmNlL29wZXJhdGlvbnJlc3VsdHMvZXlKcWIySkpaQ0k2SWxKRlUwOVZVa05GUjFKUFZWQkVSVXhGVkVsUFRrcFBRaTFRVXpVeE5qUXRWMFZUVkVORlRsUlNRVXhWVXlJc0ltcHZZa3h2WTJGMGFXOXVJam9pZDJWemRHTmxiblJ5WVd4MWN5Sjk/YXBpLXZlcnNpb249MjAxNi0wOS0wMQ==",
      "RequestMethod": "GET",
      "RequestBody": "",
      "RequestHeaders": {
        "User-Agent": [
          "FxVersion/4.6.26614.01",
          "OSName/Windows",
          "OSVersion/Microsoft.Windows.10.0.14393.",
          "Microsoft.Azure.Management.Internal.Resources.ResourceManagementClient/1.3.2"
        ]
      },
      "ResponseHeaders": {
        "Cache-Control": [
          "no-cache"
        ],
        "Date": [
          "Wed, 18 Sep 2019 22:43:51 GMT"
        ],
        "Pragma": [
          "no-cache"
        ],
        "Location": [
          "https://management.azure.com/subscriptions/947d47b4-7883-4bb9-9d85-c5e8e2f572ce/operationresults/eyJqb2JJZCI6IlJFU09VUkNFR1JPVVBERUxFVElPTkpPQi1QUzUxNjQtV0VTVENFTlRSQUxVUyIsImpvYkxvY2F0aW9uIjoid2VzdGNlbnRyYWx1cyJ9?api-version=2016-09-01"
        ],
        "Retry-After": [
          "15"
        ],
        "x-ms-ratelimit-remaining-subscription-reads": [
          "11991"
        ],
        "x-ms-request-id": [
          "3925de90-168e-4084-bd11-becc165f5fd9"
        ],
        "x-ms-correlation-request-id": [
          "3925de90-168e-4084-bd11-becc165f5fd9"
        ],
        "x-ms-routing-request-id": [
          "WESTUS2:20190918T224351Z:3925de90-168e-4084-bd11-becc165f5fd9"
        ],
        "Strict-Transport-Security": [
          "max-age=31536000; includeSubDomains"
        ],
        "X-Content-Type-Options": [
          "nosniff"
        ],
        "Content-Length": [
          "0"
        ],
        "Expires": [
          "-1"
        ]
      },
      "ResponseBody": "",
      "StatusCode": 202
    },
    {
      "RequestUri": "/subscriptions/947d47b4-7883-4bb9-9d85-c5e8e2f572ce/operationresults/eyJqb2JJZCI6IlJFU09VUkNFR1JPVVBERUxFVElPTkpPQi1QUzUxNjQtV0VTVENFTlRSQUxVUyIsImpvYkxvY2F0aW9uIjoid2VzdGNlbnRyYWx1cyJ9?api-version=2016-09-01",
      "EncodedRequestUri": "L3N1YnNjcmlwdGlvbnMvOTQ3ZDQ3YjQtNzg4My00YmI5LTlkODUtYzVlOGUyZjU3MmNlL29wZXJhdGlvbnJlc3VsdHMvZXlKcWIySkpaQ0k2SWxKRlUwOVZVa05GUjFKUFZWQkVSVXhGVkVsUFRrcFBRaTFRVXpVeE5qUXRWMFZUVkVORlRsUlNRVXhWVXlJc0ltcHZZa3h2WTJGMGFXOXVJam9pZDJWemRHTmxiblJ5WVd4MWN5Sjk/YXBpLXZlcnNpb249MjAxNi0wOS0wMQ==",
      "RequestMethod": "GET",
      "RequestBody": "",
      "RequestHeaders": {
        "User-Agent": [
          "FxVersion/4.6.26614.01",
          "OSName/Windows",
          "OSVersion/Microsoft.Windows.10.0.14393.",
          "Microsoft.Azure.Management.Internal.Resources.ResourceManagementClient/1.3.2"
        ]
      },
      "ResponseHeaders": {
        "Cache-Control": [
          "no-cache"
        ],
        "Date": [
          "Wed, 18 Sep 2019 22:44:06 GMT"
        ],
        "Pragma": [
          "no-cache"
        ],
        "Location": [
          "https://management.azure.com/subscriptions/947d47b4-7883-4bb9-9d85-c5e8e2f572ce/operationresults/eyJqb2JJZCI6IlJFU09VUkNFR1JPVVBERUxFVElPTkpPQi1QUzUxNjQtV0VTVENFTlRSQUxVUyIsImpvYkxvY2F0aW9uIjoid2VzdGNlbnRyYWx1cyJ9?api-version=2016-09-01"
        ],
        "Retry-After": [
          "15"
        ],
        "x-ms-ratelimit-remaining-subscription-reads": [
          "11990"
        ],
        "x-ms-request-id": [
          "115c0461-99ef-4fd6-ae12-567555915cbc"
        ],
        "x-ms-correlation-request-id": [
          "115c0461-99ef-4fd6-ae12-567555915cbc"
        ],
        "x-ms-routing-request-id": [
          "WESTUS2:20190918T224406Z:115c0461-99ef-4fd6-ae12-567555915cbc"
        ],
        "Strict-Transport-Security": [
          "max-age=31536000; includeSubDomains"
        ],
        "X-Content-Type-Options": [
          "nosniff"
        ],
        "Content-Length": [
          "0"
        ],
        "Expires": [
          "-1"
        ]
      },
      "ResponseBody": "",
      "StatusCode": 202
    },
    {
      "RequestUri": "/subscriptions/947d47b4-7883-4bb9-9d85-c5e8e2f572ce/operationresults/eyJqb2JJZCI6IlJFU09VUkNFR1JPVVBERUxFVElPTkpPQi1QUzUxNjQtV0VTVENFTlRSQUxVUyIsImpvYkxvY2F0aW9uIjoid2VzdGNlbnRyYWx1cyJ9?api-version=2016-09-01",
      "EncodedRequestUri": "L3N1YnNjcmlwdGlvbnMvOTQ3ZDQ3YjQtNzg4My00YmI5LTlkODUtYzVlOGUyZjU3MmNlL29wZXJhdGlvbnJlc3VsdHMvZXlKcWIySkpaQ0k2SWxKRlUwOVZVa05GUjFKUFZWQkVSVXhGVkVsUFRrcFBRaTFRVXpVeE5qUXRWMFZUVkVORlRsUlNRVXhWVXlJc0ltcHZZa3h2WTJGMGFXOXVJam9pZDJWemRHTmxiblJ5WVd4MWN5Sjk/YXBpLXZlcnNpb249MjAxNi0wOS0wMQ==",
      "RequestMethod": "GET",
      "RequestBody": "",
      "RequestHeaders": {
        "User-Agent": [
          "FxVersion/4.6.26614.01",
          "OSName/Windows",
          "OSVersion/Microsoft.Windows.10.0.14393.",
          "Microsoft.Azure.Management.Internal.Resources.ResourceManagementClient/1.3.2"
        ]
      },
      "ResponseHeaders": {
        "Cache-Control": [
          "no-cache"
        ],
        "Date": [
          "Wed, 18 Sep 2019 22:44:21 GMT"
        ],
        "Pragma": [
          "no-cache"
        ],
        "Location": [
          "https://management.azure.com/subscriptions/947d47b4-7883-4bb9-9d85-c5e8e2f572ce/operationresults/eyJqb2JJZCI6IlJFU09VUkNFR1JPVVBERUxFVElPTkpPQi1QUzUxNjQtV0VTVENFTlRSQUxVUyIsImpvYkxvY2F0aW9uIjoid2VzdGNlbnRyYWx1cyJ9?api-version=2016-09-01"
        ],
        "Retry-After": [
          "15"
        ],
        "x-ms-ratelimit-remaining-subscription-reads": [
          "11989"
        ],
        "x-ms-request-id": [
          "60c8d6e7-2b88-4827-ac09-da20650b7508"
        ],
        "x-ms-correlation-request-id": [
          "60c8d6e7-2b88-4827-ac09-da20650b7508"
        ],
        "x-ms-routing-request-id": [
          "WESTUS2:20190918T224421Z:60c8d6e7-2b88-4827-ac09-da20650b7508"
        ],
        "Strict-Transport-Security": [
          "max-age=31536000; includeSubDomains"
        ],
        "X-Content-Type-Options": [
          "nosniff"
        ],
        "Content-Length": [
          "0"
        ],
        "Expires": [
          "-1"
        ]
      },
      "ResponseBody": "",
      "StatusCode": 202
    },
    {
      "RequestUri": "/subscriptions/947d47b4-7883-4bb9-9d85-c5e8e2f572ce/operationresults/eyJqb2JJZCI6IlJFU09VUkNFR1JPVVBERUxFVElPTkpPQi1QUzUxNjQtV0VTVENFTlRSQUxVUyIsImpvYkxvY2F0aW9uIjoid2VzdGNlbnRyYWx1cyJ9?api-version=2016-09-01",
      "EncodedRequestUri": "L3N1YnNjcmlwdGlvbnMvOTQ3ZDQ3YjQtNzg4My00YmI5LTlkODUtYzVlOGUyZjU3MmNlL29wZXJhdGlvbnJlc3VsdHMvZXlKcWIySkpaQ0k2SWxKRlUwOVZVa05GUjFKUFZWQkVSVXhGVkVsUFRrcFBRaTFRVXpVeE5qUXRWMFZUVkVORlRsUlNRVXhWVXlJc0ltcHZZa3h2WTJGMGFXOXVJam9pZDJWemRHTmxiblJ5WVd4MWN5Sjk/YXBpLXZlcnNpb249MjAxNi0wOS0wMQ==",
      "RequestMethod": "GET",
      "RequestBody": "",
      "RequestHeaders": {
        "User-Agent": [
          "FxVersion/4.6.26614.01",
          "OSName/Windows",
          "OSVersion/Microsoft.Windows.10.0.14393.",
          "Microsoft.Azure.Management.Internal.Resources.ResourceManagementClient/1.3.2"
        ]
      },
      "ResponseHeaders": {
        "Cache-Control": [
          "no-cache"
        ],
        "Date": [
          "Wed, 18 Sep 2019 22:44:36 GMT"
        ],
        "Pragma": [
          "no-cache"
        ],
        "Location": [
          "https://management.azure.com/subscriptions/947d47b4-7883-4bb9-9d85-c5e8e2f572ce/operationresults/eyJqb2JJZCI6IlJFU09VUkNFR1JPVVBERUxFVElPTkpPQi1QUzUxNjQtV0VTVENFTlRSQUxVUyIsImpvYkxvY2F0aW9uIjoid2VzdGNlbnRyYWx1cyJ9?api-version=2016-09-01"
        ],
        "Retry-After": [
          "15"
        ],
        "x-ms-ratelimit-remaining-subscription-reads": [
          "11988"
        ],
        "x-ms-request-id": [
          "450face1-84ac-4921-b6bb-dab78f46c6d9"
        ],
        "x-ms-correlation-request-id": [
          "450face1-84ac-4921-b6bb-dab78f46c6d9"
        ],
        "x-ms-routing-request-id": [
          "WESTUS2:20190918T224437Z:450face1-84ac-4921-b6bb-dab78f46c6d9"
        ],
        "Strict-Transport-Security": [
          "max-age=31536000; includeSubDomains"
        ],
        "X-Content-Type-Options": [
          "nosniff"
        ],
        "Content-Length": [
          "0"
        ],
        "Expires": [
          "-1"
        ]
      },
      "ResponseBody": "",
      "StatusCode": 202
    },
    {
      "RequestUri": "/subscriptions/947d47b4-7883-4bb9-9d85-c5e8e2f572ce/operationresults/eyJqb2JJZCI6IlJFU09VUkNFR1JPVVBERUxFVElPTkpPQi1QUzUxNjQtV0VTVENFTlRSQUxVUyIsImpvYkxvY2F0aW9uIjoid2VzdGNlbnRyYWx1cyJ9?api-version=2016-09-01",
      "EncodedRequestUri": "L3N1YnNjcmlwdGlvbnMvOTQ3ZDQ3YjQtNzg4My00YmI5LTlkODUtYzVlOGUyZjU3MmNlL29wZXJhdGlvbnJlc3VsdHMvZXlKcWIySkpaQ0k2SWxKRlUwOVZVa05GUjFKUFZWQkVSVXhGVkVsUFRrcFBRaTFRVXpVeE5qUXRWMFZUVkVORlRsUlNRVXhWVXlJc0ltcHZZa3h2WTJGMGFXOXVJam9pZDJWemRHTmxiblJ5WVd4MWN5Sjk/YXBpLXZlcnNpb249MjAxNi0wOS0wMQ==",
      "RequestMethod": "GET",
      "RequestBody": "",
      "RequestHeaders": {
        "User-Agent": [
          "FxVersion/4.6.26614.01",
          "OSName/Windows",
          "OSVersion/Microsoft.Windows.10.0.14393.",
          "Microsoft.Azure.Management.Internal.Resources.ResourceManagementClient/1.3.2"
        ]
      },
      "ResponseHeaders": {
        "Cache-Control": [
          "no-cache"
        ],
        "Date": [
          "Wed, 18 Sep 2019 22:44:51 GMT"
        ],
        "Pragma": [
          "no-cache"
        ],
        "x-ms-ratelimit-remaining-subscription-reads": [
          "11987"
        ],
        "x-ms-request-id": [
          "fb751323-2a47-4d9c-96a1-67f42cdcba41"
        ],
        "x-ms-correlation-request-id": [
          "fb751323-2a47-4d9c-96a1-67f42cdcba41"
        ],
        "x-ms-routing-request-id": [
          "WESTUS2:20190918T224452Z:fb751323-2a47-4d9c-96a1-67f42cdcba41"
        ],
        "Strict-Transport-Security": [
          "max-age=31536000; includeSubDomains"
        ],
        "X-Content-Type-Options": [
          "nosniff"
        ],
        "Content-Length": [
          "0"
        ],
        "Expires": [
          "-1"
        ]
      },
      "ResponseBody": "",
      "StatusCode": 200
    },
    {
      "RequestUri": "/subscriptions/947d47b4-7883-4bb9-9d85-c5e8e2f572ce/operationresults/eyJqb2JJZCI6IlJFU09VUkNFR1JPVVBERUxFVElPTkpPQi1QUzUxNjQtV0VTVENFTlRSQUxVUyIsImpvYkxvY2F0aW9uIjoid2VzdGNlbnRyYWx1cyJ9?api-version=2016-09-01",
      "EncodedRequestUri": "L3N1YnNjcmlwdGlvbnMvOTQ3ZDQ3YjQtNzg4My00YmI5LTlkODUtYzVlOGUyZjU3MmNlL29wZXJhdGlvbnJlc3VsdHMvZXlKcWIySkpaQ0k2SWxKRlUwOVZVa05GUjFKUFZWQkVSVXhGVkVsUFRrcFBRaTFRVXpVeE5qUXRWMFZUVkVORlRsUlNRVXhWVXlJc0ltcHZZa3h2WTJGMGFXOXVJam9pZDJWemRHTmxiblJ5WVd4MWN5Sjk/YXBpLXZlcnNpb249MjAxNi0wOS0wMQ==",
      "RequestMethod": "GET",
      "RequestBody": "",
      "RequestHeaders": {
        "User-Agent": [
          "FxVersion/4.6.26614.01",
          "OSName/Windows",
          "OSVersion/Microsoft.Windows.10.0.14393.",
          "Microsoft.Azure.Management.Internal.Resources.ResourceManagementClient/1.3.2"
        ]
      },
      "ResponseHeaders": {
        "Cache-Control": [
          "no-cache"
        ],
        "Date": [
          "Wed, 18 Sep 2019 22:44:51 GMT"
        ],
        "Pragma": [
          "no-cache"
        ],
        "x-ms-ratelimit-remaining-subscription-reads": [
          "11986"
        ],
        "x-ms-request-id": [
          "69db4cfb-9a29-457a-9e30-867be3ea8341"
        ],
        "x-ms-correlation-request-id": [
          "69db4cfb-9a29-457a-9e30-867be3ea8341"
        ],
        "x-ms-routing-request-id": [
          "WESTUS2:20190918T224452Z:69db4cfb-9a29-457a-9e30-867be3ea8341"
        ],
        "Strict-Transport-Security": [
          "max-age=31536000; includeSubDomains"
        ],
        "X-Content-Type-Options": [
          "nosniff"
        ],
        "Content-Length": [
          "0"
        ],
        "Expires": [
          "-1"
        ]
      },
      "ResponseBody": "",
      "StatusCode": 200
    }
  ],
  "Names": {
    "Test-DdosProtectionPlanCRUD": [
      "ps5164",
      "ps6968"
    ]
  },
  "Variables": {
    "SubscriptionId": "947d47b4-7883-4bb9-9d85-c5e8e2f572ce"
  }
}