{
  "Entries": [
    {
      "RequestUri": "/subscriptions/0b1f6471-1bf0-4dda-aec3-cb9272f09590/providers/Microsoft.Network?api-version=2016-02-01",
      "EncodedRequestUri": "L3N1YnNjcmlwdGlvbnMvMGIxZjY0NzEtMWJmMC00ZGRhLWFlYzMtY2I5MjcyZjA5NTkwL3Byb3ZpZGVycy9NaWNyb3NvZnQuTmV0d29yaz9hcGktdmVyc2lvbj0yMDE2LTAyLTAx",
      "RequestMethod": "GET",
      "RequestBody": "",
      "RequestHeaders": {
        "User-Agent": [
          "Microsoft.Azure.Management.Resources.ResourceManagementClient/2.0.0.0"
        ]
      },
      "ResponseBody": "{\r\n  \"id\": \"/subscriptions/0b1f6471-1bf0-4dda-aec3-cb9272f09590/providers/Microsoft.Network\",\r\n  \"namespace\": \"Microsoft.Network\",\r\n  \"authorization\": {\r\n    \"applicationId\": \"2cf9eb86-36b5-49dc-86ae-9a63135dfa8c\",\r\n    \"roleDefinitionId\": \"13ba9ab4-19f0-4804-adc4-14ece36cc7a1\"\r\n  },\r\n  \"resourceTypes\": [\r\n    {\r\n      \"resourceType\": \"virtualNetworks\",\r\n      \"locations\": [\r\n        \"West US\",\r\n        \"East US\",\r\n        \"North Europe\",\r\n        \"West Europe\",\r\n        \"East Asia\",\r\n        \"Southeast Asia\",\r\n        \"North Central US\",\r\n        \"South Central US\",\r\n        \"Central US\",\r\n        \"East US 2\",\r\n        \"Japan East\",\r\n        \"Japan West\",\r\n        \"Brazil South\",\r\n        \"Australia East\",\r\n        \"Australia Southeast\",\r\n        \"Central India\",\r\n        \"South India\",\r\n        \"Canada Central\",\r\n        \"Canada East\",\r\n        \"West Central US\",\r\n        \"West US 2\"\r\n      ],\r\n      \"apiVersions\": [\r\n        \"2016-07-01\",\r\n        \"2016-06-01\",\r\n        \"2016-03-30\",\r\n        \"2015-06-15\",\r\n        \"2015-05-01-preview\",\r\n        \"2014-12-01-preview\"\r\n      ],\r\n      \"capabilities\": \"CrossResourceGroupResourceMove, CrossSubscriptionResourceMove\"\r\n    },\r\n    {\r\n      \"resourceType\": \"publicIPAddresses\",\r\n      \"locations\": [\r\n        \"West US\",\r\n        \"East US\",\r\n        \"North Europe\",\r\n        \"West Europe\",\r\n        \"East Asia\",\r\n        \"Southeast Asia\",\r\n        \"North Central US\",\r\n        \"South Central US\",\r\n        \"Central US\",\r\n        \"East US 2\",\r\n        \"Japan East\",\r\n        \"Japan West\",\r\n        \"Brazil South\",\r\n        \"Australia East\",\r\n        \"Australia Southeast\",\r\n        \"Central India\",\r\n        \"South India\",\r\n        \"Canada Central\",\r\n        \"Canada East\",\r\n        \"West Central US\",\r\n        \"West US 2\"\r\n      ],\r\n      \"apiVersions\": [\r\n        \"2016-07-01\",\r\n        \"2016-06-01\",\r\n        \"2016-03-30\",\r\n        \"2015-06-15\",\r\n        \"2015-05-01-preview\",\r\n        \"2014-12-01-preview\"\r\n      ],\r\n      \"capabilities\": \"CrossResourceGroupResourceMove, CrossSubscriptionResourceMove\"\r\n    },\r\n    {\r\n      \"resourceType\": \"networkInterfaces\",\r\n      \"locations\": [\r\n        \"West US\",\r\n        \"East US\",\r\n        \"North Europe\",\r\n        \"West Europe\",\r\n        \"East Asia\",\r\n        \"Southeast Asia\",\r\n        \"North Central US\",\r\n        \"South Central US\",\r\n        \"Central US\",\r\n        \"East US 2\",\r\n        \"Japan East\",\r\n        \"Japan West\",\r\n        \"Brazil South\",\r\n        \"Australia East\",\r\n        \"Australia Southeast\",\r\n        \"Central India\",\r\n        \"South India\",\r\n        \"Canada Central\",\r\n        \"Canada East\",\r\n        \"West Central US\",\r\n        \"West US 2\"\r\n      ],\r\n      \"apiVersions\": [\r\n        \"2016-07-01\",\r\n        \"2016-06-01\",\r\n        \"2016-03-30\",\r\n        \"2015-06-15\",\r\n        \"2015-05-01-preview\",\r\n        \"2014-12-01-preview\"\r\n      ],\r\n      \"capabilities\": \"CrossResourceGroupResourceMove, CrossSubscriptionResourceMove\"\r\n    },\r\n    {\r\n      \"resourceType\": \"loadBalancers\",\r\n      \"locations\": [\r\n        \"West US\",\r\n        \"East US\",\r\n        \"North Europe\",\r\n        \"West Europe\",\r\n        \"East Asia\",\r\n        \"Southeast Asia\",\r\n        \"North Central US\",\r\n        \"South Central US\",\r\n        \"Central US\",\r\n        \"East US 2\",\r\n        \"Japan East\",\r\n        \"Japan West\",\r\n        \"Brazil South\",\r\n        \"Australia East\",\r\n        \"Australia Southeast\",\r\n        \"Central India\",\r\n        \"South India\",\r\n        \"Canada Central\",\r\n        \"Canada East\",\r\n        \"West Central US\",\r\n        \"West US 2\"\r\n      ],\r\n      \"apiVersions\": [\r\n        \"2016-07-01\",\r\n        \"2016-06-01\",\r\n        \"2016-03-30\",\r\n        \"2015-06-15\",\r\n        \"2015-05-01-preview\",\r\n        \"2014-12-01-preview\"\r\n      ],\r\n      \"capabilities\": \"CrossResourceGroupResourceMove, CrossSubscriptionResourceMove\"\r\n    },\r\n    {\r\n      \"resourceType\": \"networkSecurityGroups\",\r\n      \"locations\": [\r\n        \"West US\",\r\n        \"East US\",\r\n        \"North Europe\",\r\n        \"West Europe\",\r\n        \"East Asia\",\r\n        \"Southeast Asia\",\r\n        \"North Central US\",\r\n        \"South Central US\",\r\n        \"Central US\",\r\n        \"East US 2\",\r\n        \"Japan East\",\r\n        \"Japan West\",\r\n        \"Brazil South\",\r\n        \"Australia East\",\r\n        \"Australia Southeast\",\r\n        \"Central India\",\r\n        \"South India\",\r\n        \"Canada Central\",\r\n        \"Canada East\",\r\n        \"West Central US\",\r\n        \"West US 2\"\r\n      ],\r\n      \"apiVersions\": [\r\n        \"2016-07-01\",\r\n        \"2016-06-01\",\r\n        \"2016-03-30\",\r\n        \"2015-06-15\",\r\n        \"2015-05-01-preview\",\r\n        \"2014-12-01-preview\"\r\n      ],\r\n      \"capabilities\": \"CrossResourceGroupResourceMove, CrossSubscriptionResourceMove\"\r\n    },\r\n    {\r\n      \"resourceType\": \"routeTables\",\r\n      \"locations\": [\r\n        \"West US\",\r\n        \"East US\",\r\n        \"North Europe\",\r\n        \"West Europe\",\r\n        \"East Asia\",\r\n        \"Southeast Asia\",\r\n        \"North Central US\",\r\n        \"South Central US\",\r\n        \"Central US\",\r\n        \"East US 2\",\r\n        \"Japan East\",\r\n        \"Japan West\",\r\n        \"Brazil South\",\r\n        \"Australia East\",\r\n        \"Australia Southeast\",\r\n        \"Central India\",\r\n        \"South India\",\r\n        \"Canada Central\",\r\n        \"Canada East\",\r\n        \"West Central US\",\r\n        \"West US 2\"\r\n      ],\r\n      \"apiVersions\": [\r\n        \"2016-07-01\",\r\n        \"2016-06-01\",\r\n        \"2016-03-30\",\r\n        \"2015-06-15\",\r\n        \"2015-05-01-preview\",\r\n        \"2014-12-01-preview\"\r\n      ],\r\n      \"capabilities\": \"CrossResourceGroupResourceMove, CrossSubscriptionResourceMove\"\r\n    },\r\n    {\r\n      \"resourceType\": \"virtualNetworkGateways\",\r\n      \"locations\": [\r\n        \"West US\",\r\n        \"East US\",\r\n        \"North Europe\",\r\n        \"West Europe\",\r\n        \"East Asia\",\r\n        \"Southeast Asia\",\r\n        \"North Central US\",\r\n        \"South Central US\",\r\n        \"Central US\",\r\n        \"East US 2\",\r\n        \"Japan East\",\r\n        \"Japan West\",\r\n        \"Brazil South\",\r\n        \"Australia East\",\r\n        \"Australia Southeast\",\r\n        \"Central India\",\r\n        \"South India\",\r\n        \"Canada Central\",\r\n        \"Canada East\",\r\n        \"West Central US\",\r\n        \"West US 2\"\r\n      ],\r\n      \"apiVersions\": [\r\n        \"2016-07-01\",\r\n        \"2016-06-01\",\r\n        \"2016-03-30\",\r\n        \"2015-06-15\",\r\n        \"2015-05-01-preview\",\r\n        \"2014-12-01-preview\"\r\n      ],\r\n      \"capabilities\": \"None\"\r\n    },\r\n    {\r\n      \"resourceType\": \"localNetworkGateways\",\r\n      \"locations\": [\r\n        \"West US\",\r\n        \"East US\",\r\n        \"North Europe\",\r\n        \"West Europe\",\r\n        \"East Asia\",\r\n        \"Southeast Asia\",\r\n        \"North Central US\",\r\n        \"South Central US\",\r\n        \"Central US\",\r\n        \"East US 2\",\r\n        \"Japan East\",\r\n        \"Japan West\",\r\n        \"Brazil South\",\r\n        \"Australia East\",\r\n        \"Australia Southeast\",\r\n        \"Central India\",\r\n        \"South India\",\r\n        \"Canada Central\",\r\n        \"Canada East\",\r\n        \"West Central US\",\r\n        \"West US 2\"\r\n      ],\r\n      \"apiVersions\": [\r\n        \"2016-07-01\",\r\n        \"2016-06-01\",\r\n        \"2016-03-30\",\r\n        \"2015-06-15\",\r\n        \"2015-05-01-preview\",\r\n        \"2014-12-01-preview\"\r\n      ],\r\n      \"capabilities\": \"None\"\r\n    },\r\n    {\r\n      \"resourceType\": \"connections\",\r\n      \"locations\": [\r\n        \"West US\",\r\n        \"East US\",\r\n        \"North Europe\",\r\n        \"West Europe\",\r\n        \"East Asia\",\r\n        \"Southeast Asia\",\r\n        \"North Central US\",\r\n        \"South Central US\",\r\n        \"Central US\",\r\n        \"East US 2\",\r\n        \"Japan East\",\r\n        \"Japan West\",\r\n        \"Brazil South\",\r\n        \"Australia East\",\r\n        \"Australia Southeast\",\r\n        \"Central India\",\r\n        \"South India\",\r\n        \"Canada Central\",\r\n        \"Canada East\",\r\n        \"West Central US\",\r\n        \"West US 2\"\r\n      ],\r\n      \"apiVersions\": [\r\n        \"2016-07-01\",\r\n        \"2016-06-01\",\r\n        \"2016-03-30\",\r\n        \"2015-06-15\",\r\n        \"2015-05-01-preview\",\r\n        \"2014-12-01-preview\"\r\n      ],\r\n      \"capabilities\": \"None\"\r\n    },\r\n    {\r\n      \"resourceType\": \"applicationGateways\",\r\n      \"locations\": [\r\n        \"West US\",\r\n        \"East US\",\r\n        \"North Europe\",\r\n        \"West Europe\",\r\n        \"East Asia\",\r\n        \"Southeast Asia\",\r\n        \"North Central US\",\r\n        \"South Central US\",\r\n        \"Central US\",\r\n        \"East US 2\",\r\n        \"Japan East\",\r\n        \"Japan West\",\r\n        \"Brazil South\",\r\n        \"Australia East\",\r\n        \"Australia Southeast\",\r\n        \"Central India\",\r\n        \"South India\",\r\n        \"Canada Central\",\r\n        \"Canada East\",\r\n        \"West Central US\",\r\n        \"West US 2\"\r\n      ],\r\n      \"apiVersions\": [\r\n        \"2016-07-01\",\r\n        \"2016-06-01\",\r\n        \"2016-03-30\",\r\n        \"2015-06-15\",\r\n        \"2015-05-01-preview\",\r\n        \"2014-12-01-preview\"\r\n      ],\r\n      \"capabilities\": \"None\"\r\n    },\r\n    {\r\n      \"resourceType\": \"locations\",\r\n      \"locations\": [],\r\n      \"apiVersions\": [\r\n        \"2016-07-01\",\r\n        \"2016-06-01\",\r\n        \"2016-03-30\",\r\n        \"2015-06-15\",\r\n        \"2015-05-01-preview\",\r\n        \"2014-12-01-preview\"\r\n      ]\r\n    },\r\n    {\r\n      \"resourceType\": \"locations/operations\",\r\n      \"locations\": [],\r\n      \"apiVersions\": [\r\n        \"2016-07-01\",\r\n        \"2016-06-01\",\r\n        \"2016-03-30\",\r\n        \"2015-06-15\",\r\n        \"2015-05-01-preview\",\r\n        \"2014-12-01-preview\"\r\n      ]\r\n    },\r\n    {\r\n      \"resourceType\": \"locations/operationResults\",\r\n      \"locations\": [],\r\n      \"apiVersions\": [\r\n        \"2016-07-01\",\r\n        \"2016-06-01\",\r\n        \"2016-03-30\",\r\n        \"2015-06-15\",\r\n        \"2015-05-01-preview\",\r\n        \"2014-12-01-preview\"\r\n      ]\r\n    },\r\n    {\r\n      \"resourceType\": \"locations/CheckDnsNameAvailability\",\r\n      \"locations\": [\r\n        \"West US\",\r\n        \"East US\",\r\n        \"North Europe\",\r\n        \"West Europe\",\r\n        \"East Asia\",\r\n        \"Southeast Asia\",\r\n        \"North Central US\",\r\n        \"South Central US\",\r\n        \"Central US\",\r\n        \"East US 2\",\r\n        \"Japan East\",\r\n        \"Japan West\",\r\n        \"Brazil South\",\r\n        \"Australia East\",\r\n        \"Australia Southeast\",\r\n        \"Central India\",\r\n        \"South India\",\r\n        \"Canada Central\",\r\n        \"Canada East\",\r\n        \"West Central US\",\r\n        \"West US 2\"\r\n      ],\r\n      \"apiVersions\": [\r\n        \"2016-07-01\",\r\n        \"2016-06-01\",\r\n        \"2016-03-30\",\r\n        \"2015-06-15\",\r\n        \"2015-05-01-preview\",\r\n        \"2014-12-01-preview\"\r\n      ]\r\n    },\r\n    {\r\n      \"resourceType\": \"locations/usages\",\r\n      \"locations\": [\r\n        \"West US\",\r\n        \"East US\",\r\n        \"North Europe\",\r\n        \"West Europe\",\r\n        \"East Asia\",\r\n        \"Southeast Asia\",\r\n        \"North Central US\",\r\n        \"South Central US\",\r\n        \"Central US\",\r\n        \"East US 2\",\r\n        \"Japan East\",\r\n        \"Japan West\",\r\n        \"Brazil South\",\r\n        \"Australia East\",\r\n        \"Australia Southeast\",\r\n        \"Central India\",\r\n        \"South India\",\r\n        \"Canada Central\",\r\n        \"Canada East\",\r\n        \"West Central US\",\r\n        \"West US 2\"\r\n      ],\r\n      \"apiVersions\": [\r\n        \"2016-07-01\",\r\n        \"2016-06-01\",\r\n        \"2016-03-30\",\r\n        \"2015-06-15\",\r\n        \"2015-05-01-preview\",\r\n        \"2014-12-01-preview\"\r\n      ]\r\n    },\r\n    {\r\n      \"resourceType\": \"operations\",\r\n      \"locations\": [],\r\n      \"apiVersions\": [\r\n        \"2016-07-01\",\r\n        \"2016-06-01\",\r\n        \"2016-03-30\",\r\n        \"2015-06-15\",\r\n        \"2015-05-01-preview\",\r\n        \"2014-12-01-preview\"\r\n      ]\r\n    },\r\n    {\r\n      \"resourceType\": \"dnszones\",\r\n      \"locations\": [\r\n        \"global\"\r\n      ],\r\n      \"apiVersions\": [\r\n        \"2016-04-01\",\r\n        \"2015-05-04-preview\"\r\n      ],\r\n      \"capabilities\": \"CrossResourceGroupResourceMove, CrossSubscriptionResourceMove\"\r\n    },\r\n    {\r\n      \"resourceType\": \"dnsOperationResults\",\r\n      \"locations\": [\r\n        \"global\"\r\n      ],\r\n      \"apiVersions\": [\r\n        \"2016-04-01\"\r\n      ]\r\n    },\r\n    {\r\n      \"resourceType\": \"dnsOperationStatuses\",\r\n      \"locations\": [\r\n        \"global\"\r\n      ],\r\n      \"apiVersions\": [\r\n        \"2016-04-01\"\r\n      ]\r\n    },\r\n    {\r\n      \"resourceType\": \"dnszones/A\",\r\n      \"locations\": [\r\n        \"global\"\r\n      ],\r\n      \"apiVersions\": [\r\n        \"2016-04-01\",\r\n        \"2015-05-04-preview\"\r\n      ]\r\n    },\r\n    {\r\n      \"resourceType\": \"dnszones/AAAA\",\r\n      \"locations\": [\r\n        \"global\"\r\n      ],\r\n      \"apiVersions\": [\r\n        \"2016-04-01\",\r\n        \"2015-05-04-preview\"\r\n      ]\r\n    },\r\n    {\r\n      \"resourceType\": \"dnszones/CNAME\",\r\n      \"locations\": [\r\n        \"global\"\r\n      ],\r\n      \"apiVersions\": [\r\n        \"2016-04-01\",\r\n        \"2015-05-04-preview\"\r\n      ]\r\n    },\r\n    {\r\n      \"resourceType\": \"dnszones/PTR\",\r\n      \"locations\": [\r\n        \"global\"\r\n      ],\r\n      \"apiVersions\": [\r\n        \"2016-04-01\",\r\n        \"2015-05-04-preview\"\r\n      ]\r\n    },\r\n    {\r\n      \"resourceType\": \"dnszones/MX\",\r\n      \"locations\": [\r\n        \"global\"\r\n      ],\r\n      \"apiVersions\": [\r\n        \"2016-04-01\",\r\n        \"2015-05-04-preview\"\r\n      ]\r\n    },\r\n    {\r\n      \"resourceType\": \"dnszones/TXT\",\r\n      \"locations\": [\r\n        \"global\"\r\n      ],\r\n      \"apiVersions\": [\r\n        \"2016-04-01\",\r\n        \"2015-05-04-preview\"\r\n      ]\r\n    },\r\n    {\r\n      \"resourceType\": \"dnszones/SRV\",\r\n      \"locations\": [\r\n        \"global\"\r\n      ],\r\n      \"apiVersions\": [\r\n        \"2016-04-01\",\r\n        \"2015-05-04-preview\"\r\n      ]\r\n    },\r\n    {\r\n      \"resourceType\": \"trafficmanagerprofiles\",\r\n      \"locations\": [\r\n        \"global\"\r\n      ],\r\n      \"apiVersions\": [\r\n        \"2015-11-01\",\r\n        \"2015-04-28-preview\"\r\n      ],\r\n      \"capabilities\": \"CrossResourceGroupResourceMove, CrossSubscriptionResourceMove\"\r\n    },\r\n    {\r\n      \"resourceType\": \"checkTrafficManagerNameAvailability\",\r\n      \"locations\": [\r\n        \"global\"\r\n      ],\r\n      \"apiVersions\": [\r\n        \"2015-11-01\",\r\n        \"2015-04-28-preview\"\r\n      ]\r\n    },\r\n    {\r\n      \"resourceType\": \"expressRouteCircuits\",\r\n      \"locations\": [\r\n        \"West US\",\r\n        \"East US\",\r\n        \"North Europe\",\r\n        \"West Europe\",\r\n        \"East Asia\",\r\n        \"Southeast Asia\",\r\n        \"North Central US\",\r\n        \"South Central US\",\r\n        \"Central US\",\r\n        \"East US 2\",\r\n        \"Japan East\",\r\n        \"Japan West\",\r\n        \"Brazil South\",\r\n        \"Australia East\",\r\n        \"Australia Southeast\",\r\n        \"Central India\",\r\n        \"South India\",\r\n        \"Canada Central\",\r\n        \"Canada East\",\r\n        \"West Central US\",\r\n        \"West US 2\"\r\n      ],\r\n      \"apiVersions\": [\r\n        \"2016-07-01\",\r\n        \"2016-06-01\",\r\n        \"2016-03-30\",\r\n        \"2015-06-15\",\r\n        \"2015-05-01-preview\",\r\n        \"2014-12-01-preview\"\r\n      ],\r\n      \"capabilities\": \"None\"\r\n    },\r\n    {\r\n      \"resourceType\": \"expressRouteServiceProviders\",\r\n      \"locations\": [],\r\n      \"apiVersions\": [\r\n        \"2016-07-01\",\r\n        \"2016-06-01\",\r\n        \"2016-03-30\",\r\n        \"2015-06-15\",\r\n        \"2015-05-01-preview\",\r\n        \"2014-12-01-preview\"\r\n      ]\r\n    }\r\n  ],\r\n  \"registrationState\": \"Registered\"\r\n}",
      "ResponseHeaders": {
        "Content-Length": [
          "9288"
        ],
        "Content-Type": [
          "application/json; charset=utf-8"
        ],
        "Expires": [
          "-1"
        ],
        "Pragma": [
          "no-cache"
        ],
        "x-ms-ratelimit-remaining-subscription-reads": [
          "14981"
        ],
        "x-ms-request-id": [
          "ec2d2161-f8e3-47bd-9b09-1955f8720693"
        ],
        "x-ms-correlation-request-id": [
          "ec2d2161-f8e3-47bd-9b09-1955f8720693"
        ],
        "x-ms-routing-request-id": [
          "WESTUS2:20160723T003601Z:ec2d2161-f8e3-47bd-9b09-1955f8720693"
        ],
        "Strict-Transport-Security": [
          "max-age=31536000; includeSubDomains"
        ],
        "Cache-Control": [
          "no-cache"
        ],
        "Date": [
          "Sat, 23 Jul 2016 00:36:00 GMT"
        ]
      },
      "StatusCode": 200
    },
    {
      "RequestUri": "/subscriptions/0b1f6471-1bf0-4dda-aec3-cb9272f09590/resourcegroups/onesdk5796?api-version=2016-02-01",
      "EncodedRequestUri": "L3N1YnNjcmlwdGlvbnMvMGIxZjY0NzEtMWJmMC00ZGRhLWFlYzMtY2I5MjcyZjA5NTkwL3Jlc291cmNlZ3JvdXBzL29uZXNkazU3OTY/YXBpLXZlcnNpb249MjAxNi0wMi0wMQ==",
      "RequestMethod": "PUT",
      "RequestBody": "{\r\n  \"location\": \"West US\"\r\n}",
      "RequestHeaders": {
        "Content-Type": [
          "application/json; charset=utf-8"
        ],
        "Content-Length": [
          "29"
        ],
        "User-Agent": [
          "Microsoft.Azure.Management.Resources.ResourceManagementClient/2.0.0.0"
        ]
      },
      "ResponseBody": "{\r\n  \"id\": \"/subscriptions/0b1f6471-1bf0-4dda-aec3-cb9272f09590/resourceGroups/onesdk5796\",\r\n  \"name\": \"onesdk5796\",\r\n  \"location\": \"westus\",\r\n  \"properties\": {\r\n    \"provisioningState\": \"Succeeded\"\r\n  }\r\n}",
      "ResponseHeaders": {
        "Content-Length": [
          "173"
        ],
        "Content-Type": [
          "application/json; charset=utf-8"
        ],
        "Expires": [
          "-1"
        ],
        "Pragma": [
          "no-cache"
        ],
        "x-ms-ratelimit-remaining-subscription-writes": [
          "1194"
        ],
        "x-ms-request-id": [
          "90e89dd5-1ebc-4088-a1b6-dc372dc4edb0"
        ],
        "x-ms-correlation-request-id": [
          "90e89dd5-1ebc-4088-a1b6-dc372dc4edb0"
        ],
        "x-ms-routing-request-id": [
          "WESTUS2:20160723T003601Z:90e89dd5-1ebc-4088-a1b6-dc372dc4edb0"
        ],
        "Strict-Transport-Security": [
          "max-age=31536000; includeSubDomains"
        ],
        "Cache-Control": [
          "no-cache"
        ],
        "Date": [
          "Sat, 23 Jul 2016 00:36:01 GMT"
        ]
      },
      "StatusCode": 201
    },
    {
      "RequestUri": "/subscriptions/0b1f6471-1bf0-4dda-aec3-cb9272f09590/resourceGroups/onesdk5796/providers/Microsoft.Network/virtualNetworks/onesdk6241?api-version=2016-06-01",
      "EncodedRequestUri": "L3N1YnNjcmlwdGlvbnMvMGIxZjY0NzEtMWJmMC00ZGRhLWFlYzMtY2I5MjcyZjA5NTkwL3Jlc291cmNlR3JvdXBzL29uZXNkazU3OTYvcHJvdmlkZXJzL01pY3Jvc29mdC5OZXR3b3JrL3ZpcnR1YWxOZXR3b3Jrcy9vbmVzZGs2MjQxP2FwaS12ZXJzaW9uPTIwMTYtMDYtMDE=",
      "RequestMethod": "GET",
      "RequestBody": "",
      "RequestHeaders": {
        "x-ms-client-request-id": [
          "9d2fbc53-8e45-4dcd-9f5c-2e26facd1559"
        ],
        "accept-language": [
          "en-US"
        ],
        "User-Agent": [
          "Microsoft.Azure.Management.Network.NetworkManagementClient/5.0.1-preview"
        ]
      },
      "ResponseBody": "{\r\n  \"error\": {\r\n    \"code\": \"ResourceNotFound\",\r\n    \"message\": \"The Resource 'Microsoft.Network/virtualNetworks/onesdk6241' under resource group 'onesdk5796' was not found.\"\r\n  }\r\n}",
      "ResponseHeaders": {
        "Content-Length": [
          "158"
        ],
        "Content-Type": [
          "application/json; charset=utf-8"
        ],
        "Expires": [
          "-1"
        ],
        "Pragma": [
          "no-cache"
        ],
        "x-ms-failure-cause": [
          "gateway"
        ],
        "x-ms-request-id": [
          "02e9f8bb-a51b-4889-b77e-5fa2522c10c3"
        ],
        "x-ms-correlation-request-id": [
          "02e9f8bb-a51b-4889-b77e-5fa2522c10c3"
        ],
        "x-ms-routing-request-id": [
          "WESTUS2:20160723T003602Z:02e9f8bb-a51b-4889-b77e-5fa2522c10c3"
        ],
        "Strict-Transport-Security": [
          "max-age=31536000; includeSubDomains"
        ],
        "Cache-Control": [
          "no-cache"
        ],
        "Date": [
          "Sat, 23 Jul 2016 00:36:01 GMT"
        ]
      },
      "StatusCode": 404
    },
    {
      "RequestUri": "/subscriptions/0b1f6471-1bf0-4dda-aec3-cb9272f09590/resourceGroups/onesdk5796/providers/Microsoft.Network/virtualNetworks/onesdk6241?api-version=2016-06-01",
      "EncodedRequestUri": "L3N1YnNjcmlwdGlvbnMvMGIxZjY0NzEtMWJmMC00ZGRhLWFlYzMtY2I5MjcyZjA5NTkwL3Jlc291cmNlR3JvdXBzL29uZXNkazU3OTYvcHJvdmlkZXJzL01pY3Jvc29mdC5OZXR3b3JrL3ZpcnR1YWxOZXR3b3Jrcy9vbmVzZGs2MjQxP2FwaS12ZXJzaW9uPTIwMTYtMDYtMDE=",
      "RequestMethod": "GET",
      "RequestBody": "",
      "RequestHeaders": {
        "User-Agent": [
          "Microsoft.Azure.Management.Network.NetworkManagementClient/5.0.1-preview"
        ]
      },
      "ResponseBody": "{\r\n  \"name\": \"onesdk6241\",\r\n  \"id\": \"/subscriptions/0b1f6471-1bf0-4dda-aec3-cb9272f09590/resourceGroups/onesdk5796/providers/Microsoft.Network/virtualNetworks/onesdk6241\",\r\n  \"etag\": \"W/\\\"f718d01f-210e-4eb4-8c46-42f2851a5ad0\\\"\",\r\n  \"type\": \"Microsoft.Network/virtualNetworks\",\r\n  \"location\": \"westus\",\r\n  \"properties\": {\r\n    \"provisioningState\": \"Succeeded\",\r\n    \"resourceGuid\": \"0b666aa4-b30c-44e8-9aab-a3cad16069b7\",\r\n    \"addressSpace\": {\r\n      \"addressPrefixes\": [\r\n        \"10.0.0.0/16\"\r\n      ]\r\n    },\r\n    \"subnets\": [\r\n      {\r\n        \"name\": \"onesdk6111\",\r\n        \"id\": \"/subscriptions/0b1f6471-1bf0-4dda-aec3-cb9272f09590/resourceGroups/onesdk5796/providers/Microsoft.Network/virtualNetworks/onesdk6241/subnets/onesdk6111\",\r\n        \"etag\": \"W/\\\"f718d01f-210e-4eb4-8c46-42f2851a5ad0\\\"\",\r\n        \"properties\": {\r\n          \"provisioningState\": \"Succeeded\",\r\n          \"addressPrefix\": \"10.0.1.0/24\"\r\n        }\r\n      }\r\n    ],\r\n    \"virtualNetworkPeerings\": []\r\n  }\r\n}",
      "ResponseHeaders": {
        "Content-Length": [
          "984"
        ],
        "Content-Type": [
          "application/json; charset=utf-8"
        ],
        "Expires": [
          "-1"
        ],
        "Pragma": [
          "no-cache"
        ],
        "x-ms-request-id": [
          "c0490fc0-d58a-4790-b61f-fcd452b1779b"
        ],
        "Strict-Transport-Security": [
          "max-age=31536000; includeSubDomains"
        ],
        "Cache-Control": [
          "no-cache"
        ],
        "ETag": [
          "W/\"f718d01f-210e-4eb4-8c46-42f2851a5ad0\""
        ],
        "Server": [
          "Microsoft-HTTPAPI/2.0",
          "Microsoft-HTTPAPI/2.0"
        ],
        "x-ms-ratelimit-remaining-subscription-reads": [
          "14992"
        ],
        "x-ms-correlation-request-id": [
          "5a48f5bb-4e81-49ad-b797-cfdaeea0629a"
        ],
        "x-ms-routing-request-id": [
          "WESTUS2:20160723T003633Z:5a48f5bb-4e81-49ad-b797-cfdaeea0629a"
        ],
        "Date": [
          "Sat, 23 Jul 2016 00:36:32 GMT"
        ]
      },
      "StatusCode": 200
    },
    {
      "RequestUri": "/subscriptions/0b1f6471-1bf0-4dda-aec3-cb9272f09590/resourceGroups/onesdk5796/providers/Microsoft.Network/virtualNetworks/onesdk6241?api-version=2016-06-01",
      "EncodedRequestUri": "L3N1YnNjcmlwdGlvbnMvMGIxZjY0NzEtMWJmMC00ZGRhLWFlYzMtY2I5MjcyZjA5NTkwL3Jlc291cmNlR3JvdXBzL29uZXNkazU3OTYvcHJvdmlkZXJzL01pY3Jvc29mdC5OZXR3b3JrL3ZpcnR1YWxOZXR3b3Jrcy9vbmVzZGs2MjQxP2FwaS12ZXJzaW9uPTIwMTYtMDYtMDE=",
      "RequestMethod": "GET",
      "RequestBody": "",
      "RequestHeaders": {
        "x-ms-client-request-id": [
          "3e2d6589-390c-4e3d-814d-19db722249d8"
        ],
        "accept-language": [
          "en-US"
        ],
        "User-Agent": [
          "Microsoft.Azure.Management.Network.NetworkManagementClient/5.0.1-preview"
        ]
      },
      "ResponseBody": "{\r\n  \"name\": \"onesdk6241\",\r\n  \"id\": \"/subscriptions/0b1f6471-1bf0-4dda-aec3-cb9272f09590/resourceGroups/onesdk5796/providers/Microsoft.Network/virtualNetworks/onesdk6241\",\r\n  \"etag\": \"W/\\\"f718d01f-210e-4eb4-8c46-42f2851a5ad0\\\"\",\r\n  \"type\": \"Microsoft.Network/virtualNetworks\",\r\n  \"location\": \"westus\",\r\n  \"properties\": {\r\n    \"provisioningState\": \"Succeeded\",\r\n    \"resourceGuid\": \"0b666aa4-b30c-44e8-9aab-a3cad16069b7\",\r\n    \"addressSpace\": {\r\n      \"addressPrefixes\": [\r\n        \"10.0.0.0/16\"\r\n      ]\r\n    },\r\n    \"subnets\": [\r\n      {\r\n        \"name\": \"onesdk6111\",\r\n        \"id\": \"/subscriptions/0b1f6471-1bf0-4dda-aec3-cb9272f09590/resourceGroups/onesdk5796/providers/Microsoft.Network/virtualNetworks/onesdk6241/subnets/onesdk6111\",\r\n        \"etag\": \"W/\\\"f718d01f-210e-4eb4-8c46-42f2851a5ad0\\\"\",\r\n        \"properties\": {\r\n          \"provisioningState\": \"Succeeded\",\r\n          \"addressPrefix\": \"10.0.1.0/24\"\r\n        }\r\n      }\r\n    ],\r\n    \"virtualNetworkPeerings\": []\r\n  }\r\n}",
      "ResponseHeaders": {
        "Content-Length": [
          "984"
        ],
        "Content-Type": [
          "application/json; charset=utf-8"
        ],
        "Expires": [
          "-1"
        ],
        "Pragma": [
          "no-cache"
        ],
        "x-ms-request-id": [
          "922e20f1-df8b-4136-adc8-4293cb3a366b"
        ],
        "Strict-Transport-Security": [
          "max-age=31536000; includeSubDomains"
        ],
        "Cache-Control": [
          "no-cache"
        ],
        "ETag": [
          "W/\"f718d01f-210e-4eb4-8c46-42f2851a5ad0\""
        ],
        "Server": [
          "Microsoft-HTTPAPI/2.0",
          "Microsoft-HTTPAPI/2.0"
        ],
        "x-ms-ratelimit-remaining-subscription-reads": [
          "14991"
        ],
        "x-ms-correlation-request-id": [
          "21abb8a0-bedd-416f-a6c9-2760b8d0cb9d"
        ],
        "x-ms-routing-request-id": [
          "WESTUS2:20160723T003633Z:21abb8a0-bedd-416f-a6c9-2760b8d0cb9d"
        ],
        "Date": [
          "Sat, 23 Jul 2016 00:36:32 GMT"
        ]
      },
      "StatusCode": 200
    },
    {
      "RequestUri": "/subscriptions/0b1f6471-1bf0-4dda-aec3-cb9272f09590/resourceGroups/onesdk5796/providers/Microsoft.Network/virtualNetworks/onesdk6241?api-version=2016-06-01",
      "EncodedRequestUri": "L3N1YnNjcmlwdGlvbnMvMGIxZjY0NzEtMWJmMC00ZGRhLWFlYzMtY2I5MjcyZjA5NTkwL3Jlc291cmNlR3JvdXBzL29uZXNkazU3OTYvcHJvdmlkZXJzL01pY3Jvc29mdC5OZXR3b3JrL3ZpcnR1YWxOZXR3b3Jrcy9vbmVzZGs2MjQxP2FwaS12ZXJzaW9uPTIwMTYtMDYtMDE=",
      "RequestMethod": "GET",
      "RequestBody": "",
      "RequestHeaders": {
        "x-ms-client-request-id": [
          "830d6023-4e47-4f1a-b987-e4290581fac1"
        ],
        "accept-language": [
          "en-US"
        ],
        "User-Agent": [
          "Microsoft.Azure.Management.Network.NetworkManagementClient/5.0.1-preview"
        ]
      },
      "ResponseBody": "{\r\n  \"name\": \"onesdk6241\",\r\n  \"id\": \"/subscriptions/0b1f6471-1bf0-4dda-aec3-cb9272f09590/resourceGroups/onesdk5796/providers/Microsoft.Network/virtualNetworks/onesdk6241\",\r\n  \"etag\": \"W/\\\"f718d01f-210e-4eb4-8c46-42f2851a5ad0\\\"\",\r\n  \"type\": \"Microsoft.Network/virtualNetworks\",\r\n  \"location\": \"westus\",\r\n  \"properties\": {\r\n    \"provisioningState\": \"Succeeded\",\r\n    \"resourceGuid\": \"0b666aa4-b30c-44e8-9aab-a3cad16069b7\",\r\n    \"addressSpace\": {\r\n      \"addressPrefixes\": [\r\n        \"10.0.0.0/16\"\r\n      ]\r\n    },\r\n    \"subnets\": [\r\n      {\r\n        \"name\": \"onesdk6111\",\r\n        \"id\": \"/subscriptions/0b1f6471-1bf0-4dda-aec3-cb9272f09590/resourceGroups/onesdk5796/providers/Microsoft.Network/virtualNetworks/onesdk6241/subnets/onesdk6111\",\r\n        \"etag\": \"W/\\\"f718d01f-210e-4eb4-8c46-42f2851a5ad0\\\"\",\r\n        \"properties\": {\r\n          \"provisioningState\": \"Succeeded\",\r\n          \"addressPrefix\": \"10.0.1.0/24\"\r\n        }\r\n      }\r\n    ],\r\n    \"virtualNetworkPeerings\": []\r\n  }\r\n}",
      "ResponseHeaders": {
        "Content-Length": [
          "984"
        ],
        "Content-Type": [
          "application/json; charset=utf-8"
        ],
        "Expires": [
          "-1"
        ],
        "Pragma": [
          "no-cache"
        ],
        "x-ms-request-id": [
          "4d6a1d34-89c9-4cb2-a91d-304bddff720a"
        ],
        "Strict-Transport-Security": [
          "max-age=31536000; includeSubDomains"
        ],
        "Cache-Control": [
          "no-cache"
        ],
        "ETag": [
          "W/\"f718d01f-210e-4eb4-8c46-42f2851a5ad0\""
        ],
        "Server": [
          "Microsoft-HTTPAPI/2.0",
          "Microsoft-HTTPAPI/2.0"
        ],
        "x-ms-ratelimit-remaining-subscription-reads": [
          "14984"
        ],
        "x-ms-correlation-request-id": [
          "fa8d5908-20a2-41b7-82b8-f109b152505f"
        ],
        "x-ms-routing-request-id": [
          "WESTUS2:20160723T003704Z:fa8d5908-20a2-41b7-82b8-f109b152505f"
        ],
        "Date": [
          "Sat, 23 Jul 2016 00:37:04 GMT"
        ]
      },
      "StatusCode": 200
    },
    {
      "RequestUri": "/subscriptions/0b1f6471-1bf0-4dda-aec3-cb9272f09590/resourceGroups/onesdk5796/providers/Microsoft.Network/virtualNetworks/onesdk6241?api-version=2016-06-01",
      "EncodedRequestUri": "L3N1YnNjcmlwdGlvbnMvMGIxZjY0NzEtMWJmMC00ZGRhLWFlYzMtY2I5MjcyZjA5NTkwL3Jlc291cmNlR3JvdXBzL29uZXNkazU3OTYvcHJvdmlkZXJzL01pY3Jvc29mdC5OZXR3b3JrL3ZpcnR1YWxOZXR3b3Jrcy9vbmVzZGs2MjQxP2FwaS12ZXJzaW9uPTIwMTYtMDYtMDE=",
      "RequestMethod": "GET",
      "RequestBody": "",
      "RequestHeaders": {
        "User-Agent": [
          "Microsoft.Azure.Management.Network.NetworkManagementClient/5.0.1-preview"
        ]
      },
      "ResponseBody": "{\r\n  \"name\": \"onesdk6241\",\r\n  \"id\": \"/subscriptions/0b1f6471-1bf0-4dda-aec3-cb9272f09590/resourceGroups/onesdk5796/providers/Microsoft.Network/virtualNetworks/onesdk6241\",\r\n  \"etag\": \"W/\\\"790971eb-88e7-45a0-9027-093c34e100d0\\\"\",\r\n  \"type\": \"Microsoft.Network/virtualNetworks\",\r\n  \"location\": \"westus\",\r\n  \"properties\": {\r\n    \"provisioningState\": \"Succeeded\",\r\n    \"resourceGuid\": \"0b666aa4-b30c-44e8-9aab-a3cad16069b7\",\r\n    \"addressSpace\": {\r\n      \"addressPrefixes\": [\r\n        \"10.0.0.0/16\"\r\n      ]\r\n    },\r\n    \"dhcpOptions\": {\r\n      \"dnsServers\": []\r\n    },\r\n    \"subnets\": [\r\n      {\r\n        \"name\": \"onesdk6111\",\r\n        \"id\": \"/subscriptions/0b1f6471-1bf0-4dda-aec3-cb9272f09590/resourceGroups/onesdk5796/providers/Microsoft.Network/virtualNetworks/onesdk6241/subnets/onesdk6111\",\r\n        \"etag\": \"W/\\\"790971eb-88e7-45a0-9027-093c34e100d0\\\"\",\r\n        \"properties\": {\r\n          \"provisioningState\": \"Succeeded\",\r\n          \"addressPrefix\": \"10.0.1.0/24\",\r\n          \"networkSecurityGroup\": {\r\n            \"id\": \"/subscriptions/0b1f6471-1bf0-4dda-aec3-cb9272f09590/resourceGroups/onesdk5796/providers/Microsoft.Network/networkSecurityGroups/onesdk5652\"\r\n          }\r\n        }\r\n      }\r\n    ],\r\n    \"virtualNetworkPeerings\": []\r\n  }\r\n}",
      "ResponseHeaders": {
        "Content-Length": [
          "1249"
        ],
        "Content-Type": [
          "application/json; charset=utf-8"
        ],
        "Expires": [
          "-1"
        ],
        "Pragma": [
          "no-cache"
        ],
        "x-ms-request-id": [
          "aa98a589-f153-4654-8621-73280a9ec3c9"
        ],
        "Strict-Transport-Security": [
          "max-age=31536000; includeSubDomains"
        ],
        "Cache-Control": [
          "no-cache"
        ],
        "ETag": [
          "W/\"790971eb-88e7-45a0-9027-093c34e100d0\""
        ],
        "Server": [
          "Microsoft-HTTPAPI/2.0",
          "Microsoft-HTTPAPI/2.0"
        ],
        "x-ms-ratelimit-remaining-subscription-reads": [
          "14982"
        ],
        "x-ms-correlation-request-id": [
          "bb74a114-8cac-488d-b078-cfaf0bed13fe"
        ],
        "x-ms-routing-request-id": [
          "WESTUS2:20160723T003735Z:bb74a114-8cac-488d-b078-cfaf0bed13fe"
        ],
        "Date": [
          "Sat, 23 Jul 2016 00:37:35 GMT"
        ]
      },
      "StatusCode": 200
    },
    {
      "RequestUri": "/subscriptions/0b1f6471-1bf0-4dda-aec3-cb9272f09590/resourceGroups/onesdk5796/providers/Microsoft.Network/virtualNetworks/onesdk6241?api-version=2016-06-01",
      "EncodedRequestUri": "L3N1YnNjcmlwdGlvbnMvMGIxZjY0NzEtMWJmMC00ZGRhLWFlYzMtY2I5MjcyZjA5NTkwL3Jlc291cmNlR3JvdXBzL29uZXNkazU3OTYvcHJvdmlkZXJzL01pY3Jvc29mdC5OZXR3b3JrL3ZpcnR1YWxOZXR3b3Jrcy9vbmVzZGs2MjQxP2FwaS12ZXJzaW9uPTIwMTYtMDYtMDE=",
      "RequestMethod": "GET",
      "RequestBody": "",
      "RequestHeaders": {
        "x-ms-client-request-id": [
          "a7e63660-282c-45bb-bd84-956a611c05b8"
        ],
        "accept-language": [
          "en-US"
        ],
        "User-Agent": [
          "Microsoft.Azure.Management.Network.NetworkManagementClient/5.0.1-preview"
        ]
      },
      "ResponseBody": "{\r\n  \"name\": \"onesdk6241\",\r\n  \"id\": \"/subscriptions/0b1f6471-1bf0-4dda-aec3-cb9272f09590/resourceGroups/onesdk5796/providers/Microsoft.Network/virtualNetworks/onesdk6241\",\r\n  \"etag\": \"W/\\\"790971eb-88e7-45a0-9027-093c34e100d0\\\"\",\r\n  \"type\": \"Microsoft.Network/virtualNetworks\",\r\n  \"location\": \"westus\",\r\n  \"properties\": {\r\n    \"provisioningState\": \"Succeeded\",\r\n    \"resourceGuid\": \"0b666aa4-b30c-44e8-9aab-a3cad16069b7\",\r\n    \"addressSpace\": {\r\n      \"addressPrefixes\": [\r\n        \"10.0.0.0/16\"\r\n      ]\r\n    },\r\n    \"dhcpOptions\": {\r\n      \"dnsServers\": []\r\n    },\r\n    \"subnets\": [\r\n      {\r\n        \"name\": \"onesdk6111\",\r\n        \"id\": \"/subscriptions/0b1f6471-1bf0-4dda-aec3-cb9272f09590/resourceGroups/onesdk5796/providers/Microsoft.Network/virtualNetworks/onesdk6241/subnets/onesdk6111\",\r\n        \"etag\": \"W/\\\"790971eb-88e7-45a0-9027-093c34e100d0\\\"\",\r\n        \"properties\": {\r\n          \"provisioningState\": \"Succeeded\",\r\n          \"addressPrefix\": \"10.0.1.0/24\",\r\n          \"networkSecurityGroup\": {\r\n            \"id\": \"/subscriptions/0b1f6471-1bf0-4dda-aec3-cb9272f09590/resourceGroups/onesdk5796/providers/Microsoft.Network/networkSecurityGroups/onesdk5652\"\r\n          }\r\n        }\r\n      }\r\n    ],\r\n    \"virtualNetworkPeerings\": []\r\n  }\r\n}",
      "ResponseHeaders": {
        "Content-Length": [
          "1249"
        ],
        "Content-Type": [
          "application/json; charset=utf-8"
        ],
        "Expires": [
          "-1"
        ],
        "Pragma": [
          "no-cache"
        ],
        "x-ms-request-id": [
          "02d4ce78-725d-454e-94ea-3b19e7eb2d86"
        ],
        "Strict-Transport-Security": [
          "max-age=31536000; includeSubDomains"
        ],
        "Cache-Control": [
          "no-cache"
        ],
        "ETag": [
          "W/\"790971eb-88e7-45a0-9027-093c34e100d0\""
        ],
        "Server": [
          "Microsoft-HTTPAPI/2.0",
          "Microsoft-HTTPAPI/2.0"
        ],
        "x-ms-ratelimit-remaining-subscription-reads": [
          "14981"
        ],
        "x-ms-correlation-request-id": [
          "c5b2b335-e759-49cc-a61a-40722d53e7ff"
        ],
        "x-ms-routing-request-id": [
          "WESTUS2:20160723T003735Z:c5b2b335-e759-49cc-a61a-40722d53e7ff"
        ],
        "Date": [
          "Sat, 23 Jul 2016 00:37:35 GMT"
        ]
      },
      "StatusCode": 200
    },
    {
      "RequestUri": "/subscriptions/0b1f6471-1bf0-4dda-aec3-cb9272f09590/resourceGroups/onesdk5796/providers/Microsoft.Network/virtualNetworks/onesdk6241?api-version=2016-06-01",
      "EncodedRequestUri": "L3N1YnNjcmlwdGlvbnMvMGIxZjY0NzEtMWJmMC00ZGRhLWFlYzMtY2I5MjcyZjA5NTkwL3Jlc291cmNlR3JvdXBzL29uZXNkazU3OTYvcHJvdmlkZXJzL01pY3Jvc29mdC5OZXR3b3JrL3ZpcnR1YWxOZXR3b3Jrcy9vbmVzZGs2MjQxP2FwaS12ZXJzaW9uPTIwMTYtMDYtMDE=",
      "RequestMethod": "PUT",
      "RequestBody": "{\r\n  \"properties\": {\r\n    \"addressSpace\": {\r\n      \"addressPrefixes\": [\r\n        \"10.0.0.0/16\"\r\n      ]\r\n    },\r\n    \"subnets\": [\r\n      {\r\n        \"properties\": {\r\n          \"addressPrefix\": \"10.0.1.0/24\",\r\n          \"ipConfigurations\": []\r\n        },\r\n        \"name\": \"onesdk6111\"\r\n      }\r\n    ],\r\n    \"VirtualNetworkPeerings\": []\r\n  },\r\n  \"location\": \"West US\"\r\n}",
      "RequestHeaders": {
        "Content-Type": [
          "application/json; charset=utf-8"
        ],
        "Content-Length": [
          "367"
        ],
        "x-ms-client-request-id": [
          "8db287e2-cec6-4fdf-927d-48dd6981470e"
        ],
        "accept-language": [
          "en-US"
        ],
        "User-Agent": [
          "Microsoft.Azure.Management.Network.NetworkManagementClient/5.0.1-preview"
        ]
      },
      "ResponseBody": "{\r\n  \"name\": \"onesdk6241\",\r\n  \"id\": \"/subscriptions/0b1f6471-1bf0-4dda-aec3-cb9272f09590/resourceGroups/onesdk5796/providers/Microsoft.Network/virtualNetworks/onesdk6241\",\r\n  \"etag\": \"W/\\\"7d4460f7-689d-4a1e-928c-f00a89008e39\\\"\",\r\n  \"type\": \"Microsoft.Network/virtualNetworks\",\r\n  \"location\": \"westus\",\r\n  \"properties\": {\r\n    \"provisioningState\": \"Updating\",\r\n    \"resourceGuid\": \"0b666aa4-b30c-44e8-9aab-a3cad16069b7\",\r\n    \"addressSpace\": {\r\n      \"addressPrefixes\": [\r\n        \"10.0.0.0/16\"\r\n      ]\r\n    },\r\n    \"subnets\": [\r\n      {\r\n        \"name\": \"onesdk6111\",\r\n        \"id\": \"/subscriptions/0b1f6471-1bf0-4dda-aec3-cb9272f09590/resourceGroups/onesdk5796/providers/Microsoft.Network/virtualNetworks/onesdk6241/subnets/onesdk6111\",\r\n        \"etag\": \"W/\\\"7d4460f7-689d-4a1e-928c-f00a89008e39\\\"\",\r\n        \"properties\": {\r\n          \"provisioningState\": \"Updating\",\r\n          \"addressPrefix\": \"10.0.1.0/24\"\r\n        }\r\n      }\r\n    ],\r\n    \"virtualNetworkPeerings\": []\r\n  }\r\n}",
      "ResponseHeaders": {
        "Content-Length": [
          "982"
        ],
        "Content-Type": [
          "application/json; charset=utf-8"
        ],
        "Expires": [
          "-1"
        ],
        "Pragma": [
          "no-cache"
        ],
        "Retry-After": [
          "10"
        ],
        "x-ms-request-id": [
          "05d02cd8-0c33-4835-a0db-29df5c270ec8"
        ],
        "Azure-AsyncOperation": [
          "https://management.azure.com/subscriptions/0b1f6471-1bf0-4dda-aec3-cb9272f09590/providers/Microsoft.Network/locations/westus/operations/05d02cd8-0c33-4835-a0db-29df5c270ec8?api-version=2016-06-01"
        ],
        "Strict-Transport-Security": [
          "max-age=31536000; includeSubDomains"
        ],
        "Cache-Control": [
          "no-cache"
        ],
        "Server": [
          "Microsoft-HTTPAPI/2.0",
          "Microsoft-HTTPAPI/2.0"
        ],
        "x-ms-ratelimit-remaining-subscription-writes": [
          "1196"
        ],
        "x-ms-correlation-request-id": [
          "0418b266-9892-4ac9-938a-411156529e50"
        ],
        "x-ms-routing-request-id": [
          "WESTUS2:20160723T003602Z:0418b266-9892-4ac9-938a-411156529e50"
        ],
        "Date": [
          "Sat, 23 Jul 2016 00:36:02 GMT"
        ]
      },
      "StatusCode": 201
    },
    {
      "RequestUri": "/subscriptions/0b1f6471-1bf0-4dda-aec3-cb9272f09590/resourceGroups/onesdk5796/providers/Microsoft.Network/virtualNetworks/onesdk6241?api-version=2016-06-01",
      "EncodedRequestUri": "L3N1YnNjcmlwdGlvbnMvMGIxZjY0NzEtMWJmMC00ZGRhLWFlYzMtY2I5MjcyZjA5NTkwL3Jlc291cmNlR3JvdXBzL29uZXNkazU3OTYvcHJvdmlkZXJzL01pY3Jvc29mdC5OZXR3b3JrL3ZpcnR1YWxOZXR3b3Jrcy9vbmVzZGs2MjQxP2FwaS12ZXJzaW9uPTIwMTYtMDYtMDE=",
      "RequestMethod": "PUT",
      "RequestBody": "{\r\n  \"properties\": {\r\n    \"addressSpace\": {\r\n      \"addressPrefixes\": [\r\n        \"10.0.0.0/16\"\r\n      ]\r\n    },\r\n    \"dhcpOptions\": {\r\n      \"dnsServers\": []\r\n    },\r\n    \"subnets\": [\r\n      {\r\n        \"properties\": {\r\n          \"addressPrefix\": \"10.0.1.0/24\",\r\n          \"networkSecurityGroup\": {\r\n            \"properties\": {\r\n              \"securityRules\": [],\r\n              \"defaultSecurityRules\": [],\r\n              \"networkInterfaces\": [],\r\n              \"subnets\": []\r\n            },\r\n            \"id\": \"/subscriptions/0b1f6471-1bf0-4dda-aec3-cb9272f09590/resourceGroups/onesdk5796/providers/Microsoft.Network/networkSecurityGroups/onesdk5652\"\r\n          },\r\n          \"ipConfigurations\": [],\r\n          \"provisioningState\": \"Succeeded\"\r\n        },\r\n        \"name\": \"onesdk6111\",\r\n        \"etag\": \"W/\\\"f718d01f-210e-4eb4-8c46-42f2851a5ad0\\\"\",\r\n        \"id\": \"/subscriptions/0b1f6471-1bf0-4dda-aec3-cb9272f09590/resourceGroups/onesdk5796/providers/Microsoft.Network/virtualNetworks/onesdk6241/subnets/onesdk6111\"\r\n      }\r\n    ],\r\n    \"VirtualNetworkPeerings\": [],\r\n    \"resourceGuid\": \"0b666aa4-b30c-44e8-9aab-a3cad16069b7\",\r\n    \"provisioningState\": \"Succeeded\"\r\n  },\r\n  \"etag\": \"W/\\\"f718d01f-210e-4eb4-8c46-42f2851a5ad0\\\"\",\r\n  \"id\": \"/subscriptions/0b1f6471-1bf0-4dda-aec3-cb9272f09590/resourceGroups/onesdk5796/providers/Microsoft.Network/virtualNetworks/onesdk6241\",\r\n  \"location\": \"westus\"\r\n}",
      "RequestHeaders": {
        "Content-Type": [
          "application/json; charset=utf-8"
        ],
        "Content-Length": [
          "1404"
        ],
        "x-ms-client-request-id": [
          "d48ff83c-686c-4ac2-bcb8-be8b20ce9fc9"
        ],
        "accept-language": [
          "en-US"
        ],
        "User-Agent": [
          "Microsoft.Azure.Management.Network.NetworkManagementClient/5.0.1-preview"
        ]
      },
      "ResponseBody": "{\r\n  \"name\": \"onesdk6241\",\r\n  \"id\": \"/subscriptions/0b1f6471-1bf0-4dda-aec3-cb9272f09590/resourceGroups/onesdk5796/providers/Microsoft.Network/virtualNetworks/onesdk6241\",\r\n  \"etag\": \"W/\\\"f19402c9-b2fa-447d-8769-e6ac8b8499fb\\\"\",\r\n  \"type\": \"Microsoft.Network/virtualNetworks\",\r\n  \"location\": \"westus\",\r\n  \"properties\": {\r\n    \"provisioningState\": \"Updating\",\r\n    \"resourceGuid\": \"0b666aa4-b30c-44e8-9aab-a3cad16069b7\",\r\n    \"addressSpace\": {\r\n      \"addressPrefixes\": [\r\n        \"10.0.0.0/16\"\r\n      ]\r\n    },\r\n    \"dhcpOptions\": {\r\n      \"dnsServers\": []\r\n    },\r\n    \"subnets\": [\r\n      {\r\n        \"name\": \"onesdk6111\",\r\n        \"id\": \"/subscriptions/0b1f6471-1bf0-4dda-aec3-cb9272f09590/resourceGroups/onesdk5796/providers/Microsoft.Network/virtualNetworks/onesdk6241/subnets/onesdk6111\",\r\n        \"etag\": \"W/\\\"f19402c9-b2fa-447d-8769-e6ac8b8499fb\\\"\",\r\n        \"properties\": {\r\n          \"provisioningState\": \"Updating\",\r\n          \"addressPrefix\": \"10.0.1.0/24\",\r\n          \"networkSecurityGroup\": {\r\n            \"id\": \"/subscriptions/0b1f6471-1bf0-4dda-aec3-cb9272f09590/resourceGroups/onesdk5796/providers/Microsoft.Network/networkSecurityGroups/onesdk5652\"\r\n          }\r\n        }\r\n      }\r\n    ],\r\n    \"virtualNetworkPeerings\": []\r\n  }\r\n}",
      "ResponseHeaders": {
        "Content-Length": [
          "1247"
        ],
        "Content-Type": [
          "application/json; charset=utf-8"
        ],
        "Expires": [
          "-1"
        ],
        "Pragma": [
          "no-cache"
        ],
        "Retry-After": [
          "10"
        ],
        "x-ms-request-id": [
          "bd16762f-dc3b-41dc-ae52-d1ff8046f1a6"
        ],
        "Azure-AsyncOperation": [
          "https://management.azure.com/subscriptions/0b1f6471-1bf0-4dda-aec3-cb9272f09590/providers/Microsoft.Network/locations/westus/operations/bd16762f-dc3b-41dc-ae52-d1ff8046f1a6?api-version=2016-06-01"
        ],
        "Strict-Transport-Security": [
          "max-age=31536000; includeSubDomains"
        ],
        "Cache-Control": [
          "no-cache"
        ],
        "Server": [
          "Microsoft-HTTPAPI/2.0",
          "Microsoft-HTTPAPI/2.0"
        ],
        "x-ms-ratelimit-remaining-subscription-writes": [
          "1194"
        ],
        "x-ms-correlation-request-id": [
          "4d034771-9750-4931-a6fe-1210654abfb2"
        ],
        "x-ms-routing-request-id": [
          "WESTUS2:20160723T003705Z:4d034771-9750-4931-a6fe-1210654abfb2"
        ],
        "Date": [
          "Sat, 23 Jul 2016 00:37:05 GMT"
        ]
      },
      "StatusCode": 200
    },
    {
      "RequestUri": "/subscriptions/0b1f6471-1bf0-4dda-aec3-cb9272f09590/providers/Microsoft.Network/locations/westus/operations/05d02cd8-0c33-4835-a0db-29df5c270ec8?api-version=2016-06-01",
      "EncodedRequestUri": "L3N1YnNjcmlwdGlvbnMvMGIxZjY0NzEtMWJmMC00ZGRhLWFlYzMtY2I5MjcyZjA5NTkwL3Byb3ZpZGVycy9NaWNyb3NvZnQuTmV0d29yay9sb2NhdGlvbnMvd2VzdHVzL29wZXJhdGlvbnMvMDVkMDJjZDgtMGMzMy00ODM1LWEwZGItMjlkZjVjMjcwZWM4P2FwaS12ZXJzaW9uPTIwMTYtMDYtMDE=",
      "RequestMethod": "GET",
      "RequestBody": "",
      "RequestHeaders": {
        "User-Agent": [
          "Microsoft.Azure.Management.Network.NetworkManagementClient/5.0.1-preview"
        ]
      },
      "ResponseBody": "{\r\n  \"status\": \"Succeeded\"\r\n}",
      "ResponseHeaders": {
        "Content-Length": [
          "29"
        ],
        "Content-Type": [
          "application/json; charset=utf-8"
        ],
        "Expires": [
          "-1"
        ],
        "Pragma": [
          "no-cache"
        ],
        "x-ms-request-id": [
          "0dd68e4c-33d3-4b33-b649-6984bd49251e"
        ],
        "Strict-Transport-Security": [
          "max-age=31536000; includeSubDomains"
        ],
        "Cache-Control": [
          "no-cache"
        ],
        "Server": [
          "Microsoft-HTTPAPI/2.0",
          "Microsoft-HTTPAPI/2.0"
        ],
        "x-ms-ratelimit-remaining-subscription-reads": [
          "14993"
        ],
        "x-ms-correlation-request-id": [
          "0f979f35-e58d-48e7-8890-ae6a010410e6"
        ],
        "x-ms-routing-request-id": [
          "WESTUS2:20160723T003633Z:0f979f35-e58d-48e7-8890-ae6a010410e6"
        ],
        "Date": [
          "Sat, 23 Jul 2016 00:36:32 GMT"
        ]
      },
      "StatusCode": 200
    },
    {
      "RequestUri": "/subscriptions/0b1f6471-1bf0-4dda-aec3-cb9272f09590/resourceGroups/onesdk5796/providers/Microsoft.Network/networkSecurityGroups/onesdk5652?api-version=2016-06-01",
      "EncodedRequestUri": "L3N1YnNjcmlwdGlvbnMvMGIxZjY0NzEtMWJmMC00ZGRhLWFlYzMtY2I5MjcyZjA5NTkwL3Jlc291cmNlR3JvdXBzL29uZXNkazU3OTYvcHJvdmlkZXJzL01pY3Jvc29mdC5OZXR3b3JrL25ldHdvcmtTZWN1cml0eUdyb3Vwcy9vbmVzZGs1NjUyP2FwaS12ZXJzaW9uPTIwMTYtMDYtMDE=",
      "RequestMethod": "GET",
      "RequestBody": "",
      "RequestHeaders": {
        "x-ms-client-request-id": [
          "160bdc97-dff8-4eed-b500-199e91f3991a"
        ],
        "accept-language": [
          "en-US"
        ],
        "User-Agent": [
          "Microsoft.Azure.Management.Network.NetworkManagementClient/5.0.1-preview"
        ]
      },
      "ResponseBody": "{\r\n  \"error\": {\r\n    \"code\": \"ResourceNotFound\",\r\n    \"message\": \"The Resource 'Microsoft.Network/networkSecurityGroups/onesdk5652' under resource group 'onesdk5796' was not found.\"\r\n  }\r\n}",
      "ResponseHeaders": {
        "Content-Length": [
          "164"
        ],
        "Content-Type": [
          "application/json; charset=utf-8"
        ],
        "Expires": [
          "-1"
        ],
        "Pragma": [
          "no-cache"
        ],
        "x-ms-failure-cause": [
          "gateway"
        ],
        "x-ms-request-id": [
          "761fd0b0-fdb0-40d1-8bdd-c94a6d9a1db3"
        ],
        "x-ms-correlation-request-id": [
          "761fd0b0-fdb0-40d1-8bdd-c94a6d9a1db3"
        ],
        "x-ms-routing-request-id": [
          "WESTUS2:20160723T003633Z:761fd0b0-fdb0-40d1-8bdd-c94a6d9a1db3"
        ],
        "Strict-Transport-Security": [
          "max-age=31536000; includeSubDomains"
        ],
        "Cache-Control": [
          "no-cache"
        ],
        "Date": [
          "Sat, 23 Jul 2016 00:36:33 GMT"
        ]
      },
      "StatusCode": 404
    },
    {
      "RequestUri": "/subscriptions/0b1f6471-1bf0-4dda-aec3-cb9272f09590/resourceGroups/onesdk5796/providers/Microsoft.Network/networkSecurityGroups/onesdk5652?api-version=2016-06-01",
      "EncodedRequestUri": "L3N1YnNjcmlwdGlvbnMvMGIxZjY0NzEtMWJmMC00ZGRhLWFlYzMtY2I5MjcyZjA5NTkwL3Jlc291cmNlR3JvdXBzL29uZXNkazU3OTYvcHJvdmlkZXJzL01pY3Jvc29mdC5OZXR3b3JrL25ldHdvcmtTZWN1cml0eUdyb3Vwcy9vbmVzZGs1NjUyP2FwaS12ZXJzaW9uPTIwMTYtMDYtMDE=",
      "RequestMethod": "GET",
      "RequestBody": "",
      "RequestHeaders": {
        "User-Agent": [
          "Microsoft.Azure.Management.Network.NetworkManagementClient/5.0.1-preview"
        ]
      },
      "ResponseBody": "{\r\n  \"name\": \"onesdk5652\",\r\n  \"id\": \"/subscriptions/0b1f6471-1bf0-4dda-aec3-cb9272f09590/resourceGroups/onesdk5796/providers/Microsoft.Network/networkSecurityGroups/onesdk5652\",\r\n  \"etag\": \"W/\\\"580a95a6-b633-4f05-a434-de4604bed3ee\\\"\",\r\n  \"type\": \"Microsoft.Network/networkSecurityGroups\",\r\n  \"location\": \"westus\",\r\n  \"properties\": {\r\n    \"provisioningState\": \"Succeeded\",\r\n    \"resourceGuid\": \"47ee97fb-ab41-46cc-9365-24c975243f09\",\r\n    \"securityRules\": [],\r\n    \"defaultSecurityRules\": [\r\n      {\r\n        \"name\": \"AllowVnetInBound\",\r\n        \"id\": \"/subscriptions/0b1f6471-1bf0-4dda-aec3-cb9272f09590/resourceGroups/onesdk5796/providers/Microsoft.Network/networkSecurityGroups/onesdk5652/defaultSecurityRules/AllowVnetInBound\",\r\n        \"etag\": \"W/\\\"580a95a6-b633-4f05-a434-de4604bed3ee\\\"\",\r\n        \"properties\": {\r\n          \"provisioningState\": \"Succeeded\",\r\n          \"description\": \"Allow inbound traffic from all VMs in VNET\",\r\n          \"protocol\": \"*\",\r\n          \"sourcePortRange\": \"*\",\r\n          \"destinationPortRange\": \"*\",\r\n          \"sourceAddressPrefix\": \"VirtualNetwork\",\r\n          \"destinationAddressPrefix\": \"VirtualNetwork\",\r\n          \"access\": \"Allow\",\r\n          \"priority\": 65000,\r\n          \"direction\": \"Inbound\"\r\n        }\r\n      },\r\n      {\r\n        \"name\": \"AllowAzureLoadBalancerInBound\",\r\n        \"id\": \"/subscriptions/0b1f6471-1bf0-4dda-aec3-cb9272f09590/resourceGroups/onesdk5796/providers/Microsoft.Network/networkSecurityGroups/onesdk5652/defaultSecurityRules/AllowAzureLoadBalancerInBound\",\r\n        \"etag\": \"W/\\\"580a95a6-b633-4f05-a434-de4604bed3ee\\\"\",\r\n        \"properties\": {\r\n          \"provisioningState\": \"Succeeded\",\r\n          \"description\": \"Allow inbound traffic from azure load balancer\",\r\n          \"protocol\": \"*\",\r\n          \"sourcePortRange\": \"*\",\r\n          \"destinationPortRange\": \"*\",\r\n          \"sourceAddressPrefix\": \"AzureLoadBalancer\",\r\n          \"destinationAddressPrefix\": \"*\",\r\n          \"access\": \"Allow\",\r\n          \"priority\": 65001,\r\n          \"direction\": \"Inbound\"\r\n        }\r\n      },\r\n      {\r\n        \"name\": \"DenyAllInBound\",\r\n        \"id\": \"/subscriptions/0b1f6471-1bf0-4dda-aec3-cb9272f09590/resourceGroups/onesdk5796/providers/Microsoft.Network/networkSecurityGroups/onesdk5652/defaultSecurityRules/DenyAllInBound\",\r\n        \"etag\": \"W/\\\"580a95a6-b633-4f05-a434-de4604bed3ee\\\"\",\r\n        \"properties\": {\r\n          \"provisioningState\": \"Succeeded\",\r\n          \"description\": \"Deny all inbound traffic\",\r\n          \"protocol\": \"*\",\r\n          \"sourcePortRange\": \"*\",\r\n          \"destinationPortRange\": \"*\",\r\n          \"sourceAddressPrefix\": \"*\",\r\n          \"destinationAddressPrefix\": \"*\",\r\n          \"access\": \"Deny\",\r\n          \"priority\": 65500,\r\n          \"direction\": \"Inbound\"\r\n        }\r\n      },\r\n      {\r\n        \"name\": \"AllowVnetOutBound\",\r\n        \"id\": \"/subscriptions/0b1f6471-1bf0-4dda-aec3-cb9272f09590/resourceGroups/onesdk5796/providers/Microsoft.Network/networkSecurityGroups/onesdk5652/defaultSecurityRules/AllowVnetOutBound\",\r\n        \"etag\": \"W/\\\"580a95a6-b633-4f05-a434-de4604bed3ee\\\"\",\r\n        \"properties\": {\r\n          \"provisioningState\": \"Succeeded\",\r\n          \"description\": \"Allow outbound traffic from all VMs to all VMs in VNET\",\r\n          \"protocol\": \"*\",\r\n          \"sourcePortRange\": \"*\",\r\n          \"destinationPortRange\": \"*\",\r\n          \"sourceAddressPrefix\": \"VirtualNetwork\",\r\n          \"destinationAddressPrefix\": \"VirtualNetwork\",\r\n          \"access\": \"Allow\",\r\n          \"priority\": 65000,\r\n          \"direction\": \"Outbound\"\r\n        }\r\n      },\r\n      {\r\n        \"name\": \"AllowInternetOutBound\",\r\n        \"id\": \"/subscriptions/0b1f6471-1bf0-4dda-aec3-cb9272f09590/resourceGroups/onesdk5796/providers/Microsoft.Network/networkSecurityGroups/onesdk5652/defaultSecurityRules/AllowInternetOutBound\",\r\n        \"etag\": \"W/\\\"580a95a6-b633-4f05-a434-de4604bed3ee\\\"\",\r\n        \"properties\": {\r\n          \"provisioningState\": \"Succeeded\",\r\n          \"description\": \"Allow outbound traffic from all VMs to Internet\",\r\n          \"protocol\": \"*\",\r\n          \"sourcePortRange\": \"*\",\r\n          \"destinationPortRange\": \"*\",\r\n          \"sourceAddressPrefix\": \"*\",\r\n          \"destinationAddressPrefix\": \"Internet\",\r\n          \"access\": \"Allow\",\r\n          \"priority\": 65001,\r\n          \"direction\": \"Outbound\"\r\n        }\r\n      },\r\n      {\r\n        \"name\": \"DenyAllOutBound\",\r\n        \"id\": \"/subscriptions/0b1f6471-1bf0-4dda-aec3-cb9272f09590/resourceGroups/onesdk5796/providers/Microsoft.Network/networkSecurityGroups/onesdk5652/defaultSecurityRules/DenyAllOutBound\",\r\n        \"etag\": \"W/\\\"580a95a6-b633-4f05-a434-de4604bed3ee\\\"\",\r\n        \"properties\": {\r\n          \"provisioningState\": \"Succeeded\",\r\n          \"description\": \"Deny all outbound traffic\",\r\n          \"protocol\": \"*\",\r\n          \"sourcePortRange\": \"*\",\r\n          \"destinationPortRange\": \"*\",\r\n          \"sourceAddressPrefix\": \"*\",\r\n          \"destinationAddressPrefix\": \"*\",\r\n          \"access\": \"Deny\",\r\n          \"priority\": 65500,\r\n          \"direction\": \"Outbound\"\r\n        }\r\n      }\r\n    ]\r\n  }\r\n}",
      "ResponseHeaders": {
        "Content-Length": [
          "5079"
        ],
        "Content-Type": [
          "application/json; charset=utf-8"
        ],
        "Expires": [
          "-1"
        ],
        "Pragma": [
          "no-cache"
        ],
        "x-ms-request-id": [
          "742e30a8-2c0c-4d14-99dc-aebf0752698e"
        ],
        "Strict-Transport-Security": [
          "max-age=31536000; includeSubDomains"
        ],
        "Cache-Control": [
          "no-cache"
        ],
        "ETag": [
          "W/\"580a95a6-b633-4f05-a434-de4604bed3ee\""
        ],
        "Server": [
          "Microsoft-HTTPAPI/2.0",
          "Microsoft-HTTPAPI/2.0"
        ],
        "x-ms-ratelimit-remaining-subscription-reads": [
          "14988"
        ],
        "x-ms-correlation-request-id": [
          "2040db4a-1ad4-42ca-9971-8545a6dd8235"
        ],
        "x-ms-routing-request-id": [
          "WESTUS2:20160723T003704Z:2040db4a-1ad4-42ca-9971-8545a6dd8235"
        ],
        "Date": [
          "Sat, 23 Jul 2016 00:37:04 GMT"
        ]
      },
      "StatusCode": 200
    },
    {
      "RequestUri": "/subscriptions/0b1f6471-1bf0-4dda-aec3-cb9272f09590/resourceGroups/onesdk5796/providers/Microsoft.Network/networkSecurityGroups/onesdk5652?api-version=2016-06-01",
      "EncodedRequestUri": "L3N1YnNjcmlwdGlvbnMvMGIxZjY0NzEtMWJmMC00ZGRhLWFlYzMtY2I5MjcyZjA5NTkwL3Jlc291cmNlR3JvdXBzL29uZXNkazU3OTYvcHJvdmlkZXJzL01pY3Jvc29mdC5OZXR3b3JrL25ldHdvcmtTZWN1cml0eUdyb3Vwcy9vbmVzZGs1NjUyP2FwaS12ZXJzaW9uPTIwMTYtMDYtMDE=",
      "RequestMethod": "GET",
      "RequestBody": "",
      "RequestHeaders": {
        "x-ms-client-request-id": [
          "5468e154-99f6-45a8-be2d-98cb2f551fcf"
        ],
        "accept-language": [
          "en-US"
        ],
        "User-Agent": [
          "Microsoft.Azure.Management.Network.NetworkManagementClient/5.0.1-preview"
        ]
      },
      "ResponseBody": "{\r\n  \"name\": \"onesdk5652\",\r\n  \"id\": \"/subscriptions/0b1f6471-1bf0-4dda-aec3-cb9272f09590/resourceGroups/onesdk5796/providers/Microsoft.Network/networkSecurityGroups/onesdk5652\",\r\n  \"etag\": \"W/\\\"580a95a6-b633-4f05-a434-de4604bed3ee\\\"\",\r\n  \"type\": \"Microsoft.Network/networkSecurityGroups\",\r\n  \"location\": \"westus\",\r\n  \"properties\": {\r\n    \"provisioningState\": \"Succeeded\",\r\n    \"resourceGuid\": \"47ee97fb-ab41-46cc-9365-24c975243f09\",\r\n    \"securityRules\": [],\r\n    \"defaultSecurityRules\": [\r\n      {\r\n        \"name\": \"AllowVnetInBound\",\r\n        \"id\": \"/subscriptions/0b1f6471-1bf0-4dda-aec3-cb9272f09590/resourceGroups/onesdk5796/providers/Microsoft.Network/networkSecurityGroups/onesdk5652/defaultSecurityRules/AllowVnetInBound\",\r\n        \"etag\": \"W/\\\"580a95a6-b633-4f05-a434-de4604bed3ee\\\"\",\r\n        \"properties\": {\r\n          \"provisioningState\": \"Succeeded\",\r\n          \"description\": \"Allow inbound traffic from all VMs in VNET\",\r\n          \"protocol\": \"*\",\r\n          \"sourcePortRange\": \"*\",\r\n          \"destinationPortRange\": \"*\",\r\n          \"sourceAddressPrefix\": \"VirtualNetwork\",\r\n          \"destinationAddressPrefix\": \"VirtualNetwork\",\r\n          \"access\": \"Allow\",\r\n          \"priority\": 65000,\r\n          \"direction\": \"Inbound\"\r\n        }\r\n      },\r\n      {\r\n        \"name\": \"AllowAzureLoadBalancerInBound\",\r\n        \"id\": \"/subscriptions/0b1f6471-1bf0-4dda-aec3-cb9272f09590/resourceGroups/onesdk5796/providers/Microsoft.Network/networkSecurityGroups/onesdk5652/defaultSecurityRules/AllowAzureLoadBalancerInBound\",\r\n        \"etag\": \"W/\\\"580a95a6-b633-4f05-a434-de4604bed3ee\\\"\",\r\n        \"properties\": {\r\n          \"provisioningState\": \"Succeeded\",\r\n          \"description\": \"Allow inbound traffic from azure load balancer\",\r\n          \"protocol\": \"*\",\r\n          \"sourcePortRange\": \"*\",\r\n          \"destinationPortRange\": \"*\",\r\n          \"sourceAddressPrefix\": \"AzureLoadBalancer\",\r\n          \"destinationAddressPrefix\": \"*\",\r\n          \"access\": \"Allow\",\r\n          \"priority\": 65001,\r\n          \"direction\": \"Inbound\"\r\n        }\r\n      },\r\n      {\r\n        \"name\": \"DenyAllInBound\",\r\n        \"id\": \"/subscriptions/0b1f6471-1bf0-4dda-aec3-cb9272f09590/resourceGroups/onesdk5796/providers/Microsoft.Network/networkSecurityGroups/onesdk5652/defaultSecurityRules/DenyAllInBound\",\r\n        \"etag\": \"W/\\\"580a95a6-b633-4f05-a434-de4604bed3ee\\\"\",\r\n        \"properties\": {\r\n          \"provisioningState\": \"Succeeded\",\r\n          \"description\": \"Deny all inbound traffic\",\r\n          \"protocol\": \"*\",\r\n          \"sourcePortRange\": \"*\",\r\n          \"destinationPortRange\": \"*\",\r\n          \"sourceAddressPrefix\": \"*\",\r\n          \"destinationAddressPrefix\": \"*\",\r\n          \"access\": \"Deny\",\r\n          \"priority\": 65500,\r\n          \"direction\": \"Inbound\"\r\n        }\r\n      },\r\n      {\r\n        \"name\": \"AllowVnetOutBound\",\r\n        \"id\": \"/subscriptions/0b1f6471-1bf0-4dda-aec3-cb9272f09590/resourceGroups/onesdk5796/providers/Microsoft.Network/networkSecurityGroups/onesdk5652/defaultSecurityRules/AllowVnetOutBound\",\r\n        \"etag\": \"W/\\\"580a95a6-b633-4f05-a434-de4604bed3ee\\\"\",\r\n        \"properties\": {\r\n          \"provisioningState\": \"Succeeded\",\r\n          \"description\": \"Allow outbound traffic from all VMs to all VMs in VNET\",\r\n          \"protocol\": \"*\",\r\n          \"sourcePortRange\": \"*\",\r\n          \"destinationPortRange\": \"*\",\r\n          \"sourceAddressPrefix\": \"VirtualNetwork\",\r\n          \"destinationAddressPrefix\": \"VirtualNetwork\",\r\n          \"access\": \"Allow\",\r\n          \"priority\": 65000,\r\n          \"direction\": \"Outbound\"\r\n        }\r\n      },\r\n      {\r\n        \"name\": \"AllowInternetOutBound\",\r\n        \"id\": \"/subscriptions/0b1f6471-1bf0-4dda-aec3-cb9272f09590/resourceGroups/onesdk5796/providers/Microsoft.Network/networkSecurityGroups/onesdk5652/defaultSecurityRules/AllowInternetOutBound\",\r\n        \"etag\": \"W/\\\"580a95a6-b633-4f05-a434-de4604bed3ee\\\"\",\r\n        \"properties\": {\r\n          \"provisioningState\": \"Succeeded\",\r\n          \"description\": \"Allow outbound traffic from all VMs to Internet\",\r\n          \"protocol\": \"*\",\r\n          \"sourcePortRange\": \"*\",\r\n          \"destinationPortRange\": \"*\",\r\n          \"sourceAddressPrefix\": \"*\",\r\n          \"destinationAddressPrefix\": \"Internet\",\r\n          \"access\": \"Allow\",\r\n          \"priority\": 65001,\r\n          \"direction\": \"Outbound\"\r\n        }\r\n      },\r\n      {\r\n        \"name\": \"DenyAllOutBound\",\r\n        \"id\": \"/subscriptions/0b1f6471-1bf0-4dda-aec3-cb9272f09590/resourceGroups/onesdk5796/providers/Microsoft.Network/networkSecurityGroups/onesdk5652/defaultSecurityRules/DenyAllOutBound\",\r\n        \"etag\": \"W/\\\"580a95a6-b633-4f05-a434-de4604bed3ee\\\"\",\r\n        \"properties\": {\r\n          \"provisioningState\": \"Succeeded\",\r\n          \"description\": \"Deny all outbound traffic\",\r\n          \"protocol\": \"*\",\r\n          \"sourcePortRange\": \"*\",\r\n          \"destinationPortRange\": \"*\",\r\n          \"sourceAddressPrefix\": \"*\",\r\n          \"destinationAddressPrefix\": \"*\",\r\n          \"access\": \"Deny\",\r\n          \"priority\": 65500,\r\n          \"direction\": \"Outbound\"\r\n        }\r\n      }\r\n    ]\r\n  }\r\n}",
      "ResponseHeaders": {
        "Content-Length": [
          "5079"
        ],
        "Content-Type": [
          "application/json; charset=utf-8"
        ],
        "Expires": [
          "-1"
        ],
        "Pragma": [
          "no-cache"
        ],
        "x-ms-request-id": [
          "46fe4947-92e1-46c4-9be9-e7bbd56ffea0"
        ],
        "Strict-Transport-Security": [
          "max-age=31536000; includeSubDomains"
        ],
        "Cache-Control": [
          "no-cache"
        ],
        "ETag": [
          "W/\"580a95a6-b633-4f05-a434-de4604bed3ee\""
        ],
        "Server": [
          "Microsoft-HTTPAPI/2.0",
          "Microsoft-HTTPAPI/2.0"
        ],
        "x-ms-ratelimit-remaining-subscription-reads": [
          "14987"
        ],
        "x-ms-correlation-request-id": [
          "367e9d57-505b-4fae-9778-0b963165b880"
        ],
        "x-ms-routing-request-id": [
          "WESTUS2:20160723T003704Z:367e9d57-505b-4fae-9778-0b963165b880"
        ],
        "Date": [
          "Sat, 23 Jul 2016 00:37:04 GMT"
        ]
      },
      "StatusCode": 200
    },
    {
      "RequestUri": "/subscriptions/0b1f6471-1bf0-4dda-aec3-cb9272f09590/resourceGroups/onesdk5796/providers/Microsoft.Network/networkSecurityGroups/onesdk5652?api-version=2016-06-01",
      "EncodedRequestUri": "L3N1YnNjcmlwdGlvbnMvMGIxZjY0NzEtMWJmMC00ZGRhLWFlYzMtY2I5MjcyZjA5NTkwL3Jlc291cmNlR3JvdXBzL29uZXNkazU3OTYvcHJvdmlkZXJzL01pY3Jvc29mdC5OZXR3b3JrL25ldHdvcmtTZWN1cml0eUdyb3Vwcy9vbmVzZGs1NjUyP2FwaS12ZXJzaW9uPTIwMTYtMDYtMDE=",
      "RequestMethod": "GET",
      "RequestBody": "",
      "RequestHeaders": {
        "x-ms-client-request-id": [
          "289b3582-b7ea-417a-a161-c2c1c798ab53"
        ],
        "accept-language": [
          "en-US"
        ],
        "User-Agent": [
          "Microsoft.Azure.Management.Network.NetworkManagementClient/5.0.1-preview"
        ]
      },
      "ResponseBody": "{\r\n  \"name\": \"onesdk5652\",\r\n  \"id\": \"/subscriptions/0b1f6471-1bf0-4dda-aec3-cb9272f09590/resourceGroups/onesdk5796/providers/Microsoft.Network/networkSecurityGroups/onesdk5652\",\r\n  \"etag\": \"W/\\\"580a95a6-b633-4f05-a434-de4604bed3ee\\\"\",\r\n  \"type\": \"Microsoft.Network/networkSecurityGroups\",\r\n  \"location\": \"westus\",\r\n  \"properties\": {\r\n    \"provisioningState\": \"Succeeded\",\r\n    \"resourceGuid\": \"47ee97fb-ab41-46cc-9365-24c975243f09\",\r\n    \"securityRules\": [],\r\n    \"defaultSecurityRules\": [\r\n      {\r\n        \"name\": \"AllowVnetInBound\",\r\n        \"id\": \"/subscriptions/0b1f6471-1bf0-4dda-aec3-cb9272f09590/resourceGroups/onesdk5796/providers/Microsoft.Network/networkSecurityGroups/onesdk5652/defaultSecurityRules/AllowVnetInBound\",\r\n        \"etag\": \"W/\\\"580a95a6-b633-4f05-a434-de4604bed3ee\\\"\",\r\n        \"properties\": {\r\n          \"provisioningState\": \"Succeeded\",\r\n          \"description\": \"Allow inbound traffic from all VMs in VNET\",\r\n          \"protocol\": \"*\",\r\n          \"sourcePortRange\": \"*\",\r\n          \"destinationPortRange\": \"*\",\r\n          \"sourceAddressPrefix\": \"VirtualNetwork\",\r\n          \"destinationAddressPrefix\": \"VirtualNetwork\",\r\n          \"access\": \"Allow\",\r\n          \"priority\": 65000,\r\n          \"direction\": \"Inbound\"\r\n        }\r\n      },\r\n      {\r\n        \"name\": \"AllowAzureLoadBalancerInBound\",\r\n        \"id\": \"/subscriptions/0b1f6471-1bf0-4dda-aec3-cb9272f09590/resourceGroups/onesdk5796/providers/Microsoft.Network/networkSecurityGroups/onesdk5652/defaultSecurityRules/AllowAzureLoadBalancerInBound\",\r\n        \"etag\": \"W/\\\"580a95a6-b633-4f05-a434-de4604bed3ee\\\"\",\r\n        \"properties\": {\r\n          \"provisioningState\": \"Succeeded\",\r\n          \"description\": \"Allow inbound traffic from azure load balancer\",\r\n          \"protocol\": \"*\",\r\n          \"sourcePortRange\": \"*\",\r\n          \"destinationPortRange\": \"*\",\r\n          \"sourceAddressPrefix\": \"AzureLoadBalancer\",\r\n          \"destinationAddressPrefix\": \"*\",\r\n          \"access\": \"Allow\",\r\n          \"priority\": 65001,\r\n          \"direction\": \"Inbound\"\r\n        }\r\n      },\r\n      {\r\n        \"name\": \"DenyAllInBound\",\r\n        \"id\": \"/subscriptions/0b1f6471-1bf0-4dda-aec3-cb9272f09590/resourceGroups/onesdk5796/providers/Microsoft.Network/networkSecurityGroups/onesdk5652/defaultSecurityRules/DenyAllInBound\",\r\n        \"etag\": \"W/\\\"580a95a6-b633-4f05-a434-de4604bed3ee\\\"\",\r\n        \"properties\": {\r\n          \"provisioningState\": \"Succeeded\",\r\n          \"description\": \"Deny all inbound traffic\",\r\n          \"protocol\": \"*\",\r\n          \"sourcePortRange\": \"*\",\r\n          \"destinationPortRange\": \"*\",\r\n          \"sourceAddressPrefix\": \"*\",\r\n          \"destinationAddressPrefix\": \"*\",\r\n          \"access\": \"Deny\",\r\n          \"priority\": 65500,\r\n          \"direction\": \"Inbound\"\r\n        }\r\n      },\r\n      {\r\n        \"name\": \"AllowVnetOutBound\",\r\n        \"id\": \"/subscriptions/0b1f6471-1bf0-4dda-aec3-cb9272f09590/resourceGroups/onesdk5796/providers/Microsoft.Network/networkSecurityGroups/onesdk5652/defaultSecurityRules/AllowVnetOutBound\",\r\n        \"etag\": \"W/\\\"580a95a6-b633-4f05-a434-de4604bed3ee\\\"\",\r\n        \"properties\": {\r\n          \"provisioningState\": \"Succeeded\",\r\n          \"description\": \"Allow outbound traffic from all VMs to all VMs in VNET\",\r\n          \"protocol\": \"*\",\r\n          \"sourcePortRange\": \"*\",\r\n          \"destinationPortRange\": \"*\",\r\n          \"sourceAddressPrefix\": \"VirtualNetwork\",\r\n          \"destinationAddressPrefix\": \"VirtualNetwork\",\r\n          \"access\": \"Allow\",\r\n          \"priority\": 65000,\r\n          \"direction\": \"Outbound\"\r\n        }\r\n      },\r\n      {\r\n        \"name\": \"AllowInternetOutBound\",\r\n        \"id\": \"/subscriptions/0b1f6471-1bf0-4dda-aec3-cb9272f09590/resourceGroups/onesdk5796/providers/Microsoft.Network/networkSecurityGroups/onesdk5652/defaultSecurityRules/AllowInternetOutBound\",\r\n        \"etag\": \"W/\\\"580a95a6-b633-4f05-a434-de4604bed3ee\\\"\",\r\n        \"properties\": {\r\n          \"provisioningState\": \"Succeeded\",\r\n          \"description\": \"Allow outbound traffic from all VMs to Internet\",\r\n          \"protocol\": \"*\",\r\n          \"sourcePortRange\": \"*\",\r\n          \"destinationPortRange\": \"*\",\r\n          \"sourceAddressPrefix\": \"*\",\r\n          \"destinationAddressPrefix\": \"Internet\",\r\n          \"access\": \"Allow\",\r\n          \"priority\": 65001,\r\n          \"direction\": \"Outbound\"\r\n        }\r\n      },\r\n      {\r\n        \"name\": \"DenyAllOutBound\",\r\n        \"id\": \"/subscriptions/0b1f6471-1bf0-4dda-aec3-cb9272f09590/resourceGroups/onesdk5796/providers/Microsoft.Network/networkSecurityGroups/onesdk5652/defaultSecurityRules/DenyAllOutBound\",\r\n        \"etag\": \"W/\\\"580a95a6-b633-4f05-a434-de4604bed3ee\\\"\",\r\n        \"properties\": {\r\n          \"provisioningState\": \"Succeeded\",\r\n          \"description\": \"Deny all outbound traffic\",\r\n          \"protocol\": \"*\",\r\n          \"sourcePortRange\": \"*\",\r\n          \"destinationPortRange\": \"*\",\r\n          \"sourceAddressPrefix\": \"*\",\r\n          \"destinationAddressPrefix\": \"*\",\r\n          \"access\": \"Deny\",\r\n          \"priority\": 65500,\r\n          \"direction\": \"Outbound\"\r\n        }\r\n      }\r\n    ]\r\n  }\r\n}",
      "ResponseHeaders": {
        "Content-Length": [
          "5079"
        ],
        "Content-Type": [
          "application/json; charset=utf-8"
        ],
        "Expires": [
          "-1"
        ],
        "Pragma": [
          "no-cache"
        ],
        "x-ms-request-id": [
          "7186e427-4f72-45f1-93e1-40f99b3df761"
        ],
        "Strict-Transport-Security": [
          "max-age=31536000; includeSubDomains"
        ],
        "Cache-Control": [
          "no-cache"
        ],
        "ETag": [
          "W/\"580a95a6-b633-4f05-a434-de4604bed3ee\""
        ],
        "Server": [
          "Microsoft-HTTPAPI/2.0",
          "Microsoft-HTTPAPI/2.0"
        ],
        "x-ms-ratelimit-remaining-subscription-reads": [
          "14986"
        ],
        "x-ms-correlation-request-id": [
          "7b6bafb4-5ccc-450f-812a-279b29e9c6df"
        ],
        "x-ms-routing-request-id": [
          "WESTUS2:20160723T003704Z:7b6bafb4-5ccc-450f-812a-279b29e9c6df"
        ],
        "Date": [
          "Sat, 23 Jul 2016 00:37:04 GMT"
        ]
      },
      "StatusCode": 200
    },
    {
      "RequestUri": "/subscriptions/0b1f6471-1bf0-4dda-aec3-cb9272f09590/resourceGroups/onesdk5796/providers/Microsoft.Network/networkSecurityGroups/onesdk5652?api-version=2016-06-01",
      "EncodedRequestUri": "L3N1YnNjcmlwdGlvbnMvMGIxZjY0NzEtMWJmMC00ZGRhLWFlYzMtY2I5MjcyZjA5NTkwL3Jlc291cmNlR3JvdXBzL29uZXNkazU3OTYvcHJvdmlkZXJzL01pY3Jvc29mdC5OZXR3b3JrL25ldHdvcmtTZWN1cml0eUdyb3Vwcy9vbmVzZGs1NjUyP2FwaS12ZXJzaW9uPTIwMTYtMDYtMDE=",
      "RequestMethod": "GET",
      "RequestBody": "",
      "RequestHeaders": {
        "x-ms-client-request-id": [
          "c3ffd839-cbfa-4587-bc9c-e60a3143de4b"
        ],
        "accept-language": [
          "en-US"
        ],
        "User-Agent": [
          "Microsoft.Azure.Management.Network.NetworkManagementClient/5.0.1-preview"
        ]
      },
      "ResponseBody": "{\r\n  \"name\": \"onesdk5652\",\r\n  \"id\": \"/subscriptions/0b1f6471-1bf0-4dda-aec3-cb9272f09590/resourceGroups/onesdk5796/providers/Microsoft.Network/networkSecurityGroups/onesdk5652\",\r\n  \"etag\": \"W/\\\"a481eb6e-7fc9-433b-989a-7a41de82c607\\\"\",\r\n  \"type\": \"Microsoft.Network/networkSecurityGroups\",\r\n  \"location\": \"westus\",\r\n  \"properties\": {\r\n    \"provisioningState\": \"Succeeded\",\r\n    \"resourceGuid\": \"47ee97fb-ab41-46cc-9365-24c975243f09\",\r\n    \"securityRules\": [],\r\n    \"defaultSecurityRules\": [\r\n      {\r\n        \"name\": \"AllowVnetInBound\",\r\n        \"id\": \"/subscriptions/0b1f6471-1bf0-4dda-aec3-cb9272f09590/resourceGroups/onesdk5796/providers/Microsoft.Network/networkSecurityGroups/onesdk5652/defaultSecurityRules/AllowVnetInBound\",\r\n        \"etag\": \"W/\\\"a481eb6e-7fc9-433b-989a-7a41de82c607\\\"\",\r\n        \"properties\": {\r\n          \"provisioningState\": \"Succeeded\",\r\n          \"description\": \"Allow inbound traffic from all VMs in VNET\",\r\n          \"protocol\": \"*\",\r\n          \"sourcePortRange\": \"*\",\r\n          \"destinationPortRange\": \"*\",\r\n          \"sourceAddressPrefix\": \"VirtualNetwork\",\r\n          \"destinationAddressPrefix\": \"VirtualNetwork\",\r\n          \"access\": \"Allow\",\r\n          \"priority\": 65000,\r\n          \"direction\": \"Inbound\"\r\n        }\r\n      },\r\n      {\r\n        \"name\": \"AllowAzureLoadBalancerInBound\",\r\n        \"id\": \"/subscriptions/0b1f6471-1bf0-4dda-aec3-cb9272f09590/resourceGroups/onesdk5796/providers/Microsoft.Network/networkSecurityGroups/onesdk5652/defaultSecurityRules/AllowAzureLoadBalancerInBound\",\r\n        \"etag\": \"W/\\\"a481eb6e-7fc9-433b-989a-7a41de82c607\\\"\",\r\n        \"properties\": {\r\n          \"provisioningState\": \"Succeeded\",\r\n          \"description\": \"Allow inbound traffic from azure load balancer\",\r\n          \"protocol\": \"*\",\r\n          \"sourcePortRange\": \"*\",\r\n          \"destinationPortRange\": \"*\",\r\n          \"sourceAddressPrefix\": \"AzureLoadBalancer\",\r\n          \"destinationAddressPrefix\": \"*\",\r\n          \"access\": \"Allow\",\r\n          \"priority\": 65001,\r\n          \"direction\": \"Inbound\"\r\n        }\r\n      },\r\n      {\r\n        \"name\": \"DenyAllInBound\",\r\n        \"id\": \"/subscriptions/0b1f6471-1bf0-4dda-aec3-cb9272f09590/resourceGroups/onesdk5796/providers/Microsoft.Network/networkSecurityGroups/onesdk5652/defaultSecurityRules/DenyAllInBound\",\r\n        \"etag\": \"W/\\\"a481eb6e-7fc9-433b-989a-7a41de82c607\\\"\",\r\n        \"properties\": {\r\n          \"provisioningState\": \"Succeeded\",\r\n          \"description\": \"Deny all inbound traffic\",\r\n          \"protocol\": \"*\",\r\n          \"sourcePortRange\": \"*\",\r\n          \"destinationPortRange\": \"*\",\r\n          \"sourceAddressPrefix\": \"*\",\r\n          \"destinationAddressPrefix\": \"*\",\r\n          \"access\": \"Deny\",\r\n          \"priority\": 65500,\r\n          \"direction\": \"Inbound\"\r\n        }\r\n      },\r\n      {\r\n        \"name\": \"AllowVnetOutBound\",\r\n        \"id\": \"/subscriptions/0b1f6471-1bf0-4dda-aec3-cb9272f09590/resourceGroups/onesdk5796/providers/Microsoft.Network/networkSecurityGroups/onesdk5652/defaultSecurityRules/AllowVnetOutBound\",\r\n        \"etag\": \"W/\\\"a481eb6e-7fc9-433b-989a-7a41de82c607\\\"\",\r\n        \"properties\": {\r\n          \"provisioningState\": \"Succeeded\",\r\n          \"description\": \"Allow outbound traffic from all VMs to all VMs in VNET\",\r\n          \"protocol\": \"*\",\r\n          \"sourcePortRange\": \"*\",\r\n          \"destinationPortRange\": \"*\",\r\n          \"sourceAddressPrefix\": \"VirtualNetwork\",\r\n          \"destinationAddressPrefix\": \"VirtualNetwork\",\r\n          \"access\": \"Allow\",\r\n          \"priority\": 65000,\r\n          \"direction\": \"Outbound\"\r\n        }\r\n      },\r\n      {\r\n        \"name\": \"AllowInternetOutBound\",\r\n        \"id\": \"/subscriptions/0b1f6471-1bf0-4dda-aec3-cb9272f09590/resourceGroups/onesdk5796/providers/Microsoft.Network/networkSecurityGroups/onesdk5652/defaultSecurityRules/AllowInternetOutBound\",\r\n        \"etag\": \"W/\\\"a481eb6e-7fc9-433b-989a-7a41de82c607\\\"\",\r\n        \"properties\": {\r\n          \"provisioningState\": \"Succeeded\",\r\n          \"description\": \"Allow outbound traffic from all VMs to Internet\",\r\n          \"protocol\": \"*\",\r\n          \"sourcePortRange\": \"*\",\r\n          \"destinationPortRange\": \"*\",\r\n          \"sourceAddressPrefix\": \"*\",\r\n          \"destinationAddressPrefix\": \"Internet\",\r\n          \"access\": \"Allow\",\r\n          \"priority\": 65001,\r\n          \"direction\": \"Outbound\"\r\n        }\r\n      },\r\n      {\r\n        \"name\": \"DenyAllOutBound\",\r\n        \"id\": \"/subscriptions/0b1f6471-1bf0-4dda-aec3-cb9272f09590/resourceGroups/onesdk5796/providers/Microsoft.Network/networkSecurityGroups/onesdk5652/defaultSecurityRules/DenyAllOutBound\",\r\n        \"etag\": \"W/\\\"a481eb6e-7fc9-433b-989a-7a41de82c607\\\"\",\r\n        \"properties\": {\r\n          \"provisioningState\": \"Succeeded\",\r\n          \"description\": \"Deny all outbound traffic\",\r\n          \"protocol\": \"*\",\r\n          \"sourcePortRange\": \"*\",\r\n          \"destinationPortRange\": \"*\",\r\n          \"sourceAddressPrefix\": \"*\",\r\n          \"destinationAddressPrefix\": \"*\",\r\n          \"access\": \"Deny\",\r\n          \"priority\": 65500,\r\n          \"direction\": \"Outbound\"\r\n        }\r\n      }\r\n    ],\r\n    \"subnets\": [\r\n      {\r\n        \"id\": \"/subscriptions/0b1f6471-1bf0-4dda-aec3-cb9272f09590/resourceGroups/onesdk5796/providers/Microsoft.Network/virtualNetworks/onesdk6241/subnets/onesdk6111\"\r\n      }\r\n    ]\r\n  }\r\n}",
      "ResponseHeaders": {
        "Content-Length": [
          "5292"
        ],
        "Content-Type": [
          "application/json; charset=utf-8"
        ],
        "Expires": [
          "-1"
        ],
        "Pragma": [
          "no-cache"
        ],
        "x-ms-request-id": [
          "ef80f976-7d20-412a-aa0c-e35f655ce4fe"
        ],
        "Strict-Transport-Security": [
          "max-age=31536000; includeSubDomains"
        ],
        "Cache-Control": [
          "no-cache"
        ],
        "ETag": [
          "W/\"a481eb6e-7fc9-433b-989a-7a41de82c607\""
        ],
        "Server": [
          "Microsoft-HTTPAPI/2.0",
          "Microsoft-HTTPAPI/2.0"
        ],
        "x-ms-ratelimit-remaining-subscription-reads": [
          "14980"
        ],
        "x-ms-correlation-request-id": [
          "df5462d6-103c-45a9-9f1f-cfa5ea47eb83"
        ],
        "x-ms-routing-request-id": [
          "WESTUS2:20160723T003735Z:df5462d6-103c-45a9-9f1f-cfa5ea47eb83"
        ],
        "Date": [
          "Sat, 23 Jul 2016 00:37:35 GMT"
        ]
      },
      "StatusCode": 200
    },
    {
      "RequestUri": "/subscriptions/0b1f6471-1bf0-4dda-aec3-cb9272f09590/resourceGroups/onesdk5796/providers/Microsoft.Network/networkSecurityGroups/onesdk5652?api-version=2016-06-01",
      "EncodedRequestUri": "L3N1YnNjcmlwdGlvbnMvMGIxZjY0NzEtMWJmMC00ZGRhLWFlYzMtY2I5MjcyZjA5NTkwL3Jlc291cmNlR3JvdXBzL29uZXNkazU3OTYvcHJvdmlkZXJzL01pY3Jvc29mdC5OZXR3b3JrL25ldHdvcmtTZWN1cml0eUdyb3Vwcy9vbmVzZGs1NjUyP2FwaS12ZXJzaW9uPTIwMTYtMDYtMDE=",
      "RequestMethod": "GET",
      "RequestBody": "",
      "RequestHeaders": {
        "x-ms-client-request-id": [
          "2e1b9900-cf2e-43e0-92b6-5284114c0bb1"
        ],
        "accept-language": [
          "en-US"
        ],
        "User-Agent": [
          "Microsoft.Azure.Management.Network.NetworkManagementClient/5.0.1-preview"
        ]
      },
      "ResponseBody": "{\r\n  \"name\": \"onesdk5652\",\r\n  \"id\": \"/subscriptions/0b1f6471-1bf0-4dda-aec3-cb9272f09590/resourceGroups/onesdk5796/providers/Microsoft.Network/networkSecurityGroups/onesdk5652\",\r\n  \"etag\": \"W/\\\"cb8ba88a-e836-4cf8-a2ba-cf122c1c06ad\\\"\",\r\n  \"type\": \"Microsoft.Network/networkSecurityGroups\",\r\n  \"location\": \"westus\",\r\n  \"properties\": {\r\n    \"provisioningState\": \"Succeeded\",\r\n    \"resourceGuid\": \"47ee97fb-ab41-46cc-9365-24c975243f09\",\r\n    \"securityRules\": [],\r\n    \"defaultSecurityRules\": [\r\n      {\r\n        \"name\": \"AllowVnetInBound\",\r\n        \"id\": \"/subscriptions/0b1f6471-1bf0-4dda-aec3-cb9272f09590/resourceGroups/onesdk5796/providers/Microsoft.Network/networkSecurityGroups/onesdk5652/defaultSecurityRules/AllowVnetInBound\",\r\n        \"etag\": \"W/\\\"cb8ba88a-e836-4cf8-a2ba-cf122c1c06ad\\\"\",\r\n        \"properties\": {\r\n          \"provisioningState\": \"Succeeded\",\r\n          \"description\": \"Allow inbound traffic from all VMs in VNET\",\r\n          \"protocol\": \"*\",\r\n          \"sourcePortRange\": \"*\",\r\n          \"destinationPortRange\": \"*\",\r\n          \"sourceAddressPrefix\": \"VirtualNetwork\",\r\n          \"destinationAddressPrefix\": \"VirtualNetwork\",\r\n          \"access\": \"Allow\",\r\n          \"priority\": 65000,\r\n          \"direction\": \"Inbound\"\r\n        }\r\n      },\r\n      {\r\n        \"name\": \"AllowAzureLoadBalancerInBound\",\r\n        \"id\": \"/subscriptions/0b1f6471-1bf0-4dda-aec3-cb9272f09590/resourceGroups/onesdk5796/providers/Microsoft.Network/networkSecurityGroups/onesdk5652/defaultSecurityRules/AllowAzureLoadBalancerInBound\",\r\n        \"etag\": \"W/\\\"cb8ba88a-e836-4cf8-a2ba-cf122c1c06ad\\\"\",\r\n        \"properties\": {\r\n          \"provisioningState\": \"Succeeded\",\r\n          \"description\": \"Allow inbound traffic from azure load balancer\",\r\n          \"protocol\": \"*\",\r\n          \"sourcePortRange\": \"*\",\r\n          \"destinationPortRange\": \"*\",\r\n          \"sourceAddressPrefix\": \"AzureLoadBalancer\",\r\n          \"destinationAddressPrefix\": \"*\",\r\n          \"access\": \"Allow\",\r\n          \"priority\": 65001,\r\n          \"direction\": \"Inbound\"\r\n        }\r\n      },\r\n      {\r\n        \"name\": \"DenyAllInBound\",\r\n        \"id\": \"/subscriptions/0b1f6471-1bf0-4dda-aec3-cb9272f09590/resourceGroups/onesdk5796/providers/Microsoft.Network/networkSecurityGroups/onesdk5652/defaultSecurityRules/DenyAllInBound\",\r\n        \"etag\": \"W/\\\"cb8ba88a-e836-4cf8-a2ba-cf122c1c06ad\\\"\",\r\n        \"properties\": {\r\n          \"provisioningState\": \"Succeeded\",\r\n          \"description\": \"Deny all inbound traffic\",\r\n          \"protocol\": \"*\",\r\n          \"sourcePortRange\": \"*\",\r\n          \"destinationPortRange\": \"*\",\r\n          \"sourceAddressPrefix\": \"*\",\r\n          \"destinationAddressPrefix\": \"*\",\r\n          \"access\": \"Deny\",\r\n          \"priority\": 65500,\r\n          \"direction\": \"Inbound\"\r\n        }\r\n      },\r\n      {\r\n        \"name\": \"AllowVnetOutBound\",\r\n        \"id\": \"/subscriptions/0b1f6471-1bf0-4dda-aec3-cb9272f09590/resourceGroups/onesdk5796/providers/Microsoft.Network/networkSecurityGroups/onesdk5652/defaultSecurityRules/AllowVnetOutBound\",\r\n        \"etag\": \"W/\\\"cb8ba88a-e836-4cf8-a2ba-cf122c1c06ad\\\"\",\r\n        \"properties\": {\r\n          \"provisioningState\": \"Succeeded\",\r\n          \"description\": \"Allow outbound traffic from all VMs to all VMs in VNET\",\r\n          \"protocol\": \"*\",\r\n          \"sourcePortRange\": \"*\",\r\n          \"destinationPortRange\": \"*\",\r\n          \"sourceAddressPrefix\": \"VirtualNetwork\",\r\n          \"destinationAddressPrefix\": \"VirtualNetwork\",\r\n          \"access\": \"Allow\",\r\n          \"priority\": 65000,\r\n          \"direction\": \"Outbound\"\r\n        }\r\n      },\r\n      {\r\n        \"name\": \"AllowInternetOutBound\",\r\n        \"id\": \"/subscriptions/0b1f6471-1bf0-4dda-aec3-cb9272f09590/resourceGroups/onesdk5796/providers/Microsoft.Network/networkSecurityGroups/onesdk5652/defaultSecurityRules/AllowInternetOutBound\",\r\n        \"etag\": \"W/\\\"cb8ba88a-e836-4cf8-a2ba-cf122c1c06ad\\\"\",\r\n        \"properties\": {\r\n          \"provisioningState\": \"Succeeded\",\r\n          \"description\": \"Allow outbound traffic from all VMs to Internet\",\r\n          \"protocol\": \"*\",\r\n          \"sourcePortRange\": \"*\",\r\n          \"destinationPortRange\": \"*\",\r\n          \"sourceAddressPrefix\": \"*\",\r\n          \"destinationAddressPrefix\": \"Internet\",\r\n          \"access\": \"Allow\",\r\n          \"priority\": 65001,\r\n          \"direction\": \"Outbound\"\r\n        }\r\n      },\r\n      {\r\n        \"name\": \"DenyAllOutBound\",\r\n        \"id\": \"/subscriptions/0b1f6471-1bf0-4dda-aec3-cb9272f09590/resourceGroups/onesdk5796/providers/Microsoft.Network/networkSecurityGroups/onesdk5652/defaultSecurityRules/DenyAllOutBound\",\r\n        \"etag\": \"W/\\\"cb8ba88a-e836-4cf8-a2ba-cf122c1c06ad\\\"\",\r\n        \"properties\": {\r\n          \"provisioningState\": \"Succeeded\",\r\n          \"description\": \"Deny all outbound traffic\",\r\n          \"protocol\": \"*\",\r\n          \"sourcePortRange\": \"*\",\r\n          \"destinationPortRange\": \"*\",\r\n          \"sourceAddressPrefix\": \"*\",\r\n          \"destinationAddressPrefix\": \"*\",\r\n          \"access\": \"Deny\",\r\n          \"priority\": 65500,\r\n          \"direction\": \"Outbound\"\r\n        }\r\n      }\r\n    ],\r\n    \"networkInterfaces\": [\r\n      {\r\n        \"id\": \"/subscriptions/0b1f6471-1bf0-4dda-aec3-cb9272f09590/resourceGroups/onesdk5796/providers/Microsoft.Network/networkInterfaces/onesdk249\"\r\n      }\r\n    ],\r\n    \"subnets\": [\r\n      {\r\n        \"id\": \"/subscriptions/0b1f6471-1bf0-4dda-aec3-cb9272f09590/resourceGroups/onesdk5796/providers/Microsoft.Network/virtualNetworks/onesdk6241/subnets/onesdk6111\"\r\n      }\r\n    ]\r\n  }\r\n}",
      "ResponseHeaders": {
        "Content-Length": [
          "5497"
        ],
        "Content-Type": [
          "application/json; charset=utf-8"
        ],
        "Expires": [
          "-1"
        ],
        "Pragma": [
          "no-cache"
        ],
        "x-ms-request-id": [
          "479b6574-bc2a-4ae1-943d-813697953897"
        ],
        "Strict-Transport-Security": [
          "max-age=31536000; includeSubDomains"
        ],
        "Cache-Control": [
          "no-cache"
        ],
        "ETag": [
          "W/\"cb8ba88a-e836-4cf8-a2ba-cf122c1c06ad\""
        ],
        "Server": [
          "Microsoft-HTTPAPI/2.0",
          "Microsoft-HTTPAPI/2.0"
        ],
        "x-ms-ratelimit-remaining-subscription-reads": [
          "14976"
        ],
        "x-ms-correlation-request-id": [
          "b1666ca7-f669-49d0-935b-b7b1296e27ff"
        ],
        "x-ms-routing-request-id": [
          "WESTUS2:20160723T003737Z:b1666ca7-f669-49d0-935b-b7b1296e27ff"
        ],
        "Date": [
          "Sat, 23 Jul 2016 00:37:36 GMT"
        ]
      },
      "StatusCode": 200
    },
    {
      "RequestUri": "/subscriptions/0b1f6471-1bf0-4dda-aec3-cb9272f09590/resourceGroups/onesdk5796/providers/Microsoft.Network/networkSecurityGroups/onesdk5652?api-version=2016-06-01",
      "EncodedRequestUri": "L3N1YnNjcmlwdGlvbnMvMGIxZjY0NzEtMWJmMC00ZGRhLWFlYzMtY2I5MjcyZjA5NTkwL3Jlc291cmNlR3JvdXBzL29uZXNkazU3OTYvcHJvdmlkZXJzL01pY3Jvc29mdC5OZXR3b3JrL25ldHdvcmtTZWN1cml0eUdyb3Vwcy9vbmVzZGs1NjUyP2FwaS12ZXJzaW9uPTIwMTYtMDYtMDE=",
      "RequestMethod": "PUT",
      "RequestBody": "{\r\n  \"properties\": {\r\n    \"securityRules\": [],\r\n    \"defaultSecurityRules\": [],\r\n    \"networkInterfaces\": [],\r\n    \"subnets\": []\r\n  },\r\n  \"location\": \"West US\"\r\n}",
      "RequestHeaders": {
        "Content-Type": [
          "application/json; charset=utf-8"
        ],
        "Content-Length": [
          "162"
        ],
        "x-ms-client-request-id": [
          "e1d4826b-64fc-4b1d-8a04-e6b64ce1abfe"
        ],
        "accept-language": [
          "en-US"
        ],
        "User-Agent": [
          "Microsoft.Azure.Management.Network.NetworkManagementClient/5.0.1-preview"
        ]
      },
      "ResponseBody": "{\r\n  \"name\": \"onesdk5652\",\r\n  \"id\": \"/subscriptions/0b1f6471-1bf0-4dda-aec3-cb9272f09590/resourceGroups/onesdk5796/providers/Microsoft.Network/networkSecurityGroups/onesdk5652\",\r\n  \"etag\": \"W/\\\"1f14ad27-02c0-47bc-b7fe-51865e684a52\\\"\",\r\n  \"type\": \"Microsoft.Network/networkSecurityGroups\",\r\n  \"location\": \"westus\",\r\n  \"properties\": {\r\n    \"provisioningState\": \"Updating\",\r\n    \"resourceGuid\": \"47ee97fb-ab41-46cc-9365-24c975243f09\",\r\n    \"securityRules\": [],\r\n    \"defaultSecurityRules\": [\r\n      {\r\n        \"name\": \"AllowVnetInBound\",\r\n        \"id\": \"/subscriptions/0b1f6471-1bf0-4dda-aec3-cb9272f09590/resourceGroups/onesdk5796/providers/Microsoft.Network/networkSecurityGroups/onesdk5652/defaultSecurityRules/AllowVnetInBound\",\r\n        \"etag\": \"W/\\\"1f14ad27-02c0-47bc-b7fe-51865e684a52\\\"\",\r\n        \"properties\": {\r\n          \"provisioningState\": \"Updating\",\r\n          \"description\": \"Allow inbound traffic from all VMs in VNET\",\r\n          \"protocol\": \"*\",\r\n          \"sourcePortRange\": \"*\",\r\n          \"destinationPortRange\": \"*\",\r\n          \"sourceAddressPrefix\": \"VirtualNetwork\",\r\n          \"destinationAddressPrefix\": \"VirtualNetwork\",\r\n          \"access\": \"Allow\",\r\n          \"priority\": 65000,\r\n          \"direction\": \"Inbound\"\r\n        }\r\n      },\r\n      {\r\n        \"name\": \"AllowAzureLoadBalancerInBound\",\r\n        \"id\": \"/subscriptions/0b1f6471-1bf0-4dda-aec3-cb9272f09590/resourceGroups/onesdk5796/providers/Microsoft.Network/networkSecurityGroups/onesdk5652/defaultSecurityRules/AllowAzureLoadBalancerInBound\",\r\n        \"etag\": \"W/\\\"1f14ad27-02c0-47bc-b7fe-51865e684a52\\\"\",\r\n        \"properties\": {\r\n          \"provisioningState\": \"Updating\",\r\n          \"description\": \"Allow inbound traffic from azure load balancer\",\r\n          \"protocol\": \"*\",\r\n          \"sourcePortRange\": \"*\",\r\n          \"destinationPortRange\": \"*\",\r\n          \"sourceAddressPrefix\": \"AzureLoadBalancer\",\r\n          \"destinationAddressPrefix\": \"*\",\r\n          \"access\": \"Allow\",\r\n          \"priority\": 65001,\r\n          \"direction\": \"Inbound\"\r\n        }\r\n      },\r\n      {\r\n        \"name\": \"DenyAllInBound\",\r\n        \"id\": \"/subscriptions/0b1f6471-1bf0-4dda-aec3-cb9272f09590/resourceGroups/onesdk5796/providers/Microsoft.Network/networkSecurityGroups/onesdk5652/defaultSecurityRules/DenyAllInBound\",\r\n        \"etag\": \"W/\\\"1f14ad27-02c0-47bc-b7fe-51865e684a52\\\"\",\r\n        \"properties\": {\r\n          \"provisioningState\": \"Updating\",\r\n          \"description\": \"Deny all inbound traffic\",\r\n          \"protocol\": \"*\",\r\n          \"sourcePortRange\": \"*\",\r\n          \"destinationPortRange\": \"*\",\r\n          \"sourceAddressPrefix\": \"*\",\r\n          \"destinationAddressPrefix\": \"*\",\r\n          \"access\": \"Deny\",\r\n          \"priority\": 65500,\r\n          \"direction\": \"Inbound\"\r\n        }\r\n      },\r\n      {\r\n        \"name\": \"AllowVnetOutBound\",\r\n        \"id\": \"/subscriptions/0b1f6471-1bf0-4dda-aec3-cb9272f09590/resourceGroups/onesdk5796/providers/Microsoft.Network/networkSecurityGroups/onesdk5652/defaultSecurityRules/AllowVnetOutBound\",\r\n        \"etag\": \"W/\\\"1f14ad27-02c0-47bc-b7fe-51865e684a52\\\"\",\r\n        \"properties\": {\r\n          \"provisioningState\": \"Updating\",\r\n          \"description\": \"Allow outbound traffic from all VMs to all VMs in VNET\",\r\n          \"protocol\": \"*\",\r\n          \"sourcePortRange\": \"*\",\r\n          \"destinationPortRange\": \"*\",\r\n          \"sourceAddressPrefix\": \"VirtualNetwork\",\r\n          \"destinationAddressPrefix\": \"VirtualNetwork\",\r\n          \"access\": \"Allow\",\r\n          \"priority\": 65000,\r\n          \"direction\": \"Outbound\"\r\n        }\r\n      },\r\n      {\r\n        \"name\": \"AllowInternetOutBound\",\r\n        \"id\": \"/subscriptions/0b1f6471-1bf0-4dda-aec3-cb9272f09590/resourceGroups/onesdk5796/providers/Microsoft.Network/networkSecurityGroups/onesdk5652/defaultSecurityRules/AllowInternetOutBound\",\r\n        \"etag\": \"W/\\\"1f14ad27-02c0-47bc-b7fe-51865e684a52\\\"\",\r\n        \"properties\": {\r\n          \"provisioningState\": \"Updating\",\r\n          \"description\": \"Allow outbound traffic from all VMs to Internet\",\r\n          \"protocol\": \"*\",\r\n          \"sourcePortRange\": \"*\",\r\n          \"destinationPortRange\": \"*\",\r\n          \"sourceAddressPrefix\": \"*\",\r\n          \"destinationAddressPrefix\": \"Internet\",\r\n          \"access\": \"Allow\",\r\n          \"priority\": 65001,\r\n          \"direction\": \"Outbound\"\r\n        }\r\n      },\r\n      {\r\n        \"name\": \"DenyAllOutBound\",\r\n        \"id\": \"/subscriptions/0b1f6471-1bf0-4dda-aec3-cb9272f09590/resourceGroups/onesdk5796/providers/Microsoft.Network/networkSecurityGroups/onesdk5652/defaultSecurityRules/DenyAllOutBound\",\r\n        \"etag\": \"W/\\\"1f14ad27-02c0-47bc-b7fe-51865e684a52\\\"\",\r\n        \"properties\": {\r\n          \"provisioningState\": \"Updating\",\r\n          \"description\": \"Deny all outbound traffic\",\r\n          \"protocol\": \"*\",\r\n          \"sourcePortRange\": \"*\",\r\n          \"destinationPortRange\": \"*\",\r\n          \"sourceAddressPrefix\": \"*\",\r\n          \"destinationAddressPrefix\": \"*\",\r\n          \"access\": \"Deny\",\r\n          \"priority\": 65500,\r\n          \"direction\": \"Outbound\"\r\n        }\r\n      }\r\n    ]\r\n  }\r\n}",
      "ResponseHeaders": {
        "Content-Length": [
          "5072"
        ],
        "Content-Type": [
          "application/json; charset=utf-8"
        ],
        "Expires": [
          "-1"
        ],
        "Pragma": [
          "no-cache"
        ],
        "Retry-After": [
          "10"
        ],
        "x-ms-request-id": [
          "2192fdd9-a7b6-46ca-b05b-7c1f347776a3"
        ],
        "Azure-AsyncOperation": [
          "https://management.azure.com/subscriptions/0b1f6471-1bf0-4dda-aec3-cb9272f09590/providers/Microsoft.Network/locations/westus/operations/2192fdd9-a7b6-46ca-b05b-7c1f347776a3?api-version=2016-06-01"
        ],
        "Strict-Transport-Security": [
          "max-age=31536000; includeSubDomains"
        ],
        "Cache-Control": [
          "no-cache"
        ],
        "Server": [
          "Microsoft-HTTPAPI/2.0",
          "Microsoft-HTTPAPI/2.0"
        ],
        "x-ms-ratelimit-remaining-subscription-writes": [
          "1195"
        ],
        "x-ms-correlation-request-id": [
          "38540010-0f72-405f-8504-71b161fa504d"
        ],
        "x-ms-routing-request-id": [
          "WESTUS2:20160723T003634Z:38540010-0f72-405f-8504-71b161fa504d"
        ],
        "Date": [
          "Sat, 23 Jul 2016 00:36:33 GMT"
        ]
      },
      "StatusCode": 201
    },
    {
      "RequestUri": "/subscriptions/0b1f6471-1bf0-4dda-aec3-cb9272f09590/providers/Microsoft.Network/locations/westus/operations/2192fdd9-a7b6-46ca-b05b-7c1f347776a3?api-version=2016-06-01",
      "EncodedRequestUri": "L3N1YnNjcmlwdGlvbnMvMGIxZjY0NzEtMWJmMC00ZGRhLWFlYzMtY2I5MjcyZjA5NTkwL3Byb3ZpZGVycy9NaWNyb3NvZnQuTmV0d29yay9sb2NhdGlvbnMvd2VzdHVzL29wZXJhdGlvbnMvMjE5MmZkZDktYTdiNi00NmNhLWIwNWItN2MxZjM0Nzc3NmEzP2FwaS12ZXJzaW9uPTIwMTYtMDYtMDE=",
      "RequestMethod": "GET",
      "RequestBody": "",
      "RequestHeaders": {
        "User-Agent": [
          "Microsoft.Azure.Management.Network.NetworkManagementClient/5.0.1-preview"
        ]
      },
      "ResponseBody": "{\r\n  \"status\": \"Succeeded\"\r\n}",
      "ResponseHeaders": {
        "Content-Length": [
          "29"
        ],
        "Content-Type": [
          "application/json; charset=utf-8"
        ],
        "Expires": [
          "-1"
        ],
        "Pragma": [
          "no-cache"
        ],
        "x-ms-request-id": [
          "26169086-ce78-451c-9ea0-b90c5bdd2b59"
        ],
        "Strict-Transport-Security": [
          "max-age=31536000; includeSubDomains"
        ],
        "Cache-Control": [
          "no-cache"
        ],
        "Server": [
          "Microsoft-HTTPAPI/2.0",
          "Microsoft-HTTPAPI/2.0"
        ],
        "x-ms-ratelimit-remaining-subscription-reads": [
          "14989"
        ],
        "x-ms-correlation-request-id": [
          "abec75ad-f0d3-42d3-8bb8-5feacea395fd"
        ],
        "x-ms-routing-request-id": [
          "WESTUS2:20160723T003704Z:abec75ad-f0d3-42d3-8bb8-5feacea395fd"
        ],
        "Date": [
          "Sat, 23 Jul 2016 00:37:04 GMT"
        ]
      },
      "StatusCode": 200
    },
    {
      "RequestUri": "/subscriptions/0b1f6471-1bf0-4dda-aec3-cb9272f09590/resourceGroups/onesdk5796/providers/Microsoft.Network/networkSecurityGroups?api-version=2016-06-01",
      "EncodedRequestUri": "L3N1YnNjcmlwdGlvbnMvMGIxZjY0NzEtMWJmMC00ZGRhLWFlYzMtY2I5MjcyZjA5NTkwL3Jlc291cmNlR3JvdXBzL29uZXNkazU3OTYvcHJvdmlkZXJzL01pY3Jvc29mdC5OZXR3b3JrL25ldHdvcmtTZWN1cml0eUdyb3Vwcz9hcGktdmVyc2lvbj0yMDE2LTA2LTAx",
      "RequestMethod": "GET",
      "RequestBody": "",
      "RequestHeaders": {
        "x-ms-client-request-id": [
          "c35a4157-2035-4066-abde-05eba429d713"
        ],
        "accept-language": [
          "en-US"
        ],
        "User-Agent": [
          "Microsoft.Azure.Management.Network.NetworkManagementClient/5.0.1-preview"
        ]
      },
      "ResponseBody": "{\r\n  \"value\": [\r\n    {\r\n      \"name\": \"onesdk5652\",\r\n      \"id\": \"/subscriptions/0b1f6471-1bf0-4dda-aec3-cb9272f09590/resourceGroups/onesdk5796/providers/Microsoft.Network/networkSecurityGroups/onesdk5652\",\r\n      \"etag\": \"W/\\\"580a95a6-b633-4f05-a434-de4604bed3ee\\\"\",\r\n      \"type\": \"Microsoft.Network/networkSecurityGroups\",\r\n      \"location\": \"westus\",\r\n      \"properties\": {\r\n        \"provisioningState\": \"Succeeded\",\r\n        \"resourceGuid\": \"47ee97fb-ab41-46cc-9365-24c975243f09\",\r\n        \"securityRules\": [],\r\n        \"defaultSecurityRules\": [\r\n          {\r\n            \"name\": \"AllowVnetInBound\",\r\n            \"id\": \"/subscriptions/0b1f6471-1bf0-4dda-aec3-cb9272f09590/resourceGroups/onesdk5796/providers/Microsoft.Network/networkSecurityGroups/onesdk5652/defaultSecurityRules/AllowVnetInBound\",\r\n            \"etag\": \"W/\\\"580a95a6-b633-4f05-a434-de4604bed3ee\\\"\",\r\n            \"properties\": {\r\n              \"provisioningState\": \"Succeeded\",\r\n              \"description\": \"Allow inbound traffic from all VMs in VNET\",\r\n              \"protocol\": \"*\",\r\n              \"sourcePortRange\": \"*\",\r\n              \"destinationPortRange\": \"*\",\r\n              \"sourceAddressPrefix\": \"VirtualNetwork\",\r\n              \"destinationAddressPrefix\": \"VirtualNetwork\",\r\n              \"access\": \"Allow\",\r\n              \"priority\": 65000,\r\n              \"direction\": \"Inbound\"\r\n            }\r\n          },\r\n          {\r\n            \"name\": \"AllowAzureLoadBalancerInBound\",\r\n            \"id\": \"/subscriptions/0b1f6471-1bf0-4dda-aec3-cb9272f09590/resourceGroups/onesdk5796/providers/Microsoft.Network/networkSecurityGroups/onesdk5652/defaultSecurityRules/AllowAzureLoadBalancerInBound\",\r\n            \"etag\": \"W/\\\"580a95a6-b633-4f05-a434-de4604bed3ee\\\"\",\r\n            \"properties\": {\r\n              \"provisioningState\": \"Succeeded\",\r\n              \"description\": \"Allow inbound traffic from azure load balancer\",\r\n              \"protocol\": \"*\",\r\n              \"sourcePortRange\": \"*\",\r\n              \"destinationPortRange\": \"*\",\r\n              \"sourceAddressPrefix\": \"AzureLoadBalancer\",\r\n              \"destinationAddressPrefix\": \"*\",\r\n              \"access\": \"Allow\",\r\n              \"priority\": 65001,\r\n              \"direction\": \"Inbound\"\r\n            }\r\n          },\r\n          {\r\n            \"name\": \"DenyAllInBound\",\r\n            \"id\": \"/subscriptions/0b1f6471-1bf0-4dda-aec3-cb9272f09590/resourceGroups/onesdk5796/providers/Microsoft.Network/networkSecurityGroups/onesdk5652/defaultSecurityRules/DenyAllInBound\",\r\n            \"etag\": \"W/\\\"580a95a6-b633-4f05-a434-de4604bed3ee\\\"\",\r\n            \"properties\": {\r\n              \"provisioningState\": \"Succeeded\",\r\n              \"description\": \"Deny all inbound traffic\",\r\n              \"protocol\": \"*\",\r\n              \"sourcePortRange\": \"*\",\r\n              \"destinationPortRange\": \"*\",\r\n              \"sourceAddressPrefix\": \"*\",\r\n              \"destinationAddressPrefix\": \"*\",\r\n              \"access\": \"Deny\",\r\n              \"priority\": 65500,\r\n              \"direction\": \"Inbound\"\r\n            }\r\n          },\r\n          {\r\n            \"name\": \"AllowVnetOutBound\",\r\n            \"id\": \"/subscriptions/0b1f6471-1bf0-4dda-aec3-cb9272f09590/resourceGroups/onesdk5796/providers/Microsoft.Network/networkSecurityGroups/onesdk5652/defaultSecurityRules/AllowVnetOutBound\",\r\n            \"etag\": \"W/\\\"580a95a6-b633-4f05-a434-de4604bed3ee\\\"\",\r\n            \"properties\": {\r\n              \"provisioningState\": \"Succeeded\",\r\n              \"description\": \"Allow outbound traffic from all VMs to all VMs in VNET\",\r\n              \"protocol\": \"*\",\r\n              \"sourcePortRange\": \"*\",\r\n              \"destinationPortRange\": \"*\",\r\n              \"sourceAddressPrefix\": \"VirtualNetwork\",\r\n              \"destinationAddressPrefix\": \"VirtualNetwork\",\r\n              \"access\": \"Allow\",\r\n              \"priority\": 65000,\r\n              \"direction\": \"Outbound\"\r\n            }\r\n          },\r\n          {\r\n            \"name\": \"AllowInternetOutBound\",\r\n            \"id\": \"/subscriptions/0b1f6471-1bf0-4dda-aec3-cb9272f09590/resourceGroups/onesdk5796/providers/Microsoft.Network/networkSecurityGroups/onesdk5652/defaultSecurityRules/AllowInternetOutBound\",\r\n            \"etag\": \"W/\\\"580a95a6-b633-4f05-a434-de4604bed3ee\\\"\",\r\n            \"properties\": {\r\n              \"provisioningState\": \"Succeeded\",\r\n              \"description\": \"Allow outbound traffic from all VMs to Internet\",\r\n              \"protocol\": \"*\",\r\n              \"sourcePortRange\": \"*\",\r\n              \"destinationPortRange\": \"*\",\r\n              \"sourceAddressPrefix\": \"*\",\r\n              \"destinationAddressPrefix\": \"Internet\",\r\n              \"access\": \"Allow\",\r\n              \"priority\": 65001,\r\n              \"direction\": \"Outbound\"\r\n            }\r\n          },\r\n          {\r\n            \"name\": \"DenyAllOutBound\",\r\n            \"id\": \"/subscriptions/0b1f6471-1bf0-4dda-aec3-cb9272f09590/resourceGroups/onesdk5796/providers/Microsoft.Network/networkSecurityGroups/onesdk5652/defaultSecurityRules/DenyAllOutBound\",\r\n            \"etag\": \"W/\\\"580a95a6-b633-4f05-a434-de4604bed3ee\\\"\",\r\n            \"properties\": {\r\n              \"provisioningState\": \"Succeeded\",\r\n              \"description\": \"Deny all outbound traffic\",\r\n              \"protocol\": \"*\",\r\n              \"sourcePortRange\": \"*\",\r\n              \"destinationPortRange\": \"*\",\r\n              \"sourceAddressPrefix\": \"*\",\r\n              \"destinationAddressPrefix\": \"*\",\r\n              \"access\": \"Deny\",\r\n              \"priority\": 65500,\r\n              \"direction\": \"Outbound\"\r\n            }\r\n          }\r\n        ]\r\n      }\r\n    }\r\n  ]\r\n}",
      "ResponseHeaders": {
        "Content-Length": [
          "5568"
        ],
        "Content-Type": [
          "application/json; charset=utf-8"
        ],
        "Expires": [
          "-1"
        ],
        "Pragma": [
          "no-cache"
        ],
        "x-ms-request-id": [
          "5256f07a-07b6-4a47-84b9-1c00f92ab059"
        ],
        "Strict-Transport-Security": [
          "max-age=31536000; includeSubDomains"
        ],
        "Cache-Control": [
          "no-cache"
        ],
        "Server": [
          "Microsoft-HTTPAPI/2.0",
          "Microsoft-HTTPAPI/2.0"
        ],
        "x-ms-ratelimit-remaining-subscription-reads": [
          "14985"
        ],
        "x-ms-correlation-request-id": [
          "7e0b1013-0411-4c96-8b6e-ca375b7fee1a"
        ],
        "x-ms-routing-request-id": [
          "WESTUS2:20160723T003704Z:7e0b1013-0411-4c96-8b6e-ca375b7fee1a"
        ],
        "Date": [
          "Sat, 23 Jul 2016 00:37:04 GMT"
        ]
      },
      "StatusCode": 200
    },
    {
      "RequestUri": "/subscriptions/0b1f6471-1bf0-4dda-aec3-cb9272f09590/resourceGroups/onesdk5796/providers/Microsoft.Network/networkSecurityGroups?api-version=2016-06-01",
      "EncodedRequestUri": "L3N1YnNjcmlwdGlvbnMvMGIxZjY0NzEtMWJmMC00ZGRhLWFlYzMtY2I5MjcyZjA5NTkwL3Jlc291cmNlR3JvdXBzL29uZXNkazU3OTYvcHJvdmlkZXJzL01pY3Jvc29mdC5OZXR3b3JrL25ldHdvcmtTZWN1cml0eUdyb3Vwcz9hcGktdmVyc2lvbj0yMDE2LTA2LTAx",
      "RequestMethod": "GET",
      "RequestBody": "",
      "RequestHeaders": {
        "x-ms-client-request-id": [
          "77273799-c991-4f11-8abf-4b40ae03bfd2"
        ],
        "accept-language": [
          "en-US"
        ],
        "User-Agent": [
          "Microsoft.Azure.Management.Network.NetworkManagementClient/5.0.1-preview"
        ]
      },
      "ResponseBody": "{\r\n  \"value\": []\r\n}",
      "ResponseHeaders": {
        "Content-Length": [
          "12"
        ],
        "Content-Type": [
          "application/json; charset=utf-8"
        ],
        "Expires": [
          "-1"
        ],
        "Pragma": [
          "no-cache"
        ],
        "x-ms-ratelimit-remaining-subscription-reads": [
          "14963"
        ],
        "x-ms-request-id": [
          "f8f85a4c-7eb5-4f82-b9c1-2d5ab2f57d97"
        ],
        "x-ms-correlation-request-id": [
          "f8f85a4c-7eb5-4f82-b9c1-2d5ab2f57d97"
        ],
        "x-ms-routing-request-id": [
          "CENTRALUS:20160723T003910Z:f8f85a4c-7eb5-4f82-b9c1-2d5ab2f57d97"
        ],
        "Strict-Transport-Security": [
          "max-age=31536000; includeSubDomains"
        ],
        "Cache-Control": [
          "no-cache"
        ],
        "Date": [
          "Sat, 23 Jul 2016 00:39:09 GMT"
        ]
      },
      "StatusCode": 200
    },
    {
      "RequestUri": "/subscriptions/0b1f6471-1bf0-4dda-aec3-cb9272f09590/providers/Microsoft.Network/locations/westus/operations/bd16762f-dc3b-41dc-ae52-d1ff8046f1a6?api-version=2016-06-01",
      "EncodedRequestUri": "L3N1YnNjcmlwdGlvbnMvMGIxZjY0NzEtMWJmMC00ZGRhLWFlYzMtY2I5MjcyZjA5NTkwL3Byb3ZpZGVycy9NaWNyb3NvZnQuTmV0d29yay9sb2NhdGlvbnMvd2VzdHVzL29wZXJhdGlvbnMvYmQxNjc2MmYtZGMzYi00MWRjLWFlNTItZDFmZjgwNDZmMWE2P2FwaS12ZXJzaW9uPTIwMTYtMDYtMDE=",
      "RequestMethod": "GET",
      "RequestBody": "",
      "RequestHeaders": {
        "User-Agent": [
          "Microsoft.Azure.Management.Network.NetworkManagementClient/5.0.1-preview"
        ]
      },
      "ResponseBody": "{\r\n  \"status\": \"Succeeded\"\r\n}",
      "ResponseHeaders": {
        "Content-Length": [
          "29"
        ],
        "Content-Type": [
          "application/json; charset=utf-8"
        ],
        "Expires": [
          "-1"
        ],
        "Pragma": [
          "no-cache"
        ],
        "x-ms-request-id": [
          "8af3cb5e-5bc0-4404-bd7d-99c0a861986e"
        ],
        "Strict-Transport-Security": [
          "max-age=31536000; includeSubDomains"
        ],
        "Cache-Control": [
          "no-cache"
        ],
        "Server": [
          "Microsoft-HTTPAPI/2.0",
          "Microsoft-HTTPAPI/2.0"
        ],
        "x-ms-ratelimit-remaining-subscription-reads": [
          "14983"
        ],
        "x-ms-correlation-request-id": [
          "7aa91a85-e94b-4374-9f18-1018344e0c9a"
        ],
        "x-ms-routing-request-id": [
          "WESTUS2:20160723T003735Z:7aa91a85-e94b-4374-9f18-1018344e0c9a"
        ],
        "Date": [
          "Sat, 23 Jul 2016 00:37:34 GMT"
        ]
      },
      "StatusCode": 200
    },
    {
      "RequestUri": "/subscriptions/0b1f6471-1bf0-4dda-aec3-cb9272f09590/resourceGroups/onesdk5796/providers/Microsoft.Network/networkInterfaces/onesdk249?api-version=2016-06-01",
      "EncodedRequestUri": "L3N1YnNjcmlwdGlvbnMvMGIxZjY0NzEtMWJmMC00ZGRhLWFlYzMtY2I5MjcyZjA5NTkwL3Jlc291cmNlR3JvdXBzL29uZXNkazU3OTYvcHJvdmlkZXJzL01pY3Jvc29mdC5OZXR3b3JrL25ldHdvcmtJbnRlcmZhY2VzL29uZXNkazI0OT9hcGktdmVyc2lvbj0yMDE2LTA2LTAx",
      "RequestMethod": "GET",
      "RequestBody": "",
      "RequestHeaders": {
        "x-ms-client-request-id": [
          "1ea1b320-81b0-41be-b665-4c6dc0d6d3b7"
        ],
        "accept-language": [
          "en-US"
        ],
        "User-Agent": [
          "Microsoft.Azure.Management.Network.NetworkManagementClient/5.0.1-preview"
        ]
      },
      "ResponseBody": "{\r\n  \"error\": {\r\n    \"code\": \"ResourceNotFound\",\r\n    \"message\": \"The Resource 'Microsoft.Network/networkInterfaces/onesdk249' under resource group 'onesdk5796' was not found.\"\r\n  }\r\n}",
      "ResponseHeaders": {
        "Content-Length": [
          "159"
        ],
        "Content-Type": [
          "application/json; charset=utf-8"
        ],
        "Expires": [
          "-1"
        ],
        "Pragma": [
          "no-cache"
        ],
        "x-ms-failure-cause": [
          "gateway"
        ],
        "x-ms-request-id": [
          "82e021e6-215e-4724-81cb-65fa7ad3c916"
        ],
        "x-ms-correlation-request-id": [
          "82e021e6-215e-4724-81cb-65fa7ad3c916"
        ],
        "x-ms-routing-request-id": [
          "WESTUS2:20160723T003735Z:82e021e6-215e-4724-81cb-65fa7ad3c916"
        ],
        "Strict-Transport-Security": [
          "max-age=31536000; includeSubDomains"
        ],
        "Cache-Control": [
          "no-cache"
        ],
        "Date": [
          "Sat, 23 Jul 2016 00:37:35 GMT"
        ]
      },
      "StatusCode": 404
    },
    {
      "RequestUri": "/subscriptions/0b1f6471-1bf0-4dda-aec3-cb9272f09590/resourceGroups/onesdk5796/providers/Microsoft.Network/networkInterfaces/onesdk249?api-version=2016-06-01",
      "EncodedRequestUri": "L3N1YnNjcmlwdGlvbnMvMGIxZjY0NzEtMWJmMC00ZGRhLWFlYzMtY2I5MjcyZjA5NTkwL3Jlc291cmNlR3JvdXBzL29uZXNkazU3OTYvcHJvdmlkZXJzL01pY3Jvc29mdC5OZXR3b3JrL25ldHdvcmtJbnRlcmZhY2VzL29uZXNkazI0OT9hcGktdmVyc2lvbj0yMDE2LTA2LTAx",
      "RequestMethod": "GET",
      "RequestBody": "",
      "RequestHeaders": {
        "User-Agent": [
          "Microsoft.Azure.Management.Network.NetworkManagementClient/5.0.1-preview"
        ]
      },
      "ResponseBody": "{\r\n  \"name\": \"onesdk249\",\r\n  \"id\": \"/subscriptions/0b1f6471-1bf0-4dda-aec3-cb9272f09590/resourceGroups/onesdk5796/providers/Microsoft.Network/networkInterfaces/onesdk249\",\r\n  \"etag\": \"W/\\\"6a26649d-eaa7-4308-8bc2-e32d6c8d8343\\\"\",\r\n  \"location\": \"westus\",\r\n  \"properties\": {\r\n    \"provisioningState\": \"Succeeded\",\r\n    \"resourceGuid\": \"e60465e7-03bc-4950-b5e1-2ee9546343a8\",\r\n    \"ipConfigurations\": [\r\n      {\r\n        \"name\": \"ipconfig1\",\r\n        \"id\": \"/subscriptions/0b1f6471-1bf0-4dda-aec3-cb9272f09590/resourceGroups/onesdk5796/providers/Microsoft.Network/networkInterfaces/onesdk249/ipConfigurations/ipconfig1\",\r\n        \"etag\": \"W/\\\"6a26649d-eaa7-4308-8bc2-e32d6c8d8343\\\"\",\r\n        \"properties\": {\r\n          \"provisioningState\": \"Succeeded\",\r\n          \"privateIPAddress\": \"10.0.1.4\",\r\n          \"privateIPAllocationMethod\": \"Dynamic\",\r\n          \"subnet\": {\r\n            \"id\": \"/subscriptions/0b1f6471-1bf0-4dda-aec3-cb9272f09590/resourceGroups/onesdk5796/providers/Microsoft.Network/virtualNetworks/onesdk6241/subnets/onesdk6111\"\r\n          },\r\n          \"primary\": true,\r\n          \"privateIPAddressVersion\": \"IPv4\"\r\n        }\r\n      }\r\n    ],\r\n    \"dnsSettings\": {\r\n      \"dnsServers\": [],\r\n      \"appliedDnsServers\": [],\r\n      \"internalDomainNameSuffix\": \"urvgmcymwpuejgvlupfncydjwh.dx.internal.cloudapp.net\"\r\n    },\r\n    \"enableIPForwarding\": false,\r\n    \"networkSecurityGroup\": {\r\n      \"id\": \"/subscriptions/0b1f6471-1bf0-4dda-aec3-cb9272f09590/resourceGroups/onesdk5796/providers/Microsoft.Network/networkSecurityGroups/onesdk5652\"\r\n    }\r\n  },\r\n  \"type\": \"Microsoft.Network/networkInterfaces\"\r\n}",
      "ResponseHeaders": {
        "Content-Length": [
          "1615"
        ],
        "Content-Type": [
          "application/json; charset=utf-8"
        ],
        "Expires": [
          "-1"
        ],
        "Pragma": [
          "no-cache"
        ],
        "x-ms-request-id": [
          "73b0509a-d2a2-4a3e-af1a-086f977347c7"
        ],
        "Strict-Transport-Security": [
          "max-age=31536000; includeSubDomains"
        ],
        "Cache-Control": [
          "no-cache"
        ],
        "ETag": [
          "W/\"6a26649d-eaa7-4308-8bc2-e32d6c8d8343\""
        ],
        "Server": [
          "Microsoft-HTTPAPI/2.0",
          "Microsoft-HTTPAPI/2.0"
        ],
        "x-ms-ratelimit-remaining-subscription-reads": [
          "14978"
        ],
        "x-ms-correlation-request-id": [
          "a1052f0f-5859-4d32-bd08-6cff0633165c"
        ],
        "x-ms-routing-request-id": [
          "WESTUS2:20160723T003737Z:a1052f0f-5859-4d32-bd08-6cff0633165c"
        ],
        "Date": [
          "Sat, 23 Jul 2016 00:37:36 GMT"
        ]
      },
      "StatusCode": 200
    },
    {
      "RequestUri": "/subscriptions/0b1f6471-1bf0-4dda-aec3-cb9272f09590/resourceGroups/onesdk5796/providers/Microsoft.Network/networkInterfaces/onesdk249?api-version=2016-06-01",
      "EncodedRequestUri": "L3N1YnNjcmlwdGlvbnMvMGIxZjY0NzEtMWJmMC00ZGRhLWFlYzMtY2I5MjcyZjA5NTkwL3Jlc291cmNlR3JvdXBzL29uZXNkazU3OTYvcHJvdmlkZXJzL01pY3Jvc29mdC5OZXR3b3JrL25ldHdvcmtJbnRlcmZhY2VzL29uZXNkazI0OT9hcGktdmVyc2lvbj0yMDE2LTA2LTAx",
      "RequestMethod": "GET",
      "RequestBody": "",
      "RequestHeaders": {
        "x-ms-client-request-id": [
          "a625f328-a914-48b3-b5ed-382570fdf459"
        ],
        "accept-language": [
          "en-US"
        ],
        "User-Agent": [
          "Microsoft.Azure.Management.Network.NetworkManagementClient/5.0.1-preview"
        ]
      },
      "ResponseBody": "{\r\n  \"name\": \"onesdk249\",\r\n  \"id\": \"/subscriptions/0b1f6471-1bf0-4dda-aec3-cb9272f09590/resourceGroups/onesdk5796/providers/Microsoft.Network/networkInterfaces/onesdk249\",\r\n  \"etag\": \"W/\\\"6a26649d-eaa7-4308-8bc2-e32d6c8d8343\\\"\",\r\n  \"location\": \"westus\",\r\n  \"properties\": {\r\n    \"provisioningState\": \"Succeeded\",\r\n    \"resourceGuid\": \"e60465e7-03bc-4950-b5e1-2ee9546343a8\",\r\n    \"ipConfigurations\": [\r\n      {\r\n        \"name\": \"ipconfig1\",\r\n        \"id\": \"/subscriptions/0b1f6471-1bf0-4dda-aec3-cb9272f09590/resourceGroups/onesdk5796/providers/Microsoft.Network/networkInterfaces/onesdk249/ipConfigurations/ipconfig1\",\r\n        \"etag\": \"W/\\\"6a26649d-eaa7-4308-8bc2-e32d6c8d8343\\\"\",\r\n        \"properties\": {\r\n          \"provisioningState\": \"Succeeded\",\r\n          \"privateIPAddress\": \"10.0.1.4\",\r\n          \"privateIPAllocationMethod\": \"Dynamic\",\r\n          \"subnet\": {\r\n            \"id\": \"/subscriptions/0b1f6471-1bf0-4dda-aec3-cb9272f09590/resourceGroups/onesdk5796/providers/Microsoft.Network/virtualNetworks/onesdk6241/subnets/onesdk6111\"\r\n          },\r\n          \"primary\": true,\r\n          \"privateIPAddressVersion\": \"IPv4\"\r\n        }\r\n      }\r\n    ],\r\n    \"dnsSettings\": {\r\n      \"dnsServers\": [],\r\n      \"appliedDnsServers\": [],\r\n      \"internalDomainNameSuffix\": \"urvgmcymwpuejgvlupfncydjwh.dx.internal.cloudapp.net\"\r\n    },\r\n    \"enableIPForwarding\": false,\r\n    \"networkSecurityGroup\": {\r\n      \"id\": \"/subscriptions/0b1f6471-1bf0-4dda-aec3-cb9272f09590/resourceGroups/onesdk5796/providers/Microsoft.Network/networkSecurityGroups/onesdk5652\"\r\n    }\r\n  },\r\n  \"type\": \"Microsoft.Network/networkInterfaces\"\r\n}",
      "ResponseHeaders": {
        "Content-Length": [
          "1615"
        ],
        "Content-Type": [
          "application/json; charset=utf-8"
        ],
        "Expires": [
          "-1"
        ],
        "Pragma": [
          "no-cache"
        ],
        "x-ms-request-id": [
          "3a98b83f-b7a4-4a48-b722-6cf1eeac4832"
        ],
        "Strict-Transport-Security": [
          "max-age=31536000; includeSubDomains"
        ],
        "Cache-Control": [
          "no-cache"
        ],
        "ETag": [
          "W/\"6a26649d-eaa7-4308-8bc2-e32d6c8d8343\""
        ],
        "Server": [
          "Microsoft-HTTPAPI/2.0",
          "Microsoft-HTTPAPI/2.0"
        ],
        "x-ms-ratelimit-remaining-subscription-reads": [
          "14977"
        ],
        "x-ms-correlation-request-id": [
          "18671188-f458-4ed9-8f7f-9e349c93a95e"
        ],
        "x-ms-routing-request-id": [
          "WESTUS2:20160723T003737Z:18671188-f458-4ed9-8f7f-9e349c93a95e"
        ],
        "Date": [
          "Sat, 23 Jul 2016 00:37:36 GMT"
        ]
      },
      "StatusCode": 200
    },
    {
      "RequestUri": "/subscriptions/0b1f6471-1bf0-4dda-aec3-cb9272f09590/resourceGroups/onesdk5796/providers/Microsoft.Network/networkInterfaces/onesdk249?api-version=2016-06-01",
      "EncodedRequestUri": "L3N1YnNjcmlwdGlvbnMvMGIxZjY0NzEtMWJmMC00ZGRhLWFlYzMtY2I5MjcyZjA5NTkwL3Jlc291cmNlR3JvdXBzL29uZXNkazU3OTYvcHJvdmlkZXJzL01pY3Jvc29mdC5OZXR3b3JrL25ldHdvcmtJbnRlcmZhY2VzL29uZXNkazI0OT9hcGktdmVyc2lvbj0yMDE2LTA2LTAx",
      "RequestMethod": "PUT",
      "RequestBody": "{\r\n  \"properties\": {\r\n    \"networkSecurityGroup\": {\r\n      \"properties\": {\r\n        \"securityRules\": [],\r\n        \"defaultSecurityRules\": [],\r\n        \"networkInterfaces\": [],\r\n        \"subnets\": []\r\n      },\r\n      \"id\": \"/subscriptions/0b1f6471-1bf0-4dda-aec3-cb9272f09590/resourceGroups/onesdk5796/providers/Microsoft.Network/networkSecurityGroups/onesdk5652\"\r\n    },\r\n    \"ipConfigurations\": [\r\n      {\r\n        \"properties\": {\r\n          \"applicationGatewayBackendAddressPools\": [],\r\n          \"loadBalancerBackendAddressPools\": [],\r\n          \"loadBalancerInboundNatRules\": [],\r\n          \"privateIPAllocationMethod\": \"Dynamic\",\r\n          \"subnet\": {\r\n            \"properties\": {\r\n              \"ipConfigurations\": []\r\n            },\r\n            \"id\": \"/subscriptions/0b1f6471-1bf0-4dda-aec3-cb9272f09590/resourceGroups/onesdk5796/providers/Microsoft.Network/virtualNetworks/onesdk6241/subnets/onesdk6111\"\r\n          },\r\n          \"primary\": true\r\n        },\r\n        \"name\": \"ipconfig1\"\r\n      }\r\n    ],\r\n    \"enableIPForwarding\": false\r\n  },\r\n  \"location\": \"West US\"\r\n}",
      "RequestHeaders": {
        "Content-Type": [
          "application/json; charset=utf-8"
        ],
        "Content-Length": [
          "1079"
        ],
        "x-ms-client-request-id": [
          "bedfe038-7238-4b60-8311-6b42d7f34035"
        ],
        "accept-language": [
          "en-US"
        ],
        "User-Agent": [
          "Microsoft.Azure.Management.Network.NetworkManagementClient/5.0.1-preview"
        ]
      },
      "ResponseBody": "{\r\n  \"name\": \"onesdk249\",\r\n  \"id\": \"/subscriptions/0b1f6471-1bf0-4dda-aec3-cb9272f09590/resourceGroups/onesdk5796/providers/Microsoft.Network/networkInterfaces/onesdk249\",\r\n  \"etag\": \"W/\\\"6a26649d-eaa7-4308-8bc2-e32d6c8d8343\\\"\",\r\n  \"location\": \"westus\",\r\n  \"properties\": {\r\n    \"provisioningState\": \"Succeeded\",\r\n    \"resourceGuid\": \"e60465e7-03bc-4950-b5e1-2ee9546343a8\",\r\n    \"ipConfigurations\": [\r\n      {\r\n        \"name\": \"ipconfig1\",\r\n        \"id\": \"/subscriptions/0b1f6471-1bf0-4dda-aec3-cb9272f09590/resourceGroups/onesdk5796/providers/Microsoft.Network/networkInterfaces/onesdk249/ipConfigurations/ipconfig1\",\r\n        \"etag\": \"W/\\\"6a26649d-eaa7-4308-8bc2-e32d6c8d8343\\\"\",\r\n        \"properties\": {\r\n          \"provisioningState\": \"Succeeded\",\r\n          \"privateIPAddress\": \"10.0.1.4\",\r\n          \"privateIPAllocationMethod\": \"Dynamic\",\r\n          \"subnet\": {\r\n            \"id\": \"/subscriptions/0b1f6471-1bf0-4dda-aec3-cb9272f09590/resourceGroups/onesdk5796/providers/Microsoft.Network/virtualNetworks/onesdk6241/subnets/onesdk6111\"\r\n          },\r\n          \"primary\": true,\r\n          \"privateIPAddressVersion\": \"IPv4\"\r\n        }\r\n      }\r\n    ],\r\n    \"dnsSettings\": {\r\n      \"dnsServers\": [],\r\n      \"appliedDnsServers\": [],\r\n      \"internalDomainNameSuffix\": \"urvgmcymwpuejgvlupfncydjwh.dx.internal.cloudapp.net\"\r\n    },\r\n    \"enableIPForwarding\": false,\r\n    \"networkSecurityGroup\": {\r\n      \"id\": \"/subscriptions/0b1f6471-1bf0-4dda-aec3-cb9272f09590/resourceGroups/onesdk5796/providers/Microsoft.Network/networkSecurityGroups/onesdk5652\"\r\n    }\r\n  },\r\n  \"type\": \"Microsoft.Network/networkInterfaces\"\r\n}",
      "ResponseHeaders": {
        "Content-Length": [
          "1615"
        ],
        "Content-Type": [
          "application/json; charset=utf-8"
        ],
        "Expires": [
          "-1"
        ],
        "Pragma": [
          "no-cache"
        ],
        "x-ms-request-id": [
          "a319bdc1-d990-4629-9f5e-a6be2facd1f1"
        ],
        "Azure-AsyncOperation": [
          "https://management.azure.com/subscriptions/0b1f6471-1bf0-4dda-aec3-cb9272f09590/providers/Microsoft.Network/locations/westus/operations/a319bdc1-d990-4629-9f5e-a6be2facd1f1?api-version=2016-06-01"
        ],
        "Strict-Transport-Security": [
          "max-age=31536000; includeSubDomains"
        ],
        "Cache-Control": [
          "no-cache"
        ],
        "Server": [
          "Microsoft-HTTPAPI/2.0",
          "Microsoft-HTTPAPI/2.0"
        ],
        "x-ms-ratelimit-remaining-subscription-writes": [
          "1193"
        ],
        "x-ms-correlation-request-id": [
          "8e4492fd-a1dc-4654-93d4-eaf2a4c81d6f"
        ],
        "x-ms-routing-request-id": [
          "WESTUS2:20160723T003736Z:8e4492fd-a1dc-4654-93d4-eaf2a4c81d6f"
        ],
        "Date": [
          "Sat, 23 Jul 2016 00:37:36 GMT"
        ]
      },
      "StatusCode": 201
    },
    {
      "RequestUri": "/subscriptions/0b1f6471-1bf0-4dda-aec3-cb9272f09590/resourceGroups/onesdk5796/providers/Microsoft.Network/networkInterfaces/onesdk249?api-version=2016-06-01",
      "EncodedRequestUri": "L3N1YnNjcmlwdGlvbnMvMGIxZjY0NzEtMWJmMC00ZGRhLWFlYzMtY2I5MjcyZjA5NTkwL3Jlc291cmNlR3JvdXBzL29uZXNkazU3OTYvcHJvdmlkZXJzL01pY3Jvc29mdC5OZXR3b3JrL25ldHdvcmtJbnRlcmZhY2VzL29uZXNkazI0OT9hcGktdmVyc2lvbj0yMDE2LTA2LTAx",
      "RequestMethod": "DELETE",
      "RequestBody": "",
      "RequestHeaders": {
        "x-ms-client-request-id": [
          "b9054ca9-9e20-4629-86eb-89a6f04f0cd7"
        ],
        "accept-language": [
          "en-US"
        ],
        "User-Agent": [
          "Microsoft.Azure.Management.Network.NetworkManagementClient/5.0.1-preview"
        ]
      },
      "ResponseBody": "",
      "ResponseHeaders": {
        "Content-Length": [
          "0"
        ],
        "Expires": [
          "-1"
        ],
        "Pragma": [
          "no-cache"
        ],
        "Retry-After": [
          "10"
        ],
        "x-ms-request-id": [
          "decad28e-4f9c-428b-bfa1-4c0860a25e7a"
        ],
        "Azure-AsyncOperation": [
          "https://management.azure.com/subscriptions/0b1f6471-1bf0-4dda-aec3-cb9272f09590/providers/Microsoft.Network/locations/westus/operations/decad28e-4f9c-428b-bfa1-4c0860a25e7a?api-version=2016-06-01"
        ],
        "Strict-Transport-Security": [
          "max-age=31536000; includeSubDomains"
        ],
        "Cache-Control": [
          "no-cache"
        ],
        "Location": [
          "https://management.azure.com/subscriptions/0b1f6471-1bf0-4dda-aec3-cb9272f09590/providers/Microsoft.Network/locations/westus/operationResults/decad28e-4f9c-428b-bfa1-4c0860a25e7a?api-version=2016-06-01"
        ],
        "Server": [
          "Microsoft-HTTPAPI/2.0",
          "Microsoft-HTTPAPI/2.0"
        ],
        "x-ms-ratelimit-remaining-subscription-writes": [
          "1192"
        ],
        "x-ms-correlation-request-id": [
          "ca3e0611-b581-478c-8a55-23f77fdb3f84"
        ],
        "x-ms-routing-request-id": [
          "WESTUS2:20160723T003737Z:ca3e0611-b581-478c-8a55-23f77fdb3f84"
        ],
        "Date": [
          "Sat, 23 Jul 2016 00:37:37 GMT"
        ]
      },
      "StatusCode": 202
    },
    {
      "RequestUri": "/subscriptions/0b1f6471-1bf0-4dda-aec3-cb9272f09590/providers/Microsoft.Network/locations/westus/operations/decad28e-4f9c-428b-bfa1-4c0860a25e7a?api-version=2016-06-01",
      "EncodedRequestUri": "L3N1YnNjcmlwdGlvbnMvMGIxZjY0NzEtMWJmMC00ZGRhLWFlYzMtY2I5MjcyZjA5NTkwL3Byb3ZpZGVycy9NaWNyb3NvZnQuTmV0d29yay9sb2NhdGlvbnMvd2VzdHVzL29wZXJhdGlvbnMvZGVjYWQyOGUtNGY5Yy00MjhiLWJmYTEtNGMwODYwYTI1ZTdhP2FwaS12ZXJzaW9uPTIwMTYtMDYtMDE=",
      "RequestMethod": "GET",
      "RequestBody": "",
      "RequestHeaders": {
        "User-Agent": [
          "Microsoft.Azure.Management.Network.NetworkManagementClient/5.0.1-preview"
        ]
      },
      "ResponseBody": "{\r\n  \"status\": \"Succeeded\"\r\n}",
      "ResponseHeaders": {
        "Content-Length": [
          "29"
        ],
        "Content-Type": [
          "application/json; charset=utf-8"
        ],
        "Expires": [
          "-1"
        ],
        "Pragma": [
          "no-cache"
        ],
        "x-ms-request-id": [
          "c8bafc68-8934-46b8-b421-3e189769599b"
        ],
        "Strict-Transport-Security": [
          "max-age=31536000; includeSubDomains"
        ],
        "Cache-Control": [
          "no-cache"
        ],
        "Server": [
          "Microsoft-HTTPAPI/2.0",
          "Microsoft-HTTPAPI/2.0"
        ],
        "x-ms-ratelimit-remaining-subscription-reads": [
          "14975"
        ],
        "x-ms-correlation-request-id": [
          "5877ccb8-e49f-400d-98c3-13290725e5da"
        ],
        "x-ms-routing-request-id": [
          "WESTUS2:20160723T003807Z:5877ccb8-e49f-400d-98c3-13290725e5da"
        ],
        "Date": [
          "Sat, 23 Jul 2016 00:38:07 GMT"
        ]
      },
      "StatusCode": 200
    },
    {
      "RequestUri": "/subscriptions/0b1f6471-1bf0-4dda-aec3-cb9272f09590/resourceGroups/onesdk5796/providers/Microsoft.Network/virtualNetworks/onesdk6241?api-version=2016-06-01",
      "EncodedRequestUri": "L3N1YnNjcmlwdGlvbnMvMGIxZjY0NzEtMWJmMC00ZGRhLWFlYzMtY2I5MjcyZjA5NTkwL3Jlc291cmNlR3JvdXBzL29uZXNkazU3OTYvcHJvdmlkZXJzL01pY3Jvc29mdC5OZXR3b3JrL3ZpcnR1YWxOZXR3b3Jrcy9vbmVzZGs2MjQxP2FwaS12ZXJzaW9uPTIwMTYtMDYtMDE=",
      "RequestMethod": "DELETE",
      "RequestBody": "",
      "RequestHeaders": {
        "x-ms-client-request-id": [
          "664ea27b-911f-4025-b478-7cafbb0af847"
        ],
        "accept-language": [
          "en-US"
        ],
        "User-Agent": [
          "Microsoft.Azure.Management.Network.NetworkManagementClient/5.0.1-preview"
        ]
      },
      "ResponseBody": "",
      "ResponseHeaders": {
        "Content-Length": [
          "0"
        ],
        "Expires": [
          "-1"
        ],
        "Pragma": [
          "no-cache"
        ],
        "Retry-After": [
          "10"
        ],
        "x-ms-request-id": [
          "a02359dc-37fc-4b12-9181-3015e95922e4"
        ],
        "Azure-AsyncOperation": [
          "https://management.azure.com/subscriptions/0b1f6471-1bf0-4dda-aec3-cb9272f09590/providers/Microsoft.Network/locations/westus/operations/a02359dc-37fc-4b12-9181-3015e95922e4?api-version=2016-06-01"
        ],
        "Strict-Transport-Security": [
          "max-age=31536000; includeSubDomains"
        ],
        "Cache-Control": [
          "no-cache"
        ],
        "Location": [
          "https://management.azure.com/subscriptions/0b1f6471-1bf0-4dda-aec3-cb9272f09590/providers/Microsoft.Network/locations/westus/operationResults/a02359dc-37fc-4b12-9181-3015e95922e4?api-version=2016-06-01"
        ],
        "Server": [
          "Microsoft-HTTPAPI/2.0",
          "Microsoft-HTTPAPI/2.0"
        ],
        "x-ms-ratelimit-remaining-subscription-writes": [
          "1191"
        ],
        "x-ms-correlation-request-id": [
          "0e27ec77-8138-4b53-addd-55c2423d3f4b"
        ],
        "x-ms-routing-request-id": [
          "WESTUS2:20160723T003808Z:0e27ec77-8138-4b53-addd-55c2423d3f4b"
        ],
        "Date": [
          "Sat, 23 Jul 2016 00:38:07 GMT"
        ],
        "Connection": [
          "close"
        ]
      },
      "StatusCode": 202
    },
    {
      "RequestUri": "/subscriptions/0b1f6471-1bf0-4dda-aec3-cb9272f09590/providers/Microsoft.Network/locations/westus/operations/a02359dc-37fc-4b12-9181-3015e95922e4?api-version=2016-06-01",
      "EncodedRequestUri": "L3N1YnNjcmlwdGlvbnMvMGIxZjY0NzEtMWJmMC00ZGRhLWFlYzMtY2I5MjcyZjA5NTkwL3Byb3ZpZGVycy9NaWNyb3NvZnQuTmV0d29yay9sb2NhdGlvbnMvd2VzdHVzL29wZXJhdGlvbnMvYTAyMzU5ZGMtMzdmYy00YjEyLTkxODEtMzAxNWU5NTkyMmU0P2FwaS12ZXJzaW9uPTIwMTYtMDYtMDE=",
      "RequestMethod": "GET",
      "RequestBody": "",
      "RequestHeaders": {
        "User-Agent": [
          "Microsoft.Azure.Management.Network.NetworkManagementClient/5.0.1-preview"
        ]
      },
      "ResponseBody": "{\r\n  \"status\": \"Succeeded\"\r\n}",
      "ResponseHeaders": {
        "Content-Length": [
          "29"
        ],
        "Content-Type": [
          "application/json; charset=utf-8"
        ],
        "Expires": [
          "-1"
        ],
        "Pragma": [
          "no-cache"
        ],
        "x-ms-request-id": [
          "f967123a-0515-48f7-bad4-2fe823289246"
        ],
        "Strict-Transport-Security": [
          "max-age=31536000; includeSubDomains"
        ],
        "Cache-Control": [
          "no-cache"
        ],
        "Server": [
          "Microsoft-HTTPAPI/2.0",
          "Microsoft-HTTPAPI/2.0"
        ],
        "x-ms-ratelimit-remaining-subscription-reads": [
          "14965"
        ],
        "x-ms-correlation-request-id": [
          "128914c2-2214-4520-8b42-87232b9c863d"
        ],
        "x-ms-routing-request-id": [
          "CENTRALUS:20160723T003839Z:128914c2-2214-4520-8b42-87232b9c863d"
        ],
        "Date": [
          "Sat, 23 Jul 2016 00:38:38 GMT"
        ]
      },
      "StatusCode": 200
    },
    {
      "RequestUri": "/subscriptions/0b1f6471-1bf0-4dda-aec3-cb9272f09590/resourceGroups/onesdk5796/providers/Microsoft.Network/networkSecurityGroups/onesdk5652?api-version=2016-06-01",
      "EncodedRequestUri": "L3N1YnNjcmlwdGlvbnMvMGIxZjY0NzEtMWJmMC00ZGRhLWFlYzMtY2I5MjcyZjA5NTkwL3Jlc291cmNlR3JvdXBzL29uZXNkazU3OTYvcHJvdmlkZXJzL01pY3Jvc29mdC5OZXR3b3JrL25ldHdvcmtTZWN1cml0eUdyb3Vwcy9vbmVzZGs1NjUyP2FwaS12ZXJzaW9uPTIwMTYtMDYtMDE=",
      "RequestMethod": "DELETE",
      "RequestBody": "",
      "RequestHeaders": {
        "x-ms-client-request-id": [
          "c61a93ca-9e76-488f-952e-6990494886fd"
        ],
        "accept-language": [
          "en-US"
        ],
        "User-Agent": [
          "Microsoft.Azure.Management.Network.NetworkManagementClient/5.0.1-preview"
        ]
      },
      "ResponseBody": "",
      "ResponseHeaders": {
        "Content-Length": [
          "0"
        ],
        "Expires": [
          "-1"
        ],
        "Pragma": [
          "no-cache"
        ],
        "Retry-After": [
          "10"
        ],
        "x-ms-request-id": [
          "69c77cb6-7c33-473b-b705-db85ee337f9e"
        ],
        "Azure-AsyncOperation": [
          "https://management.azure.com/subscriptions/0b1f6471-1bf0-4dda-aec3-cb9272f09590/providers/Microsoft.Network/locations/westus/operations/69c77cb6-7c33-473b-b705-db85ee337f9e?api-version=2016-06-01"
        ],
        "Strict-Transport-Security": [
          "max-age=31536000; includeSubDomains"
        ],
        "Cache-Control": [
          "no-cache"
        ],
        "Location": [
          "https://management.azure.com/subscriptions/0b1f6471-1bf0-4dda-aec3-cb9272f09590/providers/Microsoft.Network/locations/westus/operationResults/69c77cb6-7c33-473b-b705-db85ee337f9e?api-version=2016-06-01"
        ],
        "Server": [
          "Microsoft-HTTPAPI/2.0",
          "Microsoft-HTTPAPI/2.0"
        ],
        "x-ms-ratelimit-remaining-subscription-writes": [
          "1189"
        ],
        "x-ms-correlation-request-id": [
          "5b58e41c-9e52-41d1-9f4d-b5bb085d25d8"
        ],
        "x-ms-routing-request-id": [
          "CENTRALUS:20160723T003839Z:5b58e41c-9e52-41d1-9f4d-b5bb085d25d8"
        ],
        "Date": [
          "Sat, 23 Jul 2016 00:38:39 GMT"
        ]
      },
      "StatusCode": 202
    },
    {
      "RequestUri": "/subscriptions/0b1f6471-1bf0-4dda-aec3-cb9272f09590/providers/Microsoft.Network/locations/westus/operations/69c77cb6-7c33-473b-b705-db85ee337f9e?api-version=2016-06-01",
      "EncodedRequestUri": "L3N1YnNjcmlwdGlvbnMvMGIxZjY0NzEtMWJmMC00ZGRhLWFlYzMtY2I5MjcyZjA5NTkwL3Byb3ZpZGVycy9NaWNyb3NvZnQuTmV0d29yay9sb2NhdGlvbnMvd2VzdHVzL29wZXJhdGlvbnMvNjljNzdjYjYtN2MzMy00NzNiLWI3MDUtZGI4NWVlMzM3ZjllP2FwaS12ZXJzaW9uPTIwMTYtMDYtMDE=",
      "RequestMethod": "GET",
      "RequestBody": "",
      "RequestHeaders": {
        "User-Agent": [
          "Microsoft.Azure.Management.Network.NetworkManagementClient/5.0.1-preview"
        ]
      },
      "ResponseBody": "{\r\n  \"status\": \"Succeeded\"\r\n}",
      "ResponseHeaders": {
        "Content-Length": [
          "29"
        ],
        "Content-Type": [
          "application/json; charset=utf-8"
        ],
        "Expires": [
          "-1"
        ],
        "Pragma": [
          "no-cache"
        ],
        "x-ms-request-id": [
          "70bc1f43-d4a8-44d0-afac-8ca03edac84a"
        ],
        "Strict-Transport-Security": [
          "max-age=31536000; includeSubDomains"
        ],
        "Cache-Control": [
          "no-cache"
        ],
        "Server": [
          "Microsoft-HTTPAPI/2.0",
          "Microsoft-HTTPAPI/2.0"
        ],
        "x-ms-ratelimit-remaining-subscription-reads": [
          "14964"
        ],
        "x-ms-correlation-request-id": [
          "3468b9e4-3c98-4086-86dd-d6ebfbe8264d"
        ],
        "x-ms-routing-request-id": [
          "CENTRALUS:20160723T003910Z:3468b9e4-3c98-4086-86dd-d6ebfbe8264d"
        ],
        "Date": [
          "Sat, 23 Jul 2016 00:39:09 GMT"
        ]
      },
      "StatusCode": 200
    },
    {
      "RequestUri": "/subscriptions/0b1f6471-1bf0-4dda-aec3-cb9272f09590/resourcegroups/onesdk5796?api-version=2016-02-01",
      "EncodedRequestUri": "L3N1YnNjcmlwdGlvbnMvMGIxZjY0NzEtMWJmMC00ZGRhLWFlYzMtY2I5MjcyZjA5NTkwL3Jlc291cmNlZ3JvdXBzL29uZXNkazU3OTY/YXBpLXZlcnNpb249MjAxNi0wMi0wMQ==",
      "RequestMethod": "DELETE",
      "RequestBody": "",
      "RequestHeaders": {
        "User-Agent": [
          "Microsoft.Azure.Management.Resources.ResourceManagementClient/2.0.0.0"
        ]
      },
      "ResponseBody": "",
      "ResponseHeaders": {
        "Content-Length": [
          "0"
        ],
        "Expires": [
          "-1"
        ],
        "Pragma": [
          "no-cache"
        ],
        "Retry-After": [
          "15"
        ],
        "x-ms-ratelimit-remaining-subscription-writes": [
          "1192"
        ],
        "x-ms-request-id": [
          "578004d2-f6f0-49e8-ab05-34bcdfb5ff61"
        ],
        "x-ms-correlation-request-id": [
          "578004d2-f6f0-49e8-ab05-34bcdfb5ff61"
        ],
        "x-ms-routing-request-id": [
          "CENTRALUS:20160723T003911Z:578004d2-f6f0-49e8-ab05-34bcdfb5ff61"
        ],
        "Strict-Transport-Security": [
          "max-age=31536000; includeSubDomains"
        ],
        "Cache-Control": [
          "no-cache"
        ],
        "Date": [
          "Sat, 23 Jul 2016 00:39:10 GMT"
        ],
        "Location": [
          "https://management.azure.com/subscriptions/0b1f6471-1bf0-4dda-aec3-cb9272f09590/operationresults/eyJqb2JJZCI6IlJFU09VUkNFR1JPVVBERUxFVElPTkpPQi1PTkVTREs1Nzk2LVdFU1RVUyIsImpvYkxvY2F0aW9uIjoid2VzdHVzIn0?api-version=2016-02-01"
        ]
      },
      "StatusCode": 202
    },
    {
      "RequestUri": "/subscriptions/0b1f6471-1bf0-4dda-aec3-cb9272f09590/operationresults/eyJqb2JJZCI6IlJFU09VUkNFR1JPVVBERUxFVElPTkpPQi1PTkVTREs1Nzk2LVdFU1RVUyIsImpvYkxvY2F0aW9uIjoid2VzdHVzIn0?api-version=2016-02-01",
      "EncodedRequestUri": "L3N1YnNjcmlwdGlvbnMvMGIxZjY0NzEtMWJmMC00ZGRhLWFlYzMtY2I5MjcyZjA5NTkwL29wZXJhdGlvbnJlc3VsdHMvZXlKcWIySkpaQ0k2SWxKRlUwOVZVa05GUjFKUFZWQkVSVXhGVkVsUFRrcFBRaTFQVGtWVFJFczFOemsyTFZkRlUxUlZVeUlzSW1wdllreHZZMkYwYVc5dUlqb2lkMlZ6ZEhWekluMD9hcGktdmVyc2lvbj0yMDE2LTAyLTAx",
      "RequestMethod": "GET",
      "RequestBody": "",
      "RequestHeaders": {
        "x-ms-version": [
          "2016-02-01"
        ],
        "User-Agent": [
          "Microsoft.Azure.Management.Resources.ResourceManagementClient/2.0.0.0"
        ]
      },
      "ResponseBody": "",
      "ResponseHeaders": {
        "Content-Length": [
          "0"
        ],
        "Expires": [
          "-1"
        ],
        "Pragma": [
          "no-cache"
        ],
        "Retry-After": [
          "15"
        ],
        "x-ms-ratelimit-remaining-subscription-reads": [
          "14973"
        ],
        "x-ms-request-id": [
          "6d7c2e55-e26c-45ca-a88f-1793b7f54cdf"
        ],
        "x-ms-correlation-request-id": [
          "6d7c2e55-e26c-45ca-a88f-1793b7f54cdf"
        ],
        "x-ms-routing-request-id": [
          "CENTRALUS:20160723T003911Z:6d7c2e55-e26c-45ca-a88f-1793b7f54cdf"
        ],
        "Strict-Transport-Security": [
          "max-age=31536000; includeSubDomains"
        ],
        "Cache-Control": [
          "no-cache"
        ],
        "Date": [
          "Sat, 23 Jul 2016 00:39:10 GMT"
        ],
        "Location": [
          "https://management.azure.com/subscriptions/0b1f6471-1bf0-4dda-aec3-cb9272f09590/operationresults/eyJqb2JJZCI6IlJFU09VUkNFR1JPVVBERUxFVElPTkpPQi1PTkVTREs1Nzk2LVdFU1RVUyIsImpvYkxvY2F0aW9uIjoid2VzdHVzIn0?api-version=2016-02-01"
        ]
      },
      "StatusCode": 202
    },
    {
      "RequestUri": "/subscriptions/0b1f6471-1bf0-4dda-aec3-cb9272f09590/operationresults/eyJqb2JJZCI6IlJFU09VUkNFR1JPVVBERUxFVElPTkpPQi1PTkVTREs1Nzk2LVdFU1RVUyIsImpvYkxvY2F0aW9uIjoid2VzdHVzIn0?api-version=2016-02-01",
      "EncodedRequestUri": "L3N1YnNjcmlwdGlvbnMvMGIxZjY0NzEtMWJmMC00ZGRhLWFlYzMtY2I5MjcyZjA5NTkwL29wZXJhdGlvbnJlc3VsdHMvZXlKcWIySkpaQ0k2SWxKRlUwOVZVa05GUjFKUFZWQkVSVXhGVkVsUFRrcFBRaTFQVGtWVFJFczFOemsyTFZkRlUxUlZVeUlzSW1wdllreHZZMkYwYVc5dUlqb2lkMlZ6ZEhWekluMD9hcGktdmVyc2lvbj0yMDE2LTAyLTAx",
      "RequestMethod": "GET",
      "RequestBody": "",
      "RequestHeaders": {
        "x-ms-version": [
          "2016-02-01"
        ],
        "User-Agent": [
          "Microsoft.Azure.Management.Resources.ResourceManagementClient/2.0.0.0"
        ]
      },
      "ResponseBody": "",
      "ResponseHeaders": {
        "Content-Length": [
          "0"
        ],
        "Expires": [
          "-1"
        ],
        "Pragma": [
          "no-cache"
        ],
        "Retry-After": [
          "15"
        ],
        "x-ms-ratelimit-remaining-subscription-reads": [
          "14972"
        ],
        "x-ms-request-id": [
          "62e57571-e7e6-494c-b21a-6d0887128b4a"
        ],
        "x-ms-correlation-request-id": [
          "62e57571-e7e6-494c-b21a-6d0887128b4a"
        ],
        "x-ms-routing-request-id": [
          "CENTRALUS:20160723T003926Z:62e57571-e7e6-494c-b21a-6d0887128b4a"
        ],
        "Strict-Transport-Security": [
          "max-age=31536000; includeSubDomains"
        ],
        "Cache-Control": [
          "no-cache"
        ],
        "Date": [
          "Sat, 23 Jul 2016 00:39:26 GMT"
        ],
        "Location": [
          "https://management.azure.com/subscriptions/0b1f6471-1bf0-4dda-aec3-cb9272f09590/operationresults/eyJqb2JJZCI6IlJFU09VUkNFR1JPVVBERUxFVElPTkpPQi1PTkVTREs1Nzk2LVdFU1RVUyIsImpvYkxvY2F0aW9uIjoid2VzdHVzIn0?api-version=2016-02-01"
        ]
      },
      "StatusCode": 202
    },
    {
      "RequestUri": "/subscriptions/0b1f6471-1bf0-4dda-aec3-cb9272f09590/operationresults/eyJqb2JJZCI6IlJFU09VUkNFR1JPVVBERUxFVElPTkpPQi1PTkVTREs1Nzk2LVdFU1RVUyIsImpvYkxvY2F0aW9uIjoid2VzdHVzIn0?api-version=2016-02-01",
      "EncodedRequestUri": "L3N1YnNjcmlwdGlvbnMvMGIxZjY0NzEtMWJmMC00ZGRhLWFlYzMtY2I5MjcyZjA5NTkwL29wZXJhdGlvbnJlc3VsdHMvZXlKcWIySkpaQ0k2SWxKRlUwOVZVa05GUjFKUFZWQkVSVXhGVkVsUFRrcFBRaTFQVGtWVFJFczFOemsyTFZkRlUxUlZVeUlzSW1wdllreHZZMkYwYVc5dUlqb2lkMlZ6ZEhWekluMD9hcGktdmVyc2lvbj0yMDE2LTAyLTAx",
      "RequestMethod": "GET",
      "RequestBody": "",
      "RequestHeaders": {
        "x-ms-version": [
          "2016-02-01"
        ],
        "User-Agent": [
          "Microsoft.Azure.Management.Resources.ResourceManagementClient/2.0.0.0"
        ]
      },
      "ResponseBody": "",
      "ResponseHeaders": {
        "Content-Length": [
          "0"
        ],
        "Expires": [
          "-1"
        ],
        "Pragma": [
          "no-cache"
        ],
        "Retry-After": [
          "15"
        ],
        "x-ms-ratelimit-remaining-subscription-reads": [
          "14971"
        ],
        "x-ms-request-id": [
          "94fced10-7bb8-414c-8c91-b794d6b42ec7"
        ],
        "x-ms-correlation-request-id": [
          "94fced10-7bb8-414c-8c91-b794d6b42ec7"
        ],
        "x-ms-routing-request-id": [
          "CENTRALUS:20160723T003941Z:94fced10-7bb8-414c-8c91-b794d6b42ec7"
        ],
        "Strict-Transport-Security": [
          "max-age=31536000; includeSubDomains"
        ],
        "Cache-Control": [
          "no-cache"
        ],
        "Date": [
          "Sat, 23 Jul 2016 00:39:41 GMT"
        ],
        "Location": [
          "https://management.azure.com/subscriptions/0b1f6471-1bf0-4dda-aec3-cb9272f09590/operationresults/eyJqb2JJZCI6IlJFU09VUkNFR1JPVVBERUxFVElPTkpPQi1PTkVTREs1Nzk2LVdFU1RVUyIsImpvYkxvY2F0aW9uIjoid2VzdHVzIn0?api-version=2016-02-01"
        ]
      },
      "StatusCode": 202
    },
    {
      "RequestUri": "/subscriptions/0b1f6471-1bf0-4dda-aec3-cb9272f09590/operationresults/eyJqb2JJZCI6IlJFU09VUkNFR1JPVVBERUxFVElPTkpPQi1PTkVTREs1Nzk2LVdFU1RVUyIsImpvYkxvY2F0aW9uIjoid2VzdHVzIn0?api-version=2016-02-01",
      "EncodedRequestUri": "L3N1YnNjcmlwdGlvbnMvMGIxZjY0NzEtMWJmMC00ZGRhLWFlYzMtY2I5MjcyZjA5NTkwL29wZXJhdGlvbnJlc3VsdHMvZXlKcWIySkpaQ0k2SWxKRlUwOVZVa05GUjFKUFZWQkVSVXhGVkVsUFRrcFBRaTFQVGtWVFJFczFOemsyTFZkRlUxUlZVeUlzSW1wdllreHZZMkYwYVc5dUlqb2lkMlZ6ZEhWekluMD9hcGktdmVyc2lvbj0yMDE2LTAyLTAx",
      "RequestMethod": "GET",
      "RequestBody": "",
      "RequestHeaders": {
        "x-ms-version": [
          "2016-02-01"
        ],
        "User-Agent": [
          "Microsoft.Azure.Management.Resources.ResourceManagementClient/2.0.0.0"
        ]
      },
      "ResponseBody": "",
      "ResponseHeaders": {
        "Content-Length": [
          "0"
        ],
        "Expires": [
          "-1"
        ],
        "Pragma": [
          "no-cache"
        ],
        "x-ms-ratelimit-remaining-subscription-reads": [
          "14970"
        ],
        "x-ms-request-id": [
          "ae4d1b73-5b45-4f97-a363-9982c474e29f"
        ],
        "x-ms-correlation-request-id": [
          "ae4d1b73-5b45-4f97-a363-9982c474e29f"
        ],
        "x-ms-routing-request-id": [
          "CENTRALUS:20160723T003956Z:ae4d1b73-5b45-4f97-a363-9982c474e29f"
        ],
        "Strict-Transport-Security": [
          "max-age=31536000; includeSubDomains"
        ],
        "Cache-Control": [
          "no-cache"
        ],
        "Date": [
          "Sat, 23 Jul 2016 00:39:56 GMT"
        ]
      },
      "StatusCode": 200
    }
  ],
  "Names": {
    "Test-NetworkSecurityGroupCRUD": [
      "onesdk5796",
      "onesdk6241",
      "onesdk6111",
      "onesdk5652",
      "onesdk249",
      "onesdk7372"
    ]
  },
  "Variables": {
    "SubscriptionId": "0b1f6471-1bf0-4dda-aec3-cb9272f09590"
  }
}