{
  "Get-AzNetworkCloudVirtualMachine+[NoContext]+ListBySubscription+$GET+https://management.azure.com/subscriptions/a3eeb848-665a-4dbf-80a4-eb460930fb23/providers/Microsoft.NetworkCloud/virtualMachines?api-version=2025-02-01+1": {
    "Request": {
      "Method": "GET",
      "RequestUri": "https://management.azure.com/subscriptions/a3eeb848-665a-4dbf-80a4-eb460930fb23/providers/Microsoft.NetworkCloud/virtualMachines?api-version=2025-02-01",
      "Content": null,
      "isContentBase64": false,
      "Headers": {
        "x-ms-unique-id": [ "7" ],
        "x-ms-client-request-id": [ "598155d4-0445-447f-addf-04b4dd4fd765" ],
        "CommandName": [ "Get-AzNetworkCloudVirtualMachine" ],
        "FullCommandName": [ "Get-AzNetworkCloudVirtualMachine_List" ],
        "ParameterSetName": [ "__AllParameterSets" ],
        "User-Agent": [ "AzurePowershell/v13.3.0", "PSVersion/v7.3.4", "Az.NetworkCloud/0.0.0" ],
        "Authorization": [ "[Filtered]" ]
      },
      "ContentHeaders": {
      }
    },
    "Response": {
      "StatusCode": 200,
      "Headers": {
        "Cache-Control": [ "no-cache" ],
        "Pragma": [ "no-cache" ],
        "x-ms-original-request-ids": [ "07d97f9a-e039-407d-8d92-2b508934149d" ],
        "x-ms-ratelimit-remaining-subscription-reads": [ "199991" ],
        "x-ms-providerhub-traffic": [ "True" ],
        "x-ms-correlation-request-id": [ "d7caaae6-be0e-4f04-9465-729123a848dd" ],
        "x-ms-ratelimit-remaining-subscription-global-reads": [ "16499" ],
        "x-ms-request-id": [ "d7caaae6-be0e-4f04-9465-729123a848dd" ],
        "x-ms-routing-request-id": [ "WESTUS2:20250410T000915Z:d7caaae6-be0e-4f04-9465-729123a848dd" ],
        "Strict-Transport-Security": [ "max-age=31536000; includeSubDomains" ],
        "X-Content-Type-Options": [ "nosniff" ],
        "X-Cache": [ "CONFIG_NOCACHE" ],
        "X-MSEdge-Ref": [ "Ref A: A9BA718773314DC49C8C925DD866E8B4 Ref B: MWH011020807025 Ref C: 2025-04-10T00:09:14Z" ],
        "Date": [ "Thu, 10 Apr 2025 00:09:15 GMT" ]
      },
      "ContentHeaders": {
        "Content-Length": [ "20354" ],
        "Content-Type": [ "application/json; charset=utf-8" ],
        "Expires": [ "-1" ]
      },
      "Content": "{\"value\":[{\"id\":\"/subscriptions/a3eeb848-665a-4dbf-80a4-eb460930fb23/resourceGroups/aep01-cluster/providers/Microsoft.NetworkCloud/virtualMachines/pipelinevmu3mVsQbb5OhuNQ\",\"name\":\"pipelinevmu3mVsQbb5OhuNQ\",\"type\":\"microsoft.networkcloud/virtualmachines\",\"location\":\"uksouth\",\"extendedLocation\":{\"name\":\"/subscriptions/a3eeb848-665a-4dbf-80a4-eb460930fb23/resourceGroups/aep01-4c2671266e11-HostedResources-53C3BD37/providers/Microsoft.ExtendedLocation/customLocations/aep01-4c2671266e11-cstm-loc\",\"type\":\"CustomLocation\"},\"etag\":\"\\\"a9000e98-0000-1000-0000-67d33d360000\\\"\",\"tags\":{\"ResourceType\":\"virtualmachine\",\"ManagedBy\":\"nc-labs\",\"LabEnvironment\":\"aep01\",\"ResourceTest\":\"deployment\"},\"systemData\":{\"createdBy\":\"38f84252-c3f0-4bfd-bc44-06d493055463\",\"createdByType\":\"Application\",\"createdAt\":\"2024-12-31T10:23:53.4621251Z\",\"lastModifiedBy\":\"319f651f-7ddb-4fc6-9857-7aef9250bd05\",\"lastModifiedByType\":\"Application\",\"lastModifiedAt\":\"2025-03-13T20:16:54.8095834Z\"},\"properties\":{\"provisioningState\":\"Succeeded\",\"adminUsername\":\"clouduser\",\"bootMethod\":\"UEFI\",\"cloudServicesNetworkAttachment\":{\"attachedNetworkId\":\"/subscriptions/a3eeb848-665a-4dbf-80a4-eb460930fb23/resourceGroups/aep01-cluster/providers/Microsoft.NetworkCloud/cloudServicesNetworks/pipelinecsn\",\"ipAllocationMethod\":\"Dynamic\",\"defaultGateway\":\"False\",\"macAddress\":\"02:00:00:4f:61:7c\",\"networkAttachmentName\":\"cloudservices\",\"ipv4Address\":\"169.254.8.4\"},\"cpuCores\":2,\"memorySizeGB\":4,\"networkAttachments\":[{\"attachedNetworkId\":\"/subscriptions/a3eeb848-665a-4dbf-80a4-eb460930fb23/resourceGroups/aep01-cluster/providers/Microsoft.NetworkCloud/l3Networks/l3network-537\",\"defaultGateway\":\"True\",\"ipAllocationMethod\":\"Dynamic\",\"ipv4Address\":\"10.7.104.13\",\"ipv6Address\":\"fda0:d59c:da0a:768::b\",\"macAddress\":\"02:00:00:84:4d:5b\",\"networkAttachmentName\":\"vlan-537\"}],\"placementHints\":[],\"sshPublicKeys\":[{\"keyData\":\"ssh-rsa REDACTED\"}],\"storageProfile\":{\"osDisk\":{\"createOption\":\"Ephemeral\",\"deleteOption\":\"Delete\",\"diskSizeGB\":10}},\"vmImage\":\"nccacheacr.azurecr.io/nc-resource-custom:0.1.7-217\",\"vmImageRepositoryCredentials\":{\"username\":\"00000000-0000-0000-0000-000000000000\",\"registryUrl\":\"nc-resource-custom\"},\"virtioInterface\":\"Modern\",\"isolateEmulatorThread\":\"False\",\"vmDeviceModel\":\"T2\",\"clusterId\":\"/subscriptions/a3eeb848-665a-4dbf-80a4-eb460930fb23/resourceGroups/aep01-cluster/providers/Microsoft.NetworkCloud/clusters/aep01-4c2671266e11\",\"detailedStatus\":\"Running\",\"consoleExtendedLocation\":{\"name\":\"/subscriptions/a3eeb848-665a-4dbf-80a4-eb460930fb23/resourceGroups/aep01-clustermgr-mrg-sf434cxguuqte/providers/microsoft.extendedlocation/customlocations/aep01-sf434cxguuqte-cl\",\"type\":\"CustomLocation\"},\"detailedStatusMessage\":\"Running - virtual machine is running.\",\"powerState\":\"On\",\"bareMetalMachineId\":\"/subscriptions/a3eeb848-665a-4dbf-80a4-eb460930fb23/resourceGroups/aep01-4c2671266e11-HostedResources-53C3BD37/providers/Microsoft.NetworkCloud/bareMetalMachines/b37aep01a1co04\"}},{\"id\":\"/subscriptions/a3eeb848-665a-4dbf-80a4-eb460930fb23/resourceGroups/aep01-cluster/providers/Microsoft.NetworkCloud/virtualMachines/danielstevenvm\",\"name\":\"danielstevenvm\",\"type\":\"microsoft.networkcloud/virtualmachines\",\"location\":\"uksouth\",\"extendedLocation\":{\"name\":\"/subscriptions/a3eeb848-665a-4dbf-80a4-eb460930fb23/resourceGroups/aep01-4c2671266e11-HostedResources-53C3BD37/providers/Microsoft.ExtendedLocation/customLocations/aep01-4c2671266e11-cstm-loc\",\"type\":\"CustomLocation\"},\"etag\":\"\\\"59016d1d-0000-1100-0000-67eda3350000\\\"\",\"tags\":{},\"systemData\":{\"createdBy\":\"REDACTED\",\"createdByType\":\"User\",\"createdAt\":\"2025-03-11T16:21:04.2331964Z\",\"lastModifiedBy\":\"319f651f-7ddb-4fc6-9857-7aef9250bd05\",\"lastModifiedByType\":\"Application\",\"lastModifiedAt\":\"2025-03-11T16:26:07.2827234Z\"},\"properties\":{\"provisioningState\":\"Failed\",\"adminUsername\":\"testuser\",\"bootMethod\":\"UEFI\",\"cloudServicesNetworkAttachment\":{\"attachedNetworkId\":\"/subscriptions/a3eeb848-665a-4dbf-80a4-eb460930fb23/resourceGroups/aep01-cluster/providers/Microsoft.NetworkCloud/cloudServicesNetworks/pipelinecsn\",\"defaultGateway\":\"False\",\"ipAllocationMethod\":\"Dynamic\",\"macAddress\":\"02:00:00:85:5f:bc\",\"networkAttachmentName\":\"cloudservices\",\"ipv4Address\":\"169.254.8.5\"},\"cpuCores\":2,\"memorySizeGB\":3,\"networkAttachments\":[{\"attachedNetworkId\":\"/subscriptions/a3eeb848-665a-4dbf-80a4-eb460930fb23/resourceGroups/aep01-cluster/providers/Microsoft.NetworkCloud/l3Networks/l3network-537\",\"defaultGateway\":\"True\",\"ipAllocationMethod\":\"Dynamic\",\"ipv4Address\":\"10.7.104.14\",\"ipv6Address\":\"fda0:d59c:da0a:768::c\",\"macAddress\":\"02:00:00:5a:9a:11\",\"networkAttachmentName\":\"vlan-537\"}],\"placementHints\":[],\"sshPublicKeys\":[],\"storageProfile\":{\"osDisk\":{\"createOption\":\"Ephemeral\",\"deleteOption\":\"Delete\",\"diskSizeGB\":10}},\"vmImage\":\"nccacheacr.azurecr.io/nc-resource-custom:0.1.7-217\",\"vmDeviceModel\":\"T2\",\"virtioInterface\":\"Modern\",\"isolateEmulatorThread\":\"True\",\"clusterId\":\"/subscriptions/a3eeb848-665a-4dbf-80a4-eb460930fb23/resourceGroups/aep01-cluster/providers/Microsoft.NetworkCloud/clusters/aep01-4c2671266e11\",\"detailedStatus\":\"Error\",\"consoleExtendedLocation\":{\"name\":\"/subscriptions/a3eeb848-665a-4dbf-80a4-eb460930fb23/resourceGroups/aep01-clustermgr-mrg-sf434cxguuqte/providers/microsoft.extendedlocation/customlocations/aep01-sf434cxguuqte-cl\",\"type\":\"CustomLocation\"},\"detailedStatusMessage\":\"Unable to process data: Unable to transfer source data to scratch space: Failed to read registry image: Could not create image reference: unable to retrieve auth token: invalid username/password: unauthorized: authentication required, visit https://aka.ms/acr/authorization for more information. CorrelationId: 53f0bfe2-0baa-45cd-9e96-0b48c55bbf76\"}},{\"id\":\"/subscriptions/a3eeb848-665a-4dbf-80a4-eb460930fb23/resourceGroups/dev02-1-cluster/providers/Microsoft.NetworkCloud/virtualMachines/pipelinevmFBXfPGueLZA\",\"name\":\"pipelinevmFBXfPGueLZA\",\"type\":\"microsoft.networkcloud/virtualmachines\",\"location\":\"uksouth\",\"extendedLocation\":{\"name\":\"/subscriptions/a3eeb848-665a-4dbf-80a4-eb460930fb23/resourceGroups/dev02-1-6dfad85e8fe3-HostedResources-6E613920/providers/Microsoft.ExtendedLocation/customLocations/dev02-1-6dfad85e8fe3-cstm-loc\",\"type\":\"CustomLocation\"},\"etag\":\"\\\"73018071-0000-1000-0000-67de3a100000\\\"\",\"tags\":{\"ResourceType\":\"virtualmachine\",\"ManagedBy\":\"nc-labs\",\"LabEnvironment\":\"dev02-1\",\"ResourceTest\":\"deployment\"},\"systemData\":{\"createdBy\":\"38f84252-c3f0-4bfd-bc44-06d493055463\",\"createdByType\":\"Application\",\"createdAt\":\"2025-03-22T04:08:05.0193676Z\",\"lastModifiedBy\":\"319f651f-7ddb-4fc6-9857-7aef9250bd05\",\"lastModifiedByType\":\"Application\",\"lastModifiedAt\":\"2025-03-22T04:18:24.1875426Z\"},\"properties\":{\"provisioningState\":\"Failed\",\"adminUsername\":\"clouduser\",\"bootMethod\":\"UEFI\",\"cloudServicesNetworkAttachment\":{\"attachedNetworkId\":\"/subscriptions/a3eeb848-665a-4dbf-80a4-eb460930fb23/resourceGroups/dev02-1-cluster/providers/Microsoft.NetworkCloud/cloudServicesNetworks/pipelinecsn\",\"ipAllocationMethod\":\"Dynamic\",\"defaultGateway\":\"False\",\"ipv4Address\":\"169.254.8.1\",\"macAddress\":\"02:00:00:a4:06:2a\",\"networkAttachmentName\":\"cloudservices\"},\"cpuCores\":2,\"memorySizeGB\":4,\"networkAttachments\":[{\"attachedNetworkId\":\"/subscriptions/a3eeb848-665a-4dbf-80a4-eb460930fb23/resourceGroups/dev02-1-cluster/providers/Microsoft.NetworkCloud/l3Networks/l3network-537\",\"defaultGateway\":\"True\",\"ipAllocationMethod\":\"Dynamic\",\"ipv4Address\":\"10.1.104.8\",\"ipv6Address\":\"fda0:d59c:da0a:168::8\",\"macAddress\":\"02:00:00:35:20:cf\",\"networkAttachmentName\":\"vlan-537\"}],\"placementHints\":[],\"sshPublicKeys\":[{\"keyData\":\"ssh-rsa REDACTED\"}],\"storageProfile\":{\"osDisk\":{\"createOption\":\"Ephemeral\",\"deleteOption\":\"Delete\",\"diskSizeGB\":10}},\"vmImage\":\"nccacheacr.azurecr.io/nc-resource-custom:0.1.7-217\",\"vmImageRepositoryCredentials\":{\"username\":\"00000000-0000-0000-0000-000000000000\",\"registryUrl\":\"nc-resource-custom\"},\"virtioInterface\":\"Modern\",\"isolateEmulatorThread\":\"False\",\"vmDeviceModel\":\"T2\",\"clusterId\":\"/subscriptions/a3eeb848-665a-4dbf-80a4-eb460930fb23/resourceGroups/dev02-1-cluster/providers/Microsoft.NetworkCloud/clusters/dev02-1-6dfad85e8fe3\",\"detailedStatus\":\"Error\",\"detailedStatusMessage\":\"phase Build failed: failed to create kubevirt vm: admission webhook \\\"virtualmachine-validator.kubevirt.io\\\" denied the request: Hypervisor  is not supported\"}},{\"id\":\"/subscriptions/a3eeb848-665a-4dbf-80a4-eb460930fb23/resourceGroups/mattjtest-dev02-1-rg/providers/Microsoft.NetworkCloud/virtualMachines/mattjtestvm1\",\"name\":\"mattjtestvm1\",\"type\":\"microsoft.networkcloud/virtualmachines\",\"location\":\"uksouth\",\"extendedLocation\":{\"name\":\"/subscriptions/a3eeb848-665a-4dbf-80a4-eb460930fb23/resourceGroups/dev02-1-6dfad85e8fe3-HostedResources-6E613920/providers/Microsoft.ExtendedLocation/customLocations/dev02-1-6dfad85e8fe3-cstm-loc\",\"type\":\"CustomLocation\"},\"etag\":\"\\\"d70058de-0000-1000-0000-67ed59170000\\\"\",\"systemData\":{\"createdBy\":\"REDACTED\",\"createdByType\":\"User\",\"createdAt\":\"2025-04-02T15:29:58.6558881Z\",\"lastModifiedBy\":\"319f651f-7ddb-4fc6-9857-7aef9250bd05\",\"lastModifiedByType\":\"Application\",\"lastModifiedAt\":\"2025-04-02T15:34:47.6127518Z\"},\"properties\":{\"provisioningState\":\"Succeeded\",\"adminUsername\":\"admin\",\"bootMethod\":\"UEFI\",\"cloudServicesNetworkAttachment\":{\"attachedNetworkId\":\"/subscriptions/a3eeb848-665a-4dbf-80a4-eb460930fb23/resourceGroups/mattjtest-dev02-1-rg/providers/Microsoft.NetworkCloud/cloudServicesNetworks/mattj-csn1\",\"ipAllocationMethod\":\"Dynamic\",\"defaultGateway\":\"False\",\"macAddress\":\"02:00:00:7b:06:d3\",\"networkAttachmentName\":\"cloudservices\",\"ipv4Address\":\"169.254.8.1\"},\"cpuCores\":4,\"memorySizeGB\":8,\"networkAttachments\":[{\"attachedNetworkId\":\"/subscriptions/a3eeb848-665a-4dbf-80a4-eb460930fb23/resourceGroups/mattjtest-dev02-1-rg/providers/Microsoft.NetworkCloud/l3Networks/mattj-cni-522\",\"defaultGateway\":\"True\",\"ipAllocationMethod\":\"Dynamic\",\"ipv4Address\":\"10.1.74.8\",\"ipv6Address\":\"fda0:d59c:da0a:14a::8\",\"macAddress\":\"02:00:00:1c:bc:66\",\"networkAttachmentName\":\"mattj-cni-522\"}],\"placementHints\":[{\"hintType\":\"Affinity\",\"resourceId\":\"/subscriptions/a3eeb848-665a-4dbf-80a4-eb460930fb23/resourceGroups/dev02-1-6dfad85e8fe3-HostedResources-6E613920/providers/Microsoft.NetworkCloud/bareMetalMachines/b37dev02a1co01\",\"schedulingExecution\":\"Hard\",\"scope\":\"Machine\"}],\"sshPublicKeys\":[{\"keyData\":\"ssh-rsa REDACTED\"}],\"storageProfile\":{\"osDisk\":{\"createOption\":\"Ephemeral\",\"deleteOption\":\"Delete\",\"diskSizeGB\":45}},\"vmDeviceModel\":\"T2\",\"vmImage\":\"afoincdevacr.azurecr.io/mattj/vnf-clone-ubuntu-2404:v3\",\"vmImageRepositoryCredentials\":{\"registryUrl\":\"afoincdevacr.azurecr.io\",\"username\":\"00000000-0000-0000-0000-000000000000\"},\"virtioInterface\":\"Modern\",\"isolateEmulatorThread\":\"True\",\"clusterId\":\"/subscriptions/a3eeb848-665a-4dbf-80a4-eb460930fb23/resourceGroups/dev02-1-cluster/providers/Microsoft.NetworkCloud/clusters/dev02-1-6dfad85e8fe3\",\"consoleExtendedLocation\":{\"name\":\"/subscriptions/a3eeb848-665a-4dbf-80a4-eb460930fb23/resourceGroups/dev02-1-cm-mrg-5ymjwoqf4obhy/providers/microsoft.extendedlocation/customlocations/dev02-1-5ymjwoqf4obhy-cl\",\"type\":\"CustomLocation\"},\"detailedStatus\":\"Running\",\"detailedStatusMessage\":\"Running - virtual machine is running.\",\"powerState\":\"On\",\"bareMetalMachineId\":\"/subscriptions/a3eeb848-665a-4dbf-80a4-eb460930fb23/resourceGroups/dev02-1-6dfad85e8fe3-HostedResources-6E613920/providers/Microsoft.NetworkCloud/bareMetalMachines/b37dev02a1co01\"}},{\"id\":\"/subscriptions/a3eeb848-665a-4dbf-80a4-eb460930fb23/resourceGroups/dev01-cluster-1/providers/Microsoft.NetworkCloud/virtualMachines/pipelinevmC8Zb2rrEW3OGQ\",\"name\":\"pipelinevmC8Zb2rrEW3OGQ\",\"type\":\"microsoft.networkcloud/virtualmachines\",\"location\":\"uksouth\",\"extendedLocation\":{\"name\":\"/subscriptions/a3eeb848-665a-4dbf-80a4-eb460930fb23/resourceGroups/dev01-f6defaac57f4-HostedResources-6B7648BB/providers/Microsoft.ExtendedLocation/customLocations/dev01-f6defaac57f4-cstm-loc\",\"type\":\"CustomLocation\"},\"etag\":\"\\\"68000235-0000-1000-0000-67f63a200000\\\"\",\"tags\":{\"ResourceType\":\"virtualmachine\",\"ManagedBy\":\"nc-labs\",\"LabEnvironment\":\"dev01\",\"ResourceTest\":\"deployment\"},\"systemData\":{\"createdBy\":\"38f84252-c3f0-4bfd-bc44-06d493055463\",\"createdByType\":\"Application\",\"createdAt\":\"2025-04-09T09:10:49.8540537Z\",\"lastModifiedBy\":\"319f651f-7ddb-4fc6-9857-7aef9250bd05\",\"lastModifiedByType\":\"Application\",\"lastModifiedAt\":\"2025-04-09T09:13:04.762428Z\"},\"properties\":{\"provisioningState\":\"Succeeded\",\"adminUsername\":\"clouduser\",\"bootMethod\":\"UEFI\",\"cloudServicesNetworkAttachment\":{\"attachedNetworkId\":\"/subscriptions/a3eeb848-665a-4dbf-80a4-eb460930fb23/resourceGroups/dev01-cluster-1/providers/Microsoft.NetworkCloud/cloudServicesNetworks/pipelinecsn\",\"ipAllocationMethod\":\"Dynamic\",\"defaultGateway\":\"False\",\"ipv4Address\":\"169.254.8.1\",\"macAddress\":\"02:00:00:d1:4d:f2\",\"networkAttachmentName\":\"cloudservices\"},\"cpuCores\":2,\"memorySizeGB\":4,\"networkAttachments\":[{\"attachedNetworkId\":\"/subscriptions/a3eeb848-665a-4dbf-80a4-eb460930fb23/resourceGroups/dev01-cluster-1/providers/Microsoft.NetworkCloud/l3Networks/l3network-537\",\"defaultGateway\":\"True\",\"ipAllocationMethod\":\"Dynamic\",\"ipv4Address\":\"10.0.104.8\",\"ipv6Address\":\"fda0:d59c:da0a:68::8\",\"macAddress\":\"02:00:00:3c:c0:14\",\"networkAttachmentName\":\"vlan-537\"}],\"placementHints\":[],\"sshPublicKeys\":[{\"keyData\":\"ssh-rsa REDACTED\"}],\"storageProfile\":{\"osDisk\":{\"createOption\":\"Ephemeral\",\"deleteOption\":\"Delete\",\"diskSizeGB\":10}},\"vmImage\":\"nccacheacr.azurecr.io/nc-resource-custom:0.1.7-217\",\"vmImageRepositoryCredentials\":{\"username\":\"00000000-0000-0000-0000-000000000000\",\"registryUrl\":\"nc-resource-custom\"},\"virtioInterface\":\"Modern\",\"isolateEmulatorThread\":\"False\",\"vmDeviceModel\":\"T2\",\"clusterId\":\"/subscriptions/a3eeb848-665a-4dbf-80a4-eb460930fb23/resourceGroups/dev01-cluster-1/providers/Microsoft.NetworkCloud/clusters/dev01-f6defaac57f4\",\"detailedStatus\":\"Running\",\"consoleExtendedLocation\":{\"name\":\"/subscriptions/a3eeb848-665a-4dbf-80a4-eb460930fb23/resourceGroups/dev01-clustermgr-mrg-ou3xpapuvzyk4/providers/microsoft.extendedlocation/customlocations/dev01-ou3xpapuvzyk4-cl\",\"type\":\"CustomLocation\"},\"detailedStatusMessage\":\"Running - virtual machine is running.\",\"powerState\":\"On\",\"bareMetalMachineId\":\"/subscriptions/a3eeb848-665a-4dbf-80a4-eb460930fb23/resourceGroups/dev01-f6defaac57f4-HostedResources-6B7648BB/providers/Microsoft.NetworkCloud/bareMetalMachines/b37dev01a1co02\"}},{\"id\":\"/subscriptions/a3eeb848-665a-4dbf-80a4-eb460930fb23/resourceGroups/nc-cli-testing_id-simdev-3323985/providers/Microsoft.NetworkCloud/virtualMachines/psvmtest\",\"name\":\"psvmtest\",\"type\":\"microsoft.networkcloud/virtualmachines\",\"location\":\"uksouth\",\"extendedLocation\":{\"name\":\"/subscriptions/a3eeb848-665a-4dbf-80a4-eb460930fb23/resourceGroups/simdev-3323985-cluster-1-HostedResources-55678C72/providers/Microsoft.ExtendedLocation/customLocations/simdev-3323985-cluster-1-cstm-loc\",\"type\":\"CustomLocation\"},\"etag\":\"\\\"8700345b-0000-1000-0000-67f70c210000\\\"\",\"tags\":{\"tags\":\"tag1\"},\"systemData\":{\"createdBy\":\"REDACTED\",\"createdByType\":\"User\",\"createdAt\":\"2025-04-10T00:07:10.6677634Z\",\"lastModifiedBy\":\"319f651f-7ddb-4fc6-9857-7aef9250bd05\",\"lastModifiedByType\":\"Application\",\"lastModifiedAt\":\"2025-04-10T00:09:05.032684Z\"},\"properties\":{\"provisioningState\":\"Succeeded\",\"cloudServicesNetworkAttachment\":{\"attachedNetworkId\":\"/subscriptions/a3eeb848-665a-4dbf-80a4-eb460930fb23/resourceGroups/nc-cli-testing_id-simdev-3323985/providers/Microsoft.NetworkCloud/cloudServicesNetworks/csn1\",\"defaultGateway\":\"False\",\"ipAllocationMethod\":\"Dynamic\",\"networkAttachmentName\":\"cloudservices\",\"macAddress\":\"02:00:00:4c:d9:f9\",\"ipv4Address\":\"169.254.8.1\"},\"storageProfile\":{\"osDisk\":{\"createOption\":\"Ephemeral\",\"deleteOption\":\"Delete\",\"diskSizeGB\":16}},\"vmImageRepositoryCredentials\":{\"registryUrl\":\"nccachepublicacr.azurecr.io\",\"username\":\"user\"},\"adminUsername\":\"admin\",\"bootMethod\":\"UEFI\",\"cpuCores\":2,\"isolateEmulatorThread\":\"True\",\"memorySizeGB\":1,\"networkAttachments\":[{\"attachedNetworkId\":\"/subscriptions/a3eeb848-665a-4dbf-80a4-eb460930fb23/resourceGroups/nc-cli-testing_id-simdev-3323985/providers/Microsoft.NetworkCloud/l3Networks/pstestl3Network\",\"defaultGateway\":\"False\",\"ipAllocationMethod\":\"Dynamic\",\"ipv4Address\":\"10.0.32.8\",\"ipv6Address\":\"fda0:d59c:da0a:20::8\",\"macAddress\":\"02:00:00:1c:b2:2f\",\"networkAttachmentName\":\"netAttachName01\"}],\"networkData\":\"REDACTED\",\"placementHints\":[{\"hintType\":\"Affinity\",\"resourceId\":\"/subscriptions/a3eeb848-665a-4dbf-80a4-eb460930fb23/resourceGroups/simulator-HostedResources-76B2E1D8/providers/Microsoft.NetworkCloud/bareMetalMachines/rack1compute01\",\"schedulingExecution\":\"Soft\",\"scope\":\"Rack\"}],\"sshPublicKeys\":[{\"keyData\":\"ssh-rsa REDACTED\"}],\"virtioInterface\":\"Modern\",\"vmDeviceModel\":\"T2\",\"vmImage\":\"nccachepublicacr.azurecr.io/kubevirt-ubuntu-image:4.4.0-6\",\"clusterId\":\"/subscriptions/a3eeb848-665a-4dbf-80a4-eb460930fb23/resourceGroups/nc-cli-testing_id-simdev-3323985/providers/Microsoft.NetworkCloud/clusters/simdev-3323985-cluster-1\",\"consoleExtendedLocation\":{\"name\":\"/subscriptions/a3eeb848-665a-4dbf-80a4-eb460930fb23/resourceGroups/CM-simdev-3323985-42ja7qonb6h6i/providers/Microsoft.ExtendedLocation/customLocations/sim-cluster-mgr-42ja7qonb6h6i-cl\",\"type\":\"CustomLocation\"},\"detailedStatus\":\"Running\",\"detailedStatusMessage\":\"Running - virtual machine is running.\",\"powerState\":\"On\",\"bareMetalMachineId\":\"/subscriptions/a3eeb848-665a-4dbf-80a4-eb460930fb23/resourceGroups/simdev-3323985-cluster-1-HostedResources-55678C72/providers/Microsoft.NetworkCloud/bareMetalMachines/rack1compute01\"}}]}",
      "isContentBase64": false
    }
  },
  "Get-AzNetworkCloudVirtualMachine+[NoContext]+Get+$GET+https://management.azure.com/subscriptions/a3eeb848-665a-4dbf-80a4-eb460930fb23/resourceGroups/nc-cli-testing_id-simdev-3323985/providers/Microsoft.NetworkCloud/virtualMachines/psvmtest?api-version=2025-02-01+1": {
    "Request": {
      "Method": "GET",
      "RequestUri": "https://management.azure.com/subscriptions/a3eeb848-665a-4dbf-80a4-eb460930fb23/resourceGroups/nc-cli-testing_id-simdev-3323985/providers/Microsoft.NetworkCloud/virtualMachines/psvmtest?api-version=2025-02-01",
      "Content": null,
      "isContentBase64": false,
      "Headers": {
        "x-ms-unique-id": [ "8" ],
        "x-ms-client-request-id": [ "4b2251bc-7301-4f24-9ef4-522aba05023c" ],
        "CommandName": [ "Get-AzNetworkCloudVirtualMachine" ],
        "FullCommandName": [ "Get-AzNetworkCloudVirtualMachine_Get" ],
        "ParameterSetName": [ "__AllParameterSets" ],
        "User-Agent": [ "AzurePowershell/v13.3.0", "PSVersion/v7.3.4", "Az.NetworkCloud/0.0.0" ],
        "Authorization": [ "[Filtered]" ]
      },
      "ContentHeaders": {
      }
    },
    "Response": {
      "StatusCode": 200,
      "Headers": {
        "Cache-Control": [ "no-cache" ],
        "Pragma": [ "no-cache" ],
        "ETag": [ "\"8700345b-0000-1000-0000-67f70c210000\"" ],
        "x-ms-ratelimit-remaining-subscription-global-reads": [ "16499" ],
        "x-ms-ratelimit-remaining-subscription-reads": [ "199952" ],
        "x-ms-providerhub-traffic": [ "True" ],
        "x-ms-request-id": [ "ae885ed2-48d0-4dd1-9162-2f87afca902e" ],
        "x-ms-correlation-request-id": [ "f2d2a374-628e-49ff-9387-40c038d3caa9" ],
        "x-ms-routing-request-id": [ "WESTUS2:20250410T000915Z:f2d2a374-628e-49ff-9387-40c038d3caa9" ],
        "Strict-Transport-Security": [ "max-age=31536000; includeSubDomains" ],
        "X-Content-Type-Options": [ "nosniff" ],
        "X-Cache": [ "CONFIG_NOCACHE" ],
        "X-MSEdge-Ref": [ "Ref A: E7784F228C2240179942A23C6FBA85C4 Ref B: MWH011020807025 Ref C: 2025-04-10T00:09:15Z" ],
        "Date": [ "Thu, 10 Apr 2025 00:09:15 GMT" ]
      },
      "ContentHeaders": {
        "Content-Length": [ "3730" ],
        "Content-Type": [ "application/json; charset=utf-8" ],
        "Expires": [ "-1" ]
      },
      "Content": "{\"id\":\"/subscriptions/a3eeb848-665a-4dbf-80a4-eb460930fb23/resourceGroups/nc-cli-testing_id-simdev-3323985/providers/Microsoft.NetworkCloud/virtualMachines/psvmtest\",\"name\":\"psvmtest\",\"type\":\"microsoft.networkcloud/virtualmachines\",\"location\":\"uksouth\",\"extendedLocation\":{\"name\":\"/subscriptions/a3eeb848-665a-4dbf-80a4-eb460930fb23/resourceGroups/simdev-3323985-cluster-1-HostedResources-55678C72/providers/Microsoft.ExtendedLocation/customLocations/simdev-3323985-cluster-1-cstm-loc\",\"type\":\"CustomLocation\"},\"etag\":\"\\\"8700345b-0000-1000-0000-67f70c210000\\\"\",\"tags\":{\"tags\":\"tag1\"},\"systemData\":{\"createdBy\":\"REDACTED\",\"createdByType\":\"User\",\"createdAt\":\"2025-04-10T00:07:10.6677634Z\",\"lastModifiedBy\":\"319f651f-7ddb-4fc6-9857-7aef9250bd05\",\"lastModifiedByType\":\"Application\",\"lastModifiedAt\":\"2025-04-10T00:09:05.032684Z\"},\"properties\":{\"provisioningState\":\"Succeeded\",\"cloudServicesNetworkAttachment\":{\"attachedNetworkId\":\"/subscriptions/a3eeb848-665a-4dbf-80a4-eb460930fb23/resourceGroups/nc-cli-testing_id-simdev-3323985/providers/Microsoft.NetworkCloud/cloudServicesNetworks/csn1\",\"defaultGateway\":\"False\",\"ipAllocationMethod\":\"Dynamic\",\"networkAttachmentName\":\"cloudservices\",\"macAddress\":\"02:00:00:4c:d9:f9\",\"ipv4Address\":\"169.254.8.1\"},\"storageProfile\":{\"osDisk\":{\"createOption\":\"Ephemeral\",\"deleteOption\":\"Delete\",\"diskSizeGB\":16}},\"vmImageRepositoryCredentials\":{\"registryUrl\":\"nccachepublicacr.azurecr.io\",\"username\":\"user\"},\"adminUsername\":\"admin\",\"bootMethod\":\"UEFI\",\"cpuCores\":2,\"isolateEmulatorThread\":\"True\",\"memorySizeGB\":1,\"networkAttachments\":[{\"attachedNetworkId\":\"/subscriptions/a3eeb848-665a-4dbf-80a4-eb460930fb23/resourceGroups/nc-cli-testing_id-simdev-3323985/providers/Microsoft.NetworkCloud/l3Networks/pstestl3Network\",\"defaultGateway\":\"False\",\"ipAllocationMethod\":\"Dynamic\",\"ipv4Address\":\"10.0.32.8\",\"ipv6Address\":\"fda0:d59c:da0a:20::8\",\"macAddress\":\"02:00:00:1c:b2:2f\",\"networkAttachmentName\":\"netAttachName01\"}],\"networkData\":\"REDACTED\",\"placementHints\":[{\"hintType\":\"Affinity\",\"resourceId\":\"/subscriptions/a3eeb848-665a-4dbf-80a4-eb460930fb23/resourceGroups/simulator-HostedResources-76B2E1D8/providers/Microsoft.NetworkCloud/bareMetalMachines/rack1compute01\",\"schedulingExecution\":\"Soft\",\"scope\":\"Rack\"}],\"sshPublicKeys\":[{\"keyData\":\"ssh-rsa REDACTED\"}],\"virtioInterface\":\"Modern\",\"vmDeviceModel\":\"T2\",\"vmImage\":\"nccachepublicacr.azurecr.io/kubevirt-ubuntu-image:4.4.0-6\",\"clusterId\":\"/subscriptions/a3eeb848-665a-4dbf-80a4-eb460930fb23/resourceGroups/nc-cli-testing_id-simdev-3323985/providers/Microsoft.NetworkCloud/clusters/simdev-3323985-cluster-1\",\"consoleExtendedLocation\":{\"name\":\"/subscriptions/a3eeb848-665a-4dbf-80a4-eb460930fb23/resourceGroups/CM-simdev-3323985-42ja7qonb6h6i/providers/Microsoft.ExtendedLocation/customLocations/sim-cluster-mgr-42ja7qonb6h6i-cl\",\"type\":\"CustomLocation\"},\"detailedStatus\":\"Running\",\"detailedStatusMessage\":\"Running - virtual machine is running.\",\"powerState\":\"On\",\"bareMetalMachineId\":\"/subscriptions/a3eeb848-665a-4dbf-80a4-eb460930fb23/resourceGroups/simdev-3323985-cluster-1-HostedResources-55678C72/providers/Microsoft.NetworkCloud/bareMetalMachines/rack1compute01\"}}",
      "isContentBase64": false
    }
  },
  "Get-AzNetworkCloudVirtualMachine+[NoContext]+ListByResourceGroup+$GET+https://management.azure.com/subscriptions/a3eeb848-665a-4dbf-80a4-eb460930fb23/resourceGroups/nc-cli-testing_id-simdev-3323985/providers/Microsoft.NetworkCloud/virtualMachines?api-version=2025-02-01+1": {
    "Request": {
      "Method": "GET",
      "RequestUri": "https://management.azure.com/subscriptions/a3eeb848-665a-4dbf-80a4-eb460930fb23/resourceGroups/nc-cli-testing_id-simdev-3323985/providers/Microsoft.NetworkCloud/virtualMachines?api-version=2025-02-01",
      "Content": null,
      "isContentBase64": false,
      "Headers": {
        "x-ms-unique-id": [ "9" ],
        "x-ms-client-request-id": [ "88ec8258-e595-46c1-bbcd-cff73ce0572c" ],
        "CommandName": [ "Get-AzNetworkCloudVirtualMachine" ],
        "FullCommandName": [ "Get-AzNetworkCloudVirtualMachine_List1" ],
        "ParameterSetName": [ "__AllParameterSets" ],
        "User-Agent": [ "AzurePowershell/v13.3.0", "PSVersion/v7.3.4", "Az.NetworkCloud/0.0.0" ],
        "Authorization": [ "[Filtered]" ]
      },
      "ContentHeaders": {
      }
    },
    "Response": {
      "StatusCode": 200,
      "Headers": {
        "Cache-Control": [ "no-cache" ],
        "Pragma": [ "no-cache" ],
        "x-ms-original-request-ids": [ "15611ea0-0098-46f0-930b-f510975704ef" ],
        "x-ms-ratelimit-remaining-subscription-reads": [ "199987" ],
        "x-ms-providerhub-traffic": [ "True" ],
        "x-ms-correlation-request-id": [ "25bc15ea-f0d6-4d87-9ad5-a1e663536d25" ],
        "x-ms-ratelimit-remaining-subscription-global-reads": [ "16499" ],
        "x-ms-request-id": [ "25bc15ea-f0d6-4d87-9ad5-a1e663536d25" ],
        "x-ms-routing-request-id": [ "WESTUS2:20250410T000916Z:25bc15ea-f0d6-4d87-9ad5-a1e663536d25" ],
        "Strict-Transport-Security": [ "max-age=31536000; includeSubDomains" ],
        "X-Content-Type-Options": [ "nosniff" ],
        "X-Cache": [ "CONFIG_NOCACHE" ],
        "X-MSEdge-Ref": [ "Ref A: 9E728C2C47F6406AAB55259787C9AE77 Ref B: MWH011020807025 Ref C: 2025-04-10T00:09:15Z" ],
        "Date": [ "Thu, 10 Apr 2025 00:09:16 GMT" ]
      },
      "ContentHeaders": {
        "Content-Length": [ "3742" ],
        "Content-Type": [ "application/json; charset=utf-8" ],
        "Expires": [ "-1" ]
      },
      "Content": "{\"value\":[{\"id\":\"/subscriptions/a3eeb848-665a-4dbf-80a4-eb460930fb23/resourceGroups/nc-cli-testing_id-simdev-3323985/providers/Microsoft.NetworkCloud/virtualMachines/psvmtest\",\"name\":\"psvmtest\",\"type\":\"microsoft.networkcloud/virtualmachines\",\"location\":\"uksouth\",\"extendedLocation\":{\"name\":\"/subscriptions/a3eeb848-665a-4dbf-80a4-eb460930fb23/resourceGroups/simdev-3323985-cluster-1-HostedResources-55678C72/providers/Microsoft.ExtendedLocation/customLocations/simdev-3323985-cluster-1-cstm-loc\",\"type\":\"CustomLocation\"},\"etag\":\"\\\"8700345b-0000-1000-0000-67f70c210000\\\"\",\"tags\":{\"tags\":\"tag1\"},\"systemData\":{\"createdBy\":\"REDACTED\",\"createdByType\":\"User\",\"createdAt\":\"2025-04-10T00:07:10.6677634Z\",\"lastModifiedBy\":\"319f651f-7ddb-4fc6-9857-7aef9250bd05\",\"lastModifiedByType\":\"Application\",\"lastModifiedAt\":\"2025-04-10T00:09:05.032684Z\"},\"properties\":{\"provisioningState\":\"Succeeded\",\"cloudServicesNetworkAttachment\":{\"attachedNetworkId\":\"/subscriptions/a3eeb848-665a-4dbf-80a4-eb460930fb23/resourceGroups/nc-cli-testing_id-simdev-3323985/providers/Microsoft.NetworkCloud/cloudServicesNetworks/csn1\",\"defaultGateway\":\"False\",\"ipAllocationMethod\":\"Dynamic\",\"networkAttachmentName\":\"cloudservices\",\"macAddress\":\"02:00:00:4c:d9:f9\",\"ipv4Address\":\"169.254.8.1\"},\"storageProfile\":{\"osDisk\":{\"createOption\":\"Ephemeral\",\"deleteOption\":\"Delete\",\"diskSizeGB\":16}},\"vmImageRepositoryCredentials\":{\"registryUrl\":\"nccachepublicacr.azurecr.io\",\"username\":\"user\"},\"adminUsername\":\"admin\",\"bootMethod\":\"UEFI\",\"cpuCores\":2,\"isolateEmulatorThread\":\"True\",\"memorySizeGB\":1,\"networkAttachments\":[{\"attachedNetworkId\":\"/subscriptions/a3eeb848-665a-4dbf-80a4-eb460930fb23/resourceGroups/nc-cli-testing_id-simdev-3323985/providers/Microsoft.NetworkCloud/l3Networks/pstestl3Network\",\"defaultGateway\":\"False\",\"ipAllocationMethod\":\"Dynamic\",\"ipv4Address\":\"10.0.32.8\",\"ipv6Address\":\"fda0:d59c:da0a:20::8\",\"macAddress\":\"02:00:00:1c:b2:2f\",\"networkAttachmentName\":\"netAttachName01\"}],\"networkData\":\"REDACTED\",\"placementHints\":[{\"hintType\":\"Affinity\",\"resourceId\":\"/subscriptions/a3eeb848-665a-4dbf-80a4-eb460930fb23/resourceGroups/simulator-HostedResources-76B2E1D8/providers/Microsoft.NetworkCloud/bareMetalMachines/rack1compute01\",\"schedulingExecution\":\"Soft\",\"scope\":\"Rack\"}],\"sshPublicKeys\":[{\"keyData\":\"ssh-rsa REDACTED\"}],\"virtioInterface\":\"Modern\",\"vmDeviceModel\":\"T2\",\"vmImage\":\"nccachepublicacr.azurecr.io/kubevirt-ubuntu-image:4.4.0-6\",\"clusterId\":\"/subscriptions/a3eeb848-665a-4dbf-80a4-eb460930fb23/resourceGroups/nc-cli-testing_id-simdev-3323985/providers/Microsoft.NetworkCloud/clusters/simdev-3323985-cluster-1\",\"consoleExtendedLocation\":{\"name\":\"/subscriptions/a3eeb848-665a-4dbf-80a4-eb460930fb23/resourceGroups/CM-simdev-3323985-42ja7qonb6h6i/providers/Microsoft.ExtendedLocation/customLocations/sim-cluster-mgr-42ja7qonb6h6i-cl\",\"type\":\"CustomLocation\"},\"detailedStatus\":\"Running\",\"detailedStatusMessage\":\"Running - virtual machine is running.\",\"powerState\":\"On\",\"bareMetalMachineId\":\"/subscriptions/a3eeb848-665a-4dbf-80a4-eb460930fb23/resourceGroups/simdev-3323985-cluster-1-HostedResources-55678C72/providers/Microsoft.NetworkCloud/bareMetalMachines/rack1compute01\"}}]}",
      "isContentBase64": false
    }
  }
}