{
  "Remove-AzNetworkCloudTrunkedNetwork+[NoContext]+Delete+$DELETE+https://management.azure.com/subscriptions/a3eeb848-665a-4dbf-80a4-eb460930fb23/resourceGroups/simulator-HostedResources-1493033C/providers/Microsoft.NetworkCloud/trunkedNetworks/trunkedNetwork-ps-test?api-version=2023-07-01+1": {
    "Request": {
      "Method": "DELETE",
      "RequestUri": "https://management.azure.com/subscriptions/a3eeb848-665a-4dbf-80a4-eb460930fb23/resourceGroups/simulator-HostedResources-1493033C/providers/Microsoft.NetworkCloud/trunkedNetworks/trunkedNetwork-ps-test?api-version=2023-07-01",
      "Content": null,
      "isContentBase64": false,
      "Headers": {
        "x-ms-unique-id": [ "8" ],
        "x-ms-client-request-id": [ "91a326e1-d7df-4af6-aaae-4a04cf00ca7c" ],
        "CommandName": [ "Remove-AzNetworkCloudTrunkedNetwork" ],
        "FullCommandName": [ "Remove-AzNetworkCloudTrunkedNetwork_Delete" ],
        "ParameterSetName": [ "__AllParameterSets" ],
        "User-Agent": [ "AzurePowershell/v0.0.0", "PSVersion/v7.3.4", "Az.NetworkCloud/0.1.0" ],
        "Authorization": [ "[Filtered]" ]
      },
      "ContentHeaders": {
      }
    },
    "Response": {
      "StatusCode": 202,
      "Headers": {
        "Cache-Control": [ "no-cache" ],
        "Pragma": [ "no-cache" ],
        "ETag": [ "\"da0064ea-0000-0100-0000-64caea3a0000\"" ],
        "Location": [ "https://management.azure.com/subscriptions/a3eeb848-665a-4dbf-80a4-eb460930fb23/providers/Microsoft.NetworkCloud/locations/EASTUS/operationStatuses/fd6d1dcb-0eaa-42b4-9b9f-7ff0609b214d*4490B14006DBD5CEBCD3AA52BFCA19BD436E75C18F17A84F052B697C0857F201?api-version=2023-07-01" ],
        "x-ms-ratelimit-remaining-subscription-deletes": [ "14998" ],
        "x-ms-providerhub-traffic": [ "True" ],
        "mise-correlation-id": [ "ee8bf439-caba-4a37-9fba-514d5bc4cb63" ],
        "x-ms-request-id": [ "00000000-0000-0000-0000-000000000000" ],
        "Azure-AsyncOperation": [ "https://management.azure.com/subscriptions/a3eeb848-665a-4dbf-80a4-eb460930fb23/providers/Microsoft.NetworkCloud/locations/EASTUS/operationStatuses/fd6d1dcb-0eaa-42b4-9b9f-7ff0609b214d*4490B14006DBD5CEBCD3AA52BFCA19BD436E75C18F17A84F052B697C0857F201?api-version=2023-07-01" ],
        "x-ms-correlation-request-id": [ "0db881be-3d5c-4acb-b708-dc1748bcd382" ],
        "x-ms-routing-request-id": [ "EASTUS:20230802T234354Z:0db881be-3d5c-4acb-b708-dc1748bcd382" ],
        "Strict-Transport-Security": [ "max-age=31536000; includeSubDomains" ],
        "X-Content-Type-Options": [ "nosniff" ],
        "Date": [ "Wed, 02 Aug 2023 23:43:54 GMT" ]
      },
      "ContentHeaders": {
        "Content-Length": [ "4" ],
        "Content-Type": [ "application/json; charset=utf-8" ],
        "Expires": [ "-1" ]
      },
      "Content": "bnVsbA==",
      "isContentBase64": false
    }
  },
  "Remove-AzNetworkCloudTrunkedNetwork+[NoContext]+Delete+$GET+https://management.azure.com/subscriptions/a3eeb848-665a-4dbf-80a4-eb460930fb23/providers/Microsoft.NetworkCloud/locations/EASTUS/operationStatuses/fd6d1dcb-0eaa-42b4-9b9f-7ff0609b214d*4490B14006DBD5CEBCD3AA52BFCA19BD436E75C18F17A84F052B697C0857F201?api-version=2023-07-01+2": {
    "Request": {
      "Method": "GET",
      "RequestUri": "https://management.azure.com/subscriptions/a3eeb848-665a-4dbf-80a4-eb460930fb23/providers/Microsoft.NetworkCloud/locations/EASTUS/operationStatuses/fd6d1dcb-0eaa-42b4-9b9f-7ff0609b214d*4490B14006DBD5CEBCD3AA52BFCA19BD436E75C18F17A84F052B697C0857F201?api-version=2023-07-01",
      "Content": null,
      "isContentBase64": false,
      "Headers": {
        "Authorization": [ "[Filtered]" ],
        "x-ms-unique-id": [ "9" ],
        "x-ms-client-request-id": [ "91a326e1-d7df-4af6-aaae-4a04cf00ca7c" ],
        "CommandName": [ "Remove-AzNetworkCloudTrunkedNetwork" ],
        "FullCommandName": [ "Remove-AzNetworkCloudTrunkedNetwork_Delete" ],
        "ParameterSetName": [ "__AllParameterSets" ],
        "User-Agent": [ "AzurePowershell/v0.0.0", "PSVersion/v7.3.4", "Az.NetworkCloud/0.1.0" ]
      },
      "ContentHeaders": {
      }
    },
    "Response": {
      "StatusCode": 200,
      "Headers": {
        "Cache-Control": [ "no-cache" ],
        "Pragma": [ "no-cache" ],
        "ETag": [ "\"5d09aac1-0000-0100-0000-64caea3f0000\"" ],
        "x-ms-ratelimit-remaining-subscription-reads": [ "11945" ],
        "x-ms-request-id": [ "1c7d7f3e-cda4-40c5-a48c-7960490ca1c1" ],
        "x-ms-correlation-request-id": [ "7d8f6737-9e97-4794-85a2-d834b670c0f1" ],
        "x-ms-routing-request-id": [ "EASTUS:20230802T234424Z:7d8f6737-9e97-4794-85a2-d834b670c0f1" ],
        "Strict-Transport-Security": [ "max-age=31536000; includeSubDomains" ],
        "X-Content-Type-Options": [ "nosniff" ],
        "Date": [ "Wed, 02 Aug 2023 23:44:24 GMT" ]
      },
      "ContentHeaders": {
        "Content-Length": [ "653" ],
        "Content-Type": [ "application/json; charset=utf-8" ],
        "Expires": [ "-1" ]
      },
      "Content": "{\"id\":\"/subscriptions/a3eeb848-665a-4dbf-80a4-eb460930fb23/providers/Microsoft.NetworkCloud/locations/EASTUS/operationStatuses/fd6d1dcb-0eaa-42b4-9b9f-7ff0609b214d*4490B14006DBD5CEBCD3AA52BFCA19BD436E75C18F17A84F052B697C0857F201\",\"name\":\"fd6d1dcb-0eaa-42b4-9b9f-7ff0609b214d*4490B14006DBD5CEBCD3AA52BFCA19BD436E75C18F17A84F052B697C0857F201\",\"resourceId\":\"/subscriptions/a3eeb848-665a-4dbf-80a4-eb460930fb23/resourceGroups/simulator-HostedResources-1493033C/providers/Microsoft.NetworkCloud/trunkedNetworks/trunkedNetwork-ps-test\",\"status\":\"Succeeded\",\"startTime\":\"2023-08-02T23:43:53.1493883Z\",\"endTime\":\"2023-08-02T23:43:59.6416708Z\",\"properties\":null}",
      "isContentBase64": false
    }
  },
  "Remove-AzNetworkCloudTrunkedNetwork+[NoContext]+Delete+$GET+https://management.azure.com/subscriptions/a3eeb848-665a-4dbf-80a4-eb460930fb23/providers/Microsoft.NetworkCloud/locations/EASTUS/operationStatuses/fd6d1dcb-0eaa-42b4-9b9f-7ff0609b214d*4490B14006DBD5CEBCD3AA52BFCA19BD436E75C18F17A84F052B697C0857F201?api-version=2023-07-01+3": {
    "Request": {
      "Method": "GET",
      "RequestUri": "https://management.azure.com/subscriptions/a3eeb848-665a-4dbf-80a4-eb460930fb23/providers/Microsoft.NetworkCloud/locations/EASTUS/operationStatuses/fd6d1dcb-0eaa-42b4-9b9f-7ff0609b214d*4490B14006DBD5CEBCD3AA52BFCA19BD436E75C18F17A84F052B697C0857F201?api-version=2023-07-01",
      "Content": null,
      "isContentBase64": false,
      "Headers": {
        "Authorization": [ "[Filtered]" ],
        "x-ms-unique-id": [ "10" ],
        "x-ms-client-request-id": [ "91a326e1-d7df-4af6-aaae-4a04cf00ca7c" ],
        "CommandName": [ "Remove-AzNetworkCloudTrunkedNetwork" ],
        "FullCommandName": [ "Remove-AzNetworkCloudTrunkedNetwork_Delete" ],
        "ParameterSetName": [ "__AllParameterSets" ],
        "User-Agent": [ "AzurePowershell/v0.0.0", "PSVersion/v7.3.4", "Az.NetworkCloud/0.1.0" ]
      },
      "ContentHeaders": {
      }
    },
    "Response": {
      "StatusCode": 200,
      "Headers": {
        "Cache-Control": [ "no-cache" ],
        "Pragma": [ "no-cache" ],
        "ETag": [ "\"5d09aac1-0000-0100-0000-64caea3f0000\"" ],
        "x-ms-ratelimit-remaining-subscription-reads": [ "11944" ],
        "x-ms-request-id": [ "3c2f40d6-daac-43e2-b867-8824808a5fa8" ],
        "x-ms-correlation-request-id": [ "eda6a34f-1e56-4cae-abf8-cefdaa2166a9" ],
        "x-ms-routing-request-id": [ "EASTUS:20230802T234425Z:eda6a34f-1e56-4cae-abf8-cefdaa2166a9" ],
        "Strict-Transport-Security": [ "max-age=31536000; includeSubDomains" ],
        "X-Content-Type-Options": [ "nosniff" ],
        "Date": [ "Wed, 02 Aug 2023 23:44:24 GMT" ]
      },
      "ContentHeaders": {
        "Content-Length": [ "653" ],
        "Content-Type": [ "application/json; charset=utf-8" ],
        "Expires": [ "-1" ]
      },
      "Content": "{\"id\":\"/subscriptions/a3eeb848-665a-4dbf-80a4-eb460930fb23/providers/Microsoft.NetworkCloud/locations/EASTUS/operationStatuses/fd6d1dcb-0eaa-42b4-9b9f-7ff0609b214d*4490B14006DBD5CEBCD3AA52BFCA19BD436E75C18F17A84F052B697C0857F201\",\"name\":\"fd6d1dcb-0eaa-42b4-9b9f-7ff0609b214d*4490B14006DBD5CEBCD3AA52BFCA19BD436E75C18F17A84F052B697C0857F201\",\"resourceId\":\"/subscriptions/a3eeb848-665a-4dbf-80a4-eb460930fb23/resourceGroups/simulator-HostedResources-1493033C/providers/Microsoft.NetworkCloud/trunkedNetworks/trunkedNetwork-ps-test\",\"status\":\"Succeeded\",\"startTime\":\"2023-08-02T23:43:53.1493883Z\",\"endTime\":\"2023-08-02T23:43:59.6416708Z\",\"properties\":null}",
      "isContentBase64": false
    }
  }
}