{
  "Entries": [
    {
      "RequestUri": "/subscriptions/b36cdf46-b75d-4dc2-9fe1-1296ee8c623d/resourceGroups/azurermsfrg/providers/Microsoft.ServiceFabric/clusters/azurermsfclustertest?api-version=2020-03-01",
      "EncodedRequestUri": "L3N1YnNjcmlwdGlvbnMvYjM2Y2RmNDYtYjc1ZC00ZGMyLTlmZTEtMTI5NmVlOGM2MjNkL3Jlc291cmNlR3JvdXBzL2F6dXJlcm1zZnJnL3Byb3ZpZGVycy9NaWNyb3NvZnQuU2VydmljZUZhYnJpYy9jbHVzdGVycy9henVyZXJtc2ZjbHVzdGVydGVzdD9hcGktdmVyc2lvbj0yMDIwLTAzLTAx",
      "RequestMethod": "GET",
      "RequestBody": "",
      "RequestHeaders": {
        "x-ms-client-request-id": [
          "2057992b-86b3-4e4a-bf46-f5ff74075dae"
        ],
        "Accept-Language": [
          "en-US"
        ],
        "User-Agent": [
          "FxVersion/4.6.29812.02",
          "OSName/Windows",
          "OSVersion/Microsoft.Windows.10.0.19042.",
          "Microsoft.Azure.Management.ServiceFabric.ServiceFabricManagementClient/1.3.0.0"
        ]
      },
      "ResponseHeaders": {
        "Cache-Control": [
          "no-cache"
        ],
        "Pragma": [
          "no-cache"
        ],
        "Strict-Transport-Security": [
          "max-age=31536000; includeSubDomains"
        ],
        "X-Content-Type-Options": [
          "nosniff"
        ],
        "Server": [
          "Microsoft-HTTPAPI/2.0,Microsoft-HTTPAPI/2.0 Microsoft-HTTPAPI/2.0"
        ],
        "x-ms-ratelimit-remaining-subscription-reads": [
          "11999"
        ],
        "x-ms-request-id": [
          "56750135-1caf-4136-9e91-c17b0b11351f"
        ],
        "x-ms-correlation-request-id": [
          "56750135-1caf-4136-9e91-c17b0b11351f"
        ],
        "x-ms-routing-request-id": [
          "WESTCENTRALUS:20210310T191835Z:56750135-1caf-4136-9e91-c17b0b11351f"
        ],
        "Date": [
          "Wed, 10 Mar 2021 19:18:35 GMT"
        ],
        "Content-Length": [
          "2957"
        ],
        "Content-Type": [
          "application/json"
        ],
        "Expires": [
          "-1"
        ]
      },
      "ResponseBody": "{\r\n  \"type\": \"Microsoft.ServiceFabric/clusters\",\r\n  \"location\": \"southcentralus\",\r\n  \"id\": \"/subscriptions/b36cdf46-b75d-4dc2-9fe1-1296ee8c623d/resourcegroups/azurermsfrg/providers/Microsoft.ServiceFabric/clusters/azurermsfclustertest\",\r\n  \"name\": \"azurermsfclustertest\",\r\n  \"tags\": {},\r\n  \"etag\": \"W/\\\"637509265581228430\\\"\",\r\n  \"properties\": {\r\n    \"provisioningState\": \"Succeeded\",\r\n    \"clusterId\": \"395da2f8-755c-4eec-a5a8-b17098380ae6\",\r\n    \"clusterCodeVersion\": \"7.2.477.9590\",\r\n    \"clusterState\": \"Ready\",\r\n    \"managementEndpoint\": \"https://azurermsfclustertest.southcentralus.cloudapp.azure.com:19080\",\r\n    \"clusterEndpoint\": \"https://warp-test-winfabrp-southcentralus.trafficmanager.net/runtime/clusters/395da2f8-755c-4eec-a5a8-b17098380ae6\",\r\n    \"certificate\": {\r\n      \"thumbprint\": \"ED1647D7E58F9F69E473B4700A0CCED50F7F65B0\",\r\n      \"thumbprintSecondary\": \"D1DC34B88497F50FB0C0F019DA74E4DA5FADD56D\",\r\n      \"x509StoreName\": \"My\"\r\n    },\r\n    \"clientCertificateThumbprints\": [],\r\n    \"clientCertificateCommonNames\": [\r\n      {\r\n        \"certificateCommonName\": \"cn=AzureRMSFTestCert2\",\r\n        \"certificateIssuerThumbprint\": \"D1DC34B88497F50FB0C0F019DA74E4DA5FADD56D\",\r\n        \"isAdmin\": false\r\n      }\r\n    ],\r\n    \"fabricSettings\": [\r\n      {\r\n        \"name\": \"Security\",\r\n        \"parameters\": [\r\n          {\r\n            \"name\": \"ClusterProtectionLevel\",\r\n            \"value\": \"EncryptAndSign\"\r\n          }\r\n        ]\r\n      },\r\n      {\r\n        \"name\": \"NamingService\",\r\n        \"parameters\": [\r\n          {\r\n            \"name\": \"MaxFileOperationTimeout\",\r\n            \"value\": \"5000\"\r\n          }\r\n        ]\r\n      }\r\n    ],\r\n    \"vmImage\": \"Windows\",\r\n    \"reliabilityLevel\": \"Silver\",\r\n    \"nodeTypes\": [\r\n      {\r\n        \"name\": \"nt1vm\",\r\n        \"vmInstanceCount\": 5,\r\n        \"clientConnectionEndpointPort\": 19000,\r\n        \"httpGatewayEndpointPort\": 19080,\r\n        \"applicationPorts\": {\r\n          \"startPort\": 20000,\r\n          \"endPort\": 30000\r\n        },\r\n        \"ephemeralPorts\": {\r\n          \"startPort\": 49152,\r\n          \"endPort\": 65534\r\n        },\r\n        \"isPrimary\": true,\r\n        \"durabilityLevel\": \"Bronze\"\r\n      }\r\n    ],\r\n    \"diagnosticsStorageAccountConfig\": {\r\n      \"storageAccountName\": \"movceivkf3yzy2\",\r\n      \"primaryAccessKey\": \"\",\r\n      \"secondaryAccessKey\": \"\",\r\n      \"protectedAccountKeyName\": \"StorageAccountKey1\",\r\n      \"blobEndpoint\": \"https://movceivkf3yzy2.blob.core.windows.net/\",\r\n      \"queueEndpoint\": \"https://movceivkf3yzy2.queue.core.windows.net/\",\r\n      \"tableEndpoint\": \"https://movceivkf3yzy2.table.core.windows.net/\",\r\n      \"protectedAccountKeyName2\": \"\"\r\n    },\r\n    \"upgradeMode\": \"Automatic\",\r\n    \"addonFeatures\": [\r\n      \"DnsService\",\r\n      \"RepairManager\"\r\n    ],\r\n    \"availableClusterVersions\": [\r\n      {\r\n        \"codeVersion\": \"7.2.477.9590\",\r\n        \"supportExpiryUtc\": \"9999-12-31T23:59:59.9999999\",\r\n        \"environment\": \"Windows\"\r\n      }\r\n    ]\r\n  }\r\n}",
      "StatusCode": 200
    },
    {
      "RequestUri": "/subscriptions/b36cdf46-b75d-4dc2-9fe1-1296ee8c623d/resourceGroups/azurermsfrg/providers/Microsoft.ServiceFabric/clusters/azurermsfclustertest?api-version=2020-03-01",
      "EncodedRequestUri": "L3N1YnNjcmlwdGlvbnMvYjM2Y2RmNDYtYjc1ZC00ZGMyLTlmZTEtMTI5NmVlOGM2MjNkL3Jlc291cmNlR3JvdXBzL2F6dXJlcm1zZnJnL3Byb3ZpZGVycy9NaWNyb3NvZnQuU2VydmljZUZhYnJpYy9jbHVzdGVycy9henVyZXJtc2ZjbHVzdGVydGVzdD9hcGktdmVyc2lvbj0yMDIwLTAzLTAx",
      "RequestMethod": "GET",
      "RequestBody": "",
      "RequestHeaders": {
        "x-ms-client-request-id": [
          "2117d67f-c1f0-4918-a683-ea33d8205f12"
        ],
        "Accept-Language": [
          "en-US"
        ],
        "User-Agent": [
          "FxVersion/4.6.29812.02",
          "OSName/Windows",
          "OSVersion/Microsoft.Windows.10.0.19042.",
          "Microsoft.Azure.Management.ServiceFabric.ServiceFabricManagementClient/1.3.0.0"
        ]
      },
      "ResponseHeaders": {
        "Cache-Control": [
          "no-cache"
        ],
        "Pragma": [
          "no-cache"
        ],
        "Strict-Transport-Security": [
          "max-age=31536000; includeSubDomains"
        ],
        "X-Content-Type-Options": [
          "nosniff"
        ],
        "Server": [
          "Microsoft-HTTPAPI/2.0,Microsoft-HTTPAPI/2.0 Microsoft-HTTPAPI/2.0"
        ],
        "x-ms-ratelimit-remaining-subscription-reads": [
          "11998"
        ],
        "x-ms-request-id": [
          "37722c27-1481-41bd-9187-3b008fce0cd8"
        ],
        "x-ms-correlation-request-id": [
          "37722c27-1481-41bd-9187-3b008fce0cd8"
        ],
        "x-ms-routing-request-id": [
          "WESTCENTRALUS:20210310T191835Z:37722c27-1481-41bd-9187-3b008fce0cd8"
        ],
        "Date": [
          "Wed, 10 Mar 2021 19:18:35 GMT"
        ],
        "Content-Length": [
          "2957"
        ],
        "Content-Type": [
          "application/json"
        ],
        "Expires": [
          "-1"
        ]
      },
      "ResponseBody": "{\r\n  \"type\": \"Microsoft.ServiceFabric/clusters\",\r\n  \"location\": \"southcentralus\",\r\n  \"id\": \"/subscriptions/b36cdf46-b75d-4dc2-9fe1-1296ee8c623d/resourcegroups/azurermsfrg/providers/Microsoft.ServiceFabric/clusters/azurermsfclustertest\",\r\n  \"name\": \"azurermsfclustertest\",\r\n  \"tags\": {},\r\n  \"etag\": \"W/\\\"637509265581228430\\\"\",\r\n  \"properties\": {\r\n    \"provisioningState\": \"Succeeded\",\r\n    \"clusterId\": \"395da2f8-755c-4eec-a5a8-b17098380ae6\",\r\n    \"clusterCodeVersion\": \"7.2.477.9590\",\r\n    \"clusterState\": \"Ready\",\r\n    \"managementEndpoint\": \"https://azurermsfclustertest.southcentralus.cloudapp.azure.com:19080\",\r\n    \"clusterEndpoint\": \"https://warp-test-winfabrp-southcentralus.trafficmanager.net/runtime/clusters/395da2f8-755c-4eec-a5a8-b17098380ae6\",\r\n    \"certificate\": {\r\n      \"thumbprint\": \"ED1647D7E58F9F69E473B4700A0CCED50F7F65B0\",\r\n      \"thumbprintSecondary\": \"D1DC34B88497F50FB0C0F019DA74E4DA5FADD56D\",\r\n      \"x509StoreName\": \"My\"\r\n    },\r\n    \"clientCertificateThumbprints\": [],\r\n    \"clientCertificateCommonNames\": [\r\n      {\r\n        \"certificateCommonName\": \"cn=AzureRMSFTestCert2\",\r\n        \"certificateIssuerThumbprint\": \"D1DC34B88497F50FB0C0F019DA74E4DA5FADD56D\",\r\n        \"isAdmin\": false\r\n      }\r\n    ],\r\n    \"fabricSettings\": [\r\n      {\r\n        \"name\": \"Security\",\r\n        \"parameters\": [\r\n          {\r\n            \"name\": \"ClusterProtectionLevel\",\r\n            \"value\": \"EncryptAndSign\"\r\n          }\r\n        ]\r\n      },\r\n      {\r\n        \"name\": \"NamingService\",\r\n        \"parameters\": [\r\n          {\r\n            \"name\": \"MaxFileOperationTimeout\",\r\n            \"value\": \"5000\"\r\n          }\r\n        ]\r\n      }\r\n    ],\r\n    \"vmImage\": \"Windows\",\r\n    \"reliabilityLevel\": \"Silver\",\r\n    \"nodeTypes\": [\r\n      {\r\n        \"name\": \"nt1vm\",\r\n        \"vmInstanceCount\": 5,\r\n        \"clientConnectionEndpointPort\": 19000,\r\n        \"httpGatewayEndpointPort\": 19080,\r\n        \"applicationPorts\": {\r\n          \"startPort\": 20000,\r\n          \"endPort\": 30000\r\n        },\r\n        \"ephemeralPorts\": {\r\n          \"startPort\": 49152,\r\n          \"endPort\": 65534\r\n        },\r\n        \"isPrimary\": true,\r\n        \"durabilityLevel\": \"Bronze\"\r\n      }\r\n    ],\r\n    \"diagnosticsStorageAccountConfig\": {\r\n      \"storageAccountName\": \"movceivkf3yzy2\",\r\n      \"primaryAccessKey\": \"\",\r\n      \"secondaryAccessKey\": \"\",\r\n      \"protectedAccountKeyName\": \"StorageAccountKey1\",\r\n      \"blobEndpoint\": \"https://movceivkf3yzy2.blob.core.windows.net/\",\r\n      \"queueEndpoint\": \"https://movceivkf3yzy2.queue.core.windows.net/\",\r\n      \"tableEndpoint\": \"https://movceivkf3yzy2.table.core.windows.net/\",\r\n      \"protectedAccountKeyName2\": \"\"\r\n    },\r\n    \"upgradeMode\": \"Automatic\",\r\n    \"addonFeatures\": [\r\n      \"DnsService\",\r\n      \"RepairManager\"\r\n    ],\r\n    \"availableClusterVersions\": [\r\n      {\r\n        \"codeVersion\": \"7.2.477.9590\",\r\n        \"supportExpiryUtc\": \"9999-12-31T23:59:59.9999999\",\r\n        \"environment\": \"Windows\"\r\n      }\r\n    ]\r\n  }\r\n}",
      "StatusCode": 200
    },
    {
      "RequestUri": "/subscriptions/b36cdf46-b75d-4dc2-9fe1-1296ee8c623d/resourceGroups/azurermsfrg/providers/Microsoft.ServiceFabric/clusters/azurermsfclustertest?api-version=2020-03-01",
      "EncodedRequestUri": "L3N1YnNjcmlwdGlvbnMvYjM2Y2RmNDYtYjc1ZC00ZGMyLTlmZTEtMTI5NmVlOGM2MjNkL3Jlc291cmNlR3JvdXBzL2F6dXJlcm1zZnJnL3Byb3ZpZGVycy9NaWNyb3NvZnQuU2VydmljZUZhYnJpYy9jbHVzdGVycy9henVyZXJtc2ZjbHVzdGVydGVzdD9hcGktdmVyc2lvbj0yMDIwLTAzLTAx",
      "RequestMethod": "GET",
      "RequestBody": "",
      "RequestHeaders": {
        "x-ms-client-request-id": [
          "2117d67f-c1f0-4918-a683-ea33d8205f12"
        ],
        "Accept-Language": [
          "en-US"
        ],
        "User-Agent": [
          "FxVersion/4.6.29812.02",
          "OSName/Windows",
          "OSVersion/Microsoft.Windows.10.0.19042.",
          "Microsoft.Azure.Management.ServiceFabric.ServiceFabricManagementClient/1.3.0.0"
        ]
      },
      "ResponseHeaders": {
        "Cache-Control": [
          "no-cache"
        ],
        "Pragma": [
          "no-cache"
        ],
        "Strict-Transport-Security": [
          "max-age=31536000; includeSubDomains"
        ],
        "X-Content-Type-Options": [
          "nosniff"
        ],
        "Server": [
          "Microsoft-HTTPAPI/2.0,Microsoft-HTTPAPI/2.0 Microsoft-HTTPAPI/2.0"
        ],
        "x-ms-ratelimit-remaining-subscription-reads": [
          "11997"
        ],
        "x-ms-request-id": [
          "c2fdf51d-4225-4aa5-bb43-7202f90a83c4"
        ],
        "x-ms-correlation-request-id": [
          "c2fdf51d-4225-4aa5-bb43-7202f90a83c4"
        ],
        "x-ms-routing-request-id": [
          "WESTCENTRALUS:20210310T191835Z:c2fdf51d-4225-4aa5-bb43-7202f90a83c4"
        ],
        "Date": [
          "Wed, 10 Mar 2021 19:18:35 GMT"
        ],
        "Content-Length": [
          "2957"
        ],
        "Content-Type": [
          "application/json"
        ],
        "Expires": [
          "-1"
        ]
      },
      "ResponseBody": "{\r\n  \"type\": \"Microsoft.ServiceFabric/clusters\",\r\n  \"location\": \"southcentralus\",\r\n  \"id\": \"/subscriptions/b36cdf46-b75d-4dc2-9fe1-1296ee8c623d/resourcegroups/azurermsfrg/providers/Microsoft.ServiceFabric/clusters/azurermsfclustertest\",\r\n  \"name\": \"azurermsfclustertest\",\r\n  \"tags\": {},\r\n  \"etag\": \"W/\\\"637509265581228430\\\"\",\r\n  \"properties\": {\r\n    \"provisioningState\": \"Succeeded\",\r\n    \"clusterId\": \"395da2f8-755c-4eec-a5a8-b17098380ae6\",\r\n    \"clusterCodeVersion\": \"7.2.477.9590\",\r\n    \"clusterState\": \"Ready\",\r\n    \"managementEndpoint\": \"https://azurermsfclustertest.southcentralus.cloudapp.azure.com:19080\",\r\n    \"clusterEndpoint\": \"https://warp-test-winfabrp-southcentralus.trafficmanager.net/runtime/clusters/395da2f8-755c-4eec-a5a8-b17098380ae6\",\r\n    \"certificate\": {\r\n      \"thumbprint\": \"ED1647D7E58F9F69E473B4700A0CCED50F7F65B0\",\r\n      \"thumbprintSecondary\": \"D1DC34B88497F50FB0C0F019DA74E4DA5FADD56D\",\r\n      \"x509StoreName\": \"My\"\r\n    },\r\n    \"clientCertificateThumbprints\": [],\r\n    \"clientCertificateCommonNames\": [\r\n      {\r\n        \"certificateCommonName\": \"cn=AzureRMSFTestCert2\",\r\n        \"certificateIssuerThumbprint\": \"D1DC34B88497F50FB0C0F019DA74E4DA5FADD56D\",\r\n        \"isAdmin\": false\r\n      }\r\n    ],\r\n    \"fabricSettings\": [\r\n      {\r\n        \"name\": \"Security\",\r\n        \"parameters\": [\r\n          {\r\n            \"name\": \"ClusterProtectionLevel\",\r\n            \"value\": \"EncryptAndSign\"\r\n          }\r\n        ]\r\n      },\r\n      {\r\n        \"name\": \"NamingService\",\r\n        \"parameters\": [\r\n          {\r\n            \"name\": \"MaxFileOperationTimeout\",\r\n            \"value\": \"5000\"\r\n          }\r\n        ]\r\n      }\r\n    ],\r\n    \"vmImage\": \"Windows\",\r\n    \"reliabilityLevel\": \"Silver\",\r\n    \"nodeTypes\": [\r\n      {\r\n        \"name\": \"nt1vm\",\r\n        \"vmInstanceCount\": 5,\r\n        \"clientConnectionEndpointPort\": 19000,\r\n        \"httpGatewayEndpointPort\": 19080,\r\n        \"applicationPorts\": {\r\n          \"startPort\": 20000,\r\n          \"endPort\": 30000\r\n        },\r\n        \"ephemeralPorts\": {\r\n          \"startPort\": 49152,\r\n          \"endPort\": 65534\r\n        },\r\n        \"isPrimary\": true,\r\n        \"durabilityLevel\": \"Bronze\"\r\n      }\r\n    ],\r\n    \"diagnosticsStorageAccountConfig\": {\r\n      \"storageAccountName\": \"movceivkf3yzy2\",\r\n      \"primaryAccessKey\": \"\",\r\n      \"secondaryAccessKey\": \"\",\r\n      \"protectedAccountKeyName\": \"StorageAccountKey1\",\r\n      \"blobEndpoint\": \"https://movceivkf3yzy2.blob.core.windows.net/\",\r\n      \"queueEndpoint\": \"https://movceivkf3yzy2.queue.core.windows.net/\",\r\n      \"tableEndpoint\": \"https://movceivkf3yzy2.table.core.windows.net/\",\r\n      \"protectedAccountKeyName2\": \"\"\r\n    },\r\n    \"upgradeMode\": \"Automatic\",\r\n    \"addonFeatures\": [\r\n      \"DnsService\",\r\n      \"RepairManager\"\r\n    ],\r\n    \"availableClusterVersions\": [\r\n      {\r\n        \"codeVersion\": \"7.2.477.9590\",\r\n        \"supportExpiryUtc\": \"9999-12-31T23:59:59.9999999\",\r\n        \"environment\": \"Windows\"\r\n      }\r\n    ]\r\n  }\r\n}",
      "StatusCode": 200
    },
    {
      "RequestUri": "/subscriptions/b36cdf46-b75d-4dc2-9fe1-1296ee8c623d/resourceGroups/azurermsfrg/providers/Microsoft.ServiceFabric/clusters/azurermsfclustertest?api-version=2020-03-01",
      "EncodedRequestUri": "L3N1YnNjcmlwdGlvbnMvYjM2Y2RmNDYtYjc1ZC00ZGMyLTlmZTEtMTI5NmVlOGM2MjNkL3Jlc291cmNlR3JvdXBzL2F6dXJlcm1zZnJnL3Byb3ZpZGVycy9NaWNyb3NvZnQuU2VydmljZUZhYnJpYy9jbHVzdGVycy9henVyZXJtc2ZjbHVzdGVydGVzdD9hcGktdmVyc2lvbj0yMDIwLTAzLTAx",
      "RequestMethod": "GET",
      "RequestBody": "",
      "RequestHeaders": {
        "x-ms-client-request-id": [
          "2117d67f-c1f0-4918-a683-ea33d8205f12"
        ],
        "User-Agent": [
          "FxVersion/4.6.29812.02",
          "OSName/Windows",
          "OSVersion/Microsoft.Windows.10.0.19042.",
          "Microsoft.Azure.Management.ServiceFabric.ServiceFabricManagementClient/1.3.0.0"
        ]
      },
      "ResponseHeaders": {
        "Cache-Control": [
          "no-cache"
        ],
        "Pragma": [
          "no-cache"
        ],
        "Strict-Transport-Security": [
          "max-age=31536000; includeSubDomains"
        ],
        "X-Content-Type-Options": [
          "nosniff"
        ],
        "Server": [
          "Microsoft-HTTPAPI/2.0,Microsoft-HTTPAPI/2.0 Microsoft-HTTPAPI/2.0"
        ],
        "x-ms-ratelimit-remaining-subscription-reads": [
          "11971"
        ],
        "x-ms-request-id": [
          "3c75214d-b7b9-4f9a-8fcc-2b53fa733419"
        ],
        "x-ms-correlation-request-id": [
          "3c75214d-b7b9-4f9a-8fcc-2b53fa733419"
        ],
        "x-ms-routing-request-id": [
          "WESTCENTRALUS:20210310T194342Z:3c75214d-b7b9-4f9a-8fcc-2b53fa733419"
        ],
        "Date": [
          "Wed, 10 Mar 2021 19:43:41 GMT"
        ],
        "Content-Length": [
          "2957"
        ],
        "Content-Type": [
          "application/json"
        ],
        "Expires": [
          "-1"
        ]
      },
      "ResponseBody": "{\r\n  \"type\": \"Microsoft.ServiceFabric/clusters\",\r\n  \"location\": \"southcentralus\",\r\n  \"id\": \"/subscriptions/b36cdf46-b75d-4dc2-9fe1-1296ee8c623d/resourcegroups/azurermsfrg/providers/Microsoft.ServiceFabric/clusters/azurermsfclustertest\",\r\n  \"name\": \"azurermsfclustertest\",\r\n  \"tags\": {},\r\n  \"etag\": \"W/\\\"637509265581228431\\\"\",\r\n  \"properties\": {\r\n    \"provisioningState\": \"Succeeded\",\r\n    \"clusterId\": \"395da2f8-755c-4eec-a5a8-b17098380ae6\",\r\n    \"clusterCodeVersion\": \"7.2.477.9590\",\r\n    \"clusterState\": \"Ready\",\r\n    \"managementEndpoint\": \"https://azurermsfclustertest.southcentralus.cloudapp.azure.com:19080\",\r\n    \"clusterEndpoint\": \"https://warp-test-winfabrp-southcentralus.trafficmanager.net/runtime/clusters/395da2f8-755c-4eec-a5a8-b17098380ae6\",\r\n    \"certificate\": {\r\n      \"thumbprint\": \"ED1647D7E58F9F69E473B4700A0CCED50F7F65B0\",\r\n      \"thumbprintSecondary\": \"D1DC34B88497F50FB0C0F019DA74E4DA5FADD56D\",\r\n      \"x509StoreName\": \"My\"\r\n    },\r\n    \"clientCertificateThumbprints\": [],\r\n    \"clientCertificateCommonNames\": [\r\n      {\r\n        \"certificateCommonName\": \"cn=AzureRMSFTestCert2\",\r\n        \"certificateIssuerThumbprint\": \"D1DC34B88497F50FB0C0F019DA74E4DA5FADD56D\",\r\n        \"isAdmin\": false\r\n      }\r\n    ],\r\n    \"fabricSettings\": [\r\n      {\r\n        \"name\": \"Security\",\r\n        \"parameters\": [\r\n          {\r\n            \"name\": \"ClusterProtectionLevel\",\r\n            \"value\": \"EncryptAndSign\"\r\n          }\r\n        ]\r\n      },\r\n      {\r\n        \"name\": \"NamingService\",\r\n        \"parameters\": [\r\n          {\r\n            \"name\": \"MaxFileOperationTimeout\",\r\n            \"value\": \"5000\"\r\n          }\r\n        ]\r\n      }\r\n    ],\r\n    \"vmImage\": \"Windows\",\r\n    \"reliabilityLevel\": \"Bronze\",\r\n    \"nodeTypes\": [\r\n      {\r\n        \"name\": \"nt1vm\",\r\n        \"vmInstanceCount\": 5,\r\n        \"clientConnectionEndpointPort\": 19000,\r\n        \"httpGatewayEndpointPort\": 19080,\r\n        \"applicationPorts\": {\r\n          \"startPort\": 20000,\r\n          \"endPort\": 30000\r\n        },\r\n        \"ephemeralPorts\": {\r\n          \"startPort\": 49152,\r\n          \"endPort\": 65534\r\n        },\r\n        \"isPrimary\": true,\r\n        \"durabilityLevel\": \"Bronze\"\r\n      }\r\n    ],\r\n    \"diagnosticsStorageAccountConfig\": {\r\n      \"storageAccountName\": \"movceivkf3yzy2\",\r\n      \"primaryAccessKey\": \"\",\r\n      \"secondaryAccessKey\": \"\",\r\n      \"protectedAccountKeyName\": \"StorageAccountKey1\",\r\n      \"blobEndpoint\": \"https://movceivkf3yzy2.blob.core.windows.net/\",\r\n      \"queueEndpoint\": \"https://movceivkf3yzy2.queue.core.windows.net/\",\r\n      \"tableEndpoint\": \"https://movceivkf3yzy2.table.core.windows.net/\",\r\n      \"protectedAccountKeyName2\": \"\"\r\n    },\r\n    \"upgradeMode\": \"Automatic\",\r\n    \"addonFeatures\": [\r\n      \"DnsService\",\r\n      \"RepairManager\"\r\n    ],\r\n    \"availableClusterVersions\": [\r\n      {\r\n        \"codeVersion\": \"7.2.477.9590\",\r\n        \"supportExpiryUtc\": \"9999-12-31T23:59:59.9999999\",\r\n        \"environment\": \"Windows\"\r\n      }\r\n    ]\r\n  }\r\n}",
      "StatusCode": 200
    },
    {
      "RequestUri": "/subscriptions/b36cdf46-b75d-4dc2-9fe1-1296ee8c623d/resourceGroups/azurermsfrg/providers/Microsoft.ServiceFabric/clusters/azurermsfclustertest?api-version=2020-03-01",
      "EncodedRequestUri": "L3N1YnNjcmlwdGlvbnMvYjM2Y2RmNDYtYjc1ZC00ZGMyLTlmZTEtMTI5NmVlOGM2MjNkL3Jlc291cmNlR3JvdXBzL2F6dXJlcm1zZnJnL3Byb3ZpZGVycy9NaWNyb3NvZnQuU2VydmljZUZhYnJpYy9jbHVzdGVycy9henVyZXJtc2ZjbHVzdGVydGVzdD9hcGktdmVyc2lvbj0yMDIwLTAzLTAx",
      "RequestMethod": "GET",
      "RequestBody": "",
      "RequestHeaders": {
        "x-ms-client-request-id": [
          "084f88ed-2edc-4d90-a0c2-3788662f761c"
        ],
        "Accept-Language": [
          "en-US"
        ],
        "User-Agent": [
          "FxVersion/4.6.29812.02",
          "OSName/Windows",
          "OSVersion/Microsoft.Windows.10.0.19042.",
          "Microsoft.Azure.Management.ServiceFabric.ServiceFabricManagementClient/1.3.0.0"
        ]
      },
      "ResponseHeaders": {
        "Cache-Control": [
          "no-cache"
        ],
        "Pragma": [
          "no-cache"
        ],
        "Strict-Transport-Security": [
          "max-age=31536000; includeSubDomains"
        ],
        "X-Content-Type-Options": [
          "nosniff"
        ],
        "Server": [
          "Microsoft-HTTPAPI/2.0,Microsoft-HTTPAPI/2.0 Microsoft-HTTPAPI/2.0"
        ],
        "x-ms-ratelimit-remaining-subscription-reads": [
          "11970"
        ],
        "x-ms-request-id": [
          "a1236442-6551-4777-b22e-cdf8fd5841e6"
        ],
        "x-ms-correlation-request-id": [
          "a1236442-6551-4777-b22e-cdf8fd5841e6"
        ],
        "x-ms-routing-request-id": [
          "WESTCENTRALUS:20210310T194342Z:a1236442-6551-4777-b22e-cdf8fd5841e6"
        ],
        "Date": [
          "Wed, 10 Mar 2021 19:43:41 GMT"
        ],
        "Content-Length": [
          "2957"
        ],
        "Content-Type": [
          "application/json"
        ],
        "Expires": [
          "-1"
        ]
      },
      "ResponseBody": "{\r\n  \"type\": \"Microsoft.ServiceFabric/clusters\",\r\n  \"location\": \"southcentralus\",\r\n  \"id\": \"/subscriptions/b36cdf46-b75d-4dc2-9fe1-1296ee8c623d/resourcegroups/azurermsfrg/providers/Microsoft.ServiceFabric/clusters/azurermsfclustertest\",\r\n  \"name\": \"azurermsfclustertest\",\r\n  \"tags\": {},\r\n  \"etag\": \"W/\\\"637509265581228431\\\"\",\r\n  \"properties\": {\r\n    \"provisioningState\": \"Succeeded\",\r\n    \"clusterId\": \"395da2f8-755c-4eec-a5a8-b17098380ae6\",\r\n    \"clusterCodeVersion\": \"7.2.477.9590\",\r\n    \"clusterState\": \"Ready\",\r\n    \"managementEndpoint\": \"https://azurermsfclustertest.southcentralus.cloudapp.azure.com:19080\",\r\n    \"clusterEndpoint\": \"https://warp-test-winfabrp-southcentralus.trafficmanager.net/runtime/clusters/395da2f8-755c-4eec-a5a8-b17098380ae6\",\r\n    \"certificate\": {\r\n      \"thumbprint\": \"ED1647D7E58F9F69E473B4700A0CCED50F7F65B0\",\r\n      \"thumbprintSecondary\": \"D1DC34B88497F50FB0C0F019DA74E4DA5FADD56D\",\r\n      \"x509StoreName\": \"My\"\r\n    },\r\n    \"clientCertificateThumbprints\": [],\r\n    \"clientCertificateCommonNames\": [\r\n      {\r\n        \"certificateCommonName\": \"cn=AzureRMSFTestCert2\",\r\n        \"certificateIssuerThumbprint\": \"D1DC34B88497F50FB0C0F019DA74E4DA5FADD56D\",\r\n        \"isAdmin\": false\r\n      }\r\n    ],\r\n    \"fabricSettings\": [\r\n      {\r\n        \"name\": \"Security\",\r\n        \"parameters\": [\r\n          {\r\n            \"name\": \"ClusterProtectionLevel\",\r\n            \"value\": \"EncryptAndSign\"\r\n          }\r\n        ]\r\n      },\r\n      {\r\n        \"name\": \"NamingService\",\r\n        \"parameters\": [\r\n          {\r\n            \"name\": \"MaxFileOperationTimeout\",\r\n            \"value\": \"5000\"\r\n          }\r\n        ]\r\n      }\r\n    ],\r\n    \"vmImage\": \"Windows\",\r\n    \"reliabilityLevel\": \"Bronze\",\r\n    \"nodeTypes\": [\r\n      {\r\n        \"name\": \"nt1vm\",\r\n        \"vmInstanceCount\": 5,\r\n        \"clientConnectionEndpointPort\": 19000,\r\n        \"httpGatewayEndpointPort\": 19080,\r\n        \"applicationPorts\": {\r\n          \"startPort\": 20000,\r\n          \"endPort\": 30000\r\n        },\r\n        \"ephemeralPorts\": {\r\n          \"startPort\": 49152,\r\n          \"endPort\": 65534\r\n        },\r\n        \"isPrimary\": true,\r\n        \"durabilityLevel\": \"Bronze\"\r\n      }\r\n    ],\r\n    \"diagnosticsStorageAccountConfig\": {\r\n      \"storageAccountName\": \"movceivkf3yzy2\",\r\n      \"primaryAccessKey\": \"\",\r\n      \"secondaryAccessKey\": \"\",\r\n      \"protectedAccountKeyName\": \"StorageAccountKey1\",\r\n      \"blobEndpoint\": \"https://movceivkf3yzy2.blob.core.windows.net/\",\r\n      \"queueEndpoint\": \"https://movceivkf3yzy2.queue.core.windows.net/\",\r\n      \"tableEndpoint\": \"https://movceivkf3yzy2.table.core.windows.net/\",\r\n      \"protectedAccountKeyName2\": \"\"\r\n    },\r\n    \"upgradeMode\": \"Automatic\",\r\n    \"addonFeatures\": [\r\n      \"DnsService\",\r\n      \"RepairManager\"\r\n    ],\r\n    \"availableClusterVersions\": [\r\n      {\r\n        \"codeVersion\": \"7.2.477.9590\",\r\n        \"supportExpiryUtc\": \"9999-12-31T23:59:59.9999999\",\r\n        \"environment\": \"Windows\"\r\n      }\r\n    ]\r\n  }\r\n}",
      "StatusCode": 200
    },
    {
      "RequestUri": "/subscriptions/b36cdf46-b75d-4dc2-9fe1-1296ee8c623d/resourceGroups/azurermsfrg/providers/Microsoft.Compute/virtualMachineScaleSets?api-version=2017-12-01",
      "EncodedRequestUri": "L3N1YnNjcmlwdGlvbnMvYjM2Y2RmNDYtYjc1ZC00ZGMyLTlmZTEtMTI5NmVlOGM2MjNkL3Jlc291cmNlR3JvdXBzL2F6dXJlcm1zZnJnL3Byb3ZpZGVycy9NaWNyb3NvZnQuQ29tcHV0ZS92aXJ0dWFsTWFjaGluZVNjYWxlU2V0cz9hcGktdmVyc2lvbj0yMDE3LTEyLTAx",
      "RequestMethod": "GET",
      "RequestBody": "",
      "RequestHeaders": {
        "x-ms-client-request-id": [
          "2117d67f-c1f0-4918-a683-ea33d8205f12"
        ],
        "Accept-Language": [
          "en-US"
        ],
        "User-Agent": [
          "FxVersion/4.6.29812.02",
          "OSName/Windows",
          "OSVersion/Microsoft.Windows.10.0.19042.",
          "Microsoft.Azure.Commands.Common.Compute.Version.2018.04.ComputeManagementClient/1.3.31"
        ]
      },
      "ResponseHeaders": {
        "Cache-Control": [
          "no-cache"
        ],
        "Pragma": [
          "no-cache"
        ],
        "x-ms-ratelimit-remaining-resource": [
          "Microsoft.Compute/HighCostGetVMScaleSet3Min;245,Microsoft.Compute/HighCostGetVMScaleSet30Min;1230"
        ],
        "Strict-Transport-Security": [
          "max-age=31536000; includeSubDomains"
        ],
        "x-ms-request-id": [
          "452ba880-320e-484f-81f7-d49ac44f47e8"
        ],
        "Server": [
          "Microsoft-HTTPAPI/2.0",
          "Microsoft-HTTPAPI/2.0"
        ],
        "x-ms-ratelimit-remaining-subscription-reads": [
          "11999"
        ],
        "x-ms-correlation-request-id": [
          "2839de0b-b820-44bb-8da3-bd0536d9fd1f"
        ],
        "x-ms-routing-request-id": [
          "WESTCENTRALUS:20210310T191836Z:2839de0b-b820-44bb-8da3-bd0536d9fd1f"
        ],
        "X-Content-Type-Options": [
          "nosniff"
        ],
        "Date": [
          "Wed, 10 Mar 2021 19:18:35 GMT"
        ],
        "Content-Length": [
          "10363"
        ],
        "Content-Type": [
          "application/json; charset=utf-8"
        ],
        "Expires": [
          "-1"
        ]
      },
      "ResponseBody": "{\r\n  \"value\": [\r\n    {\r\n      \"name\": \"azSfNoneSFVMss\",\r\n      \"id\": \"/subscriptions/b36cdf46-b75d-4dc2-9fe1-1296ee8c623d/resourceGroups/azurermsfrg/providers/Microsoft.Compute/virtualMachineScaleSets/azSfNoneSFVMss\",\r\n      \"type\": \"Microsoft.Compute/virtualMachineScaleSets\",\r\n      \"location\": \"southcentralus\",\r\n      \"tags\": {\r\n        \"platformsettings.host_environment.service.platform_optedin_for_rootcerts\": \"true\"\r\n      },\r\n      \"sku\": {\r\n        \"name\": \"Standard_DS1_v2\",\r\n        \"tier\": \"Standard\",\r\n        \"capacity\": 2\r\n      },\r\n      \"properties\": {\r\n        \"singlePlacementGroup\": false,\r\n        \"upgradePolicy\": {\r\n          \"mode\": \"Manual\",\r\n          \"automaticOSUpgrade\": false\r\n        },\r\n        \"virtualMachineProfile\": {\r\n          \"osProfile\": {\r\n            \"computerNamePrefix\": \"azSfNoneS\",\r\n            \"adminUsername\": \"admin01\",\r\n            \"windowsConfiguration\": {\r\n              \"provisionVMAgent\": true,\r\n              \"enableAutomaticUpdates\": true\r\n            },\r\n            \"secrets\": []\r\n          },\r\n          \"storageProfile\": {\r\n            \"osDisk\": {\r\n              \"osType\": \"Windows\",\r\n              \"createOption\": \"FromImage\",\r\n              \"caching\": \"None\",\r\n              \"managedDisk\": {\r\n                \"storageAccountType\": \"Premium_LRS\"\r\n              },\r\n              \"diskSizeGB\": 127\r\n            },\r\n            \"imageReference\": {\r\n              \"publisher\": \"MicrosoftWindowsServer\",\r\n              \"offer\": \"WindowsServer\",\r\n              \"sku\": \"2016-Datacenter\",\r\n              \"version\": \"latest\"\r\n            }\r\n          },\r\n          \"networkProfile\": {\r\n            \"networkInterfaceConfigurations\": [\r\n              {\r\n                \"name\": \"azSfNoneSFVMss\",\r\n                \"properties\": {\r\n                  \"primary\": true,\r\n                  \"enableAcceleratedNetworking\": false,\r\n                  \"dnsSettings\": {\r\n                    \"dnsServers\": []\r\n                  },\r\n                  \"enableIPForwarding\": false,\r\n                  \"ipConfigurations\": [\r\n                    {\r\n                      \"name\": \"azSfNoneSFVMss\",\r\n                      \"properties\": {\r\n                        \"subnet\": {\r\n                          \"id\": \"/subscriptions/b36cdf46-b75d-4dc2-9fe1-1296ee8c623d/resourceGroups/azurermsfrg/providers/Microsoft.Network/virtualNetworks/azSfNoneSFVMss/subnets/azSfNoneSFVMss\"\r\n                        },\r\n                        \"privateIPAddressVersion\": \"IPv4\",\r\n                        \"loadBalancerBackendAddressPools\": [\r\n                          {\r\n                            \"id\": \"/subscriptions/b36cdf46-b75d-4dc2-9fe1-1296ee8c623d/resourceGroups/azurermsfrg/providers/Microsoft.Network/loadBalancers/azSfNoneSFVMss/backendAddressPools/azSfNoneSFVMss\"\r\n                          }\r\n                        ],\r\n                        \"loadBalancerInboundNatPools\": [\r\n                          {\r\n                            \"id\": \"/subscriptions/b36cdf46-b75d-4dc2-9fe1-1296ee8c623d/resourceGroups/azurermsfrg/providers/Microsoft.Network/loadBalancers/azSfNoneSFVMss/inboundNatPools/azSfNoneSFVMss3389\"\r\n                          },\r\n                          {\r\n                            \"id\": \"/subscriptions/b36cdf46-b75d-4dc2-9fe1-1296ee8c623d/resourceGroups/azurermsfrg/providers/Microsoft.Network/loadBalancers/azSfNoneSFVMss/inboundNatPools/azSfNoneSFVMss5985\"\r\n                          }\r\n                        ]\r\n                      }\r\n                    }\r\n                  ]\r\n                }\r\n              }\r\n            ]\r\n          },\r\n          \"extensionProfile\": {\r\n            \"extensions\": [\r\n              {\r\n                \"name\": \"Microsoft.Azure.Security.AntimalwareSignature.AntimalwareConfiguration\",\r\n                \"properties\": {\r\n                  \"autoUpgradeMinorVersion\": true,\r\n                  \"publisher\": \"Microsoft.Azure.Security.AntimalwareSignature\",\r\n                  \"type\": \"AntimalwareConfiguration\",\r\n                  \"typeHandlerVersion\": \"2.0\",\r\n                  \"settings\": {}\r\n                }\r\n              },\r\n              {\r\n                \"name\": \"Microsoft.Azure.Geneva.GenevaMonitoring\",\r\n                \"properties\": {\r\n                  \"autoUpgradeMinorVersion\": true,\r\n                  \"publisher\": \"Microsoft.Azure.Geneva\",\r\n                  \"type\": \"GenevaMonitoring\",\r\n                  \"typeHandlerVersion\": \"2.0\",\r\n                  \"settings\": {}\r\n                }\r\n              }\r\n            ]\r\n          }\r\n        },\r\n        \"provisioningState\": \"Succeeded\",\r\n        \"overprovision\": true,\r\n        \"uniqueId\": \"ecb2c064-7e1c-46a1-be01-a7b6ffdf581e\"\r\n      }\r\n    },\r\n    {\r\n      \"name\": \"nt1vm\",\r\n      \"id\": \"/subscriptions/b36cdf46-b75d-4dc2-9fe1-1296ee8c623d/resourceGroups/azurermsfrg/providers/Microsoft.Compute/virtualMachineScaleSets/nt1vm\",\r\n      \"type\": \"Microsoft.Compute/virtualMachineScaleSets\",\r\n      \"location\": \"southcentralus\",\r\n      \"tags\": {\r\n        \"resourceType\": \"Service Fabric\",\r\n        \"clusterName\": \"azurermsfclustertest\",\r\n        \"platformsettings.host_environment.service.platform_optedin_for_rootcerts\": \"true\"\r\n      },\r\n      \"sku\": {\r\n        \"name\": \"Standard_D2_V2\",\r\n        \"tier\": \"Standard\",\r\n        \"capacity\": 5\r\n      },\r\n      \"properties\": {\r\n        \"singlePlacementGroup\": true,\r\n        \"upgradePolicy\": {\r\n          \"mode\": \"Automatic\",\r\n          \"automaticOSUpgrade\": false\r\n        },\r\n        \"virtualMachineProfile\": {\r\n          \"osProfile\": {\r\n            \"computerNamePrefix\": \"nt1vm\",\r\n            \"adminUsername\": \"GEN-UNIQUE\",\r\n            \"windowsConfiguration\": {\r\n              \"provisionVMAgent\": true,\r\n              \"enableAutomaticUpdates\": true\r\n            },\r\n            \"secrets\": [\r\n              {\r\n                \"sourceVault\": {\r\n                  \"id\": \"/subscriptions/b36cdf46-b75d-4dc2-9fe1-1296ee8c623d/resourceGroups/azurermsfrg/providers/Microsoft.KeyVault/vaults/azurermsfkvtest\"\r\n                },\r\n                \"vaultCertificates\": [\r\n                  {\r\n                    \"certificateUrl\": \"https://azurermsfkvtest.vault.azure.net:443/secrets/azurermsfrg20210309144104/44826ae3a2314374a1813a404231a584\",\r\n                    \"certificateStore\": \"My\"\r\n                  },\r\n                  {\r\n                    \"certificateUrl\": \"https://azurermsfkvtest.vault.azure.net:443/secrets/AzureRMSFTestCert2/b4bfdec635514591bc1ee087b9b61772\",\r\n                    \"certificateStore\": \"my\"\r\n                  }\r\n                ]\r\n              }\r\n            ]\r\n          },\r\n          \"storageProfile\": {\r\n            \"osDisk\": {\r\n              \"osType\": \"Windows\",\r\n              \"createOption\": \"FromImage\",\r\n              \"caching\": \"ReadOnly\",\r\n              \"managedDisk\": {\r\n                \"storageAccountType\": \"Standard_LRS\"\r\n              },\r\n              \"diskSizeGB\": 127\r\n            },\r\n            \"imageReference\": {\r\n              \"publisher\": \"MicrosoftWindowsServer\",\r\n              \"offer\": \"WindowsServer\",\r\n              \"sku\": \"2016-Datacenter\",\r\n              \"version\": \"latest\"\r\n            }\r\n          },\r\n          \"networkProfile\": {\r\n            \"networkInterfaceConfigurations\": [\r\n              {\r\n                \"name\": \"NIC-0\",\r\n                \"properties\": {\r\n                  \"primary\": true,\r\n                  \"enableAcceleratedNetworking\": false,\r\n                  \"dnsSettings\": {\r\n                    \"dnsServers\": []\r\n                  },\r\n                  \"ipConfigurations\": [\r\n                    {\r\n                      \"name\": \"NIC-0\",\r\n                      \"properties\": {\r\n                        \"subnet\": {\r\n                          \"id\": \"/subscriptions/b36cdf46-b75d-4dc2-9fe1-1296ee8c623d/resourceGroups/azurermsfrg/providers/Microsoft.Network/virtualNetworks/VNet/subnets/Subnet-0\"\r\n                        },\r\n                        \"privateIPAddressVersion\": \"IPv4\",\r\n                        \"loadBalancerBackendAddressPools\": [\r\n                          {\r\n                            \"id\": \"/subscriptions/b36cdf46-b75d-4dc2-9fe1-1296ee8c623d/resourceGroups/azurermsfrg/providers/Microsoft.Network/loadBalancers/LB-azurermsfclustertest-nt1vm/backendAddressPools/LoadBalancerBEAddressPool\"\r\n                          }\r\n                        ],\r\n                        \"loadBalancerInboundNatPools\": [\r\n                          {\r\n                            \"id\": \"/subscriptions/b36cdf46-b75d-4dc2-9fe1-1296ee8c623d/resourceGroups/azurermsfrg/providers/Microsoft.Network/loadBalancers/LB-azurermsfclustertest-nt1vm/inboundNatPools/LoadBalancerBEAddressNatPool\"\r\n                          }\r\n                        ]\r\n                      }\r\n                    }\r\n                  ]\r\n                }\r\n              }\r\n            ]\r\n          },\r\n          \"extensionProfile\": {\r\n            \"extensions\": [\r\n              {\r\n                \"name\": \"ServiceFabricNodeVmExt_vmNodeType0Name\",\r\n                \"properties\": {\r\n                  \"autoUpgradeMinorVersion\": true,\r\n                  \"publisher\": \"Microsoft.Azure.ServiceFabric\",\r\n                  \"type\": \"ServiceFabricNode\",\r\n                  \"typeHandlerVersion\": \"1.0\",\r\n                  \"settings\": {\r\n                    \"clusterEndpoint\": \"https://warp-test-winfabrp-southcentralus.trafficmanager.net/runtime/clusters/395da2f8-755c-4eec-a5a8-b17098380ae6\",\r\n                    \"nodeTypeRef\": \"nt1vm\",\r\n                    \"dataPath\": \"D:\\\\SvcFab\",\r\n                    \"durabilityLevel\": \"Bronze\",\r\n                    \"enableParallelJobs\": true,\r\n                    \"nicPrefixOverride\": \"10.0.0.0/24\",\r\n                    \"certificate\": {\r\n                      \"thumbprint\": \"ED1647D7E58F9F69E473B4700A0CCED50F7F65B0\",\r\n                      \"x509StoreName\": \"My\"\r\n                    },\r\n                    \"certificateSecondary\": {\r\n                      \"thumbprint\": \"D1DC34B88497F50FB0C0F019DA74E4DA5FADD56D\",\r\n                      \"x509StoreName\": \"my\"\r\n                    }\r\n                  }\r\n                }\r\n              },\r\n              {\r\n                \"name\": \"VMDiagnosticsVmExt_vmNodeType0Name\",\r\n                \"properties\": {\r\n                  \"autoUpgradeMinorVersion\": true,\r\n                  \"publisher\": \"Microsoft.Azure.Diagnostics\",\r\n                  \"type\": \"IaaSDiagnostics\",\r\n                  \"typeHandlerVersion\": \"1.5\",\r\n                  \"settings\": {\r\n                    \"WadCfg\": {\r\n                      \"DiagnosticMonitorConfiguration\": {\r\n                        \"overallQuotaInMB\": \"50000\",\r\n                        \"EtwProviders\": {\r\n                          \"EtwEventSourceProviderConfiguration\": [\r\n                            {\r\n                              \"provider\": \"Microsoft-ServiceFabric-Actors\",\r\n                              \"scheduledTransferKeywordFilter\": \"1\",\r\n                              \"scheduledTransferPeriod\": \"PT5M\",\r\n                              \"DefaultEvents\": {\r\n                                \"eventDestination\": \"ServiceFabricReliableActorEventTable\"\r\n                              }\r\n                            },\r\n                            {\r\n                              \"provider\": \"Microsoft-ServiceFabric-Services\",\r\n                              \"scheduledTransferPeriod\": \"PT5M\",\r\n                              \"DefaultEvents\": {\r\n                                \"eventDestination\": \"ServiceFabricReliableServiceEventTable\"\r\n                              }\r\n                            }\r\n                          ],\r\n                          \"EtwManifestProviderConfiguration\": [\r\n                            {\r\n                              \"provider\": \"cbd93bc2-71e5-4566-b3a7-595d8eeca6e8\",\r\n                              \"scheduledTransferLogLevelFilter\": \"Information\",\r\n                              \"scheduledTransferKeywordFilter\": \"4611686018427387904\",\r\n                              \"scheduledTransferPeriod\": \"PT5M\",\r\n                              \"DefaultEvents\": {\r\n                                \"eventDestination\": \"ServiceFabricSystemEventTable\"\r\n                              }\r\n                            }\r\n                          ]\r\n                        }\r\n                      }\r\n                    },\r\n                    \"StorageAccount\": \"wadmovceivkf3yzy3\"\r\n                  }\r\n                }\r\n              },\r\n              {\r\n                \"name\": \"Microsoft.Azure.Security.AntimalwareSignature.AntimalwareConfiguration\",\r\n                \"properties\": {\r\n                  \"autoUpgradeMinorVersion\": true,\r\n                  \"publisher\": \"Microsoft.Azure.Security.AntimalwareSignature\",\r\n                  \"type\": \"AntimalwareConfiguration\",\r\n                  \"typeHandlerVersion\": \"2.0\",\r\n                  \"settings\": {}\r\n                }\r\n              },\r\n              {\r\n                \"name\": \"Microsoft.Azure.Geneva.GenevaMonitoring\",\r\n                \"properties\": {\r\n                  \"autoUpgradeMinorVersion\": true,\r\n                  \"publisher\": \"Microsoft.Azure.Geneva\",\r\n                  \"type\": \"GenevaMonitoring\",\r\n                  \"typeHandlerVersion\": \"2.0\",\r\n                  \"settings\": {}\r\n                }\r\n              }\r\n            ]\r\n          }\r\n        },\r\n        \"provisioningState\": \"Succeeded\",\r\n        \"overprovision\": false,\r\n        \"uniqueId\": \"2e130faf-8bb9-40bb-85ee-3bff1cb7dd0d\"\r\n      }\r\n    }\r\n  ]\r\n}",
      "StatusCode": 200
    },
    {
      "RequestUri": "/subscriptions/b36cdf46-b75d-4dc2-9fe1-1296ee8c623d/resourceGroups/azurermsfrg/providers/Microsoft.ServiceFabric/clusters/azurermsfclustertest?api-version=2020-03-01",
      "EncodedRequestUri": "L3N1YnNjcmlwdGlvbnMvYjM2Y2RmNDYtYjc1ZC00ZGMyLTlmZTEtMTI5NmVlOGM2MjNkL3Jlc291cmNlR3JvdXBzL2F6dXJlcm1zZnJnL3Byb3ZpZGVycy9NaWNyb3NvZnQuU2VydmljZUZhYnJpYy9jbHVzdGVycy9henVyZXJtc2ZjbHVzdGVydGVzdD9hcGktdmVyc2lvbj0yMDIwLTAzLTAx",
      "RequestMethod": "PATCH",
      "RequestBody": "{\r\n  \"properties\": {\r\n    \"nodeTypes\": [\r\n      {\r\n        \"name\": \"nt1vm\",\r\n        \"clientConnectionEndpointPort\": 19000,\r\n        \"httpGatewayEndpointPort\": 19080,\r\n        \"durabilityLevel\": \"Bronze\",\r\n        \"applicationPorts\": {\r\n          \"startPort\": 20000,\r\n          \"endPort\": 30000\r\n        },\r\n        \"ephemeralPorts\": {\r\n          \"startPort\": 49152,\r\n          \"endPort\": 65534\r\n        },\r\n        \"isPrimary\": true,\r\n        \"vmInstanceCount\": 5\r\n      }\r\n    ],\r\n    \"reliabilityLevel\": \"Bronze\"\r\n  }\r\n}",
      "RequestHeaders": {
        "x-ms-client-request-id": [
          "2117d67f-c1f0-4918-a683-ea33d8205f12"
        ],
        "Accept-Language": [
          "en-US"
        ],
        "User-Agent": [
          "FxVersion/4.6.29812.02",
          "OSName/Windows",
          "OSVersion/Microsoft.Windows.10.0.19042.",
          "Microsoft.Azure.Management.ServiceFabric.ServiceFabricManagementClient/1.3.0.0"
        ],
        "Content-Type": [
          "application/json; charset=utf-8"
        ],
        "Content-Length": [
          "523"
        ]
      },
      "ResponseHeaders": {
        "Cache-Control": [
          "no-cache"
        ],
        "Pragma": [
          "no-cache"
        ],
        "Location": [
          "https://management.azure.com/subscriptions/b36cdf46-b75d-4dc2-9fe1-1296ee8c623d/providers/Microsoft.ServiceFabric/locations/southcentralus/operationResults/d0abc436-d5de-4728-af0f-c281c3597b31?api-version=2020-03-01&Experiment=local"
        ],
        "Retry-After": [
          "60"
        ],
        "Azure-AsyncOperation": [
          "https://management.azure.com:443/subscriptions/b36cdf46-b75d-4dc2-9fe1-1296ee8c623d/providers/Microsoft.ServiceFabric/locations/southcentralus/operations/d0abc436-d5de-4728-af0f-c281c3597b31?api-version=2020-03-01&Experiment=local"
        ],
        "Strict-Transport-Security": [
          "max-age=31536000; includeSubDomains"
        ],
        "X-Content-Type-Options": [
          "nosniff"
        ],
        "Server": [
          "Microsoft-HTTPAPI/2.0,Microsoft-HTTPAPI/2.0 Microsoft-HTTPAPI/2.0 Microsoft-HTTPAPI/2.0"
        ],
        "x-ms-ratelimit-remaining-subscription-writes": [
          "1199"
        ],
        "x-ms-request-id": [
          "dd4da93c-c466-451f-843b-f64ab5c68e0b"
        ],
        "x-ms-correlation-request-id": [
          "dd4da93c-c466-451f-843b-f64ab5c68e0b"
        ],
        "x-ms-routing-request-id": [
          "WESTCENTRALUS:20210310T191837Z:dd4da93c-c466-451f-843b-f64ab5c68e0b"
        ],
        "Date": [
          "Wed, 10 Mar 2021 19:18:36 GMT"
        ],
        "Content-Length": [
          "2960"
        ],
        "Content-Type": [
          "application/json"
        ],
        "Expires": [
          "-1"
        ]
      },
      "ResponseBody": "{\r\n  \"type\": \"Microsoft.ServiceFabric/clusters\",\r\n  \"location\": \"southcentralus\",\r\n  \"id\": \"/subscriptions/b36cdf46-b75d-4dc2-9fe1-1296ee8c623d/resourcegroups/azurermsfrg/providers/Microsoft.ServiceFabric/clusters/azurermsfclustertest\",\r\n  \"name\": \"azurermsfclustertest\",\r\n  \"tags\": {},\r\n  \"etag\": \"W/\\\"637509265581228431\\\"\",\r\n  \"properties\": {\r\n    \"provisioningState\": \"Updating\",\r\n    \"clusterId\": \"395da2f8-755c-4eec-a5a8-b17098380ae6\",\r\n    \"clusterCodeVersion\": \"7.2.477.9590\",\r\n    \"clusterState\": \"AutoScale\",\r\n    \"managementEndpoint\": \"https://azurermsfclustertest.southcentralus.cloudapp.azure.com:19080\",\r\n    \"clusterEndpoint\": \"https://warp-test-winfabrp-southcentralus.trafficmanager.net/runtime/clusters/395da2f8-755c-4eec-a5a8-b17098380ae6\",\r\n    \"certificate\": {\r\n      \"thumbprint\": \"ED1647D7E58F9F69E473B4700A0CCED50F7F65B0\",\r\n      \"thumbprintSecondary\": \"D1DC34B88497F50FB0C0F019DA74E4DA5FADD56D\",\r\n      \"x509StoreName\": \"My\"\r\n    },\r\n    \"clientCertificateThumbprints\": [],\r\n    \"clientCertificateCommonNames\": [\r\n      {\r\n        \"certificateCommonName\": \"cn=AzureRMSFTestCert2\",\r\n        \"certificateIssuerThumbprint\": \"D1DC34B88497F50FB0C0F019DA74E4DA5FADD56D\",\r\n        \"isAdmin\": false\r\n      }\r\n    ],\r\n    \"fabricSettings\": [\r\n      {\r\n        \"name\": \"Security\",\r\n        \"parameters\": [\r\n          {\r\n            \"name\": \"ClusterProtectionLevel\",\r\n            \"value\": \"EncryptAndSign\"\r\n          }\r\n        ]\r\n      },\r\n      {\r\n        \"name\": \"NamingService\",\r\n        \"parameters\": [\r\n          {\r\n            \"name\": \"MaxFileOperationTimeout\",\r\n            \"value\": \"5000\"\r\n          }\r\n        ]\r\n      }\r\n    ],\r\n    \"vmImage\": \"Windows\",\r\n    \"reliabilityLevel\": \"Silver\",\r\n    \"nodeTypes\": [\r\n      {\r\n        \"name\": \"nt1vm\",\r\n        \"vmInstanceCount\": 5,\r\n        \"clientConnectionEndpointPort\": 19000,\r\n        \"httpGatewayEndpointPort\": 19080,\r\n        \"applicationPorts\": {\r\n          \"startPort\": 20000,\r\n          \"endPort\": 30000\r\n        },\r\n        \"ephemeralPorts\": {\r\n          \"startPort\": 49152,\r\n          \"endPort\": 65534\r\n        },\r\n        \"isPrimary\": true,\r\n        \"durabilityLevel\": \"Bronze\"\r\n      }\r\n    ],\r\n    \"diagnosticsStorageAccountConfig\": {\r\n      \"storageAccountName\": \"movceivkf3yzy2\",\r\n      \"primaryAccessKey\": \"\",\r\n      \"secondaryAccessKey\": \"\",\r\n      \"protectedAccountKeyName\": \"StorageAccountKey1\",\r\n      \"blobEndpoint\": \"https://movceivkf3yzy2.blob.core.windows.net/\",\r\n      \"queueEndpoint\": \"https://movceivkf3yzy2.queue.core.windows.net/\",\r\n      \"tableEndpoint\": \"https://movceivkf3yzy2.table.core.windows.net/\",\r\n      \"protectedAccountKeyName2\": \"\"\r\n    },\r\n    \"upgradeMode\": \"Automatic\",\r\n    \"addonFeatures\": [\r\n      \"DnsService\",\r\n      \"RepairManager\"\r\n    ],\r\n    \"availableClusterVersions\": [\r\n      {\r\n        \"codeVersion\": \"7.2.477.9590\",\r\n        \"supportExpiryUtc\": \"9999-12-31T23:59:59.9999999\",\r\n        \"environment\": \"Windows\"\r\n      }\r\n    ]\r\n  }\r\n}",
      "StatusCode": 202
    },
    {
      "RequestUri": "/subscriptions/b36cdf46-b75d-4dc2-9fe1-1296ee8c623d/providers/Microsoft.ServiceFabric/locations/southcentralus/operations/d0abc436-d5de-4728-af0f-c281c3597b31?api-version=2020-03-01&Experiment=local",
      "EncodedRequestUri": "L3N1YnNjcmlwdGlvbnMvYjM2Y2RmNDYtYjc1ZC00ZGMyLTlmZTEtMTI5NmVlOGM2MjNkL3Byb3ZpZGVycy9NaWNyb3NvZnQuU2VydmljZUZhYnJpYy9sb2NhdGlvbnMvc291dGhjZW50cmFsdXMvb3BlcmF0aW9ucy9kMGFiYzQzNi1kNWRlLTQ3MjgtYWYwZi1jMjgxYzM1OTdiMzE/YXBpLXZlcnNpb249MjAyMC0wMy0wMSZFeHBlcmltZW50PWxvY2Fs",
      "RequestMethod": "GET",
      "RequestBody": "",
      "RequestHeaders": {
        "x-ms-client-request-id": [
          "2117d67f-c1f0-4918-a683-ea33d8205f12"
        ],
        "User-Agent": [
          "FxVersion/4.6.29812.02",
          "OSName/Windows",
          "OSVersion/Microsoft.Windows.10.0.19042.",
          "Microsoft.Azure.Management.ServiceFabric.ServiceFabricManagementClient/1.3.0.0"
        ]
      },
      "ResponseHeaders": {
        "Cache-Control": [
          "no-cache"
        ],
        "Pragma": [
          "no-cache"
        ],
        "Strict-Transport-Security": [
          "max-age=31536000; includeSubDomains"
        ],
        "X-Content-Type-Options": [
          "nosniff"
        ],
        "Server": [
          "Microsoft-HTTPAPI/2.0,Microsoft-HTTPAPI/2.0 Microsoft-HTTPAPI/2.0"
        ],
        "x-ms-ratelimit-remaining-subscription-reads": [
          "11996"
        ],
        "x-ms-request-id": [
          "8481dc3c-76f7-4e0f-848c-1ead3ad7b522"
        ],
        "x-ms-correlation-request-id": [
          "8481dc3c-76f7-4e0f-848c-1ead3ad7b522"
        ],
        "x-ms-routing-request-id": [
          "WESTCENTRALUS:20210310T191937Z:8481dc3c-76f7-4e0f-848c-1ead3ad7b522"
        ],
        "Date": [
          "Wed, 10 Mar 2021 19:19:37 GMT"
        ],
        "Content-Length": [
          "361"
        ],
        "Content-Type": [
          "application/json"
        ],
        "Expires": [
          "-1"
        ]
      },
      "ResponseBody": "{\r\n  \"id\": \"/subscriptions/b36cdf46-b75d-4dc2-9fe1-1296ee8c623d/providers/Microsoft.ServiceFabric/locations/southcentralus/operations/d0abc436-d5de-4728-af0f-c281c3597b31\",\r\n  \"name\": \"d0abc436-d5de-4728-af0f-c281c3597b31\",\r\n  \"status\": \"Created\",\r\n  \"startTime\": \"2021-03-10T19:18:37.2032945Z\",\r\n  \"endTime\": \"0001-01-01T00:00:00\",\r\n  \"percentComplete\": 0.0\r\n}",
      "StatusCode": 200
    },
    {
      "RequestUri": "/subscriptions/b36cdf46-b75d-4dc2-9fe1-1296ee8c623d/providers/Microsoft.ServiceFabric/locations/southcentralus/operations/d0abc436-d5de-4728-af0f-c281c3597b31?api-version=2020-03-01&Experiment=local",
      "EncodedRequestUri": "L3N1YnNjcmlwdGlvbnMvYjM2Y2RmNDYtYjc1ZC00ZGMyLTlmZTEtMTI5NmVlOGM2MjNkL3Byb3ZpZGVycy9NaWNyb3NvZnQuU2VydmljZUZhYnJpYy9sb2NhdGlvbnMvc291dGhjZW50cmFsdXMvb3BlcmF0aW9ucy9kMGFiYzQzNi1kNWRlLTQ3MjgtYWYwZi1jMjgxYzM1OTdiMzE/YXBpLXZlcnNpb249MjAyMC0wMy0wMSZFeHBlcmltZW50PWxvY2Fs",
      "RequestMethod": "GET",
      "RequestBody": "",
      "RequestHeaders": {
        "x-ms-client-request-id": [
          "2117d67f-c1f0-4918-a683-ea33d8205f12"
        ],
        "User-Agent": [
          "FxVersion/4.6.29812.02",
          "OSName/Windows",
          "OSVersion/Microsoft.Windows.10.0.19042.",
          "Microsoft.Azure.Management.ServiceFabric.ServiceFabricManagementClient/1.3.0.0"
        ]
      },
      "ResponseHeaders": {
        "Cache-Control": [
          "no-cache"
        ],
        "Pragma": [
          "no-cache"
        ],
        "Strict-Transport-Security": [
          "max-age=31536000; includeSubDomains"
        ],
        "X-Content-Type-Options": [
          "nosniff"
        ],
        "Server": [
          "Microsoft-HTTPAPI/2.0,Microsoft-HTTPAPI/2.0 Microsoft-HTTPAPI/2.0"
        ],
        "x-ms-ratelimit-remaining-subscription-reads": [
          "11995"
        ],
        "x-ms-request-id": [
          "44501aa6-d60d-4a96-84d8-594ca84e7ef4"
        ],
        "x-ms-correlation-request-id": [
          "44501aa6-d60d-4a96-84d8-594ca84e7ef4"
        ],
        "x-ms-routing-request-id": [
          "WESTCENTRALUS:20210310T192037Z:44501aa6-d60d-4a96-84d8-594ca84e7ef4"
        ],
        "Date": [
          "Wed, 10 Mar 2021 19:20:36 GMT"
        ],
        "Content-Length": [
          "361"
        ],
        "Content-Type": [
          "application/json"
        ],
        "Expires": [
          "-1"
        ]
      },
      "ResponseBody": "{\r\n  \"id\": \"/subscriptions/b36cdf46-b75d-4dc2-9fe1-1296ee8c623d/providers/Microsoft.ServiceFabric/locations/southcentralus/operations/d0abc436-d5de-4728-af0f-c281c3597b31\",\r\n  \"name\": \"d0abc436-d5de-4728-af0f-c281c3597b31\",\r\n  \"status\": \"Created\",\r\n  \"startTime\": \"2021-03-10T19:18:37.2032945Z\",\r\n  \"endTime\": \"0001-01-01T00:00:00\",\r\n  \"percentComplete\": 0.0\r\n}",
      "StatusCode": 200
    },
    {
      "RequestUri": "/subscriptions/b36cdf46-b75d-4dc2-9fe1-1296ee8c623d/providers/Microsoft.ServiceFabric/locations/southcentralus/operations/d0abc436-d5de-4728-af0f-c281c3597b31?api-version=2020-03-01&Experiment=local",
      "EncodedRequestUri": "L3N1YnNjcmlwdGlvbnMvYjM2Y2RmNDYtYjc1ZC00ZGMyLTlmZTEtMTI5NmVlOGM2MjNkL3Byb3ZpZGVycy9NaWNyb3NvZnQuU2VydmljZUZhYnJpYy9sb2NhdGlvbnMvc291dGhjZW50cmFsdXMvb3BlcmF0aW9ucy9kMGFiYzQzNi1kNWRlLTQ3MjgtYWYwZi1jMjgxYzM1OTdiMzE/YXBpLXZlcnNpb249MjAyMC0wMy0wMSZFeHBlcmltZW50PWxvY2Fs",
      "RequestMethod": "GET",
      "RequestBody": "",
      "RequestHeaders": {
        "x-ms-client-request-id": [
          "2117d67f-c1f0-4918-a683-ea33d8205f12"
        ],
        "User-Agent": [
          "FxVersion/4.6.29812.02",
          "OSName/Windows",
          "OSVersion/Microsoft.Windows.10.0.19042.",
          "Microsoft.Azure.Management.ServiceFabric.ServiceFabricManagementClient/1.3.0.0"
        ]
      },
      "ResponseHeaders": {
        "Cache-Control": [
          "no-cache"
        ],
        "Pragma": [
          "no-cache"
        ],
        "Strict-Transport-Security": [
          "max-age=31536000; includeSubDomains"
        ],
        "X-Content-Type-Options": [
          "nosniff"
        ],
        "Server": [
          "Microsoft-HTTPAPI/2.0,Microsoft-HTTPAPI/2.0 Microsoft-HTTPAPI/2.0"
        ],
        "x-ms-ratelimit-remaining-subscription-reads": [
          "11994"
        ],
        "x-ms-request-id": [
          "92bdbaf4-4cbd-465a-a262-bb3fda9fa022"
        ],
        "x-ms-correlation-request-id": [
          "92bdbaf4-4cbd-465a-a262-bb3fda9fa022"
        ],
        "x-ms-routing-request-id": [
          "WESTCENTRALUS:20210310T192138Z:92bdbaf4-4cbd-465a-a262-bb3fda9fa022"
        ],
        "Date": [
          "Wed, 10 Mar 2021 19:21:37 GMT"
        ],
        "Content-Length": [
          "3603"
        ],
        "Content-Type": [
          "application/json"
        ],
        "Expires": [
          "-1"
        ]
      },
      "ResponseBody": "{\r\n  \"id\": \"/subscriptions/b36cdf46-b75d-4dc2-9fe1-1296ee8c623d/providers/Microsoft.ServiceFabric/locations/southcentralus/operations/d0abc436-d5de-4728-af0f-c281c3597b31\",\r\n  \"name\": \"d0abc436-d5de-4728-af0f-c281c3597b31\",\r\n  \"status\": \"InProgress:{\\\"upgradeDescription\\\":{\\\"targetCodeVersion\\\":\\\"7.2.477.9590\\\",\\\"targetConfigVersion\\\":\\\"6\\\",\\\"upgradePolicyDescription\\\":{\\\"healthPolicy\\\":{\\\"considerWarningAsError\\\":false,\\\"maxPercentUnhealthyNodes\\\":100,\\\"maxPercentUnhealthyApplications\\\":0,\\\"applicationTypeHealthPolicyMap\\\":{}},\\\"enableDeltaHealthEvaluation\\\":true,\\\"upgradeHealthPolicy\\\":{\\\"maxPercentDeltaUnhealthyNodes\\\":0,\\\"maxPercentUpgradeDomainDeltaUnhealthyNodes\\\":0},\\\"applicationHealthPolicyMap\\\":{\\\"fabric:/System\\\":{\\\"considerWarningAsError\\\":false,\\\"maxPercentUnhealthyDeployedApplications\\\":0,\\\"defaultServiceTypeHealthPolicy\\\":{\\\"maxPercentUnhealthyServices\\\":0,\\\"maxPercentUnhealthyPartitionsPerService\\\":0,\\\"maxPercentUnhealthyReplicasPerPartition\\\":0},\\\"serviceTypeHealthPolicyMap\\\":{\\\"clusterManagerServiceType\\\":{\\\"maxPercentUnhealthyServices\\\":0,\\\"maxPercentUnhealthyPartitionsPerService\\\":0,\\\"maxPercentUnhealthyReplicasPerPartition\\\":0},\\\"dnsServiceType\\\":{\\\"maxPercentUnhealthyServices\\\":0,\\\"maxPercentUnhealthyPartitionsPerService\\\":0,\\\"maxPercentUnhealthyReplicasPerPartition\\\":0},\\\"eventStoreServiceType\\\":{\\\"maxPercentUnhealthyServices\\\":0,\\\"maxPercentUnhealthyPartitionsPerService\\\":0,\\\"maxPercentUnhealthyReplicasPerPartition\\\":0},\\\"fmServiceType\\\":{\\\"maxPercentUnhealthyServices\\\":0,\\\"maxPercentUnhealthyPartitionsPerService\\\":0,\\\"maxPercentUnhealthyReplicasPerPartition\\\":0},\\\"faultAnalysisServiceType\\\":{\\\"maxPercentUnhealthyServices\\\":0,\\\"maxPercentUnhealthyPartitionsPerService\\\":0,\\\"maxPercentUnhealthyReplicasPerPartition\\\":0},\\\"fileStoreServiceType\\\":{\\\"maxPercentUnhealthyServices\\\":0,\\\"maxPercentUnhealthyPartitionsPerService\\\":0,\\\"maxPercentUnhealthyReplicasPerPartition\\\":0},\\\"namingStoreService\\\":{\\\"maxPercentUnhealthyServices\\\":0,\\\"maxPercentUnhealthyPartitionsPerService\\\":0,\\\"maxPercentUnhealthyReplicasPerPartition\\\":0},\\\"repairManagerServiceType\\\":{\\\"maxPercentUnhealthyServices\\\":0,\\\"maxPercentUnhealthyPartitionsPerService\\\":0,\\\"maxPercentUnhealthyReplicasPerPartition\\\":0},\\\"upgradeServiceType\\\":{\\\"maxPercentUnhealthyServices\\\":0,\\\"maxPercentUnhealthyPartitionsPerService\\\":0,\\\"maxPercentUnhealthyReplicasPerPartition\\\":0}}}},\\\"monitoringPolicy\\\":{\\\"failureAction\\\":\\\"Rollback\\\",\\\"healthCheckWaitDuration\\\":\\\"00:00:30\\\",\\\"healthCheckStableDuration\\\":\\\"00:01:00\\\",\\\"healthCheckRetryTimeout\\\":\\\"00:45:00\\\",\\\"upgradeTimeout\\\":\\\"12:00:00\\\",\\\"upgradeDomainTimeout\\\":\\\"02:00:00\\\"},\\\"upgradeMode\\\":\\\"Monitored\\\",\\\"forceRestart\\\":false,\\\"upgradeReplicaSetCheckTimeout\\\":\\\"49710.06:28:15\\\",\\\"sortOrder\\\":\\\"Default\\\",\\\"instanceCloseDelayDuration\\\":\\\"49710.06:28:15\\\",\\\"kind\\\":\\\"Rolling\\\"}},\\\"targetCodeVersion\\\":\\\"7.2.477.9590\\\",\\\"targetConfigVersion\\\":\\\"6\\\",\\\"upgradeState\\\":\\\"RollingForwardInProgress\\\",\\\"upgradeDomains\\\":[{\\\"name\\\":\\\"0\\\",\\\"state\\\":\\\"InProgress\\\"},{\\\"name\\\":\\\"1\\\",\\\"state\\\":\\\"Pending\\\"},{\\\"name\\\":\\\"2\\\",\\\"state\\\":\\\"Pending\\\"},{\\\"name\\\":\\\"3\\\",\\\"state\\\":\\\"Pending\\\"},{\\\"name\\\":\\\"4\\\",\\\"state\\\":\\\"Pending\\\"}],\\\"rollingUpgradeMode\\\":\\\"Monitored\\\",\\\"nextUpgradeDomain\\\":\\\"1\\\",\\\"upgradeDuration\\\":\\\"00:00:00\\\",\\\"currentUpgradeDomainDuration\\\":\\\"00:00:00\\\",\\\"unhealthyEvaluations\\\":[],\\\"currentUpgradeDomainProgress\\\":{\\\"upgradeDomainName\\\":\\\"0\\\",\\\"nodeProgressList\\\":[]},\\\"startTimestampUtc\\\":\\\"2021-03-10T19:20:19.2843395Z\\\"}\",\r\n  \"startTime\": \"2021-03-10T19:18:37.2032945Z\",\r\n  \"endTime\": \"0001-01-01T00:00:00\",\r\n  \"percentComplete\": 0.0\r\n}",
      "StatusCode": 200
    },
    {
      "RequestUri": "/subscriptions/b36cdf46-b75d-4dc2-9fe1-1296ee8c623d/providers/Microsoft.ServiceFabric/locations/southcentralus/operations/d0abc436-d5de-4728-af0f-c281c3597b31?api-version=2020-03-01&Experiment=local",
      "EncodedRequestUri": "L3N1YnNjcmlwdGlvbnMvYjM2Y2RmNDYtYjc1ZC00ZGMyLTlmZTEtMTI5NmVlOGM2MjNkL3Byb3ZpZGVycy9NaWNyb3NvZnQuU2VydmljZUZhYnJpYy9sb2NhdGlvbnMvc291dGhjZW50cmFsdXMvb3BlcmF0aW9ucy9kMGFiYzQzNi1kNWRlLTQ3MjgtYWYwZi1jMjgxYzM1OTdiMzE/YXBpLXZlcnNpb249MjAyMC0wMy0wMSZFeHBlcmltZW50PWxvY2Fs",
      "RequestMethod": "GET",
      "RequestBody": "",
      "RequestHeaders": {
        "x-ms-client-request-id": [
          "2117d67f-c1f0-4918-a683-ea33d8205f12"
        ],
        "User-Agent": [
          "FxVersion/4.6.29812.02",
          "OSName/Windows",
          "OSVersion/Microsoft.Windows.10.0.19042.",
          "Microsoft.Azure.Management.ServiceFabric.ServiceFabricManagementClient/1.3.0.0"
        ]
      },
      "ResponseHeaders": {
        "Cache-Control": [
          "no-cache"
        ],
        "Pragma": [
          "no-cache"
        ],
        "Strict-Transport-Security": [
          "max-age=31536000; includeSubDomains"
        ],
        "X-Content-Type-Options": [
          "nosniff"
        ],
        "Server": [
          "Microsoft-HTTPAPI/2.0,Microsoft-HTTPAPI/2.0 Microsoft-HTTPAPI/2.0"
        ],
        "x-ms-ratelimit-remaining-subscription-reads": [
          "11993"
        ],
        "x-ms-request-id": [
          "2c0ad39f-f8c8-4ea5-8fab-b3dd1e884ca5"
        ],
        "x-ms-correlation-request-id": [
          "2c0ad39f-f8c8-4ea5-8fab-b3dd1e884ca5"
        ],
        "x-ms-routing-request-id": [
          "WESTCENTRALUS:20210310T192238Z:2c0ad39f-f8c8-4ea5-8fab-b3dd1e884ca5"
        ],
        "Date": [
          "Wed, 10 Mar 2021 19:22:37 GMT"
        ],
        "Content-Length": [
          "3599"
        ],
        "Content-Type": [
          "application/json"
        ],
        "Expires": [
          "-1"
        ]
      },
      "ResponseBody": "{\r\n  \"id\": \"/subscriptions/b36cdf46-b75d-4dc2-9fe1-1296ee8c623d/providers/Microsoft.ServiceFabric/locations/southcentralus/operations/d0abc436-d5de-4728-af0f-c281c3597b31\",\r\n  \"name\": \"d0abc436-d5de-4728-af0f-c281c3597b31\",\r\n  \"status\": \"InProgress:{\\\"upgradeDescription\\\":{\\\"targetCodeVersion\\\":\\\"7.2.477.9590\\\",\\\"targetConfigVersion\\\":\\\"6\\\",\\\"upgradePolicyDescription\\\":{\\\"healthPolicy\\\":{\\\"considerWarningAsError\\\":false,\\\"maxPercentUnhealthyNodes\\\":100,\\\"maxPercentUnhealthyApplications\\\":0,\\\"applicationTypeHealthPolicyMap\\\":{}},\\\"enableDeltaHealthEvaluation\\\":true,\\\"upgradeHealthPolicy\\\":{\\\"maxPercentDeltaUnhealthyNodes\\\":0,\\\"maxPercentUpgradeDomainDeltaUnhealthyNodes\\\":0},\\\"applicationHealthPolicyMap\\\":{\\\"fabric:/System\\\":{\\\"considerWarningAsError\\\":false,\\\"maxPercentUnhealthyDeployedApplications\\\":0,\\\"defaultServiceTypeHealthPolicy\\\":{\\\"maxPercentUnhealthyServices\\\":0,\\\"maxPercentUnhealthyPartitionsPerService\\\":0,\\\"maxPercentUnhealthyReplicasPerPartition\\\":0},\\\"serviceTypeHealthPolicyMap\\\":{\\\"clusterManagerServiceType\\\":{\\\"maxPercentUnhealthyServices\\\":0,\\\"maxPercentUnhealthyPartitionsPerService\\\":0,\\\"maxPercentUnhealthyReplicasPerPartition\\\":0},\\\"dnsServiceType\\\":{\\\"maxPercentUnhealthyServices\\\":0,\\\"maxPercentUnhealthyPartitionsPerService\\\":0,\\\"maxPercentUnhealthyReplicasPerPartition\\\":0},\\\"eventStoreServiceType\\\":{\\\"maxPercentUnhealthyServices\\\":0,\\\"maxPercentUnhealthyPartitionsPerService\\\":0,\\\"maxPercentUnhealthyReplicasPerPartition\\\":0},\\\"fmServiceType\\\":{\\\"maxPercentUnhealthyServices\\\":0,\\\"maxPercentUnhealthyPartitionsPerService\\\":0,\\\"maxPercentUnhealthyReplicasPerPartition\\\":0},\\\"faultAnalysisServiceType\\\":{\\\"maxPercentUnhealthyServices\\\":0,\\\"maxPercentUnhealthyPartitionsPerService\\\":0,\\\"maxPercentUnhealthyReplicasPerPartition\\\":0},\\\"fileStoreServiceType\\\":{\\\"maxPercentUnhealthyServices\\\":0,\\\"maxPercentUnhealthyPartitionsPerService\\\":0,\\\"maxPercentUnhealthyReplicasPerPartition\\\":0},\\\"namingStoreService\\\":{\\\"maxPercentUnhealthyServices\\\":0,\\\"maxPercentUnhealthyPartitionsPerService\\\":0,\\\"maxPercentUnhealthyReplicasPerPartition\\\":0},\\\"repairManagerServiceType\\\":{\\\"maxPercentUnhealthyServices\\\":0,\\\"maxPercentUnhealthyPartitionsPerService\\\":0,\\\"maxPercentUnhealthyReplicasPerPartition\\\":0},\\\"upgradeServiceType\\\":{\\\"maxPercentUnhealthyServices\\\":0,\\\"maxPercentUnhealthyPartitionsPerService\\\":0,\\\"maxPercentUnhealthyReplicasPerPartition\\\":0}}}},\\\"monitoringPolicy\\\":{\\\"failureAction\\\":\\\"Rollback\\\",\\\"healthCheckWaitDuration\\\":\\\"00:00:30\\\",\\\"healthCheckStableDuration\\\":\\\"00:01:00\\\",\\\"healthCheckRetryTimeout\\\":\\\"00:45:00\\\",\\\"upgradeTimeout\\\":\\\"12:00:00\\\",\\\"upgradeDomainTimeout\\\":\\\"02:00:00\\\"},\\\"upgradeMode\\\":\\\"Monitored\\\",\\\"forceRestart\\\":false,\\\"upgradeReplicaSetCheckTimeout\\\":\\\"49710.06:28:15\\\",\\\"sortOrder\\\":\\\"Default\\\",\\\"instanceCloseDelayDuration\\\":\\\"49710.06:28:15\\\",\\\"kind\\\":\\\"Rolling\\\"}},\\\"targetCodeVersion\\\":\\\"7.2.477.9590\\\",\\\"targetConfigVersion\\\":\\\"6\\\",\\\"upgradeState\\\":\\\"RollingForwardPending\\\",\\\"upgradeDomains\\\":[{\\\"name\\\":\\\"0\\\",\\\"state\\\":\\\"Completed\\\"},{\\\"name\\\":\\\"1\\\",\\\"state\\\":\\\"Pending\\\"},{\\\"name\\\":\\\"2\\\",\\\"state\\\":\\\"Pending\\\"},{\\\"name\\\":\\\"3\\\",\\\"state\\\":\\\"Pending\\\"},{\\\"name\\\":\\\"4\\\",\\\"state\\\":\\\"Pending\\\"}],\\\"rollingUpgradeMode\\\":\\\"Monitored\\\",\\\"nextUpgradeDomain\\\":\\\"1\\\",\\\"upgradeDuration\\\":\\\"00:01:00\\\",\\\"currentUpgradeDomainDuration\\\":\\\"00:01:00\\\",\\\"unhealthyEvaluations\\\":[],\\\"currentUpgradeDomainProgress\\\":{\\\"upgradeDomainName\\\":\\\"1\\\",\\\"nodeProgressList\\\":[]},\\\"startTimestampUtc\\\":\\\"2021-03-10T19:20:19.2843395Z\\\"}\",\r\n  \"startTime\": \"2021-03-10T19:18:37.2032945Z\",\r\n  \"endTime\": \"0001-01-01T00:00:00\",\r\n  \"percentComplete\": 0.0\r\n}",
      "StatusCode": 200
    },
    {
      "RequestUri": "/subscriptions/b36cdf46-b75d-4dc2-9fe1-1296ee8c623d/providers/Microsoft.ServiceFabric/locations/southcentralus/operations/d0abc436-d5de-4728-af0f-c281c3597b31?api-version=2020-03-01&Experiment=local",
      "EncodedRequestUri": "L3N1YnNjcmlwdGlvbnMvYjM2Y2RmNDYtYjc1ZC00ZGMyLTlmZTEtMTI5NmVlOGM2MjNkL3Byb3ZpZGVycy9NaWNyb3NvZnQuU2VydmljZUZhYnJpYy9sb2NhdGlvbnMvc291dGhjZW50cmFsdXMvb3BlcmF0aW9ucy9kMGFiYzQzNi1kNWRlLTQ3MjgtYWYwZi1jMjgxYzM1OTdiMzE/YXBpLXZlcnNpb249MjAyMC0wMy0wMSZFeHBlcmltZW50PWxvY2Fs",
      "RequestMethod": "GET",
      "RequestBody": "",
      "RequestHeaders": {
        "x-ms-client-request-id": [
          "2117d67f-c1f0-4918-a683-ea33d8205f12"
        ],
        "User-Agent": [
          "FxVersion/4.6.29812.02",
          "OSName/Windows",
          "OSVersion/Microsoft.Windows.10.0.19042.",
          "Microsoft.Azure.Management.ServiceFabric.ServiceFabricManagementClient/1.3.0.0"
        ]
      },
      "ResponseHeaders": {
        "Cache-Control": [
          "no-cache"
        ],
        "Pragma": [
          "no-cache"
        ],
        "Strict-Transport-Security": [
          "max-age=31536000; includeSubDomains"
        ],
        "X-Content-Type-Options": [
          "nosniff"
        ],
        "Server": [
          "Microsoft-HTTPAPI/2.0,Microsoft-HTTPAPI/2.0 Microsoft-HTTPAPI/2.0"
        ],
        "x-ms-ratelimit-remaining-subscription-reads": [
          "11992"
        ],
        "x-ms-request-id": [
          "7624c1a1-cda8-42d5-b670-257fdf98343b"
        ],
        "x-ms-correlation-request-id": [
          "7624c1a1-cda8-42d5-b670-257fdf98343b"
        ],
        "x-ms-routing-request-id": [
          "WESTCENTRALUS:20210310T192338Z:7624c1a1-cda8-42d5-b670-257fdf98343b"
        ],
        "Date": [
          "Wed, 10 Mar 2021 19:23:38 GMT"
        ],
        "Content-Length": [
          "3599"
        ],
        "Content-Type": [
          "application/json"
        ],
        "Expires": [
          "-1"
        ]
      },
      "ResponseBody": "{\r\n  \"id\": \"/subscriptions/b36cdf46-b75d-4dc2-9fe1-1296ee8c623d/providers/Microsoft.ServiceFabric/locations/southcentralus/operations/d0abc436-d5de-4728-af0f-c281c3597b31\",\r\n  \"name\": \"d0abc436-d5de-4728-af0f-c281c3597b31\",\r\n  \"status\": \"InProgress:{\\\"upgradeDescription\\\":{\\\"targetCodeVersion\\\":\\\"7.2.477.9590\\\",\\\"targetConfigVersion\\\":\\\"6\\\",\\\"upgradePolicyDescription\\\":{\\\"healthPolicy\\\":{\\\"considerWarningAsError\\\":false,\\\"maxPercentUnhealthyNodes\\\":100,\\\"maxPercentUnhealthyApplications\\\":0,\\\"applicationTypeHealthPolicyMap\\\":{}},\\\"enableDeltaHealthEvaluation\\\":true,\\\"upgradeHealthPolicy\\\":{\\\"maxPercentDeltaUnhealthyNodes\\\":0,\\\"maxPercentUpgradeDomainDeltaUnhealthyNodes\\\":0},\\\"applicationHealthPolicyMap\\\":{\\\"fabric:/System\\\":{\\\"considerWarningAsError\\\":false,\\\"maxPercentUnhealthyDeployedApplications\\\":0,\\\"defaultServiceTypeHealthPolicy\\\":{\\\"maxPercentUnhealthyServices\\\":0,\\\"maxPercentUnhealthyPartitionsPerService\\\":0,\\\"maxPercentUnhealthyReplicasPerPartition\\\":0},\\\"serviceTypeHealthPolicyMap\\\":{\\\"clusterManagerServiceType\\\":{\\\"maxPercentUnhealthyServices\\\":0,\\\"maxPercentUnhealthyPartitionsPerService\\\":0,\\\"maxPercentUnhealthyReplicasPerPartition\\\":0},\\\"dnsServiceType\\\":{\\\"maxPercentUnhealthyServices\\\":0,\\\"maxPercentUnhealthyPartitionsPerService\\\":0,\\\"maxPercentUnhealthyReplicasPerPartition\\\":0},\\\"eventStoreServiceType\\\":{\\\"maxPercentUnhealthyServices\\\":0,\\\"maxPercentUnhealthyPartitionsPerService\\\":0,\\\"maxPercentUnhealthyReplicasPerPartition\\\":0},\\\"fmServiceType\\\":{\\\"maxPercentUnhealthyServices\\\":0,\\\"maxPercentUnhealthyPartitionsPerService\\\":0,\\\"maxPercentUnhealthyReplicasPerPartition\\\":0},\\\"faultAnalysisServiceType\\\":{\\\"maxPercentUnhealthyServices\\\":0,\\\"maxPercentUnhealthyPartitionsPerService\\\":0,\\\"maxPercentUnhealthyReplicasPerPartition\\\":0},\\\"fileStoreServiceType\\\":{\\\"maxPercentUnhealthyServices\\\":0,\\\"maxPercentUnhealthyPartitionsPerService\\\":0,\\\"maxPercentUnhealthyReplicasPerPartition\\\":0},\\\"namingStoreService\\\":{\\\"maxPercentUnhealthyServices\\\":0,\\\"maxPercentUnhealthyPartitionsPerService\\\":0,\\\"maxPercentUnhealthyReplicasPerPartition\\\":0},\\\"repairManagerServiceType\\\":{\\\"maxPercentUnhealthyServices\\\":0,\\\"maxPercentUnhealthyPartitionsPerService\\\":0,\\\"maxPercentUnhealthyReplicasPerPartition\\\":0},\\\"upgradeServiceType\\\":{\\\"maxPercentUnhealthyServices\\\":0,\\\"maxPercentUnhealthyPartitionsPerService\\\":0,\\\"maxPercentUnhealthyReplicasPerPartition\\\":0}}}},\\\"monitoringPolicy\\\":{\\\"failureAction\\\":\\\"Rollback\\\",\\\"healthCheckWaitDuration\\\":\\\"00:00:30\\\",\\\"healthCheckStableDuration\\\":\\\"00:01:00\\\",\\\"healthCheckRetryTimeout\\\":\\\"00:45:00\\\",\\\"upgradeTimeout\\\":\\\"12:00:00\\\",\\\"upgradeDomainTimeout\\\":\\\"02:00:00\\\"},\\\"upgradeMode\\\":\\\"Monitored\\\",\\\"forceRestart\\\":false,\\\"upgradeReplicaSetCheckTimeout\\\":\\\"49710.06:28:15\\\",\\\"sortOrder\\\":\\\"Default\\\",\\\"instanceCloseDelayDuration\\\":\\\"49710.06:28:15\\\",\\\"kind\\\":\\\"Rolling\\\"}},\\\"targetCodeVersion\\\":\\\"7.2.477.9590\\\",\\\"targetConfigVersion\\\":\\\"6\\\",\\\"upgradeState\\\":\\\"RollingForwardPending\\\",\\\"upgradeDomains\\\":[{\\\"name\\\":\\\"0\\\",\\\"state\\\":\\\"Completed\\\"},{\\\"name\\\":\\\"1\\\",\\\"state\\\":\\\"Pending\\\"},{\\\"name\\\":\\\"2\\\",\\\"state\\\":\\\"Pending\\\"},{\\\"name\\\":\\\"3\\\",\\\"state\\\":\\\"Pending\\\"},{\\\"name\\\":\\\"4\\\",\\\"state\\\":\\\"Pending\\\"}],\\\"rollingUpgradeMode\\\":\\\"Monitored\\\",\\\"nextUpgradeDomain\\\":\\\"1\\\",\\\"upgradeDuration\\\":\\\"00:02:00\\\",\\\"currentUpgradeDomainDuration\\\":\\\"00:02:00\\\",\\\"unhealthyEvaluations\\\":[],\\\"currentUpgradeDomainProgress\\\":{\\\"upgradeDomainName\\\":\\\"1\\\",\\\"nodeProgressList\\\":[]},\\\"startTimestampUtc\\\":\\\"2021-03-10T19:20:19.2843395Z\\\"}\",\r\n  \"startTime\": \"2021-03-10T19:18:37.2032945Z\",\r\n  \"endTime\": \"0001-01-01T00:00:00\",\r\n  \"percentComplete\": 0.0\r\n}",
      "StatusCode": 200
    },
    {
      "RequestUri": "/subscriptions/b36cdf46-b75d-4dc2-9fe1-1296ee8c623d/providers/Microsoft.ServiceFabric/locations/southcentralus/operations/d0abc436-d5de-4728-af0f-c281c3597b31?api-version=2020-03-01&Experiment=local",
      "EncodedRequestUri": "L3N1YnNjcmlwdGlvbnMvYjM2Y2RmNDYtYjc1ZC00ZGMyLTlmZTEtMTI5NmVlOGM2MjNkL3Byb3ZpZGVycy9NaWNyb3NvZnQuU2VydmljZUZhYnJpYy9sb2NhdGlvbnMvc291dGhjZW50cmFsdXMvb3BlcmF0aW9ucy9kMGFiYzQzNi1kNWRlLTQ3MjgtYWYwZi1jMjgxYzM1OTdiMzE/YXBpLXZlcnNpb249MjAyMC0wMy0wMSZFeHBlcmltZW50PWxvY2Fs",
      "RequestMethod": "GET",
      "RequestBody": "",
      "RequestHeaders": {
        "x-ms-client-request-id": [
          "2117d67f-c1f0-4918-a683-ea33d8205f12"
        ],
        "User-Agent": [
          "FxVersion/4.6.29812.02",
          "OSName/Windows",
          "OSVersion/Microsoft.Windows.10.0.19042.",
          "Microsoft.Azure.Management.ServiceFabric.ServiceFabricManagementClient/1.3.0.0"
        ]
      },
      "ResponseHeaders": {
        "Cache-Control": [
          "no-cache"
        ],
        "Pragma": [
          "no-cache"
        ],
        "Strict-Transport-Security": [
          "max-age=31536000; includeSubDomains"
        ],
        "X-Content-Type-Options": [
          "nosniff"
        ],
        "Server": [
          "Microsoft-HTTPAPI/2.0,Microsoft-HTTPAPI/2.0 Microsoft-HTTPAPI/2.0"
        ],
        "x-ms-ratelimit-remaining-subscription-reads": [
          "11991"
        ],
        "x-ms-request-id": [
          "a261fff6-8809-4ffd-8991-97c5dc8736a1"
        ],
        "x-ms-correlation-request-id": [
          "a261fff6-8809-4ffd-8991-97c5dc8736a1"
        ],
        "x-ms-routing-request-id": [
          "WESTCENTRALUS:20210310T192438Z:a261fff6-8809-4ffd-8991-97c5dc8736a1"
        ],
        "Date": [
          "Wed, 10 Mar 2021 19:24:38 GMT"
        ],
        "Content-Length": [
          "3605"
        ],
        "Content-Type": [
          "application/json"
        ],
        "Expires": [
          "-1"
        ]
      },
      "ResponseBody": "{\r\n  \"id\": \"/subscriptions/b36cdf46-b75d-4dc2-9fe1-1296ee8c623d/providers/Microsoft.ServiceFabric/locations/southcentralus/operations/d0abc436-d5de-4728-af0f-c281c3597b31\",\r\n  \"name\": \"d0abc436-d5de-4728-af0f-c281c3597b31\",\r\n  \"status\": \"InProgress:{\\\"upgradeDescription\\\":{\\\"targetCodeVersion\\\":\\\"7.2.477.9590\\\",\\\"targetConfigVersion\\\":\\\"6\\\",\\\"upgradePolicyDescription\\\":{\\\"healthPolicy\\\":{\\\"considerWarningAsError\\\":false,\\\"maxPercentUnhealthyNodes\\\":100,\\\"maxPercentUnhealthyApplications\\\":0,\\\"applicationTypeHealthPolicyMap\\\":{}},\\\"enableDeltaHealthEvaluation\\\":true,\\\"upgradeHealthPolicy\\\":{\\\"maxPercentDeltaUnhealthyNodes\\\":0,\\\"maxPercentUpgradeDomainDeltaUnhealthyNodes\\\":0},\\\"applicationHealthPolicyMap\\\":{\\\"fabric:/System\\\":{\\\"considerWarningAsError\\\":false,\\\"maxPercentUnhealthyDeployedApplications\\\":0,\\\"defaultServiceTypeHealthPolicy\\\":{\\\"maxPercentUnhealthyServices\\\":0,\\\"maxPercentUnhealthyPartitionsPerService\\\":0,\\\"maxPercentUnhealthyReplicasPerPartition\\\":0},\\\"serviceTypeHealthPolicyMap\\\":{\\\"clusterManagerServiceType\\\":{\\\"maxPercentUnhealthyServices\\\":0,\\\"maxPercentUnhealthyPartitionsPerService\\\":0,\\\"maxPercentUnhealthyReplicasPerPartition\\\":0},\\\"dnsServiceType\\\":{\\\"maxPercentUnhealthyServices\\\":0,\\\"maxPercentUnhealthyPartitionsPerService\\\":0,\\\"maxPercentUnhealthyReplicasPerPartition\\\":0},\\\"eventStoreServiceType\\\":{\\\"maxPercentUnhealthyServices\\\":0,\\\"maxPercentUnhealthyPartitionsPerService\\\":0,\\\"maxPercentUnhealthyReplicasPerPartition\\\":0},\\\"fmServiceType\\\":{\\\"maxPercentUnhealthyServices\\\":0,\\\"maxPercentUnhealthyPartitionsPerService\\\":0,\\\"maxPercentUnhealthyReplicasPerPartition\\\":0},\\\"faultAnalysisServiceType\\\":{\\\"maxPercentUnhealthyServices\\\":0,\\\"maxPercentUnhealthyPartitionsPerService\\\":0,\\\"maxPercentUnhealthyReplicasPerPartition\\\":0},\\\"fileStoreServiceType\\\":{\\\"maxPercentUnhealthyServices\\\":0,\\\"maxPercentUnhealthyPartitionsPerService\\\":0,\\\"maxPercentUnhealthyReplicasPerPartition\\\":0},\\\"namingStoreService\\\":{\\\"maxPercentUnhealthyServices\\\":0,\\\"maxPercentUnhealthyPartitionsPerService\\\":0,\\\"maxPercentUnhealthyReplicasPerPartition\\\":0},\\\"repairManagerServiceType\\\":{\\\"maxPercentUnhealthyServices\\\":0,\\\"maxPercentUnhealthyPartitionsPerService\\\":0,\\\"maxPercentUnhealthyReplicasPerPartition\\\":0},\\\"upgradeServiceType\\\":{\\\"maxPercentUnhealthyServices\\\":0,\\\"maxPercentUnhealthyPartitionsPerService\\\":0,\\\"maxPercentUnhealthyReplicasPerPartition\\\":0}}}},\\\"monitoringPolicy\\\":{\\\"failureAction\\\":\\\"Rollback\\\",\\\"healthCheckWaitDuration\\\":\\\"00:00:30\\\",\\\"healthCheckStableDuration\\\":\\\"00:01:00\\\",\\\"healthCheckRetryTimeout\\\":\\\"00:45:00\\\",\\\"upgradeTimeout\\\":\\\"12:00:00\\\",\\\"upgradeDomainTimeout\\\":\\\"02:00:00\\\"},\\\"upgradeMode\\\":\\\"Monitored\\\",\\\"forceRestart\\\":false,\\\"upgradeReplicaSetCheckTimeout\\\":\\\"49710.06:28:15\\\",\\\"sortOrder\\\":\\\"Default\\\",\\\"instanceCloseDelayDuration\\\":\\\"49710.06:28:15\\\",\\\"kind\\\":\\\"Rolling\\\"}},\\\"targetCodeVersion\\\":\\\"7.2.477.9590\\\",\\\"targetConfigVersion\\\":\\\"6\\\",\\\"upgradeState\\\":\\\"RollingForwardInProgress\\\",\\\"upgradeDomains\\\":[{\\\"name\\\":\\\"1\\\",\\\"state\\\":\\\"InProgress\\\"},{\\\"name\\\":\\\"0\\\",\\\"state\\\":\\\"Completed\\\"},{\\\"name\\\":\\\"2\\\",\\\"state\\\":\\\"Pending\\\"},{\\\"name\\\":\\\"3\\\",\\\"state\\\":\\\"Pending\\\"},{\\\"name\\\":\\\"4\\\",\\\"state\\\":\\\"Pending\\\"}],\\\"rollingUpgradeMode\\\":\\\"Monitored\\\",\\\"nextUpgradeDomain\\\":\\\"2\\\",\\\"upgradeDuration\\\":\\\"00:03:00\\\",\\\"currentUpgradeDomainDuration\\\":\\\"00:00:00\\\",\\\"unhealthyEvaluations\\\":[],\\\"currentUpgradeDomainProgress\\\":{\\\"upgradeDomainName\\\":\\\"1\\\",\\\"nodeProgressList\\\":[]},\\\"startTimestampUtc\\\":\\\"2021-03-10T19:20:19.2843395Z\\\"}\",\r\n  \"startTime\": \"2021-03-10T19:18:37.2032945Z\",\r\n  \"endTime\": \"0001-01-01T00:00:00\",\r\n  \"percentComplete\": 0.0\r\n}",
      "StatusCode": 200
    },
    {
      "RequestUri": "/subscriptions/b36cdf46-b75d-4dc2-9fe1-1296ee8c623d/providers/Microsoft.ServiceFabric/locations/southcentralus/operations/d0abc436-d5de-4728-af0f-c281c3597b31?api-version=2020-03-01&Experiment=local",
      "EncodedRequestUri": "L3N1YnNjcmlwdGlvbnMvYjM2Y2RmNDYtYjc1ZC00ZGMyLTlmZTEtMTI5NmVlOGM2MjNkL3Byb3ZpZGVycy9NaWNyb3NvZnQuU2VydmljZUZhYnJpYy9sb2NhdGlvbnMvc291dGhjZW50cmFsdXMvb3BlcmF0aW9ucy9kMGFiYzQzNi1kNWRlLTQ3MjgtYWYwZi1jMjgxYzM1OTdiMzE/YXBpLXZlcnNpb249MjAyMC0wMy0wMSZFeHBlcmltZW50PWxvY2Fs",
      "RequestMethod": "GET",
      "RequestBody": "",
      "RequestHeaders": {
        "x-ms-client-request-id": [
          "2117d67f-c1f0-4918-a683-ea33d8205f12"
        ],
        "User-Agent": [
          "FxVersion/4.6.29812.02",
          "OSName/Windows",
          "OSVersion/Microsoft.Windows.10.0.19042.",
          "Microsoft.Azure.Management.ServiceFabric.ServiceFabricManagementClient/1.3.0.0"
        ]
      },
      "ResponseHeaders": {
        "Cache-Control": [
          "no-cache"
        ],
        "Pragma": [
          "no-cache"
        ],
        "Strict-Transport-Security": [
          "max-age=31536000; includeSubDomains"
        ],
        "X-Content-Type-Options": [
          "nosniff"
        ],
        "Server": [
          "Microsoft-HTTPAPI/2.0,Microsoft-HTTPAPI/2.0 Microsoft-HTTPAPI/2.0"
        ],
        "x-ms-ratelimit-remaining-subscription-reads": [
          "11990"
        ],
        "x-ms-request-id": [
          "eceb359a-96a7-48e9-988e-782d70d46198"
        ],
        "x-ms-correlation-request-id": [
          "eceb359a-96a7-48e9-988e-782d70d46198"
        ],
        "x-ms-routing-request-id": [
          "WESTCENTRALUS:20210310T192538Z:eceb359a-96a7-48e9-988e-782d70d46198"
        ],
        "Date": [
          "Wed, 10 Mar 2021 19:25:38 GMT"
        ],
        "Content-Length": [
          "3601"
        ],
        "Content-Type": [
          "application/json"
        ],
        "Expires": [
          "-1"
        ]
      },
      "ResponseBody": "{\r\n  \"id\": \"/subscriptions/b36cdf46-b75d-4dc2-9fe1-1296ee8c623d/providers/Microsoft.ServiceFabric/locations/southcentralus/operations/d0abc436-d5de-4728-af0f-c281c3597b31\",\r\n  \"name\": \"d0abc436-d5de-4728-af0f-c281c3597b31\",\r\n  \"status\": \"InProgress:{\\\"upgradeDescription\\\":{\\\"targetCodeVersion\\\":\\\"7.2.477.9590\\\",\\\"targetConfigVersion\\\":\\\"6\\\",\\\"upgradePolicyDescription\\\":{\\\"healthPolicy\\\":{\\\"considerWarningAsError\\\":false,\\\"maxPercentUnhealthyNodes\\\":100,\\\"maxPercentUnhealthyApplications\\\":0,\\\"applicationTypeHealthPolicyMap\\\":{}},\\\"enableDeltaHealthEvaluation\\\":true,\\\"upgradeHealthPolicy\\\":{\\\"maxPercentDeltaUnhealthyNodes\\\":0,\\\"maxPercentUpgradeDomainDeltaUnhealthyNodes\\\":0},\\\"applicationHealthPolicyMap\\\":{\\\"fabric:/System\\\":{\\\"considerWarningAsError\\\":false,\\\"maxPercentUnhealthyDeployedApplications\\\":0,\\\"defaultServiceTypeHealthPolicy\\\":{\\\"maxPercentUnhealthyServices\\\":0,\\\"maxPercentUnhealthyPartitionsPerService\\\":0,\\\"maxPercentUnhealthyReplicasPerPartition\\\":0},\\\"serviceTypeHealthPolicyMap\\\":{\\\"clusterManagerServiceType\\\":{\\\"maxPercentUnhealthyServices\\\":0,\\\"maxPercentUnhealthyPartitionsPerService\\\":0,\\\"maxPercentUnhealthyReplicasPerPartition\\\":0},\\\"dnsServiceType\\\":{\\\"maxPercentUnhealthyServices\\\":0,\\\"maxPercentUnhealthyPartitionsPerService\\\":0,\\\"maxPercentUnhealthyReplicasPerPartition\\\":0},\\\"eventStoreServiceType\\\":{\\\"maxPercentUnhealthyServices\\\":0,\\\"maxPercentUnhealthyPartitionsPerService\\\":0,\\\"maxPercentUnhealthyReplicasPerPartition\\\":0},\\\"fmServiceType\\\":{\\\"maxPercentUnhealthyServices\\\":0,\\\"maxPercentUnhealthyPartitionsPerService\\\":0,\\\"maxPercentUnhealthyReplicasPerPartition\\\":0},\\\"faultAnalysisServiceType\\\":{\\\"maxPercentUnhealthyServices\\\":0,\\\"maxPercentUnhealthyPartitionsPerService\\\":0,\\\"maxPercentUnhealthyReplicasPerPartition\\\":0},\\\"fileStoreServiceType\\\":{\\\"maxPercentUnhealthyServices\\\":0,\\\"maxPercentUnhealthyPartitionsPerService\\\":0,\\\"maxPercentUnhealthyReplicasPerPartition\\\":0},\\\"namingStoreService\\\":{\\\"maxPercentUnhealthyServices\\\":0,\\\"maxPercentUnhealthyPartitionsPerService\\\":0,\\\"maxPercentUnhealthyReplicasPerPartition\\\":0},\\\"repairManagerServiceType\\\":{\\\"maxPercentUnhealthyServices\\\":0,\\\"maxPercentUnhealthyPartitionsPerService\\\":0,\\\"maxPercentUnhealthyReplicasPerPartition\\\":0},\\\"upgradeServiceType\\\":{\\\"maxPercentUnhealthyServices\\\":0,\\\"maxPercentUnhealthyPartitionsPerService\\\":0,\\\"maxPercentUnhealthyReplicasPerPartition\\\":0}}}},\\\"monitoringPolicy\\\":{\\\"failureAction\\\":\\\"Rollback\\\",\\\"healthCheckWaitDuration\\\":\\\"00:00:30\\\",\\\"healthCheckStableDuration\\\":\\\"00:01:00\\\",\\\"healthCheckRetryTimeout\\\":\\\"00:45:00\\\",\\\"upgradeTimeout\\\":\\\"12:00:00\\\",\\\"upgradeDomainTimeout\\\":\\\"02:00:00\\\"},\\\"upgradeMode\\\":\\\"Monitored\\\",\\\"forceRestart\\\":false,\\\"upgradeReplicaSetCheckTimeout\\\":\\\"49710.06:28:15\\\",\\\"sortOrder\\\":\\\"Default\\\",\\\"instanceCloseDelayDuration\\\":\\\"49710.06:28:15\\\",\\\"kind\\\":\\\"Rolling\\\"}},\\\"targetCodeVersion\\\":\\\"7.2.477.9590\\\",\\\"targetConfigVersion\\\":\\\"6\\\",\\\"upgradeState\\\":\\\"RollingForwardPending\\\",\\\"upgradeDomains\\\":[{\\\"name\\\":\\\"0\\\",\\\"state\\\":\\\"Completed\\\"},{\\\"name\\\":\\\"1\\\",\\\"state\\\":\\\"Completed\\\"},{\\\"name\\\":\\\"2\\\",\\\"state\\\":\\\"Pending\\\"},{\\\"name\\\":\\\"3\\\",\\\"state\\\":\\\"Pending\\\"},{\\\"name\\\":\\\"4\\\",\\\"state\\\":\\\"Pending\\\"}],\\\"rollingUpgradeMode\\\":\\\"Monitored\\\",\\\"nextUpgradeDomain\\\":\\\"2\\\",\\\"upgradeDuration\\\":\\\"00:04:00\\\",\\\"currentUpgradeDomainDuration\\\":\\\"00:01:00\\\",\\\"unhealthyEvaluations\\\":[],\\\"currentUpgradeDomainProgress\\\":{\\\"upgradeDomainName\\\":\\\"2\\\",\\\"nodeProgressList\\\":[]},\\\"startTimestampUtc\\\":\\\"2021-03-10T19:20:19.2843395Z\\\"}\",\r\n  \"startTime\": \"2021-03-10T19:18:37.2032945Z\",\r\n  \"endTime\": \"0001-01-01T00:00:00\",\r\n  \"percentComplete\": 0.0\r\n}",
      "StatusCode": 200
    },
    {
      "RequestUri": "/subscriptions/b36cdf46-b75d-4dc2-9fe1-1296ee8c623d/providers/Microsoft.ServiceFabric/locations/southcentralus/operations/d0abc436-d5de-4728-af0f-c281c3597b31?api-version=2020-03-01&Experiment=local",
      "EncodedRequestUri": "L3N1YnNjcmlwdGlvbnMvYjM2Y2RmNDYtYjc1ZC00ZGMyLTlmZTEtMTI5NmVlOGM2MjNkL3Byb3ZpZGVycy9NaWNyb3NvZnQuU2VydmljZUZhYnJpYy9sb2NhdGlvbnMvc291dGhjZW50cmFsdXMvb3BlcmF0aW9ucy9kMGFiYzQzNi1kNWRlLTQ3MjgtYWYwZi1jMjgxYzM1OTdiMzE/YXBpLXZlcnNpb249MjAyMC0wMy0wMSZFeHBlcmltZW50PWxvY2Fs",
      "RequestMethod": "GET",
      "RequestBody": "",
      "RequestHeaders": {
        "x-ms-client-request-id": [
          "2117d67f-c1f0-4918-a683-ea33d8205f12"
        ],
        "User-Agent": [
          "FxVersion/4.6.29812.02",
          "OSName/Windows",
          "OSVersion/Microsoft.Windows.10.0.19042.",
          "Microsoft.Azure.Management.ServiceFabric.ServiceFabricManagementClient/1.3.0.0"
        ]
      },
      "ResponseHeaders": {
        "Cache-Control": [
          "no-cache"
        ],
        "Pragma": [
          "no-cache"
        ],
        "Strict-Transport-Security": [
          "max-age=31536000; includeSubDomains"
        ],
        "X-Content-Type-Options": [
          "nosniff"
        ],
        "Server": [
          "Microsoft-HTTPAPI/2.0,Microsoft-HTTPAPI/2.0 Microsoft-HTTPAPI/2.0"
        ],
        "x-ms-ratelimit-remaining-subscription-reads": [
          "11989"
        ],
        "x-ms-request-id": [
          "a05bdbe5-532e-49e4-a170-f7ff75aea4d1"
        ],
        "x-ms-correlation-request-id": [
          "a05bdbe5-532e-49e4-a170-f7ff75aea4d1"
        ],
        "x-ms-routing-request-id": [
          "WESTCENTRALUS:20210310T192638Z:a05bdbe5-532e-49e4-a170-f7ff75aea4d1"
        ],
        "Date": [
          "Wed, 10 Mar 2021 19:26:38 GMT"
        ],
        "Content-Length": [
          "3601"
        ],
        "Content-Type": [
          "application/json"
        ],
        "Expires": [
          "-1"
        ]
      },
      "ResponseBody": "{\r\n  \"id\": \"/subscriptions/b36cdf46-b75d-4dc2-9fe1-1296ee8c623d/providers/Microsoft.ServiceFabric/locations/southcentralus/operations/d0abc436-d5de-4728-af0f-c281c3597b31\",\r\n  \"name\": \"d0abc436-d5de-4728-af0f-c281c3597b31\",\r\n  \"status\": \"InProgress:{\\\"upgradeDescription\\\":{\\\"targetCodeVersion\\\":\\\"7.2.477.9590\\\",\\\"targetConfigVersion\\\":\\\"6\\\",\\\"upgradePolicyDescription\\\":{\\\"healthPolicy\\\":{\\\"considerWarningAsError\\\":false,\\\"maxPercentUnhealthyNodes\\\":100,\\\"maxPercentUnhealthyApplications\\\":0,\\\"applicationTypeHealthPolicyMap\\\":{}},\\\"enableDeltaHealthEvaluation\\\":true,\\\"upgradeHealthPolicy\\\":{\\\"maxPercentDeltaUnhealthyNodes\\\":0,\\\"maxPercentUpgradeDomainDeltaUnhealthyNodes\\\":0},\\\"applicationHealthPolicyMap\\\":{\\\"fabric:/System\\\":{\\\"considerWarningAsError\\\":false,\\\"maxPercentUnhealthyDeployedApplications\\\":0,\\\"defaultServiceTypeHealthPolicy\\\":{\\\"maxPercentUnhealthyServices\\\":0,\\\"maxPercentUnhealthyPartitionsPerService\\\":0,\\\"maxPercentUnhealthyReplicasPerPartition\\\":0},\\\"serviceTypeHealthPolicyMap\\\":{\\\"clusterManagerServiceType\\\":{\\\"maxPercentUnhealthyServices\\\":0,\\\"maxPercentUnhealthyPartitionsPerService\\\":0,\\\"maxPercentUnhealthyReplicasPerPartition\\\":0},\\\"dnsServiceType\\\":{\\\"maxPercentUnhealthyServices\\\":0,\\\"maxPercentUnhealthyPartitionsPerService\\\":0,\\\"maxPercentUnhealthyReplicasPerPartition\\\":0},\\\"eventStoreServiceType\\\":{\\\"maxPercentUnhealthyServices\\\":0,\\\"maxPercentUnhealthyPartitionsPerService\\\":0,\\\"maxPercentUnhealthyReplicasPerPartition\\\":0},\\\"fmServiceType\\\":{\\\"maxPercentUnhealthyServices\\\":0,\\\"maxPercentUnhealthyPartitionsPerService\\\":0,\\\"maxPercentUnhealthyReplicasPerPartition\\\":0},\\\"faultAnalysisServiceType\\\":{\\\"maxPercentUnhealthyServices\\\":0,\\\"maxPercentUnhealthyPartitionsPerService\\\":0,\\\"maxPercentUnhealthyReplicasPerPartition\\\":0},\\\"fileStoreServiceType\\\":{\\\"maxPercentUnhealthyServices\\\":0,\\\"maxPercentUnhealthyPartitionsPerService\\\":0,\\\"maxPercentUnhealthyReplicasPerPartition\\\":0},\\\"namingStoreService\\\":{\\\"maxPercentUnhealthyServices\\\":0,\\\"maxPercentUnhealthyPartitionsPerService\\\":0,\\\"maxPercentUnhealthyReplicasPerPartition\\\":0},\\\"repairManagerServiceType\\\":{\\\"maxPercentUnhealthyServices\\\":0,\\\"maxPercentUnhealthyPartitionsPerService\\\":0,\\\"maxPercentUnhealthyReplicasPerPartition\\\":0},\\\"upgradeServiceType\\\":{\\\"maxPercentUnhealthyServices\\\":0,\\\"maxPercentUnhealthyPartitionsPerService\\\":0,\\\"maxPercentUnhealthyReplicasPerPartition\\\":0}}}},\\\"monitoringPolicy\\\":{\\\"failureAction\\\":\\\"Rollback\\\",\\\"healthCheckWaitDuration\\\":\\\"00:00:30\\\",\\\"healthCheckStableDuration\\\":\\\"00:01:00\\\",\\\"healthCheckRetryTimeout\\\":\\\"00:45:00\\\",\\\"upgradeTimeout\\\":\\\"12:00:00\\\",\\\"upgradeDomainTimeout\\\":\\\"02:00:00\\\"},\\\"upgradeMode\\\":\\\"Monitored\\\",\\\"forceRestart\\\":false,\\\"upgradeReplicaSetCheckTimeout\\\":\\\"49710.06:28:15\\\",\\\"sortOrder\\\":\\\"Default\\\",\\\"instanceCloseDelayDuration\\\":\\\"49710.06:28:15\\\",\\\"kind\\\":\\\"Rolling\\\"}},\\\"targetCodeVersion\\\":\\\"7.2.477.9590\\\",\\\"targetConfigVersion\\\":\\\"6\\\",\\\"upgradeState\\\":\\\"RollingForwardPending\\\",\\\"upgradeDomains\\\":[{\\\"name\\\":\\\"0\\\",\\\"state\\\":\\\"Completed\\\"},{\\\"name\\\":\\\"1\\\",\\\"state\\\":\\\"Completed\\\"},{\\\"name\\\":\\\"2\\\",\\\"state\\\":\\\"Pending\\\"},{\\\"name\\\":\\\"3\\\",\\\"state\\\":\\\"Pending\\\"},{\\\"name\\\":\\\"4\\\",\\\"state\\\":\\\"Pending\\\"}],\\\"rollingUpgradeMode\\\":\\\"Monitored\\\",\\\"nextUpgradeDomain\\\":\\\"2\\\",\\\"upgradeDuration\\\":\\\"00:05:00\\\",\\\"currentUpgradeDomainDuration\\\":\\\"00:02:00\\\",\\\"unhealthyEvaluations\\\":[],\\\"currentUpgradeDomainProgress\\\":{\\\"upgradeDomainName\\\":\\\"2\\\",\\\"nodeProgressList\\\":[]},\\\"startTimestampUtc\\\":\\\"2021-03-10T19:20:19.2843395Z\\\"}\",\r\n  \"startTime\": \"2021-03-10T19:18:37.2032945Z\",\r\n  \"endTime\": \"0001-01-01T00:00:00\",\r\n  \"percentComplete\": 0.0\r\n}",
      "StatusCode": 200
    },
    {
      "RequestUri": "/subscriptions/b36cdf46-b75d-4dc2-9fe1-1296ee8c623d/providers/Microsoft.ServiceFabric/locations/southcentralus/operations/d0abc436-d5de-4728-af0f-c281c3597b31?api-version=2020-03-01&Experiment=local",
      "EncodedRequestUri": "L3N1YnNjcmlwdGlvbnMvYjM2Y2RmNDYtYjc1ZC00ZGMyLTlmZTEtMTI5NmVlOGM2MjNkL3Byb3ZpZGVycy9NaWNyb3NvZnQuU2VydmljZUZhYnJpYy9sb2NhdGlvbnMvc291dGhjZW50cmFsdXMvb3BlcmF0aW9ucy9kMGFiYzQzNi1kNWRlLTQ3MjgtYWYwZi1jMjgxYzM1OTdiMzE/YXBpLXZlcnNpb249MjAyMC0wMy0wMSZFeHBlcmltZW50PWxvY2Fs",
      "RequestMethod": "GET",
      "RequestBody": "",
      "RequestHeaders": {
        "x-ms-client-request-id": [
          "2117d67f-c1f0-4918-a683-ea33d8205f12"
        ],
        "User-Agent": [
          "FxVersion/4.6.29812.02",
          "OSName/Windows",
          "OSVersion/Microsoft.Windows.10.0.19042.",
          "Microsoft.Azure.Management.ServiceFabric.ServiceFabricManagementClient/1.3.0.0"
        ]
      },
      "ResponseHeaders": {
        "Cache-Control": [
          "no-cache"
        ],
        "Pragma": [
          "no-cache"
        ],
        "Strict-Transport-Security": [
          "max-age=31536000; includeSubDomains"
        ],
        "X-Content-Type-Options": [
          "nosniff"
        ],
        "Server": [
          "Microsoft-HTTPAPI/2.0,Microsoft-HTTPAPI/2.0 Microsoft-HTTPAPI/2.0"
        ],
        "x-ms-ratelimit-remaining-subscription-reads": [
          "11988"
        ],
        "x-ms-request-id": [
          "36373bbf-01eb-46f9-8f7b-ec032663aa5b"
        ],
        "x-ms-correlation-request-id": [
          "36373bbf-01eb-46f9-8f7b-ec032663aa5b"
        ],
        "x-ms-routing-request-id": [
          "WESTCENTRALUS:20210310T192739Z:36373bbf-01eb-46f9-8f7b-ec032663aa5b"
        ],
        "Date": [
          "Wed, 10 Mar 2021 19:27:38 GMT"
        ],
        "Content-Length": [
          "3607"
        ],
        "Content-Type": [
          "application/json"
        ],
        "Expires": [
          "-1"
        ]
      },
      "ResponseBody": "{\r\n  \"id\": \"/subscriptions/b36cdf46-b75d-4dc2-9fe1-1296ee8c623d/providers/Microsoft.ServiceFabric/locations/southcentralus/operations/d0abc436-d5de-4728-af0f-c281c3597b31\",\r\n  \"name\": \"d0abc436-d5de-4728-af0f-c281c3597b31\",\r\n  \"status\": \"InProgress:{\\\"upgradeDescription\\\":{\\\"targetCodeVersion\\\":\\\"7.2.477.9590\\\",\\\"targetConfigVersion\\\":\\\"6\\\",\\\"upgradePolicyDescription\\\":{\\\"healthPolicy\\\":{\\\"considerWarningAsError\\\":false,\\\"maxPercentUnhealthyNodes\\\":100,\\\"maxPercentUnhealthyApplications\\\":0,\\\"applicationTypeHealthPolicyMap\\\":{}},\\\"enableDeltaHealthEvaluation\\\":true,\\\"upgradeHealthPolicy\\\":{\\\"maxPercentDeltaUnhealthyNodes\\\":0,\\\"maxPercentUpgradeDomainDeltaUnhealthyNodes\\\":0},\\\"applicationHealthPolicyMap\\\":{\\\"fabric:/System\\\":{\\\"considerWarningAsError\\\":false,\\\"maxPercentUnhealthyDeployedApplications\\\":0,\\\"defaultServiceTypeHealthPolicy\\\":{\\\"maxPercentUnhealthyServices\\\":0,\\\"maxPercentUnhealthyPartitionsPerService\\\":0,\\\"maxPercentUnhealthyReplicasPerPartition\\\":0},\\\"serviceTypeHealthPolicyMap\\\":{\\\"clusterManagerServiceType\\\":{\\\"maxPercentUnhealthyServices\\\":0,\\\"maxPercentUnhealthyPartitionsPerService\\\":0,\\\"maxPercentUnhealthyReplicasPerPartition\\\":0},\\\"dnsServiceType\\\":{\\\"maxPercentUnhealthyServices\\\":0,\\\"maxPercentUnhealthyPartitionsPerService\\\":0,\\\"maxPercentUnhealthyReplicasPerPartition\\\":0},\\\"eventStoreServiceType\\\":{\\\"maxPercentUnhealthyServices\\\":0,\\\"maxPercentUnhealthyPartitionsPerService\\\":0,\\\"maxPercentUnhealthyReplicasPerPartition\\\":0},\\\"fmServiceType\\\":{\\\"maxPercentUnhealthyServices\\\":0,\\\"maxPercentUnhealthyPartitionsPerService\\\":0,\\\"maxPercentUnhealthyReplicasPerPartition\\\":0},\\\"faultAnalysisServiceType\\\":{\\\"maxPercentUnhealthyServices\\\":0,\\\"maxPercentUnhealthyPartitionsPerService\\\":0,\\\"maxPercentUnhealthyReplicasPerPartition\\\":0},\\\"fileStoreServiceType\\\":{\\\"maxPercentUnhealthyServices\\\":0,\\\"maxPercentUnhealthyPartitionsPerService\\\":0,\\\"maxPercentUnhealthyReplicasPerPartition\\\":0},\\\"namingStoreService\\\":{\\\"maxPercentUnhealthyServices\\\":0,\\\"maxPercentUnhealthyPartitionsPerService\\\":0,\\\"maxPercentUnhealthyReplicasPerPartition\\\":0},\\\"repairManagerServiceType\\\":{\\\"maxPercentUnhealthyServices\\\":0,\\\"maxPercentUnhealthyPartitionsPerService\\\":0,\\\"maxPercentUnhealthyReplicasPerPartition\\\":0},\\\"upgradeServiceType\\\":{\\\"maxPercentUnhealthyServices\\\":0,\\\"maxPercentUnhealthyPartitionsPerService\\\":0,\\\"maxPercentUnhealthyReplicasPerPartition\\\":0}}}},\\\"monitoringPolicy\\\":{\\\"failureAction\\\":\\\"Rollback\\\",\\\"healthCheckWaitDuration\\\":\\\"00:00:30\\\",\\\"healthCheckStableDuration\\\":\\\"00:01:00\\\",\\\"healthCheckRetryTimeout\\\":\\\"00:45:00\\\",\\\"upgradeTimeout\\\":\\\"12:00:00\\\",\\\"upgradeDomainTimeout\\\":\\\"02:00:00\\\"},\\\"upgradeMode\\\":\\\"Monitored\\\",\\\"forceRestart\\\":false,\\\"upgradeReplicaSetCheckTimeout\\\":\\\"49710.06:28:15\\\",\\\"sortOrder\\\":\\\"Default\\\",\\\"instanceCloseDelayDuration\\\":\\\"49710.06:28:15\\\",\\\"kind\\\":\\\"Rolling\\\"}},\\\"targetCodeVersion\\\":\\\"7.2.477.9590\\\",\\\"targetConfigVersion\\\":\\\"6\\\",\\\"upgradeState\\\":\\\"RollingForwardInProgress\\\",\\\"upgradeDomains\\\":[{\\\"name\\\":\\\"2\\\",\\\"state\\\":\\\"InProgress\\\"},{\\\"name\\\":\\\"0\\\",\\\"state\\\":\\\"Completed\\\"},{\\\"name\\\":\\\"1\\\",\\\"state\\\":\\\"Completed\\\"},{\\\"name\\\":\\\"3\\\",\\\"state\\\":\\\"Pending\\\"},{\\\"name\\\":\\\"4\\\",\\\"state\\\":\\\"Pending\\\"}],\\\"rollingUpgradeMode\\\":\\\"Monitored\\\",\\\"nextUpgradeDomain\\\":\\\"3\\\",\\\"upgradeDuration\\\":\\\"00:06:00\\\",\\\"currentUpgradeDomainDuration\\\":\\\"00:00:00\\\",\\\"unhealthyEvaluations\\\":[],\\\"currentUpgradeDomainProgress\\\":{\\\"upgradeDomainName\\\":\\\"2\\\",\\\"nodeProgressList\\\":[]},\\\"startTimestampUtc\\\":\\\"2021-03-10T19:20:19.2843395Z\\\"}\",\r\n  \"startTime\": \"2021-03-10T19:18:37.2032945Z\",\r\n  \"endTime\": \"0001-01-01T00:00:00\",\r\n  \"percentComplete\": 0.0\r\n}",
      "StatusCode": 200
    },
    {
      "RequestUri": "/subscriptions/b36cdf46-b75d-4dc2-9fe1-1296ee8c623d/providers/Microsoft.ServiceFabric/locations/southcentralus/operations/d0abc436-d5de-4728-af0f-c281c3597b31?api-version=2020-03-01&Experiment=local",
      "EncodedRequestUri": "L3N1YnNjcmlwdGlvbnMvYjM2Y2RmNDYtYjc1ZC00ZGMyLTlmZTEtMTI5NmVlOGM2MjNkL3Byb3ZpZGVycy9NaWNyb3NvZnQuU2VydmljZUZhYnJpYy9sb2NhdGlvbnMvc291dGhjZW50cmFsdXMvb3BlcmF0aW9ucy9kMGFiYzQzNi1kNWRlLTQ3MjgtYWYwZi1jMjgxYzM1OTdiMzE/YXBpLXZlcnNpb249MjAyMC0wMy0wMSZFeHBlcmltZW50PWxvY2Fs",
      "RequestMethod": "GET",
      "RequestBody": "",
      "RequestHeaders": {
        "x-ms-client-request-id": [
          "2117d67f-c1f0-4918-a683-ea33d8205f12"
        ],
        "User-Agent": [
          "FxVersion/4.6.29812.02",
          "OSName/Windows",
          "OSVersion/Microsoft.Windows.10.0.19042.",
          "Microsoft.Azure.Management.ServiceFabric.ServiceFabricManagementClient/1.3.0.0"
        ]
      },
      "ResponseHeaders": {
        "Cache-Control": [
          "no-cache"
        ],
        "Pragma": [
          "no-cache"
        ],
        "Strict-Transport-Security": [
          "max-age=31536000; includeSubDomains"
        ],
        "X-Content-Type-Options": [
          "nosniff"
        ],
        "Server": [
          "Microsoft-HTTPAPI/2.0,Microsoft-HTTPAPI/2.0 Microsoft-HTTPAPI/2.0"
        ],
        "x-ms-ratelimit-remaining-subscription-reads": [
          "11987"
        ],
        "x-ms-request-id": [
          "070a3987-e7b4-4292-a021-f106faf43281"
        ],
        "x-ms-correlation-request-id": [
          "070a3987-e7b4-4292-a021-f106faf43281"
        ],
        "x-ms-routing-request-id": [
          "WESTCENTRALUS:20210310T192839Z:070a3987-e7b4-4292-a021-f106faf43281"
        ],
        "Date": [
          "Wed, 10 Mar 2021 19:28:38 GMT"
        ],
        "Content-Length": [
          "3603"
        ],
        "Content-Type": [
          "application/json"
        ],
        "Expires": [
          "-1"
        ]
      },
      "ResponseBody": "{\r\n  \"id\": \"/subscriptions/b36cdf46-b75d-4dc2-9fe1-1296ee8c623d/providers/Microsoft.ServiceFabric/locations/southcentralus/operations/d0abc436-d5de-4728-af0f-c281c3597b31\",\r\n  \"name\": \"d0abc436-d5de-4728-af0f-c281c3597b31\",\r\n  \"status\": \"InProgress:{\\\"upgradeDescription\\\":{\\\"targetCodeVersion\\\":\\\"7.2.477.9590\\\",\\\"targetConfigVersion\\\":\\\"6\\\",\\\"upgradePolicyDescription\\\":{\\\"healthPolicy\\\":{\\\"considerWarningAsError\\\":false,\\\"maxPercentUnhealthyNodes\\\":100,\\\"maxPercentUnhealthyApplications\\\":0,\\\"applicationTypeHealthPolicyMap\\\":{}},\\\"enableDeltaHealthEvaluation\\\":true,\\\"upgradeHealthPolicy\\\":{\\\"maxPercentDeltaUnhealthyNodes\\\":0,\\\"maxPercentUpgradeDomainDeltaUnhealthyNodes\\\":0},\\\"applicationHealthPolicyMap\\\":{\\\"fabric:/System\\\":{\\\"considerWarningAsError\\\":false,\\\"maxPercentUnhealthyDeployedApplications\\\":0,\\\"defaultServiceTypeHealthPolicy\\\":{\\\"maxPercentUnhealthyServices\\\":0,\\\"maxPercentUnhealthyPartitionsPerService\\\":0,\\\"maxPercentUnhealthyReplicasPerPartition\\\":0},\\\"serviceTypeHealthPolicyMap\\\":{\\\"clusterManagerServiceType\\\":{\\\"maxPercentUnhealthyServices\\\":0,\\\"maxPercentUnhealthyPartitionsPerService\\\":0,\\\"maxPercentUnhealthyReplicasPerPartition\\\":0},\\\"dnsServiceType\\\":{\\\"maxPercentUnhealthyServices\\\":0,\\\"maxPercentUnhealthyPartitionsPerService\\\":0,\\\"maxPercentUnhealthyReplicasPerPartition\\\":0},\\\"eventStoreServiceType\\\":{\\\"maxPercentUnhealthyServices\\\":0,\\\"maxPercentUnhealthyPartitionsPerService\\\":0,\\\"maxPercentUnhealthyReplicasPerPartition\\\":0},\\\"fmServiceType\\\":{\\\"maxPercentUnhealthyServices\\\":0,\\\"maxPercentUnhealthyPartitionsPerService\\\":0,\\\"maxPercentUnhealthyReplicasPerPartition\\\":0},\\\"faultAnalysisServiceType\\\":{\\\"maxPercentUnhealthyServices\\\":0,\\\"maxPercentUnhealthyPartitionsPerService\\\":0,\\\"maxPercentUnhealthyReplicasPerPartition\\\":0},\\\"fileStoreServiceType\\\":{\\\"maxPercentUnhealthyServices\\\":0,\\\"maxPercentUnhealthyPartitionsPerService\\\":0,\\\"maxPercentUnhealthyReplicasPerPartition\\\":0},\\\"namingStoreService\\\":{\\\"maxPercentUnhealthyServices\\\":0,\\\"maxPercentUnhealthyPartitionsPerService\\\":0,\\\"maxPercentUnhealthyReplicasPerPartition\\\":0},\\\"repairManagerServiceType\\\":{\\\"maxPercentUnhealthyServices\\\":0,\\\"maxPercentUnhealthyPartitionsPerService\\\":0,\\\"maxPercentUnhealthyReplicasPerPartition\\\":0},\\\"upgradeServiceType\\\":{\\\"maxPercentUnhealthyServices\\\":0,\\\"maxPercentUnhealthyPartitionsPerService\\\":0,\\\"maxPercentUnhealthyReplicasPerPartition\\\":0}}}},\\\"monitoringPolicy\\\":{\\\"failureAction\\\":\\\"Rollback\\\",\\\"healthCheckWaitDuration\\\":\\\"00:00:30\\\",\\\"healthCheckStableDuration\\\":\\\"00:01:00\\\",\\\"healthCheckRetryTimeout\\\":\\\"00:45:00\\\",\\\"upgradeTimeout\\\":\\\"12:00:00\\\",\\\"upgradeDomainTimeout\\\":\\\"02:00:00\\\"},\\\"upgradeMode\\\":\\\"Monitored\\\",\\\"forceRestart\\\":false,\\\"upgradeReplicaSetCheckTimeout\\\":\\\"49710.06:28:15\\\",\\\"sortOrder\\\":\\\"Default\\\",\\\"instanceCloseDelayDuration\\\":\\\"49710.06:28:15\\\",\\\"kind\\\":\\\"Rolling\\\"}},\\\"targetCodeVersion\\\":\\\"7.2.477.9590\\\",\\\"targetConfigVersion\\\":\\\"6\\\",\\\"upgradeState\\\":\\\"RollingForwardPending\\\",\\\"upgradeDomains\\\":[{\\\"name\\\":\\\"0\\\",\\\"state\\\":\\\"Completed\\\"},{\\\"name\\\":\\\"1\\\",\\\"state\\\":\\\"Completed\\\"},{\\\"name\\\":\\\"2\\\",\\\"state\\\":\\\"Completed\\\"},{\\\"name\\\":\\\"3\\\",\\\"state\\\":\\\"Pending\\\"},{\\\"name\\\":\\\"4\\\",\\\"state\\\":\\\"Pending\\\"}],\\\"rollingUpgradeMode\\\":\\\"Monitored\\\",\\\"nextUpgradeDomain\\\":\\\"3\\\",\\\"upgradeDuration\\\":\\\"00:07:00\\\",\\\"currentUpgradeDomainDuration\\\":\\\"00:01:00\\\",\\\"unhealthyEvaluations\\\":[],\\\"currentUpgradeDomainProgress\\\":{\\\"upgradeDomainName\\\":\\\"3\\\",\\\"nodeProgressList\\\":[]},\\\"startTimestampUtc\\\":\\\"2021-03-10T19:20:19.2843395Z\\\"}\",\r\n  \"startTime\": \"2021-03-10T19:18:37.2032945Z\",\r\n  \"endTime\": \"0001-01-01T00:00:00\",\r\n  \"percentComplete\": 0.0\r\n}",
      "StatusCode": 200
    },
    {
      "RequestUri": "/subscriptions/b36cdf46-b75d-4dc2-9fe1-1296ee8c623d/providers/Microsoft.ServiceFabric/locations/southcentralus/operations/d0abc436-d5de-4728-af0f-c281c3597b31?api-version=2020-03-01&Experiment=local",
      "EncodedRequestUri": "L3N1YnNjcmlwdGlvbnMvYjM2Y2RmNDYtYjc1ZC00ZGMyLTlmZTEtMTI5NmVlOGM2MjNkL3Byb3ZpZGVycy9NaWNyb3NvZnQuU2VydmljZUZhYnJpYy9sb2NhdGlvbnMvc291dGhjZW50cmFsdXMvb3BlcmF0aW9ucy9kMGFiYzQzNi1kNWRlLTQ3MjgtYWYwZi1jMjgxYzM1OTdiMzE/YXBpLXZlcnNpb249MjAyMC0wMy0wMSZFeHBlcmltZW50PWxvY2Fs",
      "RequestMethod": "GET",
      "RequestBody": "",
      "RequestHeaders": {
        "x-ms-client-request-id": [
          "2117d67f-c1f0-4918-a683-ea33d8205f12"
        ],
        "User-Agent": [
          "FxVersion/4.6.29812.02",
          "OSName/Windows",
          "OSVersion/Microsoft.Windows.10.0.19042.",
          "Microsoft.Azure.Management.ServiceFabric.ServiceFabricManagementClient/1.3.0.0"
        ]
      },
      "ResponseHeaders": {
        "Cache-Control": [
          "no-cache"
        ],
        "Pragma": [
          "no-cache"
        ],
        "Strict-Transport-Security": [
          "max-age=31536000; includeSubDomains"
        ],
        "X-Content-Type-Options": [
          "nosniff"
        ],
        "Server": [
          "Microsoft-HTTPAPI/2.0,Microsoft-HTTPAPI/2.0 Microsoft-HTTPAPI/2.0"
        ],
        "x-ms-ratelimit-remaining-subscription-reads": [
          "11986"
        ],
        "x-ms-request-id": [
          "214f5144-b8ea-4876-bddc-e90c2a0e3b06"
        ],
        "x-ms-correlation-request-id": [
          "214f5144-b8ea-4876-bddc-e90c2a0e3b06"
        ],
        "x-ms-routing-request-id": [
          "WESTCENTRALUS:20210310T192939Z:214f5144-b8ea-4876-bddc-e90c2a0e3b06"
        ],
        "Date": [
          "Wed, 10 Mar 2021 19:29:39 GMT"
        ],
        "Content-Length": [
          "3603"
        ],
        "Content-Type": [
          "application/json"
        ],
        "Expires": [
          "-1"
        ]
      },
      "ResponseBody": "{\r\n  \"id\": \"/subscriptions/b36cdf46-b75d-4dc2-9fe1-1296ee8c623d/providers/Microsoft.ServiceFabric/locations/southcentralus/operations/d0abc436-d5de-4728-af0f-c281c3597b31\",\r\n  \"name\": \"d0abc436-d5de-4728-af0f-c281c3597b31\",\r\n  \"status\": \"InProgress:{\\\"upgradeDescription\\\":{\\\"targetCodeVersion\\\":\\\"7.2.477.9590\\\",\\\"targetConfigVersion\\\":\\\"6\\\",\\\"upgradePolicyDescription\\\":{\\\"healthPolicy\\\":{\\\"considerWarningAsError\\\":false,\\\"maxPercentUnhealthyNodes\\\":100,\\\"maxPercentUnhealthyApplications\\\":0,\\\"applicationTypeHealthPolicyMap\\\":{}},\\\"enableDeltaHealthEvaluation\\\":true,\\\"upgradeHealthPolicy\\\":{\\\"maxPercentDeltaUnhealthyNodes\\\":0,\\\"maxPercentUpgradeDomainDeltaUnhealthyNodes\\\":0},\\\"applicationHealthPolicyMap\\\":{\\\"fabric:/System\\\":{\\\"considerWarningAsError\\\":false,\\\"maxPercentUnhealthyDeployedApplications\\\":0,\\\"defaultServiceTypeHealthPolicy\\\":{\\\"maxPercentUnhealthyServices\\\":0,\\\"maxPercentUnhealthyPartitionsPerService\\\":0,\\\"maxPercentUnhealthyReplicasPerPartition\\\":0},\\\"serviceTypeHealthPolicyMap\\\":{\\\"clusterManagerServiceType\\\":{\\\"maxPercentUnhealthyServices\\\":0,\\\"maxPercentUnhealthyPartitionsPerService\\\":0,\\\"maxPercentUnhealthyReplicasPerPartition\\\":0},\\\"dnsServiceType\\\":{\\\"maxPercentUnhealthyServices\\\":0,\\\"maxPercentUnhealthyPartitionsPerService\\\":0,\\\"maxPercentUnhealthyReplicasPerPartition\\\":0},\\\"eventStoreServiceType\\\":{\\\"maxPercentUnhealthyServices\\\":0,\\\"maxPercentUnhealthyPartitionsPerService\\\":0,\\\"maxPercentUnhealthyReplicasPerPartition\\\":0},\\\"fmServiceType\\\":{\\\"maxPercentUnhealthyServices\\\":0,\\\"maxPercentUnhealthyPartitionsPerService\\\":0,\\\"maxPercentUnhealthyReplicasPerPartition\\\":0},\\\"faultAnalysisServiceType\\\":{\\\"maxPercentUnhealthyServices\\\":0,\\\"maxPercentUnhealthyPartitionsPerService\\\":0,\\\"maxPercentUnhealthyReplicasPerPartition\\\":0},\\\"fileStoreServiceType\\\":{\\\"maxPercentUnhealthyServices\\\":0,\\\"maxPercentUnhealthyPartitionsPerService\\\":0,\\\"maxPercentUnhealthyReplicasPerPartition\\\":0},\\\"namingStoreService\\\":{\\\"maxPercentUnhealthyServices\\\":0,\\\"maxPercentUnhealthyPartitionsPerService\\\":0,\\\"maxPercentUnhealthyReplicasPerPartition\\\":0},\\\"repairManagerServiceType\\\":{\\\"maxPercentUnhealthyServices\\\":0,\\\"maxPercentUnhealthyPartitionsPerService\\\":0,\\\"maxPercentUnhealthyReplicasPerPartition\\\":0},\\\"upgradeServiceType\\\":{\\\"maxPercentUnhealthyServices\\\":0,\\\"maxPercentUnhealthyPartitionsPerService\\\":0,\\\"maxPercentUnhealthyReplicasPerPartition\\\":0}}}},\\\"monitoringPolicy\\\":{\\\"failureAction\\\":\\\"Rollback\\\",\\\"healthCheckWaitDuration\\\":\\\"00:00:30\\\",\\\"healthCheckStableDuration\\\":\\\"00:01:00\\\",\\\"healthCheckRetryTimeout\\\":\\\"00:45:00\\\",\\\"upgradeTimeout\\\":\\\"12:00:00\\\",\\\"upgradeDomainTimeout\\\":\\\"02:00:00\\\"},\\\"upgradeMode\\\":\\\"Monitored\\\",\\\"forceRestart\\\":false,\\\"upgradeReplicaSetCheckTimeout\\\":\\\"49710.06:28:15\\\",\\\"sortOrder\\\":\\\"Default\\\",\\\"instanceCloseDelayDuration\\\":\\\"49710.06:28:15\\\",\\\"kind\\\":\\\"Rolling\\\"}},\\\"targetCodeVersion\\\":\\\"7.2.477.9590\\\",\\\"targetConfigVersion\\\":\\\"6\\\",\\\"upgradeState\\\":\\\"RollingForwardPending\\\",\\\"upgradeDomains\\\":[{\\\"name\\\":\\\"0\\\",\\\"state\\\":\\\"Completed\\\"},{\\\"name\\\":\\\"1\\\",\\\"state\\\":\\\"Completed\\\"},{\\\"name\\\":\\\"2\\\",\\\"state\\\":\\\"Completed\\\"},{\\\"name\\\":\\\"3\\\",\\\"state\\\":\\\"Pending\\\"},{\\\"name\\\":\\\"4\\\",\\\"state\\\":\\\"Pending\\\"}],\\\"rollingUpgradeMode\\\":\\\"Monitored\\\",\\\"nextUpgradeDomain\\\":\\\"3\\\",\\\"upgradeDuration\\\":\\\"00:08:00\\\",\\\"currentUpgradeDomainDuration\\\":\\\"00:02:00\\\",\\\"unhealthyEvaluations\\\":[],\\\"currentUpgradeDomainProgress\\\":{\\\"upgradeDomainName\\\":\\\"3\\\",\\\"nodeProgressList\\\":[]},\\\"startTimestampUtc\\\":\\\"2021-03-10T19:20:19.2843395Z\\\"}\",\r\n  \"startTime\": \"2021-03-10T19:18:37.2032945Z\",\r\n  \"endTime\": \"0001-01-01T00:00:00\",\r\n  \"percentComplete\": 0.0\r\n}",
      "StatusCode": 200
    },
    {
      "RequestUri": "/subscriptions/b36cdf46-b75d-4dc2-9fe1-1296ee8c623d/providers/Microsoft.ServiceFabric/locations/southcentralus/operations/d0abc436-d5de-4728-af0f-c281c3597b31?api-version=2020-03-01&Experiment=local",
      "EncodedRequestUri": "L3N1YnNjcmlwdGlvbnMvYjM2Y2RmNDYtYjc1ZC00ZGMyLTlmZTEtMTI5NmVlOGM2MjNkL3Byb3ZpZGVycy9NaWNyb3NvZnQuU2VydmljZUZhYnJpYy9sb2NhdGlvbnMvc291dGhjZW50cmFsdXMvb3BlcmF0aW9ucy9kMGFiYzQzNi1kNWRlLTQ3MjgtYWYwZi1jMjgxYzM1OTdiMzE/YXBpLXZlcnNpb249MjAyMC0wMy0wMSZFeHBlcmltZW50PWxvY2Fs",
      "RequestMethod": "GET",
      "RequestBody": "",
      "RequestHeaders": {
        "x-ms-client-request-id": [
          "2117d67f-c1f0-4918-a683-ea33d8205f12"
        ],
        "User-Agent": [
          "FxVersion/4.6.29812.02",
          "OSName/Windows",
          "OSVersion/Microsoft.Windows.10.0.19042.",
          "Microsoft.Azure.Management.ServiceFabric.ServiceFabricManagementClient/1.3.0.0"
        ]
      },
      "ResponseHeaders": {
        "Cache-Control": [
          "no-cache"
        ],
        "Pragma": [
          "no-cache"
        ],
        "Strict-Transport-Security": [
          "max-age=31536000; includeSubDomains"
        ],
        "X-Content-Type-Options": [
          "nosniff"
        ],
        "Server": [
          "Microsoft-HTTPAPI/2.0,Microsoft-HTTPAPI/2.0 Microsoft-HTTPAPI/2.0"
        ],
        "x-ms-ratelimit-remaining-subscription-reads": [
          "11985"
        ],
        "x-ms-request-id": [
          "82acb7df-1f83-4b07-9aed-9968d8bb66ab"
        ],
        "x-ms-correlation-request-id": [
          "82acb7df-1f83-4b07-9aed-9968d8bb66ab"
        ],
        "x-ms-routing-request-id": [
          "WESTCENTRALUS:20210310T193039Z:82acb7df-1f83-4b07-9aed-9968d8bb66ab"
        ],
        "Date": [
          "Wed, 10 Mar 2021 19:30:39 GMT"
        ],
        "Content-Length": [
          "3609"
        ],
        "Content-Type": [
          "application/json"
        ],
        "Expires": [
          "-1"
        ]
      },
      "ResponseBody": "{\r\n  \"id\": \"/subscriptions/b36cdf46-b75d-4dc2-9fe1-1296ee8c623d/providers/Microsoft.ServiceFabric/locations/southcentralus/operations/d0abc436-d5de-4728-af0f-c281c3597b31\",\r\n  \"name\": \"d0abc436-d5de-4728-af0f-c281c3597b31\",\r\n  \"status\": \"InProgress:{\\\"upgradeDescription\\\":{\\\"targetCodeVersion\\\":\\\"7.2.477.9590\\\",\\\"targetConfigVersion\\\":\\\"6\\\",\\\"upgradePolicyDescription\\\":{\\\"healthPolicy\\\":{\\\"considerWarningAsError\\\":false,\\\"maxPercentUnhealthyNodes\\\":100,\\\"maxPercentUnhealthyApplications\\\":0,\\\"applicationTypeHealthPolicyMap\\\":{}},\\\"enableDeltaHealthEvaluation\\\":true,\\\"upgradeHealthPolicy\\\":{\\\"maxPercentDeltaUnhealthyNodes\\\":0,\\\"maxPercentUpgradeDomainDeltaUnhealthyNodes\\\":0},\\\"applicationHealthPolicyMap\\\":{\\\"fabric:/System\\\":{\\\"considerWarningAsError\\\":false,\\\"maxPercentUnhealthyDeployedApplications\\\":0,\\\"defaultServiceTypeHealthPolicy\\\":{\\\"maxPercentUnhealthyServices\\\":0,\\\"maxPercentUnhealthyPartitionsPerService\\\":0,\\\"maxPercentUnhealthyReplicasPerPartition\\\":0},\\\"serviceTypeHealthPolicyMap\\\":{\\\"clusterManagerServiceType\\\":{\\\"maxPercentUnhealthyServices\\\":0,\\\"maxPercentUnhealthyPartitionsPerService\\\":0,\\\"maxPercentUnhealthyReplicasPerPartition\\\":0},\\\"dnsServiceType\\\":{\\\"maxPercentUnhealthyServices\\\":0,\\\"maxPercentUnhealthyPartitionsPerService\\\":0,\\\"maxPercentUnhealthyReplicasPerPartition\\\":0},\\\"eventStoreServiceType\\\":{\\\"maxPercentUnhealthyServices\\\":0,\\\"maxPercentUnhealthyPartitionsPerService\\\":0,\\\"maxPercentUnhealthyReplicasPerPartition\\\":0},\\\"fmServiceType\\\":{\\\"maxPercentUnhealthyServices\\\":0,\\\"maxPercentUnhealthyPartitionsPerService\\\":0,\\\"maxPercentUnhealthyReplicasPerPartition\\\":0},\\\"faultAnalysisServiceType\\\":{\\\"maxPercentUnhealthyServices\\\":0,\\\"maxPercentUnhealthyPartitionsPerService\\\":0,\\\"maxPercentUnhealthyReplicasPerPartition\\\":0},\\\"fileStoreServiceType\\\":{\\\"maxPercentUnhealthyServices\\\":0,\\\"maxPercentUnhealthyPartitionsPerService\\\":0,\\\"maxPercentUnhealthyReplicasPerPartition\\\":0},\\\"namingStoreService\\\":{\\\"maxPercentUnhealthyServices\\\":0,\\\"maxPercentUnhealthyPartitionsPerService\\\":0,\\\"maxPercentUnhealthyReplicasPerPartition\\\":0},\\\"repairManagerServiceType\\\":{\\\"maxPercentUnhealthyServices\\\":0,\\\"maxPercentUnhealthyPartitionsPerService\\\":0,\\\"maxPercentUnhealthyReplicasPerPartition\\\":0},\\\"upgradeServiceType\\\":{\\\"maxPercentUnhealthyServices\\\":0,\\\"maxPercentUnhealthyPartitionsPerService\\\":0,\\\"maxPercentUnhealthyReplicasPerPartition\\\":0}}}},\\\"monitoringPolicy\\\":{\\\"failureAction\\\":\\\"Rollback\\\",\\\"healthCheckWaitDuration\\\":\\\"00:00:30\\\",\\\"healthCheckStableDuration\\\":\\\"00:01:00\\\",\\\"healthCheckRetryTimeout\\\":\\\"00:45:00\\\",\\\"upgradeTimeout\\\":\\\"12:00:00\\\",\\\"upgradeDomainTimeout\\\":\\\"02:00:00\\\"},\\\"upgradeMode\\\":\\\"Monitored\\\",\\\"forceRestart\\\":false,\\\"upgradeReplicaSetCheckTimeout\\\":\\\"49710.06:28:15\\\",\\\"sortOrder\\\":\\\"Default\\\",\\\"instanceCloseDelayDuration\\\":\\\"49710.06:28:15\\\",\\\"kind\\\":\\\"Rolling\\\"}},\\\"targetCodeVersion\\\":\\\"7.2.477.9590\\\",\\\"targetConfigVersion\\\":\\\"6\\\",\\\"upgradeState\\\":\\\"RollingForwardInProgress\\\",\\\"upgradeDomains\\\":[{\\\"name\\\":\\\"3\\\",\\\"state\\\":\\\"InProgress\\\"},{\\\"name\\\":\\\"0\\\",\\\"state\\\":\\\"Completed\\\"},{\\\"name\\\":\\\"1\\\",\\\"state\\\":\\\"Completed\\\"},{\\\"name\\\":\\\"2\\\",\\\"state\\\":\\\"Completed\\\"},{\\\"name\\\":\\\"4\\\",\\\"state\\\":\\\"Pending\\\"}],\\\"rollingUpgradeMode\\\":\\\"Monitored\\\",\\\"nextUpgradeDomain\\\":\\\"4\\\",\\\"upgradeDuration\\\":\\\"00:09:01\\\",\\\"currentUpgradeDomainDuration\\\":\\\"00:00:00\\\",\\\"unhealthyEvaluations\\\":[],\\\"currentUpgradeDomainProgress\\\":{\\\"upgradeDomainName\\\":\\\"3\\\",\\\"nodeProgressList\\\":[]},\\\"startTimestampUtc\\\":\\\"2021-03-10T19:20:19.2843395Z\\\"}\",\r\n  \"startTime\": \"2021-03-10T19:18:37.2032945Z\",\r\n  \"endTime\": \"0001-01-01T00:00:00\",\r\n  \"percentComplete\": 0.0\r\n}",
      "StatusCode": 200
    },
    {
      "RequestUri": "/subscriptions/b36cdf46-b75d-4dc2-9fe1-1296ee8c623d/providers/Microsoft.ServiceFabric/locations/southcentralus/operations/d0abc436-d5de-4728-af0f-c281c3597b31?api-version=2020-03-01&Experiment=local",
      "EncodedRequestUri": "L3N1YnNjcmlwdGlvbnMvYjM2Y2RmNDYtYjc1ZC00ZGMyLTlmZTEtMTI5NmVlOGM2MjNkL3Byb3ZpZGVycy9NaWNyb3NvZnQuU2VydmljZUZhYnJpYy9sb2NhdGlvbnMvc291dGhjZW50cmFsdXMvb3BlcmF0aW9ucy9kMGFiYzQzNi1kNWRlLTQ3MjgtYWYwZi1jMjgxYzM1OTdiMzE/YXBpLXZlcnNpb249MjAyMC0wMy0wMSZFeHBlcmltZW50PWxvY2Fs",
      "RequestMethod": "GET",
      "RequestBody": "",
      "RequestHeaders": {
        "x-ms-client-request-id": [
          "2117d67f-c1f0-4918-a683-ea33d8205f12"
        ],
        "User-Agent": [
          "FxVersion/4.6.29812.02",
          "OSName/Windows",
          "OSVersion/Microsoft.Windows.10.0.19042.",
          "Microsoft.Azure.Management.ServiceFabric.ServiceFabricManagementClient/1.3.0.0"
        ]
      },
      "ResponseHeaders": {
        "Cache-Control": [
          "no-cache"
        ],
        "Pragma": [
          "no-cache"
        ],
        "Strict-Transport-Security": [
          "max-age=31536000; includeSubDomains"
        ],
        "X-Content-Type-Options": [
          "nosniff"
        ],
        "Server": [
          "Microsoft-HTTPAPI/2.0,Microsoft-HTTPAPI/2.0 Microsoft-HTTPAPI/2.0"
        ],
        "x-ms-ratelimit-remaining-subscription-reads": [
          "11984"
        ],
        "x-ms-request-id": [
          "7416e7e2-311d-4def-b6fe-8a06a6157c26"
        ],
        "x-ms-correlation-request-id": [
          "7416e7e2-311d-4def-b6fe-8a06a6157c26"
        ],
        "x-ms-routing-request-id": [
          "WESTCENTRALUS:20210310T193139Z:7416e7e2-311d-4def-b6fe-8a06a6157c26"
        ],
        "Date": [
          "Wed, 10 Mar 2021 19:31:39 GMT"
        ],
        "Content-Length": [
          "3605"
        ],
        "Content-Type": [
          "application/json"
        ],
        "Expires": [
          "-1"
        ]
      },
      "ResponseBody": "{\r\n  \"id\": \"/subscriptions/b36cdf46-b75d-4dc2-9fe1-1296ee8c623d/providers/Microsoft.ServiceFabric/locations/southcentralus/operations/d0abc436-d5de-4728-af0f-c281c3597b31\",\r\n  \"name\": \"d0abc436-d5de-4728-af0f-c281c3597b31\",\r\n  \"status\": \"InProgress:{\\\"upgradeDescription\\\":{\\\"targetCodeVersion\\\":\\\"7.2.477.9590\\\",\\\"targetConfigVersion\\\":\\\"6\\\",\\\"upgradePolicyDescription\\\":{\\\"healthPolicy\\\":{\\\"considerWarningAsError\\\":false,\\\"maxPercentUnhealthyNodes\\\":100,\\\"maxPercentUnhealthyApplications\\\":0,\\\"applicationTypeHealthPolicyMap\\\":{}},\\\"enableDeltaHealthEvaluation\\\":true,\\\"upgradeHealthPolicy\\\":{\\\"maxPercentDeltaUnhealthyNodes\\\":0,\\\"maxPercentUpgradeDomainDeltaUnhealthyNodes\\\":0},\\\"applicationHealthPolicyMap\\\":{\\\"fabric:/System\\\":{\\\"considerWarningAsError\\\":false,\\\"maxPercentUnhealthyDeployedApplications\\\":0,\\\"defaultServiceTypeHealthPolicy\\\":{\\\"maxPercentUnhealthyServices\\\":0,\\\"maxPercentUnhealthyPartitionsPerService\\\":0,\\\"maxPercentUnhealthyReplicasPerPartition\\\":0},\\\"serviceTypeHealthPolicyMap\\\":{\\\"clusterManagerServiceType\\\":{\\\"maxPercentUnhealthyServices\\\":0,\\\"maxPercentUnhealthyPartitionsPerService\\\":0,\\\"maxPercentUnhealthyReplicasPerPartition\\\":0},\\\"dnsServiceType\\\":{\\\"maxPercentUnhealthyServices\\\":0,\\\"maxPercentUnhealthyPartitionsPerService\\\":0,\\\"maxPercentUnhealthyReplicasPerPartition\\\":0},\\\"eventStoreServiceType\\\":{\\\"maxPercentUnhealthyServices\\\":0,\\\"maxPercentUnhealthyPartitionsPerService\\\":0,\\\"maxPercentUnhealthyReplicasPerPartition\\\":0},\\\"fmServiceType\\\":{\\\"maxPercentUnhealthyServices\\\":0,\\\"maxPercentUnhealthyPartitionsPerService\\\":0,\\\"maxPercentUnhealthyReplicasPerPartition\\\":0},\\\"faultAnalysisServiceType\\\":{\\\"maxPercentUnhealthyServices\\\":0,\\\"maxPercentUnhealthyPartitionsPerService\\\":0,\\\"maxPercentUnhealthyReplicasPerPartition\\\":0},\\\"fileStoreServiceType\\\":{\\\"maxPercentUnhealthyServices\\\":0,\\\"maxPercentUnhealthyPartitionsPerService\\\":0,\\\"maxPercentUnhealthyReplicasPerPartition\\\":0},\\\"namingStoreService\\\":{\\\"maxPercentUnhealthyServices\\\":0,\\\"maxPercentUnhealthyPartitionsPerService\\\":0,\\\"maxPercentUnhealthyReplicasPerPartition\\\":0},\\\"repairManagerServiceType\\\":{\\\"maxPercentUnhealthyServices\\\":0,\\\"maxPercentUnhealthyPartitionsPerService\\\":0,\\\"maxPercentUnhealthyReplicasPerPartition\\\":0},\\\"upgradeServiceType\\\":{\\\"maxPercentUnhealthyServices\\\":0,\\\"maxPercentUnhealthyPartitionsPerService\\\":0,\\\"maxPercentUnhealthyReplicasPerPartition\\\":0}}}},\\\"monitoringPolicy\\\":{\\\"failureAction\\\":\\\"Rollback\\\",\\\"healthCheckWaitDuration\\\":\\\"00:00:30\\\",\\\"healthCheckStableDuration\\\":\\\"00:01:00\\\",\\\"healthCheckRetryTimeout\\\":\\\"00:45:00\\\",\\\"upgradeTimeout\\\":\\\"12:00:00\\\",\\\"upgradeDomainTimeout\\\":\\\"02:00:00\\\"},\\\"upgradeMode\\\":\\\"Monitored\\\",\\\"forceRestart\\\":false,\\\"upgradeReplicaSetCheckTimeout\\\":\\\"49710.06:28:15\\\",\\\"sortOrder\\\":\\\"Default\\\",\\\"instanceCloseDelayDuration\\\":\\\"49710.06:28:15\\\",\\\"kind\\\":\\\"Rolling\\\"}},\\\"targetCodeVersion\\\":\\\"7.2.477.9590\\\",\\\"targetConfigVersion\\\":\\\"6\\\",\\\"upgradeState\\\":\\\"RollingForwardPending\\\",\\\"upgradeDomains\\\":[{\\\"name\\\":\\\"0\\\",\\\"state\\\":\\\"Completed\\\"},{\\\"name\\\":\\\"1\\\",\\\"state\\\":\\\"Completed\\\"},{\\\"name\\\":\\\"2\\\",\\\"state\\\":\\\"Completed\\\"},{\\\"name\\\":\\\"3\\\",\\\"state\\\":\\\"Completed\\\"},{\\\"name\\\":\\\"4\\\",\\\"state\\\":\\\"Pending\\\"}],\\\"rollingUpgradeMode\\\":\\\"Monitored\\\",\\\"nextUpgradeDomain\\\":\\\"4\\\",\\\"upgradeDuration\\\":\\\"00:10:01\\\",\\\"currentUpgradeDomainDuration\\\":\\\"00:01:00\\\",\\\"unhealthyEvaluations\\\":[],\\\"currentUpgradeDomainProgress\\\":{\\\"upgradeDomainName\\\":\\\"4\\\",\\\"nodeProgressList\\\":[]},\\\"startTimestampUtc\\\":\\\"2021-03-10T19:20:19.2843395Z\\\"}\",\r\n  \"startTime\": \"2021-03-10T19:18:37.2032945Z\",\r\n  \"endTime\": \"0001-01-01T00:00:00\",\r\n  \"percentComplete\": 0.0\r\n}",
      "StatusCode": 200
    },
    {
      "RequestUri": "/subscriptions/b36cdf46-b75d-4dc2-9fe1-1296ee8c623d/providers/Microsoft.ServiceFabric/locations/southcentralus/operations/d0abc436-d5de-4728-af0f-c281c3597b31?api-version=2020-03-01&Experiment=local",
      "EncodedRequestUri": "L3N1YnNjcmlwdGlvbnMvYjM2Y2RmNDYtYjc1ZC00ZGMyLTlmZTEtMTI5NmVlOGM2MjNkL3Byb3ZpZGVycy9NaWNyb3NvZnQuU2VydmljZUZhYnJpYy9sb2NhdGlvbnMvc291dGhjZW50cmFsdXMvb3BlcmF0aW9ucy9kMGFiYzQzNi1kNWRlLTQ3MjgtYWYwZi1jMjgxYzM1OTdiMzE/YXBpLXZlcnNpb249MjAyMC0wMy0wMSZFeHBlcmltZW50PWxvY2Fs",
      "RequestMethod": "GET",
      "RequestBody": "",
      "RequestHeaders": {
        "x-ms-client-request-id": [
          "2117d67f-c1f0-4918-a683-ea33d8205f12"
        ],
        "User-Agent": [
          "FxVersion/4.6.29812.02",
          "OSName/Windows",
          "OSVersion/Microsoft.Windows.10.0.19042.",
          "Microsoft.Azure.Management.ServiceFabric.ServiceFabricManagementClient/1.3.0.0"
        ]
      },
      "ResponseHeaders": {
        "Cache-Control": [
          "no-cache"
        ],
        "Pragma": [
          "no-cache"
        ],
        "Strict-Transport-Security": [
          "max-age=31536000; includeSubDomains"
        ],
        "X-Content-Type-Options": [
          "nosniff"
        ],
        "Server": [
          "Microsoft-HTTPAPI/2.0,Microsoft-HTTPAPI/2.0 Microsoft-HTTPAPI/2.0"
        ],
        "x-ms-ratelimit-remaining-subscription-reads": [
          "11983"
        ],
        "x-ms-request-id": [
          "0f6722ee-055e-4af0-9a45-6da4337e2e80"
        ],
        "x-ms-correlation-request-id": [
          "0f6722ee-055e-4af0-9a45-6da4337e2e80"
        ],
        "x-ms-routing-request-id": [
          "WESTCENTRALUS:20210310T193240Z:0f6722ee-055e-4af0-9a45-6da4337e2e80"
        ],
        "Date": [
          "Wed, 10 Mar 2021 19:32:39 GMT"
        ],
        "Content-Length": [
          "3605"
        ],
        "Content-Type": [
          "application/json"
        ],
        "Expires": [
          "-1"
        ]
      },
      "ResponseBody": "{\r\n  \"id\": \"/subscriptions/b36cdf46-b75d-4dc2-9fe1-1296ee8c623d/providers/Microsoft.ServiceFabric/locations/southcentralus/operations/d0abc436-d5de-4728-af0f-c281c3597b31\",\r\n  \"name\": \"d0abc436-d5de-4728-af0f-c281c3597b31\",\r\n  \"status\": \"InProgress:{\\\"upgradeDescription\\\":{\\\"targetCodeVersion\\\":\\\"7.2.477.9590\\\",\\\"targetConfigVersion\\\":\\\"6\\\",\\\"upgradePolicyDescription\\\":{\\\"healthPolicy\\\":{\\\"considerWarningAsError\\\":false,\\\"maxPercentUnhealthyNodes\\\":100,\\\"maxPercentUnhealthyApplications\\\":0,\\\"applicationTypeHealthPolicyMap\\\":{}},\\\"enableDeltaHealthEvaluation\\\":true,\\\"upgradeHealthPolicy\\\":{\\\"maxPercentDeltaUnhealthyNodes\\\":0,\\\"maxPercentUpgradeDomainDeltaUnhealthyNodes\\\":0},\\\"applicationHealthPolicyMap\\\":{\\\"fabric:/System\\\":{\\\"considerWarningAsError\\\":false,\\\"maxPercentUnhealthyDeployedApplications\\\":0,\\\"defaultServiceTypeHealthPolicy\\\":{\\\"maxPercentUnhealthyServices\\\":0,\\\"maxPercentUnhealthyPartitionsPerService\\\":0,\\\"maxPercentUnhealthyReplicasPerPartition\\\":0},\\\"serviceTypeHealthPolicyMap\\\":{\\\"clusterManagerServiceType\\\":{\\\"maxPercentUnhealthyServices\\\":0,\\\"maxPercentUnhealthyPartitionsPerService\\\":0,\\\"maxPercentUnhealthyReplicasPerPartition\\\":0},\\\"dnsServiceType\\\":{\\\"maxPercentUnhealthyServices\\\":0,\\\"maxPercentUnhealthyPartitionsPerService\\\":0,\\\"maxPercentUnhealthyReplicasPerPartition\\\":0},\\\"eventStoreServiceType\\\":{\\\"maxPercentUnhealthyServices\\\":0,\\\"maxPercentUnhealthyPartitionsPerService\\\":0,\\\"maxPercentUnhealthyReplicasPerPartition\\\":0},\\\"fmServiceType\\\":{\\\"maxPercentUnhealthyServices\\\":0,\\\"maxPercentUnhealthyPartitionsPerService\\\":0,\\\"maxPercentUnhealthyReplicasPerPartition\\\":0},\\\"faultAnalysisServiceType\\\":{\\\"maxPercentUnhealthyServices\\\":0,\\\"maxPercentUnhealthyPartitionsPerService\\\":0,\\\"maxPercentUnhealthyReplicasPerPartition\\\":0},\\\"fileStoreServiceType\\\":{\\\"maxPercentUnhealthyServices\\\":0,\\\"maxPercentUnhealthyPartitionsPerService\\\":0,\\\"maxPercentUnhealthyReplicasPerPartition\\\":0},\\\"namingStoreService\\\":{\\\"maxPercentUnhealthyServices\\\":0,\\\"maxPercentUnhealthyPartitionsPerService\\\":0,\\\"maxPercentUnhealthyReplicasPerPartition\\\":0},\\\"repairManagerServiceType\\\":{\\\"maxPercentUnhealthyServices\\\":0,\\\"maxPercentUnhealthyPartitionsPerService\\\":0,\\\"maxPercentUnhealthyReplicasPerPartition\\\":0},\\\"upgradeServiceType\\\":{\\\"maxPercentUnhealthyServices\\\":0,\\\"maxPercentUnhealthyPartitionsPerService\\\":0,\\\"maxPercentUnhealthyReplicasPerPartition\\\":0}}}},\\\"monitoringPolicy\\\":{\\\"failureAction\\\":\\\"Rollback\\\",\\\"healthCheckWaitDuration\\\":\\\"00:00:30\\\",\\\"healthCheckStableDuration\\\":\\\"00:01:00\\\",\\\"healthCheckRetryTimeout\\\":\\\"00:45:00\\\",\\\"upgradeTimeout\\\":\\\"12:00:00\\\",\\\"upgradeDomainTimeout\\\":\\\"02:00:00\\\"},\\\"upgradeMode\\\":\\\"Monitored\\\",\\\"forceRestart\\\":false,\\\"upgradeReplicaSetCheckTimeout\\\":\\\"49710.06:28:15\\\",\\\"sortOrder\\\":\\\"Default\\\",\\\"instanceCloseDelayDuration\\\":\\\"49710.06:28:15\\\",\\\"kind\\\":\\\"Rolling\\\"}},\\\"targetCodeVersion\\\":\\\"7.2.477.9590\\\",\\\"targetConfigVersion\\\":\\\"6\\\",\\\"upgradeState\\\":\\\"RollingForwardPending\\\",\\\"upgradeDomains\\\":[{\\\"name\\\":\\\"0\\\",\\\"state\\\":\\\"Completed\\\"},{\\\"name\\\":\\\"1\\\",\\\"state\\\":\\\"Completed\\\"},{\\\"name\\\":\\\"2\\\",\\\"state\\\":\\\"Completed\\\"},{\\\"name\\\":\\\"3\\\",\\\"state\\\":\\\"Completed\\\"},{\\\"name\\\":\\\"4\\\",\\\"state\\\":\\\"Pending\\\"}],\\\"rollingUpgradeMode\\\":\\\"Monitored\\\",\\\"nextUpgradeDomain\\\":\\\"4\\\",\\\"upgradeDuration\\\":\\\"00:11:01\\\",\\\"currentUpgradeDomainDuration\\\":\\\"00:02:00\\\",\\\"unhealthyEvaluations\\\":[],\\\"currentUpgradeDomainProgress\\\":{\\\"upgradeDomainName\\\":\\\"4\\\",\\\"nodeProgressList\\\":[]},\\\"startTimestampUtc\\\":\\\"2021-03-10T19:20:19.2843395Z\\\"}\",\r\n  \"startTime\": \"2021-03-10T19:18:37.2032945Z\",\r\n  \"endTime\": \"0001-01-01T00:00:00\",\r\n  \"percentComplete\": 0.0\r\n}",
      "StatusCode": 200
    },
    {
      "RequestUri": "/subscriptions/b36cdf46-b75d-4dc2-9fe1-1296ee8c623d/providers/Microsoft.ServiceFabric/locations/southcentralus/operations/d0abc436-d5de-4728-af0f-c281c3597b31?api-version=2020-03-01&Experiment=local",
      "EncodedRequestUri": "L3N1YnNjcmlwdGlvbnMvYjM2Y2RmNDYtYjc1ZC00ZGMyLTlmZTEtMTI5NmVlOGM2MjNkL3Byb3ZpZGVycy9NaWNyb3NvZnQuU2VydmljZUZhYnJpYy9sb2NhdGlvbnMvc291dGhjZW50cmFsdXMvb3BlcmF0aW9ucy9kMGFiYzQzNi1kNWRlLTQ3MjgtYWYwZi1jMjgxYzM1OTdiMzE/YXBpLXZlcnNpb249MjAyMC0wMy0wMSZFeHBlcmltZW50PWxvY2Fs",
      "RequestMethod": "GET",
      "RequestBody": "",
      "RequestHeaders": {
        "x-ms-client-request-id": [
          "2117d67f-c1f0-4918-a683-ea33d8205f12"
        ],
        "User-Agent": [
          "FxVersion/4.6.29812.02",
          "OSName/Windows",
          "OSVersion/Microsoft.Windows.10.0.19042.",
          "Microsoft.Azure.Management.ServiceFabric.ServiceFabricManagementClient/1.3.0.0"
        ]
      },
      "ResponseHeaders": {
        "Cache-Control": [
          "no-cache"
        ],
        "Pragma": [
          "no-cache"
        ],
        "Strict-Transport-Security": [
          "max-age=31536000; includeSubDomains"
        ],
        "X-Content-Type-Options": [
          "nosniff"
        ],
        "Server": [
          "Microsoft-HTTPAPI/2.0,Microsoft-HTTPAPI/2.0 Microsoft-HTTPAPI/2.0"
        ],
        "x-ms-ratelimit-remaining-subscription-reads": [
          "11982"
        ],
        "x-ms-request-id": [
          "14904bb7-6569-497b-9655-8f31458a37b9"
        ],
        "x-ms-correlation-request-id": [
          "14904bb7-6569-497b-9655-8f31458a37b9"
        ],
        "x-ms-routing-request-id": [
          "WESTCENTRALUS:20210310T193340Z:14904bb7-6569-497b-9655-8f31458a37b9"
        ],
        "Date": [
          "Wed, 10 Mar 2021 19:33:39 GMT"
        ],
        "Content-Length": [
          "3583"
        ],
        "Content-Type": [
          "application/json"
        ],
        "Expires": [
          "-1"
        ]
      },
      "ResponseBody": "{\r\n  \"id\": \"/subscriptions/b36cdf46-b75d-4dc2-9fe1-1296ee8c623d/providers/Microsoft.ServiceFabric/locations/southcentralus/operations/d0abc436-d5de-4728-af0f-c281c3597b31\",\r\n  \"name\": \"d0abc436-d5de-4728-af0f-c281c3597b31\",\r\n  \"status\": \"InProgress:{\\\"upgradeDescription\\\":{\\\"targetCodeVersion\\\":\\\"7.2.477.9590\\\",\\\"targetConfigVersion\\\":\\\"6\\\",\\\"upgradePolicyDescription\\\":{\\\"healthPolicy\\\":{\\\"considerWarningAsError\\\":false,\\\"maxPercentUnhealthyNodes\\\":100,\\\"maxPercentUnhealthyApplications\\\":0,\\\"applicationTypeHealthPolicyMap\\\":{}},\\\"enableDeltaHealthEvaluation\\\":true,\\\"upgradeHealthPolicy\\\":{\\\"maxPercentDeltaUnhealthyNodes\\\":0,\\\"maxPercentUpgradeDomainDeltaUnhealthyNodes\\\":0},\\\"applicationHealthPolicyMap\\\":{\\\"fabric:/System\\\":{\\\"considerWarningAsError\\\":false,\\\"maxPercentUnhealthyDeployedApplications\\\":0,\\\"defaultServiceTypeHealthPolicy\\\":{\\\"maxPercentUnhealthyServices\\\":0,\\\"maxPercentUnhealthyPartitionsPerService\\\":0,\\\"maxPercentUnhealthyReplicasPerPartition\\\":0},\\\"serviceTypeHealthPolicyMap\\\":{\\\"clusterManagerServiceType\\\":{\\\"maxPercentUnhealthyServices\\\":0,\\\"maxPercentUnhealthyPartitionsPerService\\\":0,\\\"maxPercentUnhealthyReplicasPerPartition\\\":0},\\\"dnsServiceType\\\":{\\\"maxPercentUnhealthyServices\\\":0,\\\"maxPercentUnhealthyPartitionsPerService\\\":0,\\\"maxPercentUnhealthyReplicasPerPartition\\\":0},\\\"eventStoreServiceType\\\":{\\\"maxPercentUnhealthyServices\\\":0,\\\"maxPercentUnhealthyPartitionsPerService\\\":0,\\\"maxPercentUnhealthyReplicasPerPartition\\\":0},\\\"fmServiceType\\\":{\\\"maxPercentUnhealthyServices\\\":0,\\\"maxPercentUnhealthyPartitionsPerService\\\":0,\\\"maxPercentUnhealthyReplicasPerPartition\\\":0},\\\"faultAnalysisServiceType\\\":{\\\"maxPercentUnhealthyServices\\\":0,\\\"maxPercentUnhealthyPartitionsPerService\\\":0,\\\"maxPercentUnhealthyReplicasPerPartition\\\":0},\\\"fileStoreServiceType\\\":{\\\"maxPercentUnhealthyServices\\\":0,\\\"maxPercentUnhealthyPartitionsPerService\\\":0,\\\"maxPercentUnhealthyReplicasPerPartition\\\":0},\\\"namingStoreService\\\":{\\\"maxPercentUnhealthyServices\\\":0,\\\"maxPercentUnhealthyPartitionsPerService\\\":0,\\\"maxPercentUnhealthyReplicasPerPartition\\\":0},\\\"repairManagerServiceType\\\":{\\\"maxPercentUnhealthyServices\\\":0,\\\"maxPercentUnhealthyPartitionsPerService\\\":0,\\\"maxPercentUnhealthyReplicasPerPartition\\\":0},\\\"upgradeServiceType\\\":{\\\"maxPercentUnhealthyServices\\\":0,\\\"maxPercentUnhealthyPartitionsPerService\\\":0,\\\"maxPercentUnhealthyReplicasPerPartition\\\":0}}}},\\\"monitoringPolicy\\\":{\\\"failureAction\\\":\\\"Rollback\\\",\\\"healthCheckWaitDuration\\\":\\\"00:00:30\\\",\\\"healthCheckStableDuration\\\":\\\"00:01:00\\\",\\\"healthCheckRetryTimeout\\\":\\\"00:45:00\\\",\\\"upgradeTimeout\\\":\\\"12:00:00\\\",\\\"upgradeDomainTimeout\\\":\\\"02:00:00\\\"},\\\"upgradeMode\\\":\\\"Monitored\\\",\\\"forceRestart\\\":false,\\\"upgradeReplicaSetCheckTimeout\\\":\\\"49710.06:28:15\\\",\\\"sortOrder\\\":\\\"Default\\\",\\\"instanceCloseDelayDuration\\\":\\\"49710.06:28:15\\\",\\\"kind\\\":\\\"Rolling\\\"}},\\\"targetCodeVersion\\\":\\\"7.2.477.9590\\\",\\\"targetConfigVersion\\\":\\\"6\\\",\\\"upgradeState\\\":\\\"RollingForwardInProgress\\\",\\\"upgradeDomains\\\":[{\\\"name\\\":\\\"4\\\",\\\"state\\\":\\\"InProgress\\\"},{\\\"name\\\":\\\"0\\\",\\\"state\\\":\\\"Completed\\\"},{\\\"name\\\":\\\"1\\\",\\\"state\\\":\\\"Completed\\\"},{\\\"name\\\":\\\"2\\\",\\\"state\\\":\\\"Completed\\\"},{\\\"name\\\":\\\"3\\\",\\\"state\\\":\\\"Completed\\\"}],\\\"rollingUpgradeMode\\\":\\\"Monitored\\\",\\\"upgradeDuration\\\":\\\"00:12:01\\\",\\\"currentUpgradeDomainDuration\\\":\\\"00:00:00\\\",\\\"unhealthyEvaluations\\\":[],\\\"currentUpgradeDomainProgress\\\":{\\\"upgradeDomainName\\\":\\\"4\\\",\\\"nodeProgressList\\\":[]},\\\"startTimestampUtc\\\":\\\"2021-03-10T19:20:19.2843395Z\\\"}\",\r\n  \"startTime\": \"2021-03-10T19:18:37.2032945Z\",\r\n  \"endTime\": \"0001-01-01T00:00:00\",\r\n  \"percentComplete\": 0.0\r\n}",
      "StatusCode": 200
    },
    {
      "RequestUri": "/subscriptions/b36cdf46-b75d-4dc2-9fe1-1296ee8c623d/providers/Microsoft.ServiceFabric/locations/southcentralus/operations/d0abc436-d5de-4728-af0f-c281c3597b31?api-version=2020-03-01&Experiment=local",
      "EncodedRequestUri": "L3N1YnNjcmlwdGlvbnMvYjM2Y2RmNDYtYjc1ZC00ZGMyLTlmZTEtMTI5NmVlOGM2MjNkL3Byb3ZpZGVycy9NaWNyb3NvZnQuU2VydmljZUZhYnJpYy9sb2NhdGlvbnMvc291dGhjZW50cmFsdXMvb3BlcmF0aW9ucy9kMGFiYzQzNi1kNWRlLTQ3MjgtYWYwZi1jMjgxYzM1OTdiMzE/YXBpLXZlcnNpb249MjAyMC0wMy0wMSZFeHBlcmltZW50PWxvY2Fs",
      "RequestMethod": "GET",
      "RequestBody": "",
      "RequestHeaders": {
        "x-ms-client-request-id": [
          "2117d67f-c1f0-4918-a683-ea33d8205f12"
        ],
        "User-Agent": [
          "FxVersion/4.6.29812.02",
          "OSName/Windows",
          "OSVersion/Microsoft.Windows.10.0.19042.",
          "Microsoft.Azure.Management.ServiceFabric.ServiceFabricManagementClient/1.3.0.0"
        ]
      },
      "ResponseHeaders": {
        "Cache-Control": [
          "no-cache"
        ],
        "Pragma": [
          "no-cache"
        ],
        "Strict-Transport-Security": [
          "max-age=31536000; includeSubDomains"
        ],
        "X-Content-Type-Options": [
          "nosniff"
        ],
        "Server": [
          "Microsoft-HTTPAPI/2.0,Microsoft-HTTPAPI/2.0 Microsoft-HTTPAPI/2.0"
        ],
        "x-ms-ratelimit-remaining-subscription-reads": [
          "11981"
        ],
        "x-ms-request-id": [
          "bea7eb0c-0547-45ab-9991-072bbffc9475"
        ],
        "x-ms-correlation-request-id": [
          "bea7eb0c-0547-45ab-9991-072bbffc9475"
        ],
        "x-ms-routing-request-id": [
          "WESTCENTRALUS:20210310T193440Z:bea7eb0c-0547-45ab-9991-072bbffc9475"
        ],
        "Date": [
          "Wed, 10 Mar 2021 19:34:40 GMT"
        ],
        "Content-Length": [
          "3581"
        ],
        "Content-Type": [
          "application/json"
        ],
        "Expires": [
          "-1"
        ]
      },
      "ResponseBody": "{\r\n  \"id\": \"/subscriptions/b36cdf46-b75d-4dc2-9fe1-1296ee8c623d/providers/Microsoft.ServiceFabric/locations/southcentralus/operations/d0abc436-d5de-4728-af0f-c281c3597b31\",\r\n  \"name\": \"d0abc436-d5de-4728-af0f-c281c3597b31\",\r\n  \"status\": \"InProgress:{\\\"upgradeDescription\\\":{\\\"targetCodeVersion\\\":\\\"7.2.477.9590\\\",\\\"targetConfigVersion\\\":\\\"6\\\",\\\"upgradePolicyDescription\\\":{\\\"healthPolicy\\\":{\\\"considerWarningAsError\\\":false,\\\"maxPercentUnhealthyNodes\\\":100,\\\"maxPercentUnhealthyApplications\\\":0,\\\"applicationTypeHealthPolicyMap\\\":{}},\\\"enableDeltaHealthEvaluation\\\":true,\\\"upgradeHealthPolicy\\\":{\\\"maxPercentDeltaUnhealthyNodes\\\":0,\\\"maxPercentUpgradeDomainDeltaUnhealthyNodes\\\":0},\\\"applicationHealthPolicyMap\\\":{\\\"fabric:/System\\\":{\\\"considerWarningAsError\\\":false,\\\"maxPercentUnhealthyDeployedApplications\\\":0,\\\"defaultServiceTypeHealthPolicy\\\":{\\\"maxPercentUnhealthyServices\\\":0,\\\"maxPercentUnhealthyPartitionsPerService\\\":0,\\\"maxPercentUnhealthyReplicasPerPartition\\\":0},\\\"serviceTypeHealthPolicyMap\\\":{\\\"clusterManagerServiceType\\\":{\\\"maxPercentUnhealthyServices\\\":0,\\\"maxPercentUnhealthyPartitionsPerService\\\":0,\\\"maxPercentUnhealthyReplicasPerPartition\\\":0},\\\"dnsServiceType\\\":{\\\"maxPercentUnhealthyServices\\\":0,\\\"maxPercentUnhealthyPartitionsPerService\\\":0,\\\"maxPercentUnhealthyReplicasPerPartition\\\":0},\\\"eventStoreServiceType\\\":{\\\"maxPercentUnhealthyServices\\\":0,\\\"maxPercentUnhealthyPartitionsPerService\\\":0,\\\"maxPercentUnhealthyReplicasPerPartition\\\":0},\\\"fmServiceType\\\":{\\\"maxPercentUnhealthyServices\\\":0,\\\"maxPercentUnhealthyPartitionsPerService\\\":0,\\\"maxPercentUnhealthyReplicasPerPartition\\\":0},\\\"faultAnalysisServiceType\\\":{\\\"maxPercentUnhealthyServices\\\":0,\\\"maxPercentUnhealthyPartitionsPerService\\\":0,\\\"maxPercentUnhealthyReplicasPerPartition\\\":0},\\\"fileStoreServiceType\\\":{\\\"maxPercentUnhealthyServices\\\":0,\\\"maxPercentUnhealthyPartitionsPerService\\\":0,\\\"maxPercentUnhealthyReplicasPerPartition\\\":0},\\\"namingStoreService\\\":{\\\"maxPercentUnhealthyServices\\\":0,\\\"maxPercentUnhealthyPartitionsPerService\\\":0,\\\"maxPercentUnhealthyReplicasPerPartition\\\":0},\\\"repairManagerServiceType\\\":{\\\"maxPercentUnhealthyServices\\\":0,\\\"maxPercentUnhealthyPartitionsPerService\\\":0,\\\"maxPercentUnhealthyReplicasPerPartition\\\":0},\\\"upgradeServiceType\\\":{\\\"maxPercentUnhealthyServices\\\":0,\\\"maxPercentUnhealthyPartitionsPerService\\\":0,\\\"maxPercentUnhealthyReplicasPerPartition\\\":0}}}},\\\"monitoringPolicy\\\":{\\\"failureAction\\\":\\\"Rollback\\\",\\\"healthCheckWaitDuration\\\":\\\"00:00:30\\\",\\\"healthCheckStableDuration\\\":\\\"00:01:00\\\",\\\"healthCheckRetryTimeout\\\":\\\"00:45:00\\\",\\\"upgradeTimeout\\\":\\\"12:00:00\\\",\\\"upgradeDomainTimeout\\\":\\\"02:00:00\\\"},\\\"upgradeMode\\\":\\\"Monitored\\\",\\\"forceRestart\\\":false,\\\"upgradeReplicaSetCheckTimeout\\\":\\\"49710.06:28:15\\\",\\\"sortOrder\\\":\\\"Default\\\",\\\"instanceCloseDelayDuration\\\":\\\"49710.06:28:15\\\",\\\"kind\\\":\\\"Rolling\\\"}},\\\"targetCodeVersion\\\":\\\"7.2.477.9590\\\",\\\"targetConfigVersion\\\":\\\"6\\\",\\\"upgradeState\\\":\\\"RollingForwardInProgress\\\",\\\"upgradeDomains\\\":[{\\\"name\\\":\\\"0\\\",\\\"state\\\":\\\"Completed\\\"},{\\\"name\\\":\\\"1\\\",\\\"state\\\":\\\"Completed\\\"},{\\\"name\\\":\\\"2\\\",\\\"state\\\":\\\"Completed\\\"},{\\\"name\\\":\\\"3\\\",\\\"state\\\":\\\"Completed\\\"},{\\\"name\\\":\\\"4\\\",\\\"state\\\":\\\"Completed\\\"}],\\\"rollingUpgradeMode\\\":\\\"Monitored\\\",\\\"upgradeDuration\\\":\\\"00:13:01\\\",\\\"currentUpgradeDomainDuration\\\":\\\"00:01:00\\\",\\\"unhealthyEvaluations\\\":[],\\\"currentUpgradeDomainProgress\\\":{\\\"upgradeDomainName\\\":\\\"\\\",\\\"nodeProgressList\\\":[]},\\\"startTimestampUtc\\\":\\\"2021-03-10T19:20:19.2843395Z\\\"}\",\r\n  \"startTime\": \"2021-03-10T19:18:37.2032945Z\",\r\n  \"endTime\": \"0001-01-01T00:00:00\",\r\n  \"percentComplete\": 0.0\r\n}",
      "StatusCode": 200
    },
    {
      "RequestUri": "/subscriptions/b36cdf46-b75d-4dc2-9fe1-1296ee8c623d/providers/Microsoft.ServiceFabric/locations/southcentralus/operations/d0abc436-d5de-4728-af0f-c281c3597b31?api-version=2020-03-01&Experiment=local",
      "EncodedRequestUri": "L3N1YnNjcmlwdGlvbnMvYjM2Y2RmNDYtYjc1ZC00ZGMyLTlmZTEtMTI5NmVlOGM2MjNkL3Byb3ZpZGVycy9NaWNyb3NvZnQuU2VydmljZUZhYnJpYy9sb2NhdGlvbnMvc291dGhjZW50cmFsdXMvb3BlcmF0aW9ucy9kMGFiYzQzNi1kNWRlLTQ3MjgtYWYwZi1jMjgxYzM1OTdiMzE/YXBpLXZlcnNpb249MjAyMC0wMy0wMSZFeHBlcmltZW50PWxvY2Fs",
      "RequestMethod": "GET",
      "RequestBody": "",
      "RequestHeaders": {
        "x-ms-client-request-id": [
          "2117d67f-c1f0-4918-a683-ea33d8205f12"
        ],
        "User-Agent": [
          "FxVersion/4.6.29812.02",
          "OSName/Windows",
          "OSVersion/Microsoft.Windows.10.0.19042.",
          "Microsoft.Azure.Management.ServiceFabric.ServiceFabricManagementClient/1.3.0.0"
        ]
      },
      "ResponseHeaders": {
        "Cache-Control": [
          "no-cache"
        ],
        "Pragma": [
          "no-cache"
        ],
        "Strict-Transport-Security": [
          "max-age=31536000; includeSubDomains"
        ],
        "X-Content-Type-Options": [
          "nosniff"
        ],
        "Server": [
          "Microsoft-HTTPAPI/2.0,Microsoft-HTTPAPI/2.0 Microsoft-HTTPAPI/2.0"
        ],
        "x-ms-ratelimit-remaining-subscription-reads": [
          "11980"
        ],
        "x-ms-request-id": [
          "3e926c08-3e69-4bdf-bee4-414f44d46c65"
        ],
        "x-ms-correlation-request-id": [
          "3e926c08-3e69-4bdf-bee4-414f44d46c65"
        ],
        "x-ms-routing-request-id": [
          "WESTCENTRALUS:20210310T193540Z:3e926c08-3e69-4bdf-bee4-414f44d46c65"
        ],
        "Date": [
          "Wed, 10 Mar 2021 19:35:39 GMT"
        ],
        "Content-Length": [
          "3581"
        ],
        "Content-Type": [
          "application/json"
        ],
        "Expires": [
          "-1"
        ]
      },
      "ResponseBody": "{\r\n  \"id\": \"/subscriptions/b36cdf46-b75d-4dc2-9fe1-1296ee8c623d/providers/Microsoft.ServiceFabric/locations/southcentralus/operations/d0abc436-d5de-4728-af0f-c281c3597b31\",\r\n  \"name\": \"d0abc436-d5de-4728-af0f-c281c3597b31\",\r\n  \"status\": \"InProgress:{\\\"upgradeDescription\\\":{\\\"targetCodeVersion\\\":\\\"7.2.477.9590\\\",\\\"targetConfigVersion\\\":\\\"6\\\",\\\"upgradePolicyDescription\\\":{\\\"healthPolicy\\\":{\\\"considerWarningAsError\\\":false,\\\"maxPercentUnhealthyNodes\\\":100,\\\"maxPercentUnhealthyApplications\\\":0,\\\"applicationTypeHealthPolicyMap\\\":{}},\\\"enableDeltaHealthEvaluation\\\":true,\\\"upgradeHealthPolicy\\\":{\\\"maxPercentDeltaUnhealthyNodes\\\":0,\\\"maxPercentUpgradeDomainDeltaUnhealthyNodes\\\":0},\\\"applicationHealthPolicyMap\\\":{\\\"fabric:/System\\\":{\\\"considerWarningAsError\\\":false,\\\"maxPercentUnhealthyDeployedApplications\\\":0,\\\"defaultServiceTypeHealthPolicy\\\":{\\\"maxPercentUnhealthyServices\\\":0,\\\"maxPercentUnhealthyPartitionsPerService\\\":0,\\\"maxPercentUnhealthyReplicasPerPartition\\\":0},\\\"serviceTypeHealthPolicyMap\\\":{\\\"clusterManagerServiceType\\\":{\\\"maxPercentUnhealthyServices\\\":0,\\\"maxPercentUnhealthyPartitionsPerService\\\":0,\\\"maxPercentUnhealthyReplicasPerPartition\\\":0},\\\"dnsServiceType\\\":{\\\"maxPercentUnhealthyServices\\\":0,\\\"maxPercentUnhealthyPartitionsPerService\\\":0,\\\"maxPercentUnhealthyReplicasPerPartition\\\":0},\\\"eventStoreServiceType\\\":{\\\"maxPercentUnhealthyServices\\\":0,\\\"maxPercentUnhealthyPartitionsPerService\\\":0,\\\"maxPercentUnhealthyReplicasPerPartition\\\":0},\\\"fmServiceType\\\":{\\\"maxPercentUnhealthyServices\\\":0,\\\"maxPercentUnhealthyPartitionsPerService\\\":0,\\\"maxPercentUnhealthyReplicasPerPartition\\\":0},\\\"faultAnalysisServiceType\\\":{\\\"maxPercentUnhealthyServices\\\":0,\\\"maxPercentUnhealthyPartitionsPerService\\\":0,\\\"maxPercentUnhealthyReplicasPerPartition\\\":0},\\\"fileStoreServiceType\\\":{\\\"maxPercentUnhealthyServices\\\":0,\\\"maxPercentUnhealthyPartitionsPerService\\\":0,\\\"maxPercentUnhealthyReplicasPerPartition\\\":0},\\\"namingStoreService\\\":{\\\"maxPercentUnhealthyServices\\\":0,\\\"maxPercentUnhealthyPartitionsPerService\\\":0,\\\"maxPercentUnhealthyReplicasPerPartition\\\":0},\\\"repairManagerServiceType\\\":{\\\"maxPercentUnhealthyServices\\\":0,\\\"maxPercentUnhealthyPartitionsPerService\\\":0,\\\"maxPercentUnhealthyReplicasPerPartition\\\":0},\\\"upgradeServiceType\\\":{\\\"maxPercentUnhealthyServices\\\":0,\\\"maxPercentUnhealthyPartitionsPerService\\\":0,\\\"maxPercentUnhealthyReplicasPerPartition\\\":0}}}},\\\"monitoringPolicy\\\":{\\\"failureAction\\\":\\\"Rollback\\\",\\\"healthCheckWaitDuration\\\":\\\"00:00:30\\\",\\\"healthCheckStableDuration\\\":\\\"00:01:00\\\",\\\"healthCheckRetryTimeout\\\":\\\"00:45:00\\\",\\\"upgradeTimeout\\\":\\\"12:00:00\\\",\\\"upgradeDomainTimeout\\\":\\\"02:00:00\\\"},\\\"upgradeMode\\\":\\\"Monitored\\\",\\\"forceRestart\\\":false,\\\"upgradeReplicaSetCheckTimeout\\\":\\\"49710.06:28:15\\\",\\\"sortOrder\\\":\\\"Default\\\",\\\"instanceCloseDelayDuration\\\":\\\"49710.06:28:15\\\",\\\"kind\\\":\\\"Rolling\\\"}},\\\"targetCodeVersion\\\":\\\"7.2.477.9590\\\",\\\"targetConfigVersion\\\":\\\"6\\\",\\\"upgradeState\\\":\\\"RollingForwardInProgress\\\",\\\"upgradeDomains\\\":[{\\\"name\\\":\\\"0\\\",\\\"state\\\":\\\"Completed\\\"},{\\\"name\\\":\\\"1\\\",\\\"state\\\":\\\"Completed\\\"},{\\\"name\\\":\\\"2\\\",\\\"state\\\":\\\"Completed\\\"},{\\\"name\\\":\\\"3\\\",\\\"state\\\":\\\"Completed\\\"},{\\\"name\\\":\\\"4\\\",\\\"state\\\":\\\"Completed\\\"}],\\\"rollingUpgradeMode\\\":\\\"Monitored\\\",\\\"upgradeDuration\\\":\\\"00:14:01\\\",\\\"currentUpgradeDomainDuration\\\":\\\"00:02:00\\\",\\\"unhealthyEvaluations\\\":[],\\\"currentUpgradeDomainProgress\\\":{\\\"upgradeDomainName\\\":\\\"\\\",\\\"nodeProgressList\\\":[]},\\\"startTimestampUtc\\\":\\\"2021-03-10T19:20:19.2843395Z\\\"}\",\r\n  \"startTime\": \"2021-03-10T19:18:37.2032945Z\",\r\n  \"endTime\": \"0001-01-01T00:00:00\",\r\n  \"percentComplete\": 0.0\r\n}",
      "StatusCode": 200
    },
    {
      "RequestUri": "/subscriptions/b36cdf46-b75d-4dc2-9fe1-1296ee8c623d/providers/Microsoft.ServiceFabric/locations/southcentralus/operations/d0abc436-d5de-4728-af0f-c281c3597b31?api-version=2020-03-01&Experiment=local",
      "EncodedRequestUri": "L3N1YnNjcmlwdGlvbnMvYjM2Y2RmNDYtYjc1ZC00ZGMyLTlmZTEtMTI5NmVlOGM2MjNkL3Byb3ZpZGVycy9NaWNyb3NvZnQuU2VydmljZUZhYnJpYy9sb2NhdGlvbnMvc291dGhjZW50cmFsdXMvb3BlcmF0aW9ucy9kMGFiYzQzNi1kNWRlLTQ3MjgtYWYwZi1jMjgxYzM1OTdiMzE/YXBpLXZlcnNpb249MjAyMC0wMy0wMSZFeHBlcmltZW50PWxvY2Fs",
      "RequestMethod": "GET",
      "RequestBody": "",
      "RequestHeaders": {
        "x-ms-client-request-id": [
          "2117d67f-c1f0-4918-a683-ea33d8205f12"
        ],
        "User-Agent": [
          "FxVersion/4.6.29812.02",
          "OSName/Windows",
          "OSVersion/Microsoft.Windows.10.0.19042.",
          "Microsoft.Azure.Management.ServiceFabric.ServiceFabricManagementClient/1.3.0.0"
        ]
      },
      "ResponseHeaders": {
        "Cache-Control": [
          "no-cache"
        ],
        "Pragma": [
          "no-cache"
        ],
        "Strict-Transport-Security": [
          "max-age=31536000; includeSubDomains"
        ],
        "X-Content-Type-Options": [
          "nosniff"
        ],
        "Server": [
          "Microsoft-HTTPAPI/2.0,Microsoft-HTTPAPI/2.0 Microsoft-HTTPAPI/2.0"
        ],
        "x-ms-ratelimit-remaining-subscription-reads": [
          "11979"
        ],
        "x-ms-request-id": [
          "f91ca11c-8cac-41cf-a099-932dc9f878c5"
        ],
        "x-ms-correlation-request-id": [
          "f91ca11c-8cac-41cf-a099-932dc9f878c5"
        ],
        "x-ms-routing-request-id": [
          "WESTCENTRALUS:20210310T193640Z:f91ca11c-8cac-41cf-a099-932dc9f878c5"
        ],
        "Date": [
          "Wed, 10 Mar 2021 19:36:40 GMT"
        ],
        "Content-Length": [
          "3581"
        ],
        "Content-Type": [
          "application/json"
        ],
        "Expires": [
          "-1"
        ]
      },
      "ResponseBody": "{\r\n  \"id\": \"/subscriptions/b36cdf46-b75d-4dc2-9fe1-1296ee8c623d/providers/Microsoft.ServiceFabric/locations/southcentralus/operations/d0abc436-d5de-4728-af0f-c281c3597b31\",\r\n  \"name\": \"d0abc436-d5de-4728-af0f-c281c3597b31\",\r\n  \"status\": \"InProgress:{\\\"upgradeDescription\\\":{\\\"targetCodeVersion\\\":\\\"7.2.477.9590\\\",\\\"targetConfigVersion\\\":\\\"6\\\",\\\"upgradePolicyDescription\\\":{\\\"healthPolicy\\\":{\\\"considerWarningAsError\\\":false,\\\"maxPercentUnhealthyNodes\\\":100,\\\"maxPercentUnhealthyApplications\\\":0,\\\"applicationTypeHealthPolicyMap\\\":{}},\\\"enableDeltaHealthEvaluation\\\":true,\\\"upgradeHealthPolicy\\\":{\\\"maxPercentDeltaUnhealthyNodes\\\":0,\\\"maxPercentUpgradeDomainDeltaUnhealthyNodes\\\":0},\\\"applicationHealthPolicyMap\\\":{\\\"fabric:/System\\\":{\\\"considerWarningAsError\\\":false,\\\"maxPercentUnhealthyDeployedApplications\\\":0,\\\"defaultServiceTypeHealthPolicy\\\":{\\\"maxPercentUnhealthyServices\\\":0,\\\"maxPercentUnhealthyPartitionsPerService\\\":0,\\\"maxPercentUnhealthyReplicasPerPartition\\\":0},\\\"serviceTypeHealthPolicyMap\\\":{\\\"clusterManagerServiceType\\\":{\\\"maxPercentUnhealthyServices\\\":0,\\\"maxPercentUnhealthyPartitionsPerService\\\":0,\\\"maxPercentUnhealthyReplicasPerPartition\\\":0},\\\"dnsServiceType\\\":{\\\"maxPercentUnhealthyServices\\\":0,\\\"maxPercentUnhealthyPartitionsPerService\\\":0,\\\"maxPercentUnhealthyReplicasPerPartition\\\":0},\\\"eventStoreServiceType\\\":{\\\"maxPercentUnhealthyServices\\\":0,\\\"maxPercentUnhealthyPartitionsPerService\\\":0,\\\"maxPercentUnhealthyReplicasPerPartition\\\":0},\\\"fmServiceType\\\":{\\\"maxPercentUnhealthyServices\\\":0,\\\"maxPercentUnhealthyPartitionsPerService\\\":0,\\\"maxPercentUnhealthyReplicasPerPartition\\\":0},\\\"faultAnalysisServiceType\\\":{\\\"maxPercentUnhealthyServices\\\":0,\\\"maxPercentUnhealthyPartitionsPerService\\\":0,\\\"maxPercentUnhealthyReplicasPerPartition\\\":0},\\\"fileStoreServiceType\\\":{\\\"maxPercentUnhealthyServices\\\":0,\\\"maxPercentUnhealthyPartitionsPerService\\\":0,\\\"maxPercentUnhealthyReplicasPerPartition\\\":0},\\\"namingStoreService\\\":{\\\"maxPercentUnhealthyServices\\\":0,\\\"maxPercentUnhealthyPartitionsPerService\\\":0,\\\"maxPercentUnhealthyReplicasPerPartition\\\":0},\\\"repairManagerServiceType\\\":{\\\"maxPercentUnhealthyServices\\\":0,\\\"maxPercentUnhealthyPartitionsPerService\\\":0,\\\"maxPercentUnhealthyReplicasPerPartition\\\":0},\\\"upgradeServiceType\\\":{\\\"maxPercentUnhealthyServices\\\":0,\\\"maxPercentUnhealthyPartitionsPerService\\\":0,\\\"maxPercentUnhealthyReplicasPerPartition\\\":0}}}},\\\"monitoringPolicy\\\":{\\\"failureAction\\\":\\\"Rollback\\\",\\\"healthCheckWaitDuration\\\":\\\"00:00:30\\\",\\\"healthCheckStableDuration\\\":\\\"00:01:00\\\",\\\"healthCheckRetryTimeout\\\":\\\"00:45:00\\\",\\\"upgradeTimeout\\\":\\\"12:00:00\\\",\\\"upgradeDomainTimeout\\\":\\\"02:00:00\\\"},\\\"upgradeMode\\\":\\\"Monitored\\\",\\\"forceRestart\\\":false,\\\"upgradeReplicaSetCheckTimeout\\\":\\\"49710.06:28:15\\\",\\\"sortOrder\\\":\\\"Default\\\",\\\"instanceCloseDelayDuration\\\":\\\"49710.06:28:15\\\",\\\"kind\\\":\\\"Rolling\\\"}},\\\"targetCodeVersion\\\":\\\"7.2.477.9590\\\",\\\"targetConfigVersion\\\":\\\"6\\\",\\\"upgradeState\\\":\\\"RollingForwardInProgress\\\",\\\"upgradeDomains\\\":[{\\\"name\\\":\\\"0\\\",\\\"state\\\":\\\"Completed\\\"},{\\\"name\\\":\\\"1\\\",\\\"state\\\":\\\"Completed\\\"},{\\\"name\\\":\\\"2\\\",\\\"state\\\":\\\"Completed\\\"},{\\\"name\\\":\\\"3\\\",\\\"state\\\":\\\"Completed\\\"},{\\\"name\\\":\\\"4\\\",\\\"state\\\":\\\"Completed\\\"}],\\\"rollingUpgradeMode\\\":\\\"Monitored\\\",\\\"upgradeDuration\\\":\\\"00:14:01\\\",\\\"currentUpgradeDomainDuration\\\":\\\"00:02:00\\\",\\\"unhealthyEvaluations\\\":[],\\\"currentUpgradeDomainProgress\\\":{\\\"upgradeDomainName\\\":\\\"\\\",\\\"nodeProgressList\\\":[]},\\\"startTimestampUtc\\\":\\\"2021-03-10T19:20:19.2843395Z\\\"}\",\r\n  \"startTime\": \"2021-03-10T19:18:37.2032945Z\",\r\n  \"endTime\": \"0001-01-01T00:00:00\",\r\n  \"percentComplete\": 0.0\r\n}",
      "StatusCode": 200
    },
    {
      "RequestUri": "/subscriptions/b36cdf46-b75d-4dc2-9fe1-1296ee8c623d/providers/Microsoft.ServiceFabric/locations/southcentralus/operations/d0abc436-d5de-4728-af0f-c281c3597b31?api-version=2020-03-01&Experiment=local",
      "EncodedRequestUri": "L3N1YnNjcmlwdGlvbnMvYjM2Y2RmNDYtYjc1ZC00ZGMyLTlmZTEtMTI5NmVlOGM2MjNkL3Byb3ZpZGVycy9NaWNyb3NvZnQuU2VydmljZUZhYnJpYy9sb2NhdGlvbnMvc291dGhjZW50cmFsdXMvb3BlcmF0aW9ucy9kMGFiYzQzNi1kNWRlLTQ3MjgtYWYwZi1jMjgxYzM1OTdiMzE/YXBpLXZlcnNpb249MjAyMC0wMy0wMSZFeHBlcmltZW50PWxvY2Fs",
      "RequestMethod": "GET",
      "RequestBody": "",
      "RequestHeaders": {
        "x-ms-client-request-id": [
          "2117d67f-c1f0-4918-a683-ea33d8205f12"
        ],
        "User-Agent": [
          "FxVersion/4.6.29812.02",
          "OSName/Windows",
          "OSVersion/Microsoft.Windows.10.0.19042.",
          "Microsoft.Azure.Management.ServiceFabric.ServiceFabricManagementClient/1.3.0.0"
        ]
      },
      "ResponseHeaders": {
        "Cache-Control": [
          "no-cache"
        ],
        "Pragma": [
          "no-cache"
        ],
        "Strict-Transport-Security": [
          "max-age=31536000; includeSubDomains"
        ],
        "X-Content-Type-Options": [
          "nosniff"
        ],
        "Server": [
          "Microsoft-HTTPAPI/2.0,Microsoft-HTTPAPI/2.0 Microsoft-HTTPAPI/2.0"
        ],
        "x-ms-ratelimit-remaining-subscription-reads": [
          "11978"
        ],
        "x-ms-request-id": [
          "fa2470be-9ba9-4227-a2d7-ac668cb0ee0f"
        ],
        "x-ms-correlation-request-id": [
          "fa2470be-9ba9-4227-a2d7-ac668cb0ee0f"
        ],
        "x-ms-routing-request-id": [
          "WESTCENTRALUS:20210310T193741Z:fa2470be-9ba9-4227-a2d7-ac668cb0ee0f"
        ],
        "Date": [
          "Wed, 10 Mar 2021 19:37:40 GMT"
        ],
        "Content-Length": [
          "3377"
        ],
        "Content-Type": [
          "application/json"
        ],
        "Expires": [
          "-1"
        ]
      },
      "ResponseBody": "{\r\n  \"id\": \"/subscriptions/b36cdf46-b75d-4dc2-9fe1-1296ee8c623d/providers/Microsoft.ServiceFabric/locations/southcentralus/operations/d0abc436-d5de-4728-af0f-c281c3597b31\",\r\n  \"name\": \"d0abc436-d5de-4728-af0f-c281c3597b31\",\r\n  \"status\": \"InProgress:{\\\"upgradeDescription\\\":{\\\"targetCodeVersion\\\":\\\"7.2.477.9590\\\",\\\"targetConfigVersion\\\":\\\"7\\\",\\\"upgradePolicyDescription\\\":{\\\"healthPolicy\\\":{\\\"considerWarningAsError\\\":false,\\\"maxPercentUnhealthyNodes\\\":100,\\\"maxPercentUnhealthyApplications\\\":0,\\\"applicationTypeHealthPolicyMap\\\":{}},\\\"enableDeltaHealthEvaluation\\\":true,\\\"upgradeHealthPolicy\\\":{\\\"maxPercentDeltaUnhealthyNodes\\\":0,\\\"maxPercentUpgradeDomainDeltaUnhealthyNodes\\\":0},\\\"applicationHealthPolicyMap\\\":{\\\"fabric:/System\\\":{\\\"considerWarningAsError\\\":false,\\\"maxPercentUnhealthyDeployedApplications\\\":0,\\\"defaultServiceTypeHealthPolicy\\\":{\\\"maxPercentUnhealthyServices\\\":0,\\\"maxPercentUnhealthyPartitionsPerService\\\":0,\\\"maxPercentUnhealthyReplicasPerPartition\\\":0},\\\"serviceTypeHealthPolicyMap\\\":{\\\"clusterManagerServiceType\\\":{\\\"maxPercentUnhealthyServices\\\":0,\\\"maxPercentUnhealthyPartitionsPerService\\\":0,\\\"maxPercentUnhealthyReplicasPerPartition\\\":0},\\\"dnsServiceType\\\":{\\\"maxPercentUnhealthyServices\\\":0,\\\"maxPercentUnhealthyPartitionsPerService\\\":0,\\\"maxPercentUnhealthyReplicasPerPartition\\\":0},\\\"eventStoreServiceType\\\":{\\\"maxPercentUnhealthyServices\\\":0,\\\"maxPercentUnhealthyPartitionsPerService\\\":0,\\\"maxPercentUnhealthyReplicasPerPartition\\\":0},\\\"fmServiceType\\\":{\\\"maxPercentUnhealthyServices\\\":0,\\\"maxPercentUnhealthyPartitionsPerService\\\":0,\\\"maxPercentUnhealthyReplicasPerPartition\\\":0},\\\"faultAnalysisServiceType\\\":{\\\"maxPercentUnhealthyServices\\\":0,\\\"maxPercentUnhealthyPartitionsPerService\\\":0,\\\"maxPercentUnhealthyReplicasPerPartition\\\":0},\\\"fileStoreServiceType\\\":{\\\"maxPercentUnhealthyServices\\\":0,\\\"maxPercentUnhealthyPartitionsPerService\\\":0,\\\"maxPercentUnhealthyReplicasPerPartition\\\":0},\\\"namingStoreService\\\":{\\\"maxPercentUnhealthyServices\\\":0,\\\"maxPercentUnhealthyPartitionsPerService\\\":0,\\\"maxPercentUnhealthyReplicasPerPartition\\\":0},\\\"repairManagerServiceType\\\":{\\\"maxPercentUnhealthyServices\\\":0,\\\"maxPercentUnhealthyPartitionsPerService\\\":0,\\\"maxPercentUnhealthyReplicasPerPartition\\\":0},\\\"upgradeServiceType\\\":{\\\"maxPercentUnhealthyServices\\\":0,\\\"maxPercentUnhealthyPartitionsPerService\\\":0,\\\"maxPercentUnhealthyReplicasPerPartition\\\":0}}}},\\\"monitoringPolicy\\\":{\\\"failureAction\\\":\\\"Rollback\\\",\\\"healthCheckWaitDuration\\\":\\\"00:00:30\\\",\\\"healthCheckStableDuration\\\":\\\"00:01:00\\\",\\\"healthCheckRetryTimeout\\\":\\\"00:45:00\\\",\\\"upgradeTimeout\\\":\\\"12:00:00\\\",\\\"upgradeDomainTimeout\\\":\\\"02:00:00\\\"},\\\"upgradeMode\\\":\\\"Monitored\\\",\\\"forceRestart\\\":false,\\\"upgradeReplicaSetCheckTimeout\\\":\\\"49710.06:28:15\\\",\\\"sortOrder\\\":\\\"Default\\\",\\\"instanceCloseDelayDuration\\\":\\\"49710.06:28:15\\\",\\\"kind\\\":\\\"Rolling\\\"}},\\\"targetCodeVersion\\\":\\\"7.2.477.9590\\\",\\\"targetConfigVersion\\\":\\\"7\\\",\\\"upgradeState\\\":\\\"RollingForwardInProgress\\\",\\\"upgradeDomains\\\":[],\\\"rollingUpgradeMode\\\":\\\"Monitored\\\",\\\"upgradeDuration\\\":\\\"00:00:00\\\",\\\"currentUpgradeDomainDuration\\\":\\\"00:00:00\\\",\\\"unhealthyEvaluations\\\":[],\\\"currentUpgradeDomainProgress\\\":{\\\"upgradeDomainName\\\":\\\"\\\",\\\"nodeProgressList\\\":[]},\\\"startTimestampUtc\\\":\\\"2021-03-10T19:36:45.1873865Z\\\"}\",\r\n  \"startTime\": \"2021-03-10T19:18:37.2032945Z\",\r\n  \"endTime\": \"0001-01-01T00:00:00\",\r\n  \"percentComplete\": 0.0\r\n}",
      "StatusCode": 200
    },
    {
      "RequestUri": "/subscriptions/b36cdf46-b75d-4dc2-9fe1-1296ee8c623d/providers/Microsoft.ServiceFabric/locations/southcentralus/operations/d0abc436-d5de-4728-af0f-c281c3597b31?api-version=2020-03-01&Experiment=local",
      "EncodedRequestUri": "L3N1YnNjcmlwdGlvbnMvYjM2Y2RmNDYtYjc1ZC00ZGMyLTlmZTEtMTI5NmVlOGM2MjNkL3Byb3ZpZGVycy9NaWNyb3NvZnQuU2VydmljZUZhYnJpYy9sb2NhdGlvbnMvc291dGhjZW50cmFsdXMvb3BlcmF0aW9ucy9kMGFiYzQzNi1kNWRlLTQ3MjgtYWYwZi1jMjgxYzM1OTdiMzE/YXBpLXZlcnNpb249MjAyMC0wMy0wMSZFeHBlcmltZW50PWxvY2Fs",
      "RequestMethod": "GET",
      "RequestBody": "",
      "RequestHeaders": {
        "x-ms-client-request-id": [
          "2117d67f-c1f0-4918-a683-ea33d8205f12"
        ],
        "User-Agent": [
          "FxVersion/4.6.29812.02",
          "OSName/Windows",
          "OSVersion/Microsoft.Windows.10.0.19042.",
          "Microsoft.Azure.Management.ServiceFabric.ServiceFabricManagementClient/1.3.0.0"
        ]
      },
      "ResponseHeaders": {
        "Cache-Control": [
          "no-cache"
        ],
        "Pragma": [
          "no-cache"
        ],
        "Strict-Transport-Security": [
          "max-age=31536000; includeSubDomains"
        ],
        "X-Content-Type-Options": [
          "nosniff"
        ],
        "Server": [
          "Microsoft-HTTPAPI/2.0,Microsoft-HTTPAPI/2.0 Microsoft-HTTPAPI/2.0"
        ],
        "x-ms-ratelimit-remaining-subscription-reads": [
          "11977"
        ],
        "x-ms-request-id": [
          "e8331972-32b3-4162-a672-16e37a51c8c9"
        ],
        "x-ms-correlation-request-id": [
          "e8331972-32b3-4162-a672-16e37a51c8c9"
        ],
        "x-ms-routing-request-id": [
          "WESTCENTRALUS:20210310T193841Z:e8331972-32b3-4162-a672-16e37a51c8c9"
        ],
        "Date": [
          "Wed, 10 Mar 2021 19:38:40 GMT"
        ],
        "Content-Length": [
          "3603"
        ],
        "Content-Type": [
          "application/json"
        ],
        "Expires": [
          "-1"
        ]
      },
      "ResponseBody": "{\r\n  \"id\": \"/subscriptions/b36cdf46-b75d-4dc2-9fe1-1296ee8c623d/providers/Microsoft.ServiceFabric/locations/southcentralus/operations/d0abc436-d5de-4728-af0f-c281c3597b31\",\r\n  \"name\": \"d0abc436-d5de-4728-af0f-c281c3597b31\",\r\n  \"status\": \"InProgress:{\\\"upgradeDescription\\\":{\\\"targetCodeVersion\\\":\\\"7.2.477.9590\\\",\\\"targetConfigVersion\\\":\\\"7\\\",\\\"upgradePolicyDescription\\\":{\\\"healthPolicy\\\":{\\\"considerWarningAsError\\\":false,\\\"maxPercentUnhealthyNodes\\\":100,\\\"maxPercentUnhealthyApplications\\\":0,\\\"applicationTypeHealthPolicyMap\\\":{}},\\\"enableDeltaHealthEvaluation\\\":true,\\\"upgradeHealthPolicy\\\":{\\\"maxPercentDeltaUnhealthyNodes\\\":0,\\\"maxPercentUpgradeDomainDeltaUnhealthyNodes\\\":0},\\\"applicationHealthPolicyMap\\\":{\\\"fabric:/System\\\":{\\\"considerWarningAsError\\\":false,\\\"maxPercentUnhealthyDeployedApplications\\\":0,\\\"defaultServiceTypeHealthPolicy\\\":{\\\"maxPercentUnhealthyServices\\\":0,\\\"maxPercentUnhealthyPartitionsPerService\\\":0,\\\"maxPercentUnhealthyReplicasPerPartition\\\":0},\\\"serviceTypeHealthPolicyMap\\\":{\\\"clusterManagerServiceType\\\":{\\\"maxPercentUnhealthyServices\\\":0,\\\"maxPercentUnhealthyPartitionsPerService\\\":0,\\\"maxPercentUnhealthyReplicasPerPartition\\\":0},\\\"dnsServiceType\\\":{\\\"maxPercentUnhealthyServices\\\":0,\\\"maxPercentUnhealthyPartitionsPerService\\\":0,\\\"maxPercentUnhealthyReplicasPerPartition\\\":0},\\\"eventStoreServiceType\\\":{\\\"maxPercentUnhealthyServices\\\":0,\\\"maxPercentUnhealthyPartitionsPerService\\\":0,\\\"maxPercentUnhealthyReplicasPerPartition\\\":0},\\\"fmServiceType\\\":{\\\"maxPercentUnhealthyServices\\\":0,\\\"maxPercentUnhealthyPartitionsPerService\\\":0,\\\"maxPercentUnhealthyReplicasPerPartition\\\":0},\\\"faultAnalysisServiceType\\\":{\\\"maxPercentUnhealthyServices\\\":0,\\\"maxPercentUnhealthyPartitionsPerService\\\":0,\\\"maxPercentUnhealthyReplicasPerPartition\\\":0},\\\"fileStoreServiceType\\\":{\\\"maxPercentUnhealthyServices\\\":0,\\\"maxPercentUnhealthyPartitionsPerService\\\":0,\\\"maxPercentUnhealthyReplicasPerPartition\\\":0},\\\"namingStoreService\\\":{\\\"maxPercentUnhealthyServices\\\":0,\\\"maxPercentUnhealthyPartitionsPerService\\\":0,\\\"maxPercentUnhealthyReplicasPerPartition\\\":0},\\\"repairManagerServiceType\\\":{\\\"maxPercentUnhealthyServices\\\":0,\\\"maxPercentUnhealthyPartitionsPerService\\\":0,\\\"maxPercentUnhealthyReplicasPerPartition\\\":0},\\\"upgradeServiceType\\\":{\\\"maxPercentUnhealthyServices\\\":0,\\\"maxPercentUnhealthyPartitionsPerService\\\":0,\\\"maxPercentUnhealthyReplicasPerPartition\\\":0}}}},\\\"monitoringPolicy\\\":{\\\"failureAction\\\":\\\"Rollback\\\",\\\"healthCheckWaitDuration\\\":\\\"00:00:30\\\",\\\"healthCheckStableDuration\\\":\\\"00:01:00\\\",\\\"healthCheckRetryTimeout\\\":\\\"00:45:00\\\",\\\"upgradeTimeout\\\":\\\"12:00:00\\\",\\\"upgradeDomainTimeout\\\":\\\"02:00:00\\\"},\\\"upgradeMode\\\":\\\"Monitored\\\",\\\"forceRestart\\\":false,\\\"upgradeReplicaSetCheckTimeout\\\":\\\"49710.06:28:15\\\",\\\"sortOrder\\\":\\\"Default\\\",\\\"instanceCloseDelayDuration\\\":\\\"49710.06:28:15\\\",\\\"kind\\\":\\\"Rolling\\\"}},\\\"targetCodeVersion\\\":\\\"7.2.477.9590\\\",\\\"targetConfigVersion\\\":\\\"7\\\",\\\"upgradeState\\\":\\\"RollingForwardInProgress\\\",\\\"upgradeDomains\\\":[{\\\"name\\\":\\\"0\\\",\\\"state\\\":\\\"InProgress\\\"},{\\\"name\\\":\\\"1\\\",\\\"state\\\":\\\"Pending\\\"},{\\\"name\\\":\\\"2\\\",\\\"state\\\":\\\"Pending\\\"},{\\\"name\\\":\\\"3\\\",\\\"state\\\":\\\"Pending\\\"},{\\\"name\\\":\\\"4\\\",\\\"state\\\":\\\"Pending\\\"}],\\\"rollingUpgradeMode\\\":\\\"Monitored\\\",\\\"nextUpgradeDomain\\\":\\\"1\\\",\\\"upgradeDuration\\\":\\\"00:00:00\\\",\\\"currentUpgradeDomainDuration\\\":\\\"00:00:00\\\",\\\"unhealthyEvaluations\\\":[],\\\"currentUpgradeDomainProgress\\\":{\\\"upgradeDomainName\\\":\\\"0\\\",\\\"nodeProgressList\\\":[]},\\\"startTimestampUtc\\\":\\\"2021-03-10T19:36:45.1873865Z\\\"}\",\r\n  \"startTime\": \"2021-03-10T19:18:37.2032945Z\",\r\n  \"endTime\": \"0001-01-01T00:00:00\",\r\n  \"percentComplete\": 0.0\r\n}",
      "StatusCode": 200
    },
    {
      "RequestUri": "/subscriptions/b36cdf46-b75d-4dc2-9fe1-1296ee8c623d/providers/Microsoft.ServiceFabric/locations/southcentralus/operations/d0abc436-d5de-4728-af0f-c281c3597b31?api-version=2020-03-01&Experiment=local",
      "EncodedRequestUri": "L3N1YnNjcmlwdGlvbnMvYjM2Y2RmNDYtYjc1ZC00ZGMyLTlmZTEtMTI5NmVlOGM2MjNkL3Byb3ZpZGVycy9NaWNyb3NvZnQuU2VydmljZUZhYnJpYy9sb2NhdGlvbnMvc291dGhjZW50cmFsdXMvb3BlcmF0aW9ucy9kMGFiYzQzNi1kNWRlLTQ3MjgtYWYwZi1jMjgxYzM1OTdiMzE/YXBpLXZlcnNpb249MjAyMC0wMy0wMSZFeHBlcmltZW50PWxvY2Fs",
      "RequestMethod": "GET",
      "RequestBody": "",
      "RequestHeaders": {
        "x-ms-client-request-id": [
          "2117d67f-c1f0-4918-a683-ea33d8205f12"
        ],
        "User-Agent": [
          "FxVersion/4.6.29812.02",
          "OSName/Windows",
          "OSVersion/Microsoft.Windows.10.0.19042.",
          "Microsoft.Azure.Management.ServiceFabric.ServiceFabricManagementClient/1.3.0.0"
        ]
      },
      "ResponseHeaders": {
        "Cache-Control": [
          "no-cache"
        ],
        "Pragma": [
          "no-cache"
        ],
        "Strict-Transport-Security": [
          "max-age=31536000; includeSubDomains"
        ],
        "X-Content-Type-Options": [
          "nosniff"
        ],
        "Server": [
          "Microsoft-HTTPAPI/2.0,Microsoft-HTTPAPI/2.0 Microsoft-HTTPAPI/2.0"
        ],
        "x-ms-ratelimit-remaining-subscription-reads": [
          "11976"
        ],
        "x-ms-request-id": [
          "f8a427e3-2fe4-4722-be4d-3052303a86fc"
        ],
        "x-ms-correlation-request-id": [
          "f8a427e3-2fe4-4722-be4d-3052303a86fc"
        ],
        "x-ms-routing-request-id": [
          "WESTCENTRALUS:20210310T193941Z:f8a427e3-2fe4-4722-be4d-3052303a86fc"
        ],
        "Date": [
          "Wed, 10 Mar 2021 19:39:41 GMT"
        ],
        "Content-Length": [
          "1353"
        ],
        "Content-Type": [
          "application/json"
        ],
        "Expires": [
          "-1"
        ]
      },
      "ResponseBody": "{\r\n  \"id\": \"/subscriptions/b36cdf46-b75d-4dc2-9fe1-1296ee8c623d/providers/Microsoft.ServiceFabric/locations/southcentralus/operations/d0abc436-d5de-4728-af0f-c281c3597b31\",\r\n  \"name\": \"d0abc436-d5de-4728-af0f-c281c3597b31\",\r\n  \"status\": \"InProgress:{\\\"upgradeDescription\\\":{\\\"targetCodeVersion\\\":\\\"7.2.477.9590\\\",\\\"targetConfigVersion\\\":\\\"7\\\",\\\"upgradePolicyDescription\\\":{\\\"upgradeMode\\\":\\\"UnmonitoredAuto\\\",\\\"forceRestart\\\":false,\\\"upgradeReplicaSetCheckTimeout\\\":\\\"49710.06:28:15\\\",\\\"sortOrder\\\":\\\"Default\\\",\\\"instanceCloseDelayDuration\\\":\\\"49710.06:28:15\\\",\\\"kind\\\":\\\"Rolling\\\"}},\\\"targetCodeVersion\\\":\\\"7.2.477.9590\\\",\\\"targetConfigVersion\\\":\\\"7\\\",\\\"upgradeState\\\":\\\"RollingForwardInProgress\\\",\\\"upgradeDomains\\\":[{\\\"name\\\":\\\"0\\\",\\\"state\\\":\\\"Completed\\\"},{\\\"name\\\":\\\"1\\\",\\\"state\\\":\\\"Pending\\\"},{\\\"name\\\":\\\"2\\\",\\\"state\\\":\\\"Pending\\\"},{\\\"name\\\":\\\"3\\\",\\\"state\\\":\\\"Pending\\\"},{\\\"name\\\":\\\"4\\\",\\\"state\\\":\\\"Pending\\\"}],\\\"rollingUpgradeMode\\\":\\\"UnmonitoredAuto\\\",\\\"nextUpgradeDomain\\\":\\\"1\\\",\\\"upgradeDuration\\\":\\\"00:01:00\\\",\\\"currentUpgradeDomainDuration\\\":\\\"00:01:00\\\",\\\"unhealthyEvaluations\\\":[],\\\"currentUpgradeDomainProgress\\\":{\\\"upgradeDomainName\\\":\\\"1\\\",\\\"nodeProgressList\\\":[]},\\\"startTimestampUtc\\\":\\\"2021-03-10T19:36:45.1873865Z\\\"}\",\r\n  \"startTime\": \"2021-03-10T19:18:37.2032945Z\",\r\n  \"endTime\": \"0001-01-01T00:00:00\",\r\n  \"percentComplete\": 0.0\r\n}",
      "StatusCode": 200
    },
    {
      "RequestUri": "/subscriptions/b36cdf46-b75d-4dc2-9fe1-1296ee8c623d/providers/Microsoft.ServiceFabric/locations/southcentralus/operations/d0abc436-d5de-4728-af0f-c281c3597b31?api-version=2020-03-01&Experiment=local",
      "EncodedRequestUri": "L3N1YnNjcmlwdGlvbnMvYjM2Y2RmNDYtYjc1ZC00ZGMyLTlmZTEtMTI5NmVlOGM2MjNkL3Byb3ZpZGVycy9NaWNyb3NvZnQuU2VydmljZUZhYnJpYy9sb2NhdGlvbnMvc291dGhjZW50cmFsdXMvb3BlcmF0aW9ucy9kMGFiYzQzNi1kNWRlLTQ3MjgtYWYwZi1jMjgxYzM1OTdiMzE/YXBpLXZlcnNpb249MjAyMC0wMy0wMSZFeHBlcmltZW50PWxvY2Fs",
      "RequestMethod": "GET",
      "RequestBody": "",
      "RequestHeaders": {
        "x-ms-client-request-id": [
          "2117d67f-c1f0-4918-a683-ea33d8205f12"
        ],
        "User-Agent": [
          "FxVersion/4.6.29812.02",
          "OSName/Windows",
          "OSVersion/Microsoft.Windows.10.0.19042.",
          "Microsoft.Azure.Management.ServiceFabric.ServiceFabricManagementClient/1.3.0.0"
        ]
      },
      "ResponseHeaders": {
        "Cache-Control": [
          "no-cache"
        ],
        "Pragma": [
          "no-cache"
        ],
        "Strict-Transport-Security": [
          "max-age=31536000; includeSubDomains"
        ],
        "X-Content-Type-Options": [
          "nosniff"
        ],
        "Server": [
          "Microsoft-HTTPAPI/2.0,Microsoft-HTTPAPI/2.0 Microsoft-HTTPAPI/2.0"
        ],
        "x-ms-ratelimit-remaining-subscription-reads": [
          "11975"
        ],
        "x-ms-request-id": [
          "b88d7fb4-7f02-4eec-b509-af5fb72999f9"
        ],
        "x-ms-correlation-request-id": [
          "b88d7fb4-7f02-4eec-b509-af5fb72999f9"
        ],
        "x-ms-routing-request-id": [
          "WESTCENTRALUS:20210310T194041Z:b88d7fb4-7f02-4eec-b509-af5fb72999f9"
        ],
        "Date": [
          "Wed, 10 Mar 2021 19:40:40 GMT"
        ],
        "Content-Length": [
          "1353"
        ],
        "Content-Type": [
          "application/json"
        ],
        "Expires": [
          "-1"
        ]
      },
      "ResponseBody": "{\r\n  \"id\": \"/subscriptions/b36cdf46-b75d-4dc2-9fe1-1296ee8c623d/providers/Microsoft.ServiceFabric/locations/southcentralus/operations/d0abc436-d5de-4728-af0f-c281c3597b31\",\r\n  \"name\": \"d0abc436-d5de-4728-af0f-c281c3597b31\",\r\n  \"status\": \"InProgress:{\\\"upgradeDescription\\\":{\\\"targetCodeVersion\\\":\\\"7.2.477.9590\\\",\\\"targetConfigVersion\\\":\\\"7\\\",\\\"upgradePolicyDescription\\\":{\\\"upgradeMode\\\":\\\"UnmonitoredAuto\\\",\\\"forceRestart\\\":false,\\\"upgradeReplicaSetCheckTimeout\\\":\\\"49710.06:28:15\\\",\\\"sortOrder\\\":\\\"Default\\\",\\\"instanceCloseDelayDuration\\\":\\\"49710.06:28:15\\\",\\\"kind\\\":\\\"Rolling\\\"}},\\\"targetCodeVersion\\\":\\\"7.2.477.9590\\\",\\\"targetConfigVersion\\\":\\\"7\\\",\\\"upgradeState\\\":\\\"RollingForwardInProgress\\\",\\\"upgradeDomains\\\":[{\\\"name\\\":\\\"0\\\",\\\"state\\\":\\\"Completed\\\"},{\\\"name\\\":\\\"1\\\",\\\"state\\\":\\\"Pending\\\"},{\\\"name\\\":\\\"2\\\",\\\"state\\\":\\\"Pending\\\"},{\\\"name\\\":\\\"3\\\",\\\"state\\\":\\\"Pending\\\"},{\\\"name\\\":\\\"4\\\",\\\"state\\\":\\\"Pending\\\"}],\\\"rollingUpgradeMode\\\":\\\"UnmonitoredAuto\\\",\\\"nextUpgradeDomain\\\":\\\"1\\\",\\\"upgradeDuration\\\":\\\"00:02:00\\\",\\\"currentUpgradeDomainDuration\\\":\\\"00:02:00\\\",\\\"unhealthyEvaluations\\\":[],\\\"currentUpgradeDomainProgress\\\":{\\\"upgradeDomainName\\\":\\\"1\\\",\\\"nodeProgressList\\\":[]},\\\"startTimestampUtc\\\":\\\"2021-03-10T19:36:45.1873865Z\\\"}\",\r\n  \"startTime\": \"2021-03-10T19:18:37.2032945Z\",\r\n  \"endTime\": \"0001-01-01T00:00:00\",\r\n  \"percentComplete\": 0.0\r\n}",
      "StatusCode": 200
    },
    {
      "RequestUri": "/subscriptions/b36cdf46-b75d-4dc2-9fe1-1296ee8c623d/providers/Microsoft.ServiceFabric/locations/southcentralus/operations/d0abc436-d5de-4728-af0f-c281c3597b31?api-version=2020-03-01&Experiment=local",
      "EncodedRequestUri": "L3N1YnNjcmlwdGlvbnMvYjM2Y2RmNDYtYjc1ZC00ZGMyLTlmZTEtMTI5NmVlOGM2MjNkL3Byb3ZpZGVycy9NaWNyb3NvZnQuU2VydmljZUZhYnJpYy9sb2NhdGlvbnMvc291dGhjZW50cmFsdXMvb3BlcmF0aW9ucy9kMGFiYzQzNi1kNWRlLTQ3MjgtYWYwZi1jMjgxYzM1OTdiMzE/YXBpLXZlcnNpb249MjAyMC0wMy0wMSZFeHBlcmltZW50PWxvY2Fs",
      "RequestMethod": "GET",
      "RequestBody": "",
      "RequestHeaders": {
        "x-ms-client-request-id": [
          "2117d67f-c1f0-4918-a683-ea33d8205f12"
        ],
        "User-Agent": [
          "FxVersion/4.6.29812.02",
          "OSName/Windows",
          "OSVersion/Microsoft.Windows.10.0.19042.",
          "Microsoft.Azure.Management.ServiceFabric.ServiceFabricManagementClient/1.3.0.0"
        ]
      },
      "ResponseHeaders": {
        "Cache-Control": [
          "no-cache"
        ],
        "Pragma": [
          "no-cache"
        ],
        "Strict-Transport-Security": [
          "max-age=31536000; includeSubDomains"
        ],
        "X-Content-Type-Options": [
          "nosniff"
        ],
        "Server": [
          "Microsoft-HTTPAPI/2.0,Microsoft-HTTPAPI/2.0 Microsoft-HTTPAPI/2.0"
        ],
        "x-ms-ratelimit-remaining-subscription-reads": [
          "11974"
        ],
        "x-ms-request-id": [
          "82d17081-fc45-4945-a0b2-eae60969b237"
        ],
        "x-ms-correlation-request-id": [
          "82d17081-fc45-4945-a0b2-eae60969b237"
        ],
        "x-ms-routing-request-id": [
          "WESTCENTRALUS:20210310T194141Z:82d17081-fc45-4945-a0b2-eae60969b237"
        ],
        "Date": [
          "Wed, 10 Mar 2021 19:41:40 GMT"
        ],
        "Content-Length": [
          "1444"
        ],
        "Content-Type": [
          "application/json"
        ],
        "Expires": [
          "-1"
        ]
      },
      "ResponseBody": "{\r\n  \"id\": \"/subscriptions/b36cdf46-b75d-4dc2-9fe1-1296ee8c623d/providers/Microsoft.ServiceFabric/locations/southcentralus/operations/d0abc436-d5de-4728-af0f-c281c3597b31\",\r\n  \"name\": \"d0abc436-d5de-4728-af0f-c281c3597b31\",\r\n  \"status\": \"InProgress:{\\\"upgradeDescription\\\":{\\\"targetCodeVersion\\\":\\\"7.2.477.9590\\\",\\\"targetConfigVersion\\\":\\\"7\\\",\\\"upgradePolicyDescription\\\":{\\\"upgradeMode\\\":\\\"UnmonitoredAuto\\\",\\\"forceRestart\\\":false,\\\"upgradeReplicaSetCheckTimeout\\\":\\\"49710.06:28:15\\\",\\\"sortOrder\\\":\\\"Default\\\",\\\"instanceCloseDelayDuration\\\":\\\"49710.06:28:15\\\",\\\"kind\\\":\\\"Rolling\\\"}},\\\"targetCodeVersion\\\":\\\"7.2.477.9590\\\",\\\"targetConfigVersion\\\":\\\"7\\\",\\\"upgradeState\\\":\\\"RollingForwardInProgress\\\",\\\"upgradeDomains\\\":[{\\\"name\\\":\\\"0\\\",\\\"state\\\":\\\"Completed\\\"},{\\\"name\\\":\\\"1\\\",\\\"state\\\":\\\"Completed\\\"},{\\\"name\\\":\\\"2\\\",\\\"state\\\":\\\"Completed\\\"},{\\\"name\\\":\\\"3\\\",\\\"state\\\":\\\"Completed\\\"},{\\\"name\\\":\\\"4\\\",\\\"state\\\":\\\"Pending\\\"}],\\\"rollingUpgradeMode\\\":\\\"UnmonitoredAuto\\\",\\\"nextUpgradeDomain\\\":\\\"4\\\",\\\"upgradeDuration\\\":\\\"00:03:00\\\",\\\"currentUpgradeDomainDuration\\\":\\\"00:00:00\\\",\\\"unhealthyEvaluations\\\":[],\\\"currentUpgradeDomainProgress\\\":{\\\"upgradeDomainName\\\":\\\"4\\\",\\\"nodeProgressList\\\":[{\\\"nodeName\\\":\\\"_nt1vm_4\\\",\\\"upgradePhase\\\":\\\"Upgrading\\\",\\\"pendingSafetyChecks\\\":[]}]},\\\"startTimestampUtc\\\":\\\"2021-03-10T19:36:45.1873865Z\\\"}\",\r\n  \"startTime\": \"2021-03-10T19:18:37.2032945Z\",\r\n  \"endTime\": \"0001-01-01T00:00:00\",\r\n  \"percentComplete\": 0.0\r\n}",
      "StatusCode": 200
    },
    {
      "RequestUri": "/subscriptions/b36cdf46-b75d-4dc2-9fe1-1296ee8c623d/providers/Microsoft.ServiceFabric/locations/southcentralus/operations/d0abc436-d5de-4728-af0f-c281c3597b31?api-version=2020-03-01&Experiment=local",
      "EncodedRequestUri": "L3N1YnNjcmlwdGlvbnMvYjM2Y2RmNDYtYjc1ZC00ZGMyLTlmZTEtMTI5NmVlOGM2MjNkL3Byb3ZpZGVycy9NaWNyb3NvZnQuU2VydmljZUZhYnJpYy9sb2NhdGlvbnMvc291dGhjZW50cmFsdXMvb3BlcmF0aW9ucy9kMGFiYzQzNi1kNWRlLTQ3MjgtYWYwZi1jMjgxYzM1OTdiMzE/YXBpLXZlcnNpb249MjAyMC0wMy0wMSZFeHBlcmltZW50PWxvY2Fs",
      "RequestMethod": "GET",
      "RequestBody": "",
      "RequestHeaders": {
        "x-ms-client-request-id": [
          "2117d67f-c1f0-4918-a683-ea33d8205f12"
        ],
        "User-Agent": [
          "FxVersion/4.6.29812.02",
          "OSName/Windows",
          "OSVersion/Microsoft.Windows.10.0.19042.",
          "Microsoft.Azure.Management.ServiceFabric.ServiceFabricManagementClient/1.3.0.0"
        ]
      },
      "ResponseHeaders": {
        "Cache-Control": [
          "no-cache"
        ],
        "Pragma": [
          "no-cache"
        ],
        "Strict-Transport-Security": [
          "max-age=31536000; includeSubDomains"
        ],
        "X-Content-Type-Options": [
          "nosniff"
        ],
        "Server": [
          "Microsoft-HTTPAPI/2.0,Microsoft-HTTPAPI/2.0 Microsoft-HTTPAPI/2.0"
        ],
        "x-ms-ratelimit-remaining-subscription-reads": [
          "11973"
        ],
        "x-ms-request-id": [
          "79618e94-0e3c-4987-9ff2-9851fdd786d5"
        ],
        "x-ms-correlation-request-id": [
          "79618e94-0e3c-4987-9ff2-9851fdd786d5"
        ],
        "x-ms-routing-request-id": [
          "WESTCENTRALUS:20210310T194241Z:79618e94-0e3c-4987-9ff2-9851fdd786d5"
        ],
        "Date": [
          "Wed, 10 Mar 2021 19:42:41 GMT"
        ],
        "Content-Length": [
          "1444"
        ],
        "Content-Type": [
          "application/json"
        ],
        "Expires": [
          "-1"
        ]
      },
      "ResponseBody": "{\r\n  \"id\": \"/subscriptions/b36cdf46-b75d-4dc2-9fe1-1296ee8c623d/providers/Microsoft.ServiceFabric/locations/southcentralus/operations/d0abc436-d5de-4728-af0f-c281c3597b31\",\r\n  \"name\": \"d0abc436-d5de-4728-af0f-c281c3597b31\",\r\n  \"status\": \"InProgress:{\\\"upgradeDescription\\\":{\\\"targetCodeVersion\\\":\\\"7.2.477.9590\\\",\\\"targetConfigVersion\\\":\\\"7\\\",\\\"upgradePolicyDescription\\\":{\\\"upgradeMode\\\":\\\"UnmonitoredAuto\\\",\\\"forceRestart\\\":false,\\\"upgradeReplicaSetCheckTimeout\\\":\\\"49710.06:28:15\\\",\\\"sortOrder\\\":\\\"Default\\\",\\\"instanceCloseDelayDuration\\\":\\\"49710.06:28:15\\\",\\\"kind\\\":\\\"Rolling\\\"}},\\\"targetCodeVersion\\\":\\\"7.2.477.9590\\\",\\\"targetConfigVersion\\\":\\\"7\\\",\\\"upgradeState\\\":\\\"RollingForwardInProgress\\\",\\\"upgradeDomains\\\":[{\\\"name\\\":\\\"0\\\",\\\"state\\\":\\\"Completed\\\"},{\\\"name\\\":\\\"1\\\",\\\"state\\\":\\\"Completed\\\"},{\\\"name\\\":\\\"2\\\",\\\"state\\\":\\\"Completed\\\"},{\\\"name\\\":\\\"3\\\",\\\"state\\\":\\\"Completed\\\"},{\\\"name\\\":\\\"4\\\",\\\"state\\\":\\\"Pending\\\"}],\\\"rollingUpgradeMode\\\":\\\"UnmonitoredAuto\\\",\\\"nextUpgradeDomain\\\":\\\"4\\\",\\\"upgradeDuration\\\":\\\"00:03:00\\\",\\\"currentUpgradeDomainDuration\\\":\\\"00:00:00\\\",\\\"unhealthyEvaluations\\\":[],\\\"currentUpgradeDomainProgress\\\":{\\\"upgradeDomainName\\\":\\\"4\\\",\\\"nodeProgressList\\\":[{\\\"nodeName\\\":\\\"_nt1vm_4\\\",\\\"upgradePhase\\\":\\\"Upgrading\\\",\\\"pendingSafetyChecks\\\":[]}]},\\\"startTimestampUtc\\\":\\\"2021-03-10T19:36:45.1873865Z\\\"}\",\r\n  \"startTime\": \"2021-03-10T19:18:37.2032945Z\",\r\n  \"endTime\": \"0001-01-01T00:00:00\",\r\n  \"percentComplete\": 0.0\r\n}",
      "StatusCode": 200
    },
    {
      "RequestUri": "/subscriptions/b36cdf46-b75d-4dc2-9fe1-1296ee8c623d/providers/Microsoft.ServiceFabric/locations/southcentralus/operations/d0abc436-d5de-4728-af0f-c281c3597b31?api-version=2020-03-01&Experiment=local",
      "EncodedRequestUri": "L3N1YnNjcmlwdGlvbnMvYjM2Y2RmNDYtYjc1ZC00ZGMyLTlmZTEtMTI5NmVlOGM2MjNkL3Byb3ZpZGVycy9NaWNyb3NvZnQuU2VydmljZUZhYnJpYy9sb2NhdGlvbnMvc291dGhjZW50cmFsdXMvb3BlcmF0aW9ucy9kMGFiYzQzNi1kNWRlLTQ3MjgtYWYwZi1jMjgxYzM1OTdiMzE/YXBpLXZlcnNpb249MjAyMC0wMy0wMSZFeHBlcmltZW50PWxvY2Fs",
      "RequestMethod": "GET",
      "RequestBody": "",
      "RequestHeaders": {
        "x-ms-client-request-id": [
          "2117d67f-c1f0-4918-a683-ea33d8205f12"
        ],
        "User-Agent": [
          "FxVersion/4.6.29812.02",
          "OSName/Windows",
          "OSVersion/Microsoft.Windows.10.0.19042.",
          "Microsoft.Azure.Management.ServiceFabric.ServiceFabricManagementClient/1.3.0.0"
        ]
      },
      "ResponseHeaders": {
        "Cache-Control": [
          "no-cache"
        ],
        "Pragma": [
          "no-cache"
        ],
        "Strict-Transport-Security": [
          "max-age=31536000; includeSubDomains"
        ],
        "X-Content-Type-Options": [
          "nosniff"
        ],
        "Server": [
          "Microsoft-HTTPAPI/2.0,Microsoft-HTTPAPI/2.0 Microsoft-HTTPAPI/2.0"
        ],
        "x-ms-ratelimit-remaining-subscription-reads": [
          "11972"
        ],
        "x-ms-request-id": [
          "4fe5ff12-c201-4432-abeb-586e750c1edc"
        ],
        "x-ms-correlation-request-id": [
          "4fe5ff12-c201-4432-abeb-586e750c1edc"
        ],
        "x-ms-routing-request-id": [
          "WESTCENTRALUS:20210310T194342Z:4fe5ff12-c201-4432-abeb-586e750c1edc"
        ],
        "Date": [
          "Wed, 10 Mar 2021 19:43:41 GMT"
        ],
        "Content-Length": [
          "374"
        ],
        "Content-Type": [
          "application/json"
        ],
        "Expires": [
          "-1"
        ]
      },
      "ResponseBody": "{\r\n  \"id\": \"/subscriptions/b36cdf46-b75d-4dc2-9fe1-1296ee8c623d/providers/Microsoft.ServiceFabric/locations/southcentralus/operations/d0abc436-d5de-4728-af0f-c281c3597b31\",\r\n  \"name\": \"d0abc436-d5de-4728-af0f-c281c3597b31\",\r\n  \"status\": \"Succeeded\",\r\n  \"startTime\": \"2021-03-10T19:18:37.2032945Z\",\r\n  \"endTime\": \"2021-03-10T19:43:30.0725746Z\",\r\n  \"percentComplete\": 100.0\r\n}",
      "StatusCode": 200
    }
  ],
  "Names": {},
  "Variables": {
    "SubscriptionId": "b36cdf46-b75d-4dc2-9fe1-1296ee8c623d"
  }
}