{
  "Entries": [
    {
      "RequestUri": "/subscriptions/b36cdf46-b75d-4dc2-9fe1-1296ee8c623d/resourceGroups/azurermsfrg/providers/Microsoft.ServiceFabric/clusters/azurermsfclustertest?api-version=2019-03-01",
      "EncodedRequestUri": "L3N1YnNjcmlwdGlvbnMvYjM2Y2RmNDYtYjc1ZC00ZGMyLTlmZTEtMTI5NmVlOGM2MjNkL3Jlc291cmNlR3JvdXBzL2F6dXJlcm1zZnJnL3Byb3ZpZGVycy9NaWNyb3NvZnQuU2VydmljZUZhYnJpYy9jbHVzdGVycy9henVyZXJtc2ZjbHVzdGVydGVzdD9hcGktdmVyc2lvbj0yMDE5LTAzLTAx",
      "RequestMethod": "GET",
      "RequestBody": "",
      "RequestHeaders": {
        "x-ms-client-request-id": [
          "b704a9e6-900c-4d1c-ab25-362bcc4f7baa"
        ],
        "Accept-Language": [
          "en-US"
        ],
        "User-Agent": [
          "FxVersion/4.6.27817.01",
          "OSName/Windows",
          "OSVersion/Microsoft.Windows.10.0.18362.",
          "Microsoft.Azure.Management.ServiceFabric.ServiceFabricManagementClient/1.2.0.0"
        ]
      },
      "ResponseHeaders": {
        "Cache-Control": [
          "no-cache"
        ],
        "Pragma": [
          "no-cache"
        ],
        "Strict-Transport-Security": [
          "max-age=31536000; includeSubDomains"
        ],
        "X-Content-Type-Options": [
          "nosniff"
        ],
        "Server": [
          "Microsoft-HTTPAPI/2.0,Microsoft-HTTPAPI/2.0 Microsoft-HTTPAPI/2.0"
        ],
        "x-ms-ratelimit-remaining-subscription-reads": [
          "11999"
        ],
        "x-ms-request-id": [
          "53b714db-26e0-480c-946c-f39bb84d88df"
        ],
        "x-ms-correlation-request-id": [
          "53b714db-26e0-480c-946c-f39bb84d88df"
        ],
        "x-ms-routing-request-id": [
          "WESTUS:20190813T072036Z:53b714db-26e0-480c-946c-f39bb84d88df"
        ],
        "Date": [
          "Tue, 13 Aug 2019 07:20:35 GMT"
        ],
        "Content-Length": [
          "2752"
        ],
        "Content-Type": [
          "application/json"
        ],
        "Expires": [
          "-1"
        ]
      },
      "ResponseBody": "{\r\n  \"type\": \"Microsoft.ServiceFabric/clusters\",\r\n  \"location\": \"southcentralus\",\r\n  \"id\": \"/subscriptions/b36cdf46-b75d-4dc2-9fe1-1296ee8c623d/resourcegroups/azurermsfrg/providers/Microsoft.ServiceFabric/clusters/azurermsfclustertest\",\r\n  \"name\": \"azurermsfclustertest\",\r\n  \"tags\": {},\r\n  \"etag\": \"W/\\\"637012313463019681\\\"\",\r\n  \"properties\": {\r\n    \"provisioningState\": \"Succeeded\",\r\n    \"clusterId\": \"79a83e1e-e100-4af4-b695-71d69e12f6a9\",\r\n    \"clusterCodeVersion\": \"6.5.658.9590\",\r\n    \"clusterState\": \"Ready\",\r\n    \"managementEndpoint\": \"https://azurermsfclustertest.southcentralus.cloudapp.azure.com:19080\",\r\n    \"clusterEndpoint\": \"https://warp-test-winfabrp-southcentralus.trafficmanager.net/runtime/clusters/79a83e1e-e100-4af4-b695-71d69e12f6a9\",\r\n    \"certificate\": {\r\n      \"thumbprint\": \"AE13E2C70571FC913F13F10D53CF88F68A66B655\",\r\n      \"thumbprintSecondary\": \"910AC565E683987971F34531A824284E3B936040\",\r\n      \"x509StoreName\": \"My\"\r\n    },\r\n    \"clientCertificateThumbprints\": [],\r\n    \"clientCertificateCommonNames\": [\r\n      {\r\n        \"certificateCommonName\": \"cn=AzureRMSFTestCert2\",\r\n        \"certificateIssuerThumbprint\": \"910AC565E683987971F34531A824284E3B936040\",\r\n        \"isAdmin\": false\r\n      }\r\n    ],\r\n    \"fabricSettings\": [\r\n      {\r\n        \"name\": \"Security\",\r\n        \"parameters\": [\r\n          {\r\n            \"name\": \"ClusterProtectionLevel\",\r\n            \"value\": \"EncryptAndSign\"\r\n          }\r\n        ]\r\n      },\r\n      {\r\n        \"name\": \"NamingService\",\r\n        \"parameters\": []\r\n      }\r\n    ],\r\n    \"vmImage\": \"Windows\",\r\n    \"reliabilityLevel\": \"Bronze\",\r\n    \"nodeTypes\": [\r\n      {\r\n        \"name\": \"nt1vm\",\r\n        \"vmInstanceCount\": 5,\r\n        \"clientConnectionEndpointPort\": 19000,\r\n        \"httpGatewayEndpointPort\": 19080,\r\n        \"applicationPorts\": {\r\n          \"startPort\": 20000,\r\n          \"endPort\": 30000\r\n        },\r\n        \"ephemeralPorts\": {\r\n          \"startPort\": 49152,\r\n          \"endPort\": 65534\r\n        },\r\n        \"isPrimary\": true,\r\n        \"durabilityLevel\": \"Bronze\"\r\n      }\r\n    ],\r\n    \"diagnosticsStorageAccountConfig\": {\r\n      \"storageAccountName\": \"movceivkf3yzy2\",\r\n      \"primaryAccessKey\": \"\",\r\n      \"secondaryAccessKey\": \"\",\r\n      \"protectedAccountKeyName\": \"StorageAccountKey1\",\r\n      \"blobEndpoint\": \"https://movceivkf3yzy2.blob.core.windows.net/\",\r\n      \"queueEndpoint\": \"https://movceivkf3yzy2.queue.core.windows.net/\",\r\n      \"tableEndpoint\": \"https://movceivkf3yzy2.table.core.windows.net/\"\r\n    },\r\n    \"upgradeMode\": \"Manual\",\r\n    \"addonFeatures\": [],\r\n    \"availableClusterVersions\": [\r\n      {\r\n        \"codeVersion\": \"6.5.658.9590\",\r\n        \"supportExpiryUtc\": \"9999-12-31T23:59:59.9999999\",\r\n        \"environment\": \"Windows\"\r\n      }\r\n    ]\r\n  }\r\n}",
      "StatusCode": 200
    },
    {
      "RequestUri": "/subscriptions/b36cdf46-b75d-4dc2-9fe1-1296ee8c623d/resourceGroups/azurermsfrg/providers/Microsoft.ServiceFabric/clusters/azurermsfclustertest?api-version=2019-03-01",
      "EncodedRequestUri": "L3N1YnNjcmlwdGlvbnMvYjM2Y2RmNDYtYjc1ZC00ZGMyLTlmZTEtMTI5NmVlOGM2MjNkL3Jlc291cmNlR3JvdXBzL2F6dXJlcm1zZnJnL3Byb3ZpZGVycy9NaWNyb3NvZnQuU2VydmljZUZhYnJpYy9jbHVzdGVycy9henVyZXJtc2ZjbHVzdGVydGVzdD9hcGktdmVyc2lvbj0yMDE5LTAzLTAx",
      "RequestMethod": "GET",
      "RequestBody": "",
      "RequestHeaders": {
        "x-ms-client-request-id": [
          "0075fc12-2790-490a-bc38-ddf545205e5c"
        ],
        "Accept-Language": [
          "en-US"
        ],
        "User-Agent": [
          "FxVersion/4.6.27817.01",
          "OSName/Windows",
          "OSVersion/Microsoft.Windows.10.0.18362.",
          "Microsoft.Azure.Management.ServiceFabric.ServiceFabricManagementClient/1.2.0.0"
        ]
      },
      "ResponseHeaders": {
        "Cache-Control": [
          "no-cache"
        ],
        "Pragma": [
          "no-cache"
        ],
        "Strict-Transport-Security": [
          "max-age=31536000; includeSubDomains"
        ],
        "X-Content-Type-Options": [
          "nosniff"
        ],
        "Server": [
          "Microsoft-HTTPAPI/2.0,Microsoft-HTTPAPI/2.0 Microsoft-HTTPAPI/2.0"
        ],
        "x-ms-ratelimit-remaining-subscription-reads": [
          "11998"
        ],
        "x-ms-request-id": [
          "38d2c610-33c9-4128-9214-2f27c7f4c0ce"
        ],
        "x-ms-correlation-request-id": [
          "38d2c610-33c9-4128-9214-2f27c7f4c0ce"
        ],
        "x-ms-routing-request-id": [
          "WESTUS:20190813T072036Z:38d2c610-33c9-4128-9214-2f27c7f4c0ce"
        ],
        "Date": [
          "Tue, 13 Aug 2019 07:20:36 GMT"
        ],
        "Content-Length": [
          "2752"
        ],
        "Content-Type": [
          "application/json"
        ],
        "Expires": [
          "-1"
        ]
      },
      "ResponseBody": "{\r\n  \"type\": \"Microsoft.ServiceFabric/clusters\",\r\n  \"location\": \"southcentralus\",\r\n  \"id\": \"/subscriptions/b36cdf46-b75d-4dc2-9fe1-1296ee8c623d/resourcegroups/azurermsfrg/providers/Microsoft.ServiceFabric/clusters/azurermsfclustertest\",\r\n  \"name\": \"azurermsfclustertest\",\r\n  \"tags\": {},\r\n  \"etag\": \"W/\\\"637012313463019681\\\"\",\r\n  \"properties\": {\r\n    \"provisioningState\": \"Succeeded\",\r\n    \"clusterId\": \"79a83e1e-e100-4af4-b695-71d69e12f6a9\",\r\n    \"clusterCodeVersion\": \"6.5.658.9590\",\r\n    \"clusterState\": \"Ready\",\r\n    \"managementEndpoint\": \"https://azurermsfclustertest.southcentralus.cloudapp.azure.com:19080\",\r\n    \"clusterEndpoint\": \"https://warp-test-winfabrp-southcentralus.trafficmanager.net/runtime/clusters/79a83e1e-e100-4af4-b695-71d69e12f6a9\",\r\n    \"certificate\": {\r\n      \"thumbprint\": \"AE13E2C70571FC913F13F10D53CF88F68A66B655\",\r\n      \"thumbprintSecondary\": \"910AC565E683987971F34531A824284E3B936040\",\r\n      \"x509StoreName\": \"My\"\r\n    },\r\n    \"clientCertificateThumbprints\": [],\r\n    \"clientCertificateCommonNames\": [\r\n      {\r\n        \"certificateCommonName\": \"cn=AzureRMSFTestCert2\",\r\n        \"certificateIssuerThumbprint\": \"910AC565E683987971F34531A824284E3B936040\",\r\n        \"isAdmin\": false\r\n      }\r\n    ],\r\n    \"fabricSettings\": [\r\n      {\r\n        \"name\": \"Security\",\r\n        \"parameters\": [\r\n          {\r\n            \"name\": \"ClusterProtectionLevel\",\r\n            \"value\": \"EncryptAndSign\"\r\n          }\r\n        ]\r\n      },\r\n      {\r\n        \"name\": \"NamingService\",\r\n        \"parameters\": []\r\n      }\r\n    ],\r\n    \"vmImage\": \"Windows\",\r\n    \"reliabilityLevel\": \"Bronze\",\r\n    \"nodeTypes\": [\r\n      {\r\n        \"name\": \"nt1vm\",\r\n        \"vmInstanceCount\": 5,\r\n        \"clientConnectionEndpointPort\": 19000,\r\n        \"httpGatewayEndpointPort\": 19080,\r\n        \"applicationPorts\": {\r\n          \"startPort\": 20000,\r\n          \"endPort\": 30000\r\n        },\r\n        \"ephemeralPorts\": {\r\n          \"startPort\": 49152,\r\n          \"endPort\": 65534\r\n        },\r\n        \"isPrimary\": true,\r\n        \"durabilityLevel\": \"Bronze\"\r\n      }\r\n    ],\r\n    \"diagnosticsStorageAccountConfig\": {\r\n      \"storageAccountName\": \"movceivkf3yzy2\",\r\n      \"primaryAccessKey\": \"\",\r\n      \"secondaryAccessKey\": \"\",\r\n      \"protectedAccountKeyName\": \"StorageAccountKey1\",\r\n      \"blobEndpoint\": \"https://movceivkf3yzy2.blob.core.windows.net/\",\r\n      \"queueEndpoint\": \"https://movceivkf3yzy2.queue.core.windows.net/\",\r\n      \"tableEndpoint\": \"https://movceivkf3yzy2.table.core.windows.net/\"\r\n    },\r\n    \"upgradeMode\": \"Manual\",\r\n    \"addonFeatures\": [],\r\n    \"availableClusterVersions\": [\r\n      {\r\n        \"codeVersion\": \"6.5.658.9590\",\r\n        \"supportExpiryUtc\": \"9999-12-31T23:59:59.9999999\",\r\n        \"environment\": \"Windows\"\r\n      }\r\n    ]\r\n  }\r\n}",
      "StatusCode": 200
    },
    {
      "RequestUri": "/subscriptions/b36cdf46-b75d-4dc2-9fe1-1296ee8c623d/resourceGroups/azurermsfrg/providers/Microsoft.ServiceFabric/clusters/azurermsfclustertest?api-version=2019-03-01",
      "EncodedRequestUri": "L3N1YnNjcmlwdGlvbnMvYjM2Y2RmNDYtYjc1ZC00ZGMyLTlmZTEtMTI5NmVlOGM2MjNkL3Jlc291cmNlR3JvdXBzL2F6dXJlcm1zZnJnL3Byb3ZpZGVycy9NaWNyb3NvZnQuU2VydmljZUZhYnJpYy9jbHVzdGVycy9henVyZXJtc2ZjbHVzdGVydGVzdD9hcGktdmVyc2lvbj0yMDE5LTAzLTAx",
      "RequestMethod": "GET",
      "RequestBody": "",
      "RequestHeaders": {
        "User-Agent": [
          "FxVersion/4.6.27817.01",
          "OSName/Windows",
          "OSVersion/Microsoft.Windows.10.0.18362.",
          "Microsoft.Azure.Management.ServiceFabric.ServiceFabricManagementClient/1.2.0.0"
        ]
      },
      "ResponseHeaders": {
        "Cache-Control": [
          "no-cache"
        ],
        "Pragma": [
          "no-cache"
        ],
        "Strict-Transport-Security": [
          "max-age=31536000; includeSubDomains"
        ],
        "X-Content-Type-Options": [
          "nosniff"
        ],
        "Server": [
          "Microsoft-HTTPAPI/2.0,Microsoft-HTTPAPI/2.0 Microsoft-HTTPAPI/2.0"
        ],
        "x-ms-ratelimit-remaining-subscription-reads": [
          "11980"
        ],
        "x-ms-request-id": [
          "67139988-158d-4966-b28d-31b94ab5bf5c"
        ],
        "x-ms-correlation-request-id": [
          "67139988-158d-4966-b28d-31b94ab5bf5c"
        ],
        "x-ms-routing-request-id": [
          "WESTUS:20190813T072909Z:67139988-158d-4966-b28d-31b94ab5bf5c"
        ],
        "Date": [
          "Tue, 13 Aug 2019 07:29:09 GMT"
        ],
        "Content-Length": [
          "2559"
        ],
        "Content-Type": [
          "application/json"
        ],
        "Expires": [
          "-1"
        ]
      },
      "ResponseBody": "{\r\n  \"type\": \"Microsoft.ServiceFabric/clusters\",\r\n  \"location\": \"southcentralus\",\r\n  \"id\": \"/subscriptions/b36cdf46-b75d-4dc2-9fe1-1296ee8c623d/resourcegroups/azurermsfrg/providers/Microsoft.ServiceFabric/clusters/azurermsfclustertest\",\r\n  \"name\": \"azurermsfclustertest\",\r\n  \"tags\": {},\r\n  \"etag\": \"W/\\\"637012313463019682\\\"\",\r\n  \"properties\": {\r\n    \"provisioningState\": \"Succeeded\",\r\n    \"clusterId\": \"79a83e1e-e100-4af4-b695-71d69e12f6a9\",\r\n    \"clusterCodeVersion\": \"6.5.658.9590\",\r\n    \"clusterState\": \"Ready\",\r\n    \"managementEndpoint\": \"https://azurermsfclustertest.southcentralus.cloudapp.azure.com:19080\",\r\n    \"clusterEndpoint\": \"https://warp-test-winfabrp-southcentralus.trafficmanager.net/runtime/clusters/79a83e1e-e100-4af4-b695-71d69e12f6a9\",\r\n    \"certificate\": {\r\n      \"thumbprint\": \"AE13E2C70571FC913F13F10D53CF88F68A66B655\",\r\n      \"thumbprintSecondary\": \"910AC565E683987971F34531A824284E3B936040\",\r\n      \"x509StoreName\": \"My\"\r\n    },\r\n    \"clientCertificateThumbprints\": [],\r\n    \"clientCertificateCommonNames\": [],\r\n    \"fabricSettings\": [\r\n      {\r\n        \"name\": \"Security\",\r\n        \"parameters\": [\r\n          {\r\n            \"name\": \"ClusterProtectionLevel\",\r\n            \"value\": \"EncryptAndSign\"\r\n          }\r\n        ]\r\n      },\r\n      {\r\n        \"name\": \"NamingService\",\r\n        \"parameters\": []\r\n      }\r\n    ],\r\n    \"vmImage\": \"Windows\",\r\n    \"reliabilityLevel\": \"Bronze\",\r\n    \"nodeTypes\": [\r\n      {\r\n        \"name\": \"nt1vm\",\r\n        \"vmInstanceCount\": 5,\r\n        \"clientConnectionEndpointPort\": 19000,\r\n        \"httpGatewayEndpointPort\": 19080,\r\n        \"applicationPorts\": {\r\n          \"startPort\": 20000,\r\n          \"endPort\": 30000\r\n        },\r\n        \"ephemeralPorts\": {\r\n          \"startPort\": 49152,\r\n          \"endPort\": 65534\r\n        },\r\n        \"isPrimary\": true,\r\n        \"durabilityLevel\": \"Bronze\"\r\n      }\r\n    ],\r\n    \"diagnosticsStorageAccountConfig\": {\r\n      \"storageAccountName\": \"movceivkf3yzy2\",\r\n      \"primaryAccessKey\": \"\",\r\n      \"secondaryAccessKey\": \"\",\r\n      \"protectedAccountKeyName\": \"StorageAccountKey1\",\r\n      \"blobEndpoint\": \"https://movceivkf3yzy2.blob.core.windows.net/\",\r\n      \"queueEndpoint\": \"https://movceivkf3yzy2.queue.core.windows.net/\",\r\n      \"tableEndpoint\": \"https://movceivkf3yzy2.table.core.windows.net/\"\r\n    },\r\n    \"upgradeMode\": \"Manual\",\r\n    \"addonFeatures\": [],\r\n    \"availableClusterVersions\": [\r\n      {\r\n        \"codeVersion\": \"6.5.658.9590\",\r\n        \"supportExpiryUtc\": \"9999-12-31T23:59:59.9999999\",\r\n        \"environment\": \"Windows\"\r\n      }\r\n    ]\r\n  }\r\n}",
      "StatusCode": 200
    },
    {
      "RequestUri": "/subscriptions/b36cdf46-b75d-4dc2-9fe1-1296ee8c623d/resourceGroups/azurermsfrg/providers/Microsoft.ServiceFabric/clusters/azurermsfclustertest?api-version=2019-03-01",
      "EncodedRequestUri": "L3N1YnNjcmlwdGlvbnMvYjM2Y2RmNDYtYjc1ZC00ZGMyLTlmZTEtMTI5NmVlOGM2MjNkL3Jlc291cmNlR3JvdXBzL2F6dXJlcm1zZnJnL3Byb3ZpZGVycy9NaWNyb3NvZnQuU2VydmljZUZhYnJpYy9jbHVzdGVycy9henVyZXJtc2ZjbHVzdGVydGVzdD9hcGktdmVyc2lvbj0yMDE5LTAzLTAx",
      "RequestMethod": "GET",
      "RequestBody": "",
      "RequestHeaders": {
        "x-ms-client-request-id": [
          "d6bca4b0-5807-47ea-98c1-aeb7e96bb508"
        ],
        "Accept-Language": [
          "en-US"
        ],
        "User-Agent": [
          "FxVersion/4.6.27817.01",
          "OSName/Windows",
          "OSVersion/Microsoft.Windows.10.0.18362.",
          "Microsoft.Azure.Management.ServiceFabric.ServiceFabricManagementClient/1.2.0.0"
        ]
      },
      "ResponseHeaders": {
        "Cache-Control": [
          "no-cache"
        ],
        "Pragma": [
          "no-cache"
        ],
        "Strict-Transport-Security": [
          "max-age=31536000; includeSubDomains"
        ],
        "X-Content-Type-Options": [
          "nosniff"
        ],
        "Server": [
          "Microsoft-HTTPAPI/2.0,Microsoft-HTTPAPI/2.0 Microsoft-HTTPAPI/2.0"
        ],
        "x-ms-ratelimit-remaining-subscription-reads": [
          "11979"
        ],
        "x-ms-request-id": [
          "b3187ec7-15c5-4045-bb0b-983d2d0e23d1"
        ],
        "x-ms-correlation-request-id": [
          "b3187ec7-15c5-4045-bb0b-983d2d0e23d1"
        ],
        "x-ms-routing-request-id": [
          "WESTUS:20190813T072909Z:b3187ec7-15c5-4045-bb0b-983d2d0e23d1"
        ],
        "Date": [
          "Tue, 13 Aug 2019 07:29:09 GMT"
        ],
        "Content-Length": [
          "2559"
        ],
        "Content-Type": [
          "application/json"
        ],
        "Expires": [
          "-1"
        ]
      },
      "ResponseBody": "{\r\n  \"type\": \"Microsoft.ServiceFabric/clusters\",\r\n  \"location\": \"southcentralus\",\r\n  \"id\": \"/subscriptions/b36cdf46-b75d-4dc2-9fe1-1296ee8c623d/resourcegroups/azurermsfrg/providers/Microsoft.ServiceFabric/clusters/azurermsfclustertest\",\r\n  \"name\": \"azurermsfclustertest\",\r\n  \"tags\": {},\r\n  \"etag\": \"W/\\\"637012313463019682\\\"\",\r\n  \"properties\": {\r\n    \"provisioningState\": \"Succeeded\",\r\n    \"clusterId\": \"79a83e1e-e100-4af4-b695-71d69e12f6a9\",\r\n    \"clusterCodeVersion\": \"6.5.658.9590\",\r\n    \"clusterState\": \"Ready\",\r\n    \"managementEndpoint\": \"https://azurermsfclustertest.southcentralus.cloudapp.azure.com:19080\",\r\n    \"clusterEndpoint\": \"https://warp-test-winfabrp-southcentralus.trafficmanager.net/runtime/clusters/79a83e1e-e100-4af4-b695-71d69e12f6a9\",\r\n    \"certificate\": {\r\n      \"thumbprint\": \"AE13E2C70571FC913F13F10D53CF88F68A66B655\",\r\n      \"thumbprintSecondary\": \"910AC565E683987971F34531A824284E3B936040\",\r\n      \"x509StoreName\": \"My\"\r\n    },\r\n    \"clientCertificateThumbprints\": [],\r\n    \"clientCertificateCommonNames\": [],\r\n    \"fabricSettings\": [\r\n      {\r\n        \"name\": \"Security\",\r\n        \"parameters\": [\r\n          {\r\n            \"name\": \"ClusterProtectionLevel\",\r\n            \"value\": \"EncryptAndSign\"\r\n          }\r\n        ]\r\n      },\r\n      {\r\n        \"name\": \"NamingService\",\r\n        \"parameters\": []\r\n      }\r\n    ],\r\n    \"vmImage\": \"Windows\",\r\n    \"reliabilityLevel\": \"Bronze\",\r\n    \"nodeTypes\": [\r\n      {\r\n        \"name\": \"nt1vm\",\r\n        \"vmInstanceCount\": 5,\r\n        \"clientConnectionEndpointPort\": 19000,\r\n        \"httpGatewayEndpointPort\": 19080,\r\n        \"applicationPorts\": {\r\n          \"startPort\": 20000,\r\n          \"endPort\": 30000\r\n        },\r\n        \"ephemeralPorts\": {\r\n          \"startPort\": 49152,\r\n          \"endPort\": 65534\r\n        },\r\n        \"isPrimary\": true,\r\n        \"durabilityLevel\": \"Bronze\"\r\n      }\r\n    ],\r\n    \"diagnosticsStorageAccountConfig\": {\r\n      \"storageAccountName\": \"movceivkf3yzy2\",\r\n      \"primaryAccessKey\": \"\",\r\n      \"secondaryAccessKey\": \"\",\r\n      \"protectedAccountKeyName\": \"StorageAccountKey1\",\r\n      \"blobEndpoint\": \"https://movceivkf3yzy2.blob.core.windows.net/\",\r\n      \"queueEndpoint\": \"https://movceivkf3yzy2.queue.core.windows.net/\",\r\n      \"tableEndpoint\": \"https://movceivkf3yzy2.table.core.windows.net/\"\r\n    },\r\n    \"upgradeMode\": \"Manual\",\r\n    \"addonFeatures\": [],\r\n    \"availableClusterVersions\": [\r\n      {\r\n        \"codeVersion\": \"6.5.658.9590\",\r\n        \"supportExpiryUtc\": \"9999-12-31T23:59:59.9999999\",\r\n        \"environment\": \"Windows\"\r\n      }\r\n    ]\r\n  }\r\n}",
      "StatusCode": 200
    },
    {
      "RequestUri": "/subscriptions/b36cdf46-b75d-4dc2-9fe1-1296ee8c623d/resourceGroups/azurermsfrg/providers/Microsoft.ServiceFabric/clusters/azurermsfclustertest?api-version=2019-03-01",
      "EncodedRequestUri": "L3N1YnNjcmlwdGlvbnMvYjM2Y2RmNDYtYjc1ZC00ZGMyLTlmZTEtMTI5NmVlOGM2MjNkL3Jlc291cmNlR3JvdXBzL2F6dXJlcm1zZnJnL3Byb3ZpZGVycy9NaWNyb3NvZnQuU2VydmljZUZhYnJpYy9jbHVzdGVycy9henVyZXJtc2ZjbHVzdGVydGVzdD9hcGktdmVyc2lvbj0yMDE5LTAzLTAx",
      "RequestMethod": "PATCH",
      "RequestBody": "{\r\n  \"properties\": {\r\n    \"clientCertificateCommonNames\": [],\r\n    \"clientCertificateThumbprints\": []\r\n  }\r\n}",
      "RequestHeaders": {
        "x-ms-client-request-id": [
          "4fe541e8-2383-44a1-a1fb-7e1cd3e6cf2d"
        ],
        "Accept-Language": [
          "en-US"
        ],
        "User-Agent": [
          "FxVersion/4.6.27817.01",
          "OSName/Windows",
          "OSVersion/Microsoft.Windows.10.0.18362.",
          "Microsoft.Azure.Management.ServiceFabric.ServiceFabricManagementClient/1.2.0.0"
        ],
        "Content-Type": [
          "application/json; charset=utf-8"
        ],
        "Content-Length": [
          "109"
        ]
      },
      "ResponseHeaders": {
        "Cache-Control": [
          "no-cache"
        ],
        "Pragma": [
          "no-cache"
        ],
        "Location": [
          "https://management.azure.com/subscriptions/b36cdf46-b75d-4dc2-9fe1-1296ee8c623d/providers/Microsoft.ServiceFabric/locations/southcentralus/operationResults/cbe86538-e853-4927-ba9e-d80eeb378e6e?api-version=2019-03-01&Experiment=local"
        ],
        "Retry-After": [
          "30"
        ],
        "Azure-AsyncOperation": [
          "https://management.azure.com:443/subscriptions/b36cdf46-b75d-4dc2-9fe1-1296ee8c623d/providers/Microsoft.ServiceFabric/locations/southcentralus/operations/cbe86538-e853-4927-ba9e-d80eeb378e6e?api-version=2019-03-01&Experiment=local"
        ],
        "Strict-Transport-Security": [
          "max-age=31536000; includeSubDomains"
        ],
        "X-Content-Type-Options": [
          "nosniff"
        ],
        "Server": [
          "Microsoft-HTTPAPI/2.0,Microsoft-HTTPAPI/2.0 Microsoft-HTTPAPI/2.0 Microsoft-HTTPAPI/2.0"
        ],
        "x-ms-ratelimit-remaining-subscription-writes": [
          "1199"
        ],
        "x-ms-request-id": [
          "707b63df-5562-4e95-bc50-797686d9963e"
        ],
        "x-ms-correlation-request-id": [
          "707b63df-5562-4e95-bc50-797686d9963e"
        ],
        "x-ms-routing-request-id": [
          "WESTUS:20190813T072036Z:707b63df-5562-4e95-bc50-797686d9963e"
        ],
        "Date": [
          "Tue, 13 Aug 2019 07:20:36 GMT"
        ],
        "Content-Length": [
          "2771"
        ],
        "Content-Type": [
          "application/json"
        ],
        "Expires": [
          "-1"
        ]
      },
      "ResponseBody": "{\r\n  \"type\": \"Microsoft.ServiceFabric/clusters\",\r\n  \"location\": \"southcentralus\",\r\n  \"id\": \"/subscriptions/b36cdf46-b75d-4dc2-9fe1-1296ee8c623d/resourcegroups/azurermsfrg/providers/Microsoft.ServiceFabric/clusters/azurermsfclustertest\",\r\n  \"name\": \"azurermsfclustertest\",\r\n  \"tags\": {},\r\n  \"etag\": \"W/\\\"637012313463019682\\\"\",\r\n  \"properties\": {\r\n    \"provisioningState\": \"Updating\",\r\n    \"clusterId\": \"79a83e1e-e100-4af4-b695-71d69e12f6a9\",\r\n    \"clusterCodeVersion\": \"6.5.658.9590\",\r\n    \"clusterState\": \"UpdatingUserConfiguration\",\r\n    \"managementEndpoint\": \"https://azurermsfclustertest.southcentralus.cloudapp.azure.com:19080\",\r\n    \"clusterEndpoint\": \"https://warp-test-winfabrp-southcentralus.trafficmanager.net/runtime/clusters/79a83e1e-e100-4af4-b695-71d69e12f6a9\",\r\n    \"certificate\": {\r\n      \"thumbprint\": \"AE13E2C70571FC913F13F10D53CF88F68A66B655\",\r\n      \"thumbprintSecondary\": \"910AC565E683987971F34531A824284E3B936040\",\r\n      \"x509StoreName\": \"My\"\r\n    },\r\n    \"clientCertificateThumbprints\": [],\r\n    \"clientCertificateCommonNames\": [\r\n      {\r\n        \"certificateCommonName\": \"cn=AzureRMSFTestCert2\",\r\n        \"certificateIssuerThumbprint\": \"910AC565E683987971F34531A824284E3B936040\",\r\n        \"isAdmin\": false\r\n      }\r\n    ],\r\n    \"fabricSettings\": [\r\n      {\r\n        \"name\": \"Security\",\r\n        \"parameters\": [\r\n          {\r\n            \"name\": \"ClusterProtectionLevel\",\r\n            \"value\": \"EncryptAndSign\"\r\n          }\r\n        ]\r\n      },\r\n      {\r\n        \"name\": \"NamingService\",\r\n        \"parameters\": []\r\n      }\r\n    ],\r\n    \"vmImage\": \"Windows\",\r\n    \"reliabilityLevel\": \"Bronze\",\r\n    \"nodeTypes\": [\r\n      {\r\n        \"name\": \"nt1vm\",\r\n        \"vmInstanceCount\": 5,\r\n        \"clientConnectionEndpointPort\": 19000,\r\n        \"httpGatewayEndpointPort\": 19080,\r\n        \"applicationPorts\": {\r\n          \"startPort\": 20000,\r\n          \"endPort\": 30000\r\n        },\r\n        \"ephemeralPorts\": {\r\n          \"startPort\": 49152,\r\n          \"endPort\": 65534\r\n        },\r\n        \"isPrimary\": true,\r\n        \"durabilityLevel\": \"Bronze\"\r\n      }\r\n    ],\r\n    \"diagnosticsStorageAccountConfig\": {\r\n      \"storageAccountName\": \"movceivkf3yzy2\",\r\n      \"primaryAccessKey\": \"\",\r\n      \"secondaryAccessKey\": \"\",\r\n      \"protectedAccountKeyName\": \"StorageAccountKey1\",\r\n      \"blobEndpoint\": \"https://movceivkf3yzy2.blob.core.windows.net/\",\r\n      \"queueEndpoint\": \"https://movceivkf3yzy2.queue.core.windows.net/\",\r\n      \"tableEndpoint\": \"https://movceivkf3yzy2.table.core.windows.net/\"\r\n    },\r\n    \"upgradeMode\": \"Manual\",\r\n    \"addonFeatures\": [],\r\n    \"availableClusterVersions\": [\r\n      {\r\n        \"codeVersion\": \"6.5.658.9590\",\r\n        \"supportExpiryUtc\": \"9999-12-31T23:59:59.9999999\",\r\n        \"environment\": \"Windows\"\r\n      }\r\n    ]\r\n  }\r\n}",
      "StatusCode": 202
    },
    {
      "RequestUri": "/subscriptions/b36cdf46-b75d-4dc2-9fe1-1296ee8c623d/providers/Microsoft.ServiceFabric/locations/southcentralus/operations/cbe86538-e853-4927-ba9e-d80eeb378e6e?api-version=2019-03-01&Experiment=local",
      "EncodedRequestUri": "L3N1YnNjcmlwdGlvbnMvYjM2Y2RmNDYtYjc1ZC00ZGMyLTlmZTEtMTI5NmVlOGM2MjNkL3Byb3ZpZGVycy9NaWNyb3NvZnQuU2VydmljZUZhYnJpYy9sb2NhdGlvbnMvc291dGhjZW50cmFsdXMvb3BlcmF0aW9ucy9jYmU4NjUzOC1lODUzLTQ5MjctYmE5ZS1kODBlZWIzNzhlNmU/YXBpLXZlcnNpb249MjAxOS0wMy0wMSZFeHBlcmltZW50PWxvY2Fs",
      "RequestMethod": "GET",
      "RequestBody": "",
      "RequestHeaders": {
        "User-Agent": [
          "FxVersion/4.6.27817.01",
          "OSName/Windows",
          "OSVersion/Microsoft.Windows.10.0.18362.",
          "Microsoft.Azure.Management.ServiceFabric.ServiceFabricManagementClient/1.2.0.0"
        ]
      },
      "ResponseHeaders": {
        "Cache-Control": [
          "no-cache"
        ],
        "Pragma": [
          "no-cache"
        ],
        "Strict-Transport-Security": [
          "max-age=31536000; includeSubDomains"
        ],
        "X-Content-Type-Options": [
          "nosniff"
        ],
        "Server": [
          "Microsoft-HTTPAPI/2.0,Microsoft-HTTPAPI/2.0 Microsoft-HTTPAPI/2.0"
        ],
        "x-ms-ratelimit-remaining-subscription-reads": [
          "11997"
        ],
        "x-ms-request-id": [
          "f0274f3a-1b15-4497-9c93-490cc5cefa4d"
        ],
        "x-ms-correlation-request-id": [
          "f0274f3a-1b15-4497-9c93-490cc5cefa4d"
        ],
        "x-ms-routing-request-id": [
          "WESTUS:20190813T072107Z:f0274f3a-1b15-4497-9c93-490cc5cefa4d"
        ],
        "Date": [
          "Tue, 13 Aug 2019 07:21:06 GMT"
        ],
        "Content-Length": [
          "361"
        ],
        "Content-Type": [
          "application/json"
        ],
        "Expires": [
          "-1"
        ]
      },
      "ResponseBody": "{\r\n  \"id\": \"/subscriptions/b36cdf46-b75d-4dc2-9fe1-1296ee8c623d/providers/Microsoft.ServiceFabric/locations/southcentralus/operations/cbe86538-e853-4927-ba9e-d80eeb378e6e\",\r\n  \"name\": \"cbe86538-e853-4927-ba9e-d80eeb378e6e\",\r\n  \"status\": \"Created\",\r\n  \"startTime\": \"2019-08-13T07:20:36.7906431Z\",\r\n  \"endTime\": \"0001-01-01T00:00:00\",\r\n  \"percentComplete\": 0.0\r\n}",
      "StatusCode": 200
    },
    {
      "RequestUri": "/subscriptions/b36cdf46-b75d-4dc2-9fe1-1296ee8c623d/providers/Microsoft.ServiceFabric/locations/southcentralus/operations/cbe86538-e853-4927-ba9e-d80eeb378e6e?api-version=2019-03-01&Experiment=local",
      "EncodedRequestUri": "L3N1YnNjcmlwdGlvbnMvYjM2Y2RmNDYtYjc1ZC00ZGMyLTlmZTEtMTI5NmVlOGM2MjNkL3Byb3ZpZGVycy9NaWNyb3NvZnQuU2VydmljZUZhYnJpYy9sb2NhdGlvbnMvc291dGhjZW50cmFsdXMvb3BlcmF0aW9ucy9jYmU4NjUzOC1lODUzLTQ5MjctYmE5ZS1kODBlZWIzNzhlNmU/YXBpLXZlcnNpb249MjAxOS0wMy0wMSZFeHBlcmltZW50PWxvY2Fs",
      "RequestMethod": "GET",
      "RequestBody": "",
      "RequestHeaders": {
        "User-Agent": [
          "FxVersion/4.6.27817.01",
          "OSName/Windows",
          "OSVersion/Microsoft.Windows.10.0.18362.",
          "Microsoft.Azure.Management.ServiceFabric.ServiceFabricManagementClient/1.2.0.0"
        ]
      },
      "ResponseHeaders": {
        "Cache-Control": [
          "no-cache"
        ],
        "Pragma": [
          "no-cache"
        ],
        "Strict-Transport-Security": [
          "max-age=31536000; includeSubDomains"
        ],
        "X-Content-Type-Options": [
          "nosniff"
        ],
        "x-ms-ratelimit-remaining-subscription-reads": [
          "11996"
        ],
        "Server": [
          "Microsoft-HTTPAPI/2.0,Microsoft-HTTPAPI/2.0 Microsoft-HTTPAPI/2.0"
        ],
        "x-ms-request-id": [
          "38f38e3f-c134-438a-b6ed-8ff5e1142e4a"
        ],
        "x-ms-correlation-request-id": [
          "38f38e3f-c134-438a-b6ed-8ff5e1142e4a"
        ],
        "x-ms-routing-request-id": [
          "WESTUS:20190813T072137Z:38f38e3f-c134-438a-b6ed-8ff5e1142e4a"
        ],
        "Date": [
          "Tue, 13 Aug 2019 07:21:37 GMT"
        ],
        "Content-Length": [
          "361"
        ],
        "Content-Type": [
          "application/json"
        ],
        "Expires": [
          "-1"
        ]
      },
      "ResponseBody": "{\r\n  \"id\": \"/subscriptions/b36cdf46-b75d-4dc2-9fe1-1296ee8c623d/providers/Microsoft.ServiceFabric/locations/southcentralus/operations/cbe86538-e853-4927-ba9e-d80eeb378e6e\",\r\n  \"name\": \"cbe86538-e853-4927-ba9e-d80eeb378e6e\",\r\n  \"status\": \"Created\",\r\n  \"startTime\": \"2019-08-13T07:20:36.7906431Z\",\r\n  \"endTime\": \"0001-01-01T00:00:00\",\r\n  \"percentComplete\": 0.0\r\n}",
      "StatusCode": 200
    },
    {
      "RequestUri": "/subscriptions/b36cdf46-b75d-4dc2-9fe1-1296ee8c623d/providers/Microsoft.ServiceFabric/locations/southcentralus/operations/cbe86538-e853-4927-ba9e-d80eeb378e6e?api-version=2019-03-01&Experiment=local",
      "EncodedRequestUri": "L3N1YnNjcmlwdGlvbnMvYjM2Y2RmNDYtYjc1ZC00ZGMyLTlmZTEtMTI5NmVlOGM2MjNkL3Byb3ZpZGVycy9NaWNyb3NvZnQuU2VydmljZUZhYnJpYy9sb2NhdGlvbnMvc291dGhjZW50cmFsdXMvb3BlcmF0aW9ucy9jYmU4NjUzOC1lODUzLTQ5MjctYmE5ZS1kODBlZWIzNzhlNmU/YXBpLXZlcnNpb249MjAxOS0wMy0wMSZFeHBlcmltZW50PWxvY2Fs",
      "RequestMethod": "GET",
      "RequestBody": "",
      "RequestHeaders": {
        "User-Agent": [
          "FxVersion/4.6.27817.01",
          "OSName/Windows",
          "OSVersion/Microsoft.Windows.10.0.18362.",
          "Microsoft.Azure.Management.ServiceFabric.ServiceFabricManagementClient/1.2.0.0"
        ]
      },
      "ResponseHeaders": {
        "Cache-Control": [
          "no-cache"
        ],
        "Pragma": [
          "no-cache"
        ],
        "Strict-Transport-Security": [
          "max-age=31536000; includeSubDomains"
        ],
        "X-Content-Type-Options": [
          "nosniff"
        ],
        "Server": [
          "Microsoft-HTTPAPI/2.0,Microsoft-HTTPAPI/2.0 Microsoft-HTTPAPI/2.0"
        ],
        "x-ms-ratelimit-remaining-subscription-reads": [
          "11995"
        ],
        "x-ms-request-id": [
          "ea28cf0e-4959-4f3b-bff2-f3aa35773287"
        ],
        "x-ms-correlation-request-id": [
          "ea28cf0e-4959-4f3b-bff2-f3aa35773287"
        ],
        "x-ms-routing-request-id": [
          "WESTUS:20190813T072207Z:ea28cf0e-4959-4f3b-bff2-f3aa35773287"
        ],
        "Date": [
          "Tue, 13 Aug 2019 07:22:06 GMT"
        ],
        "Content-Length": [
          "361"
        ],
        "Content-Type": [
          "application/json"
        ],
        "Expires": [
          "-1"
        ]
      },
      "ResponseBody": "{\r\n  \"id\": \"/subscriptions/b36cdf46-b75d-4dc2-9fe1-1296ee8c623d/providers/Microsoft.ServiceFabric/locations/southcentralus/operations/cbe86538-e853-4927-ba9e-d80eeb378e6e\",\r\n  \"name\": \"cbe86538-e853-4927-ba9e-d80eeb378e6e\",\r\n  \"status\": \"Created\",\r\n  \"startTime\": \"2019-08-13T07:20:36.7906431Z\",\r\n  \"endTime\": \"0001-01-01T00:00:00\",\r\n  \"percentComplete\": 0.0\r\n}",
      "StatusCode": 200
    },
    {
      "RequestUri": "/subscriptions/b36cdf46-b75d-4dc2-9fe1-1296ee8c623d/providers/Microsoft.ServiceFabric/locations/southcentralus/operations/cbe86538-e853-4927-ba9e-d80eeb378e6e?api-version=2019-03-01&Experiment=local",
      "EncodedRequestUri": "L3N1YnNjcmlwdGlvbnMvYjM2Y2RmNDYtYjc1ZC00ZGMyLTlmZTEtMTI5NmVlOGM2MjNkL3Byb3ZpZGVycy9NaWNyb3NvZnQuU2VydmljZUZhYnJpYy9sb2NhdGlvbnMvc291dGhjZW50cmFsdXMvb3BlcmF0aW9ucy9jYmU4NjUzOC1lODUzLTQ5MjctYmE5ZS1kODBlZWIzNzhlNmU/YXBpLXZlcnNpb249MjAxOS0wMy0wMSZFeHBlcmltZW50PWxvY2Fs",
      "RequestMethod": "GET",
      "RequestBody": "",
      "RequestHeaders": {
        "User-Agent": [
          "FxVersion/4.6.27817.01",
          "OSName/Windows",
          "OSVersion/Microsoft.Windows.10.0.18362.",
          "Microsoft.Azure.Management.ServiceFabric.ServiceFabricManagementClient/1.2.0.0"
        ]
      },
      "ResponseHeaders": {
        "Cache-Control": [
          "no-cache"
        ],
        "Pragma": [
          "no-cache"
        ],
        "Strict-Transport-Security": [
          "max-age=31536000; includeSubDomains"
        ],
        "X-Content-Type-Options": [
          "nosniff"
        ],
        "Server": [
          "Microsoft-HTTPAPI/2.0,Microsoft-HTTPAPI/2.0 Microsoft-HTTPAPI/2.0"
        ],
        "x-ms-ratelimit-remaining-subscription-reads": [
          "11994"
        ],
        "x-ms-request-id": [
          "d81b8e82-6369-4593-8485-f020b28b0a6e"
        ],
        "x-ms-correlation-request-id": [
          "d81b8e82-6369-4593-8485-f020b28b0a6e"
        ],
        "x-ms-routing-request-id": [
          "WESTUS:20190813T072237Z:d81b8e82-6369-4593-8485-f020b28b0a6e"
        ],
        "Date": [
          "Tue, 13 Aug 2019 07:22:37 GMT"
        ],
        "Content-Length": [
          "361"
        ],
        "Content-Type": [
          "application/json"
        ],
        "Expires": [
          "-1"
        ]
      },
      "ResponseBody": "{\r\n  \"id\": \"/subscriptions/b36cdf46-b75d-4dc2-9fe1-1296ee8c623d/providers/Microsoft.ServiceFabric/locations/southcentralus/operations/cbe86538-e853-4927-ba9e-d80eeb378e6e\",\r\n  \"name\": \"cbe86538-e853-4927-ba9e-d80eeb378e6e\",\r\n  \"status\": \"Created\",\r\n  \"startTime\": \"2019-08-13T07:20:36.7906431Z\",\r\n  \"endTime\": \"0001-01-01T00:00:00\",\r\n  \"percentComplete\": 0.0\r\n}",
      "StatusCode": 200
    },
    {
      "RequestUri": "/subscriptions/b36cdf46-b75d-4dc2-9fe1-1296ee8c623d/providers/Microsoft.ServiceFabric/locations/southcentralus/operations/cbe86538-e853-4927-ba9e-d80eeb378e6e?api-version=2019-03-01&Experiment=local",
      "EncodedRequestUri": "L3N1YnNjcmlwdGlvbnMvYjM2Y2RmNDYtYjc1ZC00ZGMyLTlmZTEtMTI5NmVlOGM2MjNkL3Byb3ZpZGVycy9NaWNyb3NvZnQuU2VydmljZUZhYnJpYy9sb2NhdGlvbnMvc291dGhjZW50cmFsdXMvb3BlcmF0aW9ucy9jYmU4NjUzOC1lODUzLTQ5MjctYmE5ZS1kODBlZWIzNzhlNmU/YXBpLXZlcnNpb249MjAxOS0wMy0wMSZFeHBlcmltZW50PWxvY2Fs",
      "RequestMethod": "GET",
      "RequestBody": "",
      "RequestHeaders": {
        "User-Agent": [
          "FxVersion/4.6.27817.01",
          "OSName/Windows",
          "OSVersion/Microsoft.Windows.10.0.18362.",
          "Microsoft.Azure.Management.ServiceFabric.ServiceFabricManagementClient/1.2.0.0"
        ]
      },
      "ResponseHeaders": {
        "Cache-Control": [
          "no-cache"
        ],
        "Pragma": [
          "no-cache"
        ],
        "Strict-Transport-Security": [
          "max-age=31536000; includeSubDomains"
        ],
        "X-Content-Type-Options": [
          "nosniff"
        ],
        "x-ms-ratelimit-remaining-subscription-reads": [
          "11993"
        ],
        "Server": [
          "Microsoft-HTTPAPI/2.0,Microsoft-HTTPAPI/2.0 Microsoft-HTTPAPI/2.0"
        ],
        "x-ms-request-id": [
          "006a268f-eaff-4658-a1d2-abb44a0ec083"
        ],
        "x-ms-correlation-request-id": [
          "006a268f-eaff-4658-a1d2-abb44a0ec083"
        ],
        "x-ms-routing-request-id": [
          "WESTUS:20190813T072307Z:006a268f-eaff-4658-a1d2-abb44a0ec083"
        ],
        "Date": [
          "Tue, 13 Aug 2019 07:23:07 GMT"
        ],
        "Content-Length": [
          "361"
        ],
        "Content-Type": [
          "application/json"
        ],
        "Expires": [
          "-1"
        ]
      },
      "ResponseBody": "{\r\n  \"id\": \"/subscriptions/b36cdf46-b75d-4dc2-9fe1-1296ee8c623d/providers/Microsoft.ServiceFabric/locations/southcentralus/operations/cbe86538-e853-4927-ba9e-d80eeb378e6e\",\r\n  \"name\": \"cbe86538-e853-4927-ba9e-d80eeb378e6e\",\r\n  \"status\": \"Created\",\r\n  \"startTime\": \"2019-08-13T07:20:36.7906431Z\",\r\n  \"endTime\": \"0001-01-01T00:00:00\",\r\n  \"percentComplete\": 0.0\r\n}",
      "StatusCode": 200
    },
    {
      "RequestUri": "/subscriptions/b36cdf46-b75d-4dc2-9fe1-1296ee8c623d/providers/Microsoft.ServiceFabric/locations/southcentralus/operations/cbe86538-e853-4927-ba9e-d80eeb378e6e?api-version=2019-03-01&Experiment=local",
      "EncodedRequestUri": "L3N1YnNjcmlwdGlvbnMvYjM2Y2RmNDYtYjc1ZC00ZGMyLTlmZTEtMTI5NmVlOGM2MjNkL3Byb3ZpZGVycy9NaWNyb3NvZnQuU2VydmljZUZhYnJpYy9sb2NhdGlvbnMvc291dGhjZW50cmFsdXMvb3BlcmF0aW9ucy9jYmU4NjUzOC1lODUzLTQ5MjctYmE5ZS1kODBlZWIzNzhlNmU/YXBpLXZlcnNpb249MjAxOS0wMy0wMSZFeHBlcmltZW50PWxvY2Fs",
      "RequestMethod": "GET",
      "RequestBody": "",
      "RequestHeaders": {
        "User-Agent": [
          "FxVersion/4.6.27817.01",
          "OSName/Windows",
          "OSVersion/Microsoft.Windows.10.0.18362.",
          "Microsoft.Azure.Management.ServiceFabric.ServiceFabricManagementClient/1.2.0.0"
        ]
      },
      "ResponseHeaders": {
        "Cache-Control": [
          "no-cache"
        ],
        "Pragma": [
          "no-cache"
        ],
        "Strict-Transport-Security": [
          "max-age=31536000; includeSubDomains"
        ],
        "X-Content-Type-Options": [
          "nosniff"
        ],
        "Server": [
          "Microsoft-HTTPAPI/2.0,Microsoft-HTTPAPI/2.0 Microsoft-HTTPAPI/2.0"
        ],
        "x-ms-ratelimit-remaining-subscription-reads": [
          "11992"
        ],
        "x-ms-request-id": [
          "f3b07404-5129-40b0-b894-a7bb7b20fa2d"
        ],
        "x-ms-correlation-request-id": [
          "f3b07404-5129-40b0-b894-a7bb7b20fa2d"
        ],
        "x-ms-routing-request-id": [
          "WESTUS:20190813T072337Z:f3b07404-5129-40b0-b894-a7bb7b20fa2d"
        ],
        "Date": [
          "Tue, 13 Aug 2019 07:23:37 GMT"
        ],
        "Content-Length": [
          "361"
        ],
        "Content-Type": [
          "application/json"
        ],
        "Expires": [
          "-1"
        ]
      },
      "ResponseBody": "{\r\n  \"id\": \"/subscriptions/b36cdf46-b75d-4dc2-9fe1-1296ee8c623d/providers/Microsoft.ServiceFabric/locations/southcentralus/operations/cbe86538-e853-4927-ba9e-d80eeb378e6e\",\r\n  \"name\": \"cbe86538-e853-4927-ba9e-d80eeb378e6e\",\r\n  \"status\": \"Created\",\r\n  \"startTime\": \"2019-08-13T07:20:36.7906431Z\",\r\n  \"endTime\": \"0001-01-01T00:00:00\",\r\n  \"percentComplete\": 0.0\r\n}",
      "StatusCode": 200
    },
    {
      "RequestUri": "/subscriptions/b36cdf46-b75d-4dc2-9fe1-1296ee8c623d/providers/Microsoft.ServiceFabric/locations/southcentralus/operations/cbe86538-e853-4927-ba9e-d80eeb378e6e?api-version=2019-03-01&Experiment=local",
      "EncodedRequestUri": "L3N1YnNjcmlwdGlvbnMvYjM2Y2RmNDYtYjc1ZC00ZGMyLTlmZTEtMTI5NmVlOGM2MjNkL3Byb3ZpZGVycy9NaWNyb3NvZnQuU2VydmljZUZhYnJpYy9sb2NhdGlvbnMvc291dGhjZW50cmFsdXMvb3BlcmF0aW9ucy9jYmU4NjUzOC1lODUzLTQ5MjctYmE5ZS1kODBlZWIzNzhlNmU/YXBpLXZlcnNpb249MjAxOS0wMy0wMSZFeHBlcmltZW50PWxvY2Fs",
      "RequestMethod": "GET",
      "RequestBody": "",
      "RequestHeaders": {
        "User-Agent": [
          "FxVersion/4.6.27817.01",
          "OSName/Windows",
          "OSVersion/Microsoft.Windows.10.0.18362.",
          "Microsoft.Azure.Management.ServiceFabric.ServiceFabricManagementClient/1.2.0.0"
        ]
      },
      "ResponseHeaders": {
        "Cache-Control": [
          "no-cache"
        ],
        "Pragma": [
          "no-cache"
        ],
        "Strict-Transport-Security": [
          "max-age=31536000; includeSubDomains"
        ],
        "X-Content-Type-Options": [
          "nosniff"
        ],
        "Server": [
          "Microsoft-HTTPAPI/2.0,Microsoft-HTTPAPI/2.0 Microsoft-HTTPAPI/2.0"
        ],
        "x-ms-ratelimit-remaining-subscription-reads": [
          "11991"
        ],
        "x-ms-request-id": [
          "95ce1675-ccd2-49c8-8bda-9274231bb63b"
        ],
        "x-ms-correlation-request-id": [
          "95ce1675-ccd2-49c8-8bda-9274231bb63b"
        ],
        "x-ms-routing-request-id": [
          "WESTUS:20190813T072407Z:95ce1675-ccd2-49c8-8bda-9274231bb63b"
        ],
        "Date": [
          "Tue, 13 Aug 2019 07:24:07 GMT"
        ],
        "Content-Length": [
          "361"
        ],
        "Content-Type": [
          "application/json"
        ],
        "Expires": [
          "-1"
        ]
      },
      "ResponseBody": "{\r\n  \"id\": \"/subscriptions/b36cdf46-b75d-4dc2-9fe1-1296ee8c623d/providers/Microsoft.ServiceFabric/locations/southcentralus/operations/cbe86538-e853-4927-ba9e-d80eeb378e6e\",\r\n  \"name\": \"cbe86538-e853-4927-ba9e-d80eeb378e6e\",\r\n  \"status\": \"Created\",\r\n  \"startTime\": \"2019-08-13T07:20:36.7906431Z\",\r\n  \"endTime\": \"0001-01-01T00:00:00\",\r\n  \"percentComplete\": 0.0\r\n}",
      "StatusCode": 200
    },
    {
      "RequestUri": "/subscriptions/b36cdf46-b75d-4dc2-9fe1-1296ee8c623d/providers/Microsoft.ServiceFabric/locations/southcentralus/operations/cbe86538-e853-4927-ba9e-d80eeb378e6e?api-version=2019-03-01&Experiment=local",
      "EncodedRequestUri": "L3N1YnNjcmlwdGlvbnMvYjM2Y2RmNDYtYjc1ZC00ZGMyLTlmZTEtMTI5NmVlOGM2MjNkL3Byb3ZpZGVycy9NaWNyb3NvZnQuU2VydmljZUZhYnJpYy9sb2NhdGlvbnMvc291dGhjZW50cmFsdXMvb3BlcmF0aW9ucy9jYmU4NjUzOC1lODUzLTQ5MjctYmE5ZS1kODBlZWIzNzhlNmU/YXBpLXZlcnNpb249MjAxOS0wMy0wMSZFeHBlcmltZW50PWxvY2Fs",
      "RequestMethod": "GET",
      "RequestBody": "",
      "RequestHeaders": {
        "User-Agent": [
          "FxVersion/4.6.27817.01",
          "OSName/Windows",
          "OSVersion/Microsoft.Windows.10.0.18362.",
          "Microsoft.Azure.Management.ServiceFabric.ServiceFabricManagementClient/1.2.0.0"
        ]
      },
      "ResponseHeaders": {
        "Cache-Control": [
          "no-cache"
        ],
        "Pragma": [
          "no-cache"
        ],
        "Strict-Transport-Security": [
          "max-age=31536000; includeSubDomains"
        ],
        "X-Content-Type-Options": [
          "nosniff"
        ],
        "x-ms-ratelimit-remaining-subscription-reads": [
          "11990"
        ],
        "Server": [
          "Microsoft-HTTPAPI/2.0,Microsoft-HTTPAPI/2.0 Microsoft-HTTPAPI/2.0"
        ],
        "x-ms-request-id": [
          "c172bbaa-c064-4b7c-87d2-8e0b08c701bd"
        ],
        "x-ms-correlation-request-id": [
          "c172bbaa-c064-4b7c-87d2-8e0b08c701bd"
        ],
        "x-ms-routing-request-id": [
          "WESTUS:20190813T072437Z:c172bbaa-c064-4b7c-87d2-8e0b08c701bd"
        ],
        "Date": [
          "Tue, 13 Aug 2019 07:24:37 GMT"
        ],
        "Content-Length": [
          "361"
        ],
        "Content-Type": [
          "application/json"
        ],
        "Expires": [
          "-1"
        ]
      },
      "ResponseBody": "{\r\n  \"id\": \"/subscriptions/b36cdf46-b75d-4dc2-9fe1-1296ee8c623d/providers/Microsoft.ServiceFabric/locations/southcentralus/operations/cbe86538-e853-4927-ba9e-d80eeb378e6e\",\r\n  \"name\": \"cbe86538-e853-4927-ba9e-d80eeb378e6e\",\r\n  \"status\": \"Created\",\r\n  \"startTime\": \"2019-08-13T07:20:36.7906431Z\",\r\n  \"endTime\": \"0001-01-01T00:00:00\",\r\n  \"percentComplete\": 0.0\r\n}",
      "StatusCode": 200
    },
    {
      "RequestUri": "/subscriptions/b36cdf46-b75d-4dc2-9fe1-1296ee8c623d/providers/Microsoft.ServiceFabric/locations/southcentralus/operations/cbe86538-e853-4927-ba9e-d80eeb378e6e?api-version=2019-03-01&Experiment=local",
      "EncodedRequestUri": "L3N1YnNjcmlwdGlvbnMvYjM2Y2RmNDYtYjc1ZC00ZGMyLTlmZTEtMTI5NmVlOGM2MjNkL3Byb3ZpZGVycy9NaWNyb3NvZnQuU2VydmljZUZhYnJpYy9sb2NhdGlvbnMvc291dGhjZW50cmFsdXMvb3BlcmF0aW9ucy9jYmU4NjUzOC1lODUzLTQ5MjctYmE5ZS1kODBlZWIzNzhlNmU/YXBpLXZlcnNpb249MjAxOS0wMy0wMSZFeHBlcmltZW50PWxvY2Fs",
      "RequestMethod": "GET",
      "RequestBody": "",
      "RequestHeaders": {
        "User-Agent": [
          "FxVersion/4.6.27817.01",
          "OSName/Windows",
          "OSVersion/Microsoft.Windows.10.0.18362.",
          "Microsoft.Azure.Management.ServiceFabric.ServiceFabricManagementClient/1.2.0.0"
        ]
      },
      "ResponseHeaders": {
        "Cache-Control": [
          "no-cache"
        ],
        "Pragma": [
          "no-cache"
        ],
        "Strict-Transport-Security": [
          "max-age=31536000; includeSubDomains"
        ],
        "X-Content-Type-Options": [
          "nosniff"
        ],
        "Server": [
          "Microsoft-HTTPAPI/2.0,Microsoft-HTTPAPI/2.0 Microsoft-HTTPAPI/2.0"
        ],
        "x-ms-ratelimit-remaining-subscription-reads": [
          "11989"
        ],
        "x-ms-request-id": [
          "2ee03796-652d-4599-b399-ef13dadf38fe"
        ],
        "x-ms-correlation-request-id": [
          "2ee03796-652d-4599-b399-ef13dadf38fe"
        ],
        "x-ms-routing-request-id": [
          "WESTUS:20190813T072508Z:2ee03796-652d-4599-b399-ef13dadf38fe"
        ],
        "Date": [
          "Tue, 13 Aug 2019 07:25:07 GMT"
        ],
        "Content-Length": [
          "361"
        ],
        "Content-Type": [
          "application/json"
        ],
        "Expires": [
          "-1"
        ]
      },
      "ResponseBody": "{\r\n  \"id\": \"/subscriptions/b36cdf46-b75d-4dc2-9fe1-1296ee8c623d/providers/Microsoft.ServiceFabric/locations/southcentralus/operations/cbe86538-e853-4927-ba9e-d80eeb378e6e\",\r\n  \"name\": \"cbe86538-e853-4927-ba9e-d80eeb378e6e\",\r\n  \"status\": \"Created\",\r\n  \"startTime\": \"2019-08-13T07:20:36.7906431Z\",\r\n  \"endTime\": \"0001-01-01T00:00:00\",\r\n  \"percentComplete\": 0.0\r\n}",
      "StatusCode": 200
    },
    {
      "RequestUri": "/subscriptions/b36cdf46-b75d-4dc2-9fe1-1296ee8c623d/providers/Microsoft.ServiceFabric/locations/southcentralus/operations/cbe86538-e853-4927-ba9e-d80eeb378e6e?api-version=2019-03-01&Experiment=local",
      "EncodedRequestUri": "L3N1YnNjcmlwdGlvbnMvYjM2Y2RmNDYtYjc1ZC00ZGMyLTlmZTEtMTI5NmVlOGM2MjNkL3Byb3ZpZGVycy9NaWNyb3NvZnQuU2VydmljZUZhYnJpYy9sb2NhdGlvbnMvc291dGhjZW50cmFsdXMvb3BlcmF0aW9ucy9jYmU4NjUzOC1lODUzLTQ5MjctYmE5ZS1kODBlZWIzNzhlNmU/YXBpLXZlcnNpb249MjAxOS0wMy0wMSZFeHBlcmltZW50PWxvY2Fs",
      "RequestMethod": "GET",
      "RequestBody": "",
      "RequestHeaders": {
        "User-Agent": [
          "FxVersion/4.6.27817.01",
          "OSName/Windows",
          "OSVersion/Microsoft.Windows.10.0.18362.",
          "Microsoft.Azure.Management.ServiceFabric.ServiceFabricManagementClient/1.2.0.0"
        ]
      },
      "ResponseHeaders": {
        "Cache-Control": [
          "no-cache"
        ],
        "Pragma": [
          "no-cache"
        ],
        "Strict-Transport-Security": [
          "max-age=31536000; includeSubDomains"
        ],
        "X-Content-Type-Options": [
          "nosniff"
        ],
        "Server": [
          "Microsoft-HTTPAPI/2.0,Microsoft-HTTPAPI/2.0 Microsoft-HTTPAPI/2.0"
        ],
        "x-ms-ratelimit-remaining-subscription-reads": [
          "11988"
        ],
        "x-ms-request-id": [
          "6c1228ff-83d9-4aaf-9be4-cc7908def8d3"
        ],
        "x-ms-correlation-request-id": [
          "6c1228ff-83d9-4aaf-9be4-cc7908def8d3"
        ],
        "x-ms-routing-request-id": [
          "WESTUS:20190813T072538Z:6c1228ff-83d9-4aaf-9be4-cc7908def8d3"
        ],
        "Date": [
          "Tue, 13 Aug 2019 07:25:38 GMT"
        ],
        "Content-Length": [
          "361"
        ],
        "Content-Type": [
          "application/json"
        ],
        "Expires": [
          "-1"
        ]
      },
      "ResponseBody": "{\r\n  \"id\": \"/subscriptions/b36cdf46-b75d-4dc2-9fe1-1296ee8c623d/providers/Microsoft.ServiceFabric/locations/southcentralus/operations/cbe86538-e853-4927-ba9e-d80eeb378e6e\",\r\n  \"name\": \"cbe86538-e853-4927-ba9e-d80eeb378e6e\",\r\n  \"status\": \"Created\",\r\n  \"startTime\": \"2019-08-13T07:20:36.7906431Z\",\r\n  \"endTime\": \"0001-01-01T00:00:00\",\r\n  \"percentComplete\": 0.0\r\n}",
      "StatusCode": 200
    },
    {
      "RequestUri": "/subscriptions/b36cdf46-b75d-4dc2-9fe1-1296ee8c623d/providers/Microsoft.ServiceFabric/locations/southcentralus/operations/cbe86538-e853-4927-ba9e-d80eeb378e6e?api-version=2019-03-01&Experiment=local",
      "EncodedRequestUri": "L3N1YnNjcmlwdGlvbnMvYjM2Y2RmNDYtYjc1ZC00ZGMyLTlmZTEtMTI5NmVlOGM2MjNkL3Byb3ZpZGVycy9NaWNyb3NvZnQuU2VydmljZUZhYnJpYy9sb2NhdGlvbnMvc291dGhjZW50cmFsdXMvb3BlcmF0aW9ucy9jYmU4NjUzOC1lODUzLTQ5MjctYmE5ZS1kODBlZWIzNzhlNmU/YXBpLXZlcnNpb249MjAxOS0wMy0wMSZFeHBlcmltZW50PWxvY2Fs",
      "RequestMethod": "GET",
      "RequestBody": "",
      "RequestHeaders": {
        "User-Agent": [
          "FxVersion/4.6.27817.01",
          "OSName/Windows",
          "OSVersion/Microsoft.Windows.10.0.18362.",
          "Microsoft.Azure.Management.ServiceFabric.ServiceFabricManagementClient/1.2.0.0"
        ]
      },
      "ResponseHeaders": {
        "Cache-Control": [
          "no-cache"
        ],
        "Pragma": [
          "no-cache"
        ],
        "Strict-Transport-Security": [
          "max-age=31536000; includeSubDomains"
        ],
        "X-Content-Type-Options": [
          "nosniff"
        ],
        "x-ms-ratelimit-remaining-subscription-reads": [
          "11987"
        ],
        "Server": [
          "Microsoft-HTTPAPI/2.0,Microsoft-HTTPAPI/2.0 Microsoft-HTTPAPI/2.0"
        ],
        "x-ms-request-id": [
          "6ca320b3-4f88-4cc7-b7b6-cb5125bc24cf"
        ],
        "x-ms-correlation-request-id": [
          "6ca320b3-4f88-4cc7-b7b6-cb5125bc24cf"
        ],
        "x-ms-routing-request-id": [
          "WESTUS:20190813T072608Z:6ca320b3-4f88-4cc7-b7b6-cb5125bc24cf"
        ],
        "Date": [
          "Tue, 13 Aug 2019 07:26:07 GMT"
        ],
        "Content-Length": [
          "361"
        ],
        "Content-Type": [
          "application/json"
        ],
        "Expires": [
          "-1"
        ]
      },
      "ResponseBody": "{\r\n  \"id\": \"/subscriptions/b36cdf46-b75d-4dc2-9fe1-1296ee8c623d/providers/Microsoft.ServiceFabric/locations/southcentralus/operations/cbe86538-e853-4927-ba9e-d80eeb378e6e\",\r\n  \"name\": \"cbe86538-e853-4927-ba9e-d80eeb378e6e\",\r\n  \"status\": \"Created\",\r\n  \"startTime\": \"2019-08-13T07:20:36.7906431Z\",\r\n  \"endTime\": \"0001-01-01T00:00:00\",\r\n  \"percentComplete\": 0.0\r\n}",
      "StatusCode": 200
    },
    {
      "RequestUri": "/subscriptions/b36cdf46-b75d-4dc2-9fe1-1296ee8c623d/providers/Microsoft.ServiceFabric/locations/southcentralus/operations/cbe86538-e853-4927-ba9e-d80eeb378e6e?api-version=2019-03-01&Experiment=local",
      "EncodedRequestUri": "L3N1YnNjcmlwdGlvbnMvYjM2Y2RmNDYtYjc1ZC00ZGMyLTlmZTEtMTI5NmVlOGM2MjNkL3Byb3ZpZGVycy9NaWNyb3NvZnQuU2VydmljZUZhYnJpYy9sb2NhdGlvbnMvc291dGhjZW50cmFsdXMvb3BlcmF0aW9ucy9jYmU4NjUzOC1lODUzLTQ5MjctYmE5ZS1kODBlZWIzNzhlNmU/YXBpLXZlcnNpb249MjAxOS0wMy0wMSZFeHBlcmltZW50PWxvY2Fs",
      "RequestMethod": "GET",
      "RequestBody": "",
      "RequestHeaders": {
        "User-Agent": [
          "FxVersion/4.6.27817.01",
          "OSName/Windows",
          "OSVersion/Microsoft.Windows.10.0.18362.",
          "Microsoft.Azure.Management.ServiceFabric.ServiceFabricManagementClient/1.2.0.0"
        ]
      },
      "ResponseHeaders": {
        "Cache-Control": [
          "no-cache"
        ],
        "Pragma": [
          "no-cache"
        ],
        "Strict-Transport-Security": [
          "max-age=31536000; includeSubDomains"
        ],
        "X-Content-Type-Options": [
          "nosniff"
        ],
        "Server": [
          "Microsoft-HTTPAPI/2.0,Microsoft-HTTPAPI/2.0 Microsoft-HTTPAPI/2.0"
        ],
        "x-ms-ratelimit-remaining-subscription-reads": [
          "11986"
        ],
        "x-ms-request-id": [
          "45778276-f11e-4650-b05a-09d0cd2f1af6"
        ],
        "x-ms-correlation-request-id": [
          "45778276-f11e-4650-b05a-09d0cd2f1af6"
        ],
        "x-ms-routing-request-id": [
          "WESTUS:20190813T072638Z:45778276-f11e-4650-b05a-09d0cd2f1af6"
        ],
        "Date": [
          "Tue, 13 Aug 2019 07:26:37 GMT"
        ],
        "Content-Length": [
          "361"
        ],
        "Content-Type": [
          "application/json"
        ],
        "Expires": [
          "-1"
        ]
      },
      "ResponseBody": "{\r\n  \"id\": \"/subscriptions/b36cdf46-b75d-4dc2-9fe1-1296ee8c623d/providers/Microsoft.ServiceFabric/locations/southcentralus/operations/cbe86538-e853-4927-ba9e-d80eeb378e6e\",\r\n  \"name\": \"cbe86538-e853-4927-ba9e-d80eeb378e6e\",\r\n  \"status\": \"Created\",\r\n  \"startTime\": \"2019-08-13T07:20:36.7906431Z\",\r\n  \"endTime\": \"0001-01-01T00:00:00\",\r\n  \"percentComplete\": 0.0\r\n}",
      "StatusCode": 200
    },
    {
      "RequestUri": "/subscriptions/b36cdf46-b75d-4dc2-9fe1-1296ee8c623d/providers/Microsoft.ServiceFabric/locations/southcentralus/operations/cbe86538-e853-4927-ba9e-d80eeb378e6e?api-version=2019-03-01&Experiment=local",
      "EncodedRequestUri": "L3N1YnNjcmlwdGlvbnMvYjM2Y2RmNDYtYjc1ZC00ZGMyLTlmZTEtMTI5NmVlOGM2MjNkL3Byb3ZpZGVycy9NaWNyb3NvZnQuU2VydmljZUZhYnJpYy9sb2NhdGlvbnMvc291dGhjZW50cmFsdXMvb3BlcmF0aW9ucy9jYmU4NjUzOC1lODUzLTQ5MjctYmE5ZS1kODBlZWIzNzhlNmU/YXBpLXZlcnNpb249MjAxOS0wMy0wMSZFeHBlcmltZW50PWxvY2Fs",
      "RequestMethod": "GET",
      "RequestBody": "",
      "RequestHeaders": {
        "User-Agent": [
          "FxVersion/4.6.27817.01",
          "OSName/Windows",
          "OSVersion/Microsoft.Windows.10.0.18362.",
          "Microsoft.Azure.Management.ServiceFabric.ServiceFabricManagementClient/1.2.0.0"
        ]
      },
      "ResponseHeaders": {
        "Cache-Control": [
          "no-cache"
        ],
        "Pragma": [
          "no-cache"
        ],
        "Strict-Transport-Security": [
          "max-age=31536000; includeSubDomains"
        ],
        "X-Content-Type-Options": [
          "nosniff"
        ],
        "Server": [
          "Microsoft-HTTPAPI/2.0,Microsoft-HTTPAPI/2.0 Microsoft-HTTPAPI/2.0"
        ],
        "x-ms-ratelimit-remaining-subscription-reads": [
          "11985"
        ],
        "x-ms-request-id": [
          "05638ec7-5c37-4824-9f08-e319169926d8"
        ],
        "x-ms-correlation-request-id": [
          "05638ec7-5c37-4824-9f08-e319169926d8"
        ],
        "x-ms-routing-request-id": [
          "WESTUS:20190813T072708Z:05638ec7-5c37-4824-9f08-e319169926d8"
        ],
        "Date": [
          "Tue, 13 Aug 2019 07:27:08 GMT"
        ],
        "Content-Length": [
          "361"
        ],
        "Content-Type": [
          "application/json"
        ],
        "Expires": [
          "-1"
        ]
      },
      "ResponseBody": "{\r\n  \"id\": \"/subscriptions/b36cdf46-b75d-4dc2-9fe1-1296ee8c623d/providers/Microsoft.ServiceFabric/locations/southcentralus/operations/cbe86538-e853-4927-ba9e-d80eeb378e6e\",\r\n  \"name\": \"cbe86538-e853-4927-ba9e-d80eeb378e6e\",\r\n  \"status\": \"Created\",\r\n  \"startTime\": \"2019-08-13T07:20:36.7906431Z\",\r\n  \"endTime\": \"0001-01-01T00:00:00\",\r\n  \"percentComplete\": 0.0\r\n}",
      "StatusCode": 200
    },
    {
      "RequestUri": "/subscriptions/b36cdf46-b75d-4dc2-9fe1-1296ee8c623d/providers/Microsoft.ServiceFabric/locations/southcentralus/operations/cbe86538-e853-4927-ba9e-d80eeb378e6e?api-version=2019-03-01&Experiment=local",
      "EncodedRequestUri": "L3N1YnNjcmlwdGlvbnMvYjM2Y2RmNDYtYjc1ZC00ZGMyLTlmZTEtMTI5NmVlOGM2MjNkL3Byb3ZpZGVycy9NaWNyb3NvZnQuU2VydmljZUZhYnJpYy9sb2NhdGlvbnMvc291dGhjZW50cmFsdXMvb3BlcmF0aW9ucy9jYmU4NjUzOC1lODUzLTQ5MjctYmE5ZS1kODBlZWIzNzhlNmU/YXBpLXZlcnNpb249MjAxOS0wMy0wMSZFeHBlcmltZW50PWxvY2Fs",
      "RequestMethod": "GET",
      "RequestBody": "",
      "RequestHeaders": {
        "User-Agent": [
          "FxVersion/4.6.27817.01",
          "OSName/Windows",
          "OSVersion/Microsoft.Windows.10.0.18362.",
          "Microsoft.Azure.Management.ServiceFabric.ServiceFabricManagementClient/1.2.0.0"
        ]
      },
      "ResponseHeaders": {
        "Cache-Control": [
          "no-cache"
        ],
        "Pragma": [
          "no-cache"
        ],
        "Strict-Transport-Security": [
          "max-age=31536000; includeSubDomains"
        ],
        "X-Content-Type-Options": [
          "nosniff"
        ],
        "x-ms-ratelimit-remaining-subscription-reads": [
          "11984"
        ],
        "Server": [
          "Microsoft-HTTPAPI/2.0,Microsoft-HTTPAPI/2.0 Microsoft-HTTPAPI/2.0"
        ],
        "x-ms-request-id": [
          "cb1faa03-cab8-4fb4-a046-c5abecbb2d5b"
        ],
        "x-ms-correlation-request-id": [
          "cb1faa03-cab8-4fb4-a046-c5abecbb2d5b"
        ],
        "x-ms-routing-request-id": [
          "WESTUS:20190813T072738Z:cb1faa03-cab8-4fb4-a046-c5abecbb2d5b"
        ],
        "Date": [
          "Tue, 13 Aug 2019 07:27:38 GMT"
        ],
        "Content-Length": [
          "361"
        ],
        "Content-Type": [
          "application/json"
        ],
        "Expires": [
          "-1"
        ]
      },
      "ResponseBody": "{\r\n  \"id\": \"/subscriptions/b36cdf46-b75d-4dc2-9fe1-1296ee8c623d/providers/Microsoft.ServiceFabric/locations/southcentralus/operations/cbe86538-e853-4927-ba9e-d80eeb378e6e\",\r\n  \"name\": \"cbe86538-e853-4927-ba9e-d80eeb378e6e\",\r\n  \"status\": \"Created\",\r\n  \"startTime\": \"2019-08-13T07:20:36.7906431Z\",\r\n  \"endTime\": \"0001-01-01T00:00:00\",\r\n  \"percentComplete\": 0.0\r\n}",
      "StatusCode": 200
    },
    {
      "RequestUri": "/subscriptions/b36cdf46-b75d-4dc2-9fe1-1296ee8c623d/providers/Microsoft.ServiceFabric/locations/southcentralus/operations/cbe86538-e853-4927-ba9e-d80eeb378e6e?api-version=2019-03-01&Experiment=local",
      "EncodedRequestUri": "L3N1YnNjcmlwdGlvbnMvYjM2Y2RmNDYtYjc1ZC00ZGMyLTlmZTEtMTI5NmVlOGM2MjNkL3Byb3ZpZGVycy9NaWNyb3NvZnQuU2VydmljZUZhYnJpYy9sb2NhdGlvbnMvc291dGhjZW50cmFsdXMvb3BlcmF0aW9ucy9jYmU4NjUzOC1lODUzLTQ5MjctYmE5ZS1kODBlZWIzNzhlNmU/YXBpLXZlcnNpb249MjAxOS0wMy0wMSZFeHBlcmltZW50PWxvY2Fs",
      "RequestMethod": "GET",
      "RequestBody": "",
      "RequestHeaders": {
        "User-Agent": [
          "FxVersion/4.6.27817.01",
          "OSName/Windows",
          "OSVersion/Microsoft.Windows.10.0.18362.",
          "Microsoft.Azure.Management.ServiceFabric.ServiceFabricManagementClient/1.2.0.0"
        ]
      },
      "ResponseHeaders": {
        "Cache-Control": [
          "no-cache"
        ],
        "Pragma": [
          "no-cache"
        ],
        "Strict-Transport-Security": [
          "max-age=31536000; includeSubDomains"
        ],
        "X-Content-Type-Options": [
          "nosniff"
        ],
        "Server": [
          "Microsoft-HTTPAPI/2.0,Microsoft-HTTPAPI/2.0 Microsoft-HTTPAPI/2.0"
        ],
        "x-ms-ratelimit-remaining-subscription-reads": [
          "11983"
        ],
        "x-ms-request-id": [
          "83c7e733-f961-445c-94ee-86b564496191"
        ],
        "x-ms-correlation-request-id": [
          "83c7e733-f961-445c-94ee-86b564496191"
        ],
        "x-ms-routing-request-id": [
          "WESTUS:20190813T072808Z:83c7e733-f961-445c-94ee-86b564496191"
        ],
        "Date": [
          "Tue, 13 Aug 2019 07:28:08 GMT"
        ],
        "Content-Length": [
          "361"
        ],
        "Content-Type": [
          "application/json"
        ],
        "Expires": [
          "-1"
        ]
      },
      "ResponseBody": "{\r\n  \"id\": \"/subscriptions/b36cdf46-b75d-4dc2-9fe1-1296ee8c623d/providers/Microsoft.ServiceFabric/locations/southcentralus/operations/cbe86538-e853-4927-ba9e-d80eeb378e6e\",\r\n  \"name\": \"cbe86538-e853-4927-ba9e-d80eeb378e6e\",\r\n  \"status\": \"Created\",\r\n  \"startTime\": \"2019-08-13T07:20:36.7906431Z\",\r\n  \"endTime\": \"0001-01-01T00:00:00\",\r\n  \"percentComplete\": 0.0\r\n}",
      "StatusCode": 200
    },
    {
      "RequestUri": "/subscriptions/b36cdf46-b75d-4dc2-9fe1-1296ee8c623d/providers/Microsoft.ServiceFabric/locations/southcentralus/operations/cbe86538-e853-4927-ba9e-d80eeb378e6e?api-version=2019-03-01&Experiment=local",
      "EncodedRequestUri": "L3N1YnNjcmlwdGlvbnMvYjM2Y2RmNDYtYjc1ZC00ZGMyLTlmZTEtMTI5NmVlOGM2MjNkL3Byb3ZpZGVycy9NaWNyb3NvZnQuU2VydmljZUZhYnJpYy9sb2NhdGlvbnMvc291dGhjZW50cmFsdXMvb3BlcmF0aW9ucy9jYmU4NjUzOC1lODUzLTQ5MjctYmE5ZS1kODBlZWIzNzhlNmU/YXBpLXZlcnNpb249MjAxOS0wMy0wMSZFeHBlcmltZW50PWxvY2Fs",
      "RequestMethod": "GET",
      "RequestBody": "",
      "RequestHeaders": {
        "User-Agent": [
          "FxVersion/4.6.27817.01",
          "OSName/Windows",
          "OSVersion/Microsoft.Windows.10.0.18362.",
          "Microsoft.Azure.Management.ServiceFabric.ServiceFabricManagementClient/1.2.0.0"
        ]
      },
      "ResponseHeaders": {
        "Cache-Control": [
          "no-cache"
        ],
        "Pragma": [
          "no-cache"
        ],
        "Strict-Transport-Security": [
          "max-age=31536000; includeSubDomains"
        ],
        "X-Content-Type-Options": [
          "nosniff"
        ],
        "Server": [
          "Microsoft-HTTPAPI/2.0,Microsoft-HTTPAPI/2.0 Microsoft-HTTPAPI/2.0"
        ],
        "x-ms-ratelimit-remaining-subscription-reads": [
          "11982"
        ],
        "x-ms-request-id": [
          "9b979be1-1e73-44be-ad49-b202199f2f85"
        ],
        "x-ms-correlation-request-id": [
          "9b979be1-1e73-44be-ad49-b202199f2f85"
        ],
        "x-ms-routing-request-id": [
          "WESTUS:20190813T072839Z:9b979be1-1e73-44be-ad49-b202199f2f85"
        ],
        "Date": [
          "Tue, 13 Aug 2019 07:28:38 GMT"
        ],
        "Content-Length": [
          "361"
        ],
        "Content-Type": [
          "application/json"
        ],
        "Expires": [
          "-1"
        ]
      },
      "ResponseBody": "{\r\n  \"id\": \"/subscriptions/b36cdf46-b75d-4dc2-9fe1-1296ee8c623d/providers/Microsoft.ServiceFabric/locations/southcentralus/operations/cbe86538-e853-4927-ba9e-d80eeb378e6e\",\r\n  \"name\": \"cbe86538-e853-4927-ba9e-d80eeb378e6e\",\r\n  \"status\": \"Created\",\r\n  \"startTime\": \"2019-08-13T07:20:36.7906431Z\",\r\n  \"endTime\": \"0001-01-01T00:00:00\",\r\n  \"percentComplete\": 0.0\r\n}",
      "StatusCode": 200
    },
    {
      "RequestUri": "/subscriptions/b36cdf46-b75d-4dc2-9fe1-1296ee8c623d/providers/Microsoft.ServiceFabric/locations/southcentralus/operations/cbe86538-e853-4927-ba9e-d80eeb378e6e?api-version=2019-03-01&Experiment=local",
      "EncodedRequestUri": "L3N1YnNjcmlwdGlvbnMvYjM2Y2RmNDYtYjc1ZC00ZGMyLTlmZTEtMTI5NmVlOGM2MjNkL3Byb3ZpZGVycy9NaWNyb3NvZnQuU2VydmljZUZhYnJpYy9sb2NhdGlvbnMvc291dGhjZW50cmFsdXMvb3BlcmF0aW9ucy9jYmU4NjUzOC1lODUzLTQ5MjctYmE5ZS1kODBlZWIzNzhlNmU/YXBpLXZlcnNpb249MjAxOS0wMy0wMSZFeHBlcmltZW50PWxvY2Fs",
      "RequestMethod": "GET",
      "RequestBody": "",
      "RequestHeaders": {
        "User-Agent": [
          "FxVersion/4.6.27817.01",
          "OSName/Windows",
          "OSVersion/Microsoft.Windows.10.0.18362.",
          "Microsoft.Azure.Management.ServiceFabric.ServiceFabricManagementClient/1.2.0.0"
        ]
      },
      "ResponseHeaders": {
        "Cache-Control": [
          "no-cache"
        ],
        "Pragma": [
          "no-cache"
        ],
        "Strict-Transport-Security": [
          "max-age=31536000; includeSubDomains"
        ],
        "X-Content-Type-Options": [
          "nosniff"
        ],
        "x-ms-ratelimit-remaining-subscription-reads": [
          "11981"
        ],
        "Server": [
          "Microsoft-HTTPAPI/2.0,Microsoft-HTTPAPI/2.0 Microsoft-HTTPAPI/2.0"
        ],
        "x-ms-request-id": [
          "f45452ff-9099-4d8a-a263-a7ed020020c2"
        ],
        "x-ms-correlation-request-id": [
          "f45452ff-9099-4d8a-a263-a7ed020020c2"
        ],
        "x-ms-routing-request-id": [
          "WESTUS:20190813T072909Z:f45452ff-9099-4d8a-a263-a7ed020020c2"
        ],
        "Date": [
          "Tue, 13 Aug 2019 07:29:08 GMT"
        ],
        "Content-Length": [
          "374"
        ],
        "Content-Type": [
          "application/json"
        ],
        "Expires": [
          "-1"
        ]
      },
      "ResponseBody": "{\r\n  \"id\": \"/subscriptions/b36cdf46-b75d-4dc2-9fe1-1296ee8c623d/providers/Microsoft.ServiceFabric/locations/southcentralus/operations/cbe86538-e853-4927-ba9e-d80eeb378e6e\",\r\n  \"name\": \"cbe86538-e853-4927-ba9e-d80eeb378e6e\",\r\n  \"status\": \"Succeeded\",\r\n  \"startTime\": \"2019-08-13T07:20:36.7906431Z\",\r\n  \"endTime\": \"2019-08-13T07:28:40.5348815Z\",\r\n  \"percentComplete\": 100.0\r\n}",
      "StatusCode": 200
    }
  ],
  "Names": {},
  "Variables": {
    "SubscriptionId": "b36cdf46-b75d-4dc2-9fe1-1296ee8c623d"
  }
}