{
  "Entries": [
    {
      "RequestUri": "/subscriptions/21abd678-18c5-4660-9fdd-8c5ba6b6fe1f/providers/Microsoft.Batch?api-version=2016-09-01",
      "EncodedRequestUri": "L3N1YnNjcmlwdGlvbnMvMjFhYmQ2NzgtMThjNS00NjYwLTlmZGQtOGM1YmE2YjZmZTFmL3Byb3ZpZGVycy9NaWNyb3NvZnQuQmF0Y2g/YXBpLXZlcnNpb249MjAxNi0wOS0wMQ==",
      "RequestMethod": "GET",
      "RequestHeaders": {
        "x-ms-client-request-id": [
          "86e5605f-e99b-4c92-96ae-56dd9d1c9eb1"
        ],
        "Accept-Language": [
          "en-US"
        ],
        "User-Agent": [
          "FxVersion/4.700.22.55902",
          "OSName/Windows",
          "OSVersion/Microsoft.Windows.10.0.22621",
          "Microsoft.Azure.Management.Internal.Resources.ResourceManagementClient/1.3.76"
        ]
      },
      "RequestBody": "",
      "ResponseHeaders": {
        "Cache-Control": [
          "no-cache"
        ],
        "Pragma": [
          "no-cache"
        ],
        "x-ms-ratelimit-remaining-subscription-reads": [
          "11999"
        ],
        "x-ms-request-id": [
          "ab0812d9-67b6-4f73-a52a-86a09ca95d91"
        ],
        "x-ms-correlation-request-id": [
          "ab0812d9-67b6-4f73-a52a-86a09ca95d91"
        ],
        "x-ms-routing-request-id": [
          "SOUTHEASTASIA:20230616T073122Z:ab0812d9-67b6-4f73-a52a-86a09ca95d91"
        ],
        "Strict-Transport-Security": [
          "max-age=31536000; includeSubDomains"
        ],
        "X-Content-Type-Options": [
          "nosniff"
        ],
        "Date": [
          "Fri, 16 Jun 2023 07:31:22 GMT"
        ],
        "Content-Type": [
          "application/json; charset=utf-8"
        ],
        "Expires": [
          "-1"
        ],
        "Content-Length": [
          "9611"
        ]
      },
      "ResponseBody": "{\r\n  \"id\": \"/subscriptions/21abd678-18c5-4660-9fdd-8c5ba6b6fe1f/providers/Microsoft.Batch\",\r\n  \"namespace\": \"Microsoft.Batch\",\r\n  \"authorization\": {\r\n    \"applicationId\": \"ddbf3205-c6bd-46ae-8127-60eb93363864\",\r\n    \"roleDefinitionId\": \"b7f84953-1d03-4eab-9ea4-45f065258ff8\"\r\n  },\r\n  \"resourceTypes\": [\r\n    {\r\n      \"resourceType\": \"batchAccounts\",\r\n      \"locations\": [\r\n        \"West Europe\",\r\n        \"East US 2\",\r\n        \"West US\",\r\n        \"North Central US\",\r\n        \"Brazil South\",\r\n        \"North Europe\",\r\n        \"Central US\",\r\n        \"East Asia\",\r\n        \"Japan East\",\r\n        \"Australia Southeast\",\r\n        \"Japan West\",\r\n        \"Korea South\",\r\n        \"Korea Central\",\r\n        \"Southeast Asia\",\r\n        \"South Central US\",\r\n        \"Australia East\",\r\n        \"Jio India West\",\r\n        \"South India\",\r\n        \"Central India\",\r\n        \"West India\",\r\n        \"Canada Central\",\r\n        \"Canada East\",\r\n        \"UK South\",\r\n        \"UK West\",\r\n        \"West Central US\",\r\n        \"West US 2\",\r\n        \"France Central\",\r\n        \"South Africa North\",\r\n        \"UAE North\",\r\n        \"Australia Central\",\r\n        \"Germany West Central\",\r\n        \"Switzerland North\",\r\n        \"Norway East\",\r\n        \"Brazil Southeast\",\r\n        \"West US 3\",\r\n        \"Sweden Central\",\r\n        \"Qatar Central\",\r\n        \"Poland Central\",\r\n        \"East US 2 EUAP\",\r\n        \"Central US EUAP\",\r\n        \"East US\"\r\n      ],\r\n      \"apiVersions\": [\r\n        \"2023-05-01\",\r\n        \"2022-10-01\",\r\n        \"2022-06-01\",\r\n        \"2022-01-01\",\r\n        \"2021-06-01\",\r\n        \"2021-01-01\",\r\n        \"2020-09-01\",\r\n        \"2020-05-01\",\r\n        \"2020-03-01-preview\",\r\n        \"2020-03-01\",\r\n        \"2019-08-01\",\r\n        \"2019-04-01\",\r\n        \"2018-12-01\",\r\n        \"2017-09-01\",\r\n        \"2017-05-01\",\r\n        \"2017-01-01\",\r\n        \"2015-12-01\",\r\n        \"2015-09-01\",\r\n        \"2015-07-01\",\r\n        \"2014-05-01-privatepreview\"\r\n      ],\r\n      \"capabilities\": \"CrossResourceGroupResourceMove, CrossSubscriptionResourceMove, SystemAssignedResourceIdentity\"\r\n    },\r\n    {\r\n      \"resourceType\": \"batchAccounts/pools\",\r\n      \"locations\": [\r\n        \"West Europe\",\r\n        \"East US 2\",\r\n        \"West US\",\r\n        \"North Central US\",\r\n        \"Brazil South\",\r\n        \"North Europe\",\r\n        \"Central US\",\r\n        \"East Asia\",\r\n        \"Japan East\",\r\n        \"Australia Southeast\",\r\n        \"Japan West\",\r\n        \"Korea South\",\r\n        \"Korea Central\",\r\n        \"Southeast Asia\",\r\n        \"South Central US\",\r\n        \"Australia East\",\r\n        \"Jio India West\",\r\n        \"South India\",\r\n        \"Central India\",\r\n        \"West India\",\r\n        \"Canada Central\",\r\n        \"Canada East\",\r\n        \"UK South\",\r\n        \"UK West\",\r\n        \"West Central US\",\r\n        \"West US 2\",\r\n        \"France Central\",\r\n        \"South Africa North\",\r\n        \"UAE North\",\r\n        \"Australia Central\",\r\n        \"Germany West Central\",\r\n        \"Switzerland North\",\r\n        \"Norway East\",\r\n        \"Brazil Southeast\",\r\n        \"West US 3\",\r\n        \"Sweden Central\",\r\n        \"Qatar Central\",\r\n        \"Poland Central\",\r\n        \"East US 2 EUAP\",\r\n        \"Central US EUAP\",\r\n        \"East US\"\r\n      ],\r\n      \"apiVersions\": [\r\n        \"2023-05-01\",\r\n        \"2022-10-01\",\r\n        \"2022-06-01\",\r\n        \"2022-01-01\",\r\n        \"2021-06-01\",\r\n        \"2021-01-01\",\r\n        \"2020-09-01\",\r\n        \"2020-05-01\",\r\n        \"2020-03-01-preview\",\r\n        \"2020-03-01\",\r\n        \"2019-08-01\",\r\n        \"2019-04-01\",\r\n        \"2018-12-01\",\r\n        \"2017-09-01\"\r\n      ]\r\n    },\r\n    {\r\n      \"resourceType\": \"batchAccounts/detectors\",\r\n      \"locations\": [\r\n        \"West Europe\",\r\n        \"East US 2\",\r\n        \"West US\",\r\n        \"North Central US\",\r\n        \"Brazil South\",\r\n        \"North Europe\",\r\n        \"Central US\",\r\n        \"East Asia\",\r\n        \"Japan East\",\r\n        \"Australia Southeast\",\r\n        \"Japan West\",\r\n        \"Korea South\",\r\n        \"Korea Central\",\r\n        \"Southeast Asia\",\r\n        \"South Central US\",\r\n        \"Australia East\",\r\n        \"Jio India West\",\r\n        \"South India\",\r\n        \"Central India\",\r\n        \"West India\",\r\n        \"Canada Central\",\r\n        \"Canada East\",\r\n        \"UK South\",\r\n        \"UK West\",\r\n        \"West Central US\",\r\n        \"West US 2\",\r\n        \"France Central\",\r\n        \"South Africa North\",\r\n        \"UAE North\",\r\n        \"Australia Central\",\r\n        \"Germany West Central\",\r\n        \"Switzerland North\",\r\n        \"Norway East\",\r\n        \"Brazil Southeast\",\r\n        \"West US 3\",\r\n        \"Sweden Central\",\r\n        \"Qatar Central\",\r\n        \"Poland Central\",\r\n        \"East US 2 EUAP\",\r\n        \"Central US EUAP\",\r\n        \"East US\"\r\n      ],\r\n      \"apiVersions\": [\r\n        \"2023-05-01\",\r\n        \"2022-10-01\",\r\n        \"2022-06-01\",\r\n        \"2022-01-01\"\r\n      ]\r\n    },\r\n    {\r\n      \"resourceType\": \"batchAccounts/certificates\",\r\n      \"locations\": [\r\n        \"West Europe\",\r\n        \"East US 2\",\r\n        \"West US\",\r\n        \"North Central US\",\r\n        \"Brazil South\",\r\n        \"North Europe\",\r\n        \"Central US\",\r\n        \"East Asia\",\r\n        \"Japan East\",\r\n        \"Australia Southeast\",\r\n        \"Japan West\",\r\n        \"Korea South\",\r\n        \"Korea Central\",\r\n        \"Southeast Asia\",\r\n        \"South Central US\",\r\n        \"Australia East\",\r\n        \"Jio India West\",\r\n        \"South India\",\r\n        \"Central India\",\r\n        \"West India\",\r\n        \"Canada Central\",\r\n        \"Canada East\",\r\n        \"UK South\",\r\n        \"UK West\",\r\n        \"West Central US\",\r\n        \"West US 2\",\r\n        \"France Central\",\r\n        \"South Africa North\",\r\n        \"UAE North\",\r\n        \"Australia Central\",\r\n        \"Germany West Central\",\r\n        \"Switzerland North\",\r\n        \"Norway East\",\r\n        \"Brazil Southeast\",\r\n        \"West US 3\",\r\n        \"Sweden Central\",\r\n        \"Qatar Central\",\r\n        \"Poland Central\",\r\n        \"East US 2 EUAP\",\r\n        \"Central US EUAP\",\r\n        \"East US\"\r\n      ],\r\n      \"apiVersions\": [\r\n        \"2023-05-01\",\r\n        \"2022-10-01\",\r\n        \"2022-06-01\",\r\n        \"2022-01-01\",\r\n        \"2021-06-01\",\r\n        \"2021-01-01\",\r\n        \"2020-09-01\",\r\n        \"2020-05-01\",\r\n        \"2020-03-01-preview\",\r\n        \"2020-03-01\",\r\n        \"2019-08-01\",\r\n        \"2019-04-01\",\r\n        \"2018-12-01\",\r\n        \"2017-09-01\"\r\n      ]\r\n    },\r\n    {\r\n      \"resourceType\": \"operations\",\r\n      \"locations\": [\r\n        \"West Europe\",\r\n        \"East US 2\",\r\n        \"West US\",\r\n        \"North Central US\",\r\n        \"Brazil South\",\r\n        \"North Europe\",\r\n        \"Central US\",\r\n        \"East Asia\",\r\n        \"Japan East\",\r\n        \"Australia Southeast\",\r\n        \"Japan West\",\r\n        \"Korea South\",\r\n        \"Korea Central\",\r\n        \"Southeast Asia\",\r\n        \"South Central US\",\r\n        \"Australia East\",\r\n        \"Jio India West\",\r\n        \"South India\",\r\n        \"Central India\",\r\n        \"West India\",\r\n        \"Canada Central\",\r\n        \"Canada East\",\r\n        \"UK South\",\r\n        \"UK West\",\r\n        \"West Central US\",\r\n        \"West US 2\",\r\n        \"France Central\",\r\n        \"South Africa North\",\r\n        \"UAE North\",\r\n        \"Australia Central\",\r\n        \"Germany West Central\",\r\n        \"Switzerland North\",\r\n        \"Norway East\",\r\n        \"Brazil Southeast\",\r\n        \"West US 3\",\r\n        \"Sweden Central\",\r\n        \"Qatar Central\",\r\n        \"Poland Central\",\r\n        \"East US 2 EUAP\",\r\n        \"Central US EUAP\",\r\n        \"East US\"\r\n      ],\r\n      \"apiVersions\": [\r\n        \"2023-05-01\",\r\n        \"2022-10-01\",\r\n        \"2022-06-01\",\r\n        \"2022-01-01\",\r\n        \"2021-06-01\",\r\n        \"2021-01-01\",\r\n        \"2020-09-01\",\r\n        \"2020-05-01\",\r\n        \"2020-03-01-preview\",\r\n        \"2020-03-01\",\r\n        \"2019-08-01\",\r\n        \"2019-04-01\",\r\n        \"2018-12-01\",\r\n        \"2017-09-01\",\r\n        \"2017-05-01\",\r\n        \"2017-01-01\",\r\n        \"2015-12-01\",\r\n        \"2015-09-01\"\r\n      ]\r\n    },\r\n    {\r\n      \"resourceType\": \"locations\",\r\n      \"locations\": [],\r\n      \"apiVersions\": [\r\n        \"2023-05-01\",\r\n        \"2022-10-01\",\r\n        \"2022-06-01\",\r\n        \"2022-01-01\",\r\n        \"2021-06-01\",\r\n        \"2021-01-01\",\r\n        \"2020-09-01\",\r\n        \"2020-05-01\",\r\n        \"2020-03-01-preview\",\r\n        \"2020-03-01\",\r\n        \"2019-08-01\",\r\n        \"2019-04-01\",\r\n        \"2018-12-01\",\r\n        \"2017-09-01\",\r\n        \"2017-05-01\",\r\n        \"2017-01-01\",\r\n        \"2015-12-01\",\r\n        \"2015-09-01\"\r\n      ]\r\n    },\r\n    {\r\n      \"resourceType\": \"locations/quotas\",\r\n      \"locations\": [\r\n        \"West Europe\",\r\n        \"East US 2\",\r\n        \"West US\",\r\n        \"North Central US\",\r\n        \"Brazil South\",\r\n        \"North Europe\",\r\n        \"Central US\",\r\n        \"East Asia\",\r\n        \"Japan East\",\r\n        \"Australia Southeast\",\r\n        \"Japan West\",\r\n        \"Korea South\",\r\n        \"Korea Central\",\r\n        \"Southeast Asia\",\r\n        \"South Central US\",\r\n        \"Australia East\",\r\n        \"Jio India West\",\r\n        \"South India\",\r\n        \"Central India\",\r\n        \"West India\",\r\n        \"Canada Central\",\r\n        \"Canada East\",\r\n        \"UK South\",\r\n        \"UK West\",\r\n        \"West Central US\",\r\n        \"West US 2\",\r\n        \"France Central\",\r\n        \"South Africa North\",\r\n        \"UAE North\",\r\n        \"Australia Central\",\r\n        \"Germany West Central\",\r\n        \"Switzerland North\",\r\n        \"Norway East\",\r\n        \"Brazil Southeast\",\r\n        \"West US 3\",\r\n        \"Sweden Central\",\r\n        \"Qatar Central\",\r\n        \"Poland Central\",\r\n        \"East US 2 EUAP\",\r\n        \"Central US EUAP\",\r\n        \"East US\"\r\n      ],\r\n      \"apiVersions\": [\r\n        \"2023-05-01\",\r\n        \"2022-10-01\",\r\n        \"2022-06-01\",\r\n        \"2022-01-01\",\r\n        \"2021-06-01\",\r\n        \"2021-01-01\",\r\n        \"2020-09-01\",\r\n        \"2020-05-01\",\r\n        \"2020-03-01-preview\",\r\n        \"2020-03-01\",\r\n        \"2019-08-01\",\r\n        \"2019-04-01\",\r\n        \"2018-12-01\",\r\n        \"2017-09-01\",\r\n        \"2017-05-01\",\r\n        \"2017-01-01\",\r\n        \"2015-12-01\",\r\n        \"2015-09-01\"\r\n      ]\r\n    },\r\n    {\r\n      \"resourceType\": \"locations/checkNameAvailability\",\r\n      \"locations\": [\r\n        \"West Europe\",\r\n        \"East US 2\",\r\n        \"West US\",\r\n        \"North Central US\",\r\n        \"Brazil South\",\r\n        \"North Europe\",\r\n        \"Central US\",\r\n        \"East Asia\",\r\n        \"Japan East\",\r\n        \"Australia Southeast\",\r\n        \"Japan West\",\r\n        \"Korea South\",\r\n        \"Korea Central\",\r\n        \"Southeast Asia\",\r\n        \"South Central US\",\r\n        \"Australia East\",\r\n        \"Jio India West\",\r\n        \"South India\",\r\n        \"Central India\",\r\n        \"West India\",\r\n        \"Canada Central\",\r\n        \"Canada East\",\r\n        \"UK South\",\r\n        \"UK West\",\r\n        \"West Central US\",\r\n        \"West US 2\",\r\n        \"France Central\",\r\n        \"South Africa North\",\r\n        \"UAE North\",\r\n        \"Australia Central\",\r\n        \"Germany West Central\",\r\n        \"Switzerland North\",\r\n        \"Norway East\",\r\n        \"Brazil Southeast\",\r\n        \"West US 3\",\r\n        \"Sweden Central\",\r\n        \"Qatar Central\",\r\n        \"Poland Central\",\r\n        \"East US 2 EUAP\",\r\n        \"Central US EUAP\",\r\n        \"East US\"\r\n      ],\r\n      \"apiVersions\": [\r\n        \"2023-05-01\",\r\n        \"2022-10-01\",\r\n        \"2022-06-01\",\r\n        \"2022-01-01\",\r\n        \"2021-06-01\",\r\n        \"2021-01-01\",\r\n        \"2020-09-01\",\r\n        \"2020-05-01\",\r\n        \"2020-03-01-preview\",\r\n        \"2020-03-01\",\r\n        \"2019-08-01\",\r\n        \"2019-04-01\",\r\n        \"2018-12-01\",\r\n        \"2017-09-01\",\r\n        \"2017-05-01\"\r\n      ]\r\n    },\r\n    {\r\n      \"resourceType\": \"locations/accountOperationResults\",\r\n      \"locations\": [\r\n        \"West Europe\",\r\n        \"East US 2\",\r\n        \"West US\",\r\n        \"North Central US\",\r\n        \"Brazil South\",\r\n        \"North Europe\",\r\n        \"Central US\",\r\n        \"East Asia\",\r\n        \"Japan East\",\r\n        \"Australia Southeast\",\r\n        \"Japan West\",\r\n        \"Korea South\",\r\n        \"Korea Central\",\r\n        \"Southeast Asia\",\r\n        \"South Central US\",\r\n        \"Australia East\",\r\n        \"Jio India West\",\r\n        \"South India\",\r\n        \"Central India\",\r\n        \"West India\",\r\n        \"Canada Central\",\r\n        \"Canada East\",\r\n        \"UK South\",\r\n        \"UK West\",\r\n        \"West Central US\",\r\n        \"West US 2\",\r\n        \"France Central\",\r\n        \"South Africa North\",\r\n        \"UAE North\",\r\n        \"Australia Central\",\r\n        \"Germany West Central\",\r\n        \"Switzerland North\",\r\n        \"Norway East\",\r\n        \"Brazil Southeast\",\r\n        \"West US 3\",\r\n        \"Sweden Central\",\r\n        \"Qatar Central\",\r\n        \"Poland Central\",\r\n        \"East US 2 EUAP\",\r\n        \"Central US EUAP\",\r\n        \"East US\"\r\n      ],\r\n      \"apiVersions\": [\r\n        \"2023-05-01\",\r\n        \"2022-10-01\",\r\n        \"2022-06-01\",\r\n        \"2022-01-01\",\r\n        \"2021-06-01\",\r\n        \"2021-01-01\",\r\n        \"2020-09-01\",\r\n        \"2020-05-01\",\r\n        \"2020-03-01-preview\",\r\n        \"2020-03-01\",\r\n        \"2019-08-01\",\r\n        \"2019-04-01\",\r\n        \"2018-12-01\",\r\n        \"2017-09-01\",\r\n        \"2017-05-01\",\r\n        \"2017-01-01\",\r\n        \"2015-12-01\",\r\n        \"2015-09-01\",\r\n        \"2015-07-01\",\r\n        \"2014-05-01-privatepreview\"\r\n      ]\r\n    },\r\n    {\r\n      \"resourceType\": \"locations/virtualMachineSkus\",\r\n      \"locations\": [\r\n        \"West Europe\",\r\n        \"East US 2\",\r\n        \"West US\",\r\n        \"North Central US\",\r\n        \"Brazil South\",\r\n        \"North Europe\",\r\n        \"Central US\",\r\n        \"East Asia\",\r\n        \"Japan East\",\r\n        \"Australia Southeast\",\r\n        \"Japan West\",\r\n        \"Korea South\",\r\n        \"Korea Central\",\r\n        \"Southeast Asia\",\r\n        \"South Central US\",\r\n        \"Australia East\",\r\n        \"Jio India West\",\r\n        \"South India\",\r\n        \"Central India\",\r\n        \"West India\",\r\n        \"Canada Central\",\r\n        \"Canada East\",\r\n        \"UK South\",\r\n        \"UK West\",\r\n        \"West Central US\",\r\n        \"West US 2\",\r\n        \"France Central\",\r\n        \"South Africa North\",\r\n        \"UAE North\",\r\n        \"Australia Central\",\r\n        \"Germany West Central\",\r\n        \"Switzerland North\",\r\n        \"Norway East\",\r\n        \"Brazil Southeast\",\r\n        \"West US 3\",\r\n        \"Sweden Central\",\r\n        \"Qatar Central\",\r\n        \"Poland Central\",\r\n        \"East US 2 EUAP\",\r\n        \"Central US EUAP\",\r\n        \"East US\"\r\n      ],\r\n      \"apiVersions\": [\r\n        \"2023-05-01\",\r\n        \"2022-10-01\",\r\n        \"2022-06-01\",\r\n        \"2022-01-01\",\r\n        \"2021-06-01\"\r\n      ]\r\n    },\r\n    {\r\n      \"resourceType\": \"locations/cloudServiceSkus\",\r\n      \"locations\": [\r\n        \"West Europe\",\r\n        \"East US 2\",\r\n        \"West US\",\r\n        \"North Central US\",\r\n        \"Brazil South\",\r\n        \"North Europe\",\r\n        \"Central US\",\r\n        \"East Asia\",\r\n        \"Japan East\",\r\n        \"Australia Southeast\",\r\n        \"Japan West\",\r\n        \"Korea South\",\r\n        \"Korea Central\",\r\n        \"Southeast Asia\",\r\n        \"South Central US\",\r\n        \"Australia East\",\r\n        \"Jio India West\",\r\n        \"South India\",\r\n        \"Central India\",\r\n        \"West India\",\r\n        \"Canada Central\",\r\n        \"Canada East\",\r\n        \"UK South\",\r\n        \"UK West\",\r\n        \"West Central US\",\r\n        \"West US 2\",\r\n        \"France Central\",\r\n        \"South Africa North\",\r\n        \"UAE North\",\r\n        \"Australia Central\",\r\n        \"Germany West Central\",\r\n        \"Switzerland North\",\r\n        \"Norway East\",\r\n        \"Brazil Southeast\",\r\n        \"West US 3\",\r\n        \"Sweden Central\",\r\n        \"Qatar Central\",\r\n        \"Poland Central\",\r\n        \"East US 2 EUAP\",\r\n        \"Central US EUAP\",\r\n        \"East US\"\r\n      ],\r\n      \"apiVersions\": [\r\n        \"2023-05-01\",\r\n        \"2022-10-01\",\r\n        \"2022-06-01\",\r\n        \"2022-01-01\",\r\n        \"2021-06-01\"\r\n      ]\r\n    }\r\n  ],\r\n  \"registrationState\": \"Registered\"\r\n}",
      "StatusCode": 200
    },
    {
      "RequestUri": "/subscriptions/21abd678-18c5-4660-9fdd-8c5ba6b6fe1f/resourcegroups/ps2300?api-version=2016-09-01",
      "EncodedRequestUri": "L3N1YnNjcmlwdGlvbnMvMjFhYmQ2NzgtMThjNS00NjYwLTlmZGQtOGM1YmE2YjZmZTFmL3Jlc291cmNlZ3JvdXBzL3BzMjMwMD9hcGktdmVyc2lvbj0yMDE2LTA5LTAx",
      "RequestMethod": "PUT",
      "RequestHeaders": {
        "x-ms-client-request-id": [
          "5b4ce592-4a03-4ef7-bc00-c3aef1adcc08"
        ],
        "Accept-Language": [
          "en-US"
        ],
        "User-Agent": [
          "FxVersion/4.700.22.55902",
          "OSName/Windows",
          "OSVersion/Microsoft.Windows.10.0.22621",
          "Microsoft.Azure.Management.Internal.Resources.ResourceManagementClient/1.3.76"
        ],
        "Content-Type": [
          "application/json; charset=utf-8"
        ],
        "Content-Length": [
          "29"
        ]
      },
      "RequestBody": "{\r\n  \"location\": \"westus2\"\r\n}",
      "ResponseHeaders": {
        "Cache-Control": [
          "no-cache"
        ],
        "Pragma": [
          "no-cache"
        ],
        "x-ms-ratelimit-remaining-subscription-writes": [
          "1199"
        ],
        "x-ms-request-id": [
          "f67c24e8-9ae6-4bb5-841e-311613de4802"
        ],
        "x-ms-correlation-request-id": [
          "f67c24e8-9ae6-4bb5-841e-311613de4802"
        ],
        "x-ms-routing-request-id": [
          "SOUTHEASTASIA:20230616T073124Z:f67c24e8-9ae6-4bb5-841e-311613de4802"
        ],
        "Strict-Transport-Security": [
          "max-age=31536000; includeSubDomains"
        ],
        "X-Content-Type-Options": [
          "nosniff"
        ],
        "Date": [
          "Fri, 16 Jun 2023 07:31:24 GMT"
        ],
        "Content-Length": [
          "166"
        ],
        "Content-Type": [
          "application/json; charset=utf-8"
        ],
        "Expires": [
          "-1"
        ]
      },
      "ResponseBody": "{\r\n  \"id\": \"/subscriptions/21abd678-18c5-4660-9fdd-8c5ba6b6fe1f/resourceGroups/ps2300\",\r\n  \"name\": \"ps2300\",\r\n  \"location\": \"westus2\",\r\n  \"properties\": {\r\n    \"provisioningState\": \"Succeeded\"\r\n  }\r\n}",
      "StatusCode": 201
    },
    {
      "RequestUri": "/subscriptions/21abd678-18c5-4660-9fdd-8c5ba6b6fe1f/resourceGroups/ps2300/providers/Microsoft.Batch/batchAccounts/ps2825?api-version=2022-10-01",
      "EncodedRequestUri": "L3N1YnNjcmlwdGlvbnMvMjFhYmQ2NzgtMThjNS00NjYwLTlmZGQtOGM1YmE2YjZmZTFmL3Jlc291cmNlR3JvdXBzL3BzMjMwMC9wcm92aWRlcnMvTWljcm9zb2Z0LkJhdGNoL2JhdGNoQWNjb3VudHMvcHMyODI1P2FwaS12ZXJzaW9uPTIwMjItMTAtMDE=",
      "RequestMethod": "PUT",
      "RequestHeaders": {
        "x-ms-client-request-id": [
          "9a3c3ed5-d4d6-467b-8905-2d882fd087f5"
        ],
        "Accept-Language": [
          "en-US"
        ],
        "User-Agent": [
          "FxVersion/4.700.22.55902",
          "OSName/Windows",
          "OSVersion/Microsoft.Windows.10.0.22621",
          "Microsoft.Azure.Management.Batch.BatchManagementClient/14.2.0.0"
        ],
        "Content-Type": [
          "application/json; charset=utf-8"
        ],
        "Content-Length": [
          "136"
        ]
      },
      "RequestBody": "{\r\n  \"location\": \"westus2\",\r\n  \"properties\": {\r\n    \"publicNetworkAccess\": \"Disabled\"\r\n  },\r\n  \"identity\": {\r\n    \"type\": \"None\"\r\n  }\r\n}",
      "ResponseHeaders": {
        "Cache-Control": [
          "no-cache"
        ],
        "Pragma": [
          "no-cache"
        ],
        "Location": [
          "https://management.azure.com/subscriptions/21abd678-18c5-4660-9fdd-8c5ba6b6fe1f/resourceGroups/ps2300/providers/Microsoft.Batch/batchAccounts/ps2825/operationResults/af4130b9-0899-4bd7-8d2c-fd14a2b170c6?api-version=2022-10-01"
        ],
        "Retry-After": [
          "15"
        ],
        "x-ms-request-id": [
          "af4130b9-0899-4bd7-8d2c-fd14a2b170c6"
        ],
        "Strict-Transport-Security": [
          "max-age=31536000; includeSubDomains"
        ],
        "X-Content-Type-Options": [
          "nosniff"
        ],
        "Server": [
          "Microsoft-HTTPAPI/2.0"
        ],
        "x-ms-ratelimit-remaining-subscription-writes": [
          "1198"
        ],
        "x-ms-correlation-request-id": [
          "1a1e9d7e-ac63-4e25-a96e-656d1d145eeb"
        ],
        "x-ms-routing-request-id": [
          "SOUTHEASTASIA:20230616T073131Z:1a1e9d7e-ac63-4e25-a96e-656d1d145eeb"
        ],
        "Date": [
          "Fri, 16 Jun 2023 07:31:30 GMT"
        ],
        "Expires": [
          "-1"
        ],
        "Content-Length": [
          "0"
        ]
      },
      "ResponseBody": "",
      "StatusCode": 202
    },
    {
      "RequestUri": "/subscriptions/21abd678-18c5-4660-9fdd-8c5ba6b6fe1f/resourceGroups/ps2300/providers/Microsoft.Batch/batchAccounts/ps2825/operationResults/af4130b9-0899-4bd7-8d2c-fd14a2b170c6?api-version=2022-10-01",
      "EncodedRequestUri": "L3N1YnNjcmlwdGlvbnMvMjFhYmQ2NzgtMThjNS00NjYwLTlmZGQtOGM1YmE2YjZmZTFmL3Jlc291cmNlR3JvdXBzL3BzMjMwMC9wcm92aWRlcnMvTWljcm9zb2Z0LkJhdGNoL2JhdGNoQWNjb3VudHMvcHMyODI1L29wZXJhdGlvblJlc3VsdHMvYWY0MTMwYjktMDg5OS00YmQ3LThkMmMtZmQxNGEyYjE3MGM2P2FwaS12ZXJzaW9uPTIwMjItMTAtMDE=",
      "RequestMethod": "GET",
      "RequestHeaders": {
        "x-ms-client-request-id": [
          "9a3c3ed5-d4d6-467b-8905-2d882fd087f5"
        ],
        "User-Agent": [
          "FxVersion/4.700.22.55902",
          "OSName/Windows",
          "OSVersion/Microsoft.Windows.10.0.22621",
          "Microsoft.Azure.Management.Batch.BatchManagementClient/14.2.0.0"
        ]
      },
      "RequestBody": "",
      "ResponseHeaders": {
        "Cache-Control": [
          "no-cache"
        ],
        "Pragma": [
          "no-cache"
        ],
        "ETag": [
          "\"0x8DB6E3BBDB325A4\""
        ],
        "x-ms-ratelimit-remaining-subscription-reads": [
          "11998"
        ],
        "x-ms-request-id": [
          "8aad6a0f-1dac-4b96-8e51-b8f50d6e4897"
        ],
        "Strict-Transport-Security": [
          "max-age=31536000; includeSubDomains"
        ],
        "X-Content-Type-Options": [
          "nosniff"
        ],
        "Server": [
          "Microsoft-HTTPAPI/2.0"
        ],
        "x-ms-correlation-request-id": [
          "b1f3e37e-b764-41e4-a4dd-10ddbcb9850f"
        ],
        "x-ms-routing-request-id": [
          "SOUTHEASTASIA:20230616T073146Z:b1f3e37e-b764-41e4-a4dd-10ddbcb9850f"
        ],
        "Date": [
          "Fri, 16 Jun 2023 07:31:46 GMT"
        ],
        "Content-Length": [
          "3664"
        ],
        "Content-Type": [
          "application/json; charset=utf-8"
        ],
        "Expires": [
          "-1"
        ],
        "Last-Modified": [
          "Fri, 16 Jun 2023 07:31:46 GMT"
        ]
      },
      "ResponseBody": "{\r\n  \"id\": \"/subscriptions/21abd678-18c5-4660-9fdd-8c5ba6b6fe1f/resourceGroups/ps2300/providers/Microsoft.Batch/batchAccounts/ps2825\",\r\n  \"name\": \"ps2825\",\r\n  \"type\": \"Microsoft.Batch/batchAccounts\",\r\n  \"location\": \"westus2\",\r\n  \"properties\": {\r\n    \"accountEndpoint\": \"ps2825.westus2.batch.azure.com\",\r\n    \"nodeManagementEndpoint\": \"63e190ed-1a26-4be8-a41c-e1ee0cf955e0.westus2.service.batch.azure.com\",\r\n    \"provisioningState\": \"Succeeded\",\r\n    \"dedicatedCoreQuota\": 0,\r\n    \"dedicatedCoreQuotaPerVMFamily\": [\r\n      {\r\n        \"name\": \"standardAv2Family\",\r\n        \"coreQuota\": 0\r\n      },\r\n      {\r\n        \"name\": \"standardDv2Family\",\r\n        \"coreQuota\": 0\r\n      },\r\n      {\r\n        \"name\": \"standardDv3Family\",\r\n        \"coreQuota\": 0\r\n      },\r\n      {\r\n        \"name\": \"standardEv3Family\",\r\n        \"coreQuota\": 0\r\n      },\r\n      {\r\n        \"name\": \"standardDSv2Family\",\r\n        \"coreQuota\": 0\r\n      },\r\n      {\r\n        \"name\": \"standardDSv3Family\",\r\n        \"coreQuota\": 0\r\n      },\r\n      {\r\n        \"name\": \"standardESv3Family\",\r\n        \"coreQuota\": 0\r\n      },\r\n      {\r\n        \"name\": \"standardFSv2Family\",\r\n        \"coreQuota\": 0\r\n      },\r\n      {\r\n        \"name\": \"standardNCFamily\",\r\n        \"coreQuota\": 0\r\n      },\r\n      {\r\n        \"name\": \"standardNVFamily\",\r\n        \"coreQuota\": 0\r\n      },\r\n      {\r\n        \"name\": \"standardDDv4Family\",\r\n        \"coreQuota\": 0\r\n      },\r\n      {\r\n        \"name\": \"standardDDSv4Family\",\r\n        \"coreQuota\": 0\r\n      },\r\n      {\r\n        \"name\": \"standardEDv4Family\",\r\n        \"coreQuota\": 0\r\n      },\r\n      {\r\n        \"name\": \"standardEDSv4Family\",\r\n        \"coreQuota\": 0\r\n      },\r\n      {\r\n        \"name\": \"standardA0_A7Family\",\r\n        \"coreQuota\": 0\r\n      },\r\n      {\r\n        \"name\": \"standardA8_A11Family\",\r\n        \"coreQuota\": 0\r\n      },\r\n      {\r\n        \"name\": \"standardDFamily\",\r\n        \"coreQuota\": 0\r\n      },\r\n      {\r\n        \"name\": \"standardGFamily\",\r\n        \"coreQuota\": 0\r\n      },\r\n      {\r\n        \"name\": \"basicAFamily\",\r\n        \"coreQuota\": 0\r\n      },\r\n      {\r\n        \"name\": \"standardFFamily\",\r\n        \"coreQuota\": 0\r\n      },\r\n      {\r\n        \"name\": \"standardNVPromoFamily\",\r\n        \"coreQuota\": 0\r\n      },\r\n      {\r\n        \"name\": \"standardNCPromoFamily\",\r\n        \"coreQuota\": 0\r\n      },\r\n      {\r\n        \"name\": \"standardHFamily\",\r\n        \"coreQuota\": 0\r\n      },\r\n      {\r\n        \"name\": \"standardHPromoFamily\",\r\n        \"coreQuota\": 0\r\n      },\r\n      {\r\n        \"name\": \"standardMSFamily\",\r\n        \"coreQuota\": 0\r\n      },\r\n      {\r\n        \"name\": \"standardDSFamily\",\r\n        \"coreQuota\": 0\r\n      },\r\n      {\r\n        \"name\": \"standardFSFamily\",\r\n        \"coreQuota\": 0\r\n      },\r\n      {\r\n        \"name\": \"standardGSFamily\",\r\n        \"coreQuota\": 0\r\n      },\r\n      {\r\n        \"name\": \"standardLSFamily\",\r\n        \"coreQuota\": 0\r\n      },\r\n      {\r\n        \"name\": \"standardLSv2Family\",\r\n        \"coreQuota\": 0\r\n      },\r\n      {\r\n        \"name\": \"standardNCSv2Family\",\r\n        \"coreQuota\": 0\r\n      },\r\n      {\r\n        \"name\": \"standardNDSFamily\",\r\n        \"coreQuota\": 0\r\n      },\r\n      {\r\n        \"name\": \"standardNCSv3Family\",\r\n        \"coreQuota\": 0\r\n      },\r\n      {\r\n        \"name\": \"standardHBSFamily\",\r\n        \"coreQuota\": 0\r\n      },\r\n      {\r\n        \"name\": \"standardHCSFamily\",\r\n        \"coreQuota\": 0\r\n      },\r\n      {\r\n        \"name\": \"standardNVSv3Family\",\r\n        \"coreQuota\": 0\r\n      },\r\n      {\r\n        \"name\": \"standardHBrsv2Family\",\r\n        \"coreQuota\": 0\r\n      },\r\n      {\r\n        \"name\": \"standardDAv4Family\",\r\n        \"coreQuota\": 0\r\n      },\r\n      {\r\n        \"name\": \"standardDASv4Family\",\r\n        \"coreQuota\": 0\r\n      },\r\n      {\r\n        \"name\": \"standardEAv4Family\",\r\n        \"coreQuota\": 0\r\n      },\r\n      {\r\n        \"name\": \"standardEASv4Family\",\r\n        \"coreQuota\": 0\r\n      },\r\n      {\r\n        \"name\": \"standardMSv2Family\",\r\n        \"coreQuota\": 0\r\n      },\r\n      {\r\n        \"name\": \"standardEIv3Family\",\r\n        \"coreQuota\": 0\r\n      },\r\n      {\r\n        \"name\": \"standardNVSv4Family\",\r\n        \"coreQuota\": 0\r\n      },\r\n      {\r\n        \"name\": \"Standard NCASv3_T4 Family\",\r\n        \"coreQuota\": 0\r\n      },\r\n      {\r\n        \"name\": \"standardXEIDSv4Family\",\r\n        \"coreQuota\": 0\r\n      },\r\n      {\r\n        \"name\": \"Standard NDASv4_A100 Family\",\r\n        \"coreQuota\": 0\r\n      },\r\n      {\r\n        \"name\": \"standardDCSv2Family\",\r\n        \"coreQuota\": 0\r\n      },\r\n      {\r\n        \"name\": \"standardHBv3Family\",\r\n        \"coreQuota\": 0\r\n      },\r\n      {\r\n        \"name\": \"standardNPSFamily\",\r\n        \"coreQuota\": 0\r\n      },\r\n      {\r\n        \"name\": \"standardFXMDVSFamily\",\r\n        \"coreQuota\": 0\r\n      },\r\n      {\r\n        \"name\": \"standardDDv5Family\",\r\n        \"coreQuota\": 0\r\n      },\r\n      {\r\n        \"name\": \"standardDDSv5Family\",\r\n        \"coreQuota\": 0\r\n      },\r\n      {\r\n        \"name\": \"standardEDv5Family\",\r\n        \"coreQuota\": 0\r\n      },\r\n      {\r\n        \"name\": \"standardEDSv5Family\",\r\n        \"coreQuota\": 0\r\n      },\r\n      {\r\n        \"name\": \"standardNCADSA100v4Family\",\r\n        \"coreQuota\": 0\r\n      },\r\n      {\r\n        \"name\": \"standardDADSv5Family\",\r\n        \"coreQuota\": 0\r\n      },\r\n      {\r\n        \"name\": \"standardEADSv5Family\",\r\n        \"coreQuota\": 0\r\n      },\r\n      {\r\n        \"name\": \"StandardNVADSA10v5Family\",\r\n        \"coreQuota\": 0\r\n      },\r\n      {\r\n        \"name\": \"standardEBDSv5Family\",\r\n        \"coreQuota\": 0\r\n      },\r\n      {\r\n        \"name\": \"standardHBv4Family\",\r\n        \"coreQuota\": 0\r\n      },\r\n      {\r\n        \"name\": \"standardHXFamily\",\r\n        \"coreQuota\": 0\r\n      },\r\n      {\r\n        \"name\": \"standardLSv3Family\",\r\n        \"coreQuota\": 0\r\n      },\r\n      {\r\n        \"name\": \"standardLASv3Family\",\r\n        \"coreQuota\": 0\r\n      }\r\n    ],\r\n    \"dedicatedCoreQuotaPerVMFamilyEnforced\": true,\r\n    \"lowPriorityCoreQuota\": 0,\r\n    \"poolQuota\": 100,\r\n    \"activeJobAndJobScheduleQuota\": 300,\r\n    \"poolAllocationMode\": \"BatchService\",\r\n    \"publicNetworkAccess\": \"Disabled\",\r\n    \"privateEndpointConnections\": [],\r\n    \"encryption\": {\r\n      \"keySource\": \"Microsoft.Batch\"\r\n    },\r\n    \"allowedAuthenticationModes\": [\r\n      \"SharedKey\",\r\n      \"AAD\",\r\n      \"TaskAuthenticationToken\"\r\n    ]\r\n  },\r\n  \"identity\": {\r\n    \"type\": \"None\"\r\n  }\r\n}",
      "StatusCode": 200
    },
    {
      "RequestUri": "/subscriptions/21abd678-18c5-4660-9fdd-8c5ba6b6fe1f/resourceGroups/ps2300/providers/Microsoft.Network/virtualNetworks/myvnet?api-version=2022-11-01",
      "EncodedRequestUri": "L3N1YnNjcmlwdGlvbnMvMjFhYmQ2NzgtMThjNS00NjYwLTlmZGQtOGM1YmE2YjZmZTFmL3Jlc291cmNlR3JvdXBzL3BzMjMwMC9wcm92aWRlcnMvTWljcm9zb2Z0Lk5ldHdvcmsvdmlydHVhbE5ldHdvcmtzL215dm5ldD9hcGktdmVyc2lvbj0yMDIyLTExLTAx",
      "RequestMethod": "GET",
      "RequestHeaders": {
        "x-ms-client-request-id": [
          "c0b45e48-f384-4f1d-ba5a-fdec8ee4d4fd"
        ],
        "Accept-Language": [
          "en-US"
        ],
        "User-Agent": [
          "FxVersion/4.700.22.55902",
          "OSName/Windows",
          "OSVersion/Microsoft.Windows.10.0.22621",
          "Microsoft.Azure.Management.Network.NetworkManagementClient/27.0.0.0"
        ]
      },
      "RequestBody": "",
      "ResponseHeaders": {
        "Cache-Control": [
          "no-cache"
        ],
        "Pragma": [
          "no-cache"
        ],
        "x-ms-failure-cause": [
          "gateway"
        ],
        "x-ms-request-id": [
          "96c9141d-106d-4161-86a4-40134a7baa02"
        ],
        "x-ms-correlation-request-id": [
          "96c9141d-106d-4161-86a4-40134a7baa02"
        ],
        "x-ms-routing-request-id": [
          "SOUTHEASTASIA:20230616T073148Z:96c9141d-106d-4161-86a4-40134a7baa02"
        ],
        "Strict-Transport-Security": [
          "max-age=31536000; includeSubDomains"
        ],
        "X-Content-Type-Options": [
          "nosniff"
        ],
        "Date": [
          "Fri, 16 Jun 2023 07:31:47 GMT"
        ],
        "Content-Type": [
          "application/json; charset=utf-8"
        ],
        "Expires": [
          "-1"
        ],
        "Content-Length": [
          "218"
        ]
      },
      "ResponseBody": "{\r\n  \"error\": {\r\n    \"code\": \"ResourceNotFound\",\r\n    \"message\": \"The Resource 'Microsoft.Network/virtualNetworks/myvnet' under resource group 'ps2300' was not found. For more details please go to https://aka.ms/ARMResourceNotFoundFix\"\r\n  }\r\n}",
      "StatusCode": 404
    },
    {
      "RequestUri": "/subscriptions/21abd678-18c5-4660-9fdd-8c5ba6b6fe1f/resourceGroups/ps2300/providers/Microsoft.Network/virtualNetworks/myvnet?api-version=2022-11-01",
      "EncodedRequestUri": "L3N1YnNjcmlwdGlvbnMvMjFhYmQ2NzgtMThjNS00NjYwLTlmZGQtOGM1YmE2YjZmZTFmL3Jlc291cmNlR3JvdXBzL3BzMjMwMC9wcm92aWRlcnMvTWljcm9zb2Z0Lk5ldHdvcmsvdmlydHVhbE5ldHdvcmtzL215dm5ldD9hcGktdmVyc2lvbj0yMDIyLTExLTAx",
      "RequestMethod": "GET",
      "RequestHeaders": {
        "x-ms-client-request-id": [
          "c0b45e48-f384-4f1d-ba5a-fdec8ee4d4fd"
        ],
        "User-Agent": [
          "FxVersion/4.700.22.55902",
          "OSName/Windows",
          "OSVersion/Microsoft.Windows.10.0.22621",
          "Microsoft.Azure.Management.Network.NetworkManagementClient/27.0.0.0"
        ]
      },
      "RequestBody": "",
      "ResponseHeaders": {
        "Cache-Control": [
          "no-cache"
        ],
        "Pragma": [
          "no-cache"
        ],
        "ETag": [
          "W/\"6a6c8deb-5a87-4120-b97c-815f0558fa52\""
        ],
        "x-ms-request-id": [
          "b954854b-3305-43b2-ab85-bf6331aee117"
        ],
        "x-ms-correlation-request-id": [
          "1a701704-0e96-4406-90d8-369b630ef73c"
        ],
        "x-ms-arm-service-request-id": [
          "6bb968a2-134d-49cd-8202-2fdf5691df1b"
        ],
        "Strict-Transport-Security": [
          "max-age=31536000; includeSubDomains"
        ],
        "Server": [
          "Microsoft-HTTPAPI/2.0",
          "Microsoft-HTTPAPI/2.0"
        ],
        "x-ms-ratelimit-remaining-subscription-reads": [
          "11997"
        ],
        "x-ms-routing-request-id": [
          "SOUTHEASTASIA:20230616T073157Z:1a701704-0e96-4406-90d8-369b630ef73c"
        ],
        "X-Content-Type-Options": [
          "nosniff"
        ],
        "Date": [
          "Fri, 16 Jun 2023 07:31:57 GMT"
        ],
        "Content-Length": [
          "964"
        ],
        "Content-Type": [
          "application/json; charset=utf-8"
        ],
        "Expires": [
          "-1"
        ]
      },
      "ResponseBody": "{\r\n  \"name\": \"myvnet\",\r\n  \"id\": \"/subscriptions/21abd678-18c5-4660-9fdd-8c5ba6b6fe1f/resourceGroups/ps2300/providers/Microsoft.Network/virtualNetworks/myvnet\",\r\n  \"etag\": \"W/\\\"6a6c8deb-5a87-4120-b97c-815f0558fa52\\\"\",\r\n  \"type\": \"Microsoft.Network/virtualNetworks\",\r\n  \"location\": \"westus2\",\r\n  \"properties\": {\r\n    \"provisioningState\": \"Succeeded\",\r\n    \"resourceGuid\": \"1027f155-a7d8-407e-948a-180dcb75a973\",\r\n    \"addressSpace\": {\r\n      \"addressPrefixes\": [\r\n        \"11.0.0.0/16\"\r\n      ]\r\n    },\r\n    \"subnets\": [\r\n      {\r\n        \"name\": \"mysubnet\",\r\n        \"id\": \"/subscriptions/21abd678-18c5-4660-9fdd-8c5ba6b6fe1f/resourceGroups/ps2300/providers/Microsoft.Network/virtualNetworks/myvnet/subnets/mysubnet\",\r\n        \"etag\": \"W/\\\"6a6c8deb-5a87-4120-b97c-815f0558fa52\\\"\",\r\n        \"properties\": {\r\n          \"provisioningState\": \"Succeeded\",\r\n          \"addressPrefix\": \"11.0.1.0/24\",\r\n          \"serviceEndpoints\": [],\r\n          \"delegations\": [],\r\n          \"privateEndpointNetworkPolicies\": \"Disabled\",\r\n          \"privateLinkServiceNetworkPolicies\": \"Enabled\"\r\n        },\r\n        \"type\": \"Microsoft.Network/virtualNetworks/subnets\"\r\n      }\r\n    ],\r\n    \"virtualNetworkPeerings\": [],\r\n    \"enableDdosProtection\": false\r\n  }\r\n}",
      "StatusCode": 200
    },
    {
      "RequestUri": "/subscriptions/21abd678-18c5-4660-9fdd-8c5ba6b6fe1f/resourceGroups/ps2300/providers/Microsoft.Network/virtualNetworks/myvnet?api-version=2022-11-01",
      "EncodedRequestUri": "L3N1YnNjcmlwdGlvbnMvMjFhYmQ2NzgtMThjNS00NjYwLTlmZGQtOGM1YmE2YjZmZTFmL3Jlc291cmNlR3JvdXBzL3BzMjMwMC9wcm92aWRlcnMvTWljcm9zb2Z0Lk5ldHdvcmsvdmlydHVhbE5ldHdvcmtzL215dm5ldD9hcGktdmVyc2lvbj0yMDIyLTExLTAx",
      "RequestMethod": "GET",
      "RequestHeaders": {
        "x-ms-client-request-id": [
          "c0b45e48-f384-4f1d-ba5a-fdec8ee4d4fd"
        ],
        "Accept-Language": [
          "en-US"
        ],
        "User-Agent": [
          "FxVersion/4.700.22.55902",
          "OSName/Windows",
          "OSVersion/Microsoft.Windows.10.0.22621",
          "Microsoft.Azure.Management.Network.NetworkManagementClient/27.0.0.0"
        ]
      },
      "RequestBody": "",
      "ResponseHeaders": {
        "Cache-Control": [
          "no-cache"
        ],
        "Pragma": [
          "no-cache"
        ],
        "ETag": [
          "W/\"6a6c8deb-5a87-4120-b97c-815f0558fa52\""
        ],
        "x-ms-request-id": [
          "a3cc2fa1-4bde-4d99-9e78-9d516a5098e4"
        ],
        "x-ms-correlation-request-id": [
          "dce4b576-7412-42f5-bef5-56c9f874fce2"
        ],
        "x-ms-arm-service-request-id": [
          "187fb2f7-9e41-4fd2-b03e-b48318d9d33f"
        ],
        "Strict-Transport-Security": [
          "max-age=31536000; includeSubDomains"
        ],
        "Server": [
          "Microsoft-HTTPAPI/2.0",
          "Microsoft-HTTPAPI/2.0"
        ],
        "x-ms-ratelimit-remaining-subscription-reads": [
          "11996"
        ],
        "x-ms-routing-request-id": [
          "SOUTHEASTASIA:20230616T073158Z:dce4b576-7412-42f5-bef5-56c9f874fce2"
        ],
        "X-Content-Type-Options": [
          "nosniff"
        ],
        "Date": [
          "Fri, 16 Jun 2023 07:31:57 GMT"
        ],
        "Content-Length": [
          "964"
        ],
        "Content-Type": [
          "application/json; charset=utf-8"
        ],
        "Expires": [
          "-1"
        ]
      },
      "ResponseBody": "{\r\n  \"name\": \"myvnet\",\r\n  \"id\": \"/subscriptions/21abd678-18c5-4660-9fdd-8c5ba6b6fe1f/resourceGroups/ps2300/providers/Microsoft.Network/virtualNetworks/myvnet\",\r\n  \"etag\": \"W/\\\"6a6c8deb-5a87-4120-b97c-815f0558fa52\\\"\",\r\n  \"type\": \"Microsoft.Network/virtualNetworks\",\r\n  \"location\": \"westus2\",\r\n  \"properties\": {\r\n    \"provisioningState\": \"Succeeded\",\r\n    \"resourceGuid\": \"1027f155-a7d8-407e-948a-180dcb75a973\",\r\n    \"addressSpace\": {\r\n      \"addressPrefixes\": [\r\n        \"11.0.0.0/16\"\r\n      ]\r\n    },\r\n    \"subnets\": [\r\n      {\r\n        \"name\": \"mysubnet\",\r\n        \"id\": \"/subscriptions/21abd678-18c5-4660-9fdd-8c5ba6b6fe1f/resourceGroups/ps2300/providers/Microsoft.Network/virtualNetworks/myvnet/subnets/mysubnet\",\r\n        \"etag\": \"W/\\\"6a6c8deb-5a87-4120-b97c-815f0558fa52\\\"\",\r\n        \"properties\": {\r\n          \"provisioningState\": \"Succeeded\",\r\n          \"addressPrefix\": \"11.0.1.0/24\",\r\n          \"serviceEndpoints\": [],\r\n          \"delegations\": [],\r\n          \"privateEndpointNetworkPolicies\": \"Disabled\",\r\n          \"privateLinkServiceNetworkPolicies\": \"Enabled\"\r\n        },\r\n        \"type\": \"Microsoft.Network/virtualNetworks/subnets\"\r\n      }\r\n    ],\r\n    \"virtualNetworkPeerings\": [],\r\n    \"enableDdosProtection\": false\r\n  }\r\n}",
      "StatusCode": 200
    },
    {
      "RequestUri": "/subscriptions/21abd678-18c5-4660-9fdd-8c5ba6b6fe1f/resourceGroups/ps2300/providers/Microsoft.Network/virtualNetworks/myvnet?api-version=2022-11-01",
      "EncodedRequestUri": "L3N1YnNjcmlwdGlvbnMvMjFhYmQ2NzgtMThjNS00NjYwLTlmZGQtOGM1YmE2YjZmZTFmL3Jlc291cmNlR3JvdXBzL3BzMjMwMC9wcm92aWRlcnMvTWljcm9zb2Z0Lk5ldHdvcmsvdmlydHVhbE5ldHdvcmtzL215dm5ldD9hcGktdmVyc2lvbj0yMDIyLTExLTAx",
      "RequestMethod": "GET",
      "RequestHeaders": {
        "x-ms-client-request-id": [
          "cade130c-d7f1-4a01-95db-5880a54510fa"
        ],
        "Accept-Language": [
          "en-US"
        ],
        "User-Agent": [
          "FxVersion/4.700.22.55902",
          "OSName/Windows",
          "OSVersion/Microsoft.Windows.10.0.22621",
          "Microsoft.Azure.Management.Network.NetworkManagementClient/27.0.0.0"
        ]
      },
      "RequestBody": "",
      "ResponseHeaders": {
        "Cache-Control": [
          "no-cache"
        ],
        "Pragma": [
          "no-cache"
        ],
        "ETag": [
          "W/\"6a6c8deb-5a87-4120-b97c-815f0558fa52\""
        ],
        "x-ms-request-id": [
          "fa4543df-71db-4c51-a8e7-fad3a42c01db"
        ],
        "x-ms-correlation-request-id": [
          "d516e197-490e-440f-927a-6aa966acb8ae"
        ],
        "x-ms-arm-service-request-id": [
          "f5e5e949-8fcf-4922-895f-8788570ffcbb"
        ],
        "Strict-Transport-Security": [
          "max-age=31536000; includeSubDomains"
        ],
        "Server": [
          "Microsoft-HTTPAPI/2.0",
          "Microsoft-HTTPAPI/2.0"
        ],
        "x-ms-ratelimit-remaining-subscription-reads": [
          "11995"
        ],
        "x-ms-routing-request-id": [
          "SOUTHEASTASIA:20230616T073158Z:d516e197-490e-440f-927a-6aa966acb8ae"
        ],
        "X-Content-Type-Options": [
          "nosniff"
        ],
        "Date": [
          "Fri, 16 Jun 2023 07:31:58 GMT"
        ],
        "Content-Length": [
          "964"
        ],
        "Content-Type": [
          "application/json; charset=utf-8"
        ],
        "Expires": [
          "-1"
        ]
      },
      "ResponseBody": "{\r\n  \"name\": \"myvnet\",\r\n  \"id\": \"/subscriptions/21abd678-18c5-4660-9fdd-8c5ba6b6fe1f/resourceGroups/ps2300/providers/Microsoft.Network/virtualNetworks/myvnet\",\r\n  \"etag\": \"W/\\\"6a6c8deb-5a87-4120-b97c-815f0558fa52\\\"\",\r\n  \"type\": \"Microsoft.Network/virtualNetworks\",\r\n  \"location\": \"westus2\",\r\n  \"properties\": {\r\n    \"provisioningState\": \"Succeeded\",\r\n    \"resourceGuid\": \"1027f155-a7d8-407e-948a-180dcb75a973\",\r\n    \"addressSpace\": {\r\n      \"addressPrefixes\": [\r\n        \"11.0.0.0/16\"\r\n      ]\r\n    },\r\n    \"subnets\": [\r\n      {\r\n        \"name\": \"mysubnet\",\r\n        \"id\": \"/subscriptions/21abd678-18c5-4660-9fdd-8c5ba6b6fe1f/resourceGroups/ps2300/providers/Microsoft.Network/virtualNetworks/myvnet/subnets/mysubnet\",\r\n        \"etag\": \"W/\\\"6a6c8deb-5a87-4120-b97c-815f0558fa52\\\"\",\r\n        \"properties\": {\r\n          \"provisioningState\": \"Succeeded\",\r\n          \"addressPrefix\": \"11.0.1.0/24\",\r\n          \"serviceEndpoints\": [],\r\n          \"delegations\": [],\r\n          \"privateEndpointNetworkPolicies\": \"Disabled\",\r\n          \"privateLinkServiceNetworkPolicies\": \"Enabled\"\r\n        },\r\n        \"type\": \"Microsoft.Network/virtualNetworks/subnets\"\r\n      }\r\n    ],\r\n    \"virtualNetworkPeerings\": [],\r\n    \"enableDdosProtection\": false\r\n  }\r\n}",
      "StatusCode": 200
    },
    {
      "RequestUri": "/subscriptions/21abd678-18c5-4660-9fdd-8c5ba6b6fe1f/resourceGroups/ps2300/providers/Microsoft.Network/virtualNetworks/myvnet?api-version=2022-11-01",
      "EncodedRequestUri": "L3N1YnNjcmlwdGlvbnMvMjFhYmQ2NzgtMThjNS00NjYwLTlmZGQtOGM1YmE2YjZmZTFmL3Jlc291cmNlR3JvdXBzL3BzMjMwMC9wcm92aWRlcnMvTWljcm9zb2Z0Lk5ldHdvcmsvdmlydHVhbE5ldHdvcmtzL215dm5ldD9hcGktdmVyc2lvbj0yMDIyLTExLTAx",
      "RequestMethod": "PUT",
      "RequestHeaders": {
        "x-ms-client-request-id": [
          "c0b45e48-f384-4f1d-ba5a-fdec8ee4d4fd"
        ],
        "Accept-Language": [
          "en-US"
        ],
        "User-Agent": [
          "FxVersion/4.700.22.55902",
          "OSName/Windows",
          "OSVersion/Microsoft.Windows.10.0.22621",
          "Microsoft.Azure.Management.Network.NetworkManagementClient/27.0.0.0"
        ],
        "Content-Type": [
          "application/json; charset=utf-8"
        ],
        "Content-Length": [
          "734"
        ]
      },
      "RequestBody": "{\r\n  \"properties\": {\r\n    \"addressSpace\": {\r\n      \"addressPrefixes\": [\r\n        \"11.0.0.0/16\"\r\n      ]\r\n    },\r\n    \"subnets\": [\r\n      {\r\n        \"properties\": {\r\n          \"addressPrefix\": \"11.0.1.0/24\",\r\n          \"addressPrefixes\": [],\r\n          \"serviceEndpoints\": [],\r\n          \"serviceEndpointPolicies\": [],\r\n          \"ipAllocations\": [],\r\n          \"delegations\": [],\r\n          \"privateEndpointNetworkPolicies\": \"Disabled\",\r\n          \"privateLinkServiceNetworkPolicies\": \"Enabled\",\r\n          \"applicationGatewayIPConfigurations\": []\r\n        },\r\n        \"name\": \"mysubnet\"\r\n      }\r\n    ],\r\n    \"virtualNetworkPeerings\": [],\r\n    \"enableDdosProtection\": false,\r\n    \"ipAllocations\": []\r\n  },\r\n  \"location\": \"westus2\"\r\n}",
      "ResponseHeaders": {
        "Cache-Control": [
          "no-cache"
        ],
        "Pragma": [
          "no-cache"
        ],
        "Retry-After": [
          "3"
        ],
        "x-ms-request-id": [
          "3edd2070-3e23-45d7-b7de-dd7250bf640c"
        ],
        "Azure-AsyncOperation": [
          "https://management.azure.com/subscriptions/21abd678-18c5-4660-9fdd-8c5ba6b6fe1f/providers/Microsoft.Network/locations/westus2/operations/3edd2070-3e23-45d7-b7de-dd7250bf640c?api-version=2022-11-01"
        ],
        "x-ms-correlation-request-id": [
          "fedb3d91-3ff5-4836-a5c5-94d2d0b71e1b"
        ],
        "Azure-AsyncNotification": [
          "Enabled"
        ],
        "x-ms-arm-service-request-id": [
          "64fb6b7d-4822-446c-aefa-97fa7d1992ba"
        ],
        "Strict-Transport-Security": [
          "max-age=31536000; includeSubDomains"
        ],
        "Server": [
          "Microsoft-HTTPAPI/2.0",
          "Microsoft-HTTPAPI/2.0"
        ],
        "x-ms-ratelimit-remaining-subscription-writes": [
          "1199"
        ],
        "x-ms-routing-request-id": [
          "SOUTHEASTASIA:20230616T073154Z:fedb3d91-3ff5-4836-a5c5-94d2d0b71e1b"
        ],
        "X-Content-Type-Options": [
          "nosniff"
        ],
        "Date": [
          "Fri, 16 Jun 2023 07:31:53 GMT"
        ],
        "Content-Length": [
          "962"
        ],
        "Content-Type": [
          "application/json; charset=utf-8"
        ],
        "Expires": [
          "-1"
        ]
      },
      "ResponseBody": "{\r\n  \"name\": \"myvnet\",\r\n  \"id\": \"/subscriptions/21abd678-18c5-4660-9fdd-8c5ba6b6fe1f/resourceGroups/ps2300/providers/Microsoft.Network/virtualNetworks/myvnet\",\r\n  \"etag\": \"W/\\\"d75f4e2d-0087-436d-b875-4d63d38c953c\\\"\",\r\n  \"type\": \"Microsoft.Network/virtualNetworks\",\r\n  \"location\": \"westus2\",\r\n  \"properties\": {\r\n    \"provisioningState\": \"Updating\",\r\n    \"resourceGuid\": \"1027f155-a7d8-407e-948a-180dcb75a973\",\r\n    \"addressSpace\": {\r\n      \"addressPrefixes\": [\r\n        \"11.0.0.0/16\"\r\n      ]\r\n    },\r\n    \"subnets\": [\r\n      {\r\n        \"name\": \"mysubnet\",\r\n        \"id\": \"/subscriptions/21abd678-18c5-4660-9fdd-8c5ba6b6fe1f/resourceGroups/ps2300/providers/Microsoft.Network/virtualNetworks/myvnet/subnets/mysubnet\",\r\n        \"etag\": \"W/\\\"d75f4e2d-0087-436d-b875-4d63d38c953c\\\"\",\r\n        \"properties\": {\r\n          \"provisioningState\": \"Updating\",\r\n          \"addressPrefix\": \"11.0.1.0/24\",\r\n          \"serviceEndpoints\": [],\r\n          \"delegations\": [],\r\n          \"privateEndpointNetworkPolicies\": \"Disabled\",\r\n          \"privateLinkServiceNetworkPolicies\": \"Enabled\"\r\n        },\r\n        \"type\": \"Microsoft.Network/virtualNetworks/subnets\"\r\n      }\r\n    ],\r\n    \"virtualNetworkPeerings\": [],\r\n    \"enableDdosProtection\": false\r\n  }\r\n}",
      "StatusCode": 201
    },
    {
      "RequestUri": "/subscriptions/21abd678-18c5-4660-9fdd-8c5ba6b6fe1f/providers/Microsoft.Network/locations/westus2/operations/3edd2070-3e23-45d7-b7de-dd7250bf640c?api-version=2022-11-01",
      "EncodedRequestUri": "L3N1YnNjcmlwdGlvbnMvMjFhYmQ2NzgtMThjNS00NjYwLTlmZGQtOGM1YmE2YjZmZTFmL3Byb3ZpZGVycy9NaWNyb3NvZnQuTmV0d29yay9sb2NhdGlvbnMvd2VzdHVzMi9vcGVyYXRpb25zLzNlZGQyMDcwLTNlMjMtNDVkNy1iN2RlLWRkNzI1MGJmNjQwYz9hcGktdmVyc2lvbj0yMDIyLTExLTAx",
      "RequestMethod": "GET",
      "RequestHeaders": {
        "x-ms-client-request-id": [
          "c0b45e48-f384-4f1d-ba5a-fdec8ee4d4fd"
        ],
        "User-Agent": [
          "FxVersion/4.700.22.55902",
          "OSName/Windows",
          "OSVersion/Microsoft.Windows.10.0.22621",
          "Microsoft.Azure.Management.Network.NetworkManagementClient/27.0.0.0"
        ]
      },
      "RequestBody": "",
      "ResponseHeaders": {
        "Cache-Control": [
          "no-cache"
        ],
        "Pragma": [
          "no-cache"
        ],
        "x-ms-request-id": [
          "582802f6-5c50-4aa4-ba18-a9f52305eefc"
        ],
        "x-ms-correlation-request-id": [
          "ba4fd248-ff31-4192-99f2-b550f8c9b7fe"
        ],
        "x-ms-arm-service-request-id": [
          "7713485e-c704-4f2c-9ff1-2efa5b892823"
        ],
        "Strict-Transport-Security": [
          "max-age=31536000; includeSubDomains"
        ],
        "Server": [
          "Microsoft-HTTPAPI/2.0",
          "Microsoft-HTTPAPI/2.0"
        ],
        "x-ms-ratelimit-remaining-subscription-reads": [
          "11998"
        ],
        "x-ms-routing-request-id": [
          "SOUTHEASTASIA:20230616T073157Z:ba4fd248-ff31-4192-99f2-b550f8c9b7fe"
        ],
        "X-Content-Type-Options": [
          "nosniff"
        ],
        "Date": [
          "Fri, 16 Jun 2023 07:31:57 GMT"
        ],
        "Content-Length": [
          "22"
        ],
        "Content-Type": [
          "application/json; charset=utf-8"
        ],
        "Expires": [
          "-1"
        ]
      },
      "ResponseBody": "{\r\n  \"status\": \"Succeeded\"\r\n}",
      "StatusCode": 200
    },
    {
      "RequestUri": "/subscriptions/21abd678-18c5-4660-9fdd-8c5ba6b6fe1f/resourceGroups/ps2300/providers/Microsoft.Batch/batchAccounts/ps2825/privateLinkResources?api-version=2022-06-01",
      "EncodedRequestUri": "L3N1YnNjcmlwdGlvbnMvMjFhYmQ2NzgtMThjNS00NjYwLTlmZGQtOGM1YmE2YjZmZTFmL3Jlc291cmNlR3JvdXBzL3BzMjMwMC9wcm92aWRlcnMvTWljcm9zb2Z0LkJhdGNoL2JhdGNoQWNjb3VudHMvcHMyODI1L3ByaXZhdGVMaW5rUmVzb3VyY2VzP2FwaS12ZXJzaW9uPTIwMjItMDYtMDE=",
      "RequestMethod": "GET",
      "RequestHeaders": {
        "x-ms-client-request-id": [
          "316d92b1-c7ef-4e20-83da-c164598fb476"
        ],
        "Accept-Language": [
          "en-US"
        ],
        "User-Agent": [
          "FxVersion/4.700.22.55902",
          "OSName/Windows",
          "OSVersion/Microsoft.Windows.10.0.22621",
          "Microsoft.Azure.Internal.Common.AzureRestClient/1.3.76"
        ]
      },
      "RequestBody": "",
      "ResponseHeaders": {
        "Cache-Control": [
          "no-cache"
        ],
        "Pragma": [
          "no-cache"
        ],
        "x-ms-ratelimit-remaining-subscription-reads": [
          "11999"
        ],
        "x-ms-request-id": [
          "dd1d2317-d0bf-4f15-a71d-370060f848b1"
        ],
        "Strict-Transport-Security": [
          "max-age=31536000; includeSubDomains"
        ],
        "X-Content-Type-Options": [
          "nosniff"
        ],
        "Server": [
          "Microsoft-HTTPAPI/2.0"
        ],
        "x-ms-correlation-request-id": [
          "798964a8-b3a4-4cc1-a394-8d45ab46415b"
        ],
        "x-ms-routing-request-id": [
          "SOUTHEASTASIA:20230616T073200Z:798964a8-b3a4-4cc1-a394-8d45ab46415b"
        ],
        "Date": [
          "Fri, 16 Jun 2023 07:32:00 GMT"
        ],
        "Content-Length": [
          "765"
        ],
        "Content-Type": [
          "application/json; charset=utf-8"
        ],
        "Expires": [
          "-1"
        ]
      },
      "ResponseBody": "{\r\n  \"value\": [\r\n    {\r\n      \"id\": \"/subscriptions/21abd678-18c5-4660-9fdd-8c5ba6b6fe1f/resourceGroups/ps2300/providers/Microsoft.Batch/batchAccounts/ps2825/privateLinkResources/batchAccount\",\r\n      \"name\": \"batchAccount\",\r\n      \"type\": \"Microsoft.Batch/batchAccounts/privateLinkResources\",\r\n      \"properties\": {\r\n        \"groupId\": \"batchAccount\",\r\n        \"requiredMembers\": [\r\n          \"batchAccount\"\r\n        ],\r\n        \"requiredZoneNames\": [\r\n          \"privatelink.batch.azure.com\"\r\n        ]\r\n      }\r\n    },\r\n    {\r\n      \"id\": \"/subscriptions/21abd678-18c5-4660-9fdd-8c5ba6b6fe1f/resourceGroups/ps2300/providers/Microsoft.Batch/batchAccounts/ps2825/privateLinkResources/nodeManagement\",\r\n      \"name\": \"nodeManagement\",\r\n      \"type\": \"Microsoft.Batch/batchAccounts/privateLinkResources\",\r\n      \"properties\": {\r\n        \"groupId\": \"nodeManagement\",\r\n        \"requiredMembers\": [\r\n          \"nodeManagement\"\r\n        ],\r\n        \"requiredZoneNames\": [\r\n          \"privatelink.batch.azure.com\"\r\n        ]\r\n      }\r\n    }\r\n  ]\r\n}",
      "StatusCode": 200
    },
    {
      "RequestUri": "/subscriptions/21abd678-18c5-4660-9fdd-8c5ba6b6fe1f/resourceGroups/ps2300/providers/Microsoft.Network/privateEndpoints/mypec?api-version=2022-11-01",
      "EncodedRequestUri": "L3N1YnNjcmlwdGlvbnMvMjFhYmQ2NzgtMThjNS00NjYwLTlmZGQtOGM1YmE2YjZmZTFmL3Jlc291cmNlR3JvdXBzL3BzMjMwMC9wcm92aWRlcnMvTWljcm9zb2Z0Lk5ldHdvcmsvcHJpdmF0ZUVuZHBvaW50cy9teXBlYz9hcGktdmVyc2lvbj0yMDIyLTExLTAx",
      "RequestMethod": "GET",
      "RequestHeaders": {
        "x-ms-client-request-id": [
          "38b2d941-eee3-4707-a720-db50312797f8"
        ],
        "Accept-Language": [
          "en-US"
        ],
        "User-Agent": [
          "FxVersion/4.700.22.55902",
          "OSName/Windows",
          "OSVersion/Microsoft.Windows.10.0.22621",
          "Microsoft.Azure.Management.Network.NetworkManagementClient/27.0.0.0"
        ]
      },
      "RequestBody": "",
      "ResponseHeaders": {
        "Cache-Control": [
          "no-cache"
        ],
        "Pragma": [
          "no-cache"
        ],
        "x-ms-failure-cause": [
          "gateway"
        ],
        "x-ms-request-id": [
          "6871688c-a75d-400a-b7b4-848f4e9433e0"
        ],
        "x-ms-correlation-request-id": [
          "6871688c-a75d-400a-b7b4-848f4e9433e0"
        ],
        "x-ms-routing-request-id": [
          "SOUTHEASTASIA:20230616T073200Z:6871688c-a75d-400a-b7b4-848f4e9433e0"
        ],
        "Strict-Transport-Security": [
          "max-age=31536000; includeSubDomains"
        ],
        "X-Content-Type-Options": [
          "nosniff"
        ],
        "Date": [
          "Fri, 16 Jun 2023 07:32:00 GMT"
        ],
        "Content-Type": [
          "application/json; charset=utf-8"
        ],
        "Expires": [
          "-1"
        ],
        "Content-Length": [
          "218"
        ]
      },
      "ResponseBody": "{\r\n  \"error\": {\r\n    \"code\": \"ResourceNotFound\",\r\n    \"message\": \"The Resource 'Microsoft.Network/privateEndpoints/mypec' under resource group 'ps2300' was not found. For more details please go to https://aka.ms/ARMResourceNotFoundFix\"\r\n  }\r\n}",
      "StatusCode": 404
    },
    {
      "RequestUri": "/subscriptions/21abd678-18c5-4660-9fdd-8c5ba6b6fe1f/resourceGroups/ps2300/providers/Microsoft.Network/privateEndpoints/mypec?api-version=2022-11-01",
      "EncodedRequestUri": "L3N1YnNjcmlwdGlvbnMvMjFhYmQ2NzgtMThjNS00NjYwLTlmZGQtOGM1YmE2YjZmZTFmL3Jlc291cmNlR3JvdXBzL3BzMjMwMC9wcm92aWRlcnMvTWljcm9zb2Z0Lk5ldHdvcmsvcHJpdmF0ZUVuZHBvaW50cy9teXBlYz9hcGktdmVyc2lvbj0yMDIyLTExLTAx",
      "RequestMethod": "GET",
      "RequestHeaders": {
        "x-ms-client-request-id": [
          "38b2d941-eee3-4707-a720-db50312797f8"
        ],
        "User-Agent": [
          "FxVersion/4.700.22.55902",
          "OSName/Windows",
          "OSVersion/Microsoft.Windows.10.0.22621",
          "Microsoft.Azure.Management.Network.NetworkManagementClient/27.0.0.0"
        ]
      },
      "RequestBody": "",
      "ResponseHeaders": {
        "Cache-Control": [
          "no-cache"
        ],
        "Pragma": [
          "no-cache"
        ],
        "ETag": [
          "W/\"9bc7e6d4-f34f-4004-9c01-17ebaaba5997\""
        ],
        "x-ms-request-id": [
          "a4887713-f9e2-41b6-a46f-0c85b51d68a9"
        ],
        "x-ms-correlation-request-id": [
          "b53e1ccf-c8da-4005-a38a-3a24691b340b"
        ],
        "x-ms-arm-service-request-id": [
          "92fb0d38-4b13-4420-9b30-b03d8b8bc785"
        ],
        "Strict-Transport-Security": [
          "max-age=31536000; includeSubDomains"
        ],
        "Server": [
          "Microsoft-HTTPAPI/2.0",
          "Microsoft-HTTPAPI/2.0"
        ],
        "x-ms-ratelimit-remaining-subscription-reads": [
          "11990"
        ],
        "x-ms-routing-request-id": [
          "SOUTHEASTASIA:20230616T073245Z:b53e1ccf-c8da-4005-a38a-3a24691b340b"
        ],
        "X-Content-Type-Options": [
          "nosniff"
        ],
        "Date": [
          "Fri, 16 Jun 2023 07:32:44 GMT"
        ],
        "Content-Length": [
          "1588"
        ],
        "Content-Type": [
          "application/json; charset=utf-8"
        ],
        "Expires": [
          "-1"
        ]
      },
      "ResponseBody": "{\r\n  \"name\": \"mypec\",\r\n  \"id\": \"/subscriptions/21abd678-18c5-4660-9fdd-8c5ba6b6fe1f/resourceGroups/ps2300/providers/Microsoft.Network/privateEndpoints/mypec\",\r\n  \"etag\": \"W/\\\"9bc7e6d4-f34f-4004-9c01-17ebaaba5997\\\"\",\r\n  \"type\": \"Microsoft.Network/privateEndpoints\",\r\n  \"location\": \"westus2\",\r\n  \"properties\": {\r\n    \"provisioningState\": \"Succeeded\",\r\n    \"resourceGuid\": \"7515511d-4ae3-45dd-a139-f8730b735a1d\",\r\n    \"privateLinkServiceConnections\": [],\r\n    \"manualPrivateLinkServiceConnections\": [\r\n      {\r\n        \"name\": \"myplsconnection\",\r\n        \"id\": \"/subscriptions/21abd678-18c5-4660-9fdd-8c5ba6b6fe1f/resourceGroups/ps2300/providers/Microsoft.Network/privateEndpoints/mypec/manualPrivateLinkServiceConnections/myplsconnection\",\r\n        \"etag\": \"W/\\\"9bc7e6d4-f34f-4004-9c01-17ebaaba5997\\\"\",\r\n        \"properties\": {\r\n          \"provisioningState\": \"Succeeded\",\r\n          \"privateLinkServiceId\": \"/subscriptions/21abd678-18c5-4660-9fdd-8c5ba6b6fe1f/resourceGroups/ps2300/providers/Microsoft.Batch/batchAccounts/ps2825\",\r\n          \"groupIds\": [\r\n            \"batchAccount\"\r\n          ],\r\n          \"privateLinkServiceConnectionState\": {\r\n            \"status\": \"Pending\",\r\n            \"description\": \"Manual approval still required\",\r\n            \"actionsRequired\": \"Manual approval required\"\r\n          }\r\n        },\r\n        \"type\": \"Microsoft.Network/privateEndpoints/manualPrivateLinkServiceConnections\"\r\n      }\r\n    ],\r\n    \"customNetworkInterfaceName\": \"\",\r\n    \"subnet\": {\r\n      \"id\": \"/subscriptions/21abd678-18c5-4660-9fdd-8c5ba6b6fe1f/resourceGroups/ps2300/providers/Microsoft.Network/virtualNetworks/myvnet/subnets/mysubnet\"\r\n    },\r\n    \"ipConfigurations\": [],\r\n    \"networkInterfaces\": [\r\n      {\r\n        \"id\": \"/subscriptions/21abd678-18c5-4660-9fdd-8c5ba6b6fe1f/resourceGroups/ps2300/providers/Microsoft.Network/networkInterfaces/mypec.nic.5eec2fe4-ce2f-45bb-829a-3f4731534277\"\r\n      }\r\n    ],\r\n    \"customDnsConfigs\": []\r\n  }\r\n}",
      "StatusCode": 200
    },
    {
      "RequestUri": "/subscriptions/21abd678-18c5-4660-9fdd-8c5ba6b6fe1f/resourceGroups/ps2300/providers/Microsoft.Network/privateEndpoints/mypec?api-version=2022-11-01",
      "EncodedRequestUri": "L3N1YnNjcmlwdGlvbnMvMjFhYmQ2NzgtMThjNS00NjYwLTlmZGQtOGM1YmE2YjZmZTFmL3Jlc291cmNlR3JvdXBzL3BzMjMwMC9wcm92aWRlcnMvTWljcm9zb2Z0Lk5ldHdvcmsvcHJpdmF0ZUVuZHBvaW50cy9teXBlYz9hcGktdmVyc2lvbj0yMDIyLTExLTAx",
      "RequestMethod": "GET",
      "RequestHeaders": {
        "x-ms-client-request-id": [
          "38b2d941-eee3-4707-a720-db50312797f8"
        ],
        "Accept-Language": [
          "en-US"
        ],
        "User-Agent": [
          "FxVersion/4.700.22.55902",
          "OSName/Windows",
          "OSVersion/Microsoft.Windows.10.0.22621",
          "Microsoft.Azure.Management.Network.NetworkManagementClient/27.0.0.0"
        ]
      },
      "RequestBody": "",
      "ResponseHeaders": {
        "Cache-Control": [
          "no-cache"
        ],
        "Pragma": [
          "no-cache"
        ],
        "ETag": [
          "W/\"9bc7e6d4-f34f-4004-9c01-17ebaaba5997\""
        ],
        "x-ms-request-id": [
          "bd7c14b0-4539-4eb1-a627-a3e73446c0a6"
        ],
        "x-ms-correlation-request-id": [
          "712060f9-43c7-4dd5-9d52-96e09377d667"
        ],
        "x-ms-arm-service-request-id": [
          "a42b054a-86b9-4cc6-983b-1db789281682"
        ],
        "Strict-Transport-Security": [
          "max-age=31536000; includeSubDomains"
        ],
        "Server": [
          "Microsoft-HTTPAPI/2.0",
          "Microsoft-HTTPAPI/2.0"
        ],
        "x-ms-ratelimit-remaining-subscription-reads": [
          "11989"
        ],
        "x-ms-routing-request-id": [
          "SOUTHEASTASIA:20230616T073245Z:712060f9-43c7-4dd5-9d52-96e09377d667"
        ],
        "X-Content-Type-Options": [
          "nosniff"
        ],
        "Date": [
          "Fri, 16 Jun 2023 07:32:45 GMT"
        ],
        "Content-Length": [
          "1588"
        ],
        "Content-Type": [
          "application/json; charset=utf-8"
        ],
        "Expires": [
          "-1"
        ]
      },
      "ResponseBody": "{\r\n  \"name\": \"mypec\",\r\n  \"id\": \"/subscriptions/21abd678-18c5-4660-9fdd-8c5ba6b6fe1f/resourceGroups/ps2300/providers/Microsoft.Network/privateEndpoints/mypec\",\r\n  \"etag\": \"W/\\\"9bc7e6d4-f34f-4004-9c01-17ebaaba5997\\\"\",\r\n  \"type\": \"Microsoft.Network/privateEndpoints\",\r\n  \"location\": \"westus2\",\r\n  \"properties\": {\r\n    \"provisioningState\": \"Succeeded\",\r\n    \"resourceGuid\": \"7515511d-4ae3-45dd-a139-f8730b735a1d\",\r\n    \"privateLinkServiceConnections\": [],\r\n    \"manualPrivateLinkServiceConnections\": [\r\n      {\r\n        \"name\": \"myplsconnection\",\r\n        \"id\": \"/subscriptions/21abd678-18c5-4660-9fdd-8c5ba6b6fe1f/resourceGroups/ps2300/providers/Microsoft.Network/privateEndpoints/mypec/manualPrivateLinkServiceConnections/myplsconnection\",\r\n        \"etag\": \"W/\\\"9bc7e6d4-f34f-4004-9c01-17ebaaba5997\\\"\",\r\n        \"properties\": {\r\n          \"provisioningState\": \"Succeeded\",\r\n          \"privateLinkServiceId\": \"/subscriptions/21abd678-18c5-4660-9fdd-8c5ba6b6fe1f/resourceGroups/ps2300/providers/Microsoft.Batch/batchAccounts/ps2825\",\r\n          \"groupIds\": [\r\n            \"batchAccount\"\r\n          ],\r\n          \"privateLinkServiceConnectionState\": {\r\n            \"status\": \"Pending\",\r\n            \"description\": \"Manual approval still required\",\r\n            \"actionsRequired\": \"Manual approval required\"\r\n          }\r\n        },\r\n        \"type\": \"Microsoft.Network/privateEndpoints/manualPrivateLinkServiceConnections\"\r\n      }\r\n    ],\r\n    \"customNetworkInterfaceName\": \"\",\r\n    \"subnet\": {\r\n      \"id\": \"/subscriptions/21abd678-18c5-4660-9fdd-8c5ba6b6fe1f/resourceGroups/ps2300/providers/Microsoft.Network/virtualNetworks/myvnet/subnets/mysubnet\"\r\n    },\r\n    \"ipConfigurations\": [],\r\n    \"networkInterfaces\": [\r\n      {\r\n        \"id\": \"/subscriptions/21abd678-18c5-4660-9fdd-8c5ba6b6fe1f/resourceGroups/ps2300/providers/Microsoft.Network/networkInterfaces/mypec.nic.5eec2fe4-ce2f-45bb-829a-3f4731534277\"\r\n      }\r\n    ],\r\n    \"customDnsConfigs\": []\r\n  }\r\n}",
      "StatusCode": 200
    },
    {
      "RequestUri": "/subscriptions/21abd678-18c5-4660-9fdd-8c5ba6b6fe1f/resourceGroups/ps2300/providers/Microsoft.Network/privateEndpoints/mypec?api-version=2022-11-01",
      "EncodedRequestUri": "L3N1YnNjcmlwdGlvbnMvMjFhYmQ2NzgtMThjNS00NjYwLTlmZGQtOGM1YmE2YjZmZTFmL3Jlc291cmNlR3JvdXBzL3BzMjMwMC9wcm92aWRlcnMvTWljcm9zb2Z0Lk5ldHdvcmsvcHJpdmF0ZUVuZHBvaW50cy9teXBlYz9hcGktdmVyc2lvbj0yMDIyLTExLTAx",
      "RequestMethod": "PUT",
      "RequestHeaders": {
        "x-ms-client-request-id": [
          "38b2d941-eee3-4707-a720-db50312797f8"
        ],
        "Accept-Language": [
          "en-US"
        ],
        "User-Agent": [
          "FxVersion/4.700.22.55902",
          "OSName/Windows",
          "OSVersion/Microsoft.Windows.10.0.22621",
          "Microsoft.Azure.Management.Network.NetworkManagementClient/27.0.0.0"
        ],
        "Content-Type": [
          "application/json; charset=utf-8"
        ],
        "Content-Length": [
          "1168"
        ]
      },
      "RequestBody": "{\r\n  \"properties\": {\r\n    \"subnet\": {\r\n      \"properties\": {\r\n        \"addressPrefix\": \"11.0.1.0/24\",\r\n        \"addressPrefixes\": [],\r\n        \"serviceEndpoints\": [],\r\n        \"serviceEndpointPolicies\": [],\r\n        \"ipAllocations\": [],\r\n        \"delegations\": [],\r\n        \"privateEndpointNetworkPolicies\": \"Disabled\",\r\n        \"privateLinkServiceNetworkPolicies\": \"Enabled\",\r\n        \"applicationGatewayIPConfigurations\": []\r\n      },\r\n      \"name\": \"mysubnet\",\r\n      \"id\": \"/subscriptions/21abd678-18c5-4660-9fdd-8c5ba6b6fe1f/resourceGroups/ps2300/providers/Microsoft.Network/virtualNetworks/myvnet/subnets/mysubnet\"\r\n    },\r\n    \"privateLinkServiceConnections\": [],\r\n    \"manualPrivateLinkServiceConnections\": [\r\n      {\r\n        \"properties\": {\r\n          \"privateLinkServiceId\": \"/subscriptions/21abd678-18c5-4660-9fdd-8c5ba6b6fe1f/resourceGroups/ps2300/providers/Microsoft.Batch/batchAccounts/ps2825\",\r\n          \"groupIds\": [\r\n            \"batchAccount\"\r\n          ]\r\n        },\r\n        \"name\": \"myplsconnection\"\r\n      }\r\n    ],\r\n    \"customDnsConfigs\": [],\r\n    \"applicationSecurityGroups\": [],\r\n    \"ipConfigurations\": []\r\n  },\r\n  \"location\": \"westus2\"\r\n}",
      "ResponseHeaders": {
        "Cache-Control": [
          "no-cache"
        ],
        "Pragma": [
          "no-cache"
        ],
        "Retry-After": [
          "10"
        ],
        "x-ms-request-id": [
          "12daa783-16e0-48cf-a627-3e5ef41396e2"
        ],
        "Azure-AsyncOperation": [
          "https://management.azure.com/subscriptions/21abd678-18c5-4660-9fdd-8c5ba6b6fe1f/providers/Microsoft.Network/locations/westus2/operations/12daa783-16e0-48cf-a627-3e5ef41396e2?api-version=2022-11-01"
        ],
        "x-ms-correlation-request-id": [
          "c1213f00-7824-4201-9238-86a264b73471"
        ],
        "Azure-AsyncNotification": [
          "Enabled"
        ],
        "x-ms-arm-service-request-id": [
          "d3e62ce6-3525-4d0d-9a57-594cc14ae3cb"
        ],
        "Strict-Transport-Security": [
          "max-age=31536000; includeSubDomains"
        ],
        "Server": [
          "Microsoft-HTTPAPI/2.0",
          "Microsoft-HTTPAPI/2.0"
        ],
        "x-ms-ratelimit-remaining-subscription-writes": [
          "1198"
        ],
        "x-ms-routing-request-id": [
          "SOUTHEASTASIA:20230616T073204Z:c1213f00-7824-4201-9238-86a264b73471"
        ],
        "X-Content-Type-Options": [
          "nosniff"
        ],
        "Date": [
          "Fri, 16 Jun 2023 07:32:03 GMT"
        ],
        "Content-Length": [
          "1554"
        ],
        "Content-Type": [
          "application/json; charset=utf-8"
        ],
        "Expires": [
          "-1"
        ]
      },
      "ResponseBody": "{\r\n  \"name\": \"mypec\",\r\n  \"id\": \"/subscriptions/21abd678-18c5-4660-9fdd-8c5ba6b6fe1f/resourceGroups/ps2300/providers/Microsoft.Network/privateEndpoints/mypec\",\r\n  \"etag\": \"W/\\\"539f128a-3461-4ced-a7ad-63a666f8e138\\\"\",\r\n  \"type\": \"Microsoft.Network/privateEndpoints\",\r\n  \"location\": \"westus2\",\r\n  \"properties\": {\r\n    \"provisioningState\": \"Updating\",\r\n    \"resourceGuid\": \"7515511d-4ae3-45dd-a139-f8730b735a1d\",\r\n    \"privateLinkServiceConnections\": [],\r\n    \"manualPrivateLinkServiceConnections\": [\r\n      {\r\n        \"name\": \"myplsconnection\",\r\n        \"id\": \"/subscriptions/21abd678-18c5-4660-9fdd-8c5ba6b6fe1f/resourceGroups/ps2300/providers/Microsoft.Network/privateEndpoints/mypec/manualPrivateLinkServiceConnections/myplsconnection\",\r\n        \"etag\": \"W/\\\"539f128a-3461-4ced-a7ad-63a666f8e138\\\"\",\r\n        \"properties\": {\r\n          \"provisioningState\": \"Succeeded\",\r\n          \"privateLinkServiceId\": \"/subscriptions/21abd678-18c5-4660-9fdd-8c5ba6b6fe1f/resourceGroups/ps2300/providers/Microsoft.Batch/batchAccounts/ps2825\",\r\n          \"groupIds\": [\r\n            \"batchAccount\"\r\n          ],\r\n          \"privateLinkServiceConnectionState\": {\r\n            \"status\": \"Pending\",\r\n            \"description\": \"Awaiting Approval\",\r\n            \"actionsRequired\": \"None\"\r\n          }\r\n        },\r\n        \"type\": \"Microsoft.Network/privateEndpoints/manualPrivateLinkServiceConnections\"\r\n      }\r\n    ],\r\n    \"customNetworkInterfaceName\": \"\",\r\n    \"subnet\": {\r\n      \"id\": \"/subscriptions/21abd678-18c5-4660-9fdd-8c5ba6b6fe1f/resourceGroups/ps2300/providers/Microsoft.Network/virtualNetworks/myvnet/subnets/mysubnet\"\r\n    },\r\n    \"ipConfigurations\": [],\r\n    \"networkInterfaces\": [\r\n      {\r\n        \"id\": \"/subscriptions/21abd678-18c5-4660-9fdd-8c5ba6b6fe1f/resourceGroups/ps2300/providers/Microsoft.Network/networkInterfaces/mypec.nic.5eec2fe4-ce2f-45bb-829a-3f4731534277\"\r\n      }\r\n    ],\r\n    \"customDnsConfigs\": []\r\n  }\r\n}",
      "StatusCode": 201
    },
    {
      "RequestUri": "/subscriptions/21abd678-18c5-4660-9fdd-8c5ba6b6fe1f/providers/Microsoft.Network/locations/westus2/operations/12daa783-16e0-48cf-a627-3e5ef41396e2?api-version=2022-11-01",
      "EncodedRequestUri": "L3N1YnNjcmlwdGlvbnMvMjFhYmQ2NzgtMThjNS00NjYwLTlmZGQtOGM1YmE2YjZmZTFmL3Byb3ZpZGVycy9NaWNyb3NvZnQuTmV0d29yay9sb2NhdGlvbnMvd2VzdHVzMi9vcGVyYXRpb25zLzEyZGFhNzgzLTE2ZTAtNDhjZi1hNjI3LTNlNWVmNDEzOTZlMj9hcGktdmVyc2lvbj0yMDIyLTExLTAx",
      "RequestMethod": "GET",
      "RequestHeaders": {
        "x-ms-client-request-id": [
          "38b2d941-eee3-4707-a720-db50312797f8"
        ],
        "User-Agent": [
          "FxVersion/4.700.22.55902",
          "OSName/Windows",
          "OSVersion/Microsoft.Windows.10.0.22621",
          "Microsoft.Azure.Management.Network.NetworkManagementClient/27.0.0.0"
        ]
      },
      "RequestBody": "",
      "ResponseHeaders": {
        "Cache-Control": [
          "no-cache"
        ],
        "Pragma": [
          "no-cache"
        ],
        "Retry-After": [
          "10"
        ],
        "x-ms-request-id": [
          "61e9c7a3-6aa2-43f9-a7ff-e57fd957d910"
        ],
        "x-ms-correlation-request-id": [
          "bc930162-ac9b-4c16-8ad2-e987b241e740"
        ],
        "x-ms-arm-service-request-id": [
          "8acbd4fd-c602-4aa3-9fa5-e28cb835dc32"
        ],
        "Strict-Transport-Security": [
          "max-age=31536000; includeSubDomains"
        ],
        "Server": [
          "Microsoft-HTTPAPI/2.0",
          "Microsoft-HTTPAPI/2.0"
        ],
        "x-ms-ratelimit-remaining-subscription-reads": [
          "11993"
        ],
        "x-ms-routing-request-id": [
          "SOUTHEASTASIA:20230616T073214Z:bc930162-ac9b-4c16-8ad2-e987b241e740"
        ],
        "X-Content-Type-Options": [
          "nosniff"
        ],
        "Date": [
          "Fri, 16 Jun 2023 07:32:13 GMT"
        ],
        "Content-Length": [
          "23"
        ],
        "Content-Type": [
          "application/json; charset=utf-8"
        ],
        "Expires": [
          "-1"
        ]
      },
      "ResponseBody": "{\r\n  \"status\": \"InProgress\"\r\n}",
      "StatusCode": 200
    },
    {
      "RequestUri": "/subscriptions/21abd678-18c5-4660-9fdd-8c5ba6b6fe1f/providers/Microsoft.Network/locations/westus2/operations/12daa783-16e0-48cf-a627-3e5ef41396e2?api-version=2022-11-01",
      "EncodedRequestUri": "L3N1YnNjcmlwdGlvbnMvMjFhYmQ2NzgtMThjNS00NjYwLTlmZGQtOGM1YmE2YjZmZTFmL3Byb3ZpZGVycy9NaWNyb3NvZnQuTmV0d29yay9sb2NhdGlvbnMvd2VzdHVzMi9vcGVyYXRpb25zLzEyZGFhNzgzLTE2ZTAtNDhjZi1hNjI3LTNlNWVmNDEzOTZlMj9hcGktdmVyc2lvbj0yMDIyLTExLTAx",
      "RequestMethod": "GET",
      "RequestHeaders": {
        "x-ms-client-request-id": [
          "38b2d941-eee3-4707-a720-db50312797f8"
        ],
        "User-Agent": [
          "FxVersion/4.700.22.55902",
          "OSName/Windows",
          "OSVersion/Microsoft.Windows.10.0.22621",
          "Microsoft.Azure.Management.Network.NetworkManagementClient/27.0.0.0"
        ]
      },
      "RequestBody": "",
      "ResponseHeaders": {
        "Cache-Control": [
          "no-cache"
        ],
        "Pragma": [
          "no-cache"
        ],
        "Retry-After": [
          "20"
        ],
        "x-ms-request-id": [
          "8ce90509-2f2d-4115-b2d3-5a14eee46dc9"
        ],
        "x-ms-correlation-request-id": [
          "44ef146c-13b4-4c76-b712-065e8995f92c"
        ],
        "x-ms-arm-service-request-id": [
          "21636954-f9a0-4f63-8097-e27ac5b75912"
        ],
        "Strict-Transport-Security": [
          "max-age=31536000; includeSubDomains"
        ],
        "Server": [
          "Microsoft-HTTPAPI/2.0",
          "Microsoft-HTTPAPI/2.0"
        ],
        "x-ms-ratelimit-remaining-subscription-reads": [
          "11992"
        ],
        "x-ms-routing-request-id": [
          "SOUTHEASTASIA:20230616T073224Z:44ef146c-13b4-4c76-b712-065e8995f92c"
        ],
        "X-Content-Type-Options": [
          "nosniff"
        ],
        "Date": [
          "Fri, 16 Jun 2023 07:32:24 GMT"
        ],
        "Content-Length": [
          "23"
        ],
        "Content-Type": [
          "application/json; charset=utf-8"
        ],
        "Expires": [
          "-1"
        ]
      },
      "ResponseBody": "{\r\n  \"status\": \"InProgress\"\r\n}",
      "StatusCode": 200
    },
    {
      "RequestUri": "/subscriptions/21abd678-18c5-4660-9fdd-8c5ba6b6fe1f/providers/Microsoft.Network/locations/westus2/operations/12daa783-16e0-48cf-a627-3e5ef41396e2?api-version=2022-11-01",
      "EncodedRequestUri": "L3N1YnNjcmlwdGlvbnMvMjFhYmQ2NzgtMThjNS00NjYwLTlmZGQtOGM1YmE2YjZmZTFmL3Byb3ZpZGVycy9NaWNyb3NvZnQuTmV0d29yay9sb2NhdGlvbnMvd2VzdHVzMi9vcGVyYXRpb25zLzEyZGFhNzgzLTE2ZTAtNDhjZi1hNjI3LTNlNWVmNDEzOTZlMj9hcGktdmVyc2lvbj0yMDIyLTExLTAx",
      "RequestMethod": "GET",
      "RequestHeaders": {
        "x-ms-client-request-id": [
          "38b2d941-eee3-4707-a720-db50312797f8"
        ],
        "User-Agent": [
          "FxVersion/4.700.22.55902",
          "OSName/Windows",
          "OSVersion/Microsoft.Windows.10.0.22621",
          "Microsoft.Azure.Management.Network.NetworkManagementClient/27.0.0.0"
        ]
      },
      "RequestBody": "",
      "ResponseHeaders": {
        "Cache-Control": [
          "no-cache"
        ],
        "Pragma": [
          "no-cache"
        ],
        "x-ms-request-id": [
          "3ce247d2-3a03-4af3-b5d0-7e0739b71b3c"
        ],
        "x-ms-correlation-request-id": [
          "9ea3e002-0467-4e33-a303-df1731388849"
        ],
        "x-ms-arm-service-request-id": [
          "7ea30267-23d1-4591-9e18-d761553d05de"
        ],
        "Strict-Transport-Security": [
          "max-age=31536000; includeSubDomains"
        ],
        "Server": [
          "Microsoft-HTTPAPI/2.0",
          "Microsoft-HTTPAPI/2.0"
        ],
        "x-ms-ratelimit-remaining-subscription-reads": [
          "11991"
        ],
        "x-ms-routing-request-id": [
          "SOUTHEASTASIA:20230616T073245Z:9ea3e002-0467-4e33-a303-df1731388849"
        ],
        "X-Content-Type-Options": [
          "nosniff"
        ],
        "Date": [
          "Fri, 16 Jun 2023 07:32:44 GMT"
        ],
        "Content-Length": [
          "22"
        ],
        "Content-Type": [
          "application/json; charset=utf-8"
        ],
        "Expires": [
          "-1"
        ]
      },
      "ResponseBody": "{\r\n  \"status\": \"Succeeded\"\r\n}",
      "StatusCode": 200
    },
    {
      "RequestUri": "/subscriptions/21abd678-18c5-4660-9fdd-8c5ba6b6fe1f/resourceGroups/ps2300/providers/Microsoft.Batch/batchAccounts/ps2825/privateEndpointConnections?api-version=2022-06-01",
      "EncodedRequestUri": "L3N1YnNjcmlwdGlvbnMvMjFhYmQ2NzgtMThjNS00NjYwLTlmZGQtOGM1YmE2YjZmZTFmL3Jlc291cmNlR3JvdXBzL3BzMjMwMC9wcm92aWRlcnMvTWljcm9zb2Z0LkJhdGNoL2JhdGNoQWNjb3VudHMvcHMyODI1L3ByaXZhdGVFbmRwb2ludENvbm5lY3Rpb25zP2FwaS12ZXJzaW9uPTIwMjItMDYtMDE=",
      "RequestMethod": "GET",
      "RequestHeaders": {
        "x-ms-client-request-id": [
          "adc824c3-f685-4d89-89d8-149070319068"
        ],
        "Accept-Language": [
          "en-US"
        ],
        "User-Agent": [
          "FxVersion/4.700.22.55902",
          "OSName/Windows",
          "OSVersion/Microsoft.Windows.10.0.22621",
          "Microsoft.Azure.Internal.Common.AzureRestClient/1.3.76"
        ]
      },
      "RequestBody": "",
      "ResponseHeaders": {
        "Cache-Control": [
          "no-cache"
        ],
        "Pragma": [
          "no-cache"
        ],
        "x-ms-ratelimit-remaining-subscription-reads": [
          "11998"
        ],
        "x-ms-request-id": [
          "99687e65-b30e-4608-b1cb-92d4edd14e31"
        ],
        "Strict-Transport-Security": [
          "max-age=31536000; includeSubDomains"
        ],
        "X-Content-Type-Options": [
          "nosniff"
        ],
        "Server": [
          "Microsoft-HTTPAPI/2.0"
        ],
        "x-ms-correlation-request-id": [
          "cf3f1209-6f0f-4245-bee5-dca46a969fc9"
        ],
        "x-ms-routing-request-id": [
          "SOUTHEASTASIA:20230616T073246Z:cf3f1209-6f0f-4245-bee5-dca46a969fc9"
        ],
        "Date": [
          "Fri, 16 Jun 2023 07:32:45 GMT"
        ],
        "Content-Length": [
          "738"
        ],
        "Content-Type": [
          "application/json; charset=utf-8"
        ],
        "Expires": [
          "-1"
        ]
      },
      "ResponseBody": "{\r\n  \"value\": [\r\n    {\r\n      \"id\": \"/subscriptions/21abd678-18c5-4660-9fdd-8c5ba6b6fe1f/resourceGroups/ps2300/providers/Microsoft.Batch/batchAccounts/ps2825/privateEndpointConnections/mypec.7515511d-4ae3-45dd-a139-f8730b735a1d\",\r\n      \"name\": \"mypec.7515511d-4ae3-45dd-a139-f8730b735a1d\",\r\n      \"type\": \"Microsoft.Batch/batchAccounts/privateEndpointConnections\",\r\n      \"etag\": \"W/\\\"0x8DB6E3BCE7E3BF8\\\"\",\r\n      \"properties\": {\r\n        \"provisioningState\": \"Succeeded\",\r\n        \"privateEndpoint\": {\r\n          \"id\": \"/subscriptions/21abd678-18c5-4660-9fdd-8c5ba6b6fe1f/resourceGroups/ps2300/providers/Microsoft.Network/privateEndpoints/mypec\"\r\n        },\r\n        \"privateLinkServiceConnectionState\": {\r\n          \"status\": \"Pending\",\r\n          \"description\": \"Manual approval still required\",\r\n          \"actionsRequired\": \"Manual approval required\"\r\n        },\r\n        \"groupIds\": [\r\n          \"batchAccount\"\r\n        ]\r\n      }\r\n    }\r\n  ]\r\n}",
      "StatusCode": 200
    },
    {
      "RequestUri": "/subscriptions/21abd678-18c5-4660-9fdd-8c5ba6b6fe1f/resourcegroups/ps2300?api-version=2016-09-01",
      "EncodedRequestUri": "L3N1YnNjcmlwdGlvbnMvMjFhYmQ2NzgtMThjNS00NjYwLTlmZGQtOGM1YmE2YjZmZTFmL3Jlc291cmNlZ3JvdXBzL3BzMjMwMD9hcGktdmVyc2lvbj0yMDE2LTA5LTAx",
      "RequestMethod": "DELETE",
      "RequestHeaders": {
        "x-ms-client-request-id": [
          "cb6a38e4-69db-4890-ae03-e7acd557e139"
        ],
        "Accept-Language": [
          "en-US"
        ],
        "User-Agent": [
          "FxVersion/4.700.22.55902",
          "OSName/Windows",
          "OSVersion/Microsoft.Windows.10.0.22621",
          "Microsoft.Azure.Management.Internal.Resources.ResourceManagementClient/1.3.76"
        ]
      },
      "RequestBody": "",
      "ResponseHeaders": {
        "Cache-Control": [
          "no-cache"
        ],
        "Pragma": [
          "no-cache"
        ],
        "Location": [
          "https://management.azure.com/subscriptions/21abd678-18c5-4660-9fdd-8c5ba6b6fe1f/operationresults/eyJqb2JJZCI6IlJFU09VUkNFR1JPVVBERUxFVElPTkpPQi1QUzIzMDAtV0VTVFVTMiIsImpvYkxvY2F0aW9uIjoid2VzdHVzMiJ9?api-version=2016-09-01"
        ],
        "Retry-After": [
          "15"
        ],
        "x-ms-ratelimit-remaining-subscription-deletes": [
          "14999"
        ],
        "x-ms-request-id": [
          "ed0e6ae2-34d8-42b9-b916-db5264feef89"
        ],
        "x-ms-correlation-request-id": [
          "ed0e6ae2-34d8-42b9-b916-db5264feef89"
        ],
        "x-ms-routing-request-id": [
          "SOUTHEASTASIA:20230616T073249Z:ed0e6ae2-34d8-42b9-b916-db5264feef89"
        ],
        "Strict-Transport-Security": [
          "max-age=31536000; includeSubDomains"
        ],
        "X-Content-Type-Options": [
          "nosniff"
        ],
        "Date": [
          "Fri, 16 Jun 2023 07:32:49 GMT"
        ],
        "Expires": [
          "-1"
        ],
        "Content-Length": [
          "0"
        ]
      },
      "ResponseBody": "",
      "StatusCode": 202
    },
    {
      "RequestUri": "/subscriptions/21abd678-18c5-4660-9fdd-8c5ba6b6fe1f/operationresults/eyJqb2JJZCI6IlJFU09VUkNFR1JPVVBERUxFVElPTkpPQi1QUzIzMDAtV0VTVFVTMiIsImpvYkxvY2F0aW9uIjoid2VzdHVzMiJ9?api-version=2016-09-01",
      "EncodedRequestUri": "L3N1YnNjcmlwdGlvbnMvMjFhYmQ2NzgtMThjNS00NjYwLTlmZGQtOGM1YmE2YjZmZTFmL29wZXJhdGlvbnJlc3VsdHMvZXlKcWIySkpaQ0k2SWxKRlUwOVZVa05GUjFKUFZWQkVSVXhGVkVsUFRrcFBRaTFRVXpJek1EQXRWMFZUVkZWVE1pSXNJbXB2WWt4dlkyRjBhVzl1SWpvaWQyVnpkSFZ6TWlKOT9hcGktdmVyc2lvbj0yMDE2LTA5LTAx",
      "RequestMethod": "GET",
      "RequestHeaders": {
        "User-Agent": [
          "FxVersion/4.700.22.55902",
          "OSName/Windows",
          "OSVersion/Microsoft.Windows.10.0.22621",
          "Microsoft.Azure.Management.Internal.Resources.ResourceManagementClient/1.3.76"
        ]
      },
      "RequestBody": "",
      "ResponseHeaders": {
        "Cache-Control": [
          "no-cache"
        ],
        "Pragma": [
          "no-cache"
        ],
        "Location": [
          "https://management.azure.com/subscriptions/21abd678-18c5-4660-9fdd-8c5ba6b6fe1f/operationresults/eyJqb2JJZCI6IlJFU09VUkNFR1JPVVBERUxFVElPTkpPQi1QUzIzMDAtV0VTVFVTMiIsImpvYkxvY2F0aW9uIjoid2VzdHVzMiJ9?api-version=2016-09-01"
        ],
        "Retry-After": [
          "15"
        ],
        "x-ms-ratelimit-remaining-subscription-reads": [
          "11998"
        ],
        "x-ms-request-id": [
          "f0cf698a-fb99-49c5-80fd-0a22a6d798f3"
        ],
        "x-ms-correlation-request-id": [
          "f0cf698a-fb99-49c5-80fd-0a22a6d798f3"
        ],
        "x-ms-routing-request-id": [
          "SOUTHEASTASIA:20230616T073305Z:f0cf698a-fb99-49c5-80fd-0a22a6d798f3"
        ],
        "Strict-Transport-Security": [
          "max-age=31536000; includeSubDomains"
        ],
        "X-Content-Type-Options": [
          "nosniff"
        ],
        "Date": [
          "Fri, 16 Jun 2023 07:33:04 GMT"
        ],
        "Expires": [
          "-1"
        ],
        "Content-Length": [
          "0"
        ]
      },
      "ResponseBody": "",
      "StatusCode": 202
    },
    {
      "RequestUri": "/subscriptions/21abd678-18c5-4660-9fdd-8c5ba6b6fe1f/operationresults/eyJqb2JJZCI6IlJFU09VUkNFR1JPVVBERUxFVElPTkpPQi1QUzIzMDAtV0VTVFVTMiIsImpvYkxvY2F0aW9uIjoid2VzdHVzMiJ9?api-version=2016-09-01",
      "EncodedRequestUri": "L3N1YnNjcmlwdGlvbnMvMjFhYmQ2NzgtMThjNS00NjYwLTlmZGQtOGM1YmE2YjZmZTFmL29wZXJhdGlvbnJlc3VsdHMvZXlKcWIySkpaQ0k2SWxKRlUwOVZVa05GUjFKUFZWQkVSVXhGVkVsUFRrcFBRaTFRVXpJek1EQXRWMFZUVkZWVE1pSXNJbXB2WWt4dlkyRjBhVzl1SWpvaWQyVnpkSFZ6TWlKOT9hcGktdmVyc2lvbj0yMDE2LTA5LTAx",
      "RequestMethod": "GET",
      "RequestHeaders": {
        "User-Agent": [
          "FxVersion/4.700.22.55902",
          "OSName/Windows",
          "OSVersion/Microsoft.Windows.10.0.22621",
          "Microsoft.Azure.Management.Internal.Resources.ResourceManagementClient/1.3.76"
        ]
      },
      "RequestBody": "",
      "ResponseHeaders": {
        "Cache-Control": [
          "no-cache"
        ],
        "Pragma": [
          "no-cache"
        ],
        "Location": [
          "https://management.azure.com/subscriptions/21abd678-18c5-4660-9fdd-8c5ba6b6fe1f/operationresults/eyJqb2JJZCI6IlJFU09VUkNFR1JPVVBERUxFVElPTkpPQi1QUzIzMDAtV0VTVFVTMiIsImpvYkxvY2F0aW9uIjoid2VzdHVzMiJ9?api-version=2016-09-01"
        ],
        "Retry-After": [
          "15"
        ],
        "x-ms-ratelimit-remaining-subscription-reads": [
          "11997"
        ],
        "x-ms-request-id": [
          "2804a013-77aa-4fa0-963d-4473ee15949b"
        ],
        "x-ms-correlation-request-id": [
          "2804a013-77aa-4fa0-963d-4473ee15949b"
        ],
        "x-ms-routing-request-id": [
          "SOUTHEASTASIA:20230616T073320Z:2804a013-77aa-4fa0-963d-4473ee15949b"
        ],
        "Strict-Transport-Security": [
          "max-age=31536000; includeSubDomains"
        ],
        "X-Content-Type-Options": [
          "nosniff"
        ],
        "Date": [
          "Fri, 16 Jun 2023 07:33:19 GMT"
        ],
        "Expires": [
          "-1"
        ],
        "Content-Length": [
          "0"
        ]
      },
      "ResponseBody": "",
      "StatusCode": 202
    },
    {
      "RequestUri": "/subscriptions/21abd678-18c5-4660-9fdd-8c5ba6b6fe1f/operationresults/eyJqb2JJZCI6IlJFU09VUkNFR1JPVVBERUxFVElPTkpPQi1QUzIzMDAtV0VTVFVTMiIsImpvYkxvY2F0aW9uIjoid2VzdHVzMiJ9?api-version=2016-09-01",
      "EncodedRequestUri": "L3N1YnNjcmlwdGlvbnMvMjFhYmQ2NzgtMThjNS00NjYwLTlmZGQtOGM1YmE2YjZmZTFmL29wZXJhdGlvbnJlc3VsdHMvZXlKcWIySkpaQ0k2SWxKRlUwOVZVa05GUjFKUFZWQkVSVXhGVkVsUFRrcFBRaTFRVXpJek1EQXRWMFZUVkZWVE1pSXNJbXB2WWt4dlkyRjBhVzl1SWpvaWQyVnpkSFZ6TWlKOT9hcGktdmVyc2lvbj0yMDE2LTA5LTAx",
      "RequestMethod": "GET",
      "RequestHeaders": {
        "User-Agent": [
          "FxVersion/4.700.22.55902",
          "OSName/Windows",
          "OSVersion/Microsoft.Windows.10.0.22621",
          "Microsoft.Azure.Management.Internal.Resources.ResourceManagementClient/1.3.76"
        ]
      },
      "RequestBody": "",
      "ResponseHeaders": {
        "Cache-Control": [
          "no-cache"
        ],
        "Pragma": [
          "no-cache"
        ],
        "Location": [
          "https://management.azure.com/subscriptions/21abd678-18c5-4660-9fdd-8c5ba6b6fe1f/operationresults/eyJqb2JJZCI6IlJFU09VUkNFR1JPVVBERUxFVElPTkpPQi1QUzIzMDAtV0VTVFVTMiIsImpvYkxvY2F0aW9uIjoid2VzdHVzMiJ9?api-version=2016-09-01"
        ],
        "Retry-After": [
          "15"
        ],
        "x-ms-ratelimit-remaining-subscription-reads": [
          "11996"
        ],
        "x-ms-request-id": [
          "01c6eb58-b438-406b-8886-3210f75a0e62"
        ],
        "x-ms-correlation-request-id": [
          "01c6eb58-b438-406b-8886-3210f75a0e62"
        ],
        "x-ms-routing-request-id": [
          "SOUTHEASTASIA:20230616T073335Z:01c6eb58-b438-406b-8886-3210f75a0e62"
        ],
        "Strict-Transport-Security": [
          "max-age=31536000; includeSubDomains"
        ],
        "X-Content-Type-Options": [
          "nosniff"
        ],
        "Date": [
          "Fri, 16 Jun 2023 07:33:35 GMT"
        ],
        "Expires": [
          "-1"
        ],
        "Content-Length": [
          "0"
        ]
      },
      "ResponseBody": "",
      "StatusCode": 202
    },
    {
      "RequestUri": "/subscriptions/21abd678-18c5-4660-9fdd-8c5ba6b6fe1f/operationresults/eyJqb2JJZCI6IlJFU09VUkNFR1JPVVBERUxFVElPTkpPQi1QUzIzMDAtV0VTVFVTMiIsImpvYkxvY2F0aW9uIjoid2VzdHVzMiJ9?api-version=2016-09-01",
      "EncodedRequestUri": "L3N1YnNjcmlwdGlvbnMvMjFhYmQ2NzgtMThjNS00NjYwLTlmZGQtOGM1YmE2YjZmZTFmL29wZXJhdGlvbnJlc3VsdHMvZXlKcWIySkpaQ0k2SWxKRlUwOVZVa05GUjFKUFZWQkVSVXhGVkVsUFRrcFBRaTFRVXpJek1EQXRWMFZUVkZWVE1pSXNJbXB2WWt4dlkyRjBhVzl1SWpvaWQyVnpkSFZ6TWlKOT9hcGktdmVyc2lvbj0yMDE2LTA5LTAx",
      "RequestMethod": "GET",
      "RequestHeaders": {
        "User-Agent": [
          "FxVersion/4.700.22.55902",
          "OSName/Windows",
          "OSVersion/Microsoft.Windows.10.0.22621",
          "Microsoft.Azure.Management.Internal.Resources.ResourceManagementClient/1.3.76"
        ]
      },
      "RequestBody": "",
      "ResponseHeaders": {
        "Cache-Control": [
          "no-cache"
        ],
        "Pragma": [
          "no-cache"
        ],
        "Location": [
          "https://management.azure.com/subscriptions/21abd678-18c5-4660-9fdd-8c5ba6b6fe1f/operationresults/eyJqb2JJZCI6IlJFU09VUkNFR1JPVVBERUxFVElPTkpPQi1QUzIzMDAtV0VTVFVTMiIsImpvYkxvY2F0aW9uIjoid2VzdHVzMiJ9?api-version=2016-09-01"
        ],
        "Retry-After": [
          "15"
        ],
        "x-ms-ratelimit-remaining-subscription-reads": [
          "11995"
        ],
        "x-ms-request-id": [
          "35069116-7ddd-48e6-886c-92b033a2d435"
        ],
        "x-ms-correlation-request-id": [
          "35069116-7ddd-48e6-886c-92b033a2d435"
        ],
        "x-ms-routing-request-id": [
          "SOUTHEASTASIA:20230616T073351Z:35069116-7ddd-48e6-886c-92b033a2d435"
        ],
        "Strict-Transport-Security": [
          "max-age=31536000; includeSubDomains"
        ],
        "X-Content-Type-Options": [
          "nosniff"
        ],
        "Date": [
          "Fri, 16 Jun 2023 07:33:50 GMT"
        ],
        "Expires": [
          "-1"
        ],
        "Content-Length": [
          "0"
        ]
      },
      "ResponseBody": "",
      "StatusCode": 202
    },
    {
      "RequestUri": "/subscriptions/21abd678-18c5-4660-9fdd-8c5ba6b6fe1f/operationresults/eyJqb2JJZCI6IlJFU09VUkNFR1JPVVBERUxFVElPTkpPQi1QUzIzMDAtV0VTVFVTMiIsImpvYkxvY2F0aW9uIjoid2VzdHVzMiJ9?api-version=2016-09-01",
      "EncodedRequestUri": "L3N1YnNjcmlwdGlvbnMvMjFhYmQ2NzgtMThjNS00NjYwLTlmZGQtOGM1YmE2YjZmZTFmL29wZXJhdGlvbnJlc3VsdHMvZXlKcWIySkpaQ0k2SWxKRlUwOVZVa05GUjFKUFZWQkVSVXhGVkVsUFRrcFBRaTFRVXpJek1EQXRWMFZUVkZWVE1pSXNJbXB2WWt4dlkyRjBhVzl1SWpvaWQyVnpkSFZ6TWlKOT9hcGktdmVyc2lvbj0yMDE2LTA5LTAx",
      "RequestMethod": "GET",
      "RequestHeaders": {
        "User-Agent": [
          "FxVersion/4.700.22.55902",
          "OSName/Windows",
          "OSVersion/Microsoft.Windows.10.0.22621",
          "Microsoft.Azure.Management.Internal.Resources.ResourceManagementClient/1.3.76"
        ]
      },
      "RequestBody": "",
      "ResponseHeaders": {
        "Cache-Control": [
          "no-cache"
        ],
        "Pragma": [
          "no-cache"
        ],
        "Location": [
          "https://management.azure.com/subscriptions/21abd678-18c5-4660-9fdd-8c5ba6b6fe1f/operationresults/eyJqb2JJZCI6IlJFU09VUkNFR1JPVVBERUxFVElPTkpPQi1QUzIzMDAtV0VTVFVTMiIsImpvYkxvY2F0aW9uIjoid2VzdHVzMiJ9?api-version=2016-09-01"
        ],
        "Retry-After": [
          "15"
        ],
        "x-ms-ratelimit-remaining-subscription-reads": [
          "11994"
        ],
        "x-ms-request-id": [
          "7494e58a-fce2-403d-95ed-df41f7ff95c4"
        ],
        "x-ms-correlation-request-id": [
          "7494e58a-fce2-403d-95ed-df41f7ff95c4"
        ],
        "x-ms-routing-request-id": [
          "SOUTHEASTASIA:20230616T073406Z:7494e58a-fce2-403d-95ed-df41f7ff95c4"
        ],
        "Strict-Transport-Security": [
          "max-age=31536000; includeSubDomains"
        ],
        "X-Content-Type-Options": [
          "nosniff"
        ],
        "Date": [
          "Fri, 16 Jun 2023 07:34:06 GMT"
        ],
        "Expires": [
          "-1"
        ],
        "Content-Length": [
          "0"
        ]
      },
      "ResponseBody": "",
      "StatusCode": 202
    },
    {
      "RequestUri": "/subscriptions/21abd678-18c5-4660-9fdd-8c5ba6b6fe1f/operationresults/eyJqb2JJZCI6IlJFU09VUkNFR1JPVVBERUxFVElPTkpPQi1QUzIzMDAtV0VTVFVTMiIsImpvYkxvY2F0aW9uIjoid2VzdHVzMiJ9?api-version=2016-09-01",
      "EncodedRequestUri": "L3N1YnNjcmlwdGlvbnMvMjFhYmQ2NzgtMThjNS00NjYwLTlmZGQtOGM1YmE2YjZmZTFmL29wZXJhdGlvbnJlc3VsdHMvZXlKcWIySkpaQ0k2SWxKRlUwOVZVa05GUjFKUFZWQkVSVXhGVkVsUFRrcFBRaTFRVXpJek1EQXRWMFZUVkZWVE1pSXNJbXB2WWt4dlkyRjBhVzl1SWpvaWQyVnpkSFZ6TWlKOT9hcGktdmVyc2lvbj0yMDE2LTA5LTAx",
      "RequestMethod": "GET",
      "RequestHeaders": {
        "User-Agent": [
          "FxVersion/4.700.22.55902",
          "OSName/Windows",
          "OSVersion/Microsoft.Windows.10.0.22621",
          "Microsoft.Azure.Management.Internal.Resources.ResourceManagementClient/1.3.76"
        ]
      },
      "RequestBody": "",
      "ResponseHeaders": {
        "Cache-Control": [
          "no-cache"
        ],
        "Pragma": [
          "no-cache"
        ],
        "Location": [
          "https://management.azure.com/subscriptions/21abd678-18c5-4660-9fdd-8c5ba6b6fe1f/operationresults/eyJqb2JJZCI6IlJFU09VUkNFR1JPVVBERUxFVElPTkpPQi1QUzIzMDAtV0VTVFVTMiIsImpvYkxvY2F0aW9uIjoid2VzdHVzMiJ9?api-version=2016-09-01"
        ],
        "Retry-After": [
          "15"
        ],
        "x-ms-ratelimit-remaining-subscription-reads": [
          "11993"
        ],
        "x-ms-request-id": [
          "0e1c51fd-34f7-4816-973e-ff8101a24680"
        ],
        "x-ms-correlation-request-id": [
          "0e1c51fd-34f7-4816-973e-ff8101a24680"
        ],
        "x-ms-routing-request-id": [
          "SOUTHEASTASIA:20230616T073422Z:0e1c51fd-34f7-4816-973e-ff8101a24680"
        ],
        "Strict-Transport-Security": [
          "max-age=31536000; includeSubDomains"
        ],
        "X-Content-Type-Options": [
          "nosniff"
        ],
        "Date": [
          "Fri, 16 Jun 2023 07:34:21 GMT"
        ],
        "Expires": [
          "-1"
        ],
        "Content-Length": [
          "0"
        ]
      },
      "ResponseBody": "",
      "StatusCode": 202
    },
    {
      "RequestUri": "/subscriptions/21abd678-18c5-4660-9fdd-8c5ba6b6fe1f/operationresults/eyJqb2JJZCI6IlJFU09VUkNFR1JPVVBERUxFVElPTkpPQi1QUzIzMDAtV0VTVFVTMiIsImpvYkxvY2F0aW9uIjoid2VzdHVzMiJ9?api-version=2016-09-01",
      "EncodedRequestUri": "L3N1YnNjcmlwdGlvbnMvMjFhYmQ2NzgtMThjNS00NjYwLTlmZGQtOGM1YmE2YjZmZTFmL29wZXJhdGlvbnJlc3VsdHMvZXlKcWIySkpaQ0k2SWxKRlUwOVZVa05GUjFKUFZWQkVSVXhGVkVsUFRrcFBRaTFRVXpJek1EQXRWMFZUVkZWVE1pSXNJbXB2WWt4dlkyRjBhVzl1SWpvaWQyVnpkSFZ6TWlKOT9hcGktdmVyc2lvbj0yMDE2LTA5LTAx",
      "RequestMethod": "GET",
      "RequestHeaders": {
        "User-Agent": [
          "FxVersion/4.700.22.55902",
          "OSName/Windows",
          "OSVersion/Microsoft.Windows.10.0.22621",
          "Microsoft.Azure.Management.Internal.Resources.ResourceManagementClient/1.3.76"
        ]
      },
      "RequestBody": "",
      "ResponseHeaders": {
        "Cache-Control": [
          "no-cache"
        ],
        "Pragma": [
          "no-cache"
        ],
        "Location": [
          "https://management.azure.com/subscriptions/21abd678-18c5-4660-9fdd-8c5ba6b6fe1f/operationresults/eyJqb2JJZCI6IlJFU09VUkNFR1JPVVBERUxFVElPTkpPQi1QUzIzMDAtV0VTVFVTMiIsImpvYkxvY2F0aW9uIjoid2VzdHVzMiJ9?api-version=2016-09-01"
        ],
        "Retry-After": [
          "15"
        ],
        "x-ms-ratelimit-remaining-subscription-reads": [
          "11992"
        ],
        "x-ms-request-id": [
          "67ed8196-b07d-4369-8031-5f82051db54c"
        ],
        "x-ms-correlation-request-id": [
          "67ed8196-b07d-4369-8031-5f82051db54c"
        ],
        "x-ms-routing-request-id": [
          "SOUTHEASTASIA:20230616T073437Z:67ed8196-b07d-4369-8031-5f82051db54c"
        ],
        "Strict-Transport-Security": [
          "max-age=31536000; includeSubDomains"
        ],
        "X-Content-Type-Options": [
          "nosniff"
        ],
        "Date": [
          "Fri, 16 Jun 2023 07:34:37 GMT"
        ],
        "Expires": [
          "-1"
        ],
        "Content-Length": [
          "0"
        ]
      },
      "ResponseBody": "",
      "StatusCode": 202
    },
    {
      "RequestUri": "/subscriptions/21abd678-18c5-4660-9fdd-8c5ba6b6fe1f/operationresults/eyJqb2JJZCI6IlJFU09VUkNFR1JPVVBERUxFVElPTkpPQi1QUzIzMDAtV0VTVFVTMiIsImpvYkxvY2F0aW9uIjoid2VzdHVzMiJ9?api-version=2016-09-01",
      "EncodedRequestUri": "L3N1YnNjcmlwdGlvbnMvMjFhYmQ2NzgtMThjNS00NjYwLTlmZGQtOGM1YmE2YjZmZTFmL29wZXJhdGlvbnJlc3VsdHMvZXlKcWIySkpaQ0k2SWxKRlUwOVZVa05GUjFKUFZWQkVSVXhGVkVsUFRrcFBRaTFRVXpJek1EQXRWMFZUVkZWVE1pSXNJbXB2WWt4dlkyRjBhVzl1SWpvaWQyVnpkSFZ6TWlKOT9hcGktdmVyc2lvbj0yMDE2LTA5LTAx",
      "RequestMethod": "GET",
      "RequestHeaders": {
        "User-Agent": [
          "FxVersion/4.700.22.55902",
          "OSName/Windows",
          "OSVersion/Microsoft.Windows.10.0.22621",
          "Microsoft.Azure.Management.Internal.Resources.ResourceManagementClient/1.3.76"
        ]
      },
      "RequestBody": "",
      "ResponseHeaders": {
        "Cache-Control": [
          "no-cache"
        ],
        "Pragma": [
          "no-cache"
        ],
        "Location": [
          "https://management.azure.com/subscriptions/21abd678-18c5-4660-9fdd-8c5ba6b6fe1f/operationresults/eyJqb2JJZCI6IlJFU09VUkNFR1JPVVBERUxFVElPTkpPQi1QUzIzMDAtV0VTVFVTMiIsImpvYkxvY2F0aW9uIjoid2VzdHVzMiJ9?api-version=2016-09-01"
        ],
        "Retry-After": [
          "15"
        ],
        "x-ms-ratelimit-remaining-subscription-reads": [
          "11991"
        ],
        "x-ms-request-id": [
          "b57eabcc-00e8-41ff-8dd2-eecc9cfbf47c"
        ],
        "x-ms-correlation-request-id": [
          "b57eabcc-00e8-41ff-8dd2-eecc9cfbf47c"
        ],
        "x-ms-routing-request-id": [
          "SOUTHEASTASIA:20230616T073453Z:b57eabcc-00e8-41ff-8dd2-eecc9cfbf47c"
        ],
        "Strict-Transport-Security": [
          "max-age=31536000; includeSubDomains"
        ],
        "X-Content-Type-Options": [
          "nosniff"
        ],
        "Date": [
          "Fri, 16 Jun 2023 07:34:52 GMT"
        ],
        "Expires": [
          "-1"
        ],
        "Content-Length": [
          "0"
        ]
      },
      "ResponseBody": "",
      "StatusCode": 202
    },
    {
      "RequestUri": "/subscriptions/21abd678-18c5-4660-9fdd-8c5ba6b6fe1f/operationresults/eyJqb2JJZCI6IlJFU09VUkNFR1JPVVBERUxFVElPTkpPQi1QUzIzMDAtV0VTVFVTMiIsImpvYkxvY2F0aW9uIjoid2VzdHVzMiJ9?api-version=2016-09-01",
      "EncodedRequestUri": "L3N1YnNjcmlwdGlvbnMvMjFhYmQ2NzgtMThjNS00NjYwLTlmZGQtOGM1YmE2YjZmZTFmL29wZXJhdGlvbnJlc3VsdHMvZXlKcWIySkpaQ0k2SWxKRlUwOVZVa05GUjFKUFZWQkVSVXhGVkVsUFRrcFBRaTFRVXpJek1EQXRWMFZUVkZWVE1pSXNJbXB2WWt4dlkyRjBhVzl1SWpvaWQyVnpkSFZ6TWlKOT9hcGktdmVyc2lvbj0yMDE2LTA5LTAx",
      "RequestMethod": "GET",
      "RequestHeaders": {
        "User-Agent": [
          "FxVersion/4.700.22.55902",
          "OSName/Windows",
          "OSVersion/Microsoft.Windows.10.0.22621",
          "Microsoft.Azure.Management.Internal.Resources.ResourceManagementClient/1.3.76"
        ]
      },
      "RequestBody": "",
      "ResponseHeaders": {
        "Cache-Control": [
          "no-cache"
        ],
        "Pragma": [
          "no-cache"
        ],
        "Location": [
          "https://management.azure.com/subscriptions/21abd678-18c5-4660-9fdd-8c5ba6b6fe1f/operationresults/eyJqb2JJZCI6IlJFU09VUkNFR1JPVVBERUxFVElPTkpPQi1QUzIzMDAtV0VTVFVTMiIsImpvYkxvY2F0aW9uIjoid2VzdHVzMiJ9?api-version=2016-09-01"
        ],
        "Retry-After": [
          "15"
        ],
        "x-ms-ratelimit-remaining-subscription-reads": [
          "11990"
        ],
        "x-ms-request-id": [
          "b3a1b77f-70ca-4514-818e-47303feb35e4"
        ],
        "x-ms-correlation-request-id": [
          "b3a1b77f-70ca-4514-818e-47303feb35e4"
        ],
        "x-ms-routing-request-id": [
          "SOUTHEASTASIA:20230616T073508Z:b3a1b77f-70ca-4514-818e-47303feb35e4"
        ],
        "Strict-Transport-Security": [
          "max-age=31536000; includeSubDomains"
        ],
        "X-Content-Type-Options": [
          "nosniff"
        ],
        "Date": [
          "Fri, 16 Jun 2023 07:35:08 GMT"
        ],
        "Expires": [
          "-1"
        ],
        "Content-Length": [
          "0"
        ]
      },
      "ResponseBody": "",
      "StatusCode": 202
    },
    {
      "RequestUri": "/subscriptions/21abd678-18c5-4660-9fdd-8c5ba6b6fe1f/operationresults/eyJqb2JJZCI6IlJFU09VUkNFR1JPVVBERUxFVElPTkpPQi1QUzIzMDAtV0VTVFVTMiIsImpvYkxvY2F0aW9uIjoid2VzdHVzMiJ9?api-version=2016-09-01",
      "EncodedRequestUri": "L3N1YnNjcmlwdGlvbnMvMjFhYmQ2NzgtMThjNS00NjYwLTlmZGQtOGM1YmE2YjZmZTFmL29wZXJhdGlvbnJlc3VsdHMvZXlKcWIySkpaQ0k2SWxKRlUwOVZVa05GUjFKUFZWQkVSVXhGVkVsUFRrcFBRaTFRVXpJek1EQXRWMFZUVkZWVE1pSXNJbXB2WWt4dlkyRjBhVzl1SWpvaWQyVnpkSFZ6TWlKOT9hcGktdmVyc2lvbj0yMDE2LTA5LTAx",
      "RequestMethod": "GET",
      "RequestHeaders": {
        "User-Agent": [
          "FxVersion/4.700.22.55902",
          "OSName/Windows",
          "OSVersion/Microsoft.Windows.10.0.22621",
          "Microsoft.Azure.Management.Internal.Resources.ResourceManagementClient/1.3.76"
        ]
      },
      "RequestBody": "",
      "ResponseHeaders": {
        "Cache-Control": [
          "no-cache"
        ],
        "Pragma": [
          "no-cache"
        ],
        "Location": [
          "https://management.azure.com/subscriptions/21abd678-18c5-4660-9fdd-8c5ba6b6fe1f/operationresults/eyJqb2JJZCI6IlJFU09VUkNFR1JPVVBERUxFVElPTkpPQi1QUzIzMDAtV0VTVFVTMiIsImpvYkxvY2F0aW9uIjoid2VzdHVzMiJ9?api-version=2016-09-01"
        ],
        "Retry-After": [
          "15"
        ],
        "x-ms-ratelimit-remaining-subscription-reads": [
          "11989"
        ],
        "x-ms-request-id": [
          "d0269a39-ae22-476f-9ba7-d6d56c054bec"
        ],
        "x-ms-correlation-request-id": [
          "d0269a39-ae22-476f-9ba7-d6d56c054bec"
        ],
        "x-ms-routing-request-id": [
          "SOUTHEASTASIA:20230616T073523Z:d0269a39-ae22-476f-9ba7-d6d56c054bec"
        ],
        "Strict-Transport-Security": [
          "max-age=31536000; includeSubDomains"
        ],
        "X-Content-Type-Options": [
          "nosniff"
        ],
        "Date": [
          "Fri, 16 Jun 2023 07:35:23 GMT"
        ],
        "Expires": [
          "-1"
        ],
        "Content-Length": [
          "0"
        ]
      },
      "ResponseBody": "",
      "StatusCode": 202
    },
    {
      "RequestUri": "/subscriptions/21abd678-18c5-4660-9fdd-8c5ba6b6fe1f/operationresults/eyJqb2JJZCI6IlJFU09VUkNFR1JPVVBERUxFVElPTkpPQi1QUzIzMDAtV0VTVFVTMiIsImpvYkxvY2F0aW9uIjoid2VzdHVzMiJ9?api-version=2016-09-01",
      "EncodedRequestUri": "L3N1YnNjcmlwdGlvbnMvMjFhYmQ2NzgtMThjNS00NjYwLTlmZGQtOGM1YmE2YjZmZTFmL29wZXJhdGlvbnJlc3VsdHMvZXlKcWIySkpaQ0k2SWxKRlUwOVZVa05GUjFKUFZWQkVSVXhGVkVsUFRrcFBRaTFRVXpJek1EQXRWMFZUVkZWVE1pSXNJbXB2WWt4dlkyRjBhVzl1SWpvaWQyVnpkSFZ6TWlKOT9hcGktdmVyc2lvbj0yMDE2LTA5LTAx",
      "RequestMethod": "GET",
      "RequestHeaders": {
        "User-Agent": [
          "FxVersion/4.700.22.55902",
          "OSName/Windows",
          "OSVersion/Microsoft.Windows.10.0.22621",
          "Microsoft.Azure.Management.Internal.Resources.ResourceManagementClient/1.3.76"
        ]
      },
      "RequestBody": "",
      "ResponseHeaders": {
        "Cache-Control": [
          "no-cache"
        ],
        "Pragma": [
          "no-cache"
        ],
        "Location": [
          "https://management.azure.com/subscriptions/21abd678-18c5-4660-9fdd-8c5ba6b6fe1f/operationresults/eyJqb2JJZCI6IlJFU09VUkNFR1JPVVBERUxFVElPTkpPQi1QUzIzMDAtV0VTVFVTMiIsImpvYkxvY2F0aW9uIjoid2VzdHVzMiJ9?api-version=2016-09-01"
        ],
        "Retry-After": [
          "15"
        ],
        "x-ms-ratelimit-remaining-subscription-reads": [
          "11988"
        ],
        "x-ms-request-id": [
          "9d63d9b7-e4e8-470a-830a-3f942a8165df"
        ],
        "x-ms-correlation-request-id": [
          "9d63d9b7-e4e8-470a-830a-3f942a8165df"
        ],
        "x-ms-routing-request-id": [
          "SOUTHEASTASIA:20230616T073539Z:9d63d9b7-e4e8-470a-830a-3f942a8165df"
        ],
        "Strict-Transport-Security": [
          "max-age=31536000; includeSubDomains"
        ],
        "X-Content-Type-Options": [
          "nosniff"
        ],
        "Date": [
          "Fri, 16 Jun 2023 07:35:38 GMT"
        ],
        "Expires": [
          "-1"
        ],
        "Content-Length": [
          "0"
        ]
      },
      "ResponseBody": "",
      "StatusCode": 202
    },
    {
      "RequestUri": "/subscriptions/21abd678-18c5-4660-9fdd-8c5ba6b6fe1f/operationresults/eyJqb2JJZCI6IlJFU09VUkNFR1JPVVBERUxFVElPTkpPQi1QUzIzMDAtV0VTVFVTMiIsImpvYkxvY2F0aW9uIjoid2VzdHVzMiJ9?api-version=2016-09-01",
      "EncodedRequestUri": "L3N1YnNjcmlwdGlvbnMvMjFhYmQ2NzgtMThjNS00NjYwLTlmZGQtOGM1YmE2YjZmZTFmL29wZXJhdGlvbnJlc3VsdHMvZXlKcWIySkpaQ0k2SWxKRlUwOVZVa05GUjFKUFZWQkVSVXhGVkVsUFRrcFBRaTFRVXpJek1EQXRWMFZUVkZWVE1pSXNJbXB2WWt4dlkyRjBhVzl1SWpvaWQyVnpkSFZ6TWlKOT9hcGktdmVyc2lvbj0yMDE2LTA5LTAx",
      "RequestMethod": "GET",
      "RequestHeaders": {
        "User-Agent": [
          "FxVersion/4.700.22.55902",
          "OSName/Windows",
          "OSVersion/Microsoft.Windows.10.0.22621",
          "Microsoft.Azure.Management.Internal.Resources.ResourceManagementClient/1.3.76"
        ]
      },
      "RequestBody": "",
      "ResponseHeaders": {
        "Cache-Control": [
          "no-cache"
        ],
        "Pragma": [
          "no-cache"
        ],
        "x-ms-ratelimit-remaining-subscription-reads": [
          "11987"
        ],
        "x-ms-request-id": [
          "43dba672-b1aa-4b0f-9e0d-d0c23bb1e2ac"
        ],
        "x-ms-correlation-request-id": [
          "43dba672-b1aa-4b0f-9e0d-d0c23bb1e2ac"
        ],
        "x-ms-routing-request-id": [
          "SOUTHEASTASIA:20230616T073554Z:43dba672-b1aa-4b0f-9e0d-d0c23bb1e2ac"
        ],
        "Strict-Transport-Security": [
          "max-age=31536000; includeSubDomains"
        ],
        "X-Content-Type-Options": [
          "nosniff"
        ],
        "Date": [
          "Fri, 16 Jun 2023 07:35:54 GMT"
        ],
        "Expires": [
          "-1"
        ],
        "Content-Length": [
          "0"
        ]
      },
      "ResponseBody": "",
      "StatusCode": 200
    },
    {
      "RequestUri": "/subscriptions/21abd678-18c5-4660-9fdd-8c5ba6b6fe1f/operationresults/eyJqb2JJZCI6IlJFU09VUkNFR1JPVVBERUxFVElPTkpPQi1QUzIzMDAtV0VTVFVTMiIsImpvYkxvY2F0aW9uIjoid2VzdHVzMiJ9?api-version=2016-09-01",
      "EncodedRequestUri": "L3N1YnNjcmlwdGlvbnMvMjFhYmQ2NzgtMThjNS00NjYwLTlmZGQtOGM1YmE2YjZmZTFmL29wZXJhdGlvbnJlc3VsdHMvZXlKcWIySkpaQ0k2SWxKRlUwOVZVa05GUjFKUFZWQkVSVXhGVkVsUFRrcFBRaTFRVXpJek1EQXRWMFZUVkZWVE1pSXNJbXB2WWt4dlkyRjBhVzl1SWpvaWQyVnpkSFZ6TWlKOT9hcGktdmVyc2lvbj0yMDE2LTA5LTAx",
      "RequestMethod": "GET",
      "RequestHeaders": {
        "User-Agent": [
          "FxVersion/4.700.22.55902",
          "OSName/Windows",
          "OSVersion/Microsoft.Windows.10.0.22621",
          "Microsoft.Azure.Management.Internal.Resources.ResourceManagementClient/1.3.76"
        ]
      },
      "RequestBody": "",
      "ResponseHeaders": {
        "Cache-Control": [
          "no-cache"
        ],
        "Pragma": [
          "no-cache"
        ],
        "x-ms-ratelimit-remaining-subscription-reads": [
          "11986"
        ],
        "x-ms-request-id": [
          "91fe8852-41ca-459c-a7cb-71c5deb99e34"
        ],
        "x-ms-correlation-request-id": [
          "91fe8852-41ca-459c-a7cb-71c5deb99e34"
        ],
        "x-ms-routing-request-id": [
          "SOUTHEASTASIA:20230616T073555Z:91fe8852-41ca-459c-a7cb-71c5deb99e34"
        ],
        "Strict-Transport-Security": [
          "max-age=31536000; includeSubDomains"
        ],
        "X-Content-Type-Options": [
          "nosniff"
        ],
        "Date": [
          "Fri, 16 Jun 2023 07:35:54 GMT"
        ],
        "Expires": [
          "-1"
        ],
        "Content-Length": [
          "0"
        ]
      },
      "ResponseBody": "",
      "StatusCode": 200
    }
  ],
  "Names": {
    "Test-CreateNewBatchAccountWithNoPublicIp": [
      "ps2825",
      "ps2300"
    ]
  },
  "Variables": {
    "SubscriptionId": "21abd678-18c5-4660-9fdd-8c5ba6b6fe1f",
    "AZURE_BATCH_ACCOUNT": "hoppeeastasia2",
    "AZURE_BATCH_ENDPOINT": "https://hoppeeastasia2.eastasia.batch.azure.com",
    "AZURE_BATCH_RESOURCE_GROUP": "123"
  }
}