{
  "Entries": [
    {
<<<<<<< HEAD
      "RequestUri": "/subscriptions/2915bbd6-1252-405f-8173-6c00428146d9/providers/Microsoft.Batch?api-version=2016-02-01",
      "EncodedRequestUri": "L3N1YnNjcmlwdGlvbnMvMjkxNWJiZDYtMTI1Mi00MDVmLTgxNzMtNmMwMDQyODE0NmQ5L3Byb3ZpZGVycy9NaWNyb3NvZnQuQmF0Y2g/YXBpLXZlcnNpb249MjAxNi0wMi0wMQ==",
      "RequestMethod": "GET",
      "RequestBody": "",
      "RequestHeaders": {
        "User-Agent": [
          "Microsoft.Azure.Management.Resources.ResourceManagementClient/2.0.0.0"
        ]
      },
      "ResponseBody": "{\r\n  \"id\": \"/subscriptions/2915bbd6-1252-405f-8173-6c00428146d9/providers/Microsoft.Batch\",\r\n  \"namespace\": \"Microsoft.Batch\",\r\n  \"authorization\": {\r\n    \"applicationId\": \"ddbf3205-c6bd-46ae-8127-60eb93363864\",\r\n    \"roleDefinitionId\": \"b7f84953-1d03-4eab-9ea4-45f065258ff8\"\r\n  },\r\n  \"resourceTypes\": [\r\n    {\r\n      \"resourceType\": \"batchAccounts\",\r\n      \"locations\": [\r\n        \"West Europe\",\r\n        \"East US\",\r\n        \"East US 2\",\r\n        \"West US\",\r\n        \"North Central US\",\r\n        \"Brazil South\",\r\n        \"North Europe\",\r\n        \"Central US\",\r\n        \"East Asia\",\r\n        \"Japan East\",\r\n        \"Australia Southeast\",\r\n        \"Japan West\",\r\n        \"Korea South\",\r\n        \"Korea Central\",\r\n        \"Southeast Asia\",\r\n        \"South Central US\",\r\n        \"Australia East\",\r\n        \"South India\",\r\n        \"Central India\",\r\n        \"West India\",\r\n        \"Canada Central\",\r\n        \"Canada East\",\r\n        \"UK South\",\r\n        \"UK West\",\r\n        \"West Central US\",\r\n        \"West US 2\",\r\n        \"France Central\",\r\n        \"East US 2 EUAP\",\r\n        \"Central US EUAP\"\r\n      ],\r\n      \"apiVersions\": [\r\n        \"2017-09-01\",\r\n        \"2017-05-01\",\r\n        \"2017-01-01\",\r\n        \"2015-12-01\",\r\n        \"2015-09-01\",\r\n        \"2015-07-01\",\r\n        \"2014-05-01-privatepreview\"\r\n      ],\r\n      \"capabilities\": \"CrossResourceGroupResourceMove, CrossSubscriptionResourceMove\"\r\n    },\r\n    {\r\n      \"resourceType\": \"operations\",\r\n      \"locations\": [\r\n        \"West Europe\",\r\n        \"East US\",\r\n        \"East US 2\",\r\n        \"West US\",\r\n        \"North Central US\",\r\n        \"Brazil South\",\r\n        \"North Europe\",\r\n        \"Central US\",\r\n        \"East Asia\",\r\n        \"Japan East\",\r\n        \"Australia Southeast\",\r\n        \"Japan West\",\r\n        \"Korea South\",\r\n        \"Korea Central\",\r\n        \"Southeast Asia\",\r\n        \"South Central US\",\r\n        \"Australia East\",\r\n        \"South India\",\r\n        \"Central India\",\r\n        \"West India\",\r\n        \"Canada Central\",\r\n        \"Canada East\",\r\n        \"UK South\",\r\n        \"UK West\",\r\n        \"West Central US\",\r\n        \"West US 2\",\r\n        \"France Central\",\r\n        \"East US 2 EUAP\",\r\n        \"Central US EUAP\"\r\n      ],\r\n      \"apiVersions\": [\r\n        \"2017-09-01\",\r\n        \"2017-05-01\",\r\n        \"2017-01-01\",\r\n        \"2015-12-01\",\r\n        \"2015-09-01\"\r\n      ]\r\n    },\r\n    {\r\n      \"resourceType\": \"locations\",\r\n      \"locations\": [],\r\n      \"apiVersions\": [\r\n        \"2017-09-01\",\r\n        \"2017-05-01\",\r\n        \"2017-01-01\",\r\n        \"2015-12-01\",\r\n        \"2015-09-01\"\r\n      ]\r\n    },\r\n    {\r\n      \"resourceType\": \"locations/quotas\",\r\n      \"locations\": [\r\n        \"West Europe\",\r\n        \"East US\",\r\n        \"East US 2\",\r\n        \"West US\",\r\n        \"North Central US\",\r\n        \"Brazil South\",\r\n        \"North Europe\",\r\n        \"Central US\",\r\n        \"East Asia\",\r\n        \"Japan East\",\r\n        \"Australia Southeast\",\r\n        \"Japan West\",\r\n        \"Korea South\",\r\n        \"Korea Central\",\r\n        \"Southeast Asia\",\r\n        \"South Central US\",\r\n        \"Australia East\",\r\n        \"South India\",\r\n        \"Central India\",\r\n        \"West India\",\r\n        \"Canada Central\",\r\n        \"Canada East\",\r\n        \"UK South\",\r\n        \"UK West\",\r\n        \"West Central US\",\r\n        \"West US 2\",\r\n        \"France Central\",\r\n        \"East US 2 EUAP\",\r\n        \"Central US EUAP\"\r\n      ],\r\n      \"apiVersions\": [\r\n        \"2017-09-01\",\r\n        \"2017-05-01\",\r\n        \"2017-01-01\",\r\n        \"2015-12-01\",\r\n        \"2015-09-01\"\r\n      ]\r\n    },\r\n    {\r\n      \"resourceType\": \"locations/checkNameAvailability\",\r\n      \"locations\": [\r\n        \"West Europe\",\r\n        \"East US\",\r\n        \"East US 2\",\r\n        \"West US\",\r\n        \"North Central US\",\r\n        \"Brazil South\",\r\n        \"North Europe\",\r\n        \"Central US\",\r\n        \"East Asia\",\r\n        \"Japan East\",\r\n        \"Australia Southeast\",\r\n        \"Japan West\",\r\n        \"Korea South\",\r\n        \"Korea Central\",\r\n        \"Southeast Asia\",\r\n        \"South Central US\",\r\n        \"Australia East\",\r\n        \"South India\",\r\n        \"Central India\",\r\n        \"West India\",\r\n        \"Canada Central\",\r\n        \"Canada East\",\r\n        \"UK South\",\r\n        \"UK West\",\r\n        \"West Central US\",\r\n        \"West US 2\",\r\n        \"France Central\",\r\n        \"East US 2 EUAP\",\r\n        \"Central US EUAP\"\r\n      ],\r\n      \"apiVersions\": [\r\n        \"2017-09-01\",\r\n        \"2017-05-01\"\r\n      ]\r\n    }\r\n  ],\r\n  \"registrationState\": \"Registered\"\r\n}",
      "ResponseHeaders": {
        "Content-Length": [
          "2746"
        ],
        "Content-Type": [
          "application/json; charset=utf-8"
        ],
        "Expires": [
          "-1"
=======
      "RequestUri": "/subscriptions/21abd678-18c5-4660-9fdd-8c5ba6b6fe1f/providers/Microsoft.Batch?api-version=2016-09-01",
      "EncodedRequestUri": "L3N1YnNjcmlwdGlvbnMvMjFhYmQ2NzgtMThjNS00NjYwLTlmZGQtOGM1YmE2YjZmZTFmL3Byb3ZpZGVycy9NaWNyb3NvZnQuQmF0Y2g/YXBpLXZlcnNpb249MjAxNi0wOS0wMQ==",
      "RequestMethod": "GET",
      "RequestBody": "",
      "RequestHeaders": {
        "x-ms-client-request-id": [
          "0da6054a-6fa0-49d5-ac5f-a1094ed5124e"
        ],
        "Accept-Language": [
          "en-US"
        ],
        "User-Agent": [
          "FxVersion/4.6.28207.03",
          "OSName/Windows",
          "OSVersion/Microsoft.Windows.10.0.18363.",
          "Microsoft.Azure.Management.Internal.Resources.ResourceManagementClient/1.3.14"
        ]
      },
      "ResponseHeaders": {
        "Cache-Control": [
          "no-cache"
>>>>>>> d78b04a5306127f583235b13752c48d4f7d1289a
        ],
        "Pragma": [
          "no-cache"
        ],
        "x-ms-ratelimit-remaining-subscription-reads": [
<<<<<<< HEAD
          "14999"
        ],
        "x-ms-request-id": [
          "f12286f8-998d-44cc-8e95-64b5a4693b3a"
        ],
        "x-ms-correlation-request-id": [
          "f12286f8-998d-44cc-8e95-64b5a4693b3a"
        ],
        "x-ms-routing-request-id": [
          "WESTUS2:20180606T011607Z:f12286f8-998d-44cc-8e95-64b5a4693b3a"
=======
          "11999"
        ],
        "x-ms-request-id": [
          "775f0ab0-6e40-442f-aa61-09c82e02b915"
        ],
        "x-ms-correlation-request-id": [
          "775f0ab0-6e40-442f-aa61-09c82e02b915"
        ],
        "x-ms-routing-request-id": [
          "WESTUS:20200610T225048Z:775f0ab0-6e40-442f-aa61-09c82e02b915"
>>>>>>> d78b04a5306127f583235b13752c48d4f7d1289a
        ],
        "Strict-Transport-Security": [
          "max-age=31536000; includeSubDomains"
        ],
        "X-Content-Type-Options": [
          "nosniff"
        ],
<<<<<<< HEAD
        "Cache-Control": [
          "no-cache"
        ],
        "Date": [
          "Wed, 06 Jun 2018 01:16:06 GMT"
        ]
      },
      "StatusCode": 200
    },
    {
      "RequestUri": "/subscriptions/2915bbd6-1252-405f-8173-6c00428146d9/resourcegroups/ps9651?api-version=2016-02-01",
      "EncodedRequestUri": "L3N1YnNjcmlwdGlvbnMvMjkxNWJiZDYtMTI1Mi00MDVmLTgxNzMtNmMwMDQyODE0NmQ5L3Jlc291cmNlZ3JvdXBzL3BzOTY1MT9hcGktdmVyc2lvbj0yMDE2LTAyLTAx",
      "RequestMethod": "PUT",
      "RequestBody": "{\r\n  \"location\": \"westus\"\r\n}",
      "RequestHeaders": {
=======
        "Date": [
          "Wed, 10 Jun 2020 22:50:47 GMT"
        ],
        "Content-Type": [
          "application/json; charset=utf-8"
        ],
        "Expires": [
          "-1"
        ],
        "Content-Length": [
          "4461"
        ]
      },
      "ResponseBody": "{\r\n  \"id\": \"/subscriptions/21abd678-18c5-4660-9fdd-8c5ba6b6fe1f/providers/Microsoft.Batch\",\r\n  \"namespace\": \"Microsoft.Batch\",\r\n  \"authorization\": {\r\n    \"applicationId\": \"ddbf3205-c6bd-46ae-8127-60eb93363864\",\r\n    \"roleDefinitionId\": \"b7f84953-1d03-4eab-9ea4-45f065258ff8\"\r\n  },\r\n  \"resourceTypes\": [\r\n    {\r\n      \"resourceType\": \"batchAccounts\",\r\n      \"locations\": [\r\n        \"West Europe\",\r\n        \"East US\",\r\n        \"East US 2\",\r\n        \"West US\",\r\n        \"North Central US\",\r\n        \"Brazil South\",\r\n        \"North Europe\",\r\n        \"Central US\",\r\n        \"East Asia\",\r\n        \"Japan East\",\r\n        \"Australia Southeast\",\r\n        \"Japan West\",\r\n        \"Korea South\",\r\n        \"Korea Central\",\r\n        \"Southeast Asia\",\r\n        \"South Central US\",\r\n        \"Australia East\",\r\n        \"South India\",\r\n        \"Central India\",\r\n        \"West India\",\r\n        \"Canada Central\",\r\n        \"Canada East\",\r\n        \"UK South\",\r\n        \"UK West\",\r\n        \"West Central US\",\r\n        \"West US 2\",\r\n        \"France Central\",\r\n        \"South Africa North\",\r\n        \"UAE North\",\r\n        \"Australia Central\",\r\n        \"Germany West Central\",\r\n        \"Switzerland North\",\r\n        \"Norway East\",\r\n        \"East US 2 EUAP\",\r\n        \"Central US EUAP\"\r\n      ],\r\n      \"apiVersions\": [\r\n        \"2020-05-01\",\r\n        \"2020-03-01-preview\",\r\n        \"2020-03-01\",\r\n        \"2019-08-01\",\r\n        \"2019-04-01\",\r\n        \"2018-12-01\",\r\n        \"2017-09-01\",\r\n        \"2017-05-01\",\r\n        \"2017-01-01\",\r\n        \"2015-12-01\",\r\n        \"2015-09-01\",\r\n        \"2015-07-01\",\r\n        \"2014-05-01-privatepreview\"\r\n      ],\r\n      \"capabilities\": \"CrossResourceGroupResourceMove, CrossSubscriptionResourceMove, SystemAssignedResourceIdentity\"\r\n    },\r\n    {\r\n      \"resourceType\": \"operations\",\r\n      \"locations\": [\r\n        \"West Europe\",\r\n        \"East US\",\r\n        \"East US 2\",\r\n        \"West US\",\r\n        \"North Central US\",\r\n        \"Brazil South\",\r\n        \"North Europe\",\r\n        \"Central US\",\r\n        \"East Asia\",\r\n        \"Japan East\",\r\n        \"Australia Southeast\",\r\n        \"Japan West\",\r\n        \"Korea South\",\r\n        \"Korea Central\",\r\n        \"Southeast Asia\",\r\n        \"South Central US\",\r\n        \"Australia East\",\r\n        \"South India\",\r\n        \"Central India\",\r\n        \"West India\",\r\n        \"Canada Central\",\r\n        \"Canada East\",\r\n        \"UK South\",\r\n        \"UK West\",\r\n        \"West Central US\",\r\n        \"West US 2\",\r\n        \"France Central\",\r\n        \"South Africa North\",\r\n        \"UAE North\",\r\n        \"Australia Central\",\r\n        \"Germany West Central\",\r\n        \"Switzerland North\",\r\n        \"Norway East\",\r\n        \"East US 2 EUAP\",\r\n        \"Central US EUAP\"\r\n      ],\r\n      \"apiVersions\": [\r\n        \"2020-05-01\",\r\n        \"2020-03-01-preview\",\r\n        \"2020-03-01\",\r\n        \"2019-08-01\",\r\n        \"2019-04-01\",\r\n        \"2018-12-01\",\r\n        \"2017-09-01\",\r\n        \"2017-05-01\",\r\n        \"2017-01-01\",\r\n        \"2015-12-01\",\r\n        \"2015-09-01\"\r\n      ]\r\n    },\r\n    {\r\n      \"resourceType\": \"locations\",\r\n      \"locations\": [],\r\n      \"apiVersions\": [\r\n        \"2020-05-01\",\r\n        \"2020-03-01-preview\",\r\n        \"2020-03-01\",\r\n        \"2019-08-01\",\r\n        \"2019-04-01\",\r\n        \"2018-12-01\",\r\n        \"2017-09-01\",\r\n        \"2017-05-01\",\r\n        \"2017-01-01\",\r\n        \"2015-12-01\",\r\n        \"2015-09-01\"\r\n      ]\r\n    },\r\n    {\r\n      \"resourceType\": \"locations/quotas\",\r\n      \"locations\": [\r\n        \"West Europe\",\r\n        \"East US\",\r\n        \"East US 2\",\r\n        \"West US\",\r\n        \"North Central US\",\r\n        \"Brazil South\",\r\n        \"North Europe\",\r\n        \"Central US\",\r\n        \"East Asia\",\r\n        \"Japan East\",\r\n        \"Australia Southeast\",\r\n        \"Japan West\",\r\n        \"Korea South\",\r\n        \"Korea Central\",\r\n        \"Southeast Asia\",\r\n        \"South Central US\",\r\n        \"Australia East\",\r\n        \"South India\",\r\n        \"Central India\",\r\n        \"West India\",\r\n        \"Canada Central\",\r\n        \"Canada East\",\r\n        \"UK South\",\r\n        \"UK West\",\r\n        \"West Central US\",\r\n        \"West US 2\",\r\n        \"France Central\",\r\n        \"South Africa North\",\r\n        \"UAE North\",\r\n        \"Australia Central\",\r\n        \"Germany West Central\",\r\n        \"Switzerland North\",\r\n        \"Norway East\",\r\n        \"East US 2 EUAP\",\r\n        \"Central US EUAP\"\r\n      ],\r\n      \"apiVersions\": [\r\n        \"2020-05-01\",\r\n        \"2020-03-01-preview\",\r\n        \"2020-03-01\",\r\n        \"2019-08-01\",\r\n        \"2019-04-01\",\r\n        \"2018-12-01\",\r\n        \"2017-09-01\",\r\n        \"2017-05-01\",\r\n        \"2017-01-01\",\r\n        \"2015-12-01\",\r\n        \"2015-09-01\"\r\n      ]\r\n    },\r\n    {\r\n      \"resourceType\": \"locations/checkNameAvailability\",\r\n      \"locations\": [\r\n        \"West Europe\",\r\n        \"East US\",\r\n        \"East US 2\",\r\n        \"West US\",\r\n        \"North Central US\",\r\n        \"Brazil South\",\r\n        \"North Europe\",\r\n        \"Central US\",\r\n        \"East Asia\",\r\n        \"Japan East\",\r\n        \"Australia Southeast\",\r\n        \"Japan West\",\r\n        \"Korea South\",\r\n        \"Korea Central\",\r\n        \"Southeast Asia\",\r\n        \"South Central US\",\r\n        \"Australia East\",\r\n        \"South India\",\r\n        \"Central India\",\r\n        \"West India\",\r\n        \"Canada Central\",\r\n        \"Canada East\",\r\n        \"UK South\",\r\n        \"UK West\",\r\n        \"West Central US\",\r\n        \"West US 2\",\r\n        \"France Central\",\r\n        \"South Africa North\",\r\n        \"UAE North\",\r\n        \"Australia Central\",\r\n        \"Germany West Central\",\r\n        \"Switzerland North\",\r\n        \"Norway East\",\r\n        \"East US 2 EUAP\",\r\n        \"Central US EUAP\"\r\n      ],\r\n      \"apiVersions\": [\r\n        \"2020-05-01\",\r\n        \"2020-03-01-preview\",\r\n        \"2020-03-01\",\r\n        \"2019-08-01\",\r\n        \"2019-04-01\",\r\n        \"2018-12-01\",\r\n        \"2017-09-01\",\r\n        \"2017-05-01\"\r\n      ]\r\n    },\r\n    {\r\n      \"resourceType\": \"locations/accountOperationResults\",\r\n      \"locations\": [\r\n        \"West Europe\",\r\n        \"East US\",\r\n        \"East US 2\",\r\n        \"West US\",\r\n        \"North Central US\",\r\n        \"Brazil South\",\r\n        \"North Europe\",\r\n        \"Central US\",\r\n        \"East Asia\",\r\n        \"Japan East\",\r\n        \"Australia Southeast\",\r\n        \"Japan West\",\r\n        \"Korea South\",\r\n        \"Korea Central\",\r\n        \"Southeast Asia\",\r\n        \"South Central US\",\r\n        \"Australia East\",\r\n        \"South India\",\r\n        \"Central India\",\r\n        \"West India\",\r\n        \"Canada Central\",\r\n        \"Canada East\",\r\n        \"UK South\",\r\n        \"UK West\",\r\n        \"West Central US\",\r\n        \"West US 2\",\r\n        \"France Central\",\r\n        \"South Africa North\",\r\n        \"UAE North\",\r\n        \"Australia Central\",\r\n        \"Germany West Central\",\r\n        \"Switzerland North\",\r\n        \"Norway East\",\r\n        \"East US 2 EUAP\",\r\n        \"Central US EUAP\"\r\n      ],\r\n      \"apiVersions\": [\r\n        \"2020-05-01\",\r\n        \"2020-03-01-preview\",\r\n        \"2020-03-01\",\r\n        \"2019-08-01\",\r\n        \"2019-04-01\",\r\n        \"2018-12-01\",\r\n        \"2017-09-01\",\r\n        \"2017-05-01\",\r\n        \"2017-01-01\",\r\n        \"2015-12-01\",\r\n        \"2015-09-01\",\r\n        \"2015-07-01\",\r\n        \"2014-05-01-privatepreview\"\r\n      ]\r\n    }\r\n  ],\r\n  \"registrationState\": \"Registered\"\r\n}",
      "StatusCode": 200
    },
    {
      "RequestUri": "/subscriptions/21abd678-18c5-4660-9fdd-8c5ba6b6fe1f/resourcegroups/ps88?api-version=2016-09-01",
      "EncodedRequestUri": "L3N1YnNjcmlwdGlvbnMvMjFhYmQ2NzgtMThjNS00NjYwLTlmZGQtOGM1YmE2YjZmZTFmL3Jlc291cmNlZ3JvdXBzL3BzODg/YXBpLXZlcnNpb249MjAxNi0wOS0wMQ==",
      "RequestMethod": "PUT",
      "RequestBody": "{\r\n  \"location\": \"westus\"\r\n}",
      "RequestHeaders": {
        "x-ms-client-request-id": [
          "695e8285-5a8f-40d6-8dd4-3ac00f311e58"
        ],
        "Accept-Language": [
          "en-US"
        ],
        "User-Agent": [
          "FxVersion/4.6.28207.03",
          "OSName/Windows",
          "OSVersion/Microsoft.Windows.10.0.18363.",
          "Microsoft.Azure.Management.Internal.Resources.ResourceManagementClient/1.3.14"
        ],
>>>>>>> d78b04a5306127f583235b13752c48d4f7d1289a
        "Content-Type": [
          "application/json; charset=utf-8"
        ],
        "Content-Length": [
          "28"
<<<<<<< HEAD
        ],
        "User-Agent": [
          "Microsoft.Azure.Management.Resources.ResourceManagementClient/2.0.0.0"
        ]
      },
      "ResponseBody": "{\r\n  \"id\": \"/subscriptions/2915bbd6-1252-405f-8173-6c00428146d9/resourceGroups/ps9651\",\r\n  \"name\": \"ps9651\",\r\n  \"location\": \"westus\",\r\n  \"properties\": {\r\n    \"provisioningState\": \"Succeeded\"\r\n  }\r\n}",
      "ResponseHeaders": {
        "Content-Length": [
          "165"
        ],
        "Content-Type": [
          "application/json; charset=utf-8"
        ],
        "Expires": [
          "-1"
=======
        ]
      },
      "ResponseHeaders": {
        "Cache-Control": [
          "no-cache"
>>>>>>> d78b04a5306127f583235b13752c48d4f7d1289a
        ],
        "Pragma": [
          "no-cache"
        ],
        "x-ms-ratelimit-remaining-subscription-writes": [
          "1199"
        ],
        "x-ms-request-id": [
<<<<<<< HEAD
          "06be8674-7699-43a0-a08e-98a454887fe3"
        ],
        "x-ms-correlation-request-id": [
          "06be8674-7699-43a0-a08e-98a454887fe3"
        ],
        "x-ms-routing-request-id": [
          "WESTUS2:20180606T011608Z:06be8674-7699-43a0-a08e-98a454887fe3"
=======
          "09fece86-8065-4731-ae26-46f44034cd69"
        ],
        "x-ms-correlation-request-id": [
          "09fece86-8065-4731-ae26-46f44034cd69"
        ],
        "x-ms-routing-request-id": [
          "WESTUS:20200610T225048Z:09fece86-8065-4731-ae26-46f44034cd69"
>>>>>>> d78b04a5306127f583235b13752c48d4f7d1289a
        ],
        "Strict-Transport-Security": [
          "max-age=31536000; includeSubDomains"
        ],
        "X-Content-Type-Options": [
          "nosniff"
        ],
<<<<<<< HEAD
        "Cache-Control": [
          "no-cache"
        ],
        "Date": [
          "Wed, 06 Jun 2018 01:16:07 GMT"
        ]
      },
      "StatusCode": 201
    },
    {
      "RequestUri": "/subscriptions/2915bbd6-1252-405f-8173-6c00428146d9/resourceGroups/ps9651/providers/Microsoft.Batch/batchAccounts/ps543?api-version=2017-01-01",
      "EncodedRequestUri": "L3N1YnNjcmlwdGlvbnMvMjkxNWJiZDYtMTI1Mi00MDVmLTgxNzMtNmMwMDQyODE0NmQ5L3Jlc291cmNlR3JvdXBzL3BzOTY1MS9wcm92aWRlcnMvTWljcm9zb2Z0LkJhdGNoL2JhdGNoQWNjb3VudHMvcHM1NDM/YXBpLXZlcnNpb249MjAxNy0wMS0wMQ==",
      "RequestMethod": "PUT",
      "RequestBody": "{\r\n  \"location\": \"westus\",\r\n  \"tags\": {\r\n    \"tag1\": \"tagValue1\"\r\n  }\r\n}",
      "RequestHeaders": {
        "Content-Type": [
          "application/json; charset=utf-8"
        ],
        "Content-Length": [
          "72"
        ],
        "x-ms-client-request-id": [
          "3cfd019e-2332-421f-9f96-06d49bb81bc9"
        ],
        "accept-language": [
          "en-US"
        ],
        "User-Agent": [
          "FxVersion/4.7.2650.0",
          "OSName/Windows10Enterprise",
          "OSVersion/6.3.16299",
          "Microsoft.Azure.Management.Batch.BatchManagementClient/4.2.0.0"
        ]
      },
      "ResponseBody": "",
      "ResponseHeaders": {
        "Content-Length": [
          "0"
        ],
        "Expires": [
          "-1"
=======
        "Date": [
          "Wed, 10 Jun 2020 22:50:48 GMT"
        ],
        "Content-Length": [
          "161"
        ],
        "Content-Type": [
          "application/json; charset=utf-8"
        ],
        "Expires": [
          "-1"
        ]
      },
      "ResponseBody": "{\r\n  \"id\": \"/subscriptions/21abd678-18c5-4660-9fdd-8c5ba6b6fe1f/resourceGroups/ps88\",\r\n  \"name\": \"ps88\",\r\n  \"location\": \"westus\",\r\n  \"properties\": {\r\n    \"provisioningState\": \"Succeeded\"\r\n  }\r\n}",
      "StatusCode": 201
    },
    {
      "RequestUri": "/subscriptions/21abd678-18c5-4660-9fdd-8c5ba6b6fe1f/resourceGroups/ps88/providers/Microsoft.Batch/batchAccounts/ps1341?api-version=2020-05-01",
      "EncodedRequestUri": "L3N1YnNjcmlwdGlvbnMvMjFhYmQ2NzgtMThjNS00NjYwLTlmZGQtOGM1YmE2YjZmZTFmL3Jlc291cmNlR3JvdXBzL3BzODgvcHJvdmlkZXJzL01pY3Jvc29mdC5CYXRjaC9iYXRjaEFjY291bnRzL3BzMTM0MT9hcGktdmVyc2lvbj0yMDIwLTA1LTAx",
      "RequestMethod": "PUT",
      "RequestBody": "{\r\n  \"location\": \"westus\",\r\n  \"tags\": {\r\n    \"tag1\": \"tagValue1\"\r\n  },\r\n  \"properties\": {\r\n    \"publicNetworkAccess\": \"Enabled\"\r\n  },\r\n  \"identity\": {\r\n    \"type\": \"None\"\r\n  }\r\n}",
      "RequestHeaders": {
        "x-ms-client-request-id": [
          "3db73259-1432-4302-8388-d25cce5af13b"
        ],
        "Accept-Language": [
          "en-US"
        ],
        "User-Agent": [
          "FxVersion/4.6.28207.03",
          "OSName/Windows",
          "OSVersion/Microsoft.Windows.10.0.18363.",
          "Microsoft.Azure.Management.Batch.BatchManagementClient/11.0.0.0"
        ],
        "Content-Type": [
          "application/json; charset=utf-8"
        ],
        "Content-Length": [
          "178"
        ]
      },
      "ResponseHeaders": {
        "Cache-Control": [
          "no-cache"
>>>>>>> d78b04a5306127f583235b13752c48d4f7d1289a
        ],
        "Pragma": [
          "no-cache"
        ],
<<<<<<< HEAD
=======
        "Location": [
          "https://management.azure.com/subscriptions/21abd678-18c5-4660-9fdd-8c5ba6b6fe1f/resourceGroups/ps88/providers/Microsoft.Batch/batchAccounts/ps1341/operationResults/d9d7fac7-94b6-4343-830a-2569615ad5c9?api-version=2020-05-01"
        ],
>>>>>>> d78b04a5306127f583235b13752c48d4f7d1289a
        "Retry-After": [
          "15"
        ],
        "x-ms-request-id": [
<<<<<<< HEAD
          "066a8a3d-4657-4ac7-a439-78acc6164ee1"
=======
          "d9d7fac7-94b6-4343-830a-2569615ad5c9"
>>>>>>> d78b04a5306127f583235b13752c48d4f7d1289a
        ],
        "Strict-Transport-Security": [
          "max-age=31536000; includeSubDomains"
        ],
        "X-Content-Type-Options": [
          "nosniff"
        ],
<<<<<<< HEAD
=======
        "Server": [
          "Microsoft-HTTPAPI/2.0"
        ],
>>>>>>> d78b04a5306127f583235b13752c48d4f7d1289a
        "x-ms-ratelimit-remaining-subscription-writes": [
          "1199"
        ],
        "x-ms-correlation-request-id": [
<<<<<<< HEAD
          "134cbeaf-6748-49f7-a49a-b5547ab4c135"
        ],
        "x-ms-routing-request-id": [
          "WESTUS2:20180606T011610Z:134cbeaf-6748-49f7-a49a-b5547ab4c135"
        ],
        "Cache-Control": [
          "no-cache"
        ],
        "Date": [
          "Wed, 06 Jun 2018 01:16:09 GMT"
        ],
        "Location": [
          "https://management.azure.com/subscriptions/2915bbd6-1252-405f-8173-6c00428146d9/resourceGroups/ps9651/providers/Microsoft.Batch/batchAccounts/ps543/operationResults/066a8a3d-4657-4ac7-a439-78acc6164ee1?api-version=2017-01-01"
        ],
        "Server": [
          "Microsoft-HTTPAPI/2.0"
        ]
      },
      "StatusCode": 202
    },
    {
      "RequestUri": "/subscriptions/2915bbd6-1252-405f-8173-6c00428146d9/resourceGroups/ps9651/providers/Microsoft.Batch/batchAccounts/ps543?api-version=2017-01-01",
      "EncodedRequestUri": "L3N1YnNjcmlwdGlvbnMvMjkxNWJiZDYtMTI1Mi00MDVmLTgxNzMtNmMwMDQyODE0NmQ5L3Jlc291cmNlR3JvdXBzL3BzOTY1MS9wcm92aWRlcnMvTWljcm9zb2Z0LkJhdGNoL2JhdGNoQWNjb3VudHMvcHM1NDM/YXBpLXZlcnNpb249MjAxNy0wMS0wMQ==",
      "RequestMethod": "PUT",
      "RequestBody": "{\r\n  \"location\": \"westus\",\r\n  \"tags\": {\r\n    \"tag2\": \"tagValue2\"\r\n  }\r\n}",
      "RequestHeaders": {
        "Content-Type": [
          "application/json; charset=utf-8"
        ],
        "Content-Length": [
          "72"
        ],
        "x-ms-client-request-id": [
          "22b13825-900f-4f70-9a1c-c6238555c50b"
        ],
        "accept-language": [
          "en-US"
        ],
        "User-Agent": [
          "FxVersion/4.7.2650.0",
          "OSName/Windows10Enterprise",
          "OSVersion/6.3.16299",
          "Microsoft.Azure.Management.Batch.BatchManagementClient/4.2.0.0"
        ]
      },
      "ResponseBody": "{\r\n  \"id\": \"/subscriptions/2915bbd6-1252-405f-8173-6c00428146d9/resourceGroups/ps9651/providers/Microsoft.Batch/batchAccounts/ps543\",\r\n  \"name\": \"ps543\",\r\n  \"type\": \"Microsoft.Batch/batchAccounts\",\r\n  \"location\": \"westus\",\r\n  \"properties\": {\r\n    \"accountEndpoint\": \"ps543.westus.batch.azure.com\",\r\n    \"provisioningState\": \"Succeeded\",\r\n    \"coreQuota\": 20,\r\n    \"poolQuota\": 100,\r\n    \"activeJobAndJobScheduleQuota\": 300,\r\n    \"poolAllocationMode\": \"batchservice\"\r\n  },\r\n  \"tags\": {\r\n    \"tag2\": \"tagValue2\"\r\n  }\r\n}",
      "ResponseHeaders": {
        "Content-Length": [
          "428"
=======
          "cefdcbcd-d303-40a1-8e02-6014dda93f78"
        ],
        "x-ms-routing-request-id": [
          "WESTUS:20200610T225050Z:cefdcbcd-d303-40a1-8e02-6014dda93f78"
        ],
        "Date": [
          "Wed, 10 Jun 2020 22:50:49 GMT"
        ],
        "Expires": [
          "-1"
        ],
        "Content-Length": [
          "0"
        ]
      },
      "ResponseBody": "",
      "StatusCode": 202
    },
    {
      "RequestUri": "/subscriptions/21abd678-18c5-4660-9fdd-8c5ba6b6fe1f/resourceGroups/ps88/providers/Microsoft.Batch/batchAccounts/ps1341?api-version=2020-05-01",
      "EncodedRequestUri": "L3N1YnNjcmlwdGlvbnMvMjFhYmQ2NzgtMThjNS00NjYwLTlmZGQtOGM1YmE2YjZmZTFmL3Jlc291cmNlR3JvdXBzL3BzODgvcHJvdmlkZXJzL01pY3Jvc29mdC5CYXRjaC9iYXRjaEFjY291bnRzL3BzMTM0MT9hcGktdmVyc2lvbj0yMDIwLTA1LTAx",
      "RequestMethod": "PUT",
      "RequestBody": "{\r\n  \"location\": \"westus\",\r\n  \"tags\": {\r\n    \"tag2\": \"tagValue2\"\r\n  }\r\n}",
      "RequestHeaders": {
        "x-ms-client-request-id": [
          "af8d4540-e47e-4861-9ab0-e685c97dcb38"
        ],
        "Accept-Language": [
          "en-US"
        ],
        "User-Agent": [
          "FxVersion/4.6.28207.03",
          "OSName/Windows",
          "OSVersion/Microsoft.Windows.10.0.18363.",
          "Microsoft.Azure.Management.Batch.BatchManagementClient/11.0.0.0"
>>>>>>> d78b04a5306127f583235b13752c48d4f7d1289a
        ],
        "Content-Type": [
          "application/json; charset=utf-8"
        ],
<<<<<<< HEAD
        "Expires": [
          "-1"
        ],
        "Last-Modified": [
          "Wed, 06 Jun 2018 01:16:26 GMT"
=======
        "Content-Length": [
          "72"
        ]
      },
      "ResponseHeaders": {
        "Cache-Control": [
          "no-cache"
>>>>>>> d78b04a5306127f583235b13752c48d4f7d1289a
        ],
        "Pragma": [
          "no-cache"
        ],
<<<<<<< HEAD
=======
        "ETag": [
          "\"0x8D80D90C2978DEB\""
        ],
>>>>>>> d78b04a5306127f583235b13752c48d4f7d1289a
        "x-ms-ratelimit-remaining-subscription-writes": [
          "1198"
        ],
        "x-ms-request-id": [
<<<<<<< HEAD
          "0a28f0d1-191a-443a-b2d4-b751989a9e91"
=======
          "43e5ee99-cad3-4344-a50f-bf7bc4bb0032"
>>>>>>> d78b04a5306127f583235b13752c48d4f7d1289a
        ],
        "Strict-Transport-Security": [
          "max-age=31536000; includeSubDomains"
        ],
        "X-Content-Type-Options": [
          "nosniff"
        ],
<<<<<<< HEAD
        "x-ms-correlation-request-id": [
          "8c883987-e550-4575-a91a-606c9aa97c44"
        ],
        "x-ms-routing-request-id": [
          "WESTUS2:20180606T011626Z:8c883987-e550-4575-a91a-606c9aa97c44"
        ],
        "Cache-Control": [
          "no-cache"
        ],
        "Date": [
          "Wed, 06 Jun 2018 01:16:25 GMT"
        ],
        "ETag": [
          "0x8D5CB4B2008E602"
        ],
        "Server": [
          "Microsoft-HTTPAPI/2.0"
        ]
      },
      "StatusCode": 200
    },
    {
      "RequestUri": "/subscriptions/2915bbd6-1252-405f-8173-6c00428146d9/resourceGroups/ps9651/providers/Microsoft.Batch/batchAccounts/ps543/operationResults/066a8a3d-4657-4ac7-a439-78acc6164ee1?api-version=2017-01-01",
      "EncodedRequestUri": "L3N1YnNjcmlwdGlvbnMvMjkxNWJiZDYtMTI1Mi00MDVmLTgxNzMtNmMwMDQyODE0NmQ5L3Jlc291cmNlR3JvdXBzL3BzOTY1MS9wcm92aWRlcnMvTWljcm9zb2Z0LkJhdGNoL2JhdGNoQWNjb3VudHMvcHM1NDMvb3BlcmF0aW9uUmVzdWx0cy8wNjZhOGEzZC00NjU3LTRhYzctYTQzOS03OGFjYzYxNjRlZTE/YXBpLXZlcnNpb249MjAxNy0wMS0wMQ==",
=======
        "Server": [
          "Microsoft-HTTPAPI/2.0"
        ],
        "x-ms-correlation-request-id": [
          "5fb3bfe9-b44d-4a77-a14b-cedbd922ec35"
        ],
        "x-ms-routing-request-id": [
          "WESTUS:20200610T225106Z:5fb3bfe9-b44d-4a77-a14b-cedbd922ec35"
        ],
        "Date": [
          "Wed, 10 Jun 2020 22:51:05 GMT"
        ],
        "Content-Length": [
          "2227"
        ],
        "Content-Type": [
          "application/json; charset=utf-8"
        ],
        "Expires": [
          "-1"
        ],
        "Last-Modified": [
          "Wed, 10 Jun 2020 22:51:06 GMT"
        ]
      },
      "ResponseBody": "{\r\n  \"id\": \"/subscriptions/21abd678-18c5-4660-9fdd-8c5ba6b6fe1f/resourceGroups/ps88/providers/Microsoft.Batch/batchAccounts/ps1341\",\r\n  \"name\": \"ps1341\",\r\n  \"type\": \"Microsoft.Batch/batchAccounts\",\r\n  \"location\": \"westus\",\r\n  \"properties\": {\r\n    \"accountEndpoint\": \"ps1341.westus.batch.azure.com\",\r\n    \"provisioningState\": \"Succeeded\",\r\n    \"dedicatedCoreQuota\": 700,\r\n    \"dedicatedCoreQuotaPerVMFamily\": [\r\n      {\r\n        \"name\": \"standardAv2Family\",\r\n        \"coreQuota\": 100\r\n      },\r\n      {\r\n        \"name\": \"standardDv2Family\",\r\n        \"coreQuota\": 100\r\n      },\r\n      {\r\n        \"name\": \"standardDv3Family\",\r\n        \"coreQuota\": 100\r\n      },\r\n      {\r\n        \"name\": \"standardEv3Family\",\r\n        \"coreQuota\": 50\r\n      },\r\n      {\r\n        \"name\": \"standardDSv2Family\",\r\n        \"coreQuota\": 100\r\n      },\r\n      {\r\n        \"name\": \"standardDSv3Family\",\r\n        \"coreQuota\": 100\r\n      },\r\n      {\r\n        \"name\": \"standardESv3Family\",\r\n        \"coreQuota\": 50\r\n      },\r\n      {\r\n        \"name\": \"standardFFamily\",\r\n        \"coreQuota\": 50\r\n      },\r\n      {\r\n        \"name\": \"standardFSFamily\",\r\n        \"coreQuota\": 50\r\n      },\r\n      {\r\n        \"name\": \"standardA0_A7Family\",\r\n        \"coreQuota\": 0\r\n      },\r\n      {\r\n        \"name\": \"standardA8_A11Family\",\r\n        \"coreQuota\": 0\r\n      },\r\n      {\r\n        \"name\": \"standardDFamily\",\r\n        \"coreQuota\": 0\r\n      },\r\n      {\r\n        \"name\": \"standardGFamily\",\r\n        \"coreQuota\": 0\r\n      },\r\n      {\r\n        \"name\": \"basicAFamily\",\r\n        \"coreQuota\": 0\r\n      },\r\n      {\r\n        \"name\": \"standardNVFamily\",\r\n        \"coreQuota\": 0\r\n      },\r\n      {\r\n        \"name\": \"standardNVPromoFamily\",\r\n        \"coreQuota\": 0\r\n      },\r\n      {\r\n        \"name\": \"standardNCFamily\",\r\n        \"coreQuota\": 0\r\n      },\r\n      {\r\n        \"name\": \"standardNCPromoFamily\",\r\n        \"coreQuota\": 0\r\n      },\r\n      {\r\n        \"name\": \"standardHFamily\",\r\n        \"coreQuota\": 0\r\n      },\r\n      {\r\n        \"name\": \"standardHPromoFamily\",\r\n        \"coreQuota\": 0\r\n      },\r\n      {\r\n        \"name\": \"standardMSFamily\",\r\n        \"coreQuota\": 0\r\n      },\r\n      {\r\n        \"name\": \"standardDSFamily\",\r\n        \"coreQuota\": 0\r\n      },\r\n      {\r\n        \"name\": \"standardGSFamily\",\r\n        \"coreQuota\": 0\r\n      },\r\n      {\r\n        \"name\": \"standardLSFamily\",\r\n        \"coreQuota\": 0\r\n      },\r\n      {\r\n        \"name\": \"standardLSv2Family\",\r\n        \"coreQuota\": 0\r\n      },\r\n      {\r\n        \"name\": \"standardNCSv2Family\",\r\n        \"coreQuota\": 0\r\n      },\r\n      {\r\n        \"name\": \"standardNDSFamily\",\r\n        \"coreQuota\": 0\r\n      },\r\n      {\r\n        \"name\": \"standardNCSv3Family\",\r\n        \"coreQuota\": 0\r\n      },\r\n      {\r\n        \"name\": \"standardFSv2Family\",\r\n        \"coreQuota\": 0\r\n      },\r\n      {\r\n        \"name\": \"standardHBSFamily\",\r\n        \"coreQuota\": 0\r\n      },\r\n      {\r\n        \"name\": \"standardHCSFamily\",\r\n        \"coreQuota\": 0\r\n      },\r\n      {\r\n        \"name\": \"standardNVSv3Family\",\r\n        \"coreQuota\": 0\r\n      },\r\n      {\r\n        \"name\": \"standardHBrsv2Family\",\r\n        \"coreQuota\": 0\r\n      },\r\n      {\r\n        \"name\": \"standardDASv4Family\",\r\n        \"coreQuota\": 0\r\n      },\r\n      {\r\n        \"name\": \"standardEAv4Family\",\r\n        \"coreQuota\": 0\r\n      },\r\n      {\r\n        \"name\": \"standardEASv4Family\",\r\n        \"coreQuota\": 0\r\n      }\r\n    ],\r\n    \"dedicatedCoreQuotaPerVMFamilyEnforced\": false,\r\n    \"lowPriorityCoreQuota\": 500,\r\n    \"poolQuota\": 100,\r\n    \"activeJobAndJobScheduleQuota\": 300,\r\n    \"poolAllocationMode\": \"BatchService\",\r\n    \"publicNetworkAccess\": \"Enabled\",\r\n    \"encryption\": {\r\n      \"keySource\": \"Microsoft.Batch\"\r\n    }\r\n  },\r\n  \"tags\": {\r\n    \"tag2\": \"tagValue2\"\r\n  },\r\n  \"identity\": {\r\n    \"type\": \"None\"\r\n  }\r\n}",
      "StatusCode": 200
    },
    {
      "RequestUri": "/subscriptions/21abd678-18c5-4660-9fdd-8c5ba6b6fe1f/resourceGroups/ps88/providers/Microsoft.Batch/batchAccounts/ps1341/operationResults/d9d7fac7-94b6-4343-830a-2569615ad5c9?api-version=2020-05-01",
      "EncodedRequestUri": "L3N1YnNjcmlwdGlvbnMvMjFhYmQ2NzgtMThjNS00NjYwLTlmZGQtOGM1YmE2YjZmZTFmL3Jlc291cmNlR3JvdXBzL3BzODgvcHJvdmlkZXJzL01pY3Jvc29mdC5CYXRjaC9iYXRjaEFjY291bnRzL3BzMTM0MS9vcGVyYXRpb25SZXN1bHRzL2Q5ZDdmYWM3LTk0YjYtNDM0My04MzBhLTI1Njk2MTVhZDVjOT9hcGktdmVyc2lvbj0yMDIwLTA1LTAx",
>>>>>>> d78b04a5306127f583235b13752c48d4f7d1289a
      "RequestMethod": "GET",
      "RequestBody": "",
      "RequestHeaders": {
        "User-Agent": [
<<<<<<< HEAD
          "FxVersion/4.7.2650.0",
          "OSName/Windows10Enterprise",
          "OSVersion/6.3.16299",
          "Microsoft.Azure.Management.Batch.BatchManagementClient/4.2.0.0"
        ]
      },
      "ResponseBody": "{\r\n  \"id\": \"/subscriptions/2915bbd6-1252-405f-8173-6c00428146d9/resourceGroups/ps9651/providers/Microsoft.Batch/batchAccounts/ps543\",\r\n  \"name\": \"ps543\",\r\n  \"type\": \"Microsoft.Batch/batchAccounts\",\r\n  \"location\": \"westus\",\r\n  \"properties\": {\r\n    \"accountEndpoint\": \"ps543.westus.batch.azure.com\",\r\n    \"provisioningState\": \"Succeeded\",\r\n    \"coreQuota\": 20,\r\n    \"poolQuota\": 100,\r\n    \"activeJobAndJobScheduleQuota\": 300,\r\n    \"poolAllocationMode\": \"batchservice\"\r\n  },\r\n  \"tags\": {\r\n    \"tag1\": \"tagValue1\"\r\n  }\r\n}",
      "ResponseHeaders": {
        "Content-Length": [
          "428"
        ],
        "Content-Type": [
          "application/json; charset=utf-8"
        ],
        "Expires": [
          "-1"
        ],
        "Last-Modified": [
          "Wed, 06 Jun 2018 01:16:25 GMT"
=======
          "FxVersion/4.6.28207.03",
          "OSName/Windows",
          "OSVersion/Microsoft.Windows.10.0.18363.",
          "Microsoft.Azure.Management.Batch.BatchManagementClient/11.0.0.0"
        ]
      },
      "ResponseHeaders": {
        "Cache-Control": [
          "no-cache"
>>>>>>> d78b04a5306127f583235b13752c48d4f7d1289a
        ],
        "Pragma": [
          "no-cache"
        ],
<<<<<<< HEAD
        "x-ms-ratelimit-remaining-subscription-reads": [
          "14999"
        ],
        "x-ms-request-id": [
          "ca74cbe3-e3af-4875-9da5-9b4b278c6008"
=======
        "ETag": [
          "\"0x8D80D90C21CE7B6\""
        ],
        "x-ms-ratelimit-remaining-subscription-reads": [
          "11999"
        ],
        "x-ms-request-id": [
          "6edc34c3-ed16-4f05-aea4-b654ad71b585"
>>>>>>> d78b04a5306127f583235b13752c48d4f7d1289a
        ],
        "Strict-Transport-Security": [
          "max-age=31536000; includeSubDomains"
        ],
        "X-Content-Type-Options": [
          "nosniff"
        ],
<<<<<<< HEAD
        "x-ms-correlation-request-id": [
          "22f34472-9ce8-42ec-ac0a-7d6b418aa977"
        ],
        "x-ms-routing-request-id": [
          "WESTUS2:20180606T011625Z:22f34472-9ce8-42ec-ac0a-7d6b418aa977"
        ],
        "Cache-Control": [
          "no-cache"
        ],
        "Date": [
          "Wed, 06 Jun 2018 01:16:24 GMT"
        ],
        "ETag": [
          "0x8D5CB4B1F7E13C1"
        ],
        "Server": [
          "Microsoft-HTTPAPI/2.0"
        ]
      },
      "StatusCode": 200
    },
    {
      "RequestUri": "/subscriptions/2915bbd6-1252-405f-8173-6c00428146d9/resourceGroups/ps9651/providers/Microsoft.Batch/batchAccounts/ps543?api-version=2017-01-01",
      "EncodedRequestUri": "L3N1YnNjcmlwdGlvbnMvMjkxNWJiZDYtMTI1Mi00MDVmLTgxNzMtNmMwMDQyODE0NmQ5L3Jlc291cmNlR3JvdXBzL3BzOTY1MS9wcm92aWRlcnMvTWljcm9zb2Z0LkJhdGNoL2JhdGNoQWNjb3VudHMvcHM1NDM/YXBpLXZlcnNpb249MjAxNy0wMS0wMQ==",
=======
        "Server": [
          "Microsoft-HTTPAPI/2.0"
        ],
        "x-ms-correlation-request-id": [
          "fc12a766-3272-4d2e-a29a-6cbf59bde892"
        ],
        "x-ms-routing-request-id": [
          "WESTUS:20200610T225105Z:fc12a766-3272-4d2e-a29a-6cbf59bde892"
        ],
        "Date": [
          "Wed, 10 Jun 2020 22:51:04 GMT"
        ],
        "Content-Length": [
          "2227"
        ],
        "Content-Type": [
          "application/json; charset=utf-8"
        ],
        "Expires": [
          "-1"
        ],
        "Last-Modified": [
          "Wed, 10 Jun 2020 22:51:05 GMT"
        ]
      },
      "ResponseBody": "{\r\n  \"id\": \"/subscriptions/21abd678-18c5-4660-9fdd-8c5ba6b6fe1f/resourceGroups/ps88/providers/Microsoft.Batch/batchAccounts/ps1341\",\r\n  \"name\": \"ps1341\",\r\n  \"type\": \"Microsoft.Batch/batchAccounts\",\r\n  \"location\": \"westus\",\r\n  \"properties\": {\r\n    \"accountEndpoint\": \"ps1341.westus.batch.azure.com\",\r\n    \"provisioningState\": \"Succeeded\",\r\n    \"dedicatedCoreQuota\": 700,\r\n    \"dedicatedCoreQuotaPerVMFamily\": [\r\n      {\r\n        \"name\": \"standardAv2Family\",\r\n        \"coreQuota\": 100\r\n      },\r\n      {\r\n        \"name\": \"standardDv2Family\",\r\n        \"coreQuota\": 100\r\n      },\r\n      {\r\n        \"name\": \"standardDv3Family\",\r\n        \"coreQuota\": 100\r\n      },\r\n      {\r\n        \"name\": \"standardEv3Family\",\r\n        \"coreQuota\": 50\r\n      },\r\n      {\r\n        \"name\": \"standardDSv2Family\",\r\n        \"coreQuota\": 100\r\n      },\r\n      {\r\n        \"name\": \"standardDSv3Family\",\r\n        \"coreQuota\": 100\r\n      },\r\n      {\r\n        \"name\": \"standardESv3Family\",\r\n        \"coreQuota\": 50\r\n      },\r\n      {\r\n        \"name\": \"standardFFamily\",\r\n        \"coreQuota\": 50\r\n      },\r\n      {\r\n        \"name\": \"standardFSFamily\",\r\n        \"coreQuota\": 50\r\n      },\r\n      {\r\n        \"name\": \"standardA0_A7Family\",\r\n        \"coreQuota\": 0\r\n      },\r\n      {\r\n        \"name\": \"standardA8_A11Family\",\r\n        \"coreQuota\": 0\r\n      },\r\n      {\r\n        \"name\": \"standardDFamily\",\r\n        \"coreQuota\": 0\r\n      },\r\n      {\r\n        \"name\": \"standardGFamily\",\r\n        \"coreQuota\": 0\r\n      },\r\n      {\r\n        \"name\": \"basicAFamily\",\r\n        \"coreQuota\": 0\r\n      },\r\n      {\r\n        \"name\": \"standardNVFamily\",\r\n        \"coreQuota\": 0\r\n      },\r\n      {\r\n        \"name\": \"standardNVPromoFamily\",\r\n        \"coreQuota\": 0\r\n      },\r\n      {\r\n        \"name\": \"standardNCFamily\",\r\n        \"coreQuota\": 0\r\n      },\r\n      {\r\n        \"name\": \"standardNCPromoFamily\",\r\n        \"coreQuota\": 0\r\n      },\r\n      {\r\n        \"name\": \"standardHFamily\",\r\n        \"coreQuota\": 0\r\n      },\r\n      {\r\n        \"name\": \"standardHPromoFamily\",\r\n        \"coreQuota\": 0\r\n      },\r\n      {\r\n        \"name\": \"standardMSFamily\",\r\n        \"coreQuota\": 0\r\n      },\r\n      {\r\n        \"name\": \"standardDSFamily\",\r\n        \"coreQuota\": 0\r\n      },\r\n      {\r\n        \"name\": \"standardGSFamily\",\r\n        \"coreQuota\": 0\r\n      },\r\n      {\r\n        \"name\": \"standardLSFamily\",\r\n        \"coreQuota\": 0\r\n      },\r\n      {\r\n        \"name\": \"standardLSv2Family\",\r\n        \"coreQuota\": 0\r\n      },\r\n      {\r\n        \"name\": \"standardNCSv2Family\",\r\n        \"coreQuota\": 0\r\n      },\r\n      {\r\n        \"name\": \"standardNDSFamily\",\r\n        \"coreQuota\": 0\r\n      },\r\n      {\r\n        \"name\": \"standardNCSv3Family\",\r\n        \"coreQuota\": 0\r\n      },\r\n      {\r\n        \"name\": \"standardFSv2Family\",\r\n        \"coreQuota\": 0\r\n      },\r\n      {\r\n        \"name\": \"standardHBSFamily\",\r\n        \"coreQuota\": 0\r\n      },\r\n      {\r\n        \"name\": \"standardHCSFamily\",\r\n        \"coreQuota\": 0\r\n      },\r\n      {\r\n        \"name\": \"standardNVSv3Family\",\r\n        \"coreQuota\": 0\r\n      },\r\n      {\r\n        \"name\": \"standardHBrsv2Family\",\r\n        \"coreQuota\": 0\r\n      },\r\n      {\r\n        \"name\": \"standardDASv4Family\",\r\n        \"coreQuota\": 0\r\n      },\r\n      {\r\n        \"name\": \"standardEAv4Family\",\r\n        \"coreQuota\": 0\r\n      },\r\n      {\r\n        \"name\": \"standardEASv4Family\",\r\n        \"coreQuota\": 0\r\n      }\r\n    ],\r\n    \"dedicatedCoreQuotaPerVMFamilyEnforced\": false,\r\n    \"lowPriorityCoreQuota\": 500,\r\n    \"poolQuota\": 100,\r\n    \"activeJobAndJobScheduleQuota\": 300,\r\n    \"poolAllocationMode\": \"BatchService\",\r\n    \"publicNetworkAccess\": \"Enabled\",\r\n    \"encryption\": {\r\n      \"keySource\": \"Microsoft.Batch\"\r\n    }\r\n  },\r\n  \"tags\": {\r\n    \"tag1\": \"tagValue1\"\r\n  },\r\n  \"identity\": {\r\n    \"type\": \"None\"\r\n  }\r\n}",
      "StatusCode": 200
    },
    {
      "RequestUri": "/subscriptions/21abd678-18c5-4660-9fdd-8c5ba6b6fe1f/resourceGroups/ps88/providers/Microsoft.Batch/batchAccounts/ps1341?api-version=2020-05-01",
      "EncodedRequestUri": "L3N1YnNjcmlwdGlvbnMvMjFhYmQ2NzgtMThjNS00NjYwLTlmZGQtOGM1YmE2YjZmZTFmL3Jlc291cmNlR3JvdXBzL3BzODgvcHJvdmlkZXJzL01pY3Jvc29mdC5CYXRjaC9iYXRjaEFjY291bnRzL3BzMTM0MT9hcGktdmVyc2lvbj0yMDIwLTA1LTAx",
>>>>>>> d78b04a5306127f583235b13752c48d4f7d1289a
      "RequestMethod": "GET",
      "RequestBody": "",
      "RequestHeaders": {
        "x-ms-client-request-id": [
<<<<<<< HEAD
          "a21f9b59-3142-4ca3-a42e-a289dc951221"
        ],
        "accept-language": [
          "en-US"
        ],
        "User-Agent": [
          "FxVersion/4.7.2650.0",
          "OSName/Windows10Enterprise",
          "OSVersion/6.3.16299",
          "Microsoft.Azure.Management.Batch.BatchManagementClient/4.2.0.0"
        ]
      },
      "ResponseBody": "{\r\n  \"id\": \"/subscriptions/2915bbd6-1252-405f-8173-6c00428146d9/resourceGroups/ps9651/providers/Microsoft.Batch/batchAccounts/ps543\",\r\n  \"name\": \"ps543\",\r\n  \"type\": \"Microsoft.Batch/batchAccounts\",\r\n  \"location\": \"westus\",\r\n  \"properties\": {\r\n    \"accountEndpoint\": \"ps543.westus.batch.azure.com\",\r\n    \"provisioningState\": \"Succeeded\",\r\n    \"coreQuota\": 20,\r\n    \"poolQuota\": 100,\r\n    \"activeJobAndJobScheduleQuota\": 300,\r\n    \"poolAllocationMode\": \"batchservice\"\r\n  },\r\n  \"tags\": {\r\n    \"tag1\": \"tagValue1\"\r\n  }\r\n}",
      "ResponseHeaders": {
        "Content-Length": [
          "428"
        ],
        "Content-Type": [
          "application/json; charset=utf-8"
        ],
        "Expires": [
          "-1"
        ],
        "Last-Modified": [
          "Wed, 06 Jun 2018 01:16:10 GMT"
=======
          "524f7b38-2b06-41ad-a8d9-8a259d971be0"
        ],
        "Accept-Language": [
          "en-US"
        ],
        "User-Agent": [
          "FxVersion/4.6.28207.03",
          "OSName/Windows",
          "OSVersion/Microsoft.Windows.10.0.18363.",
          "Microsoft.Azure.Management.Batch.BatchManagementClient/11.0.0.0"
        ]
      },
      "ResponseHeaders": {
        "Cache-Control": [
          "no-cache"
>>>>>>> d78b04a5306127f583235b13752c48d4f7d1289a
        ],
        "Pragma": [
          "no-cache"
        ],
<<<<<<< HEAD
        "x-ms-ratelimit-remaining-subscription-reads": [
          "14998"
        ],
        "x-ms-request-id": [
          "75f73a57-8210-457c-b622-d49f83398822"
=======
        "ETag": [
          "\"0x8D80D90BB072410\""
        ],
        "x-ms-ratelimit-remaining-subscription-reads": [
          "11998"
        ],
        "x-ms-request-id": [
          "89d8c2b1-7640-480f-bcd8-b38e03b9d9b3"
>>>>>>> d78b04a5306127f583235b13752c48d4f7d1289a
        ],
        "Strict-Transport-Security": [
          "max-age=31536000; includeSubDomains"
        ],
        "X-Content-Type-Options": [
          "nosniff"
        ],
<<<<<<< HEAD
        "x-ms-correlation-request-id": [
          "2e7f5d8e-aefc-45fa-9097-906aa21198c1"
        ],
        "x-ms-routing-request-id": [
          "WESTUS2:20180606T011625Z:2e7f5d8e-aefc-45fa-9097-906aa21198c1"
        ],
        "Cache-Control": [
          "no-cache"
        ],
        "Date": [
          "Wed, 06 Jun 2018 01:16:24 GMT"
        ],
        "ETag": [
          "0x8D5CB4B1658EFC9"
        ],
        "Server": [
          "Microsoft-HTTPAPI/2.0"
        ]
      },
      "StatusCode": 200
    },
    {
      "RequestUri": "/subscriptions/2915bbd6-1252-405f-8173-6c00428146d9/resourceGroups/ps9651/providers/Microsoft.Batch/batchAccounts/ps543?api-version=2017-01-01",
      "EncodedRequestUri": "L3N1YnNjcmlwdGlvbnMvMjkxNWJiZDYtMTI1Mi00MDVmLTgxNzMtNmMwMDQyODE0NmQ5L3Jlc291cmNlR3JvdXBzL3BzOTY1MS9wcm92aWRlcnMvTWljcm9zb2Z0LkJhdGNoL2JhdGNoQWNjb3VudHMvcHM1NDM/YXBpLXZlcnNpb249MjAxNy0wMS0wMQ==",
=======
        "Server": [
          "Microsoft-HTTPAPI/2.0"
        ],
        "x-ms-correlation-request-id": [
          "3e8fd9e2-18ea-433d-8517-7daa9975ddd0"
        ],
        "x-ms-routing-request-id": [
          "WESTUS:20200610T225105Z:3e8fd9e2-18ea-433d-8517-7daa9975ddd0"
        ],
        "Date": [
          "Wed, 10 Jun 2020 22:51:04 GMT"
        ],
        "Content-Length": [
          "2227"
        ],
        "Content-Type": [
          "application/json; charset=utf-8"
        ],
        "Expires": [
          "-1"
        ],
        "Last-Modified": [
          "Wed, 10 Jun 2020 22:50:53 GMT"
        ]
      },
      "ResponseBody": "{\r\n  \"id\": \"/subscriptions/21abd678-18c5-4660-9fdd-8c5ba6b6fe1f/resourceGroups/ps88/providers/Microsoft.Batch/batchAccounts/ps1341\",\r\n  \"name\": \"ps1341\",\r\n  \"type\": \"Microsoft.Batch/batchAccounts\",\r\n  \"location\": \"westus\",\r\n  \"properties\": {\r\n    \"accountEndpoint\": \"ps1341.westus.batch.azure.com\",\r\n    \"provisioningState\": \"Succeeded\",\r\n    \"dedicatedCoreQuota\": 700,\r\n    \"dedicatedCoreQuotaPerVMFamily\": [\r\n      {\r\n        \"name\": \"standardAv2Family\",\r\n        \"coreQuota\": 100\r\n      },\r\n      {\r\n        \"name\": \"standardDv2Family\",\r\n        \"coreQuota\": 100\r\n      },\r\n      {\r\n        \"name\": \"standardDv3Family\",\r\n        \"coreQuota\": 100\r\n      },\r\n      {\r\n        \"name\": \"standardEv3Family\",\r\n        \"coreQuota\": 50\r\n      },\r\n      {\r\n        \"name\": \"standardDSv2Family\",\r\n        \"coreQuota\": 100\r\n      },\r\n      {\r\n        \"name\": \"standardDSv3Family\",\r\n        \"coreQuota\": 100\r\n      },\r\n      {\r\n        \"name\": \"standardESv3Family\",\r\n        \"coreQuota\": 50\r\n      },\r\n      {\r\n        \"name\": \"standardFFamily\",\r\n        \"coreQuota\": 50\r\n      },\r\n      {\r\n        \"name\": \"standardFSFamily\",\r\n        \"coreQuota\": 50\r\n      },\r\n      {\r\n        \"name\": \"standardA0_A7Family\",\r\n        \"coreQuota\": 0\r\n      },\r\n      {\r\n        \"name\": \"standardA8_A11Family\",\r\n        \"coreQuota\": 0\r\n      },\r\n      {\r\n        \"name\": \"standardDFamily\",\r\n        \"coreQuota\": 0\r\n      },\r\n      {\r\n        \"name\": \"standardGFamily\",\r\n        \"coreQuota\": 0\r\n      },\r\n      {\r\n        \"name\": \"basicAFamily\",\r\n        \"coreQuota\": 0\r\n      },\r\n      {\r\n        \"name\": \"standardNVFamily\",\r\n        \"coreQuota\": 0\r\n      },\r\n      {\r\n        \"name\": \"standardNVPromoFamily\",\r\n        \"coreQuota\": 0\r\n      },\r\n      {\r\n        \"name\": \"standardNCFamily\",\r\n        \"coreQuota\": 0\r\n      },\r\n      {\r\n        \"name\": \"standardNCPromoFamily\",\r\n        \"coreQuota\": 0\r\n      },\r\n      {\r\n        \"name\": \"standardHFamily\",\r\n        \"coreQuota\": 0\r\n      },\r\n      {\r\n        \"name\": \"standardHPromoFamily\",\r\n        \"coreQuota\": 0\r\n      },\r\n      {\r\n        \"name\": \"standardMSFamily\",\r\n        \"coreQuota\": 0\r\n      },\r\n      {\r\n        \"name\": \"standardDSFamily\",\r\n        \"coreQuota\": 0\r\n      },\r\n      {\r\n        \"name\": \"standardGSFamily\",\r\n        \"coreQuota\": 0\r\n      },\r\n      {\r\n        \"name\": \"standardLSFamily\",\r\n        \"coreQuota\": 0\r\n      },\r\n      {\r\n        \"name\": \"standardLSv2Family\",\r\n        \"coreQuota\": 0\r\n      },\r\n      {\r\n        \"name\": \"standardNCSv2Family\",\r\n        \"coreQuota\": 0\r\n      },\r\n      {\r\n        \"name\": \"standardNDSFamily\",\r\n        \"coreQuota\": 0\r\n      },\r\n      {\r\n        \"name\": \"standardNCSv3Family\",\r\n        \"coreQuota\": 0\r\n      },\r\n      {\r\n        \"name\": \"standardFSv2Family\",\r\n        \"coreQuota\": 0\r\n      },\r\n      {\r\n        \"name\": \"standardHBSFamily\",\r\n        \"coreQuota\": 0\r\n      },\r\n      {\r\n        \"name\": \"standardHCSFamily\",\r\n        \"coreQuota\": 0\r\n      },\r\n      {\r\n        \"name\": \"standardNVSv3Family\",\r\n        \"coreQuota\": 0\r\n      },\r\n      {\r\n        \"name\": \"standardHBrsv2Family\",\r\n        \"coreQuota\": 0\r\n      },\r\n      {\r\n        \"name\": \"standardDASv4Family\",\r\n        \"coreQuota\": 0\r\n      },\r\n      {\r\n        \"name\": \"standardEAv4Family\",\r\n        \"coreQuota\": 0\r\n      },\r\n      {\r\n        \"name\": \"standardEASv4Family\",\r\n        \"coreQuota\": 0\r\n      }\r\n    ],\r\n    \"dedicatedCoreQuotaPerVMFamilyEnforced\": false,\r\n    \"lowPriorityCoreQuota\": 500,\r\n    \"poolQuota\": 100,\r\n    \"activeJobAndJobScheduleQuota\": 300,\r\n    \"poolAllocationMode\": \"BatchService\",\r\n    \"publicNetworkAccess\": \"Enabled\",\r\n    \"encryption\": {\r\n      \"keySource\": \"Microsoft.Batch\"\r\n    }\r\n  },\r\n  \"tags\": {\r\n    \"tag1\": \"tagValue1\"\r\n  },\r\n  \"identity\": {\r\n    \"type\": \"None\"\r\n  }\r\n}",
      "StatusCode": 200
    },
    {
      "RequestUri": "/subscriptions/21abd678-18c5-4660-9fdd-8c5ba6b6fe1f/resourceGroups/ps88/providers/Microsoft.Batch/batchAccounts/ps1341?api-version=2020-05-01",
      "EncodedRequestUri": "L3N1YnNjcmlwdGlvbnMvMjFhYmQ2NzgtMThjNS00NjYwLTlmZGQtOGM1YmE2YjZmZTFmL3Jlc291cmNlR3JvdXBzL3BzODgvcHJvdmlkZXJzL01pY3Jvc29mdC5CYXRjaC9iYXRjaEFjY291bnRzL3BzMTM0MT9hcGktdmVyc2lvbj0yMDIwLTA1LTAx",
>>>>>>> d78b04a5306127f583235b13752c48d4f7d1289a
      "RequestMethod": "GET",
      "RequestBody": "",
      "RequestHeaders": {
        "x-ms-client-request-id": [
<<<<<<< HEAD
          "3413eab3-1952-43f1-9082-f41223c4d3e5"
        ],
        "accept-language": [
          "en-US"
        ],
        "User-Agent": [
          "FxVersion/4.7.2650.0",
          "OSName/Windows10Enterprise",
          "OSVersion/6.3.16299",
          "Microsoft.Azure.Management.Batch.BatchManagementClient/4.2.0.0"
        ]
      },
      "ResponseBody": "{\r\n  \"id\": \"/subscriptions/2915bbd6-1252-405f-8173-6c00428146d9/resourceGroups/ps9651/providers/Microsoft.Batch/batchAccounts/ps543\",\r\n  \"name\": \"ps543\",\r\n  \"type\": \"Microsoft.Batch/batchAccounts\",\r\n  \"location\": \"westus\",\r\n  \"properties\": {\r\n    \"accountEndpoint\": \"ps543.westus.batch.azure.com\",\r\n    \"provisioningState\": \"Succeeded\",\r\n    \"coreQuota\": 20,\r\n    \"poolQuota\": 100,\r\n    \"activeJobAndJobScheduleQuota\": 300,\r\n    \"poolAllocationMode\": \"batchservice\"\r\n  },\r\n  \"tags\": {\r\n    \"tag2\": \"tagValue2\"\r\n  }\r\n}",
      "ResponseHeaders": {
        "Content-Length": [
          "428"
        ],
        "Content-Type": [
          "application/json; charset=utf-8"
        ],
        "Expires": [
          "-1"
        ],
        "Last-Modified": [
          "Wed, 06 Jun 2018 01:16:26 GMT"
=======
          "5a068aa2-b90b-4a73-b7a6-1bd7448e609e"
        ],
        "Accept-Language": [
          "en-US"
        ],
        "User-Agent": [
          "FxVersion/4.6.28207.03",
          "OSName/Windows",
          "OSVersion/Microsoft.Windows.10.0.18363.",
          "Microsoft.Azure.Management.Batch.BatchManagementClient/11.0.0.0"
        ]
      },
      "ResponseHeaders": {
        "Cache-Control": [
          "no-cache"
>>>>>>> d78b04a5306127f583235b13752c48d4f7d1289a
        ],
        "Pragma": [
          "no-cache"
        ],
<<<<<<< HEAD
        "x-ms-ratelimit-remaining-subscription-reads": [
          "14997"
        ],
        "x-ms-request-id": [
          "302b2e9d-b509-4fbe-9185-158e5629124a"
=======
        "ETag": [
          "\"0x8D80D90C2935466\""
        ],
        "x-ms-ratelimit-remaining-subscription-reads": [
          "11997"
        ],
        "x-ms-request-id": [
          "c918548e-4ea3-4fa1-afdc-326e7b256f3c"
>>>>>>> d78b04a5306127f583235b13752c48d4f7d1289a
        ],
        "Strict-Transport-Security": [
          "max-age=31536000; includeSubDomains"
        ],
        "X-Content-Type-Options": [
          "nosniff"
        ],
<<<<<<< HEAD
        "x-ms-correlation-request-id": [
          "e7b495bc-2b94-4b5f-8b07-ba3e39b724fe"
        ],
        "x-ms-routing-request-id": [
          "WESTUS2:20180606T011626Z:e7b495bc-2b94-4b5f-8b07-ba3e39b724fe"
        ],
        "Cache-Control": [
          "no-cache"
        ],
        "Date": [
          "Wed, 06 Jun 2018 01:16:26 GMT"
        ],
        "ETag": [
          "0x8D5CB4B2004F079"
        ],
        "Server": [
          "Microsoft-HTTPAPI/2.0"
        ]
      },
      "StatusCode": 200
    },
    {
      "RequestUri": "/subscriptions/2915bbd6-1252-405f-8173-6c00428146d9/resourceGroups/ps9651/providers/Microsoft.Batch/batchAccounts/ps543?api-version=2017-01-01",
      "EncodedRequestUri": "L3N1YnNjcmlwdGlvbnMvMjkxNWJiZDYtMTI1Mi00MDVmLTgxNzMtNmMwMDQyODE0NmQ5L3Jlc291cmNlR3JvdXBzL3BzOTY1MS9wcm92aWRlcnMvTWljcm9zb2Z0LkJhdGNoL2JhdGNoQWNjb3VudHMvcHM1NDM/YXBpLXZlcnNpb249MjAxNy0wMS0wMQ==",
=======
        "Server": [
          "Microsoft-HTTPAPI/2.0"
        ],
        "x-ms-correlation-request-id": [
          "daf5c209-94e9-405b-b88b-af8eebbb05e2"
        ],
        "x-ms-routing-request-id": [
          "WESTUS:20200610T225106Z:daf5c209-94e9-405b-b88b-af8eebbb05e2"
        ],
        "Date": [
          "Wed, 10 Jun 2020 22:51:05 GMT"
        ],
        "Content-Length": [
          "2227"
        ],
        "Content-Type": [
          "application/json; charset=utf-8"
        ],
        "Expires": [
          "-1"
        ],
        "Last-Modified": [
          "Wed, 10 Jun 2020 22:51:06 GMT"
        ]
      },
      "ResponseBody": "{\r\n  \"id\": \"/subscriptions/21abd678-18c5-4660-9fdd-8c5ba6b6fe1f/resourceGroups/ps88/providers/Microsoft.Batch/batchAccounts/ps1341\",\r\n  \"name\": \"ps1341\",\r\n  \"type\": \"Microsoft.Batch/batchAccounts\",\r\n  \"location\": \"westus\",\r\n  \"properties\": {\r\n    \"accountEndpoint\": \"ps1341.westus.batch.azure.com\",\r\n    \"provisioningState\": \"Succeeded\",\r\n    \"dedicatedCoreQuota\": 700,\r\n    \"dedicatedCoreQuotaPerVMFamily\": [\r\n      {\r\n        \"name\": \"standardAv2Family\",\r\n        \"coreQuota\": 100\r\n      },\r\n      {\r\n        \"name\": \"standardDv2Family\",\r\n        \"coreQuota\": 100\r\n      },\r\n      {\r\n        \"name\": \"standardDv3Family\",\r\n        \"coreQuota\": 100\r\n      },\r\n      {\r\n        \"name\": \"standardEv3Family\",\r\n        \"coreQuota\": 50\r\n      },\r\n      {\r\n        \"name\": \"standardDSv2Family\",\r\n        \"coreQuota\": 100\r\n      },\r\n      {\r\n        \"name\": \"standardDSv3Family\",\r\n        \"coreQuota\": 100\r\n      },\r\n      {\r\n        \"name\": \"standardESv3Family\",\r\n        \"coreQuota\": 50\r\n      },\r\n      {\r\n        \"name\": \"standardFFamily\",\r\n        \"coreQuota\": 50\r\n      },\r\n      {\r\n        \"name\": \"standardFSFamily\",\r\n        \"coreQuota\": 50\r\n      },\r\n      {\r\n        \"name\": \"standardA0_A7Family\",\r\n        \"coreQuota\": 0\r\n      },\r\n      {\r\n        \"name\": \"standardA8_A11Family\",\r\n        \"coreQuota\": 0\r\n      },\r\n      {\r\n        \"name\": \"standardDFamily\",\r\n        \"coreQuota\": 0\r\n      },\r\n      {\r\n        \"name\": \"standardGFamily\",\r\n        \"coreQuota\": 0\r\n      },\r\n      {\r\n        \"name\": \"basicAFamily\",\r\n        \"coreQuota\": 0\r\n      },\r\n      {\r\n        \"name\": \"standardNVFamily\",\r\n        \"coreQuota\": 0\r\n      },\r\n      {\r\n        \"name\": \"standardNVPromoFamily\",\r\n        \"coreQuota\": 0\r\n      },\r\n      {\r\n        \"name\": \"standardNCFamily\",\r\n        \"coreQuota\": 0\r\n      },\r\n      {\r\n        \"name\": \"standardNCPromoFamily\",\r\n        \"coreQuota\": 0\r\n      },\r\n      {\r\n        \"name\": \"standardHFamily\",\r\n        \"coreQuota\": 0\r\n      },\r\n      {\r\n        \"name\": \"standardHPromoFamily\",\r\n        \"coreQuota\": 0\r\n      },\r\n      {\r\n        \"name\": \"standardMSFamily\",\r\n        \"coreQuota\": 0\r\n      },\r\n      {\r\n        \"name\": \"standardDSFamily\",\r\n        \"coreQuota\": 0\r\n      },\r\n      {\r\n        \"name\": \"standardGSFamily\",\r\n        \"coreQuota\": 0\r\n      },\r\n      {\r\n        \"name\": \"standardLSFamily\",\r\n        \"coreQuota\": 0\r\n      },\r\n      {\r\n        \"name\": \"standardLSv2Family\",\r\n        \"coreQuota\": 0\r\n      },\r\n      {\r\n        \"name\": \"standardNCSv2Family\",\r\n        \"coreQuota\": 0\r\n      },\r\n      {\r\n        \"name\": \"standardNDSFamily\",\r\n        \"coreQuota\": 0\r\n      },\r\n      {\r\n        \"name\": \"standardNCSv3Family\",\r\n        \"coreQuota\": 0\r\n      },\r\n      {\r\n        \"name\": \"standardFSv2Family\",\r\n        \"coreQuota\": 0\r\n      },\r\n      {\r\n        \"name\": \"standardHBSFamily\",\r\n        \"coreQuota\": 0\r\n      },\r\n      {\r\n        \"name\": \"standardHCSFamily\",\r\n        \"coreQuota\": 0\r\n      },\r\n      {\r\n        \"name\": \"standardNVSv3Family\",\r\n        \"coreQuota\": 0\r\n      },\r\n      {\r\n        \"name\": \"standardHBrsv2Family\",\r\n        \"coreQuota\": 0\r\n      },\r\n      {\r\n        \"name\": \"standardDASv4Family\",\r\n        \"coreQuota\": 0\r\n      },\r\n      {\r\n        \"name\": \"standardEAv4Family\",\r\n        \"coreQuota\": 0\r\n      },\r\n      {\r\n        \"name\": \"standardEASv4Family\",\r\n        \"coreQuota\": 0\r\n      }\r\n    ],\r\n    \"dedicatedCoreQuotaPerVMFamilyEnforced\": false,\r\n    \"lowPriorityCoreQuota\": 500,\r\n    \"poolQuota\": 100,\r\n    \"activeJobAndJobScheduleQuota\": 300,\r\n    \"poolAllocationMode\": \"BatchService\",\r\n    \"publicNetworkAccess\": \"Enabled\",\r\n    \"encryption\": {\r\n      \"keySource\": \"Microsoft.Batch\"\r\n    }\r\n  },\r\n  \"tags\": {\r\n    \"tag2\": \"tagValue2\"\r\n  },\r\n  \"identity\": {\r\n    \"type\": \"None\"\r\n  }\r\n}",
      "StatusCode": 200
    },
    {
      "RequestUri": "/subscriptions/21abd678-18c5-4660-9fdd-8c5ba6b6fe1f/resourceGroups/ps88/providers/Microsoft.Batch/batchAccounts/ps1341?api-version=2020-05-01",
      "EncodedRequestUri": "L3N1YnNjcmlwdGlvbnMvMjFhYmQ2NzgtMThjNS00NjYwLTlmZGQtOGM1YmE2YjZmZTFmL3Jlc291cmNlR3JvdXBzL3BzODgvcHJvdmlkZXJzL01pY3Jvc29mdC5CYXRjaC9iYXRjaEFjY291bnRzL3BzMTM0MT9hcGktdmVyc2lvbj0yMDIwLTA1LTAx",
>>>>>>> d78b04a5306127f583235b13752c48d4f7d1289a
      "RequestMethod": "GET",
      "RequestBody": "",
      "RequestHeaders": {
        "x-ms-client-request-id": [
<<<<<<< HEAD
          "1712eb6f-35d9-4c9f-aa3c-e1ca09164288"
        ],
        "accept-language": [
          "en-US"
        ],
        "User-Agent": [
          "FxVersion/4.7.2650.0",
          "OSName/Windows10Enterprise",
          "OSVersion/6.3.16299",
          "Microsoft.Azure.Management.Batch.BatchManagementClient/4.2.0.0"
        ]
      },
      "ResponseBody": "{\r\n  \"id\": \"/subscriptions/2915bbd6-1252-405f-8173-6c00428146d9/resourceGroups/ps9651/providers/Microsoft.Batch/batchAccounts/ps543\",\r\n  \"name\": \"ps543\",\r\n  \"type\": \"Microsoft.Batch/batchAccounts\",\r\n  \"location\": \"westus\",\r\n  \"properties\": {\r\n    \"accountEndpoint\": \"ps543.westus.batch.azure.com\",\r\n    \"provisioningState\": \"Succeeded\",\r\n    \"coreQuota\": 20,\r\n    \"poolQuota\": 100,\r\n    \"activeJobAndJobScheduleQuota\": 300,\r\n    \"poolAllocationMode\": \"batchservice\"\r\n  },\r\n  \"tags\": {\r\n    \"tag2\": \"tagValue2\"\r\n  }\r\n}",
      "ResponseHeaders": {
        "Content-Length": [
          "428"
        ],
        "Content-Type": [
          "application/json; charset=utf-8"
        ],
        "Expires": [
          "-1"
        ],
        "Last-Modified": [
          "Wed, 06 Jun 2018 01:16:26 GMT"
=======
          "7f713eba-f378-48ff-8fb9-7f282fab66e3"
        ],
        "Accept-Language": [
          "en-US"
        ],
        "User-Agent": [
          "FxVersion/4.6.28207.03",
          "OSName/Windows",
          "OSVersion/Microsoft.Windows.10.0.18363.",
          "Microsoft.Azure.Management.Batch.BatchManagementClient/11.0.0.0"
        ]
      },
      "ResponseHeaders": {
        "Cache-Control": [
          "no-cache"
>>>>>>> d78b04a5306127f583235b13752c48d4f7d1289a
        ],
        "Pragma": [
          "no-cache"
        ],
<<<<<<< HEAD
        "x-ms-ratelimit-remaining-subscription-reads": [
          "14996"
        ],
        "x-ms-request-id": [
          "0d5dcc18-f75d-47ba-9595-33ccea813dbe"
=======
        "ETag": [
          "\"0x8D80D90C2935466\""
        ],
        "x-ms-ratelimit-remaining-subscription-reads": [
          "11996"
        ],
        "x-ms-request-id": [
          "a34bd4da-8fc9-44ce-a74f-56a902aae5ea"
>>>>>>> d78b04a5306127f583235b13752c48d4f7d1289a
        ],
        "Strict-Transport-Security": [
          "max-age=31536000; includeSubDomains"
        ],
        "X-Content-Type-Options": [
          "nosniff"
        ],
<<<<<<< HEAD
        "x-ms-correlation-request-id": [
          "d2f61e60-bacd-4a40-9ea4-e4f50d21a72a"
        ],
        "x-ms-routing-request-id": [
          "WESTUS2:20180606T011627Z:d2f61e60-bacd-4a40-9ea4-e4f50d21a72a"
        ],
        "Cache-Control": [
          "no-cache"
        ],
        "Date": [
          "Wed, 06 Jun 2018 01:16:26 GMT"
        ],
        "ETag": [
          "0x8D5CB4B2004F079"
        ],
        "Server": [
          "Microsoft-HTTPAPI/2.0"
        ]
      },
      "StatusCode": 200
    },
    {
      "RequestUri": "/subscriptions/2915bbd6-1252-405f-8173-6c00428146d9/resourceGroups/ps9651/providers/Microsoft.Batch/batchAccounts/ps543?api-version=2017-01-01",
      "EncodedRequestUri": "L3N1YnNjcmlwdGlvbnMvMjkxNWJiZDYtMTI1Mi00MDVmLTgxNzMtNmMwMDQyODE0NmQ5L3Jlc291cmNlR3JvdXBzL3BzOTY1MS9wcm92aWRlcnMvTWljcm9zb2Z0LkJhdGNoL2JhdGNoQWNjb3VudHMvcHM1NDM/YXBpLXZlcnNpb249MjAxNy0wMS0wMQ==",
=======
        "Server": [
          "Microsoft-HTTPAPI/2.0"
        ],
        "x-ms-correlation-request-id": [
          "28e4549f-f3fd-4d12-8c56-8118d52e0aa0"
        ],
        "x-ms-routing-request-id": [
          "WESTUS:20200610T225106Z:28e4549f-f3fd-4d12-8c56-8118d52e0aa0"
        ],
        "Date": [
          "Wed, 10 Jun 2020 22:51:05 GMT"
        ],
        "Content-Length": [
          "2227"
        ],
        "Content-Type": [
          "application/json; charset=utf-8"
        ],
        "Expires": [
          "-1"
        ],
        "Last-Modified": [
          "Wed, 10 Jun 2020 22:51:06 GMT"
        ]
      },
      "ResponseBody": "{\r\n  \"id\": \"/subscriptions/21abd678-18c5-4660-9fdd-8c5ba6b6fe1f/resourceGroups/ps88/providers/Microsoft.Batch/batchAccounts/ps1341\",\r\n  \"name\": \"ps1341\",\r\n  \"type\": \"Microsoft.Batch/batchAccounts\",\r\n  \"location\": \"westus\",\r\n  \"properties\": {\r\n    \"accountEndpoint\": \"ps1341.westus.batch.azure.com\",\r\n    \"provisioningState\": \"Succeeded\",\r\n    \"dedicatedCoreQuota\": 700,\r\n    \"dedicatedCoreQuotaPerVMFamily\": [\r\n      {\r\n        \"name\": \"standardAv2Family\",\r\n        \"coreQuota\": 100\r\n      },\r\n      {\r\n        \"name\": \"standardDv2Family\",\r\n        \"coreQuota\": 100\r\n      },\r\n      {\r\n        \"name\": \"standardDv3Family\",\r\n        \"coreQuota\": 100\r\n      },\r\n      {\r\n        \"name\": \"standardEv3Family\",\r\n        \"coreQuota\": 50\r\n      },\r\n      {\r\n        \"name\": \"standardDSv2Family\",\r\n        \"coreQuota\": 100\r\n      },\r\n      {\r\n        \"name\": \"standardDSv3Family\",\r\n        \"coreQuota\": 100\r\n      },\r\n      {\r\n        \"name\": \"standardESv3Family\",\r\n        \"coreQuota\": 50\r\n      },\r\n      {\r\n        \"name\": \"standardFFamily\",\r\n        \"coreQuota\": 50\r\n      },\r\n      {\r\n        \"name\": \"standardFSFamily\",\r\n        \"coreQuota\": 50\r\n      },\r\n      {\r\n        \"name\": \"standardA0_A7Family\",\r\n        \"coreQuota\": 0\r\n      },\r\n      {\r\n        \"name\": \"standardA8_A11Family\",\r\n        \"coreQuota\": 0\r\n      },\r\n      {\r\n        \"name\": \"standardDFamily\",\r\n        \"coreQuota\": 0\r\n      },\r\n      {\r\n        \"name\": \"standardGFamily\",\r\n        \"coreQuota\": 0\r\n      },\r\n      {\r\n        \"name\": \"basicAFamily\",\r\n        \"coreQuota\": 0\r\n      },\r\n      {\r\n        \"name\": \"standardNVFamily\",\r\n        \"coreQuota\": 0\r\n      },\r\n      {\r\n        \"name\": \"standardNVPromoFamily\",\r\n        \"coreQuota\": 0\r\n      },\r\n      {\r\n        \"name\": \"standardNCFamily\",\r\n        \"coreQuota\": 0\r\n      },\r\n      {\r\n        \"name\": \"standardNCPromoFamily\",\r\n        \"coreQuota\": 0\r\n      },\r\n      {\r\n        \"name\": \"standardHFamily\",\r\n        \"coreQuota\": 0\r\n      },\r\n      {\r\n        \"name\": \"standardHPromoFamily\",\r\n        \"coreQuota\": 0\r\n      },\r\n      {\r\n        \"name\": \"standardMSFamily\",\r\n        \"coreQuota\": 0\r\n      },\r\n      {\r\n        \"name\": \"standardDSFamily\",\r\n        \"coreQuota\": 0\r\n      },\r\n      {\r\n        \"name\": \"standardGSFamily\",\r\n        \"coreQuota\": 0\r\n      },\r\n      {\r\n        \"name\": \"standardLSFamily\",\r\n        \"coreQuota\": 0\r\n      },\r\n      {\r\n        \"name\": \"standardLSv2Family\",\r\n        \"coreQuota\": 0\r\n      },\r\n      {\r\n        \"name\": \"standardNCSv2Family\",\r\n        \"coreQuota\": 0\r\n      },\r\n      {\r\n        \"name\": \"standardNDSFamily\",\r\n        \"coreQuota\": 0\r\n      },\r\n      {\r\n        \"name\": \"standardNCSv3Family\",\r\n        \"coreQuota\": 0\r\n      },\r\n      {\r\n        \"name\": \"standardFSv2Family\",\r\n        \"coreQuota\": 0\r\n      },\r\n      {\r\n        \"name\": \"standardHBSFamily\",\r\n        \"coreQuota\": 0\r\n      },\r\n      {\r\n        \"name\": \"standardHCSFamily\",\r\n        \"coreQuota\": 0\r\n      },\r\n      {\r\n        \"name\": \"standardNVSv3Family\",\r\n        \"coreQuota\": 0\r\n      },\r\n      {\r\n        \"name\": \"standardHBrsv2Family\",\r\n        \"coreQuota\": 0\r\n      },\r\n      {\r\n        \"name\": \"standardDASv4Family\",\r\n        \"coreQuota\": 0\r\n      },\r\n      {\r\n        \"name\": \"standardEAv4Family\",\r\n        \"coreQuota\": 0\r\n      },\r\n      {\r\n        \"name\": \"standardEASv4Family\",\r\n        \"coreQuota\": 0\r\n      }\r\n    ],\r\n    \"dedicatedCoreQuotaPerVMFamilyEnforced\": false,\r\n    \"lowPriorityCoreQuota\": 500,\r\n    \"poolQuota\": 100,\r\n    \"activeJobAndJobScheduleQuota\": 300,\r\n    \"poolAllocationMode\": \"BatchService\",\r\n    \"publicNetworkAccess\": \"Enabled\",\r\n    \"encryption\": {\r\n      \"keySource\": \"Microsoft.Batch\"\r\n    }\r\n  },\r\n  \"tags\": {\r\n    \"tag2\": \"tagValue2\"\r\n  },\r\n  \"identity\": {\r\n    \"type\": \"None\"\r\n  }\r\n}",
      "StatusCode": 200
    },
    {
      "RequestUri": "/subscriptions/21abd678-18c5-4660-9fdd-8c5ba6b6fe1f/resourceGroups/ps88/providers/Microsoft.Batch/batchAccounts/ps1341?api-version=2020-05-01",
      "EncodedRequestUri": "L3N1YnNjcmlwdGlvbnMvMjFhYmQ2NzgtMThjNS00NjYwLTlmZGQtOGM1YmE2YjZmZTFmL3Jlc291cmNlR3JvdXBzL3BzODgvcHJvdmlkZXJzL01pY3Jvc29mdC5CYXRjaC9iYXRjaEFjY291bnRzL3BzMTM0MT9hcGktdmVyc2lvbj0yMDIwLTA1LTAx",
>>>>>>> d78b04a5306127f583235b13752c48d4f7d1289a
      "RequestMethod": "GET",
      "RequestBody": "",
      "RequestHeaders": {
        "x-ms-client-request-id": [
<<<<<<< HEAD
          "fff3571e-26a7-4053-b926-86e8f9aa5ff2"
        ],
        "accept-language": [
          "en-US"
        ],
        "User-Agent": [
          "FxVersion/4.7.2650.0",
          "OSName/Windows10Enterprise",
          "OSVersion/6.3.16299",
          "Microsoft.Azure.Management.Batch.BatchManagementClient/4.2.0.0"
        ]
      },
      "ResponseBody": "{\r\n  \"id\": \"/subscriptions/2915bbd6-1252-405f-8173-6c00428146d9/resourceGroups/ps9651/providers/Microsoft.Batch/batchAccounts/ps543\",\r\n  \"name\": \"ps543\",\r\n  \"type\": \"Microsoft.Batch/batchAccounts\",\r\n  \"location\": \"westus\",\r\n  \"properties\": {\r\n    \"accountEndpoint\": \"ps543.westus.batch.azure.com\",\r\n    \"provisioningState\": \"Succeeded\",\r\n    \"coreQuota\": 20,\r\n    \"poolQuota\": 100,\r\n    \"activeJobAndJobScheduleQuota\": 300,\r\n    \"poolAllocationMode\": \"batchservice\"\r\n  },\r\n  \"tags\": {\r\n    \"tag2\": \"tagValue2\"\r\n  }\r\n}",
      "ResponseHeaders": {
        "Content-Length": [
          "428"
        ],
        "Content-Type": [
          "application/json; charset=utf-8"
        ],
        "Expires": [
          "-1"
        ],
        "Last-Modified": [
          "Wed, 06 Jun 2018 01:16:26 GMT"
=======
          "41ab65f8-5908-4ae5-a164-b7c9ee121c9f"
        ],
        "Accept-Language": [
          "en-US"
        ],
        "User-Agent": [
          "FxVersion/4.6.28207.03",
          "OSName/Windows",
          "OSVersion/Microsoft.Windows.10.0.18363.",
          "Microsoft.Azure.Management.Batch.BatchManagementClient/11.0.0.0"
        ]
      },
      "ResponseHeaders": {
        "Cache-Control": [
          "no-cache"
>>>>>>> d78b04a5306127f583235b13752c48d4f7d1289a
        ],
        "Pragma": [
          "no-cache"
        ],
<<<<<<< HEAD
        "x-ms-ratelimit-remaining-subscription-reads": [
          "14995"
        ],
        "x-ms-request-id": [
          "303d2cdd-5b55-40ac-a6aa-e73b7a8ae626"
=======
        "ETag": [
          "\"0x8D80D90C2935466\""
        ],
        "x-ms-ratelimit-remaining-subscription-reads": [
          "11995"
        ],
        "x-ms-request-id": [
          "420fd306-c6d8-44d8-94b5-a109fb4766df"
>>>>>>> d78b04a5306127f583235b13752c48d4f7d1289a
        ],
        "Strict-Transport-Security": [
          "max-age=31536000; includeSubDomains"
        ],
        "X-Content-Type-Options": [
          "nosniff"
        ],
<<<<<<< HEAD
        "x-ms-correlation-request-id": [
          "37c2543d-cda9-4eec-abeb-d712af2ab48a"
        ],
        "x-ms-routing-request-id": [
          "WESTUS2:20180606T011627Z:37c2543d-cda9-4eec-abeb-d712af2ab48a"
        ],
        "Cache-Control": [
          "no-cache"
        ],
        "Date": [
          "Wed, 06 Jun 2018 01:16:26 GMT"
        ],
        "ETag": [
          "0x8D5CB4B2004F079"
        ],
        "Server": [
          "Microsoft-HTTPAPI/2.0"
        ]
      },
      "StatusCode": 200
    },
    {
      "RequestUri": "/subscriptions/2915bbd6-1252-405f-8173-6c00428146d9/resourceGroups/ps9651/providers/Microsoft.Batch/batchAccounts/ps543?api-version=2017-01-01",
      "EncodedRequestUri": "L3N1YnNjcmlwdGlvbnMvMjkxNWJiZDYtMTI1Mi00MDVmLTgxNzMtNmMwMDQyODE0NmQ5L3Jlc291cmNlR3JvdXBzL3BzOTY1MS9wcm92aWRlcnMvTWljcm9zb2Z0LkJhdGNoL2JhdGNoQWNjb3VudHMvcHM1NDM/YXBpLXZlcnNpb249MjAxNy0wMS0wMQ==",
=======
        "Server": [
          "Microsoft-HTTPAPI/2.0"
        ],
        "x-ms-correlation-request-id": [
          "d5040d70-9ac5-429d-9d5a-bbbf32dd2bd9"
        ],
        "x-ms-routing-request-id": [
          "WESTUS:20200610T225106Z:d5040d70-9ac5-429d-9d5a-bbbf32dd2bd9"
        ],
        "Date": [
          "Wed, 10 Jun 2020 22:51:06 GMT"
        ],
        "Content-Length": [
          "2227"
        ],
        "Content-Type": [
          "application/json; charset=utf-8"
        ],
        "Expires": [
          "-1"
        ],
        "Last-Modified": [
          "Wed, 10 Jun 2020 22:51:06 GMT"
        ]
      },
      "ResponseBody": "{\r\n  \"id\": \"/subscriptions/21abd678-18c5-4660-9fdd-8c5ba6b6fe1f/resourceGroups/ps88/providers/Microsoft.Batch/batchAccounts/ps1341\",\r\n  \"name\": \"ps1341\",\r\n  \"type\": \"Microsoft.Batch/batchAccounts\",\r\n  \"location\": \"westus\",\r\n  \"properties\": {\r\n    \"accountEndpoint\": \"ps1341.westus.batch.azure.com\",\r\n    \"provisioningState\": \"Succeeded\",\r\n    \"dedicatedCoreQuota\": 700,\r\n    \"dedicatedCoreQuotaPerVMFamily\": [\r\n      {\r\n        \"name\": \"standardAv2Family\",\r\n        \"coreQuota\": 100\r\n      },\r\n      {\r\n        \"name\": \"standardDv2Family\",\r\n        \"coreQuota\": 100\r\n      },\r\n      {\r\n        \"name\": \"standardDv3Family\",\r\n        \"coreQuota\": 100\r\n      },\r\n      {\r\n        \"name\": \"standardEv3Family\",\r\n        \"coreQuota\": 50\r\n      },\r\n      {\r\n        \"name\": \"standardDSv2Family\",\r\n        \"coreQuota\": 100\r\n      },\r\n      {\r\n        \"name\": \"standardDSv3Family\",\r\n        \"coreQuota\": 100\r\n      },\r\n      {\r\n        \"name\": \"standardESv3Family\",\r\n        \"coreQuota\": 50\r\n      },\r\n      {\r\n        \"name\": \"standardFFamily\",\r\n        \"coreQuota\": 50\r\n      },\r\n      {\r\n        \"name\": \"standardFSFamily\",\r\n        \"coreQuota\": 50\r\n      },\r\n      {\r\n        \"name\": \"standardA0_A7Family\",\r\n        \"coreQuota\": 0\r\n      },\r\n      {\r\n        \"name\": \"standardA8_A11Family\",\r\n        \"coreQuota\": 0\r\n      },\r\n      {\r\n        \"name\": \"standardDFamily\",\r\n        \"coreQuota\": 0\r\n      },\r\n      {\r\n        \"name\": \"standardGFamily\",\r\n        \"coreQuota\": 0\r\n      },\r\n      {\r\n        \"name\": \"basicAFamily\",\r\n        \"coreQuota\": 0\r\n      },\r\n      {\r\n        \"name\": \"standardNVFamily\",\r\n        \"coreQuota\": 0\r\n      },\r\n      {\r\n        \"name\": \"standardNVPromoFamily\",\r\n        \"coreQuota\": 0\r\n      },\r\n      {\r\n        \"name\": \"standardNCFamily\",\r\n        \"coreQuota\": 0\r\n      },\r\n      {\r\n        \"name\": \"standardNCPromoFamily\",\r\n        \"coreQuota\": 0\r\n      },\r\n      {\r\n        \"name\": \"standardHFamily\",\r\n        \"coreQuota\": 0\r\n      },\r\n      {\r\n        \"name\": \"standardHPromoFamily\",\r\n        \"coreQuota\": 0\r\n      },\r\n      {\r\n        \"name\": \"standardMSFamily\",\r\n        \"coreQuota\": 0\r\n      },\r\n      {\r\n        \"name\": \"standardDSFamily\",\r\n        \"coreQuota\": 0\r\n      },\r\n      {\r\n        \"name\": \"standardGSFamily\",\r\n        \"coreQuota\": 0\r\n      },\r\n      {\r\n        \"name\": \"standardLSFamily\",\r\n        \"coreQuota\": 0\r\n      },\r\n      {\r\n        \"name\": \"standardLSv2Family\",\r\n        \"coreQuota\": 0\r\n      },\r\n      {\r\n        \"name\": \"standardNCSv2Family\",\r\n        \"coreQuota\": 0\r\n      },\r\n      {\r\n        \"name\": \"standardNDSFamily\",\r\n        \"coreQuota\": 0\r\n      },\r\n      {\r\n        \"name\": \"standardNCSv3Family\",\r\n        \"coreQuota\": 0\r\n      },\r\n      {\r\n        \"name\": \"standardFSv2Family\",\r\n        \"coreQuota\": 0\r\n      },\r\n      {\r\n        \"name\": \"standardHBSFamily\",\r\n        \"coreQuota\": 0\r\n      },\r\n      {\r\n        \"name\": \"standardHCSFamily\",\r\n        \"coreQuota\": 0\r\n      },\r\n      {\r\n        \"name\": \"standardNVSv3Family\",\r\n        \"coreQuota\": 0\r\n      },\r\n      {\r\n        \"name\": \"standardHBrsv2Family\",\r\n        \"coreQuota\": 0\r\n      },\r\n      {\r\n        \"name\": \"standardDASv4Family\",\r\n        \"coreQuota\": 0\r\n      },\r\n      {\r\n        \"name\": \"standardEAv4Family\",\r\n        \"coreQuota\": 0\r\n      },\r\n      {\r\n        \"name\": \"standardEASv4Family\",\r\n        \"coreQuota\": 0\r\n      }\r\n    ],\r\n    \"dedicatedCoreQuotaPerVMFamilyEnforced\": false,\r\n    \"lowPriorityCoreQuota\": 500,\r\n    \"poolQuota\": 100,\r\n    \"activeJobAndJobScheduleQuota\": 300,\r\n    \"poolAllocationMode\": \"BatchService\",\r\n    \"publicNetworkAccess\": \"Enabled\",\r\n    \"encryption\": {\r\n      \"keySource\": \"Microsoft.Batch\"\r\n    }\r\n  },\r\n  \"tags\": {\r\n    \"tag2\": \"tagValue2\"\r\n  },\r\n  \"identity\": {\r\n    \"type\": \"None\"\r\n  }\r\n}",
      "StatusCode": 200
    },
    {
      "RequestUri": "/subscriptions/21abd678-18c5-4660-9fdd-8c5ba6b6fe1f/resourceGroups/ps88/providers/Microsoft.Batch/batchAccounts/ps1341?api-version=2020-05-01",
      "EncodedRequestUri": "L3N1YnNjcmlwdGlvbnMvMjFhYmQ2NzgtMThjNS00NjYwLTlmZGQtOGM1YmE2YjZmZTFmL3Jlc291cmNlR3JvdXBzL3BzODgvcHJvdmlkZXJzL01pY3Jvc29mdC5CYXRjaC9iYXRjaEFjY291bnRzL3BzMTM0MT9hcGktdmVyc2lvbj0yMDIwLTA1LTAx",
>>>>>>> d78b04a5306127f583235b13752c48d4f7d1289a
      "RequestMethod": "GET",
      "RequestBody": "",
      "RequestHeaders": {
        "x-ms-client-request-id": [
<<<<<<< HEAD
          "4d01f2a7-d938-47ec-ab1c-9af7b068f8c5"
        ],
        "accept-language": [
          "en-US"
        ],
        "User-Agent": [
          "FxVersion/4.7.2650.0",
          "OSName/Windows10Enterprise",
          "OSVersion/6.3.16299",
          "Microsoft.Azure.Management.Batch.BatchManagementClient/4.2.0.0"
        ]
      },
      "ResponseBody": "{\r\n  \"id\": \"/subscriptions/2915bbd6-1252-405f-8173-6c00428146d9/resourceGroups/ps9651/providers/Microsoft.Batch/batchAccounts/ps543\",\r\n  \"name\": \"ps543\",\r\n  \"type\": \"Microsoft.Batch/batchAccounts\",\r\n  \"location\": \"westus\",\r\n  \"properties\": {\r\n    \"accountEndpoint\": \"ps543.westus.batch.azure.com\",\r\n    \"provisioningState\": \"Succeeded\",\r\n    \"coreQuota\": 20,\r\n    \"poolQuota\": 100,\r\n    \"activeJobAndJobScheduleQuota\": 300,\r\n    \"poolAllocationMode\": \"batchservice\"\r\n  },\r\n  \"tags\": {\r\n    \"tag2\": \"tagValue2\"\r\n  }\r\n}",
      "ResponseHeaders": {
        "Content-Length": [
          "428"
        ],
        "Content-Type": [
          "application/json; charset=utf-8"
        ],
        "Expires": [
          "-1"
        ],
        "Last-Modified": [
          "Wed, 06 Jun 2018 01:16:28 GMT"
=======
          "8da4ace1-f97a-4a90-a628-7b789b676dd0"
        ],
        "Accept-Language": [
          "en-US"
        ],
        "User-Agent": [
          "FxVersion/4.6.28207.03",
          "OSName/Windows",
          "OSVersion/Microsoft.Windows.10.0.18363.",
          "Microsoft.Azure.Management.Batch.BatchManagementClient/11.0.0.0"
        ]
      },
      "ResponseHeaders": {
        "Cache-Control": [
          "no-cache"
>>>>>>> d78b04a5306127f583235b13752c48d4f7d1289a
        ],
        "Pragma": [
          "no-cache"
        ],
<<<<<<< HEAD
        "x-ms-ratelimit-remaining-subscription-reads": [
          "14994"
        ],
        "x-ms-request-id": [
          "bf16b256-5a4b-4b67-b49b-970900dbc5c4"
=======
        "ETag": [
          "\"0x8D80D90C3111F98\""
        ],
        "x-ms-ratelimit-remaining-subscription-reads": [
          "11994"
        ],
        "x-ms-request-id": [
          "3a82da79-027c-4ccd-80d8-60e1034d61a1"
>>>>>>> d78b04a5306127f583235b13752c48d4f7d1289a
        ],
        "Strict-Transport-Security": [
          "max-age=31536000; includeSubDomains"
        ],
        "X-Content-Type-Options": [
          "nosniff"
        ],
<<<<<<< HEAD
        "x-ms-correlation-request-id": [
          "36cee673-12ad-4db2-8497-365d0d5fca3d"
        ],
        "x-ms-routing-request-id": [
          "WESTUS2:20180606T011628Z:36cee673-12ad-4db2-8497-365d0d5fca3d"
        ],
        "Cache-Control": [
          "no-cache"
        ],
        "Date": [
          "Wed, 06 Jun 2018 01:16:27 GMT"
        ],
        "ETag": [
          "0x8D5CB4B210DBD2B"
        ],
        "Server": [
          "Microsoft-HTTPAPI/2.0"
        ]
      },
      "StatusCode": 200
    },
    {
      "RequestUri": "/subscriptions/2915bbd6-1252-405f-8173-6c00428146d9/resourceGroups/ps9651/providers/Microsoft.Batch/batchAccounts/ps543?api-version=2017-01-01",
      "EncodedRequestUri": "L3N1YnNjcmlwdGlvbnMvMjkxNWJiZDYtMTI1Mi00MDVmLTgxNzMtNmMwMDQyODE0NmQ5L3Jlc291cmNlR3JvdXBzL3BzOTY1MS9wcm92aWRlcnMvTWljcm9zb2Z0LkJhdGNoL2JhdGNoQWNjb3VudHMvcHM1NDM/YXBpLXZlcnNpb249MjAxNy0wMS0wMQ==",
=======
        "Server": [
          "Microsoft-HTTPAPI/2.0"
        ],
        "x-ms-correlation-request-id": [
          "1412144b-1fa3-42d8-b9a5-9650b0a97f20"
        ],
        "x-ms-routing-request-id": [
          "WESTUS:20200610T225107Z:1412144b-1fa3-42d8-b9a5-9650b0a97f20"
        ],
        "Date": [
          "Wed, 10 Jun 2020 22:51:06 GMT"
        ],
        "Content-Length": [
          "2227"
        ],
        "Content-Type": [
          "application/json; charset=utf-8"
        ],
        "Expires": [
          "-1"
        ],
        "Last-Modified": [
          "Wed, 10 Jun 2020 22:51:07 GMT"
        ]
      },
      "ResponseBody": "{\r\n  \"id\": \"/subscriptions/21abd678-18c5-4660-9fdd-8c5ba6b6fe1f/resourceGroups/ps88/providers/Microsoft.Batch/batchAccounts/ps1341\",\r\n  \"name\": \"ps1341\",\r\n  \"type\": \"Microsoft.Batch/batchAccounts\",\r\n  \"location\": \"westus\",\r\n  \"properties\": {\r\n    \"accountEndpoint\": \"ps1341.westus.batch.azure.com\",\r\n    \"provisioningState\": \"Succeeded\",\r\n    \"dedicatedCoreQuota\": 700,\r\n    \"dedicatedCoreQuotaPerVMFamily\": [\r\n      {\r\n        \"name\": \"standardAv2Family\",\r\n        \"coreQuota\": 100\r\n      },\r\n      {\r\n        \"name\": \"standardDv2Family\",\r\n        \"coreQuota\": 100\r\n      },\r\n      {\r\n        \"name\": \"standardDv3Family\",\r\n        \"coreQuota\": 100\r\n      },\r\n      {\r\n        \"name\": \"standardEv3Family\",\r\n        \"coreQuota\": 50\r\n      },\r\n      {\r\n        \"name\": \"standardDSv2Family\",\r\n        \"coreQuota\": 100\r\n      },\r\n      {\r\n        \"name\": \"standardDSv3Family\",\r\n        \"coreQuota\": 100\r\n      },\r\n      {\r\n        \"name\": \"standardESv3Family\",\r\n        \"coreQuota\": 50\r\n      },\r\n      {\r\n        \"name\": \"standardFFamily\",\r\n        \"coreQuota\": 50\r\n      },\r\n      {\r\n        \"name\": \"standardFSFamily\",\r\n        \"coreQuota\": 50\r\n      },\r\n      {\r\n        \"name\": \"standardA0_A7Family\",\r\n        \"coreQuota\": 0\r\n      },\r\n      {\r\n        \"name\": \"standardA8_A11Family\",\r\n        \"coreQuota\": 0\r\n      },\r\n      {\r\n        \"name\": \"standardDFamily\",\r\n        \"coreQuota\": 0\r\n      },\r\n      {\r\n        \"name\": \"standardGFamily\",\r\n        \"coreQuota\": 0\r\n      },\r\n      {\r\n        \"name\": \"basicAFamily\",\r\n        \"coreQuota\": 0\r\n      },\r\n      {\r\n        \"name\": \"standardNVFamily\",\r\n        \"coreQuota\": 0\r\n      },\r\n      {\r\n        \"name\": \"standardNVPromoFamily\",\r\n        \"coreQuota\": 0\r\n      },\r\n      {\r\n        \"name\": \"standardNCFamily\",\r\n        \"coreQuota\": 0\r\n      },\r\n      {\r\n        \"name\": \"standardNCPromoFamily\",\r\n        \"coreQuota\": 0\r\n      },\r\n      {\r\n        \"name\": \"standardHFamily\",\r\n        \"coreQuota\": 0\r\n      },\r\n      {\r\n        \"name\": \"standardHPromoFamily\",\r\n        \"coreQuota\": 0\r\n      },\r\n      {\r\n        \"name\": \"standardMSFamily\",\r\n        \"coreQuota\": 0\r\n      },\r\n      {\r\n        \"name\": \"standardDSFamily\",\r\n        \"coreQuota\": 0\r\n      },\r\n      {\r\n        \"name\": \"standardGSFamily\",\r\n        \"coreQuota\": 0\r\n      },\r\n      {\r\n        \"name\": \"standardLSFamily\",\r\n        \"coreQuota\": 0\r\n      },\r\n      {\r\n        \"name\": \"standardLSv2Family\",\r\n        \"coreQuota\": 0\r\n      },\r\n      {\r\n        \"name\": \"standardNCSv2Family\",\r\n        \"coreQuota\": 0\r\n      },\r\n      {\r\n        \"name\": \"standardNDSFamily\",\r\n        \"coreQuota\": 0\r\n      },\r\n      {\r\n        \"name\": \"standardNCSv3Family\",\r\n        \"coreQuota\": 0\r\n      },\r\n      {\r\n        \"name\": \"standardFSv2Family\",\r\n        \"coreQuota\": 0\r\n      },\r\n      {\r\n        \"name\": \"standardHBSFamily\",\r\n        \"coreQuota\": 0\r\n      },\r\n      {\r\n        \"name\": \"standardHCSFamily\",\r\n        \"coreQuota\": 0\r\n      },\r\n      {\r\n        \"name\": \"standardNVSv3Family\",\r\n        \"coreQuota\": 0\r\n      },\r\n      {\r\n        \"name\": \"standardHBrsv2Family\",\r\n        \"coreQuota\": 0\r\n      },\r\n      {\r\n        \"name\": \"standardDASv4Family\",\r\n        \"coreQuota\": 0\r\n      },\r\n      {\r\n        \"name\": \"standardEAv4Family\",\r\n        \"coreQuota\": 0\r\n      },\r\n      {\r\n        \"name\": \"standardEASv4Family\",\r\n        \"coreQuota\": 0\r\n      }\r\n    ],\r\n    \"dedicatedCoreQuotaPerVMFamilyEnforced\": false,\r\n    \"lowPriorityCoreQuota\": 500,\r\n    \"poolQuota\": 100,\r\n    \"activeJobAndJobScheduleQuota\": 300,\r\n    \"poolAllocationMode\": \"BatchService\",\r\n    \"publicNetworkAccess\": \"Enabled\",\r\n    \"encryption\": {\r\n      \"keySource\": \"Microsoft.Batch\"\r\n    }\r\n  },\r\n  \"tags\": {\r\n    \"tag2\": \"tagValue2\"\r\n  },\r\n  \"identity\": {\r\n    \"type\": \"None\"\r\n  }\r\n}",
      "StatusCode": 200
    },
    {
      "RequestUri": "/subscriptions/21abd678-18c5-4660-9fdd-8c5ba6b6fe1f/resourceGroups/ps88/providers/Microsoft.Batch/batchAccounts/ps1341?api-version=2020-05-01",
      "EncodedRequestUri": "L3N1YnNjcmlwdGlvbnMvMjFhYmQ2NzgtMThjNS00NjYwLTlmZGQtOGM1YmE2YjZmZTFmL3Jlc291cmNlR3JvdXBzL3BzODgvcHJvdmlkZXJzL01pY3Jvc29mdC5CYXRjaC9iYXRjaEFjY291bnRzL3BzMTM0MT9hcGktdmVyc2lvbj0yMDIwLTA1LTAx",
>>>>>>> d78b04a5306127f583235b13752c48d4f7d1289a
      "RequestMethod": "GET",
      "RequestBody": "",
      "RequestHeaders": {
        "x-ms-client-request-id": [
<<<<<<< HEAD
          "541d4aee-33e8-4e54-90df-8d5e158b7ce5"
        ],
        "accept-language": [
          "en-US"
        ],
        "User-Agent": [
          "FxVersion/4.7.2650.0",
          "OSName/Windows10Enterprise",
          "OSVersion/6.3.16299",
          "Microsoft.Azure.Management.Batch.BatchManagementClient/4.2.0.0"
        ]
      },
      "ResponseBody": "{\r\n  \"code\": \"AccountNotFound\",\r\n  \"message\": \"The specified account does not exist.\\nRequestId:6478e4d8-3867-4189-9bbd-801c8d3dab80\\nTime:2018-06-06T01:16:43.9502900Z\",\r\n  \"target\": \"BatchAccount\"\r\n}",
      "ResponseHeaders": {
        "Content-Length": [
          "183"
        ],
        "Content-Type": [
          "application/json; charset=utf-8"
        ],
        "Expires": [
          "-1"
=======
          "151ac075-08ea-4f0f-bb8e-322f5586f0e1"
        ],
        "Accept-Language": [
          "en-US"
        ],
        "User-Agent": [
          "FxVersion/4.6.28207.03",
          "OSName/Windows",
          "OSVersion/Microsoft.Windows.10.0.18363.",
          "Microsoft.Azure.Management.Batch.BatchManagementClient/11.0.0.0"
        ]
      },
      "ResponseHeaders": {
        "Cache-Control": [
          "no-cache"
>>>>>>> d78b04a5306127f583235b13752c48d4f7d1289a
        ],
        "Pragma": [
          "no-cache"
        ],
        "x-ms-ratelimit-remaining-subscription-reads": [
<<<<<<< HEAD
          "14991"
        ],
        "x-ms-request-id": [
          "6478e4d8-3867-4189-9bbd-801c8d3dab80"
=======
          "11991"
        ],
        "x-ms-request-id": [
          "1e18a316-f1f0-4c84-91c4-a4b3f4fb7dd5"
>>>>>>> d78b04a5306127f583235b13752c48d4f7d1289a
        ],
        "Strict-Transport-Security": [
          "max-age=31536000; includeSubDomains"
        ],
        "X-Content-Type-Options": [
          "nosniff"
        ],
<<<<<<< HEAD
        "x-ms-correlation-request-id": [
          "931592fe-66e6-4ace-a19b-78469e27d27a"
        ],
        "x-ms-routing-request-id": [
          "WESTUS2:20180606T011643Z:931592fe-66e6-4ace-a19b-78469e27d27a"
        ],
        "Cache-Control": [
          "no-cache"
        ],
        "Date": [
          "Wed, 06 Jun 2018 01:16:43 GMT"
        ],
        "Server": [
          "Microsoft-HTTPAPI/2.0"
        ]
      },
      "StatusCode": 404
    },
    {
      "RequestUri": "/subscriptions/2915bbd6-1252-405f-8173-6c00428146d9/resources?$filter=resourceType%20eq%20'Microsoft.Batch%2FbatchAccounts'&api-version=2016-09-01",
      "EncodedRequestUri": "L3N1YnNjcmlwdGlvbnMvMjkxNWJiZDYtMTI1Mi00MDVmLTgxNzMtNmMwMDQyODE0NmQ5L3Jlc291cmNlcz8kZmlsdGVyPXJlc291cmNlVHlwZSUyMGVxJTIwJ01pY3Jvc29mdC5CYXRjaCUyRmJhdGNoQWNjb3VudHMnJmFwaS12ZXJzaW9uPTIwMTYtMDktMDE=",
=======
        "Server": [
          "Microsoft-HTTPAPI/2.0"
        ],
        "x-ms-correlation-request-id": [
          "a77c6d7e-b8d0-40e4-946d-404fb92d8741"
        ],
        "x-ms-routing-request-id": [
          "WESTUS:20200610T225122Z:a77c6d7e-b8d0-40e4-946d-404fb92d8741"
        ],
        "Date": [
          "Wed, 10 Jun 2020 22:51:22 GMT"
        ],
        "Content-Length": [
          "193"
        ],
        "Content-Type": [
          "application/json; charset=utf-8"
        ],
        "Expires": [
          "-1"
        ]
      },
      "ResponseBody": "{\r\n  \"error\": {\r\n    \"code\": \"AccountNotFound\",\r\n    \"message\": \"The specified account does not exist.\\nRequestId:1e18a316-f1f0-4c84-91c4-a4b3f4fb7dd5\\nTime:2020-06-10T22:51:22.8556662Z\",\r\n    \"target\": \"BatchAccount\"\r\n  }\r\n}",
      "StatusCode": 404
    },
    {
      "RequestUri": "/subscriptions/21abd678-18c5-4660-9fdd-8c5ba6b6fe1f/resources?$filter=resourceType%20eq%20'Microsoft.Batch%2FbatchAccounts'&api-version=2016-09-01",
      "EncodedRequestUri": "L3N1YnNjcmlwdGlvbnMvMjFhYmQ2NzgtMThjNS00NjYwLTlmZGQtOGM1YmE2YjZmZTFmL3Jlc291cmNlcz8kZmlsdGVyPXJlc291cmNlVHlwZSUyMGVxJTIwJ01pY3Jvc29mdC5CYXRjaCUyRmJhdGNoQWNjb3VudHMnJmFwaS12ZXJzaW9uPTIwMTYtMDktMDE=",
>>>>>>> d78b04a5306127f583235b13752c48d4f7d1289a
      "RequestMethod": "GET",
      "RequestBody": "",
      "RequestHeaders": {
        "x-ms-client-request-id": [
<<<<<<< HEAD
          "b42dd7ef-fb08-4877-93ea-210bad210767"
        ],
        "accept-language": [
          "en-US"
        ],
        "User-Agent": [
          "FxVersion/4.7.2650.0",
          "OSName/Windows10Enterprise",
          "OSVersion/6.3.16299",
          "Microsoft.Azure.Management.Internal.Resources.ResourceManagementClient/4.1.0"
        ]
      },
      "ResponseBody": "{\r\n  \"value\": [\r\n    {\r\n      \"id\": \"/subscriptions/2915bbd6-1252-405f-8173-6c00428146d9/resourceGroups/Default-AzureBatch-EastUS2/providers/Microsoft.Batch/batchAccounts/matthchreastus2\",\r\n      \"name\": \"matthchreastus2\",\r\n      \"type\": \"Microsoft.Batch/batchAccounts\",\r\n      \"location\": \"eastus2\"\r\n    },\r\n    {\r\n      \"id\": \"/subscriptions/2915bbd6-1252-405f-8173-6c00428146d9/resourceGroups/Default-AzureBatch-WestUS/providers/Microsoft.Batch/batchAccounts/matthchrwestus\",\r\n      \"name\": \"matthchrwestus\",\r\n      \"type\": \"Microsoft.Batch/batchAccounts\",\r\n      \"location\": \"westus\"\r\n    },\r\n    {\r\n      \"id\": \"/subscriptions/2915bbd6-1252-405f-8173-6c00428146d9/resourceGroups/matthchr-centralus-euap/providers/Microsoft.Batch/batchAccounts/matthchrcenuseuap\",\r\n      \"name\": \"matthchrcenuseuap\",\r\n      \"type\": \"Microsoft.Batch/batchAccounts\",\r\n      \"location\": \"centraluseuap\"\r\n    },\r\n    {\r\n      \"id\": \"/subscriptions/2915bbd6-1252-405f-8173-6c00428146d9/resourceGroups/matthchrcentralus/providers/Microsoft.Batch/batchAccounts/matthchrcentralus\",\r\n      \"name\": \"matthchrcentralus\",\r\n      \"type\": \"Microsoft.Batch/batchAccounts\",\r\n      \"location\": \"centralus\"\r\n    },\r\n    {\r\n      \"id\": \"/subscriptions/2915bbd6-1252-405f-8173-6c00428146d9/resourceGroups/matthchreasteuap/providers/Microsoft.Batch/batchAccounts/matthchreasteuap\",\r\n      \"name\": \"matthchreasteuap\",\r\n      \"type\": \"Microsoft.Batch/batchAccounts\",\r\n      \"location\": \"eastus2euap\"\r\n    },\r\n    {\r\n      \"id\": \"/subscriptions/2915bbd6-1252-405f-8173-6c00428146d9/resourceGroups/matthchreastus/providers/Microsoft.Batch/batchAccounts/matthchreastus\",\r\n      \"name\": \"matthchreastus\",\r\n      \"type\": \"Microsoft.Batch/batchAccounts\",\r\n      \"location\": \"eastus\"\r\n    },\r\n    {\r\n      \"id\": \"/subscriptions/2915bbd6-1252-405f-8173-6c00428146d9/resourceGroups/matthchrnortheurope/providers/Microsoft.Batch/batchAccounts/matthchrnortheurope\",\r\n      \"name\": \"matthchrnortheurope\",\r\n      \"type\": \"Microsoft.Batch/batchAccounts\",\r\n      \"location\": \"northeurope\"\r\n    },\r\n    {\r\n      \"id\": \"/subscriptions/2915bbd6-1252-405f-8173-6c00428146d9/resourceGroups/matthchrwestcentralus/providers/Microsoft.Batch/batchAccounts/matthchrwestcentralus\",\r\n      \"name\": \"matthchrwestcentralus\",\r\n      \"type\": \"Microsoft.Batch/batchAccounts\",\r\n      \"location\": \"westcentralus\"\r\n    },\r\n    {\r\n      \"id\": \"/subscriptions/2915bbd6-1252-405f-8173-6c00428146d9/resourceGroups/ps9651/providers/Microsoft.Batch/batchAccounts/ps543\",\r\n      \"name\": \"ps543\",\r\n      \"type\": \"Microsoft.Batch/batchAccounts\",\r\n      \"location\": \"westus\",\r\n      \"tags\": {\r\n        \"tag1\": \"tagValue1\"\r\n      }\r\n    },\r\n    {\r\n      \"id\": \"/subscriptions/2915bbd6-1252-405f-8173-6c00428146d9/resourceGroups/python_batch_sdk_test/providers/Microsoft.Batch/batchAccounts/pythonsdktest3\",\r\n      \"name\": \"pythonsdktest3\",\r\n      \"type\": \"Microsoft.Batch/batchAccounts\",\r\n      \"location\": \"brazilsouth\",\r\n      \"tags\": {\r\n        \"Name\": \"tagName\",\r\n        \"Value\": \"tagValue\"\r\n      }\r\n    }\r\n  ]\r\n}",
      "ResponseHeaders": {
        "Content-Length": [
          "2479"
        ],
        "Content-Type": [
          "application/json; charset=utf-8"
        ],
        "Expires": [
          "-1"
=======
          "f910e8b1-68a3-4389-be2c-77f1785f0ed9"
        ],
        "Accept-Language": [
          "en-US"
        ],
        "User-Agent": [
          "FxVersion/4.6.28207.03",
          "OSName/Windows",
          "OSVersion/Microsoft.Windows.10.0.18363.",
          "Microsoft.Azure.Management.Internal.Resources.ResourceManagementClient/1.3.14"
        ]
      },
      "ResponseHeaders": {
        "Cache-Control": [
          "no-cache"
>>>>>>> d78b04a5306127f583235b13752c48d4f7d1289a
        ],
        "Pragma": [
          "no-cache"
        ],
        "x-ms-ratelimit-remaining-subscription-reads": [
<<<<<<< HEAD
          "14999"
        ],
        "x-ms-request-id": [
          "ee7fc6cb-e419-4d89-8358-8fde9508acdc"
        ],
        "x-ms-correlation-request-id": [
          "ee7fc6cb-e419-4d89-8358-8fde9508acdc"
        ],
        "x-ms-routing-request-id": [
          "WESTUS2:20180606T011627Z:ee7fc6cb-e419-4d89-8358-8fde9508acdc"
=======
          "11998"
        ],
        "x-ms-request-id": [
          "0c51730d-147d-42f5-84bf-1be778b103d3"
        ],
        "x-ms-correlation-request-id": [
          "0c51730d-147d-42f5-84bf-1be778b103d3"
        ],
        "x-ms-routing-request-id": [
          "WESTUS:20200610T225106Z:0c51730d-147d-42f5-84bf-1be778b103d3"
>>>>>>> d78b04a5306127f583235b13752c48d4f7d1289a
        ],
        "Strict-Transport-Security": [
          "max-age=31536000; includeSubDomains"
        ],
        "X-Content-Type-Options": [
          "nosniff"
        ],
<<<<<<< HEAD
        "Cache-Control": [
          "no-cache"
        ],
        "Date": [
          "Wed, 06 Jun 2018 01:16:26 GMT"
        ]
      },
      "StatusCode": 200
    },
    {
      "RequestUri": "/subscriptions/2915bbd6-1252-405f-8173-6c00428146d9/resourceGroups/ps9651/providers/Microsoft.Batch/batchAccounts/ps543/listKeys?api-version=2017-01-01",
      "EncodedRequestUri": "L3N1YnNjcmlwdGlvbnMvMjkxNWJiZDYtMTI1Mi00MDVmLTgxNzMtNmMwMDQyODE0NmQ5L3Jlc291cmNlR3JvdXBzL3BzOTY1MS9wcm92aWRlcnMvTWljcm9zb2Z0LkJhdGNoL2JhdGNoQWNjb3VudHMvcHM1NDMvbGlzdEtleXM/YXBpLXZlcnNpb249MjAxNy0wMS0wMQ==",
=======
        "Date": [
          "Wed, 10 Jun 2020 22:51:06 GMT"
        ],
        "Content-Type": [
          "application/json; charset=utf-8"
        ],
        "Expires": [
          "-1"
        ],
        "Content-Length": [
          "16750"
        ]
      },
      "ResponseBody": "{\r\n  \"value\": [\r\n    {\r\n      \"id\": \"/subscriptions/21abd678-18c5-4660-9fdd-8c5ba6b6fe1f/resourceGroups/123/providers/Microsoft.Batch/batchAccounts/zfengbyos\",\r\n      \"name\": \"zfengbyos\",\r\n      \"type\": \"Microsoft.Batch/batchAccounts\",\r\n      \"location\": \"westus\"\r\n    },\r\n    {\r\n      \"id\": \"/subscriptions/21abd678-18c5-4660-9fdd-8c5ba6b6fe1f/resourceGroups/123/providers/Microsoft.Batch/batchAccounts/zfengtest\",\r\n      \"name\": \"zfengtest\",\r\n      \"type\": \"Microsoft.Batch/batchAccounts\",\r\n      \"location\": \"westus\"\r\n    },\r\n    {\r\n      \"id\": \"/subscriptions/21abd678-18c5-4660-9fdd-8c5ba6b6fe1f/resourceGroups/123/providers/Microsoft.Batch/batchAccounts/zfengtest1\",\r\n      \"name\": \"zfengtest1\",\r\n      \"type\": \"Microsoft.Batch/batchAccounts\",\r\n      \"location\": \"westus\"\r\n    },\r\n    {\r\n      \"id\": \"/subscriptions/21abd678-18c5-4660-9fdd-8c5ba6b6fe1f/resourceGroups/123/providers/Microsoft.Batch/batchAccounts/zfengtest21\",\r\n      \"name\": \"zfengtest21\",\r\n      \"type\": \"Microsoft.Batch/batchAccounts\",\r\n      \"location\": \"westus\"\r\n    },\r\n    {\r\n      \"id\": \"/subscriptions/21abd678-18c5-4660-9fdd-8c5ba6b6fe1f/resourceGroups/123/providers/Microsoft.Batch/batchAccounts/zfengtest4\",\r\n      \"name\": \"zfengtest4\",\r\n      \"type\": \"Microsoft.Batch/batchAccounts\",\r\n      \"location\": \"westus\"\r\n    },\r\n    {\r\n      \"id\": \"/subscriptions/21abd678-18c5-4660-9fdd-8c5ba6b6fe1f/resourceGroups/123/providers/Microsoft.Batch/batchAccounts/zfengtest7\",\r\n      \"name\": \"zfengtest7\",\r\n      \"type\": \"Microsoft.Batch/batchAccounts\",\r\n      \"location\": \"westus\"\r\n    },\r\n    {\r\n      \"id\": \"/subscriptions/21abd678-18c5-4660-9fdd-8c5ba6b6fe1f/resourceGroups/abc/providers/Microsoft.Batch/batchAccounts/prodtest6\",\r\n      \"name\": \"prodtest6\",\r\n      \"type\": \"Microsoft.Batch/batchAccounts\",\r\n      \"location\": \"francecentral\",\r\n      \"tags\": {\r\n        \"test3\": \"true\"\r\n      }\r\n    },\r\n    {\r\n      \"id\": \"/subscriptions/21abd678-18c5-4660-9fdd-8c5ba6b6fe1f/resourceGroups/Accessibility/providers/Microsoft.Batch/batchAccounts/a11ytest\",\r\n      \"name\": \"a11ytest\",\r\n      \"type\": \"Microsoft.Batch/batchAccounts\",\r\n      \"location\": \"westcentralus\"\r\n    },\r\n    {\r\n      \"id\": \"/subscriptions/21abd678-18c5-4660-9fdd-8c5ba6b6fe1f/resourceGroups/Accessibility/providers/Microsoft.Batch/batchAccounts/accessbilitytest\",\r\n      \"name\": \"accessbilitytest\",\r\n      \"type\": \"Microsoft.Batch/batchAccounts\",\r\n      \"location\": \"westus\"\r\n    },\r\n    {\r\n      \"id\": \"/subscriptions/21abd678-18c5-4660-9fdd-8c5ba6b6fe1f/resourceGroups/BatchDNCrg/providers/Microsoft.Batch/batchAccounts/adfrolling2\",\r\n      \"name\": \"adfrolling2\",\r\n      \"type\": \"Microsoft.Batch/batchAccounts\",\r\n      \"location\": \"eastus\"\r\n    },\r\n    {\r\n      \"id\": \"/subscriptions/21abd678-18c5-4660-9fdd-8c5ba6b6fe1f/resourceGroups/canary/providers/Microsoft.Batch/batchAccounts/canaryeast\",\r\n      \"name\": \"canaryeast\",\r\n      \"type\": \"Microsoft.Batch/batchAccounts\",\r\n      \"location\": \"eastus2euap\"\r\n    },\r\n    {\r\n      \"id\": \"/subscriptions/21abd678-18c5-4660-9fdd-8c5ba6b6fe1f/resourceGroups/canary/providers/Microsoft.Batch/batchAccounts/euaptest0611021004990589\",\r\n      \"name\": \"euaptest0611021004990589\",\r\n      \"type\": \"Microsoft.Batch/batchAccounts\",\r\n      \"location\": \"eastus2euap\"\r\n    },\r\n    {\r\n      \"id\": \"/subscriptions/21abd678-18c5-4660-9fdd-8c5ba6b6fe1f/resourceGroups/canary/providers/Microsoft.Batch/batchAccounts/euaptest0630031004731897\",\r\n      \"name\": \"euaptest0630031004731897\",\r\n      \"type\": \"Microsoft.Batch/batchAccounts\",\r\n      \"location\": \"eastus2euap\"\r\n    },\r\n    {\r\n      \"id\": \"/subscriptions/21abd678-18c5-4660-9fdd-8c5ba6b6fe1f/resourceGroups/canary/providers/Microsoft.Batch/batchAccounts/euaptest0630121004863737\",\r\n      \"name\": \"euaptest0630121004863737\",\r\n      \"type\": \"Microsoft.Batch/batchAccounts\",\r\n      \"location\": \"eastus2euap\"\r\n    },\r\n    {\r\n      \"id\": \"/subscriptions/21abd678-18c5-4660-9fdd-8c5ba6b6fe1f/resourceGroups/canary/providers/Microsoft.Batch/batchAccounts/euaptest0711041013356487\",\r\n      \"name\": \"euaptest0711041013356487\",\r\n      \"type\": \"Microsoft.Batch/batchAccounts\",\r\n      \"location\": \"eastus2euap\"\r\n    },\r\n    {\r\n      \"id\": \"/subscriptions/21abd678-18c5-4660-9fdd-8c5ba6b6fe1f/resourceGroups/canary/providers/Microsoft.Batch/batchAccounts/euaptest0716041018413102\",\r\n      \"name\": \"euaptest0716041018413102\",\r\n      \"type\": \"Microsoft.Batch/batchAccounts\",\r\n      \"location\": \"eastus2euap\"\r\n    },\r\n    {\r\n      \"id\": \"/subscriptions/21abd678-18c5-4660-9fdd-8c5ba6b6fe1f/resourceGroups/canary/providers/Microsoft.Batch/batchAccounts/euaptest0808191004097188\",\r\n      \"name\": \"euaptest0808191004097188\",\r\n      \"type\": \"Microsoft.Batch/batchAccounts\",\r\n      \"location\": \"eastus2euap\"\r\n    },\r\n    {\r\n      \"id\": \"/subscriptions/21abd678-18c5-4660-9fdd-8c5ba6b6fe1f/resourceGroups/canary/providers/Microsoft.Batch/batchAccounts/euaptest0814041017852508\",\r\n      \"name\": \"euaptest0814041017852508\",\r\n      \"type\": \"Microsoft.Batch/batchAccounts\",\r\n      \"location\": \"eastus2euap\"\r\n    },\r\n    {\r\n      \"id\": \"/subscriptions/21abd678-18c5-4660-9fdd-8c5ba6b6fe1f/resourceGroups/canary/providers/Microsoft.Batch/batchAccounts/euaptest0822111005187123\",\r\n      \"name\": \"euaptest0822111005187123\",\r\n      \"type\": \"Microsoft.Batch/batchAccounts\",\r\n      \"location\": \"eastus2euap\",\r\n      \"tags\": {\r\n        \"region\": \"canary\"\r\n      }\r\n    },\r\n    {\r\n      \"id\": \"/subscriptions/21abd678-18c5-4660-9fdd-8c5ba6b6fe1f/resourceGroups/canary/providers/Microsoft.Batch/batchAccounts/euaptest0822121004763792\",\r\n      \"name\": \"euaptest0822121004763792\",\r\n      \"type\": \"Microsoft.Batch/batchAccounts\",\r\n      \"location\": \"eastus2euap\",\r\n      \"tags\": {\r\n        \"region\": \"canary\"\r\n      }\r\n    },\r\n    {\r\n      \"id\": \"/subscriptions/21abd678-18c5-4660-9fdd-8c5ba6b6fe1f/resourceGroups/canary/providers/Microsoft.Batch/batchAccounts/euaptest0822131005136953\",\r\n      \"name\": \"euaptest0822131005136953\",\r\n      \"type\": \"Microsoft.Batch/batchAccounts\",\r\n      \"location\": \"eastus2euap\",\r\n      \"tags\": {\r\n        \"region\": \"canary\"\r\n      }\r\n    },\r\n    {\r\n      \"id\": \"/subscriptions/21abd678-18c5-4660-9fdd-8c5ba6b6fe1f/resourceGroups/canary/providers/Microsoft.Batch/batchAccounts/euaptest0822141003901289\",\r\n      \"name\": \"euaptest0822141003901289\",\r\n      \"type\": \"Microsoft.Batch/batchAccounts\",\r\n      \"location\": \"eastus2euap\",\r\n      \"tags\": {\r\n        \"region\": \"canary\"\r\n      }\r\n    },\r\n    {\r\n      \"id\": \"/subscriptions/21abd678-18c5-4660-9fdd-8c5ba6b6fe1f/resourceGroups/canary/providers/Microsoft.Batch/batchAccounts/euaptest0822151004258761\",\r\n      \"name\": \"euaptest0822151004258761\",\r\n      \"type\": \"Microsoft.Batch/batchAccounts\",\r\n      \"location\": \"eastus2euap\",\r\n      \"tags\": {\r\n        \"region\": \"canary\"\r\n      }\r\n    },\r\n    {\r\n      \"id\": \"/subscriptions/21abd678-18c5-4660-9fdd-8c5ba6b6fe1f/resourceGroups/canary/providers/Microsoft.Batch/batchAccounts/euaptest0822161005474421\",\r\n      \"name\": \"euaptest0822161005474421\",\r\n      \"type\": \"Microsoft.Batch/batchAccounts\",\r\n      \"location\": \"eastus2euap\",\r\n      \"tags\": {\r\n        \"region\": \"canary\"\r\n      }\r\n    },\r\n    {\r\n      \"id\": \"/subscriptions/21abd678-18c5-4660-9fdd-8c5ba6b6fe1f/resourceGroups/canary/providers/Microsoft.Batch/batchAccounts/euaptest0822171004503623\",\r\n      \"name\": \"euaptest0822171004503623\",\r\n      \"type\": \"Microsoft.Batch/batchAccounts\",\r\n      \"location\": \"eastus2euap\",\r\n      \"tags\": {\r\n        \"region\": \"canary\"\r\n      }\r\n    },\r\n    {\r\n      \"id\": \"/subscriptions/21abd678-18c5-4660-9fdd-8c5ba6b6fe1f/resourceGroups/canary/providers/Microsoft.Batch/batchAccounts/euaptest0822181004907394\",\r\n      \"name\": \"euaptest0822181004907394\",\r\n      \"type\": \"Microsoft.Batch/batchAccounts\",\r\n      \"location\": \"eastus2euap\",\r\n      \"tags\": {\r\n        \"region\": \"canary\"\r\n      }\r\n    },\r\n    {\r\n      \"id\": \"/subscriptions/21abd678-18c5-4660-9fdd-8c5ba6b6fe1f/resourceGroups/canary/providers/Microsoft.Batch/batchAccounts/euaptest0919211004355010\",\r\n      \"name\": \"euaptest0919211004355010\",\r\n      \"type\": \"Microsoft.Batch/batchAccounts\",\r\n      \"location\": \"eastus2euap\"\r\n    },\r\n    {\r\n      \"id\": \"/subscriptions/21abd678-18c5-4660-9fdd-8c5ba6b6fe1f/resourceGroups/canary/providers/Microsoft.Batch/batchAccounts/euaptest0921031009642615\",\r\n      \"name\": \"euaptest0921031009642615\",\r\n      \"type\": \"Microsoft.Batch/batchAccounts\",\r\n      \"location\": \"eastus2euap\"\r\n    },\r\n    {\r\n      \"id\": \"/subscriptions/21abd678-18c5-4660-9fdd-8c5ba6b6fe1f/resourceGroups/canary/providers/Microsoft.Batch/batchAccounts/euaptest1213011004867318\",\r\n      \"name\": \"euaptest1213011004867318\",\r\n      \"type\": \"Microsoft.Batch/batchAccounts\",\r\n      \"location\": \"eastus2euap\"\r\n    },\r\n    {\r\n      \"id\": \"/subscriptions/21abd678-18c5-4660-9fdd-8c5ba6b6fe1f/resourceGroups/canary/providers/Microsoft.Batch/batchAccounts/euaptest1214051004320420\",\r\n      \"name\": \"euaptest1214051004320420\",\r\n      \"type\": \"Microsoft.Batch/batchAccounts\",\r\n      \"location\": \"eastus2euap\"\r\n    },\r\n    {\r\n      \"id\": \"/subscriptions/21abd678-18c5-4660-9fdd-8c5ba6b6fe1f/resourceGroups/canary/providers/Microsoft.Batch/batchAccounts/euaptest1215061004521144\",\r\n      \"name\": \"euaptest1215061004521144\",\r\n      \"type\": \"Microsoft.Batch/batchAccounts\",\r\n      \"location\": \"eastus2euap\",\r\n      \"tags\": {\r\n        \"region\": \"canary\"\r\n      }\r\n    },\r\n    {\r\n      \"id\": \"/subscriptions/21abd678-18c5-4660-9fdd-8c5ba6b6fe1f/resourceGroups/canary/providers/Microsoft.Batch/batchAccounts/testcanary\",\r\n      \"name\": \"testcanary\",\r\n      \"type\": \"Microsoft.Batch/batchAccounts\",\r\n      \"location\": \"centraluseuap\"\r\n    },\r\n    {\r\n      \"id\": \"/subscriptions/21abd678-18c5-4660-9fdd-8c5ba6b6fe1f/resourceGroups/doAzureParallel/providers/Microsoft.Batch/batchAccounts/canaryeast1\",\r\n      \"name\": \"canaryeast1\",\r\n      \"type\": \"Microsoft.Batch/batchAccounts\",\r\n      \"location\": \"eastus2euap\"\r\n    },\r\n    {\r\n      \"id\": \"/subscriptions/21abd678-18c5-4660-9fdd-8c5ba6b6fe1f/resourceGroups/prodtest1/providers/Microsoft.Batch/batchAccounts/prodtest1\",\r\n      \"name\": \"prodtest1\",\r\n      \"type\": \"Microsoft.Batch/batchAccounts\",\r\n      \"location\": \"brazilsouth\"\r\n    },\r\n    {\r\n      \"id\": \"/subscriptions/21abd678-18c5-4660-9fdd-8c5ba6b6fe1f/resourceGroups/prodtest3/providers/Microsoft.Batch/batchAccounts/prodtest3\",\r\n      \"name\": \"prodtest3\",\r\n      \"type\": \"Microsoft.Batch/batchAccounts\",\r\n      \"location\": \"southcentralus\"\r\n    },\r\n    {\r\n      \"id\": \"/subscriptions/21abd678-18c5-4660-9fdd-8c5ba6b6fe1f/resourceGroups/prodtest4/providers/Microsoft.Batch/batchAccounts/pilotprod2test3\",\r\n      \"name\": \"pilotprod2test3\",\r\n      \"type\": \"Microsoft.Batch/batchAccounts\",\r\n      \"location\": \"eastus\"\r\n    },\r\n    {\r\n      \"id\": \"/subscriptions/21abd678-18c5-4660-9fdd-8c5ba6b6fe1f/resourceGroups/prodtest4/providers/Microsoft.Batch/batchAccounts/pilotprodtestquota3\",\r\n      \"name\": \"pilotprodtestquota3\",\r\n      \"type\": \"Microsoft.Batch/batchAccounts\",\r\n      \"location\": \"eastus\"\r\n    },\r\n    {\r\n      \"id\": \"/subscriptions/21abd678-18c5-4660-9fdd-8c5ba6b6fe1f/resourceGroups/prodtest4/providers/Microsoft.Batch/batchAccounts/pilotprodtestquota4\",\r\n      \"name\": \"pilotprodtestquota4\",\r\n      \"type\": \"Microsoft.Batch/batchAccounts\",\r\n      \"location\": \"eastus\"\r\n    },\r\n    {\r\n      \"id\": \"/subscriptions/21abd678-18c5-4660-9fdd-8c5ba6b6fe1f/resourceGroups/prodtest4/providers/Microsoft.Batch/batchAccounts/prodtest4\",\r\n      \"name\": \"prodtest4\",\r\n      \"type\": \"Microsoft.Batch/batchAccounts\",\r\n      \"location\": \"centralus\",\r\n      \"tags\": {\r\n        \"test\": \"true\",\r\n        \"test2\": \"true\"\r\n      }\r\n    },\r\n    {\r\n      \"id\": \"/subscriptions/21abd678-18c5-4660-9fdd-8c5ba6b6fe1f/resourceGroups/prodtest5/providers/Microsoft.Batch/batchAccounts/prodtest5\",\r\n      \"name\": \"prodtest5\",\r\n      \"type\": \"Microsoft.Batch/batchAccounts\",\r\n      \"location\": \"eastus2\"\r\n    },\r\n    {\r\n      \"id\": \"/subscriptions/21abd678-18c5-4660-9fdd-8c5ba6b6fe1f/resourceGroups/ps3584/providers/Microsoft.Batch/batchAccounts/ps6084\",\r\n      \"name\": \"ps6084\",\r\n      \"type\": \"Microsoft.Batch/batchAccounts\",\r\n      \"location\": \"westus\"\r\n    },\r\n    {\r\n      \"id\": \"/subscriptions/21abd678-18c5-4660-9fdd-8c5ba6b6fe1f/resourceGroups/ps3892/providers/Microsoft.Batch/batchAccounts/ps4695\",\r\n      \"name\": \"ps4695\",\r\n      \"type\": \"Microsoft.Batch/batchAccounts\",\r\n      \"location\": \"westus\",\r\n      \"identity\": {\r\n        \"principalId\": \"32e0b0da-c57b-4b36-b982-ddc483a638c9\",\r\n        \"tenantId\": \"72f988bf-86f1-41af-91ab-2d7cd011db47\",\r\n        \"type\": \"SystemAssigned\"\r\n      }\r\n    },\r\n    {\r\n      \"id\": \"/subscriptions/21abd678-18c5-4660-9fdd-8c5ba6b6fe1f/resourceGroups/ps8598/providers/Microsoft.Batch/batchAccounts/ps6118\",\r\n      \"name\": \"ps6118\",\r\n      \"type\": \"Microsoft.Batch/batchAccounts\",\r\n      \"location\": \"westus\"\r\n    },\r\n    {\r\n      \"id\": \"/subscriptions/21abd678-18c5-4660-9fdd-8c5ba6b6fe1f/resourceGroups/ps88/providers/Microsoft.Batch/batchAccounts/ps1341\",\r\n      \"name\": \"ps1341\",\r\n      \"type\": \"Microsoft.Batch/batchAccounts\",\r\n      \"location\": \"westus\",\r\n      \"tags\": {\r\n        \"tag2\": \"tagValue2\"\r\n      }\r\n    },\r\n    {\r\n      \"id\": \"/subscriptions/21abd678-18c5-4660-9fdd-8c5ba6b6fe1f/resourceGroups/rechentest/providers/Microsoft.Batch/batchAccounts/0prodtest\",\r\n      \"name\": \"0prodtest\",\r\n      \"type\": \"Microsoft.Batch/batchAccounts\",\r\n      \"location\": \"westus\"\r\n    },\r\n    {\r\n      \"id\": \"/subscriptions/21abd678-18c5-4660-9fdd-8c5ba6b6fe1f/resourceGroups/rechentest/providers/Microsoft.Batch/batchAccounts/testing\",\r\n      \"name\": \"testing\",\r\n      \"type\": \"Microsoft.Batch/batchAccounts\",\r\n      \"location\": \"westus\"\r\n    },\r\n    {\r\n      \"id\": \"/subscriptions/21abd678-18c5-4660-9fdd-8c5ba6b6fe1f/resourceGroups/rechentest/providers/Microsoft.Batch/batchAccounts/testunusablenodes\",\r\n      \"name\": \"testunusablenodes\",\r\n      \"type\": \"Microsoft.Batch/batchAccounts\",\r\n      \"location\": \"westus\"\r\n    },\r\n    {\r\n      \"id\": \"/subscriptions/21abd678-18c5-4660-9fdd-8c5ba6b6fe1f/resourceGroups/spark-hackathon/providers/Microsoft.Batch/batchAccounts/pilotprodtestquota\",\r\n      \"name\": \"pilotprodtestquota\",\r\n      \"type\": \"Microsoft.Batch/batchAccounts\",\r\n      \"location\": \"eastus\"\r\n    },\r\n    {\r\n      \"id\": \"/subscriptions/21abd678-18c5-4660-9fdd-8c5ba6b6fe1f/resourceGroups/spark-hackathon/providers/Microsoft.Batch/batchAccounts/pilotprodtestquota2\",\r\n      \"name\": \"pilotprodtestquota2\",\r\n      \"type\": \"Microsoft.Batch/batchAccounts\",\r\n      \"location\": \"eastus\"\r\n    },\r\n    {\r\n      \"id\": \"/subscriptions/21abd678-18c5-4660-9fdd-8c5ba6b6fe1f/resourceGroups/twacdmtestRG/providers/Microsoft.Batch/batchAccounts/twacdmbatchacct\",\r\n      \"name\": \"twacdmbatchacct\",\r\n      \"type\": \"Microsoft.Batch/batchAccounts\",\r\n      \"location\": \"centraluseuap\"\r\n    },\r\n    {\r\n      \"id\": \"/subscriptions/21abd678-18c5-4660-9fdd-8c5ba6b6fe1f/resourceGroups/zfeng/providers/Microsoft.Batch/batchAccounts/ade1\",\r\n      \"name\": \"ade1\",\r\n      \"type\": \"Microsoft.Batch/batchAccounts\",\r\n      \"location\": \"eastus\",\r\n      \"tags\": {\r\n        \"a\": \"b\"\r\n      }\r\n    },\r\n    {\r\n      \"id\": \"/subscriptions/21abd678-18c5-4660-9fdd-8c5ba6b6fe1f/resourceGroups/zfeng/providers/Microsoft.Batch/batchAccounts/byospilotprod2\",\r\n      \"name\": \"byospilotprod2\",\r\n      \"type\": \"Microsoft.Batch/batchAccounts\",\r\n      \"location\": \"eastus\"\r\n    },\r\n    {\r\n      \"id\": \"/subscriptions/21abd678-18c5-4660-9fdd-8c5ba6b6fe1f/resourceGroups/zfeng/providers/Microsoft.Batch/batchAccounts/ytre\",\r\n      \"name\": \"ytre\",\r\n      \"type\": \"Microsoft.Batch/batchAccounts\",\r\n      \"location\": \"eastus\"\r\n    },\r\n    {\r\n      \"id\": \"/subscriptions/21abd678-18c5-4660-9fdd-8c5ba6b6fe1f/resourceGroups/zfeng/providers/Microsoft.Batch/batchAccounts/zfeng521\",\r\n      \"name\": \"zfeng521\",\r\n      \"type\": \"Microsoft.Batch/batchAccounts\",\r\n      \"location\": \"westus\",\r\n      \"identity\": {\r\n        \"principalId\": \"efb7955a-899d-4096-ac74-d31daefce211\",\r\n        \"tenantId\": \"72f988bf-86f1-41af-91ab-2d7cd011db47\",\r\n        \"type\": \"SystemAssigned\"\r\n      }\r\n    },\r\n    {\r\n      \"id\": \"/subscriptions/21abd678-18c5-4660-9fdd-8c5ba6b6fe1f/resourceGroups/zfeng/providers/Microsoft.Batch/batchAccounts/zfeng710\",\r\n      \"name\": \"zfeng710\",\r\n      \"type\": \"Microsoft.Batch/batchAccounts\",\r\n      \"location\": \"westus\"\r\n    },\r\n    {\r\n      \"id\": \"/subscriptions/21abd678-18c5-4660-9fdd-8c5ba6b6fe1f/resourceGroups/zfeng/providers/Microsoft.Batch/batchAccounts/zfengcmk\",\r\n      \"name\": \"zfengcmk\",\r\n      \"type\": \"Microsoft.Batch/batchAccounts\",\r\n      \"location\": \"eastus\"\r\n    },\r\n    {\r\n      \"id\": \"/subscriptions/21abd678-18c5-4660-9fdd-8c5ba6b6fe1f/resourceGroups/zfeng/providers/Microsoft.Batch/batchAccounts/zfengcmk1\",\r\n      \"name\": \"zfengcmk1\",\r\n      \"type\": \"Microsoft.Batch/batchAccounts\",\r\n      \"location\": \"eastus\"\r\n    },\r\n    {\r\n      \"id\": \"/subscriptions/21abd678-18c5-4660-9fdd-8c5ba6b6fe1f/resourceGroups/zfeng/providers/Microsoft.Batch/batchAccounts/zfengcmk2\",\r\n      \"name\": \"zfengcmk2\",\r\n      \"type\": \"Microsoft.Batch/batchAccounts\",\r\n      \"location\": \"eastus\"\r\n    },\r\n    {\r\n      \"id\": \"/subscriptions/21abd678-18c5-4660-9fdd-8c5ba6b6fe1f/resourceGroups/zfeng/providers/Microsoft.Batch/batchAccounts/zfengcmk4\",\r\n      \"name\": \"zfengcmk4\",\r\n      \"type\": \"Microsoft.Batch/batchAccounts\",\r\n      \"location\": \"eastus\"\r\n    },\r\n    {\r\n      \"id\": \"/subscriptions/21abd678-18c5-4660-9fdd-8c5ba6b6fe1f/resourceGroups/zfeng/providers/Microsoft.Batch/batchAccounts/zfengcmkpp1\",\r\n      \"name\": \"zfengcmkpp1\",\r\n      \"type\": \"Microsoft.Batch/batchAccounts\",\r\n      \"location\": \"westus2\",\r\n      \"identity\": {\r\n        \"principalId\": \"b72c8be9-e240-48bb-95b3-8df72be5c969\",\r\n        \"tenantId\": \"72f988bf-86f1-41af-91ab-2d7cd011db47\",\r\n        \"type\": \"SystemAssigned\"\r\n      }\r\n    },\r\n    {\r\n      \"id\": \"/subscriptions/21abd678-18c5-4660-9fdd-8c5ba6b6fe1f/resourceGroups/zfeng/providers/Microsoft.Batch/batchAccounts/zfengcmkpp2\",\r\n      \"name\": \"zfengcmkpp2\",\r\n      \"type\": \"Microsoft.Batch/batchAccounts\",\r\n      \"location\": \"westus2\",\r\n      \"identity\": {\r\n        \"principalId\": \"08e857f7-9f14-4d8a-985d-86546e35d747\",\r\n        \"tenantId\": \"72f988bf-86f1-41af-91ab-2d7cd011db47\",\r\n        \"type\": \"SystemAssigned\"\r\n      }\r\n    },\r\n    {\r\n      \"id\": \"/subscriptions/21abd678-18c5-4660-9fdd-8c5ba6b6fe1f/resourceGroups/zfeng/providers/Microsoft.Batch/batchAccounts/zfengcmkpp3\",\r\n      \"name\": \"zfengcmkpp3\",\r\n      \"type\": \"Microsoft.Batch/batchAccounts\",\r\n      \"location\": \"westus2\",\r\n      \"identity\": {\r\n        \"principalId\": \"a139e587-6fbe-43d9-b439-0f908be49bae\",\r\n        \"tenantId\": \"72f988bf-86f1-41af-91ab-2d7cd011db47\",\r\n        \"type\": \"SystemAssigned\"\r\n      }\r\n    },\r\n    {\r\n      \"id\": \"/subscriptions/21abd678-18c5-4660-9fdd-8c5ba6b6fe1f/resourceGroups/zfeng/providers/Microsoft.Batch/batchAccounts/zfengfff\",\r\n      \"name\": \"zfengfff\",\r\n      \"type\": \"Microsoft.Batch/batchAccounts\",\r\n      \"location\": \"westus\",\r\n      \"identity\": {\r\n        \"principalId\": \"d1f7afbd-6333-44e2-92dd-0bdc15384f36\",\r\n        \"tenantId\": \"72f988bf-86f1-41af-91ab-2d7cd011db47\",\r\n        \"type\": \"SystemAssigned\"\r\n      }\r\n    },\r\n    {\r\n      \"id\": \"/subscriptions/21abd678-18c5-4660-9fdd-8c5ba6b6fe1f/resourceGroups/zfeng/providers/Microsoft.Batch/batchAccounts/zfengpna\",\r\n      \"name\": \"zfengpna\",\r\n      \"type\": \"Microsoft.Batch/batchAccounts\",\r\n      \"location\": \"westus\"\r\n    },\r\n    {\r\n      \"id\": \"/subscriptions/21abd678-18c5-4660-9fdd-8c5ba6b6fe1f/resourceGroups/zfeng/providers/Microsoft.Batch/batchAccounts/zfengpna1\",\r\n      \"name\": \"zfengpna1\",\r\n      \"type\": \"Microsoft.Batch/batchAccounts\",\r\n      \"location\": \"westus\"\r\n    },\r\n    {\r\n      \"id\": \"/subscriptions/21abd678-18c5-4660-9fdd-8c5ba6b6fe1f/resourceGroups/zfeng/providers/Microsoft.Batch/batchAccounts/zfengscus\",\r\n      \"name\": \"zfengscus\",\r\n      \"type\": \"Microsoft.Batch/batchAccounts\",\r\n      \"location\": \"southcentralus\",\r\n      \"identity\": {\r\n        \"principalId\": \"bba85f11-cff7-4318-a339-b0ca615c1b6c\",\r\n        \"tenantId\": \"72f988bf-86f1-41af-91ab-2d7cd011db47\",\r\n        \"type\": \"SystemAssigned\"\r\n      }\r\n    },\r\n    {\r\n      \"id\": \"/subscriptions/21abd678-18c5-4660-9fdd-8c5ba6b6fe1f/resourceGroups/zfeng/providers/Microsoft.Batch/batchAccounts/zfengwus\",\r\n      \"name\": \"zfengwus\",\r\n      \"type\": \"Microsoft.Batch/batchAccounts\",\r\n      \"location\": \"westus\",\r\n      \"identity\": {\r\n        \"principalId\": \"0afcee94-2357-4d05-9f31-42a27a040ae5\",\r\n        \"tenantId\": \"72f988bf-86f1-41af-91ab-2d7cd011db47\",\r\n        \"type\": \"SystemAssigned\"\r\n      }\r\n    },\r\n    {\r\n      \"id\": \"/subscriptions/21abd678-18c5-4660-9fdd-8c5ba6b6fe1f/resourceGroups/zfeng/providers/Microsoft.Batch/batchAccounts/zfwestus\",\r\n      \"name\": \"zfwestus\",\r\n      \"type\": \"Microsoft.Batch/batchAccounts\",\r\n      \"location\": \"westus\"\r\n    }\r\n  ]\r\n}",
      "StatusCode": 200
    },
    {
      "RequestUri": "/subscriptions/21abd678-18c5-4660-9fdd-8c5ba6b6fe1f/resourceGroups/ps88/providers/Microsoft.Batch/batchAccounts/ps1341/listKeys?api-version=2020-05-01",
      "EncodedRequestUri": "L3N1YnNjcmlwdGlvbnMvMjFhYmQ2NzgtMThjNS00NjYwLTlmZGQtOGM1YmE2YjZmZTFmL3Jlc291cmNlR3JvdXBzL3BzODgvcHJvdmlkZXJzL01pY3Jvc29mdC5CYXRjaC9iYXRjaEFjY291bnRzL3BzMTM0MS9saXN0S2V5cz9hcGktdmVyc2lvbj0yMDIwLTA1LTAx",
>>>>>>> d78b04a5306127f583235b13752c48d4f7d1289a
      "RequestMethod": "POST",
      "RequestBody": "",
      "RequestHeaders": {
        "x-ms-client-request-id": [
<<<<<<< HEAD
          "dabcb3e6-0610-4981-b78a-a52a9d052744"
        ],
        "accept-language": [
          "en-US"
        ],
        "User-Agent": [
          "FxVersion/4.7.2650.0",
          "OSName/Windows10Enterprise",
          "OSVersion/6.3.16299",
          "Microsoft.Azure.Management.Batch.BatchManagementClient/4.2.0.0"
        ]
      },
      "ResponseBody": "{\r\n  \"accountName\": \"ps543\",\r\n  \"primary\": \"mX1SFZtCM88HShOPb41BMqXWIkZN81SrS4HYtwqesk0pPJy4B3kgNcAuSakUDEiIy1l8JgX9Aha2KDozo5A4CQ==\",\r\n  \"secondary\": \"3ihzcvTGMzWlS7JIv1o88A7TJbjqtizRdklcQhkUVFvVSpvcOfGEEoxgtGROMmutiT7TW8/feZCsH2SvcY9TZw==\"\r\n}",
      "ResponseHeaders": {
        "Content-Length": [
          "227"
        ],
        "Content-Type": [
          "application/json; charset=utf-8"
        ],
        "Expires": [
          "-1"
=======
          "9ac65b3f-6a9e-419c-8d27-c905092fe139"
        ],
        "Accept-Language": [
          "en-US"
        ],
        "User-Agent": [
          "FxVersion/4.6.28207.03",
          "OSName/Windows",
          "OSVersion/Microsoft.Windows.10.0.18363.",
          "Microsoft.Azure.Management.Batch.BatchManagementClient/11.0.0.0"
        ]
      },
      "ResponseHeaders": {
        "Cache-Control": [
          "no-cache"
>>>>>>> d78b04a5306127f583235b13752c48d4f7d1289a
        ],
        "Pragma": [
          "no-cache"
        ],
        "x-ms-ratelimit-remaining-subscription-writes": [
<<<<<<< HEAD
          "1197"
        ],
        "x-ms-request-id": [
          "d263a9ec-db38-4bda-b03e-7912af0dc82e"
=======
          "1199"
        ],
        "x-ms-request-id": [
          "51bc8fa0-9d1b-46cb-b13a-1607b70ea737"
>>>>>>> d78b04a5306127f583235b13752c48d4f7d1289a
        ],
        "Strict-Transport-Security": [
          "max-age=31536000; includeSubDomains"
        ],
        "X-Content-Type-Options": [
          "nosniff"
        ],
<<<<<<< HEAD
        "x-ms-correlation-request-id": [
          "cc26f35b-dc0a-4a8a-b07b-f29a085197c8"
        ],
        "x-ms-routing-request-id": [
          "WESTUS2:20180606T011627Z:cc26f35b-dc0a-4a8a-b07b-f29a085197c8"
        ],
        "Cache-Control": [
          "no-cache"
        ],
        "Date": [
          "Wed, 06 Jun 2018 01:16:26 GMT"
        ],
        "Server": [
          "Microsoft-HTTPAPI/2.0"
        ]
      },
      "StatusCode": 200
    },
    {
      "RequestUri": "/subscriptions/2915bbd6-1252-405f-8173-6c00428146d9/resourceGroups/ps9651/providers/Microsoft.Batch/batchAccounts/ps543/listKeys?api-version=2017-01-01",
      "EncodedRequestUri": "L3N1YnNjcmlwdGlvbnMvMjkxNWJiZDYtMTI1Mi00MDVmLTgxNzMtNmMwMDQyODE0NmQ5L3Jlc291cmNlR3JvdXBzL3BzOTY1MS9wcm92aWRlcnMvTWljcm9zb2Z0LkJhdGNoL2JhdGNoQWNjb3VudHMvcHM1NDMvbGlzdEtleXM/YXBpLXZlcnNpb249MjAxNy0wMS0wMQ==",
=======
        "Server": [
          "Microsoft-HTTPAPI/2.0"
        ],
        "x-ms-correlation-request-id": [
          "c0566d3a-9173-4baa-8a9e-fd816aa0b895"
        ],
        "x-ms-routing-request-id": [
          "WESTUS:20200610T225106Z:c0566d3a-9173-4baa-8a9e-fd816aa0b895"
        ],
        "Date": [
          "Wed, 10 Jun 2020 22:51:05 GMT"
        ],
        "Content-Length": [
          "228"
        ],
        "Content-Type": [
          "application/json; charset=utf-8"
        ],
        "Expires": [
          "-1"
        ]
      },
      "ResponseBody": "{\r\n  \"accountName\": \"ps1341\",\r\n  \"primary\": \"zG+OffKl4Z1R53sA0WDVOazkzcU0F4+A8ZSWZBtTJD9dKNi8wfRDOEoy8dDiCO3yMkFzdsrLCZvk4KhEZMDg3Q==\",\r\n  \"secondary\": \"D00F44n1/CThIEbEQfw8ODBKzBpM7O/GTKgfmgCzf0N4RdmZH5wMNxin82rU4fsSLkt8C20ayUBIJ38xk9N15g==\"\r\n}",
      "StatusCode": 200
    },
    {
      "RequestUri": "/subscriptions/21abd678-18c5-4660-9fdd-8c5ba6b6fe1f/resourceGroups/ps88/providers/Microsoft.Batch/batchAccounts/ps1341/listKeys?api-version=2020-05-01",
      "EncodedRequestUri": "L3N1YnNjcmlwdGlvbnMvMjFhYmQ2NzgtMThjNS00NjYwLTlmZGQtOGM1YmE2YjZmZTFmL3Jlc291cmNlR3JvdXBzL3BzODgvcHJvdmlkZXJzL01pY3Jvc29mdC5CYXRjaC9iYXRjaEFjY291bnRzL3BzMTM0MS9saXN0S2V5cz9hcGktdmVyc2lvbj0yMDIwLTA1LTAx",
>>>>>>> d78b04a5306127f583235b13752c48d4f7d1289a
      "RequestMethod": "POST",
      "RequestBody": "",
      "RequestHeaders": {
        "x-ms-client-request-id": [
<<<<<<< HEAD
          "77fdb3d4-7932-4e49-82f9-dd5e3d7c762e"
        ],
        "accept-language": [
          "en-US"
        ],
        "User-Agent": [
          "FxVersion/4.7.2650.0",
          "OSName/Windows10Enterprise",
          "OSVersion/6.3.16299",
          "Microsoft.Azure.Management.Batch.BatchManagementClient/4.2.0.0"
        ]
      },
      "ResponseBody": "{\r\n  \"accountName\": \"ps543\",\r\n  \"primary\": \"mX1SFZtCM88HShOPb41BMqXWIkZN81SrS4HYtwqesk0pPJy4B3kgNcAuSakUDEiIy1l8JgX9Aha2KDozo5A4CQ==\",\r\n  \"secondary\": \"3ihzcvTGMzWlS7JIv1o88A7TJbjqtizRdklcQhkUVFvVSpvcOfGEEoxgtGROMmutiT7TW8/feZCsH2SvcY9TZw==\"\r\n}",
      "ResponseHeaders": {
        "Content-Length": [
          "227"
        ],
        "Content-Type": [
          "application/json; charset=utf-8"
        ],
        "Expires": [
          "-1"
=======
          "a8dfe470-9ac3-476d-bf68-22ddb9ef7ed0"
        ],
        "Accept-Language": [
          "en-US"
        ],
        "User-Agent": [
          "FxVersion/4.6.28207.03",
          "OSName/Windows",
          "OSVersion/Microsoft.Windows.10.0.18363.",
          "Microsoft.Azure.Management.Batch.BatchManagementClient/11.0.0.0"
        ]
      },
      "ResponseHeaders": {
        "Cache-Control": [
          "no-cache"
>>>>>>> d78b04a5306127f583235b13752c48d4f7d1289a
        ],
        "Pragma": [
          "no-cache"
        ],
        "x-ms-ratelimit-remaining-subscription-writes": [
<<<<<<< HEAD
          "1196"
        ],
        "x-ms-request-id": [
          "53f99809-4c52-4cf0-a4b4-098b2da03501"
=======
          "1198"
        ],
        "x-ms-request-id": [
          "8ac493a0-8cb1-4236-b0cc-5228144ac83c"
>>>>>>> d78b04a5306127f583235b13752c48d4f7d1289a
        ],
        "Strict-Transport-Security": [
          "max-age=31536000; includeSubDomains"
        ],
        "X-Content-Type-Options": [
          "nosniff"
        ],
<<<<<<< HEAD
        "x-ms-correlation-request-id": [
          "f991bdaa-9553-4224-a863-8f2fab0a6cd9"
        ],
        "x-ms-routing-request-id": [
          "WESTUS2:20180606T011627Z:f991bdaa-9553-4224-a863-8f2fab0a6cd9"
        ],
        "Cache-Control": [
          "no-cache"
        ],
        "Date": [
          "Wed, 06 Jun 2018 01:16:26 GMT"
        ],
        "Server": [
          "Microsoft-HTTPAPI/2.0"
        ]
      },
      "StatusCode": 200
    },
    {
      "RequestUri": "/subscriptions/2915bbd6-1252-405f-8173-6c00428146d9/resourceGroups/ps9651/providers/Microsoft.Batch/batchAccounts/ps543/regenerateKeys?api-version=2017-01-01",
      "EncodedRequestUri": "L3N1YnNjcmlwdGlvbnMvMjkxNWJiZDYtMTI1Mi00MDVmLTgxNzMtNmMwMDQyODE0NmQ5L3Jlc291cmNlR3JvdXBzL3BzOTY1MS9wcm92aWRlcnMvTWljcm9zb2Z0LkJhdGNoL2JhdGNoQWNjb3VudHMvcHM1NDMvcmVnZW5lcmF0ZUtleXM/YXBpLXZlcnNpb249MjAxNy0wMS0wMQ==",
      "RequestMethod": "POST",
      "RequestBody": "{\r\n  \"keyName\": \"Primary\"\r\n}",
      "RequestHeaders": {
        "Content-Type": [
          "application/json; charset=utf-8"
        ],
        "Content-Length": [
          "28"
        ],
        "x-ms-client-request-id": [
          "953f5f79-0ddc-4627-a4f5-49bb7824d2db"
        ],
        "accept-language": [
          "en-US"
        ],
        "User-Agent": [
          "FxVersion/4.7.2650.0",
          "OSName/Windows10Enterprise",
          "OSVersion/6.3.16299",
          "Microsoft.Azure.Management.Batch.BatchManagementClient/4.2.0.0"
        ]
      },
      "ResponseBody": "{\r\n  \"accountName\": \"ps543\",\r\n  \"primary\": \"Tbd18mHsPU7TSgdplXufWoZgrYXbXcs4dlWA7RdJVH5zPEgjA0tBIJeDrTtlwHD6AFv9iLpVs2mXvtv8WUTW/w==\",\r\n  \"secondary\": \"3ihzcvTGMzWlS7JIv1o88A7TJbjqtizRdklcQhkUVFvVSpvcOfGEEoxgtGROMmutiT7TW8/feZCsH2SvcY9TZw==\"\r\n}",
      "ResponseHeaders": {
        "Content-Length": [
          "227"
=======
        "Server": [
          "Microsoft-HTTPAPI/2.0"
        ],
        "x-ms-correlation-request-id": [
          "1ec9a73c-dcff-4b17-8aba-14abb3efcc2c"
        ],
        "x-ms-routing-request-id": [
          "WESTUS:20200610T225107Z:1ec9a73c-dcff-4b17-8aba-14abb3efcc2c"
        ],
        "Date": [
          "Wed, 10 Jun 2020 22:51:06 GMT"
        ],
        "Content-Length": [
          "228"
        ],
        "Content-Type": [
          "application/json; charset=utf-8"
        ],
        "Expires": [
          "-1"
        ]
      },
      "ResponseBody": "{\r\n  \"accountName\": \"ps1341\",\r\n  \"primary\": \"zG+OffKl4Z1R53sA0WDVOazkzcU0F4+A8ZSWZBtTJD9dKNi8wfRDOEoy8dDiCO3yMkFzdsrLCZvk4KhEZMDg3Q==\",\r\n  \"secondary\": \"D00F44n1/CThIEbEQfw8ODBKzBpM7O/GTKgfmgCzf0N4RdmZH5wMNxin82rU4fsSLkt8C20ayUBIJ38xk9N15g==\"\r\n}",
      "StatusCode": 200
    },
    {
      "RequestUri": "/subscriptions/21abd678-18c5-4660-9fdd-8c5ba6b6fe1f/resourceGroups/ps88/providers/Microsoft.Batch/batchAccounts/ps1341/regenerateKeys?api-version=2020-05-01",
      "EncodedRequestUri": "L3N1YnNjcmlwdGlvbnMvMjFhYmQ2NzgtMThjNS00NjYwLTlmZGQtOGM1YmE2YjZmZTFmL3Jlc291cmNlR3JvdXBzL3BzODgvcHJvdmlkZXJzL01pY3Jvc29mdC5CYXRjaC9iYXRjaEFjY291bnRzL3BzMTM0MS9yZWdlbmVyYXRlS2V5cz9hcGktdmVyc2lvbj0yMDIwLTA1LTAx",
      "RequestMethod": "POST",
      "RequestBody": "{\r\n  \"keyName\": \"Primary\"\r\n}",
      "RequestHeaders": {
        "x-ms-client-request-id": [
          "4d9ef02e-6ad1-4cb0-ac23-4334fb3c9fa6"
        ],
        "Accept-Language": [
          "en-US"
        ],
        "User-Agent": [
          "FxVersion/4.6.28207.03",
          "OSName/Windows",
          "OSVersion/Microsoft.Windows.10.0.18363.",
          "Microsoft.Azure.Management.Batch.BatchManagementClient/11.0.0.0"
>>>>>>> d78b04a5306127f583235b13752c48d4f7d1289a
        ],
        "Content-Type": [
          "application/json; charset=utf-8"
        ],
<<<<<<< HEAD
        "Expires": [
          "-1"
=======
        "Content-Length": [
          "28"
        ]
      },
      "ResponseHeaders": {
        "Cache-Control": [
          "no-cache"
>>>>>>> d78b04a5306127f583235b13752c48d4f7d1289a
        ],
        "Pragma": [
          "no-cache"
        ],
        "x-ms-ratelimit-remaining-subscription-writes": [
<<<<<<< HEAD
          "1195"
        ],
        "x-ms-request-id": [
          "3eea1cda-9054-4542-9af8-3f8f619459a0"
=======
          "1197"
        ],
        "x-ms-request-id": [
          "9c813f81-2bac-44f5-aa88-b68dd2c834cb"
>>>>>>> d78b04a5306127f583235b13752c48d4f7d1289a
        ],
        "Strict-Transport-Security": [
          "max-age=31536000; includeSubDomains"
        ],
        "X-Content-Type-Options": [
          "nosniff"
        ],
<<<<<<< HEAD
        "x-ms-correlation-request-id": [
          "d2ae30cb-0bf5-44ab-a2bc-364ebd7b5777"
        ],
        "x-ms-routing-request-id": [
          "WESTUS2:20180606T011628Z:d2ae30cb-0bf5-44ab-a2bc-364ebd7b5777"
        ],
        "Cache-Control": [
          "no-cache"
        ],
        "Date": [
          "Wed, 06 Jun 2018 01:16:27 GMT"
        ],
        "Server": [
          "Microsoft-HTTPAPI/2.0"
        ]
      },
      "StatusCode": 200
    },
    {
      "RequestUri": "/subscriptions/2915bbd6-1252-405f-8173-6c00428146d9/resourceGroups/ps9651/providers/Microsoft.Batch/batchAccounts/ps543?api-version=2017-01-01",
      "EncodedRequestUri": "L3N1YnNjcmlwdGlvbnMvMjkxNWJiZDYtMTI1Mi00MDVmLTgxNzMtNmMwMDQyODE0NmQ5L3Jlc291cmNlR3JvdXBzL3BzOTY1MS9wcm92aWRlcnMvTWljcm9zb2Z0LkJhdGNoL2JhdGNoQWNjb3VudHMvcHM1NDM/YXBpLXZlcnNpb249MjAxNy0wMS0wMQ==",
=======
        "Server": [
          "Microsoft-HTTPAPI/2.0"
        ],
        "x-ms-correlation-request-id": [
          "255236ab-b3ee-429e-85d3-ce45171908a2"
        ],
        "x-ms-routing-request-id": [
          "WESTUS:20200610T225107Z:255236ab-b3ee-429e-85d3-ce45171908a2"
        ],
        "Date": [
          "Wed, 10 Jun 2020 22:51:06 GMT"
        ],
        "Content-Length": [
          "228"
        ],
        "Content-Type": [
          "application/json; charset=utf-8"
        ],
        "Expires": [
          "-1"
        ]
      },
      "ResponseBody": "{\r\n  \"accountName\": \"ps1341\",\r\n  \"primary\": \"1PSBJLaGIzGpw68MKsT+Txwd3mnODk2ru7kQI5WUyam9+6I6lDbcgl4hblnhOSLc+obaYvZn5v7oPM6BEt9CQQ==\",\r\n  \"secondary\": \"D00F44n1/CThIEbEQfw8ODBKzBpM7O/GTKgfmgCzf0N4RdmZH5wMNxin82rU4fsSLkt8C20ayUBIJ38xk9N15g==\"\r\n}",
      "StatusCode": 200
    },
    {
      "RequestUri": "/subscriptions/21abd678-18c5-4660-9fdd-8c5ba6b6fe1f/resourceGroups/ps88/providers/Microsoft.Batch/batchAccounts/ps1341?api-version=2020-05-01",
      "EncodedRequestUri": "L3N1YnNjcmlwdGlvbnMvMjFhYmQ2NzgtMThjNS00NjYwLTlmZGQtOGM1YmE2YjZmZTFmL3Jlc291cmNlR3JvdXBzL3BzODgvcHJvdmlkZXJzL01pY3Jvc29mdC5CYXRjaC9iYXRjaEFjY291bnRzL3BzMTM0MT9hcGktdmVyc2lvbj0yMDIwLTA1LTAx",
>>>>>>> d78b04a5306127f583235b13752c48d4f7d1289a
      "RequestMethod": "DELETE",
      "RequestBody": "",
      "RequestHeaders": {
        "x-ms-client-request-id": [
<<<<<<< HEAD
          "7e902190-6428-4a45-96cc-dbdedd8b4d47"
        ],
        "accept-language": [
          "en-US"
        ],
        "User-Agent": [
          "FxVersion/4.7.2650.0",
          "OSName/Windows10Enterprise",
          "OSVersion/6.3.16299",
          "Microsoft.Azure.Management.Batch.BatchManagementClient/4.2.0.0"
        ]
      },
      "ResponseBody": "",
      "ResponseHeaders": {
        "Content-Length": [
          "0"
        ],
        "Expires": [
          "-1"
=======
          "ae3e1ac9-3532-42b0-92c2-acda532ad785"
        ],
        "Accept-Language": [
          "en-US"
        ],
        "User-Agent": [
          "FxVersion/4.6.28207.03",
          "OSName/Windows",
          "OSVersion/Microsoft.Windows.10.0.18363.",
          "Microsoft.Azure.Management.Batch.BatchManagementClient/11.0.0.0"
        ]
      },
      "ResponseHeaders": {
        "Cache-Control": [
          "no-cache"
>>>>>>> d78b04a5306127f583235b13752c48d4f7d1289a
        ],
        "Pragma": [
          "no-cache"
        ],
<<<<<<< HEAD
=======
        "Location": [
          "https://management.azure.com/subscriptions/21abd678-18c5-4660-9fdd-8c5ba6b6fe1f/providers/Microsoft.Batch/locations/westus/accountOperationResults/ps1341-c7faaed9-7360-40f8-a06c-9bb67cf90544?api-version=2020-05-01"
        ],
>>>>>>> d78b04a5306127f583235b13752c48d4f7d1289a
        "Retry-After": [
          "15"
        ],
        "x-ms-request-id": [
<<<<<<< HEAD
          "befc1624-e651-4646-b43d-41a201747700"
=======
          "c7faaed9-7360-40f8-a06c-9bb67cf90544"
>>>>>>> d78b04a5306127f583235b13752c48d4f7d1289a
        ],
        "Strict-Transport-Security": [
          "max-age=31536000; includeSubDomains"
        ],
        "X-Content-Type-Options": [
          "nosniff"
        ],
<<<<<<< HEAD
=======
        "Server": [
          "Microsoft-HTTPAPI/2.0"
        ],
>>>>>>> d78b04a5306127f583235b13752c48d4f7d1289a
        "x-ms-ratelimit-remaining-subscription-deletes": [
          "14999"
        ],
        "x-ms-correlation-request-id": [
<<<<<<< HEAD
          "98debe89-19a5-4a31-a0a2-cd084eb96c49"
        ],
        "x-ms-routing-request-id": [
          "WESTUS2:20180606T011628Z:98debe89-19a5-4a31-a0a2-cd084eb96c49"
        ],
        "Cache-Control": [
          "no-cache"
        ],
        "Date": [
          "Wed, 06 Jun 2018 01:16:27 GMT"
        ],
        "Location": [
          "https://management.azure.com/subscriptions/2915bbd6-1252-405f-8173-6c00428146d9/resourceGroups/ps9651/providers/Microsoft.Batch/batchAccounts/ps543/operationResults/befc1624-e651-4646-b43d-41a201747700?api-version=2017-01-01"
        ],
        "Server": [
          "Microsoft-HTTPAPI/2.0"
        ]
      },
      "StatusCode": 202
    },
    {
      "RequestUri": "/subscriptions/2915bbd6-1252-405f-8173-6c00428146d9/resourceGroups/ps9651/providers/Microsoft.Batch/batchAccounts/ps543/operationResults/befc1624-e651-4646-b43d-41a201747700?api-version=2017-01-01",
      "EncodedRequestUri": "L3N1YnNjcmlwdGlvbnMvMjkxNWJiZDYtMTI1Mi00MDVmLTgxNzMtNmMwMDQyODE0NmQ5L3Jlc291cmNlR3JvdXBzL3BzOTY1MS9wcm92aWRlcnMvTWljcm9zb2Z0LkJhdGNoL2JhdGNoQWNjb3VudHMvcHM1NDMvb3BlcmF0aW9uUmVzdWx0cy9iZWZjMTYyNC1lNjUxLTQ2NDYtYjQzZC00MWEyMDE3NDc3MDA/YXBpLXZlcnNpb249MjAxNy0wMS0wMQ==",
=======
          "c870cfb7-6ac2-4023-8995-a26482e2d5db"
        ],
        "x-ms-routing-request-id": [
          "WESTUS:20200610T225107Z:c870cfb7-6ac2-4023-8995-a26482e2d5db"
        ],
        "Date": [
          "Wed, 10 Jun 2020 22:51:06 GMT"
        ],
        "Expires": [
          "-1"
        ],
        "Content-Length": [
          "0"
        ]
      },
      "ResponseBody": "",
      "StatusCode": 202
    },
    {
      "RequestUri": "/subscriptions/21abd678-18c5-4660-9fdd-8c5ba6b6fe1f/providers/Microsoft.Batch/locations/westus/accountOperationResults/ps1341-c7faaed9-7360-40f8-a06c-9bb67cf90544?api-version=2020-05-01",
      "EncodedRequestUri": "L3N1YnNjcmlwdGlvbnMvMjFhYmQ2NzgtMThjNS00NjYwLTlmZGQtOGM1YmE2YjZmZTFmL3Byb3ZpZGVycy9NaWNyb3NvZnQuQmF0Y2gvbG9jYXRpb25zL3dlc3R1cy9hY2NvdW50T3BlcmF0aW9uUmVzdWx0cy9wczEzNDEtYzdmYWFlZDktNzM2MC00MGY4LWEwNmMtOWJiNjdjZjkwNTQ0P2FwaS12ZXJzaW9uPTIwMjAtMDUtMDE=",
>>>>>>> d78b04a5306127f583235b13752c48d4f7d1289a
      "RequestMethod": "GET",
      "RequestBody": "",
      "RequestHeaders": {
        "User-Agent": [
<<<<<<< HEAD
          "FxVersion/4.7.2650.0",
          "OSName/Windows10Enterprise",
          "OSVersion/6.3.16299",
          "Microsoft.Azure.Management.Batch.BatchManagementClient/4.2.0.0"
        ]
      },
      "ResponseBody": "",
      "ResponseHeaders": {
        "Content-Length": [
          "0"
        ],
        "Expires": [
          "-1"
=======
          "FxVersion/4.6.28207.03",
          "OSName/Windows",
          "OSVersion/Microsoft.Windows.10.0.18363.",
          "Microsoft.Azure.Management.Batch.BatchManagementClient/11.0.0.0"
        ]
      },
      "ResponseHeaders": {
        "Cache-Control": [
          "no-cache"
>>>>>>> d78b04a5306127f583235b13752c48d4f7d1289a
        ],
        "Pragma": [
          "no-cache"
        ],
        "x-ms-request-id": [
<<<<<<< HEAD
          "befd3d4a-f837-4392-9198-b1c482c99b58"
=======
          "b0db6e1d-0d64-4582-a90f-cd4aef7ef9d4"
>>>>>>> d78b04a5306127f583235b13752c48d4f7d1289a
        ],
        "Strict-Transport-Security": [
          "max-age=31536000; includeSubDomains"
        ],
        "X-Content-Type-Options": [
          "nosniff"
        ],
<<<<<<< HEAD
        "x-ms-ratelimit-remaining-subscription-reads": [
          "14993"
        ],
        "x-ms-correlation-request-id": [
          "aba05ec2-bb83-4ff5-bff1-2d93aab567bb"
        ],
        "x-ms-routing-request-id": [
          "WESTUS2:20180606T011643Z:aba05ec2-bb83-4ff5-bff1-2d93aab567bb"
        ],
        "Cache-Control": [
          "no-cache"
        ],
        "Date": [
          "Wed, 06 Jun 2018 01:16:43 GMT"
        ],
        "Server": [
          "Microsoft-HTTPAPI/2.0"
        ]
      },
      "StatusCode": 200
    },
    {
      "RequestUri": "/subscriptions/2915bbd6-1252-405f-8173-6c00428146d9/resourceGroups/ps9651/providers/Microsoft.Batch/batchAccounts/ps543/operationResults/befc1624-e651-4646-b43d-41a201747700?api-version=2017-01-01",
      "EncodedRequestUri": "L3N1YnNjcmlwdGlvbnMvMjkxNWJiZDYtMTI1Mi00MDVmLTgxNzMtNmMwMDQyODE0NmQ5L3Jlc291cmNlR3JvdXBzL3BzOTY1MS9wcm92aWRlcnMvTWljcm9zb2Z0LkJhdGNoL2JhdGNoQWNjb3VudHMvcHM1NDMvb3BlcmF0aW9uUmVzdWx0cy9iZWZjMTYyNC1lNjUxLTQ2NDYtYjQzZC00MWEyMDE3NDc3MDA/YXBpLXZlcnNpb249MjAxNy0wMS0wMQ==",
=======
        "Server": [
          "Microsoft-HTTPAPI/2.0"
        ],
        "x-ms-ratelimit-remaining-subscription-reads": [
          "11993"
        ],
        "x-ms-correlation-request-id": [
          "67316f15-3411-432a-a479-9f4c1bf91197"
        ],
        "x-ms-routing-request-id": [
          "WESTUS:20200610T225122Z:67316f15-3411-432a-a479-9f4c1bf91197"
        ],
        "Date": [
          "Wed, 10 Jun 2020 22:51:22 GMT"
        ],
        "Expires": [
          "-1"
        ],
        "Content-Length": [
          "0"
        ]
      },
      "ResponseBody": "",
      "StatusCode": 200
    },
    {
      "RequestUri": "/subscriptions/21abd678-18c5-4660-9fdd-8c5ba6b6fe1f/providers/Microsoft.Batch/locations/westus/accountOperationResults/ps1341-c7faaed9-7360-40f8-a06c-9bb67cf90544?api-version=2020-05-01",
      "EncodedRequestUri": "L3N1YnNjcmlwdGlvbnMvMjFhYmQ2NzgtMThjNS00NjYwLTlmZGQtOGM1YmE2YjZmZTFmL3Byb3ZpZGVycy9NaWNyb3NvZnQuQmF0Y2gvbG9jYXRpb25zL3dlc3R1cy9hY2NvdW50T3BlcmF0aW9uUmVzdWx0cy9wczEzNDEtYzdmYWFlZDktNzM2MC00MGY4LWEwNmMtOWJiNjdjZjkwNTQ0P2FwaS12ZXJzaW9uPTIwMjAtMDUtMDE=",
>>>>>>> d78b04a5306127f583235b13752c48d4f7d1289a
      "RequestMethod": "GET",
      "RequestBody": "",
      "RequestHeaders": {
        "User-Agent": [
<<<<<<< HEAD
          "FxVersion/4.7.2650.0",
          "OSName/Windows10Enterprise",
          "OSVersion/6.3.16299",
          "Microsoft.Azure.Management.Batch.BatchManagementClient/4.2.0.0"
        ]
      },
      "ResponseBody": "",
      "ResponseHeaders": {
        "Content-Length": [
          "0"
        ],
        "Expires": [
          "-1"
=======
          "FxVersion/4.6.28207.03",
          "OSName/Windows",
          "OSVersion/Microsoft.Windows.10.0.18363.",
          "Microsoft.Azure.Management.Batch.BatchManagementClient/11.0.0.0"
        ]
      },
      "ResponseHeaders": {
        "Cache-Control": [
          "no-cache"
>>>>>>> d78b04a5306127f583235b13752c48d4f7d1289a
        ],
        "Pragma": [
          "no-cache"
        ],
        "x-ms-request-id": [
<<<<<<< HEAD
          "02eb73e2-a4c0-4b08-9e80-ca422af9baa8"
=======
          "bf39ce08-9b9b-475d-85f0-3fca5f786835"
>>>>>>> d78b04a5306127f583235b13752c48d4f7d1289a
        ],
        "Strict-Transport-Security": [
          "max-age=31536000; includeSubDomains"
        ],
        "X-Content-Type-Options": [
          "nosniff"
        ],
<<<<<<< HEAD
        "x-ms-ratelimit-remaining-subscription-reads": [
          "14992"
        ],
        "x-ms-correlation-request-id": [
          "03da0d9d-f42b-4fb0-8eeb-fed364cb285b"
        ],
        "x-ms-routing-request-id": [
          "WESTUS2:20180606T011643Z:03da0d9d-f42b-4fb0-8eeb-fed364cb285b"
        ],
        "Cache-Control": [
          "no-cache"
        ],
        "Date": [
          "Wed, 06 Jun 2018 01:16:43 GMT"
        ],
        "Server": [
          "Microsoft-HTTPAPI/2.0"
        ]
      },
      "StatusCode": 200
    },
    {
      "RequestUri": "/subscriptions/2915bbd6-1252-405f-8173-6c00428146d9/resourcegroups/ps9651?api-version=2016-02-01",
      "EncodedRequestUri": "L3N1YnNjcmlwdGlvbnMvMjkxNWJiZDYtMTI1Mi00MDVmLTgxNzMtNmMwMDQyODE0NmQ5L3Jlc291cmNlZ3JvdXBzL3BzOTY1MT9hcGktdmVyc2lvbj0yMDE2LTAyLTAx",
      "RequestMethod": "DELETE",
      "RequestBody": "",
      "RequestHeaders": {
        "User-Agent": [
          "Microsoft.Azure.Management.Resources.ResourceManagementClient/2.0.0.0"
        ]
      },
      "ResponseBody": "",
      "ResponseHeaders": {
        "Content-Length": [
          "0"
        ],
        "Expires": [
          "-1"
=======
        "Server": [
          "Microsoft-HTTPAPI/2.0"
        ],
        "x-ms-ratelimit-remaining-subscription-reads": [
          "11992"
        ],
        "x-ms-correlation-request-id": [
          "dd3e1548-31bb-48f3-9a51-03c806de0c87"
        ],
        "x-ms-routing-request-id": [
          "WESTUS:20200610T225122Z:dd3e1548-31bb-48f3-9a51-03c806de0c87"
        ],
        "Date": [
          "Wed, 10 Jun 2020 22:51:22 GMT"
        ],
        "Expires": [
          "-1"
        ],
        "Content-Length": [
          "0"
        ]
      },
      "ResponseBody": "",
      "StatusCode": 200
    },
    {
      "RequestUri": "/subscriptions/21abd678-18c5-4660-9fdd-8c5ba6b6fe1f/resourcegroups/ps88?api-version=2016-09-01",
      "EncodedRequestUri": "L3N1YnNjcmlwdGlvbnMvMjFhYmQ2NzgtMThjNS00NjYwLTlmZGQtOGM1YmE2YjZmZTFmL3Jlc291cmNlZ3JvdXBzL3BzODg/YXBpLXZlcnNpb249MjAxNi0wOS0wMQ==",
      "RequestMethod": "DELETE",
      "RequestBody": "",
      "RequestHeaders": {
        "x-ms-client-request-id": [
          "483400ae-fffd-4874-b480-66afecbb4338"
        ],
        "Accept-Language": [
          "en-US"
        ],
        "User-Agent": [
          "FxVersion/4.6.28207.03",
          "OSName/Windows",
          "OSVersion/Microsoft.Windows.10.0.18363.",
          "Microsoft.Azure.Management.Internal.Resources.ResourceManagementClient/1.3.14"
        ]
      },
      "ResponseHeaders": {
        "Cache-Control": [
          "no-cache"
>>>>>>> d78b04a5306127f583235b13752c48d4f7d1289a
        ],
        "Pragma": [
          "no-cache"
        ],
<<<<<<< HEAD
=======
        "Location": [
          "https://management.azure.com/subscriptions/21abd678-18c5-4660-9fdd-8c5ba6b6fe1f/operationresults/eyJqb2JJZCI6IlJFU09VUkNFR1JPVVBERUxFVElPTkpPQi1QUzg4LVdFU1RVUyIsImpvYkxvY2F0aW9uIjoid2VzdHVzIn0?api-version=2016-09-01"
        ],
>>>>>>> d78b04a5306127f583235b13752c48d4f7d1289a
        "Retry-After": [
          "15"
        ],
        "x-ms-ratelimit-remaining-subscription-deletes": [
          "14999"
        ],
        "x-ms-request-id": [
<<<<<<< HEAD
          "c6ebc9cc-fad8-44e9-9540-3076fbd9f4c6"
        ],
        "x-ms-correlation-request-id": [
          "c6ebc9cc-fad8-44e9-9540-3076fbd9f4c6"
        ],
        "x-ms-routing-request-id": [
          "WESTUS2:20180606T011644Z:c6ebc9cc-fad8-44e9-9540-3076fbd9f4c6"
=======
          "3dc01c3c-dc20-4afd-ac35-426428dc0809"
        ],
        "x-ms-correlation-request-id": [
          "3dc01c3c-dc20-4afd-ac35-426428dc0809"
        ],
        "x-ms-routing-request-id": [
          "WESTUS:20200610T225123Z:3dc01c3c-dc20-4afd-ac35-426428dc0809"
>>>>>>> d78b04a5306127f583235b13752c48d4f7d1289a
        ],
        "Strict-Transport-Security": [
          "max-age=31536000; includeSubDomains"
        ],
        "X-Content-Type-Options": [
          "nosniff"
        ],
<<<<<<< HEAD
        "Cache-Control": [
          "no-cache"
        ],
        "Date": [
          "Wed, 06 Jun 2018 01:16:44 GMT"
        ],
        "Location": [
          "https://management.azure.com/subscriptions/2915bbd6-1252-405f-8173-6c00428146d9/operationresults/eyJqb2JJZCI6IlJFU09VUkNFR1JPVVBERUxFVElPTkpPQi1QUzk2NTEtV0VTVFVTIiwiam9iTG9jYXRpb24iOiJ3ZXN0dXMifQ?api-version=2016-02-01"
        ]
      },
      "StatusCode": 202
    },
    {
      "RequestUri": "/subscriptions/2915bbd6-1252-405f-8173-6c00428146d9/operationresults/eyJqb2JJZCI6IlJFU09VUkNFR1JPVVBERUxFVElPTkpPQi1QUzk2NTEtV0VTVFVTIiwiam9iTG9jYXRpb24iOiJ3ZXN0dXMifQ?api-version=2016-02-01",
      "EncodedRequestUri": "L3N1YnNjcmlwdGlvbnMvMjkxNWJiZDYtMTI1Mi00MDVmLTgxNzMtNmMwMDQyODE0NmQ5L29wZXJhdGlvbnJlc3VsdHMvZXlKcWIySkpaQ0k2SWxKRlUwOVZVa05GUjFKUFZWQkVSVXhGVkVsUFRrcFBRaTFRVXprMk5URXRWMFZUVkZWVElpd2lhbTlpVEc5allYUnBiMjRpT2lKM1pYTjBkWE1pZlE/YXBpLXZlcnNpb249MjAxNi0wMi0wMQ==",
      "RequestMethod": "GET",
      "RequestBody": "",
      "RequestHeaders": {
        "x-ms-version": [
          "2016-02-01"
        ],
        "User-Agent": [
          "Microsoft.Azure.Management.Resources.ResourceManagementClient/2.0.0.0"
        ]
      },
      "ResponseBody": "",
      "ResponseHeaders": {
        "Content-Length": [
          "0"
        ],
        "Expires": [
          "-1"
=======
        "Date": [
          "Wed, 10 Jun 2020 22:51:22 GMT"
        ],
        "Expires": [
          "-1"
        ],
        "Content-Length": [
          "0"
        ]
      },
      "ResponseBody": "",
      "StatusCode": 202
    },
    {
      "RequestUri": "/subscriptions/21abd678-18c5-4660-9fdd-8c5ba6b6fe1f/operationresults/eyJqb2JJZCI6IlJFU09VUkNFR1JPVVBERUxFVElPTkpPQi1QUzg4LVdFU1RVUyIsImpvYkxvY2F0aW9uIjoid2VzdHVzIn0?api-version=2016-09-01",
      "EncodedRequestUri": "L3N1YnNjcmlwdGlvbnMvMjFhYmQ2NzgtMThjNS00NjYwLTlmZGQtOGM1YmE2YjZmZTFmL29wZXJhdGlvbnJlc3VsdHMvZXlKcWIySkpaQ0k2SWxKRlUwOVZVa05GUjFKUFZWQkVSVXhGVkVsUFRrcFBRaTFRVXpnNExWZEZVMVJWVXlJc0ltcHZZa3h2WTJGMGFXOXVJam9pZDJWemRIVnpJbjA/YXBpLXZlcnNpb249MjAxNi0wOS0wMQ==",
      "RequestMethod": "GET",
      "RequestBody": "",
      "RequestHeaders": {
        "User-Agent": [
          "FxVersion/4.6.28207.03",
          "OSName/Windows",
          "OSVersion/Microsoft.Windows.10.0.18363.",
          "Microsoft.Azure.Management.Internal.Resources.ResourceManagementClient/1.3.14"
        ]
      },
      "ResponseHeaders": {
        "Cache-Control": [
          "no-cache"
>>>>>>> d78b04a5306127f583235b13752c48d4f7d1289a
        ],
        "Pragma": [
          "no-cache"
        ],
<<<<<<< HEAD
=======
        "Location": [
          "https://management.azure.com/subscriptions/21abd678-18c5-4660-9fdd-8c5ba6b6fe1f/operationresults/eyJqb2JJZCI6IlJFU09VUkNFR1JPVVBERUxFVElPTkpPQi1QUzg4LVdFU1RVUyIsImpvYkxvY2F0aW9uIjoid2VzdHVzIn0?api-version=2016-09-01"
        ],
>>>>>>> d78b04a5306127f583235b13752c48d4f7d1289a
        "Retry-After": [
          "15"
        ],
        "x-ms-ratelimit-remaining-subscription-reads": [
<<<<<<< HEAD
          "14998"
        ],
        "x-ms-request-id": [
          "efbfa6f7-8661-4144-a54a-dd9dfd037984"
        ],
        "x-ms-correlation-request-id": [
          "efbfa6f7-8661-4144-a54a-dd9dfd037984"
        ],
        "x-ms-routing-request-id": [
          "WESTUS2:20180606T011644Z:efbfa6f7-8661-4144-a54a-dd9dfd037984"
=======
          "11997"
        ],
        "x-ms-request-id": [
          "e957e3e5-1656-4109-b835-b7048e7a33a1"
        ],
        "x-ms-correlation-request-id": [
          "e957e3e5-1656-4109-b835-b7048e7a33a1"
        ],
        "x-ms-routing-request-id": [
          "WESTUS:20200610T225138Z:e957e3e5-1656-4109-b835-b7048e7a33a1"
>>>>>>> d78b04a5306127f583235b13752c48d4f7d1289a
        ],
        "Strict-Transport-Security": [
          "max-age=31536000; includeSubDomains"
        ],
        "X-Content-Type-Options": [
          "nosniff"
        ],
<<<<<<< HEAD
        "Cache-Control": [
          "no-cache"
        ],
        "Date": [
          "Wed, 06 Jun 2018 01:16:44 GMT"
        ],
        "Location": [
          "https://management.azure.com/subscriptions/2915bbd6-1252-405f-8173-6c00428146d9/operationresults/eyJqb2JJZCI6IlJFU09VUkNFR1JPVVBERUxFVElPTkpPQi1QUzk2NTEtV0VTVFVTIiwiam9iTG9jYXRpb24iOiJ3ZXN0dXMifQ?api-version=2016-02-01"
        ]
      },
      "StatusCode": 202
    },
    {
      "RequestUri": "/subscriptions/2915bbd6-1252-405f-8173-6c00428146d9/operationresults/eyJqb2JJZCI6IlJFU09VUkNFR1JPVVBERUxFVElPTkpPQi1QUzk2NTEtV0VTVFVTIiwiam9iTG9jYXRpb24iOiJ3ZXN0dXMifQ?api-version=2016-02-01",
      "EncodedRequestUri": "L3N1YnNjcmlwdGlvbnMvMjkxNWJiZDYtMTI1Mi00MDVmLTgxNzMtNmMwMDQyODE0NmQ5L29wZXJhdGlvbnJlc3VsdHMvZXlKcWIySkpaQ0k2SWxKRlUwOVZVa05GUjFKUFZWQkVSVXhGVkVsUFRrcFBRaTFRVXprMk5URXRWMFZUVkZWVElpd2lhbTlpVEc5allYUnBiMjRpT2lKM1pYTjBkWE1pZlE/YXBpLXZlcnNpb249MjAxNi0wMi0wMQ==",
      "RequestMethod": "GET",
      "RequestBody": "",
      "RequestHeaders": {
        "x-ms-version": [
          "2016-02-01"
        ],
        "User-Agent": [
          "Microsoft.Azure.Management.Resources.ResourceManagementClient/2.0.0.0"
        ]
      },
      "ResponseBody": "",
      "ResponseHeaders": {
        "Content-Length": [
          "0"
        ],
        "Expires": [
          "-1"
=======
        "Date": [
          "Wed, 10 Jun 2020 22:51:37 GMT"
        ],
        "Expires": [
          "-1"
        ],
        "Content-Length": [
          "0"
        ]
      },
      "ResponseBody": "",
      "StatusCode": 202
    },
    {
      "RequestUri": "/subscriptions/21abd678-18c5-4660-9fdd-8c5ba6b6fe1f/operationresults/eyJqb2JJZCI6IlJFU09VUkNFR1JPVVBERUxFVElPTkpPQi1QUzg4LVdFU1RVUyIsImpvYkxvY2F0aW9uIjoid2VzdHVzIn0?api-version=2016-09-01",
      "EncodedRequestUri": "L3N1YnNjcmlwdGlvbnMvMjFhYmQ2NzgtMThjNS00NjYwLTlmZGQtOGM1YmE2YjZmZTFmL29wZXJhdGlvbnJlc3VsdHMvZXlKcWIySkpaQ0k2SWxKRlUwOVZVa05GUjFKUFZWQkVSVXhGVkVsUFRrcFBRaTFRVXpnNExWZEZVMVJWVXlJc0ltcHZZa3h2WTJGMGFXOXVJam9pZDJWemRIVnpJbjA/YXBpLXZlcnNpb249MjAxNi0wOS0wMQ==",
      "RequestMethod": "GET",
      "RequestBody": "",
      "RequestHeaders": {
        "User-Agent": [
          "FxVersion/4.6.28207.03",
          "OSName/Windows",
          "OSVersion/Microsoft.Windows.10.0.18363.",
          "Microsoft.Azure.Management.Internal.Resources.ResourceManagementClient/1.3.14"
        ]
      },
      "ResponseHeaders": {
        "Cache-Control": [
          "no-cache"
>>>>>>> d78b04a5306127f583235b13752c48d4f7d1289a
        ],
        "Pragma": [
          "no-cache"
        ],
<<<<<<< HEAD
=======
        "Location": [
          "https://management.azure.com/subscriptions/21abd678-18c5-4660-9fdd-8c5ba6b6fe1f/operationresults/eyJqb2JJZCI6IlJFU09VUkNFR1JPVVBERUxFVElPTkpPQi1QUzg4LVdFU1RVUyIsImpvYkxvY2F0aW9uIjoid2VzdHVzIn0?api-version=2016-09-01"
        ],
>>>>>>> d78b04a5306127f583235b13752c48d4f7d1289a
        "Retry-After": [
          "15"
        ],
        "x-ms-ratelimit-remaining-subscription-reads": [
<<<<<<< HEAD
          "14997"
        ],
        "x-ms-request-id": [
          "bfcbbb11-c7ee-4f8f-8e74-72a9db4e1de9"
        ],
        "x-ms-correlation-request-id": [
          "bfcbbb11-c7ee-4f8f-8e74-72a9db4e1de9"
        ],
        "x-ms-routing-request-id": [
          "WESTUS2:20180606T011659Z:bfcbbb11-c7ee-4f8f-8e74-72a9db4e1de9"
=======
          "11996"
        ],
        "x-ms-request-id": [
          "7445c0c6-e1a1-42c6-b6d4-2e71fbacb790"
        ],
        "x-ms-correlation-request-id": [
          "7445c0c6-e1a1-42c6-b6d4-2e71fbacb790"
        ],
        "x-ms-routing-request-id": [
          "WESTUS:20200610T225153Z:7445c0c6-e1a1-42c6-b6d4-2e71fbacb790"
>>>>>>> d78b04a5306127f583235b13752c48d4f7d1289a
        ],
        "Strict-Transport-Security": [
          "max-age=31536000; includeSubDomains"
        ],
        "X-Content-Type-Options": [
          "nosniff"
        ],
<<<<<<< HEAD
        "Cache-Control": [
          "no-cache"
        ],
        "Date": [
          "Wed, 06 Jun 2018 01:16:59 GMT"
        ],
        "Location": [
          "https://management.azure.com/subscriptions/2915bbd6-1252-405f-8173-6c00428146d9/operationresults/eyJqb2JJZCI6IlJFU09VUkNFR1JPVVBERUxFVElPTkpPQi1QUzk2NTEtV0VTVFVTIiwiam9iTG9jYXRpb24iOiJ3ZXN0dXMifQ?api-version=2016-02-01"
        ]
      },
      "StatusCode": 202
    },
    {
      "RequestUri": "/subscriptions/2915bbd6-1252-405f-8173-6c00428146d9/operationresults/eyJqb2JJZCI6IlJFU09VUkNFR1JPVVBERUxFVElPTkpPQi1QUzk2NTEtV0VTVFVTIiwiam9iTG9jYXRpb24iOiJ3ZXN0dXMifQ?api-version=2016-02-01",
      "EncodedRequestUri": "L3N1YnNjcmlwdGlvbnMvMjkxNWJiZDYtMTI1Mi00MDVmLTgxNzMtNmMwMDQyODE0NmQ5L29wZXJhdGlvbnJlc3VsdHMvZXlKcWIySkpaQ0k2SWxKRlUwOVZVa05GUjFKUFZWQkVSVXhGVkVsUFRrcFBRaTFRVXprMk5URXRWMFZUVkZWVElpd2lhbTlpVEc5allYUnBiMjRpT2lKM1pYTjBkWE1pZlE/YXBpLXZlcnNpb249MjAxNi0wMi0wMQ==",
      "RequestMethod": "GET",
      "RequestBody": "",
      "RequestHeaders": {
        "x-ms-version": [
          "2016-02-01"
        ],
        "User-Agent": [
          "Microsoft.Azure.Management.Resources.ResourceManagementClient/2.0.0.0"
        ]
      },
      "ResponseBody": "",
      "ResponseHeaders": {
        "Content-Length": [
          "0"
        ],
        "Expires": [
          "-1"
=======
        "Date": [
          "Wed, 10 Jun 2020 22:51:53 GMT"
        ],
        "Expires": [
          "-1"
        ],
        "Content-Length": [
          "0"
        ]
      },
      "ResponseBody": "",
      "StatusCode": 202
    },
    {
      "RequestUri": "/subscriptions/21abd678-18c5-4660-9fdd-8c5ba6b6fe1f/operationresults/eyJqb2JJZCI6IlJFU09VUkNFR1JPVVBERUxFVElPTkpPQi1QUzg4LVdFU1RVUyIsImpvYkxvY2F0aW9uIjoid2VzdHVzIn0?api-version=2016-09-01",
      "EncodedRequestUri": "L3N1YnNjcmlwdGlvbnMvMjFhYmQ2NzgtMThjNS00NjYwLTlmZGQtOGM1YmE2YjZmZTFmL29wZXJhdGlvbnJlc3VsdHMvZXlKcWIySkpaQ0k2SWxKRlUwOVZVa05GUjFKUFZWQkVSVXhGVkVsUFRrcFBRaTFRVXpnNExWZEZVMVJWVXlJc0ltcHZZa3h2WTJGMGFXOXVJam9pZDJWemRIVnpJbjA/YXBpLXZlcnNpb249MjAxNi0wOS0wMQ==",
      "RequestMethod": "GET",
      "RequestBody": "",
      "RequestHeaders": {
        "User-Agent": [
          "FxVersion/4.6.28207.03",
          "OSName/Windows",
          "OSVersion/Microsoft.Windows.10.0.18363.",
          "Microsoft.Azure.Management.Internal.Resources.ResourceManagementClient/1.3.14"
        ]
      },
      "ResponseHeaders": {
        "Cache-Control": [
          "no-cache"
>>>>>>> d78b04a5306127f583235b13752c48d4f7d1289a
        ],
        "Pragma": [
          "no-cache"
        ],
<<<<<<< HEAD
        "Retry-After": [
          "15"
        ],
        "x-ms-ratelimit-remaining-subscription-reads": [
          "14996"
        ],
        "x-ms-request-id": [
          "8eb05027-9fa6-4e8a-a9bd-6a741fda216c"
        ],
        "x-ms-correlation-request-id": [
          "8eb05027-9fa6-4e8a-a9bd-6a741fda216c"
        ],
        "x-ms-routing-request-id": [
          "WESTUS2:20180606T011714Z:8eb05027-9fa6-4e8a-a9bd-6a741fda216c"
=======
        "x-ms-ratelimit-remaining-subscription-reads": [
          "11995"
        ],
        "x-ms-request-id": [
          "0f6e3c53-c549-455b-93b4-4ab5d49d11aa"
        ],
        "x-ms-correlation-request-id": [
          "0f6e3c53-c549-455b-93b4-4ab5d49d11aa"
        ],
        "x-ms-routing-request-id": [
          "WESTUS:20200610T225208Z:0f6e3c53-c549-455b-93b4-4ab5d49d11aa"
>>>>>>> d78b04a5306127f583235b13752c48d4f7d1289a
        ],
        "Strict-Transport-Security": [
          "max-age=31536000; includeSubDomains"
        ],
        "X-Content-Type-Options": [
          "nosniff"
        ],
<<<<<<< HEAD
        "Cache-Control": [
          "no-cache"
        ],
        "Date": [
          "Wed, 06 Jun 2018 01:17:14 GMT"
        ],
        "Location": [
          "https://management.azure.com/subscriptions/2915bbd6-1252-405f-8173-6c00428146d9/operationresults/eyJqb2JJZCI6IlJFU09VUkNFR1JPVVBERUxFVElPTkpPQi1QUzk2NTEtV0VTVFVTIiwiam9iTG9jYXRpb24iOiJ3ZXN0dXMifQ?api-version=2016-02-01"
        ]
      },
      "StatusCode": 202
    },
    {
      "RequestUri": "/subscriptions/2915bbd6-1252-405f-8173-6c00428146d9/operationresults/eyJqb2JJZCI6IlJFU09VUkNFR1JPVVBERUxFVElPTkpPQi1QUzk2NTEtV0VTVFVTIiwiam9iTG9jYXRpb24iOiJ3ZXN0dXMifQ?api-version=2016-02-01",
      "EncodedRequestUri": "L3N1YnNjcmlwdGlvbnMvMjkxNWJiZDYtMTI1Mi00MDVmLTgxNzMtNmMwMDQyODE0NmQ5L29wZXJhdGlvbnJlc3VsdHMvZXlKcWIySkpaQ0k2SWxKRlUwOVZVa05GUjFKUFZWQkVSVXhGVkVsUFRrcFBRaTFRVXprMk5URXRWMFZUVkZWVElpd2lhbTlpVEc5allYUnBiMjRpT2lKM1pYTjBkWE1pZlE/YXBpLXZlcnNpb249MjAxNi0wMi0wMQ==",
      "RequestMethod": "GET",
      "RequestBody": "",
      "RequestHeaders": {
        "x-ms-version": [
          "2016-02-01"
        ],
        "User-Agent": [
          "Microsoft.Azure.Management.Resources.ResourceManagementClient/2.0.0.0"
        ]
      },
      "ResponseBody": "",
      "ResponseHeaders": {
        "Content-Length": [
          "0"
        ],
        "Expires": [
          "-1"
=======
        "Date": [
          "Wed, 10 Jun 2020 22:52:08 GMT"
        ],
        "Expires": [
          "-1"
        ],
        "Content-Length": [
          "0"
        ]
      },
      "ResponseBody": "",
      "StatusCode": 200
    },
    {
      "RequestUri": "/subscriptions/21abd678-18c5-4660-9fdd-8c5ba6b6fe1f/operationresults/eyJqb2JJZCI6IlJFU09VUkNFR1JPVVBERUxFVElPTkpPQi1QUzg4LVdFU1RVUyIsImpvYkxvY2F0aW9uIjoid2VzdHVzIn0?api-version=2016-09-01",
      "EncodedRequestUri": "L3N1YnNjcmlwdGlvbnMvMjFhYmQ2NzgtMThjNS00NjYwLTlmZGQtOGM1YmE2YjZmZTFmL29wZXJhdGlvbnJlc3VsdHMvZXlKcWIySkpaQ0k2SWxKRlUwOVZVa05GUjFKUFZWQkVSVXhGVkVsUFRrcFBRaTFRVXpnNExWZEZVMVJWVXlJc0ltcHZZa3h2WTJGMGFXOXVJam9pZDJWemRIVnpJbjA/YXBpLXZlcnNpb249MjAxNi0wOS0wMQ==",
      "RequestMethod": "GET",
      "RequestBody": "",
      "RequestHeaders": {
        "User-Agent": [
          "FxVersion/4.6.28207.03",
          "OSName/Windows",
          "OSVersion/Microsoft.Windows.10.0.18363.",
          "Microsoft.Azure.Management.Internal.Resources.ResourceManagementClient/1.3.14"
        ]
      },
      "ResponseHeaders": {
        "Cache-Control": [
          "no-cache"
>>>>>>> d78b04a5306127f583235b13752c48d4f7d1289a
        ],
        "Pragma": [
          "no-cache"
        ],
        "x-ms-ratelimit-remaining-subscription-reads": [
<<<<<<< HEAD
          "14995"
        ],
        "x-ms-request-id": [
          "48fee36b-7a35-48ed-9fd6-b799bb18eed2"
        ],
        "x-ms-correlation-request-id": [
          "48fee36b-7a35-48ed-9fd6-b799bb18eed2"
        ],
        "x-ms-routing-request-id": [
          "WESTUS2:20180606T011730Z:48fee36b-7a35-48ed-9fd6-b799bb18eed2"
=======
          "11994"
        ],
        "x-ms-request-id": [
          "767097f2-cc29-4239-ac87-395c89eb817e"
        ],
        "x-ms-correlation-request-id": [
          "767097f2-cc29-4239-ac87-395c89eb817e"
        ],
        "x-ms-routing-request-id": [
          "WESTUS:20200610T225208Z:767097f2-cc29-4239-ac87-395c89eb817e"
>>>>>>> d78b04a5306127f583235b13752c48d4f7d1289a
        ],
        "Strict-Transport-Security": [
          "max-age=31536000; includeSubDomains"
        ],
        "X-Content-Type-Options": [
          "nosniff"
        ],
<<<<<<< HEAD
        "Cache-Control": [
          "no-cache"
        ],
        "Date": [
          "Wed, 06 Jun 2018 01:17:29 GMT"
        ]
      },
=======
        "Date": [
          "Wed, 10 Jun 2020 22:52:08 GMT"
        ],
        "Expires": [
          "-1"
        ],
        "Content-Length": [
          "0"
        ]
      },
      "ResponseBody": "",
>>>>>>> d78b04a5306127f583235b13752c48d4f7d1289a
      "StatusCode": 200
    }
  ],
  "Names": {
    "Test-BatchAccountEndToEnd": [
<<<<<<< HEAD
      "ps543",
      "ps9651"
    ]
  },
  "Variables": {
    "SubscriptionId": "2915bbd6-1252-405f-8173-6c00428146d9",
    "AZURE_BATCH_ACCOUNT": "matthchrwestcentralus",
    "AZURE_BATCH_ENDPOINT": "https://matthchrwestcentralus.westcentralus.batch.azure.com",
    "AZURE_BATCH_RESOURCE_GROUP": "matthchrwestcentralus"
=======
      "ps1341",
      "ps88"
    ]
  },
  "Variables": {
    "SubscriptionId": "21abd678-18c5-4660-9fdd-8c5ba6b6fe1f",
    "AZURE_BATCH_ACCOUNT": "prodtest6",
    "AZURE_BATCH_ENDPOINT": "https://prodtest6.francecentral.batch.azure.com",
    "AZURE_BATCH_RESOURCE_GROUP": "abc"
>>>>>>> d78b04a5306127f583235b13752c48d4f7d1289a
  }
}