{
  "Backcompat-PolicyDefinitionMode+[NoContext]+make a policy definition with non-default mode at default (sub) scope+$PUT+https://management.azure.com/subscriptions/edb2c18a-04d6-49e9-bc72-e23852f507ad/providers/Microsoft.Authorization/policyDefinitions/psBackcompat-PolicyDefinitionMode01?api-version=2023-04-01+1": {
    "Request": {
      "Method": "PUT",
      "RequestUri": "https://management.azure.com/subscriptions/edb2c18a-04d6-49e9-bc72-e23852f507ad/providers/Microsoft.Authorization/policyDefinitions/psBackcompat-PolicyDefinitionMode01?api-version=2023-04-01",
      "Content": "{\r\n  \"properties\": {\r\n    \"mode\": \"All\",\r\n    \"description\": \"Unit test junk: sorry for littering. Please delete me!\",\r\n    \"policyRule\": {\r\n      \"if\": {\r\n        \"source\": \"action\",\r\n        \"equals\": \"Microsoft.Resources/Subscriptions/ResourceGroups/write\"\r\n      },\r\n      \"then\": {\r\n        \"effect\": \"deny\"\r\n      }\r\n    }\r\n  }\r\n}",
      "isContentBase64": false,
      "Headers": {
      },
      "ContentHeaders": {
        "Content-Type": [ "application/json" ],
        "Content-Length": [ "336" ]
      }
    },
    "Response": {
      "StatusCode": 201,
      "Headers": {
        "Cache-Control": [ "no-cache" ],
        "Pragma": [ "no-cache" ],
        "Strict-Transport-Security": [ "max-age=31536000; includeSubDomains" ],
        "x-ms-throttling-version": [ "v1" ],
        "x-ms-ratelimit-remaining-subscription-writes": [ "1198" ],
        "x-ms-request-id": [ "e447cd66-7e6d-4fe2-8111-7bfb81a1bb0e" ],
        "x-ms-correlation-request-id": [ "e447cd66-7e6d-4fe2-8111-7bfb81a1bb0e" ],
        "x-ms-routing-request-id": [ "WESTUS2:20240615T012502Z:e447cd66-7e6d-4fe2-8111-7bfb81a1bb0e" ],
        "X-Content-Type-Options": [ "nosniff" ],
        "X-Cache": [ "CONFIG_NOCACHE" ],
        "X-MSEdge-Ref": [ "Ref A: 87CC0A173FEF49E3BF7477CD3B81D052 Ref B: CO6AA3150217035 Ref C: 2024-06-15T01:25:02Z" ],
        "Date": [ "Sat, 15 Jun 2024 01:25:01 GMT" ]
      },
      "ContentHeaders": {
        "Content-Length": [ "920" ],
        "Content-Type": [ "application/json; charset=utf-8" ],
        "Expires": [ "-1" ]
      },
      "Content": "{\"properties\":{\"policyType\":\"Custom\",\"mode\":\"All\",\"description\":\"Unit test junk: sorry for littering. Please delete me!\",\"metadata\":{\"createdBy\":\"3d826307-2481-45a0-a271-bcf9333f914a\",\"createdOn\":\"2024-06-15T01:25:02.2383814Z\",\"updatedBy\":null,\"updatedOn\":null},\"version\":\"1.0.0\",\"policyRule\":{\"if\":{\"source\":\"action\",\"equals\":\"Microsoft.Resources/Subscriptions/ResourceGroups/write\"},\"then\":{\"effect\":\"deny\"}},\"versions\":[\"1.0.0\"]},\"id\":\"/subscriptions/edb2c18a-04d6-49e9-bc72-e23852f507ad/providers/Microsoft.Authorization/policyDefinitions/psBackcompat-PolicyDefinitionMode01\",\"type\":\"Microsoft.Authorization/policyDefinitions\",\"name\":\"psBackcompat-PolicyDefinitionMode01\",\"systemData\":{\"createdBy\":\"cstack@ntdev.microsoft.com\",\"createdByType\":\"User\",\"createdAt\":\"2024-06-15T01:25:02.2148964Z\",\"lastModifiedBy\":\"cstack@ntdev.microsoft.com\",\"lastModifiedByType\":\"User\",\"lastModifiedAt\":\"2024-06-15T01:25:02.2148964Z\"}}",
      "isContentBase64": false
    }
  },
  "Backcompat-PolicyDefinitionMode+[NoContext]+make a policy definition with non-default mode at default (sub) scope+$GET+https://management.azure.com/subscriptions/edb2c18a-04d6-49e9-bc72-e23852f507ad/providers/Microsoft.Authorization/policyDefinitions/psBackcompat-PolicyDefinitionMode01?api-version=2023-04-01+2": {
    "Request": {
      "Method": "GET",
      "RequestUri": "https://management.azure.com/subscriptions/edb2c18a-04d6-49e9-bc72-e23852f507ad/providers/Microsoft.Authorization/policyDefinitions/psBackcompat-PolicyDefinitionMode01?api-version=2023-04-01",
      "Content": null,
      "isContentBase64": false,
      "Headers": {
        "x-ms-unique-id": [ "161" ],
        "x-ms-client-request-id": [ "9844ed2c-ca80-4bf4-82bb-91570c61732e" ],
        "CommandName": [ "\u0026" ],
        "FullCommandName": [ "Get-AzPolicyDefinition_Get" ],
        "ParameterSetName": [ "__AllParameterSets" ],
        "User-Agent": [ "AzurePowershell/v11.0.0", "PSVersion/v7.4.2", "Az.Policy/0.1.1" ],
        "Authorization": [ "[Filtered]" ]
      },
      "ContentHeaders": {
      }
    },
    "Response": {
      "StatusCode": 200,
      "Headers": {
        "Cache-Control": [ "no-cache" ],
        "Pragma": [ "no-cache" ],
        "Strict-Transport-Security": [ "max-age=31536000; includeSubDomains" ],
        "x-ms-throttling-version": [ "v1" ],
        "x-ms-ratelimit-remaining-subscription-reads": [ "11999" ],
        "x-ms-request-id": [ "1b474bfe-f3eb-4f16-8024-3bb0ca46eef1" ],
        "x-ms-correlation-request-id": [ "1b474bfe-f3eb-4f16-8024-3bb0ca46eef1" ],
        "x-ms-routing-request-id": [ "WESTUS2:20240615T012503Z:1b474bfe-f3eb-4f16-8024-3bb0ca46eef1" ],
        "X-Content-Type-Options": [ "nosniff" ],
        "X-Cache": [ "CONFIG_NOCACHE" ],
        "X-MSEdge-Ref": [ "Ref A: 2089F67AB0314F58A24AE6320F04EA73 Ref B: CO6AA3150217035 Ref C: 2024-06-15T01:25:03Z" ],
        "Date": [ "Sat, 15 Jun 2024 01:25:02 GMT" ]
      },
      "ContentHeaders": {
        "Content-Length": [ "920" ],
        "Content-Type": [ "application/json; charset=utf-8" ],
        "Expires": [ "-1" ]
      },
      "Content": "{\"properties\":{\"policyType\":\"Custom\",\"mode\":\"All\",\"description\":\"Unit test junk: sorry for littering. Please delete me!\",\"metadata\":{\"createdBy\":\"3d826307-2481-45a0-a271-bcf9333f914a\",\"createdOn\":\"2024-06-15T01:25:02.2383814Z\",\"updatedBy\":null,\"updatedOn\":null},\"version\":\"1.0.0\",\"policyRule\":{\"if\":{\"source\":\"action\",\"equals\":\"Microsoft.Resources/Subscriptions/ResourceGroups/write\"},\"then\":{\"effect\":\"deny\"}},\"versions\":[\"1.0.0\"]},\"id\":\"/subscriptions/edb2c18a-04d6-49e9-bc72-e23852f507ad/providers/Microsoft.Authorization/policyDefinitions/psBackcompat-PolicyDefinitionMode01\",\"type\":\"Microsoft.Authorization/policyDefinitions\",\"name\":\"psBackcompat-PolicyDefinitionMode01\",\"systemData\":{\"createdBy\":\"cstack@ntdev.microsoft.com\",\"createdByType\":\"User\",\"createdAt\":\"2024-06-15T01:25:02.2148964Z\",\"lastModifiedBy\":\"cstack@ntdev.microsoft.com\",\"lastModifiedByType\":\"User\",\"lastModifiedAt\":\"2024-06-15T01:25:02.2148964Z\"}}",
      "isContentBase64": false
    }
  },
  "Backcompat-PolicyDefinitionMode+[NoContext]+update the policy definition at sub scope without changing mode+$GET+https://management.azure.com/subscriptions/edb2c18a-04d6-49e9-bc72-e23852f507ad/providers/Microsoft.Authorization/policyDefinitions/psBackcompat-PolicyDefinitionMode01?api-version=2023-04-01+1": {
    "Request": {
      "Method": "GET",
      "RequestUri": "https://management.azure.com/subscriptions/edb2c18a-04d6-49e9-bc72-e23852f507ad/providers/Microsoft.Authorization/policyDefinitions/psBackcompat-PolicyDefinitionMode01?api-version=2023-04-01",
      "Content": null,
      "isContentBase64": false,
      "Headers": {
        "x-ms-unique-id": [ "162" ],
        "x-ms-client-request-id": [ "79b74b81-067f-4afc-b0e1-9a94ec0f4074" ],
        "CommandName": [ "\u0026" ],
        "FullCommandName": [ "Get-AzPolicyDefinition_Get" ],
        "ParameterSetName": [ "__AllParameterSets" ],
        "User-Agent": [ "AzurePowershell/v11.0.0", "PSVersion/v7.4.2", "Az.Policy/0.1.1" ],
        "Authorization": [ "[Filtered]" ]
      },
      "ContentHeaders": {
      }
    },
    "Response": {
      "StatusCode": 200,
      "Headers": {
        "Cache-Control": [ "no-cache" ],
        "Pragma": [ "no-cache" ],
        "Strict-Transport-Security": [ "max-age=31536000; includeSubDomains" ],
        "x-ms-throttling-version": [ "v1" ],
        "x-ms-ratelimit-remaining-subscription-reads": [ "11997" ],
        "x-ms-request-id": [ "b281612a-e6ca-4b52-91b8-ce0047ddd081" ],
        "x-ms-correlation-request-id": [ "b281612a-e6ca-4b52-91b8-ce0047ddd081" ],
        "x-ms-routing-request-id": [ "WESTUS2:20240615T012503Z:b281612a-e6ca-4b52-91b8-ce0047ddd081" ],
        "X-Content-Type-Options": [ "nosniff" ],
        "X-Cache": [ "CONFIG_NOCACHE" ],
        "X-MSEdge-Ref": [ "Ref A: 9F42C78E88414D7498C04117B76D6A37 Ref B: CO6AA3150217035 Ref C: 2024-06-15T01:25:03Z" ],
        "Date": [ "Sat, 15 Jun 2024 01:25:02 GMT" ]
      },
      "ContentHeaders": {
        "Content-Length": [ "920" ],
        "Content-Type": [ "application/json; charset=utf-8" ],
        "Expires": [ "-1" ]
      },
      "Content": "{\"properties\":{\"policyType\":\"Custom\",\"mode\":\"All\",\"description\":\"Unit test junk: sorry for littering. Please delete me!\",\"metadata\":{\"createdBy\":\"3d826307-2481-45a0-a271-bcf9333f914a\",\"createdOn\":\"2024-06-15T01:25:02.2383814Z\",\"updatedBy\":null,\"updatedOn\":null},\"version\":\"1.0.0\",\"policyRule\":{\"if\":{\"source\":\"action\",\"equals\":\"Microsoft.Resources/Subscriptions/ResourceGroups/write\"},\"then\":{\"effect\":\"deny\"}},\"versions\":[\"1.0.0\"]},\"id\":\"/subscriptions/edb2c18a-04d6-49e9-bc72-e23852f507ad/providers/Microsoft.Authorization/policyDefinitions/psBackcompat-PolicyDefinitionMode01\",\"type\":\"Microsoft.Authorization/policyDefinitions\",\"name\":\"psBackcompat-PolicyDefinitionMode01\",\"systemData\":{\"createdBy\":\"cstack@ntdev.microsoft.com\",\"createdByType\":\"User\",\"createdAt\":\"2024-06-15T01:25:02.2148964Z\",\"lastModifiedBy\":\"cstack@ntdev.microsoft.com\",\"lastModifiedByType\":\"User\",\"lastModifiedAt\":\"2024-06-15T01:25:02.2148964Z\"}}",
      "isContentBase64": false
    }
  },
  "Backcompat-PolicyDefinitionMode+[NoContext]+update the policy definition at sub scope without changing mode+$PUT+https://management.azure.com/subscriptions/edb2c18a-04d6-49e9-bc72-e23852f507ad/providers/Microsoft.Authorization/policyDefinitions/psBackcompat-PolicyDefinitionMode01?api-version=2023-04-01+2": {
    "Request": {
      "Method": "PUT",
      "RequestUri": "https://management.azure.com/subscriptions/edb2c18a-04d6-49e9-bc72-e23852f507ad/providers/Microsoft.Authorization/policyDefinitions/psBackcompat-PolicyDefinitionMode01?api-version=2023-04-01",
      "Content": "{\r\n  \"properties\": {\r\n    \"mode\": \"All\",\r\n    \"displayName\": \"testDisplay\",\r\n    \"description\": \"Updated \",\r\n    \"policyRule\": {\r\n      \"if\": {\r\n        \"source\": \"action\",\r\n        \"equals\": \"Microsoft.Resources/Subscriptions/ResourceGroups/write\"\r\n      },\r\n      \"then\": {\r\n        \"effect\": \"deny\"\r\n      }\r\n    },\r\n    \"metadata\": {\r\n      \"testName\": \"testValue\"\r\n    }\r\n  }\r\n}",
      "isContentBase64": false,
      "Headers": {
      },
      "ContentHeaders": {
        "Content-Type": [ "application/json" ],
        "Content-Length": [ "383" ]
      }
    },
    "Response": {
      "StatusCode": 201,
      "Headers": {
        "Cache-Control": [ "no-cache" ],
        "Pragma": [ "no-cache" ],
        "Strict-Transport-Security": [ "max-age=31536000; includeSubDomains" ],
        "x-ms-throttling-version": [ "v1" ],
        "x-ms-ratelimit-remaining-subscription-writes": [ "1198" ],
        "x-ms-request-id": [ "6b109cf3-e352-4d67-83e1-d81b005304a3" ],
        "x-ms-correlation-request-id": [ "6b109cf3-e352-4d67-83e1-d81b005304a3" ],
        "x-ms-routing-request-id": [ "WESTUS2:20240615T012503Z:6b109cf3-e352-4d67-83e1-d81b005304a3" ],
        "X-Content-Type-Options": [ "nosniff" ],
        "X-Cache": [ "CONFIG_NOCACHE" ],
        "X-MSEdge-Ref": [ "Ref A: 46BA18F20A4340E4BFE96EF9EB8D2088 Ref B: CO6AA3150217035 Ref C: 2024-06-15T01:25:03Z" ],
        "Date": [ "Sat, 15 Jun 2024 01:25:02 GMT" ]
      },
      "ContentHeaders": {
        "Content-Length": [ "985" ],
        "Content-Type": [ "application/json; charset=utf-8" ],
        "Expires": [ "-1" ]
      },
      "Content": "{\"properties\":{\"displayName\":\"testDisplay\",\"policyType\":\"Custom\",\"mode\":\"All\",\"description\":\"Updated \",\"metadata\":{\"testName\":\"testValue\",\"createdBy\":\"3d826307-2481-45a0-a271-bcf9333f914a\",\"createdOn\":\"2024-06-15T01:25:02.2383814Z\",\"updatedBy\":\"3d826307-2481-45a0-a271-bcf9333f914a\",\"updatedOn\":\"2024-06-15T01:25:03.6507934Z\"},\"version\":\"1.0.0\",\"policyRule\":{\"if\":{\"source\":\"action\",\"equals\":\"Microsoft.Resources/Subscriptions/ResourceGroups/write\"},\"then\":{\"effect\":\"deny\"}},\"versions\":[\"1.0.0\"]},\"id\":\"/subscriptions/edb2c18a-04d6-49e9-bc72-e23852f507ad/providers/Microsoft.Authorization/policyDefinitions/psBackcompat-PolicyDefinitionMode01\",\"type\":\"Microsoft.Authorization/policyDefinitions\",\"name\":\"psBackcompat-PolicyDefinitionMode01\",\"systemData\":{\"createdBy\":\"cstack@ntdev.microsoft.com\",\"createdByType\":\"User\",\"createdAt\":\"2024-06-15T01:25:02.2148964Z\",\"lastModifiedBy\":\"cstack@ntdev.microsoft.com\",\"lastModifiedByType\":\"User\",\"lastModifiedAt\":\"2024-06-15T01:25:03.6109463Z\"}}",
      "isContentBase64": false
    }
  },
  "Backcompat-PolicyDefinitionMode+[NoContext]+update the policy definition at sub scope without changing mode+$GET+https://management.azure.com/subscriptions/edb2c18a-04d6-49e9-bc72-e23852f507ad/providers/Microsoft.Authorization/policyDefinitions/psBackcompat-PolicyDefinitionMode01?api-version=2023-04-01+3": {
    "Request": {
      "Method": "GET",
      "RequestUri": "https://management.azure.com/subscriptions/edb2c18a-04d6-49e9-bc72-e23852f507ad/providers/Microsoft.Authorization/policyDefinitions/psBackcompat-PolicyDefinitionMode01?api-version=2023-04-01",
      "Content": null,
      "isContentBase64": false,
      "Headers": {
        "x-ms-unique-id": [ "164" ],
        "x-ms-client-request-id": [ "c9f72053-d359-4088-b6dd-c071140b53b6" ],
        "CommandName": [ "\u0026" ],
        "FullCommandName": [ "Get-AzPolicyDefinition_Get" ],
        "ParameterSetName": [ "__AllParameterSets" ],
        "User-Agent": [ "AzurePowershell/v11.0.0", "PSVersion/v7.4.2", "Az.Policy/0.1.1" ],
        "Authorization": [ "[Filtered]" ]
      },
      "ContentHeaders": {
      }
    },
    "Response": {
      "StatusCode": 200,
      "Headers": {
        "Cache-Control": [ "no-cache" ],
        "Pragma": [ "no-cache" ],
        "Strict-Transport-Security": [ "max-age=31536000; includeSubDomains" ],
        "x-ms-throttling-version": [ "v1" ],
        "x-ms-ratelimit-remaining-subscription-reads": [ "11999" ],
        "x-ms-request-id": [ "45812afc-c876-40c8-bca9-05f4493abed2" ],
        "x-ms-correlation-request-id": [ "45812afc-c876-40c8-bca9-05f4493abed2" ],
        "x-ms-routing-request-id": [ "WESTUS2:20240615T012504Z:45812afc-c876-40c8-bca9-05f4493abed2" ],
        "X-Content-Type-Options": [ "nosniff" ],
        "X-Cache": [ "CONFIG_NOCACHE" ],
        "X-MSEdge-Ref": [ "Ref A: F71C9F12380B4FF58D914A8B7B254E0D Ref B: CO6AA3150217035 Ref C: 2024-06-15T01:25:03Z" ],
        "Date": [ "Sat, 15 Jun 2024 01:25:03 GMT" ]
      },
      "ContentHeaders": {
        "Content-Length": [ "985" ],
        "Content-Type": [ "application/json; charset=utf-8" ],
        "Expires": [ "-1" ]
      },
      "Content": "{\"properties\":{\"displayName\":\"testDisplay\",\"policyType\":\"Custom\",\"mode\":\"All\",\"description\":\"Updated \",\"metadata\":{\"testName\":\"testValue\",\"createdBy\":\"3d826307-2481-45a0-a271-bcf9333f914a\",\"createdOn\":\"2024-06-15T01:25:02.2383814Z\",\"updatedBy\":\"3d826307-2481-45a0-a271-bcf9333f914a\",\"updatedOn\":\"2024-06-15T01:25:03.6507934Z\"},\"version\":\"1.0.0\",\"policyRule\":{\"if\":{\"source\":\"action\",\"equals\":\"Microsoft.Resources/Subscriptions/ResourceGroups/write\"},\"then\":{\"effect\":\"deny\"}},\"versions\":[\"1.0.0\"]},\"id\":\"/subscriptions/edb2c18a-04d6-49e9-bc72-e23852f507ad/providers/Microsoft.Authorization/policyDefinitions/psBackcompat-PolicyDefinitionMode01\",\"type\":\"Microsoft.Authorization/policyDefinitions\",\"name\":\"psBackcompat-PolicyDefinitionMode01\",\"systemData\":{\"createdBy\":\"cstack@ntdev.microsoft.com\",\"createdByType\":\"User\",\"createdAt\":\"2024-06-15T01:25:02.2148964Z\",\"lastModifiedBy\":\"cstack@ntdev.microsoft.com\",\"lastModifiedByType\":\"User\",\"lastModifiedAt\":\"2024-06-15T01:25:03.6109463Z\"}}",
      "isContentBase64": false
    }
  },
  "Backcompat-PolicyDefinitionMode+[NoContext]+update the policy definition at sub scope specifying the same mode+$GET+https://management.azure.com/subscriptions/edb2c18a-04d6-49e9-bc72-e23852f507ad/providers/Microsoft.Authorization/policyDefinitions/psBackcompat-PolicyDefinitionMode01?api-version=2023-04-01+1": {
    "Request": {
      "Method": "GET",
      "RequestUri": "https://management.azure.com/subscriptions/edb2c18a-04d6-49e9-bc72-e23852f507ad/providers/Microsoft.Authorization/policyDefinitions/psBackcompat-PolicyDefinitionMode01?api-version=2023-04-01",
      "Content": null,
      "isContentBase64": false,
      "Headers": {
        "x-ms-unique-id": [ "165" ],
        "x-ms-client-request-id": [ "8dcd0e6f-197b-4836-9b81-0c793ff1ca10" ],
        "CommandName": [ "\u0026" ],
        "FullCommandName": [ "Get-AzPolicyDefinition_Get" ],
        "ParameterSetName": [ "__AllParameterSets" ],
        "User-Agent": [ "AzurePowershell/v11.0.0", "PSVersion/v7.4.2", "Az.Policy/0.1.1" ],
        "Authorization": [ "[Filtered]" ]
      },
      "ContentHeaders": {
      }
    },
    "Response": {
      "StatusCode": 200,
      "Headers": {
        "Cache-Control": [ "no-cache" ],
        "Pragma": [ "no-cache" ],
        "Strict-Transport-Security": [ "max-age=31536000; includeSubDomains" ],
        "x-ms-throttling-version": [ "v1" ],
        "x-ms-ratelimit-remaining-subscription-reads": [ "11999" ],
        "x-ms-request-id": [ "3b2d7a7a-a65c-4513-9498-28472c2333d8" ],
        "x-ms-correlation-request-id": [ "3b2d7a7a-a65c-4513-9498-28472c2333d8" ],
        "x-ms-routing-request-id": [ "WESTUS2:20240615T012504Z:3b2d7a7a-a65c-4513-9498-28472c2333d8" ],
        "X-Content-Type-Options": [ "nosniff" ],
        "X-Cache": [ "CONFIG_NOCACHE" ],
        "X-MSEdge-Ref": [ "Ref A: F9D9C2DF01E64086A02F678D4B39EB41 Ref B: CO6AA3150217035 Ref C: 2024-06-15T01:25:04Z" ],
        "Date": [ "Sat, 15 Jun 2024 01:25:03 GMT" ]
      },
      "ContentHeaders": {
        "Content-Length": [ "985" ],
        "Content-Type": [ "application/json; charset=utf-8" ],
        "Expires": [ "-1" ]
      },
      "Content": "{\"properties\":{\"displayName\":\"testDisplay\",\"policyType\":\"Custom\",\"mode\":\"All\",\"description\":\"Updated \",\"metadata\":{\"testName\":\"testValue\",\"createdBy\":\"3d826307-2481-45a0-a271-bcf9333f914a\",\"createdOn\":\"2024-06-15T01:25:02.2383814Z\",\"updatedBy\":\"3d826307-2481-45a0-a271-bcf9333f914a\",\"updatedOn\":\"2024-06-15T01:25:03.6507934Z\"},\"version\":\"1.0.0\",\"policyRule\":{\"if\":{\"source\":\"action\",\"equals\":\"Microsoft.Resources/Subscriptions/ResourceGroups/write\"},\"then\":{\"effect\":\"deny\"}},\"versions\":[\"1.0.0\"]},\"id\":\"/subscriptions/edb2c18a-04d6-49e9-bc72-e23852f507ad/providers/Microsoft.Authorization/policyDefinitions/psBackcompat-PolicyDefinitionMode01\",\"type\":\"Microsoft.Authorization/policyDefinitions\",\"name\":\"psBackcompat-PolicyDefinitionMode01\",\"systemData\":{\"createdBy\":\"cstack@ntdev.microsoft.com\",\"createdByType\":\"User\",\"createdAt\":\"2024-06-15T01:25:02.2148964Z\",\"lastModifiedBy\":\"cstack@ntdev.microsoft.com\",\"lastModifiedByType\":\"User\",\"lastModifiedAt\":\"2024-06-15T01:25:03.6109463Z\"}}",
      "isContentBase64": false
    }
  },
  "Backcompat-PolicyDefinitionMode+[NoContext]+update the policy definition at sub scope specifying the same mode+$PUT+https://management.azure.com/subscriptions/edb2c18a-04d6-49e9-bc72-e23852f507ad/providers/Microsoft.Authorization/policyDefinitions/psBackcompat-PolicyDefinitionMode01?api-version=2023-04-01+2": {
    "Request": {
      "Method": "PUT",
      "RequestUri": "https://management.azure.com/subscriptions/edb2c18a-04d6-49e9-bc72-e23852f507ad/providers/Microsoft.Authorization/policyDefinitions/psBackcompat-PolicyDefinitionMode01?api-version=2023-04-01",
      "Content": "{\r\n  \"properties\": {\r\n    \"mode\": \"All\",\r\n    \"displayName\": \"testDisplay\",\r\n    \"description\": \"Updated \",\r\n    \"policyRule\": {\r\n      \"if\": {\r\n        \"source\": \"action\",\r\n        \"equals\": \"Microsoft.Resources/Subscriptions/ResourceGroups/write\"\r\n      },\r\n      \"then\": {\r\n        \"effect\": \"deny\"\r\n      }\r\n    },\r\n    \"metadata\": {\r\n      \"testName\": \"testValue\"\r\n    }\r\n  }\r\n}",
      "isContentBase64": false,
      "Headers": {
      },
      "ContentHeaders": {
        "Content-Type": [ "application/json" ],
        "Content-Length": [ "383" ]
      }
    },
    "Response": {
      "StatusCode": 201,
      "Headers": {
        "Cache-Control": [ "no-cache" ],
        "Pragma": [ "no-cache" ],
        "Strict-Transport-Security": [ "max-age=31536000; includeSubDomains" ],
        "x-ms-throttling-version": [ "v1" ],
        "x-ms-ratelimit-remaining-subscription-writes": [ "1197" ],
        "x-ms-request-id": [ "d6bcba28-15ce-41b4-a2f1-768a276ab2e7" ],
        "x-ms-correlation-request-id": [ "d6bcba28-15ce-41b4-a2f1-768a276ab2e7" ],
        "x-ms-routing-request-id": [ "WESTUS2:20240615T012504Z:d6bcba28-15ce-41b4-a2f1-768a276ab2e7" ],
        "X-Content-Type-Options": [ "nosniff" ],
        "X-Cache": [ "CONFIG_NOCACHE" ],
        "X-MSEdge-Ref": [ "Ref A: E5F7892884C54E7F88001AF68E6F6EA0 Ref B: CO6AA3150217035 Ref C: 2024-06-15T01:25:04Z" ],
        "Date": [ "Sat, 15 Jun 2024 01:25:03 GMT" ]
      },
      "ContentHeaders": {
        "Content-Length": [ "985" ],
        "Content-Type": [ "application/json; charset=utf-8" ],
        "Expires": [ "-1" ]
      },
      "Content": "{\"properties\":{\"displayName\":\"testDisplay\",\"policyType\":\"Custom\",\"mode\":\"All\",\"description\":\"Updated \",\"metadata\":{\"testName\":\"testValue\",\"createdBy\":\"3d826307-2481-45a0-a271-bcf9333f914a\",\"createdOn\":\"2024-06-15T01:25:02.2383814Z\",\"updatedBy\":\"3d826307-2481-45a0-a271-bcf9333f914a\",\"updatedOn\":\"2024-06-15T01:25:04.2854835Z\"},\"version\":\"1.0.0\",\"policyRule\":{\"if\":{\"source\":\"action\",\"equals\":\"Microsoft.Resources/Subscriptions/ResourceGroups/write\"},\"then\":{\"effect\":\"deny\"}},\"versions\":[\"1.0.0\"]},\"id\":\"/subscriptions/edb2c18a-04d6-49e9-bc72-e23852f507ad/providers/Microsoft.Authorization/policyDefinitions/psBackcompat-PolicyDefinitionMode01\",\"type\":\"Microsoft.Authorization/policyDefinitions\",\"name\":\"psBackcompat-PolicyDefinitionMode01\",\"systemData\":{\"createdBy\":\"cstack@ntdev.microsoft.com\",\"createdByType\":\"User\",\"createdAt\":\"2024-06-15T01:25:02.2148964Z\",\"lastModifiedBy\":\"cstack@ntdev.microsoft.com\",\"lastModifiedByType\":\"User\",\"lastModifiedAt\":\"2024-06-15T01:25:04.2672298Z\"}}",
      "isContentBase64": false
    }
  },
  "Backcompat-PolicyDefinitionMode+[NoContext]+update the policy definition at sub scope specifying the same mode+$GET+https://management.azure.com/subscriptions/edb2c18a-04d6-49e9-bc72-e23852f507ad/providers/Microsoft.Authorization/policyDefinitions/psBackcompat-PolicyDefinitionMode01?api-version=2023-04-01+3": {
    "Request": {
      "Method": "GET",
      "RequestUri": "https://management.azure.com/subscriptions/edb2c18a-04d6-49e9-bc72-e23852f507ad/providers/Microsoft.Authorization/policyDefinitions/psBackcompat-PolicyDefinitionMode01?api-version=2023-04-01",
      "Content": null,
      "isContentBase64": false,
      "Headers": {
        "x-ms-unique-id": [ "167" ],
        "x-ms-client-request-id": [ "9823bbdf-84b2-4feb-844d-a79e378afd7e" ],
        "CommandName": [ "\u0026" ],
        "FullCommandName": [ "Get-AzPolicyDefinition_Get" ],
        "ParameterSetName": [ "__AllParameterSets" ],
        "User-Agent": [ "AzurePowershell/v11.0.0", "PSVersion/v7.4.2", "Az.Policy/0.1.1" ],
        "Authorization": [ "[Filtered]" ]
      },
      "ContentHeaders": {
      }
    },
    "Response": {
      "StatusCode": 200,
      "Headers": {
        "Cache-Control": [ "no-cache" ],
        "Pragma": [ "no-cache" ],
        "Strict-Transport-Security": [ "max-age=31536000; includeSubDomains" ],
        "x-ms-throttling-version": [ "v1" ],
        "x-ms-ratelimit-remaining-subscription-reads": [ "11996" ],
        "x-ms-request-id": [ "68d04034-3476-42e5-a06e-1168cd9c76fe" ],
        "x-ms-correlation-request-id": [ "68d04034-3476-42e5-a06e-1168cd9c76fe" ],
        "x-ms-routing-request-id": [ "WESTUS2:20240615T012504Z:68d04034-3476-42e5-a06e-1168cd9c76fe" ],
        "X-Content-Type-Options": [ "nosniff" ],
        "X-Cache": [ "CONFIG_NOCACHE" ],
        "X-MSEdge-Ref": [ "Ref A: AFB4F9F0CF4943ABB9949904D45697CE Ref B: CO6AA3150217035 Ref C: 2024-06-15T01:25:04Z" ],
        "Date": [ "Sat, 15 Jun 2024 01:25:03 GMT" ]
      },
      "ContentHeaders": {
        "Content-Length": [ "985" ],
        "Content-Type": [ "application/json; charset=utf-8" ],
        "Expires": [ "-1" ]
      },
      "Content": "{\"properties\":{\"displayName\":\"testDisplay\",\"policyType\":\"Custom\",\"mode\":\"All\",\"description\":\"Updated \",\"metadata\":{\"testName\":\"testValue\",\"createdBy\":\"3d826307-2481-45a0-a271-bcf9333f914a\",\"createdOn\":\"2024-06-15T01:25:02.2383814Z\",\"updatedBy\":\"3d826307-2481-45a0-a271-bcf9333f914a\",\"updatedOn\":\"2024-06-15T01:25:04.2854835Z\"},\"version\":\"1.0.0\",\"policyRule\":{\"if\":{\"source\":\"action\",\"equals\":\"Microsoft.Resources/Subscriptions/ResourceGroups/write\"},\"then\":{\"effect\":\"deny\"}},\"versions\":[\"1.0.0\"]},\"id\":\"/subscriptions/edb2c18a-04d6-49e9-bc72-e23852f507ad/providers/Microsoft.Authorization/policyDefinitions/psBackcompat-PolicyDefinitionMode01\",\"type\":\"Microsoft.Authorization/policyDefinitions\",\"name\":\"psBackcompat-PolicyDefinitionMode01\",\"systemData\":{\"createdBy\":\"cstack@ntdev.microsoft.com\",\"createdByType\":\"User\",\"createdAt\":\"2024-06-15T01:25:02.2148964Z\",\"lastModifiedBy\":\"cstack@ntdev.microsoft.com\",\"lastModifiedByType\":\"User\",\"lastModifiedAt\":\"2024-06-15T01:25:04.2672298Z\"}}",
      "isContentBase64": false
    }
  },
  "Backcompat-PolicyDefinitionMode+[NoContext]+update the policy definition at sub scope specifying a different mode+$GET+https://management.azure.com/subscriptions/edb2c18a-04d6-49e9-bc72-e23852f507ad/providers/Microsoft.Authorization/policyDefinitions/psBackcompat-PolicyDefinitionMode01?api-version=2023-04-01+1": {
    "Request": {
      "Method": "GET",
      "RequestUri": "https://management.azure.com/subscriptions/edb2c18a-04d6-49e9-bc72-e23852f507ad/providers/Microsoft.Authorization/policyDefinitions/psBackcompat-PolicyDefinitionMode01?api-version=2023-04-01",
      "Content": null,
      "isContentBase64": false,
      "Headers": {
        "x-ms-unique-id": [ "168" ],
        "x-ms-client-request-id": [ "2beabc84-0ca1-48d0-9d23-723c537fc50d" ],
        "CommandName": [ "\u0026" ],
        "FullCommandName": [ "Get-AzPolicyDefinition_Get" ],
        "ParameterSetName": [ "__AllParameterSets" ],
        "User-Agent": [ "AzurePowershell/v11.0.0", "PSVersion/v7.4.2", "Az.Policy/0.1.1" ],
        "Authorization": [ "[Filtered]" ]
      },
      "ContentHeaders": {
      }
    },
    "Response": {
      "StatusCode": 200,
      "Headers": {
        "Cache-Control": [ "no-cache" ],
        "Pragma": [ "no-cache" ],
        "Strict-Transport-Security": [ "max-age=31536000; includeSubDomains" ],
        "x-ms-throttling-version": [ "v1" ],
        "x-ms-ratelimit-remaining-subscription-reads": [ "11996" ],
        "x-ms-request-id": [ "6ce0514f-a971-4ee0-8a21-7df8e53318dc" ],
        "x-ms-correlation-request-id": [ "6ce0514f-a971-4ee0-8a21-7df8e53318dc" ],
        "x-ms-routing-request-id": [ "WESTUS2:20240615T012504Z:6ce0514f-a971-4ee0-8a21-7df8e53318dc" ],
        "X-Content-Type-Options": [ "nosniff" ],
        "X-Cache": [ "CONFIG_NOCACHE" ],
        "X-MSEdge-Ref": [ "Ref A: 4AFE8ABAB18244BB8FEC154F7C821A88 Ref B: CO6AA3150217035 Ref C: 2024-06-15T01:25:04Z" ],
        "Date": [ "Sat, 15 Jun 2024 01:25:03 GMT" ]
      },
      "ContentHeaders": {
        "Content-Length": [ "985" ],
        "Content-Type": [ "application/json; charset=utf-8" ],
        "Expires": [ "-1" ]
      },
      "Content": "{\"properties\":{\"displayName\":\"testDisplay\",\"policyType\":\"Custom\",\"mode\":\"All\",\"description\":\"Updated \",\"metadata\":{\"testName\":\"testValue\",\"createdBy\":\"3d826307-2481-45a0-a271-bcf9333f914a\",\"createdOn\":\"2024-06-15T01:25:02.2383814Z\",\"updatedBy\":\"3d826307-2481-45a0-a271-bcf9333f914a\",\"updatedOn\":\"2024-06-15T01:25:04.2854835Z\"},\"version\":\"1.0.0\",\"policyRule\":{\"if\":{\"source\":\"action\",\"equals\":\"Microsoft.Resources/Subscriptions/ResourceGroups/write\"},\"then\":{\"effect\":\"deny\"}},\"versions\":[\"1.0.0\"]},\"id\":\"/subscriptions/edb2c18a-04d6-49e9-bc72-e23852f507ad/providers/Microsoft.Authorization/policyDefinitions/psBackcompat-PolicyDefinitionMode01\",\"type\":\"Microsoft.Authorization/policyDefinitions\",\"name\":\"psBackcompat-PolicyDefinitionMode01\",\"systemData\":{\"createdBy\":\"cstack@ntdev.microsoft.com\",\"createdByType\":\"User\",\"createdAt\":\"2024-06-15T01:25:02.2148964Z\",\"lastModifiedBy\":\"cstack@ntdev.microsoft.com\",\"lastModifiedByType\":\"User\",\"lastModifiedAt\":\"2024-06-15T01:25:04.2672298Z\"}}",
      "isContentBase64": false
    }
  },
  "Backcompat-PolicyDefinitionMode+[NoContext]+update the policy definition at sub scope specifying a different mode+$PUT+https://management.azure.com/subscriptions/edb2c18a-04d6-49e9-bc72-e23852f507ad/providers/Microsoft.Authorization/policyDefinitions/psBackcompat-PolicyDefinitionMode01?api-version=2023-04-01+2": {
    "Request": {
      "Method": "PUT",
      "RequestUri": "https://management.azure.com/subscriptions/edb2c18a-04d6-49e9-bc72-e23852f507ad/providers/Microsoft.Authorization/policyDefinitions/psBackcompat-PolicyDefinitionMode01?api-version=2023-04-01",
      "Content": "{\r\n  \"properties\": {\r\n    \"mode\": \"Indexed\",\r\n    \"displayName\": \"testDisplay\",\r\n    \"description\": \"Updated \",\r\n    \"policyRule\": {\r\n      \"if\": {\r\n        \"source\": \"action\",\r\n        \"equals\": \"Microsoft.Resources/Subscriptions/ResourceGroups/write\"\r\n      },\r\n      \"then\": {\r\n        \"effect\": \"deny\"\r\n      }\r\n    },\r\n    \"metadata\": {\r\n      \"testName\": \"testValue\"\r\n    }\r\n  }\r\n}",
      "isContentBase64": false,
      "Headers": {
      },
      "ContentHeaders": {
        "Content-Type": [ "application/json" ],
        "Content-Length": [ "387" ]
      }
    },
    "Response": {
      "StatusCode": 201,
      "Headers": {
        "Cache-Control": [ "no-cache" ],
        "Pragma": [ "no-cache" ],
        "Strict-Transport-Security": [ "max-age=31536000; includeSubDomains" ],
        "x-ms-throttling-version": [ "v1" ],
        "x-ms-ratelimit-remaining-subscription-writes": [ "1198" ],
        "x-ms-request-id": [ "82da9e70-e0d3-4511-a0a7-f4cfa2144679" ],
        "x-ms-correlation-request-id": [ "82da9e70-e0d3-4511-a0a7-f4cfa2144679" ],
        "x-ms-routing-request-id": [ "WESTUS2:20240615T012505Z:82da9e70-e0d3-4511-a0a7-f4cfa2144679" ],
        "X-Content-Type-Options": [ "nosniff" ],
        "X-Cache": [ "CONFIG_NOCACHE" ],
        "X-MSEdge-Ref": [ "Ref A: 96E673EB864A47F4BDFADE4FC11DFEBE Ref B: CO6AA3150217035 Ref C: 2024-06-15T01:25:04Z" ],
        "Date": [ "Sat, 15 Jun 2024 01:25:04 GMT" ]
      },
      "ContentHeaders": {
        "Content-Length": [ "989" ],
        "Content-Type": [ "application/json; charset=utf-8" ],
        "Expires": [ "-1" ]
      },
      "Content": "{\"properties\":{\"displayName\":\"testDisplay\",\"policyType\":\"Custom\",\"mode\":\"Indexed\",\"description\":\"Updated \",\"metadata\":{\"testName\":\"testValue\",\"createdBy\":\"3d826307-2481-45a0-a271-bcf9333f914a\",\"createdOn\":\"2024-06-15T01:25:02.2383814Z\",\"updatedBy\":\"3d826307-2481-45a0-a271-bcf9333f914a\",\"updatedOn\":\"2024-06-15T01:25:04.8579578Z\"},\"version\":\"1.0.0\",\"policyRule\":{\"if\":{\"source\":\"action\",\"equals\":\"Microsoft.Resources/Subscriptions/ResourceGroups/write\"},\"then\":{\"effect\":\"deny\"}},\"versions\":[\"1.0.0\"]},\"id\":\"/subscriptions/edb2c18a-04d6-49e9-bc72-e23852f507ad/providers/Microsoft.Authorization/policyDefinitions/psBackcompat-PolicyDefinitionMode01\",\"type\":\"Microsoft.Authorization/policyDefinitions\",\"name\":\"psBackcompat-PolicyDefinitionMode01\",\"systemData\":{\"createdBy\":\"cstack@ntdev.microsoft.com\",\"createdByType\":\"User\",\"createdAt\":\"2024-06-15T01:25:02.2148964Z\",\"lastModifiedBy\":\"cstack@ntdev.microsoft.com\",\"lastModifiedByType\":\"User\",\"lastModifiedAt\":\"2024-06-15T01:25:04.8642227Z\"}}",
      "isContentBase64": false
    }
  },
  "Backcompat-PolicyDefinitionMode+[NoContext]+update the policy definition at sub scope specifying a different mode+$GET+https://management.azure.com/subscriptions/edb2c18a-04d6-49e9-bc72-e23852f507ad/providers/Microsoft.Authorization/policyDefinitions/psBackcompat-PolicyDefinitionMode01?api-version=2023-04-01+3": {
    "Request": {
      "Method": "GET",
      "RequestUri": "https://management.azure.com/subscriptions/edb2c18a-04d6-49e9-bc72-e23852f507ad/providers/Microsoft.Authorization/policyDefinitions/psBackcompat-PolicyDefinitionMode01?api-version=2023-04-01",
      "Content": null,
      "isContentBase64": false,
      "Headers": {
        "x-ms-unique-id": [ "170" ],
        "x-ms-client-request-id": [ "3ab6e56d-e4f9-435c-a78e-db95a8b41348" ],
        "CommandName": [ "\u0026" ],
        "FullCommandName": [ "Get-AzPolicyDefinition_Get" ],
        "ParameterSetName": [ "__AllParameterSets" ],
        "User-Agent": [ "AzurePowershell/v11.0.0", "PSVersion/v7.4.2", "Az.Policy/0.1.1" ],
        "Authorization": [ "[Filtered]" ]
      },
      "ContentHeaders": {
      }
    },
    "Response": {
      "StatusCode": 200,
      "Headers": {
        "Cache-Control": [ "no-cache" ],
        "Pragma": [ "no-cache" ],
        "Strict-Transport-Security": [ "max-age=31536000; includeSubDomains" ],
        "x-ms-throttling-version": [ "v1" ],
        "x-ms-ratelimit-remaining-subscription-reads": [ "11998" ],
        "x-ms-request-id": [ "4c7953df-9387-4d74-ae5d-80cac51b66cb" ],
        "x-ms-correlation-request-id": [ "4c7953df-9387-4d74-ae5d-80cac51b66cb" ],
        "x-ms-routing-request-id": [ "WESTUS2:20240615T012505Z:4c7953df-9387-4d74-ae5d-80cac51b66cb" ],
        "X-Content-Type-Options": [ "nosniff" ],
        "X-Cache": [ "CONFIG_NOCACHE" ],
        "X-MSEdge-Ref": [ "Ref A: 2607444EB9EF403A9687C93D5A0CD7E7 Ref B: CO6AA3150217035 Ref C: 2024-06-15T01:25:05Z" ],
        "Date": [ "Sat, 15 Jun 2024 01:25:04 GMT" ]
      },
      "ContentHeaders": {
        "Content-Length": [ "989" ],
        "Content-Type": [ "application/json; charset=utf-8" ],
        "Expires": [ "-1" ]
      },
      "Content": "{\"properties\":{\"displayName\":\"testDisplay\",\"policyType\":\"Custom\",\"mode\":\"Indexed\",\"description\":\"Updated \",\"metadata\":{\"testName\":\"testValue\",\"createdBy\":\"3d826307-2481-45a0-a271-bcf9333f914a\",\"createdOn\":\"2024-06-15T01:25:02.2383814Z\",\"updatedBy\":\"3d826307-2481-45a0-a271-bcf9333f914a\",\"updatedOn\":\"2024-06-15T01:25:04.8579578Z\"},\"version\":\"1.0.0\",\"policyRule\":{\"if\":{\"source\":\"action\",\"equals\":\"Microsoft.Resources/Subscriptions/ResourceGroups/write\"},\"then\":{\"effect\":\"deny\"}},\"versions\":[\"1.0.0\"]},\"id\":\"/subscriptions/edb2c18a-04d6-49e9-bc72-e23852f507ad/providers/Microsoft.Authorization/policyDefinitions/psBackcompat-PolicyDefinitionMode01\",\"type\":\"Microsoft.Authorization/policyDefinitions\",\"name\":\"psBackcompat-PolicyDefinitionMode01\",\"systemData\":{\"createdBy\":\"cstack@ntdev.microsoft.com\",\"createdByType\":\"User\",\"createdAt\":\"2024-06-15T01:25:02.2148964Z\",\"lastModifiedBy\":\"cstack@ntdev.microsoft.com\",\"lastModifiedByType\":\"User\",\"lastModifiedAt\":\"2024-06-15T01:25:04.8642227Z\"}}",
      "isContentBase64": false
    }
  },
  "Backcompat-PolicyDefinitionMode+[NoContext]+make a policy definition with non-default mode at MG scope+$PUT+https://management.azure.com/providers/Microsoft.Management/managementGroups/AzGovPerfTest/providers/Microsoft.Authorization/policyDefinitions/psBackcompat-PolicyDefinitionMode02?api-version=2023-04-01+1": {
    "Request": {
      "Method": "PUT",
      "RequestUri": "https://management.azure.com/providers/Microsoft.Management/managementGroups/AzGovPerfTest/providers/Microsoft.Authorization/policyDefinitions/psBackcompat-PolicyDefinitionMode02?api-version=2023-04-01",
      "Content": "{\r\n  \"properties\": {\r\n    \"mode\": \"All\",\r\n    \"description\": \"Unit test junk: sorry for littering. Please delete me!\",\r\n    \"policyRule\": {\r\n      \"if\": {\r\n        \"source\": \"action\",\r\n        \"equals\": \"Microsoft.Resources/Subscriptions/ResourceGroups/write\"\r\n      },\r\n      \"then\": {\r\n        \"effect\": \"deny\"\r\n      }\r\n    }\r\n  }\r\n}",
      "isContentBase64": false,
      "Headers": {
      },
      "ContentHeaders": {
        "Content-Type": [ "application/json" ],
        "Content-Length": [ "336" ]
      }
    },
    "Response": {
      "StatusCode": 201,
      "Headers": {
        "Cache-Control": [ "no-cache" ],
        "Pragma": [ "no-cache" ],
        "Strict-Transport-Security": [ "max-age=31536000; includeSubDomains" ],
        "x-ms-throttling-version": [ "v1" ],
        "x-ms-ratelimit-remaining-tenant-writes": [ "1199" ],
        "x-ms-request-id": [ "d2f05161-4ea0-485e-9cf2-974907ca4314" ],
        "x-ms-correlation-request-id": [ "d2f05161-4ea0-485e-9cf2-974907ca4314" ],
        "x-ms-routing-request-id": [ "WESTUS2:20240615T012506Z:d2f05161-4ea0-485e-9cf2-974907ca4314" ],
        "X-Content-Type-Options": [ "nosniff" ],
        "X-Cache": [ "CONFIG_NOCACHE" ],
        "X-MSEdge-Ref": [ "Ref A: 972896D41E7142A9826390AD5D1382F1 Ref B: CO6AA3150217035 Ref C: 2024-06-15T01:25:05Z" ],
        "Date": [ "Sat, 15 Jun 2024 01:25:05 GMT" ]
      },
      "ContentHeaders": {
        "Content-Length": [ "931" ],
        "Content-Type": [ "application/json; charset=utf-8" ],
        "Expires": [ "-1" ]
      },
      "Content": "{\"properties\":{\"policyType\":\"Custom\",\"mode\":\"All\",\"description\":\"Unit test junk: sorry for littering. Please delete me!\",\"metadata\":{\"createdBy\":\"3d826307-2481-45a0-a271-bcf9333f914a\",\"createdOn\":\"2024-06-15T01:25:05.8311912Z\",\"updatedBy\":null,\"updatedOn\":null},\"version\":\"1.0.0\",\"policyRule\":{\"if\":{\"source\":\"action\",\"equals\":\"Microsoft.Resources/Subscriptions/ResourceGroups/write\"},\"then\":{\"effect\":\"deny\"}},\"versions\":[\"1.0.0\"]},\"id\":\"/providers/Microsoft.Management/managementGroups/AzGovPerfTest/providers/Microsoft.Authorization/policyDefinitions/psBackcompat-PolicyDefinitionMode02\",\"type\":\"Microsoft.Authorization/policyDefinitions\",\"name\":\"psBackcompat-PolicyDefinitionMode02\",\"systemData\":{\"createdBy\":\"cstack@ntdev.microsoft.com\",\"createdByType\":\"User\",\"createdAt\":\"2024-06-15T01:25:05.7382911Z\",\"lastModifiedBy\":\"cstack@ntdev.microsoft.com\",\"lastModifiedByType\":\"User\",\"lastModifiedAt\":\"2024-06-15T01:25:05.7382911Z\"}}",
      "isContentBase64": false
    }
  },
  "Backcompat-PolicyDefinitionMode+[NoContext]+make a policy definition with non-default mode at MG scope+$GET+https://management.azure.com/providers/Microsoft.Management/managementGroups/AzGovPerfTest/providers/Microsoft.Authorization/policyDefinitions/psBackcompat-PolicyDefinitionMode02?api-version=2023-04-01+2": {
    "Request": {
      "Method": "GET",
      "RequestUri": "https://management.azure.com/providers/Microsoft.Management/managementGroups/AzGovPerfTest/providers/Microsoft.Authorization/policyDefinitions/psBackcompat-PolicyDefinitionMode02?api-version=2023-04-01",
      "Content": null,
      "isContentBase64": false,
      "Headers": {
        "x-ms-unique-id": [ "172" ],
        "x-ms-client-request-id": [ "e3c2bd3c-1ef7-4385-9ad3-1dc03f5f6210" ],
        "CommandName": [ "\u0026" ],
        "FullCommandName": [ "Get-AzPolicyDefinition_Get1" ],
        "ParameterSetName": [ "__AllParameterSets" ],
        "User-Agent": [ "AzurePowershell/v11.0.0", "PSVersion/v7.4.2", "Az.Policy/0.1.1" ],
        "Authorization": [ "[Filtered]" ]
      },
      "ContentHeaders": {
      }
    },
    "Response": {
      "StatusCode": 200,
      "Headers": {
        "Cache-Control": [ "no-cache" ],
        "Pragma": [ "no-cache" ],
        "Strict-Transport-Security": [ "max-age=31536000; includeSubDomains" ],
        "x-ms-throttling-version": [ "v1" ],
        "x-ms-ratelimit-remaining-tenant-reads": [ "11999" ],
        "x-ms-request-id": [ "f89a5856-5ae4-4665-b95d-1d1c1ac6cf14" ],
        "x-ms-correlation-request-id": [ "f89a5856-5ae4-4665-b95d-1d1c1ac6cf14" ],
        "x-ms-routing-request-id": [ "WESTUS2:20240615T012506Z:f89a5856-5ae4-4665-b95d-1d1c1ac6cf14" ],
        "X-Content-Type-Options": [ "nosniff" ],
        "X-Cache": [ "CONFIG_NOCACHE" ],
        "X-MSEdge-Ref": [ "Ref A: D20ED9017A294811B1BC299573E86406 Ref B: CO6AA3150217035 Ref C: 2024-06-15T01:25:06Z" ],
        "Date": [ "Sat, 15 Jun 2024 01:25:05 GMT" ]
      },
      "ContentHeaders": {
        "Content-Length": [ "931" ],
        "Content-Type": [ "application/json; charset=utf-8" ],
        "Expires": [ "-1" ]
      },
      "Content": "{\"properties\":{\"policyType\":\"Custom\",\"mode\":\"All\",\"description\":\"Unit test junk: sorry for littering. Please delete me!\",\"metadata\":{\"createdBy\":\"3d826307-2481-45a0-a271-bcf9333f914a\",\"createdOn\":\"2024-06-15T01:25:05.8311912Z\",\"updatedBy\":null,\"updatedOn\":null},\"version\":\"1.0.0\",\"policyRule\":{\"if\":{\"source\":\"action\",\"equals\":\"Microsoft.Resources/Subscriptions/ResourceGroups/write\"},\"then\":{\"effect\":\"deny\"}},\"versions\":[\"1.0.0\"]},\"id\":\"/providers/Microsoft.Management/managementGroups/AzGovPerfTest/providers/Microsoft.Authorization/policyDefinitions/psBackcompat-PolicyDefinitionMode02\",\"type\":\"Microsoft.Authorization/policyDefinitions\",\"name\":\"psBackcompat-PolicyDefinitionMode02\",\"systemData\":{\"createdBy\":\"cstack@ntdev.microsoft.com\",\"createdByType\":\"User\",\"createdAt\":\"2024-06-15T01:25:05.7382911Z\",\"lastModifiedBy\":\"cstack@ntdev.microsoft.com\",\"lastModifiedByType\":\"User\",\"lastModifiedAt\":\"2024-06-15T01:25:05.7382911Z\"}}",
      "isContentBase64": false
    }
  },
  "Backcompat-PolicyDefinitionMode+[NoContext]+update the policy definition at MG scope without changing mode+$GET+https://management.azure.com/providers/Microsoft.Management/managementGroups/AzGovPerfTest/providers/Microsoft.Authorization/policyDefinitions/psBackcompat-PolicyDefinitionMode02?api-version=2023-04-01+1": {
    "Request": {
      "Method": "GET",
      "RequestUri": "https://management.azure.com/providers/Microsoft.Management/managementGroups/AzGovPerfTest/providers/Microsoft.Authorization/policyDefinitions/psBackcompat-PolicyDefinitionMode02?api-version=2023-04-01",
      "Content": null,
      "isContentBase64": false,
      "Headers": {
        "x-ms-unique-id": [ "173" ],
        "x-ms-client-request-id": [ "0a44bac5-4f1b-4d15-ad5f-9b8f5600176e" ],
        "CommandName": [ "\u0026" ],
        "FullCommandName": [ "Get-AzPolicyDefinition_Get1" ],
        "ParameterSetName": [ "__AllParameterSets" ],
        "User-Agent": [ "AzurePowershell/v11.0.0", "PSVersion/v7.4.2", "Az.Policy/0.1.1" ],
        "Authorization": [ "[Filtered]" ]
      },
      "ContentHeaders": {
      }
    },
    "Response": {
      "StatusCode": 200,
      "Headers": {
        "Cache-Control": [ "no-cache" ],
        "Pragma": [ "no-cache" ],
        "Strict-Transport-Security": [ "max-age=31536000; includeSubDomains" ],
        "x-ms-throttling-version": [ "v1" ],
        "x-ms-ratelimit-remaining-tenant-reads": [ "11999" ],
        "x-ms-request-id": [ "3d37f492-b4db-4e4b-afed-ddd623fd616a" ],
        "x-ms-correlation-request-id": [ "3d37f492-b4db-4e4b-afed-ddd623fd616a" ],
        "x-ms-routing-request-id": [ "WESTUS2:20240615T012506Z:3d37f492-b4db-4e4b-afed-ddd623fd616a" ],
        "X-Content-Type-Options": [ "nosniff" ],
        "X-Cache": [ "CONFIG_NOCACHE" ],
        "X-MSEdge-Ref": [ "Ref A: 0D1BAE137BE14E9BA5517B0B2CB586DA Ref B: CO6AA3150217035 Ref C: 2024-06-15T01:25:06Z" ],
        "Date": [ "Sat, 15 Jun 2024 01:25:05 GMT" ]
      },
      "ContentHeaders": {
        "Content-Length": [ "931" ],
        "Content-Type": [ "application/json; charset=utf-8" ],
        "Expires": [ "-1" ]
      },
      "Content": "{\"properties\":{\"policyType\":\"Custom\",\"mode\":\"All\",\"description\":\"Unit test junk: sorry for littering. Please delete me!\",\"metadata\":{\"createdBy\":\"3d826307-2481-45a0-a271-bcf9333f914a\",\"createdOn\":\"2024-06-15T01:25:05.8311912Z\",\"updatedBy\":null,\"updatedOn\":null},\"version\":\"1.0.0\",\"policyRule\":{\"if\":{\"source\":\"action\",\"equals\":\"Microsoft.Resources/Subscriptions/ResourceGroups/write\"},\"then\":{\"effect\":\"deny\"}},\"versions\":[\"1.0.0\"]},\"id\":\"/providers/Microsoft.Management/managementGroups/AzGovPerfTest/providers/Microsoft.Authorization/policyDefinitions/psBackcompat-PolicyDefinitionMode02\",\"type\":\"Microsoft.Authorization/policyDefinitions\",\"name\":\"psBackcompat-PolicyDefinitionMode02\",\"systemData\":{\"createdBy\":\"cstack@ntdev.microsoft.com\",\"createdByType\":\"User\",\"createdAt\":\"2024-06-15T01:25:05.7382911Z\",\"lastModifiedBy\":\"cstack@ntdev.microsoft.com\",\"lastModifiedByType\":\"User\",\"lastModifiedAt\":\"2024-06-15T01:25:05.7382911Z\"}}",
      "isContentBase64": false
    }
  },
  "Backcompat-PolicyDefinitionMode+[NoContext]+update the policy definition at MG scope without changing mode+$PUT+https://management.azure.com/providers/Microsoft.Management/managementGroups/AzGovPerfTest/providers/Microsoft.Authorization/policyDefinitions/psBackcompat-PolicyDefinitionMode02?api-version=2023-04-01+2": {
    "Request": {
      "Method": "PUT",
      "RequestUri": "https://management.azure.com/providers/Microsoft.Management/managementGroups/AzGovPerfTest/providers/Microsoft.Authorization/policyDefinitions/psBackcompat-PolicyDefinitionMode02?api-version=2023-04-01",
      "Content": "{\r\n  \"properties\": {\r\n    \"mode\": \"All\",\r\n    \"displayName\": \"testDisplay\",\r\n    \"description\": \"Updated \",\r\n    \"policyRule\": {\r\n      \"if\": {\r\n        \"source\": \"action\",\r\n        \"equals\": \"Microsoft.Resources/Subscriptions/ResourceGroups/write\"\r\n      },\r\n      \"then\": {\r\n        \"effect\": \"deny\"\r\n      }\r\n    },\r\n    \"metadata\": {\r\n      \"testName\": \"testValue\"\r\n    }\r\n  }\r\n}",
      "isContentBase64": false,
      "Headers": {
      },
      "ContentHeaders": {
        "Content-Type": [ "application/json" ],
        "Content-Length": [ "383" ]
      }
    },
    "Response": {
      "StatusCode": 201,
      "Headers": {
        "Cache-Control": [ "no-cache" ],
        "Pragma": [ "no-cache" ],
        "Strict-Transport-Security": [ "max-age=31536000; includeSubDomains" ],
        "x-ms-throttling-version": [ "v1" ],
        "x-ms-ratelimit-remaining-tenant-writes": [ "1199" ],
        "x-ms-request-id": [ "e1ff28b3-c74f-4446-af3f-e69aec01fbc2" ],
        "x-ms-correlation-request-id": [ "e1ff28b3-c74f-4446-af3f-e69aec01fbc2" ],
        "x-ms-routing-request-id": [ "WESTUS2:20240615T012507Z:e1ff28b3-c74f-4446-af3f-e69aec01fbc2" ],
        "X-Content-Type-Options": [ "nosniff" ],
        "X-Cache": [ "CONFIG_NOCACHE" ],
        "X-MSEdge-Ref": [ "Ref A: 7AE535B592A84863A4C524337FC54AAD Ref B: CO6AA3150217035 Ref C: 2024-06-15T01:25:06Z" ],
        "Date": [ "Sat, 15 Jun 2024 01:25:06 GMT" ]
      },
      "ContentHeaders": {
        "Content-Length": [ "995" ],
        "Content-Type": [ "application/json; charset=utf-8" ],
        "Expires": [ "-1" ]
      },
      "Content": "{\"properties\":{\"displayName\":\"testDisplay\",\"policyType\":\"Custom\",\"mode\":\"All\",\"description\":\"Updated \",\"metadata\":{\"testName\":\"testValue\",\"createdBy\":\"3d826307-2481-45a0-a271-bcf9333f914a\",\"createdOn\":\"2024-06-15T01:25:05.8311912Z\",\"updatedBy\":\"3d826307-2481-45a0-a271-bcf9333f914a\",\"updatedOn\":\"2024-06-15T01:25:06.7883577Z\"},\"version\":\"1.0.0\",\"policyRule\":{\"if\":{\"source\":\"action\",\"equals\":\"Microsoft.Resources/Subscriptions/ResourceGroups/write\"},\"then\":{\"effect\":\"deny\"}},\"versions\":[\"1.0.0\"]},\"id\":\"/providers/Microsoft.Management/managementGroups/AzGovPerfTest/providers/Microsoft.Authorization/policyDefinitions/psBackcompat-PolicyDefinitionMode02\",\"type\":\"Microsoft.Authorization/policyDefinitions\",\"name\":\"psBackcompat-PolicyDefinitionMode02\",\"systemData\":{\"createdBy\":\"cstack@ntdev.microsoft.com\",\"createdByType\":\"User\",\"createdAt\":\"2024-06-15T01:25:05.7382911Z\",\"lastModifiedBy\":\"cstack@ntdev.microsoft.com\",\"lastModifiedByType\":\"User\",\"lastModifiedAt\":\"2024-06-15T01:25:06.760447Z\"}}",
      "isContentBase64": false
    }
  },
  "Backcompat-PolicyDefinitionMode+[NoContext]+update the policy definition at MG scope without changing mode+$GET+https://management.azure.com/providers/Microsoft.Management/managementGroups/AzGovPerfTest/providers/Microsoft.Authorization/policyDefinitions/psBackcompat-PolicyDefinitionMode02?api-version=2023-04-01+3": {
    "Request": {
      "Method": "GET",
      "RequestUri": "https://management.azure.com/providers/Microsoft.Management/managementGroups/AzGovPerfTest/providers/Microsoft.Authorization/policyDefinitions/psBackcompat-PolicyDefinitionMode02?api-version=2023-04-01",
      "Content": null,
      "isContentBase64": false,
      "Headers": {
        "x-ms-unique-id": [ "175" ],
        "x-ms-client-request-id": [ "9701cd2c-7526-4411-9d30-54d98c41006b" ],
        "CommandName": [ "\u0026" ],
        "FullCommandName": [ "Get-AzPolicyDefinition_Get1" ],
        "ParameterSetName": [ "__AllParameterSets" ],
        "User-Agent": [ "AzurePowershell/v11.0.0", "PSVersion/v7.4.2", "Az.Policy/0.1.1" ],
        "Authorization": [ "[Filtered]" ]
      },
      "ContentHeaders": {
      }
    },
    "Response": {
      "StatusCode": 200,
      "Headers": {
        "Cache-Control": [ "no-cache" ],
        "Pragma": [ "no-cache" ],
        "Strict-Transport-Security": [ "max-age=31536000; includeSubDomains" ],
        "x-ms-throttling-version": [ "v1" ],
        "x-ms-ratelimit-remaining-tenant-reads": [ "11999" ],
        "x-ms-request-id": [ "28f6435e-a644-4427-b8ce-41516408fd30" ],
        "x-ms-correlation-request-id": [ "28f6435e-a644-4427-b8ce-41516408fd30" ],
        "x-ms-routing-request-id": [ "WESTUS2:20240615T012507Z:28f6435e-a644-4427-b8ce-41516408fd30" ],
        "X-Content-Type-Options": [ "nosniff" ],
        "X-Cache": [ "CONFIG_NOCACHE" ],
        "X-MSEdge-Ref": [ "Ref A: C4F5900CD7C04E8189C41D2FBEF3CCDE Ref B: CO6AA3150217035 Ref C: 2024-06-15T01:25:07Z" ],
        "Date": [ "Sat, 15 Jun 2024 01:25:06 GMT" ]
      },
      "ContentHeaders": {
        "Content-Length": [ "995" ],
        "Content-Type": [ "application/json; charset=utf-8" ],
        "Expires": [ "-1" ]
      },
      "Content": "{\"properties\":{\"displayName\":\"testDisplay\",\"policyType\":\"Custom\",\"mode\":\"All\",\"description\":\"Updated \",\"metadata\":{\"testName\":\"testValue\",\"createdBy\":\"3d826307-2481-45a0-a271-bcf9333f914a\",\"createdOn\":\"2024-06-15T01:25:05.8311912Z\",\"updatedBy\":\"3d826307-2481-45a0-a271-bcf9333f914a\",\"updatedOn\":\"2024-06-15T01:25:06.7883577Z\"},\"version\":\"1.0.0\",\"policyRule\":{\"if\":{\"source\":\"action\",\"equals\":\"Microsoft.Resources/Subscriptions/ResourceGroups/write\"},\"then\":{\"effect\":\"deny\"}},\"versions\":[\"1.0.0\"]},\"id\":\"/providers/Microsoft.Management/managementGroups/AzGovPerfTest/providers/Microsoft.Authorization/policyDefinitions/psBackcompat-PolicyDefinitionMode02\",\"type\":\"Microsoft.Authorization/policyDefinitions\",\"name\":\"psBackcompat-PolicyDefinitionMode02\",\"systemData\":{\"createdBy\":\"cstack@ntdev.microsoft.com\",\"createdByType\":\"User\",\"createdAt\":\"2024-06-15T01:25:05.7382911Z\",\"lastModifiedBy\":\"cstack@ntdev.microsoft.com\",\"lastModifiedByType\":\"User\",\"lastModifiedAt\":\"2024-06-15T01:25:06.760447Z\"}}",
      "isContentBase64": false
    }
  },
  "Backcompat-PolicyDefinitionMode+[NoContext]+update the policy definition at MG scope specifying the same mode+$GET+https://management.azure.com/providers/Microsoft.Management/managementGroups/AzGovPerfTest/providers/Microsoft.Authorization/policyDefinitions/psBackcompat-PolicyDefinitionMode02?api-version=2023-04-01+1": {
    "Request": {
      "Method": "GET",
      "RequestUri": "https://management.azure.com/providers/Microsoft.Management/managementGroups/AzGovPerfTest/providers/Microsoft.Authorization/policyDefinitions/psBackcompat-PolicyDefinitionMode02?api-version=2023-04-01",
      "Content": null,
      "isContentBase64": false,
      "Headers": {
        "x-ms-unique-id": [ "176" ],
        "x-ms-client-request-id": [ "1e8020e4-e65e-4f05-8f84-035b11fb4007" ],
        "CommandName": [ "\u0026" ],
        "FullCommandName": [ "Get-AzPolicyDefinition_Get1" ],
        "ParameterSetName": [ "__AllParameterSets" ],
        "User-Agent": [ "AzurePowershell/v11.0.0", "PSVersion/v7.4.2", "Az.Policy/0.1.1" ],
        "Authorization": [ "[Filtered]" ]
      },
      "ContentHeaders": {
      }
    },
    "Response": {
      "StatusCode": 200,
      "Headers": {
        "Cache-Control": [ "no-cache" ],
        "Pragma": [ "no-cache" ],
        "Strict-Transport-Security": [ "max-age=31536000; includeSubDomains" ],
        "x-ms-throttling-version": [ "v1" ],
        "x-ms-ratelimit-remaining-tenant-reads": [ "11999" ],
        "x-ms-request-id": [ "a11cfbcd-afc8-4a10-84a0-bffdd4797563" ],
        "x-ms-correlation-request-id": [ "a11cfbcd-afc8-4a10-84a0-bffdd4797563" ],
        "x-ms-routing-request-id": [ "WESTUS2:20240615T012507Z:a11cfbcd-afc8-4a10-84a0-bffdd4797563" ],
        "X-Content-Type-Options": [ "nosniff" ],
        "X-Cache": [ "CONFIG_NOCACHE" ],
        "X-MSEdge-Ref": [ "Ref A: 40BBAD5926F141308671820C048D9405 Ref B: CO6AA3150217035 Ref C: 2024-06-15T01:25:07Z" ],
        "Date": [ "Sat, 15 Jun 2024 01:25:06 GMT" ]
      },
      "ContentHeaders": {
        "Content-Length": [ "995" ],
        "Content-Type": [ "application/json; charset=utf-8" ],
        "Expires": [ "-1" ]
      },
      "Content": "{\"properties\":{\"displayName\":\"testDisplay\",\"policyType\":\"Custom\",\"mode\":\"All\",\"description\":\"Updated \",\"metadata\":{\"testName\":\"testValue\",\"createdBy\":\"3d826307-2481-45a0-a271-bcf9333f914a\",\"createdOn\":\"2024-06-15T01:25:05.8311912Z\",\"updatedBy\":\"3d826307-2481-45a0-a271-bcf9333f914a\",\"updatedOn\":\"2024-06-15T01:25:06.7883577Z\"},\"version\":\"1.0.0\",\"policyRule\":{\"if\":{\"source\":\"action\",\"equals\":\"Microsoft.Resources/Subscriptions/ResourceGroups/write\"},\"then\":{\"effect\":\"deny\"}},\"versions\":[\"1.0.0\"]},\"id\":\"/providers/Microsoft.Management/managementGroups/AzGovPerfTest/providers/Microsoft.Authorization/policyDefinitions/psBackcompat-PolicyDefinitionMode02\",\"type\":\"Microsoft.Authorization/policyDefinitions\",\"name\":\"psBackcompat-PolicyDefinitionMode02\",\"systemData\":{\"createdBy\":\"cstack@ntdev.microsoft.com\",\"createdByType\":\"User\",\"createdAt\":\"2024-06-15T01:25:05.7382911Z\",\"lastModifiedBy\":\"cstack@ntdev.microsoft.com\",\"lastModifiedByType\":\"User\",\"lastModifiedAt\":\"2024-06-15T01:25:06.760447Z\"}}",
      "isContentBase64": false
    }
  },
  "Backcompat-PolicyDefinitionMode+[NoContext]+update the policy definition at MG scope specifying the same mode+$PUT+https://management.azure.com/providers/Microsoft.Management/managementGroups/AzGovPerfTest/providers/Microsoft.Authorization/policyDefinitions/psBackcompat-PolicyDefinitionMode02?api-version=2023-04-01+2": {
    "Request": {
      "Method": "PUT",
      "RequestUri": "https://management.azure.com/providers/Microsoft.Management/managementGroups/AzGovPerfTest/providers/Microsoft.Authorization/policyDefinitions/psBackcompat-PolicyDefinitionMode02?api-version=2023-04-01",
      "Content": "{\r\n  \"properties\": {\r\n    \"mode\": \"All\",\r\n    \"displayName\": \"testDisplay\",\r\n    \"description\": \"Updated \",\r\n    \"policyRule\": {\r\n      \"if\": {\r\n        \"source\": \"action\",\r\n        \"equals\": \"Microsoft.Resources/Subscriptions/ResourceGroups/write\"\r\n      },\r\n      \"then\": {\r\n        \"effect\": \"deny\"\r\n      }\r\n    },\r\n    \"metadata\": {\r\n      \"testName\": \"testValue\"\r\n    }\r\n  }\r\n}",
      "isContentBase64": false,
      "Headers": {
      },
      "ContentHeaders": {
        "Content-Type": [ "application/json" ],
        "Content-Length": [ "383" ]
      }
    },
    "Response": {
      "StatusCode": 201,
      "Headers": {
        "Cache-Control": [ "no-cache" ],
        "Pragma": [ "no-cache" ],
        "Strict-Transport-Security": [ "max-age=31536000; includeSubDomains" ],
        "x-ms-throttling-version": [ "v1" ],
        "x-ms-ratelimit-remaining-tenant-writes": [ "1199" ],
        "x-ms-request-id": [ "ffdd5c24-e6e1-46d4-9227-728c0b5294e0" ],
        "x-ms-correlation-request-id": [ "ffdd5c24-e6e1-46d4-9227-728c0b5294e0" ],
        "x-ms-routing-request-id": [ "WESTUS2:20240615T012507Z:ffdd5c24-e6e1-46d4-9227-728c0b5294e0" ],
        "X-Content-Type-Options": [ "nosniff" ],
        "X-Cache": [ "CONFIG_NOCACHE" ],
        "X-MSEdge-Ref": [ "Ref A: 54F477020D154FCFBD67E662B2D08818 Ref B: CO6AA3150217035 Ref C: 2024-06-15T01:25:07Z" ],
        "Date": [ "Sat, 15 Jun 2024 01:25:06 GMT" ]
      },
      "ContentHeaders": {
        "Content-Length": [ "996" ],
        "Content-Type": [ "application/json; charset=utf-8" ],
        "Expires": [ "-1" ]
      },
      "Content": "{\"properties\":{\"displayName\":\"testDisplay\",\"policyType\":\"Custom\",\"mode\":\"All\",\"description\":\"Updated \",\"metadata\":{\"testName\":\"testValue\",\"createdBy\":\"3d826307-2481-45a0-a271-bcf9333f914a\",\"createdOn\":\"2024-06-15T01:25:05.8311912Z\",\"updatedBy\":\"3d826307-2481-45a0-a271-bcf9333f914a\",\"updatedOn\":\"2024-06-15T01:25:07.4589797Z\"},\"version\":\"1.0.0\",\"policyRule\":{\"if\":{\"source\":\"action\",\"equals\":\"Microsoft.Resources/Subscriptions/ResourceGroups/write\"},\"then\":{\"effect\":\"deny\"}},\"versions\":[\"1.0.0\"]},\"id\":\"/providers/Microsoft.Management/managementGroups/AzGovPerfTest/providers/Microsoft.Authorization/policyDefinitions/psBackcompat-PolicyDefinitionMode02\",\"type\":\"Microsoft.Authorization/policyDefinitions\",\"name\":\"psBackcompat-PolicyDefinitionMode02\",\"systemData\":{\"createdBy\":\"cstack@ntdev.microsoft.com\",\"createdByType\":\"User\",\"createdAt\":\"2024-06-15T01:25:05.7382911Z\",\"lastModifiedBy\":\"cstack@ntdev.microsoft.com\",\"lastModifiedByType\":\"User\",\"lastModifiedAt\":\"2024-06-15T01:25:07.4482179Z\"}}",
      "isContentBase64": false
    }
  },
  "Backcompat-PolicyDefinitionMode+[NoContext]+update the policy definition at MG scope specifying the same mode+$GET+https://management.azure.com/providers/Microsoft.Management/managementGroups/AzGovPerfTest/providers/Microsoft.Authorization/policyDefinitions/psBackcompat-PolicyDefinitionMode02?api-version=2023-04-01+3": {
    "Request": {
      "Method": "GET",
      "RequestUri": "https://management.azure.com/providers/Microsoft.Management/managementGroups/AzGovPerfTest/providers/Microsoft.Authorization/policyDefinitions/psBackcompat-PolicyDefinitionMode02?api-version=2023-04-01",
      "Content": null,
      "isContentBase64": false,
      "Headers": {
        "x-ms-unique-id": [ "178" ],
        "x-ms-client-request-id": [ "df50aad9-637f-4249-a4b6-b9de73f169eb" ],
        "CommandName": [ "\u0026" ],
        "FullCommandName": [ "Get-AzPolicyDefinition_Get1" ],
        "ParameterSetName": [ "__AllParameterSets" ],
        "User-Agent": [ "AzurePowershell/v11.0.0", "PSVersion/v7.4.2", "Az.Policy/0.1.1" ],
        "Authorization": [ "[Filtered]" ]
      },
      "ContentHeaders": {
      }
    },
    "Response": {
      "StatusCode": 200,
      "Headers": {
        "Cache-Control": [ "no-cache" ],
        "Pragma": [ "no-cache" ],
        "Strict-Transport-Security": [ "max-age=31536000; includeSubDomains" ],
        "x-ms-throttling-version": [ "v1" ],
        "x-ms-ratelimit-remaining-tenant-reads": [ "11999" ],
        "x-ms-request-id": [ "06cbb288-9c70-4514-a338-45cfd9907727" ],
        "x-ms-correlation-request-id": [ "06cbb288-9c70-4514-a338-45cfd9907727" ],
        "x-ms-routing-request-id": [ "WESTUS2:20240615T012507Z:06cbb288-9c70-4514-a338-45cfd9907727" ],
        "X-Content-Type-Options": [ "nosniff" ],
        "X-Cache": [ "CONFIG_NOCACHE" ],
        "X-MSEdge-Ref": [ "Ref A: 3C237E92A45A4EAAB61CE63E62B849E3 Ref B: CO6AA3150217035 Ref C: 2024-06-15T01:25:07Z" ],
        "Date": [ "Sat, 15 Jun 2024 01:25:07 GMT" ]
      },
      "ContentHeaders": {
        "Content-Length": [ "996" ],
        "Content-Type": [ "application/json; charset=utf-8" ],
        "Expires": [ "-1" ]
      },
      "Content": "{\"properties\":{\"displayName\":\"testDisplay\",\"policyType\":\"Custom\",\"mode\":\"All\",\"description\":\"Updated \",\"metadata\":{\"testName\":\"testValue\",\"createdBy\":\"3d826307-2481-45a0-a271-bcf9333f914a\",\"createdOn\":\"2024-06-15T01:25:05.8311912Z\",\"updatedBy\":\"3d826307-2481-45a0-a271-bcf9333f914a\",\"updatedOn\":\"2024-06-15T01:25:07.4589797Z\"},\"version\":\"1.0.0\",\"policyRule\":{\"if\":{\"source\":\"action\",\"equals\":\"Microsoft.Resources/Subscriptions/ResourceGroups/write\"},\"then\":{\"effect\":\"deny\"}},\"versions\":[\"1.0.0\"]},\"id\":\"/providers/Microsoft.Management/managementGroups/AzGovPerfTest/providers/Microsoft.Authorization/policyDefinitions/psBackcompat-PolicyDefinitionMode02\",\"type\":\"Microsoft.Authorization/policyDefinitions\",\"name\":\"psBackcompat-PolicyDefinitionMode02\",\"systemData\":{\"createdBy\":\"cstack@ntdev.microsoft.com\",\"createdByType\":\"User\",\"createdAt\":\"2024-06-15T01:25:05.7382911Z\",\"lastModifiedBy\":\"cstack@ntdev.microsoft.com\",\"lastModifiedByType\":\"User\",\"lastModifiedAt\":\"2024-06-15T01:25:07.4482179Z\"}}",
      "isContentBase64": false
    }
  },
  "Backcompat-PolicyDefinitionMode+[NoContext]+update the policy definition at MG scope specifying a different mode+$GET+https://management.azure.com/providers/Microsoft.Management/managementGroups/AzGovPerfTest/providers/Microsoft.Authorization/policyDefinitions/psBackcompat-PolicyDefinitionMode02?api-version=2023-04-01+1": {
    "Request": {
      "Method": "GET",
      "RequestUri": "https://management.azure.com/providers/Microsoft.Management/managementGroups/AzGovPerfTest/providers/Microsoft.Authorization/policyDefinitions/psBackcompat-PolicyDefinitionMode02?api-version=2023-04-01",
      "Content": null,
      "isContentBase64": false,
      "Headers": {
        "x-ms-unique-id": [ "179" ],
        "x-ms-client-request-id": [ "4d860338-3e66-4054-a5b3-d9a0353ebac2" ],
        "CommandName": [ "\u0026" ],
        "FullCommandName": [ "Get-AzPolicyDefinition_Get1" ],
        "ParameterSetName": [ "__AllParameterSets" ],
        "User-Agent": [ "AzurePowershell/v11.0.0", "PSVersion/v7.4.2", "Az.Policy/0.1.1" ],
        "Authorization": [ "[Filtered]" ]
      },
      "ContentHeaders": {
      }
    },
    "Response": {
      "StatusCode": 200,
      "Headers": {
        "Cache-Control": [ "no-cache" ],
        "Pragma": [ "no-cache" ],
        "Strict-Transport-Security": [ "max-age=31536000; includeSubDomains" ],
        "x-ms-throttling-version": [ "v1" ],
        "x-ms-ratelimit-remaining-tenant-reads": [ "11999" ],
        "x-ms-request-id": [ "66d1542a-1025-4ae4-a247-2641123149c0" ],
        "x-ms-correlation-request-id": [ "66d1542a-1025-4ae4-a247-2641123149c0" ],
        "x-ms-routing-request-id": [ "WESTUS2:20240615T012508Z:66d1542a-1025-4ae4-a247-2641123149c0" ],
        "X-Content-Type-Options": [ "nosniff" ],
        "X-Cache": [ "CONFIG_NOCACHE" ],
        "X-MSEdge-Ref": [ "Ref A: 79AE6156AD474FF88C240B8342A4F38C Ref B: CO6AA3150217035 Ref C: 2024-06-15T01:25:08Z" ],
        "Date": [ "Sat, 15 Jun 2024 01:25:07 GMT" ]
      },
      "ContentHeaders": {
        "Content-Length": [ "996" ],
        "Content-Type": [ "application/json; charset=utf-8" ],
        "Expires": [ "-1" ]
      },
      "Content": "{\"properties\":{\"displayName\":\"testDisplay\",\"policyType\":\"Custom\",\"mode\":\"All\",\"description\":\"Updated \",\"metadata\":{\"testName\":\"testValue\",\"createdBy\":\"3d826307-2481-45a0-a271-bcf9333f914a\",\"createdOn\":\"2024-06-15T01:25:05.8311912Z\",\"updatedBy\":\"3d826307-2481-45a0-a271-bcf9333f914a\",\"updatedOn\":\"2024-06-15T01:25:07.4589797Z\"},\"version\":\"1.0.0\",\"policyRule\":{\"if\":{\"source\":\"action\",\"equals\":\"Microsoft.Resources/Subscriptions/ResourceGroups/write\"},\"then\":{\"effect\":\"deny\"}},\"versions\":[\"1.0.0\"]},\"id\":\"/providers/Microsoft.Management/managementGroups/AzGovPerfTest/providers/Microsoft.Authorization/policyDefinitions/psBackcompat-PolicyDefinitionMode02\",\"type\":\"Microsoft.Authorization/policyDefinitions\",\"name\":\"psBackcompat-PolicyDefinitionMode02\",\"systemData\":{\"createdBy\":\"cstack@ntdev.microsoft.com\",\"createdByType\":\"User\",\"createdAt\":\"2024-06-15T01:25:05.7382911Z\",\"lastModifiedBy\":\"cstack@ntdev.microsoft.com\",\"lastModifiedByType\":\"User\",\"lastModifiedAt\":\"2024-06-15T01:25:07.4482179Z\"}}",
      "isContentBase64": false
    }
  },
  "Backcompat-PolicyDefinitionMode+[NoContext]+update the policy definition at MG scope specifying a different mode+$PUT+https://management.azure.com/providers/Microsoft.Management/managementGroups/AzGovPerfTest/providers/Microsoft.Authorization/policyDefinitions/psBackcompat-PolicyDefinitionMode02?api-version=2023-04-01+2": {
    "Request": {
      "Method": "PUT",
      "RequestUri": "https://management.azure.com/providers/Microsoft.Management/managementGroups/AzGovPerfTest/providers/Microsoft.Authorization/policyDefinitions/psBackcompat-PolicyDefinitionMode02?api-version=2023-04-01",
      "Content": "{\r\n  \"properties\": {\r\n    \"mode\": \"Indexed\",\r\n    \"displayName\": \"testDisplay\",\r\n    \"description\": \"Updated \",\r\n    \"policyRule\": {\r\n      \"if\": {\r\n        \"source\": \"action\",\r\n        \"equals\": \"Microsoft.Resources/Subscriptions/ResourceGroups/write\"\r\n      },\r\n      \"then\": {\r\n        \"effect\": \"deny\"\r\n      }\r\n    },\r\n    \"metadata\": {\r\n      \"testName\": \"testValue\"\r\n    }\r\n  }\r\n}",
      "isContentBase64": false,
      "Headers": {
      },
      "ContentHeaders": {
        "Content-Type": [ "application/json" ],
        "Content-Length": [ "387" ]
      }
    },
    "Response": {
      "StatusCode": 201,
      "Headers": {
        "Cache-Control": [ "no-cache" ],
        "Pragma": [ "no-cache" ],
        "Strict-Transport-Security": [ "max-age=31536000; includeSubDomains" ],
        "x-ms-throttling-version": [ "v1" ],
        "x-ms-ratelimit-remaining-tenant-writes": [ "1199" ],
        "x-ms-request-id": [ "d1e85529-8167-42e2-9d25-4f3c19484a7e" ],
        "x-ms-correlation-request-id": [ "d1e85529-8167-42e2-9d25-4f3c19484a7e" ],
        "x-ms-routing-request-id": [ "WESTUS2:20240615T012508Z:d1e85529-8167-42e2-9d25-4f3c19484a7e" ],
        "X-Content-Type-Options": [ "nosniff" ],
        "X-Cache": [ "CONFIG_NOCACHE" ],
        "X-MSEdge-Ref": [ "Ref A: A2960AEDF4CE48FB834F181724DB58D0 Ref B: CO6AA3150217035 Ref C: 2024-06-15T01:25:08Z" ],
        "Date": [ "Sat, 15 Jun 2024 01:25:07 GMT" ]
      },
      "ContentHeaders": {
        "Content-Length": [ "1000" ],
        "Content-Type": [ "application/json; charset=utf-8" ],
        "Expires": [ "-1" ]
      },
      "Content": "{\"properties\":{\"displayName\":\"testDisplay\",\"policyType\":\"Custom\",\"mode\":\"Indexed\",\"description\":\"Updated \",\"metadata\":{\"testName\":\"testValue\",\"createdBy\":\"3d826307-2481-45a0-a271-bcf9333f914a\",\"createdOn\":\"2024-06-15T01:25:05.8311912Z\",\"updatedBy\":\"3d826307-2481-45a0-a271-bcf9333f914a\",\"updatedOn\":\"2024-06-15T01:25:08.3359943Z\"},\"version\":\"1.0.0\",\"policyRule\":{\"if\":{\"source\":\"action\",\"equals\":\"Microsoft.Resources/Subscriptions/ResourceGroups/write\"},\"then\":{\"effect\":\"deny\"}},\"versions\":[\"1.0.0\"]},\"id\":\"/providers/Microsoft.Management/managementGroups/AzGovPerfTest/providers/Microsoft.Authorization/policyDefinitions/psBackcompat-PolicyDefinitionMode02\",\"type\":\"Microsoft.Authorization/policyDefinitions\",\"name\":\"psBackcompat-PolicyDefinitionMode02\",\"systemData\":{\"createdBy\":\"cstack@ntdev.microsoft.com\",\"createdByType\":\"User\",\"createdAt\":\"2024-06-15T01:25:05.7382911Z\",\"lastModifiedBy\":\"cstack@ntdev.microsoft.com\",\"lastModifiedByType\":\"User\",\"lastModifiedAt\":\"2024-06-15T01:25:08.2707396Z\"}}",
      "isContentBase64": false
    }
  },
  "Backcompat-PolicyDefinitionMode+[NoContext]+update the policy definition at MG scope specifying a different mode+$GET+https://management.azure.com/providers/Microsoft.Management/managementGroups/AzGovPerfTest/providers/Microsoft.Authorization/policyDefinitions/psBackcompat-PolicyDefinitionMode02?api-version=2023-04-01+3": {
    "Request": {
      "Method": "GET",
      "RequestUri": "https://management.azure.com/providers/Microsoft.Management/managementGroups/AzGovPerfTest/providers/Microsoft.Authorization/policyDefinitions/psBackcompat-PolicyDefinitionMode02?api-version=2023-04-01",
      "Content": null,
      "isContentBase64": false,
      "Headers": {
        "x-ms-unique-id": [ "181" ],
        "x-ms-client-request-id": [ "5f92e1d0-1dca-4af9-ac94-6b107d22c2dd" ],
        "CommandName": [ "\u0026" ],
        "FullCommandName": [ "Get-AzPolicyDefinition_Get1" ],
        "ParameterSetName": [ "__AllParameterSets" ],
        "User-Agent": [ "AzurePowershell/v11.0.0", "PSVersion/v7.4.2", "Az.Policy/0.1.1" ],
        "Authorization": [ "[Filtered]" ]
      },
      "ContentHeaders": {
      }
    },
    "Response": {
      "StatusCode": 200,
      "Headers": {
        "Cache-Control": [ "no-cache" ],
        "Pragma": [ "no-cache" ],
        "Strict-Transport-Security": [ "max-age=31536000; includeSubDomains" ],
        "x-ms-throttling-version": [ "v1" ],
        "x-ms-ratelimit-remaining-tenant-reads": [ "11999" ],
        "x-ms-request-id": [ "07e5b4f4-5404-4008-9a42-8b71ce5acf47" ],
        "x-ms-correlation-request-id": [ "07e5b4f4-5404-4008-9a42-8b71ce5acf47" ],
        "x-ms-routing-request-id": [ "WESTUS2:20240615T012508Z:07e5b4f4-5404-4008-9a42-8b71ce5acf47" ],
        "X-Content-Type-Options": [ "nosniff" ],
        "X-Cache": [ "CONFIG_NOCACHE" ],
        "X-MSEdge-Ref": [ "Ref A: 208D60E8806C4CB58F555C9EA1E74B58 Ref B: CO6AA3150217035 Ref C: 2024-06-15T01:25:08Z" ],
        "Date": [ "Sat, 15 Jun 2024 01:25:07 GMT" ]
      },
      "ContentHeaders": {
        "Content-Length": [ "1000" ],
        "Content-Type": [ "application/json; charset=utf-8" ],
        "Expires": [ "-1" ]
      },
      "Content": "{\"properties\":{\"displayName\":\"testDisplay\",\"policyType\":\"Custom\",\"mode\":\"Indexed\",\"description\":\"Updated \",\"metadata\":{\"testName\":\"testValue\",\"createdBy\":\"3d826307-2481-45a0-a271-bcf9333f914a\",\"createdOn\":\"2024-06-15T01:25:05.8311912Z\",\"updatedBy\":\"3d826307-2481-45a0-a271-bcf9333f914a\",\"updatedOn\":\"2024-06-15T01:25:08.3359943Z\"},\"version\":\"1.0.0\",\"policyRule\":{\"if\":{\"source\":\"action\",\"equals\":\"Microsoft.Resources/Subscriptions/ResourceGroups/write\"},\"then\":{\"effect\":\"deny\"}},\"versions\":[\"1.0.0\"]},\"id\":\"/providers/Microsoft.Management/managementGroups/AzGovPerfTest/providers/Microsoft.Authorization/policyDefinitions/psBackcompat-PolicyDefinitionMode02\",\"type\":\"Microsoft.Authorization/policyDefinitions\",\"name\":\"psBackcompat-PolicyDefinitionMode02\",\"systemData\":{\"createdBy\":\"cstack@ntdev.microsoft.com\",\"createdByType\":\"User\",\"createdAt\":\"2024-06-15T01:25:05.7382911Z\",\"lastModifiedBy\":\"cstack@ntdev.microsoft.com\",\"lastModifiedByType\":\"User\",\"lastModifiedAt\":\"2024-06-15T01:25:08.2707396Z\"}}",
      "isContentBase64": false
    }
  },
  "Backcompat-PolicyDefinitionMode+[NoContext]+make a policy definition with non-default mode at specific sub scope+$PUT+https://management.azure.com/subscriptions/edb2c18a-04d6-49e9-bc72-e23852f507ad/providers/Microsoft.Authorization/policyDefinitions/psBackcompat-PolicyDefinitionMode03?api-version=2023-04-01+1": {
    "Request": {
      "Method": "PUT",
      "RequestUri": "https://management.azure.com/subscriptions/edb2c18a-04d6-49e9-bc72-e23852f507ad/providers/Microsoft.Authorization/policyDefinitions/psBackcompat-PolicyDefinitionMode03?api-version=2023-04-01",
      "Content": "{\r\n  \"properties\": {\r\n    \"mode\": \"All\",\r\n    \"description\": \"Unit test junk: sorry for littering. Please delete me!\",\r\n    \"policyRule\": {\r\n      \"if\": {\r\n        \"source\": \"action\",\r\n        \"equals\": \"Microsoft.Resources/Subscriptions/ResourceGroups/write\"\r\n      },\r\n      \"then\": {\r\n        \"effect\": \"deny\"\r\n      }\r\n    }\r\n  }\r\n}",
      "isContentBase64": false,
      "Headers": {
      },
      "ContentHeaders": {
        "Content-Type": [ "application/json" ],
        "Content-Length": [ "336" ]
      }
    },
    "Response": {
      "StatusCode": 201,
      "Headers": {
        "Cache-Control": [ "no-cache" ],
        "Pragma": [ "no-cache" ],
        "Strict-Transport-Security": [ "max-age=31536000; includeSubDomains" ],
        "x-ms-throttling-version": [ "v1" ],
        "x-ms-ratelimit-remaining-subscription-writes": [ "1199" ],
        "x-ms-request-id": [ "482cfe2a-1f68-4ee6-a705-e41155800ad5" ],
        "x-ms-correlation-request-id": [ "482cfe2a-1f68-4ee6-a705-e41155800ad5" ],
        "x-ms-routing-request-id": [ "WESTUS2:20240615T012509Z:482cfe2a-1f68-4ee6-a705-e41155800ad5" ],
        "X-Content-Type-Options": [ "nosniff" ],
        "X-Cache": [ "CONFIG_NOCACHE" ],
        "X-MSEdge-Ref": [ "Ref A: FEEE365E822540C8ABF78228C392054E Ref B: CO6AA3150217035 Ref C: 2024-06-15T01:25:08Z" ],
        "Date": [ "Sat, 15 Jun 2024 01:25:08 GMT" ]
      },
      "ContentHeaders": {
        "Content-Length": [ "920" ],
        "Content-Type": [ "application/json; charset=utf-8" ],
        "Expires": [ "-1" ]
      },
      "Content": "{\"properties\":{\"policyType\":\"Custom\",\"mode\":\"All\",\"description\":\"Unit test junk: sorry for littering. Please delete me!\",\"metadata\":{\"createdBy\":\"3d826307-2481-45a0-a271-bcf9333f914a\",\"createdOn\":\"2024-06-15T01:25:08.9685802Z\",\"updatedBy\":null,\"updatedOn\":null},\"version\":\"1.0.0\",\"policyRule\":{\"if\":{\"source\":\"action\",\"equals\":\"Microsoft.Resources/Subscriptions/ResourceGroups/write\"},\"then\":{\"effect\":\"deny\"}},\"versions\":[\"1.0.0\"]},\"id\":\"/subscriptions/edb2c18a-04d6-49e9-bc72-e23852f507ad/providers/Microsoft.Authorization/policyDefinitions/psBackcompat-PolicyDefinitionMode03\",\"type\":\"Microsoft.Authorization/policyDefinitions\",\"name\":\"psBackcompat-PolicyDefinitionMode03\",\"systemData\":{\"createdBy\":\"cstack@ntdev.microsoft.com\",\"createdByType\":\"User\",\"createdAt\":\"2024-06-15T01:25:08.9432227Z\",\"lastModifiedBy\":\"cstack@ntdev.microsoft.com\",\"lastModifiedByType\":\"User\",\"lastModifiedAt\":\"2024-06-15T01:25:08.9432227Z\"}}",
      "isContentBase64": false
    }
  },
  "Backcompat-PolicyDefinitionMode+[NoContext]+make a policy definition with non-default mode at specific sub scope+$GET+https://management.azure.com/subscriptions/edb2c18a-04d6-49e9-bc72-e23852f507ad/providers/Microsoft.Authorization/policyDefinitions/psBackcompat-PolicyDefinitionMode03?api-version=2023-04-01+2": {
    "Request": {
      "Method": "GET",
      "RequestUri": "https://management.azure.com/subscriptions/edb2c18a-04d6-49e9-bc72-e23852f507ad/providers/Microsoft.Authorization/policyDefinitions/psBackcompat-PolicyDefinitionMode03?api-version=2023-04-01",
      "Content": null,
      "isContentBase64": false,
      "Headers": {
        "x-ms-unique-id": [ "183" ],
        "x-ms-client-request-id": [ "5854116b-0ef4-4331-993c-5d9cd76b959d" ],
        "CommandName": [ "\u0026" ],
        "FullCommandName": [ "Get-AzPolicyDefinition_Get" ],
        "ParameterSetName": [ "__AllParameterSets" ],
        "User-Agent": [ "AzurePowershell/v11.0.0", "PSVersion/v7.4.2", "Az.Policy/0.1.1" ],
        "Authorization": [ "[Filtered]" ]
      },
      "ContentHeaders": {
      }
    },
    "Response": {
      "StatusCode": 200,
      "Headers": {
        "Cache-Control": [ "no-cache" ],
        "Pragma": [ "no-cache" ],
        "Strict-Transport-Security": [ "max-age=31536000; includeSubDomains" ],
        "x-ms-throttling-version": [ "v1" ],
        "x-ms-ratelimit-remaining-subscription-reads": [ "11997" ],
        "x-ms-request-id": [ "c536e1d7-9fc5-43ec-8827-160686dd307b" ],
        "x-ms-correlation-request-id": [ "c536e1d7-9fc5-43ec-8827-160686dd307b" ],
        "x-ms-routing-request-id": [ "WESTUS2:20240615T012509Z:c536e1d7-9fc5-43ec-8827-160686dd307b" ],
        "X-Content-Type-Options": [ "nosniff" ],
        "X-Cache": [ "CONFIG_NOCACHE" ],
        "X-MSEdge-Ref": [ "Ref A: 13BCBA0FAE4A4D97AAF1A19E24548E03 Ref B: CO6AA3150217035 Ref C: 2024-06-15T01:25:09Z" ],
        "Date": [ "Sat, 15 Jun 2024 01:25:08 GMT" ]
      },
      "ContentHeaders": {
        "Content-Length": [ "920" ],
        "Content-Type": [ "application/json; charset=utf-8" ],
        "Expires": [ "-1" ]
      },
      "Content": "{\"properties\":{\"policyType\":\"Custom\",\"mode\":\"All\",\"description\":\"Unit test junk: sorry for littering. Please delete me!\",\"metadata\":{\"createdBy\":\"3d826307-2481-45a0-a271-bcf9333f914a\",\"createdOn\":\"2024-06-15T01:25:08.9685802Z\",\"updatedBy\":null,\"updatedOn\":null},\"version\":\"1.0.0\",\"policyRule\":{\"if\":{\"source\":\"action\",\"equals\":\"Microsoft.Resources/Subscriptions/ResourceGroups/write\"},\"then\":{\"effect\":\"deny\"}},\"versions\":[\"1.0.0\"]},\"id\":\"/subscriptions/edb2c18a-04d6-49e9-bc72-e23852f507ad/providers/Microsoft.Authorization/policyDefinitions/psBackcompat-PolicyDefinitionMode03\",\"type\":\"Microsoft.Authorization/policyDefinitions\",\"name\":\"psBackcompat-PolicyDefinitionMode03\",\"systemData\":{\"createdBy\":\"cstack@ntdev.microsoft.com\",\"createdByType\":\"User\",\"createdAt\":\"2024-06-15T01:25:08.9432227Z\",\"lastModifiedBy\":\"cstack@ntdev.microsoft.com\",\"lastModifiedByType\":\"User\",\"lastModifiedAt\":\"2024-06-15T01:25:08.9432227Z\"}}",
      "isContentBase64": false
    }
  },
  "Backcompat-PolicyDefinitionMode+[NoContext]+update the policy definition at specific sub scope without changing mode+$GET+https://management.azure.com/subscriptions/edb2c18a-04d6-49e9-bc72-e23852f507ad/providers/Microsoft.Authorization/policyDefinitions/psBackcompat-PolicyDefinitionMode03?api-version=2023-04-01+1": {
    "Request": {
      "Method": "GET",
      "RequestUri": "https://management.azure.com/subscriptions/edb2c18a-04d6-49e9-bc72-e23852f507ad/providers/Microsoft.Authorization/policyDefinitions/psBackcompat-PolicyDefinitionMode03?api-version=2023-04-01",
      "Content": null,
      "isContentBase64": false,
      "Headers": {
        "x-ms-unique-id": [ "184" ],
        "x-ms-client-request-id": [ "5b2b2326-c5e4-4770-b0df-e9f484434561" ],
        "CommandName": [ "\u0026" ],
        "FullCommandName": [ "Get-AzPolicyDefinition_Get" ],
        "ParameterSetName": [ "__AllParameterSets" ],
        "User-Agent": [ "AzurePowershell/v11.0.0", "PSVersion/v7.4.2", "Az.Policy/0.1.1" ],
        "Authorization": [ "[Filtered]" ]
      },
      "ContentHeaders": {
      }
    },
    "Response": {
      "StatusCode": 200,
      "Headers": {
        "Cache-Control": [ "no-cache" ],
        "Pragma": [ "no-cache" ],
        "Strict-Transport-Security": [ "max-age=31536000; includeSubDomains" ],
        "x-ms-throttling-version": [ "v1" ],
        "x-ms-ratelimit-remaining-subscription-reads": [ "11995" ],
        "x-ms-request-id": [ "fcce09d0-3a88-4f8b-81ff-5aaff9dc441a" ],
        "x-ms-correlation-request-id": [ "fcce09d0-3a88-4f8b-81ff-5aaff9dc441a" ],
        "x-ms-routing-request-id": [ "WESTUS2:20240615T012509Z:fcce09d0-3a88-4f8b-81ff-5aaff9dc441a" ],
        "X-Content-Type-Options": [ "nosniff" ],
        "X-Cache": [ "CONFIG_NOCACHE" ],
        "X-MSEdge-Ref": [ "Ref A: B1C09791658A42839DFF58A76BCF54C4 Ref B: CO6AA3150217035 Ref C: 2024-06-15T01:25:09Z" ],
        "Date": [ "Sat, 15 Jun 2024 01:25:08 GMT" ]
      },
      "ContentHeaders": {
        "Content-Length": [ "920" ],
        "Content-Type": [ "application/json; charset=utf-8" ],
        "Expires": [ "-1" ]
      },
      "Content": "{\"properties\":{\"policyType\":\"Custom\",\"mode\":\"All\",\"description\":\"Unit test junk: sorry for littering. Please delete me!\",\"metadata\":{\"createdBy\":\"3d826307-2481-45a0-a271-bcf9333f914a\",\"createdOn\":\"2024-06-15T01:25:08.9685802Z\",\"updatedBy\":null,\"updatedOn\":null},\"version\":\"1.0.0\",\"policyRule\":{\"if\":{\"source\":\"action\",\"equals\":\"Microsoft.Resources/Subscriptions/ResourceGroups/write\"},\"then\":{\"effect\":\"deny\"}},\"versions\":[\"1.0.0\"]},\"id\":\"/subscriptions/edb2c18a-04d6-49e9-bc72-e23852f507ad/providers/Microsoft.Authorization/policyDefinitions/psBackcompat-PolicyDefinitionMode03\",\"type\":\"Microsoft.Authorization/policyDefinitions\",\"name\":\"psBackcompat-PolicyDefinitionMode03\",\"systemData\":{\"createdBy\":\"cstack@ntdev.microsoft.com\",\"createdByType\":\"User\",\"createdAt\":\"2024-06-15T01:25:08.9432227Z\",\"lastModifiedBy\":\"cstack@ntdev.microsoft.com\",\"lastModifiedByType\":\"User\",\"lastModifiedAt\":\"2024-06-15T01:25:08.9432227Z\"}}",
      "isContentBase64": false
    }
  },
  "Backcompat-PolicyDefinitionMode+[NoContext]+update the policy definition at specific sub scope without changing mode+$PUT+https://management.azure.com/subscriptions/edb2c18a-04d6-49e9-bc72-e23852f507ad/providers/Microsoft.Authorization/policyDefinitions/psBackcompat-PolicyDefinitionMode03?api-version=2023-04-01+2": {
    "Request": {
      "Method": "PUT",
      "RequestUri": "https://management.azure.com/subscriptions/edb2c18a-04d6-49e9-bc72-e23852f507ad/providers/Microsoft.Authorization/policyDefinitions/psBackcompat-PolicyDefinitionMode03?api-version=2023-04-01",
      "Content": "{\r\n  \"properties\": {\r\n    \"mode\": \"All\",\r\n    \"displayName\": \"testDisplay\",\r\n    \"description\": \"Updated \",\r\n    \"policyRule\": {\r\n      \"if\": {\r\n        \"source\": \"action\",\r\n        \"equals\": \"Microsoft.Resources/Subscriptions/ResourceGroups/write\"\r\n      },\r\n      \"then\": {\r\n        \"effect\": \"deny\"\r\n      }\r\n    },\r\n    \"metadata\": {\r\n      \"testName\": \"testValue\"\r\n    }\r\n  }\r\n}",
      "isContentBase64": false,
      "Headers": {
      },
      "ContentHeaders": {
        "Content-Type": [ "application/json" ],
        "Content-Length": [ "383" ]
      }
    },
    "Response": {
      "StatusCode": 201,
      "Headers": {
        "Cache-Control": [ "no-cache" ],
        "Pragma": [ "no-cache" ],
        "Strict-Transport-Security": [ "max-age=31536000; includeSubDomains" ],
        "x-ms-throttling-version": [ "v1" ],
        "x-ms-ratelimit-remaining-subscription-writes": [ "1199" ],
        "x-ms-request-id": [ "dc49689f-1dbe-4c86-9bfc-c2392eb4b0b3" ],
        "x-ms-correlation-request-id": [ "dc49689f-1dbe-4c86-9bfc-c2392eb4b0b3" ],
        "x-ms-routing-request-id": [ "WESTUS2:20240615T012510Z:dc49689f-1dbe-4c86-9bfc-c2392eb4b0b3" ],
        "X-Content-Type-Options": [ "nosniff" ],
        "X-Cache": [ "CONFIG_NOCACHE" ],
        "X-MSEdge-Ref": [ "Ref A: BFFAB8CF705B41F49ABDCB814106A600 Ref B: CO6AA3150217035 Ref C: 2024-06-15T01:25:09Z" ],
        "Date": [ "Sat, 15 Jun 2024 01:25:09 GMT" ]
      },
      "ContentHeaders": {
        "Content-Length": [ "985" ],
        "Content-Type": [ "application/json; charset=utf-8" ],
        "Expires": [ "-1" ]
      },
      "Content": "{\"properties\":{\"displayName\":\"testDisplay\",\"policyType\":\"Custom\",\"mode\":\"All\",\"description\":\"Updated \",\"metadata\":{\"testName\":\"testValue\",\"createdBy\":\"3d826307-2481-45a0-a271-bcf9333f914a\",\"createdOn\":\"2024-06-15T01:25:08.9685802Z\",\"updatedBy\":\"3d826307-2481-45a0-a271-bcf9333f914a\",\"updatedOn\":\"2024-06-15T01:25:09.9872805Z\"},\"version\":\"1.0.0\",\"policyRule\":{\"if\":{\"source\":\"action\",\"equals\":\"Microsoft.Resources/Subscriptions/ResourceGroups/write\"},\"then\":{\"effect\":\"deny\"}},\"versions\":[\"1.0.0\"]},\"id\":\"/subscriptions/edb2c18a-04d6-49e9-bc72-e23852f507ad/providers/Microsoft.Authorization/policyDefinitions/psBackcompat-PolicyDefinitionMode03\",\"type\":\"Microsoft.Authorization/policyDefinitions\",\"name\":\"psBackcompat-PolicyDefinitionMode03\",\"systemData\":{\"createdBy\":\"cstack@ntdev.microsoft.com\",\"createdByType\":\"User\",\"createdAt\":\"2024-06-15T01:25:08.9432227Z\",\"lastModifiedBy\":\"cstack@ntdev.microsoft.com\",\"lastModifiedByType\":\"User\",\"lastModifiedAt\":\"2024-06-15T01:25:09.9875449Z\"}}",
      "isContentBase64": false
    }
  },
  "Backcompat-PolicyDefinitionMode+[NoContext]+update the policy definition at specific sub scope without changing mode+$GET+https://management.azure.com/subscriptions/edb2c18a-04d6-49e9-bc72-e23852f507ad/providers/Microsoft.Authorization/policyDefinitions/psBackcompat-PolicyDefinitionMode03?api-version=2023-04-01+3": {
    "Request": {
      "Method": "GET",
      "RequestUri": "https://management.azure.com/subscriptions/edb2c18a-04d6-49e9-bc72-e23852f507ad/providers/Microsoft.Authorization/policyDefinitions/psBackcompat-PolicyDefinitionMode03?api-version=2023-04-01",
      "Content": null,
      "isContentBase64": false,
      "Headers": {
        "x-ms-unique-id": [ "186" ],
        "x-ms-client-request-id": [ "f63dd7cb-676b-4429-8ea4-9c319e5462e3" ],
        "CommandName": [ "\u0026" ],
        "FullCommandName": [ "Get-AzPolicyDefinition_Get" ],
        "ParameterSetName": [ "__AllParameterSets" ],
        "User-Agent": [ "AzurePowershell/v11.0.0", "PSVersion/v7.4.2", "Az.Policy/0.1.1" ],
        "Authorization": [ "[Filtered]" ]
      },
      "ContentHeaders": {
      }
    },
    "Response": {
      "StatusCode": 200,
      "Headers": {
        "Cache-Control": [ "no-cache" ],
        "Pragma": [ "no-cache" ],
        "Strict-Transport-Security": [ "max-age=31536000; includeSubDomains" ],
        "x-ms-throttling-version": [ "v1" ],
        "x-ms-ratelimit-remaining-subscription-reads": [ "11996" ],
        "x-ms-request-id": [ "3795548a-3f2f-48dc-accd-a4a026d03b46" ],
        "x-ms-correlation-request-id": [ "3795548a-3f2f-48dc-accd-a4a026d03b46" ],
        "x-ms-routing-request-id": [ "WESTUS2:20240615T012510Z:3795548a-3f2f-48dc-accd-a4a026d03b46" ],
        "X-Content-Type-Options": [ "nosniff" ],
        "X-Cache": [ "CONFIG_NOCACHE" ],
        "X-MSEdge-Ref": [ "Ref A: 9088ED7428324A878F0C151CD8568161 Ref B: CO6AA3150217035 Ref C: 2024-06-15T01:25:10Z" ],
        "Date": [ "Sat, 15 Jun 2024 01:25:09 GMT" ]
      },
      "ContentHeaders": {
        "Content-Length": [ "985" ],
        "Content-Type": [ "application/json; charset=utf-8" ],
        "Expires": [ "-1" ]
      },
      "Content": "{\"properties\":{\"displayName\":\"testDisplay\",\"policyType\":\"Custom\",\"mode\":\"All\",\"description\":\"Updated \",\"metadata\":{\"testName\":\"testValue\",\"createdBy\":\"3d826307-2481-45a0-a271-bcf9333f914a\",\"createdOn\":\"2024-06-15T01:25:08.9685802Z\",\"updatedBy\":\"3d826307-2481-45a0-a271-bcf9333f914a\",\"updatedOn\":\"2024-06-15T01:25:09.9872805Z\"},\"version\":\"1.0.0\",\"policyRule\":{\"if\":{\"source\":\"action\",\"equals\":\"Microsoft.Resources/Subscriptions/ResourceGroups/write\"},\"then\":{\"effect\":\"deny\"}},\"versions\":[\"1.0.0\"]},\"id\":\"/subscriptions/edb2c18a-04d6-49e9-bc72-e23852f507ad/providers/Microsoft.Authorization/policyDefinitions/psBackcompat-PolicyDefinitionMode03\",\"type\":\"Microsoft.Authorization/policyDefinitions\",\"name\":\"psBackcompat-PolicyDefinitionMode03\",\"systemData\":{\"createdBy\":\"cstack@ntdev.microsoft.com\",\"createdByType\":\"User\",\"createdAt\":\"2024-06-15T01:25:08.9432227Z\",\"lastModifiedBy\":\"cstack@ntdev.microsoft.com\",\"lastModifiedByType\":\"User\",\"lastModifiedAt\":\"2024-06-15T01:25:09.9875449Z\"}}",
      "isContentBase64": false
    }
  },
  "Backcompat-PolicyDefinitionMode+[NoContext]+update the policy definition at specific sub scope specifying the same mode+$GET+https://management.azure.com/subscriptions/edb2c18a-04d6-49e9-bc72-e23852f507ad/providers/Microsoft.Authorization/policyDefinitions/psBackcompat-PolicyDefinitionMode03?api-version=2023-04-01+1": {
    "Request": {
      "Method": "GET",
      "RequestUri": "https://management.azure.com/subscriptions/edb2c18a-04d6-49e9-bc72-e23852f507ad/providers/Microsoft.Authorization/policyDefinitions/psBackcompat-PolicyDefinitionMode03?api-version=2023-04-01",
      "Content": null,
      "isContentBase64": false,
      "Headers": {
        "x-ms-unique-id": [ "187" ],
        "x-ms-client-request-id": [ "482812db-3284-4ff7-aed8-95f42af81aec" ],
        "CommandName": [ "\u0026" ],
        "FullCommandName": [ "Get-AzPolicyDefinition_Get" ],
        "ParameterSetName": [ "__AllParameterSets" ],
        "User-Agent": [ "AzurePowershell/v11.0.0", "PSVersion/v7.4.2", "Az.Policy/0.1.1" ],
        "Authorization": [ "[Filtered]" ]
      },
      "ContentHeaders": {
      }
    },
    "Response": {
      "StatusCode": 200,
      "Headers": {
        "Cache-Control": [ "no-cache" ],
        "Pragma": [ "no-cache" ],
        "Strict-Transport-Security": [ "max-age=31536000; includeSubDomains" ],
        "x-ms-throttling-version": [ "v1" ],
        "x-ms-ratelimit-remaining-subscription-reads": [ "11999" ],
        "x-ms-request-id": [ "c87b3478-9055-40fd-9f8c-df99e2b6aafb" ],
        "x-ms-correlation-request-id": [ "c87b3478-9055-40fd-9f8c-df99e2b6aafb" ],
        "x-ms-routing-request-id": [ "WESTUS2:20240615T012510Z:c87b3478-9055-40fd-9f8c-df99e2b6aafb" ],
        "X-Content-Type-Options": [ "nosniff" ],
        "X-Cache": [ "CONFIG_NOCACHE" ],
        "X-MSEdge-Ref": [ "Ref A: 4713F55107C74ECAA8008D6FE3EF5850 Ref B: CO6AA3150217035 Ref C: 2024-06-15T01:25:10Z" ],
        "Date": [ "Sat, 15 Jun 2024 01:25:09 GMT" ]
      },
      "ContentHeaders": {
        "Content-Length": [ "985" ],
        "Content-Type": [ "application/json; charset=utf-8" ],
        "Expires": [ "-1" ]
      },
      "Content": "{\"properties\":{\"displayName\":\"testDisplay\",\"policyType\":\"Custom\",\"mode\":\"All\",\"description\":\"Updated \",\"metadata\":{\"testName\":\"testValue\",\"createdBy\":\"3d826307-2481-45a0-a271-bcf9333f914a\",\"createdOn\":\"2024-06-15T01:25:08.9685802Z\",\"updatedBy\":\"3d826307-2481-45a0-a271-bcf9333f914a\",\"updatedOn\":\"2024-06-15T01:25:09.9872805Z\"},\"version\":\"1.0.0\",\"policyRule\":{\"if\":{\"source\":\"action\",\"equals\":\"Microsoft.Resources/Subscriptions/ResourceGroups/write\"},\"then\":{\"effect\":\"deny\"}},\"versions\":[\"1.0.0\"]},\"id\":\"/subscriptions/edb2c18a-04d6-49e9-bc72-e23852f507ad/providers/Microsoft.Authorization/policyDefinitions/psBackcompat-PolicyDefinitionMode03\",\"type\":\"Microsoft.Authorization/policyDefinitions\",\"name\":\"psBackcompat-PolicyDefinitionMode03\",\"systemData\":{\"createdBy\":\"cstack@ntdev.microsoft.com\",\"createdByType\":\"User\",\"createdAt\":\"2024-06-15T01:25:08.9432227Z\",\"lastModifiedBy\":\"cstack@ntdev.microsoft.com\",\"lastModifiedByType\":\"User\",\"lastModifiedAt\":\"2024-06-15T01:25:09.9875449Z\"}}",
      "isContentBase64": false
    }
  },
  "Backcompat-PolicyDefinitionMode+[NoContext]+update the policy definition at specific sub scope specifying the same mode+$PUT+https://management.azure.com/subscriptions/edb2c18a-04d6-49e9-bc72-e23852f507ad/providers/Microsoft.Authorization/policyDefinitions/psBackcompat-PolicyDefinitionMode03?api-version=2023-04-01+2": {
    "Request": {
      "Method": "PUT",
      "RequestUri": "https://management.azure.com/subscriptions/edb2c18a-04d6-49e9-bc72-e23852f507ad/providers/Microsoft.Authorization/policyDefinitions/psBackcompat-PolicyDefinitionMode03?api-version=2023-04-01",
      "Content": "{\r\n  \"properties\": {\r\n    \"mode\": \"All\",\r\n    \"displayName\": \"testDisplay\",\r\n    \"description\": \"Updated \",\r\n    \"policyRule\": {\r\n      \"if\": {\r\n        \"source\": \"action\",\r\n        \"equals\": \"Microsoft.Resources/Subscriptions/ResourceGroups/write\"\r\n      },\r\n      \"then\": {\r\n        \"effect\": \"deny\"\r\n      }\r\n    },\r\n    \"metadata\": {\r\n      \"testName\": \"testValue\"\r\n    }\r\n  }\r\n}",
      "isContentBase64": false,
      "Headers": {
      },
      "ContentHeaders": {
        "Content-Type": [ "application/json" ],
        "Content-Length": [ "383" ]
      }
    },
    "Response": {
      "StatusCode": 201,
      "Headers": {
        "Cache-Control": [ "no-cache" ],
        "Pragma": [ "no-cache" ],
        "Strict-Transport-Security": [ "max-age=31536000; includeSubDomains" ],
        "x-ms-throttling-version": [ "v1" ],
        "x-ms-ratelimit-remaining-subscription-writes": [ "1199" ],
        "x-ms-request-id": [ "f131b1bb-87e6-4d0d-8786-c4e5d5315f65" ],
        "x-ms-correlation-request-id": [ "f131b1bb-87e6-4d0d-8786-c4e5d5315f65" ],
        "x-ms-routing-request-id": [ "WESTUS2:20240615T012511Z:f131b1bb-87e6-4d0d-8786-c4e5d5315f65" ],
        "X-Content-Type-Options": [ "nosniff" ],
        "X-Cache": [ "CONFIG_NOCACHE" ],
        "X-MSEdge-Ref": [ "Ref A: 9D8F0880748F42D4AC268FF5C7E1AC1E Ref B: CO6AA3150217035 Ref C: 2024-06-15T01:25:10Z" ],
        "Date": [ "Sat, 15 Jun 2024 01:25:10 GMT" ]
      },
      "ContentHeaders": {
        "Content-Length": [ "985" ],
        "Content-Type": [ "application/json; charset=utf-8" ],
        "Expires": [ "-1" ]
      },
      "Content": "{\"properties\":{\"displayName\":\"testDisplay\",\"policyType\":\"Custom\",\"mode\":\"All\",\"description\":\"Updated \",\"metadata\":{\"testName\":\"testValue\",\"createdBy\":\"3d826307-2481-45a0-a271-bcf9333f914a\",\"createdOn\":\"2024-06-15T01:25:08.9685802Z\",\"updatedBy\":\"3d826307-2481-45a0-a271-bcf9333f914a\",\"updatedOn\":\"2024-06-15T01:25:11.0760283Z\"},\"version\":\"1.0.0\",\"policyRule\":{\"if\":{\"source\":\"action\",\"equals\":\"Microsoft.Resources/Subscriptions/ResourceGroups/write\"},\"then\":{\"effect\":\"deny\"}},\"versions\":[\"1.0.0\"]},\"id\":\"/subscriptions/edb2c18a-04d6-49e9-bc72-e23852f507ad/providers/Microsoft.Authorization/policyDefinitions/psBackcompat-PolicyDefinitionMode03\",\"type\":\"Microsoft.Authorization/policyDefinitions\",\"name\":\"psBackcompat-PolicyDefinitionMode03\",\"systemData\":{\"createdBy\":\"cstack@ntdev.microsoft.com\",\"createdByType\":\"User\",\"createdAt\":\"2024-06-15T01:25:08.9432227Z\",\"lastModifiedBy\":\"cstack@ntdev.microsoft.com\",\"lastModifiedByType\":\"User\",\"lastModifiedAt\":\"2024-06-15T01:25:11.0452513Z\"}}",
      "isContentBase64": false
    }
  },
  "Backcompat-PolicyDefinitionMode+[NoContext]+update the policy definition at specific sub scope specifying the same mode+$GET+https://management.azure.com/subscriptions/edb2c18a-04d6-49e9-bc72-e23852f507ad/providers/Microsoft.Authorization/policyDefinitions/psBackcompat-PolicyDefinitionMode03?api-version=2023-04-01+3": {
    "Request": {
      "Method": "GET",
      "RequestUri": "https://management.azure.com/subscriptions/edb2c18a-04d6-49e9-bc72-e23852f507ad/providers/Microsoft.Authorization/policyDefinitions/psBackcompat-PolicyDefinitionMode03?api-version=2023-04-01",
      "Content": null,
      "isContentBase64": false,
      "Headers": {
        "x-ms-unique-id": [ "189" ],
        "x-ms-client-request-id": [ "d03e4a4e-288c-4a0e-b977-45496e6909e1" ],
        "CommandName": [ "\u0026" ],
        "FullCommandName": [ "Get-AzPolicyDefinition_Get" ],
        "ParameterSetName": [ "__AllParameterSets" ],
        "User-Agent": [ "AzurePowershell/v11.0.0", "PSVersion/v7.4.2", "Az.Policy/0.1.1" ],
        "Authorization": [ "[Filtered]" ]
      },
      "ContentHeaders": {
      }
    },
    "Response": {
      "StatusCode": 200,
      "Headers": {
        "Cache-Control": [ "no-cache" ],
        "Pragma": [ "no-cache" ],
        "Strict-Transport-Security": [ "max-age=31536000; includeSubDomains" ],
        "x-ms-throttling-version": [ "v1" ],
        "x-ms-ratelimit-remaining-subscription-reads": [ "11996" ],
        "x-ms-request-id": [ "99411fa6-4589-4903-9bd8-784e0639aa10" ],
        "x-ms-correlation-request-id": [ "99411fa6-4589-4903-9bd8-784e0639aa10" ],
        "x-ms-routing-request-id": [ "WESTUS2:20240615T012511Z:99411fa6-4589-4903-9bd8-784e0639aa10" ],
        "X-Content-Type-Options": [ "nosniff" ],
        "X-Cache": [ "CONFIG_NOCACHE" ],
        "X-MSEdge-Ref": [ "Ref A: DFC35F31C9A24120A58146C93108E7D5 Ref B: CO6AA3150217035 Ref C: 2024-06-15T01:25:11Z" ],
        "Date": [ "Sat, 15 Jun 2024 01:25:10 GMT" ]
      },
      "ContentHeaders": {
        "Content-Length": [ "985" ],
        "Content-Type": [ "application/json; charset=utf-8" ],
        "Expires": [ "-1" ]
      },
      "Content": "{\"properties\":{\"displayName\":\"testDisplay\",\"policyType\":\"Custom\",\"mode\":\"All\",\"description\":\"Updated \",\"metadata\":{\"testName\":\"testValue\",\"createdBy\":\"3d826307-2481-45a0-a271-bcf9333f914a\",\"createdOn\":\"2024-06-15T01:25:08.9685802Z\",\"updatedBy\":\"3d826307-2481-45a0-a271-bcf9333f914a\",\"updatedOn\":\"2024-06-15T01:25:11.0760283Z\"},\"version\":\"1.0.0\",\"policyRule\":{\"if\":{\"source\":\"action\",\"equals\":\"Microsoft.Resources/Subscriptions/ResourceGroups/write\"},\"then\":{\"effect\":\"deny\"}},\"versions\":[\"1.0.0\"]},\"id\":\"/subscriptions/edb2c18a-04d6-49e9-bc72-e23852f507ad/providers/Microsoft.Authorization/policyDefinitions/psBackcompat-PolicyDefinitionMode03\",\"type\":\"Microsoft.Authorization/policyDefinitions\",\"name\":\"psBackcompat-PolicyDefinitionMode03\",\"systemData\":{\"createdBy\":\"cstack@ntdev.microsoft.com\",\"createdByType\":\"User\",\"createdAt\":\"2024-06-15T01:25:08.9432227Z\",\"lastModifiedBy\":\"cstack@ntdev.microsoft.com\",\"lastModifiedByType\":\"User\",\"lastModifiedAt\":\"2024-06-15T01:25:11.0452513Z\"}}",
      "isContentBase64": false
    }
  },
  "Backcompat-PolicyDefinitionMode+[NoContext]+update the policy definition at specific sub scope specifying a different mode+$GET+https://management.azure.com/subscriptions/edb2c18a-04d6-49e9-bc72-e23852f507ad/providers/Microsoft.Authorization/policyDefinitions/psBackcompat-PolicyDefinitionMode03?api-version=2023-04-01+1": {
    "Request": {
      "Method": "GET",
      "RequestUri": "https://management.azure.com/subscriptions/edb2c18a-04d6-49e9-bc72-e23852f507ad/providers/Microsoft.Authorization/policyDefinitions/psBackcompat-PolicyDefinitionMode03?api-version=2023-04-01",
      "Content": null,
      "isContentBase64": false,
      "Headers": {
        "x-ms-unique-id": [ "190" ],
        "x-ms-client-request-id": [ "ef249c28-6847-4c72-826c-36fb8880d929" ],
        "CommandName": [ "\u0026" ],
        "FullCommandName": [ "Get-AzPolicyDefinition_Get" ],
        "ParameterSetName": [ "__AllParameterSets" ],
        "User-Agent": [ "AzurePowershell/v11.0.0", "PSVersion/v7.4.2", "Az.Policy/0.1.1" ],
        "Authorization": [ "[Filtered]" ]
      },
      "ContentHeaders": {
      }
    },
    "Response": {
      "StatusCode": 200,
      "Headers": {
        "Cache-Control": [ "no-cache" ],
        "Pragma": [ "no-cache" ],
        "Strict-Transport-Security": [ "max-age=31536000; includeSubDomains" ],
        "x-ms-throttling-version": [ "v1" ],
        "x-ms-ratelimit-remaining-subscription-reads": [ "11997" ],
        "x-ms-request-id": [ "b3c2415e-6475-4182-866f-ad6414294cdf" ],
        "x-ms-correlation-request-id": [ "b3c2415e-6475-4182-866f-ad6414294cdf" ],
        "x-ms-routing-request-id": [ "WESTUS2:20240615T012511Z:b3c2415e-6475-4182-866f-ad6414294cdf" ],
        "X-Content-Type-Options": [ "nosniff" ],
        "X-Cache": [ "CONFIG_NOCACHE" ],
        "X-MSEdge-Ref": [ "Ref A: B57EEF73B0B84F89AC4877DC47E4EE86 Ref B: CO6AA3150217035 Ref C: 2024-06-15T01:25:11Z" ],
        "Date": [ "Sat, 15 Jun 2024 01:25:10 GMT" ]
      },
      "ContentHeaders": {
        "Content-Length": [ "985" ],
        "Content-Type": [ "application/json; charset=utf-8" ],
        "Expires": [ "-1" ]
      },
      "Content": "{\"properties\":{\"displayName\":\"testDisplay\",\"policyType\":\"Custom\",\"mode\":\"All\",\"description\":\"Updated \",\"metadata\":{\"testName\":\"testValue\",\"createdBy\":\"3d826307-2481-45a0-a271-bcf9333f914a\",\"createdOn\":\"2024-06-15T01:25:08.9685802Z\",\"updatedBy\":\"3d826307-2481-45a0-a271-bcf9333f914a\",\"updatedOn\":\"2024-06-15T01:25:11.0760283Z\"},\"version\":\"1.0.0\",\"policyRule\":{\"if\":{\"source\":\"action\",\"equals\":\"Microsoft.Resources/Subscriptions/ResourceGroups/write\"},\"then\":{\"effect\":\"deny\"}},\"versions\":[\"1.0.0\"]},\"id\":\"/subscriptions/edb2c18a-04d6-49e9-bc72-e23852f507ad/providers/Microsoft.Authorization/policyDefinitions/psBackcompat-PolicyDefinitionMode03\",\"type\":\"Microsoft.Authorization/policyDefinitions\",\"name\":\"psBackcompat-PolicyDefinitionMode03\",\"systemData\":{\"createdBy\":\"cstack@ntdev.microsoft.com\",\"createdByType\":\"User\",\"createdAt\":\"2024-06-15T01:25:08.9432227Z\",\"lastModifiedBy\":\"cstack@ntdev.microsoft.com\",\"lastModifiedByType\":\"User\",\"lastModifiedAt\":\"2024-06-15T01:25:11.0452513Z\"}}",
      "isContentBase64": false
    }
  },
  "Backcompat-PolicyDefinitionMode+[NoContext]+update the policy definition at specific sub scope specifying a different mode+$PUT+https://management.azure.com/subscriptions/edb2c18a-04d6-49e9-bc72-e23852f507ad/providers/Microsoft.Authorization/policyDefinitions/psBackcompat-PolicyDefinitionMode03?api-version=2023-04-01+2": {
    "Request": {
      "Method": "PUT",
      "RequestUri": "https://management.azure.com/subscriptions/edb2c18a-04d6-49e9-bc72-e23852f507ad/providers/Microsoft.Authorization/policyDefinitions/psBackcompat-PolicyDefinitionMode03?api-version=2023-04-01",
      "Content": "{\r\n  \"properties\": {\r\n    \"mode\": \"Indexed\",\r\n    \"displayName\": \"testDisplay\",\r\n    \"description\": \"Updated \",\r\n    \"policyRule\": {\r\n      \"if\": {\r\n        \"source\": \"action\",\r\n        \"equals\": \"Microsoft.Resources/Subscriptions/ResourceGroups/write\"\r\n      },\r\n      \"then\": {\r\n        \"effect\": \"deny\"\r\n      }\r\n    },\r\n    \"metadata\": {\r\n      \"testName\": \"testValue\"\r\n    }\r\n  }\r\n}",
      "isContentBase64": false,
      "Headers": {
      },
      "ContentHeaders": {
        "Content-Type": [ "application/json" ],
        "Content-Length": [ "387" ]
      }
    },
    "Response": {
      "StatusCode": 201,
      "Headers": {
        "Cache-Control": [ "no-cache" ],
        "Pragma": [ "no-cache" ],
        "Strict-Transport-Security": [ "max-age=31536000; includeSubDomains" ],
        "x-ms-throttling-version": [ "v1" ],
        "x-ms-ratelimit-remaining-subscription-writes": [ "1199" ],
        "x-ms-request-id": [ "9a757bfb-8239-4a8b-8b4e-cf72bd46eb0a" ],
        "x-ms-correlation-request-id": [ "9a757bfb-8239-4a8b-8b4e-cf72bd46eb0a" ],
        "x-ms-routing-request-id": [ "WESTUS2:20240615T012512Z:9a757bfb-8239-4a8b-8b4e-cf72bd46eb0a" ],
        "X-Content-Type-Options": [ "nosniff" ],
        "X-Cache": [ "CONFIG_NOCACHE" ],
        "X-MSEdge-Ref": [ "Ref A: 4D0FA0288C5D406689EB6C65B7F633F0 Ref B: CO6AA3150217035 Ref C: 2024-06-15T01:25:11Z" ],
        "Date": [ "Sat, 15 Jun 2024 01:25:11 GMT" ]
      },
      "ContentHeaders": {
        "Content-Length": [ "989" ],
        "Content-Type": [ "application/json; charset=utf-8" ],
        "Expires": [ "-1" ]
      },
      "Content": "{\"properties\":{\"displayName\":\"testDisplay\",\"policyType\":\"Custom\",\"mode\":\"Indexed\",\"description\":\"Updated \",\"metadata\":{\"testName\":\"testValue\",\"createdBy\":\"3d826307-2481-45a0-a271-bcf9333f914a\",\"createdOn\":\"2024-06-15T01:25:08.9685802Z\",\"updatedBy\":\"3d826307-2481-45a0-a271-bcf9333f914a\",\"updatedOn\":\"2024-06-15T01:25:11.7949123Z\"},\"version\":\"1.0.0\",\"policyRule\":{\"if\":{\"source\":\"action\",\"equals\":\"Microsoft.Resources/Subscriptions/ResourceGroups/write\"},\"then\":{\"effect\":\"deny\"}},\"versions\":[\"1.0.0\"]},\"id\":\"/subscriptions/edb2c18a-04d6-49e9-bc72-e23852f507ad/providers/Microsoft.Authorization/policyDefinitions/psBackcompat-PolicyDefinitionMode03\",\"type\":\"Microsoft.Authorization/policyDefinitions\",\"name\":\"psBackcompat-PolicyDefinitionMode03\",\"systemData\":{\"createdBy\":\"cstack@ntdev.microsoft.com\",\"createdByType\":\"User\",\"createdAt\":\"2024-06-15T01:25:08.9432227Z\",\"lastModifiedBy\":\"cstack@ntdev.microsoft.com\",\"lastModifiedByType\":\"User\",\"lastModifiedAt\":\"2024-06-15T01:25:11.7788884Z\"}}",
      "isContentBase64": false
    }
  },
  "Backcompat-PolicyDefinitionMode+[NoContext]+update the policy definition at specific sub scope specifying a different mode+$GET+https://management.azure.com/subscriptions/edb2c18a-04d6-49e9-bc72-e23852f507ad/providers/Microsoft.Authorization/policyDefinitions/psBackcompat-PolicyDefinitionMode03?api-version=2023-04-01+3": {
    "Request": {
      "Method": "GET",
      "RequestUri": "https://management.azure.com/subscriptions/edb2c18a-04d6-49e9-bc72-e23852f507ad/providers/Microsoft.Authorization/policyDefinitions/psBackcompat-PolicyDefinitionMode03?api-version=2023-04-01",
      "Content": null,
      "isContentBase64": false,
      "Headers": {
        "x-ms-unique-id": [ "192" ],
        "x-ms-client-request-id": [ "d6a8475f-c247-4709-8fff-b82f403de85a" ],
        "CommandName": [ "\u0026" ],
        "FullCommandName": [ "Get-AzPolicyDefinition_Get" ],
        "ParameterSetName": [ "__AllParameterSets" ],
        "User-Agent": [ "AzurePowershell/v11.0.0", "PSVersion/v7.4.2", "Az.Policy/0.1.1" ],
        "Authorization": [ "[Filtered]" ]
      },
      "ContentHeaders": {
      }
    },
    "Response": {
      "StatusCode": 200,
      "Headers": {
        "Cache-Control": [ "no-cache" ],
        "Pragma": [ "no-cache" ],
        "Strict-Transport-Security": [ "max-age=31536000; includeSubDomains" ],
        "x-ms-throttling-version": [ "v1" ],
        "x-ms-ratelimit-remaining-subscription-reads": [ "11996" ],
        "x-ms-request-id": [ "5a63ee2e-f995-4df2-9003-903af8a8f356" ],
        "x-ms-correlation-request-id": [ "5a63ee2e-f995-4df2-9003-903af8a8f356" ],
        "x-ms-routing-request-id": [ "WESTUS2:20240615T012512Z:5a63ee2e-f995-4df2-9003-903af8a8f356" ],
        "X-Content-Type-Options": [ "nosniff" ],
        "X-Cache": [ "CONFIG_NOCACHE" ],
        "X-MSEdge-Ref": [ "Ref A: E95C1A6C5E4D470CBC29B6FDB96FB28B Ref B: CO6AA3150217035 Ref C: 2024-06-15T01:25:12Z" ],
        "Date": [ "Sat, 15 Jun 2024 01:25:11 GMT" ]
      },
      "ContentHeaders": {
        "Content-Length": [ "989" ],
        "Content-Type": [ "application/json; charset=utf-8" ],
        "Expires": [ "-1" ]
      },
      "Content": "{\"properties\":{\"displayName\":\"testDisplay\",\"policyType\":\"Custom\",\"mode\":\"Indexed\",\"description\":\"Updated \",\"metadata\":{\"testName\":\"testValue\",\"createdBy\":\"3d826307-2481-45a0-a271-bcf9333f914a\",\"createdOn\":\"2024-06-15T01:25:08.9685802Z\",\"updatedBy\":\"3d826307-2481-45a0-a271-bcf9333f914a\",\"updatedOn\":\"2024-06-15T01:25:11.7949123Z\"},\"version\":\"1.0.0\",\"policyRule\":{\"if\":{\"source\":\"action\",\"equals\":\"Microsoft.Resources/Subscriptions/ResourceGroups/write\"},\"then\":{\"effect\":\"deny\"}},\"versions\":[\"1.0.0\"]},\"id\":\"/subscriptions/edb2c18a-04d6-49e9-bc72-e23852f507ad/providers/Microsoft.Authorization/policyDefinitions/psBackcompat-PolicyDefinitionMode03\",\"type\":\"Microsoft.Authorization/policyDefinitions\",\"name\":\"psBackcompat-PolicyDefinitionMode03\",\"systemData\":{\"createdBy\":\"cstack@ntdev.microsoft.com\",\"createdByType\":\"User\",\"createdAt\":\"2024-06-15T01:25:08.9432227Z\",\"lastModifiedBy\":\"cstack@ntdev.microsoft.com\",\"lastModifiedByType\":\"User\",\"lastModifiedAt\":\"2024-06-15T01:25:11.7788884Z\"}}",
      "isContentBase64": false
    }
  },
  "Backcompat-PolicyDefinitionMode+[NoContext]+make a policy definition with dataplane mode at specific sub scope+$PUT+https://management.azure.com/subscriptions/edb2c18a-04d6-49e9-bc72-e23852f507ad/providers/Microsoft.Authorization/policyDefinitions/psBackcompat-PolicyDefinitionMode04?api-version=2023-04-01+1": {
    "Request": {
      "Method": "PUT",
      "RequestUri": "https://management.azure.com/subscriptions/edb2c18a-04d6-49e9-bc72-e23852f507ad/providers/Microsoft.Authorization/policyDefinitions/psBackcompat-PolicyDefinitionMode04?api-version=2023-04-01",
      "Content": "{\r\n  \"properties\": {\r\n    \"mode\": \"Microsoft.KeyVault.Data\",\r\n    \"description\": \"Unit test junk: sorry for littering. Please delete me!\",\r\n    \"policyRule\": {\r\n      \"if\": {\r\n        \"field\": \"Microsoft.KeyVault.Data/vaults/certificates/issuer.commonName\",\r\n        \"equals\": \"foo\"\r\n      },\r\n      \"then\": {\r\n        \"effect\": \"Audit\"\r\n      }\r\n    }\r\n  }\r\n}",
      "isContentBase64": false,
      "Headers": {
      },
      "ContentHeaders": {
        "Content-Type": [ "application/json" ],
        "Content-Length": [ "360" ]
      }
    },
    "Response": {
      "StatusCode": 201,
      "Headers": {
        "Cache-Control": [ "no-cache" ],
        "Pragma": [ "no-cache" ],
        "Strict-Transport-Security": [ "max-age=31536000; includeSubDomains" ],
        "x-ms-throttling-version": [ "v1" ],
        "x-ms-ratelimit-remaining-subscription-writes": [ "1198" ],
        "x-ms-request-id": [ "c5d08d22-8f61-47cb-b849-02cd2b75c1c2" ],
        "x-ms-correlation-request-id": [ "c5d08d22-8f61-47cb-b849-02cd2b75c1c2" ],
        "x-ms-routing-request-id": [ "WESTUS2:20240615T012512Z:c5d08d22-8f61-47cb-b849-02cd2b75c1c2" ],
        "X-Content-Type-Options": [ "nosniff" ],
        "X-Cache": [ "CONFIG_NOCACHE" ],
        "X-MSEdge-Ref": [ "Ref A: 2B57A1CE9CEA484593D9AA1CD1ACA567 Ref B: CO6AA3150217035 Ref C: 2024-06-15T01:25:12Z" ],
        "Date": [ "Sat, 15 Jun 2024 01:25:11 GMT" ]
      },
      "ContentHeaders": {
        "Content-Length": [ "944" ],
        "Content-Type": [ "application/json; charset=utf-8" ],
        "Expires": [ "-1" ]
      },
      "Content": "{\"properties\":{\"policyType\":\"Custom\",\"mode\":\"Microsoft.KeyVault.Data\",\"description\":\"Unit test junk: sorry for littering. Please delete me!\",\"metadata\":{\"createdBy\":\"3d826307-2481-45a0-a271-bcf9333f914a\",\"createdOn\":\"2024-06-15T01:25:12.4260818Z\",\"updatedBy\":null,\"updatedOn\":null},\"version\":\"1.0.0\",\"policyRule\":{\"if\":{\"field\":\"Microsoft.KeyVault.Data/vaults/certificates/issuer.commonName\",\"equals\":\"foo\"},\"then\":{\"effect\":\"Audit\"}},\"versions\":[\"1.0.0\"]},\"id\":\"/subscriptions/edb2c18a-04d6-49e9-bc72-e23852f507ad/providers/Microsoft.Authorization/policyDefinitions/psBackcompat-PolicyDefinitionMode04\",\"type\":\"Microsoft.Authorization/policyDefinitions\",\"name\":\"psBackcompat-PolicyDefinitionMode04\",\"systemData\":{\"createdBy\":\"cstack@ntdev.microsoft.com\",\"createdByType\":\"User\",\"createdAt\":\"2024-06-15T01:25:12.4179999Z\",\"lastModifiedBy\":\"cstack@ntdev.microsoft.com\",\"lastModifiedByType\":\"User\",\"lastModifiedAt\":\"2024-06-15T01:25:12.4179999Z\"}}",
      "isContentBase64": false
    }
  },
  "Backcompat-PolicyDefinitionMode+[NoContext]+make a policy definition with dataplane mode at specific sub scope+$GET+https://management.azure.com/subscriptions/edb2c18a-04d6-49e9-bc72-e23852f507ad/providers/Microsoft.Authorization/policyDefinitions/psBackcompat-PolicyDefinitionMode04?api-version=2023-04-01+2": {
    "Request": {
      "Method": "GET",
      "RequestUri": "https://management.azure.com/subscriptions/edb2c18a-04d6-49e9-bc72-e23852f507ad/providers/Microsoft.Authorization/policyDefinitions/psBackcompat-PolicyDefinitionMode04?api-version=2023-04-01",
      "Content": null,
      "isContentBase64": false,
      "Headers": {
        "x-ms-unique-id": [ "194" ],
        "x-ms-client-request-id": [ "9da00c4b-ed49-4b9e-8ed0-2f96f9693225" ],
        "CommandName": [ "\u0026" ],
        "FullCommandName": [ "Get-AzPolicyDefinition_Get" ],
        "ParameterSetName": [ "__AllParameterSets" ],
        "User-Agent": [ "AzurePowershell/v11.0.0", "PSVersion/v7.4.2", "Az.Policy/0.1.1" ],
        "Authorization": [ "[Filtered]" ]
      },
      "ContentHeaders": {
      }
    },
    "Response": {
      "StatusCode": 200,
      "Headers": {
        "Cache-Control": [ "no-cache" ],
        "Pragma": [ "no-cache" ],
        "Strict-Transport-Security": [ "max-age=31536000; includeSubDomains" ],
        "x-ms-throttling-version": [ "v1" ],
        "x-ms-ratelimit-remaining-subscription-reads": [ "11995" ],
        "x-ms-request-id": [ "57965804-a615-4735-8dd3-13c6cefeacb9" ],
        "x-ms-correlation-request-id": [ "57965804-a615-4735-8dd3-13c6cefeacb9" ],
        "x-ms-routing-request-id": [ "WESTUS2:20240615T012512Z:57965804-a615-4735-8dd3-13c6cefeacb9" ],
        "X-Content-Type-Options": [ "nosniff" ],
        "X-Cache": [ "CONFIG_NOCACHE" ],
        "X-MSEdge-Ref": [ "Ref A: 1F187967DDF14978A93D317134C49642 Ref B: CO6AA3150217035 Ref C: 2024-06-15T01:25:12Z" ],
        "Date": [ "Sat, 15 Jun 2024 01:25:12 GMT" ]
      },
      "ContentHeaders": {
        "Content-Length": [ "944" ],
        "Content-Type": [ "application/json; charset=utf-8" ],
        "Expires": [ "-1" ]
      },
      "Content": "{\"properties\":{\"policyType\":\"Custom\",\"mode\":\"Microsoft.KeyVault.Data\",\"description\":\"Unit test junk: sorry for littering. Please delete me!\",\"metadata\":{\"createdBy\":\"3d826307-2481-45a0-a271-bcf9333f914a\",\"createdOn\":\"2024-06-15T01:25:12.4260818Z\",\"updatedBy\":null,\"updatedOn\":null},\"version\":\"1.0.0\",\"policyRule\":{\"if\":{\"field\":\"Microsoft.KeyVault.Data/vaults/certificates/issuer.commonName\",\"equals\":\"foo\"},\"then\":{\"effect\":\"Audit\"}},\"versions\":[\"1.0.0\"]},\"id\":\"/subscriptions/edb2c18a-04d6-49e9-bc72-e23852f507ad/providers/Microsoft.Authorization/policyDefinitions/psBackcompat-PolicyDefinitionMode04\",\"type\":\"Microsoft.Authorization/policyDefinitions\",\"name\":\"psBackcompat-PolicyDefinitionMode04\",\"systemData\":{\"createdBy\":\"cstack@ntdev.microsoft.com\",\"createdByType\":\"User\",\"createdAt\":\"2024-06-15T01:25:12.4179999Z\",\"lastModifiedBy\":\"cstack@ntdev.microsoft.com\",\"lastModifiedByType\":\"User\",\"lastModifiedAt\":\"2024-06-15T01:25:12.4179999Z\"}}",
      "isContentBase64": false
    }
  },
  "Backcompat-PolicyDefinitionMode+[NoContext]+update policy definition at specific sub scope without changing mode+$GET+https://management.azure.com/subscriptions/edb2c18a-04d6-49e9-bc72-e23852f507ad/providers/Microsoft.Authorization/policyDefinitions/psBackcompat-PolicyDefinitionMode04?api-version=2023-04-01+1": {
    "Request": {
      "Method": "GET",
      "RequestUri": "https://management.azure.com/subscriptions/edb2c18a-04d6-49e9-bc72-e23852f507ad/providers/Microsoft.Authorization/policyDefinitions/psBackcompat-PolicyDefinitionMode04?api-version=2023-04-01",
      "Content": null,
      "isContentBase64": false,
      "Headers": {
        "x-ms-unique-id": [ "195" ],
        "x-ms-client-request-id": [ "5fc8882f-bdc6-441f-9d9e-d80510335f71" ],
        "CommandName": [ "\u0026" ],
        "FullCommandName": [ "Get-AzPolicyDefinition_Get" ],
        "ParameterSetName": [ "__AllParameterSets" ],
        "User-Agent": [ "AzurePowershell/v11.0.0", "PSVersion/v7.4.2", "Az.Policy/0.1.1" ],
        "Authorization": [ "[Filtered]" ]
      },
      "ContentHeaders": {
      }
    },
    "Response": {
      "StatusCode": 200,
      "Headers": {
        "Cache-Control": [ "no-cache" ],
        "Pragma": [ "no-cache" ],
        "Strict-Transport-Security": [ "max-age=31536000; includeSubDomains" ],
        "x-ms-throttling-version": [ "v1" ],
        "x-ms-ratelimit-remaining-subscription-reads": [ "11996" ],
        "x-ms-request-id": [ "f4ea4b8d-82ff-422b-84c6-13bdf4373cf6" ],
        "x-ms-correlation-request-id": [ "f4ea4b8d-82ff-422b-84c6-13bdf4373cf6" ],
        "x-ms-routing-request-id": [ "WESTUS2:20240615T012513Z:f4ea4b8d-82ff-422b-84c6-13bdf4373cf6" ],
        "X-Content-Type-Options": [ "nosniff" ],
        "X-Cache": [ "CONFIG_NOCACHE" ],
        "X-MSEdge-Ref": [ "Ref A: 62E7F70C60B84B80AFDBE82AA4BAAED5 Ref B: CO6AA3150217035 Ref C: 2024-06-15T01:25:13Z" ],
        "Date": [ "Sat, 15 Jun 2024 01:25:12 GMT" ]
      },
      "ContentHeaders": {
        "Content-Length": [ "944" ],
        "Content-Type": [ "application/json; charset=utf-8" ],
        "Expires": [ "-1" ]
      },
      "Content": "{\"properties\":{\"policyType\":\"Custom\",\"mode\":\"Microsoft.KeyVault.Data\",\"description\":\"Unit test junk: sorry for littering. Please delete me!\",\"metadata\":{\"createdBy\":\"3d826307-2481-45a0-a271-bcf9333f914a\",\"createdOn\":\"2024-06-15T01:25:12.4260818Z\",\"updatedBy\":null,\"updatedOn\":null},\"version\":\"1.0.0\",\"policyRule\":{\"if\":{\"field\":\"Microsoft.KeyVault.Data/vaults/certificates/issuer.commonName\",\"equals\":\"foo\"},\"then\":{\"effect\":\"Audit\"}},\"versions\":[\"1.0.0\"]},\"id\":\"/subscriptions/edb2c18a-04d6-49e9-bc72-e23852f507ad/providers/Microsoft.Authorization/policyDefinitions/psBackcompat-PolicyDefinitionMode04\",\"type\":\"Microsoft.Authorization/policyDefinitions\",\"name\":\"psBackcompat-PolicyDefinitionMode04\",\"systemData\":{\"createdBy\":\"cstack@ntdev.microsoft.com\",\"createdByType\":\"User\",\"createdAt\":\"2024-06-15T01:25:12.4179999Z\",\"lastModifiedBy\":\"cstack@ntdev.microsoft.com\",\"lastModifiedByType\":\"User\",\"lastModifiedAt\":\"2024-06-15T01:25:12.4179999Z\"}}",
      "isContentBase64": false
    }
  },
  "Backcompat-PolicyDefinitionMode+[NoContext]+update policy definition at specific sub scope without changing mode+$PUT+https://management.azure.com/subscriptions/edb2c18a-04d6-49e9-bc72-e23852f507ad/providers/Microsoft.Authorization/policyDefinitions/psBackcompat-PolicyDefinitionMode04?api-version=2023-04-01+2": {
    "Request": {
      "Method": "PUT",
      "RequestUri": "https://management.azure.com/subscriptions/edb2c18a-04d6-49e9-bc72-e23852f507ad/providers/Microsoft.Authorization/policyDefinitions/psBackcompat-PolicyDefinitionMode04?api-version=2023-04-01",
      "Content": "{\r\n  \"properties\": {\r\n    \"mode\": \"Microsoft.KeyVault.Data\",\r\n    \"displayName\": \"testDisplay\",\r\n    \"description\": \"Updated \",\r\n    \"policyRule\": {\r\n      \"if\": {\r\n        \"field\": \"Microsoft.KeyVault.Data/vaults/certificates/issuer.commonName\",\r\n        \"equals\": \"foo\"\r\n      },\r\n      \"then\": {\r\n        \"effect\": \"Audit\"\r\n      }\r\n    },\r\n    \"metadata\": {\r\n      \"testName\": \"testValue\"\r\n    }\r\n  }\r\n}",
      "isContentBase64": false,
      "Headers": {
      },
      "ContentHeaders": {
        "Content-Type": [ "application/json" ],
        "Content-Length": [ "407" ]
      }
    },
    "Response": {
      "StatusCode": 201,
      "Headers": {
        "Cache-Control": [ "no-cache" ],
        "Pragma": [ "no-cache" ],
        "Strict-Transport-Security": [ "max-age=31536000; includeSubDomains" ],
        "x-ms-throttling-version": [ "v1" ],
        "x-ms-ratelimit-remaining-subscription-writes": [ "1199" ],
        "x-ms-request-id": [ "82919e23-c117-41d6-a24f-3b67d249cb39" ],
        "x-ms-correlation-request-id": [ "82919e23-c117-41d6-a24f-3b67d249cb39" ],
        "x-ms-routing-request-id": [ "WESTUS2:20240615T012513Z:82919e23-c117-41d6-a24f-3b67d249cb39" ],
        "X-Content-Type-Options": [ "nosniff" ],
        "X-Cache": [ "CONFIG_NOCACHE" ],
        "X-MSEdge-Ref": [ "Ref A: 6F731A711F4542E695DF4F44D99A4661 Ref B: CO6AA3150217035 Ref C: 2024-06-15T01:25:13Z" ],
        "Date": [ "Sat, 15 Jun 2024 01:25:12 GMT" ]
      },
      "ContentHeaders": {
        "Content-Length": [ "1009" ],
        "Content-Type": [ "application/json; charset=utf-8" ],
        "Expires": [ "-1" ]
      },
      "Content": "{\"properties\":{\"displayName\":\"testDisplay\",\"policyType\":\"Custom\",\"mode\":\"Microsoft.KeyVault.Data\",\"description\":\"Updated \",\"metadata\":{\"testName\":\"testValue\",\"createdBy\":\"3d826307-2481-45a0-a271-bcf9333f914a\",\"createdOn\":\"2024-06-15T01:25:12.4260818Z\",\"updatedBy\":\"3d826307-2481-45a0-a271-bcf9333f914a\",\"updatedOn\":\"2024-06-15T01:25:13.2631384Z\"},\"version\":\"1.0.0\",\"policyRule\":{\"if\":{\"field\":\"Microsoft.KeyVault.Data/vaults/certificates/issuer.commonName\",\"equals\":\"foo\"},\"then\":{\"effect\":\"Audit\"}},\"versions\":[\"1.0.0\"]},\"id\":\"/subscriptions/edb2c18a-04d6-49e9-bc72-e23852f507ad/providers/Microsoft.Authorization/policyDefinitions/psBackcompat-PolicyDefinitionMode04\",\"type\":\"Microsoft.Authorization/policyDefinitions\",\"name\":\"psBackcompat-PolicyDefinitionMode04\",\"systemData\":{\"createdBy\":\"cstack@ntdev.microsoft.com\",\"createdByType\":\"User\",\"createdAt\":\"2024-06-15T01:25:12.4179999Z\",\"lastModifiedBy\":\"cstack@ntdev.microsoft.com\",\"lastModifiedByType\":\"User\",\"lastModifiedAt\":\"2024-06-15T01:25:13.2505612Z\"}}",
      "isContentBase64": false
    }
  },
  "Backcompat-PolicyDefinitionMode+[NoContext]+update policy definition at specific sub scope without changing mode+$GET+https://management.azure.com/subscriptions/edb2c18a-04d6-49e9-bc72-e23852f507ad/providers/Microsoft.Authorization/policyDefinitions/psBackcompat-PolicyDefinitionMode04?api-version=2023-04-01+3": {
    "Request": {
      "Method": "GET",
      "RequestUri": "https://management.azure.com/subscriptions/edb2c18a-04d6-49e9-bc72-e23852f507ad/providers/Microsoft.Authorization/policyDefinitions/psBackcompat-PolicyDefinitionMode04?api-version=2023-04-01",
      "Content": null,
      "isContentBase64": false,
      "Headers": {
        "x-ms-unique-id": [ "197" ],
        "x-ms-client-request-id": [ "7c71b843-ebda-4ea4-ad8a-176299b949d4" ],
        "CommandName": [ "\u0026" ],
        "FullCommandName": [ "Get-AzPolicyDefinition_Get" ],
        "ParameterSetName": [ "__AllParameterSets" ],
        "User-Agent": [ "AzurePowershell/v11.0.0", "PSVersion/v7.4.2", "Az.Policy/0.1.1" ],
        "Authorization": [ "[Filtered]" ]
      },
      "ContentHeaders": {
      }
    },
    "Response": {
      "StatusCode": 200,
      "Headers": {
        "Cache-Control": [ "no-cache" ],
        "Pragma": [ "no-cache" ],
        "Strict-Transport-Security": [ "max-age=31536000; includeSubDomains" ],
        "x-ms-throttling-version": [ "v1" ],
        "x-ms-ratelimit-remaining-subscription-reads": [ "11999" ],
        "x-ms-request-id": [ "af9046a4-3987-4726-ba6f-3c3c14037dd3" ],
        "x-ms-correlation-request-id": [ "af9046a4-3987-4726-ba6f-3c3c14037dd3" ],
        "x-ms-routing-request-id": [ "WESTUS2:20240615T012513Z:af9046a4-3987-4726-ba6f-3c3c14037dd3" ],
        "X-Content-Type-Options": [ "nosniff" ],
        "X-Cache": [ "CONFIG_NOCACHE" ],
        "X-MSEdge-Ref": [ "Ref A: E2741EDB48334F41BE7CBD0ED1CBE882 Ref B: CO6AA3150217035 Ref C: 2024-06-15T01:25:13Z" ],
        "Date": [ "Sat, 15 Jun 2024 01:25:12 GMT" ]
      },
      "ContentHeaders": {
        "Content-Length": [ "1009" ],
        "Content-Type": [ "application/json; charset=utf-8" ],
        "Expires": [ "-1" ]
      },
      "Content": "{\"properties\":{\"displayName\":\"testDisplay\",\"policyType\":\"Custom\",\"mode\":\"Microsoft.KeyVault.Data\",\"description\":\"Updated \",\"metadata\":{\"testName\":\"testValue\",\"createdBy\":\"3d826307-2481-45a0-a271-bcf9333f914a\",\"createdOn\":\"2024-06-15T01:25:12.4260818Z\",\"updatedBy\":\"3d826307-2481-45a0-a271-bcf9333f914a\",\"updatedOn\":\"2024-06-15T01:25:13.2631384Z\"},\"version\":\"1.0.0\",\"policyRule\":{\"if\":{\"field\":\"Microsoft.KeyVault.Data/vaults/certificates/issuer.commonName\",\"equals\":\"foo\"},\"then\":{\"effect\":\"Audit\"}},\"versions\":[\"1.0.0\"]},\"id\":\"/subscriptions/edb2c18a-04d6-49e9-bc72-e23852f507ad/providers/Microsoft.Authorization/policyDefinitions/psBackcompat-PolicyDefinitionMode04\",\"type\":\"Microsoft.Authorization/policyDefinitions\",\"name\":\"psBackcompat-PolicyDefinitionMode04\",\"systemData\":{\"createdBy\":\"cstack@ntdev.microsoft.com\",\"createdByType\":\"User\",\"createdAt\":\"2024-06-15T01:25:12.4179999Z\",\"lastModifiedBy\":\"cstack@ntdev.microsoft.com\",\"lastModifiedByType\":\"User\",\"lastModifiedAt\":\"2024-06-15T01:25:13.2505612Z\"}}",
      "isContentBase64": false
    }
  },
  "Backcompat-PolicyDefinitionMode+[NoContext]+update policy definition at specific sub scope with the same mode+$GET+https://management.azure.com/subscriptions/edb2c18a-04d6-49e9-bc72-e23852f507ad/providers/Microsoft.Authorization/policyDefinitions/psBackcompat-PolicyDefinitionMode04?api-version=2023-04-01+1": {
    "Request": {
      "Method": "GET",
      "RequestUri": "https://management.azure.com/subscriptions/edb2c18a-04d6-49e9-bc72-e23852f507ad/providers/Microsoft.Authorization/policyDefinitions/psBackcompat-PolicyDefinitionMode04?api-version=2023-04-01",
      "Content": null,
      "isContentBase64": false,
      "Headers": {
        "x-ms-unique-id": [ "198" ],
        "x-ms-client-request-id": [ "b13bb4dc-5692-4921-acda-2c599e19dbe0" ],
        "CommandName": [ "\u0026" ],
        "FullCommandName": [ "Get-AzPolicyDefinition_Get" ],
        "ParameterSetName": [ "__AllParameterSets" ],
        "User-Agent": [ "AzurePowershell/v11.0.0", "PSVersion/v7.4.2", "Az.Policy/0.1.1" ],
        "Authorization": [ "[Filtered]" ]
      },
      "ContentHeaders": {
      }
    },
    "Response": {
      "StatusCode": 200,
      "Headers": {
        "Cache-Control": [ "no-cache" ],
        "Pragma": [ "no-cache" ],
        "Strict-Transport-Security": [ "max-age=31536000; includeSubDomains" ],
        "x-ms-throttling-version": [ "v1" ],
        "x-ms-ratelimit-remaining-subscription-reads": [ "11997" ],
        "x-ms-request-id": [ "697e11a5-a46e-44d1-bf48-d5b9c590ce1e" ],
        "x-ms-correlation-request-id": [ "697e11a5-a46e-44d1-bf48-d5b9c590ce1e" ],
        "x-ms-routing-request-id": [ "WESTUS2:20240615T012513Z:697e11a5-a46e-44d1-bf48-d5b9c590ce1e" ],
        "X-Content-Type-Options": [ "nosniff" ],
        "X-Cache": [ "CONFIG_NOCACHE" ],
        "X-MSEdge-Ref": [ "Ref A: BB768DC6E6884ADDBB468261A904916C Ref B: CO6AA3150217035 Ref C: 2024-06-15T01:25:13Z" ],
        "Date": [ "Sat, 15 Jun 2024 01:25:13 GMT" ]
      },
      "ContentHeaders": {
        "Content-Length": [ "1009" ],
        "Content-Type": [ "application/json; charset=utf-8" ],
        "Expires": [ "-1" ]
      },
      "Content": "{\"properties\":{\"displayName\":\"testDisplay\",\"policyType\":\"Custom\",\"mode\":\"Microsoft.KeyVault.Data\",\"description\":\"Updated \",\"metadata\":{\"testName\":\"testValue\",\"createdBy\":\"3d826307-2481-45a0-a271-bcf9333f914a\",\"createdOn\":\"2024-06-15T01:25:12.4260818Z\",\"updatedBy\":\"3d826307-2481-45a0-a271-bcf9333f914a\",\"updatedOn\":\"2024-06-15T01:25:13.2631384Z\"},\"version\":\"1.0.0\",\"policyRule\":{\"if\":{\"field\":\"Microsoft.KeyVault.Data/vaults/certificates/issuer.commonName\",\"equals\":\"foo\"},\"then\":{\"effect\":\"Audit\"}},\"versions\":[\"1.0.0\"]},\"id\":\"/subscriptions/edb2c18a-04d6-49e9-bc72-e23852f507ad/providers/Microsoft.Authorization/policyDefinitions/psBackcompat-PolicyDefinitionMode04\",\"type\":\"Microsoft.Authorization/policyDefinitions\",\"name\":\"psBackcompat-PolicyDefinitionMode04\",\"systemData\":{\"createdBy\":\"cstack@ntdev.microsoft.com\",\"createdByType\":\"User\",\"createdAt\":\"2024-06-15T01:25:12.4179999Z\",\"lastModifiedBy\":\"cstack@ntdev.microsoft.com\",\"lastModifiedByType\":\"User\",\"lastModifiedAt\":\"2024-06-15T01:25:13.2505612Z\"}}",
      "isContentBase64": false
    }
  },
  "Backcompat-PolicyDefinitionMode+[NoContext]+update policy definition at specific sub scope with the same mode+$PUT+https://management.azure.com/subscriptions/edb2c18a-04d6-49e9-bc72-e23852f507ad/providers/Microsoft.Authorization/policyDefinitions/psBackcompat-PolicyDefinitionMode04?api-version=2023-04-01+2": {
    "Request": {
      "Method": "PUT",
      "RequestUri": "https://management.azure.com/subscriptions/edb2c18a-04d6-49e9-bc72-e23852f507ad/providers/Microsoft.Authorization/policyDefinitions/psBackcompat-PolicyDefinitionMode04?api-version=2023-04-01",
      "Content": "{\r\n  \"properties\": {\r\n    \"mode\": \"Microsoft.KeyVault.Data\",\r\n    \"displayName\": \"testDisplay\",\r\n    \"description\": \"Updated \",\r\n    \"policyRule\": {\r\n      \"if\": {\r\n        \"field\": \"Microsoft.KeyVault.Data/vaults/certificates/issuer.commonName\",\r\n        \"equals\": \"foo\"\r\n      },\r\n      \"then\": {\r\n        \"effect\": \"Audit\"\r\n      }\r\n    },\r\n    \"metadata\": {\r\n      \"testName\": \"testValue\"\r\n    }\r\n  }\r\n}",
      "isContentBase64": false,
      "Headers": {
      },
      "ContentHeaders": {
        "Content-Type": [ "application/json" ],
        "Content-Length": [ "407" ]
      }
    },
    "Response": {
      "StatusCode": 201,
      "Headers": {
        "Cache-Control": [ "no-cache" ],
        "Pragma": [ "no-cache" ],
        "Strict-Transport-Security": [ "max-age=31536000; includeSubDomains" ],
        "x-ms-throttling-version": [ "v1" ],
        "x-ms-ratelimit-remaining-subscription-writes": [ "1199" ],
        "x-ms-request-id": [ "137288e3-aeba-44fa-91f2-e3d38e3f1a88" ],
        "x-ms-correlation-request-id": [ "137288e3-aeba-44fa-91f2-e3d38e3f1a88" ],
        "x-ms-routing-request-id": [ "WESTUS2:20240615T012514Z:137288e3-aeba-44fa-91f2-e3d38e3f1a88" ],
        "X-Content-Type-Options": [ "nosniff" ],
        "X-Cache": [ "CONFIG_NOCACHE" ],
        "X-MSEdge-Ref": [ "Ref A: 6E88FCCD238B434CA6B8BD8391500F8B Ref B: CO6AA3150217035 Ref C: 2024-06-15T01:25:13Z" ],
        "Date": [ "Sat, 15 Jun 2024 01:25:13 GMT" ]
      },
      "ContentHeaders": {
        "Content-Length": [ "1008" ],
        "Content-Type": [ "application/json; charset=utf-8" ],
        "Expires": [ "-1" ]
      },
      "Content": "{\"properties\":{\"displayName\":\"testDisplay\",\"policyType\":\"Custom\",\"mode\":\"Microsoft.KeyVault.Data\",\"description\":\"Updated \",\"metadata\":{\"testName\":\"testValue\",\"createdBy\":\"3d826307-2481-45a0-a271-bcf9333f914a\",\"createdOn\":\"2024-06-15T01:25:12.4260818Z\",\"updatedBy\":\"3d826307-2481-45a0-a271-bcf9333f914a\",\"updatedOn\":\"2024-06-15T01:25:14.178598Z\"},\"version\":\"1.0.0\",\"policyRule\":{\"if\":{\"field\":\"Microsoft.KeyVault.Data/vaults/certificates/issuer.commonName\",\"equals\":\"foo\"},\"then\":{\"effect\":\"Audit\"}},\"versions\":[\"1.0.0\"]},\"id\":\"/subscriptions/edb2c18a-04d6-49e9-bc72-e23852f507ad/providers/Microsoft.Authorization/policyDefinitions/psBackcompat-PolicyDefinitionMode04\",\"type\":\"Microsoft.Authorization/policyDefinitions\",\"name\":\"psBackcompat-PolicyDefinitionMode04\",\"systemData\":{\"createdBy\":\"cstack@ntdev.microsoft.com\",\"createdByType\":\"User\",\"createdAt\":\"2024-06-15T01:25:12.4179999Z\",\"lastModifiedBy\":\"cstack@ntdev.microsoft.com\",\"lastModifiedByType\":\"User\",\"lastModifiedAt\":\"2024-06-15T01:25:14.1299099Z\"}}",
      "isContentBase64": false
    }
  },
  "Backcompat-PolicyDefinitionMode+[NoContext]+update policy definition at specific sub scope with the same mode+$GET+https://management.azure.com/subscriptions/edb2c18a-04d6-49e9-bc72-e23852f507ad/providers/Microsoft.Authorization/policyDefinitions/psBackcompat-PolicyDefinitionMode04?api-version=2023-04-01+3": {
    "Request": {
      "Method": "GET",
      "RequestUri": "https://management.azure.com/subscriptions/edb2c18a-04d6-49e9-bc72-e23852f507ad/providers/Microsoft.Authorization/policyDefinitions/psBackcompat-PolicyDefinitionMode04?api-version=2023-04-01",
      "Content": null,
      "isContentBase64": false,
      "Headers": {
        "x-ms-unique-id": [ "200" ],
        "x-ms-client-request-id": [ "49250e6f-43eb-4a41-b049-f21b23f76455" ],
        "CommandName": [ "\u0026" ],
        "FullCommandName": [ "Get-AzPolicyDefinition_Get" ],
        "ParameterSetName": [ "__AllParameterSets" ],
        "User-Agent": [ "AzurePowershell/v11.0.0", "PSVersion/v7.4.2", "Az.Policy/0.1.1" ],
        "Authorization": [ "[Filtered]" ]
      },
      "ContentHeaders": {
      }
    },
    "Response": {
      "StatusCode": 200,
      "Headers": {
        "Cache-Control": [ "no-cache" ],
        "Pragma": [ "no-cache" ],
        "Strict-Transport-Security": [ "max-age=31536000; includeSubDomains" ],
        "x-ms-throttling-version": [ "v1" ],
        "x-ms-ratelimit-remaining-subscription-reads": [ "11996" ],
        "x-ms-request-id": [ "7e1e7ad4-13ef-4fcd-a6ee-ff03fb657e4e" ],
        "x-ms-correlation-request-id": [ "7e1e7ad4-13ef-4fcd-a6ee-ff03fb657e4e" ],
        "x-ms-routing-request-id": [ "WESTUS2:20240615T012514Z:7e1e7ad4-13ef-4fcd-a6ee-ff03fb657e4e" ],
        "X-Content-Type-Options": [ "nosniff" ],
        "X-Cache": [ "CONFIG_NOCACHE" ],
        "X-MSEdge-Ref": [ "Ref A: 11F6A09A6CA2483E9BCEF62158A87010 Ref B: CO6AA3150217035 Ref C: 2024-06-15T01:25:14Z" ],
        "Date": [ "Sat, 15 Jun 2024 01:25:13 GMT" ]
      },
      "ContentHeaders": {
        "Content-Length": [ "1008" ],
        "Content-Type": [ "application/json; charset=utf-8" ],
        "Expires": [ "-1" ]
      },
      "Content": "{\"properties\":{\"displayName\":\"testDisplay\",\"policyType\":\"Custom\",\"mode\":\"Microsoft.KeyVault.Data\",\"description\":\"Updated \",\"metadata\":{\"testName\":\"testValue\",\"createdBy\":\"3d826307-2481-45a0-a271-bcf9333f914a\",\"createdOn\":\"2024-06-15T01:25:12.4260818Z\",\"updatedBy\":\"3d826307-2481-45a0-a271-bcf9333f914a\",\"updatedOn\":\"2024-06-15T01:25:14.178598Z\"},\"version\":\"1.0.0\",\"policyRule\":{\"if\":{\"field\":\"Microsoft.KeyVault.Data/vaults/certificates/issuer.commonName\",\"equals\":\"foo\"},\"then\":{\"effect\":\"Audit\"}},\"versions\":[\"1.0.0\"]},\"id\":\"/subscriptions/edb2c18a-04d6-49e9-bc72-e23852f507ad/providers/Microsoft.Authorization/policyDefinitions/psBackcompat-PolicyDefinitionMode04\",\"type\":\"Microsoft.Authorization/policyDefinitions\",\"name\":\"psBackcompat-PolicyDefinitionMode04\",\"systemData\":{\"createdBy\":\"cstack@ntdev.microsoft.com\",\"createdByType\":\"User\",\"createdAt\":\"2024-06-15T01:25:12.4179999Z\",\"lastModifiedBy\":\"cstack@ntdev.microsoft.com\",\"lastModifiedByType\":\"User\",\"lastModifiedAt\":\"2024-06-15T01:25:14.1299099Z\"}}",
      "isContentBase64": false
    }
  },
  "Backcompat-PolicyDefinitionMode+[NoContext]+[NoScenario]+$DELETE+https://management.azure.com/subscriptions/edb2c18a-04d6-49e9-bc72-e23852f507ad/providers/Microsoft.Authorization/policyDefinitions/psBackcompat-PolicyDefinitionMode01?api-version=2023-04-01+4": {
    "Request": {
      "Method": "DELETE",
      "RequestUri": "https://management.azure.com/subscriptions/edb2c18a-04d6-49e9-bc72-e23852f507ad/providers/Microsoft.Authorization/policyDefinitions/psBackcompat-PolicyDefinitionMode01?api-version=2023-04-01",
      "Content": null,
      "isContentBase64": false,
      "Headers": {
        "x-ms-unique-id": [ "201" ],
        "x-ms-client-request-id": [ "b8f58d90-fb8f-4c34-8739-074d1e0b28b6" ],
        "CommandName": [ "\u0026" ],
        "FullCommandName": [ "Remove-AzPolicyDefinition_Delete" ],
        "ParameterSetName": [ "__AllParameterSets" ],
        "User-Agent": [ "AzurePowershell/v11.0.0", "PSVersion/v7.4.2", "Az.Policy/0.1.1" ],
        "Authorization": [ "[Filtered]" ]
      },
      "ContentHeaders": {
      }
    },
    "Response": {
      "StatusCode": 200,
      "Headers": {
        "Cache-Control": [ "no-cache" ],
        "Pragma": [ "no-cache" ],
        "Strict-Transport-Security": [ "max-age=31536000; includeSubDomains" ],
        "x-ms-throttling-version": [ "v1" ],
        "x-ms-ratelimit-remaining-subscription-deletes": [ "14999" ],
        "x-ms-request-id": [ "82029b6a-92b2-4e25-a961-f16512db0034" ],
        "x-ms-correlation-request-id": [ "82029b6a-92b2-4e25-a961-f16512db0034" ],
        "x-ms-routing-request-id": [ "WESTUS2:20240615T012515Z:82029b6a-92b2-4e25-a961-f16512db0034" ],
        "X-Content-Type-Options": [ "nosniff" ],
        "X-Cache": [ "CONFIG_NOCACHE" ],
        "X-MSEdge-Ref": [ "Ref A: F4D6FA0A7A2F462BB9798F2CAB625F49 Ref B: CO6AA3150217035 Ref C: 2024-06-15T01:25:14Z" ],
        "Date": [ "Sat, 15 Jun 2024 01:25:14 GMT" ]
      },
      "ContentHeaders": {
        "Content-Length": [ "989" ],
        "Content-Type": [ "application/json; charset=utf-8" ],
        "Expires": [ "-1" ]
      },
      "Content": "{\"properties\":{\"displayName\":\"testDisplay\",\"policyType\":\"Custom\",\"mode\":\"Indexed\",\"description\":\"Updated \",\"metadata\":{\"testName\":\"testValue\",\"createdBy\":\"3d826307-2481-45a0-a271-bcf9333f914a\",\"createdOn\":\"2024-06-15T01:25:02.2383814Z\",\"updatedBy\":\"3d826307-2481-45a0-a271-bcf9333f914a\",\"updatedOn\":\"2024-06-15T01:25:04.8579578Z\"},\"version\":\"1.0.0\",\"policyRule\":{\"if\":{\"source\":\"action\",\"equals\":\"Microsoft.Resources/Subscriptions/ResourceGroups/write\"},\"then\":{\"effect\":\"deny\"}},\"versions\":[\"1.0.0\"]},\"id\":\"/subscriptions/edb2c18a-04d6-49e9-bc72-e23852f507ad/providers/Microsoft.Authorization/policyDefinitions/psBackcompat-PolicyDefinitionMode01\",\"type\":\"Microsoft.Authorization/policyDefinitions\",\"name\":\"psBackcompat-PolicyDefinitionMode01\",\"systemData\":{\"createdBy\":\"cstack@ntdev.microsoft.com\",\"createdByType\":\"User\",\"createdAt\":\"2024-06-15T01:25:02.2148964Z\",\"lastModifiedBy\":\"cstack@ntdev.microsoft.com\",\"lastModifiedByType\":\"User\",\"lastModifiedAt\":\"2024-06-15T01:25:04.8642227Z\"}}",
      "isContentBase64": false
    }
  },
  "Backcompat-PolicyDefinitionMode+[NoContext]+[NoScenario]+$DELETE+https://management.azure.com/providers/Microsoft.Management/managementGroups/AzGovPerfTest/providers/Microsoft.Authorization/policyDefinitions/psBackcompat-PolicyDefinitionMode02?api-version=2023-04-01+5": {
    "Request": {
      "Method": "DELETE",
      "RequestUri": "https://management.azure.com/providers/Microsoft.Management/managementGroups/AzGovPerfTest/providers/Microsoft.Authorization/policyDefinitions/psBackcompat-PolicyDefinitionMode02?api-version=2023-04-01",
      "Content": null,
      "isContentBase64": false,
      "Headers": {
        "x-ms-unique-id": [ "202" ],
        "x-ms-client-request-id": [ "912fdd67-adc1-47ee-8376-394ad1b623ad" ],
        "CommandName": [ "\u0026" ],
        "FullCommandName": [ "Remove-AzPolicyDefinition_Delete1" ],
        "ParameterSetName": [ "__AllParameterSets" ],
        "User-Agent": [ "AzurePowershell/v11.0.0", "PSVersion/v7.4.2", "Az.Policy/0.1.1" ],
        "Authorization": [ "[Filtered]" ]
      },
      "ContentHeaders": {
      }
    },
    "Response": {
      "StatusCode": 200,
      "Headers": {
        "Cache-Control": [ "no-cache" ],
        "Pragma": [ "no-cache" ],
        "Strict-Transport-Security": [ "max-age=31536000; includeSubDomains" ],
        "x-ms-throttling-version": [ "v1" ],
        "x-ms-ratelimit-remaining-tenant-deletes": [ "14999" ],
        "x-ms-request-id": [ "728e4b59-5226-44ef-8022-852bb0649dbc" ],
        "x-ms-correlation-request-id": [ "728e4b59-5226-44ef-8022-852bb0649dbc" ],
        "x-ms-routing-request-id": [ "WESTUS2:20240615T012516Z:728e4b59-5226-44ef-8022-852bb0649dbc" ],
        "X-Content-Type-Options": [ "nosniff" ],
        "X-Cache": [ "CONFIG_NOCACHE" ],
        "X-MSEdge-Ref": [ "Ref A: 78783125FE204BEBABC04298724B0BE5 Ref B: CO6AA3150217035 Ref C: 2024-06-15T01:25:15Z" ],
        "Date": [ "Sat, 15 Jun 2024 01:25:15 GMT" ]
      },
      "ContentHeaders": {
        "Content-Length": [ "1000" ],
        "Content-Type": [ "application/json; charset=utf-8" ],
        "Expires": [ "-1" ]
      },
      "Content": "{\"properties\":{\"displayName\":\"testDisplay\",\"policyType\":\"Custom\",\"mode\":\"Indexed\",\"description\":\"Updated \",\"metadata\":{\"testName\":\"testValue\",\"createdBy\":\"3d826307-2481-45a0-a271-bcf9333f914a\",\"createdOn\":\"2024-06-15T01:25:05.8311912Z\",\"updatedBy\":\"3d826307-2481-45a0-a271-bcf9333f914a\",\"updatedOn\":\"2024-06-15T01:25:08.3359943Z\"},\"version\":\"1.0.0\",\"policyRule\":{\"if\":{\"source\":\"action\",\"equals\":\"Microsoft.Resources/Subscriptions/ResourceGroups/write\"},\"then\":{\"effect\":\"deny\"}},\"versions\":[\"1.0.0\"]},\"id\":\"/providers/Microsoft.Management/managementGroups/AzGovPerfTest/providers/Microsoft.Authorization/policyDefinitions/psBackcompat-PolicyDefinitionMode02\",\"type\":\"Microsoft.Authorization/policyDefinitions\",\"name\":\"psBackcompat-PolicyDefinitionMode02\",\"systemData\":{\"createdBy\":\"cstack@ntdev.microsoft.com\",\"createdByType\":\"User\",\"createdAt\":\"2024-06-15T01:25:05.7382911Z\",\"lastModifiedBy\":\"cstack@ntdev.microsoft.com\",\"lastModifiedByType\":\"User\",\"lastModifiedAt\":\"2024-06-15T01:25:08.2707396Z\"}}",
      "isContentBase64": false
    }
  },
  "Backcompat-PolicyDefinitionMode+[NoContext]+[NoScenario]+$DELETE+https://management.azure.com/subscriptions/edb2c18a-04d6-49e9-bc72-e23852f507ad/providers/Microsoft.Authorization/policyDefinitions/psBackcompat-PolicyDefinitionMode03?api-version=2023-04-01+6": {
    "Request": {
      "Method": "DELETE",
      "RequestUri": "https://management.azure.com/subscriptions/edb2c18a-04d6-49e9-bc72-e23852f507ad/providers/Microsoft.Authorization/policyDefinitions/psBackcompat-PolicyDefinitionMode03?api-version=2023-04-01",
      "Content": null,
      "isContentBase64": false,
      "Headers": {
        "x-ms-unique-id": [ "203" ],
        "x-ms-client-request-id": [ "fb38fc88-3d70-453d-9648-e58cbb24f679" ],
        "CommandName": [ "\u0026" ],
        "FullCommandName": [ "Remove-AzPolicyDefinition_Delete" ],
        "ParameterSetName": [ "__AllParameterSets" ],
        "User-Agent": [ "AzurePowershell/v11.0.0", "PSVersion/v7.4.2", "Az.Policy/0.1.1" ],
        "Authorization": [ "[Filtered]" ]
      },
      "ContentHeaders": {
      }
    },
    "Response": {
      "StatusCode": 200,
      "Headers": {
        "Cache-Control": [ "no-cache" ],
        "Pragma": [ "no-cache" ],
        "Strict-Transport-Security": [ "max-age=31536000; includeSubDomains" ],
        "x-ms-throttling-version": [ "v1" ],
        "x-ms-ratelimit-remaining-subscription-deletes": [ "14999" ],
        "x-ms-request-id": [ "c67719c7-fb36-49f5-aa55-4a3734fd1293" ],
        "x-ms-correlation-request-id": [ "c67719c7-fb36-49f5-aa55-4a3734fd1293" ],
        "x-ms-routing-request-id": [ "WESTUS2:20240615T012516Z:c67719c7-fb36-49f5-aa55-4a3734fd1293" ],
        "X-Content-Type-Options": [ "nosniff" ],
        "X-Cache": [ "CONFIG_NOCACHE" ],
        "X-MSEdge-Ref": [ "Ref A: 197FAD8F9C9C4CC1913C686571302F04 Ref B: CO6AA3150217035 Ref C: 2024-06-15T01:25:16Z" ],
        "Date": [ "Sat, 15 Jun 2024 01:25:15 GMT" ]
      },
      "ContentHeaders": {
        "Content-Length": [ "989" ],
        "Content-Type": [ "application/json; charset=utf-8" ],
        "Expires": [ "-1" ]
      },
      "Content": "{\"properties\":{\"displayName\":\"testDisplay\",\"policyType\":\"Custom\",\"mode\":\"Indexed\",\"description\":\"Updated \",\"metadata\":{\"testName\":\"testValue\",\"createdBy\":\"3d826307-2481-45a0-a271-bcf9333f914a\",\"createdOn\":\"2024-06-15T01:25:08.9685802Z\",\"updatedBy\":\"3d826307-2481-45a0-a271-bcf9333f914a\",\"updatedOn\":\"2024-06-15T01:25:11.7949123Z\"},\"version\":\"1.0.0\",\"policyRule\":{\"if\":{\"source\":\"action\",\"equals\":\"Microsoft.Resources/Subscriptions/ResourceGroups/write\"},\"then\":{\"effect\":\"deny\"}},\"versions\":[\"1.0.0\"]},\"id\":\"/subscriptions/edb2c18a-04d6-49e9-bc72-e23852f507ad/providers/Microsoft.Authorization/policyDefinitions/psBackcompat-PolicyDefinitionMode03\",\"type\":\"Microsoft.Authorization/policyDefinitions\",\"name\":\"psBackcompat-PolicyDefinitionMode03\",\"systemData\":{\"createdBy\":\"cstack@ntdev.microsoft.com\",\"createdByType\":\"User\",\"createdAt\":\"2024-06-15T01:25:08.9432227Z\",\"lastModifiedBy\":\"cstack@ntdev.microsoft.com\",\"lastModifiedByType\":\"User\",\"lastModifiedAt\":\"2024-06-15T01:25:11.7788884Z\"}}",
      "isContentBase64": false
    }
  },
  "Backcompat-PolicyDefinitionMode+[NoContext]+[NoScenario]+$DELETE+https://management.azure.com/subscriptions/edb2c18a-04d6-49e9-bc72-e23852f507ad/providers/Microsoft.Authorization/policyDefinitions/psBackcompat-PolicyDefinitionMode04?api-version=2023-04-01+7": {
    "Request": {
      "Method": "DELETE",
      "RequestUri": "https://management.azure.com/subscriptions/edb2c18a-04d6-49e9-bc72-e23852f507ad/providers/Microsoft.Authorization/policyDefinitions/psBackcompat-PolicyDefinitionMode04?api-version=2023-04-01",
      "Content": null,
      "isContentBase64": false,
      "Headers": {
        "x-ms-unique-id": [ "204" ],
        "x-ms-client-request-id": [ "73c3cb95-4f95-4acc-818a-37bba15ae334" ],
        "CommandName": [ "\u0026" ],
        "FullCommandName": [ "Remove-AzPolicyDefinition_Delete" ],
        "ParameterSetName": [ "__AllParameterSets" ],
        "User-Agent": [ "AzurePowershell/v11.0.0", "PSVersion/v7.4.2", "Az.Policy/0.1.1" ],
        "Authorization": [ "[Filtered]" ]
      },
      "ContentHeaders": {
      }
    },
    "Response": {
      "StatusCode": 200,
      "Headers": {
        "Cache-Control": [ "no-cache" ],
        "Pragma": [ "no-cache" ],
        "Strict-Transport-Security": [ "max-age=31536000; includeSubDomains" ],
        "x-ms-throttling-version": [ "v1" ],
        "x-ms-ratelimit-remaining-subscription-deletes": [ "14999" ],
        "x-ms-request-id": [ "557d219d-cd49-47e6-8e1c-65a9016a2921" ],
        "x-ms-correlation-request-id": [ "557d219d-cd49-47e6-8e1c-65a9016a2921" ],
        "x-ms-routing-request-id": [ "WESTUS2:20240615T012517Z:557d219d-cd49-47e6-8e1c-65a9016a2921" ],
        "X-Content-Type-Options": [ "nosniff" ],
        "X-Cache": [ "CONFIG_NOCACHE" ],
        "X-MSEdge-Ref": [ "Ref A: 0C8BE9DD67894961BC01850B18751C04 Ref B: CO6AA3150217035 Ref C: 2024-06-15T01:25:16Z" ],
        "Date": [ "Sat, 15 Jun 2024 01:25:16 GMT" ]
      },
      "ContentHeaders": {
        "Content-Length": [ "1008" ],
        "Content-Type": [ "application/json; charset=utf-8" ],
        "Expires": [ "-1" ]
      },
      "Content": "{\"properties\":{\"displayName\":\"testDisplay\",\"policyType\":\"Custom\",\"mode\":\"Microsoft.KeyVault.Data\",\"description\":\"Updated \",\"metadata\":{\"testName\":\"testValue\",\"createdBy\":\"3d826307-2481-45a0-a271-bcf9333f914a\",\"createdOn\":\"2024-06-15T01:25:12.4260818Z\",\"updatedBy\":\"3d826307-2481-45a0-a271-bcf9333f914a\",\"updatedOn\":\"2024-06-15T01:25:14.178598Z\"},\"version\":\"1.0.0\",\"policyRule\":{\"if\":{\"field\":\"Microsoft.KeyVault.Data/vaults/certificates/issuer.commonName\",\"equals\":\"foo\"},\"then\":{\"effect\":\"Audit\"}},\"versions\":[\"1.0.0\"]},\"id\":\"/subscriptions/edb2c18a-04d6-49e9-bc72-e23852f507ad/providers/Microsoft.Authorization/policyDefinitions/psBackcompat-PolicyDefinitionMode04\",\"type\":\"Microsoft.Authorization/policyDefinitions\",\"name\":\"psBackcompat-PolicyDefinitionMode04\",\"systemData\":{\"createdBy\":\"cstack@ntdev.microsoft.com\",\"createdByType\":\"User\",\"createdAt\":\"2024-06-15T01:25:12.4179999Z\",\"lastModifiedBy\":\"cstack@ntdev.microsoft.com\",\"lastModifiedByType\":\"User\",\"lastModifiedAt\":\"2024-06-15T01:25:14.1299099Z\"}}",
      "isContentBase64": false
    }
  }
}