{
  "Backcompat-NewPolicySetDefinitionParameters+[NoContext]+parameter combinations starting with -Name+$PUT+https://management.azure.com/subscriptions/edb2c18a-04d6-49e9-bc72-e23852f507ad/providers/Microsoft.Authorization/policySetDefinitions/someName?api-version=2023-04-01+1": {
    "Request": {
      "Method": "PUT",
      "RequestUri": "https://management.azure.com/subscriptions/edb2c18a-04d6-49e9-bc72-e23852f507ad/providers/Microsoft.Authorization/policySetDefinitions/someName?api-version=2023-04-01",
      "Content": "{\r\n  \"properties\": {\r\n    \"policyDefinitions\": [ ]\r\n  }\r\n}",
      "isContentBase64": false,
      "Headers": {
      },
      "ContentHeaders": {
        "Content-Type": [ "application/json" ],
        "Content-Length": [ "58" ]
      }
    },
    "Response": {
      "StatusCode": 400,
      "Headers": {
        "Cache-Control": [ "no-store, no-cache" ],
        "Pragma": [ "no-cache" ],
        "x-ms-ratelimit-remaining-subscription-writes": [ "1199" ],
        "x-ms-request-id": [ "054136e6-03cc-417c-9769-a974a53a1624" ],
        "x-ms-correlation-request-id": [ "054136e6-03cc-417c-9769-a974a53a1624" ],
        "x-ms-routing-request-id": [ "WESTUS:20240313T195106Z:054136e6-03cc-417c-9769-a974a53a1624" ],
        "Strict-Transport-Security": [ "max-age=31536000; includeSubDomains" ],
        "X-Content-Type-Options": [ "nosniff" ],
        "X-Cache": [ "CONFIG_NOCACHE" ],
        "X-MSEdge-Ref": [ "Ref A: 61AA4AC3AD3243E8B8C6E72402A32665 Ref B: CO6AA3150220051 Ref C: 2024-03-13T19:51:06Z" ],
        "Date": [ "Wed, 13 Mar 2024 19:51:05 GMT" ]
      },
      "ContentHeaders": {
        "Content-Length": [ "187" ],
        "Content-Type": [ "application/json" ],
        "Expires": [ "-1" ]
      },
      "Content": "{\"error\":{\"code\":\"InvalidCreatePolicySetDefinitionRequest\",\"message\":\"The policy set definition \u0027someName\u0027 create request is invalid. At least one policy definition must be referenced.\"}}",
      "isContentBase64": false
    }
  },
  "Backcompat-NewPolicySetDefinitionParameters+[NoContext]+parameter combinations starting with -Name+$PUT+https://management.azure.com/providers/Microsoft.Management/managementGroups/someManagementGroup/providers/Microsoft.Authorization/policySetDefinitions/someName?api-version=2023-04-01+2": {
    "Request": {
      "Method": "PUT",
      "RequestUri": "https://management.azure.com/providers/Microsoft.Management/managementGroups/someManagementGroup/providers/Microsoft.Authorization/policySetDefinitions/someName?api-version=2023-04-01",
      "Content": "{\r\n  \"properties\": {\r\n    \"policyDefinitions\": [ ]\r\n  }\r\n}",
      "isContentBase64": false,
      "Headers": {
      },
      "ContentHeaders": {
        "Content-Type": [ "application/json" ],
        "Content-Length": [ "58" ]
      }
    },
    "Response": {
      "StatusCode": 403,
      "Headers": {
        "Cache-Control": [ "no-cache" ],
        "Pragma": [ "no-cache" ],
        "x-ms-failure-cause": [ "gateway" ],
        "x-ms-request-id": [ "f1a73f19-bf30-4e2d-8ea0-1a868ce22834" ],
        "x-ms-correlation-request-id": [ "f1a73f19-bf30-4e2d-8ea0-1a868ce22834" ],
        "x-ms-routing-request-id": [ "WESTUS:20240313T195107Z:f1a73f19-bf30-4e2d-8ea0-1a868ce22834" ],
        "Strict-Transport-Security": [ "max-age=31536000; includeSubDomains" ],
        "X-Content-Type-Options": [ "nosniff" ],
        "X-Cache": [ "CONFIG_NOCACHE" ],
        "X-MSEdge-Ref": [ "Ref A: A3FEB478220844F5B257D10A48A2D08E Ref B: CO6AA3150220051 Ref C: 2024-03-13T19:51:06Z" ],
        "Date": [ "Wed, 13 Mar 2024 19:51:06 GMT" ]
      },
      "ContentHeaders": {
        "Content-Length": [ "481" ],
        "Content-Type": [ "application/json; charset=utf-8" ],
        "Expires": [ "-1" ]
      },
      "Content": "{\"error\":{\"code\":\"AuthorizationFailed\",\"message\":\"The client \u0027cstack@ntdev.microsoft.com\u0027 with object id \u00273d826307-2481-45a0-a271-bcf9333f914a\u0027 does not have authorization to perform action \u0027Microsoft.Authorization/policySetDefinitions/write\u0027 over scope \u0027/providers/Microsoft.Management/managementGroups/someManagementGroup/providers/Microsoft.Authorization/policySetDefinitions/someName\u0027 or the scope is invalid. If access was recently granted, please refresh your credentials.\"}}",
      "isContentBase64": false
    }
  },
  "Backcompat-NewPolicySetDefinitionParameters+[NoContext]+parameter combinations starting with -Name+$PUT+https://management.azure.com/subscriptions/edb2c18a-04d6-49e9-bc72-e23852f507ad/providers/Microsoft.Authorization/policySetDefinitions/someName?api-version=2023-04-01+3": {
    "Request": {
      "Method": "PUT",
      "RequestUri": "https://management.azure.com/subscriptions/edb2c18a-04d6-49e9-bc72-e23852f507ad/providers/Microsoft.Authorization/policySetDefinitions/someName?api-version=2023-04-01",
      "Content": "{\r\n  \"properties\": {\r\n    \"policyDefinitions\": [ ]\r\n  }\r\n}",
      "isContentBase64": false,
      "Headers": {
      },
      "ContentHeaders": {
        "Content-Type": [ "application/json" ],
        "Content-Length": [ "58" ]
      }
    },
    "Response": {
      "StatusCode": 400,
      "Headers": {
        "Cache-Control": [ "no-store, no-cache" ],
        "Pragma": [ "no-cache" ],
        "x-ms-ratelimit-remaining-subscription-writes": [ "1199" ],
        "x-ms-request-id": [ "981f5c42-2ed1-4d30-b8d1-51fb574b7f39" ],
        "x-ms-correlation-request-id": [ "981f5c42-2ed1-4d30-b8d1-51fb574b7f39" ],
        "x-ms-routing-request-id": [ "WESTUS:20240313T195107Z:981f5c42-2ed1-4d30-b8d1-51fb574b7f39" ],
        "Strict-Transport-Security": [ "max-age=31536000; includeSubDomains" ],
        "X-Content-Type-Options": [ "nosniff" ],
        "X-Cache": [ "CONFIG_NOCACHE" ],
        "X-MSEdge-Ref": [ "Ref A: B77914124DC548C3BEA12B46D4285C7D Ref B: CO6AA3150220051 Ref C: 2024-03-13T19:51:07Z" ],
        "Date": [ "Wed, 13 Mar 2024 19:51:06 GMT" ]
      },
      "ContentHeaders": {
        "Content-Length": [ "187" ],
        "Content-Type": [ "application/json" ],
        "Expires": [ "-1" ]
      },
      "Content": "{\"error\":{\"code\":\"InvalidCreatePolicySetDefinitionRequest\",\"message\":\"The policy set definition \u0027someName\u0027 create request is invalid. At least one policy definition must be referenced.\"}}",
      "isContentBase64": false
    }
  }
}