{
  "Backcompat-SetPolicyExemptionParameters+[NoContext]+parameter combinations starting with -Name+$GET+https://management.azure.com//subscriptions/edb2c18a-04d6-49e9-bc72-e23852f507ad/providers/Microsoft.Authorization/policyExemptions/someName?api-version=2022-07-01-preview+1": {
    "Request": {
      "Method": "GET",
      "RequestUri": "https://management.azure.com//subscriptions/edb2c18a-04d6-49e9-bc72-e23852f507ad/providers/Microsoft.Authorization/policyExemptions/someName?api-version=2022-07-01-preview",
      "Content": null,
      "isContentBase64": false,
      "Headers": {
        "x-ms-unique-id": [ "450" ],
        "x-ms-client-request-id": [ "735740c6-c5a6-46f4-a80e-3daf6be1ccf1" ],
        "CommandName": [ "\u0026" ],
        "FullCommandName": [ "Get-AzPolicyExemption_Get" ],
        "ParameterSetName": [ "__AllParameterSets" ],
        "User-Agent": [ "AzurePowershell/v12.1.0", "PSVersion/v7.4.3", "Az.Policy/0.1.1" ],
        "Authorization": [ "[Filtered]" ]
      },
      "ContentHeaders": {
      }
    },
    "Response": {
      "StatusCode": 404,
      "Headers": {
        "Cache-Control": [ "no-store, no-cache" ],
        "Pragma": [ "no-cache" ],
        "x-ms-ratelimit-remaining-subscription-reads": [ "11993" ],
        "x-ms-request-id": [ "e9b3aec7-f125-4850-b43b-09df5ad41da0" ],
        "x-ms-correlation-request-id": [ "e9b3aec7-f125-4850-b43b-09df5ad41da0" ],
        "x-ms-routing-request-id": [ "WESTUS2:20240724T224304Z:e9b3aec7-f125-4850-b43b-09df5ad41da0" ],
        "Strict-Transport-Security": [ "max-age=31536000; includeSubDomains" ],
        "X-Content-Type-Options": [ "nosniff" ],
        "X-Cache": [ "CONFIG_NOCACHE" ],
        "X-MSEdge-Ref": [ "Ref A: 93EFA5AE82334AE4967D98D2FAF3DED8 Ref B: CO6AA3150220027 Ref C: 2024-07-24T22:43:03Z" ],
        "Date": [ "Wed, 24 Jul 2024 22:43:03 GMT" ]
      },
      "ContentHeaders": {
        "Content-Length": [ "108" ],
        "Content-Type": [ "application/json" ],
        "Expires": [ "-1" ]
      },
      "Content": "{\"error\":{\"code\":\"PolicyExemptionNotFound\",\"message\":\"The policy exemption \u0027someName\u0027 could not be found.\"}}",
      "isContentBase64": false
    }
  },
  "Backcompat-SetPolicyExemptionParameters+[NoContext]+parameter combinations starting with -Name+$GET+https://management.azure.com//subscriptions/edb2c18a-04d6-49e9-bc72-e23852f507ad/providers/Microsoft.Authorization/policyExemptions/someName?api-version=2022-07-01-preview+2": {
    "Request": {
      "Method": "GET",
      "RequestUri": "https://management.azure.com//subscriptions/edb2c18a-04d6-49e9-bc72-e23852f507ad/providers/Microsoft.Authorization/policyExemptions/someName?api-version=2022-07-01-preview",
      "Content": null,
      "isContentBase64": false,
      "Headers": {
        "x-ms-unique-id": [ "451" ],
        "x-ms-client-request-id": [ "94414abf-bdbf-4a11-86a0-9ac0b6947ce4" ],
        "CommandName": [ "\u0026" ],
        "FullCommandName": [ "Get-AzPolicyExemption_Get" ],
        "ParameterSetName": [ "__AllParameterSets" ],
        "User-Agent": [ "AzurePowershell/v12.1.0", "PSVersion/v7.4.3", "Az.Policy/0.1.1" ],
        "Authorization": [ "[Filtered]" ]
      },
      "ContentHeaders": {
      }
    },
    "Response": {
      "StatusCode": 404,
      "Headers": {
        "Cache-Control": [ "no-store, no-cache" ],
        "Pragma": [ "no-cache" ],
        "x-ms-ratelimit-remaining-subscription-reads": [ "11995" ],
        "x-ms-request-id": [ "e7b67def-ed88-45e4-9a92-6bf0d9c1af00" ],
        "x-ms-correlation-request-id": [ "e7b67def-ed88-45e4-9a92-6bf0d9c1af00" ],
        "x-ms-routing-request-id": [ "WESTUS2:20240724T224304Z:e7b67def-ed88-45e4-9a92-6bf0d9c1af00" ],
        "Strict-Transport-Security": [ "max-age=31536000; includeSubDomains" ],
        "X-Content-Type-Options": [ "nosniff" ],
        "X-Cache": [ "CONFIG_NOCACHE" ],
        "X-MSEdge-Ref": [ "Ref A: 30BAFBCAD4624F91A57D8DC4823DCCFC Ref B: CO6AA3150220027 Ref C: 2024-07-24T22:43:04Z" ],
        "Date": [ "Wed, 24 Jul 2024 22:43:04 GMT" ]
      },
      "ContentHeaders": {
        "Content-Length": [ "108" ],
        "Content-Type": [ "application/json" ],
        "Expires": [ "-1" ]
      },
      "Content": "{\"error\":{\"code\":\"PolicyExemptionNotFound\",\"message\":\"The policy exemption \u0027someName\u0027 could not be found.\"}}",
      "isContentBase64": false
    }
  },
  "Backcompat-SetPolicyExemptionParameters+[NoContext]+parameter combinations starting with -Name+$GET+https://management.azure.com//subscriptions/edb2c18a-04d6-49e9-bc72-e23852f507ad/providers/Microsoft.Authorization/policyExemptions/someName?api-version=2022-07-01-preview+3": {
    "Request": {
      "Method": "GET",
      "RequestUri": "https://management.azure.com//subscriptions/edb2c18a-04d6-49e9-bc72-e23852f507ad/providers/Microsoft.Authorization/policyExemptions/someName?api-version=2022-07-01-preview",
      "Content": null,
      "isContentBase64": false,
      "Headers": {
        "x-ms-unique-id": [ "452" ],
        "x-ms-client-request-id": [ "b94ab2c0-37ae-46ad-a6c5-dbc96e1fc411" ],
        "CommandName": [ "\u0026" ],
        "FullCommandName": [ "Get-AzPolicyExemption_Get" ],
        "ParameterSetName": [ "__AllParameterSets" ],
        "User-Agent": [ "AzurePowershell/v12.1.0", "PSVersion/v7.4.3", "Az.Policy/0.1.1" ],
        "Authorization": [ "[Filtered]" ]
      },
      "ContentHeaders": {
      }
    },
    "Response": {
      "StatusCode": 404,
      "Headers": {
        "Cache-Control": [ "no-store, no-cache" ],
        "Pragma": [ "no-cache" ],
        "x-ms-ratelimit-remaining-subscription-reads": [ "11991" ],
        "x-ms-request-id": [ "ea8284f0-2cf9-422e-b86c-0de21cfc65de" ],
        "x-ms-correlation-request-id": [ "ea8284f0-2cf9-422e-b86c-0de21cfc65de" ],
        "x-ms-routing-request-id": [ "WESTUS2:20240724T224306Z:ea8284f0-2cf9-422e-b86c-0de21cfc65de" ],
        "Strict-Transport-Security": [ "max-age=31536000; includeSubDomains" ],
        "X-Content-Type-Options": [ "nosniff" ],
        "X-Cache": [ "CONFIG_NOCACHE" ],
        "X-MSEdge-Ref": [ "Ref A: 5963A26377E24C0EB6DBA97A0BFB0A31 Ref B: CO6AA3150220027 Ref C: 2024-07-24T22:43:06Z" ],
        "Date": [ "Wed, 24 Jul 2024 22:43:05 GMT" ]
      },
      "ContentHeaders": {
        "Content-Length": [ "108" ],
        "Content-Type": [ "application/json" ],
        "Expires": [ "-1" ]
      },
      "Content": "{\"error\":{\"code\":\"PolicyExemptionNotFound\",\"message\":\"The policy exemption \u0027someName\u0027 could not be found.\"}}",
      "isContentBase64": false
    }
  },
  "Backcompat-SetPolicyExemptionParameters+[NoContext]+parameter combinations starting with -Name+$GET+https://management.azure.com//subscriptions/edb2c18a-04d6-49e9-bc72-e23852f507ad/providers/Microsoft.Authorization/policyExemptions/someName?api-version=2022-07-01-preview+4": {
    "Request": {
      "Method": "GET",
      "RequestUri": "https://management.azure.com//subscriptions/edb2c18a-04d6-49e9-bc72-e23852f507ad/providers/Microsoft.Authorization/policyExemptions/someName?api-version=2022-07-01-preview",
      "Content": null,
      "isContentBase64": false,
      "Headers": {
        "x-ms-unique-id": [ "453" ],
        "x-ms-client-request-id": [ "373bf15c-f13a-458e-8f53-d640311d2bac" ],
        "CommandName": [ "\u0026" ],
        "FullCommandName": [ "Get-AzPolicyExemption_Get" ],
        "ParameterSetName": [ "__AllParameterSets" ],
        "User-Agent": [ "AzurePowershell/v12.1.0", "PSVersion/v7.4.3", "Az.Policy/0.1.1" ],
        "Authorization": [ "[Filtered]" ]
      },
      "ContentHeaders": {
      }
    },
    "Response": {
      "StatusCode": 404,
      "Headers": {
        "Cache-Control": [ "no-store, no-cache" ],
        "Pragma": [ "no-cache" ],
        "x-ms-ratelimit-remaining-subscription-reads": [ "11996" ],
        "x-ms-request-id": [ "480cc7eb-e65a-42fd-8f93-6791fb863466" ],
        "x-ms-correlation-request-id": [ "480cc7eb-e65a-42fd-8f93-6791fb863466" ],
        "x-ms-routing-request-id": [ "WESTUS2:20240724T224307Z:480cc7eb-e65a-42fd-8f93-6791fb863466" ],
        "Strict-Transport-Security": [ "max-age=31536000; includeSubDomains" ],
        "X-Content-Type-Options": [ "nosniff" ],
        "X-Cache": [ "CONFIG_NOCACHE" ],
        "X-MSEdge-Ref": [ "Ref A: 214EC28715854D81ADCA2F52BF0C9F97 Ref B: CO6AA3150220027 Ref C: 2024-07-24T22:43:07Z" ],
        "Date": [ "Wed, 24 Jul 2024 22:43:06 GMT" ]
      },
      "ContentHeaders": {
        "Content-Length": [ "108" ],
        "Content-Type": [ "application/json" ],
        "Expires": [ "-1" ]
      },
      "Content": "{\"error\":{\"code\":\"PolicyExemptionNotFound\",\"message\":\"The policy exemption \u0027someName\u0027 could not be found.\"}}",
      "isContentBase64": false
    }
  },
  "Backcompat-SetPolicyExemptionParameters+[NoContext]+parameter combinations starting with -Name+$GET+https://management.azure.com//subscriptions/edb2c18a-04d6-49e9-bc72-e23852f507ad/providers/Microsoft.Authorization/policyExemptions/someName?api-version=2022-07-01-preview+5": {
    "Request": {
      "Method": "GET",
      "RequestUri": "https://management.azure.com//subscriptions/edb2c18a-04d6-49e9-bc72-e23852f507ad/providers/Microsoft.Authorization/policyExemptions/someName?api-version=2022-07-01-preview",
      "Content": null,
      "isContentBase64": false,
      "Headers": {
        "x-ms-unique-id": [ "454" ],
        "x-ms-client-request-id": [ "151ea03e-1dc0-47fb-9f92-a46b43450841" ],
        "CommandName": [ "\u0026" ],
        "FullCommandName": [ "Get-AzPolicyExemption_Get" ],
        "ParameterSetName": [ "__AllParameterSets" ],
        "User-Agent": [ "AzurePowershell/v12.1.0", "PSVersion/v7.4.3", "Az.Policy/0.1.1" ],
        "Authorization": [ "[Filtered]" ]
      },
      "ContentHeaders": {
      }
    },
    "Response": {
      "StatusCode": 404,
      "Headers": {
        "Cache-Control": [ "no-store, no-cache" ],
        "Pragma": [ "no-cache" ],
        "x-ms-ratelimit-remaining-subscription-reads": [ "11994" ],
        "x-ms-request-id": [ "95091e15-98ad-43d6-8043-0646d73886a7" ],
        "x-ms-correlation-request-id": [ "95091e15-98ad-43d6-8043-0646d73886a7" ],
        "x-ms-routing-request-id": [ "WESTUS2:20240724T224308Z:95091e15-98ad-43d6-8043-0646d73886a7" ],
        "Strict-Transport-Security": [ "max-age=31536000; includeSubDomains" ],
        "X-Content-Type-Options": [ "nosniff" ],
        "X-Cache": [ "CONFIG_NOCACHE" ],
        "X-MSEdge-Ref": [ "Ref A: 380C6421D2DE4D298F63D156010E61B1 Ref B: CO6AA3150220027 Ref C: 2024-07-24T22:43:07Z" ],
        "Date": [ "Wed, 24 Jul 2024 22:43:07 GMT" ]
      },
      "ContentHeaders": {
        "Content-Length": [ "108" ],
        "Content-Type": [ "application/json" ],
        "Expires": [ "-1" ]
      },
      "Content": "{\"error\":{\"code\":\"PolicyExemptionNotFound\",\"message\":\"The policy exemption \u0027someName\u0027 could not be found.\"}}",
      "isContentBase64": false
    }
  },
  "Backcompat-SetPolicyExemptionParameters+[NoContext]+parameter combinations starting with -Id+$GET+https://management.azure.com//subscriptions/edb2c18a-04d6-49e9-bc72-e23852f507ad/providers/Microsoft.Authorization/policyExemptions/someName?api-version=2022-07-01-preview+1": {
    "Request": {
      "Method": "GET",
      "RequestUri": "https://management.azure.com//subscriptions/edb2c18a-04d6-49e9-bc72-e23852f507ad/providers/Microsoft.Authorization/policyExemptions/someName?api-version=2022-07-01-preview",
      "Content": null,
      "isContentBase64": false,
      "Headers": {
        "x-ms-unique-id": [ "455" ],
        "x-ms-client-request-id": [ "fc231094-484f-4469-9942-7bf7eb916092" ],
        "CommandName": [ "\u0026" ],
        "FullCommandName": [ "Get-AzPolicyExemption_Get" ],
        "ParameterSetName": [ "__AllParameterSets" ],
        "User-Agent": [ "AzurePowershell/v12.1.0", "PSVersion/v7.4.3", "Az.Policy/0.1.1" ],
        "Authorization": [ "[Filtered]" ]
      },
      "ContentHeaders": {
      }
    },
    "Response": {
      "StatusCode": 404,
      "Headers": {
        "Cache-Control": [ "no-store, no-cache" ],
        "Pragma": [ "no-cache" ],
        "x-ms-ratelimit-remaining-subscription-reads": [ "11996" ],
        "x-ms-request-id": [ "3939243a-7eb3-4449-89ab-038987afa74d" ],
        "x-ms-correlation-request-id": [ "3939243a-7eb3-4449-89ab-038987afa74d" ],
        "x-ms-routing-request-id": [ "WESTUS2:20240724T224309Z:3939243a-7eb3-4449-89ab-038987afa74d" ],
        "Strict-Transport-Security": [ "max-age=31536000; includeSubDomains" ],
        "X-Content-Type-Options": [ "nosniff" ],
        "X-Cache": [ "CONFIG_NOCACHE" ],
        "X-MSEdge-Ref": [ "Ref A: FF8D29730A97445E9519992635D258EF Ref B: CO6AA3150220027 Ref C: 2024-07-24T22:43:09Z" ],
        "Date": [ "Wed, 24 Jul 2024 22:43:08 GMT" ]
      },
      "ContentHeaders": {
        "Content-Length": [ "108" ],
        "Content-Type": [ "application/json" ],
        "Expires": [ "-1" ]
      },
      "Content": "{\"error\":{\"code\":\"PolicyExemptionNotFound\",\"message\":\"The policy exemption \u0027someName\u0027 could not be found.\"}}",
      "isContentBase64": false
    }
  }
}