{
  "Backcompat-PolicyAssignmentSystemAssignedIdentity+[NoContext]+[NoScenario]+$PUT+https://management.azure.com/subscriptions/edb2c18a-04d6-49e9-bc72-e23852f507ad/providers/Microsoft.Authorization/policyDefinitions/psBackcompat-PolicyAssignmentSystemAssignedIdentity01?api-version=2023-04-01+1": {
    "Request": {
      "Method": "PUT",
      "RequestUri": "https://management.azure.com/subscriptions/edb2c18a-04d6-49e9-bc72-e23852f507ad/providers/Microsoft.Authorization/policyDefinitions/psBackcompat-PolicyAssignmentSystemAssignedIdentity01?api-version=2023-04-01",
      "Content": "{\r\n  \"properties\": {\r\n    \"mode\": \"All\",\r\n    \"description\": \"Unit test junk: sorry for littering. Please delete me!\",\r\n    \"policyRule\": {\r\n      \"if\": {\r\n        \"source\": \"action\",\r\n        \"equals\": \"Microsoft.Resources/Subscriptions/ResourceGroups/write\"\r\n      },\r\n      \"then\": {\r\n        \"effect\": \"deny\"\r\n      }\r\n    }\r\n  }\r\n}",
      "isContentBase64": false,
      "Headers": {
      },
      "ContentHeaders": {
        "Content-Type": [ "application/json" ],
        "Content-Length": [ "336" ]
      }
    },
    "Response": {
      "StatusCode": 201,
      "Headers": {
        "Cache-Control": [ "no-cache" ],
        "Pragma": [ "no-cache" ],
        "Strict-Transport-Security": [ "max-age=31536000; includeSubDomains" ],
        "x-ms-throttling-version": [ "v1" ],
        "x-ms-ratelimit-remaining-subscription-writes": [ "1198" ],
        "x-ms-request-id": [ "a6b41594-9264-4033-9a46-25e84cc5c1a5" ],
        "x-ms-correlation-request-id": [ "a6b41594-9264-4033-9a46-25e84cc5c1a5" ],
        "x-ms-routing-request-id": [ "WESTUS2:20240427T014343Z:a6b41594-9264-4033-9a46-25e84cc5c1a5" ],
        "X-Content-Type-Options": [ "nosniff" ],
        "X-Cache": [ "CONFIG_NOCACHE" ],
        "X-MSEdge-Ref": [ "Ref A: CC9A931BE70A4FEEABB4FF957CB51233 Ref B: CO6AA3150219023 Ref C: 2024-04-27T01:43:42Z" ],
        "Date": [ "Sat, 27 Apr 2024 01:43:42 GMT" ]
      },
      "ContentHeaders": {
        "Content-Length": [ "956" ],
        "Content-Type": [ "application/json; charset=utf-8" ],
        "Expires": [ "-1" ]
      },
      "Content": "{\"properties\":{\"policyType\":\"Custom\",\"mode\":\"All\",\"description\":\"Unit test junk: sorry for littering. Please delete me!\",\"metadata\":{\"createdBy\":\"3d826307-2481-45a0-a271-bcf9333f914a\",\"createdOn\":\"2024-04-27T01:43:42.7340483Z\",\"updatedBy\":null,\"updatedOn\":null},\"version\":\"1.0.0\",\"policyRule\":{\"if\":{\"source\":\"action\",\"equals\":\"Microsoft.Resources/Subscriptions/ResourceGroups/write\"},\"then\":{\"effect\":\"deny\"}},\"versions\":[\"1.0.0\"]},\"id\":\"/subscriptions/edb2c18a-04d6-49e9-bc72-e23852f507ad/providers/Microsoft.Authorization/policyDefinitions/psBackcompat-PolicyAssignmentSystemAssignedIdentity01\",\"type\":\"Microsoft.Authorization/policyDefinitions\",\"name\":\"psBackcompat-PolicyAssignmentSystemAssignedIdentity01\",\"systemData\":{\"createdBy\":\"cstack@ntdev.microsoft.com\",\"createdByType\":\"User\",\"createdAt\":\"2024-04-27T01:43:42.7190374Z\",\"lastModifiedBy\":\"cstack@ntdev.microsoft.com\",\"lastModifiedByType\":\"User\",\"lastModifiedAt\":\"2024-04-27T01:43:42.7190374Z\"}}",
      "isContentBase64": false
    }
  },
  "Backcompat-PolicyAssignmentSystemAssignedIdentity+[NoContext]+[NoScenario]+$PUT+https://management.azure.com//subscriptions/edb2c18a-04d6-49e9-bc72-e23852f507ad/resourceGroups/rg01/providers/Microsoft.Authorization/policyAssignments/psBackcompat-PolicyAssignmentSystemAssignedIdentity02?api-version=2023-04-01+2": {
    "Request": {
      "Method": "PUT",
      "RequestUri": "https://management.azure.com//subscriptions/edb2c18a-04d6-49e9-bc72-e23852f507ad/resourceGroups/rg01/providers/Microsoft.Authorization/policyAssignments/psBackcompat-PolicyAssignmentSystemAssignedIdentity02?api-version=2023-04-01",
      "Content": "{\r\n  \"properties\": {\r\n    \"policyDefinitionId\": \"/subscriptions/edb2c18a-04d6-49e9-bc72-e23852f507ad/providers/Microsoft.Authorization/policyDefinitions/psBackcompat-PolicyAssignmentSystemAssignedIdentity01\",\r\n    \"description\": \"Unit test junk: sorry for littering. Please delete me!\"\r\n  },\r\n  \"identity\": {\r\n    \"type\": \"SystemAssigned\"\r\n  },\r\n  \"location\": \"westus\"\r\n}",
      "isContentBase64": false,
      "Headers": {
      },
      "ContentHeaders": {
        "Content-Type": [ "application/json" ],
        "Content-Length": [ "371" ]
      }
    },
    "Response": {
      "StatusCode": 201,
      "Headers": {
        "Cache-Control": [ "no-cache" ],
        "Pragma": [ "no-cache" ],
        "Strict-Transport-Security": [ "max-age=31536000; includeSubDomains" ],
        "x-ms-throttling-version": [ "v1" ],
        "x-ms-ratelimit-remaining-subscription-writes": [ "1199" ],
        "x-ms-request-id": [ "8e3caf45-5055-4cca-b1cb-e7c0ca3bc770" ],
        "x-ms-correlation-request-id": [ "8e3caf45-5055-4cca-b1cb-e7c0ca3bc770" ],
        "x-ms-routing-request-id": [ "WESTUS2:20240427T014344Z:8e3caf45-5055-4cca-b1cb-e7c0ca3bc770" ],
        "X-Content-Type-Options": [ "nosniff" ],
        "X-Cache": [ "CONFIG_NOCACHE" ],
        "X-MSEdge-Ref": [ "Ref A: 28C6D247E9A74168A6D5DA85B29527C0 Ref B: CO6AA3150219023 Ref C: 2024-04-27T01:43:43Z" ],
        "Date": [ "Sat, 27 Apr 2024 01:43:43 GMT" ]
      },
      "ContentHeaders": {
        "Content-Length": [ "1250" ],
        "Content-Type": [ "application/json; charset=utf-8" ],
        "Expires": [ "-1" ]
      },
      "Content": "{\"identity\":{\"principalId\":\"4c2dbb8e-e459-44cb-9a5b-d11f5b766073\",\"tenantId\":\"72f988bf-86f1-41af-91ab-2d7cd011db47\",\"type\":\"SystemAssigned\"},\"properties\":{\"policyDefinitionId\":\"/subscriptions/edb2c18a-04d6-49e9-bc72-e23852f507ad/providers/Microsoft.Authorization/policyDefinitions/psBackcompat-PolicyAssignmentSystemAssignedIdentity01\",\"definitionVersion\":\"1.*.*\",\"scope\":\"/subscriptions/edb2c18a-04d6-49e9-bc72-e23852f507ad/resourceGroups/rg01\",\"description\":\"Unit test junk: sorry for littering. Please delete me!\",\"metadata\":{\"createdBy\":\"3d826307-2481-45a0-a271-bcf9333f914a\",\"createdOn\":\"2024-04-27T01:43:44.0151717Z\",\"updatedBy\":null,\"updatedOn\":null},\"enforcementMode\":\"Default\"},\"id\":\"/subscriptions/edb2c18a-04d6-49e9-bc72-e23852f507ad/resourceGroups/rg01/providers/Microsoft.Authorization/policyAssignments/psBackcompat-PolicyAssignmentSystemAssignedIdentity02\",\"type\":\"Microsoft.Authorization/policyAssignments\",\"name\":\"psBackcompat-PolicyAssignmentSystemAssignedIdentity02\",\"location\":\"westus\",\"systemData\":{\"createdBy\":\"cstack@ntdev.microsoft.com\",\"createdByType\":\"User\",\"createdAt\":\"2024-04-27T01:43:43.1519076Z\",\"lastModifiedBy\":\"cstack@ntdev.microsoft.com\",\"lastModifiedByType\":\"User\",\"lastModifiedAt\":\"2024-04-27T01:43:43.1519076Z\"}}",
      "isContentBase64": false
    }
  },
  "Backcompat-PolicyAssignmentSystemAssignedIdentity+[NoContext]+make a policy assignment at RG scope with MSI+$GET+https://management.azure.com//subscriptions/edb2c18a-04d6-49e9-bc72-e23852f507ad/resourceGroups/rg01/providers/Microsoft.Authorization/policyAssignments/psBackcompat-PolicyAssignmentSystemAssignedIdentity02?api-version=2023-04-01+1": {
    "Request": {
      "Method": "GET",
      "RequestUri": "https://management.azure.com//subscriptions/edb2c18a-04d6-49e9-bc72-e23852f507ad/resourceGroups/rg01/providers/Microsoft.Authorization/policyAssignments/psBackcompat-PolicyAssignmentSystemAssignedIdentity02?api-version=2023-04-01",
      "Content": null,
      "isContentBase64": false,
      "Headers": {
        "x-ms-unique-id": [ "573" ],
        "x-ms-client-request-id": [ "dd2bff20-9ca2-4e99-89d6-4bdd594f62a1" ],
        "CommandName": [ "\u0026" ],
        "FullCommandName": [ "Get-AzPolicyAssignment_Get" ],
        "ParameterSetName": [ "__AllParameterSets" ],
        "User-Agent": [ "AzurePowershell/v11.0.0", "PSVersion/v7.4.2", "Az.Policy/0.1.1" ],
        "Authorization": [ "[Filtered]" ]
      },
      "ContentHeaders": {
      }
    },
    "Response": {
      "StatusCode": 200,
      "Headers": {
        "Cache-Control": [ "no-cache" ],
        "Pragma": [ "no-cache" ],
        "Strict-Transport-Security": [ "max-age=31536000; includeSubDomains" ],
        "x-ms-throttling-version": [ "v1" ],
        "x-ms-ratelimit-remaining-subscription-reads": [ "11995" ],
        "x-ms-request-id": [ "6fa12eb8-53fa-4d36-8fc8-6d30eb787bce" ],
        "x-ms-correlation-request-id": [ "6fa12eb8-53fa-4d36-8fc8-6d30eb787bce" ],
        "x-ms-routing-request-id": [ "WESTUS2:20240427T014344Z:6fa12eb8-53fa-4d36-8fc8-6d30eb787bce" ],
        "X-Content-Type-Options": [ "nosniff" ],
        "X-Cache": [ "CONFIG_NOCACHE" ],
        "X-MSEdge-Ref": [ "Ref A: D8C462CD29EE4A7F81823518E84C7871 Ref B: CO6AA3150219023 Ref C: 2024-04-27T01:43:44Z" ],
        "Date": [ "Sat, 27 Apr 2024 01:43:44 GMT" ]
      },
      "ContentHeaders": {
        "Content-Length": [ "1250" ],
        "Content-Type": [ "application/json; charset=utf-8" ],
        "Expires": [ "-1" ]
      },
      "Content": "{\"identity\":{\"principalId\":\"4c2dbb8e-e459-44cb-9a5b-d11f5b766073\",\"tenantId\":\"72f988bf-86f1-41af-91ab-2d7cd011db47\",\"type\":\"SystemAssigned\"},\"properties\":{\"policyDefinitionId\":\"/subscriptions/edb2c18a-04d6-49e9-bc72-e23852f507ad/providers/Microsoft.Authorization/policyDefinitions/psBackcompat-PolicyAssignmentSystemAssignedIdentity01\",\"definitionVersion\":\"1.*.*\",\"scope\":\"/subscriptions/edb2c18a-04d6-49e9-bc72-e23852f507ad/resourceGroups/rg01\",\"description\":\"Unit test junk: sorry for littering. Please delete me!\",\"metadata\":{\"createdBy\":\"3d826307-2481-45a0-a271-bcf9333f914a\",\"createdOn\":\"2024-04-27T01:43:44.0151717Z\",\"updatedBy\":null,\"updatedOn\":null},\"enforcementMode\":\"Default\"},\"id\":\"/subscriptions/edb2c18a-04d6-49e9-bc72-e23852f507ad/resourceGroups/rg01/providers/Microsoft.Authorization/policyAssignments/psBackcompat-PolicyAssignmentSystemAssignedIdentity02\",\"type\":\"Microsoft.Authorization/policyAssignments\",\"name\":\"psBackcompat-PolicyAssignmentSystemAssignedIdentity02\",\"location\":\"westus\",\"systemData\":{\"createdBy\":\"cstack@ntdev.microsoft.com\",\"createdByType\":\"User\",\"createdAt\":\"2024-04-27T01:43:43.1519076Z\",\"lastModifiedBy\":\"cstack@ntdev.microsoft.com\",\"lastModifiedByType\":\"User\",\"lastModifiedAt\":\"2024-04-27T01:43:43.1519076Z\"}}",
      "isContentBase64": false
    }
  },
  "Backcompat-PolicyAssignmentSystemAssignedIdentity+[NoContext]+get policy assignment by Id+$GET+https://management.azure.com//subscriptions/edb2c18a-04d6-49e9-bc72-e23852f507ad/resourceGroups/rg01/providers/Microsoft.Authorization/policyAssignments/psBackcompat-PolicyAssignmentSystemAssignedIdentity02?api-version=2023-04-01+1": {
    "Request": {
      "Method": "GET",
      "RequestUri": "https://management.azure.com//subscriptions/edb2c18a-04d6-49e9-bc72-e23852f507ad/resourceGroups/rg01/providers/Microsoft.Authorization/policyAssignments/psBackcompat-PolicyAssignmentSystemAssignedIdentity02?api-version=2023-04-01",
      "Content": null,
      "isContentBase64": false,
      "Headers": {
        "x-ms-unique-id": [ "574" ],
        "x-ms-client-request-id": [ "24e6dd50-ce11-49bb-9c71-49e4cddea1ef" ],
        "CommandName": [ "\u0026" ],
        "FullCommandName": [ "Get-AzPolicyAssignment_Get1" ],
        "ParameterSetName": [ "__AllParameterSets" ],
        "User-Agent": [ "AzurePowershell/v11.0.0", "PSVersion/v7.4.2", "Az.Policy/0.1.1" ],
        "Authorization": [ "[Filtered]" ]
      },
      "ContentHeaders": {
      }
    },
    "Response": {
      "StatusCode": 200,
      "Headers": {
        "Cache-Control": [ "no-cache" ],
        "Pragma": [ "no-cache" ],
        "Strict-Transport-Security": [ "max-age=31536000; includeSubDomains" ],
        "x-ms-throttling-version": [ "v1" ],
        "x-ms-ratelimit-remaining-subscription-reads": [ "11991" ],
        "x-ms-request-id": [ "2a241969-276d-4329-8801-1a1711fa79bd" ],
        "x-ms-correlation-request-id": [ "2a241969-276d-4329-8801-1a1711fa79bd" ],
        "x-ms-routing-request-id": [ "WESTUS2:20240427T014344Z:2a241969-276d-4329-8801-1a1711fa79bd" ],
        "X-Content-Type-Options": [ "nosniff" ],
        "X-Cache": [ "CONFIG_NOCACHE" ],
        "X-MSEdge-Ref": [ "Ref A: B7AAE1FD56B34FF7824E4DFF2725D540 Ref B: CO6AA3150219023 Ref C: 2024-04-27T01:43:44Z" ],
        "Date": [ "Sat, 27 Apr 2024 01:43:44 GMT" ]
      },
      "ContentHeaders": {
        "Content-Length": [ "1250" ],
        "Content-Type": [ "application/json; charset=utf-8" ],
        "Expires": [ "-1" ]
      },
      "Content": "{\"identity\":{\"principalId\":\"4c2dbb8e-e459-44cb-9a5b-d11f5b766073\",\"tenantId\":\"72f988bf-86f1-41af-91ab-2d7cd011db47\",\"type\":\"SystemAssigned\"},\"properties\":{\"policyDefinitionId\":\"/subscriptions/edb2c18a-04d6-49e9-bc72-e23852f507ad/providers/Microsoft.Authorization/policyDefinitions/psBackcompat-PolicyAssignmentSystemAssignedIdentity01\",\"definitionVersion\":\"1.*.*\",\"scope\":\"/subscriptions/edb2c18a-04d6-49e9-bc72-e23852f507ad/resourceGroups/rg01\",\"description\":\"Unit test junk: sorry for littering. Please delete me!\",\"metadata\":{\"createdBy\":\"3d826307-2481-45a0-a271-bcf9333f914a\",\"createdOn\":\"2024-04-27T01:43:44.0151717Z\",\"updatedBy\":null,\"updatedOn\":null},\"enforcementMode\":\"Default\"},\"id\":\"/subscriptions/edb2c18a-04d6-49e9-bc72-e23852f507ad/resourceGroups/rg01/providers/Microsoft.Authorization/policyAssignments/psBackcompat-PolicyAssignmentSystemAssignedIdentity02\",\"type\":\"Microsoft.Authorization/policyAssignments\",\"name\":\"psBackcompat-PolicyAssignmentSystemAssignedIdentity02\",\"location\":\"westus\",\"systemData\":{\"createdBy\":\"cstack@ntdev.microsoft.com\",\"createdByType\":\"User\",\"createdAt\":\"2024-04-27T01:43:43.1519076Z\",\"lastModifiedBy\":\"cstack@ntdev.microsoft.com\",\"lastModifiedByType\":\"User\",\"lastModifiedAt\":\"2024-04-27T01:43:43.1519076Z\"}}",
      "isContentBase64": false
    }
  },
  "Backcompat-PolicyAssignmentSystemAssignedIdentity+[NoContext]+update policy assignment+$GET+https://management.azure.com//subscriptions/edb2c18a-04d6-49e9-bc72-e23852f507ad/resourceGroups/rg01/providers/Microsoft.Authorization/policyAssignments/psBackcompat-PolicyAssignmentSystemAssignedIdentity02?api-version=2023-04-01+1": {
    "Request": {
      "Method": "GET",
      "RequestUri": "https://management.azure.com//subscriptions/edb2c18a-04d6-49e9-bc72-e23852f507ad/resourceGroups/rg01/providers/Microsoft.Authorization/policyAssignments/psBackcompat-PolicyAssignmentSystemAssignedIdentity02?api-version=2023-04-01",
      "Content": null,
      "isContentBase64": false,
      "Headers": {
        "x-ms-unique-id": [ "575" ],
        "x-ms-client-request-id": [ "8a0caae9-24ec-41ca-98f0-278c137c51aa" ],
        "CommandName": [ "\u0026" ],
        "FullCommandName": [ "Get-AzPolicyAssignment_Get1" ],
        "ParameterSetName": [ "__AllParameterSets" ],
        "User-Agent": [ "AzurePowershell/v11.0.0", "PSVersion/v7.4.2", "Az.Policy/0.1.1" ],
        "Authorization": [ "[Filtered]" ]
      },
      "ContentHeaders": {
      }
    },
    "Response": {
      "StatusCode": 200,
      "Headers": {
        "Cache-Control": [ "no-cache" ],
        "Pragma": [ "no-cache" ],
        "Strict-Transport-Security": [ "max-age=31536000; includeSubDomains" ],
        "x-ms-throttling-version": [ "v1" ],
        "x-ms-ratelimit-remaining-subscription-reads": [ "11993" ],
        "x-ms-request-id": [ "831dc0e7-af01-446a-84e5-9f040f9bfda4" ],
        "x-ms-correlation-request-id": [ "831dc0e7-af01-446a-84e5-9f040f9bfda4" ],
        "x-ms-routing-request-id": [ "WESTUS2:20240427T014344Z:831dc0e7-af01-446a-84e5-9f040f9bfda4" ],
        "X-Content-Type-Options": [ "nosniff" ],
        "X-Cache": [ "CONFIG_NOCACHE" ],
        "X-MSEdge-Ref": [ "Ref A: EDDF8F57F89145AE929ABA8414689A02 Ref B: CO6AA3150219023 Ref C: 2024-04-27T01:43:44Z" ],
        "Date": [ "Sat, 27 Apr 2024 01:43:44 GMT" ]
      },
      "ContentHeaders": {
        "Content-Length": [ "1250" ],
        "Content-Type": [ "application/json; charset=utf-8" ],
        "Expires": [ "-1" ]
      },
      "Content": "{\"identity\":{\"principalId\":\"4c2dbb8e-e459-44cb-9a5b-d11f5b766073\",\"tenantId\":\"72f988bf-86f1-41af-91ab-2d7cd011db47\",\"type\":\"SystemAssigned\"},\"properties\":{\"policyDefinitionId\":\"/subscriptions/edb2c18a-04d6-49e9-bc72-e23852f507ad/providers/Microsoft.Authorization/policyDefinitions/psBackcompat-PolicyAssignmentSystemAssignedIdentity01\",\"definitionVersion\":\"1.*.*\",\"scope\":\"/subscriptions/edb2c18a-04d6-49e9-bc72-e23852f507ad/resourceGroups/rg01\",\"description\":\"Unit test junk: sorry for littering. Please delete me!\",\"metadata\":{\"createdBy\":\"3d826307-2481-45a0-a271-bcf9333f914a\",\"createdOn\":\"2024-04-27T01:43:44.0151717Z\",\"updatedBy\":null,\"updatedOn\":null},\"enforcementMode\":\"Default\"},\"id\":\"/subscriptions/edb2c18a-04d6-49e9-bc72-e23852f507ad/resourceGroups/rg01/providers/Microsoft.Authorization/policyAssignments/psBackcompat-PolicyAssignmentSystemAssignedIdentity02\",\"type\":\"Microsoft.Authorization/policyAssignments\",\"name\":\"psBackcompat-PolicyAssignmentSystemAssignedIdentity02\",\"location\":\"westus\",\"systemData\":{\"createdBy\":\"cstack@ntdev.microsoft.com\",\"createdByType\":\"User\",\"createdAt\":\"2024-04-27T01:43:43.1519076Z\",\"lastModifiedBy\":\"cstack@ntdev.microsoft.com\",\"lastModifiedByType\":\"User\",\"lastModifiedAt\":\"2024-04-27T01:43:43.1519076Z\"}}",
      "isContentBase64": false
    }
  },
  "Backcompat-PolicyAssignmentSystemAssignedIdentity+[NoContext]+update policy assignment+$PUT+https://management.azure.com//subscriptions/edb2c18a-04d6-49e9-bc72-e23852f507ad/resourceGroups/rg01/providers/Microsoft.Authorization/policyAssignments/psBackcompat-PolicyAssignmentSystemAssignedIdentity02?api-version=2023-04-01+2": {
    "Request": {
      "Method": "PUT",
      "RequestUri": "https://management.azure.com//subscriptions/edb2c18a-04d6-49e9-bc72-e23852f507ad/resourceGroups/rg01/providers/Microsoft.Authorization/policyAssignments/psBackcompat-PolicyAssignmentSystemAssignedIdentity02?api-version=2023-04-01",
      "Content": "{\r\n  \"properties\": {\r\n    \"displayName\": \"testDisplay\",\r\n    \"policyDefinitionId\": \"/subscriptions/edb2c18a-04d6-49e9-bc72-e23852f507ad/providers/Microsoft.Authorization/policyDefinitions/psBackcompat-PolicyAssignmentSystemAssignedIdentity01\"\r\n  },\r\n  \"location\": \"westus\"\r\n}",
      "isContentBase64": false,
      "Headers": {
      },
      "ContentHeaders": {
        "Content-Type": [ "application/json" ],
        "Content-Length": [ "275" ]
      }
    },
    "Response": {
      "StatusCode": 201,
      "Headers": {
        "Cache-Control": [ "no-cache" ],
        "Pragma": [ "no-cache" ],
        "Strict-Transport-Security": [ "max-age=31536000; includeSubDomains" ],
        "x-ms-throttling-version": [ "v1" ],
        "x-ms-ratelimit-remaining-subscription-writes": [ "1199" ],
        "x-ms-request-id": [ "39bb3f54-31d4-4c76-a8f5-5b770706f247" ],
        "x-ms-correlation-request-id": [ "39bb3f54-31d4-4c76-a8f5-5b770706f247" ],
        "x-ms-routing-request-id": [ "WESTUS2:20240427T014345Z:39bb3f54-31d4-4c76-a8f5-5b770706f247" ],
        "X-Content-Type-Options": [ "nosniff" ],
        "X-Cache": [ "CONFIG_NOCACHE" ],
        "X-MSEdge-Ref": [ "Ref A: 145FAD53F03B4DEDB1F5C46E4A2C2625 Ref B: CO6AA3150219023 Ref C: 2024-04-27T01:43:44Z" ],
        "Date": [ "Sat, 27 Apr 2024 01:43:44 GMT" ]
      },
      "ContentHeaders": {
        "Content-Length": [ "1267" ],
        "Content-Type": [ "application/json; charset=utf-8" ],
        "Expires": [ "-1" ]
      },
      "Content": "{\"identity\":{\"principalId\":\"4c2dbb8e-e459-44cb-9a5b-d11f5b766073\",\"tenantId\":\"72f988bf-86f1-41af-91ab-2d7cd011db47\",\"type\":\"SystemAssigned\"},\"properties\":{\"displayName\":\"testDisplay\",\"policyDefinitionId\":\"/subscriptions/edb2c18a-04d6-49e9-bc72-e23852f507ad/providers/Microsoft.Authorization/policyDefinitions/psBackcompat-PolicyAssignmentSystemAssignedIdentity01\",\"definitionVersion\":\"1.*.*\",\"scope\":\"/subscriptions/edb2c18a-04d6-49e9-bc72-e23852f507ad/resourceGroups/rg01\",\"metadata\":{\"createdBy\":\"3d826307-2481-45a0-a271-bcf9333f914a\",\"createdOn\":\"2024-04-27T01:43:44.0151717Z\",\"updatedBy\":\"3d826307-2481-45a0-a271-bcf9333f914a\",\"updatedOn\":\"2024-04-27T01:43:44.7396176Z\"},\"enforcementMode\":\"Default\"},\"id\":\"/subscriptions/edb2c18a-04d6-49e9-bc72-e23852f507ad/resourceGroups/rg01/providers/Microsoft.Authorization/policyAssignments/psBackcompat-PolicyAssignmentSystemAssignedIdentity02\",\"type\":\"Microsoft.Authorization/policyAssignments\",\"name\":\"psBackcompat-PolicyAssignmentSystemAssignedIdentity02\",\"location\":\"westus\",\"systemData\":{\"createdBy\":\"cstack@ntdev.microsoft.com\",\"createdByType\":\"User\",\"createdAt\":\"2024-04-27T01:43:43.1519076Z\",\"lastModifiedBy\":\"cstack@ntdev.microsoft.com\",\"lastModifiedByType\":\"User\",\"lastModifiedAt\":\"2024-04-27T01:43:44.7166025Z\"}}",
      "isContentBase64": false
    }
  },
  "Backcompat-PolicyAssignmentSystemAssignedIdentity+[NoContext]+make another policy assignment without MSI+$PUT+https://management.azure.com//subscriptions/edb2c18a-04d6-49e9-bc72-e23852f507ad/resourceGroups/rg01/providers/Microsoft.Authorization/policyAssignments/psBackcompat-PolicyAssignmentSystemAssignedIdentity03?api-version=2023-04-01+1": {
    "Request": {
      "Method": "PUT",
      "RequestUri": "https://management.azure.com//subscriptions/edb2c18a-04d6-49e9-bc72-e23852f507ad/resourceGroups/rg01/providers/Microsoft.Authorization/policyAssignments/psBackcompat-PolicyAssignmentSystemAssignedIdentity03?api-version=2023-04-01",
      "Content": "{\r\n  \"properties\": {\r\n    \"policyDefinitionId\": \"/subscriptions/edb2c18a-04d6-49e9-bc72-e23852f507ad/providers/Microsoft.Authorization/policyDefinitions/psBackcompat-PolicyAssignmentSystemAssignedIdentity01\",\r\n    \"description\": \"Unit test junk: sorry for littering. Please delete me!\"\r\n  }\r\n}",
      "isContentBase64": false,
      "Headers": {
      },
      "ContentHeaders": {
        "Content-Type": [ "application/json" ],
        "Content-Length": [ "293" ]
      }
    },
    "Response": {
      "StatusCode": 201,
      "Headers": {
        "Cache-Control": [ "no-cache" ],
        "Pragma": [ "no-cache" ],
        "Strict-Transport-Security": [ "max-age=31536000; includeSubDomains" ],
        "x-ms-throttling-version": [ "v1" ],
        "x-ms-ratelimit-remaining-subscription-writes": [ "1198" ],
        "x-ms-request-id": [ "941a35a8-ec9e-4461-b981-d064698ba21a" ],
        "x-ms-correlation-request-id": [ "941a35a8-ec9e-4461-b981-d064698ba21a" ],
        "x-ms-routing-request-id": [ "WESTUS2:20240427T014345Z:941a35a8-ec9e-4461-b981-d064698ba21a" ],
        "X-Content-Type-Options": [ "nosniff" ],
        "X-Cache": [ "CONFIG_NOCACHE" ],
        "X-MSEdge-Ref": [ "Ref A: 574489FD3E1A4FDB9EA0711C0B939D5D Ref B: CO6AA3150219023 Ref C: 2024-04-27T01:43:45Z" ],
        "Date": [ "Sat, 27 Apr 2024 01:43:45 GMT" ]
      },
      "ContentHeaders": {
        "Content-Length": [ "1090" ],
        "Content-Type": [ "application/json; charset=utf-8" ],
        "Expires": [ "-1" ]
      },
      "Content": "{\"properties\":{\"policyDefinitionId\":\"/subscriptions/edb2c18a-04d6-49e9-bc72-e23852f507ad/providers/Microsoft.Authorization/policyDefinitions/psBackcompat-PolicyAssignmentSystemAssignedIdentity01\",\"definitionVersion\":\"1.*.*\",\"scope\":\"/subscriptions/edb2c18a-04d6-49e9-bc72-e23852f507ad/resourceGroups/rg01\",\"description\":\"Unit test junk: sorry for littering. Please delete me!\",\"metadata\":{\"createdBy\":\"3d826307-2481-45a0-a271-bcf9333f914a\",\"createdOn\":\"2024-04-27T01:43:45.2466638Z\",\"updatedBy\":null,\"updatedOn\":null},\"enforcementMode\":\"Default\"},\"id\":\"/subscriptions/edb2c18a-04d6-49e9-bc72-e23852f507ad/resourceGroups/rg01/providers/Microsoft.Authorization/policyAssignments/psBackcompat-PolicyAssignmentSystemAssignedIdentity03\",\"type\":\"Microsoft.Authorization/policyAssignments\",\"name\":\"psBackcompat-PolicyAssignmentSystemAssignedIdentity03\",\"systemData\":{\"createdBy\":\"cstack@ntdev.microsoft.com\",\"createdByType\":\"User\",\"createdAt\":\"2024-04-27T01:43:45.2053308Z\",\"lastModifiedBy\":\"cstack@ntdev.microsoft.com\",\"lastModifiedByType\":\"User\",\"lastModifiedAt\":\"2024-04-27T01:43:45.2053308Z\"}}",
      "isContentBase64": false
    }
  },
  "Backcompat-PolicyAssignmentSystemAssignedIdentity+[NoContext]+make another policy assignment without MSI+$GET+https://management.azure.com//subscriptions/edb2c18a-04d6-49e9-bc72-e23852f507ad/resourceGroups/rg01/providers/Microsoft.Authorization/policyAssignments/psBackcompat-PolicyAssignmentSystemAssignedIdentity03?api-version=2023-04-01+2": {
    "Request": {
      "Method": "GET",
      "RequestUri": "https://management.azure.com//subscriptions/edb2c18a-04d6-49e9-bc72-e23852f507ad/resourceGroups/rg01/providers/Microsoft.Authorization/policyAssignments/psBackcompat-PolicyAssignmentSystemAssignedIdentity03?api-version=2023-04-01",
      "Content": null,
      "isContentBase64": false,
      "Headers": {
        "x-ms-unique-id": [ "578" ],
        "x-ms-client-request-id": [ "7bd86b31-72b0-4bea-8df2-a6df15678fbd" ],
        "CommandName": [ "\u0026" ],
        "FullCommandName": [ "Get-AzPolicyAssignment_Get1" ],
        "ParameterSetName": [ "__AllParameterSets" ],
        "User-Agent": [ "AzurePowershell/v11.0.0", "PSVersion/v7.4.2", "Az.Policy/0.1.1" ],
        "Authorization": [ "[Filtered]" ]
      },
      "ContentHeaders": {
      }
    },
    "Response": {
      "StatusCode": 200,
      "Headers": {
        "Cache-Control": [ "no-cache" ],
        "Pragma": [ "no-cache" ],
        "Strict-Transport-Security": [ "max-age=31536000; includeSubDomains" ],
        "x-ms-throttling-version": [ "v1" ],
        "x-ms-ratelimit-remaining-subscription-reads": [ "11995" ],
        "x-ms-request-id": [ "f9efb95e-c533-4d61-915b-8aacbfe6735f" ],
        "x-ms-correlation-request-id": [ "f9efb95e-c533-4d61-915b-8aacbfe6735f" ],
        "x-ms-routing-request-id": [ "WESTUS2:20240427T014345Z:f9efb95e-c533-4d61-915b-8aacbfe6735f" ],
        "X-Content-Type-Options": [ "nosniff" ],
        "X-Cache": [ "CONFIG_NOCACHE" ],
        "X-MSEdge-Ref": [ "Ref A: 52FBC11F7D084B74A244DF978A53C05A Ref B: CO6AA3150219023 Ref C: 2024-04-27T01:43:45Z" ],
        "Date": [ "Sat, 27 Apr 2024 01:43:45 GMT" ]
      },
      "ContentHeaders": {
        "Content-Length": [ "1090" ],
        "Content-Type": [ "application/json; charset=utf-8" ],
        "Expires": [ "-1" ]
      },
      "Content": "{\"properties\":{\"policyDefinitionId\":\"/subscriptions/edb2c18a-04d6-49e9-bc72-e23852f507ad/providers/Microsoft.Authorization/policyDefinitions/psBackcompat-PolicyAssignmentSystemAssignedIdentity01\",\"definitionVersion\":\"1.*.*\",\"scope\":\"/subscriptions/edb2c18a-04d6-49e9-bc72-e23852f507ad/resourceGroups/rg01\",\"description\":\"Unit test junk: sorry for littering. Please delete me!\",\"metadata\":{\"createdBy\":\"3d826307-2481-45a0-a271-bcf9333f914a\",\"createdOn\":\"2024-04-27T01:43:45.2466638Z\",\"updatedBy\":null,\"updatedOn\":null},\"enforcementMode\":\"Default\"},\"id\":\"/subscriptions/edb2c18a-04d6-49e9-bc72-e23852f507ad/resourceGroups/rg01/providers/Microsoft.Authorization/policyAssignments/psBackcompat-PolicyAssignmentSystemAssignedIdentity03\",\"type\":\"Microsoft.Authorization/policyAssignments\",\"name\":\"psBackcompat-PolicyAssignmentSystemAssignedIdentity03\",\"systemData\":{\"createdBy\":\"cstack@ntdev.microsoft.com\",\"createdByType\":\"User\",\"createdAt\":\"2024-04-27T01:43:45.2053308Z\",\"lastModifiedBy\":\"cstack@ntdev.microsoft.com\",\"lastModifiedByType\":\"User\",\"lastModifiedAt\":\"2024-04-27T01:43:45.2053308Z\"}}",
      "isContentBase64": false
    }
  },
  "Backcompat-PolicyAssignmentSystemAssignedIdentity+[NoContext]+make another policy assignment without MSI+$PUT+https://management.azure.com//subscriptions/edb2c18a-04d6-49e9-bc72-e23852f507ad/resourceGroups/rg01/providers/Microsoft.Authorization/policyAssignments/psBackcompat-PolicyAssignmentSystemAssignedIdentity03?api-version=2023-04-01+3": {
    "Request": {
      "Method": "PUT",
      "RequestUri": "https://management.azure.com//subscriptions/edb2c18a-04d6-49e9-bc72-e23852f507ad/resourceGroups/rg01/providers/Microsoft.Authorization/policyAssignments/psBackcompat-PolicyAssignmentSystemAssignedIdentity03?api-version=2023-04-01",
      "Content": "{\r\n  \"properties\": {\r\n    \"policyDefinitionId\": \"/subscriptions/edb2c18a-04d6-49e9-bc72-e23852f507ad/providers/Microsoft.Authorization/policyDefinitions/psBackcompat-PolicyAssignmentSystemAssignedIdentity01\"\r\n  },\r\n  \"identity\": {\r\n    \"type\": \"SystemAssigned\"\r\n  },\r\n  \"location\": \"westus\"\r\n}",
      "isContentBase64": false,
      "Headers": {
      },
      "ContentHeaders": {
        "Content-Type": [ "application/json" ],
        "Content-Length": [ "293" ]
      }
    },
    "Response": {
      "StatusCode": 201,
      "Headers": {
        "Cache-Control": [ "no-cache" ],
        "Pragma": [ "no-cache" ],
        "Strict-Transport-Security": [ "max-age=31536000; includeSubDomains" ],
        "x-ms-throttling-version": [ "v1" ],
        "x-ms-ratelimit-remaining-subscription-writes": [ "1198" ],
        "x-ms-request-id": [ "f3d0de9e-6003-47dc-81dc-e8cbb66d2c9c" ],
        "x-ms-correlation-request-id": [ "f3d0de9e-6003-47dc-81dc-e8cbb66d2c9c" ],
        "x-ms-routing-request-id": [ "WESTUS2:20240427T014346Z:f3d0de9e-6003-47dc-81dc-e8cbb66d2c9c" ],
        "X-Content-Type-Options": [ "nosniff" ],
        "X-Cache": [ "CONFIG_NOCACHE" ],
        "X-MSEdge-Ref": [ "Ref A: FC5A2707EB044B5FB764FB4F0016B9DB Ref B: CO6AA3150219023 Ref C: 2024-04-27T01:43:45Z" ],
        "Date": [ "Sat, 27 Apr 2024 01:43:46 GMT" ]
      },
      "ContentHeaders": {
        "Content-Length": [ "1239" ],
        "Content-Type": [ "application/json; charset=utf-8" ],
        "Expires": [ "-1" ]
      },
      "Content": "{\"identity\":{\"principalId\":\"0d020945-5a7f-4105-84cc-b632432a985b\",\"tenantId\":\"72f988bf-86f1-41af-91ab-2d7cd011db47\",\"type\":\"SystemAssigned\"},\"properties\":{\"policyDefinitionId\":\"/subscriptions/edb2c18a-04d6-49e9-bc72-e23852f507ad/providers/Microsoft.Authorization/policyDefinitions/psBackcompat-PolicyAssignmentSystemAssignedIdentity01\",\"definitionVersion\":\"1.*.*\",\"scope\":\"/subscriptions/edb2c18a-04d6-49e9-bc72-e23852f507ad/resourceGroups/rg01\",\"metadata\":{\"createdBy\":\"3d826307-2481-45a0-a271-bcf9333f914a\",\"createdOn\":\"2024-04-27T01:43:45.2466638Z\",\"updatedBy\":\"3d826307-2481-45a0-a271-bcf9333f914a\",\"updatedOn\":\"2024-04-27T01:43:46.3167138Z\"},\"enforcementMode\":\"Default\"},\"id\":\"/subscriptions/edb2c18a-04d6-49e9-bc72-e23852f507ad/resourceGroups/rg01/providers/Microsoft.Authorization/policyAssignments/psBackcompat-PolicyAssignmentSystemAssignedIdentity03\",\"type\":\"Microsoft.Authorization/policyAssignments\",\"name\":\"psBackcompat-PolicyAssignmentSystemAssignedIdentity03\",\"location\":\"westus\",\"systemData\":{\"createdBy\":\"cstack@ntdev.microsoft.com\",\"createdByType\":\"User\",\"createdAt\":\"2024-04-27T01:43:45.2053308Z\",\"lastModifiedBy\":\"cstack@ntdev.microsoft.com\",\"lastModifiedByType\":\"User\",\"lastModifiedAt\":\"2024-04-27T01:43:45.7135601Z\"}}",
      "isContentBase64": false
    }
  },
  "Backcompat-PolicyAssignmentSystemAssignedIdentity+[NoContext]+list policy assignment with MSI+$GET+https://management.azure.com/subscriptions/edb2c18a-04d6-49e9-bc72-e23852f507ad/resourceGroups/rg01/providers/Microsoft.Authorization/policyAssignments?$filter=atScope()\u0026api-version=2023-04-01+1": {
    "Request": {
      "Method": "GET",
      "RequestUri": "https://management.azure.com/subscriptions/edb2c18a-04d6-49e9-bc72-e23852f507ad/resourceGroups/rg01/providers/Microsoft.Authorization/policyAssignments?$filter=atScope()\u0026api-version=2023-04-01",
      "Content": null,
      "isContentBase64": false,
      "Headers": {
        "x-ms-unique-id": [ "580" ],
        "x-ms-client-request-id": [ "581db6c6-21ae-432d-838d-bc3db1680435" ],
        "CommandName": [ "\u0026" ],
        "FullCommandName": [ "Get-AzPolicyAssignment_List" ],
        "ParameterSetName": [ "__AllParameterSets" ],
        "User-Agent": [ "AzurePowershell/v11.0.0", "PSVersion/v7.4.2", "Az.Policy/0.1.1" ],
        "Authorization": [ "[Filtered]" ]
      },
      "ContentHeaders": {
      }
    },
    "Response": {
      "StatusCode": 200,
      "Headers": {
        "Cache-Control": [ "no-cache" ],
        "Pragma": [ "no-cache" ],
        "Strict-Transport-Security": [ "max-age=31536000; includeSubDomains" ],
        "x-ms-throttling-version": [ "v1" ],
        "x-ms-ratelimit-remaining-subscription-reads": [ "11992" ],
        "x-ms-request-id": [ "79a0f844-3807-43fe-8653-853a015d8c22" ],
        "x-ms-correlation-request-id": [ "79a0f844-3807-43fe-8653-853a015d8c22" ],
        "x-ms-routing-request-id": [ "WESTUS2:20240427T014346Z:79a0f844-3807-43fe-8653-853a015d8c22" ],
        "X-Content-Type-Options": [ "nosniff" ],
        "X-Cache": [ "CONFIG_NOCACHE" ],
        "X-MSEdge-Ref": [ "Ref A: AEABA1CB47BB4945ABC8585BF8F5B088 Ref B: CO6AA3150219023 Ref C: 2024-04-27T01:43:46Z" ],
        "Date": [ "Sat, 27 Apr 2024 01:43:46 GMT" ]
      },
      "ContentHeaders": {
        "Content-Length": [ "21006" ],
        "Content-Type": [ "application/json; charset=utf-8" ],
        "Expires": [ "-1" ]
      },
      "Content": "{\"value\":[{\"properties\":{\"displayName\":\"App Service apps should have local authentication methods disabled for FTP deployments\",\"policyDefinitionId\":\"/providers/Microsoft.Authorization/policyDefinitions/871b205b-57cf-4e1e-a234-492616998bf7\",\"definitionVersion\":\"1.*.*\",\"scope\":\"/providers/microsoft.management/managementgroups/72f988bf-86f1-41af-91ab-2d7cd011db47\",\"metadata\":{\"createdBy\":\"6a7863b1-49b0-41e5-b70e-242201f6e5b8\",\"createdOn\":\"2023-04-20T23:39:51.0887005Z\",\"updatedBy\":null,\"updatedOn\":null},\"enforcementMode\":\"Default\"},\"id\":\"/providers/microsoft.management/managementgroups/72f988bf-86f1-41af-91ab-2d7cd011db47/providers/Microsoft.Authorization/policyAssignments/5a11252257f8411\",\"type\":\"Microsoft.Authorization/policyAssignments\",\"name\":\"5a11252257f8411\",\"systemData\":{\"createdBy\":\"SC-wp401@microsoft.com\",\"createdByType\":\"User\",\"createdAt\":\"2023-04-20T23:39:51.0293826Z\",\"lastModifiedBy\":\"SC-wp401@microsoft.com\",\"lastModifiedByType\":\"User\",\"lastModifiedAt\":\"2023-04-20T23:39:51.0293826Z\"}},{\"properties\":{\"displayName\":\"App Service app slots should have local authentication methods disabled for FTP deployments\",\"policyDefinitionId\":\"/providers/Microsoft.Authorization/policyDefinitions/ec71c0bc-6a45-4b1f-9587-80dc83e6898c\",\"definitionVersion\":\"1.*.*\",\"scope\":\"/providers/microsoft.management/managementgroups/72f988bf-86f1-41af-91ab-2d7cd011db47\",\"metadata\":{\"createdBy\":\"6a7863b1-49b0-41e5-b70e-242201f6e5b8\",\"createdOn\":\"2023-04-20T23:46:14.3195728Z\",\"updatedBy\":null,\"updatedOn\":null},\"enforcementMode\":\"Default\"},\"id\":\"/providers/microsoft.management/managementgroups/72f988bf-86f1-41af-91ab-2d7cd011db47/providers/Microsoft.Authorization/policyAssignments/baa55f59929449b\",\"type\":\"Microsoft.Authorization/policyAssignments\",\"name\":\"baa55f59929449b\",\"systemData\":{\"createdBy\":\"SC-wp401@microsoft.com\",\"createdByType\":\"User\",\"createdAt\":\"2023-04-20T23:46:14.284484Z\",\"lastModifiedBy\":\"SC-wp401@microsoft.com\",\"lastModifiedByType\":\"User\",\"lastModifiedAt\":\"2023-04-20T23:46:14.284484Z\"}},{\"properties\":{\"displayName\":\"App Service app slots should have local authentication methods disabled for SCM site deployments\",\"policyDefinitionId\":\"/providers/Microsoft.Authorization/policyDefinitions/847ef871-e2fe-4e6e-907e-4adbf71de5cf\",\"definitionVersion\":\"1.*.*\",\"scope\":\"/providers/microsoft.management/managementgroups/72f988bf-86f1-41af-91ab-2d7cd011db47\",\"metadata\":{\"createdBy\":\"6a7863b1-49b0-41e5-b70e-242201f6e5b8\",\"createdOn\":\"2023-04-20T23:46:33.2991452Z\",\"updatedBy\":null,\"updatedOn\":null},\"enforcementMode\":\"Default\"},\"id\":\"/providers/microsoft.management/managementgroups/72f988bf-86f1-41af-91ab-2d7cd011db47/providers/Microsoft.Authorization/policyAssignments/4608d85244b844b\",\"type\":\"Microsoft.Authorization/policyAssignments\",\"name\":\"4608d85244b844b\",\"systemData\":{\"createdBy\":\"SC-wp401@microsoft.com\",\"createdByType\":\"User\",\"createdAt\":\"2023-04-20T23:46:33.2613353Z\",\"lastModifiedBy\":\"SC-wp401@microsoft.com\",\"lastModifiedByType\":\"User\",\"lastModifiedAt\":\"2023-04-20T23:46:33.2613353Z\"}},{\"properties\":{\"displayName\":\"App Service apps should have local authentication methods disabled for SCM site deployments\",\"policyDefinitionId\":\"/providers/Microsoft.Authorization/policyDefinitions/aede300b-d67f-480a-ae26-4b3dfb1a1fdc\",\"definitionVersion\":\"1.*.*\",\"scope\":\"/providers/microsoft.management/managementgroups/72f988bf-86f1-41af-91ab-2d7cd011db47\",\"metadata\":{\"createdBy\":\"6a7863b1-49b0-41e5-b70e-242201f6e5b8\",\"createdOn\":\"2023-04-20T23:46:59.3510701Z\",\"updatedBy\":null,\"updatedOn\":null},\"enforcementMode\":\"Default\"},\"id\":\"/providers/microsoft.management/managementgroups/72f988bf-86f1-41af-91ab-2d7cd011db47/providers/Microsoft.Authorization/policyAssignments/8b5eeefe772b4a3\",\"type\":\"Microsoft.Authorization/policyAssignments\",\"name\":\"8b5eeefe772b4a3\",\"systemData\":{\"createdBy\":\"SC-wp401@microsoft.com\",\"createdByType\":\"User\",\"createdAt\":\"2023-04-20T23:46:59.3138673Z\",\"lastModifiedBy\":\"SC-wp401@microsoft.com\",\"lastModifiedByType\":\"User\",\"lastModifiedAt\":\"2023-04-20T23:46:59.3138673Z\"}},{\"identity\":{\"type\":\"UserAssigned\",\"userAssignedIdentities\":{\"/subscriptions/016c59e7-b9c0-4635-adbf-88c003b9d545/resourcegroups/Identities/providers/Microsoft.ManagedIdentity/userAssignedIdentities/cloudgovremediationwebcontributor\":{\"principalId\":\"2dd1ea73-4024-489e-83a4-45cb3e962f69\",\"clientId\":\"9af16176-9a0a-40a9-9850-fb5c0c4d0847\"}}},\"properties\":{\"displayName\":\"Configure App Service app to disable local authentication for FTP deployments and SCM sites\",\"policyDefinitionId\":\"/providers/Microsoft.Management/managementGroups/72f988bf-86f1-41af-91ab-2d7cd011db47/providers/Microsoft.Authorization/policySetDefinitions/CloudGov_WebAuth_FtpScm\",\"definitionVersion\":\"1.*.*\",\"scope\":\"/providers/Microsoft.Management/managementGroups/72f988bf-86f1-41af-91ab-2d7cd011db47\",\"notScopes\":[\"/providers/Microsoft.Management/managementGroups/cc1750fe-984c-4839-9870-7357641d49ee\"],\"parameters\":{\"skipTag\":{\"value\":\"SkipBPCP\"},\"effect\":{\"value\":\"DeployIfNotExists\"}},\"description\":\"The deployment connections make the transmitted data/code vulnerable to network attacks. Basic authentication is being disabled centrally for all internal applications to improve security posture. For more information navigate to https://eng.ms/cid/f05c4f52-a18d-45a3-87b2-b5d7cf0e5270/fid/6a39d57a2c596d043b5f18e2995b23da0bbc0fab4d1fa0952d0b767f864e2695. If an incident is related to the following policy, please open an IcM incident via https://portal.microsofticm.com/imp/v3/incidents/details/383328883/home\",\"metadata\":{\"assignedBy\":\"Cloud Governance\",\"createdBy\":\"fa00c2de-57d5-4527-9254-4d513f482d0a\",\"createdOn\":\"2023-05-04T20:15:16.8937639Z\",\"updatedBy\":\"fa00c2de-57d5-4527-9254-4d513f482d0a\",\"updatedOn\":\"2023-06-14T20:43:04.0924622Z\",\"parameterScopes\":{}},\"enforcementMode\":\"Default\",\"nonComplianceMessages\":[{\"message\":\"The resource has not complaint Basic Authentication configurations. If following policy is blocking your actions that have a valid security and business reason to remain non compliant, please add \u0027SkipBPCP\u0027 tagName with any value on your Web App. Make sure to follow up with an official exemption request via https://forms.office.com/pages/responsepage.aspx?id=v4j5cvGGr0GRqy180BHbR9EtRz46cDVGn585Xp39USZUODk2QVBSWU9CMFpSN0NVOElWSFY5WlBaSy4u\"}],\"resourceSelectors\":[],\"overrides\":[]},\"id\":\"/providers/Microsoft.Management/managementGroups/72f988bf-86f1-41af-91ab-2d7cd011db47/providers/Microsoft.Authorization/policyAssignments/CloudGov_WebAuth_FtpScm\",\"type\":\"Microsoft.Authorization/policyAssignments\",\"name\":\"CloudGov_WebAuth_FtpScm\",\"location\":\"eastus\",\"systemData\":{\"createdBy\":\"SC-yo37@microsoft.com\",\"createdByType\":\"User\",\"createdAt\":\"2023-05-04T20:15:15.8937864Z\",\"lastModifiedBy\":\"SC-yo37@microsoft.com\",\"lastModifiedByType\":\"User\",\"lastModifiedAt\":\"2023-06-14T20:43:03.6669341Z\"}},{\"identity\":{\"type\":\"UserAssigned\",\"userAssignedIdentities\":{\"/subscriptions/016c59e7-b9c0-4635-adbf-88c003b9d545/resourcegroups/Identities/providers/Microsoft.ManagedIdentity/userAssignedIdentities/CloudGovFlowLogContributor\":{\"principalId\":\"b325d340-14f0-412a-8753-4868e914902f\",\"clientId\":\"fa60cc33-668f-4abb-b956-dad7f44aa42b\"}}},\"properties\":{\"displayName\":\"Enable Virtual Network Flow Logs in ERNetwork Resource Groups\",\"policyDefinitionId\":\"/providers/Microsoft.Management/managementGroups/72f988bf-86f1-41af-91ab-2d7cd011db47/providers/Microsoft.Authorization/policySetDefinitions/CloudGov_VnetFlowLog\",\"definitionVersion\":\"1.*.*\",\"scope\":\"/providers/Microsoft.Management/managementGroups/72f988bf-86f1-41af-91ab-2d7cd011db47\",\"parameters\":{\"timeInterval\":{\"value\":\"60\"},\"retentionDays\":{\"value\":\"0\"},\"corpConnectVNetRGs\":{\"value\":[\"ERNetwork\",\"ERNetwork-DMZ\",\"ERNetwork-PvtApp\",\"ERNetwork-DB\",\"ERNetwork-SVC\",\"ERNetwork-InetApp\",\"ERNetwork-AVD\",\"ERNetwork-MVD\",\"ERNetwork-WVD\",\"ERNetwork-IAN\",\"ERNetwork-EML\",\"ERNetwork-LAB\"]}},\"description\":\"In response to the recent security incident, Microsoft Security decided to improve visibility into the corporate network\u0027s traffic patterns. For more information, please see https://aka.ms/EnableVNetFlowLogsWiki. If you need to report an issue with this policy, please email VNetFlowLogSupport@microsoft.com\",\"metadata\":{\"assignedBy\":\"Cloud Governance\",\"createdBy\":\"b3d441fb-e998-494d-a72b-9c24eabd0cde\",\"createdOn\":\"2024-04-17T18:49:15.3366113Z\",\"updatedBy\":\"b3d441fb-e998-494d-a72b-9c24eabd0cde\",\"updatedOn\":\"2024-04-25T23:29:25.0395814Z\"},\"enforcementMode\":\"Default\",\"resourceSelectors\":[{\"name\":\"SDPRegions\",\"selectors\":[{\"kind\":\"resourceLocation\",\"in\":[\"northeurope\",\"southeastasia\",\"southcentralus\",\"eastus\",\"eastus2\",\"westus2\",\"eastasia\",\"centralus\",\"westeurope\",\"westus3\",\"westus\",\"westcentralus\",\"swedencentral\"]}]}]},\"id\":\"/providers/Microsoft.Management/managementGroups/72f988bf-86f1-41af-91ab-2d7cd011db47/providers/Microsoft.Authorization/policyAssignments/CloudGov_VNetFlowLog\",\"type\":\"Microsoft.Authorization/policyAssignments\",\"name\":\"CloudGov_VNetFlowLog\",\"location\":\"eastus\",\"systemData\":{\"createdBy\":\"SC-uz447@microsoft.com\",\"createdByType\":\"User\",\"createdAt\":\"2024-04-17T18:49:14.2274258Z\",\"lastModifiedBy\":\"SC-uz447@microsoft.com\",\"lastModifiedByType\":\"User\",\"lastModifiedAt\":\"2024-04-25T23:29:24.6640911Z\"}},{\"identity\":{\"type\":\"UserAssigned\",\"userAssignedIdentities\":{\"/subscriptions/016c59e7-b9c0-4635-adbf-88c003b9d545/resourcegroups/Identities/providers/Microsoft.ManagedIdentity/userAssignedIdentities/cloudgovremediationsecadmin\":{\"principalId\":\"cf2265bb-8d4f-4ca9-ae95-fc5bb25aa339\",\"clientId\":\"1681edd0-20cb-4b04-ac27-c810cf52dc17\"}}},\"properties\":{\"displayName\":\"Enable 3 Azure Defender plans in Microsoft Defender for Cloud regards to KR51 project\",\"policyDefinitionId\":\"/providers/Microsoft.Management/managementGroups/72f988bf-86f1-41af-91ab-2d7cd011db47/providers/Microsoft.Authorization/policySetDefinitions/CloudGov_MsDefenderCloud\",\"definitionVersion\":\"1.*.*\",\"scope\":\"/providers/Microsoft.Management/managementGroups/72f988bf-86f1-41af-91ab-2d7cd011db47\",\"notScopes\":[\"/providers/Microsoft.Management/managementGroups/CnAIOrchestrationServicePublicCorpprod\",\"/providers/Microsoft.Management/managementGroups/CnAIHoldingManagementGroupPublicCorp\",\"/providers/Microsoft.Management/managementGroups/manage12\",\"/providers/Microsoft.Management/managementGroups/a7ade9d2-d557-4382-a1c1-eb44a72fb214\"],\"description\":\"MDC is a CSPM and CWPP for all of your Azure/on-premises/multicloud resources. It fills vital needs as you manage the security of your resources and workloads in the cloud and on-premises. For more information, identify the Control Name in \u0027Protections and Remediations\u0027 table from https://aka.ms/cloudgov-policies-and-remediations. If an incident is related to following policy, please open an IcM incident via https://portal.microsofticm.com/imp/v3/incidents/create?tmpl=e2042\",\"metadata\":{\"assignedBy\":\"Cloud Governance\",\"createdBy\":\"0cf7b301-43f3-4b77-8fa3-533ef1ad19fa\",\"createdOn\":\"2024-01-17T18:08:42.7749971Z\",\"updatedBy\":\"0cf7b301-43f3-4b77-8fa3-533ef1ad19fa\",\"updatedOn\":\"2024-02-01T19:21:57.7120067Z\"},\"enforcementMode\":\"Default\",\"nonComplianceMessages\":[{\"message\":\"This configuration is not compliant.  Please refer to \u0027Remediation scenarios\u0027 from https://aka.ms/cloudgov-policies-and-remediations for more details.\"}],\"resourceSelectors\":[],\"overrides\":[]},\"id\":\"/providers/Microsoft.Management/managementGroups/72f988bf-86f1-41af-91ab-2d7cd011db47/providers/Microsoft.Authorization/policyAssignments/CloudGov_MsDefenderCloud\",\"type\":\"Microsoft.Authorization/policyAssignments\",\"name\":\"CloudGov_MsDefenderCloud\",\"location\":\"eastus\",\"systemData\":{\"createdBy\":\"sc-an693@microsoft.com\",\"createdByType\":\"User\",\"createdAt\":\"2024-01-17T18:08:42.3197613Z\",\"lastModifiedBy\":\"sc-an693@microsoft.com\",\"lastModifiedByType\":\"User\",\"lastModifiedAt\":\"2024-02-01T19:21:57.4790221Z\"}},{\"properties\":{\"displayName\":\"Block WVD creation (aka.ms/avdblock)\",\"policyDefinitionId\":\"/providers/Microsoft.Management/managementGroups/72f988bf-86f1-41af-91ab-2d7cd011db47/providers/Microsoft.Authorization/policyDefinitions/Deny WVD creation\",\"definitionVersion\":\"1.*.*\",\"scope\":\"/providers/Microsoft.Management/managementGroups/72f988bf-86f1-41af-91ab-2d7cd011db47\",\"notScopes\":[\"/providers/Microsoft.Management/managementGroups/595d008b-0e4c-41f8-af09-254420fd7571\",\"/providers/Microsoft.Management/managementGroups/64cd7b97-58e0-44d3-832b-55657739bde3\",\"/providers/Microsoft.Management/managementGroups/6a8d5cf2-21ba-4c40-b3df-d271a7053ac1\",\"/providers/Microsoft.Management/managementGroups/9ce3369a-545b-cfba-c329-3631400b552f\",\"/providers/Microsoft.Management/managementGroups/CloudPCMSFTSubscriptions\",\"/providers/Microsoft.Management/managementGroups/MSFT-DSRE-ISO-IAM\",\"/subscriptions/007ee280-d2d4-46c2-8504-0fddd121c219\",\"/subscriptions/03564a44-5aef-4331-b282-f30eec8c48c9\",\"/subscriptions/3ae2e9a4-54bd-459f-8211-6f920ecd52c4\",\"/subscriptions/618f7b25-b146-4c0e-a21b-2f1c67e78648\",\"/subscriptions/7b7593ca-92d5-4e89-8cdb-ab6212795535\",\"/subscriptions/b845979f-8603-49c4-819d-8a347f663159\",\"/subscriptions/ca36f55a-a366-46b0-bbfd-67c26cb4e8f0\",\"/subscriptions/cd84031b-67ef-43be-b0aa-45093719be08\",\"/subscriptions/fa12a77e-015c-46d0-b1c1-235d7549346f\"],\"description\":\"https://aka.ms/AVDblock\",\"metadata\":{\"createdBy\":\"7f1579a6-c648-43a1-ac1e-0c3020dd9b8e\",\"createdOn\":\"2020-11-17T19:41:36.3082667Z\",\"updatedBy\":\"7f1579a6-c648-43a1-ac1e-0c3020dd9b8e\",\"updatedOn\":\"2023-03-09T20:51:37.6178649Z\"},\"enforcementMode\":\"Default\"},\"id\":\"/providers/Microsoft.Management/managementGroups/72f988bf-86f1-41af-91ab-2d7cd011db47/providers/Microsoft.Authorization/policyAssignments/Block WVD creation\",\"type\":\"Microsoft.Authorization/policyAssignments\",\"name\":\"Block WVD creation\",\"systemData\":{\"lastModifiedBy\":\"sc-ze057@microsoft.com\",\"lastModifiedByType\":\"User\",\"lastModifiedAt\":\"2023-03-09T20:51:37.628398Z\"}},{\"identity\":{\"principalId\":\"de569224-4c32-4d4f-9a8a-d026361e2a20\",\"tenantId\":\"72f988bf-86f1-41af-91ab-2d7cd011db47\",\"type\":\"SystemAssigned\"},\"properties\":{\"displayName\":\"tony-test-modifyDenyMG\",\"policyDefinitionId\":\"/providers/Microsoft.Management/managementGroups/AzGovPerfTest/providers/Microsoft.Authorization/policyDefinitions/0489d72b-93a9-4632-8ec3-d9e20fba600a\",\"definitionVersion\":\"1.*.*\",\"scope\":\"/providers/Microsoft.Management/managementGroups/AzGovPerfTest\",\"notScopes\":[],\"parameters\":{\"tagName\":{\"value\":\"test\"}},\"metadata\":{\"assignedBy\":\"Tony Chen\",\"parameterScopes\":{},\"createdBy\":\"2e246f32-0d94-48a6-a899-e01cbe4c82a0\",\"createdOn\":\"2024-01-18T19:30:53.4456674Z\",\"updatedBy\":\"55899cf9-827a-4788-bed4-c0d5c16f943a\",\"updatedOn\":\"2024-02-23T19:47:34.9663592Z\"},\"enforcementMode\":\"Default\",\"nonComplianceMessages\":[],\"resourceSelectors\":[],\"overrides\":[]},\"id\":\"/providers/Microsoft.Management/managementGroups/AzGovPerfTest/providers/Microsoft.Authorization/policyAssignments/e4d662572b4f40409eed77e8\",\"type\":\"Microsoft.Authorization/policyAssignments\",\"name\":\"e4d662572b4f40409eed77e8\",\"location\":\"eastus\",\"systemData\":{\"createdBy\":\"qingyechen@microsoft.com\",\"createdByType\":\"User\",\"createdAt\":\"2024-01-18T19:30:52.6490143Z\",\"lastModifiedBy\":\"varunkum@microsoft.com\",\"lastModifiedByType\":\"User\",\"lastModifiedAt\":\"2024-02-23T19:47:34.7843087Z\"}},{\"identity\":{\"principalId\":\"c97e7038-fcc8-4f04-8a5d-3dca11cb6240\",\"tenantId\":\"72f988bf-86f1-41af-91ab-2d7cd011db47\",\"type\":\"SystemAssigned\"},\"properties\":{\"displayName\":\"tony-test-remeNonCompliantResourceCount-mg\",\"policyDefinitionId\":\"/providers/microsoft.management/managementgroups/azgovperftest/providers/microsoft.authorization/policysetdefinitions/868409909b644cb8aa3df4a2\",\"definitionVersion\":\"1.*.*\",\"scope\":\"/providers/microsoft.management/managementgroups/azgovperftest\",\"notScopes\":[],\"parameters\":{},\"metadata\":{\"parameterScopes\":{},\"createdBy\":\"2e246f32-0d94-48a6-a899-e01cbe4c82a0\",\"createdOn\":\"2024-03-26T00:55:40.5033405Z\",\"updatedBy\":null,\"updatedOn\":null},\"enforcementMode\":\"Default\",\"nonComplianceMessages\":[],\"resourceSelectors\":[],\"overrides\":[]},\"id\":\"/providers/microsoft.management/managementgroups/azgovperftest/providers/Microsoft.Authorization/policyAssignments/8bea7adb75c44b11bbd2385e\",\"type\":\"Microsoft.Authorization/policyAssignments\",\"name\":\"8bea7adb75c44b11bbd2385e\",\"location\":\"westus\",\"systemData\":{\"createdBy\":\"qingyechen@microsoft.com\",\"createdByType\":\"User\",\"createdAt\":\"2024-03-26T00:55:39.9036611Z\",\"lastModifiedBy\":\"qingyechen@microsoft.com\",\"lastModifiedByType\":\"User\",\"lastModifiedAt\":\"2024-03-26T00:55:39.9036611Z\"}},{\"properties\":{\"displayName\":\"IcM-413516148\",\"policyDefinitionId\":\"/subscriptions/edb2c18a-04d6-49e9-bc72-e23852f507ad/providers/Microsoft.Authorization/policyDefinitions/2baf7f68-7f74-45cc-beaa-dc9de40be3ef\",\"definitionVersion\":\"1.*.*\",\"scope\":\"/subscriptions/edb2c18a-04d6-49e9-bc72-e23852f507ad\",\"notScopes\":[],\"parameters\":{},\"description\":\"Repro for IcM 413516148\",\"metadata\":{\"assignedBy\":\"Chris Stackhouse\",\"parameterScopes\":{},\"createdBy\":\"3d826307-2481-45a0-a271-bcf9333f914a\",\"createdOn\":\"2023-08-12T00:45:35.2640788Z\",\"updatedBy\":null,\"updatedOn\":null},\"enforcementMode\":\"Default\",\"nonComplianceMessages\":[],\"resourceSelectors\":[],\"overrides\":[]},\"id\":\"/subscriptions/edb2c18a-04d6-49e9-bc72-e23852f507ad/providers/Microsoft.Authorization/policyAssignments/21eb5353068a4525b9472686\",\"type\":\"Microsoft.Authorization/policyAssignments\",\"name\":\"21eb5353068a4525b9472686\",\"systemData\":{\"createdBy\":\"cstack@ntdev.microsoft.com\",\"createdByType\":\"User\",\"createdAt\":\"2023-08-12T00:45:35.1616594Z\",\"lastModifiedBy\":\"cstack@ntdev.microsoft.com\",\"lastModifiedByType\":\"User\",\"lastModifiedAt\":\"2023-08-12T00:45:35.1616594Z\"}},{\"properties\":{\"policyDefinitionId\":\"/providers/Microsoft.Authorization/policyDefinitions/0a914e76-4921-4c19-b460-a2d36003525a\",\"definitionVersion\":\"2.*.*\",\"scope\":\"/subscriptions/edb2c18a-04d6-49e9-bc72-e23852f507ad/resourceGroups/rg01\",\"description\":\"Unit test junk: sorry for littering. Please delete me!\",\"metadata\":{\"createdBy\":\"3d826307-2481-45a0-a271-bcf9333f914a\",\"createdOn\":\"2024-04-27T01:43:18.999137Z\",\"updatedBy\":null,\"updatedOn\":null},\"enforcementMode\":\"Default\"},\"id\":\"/subscriptions/edb2c18a-04d6-49e9-bc72-e23852f507ad/resourceGroups/rg01/providers/Microsoft.Authorization/policyAssignments/testPA1\",\"type\":\"Microsoft.Authorization/policyAssignments\",\"name\":\"testPA1\",\"systemData\":{\"createdBy\":\"cstack@ntdev.microsoft.com\",\"createdByType\":\"User\",\"createdAt\":\"2024-04-27T01:43:18.9170579Z\",\"lastModifiedBy\":\"cstack@ntdev.microsoft.com\",\"lastModifiedByType\":\"User\",\"lastModifiedAt\":\"2024-04-27T01:43:18.9170579Z\"}},{\"identity\":{\"principalId\":\"4c2dbb8e-e459-44cb-9a5b-d11f5b766073\",\"tenantId\":\"72f988bf-86f1-41af-91ab-2d7cd011db47\",\"type\":\"SystemAssigned\"},\"properties\":{\"displayName\":\"testDisplay\",\"policyDefinitionId\":\"/subscriptions/edb2c18a-04d6-49e9-bc72-e23852f507ad/providers/Microsoft.Authorization/policyDefinitions/psBackcompat-PolicyAssignmentSystemAssignedIdentity01\",\"definitionVersion\":\"1.*.*\",\"scope\":\"/subscriptions/edb2c18a-04d6-49e9-bc72-e23852f507ad/resourceGroups/rg01\",\"metadata\":{\"createdBy\":\"3d826307-2481-45a0-a271-bcf9333f914a\",\"createdOn\":\"2024-04-27T01:43:44.0151717Z\",\"updatedBy\":\"3d826307-2481-45a0-a271-bcf9333f914a\",\"updatedOn\":\"2024-04-27T01:43:44.7396176Z\"},\"enforcementMode\":\"Default\"},\"id\":\"/subscriptions/edb2c18a-04d6-49e9-bc72-e23852f507ad/resourceGroups/rg01/providers/Microsoft.Authorization/policyAssignments/psBackcompat-PolicyAssignmentSystemAssignedIdentity02\",\"type\":\"Microsoft.Authorization/policyAssignments\",\"name\":\"psBackcompat-PolicyAssignmentSystemAssignedIdentity02\",\"location\":\"westus\",\"systemData\":{\"createdBy\":\"cstack@ntdev.microsoft.com\",\"createdByType\":\"User\",\"createdAt\":\"2024-04-27T01:43:43.1519076Z\",\"lastModifiedBy\":\"cstack@ntdev.microsoft.com\",\"lastModifiedByType\":\"User\",\"lastModifiedAt\":\"2024-04-27T01:43:44.7166025Z\"}},{\"identity\":{\"principalId\":\"0d020945-5a7f-4105-84cc-b632432a985b\",\"tenantId\":\"72f988bf-86f1-41af-91ab-2d7cd011db47\",\"type\":\"SystemAssigned\"},\"properties\":{\"policyDefinitionId\":\"/subscriptions/edb2c18a-04d6-49e9-bc72-e23852f507ad/providers/Microsoft.Authorization/policyDefinitions/psBackcompat-PolicyAssignmentSystemAssignedIdentity01\",\"definitionVersion\":\"1.*.*\",\"scope\":\"/subscriptions/edb2c18a-04d6-49e9-bc72-e23852f507ad/resourceGroups/rg01\",\"metadata\":{\"createdBy\":\"3d826307-2481-45a0-a271-bcf9333f914a\",\"createdOn\":\"2024-04-27T01:43:45.2466638Z\",\"updatedBy\":\"3d826307-2481-45a0-a271-bcf9333f914a\",\"updatedOn\":\"2024-04-27T01:43:46.3167138Z\"},\"enforcementMode\":\"Default\"},\"id\":\"/subscriptions/edb2c18a-04d6-49e9-bc72-e23852f507ad/resourceGroups/rg01/providers/Microsoft.Authorization/policyAssignments/psBackcompat-PolicyAssignmentSystemAssignedIdentity03\",\"type\":\"Microsoft.Authorization/policyAssignments\",\"name\":\"psBackcompat-PolicyAssignmentSystemAssignedIdentity03\",\"location\":\"westus\",\"systemData\":{\"createdBy\":\"cstack@ntdev.microsoft.com\",\"createdByType\":\"User\",\"createdAt\":\"2024-04-27T01:43:45.2053308Z\",\"lastModifiedBy\":\"cstack@ntdev.microsoft.com\",\"lastModifiedByType\":\"User\",\"lastModifiedAt\":\"2024-04-27T01:43:45.7135601Z\"}}]}",
      "isContentBase64": false
    }
  },
  "Backcompat-PolicyAssignmentSystemAssignedIdentity+[NoContext]+[NoScenario]+$DELETE+https://management.azure.com//subscriptions/edb2c18a-04d6-49e9-bc72-e23852f507ad/resourceGroups/rg01/providers/Microsoft.Authorization/policyAssignments/psBackcompat-PolicyAssignmentSystemAssignedIdentity02?api-version=2023-04-01+2": {
    "Request": {
      "Method": "DELETE",
      "RequestUri": "https://management.azure.com//subscriptions/edb2c18a-04d6-49e9-bc72-e23852f507ad/resourceGroups/rg01/providers/Microsoft.Authorization/policyAssignments/psBackcompat-PolicyAssignmentSystemAssignedIdentity02?api-version=2023-04-01",
      "Content": null,
      "isContentBase64": false,
      "Headers": {
        "x-ms-unique-id": [ "581" ],
        "x-ms-client-request-id": [ "8fb57599-0a68-4f90-a043-f1ed3bf457a0" ],
        "CommandName": [ "\u0026" ],
        "FullCommandName": [ "Remove-AzPolicyAssignment_Delete" ],
        "ParameterSetName": [ "__AllParameterSets" ],
        "User-Agent": [ "AzurePowershell/v11.0.0", "PSVersion/v7.4.2", "Az.Policy/0.1.1" ],
        "Authorization": [ "[Filtered]" ]
      },
      "ContentHeaders": {
      }
    },
    "Response": {
      "StatusCode": 200,
      "Headers": {
        "Cache-Control": [ "no-cache" ],
        "Pragma": [ "no-cache" ],
        "Strict-Transport-Security": [ "max-age=31536000; includeSubDomains" ],
        "x-ms-throttling-version": [ "v1" ],
        "x-ms-ratelimit-remaining-subscription-deletes": [ "14998" ],
        "x-ms-request-id": [ "9b065230-b5c4-4588-a0de-5829e9e8fcc6" ],
        "x-ms-correlation-request-id": [ "9b065230-b5c4-4588-a0de-5829e9e8fcc6" ],
        "x-ms-routing-request-id": [ "WESTUS2:20240427T014348Z:9b065230-b5c4-4588-a0de-5829e9e8fcc6" ],
        "X-Content-Type-Options": [ "nosniff" ],
        "X-Cache": [ "CONFIG_NOCACHE" ],
        "X-MSEdge-Ref": [ "Ref A: F23A44011ECD4E13BE04DE86B2F71B40 Ref B: CO6AA3150219023 Ref C: 2024-04-27T01:43:47Z" ],
        "Date": [ "Sat, 27 Apr 2024 01:43:47 GMT" ]
      },
      "ContentHeaders": {
        "Content-Length": [ "1267" ],
        "Content-Type": [ "application/json; charset=utf-8" ],
        "Expires": [ "-1" ]
      },
      "Content": "{\"identity\":{\"principalId\":\"4c2dbb8e-e459-44cb-9a5b-d11f5b766073\",\"tenantId\":\"72f988bf-86f1-41af-91ab-2d7cd011db47\",\"type\":\"SystemAssigned\"},\"properties\":{\"displayName\":\"testDisplay\",\"policyDefinitionId\":\"/subscriptions/edb2c18a-04d6-49e9-bc72-e23852f507ad/providers/Microsoft.Authorization/policyDefinitions/psBackcompat-PolicyAssignmentSystemAssignedIdentity01\",\"definitionVersion\":\"1.*.*\",\"scope\":\"/subscriptions/edb2c18a-04d6-49e9-bc72-e23852f507ad/resourceGroups/rg01\",\"metadata\":{\"createdBy\":\"3d826307-2481-45a0-a271-bcf9333f914a\",\"createdOn\":\"2024-04-27T01:43:44.0151717Z\",\"updatedBy\":\"3d826307-2481-45a0-a271-bcf9333f914a\",\"updatedOn\":\"2024-04-27T01:43:44.7396176Z\"},\"enforcementMode\":\"Default\"},\"id\":\"/subscriptions/edb2c18a-04d6-49e9-bc72-e23852f507ad/resourceGroups/rg01/providers/Microsoft.Authorization/policyAssignments/psBackcompat-PolicyAssignmentSystemAssignedIdentity02\",\"type\":\"Microsoft.Authorization/policyAssignments\",\"name\":\"psBackcompat-PolicyAssignmentSystemAssignedIdentity02\",\"location\":\"westus\",\"systemData\":{\"createdBy\":\"cstack@ntdev.microsoft.com\",\"createdByType\":\"User\",\"createdAt\":\"2024-04-27T01:43:43.1519076Z\",\"lastModifiedBy\":\"cstack@ntdev.microsoft.com\",\"lastModifiedByType\":\"User\",\"lastModifiedAt\":\"2024-04-27T01:43:44.7166025Z\"}}",
      "isContentBase64": false
    }
  },
  "Backcompat-PolicyAssignmentSystemAssignedIdentity+[NoContext]+[NoScenario]+$DELETE+https://management.azure.com//subscriptions/edb2c18a-04d6-49e9-bc72-e23852f507ad/resourceGroups/rg01/providers/Microsoft.Authorization/policyAssignments/psBackcompat-PolicyAssignmentSystemAssignedIdentity03?api-version=2023-04-01+3": {
    "Request": {
      "Method": "DELETE",
      "RequestUri": "https://management.azure.com//subscriptions/edb2c18a-04d6-49e9-bc72-e23852f507ad/resourceGroups/rg01/providers/Microsoft.Authorization/policyAssignments/psBackcompat-PolicyAssignmentSystemAssignedIdentity03?api-version=2023-04-01",
      "Content": null,
      "isContentBase64": false,
      "Headers": {
        "x-ms-unique-id": [ "582" ],
        "x-ms-client-request-id": [ "ad36473e-9bd7-45ec-8aba-ed6aad8efc95" ],
        "CommandName": [ "\u0026" ],
        "FullCommandName": [ "Remove-AzPolicyAssignment_Delete" ],
        "ParameterSetName": [ "__AllParameterSets" ],
        "User-Agent": [ "AzurePowershell/v11.0.0", "PSVersion/v7.4.2", "Az.Policy/0.1.1" ],
        "Authorization": [ "[Filtered]" ]
      },
      "ContentHeaders": {
      }
    },
    "Response": {
      "StatusCode": 200,
      "Headers": {
        "Cache-Control": [ "no-cache" ],
        "Pragma": [ "no-cache" ],
        "Strict-Transport-Security": [ "max-age=31536000; includeSubDomains" ],
        "x-ms-throttling-version": [ "v1" ],
        "x-ms-ratelimit-remaining-subscription-deletes": [ "14999" ],
        "x-ms-request-id": [ "0bb4a11c-f836-43e8-a3d6-5836a50ce777" ],
        "x-ms-correlation-request-id": [ "0bb4a11c-f836-43e8-a3d6-5836a50ce777" ],
        "x-ms-routing-request-id": [ "WESTUS2:20240427T014349Z:0bb4a11c-f836-43e8-a3d6-5836a50ce777" ],
        "X-Content-Type-Options": [ "nosniff" ],
        "X-Cache": [ "CONFIG_NOCACHE" ],
        "X-MSEdge-Ref": [ "Ref A: 0D0AFE05902D414CB62DBC3AE099610E Ref B: CO6AA3150219023 Ref C: 2024-04-27T01:43:48Z" ],
        "Date": [ "Sat, 27 Apr 2024 01:43:48 GMT" ]
      },
      "ContentHeaders": {
        "Content-Length": [ "1239" ],
        "Content-Type": [ "application/json; charset=utf-8" ],
        "Expires": [ "-1" ]
      },
      "Content": "{\"identity\":{\"principalId\":\"0d020945-5a7f-4105-84cc-b632432a985b\",\"tenantId\":\"72f988bf-86f1-41af-91ab-2d7cd011db47\",\"type\":\"SystemAssigned\"},\"properties\":{\"policyDefinitionId\":\"/subscriptions/edb2c18a-04d6-49e9-bc72-e23852f507ad/providers/Microsoft.Authorization/policyDefinitions/psBackcompat-PolicyAssignmentSystemAssignedIdentity01\",\"definitionVersion\":\"1.*.*\",\"scope\":\"/subscriptions/edb2c18a-04d6-49e9-bc72-e23852f507ad/resourceGroups/rg01\",\"metadata\":{\"createdBy\":\"3d826307-2481-45a0-a271-bcf9333f914a\",\"createdOn\":\"2024-04-27T01:43:45.2466638Z\",\"updatedBy\":\"3d826307-2481-45a0-a271-bcf9333f914a\",\"updatedOn\":\"2024-04-27T01:43:46.3167138Z\"},\"enforcementMode\":\"Default\"},\"id\":\"/subscriptions/edb2c18a-04d6-49e9-bc72-e23852f507ad/resourceGroups/rg01/providers/Microsoft.Authorization/policyAssignments/psBackcompat-PolicyAssignmentSystemAssignedIdentity03\",\"type\":\"Microsoft.Authorization/policyAssignments\",\"name\":\"psBackcompat-PolicyAssignmentSystemAssignedIdentity03\",\"location\":\"westus\",\"systemData\":{\"createdBy\":\"cstack@ntdev.microsoft.com\",\"createdByType\":\"User\",\"createdAt\":\"2024-04-27T01:43:45.2053308Z\",\"lastModifiedBy\":\"cstack@ntdev.microsoft.com\",\"lastModifiedByType\":\"User\",\"lastModifiedAt\":\"2024-04-27T01:43:45.7135601Z\"}}",
      "isContentBase64": false
    }
  },
  "Backcompat-PolicyAssignmentSystemAssignedIdentity+[NoContext]+[NoScenario]+$DELETE+https://management.azure.com/subscriptions/edb2c18a-04d6-49e9-bc72-e23852f507ad/providers/Microsoft.Authorization/policyDefinitions/psBackcompat-PolicyAssignmentSystemAssignedIdentity01?api-version=2023-04-01+4": {
    "Request": {
      "Method": "DELETE",
      "RequestUri": "https://management.azure.com/subscriptions/edb2c18a-04d6-49e9-bc72-e23852f507ad/providers/Microsoft.Authorization/policyDefinitions/psBackcompat-PolicyAssignmentSystemAssignedIdentity01?api-version=2023-04-01",
      "Content": null,
      "isContentBase64": false,
      "Headers": {
        "x-ms-unique-id": [ "583" ],
        "x-ms-client-request-id": [ "1956de0a-1ea8-460a-8b01-0d2a356c8a9f" ],
        "CommandName": [ "\u0026" ],
        "FullCommandName": [ "Remove-AzPolicyDefinition_Delete" ],
        "ParameterSetName": [ "__AllParameterSets" ],
        "User-Agent": [ "AzurePowershell/v11.0.0", "PSVersion/v7.4.2", "Az.Policy/0.1.1" ],
        "Authorization": [ "[Filtered]" ]
      },
      "ContentHeaders": {
      }
    },
    "Response": {
      "StatusCode": 200,
      "Headers": {
        "Cache-Control": [ "no-cache" ],
        "Pragma": [ "no-cache" ],
        "Strict-Transport-Security": [ "max-age=31536000; includeSubDomains" ],
        "x-ms-throttling-version": [ "v1" ],
        "x-ms-ratelimit-remaining-subscription-deletes": [ "14999" ],
        "x-ms-request-id": [ "3993c16d-8d13-4743-b943-22f578dd5de1" ],
        "x-ms-correlation-request-id": [ "3993c16d-8d13-4743-b943-22f578dd5de1" ],
        "x-ms-routing-request-id": [ "WESTUS2:20240427T014349Z:3993c16d-8d13-4743-b943-22f578dd5de1" ],
        "X-Content-Type-Options": [ "nosniff" ],
        "X-Cache": [ "CONFIG_NOCACHE" ],
        "X-MSEdge-Ref": [ "Ref A: 2149B4C5FA994D2BA9429894587DC62E Ref B: CO6AA3150219023 Ref C: 2024-04-27T01:43:49Z" ],
        "Date": [ "Sat, 27 Apr 2024 01:43:49 GMT" ]
      },
      "ContentHeaders": {
        "Content-Length": [ "956" ],
        "Content-Type": [ "application/json; charset=utf-8" ],
        "Expires": [ "-1" ]
      },
      "Content": "{\"properties\":{\"policyType\":\"Custom\",\"mode\":\"All\",\"description\":\"Unit test junk: sorry for littering. Please delete me!\",\"metadata\":{\"createdBy\":\"3d826307-2481-45a0-a271-bcf9333f914a\",\"createdOn\":\"2024-04-27T01:43:42.7340483Z\",\"updatedBy\":null,\"updatedOn\":null},\"version\":\"1.0.0\",\"policyRule\":{\"if\":{\"source\":\"action\",\"equals\":\"Microsoft.Resources/Subscriptions/ResourceGroups/write\"},\"then\":{\"effect\":\"deny\"}},\"versions\":[\"1.0.0\"]},\"id\":\"/subscriptions/edb2c18a-04d6-49e9-bc72-e23852f507ad/providers/Microsoft.Authorization/policyDefinitions/psBackcompat-PolicyAssignmentSystemAssignedIdentity01\",\"type\":\"Microsoft.Authorization/policyDefinitions\",\"name\":\"psBackcompat-PolicyAssignmentSystemAssignedIdentity01\",\"systemData\":{\"createdBy\":\"cstack@ntdev.microsoft.com\",\"createdByType\":\"User\",\"createdAt\":\"2024-04-27T01:43:42.7190374Z\",\"lastModifiedBy\":\"cstack@ntdev.microsoft.com\",\"lastModifiedByType\":\"User\",\"lastModifiedAt\":\"2024-04-27T01:43:42.7190374Z\"}}",
      "isContentBase64": false
    }
  }
}