{
  "Backcompat-PolicyAssignmentWithParameters+[NoContext]+[NoScenario]+$PUT+https://management.azure.com/subscriptions/edb2c18a-04d6-49e9-bc72-e23852f507ad/providers/Microsoft.Authorization/policyDefinitions/psBackcompat-PolicyAssignmentWithParameters01?api-version=2023-04-01+1": {
    "Request": {
      "Method": "PUT",
      "RequestUri": "https://management.azure.com/subscriptions/edb2c18a-04d6-49e9-bc72-e23852f507ad/providers/Microsoft.Authorization/policyDefinitions/psBackcompat-PolicyAssignmentWithParameters01?api-version=2023-04-01",
      "Content": "{\r\n  \"properties\": {\r\n    \"mode\": \"All\",\r\n    \"description\": \"Unit test junk: sorry for littering. Please delete me!\",\r\n    \"policyRule\": {\r\n      \"if\": {\r\n        \"not\": {\r\n          \"field\": \"location\",\r\n          \"in\": \"[parameters(\\u0027listOfAllowedLocations\\u0027)]\"\r\n        }\r\n      },\r\n      \"then\": {\r\n        \"effect\": \"[parameters(\\u0027effectParam\\u0027)]\"\r\n      }\r\n    },\r\n    \"parameters\": {\r\n      \"listOfAllowedLocations\": {\r\n        \"type\": \"array\",\r\n        \"metadata\": {\r\n          \"description\": \"An array of permitted locations for resources.\",\r\n          \"strongType\": \"location\",\r\n          \"displayName\": \"List of locations\"\r\n        }\r\n      },\r\n      \"effectParam\": {\r\n        \"type\": \"string\",\r\n        \"defaultValue\": \"Deny\",\r\n        \"allowedValues\": [ \"Deny\", \"Disabled\" ],\r\n        \"metadata\": {\r\n          \"description\": \"The effect of the policy\",\r\n          \"displayName\": \"Policy Effect\"\r\n        }\r\n      }\r\n    }\r\n  }\r\n}",
      "isContentBase64": false,
      "Headers": {
      },
      "ContentHeaders": {
        "Content-Type": [ "application/json" ],
        "Content-Length": [ "959" ]
      }
    },
    "Response": {
      "StatusCode": 201,
      "Headers": {
        "Cache-Control": [ "no-cache" ],
        "Pragma": [ "no-cache" ],
        "Strict-Transport-Security": [ "max-age=31536000; includeSubDomains" ],
        "x-ms-ratelimit-remaining-subscription-writes": [ "1198" ],
        "x-ms-request-id": [ "810bd688-f2d4-434f-a7cd-8da8d7720a1f" ],
        "x-ms-correlation-request-id": [ "810bd688-f2d4-434f-a7cd-8da8d7720a1f" ],
        "x-ms-routing-request-id": [ "WESTUS2:20240627T040823Z:810bd688-f2d4-434f-a7cd-8da8d7720a1f" ],
        "X-Content-Type-Options": [ "nosniff" ],
        "X-Cache": [ "CONFIG_NOCACHE" ],
        "X-MSEdge-Ref": [ "Ref A: 4DD13975E4B846C78056E8FF56740F4F Ref B: CO6AA3150218011 Ref C: 2024-06-27T04:08:23Z" ],
        "Date": [ "Thu, 27 Jun 2024 04:08:23 GMT" ]
      },
      "ContentHeaders": {
        "Content-Length": [ "1315" ],
        "Content-Type": [ "application/json; charset=utf-8" ],
        "Expires": [ "-1" ]
      },
      "Content": "{\"properties\":{\"policyType\":\"Custom\",\"mode\":\"All\",\"description\":\"Unit test junk: sorry for littering. Please delete me!\",\"metadata\":{\"createdBy\":\"3d826307-2481-45a0-a271-bcf9333f914a\",\"createdOn\":\"2024-06-27T04:08:23.4509936Z\",\"updatedBy\":null,\"updatedOn\":null},\"version\":\"1.0.0\",\"parameters\":{\"listOfAllowedLocations\":{\"type\":\"array\",\"metadata\":{\"description\":\"An array of permitted locations for resources.\",\"strongType\":\"location\",\"displayName\":\"List of locations\"}},\"effectParam\":{\"type\":\"string\",\"metadata\":{\"description\":\"The effect of the policy\",\"displayName\":\"Policy Effect\"},\"allowedValues\":[\"Deny\",\"Disabled\"],\"defaultValue\":\"Deny\"}},\"policyRule\":{\"if\":{\"not\":{\"field\":\"location\",\"in\":\"[parameters(\u0027listOfAllowedLocations\u0027)]\"}},\"then\":{\"effect\":\"[parameters(\u0027effectParam\u0027)]\"}},\"versions\":[\"1.0.0\"]},\"id\":\"/subscriptions/edb2c18a-04d6-49e9-bc72-e23852f507ad/providers/Microsoft.Authorization/policyDefinitions/psBackcompat-PolicyAssignmentWithParameters01\",\"type\":\"Microsoft.Authorization/policyDefinitions\",\"name\":\"psBackcompat-PolicyAssignmentWithParameters01\",\"systemData\":{\"createdBy\":\"cstack@ntdev.microsoft.com\",\"createdByType\":\"User\",\"createdAt\":\"2024-06-27T04:08:23.438515Z\",\"lastModifiedBy\":\"cstack@ntdev.microsoft.com\",\"lastModifiedByType\":\"User\",\"lastModifiedAt\":\"2024-06-27T04:08:23.438515Z\"}}",
      "isContentBase64": false
    }
  },
  "Backcompat-PolicyAssignmentWithParameters+[NoContext]+make policy assignment with parameters+$PUT+https://management.azure.com//subscriptions/edb2c18a-04d6-49e9-bc72-e23852f507ad/resourceGroups/rg01/providers/Microsoft.Authorization/policyAssignments/psBackcompat-PolicyAssignmentWithParameters02?api-version=2023-04-01+1": {
    "Request": {
      "Method": "PUT",
      "RequestUri": "https://management.azure.com//subscriptions/edb2c18a-04d6-49e9-bc72-e23852f507ad/resourceGroups/rg01/providers/Microsoft.Authorization/policyAssignments/psBackcompat-PolicyAssignmentWithParameters02?api-version=2023-04-01",
      "Content": "{\r\n  \"properties\": {\r\n    \"policyDefinitionId\": \"/subscriptions/edb2c18a-04d6-49e9-bc72-e23852f507ad/providers/Microsoft.Authorization/policyDefinitions/psBackcompat-PolicyAssignmentWithParameters01\",\r\n    \"parameters\": {\r\n      \"listOfAllowedLocations\": {\r\n        \"value\": [ \"West US\", \"West US 2\" ]\r\n      }\r\n    },\r\n    \"description\": \"Unit test junk: sorry for littering. Please delete me!\"\r\n  }\r\n}",
      "isContentBase64": false,
      "Headers": {
      },
      "ContentHeaders": {
        "Content-Type": [ "application/json" ],
        "Content-Length": [ "403" ]
      }
    },
    "Response": {
      "StatusCode": 201,
      "Headers": {
        "Cache-Control": [ "no-cache" ],
        "Pragma": [ "no-cache" ],
        "Strict-Transport-Security": [ "max-age=31536000; includeSubDomains" ],
        "x-ms-ratelimit-remaining-subscription-writes": [ "1198" ],
        "x-ms-request-id": [ "9b0a94d0-91b9-4dfe-a70c-e5033548debf" ],
        "x-ms-correlation-request-id": [ "9b0a94d0-91b9-4dfe-a70c-e5033548debf" ],
        "x-ms-routing-request-id": [ "WESTUS2:20240627T040824Z:9b0a94d0-91b9-4dfe-a70c-e5033548debf" ],
        "X-Content-Type-Options": [ "nosniff" ],
        "X-Cache": [ "CONFIG_NOCACHE" ],
        "X-MSEdge-Ref": [ "Ref A: 52D2417E80054A24860FBFB005CE1FE4 Ref B: CO6AA3150218011 Ref C: 2024-06-27T04:08:23Z" ],
        "Date": [ "Thu, 27 Jun 2024 04:08:24 GMT" ]
      },
      "ContentHeaders": {
        "Content-Length": [ "1140" ],
        "Content-Type": [ "application/json; charset=utf-8" ],
        "Expires": [ "-1" ]
      },
      "Content": "{\"properties\":{\"policyDefinitionId\":\"/subscriptions/edb2c18a-04d6-49e9-bc72-e23852f507ad/providers/Microsoft.Authorization/policyDefinitions/psBackcompat-PolicyAssignmentWithParameters01\",\"definitionVersion\":\"1.*.*\",\"scope\":\"/subscriptions/edb2c18a-04d6-49e9-bc72-e23852f507ad/resourceGroups/rg01\",\"parameters\":{\"listOfAllowedLocations\":{\"value\":[\"West US\",\"West US 2\"]}},\"description\":\"Unit test junk: sorry for littering. Please delete me!\",\"metadata\":{\"createdBy\":\"3d826307-2481-45a0-a271-bcf9333f914a\",\"createdOn\":\"2024-06-27T04:08:24.5097682Z\",\"updatedBy\":null,\"updatedOn\":null},\"enforcementMode\":\"Default\"},\"id\":\"/subscriptions/edb2c18a-04d6-49e9-bc72-e23852f507ad/resourceGroups/rg01/providers/Microsoft.Authorization/policyAssignments/psBackcompat-PolicyAssignmentWithParameters02\",\"type\":\"Microsoft.Authorization/policyAssignments\",\"name\":\"psBackcompat-PolicyAssignmentWithParameters02\",\"systemData\":{\"createdBy\":\"cstack@ntdev.microsoft.com\",\"createdByType\":\"User\",\"createdAt\":\"2024-06-27T04:08:24.3369611Z\",\"lastModifiedBy\":\"cstack@ntdev.microsoft.com\",\"lastModifiedByType\":\"User\",\"lastModifiedAt\":\"2024-06-27T04:08:24.3369611Z\"}}",
      "isContentBase64": false
    }
  },
  "Backcompat-PolicyAssignmentWithParameters+[NoContext]+make policy assignment with parameters+$GET+https://management.azure.com//subscriptions/edb2c18a-04d6-49e9-bc72-e23852f507ad/resourceGroups/rg01/providers/Microsoft.Authorization/policyAssignments/psBackcompat-PolicyAssignmentWithParameters02?api-version=2023-04-01+2": {
    "Request": {
      "Method": "GET",
      "RequestUri": "https://management.azure.com//subscriptions/edb2c18a-04d6-49e9-bc72-e23852f507ad/resourceGroups/rg01/providers/Microsoft.Authorization/policyAssignments/psBackcompat-PolicyAssignmentWithParameters02?api-version=2023-04-01",
      "Content": null,
      "isContentBase64": false,
      "Headers": {
        "x-ms-unique-id": [ "110" ],
        "x-ms-client-request-id": [ "346a78a3-387b-4566-a9ae-85d65eb7346c" ],
        "CommandName": [ "\u0026" ],
        "FullCommandName": [ "Get-AzPolicyAssignment_Get" ],
        "ParameterSetName": [ "__AllParameterSets" ],
        "User-Agent": [ "AzurePowershell/v11.0.0", "PSVersion/v7.4.3", "Az.Policy/0.1.1" ],
        "Authorization": [ "[Filtered]" ]
      },
      "ContentHeaders": {
      }
    },
    "Response": {
      "StatusCode": 200,
      "Headers": {
        "Cache-Control": [ "no-cache" ],
        "Pragma": [ "no-cache" ],
        "Strict-Transport-Security": [ "max-age=31536000; includeSubDomains" ],
        "x-ms-ratelimit-remaining-subscription-reads": [ "11987" ],
        "x-ms-request-id": [ "c330673f-8b58-42b6-b1e9-d0d28b338888" ],
        "x-ms-correlation-request-id": [ "c330673f-8b58-42b6-b1e9-d0d28b338888" ],
        "x-ms-routing-request-id": [ "WESTUS2:20240627T040825Z:c330673f-8b58-42b6-b1e9-d0d28b338888" ],
        "X-Content-Type-Options": [ "nosniff" ],
        "X-Cache": [ "CONFIG_NOCACHE" ],
        "X-MSEdge-Ref": [ "Ref A: 5B510EB64970423694CE8885494A4A56 Ref B: CO6AA3150218011 Ref C: 2024-06-27T04:08:24Z" ],
        "Date": [ "Thu, 27 Jun 2024 04:08:24 GMT" ]
      },
      "ContentHeaders": {
        "Content-Length": [ "1140" ],
        "Content-Type": [ "application/json; charset=utf-8" ],
        "Expires": [ "-1" ]
      },
      "Content": "{\"properties\":{\"policyDefinitionId\":\"/subscriptions/edb2c18a-04d6-49e9-bc72-e23852f507ad/providers/Microsoft.Authorization/policyDefinitions/psBackcompat-PolicyAssignmentWithParameters01\",\"definitionVersion\":\"1.*.*\",\"scope\":\"/subscriptions/edb2c18a-04d6-49e9-bc72-e23852f507ad/resourceGroups/rg01\",\"parameters\":{\"listOfAllowedLocations\":{\"value\":[\"West US\",\"West US 2\"]}},\"description\":\"Unit test junk: sorry for littering. Please delete me!\",\"metadata\":{\"createdBy\":\"3d826307-2481-45a0-a271-bcf9333f914a\",\"createdOn\":\"2024-06-27T04:08:24.5097682Z\",\"updatedBy\":null,\"updatedOn\":null},\"enforcementMode\":\"Default\"},\"id\":\"/subscriptions/edb2c18a-04d6-49e9-bc72-e23852f507ad/resourceGroups/rg01/providers/Microsoft.Authorization/policyAssignments/psBackcompat-PolicyAssignmentWithParameters02\",\"type\":\"Microsoft.Authorization/policyAssignments\",\"name\":\"psBackcompat-PolicyAssignmentWithParameters02\",\"systemData\":{\"createdBy\":\"cstack@ntdev.microsoft.com\",\"createdByType\":\"User\",\"createdAt\":\"2024-06-27T04:08:24.3369611Z\",\"lastModifiedBy\":\"cstack@ntdev.microsoft.com\",\"lastModifiedByType\":\"User\",\"lastModifiedAt\":\"2024-06-27T04:08:24.3369611Z\"}}",
      "isContentBase64": false
    }
  },
  "Backcompat-PolicyAssignmentWithParameters+[NoContext]+make policy assignment with parameters+$DELETE+https://management.azure.com//subscriptions/edb2c18a-04d6-49e9-bc72-e23852f507ad/resourceGroups/rg01/providers/Microsoft.Authorization/policyAssignments/psBackcompat-PolicyAssignmentWithParameters02?api-version=2023-04-01+3": {
    "Request": {
      "Method": "DELETE",
      "RequestUri": "https://management.azure.com//subscriptions/edb2c18a-04d6-49e9-bc72-e23852f507ad/resourceGroups/rg01/providers/Microsoft.Authorization/policyAssignments/psBackcompat-PolicyAssignmentWithParameters02?api-version=2023-04-01",
      "Content": null,
      "isContentBase64": false,
      "Headers": {
        "x-ms-unique-id": [ "111" ],
        "x-ms-client-request-id": [ "7090c3a6-80b2-400d-80fc-e60644bd0242" ],
        "CommandName": [ "\u0026" ],
        "FullCommandName": [ "Remove-AzPolicyAssignment_Delete" ],
        "ParameterSetName": [ "__AllParameterSets" ],
        "User-Agent": [ "AzurePowershell/v11.0.0", "PSVersion/v7.4.3", "Az.Policy/0.1.1" ],
        "Authorization": [ "[Filtered]" ]
      },
      "ContentHeaders": {
      }
    },
    "Response": {
      "StatusCode": 200,
      "Headers": {
        "Cache-Control": [ "no-cache" ],
        "Pragma": [ "no-cache" ],
        "Strict-Transport-Security": [ "max-age=31536000; includeSubDomains" ],
        "x-ms-ratelimit-remaining-subscription-deletes": [ "14998" ],
        "x-ms-request-id": [ "23278138-4723-4f9b-9715-3c2a008c78de" ],
        "x-ms-correlation-request-id": [ "23278138-4723-4f9b-9715-3c2a008c78de" ],
        "x-ms-routing-request-id": [ "WESTUS2:20240627T040825Z:23278138-4723-4f9b-9715-3c2a008c78de" ],
        "X-Content-Type-Options": [ "nosniff" ],
        "X-Cache": [ "CONFIG_NOCACHE" ],
        "X-MSEdge-Ref": [ "Ref A: 925A92BC680844BFB6A0765E5BB07F69 Ref B: CO6AA3150218011 Ref C: 2024-06-27T04:08:25Z" ],
        "Date": [ "Thu, 27 Jun 2024 04:08:25 GMT" ]
      },
      "ContentHeaders": {
        "Content-Length": [ "1140" ],
        "Content-Type": [ "application/json; charset=utf-8" ],
        "Expires": [ "-1" ]
      },
      "Content": "{\"properties\":{\"policyDefinitionId\":\"/subscriptions/edb2c18a-04d6-49e9-bc72-e23852f507ad/providers/Microsoft.Authorization/policyDefinitions/psBackcompat-PolicyAssignmentWithParameters01\",\"definitionVersion\":\"1.*.*\",\"scope\":\"/subscriptions/edb2c18a-04d6-49e9-bc72-e23852f507ad/resourceGroups/rg01\",\"parameters\":{\"listOfAllowedLocations\":{\"value\":[\"West US\",\"West US 2\"]}},\"description\":\"Unit test junk: sorry for littering. Please delete me!\",\"metadata\":{\"createdBy\":\"3d826307-2481-45a0-a271-bcf9333f914a\",\"createdOn\":\"2024-06-27T04:08:24.5097682Z\",\"updatedBy\":null,\"updatedOn\":null},\"enforcementMode\":\"Default\"},\"id\":\"/subscriptions/edb2c18a-04d6-49e9-bc72-e23852f507ad/resourceGroups/rg01/providers/Microsoft.Authorization/policyAssignments/psBackcompat-PolicyAssignmentWithParameters02\",\"type\":\"Microsoft.Authorization/policyAssignments\",\"name\":\"psBackcompat-PolicyAssignmentWithParameters02\",\"systemData\":{\"createdBy\":\"cstack@ntdev.microsoft.com\",\"createdByType\":\"User\",\"createdAt\":\"2024-06-27T04:08:24.3369611Z\",\"lastModifiedBy\":\"cstack@ntdev.microsoft.com\",\"lastModifiedByType\":\"User\",\"lastModifiedAt\":\"2024-06-27T04:08:24.3369611Z\"}}",
      "isContentBase64": false
    }
  },
  "Backcompat-PolicyAssignmentWithParameters+[NoContext]+make policy assignment with parameters from a file+$PUT+https://management.azure.com//subscriptions/edb2c18a-04d6-49e9-bc72-e23852f507ad/resourceGroups/rg01/providers/Microsoft.Authorization/policyAssignments/psBackcompat-PolicyAssignmentWithParameters02?api-version=2023-04-01+1": {
    "Request": {
      "Method": "PUT",
      "RequestUri": "https://management.azure.com//subscriptions/edb2c18a-04d6-49e9-bc72-e23852f507ad/resourceGroups/rg01/providers/Microsoft.Authorization/policyAssignments/psBackcompat-PolicyAssignmentWithParameters02?api-version=2023-04-01",
      "Content": "{\r\n  \"properties\": {\r\n    \"policyDefinitionId\": \"/subscriptions/edb2c18a-04d6-49e9-bc72-e23852f507ad/providers/Microsoft.Authorization/policyDefinitions/psBackcompat-PolicyAssignmentWithParameters01\",\r\n    \"parameters\": {\r\n      \"listOfAllowedLocations\": {\r\n        \"value\": [ \"West US\", \"West US 2\" ]\r\n      }\r\n    },\r\n    \"description\": \"Unit test junk: sorry for littering. Please delete me!\"\r\n  }\r\n}",
      "isContentBase64": false,
      "Headers": {
      },
      "ContentHeaders": {
        "Content-Type": [ "application/json" ],
        "Content-Length": [ "403" ]
      }
    },
    "Response": {
      "StatusCode": 201,
      "Headers": {
        "Cache-Control": [ "no-cache" ],
        "Pragma": [ "no-cache" ],
        "Strict-Transport-Security": [ "max-age=31536000; includeSubDomains" ],
        "x-ms-ratelimit-remaining-subscription-writes": [ "1199" ],
        "x-ms-request-id": [ "36abe5dd-6f43-4079-af42-c5a458af2a11" ],
        "x-ms-correlation-request-id": [ "36abe5dd-6f43-4079-af42-c5a458af2a11" ],
        "x-ms-routing-request-id": [ "WESTUS2:20240627T040825Z:36abe5dd-6f43-4079-af42-c5a458af2a11" ],
        "X-Content-Type-Options": [ "nosniff" ],
        "X-Cache": [ "CONFIG_NOCACHE" ],
        "X-MSEdge-Ref": [ "Ref A: A21022DDDF6746CCB3EA783BBF2A22E4 Ref B: CO6AA3150218011 Ref C: 2024-06-27T04:08:25Z" ],
        "Date": [ "Thu, 27 Jun 2024 04:08:25 GMT" ]
      },
      "ContentHeaders": {
        "Content-Length": [ "1140" ],
        "Content-Type": [ "application/json; charset=utf-8" ],
        "Expires": [ "-1" ]
      },
      "Content": "{\"properties\":{\"policyDefinitionId\":\"/subscriptions/edb2c18a-04d6-49e9-bc72-e23852f507ad/providers/Microsoft.Authorization/policyDefinitions/psBackcompat-PolicyAssignmentWithParameters01\",\"definitionVersion\":\"1.*.*\",\"scope\":\"/subscriptions/edb2c18a-04d6-49e9-bc72-e23852f507ad/resourceGroups/rg01\",\"parameters\":{\"listOfAllowedLocations\":{\"value\":[\"West US\",\"West US 2\"]}},\"description\":\"Unit test junk: sorry for littering. Please delete me!\",\"metadata\":{\"createdBy\":\"3d826307-2481-45a0-a271-bcf9333f914a\",\"createdOn\":\"2024-06-27T04:08:25.7265691Z\",\"updatedBy\":null,\"updatedOn\":null},\"enforcementMode\":\"Default\"},\"id\":\"/subscriptions/edb2c18a-04d6-49e9-bc72-e23852f507ad/resourceGroups/rg01/providers/Microsoft.Authorization/policyAssignments/psBackcompat-PolicyAssignmentWithParameters02\",\"type\":\"Microsoft.Authorization/policyAssignments\",\"name\":\"psBackcompat-PolicyAssignmentWithParameters02\",\"systemData\":{\"createdBy\":\"cstack@ntdev.microsoft.com\",\"createdByType\":\"User\",\"createdAt\":\"2024-06-27T04:08:25.7045264Z\",\"lastModifiedBy\":\"cstack@ntdev.microsoft.com\",\"lastModifiedByType\":\"User\",\"lastModifiedAt\":\"2024-06-27T04:08:25.7045264Z\"}}",
      "isContentBase64": false
    }
  },
  "Backcompat-PolicyAssignmentWithParameters+[NoContext]+make policy assignment with parameters from a file+$GET+https://management.azure.com//subscriptions/edb2c18a-04d6-49e9-bc72-e23852f507ad/resourceGroups/rg01/providers/Microsoft.Authorization/policyAssignments/psBackcompat-PolicyAssignmentWithParameters02?api-version=2023-04-01+2": {
    "Request": {
      "Method": "GET",
      "RequestUri": "https://management.azure.com//subscriptions/edb2c18a-04d6-49e9-bc72-e23852f507ad/resourceGroups/rg01/providers/Microsoft.Authorization/policyAssignments/psBackcompat-PolicyAssignmentWithParameters02?api-version=2023-04-01",
      "Content": null,
      "isContentBase64": false,
      "Headers": {
        "x-ms-unique-id": [ "113" ],
        "x-ms-client-request-id": [ "605e2858-ac4e-4f9f-820e-4d2d62edfa7d" ],
        "CommandName": [ "\u0026" ],
        "FullCommandName": [ "Get-AzPolicyAssignment_Get" ],
        "ParameterSetName": [ "__AllParameterSets" ],
        "User-Agent": [ "AzurePowershell/v11.0.0", "PSVersion/v7.4.3", "Az.Policy/0.1.1" ],
        "Authorization": [ "[Filtered]" ]
      },
      "ContentHeaders": {
      }
    },
    "Response": {
      "StatusCode": 200,
      "Headers": {
        "Cache-Control": [ "no-cache" ],
        "Pragma": [ "no-cache" ],
        "Strict-Transport-Security": [ "max-age=31536000; includeSubDomains" ],
        "x-ms-ratelimit-remaining-subscription-reads": [ "11991" ],
        "x-ms-request-id": [ "fa962d7c-ed1f-4873-a414-0194dfdc2aaa" ],
        "x-ms-correlation-request-id": [ "fa962d7c-ed1f-4873-a414-0194dfdc2aaa" ],
        "x-ms-routing-request-id": [ "WESTUS2:20240627T040826Z:fa962d7c-ed1f-4873-a414-0194dfdc2aaa" ],
        "X-Content-Type-Options": [ "nosniff" ],
        "X-Cache": [ "CONFIG_NOCACHE" ],
        "X-MSEdge-Ref": [ "Ref A: 70496E49A8C2419592FC1699953FE579 Ref B: CO6AA3150218011 Ref C: 2024-06-27T04:08:26Z" ],
        "Date": [ "Thu, 27 Jun 2024 04:08:25 GMT" ]
      },
      "ContentHeaders": {
        "Content-Length": [ "1140" ],
        "Content-Type": [ "application/json; charset=utf-8" ],
        "Expires": [ "-1" ]
      },
      "Content": "{\"properties\":{\"policyDefinitionId\":\"/subscriptions/edb2c18a-04d6-49e9-bc72-e23852f507ad/providers/Microsoft.Authorization/policyDefinitions/psBackcompat-PolicyAssignmentWithParameters01\",\"definitionVersion\":\"1.*.*\",\"scope\":\"/subscriptions/edb2c18a-04d6-49e9-bc72-e23852f507ad/resourceGroups/rg01\",\"parameters\":{\"listOfAllowedLocations\":{\"value\":[\"West US\",\"West US 2\"]}},\"description\":\"Unit test junk: sorry for littering. Please delete me!\",\"metadata\":{\"createdBy\":\"3d826307-2481-45a0-a271-bcf9333f914a\",\"createdOn\":\"2024-06-27T04:08:25.7265691Z\",\"updatedBy\":null,\"updatedOn\":null},\"enforcementMode\":\"Default\"},\"id\":\"/subscriptions/edb2c18a-04d6-49e9-bc72-e23852f507ad/resourceGroups/rg01/providers/Microsoft.Authorization/policyAssignments/psBackcompat-PolicyAssignmentWithParameters02\",\"type\":\"Microsoft.Authorization/policyAssignments\",\"name\":\"psBackcompat-PolicyAssignmentWithParameters02\",\"systemData\":{\"createdBy\":\"cstack@ntdev.microsoft.com\",\"createdByType\":\"User\",\"createdAt\":\"2024-06-27T04:08:25.7045264Z\",\"lastModifiedBy\":\"cstack@ntdev.microsoft.com\",\"lastModifiedByType\":\"User\",\"lastModifiedAt\":\"2024-06-27T04:08:25.7045264Z\"}}",
      "isContentBase64": false
    }
  },
  "Backcompat-PolicyAssignmentWithParameters+[NoContext]+update policy assignment parameters+$GET+https://management.azure.com//subscriptions/edb2c18a-04d6-49e9-bc72-e23852f507ad/resourceGroups/rg01/providers/Microsoft.Authorization/policyAssignments/psBackcompat-PolicyAssignmentWithParameters02?api-version=2023-04-01+1": {
    "Request": {
      "Method": "GET",
      "RequestUri": "https://management.azure.com//subscriptions/edb2c18a-04d6-49e9-bc72-e23852f507ad/resourceGroups/rg01/providers/Microsoft.Authorization/policyAssignments/psBackcompat-PolicyAssignmentWithParameters02?api-version=2023-04-01",
      "Content": null,
      "isContentBase64": false,
      "Headers": {
        "x-ms-unique-id": [ "114" ],
        "x-ms-client-request-id": [ "2c6ad27a-e6cb-4a06-8d20-e339aa551236" ],
        "CommandName": [ "\u0026" ],
        "FullCommandName": [ "Get-AzPolicyAssignment_Get1" ],
        "ParameterSetName": [ "__AllParameterSets" ],
        "User-Agent": [ "AzurePowershell/v11.0.0", "PSVersion/v7.4.3", "Az.Policy/0.1.1" ],
        "Authorization": [ "[Filtered]" ]
      },
      "ContentHeaders": {
      }
    },
    "Response": {
      "StatusCode": 200,
      "Headers": {
        "Cache-Control": [ "no-cache" ],
        "Pragma": [ "no-cache" ],
        "Strict-Transport-Security": [ "max-age=31536000; includeSubDomains" ],
        "x-ms-ratelimit-remaining-subscription-reads": [ "11992" ],
        "x-ms-request-id": [ "d77405a6-d91f-4ea3-ac43-769ba84fe804" ],
        "x-ms-correlation-request-id": [ "d77405a6-d91f-4ea3-ac43-769ba84fe804" ],
        "x-ms-routing-request-id": [ "WESTUS2:20240627T040826Z:d77405a6-d91f-4ea3-ac43-769ba84fe804" ],
        "X-Content-Type-Options": [ "nosniff" ],
        "X-Cache": [ "CONFIG_NOCACHE" ],
        "X-MSEdge-Ref": [ "Ref A: D7219FDA27924E4BAC2C528D9AC86176 Ref B: CO6AA3150218011 Ref C: 2024-06-27T04:08:26Z" ],
        "Date": [ "Thu, 27 Jun 2024 04:08:26 GMT" ]
      },
      "ContentHeaders": {
        "Content-Length": [ "1140" ],
        "Content-Type": [ "application/json; charset=utf-8" ],
        "Expires": [ "-1" ]
      },
      "Content": "{\"properties\":{\"policyDefinitionId\":\"/subscriptions/edb2c18a-04d6-49e9-bc72-e23852f507ad/providers/Microsoft.Authorization/policyDefinitions/psBackcompat-PolicyAssignmentWithParameters01\",\"definitionVersion\":\"1.*.*\",\"scope\":\"/subscriptions/edb2c18a-04d6-49e9-bc72-e23852f507ad/resourceGroups/rg01\",\"parameters\":{\"listOfAllowedLocations\":{\"value\":[\"West US\",\"West US 2\"]}},\"description\":\"Unit test junk: sorry for littering. Please delete me!\",\"metadata\":{\"createdBy\":\"3d826307-2481-45a0-a271-bcf9333f914a\",\"createdOn\":\"2024-06-27T04:08:25.7265691Z\",\"updatedBy\":null,\"updatedOn\":null},\"enforcementMode\":\"Default\"},\"id\":\"/subscriptions/edb2c18a-04d6-49e9-bc72-e23852f507ad/resourceGroups/rg01/providers/Microsoft.Authorization/policyAssignments/psBackcompat-PolicyAssignmentWithParameters02\",\"type\":\"Microsoft.Authorization/policyAssignments\",\"name\":\"psBackcompat-PolicyAssignmentWithParameters02\",\"systemData\":{\"createdBy\":\"cstack@ntdev.microsoft.com\",\"createdByType\":\"User\",\"createdAt\":\"2024-06-27T04:08:25.7045264Z\",\"lastModifiedBy\":\"cstack@ntdev.microsoft.com\",\"lastModifiedByType\":\"User\",\"lastModifiedAt\":\"2024-06-27T04:08:25.7045264Z\"}}",
      "isContentBase64": false
    }
  },
  "Backcompat-PolicyAssignmentWithParameters+[NoContext]+update policy assignment parameters+$PUT+https://management.azure.com//subscriptions/edb2c18a-04d6-49e9-bc72-e23852f507ad/resourceGroups/rg01/providers/Microsoft.Authorization/policyAssignments/psBackcompat-PolicyAssignmentWithParameters02?api-version=2023-04-01+2": {
    "Request": {
      "Method": "PUT",
      "RequestUri": "https://management.azure.com//subscriptions/edb2c18a-04d6-49e9-bc72-e23852f507ad/resourceGroups/rg01/providers/Microsoft.Authorization/policyAssignments/psBackcompat-PolicyAssignmentWithParameters02?api-version=2023-04-01",
      "Content": "{\r\n  \"properties\": {\r\n    \"policyDefinitionId\": \"/subscriptions/edb2c18a-04d6-49e9-bc72-e23852f507ad/providers/Microsoft.Authorization/policyDefinitions/psBackcompat-PolicyAssignmentWithParameters01\",\r\n    \"parameters\": {\r\n      \"listOfAllowedLocations\": {\r\n        \"value\": [ \"something\", \"something else\" ]\r\n      }\r\n    },\r\n    \"description\": \"Unit test junk: sorry for littering. Please delete me!\"\r\n  }\r\n}",
      "isContentBase64": false,
      "Headers": {
      },
      "ContentHeaders": {
        "Content-Type": [ "application/json" ],
        "Content-Length": [ "410" ]
      }
    },
    "Response": {
      "StatusCode": 201,
      "Headers": {
        "Cache-Control": [ "no-cache" ],
        "Pragma": [ "no-cache" ],
        "Strict-Transport-Security": [ "max-age=31536000; includeSubDomains" ],
        "x-ms-ratelimit-remaining-subscription-writes": [ "1198" ],
        "x-ms-request-id": [ "863e11d9-2239-4599-b1d2-4ab574a1fa2a" ],
        "x-ms-correlation-request-id": [ "863e11d9-2239-4599-b1d2-4ab574a1fa2a" ],
        "x-ms-routing-request-id": [ "WESTUS2:20240627T040826Z:863e11d9-2239-4599-b1d2-4ab574a1fa2a" ],
        "X-Content-Type-Options": [ "nosniff" ],
        "X-Cache": [ "CONFIG_NOCACHE" ],
        "X-MSEdge-Ref": [ "Ref A: B5E4770F5DE442239CDFD3F64CD31FAF Ref B: CO6AA3150218011 Ref C: 2024-06-27T04:08:26Z" ],
        "Date": [ "Thu, 27 Jun 2024 04:08:26 GMT" ]
      },
      "ContentHeaders": {
        "Content-Length": [ "1207" ],
        "Content-Type": [ "application/json; charset=utf-8" ],
        "Expires": [ "-1" ]
      },
      "Content": "{\"properties\":{\"policyDefinitionId\":\"/subscriptions/edb2c18a-04d6-49e9-bc72-e23852f507ad/providers/Microsoft.Authorization/policyDefinitions/psBackcompat-PolicyAssignmentWithParameters01\",\"definitionVersion\":\"1.*.*\",\"scope\":\"/subscriptions/edb2c18a-04d6-49e9-bc72-e23852f507ad/resourceGroups/rg01\",\"parameters\":{\"listOfAllowedLocations\":{\"value\":[\"something\",\"something else\"]}},\"description\":\"Unit test junk: sorry for littering. Please delete me!\",\"metadata\":{\"createdBy\":\"3d826307-2481-45a0-a271-bcf9333f914a\",\"createdOn\":\"2024-06-27T04:08:25.7265691Z\",\"updatedBy\":\"3d826307-2481-45a0-a271-bcf9333f914a\",\"updatedOn\":\"2024-06-27T04:08:26.5107943Z\"},\"enforcementMode\":\"Default\"},\"id\":\"/subscriptions/edb2c18a-04d6-49e9-bc72-e23852f507ad/resourceGroups/rg01/providers/Microsoft.Authorization/policyAssignments/psBackcompat-PolicyAssignmentWithParameters02\",\"type\":\"Microsoft.Authorization/policyAssignments\",\"name\":\"psBackcompat-PolicyAssignmentWithParameters02\",\"systemData\":{\"createdBy\":\"cstack@ntdev.microsoft.com\",\"createdByType\":\"User\",\"createdAt\":\"2024-06-27T04:08:25.7045264Z\",\"lastModifiedBy\":\"cstack@ntdev.microsoft.com\",\"lastModifiedByType\":\"User\",\"lastModifiedAt\":\"2024-06-27T04:08:26.4848897Z\"}}",
      "isContentBase64": false
    }
  },
  "Backcompat-PolicyAssignmentWithParameters+[NoContext]+update policy assignment parameters+$GET+https://management.azure.com//subscriptions/edb2c18a-04d6-49e9-bc72-e23852f507ad/resourceGroups/rg01/providers/Microsoft.Authorization/policyAssignments/psBackcompat-PolicyAssignmentWithParameters02?api-version=2023-04-01+3": {
    "Request": {
      "Method": "GET",
      "RequestUri": "https://management.azure.com//subscriptions/edb2c18a-04d6-49e9-bc72-e23852f507ad/resourceGroups/rg01/providers/Microsoft.Authorization/policyAssignments/psBackcompat-PolicyAssignmentWithParameters02?api-version=2023-04-01",
      "Content": null,
      "isContentBase64": false,
      "Headers": {
        "x-ms-unique-id": [ "116" ],
        "x-ms-client-request-id": [ "2865dc99-f279-40a3-a563-1ac9564a8022" ],
        "CommandName": [ "\u0026" ],
        "FullCommandName": [ "Get-AzPolicyAssignment_Get" ],
        "ParameterSetName": [ "__AllParameterSets" ],
        "User-Agent": [ "AzurePowershell/v11.0.0", "PSVersion/v7.4.3", "Az.Policy/0.1.1" ],
        "Authorization": [ "[Filtered]" ]
      },
      "ContentHeaders": {
      }
    },
    "Response": {
      "StatusCode": 200,
      "Headers": {
        "Cache-Control": [ "no-cache" ],
        "Pragma": [ "no-cache" ],
        "Strict-Transport-Security": [ "max-age=31536000; includeSubDomains" ],
        "x-ms-ratelimit-remaining-subscription-reads": [ "11997" ],
        "x-ms-request-id": [ "a847cc4e-2f12-4994-9f8a-628c103e4210" ],
        "x-ms-correlation-request-id": [ "a847cc4e-2f12-4994-9f8a-628c103e4210" ],
        "x-ms-routing-request-id": [ "WESTUS2:20240627T040826Z:a847cc4e-2f12-4994-9f8a-628c103e4210" ],
        "X-Content-Type-Options": [ "nosniff" ],
        "X-Cache": [ "CONFIG_NOCACHE" ],
        "X-MSEdge-Ref": [ "Ref A: EDEE7220FAB7424096987BDE9FAFAEC4 Ref B: CO6AA3150218011 Ref C: 2024-06-27T04:08:26Z" ],
        "Date": [ "Thu, 27 Jun 2024 04:08:26 GMT" ]
      },
      "ContentHeaders": {
        "Content-Length": [ "1207" ],
        "Content-Type": [ "application/json; charset=utf-8" ],
        "Expires": [ "-1" ]
      },
      "Content": "{\"properties\":{\"policyDefinitionId\":\"/subscriptions/edb2c18a-04d6-49e9-bc72-e23852f507ad/providers/Microsoft.Authorization/policyDefinitions/psBackcompat-PolicyAssignmentWithParameters01\",\"definitionVersion\":\"1.*.*\",\"scope\":\"/subscriptions/edb2c18a-04d6-49e9-bc72-e23852f507ad/resourceGroups/rg01\",\"parameters\":{\"listOfAllowedLocations\":{\"value\":[\"something\",\"something else\"]}},\"description\":\"Unit test junk: sorry for littering. Please delete me!\",\"metadata\":{\"createdBy\":\"3d826307-2481-45a0-a271-bcf9333f914a\",\"createdOn\":\"2024-06-27T04:08:25.7265691Z\",\"updatedBy\":\"3d826307-2481-45a0-a271-bcf9333f914a\",\"updatedOn\":\"2024-06-27T04:08:26.5107943Z\"},\"enforcementMode\":\"Default\"},\"id\":\"/subscriptions/edb2c18a-04d6-49e9-bc72-e23852f507ad/resourceGroups/rg01/providers/Microsoft.Authorization/policyAssignments/psBackcompat-PolicyAssignmentWithParameters02\",\"type\":\"Microsoft.Authorization/policyAssignments\",\"name\":\"psBackcompat-PolicyAssignmentWithParameters02\",\"systemData\":{\"createdBy\":\"cstack@ntdev.microsoft.com\",\"createdByType\":\"User\",\"createdAt\":\"2024-06-27T04:08:25.7045264Z\",\"lastModifiedBy\":\"cstack@ntdev.microsoft.com\",\"lastModifiedByType\":\"User\",\"lastModifiedAt\":\"2024-06-27T04:08:26.4848897Z\"}}",
      "isContentBase64": false
    }
  },
  "Backcompat-PolicyAssignmentWithParameters+[NoContext]+update policy assignment parameters+$DELETE+https://management.azure.com//subscriptions/edb2c18a-04d6-49e9-bc72-e23852f507ad/resourceGroups/rg01/providers/Microsoft.Authorization/policyAssignments/psBackcompat-PolicyAssignmentWithParameters02?api-version=2023-04-01+4": {
    "Request": {
      "Method": "DELETE",
      "RequestUri": "https://management.azure.com//subscriptions/edb2c18a-04d6-49e9-bc72-e23852f507ad/resourceGroups/rg01/providers/Microsoft.Authorization/policyAssignments/psBackcompat-PolicyAssignmentWithParameters02?api-version=2023-04-01",
      "Content": null,
      "isContentBase64": false,
      "Headers": {
        "x-ms-unique-id": [ "117" ],
        "x-ms-client-request-id": [ "2dfb5c1a-75f2-4263-ba8c-269d7f0e7f42" ],
        "CommandName": [ "\u0026" ],
        "FullCommandName": [ "Remove-AzPolicyAssignment_Delete" ],
        "ParameterSetName": [ "__AllParameterSets" ],
        "User-Agent": [ "AzurePowershell/v11.0.0", "PSVersion/v7.4.3", "Az.Policy/0.1.1" ],
        "Authorization": [ "[Filtered]" ]
      },
      "ContentHeaders": {
      }
    },
    "Response": {
      "StatusCode": 200,
      "Headers": {
        "Cache-Control": [ "no-cache" ],
        "Pragma": [ "no-cache" ],
        "Strict-Transport-Security": [ "max-age=31536000; includeSubDomains" ],
        "x-ms-ratelimit-remaining-subscription-deletes": [ "14998" ],
        "x-ms-request-id": [ "07b4668f-f1f2-44d4-93fc-3714e094bbf7" ],
        "x-ms-correlation-request-id": [ "07b4668f-f1f2-44d4-93fc-3714e094bbf7" ],
        "x-ms-routing-request-id": [ "WESTUS2:20240627T040827Z:07b4668f-f1f2-44d4-93fc-3714e094bbf7" ],
        "X-Content-Type-Options": [ "nosniff" ],
        "X-Cache": [ "CONFIG_NOCACHE" ],
        "X-MSEdge-Ref": [ "Ref A: D1E1862248E84A5588310FA205ACA6C6 Ref B: CO6AA3150218011 Ref C: 2024-06-27T04:08:26Z" ],
        "Date": [ "Thu, 27 Jun 2024 04:08:27 GMT" ]
      },
      "ContentHeaders": {
        "Content-Length": [ "1207" ],
        "Content-Type": [ "application/json; charset=utf-8" ],
        "Expires": [ "-1" ]
      },
      "Content": "{\"properties\":{\"policyDefinitionId\":\"/subscriptions/edb2c18a-04d6-49e9-bc72-e23852f507ad/providers/Microsoft.Authorization/policyDefinitions/psBackcompat-PolicyAssignmentWithParameters01\",\"definitionVersion\":\"1.*.*\",\"scope\":\"/subscriptions/edb2c18a-04d6-49e9-bc72-e23852f507ad/resourceGroups/rg01\",\"parameters\":{\"listOfAllowedLocations\":{\"value\":[\"something\",\"something else\"]}},\"description\":\"Unit test junk: sorry for littering. Please delete me!\",\"metadata\":{\"createdBy\":\"3d826307-2481-45a0-a271-bcf9333f914a\",\"createdOn\":\"2024-06-27T04:08:25.7265691Z\",\"updatedBy\":\"3d826307-2481-45a0-a271-bcf9333f914a\",\"updatedOn\":\"2024-06-27T04:08:26.5107943Z\"},\"enforcementMode\":\"Default\"},\"id\":\"/subscriptions/edb2c18a-04d6-49e9-bc72-e23852f507ad/resourceGroups/rg01/providers/Microsoft.Authorization/policyAssignments/psBackcompat-PolicyAssignmentWithParameters02\",\"type\":\"Microsoft.Authorization/policyAssignments\",\"name\":\"psBackcompat-PolicyAssignmentWithParameters02\",\"systemData\":{\"createdBy\":\"cstack@ntdev.microsoft.com\",\"createdByType\":\"User\",\"createdAt\":\"2024-06-27T04:08:25.7045264Z\",\"lastModifiedBy\":\"cstack@ntdev.microsoft.com\",\"lastModifiedByType\":\"User\",\"lastModifiedAt\":\"2024-06-27T04:08:26.4848897Z\"}}",
      "isContentBase64": false
    }
  },
  "Backcompat-PolicyAssignmentWithParameters+[NoContext]+make policy assignment with hashtable of parameters+$PUT+https://management.azure.com//subscriptions/edb2c18a-04d6-49e9-bc72-e23852f507ad/resourceGroups/rg01/providers/Microsoft.Authorization/policyAssignments/psBackcompat-PolicyAssignmentWithParameters02?api-version=2023-04-01+1": {
    "Request": {
      "Method": "PUT",
      "RequestUri": "https://management.azure.com//subscriptions/edb2c18a-04d6-49e9-bc72-e23852f507ad/resourceGroups/rg01/providers/Microsoft.Authorization/policyAssignments/psBackcompat-PolicyAssignmentWithParameters02?api-version=2023-04-01",
      "Content": "{\r\n  \"properties\": {\r\n    \"policyDefinitionId\": \"/subscriptions/edb2c18a-04d6-49e9-bc72-e23852f507ad/providers/Microsoft.Authorization/policyDefinitions/psBackcompat-PolicyAssignmentWithParameters01\",\r\n    \"parameters\": {\r\n      \"listOfAllowedLocations\": {\r\n        \"value\": [ \"West US\", \"West US 2\" ]\r\n      }\r\n    },\r\n    \"description\": \"Unit test junk: sorry for littering. Please delete me!\",\r\n    \"metadata\": {\r\n      \"testName\": \"testValue\"\r\n    }\r\n  }\r\n}",
      "isContentBase64": false,
      "Headers": {
      },
      "ContentHeaders": {
        "Content-Type": [ "application/json" ],
        "Content-Length": [ "461" ]
      }
    },
    "Response": {
      "StatusCode": 201,
      "Headers": {
        "Cache-Control": [ "no-cache" ],
        "Pragma": [ "no-cache" ],
        "Strict-Transport-Security": [ "max-age=31536000; includeSubDomains" ],
        "x-ms-ratelimit-remaining-subscription-writes": [ "1198" ],
        "x-ms-request-id": [ "64023577-44c0-4ebd-9237-40a7081d4f1e" ],
        "x-ms-correlation-request-id": [ "64023577-44c0-4ebd-9237-40a7081d4f1e" ],
        "x-ms-routing-request-id": [ "WESTUS2:20240627T040828Z:64023577-44c0-4ebd-9237-40a7081d4f1e" ],
        "X-Content-Type-Options": [ "nosniff" ],
        "X-Cache": [ "CONFIG_NOCACHE" ],
        "X-MSEdge-Ref": [ "Ref A: 220609EB5BF043CFBE9E53DA0DB77AFB Ref B: CO6AA3150218011 Ref C: 2024-06-27T04:08:27Z" ],
        "Date": [ "Thu, 27 Jun 2024 04:08:27 GMT" ]
      },
      "ContentHeaders": {
        "Content-Length": [ "1163" ],
        "Content-Type": [ "application/json; charset=utf-8" ],
        "Expires": [ "-1" ]
      },
      "Content": "{\"properties\":{\"policyDefinitionId\":\"/subscriptions/edb2c18a-04d6-49e9-bc72-e23852f507ad/providers/Microsoft.Authorization/policyDefinitions/psBackcompat-PolicyAssignmentWithParameters01\",\"definitionVersion\":\"1.*.*\",\"scope\":\"/subscriptions/edb2c18a-04d6-49e9-bc72-e23852f507ad/resourceGroups/rg01\",\"parameters\":{\"listOfAllowedLocations\":{\"value\":[\"West US\",\"West US 2\"]}},\"description\":\"Unit test junk: sorry for littering. Please delete me!\",\"metadata\":{\"testName\":\"testValue\",\"createdBy\":\"3d826307-2481-45a0-a271-bcf9333f914a\",\"createdOn\":\"2024-06-27T04:08:27.7157891Z\",\"updatedBy\":null,\"updatedOn\":null},\"enforcementMode\":\"Default\"},\"id\":\"/subscriptions/edb2c18a-04d6-49e9-bc72-e23852f507ad/resourceGroups/rg01/providers/Microsoft.Authorization/policyAssignments/psBackcompat-PolicyAssignmentWithParameters02\",\"type\":\"Microsoft.Authorization/policyAssignments\",\"name\":\"psBackcompat-PolicyAssignmentWithParameters02\",\"systemData\":{\"createdBy\":\"cstack@ntdev.microsoft.com\",\"createdByType\":\"User\",\"createdAt\":\"2024-06-27T04:08:27.5488401Z\",\"lastModifiedBy\":\"cstack@ntdev.microsoft.com\",\"lastModifiedByType\":\"User\",\"lastModifiedAt\":\"2024-06-27T04:08:27.5488401Z\"}}",
      "isContentBase64": false
    }
  },
  "Backcompat-PolicyAssignmentWithParameters+[NoContext]+make policy assignment with hashtable of parameters+$GET+https://management.azure.com//subscriptions/edb2c18a-04d6-49e9-bc72-e23852f507ad/resourceGroups/rg01/providers/Microsoft.Authorization/policyAssignments/psBackcompat-PolicyAssignmentWithParameters02?api-version=2023-04-01+2": {
    "Request": {
      "Method": "GET",
      "RequestUri": "https://management.azure.com//subscriptions/edb2c18a-04d6-49e9-bc72-e23852f507ad/resourceGroups/rg01/providers/Microsoft.Authorization/policyAssignments/psBackcompat-PolicyAssignmentWithParameters02?api-version=2023-04-01",
      "Content": null,
      "isContentBase64": false,
      "Headers": {
        "x-ms-unique-id": [ "119" ],
        "x-ms-client-request-id": [ "73c291b8-0a8b-4d59-b26c-18c68009f441" ],
        "CommandName": [ "\u0026" ],
        "FullCommandName": [ "Get-AzPolicyAssignment_Get" ],
        "ParameterSetName": [ "__AllParameterSets" ],
        "User-Agent": [ "AzurePowershell/v11.0.0", "PSVersion/v7.4.3", "Az.Policy/0.1.1" ],
        "Authorization": [ "[Filtered]" ]
      },
      "ContentHeaders": {
      }
    },
    "Response": {
      "StatusCode": 200,
      "Headers": {
        "Cache-Control": [ "no-cache" ],
        "Pragma": [ "no-cache" ],
        "Strict-Transport-Security": [ "max-age=31536000; includeSubDomains" ],
        "x-ms-ratelimit-remaining-subscription-reads": [ "11991" ],
        "x-ms-request-id": [ "055e7265-92e1-465f-944c-13974483bb36" ],
        "x-ms-correlation-request-id": [ "055e7265-92e1-465f-944c-13974483bb36" ],
        "x-ms-routing-request-id": [ "WESTUS2:20240627T040828Z:055e7265-92e1-465f-944c-13974483bb36" ],
        "X-Content-Type-Options": [ "nosniff" ],
        "X-Cache": [ "CONFIG_NOCACHE" ],
        "X-MSEdge-Ref": [ "Ref A: 2098E517856346DC9969D01F7A9D8D43 Ref B: CO6AA3150218011 Ref C: 2024-06-27T04:08:28Z" ],
        "Date": [ "Thu, 27 Jun 2024 04:08:27 GMT" ]
      },
      "ContentHeaders": {
        "Content-Length": [ "1163" ],
        "Content-Type": [ "application/json; charset=utf-8" ],
        "Expires": [ "-1" ]
      },
      "Content": "{\"properties\":{\"policyDefinitionId\":\"/subscriptions/edb2c18a-04d6-49e9-bc72-e23852f507ad/providers/Microsoft.Authorization/policyDefinitions/psBackcompat-PolicyAssignmentWithParameters01\",\"definitionVersion\":\"1.*.*\",\"scope\":\"/subscriptions/edb2c18a-04d6-49e9-bc72-e23852f507ad/resourceGroups/rg01\",\"parameters\":{\"listOfAllowedLocations\":{\"value\":[\"West US\",\"West US 2\"]}},\"description\":\"Unit test junk: sorry for littering. Please delete me!\",\"metadata\":{\"testName\":\"testValue\",\"createdBy\":\"3d826307-2481-45a0-a271-bcf9333f914a\",\"createdOn\":\"2024-06-27T04:08:27.7157891Z\",\"updatedBy\":null,\"updatedOn\":null},\"enforcementMode\":\"Default\"},\"id\":\"/subscriptions/edb2c18a-04d6-49e9-bc72-e23852f507ad/resourceGroups/rg01/providers/Microsoft.Authorization/policyAssignments/psBackcompat-PolicyAssignmentWithParameters02\",\"type\":\"Microsoft.Authorization/policyAssignments\",\"name\":\"psBackcompat-PolicyAssignmentWithParameters02\",\"systemData\":{\"createdBy\":\"cstack@ntdev.microsoft.com\",\"createdByType\":\"User\",\"createdAt\":\"2024-06-27T04:08:27.5488401Z\",\"lastModifiedBy\":\"cstack@ntdev.microsoft.com\",\"lastModifiedByType\":\"User\",\"lastModifiedAt\":\"2024-06-27T04:08:27.5488401Z\"}}",
      "isContentBase64": false
    }
  },
  "Backcompat-PolicyAssignmentWithParameters+[NoContext]+update policy assignment description and metadata+$GET+https://management.azure.com//subscriptions/edb2c18a-04d6-49e9-bc72-e23852f507ad/resourceGroups/rg01/providers/Microsoft.Authorization/policyAssignments/psBackcompat-PolicyAssignmentWithParameters02?api-version=2023-04-01+1": {
    "Request": {
      "Method": "GET",
      "RequestUri": "https://management.azure.com//subscriptions/edb2c18a-04d6-49e9-bc72-e23852f507ad/resourceGroups/rg01/providers/Microsoft.Authorization/policyAssignments/psBackcompat-PolicyAssignmentWithParameters02?api-version=2023-04-01",
      "Content": null,
      "isContentBase64": false,
      "Headers": {
        "x-ms-unique-id": [ "120" ],
        "x-ms-client-request-id": [ "1a4343c1-0e82-4910-941e-c2d38fcd91f2" ],
        "CommandName": [ "\u0026" ],
        "FullCommandName": [ "Get-AzPolicyAssignment_Get1" ],
        "ParameterSetName": [ "__AllParameterSets" ],
        "User-Agent": [ "AzurePowershell/v11.0.0", "PSVersion/v7.4.3", "Az.Policy/0.1.1" ],
        "Authorization": [ "[Filtered]" ]
      },
      "ContentHeaders": {
      }
    },
    "Response": {
      "StatusCode": 200,
      "Headers": {
        "Cache-Control": [ "no-cache" ],
        "Pragma": [ "no-cache" ],
        "Strict-Transport-Security": [ "max-age=31536000; includeSubDomains" ],
        "x-ms-ratelimit-remaining-subscription-reads": [ "11994" ],
        "x-ms-request-id": [ "6085b632-43d5-4116-9093-a82866740782" ],
        "x-ms-correlation-request-id": [ "6085b632-43d5-4116-9093-a82866740782" ],
        "x-ms-routing-request-id": [ "WESTUS2:20240627T040828Z:6085b632-43d5-4116-9093-a82866740782" ],
        "X-Content-Type-Options": [ "nosniff" ],
        "X-Cache": [ "CONFIG_NOCACHE" ],
        "X-MSEdge-Ref": [ "Ref A: 52102E0BB4384DCB9693670D6E6E4C70 Ref B: CO6AA3150218011 Ref C: 2024-06-27T04:08:28Z" ],
        "Date": [ "Thu, 27 Jun 2024 04:08:28 GMT" ]
      },
      "ContentHeaders": {
        "Content-Length": [ "1163" ],
        "Content-Type": [ "application/json; charset=utf-8" ],
        "Expires": [ "-1" ]
      },
      "Content": "{\"properties\":{\"policyDefinitionId\":\"/subscriptions/edb2c18a-04d6-49e9-bc72-e23852f507ad/providers/Microsoft.Authorization/policyDefinitions/psBackcompat-PolicyAssignmentWithParameters01\",\"definitionVersion\":\"1.*.*\",\"scope\":\"/subscriptions/edb2c18a-04d6-49e9-bc72-e23852f507ad/resourceGroups/rg01\",\"parameters\":{\"listOfAllowedLocations\":{\"value\":[\"West US\",\"West US 2\"]}},\"description\":\"Unit test junk: sorry for littering. Please delete me!\",\"metadata\":{\"testName\":\"testValue\",\"createdBy\":\"3d826307-2481-45a0-a271-bcf9333f914a\",\"createdOn\":\"2024-06-27T04:08:27.7157891Z\",\"updatedBy\":null,\"updatedOn\":null},\"enforcementMode\":\"Default\"},\"id\":\"/subscriptions/edb2c18a-04d6-49e9-bc72-e23852f507ad/resourceGroups/rg01/providers/Microsoft.Authorization/policyAssignments/psBackcompat-PolicyAssignmentWithParameters02\",\"type\":\"Microsoft.Authorization/policyAssignments\",\"name\":\"psBackcompat-PolicyAssignmentWithParameters02\",\"systemData\":{\"createdBy\":\"cstack@ntdev.microsoft.com\",\"createdByType\":\"User\",\"createdAt\":\"2024-06-27T04:08:27.5488401Z\",\"lastModifiedBy\":\"cstack@ntdev.microsoft.com\",\"lastModifiedByType\":\"User\",\"lastModifiedAt\":\"2024-06-27T04:08:27.5488401Z\"}}",
      "isContentBase64": false
    }
  },
  "Backcompat-PolicyAssignmentWithParameters+[NoContext]+update policy assignment description and metadata+$PUT+https://management.azure.com//subscriptions/edb2c18a-04d6-49e9-bc72-e23852f507ad/resourceGroups/rg01/providers/Microsoft.Authorization/policyAssignments/psBackcompat-PolicyAssignmentWithParameters02?api-version=2023-04-01+2": {
    "Request": {
      "Method": "PUT",
      "RequestUri": "https://management.azure.com//subscriptions/edb2c18a-04d6-49e9-bc72-e23852f507ad/resourceGroups/rg01/providers/Microsoft.Authorization/policyAssignments/psBackcompat-PolicyAssignmentWithParameters02?api-version=2023-04-01",
      "Content": "{\r\n  \"properties\": {\r\n    \"policyDefinitionId\": \"/subscriptions/edb2c18a-04d6-49e9-bc72-e23852f507ad/providers/Microsoft.Authorization/policyDefinitions/psBackcompat-PolicyAssignmentWithParameters01\",\r\n    \"parameters\": {\r\n      \"listOfAllowedLocations\": {\r\n        \"value\": [ \"West US\", \"West US 2\" ]\r\n      }\r\n    },\r\n    \"description\": \"Unit test junk: sorry for littering. Please delete me! - Updated\",\r\n    \"metadata\": {\r\n      \"Meta1\": \"Value1\",\r\n      \"Meta2\": {\r\n        \"Meta22\": \"Value22\"\r\n      }\r\n    }\r\n  }\r\n}",
      "isContentBase64": false,
      "Headers": {
      },
      "ContentHeaders": {
        "Content-Type": [ "application/json" ],
        "Content-Length": [ "522" ]
      }
    },
    "Response": {
      "StatusCode": 201,
      "Headers": {
        "Cache-Control": [ "no-cache" ],
        "Pragma": [ "no-cache" ],
        "Strict-Transport-Security": [ "max-age=31536000; includeSubDomains" ],
        "x-ms-ratelimit-remaining-subscription-writes": [ "1197" ],
        "x-ms-request-id": [ "e7ce623b-0fbf-4c1c-b562-27961fb3fa7a" ],
        "x-ms-correlation-request-id": [ "e7ce623b-0fbf-4c1c-b562-27961fb3fa7a" ],
        "x-ms-routing-request-id": [ "WESTUS2:20240627T040828Z:e7ce623b-0fbf-4c1c-b562-27961fb3fa7a" ],
        "X-Content-Type-Options": [ "nosniff" ],
        "X-Cache": [ "CONFIG_NOCACHE" ],
        "X-MSEdge-Ref": [ "Ref A: 7D3BEA7033E44BBA8227A0BEA3813D6A Ref B: CO6AA3150218011 Ref C: 2024-06-27T04:08:28Z" ],
        "Date": [ "Thu, 27 Jun 2024 04:08:28 GMT" ]
      },
      "ContentHeaders": {
        "Content-Length": [ "1256" ],
        "Content-Type": [ "application/json; charset=utf-8" ],
        "Expires": [ "-1" ]
      },
      "Content": "{\"properties\":{\"policyDefinitionId\":\"/subscriptions/edb2c18a-04d6-49e9-bc72-e23852f507ad/providers/Microsoft.Authorization/policyDefinitions/psBackcompat-PolicyAssignmentWithParameters01\",\"definitionVersion\":\"1.*.*\",\"scope\":\"/subscriptions/edb2c18a-04d6-49e9-bc72-e23852f507ad/resourceGroups/rg01\",\"parameters\":{\"listOfAllowedLocations\":{\"value\":[\"West US\",\"West US 2\"]}},\"description\":\"Unit test junk: sorry for littering. Please delete me! - Updated\",\"metadata\":{\"Meta1\":\"Value1\",\"Meta2\":{\"Meta22\":\"Value22\"},\"createdBy\":\"3d826307-2481-45a0-a271-bcf9333f914a\",\"createdOn\":\"2024-06-27T04:08:27.7157891Z\",\"updatedBy\":\"3d826307-2481-45a0-a271-bcf9333f914a\",\"updatedOn\":\"2024-06-27T04:08:28.4760374Z\"},\"enforcementMode\":\"Default\"},\"id\":\"/subscriptions/edb2c18a-04d6-49e9-bc72-e23852f507ad/resourceGroups/rg01/providers/Microsoft.Authorization/policyAssignments/psBackcompat-PolicyAssignmentWithParameters02\",\"type\":\"Microsoft.Authorization/policyAssignments\",\"name\":\"psBackcompat-PolicyAssignmentWithParameters02\",\"systemData\":{\"createdBy\":\"cstack@ntdev.microsoft.com\",\"createdByType\":\"User\",\"createdAt\":\"2024-06-27T04:08:27.5488401Z\",\"lastModifiedBy\":\"cstack@ntdev.microsoft.com\",\"lastModifiedByType\":\"User\",\"lastModifiedAt\":\"2024-06-27T04:08:28.4299132Z\"}}",
      "isContentBase64": false
    }
  },
  "Backcompat-PolicyAssignmentWithParameters+[NoContext]+update policy assignment description and metadata+$GET+https://management.azure.com//subscriptions/edb2c18a-04d6-49e9-bc72-e23852f507ad/resourceGroups/rg01/providers/Microsoft.Authorization/policyAssignments/psBackcompat-PolicyAssignmentWithParameters02?api-version=2023-04-01+3": {
    "Request": {
      "Method": "GET",
      "RequestUri": "https://management.azure.com//subscriptions/edb2c18a-04d6-49e9-bc72-e23852f507ad/resourceGroups/rg01/providers/Microsoft.Authorization/policyAssignments/psBackcompat-PolicyAssignmentWithParameters02?api-version=2023-04-01",
      "Content": null,
      "isContentBase64": false,
      "Headers": {
        "x-ms-unique-id": [ "122" ],
        "x-ms-client-request-id": [ "289bd177-74ef-4a8c-b27d-28990ab48a6b" ],
        "CommandName": [ "\u0026" ],
        "FullCommandName": [ "Get-AzPolicyAssignment_Get" ],
        "ParameterSetName": [ "__AllParameterSets" ],
        "User-Agent": [ "AzurePowershell/v11.0.0", "PSVersion/v7.4.3", "Az.Policy/0.1.1" ],
        "Authorization": [ "[Filtered]" ]
      },
      "ContentHeaders": {
      }
    },
    "Response": {
      "StatusCode": 200,
      "Headers": {
        "Cache-Control": [ "no-cache" ],
        "Pragma": [ "no-cache" ],
        "Strict-Transport-Security": [ "max-age=31536000; includeSubDomains" ],
        "x-ms-ratelimit-remaining-subscription-reads": [ "11987" ],
        "x-ms-request-id": [ "b9db9515-3a7b-46b7-b191-0f0c2db10421" ],
        "x-ms-correlation-request-id": [ "b9db9515-3a7b-46b7-b191-0f0c2db10421" ],
        "x-ms-routing-request-id": [ "WESTUS2:20240627T040828Z:b9db9515-3a7b-46b7-b191-0f0c2db10421" ],
        "X-Content-Type-Options": [ "nosniff" ],
        "X-Cache": [ "CONFIG_NOCACHE" ],
        "X-MSEdge-Ref": [ "Ref A: E55B508849AE47A3B813C2C653B50D7B Ref B: CO6AA3150218011 Ref C: 2024-06-27T04:08:28Z" ],
        "Date": [ "Thu, 27 Jun 2024 04:08:28 GMT" ]
      },
      "ContentHeaders": {
        "Content-Length": [ "1256" ],
        "Content-Type": [ "application/json; charset=utf-8" ],
        "Expires": [ "-1" ]
      },
      "Content": "{\"properties\":{\"policyDefinitionId\":\"/subscriptions/edb2c18a-04d6-49e9-bc72-e23852f507ad/providers/Microsoft.Authorization/policyDefinitions/psBackcompat-PolicyAssignmentWithParameters01\",\"definitionVersion\":\"1.*.*\",\"scope\":\"/subscriptions/edb2c18a-04d6-49e9-bc72-e23852f507ad/resourceGroups/rg01\",\"parameters\":{\"listOfAllowedLocations\":{\"value\":[\"West US\",\"West US 2\"]}},\"description\":\"Unit test junk: sorry for littering. Please delete me! - Updated\",\"metadata\":{\"Meta1\":\"Value1\",\"Meta2\":{\"Meta22\":\"Value22\"},\"createdBy\":\"3d826307-2481-45a0-a271-bcf9333f914a\",\"createdOn\":\"2024-06-27T04:08:27.7157891Z\",\"updatedBy\":\"3d826307-2481-45a0-a271-bcf9333f914a\",\"updatedOn\":\"2024-06-27T04:08:28.4760374Z\"},\"enforcementMode\":\"Default\"},\"id\":\"/subscriptions/edb2c18a-04d6-49e9-bc72-e23852f507ad/resourceGroups/rg01/providers/Microsoft.Authorization/policyAssignments/psBackcompat-PolicyAssignmentWithParameters02\",\"type\":\"Microsoft.Authorization/policyAssignments\",\"name\":\"psBackcompat-PolicyAssignmentWithParameters02\",\"systemData\":{\"createdBy\":\"cstack@ntdev.microsoft.com\",\"createdByType\":\"User\",\"createdAt\":\"2024-06-27T04:08:27.5488401Z\",\"lastModifiedBy\":\"cstack@ntdev.microsoft.com\",\"lastModifiedByType\":\"User\",\"lastModifiedAt\":\"2024-06-27T04:08:28.4299132Z\"}}",
      "isContentBase64": false
    }
  },
  "Backcompat-PolicyAssignmentWithParameters+[NoContext]+update policy assignment powershell object parameters+$GET+https://management.azure.com//subscriptions/edb2c18a-04d6-49e9-bc72-e23852f507ad/resourceGroups/rg01/providers/Microsoft.Authorization/policyAssignments/psBackcompat-PolicyAssignmentWithParameters02?api-version=2023-04-01+1": {
    "Request": {
      "Method": "GET",
      "RequestUri": "https://management.azure.com//subscriptions/edb2c18a-04d6-49e9-bc72-e23852f507ad/resourceGroups/rg01/providers/Microsoft.Authorization/policyAssignments/psBackcompat-PolicyAssignmentWithParameters02?api-version=2023-04-01",
      "Content": null,
      "isContentBase64": false,
      "Headers": {
        "x-ms-unique-id": [ "123" ],
        "x-ms-client-request-id": [ "fa18a616-4f09-48c2-a9be-62471dee7bac" ],
        "CommandName": [ "\u0026" ],
        "FullCommandName": [ "Get-AzPolicyAssignment_Get1" ],
        "ParameterSetName": [ "__AllParameterSets" ],
        "User-Agent": [ "AzurePowershell/v11.0.0", "PSVersion/v7.4.3", "Az.Policy/0.1.1" ],
        "Authorization": [ "[Filtered]" ]
      },
      "ContentHeaders": {
      }
    },
    "Response": {
      "StatusCode": 200,
      "Headers": {
        "Cache-Control": [ "no-cache" ],
        "Pragma": [ "no-cache" ],
        "Strict-Transport-Security": [ "max-age=31536000; includeSubDomains" ],
        "x-ms-ratelimit-remaining-subscription-reads": [ "11995" ],
        "x-ms-request-id": [ "a4f6bceb-e831-4be4-8bf4-a5f76d5c1a40" ],
        "x-ms-correlation-request-id": [ "a4f6bceb-e831-4be4-8bf4-a5f76d5c1a40" ],
        "x-ms-routing-request-id": [ "WESTUS2:20240627T040829Z:a4f6bceb-e831-4be4-8bf4-a5f76d5c1a40" ],
        "X-Content-Type-Options": [ "nosniff" ],
        "X-Cache": [ "CONFIG_NOCACHE" ],
        "X-MSEdge-Ref": [ "Ref A: 3D224D1EA8474F9081CE7EEE638C9D7D Ref B: CO6AA3150218011 Ref C: 2024-06-27T04:08:29Z" ],
        "Date": [ "Thu, 27 Jun 2024 04:08:28 GMT" ]
      },
      "ContentHeaders": {
        "Content-Length": [ "1256" ],
        "Content-Type": [ "application/json; charset=utf-8" ],
        "Expires": [ "-1" ]
      },
      "Content": "{\"properties\":{\"policyDefinitionId\":\"/subscriptions/edb2c18a-04d6-49e9-bc72-e23852f507ad/providers/Microsoft.Authorization/policyDefinitions/psBackcompat-PolicyAssignmentWithParameters01\",\"definitionVersion\":\"1.*.*\",\"scope\":\"/subscriptions/edb2c18a-04d6-49e9-bc72-e23852f507ad/resourceGroups/rg01\",\"parameters\":{\"listOfAllowedLocations\":{\"value\":[\"West US\",\"West US 2\"]}},\"description\":\"Unit test junk: sorry for littering. Please delete me! - Updated\",\"metadata\":{\"Meta1\":\"Value1\",\"Meta2\":{\"Meta22\":\"Value22\"},\"createdBy\":\"3d826307-2481-45a0-a271-bcf9333f914a\",\"createdOn\":\"2024-06-27T04:08:27.7157891Z\",\"updatedBy\":\"3d826307-2481-45a0-a271-bcf9333f914a\",\"updatedOn\":\"2024-06-27T04:08:28.4760374Z\"},\"enforcementMode\":\"Default\"},\"id\":\"/subscriptions/edb2c18a-04d6-49e9-bc72-e23852f507ad/resourceGroups/rg01/providers/Microsoft.Authorization/policyAssignments/psBackcompat-PolicyAssignmentWithParameters02\",\"type\":\"Microsoft.Authorization/policyAssignments\",\"name\":\"psBackcompat-PolicyAssignmentWithParameters02\",\"systemData\":{\"createdBy\":\"cstack@ntdev.microsoft.com\",\"createdByType\":\"User\",\"createdAt\":\"2024-06-27T04:08:27.5488401Z\",\"lastModifiedBy\":\"cstack@ntdev.microsoft.com\",\"lastModifiedByType\":\"User\",\"lastModifiedAt\":\"2024-06-27T04:08:28.4299132Z\"}}",
      "isContentBase64": false
    }
  },
  "Backcompat-PolicyAssignmentWithParameters+[NoContext]+update policy assignment powershell object parameters+$PUT+https://management.azure.com//subscriptions/edb2c18a-04d6-49e9-bc72-e23852f507ad/resourceGroups/rg01/providers/Microsoft.Authorization/policyAssignments/psBackcompat-PolicyAssignmentWithParameters02?api-version=2023-04-01+2": {
    "Request": {
      "Method": "PUT",
      "RequestUri": "https://management.azure.com//subscriptions/edb2c18a-04d6-49e9-bc72-e23852f507ad/resourceGroups/rg01/providers/Microsoft.Authorization/policyAssignments/psBackcompat-PolicyAssignmentWithParameters02?api-version=2023-04-01",
      "Content": "{\r\n  \"properties\": {\r\n    \"policyDefinitionId\": \"/subscriptions/edb2c18a-04d6-49e9-bc72-e23852f507ad/providers/Microsoft.Authorization/policyDefinitions/psBackcompat-PolicyAssignmentWithParameters01\",\r\n    \"parameters\": {\r\n      \"listOfAllowedLocations\": {\r\n        \"value\": [ \"West2 US2\", \"West2 US22\" ]\r\n      }\r\n    },\r\n    \"description\": \"Unit test junk: sorry for littering. Please delete me! - Updated\"\r\n  }\r\n}",
      "isContentBase64": false,
      "Headers": {
      },
      "ContentHeaders": {
        "Content-Type": [ "application/json" ],
        "Content-Length": [ "416" ]
      }
    },
    "Response": {
      "StatusCode": 201,
      "Headers": {
        "Cache-Control": [ "no-cache" ],
        "Pragma": [ "no-cache" ],
        "Strict-Transport-Security": [ "max-age=31536000; includeSubDomains" ],
        "x-ms-ratelimit-remaining-subscription-writes": [ "1196" ],
        "x-ms-request-id": [ "632f7939-1bc2-4a7d-9b2c-bf985ad2a4af" ],
        "x-ms-correlation-request-id": [ "632f7939-1bc2-4a7d-9b2c-bf985ad2a4af" ],
        "x-ms-routing-request-id": [ "WESTUS2:20240627T040829Z:632f7939-1bc2-4a7d-9b2c-bf985ad2a4af" ],
        "X-Content-Type-Options": [ "nosniff" ],
        "X-Cache": [ "CONFIG_NOCACHE" ],
        "X-MSEdge-Ref": [ "Ref A: F27417A0277542A7BBAED251FF720BCC Ref B: CO6AA3150218011 Ref C: 2024-06-27T04:08:29Z" ],
        "Date": [ "Thu, 27 Jun 2024 04:08:29 GMT" ]
      },
      "ContentHeaders": {
        "Content-Length": [ "1213" ],
        "Content-Type": [ "application/json; charset=utf-8" ],
        "Expires": [ "-1" ]
      },
      "Content": "{\"properties\":{\"policyDefinitionId\":\"/subscriptions/edb2c18a-04d6-49e9-bc72-e23852f507ad/providers/Microsoft.Authorization/policyDefinitions/psBackcompat-PolicyAssignmentWithParameters01\",\"definitionVersion\":\"1.*.*\",\"scope\":\"/subscriptions/edb2c18a-04d6-49e9-bc72-e23852f507ad/resourceGroups/rg01\",\"parameters\":{\"listOfAllowedLocations\":{\"value\":[\"West2 US2\",\"West2 US22\"]}},\"description\":\"Unit test junk: sorry for littering. Please delete me! - Updated\",\"metadata\":{\"createdBy\":\"3d826307-2481-45a0-a271-bcf9333f914a\",\"createdOn\":\"2024-06-27T04:08:27.7157891Z\",\"updatedBy\":\"3d826307-2481-45a0-a271-bcf9333f914a\",\"updatedOn\":\"2024-06-27T04:08:29.3141108Z\"},\"enforcementMode\":\"Default\"},\"id\":\"/subscriptions/edb2c18a-04d6-49e9-bc72-e23852f507ad/resourceGroups/rg01/providers/Microsoft.Authorization/policyAssignments/psBackcompat-PolicyAssignmentWithParameters02\",\"type\":\"Microsoft.Authorization/policyAssignments\",\"name\":\"psBackcompat-PolicyAssignmentWithParameters02\",\"systemData\":{\"createdBy\":\"cstack@ntdev.microsoft.com\",\"createdByType\":\"User\",\"createdAt\":\"2024-06-27T04:08:27.5488401Z\",\"lastModifiedBy\":\"cstack@ntdev.microsoft.com\",\"lastModifiedByType\":\"User\",\"lastModifiedAt\":\"2024-06-27T04:08:29.2469266Z\"}}",
      "isContentBase64": false
    }
  },
  "Backcompat-PolicyAssignmentWithParameters+[NoContext]+update policy assignment powershell object parameters+$GET+https://management.azure.com//subscriptions/edb2c18a-04d6-49e9-bc72-e23852f507ad/resourceGroups/rg01/providers/Microsoft.Authorization/policyAssignments/psBackcompat-PolicyAssignmentWithParameters02?api-version=2023-04-01+3": {
    "Request": {
      "Method": "GET",
      "RequestUri": "https://management.azure.com//subscriptions/edb2c18a-04d6-49e9-bc72-e23852f507ad/resourceGroups/rg01/providers/Microsoft.Authorization/policyAssignments/psBackcompat-PolicyAssignmentWithParameters02?api-version=2023-04-01",
      "Content": null,
      "isContentBase64": false,
      "Headers": {
        "x-ms-unique-id": [ "125" ],
        "x-ms-client-request-id": [ "863980b5-b8d2-4f95-a70d-8868ee18c0c4" ],
        "CommandName": [ "\u0026" ],
        "FullCommandName": [ "Get-AzPolicyAssignment_Get" ],
        "ParameterSetName": [ "__AllParameterSets" ],
        "User-Agent": [ "AzurePowershell/v11.0.0", "PSVersion/v7.4.3", "Az.Policy/0.1.1" ],
        "Authorization": [ "[Filtered]" ]
      },
      "ContentHeaders": {
      }
    },
    "Response": {
      "StatusCode": 200,
      "Headers": {
        "Cache-Control": [ "no-cache" ],
        "Pragma": [ "no-cache" ],
        "Strict-Transport-Security": [ "max-age=31536000; includeSubDomains" ],
        "x-ms-ratelimit-remaining-subscription-reads": [ "11994" ],
        "x-ms-request-id": [ "ced73eb4-0eab-49f9-be29-9445f2300b6f" ],
        "x-ms-correlation-request-id": [ "ced73eb4-0eab-49f9-be29-9445f2300b6f" ],
        "x-ms-routing-request-id": [ "WESTUS2:20240627T040829Z:ced73eb4-0eab-49f9-be29-9445f2300b6f" ],
        "X-Content-Type-Options": [ "nosniff" ],
        "X-Cache": [ "CONFIG_NOCACHE" ],
        "X-MSEdge-Ref": [ "Ref A: 626CECED80A04C7F92250EBE95330E97 Ref B: CO6AA3150218011 Ref C: 2024-06-27T04:08:29Z" ],
        "Date": [ "Thu, 27 Jun 2024 04:08:29 GMT" ]
      },
      "ContentHeaders": {
        "Content-Length": [ "1213" ],
        "Content-Type": [ "application/json; charset=utf-8" ],
        "Expires": [ "-1" ]
      },
      "Content": "{\"properties\":{\"policyDefinitionId\":\"/subscriptions/edb2c18a-04d6-49e9-bc72-e23852f507ad/providers/Microsoft.Authorization/policyDefinitions/psBackcompat-PolicyAssignmentWithParameters01\",\"definitionVersion\":\"1.*.*\",\"scope\":\"/subscriptions/edb2c18a-04d6-49e9-bc72-e23852f507ad/resourceGroups/rg01\",\"parameters\":{\"listOfAllowedLocations\":{\"value\":[\"West2 US2\",\"West2 US22\"]}},\"description\":\"Unit test junk: sorry for littering. Please delete me! - Updated\",\"metadata\":{\"createdBy\":\"3d826307-2481-45a0-a271-bcf9333f914a\",\"createdOn\":\"2024-06-27T04:08:27.7157891Z\",\"updatedBy\":\"3d826307-2481-45a0-a271-bcf9333f914a\",\"updatedOn\":\"2024-06-27T04:08:29.3141108Z\"},\"enforcementMode\":\"Default\"},\"id\":\"/subscriptions/edb2c18a-04d6-49e9-bc72-e23852f507ad/resourceGroups/rg01/providers/Microsoft.Authorization/policyAssignments/psBackcompat-PolicyAssignmentWithParameters02\",\"type\":\"Microsoft.Authorization/policyAssignments\",\"name\":\"psBackcompat-PolicyAssignmentWithParameters02\",\"systemData\":{\"createdBy\":\"cstack@ntdev.microsoft.com\",\"createdByType\":\"User\",\"createdAt\":\"2024-06-27T04:08:27.5488401Z\",\"lastModifiedBy\":\"cstack@ntdev.microsoft.com\",\"lastModifiedByType\":\"User\",\"lastModifiedAt\":\"2024-06-27T04:08:29.2469266Z\"}}",
      "isContentBase64": false
    }
  },
  "Backcompat-PolicyAssignmentWithParameters+[NoContext]+[NoScenario]+$DELETE+https://management.azure.com//subscriptions/edb2c18a-04d6-49e9-bc72-e23852f507ad/resourceGroups/rg01/providers/Microsoft.Authorization/policyAssignments/psBackcompat-PolicyAssignmentWithParameters02?api-version=2023-04-01+4": {
    "Request": {
      "Method": "DELETE",
      "RequestUri": "https://management.azure.com//subscriptions/edb2c18a-04d6-49e9-bc72-e23852f507ad/resourceGroups/rg01/providers/Microsoft.Authorization/policyAssignments/psBackcompat-PolicyAssignmentWithParameters02?api-version=2023-04-01",
      "Content": null,
      "isContentBase64": false,
      "Headers": {
        "x-ms-unique-id": [ "126" ],
        "x-ms-client-request-id": [ "af206a78-437e-4698-8ce3-2942a2701347" ],
        "CommandName": [ "\u0026" ],
        "FullCommandName": [ "Remove-AzPolicyAssignment_Delete" ],
        "ParameterSetName": [ "__AllParameterSets" ],
        "User-Agent": [ "AzurePowershell/v11.0.0", "PSVersion/v7.4.3", "Az.Policy/0.1.1" ],
        "Authorization": [ "[Filtered]" ]
      },
      "ContentHeaders": {
      }
    },
    "Response": {
      "StatusCode": 200,
      "Headers": {
        "Cache-Control": [ "no-cache" ],
        "Pragma": [ "no-cache" ],
        "Strict-Transport-Security": [ "max-age=31536000; includeSubDomains" ],
        "x-ms-ratelimit-remaining-subscription-deletes": [ "14999" ],
        "x-ms-request-id": [ "41d79037-886b-412a-b2c9-197854be9b62" ],
        "x-ms-correlation-request-id": [ "41d79037-886b-412a-b2c9-197854be9b62" ],
        "x-ms-routing-request-id": [ "WESTUS2:20240627T040830Z:41d79037-886b-412a-b2c9-197854be9b62" ],
        "X-Content-Type-Options": [ "nosniff" ],
        "X-Cache": [ "CONFIG_NOCACHE" ],
        "X-MSEdge-Ref": [ "Ref A: 1153F58256014EEFBAD760262219F1E0 Ref B: CO6AA3150218011 Ref C: 2024-06-27T04:08:29Z" ],
        "Date": [ "Thu, 27 Jun 2024 04:08:30 GMT" ]
      },
      "ContentHeaders": {
        "Content-Length": [ "1213" ],
        "Content-Type": [ "application/json; charset=utf-8" ],
        "Expires": [ "-1" ]
      },
      "Content": "{\"properties\":{\"policyDefinitionId\":\"/subscriptions/edb2c18a-04d6-49e9-bc72-e23852f507ad/providers/Microsoft.Authorization/policyDefinitions/psBackcompat-PolicyAssignmentWithParameters01\",\"definitionVersion\":\"1.*.*\",\"scope\":\"/subscriptions/edb2c18a-04d6-49e9-bc72-e23852f507ad/resourceGroups/rg01\",\"parameters\":{\"listOfAllowedLocations\":{\"value\":[\"West2 US2\",\"West2 US22\"]}},\"description\":\"Unit test junk: sorry for littering. Please delete me! - Updated\",\"metadata\":{\"createdBy\":\"3d826307-2481-45a0-a271-bcf9333f914a\",\"createdOn\":\"2024-06-27T04:08:27.7157891Z\",\"updatedBy\":\"3d826307-2481-45a0-a271-bcf9333f914a\",\"updatedOn\":\"2024-06-27T04:08:29.3141108Z\"},\"enforcementMode\":\"Default\"},\"id\":\"/subscriptions/edb2c18a-04d6-49e9-bc72-e23852f507ad/resourceGroups/rg01/providers/Microsoft.Authorization/policyAssignments/psBackcompat-PolicyAssignmentWithParameters02\",\"type\":\"Microsoft.Authorization/policyAssignments\",\"name\":\"psBackcompat-PolicyAssignmentWithParameters02\",\"systemData\":{\"createdBy\":\"cstack@ntdev.microsoft.com\",\"createdByType\":\"User\",\"createdAt\":\"2024-06-27T04:08:27.5488401Z\",\"lastModifiedBy\":\"cstack@ntdev.microsoft.com\",\"lastModifiedByType\":\"User\",\"lastModifiedAt\":\"2024-06-27T04:08:29.2469266Z\"}}",
      "isContentBase64": false
    }
  },
  "Backcompat-PolicyAssignmentWithParameters+[NoContext]+[NoScenario]+$DELETE+https://management.azure.com/subscriptions/edb2c18a-04d6-49e9-bc72-e23852f507ad/providers/Microsoft.Authorization/policyDefinitions/psBackcompat-PolicyAssignmentWithParameters01?api-version=2023-04-01+5": {
    "Request": {
      "Method": "DELETE",
      "RequestUri": "https://management.azure.com/subscriptions/edb2c18a-04d6-49e9-bc72-e23852f507ad/providers/Microsoft.Authorization/policyDefinitions/psBackcompat-PolicyAssignmentWithParameters01?api-version=2023-04-01",
      "Content": null,
      "isContentBase64": false,
      "Headers": {
        "x-ms-unique-id": [ "127" ],
        "x-ms-client-request-id": [ "e62596cf-b039-47a3-a5ec-ce078fbb09aa" ],
        "CommandName": [ "\u0026" ],
        "FullCommandName": [ "Remove-AzPolicyDefinition_Delete" ],
        "ParameterSetName": [ "__AllParameterSets" ],
        "User-Agent": [ "AzurePowershell/v11.0.0", "PSVersion/v7.4.3", "Az.Policy/0.1.1" ],
        "Authorization": [ "[Filtered]" ]
      },
      "ContentHeaders": {
      }
    },
    "Response": {
      "StatusCode": 200,
      "Headers": {
        "Cache-Control": [ "no-cache" ],
        "Pragma": [ "no-cache" ],
        "Strict-Transport-Security": [ "max-age=31536000; includeSubDomains" ],
        "x-ms-ratelimit-remaining-subscription-deletes": [ "14999" ],
        "x-ms-request-id": [ "2147e873-4dc0-4db9-825f-ea5a40d60a3d" ],
        "x-ms-correlation-request-id": [ "2147e873-4dc0-4db9-825f-ea5a40d60a3d" ],
        "x-ms-routing-request-id": [ "WESTUS2:20240627T040830Z:2147e873-4dc0-4db9-825f-ea5a40d60a3d" ],
        "X-Content-Type-Options": [ "nosniff" ],
        "X-Cache": [ "CONFIG_NOCACHE" ],
        "X-MSEdge-Ref": [ "Ref A: 7A55F9450371480598AAEB69A74EDAD8 Ref B: CO6AA3150218011 Ref C: 2024-06-27T04:08:30Z" ],
        "Date": [ "Thu, 27 Jun 2024 04:08:30 GMT" ]
      },
      "ContentHeaders": {
        "Content-Length": [ "1315" ],
        "Content-Type": [ "application/json; charset=utf-8" ],
        "Expires": [ "-1" ]
      },
      "Content": "{\"properties\":{\"policyType\":\"Custom\",\"mode\":\"All\",\"description\":\"Unit test junk: sorry for littering. Please delete me!\",\"metadata\":{\"createdBy\":\"3d826307-2481-45a0-a271-bcf9333f914a\",\"createdOn\":\"2024-06-27T04:08:23.4509936Z\",\"updatedBy\":null,\"updatedOn\":null},\"version\":\"1.0.0\",\"parameters\":{\"listOfAllowedLocations\":{\"type\":\"array\",\"metadata\":{\"description\":\"An array of permitted locations for resources.\",\"strongType\":\"location\",\"displayName\":\"List of locations\"}},\"effectParam\":{\"type\":\"string\",\"metadata\":{\"description\":\"The effect of the policy\",\"displayName\":\"Policy Effect\"},\"allowedValues\":[\"Deny\",\"Disabled\"],\"defaultValue\":\"Deny\"}},\"policyRule\":{\"if\":{\"not\":{\"field\":\"location\",\"in\":\"[parameters(\u0027listOfAllowedLocations\u0027)]\"}},\"then\":{\"effect\":\"[parameters(\u0027effectParam\u0027)]\"}},\"versions\":[\"1.0.0\"]},\"id\":\"/subscriptions/edb2c18a-04d6-49e9-bc72-e23852f507ad/providers/Microsoft.Authorization/policyDefinitions/psBackcompat-PolicyAssignmentWithParameters01\",\"type\":\"Microsoft.Authorization/policyDefinitions\",\"name\":\"psBackcompat-PolicyAssignmentWithParameters01\",\"systemData\":{\"createdBy\":\"cstack@ntdev.microsoft.com\",\"createdByType\":\"User\",\"createdAt\":\"2024-06-27T04:08:23.438515Z\",\"lastModifiedBy\":\"cstack@ntdev.microsoft.com\",\"lastModifiedByType\":\"User\",\"lastModifiedAt\":\"2024-06-27T04:08:23.438515Z\"}}",
      "isContentBase64": false
    }
  }
}