{
  "Backcompat-RemovePolicyExemptionParameters+[NoContext]+parameter combinations starting with -Name+$DELETE+https://management.azure.com//subscriptions/edb2c18a-04d6-49e9-bc72-e23852f507ad/providers/Microsoft.Authorization/policyExemptions/someName?api-version=2022-07-01-preview+1": {
    "Request": {
      "Method": "DELETE",
      "RequestUri": "https://management.azure.com//subscriptions/edb2c18a-04d6-49e9-bc72-e23852f507ad/providers/Microsoft.Authorization/policyExemptions/someName?api-version=2022-07-01-preview",
      "Content": null,
      "isContentBase64": false,
      "Headers": {
        "x-ms-unique-id": [ "871" ],
        "x-ms-client-request-id": [ "ec9ad2a3-91d2-485f-a39a-3b7ea06629fd" ],
        "CommandName": [ "\u0026" ],
        "FullCommandName": [ "Remove-AzPolicyExemption_Delete" ],
        "ParameterSetName": [ "__AllParameterSets" ],
        "User-Agent": [ "AzurePowershell/v11.0.0", "PSVersion/v7.4.1", "Az.Policy/0.1.1" ],
        "Authorization": [ "[Filtered]" ]
      },
      "ContentHeaders": {
      }
    },
    "Response": {
      "StatusCode": 204,
      "Headers": {
        "Cache-Control": [ "no-cache" ],
        "Pragma": [ "no-cache" ],
        "Strict-Transport-Security": [ "max-age=31536000; includeSubDomains" ],
        "x-ms-ratelimit-remaining-subscription-deletes": [ "14997" ],
        "x-ms-request-id": [ "a4ea5ba0-c3ce-478b-93f8-54ab6213555f" ],
        "x-ms-correlation-request-id": [ "a4ea5ba0-c3ce-478b-93f8-54ab6213555f" ],
        "x-ms-routing-request-id": [ "WESTUS2:20240313T195853Z:a4ea5ba0-c3ce-478b-93f8-54ab6213555f" ],
        "X-Content-Type-Options": [ "nosniff" ],
        "X-Cache": [ "CONFIG_NOCACHE" ],
        "X-MSEdge-Ref": [ "Ref A: F96570CC8352406CA998A03B3ADDAA62 Ref B: CO6AA3150217019 Ref C: 2024-03-13T19:58:53Z" ],
        "Date": [ "Wed, 13 Mar 2024 19:58:53 GMT" ]
      },
      "ContentHeaders": {
        "Expires": [ "-1" ]
      },
      "Content": null,
      "isContentBase64": false
    }
  },
  "Backcompat-RemovePolicyExemptionParameters+[NoContext]+parameter combinations starting with -Name+$DELETE+https://management.azure.com//subscriptions/edb2c18a-04d6-49e9-bc72-e23852f507ad/providers/Microsoft.Authorization/policyExemptions/someName?api-version=2022-07-01-preview+2": {
    "Request": {
      "Method": "DELETE",
      "RequestUri": "https://management.azure.com//subscriptions/edb2c18a-04d6-49e9-bc72-e23852f507ad/providers/Microsoft.Authorization/policyExemptions/someName?api-version=2022-07-01-preview",
      "Content": null,
      "isContentBase64": false,
      "Headers": {
        "x-ms-unique-id": [ "872" ],
        "x-ms-client-request-id": [ "311d9510-4bfa-48a1-b5b9-a9535cc5e72d" ],
        "CommandName": [ "\u0026" ],
        "FullCommandName": [ "Remove-AzPolicyExemption_Delete" ],
        "ParameterSetName": [ "__AllParameterSets" ],
        "User-Agent": [ "AzurePowershell/v11.0.0", "PSVersion/v7.4.1", "Az.Policy/0.1.1" ],
        "Authorization": [ "[Filtered]" ]
      },
      "ContentHeaders": {
      }
    },
    "Response": {
      "StatusCode": 204,
      "Headers": {
        "Cache-Control": [ "no-cache" ],
        "Pragma": [ "no-cache" ],
        "Strict-Transport-Security": [ "max-age=31536000; includeSubDomains" ],
        "x-ms-ratelimit-remaining-subscription-deletes": [ "14999" ],
        "x-ms-request-id": [ "0c132ab3-aefb-400b-971e-19b3db9ec6ac" ],
        "x-ms-correlation-request-id": [ "0c132ab3-aefb-400b-971e-19b3db9ec6ac" ],
        "x-ms-routing-request-id": [ "WESTUS2:20240313T195854Z:0c132ab3-aefb-400b-971e-19b3db9ec6ac" ],
        "X-Content-Type-Options": [ "nosniff" ],
        "X-Cache": [ "CONFIG_NOCACHE" ],
        "X-MSEdge-Ref": [ "Ref A: 970A2999742846248186B03D49CEA786 Ref B: CO6AA3150217019 Ref C: 2024-03-13T19:58:54Z" ],
        "Date": [ "Wed, 13 Mar 2024 19:58:53 GMT" ]
      },
      "ContentHeaders": {
        "Expires": [ "-1" ]
      },
      "Content": null,
      "isContentBase64": false
    }
  },
  "Backcompat-RemovePolicyExemptionParameters+[NoContext]+parameter combinations starting with -Id+$DELETE+https://management.azure.com//subscriptions/edb2c18a-04d6-49e9-bc72-e23852f507ad/providers/Microsoft.Authorization/policyExemptions/someName?api-version=2022-07-01-preview+1": {
    "Request": {
      "Method": "DELETE",
      "RequestUri": "https://management.azure.com//subscriptions/edb2c18a-04d6-49e9-bc72-e23852f507ad/providers/Microsoft.Authorization/policyExemptions/someName?api-version=2022-07-01-preview",
      "Content": null,
      "isContentBase64": false,
      "Headers": {
        "x-ms-unique-id": [ "873" ],
        "x-ms-client-request-id": [ "fa00df34-9589-41e5-ab81-ab9a23a21212" ],
        "CommandName": [ "\u0026" ],
        "FullCommandName": [ "Remove-AzPolicyExemption_Delete" ],
        "ParameterSetName": [ "__AllParameterSets" ],
        "User-Agent": [ "AzurePowershell/v11.0.0", "PSVersion/v7.4.1", "Az.Policy/0.1.1" ],
        "Authorization": [ "[Filtered]" ]
      },
      "ContentHeaders": {
      }
    },
    "Response": {
      "StatusCode": 204,
      "Headers": {
        "Cache-Control": [ "no-cache" ],
        "Pragma": [ "no-cache" ],
        "Strict-Transport-Security": [ "max-age=31536000; includeSubDomains" ],
        "x-ms-ratelimit-remaining-subscription-deletes": [ "14999" ],
        "x-ms-request-id": [ "d22252d5-d80c-41c1-8e0d-139be54989cd" ],
        "x-ms-correlation-request-id": [ "d22252d5-d80c-41c1-8e0d-139be54989cd" ],
        "x-ms-routing-request-id": [ "WESTUS2:20240313T195854Z:d22252d5-d80c-41c1-8e0d-139be54989cd" ],
        "X-Content-Type-Options": [ "nosniff" ],
        "X-Cache": [ "CONFIG_NOCACHE" ],
        "X-MSEdge-Ref": [ "Ref A: B717D1AF3E9744BDB4488A52F371482D Ref B: CO6AA3150217019 Ref C: 2024-03-13T19:58:54Z" ],
        "Date": [ "Wed, 13 Mar 2024 19:58:53 GMT" ]
      },
      "ContentHeaders": {
        "Expires": [ "-1" ]
      },
      "Content": null,
      "isContentBase64": false
    }
  }
}