{
  "Backcompat-SetPolicyExemptionParameters+[NoContext]+parameter combinations starting with -Name+$GET+https://management.azure.com//subscriptions/edb2c18a-04d6-49e9-bc72-e23852f507ad/providers/Microsoft.Authorization/policyExemptions/someName?api-version=2022-07-01-preview+1": {
    "Request": {
      "Method": "GET",
      "RequestUri": "https://management.azure.com//subscriptions/edb2c18a-04d6-49e9-bc72-e23852f507ad/providers/Microsoft.Authorization/policyExemptions/someName?api-version=2022-07-01-preview",
      "Content": null,
      "isContentBase64": false,
      "Headers": {
        "x-ms-unique-id": [ "418" ],
        "x-ms-client-request-id": [ "3ef52633-37d0-4614-8123-ce2c6106e328" ],
        "CommandName": [ "\u0026" ],
        "FullCommandName": [ "Get-AzPolicyExemption_Get" ],
        "ParameterSetName": [ "__AllParameterSets" ],
        "User-Agent": [ "AzurePowershell/v12.3.0", "PSVersion/v7.4.5", "Az.Policy/0.1.1" ],
        "Authorization": [ "[Filtered]" ]
      },
      "ContentHeaders": {
      }
    },
    "Response": {
      "StatusCode": 404,
      "Headers": {
        "Cache-Control": [ "no-store, no-cache" ],
        "Pragma": [ "no-cache" ],
        "x-ms-ratelimit-remaining-subscription-reads": [ "11999" ],
        "x-ms-request-id": [ "d18a1e63-3841-4ccb-9e0c-7105273794c8" ],
        "x-ms-correlation-request-id": [ "d18a1e63-3841-4ccb-9e0c-7105273794c8" ],
        "x-ms-routing-request-id": [ "WESTUS2:20241004T001722Z:d18a1e63-3841-4ccb-9e0c-7105273794c8" ],
        "Strict-Transport-Security": [ "max-age=31536000; includeSubDomains" ],
        "X-Content-Type-Options": [ "nosniff" ],
        "X-Cache": [ "CONFIG_NOCACHE" ],
        "X-MSEdge-Ref": [ "Ref A: FE25E9A6105D450FB2750B47875E97E1 Ref B: CO6AA3150217019 Ref C: 2024-10-04T00:17:22Z" ],
        "Date": [ "Fri, 04 Oct 2024 00:17:21 GMT" ]
      },
      "ContentHeaders": {
        "Content-Length": [ "108" ],
        "Content-Type": [ "application/json" ],
        "Expires": [ "-1" ]
      },
      "Content": "{\"error\":{\"code\":\"PolicyExemptionNotFound\",\"message\":\"The policy exemption \u0027someName\u0027 could not be found.\"}}",
      "isContentBase64": false
    }
  },
  "Backcompat-SetPolicyExemptionParameters+[NoContext]+parameter combinations starting with -Name+$GET+https://management.azure.com//subscriptions/edb2c18a-04d6-49e9-bc72-e23852f507ad/providers/Microsoft.Authorization/policyExemptions/someName?api-version=2022-07-01-preview+2": {
    "Request": {
      "Method": "GET",
      "RequestUri": "https://management.azure.com//subscriptions/edb2c18a-04d6-49e9-bc72-e23852f507ad/providers/Microsoft.Authorization/policyExemptions/someName?api-version=2022-07-01-preview",
      "Content": null,
      "isContentBase64": false,
      "Headers": {
        "x-ms-unique-id": [ "419" ],
        "x-ms-client-request-id": [ "5be75d23-e4d9-46cc-bf36-b16a29d55228" ],
        "CommandName": [ "\u0026" ],
        "FullCommandName": [ "Get-AzPolicyExemption_Get" ],
        "ParameterSetName": [ "__AllParameterSets" ],
        "User-Agent": [ "AzurePowershell/v12.3.0", "PSVersion/v7.4.5", "Az.Policy/0.1.1" ],
        "Authorization": [ "[Filtered]" ]
      },
      "ContentHeaders": {
      }
    },
    "Response": {
      "StatusCode": 404,
      "Headers": {
        "Cache-Control": [ "no-store, no-cache" ],
        "Pragma": [ "no-cache" ],
        "x-ms-ratelimit-remaining-subscription-reads": [ "11997" ],
        "x-ms-request-id": [ "64fde6cf-2bfc-45fa-b8d6-a9aa9fae43a0" ],
        "x-ms-correlation-request-id": [ "64fde6cf-2bfc-45fa-b8d6-a9aa9fae43a0" ],
        "x-ms-routing-request-id": [ "WESTUS2:20241004T001723Z:64fde6cf-2bfc-45fa-b8d6-a9aa9fae43a0" ],
        "Strict-Transport-Security": [ "max-age=31536000; includeSubDomains" ],
        "X-Content-Type-Options": [ "nosniff" ],
        "X-Cache": [ "CONFIG_NOCACHE" ],
        "X-MSEdge-Ref": [ "Ref A: BC1388D777814819AB76EE0D9E1B9A49 Ref B: CO6AA3150217019 Ref C: 2024-10-04T00:17:23Z" ],
        "Date": [ "Fri, 04 Oct 2024 00:17:22 GMT" ]
      },
      "ContentHeaders": {
        "Content-Length": [ "108" ],
        "Content-Type": [ "application/json" ],
        "Expires": [ "-1" ]
      },
      "Content": "{\"error\":{\"code\":\"PolicyExemptionNotFound\",\"message\":\"The policy exemption \u0027someName\u0027 could not be found.\"}}",
      "isContentBase64": false
    }
  },
  "Backcompat-SetPolicyExemptionParameters+[NoContext]+parameter combinations starting with -Name+$GET+https://management.azure.com//subscriptions/edb2c18a-04d6-49e9-bc72-e23852f507ad/providers/Microsoft.Authorization/policyExemptions/someName?api-version=2022-07-01-preview+3": {
    "Request": {
      "Method": "GET",
      "RequestUri": "https://management.azure.com//subscriptions/edb2c18a-04d6-49e9-bc72-e23852f507ad/providers/Microsoft.Authorization/policyExemptions/someName?api-version=2022-07-01-preview",
      "Content": null,
      "isContentBase64": false,
      "Headers": {
        "x-ms-unique-id": [ "420" ],
        "x-ms-client-request-id": [ "fd0896cb-90e5-4672-b3ef-6a3a7bb1ef36" ],
        "CommandName": [ "\u0026" ],
        "FullCommandName": [ "Get-AzPolicyExemption_Get" ],
        "ParameterSetName": [ "__AllParameterSets" ],
        "User-Agent": [ "AzurePowershell/v12.3.0", "PSVersion/v7.4.5", "Az.Policy/0.1.1" ],
        "Authorization": [ "[Filtered]" ]
      },
      "ContentHeaders": {
      }
    },
    "Response": {
      "StatusCode": 404,
      "Headers": {
        "Cache-Control": [ "no-store, no-cache" ],
        "Pragma": [ "no-cache" ],
        "x-ms-ratelimit-remaining-subscription-reads": [ "11998" ],
        "x-ms-request-id": [ "7a3d0ce5-b8c3-445b-a053-0a2061cfb124" ],
        "x-ms-correlation-request-id": [ "7a3d0ce5-b8c3-445b-a053-0a2061cfb124" ],
        "x-ms-routing-request-id": [ "WESTUS2:20241004T001724Z:7a3d0ce5-b8c3-445b-a053-0a2061cfb124" ],
        "Strict-Transport-Security": [ "max-age=31536000; includeSubDomains" ],
        "X-Content-Type-Options": [ "nosniff" ],
        "X-Cache": [ "CONFIG_NOCACHE" ],
        "X-MSEdge-Ref": [ "Ref A: FCB53922367C4ACF9F52E020B6F92890 Ref B: CO6AA3150217019 Ref C: 2024-10-04T00:17:24Z" ],
        "Date": [ "Fri, 04 Oct 2024 00:17:23 GMT" ]
      },
      "ContentHeaders": {
        "Content-Length": [ "108" ],
        "Content-Type": [ "application/json" ],
        "Expires": [ "-1" ]
      },
      "Content": "{\"error\":{\"code\":\"PolicyExemptionNotFound\",\"message\":\"The policy exemption \u0027someName\u0027 could not be found.\"}}",
      "isContentBase64": false
    }
  },
  "Backcompat-SetPolicyExemptionParameters+[NoContext]+parameter combinations starting with -Name+$GET+https://management.azure.com//subscriptions/edb2c18a-04d6-49e9-bc72-e23852f507ad/providers/Microsoft.Authorization/policyExemptions/someName?api-version=2022-07-01-preview+4": {
    "Request": {
      "Method": "GET",
      "RequestUri": "https://management.azure.com//subscriptions/edb2c18a-04d6-49e9-bc72-e23852f507ad/providers/Microsoft.Authorization/policyExemptions/someName?api-version=2022-07-01-preview",
      "Content": null,
      "isContentBase64": false,
      "Headers": {
        "x-ms-unique-id": [ "421" ],
        "x-ms-client-request-id": [ "6a05ce03-436d-4ceb-a12c-f0e3bb22d66e" ],
        "CommandName": [ "\u0026" ],
        "FullCommandName": [ "Get-AzPolicyExemption_Get" ],
        "ParameterSetName": [ "__AllParameterSets" ],
        "User-Agent": [ "AzurePowershell/v12.3.0", "PSVersion/v7.4.5", "Az.Policy/0.1.1" ],
        "Authorization": [ "[Filtered]" ]
      },
      "ContentHeaders": {
      }
    },
    "Response": {
      "StatusCode": 404,
      "Headers": {
        "Cache-Control": [ "no-store, no-cache" ],
        "Pragma": [ "no-cache" ],
        "x-ms-ratelimit-remaining-subscription-reads": [ "11999" ],
        "x-ms-request-id": [ "6398a7aa-98f3-4883-b3d5-0d6c2e613d57" ],
        "x-ms-correlation-request-id": [ "6398a7aa-98f3-4883-b3d5-0d6c2e613d57" ],
        "x-ms-routing-request-id": [ "WESTUS2:20241004T001725Z:6398a7aa-98f3-4883-b3d5-0d6c2e613d57" ],
        "Strict-Transport-Security": [ "max-age=31536000; includeSubDomains" ],
        "X-Content-Type-Options": [ "nosniff" ],
        "X-Cache": [ "CONFIG_NOCACHE" ],
        "X-MSEdge-Ref": [ "Ref A: ADDD98004D77422797DDF4F3FD8A45E2 Ref B: CO6AA3150217019 Ref C: 2024-10-04T00:17:25Z" ],
        "Date": [ "Fri, 04 Oct 2024 00:17:24 GMT" ]
      },
      "ContentHeaders": {
        "Content-Length": [ "108" ],
        "Content-Type": [ "application/json" ],
        "Expires": [ "-1" ]
      },
      "Content": "{\"error\":{\"code\":\"PolicyExemptionNotFound\",\"message\":\"The policy exemption \u0027someName\u0027 could not be found.\"}}",
      "isContentBase64": false
    }
  },
  "Backcompat-SetPolicyExemptionParameters+[NoContext]+parameter combinations starting with -Name+$GET+https://management.azure.com//subscriptions/edb2c18a-04d6-49e9-bc72-e23852f507ad/providers/Microsoft.Authorization/policyExemptions/someName?api-version=2022-07-01-preview+5": {
    "Request": {
      "Method": "GET",
      "RequestUri": "https://management.azure.com//subscriptions/edb2c18a-04d6-49e9-bc72-e23852f507ad/providers/Microsoft.Authorization/policyExemptions/someName?api-version=2022-07-01-preview",
      "Content": null,
      "isContentBase64": false,
      "Headers": {
        "x-ms-unique-id": [ "422" ],
        "x-ms-client-request-id": [ "cb1960c3-fc27-492d-9ee8-f80bda983ea5" ],
        "CommandName": [ "\u0026" ],
        "FullCommandName": [ "Get-AzPolicyExemption_Get" ],
        "ParameterSetName": [ "__AllParameterSets" ],
        "User-Agent": [ "AzurePowershell/v12.3.0", "PSVersion/v7.4.5", "Az.Policy/0.1.1" ],
        "Authorization": [ "[Filtered]" ]
      },
      "ContentHeaders": {
      }
    },
    "Response": {
      "StatusCode": 404,
      "Headers": {
        "Cache-Control": [ "no-store, no-cache" ],
        "Pragma": [ "no-cache" ],
        "x-ms-ratelimit-remaining-subscription-reads": [ "11999" ],
        "x-ms-request-id": [ "1d02d0a7-a5db-47fb-8c66-e0dfa7bce207" ],
        "x-ms-correlation-request-id": [ "1d02d0a7-a5db-47fb-8c66-e0dfa7bce207" ],
        "x-ms-routing-request-id": [ "WESTUS2:20241004T001726Z:1d02d0a7-a5db-47fb-8c66-e0dfa7bce207" ],
        "Strict-Transport-Security": [ "max-age=31536000; includeSubDomains" ],
        "X-Content-Type-Options": [ "nosniff" ],
        "X-Cache": [ "CONFIG_NOCACHE" ],
        "X-MSEdge-Ref": [ "Ref A: 11641FF3AC87403F9B1AFF8321140B24 Ref B: CO6AA3150217019 Ref C: 2024-10-04T00:17:26Z" ],
        "Date": [ "Fri, 04 Oct 2024 00:17:25 GMT" ]
      },
      "ContentHeaders": {
        "Content-Length": [ "108" ],
        "Content-Type": [ "application/json" ],
        "Expires": [ "-1" ]
      },
      "Content": "{\"error\":{\"code\":\"PolicyExemptionNotFound\",\"message\":\"The policy exemption \u0027someName\u0027 could not be found.\"}}",
      "isContentBase64": false
    }
  },
  "Backcompat-SetPolicyExemptionParameters+[NoContext]+parameter combinations starting with -Id+$GET+https://management.azure.com//subscriptions/edb2c18a-04d6-49e9-bc72-e23852f507ad/providers/Microsoft.Authorization/policyExemptions/someName?api-version=2022-07-01-preview+1": {
    "Request": {
      "Method": "GET",
      "RequestUri": "https://management.azure.com//subscriptions/edb2c18a-04d6-49e9-bc72-e23852f507ad/providers/Microsoft.Authorization/policyExemptions/someName?api-version=2022-07-01-preview",
      "Content": null,
      "isContentBase64": false,
      "Headers": {
        "x-ms-unique-id": [ "423" ],
        "x-ms-client-request-id": [ "0de861f3-41bd-4ceb-8155-8603672e8f54" ],
        "CommandName": [ "\u0026" ],
        "FullCommandName": [ "Get-AzPolicyExemption_Get" ],
        "ParameterSetName": [ "__AllParameterSets" ],
        "User-Agent": [ "AzurePowershell/v12.3.0", "PSVersion/v7.4.5", "Az.Policy/0.1.1" ],
        "Authorization": [ "[Filtered]" ]
      },
      "ContentHeaders": {
      }
    },
    "Response": {
      "StatusCode": 404,
      "Headers": {
        "Cache-Control": [ "no-store, no-cache" ],
        "Pragma": [ "no-cache" ],
        "x-ms-ratelimit-remaining-subscription-reads": [ "11998" ],
        "x-ms-request-id": [ "c4dc2cda-2c74-464d-a243-f3dff052c728" ],
        "x-ms-correlation-request-id": [ "c4dc2cda-2c74-464d-a243-f3dff052c728" ],
        "x-ms-routing-request-id": [ "WESTUS2:20241004T001727Z:c4dc2cda-2c74-464d-a243-f3dff052c728" ],
        "Strict-Transport-Security": [ "max-age=31536000; includeSubDomains" ],
        "X-Content-Type-Options": [ "nosniff" ],
        "X-Cache": [ "CONFIG_NOCACHE" ],
        "X-MSEdge-Ref": [ "Ref A: 3A678A6EF531420F9534DCAEF3AFE6C5 Ref B: CO6AA3150217019 Ref C: 2024-10-04T00:17:27Z" ],
        "Date": [ "Fri, 04 Oct 2024 00:17:26 GMT" ]
      },
      "ContentHeaders": {
        "Content-Length": [ "108" ],
        "Content-Type": [ "application/json" ],
        "Expires": [ "-1" ]
      },
      "Content": "{\"error\":{\"code\":\"PolicyExemptionNotFound\",\"message\":\"The policy exemption \u0027someName\u0027 could not be found.\"}}",
      "isContentBase64": false
    }
  }
}