{
  "Backcompat-PolicyExemptionCRUDAtManagementGroup+[NoContext]+[NoScenario]+$GET+https://management.azure.com/providers/Microsoft.Authorization/policyDefinitions/0a914e76-4921-4c19-b460-a2d36003525a?api-version=2023-04-01+1": {
    "Request": {
      "Method": "GET",
      "RequestUri": "https://management.azure.com/providers/Microsoft.Authorization/policyDefinitions/0a914e76-4921-4c19-b460-a2d36003525a?api-version=2023-04-01",
      "Content": null,
      "isContentBase64": false,
      "Headers": {
        "x-ms-unique-id": [ "214" ],
        "x-ms-client-request-id": [ "ff7a7371-7721-4707-b701-a7b2f3970c8d" ],
        "CommandName": [ "\u0026" ],
        "FullCommandName": [ "Get-AzPolicyDefinitionBuilt_Get" ],
        "ParameterSetName": [ "__AllParameterSets" ],
        "User-Agent": [ "AzurePowershell/v12.3.0", "PSVersion/v7.4.5", "Az.Policy/0.1.1" ],
        "Authorization": [ "[Filtered]" ]
      },
      "ContentHeaders": {
      }
    },
    "Response": {
      "StatusCode": 200,
      "Headers": {
        "Cache-Control": [ "no-cache" ],
        "Pragma": [ "no-cache" ],
        "Strict-Transport-Security": [ "max-age=31536000; includeSubDomains" ],
        "x-ms-ratelimit-remaining-tenant-reads": [ "11998" ],
        "x-ms-request-id": [ "2ff67bcb-325d-49fe-a72a-2a422fb5a77b" ],
        "x-ms-correlation-request-id": [ "2ff67bcb-325d-49fe-a72a-2a422fb5a77b" ],
        "x-ms-routing-request-id": [ "WESTUS2:20240905T201604Z:2ff67bcb-325d-49fe-a72a-2a422fb5a77b" ],
        "X-Content-Type-Options": [ "nosniff" ],
        "X-Cache": [ "CONFIG_NOCACHE" ],
        "X-MSEdge-Ref": [ "Ref A: A73CB4764E6343C1ADFAB32971D45DA3 Ref B: CO6AA3150218047 Ref C: 2024-09-05T20:16:04Z" ],
        "Date": [ "Thu, 05 Sep 2024 20:16:04 GMT" ]
      },
      "ContentHeaders": {
        "Content-Length": [ "660" ],
        "Content-Type": [ "application/json; charset=utf-8" ],
        "Expires": [ "-1" ]
      },
      "Content": "{\"properties\":{\"displayName\":\"Audit resource location matches resource group location\",\"policyType\":\"BuiltIn\",\"mode\":\"Indexed\",\"description\":\"Audit that the resource location matches its resource group location\",\"metadata\":{\"version\":\"2.0.0\",\"category\":\"General\"},\"version\":\"2.0.0\",\"policyRule\":{\"if\":{\"allOf\":[{\"field\":\"location\",\"notEquals\":\"[resourcegroup().location]\"},{\"field\":\"location\",\"notEquals\":\"global\"}]},\"then\":{\"effect\":\"audit\"}},\"versions\":[\"2.0.0\"]},\"id\":\"/providers/Microsoft.Authorization/policyDefinitions/0a914e76-4921-4c19-b460-a2d36003525a\",\"type\":\"Microsoft.Authorization/policyDefinitions\",\"name\":\"0a914e76-4921-4c19-b460-a2d36003525a\"}",
      "isContentBase64": false
    }
  },
  "Backcompat-PolicyExemptionCRUDAtManagementGroup+[NoContext]+[NoScenario]+$PUT+https://management.azure.com//providers/Microsoft.Management/managementGroups/AzGovPerfTest/providers/Microsoft.Authorization/policyAssignments/ps01E9711FBackcompat-Pol?api-version=2023-04-01+2": {
    "Request": {
      "Method": "PUT",
      "RequestUri": "https://management.azure.com//providers/Microsoft.Management/managementGroups/AzGovPerfTest/providers/Microsoft.Authorization/policyAssignments/ps01E9711FBackcompat-Pol?api-version=2023-04-01",
      "Content": "{\r\n  \"properties\": {\r\n    \"displayName\": \"Unit test junk: sorry for littering. Please delete me!\",\r\n    \"policyDefinitionId\": \"/providers/Microsoft.Authorization/policyDefinitions/0a914e76-4921-4c19-b460-a2d36003525a\"\r\n  }\r\n}",
      "isContentBase64": false,
      "Headers": {
      },
      "ContentHeaders": {
        "Content-Type": [ "application/json" ],
        "Content-Length": [ "225" ]
      }
    },
    "Response": {
      "StatusCode": 201,
      "Headers": {
        "Cache-Control": [ "no-cache" ],
        "Pragma": [ "no-cache" ],
        "Strict-Transport-Security": [ "max-age=31536000; includeSubDomains" ],
        "x-ms-ratelimit-remaining-tenant-writes": [ "1199" ],
        "x-ms-request-id": [ "36b6a0be-784b-418b-82f0-16e8c2bd3d5d" ],
        "x-ms-correlation-request-id": [ "36b6a0be-784b-418b-82f0-16e8c2bd3d5d" ],
        "x-ms-routing-request-id": [ "WESTUS2:20240905T201605Z:36b6a0be-784b-418b-82f0-16e8c2bd3d5d" ],
        "X-Content-Type-Options": [ "nosniff" ],
        "X-Cache": [ "CONFIG_NOCACHE" ],
        "X-MSEdge-Ref": [ "Ref A: ED0F4C48C929465A82A21FD8B48EA35D Ref B: CO6AA3150218047 Ref C: 2024-09-05T20:16:05Z" ],
        "Date": [ "Thu, 05 Sep 2024 20:16:05 GMT" ]
      },
      "ContentHeaders": {
        "Content-Length": [ "946" ],
        "Content-Type": [ "application/json; charset=utf-8" ],
        "Expires": [ "-1" ]
      },
      "Content": "{\"properties\":{\"displayName\":\"Unit test junk: sorry for littering. Please delete me!\",\"policyDefinitionId\":\"/providers/Microsoft.Authorization/policyDefinitions/0a914e76-4921-4c19-b460-a2d36003525a\",\"definitionVersion\":\"2.*.*\",\"scope\":\"/providers/Microsoft.Management/managementGroups/AzGovPerfTest\",\"metadata\":{\"createdBy\":\"3d826307-2481-45a0-a271-bcf9333f914a\",\"createdOn\":\"2024-09-05T20:16:05.0697381Z\",\"updatedBy\":null,\"updatedOn\":null},\"enforcementMode\":\"Default\"},\"id\":\"/providers/Microsoft.Management/managementGroups/AzGovPerfTest/providers/Microsoft.Authorization/policyAssignments/ps01E9711FBackcompat-Pol\",\"type\":\"Microsoft.Authorization/policyAssignments\",\"name\":\"ps01E9711FBackcompat-Pol\",\"systemData\":{\"createdBy\":\"cstack@ntdev.microsoft.com\",\"createdByType\":\"User\",\"createdAt\":\"2024-09-05T20:16:05.0459427Z\",\"lastModifiedBy\":\"cstack@ntdev.microsoft.com\",\"lastModifiedByType\":\"User\",\"lastModifiedAt\":\"2024-09-05T20:16:05.0459427Z\"}}",
      "isContentBase64": false
    }
  },
  "Backcompat-PolicyExemptionCRUDAtManagementGroup+[NoContext]+[NoScenario]+$PUT+https://management.azure.com//providers/Microsoft.Management/managementGroups/AzGovPerfTest/providers/Microsoft.Authorization/policyExemptions/ps02E9711FBackcompat-Pol?api-version=2022-07-01-preview+3": {
    "Request": {
      "Method": "PUT",
      "RequestUri": "https://management.azure.com//providers/Microsoft.Management/managementGroups/AzGovPerfTest/providers/Microsoft.Authorization/policyExemptions/ps02E9711FBackcompat-Pol?api-version=2022-07-01-preview",
      "Content": "{\r\n  \"properties\": {\r\n    \"policyAssignmentId\": \"/providers/Microsoft.Management/managementGroups/AzGovPerfTest/providers/Microsoft.Authorization/policyAssignments/ps01E9711FBackcompat-Pol\",\r\n    \"exemptionCategory\": \"Waiver\",\r\n    \"expiresOn\": \"3021-03-09T07:30:10.0000000Z\",\r\n    \"displayName\": \"Unit test junk: sorry for littering. Please delete me!\",\r\n    \"description\": \"Unit test junk: sorry for littering. Please delete me!\",\r\n    \"metadata\": {\r\n      \"testName\": \"testValue\"\r\n    }\r\n  }\r\n}",
      "isContentBase64": false,
      "Headers": {
      },
      "ContentHeaders": {
        "Content-Type": [ "application/json" ],
        "Content-Length": [ "497" ]
      }
    },
    "Response": {
      "StatusCode": 201,
      "Headers": {
        "Cache-Control": [ "no-cache" ],
        "Pragma": [ "no-cache" ],
        "Strict-Transport-Security": [ "max-age=31536000; includeSubDomains" ],
        "x-ms-ratelimit-remaining-tenant-writes": [ "1198" ],
        "x-ms-request-id": [ "244892aa-1669-4446-acd5-340decf0d6f3" ],
        "x-ms-correlation-request-id": [ "244892aa-1669-4446-acd5-340decf0d6f3" ],
        "x-ms-routing-request-id": [ "WESTUS2:20240905T201606Z:244892aa-1669-4446-acd5-340decf0d6f3" ],
        "X-Content-Type-Options": [ "nosniff" ],
        "X-Cache": [ "CONFIG_NOCACHE" ],
        "X-MSEdge-Ref": [ "Ref A: 99BD0316194F48189DF919BA78BBAF0D Ref B: CO6AA3150218047 Ref C: 2024-09-05T20:16:05Z" ],
        "Date": [ "Thu, 05 Sep 2024 20:16:05 GMT" ]
      },
      "ContentHeaders": {
        "Content-Length": [ "895" ],
        "Content-Type": [ "application/json; charset=utf-8" ],
        "Expires": [ "-1" ]
      },
      "Content": "{\"properties\":{\"policyAssignmentId\":\"/providers/Microsoft.Management/managementGroups/AzGovPerfTest/providers/Microsoft.Authorization/policyAssignments/ps01E9711FBackcompat-Pol\",\"exemptionCategory\":\"Waiver\",\"displayName\":\"Unit test junk: sorry for littering. Please delete me!\",\"description\":\"Unit test junk: sorry for littering. Please delete me!\",\"expiresOn\":\"3021-03-09T07:30:10Z\",\"metadata\":{\"testName\":\"testValue\"}},\"id\":\"/providers/Microsoft.Management/managementGroups/AzGovPerfTest/providers/Microsoft.Authorization/policyExemptions/ps02E9711FBackcompat-Pol\",\"type\":\"Microsoft.Authorization/policyExemptions\",\"name\":\"ps02E9711FBackcompat-Pol\",\"systemData\":{\"createdBy\":\"cstack@ntdev.microsoft.com\",\"createdByType\":\"User\",\"createdAt\":\"2024-09-05T20:16:05.7573663Z\",\"lastModifiedBy\":\"cstack@ntdev.microsoft.com\",\"lastModifiedByType\":\"User\",\"lastModifiedAt\":\"2024-09-05T20:16:05.7573663Z\"}}",
      "isContentBase64": false
    }
  },
  "Backcompat-PolicyExemptionCRUDAtManagementGroup+[NoContext]+[NoScenario]+$DELETE+https://management.azure.com//providers/Microsoft.Management/managementGroups/AzGovPerfTest/providers/Microsoft.Authorization/policyExemptions/ps02E9711FBackcompat-Pol?api-version=2022-07-01-preview+1": {
    "Request": {
      "Method": "DELETE",
      "RequestUri": "https://management.azure.com//providers/Microsoft.Management/managementGroups/AzGovPerfTest/providers/Microsoft.Authorization/policyExemptions/ps02E9711FBackcompat-Pol?api-version=2022-07-01-preview",
      "Content": null,
      "isContentBase64": false,
      "Headers": {
        "x-ms-unique-id": [ "217" ],
        "x-ms-client-request-id": [ "fa196de1-6b82-42b5-b3f5-ad2abafe4992" ],
        "CommandName": [ "\u0026" ],
        "FullCommandName": [ "Remove-AzPolicyExemption_Delete" ],
        "ParameterSetName": [ "__AllParameterSets" ],
        "User-Agent": [ "AzurePowershell/v12.3.0", "PSVersion/v7.4.5", "Az.Policy/0.1.1" ],
        "Authorization": [ "[Filtered]" ]
      },
      "ContentHeaders": {
      }
    },
    "Response": {
      "StatusCode": 200,
      "Headers": {
        "Cache-Control": [ "no-cache" ],
        "Pragma": [ "no-cache" ],
        "Strict-Transport-Security": [ "max-age=31536000; includeSubDomains" ],
        "x-ms-ratelimit-remaining-tenant-deletes": [ "14999" ],
        "x-ms-request-id": [ "c691a7ac-fcf2-48e7-8232-f6f45cc4d2c7" ],
        "x-ms-correlation-request-id": [ "c691a7ac-fcf2-48e7-8232-f6f45cc4d2c7" ],
        "x-ms-routing-request-id": [ "WESTUS2:20240905T201606Z:c691a7ac-fcf2-48e7-8232-f6f45cc4d2c7" ],
        "X-Content-Type-Options": [ "nosniff" ],
        "X-Cache": [ "CONFIG_NOCACHE" ],
        "X-MSEdge-Ref": [ "Ref A: 7D88D02831DC4369B7D495CDC1BC7759 Ref B: CO6AA3150218047 Ref C: 2024-09-05T20:16:06Z" ],
        "Date": [ "Thu, 05 Sep 2024 20:16:06 GMT" ]
      },
      "ContentHeaders": {
        "Content-Length": [ "895" ],
        "Content-Type": [ "application/json; charset=utf-8" ],
        "Expires": [ "-1" ]
      },
      "Content": "{\"properties\":{\"policyAssignmentId\":\"/providers/Microsoft.Management/managementGroups/AzGovPerfTest/providers/Microsoft.Authorization/policyAssignments/ps01E9711FBackcompat-Pol\",\"exemptionCategory\":\"Waiver\",\"displayName\":\"Unit test junk: sorry for littering. Please delete me!\",\"description\":\"Unit test junk: sorry for littering. Please delete me!\",\"expiresOn\":\"3021-03-09T07:30:10Z\",\"metadata\":{\"testName\":\"testValue\"}},\"id\":\"/providers/Microsoft.Management/managementGroups/AzGovPerfTest/providers/Microsoft.Authorization/policyExemptions/ps02E9711FBackcompat-Pol\",\"type\":\"Microsoft.Authorization/policyExemptions\",\"name\":\"ps02E9711FBackcompat-Pol\",\"systemData\":{\"createdBy\":\"cstack@ntdev.microsoft.com\",\"createdByType\":\"User\",\"createdAt\":\"2024-09-05T20:16:05.7573663Z\",\"lastModifiedBy\":\"cstack@ntdev.microsoft.com\",\"lastModifiedByType\":\"User\",\"lastModifiedAt\":\"2024-09-05T20:16:05.7573663Z\"}}",
      "isContentBase64": false
    }
  },
  "Backcompat-PolicyExemptionCRUDAtManagementGroup+[NoContext]+[NoScenario]+$DELETE+https://management.azure.com//providers/Microsoft.Management/managementGroups/AzGovPerfTest/providers/Microsoft.Authorization/policyExemptions/ps03E9711FBackcompat-Pol?api-version=2022-07-01-preview+2": {
    "Request": {
      "Method": "DELETE",
      "RequestUri": "https://management.azure.com//providers/Microsoft.Management/managementGroups/AzGovPerfTest/providers/Microsoft.Authorization/policyExemptions/ps03E9711FBackcompat-Pol?api-version=2022-07-01-preview",
      "Content": null,
      "isContentBase64": false,
      "Headers": {
        "x-ms-unique-id": [ "218" ],
        "x-ms-client-request-id": [ "d2db86c6-d286-4e41-9d9b-f8434ff2decf" ],
        "CommandName": [ "\u0026" ],
        "FullCommandName": [ "Remove-AzPolicyExemption_Delete" ],
        "ParameterSetName": [ "__AllParameterSets" ],
        "User-Agent": [ "AzurePowershell/v12.3.0", "PSVersion/v7.4.5", "Az.Policy/0.1.1" ],
        "Authorization": [ "[Filtered]" ]
      },
      "ContentHeaders": {
      }
    },
    "Response": {
      "StatusCode": 204,
      "Headers": {
        "Cache-Control": [ "no-cache" ],
        "Pragma": [ "no-cache" ],
        "Strict-Transport-Security": [ "max-age=31536000; includeSubDomains" ],
        "x-ms-ratelimit-remaining-tenant-deletes": [ "14999" ],
        "x-ms-request-id": [ "f485e350-7033-4139-bb17-91d068002ea5" ],
        "x-ms-correlation-request-id": [ "f485e350-7033-4139-bb17-91d068002ea5" ],
        "x-ms-routing-request-id": [ "WESTUS2:20240905T201606Z:f485e350-7033-4139-bb17-91d068002ea5" ],
        "X-Content-Type-Options": [ "nosniff" ],
        "X-Cache": [ "CONFIG_NOCACHE" ],
        "X-MSEdge-Ref": [ "Ref A: 259101EC7F2B40A28768B986E1BD18C4 Ref B: CO6AA3150218047 Ref C: 2024-09-05T20:16:06Z" ],
        "Date": [ "Thu, 05 Sep 2024 20:16:06 GMT" ]
      },
      "ContentHeaders": {
        "Expires": [ "-1" ]
      },
      "Content": null,
      "isContentBase64": false
    }
  },
  "Backcompat-PolicyExemptionCRUDAtManagementGroup+[NoContext]+[NoScenario]+$DELETE+https://management.azure.com//providers/Microsoft.Management/managementGroups/AzGovPerfTest/providers/Microsoft.Authorization/policyAssignments/ps01E9711FBackcompat-Pol?api-version=2023-04-01+3": {
    "Request": {
      "Method": "DELETE",
      "RequestUri": "https://management.azure.com//providers/Microsoft.Management/managementGroups/AzGovPerfTest/providers/Microsoft.Authorization/policyAssignments/ps01E9711FBackcompat-Pol?api-version=2023-04-01",
      "Content": null,
      "isContentBase64": false,
      "Headers": {
        "x-ms-unique-id": [ "219" ],
        "x-ms-client-request-id": [ "e1bd8572-943a-43f0-bd1c-898e4b1da747" ],
        "CommandName": [ "\u0026" ],
        "FullCommandName": [ "Remove-AzPolicyAssignment_Delete" ],
        "ParameterSetName": [ "__AllParameterSets" ],
        "User-Agent": [ "AzurePowershell/v12.3.0", "PSVersion/v7.4.5", "Az.Policy/0.1.1" ],
        "Authorization": [ "[Filtered]" ]
      },
      "ContentHeaders": {
      }
    },
    "Response": {
      "StatusCode": 200,
      "Headers": {
        "Cache-Control": [ "no-cache" ],
        "Pragma": [ "no-cache" ],
        "Strict-Transport-Security": [ "max-age=31536000; includeSubDomains" ],
        "x-ms-ratelimit-remaining-tenant-deletes": [ "14999" ],
        "x-ms-request-id": [ "6a8e10a0-aea4-49c3-977d-c273cb8c57bf" ],
        "x-ms-correlation-request-id": [ "6a8e10a0-aea4-49c3-977d-c273cb8c57bf" ],
        "x-ms-routing-request-id": [ "WESTUS2:20240905T201607Z:6a8e10a0-aea4-49c3-977d-c273cb8c57bf" ],
        "X-Content-Type-Options": [ "nosniff" ],
        "X-Cache": [ "CONFIG_NOCACHE" ],
        "X-MSEdge-Ref": [ "Ref A: E7903E138A13476E975CF972CB3CF288 Ref B: CO6AA3150218047 Ref C: 2024-09-05T20:16:07Z" ],
        "Date": [ "Thu, 05 Sep 2024 20:16:07 GMT" ]
      },
      "ContentHeaders": {
        "Content-Length": [ "946" ],
        "Content-Type": [ "application/json; charset=utf-8" ],
        "Expires": [ "-1" ]
      },
      "Content": "{\"properties\":{\"displayName\":\"Unit test junk: sorry for littering. Please delete me!\",\"policyDefinitionId\":\"/providers/Microsoft.Authorization/policyDefinitions/0a914e76-4921-4c19-b460-a2d36003525a\",\"definitionVersion\":\"2.*.*\",\"scope\":\"/providers/Microsoft.Management/managementGroups/AzGovPerfTest\",\"metadata\":{\"createdBy\":\"3d826307-2481-45a0-a271-bcf9333f914a\",\"createdOn\":\"2024-09-05T20:16:05.0697381Z\",\"updatedBy\":null,\"updatedOn\":null},\"enforcementMode\":\"Default\"},\"id\":\"/providers/Microsoft.Management/managementGroups/AzGovPerfTest/providers/Microsoft.Authorization/policyAssignments/ps01E9711FBackcompat-Pol\",\"type\":\"Microsoft.Authorization/policyAssignments\",\"name\":\"ps01E9711FBackcompat-Pol\",\"systemData\":{\"createdBy\":\"cstack@ntdev.microsoft.com\",\"createdByType\":\"User\",\"createdAt\":\"2024-09-05T20:16:05.0459427Z\",\"lastModifiedBy\":\"cstack@ntdev.microsoft.com\",\"lastModifiedByType\":\"User\",\"lastModifiedAt\":\"2024-09-05T20:16:05.0459427Z\"}}",
      "isContentBase64": false
    }
  }
}