{
  "Backcompat-PolicyAssignmentCRUD+[NoContext]+[NoScenario]+$PUT+https://management.azure.com/subscriptions/edb2c18a-04d6-49e9-bc72-e23852f507ad/providers/Microsoft.Authorization/policyDefinitions/psBackcompat-PolicyAssignmentCRUD03?api-version=2023-04-01+1": {
    "Request": {
      "Method": "PUT",
      "RequestUri": "https://management.azure.com/subscriptions/edb2c18a-04d6-49e9-bc72-e23852f507ad/providers/Microsoft.Authorization/policyDefinitions/psBackcompat-PolicyAssignmentCRUD03?api-version=2023-04-01",
      "Content": "{\r\n  \"properties\": {\r\n    \"mode\": \"All\",\r\n    \"description\": \"Unit test junk: sorry for littering. Please delete me!\",\r\n    \"policyRule\": {\r\n      \"if\": {\r\n        \"source\": \"action\",\r\n        \"equals\": \"Microsoft.Resources/Subscriptions/ResourceGroups/write\"\r\n      },\r\n      \"then\": {\r\n        \"effect\": \"deny\"\r\n      }\r\n    }\r\n  }\r\n}",
      "isContentBase64": false,
      "Headers": {
      },
      "ContentHeaders": {
        "Content-Type": [ "application/json" ],
        "Content-Length": [ "336" ]
      }
    },
    "Response": {
      "StatusCode": 201,
      "Headers": {
        "Cache-Control": [ "no-cache" ],
        "Pragma": [ "no-cache" ],
        "Strict-Transport-Security": [ "max-age=31536000; includeSubDomains" ],
        "x-ms-ratelimit-remaining-subscription-writes": [ "1199" ],
        "x-ms-request-id": [ "131bd5c7-3578-4ba2-942b-b08face32198" ],
        "x-ms-correlation-request-id": [ "131bd5c7-3578-4ba2-942b-b08face32198" ],
        "x-ms-routing-request-id": [ "WESTUS2:20240402T214040Z:131bd5c7-3578-4ba2-942b-b08face32198" ],
        "X-Content-Type-Options": [ "nosniff" ],
        "X-Cache": [ "CONFIG_NOCACHE" ],
        "X-MSEdge-Ref": [ "Ref A: 4FC208F6FF11481485ECF2C2F69C44F9 Ref B: CO6AA3150218023 Ref C: 2024-04-02T21:40:40Z" ],
        "Date": [ "Tue, 02 Apr 2024 21:40:40 GMT" ]
      },
      "ContentHeaders": {
        "Content-Length": [ "920" ],
        "Content-Type": [ "application/json; charset=utf-8" ],
        "Expires": [ "-1" ]
      },
      "Content": "{\"properties\":{\"policyType\":\"Custom\",\"mode\":\"All\",\"description\":\"Unit test junk: sorry for littering. Please delete me!\",\"metadata\":{\"createdBy\":\"3d826307-2481-45a0-a271-bcf9333f914a\",\"createdOn\":\"2024-04-02T21:40:40.5527334Z\",\"updatedBy\":null,\"updatedOn\":null},\"version\":\"1.0.0\",\"policyRule\":{\"if\":{\"source\":\"action\",\"equals\":\"Microsoft.Resources/Subscriptions/ResourceGroups/write\"},\"then\":{\"effect\":\"deny\"}},\"versions\":[\"1.0.0\"]},\"id\":\"/subscriptions/edb2c18a-04d6-49e9-bc72-e23852f507ad/providers/Microsoft.Authorization/policyDefinitions/psBackcompat-PolicyAssignmentCRUD03\",\"type\":\"Microsoft.Authorization/policyDefinitions\",\"name\":\"psBackcompat-PolicyAssignmentCRUD03\",\"systemData\":{\"createdBy\":\"cstack@ntdev.microsoft.com\",\"createdByType\":\"User\",\"createdAt\":\"2024-04-02T21:40:40.5335998Z\",\"lastModifiedBy\":\"cstack@ntdev.microsoft.com\",\"lastModifiedByType\":\"User\",\"lastModifiedAt\":\"2024-04-02T21:40:40.5335998Z\"}}",
      "isContentBase64": false
    }
  },
  "Backcompat-PolicyAssignmentCRUD+[NoContext]+[NoScenario]+$PUT+https://management.azure.com/subscriptions/edb2c18a-04d6-49e9-bc72-e23852f507ad/providers/Microsoft.Authorization/policyDefinitions/psBackcompat-PolicyAssignmentCRUD04?api-version=2023-04-01+2": {
    "Request": {
      "Method": "PUT",
      "RequestUri": "https://management.azure.com/subscriptions/edb2c18a-04d6-49e9-bc72-e23852f507ad/providers/Microsoft.Authorization/policyDefinitions/psBackcompat-PolicyAssignmentCRUD04?api-version=2023-04-01",
      "Content": "{\r\n  \"properties\": {\r\n    \"mode\": \"All\",\r\n    \"description\": \"Unit test junk: sorry for littering. Please delete me!\",\r\n    \"policyRule\": {\r\n      \"if\": {\r\n        \"source\": \"action\",\r\n        \"equals\": \"Microsoft.Resources/Subscriptions/ResourceGroups/write\"\r\n      },\r\n      \"then\": {\r\n        \"effect\": \"deny\"\r\n      }\r\n    }\r\n  }\r\n}",
      "isContentBase64": false,
      "Headers": {
      },
      "ContentHeaders": {
        "Content-Type": [ "application/json" ],
        "Content-Length": [ "336" ]
      }
    },
    "Response": {
      "StatusCode": 201,
      "Headers": {
        "Cache-Control": [ "no-cache" ],
        "Pragma": [ "no-cache" ],
        "Strict-Transport-Security": [ "max-age=31536000; includeSubDomains" ],
        "x-ms-ratelimit-remaining-subscription-writes": [ "1199" ],
        "x-ms-request-id": [ "4f6bfc8b-c9bd-4bff-ad7f-47bf71b439d2" ],
        "x-ms-correlation-request-id": [ "4f6bfc8b-c9bd-4bff-ad7f-47bf71b439d2" ],
        "x-ms-routing-request-id": [ "WESTUS2:20240402T214041Z:4f6bfc8b-c9bd-4bff-ad7f-47bf71b439d2" ],
        "X-Content-Type-Options": [ "nosniff" ],
        "X-Cache": [ "CONFIG_NOCACHE" ],
        "X-MSEdge-Ref": [ "Ref A: 3CD93412B9AA41DA9882C393A3F8A554 Ref B: CO6AA3150218023 Ref C: 2024-04-02T21:40:40Z" ],
        "Date": [ "Tue, 02 Apr 2024 21:40:41 GMT" ]
      },
      "ContentHeaders": {
        "Content-Length": [ "919" ],
        "Content-Type": [ "application/json; charset=utf-8" ],
        "Expires": [ "-1" ]
      },
      "Content": "{\"properties\":{\"policyType\":\"Custom\",\"mode\":\"All\",\"description\":\"Unit test junk: sorry for littering. Please delete me!\",\"metadata\":{\"createdBy\":\"3d826307-2481-45a0-a271-bcf9333f914a\",\"createdOn\":\"2024-04-02T21:40:41.117355Z\",\"updatedBy\":null,\"updatedOn\":null},\"version\":\"1.0.0\",\"policyRule\":{\"if\":{\"source\":\"action\",\"equals\":\"Microsoft.Resources/Subscriptions/ResourceGroups/write\"},\"then\":{\"effect\":\"deny\"}},\"versions\":[\"1.0.0\"]},\"id\":\"/subscriptions/edb2c18a-04d6-49e9-bc72-e23852f507ad/providers/Microsoft.Authorization/policyDefinitions/psBackcompat-PolicyAssignmentCRUD04\",\"type\":\"Microsoft.Authorization/policyDefinitions\",\"name\":\"psBackcompat-PolicyAssignmentCRUD04\",\"systemData\":{\"createdBy\":\"cstack@ntdev.microsoft.com\",\"createdByType\":\"User\",\"createdAt\":\"2024-04-02T21:40:41.0772134Z\",\"lastModifiedBy\":\"cstack@ntdev.microsoft.com\",\"lastModifiedByType\":\"User\",\"lastModifiedAt\":\"2024-04-02T21:40:41.0772134Z\"}}",
      "isContentBase64": false
    }
  },
  "Backcompat-PolicyAssignmentCRUD+[NoContext]+[NoScenario]+$PUT+https://management.azure.com/subscriptions/edb2c18a-04d6-49e9-bc72-e23852f507ad/providers/Microsoft.Authorization/policySetDefinitions/psBackcompat-PolicyAssignmentCRUD02?api-version=2023-04-01+3": {
    "Request": {
      "Method": "PUT",
      "RequestUri": "https://management.azure.com/subscriptions/edb2c18a-04d6-49e9-bc72-e23852f507ad/providers/Microsoft.Authorization/policySetDefinitions/psBackcompat-PolicyAssignmentCRUD02?api-version=2023-04-01",
      "Content": "{\r\n  \"properties\": {\r\n    \"description\": \"Unit test junk: sorry for littering. Please delete me!\",\r\n    \"metadata\": {\r\n      \"testName\": \"testValue\"\r\n    },\r\n    \"policyDefinitions\": [\r\n      {\r\n        \"policyDefinitionId\": \"/subscriptions/edb2c18a-04d6-49e9-bc72-e23852f507ad/providers/Microsoft.Authorization/policyDefinitions/psBackcompat-PolicyAssignmentCRUD03\"\r\n      },\r\n      {\r\n        \"policyDefinitionId\": \"/subscriptions/edb2c18a-04d6-49e9-bc72-e23852f507ad/providers/Microsoft.Authorization/policyDefinitions/psBackcompat-PolicyAssignmentCRUD04\"\r\n      }\r\n    ]\r\n  }\r\n}",
      "isContentBase64": false,
      "Headers": {
      },
      "ContentHeaders": {
        "Content-Type": [ "application/json" ],
        "Content-Length": [ "582" ]
      }
    },
    "Response": {
      "StatusCode": 201,
      "Headers": {
        "Cache-Control": [ "no-cache" ],
        "Pragma": [ "no-cache" ],
        "Strict-Transport-Security": [ "max-age=31536000; includeSubDomains" ],
        "x-ms-ratelimit-remaining-subscription-writes": [ "1199" ],
        "x-ms-request-id": [ "69e6a0a8-ca07-4d90-afeb-798453451538" ],
        "x-ms-correlation-request-id": [ "69e6a0a8-ca07-4d90-afeb-798453451538" ],
        "x-ms-routing-request-id": [ "WESTUS2:20240402T214042Z:69e6a0a8-ca07-4d90-afeb-798453451538" ],
        "X-Content-Type-Options": [ "nosniff" ],
        "X-Cache": [ "CONFIG_NOCACHE" ],
        "X-MSEdge-Ref": [ "Ref A: 426DB12EA8A34C7BBF8498E9DDD32C96 Ref B: CO6AA3150218023 Ref C: 2024-04-02T21:40:41Z" ],
        "Date": [ "Tue, 02 Apr 2024 21:40:41 GMT" ]
      },
      "ContentHeaders": {
        "Content-Length": [ "1318" ],
        "Content-Type": [ "application/json; charset=utf-8" ],
        "Expires": [ "-1" ]
      },
      "Content": "{\"properties\":{\"policyType\":\"Custom\",\"description\":\"Unit test junk: sorry for littering. Please delete me!\",\"metadata\":{\"testName\":\"testValue\",\"createdBy\":\"3d826307-2481-45a0-a271-bcf9333f914a\",\"createdOn\":\"2024-04-02T21:40:42.076652Z\",\"updatedBy\":null,\"updatedOn\":null},\"version\":\"1.0.0\",\"policyDefinitions\":[{\"policyDefinitionReferenceId\":\"13556444948758758402\",\"policyDefinitionId\":\"/subscriptions/edb2c18a-04d6-49e9-bc72-e23852f507ad/providers/Microsoft.Authorization/policyDefinitions/psBackcompat-PolicyAssignmentCRUD03\",\"definitionVersion\":\"1.*.*\"},{\"policyDefinitionReferenceId\":\"10874736668122828248\",\"policyDefinitionId\":\"/subscriptions/edb2c18a-04d6-49e9-bc72-e23852f507ad/providers/Microsoft.Authorization/policyDefinitions/psBackcompat-PolicyAssignmentCRUD04\",\"definitionVersion\":\"1.*.*\"}],\"versions\":[\"1.0.0\"]},\"id\":\"/subscriptions/edb2c18a-04d6-49e9-bc72-e23852f507ad/providers/Microsoft.Authorization/policySetDefinitions/psBackcompat-PolicyAssignmentCRUD02\",\"type\":\"Microsoft.Authorization/policySetDefinitions\",\"name\":\"psBackcompat-PolicyAssignmentCRUD02\",\"systemData\":{\"createdBy\":\"cstack@ntdev.microsoft.com\",\"createdByType\":\"User\",\"createdAt\":\"2024-04-02T21:40:42.0407409Z\",\"lastModifiedBy\":\"cstack@ntdev.microsoft.com\",\"lastModifiedByType\":\"User\",\"lastModifiedAt\":\"2024-04-02T21:40:42.0407409Z\"}}",
      "isContentBase64": false
    }
  },
  "Backcompat-PolicyAssignmentCRUD+[NoContext]+make a policy assignment at RG scope+$PUT+https://management.azure.com//subscriptions/edb2c18a-04d6-49e9-bc72-e23852f507ad/resourceGroups/rg01/providers/Microsoft.Authorization/policyAssignments/psBackcompat-PolicyAssignmentCRUD05?api-version=2023-04-01+1": {
    "Request": {
      "Method": "PUT",
      "RequestUri": "https://management.azure.com//subscriptions/edb2c18a-04d6-49e9-bc72-e23852f507ad/resourceGroups/rg01/providers/Microsoft.Authorization/policyAssignments/psBackcompat-PolicyAssignmentCRUD05?api-version=2023-04-01",
      "Content": "{\r\n  \"properties\": {\r\n    \"policyDefinitionId\": \"/subscriptions/edb2c18a-04d6-49e9-bc72-e23852f507ad/providers/Microsoft.Authorization/policySetDefinitions/psBackcompat-PolicyAssignmentCRUD02\",\r\n    \"description\": \"Unit test junk: sorry for littering. Please delete me!\",\r\n    \"nonComplianceMessages\": [\r\n      {\r\n        \"message\": \"General message\"\r\n      }\r\n    ]\r\n  }\r\n}",
      "isContentBase64": false,
      "Headers": {
      },
      "ContentHeaders": {
        "Content-Type": [ "application/json" ],
        "Content-Length": [ "374" ]
      }
    },
    "Response": {
      "StatusCode": 201,
      "Headers": {
        "Cache-Control": [ "no-cache" ],
        "Pragma": [ "no-cache" ],
        "Strict-Transport-Security": [ "max-age=31536000; includeSubDomains" ],
        "x-ms-ratelimit-remaining-subscription-writes": [ "1198" ],
        "x-ms-request-id": [ "22381ee1-6a7a-48b2-ac95-efc5f460e146" ],
        "x-ms-correlation-request-id": [ "22381ee1-6a7a-48b2-ac95-efc5f460e146" ],
        "x-ms-routing-request-id": [ "WESTUS2:20240402T214042Z:22381ee1-6a7a-48b2-ac95-efc5f460e146" ],
        "X-Content-Type-Options": [ "nosniff" ],
        "X-Cache": [ "CONFIG_NOCACHE" ],
        "X-MSEdge-Ref": [ "Ref A: F33CF801792442F8B032D0915B56DE16 Ref B: CO6AA3150218023 Ref C: 2024-04-02T21:40:42Z" ],
        "Date": [ "Tue, 02 Apr 2024 21:40:42 GMT" ]
      },
      "ContentHeaders": {
        "Content-Length": [ "1095" ],
        "Content-Type": [ "application/json; charset=utf-8" ],
        "Expires": [ "-1" ]
      },
      "Content": "{\"properties\":{\"policyDefinitionId\":\"/subscriptions/edb2c18a-04d6-49e9-bc72-e23852f507ad/providers/Microsoft.Authorization/policySetDefinitions/psBackcompat-PolicyAssignmentCRUD02\",\"definitionVersion\":\"1.*.*\",\"scope\":\"/subscriptions/edb2c18a-04d6-49e9-bc72-e23852f507ad/resourceGroups/rg01\",\"description\":\"Unit test junk: sorry for littering. Please delete me!\",\"metadata\":{\"createdBy\":\"3d826307-2481-45a0-a271-bcf9333f914a\",\"createdOn\":\"2024-04-02T21:40:42.5949585Z\",\"updatedBy\":null,\"updatedOn\":null},\"enforcementMode\":\"Default\",\"nonComplianceMessages\":[{\"message\":\"General message\"}]},\"id\":\"/subscriptions/edb2c18a-04d6-49e9-bc72-e23852f507ad/resourceGroups/rg01/providers/Microsoft.Authorization/policyAssignments/psBackcompat-PolicyAssignmentCRUD05\",\"type\":\"Microsoft.Authorization/policyAssignments\",\"name\":\"psBackcompat-PolicyAssignmentCRUD05\",\"systemData\":{\"createdBy\":\"cstack@ntdev.microsoft.com\",\"createdByType\":\"User\",\"createdAt\":\"2024-04-02T21:40:42.5666958Z\",\"lastModifiedBy\":\"cstack@ntdev.microsoft.com\",\"lastModifiedByType\":\"User\",\"lastModifiedAt\":\"2024-04-02T21:40:42.5666958Z\"}}",
      "isContentBase64": false
    }
  },
  "Backcompat-PolicyAssignmentCRUD+[NoContext]+make a policy assignment at RG scope+$GET+https://management.azure.com//subscriptions/edb2c18a-04d6-49e9-bc72-e23852f507ad/resourceGroups/rg01/providers/Microsoft.Authorization/policyAssignments/psBackcompat-PolicyAssignmentCRUD05?api-version=2023-04-01+2": {
    "Request": {
      "Method": "GET",
      "RequestUri": "https://management.azure.com//subscriptions/edb2c18a-04d6-49e9-bc72-e23852f507ad/resourceGroups/rg01/providers/Microsoft.Authorization/policyAssignments/psBackcompat-PolicyAssignmentCRUD05?api-version=2023-04-01",
      "Content": null,
      "isContentBase64": false,
      "Headers": {
        "x-ms-unique-id": [ "533" ],
        "x-ms-client-request-id": [ "d0b5727b-5fbb-4b24-bb50-e5cc5bb4e7c9" ],
        "CommandName": [ "\u0026" ],
        "FullCommandName": [ "Get-AzPolicyAssignment_Get" ],
        "ParameterSetName": [ "__AllParameterSets" ],
        "User-Agent": [ "AzurePowershell/v11.0.0", "PSVersion/v7.4.1", "Az.Policy/0.1.1" ],
        "Authorization": [ "[Filtered]" ]
      },
      "ContentHeaders": {
      }
    },
    "Response": {
      "StatusCode": 200,
      "Headers": {
        "Cache-Control": [ "no-cache" ],
        "Pragma": [ "no-cache" ],
        "Strict-Transport-Security": [ "max-age=31536000; includeSubDomains" ],
        "x-ms-ratelimit-remaining-subscription-reads": [ "11997" ],
        "x-ms-request-id": [ "2c3e0af5-239b-4b16-89e4-26cbb302dc73" ],
        "x-ms-correlation-request-id": [ "2c3e0af5-239b-4b16-89e4-26cbb302dc73" ],
        "x-ms-routing-request-id": [ "WESTUS2:20240402T214042Z:2c3e0af5-239b-4b16-89e4-26cbb302dc73" ],
        "X-Content-Type-Options": [ "nosniff" ],
        "X-Cache": [ "CONFIG_NOCACHE" ],
        "X-MSEdge-Ref": [ "Ref A: 0B42ACFD82A34C2CBF714BCCE86AC590 Ref B: CO6AA3150218023 Ref C: 2024-04-02T21:40:42Z" ],
        "Date": [ "Tue, 02 Apr 2024 21:40:42 GMT" ]
      },
      "ContentHeaders": {
        "Content-Length": [ "1095" ],
        "Content-Type": [ "application/json; charset=utf-8" ],
        "Expires": [ "-1" ]
      },
      "Content": "{\"properties\":{\"policyDefinitionId\":\"/subscriptions/edb2c18a-04d6-49e9-bc72-e23852f507ad/providers/Microsoft.Authorization/policySetDefinitions/psBackcompat-PolicyAssignmentCRUD02\",\"definitionVersion\":\"1.*.*\",\"scope\":\"/subscriptions/edb2c18a-04d6-49e9-bc72-e23852f507ad/resourceGroups/rg01\",\"description\":\"Unit test junk: sorry for littering. Please delete me!\",\"metadata\":{\"createdBy\":\"3d826307-2481-45a0-a271-bcf9333f914a\",\"createdOn\":\"2024-04-02T21:40:42.5949585Z\",\"updatedBy\":null,\"updatedOn\":null},\"enforcementMode\":\"Default\",\"nonComplianceMessages\":[{\"message\":\"General message\"}]},\"id\":\"/subscriptions/edb2c18a-04d6-49e9-bc72-e23852f507ad/resourceGroups/rg01/providers/Microsoft.Authorization/policyAssignments/psBackcompat-PolicyAssignmentCRUD05\",\"type\":\"Microsoft.Authorization/policyAssignments\",\"name\":\"psBackcompat-PolicyAssignmentCRUD05\",\"systemData\":{\"createdBy\":\"cstack@ntdev.microsoft.com\",\"createdByType\":\"User\",\"createdAt\":\"2024-04-02T21:40:42.5666958Z\",\"lastModifiedBy\":\"cstack@ntdev.microsoft.com\",\"lastModifiedByType\":\"User\",\"lastModifiedAt\":\"2024-04-02T21:40:42.5666958Z\"}}",
      "isContentBase64": false
    }
  },
  "Backcompat-PolicyAssignmentCRUD+[NoContext]+make a policy assignment with multiple noncompliance messages+$GET+https://management.azure.com//subscriptions/edb2c18a-04d6-49e9-bc72-e23852f507ad/resourceGroups/rg01/providers/Microsoft.Authorization/policyAssignments/psBackcompat-PolicyAssignmentCRUD05?api-version=2023-04-01+1": {
    "Request": {
      "Method": "GET",
      "RequestUri": "https://management.azure.com//subscriptions/edb2c18a-04d6-49e9-bc72-e23852f507ad/resourceGroups/rg01/providers/Microsoft.Authorization/policyAssignments/psBackcompat-PolicyAssignmentCRUD05?api-version=2023-04-01",
      "Content": null,
      "isContentBase64": false,
      "Headers": {
        "x-ms-unique-id": [ "534" ],
        "x-ms-client-request-id": [ "a1273d82-cff2-4854-a9c4-531a10fe7ded" ],
        "CommandName": [ "\u0026" ],
        "FullCommandName": [ "Get-AzPolicyAssignment_Get" ],
        "ParameterSetName": [ "__AllParameterSets" ],
        "User-Agent": [ "AzurePowershell/v11.0.0", "PSVersion/v7.4.1", "Az.Policy/0.1.1" ],
        "Authorization": [ "[Filtered]" ]
      },
      "ContentHeaders": {
      }
    },
    "Response": {
      "StatusCode": 200,
      "Headers": {
        "Cache-Control": [ "no-cache" ],
        "Pragma": [ "no-cache" ],
        "Strict-Transport-Security": [ "max-age=31536000; includeSubDomains" ],
        "x-ms-ratelimit-remaining-subscription-reads": [ "11994" ],
        "x-ms-request-id": [ "5c89b6e7-2cfb-4297-8503-10ad78a4723e" ],
        "x-ms-correlation-request-id": [ "5c89b6e7-2cfb-4297-8503-10ad78a4723e" ],
        "x-ms-routing-request-id": [ "WESTUS2:20240402T214043Z:5c89b6e7-2cfb-4297-8503-10ad78a4723e" ],
        "X-Content-Type-Options": [ "nosniff" ],
        "X-Cache": [ "CONFIG_NOCACHE" ],
        "X-MSEdge-Ref": [ "Ref A: 9EA382B5D5E34BF1857246B12989D5F7 Ref B: CO6AA3150218023 Ref C: 2024-04-02T21:40:43Z" ],
        "Date": [ "Tue, 02 Apr 2024 21:40:42 GMT" ]
      },
      "ContentHeaders": {
        "Content-Length": [ "1095" ],
        "Content-Type": [ "application/json; charset=utf-8" ],
        "Expires": [ "-1" ]
      },
      "Content": "{\"properties\":{\"policyDefinitionId\":\"/subscriptions/edb2c18a-04d6-49e9-bc72-e23852f507ad/providers/Microsoft.Authorization/policySetDefinitions/psBackcompat-PolicyAssignmentCRUD02\",\"definitionVersion\":\"1.*.*\",\"scope\":\"/subscriptions/edb2c18a-04d6-49e9-bc72-e23852f507ad/resourceGroups/rg01\",\"description\":\"Unit test junk: sorry for littering. Please delete me!\",\"metadata\":{\"createdBy\":\"3d826307-2481-45a0-a271-bcf9333f914a\",\"createdOn\":\"2024-04-02T21:40:42.5949585Z\",\"updatedBy\":null,\"updatedOn\":null},\"enforcementMode\":\"Default\",\"nonComplianceMessages\":[{\"message\":\"General message\"}]},\"id\":\"/subscriptions/edb2c18a-04d6-49e9-bc72-e23852f507ad/resourceGroups/rg01/providers/Microsoft.Authorization/policyAssignments/psBackcompat-PolicyAssignmentCRUD05\",\"type\":\"Microsoft.Authorization/policyAssignments\",\"name\":\"psBackcompat-PolicyAssignmentCRUD05\",\"systemData\":{\"createdBy\":\"cstack@ntdev.microsoft.com\",\"createdByType\":\"User\",\"createdAt\":\"2024-04-02T21:40:42.5666958Z\",\"lastModifiedBy\":\"cstack@ntdev.microsoft.com\",\"lastModifiedByType\":\"User\",\"lastModifiedAt\":\"2024-04-02T21:40:42.5666958Z\"}}",
      "isContentBase64": false
    }
  },
  "Backcompat-PolicyAssignmentCRUD+[NoContext]+make a policy assignment with multiple noncompliance messages+$PUT+https://management.azure.com//subscriptions/edb2c18a-04d6-49e9-bc72-e23852f507ad/resourceGroups/rg01/providers/Microsoft.Authorization/policyAssignments/psBackcompat-PolicyAssignmentCRUD05?api-version=2023-04-01+2": {
    "Request": {
      "Method": "PUT",
      "RequestUri": "https://management.azure.com//subscriptions/edb2c18a-04d6-49e9-bc72-e23852f507ad/resourceGroups/rg01/providers/Microsoft.Authorization/policyAssignments/psBackcompat-PolicyAssignmentCRUD05?api-version=2023-04-01",
      "Content": "{\r\n  \"properties\": {\r\n    \"policyDefinitionId\": \"/subscriptions/edb2c18a-04d6-49e9-bc72-e23852f507ad/providers/Microsoft.Authorization/policySetDefinitions/psBackcompat-PolicyAssignmentCRUD02\",\r\n    \"description\": \"Unit test junk: sorry for littering. Please delete me!\",\r\n    \"nonComplianceMessages\": [\r\n      {\r\n        \"message\": \"General message\"\r\n      },\r\n      {\r\n        \"message\": \"Specific message 1\",\r\n        \"policyDefinitionReferenceId\": \"13556444948758758402\"\r\n      }\r\n    ]\r\n  }\r\n}",
      "isContentBase64": false,
      "Headers": {
      },
      "ContentHeaders": {
        "Content-Type": [ "application/json" ],
        "Content-Length": [ "498" ]
      }
    },
    "Response": {
      "StatusCode": 201,
      "Headers": {
        "Cache-Control": [ "no-cache" ],
        "Pragma": [ "no-cache" ],
        "Strict-Transport-Security": [ "max-age=31536000; includeSubDomains" ],
        "x-ms-ratelimit-remaining-subscription-writes": [ "1198" ],
        "x-ms-request-id": [ "d919dcd1-1b77-483f-bc68-68ea353ae614" ],
        "x-ms-correlation-request-id": [ "d919dcd1-1b77-483f-bc68-68ea353ae614" ],
        "x-ms-routing-request-id": [ "WESTUS2:20240402T214043Z:d919dcd1-1b77-483f-bc68-68ea353ae614" ],
        "X-Content-Type-Options": [ "nosniff" ],
        "X-Cache": [ "CONFIG_NOCACHE" ],
        "X-MSEdge-Ref": [ "Ref A: D8FC7B48D6234FBA9B2F499DBB11DB52 Ref B: CO6AA3150218023 Ref C: 2024-04-02T21:40:43Z" ],
        "Date": [ "Tue, 02 Apr 2024 21:40:43 GMT" ]
      },
      "ContentHeaders": {
        "Content-Length": [ "1241" ],
        "Content-Type": [ "application/json; charset=utf-8" ],
        "Expires": [ "-1" ]
      },
      "Content": "{\"properties\":{\"policyDefinitionId\":\"/subscriptions/edb2c18a-04d6-49e9-bc72-e23852f507ad/providers/Microsoft.Authorization/policySetDefinitions/psBackcompat-PolicyAssignmentCRUD02\",\"definitionVersion\":\"1.*.*\",\"scope\":\"/subscriptions/edb2c18a-04d6-49e9-bc72-e23852f507ad/resourceGroups/rg01\",\"description\":\"Unit test junk: sorry for littering. Please delete me!\",\"metadata\":{\"createdBy\":\"3d826307-2481-45a0-a271-bcf9333f914a\",\"createdOn\":\"2024-04-02T21:40:42.5949585Z\",\"updatedBy\":\"3d826307-2481-45a0-a271-bcf9333f914a\",\"updatedOn\":\"2024-04-02T21:40:43.3693612Z\"},\"enforcementMode\":\"Default\",\"nonComplianceMessages\":[{\"message\":\"General message\"},{\"policyDefinitionReferenceId\":\"13556444948758758402\",\"message\":\"Specific message 1\"}]},\"id\":\"/subscriptions/edb2c18a-04d6-49e9-bc72-e23852f507ad/resourceGroups/rg01/providers/Microsoft.Authorization/policyAssignments/psBackcompat-PolicyAssignmentCRUD05\",\"type\":\"Microsoft.Authorization/policyAssignments\",\"name\":\"psBackcompat-PolicyAssignmentCRUD05\",\"systemData\":{\"createdBy\":\"cstack@ntdev.microsoft.com\",\"createdByType\":\"User\",\"createdAt\":\"2024-04-02T21:40:42.5666958Z\",\"lastModifiedBy\":\"cstack@ntdev.microsoft.com\",\"lastModifiedByType\":\"User\",\"lastModifiedAt\":\"2024-04-02T21:40:43.3265344Z\"}}",
      "isContentBase64": false
    }
  },
  "Backcompat-PolicyAssignmentCRUD+[NoContext]+make a policy assignment with multiple noncompliance messages+$GET+https://management.azure.com//subscriptions/edb2c18a-04d6-49e9-bc72-e23852f507ad/resourceGroups/rg01/providers/Microsoft.Authorization/policyAssignments/psBackcompat-PolicyAssignmentCRUD05?api-version=2023-04-01+3": {
    "Request": {
      "Method": "GET",
      "RequestUri": "https://management.azure.com//subscriptions/edb2c18a-04d6-49e9-bc72-e23852f507ad/resourceGroups/rg01/providers/Microsoft.Authorization/policyAssignments/psBackcompat-PolicyAssignmentCRUD05?api-version=2023-04-01",
      "Content": null,
      "isContentBase64": false,
      "Headers": {
        "x-ms-unique-id": [ "536" ],
        "x-ms-client-request-id": [ "88207df0-0a91-41d5-8800-279c427eaa71" ],
        "CommandName": [ "\u0026" ],
        "FullCommandName": [ "Get-AzPolicyAssignment_Get1" ],
        "ParameterSetName": [ "__AllParameterSets" ],
        "User-Agent": [ "AzurePowershell/v11.0.0", "PSVersion/v7.4.1", "Az.Policy/0.1.1" ],
        "Authorization": [ "[Filtered]" ]
      },
      "ContentHeaders": {
      }
    },
    "Response": {
      "StatusCode": 200,
      "Headers": {
        "Cache-Control": [ "no-cache" ],
        "Pragma": [ "no-cache" ],
        "Strict-Transport-Security": [ "max-age=31536000; includeSubDomains" ],
        "x-ms-ratelimit-remaining-subscription-reads": [ "11998" ],
        "x-ms-request-id": [ "9617171b-d82d-4d17-832d-2c73909946c8" ],
        "x-ms-correlation-request-id": [ "9617171b-d82d-4d17-832d-2c73909946c8" ],
        "x-ms-routing-request-id": [ "WESTUS2:20240402T214043Z:9617171b-d82d-4d17-832d-2c73909946c8" ],
        "X-Content-Type-Options": [ "nosniff" ],
        "X-Cache": [ "CONFIG_NOCACHE" ],
        "X-MSEdge-Ref": [ "Ref A: 8CEFEF7669F9422EBD15799BC016C31A Ref B: CO6AA3150218023 Ref C: 2024-04-02T21:40:43Z" ],
        "Date": [ "Tue, 02 Apr 2024 21:40:43 GMT" ]
      },
      "ContentHeaders": {
        "Content-Length": [ "1241" ],
        "Content-Type": [ "application/json; charset=utf-8" ],
        "Expires": [ "-1" ]
      },
      "Content": "{\"properties\":{\"policyDefinitionId\":\"/subscriptions/edb2c18a-04d6-49e9-bc72-e23852f507ad/providers/Microsoft.Authorization/policySetDefinitions/psBackcompat-PolicyAssignmentCRUD02\",\"definitionVersion\":\"1.*.*\",\"scope\":\"/subscriptions/edb2c18a-04d6-49e9-bc72-e23852f507ad/resourceGroups/rg01\",\"description\":\"Unit test junk: sorry for littering. Please delete me!\",\"metadata\":{\"createdBy\":\"3d826307-2481-45a0-a271-bcf9333f914a\",\"createdOn\":\"2024-04-02T21:40:42.5949585Z\",\"updatedBy\":\"3d826307-2481-45a0-a271-bcf9333f914a\",\"updatedOn\":\"2024-04-02T21:40:43.3693612Z\"},\"enforcementMode\":\"Default\",\"nonComplianceMessages\":[{\"message\":\"General message\"},{\"policyDefinitionReferenceId\":\"13556444948758758402\",\"message\":\"Specific message 1\"}]},\"id\":\"/subscriptions/edb2c18a-04d6-49e9-bc72-e23852f507ad/resourceGroups/rg01/providers/Microsoft.Authorization/policyAssignments/psBackcompat-PolicyAssignmentCRUD05\",\"type\":\"Microsoft.Authorization/policyAssignments\",\"name\":\"psBackcompat-PolicyAssignmentCRUD05\",\"systemData\":{\"createdBy\":\"cstack@ntdev.microsoft.com\",\"createdByType\":\"User\",\"createdAt\":\"2024-04-02T21:40:42.5666958Z\",\"lastModifiedBy\":\"cstack@ntdev.microsoft.com\",\"lastModifiedByType\":\"User\",\"lastModifiedAt\":\"2024-04-02T21:40:43.3265344Z\"}}",
      "isContentBase64": false
    }
  },
  "Backcompat-PolicyAssignmentCRUD+[NoContext]+make a policy assignment with multiple noncompliance messages+$GET+https://management.azure.com//subscriptions/edb2c18a-04d6-49e9-bc72-e23852f507ad/resourceGroups/rg01/providers/Microsoft.Authorization/policyAssignments/psBackcompat-PolicyAssignmentCRUD05?api-version=2023-04-01+4": {
    "Request": {
      "Method": "GET",
      "RequestUri": "https://management.azure.com//subscriptions/edb2c18a-04d6-49e9-bc72-e23852f507ad/resourceGroups/rg01/providers/Microsoft.Authorization/policyAssignments/psBackcompat-PolicyAssignmentCRUD05?api-version=2023-04-01",
      "Content": null,
      "isContentBase64": false,
      "Headers": {
        "x-ms-unique-id": [ "537" ],
        "x-ms-client-request-id": [ "00f3b1bf-0835-4f35-80ef-3539e20ea04a" ],
        "CommandName": [ "\u0026" ],
        "FullCommandName": [ "Get-AzPolicyAssignment_Get1" ],
        "ParameterSetName": [ "__AllParameterSets" ],
        "User-Agent": [ "AzurePowershell/v11.0.0", "PSVersion/v7.4.1", "Az.Policy/0.1.1" ],
        "Authorization": [ "[Filtered]" ]
      },
      "ContentHeaders": {
      }
    },
    "Response": {
      "StatusCode": 200,
      "Headers": {
        "Cache-Control": [ "no-cache" ],
        "Pragma": [ "no-cache" ],
        "Strict-Transport-Security": [ "max-age=31536000; includeSubDomains" ],
        "x-ms-ratelimit-remaining-subscription-reads": [ "11993" ],
        "x-ms-request-id": [ "b4acff3b-1335-4871-8a89-39a33248fa61" ],
        "x-ms-correlation-request-id": [ "b4acff3b-1335-4871-8a89-39a33248fa61" ],
        "x-ms-routing-request-id": [ "WESTUS2:20240402T214043Z:b4acff3b-1335-4871-8a89-39a33248fa61" ],
        "X-Content-Type-Options": [ "nosniff" ],
        "X-Cache": [ "CONFIG_NOCACHE" ],
        "X-MSEdge-Ref": [ "Ref A: B3D1B0397A1F4069BE083471553CDADA Ref B: CO6AA3150218023 Ref C: 2024-04-02T21:40:43Z" ],
        "Date": [ "Tue, 02 Apr 2024 21:40:43 GMT" ]
      },
      "ContentHeaders": {
        "Content-Length": [ "1241" ],
        "Content-Type": [ "application/json; charset=utf-8" ],
        "Expires": [ "-1" ]
      },
      "Content": "{\"properties\":{\"policyDefinitionId\":\"/subscriptions/edb2c18a-04d6-49e9-bc72-e23852f507ad/providers/Microsoft.Authorization/policySetDefinitions/psBackcompat-PolicyAssignmentCRUD02\",\"definitionVersion\":\"1.*.*\",\"scope\":\"/subscriptions/edb2c18a-04d6-49e9-bc72-e23852f507ad/resourceGroups/rg01\",\"description\":\"Unit test junk: sorry for littering. Please delete me!\",\"metadata\":{\"createdBy\":\"3d826307-2481-45a0-a271-bcf9333f914a\",\"createdOn\":\"2024-04-02T21:40:42.5949585Z\",\"updatedBy\":\"3d826307-2481-45a0-a271-bcf9333f914a\",\"updatedOn\":\"2024-04-02T21:40:43.3693612Z\"},\"enforcementMode\":\"Default\",\"nonComplianceMessages\":[{\"message\":\"General message\"},{\"policyDefinitionReferenceId\":\"13556444948758758402\",\"message\":\"Specific message 1\"}]},\"id\":\"/subscriptions/edb2c18a-04d6-49e9-bc72-e23852f507ad/resourceGroups/rg01/providers/Microsoft.Authorization/policyAssignments/psBackcompat-PolicyAssignmentCRUD05\",\"type\":\"Microsoft.Authorization/policyAssignments\",\"name\":\"psBackcompat-PolicyAssignmentCRUD05\",\"systemData\":{\"createdBy\":\"cstack@ntdev.microsoft.com\",\"createdByType\":\"User\",\"createdAt\":\"2024-04-02T21:40:42.5666958Z\",\"lastModifiedBy\":\"cstack@ntdev.microsoft.com\",\"lastModifiedByType\":\"User\",\"lastModifiedAt\":\"2024-04-02T21:40:43.3265344Z\"}}",
      "isContentBase64": false
    }
  },
  "Backcompat-PolicyAssignmentCRUD+[NoContext]+make a policy assignment with multiple noncompliance messages+$PUT+https://management.azure.com//subscriptions/edb2c18a-04d6-49e9-bc72-e23852f507ad/resourceGroups/rg01/providers/Microsoft.Authorization/policyAssignments/psBackcompat-PolicyAssignmentCRUD05?api-version=2023-04-01+5": {
    "Request": {
      "Method": "PUT",
      "RequestUri": "https://management.azure.com//subscriptions/edb2c18a-04d6-49e9-bc72-e23852f507ad/resourceGroups/rg01/providers/Microsoft.Authorization/policyAssignments/psBackcompat-PolicyAssignmentCRUD05?api-version=2023-04-01",
      "Content": "{\r\n  \"properties\": {\r\n    \"displayName\": \"testDisplay\",\r\n    \"policyDefinitionId\": \"/subscriptions/edb2c18a-04d6-49e9-bc72-e23852f507ad/providers/Microsoft.Authorization/policySetDefinitions/psBackcompat-PolicyAssignmentCRUD02\",\r\n    \"nonComplianceMessages\": [\r\n      {\r\n        \"message\": \"General message\"\r\n      },\r\n      {\r\n        \"message\": \"Specific message 1\",\r\n        \"policyDefinitionReferenceId\": \"13556444948758758402\"\r\n      }\r\n    ]\r\n  }\r\n}",
      "isContentBase64": false,
      "Headers": {
      },
      "ContentHeaders": {
        "Content-Type": [ "application/json" ],
        "Content-Length": [ "455" ]
      }
    },
    "Response": {
      "StatusCode": 201,
      "Headers": {
        "Cache-Control": [ "no-cache" ],
        "Pragma": [ "no-cache" ],
        "Strict-Transport-Security": [ "max-age=31536000; includeSubDomains" ],
        "x-ms-ratelimit-remaining-subscription-writes": [ "1198" ],
        "x-ms-request-id": [ "e678b36c-6281-46dd-a693-16c77046f578" ],
        "x-ms-correlation-request-id": [ "e678b36c-6281-46dd-a693-16c77046f578" ],
        "x-ms-routing-request-id": [ "WESTUS2:20240402T214044Z:e678b36c-6281-46dd-a693-16c77046f578" ],
        "X-Content-Type-Options": [ "nosniff" ],
        "X-Cache": [ "CONFIG_NOCACHE" ],
        "X-MSEdge-Ref": [ "Ref A: 6491FE01F07F476B9B256C72984F0346 Ref B: CO6AA3150218023 Ref C: 2024-04-02T21:40:44Z" ],
        "Date": [ "Tue, 02 Apr 2024 21:40:43 GMT" ]
      },
      "ContentHeaders": {
        "Content-Length": [ "1198" ],
        "Content-Type": [ "application/json; charset=utf-8" ],
        "Expires": [ "-1" ]
      },
      "Content": "{\"properties\":{\"displayName\":\"testDisplay\",\"policyDefinitionId\":\"/subscriptions/edb2c18a-04d6-49e9-bc72-e23852f507ad/providers/Microsoft.Authorization/policySetDefinitions/psBackcompat-PolicyAssignmentCRUD02\",\"definitionVersion\":\"1.*.*\",\"scope\":\"/subscriptions/edb2c18a-04d6-49e9-bc72-e23852f507ad/resourceGroups/rg01\",\"metadata\":{\"createdBy\":\"3d826307-2481-45a0-a271-bcf9333f914a\",\"createdOn\":\"2024-04-02T21:40:42.5949585Z\",\"updatedBy\":\"3d826307-2481-45a0-a271-bcf9333f914a\",\"updatedOn\":\"2024-04-02T21:40:44.0747095Z\"},\"enforcementMode\":\"Default\",\"nonComplianceMessages\":[{\"message\":\"General message\"},{\"policyDefinitionReferenceId\":\"13556444948758758402\",\"message\":\"Specific message 1\"}]},\"id\":\"/subscriptions/edb2c18a-04d6-49e9-bc72-e23852f507ad/resourceGroups/rg01/providers/Microsoft.Authorization/policyAssignments/psBackcompat-PolicyAssignmentCRUD05\",\"type\":\"Microsoft.Authorization/policyAssignments\",\"name\":\"psBackcompat-PolicyAssignmentCRUD05\",\"systemData\":{\"createdBy\":\"cstack@ntdev.microsoft.com\",\"createdByType\":\"User\",\"createdAt\":\"2024-04-02T21:40:42.5666958Z\",\"lastModifiedBy\":\"cstack@ntdev.microsoft.com\",\"lastModifiedByType\":\"User\",\"lastModifiedAt\":\"2024-04-02T21:40:44.0407107Z\"}}",
      "isContentBase64": false
    }
  },
  "Backcompat-PolicyAssignmentCRUD+[NoContext]+update policy assignment to a single noncompliance message+$GET+https://management.azure.com//subscriptions/edb2c18a-04d6-49e9-bc72-e23852f507ad/resourceGroups/rg01/providers/Microsoft.Authorization/policyAssignments/psBackcompat-PolicyAssignmentCRUD05?api-version=2023-04-01+1": {
    "Request": {
      "Method": "GET",
      "RequestUri": "https://management.azure.com//subscriptions/edb2c18a-04d6-49e9-bc72-e23852f507ad/resourceGroups/rg01/providers/Microsoft.Authorization/policyAssignments/psBackcompat-PolicyAssignmentCRUD05?api-version=2023-04-01",
      "Content": null,
      "isContentBase64": false,
      "Headers": {
        "x-ms-unique-id": [ "539" ],
        "x-ms-client-request-id": [ "17067e64-f66a-443c-9428-6fcf53c00839" ],
        "CommandName": [ "\u0026" ],
        "FullCommandName": [ "Get-AzPolicyAssignment_Get" ],
        "ParameterSetName": [ "__AllParameterSets" ],
        "User-Agent": [ "AzurePowershell/v11.0.0", "PSVersion/v7.4.1", "Az.Policy/0.1.1" ],
        "Authorization": [ "[Filtered]" ]
      },
      "ContentHeaders": {
      }
    },
    "Response": {
      "StatusCode": 200,
      "Headers": {
        "Cache-Control": [ "no-cache" ],
        "Pragma": [ "no-cache" ],
        "Strict-Transport-Security": [ "max-age=31536000; includeSubDomains" ],
        "x-ms-ratelimit-remaining-subscription-reads": [ "11991" ],
        "x-ms-request-id": [ "3a90aa5e-395b-4248-8be8-b66c0cf8b49a" ],
        "x-ms-correlation-request-id": [ "3a90aa5e-395b-4248-8be8-b66c0cf8b49a" ],
        "x-ms-routing-request-id": [ "WESTUS2:20240402T214044Z:3a90aa5e-395b-4248-8be8-b66c0cf8b49a" ],
        "X-Content-Type-Options": [ "nosniff" ],
        "X-Cache": [ "CONFIG_NOCACHE" ],
        "X-MSEdge-Ref": [ "Ref A: F4CF4A830E32421DADA3E1BAFD89A666 Ref B: CO6AA3150218023 Ref C: 2024-04-02T21:40:44Z" ],
        "Date": [ "Tue, 02 Apr 2024 21:40:44 GMT" ]
      },
      "ContentHeaders": {
        "Content-Length": [ "1198" ],
        "Content-Type": [ "application/json; charset=utf-8" ],
        "Expires": [ "-1" ]
      },
      "Content": "{\"properties\":{\"displayName\":\"testDisplay\",\"policyDefinitionId\":\"/subscriptions/edb2c18a-04d6-49e9-bc72-e23852f507ad/providers/Microsoft.Authorization/policySetDefinitions/psBackcompat-PolicyAssignmentCRUD02\",\"definitionVersion\":\"1.*.*\",\"scope\":\"/subscriptions/edb2c18a-04d6-49e9-bc72-e23852f507ad/resourceGroups/rg01\",\"metadata\":{\"createdBy\":\"3d826307-2481-45a0-a271-bcf9333f914a\",\"createdOn\":\"2024-04-02T21:40:42.5949585Z\",\"updatedBy\":\"3d826307-2481-45a0-a271-bcf9333f914a\",\"updatedOn\":\"2024-04-02T21:40:44.0747095Z\"},\"enforcementMode\":\"Default\",\"nonComplianceMessages\":[{\"message\":\"General message\"},{\"policyDefinitionReferenceId\":\"13556444948758758402\",\"message\":\"Specific message 1\"}]},\"id\":\"/subscriptions/edb2c18a-04d6-49e9-bc72-e23852f507ad/resourceGroups/rg01/providers/Microsoft.Authorization/policyAssignments/psBackcompat-PolicyAssignmentCRUD05\",\"type\":\"Microsoft.Authorization/policyAssignments\",\"name\":\"psBackcompat-PolicyAssignmentCRUD05\",\"systemData\":{\"createdBy\":\"cstack@ntdev.microsoft.com\",\"createdByType\":\"User\",\"createdAt\":\"2024-04-02T21:40:42.5666958Z\",\"lastModifiedBy\":\"cstack@ntdev.microsoft.com\",\"lastModifiedByType\":\"User\",\"lastModifiedAt\":\"2024-04-02T21:40:44.0407107Z\"}}",
      "isContentBase64": false
    }
  },
  "Backcompat-PolicyAssignmentCRUD+[NoContext]+update policy assignment to a single noncompliance message+$GET+https://management.azure.com//subscriptions/edb2c18a-04d6-49e9-bc72-e23852f507ad/resourceGroups/rg01/providers/Microsoft.Authorization/policyAssignments/psBackcompat-PolicyAssignmentCRUD05?api-version=2023-04-01+2": {
    "Request": {
      "Method": "GET",
      "RequestUri": "https://management.azure.com//subscriptions/edb2c18a-04d6-49e9-bc72-e23852f507ad/resourceGroups/rg01/providers/Microsoft.Authorization/policyAssignments/psBackcompat-PolicyAssignmentCRUD05?api-version=2023-04-01",
      "Content": null,
      "isContentBase64": false,
      "Headers": {
        "x-ms-unique-id": [ "540" ],
        "x-ms-client-request-id": [ "5174d908-bdbc-41e2-b203-7cb326828759" ],
        "CommandName": [ "\u0026" ],
        "FullCommandName": [ "Get-AzPolicyAssignment_Get1" ],
        "ParameterSetName": [ "__AllParameterSets" ],
        "User-Agent": [ "AzurePowershell/v11.0.0", "PSVersion/v7.4.1", "Az.Policy/0.1.1" ],
        "Authorization": [ "[Filtered]" ]
      },
      "ContentHeaders": {
      }
    },
    "Response": {
      "StatusCode": 200,
      "Headers": {
        "Cache-Control": [ "no-cache" ],
        "Pragma": [ "no-cache" ],
        "Strict-Transport-Security": [ "max-age=31536000; includeSubDomains" ],
        "x-ms-ratelimit-remaining-subscription-reads": [ "11997" ],
        "x-ms-request-id": [ "a8b9d9ee-fa0c-4009-91f9-7a6e64febfe3" ],
        "x-ms-correlation-request-id": [ "a8b9d9ee-fa0c-4009-91f9-7a6e64febfe3" ],
        "x-ms-routing-request-id": [ "WESTUS2:20240402T214044Z:a8b9d9ee-fa0c-4009-91f9-7a6e64febfe3" ],
        "X-Content-Type-Options": [ "nosniff" ],
        "X-Cache": [ "CONFIG_NOCACHE" ],
        "X-MSEdge-Ref": [ "Ref A: 037EE18976ED46D080FFE6599AB0CF4D Ref B: CO6AA3150218023 Ref C: 2024-04-02T21:40:44Z" ],
        "Date": [ "Tue, 02 Apr 2024 21:40:44 GMT" ]
      },
      "ContentHeaders": {
        "Content-Length": [ "1198" ],
        "Content-Type": [ "application/json; charset=utf-8" ],
        "Expires": [ "-1" ]
      },
      "Content": "{\"properties\":{\"displayName\":\"testDisplay\",\"policyDefinitionId\":\"/subscriptions/edb2c18a-04d6-49e9-bc72-e23852f507ad/providers/Microsoft.Authorization/policySetDefinitions/psBackcompat-PolicyAssignmentCRUD02\",\"definitionVersion\":\"1.*.*\",\"scope\":\"/subscriptions/edb2c18a-04d6-49e9-bc72-e23852f507ad/resourceGroups/rg01\",\"metadata\":{\"createdBy\":\"3d826307-2481-45a0-a271-bcf9333f914a\",\"createdOn\":\"2024-04-02T21:40:42.5949585Z\",\"updatedBy\":\"3d826307-2481-45a0-a271-bcf9333f914a\",\"updatedOn\":\"2024-04-02T21:40:44.0747095Z\"},\"enforcementMode\":\"Default\",\"nonComplianceMessages\":[{\"message\":\"General message\"},{\"policyDefinitionReferenceId\":\"13556444948758758402\",\"message\":\"Specific message 1\"}]},\"id\":\"/subscriptions/edb2c18a-04d6-49e9-bc72-e23852f507ad/resourceGroups/rg01/providers/Microsoft.Authorization/policyAssignments/psBackcompat-PolicyAssignmentCRUD05\",\"type\":\"Microsoft.Authorization/policyAssignments\",\"name\":\"psBackcompat-PolicyAssignmentCRUD05\",\"systemData\":{\"createdBy\":\"cstack@ntdev.microsoft.com\",\"createdByType\":\"User\",\"createdAt\":\"2024-04-02T21:40:42.5666958Z\",\"lastModifiedBy\":\"cstack@ntdev.microsoft.com\",\"lastModifiedByType\":\"User\",\"lastModifiedAt\":\"2024-04-02T21:40:44.0407107Z\"}}",
      "isContentBase64": false
    }
  },
  "Backcompat-PolicyAssignmentCRUD+[NoContext]+update policy assignment to a single noncompliance message+$PUT+https://management.azure.com//subscriptions/edb2c18a-04d6-49e9-bc72-e23852f507ad/resourceGroups/rg01/providers/Microsoft.Authorization/policyAssignments/psBackcompat-PolicyAssignmentCRUD05?api-version=2023-04-01+3": {
    "Request": {
      "Method": "PUT",
      "RequestUri": "https://management.azure.com//subscriptions/edb2c18a-04d6-49e9-bc72-e23852f507ad/resourceGroups/rg01/providers/Microsoft.Authorization/policyAssignments/psBackcompat-PolicyAssignmentCRUD05?api-version=2023-04-01",
      "Content": "{\r\n  \"properties\": {\r\n    \"policyDefinitionId\": \"/subscriptions/edb2c18a-04d6-49e9-bc72-e23852f507ad/providers/Microsoft.Authorization/policySetDefinitions/psBackcompat-PolicyAssignmentCRUD02\",\r\n    \"nonComplianceMessages\": [\r\n      {\r\n        \"message\": \"General non-compliance message\"\r\n      }\r\n    ]\r\n  }\r\n}",
      "isContentBase64": false,
      "Headers": {
      },
      "ContentHeaders": {
        "Content-Type": [ "application/json" ],
        "Content-Length": [ "311" ]
      }
    },
    "Response": {
      "StatusCode": 201,
      "Headers": {
        "Cache-Control": [ "no-cache" ],
        "Pragma": [ "no-cache" ],
        "Strict-Transport-Security": [ "max-age=31536000; includeSubDomains" ],
        "x-ms-ratelimit-remaining-subscription-writes": [ "1198" ],
        "x-ms-request-id": [ "60f5e48d-4d9a-4a3f-a485-dffb45c76fdb" ],
        "x-ms-correlation-request-id": [ "60f5e48d-4d9a-4a3f-a485-dffb45c76fdb" ],
        "x-ms-routing-request-id": [ "WESTUS2:20240402T214045Z:60f5e48d-4d9a-4a3f-a485-dffb45c76fdb" ],
        "X-Content-Type-Options": [ "nosniff" ],
        "X-Cache": [ "CONFIG_NOCACHE" ],
        "X-MSEdge-Ref": [ "Ref A: 816141CC49344760848FE64E81D6B0CE Ref B: CO6AA3150218023 Ref C: 2024-04-02T21:40:44Z" ],
        "Date": [ "Tue, 02 Apr 2024 21:40:44 GMT" ]
      },
      "ContentHeaders": {
        "Content-Length": [ "1099" ],
        "Content-Type": [ "application/json; charset=utf-8" ],
        "Expires": [ "-1" ]
      },
      "Content": "{\"properties\":{\"policyDefinitionId\":\"/subscriptions/edb2c18a-04d6-49e9-bc72-e23852f507ad/providers/Microsoft.Authorization/policySetDefinitions/psBackcompat-PolicyAssignmentCRUD02\",\"definitionVersion\":\"1.*.*\",\"scope\":\"/subscriptions/edb2c18a-04d6-49e9-bc72-e23852f507ad/resourceGroups/rg01\",\"metadata\":{\"createdBy\":\"3d826307-2481-45a0-a271-bcf9333f914a\",\"createdOn\":\"2024-04-02T21:40:42.5949585Z\",\"updatedBy\":\"3d826307-2481-45a0-a271-bcf9333f914a\",\"updatedOn\":\"2024-04-02T21:40:44.7797676Z\"},\"enforcementMode\":\"Default\",\"nonComplianceMessages\":[{\"message\":\"General non-compliance message\"}]},\"id\":\"/subscriptions/edb2c18a-04d6-49e9-bc72-e23852f507ad/resourceGroups/rg01/providers/Microsoft.Authorization/policyAssignments/psBackcompat-PolicyAssignmentCRUD05\",\"type\":\"Microsoft.Authorization/policyAssignments\",\"name\":\"psBackcompat-PolicyAssignmentCRUD05\",\"systemData\":{\"createdBy\":\"cstack@ntdev.microsoft.com\",\"createdByType\":\"User\",\"createdAt\":\"2024-04-02T21:40:42.5666958Z\",\"lastModifiedBy\":\"cstack@ntdev.microsoft.com\",\"lastModifiedByType\":\"User\",\"lastModifiedAt\":\"2024-04-02T21:40:44.7375471Z\"}}",
      "isContentBase64": false
    }
  },
  "Backcompat-PolicyAssignmentCRUD+[NoContext]+update policy assignment back to a multiple noncompliance message+$GET+https://management.azure.com//subscriptions/edb2c18a-04d6-49e9-bc72-e23852f507ad/resourceGroups/rg01/providers/Microsoft.Authorization/policyAssignments/psBackcompat-PolicyAssignmentCRUD05?api-version=2023-04-01+1": {
    "Request": {
      "Method": "GET",
      "RequestUri": "https://management.azure.com//subscriptions/edb2c18a-04d6-49e9-bc72-e23852f507ad/resourceGroups/rg01/providers/Microsoft.Authorization/policyAssignments/psBackcompat-PolicyAssignmentCRUD05?api-version=2023-04-01",
      "Content": null,
      "isContentBase64": false,
      "Headers": {
        "x-ms-unique-id": [ "542" ],
        "x-ms-client-request-id": [ "d07b7711-3f1c-4909-bb37-a87ad38841b6" ],
        "CommandName": [ "\u0026" ],
        "FullCommandName": [ "Get-AzPolicyAssignment_Get" ],
        "ParameterSetName": [ "__AllParameterSets" ],
        "User-Agent": [ "AzurePowershell/v11.0.0", "PSVersion/v7.4.1", "Az.Policy/0.1.1" ],
        "Authorization": [ "[Filtered]" ]
      },
      "ContentHeaders": {
      }
    },
    "Response": {
      "StatusCode": 200,
      "Headers": {
        "Cache-Control": [ "no-cache" ],
        "Pragma": [ "no-cache" ],
        "Strict-Transport-Security": [ "max-age=31536000; includeSubDomains" ],
        "x-ms-ratelimit-remaining-subscription-reads": [ "11993" ],
        "x-ms-request-id": [ "caa299ca-1102-4d31-8910-ae083decac16" ],
        "x-ms-correlation-request-id": [ "caa299ca-1102-4d31-8910-ae083decac16" ],
        "x-ms-routing-request-id": [ "WESTUS2:20240402T214045Z:caa299ca-1102-4d31-8910-ae083decac16" ],
        "X-Content-Type-Options": [ "nosniff" ],
        "X-Cache": [ "CONFIG_NOCACHE" ],
        "X-MSEdge-Ref": [ "Ref A: 15DB015984AD46D0AB5CC1D26BD1C67E Ref B: CO6AA3150218023 Ref C: 2024-04-02T21:40:45Z" ],
        "Date": [ "Tue, 02 Apr 2024 21:40:44 GMT" ]
      },
      "ContentHeaders": {
        "Content-Length": [ "1099" ],
        "Content-Type": [ "application/json; charset=utf-8" ],
        "Expires": [ "-1" ]
      },
      "Content": "{\"properties\":{\"policyDefinitionId\":\"/subscriptions/edb2c18a-04d6-49e9-bc72-e23852f507ad/providers/Microsoft.Authorization/policySetDefinitions/psBackcompat-PolicyAssignmentCRUD02\",\"definitionVersion\":\"1.*.*\",\"scope\":\"/subscriptions/edb2c18a-04d6-49e9-bc72-e23852f507ad/resourceGroups/rg01\",\"metadata\":{\"createdBy\":\"3d826307-2481-45a0-a271-bcf9333f914a\",\"createdOn\":\"2024-04-02T21:40:42.5949585Z\",\"updatedBy\":\"3d826307-2481-45a0-a271-bcf9333f914a\",\"updatedOn\":\"2024-04-02T21:40:44.7797676Z\"},\"enforcementMode\":\"Default\",\"nonComplianceMessages\":[{\"message\":\"General non-compliance message\"}]},\"id\":\"/subscriptions/edb2c18a-04d6-49e9-bc72-e23852f507ad/resourceGroups/rg01/providers/Microsoft.Authorization/policyAssignments/psBackcompat-PolicyAssignmentCRUD05\",\"type\":\"Microsoft.Authorization/policyAssignments\",\"name\":\"psBackcompat-PolicyAssignmentCRUD05\",\"systemData\":{\"createdBy\":\"cstack@ntdev.microsoft.com\",\"createdByType\":\"User\",\"createdAt\":\"2024-04-02T21:40:42.5666958Z\",\"lastModifiedBy\":\"cstack@ntdev.microsoft.com\",\"lastModifiedByType\":\"User\",\"lastModifiedAt\":\"2024-04-02T21:40:44.7375471Z\"}}",
      "isContentBase64": false
    }
  },
  "Backcompat-PolicyAssignmentCRUD+[NoContext]+update policy assignment back to a multiple noncompliance message+$GET+https://management.azure.com//subscriptions/edb2c18a-04d6-49e9-bc72-e23852f507ad/resourceGroups/rg01/providers/Microsoft.Authorization/policyAssignments/psBackcompat-PolicyAssignmentCRUD05?api-version=2023-04-01+2": {
    "Request": {
      "Method": "GET",
      "RequestUri": "https://management.azure.com//subscriptions/edb2c18a-04d6-49e9-bc72-e23852f507ad/resourceGroups/rg01/providers/Microsoft.Authorization/policyAssignments/psBackcompat-PolicyAssignmentCRUD05?api-version=2023-04-01",
      "Content": null,
      "isContentBase64": false,
      "Headers": {
        "x-ms-unique-id": [ "543" ],
        "x-ms-client-request-id": [ "b85faa39-7470-4000-89b6-abdb4f6233db" ],
        "CommandName": [ "\u0026" ],
        "FullCommandName": [ "Get-AzPolicyAssignment_Get1" ],
        "ParameterSetName": [ "__AllParameterSets" ],
        "User-Agent": [ "AzurePowershell/v11.0.0", "PSVersion/v7.4.1", "Az.Policy/0.1.1" ],
        "Authorization": [ "[Filtered]" ]
      },
      "ContentHeaders": {
      }
    },
    "Response": {
      "StatusCode": 200,
      "Headers": {
        "Cache-Control": [ "no-cache" ],
        "Pragma": [ "no-cache" ],
        "Strict-Transport-Security": [ "max-age=31536000; includeSubDomains" ],
        "x-ms-ratelimit-remaining-subscription-reads": [ "11996" ],
        "x-ms-request-id": [ "71fb8cb1-e7bb-458a-9298-8dad51110afc" ],
        "x-ms-correlation-request-id": [ "71fb8cb1-e7bb-458a-9298-8dad51110afc" ],
        "x-ms-routing-request-id": [ "WESTUS2:20240402T214045Z:71fb8cb1-e7bb-458a-9298-8dad51110afc" ],
        "X-Content-Type-Options": [ "nosniff" ],
        "X-Cache": [ "CONFIG_NOCACHE" ],
        "X-MSEdge-Ref": [ "Ref A: 7050C7CEF1ED41EEB4A8E7F4BBB23544 Ref B: CO6AA3150218023 Ref C: 2024-04-02T21:40:45Z" ],
        "Date": [ "Tue, 02 Apr 2024 21:40:44 GMT" ]
      },
      "ContentHeaders": {
        "Content-Length": [ "1099" ],
        "Content-Type": [ "application/json; charset=utf-8" ],
        "Expires": [ "-1" ]
      },
      "Content": "{\"properties\":{\"policyDefinitionId\":\"/subscriptions/edb2c18a-04d6-49e9-bc72-e23852f507ad/providers/Microsoft.Authorization/policySetDefinitions/psBackcompat-PolicyAssignmentCRUD02\",\"definitionVersion\":\"1.*.*\",\"scope\":\"/subscriptions/edb2c18a-04d6-49e9-bc72-e23852f507ad/resourceGroups/rg01\",\"metadata\":{\"createdBy\":\"3d826307-2481-45a0-a271-bcf9333f914a\",\"createdOn\":\"2024-04-02T21:40:42.5949585Z\",\"updatedBy\":\"3d826307-2481-45a0-a271-bcf9333f914a\",\"updatedOn\":\"2024-04-02T21:40:44.7797676Z\"},\"enforcementMode\":\"Default\",\"nonComplianceMessages\":[{\"message\":\"General non-compliance message\"}]},\"id\":\"/subscriptions/edb2c18a-04d6-49e9-bc72-e23852f507ad/resourceGroups/rg01/providers/Microsoft.Authorization/policyAssignments/psBackcompat-PolicyAssignmentCRUD05\",\"type\":\"Microsoft.Authorization/policyAssignments\",\"name\":\"psBackcompat-PolicyAssignmentCRUD05\",\"systemData\":{\"createdBy\":\"cstack@ntdev.microsoft.com\",\"createdByType\":\"User\",\"createdAt\":\"2024-04-02T21:40:42.5666958Z\",\"lastModifiedBy\":\"cstack@ntdev.microsoft.com\",\"lastModifiedByType\":\"User\",\"lastModifiedAt\":\"2024-04-02T21:40:44.7375471Z\"}}",
      "isContentBase64": false
    }
  },
  "Backcompat-PolicyAssignmentCRUD+[NoContext]+update policy assignment back to a multiple noncompliance message+$PUT+https://management.azure.com//subscriptions/edb2c18a-04d6-49e9-bc72-e23852f507ad/resourceGroups/rg01/providers/Microsoft.Authorization/policyAssignments/psBackcompat-PolicyAssignmentCRUD05?api-version=2023-04-01+3": {
    "Request": {
      "Method": "PUT",
      "RequestUri": "https://management.azure.com//subscriptions/edb2c18a-04d6-49e9-bc72-e23852f507ad/resourceGroups/rg01/providers/Microsoft.Authorization/policyAssignments/psBackcompat-PolicyAssignmentCRUD05?api-version=2023-04-01",
      "Content": "{\r\n  \"properties\": {\r\n    \"policyDefinitionId\": \"/subscriptions/edb2c18a-04d6-49e9-bc72-e23852f507ad/providers/Microsoft.Authorization/policySetDefinitions/psBackcompat-PolicyAssignmentCRUD02\",\r\n    \"nonComplianceMessages\": [\r\n      {\r\n        \"message\": \"Specific message 1\",\r\n        \"policyDefinitionReferenceId\": \"13556444948758758402\"\r\n      },\r\n      {\r\n        \"message\": \"Specific message 2\",\r\n        \"policyDefinitionReferenceId\": \"10874736668122828248\"\r\n      }\r\n    ]\r\n  }\r\n}",
      "isContentBase64": false,
      "Headers": {
      },
      "ContentHeaders": {
        "Content-Type": [ "application/json" ],
        "Content-Length": [ "487" ]
      }
    },
    "Response": {
      "StatusCode": 201,
      "Headers": {
        "Cache-Control": [ "no-cache" ],
        "Pragma": [ "no-cache" ],
        "Strict-Transport-Security": [ "max-age=31536000; includeSubDomains" ],
        "x-ms-ratelimit-remaining-subscription-writes": [ "1199" ],
        "x-ms-request-id": [ "68a27ee3-8195-47d6-b62d-30cd66e96a7b" ],
        "x-ms-correlation-request-id": [ "68a27ee3-8195-47d6-b62d-30cd66e96a7b" ],
        "x-ms-routing-request-id": [ "WESTUS2:20240402T214045Z:68a27ee3-8195-47d6-b62d-30cd66e96a7b" ],
        "X-Content-Type-Options": [ "nosniff" ],
        "X-Cache": [ "CONFIG_NOCACHE" ],
        "X-MSEdge-Ref": [ "Ref A: 4889349B90E149FDB752BB6A9468F838 Ref B: CO6AA3150218023 Ref C: 2024-04-02T21:40:45Z" ],
        "Date": [ "Tue, 02 Apr 2024 21:40:45 GMT" ]
      },
      "ContentHeaders": {
        "Content-Length": [ "1226" ],
        "Content-Type": [ "application/json; charset=utf-8" ],
        "Expires": [ "-1" ]
      },
      "Content": "{\"properties\":{\"policyDefinitionId\":\"/subscriptions/edb2c18a-04d6-49e9-bc72-e23852f507ad/providers/Microsoft.Authorization/policySetDefinitions/psBackcompat-PolicyAssignmentCRUD02\",\"definitionVersion\":\"1.*.*\",\"scope\":\"/subscriptions/edb2c18a-04d6-49e9-bc72-e23852f507ad/resourceGroups/rg01\",\"metadata\":{\"createdBy\":\"3d826307-2481-45a0-a271-bcf9333f914a\",\"createdOn\":\"2024-04-02T21:40:42.5949585Z\",\"updatedBy\":\"3d826307-2481-45a0-a271-bcf9333f914a\",\"updatedOn\":\"2024-04-02T21:40:45.6599443Z\"},\"enforcementMode\":\"Default\",\"nonComplianceMessages\":[{\"policyDefinitionReferenceId\":\"13556444948758758402\",\"message\":\"Specific message 1\"},{\"policyDefinitionReferenceId\":\"10874736668122828248\",\"message\":\"Specific message 2\"}]},\"id\":\"/subscriptions/edb2c18a-04d6-49e9-bc72-e23852f507ad/resourceGroups/rg01/providers/Microsoft.Authorization/policyAssignments/psBackcompat-PolicyAssignmentCRUD05\",\"type\":\"Microsoft.Authorization/policyAssignments\",\"name\":\"psBackcompat-PolicyAssignmentCRUD05\",\"systemData\":{\"createdBy\":\"cstack@ntdev.microsoft.com\",\"createdByType\":\"User\",\"createdAt\":\"2024-04-02T21:40:42.5666958Z\",\"lastModifiedBy\":\"cstack@ntdev.microsoft.com\",\"lastModifiedByType\":\"User\",\"lastModifiedAt\":\"2024-04-02T21:40:45.6247386Z\"}}",
      "isContentBase64": false
    }
  },
  "Backcompat-PolicyAssignmentCRUD+[NoContext]+list policy assignments+$PUT+https://management.azure.com//subscriptions/edb2c18a-04d6-49e9-bc72-e23852f507ad/resourceGroups/rg01/providers/Microsoft.Authorization/policyAssignments/psBackcompat-PolicyAssignmentCRUD06?api-version=2023-04-01+1": {
    "Request": {
      "Method": "PUT",
      "RequestUri": "https://management.azure.com//subscriptions/edb2c18a-04d6-49e9-bc72-e23852f507ad/resourceGroups/rg01/providers/Microsoft.Authorization/policyAssignments/psBackcompat-PolicyAssignmentCRUD06?api-version=2023-04-01",
      "Content": "{\r\n  \"properties\": {\r\n    \"policyDefinitionId\": \"/subscriptions/edb2c18a-04d6-49e9-bc72-e23852f507ad/providers/Microsoft.Authorization/policyDefinitions/psBackcompat-PolicyAssignmentCRUD03\",\r\n    \"description\": \"Unit test junk: sorry for littering. Please delete me!\"\r\n  }\r\n}",
      "isContentBase64": false,
      "Headers": {
      },
      "ContentHeaders": {
        "Content-Type": [ "application/json" ],
        "Content-Length": [ "275" ]
      }
    },
    "Response": {
      "StatusCode": 201,
      "Headers": {
        "Cache-Control": [ "no-cache" ],
        "Pragma": [ "no-cache" ],
        "Strict-Transport-Security": [ "max-age=31536000; includeSubDomains" ],
        "x-ms-ratelimit-remaining-subscription-writes": [ "1198" ],
        "x-ms-request-id": [ "2f515182-b143-43a4-9018-319dfe9a4f96" ],
        "x-ms-correlation-request-id": [ "2f515182-b143-43a4-9018-319dfe9a4f96" ],
        "x-ms-routing-request-id": [ "WESTUS2:20240402T214046Z:2f515182-b143-43a4-9018-319dfe9a4f96" ],
        "X-Content-Type-Options": [ "nosniff" ],
        "X-Cache": [ "CONFIG_NOCACHE" ],
        "X-MSEdge-Ref": [ "Ref A: A2943E9027B54E3688A5897D0F951D49 Ref B: CO6AA3150218023 Ref C: 2024-04-02T21:40:46Z" ],
        "Date": [ "Tue, 02 Apr 2024 21:40:45 GMT" ]
      },
      "ContentHeaders": {
        "Content-Length": [ "1035" ],
        "Content-Type": [ "application/json; charset=utf-8" ],
        "Expires": [ "-1" ]
      },
      "Content": "{\"properties\":{\"policyDefinitionId\":\"/subscriptions/edb2c18a-04d6-49e9-bc72-e23852f507ad/providers/Microsoft.Authorization/policyDefinitions/psBackcompat-PolicyAssignmentCRUD03\",\"definitionVersion\":\"1.*.*\",\"scope\":\"/subscriptions/edb2c18a-04d6-49e9-bc72-e23852f507ad/resourceGroups/rg01\",\"description\":\"Unit test junk: sorry for littering. Please delete me!\",\"metadata\":{\"createdBy\":\"3d826307-2481-45a0-a271-bcf9333f914a\",\"createdOn\":\"2024-04-02T21:40:46.171449Z\",\"updatedBy\":null,\"updatedOn\":null},\"enforcementMode\":\"Default\"},\"id\":\"/subscriptions/edb2c18a-04d6-49e9-bc72-e23852f507ad/resourceGroups/rg01/providers/Microsoft.Authorization/policyAssignments/psBackcompat-PolicyAssignmentCRUD06\",\"type\":\"Microsoft.Authorization/policyAssignments\",\"name\":\"psBackcompat-PolicyAssignmentCRUD06\",\"systemData\":{\"createdBy\":\"cstack@ntdev.microsoft.com\",\"createdByType\":\"User\",\"createdAt\":\"2024-04-02T21:40:46.1417815Z\",\"lastModifiedBy\":\"cstack@ntdev.microsoft.com\",\"lastModifiedByType\":\"User\",\"lastModifiedAt\":\"2024-04-02T21:40:46.1417815Z\"}}",
      "isContentBase64": false
    }
  },
  "Backcompat-PolicyAssignmentCRUD+[NoContext]+list policy assignments+$GET+https://management.azure.com/subscriptions/edb2c18a-04d6-49e9-bc72-e23852f507ad/resourceGroups/rg01/providers/Microsoft.Authorization/policyAssignments?$filter=atScope()\u0026api-version=2023-04-01+2": {
    "Request": {
      "Method": "GET",
      "RequestUri": "https://management.azure.com/subscriptions/edb2c18a-04d6-49e9-bc72-e23852f507ad/resourceGroups/rg01/providers/Microsoft.Authorization/policyAssignments?$filter=atScope()\u0026api-version=2023-04-01",
      "Content": null,
      "isContentBase64": false,
      "Headers": {
        "x-ms-unique-id": [ "546" ],
        "x-ms-client-request-id": [ "1efd117b-00ac-424d-8db9-bcee548c1aa1" ],
        "CommandName": [ "\u0026" ],
        "FullCommandName": [ "Get-AzPolicyAssignment_List" ],
        "ParameterSetName": [ "__AllParameterSets" ],
        "User-Agent": [ "AzurePowershell/v11.0.0", "PSVersion/v7.4.1", "Az.Policy/0.1.1" ],
        "Authorization": [ "[Filtered]" ]
      },
      "ContentHeaders": {
      }
    },
    "Response": {
      "StatusCode": 200,
      "Headers": {
        "Cache-Control": [ "no-cache" ],
        "Pragma": [ "no-cache" ],
        "Strict-Transport-Security": [ "max-age=31536000; includeSubDomains" ],
        "x-ms-ratelimit-remaining-subscription-reads": [ "11993" ],
        "x-ms-request-id": [ "0d76f4aa-b553-4273-a2f8-d1faf00f5253" ],
        "x-ms-correlation-request-id": [ "0d76f4aa-b553-4273-a2f8-d1faf00f5253" ],
        "x-ms-routing-request-id": [ "WESTUS2:20240402T214046Z:0d76f4aa-b553-4273-a2f8-d1faf00f5253" ],
        "X-Content-Type-Options": [ "nosniff" ],
        "X-Cache": [ "CONFIG_NOCACHE" ],
        "X-MSEdge-Ref": [ "Ref A: FEC13C3BD2814886ADE6DAC71C864F8F Ref B: CO6AA3150218023 Ref C: 2024-04-02T21:40:46Z" ],
        "Date": [ "Tue, 02 Apr 2024 21:40:46 GMT" ]
      },
      "ContentHeaders": {
        "Content-Length": [ "18379" ],
        "Content-Type": [ "application/json; charset=utf-8" ],
        "Expires": [ "-1" ]
      },
      "Content": "{\"value\":[{\"properties\":{\"displayName\":\"App Service apps should have local authentication methods disabled for FTP deployments\",\"policyDefinitionId\":\"/providers/Microsoft.Authorization/policyDefinitions/871b205b-57cf-4e1e-a234-492616998bf7\",\"definitionVersion\":\"1.*.*\",\"scope\":\"/providers/microsoft.management/managementgroups/72f988bf-86f1-41af-91ab-2d7cd011db47\",\"metadata\":{\"createdBy\":\"6a7863b1-49b0-41e5-b70e-242201f6e5b8\",\"createdOn\":\"2023-04-20T23:39:51.0887005Z\",\"updatedBy\":null,\"updatedOn\":null},\"enforcementMode\":\"Default\"},\"id\":\"/providers/microsoft.management/managementgroups/72f988bf-86f1-41af-91ab-2d7cd011db47/providers/Microsoft.Authorization/policyAssignments/5a11252257f8411\",\"type\":\"Microsoft.Authorization/policyAssignments\",\"name\":\"5a11252257f8411\",\"systemData\":{\"createdBy\":\"SC-wp401@microsoft.com\",\"createdByType\":\"User\",\"createdAt\":\"2023-04-20T23:39:51.0293826Z\",\"lastModifiedBy\":\"SC-wp401@microsoft.com\",\"lastModifiedByType\":\"User\",\"lastModifiedAt\":\"2023-04-20T23:39:51.0293826Z\"}},{\"properties\":{\"displayName\":\"App Service app slots should have local authentication methods disabled for FTP deployments\",\"policyDefinitionId\":\"/providers/Microsoft.Authorization/policyDefinitions/ec71c0bc-6a45-4b1f-9587-80dc83e6898c\",\"definitionVersion\":\"1.*.*\",\"scope\":\"/providers/microsoft.management/managementgroups/72f988bf-86f1-41af-91ab-2d7cd011db47\",\"metadata\":{\"createdBy\":\"6a7863b1-49b0-41e5-b70e-242201f6e5b8\",\"createdOn\":\"2023-04-20T23:46:14.3195728Z\",\"updatedBy\":null,\"updatedOn\":null},\"enforcementMode\":\"Default\"},\"id\":\"/providers/microsoft.management/managementgroups/72f988bf-86f1-41af-91ab-2d7cd011db47/providers/Microsoft.Authorization/policyAssignments/baa55f59929449b\",\"type\":\"Microsoft.Authorization/policyAssignments\",\"name\":\"baa55f59929449b\",\"systemData\":{\"createdBy\":\"SC-wp401@microsoft.com\",\"createdByType\":\"User\",\"createdAt\":\"2023-04-20T23:46:14.284484Z\",\"lastModifiedBy\":\"SC-wp401@microsoft.com\",\"lastModifiedByType\":\"User\",\"lastModifiedAt\":\"2023-04-20T23:46:14.284484Z\"}},{\"properties\":{\"displayName\":\"App Service app slots should have local authentication methods disabled for SCM site deployments\",\"policyDefinitionId\":\"/providers/Microsoft.Authorization/policyDefinitions/847ef871-e2fe-4e6e-907e-4adbf71de5cf\",\"definitionVersion\":\"1.*.*\",\"scope\":\"/providers/microsoft.management/managementgroups/72f988bf-86f1-41af-91ab-2d7cd011db47\",\"metadata\":{\"createdBy\":\"6a7863b1-49b0-41e5-b70e-242201f6e5b8\",\"createdOn\":\"2023-04-20T23:46:33.2991452Z\",\"updatedBy\":null,\"updatedOn\":null},\"enforcementMode\":\"Default\"},\"id\":\"/providers/microsoft.management/managementgroups/72f988bf-86f1-41af-91ab-2d7cd011db47/providers/Microsoft.Authorization/policyAssignments/4608d85244b844b\",\"type\":\"Microsoft.Authorization/policyAssignments\",\"name\":\"4608d85244b844b\",\"systemData\":{\"createdBy\":\"SC-wp401@microsoft.com\",\"createdByType\":\"User\",\"createdAt\":\"2023-04-20T23:46:33.2613353Z\",\"lastModifiedBy\":\"SC-wp401@microsoft.com\",\"lastModifiedByType\":\"User\",\"lastModifiedAt\":\"2023-04-20T23:46:33.2613353Z\"}},{\"properties\":{\"displayName\":\"App Service apps should have local authentication methods disabled for SCM site deployments\",\"policyDefinitionId\":\"/providers/Microsoft.Authorization/policyDefinitions/aede300b-d67f-480a-ae26-4b3dfb1a1fdc\",\"definitionVersion\":\"1.*.*\",\"scope\":\"/providers/microsoft.management/managementgroups/72f988bf-86f1-41af-91ab-2d7cd011db47\",\"metadata\":{\"createdBy\":\"6a7863b1-49b0-41e5-b70e-242201f6e5b8\",\"createdOn\":\"2023-04-20T23:46:59.3510701Z\",\"updatedBy\":null,\"updatedOn\":null},\"enforcementMode\":\"Default\"},\"id\":\"/providers/microsoft.management/managementgroups/72f988bf-86f1-41af-91ab-2d7cd011db47/providers/Microsoft.Authorization/policyAssignments/8b5eeefe772b4a3\",\"type\":\"Microsoft.Authorization/policyAssignments\",\"name\":\"8b5eeefe772b4a3\",\"systemData\":{\"createdBy\":\"SC-wp401@microsoft.com\",\"createdByType\":\"User\",\"createdAt\":\"2023-04-20T23:46:59.3138673Z\",\"lastModifiedBy\":\"SC-wp401@microsoft.com\",\"lastModifiedByType\":\"User\",\"lastModifiedAt\":\"2023-04-20T23:46:59.3138673Z\"}},{\"identity\":{\"type\":\"UserAssigned\",\"userAssignedIdentities\":{\"/subscriptions/016c59e7-b9c0-4635-adbf-88c003b9d545/resourcegroups/Identities/providers/Microsoft.ManagedIdentity/userAssignedIdentities/cloudgovremediationwebcontributor\":{\"principalId\":\"2dd1ea73-4024-489e-83a4-45cb3e962f69\",\"clientId\":\"9af16176-9a0a-40a9-9850-fb5c0c4d0847\"}}},\"properties\":{\"displayName\":\"Configure App Service app to disable local authentication for FTP deployments and SCM sites\",\"policyDefinitionId\":\"/providers/Microsoft.Management/managementGroups/72f988bf-86f1-41af-91ab-2d7cd011db47/providers/Microsoft.Authorization/policySetDefinitions/CloudGov_WebAuth_FtpScm\",\"definitionVersion\":\"1.*.*\",\"scope\":\"/providers/Microsoft.Management/managementGroups/72f988bf-86f1-41af-91ab-2d7cd011db47\",\"notScopes\":[\"/providers/Microsoft.Management/managementGroups/cc1750fe-984c-4839-9870-7357641d49ee\"],\"parameters\":{\"skipTag\":{\"value\":\"SkipBPCP\"},\"effect\":{\"value\":\"DeployIfNotExists\"}},\"description\":\"The deployment connections make the transmitted data/code vulnerable to network attacks. Basic authentication is being disabled centrally for all internal applications to improve security posture. For more information navigate to https://eng.ms/cid/f05c4f52-a18d-45a3-87b2-b5d7cf0e5270/fid/6a39d57a2c596d043b5f18e2995b23da0bbc0fab4d1fa0952d0b767f864e2695. If an incident is related to the following policy, please open an IcM incident via https://portal.microsofticm.com/imp/v3/incidents/details/383328883/home\",\"metadata\":{\"assignedBy\":\"Cloud Governance\",\"createdBy\":\"fa00c2de-57d5-4527-9254-4d513f482d0a\",\"createdOn\":\"2023-05-04T20:15:16.8937639Z\",\"updatedBy\":\"fa00c2de-57d5-4527-9254-4d513f482d0a\",\"updatedOn\":\"2023-06-14T20:43:04.0924622Z\",\"parameterScopes\":{}},\"enforcementMode\":\"Default\",\"nonComplianceMessages\":[{\"message\":\"The resource has not complaint Basic Authentication configurations. If following policy is blocking your actions that have a valid security and business reason to remain non compliant, please add \u0027SkipBPCP\u0027 tagName with any value on your Web App. Make sure to follow up with an official exemption request via https://forms.office.com/pages/responsepage.aspx?id=v4j5cvGGr0GRqy180BHbR9EtRz46cDVGn585Xp39USZUODk2QVBSWU9CMFpSN0NVOElWSFY5WlBaSy4u\"}],\"resourceSelectors\":[],\"overrides\":[]},\"id\":\"/providers/Microsoft.Management/managementGroups/72f988bf-86f1-41af-91ab-2d7cd011db47/providers/Microsoft.Authorization/policyAssignments/CloudGov_WebAuth_FtpScm\",\"type\":\"Microsoft.Authorization/policyAssignments\",\"name\":\"CloudGov_WebAuth_FtpScm\",\"location\":\"eastus\",\"systemData\":{\"createdBy\":\"SC-yo37@microsoft.com\",\"createdByType\":\"User\",\"createdAt\":\"2023-05-04T20:15:15.8937864Z\",\"lastModifiedBy\":\"SC-yo37@microsoft.com\",\"lastModifiedByType\":\"User\",\"lastModifiedAt\":\"2023-06-14T20:43:03.6669341Z\"}},{\"identity\":{\"type\":\"UserAssigned\",\"userAssignedIdentities\":{\"/subscriptions/016c59e7-b9c0-4635-adbf-88c003b9d545/resourcegroups/Identities/providers/Microsoft.ManagedIdentity/userAssignedIdentities/cloudgovremediationsecadmin\":{\"principalId\":\"cf2265bb-8d4f-4ca9-ae95-fc5bb25aa339\",\"clientId\":\"1681edd0-20cb-4b04-ac27-c810cf52dc17\"}}},\"properties\":{\"displayName\":\"Enable 3 Azure Defender plans in Microsoft Defender for Cloud regards to KR51 project\",\"policyDefinitionId\":\"/providers/Microsoft.Management/managementGroups/72f988bf-86f1-41af-91ab-2d7cd011db47/providers/Microsoft.Authorization/policySetDefinitions/CloudGov_MsDefenderCloud\",\"definitionVersion\":\"1.*.*\",\"scope\":\"/providers/Microsoft.Management/managementGroups/72f988bf-86f1-41af-91ab-2d7cd011db47\",\"notScopes\":[\"/providers/Microsoft.Management/managementGroups/CnAIOrchestrationServicePublicCorpprod\",\"/providers/Microsoft.Management/managementGroups/CnAIHoldingManagementGroupPublicCorp\",\"/providers/Microsoft.Management/managementGroups/manage12\",\"/providers/Microsoft.Management/managementGroups/a7ade9d2-d557-4382-a1c1-eb44a72fb214\"],\"description\":\"MDC is a CSPM and CWPP for all of your Azure/on-premises/multicloud resources. It fills vital needs as you manage the security of your resources and workloads in the cloud and on-premises. For more information, identify the Control Name in \u0027Protections and Remediations\u0027 table from https://aka.ms/cloudgov-policies-and-remediations. If an incident is related to following policy, please open an IcM incident via https://portal.microsofticm.com/imp/v3/incidents/create?tmpl=e2042\",\"metadata\":{\"assignedBy\":\"Cloud Governance\",\"createdBy\":\"0cf7b301-43f3-4b77-8fa3-533ef1ad19fa\",\"createdOn\":\"2024-01-17T18:08:42.7749971Z\",\"updatedBy\":\"0cf7b301-43f3-4b77-8fa3-533ef1ad19fa\",\"updatedOn\":\"2024-02-01T19:21:57.7120067Z\"},\"enforcementMode\":\"Default\",\"nonComplianceMessages\":[{\"message\":\"This configuration is not compliant.  Please refer to \u0027Remediation scenarios\u0027 from https://aka.ms/cloudgov-policies-and-remediations for more details.\"}],\"resourceSelectors\":[],\"overrides\":[]},\"id\":\"/providers/Microsoft.Management/managementGroups/72f988bf-86f1-41af-91ab-2d7cd011db47/providers/Microsoft.Authorization/policyAssignments/CloudGov_MsDefenderCloud\",\"type\":\"Microsoft.Authorization/policyAssignments\",\"name\":\"CloudGov_MsDefenderCloud\",\"location\":\"eastus\",\"systemData\":{\"createdBy\":\"sc-an693@microsoft.com\",\"createdByType\":\"User\",\"createdAt\":\"2024-01-17T18:08:42.3197613Z\",\"lastModifiedBy\":\"sc-an693@microsoft.com\",\"lastModifiedByType\":\"User\",\"lastModifiedAt\":\"2024-02-01T19:21:57.4790221Z\"}},{\"properties\":{\"displayName\":\"Block WVD creation (aka.ms/avdblock)\",\"policyDefinitionId\":\"/providers/Microsoft.Management/managementGroups/72f988bf-86f1-41af-91ab-2d7cd011db47/providers/Microsoft.Authorization/policyDefinitions/Deny WVD creation\",\"definitionVersion\":\"1.*.*\",\"scope\":\"/providers/Microsoft.Management/managementGroups/72f988bf-86f1-41af-91ab-2d7cd011db47\",\"notScopes\":[\"/providers/Microsoft.Management/managementGroups/595d008b-0e4c-41f8-af09-254420fd7571\",\"/providers/Microsoft.Management/managementGroups/64cd7b97-58e0-44d3-832b-55657739bde3\",\"/providers/Microsoft.Management/managementGroups/6a8d5cf2-21ba-4c40-b3df-d271a7053ac1\",\"/providers/Microsoft.Management/managementGroups/9ce3369a-545b-cfba-c329-3631400b552f\",\"/providers/Microsoft.Management/managementGroups/CloudPCMSFTSubscriptions\",\"/providers/Microsoft.Management/managementGroups/MSFT-DSRE-ISO-IAM\",\"/subscriptions/007ee280-d2d4-46c2-8504-0fddd121c219\",\"/subscriptions/03564a44-5aef-4331-b282-f30eec8c48c9\",\"/subscriptions/3ae2e9a4-54bd-459f-8211-6f920ecd52c4\",\"/subscriptions/618f7b25-b146-4c0e-a21b-2f1c67e78648\",\"/subscriptions/7b7593ca-92d5-4e89-8cdb-ab6212795535\",\"/subscriptions/b845979f-8603-49c4-819d-8a347f663159\",\"/subscriptions/ca36f55a-a366-46b0-bbfd-67c26cb4e8f0\",\"/subscriptions/cd84031b-67ef-43be-b0aa-45093719be08\",\"/subscriptions/fa12a77e-015c-46d0-b1c1-235d7549346f\"],\"description\":\"https://aka.ms/AVDblock\",\"metadata\":{\"createdBy\":\"7f1579a6-c648-43a1-ac1e-0c3020dd9b8e\",\"createdOn\":\"2020-11-17T19:41:36.3082667Z\",\"updatedBy\":\"7f1579a6-c648-43a1-ac1e-0c3020dd9b8e\",\"updatedOn\":\"2023-03-09T20:51:37.6178649Z\"},\"enforcementMode\":\"Default\"},\"id\":\"/providers/Microsoft.Management/managementGroups/72f988bf-86f1-41af-91ab-2d7cd011db47/providers/Microsoft.Authorization/policyAssignments/Block WVD creation\",\"type\":\"Microsoft.Authorization/policyAssignments\",\"name\":\"Block WVD creation\",\"systemData\":{\"lastModifiedBy\":\"sc-ze057@microsoft.com\",\"lastModifiedByType\":\"User\",\"lastModifiedAt\":\"2023-03-09T20:51:37.628398Z\"}},{\"identity\":{\"principalId\":\"de569224-4c32-4d4f-9a8a-d026361e2a20\",\"tenantId\":\"72f988bf-86f1-41af-91ab-2d7cd011db47\",\"type\":\"SystemAssigned\"},\"properties\":{\"displayName\":\"tony-test-modifyDenyMG\",\"policyDefinitionId\":\"/providers/Microsoft.Management/managementGroups/AzGovPerfTest/providers/Microsoft.Authorization/policyDefinitions/0489d72b-93a9-4632-8ec3-d9e20fba600a\",\"definitionVersion\":\"1.*.*\",\"scope\":\"/providers/Microsoft.Management/managementGroups/AzGovPerfTest\",\"notScopes\":[],\"parameters\":{\"tagName\":{\"value\":\"test\"}},\"metadata\":{\"assignedBy\":\"Tony Chen\",\"parameterScopes\":{},\"createdBy\":\"2e246f32-0d94-48a6-a899-e01cbe4c82a0\",\"createdOn\":\"2024-01-18T19:30:53.4456674Z\",\"updatedBy\":\"55899cf9-827a-4788-bed4-c0d5c16f943a\",\"updatedOn\":\"2024-02-23T19:47:34.9663592Z\"},\"enforcementMode\":\"Default\",\"nonComplianceMessages\":[],\"resourceSelectors\":[],\"overrides\":[]},\"id\":\"/providers/Microsoft.Management/managementGroups/AzGovPerfTest/providers/Microsoft.Authorization/policyAssignments/e4d662572b4f40409eed77e8\",\"type\":\"Microsoft.Authorization/policyAssignments\",\"name\":\"e4d662572b4f40409eed77e8\",\"location\":\"eastus\",\"systemData\":{\"createdBy\":\"qingyechen@microsoft.com\",\"createdByType\":\"User\",\"createdAt\":\"2024-01-18T19:30:52.6490143Z\",\"lastModifiedBy\":\"varunkum@microsoft.com\",\"lastModifiedByType\":\"User\",\"lastModifiedAt\":\"2024-02-23T19:47:34.7843087Z\"}},{\"identity\":{\"principalId\":\"c97e7038-fcc8-4f04-8a5d-3dca11cb6240\",\"tenantId\":\"72f988bf-86f1-41af-91ab-2d7cd011db47\",\"type\":\"SystemAssigned\"},\"properties\":{\"displayName\":\"tony-test-remeNonCompliantResourceCount-mg\",\"policyDefinitionId\":\"/providers/microsoft.management/managementgroups/azgovperftest/providers/microsoft.authorization/policysetdefinitions/868409909b644cb8aa3df4a2\",\"definitionVersion\":\"1.*.*\",\"scope\":\"/providers/microsoft.management/managementgroups/azgovperftest\",\"notScopes\":[],\"parameters\":{},\"metadata\":{\"parameterScopes\":{},\"createdBy\":\"2e246f32-0d94-48a6-a899-e01cbe4c82a0\",\"createdOn\":\"2024-03-26T00:55:40.5033405Z\",\"updatedBy\":null,\"updatedOn\":null},\"enforcementMode\":\"Default\",\"nonComplianceMessages\":[],\"resourceSelectors\":[],\"overrides\":[]},\"id\":\"/providers/microsoft.management/managementgroups/azgovperftest/providers/Microsoft.Authorization/policyAssignments/8bea7adb75c44b11bbd2385e\",\"type\":\"Microsoft.Authorization/policyAssignments\",\"name\":\"8bea7adb75c44b11bbd2385e\",\"location\":\"westus\",\"systemData\":{\"createdBy\":\"qingyechen@microsoft.com\",\"createdByType\":\"User\",\"createdAt\":\"2024-03-26T00:55:39.9036611Z\",\"lastModifiedBy\":\"qingyechen@microsoft.com\",\"lastModifiedByType\":\"User\",\"lastModifiedAt\":\"2024-03-26T00:55:39.9036611Z\"}},{\"properties\":{\"displayName\":\"IcM-413516148\",\"policyDefinitionId\":\"/subscriptions/edb2c18a-04d6-49e9-bc72-e23852f507ad/providers/Microsoft.Authorization/policyDefinitions/2baf7f68-7f74-45cc-beaa-dc9de40be3ef\",\"definitionVersion\":\"1.*.*\",\"scope\":\"/subscriptions/edb2c18a-04d6-49e9-bc72-e23852f507ad\",\"notScopes\":[],\"parameters\":{},\"description\":\"Repro for IcM 413516148\",\"metadata\":{\"assignedBy\":\"Chris Stackhouse\",\"parameterScopes\":{},\"createdBy\":\"3d826307-2481-45a0-a271-bcf9333f914a\",\"createdOn\":\"2023-08-12T00:45:35.2640788Z\",\"updatedBy\":null,\"updatedOn\":null},\"enforcementMode\":\"Default\",\"nonComplianceMessages\":[],\"resourceSelectors\":[],\"overrides\":[]},\"id\":\"/subscriptions/edb2c18a-04d6-49e9-bc72-e23852f507ad/providers/Microsoft.Authorization/policyAssignments/21eb5353068a4525b9472686\",\"type\":\"Microsoft.Authorization/policyAssignments\",\"name\":\"21eb5353068a4525b9472686\",\"systemData\":{\"createdBy\":\"cstack@ntdev.microsoft.com\",\"createdByType\":\"User\",\"createdAt\":\"2023-08-12T00:45:35.1616594Z\",\"lastModifiedBy\":\"cstack@ntdev.microsoft.com\",\"lastModifiedByType\":\"User\",\"lastModifiedAt\":\"2023-08-12T00:45:35.1616594Z\"}},{\"properties\":{\"policyDefinitionId\":\"/providers/Microsoft.Authorization/policyDefinitions/0a914e76-4921-4c19-b460-a2d36003525a\",\"definitionVersion\":\"2.*.*\",\"scope\":\"/subscriptions/edb2c18a-04d6-49e9-bc72-e23852f507ad/resourceGroups/rg01\",\"description\":\"Unit test junk: sorry for littering. Please delete me!\",\"metadata\":{\"createdBy\":\"3d826307-2481-45a0-a271-bcf9333f914a\",\"createdOn\":\"2024-04-02T21:40:34.0444551Z\",\"updatedBy\":null,\"updatedOn\":null},\"enforcementMode\":\"Default\"},\"id\":\"/subscriptions/edb2c18a-04d6-49e9-bc72-e23852f507ad/resourceGroups/rg01/providers/Microsoft.Authorization/policyAssignments/testPA1\",\"type\":\"Microsoft.Authorization/policyAssignments\",\"name\":\"testPA1\",\"systemData\":{\"createdBy\":\"cstack@ntdev.microsoft.com\",\"createdByType\":\"User\",\"createdAt\":\"2024-04-02T21:40:34.0193849Z\",\"lastModifiedBy\":\"cstack@ntdev.microsoft.com\",\"lastModifiedByType\":\"User\",\"lastModifiedAt\":\"2024-04-02T21:40:34.0193849Z\"}},{\"properties\":{\"policyDefinitionId\":\"/subscriptions/edb2c18a-04d6-49e9-bc72-e23852f507ad/providers/Microsoft.Authorization/policySetDefinitions/psBackcompat-PolicyAssignmentCRUD02\",\"definitionVersion\":\"1.*.*\",\"scope\":\"/subscriptions/edb2c18a-04d6-49e9-bc72-e23852f507ad/resourceGroups/rg01\",\"metadata\":{\"createdBy\":\"3d826307-2481-45a0-a271-bcf9333f914a\",\"createdOn\":\"2024-04-02T21:40:42.5949585Z\",\"updatedBy\":\"3d826307-2481-45a0-a271-bcf9333f914a\",\"updatedOn\":\"2024-04-02T21:40:45.6599443Z\"},\"enforcementMode\":\"Default\",\"nonComplianceMessages\":[{\"policyDefinitionReferenceId\":\"13556444948758758402\",\"message\":\"Specific message 1\"},{\"policyDefinitionReferenceId\":\"10874736668122828248\",\"message\":\"Specific message 2\"}]},\"id\":\"/subscriptions/edb2c18a-04d6-49e9-bc72-e23852f507ad/resourceGroups/rg01/providers/Microsoft.Authorization/policyAssignments/psBackcompat-PolicyAssignmentCRUD05\",\"type\":\"Microsoft.Authorization/policyAssignments\",\"name\":\"psBackcompat-PolicyAssignmentCRUD05\",\"systemData\":{\"createdBy\":\"cstack@ntdev.microsoft.com\",\"createdByType\":\"User\",\"createdAt\":\"2024-04-02T21:40:42.5666958Z\",\"lastModifiedBy\":\"cstack@ntdev.microsoft.com\",\"lastModifiedByType\":\"User\",\"lastModifiedAt\":\"2024-04-02T21:40:45.6247386Z\"}},{\"properties\":{\"policyDefinitionId\":\"/subscriptions/edb2c18a-04d6-49e9-bc72-e23852f507ad/providers/Microsoft.Authorization/policyDefinitions/psBackcompat-PolicyAssignmentCRUD03\",\"definitionVersion\":\"1.*.*\",\"scope\":\"/subscriptions/edb2c18a-04d6-49e9-bc72-e23852f507ad/resourceGroups/rg01\",\"description\":\"Unit test junk: sorry for littering. Please delete me!\",\"metadata\":{\"createdBy\":\"3d826307-2481-45a0-a271-bcf9333f914a\",\"createdOn\":\"2024-04-02T21:40:46.171449Z\",\"updatedBy\":null,\"updatedOn\":null},\"enforcementMode\":\"Default\"},\"id\":\"/subscriptions/edb2c18a-04d6-49e9-bc72-e23852f507ad/resourceGroups/rg01/providers/Microsoft.Authorization/policyAssignments/psBackcompat-PolicyAssignmentCRUD06\",\"type\":\"Microsoft.Authorization/policyAssignments\",\"name\":\"psBackcompat-PolicyAssignmentCRUD06\",\"systemData\":{\"createdBy\":\"cstack@ntdev.microsoft.com\",\"createdByType\":\"User\",\"createdAt\":\"2024-04-02T21:40:46.1417815Z\",\"lastModifiedBy\":\"cstack@ntdev.microsoft.com\",\"lastModifiedByType\":\"User\",\"lastModifiedAt\":\"2024-04-02T21:40:46.1417815Z\"}}]}",
      "isContentBase64": false
    }
  },
  "Backcompat-PolicyAssignmentCRUD+[NoContext]+list policy assignments+$GET+https://management.azure.com/subscriptions/edb2c18a-04d6-49e9-bc72-e23852f507ad/providers/Microsoft.Authorization/policyAssignments?api-version=2023-04-01+3": {
    "Request": {
      "Method": "GET",
      "RequestUri": "https://management.azure.com/subscriptions/edb2c18a-04d6-49e9-bc72-e23852f507ad/providers/Microsoft.Authorization/policyAssignments?api-version=2023-04-01",
      "Content": null,
      "isContentBase64": false,
      "Headers": {
        "x-ms-unique-id": [ "547" ],
        "x-ms-client-request-id": [ "4c72ce42-7d22-4e4e-a8c6-73af312c7f14" ],
        "CommandName": [ "\u0026" ],
        "FullCommandName": [ "Get-AzPolicyAssignment_List3" ],
        "ParameterSetName": [ "__AllParameterSets" ],
        "User-Agent": [ "AzurePowershell/v11.0.0", "PSVersion/v7.4.1", "Az.Policy/0.1.1" ],
        "Authorization": [ "[Filtered]" ]
      },
      "ContentHeaders": {
      }
    },
    "Response": {
      "StatusCode": 200,
      "Headers": {
        "Cache-Control": [ "no-cache" ],
        "Pragma": [ "no-cache" ],
        "Strict-Transport-Security": [ "max-age=31536000; includeSubDomains" ],
        "x-ms-ratelimit-remaining-subscription-reads": [ "11999" ],
        "x-ms-request-id": [ "31bc5ee7-bc87-41ec-b50d-dd7a0d7da5d2" ],
        "x-ms-correlation-request-id": [ "31bc5ee7-bc87-41ec-b50d-dd7a0d7da5d2" ],
        "x-ms-routing-request-id": [ "WESTUS2:20240402T214046Z:31bc5ee7-bc87-41ec-b50d-dd7a0d7da5d2" ],
        "X-Content-Type-Options": [ "nosniff" ],
        "X-Cache": [ "CONFIG_NOCACHE" ],
        "X-MSEdge-Ref": [ "Ref A: 4FE8585A85E3469493EB7003A2187641 Ref B: CO6AA3150218023 Ref C: 2024-04-02T21:40:46Z" ],
        "Date": [ "Tue, 02 Apr 2024 21:40:46 GMT" ]
      },
      "ContentHeaders": {
        "Content-Length": [ "18379" ],
        "Content-Type": [ "application/json; charset=utf-8" ],
        "Expires": [ "-1" ]
      },
      "Content": "{\"value\":[{\"properties\":{\"displayName\":\"IcM-413516148\",\"policyDefinitionId\":\"/subscriptions/edb2c18a-04d6-49e9-bc72-e23852f507ad/providers/Microsoft.Authorization/policyDefinitions/2baf7f68-7f74-45cc-beaa-dc9de40be3ef\",\"definitionVersion\":\"1.*.*\",\"scope\":\"/subscriptions/edb2c18a-04d6-49e9-bc72-e23852f507ad\",\"notScopes\":[],\"parameters\":{},\"description\":\"Repro for IcM 413516148\",\"metadata\":{\"assignedBy\":\"Chris Stackhouse\",\"parameterScopes\":{},\"createdBy\":\"3d826307-2481-45a0-a271-bcf9333f914a\",\"createdOn\":\"2023-08-12T00:45:35.2640788Z\",\"updatedBy\":null,\"updatedOn\":null},\"enforcementMode\":\"Default\",\"nonComplianceMessages\":[],\"resourceSelectors\":[],\"overrides\":[]},\"id\":\"/subscriptions/edb2c18a-04d6-49e9-bc72-e23852f507ad/providers/Microsoft.Authorization/policyAssignments/21eb5353068a4525b9472686\",\"type\":\"Microsoft.Authorization/policyAssignments\",\"name\":\"21eb5353068a4525b9472686\",\"systemData\":{\"createdBy\":\"cstack@ntdev.microsoft.com\",\"createdByType\":\"User\",\"createdAt\":\"2023-08-12T00:45:35.1616594Z\",\"lastModifiedBy\":\"cstack@ntdev.microsoft.com\",\"lastModifiedByType\":\"User\",\"lastModifiedAt\":\"2023-08-12T00:45:35.1616594Z\"}},{\"properties\":{\"policyDefinitionId\":\"/providers/Microsoft.Authorization/policyDefinitions/0a914e76-4921-4c19-b460-a2d36003525a\",\"definitionVersion\":\"2.*.*\",\"scope\":\"/subscriptions/edb2c18a-04d6-49e9-bc72-e23852f507ad/resourceGroups/rg01\",\"description\":\"Unit test junk: sorry for littering. Please delete me!\",\"metadata\":{\"createdBy\":\"3d826307-2481-45a0-a271-bcf9333f914a\",\"createdOn\":\"2024-04-02T21:40:34.0444551Z\",\"updatedBy\":null,\"updatedOn\":null},\"enforcementMode\":\"Default\"},\"id\":\"/subscriptions/edb2c18a-04d6-49e9-bc72-e23852f507ad/resourceGroups/rg01/providers/Microsoft.Authorization/policyAssignments/testPA1\",\"type\":\"Microsoft.Authorization/policyAssignments\",\"name\":\"testPA1\",\"systemData\":{\"createdBy\":\"cstack@ntdev.microsoft.com\",\"createdByType\":\"User\",\"createdAt\":\"2024-04-02T21:40:34.0193849Z\",\"lastModifiedBy\":\"cstack@ntdev.microsoft.com\",\"lastModifiedByType\":\"User\",\"lastModifiedAt\":\"2024-04-02T21:40:34.0193849Z\"}},{\"properties\":{\"policyDefinitionId\":\"/subscriptions/edb2c18a-04d6-49e9-bc72-e23852f507ad/providers/Microsoft.Authorization/policySetDefinitions/psBackcompat-PolicyAssignmentCRUD02\",\"definitionVersion\":\"1.*.*\",\"scope\":\"/subscriptions/edb2c18a-04d6-49e9-bc72-e23852f507ad/resourceGroups/rg01\",\"metadata\":{\"createdBy\":\"3d826307-2481-45a0-a271-bcf9333f914a\",\"createdOn\":\"2024-04-02T21:40:42.5949585Z\",\"updatedBy\":\"3d826307-2481-45a0-a271-bcf9333f914a\",\"updatedOn\":\"2024-04-02T21:40:45.6599443Z\"},\"enforcementMode\":\"Default\",\"nonComplianceMessages\":[{\"policyDefinitionReferenceId\":\"13556444948758758402\",\"message\":\"Specific message 1\"},{\"policyDefinitionReferenceId\":\"10874736668122828248\",\"message\":\"Specific message 2\"}]},\"id\":\"/subscriptions/edb2c18a-04d6-49e9-bc72-e23852f507ad/resourceGroups/rg01/providers/Microsoft.Authorization/policyAssignments/psBackcompat-PolicyAssignmentCRUD05\",\"type\":\"Microsoft.Authorization/policyAssignments\",\"name\":\"psBackcompat-PolicyAssignmentCRUD05\",\"systemData\":{\"createdBy\":\"cstack@ntdev.microsoft.com\",\"createdByType\":\"User\",\"createdAt\":\"2024-04-02T21:40:42.5666958Z\",\"lastModifiedBy\":\"cstack@ntdev.microsoft.com\",\"lastModifiedByType\":\"User\",\"lastModifiedAt\":\"2024-04-02T21:40:45.6247386Z\"}},{\"properties\":{\"policyDefinitionId\":\"/subscriptions/edb2c18a-04d6-49e9-bc72-e23852f507ad/providers/Microsoft.Authorization/policyDefinitions/psBackcompat-PolicyAssignmentCRUD03\",\"definitionVersion\":\"1.*.*\",\"scope\":\"/subscriptions/edb2c18a-04d6-49e9-bc72-e23852f507ad/resourceGroups/rg01\",\"description\":\"Unit test junk: sorry for littering. Please delete me!\",\"metadata\":{\"createdBy\":\"3d826307-2481-45a0-a271-bcf9333f914a\",\"createdOn\":\"2024-04-02T21:40:46.171449Z\",\"updatedBy\":null,\"updatedOn\":null},\"enforcementMode\":\"Default\"},\"id\":\"/subscriptions/edb2c18a-04d6-49e9-bc72-e23852f507ad/resourceGroups/rg01/providers/Microsoft.Authorization/policyAssignments/psBackcompat-PolicyAssignmentCRUD06\",\"type\":\"Microsoft.Authorization/policyAssignments\",\"name\":\"psBackcompat-PolicyAssignmentCRUD06\",\"systemData\":{\"createdBy\":\"cstack@ntdev.microsoft.com\",\"createdByType\":\"User\",\"createdAt\":\"2024-04-02T21:40:46.1417815Z\",\"lastModifiedBy\":\"cstack@ntdev.microsoft.com\",\"lastModifiedByType\":\"User\",\"lastModifiedAt\":\"2024-04-02T21:40:46.1417815Z\"}},{\"properties\":{\"displayName\":\"App Service apps should have local authentication methods disabled for FTP deployments\",\"policyDefinitionId\":\"/providers/Microsoft.Authorization/policyDefinitions/871b205b-57cf-4e1e-a234-492616998bf7\",\"definitionVersion\":\"1.*.*\",\"scope\":\"/providers/microsoft.management/managementgroups/72f988bf-86f1-41af-91ab-2d7cd011db47\",\"metadata\":{\"createdBy\":\"6a7863b1-49b0-41e5-b70e-242201f6e5b8\",\"createdOn\":\"2023-04-20T23:39:51.0887005Z\",\"updatedBy\":null,\"updatedOn\":null},\"enforcementMode\":\"Default\"},\"id\":\"/providers/microsoft.management/managementgroups/72f988bf-86f1-41af-91ab-2d7cd011db47/providers/Microsoft.Authorization/policyAssignments/5a11252257f8411\",\"type\":\"Microsoft.Authorization/policyAssignments\",\"name\":\"5a11252257f8411\",\"systemData\":{\"createdBy\":\"SC-wp401@microsoft.com\",\"createdByType\":\"User\",\"createdAt\":\"2023-04-20T23:39:51.0293826Z\",\"lastModifiedBy\":\"SC-wp401@microsoft.com\",\"lastModifiedByType\":\"User\",\"lastModifiedAt\":\"2023-04-20T23:39:51.0293826Z\"}},{\"properties\":{\"displayName\":\"App Service app slots should have local authentication methods disabled for FTP deployments\",\"policyDefinitionId\":\"/providers/Microsoft.Authorization/policyDefinitions/ec71c0bc-6a45-4b1f-9587-80dc83e6898c\",\"definitionVersion\":\"1.*.*\",\"scope\":\"/providers/microsoft.management/managementgroups/72f988bf-86f1-41af-91ab-2d7cd011db47\",\"metadata\":{\"createdBy\":\"6a7863b1-49b0-41e5-b70e-242201f6e5b8\",\"createdOn\":\"2023-04-20T23:46:14.3195728Z\",\"updatedBy\":null,\"updatedOn\":null},\"enforcementMode\":\"Default\"},\"id\":\"/providers/microsoft.management/managementgroups/72f988bf-86f1-41af-91ab-2d7cd011db47/providers/Microsoft.Authorization/policyAssignments/baa55f59929449b\",\"type\":\"Microsoft.Authorization/policyAssignments\",\"name\":\"baa55f59929449b\",\"systemData\":{\"createdBy\":\"SC-wp401@microsoft.com\",\"createdByType\":\"User\",\"createdAt\":\"2023-04-20T23:46:14.284484Z\",\"lastModifiedBy\":\"SC-wp401@microsoft.com\",\"lastModifiedByType\":\"User\",\"lastModifiedAt\":\"2023-04-20T23:46:14.284484Z\"}},{\"properties\":{\"displayName\":\"App Service app slots should have local authentication methods disabled for SCM site deployments\",\"policyDefinitionId\":\"/providers/Microsoft.Authorization/policyDefinitions/847ef871-e2fe-4e6e-907e-4adbf71de5cf\",\"definitionVersion\":\"1.*.*\",\"scope\":\"/providers/microsoft.management/managementgroups/72f988bf-86f1-41af-91ab-2d7cd011db47\",\"metadata\":{\"createdBy\":\"6a7863b1-49b0-41e5-b70e-242201f6e5b8\",\"createdOn\":\"2023-04-20T23:46:33.2991452Z\",\"updatedBy\":null,\"updatedOn\":null},\"enforcementMode\":\"Default\"},\"id\":\"/providers/microsoft.management/managementgroups/72f988bf-86f1-41af-91ab-2d7cd011db47/providers/Microsoft.Authorization/policyAssignments/4608d85244b844b\",\"type\":\"Microsoft.Authorization/policyAssignments\",\"name\":\"4608d85244b844b\",\"systemData\":{\"createdBy\":\"SC-wp401@microsoft.com\",\"createdByType\":\"User\",\"createdAt\":\"2023-04-20T23:46:33.2613353Z\",\"lastModifiedBy\":\"SC-wp401@microsoft.com\",\"lastModifiedByType\":\"User\",\"lastModifiedAt\":\"2023-04-20T23:46:33.2613353Z\"}},{\"properties\":{\"displayName\":\"App Service apps should have local authentication methods disabled for SCM site deployments\",\"policyDefinitionId\":\"/providers/Microsoft.Authorization/policyDefinitions/aede300b-d67f-480a-ae26-4b3dfb1a1fdc\",\"definitionVersion\":\"1.*.*\",\"scope\":\"/providers/microsoft.management/managementgroups/72f988bf-86f1-41af-91ab-2d7cd011db47\",\"metadata\":{\"createdBy\":\"6a7863b1-49b0-41e5-b70e-242201f6e5b8\",\"createdOn\":\"2023-04-20T23:46:59.3510701Z\",\"updatedBy\":null,\"updatedOn\":null},\"enforcementMode\":\"Default\"},\"id\":\"/providers/microsoft.management/managementgroups/72f988bf-86f1-41af-91ab-2d7cd011db47/providers/Microsoft.Authorization/policyAssignments/8b5eeefe772b4a3\",\"type\":\"Microsoft.Authorization/policyAssignments\",\"name\":\"8b5eeefe772b4a3\",\"systemData\":{\"createdBy\":\"SC-wp401@microsoft.com\",\"createdByType\":\"User\",\"createdAt\":\"2023-04-20T23:46:59.3138673Z\",\"lastModifiedBy\":\"SC-wp401@microsoft.com\",\"lastModifiedByType\":\"User\",\"lastModifiedAt\":\"2023-04-20T23:46:59.3138673Z\"}},{\"identity\":{\"type\":\"UserAssigned\",\"userAssignedIdentities\":{\"/subscriptions/016c59e7-b9c0-4635-adbf-88c003b9d545/resourcegroups/Identities/providers/Microsoft.ManagedIdentity/userAssignedIdentities/cloudgovremediationwebcontributor\":{\"principalId\":\"2dd1ea73-4024-489e-83a4-45cb3e962f69\",\"clientId\":\"9af16176-9a0a-40a9-9850-fb5c0c4d0847\"}}},\"properties\":{\"displayName\":\"Configure App Service app to disable local authentication for FTP deployments and SCM sites\",\"policyDefinitionId\":\"/providers/Microsoft.Management/managementGroups/72f988bf-86f1-41af-91ab-2d7cd011db47/providers/Microsoft.Authorization/policySetDefinitions/CloudGov_WebAuth_FtpScm\",\"definitionVersion\":\"1.*.*\",\"scope\":\"/providers/Microsoft.Management/managementGroups/72f988bf-86f1-41af-91ab-2d7cd011db47\",\"notScopes\":[\"/providers/Microsoft.Management/managementGroups/cc1750fe-984c-4839-9870-7357641d49ee\"],\"parameters\":{\"skipTag\":{\"value\":\"SkipBPCP\"},\"effect\":{\"value\":\"DeployIfNotExists\"}},\"description\":\"The deployment connections make the transmitted data/code vulnerable to network attacks. Basic authentication is being disabled centrally for all internal applications to improve security posture. For more information navigate to https://eng.ms/cid/f05c4f52-a18d-45a3-87b2-b5d7cf0e5270/fid/6a39d57a2c596d043b5f18e2995b23da0bbc0fab4d1fa0952d0b767f864e2695. If an incident is related to the following policy, please open an IcM incident via https://portal.microsofticm.com/imp/v3/incidents/details/383328883/home\",\"metadata\":{\"assignedBy\":\"Cloud Governance\",\"createdBy\":\"fa00c2de-57d5-4527-9254-4d513f482d0a\",\"createdOn\":\"2023-05-04T20:15:16.8937639Z\",\"updatedBy\":\"fa00c2de-57d5-4527-9254-4d513f482d0a\",\"updatedOn\":\"2023-06-14T20:43:04.0924622Z\",\"parameterScopes\":{}},\"enforcementMode\":\"Default\",\"nonComplianceMessages\":[{\"message\":\"The resource has not complaint Basic Authentication configurations. If following policy is blocking your actions that have a valid security and business reason to remain non compliant, please add \u0027SkipBPCP\u0027 tagName with any value on your Web App. Make sure to follow up with an official exemption request via https://forms.office.com/pages/responsepage.aspx?id=v4j5cvGGr0GRqy180BHbR9EtRz46cDVGn585Xp39USZUODk2QVBSWU9CMFpSN0NVOElWSFY5WlBaSy4u\"}],\"resourceSelectors\":[],\"overrides\":[]},\"id\":\"/providers/Microsoft.Management/managementGroups/72f988bf-86f1-41af-91ab-2d7cd011db47/providers/Microsoft.Authorization/policyAssignments/CloudGov_WebAuth_FtpScm\",\"type\":\"Microsoft.Authorization/policyAssignments\",\"name\":\"CloudGov_WebAuth_FtpScm\",\"location\":\"eastus\",\"systemData\":{\"createdBy\":\"SC-yo37@microsoft.com\",\"createdByType\":\"User\",\"createdAt\":\"2023-05-04T20:15:15.8937864Z\",\"lastModifiedBy\":\"SC-yo37@microsoft.com\",\"lastModifiedByType\":\"User\",\"lastModifiedAt\":\"2023-06-14T20:43:03.6669341Z\"}},{\"identity\":{\"type\":\"UserAssigned\",\"userAssignedIdentities\":{\"/subscriptions/016c59e7-b9c0-4635-adbf-88c003b9d545/resourcegroups/Identities/providers/Microsoft.ManagedIdentity/userAssignedIdentities/cloudgovremediationsecadmin\":{\"principalId\":\"cf2265bb-8d4f-4ca9-ae95-fc5bb25aa339\",\"clientId\":\"1681edd0-20cb-4b04-ac27-c810cf52dc17\"}}},\"properties\":{\"displayName\":\"Enable 3 Azure Defender plans in Microsoft Defender for Cloud regards to KR51 project\",\"policyDefinitionId\":\"/providers/Microsoft.Management/managementGroups/72f988bf-86f1-41af-91ab-2d7cd011db47/providers/Microsoft.Authorization/policySetDefinitions/CloudGov_MsDefenderCloud\",\"definitionVersion\":\"1.*.*\",\"scope\":\"/providers/Microsoft.Management/managementGroups/72f988bf-86f1-41af-91ab-2d7cd011db47\",\"notScopes\":[\"/providers/Microsoft.Management/managementGroups/CnAIOrchestrationServicePublicCorpprod\",\"/providers/Microsoft.Management/managementGroups/CnAIHoldingManagementGroupPublicCorp\",\"/providers/Microsoft.Management/managementGroups/manage12\",\"/providers/Microsoft.Management/managementGroups/a7ade9d2-d557-4382-a1c1-eb44a72fb214\"],\"description\":\"MDC is a CSPM and CWPP for all of your Azure/on-premises/multicloud resources. It fills vital needs as you manage the security of your resources and workloads in the cloud and on-premises. For more information, identify the Control Name in \u0027Protections and Remediations\u0027 table from https://aka.ms/cloudgov-policies-and-remediations. If an incident is related to following policy, please open an IcM incident via https://portal.microsofticm.com/imp/v3/incidents/create?tmpl=e2042\",\"metadata\":{\"assignedBy\":\"Cloud Governance\",\"createdBy\":\"0cf7b301-43f3-4b77-8fa3-533ef1ad19fa\",\"createdOn\":\"2024-01-17T18:08:42.7749971Z\",\"updatedBy\":\"0cf7b301-43f3-4b77-8fa3-533ef1ad19fa\",\"updatedOn\":\"2024-02-01T19:21:57.7120067Z\"},\"enforcementMode\":\"Default\",\"nonComplianceMessages\":[{\"message\":\"This configuration is not compliant.  Please refer to \u0027Remediation scenarios\u0027 from https://aka.ms/cloudgov-policies-and-remediations for more details.\"}],\"resourceSelectors\":[],\"overrides\":[]},\"id\":\"/providers/Microsoft.Management/managementGroups/72f988bf-86f1-41af-91ab-2d7cd011db47/providers/Microsoft.Authorization/policyAssignments/CloudGov_MsDefenderCloud\",\"type\":\"Microsoft.Authorization/policyAssignments\",\"name\":\"CloudGov_MsDefenderCloud\",\"location\":\"eastus\",\"systemData\":{\"createdBy\":\"sc-an693@microsoft.com\",\"createdByType\":\"User\",\"createdAt\":\"2024-01-17T18:08:42.3197613Z\",\"lastModifiedBy\":\"sc-an693@microsoft.com\",\"lastModifiedByType\":\"User\",\"lastModifiedAt\":\"2024-02-01T19:21:57.4790221Z\"}},{\"properties\":{\"displayName\":\"Block WVD creation (aka.ms/avdblock)\",\"policyDefinitionId\":\"/providers/Microsoft.Management/managementGroups/72f988bf-86f1-41af-91ab-2d7cd011db47/providers/Microsoft.Authorization/policyDefinitions/Deny WVD creation\",\"definitionVersion\":\"1.*.*\",\"scope\":\"/providers/Microsoft.Management/managementGroups/72f988bf-86f1-41af-91ab-2d7cd011db47\",\"notScopes\":[\"/providers/Microsoft.Management/managementGroups/595d008b-0e4c-41f8-af09-254420fd7571\",\"/providers/Microsoft.Management/managementGroups/64cd7b97-58e0-44d3-832b-55657739bde3\",\"/providers/Microsoft.Management/managementGroups/6a8d5cf2-21ba-4c40-b3df-d271a7053ac1\",\"/providers/Microsoft.Management/managementGroups/9ce3369a-545b-cfba-c329-3631400b552f\",\"/providers/Microsoft.Management/managementGroups/CloudPCMSFTSubscriptions\",\"/providers/Microsoft.Management/managementGroups/MSFT-DSRE-ISO-IAM\",\"/subscriptions/007ee280-d2d4-46c2-8504-0fddd121c219\",\"/subscriptions/03564a44-5aef-4331-b282-f30eec8c48c9\",\"/subscriptions/3ae2e9a4-54bd-459f-8211-6f920ecd52c4\",\"/subscriptions/618f7b25-b146-4c0e-a21b-2f1c67e78648\",\"/subscriptions/7b7593ca-92d5-4e89-8cdb-ab6212795535\",\"/subscriptions/b845979f-8603-49c4-819d-8a347f663159\",\"/subscriptions/ca36f55a-a366-46b0-bbfd-67c26cb4e8f0\",\"/subscriptions/cd84031b-67ef-43be-b0aa-45093719be08\",\"/subscriptions/fa12a77e-015c-46d0-b1c1-235d7549346f\"],\"description\":\"https://aka.ms/AVDblock\",\"metadata\":{\"createdBy\":\"7f1579a6-c648-43a1-ac1e-0c3020dd9b8e\",\"createdOn\":\"2020-11-17T19:41:36.3082667Z\",\"updatedBy\":\"7f1579a6-c648-43a1-ac1e-0c3020dd9b8e\",\"updatedOn\":\"2023-03-09T20:51:37.6178649Z\"},\"enforcementMode\":\"Default\"},\"id\":\"/providers/Microsoft.Management/managementGroups/72f988bf-86f1-41af-91ab-2d7cd011db47/providers/Microsoft.Authorization/policyAssignments/Block WVD creation\",\"type\":\"Microsoft.Authorization/policyAssignments\",\"name\":\"Block WVD creation\",\"systemData\":{\"lastModifiedBy\":\"sc-ze057@microsoft.com\",\"lastModifiedByType\":\"User\",\"lastModifiedAt\":\"2023-03-09T20:51:37.628398Z\"}},{\"identity\":{\"principalId\":\"de569224-4c32-4d4f-9a8a-d026361e2a20\",\"tenantId\":\"72f988bf-86f1-41af-91ab-2d7cd011db47\",\"type\":\"SystemAssigned\"},\"properties\":{\"displayName\":\"tony-test-modifyDenyMG\",\"policyDefinitionId\":\"/providers/Microsoft.Management/managementGroups/AzGovPerfTest/providers/Microsoft.Authorization/policyDefinitions/0489d72b-93a9-4632-8ec3-d9e20fba600a\",\"definitionVersion\":\"1.*.*\",\"scope\":\"/providers/Microsoft.Management/managementGroups/AzGovPerfTest\",\"notScopes\":[],\"parameters\":{\"tagName\":{\"value\":\"test\"}},\"metadata\":{\"assignedBy\":\"Tony Chen\",\"parameterScopes\":{},\"createdBy\":\"2e246f32-0d94-48a6-a899-e01cbe4c82a0\",\"createdOn\":\"2024-01-18T19:30:53.4456674Z\",\"updatedBy\":\"55899cf9-827a-4788-bed4-c0d5c16f943a\",\"updatedOn\":\"2024-02-23T19:47:34.9663592Z\"},\"enforcementMode\":\"Default\",\"nonComplianceMessages\":[],\"resourceSelectors\":[],\"overrides\":[]},\"id\":\"/providers/Microsoft.Management/managementGroups/AzGovPerfTest/providers/Microsoft.Authorization/policyAssignments/e4d662572b4f40409eed77e8\",\"type\":\"Microsoft.Authorization/policyAssignments\",\"name\":\"e4d662572b4f40409eed77e8\",\"location\":\"eastus\",\"systemData\":{\"createdBy\":\"qingyechen@microsoft.com\",\"createdByType\":\"User\",\"createdAt\":\"2024-01-18T19:30:52.6490143Z\",\"lastModifiedBy\":\"varunkum@microsoft.com\",\"lastModifiedByType\":\"User\",\"lastModifiedAt\":\"2024-02-23T19:47:34.7843087Z\"}},{\"identity\":{\"principalId\":\"c97e7038-fcc8-4f04-8a5d-3dca11cb6240\",\"tenantId\":\"72f988bf-86f1-41af-91ab-2d7cd011db47\",\"type\":\"SystemAssigned\"},\"properties\":{\"displayName\":\"tony-test-remeNonCompliantResourceCount-mg\",\"policyDefinitionId\":\"/providers/microsoft.management/managementgroups/azgovperftest/providers/microsoft.authorization/policysetdefinitions/868409909b644cb8aa3df4a2\",\"definitionVersion\":\"1.*.*\",\"scope\":\"/providers/microsoft.management/managementgroups/azgovperftest\",\"notScopes\":[],\"parameters\":{},\"metadata\":{\"parameterScopes\":{},\"createdBy\":\"2e246f32-0d94-48a6-a899-e01cbe4c82a0\",\"createdOn\":\"2024-03-26T00:55:40.5033405Z\",\"updatedBy\":null,\"updatedOn\":null},\"enforcementMode\":\"Default\",\"nonComplianceMessages\":[],\"resourceSelectors\":[],\"overrides\":[]},\"id\":\"/providers/microsoft.management/managementgroups/azgovperftest/providers/Microsoft.Authorization/policyAssignments/8bea7adb75c44b11bbd2385e\",\"type\":\"Microsoft.Authorization/policyAssignments\",\"name\":\"8bea7adb75c44b11bbd2385e\",\"location\":\"westus\",\"systemData\":{\"createdBy\":\"qingyechen@microsoft.com\",\"createdByType\":\"User\",\"createdAt\":\"2024-03-26T00:55:39.9036611Z\",\"lastModifiedBy\":\"qingyechen@microsoft.com\",\"lastModifiedByType\":\"User\",\"lastModifiedAt\":\"2024-03-26T00:55:39.9036611Z\"}}]}",
      "isContentBase64": false
    }
  },
  "Backcompat-PolicyAssignmentCRUD+[NoContext]+list policy assignments+$GET+https://management.azure.com/subscriptions/edb2c18a-04d6-49e9-bc72-e23852f507ad/providers/Microsoft.Authorization/policyAssignments?$filter=atScope()\u0026api-version=2023-04-01+4": {
    "Request": {
      "Method": "GET",
      "RequestUri": "https://management.azure.com/subscriptions/edb2c18a-04d6-49e9-bc72-e23852f507ad/providers/Microsoft.Authorization/policyAssignments?$filter=atScope()\u0026api-version=2023-04-01",
      "Content": null,
      "isContentBase64": false,
      "Headers": {
        "x-ms-unique-id": [ "548" ],
        "x-ms-client-request-id": [ "5a11573e-5f2d-4ca4-a995-1c520cccfbcd" ],
        "CommandName": [ "\u0026" ],
        "FullCommandName": [ "Get-AzPolicyAssignment_List3" ],
        "ParameterSetName": [ "__AllParameterSets" ],
        "User-Agent": [ "AzurePowershell/v11.0.0", "PSVersion/v7.4.1", "Az.Policy/0.1.1" ],
        "Authorization": [ "[Filtered]" ]
      },
      "ContentHeaders": {
      }
    },
    "Response": {
      "StatusCode": 200,
      "Headers": {
        "Cache-Control": [ "no-cache" ],
        "Pragma": [ "no-cache" ],
        "Strict-Transport-Security": [ "max-age=31536000; includeSubDomains" ],
        "x-ms-ratelimit-remaining-subscription-reads": [ "11998" ],
        "x-ms-request-id": [ "499e2f11-bb18-43bd-8cfb-7f61d9f235c3" ],
        "x-ms-correlation-request-id": [ "499e2f11-bb18-43bd-8cfb-7f61d9f235c3" ],
        "x-ms-routing-request-id": [ "WESTUS2:20240402T214046Z:499e2f11-bb18-43bd-8cfb-7f61d9f235c3" ],
        "X-Content-Type-Options": [ "nosniff" ],
        "X-Cache": [ "CONFIG_NOCACHE" ],
        "X-MSEdge-Ref": [ "Ref A: BA58A4CC7A0A4CB88B4DD436DE7621EA Ref B: CO6AA3150218023 Ref C: 2024-04-02T21:40:46Z" ],
        "Date": [ "Tue, 02 Apr 2024 21:40:46 GMT" ]
      },
      "ContentHeaders": {
        "Content-Length": [ "15185" ],
        "Content-Type": [ "application/json; charset=utf-8" ],
        "Expires": [ "-1" ]
      },
      "Content": "{\"value\":[{\"properties\":{\"displayName\":\"App Service apps should have local authentication methods disabled for FTP deployments\",\"policyDefinitionId\":\"/providers/Microsoft.Authorization/policyDefinitions/871b205b-57cf-4e1e-a234-492616998bf7\",\"definitionVersion\":\"1.*.*\",\"scope\":\"/providers/microsoft.management/managementgroups/72f988bf-86f1-41af-91ab-2d7cd011db47\",\"metadata\":{\"createdBy\":\"6a7863b1-49b0-41e5-b70e-242201f6e5b8\",\"createdOn\":\"2023-04-20T23:39:51.0887005Z\",\"updatedBy\":null,\"updatedOn\":null},\"enforcementMode\":\"Default\"},\"id\":\"/providers/microsoft.management/managementgroups/72f988bf-86f1-41af-91ab-2d7cd011db47/providers/Microsoft.Authorization/policyAssignments/5a11252257f8411\",\"type\":\"Microsoft.Authorization/policyAssignments\",\"name\":\"5a11252257f8411\",\"systemData\":{\"createdBy\":\"SC-wp401@microsoft.com\",\"createdByType\":\"User\",\"createdAt\":\"2023-04-20T23:39:51.0293826Z\",\"lastModifiedBy\":\"SC-wp401@microsoft.com\",\"lastModifiedByType\":\"User\",\"lastModifiedAt\":\"2023-04-20T23:39:51.0293826Z\"}},{\"properties\":{\"displayName\":\"App Service app slots should have local authentication methods disabled for FTP deployments\",\"policyDefinitionId\":\"/providers/Microsoft.Authorization/policyDefinitions/ec71c0bc-6a45-4b1f-9587-80dc83e6898c\",\"definitionVersion\":\"1.*.*\",\"scope\":\"/providers/microsoft.management/managementgroups/72f988bf-86f1-41af-91ab-2d7cd011db47\",\"metadata\":{\"createdBy\":\"6a7863b1-49b0-41e5-b70e-242201f6e5b8\",\"createdOn\":\"2023-04-20T23:46:14.3195728Z\",\"updatedBy\":null,\"updatedOn\":null},\"enforcementMode\":\"Default\"},\"id\":\"/providers/microsoft.management/managementgroups/72f988bf-86f1-41af-91ab-2d7cd011db47/providers/Microsoft.Authorization/policyAssignments/baa55f59929449b\",\"type\":\"Microsoft.Authorization/policyAssignments\",\"name\":\"baa55f59929449b\",\"systemData\":{\"createdBy\":\"SC-wp401@microsoft.com\",\"createdByType\":\"User\",\"createdAt\":\"2023-04-20T23:46:14.284484Z\",\"lastModifiedBy\":\"SC-wp401@microsoft.com\",\"lastModifiedByType\":\"User\",\"lastModifiedAt\":\"2023-04-20T23:46:14.284484Z\"}},{\"properties\":{\"displayName\":\"App Service app slots should have local authentication methods disabled for SCM site deployments\",\"policyDefinitionId\":\"/providers/Microsoft.Authorization/policyDefinitions/847ef871-e2fe-4e6e-907e-4adbf71de5cf\",\"definitionVersion\":\"1.*.*\",\"scope\":\"/providers/microsoft.management/managementgroups/72f988bf-86f1-41af-91ab-2d7cd011db47\",\"metadata\":{\"createdBy\":\"6a7863b1-49b0-41e5-b70e-242201f6e5b8\",\"createdOn\":\"2023-04-20T23:46:33.2991452Z\",\"updatedBy\":null,\"updatedOn\":null},\"enforcementMode\":\"Default\"},\"id\":\"/providers/microsoft.management/managementgroups/72f988bf-86f1-41af-91ab-2d7cd011db47/providers/Microsoft.Authorization/policyAssignments/4608d85244b844b\",\"type\":\"Microsoft.Authorization/policyAssignments\",\"name\":\"4608d85244b844b\",\"systemData\":{\"createdBy\":\"SC-wp401@microsoft.com\",\"createdByType\":\"User\",\"createdAt\":\"2023-04-20T23:46:33.2613353Z\",\"lastModifiedBy\":\"SC-wp401@microsoft.com\",\"lastModifiedByType\":\"User\",\"lastModifiedAt\":\"2023-04-20T23:46:33.2613353Z\"}},{\"properties\":{\"displayName\":\"App Service apps should have local authentication methods disabled for SCM site deployments\",\"policyDefinitionId\":\"/providers/Microsoft.Authorization/policyDefinitions/aede300b-d67f-480a-ae26-4b3dfb1a1fdc\",\"definitionVersion\":\"1.*.*\",\"scope\":\"/providers/microsoft.management/managementgroups/72f988bf-86f1-41af-91ab-2d7cd011db47\",\"metadata\":{\"createdBy\":\"6a7863b1-49b0-41e5-b70e-242201f6e5b8\",\"createdOn\":\"2023-04-20T23:46:59.3510701Z\",\"updatedBy\":null,\"updatedOn\":null},\"enforcementMode\":\"Default\"},\"id\":\"/providers/microsoft.management/managementgroups/72f988bf-86f1-41af-91ab-2d7cd011db47/providers/Microsoft.Authorization/policyAssignments/8b5eeefe772b4a3\",\"type\":\"Microsoft.Authorization/policyAssignments\",\"name\":\"8b5eeefe772b4a3\",\"systemData\":{\"createdBy\":\"SC-wp401@microsoft.com\",\"createdByType\":\"User\",\"createdAt\":\"2023-04-20T23:46:59.3138673Z\",\"lastModifiedBy\":\"SC-wp401@microsoft.com\",\"lastModifiedByType\":\"User\",\"lastModifiedAt\":\"2023-04-20T23:46:59.3138673Z\"}},{\"identity\":{\"type\":\"UserAssigned\",\"userAssignedIdentities\":{\"/subscriptions/016c59e7-b9c0-4635-adbf-88c003b9d545/resourcegroups/Identities/providers/Microsoft.ManagedIdentity/userAssignedIdentities/cloudgovremediationwebcontributor\":{\"principalId\":\"2dd1ea73-4024-489e-83a4-45cb3e962f69\",\"clientId\":\"9af16176-9a0a-40a9-9850-fb5c0c4d0847\"}}},\"properties\":{\"displayName\":\"Configure App Service app to disable local authentication for FTP deployments and SCM sites\",\"policyDefinitionId\":\"/providers/Microsoft.Management/managementGroups/72f988bf-86f1-41af-91ab-2d7cd011db47/providers/Microsoft.Authorization/policySetDefinitions/CloudGov_WebAuth_FtpScm\",\"definitionVersion\":\"1.*.*\",\"scope\":\"/providers/Microsoft.Management/managementGroups/72f988bf-86f1-41af-91ab-2d7cd011db47\",\"notScopes\":[\"/providers/Microsoft.Management/managementGroups/cc1750fe-984c-4839-9870-7357641d49ee\"],\"parameters\":{\"skipTag\":{\"value\":\"SkipBPCP\"},\"effect\":{\"value\":\"DeployIfNotExists\"}},\"description\":\"The deployment connections make the transmitted data/code vulnerable to network attacks. Basic authentication is being disabled centrally for all internal applications to improve security posture. For more information navigate to https://eng.ms/cid/f05c4f52-a18d-45a3-87b2-b5d7cf0e5270/fid/6a39d57a2c596d043b5f18e2995b23da0bbc0fab4d1fa0952d0b767f864e2695. If an incident is related to the following policy, please open an IcM incident via https://portal.microsofticm.com/imp/v3/incidents/details/383328883/home\",\"metadata\":{\"assignedBy\":\"Cloud Governance\",\"createdBy\":\"fa00c2de-57d5-4527-9254-4d513f482d0a\",\"createdOn\":\"2023-05-04T20:15:16.8937639Z\",\"updatedBy\":\"fa00c2de-57d5-4527-9254-4d513f482d0a\",\"updatedOn\":\"2023-06-14T20:43:04.0924622Z\",\"parameterScopes\":{}},\"enforcementMode\":\"Default\",\"nonComplianceMessages\":[{\"message\":\"The resource has not complaint Basic Authentication configurations. If following policy is blocking your actions that have a valid security and business reason to remain non compliant, please add \u0027SkipBPCP\u0027 tagName with any value on your Web App. Make sure to follow up with an official exemption request via https://forms.office.com/pages/responsepage.aspx?id=v4j5cvGGr0GRqy180BHbR9EtRz46cDVGn585Xp39USZUODk2QVBSWU9CMFpSN0NVOElWSFY5WlBaSy4u\"}],\"resourceSelectors\":[],\"overrides\":[]},\"id\":\"/providers/Microsoft.Management/managementGroups/72f988bf-86f1-41af-91ab-2d7cd011db47/providers/Microsoft.Authorization/policyAssignments/CloudGov_WebAuth_FtpScm\",\"type\":\"Microsoft.Authorization/policyAssignments\",\"name\":\"CloudGov_WebAuth_FtpScm\",\"location\":\"eastus\",\"systemData\":{\"createdBy\":\"SC-yo37@microsoft.com\",\"createdByType\":\"User\",\"createdAt\":\"2023-05-04T20:15:15.8937864Z\",\"lastModifiedBy\":\"SC-yo37@microsoft.com\",\"lastModifiedByType\":\"User\",\"lastModifiedAt\":\"2023-06-14T20:43:03.6669341Z\"}},{\"identity\":{\"type\":\"UserAssigned\",\"userAssignedIdentities\":{\"/subscriptions/016c59e7-b9c0-4635-adbf-88c003b9d545/resourcegroups/Identities/providers/Microsoft.ManagedIdentity/userAssignedIdentities/cloudgovremediationsecadmin\":{\"principalId\":\"cf2265bb-8d4f-4ca9-ae95-fc5bb25aa339\",\"clientId\":\"1681edd0-20cb-4b04-ac27-c810cf52dc17\"}}},\"properties\":{\"displayName\":\"Enable 3 Azure Defender plans in Microsoft Defender for Cloud regards to KR51 project\",\"policyDefinitionId\":\"/providers/Microsoft.Management/managementGroups/72f988bf-86f1-41af-91ab-2d7cd011db47/providers/Microsoft.Authorization/policySetDefinitions/CloudGov_MsDefenderCloud\",\"definitionVersion\":\"1.*.*\",\"scope\":\"/providers/Microsoft.Management/managementGroups/72f988bf-86f1-41af-91ab-2d7cd011db47\",\"notScopes\":[\"/providers/Microsoft.Management/managementGroups/CnAIOrchestrationServicePublicCorpprod\",\"/providers/Microsoft.Management/managementGroups/CnAIHoldingManagementGroupPublicCorp\",\"/providers/Microsoft.Management/managementGroups/manage12\",\"/providers/Microsoft.Management/managementGroups/a7ade9d2-d557-4382-a1c1-eb44a72fb214\"],\"description\":\"MDC is a CSPM and CWPP for all of your Azure/on-premises/multicloud resources. It fills vital needs as you manage the security of your resources and workloads in the cloud and on-premises. For more information, identify the Control Name in \u0027Protections and Remediations\u0027 table from https://aka.ms/cloudgov-policies-and-remediations. If an incident is related to following policy, please open an IcM incident via https://portal.microsofticm.com/imp/v3/incidents/create?tmpl=e2042\",\"metadata\":{\"assignedBy\":\"Cloud Governance\",\"createdBy\":\"0cf7b301-43f3-4b77-8fa3-533ef1ad19fa\",\"createdOn\":\"2024-01-17T18:08:42.7749971Z\",\"updatedBy\":\"0cf7b301-43f3-4b77-8fa3-533ef1ad19fa\",\"updatedOn\":\"2024-02-01T19:21:57.7120067Z\"},\"enforcementMode\":\"Default\",\"nonComplianceMessages\":[{\"message\":\"This configuration is not compliant.  Please refer to \u0027Remediation scenarios\u0027 from https://aka.ms/cloudgov-policies-and-remediations for more details.\"}],\"resourceSelectors\":[],\"overrides\":[]},\"id\":\"/providers/Microsoft.Management/managementGroups/72f988bf-86f1-41af-91ab-2d7cd011db47/providers/Microsoft.Authorization/policyAssignments/CloudGov_MsDefenderCloud\",\"type\":\"Microsoft.Authorization/policyAssignments\",\"name\":\"CloudGov_MsDefenderCloud\",\"location\":\"eastus\",\"systemData\":{\"createdBy\":\"sc-an693@microsoft.com\",\"createdByType\":\"User\",\"createdAt\":\"2024-01-17T18:08:42.3197613Z\",\"lastModifiedBy\":\"sc-an693@microsoft.com\",\"lastModifiedByType\":\"User\",\"lastModifiedAt\":\"2024-02-01T19:21:57.4790221Z\"}},{\"properties\":{\"displayName\":\"Block WVD creation (aka.ms/avdblock)\",\"policyDefinitionId\":\"/providers/Microsoft.Management/managementGroups/72f988bf-86f1-41af-91ab-2d7cd011db47/providers/Microsoft.Authorization/policyDefinitions/Deny WVD creation\",\"definitionVersion\":\"1.*.*\",\"scope\":\"/providers/Microsoft.Management/managementGroups/72f988bf-86f1-41af-91ab-2d7cd011db47\",\"notScopes\":[\"/providers/Microsoft.Management/managementGroups/595d008b-0e4c-41f8-af09-254420fd7571\",\"/providers/Microsoft.Management/managementGroups/64cd7b97-58e0-44d3-832b-55657739bde3\",\"/providers/Microsoft.Management/managementGroups/6a8d5cf2-21ba-4c40-b3df-d271a7053ac1\",\"/providers/Microsoft.Management/managementGroups/9ce3369a-545b-cfba-c329-3631400b552f\",\"/providers/Microsoft.Management/managementGroups/CloudPCMSFTSubscriptions\",\"/providers/Microsoft.Management/managementGroups/MSFT-DSRE-ISO-IAM\",\"/subscriptions/007ee280-d2d4-46c2-8504-0fddd121c219\",\"/subscriptions/03564a44-5aef-4331-b282-f30eec8c48c9\",\"/subscriptions/3ae2e9a4-54bd-459f-8211-6f920ecd52c4\",\"/subscriptions/618f7b25-b146-4c0e-a21b-2f1c67e78648\",\"/subscriptions/7b7593ca-92d5-4e89-8cdb-ab6212795535\",\"/subscriptions/b845979f-8603-49c4-819d-8a347f663159\",\"/subscriptions/ca36f55a-a366-46b0-bbfd-67c26cb4e8f0\",\"/subscriptions/cd84031b-67ef-43be-b0aa-45093719be08\",\"/subscriptions/fa12a77e-015c-46d0-b1c1-235d7549346f\"],\"description\":\"https://aka.ms/AVDblock\",\"metadata\":{\"createdBy\":\"7f1579a6-c648-43a1-ac1e-0c3020dd9b8e\",\"createdOn\":\"2020-11-17T19:41:36.3082667Z\",\"updatedBy\":\"7f1579a6-c648-43a1-ac1e-0c3020dd9b8e\",\"updatedOn\":\"2023-03-09T20:51:37.6178649Z\"},\"enforcementMode\":\"Default\"},\"id\":\"/providers/Microsoft.Management/managementGroups/72f988bf-86f1-41af-91ab-2d7cd011db47/providers/Microsoft.Authorization/policyAssignments/Block WVD creation\",\"type\":\"Microsoft.Authorization/policyAssignments\",\"name\":\"Block WVD creation\",\"systemData\":{\"lastModifiedBy\":\"sc-ze057@microsoft.com\",\"lastModifiedByType\":\"User\",\"lastModifiedAt\":\"2023-03-09T20:51:37.628398Z\"}},{\"identity\":{\"principalId\":\"de569224-4c32-4d4f-9a8a-d026361e2a20\",\"tenantId\":\"72f988bf-86f1-41af-91ab-2d7cd011db47\",\"type\":\"SystemAssigned\"},\"properties\":{\"displayName\":\"tony-test-modifyDenyMG\",\"policyDefinitionId\":\"/providers/Microsoft.Management/managementGroups/AzGovPerfTest/providers/Microsoft.Authorization/policyDefinitions/0489d72b-93a9-4632-8ec3-d9e20fba600a\",\"definitionVersion\":\"1.*.*\",\"scope\":\"/providers/Microsoft.Management/managementGroups/AzGovPerfTest\",\"notScopes\":[],\"parameters\":{\"tagName\":{\"value\":\"test\"}},\"metadata\":{\"assignedBy\":\"Tony Chen\",\"parameterScopes\":{},\"createdBy\":\"2e246f32-0d94-48a6-a899-e01cbe4c82a0\",\"createdOn\":\"2024-01-18T19:30:53.4456674Z\",\"updatedBy\":\"55899cf9-827a-4788-bed4-c0d5c16f943a\",\"updatedOn\":\"2024-02-23T19:47:34.9663592Z\"},\"enforcementMode\":\"Default\",\"nonComplianceMessages\":[],\"resourceSelectors\":[],\"overrides\":[]},\"id\":\"/providers/Microsoft.Management/managementGroups/AzGovPerfTest/providers/Microsoft.Authorization/policyAssignments/e4d662572b4f40409eed77e8\",\"type\":\"Microsoft.Authorization/policyAssignments\",\"name\":\"e4d662572b4f40409eed77e8\",\"location\":\"eastus\",\"systemData\":{\"createdBy\":\"qingyechen@microsoft.com\",\"createdByType\":\"User\",\"createdAt\":\"2024-01-18T19:30:52.6490143Z\",\"lastModifiedBy\":\"varunkum@microsoft.com\",\"lastModifiedByType\":\"User\",\"lastModifiedAt\":\"2024-02-23T19:47:34.7843087Z\"}},{\"identity\":{\"principalId\":\"c97e7038-fcc8-4f04-8a5d-3dca11cb6240\",\"tenantId\":\"72f988bf-86f1-41af-91ab-2d7cd011db47\",\"type\":\"SystemAssigned\"},\"properties\":{\"displayName\":\"tony-test-remeNonCompliantResourceCount-mg\",\"policyDefinitionId\":\"/providers/microsoft.management/managementgroups/azgovperftest/providers/microsoft.authorization/policysetdefinitions/868409909b644cb8aa3df4a2\",\"definitionVersion\":\"1.*.*\",\"scope\":\"/providers/microsoft.management/managementgroups/azgovperftest\",\"notScopes\":[],\"parameters\":{},\"metadata\":{\"parameterScopes\":{},\"createdBy\":\"2e246f32-0d94-48a6-a899-e01cbe4c82a0\",\"createdOn\":\"2024-03-26T00:55:40.5033405Z\",\"updatedBy\":null,\"updatedOn\":null},\"enforcementMode\":\"Default\",\"nonComplianceMessages\":[],\"resourceSelectors\":[],\"overrides\":[]},\"id\":\"/providers/microsoft.management/managementgroups/azgovperftest/providers/Microsoft.Authorization/policyAssignments/8bea7adb75c44b11bbd2385e\",\"type\":\"Microsoft.Authorization/policyAssignments\",\"name\":\"8bea7adb75c44b11bbd2385e\",\"location\":\"westus\",\"systemData\":{\"createdBy\":\"qingyechen@microsoft.com\",\"createdByType\":\"User\",\"createdAt\":\"2024-03-26T00:55:39.9036611Z\",\"lastModifiedBy\":\"qingyechen@microsoft.com\",\"lastModifiedByType\":\"User\",\"lastModifiedAt\":\"2024-03-26T00:55:39.9036611Z\"}},{\"properties\":{\"displayName\":\"IcM-413516148\",\"policyDefinitionId\":\"/subscriptions/edb2c18a-04d6-49e9-bc72-e23852f507ad/providers/Microsoft.Authorization/policyDefinitions/2baf7f68-7f74-45cc-beaa-dc9de40be3ef\",\"definitionVersion\":\"1.*.*\",\"scope\":\"/subscriptions/edb2c18a-04d6-49e9-bc72-e23852f507ad\",\"notScopes\":[],\"parameters\":{},\"description\":\"Repro for IcM 413516148\",\"metadata\":{\"assignedBy\":\"Chris Stackhouse\",\"parameterScopes\":{},\"createdBy\":\"3d826307-2481-45a0-a271-bcf9333f914a\",\"createdOn\":\"2023-08-12T00:45:35.2640788Z\",\"updatedBy\":null,\"updatedOn\":null},\"enforcementMode\":\"Default\",\"nonComplianceMessages\":[],\"resourceSelectors\":[],\"overrides\":[]},\"id\":\"/subscriptions/edb2c18a-04d6-49e9-bc72-e23852f507ad/providers/Microsoft.Authorization/policyAssignments/21eb5353068a4525b9472686\",\"type\":\"Microsoft.Authorization/policyAssignments\",\"name\":\"21eb5353068a4525b9472686\",\"systemData\":{\"createdBy\":\"cstack@ntdev.microsoft.com\",\"createdByType\":\"User\",\"createdAt\":\"2023-08-12T00:45:35.1616594Z\",\"lastModifiedBy\":\"cstack@ntdev.microsoft.com\",\"lastModifiedByType\":\"User\",\"lastModifiedAt\":\"2023-08-12T00:45:35.1616594Z\"}}]}",
      "isContentBase64": false
    }
  },
  "Backcompat-PolicyAssignmentCRUD+[NoContext]+[NoScenario]+$DELETE+https://management.azure.com//subscriptions/edb2c18a-04d6-49e9-bc72-e23852f507ad/resourceGroups/rg01/providers/Microsoft.Authorization/policyAssignments/psBackcompat-PolicyAssignmentCRUD05?api-version=2023-04-01+5": {
    "Request": {
      "Method": "DELETE",
      "RequestUri": "https://management.azure.com//subscriptions/edb2c18a-04d6-49e9-bc72-e23852f507ad/resourceGroups/rg01/providers/Microsoft.Authorization/policyAssignments/psBackcompat-PolicyAssignmentCRUD05?api-version=2023-04-01",
      "Content": null,
      "isContentBase64": false,
      "Headers": {
        "x-ms-unique-id": [ "549" ],
        "x-ms-client-request-id": [ "9e1374ca-cc2b-4613-9f0e-c5d8029f129b" ],
        "CommandName": [ "\u0026" ],
        "FullCommandName": [ "Remove-AzPolicyAssignment_Delete" ],
        "ParameterSetName": [ "__AllParameterSets" ],
        "User-Agent": [ "AzurePowershell/v11.0.0", "PSVersion/v7.4.1", "Az.Policy/0.1.1" ],
        "Authorization": [ "[Filtered]" ]
      },
      "ContentHeaders": {
      }
    },
    "Response": {
      "StatusCode": 200,
      "Headers": {
        "Cache-Control": [ "no-cache" ],
        "Pragma": [ "no-cache" ],
        "Strict-Transport-Security": [ "max-age=31536000; includeSubDomains" ],
        "x-ms-ratelimit-remaining-subscription-deletes": [ "14998" ],
        "x-ms-request-id": [ "836e8675-1131-4fc2-8c05-a2a04cfe316a" ],
        "x-ms-correlation-request-id": [ "836e8675-1131-4fc2-8c05-a2a04cfe316a" ],
        "x-ms-routing-request-id": [ "WESTUS2:20240402T214047Z:836e8675-1131-4fc2-8c05-a2a04cfe316a" ],
        "X-Content-Type-Options": [ "nosniff" ],
        "X-Cache": [ "CONFIG_NOCACHE" ],
        "X-MSEdge-Ref": [ "Ref A: E5005577BC7B42AAB1723FBE949D3BA0 Ref B: CO6AA3150218023 Ref C: 2024-04-02T21:40:47Z" ],
        "Date": [ "Tue, 02 Apr 2024 21:40:46 GMT" ]
      },
      "ContentHeaders": {
        "Content-Length": [ "1226" ],
        "Content-Type": [ "application/json; charset=utf-8" ],
        "Expires": [ "-1" ]
      },
      "Content": "{\"properties\":{\"policyDefinitionId\":\"/subscriptions/edb2c18a-04d6-49e9-bc72-e23852f507ad/providers/Microsoft.Authorization/policySetDefinitions/psBackcompat-PolicyAssignmentCRUD02\",\"definitionVersion\":\"1.*.*\",\"scope\":\"/subscriptions/edb2c18a-04d6-49e9-bc72-e23852f507ad/resourceGroups/rg01\",\"metadata\":{\"createdBy\":\"3d826307-2481-45a0-a271-bcf9333f914a\",\"createdOn\":\"2024-04-02T21:40:42.5949585Z\",\"updatedBy\":\"3d826307-2481-45a0-a271-bcf9333f914a\",\"updatedOn\":\"2024-04-02T21:40:45.6599443Z\"},\"enforcementMode\":\"Default\",\"nonComplianceMessages\":[{\"policyDefinitionReferenceId\":\"13556444948758758402\",\"message\":\"Specific message 1\"},{\"policyDefinitionReferenceId\":\"10874736668122828248\",\"message\":\"Specific message 2\"}]},\"id\":\"/subscriptions/edb2c18a-04d6-49e9-bc72-e23852f507ad/resourceGroups/rg01/providers/Microsoft.Authorization/policyAssignments/psBackcompat-PolicyAssignmentCRUD05\",\"type\":\"Microsoft.Authorization/policyAssignments\",\"name\":\"psBackcompat-PolicyAssignmentCRUD05\",\"systemData\":{\"createdBy\":\"cstack@ntdev.microsoft.com\",\"createdByType\":\"User\",\"createdAt\":\"2024-04-02T21:40:42.5666958Z\",\"lastModifiedBy\":\"cstack@ntdev.microsoft.com\",\"lastModifiedByType\":\"User\",\"lastModifiedAt\":\"2024-04-02T21:40:45.6247386Z\"}}",
      "isContentBase64": false
    }
  },
  "Backcompat-PolicyAssignmentCRUD+[NoContext]+[NoScenario]+$DELETE+https://management.azure.com//subscriptions/edb2c18a-04d6-49e9-bc72-e23852f507ad/resourceGroups/rg01/providers/Microsoft.Authorization/policyAssignments/psBackcompat-PolicyAssignmentCRUD06?api-version=2023-04-01+6": {
    "Request": {
      "Method": "DELETE",
      "RequestUri": "https://management.azure.com//subscriptions/edb2c18a-04d6-49e9-bc72-e23852f507ad/resourceGroups/rg01/providers/Microsoft.Authorization/policyAssignments/psBackcompat-PolicyAssignmentCRUD06?api-version=2023-04-01",
      "Content": null,
      "isContentBase64": false,
      "Headers": {
        "x-ms-unique-id": [ "550" ],
        "x-ms-client-request-id": [ "e8bf39f0-72be-4fab-8a9a-9d8c403a19fc" ],
        "CommandName": [ "\u0026" ],
        "FullCommandName": [ "Remove-AzPolicyAssignment_Delete" ],
        "ParameterSetName": [ "__AllParameterSets" ],
        "User-Agent": [ "AzurePowershell/v11.0.0", "PSVersion/v7.4.1", "Az.Policy/0.1.1" ],
        "Authorization": [ "[Filtered]" ]
      },
      "ContentHeaders": {
      }
    },
    "Response": {
      "StatusCode": 200,
      "Headers": {
        "Cache-Control": [ "no-cache" ],
        "Pragma": [ "no-cache" ],
        "Strict-Transport-Security": [ "max-age=31536000; includeSubDomains" ],
        "x-ms-ratelimit-remaining-subscription-deletes": [ "14999" ],
        "x-ms-request-id": [ "78c9356c-797b-47fa-a9d3-e6c1f5c04ee2" ],
        "x-ms-correlation-request-id": [ "78c9356c-797b-47fa-a9d3-e6c1f5c04ee2" ],
        "x-ms-routing-request-id": [ "WESTUS2:20240402T214048Z:78c9356c-797b-47fa-a9d3-e6c1f5c04ee2" ],
        "X-Content-Type-Options": [ "nosniff" ],
        "X-Cache": [ "CONFIG_NOCACHE" ],
        "X-MSEdge-Ref": [ "Ref A: 5FEE663198CF4066AF3E7F037500A28A Ref B: CO6AA3150218023 Ref C: 2024-04-02T21:40:47Z" ],
        "Date": [ "Tue, 02 Apr 2024 21:40:47 GMT" ]
      },
      "ContentHeaders": {
        "Content-Length": [ "1035" ],
        "Content-Type": [ "application/json; charset=utf-8" ],
        "Expires": [ "-1" ]
      },
      "Content": "{\"properties\":{\"policyDefinitionId\":\"/subscriptions/edb2c18a-04d6-49e9-bc72-e23852f507ad/providers/Microsoft.Authorization/policyDefinitions/psBackcompat-PolicyAssignmentCRUD03\",\"definitionVersion\":\"1.*.*\",\"scope\":\"/subscriptions/edb2c18a-04d6-49e9-bc72-e23852f507ad/resourceGroups/rg01\",\"description\":\"Unit test junk: sorry for littering. Please delete me!\",\"metadata\":{\"createdBy\":\"3d826307-2481-45a0-a271-bcf9333f914a\",\"createdOn\":\"2024-04-02T21:40:46.171449Z\",\"updatedBy\":null,\"updatedOn\":null},\"enforcementMode\":\"Default\"},\"id\":\"/subscriptions/edb2c18a-04d6-49e9-bc72-e23852f507ad/resourceGroups/rg01/providers/Microsoft.Authorization/policyAssignments/psBackcompat-PolicyAssignmentCRUD06\",\"type\":\"Microsoft.Authorization/policyAssignments\",\"name\":\"psBackcompat-PolicyAssignmentCRUD06\",\"systemData\":{\"createdBy\":\"cstack@ntdev.microsoft.com\",\"createdByType\":\"User\",\"createdAt\":\"2024-04-02T21:40:46.1417815Z\",\"lastModifiedBy\":\"cstack@ntdev.microsoft.com\",\"lastModifiedByType\":\"User\",\"lastModifiedAt\":\"2024-04-02T21:40:46.1417815Z\"}}",
      "isContentBase64": false
    }
  },
  "Backcompat-PolicyAssignmentCRUD+[NoContext]+[NoScenario]+$DELETE+https://management.azure.com/subscriptions/edb2c18a-04d6-49e9-bc72-e23852f507ad/providers/Microsoft.Authorization/policySetDefinitions/psBackcompat-PolicyAssignmentCRUD02?api-version=2023-04-01+7": {
    "Request": {
      "Method": "DELETE",
      "RequestUri": "https://management.azure.com/subscriptions/edb2c18a-04d6-49e9-bc72-e23852f507ad/providers/Microsoft.Authorization/policySetDefinitions/psBackcompat-PolicyAssignmentCRUD02?api-version=2023-04-01",
      "Content": null,
      "isContentBase64": false,
      "Headers": {
        "x-ms-unique-id": [ "551" ],
        "x-ms-client-request-id": [ "54268331-419d-403d-b185-a035c1ffe2a7" ],
        "CommandName": [ "\u0026" ],
        "FullCommandName": [ "Remove-AzPolicySetDefinition_Delete" ],
        "ParameterSetName": [ "__AllParameterSets" ],
        "User-Agent": [ "AzurePowershell/v11.0.0", "PSVersion/v7.4.1", "Az.Policy/0.1.1" ],
        "Authorization": [ "[Filtered]" ]
      },
      "ContentHeaders": {
      }
    },
    "Response": {
      "StatusCode": 200,
      "Headers": {
        "Cache-Control": [ "no-cache" ],
        "Pragma": [ "no-cache" ],
        "Strict-Transport-Security": [ "max-age=31536000; includeSubDomains" ],
        "x-ms-ratelimit-remaining-subscription-deletes": [ "14999" ],
        "x-ms-request-id": [ "d89b6eef-9984-43b6-b851-3c35b6d655bd" ],
        "x-ms-correlation-request-id": [ "d89b6eef-9984-43b6-b851-3c35b6d655bd" ],
        "x-ms-routing-request-id": [ "WESTUS2:20240402T214048Z:d89b6eef-9984-43b6-b851-3c35b6d655bd" ],
        "X-Content-Type-Options": [ "nosniff" ],
        "X-Cache": [ "CONFIG_NOCACHE" ],
        "X-MSEdge-Ref": [ "Ref A: 2738E10267BC407DA038943B3B4E702F Ref B: CO6AA3150218023 Ref C: 2024-04-02T21:40:48Z" ],
        "Date": [ "Tue, 02 Apr 2024 21:40:48 GMT" ]
      },
      "ContentHeaders": {
        "Content-Length": [ "1318" ],
        "Content-Type": [ "application/json; charset=utf-8" ],
        "Expires": [ "-1" ]
      },
      "Content": "{\"properties\":{\"policyType\":\"Custom\",\"description\":\"Unit test junk: sorry for littering. Please delete me!\",\"metadata\":{\"testName\":\"testValue\",\"createdBy\":\"3d826307-2481-45a0-a271-bcf9333f914a\",\"createdOn\":\"2024-04-02T21:40:42.076652Z\",\"updatedBy\":null,\"updatedOn\":null},\"version\":\"1.0.0\",\"policyDefinitions\":[{\"policyDefinitionReferenceId\":\"13556444948758758402\",\"policyDefinitionId\":\"/subscriptions/edb2c18a-04d6-49e9-bc72-e23852f507ad/providers/Microsoft.Authorization/policyDefinitions/psBackcompat-PolicyAssignmentCRUD03\",\"definitionVersion\":\"1.*.*\"},{\"policyDefinitionReferenceId\":\"10874736668122828248\",\"policyDefinitionId\":\"/subscriptions/edb2c18a-04d6-49e9-bc72-e23852f507ad/providers/Microsoft.Authorization/policyDefinitions/psBackcompat-PolicyAssignmentCRUD04\",\"definitionVersion\":\"1.*.*\"}],\"versions\":[\"1.0.0\"]},\"id\":\"/subscriptions/edb2c18a-04d6-49e9-bc72-e23852f507ad/providers/Microsoft.Authorization/policySetDefinitions/psBackcompat-PolicyAssignmentCRUD02\",\"type\":\"Microsoft.Authorization/policySetDefinitions\",\"name\":\"psBackcompat-PolicyAssignmentCRUD02\",\"systemData\":{\"createdBy\":\"cstack@ntdev.microsoft.com\",\"createdByType\":\"User\",\"createdAt\":\"2024-04-02T21:40:42.0407409Z\",\"lastModifiedBy\":\"cstack@ntdev.microsoft.com\",\"lastModifiedByType\":\"User\",\"lastModifiedAt\":\"2024-04-02T21:40:42.0407409Z\"}}",
      "isContentBase64": false
    }
  },
  "Backcompat-PolicyAssignmentCRUD+[NoContext]+[NoScenario]+$DELETE+https://management.azure.com/subscriptions/edb2c18a-04d6-49e9-bc72-e23852f507ad/providers/Microsoft.Authorization/policyDefinitions/psBackcompat-PolicyAssignmentCRUD03?api-version=2023-04-01+8": {
    "Request": {
      "Method": "DELETE",
      "RequestUri": "https://management.azure.com/subscriptions/edb2c18a-04d6-49e9-bc72-e23852f507ad/providers/Microsoft.Authorization/policyDefinitions/psBackcompat-PolicyAssignmentCRUD03?api-version=2023-04-01",
      "Content": null,
      "isContentBase64": false,
      "Headers": {
        "x-ms-unique-id": [ "552" ],
        "x-ms-client-request-id": [ "1623b879-e6dc-4469-a56c-2125ccc4c86b" ],
        "CommandName": [ "\u0026" ],
        "FullCommandName": [ "Remove-AzPolicyDefinition_Delete" ],
        "ParameterSetName": [ "__AllParameterSets" ],
        "User-Agent": [ "AzurePowershell/v11.0.0", "PSVersion/v7.4.1", "Az.Policy/0.1.1" ],
        "Authorization": [ "[Filtered]" ]
      },
      "ContentHeaders": {
      }
    },
    "Response": {
      "StatusCode": 200,
      "Headers": {
        "Cache-Control": [ "no-cache" ],
        "Pragma": [ "no-cache" ],
        "Strict-Transport-Security": [ "max-age=31536000; includeSubDomains" ],
        "x-ms-ratelimit-remaining-subscription-deletes": [ "14998" ],
        "x-ms-request-id": [ "10272f4a-c2c4-4919-990c-de50acffd7d9" ],
        "x-ms-correlation-request-id": [ "10272f4a-c2c4-4919-990c-de50acffd7d9" ],
        "x-ms-routing-request-id": [ "WESTUS2:20240402T214049Z:10272f4a-c2c4-4919-990c-de50acffd7d9" ],
        "X-Content-Type-Options": [ "nosniff" ],
        "X-Cache": [ "CONFIG_NOCACHE" ],
        "X-MSEdge-Ref": [ "Ref A: D851FB1F182C43A48DE37AB800E52F5F Ref B: CO6AA3150218023 Ref C: 2024-04-02T21:40:48Z" ],
        "Date": [ "Tue, 02 Apr 2024 21:40:48 GMT" ]
      },
      "ContentHeaders": {
        "Content-Length": [ "920" ],
        "Content-Type": [ "application/json; charset=utf-8" ],
        "Expires": [ "-1" ]
      },
      "Content": "{\"properties\":{\"policyType\":\"Custom\",\"mode\":\"All\",\"description\":\"Unit test junk: sorry for littering. Please delete me!\",\"metadata\":{\"createdBy\":\"3d826307-2481-45a0-a271-bcf9333f914a\",\"createdOn\":\"2024-04-02T21:40:40.5527334Z\",\"updatedBy\":null,\"updatedOn\":null},\"version\":\"1.0.0\",\"policyRule\":{\"if\":{\"source\":\"action\",\"equals\":\"Microsoft.Resources/Subscriptions/ResourceGroups/write\"},\"then\":{\"effect\":\"deny\"}},\"versions\":[\"1.0.0\"]},\"id\":\"/subscriptions/edb2c18a-04d6-49e9-bc72-e23852f507ad/providers/Microsoft.Authorization/policyDefinitions/psBackcompat-PolicyAssignmentCRUD03\",\"type\":\"Microsoft.Authorization/policyDefinitions\",\"name\":\"psBackcompat-PolicyAssignmentCRUD03\",\"systemData\":{\"createdBy\":\"cstack@ntdev.microsoft.com\",\"createdByType\":\"User\",\"createdAt\":\"2024-04-02T21:40:40.5335998Z\",\"lastModifiedBy\":\"cstack@ntdev.microsoft.com\",\"lastModifiedByType\":\"User\",\"lastModifiedAt\":\"2024-04-02T21:40:40.5335998Z\"}}",
      "isContentBase64": false
    }
  },
  "Backcompat-PolicyAssignmentCRUD+[NoContext]+[NoScenario]+$DELETE+https://management.azure.com/subscriptions/edb2c18a-04d6-49e9-bc72-e23852f507ad/providers/Microsoft.Authorization/policyDefinitions/psBackcompat-PolicyAssignmentCRUD04?api-version=2023-04-01+9": {
    "Request": {
      "Method": "DELETE",
      "RequestUri": "https://management.azure.com/subscriptions/edb2c18a-04d6-49e9-bc72-e23852f507ad/providers/Microsoft.Authorization/policyDefinitions/psBackcompat-PolicyAssignmentCRUD04?api-version=2023-04-01",
      "Content": null,
      "isContentBase64": false,
      "Headers": {
        "x-ms-unique-id": [ "553" ],
        "x-ms-client-request-id": [ "4b3486a5-fc9c-4a9b-a15b-205aac438021" ],
        "CommandName": [ "\u0026" ],
        "FullCommandName": [ "Remove-AzPolicyDefinition_Delete" ],
        "ParameterSetName": [ "__AllParameterSets" ],
        "User-Agent": [ "AzurePowershell/v11.0.0", "PSVersion/v7.4.1", "Az.Policy/0.1.1" ],
        "Authorization": [ "[Filtered]" ]
      },
      "ContentHeaders": {
      }
    },
    "Response": {
      "StatusCode": 200,
      "Headers": {
        "Cache-Control": [ "no-cache" ],
        "Pragma": [ "no-cache" ],
        "Strict-Transport-Security": [ "max-age=31536000; includeSubDomains" ],
        "x-ms-ratelimit-remaining-subscription-deletes": [ "14997" ],
        "x-ms-request-id": [ "154df113-3127-42f8-93d9-855f490e2fc8" ],
        "x-ms-correlation-request-id": [ "154df113-3127-42f8-93d9-855f490e2fc8" ],
        "x-ms-routing-request-id": [ "WESTUS2:20240402T214049Z:154df113-3127-42f8-93d9-855f490e2fc8" ],
        "X-Content-Type-Options": [ "nosniff" ],
        "X-Cache": [ "CONFIG_NOCACHE" ],
        "X-MSEdge-Ref": [ "Ref A: BF42F41DC52040B2AB5BBC9852ABC435 Ref B: CO6AA3150218023 Ref C: 2024-04-02T21:40:49Z" ],
        "Date": [ "Tue, 02 Apr 2024 21:40:49 GMT" ]
      },
      "ContentHeaders": {
        "Content-Length": [ "919" ],
        "Content-Type": [ "application/json; charset=utf-8" ],
        "Expires": [ "-1" ]
      },
      "Content": "{\"properties\":{\"policyType\":\"Custom\",\"mode\":\"All\",\"description\":\"Unit test junk: sorry for littering. Please delete me!\",\"metadata\":{\"createdBy\":\"3d826307-2481-45a0-a271-bcf9333f914a\",\"createdOn\":\"2024-04-02T21:40:41.117355Z\",\"updatedBy\":null,\"updatedOn\":null},\"version\":\"1.0.0\",\"policyRule\":{\"if\":{\"source\":\"action\",\"equals\":\"Microsoft.Resources/Subscriptions/ResourceGroups/write\"},\"then\":{\"effect\":\"deny\"}},\"versions\":[\"1.0.0\"]},\"id\":\"/subscriptions/edb2c18a-04d6-49e9-bc72-e23852f507ad/providers/Microsoft.Authorization/policyDefinitions/psBackcompat-PolicyAssignmentCRUD04\",\"type\":\"Microsoft.Authorization/policyDefinitions\",\"name\":\"psBackcompat-PolicyAssignmentCRUD04\",\"systemData\":{\"createdBy\":\"cstack@ntdev.microsoft.com\",\"createdByType\":\"User\",\"createdAt\":\"2024-04-02T21:40:41.0772134Z\",\"lastModifiedBy\":\"cstack@ntdev.microsoft.com\",\"lastModifiedByType\":\"User\",\"lastModifiedAt\":\"2024-04-02T21:40:41.0772134Z\"}}",
      "isContentBase64": false
    }
  }
}