{
  "Backcompat-SetPolicyAssignmentParameters+[NoContext]+parameter combinations starting with -Name+$GET+https://management.azure.com//subscriptions/edb2c18a-04d6-49e9-bc72-e23852f507ad/providers/Microsoft.Authorization/policyAssignments/someName?api-version=2023-04-01+1": {
    "Request": {
      "Method": "GET",
      "RequestUri": "https://management.azure.com//subscriptions/edb2c18a-04d6-49e9-bc72-e23852f507ad/providers/Microsoft.Authorization/policyAssignments/someName?api-version=2023-04-01",
      "Content": null,
      "isContentBase64": false,
      "Headers": {
        "x-ms-unique-id": [ "881" ],
        "x-ms-client-request-id": [ "e4fb802b-fdf4-4e7d-930c-5a955e64f8ad" ],
        "CommandName": [ "\u0026" ],
        "FullCommandName": [ "Get-AzPolicyAssignment_Get1" ],
        "ParameterSetName": [ "__AllParameterSets" ],
        "User-Agent": [ "AzurePowershell/v11.0.0", "PSVersion/v7.4.2", "Az.Policy/0.1.1" ],
        "Authorization": [ "[Filtered]" ]
      },
      "ContentHeaders": {
      }
    },
    "Response": {
      "StatusCode": 404,
      "Headers": {
        "Cache-Control": [ "no-store, no-cache" ],
        "Pragma": [ "no-cache" ],
        "x-ms-throttling-version": [ "v1" ],
        "x-ms-ratelimit-remaining-subscription-reads": [ "11995" ],
        "x-ms-request-id": [ "1788d34a-8c5f-4631-8829-8c34be4a3ec8" ],
        "x-ms-correlation-request-id": [ "1788d34a-8c5f-4631-8829-8c34be4a3ec8" ],
        "x-ms-routing-request-id": [ "WESTUS2:20240427T014638Z:1788d34a-8c5f-4631-8829-8c34be4a3ec8" ],
        "Strict-Transport-Security": [ "max-age=31536000; includeSubDomains" ],
        "X-Content-Type-Options": [ "nosniff" ],
        "X-Cache": [ "CONFIG_NOCACHE" ],
        "X-MSEdge-Ref": [ "Ref A: 010EDA6184674AD492C847F81E5F80EA Ref B: CO6AA3150219023 Ref C: 2024-04-27T01:46:38Z" ],
        "Date": [ "Sat, 27 Apr 2024 01:46:37 GMT" ]
      },
      "ContentHeaders": {
        "Content-Length": [ "104" ],
        "Content-Type": [ "application/json" ],
        "Expires": [ "-1" ]
      },
      "Content": "{\"error\":{\"code\":\"PolicyAssignmentNotFound\",\"message\":\"The policy assignment \u0027someName\u0027 is not found.\"}}",
      "isContentBase64": false
    }
  },
  "Backcompat-SetPolicyAssignmentParameters+[NoContext]+parameter combinations starting with -Name+$GET+https://management.azure.com//subscriptions/edb2c18a-04d6-49e9-bc72-e23852f507ad/providers/Microsoft.Authorization/policyAssignments/someName?api-version=2023-04-01+2": {
    "Request": {
      "Method": "GET",
      "RequestUri": "https://management.azure.com//subscriptions/edb2c18a-04d6-49e9-bc72-e23852f507ad/providers/Microsoft.Authorization/policyAssignments/someName?api-version=2023-04-01",
      "Content": null,
      "isContentBase64": false,
      "Headers": {
        "x-ms-unique-id": [ "882" ],
        "x-ms-client-request-id": [ "0c93d369-d03b-4bde-84ef-acbcf0bebb64" ],
        "CommandName": [ "\u0026" ],
        "FullCommandName": [ "Get-AzPolicyAssignment_Get1" ],
        "ParameterSetName": [ "__AllParameterSets" ],
        "User-Agent": [ "AzurePowershell/v11.0.0", "PSVersion/v7.4.2", "Az.Policy/0.1.1" ],
        "Authorization": [ "[Filtered]" ]
      },
      "ContentHeaders": {
      }
    },
    "Response": {
      "StatusCode": 404,
      "Headers": {
        "Cache-Control": [ "no-store, no-cache" ],
        "Pragma": [ "no-cache" ],
        "x-ms-throttling-version": [ "v1" ],
        "x-ms-ratelimit-remaining-subscription-reads": [ "11996" ],
        "x-ms-request-id": [ "120c4571-9b4a-41b4-a29e-ddfb3a799102" ],
        "x-ms-correlation-request-id": [ "120c4571-9b4a-41b4-a29e-ddfb3a799102" ],
        "x-ms-routing-request-id": [ "WESTUS2:20240427T014638Z:120c4571-9b4a-41b4-a29e-ddfb3a799102" ],
        "Strict-Transport-Security": [ "max-age=31536000; includeSubDomains" ],
        "X-Content-Type-Options": [ "nosniff" ],
        "X-Cache": [ "CONFIG_NOCACHE" ],
        "X-MSEdge-Ref": [ "Ref A: 6510ECFF8ED34A2A92DC280899B73BF5 Ref B: CO6AA3150219023 Ref C: 2024-04-27T01:46:38Z" ],
        "Date": [ "Sat, 27 Apr 2024 01:46:37 GMT" ]
      },
      "ContentHeaders": {
        "Content-Length": [ "104" ],
        "Content-Type": [ "application/json" ],
        "Expires": [ "-1" ]
      },
      "Content": "{\"error\":{\"code\":\"PolicyAssignmentNotFound\",\"message\":\"The policy assignment \u0027someName\u0027 is not found.\"}}",
      "isContentBase64": false
    }
  },
  "Backcompat-SetPolicyAssignmentParameters+[NoContext]+parameter combinations starting with -Name+$GET+https://management.azure.com//subscriptions/edb2c18a-04d6-49e9-bc72-e23852f507ad/providers/Microsoft.Authorization/policyAssignments/someName?api-version=2023-04-01+3": {
    "Request": {
      "Method": "GET",
      "RequestUri": "https://management.azure.com//subscriptions/edb2c18a-04d6-49e9-bc72-e23852f507ad/providers/Microsoft.Authorization/policyAssignments/someName?api-version=2023-04-01",
      "Content": null,
      "isContentBase64": false,
      "Headers": {
        "x-ms-unique-id": [ "883" ],
        "x-ms-client-request-id": [ "3bdf7216-c211-424c-a77a-d0f49f23cedc" ],
        "CommandName": [ "\u0026" ],
        "FullCommandName": [ "Get-AzPolicyAssignment_Get1" ],
        "ParameterSetName": [ "__AllParameterSets" ],
        "User-Agent": [ "AzurePowershell/v11.0.0", "PSVersion/v7.4.2", "Az.Policy/0.1.1" ],
        "Authorization": [ "[Filtered]" ]
      },
      "ContentHeaders": {
      }
    },
    "Response": {
      "StatusCode": 404,
      "Headers": {
        "Cache-Control": [ "no-store, no-cache" ],
        "Pragma": [ "no-cache" ],
        "x-ms-throttling-version": [ "v1" ],
        "x-ms-ratelimit-remaining-subscription-reads": [ "11993" ],
        "x-ms-request-id": [ "12730abe-7573-436f-830f-b5e063d162fb" ],
        "x-ms-correlation-request-id": [ "12730abe-7573-436f-830f-b5e063d162fb" ],
        "x-ms-routing-request-id": [ "WESTUS2:20240427T014638Z:12730abe-7573-436f-830f-b5e063d162fb" ],
        "Strict-Transport-Security": [ "max-age=31536000; includeSubDomains" ],
        "X-Content-Type-Options": [ "nosniff" ],
        "X-Cache": [ "CONFIG_NOCACHE" ],
        "X-MSEdge-Ref": [ "Ref A: 5A7DE7BBBA7F4A1ABDF594ACADC28DB9 Ref B: CO6AA3150219023 Ref C: 2024-04-27T01:46:38Z" ],
        "Date": [ "Sat, 27 Apr 2024 01:46:37 GMT" ]
      },
      "ContentHeaders": {
        "Content-Length": [ "104" ],
        "Content-Type": [ "application/json" ],
        "Expires": [ "-1" ]
      },
      "Content": "{\"error\":{\"code\":\"PolicyAssignmentNotFound\",\"message\":\"The policy assignment \u0027someName\u0027 is not found.\"}}",
      "isContentBase64": false
    }
  },
  "Backcompat-SetPolicyAssignmentParameters+[NoContext]+parameter combinations starting with -Name+$GET+https://management.azure.com//subscriptions/edb2c18a-04d6-49e9-bc72-e23852f507ad/providers/Microsoft.Authorization/policyAssignments/someName?api-version=2023-04-01+4": {
    "Request": {
      "Method": "GET",
      "RequestUri": "https://management.azure.com//subscriptions/edb2c18a-04d6-49e9-bc72-e23852f507ad/providers/Microsoft.Authorization/policyAssignments/someName?api-version=2023-04-01",
      "Content": null,
      "isContentBase64": false,
      "Headers": {
        "x-ms-unique-id": [ "884" ],
        "x-ms-client-request-id": [ "2e799370-5a0f-4402-a123-a9c9b1f16349" ],
        "CommandName": [ "\u0026" ],
        "FullCommandName": [ "Get-AzPolicyAssignment_Get1" ],
        "ParameterSetName": [ "__AllParameterSets" ],
        "User-Agent": [ "AzurePowershell/v11.0.0", "PSVersion/v7.4.2", "Az.Policy/0.1.1" ],
        "Authorization": [ "[Filtered]" ]
      },
      "ContentHeaders": {
      }
    },
    "Response": {
      "StatusCode": 404,
      "Headers": {
        "Cache-Control": [ "no-store, no-cache" ],
        "Pragma": [ "no-cache" ],
        "x-ms-throttling-version": [ "v1" ],
        "x-ms-ratelimit-remaining-subscription-reads": [ "11990" ],
        "x-ms-request-id": [ "8d8e73a3-300a-48cd-9b5f-2b3558e29511" ],
        "x-ms-correlation-request-id": [ "8d8e73a3-300a-48cd-9b5f-2b3558e29511" ],
        "x-ms-routing-request-id": [ "WESTUS2:20240427T014638Z:8d8e73a3-300a-48cd-9b5f-2b3558e29511" ],
        "Strict-Transport-Security": [ "max-age=31536000; includeSubDomains" ],
        "X-Content-Type-Options": [ "nosniff" ],
        "X-Cache": [ "CONFIG_NOCACHE" ],
        "X-MSEdge-Ref": [ "Ref A: 2FE63AB32CDC43E08348A2C550F13A63 Ref B: CO6AA3150219023 Ref C: 2024-04-27T01:46:38Z" ],
        "Date": [ "Sat, 27 Apr 2024 01:46:37 GMT" ]
      },
      "ContentHeaders": {
        "Content-Length": [ "104" ],
        "Content-Type": [ "application/json" ],
        "Expires": [ "-1" ]
      },
      "Content": "{\"error\":{\"code\":\"PolicyAssignmentNotFound\",\"message\":\"The policy assignment \u0027someName\u0027 is not found.\"}}",
      "isContentBase64": false
    }
  },
  "Backcompat-SetPolicyAssignmentParameters+[NoContext]+parameter combinations starting with -Name+$GET+https://management.azure.com//subscriptions/edb2c18a-04d6-49e9-bc72-e23852f507ad/providers/Microsoft.Authorization/policyAssignments/someName?api-version=2023-04-01+5": {
    "Request": {
      "Method": "GET",
      "RequestUri": "https://management.azure.com//subscriptions/edb2c18a-04d6-49e9-bc72-e23852f507ad/providers/Microsoft.Authorization/policyAssignments/someName?api-version=2023-04-01",
      "Content": null,
      "isContentBase64": false,
      "Headers": {
        "x-ms-unique-id": [ "885" ],
        "x-ms-client-request-id": [ "3db3bf8e-8707-4284-9382-82e9af3120ed" ],
        "CommandName": [ "\u0026" ],
        "FullCommandName": [ "Get-AzPolicyAssignment_Get1" ],
        "ParameterSetName": [ "__AllParameterSets" ],
        "User-Agent": [ "AzurePowershell/v11.0.0", "PSVersion/v7.4.2", "Az.Policy/0.1.1" ],
        "Authorization": [ "[Filtered]" ]
      },
      "ContentHeaders": {
      }
    },
    "Response": {
      "StatusCode": 404,
      "Headers": {
        "Cache-Control": [ "no-store, no-cache" ],
        "Pragma": [ "no-cache" ],
        "x-ms-throttling-version": [ "v1" ],
        "x-ms-ratelimit-remaining-subscription-reads": [ "11994" ],
        "x-ms-request-id": [ "f540b0ad-dc51-4b3c-a00a-4de4ceb54fe5" ],
        "x-ms-correlation-request-id": [ "f540b0ad-dc51-4b3c-a00a-4de4ceb54fe5" ],
        "x-ms-routing-request-id": [ "WESTUS2:20240427T014638Z:f540b0ad-dc51-4b3c-a00a-4de4ceb54fe5" ],
        "Strict-Transport-Security": [ "max-age=31536000; includeSubDomains" ],
        "X-Content-Type-Options": [ "nosniff" ],
        "X-Cache": [ "CONFIG_NOCACHE" ],
        "X-MSEdge-Ref": [ "Ref A: C703569E10754A3F8053E25D647DB810 Ref B: CO6AA3150219023 Ref C: 2024-04-27T01:46:38Z" ],
        "Date": [ "Sat, 27 Apr 2024 01:46:37 GMT" ]
      },
      "ContentHeaders": {
        "Content-Length": [ "104" ],
        "Content-Type": [ "application/json" ],
        "Expires": [ "-1" ]
      },
      "Content": "{\"error\":{\"code\":\"PolicyAssignmentNotFound\",\"message\":\"The policy assignment \u0027someName\u0027 is not found.\"}}",
      "isContentBase64": false
    }
  },
  "Backcompat-SetPolicyAssignmentParameters+[NoContext]+parameter combinations starting with -Name+$GET+https://management.azure.com//subscriptions/edb2c18a-04d6-49e9-bc72-e23852f507ad/providers/Microsoft.Authorization/policyAssignments/someName?api-version=2023-04-01+6": {
    "Request": {
      "Method": "GET",
      "RequestUri": "https://management.azure.com//subscriptions/edb2c18a-04d6-49e9-bc72-e23852f507ad/providers/Microsoft.Authorization/policyAssignments/someName?api-version=2023-04-01",
      "Content": null,
      "isContentBase64": false,
      "Headers": {
        "x-ms-unique-id": [ "886" ],
        "x-ms-client-request-id": [ "1854242c-f723-465b-bbd3-aa156ab29e67" ],
        "CommandName": [ "\u0026" ],
        "FullCommandName": [ "Get-AzPolicyAssignment_Get1" ],
        "ParameterSetName": [ "__AllParameterSets" ],
        "User-Agent": [ "AzurePowershell/v11.0.0", "PSVersion/v7.4.2", "Az.Policy/0.1.1" ],
        "Authorization": [ "[Filtered]" ]
      },
      "ContentHeaders": {
      }
    },
    "Response": {
      "StatusCode": 404,
      "Headers": {
        "Cache-Control": [ "no-store, no-cache" ],
        "Pragma": [ "no-cache" ],
        "x-ms-throttling-version": [ "v1" ],
        "x-ms-ratelimit-remaining-subscription-reads": [ "11995" ],
        "x-ms-request-id": [ "27019a83-34fa-4d68-8dee-bd1de762ccc9" ],
        "x-ms-correlation-request-id": [ "27019a83-34fa-4d68-8dee-bd1de762ccc9" ],
        "x-ms-routing-request-id": [ "WESTUS2:20240427T014638Z:27019a83-34fa-4d68-8dee-bd1de762ccc9" ],
        "Strict-Transport-Security": [ "max-age=31536000; includeSubDomains" ],
        "X-Content-Type-Options": [ "nosniff" ],
        "X-Cache": [ "CONFIG_NOCACHE" ],
        "X-MSEdge-Ref": [ "Ref A: C275715D9A50472F8B0474364F044CE2 Ref B: CO6AA3150219023 Ref C: 2024-04-27T01:46:38Z" ],
        "Date": [ "Sat, 27 Apr 2024 01:46:37 GMT" ]
      },
      "ContentHeaders": {
        "Content-Length": [ "104" ],
        "Content-Type": [ "application/json" ],
        "Expires": [ "-1" ]
      },
      "Content": "{\"error\":{\"code\":\"PolicyAssignmentNotFound\",\"message\":\"The policy assignment \u0027someName\u0027 is not found.\"}}",
      "isContentBase64": false
    }
  },
  "Backcompat-SetPolicyAssignmentParameters+[NoContext]+parameter combinations starting with -Name+$GET+https://management.azure.com//subscriptions/edb2c18a-04d6-49e9-bc72-e23852f507ad/providers/Microsoft.Authorization/policyAssignments/someName?api-version=2023-04-01+7": {
    "Request": {
      "Method": "GET",
      "RequestUri": "https://management.azure.com//subscriptions/edb2c18a-04d6-49e9-bc72-e23852f507ad/providers/Microsoft.Authorization/policyAssignments/someName?api-version=2023-04-01",
      "Content": null,
      "isContentBase64": false,
      "Headers": {
        "x-ms-unique-id": [ "887" ],
        "x-ms-client-request-id": [ "3577db14-b053-4d66-9ba3-b14fffed3f5c" ],
        "CommandName": [ "\u0026" ],
        "FullCommandName": [ "Get-AzPolicyAssignment_Get1" ],
        "ParameterSetName": [ "__AllParameterSets" ],
        "User-Agent": [ "AzurePowershell/v11.0.0", "PSVersion/v7.4.2", "Az.Policy/0.1.1" ],
        "Authorization": [ "[Filtered]" ]
      },
      "ContentHeaders": {
      }
    },
    "Response": {
      "StatusCode": 404,
      "Headers": {
        "Cache-Control": [ "no-store, no-cache" ],
        "Pragma": [ "no-cache" ],
        "x-ms-throttling-version": [ "v1" ],
        "x-ms-ratelimit-remaining-subscription-reads": [ "11991" ],
        "x-ms-request-id": [ "204298ea-2004-402e-b082-27cd6eb21028" ],
        "x-ms-correlation-request-id": [ "204298ea-2004-402e-b082-27cd6eb21028" ],
        "x-ms-routing-request-id": [ "WESTUS2:20240427T014638Z:204298ea-2004-402e-b082-27cd6eb21028" ],
        "Strict-Transport-Security": [ "max-age=31536000; includeSubDomains" ],
        "X-Content-Type-Options": [ "nosniff" ],
        "X-Cache": [ "CONFIG_NOCACHE" ],
        "X-MSEdge-Ref": [ "Ref A: 3AE09D7EEE064B09A3C80A987C84A9E0 Ref B: CO6AA3150219023 Ref C: 2024-04-27T01:46:38Z" ],
        "Date": [ "Sat, 27 Apr 2024 01:46:37 GMT" ]
      },
      "ContentHeaders": {
        "Content-Length": [ "104" ],
        "Content-Type": [ "application/json" ],
        "Expires": [ "-1" ]
      },
      "Content": "{\"error\":{\"code\":\"PolicyAssignmentNotFound\",\"message\":\"The policy assignment \u0027someName\u0027 is not found.\"}}",
      "isContentBase64": false
    }
  },
  "Backcompat-SetPolicyAssignmentParameters+[NoContext]+parameter combinations starting with -Name+$GET+https://management.azure.com//subscriptions/edb2c18a-04d6-49e9-bc72-e23852f507ad/providers/Microsoft.Authorization/policyAssignments/someName?api-version=2023-04-01+8": {
    "Request": {
      "Method": "GET",
      "RequestUri": "https://management.azure.com//subscriptions/edb2c18a-04d6-49e9-bc72-e23852f507ad/providers/Microsoft.Authorization/policyAssignments/someName?api-version=2023-04-01",
      "Content": null,
      "isContentBase64": false,
      "Headers": {
        "x-ms-unique-id": [ "888" ],
        "x-ms-client-request-id": [ "8c9ab861-4dd1-476b-842b-37c081be4432" ],
        "CommandName": [ "\u0026" ],
        "FullCommandName": [ "Get-AzPolicyAssignment_Get1" ],
        "ParameterSetName": [ "__AllParameterSets" ],
        "User-Agent": [ "AzurePowershell/v11.0.0", "PSVersion/v7.4.2", "Az.Policy/0.1.1" ],
        "Authorization": [ "[Filtered]" ]
      },
      "ContentHeaders": {
      }
    },
    "Response": {
      "StatusCode": 404,
      "Headers": {
        "Cache-Control": [ "no-store, no-cache" ],
        "Pragma": [ "no-cache" ],
        "x-ms-throttling-version": [ "v1" ],
        "x-ms-ratelimit-remaining-subscription-reads": [ "11994" ],
        "x-ms-request-id": [ "8e026387-be0f-4d30-8eac-f6febb6ed203" ],
        "x-ms-correlation-request-id": [ "8e026387-be0f-4d30-8eac-f6febb6ed203" ],
        "x-ms-routing-request-id": [ "WESTUS2:20240427T014638Z:8e026387-be0f-4d30-8eac-f6febb6ed203" ],
        "Strict-Transport-Security": [ "max-age=31536000; includeSubDomains" ],
        "X-Content-Type-Options": [ "nosniff" ],
        "X-Cache": [ "CONFIG_NOCACHE" ],
        "X-MSEdge-Ref": [ "Ref A: 6B8121AB4B5644DA82760FF3DEC732B4 Ref B: CO6AA3150219023 Ref C: 2024-04-27T01:46:38Z" ],
        "Date": [ "Sat, 27 Apr 2024 01:46:38 GMT" ]
      },
      "ContentHeaders": {
        "Content-Length": [ "104" ],
        "Content-Type": [ "application/json" ],
        "Expires": [ "-1" ]
      },
      "Content": "{\"error\":{\"code\":\"PolicyAssignmentNotFound\",\"message\":\"The policy assignment \u0027someName\u0027 is not found.\"}}",
      "isContentBase64": false
    }
  },
  "Backcompat-SetPolicyAssignmentParameters+[NoContext]+parameter combinations starting with -Name+$GET+https://management.azure.com//subscriptions/edb2c18a-04d6-49e9-bc72-e23852f507ad/providers/Microsoft.Authorization/policyAssignments/someName?api-version=2023-04-01+9": {
    "Request": {
      "Method": "GET",
      "RequestUri": "https://management.azure.com//subscriptions/edb2c18a-04d6-49e9-bc72-e23852f507ad/providers/Microsoft.Authorization/policyAssignments/someName?api-version=2023-04-01",
      "Content": null,
      "isContentBase64": false,
      "Headers": {
        "x-ms-unique-id": [ "889" ],
        "x-ms-client-request-id": [ "58dac8c4-b394-4248-ac18-248932e95092" ],
        "CommandName": [ "\u0026" ],
        "FullCommandName": [ "Get-AzPolicyAssignment_Get1" ],
        "ParameterSetName": [ "__AllParameterSets" ],
        "User-Agent": [ "AzurePowershell/v11.0.0", "PSVersion/v7.4.2", "Az.Policy/0.1.1" ],
        "Authorization": [ "[Filtered]" ]
      },
      "ContentHeaders": {
      }
    },
    "Response": {
      "StatusCode": 404,
      "Headers": {
        "Cache-Control": [ "no-store, no-cache" ],
        "Pragma": [ "no-cache" ],
        "x-ms-throttling-version": [ "v1" ],
        "x-ms-ratelimit-remaining-subscription-reads": [ "11990" ],
        "x-ms-request-id": [ "bdbd44ee-22a0-4622-ab84-eb8cd679798e" ],
        "x-ms-correlation-request-id": [ "bdbd44ee-22a0-4622-ab84-eb8cd679798e" ],
        "x-ms-routing-request-id": [ "WESTUS2:20240427T014638Z:bdbd44ee-22a0-4622-ab84-eb8cd679798e" ],
        "Strict-Transport-Security": [ "max-age=31536000; includeSubDomains" ],
        "X-Content-Type-Options": [ "nosniff" ],
        "X-Cache": [ "CONFIG_NOCACHE" ],
        "X-MSEdge-Ref": [ "Ref A: 88441B71F05B4DFEA55266DA9521D98E Ref B: CO6AA3150219023 Ref C: 2024-04-27T01:46:38Z" ],
        "Date": [ "Sat, 27 Apr 2024 01:46:38 GMT" ]
      },
      "ContentHeaders": {
        "Content-Length": [ "104" ],
        "Content-Type": [ "application/json" ],
        "Expires": [ "-1" ]
      },
      "Content": "{\"error\":{\"code\":\"PolicyAssignmentNotFound\",\"message\":\"The policy assignment \u0027someName\u0027 is not found.\"}}",
      "isContentBase64": false
    }
  },
  "Backcompat-SetPolicyAssignmentParameters+[NoContext]+parameter combinations starting with -Name+$GET+https://management.azure.com//subscriptions/edb2c18a-04d6-49e9-bc72-e23852f507ad/providers/Microsoft.Authorization/policyAssignments/someName?api-version=2023-04-01+10": {
    "Request": {
      "Method": "GET",
      "RequestUri": "https://management.azure.com//subscriptions/edb2c18a-04d6-49e9-bc72-e23852f507ad/providers/Microsoft.Authorization/policyAssignments/someName?api-version=2023-04-01",
      "Content": null,
      "isContentBase64": false,
      "Headers": {
        "x-ms-unique-id": [ "890" ],
        "x-ms-client-request-id": [ "464a3dde-80c9-4da5-8b54-bd90e9d4cf22" ],
        "CommandName": [ "\u0026" ],
        "FullCommandName": [ "Get-AzPolicyAssignment_Get1" ],
        "ParameterSetName": [ "__AllParameterSets" ],
        "User-Agent": [ "AzurePowershell/v11.0.0", "PSVersion/v7.4.2", "Az.Policy/0.1.1" ],
        "Authorization": [ "[Filtered]" ]
      },
      "ContentHeaders": {
      }
    },
    "Response": {
      "StatusCode": 404,
      "Headers": {
        "Cache-Control": [ "no-store, no-cache" ],
        "Pragma": [ "no-cache" ],
        "x-ms-throttling-version": [ "v1" ],
        "x-ms-ratelimit-remaining-subscription-reads": [ "11998" ],
        "x-ms-request-id": [ "d76626ed-c025-4e41-b311-f969f2fe00a4" ],
        "x-ms-correlation-request-id": [ "d76626ed-c025-4e41-b311-f969f2fe00a4" ],
        "x-ms-routing-request-id": [ "WESTUS2:20240427T014638Z:d76626ed-c025-4e41-b311-f969f2fe00a4" ],
        "Strict-Transport-Security": [ "max-age=31536000; includeSubDomains" ],
        "X-Content-Type-Options": [ "nosniff" ],
        "X-Cache": [ "CONFIG_NOCACHE" ],
        "X-MSEdge-Ref": [ "Ref A: 178DE3EA00E84D59BB4A61A9BB0F3C33 Ref B: CO6AA3150219023 Ref C: 2024-04-27T01:46:38Z" ],
        "Date": [ "Sat, 27 Apr 2024 01:46:38 GMT" ]
      },
      "ContentHeaders": {
        "Content-Length": [ "104" ],
        "Content-Type": [ "application/json" ],
        "Expires": [ "-1" ]
      },
      "Content": "{\"error\":{\"code\":\"PolicyAssignmentNotFound\",\"message\":\"The policy assignment \u0027someName\u0027 is not found.\"}}",
      "isContentBase64": false
    }
  },
  "Backcompat-SetPolicyAssignmentParameters+[NoContext]+parameter combinations starting with -Name+$GET+https://management.azure.com//subscriptions/edb2c18a-04d6-49e9-bc72-e23852f507ad/providers/Microsoft.Authorization/policyAssignments/someName?api-version=2023-04-01+11": {
    "Request": {
      "Method": "GET",
      "RequestUri": "https://management.azure.com//subscriptions/edb2c18a-04d6-49e9-bc72-e23852f507ad/providers/Microsoft.Authorization/policyAssignments/someName?api-version=2023-04-01",
      "Content": null,
      "isContentBase64": false,
      "Headers": {
        "x-ms-unique-id": [ "891" ],
        "x-ms-client-request-id": [ "3f3c4b31-c5ff-428b-be1a-6461745b08f4" ],
        "CommandName": [ "\u0026" ],
        "FullCommandName": [ "Get-AzPolicyAssignment_Get1" ],
        "ParameterSetName": [ "__AllParameterSets" ],
        "User-Agent": [ "AzurePowershell/v11.0.0", "PSVersion/v7.4.2", "Az.Policy/0.1.1" ],
        "Authorization": [ "[Filtered]" ]
      },
      "ContentHeaders": {
      }
    },
    "Response": {
      "StatusCode": 404,
      "Headers": {
        "Cache-Control": [ "no-store, no-cache" ],
        "Pragma": [ "no-cache" ],
        "x-ms-throttling-version": [ "v1" ],
        "x-ms-ratelimit-remaining-subscription-reads": [ "11993" ],
        "x-ms-request-id": [ "bf053a94-757c-4fe9-843d-594d8f42c4b9" ],
        "x-ms-correlation-request-id": [ "bf053a94-757c-4fe9-843d-594d8f42c4b9" ],
        "x-ms-routing-request-id": [ "WESTUS2:20240427T014638Z:bf053a94-757c-4fe9-843d-594d8f42c4b9" ],
        "Strict-Transport-Security": [ "max-age=31536000; includeSubDomains" ],
        "X-Content-Type-Options": [ "nosniff" ],
        "X-Cache": [ "CONFIG_NOCACHE" ],
        "X-MSEdge-Ref": [ "Ref A: CA16BFA58BF54E09ADAB5EF314D8A7E6 Ref B: CO6AA3150219023 Ref C: 2024-04-27T01:46:38Z" ],
        "Date": [ "Sat, 27 Apr 2024 01:46:38 GMT" ]
      },
      "ContentHeaders": {
        "Content-Length": [ "104" ],
        "Content-Type": [ "application/json" ],
        "Expires": [ "-1" ]
      },
      "Content": "{\"error\":{\"code\":\"PolicyAssignmentNotFound\",\"message\":\"The policy assignment \u0027someName\u0027 is not found.\"}}",
      "isContentBase64": false
    }
  },
  "Backcompat-SetPolicyAssignmentParameters+[NoContext]+parameter combinations starting with -Name+$GET+https://management.azure.com/someScope/providers/Microsoft.Authorization/policyAssignments/someName?api-version=2023-04-01+12": {
    "Request": {
      "Method": "GET",
      "RequestUri": "https://management.azure.com/someScope/providers/Microsoft.Authorization/policyAssignments/someName?api-version=2023-04-01",
      "Content": null,
      "isContentBase64": false,
      "Headers": {
        "x-ms-unique-id": [ "892" ],
        "x-ms-client-request-id": [ "2d64ade7-de99-4a60-860e-77878d9bcfe4" ],
        "CommandName": [ "\u0026" ],
        "FullCommandName": [ "Get-AzPolicyAssignment_Get1" ],
        "ParameterSetName": [ "__AllParameterSets" ],
        "User-Agent": [ "AzurePowershell/v11.0.0", "PSVersion/v7.4.2", "Az.Policy/0.1.1" ],
        "Authorization": [ "[Filtered]" ]
      },
      "ContentHeaders": {
      }
    },
    "Response": {
      "StatusCode": 404,
      "Headers": {
        "Cache-Control": [ "no-cache" ],
        "Pragma": [ "no-cache" ],
        "x-ms-failure-cause": [ "gateway" ],
        "x-ms-request-id": [ "9fc69164-03c2-41ef-bfbe-bac9d11ed007" ],
        "x-ms-correlation-request-id": [ "9fc69164-03c2-41ef-bfbe-bac9d11ed007" ],
        "x-ms-routing-request-id": [ "WESTUS2:20240427T014638Z:9fc69164-03c2-41ef-bfbe-bac9d11ed007" ],
        "Strict-Transport-Security": [ "max-age=31536000; includeSubDomains" ],
        "X-Content-Type-Options": [ "nosniff" ],
        "X-Cache": [ "CONFIG_NOCACHE" ],
        "X-MSEdge-Ref": [ "Ref A: BF8FD6DEB0B4490C830BBF83BA27A8F4 Ref B: CO6AA3150219023 Ref C: 2024-04-27T01:46:38Z" ],
        "Date": [ "Sat, 27 Apr 2024 01:46:38 GMT" ]
      },
      "ContentHeaders": {
        "Content-Length": [ "135" ],
        "Content-Type": [ "application/json; charset=utf-8" ],
        "Expires": [ "-1" ]
      },
      "Content": "{\"error\":{\"code\":\"MissingSubscription\",\"message\":\"The request did not have a subscription or a valid tenant level resource provider.\"}}",
      "isContentBase64": false
    }
  },
  "Backcompat-SetPolicyAssignmentParameters+[NoContext]+parameter combinations starting with -Name+$GET+https://management.azure.com/someScope/providers/Microsoft.Authorization/policyAssignments/someName?api-version=2023-04-01+13": {
    "Request": {
      "Method": "GET",
      "RequestUri": "https://management.azure.com/someScope/providers/Microsoft.Authorization/policyAssignments/someName?api-version=2023-04-01",
      "Content": null,
      "isContentBase64": false,
      "Headers": {
        "x-ms-unique-id": [ "893" ],
        "x-ms-client-request-id": [ "97ffec96-02af-41d6-8f72-2a2bd47bcd37" ],
        "CommandName": [ "\u0026" ],
        "FullCommandName": [ "Get-AzPolicyAssignment_Get1" ],
        "ParameterSetName": [ "__AllParameterSets" ],
        "User-Agent": [ "AzurePowershell/v11.0.0", "PSVersion/v7.4.2", "Az.Policy/0.1.1" ],
        "Authorization": [ "[Filtered]" ]
      },
      "ContentHeaders": {
      }
    },
    "Response": {
      "StatusCode": 404,
      "Headers": {
        "Cache-Control": [ "no-cache" ],
        "Pragma": [ "no-cache" ],
        "x-ms-failure-cause": [ "gateway" ],
        "x-ms-request-id": [ "e26d9864-eb76-4079-a80f-17caafccf32f" ],
        "x-ms-correlation-request-id": [ "e26d9864-eb76-4079-a80f-17caafccf32f" ],
        "x-ms-routing-request-id": [ "WESTUS2:20240427T014638Z:e26d9864-eb76-4079-a80f-17caafccf32f" ],
        "Strict-Transport-Security": [ "max-age=31536000; includeSubDomains" ],
        "X-Content-Type-Options": [ "nosniff" ],
        "X-Cache": [ "CONFIG_NOCACHE" ],
        "X-MSEdge-Ref": [ "Ref A: F3A0D153049F467E800C5B1461758495 Ref B: CO6AA3150219023 Ref C: 2024-04-27T01:46:38Z" ],
        "Date": [ "Sat, 27 Apr 2024 01:46:38 GMT" ]
      },
      "ContentHeaders": {
        "Content-Length": [ "135" ],
        "Content-Type": [ "application/json; charset=utf-8" ],
        "Expires": [ "-1" ]
      },
      "Content": "{\"error\":{\"code\":\"MissingSubscription\",\"message\":\"The request did not have a subscription or a valid tenant level resource provider.\"}}",
      "isContentBase64": false
    }
  },
  "Backcompat-SetPolicyAssignmentParameters+[NoContext]+parameter combinations starting with -Name+$GET+https://management.azure.com/someScope/providers/Microsoft.Authorization/policyAssignments/someName?api-version=2023-04-01+14": {
    "Request": {
      "Method": "GET",
      "RequestUri": "https://management.azure.com/someScope/providers/Microsoft.Authorization/policyAssignments/someName?api-version=2023-04-01",
      "Content": null,
      "isContentBase64": false,
      "Headers": {
        "x-ms-unique-id": [ "894" ],
        "x-ms-client-request-id": [ "42414b00-1f32-48ff-b5db-767d7f0c8341" ],
        "CommandName": [ "\u0026" ],
        "FullCommandName": [ "Get-AzPolicyAssignment_Get1" ],
        "ParameterSetName": [ "__AllParameterSets" ],
        "User-Agent": [ "AzurePowershell/v11.0.0", "PSVersion/v7.4.2", "Az.Policy/0.1.1" ],
        "Authorization": [ "[Filtered]" ]
      },
      "ContentHeaders": {
      }
    },
    "Response": {
      "StatusCode": 404,
      "Headers": {
        "Cache-Control": [ "no-cache" ],
        "Pragma": [ "no-cache" ],
        "x-ms-failure-cause": [ "gateway" ],
        "x-ms-request-id": [ "8d0c5342-9238-4717-902a-8c358808574c" ],
        "x-ms-correlation-request-id": [ "8d0c5342-9238-4717-902a-8c358808574c" ],
        "x-ms-routing-request-id": [ "WESTUS2:20240427T014639Z:8d0c5342-9238-4717-902a-8c358808574c" ],
        "Strict-Transport-Security": [ "max-age=31536000; includeSubDomains" ],
        "X-Content-Type-Options": [ "nosniff" ],
        "X-Cache": [ "CONFIG_NOCACHE" ],
        "X-MSEdge-Ref": [ "Ref A: C2A0B3C176274D73B1B9B94BA76521FB Ref B: CO6AA3150219023 Ref C: 2024-04-27T01:46:39Z" ],
        "Date": [ "Sat, 27 Apr 2024 01:46:38 GMT" ]
      },
      "ContentHeaders": {
        "Content-Length": [ "135" ],
        "Content-Type": [ "application/json; charset=utf-8" ],
        "Expires": [ "-1" ]
      },
      "Content": "{\"error\":{\"code\":\"MissingSubscription\",\"message\":\"The request did not have a subscription or a valid tenant level resource provider.\"}}",
      "isContentBase64": false
    }
  },
  "Backcompat-SetPolicyAssignmentParameters+[NoContext]+parameter combinations starting with -Name+$GET+https://management.azure.com/someScope/providers/Microsoft.Authorization/policyAssignments/someName?api-version=2023-04-01+15": {
    "Request": {
      "Method": "GET",
      "RequestUri": "https://management.azure.com/someScope/providers/Microsoft.Authorization/policyAssignments/someName?api-version=2023-04-01",
      "Content": null,
      "isContentBase64": false,
      "Headers": {
        "x-ms-unique-id": [ "895" ],
        "x-ms-client-request-id": [ "bd353acd-4276-4632-b692-23856da2887d" ],
        "CommandName": [ "\u0026" ],
        "FullCommandName": [ "Get-AzPolicyAssignment_Get1" ],
        "ParameterSetName": [ "__AllParameterSets" ],
        "User-Agent": [ "AzurePowershell/v11.0.0", "PSVersion/v7.4.2", "Az.Policy/0.1.1" ],
        "Authorization": [ "[Filtered]" ]
      },
      "ContentHeaders": {
      }
    },
    "Response": {
      "StatusCode": 404,
      "Headers": {
        "Cache-Control": [ "no-cache" ],
        "Pragma": [ "no-cache" ],
        "x-ms-failure-cause": [ "gateway" ],
        "x-ms-request-id": [ "ca181902-d361-4846-9ac2-5602d0671d23" ],
        "x-ms-correlation-request-id": [ "ca181902-d361-4846-9ac2-5602d0671d23" ],
        "x-ms-routing-request-id": [ "WESTUS2:20240427T014639Z:ca181902-d361-4846-9ac2-5602d0671d23" ],
        "Strict-Transport-Security": [ "max-age=31536000; includeSubDomains" ],
        "X-Content-Type-Options": [ "nosniff" ],
        "X-Cache": [ "CONFIG_NOCACHE" ],
        "X-MSEdge-Ref": [ "Ref A: 4E3BBE3605714593A668DA53573AF101 Ref B: CO6AA3150219023 Ref C: 2024-04-27T01:46:39Z" ],
        "Date": [ "Sat, 27 Apr 2024 01:46:38 GMT" ]
      },
      "ContentHeaders": {
        "Content-Length": [ "135" ],
        "Content-Type": [ "application/json; charset=utf-8" ],
        "Expires": [ "-1" ]
      },
      "Content": "{\"error\":{\"code\":\"MissingSubscription\",\"message\":\"The request did not have a subscription or a valid tenant level resource provider.\"}}",
      "isContentBase64": false
    }
  },
  "Backcompat-SetPolicyAssignmentParameters+[NoContext]+parameter combinations starting with -Name+$GET+https://management.azure.com/someScope/providers/Microsoft.Authorization/policyAssignments/someName?api-version=2023-04-01+16": {
    "Request": {
      "Method": "GET",
      "RequestUri": "https://management.azure.com/someScope/providers/Microsoft.Authorization/policyAssignments/someName?api-version=2023-04-01",
      "Content": null,
      "isContentBase64": false,
      "Headers": {
        "x-ms-unique-id": [ "896" ],
        "x-ms-client-request-id": [ "8a9d4575-7dc8-488a-93b9-85b3470bf046" ],
        "CommandName": [ "\u0026" ],
        "FullCommandName": [ "Get-AzPolicyAssignment_Get1" ],
        "ParameterSetName": [ "__AllParameterSets" ],
        "User-Agent": [ "AzurePowershell/v11.0.0", "PSVersion/v7.4.2", "Az.Policy/0.1.1" ],
        "Authorization": [ "[Filtered]" ]
      },
      "ContentHeaders": {
      }
    },
    "Response": {
      "StatusCode": 404,
      "Headers": {
        "Cache-Control": [ "no-cache" ],
        "Pragma": [ "no-cache" ],
        "x-ms-failure-cause": [ "gateway" ],
        "x-ms-request-id": [ "267dbdad-9ef9-462b-bf70-68a343011eed" ],
        "x-ms-correlation-request-id": [ "267dbdad-9ef9-462b-bf70-68a343011eed" ],
        "x-ms-routing-request-id": [ "WESTUS2:20240427T014639Z:267dbdad-9ef9-462b-bf70-68a343011eed" ],
        "Strict-Transport-Security": [ "max-age=31536000; includeSubDomains" ],
        "X-Content-Type-Options": [ "nosniff" ],
        "X-Cache": [ "CONFIG_NOCACHE" ],
        "X-MSEdge-Ref": [ "Ref A: C187C07C19B249C3B617526A08687065 Ref B: CO6AA3150219023 Ref C: 2024-04-27T01:46:39Z" ],
        "Date": [ "Sat, 27 Apr 2024 01:46:38 GMT" ]
      },
      "ContentHeaders": {
        "Content-Length": [ "135" ],
        "Content-Type": [ "application/json; charset=utf-8" ],
        "Expires": [ "-1" ]
      },
      "Content": "{\"error\":{\"code\":\"MissingSubscription\",\"message\":\"The request did not have a subscription or a valid tenant level resource provider.\"}}",
      "isContentBase64": false
    }
  },
  "Backcompat-SetPolicyAssignmentParameters+[NoContext]+parameter combinations starting with -Name+$GET+https://management.azure.com/someScope/providers/Microsoft.Authorization/policyAssignments/someName?api-version=2023-04-01+17": {
    "Request": {
      "Method": "GET",
      "RequestUri": "https://management.azure.com/someScope/providers/Microsoft.Authorization/policyAssignments/someName?api-version=2023-04-01",
      "Content": null,
      "isContentBase64": false,
      "Headers": {
        "x-ms-unique-id": [ "897" ],
        "x-ms-client-request-id": [ "accdfb3f-36c1-48bf-a177-9d92e85425e4" ],
        "CommandName": [ "\u0026" ],
        "FullCommandName": [ "Get-AzPolicyAssignment_Get1" ],
        "ParameterSetName": [ "__AllParameterSets" ],
        "User-Agent": [ "AzurePowershell/v11.0.0", "PSVersion/v7.4.2", "Az.Policy/0.1.1" ],
        "Authorization": [ "[Filtered]" ]
      },
      "ContentHeaders": {
      }
    },
    "Response": {
      "StatusCode": 404,
      "Headers": {
        "Cache-Control": [ "no-cache" ],
        "Pragma": [ "no-cache" ],
        "x-ms-failure-cause": [ "gateway" ],
        "x-ms-request-id": [ "79717165-95e6-4ff9-af0e-e60229dd1691" ],
        "x-ms-correlation-request-id": [ "79717165-95e6-4ff9-af0e-e60229dd1691" ],
        "x-ms-routing-request-id": [ "WESTUS2:20240427T014639Z:79717165-95e6-4ff9-af0e-e60229dd1691" ],
        "Strict-Transport-Security": [ "max-age=31536000; includeSubDomains" ],
        "X-Content-Type-Options": [ "nosniff" ],
        "X-Cache": [ "CONFIG_NOCACHE" ],
        "X-MSEdge-Ref": [ "Ref A: 2A0DF46D31514240BA78807ACDC1CC74 Ref B: CO6AA3150219023 Ref C: 2024-04-27T01:46:39Z" ],
        "Date": [ "Sat, 27 Apr 2024 01:46:38 GMT" ]
      },
      "ContentHeaders": {
        "Content-Length": [ "135" ],
        "Content-Type": [ "application/json; charset=utf-8" ],
        "Expires": [ "-1" ]
      },
      "Content": "{\"error\":{\"code\":\"MissingSubscription\",\"message\":\"The request did not have a subscription or a valid tenant level resource provider.\"}}",
      "isContentBase64": false
    }
  },
  "Backcompat-SetPolicyAssignmentParameters+[NoContext]+parameter combinations starting with -Name+$GET+https://management.azure.com/someScope/providers/Microsoft.Authorization/policyAssignments/someName?api-version=2023-04-01+18": {
    "Request": {
      "Method": "GET",
      "RequestUri": "https://management.azure.com/someScope/providers/Microsoft.Authorization/policyAssignments/someName?api-version=2023-04-01",
      "Content": null,
      "isContentBase64": false,
      "Headers": {
        "x-ms-unique-id": [ "898" ],
        "x-ms-client-request-id": [ "ca908ab8-e80d-40e8-8f92-67f5a3bc34e8" ],
        "CommandName": [ "\u0026" ],
        "FullCommandName": [ "Get-AzPolicyAssignment_Get1" ],
        "ParameterSetName": [ "__AllParameterSets" ],
        "User-Agent": [ "AzurePowershell/v11.0.0", "PSVersion/v7.4.2", "Az.Policy/0.1.1" ],
        "Authorization": [ "[Filtered]" ]
      },
      "ContentHeaders": {
      }
    },
    "Response": {
      "StatusCode": 404,
      "Headers": {
        "Cache-Control": [ "no-cache" ],
        "Pragma": [ "no-cache" ],
        "x-ms-failure-cause": [ "gateway" ],
        "x-ms-request-id": [ "1bcd1f48-3d52-47dd-9038-ed474b9d04c7" ],
        "x-ms-correlation-request-id": [ "1bcd1f48-3d52-47dd-9038-ed474b9d04c7" ],
        "x-ms-routing-request-id": [ "WESTUS2:20240427T014639Z:1bcd1f48-3d52-47dd-9038-ed474b9d04c7" ],
        "Strict-Transport-Security": [ "max-age=31536000; includeSubDomains" ],
        "X-Content-Type-Options": [ "nosniff" ],
        "X-Cache": [ "CONFIG_NOCACHE" ],
        "X-MSEdge-Ref": [ "Ref A: 20E3C3A429AB4E0EBB56CB43FDD47D2D Ref B: CO6AA3150219023 Ref C: 2024-04-27T01:46:39Z" ],
        "Date": [ "Sat, 27 Apr 2024 01:46:38 GMT" ]
      },
      "ContentHeaders": {
        "Content-Length": [ "135" ],
        "Content-Type": [ "application/json; charset=utf-8" ],
        "Expires": [ "-1" ]
      },
      "Content": "{\"error\":{\"code\":\"MissingSubscription\",\"message\":\"The request did not have a subscription or a valid tenant level resource provider.\"}}",
      "isContentBase64": false
    }
  },
  "Backcompat-SetPolicyAssignmentParameters+[NoContext]+parameter combinations starting with -Name+$GET+https://management.azure.com/someScope/providers/Microsoft.Authorization/policyAssignments/someName?api-version=2023-04-01+19": {
    "Request": {
      "Method": "GET",
      "RequestUri": "https://management.azure.com/someScope/providers/Microsoft.Authorization/policyAssignments/someName?api-version=2023-04-01",
      "Content": null,
      "isContentBase64": false,
      "Headers": {
        "x-ms-unique-id": [ "899" ],
        "x-ms-client-request-id": [ "2a0ab962-f80f-4590-81f0-223c4c1a9d2d" ],
        "CommandName": [ "\u0026" ],
        "FullCommandName": [ "Get-AzPolicyAssignment_Get1" ],
        "ParameterSetName": [ "__AllParameterSets" ],
        "User-Agent": [ "AzurePowershell/v11.0.0", "PSVersion/v7.4.2", "Az.Policy/0.1.1" ],
        "Authorization": [ "[Filtered]" ]
      },
      "ContentHeaders": {
      }
    },
    "Response": {
      "StatusCode": 404,
      "Headers": {
        "Cache-Control": [ "no-cache" ],
        "Pragma": [ "no-cache" ],
        "x-ms-failure-cause": [ "gateway" ],
        "x-ms-request-id": [ "015f5e60-e230-460d-af91-6e5eaa9de014" ],
        "x-ms-correlation-request-id": [ "015f5e60-e230-460d-af91-6e5eaa9de014" ],
        "x-ms-routing-request-id": [ "WESTUS2:20240427T014639Z:015f5e60-e230-460d-af91-6e5eaa9de014" ],
        "Strict-Transport-Security": [ "max-age=31536000; includeSubDomains" ],
        "X-Content-Type-Options": [ "nosniff" ],
        "X-Cache": [ "CONFIG_NOCACHE" ],
        "X-MSEdge-Ref": [ "Ref A: 4A9B2562E5D54CBF9492CA19D270E8EA Ref B: CO6AA3150219023 Ref C: 2024-04-27T01:46:39Z" ],
        "Date": [ "Sat, 27 Apr 2024 01:46:38 GMT" ]
      },
      "ContentHeaders": {
        "Content-Length": [ "135" ],
        "Content-Type": [ "application/json; charset=utf-8" ],
        "Expires": [ "-1" ]
      },
      "Content": "{\"error\":{\"code\":\"MissingSubscription\",\"message\":\"The request did not have a subscription or a valid tenant level resource provider.\"}}",
      "isContentBase64": false
    }
  },
  "Backcompat-SetPolicyAssignmentParameters+[NoContext]+parameter combinations starting with -Name+$GET+https://management.azure.com/someScope/providers/Microsoft.Authorization/policyAssignments/someName?api-version=2023-04-01+20": {
    "Request": {
      "Method": "GET",
      "RequestUri": "https://management.azure.com/someScope/providers/Microsoft.Authorization/policyAssignments/someName?api-version=2023-04-01",
      "Content": null,
      "isContentBase64": false,
      "Headers": {
        "x-ms-unique-id": [ "900" ],
        "x-ms-client-request-id": [ "10540e1f-45f2-46df-827b-43d4da04ca06" ],
        "CommandName": [ "\u0026" ],
        "FullCommandName": [ "Get-AzPolicyAssignment_Get1" ],
        "ParameterSetName": [ "__AllParameterSets" ],
        "User-Agent": [ "AzurePowershell/v11.0.0", "PSVersion/v7.4.2", "Az.Policy/0.1.1" ],
        "Authorization": [ "[Filtered]" ]
      },
      "ContentHeaders": {
      }
    },
    "Response": {
      "StatusCode": 404,
      "Headers": {
        "Cache-Control": [ "no-cache" ],
        "Pragma": [ "no-cache" ],
        "x-ms-failure-cause": [ "gateway" ],
        "x-ms-request-id": [ "6f369b1f-bc10-4e25-90a2-5721ccd83f36" ],
        "x-ms-correlation-request-id": [ "6f369b1f-bc10-4e25-90a2-5721ccd83f36" ],
        "x-ms-routing-request-id": [ "WESTUS2:20240427T014639Z:6f369b1f-bc10-4e25-90a2-5721ccd83f36" ],
        "Strict-Transport-Security": [ "max-age=31536000; includeSubDomains" ],
        "X-Content-Type-Options": [ "nosniff" ],
        "X-Cache": [ "CONFIG_NOCACHE" ],
        "X-MSEdge-Ref": [ "Ref A: 0F94DA1D83A340AA9E219260201B16D4 Ref B: CO6AA3150219023 Ref C: 2024-04-27T01:46:39Z" ],
        "Date": [ "Sat, 27 Apr 2024 01:46:38 GMT" ]
      },
      "ContentHeaders": {
        "Content-Length": [ "135" ],
        "Content-Type": [ "application/json; charset=utf-8" ],
        "Expires": [ "-1" ]
      },
      "Content": "{\"error\":{\"code\":\"MissingSubscription\",\"message\":\"The request did not have a subscription or a valid tenant level resource provider.\"}}",
      "isContentBase64": false
    }
  },
  "Backcompat-SetPolicyAssignmentParameters+[NoContext]+parameter combinations starting with -Name+$GET+https://management.azure.com/someScope/providers/Microsoft.Authorization/policyAssignments/someName?api-version=2023-04-01+21": {
    "Request": {
      "Method": "GET",
      "RequestUri": "https://management.azure.com/someScope/providers/Microsoft.Authorization/policyAssignments/someName?api-version=2023-04-01",
      "Content": null,
      "isContentBase64": false,
      "Headers": {
        "x-ms-unique-id": [ "901" ],
        "x-ms-client-request-id": [ "911fc6ca-7ef4-4220-830d-dac2e7a651f0" ],
        "CommandName": [ "\u0026" ],
        "FullCommandName": [ "Get-AzPolicyAssignment_Get1" ],
        "ParameterSetName": [ "__AllParameterSets" ],
        "User-Agent": [ "AzurePowershell/v11.0.0", "PSVersion/v7.4.2", "Az.Policy/0.1.1" ],
        "Authorization": [ "[Filtered]" ]
      },
      "ContentHeaders": {
      }
    },
    "Response": {
      "StatusCode": 404,
      "Headers": {
        "Cache-Control": [ "no-cache" ],
        "Pragma": [ "no-cache" ],
        "x-ms-failure-cause": [ "gateway" ],
        "x-ms-request-id": [ "fc979c18-7d7d-4b12-9e86-00b4668adcf9" ],
        "x-ms-correlation-request-id": [ "fc979c18-7d7d-4b12-9e86-00b4668adcf9" ],
        "x-ms-routing-request-id": [ "WESTUS2:20240427T014639Z:fc979c18-7d7d-4b12-9e86-00b4668adcf9" ],
        "Strict-Transport-Security": [ "max-age=31536000; includeSubDomains" ],
        "X-Content-Type-Options": [ "nosniff" ],
        "X-Cache": [ "CONFIG_NOCACHE" ],
        "X-MSEdge-Ref": [ "Ref A: 4B30901FB9B84F8091A9BAB40229546F Ref B: CO6AA3150219023 Ref C: 2024-04-27T01:46:39Z" ],
        "Date": [ "Sat, 27 Apr 2024 01:46:38 GMT" ]
      },
      "ContentHeaders": {
        "Content-Length": [ "135" ],
        "Content-Type": [ "application/json; charset=utf-8" ],
        "Expires": [ "-1" ]
      },
      "Content": "{\"error\":{\"code\":\"MissingSubscription\",\"message\":\"The request did not have a subscription or a valid tenant level resource provider.\"}}",
      "isContentBase64": false
    }
  },
  "Backcompat-SetPolicyAssignmentParameters+[NoContext]+parameter combinations starting with -Name+$GET+https://management.azure.com/someScope/providers/Microsoft.Authorization/policyAssignments/someName?api-version=2023-04-01+22": {
    "Request": {
      "Method": "GET",
      "RequestUri": "https://management.azure.com/someScope/providers/Microsoft.Authorization/policyAssignments/someName?api-version=2023-04-01",
      "Content": null,
      "isContentBase64": false,
      "Headers": {
        "x-ms-unique-id": [ "902" ],
        "x-ms-client-request-id": [ "349f9024-98cd-4987-b6f7-0a85e88973b3" ],
        "CommandName": [ "\u0026" ],
        "FullCommandName": [ "Get-AzPolicyAssignment_Get1" ],
        "ParameterSetName": [ "__AllParameterSets" ],
        "User-Agent": [ "AzurePowershell/v11.0.0", "PSVersion/v7.4.2", "Az.Policy/0.1.1" ],
        "Authorization": [ "[Filtered]" ]
      },
      "ContentHeaders": {
      }
    },
    "Response": {
      "StatusCode": 404,
      "Headers": {
        "Cache-Control": [ "no-cache" ],
        "Pragma": [ "no-cache" ],
        "x-ms-failure-cause": [ "gateway" ],
        "x-ms-request-id": [ "9913c78c-b740-4fcd-a77d-cdffa3519d17" ],
        "x-ms-correlation-request-id": [ "9913c78c-b740-4fcd-a77d-cdffa3519d17" ],
        "x-ms-routing-request-id": [ "WESTUS2:20240427T014639Z:9913c78c-b740-4fcd-a77d-cdffa3519d17" ],
        "Strict-Transport-Security": [ "max-age=31536000; includeSubDomains" ],
        "X-Content-Type-Options": [ "nosniff" ],
        "X-Cache": [ "CONFIG_NOCACHE" ],
        "X-MSEdge-Ref": [ "Ref A: 4F2690BE7DEC473EB5604E3E624C4A34 Ref B: CO6AA3150219023 Ref C: 2024-04-27T01:46:39Z" ],
        "Date": [ "Sat, 27 Apr 2024 01:46:38 GMT" ]
      },
      "ContentHeaders": {
        "Content-Length": [ "135" ],
        "Content-Type": [ "application/json; charset=utf-8" ],
        "Expires": [ "-1" ]
      },
      "Content": "{\"error\":{\"code\":\"MissingSubscription\",\"message\":\"The request did not have a subscription or a valid tenant level resource provider.\"}}",
      "isContentBase64": false
    }
  },
  "Backcompat-SetPolicyAssignmentParameters+[NoContext]+parameter combinations starting with -Name+$GET+https://management.azure.com/someScope/providers/Microsoft.Authorization/policyAssignments/someName?api-version=2023-04-01+23": {
    "Request": {
      "Method": "GET",
      "RequestUri": "https://management.azure.com/someScope/providers/Microsoft.Authorization/policyAssignments/someName?api-version=2023-04-01",
      "Content": null,
      "isContentBase64": false,
      "Headers": {
        "x-ms-unique-id": [ "903" ],
        "x-ms-client-request-id": [ "9cb50c25-182c-4fca-a990-f44dc30efe5c" ],
        "CommandName": [ "\u0026" ],
        "FullCommandName": [ "Get-AzPolicyAssignment_Get1" ],
        "ParameterSetName": [ "__AllParameterSets" ],
        "User-Agent": [ "AzurePowershell/v11.0.0", "PSVersion/v7.4.2", "Az.Policy/0.1.1" ],
        "Authorization": [ "[Filtered]" ]
      },
      "ContentHeaders": {
      }
    },
    "Response": {
      "StatusCode": 404,
      "Headers": {
        "Cache-Control": [ "no-cache" ],
        "Pragma": [ "no-cache" ],
        "x-ms-failure-cause": [ "gateway" ],
        "x-ms-request-id": [ "b953c206-7451-449e-b803-b6b547e1fce6" ],
        "x-ms-correlation-request-id": [ "b953c206-7451-449e-b803-b6b547e1fce6" ],
        "x-ms-routing-request-id": [ "WESTUS2:20240427T014640Z:b953c206-7451-449e-b803-b6b547e1fce6" ],
        "Strict-Transport-Security": [ "max-age=31536000; includeSubDomains" ],
        "X-Content-Type-Options": [ "nosniff" ],
        "X-Cache": [ "CONFIG_NOCACHE" ],
        "X-MSEdge-Ref": [ "Ref A: E0829E060162491382D9F810267364F4 Ref B: CO6AA3150219023 Ref C: 2024-04-27T01:46:40Z" ],
        "Date": [ "Sat, 27 Apr 2024 01:46:39 GMT" ]
      },
      "ContentHeaders": {
        "Content-Length": [ "135" ],
        "Content-Type": [ "application/json; charset=utf-8" ],
        "Expires": [ "-1" ]
      },
      "Content": "{\"error\":{\"code\":\"MissingSubscription\",\"message\":\"The request did not have a subscription or a valid tenant level resource provider.\"}}",
      "isContentBase64": false
    }
  },
  "Backcompat-SetPolicyAssignmentParameters+[NoContext]+parameter combinations starting with -Name+$GET+https://management.azure.com/someScope/providers/Microsoft.Authorization/policyAssignments/someName?api-version=2023-04-01+24": {
    "Request": {
      "Method": "GET",
      "RequestUri": "https://management.azure.com/someScope/providers/Microsoft.Authorization/policyAssignments/someName?api-version=2023-04-01",
      "Content": null,
      "isContentBase64": false,
      "Headers": {
        "x-ms-unique-id": [ "904" ],
        "x-ms-client-request-id": [ "46e6de53-e2b7-4bee-9a6f-b92537939ad2" ],
        "CommandName": [ "\u0026" ],
        "FullCommandName": [ "Get-AzPolicyAssignment_Get1" ],
        "ParameterSetName": [ "__AllParameterSets" ],
        "User-Agent": [ "AzurePowershell/v11.0.0", "PSVersion/v7.4.2", "Az.Policy/0.1.1" ],
        "Authorization": [ "[Filtered]" ]
      },
      "ContentHeaders": {
      }
    },
    "Response": {
      "StatusCode": 404,
      "Headers": {
        "Cache-Control": [ "no-cache" ],
        "Pragma": [ "no-cache" ],
        "x-ms-failure-cause": [ "gateway" ],
        "x-ms-request-id": [ "25862aa0-4fd8-4956-8a53-07d487c61c42" ],
        "x-ms-correlation-request-id": [ "25862aa0-4fd8-4956-8a53-07d487c61c42" ],
        "x-ms-routing-request-id": [ "WESTUS2:20240427T014641Z:25862aa0-4fd8-4956-8a53-07d487c61c42" ],
        "Strict-Transport-Security": [ "max-age=31536000; includeSubDomains" ],
        "X-Content-Type-Options": [ "nosniff" ],
        "X-Cache": [ "CONFIG_NOCACHE" ],
        "X-MSEdge-Ref": [ "Ref A: 4897426B762941D59B2CB880ACB21BBC Ref B: CO6AA3150219023 Ref C: 2024-04-27T01:46:41Z" ],
        "Date": [ "Sat, 27 Apr 2024 01:46:40 GMT" ]
      },
      "ContentHeaders": {
        "Content-Length": [ "135" ],
        "Content-Type": [ "application/json; charset=utf-8" ],
        "Expires": [ "-1" ]
      },
      "Content": "{\"error\":{\"code\":\"MissingSubscription\",\"message\":\"The request did not have a subscription or a valid tenant level resource provider.\"}}",
      "isContentBase64": false
    }
  },
  "Backcompat-SetPolicyAssignmentParameters+[NoContext]+parameter combinations starting with -Name+$GET+https://management.azure.com/someScope/providers/Microsoft.Authorization/policyAssignments/someName?api-version=2023-04-01+25": {
    "Request": {
      "Method": "GET",
      "RequestUri": "https://management.azure.com/someScope/providers/Microsoft.Authorization/policyAssignments/someName?api-version=2023-04-01",
      "Content": null,
      "isContentBase64": false,
      "Headers": {
        "x-ms-unique-id": [ "905" ],
        "x-ms-client-request-id": [ "d97c0c2a-01a4-4060-a682-781f7fbe33e5" ],
        "CommandName": [ "\u0026" ],
        "FullCommandName": [ "Get-AzPolicyAssignment_Get1" ],
        "ParameterSetName": [ "__AllParameterSets" ],
        "User-Agent": [ "AzurePowershell/v11.0.0", "PSVersion/v7.4.2", "Az.Policy/0.1.1" ],
        "Authorization": [ "[Filtered]" ]
      },
      "ContentHeaders": {
      }
    },
    "Response": {
      "StatusCode": 404,
      "Headers": {
        "Cache-Control": [ "no-cache" ],
        "Pragma": [ "no-cache" ],
        "x-ms-failure-cause": [ "gateway" ],
        "x-ms-request-id": [ "1e7e6fcd-0672-46bd-800e-cce7eac7bec1" ],
        "x-ms-correlation-request-id": [ "1e7e6fcd-0672-46bd-800e-cce7eac7bec1" ],
        "x-ms-routing-request-id": [ "WESTUS2:20240427T014642Z:1e7e6fcd-0672-46bd-800e-cce7eac7bec1" ],
        "Strict-Transport-Security": [ "max-age=31536000; includeSubDomains" ],
        "X-Content-Type-Options": [ "nosniff" ],
        "X-Cache": [ "CONFIG_NOCACHE" ],
        "X-MSEdge-Ref": [ "Ref A: FF09133865D8491B96CD6759D2B8D021 Ref B: CO6AA3150219023 Ref C: 2024-04-27T01:46:42Z" ],
        "Date": [ "Sat, 27 Apr 2024 01:46:41 GMT" ]
      },
      "ContentHeaders": {
        "Content-Length": [ "135" ],
        "Content-Type": [ "application/json; charset=utf-8" ],
        "Expires": [ "-1" ]
      },
      "Content": "{\"error\":{\"code\":\"MissingSubscription\",\"message\":\"The request did not have a subscription or a valid tenant level resource provider.\"}}",
      "isContentBase64": false
    }
  },
  "Backcompat-SetPolicyAssignmentParameters+[NoContext]+parameter combinations starting with -Name+$GET+https://management.azure.com/someScope/providers/Microsoft.Authorization/policyAssignments/someName?api-version=2023-04-01+26": {
    "Request": {
      "Method": "GET",
      "RequestUri": "https://management.azure.com/someScope/providers/Microsoft.Authorization/policyAssignments/someName?api-version=2023-04-01",
      "Content": null,
      "isContentBase64": false,
      "Headers": {
        "x-ms-unique-id": [ "906" ],
        "x-ms-client-request-id": [ "c829da9e-2b7e-44b2-b6c9-c3270f8201de" ],
        "CommandName": [ "\u0026" ],
        "FullCommandName": [ "Get-AzPolicyAssignment_Get1" ],
        "ParameterSetName": [ "__AllParameterSets" ],
        "User-Agent": [ "AzurePowershell/v11.0.0", "PSVersion/v7.4.2", "Az.Policy/0.1.1" ],
        "Authorization": [ "[Filtered]" ]
      },
      "ContentHeaders": {
      }
    },
    "Response": {
      "StatusCode": 404,
      "Headers": {
        "Cache-Control": [ "no-cache" ],
        "Pragma": [ "no-cache" ],
        "x-ms-failure-cause": [ "gateway" ],
        "x-ms-request-id": [ "7b80fda6-5c7a-4b70-b138-7aba153e62a8" ],
        "x-ms-correlation-request-id": [ "7b80fda6-5c7a-4b70-b138-7aba153e62a8" ],
        "x-ms-routing-request-id": [ "WESTUS2:20240427T014643Z:7b80fda6-5c7a-4b70-b138-7aba153e62a8" ],
        "Strict-Transport-Security": [ "max-age=31536000; includeSubDomains" ],
        "X-Content-Type-Options": [ "nosniff" ],
        "X-Cache": [ "CONFIG_NOCACHE" ],
        "X-MSEdge-Ref": [ "Ref A: AB97F2822A20456798B037046E0DE3C0 Ref B: CO6AA3150219023 Ref C: 2024-04-27T01:46:43Z" ],
        "Date": [ "Sat, 27 Apr 2024 01:46:42 GMT" ]
      },
      "ContentHeaders": {
        "Content-Length": [ "135" ],
        "Content-Type": [ "application/json; charset=utf-8" ],
        "Expires": [ "-1" ]
      },
      "Content": "{\"error\":{\"code\":\"MissingSubscription\",\"message\":\"The request did not have a subscription or a valid tenant level resource provider.\"}}",
      "isContentBase64": false
    }
  },
  "Backcompat-SetPolicyAssignmentParameters+[NoContext]+parameter combinations starting with -Name+$GET+https://management.azure.com/someScope/providers/Microsoft.Authorization/policyAssignments/someName?api-version=2023-04-01+27": {
    "Request": {
      "Method": "GET",
      "RequestUri": "https://management.azure.com/someScope/providers/Microsoft.Authorization/policyAssignments/someName?api-version=2023-04-01",
      "Content": null,
      "isContentBase64": false,
      "Headers": {
        "x-ms-unique-id": [ "907" ],
        "x-ms-client-request-id": [ "bd7eac85-9c76-42f9-86a1-0fc98b72379b" ],
        "CommandName": [ "\u0026" ],
        "FullCommandName": [ "Get-AzPolicyAssignment_Get1" ],
        "ParameterSetName": [ "__AllParameterSets" ],
        "User-Agent": [ "AzurePowershell/v11.0.0", "PSVersion/v7.4.2", "Az.Policy/0.1.1" ],
        "Authorization": [ "[Filtered]" ]
      },
      "ContentHeaders": {
      }
    },
    "Response": {
      "StatusCode": 404,
      "Headers": {
        "Cache-Control": [ "no-cache" ],
        "Pragma": [ "no-cache" ],
        "x-ms-failure-cause": [ "gateway" ],
        "x-ms-request-id": [ "643f7323-4db2-4efe-9a26-839170f56fbd" ],
        "x-ms-correlation-request-id": [ "643f7323-4db2-4efe-9a26-839170f56fbd" ],
        "x-ms-routing-request-id": [ "WESTUS2:20240427T014644Z:643f7323-4db2-4efe-9a26-839170f56fbd" ],
        "Strict-Transport-Security": [ "max-age=31536000; includeSubDomains" ],
        "X-Content-Type-Options": [ "nosniff" ],
        "X-Cache": [ "CONFIG_NOCACHE" ],
        "X-MSEdge-Ref": [ "Ref A: C2B7B4C58F1E4338BFC821F2D9BC2A4F Ref B: CO6AA3150219023 Ref C: 2024-04-27T01:46:44Z" ],
        "Date": [ "Sat, 27 Apr 2024 01:46:43 GMT" ]
      },
      "ContentHeaders": {
        "Content-Length": [ "135" ],
        "Content-Type": [ "application/json; charset=utf-8" ],
        "Expires": [ "-1" ]
      },
      "Content": "{\"error\":{\"code\":\"MissingSubscription\",\"message\":\"The request did not have a subscription or a valid tenant level resource provider.\"}}",
      "isContentBase64": false
    }
  },
  "Backcompat-SetPolicyAssignmentParameters+[NoContext]+parameter combinations starting with -Name+$GET+https://management.azure.com/someScope/providers/Microsoft.Authorization/policyAssignments/someName?api-version=2023-04-01+28": {
    "Request": {
      "Method": "GET",
      "RequestUri": "https://management.azure.com/someScope/providers/Microsoft.Authorization/policyAssignments/someName?api-version=2023-04-01",
      "Content": null,
      "isContentBase64": false,
      "Headers": {
        "x-ms-unique-id": [ "908" ],
        "x-ms-client-request-id": [ "d8a15f05-bd34-4410-b1c4-5e44344841cb" ],
        "CommandName": [ "\u0026" ],
        "FullCommandName": [ "Get-AzPolicyAssignment_Get1" ],
        "ParameterSetName": [ "__AllParameterSets" ],
        "User-Agent": [ "AzurePowershell/v11.0.0", "PSVersion/v7.4.2", "Az.Policy/0.1.1" ],
        "Authorization": [ "[Filtered]" ]
      },
      "ContentHeaders": {
      }
    },
    "Response": {
      "StatusCode": 404,
      "Headers": {
        "Cache-Control": [ "no-cache" ],
        "Pragma": [ "no-cache" ],
        "x-ms-failure-cause": [ "gateway" ],
        "x-ms-request-id": [ "3f8602cc-9ea2-4eb2-9fd5-b3d30ac929b9" ],
        "x-ms-correlation-request-id": [ "3f8602cc-9ea2-4eb2-9fd5-b3d30ac929b9" ],
        "x-ms-routing-request-id": [ "WESTUS2:20240427T014645Z:3f8602cc-9ea2-4eb2-9fd5-b3d30ac929b9" ],
        "Strict-Transport-Security": [ "max-age=31536000; includeSubDomains" ],
        "X-Content-Type-Options": [ "nosniff" ],
        "X-Cache": [ "CONFIG_NOCACHE" ],
        "X-MSEdge-Ref": [ "Ref A: BCF1003DD825407A99F4B8671970703A Ref B: CO6AA3150219023 Ref C: 2024-04-27T01:46:45Z" ],
        "Date": [ "Sat, 27 Apr 2024 01:46:44 GMT" ]
      },
      "ContentHeaders": {
        "Content-Length": [ "135" ],
        "Content-Type": [ "application/json; charset=utf-8" ],
        "Expires": [ "-1" ]
      },
      "Content": "{\"error\":{\"code\":\"MissingSubscription\",\"message\":\"The request did not have a subscription or a valid tenant level resource provider.\"}}",
      "isContentBase64": false
    }
  },
  "Backcompat-SetPolicyAssignmentParameters+[NoContext]+parameter combinations starting with -Name+$GET+https://management.azure.com/someScope/providers/Microsoft.Authorization/policyAssignments/someName?api-version=2023-04-01+29": {
    "Request": {
      "Method": "GET",
      "RequestUri": "https://management.azure.com/someScope/providers/Microsoft.Authorization/policyAssignments/someName?api-version=2023-04-01",
      "Content": null,
      "isContentBase64": false,
      "Headers": {
        "x-ms-unique-id": [ "909" ],
        "x-ms-client-request-id": [ "f56b2147-d314-4071-83b5-3c0ca108c60b" ],
        "CommandName": [ "\u0026" ],
        "FullCommandName": [ "Get-AzPolicyAssignment_Get1" ],
        "ParameterSetName": [ "__AllParameterSets" ],
        "User-Agent": [ "AzurePowershell/v11.0.0", "PSVersion/v7.4.2", "Az.Policy/0.1.1" ],
        "Authorization": [ "[Filtered]" ]
      },
      "ContentHeaders": {
      }
    },
    "Response": {
      "StatusCode": 404,
      "Headers": {
        "Cache-Control": [ "no-cache" ],
        "Pragma": [ "no-cache" ],
        "x-ms-failure-cause": [ "gateway" ],
        "x-ms-request-id": [ "a4c00cf0-4357-4e29-ac77-2b181f4bb373" ],
        "x-ms-correlation-request-id": [ "a4c00cf0-4357-4e29-ac77-2b181f4bb373" ],
        "x-ms-routing-request-id": [ "WESTUS2:20240427T014646Z:a4c00cf0-4357-4e29-ac77-2b181f4bb373" ],
        "Strict-Transport-Security": [ "max-age=31536000; includeSubDomains" ],
        "X-Content-Type-Options": [ "nosniff" ],
        "X-Cache": [ "CONFIG_NOCACHE" ],
        "X-MSEdge-Ref": [ "Ref A: DA0088C98FA14011847537094E0C5FA0 Ref B: CO6AA3150219023 Ref C: 2024-04-27T01:46:46Z" ],
        "Date": [ "Sat, 27 Apr 2024 01:46:45 GMT" ]
      },
      "ContentHeaders": {
        "Content-Length": [ "135" ],
        "Content-Type": [ "application/json; charset=utf-8" ],
        "Expires": [ "-1" ]
      },
      "Content": "{\"error\":{\"code\":\"MissingSubscription\",\"message\":\"The request did not have a subscription or a valid tenant level resource provider.\"}}",
      "isContentBase64": false
    }
  },
  "Backcompat-SetPolicyAssignmentParameters+[NoContext]+parameter combinations starting with -Name+$GET+https://management.azure.com/someScope/providers/Microsoft.Authorization/policyAssignments/someName?api-version=2023-04-01+30": {
    "Request": {
      "Method": "GET",
      "RequestUri": "https://management.azure.com/someScope/providers/Microsoft.Authorization/policyAssignments/someName?api-version=2023-04-01",
      "Content": null,
      "isContentBase64": false,
      "Headers": {
        "x-ms-unique-id": [ "910" ],
        "x-ms-client-request-id": [ "1926eb26-6e6d-4c17-9af3-448829129e9a" ],
        "CommandName": [ "\u0026" ],
        "FullCommandName": [ "Get-AzPolicyAssignment_Get1" ],
        "ParameterSetName": [ "__AllParameterSets" ],
        "User-Agent": [ "AzurePowershell/v11.0.0", "PSVersion/v7.4.2", "Az.Policy/0.1.1" ],
        "Authorization": [ "[Filtered]" ]
      },
      "ContentHeaders": {
      }
    },
    "Response": {
      "StatusCode": 404,
      "Headers": {
        "Cache-Control": [ "no-cache" ],
        "Pragma": [ "no-cache" ],
        "x-ms-failure-cause": [ "gateway" ],
        "x-ms-request-id": [ "8016d4bc-a57a-49f9-ae42-986b1abe18f7" ],
        "x-ms-correlation-request-id": [ "8016d4bc-a57a-49f9-ae42-986b1abe18f7" ],
        "x-ms-routing-request-id": [ "WESTUS2:20240427T014647Z:8016d4bc-a57a-49f9-ae42-986b1abe18f7" ],
        "Strict-Transport-Security": [ "max-age=31536000; includeSubDomains" ],
        "X-Content-Type-Options": [ "nosniff" ],
        "X-Cache": [ "CONFIG_NOCACHE" ],
        "X-MSEdge-Ref": [ "Ref A: 8D0FCAE7D0084C5582270112B4F19FA1 Ref B: CO6AA3150219023 Ref C: 2024-04-27T01:46:47Z" ],
        "Date": [ "Sat, 27 Apr 2024 01:46:46 GMT" ]
      },
      "ContentHeaders": {
        "Content-Length": [ "135" ],
        "Content-Type": [ "application/json; charset=utf-8" ],
        "Expires": [ "-1" ]
      },
      "Content": "{\"error\":{\"code\":\"MissingSubscription\",\"message\":\"The request did not have a subscription or a valid tenant level resource provider.\"}}",
      "isContentBase64": false
    }
  },
  "Backcompat-SetPolicyAssignmentParameters+[NoContext]+parameter combinations starting with -Name+$GET+https://management.azure.com/someScope/providers/Microsoft.Authorization/policyAssignments/someName?api-version=2023-04-01+31": {
    "Request": {
      "Method": "GET",
      "RequestUri": "https://management.azure.com/someScope/providers/Microsoft.Authorization/policyAssignments/someName?api-version=2023-04-01",
      "Content": null,
      "isContentBase64": false,
      "Headers": {
        "x-ms-unique-id": [ "911" ],
        "x-ms-client-request-id": [ "b874c69a-8587-490f-8ab8-df90ee35581a" ],
        "CommandName": [ "\u0026" ],
        "FullCommandName": [ "Get-AzPolicyAssignment_Get1" ],
        "ParameterSetName": [ "__AllParameterSets" ],
        "User-Agent": [ "AzurePowershell/v11.0.0", "PSVersion/v7.4.2", "Az.Policy/0.1.1" ],
        "Authorization": [ "[Filtered]" ]
      },
      "ContentHeaders": {
      }
    },
    "Response": {
      "StatusCode": 404,
      "Headers": {
        "Cache-Control": [ "no-cache" ],
        "Pragma": [ "no-cache" ],
        "x-ms-failure-cause": [ "gateway" ],
        "x-ms-request-id": [ "f0e86a03-1b6a-4547-83b0-a7305ee89b8b" ],
        "x-ms-correlation-request-id": [ "f0e86a03-1b6a-4547-83b0-a7305ee89b8b" ],
        "x-ms-routing-request-id": [ "WESTUS2:20240427T014648Z:f0e86a03-1b6a-4547-83b0-a7305ee89b8b" ],
        "Strict-Transport-Security": [ "max-age=31536000; includeSubDomains" ],
        "X-Content-Type-Options": [ "nosniff" ],
        "X-Cache": [ "CONFIG_NOCACHE" ],
        "X-MSEdge-Ref": [ "Ref A: D7E351DFCC3E44F1B7BD5F727D5EB4E8 Ref B: CO6AA3150219023 Ref C: 2024-04-27T01:46:48Z" ],
        "Date": [ "Sat, 27 Apr 2024 01:46:47 GMT" ]
      },
      "ContentHeaders": {
        "Content-Length": [ "135" ],
        "Content-Type": [ "application/json; charset=utf-8" ],
        "Expires": [ "-1" ]
      },
      "Content": "{\"error\":{\"code\":\"MissingSubscription\",\"message\":\"The request did not have a subscription or a valid tenant level resource provider.\"}}",
      "isContentBase64": false
    }
  },
  "Backcompat-SetPolicyAssignmentParameters+[NoContext]+parameter combinations starting with -Name+$GET+https://management.azure.com/someScope/providers/Microsoft.Authorization/policyAssignments/someName?api-version=2023-04-01+32": {
    "Request": {
      "Method": "GET",
      "RequestUri": "https://management.azure.com/someScope/providers/Microsoft.Authorization/policyAssignments/someName?api-version=2023-04-01",
      "Content": null,
      "isContentBase64": false,
      "Headers": {
        "x-ms-unique-id": [ "912" ],
        "x-ms-client-request-id": [ "e66ed6fa-96b3-4281-a6dd-df47ab4aeb0d" ],
        "CommandName": [ "\u0026" ],
        "FullCommandName": [ "Get-AzPolicyAssignment_Get1" ],
        "ParameterSetName": [ "__AllParameterSets" ],
        "User-Agent": [ "AzurePowershell/v11.0.0", "PSVersion/v7.4.2", "Az.Policy/0.1.1" ],
        "Authorization": [ "[Filtered]" ]
      },
      "ContentHeaders": {
      }
    },
    "Response": {
      "StatusCode": 404,
      "Headers": {
        "Cache-Control": [ "no-cache" ],
        "Pragma": [ "no-cache" ],
        "x-ms-failure-cause": [ "gateway" ],
        "x-ms-request-id": [ "37bf92e7-7e5f-4f08-9ef5-ac819d15aa18" ],
        "x-ms-correlation-request-id": [ "37bf92e7-7e5f-4f08-9ef5-ac819d15aa18" ],
        "x-ms-routing-request-id": [ "WESTUS2:20240427T014649Z:37bf92e7-7e5f-4f08-9ef5-ac819d15aa18" ],
        "Strict-Transport-Security": [ "max-age=31536000; includeSubDomains" ],
        "X-Content-Type-Options": [ "nosniff" ],
        "X-Cache": [ "CONFIG_NOCACHE" ],
        "X-MSEdge-Ref": [ "Ref A: B60EEEF4BED04781AB910995D3BCE401 Ref B: CO6AA3150219023 Ref C: 2024-04-27T01:46:49Z" ],
        "Date": [ "Sat, 27 Apr 2024 01:46:48 GMT" ]
      },
      "ContentHeaders": {
        "Content-Length": [ "135" ],
        "Content-Type": [ "application/json; charset=utf-8" ],
        "Expires": [ "-1" ]
      },
      "Content": "{\"error\":{\"code\":\"MissingSubscription\",\"message\":\"The request did not have a subscription or a valid tenant level resource provider.\"}}",
      "isContentBase64": false
    }
  },
  "Backcompat-SetPolicyAssignmentParameters+[NoContext]+parameter combinations starting with -Name+$GET+https://management.azure.com/someScope/providers/Microsoft.Authorization/policyAssignments/someName?api-version=2023-04-01+33": {
    "Request": {
      "Method": "GET",
      "RequestUri": "https://management.azure.com/someScope/providers/Microsoft.Authorization/policyAssignments/someName?api-version=2023-04-01",
      "Content": null,
      "isContentBase64": false,
      "Headers": {
        "x-ms-unique-id": [ "913" ],
        "x-ms-client-request-id": [ "58713c77-0f87-4aa0-94e5-1ad56a209579" ],
        "CommandName": [ "\u0026" ],
        "FullCommandName": [ "Get-AzPolicyAssignment_Get1" ],
        "ParameterSetName": [ "__AllParameterSets" ],
        "User-Agent": [ "AzurePowershell/v11.0.0", "PSVersion/v7.4.2", "Az.Policy/0.1.1" ],
        "Authorization": [ "[Filtered]" ]
      },
      "ContentHeaders": {
      }
    },
    "Response": {
      "StatusCode": 404,
      "Headers": {
        "Cache-Control": [ "no-cache" ],
        "Pragma": [ "no-cache" ],
        "x-ms-failure-cause": [ "gateway" ],
        "x-ms-request-id": [ "1df7ac75-a59e-4d00-bb19-2974a224a8a9" ],
        "x-ms-correlation-request-id": [ "1df7ac75-a59e-4d00-bb19-2974a224a8a9" ],
        "x-ms-routing-request-id": [ "WESTUS2:20240427T014650Z:1df7ac75-a59e-4d00-bb19-2974a224a8a9" ],
        "Strict-Transport-Security": [ "max-age=31536000; includeSubDomains" ],
        "X-Content-Type-Options": [ "nosniff" ],
        "X-Cache": [ "CONFIG_NOCACHE" ],
        "X-MSEdge-Ref": [ "Ref A: C3CB30834029455CA75FAD6B8CED669D Ref B: CO6AA3150219023 Ref C: 2024-04-27T01:46:50Z" ],
        "Date": [ "Sat, 27 Apr 2024 01:46:49 GMT" ]
      },
      "ContentHeaders": {
        "Content-Length": [ "135" ],
        "Content-Type": [ "application/json; charset=utf-8" ],
        "Expires": [ "-1" ]
      },
      "Content": "{\"error\":{\"code\":\"MissingSubscription\",\"message\":\"The request did not have a subscription or a valid tenant level resource provider.\"}}",
      "isContentBase64": false
    }
  },
  "Backcompat-SetPolicyAssignmentParameters+[NoContext]+parameter combinations starting with -Name+$GET+https://management.azure.com/someScope/providers/Microsoft.Authorization/policyAssignments/someName?api-version=2023-04-01+34": {
    "Request": {
      "Method": "GET",
      "RequestUri": "https://management.azure.com/someScope/providers/Microsoft.Authorization/policyAssignments/someName?api-version=2023-04-01",
      "Content": null,
      "isContentBase64": false,
      "Headers": {
        "x-ms-unique-id": [ "914" ],
        "x-ms-client-request-id": [ "22be3910-078e-489a-ba4c-6fffb82d8bc1" ],
        "CommandName": [ "\u0026" ],
        "FullCommandName": [ "Get-AzPolicyAssignment_Get1" ],
        "ParameterSetName": [ "__AllParameterSets" ],
        "User-Agent": [ "AzurePowershell/v11.0.0", "PSVersion/v7.4.2", "Az.Policy/0.1.1" ],
        "Authorization": [ "[Filtered]" ]
      },
      "ContentHeaders": {
      }
    },
    "Response": {
      "StatusCode": 404,
      "Headers": {
        "Cache-Control": [ "no-cache" ],
        "Pragma": [ "no-cache" ],
        "x-ms-failure-cause": [ "gateway" ],
        "x-ms-request-id": [ "73adc108-e22b-4c83-8d73-d9691322bcea" ],
        "x-ms-correlation-request-id": [ "73adc108-e22b-4c83-8d73-d9691322bcea" ],
        "x-ms-routing-request-id": [ "WESTUS2:20240427T014651Z:73adc108-e22b-4c83-8d73-d9691322bcea" ],
        "Strict-Transport-Security": [ "max-age=31536000; includeSubDomains" ],
        "X-Content-Type-Options": [ "nosniff" ],
        "X-Cache": [ "CONFIG_NOCACHE" ],
        "X-MSEdge-Ref": [ "Ref A: 80E6629DFF094F9E9C63FFAC3D047688 Ref B: CO6AA3150219023 Ref C: 2024-04-27T01:46:51Z" ],
        "Date": [ "Sat, 27 Apr 2024 01:46:50 GMT" ]
      },
      "ContentHeaders": {
        "Content-Length": [ "135" ],
        "Content-Type": [ "application/json; charset=utf-8" ],
        "Expires": [ "-1" ]
      },
      "Content": "{\"error\":{\"code\":\"MissingSubscription\",\"message\":\"The request did not have a subscription or a valid tenant level resource provider.\"}}",
      "isContentBase64": false
    }
  },
  "Backcompat-SetPolicyAssignmentParameters+[NoContext]+parameter combinations starting with -Name+$GET+https://management.azure.com/someScope/providers/Microsoft.Authorization/policyAssignments/someName?api-version=2023-04-01+35": {
    "Request": {
      "Method": "GET",
      "RequestUri": "https://management.azure.com/someScope/providers/Microsoft.Authorization/policyAssignments/someName?api-version=2023-04-01",
      "Content": null,
      "isContentBase64": false,
      "Headers": {
        "x-ms-unique-id": [ "915" ],
        "x-ms-client-request-id": [ "79525623-41f6-4628-b7aa-bd740a9d1218" ],
        "CommandName": [ "\u0026" ],
        "FullCommandName": [ "Get-AzPolicyAssignment_Get1" ],
        "ParameterSetName": [ "__AllParameterSets" ],
        "User-Agent": [ "AzurePowershell/v11.0.0", "PSVersion/v7.4.2", "Az.Policy/0.1.1" ],
        "Authorization": [ "[Filtered]" ]
      },
      "ContentHeaders": {
      }
    },
    "Response": {
      "StatusCode": 404,
      "Headers": {
        "Cache-Control": [ "no-cache" ],
        "Pragma": [ "no-cache" ],
        "x-ms-failure-cause": [ "gateway" ],
        "x-ms-request-id": [ "3aa4806c-8237-4c98-8cee-e6b5a371919d" ],
        "x-ms-correlation-request-id": [ "3aa4806c-8237-4c98-8cee-e6b5a371919d" ],
        "x-ms-routing-request-id": [ "WESTUS2:20240427T014652Z:3aa4806c-8237-4c98-8cee-e6b5a371919d" ],
        "Strict-Transport-Security": [ "max-age=31536000; includeSubDomains" ],
        "X-Content-Type-Options": [ "nosniff" ],
        "X-Cache": [ "CONFIG_NOCACHE" ],
        "X-MSEdge-Ref": [ "Ref A: A267A01E6536463CBB582379BC630165 Ref B: CO6AA3150219023 Ref C: 2024-04-27T01:46:52Z" ],
        "Date": [ "Sat, 27 Apr 2024 01:46:51 GMT" ]
      },
      "ContentHeaders": {
        "Content-Length": [ "135" ],
        "Content-Type": [ "application/json; charset=utf-8" ],
        "Expires": [ "-1" ]
      },
      "Content": "{\"error\":{\"code\":\"MissingSubscription\",\"message\":\"The request did not have a subscription or a valid tenant level resource provider.\"}}",
      "isContentBase64": false
    }
  },
  "Backcompat-SetPolicyAssignmentParameters+[NoContext]+parameter combinations starting with -Name+$GET+https://management.azure.com/someScope/providers/Microsoft.Authorization/policyAssignments/someName?api-version=2023-04-01+36": {
    "Request": {
      "Method": "GET",
      "RequestUri": "https://management.azure.com/someScope/providers/Microsoft.Authorization/policyAssignments/someName?api-version=2023-04-01",
      "Content": null,
      "isContentBase64": false,
      "Headers": {
        "x-ms-unique-id": [ "916" ],
        "x-ms-client-request-id": [ "679cdc47-f0ca-40fd-a2be-652406588f3e" ],
        "CommandName": [ "\u0026" ],
        "FullCommandName": [ "Get-AzPolicyAssignment_Get1" ],
        "ParameterSetName": [ "__AllParameterSets" ],
        "User-Agent": [ "AzurePowershell/v11.0.0", "PSVersion/v7.4.2", "Az.Policy/0.1.1" ],
        "Authorization": [ "[Filtered]" ]
      },
      "ContentHeaders": {
      }
    },
    "Response": {
      "StatusCode": 404,
      "Headers": {
        "Cache-Control": [ "no-cache" ],
        "Pragma": [ "no-cache" ],
        "x-ms-failure-cause": [ "gateway" ],
        "x-ms-request-id": [ "4e244aeb-ab6c-49be-989f-6374451d96f8" ],
        "x-ms-correlation-request-id": [ "4e244aeb-ab6c-49be-989f-6374451d96f8" ],
        "x-ms-routing-request-id": [ "WESTUS2:20240427T014653Z:4e244aeb-ab6c-49be-989f-6374451d96f8" ],
        "Strict-Transport-Security": [ "max-age=31536000; includeSubDomains" ],
        "X-Content-Type-Options": [ "nosniff" ],
        "X-Cache": [ "CONFIG_NOCACHE" ],
        "X-MSEdge-Ref": [ "Ref A: 3F7D05B39AE94EEFA8F035DE621067C8 Ref B: CO6AA3150219023 Ref C: 2024-04-27T01:46:53Z" ],
        "Date": [ "Sat, 27 Apr 2024 01:46:52 GMT" ]
      },
      "ContentHeaders": {
        "Content-Length": [ "135" ],
        "Content-Type": [ "application/json; charset=utf-8" ],
        "Expires": [ "-1" ]
      },
      "Content": "{\"error\":{\"code\":\"MissingSubscription\",\"message\":\"The request did not have a subscription or a valid tenant level resource provider.\"}}",
      "isContentBase64": false
    }
  },
  "Backcompat-SetPolicyAssignmentParameters+[NoContext]+parameter combinations starting with -Name+$GET+https://management.azure.com/someScope/providers/Microsoft.Authorization/policyAssignments/someName?api-version=2023-04-01+37": {
    "Request": {
      "Method": "GET",
      "RequestUri": "https://management.azure.com/someScope/providers/Microsoft.Authorization/policyAssignments/someName?api-version=2023-04-01",
      "Content": null,
      "isContentBase64": false,
      "Headers": {
        "x-ms-unique-id": [ "917" ],
        "x-ms-client-request-id": [ "7b32ea91-8744-4821-a54d-eb7870d378e5" ],
        "CommandName": [ "\u0026" ],
        "FullCommandName": [ "Get-AzPolicyAssignment_Get1" ],
        "ParameterSetName": [ "__AllParameterSets" ],
        "User-Agent": [ "AzurePowershell/v11.0.0", "PSVersion/v7.4.2", "Az.Policy/0.1.1" ],
        "Authorization": [ "[Filtered]" ]
      },
      "ContentHeaders": {
      }
    },
    "Response": {
      "StatusCode": 404,
      "Headers": {
        "Cache-Control": [ "no-cache" ],
        "Pragma": [ "no-cache" ],
        "x-ms-failure-cause": [ "gateway" ],
        "x-ms-request-id": [ "17644399-9645-4d3b-9fbb-fd1d7e3fda26" ],
        "x-ms-correlation-request-id": [ "17644399-9645-4d3b-9fbb-fd1d7e3fda26" ],
        "x-ms-routing-request-id": [ "WESTUS2:20240427T014654Z:17644399-9645-4d3b-9fbb-fd1d7e3fda26" ],
        "Strict-Transport-Security": [ "max-age=31536000; includeSubDomains" ],
        "X-Content-Type-Options": [ "nosniff" ],
        "X-Cache": [ "CONFIG_NOCACHE" ],
        "X-MSEdge-Ref": [ "Ref A: 47EDE1F2D67E4242877C49260B4B8B76 Ref B: CO6AA3150219023 Ref C: 2024-04-27T01:46:54Z" ],
        "Date": [ "Sat, 27 Apr 2024 01:46:53 GMT" ]
      },
      "ContentHeaders": {
        "Content-Length": [ "135" ],
        "Content-Type": [ "application/json; charset=utf-8" ],
        "Expires": [ "-1" ]
      },
      "Content": "{\"error\":{\"code\":\"MissingSubscription\",\"message\":\"The request did not have a subscription or a valid tenant level resource provider.\"}}",
      "isContentBase64": false
    }
  },
  "Backcompat-SetPolicyAssignmentParameters+[NoContext]+parameter combinations starting with -Name+$GET+https://management.azure.com/someScope/providers/Microsoft.Authorization/policyAssignments/someName?api-version=2023-04-01+38": {
    "Request": {
      "Method": "GET",
      "RequestUri": "https://management.azure.com/someScope/providers/Microsoft.Authorization/policyAssignments/someName?api-version=2023-04-01",
      "Content": null,
      "isContentBase64": false,
      "Headers": {
        "x-ms-unique-id": [ "918" ],
        "x-ms-client-request-id": [ "509d2073-b276-4768-904e-0856a1f1a451" ],
        "CommandName": [ "\u0026" ],
        "FullCommandName": [ "Get-AzPolicyAssignment_Get1" ],
        "ParameterSetName": [ "__AllParameterSets" ],
        "User-Agent": [ "AzurePowershell/v11.0.0", "PSVersion/v7.4.2", "Az.Policy/0.1.1" ],
        "Authorization": [ "[Filtered]" ]
      },
      "ContentHeaders": {
      }
    },
    "Response": {
      "StatusCode": 404,
      "Headers": {
        "Cache-Control": [ "no-cache" ],
        "Pragma": [ "no-cache" ],
        "x-ms-failure-cause": [ "gateway" ],
        "x-ms-request-id": [ "57d73ba1-9f03-44b3-88fd-2c5c40d0cab3" ],
        "x-ms-correlation-request-id": [ "57d73ba1-9f03-44b3-88fd-2c5c40d0cab3" ],
        "x-ms-routing-request-id": [ "WESTUS2:20240427T014655Z:57d73ba1-9f03-44b3-88fd-2c5c40d0cab3" ],
        "Strict-Transport-Security": [ "max-age=31536000; includeSubDomains" ],
        "X-Content-Type-Options": [ "nosniff" ],
        "X-Cache": [ "CONFIG_NOCACHE" ],
        "X-MSEdge-Ref": [ "Ref A: 615BAED7A6C34C588C10C65F35C9BA85 Ref B: CO6AA3150219023 Ref C: 2024-04-27T01:46:55Z" ],
        "Date": [ "Sat, 27 Apr 2024 01:46:54 GMT" ]
      },
      "ContentHeaders": {
        "Content-Length": [ "135" ],
        "Content-Type": [ "application/json; charset=utf-8" ],
        "Expires": [ "-1" ]
      },
      "Content": "{\"error\":{\"code\":\"MissingSubscription\",\"message\":\"The request did not have a subscription or a valid tenant level resource provider.\"}}",
      "isContentBase64": false
    }
  },
  "Backcompat-SetPolicyAssignmentParameters+[NoContext]+parameter combinations starting with -Name+$GET+https://management.azure.com/someScope/providers/Microsoft.Authorization/policyAssignments/someName?api-version=2023-04-01+39": {
    "Request": {
      "Method": "GET",
      "RequestUri": "https://management.azure.com/someScope/providers/Microsoft.Authorization/policyAssignments/someName?api-version=2023-04-01",
      "Content": null,
      "isContentBase64": false,
      "Headers": {
        "x-ms-unique-id": [ "919" ],
        "x-ms-client-request-id": [ "e6df868b-4000-4812-88a8-a103f094413d" ],
        "CommandName": [ "\u0026" ],
        "FullCommandName": [ "Get-AzPolicyAssignment_Get1" ],
        "ParameterSetName": [ "__AllParameterSets" ],
        "User-Agent": [ "AzurePowershell/v11.0.0", "PSVersion/v7.4.2", "Az.Policy/0.1.1" ],
        "Authorization": [ "[Filtered]" ]
      },
      "ContentHeaders": {
      }
    },
    "Response": {
      "StatusCode": 404,
      "Headers": {
        "Cache-Control": [ "no-cache" ],
        "Pragma": [ "no-cache" ],
        "x-ms-failure-cause": [ "gateway" ],
        "x-ms-request-id": [ "4aa59246-afa0-4d93-b474-75582f61e279" ],
        "x-ms-correlation-request-id": [ "4aa59246-afa0-4d93-b474-75582f61e279" ],
        "x-ms-routing-request-id": [ "WESTUS2:20240427T014656Z:4aa59246-afa0-4d93-b474-75582f61e279" ],
        "Strict-Transport-Security": [ "max-age=31536000; includeSubDomains" ],
        "X-Content-Type-Options": [ "nosniff" ],
        "X-Cache": [ "CONFIG_NOCACHE" ],
        "X-MSEdge-Ref": [ "Ref A: 95BFFFA981664D9882AC03E79AEBEED5 Ref B: CO6AA3150219023 Ref C: 2024-04-27T01:46:56Z" ],
        "Date": [ "Sat, 27 Apr 2024 01:46:55 GMT" ]
      },
      "ContentHeaders": {
        "Content-Length": [ "135" ],
        "Content-Type": [ "application/json; charset=utf-8" ],
        "Expires": [ "-1" ]
      },
      "Content": "{\"error\":{\"code\":\"MissingSubscription\",\"message\":\"The request did not have a subscription or a valid tenant level resource provider.\"}}",
      "isContentBase64": false
    }
  },
  "Backcompat-SetPolicyAssignmentParameters+[NoContext]+parameter combinations starting with -Id+$GET+https://management.azure.com//subscriptions/edb2c18a-04d6-49e9-bc72-e23852f507ad/providers/Microsoft.Authorization/policyAssignments/someName?api-version=2023-04-01+1": {
    "Request": {
      "Method": "GET",
      "RequestUri": "https://management.azure.com//subscriptions/edb2c18a-04d6-49e9-bc72-e23852f507ad/providers/Microsoft.Authorization/policyAssignments/someName?api-version=2023-04-01",
      "Content": null,
      "isContentBase64": false,
      "Headers": {
        "x-ms-unique-id": [ "920" ],
        "x-ms-client-request-id": [ "a06ab38d-d64e-4802-872f-9cf0bdce53da" ],
        "CommandName": [ "\u0026" ],
        "FullCommandName": [ "Get-AzPolicyAssignment_Get1" ],
        "ParameterSetName": [ "__AllParameterSets" ],
        "User-Agent": [ "AzurePowershell/v11.0.0", "PSVersion/v7.4.2", "Az.Policy/0.1.1" ],
        "Authorization": [ "[Filtered]" ]
      },
      "ContentHeaders": {
      }
    },
    "Response": {
      "StatusCode": 404,
      "Headers": {
        "Cache-Control": [ "no-store, no-cache" ],
        "Pragma": [ "no-cache" ],
        "x-ms-throttling-version": [ "v1" ],
        "x-ms-ratelimit-remaining-subscription-reads": [ "11992" ],
        "x-ms-request-id": [ "d4b14281-f23d-4a2a-abb3-faa813c765ee" ],
        "x-ms-correlation-request-id": [ "d4b14281-f23d-4a2a-abb3-faa813c765ee" ],
        "x-ms-routing-request-id": [ "WESTUS2:20240427T014657Z:d4b14281-f23d-4a2a-abb3-faa813c765ee" ],
        "Strict-Transport-Security": [ "max-age=31536000; includeSubDomains" ],
        "X-Content-Type-Options": [ "nosniff" ],
        "X-Cache": [ "CONFIG_NOCACHE" ],
        "X-MSEdge-Ref": [ "Ref A: 01536E9BC9634961AD225D3F221F0107 Ref B: CO6AA3150219023 Ref C: 2024-04-27T01:46:57Z" ],
        "Date": [ "Sat, 27 Apr 2024 01:46:56 GMT" ]
      },
      "ContentHeaders": {
        "Content-Length": [ "104" ],
        "Content-Type": [ "application/json" ],
        "Expires": [ "-1" ]
      },
      "Content": "{\"error\":{\"code\":\"PolicyAssignmentNotFound\",\"message\":\"The policy assignment \u0027someName\u0027 is not found.\"}}",
      "isContentBase64": false
    }
  },
  "Backcompat-SetPolicyAssignmentParameters+[NoContext]+parameter combinations starting with -Id+$GET+https://management.azure.com/someId?api-version=2023-04-01+2": {
    "Request": {
      "Method": "GET",
      "RequestUri": "https://management.azure.com/someId?api-version=2023-04-01",
      "Content": null,
      "isContentBase64": false,
      "Headers": {
        "x-ms-unique-id": [ "921" ],
        "x-ms-client-request-id": [ "4f8a7f79-4619-46af-8da9-7819de9c6eeb" ],
        "CommandName": [ "\u0026" ],
        "FullCommandName": [ "Get-AzPolicyAssignment_Get1" ],
        "ParameterSetName": [ "__AllParameterSets" ],
        "User-Agent": [ "AzurePowershell/v11.0.0", "PSVersion/v7.4.2", "Az.Policy/0.1.1" ],
        "Authorization": [ "[Filtered]" ]
      },
      "ContentHeaders": {
      }
    },
    "Response": {
      "StatusCode": 404,
      "Headers": {
        "Cache-Control": [ "no-cache" ],
        "Pragma": [ "no-cache" ],
        "x-ms-failure-cause": [ "gateway" ],
        "x-ms-request-id": [ "7cc356c2-c121-48f6-86aa-0a4b8c636baa" ],
        "x-ms-correlation-request-id": [ "7cc356c2-c121-48f6-86aa-0a4b8c636baa" ],
        "x-ms-routing-request-id": [ "WESTUS2:20240427T014658Z:7cc356c2-c121-48f6-86aa-0a4b8c636baa" ],
        "Strict-Transport-Security": [ "max-age=31536000; includeSubDomains" ],
        "X-Content-Type-Options": [ "nosniff" ],
        "X-Cache": [ "CONFIG_NOCACHE" ],
        "X-MSEdge-Ref": [ "Ref A: 55275B4FAF794BB6A9C9F404AA8B6887 Ref B: CO6AA3150219023 Ref C: 2024-04-27T01:46:58Z" ],
        "Date": [ "Sat, 27 Apr 2024 01:46:57 GMT" ]
      },
      "ContentHeaders": {
        "Content-Length": [ "135" ],
        "Content-Type": [ "application/json; charset=utf-8" ],
        "Expires": [ "-1" ]
      },
      "Content": "{\"error\":{\"code\":\"MissingSubscription\",\"message\":\"The request did not have a subscription or a valid tenant level resource provider.\"}}",
      "isContentBase64": false
    }
  },
  "Backcompat-SetPolicyAssignmentParameters+[NoContext]+parameter combinations starting with -Id+$GET+https://management.azure.com/someId?api-version=2023-04-01+3": {
    "Request": {
      "Method": "GET",
      "RequestUri": "https://management.azure.com/someId?api-version=2023-04-01",
      "Content": null,
      "isContentBase64": false,
      "Headers": {
        "x-ms-unique-id": [ "922" ],
        "x-ms-client-request-id": [ "b8c83b60-dba7-4584-b122-e25ee4bfe004" ],
        "CommandName": [ "\u0026" ],
        "FullCommandName": [ "Get-AzPolicyAssignment_Get1" ],
        "ParameterSetName": [ "__AllParameterSets" ],
        "User-Agent": [ "AzurePowershell/v11.0.0", "PSVersion/v7.4.2", "Az.Policy/0.1.1" ],
        "Authorization": [ "[Filtered]" ]
      },
      "ContentHeaders": {
      }
    },
    "Response": {
      "StatusCode": 404,
      "Headers": {
        "Cache-Control": [ "no-cache" ],
        "Pragma": [ "no-cache" ],
        "x-ms-failure-cause": [ "gateway" ],
        "x-ms-request-id": [ "d82092cf-b7d6-4ba5-902a-e5d540941118" ],
        "x-ms-correlation-request-id": [ "d82092cf-b7d6-4ba5-902a-e5d540941118" ],
        "x-ms-routing-request-id": [ "WESTUS2:20240427T014659Z:d82092cf-b7d6-4ba5-902a-e5d540941118" ],
        "Strict-Transport-Security": [ "max-age=31536000; includeSubDomains" ],
        "X-Content-Type-Options": [ "nosniff" ],
        "X-Cache": [ "CONFIG_NOCACHE" ],
        "X-MSEdge-Ref": [ "Ref A: 83AD11778FD9485C908F46FE4CB36F78 Ref B: CO6AA3150219023 Ref C: 2024-04-27T01:46:59Z" ],
        "Date": [ "Sat, 27 Apr 2024 01:46:58 GMT" ]
      },
      "ContentHeaders": {
        "Content-Length": [ "135" ],
        "Content-Type": [ "application/json; charset=utf-8" ],
        "Expires": [ "-1" ]
      },
      "Content": "{\"error\":{\"code\":\"MissingSubscription\",\"message\":\"The request did not have a subscription or a valid tenant level resource provider.\"}}",
      "isContentBase64": false
    }
  },
  "Backcompat-SetPolicyAssignmentParameters+[NoContext]+parameter combinations starting with -Id+$GET+https://management.azure.com/someId?api-version=2023-04-01+4": {
    "Request": {
      "Method": "GET",
      "RequestUri": "https://management.azure.com/someId?api-version=2023-04-01",
      "Content": null,
      "isContentBase64": false,
      "Headers": {
        "x-ms-unique-id": [ "923" ],
        "x-ms-client-request-id": [ "fc294da5-8f84-4e6f-a75a-99b83f914323" ],
        "CommandName": [ "\u0026" ],
        "FullCommandName": [ "Get-AzPolicyAssignment_Get1" ],
        "ParameterSetName": [ "__AllParameterSets" ],
        "User-Agent": [ "AzurePowershell/v11.0.0", "PSVersion/v7.4.2", "Az.Policy/0.1.1" ],
        "Authorization": [ "[Filtered]" ]
      },
      "ContentHeaders": {
      }
    },
    "Response": {
      "StatusCode": 404,
      "Headers": {
        "Cache-Control": [ "no-cache" ],
        "Pragma": [ "no-cache" ],
        "x-ms-failure-cause": [ "gateway" ],
        "x-ms-request-id": [ "eca6c4ea-d9d0-477e-bfe1-36164048aa80" ],
        "x-ms-correlation-request-id": [ "eca6c4ea-d9d0-477e-bfe1-36164048aa80" ],
        "x-ms-routing-request-id": [ "WESTUS2:20240427T014700Z:eca6c4ea-d9d0-477e-bfe1-36164048aa80" ],
        "Strict-Transport-Security": [ "max-age=31536000; includeSubDomains" ],
        "X-Content-Type-Options": [ "nosniff" ],
        "X-Cache": [ "CONFIG_NOCACHE" ],
        "X-MSEdge-Ref": [ "Ref A: 1E667B11C2B14536B72E35DDD97DBEBF Ref B: CO6AA3150219023 Ref C: 2024-04-27T01:47:00Z" ],
        "Date": [ "Sat, 27 Apr 2024 01:46:59 GMT" ]
      },
      "ContentHeaders": {
        "Content-Length": [ "135" ],
        "Content-Type": [ "application/json; charset=utf-8" ],
        "Expires": [ "-1" ]
      },
      "Content": "{\"error\":{\"code\":\"MissingSubscription\",\"message\":\"The request did not have a subscription or a valid tenant level resource provider.\"}}",
      "isContentBase64": false
    }
  },
  "Backcompat-SetPolicyAssignmentParameters+[NoContext]+parameter combinations starting with -Id+$GET+https://management.azure.com/someId?api-version=2023-04-01+5": {
    "Request": {
      "Method": "GET",
      "RequestUri": "https://management.azure.com/someId?api-version=2023-04-01",
      "Content": null,
      "isContentBase64": false,
      "Headers": {
        "x-ms-unique-id": [ "924" ],
        "x-ms-client-request-id": [ "9d76d44f-2ba7-49d8-aa3d-5ac87a37f8c8" ],
        "CommandName": [ "\u0026" ],
        "FullCommandName": [ "Get-AzPolicyAssignment_Get1" ],
        "ParameterSetName": [ "__AllParameterSets" ],
        "User-Agent": [ "AzurePowershell/v11.0.0", "PSVersion/v7.4.2", "Az.Policy/0.1.1" ],
        "Authorization": [ "[Filtered]" ]
      },
      "ContentHeaders": {
      }
    },
    "Response": {
      "StatusCode": 404,
      "Headers": {
        "Cache-Control": [ "no-cache" ],
        "Pragma": [ "no-cache" ],
        "x-ms-failure-cause": [ "gateway" ],
        "x-ms-request-id": [ "9a191153-98df-4419-a9aa-299f29074a28" ],
        "x-ms-correlation-request-id": [ "9a191153-98df-4419-a9aa-299f29074a28" ],
        "x-ms-routing-request-id": [ "WESTUS2:20240427T014701Z:9a191153-98df-4419-a9aa-299f29074a28" ],
        "Strict-Transport-Security": [ "max-age=31536000; includeSubDomains" ],
        "X-Content-Type-Options": [ "nosniff" ],
        "X-Cache": [ "CONFIG_NOCACHE" ],
        "X-MSEdge-Ref": [ "Ref A: AF6E26C607794741B8AC072BFDF88F8A Ref B: CO6AA3150219023 Ref C: 2024-04-27T01:47:01Z" ],
        "Date": [ "Sat, 27 Apr 2024 01:47:01 GMT" ]
      },
      "ContentHeaders": {
        "Content-Length": [ "135" ],
        "Content-Type": [ "application/json; charset=utf-8" ],
        "Expires": [ "-1" ]
      },
      "Content": "{\"error\":{\"code\":\"MissingSubscription\",\"message\":\"The request did not have a subscription or a valid tenant level resource provider.\"}}",
      "isContentBase64": false
    }
  },
  "Backcompat-SetPolicyAssignmentParameters+[NoContext]+parameter combinations starting with -Id+$GET+https://management.azure.com/someId?api-version=2023-04-01+6": {
    "Request": {
      "Method": "GET",
      "RequestUri": "https://management.azure.com/someId?api-version=2023-04-01",
      "Content": null,
      "isContentBase64": false,
      "Headers": {
        "x-ms-unique-id": [ "925" ],
        "x-ms-client-request-id": [ "8488d035-6002-4c08-ac1f-f09588789a0f" ],
        "CommandName": [ "\u0026" ],
        "FullCommandName": [ "Get-AzPolicyAssignment_Get1" ],
        "ParameterSetName": [ "__AllParameterSets" ],
        "User-Agent": [ "AzurePowershell/v11.0.0", "PSVersion/v7.4.2", "Az.Policy/0.1.1" ],
        "Authorization": [ "[Filtered]" ]
      },
      "ContentHeaders": {
      }
    },
    "Response": {
      "StatusCode": 404,
      "Headers": {
        "Cache-Control": [ "no-cache" ],
        "Pragma": [ "no-cache" ],
        "x-ms-failure-cause": [ "gateway" ],
        "x-ms-request-id": [ "f9a82dc2-4178-4829-b08a-dec7fd37e331" ],
        "x-ms-correlation-request-id": [ "f9a82dc2-4178-4829-b08a-dec7fd37e331" ],
        "x-ms-routing-request-id": [ "WESTUS2:20240427T014702Z:f9a82dc2-4178-4829-b08a-dec7fd37e331" ],
        "Strict-Transport-Security": [ "max-age=31536000; includeSubDomains" ],
        "X-Content-Type-Options": [ "nosniff" ],
        "X-Cache": [ "CONFIG_NOCACHE" ],
        "X-MSEdge-Ref": [ "Ref A: DC79A1C8E78842D691A58B40F210213C Ref B: CO6AA3150219023 Ref C: 2024-04-27T01:47:02Z" ],
        "Date": [ "Sat, 27 Apr 2024 01:47:02 GMT" ]
      },
      "ContentHeaders": {
        "Content-Length": [ "135" ],
        "Content-Type": [ "application/json; charset=utf-8" ],
        "Expires": [ "-1" ]
      },
      "Content": "{\"error\":{\"code\":\"MissingSubscription\",\"message\":\"The request did not have a subscription or a valid tenant level resource provider.\"}}",
      "isContentBase64": false
    }
  },
  "Backcompat-SetPolicyAssignmentParameters+[NoContext]+parameter combinations starting with -Id+$GET+https://management.azure.com/someId?api-version=2023-04-01+7": {
    "Request": {
      "Method": "GET",
      "RequestUri": "https://management.azure.com/someId?api-version=2023-04-01",
      "Content": null,
      "isContentBase64": false,
      "Headers": {
        "x-ms-unique-id": [ "926" ],
        "x-ms-client-request-id": [ "2aa9b0e8-b9c6-4339-8dac-fa199f7ee660" ],
        "CommandName": [ "\u0026" ],
        "FullCommandName": [ "Get-AzPolicyAssignment_Get1" ],
        "ParameterSetName": [ "__AllParameterSets" ],
        "User-Agent": [ "AzurePowershell/v11.0.0", "PSVersion/v7.4.2", "Az.Policy/0.1.1" ],
        "Authorization": [ "[Filtered]" ]
      },
      "ContentHeaders": {
      }
    },
    "Response": {
      "StatusCode": 404,
      "Headers": {
        "Cache-Control": [ "no-cache" ],
        "Pragma": [ "no-cache" ],
        "x-ms-failure-cause": [ "gateway" ],
        "x-ms-request-id": [ "babedb5a-aa92-4e31-adc4-bcc831aab5ab" ],
        "x-ms-correlation-request-id": [ "babedb5a-aa92-4e31-adc4-bcc831aab5ab" ],
        "x-ms-routing-request-id": [ "WESTUS2:20240427T014703Z:babedb5a-aa92-4e31-adc4-bcc831aab5ab" ],
        "Strict-Transport-Security": [ "max-age=31536000; includeSubDomains" ],
        "X-Content-Type-Options": [ "nosniff" ],
        "X-Cache": [ "CONFIG_NOCACHE" ],
        "X-MSEdge-Ref": [ "Ref A: CB98B17955E84DC8A5123D04FE7C8601 Ref B: CO6AA3150219023 Ref C: 2024-04-27T01:47:03Z" ],
        "Date": [ "Sat, 27 Apr 2024 01:47:03 GMT" ]
      },
      "ContentHeaders": {
        "Content-Length": [ "135" ],
        "Content-Type": [ "application/json; charset=utf-8" ],
        "Expires": [ "-1" ]
      },
      "Content": "{\"error\":{\"code\":\"MissingSubscription\",\"message\":\"The request did not have a subscription or a valid tenant level resource provider.\"}}",
      "isContentBase64": false
    }
  },
  "Backcompat-SetPolicyAssignmentParameters+[NoContext]+parameter combinations starting with -Id+$GET+https://management.azure.com/someId?api-version=2023-04-01+8": {
    "Request": {
      "Method": "GET",
      "RequestUri": "https://management.azure.com/someId?api-version=2023-04-01",
      "Content": null,
      "isContentBase64": false,
      "Headers": {
        "x-ms-unique-id": [ "927" ],
        "x-ms-client-request-id": [ "ddec4802-82b8-483e-a595-693c2d9d879a" ],
        "CommandName": [ "\u0026" ],
        "FullCommandName": [ "Get-AzPolicyAssignment_Get1" ],
        "ParameterSetName": [ "__AllParameterSets" ],
        "User-Agent": [ "AzurePowershell/v11.0.0", "PSVersion/v7.4.2", "Az.Policy/0.1.1" ],
        "Authorization": [ "[Filtered]" ]
      },
      "ContentHeaders": {
      }
    },
    "Response": {
      "StatusCode": 404,
      "Headers": {
        "Cache-Control": [ "no-cache" ],
        "Pragma": [ "no-cache" ],
        "x-ms-failure-cause": [ "gateway" ],
        "x-ms-request-id": [ "061a82bd-15cf-4262-9de9-ee93a85d0d9f" ],
        "x-ms-correlation-request-id": [ "061a82bd-15cf-4262-9de9-ee93a85d0d9f" ],
        "x-ms-routing-request-id": [ "WESTUS2:20240427T014704Z:061a82bd-15cf-4262-9de9-ee93a85d0d9f" ],
        "Strict-Transport-Security": [ "max-age=31536000; includeSubDomains" ],
        "X-Content-Type-Options": [ "nosniff" ],
        "X-Cache": [ "CONFIG_NOCACHE" ],
        "X-MSEdge-Ref": [ "Ref A: 2A1956D435814FFE9CF5671B8563660A Ref B: CO6AA3150219023 Ref C: 2024-04-27T01:47:04Z" ],
        "Date": [ "Sat, 27 Apr 2024 01:47:04 GMT" ]
      },
      "ContentHeaders": {
        "Content-Length": [ "135" ],
        "Content-Type": [ "application/json; charset=utf-8" ],
        "Expires": [ "-1" ]
      },
      "Content": "{\"error\":{\"code\":\"MissingSubscription\",\"message\":\"The request did not have a subscription or a valid tenant level resource provider.\"}}",
      "isContentBase64": false
    }
  },
  "Backcompat-SetPolicyAssignmentParameters+[NoContext]+parameter combinations starting with -Id+$GET+https://management.azure.com/someId?api-version=2023-04-01+9": {
    "Request": {
      "Method": "GET",
      "RequestUri": "https://management.azure.com/someId?api-version=2023-04-01",
      "Content": null,
      "isContentBase64": false,
      "Headers": {
        "x-ms-unique-id": [ "928" ],
        "x-ms-client-request-id": [ "73b0fa69-7cd3-42e1-9c4c-edab015d1044" ],
        "CommandName": [ "\u0026" ],
        "FullCommandName": [ "Get-AzPolicyAssignment_Get1" ],
        "ParameterSetName": [ "__AllParameterSets" ],
        "User-Agent": [ "AzurePowershell/v11.0.0", "PSVersion/v7.4.2", "Az.Policy/0.1.1" ],
        "Authorization": [ "[Filtered]" ]
      },
      "ContentHeaders": {
      }
    },
    "Response": {
      "StatusCode": 404,
      "Headers": {
        "Cache-Control": [ "no-cache" ],
        "Pragma": [ "no-cache" ],
        "x-ms-failure-cause": [ "gateway" ],
        "x-ms-request-id": [ "ec1fcd2b-c8fd-491a-904b-fc38ea7b19aa" ],
        "x-ms-correlation-request-id": [ "ec1fcd2b-c8fd-491a-904b-fc38ea7b19aa" ],
        "x-ms-routing-request-id": [ "WESTUS2:20240427T014705Z:ec1fcd2b-c8fd-491a-904b-fc38ea7b19aa" ],
        "Strict-Transport-Security": [ "max-age=31536000; includeSubDomains" ],
        "X-Content-Type-Options": [ "nosniff" ],
        "X-Cache": [ "CONFIG_NOCACHE" ],
        "X-MSEdge-Ref": [ "Ref A: 930D05277B4B4669BE105D080FE6622D Ref B: CO6AA3150219023 Ref C: 2024-04-27T01:47:05Z" ],
        "Date": [ "Sat, 27 Apr 2024 01:47:05 GMT" ]
      },
      "ContentHeaders": {
        "Content-Length": [ "135" ],
        "Content-Type": [ "application/json; charset=utf-8" ],
        "Expires": [ "-1" ]
      },
      "Content": "{\"error\":{\"code\":\"MissingSubscription\",\"message\":\"The request did not have a subscription or a valid tenant level resource provider.\"}}",
      "isContentBase64": false
    }
  },
  "Backcompat-SetPolicyAssignmentParameters+[NoContext]+parameter combinations starting with -Id+$GET+https://management.azure.com/someId?api-version=2023-04-01+10": {
    "Request": {
      "Method": "GET",
      "RequestUri": "https://management.azure.com/someId?api-version=2023-04-01",
      "Content": null,
      "isContentBase64": false,
      "Headers": {
        "x-ms-unique-id": [ "929" ],
        "x-ms-client-request-id": [ "d69dc193-42c4-4dd7-afdb-3390c77204d7" ],
        "CommandName": [ "\u0026" ],
        "FullCommandName": [ "Get-AzPolicyAssignment_Get1" ],
        "ParameterSetName": [ "__AllParameterSets" ],
        "User-Agent": [ "AzurePowershell/v11.0.0", "PSVersion/v7.4.2", "Az.Policy/0.1.1" ],
        "Authorization": [ "[Filtered]" ]
      },
      "ContentHeaders": {
      }
    },
    "Response": {
      "StatusCode": 404,
      "Headers": {
        "Cache-Control": [ "no-cache" ],
        "Pragma": [ "no-cache" ],
        "x-ms-failure-cause": [ "gateway" ],
        "x-ms-request-id": [ "bc0b6f16-7c81-4df5-bbb8-038ed976dd66" ],
        "x-ms-correlation-request-id": [ "bc0b6f16-7c81-4df5-bbb8-038ed976dd66" ],
        "x-ms-routing-request-id": [ "WESTUS2:20240427T014706Z:bc0b6f16-7c81-4df5-bbb8-038ed976dd66" ],
        "Strict-Transport-Security": [ "max-age=31536000; includeSubDomains" ],
        "X-Content-Type-Options": [ "nosniff" ],
        "X-Cache": [ "CONFIG_NOCACHE" ],
        "X-MSEdge-Ref": [ "Ref A: 0842AEDF7D7749F2BECC00852E3FBCB9 Ref B: CO6AA3150219023 Ref C: 2024-04-27T01:47:06Z" ],
        "Date": [ "Sat, 27 Apr 2024 01:47:06 GMT" ]
      },
      "ContentHeaders": {
        "Content-Length": [ "135" ],
        "Content-Type": [ "application/json; charset=utf-8" ],
        "Expires": [ "-1" ]
      },
      "Content": "{\"error\":{\"code\":\"MissingSubscription\",\"message\":\"The request did not have a subscription or a valid tenant level resource provider.\"}}",
      "isContentBase64": false
    }
  },
  "Backcompat-SetPolicyAssignmentParameters+[NoContext]+parameter combinations starting with -Id+$GET+https://management.azure.com/someId?api-version=2023-04-01+11": {
    "Request": {
      "Method": "GET",
      "RequestUri": "https://management.azure.com/someId?api-version=2023-04-01",
      "Content": null,
      "isContentBase64": false,
      "Headers": {
        "x-ms-unique-id": [ "930" ],
        "x-ms-client-request-id": [ "352723de-9e47-44f0-b8af-792339506196" ],
        "CommandName": [ "\u0026" ],
        "FullCommandName": [ "Get-AzPolicyAssignment_Get1" ],
        "ParameterSetName": [ "__AllParameterSets" ],
        "User-Agent": [ "AzurePowershell/v11.0.0", "PSVersion/v7.4.2", "Az.Policy/0.1.1" ],
        "Authorization": [ "[Filtered]" ]
      },
      "ContentHeaders": {
      }
    },
    "Response": {
      "StatusCode": 404,
      "Headers": {
        "Cache-Control": [ "no-cache" ],
        "Pragma": [ "no-cache" ],
        "x-ms-failure-cause": [ "gateway" ],
        "x-ms-request-id": [ "7c5eafe2-2bac-4b78-abb2-26462fbb2263" ],
        "x-ms-correlation-request-id": [ "7c5eafe2-2bac-4b78-abb2-26462fbb2263" ],
        "x-ms-routing-request-id": [ "WESTUS2:20240427T014707Z:7c5eafe2-2bac-4b78-abb2-26462fbb2263" ],
        "Strict-Transport-Security": [ "max-age=31536000; includeSubDomains" ],
        "X-Content-Type-Options": [ "nosniff" ],
        "X-Cache": [ "CONFIG_NOCACHE" ],
        "X-MSEdge-Ref": [ "Ref A: 475C1968A0DA4EBBAB5280AEAEEE1204 Ref B: CO6AA3150219023 Ref C: 2024-04-27T01:47:07Z" ],
        "Date": [ "Sat, 27 Apr 2024 01:47:07 GMT" ]
      },
      "ContentHeaders": {
        "Content-Length": [ "135" ],
        "Content-Type": [ "application/json; charset=utf-8" ],
        "Expires": [ "-1" ]
      },
      "Content": "{\"error\":{\"code\":\"MissingSubscription\",\"message\":\"The request did not have a subscription or a valid tenant level resource provider.\"}}",
      "isContentBase64": false
    }
  },
  "Backcompat-SetPolicyAssignmentParameters+[NoContext]+parameter combinations starting with -Id+$GET+https://management.azure.com/someId?api-version=2023-04-01+12": {
    "Request": {
      "Method": "GET",
      "RequestUri": "https://management.azure.com/someId?api-version=2023-04-01",
      "Content": null,
      "isContentBase64": false,
      "Headers": {
        "x-ms-unique-id": [ "931" ],
        "x-ms-client-request-id": [ "09e6cba2-5454-4547-977c-f784cda11b01" ],
        "CommandName": [ "\u0026" ],
        "FullCommandName": [ "Get-AzPolicyAssignment_Get1" ],
        "ParameterSetName": [ "__AllParameterSets" ],
        "User-Agent": [ "AzurePowershell/v11.0.0", "PSVersion/v7.4.2", "Az.Policy/0.1.1" ],
        "Authorization": [ "[Filtered]" ]
      },
      "ContentHeaders": {
      }
    },
    "Response": {
      "StatusCode": 404,
      "Headers": {
        "Cache-Control": [ "no-cache" ],
        "Pragma": [ "no-cache" ],
        "x-ms-failure-cause": [ "gateway" ],
        "x-ms-request-id": [ "d92d8762-8f25-48da-a65e-b91fa6d2287a" ],
        "x-ms-correlation-request-id": [ "d92d8762-8f25-48da-a65e-b91fa6d2287a" ],
        "x-ms-routing-request-id": [ "WESTUS2:20240427T014708Z:d92d8762-8f25-48da-a65e-b91fa6d2287a" ],
        "Strict-Transport-Security": [ "max-age=31536000; includeSubDomains" ],
        "X-Content-Type-Options": [ "nosniff" ],
        "X-Cache": [ "CONFIG_NOCACHE" ],
        "X-MSEdge-Ref": [ "Ref A: 41BF9CB81C3D40C4860666B284064873 Ref B: CO6AA3150219023 Ref C: 2024-04-27T01:47:08Z" ],
        "Date": [ "Sat, 27 Apr 2024 01:47:08 GMT" ]
      },
      "ContentHeaders": {
        "Content-Length": [ "135" ],
        "Content-Type": [ "application/json; charset=utf-8" ],
        "Expires": [ "-1" ]
      },
      "Content": "{\"error\":{\"code\":\"MissingSubscription\",\"message\":\"The request did not have a subscription or a valid tenant level resource provider.\"}}",
      "isContentBase64": false
    }
  },
  "Backcompat-SetPolicyAssignmentParameters+[NoContext]+parameter combinations starting with -Id+$GET+https://management.azure.com/someId?api-version=2023-04-01+13": {
    "Request": {
      "Method": "GET",
      "RequestUri": "https://management.azure.com/someId?api-version=2023-04-01",
      "Content": null,
      "isContentBase64": false,
      "Headers": {
        "x-ms-unique-id": [ "932" ],
        "x-ms-client-request-id": [ "a893f372-b663-424e-9dd9-cca467047686" ],
        "CommandName": [ "\u0026" ],
        "FullCommandName": [ "Get-AzPolicyAssignment_Get1" ],
        "ParameterSetName": [ "__AllParameterSets" ],
        "User-Agent": [ "AzurePowershell/v11.0.0", "PSVersion/v7.4.2", "Az.Policy/0.1.1" ],
        "Authorization": [ "[Filtered]" ]
      },
      "ContentHeaders": {
      }
    },
    "Response": {
      "StatusCode": 404,
      "Headers": {
        "Cache-Control": [ "no-cache" ],
        "Pragma": [ "no-cache" ],
        "x-ms-failure-cause": [ "gateway" ],
        "x-ms-request-id": [ "07d075f6-8bc1-42a6-adb5-758a33b4a562" ],
        "x-ms-correlation-request-id": [ "07d075f6-8bc1-42a6-adb5-758a33b4a562" ],
        "x-ms-routing-request-id": [ "WESTUS2:20240427T014709Z:07d075f6-8bc1-42a6-adb5-758a33b4a562" ],
        "Strict-Transport-Security": [ "max-age=31536000; includeSubDomains" ],
        "X-Content-Type-Options": [ "nosniff" ],
        "X-Cache": [ "CONFIG_NOCACHE" ],
        "X-MSEdge-Ref": [ "Ref A: 8584F4C331C9461186D7445B0FE294C9 Ref B: CO6AA3150219023 Ref C: 2024-04-27T01:47:09Z" ],
        "Date": [ "Sat, 27 Apr 2024 01:47:09 GMT" ]
      },
      "ContentHeaders": {
        "Content-Length": [ "135" ],
        "Content-Type": [ "application/json; charset=utf-8" ],
        "Expires": [ "-1" ]
      },
      "Content": "{\"error\":{\"code\":\"MissingSubscription\",\"message\":\"The request did not have a subscription or a valid tenant level resource provider.\"}}",
      "isContentBase64": false
    }
  },
  "Backcompat-SetPolicyAssignmentParameters+[NoContext]+parameter combinations starting with -Id+$GET+https://management.azure.com/someId?api-version=2023-04-01+14": {
    "Request": {
      "Method": "GET",
      "RequestUri": "https://management.azure.com/someId?api-version=2023-04-01",
      "Content": null,
      "isContentBase64": false,
      "Headers": {
        "x-ms-unique-id": [ "933" ],
        "x-ms-client-request-id": [ "892800b1-6c72-4274-8b9c-df012a7dd92f" ],
        "CommandName": [ "\u0026" ],
        "FullCommandName": [ "Get-AzPolicyAssignment_Get1" ],
        "ParameterSetName": [ "__AllParameterSets" ],
        "User-Agent": [ "AzurePowershell/v11.0.0", "PSVersion/v7.4.2", "Az.Policy/0.1.1" ],
        "Authorization": [ "[Filtered]" ]
      },
      "ContentHeaders": {
      }
    },
    "Response": {
      "StatusCode": 404,
      "Headers": {
        "Cache-Control": [ "no-cache" ],
        "Pragma": [ "no-cache" ],
        "x-ms-failure-cause": [ "gateway" ],
        "x-ms-request-id": [ "29ad552e-3058-47ac-9137-3f9cddc6f3bc" ],
        "x-ms-correlation-request-id": [ "29ad552e-3058-47ac-9137-3f9cddc6f3bc" ],
        "x-ms-routing-request-id": [ "WESTUS2:20240427T014710Z:29ad552e-3058-47ac-9137-3f9cddc6f3bc" ],
        "Strict-Transport-Security": [ "max-age=31536000; includeSubDomains" ],
        "X-Content-Type-Options": [ "nosniff" ],
        "X-Cache": [ "CONFIG_NOCACHE" ],
        "X-MSEdge-Ref": [ "Ref A: B8306FC964C7425C8D75E2F603E376EE Ref B: CO6AA3150219023 Ref C: 2024-04-27T01:47:10Z" ],
        "Date": [ "Sat, 27 Apr 2024 01:47:10 GMT" ]
      },
      "ContentHeaders": {
        "Content-Length": [ "135" ],
        "Content-Type": [ "application/json; charset=utf-8" ],
        "Expires": [ "-1" ]
      },
      "Content": "{\"error\":{\"code\":\"MissingSubscription\",\"message\":\"The request did not have a subscription or a valid tenant level resource provider.\"}}",
      "isContentBase64": false
    }
  },
  "Backcompat-SetPolicyAssignmentParameters+[NoContext]+parameter combinations starting with -Id+$GET+https://management.azure.com/someId?api-version=2023-04-01+15": {
    "Request": {
      "Method": "GET",
      "RequestUri": "https://management.azure.com/someId?api-version=2023-04-01",
      "Content": null,
      "isContentBase64": false,
      "Headers": {
        "x-ms-unique-id": [ "934" ],
        "x-ms-client-request-id": [ "3828ad98-914e-4acb-b3a1-7fd8a52bd8ee" ],
        "CommandName": [ "\u0026" ],
        "FullCommandName": [ "Get-AzPolicyAssignment_Get1" ],
        "ParameterSetName": [ "__AllParameterSets" ],
        "User-Agent": [ "AzurePowershell/v11.0.0", "PSVersion/v7.4.2", "Az.Policy/0.1.1" ],
        "Authorization": [ "[Filtered]" ]
      },
      "ContentHeaders": {
      }
    },
    "Response": {
      "StatusCode": 404,
      "Headers": {
        "Cache-Control": [ "no-cache" ],
        "Pragma": [ "no-cache" ],
        "x-ms-failure-cause": [ "gateway" ],
        "x-ms-request-id": [ "0fbe1668-92c0-4ff6-9da1-c3ce530b7887" ],
        "x-ms-correlation-request-id": [ "0fbe1668-92c0-4ff6-9da1-c3ce530b7887" ],
        "x-ms-routing-request-id": [ "WESTUS2:20240427T014711Z:0fbe1668-92c0-4ff6-9da1-c3ce530b7887" ],
        "Strict-Transport-Security": [ "max-age=31536000; includeSubDomains" ],
        "X-Content-Type-Options": [ "nosniff" ],
        "X-Cache": [ "CONFIG_NOCACHE" ],
        "X-MSEdge-Ref": [ "Ref A: 12D7FDCB3E9B4DE88C5AC2F5DFCB0969 Ref B: CO6AA3150219023 Ref C: 2024-04-27T01:47:11Z" ],
        "Date": [ "Sat, 27 Apr 2024 01:47:11 GMT" ]
      },
      "ContentHeaders": {
        "Content-Length": [ "135" ],
        "Content-Type": [ "application/json; charset=utf-8" ],
        "Expires": [ "-1" ]
      },
      "Content": "{\"error\":{\"code\":\"MissingSubscription\",\"message\":\"The request did not have a subscription or a valid tenant level resource provider.\"}}",
      "isContentBase64": false
    }
  },
  "Backcompat-SetPolicyAssignmentParameters+[NoContext]+parameter combinations starting with -Id+$GET+https://management.azure.com/someId?api-version=2023-04-01+16": {
    "Request": {
      "Method": "GET",
      "RequestUri": "https://management.azure.com/someId?api-version=2023-04-01",
      "Content": null,
      "isContentBase64": false,
      "Headers": {
        "x-ms-unique-id": [ "935" ],
        "x-ms-client-request-id": [ "9a2c91b5-c9bc-4505-95d4-f648436a1ff6" ],
        "CommandName": [ "\u0026" ],
        "FullCommandName": [ "Get-AzPolicyAssignment_Get1" ],
        "ParameterSetName": [ "__AllParameterSets" ],
        "User-Agent": [ "AzurePowershell/v11.0.0", "PSVersion/v7.4.2", "Az.Policy/0.1.1" ],
        "Authorization": [ "[Filtered]" ]
      },
      "ContentHeaders": {
      }
    },
    "Response": {
      "StatusCode": 404,
      "Headers": {
        "Cache-Control": [ "no-cache" ],
        "Pragma": [ "no-cache" ],
        "x-ms-failure-cause": [ "gateway" ],
        "x-ms-request-id": [ "f29baa17-b952-4ebb-b89e-f5819102d92f" ],
        "x-ms-correlation-request-id": [ "f29baa17-b952-4ebb-b89e-f5819102d92f" ],
        "x-ms-routing-request-id": [ "WESTUS2:20240427T014712Z:f29baa17-b952-4ebb-b89e-f5819102d92f" ],
        "Strict-Transport-Security": [ "max-age=31536000; includeSubDomains" ],
        "X-Content-Type-Options": [ "nosniff" ],
        "X-Cache": [ "CONFIG_NOCACHE" ],
        "X-MSEdge-Ref": [ "Ref A: 126DA15392EA4D40ADE46BB78DC9B55F Ref B: CO6AA3150219023 Ref C: 2024-04-27T01:47:12Z" ],
        "Date": [ "Sat, 27 Apr 2024 01:47:12 GMT" ]
      },
      "ContentHeaders": {
        "Content-Length": [ "135" ],
        "Content-Type": [ "application/json; charset=utf-8" ],
        "Expires": [ "-1" ]
      },
      "Content": "{\"error\":{\"code\":\"MissingSubscription\",\"message\":\"The request did not have a subscription or a valid tenant level resource provider.\"}}",
      "isContentBase64": false
    }
  },
  "Backcompat-SetPolicyAssignmentParameters+[NoContext]+parameter combinations starting with -Id+$GET+https://management.azure.com/someId?api-version=2023-04-01+17": {
    "Request": {
      "Method": "GET",
      "RequestUri": "https://management.azure.com/someId?api-version=2023-04-01",
      "Content": null,
      "isContentBase64": false,
      "Headers": {
        "x-ms-unique-id": [ "936" ],
        "x-ms-client-request-id": [ "db3ea29d-f455-4a39-9aa2-9c68f5cda8ba" ],
        "CommandName": [ "\u0026" ],
        "FullCommandName": [ "Get-AzPolicyAssignment_Get1" ],
        "ParameterSetName": [ "__AllParameterSets" ],
        "User-Agent": [ "AzurePowershell/v11.0.0", "PSVersion/v7.4.2", "Az.Policy/0.1.1" ],
        "Authorization": [ "[Filtered]" ]
      },
      "ContentHeaders": {
      }
    },
    "Response": {
      "StatusCode": 404,
      "Headers": {
        "Cache-Control": [ "no-cache" ],
        "Pragma": [ "no-cache" ],
        "x-ms-failure-cause": [ "gateway" ],
        "x-ms-request-id": [ "da9896dc-b0bf-414f-adba-2b97fe5d5790" ],
        "x-ms-correlation-request-id": [ "da9896dc-b0bf-414f-adba-2b97fe5d5790" ],
        "x-ms-routing-request-id": [ "WESTUS2:20240427T014713Z:da9896dc-b0bf-414f-adba-2b97fe5d5790" ],
        "Strict-Transport-Security": [ "max-age=31536000; includeSubDomains" ],
        "X-Content-Type-Options": [ "nosniff" ],
        "X-Cache": [ "CONFIG_NOCACHE" ],
        "X-MSEdge-Ref": [ "Ref A: D0FEC7F968344B49A5B46E1A782B583E Ref B: CO6AA3150219023 Ref C: 2024-04-27T01:47:13Z" ],
        "Date": [ "Sat, 27 Apr 2024 01:47:13 GMT" ]
      },
      "ContentHeaders": {
        "Content-Length": [ "135" ],
        "Content-Type": [ "application/json; charset=utf-8" ],
        "Expires": [ "-1" ]
      },
      "Content": "{\"error\":{\"code\":\"MissingSubscription\",\"message\":\"The request did not have a subscription or a valid tenant level resource provider.\"}}",
      "isContentBase64": false
    }
  },
  "Backcompat-SetPolicyAssignmentParameters+[NoContext]+parameter combinations starting with -Id+$GET+https://management.azure.com/someId?api-version=2023-04-01+18": {
    "Request": {
      "Method": "GET",
      "RequestUri": "https://management.azure.com/someId?api-version=2023-04-01",
      "Content": null,
      "isContentBase64": false,
      "Headers": {
        "x-ms-unique-id": [ "937" ],
        "x-ms-client-request-id": [ "00578310-0c88-491a-872c-c956f55cb4ea" ],
        "CommandName": [ "\u0026" ],
        "FullCommandName": [ "Get-AzPolicyAssignment_Get1" ],
        "ParameterSetName": [ "__AllParameterSets" ],
        "User-Agent": [ "AzurePowershell/v11.0.0", "PSVersion/v7.4.2", "Az.Policy/0.1.1" ],
        "Authorization": [ "[Filtered]" ]
      },
      "ContentHeaders": {
      }
    },
    "Response": {
      "StatusCode": 404,
      "Headers": {
        "Cache-Control": [ "no-cache" ],
        "Pragma": [ "no-cache" ],
        "x-ms-failure-cause": [ "gateway" ],
        "x-ms-request-id": [ "533ae225-5811-4639-9cff-8d0e8872ebbe" ],
        "x-ms-correlation-request-id": [ "533ae225-5811-4639-9cff-8d0e8872ebbe" ],
        "x-ms-routing-request-id": [ "WESTUS2:20240427T014714Z:533ae225-5811-4639-9cff-8d0e8872ebbe" ],
        "Strict-Transport-Security": [ "max-age=31536000; includeSubDomains" ],
        "X-Content-Type-Options": [ "nosniff" ],
        "X-Cache": [ "CONFIG_NOCACHE" ],
        "X-MSEdge-Ref": [ "Ref A: 1A31D6DBB1514E48B95BF04FC78AA55A Ref B: CO6AA3150219023 Ref C: 2024-04-27T01:47:14Z" ],
        "Date": [ "Sat, 27 Apr 2024 01:47:14 GMT" ]
      },
      "ContentHeaders": {
        "Content-Length": [ "135" ],
        "Content-Type": [ "application/json; charset=utf-8" ],
        "Expires": [ "-1" ]
      },
      "Content": "{\"error\":{\"code\":\"MissingSubscription\",\"message\":\"The request did not have a subscription or a valid tenant level resource provider.\"}}",
      "isContentBase64": false
    }
  },
  "Backcompat-SetPolicyAssignmentParameters+[NoContext]+parameter combinations starting with -Id+$GET+https://management.azure.com/someId?api-version=2023-04-01+19": {
    "Request": {
      "Method": "GET",
      "RequestUri": "https://management.azure.com/someId?api-version=2023-04-01",
      "Content": null,
      "isContentBase64": false,
      "Headers": {
        "x-ms-unique-id": [ "938" ],
        "x-ms-client-request-id": [ "a11283bb-3db3-4293-b799-567d5be2ce0b" ],
        "CommandName": [ "\u0026" ],
        "FullCommandName": [ "Get-AzPolicyAssignment_Get1" ],
        "ParameterSetName": [ "__AllParameterSets" ],
        "User-Agent": [ "AzurePowershell/v11.0.0", "PSVersion/v7.4.2", "Az.Policy/0.1.1" ],
        "Authorization": [ "[Filtered]" ]
      },
      "ContentHeaders": {
      }
    },
    "Response": {
      "StatusCode": 404,
      "Headers": {
        "Cache-Control": [ "no-cache" ],
        "Pragma": [ "no-cache" ],
        "x-ms-failure-cause": [ "gateway" ],
        "x-ms-request-id": [ "23b2518c-b0a1-41c5-af00-bfd85fbef515" ],
        "x-ms-correlation-request-id": [ "23b2518c-b0a1-41c5-af00-bfd85fbef515" ],
        "x-ms-routing-request-id": [ "WESTUS2:20240427T014715Z:23b2518c-b0a1-41c5-af00-bfd85fbef515" ],
        "Strict-Transport-Security": [ "max-age=31536000; includeSubDomains" ],
        "X-Content-Type-Options": [ "nosniff" ],
        "X-Cache": [ "CONFIG_NOCACHE" ],
        "X-MSEdge-Ref": [ "Ref A: 76A195D9AC51455D8F4BA732529167F2 Ref B: CO6AA3150219023 Ref C: 2024-04-27T01:47:15Z" ],
        "Date": [ "Sat, 27 Apr 2024 01:47:15 GMT" ]
      },
      "ContentHeaders": {
        "Content-Length": [ "135" ],
        "Content-Type": [ "application/json; charset=utf-8" ],
        "Expires": [ "-1" ]
      },
      "Content": "{\"error\":{\"code\":\"MissingSubscription\",\"message\":\"The request did not have a subscription or a valid tenant level resource provider.\"}}",
      "isContentBase64": false
    }
  },
  "Backcompat-SetPolicyAssignmentParameters+[NoContext]+parameter combinations starting with -Id+$GET+https://management.azure.com/someId?api-version=2023-04-01+20": {
    "Request": {
      "Method": "GET",
      "RequestUri": "https://management.azure.com/someId?api-version=2023-04-01",
      "Content": null,
      "isContentBase64": false,
      "Headers": {
        "x-ms-unique-id": [ "939" ],
        "x-ms-client-request-id": [ "e3ebc058-558a-4b42-9282-663d07f7aa67" ],
        "CommandName": [ "\u0026" ],
        "FullCommandName": [ "Get-AzPolicyAssignment_Get1" ],
        "ParameterSetName": [ "__AllParameterSets" ],
        "User-Agent": [ "AzurePowershell/v11.0.0", "PSVersion/v7.4.2", "Az.Policy/0.1.1" ],
        "Authorization": [ "[Filtered]" ]
      },
      "ContentHeaders": {
      }
    },
    "Response": {
      "StatusCode": 404,
      "Headers": {
        "Cache-Control": [ "no-cache" ],
        "Pragma": [ "no-cache" ],
        "x-ms-failure-cause": [ "gateway" ],
        "x-ms-request-id": [ "c5b4152a-a997-40e4-b963-e9d4024a27cb" ],
        "x-ms-correlation-request-id": [ "c5b4152a-a997-40e4-b963-e9d4024a27cb" ],
        "x-ms-routing-request-id": [ "WESTUS2:20240427T014716Z:c5b4152a-a997-40e4-b963-e9d4024a27cb" ],
        "Strict-Transport-Security": [ "max-age=31536000; includeSubDomains" ],
        "X-Content-Type-Options": [ "nosniff" ],
        "X-Cache": [ "CONFIG_NOCACHE" ],
        "X-MSEdge-Ref": [ "Ref A: EF746FF04FBA4472A96D1DF2E7CCB43C Ref B: CO6AA3150219023 Ref C: 2024-04-27T01:47:16Z" ],
        "Date": [ "Sat, 27 Apr 2024 01:47:16 GMT" ]
      },
      "ContentHeaders": {
        "Content-Length": [ "135" ],
        "Content-Type": [ "application/json; charset=utf-8" ],
        "Expires": [ "-1" ]
      },
      "Content": "{\"error\":{\"code\":\"MissingSubscription\",\"message\":\"The request did not have a subscription or a valid tenant level resource provider.\"}}",
      "isContentBase64": false
    }
  },
  "Backcompat-SetPolicyAssignmentParameters+[NoContext]+parameter combinations starting with -Id+$GET+https://management.azure.com/someId?api-version=2023-04-01+21": {
    "Request": {
      "Method": "GET",
      "RequestUri": "https://management.azure.com/someId?api-version=2023-04-01",
      "Content": null,
      "isContentBase64": false,
      "Headers": {
        "x-ms-unique-id": [ "940" ],
        "x-ms-client-request-id": [ "3069b827-4b25-46e3-8894-5d9e195ba6bf" ],
        "CommandName": [ "\u0026" ],
        "FullCommandName": [ "Get-AzPolicyAssignment_Get1" ],
        "ParameterSetName": [ "__AllParameterSets" ],
        "User-Agent": [ "AzurePowershell/v11.0.0", "PSVersion/v7.4.2", "Az.Policy/0.1.1" ],
        "Authorization": [ "[Filtered]" ]
      },
      "ContentHeaders": {
      }
    },
    "Response": {
      "StatusCode": 404,
      "Headers": {
        "Cache-Control": [ "no-cache" ],
        "Pragma": [ "no-cache" ],
        "x-ms-failure-cause": [ "gateway" ],
        "x-ms-request-id": [ "55d4a872-a540-4fac-90f6-72c434750e21" ],
        "x-ms-correlation-request-id": [ "55d4a872-a540-4fac-90f6-72c434750e21" ],
        "x-ms-routing-request-id": [ "WESTUS2:20240427T014717Z:55d4a872-a540-4fac-90f6-72c434750e21" ],
        "Strict-Transport-Security": [ "max-age=31536000; includeSubDomains" ],
        "X-Content-Type-Options": [ "nosniff" ],
        "X-Cache": [ "CONFIG_NOCACHE" ],
        "X-MSEdge-Ref": [ "Ref A: D61B016FC7F94FFC8C3B31A2ACA81CB0 Ref B: CO6AA3150219023 Ref C: 2024-04-27T01:47:17Z" ],
        "Date": [ "Sat, 27 Apr 2024 01:47:17 GMT" ]
      },
      "ContentHeaders": {
        "Content-Length": [ "135" ],
        "Content-Type": [ "application/json; charset=utf-8" ],
        "Expires": [ "-1" ]
      },
      "Content": "{\"error\":{\"code\":\"MissingSubscription\",\"message\":\"The request did not have a subscription or a valid tenant level resource provider.\"}}",
      "isContentBase64": false
    }
  },
  "Backcompat-SetPolicyAssignmentParameters+[NoContext]+parameter combinations starting with -Id+$GET+https://management.azure.com/someId?api-version=2023-04-01+22": {
    "Request": {
      "Method": "GET",
      "RequestUri": "https://management.azure.com/someId?api-version=2023-04-01",
      "Content": null,
      "isContentBase64": false,
      "Headers": {
        "x-ms-unique-id": [ "941" ],
        "x-ms-client-request-id": [ "12dcb0fa-9a89-4540-9648-e12e6697ffcb" ],
        "CommandName": [ "\u0026" ],
        "FullCommandName": [ "Get-AzPolicyAssignment_Get1" ],
        "ParameterSetName": [ "__AllParameterSets" ],
        "User-Agent": [ "AzurePowershell/v11.0.0", "PSVersion/v7.4.2", "Az.Policy/0.1.1" ],
        "Authorization": [ "[Filtered]" ]
      },
      "ContentHeaders": {
      }
    },
    "Response": {
      "StatusCode": 404,
      "Headers": {
        "Cache-Control": [ "no-cache" ],
        "Pragma": [ "no-cache" ],
        "x-ms-failure-cause": [ "gateway" ],
        "x-ms-request-id": [ "c0914b8d-fca7-4968-862c-5f785b984297" ],
        "x-ms-correlation-request-id": [ "c0914b8d-fca7-4968-862c-5f785b984297" ],
        "x-ms-routing-request-id": [ "WESTUS2:20240427T014719Z:c0914b8d-fca7-4968-862c-5f785b984297" ],
        "Strict-Transport-Security": [ "max-age=31536000; includeSubDomains" ],
        "X-Content-Type-Options": [ "nosniff" ],
        "X-Cache": [ "CONFIG_NOCACHE" ],
        "X-MSEdge-Ref": [ "Ref A: A29230DCEFFE4A1B9FD2E9703B8D6464 Ref B: CO6AA3150219023 Ref C: 2024-04-27T01:47:19Z" ],
        "Date": [ "Sat, 27 Apr 2024 01:47:18 GMT" ]
      },
      "ContentHeaders": {
        "Content-Length": [ "135" ],
        "Content-Type": [ "application/json; charset=utf-8" ],
        "Expires": [ "-1" ]
      },
      "Content": "{\"error\":{\"code\":\"MissingSubscription\",\"message\":\"The request did not have a subscription or a valid tenant level resource provider.\"}}",
      "isContentBase64": false
    }
  },
  "Backcompat-SetPolicyAssignmentParameters+[NoContext]+parameter combinations starting with -Id+$GET+https://management.azure.com/someId?api-version=2023-04-01+23": {
    "Request": {
      "Method": "GET",
      "RequestUri": "https://management.azure.com/someId?api-version=2023-04-01",
      "Content": null,
      "isContentBase64": false,
      "Headers": {
        "x-ms-unique-id": [ "942" ],
        "x-ms-client-request-id": [ "8265424c-44e3-4097-84fe-7bdd7fcda80a" ],
        "CommandName": [ "\u0026" ],
        "FullCommandName": [ "Get-AzPolicyAssignment_Get1" ],
        "ParameterSetName": [ "__AllParameterSets" ],
        "User-Agent": [ "AzurePowershell/v11.0.0", "PSVersion/v7.4.2", "Az.Policy/0.1.1" ],
        "Authorization": [ "[Filtered]" ]
      },
      "ContentHeaders": {
      }
    },
    "Response": {
      "StatusCode": 404,
      "Headers": {
        "Cache-Control": [ "no-cache" ],
        "Pragma": [ "no-cache" ],
        "x-ms-failure-cause": [ "gateway" ],
        "x-ms-request-id": [ "bb54be26-2526-46b4-b2a9-7255b2049a92" ],
        "x-ms-correlation-request-id": [ "bb54be26-2526-46b4-b2a9-7255b2049a92" ],
        "x-ms-routing-request-id": [ "WESTUS2:20240427T014719Z:bb54be26-2526-46b4-b2a9-7255b2049a92" ],
        "Strict-Transport-Security": [ "max-age=31536000; includeSubDomains" ],
        "X-Content-Type-Options": [ "nosniff" ],
        "X-Cache": [ "CONFIG_NOCACHE" ],
        "X-MSEdge-Ref": [ "Ref A: F4996725DF46494B96804235B6C6BA32 Ref B: CO6AA3150219023 Ref C: 2024-04-27T01:47:19Z" ],
        "Date": [ "Sat, 27 Apr 2024 01:47:19 GMT" ]
      },
      "ContentHeaders": {
        "Content-Length": [ "135" ],
        "Content-Type": [ "application/json; charset=utf-8" ],
        "Expires": [ "-1" ]
      },
      "Content": "{\"error\":{\"code\":\"MissingSubscription\",\"message\":\"The request did not have a subscription or a valid tenant level resource provider.\"}}",
      "isContentBase64": false
    }
  },
  "Backcompat-SetPolicyAssignmentParameters+[NoContext]+parameter combinations starting with -Id+$GET+https://management.azure.com/someId?api-version=2023-04-01+24": {
    "Request": {
      "Method": "GET",
      "RequestUri": "https://management.azure.com/someId?api-version=2023-04-01",
      "Content": null,
      "isContentBase64": false,
      "Headers": {
        "x-ms-unique-id": [ "943" ],
        "x-ms-client-request-id": [ "ccae7907-6fcd-4ecf-bc1c-95845691ae52" ],
        "CommandName": [ "\u0026" ],
        "FullCommandName": [ "Get-AzPolicyAssignment_Get1" ],
        "ParameterSetName": [ "__AllParameterSets" ],
        "User-Agent": [ "AzurePowershell/v11.0.0", "PSVersion/v7.4.2", "Az.Policy/0.1.1" ],
        "Authorization": [ "[Filtered]" ]
      },
      "ContentHeaders": {
      }
    },
    "Response": {
      "StatusCode": 404,
      "Headers": {
        "Cache-Control": [ "no-cache" ],
        "Pragma": [ "no-cache" ],
        "x-ms-failure-cause": [ "gateway" ],
        "x-ms-request-id": [ "a22453a8-ce39-4bfc-b3d4-fabde0a82c3f" ],
        "x-ms-correlation-request-id": [ "a22453a8-ce39-4bfc-b3d4-fabde0a82c3f" ],
        "x-ms-routing-request-id": [ "WESTUS2:20240427T014721Z:a22453a8-ce39-4bfc-b3d4-fabde0a82c3f" ],
        "Strict-Transport-Security": [ "max-age=31536000; includeSubDomains" ],
        "X-Content-Type-Options": [ "nosniff" ],
        "X-Cache": [ "CONFIG_NOCACHE" ],
        "X-MSEdge-Ref": [ "Ref A: 5B24729261DF4FC284A975B0EB140B2F Ref B: CO6AA3150219023 Ref C: 2024-04-27T01:47:21Z" ],
        "Date": [ "Sat, 27 Apr 2024 01:47:20 GMT" ]
      },
      "ContentHeaders": {
        "Content-Length": [ "135" ],
        "Content-Type": [ "application/json; charset=utf-8" ],
        "Expires": [ "-1" ]
      },
      "Content": "{\"error\":{\"code\":\"MissingSubscription\",\"message\":\"The request did not have a subscription or a valid tenant level resource provider.\"}}",
      "isContentBase64": false
    }
  },
  "Backcompat-SetPolicyAssignmentParameters+[NoContext]+parameter combinations starting with -Id+$GET+https://management.azure.com/someId?api-version=2023-04-01+25": {
    "Request": {
      "Method": "GET",
      "RequestUri": "https://management.azure.com/someId?api-version=2023-04-01",
      "Content": null,
      "isContentBase64": false,
      "Headers": {
        "x-ms-unique-id": [ "944" ],
        "x-ms-client-request-id": [ "8ae88325-29e6-42ab-b41e-7243c18a90fb" ],
        "CommandName": [ "\u0026" ],
        "FullCommandName": [ "Get-AzPolicyAssignment_Get1" ],
        "ParameterSetName": [ "__AllParameterSets" ],
        "User-Agent": [ "AzurePowershell/v11.0.0", "PSVersion/v7.4.2", "Az.Policy/0.1.1" ],
        "Authorization": [ "[Filtered]" ]
      },
      "ContentHeaders": {
      }
    },
    "Response": {
      "StatusCode": 404,
      "Headers": {
        "Cache-Control": [ "no-cache" ],
        "Pragma": [ "no-cache" ],
        "x-ms-failure-cause": [ "gateway" ],
        "x-ms-request-id": [ "aa43ff1f-2ec9-461a-9d03-7cb14f1a60f4" ],
        "x-ms-correlation-request-id": [ "aa43ff1f-2ec9-461a-9d03-7cb14f1a60f4" ],
        "x-ms-routing-request-id": [ "WESTUS2:20240427T014722Z:aa43ff1f-2ec9-461a-9d03-7cb14f1a60f4" ],
        "Strict-Transport-Security": [ "max-age=31536000; includeSubDomains" ],
        "X-Content-Type-Options": [ "nosniff" ],
        "X-Cache": [ "CONFIG_NOCACHE" ],
        "X-MSEdge-Ref": [ "Ref A: 6FDBCAF954CD4C23B25BB9334DD496FE Ref B: CO6AA3150219023 Ref C: 2024-04-27T01:47:22Z" ],
        "Date": [ "Sat, 27 Apr 2024 01:47:21 GMT" ]
      },
      "ContentHeaders": {
        "Content-Length": [ "135" ],
        "Content-Type": [ "application/json; charset=utf-8" ],
        "Expires": [ "-1" ]
      },
      "Content": "{\"error\":{\"code\":\"MissingSubscription\",\"message\":\"The request did not have a subscription or a valid tenant level resource provider.\"}}",
      "isContentBase64": false
    }
  },
  "Backcompat-SetPolicyAssignmentParameters+[NoContext]+parameter combinations starting with -Id+$GET+https://management.azure.com/someId?api-version=2023-04-01+26": {
    "Request": {
      "Method": "GET",
      "RequestUri": "https://management.azure.com/someId?api-version=2023-04-01",
      "Content": null,
      "isContentBase64": false,
      "Headers": {
        "x-ms-unique-id": [ "945" ],
        "x-ms-client-request-id": [ "629671fe-5d51-4648-8e4b-ee9098e2ca91" ],
        "CommandName": [ "\u0026" ],
        "FullCommandName": [ "Get-AzPolicyAssignment_Get1" ],
        "ParameterSetName": [ "__AllParameterSets" ],
        "User-Agent": [ "AzurePowershell/v11.0.0", "PSVersion/v7.4.2", "Az.Policy/0.1.1" ],
        "Authorization": [ "[Filtered]" ]
      },
      "ContentHeaders": {
      }
    },
    "Response": {
      "StatusCode": 404,
      "Headers": {
        "Cache-Control": [ "no-cache" ],
        "Pragma": [ "no-cache" ],
        "x-ms-failure-cause": [ "gateway" ],
        "x-ms-request-id": [ "0c6236ed-dfe8-4166-be92-c37c5d4b3225" ],
        "x-ms-correlation-request-id": [ "0c6236ed-dfe8-4166-be92-c37c5d4b3225" ],
        "x-ms-routing-request-id": [ "WESTUS2:20240427T014723Z:0c6236ed-dfe8-4166-be92-c37c5d4b3225" ],
        "Strict-Transport-Security": [ "max-age=31536000; includeSubDomains" ],
        "X-Content-Type-Options": [ "nosniff" ],
        "X-Cache": [ "CONFIG_NOCACHE" ],
        "X-MSEdge-Ref": [ "Ref A: 5016BA8B28D348A0BB878D0A516FCF9F Ref B: CO6AA3150219023 Ref C: 2024-04-27T01:47:23Z" ],
        "Date": [ "Sat, 27 Apr 2024 01:47:22 GMT" ]
      },
      "ContentHeaders": {
        "Content-Length": [ "135" ],
        "Content-Type": [ "application/json; charset=utf-8" ],
        "Expires": [ "-1" ]
      },
      "Content": "{\"error\":{\"code\":\"MissingSubscription\",\"message\":\"The request did not have a subscription or a valid tenant level resource provider.\"}}",
      "isContentBase64": false
    }
  },
  "Backcompat-SetPolicyAssignmentParameters+[NoContext]+parameter combinations starting with -Id+$GET+https://management.azure.com/someId?api-version=2023-04-01+27": {
    "Request": {
      "Method": "GET",
      "RequestUri": "https://management.azure.com/someId?api-version=2023-04-01",
      "Content": null,
      "isContentBase64": false,
      "Headers": {
        "x-ms-unique-id": [ "946" ],
        "x-ms-client-request-id": [ "55d1b3ee-8f1d-4bc3-9ceb-f55ff0c2a5ef" ],
        "CommandName": [ "\u0026" ],
        "FullCommandName": [ "Get-AzPolicyAssignment_Get1" ],
        "ParameterSetName": [ "__AllParameterSets" ],
        "User-Agent": [ "AzurePowershell/v11.0.0", "PSVersion/v7.4.2", "Az.Policy/0.1.1" ],
        "Authorization": [ "[Filtered]" ]
      },
      "ContentHeaders": {
      }
    },
    "Response": {
      "StatusCode": 404,
      "Headers": {
        "Cache-Control": [ "no-cache" ],
        "Pragma": [ "no-cache" ],
        "x-ms-failure-cause": [ "gateway" ],
        "x-ms-request-id": [ "296f9423-ef1b-4de1-855b-61e2cd22e690" ],
        "x-ms-correlation-request-id": [ "296f9423-ef1b-4de1-855b-61e2cd22e690" ],
        "x-ms-routing-request-id": [ "WESTUS2:20240427T014724Z:296f9423-ef1b-4de1-855b-61e2cd22e690" ],
        "Strict-Transport-Security": [ "max-age=31536000; includeSubDomains" ],
        "X-Content-Type-Options": [ "nosniff" ],
        "X-Cache": [ "CONFIG_NOCACHE" ],
        "X-MSEdge-Ref": [ "Ref A: 320706EC4C4546EDA0E0069E0E794666 Ref B: CO6AA3150219023 Ref C: 2024-04-27T01:47:24Z" ],
        "Date": [ "Sat, 27 Apr 2024 01:47:23 GMT" ]
      },
      "ContentHeaders": {
        "Content-Length": [ "135" ],
        "Content-Type": [ "application/json; charset=utf-8" ],
        "Expires": [ "-1" ]
      },
      "Content": "{\"error\":{\"code\":\"MissingSubscription\",\"message\":\"The request did not have a subscription or a valid tenant level resource provider.\"}}",
      "isContentBase64": false
    }
  },
  "Backcompat-SetPolicyAssignmentParameters+[NoContext]+parameter combinations starting with -Id+$GET+https://management.azure.com/someId?api-version=2023-04-01+28": {
    "Request": {
      "Method": "GET",
      "RequestUri": "https://management.azure.com/someId?api-version=2023-04-01",
      "Content": null,
      "isContentBase64": false,
      "Headers": {
        "x-ms-unique-id": [ "947" ],
        "x-ms-client-request-id": [ "d8e07cfc-45bf-46ed-8c00-a016ec81d768" ],
        "CommandName": [ "\u0026" ],
        "FullCommandName": [ "Get-AzPolicyAssignment_Get1" ],
        "ParameterSetName": [ "__AllParameterSets" ],
        "User-Agent": [ "AzurePowershell/v11.0.0", "PSVersion/v7.4.2", "Az.Policy/0.1.1" ],
        "Authorization": [ "[Filtered]" ]
      },
      "ContentHeaders": {
      }
    },
    "Response": {
      "StatusCode": 404,
      "Headers": {
        "Cache-Control": [ "no-cache" ],
        "Pragma": [ "no-cache" ],
        "x-ms-failure-cause": [ "gateway" ],
        "x-ms-request-id": [ "c3c23720-980b-4f01-9f88-b9a247486fee" ],
        "x-ms-correlation-request-id": [ "c3c23720-980b-4f01-9f88-b9a247486fee" ],
        "x-ms-routing-request-id": [ "WESTUS2:20240427T014725Z:c3c23720-980b-4f01-9f88-b9a247486fee" ],
        "Strict-Transport-Security": [ "max-age=31536000; includeSubDomains" ],
        "X-Content-Type-Options": [ "nosniff" ],
        "X-Cache": [ "CONFIG_NOCACHE" ],
        "X-MSEdge-Ref": [ "Ref A: E85ABE586FFA47DBB02CEE9C3897BEFC Ref B: CO6AA3150219023 Ref C: 2024-04-27T01:47:25Z" ],
        "Date": [ "Sat, 27 Apr 2024 01:47:24 GMT" ]
      },
      "ContentHeaders": {
        "Content-Length": [ "135" ],
        "Content-Type": [ "application/json; charset=utf-8" ],
        "Expires": [ "-1" ]
      },
      "Content": "{\"error\":{\"code\":\"MissingSubscription\",\"message\":\"The request did not have a subscription or a valid tenant level resource provider.\"}}",
      "isContentBase64": false
    }
  },
  "Backcompat-SetPolicyAssignmentParameters+[NoContext]+parameter combinations starting with -Id+$GET+https://management.azure.com/someId?api-version=2023-04-01+29": {
    "Request": {
      "Method": "GET",
      "RequestUri": "https://management.azure.com/someId?api-version=2023-04-01",
      "Content": null,
      "isContentBase64": false,
      "Headers": {
        "x-ms-unique-id": [ "948" ],
        "x-ms-client-request-id": [ "3e0708d3-f766-482a-bbaa-0fe294b86a17" ],
        "CommandName": [ "\u0026" ],
        "FullCommandName": [ "Get-AzPolicyAssignment_Get1" ],
        "ParameterSetName": [ "__AllParameterSets" ],
        "User-Agent": [ "AzurePowershell/v11.0.0", "PSVersion/v7.4.2", "Az.Policy/0.1.1" ],
        "Authorization": [ "[Filtered]" ]
      },
      "ContentHeaders": {
      }
    },
    "Response": {
      "StatusCode": 404,
      "Headers": {
        "Cache-Control": [ "no-cache" ],
        "Pragma": [ "no-cache" ],
        "x-ms-failure-cause": [ "gateway" ],
        "x-ms-request-id": [ "860d1542-e25f-419e-bcb9-312b32ee2bea" ],
        "x-ms-correlation-request-id": [ "860d1542-e25f-419e-bcb9-312b32ee2bea" ],
        "x-ms-routing-request-id": [ "WESTUS2:20240427T014726Z:860d1542-e25f-419e-bcb9-312b32ee2bea" ],
        "Strict-Transport-Security": [ "max-age=31536000; includeSubDomains" ],
        "X-Content-Type-Options": [ "nosniff" ],
        "X-Cache": [ "CONFIG_NOCACHE" ],
        "X-MSEdge-Ref": [ "Ref A: 10704028510F4BE2B3766C6CB234882B Ref B: CO6AA3150219023 Ref C: 2024-04-27T01:47:26Z" ],
        "Date": [ "Sat, 27 Apr 2024 01:47:25 GMT" ]
      },
      "ContentHeaders": {
        "Content-Length": [ "135" ],
        "Content-Type": [ "application/json; charset=utf-8" ],
        "Expires": [ "-1" ]
      },
      "Content": "{\"error\":{\"code\":\"MissingSubscription\",\"message\":\"The request did not have a subscription or a valid tenant level resource provider.\"}}",
      "isContentBase64": false
    }
  }
}