{
  "Backcompat-PolicyAssignmentWithParameters+[NoContext]+[NoScenario]+$PUT+https://management.azure.com/subscriptions/edb2c18a-04d6-49e9-bc72-e23852f507ad/providers/Microsoft.Authorization/policyDefinitions/psBackcompat-PolicyAssignmentWithParameters01?api-version=2023-04-01+1": {
    "Request": {
      "Method": "PUT",
      "RequestUri": "https://management.azure.com/subscriptions/edb2c18a-04d6-49e9-bc72-e23852f507ad/providers/Microsoft.Authorization/policyDefinitions/psBackcompat-PolicyAssignmentWithParameters01?api-version=2023-04-01",
      "Content": "{\r\n  \"properties\": {\r\n    \"mode\": \"All\",\r\n    \"description\": \"Unit test junk: sorry for littering. Please delete me!\",\r\n    \"policyRule\": {\r\n      \"if\": {\r\n        \"not\": {\r\n          \"field\": \"location\",\r\n          \"in\": \"[parameters(\\u0027listOfAllowedLocations\\u0027)]\"\r\n        }\r\n      },\r\n      \"then\": {\r\n        \"effect\": \"[parameters(\\u0027effectParam\\u0027)]\"\r\n      }\r\n    },\r\n    \"parameters\": {\r\n      \"listOfAllowedLocations\": {\r\n        \"type\": \"array\",\r\n        \"metadata\": {\r\n          \"description\": \"An array of permitted locations for resources.\",\r\n          \"strongType\": \"location\",\r\n          \"displayName\": \"List of locations\"\r\n        }\r\n      },\r\n      \"effectParam\": {\r\n        \"type\": \"string\",\r\n        \"defaultValue\": \"Deny\",\r\n        \"allowedValues\": [ \"Deny\", \"Disabled\" ],\r\n        \"metadata\": {\r\n          \"description\": \"The effect of the policy\",\r\n          \"displayName\": \"Policy Effect\"\r\n        }\r\n      }\r\n    }\r\n  }\r\n}",
      "isContentBase64": false,
      "Headers": {
      },
      "ContentHeaders": {
        "Content-Type": [ "application/json" ],
        "Content-Length": [ "959" ]
      }
    },
    "Response": {
      "StatusCode": 201,
      "Headers": {
        "Cache-Control": [ "no-cache" ],
        "Pragma": [ "no-cache" ],
        "Strict-Transport-Security": [ "max-age=31536000; includeSubDomains" ],
        "x-ms-ratelimit-remaining-subscription-writes": [ "1199" ],
        "x-ms-request-id": [ "92399cd2-dccc-4ecc-871e-09f916d80b17" ],
        "x-ms-correlation-request-id": [ "92399cd2-dccc-4ecc-871e-09f916d80b17" ],
        "x-ms-routing-request-id": [ "WESTUS2:20240313T171218Z:92399cd2-dccc-4ecc-871e-09f916d80b17" ],
        "X-Content-Type-Options": [ "nosniff" ],
        "X-Cache": [ "CONFIG_NOCACHE" ],
        "X-MSEdge-Ref": [ "Ref A: 09643CAF7C0F4CF6A1BF88CB46B1BFD5 Ref B: CO6AA3150217025 Ref C: 2024-03-13T17:12:18Z" ],
        "Date": [ "Wed, 13 Mar 2024 17:12:18 GMT" ]
      },
      "ContentHeaders": {
        "Content-Length": [ "1317" ],
        "Content-Type": [ "application/json; charset=utf-8" ],
        "Expires": [ "-1" ]
      },
      "Content": "{\"properties\":{\"policyType\":\"Custom\",\"mode\":\"All\",\"description\":\"Unit test junk: sorry for littering. Please delete me!\",\"metadata\":{\"createdBy\":\"3d826307-2481-45a0-a271-bcf9333f914a\",\"createdOn\":\"2024-03-13T17:12:18.5108848Z\",\"updatedBy\":null,\"updatedOn\":null},\"version\":\"1.0.0\",\"parameters\":{\"listOfAllowedLocations\":{\"type\":\"array\",\"metadata\":{\"description\":\"An array of permitted locations for resources.\",\"strongType\":\"location\",\"displayName\":\"List of locations\"}},\"effectParam\":{\"type\":\"string\",\"metadata\":{\"description\":\"The effect of the policy\",\"displayName\":\"Policy Effect\"},\"allowedValues\":[\"Deny\",\"Disabled\"],\"defaultValue\":\"Deny\"}},\"policyRule\":{\"if\":{\"not\":{\"field\":\"location\",\"in\":\"[parameters(\u0027listOfAllowedLocations\u0027)]\"}},\"then\":{\"effect\":\"[parameters(\u0027effectParam\u0027)]\"}},\"versions\":[\"1.0.0\"]},\"id\":\"/subscriptions/edb2c18a-04d6-49e9-bc72-e23852f507ad/providers/Microsoft.Authorization/policyDefinitions/psBackcompat-PolicyAssignmentWithParameters01\",\"type\":\"Microsoft.Authorization/policyDefinitions\",\"name\":\"psBackcompat-PolicyAssignmentWithParameters01\",\"systemData\":{\"createdBy\":\"cstack@ntdev.microsoft.com\",\"createdByType\":\"User\",\"createdAt\":\"2024-03-13T17:12:18.4820494Z\",\"lastModifiedBy\":\"cstack@ntdev.microsoft.com\",\"lastModifiedByType\":\"User\",\"lastModifiedAt\":\"2024-03-13T17:12:18.4820494Z\"}}",
      "isContentBase64": false
    }
  },
  "Backcompat-PolicyAssignmentWithParameters+[NoContext]+make policy assignment with parameters+$PUT+https://management.azure.com//subscriptions/edb2c18a-04d6-49e9-bc72-e23852f507ad/resourceGroups/rgBackcompat-PolicyAssignmentWithParameters01/providers/Microsoft.Authorization/policyAssignments/psBackcompat-PolicyAssignmentWithParameters02?api-version=2023-04-01+1": {
    "Request": {
      "Method": "PUT",
      "RequestUri": "https://management.azure.com//subscriptions/edb2c18a-04d6-49e9-bc72-e23852f507ad/resourceGroups/rgBackcompat-PolicyAssignmentWithParameters01/providers/Microsoft.Authorization/policyAssignments/psBackcompat-PolicyAssignmentWithParameters02?api-version=2023-04-01",
      "Content": "{\r\n  \"properties\": {\r\n    \"policyDefinitionId\": \"/subscriptions/edb2c18a-04d6-49e9-bc72-e23852f507ad/providers/Microsoft.Authorization/policyDefinitions/psBackcompat-PolicyAssignmentWithParameters01\",\r\n    \"parameters\": {\r\n      \"listOfAllowedLocations\": {\r\n        \"value\": [ \"West US\", \"West US 2\" ]\r\n      }\r\n    },\r\n    \"description\": \"Unit test junk: sorry for littering. Please delete me!\"\r\n  }\r\n}",
      "isContentBase64": false,
      "Headers": {
      },
      "ContentHeaders": {
        "Content-Type": [ "application/json" ],
        "Content-Length": [ "403" ]
      }
    },
    "Response": {
      "StatusCode": 201,
      "Headers": {
        "Cache-Control": [ "no-cache" ],
        "Pragma": [ "no-cache" ],
        "Strict-Transport-Security": [ "max-age=31536000; includeSubDomains" ],
        "x-ms-ratelimit-remaining-subscription-writes": [ "1199" ],
        "x-ms-request-id": [ "29fdd9a1-2596-4ffa-b5f3-609fe0b35dfa" ],
        "x-ms-correlation-request-id": [ "29fdd9a1-2596-4ffa-b5f3-609fe0b35dfa" ],
        "x-ms-routing-request-id": [ "WESTUS2:20240313T171219Z:29fdd9a1-2596-4ffa-b5f3-609fe0b35dfa" ],
        "X-Content-Type-Options": [ "nosniff" ],
        "X-Cache": [ "CONFIG_NOCACHE" ],
        "X-MSEdge-Ref": [ "Ref A: 3AB24723FC0E4C0BA1FBEE6500E0CA88 Ref B: CO6AA3150217025 Ref C: 2024-03-13T17:12:18Z" ],
        "Date": [ "Wed, 13 Mar 2024 17:12:18 GMT" ]
      },
      "ContentHeaders": {
        "Content-Length": [ "1221" ],
        "Content-Type": [ "application/json; charset=utf-8" ],
        "Expires": [ "-1" ]
      },
      "Content": "{\"properties\":{\"policyDefinitionId\":\"/subscriptions/edb2c18a-04d6-49e9-bc72-e23852f507ad/providers/Microsoft.Authorization/policyDefinitions/psBackcompat-PolicyAssignmentWithParameters01\",\"definitionVersion\":\"1.*.*\",\"scope\":\"/subscriptions/edb2c18a-04d6-49e9-bc72-e23852f507ad/resourceGroups/rgBackcompat-PolicyAssignmentWithParameters01\",\"parameters\":{\"listOfAllowedLocations\":{\"value\":[\"West US\",\"West US 2\"]}},\"description\":\"Unit test junk: sorry for littering. Please delete me!\",\"metadata\":{\"createdBy\":\"3d826307-2481-45a0-a271-bcf9333f914a\",\"createdOn\":\"2024-03-13T17:12:19.031694Z\",\"updatedBy\":null,\"updatedOn\":null},\"enforcementMode\":\"Default\"},\"id\":\"/subscriptions/edb2c18a-04d6-49e9-bc72-e23852f507ad/resourceGroups/rgBackcompat-PolicyAssignmentWithParameters01/providers/Microsoft.Authorization/policyAssignments/psBackcompat-PolicyAssignmentWithParameters02\",\"type\":\"Microsoft.Authorization/policyAssignments\",\"name\":\"psBackcompat-PolicyAssignmentWithParameters02\",\"systemData\":{\"createdBy\":\"cstack@ntdev.microsoft.com\",\"createdByType\":\"User\",\"createdAt\":\"2024-03-13T17:12:19.0042913Z\",\"lastModifiedBy\":\"cstack@ntdev.microsoft.com\",\"lastModifiedByType\":\"User\",\"lastModifiedAt\":\"2024-03-13T17:12:19.0042913Z\"}}",
      "isContentBase64": false
    }
  },
  "Backcompat-PolicyAssignmentWithParameters+[NoContext]+make policy assignment with parameters+$GET+https://management.azure.com//subscriptions/edb2c18a-04d6-49e9-bc72-e23852f507ad/resourceGroups/rgBackcompat-PolicyAssignmentWithParameters01/providers/Microsoft.Authorization/policyAssignments/psBackcompat-PolicyAssignmentWithParameters02?api-version=2023-04-01+2": {
    "Request": {
      "Method": "GET",
      "RequestUri": "https://management.azure.com//subscriptions/edb2c18a-04d6-49e9-bc72-e23852f507ad/resourceGroups/rgBackcompat-PolicyAssignmentWithParameters01/providers/Microsoft.Authorization/policyAssignments/psBackcompat-PolicyAssignmentWithParameters02?api-version=2023-04-01",
      "Content": null,
      "isContentBase64": false,
      "Headers": {
        "x-ms-unique-id": [ "600" ],
        "x-ms-client-request-id": [ "725781b4-47cc-474d-8e4b-ae01f2cf680a" ],
        "CommandName": [ "\u0026" ],
        "FullCommandName": [ "Get-AzPolicyAssignment_Get" ],
        "ParameterSetName": [ "__AllParameterSets" ],
        "User-Agent": [ "AzurePowershell/v11.0.0", "PSVersion/v7.4.1", "Az.Policy/0.1.1" ],
        "Authorization": [ "[Filtered]" ]
      },
      "ContentHeaders": {
      }
    },
    "Response": {
      "StatusCode": 200,
      "Headers": {
        "Cache-Control": [ "no-cache" ],
        "Pragma": [ "no-cache" ],
        "Strict-Transport-Security": [ "max-age=31536000; includeSubDomains" ],
        "x-ms-ratelimit-remaining-subscription-reads": [ "11998" ],
        "x-ms-request-id": [ "c0ac3001-9627-4ace-8efc-3cb3080d5ed0" ],
        "x-ms-correlation-request-id": [ "c0ac3001-9627-4ace-8efc-3cb3080d5ed0" ],
        "x-ms-routing-request-id": [ "WESTUS2:20240313T171219Z:c0ac3001-9627-4ace-8efc-3cb3080d5ed0" ],
        "X-Content-Type-Options": [ "nosniff" ],
        "X-Cache": [ "CONFIG_NOCACHE" ],
        "X-MSEdge-Ref": [ "Ref A: 37A3F5A0581542638F5374B0D13C03DC Ref B: CO6AA3150217025 Ref C: 2024-03-13T17:12:19Z" ],
        "Date": [ "Wed, 13 Mar 2024 17:12:18 GMT" ]
      },
      "ContentHeaders": {
        "Content-Length": [ "1221" ],
        "Content-Type": [ "application/json; charset=utf-8" ],
        "Expires": [ "-1" ]
      },
      "Content": "{\"properties\":{\"policyDefinitionId\":\"/subscriptions/edb2c18a-04d6-49e9-bc72-e23852f507ad/providers/Microsoft.Authorization/policyDefinitions/psBackcompat-PolicyAssignmentWithParameters01\",\"definitionVersion\":\"1.*.*\",\"scope\":\"/subscriptions/edb2c18a-04d6-49e9-bc72-e23852f507ad/resourceGroups/rgBackcompat-PolicyAssignmentWithParameters01\",\"parameters\":{\"listOfAllowedLocations\":{\"value\":[\"West US\",\"West US 2\"]}},\"description\":\"Unit test junk: sorry for littering. Please delete me!\",\"metadata\":{\"createdBy\":\"3d826307-2481-45a0-a271-bcf9333f914a\",\"createdOn\":\"2024-03-13T17:12:19.031694Z\",\"updatedBy\":null,\"updatedOn\":null},\"enforcementMode\":\"Default\"},\"id\":\"/subscriptions/edb2c18a-04d6-49e9-bc72-e23852f507ad/resourceGroups/rgBackcompat-PolicyAssignmentWithParameters01/providers/Microsoft.Authorization/policyAssignments/psBackcompat-PolicyAssignmentWithParameters02\",\"type\":\"Microsoft.Authorization/policyAssignments\",\"name\":\"psBackcompat-PolicyAssignmentWithParameters02\",\"systemData\":{\"createdBy\":\"cstack@ntdev.microsoft.com\",\"createdByType\":\"User\",\"createdAt\":\"2024-03-13T17:12:19.0042913Z\",\"lastModifiedBy\":\"cstack@ntdev.microsoft.com\",\"lastModifiedByType\":\"User\",\"lastModifiedAt\":\"2024-03-13T17:12:19.0042913Z\"}}",
      "isContentBase64": false
    }
  },
  "Backcompat-PolicyAssignmentWithParameters+[NoContext]+make policy assignment with parameters+$DELETE+https://management.azure.com//subscriptions/edb2c18a-04d6-49e9-bc72-e23852f507ad/resourceGroups/rgBackcompat-PolicyAssignmentWithParameters01/providers/Microsoft.Authorization/policyAssignments/psBackcompat-PolicyAssignmentWithParameters02?api-version=2023-04-01+3": {
    "Request": {
      "Method": "DELETE",
      "RequestUri": "https://management.azure.com//subscriptions/edb2c18a-04d6-49e9-bc72-e23852f507ad/resourceGroups/rgBackcompat-PolicyAssignmentWithParameters01/providers/Microsoft.Authorization/policyAssignments/psBackcompat-PolicyAssignmentWithParameters02?api-version=2023-04-01",
      "Content": null,
      "isContentBase64": false,
      "Headers": {
        "x-ms-unique-id": [ "601" ],
        "x-ms-client-request-id": [ "0b016196-7fa7-4920-9397-d92aa10a38b2" ],
        "CommandName": [ "\u0026" ],
        "FullCommandName": [ "Remove-AzPolicyAssignment_Delete" ],
        "ParameterSetName": [ "__AllParameterSets" ],
        "User-Agent": [ "AzurePowershell/v11.0.0", "PSVersion/v7.4.1", "Az.Policy/0.1.1" ],
        "Authorization": [ "[Filtered]" ]
      },
      "ContentHeaders": {
      }
    },
    "Response": {
      "StatusCode": 200,
      "Headers": {
        "Cache-Control": [ "no-cache" ],
        "Pragma": [ "no-cache" ],
        "Strict-Transport-Security": [ "max-age=31536000; includeSubDomains" ],
        "x-ms-ratelimit-remaining-subscription-deletes": [ "14999" ],
        "x-ms-request-id": [ "bead0554-5b00-4b57-aee8-70f7be86d04b" ],
        "x-ms-correlation-request-id": [ "bead0554-5b00-4b57-aee8-70f7be86d04b" ],
        "x-ms-routing-request-id": [ "WESTUS2:20240313T171220Z:bead0554-5b00-4b57-aee8-70f7be86d04b" ],
        "X-Content-Type-Options": [ "nosniff" ],
        "X-Cache": [ "CONFIG_NOCACHE" ],
        "X-MSEdge-Ref": [ "Ref A: 653F0C9602424A55966750CA88A7CFDA Ref B: CO6AA3150217025 Ref C: 2024-03-13T17:12:19Z" ],
        "Date": [ "Wed, 13 Mar 2024 17:12:19 GMT" ]
      },
      "ContentHeaders": {
        "Content-Length": [ "1221" ],
        "Content-Type": [ "application/json; charset=utf-8" ],
        "Expires": [ "-1" ]
      },
      "Content": "{\"properties\":{\"policyDefinitionId\":\"/subscriptions/edb2c18a-04d6-49e9-bc72-e23852f507ad/providers/Microsoft.Authorization/policyDefinitions/psBackcompat-PolicyAssignmentWithParameters01\",\"definitionVersion\":\"1.*.*\",\"scope\":\"/subscriptions/edb2c18a-04d6-49e9-bc72-e23852f507ad/resourceGroups/rgBackcompat-PolicyAssignmentWithParameters01\",\"parameters\":{\"listOfAllowedLocations\":{\"value\":[\"West US\",\"West US 2\"]}},\"description\":\"Unit test junk: sorry for littering. Please delete me!\",\"metadata\":{\"createdBy\":\"3d826307-2481-45a0-a271-bcf9333f914a\",\"createdOn\":\"2024-03-13T17:12:19.031694Z\",\"updatedBy\":null,\"updatedOn\":null},\"enforcementMode\":\"Default\"},\"id\":\"/subscriptions/edb2c18a-04d6-49e9-bc72-e23852f507ad/resourceGroups/rgBackcompat-PolicyAssignmentWithParameters01/providers/Microsoft.Authorization/policyAssignments/psBackcompat-PolicyAssignmentWithParameters02\",\"type\":\"Microsoft.Authorization/policyAssignments\",\"name\":\"psBackcompat-PolicyAssignmentWithParameters02\",\"systemData\":{\"createdBy\":\"cstack@ntdev.microsoft.com\",\"createdByType\":\"User\",\"createdAt\":\"2024-03-13T17:12:19.0042913Z\",\"lastModifiedBy\":\"cstack@ntdev.microsoft.com\",\"lastModifiedByType\":\"User\",\"lastModifiedAt\":\"2024-03-13T17:12:19.0042913Z\"}}",
      "isContentBase64": false
    }
  },
  "Backcompat-PolicyAssignmentWithParameters+[NoContext]+make policy assignment with parameters from a file+$PUT+https://management.azure.com//subscriptions/edb2c18a-04d6-49e9-bc72-e23852f507ad/resourceGroups/rgBackcompat-PolicyAssignmentWithParameters01/providers/Microsoft.Authorization/policyAssignments/psBackcompat-PolicyAssignmentWithParameters02?api-version=2023-04-01+1": {
    "Request": {
      "Method": "PUT",
      "RequestUri": "https://management.azure.com//subscriptions/edb2c18a-04d6-49e9-bc72-e23852f507ad/resourceGroups/rgBackcompat-PolicyAssignmentWithParameters01/providers/Microsoft.Authorization/policyAssignments/psBackcompat-PolicyAssignmentWithParameters02?api-version=2023-04-01",
      "Content": "{\r\n  \"properties\": {\r\n    \"policyDefinitionId\": \"/subscriptions/edb2c18a-04d6-49e9-bc72-e23852f507ad/providers/Microsoft.Authorization/policyDefinitions/psBackcompat-PolicyAssignmentWithParameters01\",\r\n    \"parameters\": {\r\n      \"listOfAllowedLocations\": {\r\n        \"value\": [ \"West US\", \"West US 2\" ]\r\n      }\r\n    },\r\n    \"description\": \"Unit test junk: sorry for littering. Please delete me!\"\r\n  }\r\n}",
      "isContentBase64": false,
      "Headers": {
      },
      "ContentHeaders": {
        "Content-Type": [ "application/json" ],
        "Content-Length": [ "403" ]
      }
    },
    "Response": {
      "StatusCode": 201,
      "Headers": {
        "Cache-Control": [ "no-cache" ],
        "Pragma": [ "no-cache" ],
        "Strict-Transport-Security": [ "max-age=31536000; includeSubDomains" ],
        "x-ms-ratelimit-remaining-subscription-writes": [ "1199" ],
        "x-ms-request-id": [ "b0c9f06d-48eb-4d8a-969f-5b7fcd01ec8b" ],
        "x-ms-correlation-request-id": [ "b0c9f06d-48eb-4d8a-969f-5b7fcd01ec8b" ],
        "x-ms-routing-request-id": [ "WESTUS2:20240313T171220Z:b0c9f06d-48eb-4d8a-969f-5b7fcd01ec8b" ],
        "X-Content-Type-Options": [ "nosniff" ],
        "X-Cache": [ "CONFIG_NOCACHE" ],
        "X-MSEdge-Ref": [ "Ref A: 5FCEA9E8DD054D1A97E45A50F677CC37 Ref B: CO6AA3150217025 Ref C: 2024-03-13T17:12:20Z" ],
        "Date": [ "Wed, 13 Mar 2024 17:12:20 GMT" ]
      },
      "ContentHeaders": {
        "Content-Length": [ "1221" ],
        "Content-Type": [ "application/json; charset=utf-8" ],
        "Expires": [ "-1" ]
      },
      "Content": "{\"properties\":{\"policyDefinitionId\":\"/subscriptions/edb2c18a-04d6-49e9-bc72-e23852f507ad/providers/Microsoft.Authorization/policyDefinitions/psBackcompat-PolicyAssignmentWithParameters01\",\"definitionVersion\":\"1.*.*\",\"scope\":\"/subscriptions/edb2c18a-04d6-49e9-bc72-e23852f507ad/resourceGroups/rgBackcompat-PolicyAssignmentWithParameters01\",\"parameters\":{\"listOfAllowedLocations\":{\"value\":[\"West US\",\"West US 2\"]}},\"description\":\"Unit test junk: sorry for littering. Please delete me!\",\"metadata\":{\"createdBy\":\"3d826307-2481-45a0-a271-bcf9333f914a\",\"createdOn\":\"2024-03-13T17:12:20.364292Z\",\"updatedBy\":null,\"updatedOn\":null},\"enforcementMode\":\"Default\"},\"id\":\"/subscriptions/edb2c18a-04d6-49e9-bc72-e23852f507ad/resourceGroups/rgBackcompat-PolicyAssignmentWithParameters01/providers/Microsoft.Authorization/policyAssignments/psBackcompat-PolicyAssignmentWithParameters02\",\"type\":\"Microsoft.Authorization/policyAssignments\",\"name\":\"psBackcompat-PolicyAssignmentWithParameters02\",\"systemData\":{\"createdBy\":\"cstack@ntdev.microsoft.com\",\"createdByType\":\"User\",\"createdAt\":\"2024-03-13T17:12:20.2796957Z\",\"lastModifiedBy\":\"cstack@ntdev.microsoft.com\",\"lastModifiedByType\":\"User\",\"lastModifiedAt\":\"2024-03-13T17:12:20.2796957Z\"}}",
      "isContentBase64": false
    }
  },
  "Backcompat-PolicyAssignmentWithParameters+[NoContext]+make policy assignment with parameters from a file+$GET+https://management.azure.com//subscriptions/edb2c18a-04d6-49e9-bc72-e23852f507ad/resourceGroups/rgBackcompat-PolicyAssignmentWithParameters01/providers/Microsoft.Authorization/policyAssignments/psBackcompat-PolicyAssignmentWithParameters02?api-version=2023-04-01+2": {
    "Request": {
      "Method": "GET",
      "RequestUri": "https://management.azure.com//subscriptions/edb2c18a-04d6-49e9-bc72-e23852f507ad/resourceGroups/rgBackcompat-PolicyAssignmentWithParameters01/providers/Microsoft.Authorization/policyAssignments/psBackcompat-PolicyAssignmentWithParameters02?api-version=2023-04-01",
      "Content": null,
      "isContentBase64": false,
      "Headers": {
        "x-ms-unique-id": [ "603" ],
        "x-ms-client-request-id": [ "0f07205e-0c17-41a0-9c83-9ee1b2e0adc5" ],
        "CommandName": [ "\u0026" ],
        "FullCommandName": [ "Get-AzPolicyAssignment_Get" ],
        "ParameterSetName": [ "__AllParameterSets" ],
        "User-Agent": [ "AzurePowershell/v11.0.0", "PSVersion/v7.4.1", "Az.Policy/0.1.1" ],
        "Authorization": [ "[Filtered]" ]
      },
      "ContentHeaders": {
      }
    },
    "Response": {
      "StatusCode": 200,
      "Headers": {
        "Cache-Control": [ "no-cache" ],
        "Pragma": [ "no-cache" ],
        "Strict-Transport-Security": [ "max-age=31536000; includeSubDomains" ],
        "x-ms-ratelimit-remaining-subscription-reads": [ "11997" ],
        "x-ms-request-id": [ "29020816-f312-4332-97cf-c1927012731c" ],
        "x-ms-correlation-request-id": [ "29020816-f312-4332-97cf-c1927012731c" ],
        "x-ms-routing-request-id": [ "WESTUS2:20240313T171220Z:29020816-f312-4332-97cf-c1927012731c" ],
        "X-Content-Type-Options": [ "nosniff" ],
        "X-Cache": [ "CONFIG_NOCACHE" ],
        "X-MSEdge-Ref": [ "Ref A: 6007B7AA254848D1A2830E17E84BC346 Ref B: CO6AA3150217025 Ref C: 2024-03-13T17:12:20Z" ],
        "Date": [ "Wed, 13 Mar 2024 17:12:20 GMT" ]
      },
      "ContentHeaders": {
        "Content-Length": [ "1221" ],
        "Content-Type": [ "application/json; charset=utf-8" ],
        "Expires": [ "-1" ]
      },
      "Content": "{\"properties\":{\"policyDefinitionId\":\"/subscriptions/edb2c18a-04d6-49e9-bc72-e23852f507ad/providers/Microsoft.Authorization/policyDefinitions/psBackcompat-PolicyAssignmentWithParameters01\",\"definitionVersion\":\"1.*.*\",\"scope\":\"/subscriptions/edb2c18a-04d6-49e9-bc72-e23852f507ad/resourceGroups/rgBackcompat-PolicyAssignmentWithParameters01\",\"parameters\":{\"listOfAllowedLocations\":{\"value\":[\"West US\",\"West US 2\"]}},\"description\":\"Unit test junk: sorry for littering. Please delete me!\",\"metadata\":{\"createdBy\":\"3d826307-2481-45a0-a271-bcf9333f914a\",\"createdOn\":\"2024-03-13T17:12:20.364292Z\",\"updatedBy\":null,\"updatedOn\":null},\"enforcementMode\":\"Default\"},\"id\":\"/subscriptions/edb2c18a-04d6-49e9-bc72-e23852f507ad/resourceGroups/rgBackcompat-PolicyAssignmentWithParameters01/providers/Microsoft.Authorization/policyAssignments/psBackcompat-PolicyAssignmentWithParameters02\",\"type\":\"Microsoft.Authorization/policyAssignments\",\"name\":\"psBackcompat-PolicyAssignmentWithParameters02\",\"systemData\":{\"createdBy\":\"cstack@ntdev.microsoft.com\",\"createdByType\":\"User\",\"createdAt\":\"2024-03-13T17:12:20.2796957Z\",\"lastModifiedBy\":\"cstack@ntdev.microsoft.com\",\"lastModifiedByType\":\"User\",\"lastModifiedAt\":\"2024-03-13T17:12:20.2796957Z\"}}",
      "isContentBase64": false
    }
  },
  "Backcompat-PolicyAssignmentWithParameters+[NoContext]+update policy assignment parameters+$PUT+https://management.azure.com//subscriptions/edb2c18a-04d6-49e9-bc72-e23852f507ad/resourceGroups/rgBackcompat-PolicyAssignmentWithParameters01/providers/Microsoft.Authorization/policyAssignments/psBackcompat-PolicyAssignmentWithParameters02?api-version=2023-04-01+1": {
    "Request": {
      "Method": "PUT",
      "RequestUri": "https://management.azure.com//subscriptions/edb2c18a-04d6-49e9-bc72-e23852f507ad/resourceGroups/rgBackcompat-PolicyAssignmentWithParameters01/providers/Microsoft.Authorization/policyAssignments/psBackcompat-PolicyAssignmentWithParameters02?api-version=2023-04-01",
      "Content": "{\r\n  \"properties\": {\r\n    \"policyDefinitionId\": \"/subscriptions/edb2c18a-04d6-49e9-bc72-e23852f507ad/providers/Microsoft.Authorization/policyDefinitions/psBackcompat-PolicyAssignmentWithParameters01\",\r\n    \"parameters\": {\r\n      \"listOfAllowedLocations\": {\r\n        \"value\": [ \"something\", \"something else\" ]\r\n      }\r\n    }\r\n  }\r\n}",
      "isContentBase64": false,
      "Headers": {
      },
      "ContentHeaders": {
        "Content-Type": [ "application/json" ],
        "Content-Length": [ "332" ]
      }
    },
    "Response": {
      "StatusCode": 201,
      "Headers": {
        "Cache-Control": [ "no-cache" ],
        "Pragma": [ "no-cache" ],
        "Strict-Transport-Security": [ "max-age=31536000; includeSubDomains" ],
        "x-ms-ratelimit-remaining-subscription-writes": [ "1199" ],
        "x-ms-request-id": [ "e427d556-dbbb-4569-affc-b11c93bea3f5" ],
        "x-ms-correlation-request-id": [ "e427d556-dbbb-4569-affc-b11c93bea3f5" ],
        "x-ms-routing-request-id": [ "WESTUS2:20240313T171221Z:e427d556-dbbb-4569-affc-b11c93bea3f5" ],
        "X-Content-Type-Options": [ "nosniff" ],
        "X-Cache": [ "CONFIG_NOCACHE" ],
        "X-MSEdge-Ref": [ "Ref A: 9E73FBCD8E854EDE9CD145D3D53A1C2D Ref B: CO6AA3150217025 Ref C: 2024-03-13T17:12:20Z" ],
        "Date": [ "Wed, 13 Mar 2024 17:12:20 GMT" ]
      },
      "ContentHeaders": {
        "Content-Length": [ "1217" ],
        "Content-Type": [ "application/json; charset=utf-8" ],
        "Expires": [ "-1" ]
      },
      "Content": "{\"properties\":{\"policyDefinitionId\":\"/subscriptions/edb2c18a-04d6-49e9-bc72-e23852f507ad/providers/Microsoft.Authorization/policyDefinitions/psBackcompat-PolicyAssignmentWithParameters01\",\"definitionVersion\":\"1.*.*\",\"scope\":\"/subscriptions/edb2c18a-04d6-49e9-bc72-e23852f507ad/resourceGroups/rgBackcompat-PolicyAssignmentWithParameters01\",\"parameters\":{\"listOfAllowedLocations\":{\"value\":[\"something\",\"something else\"]}},\"metadata\":{\"createdBy\":\"3d826307-2481-45a0-a271-bcf9333f914a\",\"createdOn\":\"2024-03-13T17:12:20.364292Z\",\"updatedBy\":\"3d826307-2481-45a0-a271-bcf9333f914a\",\"updatedOn\":\"2024-03-13T17:12:20.9872349Z\"},\"enforcementMode\":\"Default\"},\"id\":\"/subscriptions/edb2c18a-04d6-49e9-bc72-e23852f507ad/resourceGroups/rgBackcompat-PolicyAssignmentWithParameters01/providers/Microsoft.Authorization/policyAssignments/psBackcompat-PolicyAssignmentWithParameters02\",\"type\":\"Microsoft.Authorization/policyAssignments\",\"name\":\"psBackcompat-PolicyAssignmentWithParameters02\",\"systemData\":{\"createdBy\":\"cstack@ntdev.microsoft.com\",\"createdByType\":\"User\",\"createdAt\":\"2024-03-13T17:12:20.2796957Z\",\"lastModifiedBy\":\"cstack@ntdev.microsoft.com\",\"lastModifiedByType\":\"User\",\"lastModifiedAt\":\"2024-03-13T17:12:20.9459977Z\"}}",
      "isContentBase64": false
    }
  },
  "Backcompat-PolicyAssignmentWithParameters+[NoContext]+update policy assignment parameters+$GET+https://management.azure.com//subscriptions/edb2c18a-04d6-49e9-bc72-e23852f507ad/resourceGroups/rgBackcompat-PolicyAssignmentWithParameters01/providers/Microsoft.Authorization/policyAssignments/psBackcompat-PolicyAssignmentWithParameters02?api-version=2023-04-01+2": {
    "Request": {
      "Method": "GET",
      "RequestUri": "https://management.azure.com//subscriptions/edb2c18a-04d6-49e9-bc72-e23852f507ad/resourceGroups/rgBackcompat-PolicyAssignmentWithParameters01/providers/Microsoft.Authorization/policyAssignments/psBackcompat-PolicyAssignmentWithParameters02?api-version=2023-04-01",
      "Content": null,
      "isContentBase64": false,
      "Headers": {
        "x-ms-unique-id": [ "606" ],
        "x-ms-client-request-id": [ "60a38616-8eb5-42d9-816c-cf4b60e022cc" ],
        "CommandName": [ "\u0026" ],
        "FullCommandName": [ "Get-AzPolicyAssignment_Get" ],
        "ParameterSetName": [ "__AllParameterSets" ],
        "User-Agent": [ "AzurePowershell/v11.0.0", "PSVersion/v7.4.1", "Az.Policy/0.1.1" ],
        "Authorization": [ "[Filtered]" ]
      },
      "ContentHeaders": {
      }
    },
    "Response": {
      "StatusCode": 200,
      "Headers": {
        "Cache-Control": [ "no-cache" ],
        "Pragma": [ "no-cache" ],
        "Strict-Transport-Security": [ "max-age=31536000; includeSubDomains" ],
        "x-ms-ratelimit-remaining-subscription-reads": [ "11999" ],
        "x-ms-request-id": [ "1d0e8f74-f107-469e-bbfb-89669993ab2b" ],
        "x-ms-correlation-request-id": [ "1d0e8f74-f107-469e-bbfb-89669993ab2b" ],
        "x-ms-routing-request-id": [ "WESTUS2:20240313T171221Z:1d0e8f74-f107-469e-bbfb-89669993ab2b" ],
        "X-Content-Type-Options": [ "nosniff" ],
        "X-Cache": [ "CONFIG_NOCACHE" ],
        "X-MSEdge-Ref": [ "Ref A: 61D5C883B058436985C0D4460B5ECC1E Ref B: CO6AA3150217025 Ref C: 2024-03-13T17:12:21Z" ],
        "Date": [ "Wed, 13 Mar 2024 17:12:20 GMT" ]
      },
      "ContentHeaders": {
        "Content-Length": [ "1217" ],
        "Content-Type": [ "application/json; charset=utf-8" ],
        "Expires": [ "-1" ]
      },
      "Content": "{\"properties\":{\"policyDefinitionId\":\"/subscriptions/edb2c18a-04d6-49e9-bc72-e23852f507ad/providers/Microsoft.Authorization/policyDefinitions/psBackcompat-PolicyAssignmentWithParameters01\",\"definitionVersion\":\"1.*.*\",\"scope\":\"/subscriptions/edb2c18a-04d6-49e9-bc72-e23852f507ad/resourceGroups/rgBackcompat-PolicyAssignmentWithParameters01\",\"parameters\":{\"listOfAllowedLocations\":{\"value\":[\"something\",\"something else\"]}},\"metadata\":{\"createdBy\":\"3d826307-2481-45a0-a271-bcf9333f914a\",\"createdOn\":\"2024-03-13T17:12:20.364292Z\",\"updatedBy\":\"3d826307-2481-45a0-a271-bcf9333f914a\",\"updatedOn\":\"2024-03-13T17:12:20.9872349Z\"},\"enforcementMode\":\"Default\"},\"id\":\"/subscriptions/edb2c18a-04d6-49e9-bc72-e23852f507ad/resourceGroups/rgBackcompat-PolicyAssignmentWithParameters01/providers/Microsoft.Authorization/policyAssignments/psBackcompat-PolicyAssignmentWithParameters02\",\"type\":\"Microsoft.Authorization/policyAssignments\",\"name\":\"psBackcompat-PolicyAssignmentWithParameters02\",\"systemData\":{\"createdBy\":\"cstack@ntdev.microsoft.com\",\"createdByType\":\"User\",\"createdAt\":\"2024-03-13T17:12:20.2796957Z\",\"lastModifiedBy\":\"cstack@ntdev.microsoft.com\",\"lastModifiedByType\":\"User\",\"lastModifiedAt\":\"2024-03-13T17:12:20.9459977Z\"}}",
      "isContentBase64": false
    }
  },
  "Backcompat-PolicyAssignmentWithParameters+[NoContext]+update policy assignment parameters+$DELETE+https://management.azure.com//subscriptions/edb2c18a-04d6-49e9-bc72-e23852f507ad/resourceGroups/rgBackcompat-PolicyAssignmentWithParameters01/providers/Microsoft.Authorization/policyAssignments/psBackcompat-PolicyAssignmentWithParameters02?api-version=2023-04-01+3": {
    "Request": {
      "Method": "DELETE",
      "RequestUri": "https://management.azure.com//subscriptions/edb2c18a-04d6-49e9-bc72-e23852f507ad/resourceGroups/rgBackcompat-PolicyAssignmentWithParameters01/providers/Microsoft.Authorization/policyAssignments/psBackcompat-PolicyAssignmentWithParameters02?api-version=2023-04-01",
      "Content": null,
      "isContentBase64": false,
      "Headers": {
        "x-ms-unique-id": [ "607" ],
        "x-ms-client-request-id": [ "70b6e7f8-1e13-46e1-a9a8-9adaeeb8b599" ],
        "CommandName": [ "\u0026" ],
        "FullCommandName": [ "Remove-AzPolicyAssignment_Delete" ],
        "ParameterSetName": [ "__AllParameterSets" ],
        "User-Agent": [ "AzurePowershell/v11.0.0", "PSVersion/v7.4.1", "Az.Policy/0.1.1" ],
        "Authorization": [ "[Filtered]" ]
      },
      "ContentHeaders": {
      }
    },
    "Response": {
      "StatusCode": 200,
      "Headers": {
        "Cache-Control": [ "no-cache" ],
        "Pragma": [ "no-cache" ],
        "Strict-Transport-Security": [ "max-age=31536000; includeSubDomains" ],
        "x-ms-ratelimit-remaining-subscription-deletes": [ "14999" ],
        "x-ms-request-id": [ "7bdbf4db-cfb2-40b0-89be-4b5af2430ba3" ],
        "x-ms-correlation-request-id": [ "7bdbf4db-cfb2-40b0-89be-4b5af2430ba3" ],
        "x-ms-routing-request-id": [ "WESTUS2:20240313T171221Z:7bdbf4db-cfb2-40b0-89be-4b5af2430ba3" ],
        "X-Content-Type-Options": [ "nosniff" ],
        "X-Cache": [ "CONFIG_NOCACHE" ],
        "X-MSEdge-Ref": [ "Ref A: DD43119EE80A4E5A98F41295A8370D3D Ref B: CO6AA3150217025 Ref C: 2024-03-13T17:12:21Z" ],
        "Date": [ "Wed, 13 Mar 2024 17:12:21 GMT" ]
      },
      "ContentHeaders": {
        "Content-Length": [ "1217" ],
        "Content-Type": [ "application/json; charset=utf-8" ],
        "Expires": [ "-1" ]
      },
      "Content": "{\"properties\":{\"policyDefinitionId\":\"/subscriptions/edb2c18a-04d6-49e9-bc72-e23852f507ad/providers/Microsoft.Authorization/policyDefinitions/psBackcompat-PolicyAssignmentWithParameters01\",\"definitionVersion\":\"1.*.*\",\"scope\":\"/subscriptions/edb2c18a-04d6-49e9-bc72-e23852f507ad/resourceGroups/rgBackcompat-PolicyAssignmentWithParameters01\",\"parameters\":{\"listOfAllowedLocations\":{\"value\":[\"something\",\"something else\"]}},\"metadata\":{\"createdBy\":\"3d826307-2481-45a0-a271-bcf9333f914a\",\"createdOn\":\"2024-03-13T17:12:20.364292Z\",\"updatedBy\":\"3d826307-2481-45a0-a271-bcf9333f914a\",\"updatedOn\":\"2024-03-13T17:12:20.9872349Z\"},\"enforcementMode\":\"Default\"},\"id\":\"/subscriptions/edb2c18a-04d6-49e9-bc72-e23852f507ad/resourceGroups/rgBackcompat-PolicyAssignmentWithParameters01/providers/Microsoft.Authorization/policyAssignments/psBackcompat-PolicyAssignmentWithParameters02\",\"type\":\"Microsoft.Authorization/policyAssignments\",\"name\":\"psBackcompat-PolicyAssignmentWithParameters02\",\"systemData\":{\"createdBy\":\"cstack@ntdev.microsoft.com\",\"createdByType\":\"User\",\"createdAt\":\"2024-03-13T17:12:20.2796957Z\",\"lastModifiedBy\":\"cstack@ntdev.microsoft.com\",\"lastModifiedByType\":\"User\",\"lastModifiedAt\":\"2024-03-13T17:12:20.9459977Z\"}}",
      "isContentBase64": false
    }
  },
  "Backcompat-PolicyAssignmentWithParameters+[NoContext]+make policy assignment with hashtable of parameters+$PUT+https://management.azure.com//subscriptions/edb2c18a-04d6-49e9-bc72-e23852f507ad/resourceGroups/rgBackcompat-PolicyAssignmentWithParameters01/providers/Microsoft.Authorization/policyAssignments/psBackcompat-PolicyAssignmentWithParameters02?api-version=2023-04-01+1": {
    "Request": {
      "Method": "PUT",
      "RequestUri": "https://management.azure.com//subscriptions/edb2c18a-04d6-49e9-bc72-e23852f507ad/resourceGroups/rgBackcompat-PolicyAssignmentWithParameters01/providers/Microsoft.Authorization/policyAssignments/psBackcompat-PolicyAssignmentWithParameters02?api-version=2023-04-01",
      "Content": "{\r\n  \"properties\": {\r\n    \"policyDefinitionId\": \"/subscriptions/edb2c18a-04d6-49e9-bc72-e23852f507ad/providers/Microsoft.Authorization/policyDefinitions/psBackcompat-PolicyAssignmentWithParameters01\",\r\n    \"parameters\": {\r\n      \"listOfAllowedLocations\": {\r\n        \"value\": [ \"West US\", \"West US 2\" ]\r\n      }\r\n    },\r\n    \"description\": \"Unit test junk: sorry for littering. Please delete me!\",\r\n    \"metadata\": {\r\n      \"testName\": \"testValue\"\r\n    }\r\n  }\r\n}",
      "isContentBase64": false,
      "Headers": {
      },
      "ContentHeaders": {
        "Content-Type": [ "application/json" ],
        "Content-Length": [ "461" ]
      }
    },
    "Response": {
      "StatusCode": 201,
      "Headers": {
        "Cache-Control": [ "no-cache" ],
        "Pragma": [ "no-cache" ],
        "Strict-Transport-Security": [ "max-age=31536000; includeSubDomains" ],
        "x-ms-ratelimit-remaining-subscription-writes": [ "1199" ],
        "x-ms-request-id": [ "9f5e4dd0-2db3-448d-aea7-302cf68a02e5" ],
        "x-ms-correlation-request-id": [ "9f5e4dd0-2db3-448d-aea7-302cf68a02e5" ],
        "x-ms-routing-request-id": [ "WESTUS2:20240313T171222Z:9f5e4dd0-2db3-448d-aea7-302cf68a02e5" ],
        "X-Content-Type-Options": [ "nosniff" ],
        "X-Cache": [ "CONFIG_NOCACHE" ],
        "X-MSEdge-Ref": [ "Ref A: 33286CE736AE4BB2BB9A7BD21319A32E Ref B: CO6AA3150217025 Ref C: 2024-03-13T17:12:21Z" ],
        "Date": [ "Wed, 13 Mar 2024 17:12:21 GMT" ]
      },
      "ContentHeaders": {
        "Content-Length": [ "1245" ],
        "Content-Type": [ "application/json; charset=utf-8" ],
        "Expires": [ "-1" ]
      },
      "Content": "{\"properties\":{\"policyDefinitionId\":\"/subscriptions/edb2c18a-04d6-49e9-bc72-e23852f507ad/providers/Microsoft.Authorization/policyDefinitions/psBackcompat-PolicyAssignmentWithParameters01\",\"definitionVersion\":\"1.*.*\",\"scope\":\"/subscriptions/edb2c18a-04d6-49e9-bc72-e23852f507ad/resourceGroups/rgBackcompat-PolicyAssignmentWithParameters01\",\"parameters\":{\"listOfAllowedLocations\":{\"value\":[\"West US\",\"West US 2\"]}},\"description\":\"Unit test junk: sorry for littering. Please delete me!\",\"metadata\":{\"testName\":\"testValue\",\"createdBy\":\"3d826307-2481-45a0-a271-bcf9333f914a\",\"createdOn\":\"2024-03-13T17:12:22.0066253Z\",\"updatedBy\":null,\"updatedOn\":null},\"enforcementMode\":\"Default\"},\"id\":\"/subscriptions/edb2c18a-04d6-49e9-bc72-e23852f507ad/resourceGroups/rgBackcompat-PolicyAssignmentWithParameters01/providers/Microsoft.Authorization/policyAssignments/psBackcompat-PolicyAssignmentWithParameters02\",\"type\":\"Microsoft.Authorization/policyAssignments\",\"name\":\"psBackcompat-PolicyAssignmentWithParameters02\",\"systemData\":{\"createdBy\":\"cstack@ntdev.microsoft.com\",\"createdByType\":\"User\",\"createdAt\":\"2024-03-13T17:12:21.9654586Z\",\"lastModifiedBy\":\"cstack@ntdev.microsoft.com\",\"lastModifiedByType\":\"User\",\"lastModifiedAt\":\"2024-03-13T17:12:21.9654586Z\"}}",
      "isContentBase64": false
    }
  },
  "Backcompat-PolicyAssignmentWithParameters+[NoContext]+make policy assignment with hashtable of parameters+$GET+https://management.azure.com//subscriptions/edb2c18a-04d6-49e9-bc72-e23852f507ad/resourceGroups/rgBackcompat-PolicyAssignmentWithParameters01/providers/Microsoft.Authorization/policyAssignments/psBackcompat-PolicyAssignmentWithParameters02?api-version=2023-04-01+2": {
    "Request": {
      "Method": "GET",
      "RequestUri": "https://management.azure.com//subscriptions/edb2c18a-04d6-49e9-bc72-e23852f507ad/resourceGroups/rgBackcompat-PolicyAssignmentWithParameters01/providers/Microsoft.Authorization/policyAssignments/psBackcompat-PolicyAssignmentWithParameters02?api-version=2023-04-01",
      "Content": null,
      "isContentBase64": false,
      "Headers": {
        "x-ms-unique-id": [ "609" ],
        "x-ms-client-request-id": [ "6bb113e9-b43f-490f-b8a8-4881ae1fa07e" ],
        "CommandName": [ "\u0026" ],
        "FullCommandName": [ "Get-AzPolicyAssignment_Get" ],
        "ParameterSetName": [ "__AllParameterSets" ],
        "User-Agent": [ "AzurePowershell/v11.0.0", "PSVersion/v7.4.1", "Az.Policy/0.1.1" ],
        "Authorization": [ "[Filtered]" ]
      },
      "ContentHeaders": {
      }
    },
    "Response": {
      "StatusCode": 200,
      "Headers": {
        "Cache-Control": [ "no-cache" ],
        "Pragma": [ "no-cache" ],
        "Strict-Transport-Security": [ "max-age=31536000; includeSubDomains" ],
        "x-ms-ratelimit-remaining-subscription-reads": [ "11998" ],
        "x-ms-request-id": [ "9dcdaca1-5dd3-4d60-8717-6947682418f1" ],
        "x-ms-correlation-request-id": [ "9dcdaca1-5dd3-4d60-8717-6947682418f1" ],
        "x-ms-routing-request-id": [ "WESTUS2:20240313T171222Z:9dcdaca1-5dd3-4d60-8717-6947682418f1" ],
        "X-Content-Type-Options": [ "nosniff" ],
        "X-Cache": [ "CONFIG_NOCACHE" ],
        "X-MSEdge-Ref": [ "Ref A: CE961211A7D544978C11007C27F81B79 Ref B: CO6AA3150217025 Ref C: 2024-03-13T17:12:22Z" ],
        "Date": [ "Wed, 13 Mar 2024 17:12:21 GMT" ]
      },
      "ContentHeaders": {
        "Content-Length": [ "1245" ],
        "Content-Type": [ "application/json; charset=utf-8" ],
        "Expires": [ "-1" ]
      },
      "Content": "{\"properties\":{\"policyDefinitionId\":\"/subscriptions/edb2c18a-04d6-49e9-bc72-e23852f507ad/providers/Microsoft.Authorization/policyDefinitions/psBackcompat-PolicyAssignmentWithParameters01\",\"definitionVersion\":\"1.*.*\",\"scope\":\"/subscriptions/edb2c18a-04d6-49e9-bc72-e23852f507ad/resourceGroups/rgBackcompat-PolicyAssignmentWithParameters01\",\"parameters\":{\"listOfAllowedLocations\":{\"value\":[\"West US\",\"West US 2\"]}},\"description\":\"Unit test junk: sorry for littering. Please delete me!\",\"metadata\":{\"testName\":\"testValue\",\"createdBy\":\"3d826307-2481-45a0-a271-bcf9333f914a\",\"createdOn\":\"2024-03-13T17:12:22.0066253Z\",\"updatedBy\":null,\"updatedOn\":null},\"enforcementMode\":\"Default\"},\"id\":\"/subscriptions/edb2c18a-04d6-49e9-bc72-e23852f507ad/resourceGroups/rgBackcompat-PolicyAssignmentWithParameters01/providers/Microsoft.Authorization/policyAssignments/psBackcompat-PolicyAssignmentWithParameters02\",\"type\":\"Microsoft.Authorization/policyAssignments\",\"name\":\"psBackcompat-PolicyAssignmentWithParameters02\",\"systemData\":{\"createdBy\":\"cstack@ntdev.microsoft.com\",\"createdByType\":\"User\",\"createdAt\":\"2024-03-13T17:12:21.9654586Z\",\"lastModifiedBy\":\"cstack@ntdev.microsoft.com\",\"lastModifiedByType\":\"User\",\"lastModifiedAt\":\"2024-03-13T17:12:21.9654586Z\"}}",
      "isContentBase64": false
    }
  },
  "Backcompat-PolicyAssignmentWithParameters+[NoContext]+update policy assignment description and metadata+$PUT+https://management.azure.com//subscriptions/edb2c18a-04d6-49e9-bc72-e23852f507ad/resourceGroups/rgBackcompat-PolicyAssignmentWithParameters01/providers/Microsoft.Authorization/policyAssignments/psBackcompat-PolicyAssignmentWithParameters02?api-version=2023-04-01+1": {
    "Request": {
      "Method": "PUT",
      "RequestUri": "https://management.azure.com//subscriptions/edb2c18a-04d6-49e9-bc72-e23852f507ad/resourceGroups/rgBackcompat-PolicyAssignmentWithParameters01/providers/Microsoft.Authorization/policyAssignments/psBackcompat-PolicyAssignmentWithParameters02?api-version=2023-04-01",
      "Content": "{\r\n  \"properties\": {\r\n    \"policyDefinitionId\": \"/subscriptions/edb2c18a-04d6-49e9-bc72-e23852f507ad/providers/Microsoft.Authorization/policyDefinitions/psBackcompat-PolicyAssignmentWithParameters01\",\r\n    \"parameters\": {\r\n      \"listOfAllowedLocations\": {\r\n        \"value\": [ \"West US\", \"West US 2\" ]\r\n      }\r\n    },\r\n    \"description\": \"Unit test junk: sorry for littering. Please delete me! - Updated\",\r\n    \"metadata\": {\r\n      \"Meta1\": \"Value1\",\r\n      \"Meta2\": {\r\n        \"Meta22\": \"Value22\"\r\n      }\r\n    }\r\n  }\r\n}",
      "isContentBase64": false,
      "Headers": {
      },
      "ContentHeaders": {
        "Content-Type": [ "application/json" ],
        "Content-Length": [ "522" ]
      }
    },
    "Response": {
      "StatusCode": 201,
      "Headers": {
        "Cache-Control": [ "no-cache" ],
        "Pragma": [ "no-cache" ],
        "Strict-Transport-Security": [ "max-age=31536000; includeSubDomains" ],
        "x-ms-ratelimit-remaining-subscription-writes": [ "1199" ],
        "x-ms-request-id": [ "09bce6a4-e8ec-4650-a7d9-a2b26b04dcbe" ],
        "x-ms-correlation-request-id": [ "09bce6a4-e8ec-4650-a7d9-a2b26b04dcbe" ],
        "x-ms-routing-request-id": [ "WESTUS2:20240313T171223Z:09bce6a4-e8ec-4650-a7d9-a2b26b04dcbe" ],
        "X-Content-Type-Options": [ "nosniff" ],
        "X-Cache": [ "CONFIG_NOCACHE" ],
        "X-MSEdge-Ref": [ "Ref A: BFF094D37CE6446787F0F327F0358786 Ref B: CO6AA3150217025 Ref C: 2024-03-13T17:12:22Z" ],
        "Date": [ "Wed, 13 Mar 2024 17:12:22 GMT" ]
      },
      "ContentHeaders": {
        "Content-Length": [ "1337" ],
        "Content-Type": [ "application/json; charset=utf-8" ],
        "Expires": [ "-1" ]
      },
      "Content": "{\"properties\":{\"policyDefinitionId\":\"/subscriptions/edb2c18a-04d6-49e9-bc72-e23852f507ad/providers/Microsoft.Authorization/policyDefinitions/psBackcompat-PolicyAssignmentWithParameters01\",\"definitionVersion\":\"1.*.*\",\"scope\":\"/subscriptions/edb2c18a-04d6-49e9-bc72-e23852f507ad/resourceGroups/rgBackcompat-PolicyAssignmentWithParameters01\",\"parameters\":{\"listOfAllowedLocations\":{\"value\":[\"West US\",\"West US 2\"]}},\"description\":\"Unit test junk: sorry for littering. Please delete me! - Updated\",\"metadata\":{\"Meta1\":\"Value1\",\"Meta2\":{\"Meta22\":\"Value22\"},\"createdBy\":\"3d826307-2481-45a0-a271-bcf9333f914a\",\"createdOn\":\"2024-03-13T17:12:22.0066253Z\",\"updatedBy\":\"3d826307-2481-45a0-a271-bcf9333f914a\",\"updatedOn\":\"2024-03-13T17:12:22.7638502Z\"},\"enforcementMode\":\"Default\"},\"id\":\"/subscriptions/edb2c18a-04d6-49e9-bc72-e23852f507ad/resourceGroups/rgBackcompat-PolicyAssignmentWithParameters01/providers/Microsoft.Authorization/policyAssignments/psBackcompat-PolicyAssignmentWithParameters02\",\"type\":\"Microsoft.Authorization/policyAssignments\",\"name\":\"psBackcompat-PolicyAssignmentWithParameters02\",\"systemData\":{\"createdBy\":\"cstack@ntdev.microsoft.com\",\"createdByType\":\"User\",\"createdAt\":\"2024-03-13T17:12:21.9654586Z\",\"lastModifiedBy\":\"cstack@ntdev.microsoft.com\",\"lastModifiedByType\":\"User\",\"lastModifiedAt\":\"2024-03-13T17:12:22.736636Z\"}}",
      "isContentBase64": false
    }
  },
  "Backcompat-PolicyAssignmentWithParameters+[NoContext]+update policy assignment description and metadata+$GET+https://management.azure.com//subscriptions/edb2c18a-04d6-49e9-bc72-e23852f507ad/resourceGroups/rgBackcompat-PolicyAssignmentWithParameters01/providers/Microsoft.Authorization/policyAssignments/psBackcompat-PolicyAssignmentWithParameters02?api-version=2023-04-01+2": {
    "Request": {
      "Method": "GET",
      "RequestUri": "https://management.azure.com//subscriptions/edb2c18a-04d6-49e9-bc72-e23852f507ad/resourceGroups/rgBackcompat-PolicyAssignmentWithParameters01/providers/Microsoft.Authorization/policyAssignments/psBackcompat-PolicyAssignmentWithParameters02?api-version=2023-04-01",
      "Content": null,
      "isContentBase64": false,
      "Headers": {
        "x-ms-unique-id": [ "612" ],
        "x-ms-client-request-id": [ "71432ce2-8906-4cb8-8e9b-31ca6308fe6f" ],
        "CommandName": [ "\u0026" ],
        "FullCommandName": [ "Get-AzPolicyAssignment_Get" ],
        "ParameterSetName": [ "__AllParameterSets" ],
        "User-Agent": [ "AzurePowershell/v11.0.0", "PSVersion/v7.4.1", "Az.Policy/0.1.1" ],
        "Authorization": [ "[Filtered]" ]
      },
      "ContentHeaders": {
      }
    },
    "Response": {
      "StatusCode": 200,
      "Headers": {
        "Cache-Control": [ "no-cache" ],
        "Pragma": [ "no-cache" ],
        "Strict-Transport-Security": [ "max-age=31536000; includeSubDomains" ],
        "x-ms-ratelimit-remaining-subscription-reads": [ "11999" ],
        "x-ms-request-id": [ "c42c34df-1a27-43f7-9578-b612d0d1ce4d" ],
        "x-ms-correlation-request-id": [ "c42c34df-1a27-43f7-9578-b612d0d1ce4d" ],
        "x-ms-routing-request-id": [ "WESTUS2:20240313T171223Z:c42c34df-1a27-43f7-9578-b612d0d1ce4d" ],
        "X-Content-Type-Options": [ "nosniff" ],
        "X-Cache": [ "CONFIG_NOCACHE" ],
        "X-MSEdge-Ref": [ "Ref A: 6C5A9CE833494ACCA40CEA5B0C9A6776 Ref B: CO6AA3150217025 Ref C: 2024-03-13T17:12:23Z" ],
        "Date": [ "Wed, 13 Mar 2024 17:12:22 GMT" ]
      },
      "ContentHeaders": {
        "Content-Length": [ "1337" ],
        "Content-Type": [ "application/json; charset=utf-8" ],
        "Expires": [ "-1" ]
      },
      "Content": "{\"properties\":{\"policyDefinitionId\":\"/subscriptions/edb2c18a-04d6-49e9-bc72-e23852f507ad/providers/Microsoft.Authorization/policyDefinitions/psBackcompat-PolicyAssignmentWithParameters01\",\"definitionVersion\":\"1.*.*\",\"scope\":\"/subscriptions/edb2c18a-04d6-49e9-bc72-e23852f507ad/resourceGroups/rgBackcompat-PolicyAssignmentWithParameters01\",\"parameters\":{\"listOfAllowedLocations\":{\"value\":[\"West US\",\"West US 2\"]}},\"description\":\"Unit test junk: sorry for littering. Please delete me! - Updated\",\"metadata\":{\"Meta1\":\"Value1\",\"Meta2\":{\"Meta22\":\"Value22\"},\"createdBy\":\"3d826307-2481-45a0-a271-bcf9333f914a\",\"createdOn\":\"2024-03-13T17:12:22.0066253Z\",\"updatedBy\":\"3d826307-2481-45a0-a271-bcf9333f914a\",\"updatedOn\":\"2024-03-13T17:12:22.7638502Z\"},\"enforcementMode\":\"Default\"},\"id\":\"/subscriptions/edb2c18a-04d6-49e9-bc72-e23852f507ad/resourceGroups/rgBackcompat-PolicyAssignmentWithParameters01/providers/Microsoft.Authorization/policyAssignments/psBackcompat-PolicyAssignmentWithParameters02\",\"type\":\"Microsoft.Authorization/policyAssignments\",\"name\":\"psBackcompat-PolicyAssignmentWithParameters02\",\"systemData\":{\"createdBy\":\"cstack@ntdev.microsoft.com\",\"createdByType\":\"User\",\"createdAt\":\"2024-03-13T17:12:21.9654586Z\",\"lastModifiedBy\":\"cstack@ntdev.microsoft.com\",\"lastModifiedByType\":\"User\",\"lastModifiedAt\":\"2024-03-13T17:12:22.736636Z\"}}",
      "isContentBase64": false
    }
  },
  "Backcompat-PolicyAssignmentWithParameters+[NoContext]+update policy assignment powershell object parameters+$PUT+https://management.azure.com//subscriptions/edb2c18a-04d6-49e9-bc72-e23852f507ad/resourceGroups/rgBackcompat-PolicyAssignmentWithParameters01/providers/Microsoft.Authorization/policyAssignments/psBackcompat-PolicyAssignmentWithParameters02?api-version=2023-04-01+1": {
    "Request": {
      "Method": "PUT",
      "RequestUri": "https://management.azure.com//subscriptions/edb2c18a-04d6-49e9-bc72-e23852f507ad/resourceGroups/rgBackcompat-PolicyAssignmentWithParameters01/providers/Microsoft.Authorization/policyAssignments/psBackcompat-PolicyAssignmentWithParameters02?api-version=2023-04-01",
      "Content": "{\r\n  \"properties\": {\r\n    \"policyDefinitionId\": \"/subscriptions/edb2c18a-04d6-49e9-bc72-e23852f507ad/providers/Microsoft.Authorization/policyDefinitions/psBackcompat-PolicyAssignmentWithParameters01\",\r\n    \"parameters\": {\r\n      \"listOfAllowedLocations\": {\r\n        \"value\": [ \"West2 US2\", \"West2 US22\" ]\r\n      }\r\n    }\r\n  }\r\n}",
      "isContentBase64": false,
      "Headers": {
      },
      "ContentHeaders": {
        "Content-Type": [ "application/json" ],
        "Content-Length": [ "328" ]
      }
    },
    "Response": {
      "StatusCode": 201,
      "Headers": {
        "Cache-Control": [ "no-cache" ],
        "Pragma": [ "no-cache" ],
        "Strict-Transport-Security": [ "max-age=31536000; includeSubDomains" ],
        "x-ms-ratelimit-remaining-subscription-writes": [ "1199" ],
        "x-ms-request-id": [ "e679ee05-9b75-4de3-9834-ba599e277878" ],
        "x-ms-correlation-request-id": [ "e679ee05-9b75-4de3-9834-ba599e277878" ],
        "x-ms-routing-request-id": [ "WESTUS2:20240313T171224Z:e679ee05-9b75-4de3-9834-ba599e277878" ],
        "X-Content-Type-Options": [ "nosniff" ],
        "X-Cache": [ "CONFIG_NOCACHE" ],
        "X-MSEdge-Ref": [ "Ref A: 0668ECBCACDE4FEE9572D0B6F2AE1DFE Ref B: CO6AA3150217025 Ref C: 2024-03-13T17:12:23Z" ],
        "Date": [ "Wed, 13 Mar 2024 17:12:23 GMT" ]
      },
      "ContentHeaders": {
        "Content-Length": [ "1214" ],
        "Content-Type": [ "application/json; charset=utf-8" ],
        "Expires": [ "-1" ]
      },
      "Content": "{\"properties\":{\"policyDefinitionId\":\"/subscriptions/edb2c18a-04d6-49e9-bc72-e23852f507ad/providers/Microsoft.Authorization/policyDefinitions/psBackcompat-PolicyAssignmentWithParameters01\",\"definitionVersion\":\"1.*.*\",\"scope\":\"/subscriptions/edb2c18a-04d6-49e9-bc72-e23852f507ad/resourceGroups/rgBackcompat-PolicyAssignmentWithParameters01\",\"parameters\":{\"listOfAllowedLocations\":{\"value\":[\"West2 US2\",\"West2 US22\"]}},\"metadata\":{\"createdBy\":\"3d826307-2481-45a0-a271-bcf9333f914a\",\"createdOn\":\"2024-03-13T17:12:22.0066253Z\",\"updatedBy\":\"3d826307-2481-45a0-a271-bcf9333f914a\",\"updatedOn\":\"2024-03-13T17:12:23.6713329Z\"},\"enforcementMode\":\"Default\"},\"id\":\"/subscriptions/edb2c18a-04d6-49e9-bc72-e23852f507ad/resourceGroups/rgBackcompat-PolicyAssignmentWithParameters01/providers/Microsoft.Authorization/policyAssignments/psBackcompat-PolicyAssignmentWithParameters02\",\"type\":\"Microsoft.Authorization/policyAssignments\",\"name\":\"psBackcompat-PolicyAssignmentWithParameters02\",\"systemData\":{\"createdBy\":\"cstack@ntdev.microsoft.com\",\"createdByType\":\"User\",\"createdAt\":\"2024-03-13T17:12:21.9654586Z\",\"lastModifiedBy\":\"cstack@ntdev.microsoft.com\",\"lastModifiedByType\":\"User\",\"lastModifiedAt\":\"2024-03-13T17:12:23.6192882Z\"}}",
      "isContentBase64": false
    }
  },
  "Backcompat-PolicyAssignmentWithParameters+[NoContext]+update policy assignment powershell object parameters+$GET+https://management.azure.com//subscriptions/edb2c18a-04d6-49e9-bc72-e23852f507ad/resourceGroups/rgBackcompat-PolicyAssignmentWithParameters01/providers/Microsoft.Authorization/policyAssignments/psBackcompat-PolicyAssignmentWithParameters02?api-version=2023-04-01+2": {
    "Request": {
      "Method": "GET",
      "RequestUri": "https://management.azure.com//subscriptions/edb2c18a-04d6-49e9-bc72-e23852f507ad/resourceGroups/rgBackcompat-PolicyAssignmentWithParameters01/providers/Microsoft.Authorization/policyAssignments/psBackcompat-PolicyAssignmentWithParameters02?api-version=2023-04-01",
      "Content": null,
      "isContentBase64": false,
      "Headers": {
        "x-ms-unique-id": [ "615" ],
        "x-ms-client-request-id": [ "f2318afd-bc97-4dbf-8cc7-33d86f2311be" ],
        "CommandName": [ "\u0026" ],
        "FullCommandName": [ "Get-AzPolicyAssignment_Get" ],
        "ParameterSetName": [ "__AllParameterSets" ],
        "User-Agent": [ "AzurePowershell/v11.0.0", "PSVersion/v7.4.1", "Az.Policy/0.1.1" ],
        "Authorization": [ "[Filtered]" ]
      },
      "ContentHeaders": {
      }
    },
    "Response": {
      "StatusCode": 200,
      "Headers": {
        "Cache-Control": [ "no-cache" ],
        "Pragma": [ "no-cache" ],
        "Strict-Transport-Security": [ "max-age=31536000; includeSubDomains" ],
        "x-ms-ratelimit-remaining-subscription-reads": [ "11998" ],
        "x-ms-request-id": [ "e68c7b33-9316-43e7-a147-3ff855d91153" ],
        "x-ms-correlation-request-id": [ "e68c7b33-9316-43e7-a147-3ff855d91153" ],
        "x-ms-routing-request-id": [ "WESTUS2:20240313T171224Z:e68c7b33-9316-43e7-a147-3ff855d91153" ],
        "X-Content-Type-Options": [ "nosniff" ],
        "X-Cache": [ "CONFIG_NOCACHE" ],
        "X-MSEdge-Ref": [ "Ref A: B6BA98C5338148BE915F5161674F753B Ref B: CO6AA3150217025 Ref C: 2024-03-13T17:12:24Z" ],
        "Date": [ "Wed, 13 Mar 2024 17:12:23 GMT" ]
      },
      "ContentHeaders": {
        "Content-Length": [ "1214" ],
        "Content-Type": [ "application/json; charset=utf-8" ],
        "Expires": [ "-1" ]
      },
      "Content": "{\"properties\":{\"policyDefinitionId\":\"/subscriptions/edb2c18a-04d6-49e9-bc72-e23852f507ad/providers/Microsoft.Authorization/policyDefinitions/psBackcompat-PolicyAssignmentWithParameters01\",\"definitionVersion\":\"1.*.*\",\"scope\":\"/subscriptions/edb2c18a-04d6-49e9-bc72-e23852f507ad/resourceGroups/rgBackcompat-PolicyAssignmentWithParameters01\",\"parameters\":{\"listOfAllowedLocations\":{\"value\":[\"West2 US2\",\"West2 US22\"]}},\"metadata\":{\"createdBy\":\"3d826307-2481-45a0-a271-bcf9333f914a\",\"createdOn\":\"2024-03-13T17:12:22.0066253Z\",\"updatedBy\":\"3d826307-2481-45a0-a271-bcf9333f914a\",\"updatedOn\":\"2024-03-13T17:12:23.6713329Z\"},\"enforcementMode\":\"Default\"},\"id\":\"/subscriptions/edb2c18a-04d6-49e9-bc72-e23852f507ad/resourceGroups/rgBackcompat-PolicyAssignmentWithParameters01/providers/Microsoft.Authorization/policyAssignments/psBackcompat-PolicyAssignmentWithParameters02\",\"type\":\"Microsoft.Authorization/policyAssignments\",\"name\":\"psBackcompat-PolicyAssignmentWithParameters02\",\"systemData\":{\"createdBy\":\"cstack@ntdev.microsoft.com\",\"createdByType\":\"User\",\"createdAt\":\"2024-03-13T17:12:21.9654586Z\",\"lastModifiedBy\":\"cstack@ntdev.microsoft.com\",\"lastModifiedByType\":\"User\",\"lastModifiedAt\":\"2024-03-13T17:12:23.6192882Z\"}}",
      "isContentBase64": false
    }
  },
  "Backcompat-PolicyAssignmentWithParameters+[NoContext]+[NoScenario]+$DELETE+https://management.azure.com//subscriptions/edb2c18a-04d6-49e9-bc72-e23852f507ad/resourceGroups/rgBackcompat-PolicyAssignmentWithParameters01/providers/Microsoft.Authorization/policyAssignments/psBackcompat-PolicyAssignmentWithParameters02?api-version=2023-04-01+3": {
    "Request": {
      "Method": "DELETE",
      "RequestUri": "https://management.azure.com//subscriptions/edb2c18a-04d6-49e9-bc72-e23852f507ad/resourceGroups/rgBackcompat-PolicyAssignmentWithParameters01/providers/Microsoft.Authorization/policyAssignments/psBackcompat-PolicyAssignmentWithParameters02?api-version=2023-04-01",
      "Content": null,
      "isContentBase64": false,
      "Headers": {
        "x-ms-unique-id": [ "616" ],
        "x-ms-client-request-id": [ "9c27839b-2944-4fa4-a690-261578c900f3" ],
        "CommandName": [ "\u0026" ],
        "FullCommandName": [ "Remove-AzPolicyAssignment_Delete" ],
        "ParameterSetName": [ "__AllParameterSets" ],
        "User-Agent": [ "AzurePowershell/v11.0.0", "PSVersion/v7.4.1", "Az.Policy/0.1.1" ],
        "Authorization": [ "[Filtered]" ]
      },
      "ContentHeaders": {
      }
    },
    "Response": {
      "StatusCode": 200,
      "Headers": {
        "Cache-Control": [ "no-cache" ],
        "Pragma": [ "no-cache" ],
        "Strict-Transport-Security": [ "max-age=31536000; includeSubDomains" ],
        "x-ms-ratelimit-remaining-subscription-deletes": [ "14999" ],
        "x-ms-request-id": [ "382dbaba-8c7f-4f2f-b9c9-45a53d72476e" ],
        "x-ms-correlation-request-id": [ "382dbaba-8c7f-4f2f-b9c9-45a53d72476e" ],
        "x-ms-routing-request-id": [ "WESTUS2:20240313T171224Z:382dbaba-8c7f-4f2f-b9c9-45a53d72476e" ],
        "X-Content-Type-Options": [ "nosniff" ],
        "X-Cache": [ "CONFIG_NOCACHE" ],
        "X-MSEdge-Ref": [ "Ref A: E2D2A7C945FB40C5927F429BB072165A Ref B: CO6AA3150217025 Ref C: 2024-03-13T17:12:24Z" ],
        "Date": [ "Wed, 13 Mar 2024 17:12:24 GMT" ]
      },
      "ContentHeaders": {
        "Content-Length": [ "1214" ],
        "Content-Type": [ "application/json; charset=utf-8" ],
        "Expires": [ "-1" ]
      },
      "Content": "{\"properties\":{\"policyDefinitionId\":\"/subscriptions/edb2c18a-04d6-49e9-bc72-e23852f507ad/providers/Microsoft.Authorization/policyDefinitions/psBackcompat-PolicyAssignmentWithParameters01\",\"definitionVersion\":\"1.*.*\",\"scope\":\"/subscriptions/edb2c18a-04d6-49e9-bc72-e23852f507ad/resourceGroups/rgBackcompat-PolicyAssignmentWithParameters01\",\"parameters\":{\"listOfAllowedLocations\":{\"value\":[\"West2 US2\",\"West2 US22\"]}},\"metadata\":{\"createdBy\":\"3d826307-2481-45a0-a271-bcf9333f914a\",\"createdOn\":\"2024-03-13T17:12:22.0066253Z\",\"updatedBy\":\"3d826307-2481-45a0-a271-bcf9333f914a\",\"updatedOn\":\"2024-03-13T17:12:23.6713329Z\"},\"enforcementMode\":\"Default\"},\"id\":\"/subscriptions/edb2c18a-04d6-49e9-bc72-e23852f507ad/resourceGroups/rgBackcompat-PolicyAssignmentWithParameters01/providers/Microsoft.Authorization/policyAssignments/psBackcompat-PolicyAssignmentWithParameters02\",\"type\":\"Microsoft.Authorization/policyAssignments\",\"name\":\"psBackcompat-PolicyAssignmentWithParameters02\",\"systemData\":{\"createdBy\":\"cstack@ntdev.microsoft.com\",\"createdByType\":\"User\",\"createdAt\":\"2024-03-13T17:12:21.9654586Z\",\"lastModifiedBy\":\"cstack@ntdev.microsoft.com\",\"lastModifiedByType\":\"User\",\"lastModifiedAt\":\"2024-03-13T17:12:23.6192882Z\"}}",
      "isContentBase64": false
    }
  },
  "Backcompat-PolicyAssignmentWithParameters+[NoContext]+[NoScenario]+$DELETE+https://management.azure.com/subscriptions/edb2c18a-04d6-49e9-bc72-e23852f507ad/providers/Microsoft.Authorization/policyDefinitions/psBackcompat-PolicyAssignmentWithParameters01?api-version=2023-04-01+4": {
    "Request": {
      "Method": "DELETE",
      "RequestUri": "https://management.azure.com/subscriptions/edb2c18a-04d6-49e9-bc72-e23852f507ad/providers/Microsoft.Authorization/policyDefinitions/psBackcompat-PolicyAssignmentWithParameters01?api-version=2023-04-01",
      "Content": null,
      "isContentBase64": false,
      "Headers": {
        "x-ms-unique-id": [ "617" ],
        "x-ms-client-request-id": [ "519dec4e-51f2-4b08-b12d-f235c5a5a556" ],
        "CommandName": [ "\u0026" ],
        "FullCommandName": [ "Remove-AzPolicyDefinition_Delete" ],
        "ParameterSetName": [ "__AllParameterSets" ],
        "User-Agent": [ "AzurePowershell/v11.0.0", "PSVersion/v7.4.1", "Az.Policy/0.1.1" ],
        "Authorization": [ "[Filtered]" ]
      },
      "ContentHeaders": {
      }
    },
    "Response": {
      "StatusCode": 200,
      "Headers": {
        "Cache-Control": [ "no-cache" ],
        "Pragma": [ "no-cache" ],
        "Strict-Transport-Security": [ "max-age=31536000; includeSubDomains" ],
        "x-ms-ratelimit-remaining-subscription-deletes": [ "14999" ],
        "x-ms-request-id": [ "9f1e96af-8531-4e70-a5ba-e68849f24de9" ],
        "x-ms-correlation-request-id": [ "9f1e96af-8531-4e70-a5ba-e68849f24de9" ],
        "x-ms-routing-request-id": [ "WESTUS2:20240313T171225Z:9f1e96af-8531-4e70-a5ba-e68849f24de9" ],
        "X-Content-Type-Options": [ "nosniff" ],
        "X-Cache": [ "CONFIG_NOCACHE" ],
        "X-MSEdge-Ref": [ "Ref A: 118C8643640B4671BA326CB0035B77A4 Ref B: CO6AA3150217025 Ref C: 2024-03-13T17:12:25Z" ],
        "Date": [ "Wed, 13 Mar 2024 17:12:25 GMT" ]
      },
      "ContentHeaders": {
        "Content-Length": [ "1317" ],
        "Content-Type": [ "application/json; charset=utf-8" ],
        "Expires": [ "-1" ]
      },
      "Content": "{\"properties\":{\"policyType\":\"Custom\",\"mode\":\"All\",\"description\":\"Unit test junk: sorry for littering. Please delete me!\",\"metadata\":{\"createdBy\":\"3d826307-2481-45a0-a271-bcf9333f914a\",\"createdOn\":\"2024-03-13T17:12:18.5108848Z\",\"updatedBy\":null,\"updatedOn\":null},\"version\":\"1.0.0\",\"parameters\":{\"listOfAllowedLocations\":{\"type\":\"array\",\"metadata\":{\"description\":\"An array of permitted locations for resources.\",\"strongType\":\"location\",\"displayName\":\"List of locations\"}},\"effectParam\":{\"type\":\"string\",\"metadata\":{\"description\":\"The effect of the policy\",\"displayName\":\"Policy Effect\"},\"allowedValues\":[\"Deny\",\"Disabled\"],\"defaultValue\":\"Deny\"}},\"policyRule\":{\"if\":{\"not\":{\"field\":\"location\",\"in\":\"[parameters(\u0027listOfAllowedLocations\u0027)]\"}},\"then\":{\"effect\":\"[parameters(\u0027effectParam\u0027)]\"}},\"versions\":[\"1.0.0\"]},\"id\":\"/subscriptions/edb2c18a-04d6-49e9-bc72-e23852f507ad/providers/Microsoft.Authorization/policyDefinitions/psBackcompat-PolicyAssignmentWithParameters01\",\"type\":\"Microsoft.Authorization/policyDefinitions\",\"name\":\"psBackcompat-PolicyAssignmentWithParameters01\",\"systemData\":{\"createdBy\":\"cstack@ntdev.microsoft.com\",\"createdByType\":\"User\",\"createdAt\":\"2024-03-13T17:12:18.4820494Z\",\"lastModifiedBy\":\"cstack@ntdev.microsoft.com\",\"lastModifiedByType\":\"User\",\"lastModifiedAt\":\"2024-03-13T17:12:18.4820494Z\"}}",
      "isContentBase64": false
    }
  }
}