{
  "Backcompat-PolicyDefinitionWithUri+[NoContext]+make a policy definition using a URI to the policy rule+$PUT+https://management.azure.com/subscriptions/edb2c18a-04d6-49e9-bc72-e23852f507ad/providers/Microsoft.Authorization/policyDefinitions/psBackcompat-PolicyDefinitionWithUri01?api-version=2023-04-01+1": {
    "Request": {
      "Method": "PUT",
      "RequestUri": "https://management.azure.com/subscriptions/edb2c18a-04d6-49e9-bc72-e23852f507ad/providers/Microsoft.Authorization/policyDefinitions/psBackcompat-PolicyDefinitionWithUri01?api-version=2023-04-01",
      "Content": "{\r\n  \"properties\": {\r\n    \"mode\": \"All\",\r\n    \"description\": \"Unit test junk: sorry for littering. Please delete me!\",\r\n    \"policyRule\": {\r\n      \"if\": {\r\n        \"source\": \"action\",\r\n        \"equals\": \"Microsoft.Resources/Subscriptions/ResourceGroups/write\"\r\n      },\r\n      \"then\": {\r\n        \"effect\": \"deny\"\r\n      }\r\n    }\r\n  }\r\n}",
      "isContentBase64": false,
      "Headers": {
      },
      "ContentHeaders": {
        "Content-Type": [ "application/json" ],
        "Content-Length": [ "336" ]
      }
    },
    "Response": {
      "StatusCode": 201,
      "Headers": {
        "Cache-Control": [ "no-cache" ],
        "Pragma": [ "no-cache" ],
        "Strict-Transport-Security": [ "max-age=31536000; includeSubDomains" ],
        "x-ms-ratelimit-remaining-subscription-writes": [ "1199" ],
        "x-ms-request-id": [ "747784fc-d268-4b58-b11a-4f5a720797a3" ],
        "x-ms-correlation-request-id": [ "747784fc-d268-4b58-b11a-4f5a720797a3" ],
        "x-ms-routing-request-id": [ "WESTUS2:20240905T201554Z:747784fc-d268-4b58-b11a-4f5a720797a3" ],
        "X-Content-Type-Options": [ "nosniff" ],
        "X-Cache": [ "CONFIG_NOCACHE" ],
        "X-MSEdge-Ref": [ "Ref A: FEC7671ADE6948A2B2C672697AC31E5A Ref B: CO6AA3150218047 Ref C: 2024-09-05T20:15:54Z" ],
        "Date": [ "Thu, 05 Sep 2024 20:15:54 GMT" ]
      },
      "ContentHeaders": {
        "Content-Length": [ "926" ],
        "Content-Type": [ "application/json; charset=utf-8" ],
        "Expires": [ "-1" ]
      },
      "Content": "{\"properties\":{\"policyType\":\"Custom\",\"mode\":\"All\",\"description\":\"Unit test junk: sorry for littering. Please delete me!\",\"metadata\":{\"createdBy\":\"3d826307-2481-45a0-a271-bcf9333f914a\",\"createdOn\":\"2024-09-05T20:15:54.2770125Z\",\"updatedBy\":null,\"updatedOn\":null},\"version\":\"1.0.0\",\"policyRule\":{\"if\":{\"source\":\"action\",\"equals\":\"Microsoft.Resources/Subscriptions/ResourceGroups/write\"},\"then\":{\"effect\":\"deny\"}},\"versions\":[\"1.0.0\"]},\"id\":\"/subscriptions/edb2c18a-04d6-49e9-bc72-e23852f507ad/providers/Microsoft.Authorization/policyDefinitions/psBackcompat-PolicyDefinitionWithUri01\",\"type\":\"Microsoft.Authorization/policyDefinitions\",\"name\":\"psBackcompat-PolicyDefinitionWithUri01\",\"systemData\":{\"createdBy\":\"cstack@ntdev.microsoft.com\",\"createdByType\":\"User\",\"createdAt\":\"2024-09-05T20:15:54.2513353Z\",\"lastModifiedBy\":\"cstack@ntdev.microsoft.com\",\"lastModifiedByType\":\"User\",\"lastModifiedAt\":\"2024-09-05T20:15:54.2513353Z\"}}",
      "isContentBase64": false
    }
  },
  "Backcompat-PolicyDefinitionWithUri+[NoContext]+make a policy definition using a URI to the policy rule+$GET+https://management.azure.com/subscriptions/edb2c18a-04d6-49e9-bc72-e23852f507ad/providers/Microsoft.Authorization/policyDefinitions/psBackcompat-PolicyDefinitionWithUri01?api-version=2023-04-01+2": {
    "Request": {
      "Method": "GET",
      "RequestUri": "https://management.azure.com/subscriptions/edb2c18a-04d6-49e9-bc72-e23852f507ad/providers/Microsoft.Authorization/policyDefinitions/psBackcompat-PolicyDefinitionWithUri01?api-version=2023-04-01",
      "Content": null,
      "isContentBase64": false,
      "Headers": {
        "x-ms-unique-id": [ "191" ],
        "x-ms-client-request-id": [ "58ad1e9c-1414-4f84-979e-edbb7b01e173" ],
        "CommandName": [ "\u0026" ],
        "FullCommandName": [ "Get-AzPolicyDefinition_Get" ],
        "ParameterSetName": [ "__AllParameterSets" ],
        "User-Agent": [ "AzurePowershell/v12.3.0", "PSVersion/v7.4.5", "Az.Policy/0.1.1" ],
        "Authorization": [ "[Filtered]" ]
      },
      "ContentHeaders": {
      }
    },
    "Response": {
      "StatusCode": 200,
      "Headers": {
        "Cache-Control": [ "no-cache" ],
        "Pragma": [ "no-cache" ],
        "Strict-Transport-Security": [ "max-age=31536000; includeSubDomains" ],
        "x-ms-ratelimit-remaining-subscription-reads": [ "11997" ],
        "x-ms-request-id": [ "6efffb2a-78e7-4923-8bb7-c0a57b737b92" ],
        "x-ms-correlation-request-id": [ "6efffb2a-78e7-4923-8bb7-c0a57b737b92" ],
        "x-ms-routing-request-id": [ "WESTUS2:20240905T201554Z:6efffb2a-78e7-4923-8bb7-c0a57b737b92" ],
        "X-Content-Type-Options": [ "nosniff" ],
        "X-Cache": [ "CONFIG_NOCACHE" ],
        "X-MSEdge-Ref": [ "Ref A: 49FEA1E6498845C3BA5475F74A9D604C Ref B: CO6AA3150218047 Ref C: 2024-09-05T20:15:54Z" ],
        "Date": [ "Thu, 05 Sep 2024 20:15:54 GMT" ]
      },
      "ContentHeaders": {
        "Content-Length": [ "926" ],
        "Content-Type": [ "application/json; charset=utf-8" ],
        "Expires": [ "-1" ]
      },
      "Content": "{\"properties\":{\"policyType\":\"Custom\",\"mode\":\"All\",\"description\":\"Unit test junk: sorry for littering. Please delete me!\",\"metadata\":{\"createdBy\":\"3d826307-2481-45a0-a271-bcf9333f914a\",\"createdOn\":\"2024-09-05T20:15:54.2770125Z\",\"updatedBy\":null,\"updatedOn\":null},\"version\":\"1.0.0\",\"policyRule\":{\"if\":{\"source\":\"action\",\"equals\":\"Microsoft.Resources/Subscriptions/ResourceGroups/write\"},\"then\":{\"effect\":\"deny\"}},\"versions\":[\"1.0.0\"]},\"id\":\"/subscriptions/edb2c18a-04d6-49e9-bc72-e23852f507ad/providers/Microsoft.Authorization/policyDefinitions/psBackcompat-PolicyDefinitionWithUri01\",\"type\":\"Microsoft.Authorization/policyDefinitions\",\"name\":\"psBackcompat-PolicyDefinitionWithUri01\",\"systemData\":{\"createdBy\":\"cstack@ntdev.microsoft.com\",\"createdByType\":\"User\",\"createdAt\":\"2024-09-05T20:15:54.2513353Z\",\"lastModifiedBy\":\"cstack@ntdev.microsoft.com\",\"lastModifiedByType\":\"User\",\"lastModifiedAt\":\"2024-09-05T20:15:54.2513353Z\"}}",
      "isContentBase64": false
    }
  },
  "Backcompat-PolicyDefinitionWithUri+[NoContext]+[NoScenario]+$DELETE+https://management.azure.com/subscriptions/edb2c18a-04d6-49e9-bc72-e23852f507ad/providers/Microsoft.Authorization/policyDefinitions/psBackcompat-PolicyDefinitionWithUri01?api-version=2023-04-01+3": {
    "Request": {
      "Method": "DELETE",
      "RequestUri": "https://management.azure.com/subscriptions/edb2c18a-04d6-49e9-bc72-e23852f507ad/providers/Microsoft.Authorization/policyDefinitions/psBackcompat-PolicyDefinitionWithUri01?api-version=2023-04-01",
      "Content": null,
      "isContentBase64": false,
      "Headers": {
        "x-ms-unique-id": [ "192" ],
        "x-ms-client-request-id": [ "55df51f6-5d79-4d14-875d-2dd4d19c3b03" ],
        "CommandName": [ "\u0026" ],
        "FullCommandName": [ "Remove-AzPolicyDefinition_Delete" ],
        "ParameterSetName": [ "__AllParameterSets" ],
        "User-Agent": [ "AzurePowershell/v12.3.0", "PSVersion/v7.4.5", "Az.Policy/0.1.1" ],
        "Authorization": [ "[Filtered]" ]
      },
      "ContentHeaders": {
      }
    },
    "Response": {
      "StatusCode": 200,
      "Headers": {
        "Cache-Control": [ "no-cache" ],
        "Pragma": [ "no-cache" ],
        "Strict-Transport-Security": [ "max-age=31536000; includeSubDomains" ],
        "x-ms-ratelimit-remaining-subscription-deletes": [ "14999" ],
        "x-ms-request-id": [ "35a4b76f-7736-4705-946c-64a7a8ff20f8" ],
        "x-ms-correlation-request-id": [ "35a4b76f-7736-4705-946c-64a7a8ff20f8" ],
        "x-ms-routing-request-id": [ "WESTUS2:20240905T201555Z:35a4b76f-7736-4705-946c-64a7a8ff20f8" ],
        "X-Content-Type-Options": [ "nosniff" ],
        "X-Cache": [ "CONFIG_NOCACHE" ],
        "X-MSEdge-Ref": [ "Ref A: A49B5639C88041348C3E61FF61757779 Ref B: CO6AA3150218047 Ref C: 2024-09-05T20:15:54Z" ],
        "Date": [ "Thu, 05 Sep 2024 20:15:55 GMT" ]
      },
      "ContentHeaders": {
        "Content-Length": [ "926" ],
        "Content-Type": [ "application/json; charset=utf-8" ],
        "Expires": [ "-1" ]
      },
      "Content": "{\"properties\":{\"policyType\":\"Custom\",\"mode\":\"All\",\"description\":\"Unit test junk: sorry for littering. Please delete me!\",\"metadata\":{\"createdBy\":\"3d826307-2481-45a0-a271-bcf9333f914a\",\"createdOn\":\"2024-09-05T20:15:54.2770125Z\",\"updatedBy\":null,\"updatedOn\":null},\"version\":\"1.0.0\",\"policyRule\":{\"if\":{\"source\":\"action\",\"equals\":\"Microsoft.Resources/Subscriptions/ResourceGroups/write\"},\"then\":{\"effect\":\"deny\"}},\"versions\":[\"1.0.0\"]},\"id\":\"/subscriptions/edb2c18a-04d6-49e9-bc72-e23852f507ad/providers/Microsoft.Authorization/policyDefinitions/psBackcompat-PolicyDefinitionWithUri01\",\"type\":\"Microsoft.Authorization/policyDefinitions\",\"name\":\"psBackcompat-PolicyDefinitionWithUri01\",\"systemData\":{\"createdBy\":\"cstack@ntdev.microsoft.com\",\"createdByType\":\"User\",\"createdAt\":\"2024-09-05T20:15:54.2513353Z\",\"lastModifiedBy\":\"cstack@ntdev.microsoft.com\",\"lastModifiedByType\":\"User\",\"lastModifiedAt\":\"2024-09-05T20:15:54.2513353Z\"}}",
      "isContentBase64": false
    }
  }
}