{
  "Backcompat-PolicyObjectPiping+[NoContext]+[NoScenario]+$PUT+https://management.azure.com/subscriptions/edb2c18a-04d6-49e9-bc72-e23852f507ad/providers/Microsoft.Authorization/policyDefinitions/psBackcompat-PolicyObjectPiping02?api-version=2023-04-01+1": {
    "Request": {
      "Method": "PUT",
      "RequestUri": "https://management.azure.com/subscriptions/edb2c18a-04d6-49e9-bc72-e23852f507ad/providers/Microsoft.Authorization/policyDefinitions/psBackcompat-PolicyObjectPiping02?api-version=2023-04-01",
      "Content": "{\r\n  \"properties\": {\r\n    \"policyType\": \"Custom\",\r\n    \"mode\": \"Indexed\",\r\n    \"displayName\": \"Fake test policy\",\r\n    \"description\": \"Unit test junk: sorry for littering. Please delete me!\",\r\n    \"policyRule\": {\r\n      \"if\": {\r\n        \"not\": {\r\n          \"field\": \"location\",\r\n          \"in\": \"[parameters(\\u0027listOfAllowedLocations\\u0027)]\"\r\n        }\r\n      },\r\n      \"then\": {\r\n        \"effect\": \"[parameters(\\u0027effectParam\\u0027)]\"\r\n      }\r\n    },\r\n    \"metadata\": {\r\n      \"category\": \"Unit Test\",\r\n      \"createdBy\": \"3d826307-2481-45a0-a271-bcf9333f914a\",\r\n      \"createdOn\": \"2019-05-29T00:57:15Z\",\r\n      \"updatedBy\": \"3d826307-2481-45a0-a271-bcf9333f914a\",\r\n      \"updatedOn\": \"2019-06-20T19:08:27Z\"\r\n    },\r\n    \"parameters\": {\r\n      \"listOfAllowedLocations\": {\r\n        \"type\": \"array\",\r\n        \"defaultValue\": [ \"westus\" ],\r\n        \"metadata\": {\r\n          \"description\": \"An array of permitted locations for resources.\",\r\n          \"strongType\": \"location\",\r\n          \"displayName\": \"List of locations\"\r\n        }\r\n      },\r\n      \"effectParam\": {\r\n        \"type\": \"string\",\r\n        \"defaultValue\": \"Deny\",\r\n        \"allowedValues\": [ \"Deny\", \"Disabled\" ],\r\n        \"metadata\": {\r\n          \"description\": \"The effect of the policy\",\r\n          \"displayName\": \"Policy Effect\"\r\n        }\r\n      }\r\n    }\r\n  }\r\n}",
      "isContentBase64": false,
      "Headers": {
      },
      "ContentHeaders": {
        "Content-Type": [ "application/json" ],
        "Content-Length": [ "1337" ]
      }
    },
    "Response": {
      "StatusCode": 201,
      "Headers": {
        "Cache-Control": [ "no-cache" ],
        "Pragma": [ "no-cache" ],
        "Strict-Transport-Security": [ "max-age=31536000; includeSubDomains" ],
        "x-ms-throttling-version": [ "v1" ],
        "x-ms-ratelimit-remaining-subscription-writes": [ "1199" ],
        "x-ms-request-id": [ "95cb268e-2003-4656-b97b-f0725702fde6" ],
        "x-ms-correlation-request-id": [ "95cb268e-2003-4656-b97b-f0725702fde6" ],
        "x-ms-routing-request-id": [ "WESTUS2:20240511T005248Z:95cb268e-2003-4656-b97b-f0725702fde6" ],
        "X-Content-Type-Options": [ "nosniff" ],
        "X-Cache": [ "CONFIG_NOCACHE" ],
        "X-MSEdge-Ref": [ "Ref A: E8BA90D728A149449F88359249FE2218 Ref B: CO6AA3150220025 Ref C: 2024-05-11T00:52:48Z" ],
        "Date": [ "Sat, 11 May 2024 00:52:48 GMT" ]
      },
      "ContentHeaders": {
        "Content-Length": [ "1379" ],
        "Content-Type": [ "application/json; charset=utf-8" ],
        "Expires": [ "-1" ]
      },
      "Content": "{\"properties\":{\"displayName\":\"Fake test policy\",\"policyType\":\"Custom\",\"mode\":\"Indexed\",\"description\":\"Unit test junk: sorry for littering. Please delete me!\",\"metadata\":{\"category\":\"Unit Test\",\"createdBy\":\"3d826307-2481-45a0-a271-bcf9333f914a\",\"createdOn\":\"2024-05-11T00:52:48.5592761Z\",\"updatedBy\":null,\"updatedOn\":null},\"version\":\"1.0.0\",\"parameters\":{\"listOfAllowedLocations\":{\"type\":\"array\",\"metadata\":{\"description\":\"An array of permitted locations for resources.\",\"strongType\":\"location\",\"displayName\":\"List of locations\"},\"defaultValue\":[\"westus\"]},\"effectParam\":{\"type\":\"string\",\"metadata\":{\"description\":\"The effect of the policy\",\"displayName\":\"Policy Effect\"},\"allowedValues\":[\"Deny\",\"Disabled\"],\"defaultValue\":\"Deny\"}},\"policyRule\":{\"if\":{\"not\":{\"field\":\"location\",\"in\":\"[parameters(\u0027listOfAllowedLocations\u0027)]\"}},\"then\":{\"effect\":\"[parameters(\u0027effectParam\u0027)]\"}},\"versions\":[\"1.0.0\"]},\"id\":\"/subscriptions/edb2c18a-04d6-49e9-bc72-e23852f507ad/providers/Microsoft.Authorization/policyDefinitions/psBackcompat-PolicyObjectPiping02\",\"type\":\"Microsoft.Authorization/policyDefinitions\",\"name\":\"psBackcompat-PolicyObjectPiping02\",\"systemData\":{\"createdBy\":\"cstack@ntdev.microsoft.com\",\"createdByType\":\"User\",\"createdAt\":\"2024-05-11T00:52:48.5460983Z\",\"lastModifiedBy\":\"cstack@ntdev.microsoft.com\",\"lastModifiedByType\":\"User\",\"lastModifiedAt\":\"2024-05-11T00:52:48.5460983Z\"}}",
      "isContentBase64": false
    }
  },
  "Backcompat-PolicyObjectPiping+[NoContext]+[NoScenario]+$PUT+https://management.azure.com/subscriptions/edb2c18a-04d6-49e9-bc72-e23852f507ad/providers/Microsoft.Authorization/policySetDefinitions/psBackcompat-PolicyObjectPiping01?api-version=2023-04-01+2": {
    "Request": {
      "Method": "PUT",
      "RequestUri": "https://management.azure.com/subscriptions/edb2c18a-04d6-49e9-bc72-e23852f507ad/providers/Microsoft.Authorization/policySetDefinitions/psBackcompat-PolicyObjectPiping01?api-version=2023-04-01",
      "Content": "{\r\n  \"properties\": {\r\n    \"description\": \"Unit test junk: sorry for littering. Please delete me!\",\r\n    \"policyDefinitions\": [\r\n      {\r\n        \"policyDefinitionId\": \"/subscriptions/edb2c18a-04d6-49e9-bc72-e23852f507ad/providers/Microsoft.Authorization/policyDefinitions/psBackcompat-PolicyObjectPiping02\"\r\n      }\r\n    ]\r\n  }\r\n}",
      "isContentBase64": false,
      "Headers": {
      },
      "ContentHeaders": {
        "Content-Type": [ "application/json" ],
        "Content-Length": [ "330" ]
      }
    },
    "Response": {
      "StatusCode": 201,
      "Headers": {
        "Cache-Control": [ "no-cache" ],
        "Pragma": [ "no-cache" ],
        "Strict-Transport-Security": [ "max-age=31536000; includeSubDomains" ],
        "x-ms-throttling-version": [ "v1" ],
        "x-ms-ratelimit-remaining-subscription-writes": [ "1198" ],
        "x-ms-request-id": [ "0d677dc6-a9ed-4b6c-98c5-310f6bd24e6f" ],
        "x-ms-correlation-request-id": [ "0d677dc6-a9ed-4b6c-98c5-310f6bd24e6f" ],
        "x-ms-routing-request-id": [ "WESTUS2:20240511T005249Z:0d677dc6-a9ed-4b6c-98c5-310f6bd24e6f" ],
        "X-Content-Type-Options": [ "nosniff" ],
        "X-Cache": [ "CONFIG_NOCACHE" ],
        "X-MSEdge-Ref": [ "Ref A: 5499789D2E584E93AE9A4A0B86E174F1 Ref B: CO6AA3150220025 Ref C: 2024-05-11T00:52:48Z" ],
        "Date": [ "Sat, 11 May 2024 00:52:49 GMT" ]
      },
      "ContentHeaders": {
        "Content-Length": [ "1043" ],
        "Content-Type": [ "application/json; charset=utf-8" ],
        "Expires": [ "-1" ]
      },
      "Content": "{\"properties\":{\"policyType\":\"Custom\",\"description\":\"Unit test junk: sorry for littering. Please delete me!\",\"metadata\":{\"createdBy\":\"3d826307-2481-45a0-a271-bcf9333f914a\",\"createdOn\":\"2024-05-11T00:52:49.0922957Z\",\"updatedBy\":null,\"updatedOn\":null},\"version\":\"1.0.0\",\"policyDefinitions\":[{\"policyDefinitionReferenceId\":\"5868563586067909168\",\"policyDefinitionId\":\"/subscriptions/edb2c18a-04d6-49e9-bc72-e23852f507ad/providers/Microsoft.Authorization/policyDefinitions/psBackcompat-PolicyObjectPiping02\",\"definitionVersion\":\"1.*.*\"}],\"versions\":[\"1.0.0\"]},\"id\":\"/subscriptions/edb2c18a-04d6-49e9-bc72-e23852f507ad/providers/Microsoft.Authorization/policySetDefinitions/psBackcompat-PolicyObjectPiping01\",\"type\":\"Microsoft.Authorization/policySetDefinitions\",\"name\":\"psBackcompat-PolicyObjectPiping01\",\"systemData\":{\"createdBy\":\"cstack@ntdev.microsoft.com\",\"createdByType\":\"User\",\"createdAt\":\"2024-05-11T00:52:49.0398692Z\",\"lastModifiedBy\":\"cstack@ntdev.microsoft.com\",\"lastModifiedByType\":\"User\",\"lastModifiedAt\":\"2024-05-11T00:52:49.0398692Z\"}}",
      "isContentBase64": false
    }
  },
  "Backcompat-PolicyObjectPiping+[NoContext]+make policy assignment from piped definition+$GET+https://management.azure.com/subscriptions/edb2c18a-04d6-49e9-bc72-e23852f507ad/providers/Microsoft.Authorization/policyDefinitions/psBackcompat-PolicyObjectPiping02?api-version=2023-04-01+1": {
    "Request": {
      "Method": "GET",
      "RequestUri": "https://management.azure.com/subscriptions/edb2c18a-04d6-49e9-bc72-e23852f507ad/providers/Microsoft.Authorization/policyDefinitions/psBackcompat-PolicyObjectPiping02?api-version=2023-04-01",
      "Content": null,
      "isContentBase64": false,
      "Headers": {
        "x-ms-unique-id": [ "799" ],
        "x-ms-client-request-id": [ "c2258dfb-26f7-4b01-bcd4-ad1ba93dfc7c" ],
        "CommandName": [ "\u0026" ],
        "FullCommandName": [ "Get-AzPolicyDefinition_Get" ],
        "ParameterSetName": [ "__AllParameterSets" ],
        "User-Agent": [ "AzurePowershell/v11.0.0", "PSVersion/v7.4.2", "Az.Policy/0.1.1" ],
        "Authorization": [ "[Filtered]" ]
      },
      "ContentHeaders": {
      }
    },
    "Response": {
      "StatusCode": 200,
      "Headers": {
        "Cache-Control": [ "no-cache" ],
        "Pragma": [ "no-cache" ],
        "Strict-Transport-Security": [ "max-age=31536000; includeSubDomains" ],
        "x-ms-throttling-version": [ "v1" ],
        "x-ms-ratelimit-remaining-subscription-reads": [ "11995" ],
        "x-ms-request-id": [ "f5a4a48f-393d-4da7-a13c-422cc3586f05" ],
        "x-ms-correlation-request-id": [ "f5a4a48f-393d-4da7-a13c-422cc3586f05" ],
        "x-ms-routing-request-id": [ "WESTUS2:20240511T005249Z:f5a4a48f-393d-4da7-a13c-422cc3586f05" ],
        "X-Content-Type-Options": [ "nosniff" ],
        "X-Cache": [ "CONFIG_NOCACHE" ],
        "X-MSEdge-Ref": [ "Ref A: 7F089DA09D8A4CAA9B4F650DCB118960 Ref B: CO6AA3150220025 Ref C: 2024-05-11T00:52:49Z" ],
        "Date": [ "Sat, 11 May 2024 00:52:49 GMT" ]
      },
      "ContentHeaders": {
        "Content-Length": [ "1379" ],
        "Content-Type": [ "application/json; charset=utf-8" ],
        "Expires": [ "-1" ]
      },
      "Content": "{\"properties\":{\"displayName\":\"Fake test policy\",\"policyType\":\"Custom\",\"mode\":\"Indexed\",\"description\":\"Unit test junk: sorry for littering. Please delete me!\",\"metadata\":{\"category\":\"Unit Test\",\"createdBy\":\"3d826307-2481-45a0-a271-bcf9333f914a\",\"createdOn\":\"2024-05-11T00:52:48.5592761Z\",\"updatedBy\":null,\"updatedOn\":null},\"version\":\"1.0.0\",\"parameters\":{\"listOfAllowedLocations\":{\"type\":\"array\",\"metadata\":{\"description\":\"An array of permitted locations for resources.\",\"strongType\":\"location\",\"displayName\":\"List of locations\"},\"defaultValue\":[\"westus\"]},\"effectParam\":{\"type\":\"string\",\"metadata\":{\"description\":\"The effect of the policy\",\"displayName\":\"Policy Effect\"},\"allowedValues\":[\"Deny\",\"Disabled\"],\"defaultValue\":\"Deny\"}},\"policyRule\":{\"if\":{\"not\":{\"field\":\"location\",\"in\":\"[parameters(\u0027listOfAllowedLocations\u0027)]\"}},\"then\":{\"effect\":\"[parameters(\u0027effectParam\u0027)]\"}},\"versions\":[\"1.0.0\"]},\"id\":\"/subscriptions/edb2c18a-04d6-49e9-bc72-e23852f507ad/providers/Microsoft.Authorization/policyDefinitions/psBackcompat-PolicyObjectPiping02\",\"type\":\"Microsoft.Authorization/policyDefinitions\",\"name\":\"psBackcompat-PolicyObjectPiping02\",\"systemData\":{\"createdBy\":\"cstack@ntdev.microsoft.com\",\"createdByType\":\"User\",\"createdAt\":\"2024-05-11T00:52:48.5460983Z\",\"lastModifiedBy\":\"cstack@ntdev.microsoft.com\",\"lastModifiedByType\":\"User\",\"lastModifiedAt\":\"2024-05-11T00:52:48.5460983Z\"}}",
      "isContentBase64": false
    }
  },
  "Backcompat-PolicyObjectPiping+[NoContext]+make policy assignment from piped definition+$PUT+https://management.azure.com//subscriptions/edb2c18a-04d6-49e9-bc72-e23852f507ad/resourceGroups/rg01/providers/Microsoft.Authorization/policyAssignments/psBackcompat-PolicyObjectPiping03?api-version=2023-04-01+2": {
    "Request": {
      "Method": "PUT",
      "RequestUri": "https://management.azure.com//subscriptions/edb2c18a-04d6-49e9-bc72-e23852f507ad/resourceGroups/rg01/providers/Microsoft.Authorization/policyAssignments/psBackcompat-PolicyObjectPiping03?api-version=2023-04-01",
      "Content": "{\r\n  \"properties\": {\r\n    \"displayName\": \"Fake test policy\",\r\n    \"policyDefinitionId\": \"/subscriptions/edb2c18a-04d6-49e9-bc72-e23852f507ad/providers/Microsoft.Authorization/policyDefinitions/psBackcompat-PolicyObjectPiping02\",\r\n    \"parameters\": {\r\n      \"listOfAllowedLocations\": {\r\n        \"value\": [ \"westus\", \"eastus\" ]\r\n      },\r\n      \"effectParam\": {\r\n        \"value\": \"Deny\"\r\n      }\r\n    },\r\n    \"description\": \"Unit test junk: sorry for littering. Please delete me!\",\r\n    \"metadata\": {\r\n      \"category\": \"Unit Test\",\r\n      \"createdOn\": \"05/11/2024 00:52:48\",\r\n      \"createdBy\": \"3d826307-2481-45a0-a271-bcf9333f914a\"\r\n    }\r\n  }\r\n}",
      "isContentBase64": false,
      "Headers": {
      },
      "ContentHeaders": {
        "Content-Type": [ "application/json" ],
        "Content-Length": [ "647" ]
      }
    },
    "Response": {
      "StatusCode": 201,
      "Headers": {
        "Cache-Control": [ "no-cache" ],
        "Pragma": [ "no-cache" ],
        "Strict-Transport-Security": [ "max-age=31536000; includeSubDomains" ],
        "x-ms-throttling-version": [ "v1" ],
        "x-ms-ratelimit-remaining-subscription-writes": [ "1198" ],
        "x-ms-request-id": [ "8f08dd3c-2be8-44aa-b544-c046a7cdd102" ],
        "x-ms-correlation-request-id": [ "8f08dd3c-2be8-44aa-b544-c046a7cdd102" ],
        "x-ms-routing-request-id": [ "WESTUS2:20240511T005250Z:8f08dd3c-2be8-44aa-b544-c046a7cdd102" ],
        "X-Content-Type-Options": [ "nosniff" ],
        "X-Cache": [ "CONFIG_NOCACHE" ],
        "X-MSEdge-Ref": [ "Ref A: 5EF09AB6837C466397BDA887AD38492D Ref B: CO6AA3150220025 Ref C: 2024-05-11T00:52:49Z" ],
        "Date": [ "Sat, 11 May 2024 00:52:50 GMT" ]
      },
      "ContentHeaders": {
        "Content-Length": [ "1185" ],
        "Content-Type": [ "application/json; charset=utf-8" ],
        "Expires": [ "-1" ]
      },
      "Content": "{\"properties\":{\"displayName\":\"Fake test policy\",\"policyDefinitionId\":\"/subscriptions/edb2c18a-04d6-49e9-bc72-e23852f507ad/providers/Microsoft.Authorization/policyDefinitions/psBackcompat-PolicyObjectPiping02\",\"definitionVersion\":\"1.*.*\",\"scope\":\"/subscriptions/edb2c18a-04d6-49e9-bc72-e23852f507ad/resourceGroups/rg01\",\"parameters\":{\"listOfAllowedLocations\":{\"value\":[\"westus\",\"eastus\"]},\"effectParam\":{\"value\":\"Deny\"}},\"description\":\"Unit test junk: sorry for littering. Please delete me!\",\"metadata\":{\"category\":\"Unit Test\",\"createdOn\":\"2024-05-11T00:52:49.7600367Z\",\"createdBy\":\"3d826307-2481-45a0-a271-bcf9333f914a\",\"updatedBy\":null,\"updatedOn\":null},\"enforcementMode\":\"Default\"},\"id\":\"/subscriptions/edb2c18a-04d6-49e9-bc72-e23852f507ad/resourceGroups/rg01/providers/Microsoft.Authorization/policyAssignments/psBackcompat-PolicyObjectPiping03\",\"type\":\"Microsoft.Authorization/policyAssignments\",\"name\":\"psBackcompat-PolicyObjectPiping03\",\"systemData\":{\"createdBy\":\"cstack@ntdev.microsoft.com\",\"createdByType\":\"User\",\"createdAt\":\"2024-05-11T00:52:49.706291Z\",\"lastModifiedBy\":\"cstack@ntdev.microsoft.com\",\"lastModifiedByType\":\"User\",\"lastModifiedAt\":\"2024-05-11T00:52:49.706291Z\"}}",
      "isContentBase64": false
    }
  },
  "Backcompat-PolicyObjectPiping+[NoContext]+make policy assignment from piped definition+$GET+https://management.azure.com//subscriptions/edb2c18a-04d6-49e9-bc72-e23852f507ad/resourceGroups/rg01/providers/Microsoft.Authorization/policyAssignments/psBackcompat-PolicyObjectPiping03?api-version=2023-04-01+3": {
    "Request": {
      "Method": "GET",
      "RequestUri": "https://management.azure.com//subscriptions/edb2c18a-04d6-49e9-bc72-e23852f507ad/resourceGroups/rg01/providers/Microsoft.Authorization/policyAssignments/psBackcompat-PolicyObjectPiping03?api-version=2023-04-01",
      "Content": null,
      "isContentBase64": false,
      "Headers": {
        "x-ms-unique-id": [ "801" ],
        "x-ms-client-request-id": [ "7d227283-da68-4c4f-a1e2-bb178875102a" ],
        "CommandName": [ "\u0026" ],
        "FullCommandName": [ "Get-AzPolicyAssignment_Get" ],
        "ParameterSetName": [ "__AllParameterSets" ],
        "User-Agent": [ "AzurePowershell/v11.0.0", "PSVersion/v7.4.2", "Az.Policy/0.1.1" ],
        "Authorization": [ "[Filtered]" ]
      },
      "ContentHeaders": {
      }
    },
    "Response": {
      "StatusCode": 200,
      "Headers": {
        "Cache-Control": [ "no-cache" ],
        "Pragma": [ "no-cache" ],
        "Strict-Transport-Security": [ "max-age=31536000; includeSubDomains" ],
        "x-ms-throttling-version": [ "v1" ],
        "x-ms-ratelimit-remaining-subscription-reads": [ "11997" ],
        "x-ms-request-id": [ "13080c8d-1c5f-4207-b09c-ff3e5c8195b3" ],
        "x-ms-correlation-request-id": [ "13080c8d-1c5f-4207-b09c-ff3e5c8195b3" ],
        "x-ms-routing-request-id": [ "WESTUS2:20240511T005250Z:13080c8d-1c5f-4207-b09c-ff3e5c8195b3" ],
        "X-Content-Type-Options": [ "nosniff" ],
        "X-Cache": [ "CONFIG_NOCACHE" ],
        "X-MSEdge-Ref": [ "Ref A: C945B1B5CCB84B4D9037C705BD29537D Ref B: CO6AA3150220025 Ref C: 2024-05-11T00:52:50Z" ],
        "Date": [ "Sat, 11 May 2024 00:52:50 GMT" ]
      },
      "ContentHeaders": {
        "Content-Length": [ "1185" ],
        "Content-Type": [ "application/json; charset=utf-8" ],
        "Expires": [ "-1" ]
      },
      "Content": "{\"properties\":{\"displayName\":\"Fake test policy\",\"policyDefinitionId\":\"/subscriptions/edb2c18a-04d6-49e9-bc72-e23852f507ad/providers/Microsoft.Authorization/policyDefinitions/psBackcompat-PolicyObjectPiping02\",\"definitionVersion\":\"1.*.*\",\"scope\":\"/subscriptions/edb2c18a-04d6-49e9-bc72-e23852f507ad/resourceGroups/rg01\",\"parameters\":{\"listOfAllowedLocations\":{\"value\":[\"westus\",\"eastus\"]},\"effectParam\":{\"value\":\"Deny\"}},\"description\":\"Unit test junk: sorry for littering. Please delete me!\",\"metadata\":{\"category\":\"Unit Test\",\"createdOn\":\"2024-05-11T00:52:49.7600367Z\",\"createdBy\":\"3d826307-2481-45a0-a271-bcf9333f914a\",\"updatedBy\":null,\"updatedOn\":null},\"enforcementMode\":\"Default\"},\"id\":\"/subscriptions/edb2c18a-04d6-49e9-bc72-e23852f507ad/resourceGroups/rg01/providers/Microsoft.Authorization/policyAssignments/psBackcompat-PolicyObjectPiping03\",\"type\":\"Microsoft.Authorization/policyAssignments\",\"name\":\"psBackcompat-PolicyObjectPiping03\",\"systemData\":{\"createdBy\":\"cstack@ntdev.microsoft.com\",\"createdByType\":\"User\",\"createdAt\":\"2024-05-11T00:52:49.706291Z\",\"lastModifiedBy\":\"cstack@ntdev.microsoft.com\",\"lastModifiedByType\":\"User\",\"lastModifiedAt\":\"2024-05-11T00:52:49.706291Z\"}}",
      "isContentBase64": false
    }
  },
  "Backcompat-PolicyObjectPiping+[NoContext]+update assignment from piped object+$GET+https://management.azure.com//subscriptions/edb2c18a-04d6-49e9-bc72-e23852f507ad/resourceGroups/rg01/providers/Microsoft.Authorization/policyAssignments/psBackcompat-PolicyObjectPiping03?api-version=2023-04-01+1": {
    "Request": {
      "Method": "GET",
      "RequestUri": "https://management.azure.com//subscriptions/edb2c18a-04d6-49e9-bc72-e23852f507ad/resourceGroups/rg01/providers/Microsoft.Authorization/policyAssignments/psBackcompat-PolicyObjectPiping03?api-version=2023-04-01",
      "Content": null,
      "isContentBase64": false,
      "Headers": {
        "x-ms-unique-id": [ "802" ],
        "x-ms-client-request-id": [ "5d2a9795-367b-4e65-80a9-538ecf1cf738" ],
        "CommandName": [ "\u0026" ],
        "FullCommandName": [ "Get-AzPolicyAssignment_Get" ],
        "ParameterSetName": [ "__AllParameterSets" ],
        "User-Agent": [ "AzurePowershell/v11.0.0", "PSVersion/v7.4.2", "Az.Policy/0.1.1" ],
        "Authorization": [ "[Filtered]" ]
      },
      "ContentHeaders": {
      }
    },
    "Response": {
      "StatusCode": 200,
      "Headers": {
        "Cache-Control": [ "no-cache" ],
        "Pragma": [ "no-cache" ],
        "Strict-Transport-Security": [ "max-age=31536000; includeSubDomains" ],
        "x-ms-throttling-version": [ "v1" ],
        "x-ms-ratelimit-remaining-subscription-reads": [ "11995" ],
        "x-ms-request-id": [ "6eecf44a-e369-4b52-8151-5220e3284901" ],
        "x-ms-correlation-request-id": [ "6eecf44a-e369-4b52-8151-5220e3284901" ],
        "x-ms-routing-request-id": [ "WESTUS2:20240511T005250Z:6eecf44a-e369-4b52-8151-5220e3284901" ],
        "X-Content-Type-Options": [ "nosniff" ],
        "X-Cache": [ "CONFIG_NOCACHE" ],
        "X-MSEdge-Ref": [ "Ref A: 385E8BF3DAFD4733AF72CBC92B50B8E3 Ref B: CO6AA3150220025 Ref C: 2024-05-11T00:52:50Z" ],
        "Date": [ "Sat, 11 May 2024 00:52:50 GMT" ]
      },
      "ContentHeaders": {
        "Content-Length": [ "1185" ],
        "Content-Type": [ "application/json; charset=utf-8" ],
        "Expires": [ "-1" ]
      },
      "Content": "{\"properties\":{\"displayName\":\"Fake test policy\",\"policyDefinitionId\":\"/subscriptions/edb2c18a-04d6-49e9-bc72-e23852f507ad/providers/Microsoft.Authorization/policyDefinitions/psBackcompat-PolicyObjectPiping02\",\"definitionVersion\":\"1.*.*\",\"scope\":\"/subscriptions/edb2c18a-04d6-49e9-bc72-e23852f507ad/resourceGroups/rg01\",\"parameters\":{\"listOfAllowedLocations\":{\"value\":[\"westus\",\"eastus\"]},\"effectParam\":{\"value\":\"Deny\"}},\"description\":\"Unit test junk: sorry for littering. Please delete me!\",\"metadata\":{\"category\":\"Unit Test\",\"createdOn\":\"2024-05-11T00:52:49.7600367Z\",\"createdBy\":\"3d826307-2481-45a0-a271-bcf9333f914a\",\"updatedBy\":null,\"updatedOn\":null},\"enforcementMode\":\"Default\"},\"id\":\"/subscriptions/edb2c18a-04d6-49e9-bc72-e23852f507ad/resourceGroups/rg01/providers/Microsoft.Authorization/policyAssignments/psBackcompat-PolicyObjectPiping03\",\"type\":\"Microsoft.Authorization/policyAssignments\",\"name\":\"psBackcompat-PolicyObjectPiping03\",\"systemData\":{\"createdBy\":\"cstack@ntdev.microsoft.com\",\"createdByType\":\"User\",\"createdAt\":\"2024-05-11T00:52:49.706291Z\",\"lastModifiedBy\":\"cstack@ntdev.microsoft.com\",\"lastModifiedByType\":\"User\",\"lastModifiedAt\":\"2024-05-11T00:52:49.706291Z\"}}",
      "isContentBase64": false
    }
  },
  "Backcompat-PolicyObjectPiping+[NoContext]+update assignment from piped object+$GET+https://management.azure.com//subscriptions/edb2c18a-04d6-49e9-bc72-e23852f507ad/resourceGroups/rg01/providers/Microsoft.Authorization/policyAssignments/psBackcompat-PolicyObjectPiping03?api-version=2023-04-01+2": {
    "Request": {
      "Method": "GET",
      "RequestUri": "https://management.azure.com//subscriptions/edb2c18a-04d6-49e9-bc72-e23852f507ad/resourceGroups/rg01/providers/Microsoft.Authorization/policyAssignments/psBackcompat-PolicyObjectPiping03?api-version=2023-04-01",
      "Content": null,
      "isContentBase64": false,
      "Headers": {
        "x-ms-unique-id": [ "803" ],
        "x-ms-client-request-id": [ "8b27d884-417a-495b-895c-023ea61272fd" ],
        "CommandName": [ "\u0026" ],
        "FullCommandName": [ "Get-AzPolicyAssignment_Get1" ],
        "ParameterSetName": [ "__AllParameterSets" ],
        "User-Agent": [ "AzurePowershell/v11.0.0", "PSVersion/v7.4.2", "Az.Policy/0.1.1" ],
        "Authorization": [ "[Filtered]" ]
      },
      "ContentHeaders": {
      }
    },
    "Response": {
      "StatusCode": 200,
      "Headers": {
        "Cache-Control": [ "no-cache" ],
        "Pragma": [ "no-cache" ],
        "Strict-Transport-Security": [ "max-age=31536000; includeSubDomains" ],
        "x-ms-throttling-version": [ "v1" ],
        "x-ms-ratelimit-remaining-subscription-reads": [ "11995" ],
        "x-ms-request-id": [ "e369808d-97df-4e8f-92c3-32262cc117f8" ],
        "x-ms-correlation-request-id": [ "e369808d-97df-4e8f-92c3-32262cc117f8" ],
        "x-ms-routing-request-id": [ "WESTUS2:20240511T005250Z:e369808d-97df-4e8f-92c3-32262cc117f8" ],
        "X-Content-Type-Options": [ "nosniff" ],
        "X-Cache": [ "CONFIG_NOCACHE" ],
        "X-MSEdge-Ref": [ "Ref A: 3A3A945ADF8A4628A2E69F66F42D7A41 Ref B: CO6AA3150220025 Ref C: 2024-05-11T00:52:50Z" ],
        "Date": [ "Sat, 11 May 2024 00:52:50 GMT" ]
      },
      "ContentHeaders": {
        "Content-Length": [ "1185" ],
        "Content-Type": [ "application/json; charset=utf-8" ],
        "Expires": [ "-1" ]
      },
      "Content": "{\"properties\":{\"displayName\":\"Fake test policy\",\"policyDefinitionId\":\"/subscriptions/edb2c18a-04d6-49e9-bc72-e23852f507ad/providers/Microsoft.Authorization/policyDefinitions/psBackcompat-PolicyObjectPiping02\",\"definitionVersion\":\"1.*.*\",\"scope\":\"/subscriptions/edb2c18a-04d6-49e9-bc72-e23852f507ad/resourceGroups/rg01\",\"parameters\":{\"listOfAllowedLocations\":{\"value\":[\"westus\",\"eastus\"]},\"effectParam\":{\"value\":\"Deny\"}},\"description\":\"Unit test junk: sorry for littering. Please delete me!\",\"metadata\":{\"category\":\"Unit Test\",\"createdOn\":\"2024-05-11T00:52:49.7600367Z\",\"createdBy\":\"3d826307-2481-45a0-a271-bcf9333f914a\",\"updatedBy\":null,\"updatedOn\":null},\"enforcementMode\":\"Default\"},\"id\":\"/subscriptions/edb2c18a-04d6-49e9-bc72-e23852f507ad/resourceGroups/rg01/providers/Microsoft.Authorization/policyAssignments/psBackcompat-PolicyObjectPiping03\",\"type\":\"Microsoft.Authorization/policyAssignments\",\"name\":\"psBackcompat-PolicyObjectPiping03\",\"systemData\":{\"createdBy\":\"cstack@ntdev.microsoft.com\",\"createdByType\":\"User\",\"createdAt\":\"2024-05-11T00:52:49.706291Z\",\"lastModifiedBy\":\"cstack@ntdev.microsoft.com\",\"lastModifiedByType\":\"User\",\"lastModifiedAt\":\"2024-05-11T00:52:49.706291Z\"}}",
      "isContentBase64": false
    }
  },
  "Backcompat-PolicyObjectPiping+[NoContext]+update assignment from piped object+$GET+https://management.azure.com//subscriptions/edb2c18a-04d6-49e9-bc72-e23852f507ad/resourceGroups/rg01/providers/Microsoft.Authorization/policyAssignments/psBackcompat-PolicyObjectPiping03?api-version=2023-04-01+3": {
    "Request": {
      "Method": "GET",
      "RequestUri": "https://management.azure.com//subscriptions/edb2c18a-04d6-49e9-bc72-e23852f507ad/resourceGroups/rg01/providers/Microsoft.Authorization/policyAssignments/psBackcompat-PolicyObjectPiping03?api-version=2023-04-01",
      "Content": null,
      "isContentBase64": false,
      "Headers": {
        "x-ms-unique-id": [ "804" ],
        "x-ms-client-request-id": [ "38a49696-3482-4054-8c32-e9d67a186b5e" ],
        "CommandName": [ "\u0026" ],
        "FullCommandName": [ "Get-AzPolicyAssignment_Get1" ],
        "ParameterSetName": [ "__AllParameterSets" ],
        "User-Agent": [ "AzurePowershell/v11.0.0", "PSVersion/v7.4.2", "Az.Policy/0.1.1" ],
        "Authorization": [ "[Filtered]" ]
      },
      "ContentHeaders": {
      }
    },
    "Response": {
      "StatusCode": 200,
      "Headers": {
        "Cache-Control": [ "no-cache" ],
        "Pragma": [ "no-cache" ],
        "Strict-Transport-Security": [ "max-age=31536000; includeSubDomains" ],
        "x-ms-throttling-version": [ "v1" ],
        "x-ms-ratelimit-remaining-subscription-reads": [ "11996" ],
        "x-ms-request-id": [ "e4848e42-b6ef-4acd-b273-014053cc60de" ],
        "x-ms-correlation-request-id": [ "e4848e42-b6ef-4acd-b273-014053cc60de" ],
        "x-ms-routing-request-id": [ "WESTUS2:20240511T005250Z:e4848e42-b6ef-4acd-b273-014053cc60de" ],
        "X-Content-Type-Options": [ "nosniff" ],
        "X-Cache": [ "CONFIG_NOCACHE" ],
        "X-MSEdge-Ref": [ "Ref A: 1A6301EBFE2240E186C13BDD879D5126 Ref B: CO6AA3150220025 Ref C: 2024-05-11T00:52:50Z" ],
        "Date": [ "Sat, 11 May 2024 00:52:50 GMT" ]
      },
      "ContentHeaders": {
        "Content-Length": [ "1185" ],
        "Content-Type": [ "application/json; charset=utf-8" ],
        "Expires": [ "-1" ]
      },
      "Content": "{\"properties\":{\"displayName\":\"Fake test policy\",\"policyDefinitionId\":\"/subscriptions/edb2c18a-04d6-49e9-bc72-e23852f507ad/providers/Microsoft.Authorization/policyDefinitions/psBackcompat-PolicyObjectPiping02\",\"definitionVersion\":\"1.*.*\",\"scope\":\"/subscriptions/edb2c18a-04d6-49e9-bc72-e23852f507ad/resourceGroups/rg01\",\"parameters\":{\"listOfAllowedLocations\":{\"value\":[\"westus\",\"eastus\"]},\"effectParam\":{\"value\":\"Deny\"}},\"description\":\"Unit test junk: sorry for littering. Please delete me!\",\"metadata\":{\"category\":\"Unit Test\",\"createdOn\":\"2024-05-11T00:52:49.7600367Z\",\"createdBy\":\"3d826307-2481-45a0-a271-bcf9333f914a\",\"updatedBy\":null,\"updatedOn\":null},\"enforcementMode\":\"Default\"},\"id\":\"/subscriptions/edb2c18a-04d6-49e9-bc72-e23852f507ad/resourceGroups/rg01/providers/Microsoft.Authorization/policyAssignments/psBackcompat-PolicyObjectPiping03\",\"type\":\"Microsoft.Authorization/policyAssignments\",\"name\":\"psBackcompat-PolicyObjectPiping03\",\"systemData\":{\"createdBy\":\"cstack@ntdev.microsoft.com\",\"createdByType\":\"User\",\"createdAt\":\"2024-05-11T00:52:49.706291Z\",\"lastModifiedBy\":\"cstack@ntdev.microsoft.com\",\"lastModifiedByType\":\"User\",\"lastModifiedAt\":\"2024-05-11T00:52:49.706291Z\"}}",
      "isContentBase64": false
    }
  },
  "Backcompat-PolicyObjectPiping+[NoContext]+update assignment from piped object+$PUT+https://management.azure.com//subscriptions/edb2c18a-04d6-49e9-bc72-e23852f507ad/resourceGroups/rg01/providers/Microsoft.Authorization/policyAssignments/psBackcompat-PolicyObjectPiping03?api-version=2023-04-01+4": {
    "Request": {
      "Method": "PUT",
      "RequestUri": "https://management.azure.com//subscriptions/edb2c18a-04d6-49e9-bc72-e23852f507ad/resourceGroups/rg01/providers/Microsoft.Authorization/policyAssignments/psBackcompat-PolicyObjectPiping03?api-version=2023-04-01",
      "Content": "{\r\n  \"properties\": {\r\n    \"displayName\": \"Fake test policy\",\r\n    \"policyDefinitionId\": \"/subscriptions/edb2c18a-04d6-49e9-bc72-e23852f507ad/providers/Microsoft.Authorization/policyDefinitions/psBackcompat-PolicyObjectPiping02\",\r\n    \"parameters\": {\r\n      \"listOfAllowedLocations\": {\r\n        \"value\": [ \"eastus\" ]\r\n      },\r\n      \"effectParam\": {\r\n        \"value\": \"Disabled\"\r\n      }\r\n    },\r\n    \"description\": \"Updated \",\r\n    \"metadata\": {\r\n      \"category\": \"Unit Test\",\r\n      \"createdOn\": \"05/11/2024 00:52:49\",\r\n      \"createdBy\": \"3d826307-2481-45a0-a271-bcf9333f914a\"\r\n    },\r\n    \"enforcementMode\": \"Default\"\r\n  }\r\n}",
      "isContentBase64": false,
      "Headers": {
      },
      "ContentHeaders": {
        "Content-Type": [ "application/json" ],
        "Content-Length": [ "630" ]
      }
    },
    "Response": {
      "StatusCode": 201,
      "Headers": {
        "Cache-Control": [ "no-cache" ],
        "Pragma": [ "no-cache" ],
        "Strict-Transport-Security": [ "max-age=31536000; includeSubDomains" ],
        "x-ms-throttling-version": [ "v1" ],
        "x-ms-ratelimit-remaining-subscription-writes": [ "1199" ],
        "x-ms-request-id": [ "1f18c572-7197-4e03-84c0-85fd3278837b" ],
        "x-ms-correlation-request-id": [ "1f18c572-7197-4e03-84c0-85fd3278837b" ],
        "x-ms-routing-request-id": [ "WESTUS2:20240511T005251Z:1f18c572-7197-4e03-84c0-85fd3278837b" ],
        "X-Content-Type-Options": [ "nosniff" ],
        "X-Cache": [ "CONFIG_NOCACHE" ],
        "X-MSEdge-Ref": [ "Ref A: B4D93EC7AB544591AFAF79ACA2F73F9A Ref B: CO6AA3150220025 Ref C: 2024-05-11T00:52:50Z" ],
        "Date": [ "Sat, 11 May 2024 00:52:51 GMT" ]
      },
      "ContentHeaders": {
        "Content-Length": [ "1195" ],
        "Content-Type": [ "application/json; charset=utf-8" ],
        "Expires": [ "-1" ]
      },
      "Content": "{\"properties\":{\"displayName\":\"Fake test policy\",\"policyDefinitionId\":\"/subscriptions/edb2c18a-04d6-49e9-bc72-e23852f507ad/providers/Microsoft.Authorization/policyDefinitions/psBackcompat-PolicyObjectPiping02\",\"definitionVersion\":\"1.*.*\",\"scope\":\"/subscriptions/edb2c18a-04d6-49e9-bc72-e23852f507ad/resourceGroups/rg01\",\"parameters\":{\"listOfAllowedLocations\":{\"value\":[\"eastus\"]},\"effectParam\":{\"value\":\"Disabled\"}},\"description\":\"Updated \",\"metadata\":{\"category\":\"Unit Test\",\"createdOn\":\"2024-05-11T00:52:49.7600367Z\",\"createdBy\":\"3d826307-2481-45a0-a271-bcf9333f914a\",\"updatedBy\":\"3d826307-2481-45a0-a271-bcf9333f914a\",\"updatedOn\":\"2024-05-11T00:52:50.7696244Z\"},\"enforcementMode\":\"Default\"},\"id\":\"/subscriptions/edb2c18a-04d6-49e9-bc72-e23852f507ad/resourceGroups/rg01/providers/Microsoft.Authorization/policyAssignments/psBackcompat-PolicyObjectPiping03\",\"type\":\"Microsoft.Authorization/policyAssignments\",\"name\":\"psBackcompat-PolicyObjectPiping03\",\"systemData\":{\"createdBy\":\"cstack@ntdev.microsoft.com\",\"createdByType\":\"User\",\"createdAt\":\"2024-05-11T00:52:49.706291Z\",\"lastModifiedBy\":\"cstack@ntdev.microsoft.com\",\"lastModifiedByType\":\"User\",\"lastModifiedAt\":\"2024-05-11T00:52:50.7157087Z\"}}",
      "isContentBase64": false
    }
  },
  "Backcompat-PolicyObjectPiping+[NoContext]+update assignment from piped object+$GET+https://management.azure.com//subscriptions/edb2c18a-04d6-49e9-bc72-e23852f507ad/resourceGroups/rg01/providers/Microsoft.Authorization/policyAssignments/psBackcompat-PolicyObjectPiping03?api-version=2023-04-01+5": {
    "Request": {
      "Method": "GET",
      "RequestUri": "https://management.azure.com//subscriptions/edb2c18a-04d6-49e9-bc72-e23852f507ad/resourceGroups/rg01/providers/Microsoft.Authorization/policyAssignments/psBackcompat-PolicyObjectPiping03?api-version=2023-04-01",
      "Content": null,
      "isContentBase64": false,
      "Headers": {
        "x-ms-unique-id": [ "806" ],
        "x-ms-client-request-id": [ "62d2c4f7-c8c6-49f1-9413-7efbdba74e74" ],
        "CommandName": [ "\u0026" ],
        "FullCommandName": [ "Get-AzPolicyAssignment_Get1" ],
        "ParameterSetName": [ "__AllParameterSets" ],
        "User-Agent": [ "AzurePowershell/v11.0.0", "PSVersion/v7.4.2", "Az.Policy/0.1.1" ],
        "Authorization": [ "[Filtered]" ]
      },
      "ContentHeaders": {
      }
    },
    "Response": {
      "StatusCode": 200,
      "Headers": {
        "Cache-Control": [ "no-cache" ],
        "Pragma": [ "no-cache" ],
        "Strict-Transport-Security": [ "max-age=31536000; includeSubDomains" ],
        "x-ms-throttling-version": [ "v1" ],
        "x-ms-ratelimit-remaining-subscription-reads": [ "11997" ],
        "x-ms-request-id": [ "4272a0a4-11b7-427f-9535-fc78564da641" ],
        "x-ms-correlation-request-id": [ "4272a0a4-11b7-427f-9535-fc78564da641" ],
        "x-ms-routing-request-id": [ "WESTUS2:20240511T005251Z:4272a0a4-11b7-427f-9535-fc78564da641" ],
        "X-Content-Type-Options": [ "nosniff" ],
        "X-Cache": [ "CONFIG_NOCACHE" ],
        "X-MSEdge-Ref": [ "Ref A: 8B63A85E2723456693367B8988EAB050 Ref B: CO6AA3150220025 Ref C: 2024-05-11T00:52:51Z" ],
        "Date": [ "Sat, 11 May 2024 00:52:51 GMT" ]
      },
      "ContentHeaders": {
        "Content-Length": [ "1195" ],
        "Content-Type": [ "application/json; charset=utf-8" ],
        "Expires": [ "-1" ]
      },
      "Content": "{\"properties\":{\"displayName\":\"Fake test policy\",\"policyDefinitionId\":\"/subscriptions/edb2c18a-04d6-49e9-bc72-e23852f507ad/providers/Microsoft.Authorization/policyDefinitions/psBackcompat-PolicyObjectPiping02\",\"definitionVersion\":\"1.*.*\",\"scope\":\"/subscriptions/edb2c18a-04d6-49e9-bc72-e23852f507ad/resourceGroups/rg01\",\"parameters\":{\"listOfAllowedLocations\":{\"value\":[\"eastus\"]},\"effectParam\":{\"value\":\"Disabled\"}},\"description\":\"Updated \",\"metadata\":{\"category\":\"Unit Test\",\"createdOn\":\"2024-05-11T00:52:49.7600367Z\",\"createdBy\":\"3d826307-2481-45a0-a271-bcf9333f914a\",\"updatedBy\":\"3d826307-2481-45a0-a271-bcf9333f914a\",\"updatedOn\":\"2024-05-11T00:52:50.7696244Z\"},\"enforcementMode\":\"Default\"},\"id\":\"/subscriptions/edb2c18a-04d6-49e9-bc72-e23852f507ad/resourceGroups/rg01/providers/Microsoft.Authorization/policyAssignments/psBackcompat-PolicyObjectPiping03\",\"type\":\"Microsoft.Authorization/policyAssignments\",\"name\":\"psBackcompat-PolicyObjectPiping03\",\"systemData\":{\"createdBy\":\"cstack@ntdev.microsoft.com\",\"createdByType\":\"User\",\"createdAt\":\"2024-05-11T00:52:49.706291Z\",\"lastModifiedBy\":\"cstack@ntdev.microsoft.com\",\"lastModifiedByType\":\"User\",\"lastModifiedAt\":\"2024-05-11T00:52:50.7157087Z\"}}",
      "isContentBase64": false
    }
  },
  "Backcompat-PolicyObjectPiping+[NoContext]+update assignment from piped object+$GET+https://management.azure.com//subscriptions/edb2c18a-04d6-49e9-bc72-e23852f507ad/resourceGroups/rg01/providers/Microsoft.Authorization/policyAssignments/psBackcompat-PolicyObjectPiping03?api-version=2023-04-01+6": {
    "Request": {
      "Method": "GET",
      "RequestUri": "https://management.azure.com//subscriptions/edb2c18a-04d6-49e9-bc72-e23852f507ad/resourceGroups/rg01/providers/Microsoft.Authorization/policyAssignments/psBackcompat-PolicyObjectPiping03?api-version=2023-04-01",
      "Content": null,
      "isContentBase64": false,
      "Headers": {
        "x-ms-unique-id": [ "807" ],
        "x-ms-client-request-id": [ "f60861ea-e356-4d7e-b200-0e59ad67807f" ],
        "CommandName": [ "\u0026" ],
        "FullCommandName": [ "Get-AzPolicyAssignment_Get" ],
        "ParameterSetName": [ "__AllParameterSets" ],
        "User-Agent": [ "AzurePowershell/v11.0.0", "PSVersion/v7.4.2", "Az.Policy/0.1.1" ],
        "Authorization": [ "[Filtered]" ]
      },
      "ContentHeaders": {
      }
    },
    "Response": {
      "StatusCode": 200,
      "Headers": {
        "Cache-Control": [ "no-cache" ],
        "Pragma": [ "no-cache" ],
        "Strict-Transport-Security": [ "max-age=31536000; includeSubDomains" ],
        "x-ms-throttling-version": [ "v1" ],
        "x-ms-ratelimit-remaining-subscription-reads": [ "11994" ],
        "x-ms-request-id": [ "074423f5-e545-45b0-93e8-3c76c2d2be41" ],
        "x-ms-correlation-request-id": [ "074423f5-e545-45b0-93e8-3c76c2d2be41" ],
        "x-ms-routing-request-id": [ "WESTUS2:20240511T005251Z:074423f5-e545-45b0-93e8-3c76c2d2be41" ],
        "X-Content-Type-Options": [ "nosniff" ],
        "X-Cache": [ "CONFIG_NOCACHE" ],
        "X-MSEdge-Ref": [ "Ref A: 0BED8715EF274D07A58619C7FE209C6E Ref B: CO6AA3150220025 Ref C: 2024-05-11T00:52:51Z" ],
        "Date": [ "Sat, 11 May 2024 00:52:51 GMT" ]
      },
      "ContentHeaders": {
        "Content-Length": [ "1195" ],
        "Content-Type": [ "application/json; charset=utf-8" ],
        "Expires": [ "-1" ]
      },
      "Content": "{\"properties\":{\"displayName\":\"Fake test policy\",\"policyDefinitionId\":\"/subscriptions/edb2c18a-04d6-49e9-bc72-e23852f507ad/providers/Microsoft.Authorization/policyDefinitions/psBackcompat-PolicyObjectPiping02\",\"definitionVersion\":\"1.*.*\",\"scope\":\"/subscriptions/edb2c18a-04d6-49e9-bc72-e23852f507ad/resourceGroups/rg01\",\"parameters\":{\"listOfAllowedLocations\":{\"value\":[\"eastus\"]},\"effectParam\":{\"value\":\"Disabled\"}},\"description\":\"Updated \",\"metadata\":{\"category\":\"Unit Test\",\"createdOn\":\"2024-05-11T00:52:49.7600367Z\",\"createdBy\":\"3d826307-2481-45a0-a271-bcf9333f914a\",\"updatedBy\":\"3d826307-2481-45a0-a271-bcf9333f914a\",\"updatedOn\":\"2024-05-11T00:52:50.7696244Z\"},\"enforcementMode\":\"Default\"},\"id\":\"/subscriptions/edb2c18a-04d6-49e9-bc72-e23852f507ad/resourceGroups/rg01/providers/Microsoft.Authorization/policyAssignments/psBackcompat-PolicyObjectPiping03\",\"type\":\"Microsoft.Authorization/policyAssignments\",\"name\":\"psBackcompat-PolicyObjectPiping03\",\"systemData\":{\"createdBy\":\"cstack@ntdev.microsoft.com\",\"createdByType\":\"User\",\"createdAt\":\"2024-05-11T00:52:49.706291Z\",\"lastModifiedBy\":\"cstack@ntdev.microsoft.com\",\"lastModifiedByType\":\"User\",\"lastModifiedAt\":\"2024-05-11T00:52:50.7157087Z\"}}",
      "isContentBase64": false
    }
  },
  "Backcompat-PolicyObjectPiping+[NoContext]+update assignment from piped object+$DELETE+https://management.azure.com//subscriptions/edb2c18a-04d6-49e9-bc72-e23852f507ad/resourceGroups/rg01/providers/Microsoft.Authorization/policyAssignments/psBackcompat-PolicyObjectPiping03?api-version=2023-04-01+7": {
    "Request": {
      "Method": "DELETE",
      "RequestUri": "https://management.azure.com//subscriptions/edb2c18a-04d6-49e9-bc72-e23852f507ad/resourceGroups/rg01/providers/Microsoft.Authorization/policyAssignments/psBackcompat-PolicyObjectPiping03?api-version=2023-04-01",
      "Content": null,
      "isContentBase64": false,
      "Headers": {
        "x-ms-unique-id": [ "808" ],
        "x-ms-client-request-id": [ "5413f421-d44a-48d2-b9c0-a5add52dbae5" ],
        "CommandName": [ "\u0026" ],
        "FullCommandName": [ "Remove-AzPolicyAssignment_Delete" ],
        "ParameterSetName": [ "__AllParameterSets" ],
        "User-Agent": [ "AzurePowershell/v11.0.0", "PSVersion/v7.4.2", "Az.Policy/0.1.1" ],
        "Authorization": [ "[Filtered]" ]
      },
      "ContentHeaders": {
      }
    },
    "Response": {
      "StatusCode": 200,
      "Headers": {
        "Cache-Control": [ "no-cache" ],
        "Pragma": [ "no-cache" ],
        "Strict-Transport-Security": [ "max-age=31536000; includeSubDomains" ],
        "x-ms-throttling-version": [ "v1" ],
        "x-ms-ratelimit-remaining-subscription-deletes": [ "14999" ],
        "x-ms-request-id": [ "b10a3fa7-431a-4a6c-a93d-dbbf6e729451" ],
        "x-ms-correlation-request-id": [ "b10a3fa7-431a-4a6c-a93d-dbbf6e729451" ],
        "x-ms-routing-request-id": [ "WESTUS2:20240511T005251Z:b10a3fa7-431a-4a6c-a93d-dbbf6e729451" ],
        "X-Content-Type-Options": [ "nosniff" ],
        "X-Cache": [ "CONFIG_NOCACHE" ],
        "X-MSEdge-Ref": [ "Ref A: EAD16809B3004569A2DAAA71686C1499 Ref B: CO6AA3150220025 Ref C: 2024-05-11T00:52:51Z" ],
        "Date": [ "Sat, 11 May 2024 00:52:51 GMT" ]
      },
      "ContentHeaders": {
        "Content-Length": [ "1195" ],
        "Content-Type": [ "application/json; charset=utf-8" ],
        "Expires": [ "-1" ]
      },
      "Content": "{\"properties\":{\"displayName\":\"Fake test policy\",\"policyDefinitionId\":\"/subscriptions/edb2c18a-04d6-49e9-bc72-e23852f507ad/providers/Microsoft.Authorization/policyDefinitions/psBackcompat-PolicyObjectPiping02\",\"definitionVersion\":\"1.*.*\",\"scope\":\"/subscriptions/edb2c18a-04d6-49e9-bc72-e23852f507ad/resourceGroups/rg01\",\"parameters\":{\"listOfAllowedLocations\":{\"value\":[\"eastus\"]},\"effectParam\":{\"value\":\"Disabled\"}},\"description\":\"Updated \",\"metadata\":{\"category\":\"Unit Test\",\"createdOn\":\"2024-05-11T00:52:49.7600367Z\",\"createdBy\":\"3d826307-2481-45a0-a271-bcf9333f914a\",\"updatedBy\":\"3d826307-2481-45a0-a271-bcf9333f914a\",\"updatedOn\":\"2024-05-11T00:52:50.7696244Z\"},\"enforcementMode\":\"Default\"},\"id\":\"/subscriptions/edb2c18a-04d6-49e9-bc72-e23852f507ad/resourceGroups/rg01/providers/Microsoft.Authorization/policyAssignments/psBackcompat-PolicyObjectPiping03\",\"type\":\"Microsoft.Authorization/policyAssignments\",\"name\":\"psBackcompat-PolicyObjectPiping03\",\"systemData\":{\"createdBy\":\"cstack@ntdev.microsoft.com\",\"createdByType\":\"User\",\"createdAt\":\"2024-05-11T00:52:49.706291Z\",\"lastModifiedBy\":\"cstack@ntdev.microsoft.com\",\"lastModifiedByType\":\"User\",\"lastModifiedAt\":\"2024-05-11T00:52:50.7157087Z\"}}",
      "isContentBase64": false
    }
  },
  "Backcompat-PolicyObjectPiping+[NoContext]+make policy assignment from piped set definition+$GET+https://management.azure.com/subscriptions/edb2c18a-04d6-49e9-bc72-e23852f507ad/providers/Microsoft.Authorization/policySetDefinitions/psBackcompat-PolicyObjectPiping01?api-version=2023-04-01+1": {
    "Request": {
      "Method": "GET",
      "RequestUri": "https://management.azure.com/subscriptions/edb2c18a-04d6-49e9-bc72-e23852f507ad/providers/Microsoft.Authorization/policySetDefinitions/psBackcompat-PolicyObjectPiping01?api-version=2023-04-01",
      "Content": null,
      "isContentBase64": false,
      "Headers": {
        "x-ms-unique-id": [ "809" ],
        "x-ms-client-request-id": [ "ddbd364a-aaf1-4746-ad83-7e63c350a47c" ],
        "CommandName": [ "\u0026" ],
        "FullCommandName": [ "Get-AzPolicySetDefinition_Get" ],
        "ParameterSetName": [ "__AllParameterSets" ],
        "User-Agent": [ "AzurePowershell/v11.0.0", "PSVersion/v7.4.2", "Az.Policy/0.1.1" ],
        "Authorization": [ "[Filtered]" ]
      },
      "ContentHeaders": {
      }
    },
    "Response": {
      "StatusCode": 200,
      "Headers": {
        "Cache-Control": [ "no-cache" ],
        "Pragma": [ "no-cache" ],
        "Strict-Transport-Security": [ "max-age=31536000; includeSubDomains" ],
        "x-ms-throttling-version": [ "v1" ],
        "x-ms-ratelimit-remaining-subscription-reads": [ "11996" ],
        "x-ms-request-id": [ "037e536c-556d-45ec-b716-bd0a1fd2f7e0" ],
        "x-ms-correlation-request-id": [ "037e536c-556d-45ec-b716-bd0a1fd2f7e0" ],
        "x-ms-routing-request-id": [ "WESTUS2:20240511T005251Z:037e536c-556d-45ec-b716-bd0a1fd2f7e0" ],
        "X-Content-Type-Options": [ "nosniff" ],
        "X-Cache": [ "CONFIG_NOCACHE" ],
        "X-MSEdge-Ref": [ "Ref A: DEC69336316D4BD7B1E0FE983F6E4EE2 Ref B: CO6AA3150220025 Ref C: 2024-05-11T00:52:51Z" ],
        "Date": [ "Sat, 11 May 2024 00:52:51 GMT" ]
      },
      "ContentHeaders": {
        "Content-Length": [ "1043" ],
        "Content-Type": [ "application/json; charset=utf-8" ],
        "Expires": [ "-1" ]
      },
      "Content": "{\"properties\":{\"policyType\":\"Custom\",\"description\":\"Unit test junk: sorry for littering. Please delete me!\",\"metadata\":{\"createdBy\":\"3d826307-2481-45a0-a271-bcf9333f914a\",\"createdOn\":\"2024-05-11T00:52:49.0922957Z\",\"updatedBy\":null,\"updatedOn\":null},\"version\":\"1.0.0\",\"policyDefinitions\":[{\"policyDefinitionReferenceId\":\"5868563586067909168\",\"policyDefinitionId\":\"/subscriptions/edb2c18a-04d6-49e9-bc72-e23852f507ad/providers/Microsoft.Authorization/policyDefinitions/psBackcompat-PolicyObjectPiping02\",\"definitionVersion\":\"1.*.*\"}],\"versions\":[\"1.0.0\"]},\"id\":\"/subscriptions/edb2c18a-04d6-49e9-bc72-e23852f507ad/providers/Microsoft.Authorization/policySetDefinitions/psBackcompat-PolicyObjectPiping01\",\"type\":\"Microsoft.Authorization/policySetDefinitions\",\"name\":\"psBackcompat-PolicyObjectPiping01\",\"systemData\":{\"createdBy\":\"cstack@ntdev.microsoft.com\",\"createdByType\":\"User\",\"createdAt\":\"2024-05-11T00:52:49.0398692Z\",\"lastModifiedBy\":\"cstack@ntdev.microsoft.com\",\"lastModifiedByType\":\"User\",\"lastModifiedAt\":\"2024-05-11T00:52:49.0398692Z\"}}",
      "isContentBase64": false
    }
  },
  "Backcompat-PolicyObjectPiping+[NoContext]+make policy assignment from piped set definition+$PUT+https://management.azure.com//subscriptions/edb2c18a-04d6-49e9-bc72-e23852f507ad/resourceGroups/rg01/providers/Microsoft.Authorization/policyAssignments/psBackcompat-PolicyObjectPiping03?api-version=2023-04-01+2": {
    "Request": {
      "Method": "PUT",
      "RequestUri": "https://management.azure.com//subscriptions/edb2c18a-04d6-49e9-bc72-e23852f507ad/resourceGroups/rg01/providers/Microsoft.Authorization/policyAssignments/psBackcompat-PolicyObjectPiping03?api-version=2023-04-01",
      "Content": "{\r\n  \"properties\": {\r\n    \"displayName\": \"\",\r\n    \"policyDefinitionId\": \"/subscriptions/edb2c18a-04d6-49e9-bc72-e23852f507ad/providers/Microsoft.Authorization/policySetDefinitions/psBackcompat-PolicyObjectPiping01\",\r\n    \"description\": \"Unit test junk: sorry for littering. Please delete me!\",\r\n    \"metadata\": {\r\n      \"createdOn\": \"05/11/2024 00:52:49\",\r\n      \"createdBy\": \"3d826307-2481-45a0-a271-bcf9333f914a\"\r\n    }\r\n  }\r\n}",
      "isContentBase64": false,
      "Headers": {
      },
      "ContentHeaders": {
        "Content-Type": [ "application/json" ],
        "Content-Length": [ "429" ]
      }
    },
    "Response": {
      "StatusCode": 201,
      "Headers": {
        "Cache-Control": [ "no-cache" ],
        "Pragma": [ "no-cache" ],
        "Strict-Transport-Security": [ "max-age=31536000; includeSubDomains" ],
        "x-ms-throttling-version": [ "v1" ],
        "x-ms-ratelimit-remaining-subscription-writes": [ "1199" ],
        "x-ms-request-id": [ "745b5b30-9049-412f-a41d-59585ccb4b3d" ],
        "x-ms-correlation-request-id": [ "745b5b30-9049-412f-a41d-59585ccb4b3d" ],
        "x-ms-routing-request-id": [ "WESTUS2:20240511T005252Z:745b5b30-9049-412f-a41d-59585ccb4b3d" ],
        "X-Content-Type-Options": [ "nosniff" ],
        "X-Cache": [ "CONFIG_NOCACHE" ],
        "X-MSEdge-Ref": [ "Ref A: 774A3FE477EC4C6EA726FC7320879D11 Ref B: CO6AA3150220025 Ref C: 2024-05-11T00:52:51Z" ],
        "Date": [ "Sat, 11 May 2024 00:52:52 GMT" ]
      },
      "ContentHeaders": {
        "Content-Length": [ "1050" ],
        "Content-Type": [ "application/json; charset=utf-8" ],
        "Expires": [ "-1" ]
      },
      "Content": "{\"properties\":{\"displayName\":\"\",\"policyDefinitionId\":\"/subscriptions/edb2c18a-04d6-49e9-bc72-e23852f507ad/providers/Microsoft.Authorization/policySetDefinitions/psBackcompat-PolicyObjectPiping01\",\"definitionVersion\":\"1.*.*\",\"scope\":\"/subscriptions/edb2c18a-04d6-49e9-bc72-e23852f507ad/resourceGroups/rg01\",\"description\":\"Unit test junk: sorry for littering. Please delete me!\",\"metadata\":{\"createdOn\":\"2024-05-11T00:52:52.0471983Z\",\"createdBy\":\"3d826307-2481-45a0-a271-bcf9333f914a\",\"updatedBy\":null,\"updatedOn\":null},\"enforcementMode\":\"Default\"},\"id\":\"/subscriptions/edb2c18a-04d6-49e9-bc72-e23852f507ad/resourceGroups/rg01/providers/Microsoft.Authorization/policyAssignments/psBackcompat-PolicyObjectPiping03\",\"type\":\"Microsoft.Authorization/policyAssignments\",\"name\":\"psBackcompat-PolicyObjectPiping03\",\"systemData\":{\"createdBy\":\"cstack@ntdev.microsoft.com\",\"createdByType\":\"User\",\"createdAt\":\"2024-05-11T00:52:51.9859822Z\",\"lastModifiedBy\":\"cstack@ntdev.microsoft.com\",\"lastModifiedByType\":\"User\",\"lastModifiedAt\":\"2024-05-11T00:52:51.9859822Z\"}}",
      "isContentBase64": false
    }
  },
  "Backcompat-PolicyObjectPiping+[NoContext]+make policy assignment from piped set definition+$GET+https://management.azure.com//subscriptions/edb2c18a-04d6-49e9-bc72-e23852f507ad/resourceGroups/rg01/providers/Microsoft.Authorization/policyAssignments/psBackcompat-PolicyObjectPiping03?api-version=2023-04-01+3": {
    "Request": {
      "Method": "GET",
      "RequestUri": "https://management.azure.com//subscriptions/edb2c18a-04d6-49e9-bc72-e23852f507ad/resourceGroups/rg01/providers/Microsoft.Authorization/policyAssignments/psBackcompat-PolicyObjectPiping03?api-version=2023-04-01",
      "Content": null,
      "isContentBase64": false,
      "Headers": {
        "x-ms-unique-id": [ "811" ],
        "x-ms-client-request-id": [ "90d71f50-327b-43bb-af6d-6b97a1812840" ],
        "CommandName": [ "\u0026" ],
        "FullCommandName": [ "Get-AzPolicyAssignment_Get" ],
        "ParameterSetName": [ "__AllParameterSets" ],
        "User-Agent": [ "AzurePowershell/v11.0.0", "PSVersion/v7.4.2", "Az.Policy/0.1.1" ],
        "Authorization": [ "[Filtered]" ]
      },
      "ContentHeaders": {
      }
    },
    "Response": {
      "StatusCode": 200,
      "Headers": {
        "Cache-Control": [ "no-cache" ],
        "Pragma": [ "no-cache" ],
        "Strict-Transport-Security": [ "max-age=31536000; includeSubDomains" ],
        "x-ms-throttling-version": [ "v1" ],
        "x-ms-ratelimit-remaining-subscription-reads": [ "11996" ],
        "x-ms-request-id": [ "59898949-eea0-42ba-a90f-b32bf5f1c011" ],
        "x-ms-correlation-request-id": [ "59898949-eea0-42ba-a90f-b32bf5f1c011" ],
        "x-ms-routing-request-id": [ "WESTUS2:20240511T005252Z:59898949-eea0-42ba-a90f-b32bf5f1c011" ],
        "X-Content-Type-Options": [ "nosniff" ],
        "X-Cache": [ "CONFIG_NOCACHE" ],
        "X-MSEdge-Ref": [ "Ref A: 6B9DFEABEBED43F4B4DA69B498914BE4 Ref B: CO6AA3150220025 Ref C: 2024-05-11T00:52:52Z" ],
        "Date": [ "Sat, 11 May 2024 00:52:52 GMT" ]
      },
      "ContentHeaders": {
        "Content-Length": [ "1050" ],
        "Content-Type": [ "application/json; charset=utf-8" ],
        "Expires": [ "-1" ]
      },
      "Content": "{\"properties\":{\"displayName\":\"\",\"policyDefinitionId\":\"/subscriptions/edb2c18a-04d6-49e9-bc72-e23852f507ad/providers/Microsoft.Authorization/policySetDefinitions/psBackcompat-PolicyObjectPiping01\",\"definitionVersion\":\"1.*.*\",\"scope\":\"/subscriptions/edb2c18a-04d6-49e9-bc72-e23852f507ad/resourceGroups/rg01\",\"description\":\"Unit test junk: sorry for littering. Please delete me!\",\"metadata\":{\"createdOn\":\"2024-05-11T00:52:52.0471983Z\",\"createdBy\":\"3d826307-2481-45a0-a271-bcf9333f914a\",\"updatedBy\":null,\"updatedOn\":null},\"enforcementMode\":\"Default\"},\"id\":\"/subscriptions/edb2c18a-04d6-49e9-bc72-e23852f507ad/resourceGroups/rg01/providers/Microsoft.Authorization/policyAssignments/psBackcompat-PolicyObjectPiping03\",\"type\":\"Microsoft.Authorization/policyAssignments\",\"name\":\"psBackcompat-PolicyObjectPiping03\",\"systemData\":{\"createdBy\":\"cstack@ntdev.microsoft.com\",\"createdByType\":\"User\",\"createdAt\":\"2024-05-11T00:52:51.9859822Z\",\"lastModifiedBy\":\"cstack@ntdev.microsoft.com\",\"lastModifiedByType\":\"User\",\"lastModifiedAt\":\"2024-05-11T00:52:51.9859822Z\"}}",
      "isContentBase64": false
    }
  },
  "Backcompat-PolicyObjectPiping+[NoContext]+update policy definition from piped object+$GET+https://management.azure.com/subscriptions/edb2c18a-04d6-49e9-bc72-e23852f507ad/providers/Microsoft.Authorization/policyDefinitions/psBackcompat-PolicyObjectPiping02?api-version=2023-04-01+1": {
    "Request": {
      "Method": "GET",
      "RequestUri": "https://management.azure.com/subscriptions/edb2c18a-04d6-49e9-bc72-e23852f507ad/providers/Microsoft.Authorization/policyDefinitions/psBackcompat-PolicyObjectPiping02?api-version=2023-04-01",
      "Content": null,
      "isContentBase64": false,
      "Headers": {
        "x-ms-unique-id": [ "812" ],
        "x-ms-client-request-id": [ "b21fa444-6f1a-45e9-a719-86123c50355d" ],
        "CommandName": [ "\u0026" ],
        "FullCommandName": [ "Get-AzPolicyDefinition_Get" ],
        "ParameterSetName": [ "__AllParameterSets" ],
        "User-Agent": [ "AzurePowershell/v11.0.0", "PSVersion/v7.4.2", "Az.Policy/0.1.1" ],
        "Authorization": [ "[Filtered]" ]
      },
      "ContentHeaders": {
      }
    },
    "Response": {
      "StatusCode": 200,
      "Headers": {
        "Cache-Control": [ "no-cache" ],
        "Pragma": [ "no-cache" ],
        "Strict-Transport-Security": [ "max-age=31536000; includeSubDomains" ],
        "x-ms-throttling-version": [ "v1" ],
        "x-ms-ratelimit-remaining-subscription-reads": [ "11997" ],
        "x-ms-request-id": [ "a4233cc3-403e-41ec-8824-ad4efde0e229" ],
        "x-ms-correlation-request-id": [ "a4233cc3-403e-41ec-8824-ad4efde0e229" ],
        "x-ms-routing-request-id": [ "WESTUS2:20240511T005252Z:a4233cc3-403e-41ec-8824-ad4efde0e229" ],
        "X-Content-Type-Options": [ "nosniff" ],
        "X-Cache": [ "CONFIG_NOCACHE" ],
        "X-MSEdge-Ref": [ "Ref A: FD5E9FFF99E04E229041284C642FBB3D Ref B: CO6AA3150220025 Ref C: 2024-05-11T00:52:52Z" ],
        "Date": [ "Sat, 11 May 2024 00:52:52 GMT" ]
      },
      "ContentHeaders": {
        "Content-Length": [ "1379" ],
        "Content-Type": [ "application/json; charset=utf-8" ],
        "Expires": [ "-1" ]
      },
      "Content": "{\"properties\":{\"displayName\":\"Fake test policy\",\"policyType\":\"Custom\",\"mode\":\"Indexed\",\"description\":\"Unit test junk: sorry for littering. Please delete me!\",\"metadata\":{\"category\":\"Unit Test\",\"createdBy\":\"3d826307-2481-45a0-a271-bcf9333f914a\",\"createdOn\":\"2024-05-11T00:52:48.5592761Z\",\"updatedBy\":null,\"updatedOn\":null},\"version\":\"1.0.0\",\"parameters\":{\"listOfAllowedLocations\":{\"type\":\"array\",\"metadata\":{\"description\":\"An array of permitted locations for resources.\",\"strongType\":\"location\",\"displayName\":\"List of locations\"},\"defaultValue\":[\"westus\"]},\"effectParam\":{\"type\":\"string\",\"metadata\":{\"description\":\"The effect of the policy\",\"displayName\":\"Policy Effect\"},\"allowedValues\":[\"Deny\",\"Disabled\"],\"defaultValue\":\"Deny\"}},\"policyRule\":{\"if\":{\"not\":{\"field\":\"location\",\"in\":\"[parameters(\u0027listOfAllowedLocations\u0027)]\"}},\"then\":{\"effect\":\"[parameters(\u0027effectParam\u0027)]\"}},\"versions\":[\"1.0.0\"]},\"id\":\"/subscriptions/edb2c18a-04d6-49e9-bc72-e23852f507ad/providers/Microsoft.Authorization/policyDefinitions/psBackcompat-PolicyObjectPiping02\",\"type\":\"Microsoft.Authorization/policyDefinitions\",\"name\":\"psBackcompat-PolicyObjectPiping02\",\"systemData\":{\"createdBy\":\"cstack@ntdev.microsoft.com\",\"createdByType\":\"User\",\"createdAt\":\"2024-05-11T00:52:48.5460983Z\",\"lastModifiedBy\":\"cstack@ntdev.microsoft.com\",\"lastModifiedByType\":\"User\",\"lastModifiedAt\":\"2024-05-11T00:52:48.5460983Z\"}}",
      "isContentBase64": false
    }
  },
  "Backcompat-PolicyObjectPiping+[NoContext]+update policy definition from piped object+$GET+https://management.azure.com/subscriptions/edb2c18a-04d6-49e9-bc72-e23852f507ad/providers/Microsoft.Authorization/policyDefinitions/psBackcompat-PolicyObjectPiping02?api-version=2023-04-01+2": {
    "Request": {
      "Method": "GET",
      "RequestUri": "https://management.azure.com/subscriptions/edb2c18a-04d6-49e9-bc72-e23852f507ad/providers/Microsoft.Authorization/policyDefinitions/psBackcompat-PolicyObjectPiping02?api-version=2023-04-01",
      "Content": null,
      "isContentBase64": false,
      "Headers": {
        "x-ms-unique-id": [ "813" ],
        "x-ms-client-request-id": [ "c845eb34-976e-47f6-9fa5-165a6ccb5350" ],
        "CommandName": [ "\u0026" ],
        "FullCommandName": [ "Get-AzPolicyDefinition_Get" ],
        "ParameterSetName": [ "__AllParameterSets" ],
        "User-Agent": [ "AzurePowershell/v11.0.0", "PSVersion/v7.4.2", "Az.Policy/0.1.1" ],
        "Authorization": [ "[Filtered]" ]
      },
      "ContentHeaders": {
      }
    },
    "Response": {
      "StatusCode": 200,
      "Headers": {
        "Cache-Control": [ "no-cache" ],
        "Pragma": [ "no-cache" ],
        "Strict-Transport-Security": [ "max-age=31536000; includeSubDomains" ],
        "x-ms-throttling-version": [ "v1" ],
        "x-ms-ratelimit-remaining-subscription-reads": [ "11998" ],
        "x-ms-request-id": [ "da6d68c4-4685-412d-81ce-ba325dad9439" ],
        "x-ms-correlation-request-id": [ "da6d68c4-4685-412d-81ce-ba325dad9439" ],
        "x-ms-routing-request-id": [ "WESTUS2:20240511T005252Z:da6d68c4-4685-412d-81ce-ba325dad9439" ],
        "X-Content-Type-Options": [ "nosniff" ],
        "X-Cache": [ "CONFIG_NOCACHE" ],
        "X-MSEdge-Ref": [ "Ref A: EAEF3209B98245BEA0289E17866ABD81 Ref B: CO6AA3150220025 Ref C: 2024-05-11T00:52:52Z" ],
        "Date": [ "Sat, 11 May 2024 00:52:52 GMT" ]
      },
      "ContentHeaders": {
        "Content-Length": [ "1379" ],
        "Content-Type": [ "application/json; charset=utf-8" ],
        "Expires": [ "-1" ]
      },
      "Content": "{\"properties\":{\"displayName\":\"Fake test policy\",\"policyType\":\"Custom\",\"mode\":\"Indexed\",\"description\":\"Unit test junk: sorry for littering. Please delete me!\",\"metadata\":{\"category\":\"Unit Test\",\"createdBy\":\"3d826307-2481-45a0-a271-bcf9333f914a\",\"createdOn\":\"2024-05-11T00:52:48.5592761Z\",\"updatedBy\":null,\"updatedOn\":null},\"version\":\"1.0.0\",\"parameters\":{\"listOfAllowedLocations\":{\"type\":\"array\",\"metadata\":{\"description\":\"An array of permitted locations for resources.\",\"strongType\":\"location\",\"displayName\":\"List of locations\"},\"defaultValue\":[\"westus\"]},\"effectParam\":{\"type\":\"string\",\"metadata\":{\"description\":\"The effect of the policy\",\"displayName\":\"Policy Effect\"},\"allowedValues\":[\"Deny\",\"Disabled\"],\"defaultValue\":\"Deny\"}},\"policyRule\":{\"if\":{\"not\":{\"field\":\"location\",\"in\":\"[parameters(\u0027listOfAllowedLocations\u0027)]\"}},\"then\":{\"effect\":\"[parameters(\u0027effectParam\u0027)]\"}},\"versions\":[\"1.0.0\"]},\"id\":\"/subscriptions/edb2c18a-04d6-49e9-bc72-e23852f507ad/providers/Microsoft.Authorization/policyDefinitions/psBackcompat-PolicyObjectPiping02\",\"type\":\"Microsoft.Authorization/policyDefinitions\",\"name\":\"psBackcompat-PolicyObjectPiping02\",\"systemData\":{\"createdBy\":\"cstack@ntdev.microsoft.com\",\"createdByType\":\"User\",\"createdAt\":\"2024-05-11T00:52:48.5460983Z\",\"lastModifiedBy\":\"cstack@ntdev.microsoft.com\",\"lastModifiedByType\":\"User\",\"lastModifiedAt\":\"2024-05-11T00:52:48.5460983Z\"}}",
      "isContentBase64": false
    }
  },
  "Backcompat-PolicyObjectPiping+[NoContext]+update policy definition from piped object+$PUT+https://management.azure.com/subscriptions/edb2c18a-04d6-49e9-bc72-e23852f507ad/providers/Microsoft.Authorization/policyDefinitions/psBackcompat-PolicyObjectPiping02?api-version=2023-04-01+3": {
    "Request": {
      "Method": "PUT",
      "RequestUri": "https://management.azure.com/subscriptions/edb2c18a-04d6-49e9-bc72-e23852f507ad/providers/Microsoft.Authorization/policyDefinitions/psBackcompat-PolicyObjectPiping02?api-version=2023-04-01",
      "Content": "{\r\n  \"properties\": {\r\n    \"mode\": \"Indexed\",\r\n    \"displayName\": \"Fake test policy\",\r\n    \"description\": \"Updated \",\r\n    \"policyRule\": {\r\n      \"if\": {\r\n        \"not\": {\r\n          \"field\": \"location\",\r\n          \"in\": \"[parameters(\\u0027listOfAllowedLocations\\u0027)]\"\r\n        }\r\n      },\r\n      \"then\": {\r\n        \"effect\": \"[parameters(\\u0027effectParam\\u0027)]\"\r\n      }\r\n    },\r\n    \"metadata\": {\r\n      \"category\": \"Unit Test\",\r\n      \"createdOn\": \"05/11/2024 00:52:48\",\r\n      \"createdBy\": \"3d826307-2481-45a0-a271-bcf9333f914a\"\r\n    },\r\n    \"parameters\": {\r\n      \"listOfAllowedLocations\": {\r\n        \"type\": \"array\",\r\n        \"metadata\": {\r\n          \"description\": \"An array of permitted locations for resources.\",\r\n          \"strongType\": \"location\",\r\n          \"displayName\": \"List of locations\"\r\n        },\r\n        \"defaultValue\": [ \"westus\" ]\r\n      },\r\n      \"effectParam\": {\r\n        \"type\": \"string\",\r\n        \"metadata\": {\r\n          \"description\": \"The effect of the policy\",\r\n          \"displayName\": \"Policy Effect\"\r\n        },\r\n        \"allowedValues\": [ \"Deny\", \"Disabled\" ],\r\n        \"defaultValue\": \"Deny\"\r\n      }\r\n    }\r\n  }\r\n}",
      "isContentBase64": false,
      "Headers": {
      },
      "ContentHeaders": {
        "Content-Type": [ "application/json" ],
        "Content-Length": [ "1157" ]
      }
    },
    "Response": {
      "StatusCode": 201,
      "Headers": {
        "Cache-Control": [ "no-cache" ],
        "Pragma": [ "no-cache" ],
        "Strict-Transport-Security": [ "max-age=31536000; includeSubDomains" ],
        "x-ms-throttling-version": [ "v1" ],
        "x-ms-ratelimit-remaining-subscription-writes": [ "1199" ],
        "x-ms-request-id": [ "da2c177a-d7d3-41bf-8a36-2d15612d1b0f" ],
        "x-ms-correlation-request-id": [ "da2c177a-d7d3-41bf-8a36-2d15612d1b0f" ],
        "x-ms-routing-request-id": [ "WESTUS2:20240511T005253Z:da2c177a-d7d3-41bf-8a36-2d15612d1b0f" ],
        "X-Content-Type-Options": [ "nosniff" ],
        "X-Cache": [ "CONFIG_NOCACHE" ],
        "X-MSEdge-Ref": [ "Ref A: AEB16345ABF146EEBA84F5D239977980 Ref B: CO6AA3150220025 Ref C: 2024-05-11T00:52:52Z" ],
        "Date": [ "Sat, 11 May 2024 00:52:53 GMT" ]
      },
      "ContentHeaders": {
        "Content-Length": [ "1393" ],
        "Content-Type": [ "application/json; charset=utf-8" ],
        "Expires": [ "-1" ]
      },
      "Content": "{\"properties\":{\"displayName\":\"Fake test policy\",\"policyType\":\"Custom\",\"mode\":\"Indexed\",\"description\":\"Updated \",\"metadata\":{\"category\":\"Unit Test\",\"createdOn\":\"2024-05-11T00:52:48.5592761Z\",\"createdBy\":\"3d826307-2481-45a0-a271-bcf9333f914a\",\"updatedBy\":\"3d826307-2481-45a0-a271-bcf9333f914a\",\"updatedOn\":\"2024-05-11T00:52:52.7794697Z\"},\"version\":\"1.0.0\",\"parameters\":{\"listOfAllowedLocations\":{\"type\":\"array\",\"metadata\":{\"description\":\"An array of permitted locations for resources.\",\"strongType\":\"location\",\"displayName\":\"List of locations\"},\"defaultValue\":[\"westus\"]},\"effectParam\":{\"type\":\"string\",\"metadata\":{\"description\":\"The effect of the policy\",\"displayName\":\"Policy Effect\"},\"allowedValues\":[\"Deny\",\"Disabled\"],\"defaultValue\":\"Deny\"}},\"policyRule\":{\"if\":{\"not\":{\"field\":\"location\",\"in\":\"[parameters(\u0027listOfAllowedLocations\u0027)]\"}},\"then\":{\"effect\":\"[parameters(\u0027effectParam\u0027)]\"}},\"versions\":[\"1.0.0\"]},\"id\":\"/subscriptions/edb2c18a-04d6-49e9-bc72-e23852f507ad/providers/Microsoft.Authorization/policyDefinitions/psBackcompat-PolicyObjectPiping02\",\"type\":\"Microsoft.Authorization/policyDefinitions\",\"name\":\"psBackcompat-PolicyObjectPiping02\",\"systemData\":{\"createdBy\":\"cstack@ntdev.microsoft.com\",\"createdByType\":\"User\",\"createdAt\":\"2024-05-11T00:52:48.5460983Z\",\"lastModifiedBy\":\"cstack@ntdev.microsoft.com\",\"lastModifiedByType\":\"User\",\"lastModifiedAt\":\"2024-05-11T00:52:52.7563503Z\"}}",
      "isContentBase64": false
    }
  },
  "Backcompat-PolicyObjectPiping+[NoContext]+update policy definition from piped object+$GET+https://management.azure.com/subscriptions/edb2c18a-04d6-49e9-bc72-e23852f507ad/providers/Microsoft.Authorization/policyDefinitions/psBackcompat-PolicyObjectPiping02?api-version=2023-04-01+4": {
    "Request": {
      "Method": "GET",
      "RequestUri": "https://management.azure.com/subscriptions/edb2c18a-04d6-49e9-bc72-e23852f507ad/providers/Microsoft.Authorization/policyDefinitions/psBackcompat-PolicyObjectPiping02?api-version=2023-04-01",
      "Content": null,
      "isContentBase64": false,
      "Headers": {
        "x-ms-unique-id": [ "815" ],
        "x-ms-client-request-id": [ "e6ece1de-26ba-4dac-bcac-e2fcf43bf2ab" ],
        "CommandName": [ "\u0026" ],
        "FullCommandName": [ "Get-AzPolicyDefinition_Get" ],
        "ParameterSetName": [ "__AllParameterSets" ],
        "User-Agent": [ "AzurePowershell/v11.0.0", "PSVersion/v7.4.2", "Az.Policy/0.1.1" ],
        "Authorization": [ "[Filtered]" ]
      },
      "ContentHeaders": {
      }
    },
    "Response": {
      "StatusCode": 200,
      "Headers": {
        "Cache-Control": [ "no-cache" ],
        "Pragma": [ "no-cache" ],
        "Strict-Transport-Security": [ "max-age=31536000; includeSubDomains" ],
        "x-ms-throttling-version": [ "v1" ],
        "x-ms-ratelimit-remaining-subscription-reads": [ "11998" ],
        "x-ms-request-id": [ "63cd21f1-9c32-4c91-a4a3-1919aea032c7" ],
        "x-ms-correlation-request-id": [ "63cd21f1-9c32-4c91-a4a3-1919aea032c7" ],
        "x-ms-routing-request-id": [ "WESTUS2:20240511T005253Z:63cd21f1-9c32-4c91-a4a3-1919aea032c7" ],
        "X-Content-Type-Options": [ "nosniff" ],
        "X-Cache": [ "CONFIG_NOCACHE" ],
        "X-MSEdge-Ref": [ "Ref A: 948C7B320D284935B4BF273E7B6FA86A Ref B: CO6AA3150220025 Ref C: 2024-05-11T00:52:53Z" ],
        "Date": [ "Sat, 11 May 2024 00:52:53 GMT" ]
      },
      "ContentHeaders": {
        "Content-Length": [ "1393" ],
        "Content-Type": [ "application/json; charset=utf-8" ],
        "Expires": [ "-1" ]
      },
      "Content": "{\"properties\":{\"displayName\":\"Fake test policy\",\"policyType\":\"Custom\",\"mode\":\"Indexed\",\"description\":\"Updated \",\"metadata\":{\"category\":\"Unit Test\",\"createdOn\":\"2024-05-11T00:52:48.5592761Z\",\"createdBy\":\"3d826307-2481-45a0-a271-bcf9333f914a\",\"updatedBy\":\"3d826307-2481-45a0-a271-bcf9333f914a\",\"updatedOn\":\"2024-05-11T00:52:52.7794697Z\"},\"version\":\"1.0.0\",\"parameters\":{\"listOfAllowedLocations\":{\"type\":\"array\",\"metadata\":{\"description\":\"An array of permitted locations for resources.\",\"strongType\":\"location\",\"displayName\":\"List of locations\"},\"defaultValue\":[\"westus\"]},\"effectParam\":{\"type\":\"string\",\"metadata\":{\"description\":\"The effect of the policy\",\"displayName\":\"Policy Effect\"},\"allowedValues\":[\"Deny\",\"Disabled\"],\"defaultValue\":\"Deny\"}},\"policyRule\":{\"if\":{\"not\":{\"field\":\"location\",\"in\":\"[parameters(\u0027listOfAllowedLocations\u0027)]\"}},\"then\":{\"effect\":\"[parameters(\u0027effectParam\u0027)]\"}},\"versions\":[\"1.0.0\"]},\"id\":\"/subscriptions/edb2c18a-04d6-49e9-bc72-e23852f507ad/providers/Microsoft.Authorization/policyDefinitions/psBackcompat-PolicyObjectPiping02\",\"type\":\"Microsoft.Authorization/policyDefinitions\",\"name\":\"psBackcompat-PolicyObjectPiping02\",\"systemData\":{\"createdBy\":\"cstack@ntdev.microsoft.com\",\"createdByType\":\"User\",\"createdAt\":\"2024-05-11T00:52:48.5460983Z\",\"lastModifiedBy\":\"cstack@ntdev.microsoft.com\",\"lastModifiedByType\":\"User\",\"lastModifiedAt\":\"2024-05-11T00:52:52.7563503Z\"}}",
      "isContentBase64": false
    }
  },
  "Backcompat-PolicyObjectPiping+[NoContext]+update policy set definition from piped object+$GET+https://management.azure.com/subscriptions/edb2c18a-04d6-49e9-bc72-e23852f507ad/providers/Microsoft.Authorization/policySetDefinitions/psBackcompat-PolicyObjectPiping01?api-version=2023-04-01+1": {
    "Request": {
      "Method": "GET",
      "RequestUri": "https://management.azure.com/subscriptions/edb2c18a-04d6-49e9-bc72-e23852f507ad/providers/Microsoft.Authorization/policySetDefinitions/psBackcompat-PolicyObjectPiping01?api-version=2023-04-01",
      "Content": null,
      "isContentBase64": false,
      "Headers": {
        "x-ms-unique-id": [ "816" ],
        "x-ms-client-request-id": [ "dec763ab-39a9-411d-94ef-32b899b60dc8" ],
        "CommandName": [ "\u0026" ],
        "FullCommandName": [ "Get-AzPolicySetDefinition_Get" ],
        "ParameterSetName": [ "__AllParameterSets" ],
        "User-Agent": [ "AzurePowershell/v11.0.0", "PSVersion/v7.4.2", "Az.Policy/0.1.1" ],
        "Authorization": [ "[Filtered]" ]
      },
      "ContentHeaders": {
      }
    },
    "Response": {
      "StatusCode": 200,
      "Headers": {
        "Cache-Control": [ "no-cache" ],
        "Pragma": [ "no-cache" ],
        "Strict-Transport-Security": [ "max-age=31536000; includeSubDomains" ],
        "x-ms-throttling-version": [ "v1" ],
        "x-ms-ratelimit-remaining-subscription-reads": [ "11997" ],
        "x-ms-request-id": [ "0a3f6c3f-149a-4f36-b96d-6f7ff5665a45" ],
        "x-ms-correlation-request-id": [ "0a3f6c3f-149a-4f36-b96d-6f7ff5665a45" ],
        "x-ms-routing-request-id": [ "WESTUS2:20240511T005253Z:0a3f6c3f-149a-4f36-b96d-6f7ff5665a45" ],
        "X-Content-Type-Options": [ "nosniff" ],
        "X-Cache": [ "CONFIG_NOCACHE" ],
        "X-MSEdge-Ref": [ "Ref A: 1A2EE0F04F7B4249B60494B56B2F3BE8 Ref B: CO6AA3150220025 Ref C: 2024-05-11T00:52:53Z" ],
        "Date": [ "Sat, 11 May 2024 00:52:53 GMT" ]
      },
      "ContentHeaders": {
        "Content-Length": [ "1043" ],
        "Content-Type": [ "application/json; charset=utf-8" ],
        "Expires": [ "-1" ]
      },
      "Content": "{\"properties\":{\"policyType\":\"Custom\",\"description\":\"Unit test junk: sorry for littering. Please delete me!\",\"metadata\":{\"createdBy\":\"3d826307-2481-45a0-a271-bcf9333f914a\",\"createdOn\":\"2024-05-11T00:52:49.0922957Z\",\"updatedBy\":null,\"updatedOn\":null},\"version\":\"1.0.0\",\"policyDefinitions\":[{\"policyDefinitionReferenceId\":\"5868563586067909168\",\"policyDefinitionId\":\"/subscriptions/edb2c18a-04d6-49e9-bc72-e23852f507ad/providers/Microsoft.Authorization/policyDefinitions/psBackcompat-PolicyObjectPiping02\",\"definitionVersion\":\"1.*.*\"}],\"versions\":[\"1.0.0\"]},\"id\":\"/subscriptions/edb2c18a-04d6-49e9-bc72-e23852f507ad/providers/Microsoft.Authorization/policySetDefinitions/psBackcompat-PolicyObjectPiping01\",\"type\":\"Microsoft.Authorization/policySetDefinitions\",\"name\":\"psBackcompat-PolicyObjectPiping01\",\"systemData\":{\"createdBy\":\"cstack@ntdev.microsoft.com\",\"createdByType\":\"User\",\"createdAt\":\"2024-05-11T00:52:49.0398692Z\",\"lastModifiedBy\":\"cstack@ntdev.microsoft.com\",\"lastModifiedByType\":\"User\",\"lastModifiedAt\":\"2024-05-11T00:52:49.0398692Z\"}}",
      "isContentBase64": false
    }
  },
  "Backcompat-PolicyObjectPiping+[NoContext]+update policy set definition from piped object+$GET+https://management.azure.com/subscriptions/edb2c18a-04d6-49e9-bc72-e23852f507ad/providers/Microsoft.Authorization/policySetDefinitions/psBackcompat-PolicyObjectPiping01?api-version=2023-04-01+2": {
    "Request": {
      "Method": "GET",
      "RequestUri": "https://management.azure.com/subscriptions/edb2c18a-04d6-49e9-bc72-e23852f507ad/providers/Microsoft.Authorization/policySetDefinitions/psBackcompat-PolicyObjectPiping01?api-version=2023-04-01",
      "Content": null,
      "isContentBase64": false,
      "Headers": {
        "x-ms-unique-id": [ "817" ],
        "x-ms-client-request-id": [ "47e4eaa4-8e41-4d6e-9088-86aaabb87f12" ],
        "CommandName": [ "\u0026" ],
        "FullCommandName": [ "Get-AzPolicySetDefinition_Get" ],
        "ParameterSetName": [ "__AllParameterSets" ],
        "User-Agent": [ "AzurePowershell/v11.0.0", "PSVersion/v7.4.2", "Az.Policy/0.1.1" ],
        "Authorization": [ "[Filtered]" ]
      },
      "ContentHeaders": {
      }
    },
    "Response": {
      "StatusCode": 200,
      "Headers": {
        "Cache-Control": [ "no-cache" ],
        "Pragma": [ "no-cache" ],
        "Strict-Transport-Security": [ "max-age=31536000; includeSubDomains" ],
        "x-ms-throttling-version": [ "v1" ],
        "x-ms-ratelimit-remaining-subscription-reads": [ "11997" ],
        "x-ms-request-id": [ "4009b12a-4cc7-4f5a-87db-44f4c64d5c4e" ],
        "x-ms-correlation-request-id": [ "4009b12a-4cc7-4f5a-87db-44f4c64d5c4e" ],
        "x-ms-routing-request-id": [ "WESTUS2:20240511T005253Z:4009b12a-4cc7-4f5a-87db-44f4c64d5c4e" ],
        "X-Content-Type-Options": [ "nosniff" ],
        "X-Cache": [ "CONFIG_NOCACHE" ],
        "X-MSEdge-Ref": [ "Ref A: 18E60D388506499B91E8C7C3F8D9450E Ref B: CO6AA3150220025 Ref C: 2024-05-11T00:52:53Z" ],
        "Date": [ "Sat, 11 May 2024 00:52:53 GMT" ]
      },
      "ContentHeaders": {
        "Content-Length": [ "1043" ],
        "Content-Type": [ "application/json; charset=utf-8" ],
        "Expires": [ "-1" ]
      },
      "Content": "{\"properties\":{\"policyType\":\"Custom\",\"description\":\"Unit test junk: sorry for littering. Please delete me!\",\"metadata\":{\"createdBy\":\"3d826307-2481-45a0-a271-bcf9333f914a\",\"createdOn\":\"2024-05-11T00:52:49.0922957Z\",\"updatedBy\":null,\"updatedOn\":null},\"version\":\"1.0.0\",\"policyDefinitions\":[{\"policyDefinitionReferenceId\":\"5868563586067909168\",\"policyDefinitionId\":\"/subscriptions/edb2c18a-04d6-49e9-bc72-e23852f507ad/providers/Microsoft.Authorization/policyDefinitions/psBackcompat-PolicyObjectPiping02\",\"definitionVersion\":\"1.*.*\"}],\"versions\":[\"1.0.0\"]},\"id\":\"/subscriptions/edb2c18a-04d6-49e9-bc72-e23852f507ad/providers/Microsoft.Authorization/policySetDefinitions/psBackcompat-PolicyObjectPiping01\",\"type\":\"Microsoft.Authorization/policySetDefinitions\",\"name\":\"psBackcompat-PolicyObjectPiping01\",\"systemData\":{\"createdBy\":\"cstack@ntdev.microsoft.com\",\"createdByType\":\"User\",\"createdAt\":\"2024-05-11T00:52:49.0398692Z\",\"lastModifiedBy\":\"cstack@ntdev.microsoft.com\",\"lastModifiedByType\":\"User\",\"lastModifiedAt\":\"2024-05-11T00:52:49.0398692Z\"}}",
      "isContentBase64": false
    }
  },
  "Backcompat-PolicyObjectPiping+[NoContext]+update policy set definition from piped object+$PUT+https://management.azure.com/subscriptions/edb2c18a-04d6-49e9-bc72-e23852f507ad/providers/Microsoft.Authorization/policySetDefinitions/psBackcompat-PolicyObjectPiping01?api-version=2023-04-01+3": {
    "Request": {
      "Method": "PUT",
      "RequestUri": "https://management.azure.com/subscriptions/edb2c18a-04d6-49e9-bc72-e23852f507ad/providers/Microsoft.Authorization/policySetDefinitions/psBackcompat-PolicyObjectPiping01?api-version=2023-04-01",
      "Content": "{\r\n  \"properties\": {\r\n    \"description\": \"Updated \",\r\n    \"metadata\": {\r\n      \"createdOn\": \"05/11/2024 00:52:49\",\r\n      \"createdBy\": \"3d826307-2481-45a0-a271-bcf9333f914a\"\r\n    },\r\n    \"policyDefinitions\": [\r\n      {\r\n        \"policyDefinitionId\": \"/subscriptions/edb2c18a-04d6-49e9-bc72-e23852f507ad/providers/Microsoft.Authorization/policyDefinitions/psBackcompat-PolicyObjectPiping02\"\r\n      }\r\n    ]\r\n  }\r\n}",
      "isContentBase64": false,
      "Headers": {
      },
      "ContentHeaders": {
        "Content-Type": [ "application/json" ],
        "Content-Length": [ "413" ]
      }
    },
    "Response": {
      "StatusCode": 200,
      "Headers": {
        "Cache-Control": [ "no-cache" ],
        "Pragma": [ "no-cache" ],
        "Strict-Transport-Security": [ "max-age=31536000; includeSubDomains" ],
        "x-ms-throttling-version": [ "v1" ],
        "x-ms-ratelimit-remaining-subscription-writes": [ "1199" ],
        "x-ms-request-id": [ "70be86e8-a847-45d7-aa17-d99c9159b1b8" ],
        "x-ms-correlation-request-id": [ "70be86e8-a847-45d7-aa17-d99c9159b1b8" ],
        "x-ms-routing-request-id": [ "WESTUS2:20240511T005253Z:70be86e8-a847-45d7-aa17-d99c9159b1b8" ],
        "X-Content-Type-Options": [ "nosniff" ],
        "X-Cache": [ "CONFIG_NOCACHE" ],
        "X-MSEdge-Ref": [ "Ref A: B107D521E7234BC5BCAB9EFCF911A59C Ref B: CO6AA3150220025 Ref C: 2024-05-11T00:52:53Z" ],
        "Date": [ "Sat, 11 May 2024 00:52:53 GMT" ]
      },
      "ContentHeaders": {
        "Content-Length": [ "1057" ],
        "Content-Type": [ "application/json; charset=utf-8" ],
        "Expires": [ "-1" ]
      },
      "Content": "{\"properties\":{\"policyType\":\"Custom\",\"description\":\"Updated \",\"metadata\":{\"createdOn\":\"2024-05-11T00:52:49.0922957Z\",\"createdBy\":\"3d826307-2481-45a0-a271-bcf9333f914a\",\"updatedBy\":\"3d826307-2481-45a0-a271-bcf9333f914a\",\"updatedOn\":\"2024-05-11T00:52:53.6220369Z\"},\"version\":\"1.0.0\",\"policyDefinitions\":[{\"policyDefinitionReferenceId\":\"5868563586067909168\",\"policyDefinitionId\":\"/subscriptions/edb2c18a-04d6-49e9-bc72-e23852f507ad/providers/Microsoft.Authorization/policyDefinitions/psBackcompat-PolicyObjectPiping02\",\"definitionVersion\":\"1.*.*\"}],\"versions\":[\"1.0.0\"]},\"id\":\"/subscriptions/edb2c18a-04d6-49e9-bc72-e23852f507ad/providers/Microsoft.Authorization/policySetDefinitions/psBackcompat-PolicyObjectPiping01\",\"type\":\"Microsoft.Authorization/policySetDefinitions\",\"name\":\"psBackcompat-PolicyObjectPiping01\",\"systemData\":{\"createdBy\":\"cstack@ntdev.microsoft.com\",\"createdByType\":\"User\",\"createdAt\":\"2024-05-11T00:52:49.0398692Z\",\"lastModifiedBy\":\"cstack@ntdev.microsoft.com\",\"lastModifiedByType\":\"User\",\"lastModifiedAt\":\"2024-05-11T00:52:53.6137379Z\"}}",
      "isContentBase64": false
    }
  },
  "Backcompat-PolicyObjectPiping+[NoContext]+update policy set definition from piped object+$GET+https://management.azure.com/subscriptions/edb2c18a-04d6-49e9-bc72-e23852f507ad/providers/Microsoft.Authorization/policySetDefinitions/psBackcompat-PolicyObjectPiping01?api-version=2023-04-01+4": {
    "Request": {
      "Method": "GET",
      "RequestUri": "https://management.azure.com/subscriptions/edb2c18a-04d6-49e9-bc72-e23852f507ad/providers/Microsoft.Authorization/policySetDefinitions/psBackcompat-PolicyObjectPiping01?api-version=2023-04-01",
      "Content": null,
      "isContentBase64": false,
      "Headers": {
        "x-ms-unique-id": [ "819" ],
        "x-ms-client-request-id": [ "e995d82d-36ce-4f94-b2a1-f9a758fd646b" ],
        "CommandName": [ "\u0026" ],
        "FullCommandName": [ "Get-AzPolicySetDefinition_Get" ],
        "ParameterSetName": [ "__AllParameterSets" ],
        "User-Agent": [ "AzurePowershell/v11.0.0", "PSVersion/v7.4.2", "Az.Policy/0.1.1" ],
        "Authorization": [ "[Filtered]" ]
      },
      "ContentHeaders": {
      }
    },
    "Response": {
      "StatusCode": 200,
      "Headers": {
        "Cache-Control": [ "no-cache" ],
        "Pragma": [ "no-cache" ],
        "Strict-Transport-Security": [ "max-age=31536000; includeSubDomains" ],
        "x-ms-throttling-version": [ "v1" ],
        "x-ms-ratelimit-remaining-subscription-reads": [ "11996" ],
        "x-ms-request-id": [ "42fa8b66-429d-420e-a61b-2137656ffa1a" ],
        "x-ms-correlation-request-id": [ "42fa8b66-429d-420e-a61b-2137656ffa1a" ],
        "x-ms-routing-request-id": [ "WESTUS2:20240511T005254Z:42fa8b66-429d-420e-a61b-2137656ffa1a" ],
        "X-Content-Type-Options": [ "nosniff" ],
        "X-Cache": [ "CONFIG_NOCACHE" ],
        "X-MSEdge-Ref": [ "Ref A: BBA4C4D3193A4C48B14EBC2AA044511E Ref B: CO6AA3150220025 Ref C: 2024-05-11T00:52:54Z" ],
        "Date": [ "Sat, 11 May 2024 00:52:54 GMT" ]
      },
      "ContentHeaders": {
        "Content-Length": [ "1057" ],
        "Content-Type": [ "application/json; charset=utf-8" ],
        "Expires": [ "-1" ]
      },
      "Content": "{\"properties\":{\"policyType\":\"Custom\",\"description\":\"Updated \",\"metadata\":{\"createdOn\":\"2024-05-11T00:52:49.0922957Z\",\"createdBy\":\"3d826307-2481-45a0-a271-bcf9333f914a\",\"updatedBy\":\"3d826307-2481-45a0-a271-bcf9333f914a\",\"updatedOn\":\"2024-05-11T00:52:53.6220369Z\"},\"version\":\"1.0.0\",\"policyDefinitions\":[{\"policyDefinitionReferenceId\":\"5868563586067909168\",\"policyDefinitionId\":\"/subscriptions/edb2c18a-04d6-49e9-bc72-e23852f507ad/providers/Microsoft.Authorization/policyDefinitions/psBackcompat-PolicyObjectPiping02\",\"definitionVersion\":\"1.*.*\"}],\"versions\":[\"1.0.0\"]},\"id\":\"/subscriptions/edb2c18a-04d6-49e9-bc72-e23852f507ad/providers/Microsoft.Authorization/policySetDefinitions/psBackcompat-PolicyObjectPiping01\",\"type\":\"Microsoft.Authorization/policySetDefinitions\",\"name\":\"psBackcompat-PolicyObjectPiping01\",\"systemData\":{\"createdBy\":\"cstack@ntdev.microsoft.com\",\"createdByType\":\"User\",\"createdAt\":\"2024-05-11T00:52:49.0398692Z\",\"lastModifiedBy\":\"cstack@ntdev.microsoft.com\",\"lastModifiedByType\":\"User\",\"lastModifiedAt\":\"2024-05-11T00:52:53.6137379Z\"}}",
      "isContentBase64": false
    }
  },
  "Backcompat-PolicyObjectPiping+[NoContext]+update policy assignment from pipline and command line+$GET+https://management.azure.com//subscriptions/edb2c18a-04d6-49e9-bc72-e23852f507ad/resourceGroups/rg01/providers/Microsoft.Authorization/policyAssignments/psBackcompat-PolicyObjectPiping03?api-version=2023-04-01+1": {
    "Request": {
      "Method": "GET",
      "RequestUri": "https://management.azure.com//subscriptions/edb2c18a-04d6-49e9-bc72-e23852f507ad/resourceGroups/rg01/providers/Microsoft.Authorization/policyAssignments/psBackcompat-PolicyObjectPiping03?api-version=2023-04-01",
      "Content": null,
      "isContentBase64": false,
      "Headers": {
        "x-ms-unique-id": [ "820" ],
        "x-ms-client-request-id": [ "df0c7534-403e-437d-a9e9-3e69abb54094" ],
        "CommandName": [ "\u0026" ],
        "FullCommandName": [ "Get-AzPolicyAssignment_Get" ],
        "ParameterSetName": [ "__AllParameterSets" ],
        "User-Agent": [ "AzurePowershell/v11.0.0", "PSVersion/v7.4.2", "Az.Policy/0.1.1" ],
        "Authorization": [ "[Filtered]" ]
      },
      "ContentHeaders": {
      }
    },
    "Response": {
      "StatusCode": 200,
      "Headers": {
        "Cache-Control": [ "no-cache" ],
        "Pragma": [ "no-cache" ],
        "Strict-Transport-Security": [ "max-age=31536000; includeSubDomains" ],
        "x-ms-throttling-version": [ "v1" ],
        "x-ms-ratelimit-remaining-subscription-reads": [ "11995" ],
        "x-ms-request-id": [ "10f93fab-2704-4b1d-a1c0-546fbae0d36e" ],
        "x-ms-correlation-request-id": [ "10f93fab-2704-4b1d-a1c0-546fbae0d36e" ],
        "x-ms-routing-request-id": [ "WESTUS2:20240511T005254Z:10f93fab-2704-4b1d-a1c0-546fbae0d36e" ],
        "X-Content-Type-Options": [ "nosniff" ],
        "X-Cache": [ "CONFIG_NOCACHE" ],
        "X-MSEdge-Ref": [ "Ref A: 4E7192C5F2344470A73C3EE439B5339F Ref B: CO6AA3150220025 Ref C: 2024-05-11T00:52:54Z" ],
        "Date": [ "Sat, 11 May 2024 00:52:54 GMT" ]
      },
      "ContentHeaders": {
        "Content-Length": [ "1050" ],
        "Content-Type": [ "application/json; charset=utf-8" ],
        "Expires": [ "-1" ]
      },
      "Content": "{\"properties\":{\"displayName\":\"\",\"policyDefinitionId\":\"/subscriptions/edb2c18a-04d6-49e9-bc72-e23852f507ad/providers/Microsoft.Authorization/policySetDefinitions/psBackcompat-PolicyObjectPiping01\",\"definitionVersion\":\"1.*.*\",\"scope\":\"/subscriptions/edb2c18a-04d6-49e9-bc72-e23852f507ad/resourceGroups/rg01\",\"description\":\"Unit test junk: sorry for littering. Please delete me!\",\"metadata\":{\"createdOn\":\"2024-05-11T00:52:52.0471983Z\",\"createdBy\":\"3d826307-2481-45a0-a271-bcf9333f914a\",\"updatedBy\":null,\"updatedOn\":null},\"enforcementMode\":\"Default\"},\"id\":\"/subscriptions/edb2c18a-04d6-49e9-bc72-e23852f507ad/resourceGroups/rg01/providers/Microsoft.Authorization/policyAssignments/psBackcompat-PolicyObjectPiping03\",\"type\":\"Microsoft.Authorization/policyAssignments\",\"name\":\"psBackcompat-PolicyObjectPiping03\",\"systemData\":{\"createdBy\":\"cstack@ntdev.microsoft.com\",\"createdByType\":\"User\",\"createdAt\":\"2024-05-11T00:52:51.9859822Z\",\"lastModifiedBy\":\"cstack@ntdev.microsoft.com\",\"lastModifiedByType\":\"User\",\"lastModifiedAt\":\"2024-05-11T00:52:51.9859822Z\"}}",
      "isContentBase64": false
    }
  },
  "Backcompat-PolicyObjectPiping+[NoContext]+update policy assignment from pipline and command line+$GET+https://management.azure.com//subscriptions/edb2c18a-04d6-49e9-bc72-e23852f507ad/resourceGroups/rg01/providers/Microsoft.Authorization/policyAssignments/psBackcompat-PolicyObjectPiping03?api-version=2023-04-01+2": {
    "Request": {
      "Method": "GET",
      "RequestUri": "https://management.azure.com//subscriptions/edb2c18a-04d6-49e9-bc72-e23852f507ad/resourceGroups/rg01/providers/Microsoft.Authorization/policyAssignments/psBackcompat-PolicyObjectPiping03?api-version=2023-04-01",
      "Content": null,
      "isContentBase64": false,
      "Headers": {
        "x-ms-unique-id": [ "821" ],
        "x-ms-client-request-id": [ "1005e7e3-f353-4f49-aa77-4671b7c703ad" ],
        "CommandName": [ "\u0026" ],
        "FullCommandName": [ "Get-AzPolicyAssignment_Get1" ],
        "ParameterSetName": [ "__AllParameterSets" ],
        "User-Agent": [ "AzurePowershell/v11.0.0", "PSVersion/v7.4.2", "Az.Policy/0.1.1" ],
        "Authorization": [ "[Filtered]" ]
      },
      "ContentHeaders": {
      }
    },
    "Response": {
      "StatusCode": 200,
      "Headers": {
        "Cache-Control": [ "no-cache" ],
        "Pragma": [ "no-cache" ],
        "Strict-Transport-Security": [ "max-age=31536000; includeSubDomains" ],
        "x-ms-throttling-version": [ "v1" ],
        "x-ms-ratelimit-remaining-subscription-reads": [ "11997" ],
        "x-ms-request-id": [ "377ce610-c9c4-4d1c-9fd8-eb5e453eb24c" ],
        "x-ms-correlation-request-id": [ "377ce610-c9c4-4d1c-9fd8-eb5e453eb24c" ],
        "x-ms-routing-request-id": [ "WESTUS2:20240511T005254Z:377ce610-c9c4-4d1c-9fd8-eb5e453eb24c" ],
        "X-Content-Type-Options": [ "nosniff" ],
        "X-Cache": [ "CONFIG_NOCACHE" ],
        "X-MSEdge-Ref": [ "Ref A: 6C985A27852A47118A058E7E8301D3E7 Ref B: CO6AA3150220025 Ref C: 2024-05-11T00:52:54Z" ],
        "Date": [ "Sat, 11 May 2024 00:52:54 GMT" ]
      },
      "ContentHeaders": {
        "Content-Length": [ "1050" ],
        "Content-Type": [ "application/json; charset=utf-8" ],
        "Expires": [ "-1" ]
      },
      "Content": "{\"properties\":{\"displayName\":\"\",\"policyDefinitionId\":\"/subscriptions/edb2c18a-04d6-49e9-bc72-e23852f507ad/providers/Microsoft.Authorization/policySetDefinitions/psBackcompat-PolicyObjectPiping01\",\"definitionVersion\":\"1.*.*\",\"scope\":\"/subscriptions/edb2c18a-04d6-49e9-bc72-e23852f507ad/resourceGroups/rg01\",\"description\":\"Unit test junk: sorry for littering. Please delete me!\",\"metadata\":{\"createdOn\":\"2024-05-11T00:52:52.0471983Z\",\"createdBy\":\"3d826307-2481-45a0-a271-bcf9333f914a\",\"updatedBy\":null,\"updatedOn\":null},\"enforcementMode\":\"Default\"},\"id\":\"/subscriptions/edb2c18a-04d6-49e9-bc72-e23852f507ad/resourceGroups/rg01/providers/Microsoft.Authorization/policyAssignments/psBackcompat-PolicyObjectPiping03\",\"type\":\"Microsoft.Authorization/policyAssignments\",\"name\":\"psBackcompat-PolicyObjectPiping03\",\"systemData\":{\"createdBy\":\"cstack@ntdev.microsoft.com\",\"createdByType\":\"User\",\"createdAt\":\"2024-05-11T00:52:51.9859822Z\",\"lastModifiedBy\":\"cstack@ntdev.microsoft.com\",\"lastModifiedByType\":\"User\",\"lastModifiedAt\":\"2024-05-11T00:52:51.9859822Z\"}}",
      "isContentBase64": false
    }
  },
  "Backcompat-PolicyObjectPiping+[NoContext]+update policy assignment from pipline and command line+$PUT+https://management.azure.com//subscriptions/edb2c18a-04d6-49e9-bc72-e23852f507ad/resourceGroups/rg01/providers/Microsoft.Authorization/policyAssignments/psBackcompat-PolicyObjectPiping03?api-version=2023-04-01+3": {
    "Request": {
      "Method": "PUT",
      "RequestUri": "https://management.azure.com//subscriptions/edb2c18a-04d6-49e9-bc72-e23852f507ad/resourceGroups/rg01/providers/Microsoft.Authorization/policyAssignments/psBackcompat-PolicyObjectPiping03?api-version=2023-04-01",
      "Content": "{\r\n  \"properties\": {\r\n    \"policyDefinitionId\": \"/subscriptions/edb2c18a-04d6-49e9-bc72-e23852f507ad/providers/Microsoft.Authorization/policySetDefinitions/psBackcompat-PolicyObjectPiping01\",\r\n    \"description\": \"Updated \",\r\n    \"metadata\": {\r\n      \"createdOn\": \"05/11/2024 00:52:52\",\r\n      \"createdBy\": \"3d826307-2481-45a0-a271-bcf9333f914a\"\r\n    },\r\n    \"enforcementMode\": \"Default\"\r\n  }\r\n}",
      "isContentBase64": false,
      "Headers": {
      },
      "ContentHeaders": {
        "Content-Type": [ "application/json" ],
        "Content-Length": [ "394" ]
      }
    },
    "Response": {
      "StatusCode": 201,
      "Headers": {
        "Cache-Control": [ "no-cache" ],
        "Pragma": [ "no-cache" ],
        "Strict-Transport-Security": [ "max-age=31536000; includeSubDomains" ],
        "x-ms-throttling-version": [ "v1" ],
        "x-ms-ratelimit-remaining-subscription-writes": [ "1197" ],
        "x-ms-request-id": [ "6f377a70-acbc-4a5f-b6a0-ead654aed937" ],
        "x-ms-correlation-request-id": [ "6f377a70-acbc-4a5f-b6a0-ead654aed937" ],
        "x-ms-routing-request-id": [ "WESTUS2:20240511T005254Z:6f377a70-acbc-4a5f-b6a0-ead654aed937" ],
        "X-Content-Type-Options": [ "nosniff" ],
        "X-Cache": [ "CONFIG_NOCACHE" ],
        "X-MSEdge-Ref": [ "Ref A: 2802F2D5242B42D69D152C2FFB75EB6C Ref B: CO6AA3150220025 Ref C: 2024-05-11T00:52:54Z" ],
        "Date": [ "Sat, 11 May 2024 00:52:54 GMT" ]
      },
      "ContentHeaders": {
        "Content-Length": [ "1047" ],
        "Content-Type": [ "application/json; charset=utf-8" ],
        "Expires": [ "-1" ]
      },
      "Content": "{\"properties\":{\"policyDefinitionId\":\"/subscriptions/edb2c18a-04d6-49e9-bc72-e23852f507ad/providers/Microsoft.Authorization/policySetDefinitions/psBackcompat-PolicyObjectPiping01\",\"definitionVersion\":\"1.*.*\",\"scope\":\"/subscriptions/edb2c18a-04d6-49e9-bc72-e23852f507ad/resourceGroups/rg01\",\"description\":\"Updated \",\"metadata\":{\"createdOn\":\"2024-05-11T00:52:52.0471983Z\",\"createdBy\":\"3d826307-2481-45a0-a271-bcf9333f914a\",\"updatedBy\":\"3d826307-2481-45a0-a271-bcf9333f914a\",\"updatedOn\":\"2024-05-11T00:52:54.3672155Z\"},\"enforcementMode\":\"Default\"},\"id\":\"/subscriptions/edb2c18a-04d6-49e9-bc72-e23852f507ad/resourceGroups/rg01/providers/Microsoft.Authorization/policyAssignments/psBackcompat-PolicyObjectPiping03\",\"type\":\"Microsoft.Authorization/policyAssignments\",\"name\":\"psBackcompat-PolicyObjectPiping03\",\"systemData\":{\"createdBy\":\"cstack@ntdev.microsoft.com\",\"createdByType\":\"User\",\"createdAt\":\"2024-05-11T00:52:51.9859822Z\",\"lastModifiedBy\":\"cstack@ntdev.microsoft.com\",\"lastModifiedByType\":\"User\",\"lastModifiedAt\":\"2024-05-11T00:52:54.3161146Z\"}}",
      "isContentBase64": false
    }
  },
  "Backcompat-PolicyObjectPiping+[NoContext]+update policy assignment from pipline and command line+$GET+https://management.azure.com//subscriptions/edb2c18a-04d6-49e9-bc72-e23852f507ad/resourceGroups/rg01/providers/Microsoft.Authorization/policyAssignments/psBackcompat-PolicyObjectPiping03?api-version=2023-04-01+4": {
    "Request": {
      "Method": "GET",
      "RequestUri": "https://management.azure.com//subscriptions/edb2c18a-04d6-49e9-bc72-e23852f507ad/resourceGroups/rg01/providers/Microsoft.Authorization/policyAssignments/psBackcompat-PolicyObjectPiping03?api-version=2023-04-01",
      "Content": null,
      "isContentBase64": false,
      "Headers": {
        "x-ms-unique-id": [ "823" ],
        "x-ms-client-request-id": [ "1dc22673-404a-440e-8fc0-654bfee4fe98" ],
        "CommandName": [ "\u0026" ],
        "FullCommandName": [ "Get-AzPolicyAssignment_Get" ],
        "ParameterSetName": [ "__AllParameterSets" ],
        "User-Agent": [ "AzurePowershell/v11.0.0", "PSVersion/v7.4.2", "Az.Policy/0.1.1" ],
        "Authorization": [ "[Filtered]" ]
      },
      "ContentHeaders": {
      }
    },
    "Response": {
      "StatusCode": 200,
      "Headers": {
        "Cache-Control": [ "no-cache" ],
        "Pragma": [ "no-cache" ],
        "Strict-Transport-Security": [ "max-age=31536000; includeSubDomains" ],
        "x-ms-throttling-version": [ "v1" ],
        "x-ms-ratelimit-remaining-subscription-reads": [ "11995" ],
        "x-ms-request-id": [ "0b64a5d1-e05d-4948-b5c0-c338e097b68d" ],
        "x-ms-correlation-request-id": [ "0b64a5d1-e05d-4948-b5c0-c338e097b68d" ],
        "x-ms-routing-request-id": [ "WESTUS2:20240511T005254Z:0b64a5d1-e05d-4948-b5c0-c338e097b68d" ],
        "X-Content-Type-Options": [ "nosniff" ],
        "X-Cache": [ "CONFIG_NOCACHE" ],
        "X-MSEdge-Ref": [ "Ref A: 475F516C820D478FBA30C34D04347F0F Ref B: CO6AA3150220025 Ref C: 2024-05-11T00:52:54Z" ],
        "Date": [ "Sat, 11 May 2024 00:52:54 GMT" ]
      },
      "ContentHeaders": {
        "Content-Length": [ "1047" ],
        "Content-Type": [ "application/json; charset=utf-8" ],
        "Expires": [ "-1" ]
      },
      "Content": "{\"properties\":{\"policyDefinitionId\":\"/subscriptions/edb2c18a-04d6-49e9-bc72-e23852f507ad/providers/Microsoft.Authorization/policySetDefinitions/psBackcompat-PolicyObjectPiping01\",\"definitionVersion\":\"1.*.*\",\"scope\":\"/subscriptions/edb2c18a-04d6-49e9-bc72-e23852f507ad/resourceGroups/rg01\",\"description\":\"Updated \",\"metadata\":{\"createdOn\":\"2024-05-11T00:52:52.0471983Z\",\"createdBy\":\"3d826307-2481-45a0-a271-bcf9333f914a\",\"updatedBy\":\"3d826307-2481-45a0-a271-bcf9333f914a\",\"updatedOn\":\"2024-05-11T00:52:54.3672155Z\"},\"enforcementMode\":\"Default\"},\"id\":\"/subscriptions/edb2c18a-04d6-49e9-bc72-e23852f507ad/resourceGroups/rg01/providers/Microsoft.Authorization/policyAssignments/psBackcompat-PolicyObjectPiping03\",\"type\":\"Microsoft.Authorization/policyAssignments\",\"name\":\"psBackcompat-PolicyObjectPiping03\",\"systemData\":{\"createdBy\":\"cstack@ntdev.microsoft.com\",\"createdByType\":\"User\",\"createdAt\":\"2024-05-11T00:52:51.9859822Z\",\"lastModifiedBy\":\"cstack@ntdev.microsoft.com\",\"lastModifiedByType\":\"User\",\"lastModifiedAt\":\"2024-05-11T00:52:54.3161146Z\"}}",
      "isContentBase64": false
    }
  },
  "Backcompat-PolicyObjectPiping+[NoContext]+[NoScenario]+$GET+https://management.azure.com//subscriptions/edb2c18a-04d6-49e9-bc72-e23852f507ad/resourceGroups/rg01/providers/Microsoft.Authorization/policyAssignments/psBackcompat-PolicyObjectPiping03?api-version=2023-04-01+5": {
    "Request": {
      "Method": "GET",
      "RequestUri": "https://management.azure.com//subscriptions/edb2c18a-04d6-49e9-bc72-e23852f507ad/resourceGroups/rg01/providers/Microsoft.Authorization/policyAssignments/psBackcompat-PolicyObjectPiping03?api-version=2023-04-01",
      "Content": null,
      "isContentBase64": false,
      "Headers": {
        "x-ms-unique-id": [ "824" ],
        "x-ms-client-request-id": [ "51bcf4da-f48d-432e-ae17-495df69b2bfd" ],
        "CommandName": [ "\u0026" ],
        "FullCommandName": [ "Get-AzPolicyAssignment_Get" ],
        "ParameterSetName": [ "__AllParameterSets" ],
        "User-Agent": [ "AzurePowershell/v11.0.0", "PSVersion/v7.4.2", "Az.Policy/0.1.1" ],
        "Authorization": [ "[Filtered]" ]
      },
      "ContentHeaders": {
      }
    },
    "Response": {
      "StatusCode": 200,
      "Headers": {
        "Cache-Control": [ "no-cache" ],
        "Pragma": [ "no-cache" ],
        "Strict-Transport-Security": [ "max-age=31536000; includeSubDomains" ],
        "x-ms-throttling-version": [ "v1" ],
        "x-ms-ratelimit-remaining-subscription-reads": [ "11998" ],
        "x-ms-request-id": [ "b2ae68e8-ce5f-4b8e-a8e1-f4b01972be20" ],
        "x-ms-correlation-request-id": [ "b2ae68e8-ce5f-4b8e-a8e1-f4b01972be20" ],
        "x-ms-routing-request-id": [ "WESTUS2:20240511T005254Z:b2ae68e8-ce5f-4b8e-a8e1-f4b01972be20" ],
        "X-Content-Type-Options": [ "nosniff" ],
        "X-Cache": [ "CONFIG_NOCACHE" ],
        "X-MSEdge-Ref": [ "Ref A: 4FA6A83C8A9A4EE1B4A24A9C39F2E508 Ref B: CO6AA3150220025 Ref C: 2024-05-11T00:52:54Z" ],
        "Date": [ "Sat, 11 May 2024 00:52:54 GMT" ]
      },
      "ContentHeaders": {
        "Content-Length": [ "1047" ],
        "Content-Type": [ "application/json; charset=utf-8" ],
        "Expires": [ "-1" ]
      },
      "Content": "{\"properties\":{\"policyDefinitionId\":\"/subscriptions/edb2c18a-04d6-49e9-bc72-e23852f507ad/providers/Microsoft.Authorization/policySetDefinitions/psBackcompat-PolicyObjectPiping01\",\"definitionVersion\":\"1.*.*\",\"scope\":\"/subscriptions/edb2c18a-04d6-49e9-bc72-e23852f507ad/resourceGroups/rg01\",\"description\":\"Updated \",\"metadata\":{\"createdOn\":\"2024-05-11T00:52:52.0471983Z\",\"createdBy\":\"3d826307-2481-45a0-a271-bcf9333f914a\",\"updatedBy\":\"3d826307-2481-45a0-a271-bcf9333f914a\",\"updatedOn\":\"2024-05-11T00:52:54.3672155Z\"},\"enforcementMode\":\"Default\"},\"id\":\"/subscriptions/edb2c18a-04d6-49e9-bc72-e23852f507ad/resourceGroups/rg01/providers/Microsoft.Authorization/policyAssignments/psBackcompat-PolicyObjectPiping03\",\"type\":\"Microsoft.Authorization/policyAssignments\",\"name\":\"psBackcompat-PolicyObjectPiping03\",\"systemData\":{\"createdBy\":\"cstack@ntdev.microsoft.com\",\"createdByType\":\"User\",\"createdAt\":\"2024-05-11T00:52:51.9859822Z\",\"lastModifiedBy\":\"cstack@ntdev.microsoft.com\",\"lastModifiedByType\":\"User\",\"lastModifiedAt\":\"2024-05-11T00:52:54.3161146Z\"}}",
      "isContentBase64": false
    }
  },
  "Backcompat-PolicyObjectPiping+[NoContext]+[NoScenario]+$DELETE+https://management.azure.com//subscriptions/edb2c18a-04d6-49e9-bc72-e23852f507ad/resourceGroups/rg01/providers/Microsoft.Authorization/policyAssignments/psBackcompat-PolicyObjectPiping03?api-version=2023-04-01+6": {
    "Request": {
      "Method": "DELETE",
      "RequestUri": "https://management.azure.com//subscriptions/edb2c18a-04d6-49e9-bc72-e23852f507ad/resourceGroups/rg01/providers/Microsoft.Authorization/policyAssignments/psBackcompat-PolicyObjectPiping03?api-version=2023-04-01",
      "Content": null,
      "isContentBase64": false,
      "Headers": {
        "x-ms-unique-id": [ "825" ],
        "x-ms-client-request-id": [ "c97e7d50-0a64-458b-8995-a5b893cf4b2f" ],
        "CommandName": [ "\u0026" ],
        "FullCommandName": [ "Remove-AzPolicyAssignment_Delete" ],
        "ParameterSetName": [ "__AllParameterSets" ],
        "User-Agent": [ "AzurePowershell/v11.0.0", "PSVersion/v7.4.2", "Az.Policy/0.1.1" ],
        "Authorization": [ "[Filtered]" ]
      },
      "ContentHeaders": {
      }
    },
    "Response": {
      "StatusCode": 200,
      "Headers": {
        "Cache-Control": [ "no-cache" ],
        "Pragma": [ "no-cache" ],
        "Strict-Transport-Security": [ "max-age=31536000; includeSubDomains" ],
        "x-ms-throttling-version": [ "v1" ],
        "x-ms-ratelimit-remaining-subscription-deletes": [ "14998" ],
        "x-ms-request-id": [ "1681e3ca-4dfb-41cc-85a4-2a0488e761c7" ],
        "x-ms-correlation-request-id": [ "1681e3ca-4dfb-41cc-85a4-2a0488e761c7" ],
        "x-ms-routing-request-id": [ "WESTUS2:20240511T005255Z:1681e3ca-4dfb-41cc-85a4-2a0488e761c7" ],
        "X-Content-Type-Options": [ "nosniff" ],
        "X-Cache": [ "CONFIG_NOCACHE" ],
        "X-MSEdge-Ref": [ "Ref A: 5CD9E91BF54443EC81D07B89203D36EB Ref B: CO6AA3150220025 Ref C: 2024-05-11T00:52:54Z" ],
        "Date": [ "Sat, 11 May 2024 00:52:55 GMT" ]
      },
      "ContentHeaders": {
        "Content-Length": [ "1047" ],
        "Content-Type": [ "application/json; charset=utf-8" ],
        "Expires": [ "-1" ]
      },
      "Content": "{\"properties\":{\"policyDefinitionId\":\"/subscriptions/edb2c18a-04d6-49e9-bc72-e23852f507ad/providers/Microsoft.Authorization/policySetDefinitions/psBackcompat-PolicyObjectPiping01\",\"definitionVersion\":\"1.*.*\",\"scope\":\"/subscriptions/edb2c18a-04d6-49e9-bc72-e23852f507ad/resourceGroups/rg01\",\"description\":\"Updated \",\"metadata\":{\"createdOn\":\"2024-05-11T00:52:52.0471983Z\",\"createdBy\":\"3d826307-2481-45a0-a271-bcf9333f914a\",\"updatedBy\":\"3d826307-2481-45a0-a271-bcf9333f914a\",\"updatedOn\":\"2024-05-11T00:52:54.3672155Z\"},\"enforcementMode\":\"Default\"},\"id\":\"/subscriptions/edb2c18a-04d6-49e9-bc72-e23852f507ad/resourceGroups/rg01/providers/Microsoft.Authorization/policyAssignments/psBackcompat-PolicyObjectPiping03\",\"type\":\"Microsoft.Authorization/policyAssignments\",\"name\":\"psBackcompat-PolicyObjectPiping03\",\"systemData\":{\"createdBy\":\"cstack@ntdev.microsoft.com\",\"createdByType\":\"User\",\"createdAt\":\"2024-05-11T00:52:51.9859822Z\",\"lastModifiedBy\":\"cstack@ntdev.microsoft.com\",\"lastModifiedByType\":\"User\",\"lastModifiedAt\":\"2024-05-11T00:52:54.3161146Z\"}}",
      "isContentBase64": false
    }
  },
  "Backcompat-PolicyObjectPiping+[NoContext]+[NoScenario]+$GET+https://management.azure.com/subscriptions/edb2c18a-04d6-49e9-bc72-e23852f507ad/providers/Microsoft.Authorization/policySetDefinitions/psBackcompat-PolicyObjectPiping01?api-version=2023-04-01+7": {
    "Request": {
      "Method": "GET",
      "RequestUri": "https://management.azure.com/subscriptions/edb2c18a-04d6-49e9-bc72-e23852f507ad/providers/Microsoft.Authorization/policySetDefinitions/psBackcompat-PolicyObjectPiping01?api-version=2023-04-01",
      "Content": null,
      "isContentBase64": false,
      "Headers": {
        "x-ms-unique-id": [ "826" ],
        "x-ms-client-request-id": [ "12eea415-6008-4a55-9394-4b5293ea192a" ],
        "CommandName": [ "\u0026" ],
        "FullCommandName": [ "Get-AzPolicySetDefinition_Get" ],
        "ParameterSetName": [ "__AllParameterSets" ],
        "User-Agent": [ "AzurePowershell/v11.0.0", "PSVersion/v7.4.2", "Az.Policy/0.1.1" ],
        "Authorization": [ "[Filtered]" ]
      },
      "ContentHeaders": {
      }
    },
    "Response": {
      "StatusCode": 200,
      "Headers": {
        "Cache-Control": [ "no-cache" ],
        "Pragma": [ "no-cache" ],
        "Strict-Transport-Security": [ "max-age=31536000; includeSubDomains" ],
        "x-ms-throttling-version": [ "v1" ],
        "x-ms-ratelimit-remaining-subscription-reads": [ "11997" ],
        "x-ms-request-id": [ "e903b163-17d0-4a75-9e6e-75609b5fd36c" ],
        "x-ms-correlation-request-id": [ "e903b163-17d0-4a75-9e6e-75609b5fd36c" ],
        "x-ms-routing-request-id": [ "WESTUS2:20240511T005255Z:e903b163-17d0-4a75-9e6e-75609b5fd36c" ],
        "X-Content-Type-Options": [ "nosniff" ],
        "X-Cache": [ "CONFIG_NOCACHE" ],
        "X-MSEdge-Ref": [ "Ref A: C279CCAD47A243EEA07BE27B1D2AA7A6 Ref B: CO6AA3150220025 Ref C: 2024-05-11T00:52:55Z" ],
        "Date": [ "Sat, 11 May 2024 00:52:55 GMT" ]
      },
      "ContentHeaders": {
        "Content-Length": [ "1057" ],
        "Content-Type": [ "application/json; charset=utf-8" ],
        "Expires": [ "-1" ]
      },
      "Content": "{\"properties\":{\"policyType\":\"Custom\",\"description\":\"Updated \",\"metadata\":{\"createdOn\":\"2024-05-11T00:52:49.0922957Z\",\"createdBy\":\"3d826307-2481-45a0-a271-bcf9333f914a\",\"updatedBy\":\"3d826307-2481-45a0-a271-bcf9333f914a\",\"updatedOn\":\"2024-05-11T00:52:53.6220369Z\"},\"version\":\"1.0.0\",\"policyDefinitions\":[{\"policyDefinitionReferenceId\":\"5868563586067909168\",\"policyDefinitionId\":\"/subscriptions/edb2c18a-04d6-49e9-bc72-e23852f507ad/providers/Microsoft.Authorization/policyDefinitions/psBackcompat-PolicyObjectPiping02\",\"definitionVersion\":\"1.*.*\"}],\"versions\":[\"1.0.0\"]},\"id\":\"/subscriptions/edb2c18a-04d6-49e9-bc72-e23852f507ad/providers/Microsoft.Authorization/policySetDefinitions/psBackcompat-PolicyObjectPiping01\",\"type\":\"Microsoft.Authorization/policySetDefinitions\",\"name\":\"psBackcompat-PolicyObjectPiping01\",\"systemData\":{\"createdBy\":\"cstack@ntdev.microsoft.com\",\"createdByType\":\"User\",\"createdAt\":\"2024-05-11T00:52:49.0398692Z\",\"lastModifiedBy\":\"cstack@ntdev.microsoft.com\",\"lastModifiedByType\":\"User\",\"lastModifiedAt\":\"2024-05-11T00:52:53.6137379Z\"}}",
      "isContentBase64": false
    }
  },
  "Backcompat-PolicyObjectPiping+[NoContext]+[NoScenario]+$DELETE+https://management.azure.com/subscriptions/edb2c18a-04d6-49e9-bc72-e23852f507ad/providers/Microsoft.Authorization/policySetDefinitions/psBackcompat-PolicyObjectPiping01?api-version=2023-04-01+8": {
    "Request": {
      "Method": "DELETE",
      "RequestUri": "https://management.azure.com/subscriptions/edb2c18a-04d6-49e9-bc72-e23852f507ad/providers/Microsoft.Authorization/policySetDefinitions/psBackcompat-PolicyObjectPiping01?api-version=2023-04-01",
      "Content": null,
      "isContentBase64": false,
      "Headers": {
        "x-ms-unique-id": [ "827" ],
        "x-ms-client-request-id": [ "06775229-388b-4d75-8aa5-101313e51bd2" ],
        "CommandName": [ "\u0026" ],
        "FullCommandName": [ "Remove-AzPolicySetDefinition_DeleteViaIdentity" ],
        "ParameterSetName": [ "__AllParameterSets" ],
        "User-Agent": [ "AzurePowershell/v11.0.0", "PSVersion/v7.4.2", "Az.Policy/0.1.1" ],
        "Authorization": [ "[Filtered]" ]
      },
      "ContentHeaders": {
      }
    },
    "Response": {
      "StatusCode": 200,
      "Headers": {
        "Cache-Control": [ "no-cache" ],
        "Pragma": [ "no-cache" ],
        "Strict-Transport-Security": [ "max-age=31536000; includeSubDomains" ],
        "x-ms-throttling-version": [ "v1" ],
        "x-ms-ratelimit-remaining-subscription-deletes": [ "14999" ],
        "x-ms-request-id": [ "800414c2-eb43-48f0-8111-f8e6ede1fcfa" ],
        "x-ms-correlation-request-id": [ "800414c2-eb43-48f0-8111-f8e6ede1fcfa" ],
        "x-ms-routing-request-id": [ "WESTUS2:20240511T005255Z:800414c2-eb43-48f0-8111-f8e6ede1fcfa" ],
        "X-Content-Type-Options": [ "nosniff" ],
        "X-Cache": [ "CONFIG_NOCACHE" ],
        "X-MSEdge-Ref": [ "Ref A: 17E56BA7FCEB46F99484CF5A75233E14 Ref B: CO6AA3150220025 Ref C: 2024-05-11T00:52:55Z" ],
        "Date": [ "Sat, 11 May 2024 00:52:55 GMT" ]
      },
      "ContentHeaders": {
        "Content-Length": [ "1057" ],
        "Content-Type": [ "application/json; charset=utf-8" ],
        "Expires": [ "-1" ]
      },
      "Content": "{\"properties\":{\"policyType\":\"Custom\",\"description\":\"Updated \",\"metadata\":{\"createdOn\":\"2024-05-11T00:52:49.0922957Z\",\"createdBy\":\"3d826307-2481-45a0-a271-bcf9333f914a\",\"updatedBy\":\"3d826307-2481-45a0-a271-bcf9333f914a\",\"updatedOn\":\"2024-05-11T00:52:53.6220369Z\"},\"version\":\"1.0.0\",\"policyDefinitions\":[{\"policyDefinitionReferenceId\":\"5868563586067909168\",\"policyDefinitionId\":\"/subscriptions/edb2c18a-04d6-49e9-bc72-e23852f507ad/providers/Microsoft.Authorization/policyDefinitions/psBackcompat-PolicyObjectPiping02\",\"definitionVersion\":\"1.*.*\"}],\"versions\":[\"1.0.0\"]},\"id\":\"/subscriptions/edb2c18a-04d6-49e9-bc72-e23852f507ad/providers/Microsoft.Authorization/policySetDefinitions/psBackcompat-PolicyObjectPiping01\",\"type\":\"Microsoft.Authorization/policySetDefinitions\",\"name\":\"psBackcompat-PolicyObjectPiping01\",\"systemData\":{\"createdBy\":\"cstack@ntdev.microsoft.com\",\"createdByType\":\"User\",\"createdAt\":\"2024-05-11T00:52:49.0398692Z\",\"lastModifiedBy\":\"cstack@ntdev.microsoft.com\",\"lastModifiedByType\":\"User\",\"lastModifiedAt\":\"2024-05-11T00:52:53.6137379Z\"}}",
      "isContentBase64": false
    }
  },
  "Backcompat-PolicyObjectPiping+[NoContext]+[NoScenario]+$GET+https://management.azure.com/subscriptions/edb2c18a-04d6-49e9-bc72-e23852f507ad/providers/Microsoft.Authorization/policyDefinitions/psBackcompat-PolicyObjectPiping02?api-version=2023-04-01+9": {
    "Request": {
      "Method": "GET",
      "RequestUri": "https://management.azure.com/subscriptions/edb2c18a-04d6-49e9-bc72-e23852f507ad/providers/Microsoft.Authorization/policyDefinitions/psBackcompat-PolicyObjectPiping02?api-version=2023-04-01",
      "Content": null,
      "isContentBase64": false,
      "Headers": {
        "x-ms-unique-id": [ "828" ],
        "x-ms-client-request-id": [ "b960ee93-5ec2-4842-80cd-43e6426947ba" ],
        "CommandName": [ "\u0026" ],
        "FullCommandName": [ "Get-AzPolicyDefinition_Get" ],
        "ParameterSetName": [ "__AllParameterSets" ],
        "User-Agent": [ "AzurePowershell/v11.0.0", "PSVersion/v7.4.2", "Az.Policy/0.1.1" ],
        "Authorization": [ "[Filtered]" ]
      },
      "ContentHeaders": {
      }
    },
    "Response": {
      "StatusCode": 200,
      "Headers": {
        "Cache-Control": [ "no-cache" ],
        "Pragma": [ "no-cache" ],
        "Strict-Transport-Security": [ "max-age=31536000; includeSubDomains" ],
        "x-ms-throttling-version": [ "v1" ],
        "x-ms-ratelimit-remaining-subscription-reads": [ "11997" ],
        "x-ms-request-id": [ "4918a322-ea49-426a-b609-6591df633e38" ],
        "x-ms-correlation-request-id": [ "4918a322-ea49-426a-b609-6591df633e38" ],
        "x-ms-routing-request-id": [ "WESTUS2:20240511T005255Z:4918a322-ea49-426a-b609-6591df633e38" ],
        "X-Content-Type-Options": [ "nosniff" ],
        "X-Cache": [ "CONFIG_NOCACHE" ],
        "X-MSEdge-Ref": [ "Ref A: 9A8BEB287EBF4A86ADA0F288AC037AE9 Ref B: CO6AA3150220025 Ref C: 2024-05-11T00:52:55Z" ],
        "Date": [ "Sat, 11 May 2024 00:52:55 GMT" ]
      },
      "ContentHeaders": {
        "Content-Length": [ "1393" ],
        "Content-Type": [ "application/json; charset=utf-8" ],
        "Expires": [ "-1" ]
      },
      "Content": "{\"properties\":{\"displayName\":\"Fake test policy\",\"policyType\":\"Custom\",\"mode\":\"Indexed\",\"description\":\"Updated \",\"metadata\":{\"category\":\"Unit Test\",\"createdOn\":\"2024-05-11T00:52:48.5592761Z\",\"createdBy\":\"3d826307-2481-45a0-a271-bcf9333f914a\",\"updatedBy\":\"3d826307-2481-45a0-a271-bcf9333f914a\",\"updatedOn\":\"2024-05-11T00:52:52.7794697Z\"},\"version\":\"1.0.0\",\"parameters\":{\"listOfAllowedLocations\":{\"type\":\"array\",\"metadata\":{\"description\":\"An array of permitted locations for resources.\",\"strongType\":\"location\",\"displayName\":\"List of locations\"},\"defaultValue\":[\"westus\"]},\"effectParam\":{\"type\":\"string\",\"metadata\":{\"description\":\"The effect of the policy\",\"displayName\":\"Policy Effect\"},\"allowedValues\":[\"Deny\",\"Disabled\"],\"defaultValue\":\"Deny\"}},\"policyRule\":{\"if\":{\"not\":{\"field\":\"location\",\"in\":\"[parameters(\u0027listOfAllowedLocations\u0027)]\"}},\"then\":{\"effect\":\"[parameters(\u0027effectParam\u0027)]\"}},\"versions\":[\"1.0.0\"]},\"id\":\"/subscriptions/edb2c18a-04d6-49e9-bc72-e23852f507ad/providers/Microsoft.Authorization/policyDefinitions/psBackcompat-PolicyObjectPiping02\",\"type\":\"Microsoft.Authorization/policyDefinitions\",\"name\":\"psBackcompat-PolicyObjectPiping02\",\"systemData\":{\"createdBy\":\"cstack@ntdev.microsoft.com\",\"createdByType\":\"User\",\"createdAt\":\"2024-05-11T00:52:48.5460983Z\",\"lastModifiedBy\":\"cstack@ntdev.microsoft.com\",\"lastModifiedByType\":\"User\",\"lastModifiedAt\":\"2024-05-11T00:52:52.7563503Z\"}}",
      "isContentBase64": false
    }
  },
  "Backcompat-PolicyObjectPiping+[NoContext]+[NoScenario]+$DELETE+https://management.azure.com/subscriptions/edb2c18a-04d6-49e9-bc72-e23852f507ad/providers/Microsoft.Authorization/policyDefinitions/psBackcompat-PolicyObjectPiping02?api-version=2023-04-01+10": {
    "Request": {
      "Method": "DELETE",
      "RequestUri": "https://management.azure.com/subscriptions/edb2c18a-04d6-49e9-bc72-e23852f507ad/providers/Microsoft.Authorization/policyDefinitions/psBackcompat-PolicyObjectPiping02?api-version=2023-04-01",
      "Content": null,
      "isContentBase64": false,
      "Headers": {
        "x-ms-unique-id": [ "829" ],
        "x-ms-client-request-id": [ "dd34f753-59c0-4835-aac7-391733edd191" ],
        "CommandName": [ "\u0026" ],
        "FullCommandName": [ "Remove-AzPolicyDefinition_DeleteViaIdentity" ],
        "ParameterSetName": [ "__AllParameterSets" ],
        "User-Agent": [ "AzurePowershell/v11.0.0", "PSVersion/v7.4.2", "Az.Policy/0.1.1" ],
        "Authorization": [ "[Filtered]" ]
      },
      "ContentHeaders": {
      }
    },
    "Response": {
      "StatusCode": 200,
      "Headers": {
        "Cache-Control": [ "no-cache" ],
        "Pragma": [ "no-cache" ],
        "Strict-Transport-Security": [ "max-age=31536000; includeSubDomains" ],
        "x-ms-throttling-version": [ "v1" ],
        "x-ms-ratelimit-remaining-subscription-deletes": [ "14998" ],
        "x-ms-request-id": [ "eacfecc9-2eb9-4e14-a017-32f09b8ef858" ],
        "x-ms-correlation-request-id": [ "eacfecc9-2eb9-4e14-a017-32f09b8ef858" ],
        "x-ms-routing-request-id": [ "WESTUS2:20240511T005256Z:eacfecc9-2eb9-4e14-a017-32f09b8ef858" ],
        "X-Content-Type-Options": [ "nosniff" ],
        "X-Cache": [ "CONFIG_NOCACHE" ],
        "X-MSEdge-Ref": [ "Ref A: F0EDFC8F05914A8984E531487B9B7C9B Ref B: CO6AA3150220025 Ref C: 2024-05-11T00:52:55Z" ],
        "Date": [ "Sat, 11 May 2024 00:52:56 GMT" ]
      },
      "ContentHeaders": {
        "Content-Length": [ "1393" ],
        "Content-Type": [ "application/json; charset=utf-8" ],
        "Expires": [ "-1" ]
      },
      "Content": "{\"properties\":{\"displayName\":\"Fake test policy\",\"policyType\":\"Custom\",\"mode\":\"Indexed\",\"description\":\"Updated \",\"metadata\":{\"category\":\"Unit Test\",\"createdOn\":\"2024-05-11T00:52:48.5592761Z\",\"createdBy\":\"3d826307-2481-45a0-a271-bcf9333f914a\",\"updatedBy\":\"3d826307-2481-45a0-a271-bcf9333f914a\",\"updatedOn\":\"2024-05-11T00:52:52.7794697Z\"},\"version\":\"1.0.0\",\"parameters\":{\"listOfAllowedLocations\":{\"type\":\"array\",\"metadata\":{\"description\":\"An array of permitted locations for resources.\",\"strongType\":\"location\",\"displayName\":\"List of locations\"},\"defaultValue\":[\"westus\"]},\"effectParam\":{\"type\":\"string\",\"metadata\":{\"description\":\"The effect of the policy\",\"displayName\":\"Policy Effect\"},\"allowedValues\":[\"Deny\",\"Disabled\"],\"defaultValue\":\"Deny\"}},\"policyRule\":{\"if\":{\"not\":{\"field\":\"location\",\"in\":\"[parameters(\u0027listOfAllowedLocations\u0027)]\"}},\"then\":{\"effect\":\"[parameters(\u0027effectParam\u0027)]\"}},\"versions\":[\"1.0.0\"]},\"id\":\"/subscriptions/edb2c18a-04d6-49e9-bc72-e23852f507ad/providers/Microsoft.Authorization/policyDefinitions/psBackcompat-PolicyObjectPiping02\",\"type\":\"Microsoft.Authorization/policyDefinitions\",\"name\":\"psBackcompat-PolicyObjectPiping02\",\"systemData\":{\"createdBy\":\"cstack@ntdev.microsoft.com\",\"createdByType\":\"User\",\"createdAt\":\"2024-05-11T00:52:48.5460983Z\",\"lastModifiedBy\":\"cstack@ntdev.microsoft.com\",\"lastModifiedByType\":\"User\",\"lastModifiedAt\":\"2024-05-11T00:52:52.7563503Z\"}}",
      "isContentBase64": false
    }
  }
}