{
  "Backcompat-GetPolicyExemptionParameters+[NoContext]+no parameters+$GET+https://management.azure.com/subscriptions/edb2c18a-04d6-49e9-bc72-e23852f507ad/providers/Microsoft.Authorization/policyExemptions?$filter=atScope()\u0026api-version=2022-07-01-preview+1": {
    "Request": {
      "Method": "GET",
      "RequestUri": "https://management.azure.com/subscriptions/edb2c18a-04d6-49e9-bc72-e23852f507ad/providers/Microsoft.Authorization/policyExemptions?$filter=atScope()\u0026api-version=2022-07-01-preview",
      "Content": null,
      "isContentBase64": false,
      "Headers": {
        "x-ms-unique-id": [ "474" ],
        "x-ms-client-request-id": [ "284a3e7e-27d5-49f6-bdb4-0e6502ebd109" ],
        "CommandName": [ "\u0026" ],
        "FullCommandName": [ "Get-AzPolicyExemption_List" ],
        "ParameterSetName": [ "__AllParameterSets" ],
        "User-Agent": [ "AzurePowershell/v11.0.0", "PSVersion/v7.4.1", "Az.Policy/0.1.1" ],
        "Authorization": [ "[Filtered]" ]
      },
      "ContentHeaders": {
      }
    },
    "Response": {
      "StatusCode": 200,
      "Headers": {
        "Cache-Control": [ "no-cache" ],
        "Pragma": [ "no-cache" ],
        "Strict-Transport-Security": [ "max-age=31536000; includeSubDomains" ],
        "x-ms-ratelimit-remaining-subscription-reads": [ "11999" ],
        "x-ms-request-id": [ "abf9761d-7041-4966-93b0-dc134d2e3b23" ],
        "x-ms-correlation-request-id": [ "abf9761d-7041-4966-93b0-dc134d2e3b23" ],
        "x-ms-routing-request-id": [ "WESTUS2:20240313T195003Z:abf9761d-7041-4966-93b0-dc134d2e3b23" ],
        "X-Content-Type-Options": [ "nosniff" ],
        "X-Cache": [ "CONFIG_NOCACHE" ],
        "X-MSEdge-Ref": [ "Ref A: 989A51C6019248DBA218132F83AF5A29 Ref B: CO6AA3150220051 Ref C: 2024-03-13T19:50:03Z" ],
        "Date": [ "Wed, 13 Mar 2024 19:50:02 GMT" ]
      },
      "ContentHeaders": {
        "Content-Length": [ "1718" ],
        "Content-Type": [ "application/json; charset=utf-8" ],
        "Expires": [ "-1" ]
      },
      "Content": "{\"value\":[{\"properties\":{\"policyAssignmentId\":\"/providers/Microsoft.Management/managementGroups/AzGovPerfTest/providers/Microsoft.Authorization/policyAssignments/e4d662572b4f40409eed77e8\",\"policyDefinitionReferenceIds\":[],\"exemptionCategory\":\"Mitigated\",\"displayName\":\"Azure Governance Performance Test - tony-test-modifyDenyMG\",\"description\":\"\",\"expiresOn\":\"2024-02-10T08:00:00Z\",\"resourceSelectors\":[],\"metadata\":{}},\"id\":\"/providers/Microsoft.Management/managementGroups/AzGovPerfTest/providers/Microsoft.Authorization/policyExemptions/411d2dfc3efb44bc89510bf3\",\"type\":\"Microsoft.Authorization/policyExemptions\",\"name\":\"411d2dfc3efb44bc89510bf3\",\"systemData\":{\"createdBy\":\"qingyechen@microsoft.com\",\"createdByType\":\"User\",\"createdAt\":\"2024-01-18T19:32:04.6336364Z\",\"lastModifiedBy\":\"qingyechen@microsoft.com\",\"lastModifiedByType\":\"User\",\"lastModifiedAt\":\"2024-02-01T05:41:56.656852Z\"}},{\"properties\":{\"policyAssignmentId\":\"/providers/Microsoft.Management/managementGroups/AzGovPerfTest/providers/Microsoft.Authorization/policyAssignments/c691bb62817b40fda56c1b77\",\"policyDefinitionReferenceIds\":[],\"exemptionCategory\":\"Waiver\",\"displayName\":\"Azure Governance Performance Test - qingye-test-exemptionOnMG\",\"resourceSelectors\":[],\"metadata\":{}},\"id\":\"/providers/Microsoft.Management/managementGroups/AzGovPerfTest/providers/Microsoft.Authorization/policyExemptions/dcfaaf0f40374736afbffed9\",\"type\":\"Microsoft.Authorization/policyExemptions\",\"name\":\"dcfaaf0f40374736afbffed9\",\"systemData\":{\"createdBy\":\"qingyechen@microsoft.com\",\"createdByType\":\"User\",\"createdAt\":\"2023-06-27T17:08:45.1562625Z\",\"lastModifiedBy\":\"qingyechen@microsoft.com\",\"lastModifiedByType\":\"User\",\"lastModifiedAt\":\"2023-06-27T17:08:45.1562625Z\"}}]}",
      "isContentBase64": false
    }
  },
  "Backcompat-GetPolicyExemptionParameters+[NoContext]+parameter combinations starting with -Name+$GET+https://management.azure.com//subscriptions/edb2c18a-04d6-49e9-bc72-e23852f507ad/providers/Microsoft.Authorization/policyExemptions/someName?api-version=2022-07-01-preview+1": {
    "Request": {
      "Method": "GET",
      "RequestUri": "https://management.azure.com//subscriptions/edb2c18a-04d6-49e9-bc72-e23852f507ad/providers/Microsoft.Authorization/policyExemptions/someName?api-version=2022-07-01-preview",
      "Content": null,
      "isContentBase64": false,
      "Headers": {
        "x-ms-unique-id": [ "475" ],
        "x-ms-client-request-id": [ "4b950af2-24fa-4235-9283-415d160b3e4f" ],
        "CommandName": [ "\u0026" ],
        "FullCommandName": [ "Get-AzPolicyExemption_Get" ],
        "ParameterSetName": [ "__AllParameterSets" ],
        "User-Agent": [ "AzurePowershell/v11.0.0", "PSVersion/v7.4.1", "Az.Policy/0.1.1" ],
        "Authorization": [ "[Filtered]" ]
      },
      "ContentHeaders": {
      }
    },
    "Response": {
      "StatusCode": 404,
      "Headers": {
        "Cache-Control": [ "no-store, no-cache" ],
        "Pragma": [ "no-cache" ],
        "x-ms-ratelimit-remaining-subscription-reads": [ "11997" ],
        "x-ms-request-id": [ "cc1e3124-413d-44c5-82e8-094b713e5c45" ],
        "x-ms-correlation-request-id": [ "cc1e3124-413d-44c5-82e8-094b713e5c45" ],
        "x-ms-routing-request-id": [ "WESTUS:20240313T195003Z:cc1e3124-413d-44c5-82e8-094b713e5c45" ],
        "Strict-Transport-Security": [ "max-age=31536000; includeSubDomains" ],
        "X-Content-Type-Options": [ "nosniff" ],
        "X-Cache": [ "CONFIG_NOCACHE" ],
        "X-MSEdge-Ref": [ "Ref A: F9C32BF22C07401A8DB61E2324629711 Ref B: CO6AA3150220051 Ref C: 2024-03-13T19:50:03Z" ],
        "Date": [ "Wed, 13 Mar 2024 19:50:02 GMT" ]
      },
      "ContentHeaders": {
        "Content-Length": [ "108" ],
        "Content-Type": [ "application/json" ],
        "Expires": [ "-1" ]
      },
      "Content": "{\"error\":{\"code\":\"PolicyExemptionNotFound\",\"message\":\"The policy exemption \u0027someName\u0027 could not be found.\"}}",
      "isContentBase64": false
    }
  },
  "Backcompat-GetPolicyExemptionParameters+[NoContext]+parameter combinations starting with -Name+$GET+https://management.azure.com//subscriptions/edb2c18a-04d6-49e9-bc72-e23852f507ad/providers/Microsoft.Authorization/policyExemptions/someName?api-version=2022-07-01-preview+2": {
    "Request": {
      "Method": "GET",
      "RequestUri": "https://management.azure.com//subscriptions/edb2c18a-04d6-49e9-bc72-e23852f507ad/providers/Microsoft.Authorization/policyExemptions/someName?api-version=2022-07-01-preview",
      "Content": null,
      "isContentBase64": false,
      "Headers": {
        "x-ms-unique-id": [ "476" ],
        "x-ms-client-request-id": [ "4ebedf0b-1efc-4f39-b008-bfd33cedeefe" ],
        "CommandName": [ "\u0026" ],
        "FullCommandName": [ "Get-AzPolicyExemption_Get" ],
        "ParameterSetName": [ "__AllParameterSets" ],
        "User-Agent": [ "AzurePowershell/v11.0.0", "PSVersion/v7.4.1", "Az.Policy/0.1.1" ],
        "Authorization": [ "[Filtered]" ]
      },
      "ContentHeaders": {
      }
    },
    "Response": {
      "StatusCode": 404,
      "Headers": {
        "Cache-Control": [ "no-store, no-cache" ],
        "Pragma": [ "no-cache" ],
        "x-ms-ratelimit-remaining-subscription-reads": [ "11999" ],
        "x-ms-request-id": [ "28393806-c5ba-4fd8-8ca2-e62d2c6343d8" ],
        "x-ms-correlation-request-id": [ "28393806-c5ba-4fd8-8ca2-e62d2c6343d8" ],
        "x-ms-routing-request-id": [ "WESTUS2:20240313T195003Z:28393806-c5ba-4fd8-8ca2-e62d2c6343d8" ],
        "Strict-Transport-Security": [ "max-age=31536000; includeSubDomains" ],
        "X-Content-Type-Options": [ "nosniff" ],
        "X-Cache": [ "CONFIG_NOCACHE" ],
        "X-MSEdge-Ref": [ "Ref A: 3E72C64A5FC34155B275371E1254837E Ref B: CO6AA3150220051 Ref C: 2024-03-13T19:50:03Z" ],
        "Date": [ "Wed, 13 Mar 2024 19:50:02 GMT" ]
      },
      "ContentHeaders": {
        "Content-Length": [ "108" ],
        "Content-Type": [ "application/json" ],
        "Expires": [ "-1" ]
      },
      "Content": "{\"error\":{\"code\":\"PolicyExemptionNotFound\",\"message\":\"The policy exemption \u0027someName\u0027 could not be found.\"}}",
      "isContentBase64": false
    }
  },
  "Backcompat-GetPolicyExemptionParameters+[NoContext]+parameter combinations starting with -Name+$GET+https://management.azure.com//subscriptions/edb2c18a-04d6-49e9-bc72-e23852f507ad/providers/Microsoft.Authorization/policyExemptions/someName?api-version=2022-07-01-preview+3": {
    "Request": {
      "Method": "GET",
      "RequestUri": "https://management.azure.com//subscriptions/edb2c18a-04d6-49e9-bc72-e23852f507ad/providers/Microsoft.Authorization/policyExemptions/someName?api-version=2022-07-01-preview",
      "Content": null,
      "isContentBase64": false,
      "Headers": {
        "x-ms-unique-id": [ "477" ],
        "x-ms-client-request-id": [ "f9ddef48-e82e-4de3-b57c-3ab947821d00" ],
        "CommandName": [ "\u0026" ],
        "FullCommandName": [ "Get-AzPolicyExemption_Get" ],
        "ParameterSetName": [ "__AllParameterSets" ],
        "User-Agent": [ "AzurePowershell/v11.0.0", "PSVersion/v7.4.1", "Az.Policy/0.1.1" ],
        "Authorization": [ "[Filtered]" ]
      },
      "ContentHeaders": {
      }
    },
    "Response": {
      "StatusCode": 404,
      "Headers": {
        "Cache-Control": [ "no-store, no-cache" ],
        "Pragma": [ "no-cache" ],
        "x-ms-ratelimit-remaining-subscription-reads": [ "11998" ],
        "x-ms-request-id": [ "6f508e90-80cd-4150-b0b3-2689895848cc" ],
        "x-ms-correlation-request-id": [ "6f508e90-80cd-4150-b0b3-2689895848cc" ],
        "x-ms-routing-request-id": [ "WESTUS2:20240313T195003Z:6f508e90-80cd-4150-b0b3-2689895848cc" ],
        "Strict-Transport-Security": [ "max-age=31536000; includeSubDomains" ],
        "X-Content-Type-Options": [ "nosniff" ],
        "X-Cache": [ "CONFIG_NOCACHE" ],
        "X-MSEdge-Ref": [ "Ref A: 7034D730FF70481DB0395A8E217AF60C Ref B: CO6AA3150220051 Ref C: 2024-03-13T19:50:03Z" ],
        "Date": [ "Wed, 13 Mar 2024 19:50:02 GMT" ]
      },
      "ContentHeaders": {
        "Content-Length": [ "108" ],
        "Content-Type": [ "application/json" ],
        "Expires": [ "-1" ]
      },
      "Content": "{\"error\":{\"code\":\"PolicyExemptionNotFound\",\"message\":\"The policy exemption \u0027someName\u0027 could not be found.\"}}",
      "isContentBase64": false
    }
  },
  "Backcompat-GetPolicyExemptionParameters+[NoContext]+parameter combinations starting with -Name+$GET+https://management.azure.com/someScope/providers/Microsoft.Authorization/policyExemptions/someName?api-version=2022-07-01-preview+4": {
    "Request": {
      "Method": "GET",
      "RequestUri": "https://management.azure.com/someScope/providers/Microsoft.Authorization/policyExemptions/someName?api-version=2022-07-01-preview",
      "Content": null,
      "isContentBase64": false,
      "Headers": {
        "x-ms-unique-id": [ "478" ],
        "x-ms-client-request-id": [ "fb8ac7e6-d92e-4694-8c81-5714f75c2961" ],
        "CommandName": [ "\u0026" ],
        "FullCommandName": [ "Get-AzPolicyExemption_Get" ],
        "ParameterSetName": [ "__AllParameterSets" ],
        "User-Agent": [ "AzurePowershell/v11.0.0", "PSVersion/v7.4.1", "Az.Policy/0.1.1" ],
        "Authorization": [ "[Filtered]" ]
      },
      "ContentHeaders": {
      }
    },
    "Response": {
      "StatusCode": 404,
      "Headers": {
        "Cache-Control": [ "no-cache" ],
        "Pragma": [ "no-cache" ],
        "x-ms-failure-cause": [ "gateway" ],
        "x-ms-request-id": [ "cdea1e5f-dff9-459f-ad6e-07ae7475ba7c" ],
        "x-ms-correlation-request-id": [ "cdea1e5f-dff9-459f-ad6e-07ae7475ba7c" ],
        "x-ms-routing-request-id": [ "WESTUS:20240313T195004Z:cdea1e5f-dff9-459f-ad6e-07ae7475ba7c" ],
        "Strict-Transport-Security": [ "max-age=31536000; includeSubDomains" ],
        "X-Content-Type-Options": [ "nosniff" ],
        "X-Cache": [ "CONFIG_NOCACHE" ],
        "X-MSEdge-Ref": [ "Ref A: 3718E9E520C1494489EC230A0D98B388 Ref B: CO6AA3150220051 Ref C: 2024-03-13T19:50:04Z" ],
        "Date": [ "Wed, 13 Mar 2024 19:50:03 GMT" ]
      },
      "ContentHeaders": {
        "Content-Length": [ "135" ],
        "Content-Type": [ "application/json; charset=utf-8" ],
        "Expires": [ "-1" ]
      },
      "Content": "{\"error\":{\"code\":\"MissingSubscription\",\"message\":\"The request did not have a subscription or a valid tenant level resource provider.\"}}",
      "isContentBase64": false
    }
  },
  "Backcompat-GetPolicyExemptionParameters+[NoContext]+parameter combinations starting with -Scope+$GET+https://management.azure.com/subscriptions/edb2c18a-04d6-49e9-bc72-e23852f507ad/providers/Microsoft.Authorization/policyExemptions?$filter=atScope()\u0026api-version=2022-07-01-preview+1": {
    "Request": {
      "Method": "GET",
      "RequestUri": "https://management.azure.com/subscriptions/edb2c18a-04d6-49e9-bc72-e23852f507ad/providers/Microsoft.Authorization/policyExemptions?$filter=atScope()\u0026api-version=2022-07-01-preview",
      "Content": null,
      "isContentBase64": false,
      "Headers": {
        "x-ms-unique-id": [ "479" ],
        "x-ms-client-request-id": [ "a808902a-fb3e-44ae-ad74-a3570d8405ab" ],
        "CommandName": [ "\u0026" ],
        "FullCommandName": [ "Get-AzPolicyExemption_List" ],
        "ParameterSetName": [ "__AllParameterSets" ],
        "User-Agent": [ "AzurePowershell/v11.0.0", "PSVersion/v7.4.1", "Az.Policy/0.1.1" ],
        "Authorization": [ "[Filtered]" ]
      },
      "ContentHeaders": {
      }
    },
    "Response": {
      "StatusCode": 200,
      "Headers": {
        "Cache-Control": [ "no-cache" ],
        "Pragma": [ "no-cache" ],
        "Strict-Transport-Security": [ "max-age=31536000; includeSubDomains" ],
        "x-ms-ratelimit-remaining-subscription-reads": [ "11998" ],
        "x-ms-request-id": [ "6fe91e4e-57ed-4b37-a90b-b93728d9e0cd" ],
        "x-ms-correlation-request-id": [ "6fe91e4e-57ed-4b37-a90b-b93728d9e0cd" ],
        "x-ms-routing-request-id": [ "WESTUS2:20240313T195005Z:6fe91e4e-57ed-4b37-a90b-b93728d9e0cd" ],
        "X-Content-Type-Options": [ "nosniff" ],
        "X-Cache": [ "CONFIG_NOCACHE" ],
        "X-MSEdge-Ref": [ "Ref A: 7652389DAE8047118A1A6BFCB87B5B9F Ref B: CO6AA3150220051 Ref C: 2024-03-13T19:50:05Z" ],
        "Date": [ "Wed, 13 Mar 2024 19:50:04 GMT" ]
      },
      "ContentHeaders": {
        "Content-Length": [ "1718" ],
        "Content-Type": [ "application/json; charset=utf-8" ],
        "Expires": [ "-1" ]
      },
      "Content": "{\"value\":[{\"properties\":{\"policyAssignmentId\":\"/providers/Microsoft.Management/managementGroups/AzGovPerfTest/providers/Microsoft.Authorization/policyAssignments/e4d662572b4f40409eed77e8\",\"policyDefinitionReferenceIds\":[],\"exemptionCategory\":\"Mitigated\",\"displayName\":\"Azure Governance Performance Test - tony-test-modifyDenyMG\",\"description\":\"\",\"expiresOn\":\"2024-02-10T08:00:00Z\",\"resourceSelectors\":[],\"metadata\":{}},\"id\":\"/providers/Microsoft.Management/managementGroups/AzGovPerfTest/providers/Microsoft.Authorization/policyExemptions/411d2dfc3efb44bc89510bf3\",\"type\":\"Microsoft.Authorization/policyExemptions\",\"name\":\"411d2dfc3efb44bc89510bf3\",\"systemData\":{\"createdBy\":\"qingyechen@microsoft.com\",\"createdByType\":\"User\",\"createdAt\":\"2024-01-18T19:32:04.6336364Z\",\"lastModifiedBy\":\"qingyechen@microsoft.com\",\"lastModifiedByType\":\"User\",\"lastModifiedAt\":\"2024-02-01T05:41:56.656852Z\"}},{\"properties\":{\"policyAssignmentId\":\"/providers/Microsoft.Management/managementGroups/AzGovPerfTest/providers/Microsoft.Authorization/policyAssignments/c691bb62817b40fda56c1b77\",\"policyDefinitionReferenceIds\":[],\"exemptionCategory\":\"Waiver\",\"displayName\":\"Azure Governance Performance Test - qingye-test-exemptionOnMG\",\"resourceSelectors\":[],\"metadata\":{}},\"id\":\"/providers/Microsoft.Management/managementGroups/AzGovPerfTest/providers/Microsoft.Authorization/policyExemptions/dcfaaf0f40374736afbffed9\",\"type\":\"Microsoft.Authorization/policyExemptions\",\"name\":\"dcfaaf0f40374736afbffed9\",\"systemData\":{\"createdBy\":\"qingyechen@microsoft.com\",\"createdByType\":\"User\",\"createdAt\":\"2023-06-27T17:08:45.1562625Z\",\"lastModifiedBy\":\"qingyechen@microsoft.com\",\"lastModifiedByType\":\"User\",\"lastModifiedAt\":\"2023-06-27T17:08:45.1562625Z\"}}]}",
      "isContentBase64": false
    }
  },
  "Backcompat-GetPolicyExemptionParameters+[NoContext]+parameter combinations starting with -Scope+$GET+https://management.azure.com/subscriptions/edb2c18a-04d6-49e9-bc72-e23852f507ad/providers/Microsoft.Authorization/policyExemptions?$filter=policyAssignmentId eq \u0027someId\u0027\u0026api-version=2022-07-01-preview+2": {
    "Request": {
      "Method": "GET",
      "RequestUri": "https://management.azure.com/subscriptions/edb2c18a-04d6-49e9-bc72-e23852f507ad/providers/Microsoft.Authorization/policyExemptions?$filter=policyAssignmentId%20eq%20\u0027someId\u0027\u0026api-version=2022-07-01-preview",
      "Content": null,
      "isContentBase64": false,
      "Headers": {
        "x-ms-unique-id": [ "480" ],
        "x-ms-client-request-id": [ "0645e39d-dd8f-4119-9397-c6798be89a4b" ],
        "CommandName": [ "\u0026" ],
        "FullCommandName": [ "Get-AzPolicyExemption_List" ],
        "ParameterSetName": [ "__AllParameterSets" ],
        "User-Agent": [ "AzurePowershell/v11.0.0", "PSVersion/v7.4.1", "Az.Policy/0.1.1" ],
        "Authorization": [ "[Filtered]" ]
      },
      "ContentHeaders": {
      }
    },
    "Response": {
      "StatusCode": 200,
      "Headers": {
        "Cache-Control": [ "no-cache" ],
        "Pragma": [ "no-cache" ],
        "Strict-Transport-Security": [ "max-age=31536000; includeSubDomains" ],
        "x-ms-ratelimit-remaining-subscription-reads": [ "11999" ],
        "x-ms-request-id": [ "50368ed9-d36c-4a58-abe3-34e8c1094038" ],
        "x-ms-correlation-request-id": [ "50368ed9-d36c-4a58-abe3-34e8c1094038" ],
        "x-ms-routing-request-id": [ "WESTUS2:20240313T195005Z:50368ed9-d36c-4a58-abe3-34e8c1094038" ],
        "X-Content-Type-Options": [ "nosniff" ],
        "X-Cache": [ "CONFIG_NOCACHE" ],
        "X-MSEdge-Ref": [ "Ref A: 2C3B7245FCCC492B8EC84034CA270A86 Ref B: CO6AA3150220051 Ref C: 2024-03-13T19:50:05Z" ],
        "Date": [ "Wed, 13 Mar 2024 19:50:04 GMT" ]
      },
      "ContentHeaders": {
        "Content-Length": [ "12" ],
        "Content-Type": [ "application/json; charset=utf-8" ],
        "Expires": [ "-1" ]
      },
      "Content": "{\"value\":[]}",
      "isContentBase64": false
    }
  },
  "Backcompat-GetPolicyExemptionParameters+[NoContext]+parameter combinations starting with -Scope+$GET+https://management.azure.com/subscriptions/edb2c18a-04d6-49e9-bc72-e23852f507ad/providers/Microsoft.Authorization/policyExemptions?api-version=2022-07-01-preview+3": {
    "Request": {
      "Method": "GET",
      "RequestUri": "https://management.azure.com/subscriptions/edb2c18a-04d6-49e9-bc72-e23852f507ad/providers/Microsoft.Authorization/policyExemptions?api-version=2022-07-01-preview",
      "Content": null,
      "isContentBase64": false,
      "Headers": {
        "x-ms-unique-id": [ "481" ],
        "x-ms-client-request-id": [ "7fa69858-9c61-47bf-a06f-514cc545283d" ],
        "CommandName": [ "\u0026" ],
        "FullCommandName": [ "Get-AzPolicyExemption_List" ],
        "ParameterSetName": [ "__AllParameterSets" ],
        "User-Agent": [ "AzurePowershell/v11.0.0", "PSVersion/v7.4.1", "Az.Policy/0.1.1" ],
        "Authorization": [ "[Filtered]" ]
      },
      "ContentHeaders": {
      }
    },
    "Response": {
      "StatusCode": 200,
      "Headers": {
        "Cache-Control": [ "no-cache" ],
        "Pragma": [ "no-cache" ],
        "Strict-Transport-Security": [ "max-age=31536000; includeSubDomains" ],
        "x-ms-ratelimit-remaining-subscription-reads": [ "11999" ],
        "x-ms-request-id": [ "4f1fa063-5c3e-4176-8b2f-e4c008159bf0" ],
        "x-ms-correlation-request-id": [ "4f1fa063-5c3e-4176-8b2f-e4c008159bf0" ],
        "x-ms-routing-request-id": [ "WESTUS2:20240313T195005Z:4f1fa063-5c3e-4176-8b2f-e4c008159bf0" ],
        "X-Content-Type-Options": [ "nosniff" ],
        "X-Cache": [ "CONFIG_NOCACHE" ],
        "X-MSEdge-Ref": [ "Ref A: 540436D1A6A64EFB9D581C1152546FF9 Ref B: CO6AA3150220051 Ref C: 2024-03-13T19:50:05Z" ],
        "Date": [ "Wed, 13 Mar 2024 19:50:05 GMT" ]
      },
      "ContentHeaders": {
        "Content-Length": [ "1718" ],
        "Content-Type": [ "application/json; charset=utf-8" ],
        "Expires": [ "-1" ]
      },
      "Content": "{\"value\":[{\"properties\":{\"policyAssignmentId\":\"/providers/Microsoft.Management/managementGroups/AzGovPerfTest/providers/Microsoft.Authorization/policyAssignments/e4d662572b4f40409eed77e8\",\"policyDefinitionReferenceIds\":[],\"exemptionCategory\":\"Mitigated\",\"displayName\":\"Azure Governance Performance Test - tony-test-modifyDenyMG\",\"description\":\"\",\"expiresOn\":\"2024-02-10T08:00:00Z\",\"resourceSelectors\":[],\"metadata\":{}},\"id\":\"/providers/Microsoft.Management/managementGroups/AzGovPerfTest/providers/Microsoft.Authorization/policyExemptions/411d2dfc3efb44bc89510bf3\",\"type\":\"Microsoft.Authorization/policyExemptions\",\"name\":\"411d2dfc3efb44bc89510bf3\",\"systemData\":{\"createdBy\":\"qingyechen@microsoft.com\",\"createdByType\":\"User\",\"createdAt\":\"2024-01-18T19:32:04.6336364Z\",\"lastModifiedBy\":\"qingyechen@microsoft.com\",\"lastModifiedByType\":\"User\",\"lastModifiedAt\":\"2024-02-01T05:41:56.656852Z\"}},{\"properties\":{\"policyAssignmentId\":\"/providers/Microsoft.Management/managementGroups/AzGovPerfTest/providers/Microsoft.Authorization/policyAssignments/c691bb62817b40fda56c1b77\",\"policyDefinitionReferenceIds\":[],\"exemptionCategory\":\"Waiver\",\"displayName\":\"Azure Governance Performance Test - qingye-test-exemptionOnMG\",\"resourceSelectors\":[],\"metadata\":{}},\"id\":\"/providers/Microsoft.Management/managementGroups/AzGovPerfTest/providers/Microsoft.Authorization/policyExemptions/dcfaaf0f40374736afbffed9\",\"type\":\"Microsoft.Authorization/policyExemptions\",\"name\":\"dcfaaf0f40374736afbffed9\",\"systemData\":{\"createdBy\":\"qingyechen@microsoft.com\",\"createdByType\":\"User\",\"createdAt\":\"2023-06-27T17:08:45.1562625Z\",\"lastModifiedBy\":\"qingyechen@microsoft.com\",\"lastModifiedByType\":\"User\",\"lastModifiedAt\":\"2023-06-27T17:08:45.1562625Z\"}}]}",
      "isContentBase64": false
    }
  },
  "Backcompat-GetPolicyExemptionParameters+[NoContext]+parameter combinations starting with -Id+$GET+https://management.azure.com//subscriptions/edb2c18a-04d6-49e9-bc72-e23852f507ad/providers/Microsoft.Authorization/policyExemptions/someName?api-version=2022-07-01-preview+1": {
    "Request": {
      "Method": "GET",
      "RequestUri": "https://management.azure.com//subscriptions/edb2c18a-04d6-49e9-bc72-e23852f507ad/providers/Microsoft.Authorization/policyExemptions/someName?api-version=2022-07-01-preview",
      "Content": null,
      "isContentBase64": false,
      "Headers": {
        "x-ms-unique-id": [ "482" ],
        "x-ms-client-request-id": [ "681cc9d3-fc66-4c68-83bb-e526afcc2c77" ],
        "CommandName": [ "\u0026" ],
        "FullCommandName": [ "Get-AzPolicyExemption_Get" ],
        "ParameterSetName": [ "__AllParameterSets" ],
        "User-Agent": [ "AzurePowershell/v11.0.0", "PSVersion/v7.4.1", "Az.Policy/0.1.1" ],
        "Authorization": [ "[Filtered]" ]
      },
      "ContentHeaders": {
      }
    },
    "Response": {
      "StatusCode": 404,
      "Headers": {
        "Cache-Control": [ "no-store, no-cache" ],
        "Pragma": [ "no-cache" ],
        "x-ms-ratelimit-remaining-subscription-reads": [ "11999" ],
        "x-ms-request-id": [ "110f081c-07b9-4ede-a341-7e9c02156f32" ],
        "x-ms-correlation-request-id": [ "110f081c-07b9-4ede-a341-7e9c02156f32" ],
        "x-ms-routing-request-id": [ "WESTUS2:20240313T195006Z:110f081c-07b9-4ede-a341-7e9c02156f32" ],
        "Strict-Transport-Security": [ "max-age=31536000; includeSubDomains" ],
        "X-Content-Type-Options": [ "nosniff" ],
        "X-Cache": [ "CONFIG_NOCACHE" ],
        "X-MSEdge-Ref": [ "Ref A: 6052AB8550024F378357D2A0B2F04D9D Ref B: CO6AA3150220051 Ref C: 2024-03-13T19:50:06Z" ],
        "Date": [ "Wed, 13 Mar 2024 19:50:05 GMT" ]
      },
      "ContentHeaders": {
        "Content-Length": [ "108" ],
        "Content-Type": [ "application/json" ],
        "Expires": [ "-1" ]
      },
      "Content": "{\"error\":{\"code\":\"PolicyExemptionNotFound\",\"message\":\"The policy exemption \u0027someName\u0027 could not be found.\"}}",
      "isContentBase64": false
    }
  },
  "Backcompat-GetPolicyExemptionParameters+[NoContext]+parameter combinations starting with -PolicyAssignmentIdFilter+$GET+https://management.azure.com/subscriptions/edb2c18a-04d6-49e9-bc72-e23852f507ad/providers/Microsoft.Authorization/policyExemptions?$filter=policyAssignmentId eq \u0027someId\u0027\u0026api-version=2022-07-01-preview+1": {
    "Request": {
      "Method": "GET",
      "RequestUri": "https://management.azure.com/subscriptions/edb2c18a-04d6-49e9-bc72-e23852f507ad/providers/Microsoft.Authorization/policyExemptions?$filter=policyAssignmentId%20eq%20\u0027someId\u0027\u0026api-version=2022-07-01-preview",
      "Content": null,
      "isContentBase64": false,
      "Headers": {
        "x-ms-unique-id": [ "483" ],
        "x-ms-client-request-id": [ "3898fae8-b9c4-4945-a5f8-9481ea8d1fb2" ],
        "CommandName": [ "\u0026" ],
        "FullCommandName": [ "Get-AzPolicyExemption_List" ],
        "ParameterSetName": [ "__AllParameterSets" ],
        "User-Agent": [ "AzurePowershell/v11.0.0", "PSVersion/v7.4.1", "Az.Policy/0.1.1" ],
        "Authorization": [ "[Filtered]" ]
      },
      "ContentHeaders": {
      }
    },
    "Response": {
      "StatusCode": 200,
      "Headers": {
        "Cache-Control": [ "no-cache" ],
        "Pragma": [ "no-cache" ],
        "Strict-Transport-Security": [ "max-age=31536000; includeSubDomains" ],
        "x-ms-ratelimit-remaining-subscription-reads": [ "11994" ],
        "x-ms-request-id": [ "1e87a4f4-6bba-4be6-bd3c-bf48cf93e3b7" ],
        "x-ms-correlation-request-id": [ "1e87a4f4-6bba-4be6-bd3c-bf48cf93e3b7" ],
        "x-ms-routing-request-id": [ "WESTUS:20240313T195007Z:1e87a4f4-6bba-4be6-bd3c-bf48cf93e3b7" ],
        "X-Content-Type-Options": [ "nosniff" ],
        "X-Cache": [ "CONFIG_NOCACHE" ],
        "X-MSEdge-Ref": [ "Ref A: 6A8B202483184B53BD5AC16A24A3F82A Ref B: CO6AA3150220051 Ref C: 2024-03-13T19:50:07Z" ],
        "Date": [ "Wed, 13 Mar 2024 19:50:06 GMT" ]
      },
      "ContentHeaders": {
        "Content-Length": [ "12" ],
        "Content-Type": [ "application/json; charset=utf-8" ],
        "Expires": [ "-1" ]
      },
      "Content": "{\"value\":[]}",
      "isContentBase64": false
    }
  },
  "Backcompat-GetPolicyExemptionParameters+[NoContext]+parameter combinations starting with -IncludeDescendent+$GET+https://management.azure.com/subscriptions/edb2c18a-04d6-49e9-bc72-e23852f507ad/providers/Microsoft.Authorization/policyExemptions?api-version=2022-07-01-preview+1": {
    "Request": {
      "Method": "GET",
      "RequestUri": "https://management.azure.com/subscriptions/edb2c18a-04d6-49e9-bc72-e23852f507ad/providers/Microsoft.Authorization/policyExemptions?api-version=2022-07-01-preview",
      "Content": null,
      "isContentBase64": false,
      "Headers": {
        "x-ms-unique-id": [ "484" ],
        "x-ms-client-request-id": [ "35cc9764-7480-4855-9393-02ab9c2a1242" ],
        "CommandName": [ "\u0026" ],
        "FullCommandName": [ "Get-AzPolicyExemption_List" ],
        "ParameterSetName": [ "__AllParameterSets" ],
        "User-Agent": [ "AzurePowershell/v11.0.0", "PSVersion/v7.4.1", "Az.Policy/0.1.1" ],
        "Authorization": [ "[Filtered]" ]
      },
      "ContentHeaders": {
      }
    },
    "Response": {
      "StatusCode": 200,
      "Headers": {
        "Cache-Control": [ "no-cache" ],
        "Pragma": [ "no-cache" ],
        "Strict-Transport-Security": [ "max-age=31536000; includeSubDomains" ],
        "x-ms-ratelimit-remaining-subscription-reads": [ "11999" ],
        "x-ms-request-id": [ "523bfd17-f40c-4388-a3bb-541f9db2e01b" ],
        "x-ms-correlation-request-id": [ "523bfd17-f40c-4388-a3bb-541f9db2e01b" ],
        "x-ms-routing-request-id": [ "WESTUS2:20240313T195007Z:523bfd17-f40c-4388-a3bb-541f9db2e01b" ],
        "X-Content-Type-Options": [ "nosniff" ],
        "X-Cache": [ "CONFIG_NOCACHE" ],
        "X-MSEdge-Ref": [ "Ref A: 62272098E6524F428A49A10136CE7C5B Ref B: CO6AA3150220051 Ref C: 2024-03-13T19:50:07Z" ],
        "Date": [ "Wed, 13 Mar 2024 19:50:06 GMT" ]
      },
      "ContentHeaders": {
        "Content-Length": [ "1718" ],
        "Content-Type": [ "application/json; charset=utf-8" ],
        "Expires": [ "-1" ]
      },
      "Content": "{\"value\":[{\"properties\":{\"policyAssignmentId\":\"/providers/Microsoft.Management/managementGroups/AzGovPerfTest/providers/Microsoft.Authorization/policyAssignments/e4d662572b4f40409eed77e8\",\"policyDefinitionReferenceIds\":[],\"exemptionCategory\":\"Mitigated\",\"displayName\":\"Azure Governance Performance Test - tony-test-modifyDenyMG\",\"description\":\"\",\"expiresOn\":\"2024-02-10T08:00:00Z\",\"resourceSelectors\":[],\"metadata\":{}},\"id\":\"/providers/Microsoft.Management/managementGroups/AzGovPerfTest/providers/Microsoft.Authorization/policyExemptions/411d2dfc3efb44bc89510bf3\",\"type\":\"Microsoft.Authorization/policyExemptions\",\"name\":\"411d2dfc3efb44bc89510bf3\",\"systemData\":{\"createdBy\":\"qingyechen@microsoft.com\",\"createdByType\":\"User\",\"createdAt\":\"2024-01-18T19:32:04.6336364Z\",\"lastModifiedBy\":\"qingyechen@microsoft.com\",\"lastModifiedByType\":\"User\",\"lastModifiedAt\":\"2024-02-01T05:41:56.656852Z\"}},{\"properties\":{\"policyAssignmentId\":\"/providers/Microsoft.Management/managementGroups/AzGovPerfTest/providers/Microsoft.Authorization/policyAssignments/c691bb62817b40fda56c1b77\",\"policyDefinitionReferenceIds\":[],\"exemptionCategory\":\"Waiver\",\"displayName\":\"Azure Governance Performance Test - qingye-test-exemptionOnMG\",\"resourceSelectors\":[],\"metadata\":{}},\"id\":\"/providers/Microsoft.Management/managementGroups/AzGovPerfTest/providers/Microsoft.Authorization/policyExemptions/dcfaaf0f40374736afbffed9\",\"type\":\"Microsoft.Authorization/policyExemptions\",\"name\":\"dcfaaf0f40374736afbffed9\",\"systemData\":{\"createdBy\":\"qingyechen@microsoft.com\",\"createdByType\":\"User\",\"createdAt\":\"2023-06-27T17:08:45.1562625Z\",\"lastModifiedBy\":\"qingyechen@microsoft.com\",\"lastModifiedByType\":\"User\",\"lastModifiedAt\":\"2023-06-27T17:08:45.1562625Z\"}}]}",
      "isContentBase64": false
    }
  }
}