{
  "Backcompat-NewPolicySetDefinitionParameters+[NoContext]+parameter combinations starting with -Name+$PUT+https://management.azure.com/subscriptions/edb2c18a-04d6-49e9-bc72-e23852f507ad/providers/Microsoft.Authorization/policySetDefinitions/someName?api-version=2023-04-01+1": {
    "Request": {
      "Method": "PUT",
      "RequestUri": "https://management.azure.com/subscriptions/edb2c18a-04d6-49e9-bc72-e23852f507ad/providers/Microsoft.Authorization/policySetDefinitions/someName?api-version=2023-04-01",
      "Content": "{\r\n  \"properties\": {\r\n    \"policyDefinitions\": [ ]\r\n  }\r\n}",
      "isContentBase64": false,
      "Headers": {
      },
      "ContentHeaders": {
        "Content-Type": [ "application/json" ],
        "Content-Length": [ "58" ]
      }
    },
    "Response": {
      "StatusCode": 400,
      "Headers": {
        "Cache-Control": [ "no-store, no-cache" ],
        "Pragma": [ "no-cache" ],
        "x-ms-throttling-version": [ "v1" ],
        "x-ms-ratelimit-remaining-subscription-writes": [ "1198" ],
        "x-ms-request-id": [ "57d08a6b-711f-4b21-9bca-bf2c2289eb54" ],
        "x-ms-correlation-request-id": [ "57d08a6b-711f-4b21-9bca-bf2c2289eb54" ],
        "x-ms-routing-request-id": [ "WESTUS2:20240511T005006Z:57d08a6b-711f-4b21-9bca-bf2c2289eb54" ],
        "Strict-Transport-Security": [ "max-age=31536000; includeSubDomains" ],
        "X-Content-Type-Options": [ "nosniff" ],
        "X-Cache": [ "CONFIG_NOCACHE" ],
        "X-MSEdge-Ref": [ "Ref A: EA52E5C218654F4F91A921E526A51E99 Ref B: CO6AA3150220025 Ref C: 2024-05-11T00:50:06Z" ],
        "Date": [ "Sat, 11 May 2024 00:50:06 GMT" ]
      },
      "ContentHeaders": {
        "Content-Length": [ "187" ],
        "Content-Type": [ "application/json" ],
        "Expires": [ "-1" ]
      },
      "Content": "{\"error\":{\"code\":\"InvalidCreatePolicySetDefinitionRequest\",\"message\":\"The policy set definition \u0027someName\u0027 create request is invalid. At least one policy definition must be referenced.\"}}",
      "isContentBase64": false
    }
  },
  "Backcompat-NewPolicySetDefinitionParameters+[NoContext]+parameter combinations starting with -Name+$PUT+https://management.azure.com/providers/Microsoft.Management/managementGroups/someManagementGroup/providers/Microsoft.Authorization/policySetDefinitions/someName?api-version=2023-04-01+2": {
    "Request": {
      "Method": "PUT",
      "RequestUri": "https://management.azure.com/providers/Microsoft.Management/managementGroups/someManagementGroup/providers/Microsoft.Authorization/policySetDefinitions/someName?api-version=2023-04-01",
      "Content": "{\r\n  \"properties\": {\r\n    \"policyDefinitions\": [ ]\r\n  }\r\n}",
      "isContentBase64": false,
      "Headers": {
      },
      "ContentHeaders": {
        "Content-Type": [ "application/json" ],
        "Content-Length": [ "58" ]
      }
    },
    "Response": {
      "StatusCode": 403,
      "Headers": {
        "Cache-Control": [ "no-cache" ],
        "Pragma": [ "no-cache" ],
        "x-ms-failure-cause": [ "gateway" ],
        "x-ms-request-id": [ "2d7cc815-430b-45fe-b500-edb5a4bf8f1f" ],
        "x-ms-correlation-request-id": [ "2d7cc815-430b-45fe-b500-edb5a4bf8f1f" ],
        "x-ms-routing-request-id": [ "WESTUS2:20240511T005007Z:2d7cc815-430b-45fe-b500-edb5a4bf8f1f" ],
        "Strict-Transport-Security": [ "max-age=31536000; includeSubDomains" ],
        "X-Content-Type-Options": [ "nosniff" ],
        "X-Cache": [ "CONFIG_NOCACHE" ],
        "X-MSEdge-Ref": [ "Ref A: 51D42400D92A4711AECD8C950637565E Ref B: CO6AA3150220025 Ref C: 2024-05-11T00:50:07Z" ],
        "Date": [ "Sat, 11 May 2024 00:50:06 GMT" ]
      },
      "ContentHeaders": {
        "Content-Length": [ "481" ],
        "Content-Type": [ "application/json; charset=utf-8" ],
        "Expires": [ "-1" ]
      },
      "Content": "{\"error\":{\"code\":\"AuthorizationFailed\",\"message\":\"The client \u0027cstack@ntdev.microsoft.com\u0027 with object id \u00273d826307-2481-45a0-a271-bcf9333f914a\u0027 does not have authorization to perform action \u0027Microsoft.Authorization/policySetDefinitions/write\u0027 over scope \u0027/providers/Microsoft.Management/managementGroups/someManagementGroup/providers/Microsoft.Authorization/policySetDefinitions/someName\u0027 or the scope is invalid. If access was recently granted, please refresh your credentials.\"}}",
      "isContentBase64": false
    }
  },
  "Backcompat-NewPolicySetDefinitionParameters+[NoContext]+parameter combinations starting with -Name+$PUT+https://management.azure.com/subscriptions/edb2c18a-04d6-49e9-bc72-e23852f507ad/providers/Microsoft.Authorization/policySetDefinitions/someName?api-version=2023-04-01+3": {
    "Request": {
      "Method": "PUT",
      "RequestUri": "https://management.azure.com/subscriptions/edb2c18a-04d6-49e9-bc72-e23852f507ad/providers/Microsoft.Authorization/policySetDefinitions/someName?api-version=2023-04-01",
      "Content": "{\r\n  \"properties\": {\r\n    \"policyDefinitions\": [ ]\r\n  }\r\n}",
      "isContentBase64": false,
      "Headers": {
      },
      "ContentHeaders": {
        "Content-Type": [ "application/json" ],
        "Content-Length": [ "58" ]
      }
    },
    "Response": {
      "StatusCode": 400,
      "Headers": {
        "Cache-Control": [ "no-store, no-cache" ],
        "Pragma": [ "no-cache" ],
        "x-ms-throttling-version": [ "v1" ],
        "x-ms-ratelimit-remaining-subscription-writes": [ "1199" ],
        "x-ms-request-id": [ "a033892b-fdc4-4201-9770-2351603f23b7" ],
        "x-ms-correlation-request-id": [ "a033892b-fdc4-4201-9770-2351603f23b7" ],
        "x-ms-routing-request-id": [ "WESTUS2:20240511T005007Z:a033892b-fdc4-4201-9770-2351603f23b7" ],
        "Strict-Transport-Security": [ "max-age=31536000; includeSubDomains" ],
        "X-Content-Type-Options": [ "nosniff" ],
        "X-Cache": [ "CONFIG_NOCACHE" ],
        "X-MSEdge-Ref": [ "Ref A: 4E6D0004647342598FA52DB26A8E8734 Ref B: CO6AA3150220025 Ref C: 2024-05-11T00:50:07Z" ],
        "Date": [ "Sat, 11 May 2024 00:50:06 GMT" ]
      },
      "ContentHeaders": {
        "Content-Length": [ "187" ],
        "Content-Type": [ "application/json" ],
        "Expires": [ "-1" ]
      },
      "Content": "{\"error\":{\"code\":\"InvalidCreatePolicySetDefinitionRequest\",\"message\":\"The policy set definition \u0027someName\u0027 create request is invalid. At least one policy definition must be referenced.\"}}",
      "isContentBase64": false
    }
  }
}