{
  "Get-AzAdvisorRecommendation+[NoContext]+ListByName+$GET+https://management.azure.com/subscriptions/9e223dbe-3399-4e19-88eb-0975f02ac87f/providers/Microsoft.Advisor/recommendations?api-version=2020-01-01\u0026$filter=ResourceGroup eq %27automanagehcrprg%27 and Category eq %27Security%27+1": {
    "Request": {
      "Method": "GET",
      "RequestUri": "https://management.azure.com/subscriptions/9e223dbe-3399-4e19-88eb-0975f02ac87f/providers/Microsoft.Advisor/recommendations?api-version=2020-01-01\u0026$filter=ResourceGroup%20eq%20%27automanagehcrprg%27%20and%20Category%20eq%20%27Security%27",
      "Content": null,
      "isContentBase64": false,
      "Headers": {
        "x-ms-unique-id": [ "17" ],
        "x-ms-client-request-id": [ "995f8740-9678-4c2e-92bb-5f0ba704dc6c" ],
        "CommandName": [ "." ],
        "FullCommandName": [ "Get-AzAdvisorRecommendation_List" ],
        "ParameterSetName": [ "__AllParameterSets" ],
        "User-Agent": [ "AzurePowershell/v0.0.0", "PSVersion/v7.2.6", "Az.Advisor/0.1.0" ],
        "Authorization": [ "[Filtered]" ]
      },
      "ContentHeaders": {
      }
    },
    "Response": {
      "StatusCode": 200,
      "Headers": {
        "Cache-Control": [ "no-cache" ],
        "Pragma": [ "no-cache" ],
        "Strict-Transport-Security": [ "max-age=31536000; includeSubDomains" ],
        "X-Content-Type-Options": [ "nosniff" ],
        "Server": [ "Microsoft-HTTPAPI/2.0" ],
        "x-ms-ratelimit-remaining-subscription-resource-requests": [ "592" ],
        "x-ms-request-id": [ "1538190f-3bc7-4691-b5bd-65fc3cb6a922" ],
        "x-ms-correlation-request-id": [ "1538190f-3bc7-4691-b5bd-65fc3cb6a922" ],
        "x-ms-routing-request-id": [ "SOUTHEASTASIA:20220927T044007Z:1538190f-3bc7-4691-b5bd-65fc3cb6a922" ],
        "Date": [ "Tue, 27 Sep 2022 04:40:06 GMT" ]
      },
      "ContentHeaders": {
        "Content-Length": [ "2453" ],
        "Content-Type": [ "application/json; charset=utf-8" ],
        "Expires": [ "-1" ]
      },
      "Content": "{\"value\":[{\"properties\":{\"category\":\"Security\",\"impact\":\"High\",\"impactedField\":\"Microsoft.Compute/virtualMachines\",\"impactedValue\":\"arcbox-capi-mgmt\",\"lastUpdated\":\"2022-09-26T14:26:03.680092Z\",\"recommendationTypeId\":\"9b7d740f-c271-4bfd-88fb-515680c33440\",\"shortDescription\":{\"problem\":\"File integrity monitoring should be enabled on machines\",\"solution\":\"File integrity monitoring should be enabled on machines\"},\"extendedProperties\":{\"assessmentKey\":\"9b7d740f-c271-4bfd-88fb-515680c33440\",\"score\":\"0\"},\"resourceMetadata\":{\"resourceId\":\"/subscriptions/9e223dbe-3399-4e19-88eb-0975f02ac87f/resourcegroups/automanagehcrprg/providers/microsoft.compute/virtualmachines/arcbox-capi-mgmt\",\"source\":\"/subscriptions/9e223dbe-3399-4e19-88eb-0975f02ac87f/resourceGroups/AUTOMANAGEHCRPRG/providers/Microsoft.Compute/virtualMachines/ArcBox-CAPI-MGMT/providers/Microsoft.Security/assessments/9b7d740f-c271-4bfd-88fb-515680c33440\"}},\"id\":\"/subscriptions/9e223dbe-3399-4e19-88eb-0975f02ac87f/resourcegroups/automanagehcrprg/providers/microsoft.compute/virtualmachines/arcbox-capi-mgmt/providers/Microsoft.Advisor/recommendations/42963553-61de-5334-2d2e-47f3a0099d41\",\"type\":\"Microsoft.Advisor/recommendations\",\"name\":\"42963553-61de-5334-2d2e-47f3a0099d41\"},{\"properties\":{\"category\":\"Security\",\"impact\":\"High\",\"impactedField\":\"Microsoft.Compute/virtualMachines\",\"impactedValue\":\"arcbox-k3s\",\"lastUpdated\":\"2022-09-26T14:26:03.680092Z\",\"recommendationTypeId\":\"9b7d740f-c271-4bfd-88fb-515680c33440\",\"shortDescription\":{\"problem\":\"File integrity monitoring should be enabled on machines\",\"solution\":\"File integrity monitoring should be enabled on machines\"},\"extendedProperties\":{\"assessmentKey\":\"9b7d740f-c271-4bfd-88fb-515680c33440\",\"score\":\"0\"},\"resourceMetadata\":{\"resourceId\":\"/subscriptions/9e223dbe-3399-4e19-88eb-0975f02ac87f/resourcegroups/automanagehcrprg/providers/microsoft.compute/virtualmachines/arcbox-k3s\",\"source\":\"/subscriptions/9e223dbe-3399-4e19-88eb-0975f02ac87f/resourceGroups/AUTOMANAGEHCRPRG/providers/Microsoft.Compute/virtualMachines/ArcBox-K3s/providers/Microsoft.Security/assessments/9b7d740f-c271-4bfd-88fb-515680c33440\"}},\"id\":\"/subscriptions/9e223dbe-3399-4e19-88eb-0975f02ac87f/resourcegroups/automanagehcrprg/providers/microsoft.compute/virtualmachines/arcbox-k3s/providers/Microsoft.Advisor/recommendations/c50a2e0a-26e6-4c21-f796-3fd64569b4d9\",\"type\":\"Microsoft.Advisor/recommendations\",\"name\":\"c50a2e0a-26e6-4c21-f796-3fd64569b4d9\"}]}",
      "isContentBase64": false
    }
  },
  "Get-AzAdvisorRecommendation+[NoContext]+ListById+$GET+https://management.azure.com/subscriptions/9e223dbe-3399-4e19-88eb-0975f02ac87f/providers/Microsoft.Advisor/recommendations?api-version=2020-01-01\u0026$filter=ResourceId eq %27%2Fsubscriptions%2F9e223dbe-3399-4e19-88eb-0975f02ac87f%2Fresourcegroups%2Fautomanagehcrprg%2Fproviders%2Fmicrosoft.compute%2Fvirtualmachines%2Farcbox-k3s%27 and Category eq %27Security%27+1": {
    "Request": {
      "Method": "GET",
      "RequestUri": "https://management.azure.com/subscriptions/9e223dbe-3399-4e19-88eb-0975f02ac87f/providers/Microsoft.Advisor/recommendations?api-version=2020-01-01\u0026$filter=ResourceId%20eq%20%27%2Fsubscriptions%2F9e223dbe-3399-4e19-88eb-0975f02ac87f%2Fresourcegroups%2Fautomanagehcrprg%2Fproviders%2Fmicrosoft.compute%2Fvirtualmachines%2Farcbox-k3s%27%20and%20Category%20eq%20%27Security%27",
      "Content": null,
      "isContentBase64": false,
      "Headers": {
        "x-ms-unique-id": [ "18" ],
        "x-ms-client-request-id": [ "1dd1c6a7-baa6-4fde-b0d1-a6f23b5b83cc" ],
        "CommandName": [ "." ],
        "FullCommandName": [ "Get-AzAdvisorRecommendation_List" ],
        "ParameterSetName": [ "__AllParameterSets" ],
        "User-Agent": [ "AzurePowershell/v0.0.0", "PSVersion/v7.2.6", "Az.Advisor/0.1.0" ],
        "Authorization": [ "[Filtered]" ]
      },
      "ContentHeaders": {
      }
    },
    "Response": {
      "StatusCode": 200,
      "Headers": {
        "Cache-Control": [ "no-cache" ],
        "Pragma": [ "no-cache" ],
        "Strict-Transport-Security": [ "max-age=31536000; includeSubDomains" ],
        "X-Content-Type-Options": [ "nosniff" ],
        "Server": [ "Microsoft-HTTPAPI/2.0" ],
        "x-ms-ratelimit-remaining-subscription-resource-requests": [ "591" ],
        "x-ms-request-id": [ "1053898d-a688-473f-96b0-8d0cbb389788" ],
        "x-ms-correlation-request-id": [ "1053898d-a688-473f-96b0-8d0cbb389788" ],
        "x-ms-routing-request-id": [ "SOUTHEASTASIA:20220927T044007Z:1053898d-a688-473f-96b0-8d0cbb389788" ],
        "Date": [ "Tue, 27 Sep 2022 04:40:07 GMT" ]
      },
      "ContentHeaders": {
        "Content-Length": [ "1220" ],
        "Content-Type": [ "application/json; charset=utf-8" ],
        "Expires": [ "-1" ]
      },
      "Content": "{\"value\":[{\"properties\":{\"category\":\"Security\",\"impact\":\"High\",\"impactedField\":\"Microsoft.Compute/virtualMachines\",\"impactedValue\":\"arcbox-k3s\",\"lastUpdated\":\"2022-09-26T14:26:03.680092Z\",\"recommendationTypeId\":\"9b7d740f-c271-4bfd-88fb-515680c33440\",\"shortDescription\":{\"problem\":\"File integrity monitoring should be enabled on machines\",\"solution\":\"File integrity monitoring should be enabled on machines\"},\"extendedProperties\":{\"assessmentKey\":\"9b7d740f-c271-4bfd-88fb-515680c33440\",\"score\":\"0\"},\"resourceMetadata\":{\"resourceId\":\"/subscriptions/9e223dbe-3399-4e19-88eb-0975f02ac87f/resourcegroups/automanagehcrprg/providers/microsoft.compute/virtualmachines/arcbox-k3s\",\"source\":\"/subscriptions/9e223dbe-3399-4e19-88eb-0975f02ac87f/resourceGroups/AUTOMANAGEHCRPRG/providers/Microsoft.Compute/virtualMachines/ArcBox-K3s/providers/Microsoft.Security/assessments/9b7d740f-c271-4bfd-88fb-515680c33440\"}},\"id\":\"/subscriptions/9e223dbe-3399-4e19-88eb-0975f02ac87f/resourcegroups/automanagehcrprg/providers/microsoft.compute/virtualmachines/arcbox-k3s/providers/Microsoft.Advisor/recommendations/c50a2e0a-26e6-4c21-f796-3fd64569b4d9\",\"type\":\"Microsoft.Advisor/recommendations\",\"name\":\"c50a2e0a-26e6-4c21-f796-3fd64569b4d9\"}]}",
      "isContentBase64": false
    }
  },
  "Get-AzAdvisorRecommendation+[NoContext]+ListByFilter+$GET+https://management.azure.com/subscriptions/9e223dbe-3399-4e19-88eb-0975f02ac87f/providers/Microsoft.Advisor/recommendations?api-version=2020-01-01\u0026$filter=Category eq %27Security%27+1": {
    "Request": {
      "Method": "GET",
      "RequestUri": "https://management.azure.com/subscriptions/9e223dbe-3399-4e19-88eb-0975f02ac87f/providers/Microsoft.Advisor/recommendations?api-version=2020-01-01\u0026$filter=Category%20eq%20%27Security%27",
      "Content": null,
      "isContentBase64": false,
      "Headers": {
        "x-ms-unique-id": [ "19" ],
        "x-ms-client-request-id": [ "70bd7554-0840-49e7-bbfc-587a2d6d43f7" ],
        "CommandName": [ "." ],
        "FullCommandName": [ "Get-AzAdvisorRecommendation_List" ],
        "ParameterSetName": [ "__AllParameterSets" ],
        "User-Agent": [ "AzurePowershell/v0.0.0", "PSVersion/v7.2.6", "Az.Advisor/0.1.0" ],
        "Authorization": [ "[Filtered]" ]
      },
      "ContentHeaders": {
      }
    },
    "Response": {
      "StatusCode": 200,
      "Headers": {
        "Cache-Control": [ "no-cache" ],
        "Pragma": [ "no-cache" ],
        "Strict-Transport-Security": [ "max-age=31536000; includeSubDomains" ],
        "X-Content-Type-Options": [ "nosniff" ],
        "Server": [ "Microsoft-HTTPAPI/2.0" ],
        "x-ms-ratelimit-remaining-subscription-resource-requests": [ "590" ],
        "x-ms-request-id": [ "38bef7f4-0f57-4a88-a69c-74b1b22814d0" ],
        "x-ms-correlation-request-id": [ "38bef7f4-0f57-4a88-a69c-74b1b22814d0" ],
        "x-ms-routing-request-id": [ "SOUTHEASTASIA:20220927T044008Z:38bef7f4-0f57-4a88-a69c-74b1b22814d0" ],
        "Date": [ "Tue, 27 Sep 2022 04:40:07 GMT" ]
      },
      "ContentHeaders": {
        "Content-Length": [ "4834" ],
        "Content-Type": [ "application/json; charset=utf-8" ],
        "Expires": [ "-1" ]
      },
      "Content": "{\"value\":[{\"properties\":{\"category\":\"Security\",\"impact\":\"High\",\"impactedField\":\"Microsoft.Compute/virtualMachines\",\"impactedValue\":\"arcbox-capi-mgmt\",\"lastUpdated\":\"2022-09-26T14:26:03.680092Z\",\"recommendationTypeId\":\"9b7d740f-c271-4bfd-88fb-515680c33440\",\"shortDescription\":{\"problem\":\"File integrity monitoring should be enabled on machines\",\"solution\":\"File integrity monitoring should be enabled on machines\"},\"extendedProperties\":{\"assessmentKey\":\"9b7d740f-c271-4bfd-88fb-515680c33440\",\"score\":\"0\"},\"resourceMetadata\":{\"resourceId\":\"/subscriptions/9e223dbe-3399-4e19-88eb-0975f02ac87f/resourcegroups/automanagehcrprg/providers/microsoft.compute/virtualmachines/arcbox-capi-mgmt\",\"source\":\"/subscriptions/9e223dbe-3399-4e19-88eb-0975f02ac87f/resourceGroups/AUTOMANAGEHCRPRG/providers/Microsoft.Compute/virtualMachines/ArcBox-CAPI-MGMT/providers/Microsoft.Security/assessments/9b7d740f-c271-4bfd-88fb-515680c33440\"}},\"id\":\"/subscriptions/9e223dbe-3399-4e19-88eb-0975f02ac87f/resourcegroups/automanagehcrprg/providers/microsoft.compute/virtualmachines/arcbox-capi-mgmt/providers/Microsoft.Advisor/recommendations/42963553-61de-5334-2d2e-47f3a0099d41\",\"type\":\"Microsoft.Advisor/recommendations\",\"name\":\"42963553-61de-5334-2d2e-47f3a0099d41\"},{\"properties\":{\"category\":\"Security\",\"impact\":\"High\",\"impactedField\":\"Microsoft.Compute/virtualMachines\",\"impactedValue\":\"arcbox-k3s\",\"lastUpdated\":\"2022-09-26T14:26:03.680092Z\",\"recommendationTypeId\":\"9b7d740f-c271-4bfd-88fb-515680c33440\",\"shortDescription\":{\"problem\":\"File integrity monitoring should be enabled on machines\",\"solution\":\"File integrity monitoring should be enabled on machines\"},\"extendedProperties\":{\"assessmentKey\":\"9b7d740f-c271-4bfd-88fb-515680c33440\",\"score\":\"0\"},\"resourceMetadata\":{\"resourceId\":\"/subscriptions/9e223dbe-3399-4e19-88eb-0975f02ac87f/resourcegroups/automanagehcrprg/providers/microsoft.compute/virtualmachines/arcbox-k3s\",\"source\":\"/subscriptions/9e223dbe-3399-4e19-88eb-0975f02ac87f/resourceGroups/AUTOMANAGEHCRPRG/providers/Microsoft.Compute/virtualMachines/ArcBox-K3s/providers/Microsoft.Security/assessments/9b7d740f-c271-4bfd-88fb-515680c33440\"}},\"id\":\"/subscriptions/9e223dbe-3399-4e19-88eb-0975f02ac87f/resourcegroups/automanagehcrprg/providers/microsoft.compute/virtualmachines/arcbox-k3s/providers/Microsoft.Advisor/recommendations/c50a2e0a-26e6-4c21-f796-3fd64569b4d9\",\"type\":\"Microsoft.Advisor/recommendations\",\"name\":\"c50a2e0a-26e6-4c21-f796-3fd64569b4d9\"},{\"properties\":{\"category\":\"Security\",\"impact\":\"High\",\"impactedField\":\"Microsoft.Compute/virtualMachines\",\"impactedValue\":\"aglinuxvm\",\"lastUpdated\":\"2022-09-26T14:26:03.680092Z\",\"recommendationTypeId\":\"9b7d740f-c271-4bfd-88fb-515680c33440\",\"shortDescription\":{\"problem\":\"File integrity monitoring should be enabled on machines\",\"solution\":\"File integrity monitoring should be enabled on machines\"},\"extendedProperties\":{\"assessmentKey\":\"9b7d740f-c271-4bfd-88fb-515680c33440\",\"score\":\"0\"},\"resourceMetadata\":{\"resourceId\":\"/subscriptions/9e223dbe-3399-4e19-88eb-0975f02ac87f/resourcegroups/automangerg/providers/microsoft.compute/virtualmachines/aglinuxvm\",\"source\":\"/subscriptions/9e223dbe-3399-4e19-88eb-0975f02ac87f/resourceGroups/AUTOMANGERG/providers/Microsoft.Compute/virtualMachines/aglinuxvm/providers/Microsoft.Security/assessments/9b7d740f-c271-4bfd-88fb-515680c33440\"}},\"id\":\"/subscriptions/9e223dbe-3399-4e19-88eb-0975f02ac87f/resourcegroups/automangerg/providers/microsoft.compute/virtualmachines/aglinuxvm/providers/Microsoft.Advisor/recommendations/c183cc20-f62b-772d-fd52-a665825a192d\",\"type\":\"Microsoft.Advisor/recommendations\",\"name\":\"c183cc20-f62b-772d-fd52-a665825a192d\"},{\"properties\":{\"category\":\"Security\",\"impact\":\"High\",\"impactedField\":\"Microsoft.Compute/virtualMachines\",\"impactedValue\":\"advisortest2\",\"lastUpdated\":\"2022-09-26T17:47:45.0334999Z\",\"recommendationTypeId\":\"9b7d740f-c271-4bfd-88fb-515680c33440\",\"shortDescription\":{\"problem\":\"File integrity monitoring should be enabled on machines\",\"solution\":\"File integrity monitoring should be enabled on machines\"},\"extendedProperties\":{\"assessmentKey\":\"9b7d740f-c271-4bfd-88fb-515680c33440\",\"score\":\"0\"},\"resourceMetadata\":{\"resourceId\":\"/subscriptions/9e223dbe-3399-4e19-88eb-0975f02ac87f/resourcegroups/lnxtest/providers/microsoft.compute/virtualmachines/advisortest2\",\"source\":\"/subscriptions/9e223dbe-3399-4e19-88eb-0975f02ac87f/resourceGroups/LNXTEST/providers/Microsoft.Compute/virtualMachines/advisortest2/providers/Microsoft.Security/assessments/9b7d740f-c271-4bfd-88fb-515680c33440\"}},\"id\":\"/subscriptions/9e223dbe-3399-4e19-88eb-0975f02ac87f/resourcegroups/lnxtest/providers/microsoft.compute/virtualmachines/advisortest2/providers/Microsoft.Advisor/recommendations/c976c2f5-ae26-385f-7c73-6e14bf116b96\",\"type\":\"Microsoft.Advisor/recommendations\",\"name\":\"c976c2f5-ae26-385f-7c73-6e14bf116b96\"}]}",
      "isContentBase64": false
    }
  },
  "Get-AzAdvisorRecommendation+[NoContext]+GetById+$GET+https://management.azure.com/%2Fsubscriptions%2F9e223dbe-3399-4e19-88eb-0975f02ac87f/providers/Microsoft.Advisor/recommendations/c50a2e0a-26e6-4c21-f796-3fd64569b4d9?api-version=2020-01-01+1": {
    "Request": {
      "Method": "GET",
      "RequestUri": "https://management.azure.com/%2Fsubscriptions%2F9e223dbe-3399-4e19-88eb-0975f02ac87f/providers/Microsoft.Advisor/recommendations/c50a2e0a-26e6-4c21-f796-3fd64569b4d9?api-version=2020-01-01",
      "Content": null,
      "isContentBase64": false,
      "Headers": {
        "x-ms-unique-id": [ "20" ],
        "x-ms-client-request-id": [ "009dc800-2bdf-4b46-b57d-8763b536f45b" ],
        "CommandName": [ "." ],
        "FullCommandName": [ "Get-AzAdvisorRecommendation_Get" ],
        "ParameterSetName": [ "__AllParameterSets" ],
        "User-Agent": [ "AzurePowershell/v0.0.0", "PSVersion/v7.2.6", "Az.Advisor/0.1.0" ],
        "Authorization": [ "[Filtered]" ]
      },
      "ContentHeaders": {
      }
    },
    "Response": {
      "StatusCode": 200,
      "Headers": {
        "Cache-Control": [ "no-cache" ],
        "Pragma": [ "no-cache" ],
        "Strict-Transport-Security": [ "max-age=31536000; includeSubDomains" ],
        "X-Content-Type-Options": [ "nosniff" ],
        "Server": [ "Microsoft-HTTPAPI/2.0" ],
        "x-ms-ratelimit-remaining-subscription-resource-requests": [ "589" ],
        "x-ms-request-id": [ "ef5e4361-fe4d-4322-a6e6-7413ce985231" ],
        "x-ms-correlation-request-id": [ "ef5e4361-fe4d-4322-a6e6-7413ce985231" ],
        "x-ms-routing-request-id": [ "SOUTHEASTASIA:20220927T044008Z:ef5e4361-fe4d-4322-a6e6-7413ce985231" ],
        "Date": [ "Tue, 27 Sep 2022 04:40:08 GMT" ]
      },
      "ContentHeaders": {
        "Content-Length": [ "1208" ],
        "Content-Type": [ "application/json; charset=utf-8" ],
        "Expires": [ "-1" ]
      },
      "Content": "{\"properties\":{\"category\":\"Security\",\"impact\":\"High\",\"impactedField\":\"Microsoft.Compute/virtualMachines\",\"impactedValue\":\"arcbox-k3s\",\"lastUpdated\":\"2022-09-26T14:26:03.680092Z\",\"recommendationTypeId\":\"9b7d740f-c271-4bfd-88fb-515680c33440\",\"shortDescription\":{\"problem\":\"File integrity monitoring should be enabled on machines\",\"solution\":\"File integrity monitoring should be enabled on machines\"},\"extendedProperties\":{\"assessmentKey\":\"9b7d740f-c271-4bfd-88fb-515680c33440\",\"score\":\"0\"},\"resourceMetadata\":{\"resourceId\":\"/subscriptions/9e223dbe-3399-4e19-88eb-0975f02ac87f/resourcegroups/automanagehcrprg/providers/microsoft.compute/virtualmachines/arcbox-k3s\",\"source\":\"/subscriptions/9e223dbe-3399-4e19-88eb-0975f02ac87f/resourceGroups/AUTOMANAGEHCRPRG/providers/Microsoft.Compute/virtualMachines/ArcBox-K3s/providers/Microsoft.Security/assessments/9b7d740f-c271-4bfd-88fb-515680c33440\"}},\"id\":\"/subscriptions/9e223dbe-3399-4e19-88eb-0975f02ac87f/resourcegroups/automanagehcrprg/providers/microsoft.compute/virtualmachines/arcbox-k3s/providers/Microsoft.Advisor/recommendations/c50a2e0a-26e6-4c21-f796-3fd64569b4d9\",\"type\":\"Microsoft.Advisor/recommendations\",\"name\":\"c50a2e0a-26e6-4c21-f796-3fd64569b4d9\"}",
      "isContentBase64": false
    }
  }
}