{
  "Entries": [
    {
      "RequestUri": "/providers/Microsoft.Management/managementGroups/c7a87cda-9a66-4920-b0f8-869baa04efe0/settings/default?api-version=2021-04-01",
      "EncodedRequestUri": "L3Byb3ZpZGVycy9NaWNyb3NvZnQuTWFuYWdlbWVudC9tYW5hZ2VtZW50R3JvdXBzL2M3YTg3Y2RhLTlhNjYtNDkyMC1iMGY4LTg2OWJhYTA0ZWZlMC9zZXR0aW5ncy9kZWZhdWx0P2FwaS12ZXJzaW9uPTIwMjEtMDQtMDE=",
      "RequestMethod": "PUT",
      "RequestBody": "{\r\n  \"properties\": {\r\n    \"requireAuthorizationForGroupCreation\": false,\r\n    \"defaultManagementGroup\": \"/providers/Microsoft.Management/managementGroups/c7a87cda-9a66-4920-b0f8-869baa04efe0\"\r\n  }\r\n}",
      "RequestHeaders": {
        "x-ms-client-request-id": [
          "96155679-4790-4699-b1be-85297310ab7f"
        ],
        "Accept-Language": [
          "en-US"
        ],
        "User-Agent": [
          "FxVersion/5.0.1522.11506",
          "OSName/Windows",
          "OSVersion/Microsoft.Windows.10.0.19044",
          "Microsoft.Azure.Management.ManagementGroups.ManagementGroupsAPIClient/1.1.1.0"
        ],
        "Content-Type": [
          "application/json; charset=utf-8"
        ],
        "Content-Length": [
          "199"
        ]
      },
      "ResponseHeaders": {
        "Cache-Control": [
          "no-cache"
        ],
        "Pragma": [
          "no-cache"
        ],
        "x-ms-request-id": [
          "westcentralus:1876afc4-52b5-4635-9143-a056b765e4c1"
        ],
        "x-ba-restapi": [
          "0.0.0.0"
        ],
        "client-request-id": [
          "1876afc4-52b5-4635-9143-a056b765e4c1"
        ],
        "request-id": [
          "1876afc4-52b5-4635-9143-a056b765e4c1"
        ],
        "Server": [
          "Microsoft-HTTPAPI/2.0"
        ],
        "x-ms-ratelimit-remaining-tenant-writes": [
          "1199"
        ],
        "x-ms-correlation-request-id": [
          "1876afc4-52b5-4635-9143-a056b765e4c1"
        ],
        "x-ms-routing-request-id": [
          "WESTCENTRALUS:20220406T190446Z:1876afc4-52b5-4635-9143-a056b765e4c1"
        ],
        "Strict-Transport-Security": [
          "max-age=31536000; includeSubDomains"
        ],
        "X-Content-Type-Options": [
          "nosniff"
        ],
        "Date": [
          "Wed, 06 Apr 2022 19:04:46 GMT"
        ],
        "Content-Length": [
          "358"
        ],
        "Content-Type": [
          "application/json; charset=utf-8"
        ],
        "Expires": [
          "-1"
        ],
        "Retry-After": [
          "0"
        ]
      },
      "ResponseBody": "{\r\n  \"id\": \"/providers/Microsoft.Management/managementGroups/c7a87cda-9a66-4920-b0f8-869baa04efe0/settings/default\",\r\n  \"type\": \"Microsoft.Management/managementGroups/settings\",\r\n  \"name\": \"default\",\r\n  \"properties\": {\r\n    \"tenantId\": \"c7a87cda-9a66-4920-b0f8-869baa04efe0\",\r\n    \"requireAuthorizationForGroupCreation\": false,\r\n    \"defaultManagementGroup\": \"c7a87cda-9a66-4920-b0f8-869baa04efe0\"\r\n  }\r\n}",
      "StatusCode": 200
    },
    {
      "RequestUri": "/providers/Microsoft.Management/managementGroups/defaultMG?api-version=2021-04-01",
      "EncodedRequestUri": "L3Byb3ZpZGVycy9NaWNyb3NvZnQuTWFuYWdlbWVudC9tYW5hZ2VtZW50R3JvdXBzL2RlZmF1bHRNRz9hcGktdmVyc2lvbj0yMDIxLTA0LTAx",
      "RequestMethod": "PUT",
      "RequestBody": "{\r\n  \"name\": \"defaultMG\",\r\n  \"properties\": {\r\n    \"details\": {\r\n      \"parent\": {}\r\n    }\r\n  }\r\n}",
      "RequestHeaders": {
        "x-ms-client-request-id": [
          "ed61b870-4244-48cf-83ca-fd9378507dc0"
        ],
        "Cache-Control": [
          "no-cache"
        ],
        "Accept-Language": [
          "en-US"
        ],
        "User-Agent": [
          "FxVersion/5.0.1522.11506",
          "OSName/Windows",
          "OSVersion/Microsoft.Windows.10.0.19044",
          "Microsoft.Azure.Management.ManagementGroups.ManagementGroupsAPIClient/1.1.1.0"
        ],
        "Content-Type": [
          "application/json; charset=utf-8"
        ],
        "Content-Length": [
          "97"
        ]
      },
      "ResponseHeaders": {
        "Cache-Control": [
          "no-cache"
        ],
        "Pragma": [
          "no-cache"
        ],
        "x-ms-ratelimit-remaining-managementgroups-requests": [
          "59"
        ],
        "x-ms-request-id": [
          "westcentralus:00d9a9b4-5479-4ba0-bfa8-dac65275c2dd"
        ],
        "x-ba-restapi": [
          "0.0.0.0"
        ],
        "client-request-id": [
          "00d9a9b4-5479-4ba0-bfa8-dac65275c2dd"
        ],
        "request-id": [
          "00d9a9b4-5479-4ba0-bfa8-dac65275c2dd"
        ],
        "Server": [
          "Microsoft-HTTPAPI/2.0"
        ],
        "x-ms-ratelimit-remaining-tenant-writes": [
          "1198"
        ],
        "x-ms-correlation-request-id": [
          "00d9a9b4-5479-4ba0-bfa8-dac65275c2dd"
        ],
        "x-ms-routing-request-id": [
          "WESTCENTRALUS:20220406T190448Z:00d9a9b4-5479-4ba0-bfa8-dac65275c2dd"
        ],
        "Strict-Transport-Security": [
          "max-age=31536000; includeSubDomains"
        ],
        "X-Content-Type-Options": [
          "nosniff"
        ],
        "Date": [
          "Wed, 06 Apr 2022 19:04:47 GMT"
        ],
        "Content-Length": [
          "532"
        ],
        "Content-Type": [
          "application/json; charset=utf-8"
        ],
        "Expires": [
          "-1"
        ],
        "Retry-After": [
          "0"
        ]
      },
      "ResponseBody": "{\r\n  \"id\": \"/providers/Microsoft.Management/managementGroups/defaultMG\",\r\n  \"type\": \"Microsoft.Management/managementGroups\",\r\n  \"name\": \"defaultMG\",\r\n  \"properties\": {\r\n    \"tenantId\": \"c7a87cda-9a66-4920-b0f8-869baa04efe0\",\r\n    \"displayName\": \"defaultMG\",\r\n    \"details\": {\r\n      \"version\": 8,\r\n      \"updatedTime\": \"2022-03-31T23:54:11.2458002Z\",\r\n      \"updatedBy\": \"9e41f384-0aa9-41bc-a29d-6d956cd8eadb\",\r\n      \"parent\": {\r\n        \"id\": \"/providers/Microsoft.Management/managementGroups/c7a87cda-9a66-4920-b0f8-869baa04efe0\",\r\n        \"name\": \"c7a87cda-9a66-4920-b0f8-869baa04efe0\",\r\n        \"displayName\": \"Root Management Group\"\r\n      }\r\n    }\r\n  }\r\n}",
      "StatusCode": 200
    },
    {
      "RequestUri": "/providers/Microsoft.Management/managementGroups/c7a87cda-9a66-4920-b0f8-869baa04efe0/settings/default?api-version=2021-04-01",
      "EncodedRequestUri": "L3Byb3ZpZGVycy9NaWNyb3NvZnQuTWFuYWdlbWVudC9tYW5hZ2VtZW50R3JvdXBzL2M3YTg3Y2RhLTlhNjYtNDkyMC1iMGY4LTg2OWJhYTA0ZWZlMC9zZXR0aW5ncy9kZWZhdWx0P2FwaS12ZXJzaW9uPTIwMjEtMDQtMDE=",
      "RequestMethod": "PATCH",
      "RequestBody": "{\r\n  \"properties\": {\r\n    \"requireAuthorizationForGroupCreation\": false,\r\n    \"defaultManagementGroup\": \"/providers/Microsoft.Management/managementGroups/defaultMG\"\r\n  }\r\n}",
      "RequestHeaders": {
        "x-ms-client-request-id": [
          "a53dce91-bc9d-4643-acd5-554455db0c6f"
        ],
        "Accept-Language": [
          "en-US"
        ],
        "User-Agent": [
          "FxVersion/5.0.1522.11506",
          "OSName/Windows",
          "OSVersion/Microsoft.Windows.10.0.19044",
          "Microsoft.Azure.Management.ManagementGroups.ManagementGroupsAPIClient/1.1.1.0"
        ],
        "Content-Type": [
          "application/json; charset=utf-8"
        ],
        "Content-Length": [
          "172"
        ]
      },
      "ResponseHeaders": {
        "Cache-Control": [
          "no-cache"
        ],
        "Pragma": [
          "no-cache"
        ],
        "x-ms-request-id": [
          "westcentralus:fa832e52-3c81-48e4-9c0e-b7916f7e49f6"
        ],
        "x-ba-restapi": [
          "0.0.0.0"
        ],
        "client-request-id": [
          "fa832e52-3c81-48e4-9c0e-b7916f7e49f6"
        ],
        "request-id": [
          "fa832e52-3c81-48e4-9c0e-b7916f7e49f6"
        ],
        "Server": [
          "Microsoft-HTTPAPI/2.0"
        ],
        "x-ms-ratelimit-remaining-tenant-writes": [
          "1199"
        ],
        "x-ms-correlation-request-id": [
          "fa832e52-3c81-48e4-9c0e-b7916f7e49f6"
        ],
        "x-ms-routing-request-id": [
          "WESTCENTRALUS:20220406T190448Z:fa832e52-3c81-48e4-9c0e-b7916f7e49f6"
        ],
        "Strict-Transport-Security": [
          "max-age=31536000; includeSubDomains"
        ],
        "X-Content-Type-Options": [
          "nosniff"
        ],
        "Date": [
          "Wed, 06 Apr 2022 19:04:48 GMT"
        ],
        "Content-Length": [
          "331"
        ],
        "Content-Type": [
          "application/json; charset=utf-8"
        ],
        "Expires": [
          "-1"
        ],
        "Retry-After": [
          "0"
        ]
      },
      "ResponseBody": "{\r\n  \"id\": \"/providers/Microsoft.Management/managementGroups/c7a87cda-9a66-4920-b0f8-869baa04efe0/settings/default\",\r\n  \"type\": \"Microsoft.Management/managementGroups/settings\",\r\n  \"name\": \"default\",\r\n  \"properties\": {\r\n    \"tenantId\": \"c7a87cda-9a66-4920-b0f8-869baa04efe0\",\r\n    \"requireAuthorizationForGroupCreation\": false,\r\n    \"defaultManagementGroup\": \"defaultMG\"\r\n  }\r\n}",
      "StatusCode": 200
    },
    {
      "RequestUri": "/providers/Microsoft.Management/managementGroups/c7a87cda-9a66-4920-b0f8-869baa04efe0/settings/default?api-version=2021-04-01",
      "EncodedRequestUri": "L3Byb3ZpZGVycy9NaWNyb3NvZnQuTWFuYWdlbWVudC9tYW5hZ2VtZW50R3JvdXBzL2M3YTg3Y2RhLTlhNjYtNDkyMC1iMGY4LTg2OWJhYTA0ZWZlMC9zZXR0aW5ncy9kZWZhdWx0P2FwaS12ZXJzaW9uPTIwMjEtMDQtMDE=",
      "RequestMethod": "DELETE",
      "RequestBody": "",
      "RequestHeaders": {
        "x-ms-client-request-id": [
          "0260395f-ae3e-468d-8635-f5f5707913fa"
        ],
        "Accept-Language": [
          "en-US"
        ],
        "User-Agent": [
          "FxVersion/5.0.1522.11506",
          "OSName/Windows",
          "OSVersion/Microsoft.Windows.10.0.19044",
          "Microsoft.Azure.Management.ManagementGroups.ManagementGroupsAPIClient/1.1.1.0"
        ]
      },
      "ResponseHeaders": {
        "Cache-Control": [
          "no-cache"
        ],
        "Pragma": [
          "no-cache"
        ],
        "x-ms-request-id": [
          "westcentralus:65edd5af-f53a-48ac-8518-892a300765c1"
        ],
        "x-ba-restapi": [
          "0.0.0.0"
        ],
        "client-request-id": [
          "65edd5af-f53a-48ac-8518-892a300765c1"
        ],
        "request-id": [
          "65edd5af-f53a-48ac-8518-892a300765c1"
        ],
        "Server": [
          "Microsoft-HTTPAPI/2.0"
        ],
        "x-ms-ratelimit-remaining-tenant-deletes": [
          "14999"
        ],
        "x-ms-correlation-request-id": [
          "65edd5af-f53a-48ac-8518-892a300765c1"
        ],
        "x-ms-routing-request-id": [
          "WESTCENTRALUS:20220406T190449Z:65edd5af-f53a-48ac-8518-892a300765c1"
        ],
        "Strict-Transport-Security": [
          "max-age=31536000; includeSubDomains"
        ],
        "X-Content-Type-Options": [
          "nosniff"
        ],
        "Date": [
          "Wed, 06 Apr 2022 19:04:48 GMT"
        ],
        "Expires": [
          "-1"
        ],
        "Content-Length": [
          "0"
        ],
        "Retry-After": [
          "0"
        ]
      },
      "ResponseBody": "",
      "StatusCode": 200
    }
  ],
  "Names": {},
  "Variables": {
    "SubscriptionId": "5602fbd9-fb0d-4fbb-98b3-10c8ea20b6de"
  }
}