{
  "Entries": [
    {
      "RequestUri": "/providers/Microsoft.Management/managementGroups/TestPSGetGroup1?api-version=2021-04-01",
      "EncodedRequestUri": "L3Byb3ZpZGVycy9NaWNyb3NvZnQuTWFuYWdlbWVudC9tYW5hZ2VtZW50R3JvdXBzL1Rlc3RQU0dldEdyb3VwMT9hcGktdmVyc2lvbj0yMDIxLTA0LTAx",
      "RequestMethod": "PUT",
      "RequestHeaders": {
        "x-ms-client-request-id": [
          "3df7a6db-f9a7-4724-b93d-9b733b08109c"
        ],
        "Cache-Control": [
          "no-cache"
        ],
        "Accept-Language": [
          "en-US"
        ],
        "User-Agent": [
          "FxVersion/4.700.22.55902",
          "OSName/Windows",
          "OSVersion/Microsoft.Windows.10.0.19045",
          "Microsoft.Azure.Management.ManagementGroups.ManagementGroupsAPIClient/1.1.1.0"
        ],
        "Content-Type": [
          "application/json; charset=utf-8"
        ],
        "Content-Length": [
          "103"
        ]
      },
      "RequestBody": "{\r\n  \"name\": \"TestPSGetGroup1\",\r\n  \"properties\": {\r\n    \"details\": {\r\n      \"parent\": {}\r\n    }\r\n  }\r\n}",
      "ResponseHeaders": {
        "Cache-Control": [
          "no-cache"
        ],
        "Pragma": [
          "no-cache"
        ],
        "x-ms-ratelimit-remaining-managementgroups-requests": [
          "59"
        ],
        "x-ms-request-id": [
          "westus:85b42de7-5f3c-4048-a3be-253f76a26ccf"
        ],
        "x-ba-restapi": [
          "0.0.0.0"
        ],
        "client-request-id": [
          "85b42de7-5f3c-4048-a3be-253f76a26ccf"
        ],
        "request-id": [
          "85b42de7-5f3c-4048-a3be-253f76a26ccf"
        ],
        "Server": [
          "Microsoft-HTTPAPI/2.0"
        ],
        "x-ms-ratelimit-remaining-tenant-writes": [
          "1199"
        ],
        "x-ms-correlation-request-id": [
          "85b42de7-5f3c-4048-a3be-253f76a26ccf"
        ],
        "x-ms-routing-request-id": [
          "WESTUS:20230223T001724Z:85b42de7-5f3c-4048-a3be-253f76a26ccf"
        ],
        "Strict-Transport-Security": [
          "max-age=31536000; includeSubDomains"
        ],
        "X-Content-Type-Options": [
          "nosniff"
        ],
        "Date": [
          "Thu, 23 Feb 2023 00:17:23 GMT"
        ],
        "Content-Length": [
          "551"
        ],
        "Content-Type": [
          "application/json; charset=utf-8"
        ],
        "Expires": [
          "-1"
        ],
        "Retry-After": [
          "0"
        ]
      },
      "ResponseBody": "{\r\n  \"id\": \"/providers/Microsoft.Management/managementGroups/TestPSGetGroup1\",\r\n  \"type\": \"Microsoft.Management/managementGroups\",\r\n  \"name\": \"TestPSGetGroup1\",\r\n  \"properties\": {\r\n    \"tenantId\": \"c7a87cda-9a66-4920-b0f8-869baa04efe0\",\r\n    \"displayName\": \"TestPSGetGroup1\",\r\n    \"details\": {\r\n      \"version\": 27,\r\n      \"updatedTime\": \"2023-02-23T00:07:35.2634122Z\",\r\n      \"updatedBy\": \"b492d7b4-8b2e-49ce-88fc-1522f5f99e98\",\r\n      \"parent\": {\r\n        \"id\": \"/providers/Microsoft.Management/managementGroups/c7a87cda-9a66-4920-b0f8-869baa04efe0\",\r\n        \"name\": \"c7a87cda-9a66-4920-b0f8-869baa04efe0\",\r\n        \"displayName\": \"Root Management Group\"\r\n      }\r\n    }\r\n  }\r\n}",
      "StatusCode": 200
    },
    {
      "RequestUri": "/providers/Microsoft.Management/managementGroups/TestPSGetGroup1?api-version=2021-04-01",
      "EncodedRequestUri": "L3Byb3ZpZGVycy9NaWNyb3NvZnQuTWFuYWdlbWVudC9tYW5hZ2VtZW50R3JvdXBzL1Rlc3RQU0dldEdyb3VwMT9hcGktdmVyc2lvbj0yMDIxLTA0LTAx",
      "RequestMethod": "GET",
      "RequestHeaders": {
        "x-ms-client-request-id": [
          "3df7a6db-f9a7-4724-b93d-9b733b08109c"
        ],
        "Cache-Control": [
          "no-cache"
        ],
        "Accept-Language": [
          "en-US"
        ],
        "User-Agent": [
          "FxVersion/4.700.22.55902",
          "OSName/Windows",
          "OSVersion/Microsoft.Windows.10.0.19045",
          "Microsoft.Azure.Management.ManagementGroups.ManagementGroupsAPIClient/1.1.1.0"
        ]
      },
      "RequestBody": "",
      "ResponseHeaders": {
        "Cache-Control": [
          "no-cache"
        ],
        "Pragma": [
          "no-cache"
        ],
        "x-ms-ratelimit-remaining-managementgroups-requests": [
          "59"
        ],
        "x-ms-request-id": [
          "westus:d3c6886c-1b42-4374-8e35-48077be21e4b"
        ],
        "x-ba-restapi": [
          "0.0.0.0"
        ],
        "client-request-id": [
          "d3c6886c-1b42-4374-8e35-48077be21e4b"
        ],
        "request-id": [
          "d3c6886c-1b42-4374-8e35-48077be21e4b"
        ],
        "Server": [
          "Microsoft-HTTPAPI/2.0"
        ],
        "x-ms-ratelimit-remaining-tenant-reads": [
          "11999"
        ],
        "x-ms-correlation-request-id": [
          "d3c6886c-1b42-4374-8e35-48077be21e4b"
        ],
        "x-ms-routing-request-id": [
          "WESTUS:20230223T001724Z:d3c6886c-1b42-4374-8e35-48077be21e4b"
        ],
        "Strict-Transport-Security": [
          "max-age=31536000; includeSubDomains"
        ],
        "X-Content-Type-Options": [
          "nosniff"
        ],
        "Date": [
          "Thu, 23 Feb 2023 00:17:23 GMT"
        ],
        "Content-Length": [
          "551"
        ],
        "Content-Type": [
          "application/json; charset=utf-8"
        ],
        "Expires": [
          "-1"
        ],
        "Retry-After": [
          "0"
        ]
      },
      "ResponseBody": "{\r\n  \"id\": \"/providers/Microsoft.Management/managementGroups/TestPSGetGroup1\",\r\n  \"type\": \"Microsoft.Management/managementGroups\",\r\n  \"name\": \"TestPSGetGroup1\",\r\n  \"properties\": {\r\n    \"tenantId\": \"c7a87cda-9a66-4920-b0f8-869baa04efe0\",\r\n    \"displayName\": \"TestPSGetGroup1\",\r\n    \"details\": {\r\n      \"version\": 27,\r\n      \"updatedTime\": \"2023-02-23T00:07:35.2634122Z\",\r\n      \"updatedBy\": \"b492d7b4-8b2e-49ce-88fc-1522f5f99e98\",\r\n      \"parent\": {\r\n        \"id\": \"/providers/Microsoft.Management/managementGroups/c7a87cda-9a66-4920-b0f8-869baa04efe0\",\r\n        \"name\": \"c7a87cda-9a66-4920-b0f8-869baa04efe0\",\r\n        \"displayName\": \"Root Management Group\"\r\n      }\r\n    }\r\n  }\r\n}",
      "StatusCode": 200
    },
    {
      "RequestUri": "/providers/Microsoft.Management/managementGroups/TestPSGetGroup2?api-version=2021-04-01",
      "EncodedRequestUri": "L3Byb3ZpZGVycy9NaWNyb3NvZnQuTWFuYWdlbWVudC9tYW5hZ2VtZW50R3JvdXBzL1Rlc3RQU0dldEdyb3VwMj9hcGktdmVyc2lvbj0yMDIxLTA0LTAx",
      "RequestMethod": "PUT",
      "RequestHeaders": {
        "x-ms-client-request-id": [
          "a6bd9ded-66c3-42ad-81ff-c1dc187f9772"
        ],
        "Cache-Control": [
          "no-cache"
        ],
        "Accept-Language": [
          "en-US"
        ],
        "User-Agent": [
          "FxVersion/4.700.22.55902",
          "OSName/Windows",
          "OSVersion/Microsoft.Windows.10.0.19045",
          "Microsoft.Azure.Management.ManagementGroups.ManagementGroupsAPIClient/1.1.1.0"
        ],
        "Content-Type": [
          "application/json; charset=utf-8"
        ],
        "Content-Length": [
          "193"
        ]
      },
      "RequestBody": "{\r\n  \"name\": \"TestPSGetGroup2\",\r\n  \"properties\": {\r\n    \"details\": {\r\n      \"parent\": {\r\n        \"id\": \"/providers/Microsoft.Management/managementGroups/TestPSGetGroup1\"\r\n      }\r\n    }\r\n  }\r\n}",
      "ResponseHeaders": {
        "Cache-Control": [
          "no-cache"
        ],
        "Pragma": [
          "no-cache"
        ],
        "x-ms-ratelimit-remaining-managementgroups-requests": [
          "59"
        ],
        "x-ms-request-id": [
          "westus:1b4232cc-f869-4b9c-af8c-bebe46014692"
        ],
        "x-ba-restapi": [
          "0.0.0.0"
        ],
        "client-request-id": [
          "1b4232cc-f869-4b9c-af8c-bebe46014692"
        ],
        "request-id": [
          "1b4232cc-f869-4b9c-af8c-bebe46014692"
        ],
        "Server": [
          "Microsoft-HTTPAPI/2.0"
        ],
        "x-ms-ratelimit-remaining-tenant-writes": [
          "1199"
        ],
        "x-ms-correlation-request-id": [
          "1b4232cc-f869-4b9c-af8c-bebe46014692"
        ],
        "x-ms-routing-request-id": [
          "WESTUS:20230223T001726Z:1b4232cc-f869-4b9c-af8c-bebe46014692"
        ],
        "Strict-Transport-Security": [
          "max-age=31536000; includeSubDomains"
        ],
        "X-Content-Type-Options": [
          "nosniff"
        ],
        "Date": [
          "Thu, 23 Feb 2023 00:17:26 GMT"
        ],
        "Content-Length": [
          "503"
        ],
        "Content-Type": [
          "application/json; charset=utf-8"
        ],
        "Expires": [
          "-1"
        ],
        "Retry-After": [
          "0"
        ]
      },
      "ResponseBody": "{\r\n  \"id\": \"/providers/Microsoft.Management/managementGroups/TestPSGetGroup2\",\r\n  \"type\": \"Microsoft.Management/managementGroups\",\r\n  \"name\": \"TestPSGetGroup2\",\r\n  \"properties\": {\r\n    \"tenantId\": \"c7a87cda-9a66-4920-b0f8-869baa04efe0\",\r\n    \"displayName\": \"TestPSGetGroup2\",\r\n    \"details\": {\r\n      \"version\": 26,\r\n      \"updatedTime\": \"2023-02-23T00:07:57.3199182Z\",\r\n      \"updatedBy\": \"b492d7b4-8b2e-49ce-88fc-1522f5f99e98\",\r\n      \"parent\": {\r\n        \"id\": \"/providers/Microsoft.Management/managementGroups/TestPSGetGroup1\",\r\n        \"name\": \"TestPSGetGroup1\",\r\n        \"displayName\": \"TestPSGetGroup1\"\r\n      }\r\n    }\r\n  }\r\n}",
      "StatusCode": 200
    },
    {
      "RequestUri": "/providers/Microsoft.Management/managementGroups/TestPSGetGroup2?api-version=2021-04-01",
      "EncodedRequestUri": "L3Byb3ZpZGVycy9NaWNyb3NvZnQuTWFuYWdlbWVudC9tYW5hZ2VtZW50R3JvdXBzL1Rlc3RQU0dldEdyb3VwMj9hcGktdmVyc2lvbj0yMDIxLTA0LTAx",
      "RequestMethod": "GET",
      "RequestHeaders": {
        "x-ms-client-request-id": [
          "a6bd9ded-66c3-42ad-81ff-c1dc187f9772"
        ],
        "Cache-Control": [
          "no-cache"
        ],
        "Accept-Language": [
          "en-US"
        ],
        "User-Agent": [
          "FxVersion/4.700.22.55902",
          "OSName/Windows",
          "OSVersion/Microsoft.Windows.10.0.19045",
          "Microsoft.Azure.Management.ManagementGroups.ManagementGroupsAPIClient/1.1.1.0"
        ]
      },
      "RequestBody": "",
      "ResponseHeaders": {
        "Cache-Control": [
          "no-cache"
        ],
        "Pragma": [
          "no-cache"
        ],
        "x-ms-ratelimit-remaining-managementgroups-requests": [
          "59"
        ],
        "x-ms-request-id": [
          "westus:2cca1b42-cb94-4224-8dde-27b1b4d0c5b0"
        ],
        "x-ba-restapi": [
          "0.0.0.0"
        ],
        "client-request-id": [
          "2cca1b42-cb94-4224-8dde-27b1b4d0c5b0"
        ],
        "request-id": [
          "2cca1b42-cb94-4224-8dde-27b1b4d0c5b0"
        ],
        "Server": [
          "Microsoft-HTTPAPI/2.0"
        ],
        "x-ms-ratelimit-remaining-tenant-reads": [
          "11999"
        ],
        "x-ms-correlation-request-id": [
          "2cca1b42-cb94-4224-8dde-27b1b4d0c5b0"
        ],
        "x-ms-routing-request-id": [
          "WESTUS:20230223T001726Z:2cca1b42-cb94-4224-8dde-27b1b4d0c5b0"
        ],
        "Strict-Transport-Security": [
          "max-age=31536000; includeSubDomains"
        ],
        "X-Content-Type-Options": [
          "nosniff"
        ],
        "Date": [
          "Thu, 23 Feb 2023 00:17:26 GMT"
        ],
        "Content-Length": [
          "503"
        ],
        "Content-Type": [
          "application/json; charset=utf-8"
        ],
        "Expires": [
          "-1"
        ],
        "Retry-After": [
          "0"
        ]
      },
      "ResponseBody": "{\r\n  \"id\": \"/providers/Microsoft.Management/managementGroups/TestPSGetGroup2\",\r\n  \"type\": \"Microsoft.Management/managementGroups\",\r\n  \"name\": \"TestPSGetGroup2\",\r\n  \"properties\": {\r\n    \"tenantId\": \"c7a87cda-9a66-4920-b0f8-869baa04efe0\",\r\n    \"displayName\": \"TestPSGetGroup2\",\r\n    \"details\": {\r\n      \"version\": 26,\r\n      \"updatedTime\": \"2023-02-23T00:07:57.3199182Z\",\r\n      \"updatedBy\": \"b492d7b4-8b2e-49ce-88fc-1522f5f99e98\",\r\n      \"parent\": {\r\n        \"id\": \"/providers/Microsoft.Management/managementGroups/TestPSGetGroup1\",\r\n        \"name\": \"TestPSGetGroup1\",\r\n        \"displayName\": \"TestPSGetGroup1\"\r\n      }\r\n    }\r\n  }\r\n}",
      "StatusCode": 200
    },
    {
      "RequestUri": "/providers/Microsoft.Management/managementGroups/TestPSGetGroup3?api-version=2021-04-01",
      "EncodedRequestUri": "L3Byb3ZpZGVycy9NaWNyb3NvZnQuTWFuYWdlbWVudC9tYW5hZ2VtZW50R3JvdXBzL1Rlc3RQU0dldEdyb3VwMz9hcGktdmVyc2lvbj0yMDIxLTA0LTAx",
      "RequestMethod": "PUT",
      "RequestHeaders": {
        "x-ms-client-request-id": [
          "e7576add-b0d1-4aae-86f5-24d5c1adc0f1"
        ],
        "Cache-Control": [
          "no-cache"
        ],
        "Accept-Language": [
          "en-US"
        ],
        "User-Agent": [
          "FxVersion/4.700.22.55902",
          "OSName/Windows",
          "OSVersion/Microsoft.Windows.10.0.19045",
          "Microsoft.Azure.Management.ManagementGroups.ManagementGroupsAPIClient/1.1.1.0"
        ],
        "Content-Type": [
          "application/json; charset=utf-8"
        ],
        "Content-Length": [
          "193"
        ]
      },
      "RequestBody": "{\r\n  \"name\": \"TestPSGetGroup3\",\r\n  \"properties\": {\r\n    \"details\": {\r\n      \"parent\": {\r\n        \"id\": \"/providers/Microsoft.Management/managementGroups/TestPSGetGroup2\"\r\n      }\r\n    }\r\n  }\r\n}",
      "ResponseHeaders": {
        "Cache-Control": [
          "no-cache"
        ],
        "Pragma": [
          "no-cache"
        ],
        "x-ms-ratelimit-remaining-managementgroups-requests": [
          "59"
        ],
        "x-ms-request-id": [
          "westus:3092a05e-13e6-47b9-80b4-1639997d4f69"
        ],
        "x-ba-restapi": [
          "0.0.0.0"
        ],
        "client-request-id": [
          "3092a05e-13e6-47b9-80b4-1639997d4f69"
        ],
        "request-id": [
          "3092a05e-13e6-47b9-80b4-1639997d4f69"
        ],
        "Server": [
          "Microsoft-HTTPAPI/2.0"
        ],
        "x-ms-ratelimit-remaining-tenant-writes": [
          "1199"
        ],
        "x-ms-correlation-request-id": [
          "3092a05e-13e6-47b9-80b4-1639997d4f69"
        ],
        "x-ms-routing-request-id": [
          "WESTUS:20230223T001727Z:3092a05e-13e6-47b9-80b4-1639997d4f69"
        ],
        "Strict-Transport-Security": [
          "max-age=31536000; includeSubDomains"
        ],
        "X-Content-Type-Options": [
          "nosniff"
        ],
        "Date": [
          "Thu, 23 Feb 2023 00:17:27 GMT"
        ],
        "Content-Length": [
          "503"
        ],
        "Content-Type": [
          "application/json; charset=utf-8"
        ],
        "Expires": [
          "-1"
        ],
        "Retry-After": [
          "0"
        ]
      },
      "ResponseBody": "{\r\n  \"id\": \"/providers/Microsoft.Management/managementGroups/TestPSGetGroup3\",\r\n  \"type\": \"Microsoft.Management/managementGroups\",\r\n  \"name\": \"TestPSGetGroup3\",\r\n  \"properties\": {\r\n    \"tenantId\": \"c7a87cda-9a66-4920-b0f8-869baa04efe0\",\r\n    \"displayName\": \"TestPSGetGroup3\",\r\n    \"details\": {\r\n      \"version\": 22,\r\n      \"updatedTime\": \"2023-02-23T00:08:50.4074931Z\",\r\n      \"updatedBy\": \"b492d7b4-8b2e-49ce-88fc-1522f5f99e98\",\r\n      \"parent\": {\r\n        \"id\": \"/providers/Microsoft.Management/managementGroups/TestPSGetGroup2\",\r\n        \"name\": \"TestPSGetGroup2\",\r\n        \"displayName\": \"TestPSGetGroup2\"\r\n      }\r\n    }\r\n  }\r\n}",
      "StatusCode": 200
    },
    {
      "RequestUri": "/providers/Microsoft.Management/managementGroups/TestPSGetGroup3?api-version=2021-04-01",
      "EncodedRequestUri": "L3Byb3ZpZGVycy9NaWNyb3NvZnQuTWFuYWdlbWVudC9tYW5hZ2VtZW50R3JvdXBzL1Rlc3RQU0dldEdyb3VwMz9hcGktdmVyc2lvbj0yMDIxLTA0LTAx",
      "RequestMethod": "GET",
      "RequestHeaders": {
        "x-ms-client-request-id": [
          "e7576add-b0d1-4aae-86f5-24d5c1adc0f1"
        ],
        "Cache-Control": [
          "no-cache"
        ],
        "Accept-Language": [
          "en-US"
        ],
        "User-Agent": [
          "FxVersion/4.700.22.55902",
          "OSName/Windows",
          "OSVersion/Microsoft.Windows.10.0.19045",
          "Microsoft.Azure.Management.ManagementGroups.ManagementGroupsAPIClient/1.1.1.0"
        ]
      },
      "RequestBody": "",
      "ResponseHeaders": {
        "Cache-Control": [
          "no-cache"
        ],
        "Pragma": [
          "no-cache"
        ],
        "x-ms-ratelimit-remaining-managementgroups-requests": [
          "59"
        ],
        "x-ms-request-id": [
          "westus:fb74a167-32ab-4b8f-9893-8b127cffb1da"
        ],
        "x-ba-restapi": [
          "0.0.0.0"
        ],
        "client-request-id": [
          "fb74a167-32ab-4b8f-9893-8b127cffb1da"
        ],
        "request-id": [
          "fb74a167-32ab-4b8f-9893-8b127cffb1da"
        ],
        "Server": [
          "Microsoft-HTTPAPI/2.0"
        ],
        "x-ms-ratelimit-remaining-tenant-reads": [
          "11997"
        ],
        "x-ms-correlation-request-id": [
          "fb74a167-32ab-4b8f-9893-8b127cffb1da"
        ],
        "x-ms-routing-request-id": [
          "WESTUS:20230223T001727Z:fb74a167-32ab-4b8f-9893-8b127cffb1da"
        ],
        "Strict-Transport-Security": [
          "max-age=31536000; includeSubDomains"
        ],
        "X-Content-Type-Options": [
          "nosniff"
        ],
        "Date": [
          "Thu, 23 Feb 2023 00:17:27 GMT"
        ],
        "Content-Length": [
          "503"
        ],
        "Content-Type": [
          "application/json; charset=utf-8"
        ],
        "Expires": [
          "-1"
        ],
        "Retry-After": [
          "0"
        ]
      },
      "ResponseBody": "{\r\n  \"id\": \"/providers/Microsoft.Management/managementGroups/TestPSGetGroup3\",\r\n  \"type\": \"Microsoft.Management/managementGroups\",\r\n  \"name\": \"TestPSGetGroup3\",\r\n  \"properties\": {\r\n    \"tenantId\": \"c7a87cda-9a66-4920-b0f8-869baa04efe0\",\r\n    \"displayName\": \"TestPSGetGroup3\",\r\n    \"details\": {\r\n      \"version\": 22,\r\n      \"updatedTime\": \"2023-02-23T00:08:50.4074931Z\",\r\n      \"updatedBy\": \"b492d7b4-8b2e-49ce-88fc-1522f5f99e98\",\r\n      \"parent\": {\r\n        \"id\": \"/providers/Microsoft.Management/managementGroups/TestPSGetGroup2\",\r\n        \"name\": \"TestPSGetGroup2\",\r\n        \"displayName\": \"TestPSGetGroup2\"\r\n      }\r\n    }\r\n  }\r\n}",
      "StatusCode": 200
    },
    {
      "RequestUri": "/providers/Microsoft.Management/managementGroups/TestPSGetGroup4?api-version=2021-04-01",
      "EncodedRequestUri": "L3Byb3ZpZGVycy9NaWNyb3NvZnQuTWFuYWdlbWVudC9tYW5hZ2VtZW50R3JvdXBzL1Rlc3RQU0dldEdyb3VwND9hcGktdmVyc2lvbj0yMDIxLTA0LTAx",
      "RequestMethod": "PUT",
      "RequestHeaders": {
        "x-ms-client-request-id": [
          "1a2c6cc0-cf71-4a48-a4af-a18afa941b4b"
        ],
        "Cache-Control": [
          "no-cache"
        ],
        "Accept-Language": [
          "en-US"
        ],
        "User-Agent": [
          "FxVersion/4.700.22.55902",
          "OSName/Windows",
          "OSVersion/Microsoft.Windows.10.0.19045",
          "Microsoft.Azure.Management.ManagementGroups.ManagementGroupsAPIClient/1.1.1.0"
        ],
        "Content-Type": [
          "application/json; charset=utf-8"
        ],
        "Content-Length": [
          "193"
        ]
      },
      "RequestBody": "{\r\n  \"name\": \"TestPSGetGroup4\",\r\n  \"properties\": {\r\n    \"details\": {\r\n      \"parent\": {\r\n        \"id\": \"/providers/Microsoft.Management/managementGroups/TestPSGetGroup3\"\r\n      }\r\n    }\r\n  }\r\n}",
      "ResponseHeaders": {
        "Cache-Control": [
          "no-cache"
        ],
        "Pragma": [
          "no-cache"
        ],
        "x-ms-ratelimit-remaining-managementgroups-requests": [
          "59"
        ],
        "x-ms-request-id": [
          "centralus:3c91ea8c-ea4c-4cb4-926a-7113cbd1a23b"
        ],
        "x-ba-restapi": [
          "0.0.0.0"
        ],
        "client-request-id": [
          "3c91ea8c-ea4c-4cb4-926a-7113cbd1a23b"
        ],
        "request-id": [
          "3c91ea8c-ea4c-4cb4-926a-7113cbd1a23b"
        ],
        "Server": [
          "Microsoft-HTTPAPI/2.0"
        ],
        "x-ms-ratelimit-remaining-tenant-writes": [
          "1198"
        ],
        "x-ms-correlation-request-id": [
          "3c91ea8c-ea4c-4cb4-926a-7113cbd1a23b"
        ],
        "x-ms-routing-request-id": [
          "WESTCENTRALUS:20230223T001728Z:3c91ea8c-ea4c-4cb4-926a-7113cbd1a23b"
        ],
        "Strict-Transport-Security": [
          "max-age=31536000; includeSubDomains"
        ],
        "X-Content-Type-Options": [
          "nosniff"
        ],
        "Date": [
          "Thu, 23 Feb 2023 00:17:28 GMT"
        ],
        "Content-Length": [
          "503"
        ],
        "Content-Type": [
          "application/json; charset=utf-8"
        ],
        "Expires": [
          "-1"
        ],
        "Retry-After": [
          "0"
        ]
      },
      "ResponseBody": "{\r\n  \"id\": \"/providers/Microsoft.Management/managementGroups/TestPSGetGroup4\",\r\n  \"type\": \"Microsoft.Management/managementGroups\",\r\n  \"name\": \"TestPSGetGroup4\",\r\n  \"properties\": {\r\n    \"tenantId\": \"c7a87cda-9a66-4920-b0f8-869baa04efe0\",\r\n    \"displayName\": \"TestPSGetGroup4\",\r\n    \"details\": {\r\n      \"version\": 12,\r\n      \"updatedTime\": \"2023-02-23T00:09:12.9809322Z\",\r\n      \"updatedBy\": \"b492d7b4-8b2e-49ce-88fc-1522f5f99e98\",\r\n      \"parent\": {\r\n        \"id\": \"/providers/Microsoft.Management/managementGroups/TestPSGetGroup3\",\r\n        \"name\": \"TestPSGetGroup3\",\r\n        \"displayName\": \"TestPSGetGroup3\"\r\n      }\r\n    }\r\n  }\r\n}",
      "StatusCode": 200
    },
    {
      "RequestUri": "/providers/Microsoft.Management/managementGroups/TestPSGetGroup4?api-version=2021-04-01",
      "EncodedRequestUri": "L3Byb3ZpZGVycy9NaWNyb3NvZnQuTWFuYWdlbWVudC9tYW5hZ2VtZW50R3JvdXBzL1Rlc3RQU0dldEdyb3VwND9hcGktdmVyc2lvbj0yMDIxLTA0LTAx",
      "RequestMethod": "GET",
      "RequestHeaders": {
        "x-ms-client-request-id": [
          "1a2c6cc0-cf71-4a48-a4af-a18afa941b4b"
        ],
        "Cache-Control": [
          "no-cache"
        ],
        "Accept-Language": [
          "en-US"
        ],
        "User-Agent": [
          "FxVersion/4.700.22.55902",
          "OSName/Windows",
          "OSVersion/Microsoft.Windows.10.0.19045",
          "Microsoft.Azure.Management.ManagementGroups.ManagementGroupsAPIClient/1.1.1.0"
        ]
      },
      "RequestBody": "",
      "ResponseHeaders": {
        "Cache-Control": [
          "no-cache"
        ],
        "Pragma": [
          "no-cache"
        ],
        "x-ms-ratelimit-remaining-managementgroups-requests": [
          "59"
        ],
        "x-ms-request-id": [
          "centralus:0b720eea-2614-4007-8d1c-7e61bedd098d"
        ],
        "x-ba-restapi": [
          "0.0.0.0"
        ],
        "client-request-id": [
          "0b720eea-2614-4007-8d1c-7e61bedd098d"
        ],
        "request-id": [
          "0b720eea-2614-4007-8d1c-7e61bedd098d"
        ],
        "Server": [
          "Microsoft-HTTPAPI/2.0"
        ],
        "x-ms-ratelimit-remaining-tenant-reads": [
          "11999"
        ],
        "x-ms-correlation-request-id": [
          "0b720eea-2614-4007-8d1c-7e61bedd098d"
        ],
        "x-ms-routing-request-id": [
          "WESTCENTRALUS:20230223T001728Z:0b720eea-2614-4007-8d1c-7e61bedd098d"
        ],
        "Strict-Transport-Security": [
          "max-age=31536000; includeSubDomains"
        ],
        "X-Content-Type-Options": [
          "nosniff"
        ],
        "Date": [
          "Thu, 23 Feb 2023 00:17:28 GMT"
        ],
        "Content-Length": [
          "503"
        ],
        "Content-Type": [
          "application/json; charset=utf-8"
        ],
        "Expires": [
          "-1"
        ],
        "Retry-After": [
          "0"
        ]
      },
      "ResponseBody": "{\r\n  \"id\": \"/providers/Microsoft.Management/managementGroups/TestPSGetGroup4\",\r\n  \"type\": \"Microsoft.Management/managementGroups\",\r\n  \"name\": \"TestPSGetGroup4\",\r\n  \"properties\": {\r\n    \"tenantId\": \"c7a87cda-9a66-4920-b0f8-869baa04efe0\",\r\n    \"displayName\": \"TestPSGetGroup4\",\r\n    \"details\": {\r\n      \"version\": 12,\r\n      \"updatedTime\": \"2023-02-23T00:09:12.9809322Z\",\r\n      \"updatedBy\": \"b492d7b4-8b2e-49ce-88fc-1522f5f99e98\",\r\n      \"parent\": {\r\n        \"id\": \"/providers/Microsoft.Management/managementGroups/TestPSGetGroup3\",\r\n        \"name\": \"TestPSGetGroup3\",\r\n        \"displayName\": \"TestPSGetGroup3\"\r\n      }\r\n    }\r\n  }\r\n}",
      "StatusCode": 200
    },
    {
      "RequestUri": "/providers/Microsoft.Management/managementGroups/TestPSGetGroup2?api-version=2021-04-01&$expand=children&$recurse=true",
      "EncodedRequestUri": "L3Byb3ZpZGVycy9NaWNyb3NvZnQuTWFuYWdlbWVudC9tYW5hZ2VtZW50R3JvdXBzL1Rlc3RQU0dldEdyb3VwMj9hcGktdmVyc2lvbj0yMDIxLTA0LTAxJiRleHBhbmQ9Y2hpbGRyZW4mJHJlY3Vyc2U9dHJ1ZQ==",
      "RequestMethod": "GET",
      "RequestHeaders": {
        "x-ms-client-request-id": [
          "b18a28f2-a05c-436c-a41e-5ac74221e1fe"
        ],
        "Cache-Control": [
          "no-cache"
        ],
        "Accept-Language": [
          "en-US"
        ],
        "User-Agent": [
          "FxVersion/4.700.22.55902",
          "OSName/Windows",
          "OSVersion/Microsoft.Windows.10.0.19045",
          "Microsoft.Azure.Management.ManagementGroups.ManagementGroupsAPIClient/1.1.1.0"
        ]
      },
      "RequestBody": "",
      "ResponseHeaders": {
        "Cache-Control": [
          "no-cache"
        ],
        "Pragma": [
          "no-cache"
        ],
        "x-ms-ratelimit-remaining-managementgroups-requests": [
          "59"
        ],
        "x-ms-request-id": [
          "centralus:0c46269c-ff6f-4670-8d9e-2bcfdc256756"
        ],
        "x-ba-restapi": [
          "0.0.0.0"
        ],
        "client-request-id": [
          "0c46269c-ff6f-4670-8d9e-2bcfdc256756"
        ],
        "request-id": [
          "0c46269c-ff6f-4670-8d9e-2bcfdc256756"
        ],
        "Server": [
          "Microsoft-HTTPAPI/2.0"
        ],
        "x-ms-ratelimit-remaining-tenant-reads": [
          "11996"
        ],
        "x-ms-correlation-request-id": [
          "0c46269c-ff6f-4670-8d9e-2bcfdc256756"
        ],
        "x-ms-routing-request-id": [
          "WESTCENTRALUS:20230223T001729Z:0c46269c-ff6f-4670-8d9e-2bcfdc256756"
        ],
        "Strict-Transport-Security": [
          "max-age=31536000; includeSubDomains"
        ],
        "X-Content-Type-Options": [
          "nosniff"
        ],
        "Date": [
          "Thu, 23 Feb 2023 00:17:28 GMT"
        ],
        "Content-Length": [
          "884"
        ],
        "Content-Type": [
          "application/json; charset=utf-8"
        ],
        "Expires": [
          "-1"
        ],
        "Retry-After": [
          "0"
        ]
      },
      "ResponseBody": "{\r\n  \"id\": \"/providers/Microsoft.Management/managementGroups/TestPSGetGroup2\",\r\n  \"type\": \"Microsoft.Management/managementGroups\",\r\n  \"name\": \"TestPSGetGroup2\",\r\n  \"properties\": {\r\n    \"tenantId\": \"c7a87cda-9a66-4920-b0f8-869baa04efe0\",\r\n    \"displayName\": \"TestPSGetGroup2\",\r\n    \"details\": {\r\n      \"version\": 0,\r\n      \"updatedTime\": \"2023-02-23T00:07:57.3199182Z\",\r\n      \"updatedBy\": \"b492d7b4-8b2e-49ce-88fc-1522f5f99e98\",\r\n      \"parent\": {\r\n        \"id\": \"/providers/Microsoft.Management/managementGroups/TestPSGetGroup1\",\r\n        \"name\": \"TestPSGetGroup1\",\r\n        \"displayName\": \"TestPSGetGroup1\"\r\n      }\r\n    },\r\n    \"children\": [\r\n      {\r\n        \"id\": \"/providers/Microsoft.Management/managementGroups/TestPSGetGroup3\",\r\n        \"type\": \"Microsoft.Management/managementGroups\",\r\n        \"name\": \"TestPSGetGroup3\",\r\n        \"displayName\": \"TestPSGetGroup3\",\r\n        \"children\": [\r\n          {\r\n            \"id\": \"/providers/Microsoft.Management/managementGroups/TestPSGetGroup4\",\r\n            \"type\": \"Microsoft.Management/managementGroups\",\r\n            \"name\": \"TestPSGetGroup4\",\r\n            \"displayName\": \"TestPSGetGroup4\"\r\n          }\r\n        ]\r\n      }\r\n    ]\r\n  }\r\n}",
      "StatusCode": 200
    },
    {
      "RequestUri": "/providers/Microsoft.Management/managementGroups/TestPSGetGroup4?api-version=2021-04-01",
      "EncodedRequestUri": "L3Byb3ZpZGVycy9NaWNyb3NvZnQuTWFuYWdlbWVudC9tYW5hZ2VtZW50R3JvdXBzL1Rlc3RQU0dldEdyb3VwND9hcGktdmVyc2lvbj0yMDIxLTA0LTAx",
      "RequestMethod": "DELETE",
      "RequestHeaders": {
        "x-ms-client-request-id": [
          "aaa9ec31-5989-45bf-9b7e-615c6b1c1845"
        ],
        "Cache-Control": [
          "no-cache"
        ],
        "Accept-Language": [
          "en-US"
        ],
        "User-Agent": [
          "FxVersion/4.700.22.55902",
          "OSName/Windows",
          "OSVersion/Microsoft.Windows.10.0.19045",
          "Microsoft.Azure.Management.ManagementGroups.ManagementGroupsAPIClient/1.1.1.0"
        ]
      },
      "RequestBody": "",
      "ResponseHeaders": {
        "Cache-Control": [
          "no-cache"
        ],
        "Pragma": [
          "no-cache"
        ],
        "Location": [
          "https://management.azure.com/providers/Microsoft.Management/operationResults/delete/managementGroups/TestPSGetGroup4?api-version=2021-04-01"
        ],
        "Retry-After": [
          "0"
        ],
        "Azure-AsyncOperation": [
          "https://management.azure.com/providers/Microsoft.Management/operationResults/delete/asyncOperation/status/managementGroups/TestPSGetGroup4?api-version=2021-04-01"
        ],
        "x-ms-ratelimit-remaining-managementgroups-requests": [
          "59"
        ],
        "x-ms-request-id": [
          "centralus:2dcd3f01-1cf2-4fa3-a6b3-da89213f05e3"
        ],
        "x-ba-restapi": [
          "0.0.0.0"
        ],
        "client-request-id": [
          "2dcd3f01-1cf2-4fa3-a6b3-da89213f05e3"
        ],
        "request-id": [
          "2dcd3f01-1cf2-4fa3-a6b3-da89213f05e3"
        ],
        "Server": [
          "Microsoft-HTTPAPI/2.0"
        ],
        "x-ms-ratelimit-remaining-tenant-deletes": [
          "14999"
        ],
        "x-ms-correlation-request-id": [
          "2dcd3f01-1cf2-4fa3-a6b3-da89213f05e3"
        ],
        "x-ms-routing-request-id": [
          "WESTCENTRALUS:20230223T001730Z:2dcd3f01-1cf2-4fa3-a6b3-da89213f05e3"
        ],
        "Strict-Transport-Security": [
          "max-age=31536000; includeSubDomains"
        ],
        "X-Content-Type-Options": [
          "nosniff"
        ],
        "Date": [
          "Thu, 23 Feb 2023 00:17:29 GMT"
        ],
        "Content-Length": [
          "167"
        ],
        "Content-Type": [
          "application/json; charset=utf-8"
        ],
        "Expires": [
          "-1"
        ]
      },
      "ResponseBody": "{\r\n  \"id\": \"/providers/Microsoft.Management/managementGroups/TestPSGetGroup4\",\r\n  \"type\": \"Microsoft.Management/managementGroups\",\r\n  \"name\": \"TestPSGetGroup4\",\r\n  \"status\": \"NotStarted\"\r\n}",
      "StatusCode": 202
    },
    {
      "RequestUri": "/providers/Microsoft.Management/operationResults/delete/asyncOperation/status/managementGroups/TestPSGetGroup4?api-version=2021-04-01",
      "EncodedRequestUri": "L3Byb3ZpZGVycy9NaWNyb3NvZnQuTWFuYWdlbWVudC9vcGVyYXRpb25SZXN1bHRzL2RlbGV0ZS9hc3luY09wZXJhdGlvbi9zdGF0dXMvbWFuYWdlbWVudEdyb3Vwcy9UZXN0UFNHZXRHcm91cDQ/YXBpLXZlcnNpb249MjAyMS0wNC0wMQ==",
      "RequestMethod": "GET",
      "RequestHeaders": {
        "x-ms-client-request-id": [
          "aaa9ec31-5989-45bf-9b7e-615c6b1c1845"
        ],
        "User-Agent": [
          "FxVersion/4.700.22.55902",
          "OSName/Windows",
          "OSVersion/Microsoft.Windows.10.0.19045",
          "Microsoft.Azure.Management.ManagementGroups.ManagementGroupsAPIClient/1.1.1.0"
        ]
      },
      "RequestBody": "",
      "ResponseHeaders": {
        "Cache-Control": [
          "no-cache"
        ],
        "Pragma": [
          "no-cache"
        ],
        "x-ms-request-id": [
          "centralus:24063db4-d546-4272-8a8c-3511f611fe8e"
        ],
        "x-ba-restapi": [
          "0.0.0.0"
        ],
        "client-request-id": [
          "24063db4-d546-4272-8a8c-3511f611fe8e"
        ],
        "request-id": [
          "24063db4-d546-4272-8a8c-3511f611fe8e"
        ],
        "Server": [
          "Microsoft-HTTPAPI/2.0"
        ],
        "x-ms-ratelimit-remaining-tenant-reads": [
          "11994"
        ],
        "x-ms-correlation-request-id": [
          "24063db4-d546-4272-8a8c-3511f611fe8e"
        ],
        "x-ms-routing-request-id": [
          "WESTCENTRALUS:20230223T001740Z:24063db4-d546-4272-8a8c-3511f611fe8e"
        ],
        "Strict-Transport-Security": [
          "max-age=31536000; includeSubDomains"
        ],
        "X-Content-Type-Options": [
          "nosniff"
        ],
        "Date": [
          "Thu, 23 Feb 2023 00:17:39 GMT"
        ],
        "Content-Length": [
          "165"
        ],
        "Content-Type": [
          "application/json; charset=utf-8"
        ],
        "Expires": [
          "-1"
        ],
        "Retry-After": [
          "0"
        ]
      },
      "ResponseBody": "{\r\n  \"id\": \"/providers/Microsoft.Management/operationResults/delete/asyncOperation/status/managementGroups/TestPSGetGroup4\",\r\n  \"name\": \"TestPSGetGroup4\",\r\n  \"status\": \"Succeeded\"\r\n}",
      "StatusCode": 200
    },
    {
      "RequestUri": "/providers/Microsoft.Management/operationResults/delete/managementGroups/TestPSGetGroup4?api-version=2021-04-01",
      "EncodedRequestUri": "L3Byb3ZpZGVycy9NaWNyb3NvZnQuTWFuYWdlbWVudC9vcGVyYXRpb25SZXN1bHRzL2RlbGV0ZS9tYW5hZ2VtZW50R3JvdXBzL1Rlc3RQU0dldEdyb3VwND9hcGktdmVyc2lvbj0yMDIxLTA0LTAx",
      "RequestMethod": "GET",
      "RequestHeaders": {
        "x-ms-client-request-id": [
          "aaa9ec31-5989-45bf-9b7e-615c6b1c1845"
        ],
        "User-Agent": [
          "FxVersion/4.700.22.55902",
          "OSName/Windows",
          "OSVersion/Microsoft.Windows.10.0.19045",
          "Microsoft.Azure.Management.ManagementGroups.ManagementGroupsAPIClient/1.1.1.0"
        ]
      },
      "RequestBody": "",
      "ResponseHeaders": {
        "Cache-Control": [
          "no-cache"
        ],
        "Pragma": [
          "no-cache"
        ],
        "x-ms-request-id": [
          "centralus:38037ac3-4312-4dae-b914-add1303c7e95"
        ],
        "x-ba-restapi": [
          "0.0.0.0"
        ],
        "client-request-id": [
          "38037ac3-4312-4dae-b914-add1303c7e95"
        ],
        "request-id": [
          "38037ac3-4312-4dae-b914-add1303c7e95"
        ],
        "Server": [
          "Microsoft-HTTPAPI/2.0"
        ],
        "x-ms-ratelimit-remaining-tenant-reads": [
          "11993"
        ],
        "x-ms-correlation-request-id": [
          "38037ac3-4312-4dae-b914-add1303c7e95"
        ],
        "x-ms-routing-request-id": [
          "WESTCENTRALUS:20230223T001740Z:38037ac3-4312-4dae-b914-add1303c7e95"
        ],
        "Strict-Transport-Security": [
          "max-age=31536000; includeSubDomains"
        ],
        "X-Content-Type-Options": [
          "nosniff"
        ],
        "Date": [
          "Thu, 23 Feb 2023 00:17:39 GMT"
        ],
        "Content-Length": [
          "166"
        ],
        "Content-Type": [
          "application/json; charset=utf-8"
        ],
        "Expires": [
          "-1"
        ],
        "Retry-After": [
          "0"
        ]
      },
      "ResponseBody": "{\r\n  \"id\": \"/providers/Microsoft.Management/managementGroups/TestPSGetGroup4\",\r\n  \"type\": \"Microsoft.Management/managementGroups\",\r\n  \"name\": \"TestPSGetGroup4\",\r\n  \"status\": \"Succeeded\"\r\n}",
      "StatusCode": 200
    },
    {
      "RequestUri": "/providers/Microsoft.Management/managementGroups/TestPSGetGroup3?api-version=2021-04-01",
      "EncodedRequestUri": "L3Byb3ZpZGVycy9NaWNyb3NvZnQuTWFuYWdlbWVudC9tYW5hZ2VtZW50R3JvdXBzL1Rlc3RQU0dldEdyb3VwMz9hcGktdmVyc2lvbj0yMDIxLTA0LTAx",
      "RequestMethod": "DELETE",
      "RequestHeaders": {
        "x-ms-client-request-id": [
          "5b3003ac-5b5c-48fd-be2a-cf18f6f635ec"
        ],
        "Cache-Control": [
          "no-cache"
        ],
        "Accept-Language": [
          "en-US"
        ],
        "User-Agent": [
          "FxVersion/4.700.22.55902",
          "OSName/Windows",
          "OSVersion/Microsoft.Windows.10.0.19045",
          "Microsoft.Azure.Management.ManagementGroups.ManagementGroupsAPIClient/1.1.1.0"
        ]
      },
      "RequestBody": "",
      "ResponseHeaders": {
        "Cache-Control": [
          "no-cache"
        ],
        "Pragma": [
          "no-cache"
        ],
        "Location": [
          "https://management.azure.com/providers/Microsoft.Management/operationResults/delete/managementGroups/TestPSGetGroup3?api-version=2021-04-01"
        ],
        "Retry-After": [
          "0"
        ],
        "Azure-AsyncOperation": [
          "https://management.azure.com/providers/Microsoft.Management/operationResults/delete/asyncOperation/status/managementGroups/TestPSGetGroup3?api-version=2021-04-01"
        ],
        "x-ms-ratelimit-remaining-managementgroups-requests": [
          "59"
        ],
        "x-ms-request-id": [
          "westus:5974ed0b-46f9-48a6-930c-42ac8d584906"
        ],
        "x-ba-restapi": [
          "0.0.0.0"
        ],
        "client-request-id": [
          "5974ed0b-46f9-48a6-930c-42ac8d584906"
        ],
        "request-id": [
          "5974ed0b-46f9-48a6-930c-42ac8d584906"
        ],
        "Server": [
          "Microsoft-HTTPAPI/2.0"
        ],
        "x-ms-ratelimit-remaining-tenant-deletes": [
          "14999"
        ],
        "x-ms-correlation-request-id": [
          "5974ed0b-46f9-48a6-930c-42ac8d584906"
        ],
        "x-ms-routing-request-id": [
          "WESTUS:20230223T001742Z:5974ed0b-46f9-48a6-930c-42ac8d584906"
        ],
        "Strict-Transport-Security": [
          "max-age=31536000; includeSubDomains"
        ],
        "X-Content-Type-Options": [
          "nosniff"
        ],
        "Date": [
          "Thu, 23 Feb 2023 00:17:42 GMT"
        ],
        "Content-Length": [
          "167"
        ],
        "Content-Type": [
          "application/json; charset=utf-8"
        ],
        "Expires": [
          "-1"
        ]
      },
      "ResponseBody": "{\r\n  \"id\": \"/providers/Microsoft.Management/managementGroups/TestPSGetGroup3\",\r\n  \"type\": \"Microsoft.Management/managementGroups\",\r\n  \"name\": \"TestPSGetGroup3\",\r\n  \"status\": \"NotStarted\"\r\n}",
      "StatusCode": 202
    },
    {
      "RequestUri": "/providers/Microsoft.Management/operationResults/delete/asyncOperation/status/managementGroups/TestPSGetGroup3?api-version=2021-04-01",
      "EncodedRequestUri": "L3Byb3ZpZGVycy9NaWNyb3NvZnQuTWFuYWdlbWVudC9vcGVyYXRpb25SZXN1bHRzL2RlbGV0ZS9hc3luY09wZXJhdGlvbi9zdGF0dXMvbWFuYWdlbWVudEdyb3Vwcy9UZXN0UFNHZXRHcm91cDM/YXBpLXZlcnNpb249MjAyMS0wNC0wMQ==",
      "RequestMethod": "GET",
      "RequestHeaders": {
        "x-ms-client-request-id": [
          "5b3003ac-5b5c-48fd-be2a-cf18f6f635ec"
        ],
        "User-Agent": [
          "FxVersion/4.700.22.55902",
          "OSName/Windows",
          "OSVersion/Microsoft.Windows.10.0.19045",
          "Microsoft.Azure.Management.ManagementGroups.ManagementGroupsAPIClient/1.1.1.0"
        ]
      },
      "RequestBody": "",
      "ResponseHeaders": {
        "Cache-Control": [
          "no-cache"
        ],
        "Pragma": [
          "no-cache"
        ],
        "x-ms-request-id": [
          "westus:c02699f1-1a56-4505-85be-b57fad735676"
        ],
        "x-ba-restapi": [
          "0.0.0.0"
        ],
        "client-request-id": [
          "c02699f1-1a56-4505-85be-b57fad735676"
        ],
        "request-id": [
          "c02699f1-1a56-4505-85be-b57fad735676"
        ],
        "Server": [
          "Microsoft-HTTPAPI/2.0"
        ],
        "x-ms-ratelimit-remaining-tenant-reads": [
          "11998"
        ],
        "x-ms-correlation-request-id": [
          "c02699f1-1a56-4505-85be-b57fad735676"
        ],
        "x-ms-routing-request-id": [
          "WESTUS:20230223T001752Z:c02699f1-1a56-4505-85be-b57fad735676"
        ],
        "Strict-Transport-Security": [
          "max-age=31536000; includeSubDomains"
        ],
        "X-Content-Type-Options": [
          "nosniff"
        ],
        "Date": [
          "Thu, 23 Feb 2023 00:17:52 GMT"
        ],
        "Content-Length": [
          "165"
        ],
        "Content-Type": [
          "application/json; charset=utf-8"
        ],
        "Expires": [
          "-1"
        ],
        "Retry-After": [
          "0"
        ]
      },
      "ResponseBody": "{\r\n  \"id\": \"/providers/Microsoft.Management/operationResults/delete/asyncOperation/status/managementGroups/TestPSGetGroup3\",\r\n  \"name\": \"TestPSGetGroup3\",\r\n  \"status\": \"Succeeded\"\r\n}",
      "StatusCode": 200
    },
    {
      "RequestUri": "/providers/Microsoft.Management/operationResults/delete/managementGroups/TestPSGetGroup3?api-version=2021-04-01",
      "EncodedRequestUri": "L3Byb3ZpZGVycy9NaWNyb3NvZnQuTWFuYWdlbWVudC9vcGVyYXRpb25SZXN1bHRzL2RlbGV0ZS9tYW5hZ2VtZW50R3JvdXBzL1Rlc3RQU0dldEdyb3VwMz9hcGktdmVyc2lvbj0yMDIxLTA0LTAx",
      "RequestMethod": "GET",
      "RequestHeaders": {
        "x-ms-client-request-id": [
          "5b3003ac-5b5c-48fd-be2a-cf18f6f635ec"
        ],
        "User-Agent": [
          "FxVersion/4.700.22.55902",
          "OSName/Windows",
          "OSVersion/Microsoft.Windows.10.0.19045",
          "Microsoft.Azure.Management.ManagementGroups.ManagementGroupsAPIClient/1.1.1.0"
        ]
      },
      "RequestBody": "",
      "ResponseHeaders": {
        "Cache-Control": [
          "no-cache"
        ],
        "Pragma": [
          "no-cache"
        ],
        "x-ms-request-id": [
          "westus:b7a522c2-cf1b-4183-ab6b-28118dd96d41"
        ],
        "x-ba-restapi": [
          "0.0.0.0"
        ],
        "client-request-id": [
          "b7a522c2-cf1b-4183-ab6b-28118dd96d41"
        ],
        "request-id": [
          "b7a522c2-cf1b-4183-ab6b-28118dd96d41"
        ],
        "Server": [
          "Microsoft-HTTPAPI/2.0"
        ],
        "x-ms-ratelimit-remaining-tenant-reads": [
          "11997"
        ],
        "x-ms-correlation-request-id": [
          "b7a522c2-cf1b-4183-ab6b-28118dd96d41"
        ],
        "x-ms-routing-request-id": [
          "WESTUS:20230223T001752Z:b7a522c2-cf1b-4183-ab6b-28118dd96d41"
        ],
        "Strict-Transport-Security": [
          "max-age=31536000; includeSubDomains"
        ],
        "X-Content-Type-Options": [
          "nosniff"
        ],
        "Date": [
          "Thu, 23 Feb 2023 00:17:52 GMT"
        ],
        "Content-Length": [
          "166"
        ],
        "Content-Type": [
          "application/json; charset=utf-8"
        ],
        "Expires": [
          "-1"
        ],
        "Retry-After": [
          "0"
        ]
      },
      "ResponseBody": "{\r\n  \"id\": \"/providers/Microsoft.Management/managementGroups/TestPSGetGroup3\",\r\n  \"type\": \"Microsoft.Management/managementGroups\",\r\n  \"name\": \"TestPSGetGroup3\",\r\n  \"status\": \"Succeeded\"\r\n}",
      "StatusCode": 200
    },
    {
      "RequestUri": "/providers/Microsoft.Management/managementGroups/TestPSGetGroup2?api-version=2021-04-01",
      "EncodedRequestUri": "L3Byb3ZpZGVycy9NaWNyb3NvZnQuTWFuYWdlbWVudC9tYW5hZ2VtZW50R3JvdXBzL1Rlc3RQU0dldEdyb3VwMj9hcGktdmVyc2lvbj0yMDIxLTA0LTAx",
      "RequestMethod": "DELETE",
      "RequestHeaders": {
        "x-ms-client-request-id": [
          "a3ad433e-ec20-4338-8603-d6652bd218fb"
        ],
        "Cache-Control": [
          "no-cache"
        ],
        "Accept-Language": [
          "en-US"
        ],
        "User-Agent": [
          "FxVersion/4.700.22.55902",
          "OSName/Windows",
          "OSVersion/Microsoft.Windows.10.0.19045",
          "Microsoft.Azure.Management.ManagementGroups.ManagementGroupsAPIClient/1.1.1.0"
        ]
      },
      "RequestBody": "",
      "ResponseHeaders": {
        "Cache-Control": [
          "no-cache"
        ],
        "Pragma": [
          "no-cache"
        ],
        "Location": [
          "https://management.azure.com/providers/Microsoft.Management/operationResults/delete/managementGroups/TestPSGetGroup2?api-version=2021-04-01"
        ],
        "Retry-After": [
          "0"
        ],
        "Azure-AsyncOperation": [
          "https://management.azure.com/providers/Microsoft.Management/operationResults/delete/asyncOperation/status/managementGroups/TestPSGetGroup2?api-version=2021-04-01"
        ],
        "x-ms-ratelimit-remaining-managementgroups-requests": [
          "59"
        ],
        "x-ms-request-id": [
          "westus:88fac0be-5b1e-4e91-8d81-3d4342d3ab88"
        ],
        "x-ba-restapi": [
          "0.0.0.0"
        ],
        "client-request-id": [
          "88fac0be-5b1e-4e91-8d81-3d4342d3ab88"
        ],
        "request-id": [
          "88fac0be-5b1e-4e91-8d81-3d4342d3ab88"
        ],
        "Server": [
          "Microsoft-HTTPAPI/2.0"
        ],
        "x-ms-ratelimit-remaining-tenant-deletes": [
          "14999"
        ],
        "x-ms-correlation-request-id": [
          "88fac0be-5b1e-4e91-8d81-3d4342d3ab88"
        ],
        "x-ms-routing-request-id": [
          "WESTUS:20230223T001753Z:88fac0be-5b1e-4e91-8d81-3d4342d3ab88"
        ],
        "Strict-Transport-Security": [
          "max-age=31536000; includeSubDomains"
        ],
        "X-Content-Type-Options": [
          "nosniff"
        ],
        "Date": [
          "Thu, 23 Feb 2023 00:17:53 GMT"
        ],
        "Content-Length": [
          "167"
        ],
        "Content-Type": [
          "application/json; charset=utf-8"
        ],
        "Expires": [
          "-1"
        ]
      },
      "ResponseBody": "{\r\n  \"id\": \"/providers/Microsoft.Management/managementGroups/TestPSGetGroup2\",\r\n  \"type\": \"Microsoft.Management/managementGroups\",\r\n  \"name\": \"TestPSGetGroup2\",\r\n  \"status\": \"NotStarted\"\r\n}",
      "StatusCode": 202
    },
    {
      "RequestUri": "/providers/Microsoft.Management/operationResults/delete/asyncOperation/status/managementGroups/TestPSGetGroup2?api-version=2021-04-01",
      "EncodedRequestUri": "L3Byb3ZpZGVycy9NaWNyb3NvZnQuTWFuYWdlbWVudC9vcGVyYXRpb25SZXN1bHRzL2RlbGV0ZS9hc3luY09wZXJhdGlvbi9zdGF0dXMvbWFuYWdlbWVudEdyb3Vwcy9UZXN0UFNHZXRHcm91cDI/YXBpLXZlcnNpb249MjAyMS0wNC0wMQ==",
      "RequestMethod": "GET",
      "RequestHeaders": {
        "x-ms-client-request-id": [
          "a3ad433e-ec20-4338-8603-d6652bd218fb"
        ],
        "User-Agent": [
          "FxVersion/4.700.22.55902",
          "OSName/Windows",
          "OSVersion/Microsoft.Windows.10.0.19045",
          "Microsoft.Azure.Management.ManagementGroups.ManagementGroupsAPIClient/1.1.1.0"
        ]
      },
      "RequestBody": "",
      "ResponseHeaders": {
        "Cache-Control": [
          "no-cache"
        ],
        "Pragma": [
          "no-cache"
        ],
        "x-ms-request-id": [
          "westus:6b09be6b-b52e-4eba-8d40-b4479e308428"
        ],
        "x-ba-restapi": [
          "0.0.0.0"
        ],
        "client-request-id": [
          "6b09be6b-b52e-4eba-8d40-b4479e308428"
        ],
        "request-id": [
          "6b09be6b-b52e-4eba-8d40-b4479e308428"
        ],
        "Server": [
          "Microsoft-HTTPAPI/2.0"
        ],
        "x-ms-ratelimit-remaining-tenant-reads": [
          "11998"
        ],
        "x-ms-correlation-request-id": [
          "6b09be6b-b52e-4eba-8d40-b4479e308428"
        ],
        "x-ms-routing-request-id": [
          "WESTUS:20230223T001804Z:6b09be6b-b52e-4eba-8d40-b4479e308428"
        ],
        "Strict-Transport-Security": [
          "max-age=31536000; includeSubDomains"
        ],
        "X-Content-Type-Options": [
          "nosniff"
        ],
        "Date": [
          "Thu, 23 Feb 2023 00:18:03 GMT"
        ],
        "Content-Length": [
          "165"
        ],
        "Content-Type": [
          "application/json; charset=utf-8"
        ],
        "Expires": [
          "-1"
        ],
        "Retry-After": [
          "0"
        ]
      },
      "ResponseBody": "{\r\n  \"id\": \"/providers/Microsoft.Management/operationResults/delete/asyncOperation/status/managementGroups/TestPSGetGroup2\",\r\n  \"name\": \"TestPSGetGroup2\",\r\n  \"status\": \"Succeeded\"\r\n}",
      "StatusCode": 200
    },
    {
      "RequestUri": "/providers/Microsoft.Management/operationResults/delete/managementGroups/TestPSGetGroup2?api-version=2021-04-01",
      "EncodedRequestUri": "L3Byb3ZpZGVycy9NaWNyb3NvZnQuTWFuYWdlbWVudC9vcGVyYXRpb25SZXN1bHRzL2RlbGV0ZS9tYW5hZ2VtZW50R3JvdXBzL1Rlc3RQU0dldEdyb3VwMj9hcGktdmVyc2lvbj0yMDIxLTA0LTAx",
      "RequestMethod": "GET",
      "RequestHeaders": {
        "x-ms-client-request-id": [
          "a3ad433e-ec20-4338-8603-d6652bd218fb"
        ],
        "User-Agent": [
          "FxVersion/4.700.22.55902",
          "OSName/Windows",
          "OSVersion/Microsoft.Windows.10.0.19045",
          "Microsoft.Azure.Management.ManagementGroups.ManagementGroupsAPIClient/1.1.1.0"
        ]
      },
      "RequestBody": "",
      "ResponseHeaders": {
        "Cache-Control": [
          "no-cache"
        ],
        "Pragma": [
          "no-cache"
        ],
        "x-ms-request-id": [
          "westus:131ce34d-a3e1-46f7-a78a-a4456e96ea4d"
        ],
        "x-ba-restapi": [
          "0.0.0.0"
        ],
        "client-request-id": [
          "131ce34d-a3e1-46f7-a78a-a4456e96ea4d"
        ],
        "request-id": [
          "131ce34d-a3e1-46f7-a78a-a4456e96ea4d"
        ],
        "Server": [
          "Microsoft-HTTPAPI/2.0"
        ],
        "x-ms-ratelimit-remaining-tenant-reads": [
          "11997"
        ],
        "x-ms-correlation-request-id": [
          "131ce34d-a3e1-46f7-a78a-a4456e96ea4d"
        ],
        "x-ms-routing-request-id": [
          "WESTUS:20230223T001804Z:131ce34d-a3e1-46f7-a78a-a4456e96ea4d"
        ],
        "Strict-Transport-Security": [
          "max-age=31536000; includeSubDomains"
        ],
        "X-Content-Type-Options": [
          "nosniff"
        ],
        "Date": [
          "Thu, 23 Feb 2023 00:18:03 GMT"
        ],
        "Content-Length": [
          "166"
        ],
        "Content-Type": [
          "application/json; charset=utf-8"
        ],
        "Expires": [
          "-1"
        ],
        "Retry-After": [
          "0"
        ]
      },
      "ResponseBody": "{\r\n  \"id\": \"/providers/Microsoft.Management/managementGroups/TestPSGetGroup2\",\r\n  \"type\": \"Microsoft.Management/managementGroups\",\r\n  \"name\": \"TestPSGetGroup2\",\r\n  \"status\": \"Succeeded\"\r\n}",
      "StatusCode": 200
    },
    {
      "RequestUri": "/providers/Microsoft.Management/managementGroups/TestPSGetGroup1?api-version=2021-04-01",
      "EncodedRequestUri": "L3Byb3ZpZGVycy9NaWNyb3NvZnQuTWFuYWdlbWVudC9tYW5hZ2VtZW50R3JvdXBzL1Rlc3RQU0dldEdyb3VwMT9hcGktdmVyc2lvbj0yMDIxLTA0LTAx",
      "RequestMethod": "DELETE",
      "RequestHeaders": {
        "x-ms-client-request-id": [
          "b7f81bb3-fb91-4c35-a2ec-06975bafa9b4"
        ],
        "Cache-Control": [
          "no-cache"
        ],
        "Accept-Language": [
          "en-US"
        ],
        "User-Agent": [
          "FxVersion/4.700.22.55902",
          "OSName/Windows",
          "OSVersion/Microsoft.Windows.10.0.19045",
          "Microsoft.Azure.Management.ManagementGroups.ManagementGroupsAPIClient/1.1.1.0"
        ]
      },
      "RequestBody": "",
      "ResponseHeaders": {
        "Cache-Control": [
          "no-cache"
        ],
        "Pragma": [
          "no-cache"
        ],
        "Location": [
          "https://management.azure.com/providers/Microsoft.Management/operationResults/delete/managementGroups/TestPSGetGroup1?api-version=2021-04-01"
        ],
        "Retry-After": [
          "0"
        ],
        "Azure-AsyncOperation": [
          "https://management.azure.com/providers/Microsoft.Management/operationResults/delete/asyncOperation/status/managementGroups/TestPSGetGroup1?api-version=2021-04-01"
        ],
        "x-ms-ratelimit-remaining-managementgroups-requests": [
          "59"
        ],
        "x-ms-request-id": [
          "westus:117b6842-bb4b-45f7-8f5f-40b3a268e015"
        ],
        "x-ba-restapi": [
          "0.0.0.0"
        ],
        "client-request-id": [
          "117b6842-bb4b-45f7-8f5f-40b3a268e015"
        ],
        "request-id": [
          "117b6842-bb4b-45f7-8f5f-40b3a268e015"
        ],
        "Server": [
          "Microsoft-HTTPAPI/2.0"
        ],
        "x-ms-ratelimit-remaining-tenant-deletes": [
          "14999"
        ],
        "x-ms-correlation-request-id": [
          "117b6842-bb4b-45f7-8f5f-40b3a268e015"
        ],
        "x-ms-routing-request-id": [
          "WESTUS:20230223T001805Z:117b6842-bb4b-45f7-8f5f-40b3a268e015"
        ],
        "Strict-Transport-Security": [
          "max-age=31536000; includeSubDomains"
        ],
        "X-Content-Type-Options": [
          "nosniff"
        ],
        "Date": [
          "Thu, 23 Feb 2023 00:18:05 GMT"
        ],
        "Content-Length": [
          "167"
        ],
        "Content-Type": [
          "application/json; charset=utf-8"
        ],
        "Expires": [
          "-1"
        ]
      },
      "ResponseBody": "{\r\n  \"id\": \"/providers/Microsoft.Management/managementGroups/TestPSGetGroup1\",\r\n  \"type\": \"Microsoft.Management/managementGroups\",\r\n  \"name\": \"TestPSGetGroup1\",\r\n  \"status\": \"NotStarted\"\r\n}",
      "StatusCode": 202
    },
    {
      "RequestUri": "/providers/Microsoft.Management/operationResults/delete/asyncOperation/status/managementGroups/TestPSGetGroup1?api-version=2021-04-01",
      "EncodedRequestUri": "L3Byb3ZpZGVycy9NaWNyb3NvZnQuTWFuYWdlbWVudC9vcGVyYXRpb25SZXN1bHRzL2RlbGV0ZS9hc3luY09wZXJhdGlvbi9zdGF0dXMvbWFuYWdlbWVudEdyb3Vwcy9UZXN0UFNHZXRHcm91cDE/YXBpLXZlcnNpb249MjAyMS0wNC0wMQ==",
      "RequestMethod": "GET",
      "RequestHeaders": {
        "x-ms-client-request-id": [
          "b7f81bb3-fb91-4c35-a2ec-06975bafa9b4"
        ],
        "User-Agent": [
          "FxVersion/4.700.22.55902",
          "OSName/Windows",
          "OSVersion/Microsoft.Windows.10.0.19045",
          "Microsoft.Azure.Management.ManagementGroups.ManagementGroupsAPIClient/1.1.1.0"
        ]
      },
      "RequestBody": "",
      "ResponseHeaders": {
        "Cache-Control": [
          "no-cache"
        ],
        "Pragma": [
          "no-cache"
        ],
        "x-ms-request-id": [
          "westus:073c613e-7b95-4bcd-9127-5910240e2429"
        ],
        "x-ba-restapi": [
          "0.0.0.0"
        ],
        "client-request-id": [
          "073c613e-7b95-4bcd-9127-5910240e2429"
        ],
        "request-id": [
          "073c613e-7b95-4bcd-9127-5910240e2429"
        ],
        "Server": [
          "Microsoft-HTTPAPI/2.0"
        ],
        "x-ms-ratelimit-remaining-tenant-reads": [
          "11999"
        ],
        "x-ms-correlation-request-id": [
          "073c613e-7b95-4bcd-9127-5910240e2429"
        ],
        "x-ms-routing-request-id": [
          "WESTUS:20230223T001815Z:073c613e-7b95-4bcd-9127-5910240e2429"
        ],
        "Strict-Transport-Security": [
          "max-age=31536000; includeSubDomains"
        ],
        "X-Content-Type-Options": [
          "nosniff"
        ],
        "Date": [
          "Thu, 23 Feb 2023 00:18:15 GMT"
        ],
        "Content-Length": [
          "165"
        ],
        "Content-Type": [
          "application/json; charset=utf-8"
        ],
        "Expires": [
          "-1"
        ],
        "Retry-After": [
          "0"
        ]
      },
      "ResponseBody": "{\r\n  \"id\": \"/providers/Microsoft.Management/operationResults/delete/asyncOperation/status/managementGroups/TestPSGetGroup1\",\r\n  \"name\": \"TestPSGetGroup1\",\r\n  \"status\": \"Succeeded\"\r\n}",
      "StatusCode": 200
    },
    {
      "RequestUri": "/providers/Microsoft.Management/operationResults/delete/managementGroups/TestPSGetGroup1?api-version=2021-04-01",
      "EncodedRequestUri": "L3Byb3ZpZGVycy9NaWNyb3NvZnQuTWFuYWdlbWVudC9vcGVyYXRpb25SZXN1bHRzL2RlbGV0ZS9tYW5hZ2VtZW50R3JvdXBzL1Rlc3RQU0dldEdyb3VwMT9hcGktdmVyc2lvbj0yMDIxLTA0LTAx",
      "RequestMethod": "GET",
      "RequestHeaders": {
        "x-ms-client-request-id": [
          "b7f81bb3-fb91-4c35-a2ec-06975bafa9b4"
        ],
        "User-Agent": [
          "FxVersion/4.700.22.55902",
          "OSName/Windows",
          "OSVersion/Microsoft.Windows.10.0.19045",
          "Microsoft.Azure.Management.ManagementGroups.ManagementGroupsAPIClient/1.1.1.0"
        ]
      },
      "RequestBody": "",
      "ResponseHeaders": {
        "Cache-Control": [
          "no-cache"
        ],
        "Pragma": [
          "no-cache"
        ],
        "x-ms-request-id": [
          "westus:f25d535f-6b36-4e16-a1b1-c423bc0bd3fe"
        ],
        "x-ba-restapi": [
          "0.0.0.0"
        ],
        "client-request-id": [
          "f25d535f-6b36-4e16-a1b1-c423bc0bd3fe"
        ],
        "request-id": [
          "f25d535f-6b36-4e16-a1b1-c423bc0bd3fe"
        ],
        "Server": [
          "Microsoft-HTTPAPI/2.0"
        ],
        "x-ms-ratelimit-remaining-tenant-reads": [
          "11998"
        ],
        "x-ms-correlation-request-id": [
          "f25d535f-6b36-4e16-a1b1-c423bc0bd3fe"
        ],
        "x-ms-routing-request-id": [
          "WESTUS:20230223T001815Z:f25d535f-6b36-4e16-a1b1-c423bc0bd3fe"
        ],
        "Strict-Transport-Security": [
          "max-age=31536000; includeSubDomains"
        ],
        "X-Content-Type-Options": [
          "nosniff"
        ],
        "Date": [
          "Thu, 23 Feb 2023 00:18:15 GMT"
        ],
        "Content-Length": [
          "166"
        ],
        "Content-Type": [
          "application/json; charset=utf-8"
        ],
        "Expires": [
          "-1"
        ],
        "Retry-After": [
          "0"
        ]
      },
      "ResponseBody": "{\r\n  \"id\": \"/providers/Microsoft.Management/managementGroups/TestPSGetGroup1\",\r\n  \"type\": \"Microsoft.Management/managementGroups\",\r\n  \"name\": \"TestPSGetGroup1\",\r\n  \"status\": \"Succeeded\"\r\n}",
      "StatusCode": 200
    }
  ],
  "Names": {},
  "Variables": {
    "SubscriptionId": "5602fbd9-fb0d-4fbb-98b3-10c8ea20b6de"
  }
}