{
  "Entries": [
    {
      "RequestUri": "/providers/Microsoft.Management/managementGroups/defaultMG?api-version=2021-04-01",
      "EncodedRequestUri": "L3Byb3ZpZGVycy9NaWNyb3NvZnQuTWFuYWdlbWVudC9tYW5hZ2VtZW50R3JvdXBzL2RlZmF1bHRNRz9hcGktdmVyc2lvbj0yMDIxLTA0LTAx",
      "RequestMethod": "PUT",
      "RequestBody": "{\r\n  \"name\": \"defaultMG\",\r\n  \"properties\": {\r\n    \"details\": {\r\n      \"parent\": {}\r\n    }\r\n  }\r\n}",
      "RequestHeaders": {
        "x-ms-client-request-id": [
          "fd8538b8-5c73-43c9-be39-5bf26966e34d"
        ],
        "Cache-Control": [
          "no-cache"
        ],
        "Accept-Language": [
          "en-US"
        ],
        "User-Agent": [
          "FxVersion/5.0.1522.11506",
          "OSName/Windows",
          "OSVersion/Microsoft.Windows.10.0.19044",
          "Microsoft.Azure.Management.ManagementGroups.ManagementGroupsAPIClient/1.1.1.0"
        ],
        "Content-Type": [
          "application/json; charset=utf-8"
        ],
        "Content-Length": [
          "97"
        ]
      },
      "ResponseHeaders": {
        "Cache-Control": [
          "no-cache"
        ],
        "Pragma": [
          "no-cache"
        ],
        "x-ms-ratelimit-remaining-managementgroups-requests": [
          "59"
        ],
        "x-ms-request-id": [
          "westcentralus:381be2b3-bf02-448b-8479-40a6b68d4d42"
        ],
        "x-ba-restapi": [
          "0.0.0.0"
        ],
        "client-request-id": [
          "381be2b3-bf02-448b-8479-40a6b68d4d42"
        ],
        "request-id": [
          "381be2b3-bf02-448b-8479-40a6b68d4d42"
        ],
        "Server": [
          "Microsoft-HTTPAPI/2.0"
        ],
        "x-ms-ratelimit-remaining-tenant-writes": [
          "1199"
        ],
        "x-ms-correlation-request-id": [
          "381be2b3-bf02-448b-8479-40a6b68d4d42"
        ],
        "x-ms-routing-request-id": [
          "WESTCENTRALUS:20220401T171740Z:381be2b3-bf02-448b-8479-40a6b68d4d42"
        ],
        "Strict-Transport-Security": [
          "max-age=31536000; includeSubDomains"
        ],
        "X-Content-Type-Options": [
          "nosniff"
        ],
        "Date": [
          "Fri, 01 Apr 2022 17:17:39 GMT"
        ],
        "Content-Length": [
          "532"
        ],
        "Content-Type": [
          "application/json; charset=utf-8"
        ],
        "Expires": [
          "-1"
        ],
        "Retry-After": [
          "0"
        ]
      },
      "ResponseBody": "{\r\n  \"id\": \"/providers/Microsoft.Management/managementGroups/defaultMG\",\r\n  \"type\": \"Microsoft.Management/managementGroups\",\r\n  \"name\": \"defaultMG\",\r\n  \"properties\": {\r\n    \"tenantId\": \"c7a87cda-9a66-4920-b0f8-869baa04efe0\",\r\n    \"displayName\": \"defaultMG\",\r\n    \"details\": {\r\n      \"version\": 8,\r\n      \"updatedTime\": \"2022-03-31T23:54:11.2458002Z\",\r\n      \"updatedBy\": \"9e41f384-0aa9-41bc-a29d-6d956cd8eadb\",\r\n      \"parent\": {\r\n        \"id\": \"/providers/Microsoft.Management/managementGroups/c7a87cda-9a66-4920-b0f8-869baa04efe0\",\r\n        \"name\": \"c7a87cda-9a66-4920-b0f8-869baa04efe0\",\r\n        \"displayName\": \"Root Management Group\"\r\n      }\r\n    }\r\n  }\r\n}",
      "StatusCode": 200
    },
    {
      "RequestUri": "/providers/Microsoft.Management/managementGroups/c7a87cda-9a66-4920-b0f8-869baa04efe0/settings/default?api-version=2021-04-01",
      "EncodedRequestUri": "L3Byb3ZpZGVycy9NaWNyb3NvZnQuTWFuYWdlbWVudC9tYW5hZ2VtZW50R3JvdXBzL2M3YTg3Y2RhLTlhNjYtNDkyMC1iMGY4LTg2OWJhYTA0ZWZlMC9zZXR0aW5ncy9kZWZhdWx0P2FwaS12ZXJzaW9uPTIwMjEtMDQtMDE=",
      "RequestMethod": "PUT",
      "RequestBody": "{\r\n  \"properties\": {\r\n    \"requireAuthorizationForGroupCreation\": false,\r\n    \"defaultManagementGroup\": \"/providers/Microsoft.Management/managementGroups/defaultMG\"\r\n  }\r\n}",
      "RequestHeaders": {
        "x-ms-client-request-id": [
          "8389c919-0633-4875-8354-43a6d5a11ac8"
        ],
        "Accept-Language": [
          "en-US"
        ],
        "User-Agent": [
          "FxVersion/5.0.1522.11506",
          "OSName/Windows",
          "OSVersion/Microsoft.Windows.10.0.19044",
          "Microsoft.Azure.Management.ManagementGroups.ManagementGroupsAPIClient/1.1.1.0"
        ],
        "Content-Type": [
          "application/json; charset=utf-8"
        ],
        "Content-Length": [
          "172"
        ]
      },
      "ResponseHeaders": {
        "Cache-Control": [
          "no-cache"
        ],
        "Pragma": [
          "no-cache"
        ],
        "x-ms-request-id": [
          "westcentralus:c5f8b3c4-260f-4c55-8554-4a1e4429c030"
        ],
        "x-ba-restapi": [
          "0.0.0.0"
        ],
        "client-request-id": [
          "c5f8b3c4-260f-4c55-8554-4a1e4429c030"
        ],
        "request-id": [
          "c5f8b3c4-260f-4c55-8554-4a1e4429c030"
        ],
        "Server": [
          "Microsoft-HTTPAPI/2.0"
        ],
        "x-ms-ratelimit-remaining-tenant-writes": [
          "1197"
        ],
        "x-ms-correlation-request-id": [
          "c5f8b3c4-260f-4c55-8554-4a1e4429c030"
        ],
        "x-ms-routing-request-id": [
          "WESTCENTRALUS:20220401T171740Z:c5f8b3c4-260f-4c55-8554-4a1e4429c030"
        ],
        "Strict-Transport-Security": [
          "max-age=31536000; includeSubDomains"
        ],
        "X-Content-Type-Options": [
          "nosniff"
        ],
        "Date": [
          "Fri, 01 Apr 2022 17:17:39 GMT"
        ],
        "Content-Length": [
          "331"
        ],
        "Content-Type": [
          "application/json; charset=utf-8"
        ],
        "Expires": [
          "-1"
        ],
        "Retry-After": [
          "0"
        ]
      },
      "ResponseBody": "{\r\n  \"id\": \"/providers/Microsoft.Management/managementGroups/c7a87cda-9a66-4920-b0f8-869baa04efe0/settings/default\",\r\n  \"type\": \"Microsoft.Management/managementGroups/settings\",\r\n  \"name\": \"default\",\r\n  \"properties\": {\r\n    \"tenantId\": \"c7a87cda-9a66-4920-b0f8-869baa04efe0\",\r\n    \"requireAuthorizationForGroupCreation\": false,\r\n    \"defaultManagementGroup\": \"defaultMG\"\r\n  }\r\n}",
      "StatusCode": 200
    },
    {
      "RequestUri": "/providers/Microsoft.Management/managementGroups/c7a87cda-9a66-4920-b0f8-869baa04efe0/settings/default?api-version=2021-04-01",
      "EncodedRequestUri": "L3Byb3ZpZGVycy9NaWNyb3NvZnQuTWFuYWdlbWVudC9tYW5hZ2VtZW50R3JvdXBzL2M3YTg3Y2RhLTlhNjYtNDkyMC1iMGY4LTg2OWJhYTA0ZWZlMC9zZXR0aW5ncy9kZWZhdWx0P2FwaS12ZXJzaW9uPTIwMjEtMDQtMDE=",
      "RequestMethod": "DELETE",
      "RequestBody": "",
      "RequestHeaders": {
        "x-ms-client-request-id": [
          "ef65075f-aa7c-47c2-85a0-eadd43de44b3"
        ],
        "Accept-Language": [
          "en-US"
        ],
        "User-Agent": [
          "FxVersion/5.0.1522.11506",
          "OSName/Windows",
          "OSVersion/Microsoft.Windows.10.0.19044",
          "Microsoft.Azure.Management.ManagementGroups.ManagementGroupsAPIClient/1.1.1.0"
        ]
      },
      "ResponseHeaders": {
        "Cache-Control": [
          "no-cache"
        ],
        "Pragma": [
          "no-cache"
        ],
        "x-ms-request-id": [
          "westcentralus:537a5af1-bc07-469a-a984-e6ed55a85d73"
        ],
        "x-ba-restapi": [
          "0.0.0.0"
        ],
        "client-request-id": [
          "537a5af1-bc07-469a-a984-e6ed55a85d73"
        ],
        "request-id": [
          "537a5af1-bc07-469a-a984-e6ed55a85d73"
        ],
        "Server": [
          "Microsoft-HTTPAPI/2.0"
        ],
        "x-ms-ratelimit-remaining-tenant-deletes": [
          "14999"
        ],
        "x-ms-correlation-request-id": [
          "537a5af1-bc07-469a-a984-e6ed55a85d73"
        ],
        "x-ms-routing-request-id": [
          "WESTCENTRALUS:20220401T171741Z:537a5af1-bc07-469a-a984-e6ed55a85d73"
        ],
        "Strict-Transport-Security": [
          "max-age=31536000; includeSubDomains"
        ],
        "X-Content-Type-Options": [
          "nosniff"
        ],
        "Date": [
          "Fri, 01 Apr 2022 17:17:40 GMT"
        ],
        "Expires": [
          "-1"
        ],
        "Content-Length": [
          "0"
        ],
        "Retry-After": [
          "0"
        ]
      },
      "ResponseBody": "",
      "StatusCode": 200
    }
  ],
  "Names": {},
  "Variables": {
    "SubscriptionId": "5602fbd9-fb0d-4fbb-98b3-10c8ea20b6de"
  }
}