{
  "Entries": [
    {
      "RequestUri": "/providers/Microsoft.Management/managementGroups/TestParent5?api-version=2021-04-01",
      "EncodedRequestUri": "L3Byb3ZpZGVycy9NaWNyb3NvZnQuTWFuYWdlbWVudC9tYW5hZ2VtZW50R3JvdXBzL1Rlc3RQYXJlbnQ1P2FwaS12ZXJzaW9uPTIwMjEtMDQtMDE=",
      "RequestMethod": "PUT",
      "RequestBody": "{\r\n  \"name\": \"TestParent5\",\r\n  \"properties\": {\r\n    \"details\": {\r\n      \"parent\": {}\r\n    }\r\n  }\r\n}",
      "RequestHeaders": {
        "x-ms-client-request-id": [
          "e7ef1c52-02b5-4306-9e49-e1e45d08a2cf"
        ],
        "Cache-Control": [
          "no-cache"
        ],
        "Accept-Language": [
          "en-US"
        ],
        "User-Agent": [
          "FxVersion/4.700.22.16002",
          "OSName/Windows",
          "OSVersion/Microsoft.Windows.10.0.19044",
          "Microsoft.Azure.Management.ManagementGroups.ManagementGroupsAPIClient/1.1.1.0"
        ],
        "Content-Type": [
          "application/json; charset=utf-8"
        ],
        "Content-Length": [
          "99"
        ]
      },
      "ResponseHeaders": {
        "Cache-Control": [
          "no-cache"
        ],
        "Pragma": [
          "no-cache"
        ],
        "x-ms-ratelimit-remaining-managementgroups-requests": [
          "59"
        ],
        "x-ms-request-id": [
          "westcentralus:570b25c4-42d2-4cee-b3c4-180e890ebfda"
        ],
        "x-ba-restapi": [
          "0.0.0.0"
        ],
        "client-request-id": [
          "570b25c4-42d2-4cee-b3c4-180e890ebfda"
        ],
        "request-id": [
          "570b25c4-42d2-4cee-b3c4-180e890ebfda"
        ],
        "Server": [
          "Microsoft-HTTPAPI/2.0"
        ],
        "x-ms-ratelimit-remaining-tenant-writes": [
          "1199"
        ],
        "x-ms-correlation-request-id": [
          "570b25c4-42d2-4cee-b3c4-180e890ebfda"
        ],
        "x-ms-routing-request-id": [
          "WESTCENTRALUS:20220414T190702Z:570b25c4-42d2-4cee-b3c4-180e890ebfda"
        ],
        "Strict-Transport-Security": [
          "max-age=31536000; includeSubDomains"
        ],
        "X-Content-Type-Options": [
          "nosniff"
        ],
        "Date": [
          "Thu, 14 Apr 2022 19:07:02 GMT"
        ],
        "Content-Length": [
          "538"
        ],
        "Content-Type": [
          "application/json; charset=utf-8"
        ],
        "Expires": [
          "-1"
        ],
        "Retry-After": [
          "0"
        ]
      },
      "ResponseBody": "{\r\n  \"id\": \"/providers/Microsoft.Management/managementGroups/TestParent5\",\r\n  \"type\": \"Microsoft.Management/managementGroups\",\r\n  \"name\": \"TestParent5\",\r\n  \"properties\": {\r\n    \"tenantId\": \"c7a87cda-9a66-4920-b0f8-869baa04efe0\",\r\n    \"displayName\": \"TestParent5\",\r\n    \"details\": {\r\n      \"version\": 5,\r\n      \"updatedTime\": \"2022-04-14T18:35:19.3610967Z\",\r\n      \"updatedBy\": \"9e41f384-0aa9-41bc-a29d-6d956cd8eadb\",\r\n      \"parent\": {\r\n        \"id\": \"/providers/Microsoft.Management/managementGroups/c7a87cda-9a66-4920-b0f8-869baa04efe0\",\r\n        \"name\": \"c7a87cda-9a66-4920-b0f8-869baa04efe0\",\r\n        \"displayName\": \"Root Management Group\"\r\n      }\r\n    }\r\n  }\r\n}",
      "StatusCode": 200
    },
    {
      "RequestUri": "/providers/Microsoft.Management/managementGroups/TestPSNewGroup5?api-version=2021-04-01",
      "EncodedRequestUri": "L3Byb3ZpZGVycy9NaWNyb3NvZnQuTWFuYWdlbWVudC9tYW5hZ2VtZW50R3JvdXBzL1Rlc3RQU05ld0dyb3VwNT9hcGktdmVyc2lvbj0yMDIxLTA0LTAx",
      "RequestMethod": "PUT",
      "RequestBody": "{\r\n  \"name\": \"TestPSNewGroup5\",\r\n  \"properties\": {\r\n    \"details\": {\r\n      \"parent\": {\r\n        \"id\": \"/providers/Microsoft.Management/managementGroups/TestParent5\"\r\n      }\r\n    }\r\n  }\r\n}",
      "RequestHeaders": {
        "x-ms-client-request-id": [
          "cd7d085b-76aa-4cd9-a243-1dea4300fb82"
        ],
        "Cache-Control": [
          "no-cache"
        ],
        "Accept-Language": [
          "en-US"
        ],
        "User-Agent": [
          "FxVersion/4.700.22.16002",
          "OSName/Windows",
          "OSVersion/Microsoft.Windows.10.0.19044",
          "Microsoft.Azure.Management.ManagementGroups.ManagementGroupsAPIClient/1.1.1.0"
        ],
        "Content-Type": [
          "application/json; charset=utf-8"
        ],
        "Content-Length": [
          "189"
        ]
      },
      "ResponseHeaders": {
        "Cache-Control": [
          "no-cache"
        ],
        "Pragma": [
          "no-cache"
        ],
        "x-ms-ratelimit-remaining-managementgroups-requests": [
          "59"
        ],
        "x-ms-request-id": [
          "westcentralus:848f36a2-3efd-4ace-a9b8-719b8f38de5a"
        ],
        "x-ba-restapi": [
          "0.0.0.0"
        ],
        "client-request-id": [
          "848f36a2-3efd-4ace-a9b8-719b8f38de5a"
        ],
        "request-id": [
          "848f36a2-3efd-4ace-a9b8-719b8f38de5a"
        ],
        "Server": [
          "Microsoft-HTTPAPI/2.0"
        ],
        "x-ms-ratelimit-remaining-tenant-writes": [
          "1198"
        ],
        "x-ms-correlation-request-id": [
          "848f36a2-3efd-4ace-a9b8-719b8f38de5a"
        ],
        "x-ms-routing-request-id": [
          "WESTCENTRALUS:20220414T190703Z:848f36a2-3efd-4ace-a9b8-719b8f38de5a"
        ],
        "Strict-Transport-Security": [
          "max-age=31536000; includeSubDomains"
        ],
        "X-Content-Type-Options": [
          "nosniff"
        ],
        "Date": [
          "Thu, 14 Apr 2022 19:07:03 GMT"
        ],
        "Content-Length": [
          "490"
        ],
        "Content-Type": [
          "application/json; charset=utf-8"
        ],
        "Expires": [
          "-1"
        ],
        "Retry-After": [
          "0"
        ]
      },
      "ResponseBody": "{\r\n  \"id\": \"/providers/Microsoft.Management/managementGroups/TestPSNewGroup5\",\r\n  \"type\": \"Microsoft.Management/managementGroups\",\r\n  \"name\": \"TestPSNewGroup5\",\r\n  \"properties\": {\r\n    \"tenantId\": \"c7a87cda-9a66-4920-b0f8-869baa04efe0\",\r\n    \"displayName\": \"TestPSNewGroup5\",\r\n    \"details\": {\r\n      \"version\": 6,\r\n      \"updatedTime\": \"2022-04-14T18:56:59.7415457Z\",\r\n      \"updatedBy\": \"9e41f384-0aa9-41bc-a29d-6d956cd8eadb\",\r\n      \"parent\": {\r\n        \"id\": \"/providers/Microsoft.Management/managementGroups/TestParent5\",\r\n        \"name\": \"TestParent5\",\r\n        \"displayName\": \"TestParent5\"\r\n      }\r\n    }\r\n  }\r\n}",
      "StatusCode": 200
    },
    {
      "RequestUri": "/providers/Microsoft.Management/managementGroups/TestPSNewGroup5?api-version=2021-04-01",
      "EncodedRequestUri": "L3Byb3ZpZGVycy9NaWNyb3NvZnQuTWFuYWdlbWVudC9tYW5hZ2VtZW50R3JvdXBzL1Rlc3RQU05ld0dyb3VwNT9hcGktdmVyc2lvbj0yMDIxLTA0LTAx",
      "RequestMethod": "DELETE",
      "RequestBody": "",
      "RequestHeaders": {
        "x-ms-client-request-id": [
          "4f2e1568-b0fc-4804-b9cc-3e50b73a3558"
        ],
        "Cache-Control": [
          "no-cache"
        ],
        "Accept-Language": [
          "en-US"
        ],
        "User-Agent": [
          "FxVersion/4.700.22.16002",
          "OSName/Windows",
          "OSVersion/Microsoft.Windows.10.0.19044",
          "Microsoft.Azure.Management.ManagementGroups.ManagementGroupsAPIClient/1.1.1.0"
        ]
      },
      "ResponseHeaders": {
        "Cache-Control": [
          "no-cache"
        ],
        "Pragma": [
          "no-cache"
        ],
        "Location": [
          "https://management.azure.com/providers/Microsoft.Management/operationResults/delete/managementGroups/TestPSNewGroup5?api-version=2021-04-01"
        ],
        "Retry-After": [
          "0"
        ],
        "Azure-AsyncOperation": [
          "https://management.azure.com/providers/Microsoft.Management/operationResults/delete/asyncOperation/status/managementGroups/TestPSNewGroup5?api-version=2021-04-01"
        ],
        "x-ms-ratelimit-remaining-managementgroups-requests": [
          "59"
        ],
        "x-ms-request-id": [
          "westcentralus:50eb002e-f170-46d3-8e0c-e1aaaa6b3824"
        ],
        "x-ba-restapi": [
          "0.0.0.0"
        ],
        "client-request-id": [
          "50eb002e-f170-46d3-8e0c-e1aaaa6b3824"
        ],
        "request-id": [
          "50eb002e-f170-46d3-8e0c-e1aaaa6b3824"
        ],
        "Server": [
          "Microsoft-HTTPAPI/2.0"
        ],
        "x-ms-ratelimit-remaining-tenant-deletes": [
          "14998"
        ],
        "x-ms-correlation-request-id": [
          "50eb002e-f170-46d3-8e0c-e1aaaa6b3824"
        ],
        "x-ms-routing-request-id": [
          "WESTCENTRALUS:20220414T190704Z:50eb002e-f170-46d3-8e0c-e1aaaa6b3824"
        ],
        "Strict-Transport-Security": [
          "max-age=31536000; includeSubDomains"
        ],
        "X-Content-Type-Options": [
          "nosniff"
        ],
        "Date": [
          "Thu, 14 Apr 2022 19:07:04 GMT"
        ],
        "Content-Length": [
          "167"
        ],
        "Content-Type": [
          "application/json; charset=utf-8"
        ],
        "Expires": [
          "-1"
        ]
      },
      "ResponseBody": "{\r\n  \"id\": \"/providers/Microsoft.Management/managementGroups/TestPSNewGroup5\",\r\n  \"type\": \"Microsoft.Management/managementGroups\",\r\n  \"name\": \"TestPSNewGroup5\",\r\n  \"status\": \"NotStarted\"\r\n}",
      "StatusCode": 202
    },
    {
      "RequestUri": "/providers/Microsoft.Management/operationResults/delete/asyncOperation/status/managementGroups/TestPSNewGroup5?api-version=2021-04-01",
      "EncodedRequestUri": "L3Byb3ZpZGVycy9NaWNyb3NvZnQuTWFuYWdlbWVudC9vcGVyYXRpb25SZXN1bHRzL2RlbGV0ZS9hc3luY09wZXJhdGlvbi9zdGF0dXMvbWFuYWdlbWVudEdyb3Vwcy9UZXN0UFNOZXdHcm91cDU/YXBpLXZlcnNpb249MjAyMS0wNC0wMQ==",
      "RequestMethod": "GET",
      "RequestBody": "",
      "RequestHeaders": {
        "x-ms-client-request-id": [
          "4f2e1568-b0fc-4804-b9cc-3e50b73a3558"
        ],
        "User-Agent": [
          "FxVersion/4.700.22.16002",
          "OSName/Windows",
          "OSVersion/Microsoft.Windows.10.0.19044",
          "Microsoft.Azure.Management.ManagementGroups.ManagementGroupsAPIClient/1.1.1.0"
        ]
      },
      "ResponseHeaders": {
        "Cache-Control": [
          "no-cache"
        ],
        "Pragma": [
          "no-cache"
        ],
        "x-ms-request-id": [
          "westcentralus:10f4f133-19e4-44ed-83b8-21db605b09d1"
        ],
        "x-ba-restapi": [
          "0.0.0.0"
        ],
        "client-request-id": [
          "10f4f133-19e4-44ed-83b8-21db605b09d1"
        ],
        "request-id": [
          "10f4f133-19e4-44ed-83b8-21db605b09d1"
        ],
        "Server": [
          "Microsoft-HTTPAPI/2.0"
        ],
        "x-ms-ratelimit-remaining-tenant-reads": [
          "11996"
        ],
        "x-ms-correlation-request-id": [
          "10f4f133-19e4-44ed-83b8-21db605b09d1"
        ],
        "x-ms-routing-request-id": [
          "WESTCENTRALUS:20220414T190715Z:10f4f133-19e4-44ed-83b8-21db605b09d1"
        ],
        "Strict-Transport-Security": [
          "max-age=31536000; includeSubDomains"
        ],
        "X-Content-Type-Options": [
          "nosniff"
        ],
        "Date": [
          "Thu, 14 Apr 2022 19:07:14 GMT"
        ],
        "Content-Length": [
          "165"
        ],
        "Content-Type": [
          "application/json; charset=utf-8"
        ],
        "Expires": [
          "-1"
        ],
        "Retry-After": [
          "0"
        ]
      },
      "ResponseBody": "{\r\n  \"id\": \"/providers/Microsoft.Management/operationResults/delete/asyncOperation/status/managementGroups/TestPSNewGroup5\",\r\n  \"name\": \"TestPSNewGroup5\",\r\n  \"status\": \"Succeeded\"\r\n}",
      "StatusCode": 200
    },
    {
      "RequestUri": "/providers/Microsoft.Management/operationResults/delete/managementGroups/TestPSNewGroup5?api-version=2021-04-01",
      "EncodedRequestUri": "L3Byb3ZpZGVycy9NaWNyb3NvZnQuTWFuYWdlbWVudC9vcGVyYXRpb25SZXN1bHRzL2RlbGV0ZS9tYW5hZ2VtZW50R3JvdXBzL1Rlc3RQU05ld0dyb3VwNT9hcGktdmVyc2lvbj0yMDIxLTA0LTAx",
      "RequestMethod": "GET",
      "RequestBody": "",
      "RequestHeaders": {
        "x-ms-client-request-id": [
          "4f2e1568-b0fc-4804-b9cc-3e50b73a3558"
        ],
        "User-Agent": [
          "FxVersion/4.700.22.16002",
          "OSName/Windows",
          "OSVersion/Microsoft.Windows.10.0.19044",
          "Microsoft.Azure.Management.ManagementGroups.ManagementGroupsAPIClient/1.1.1.0"
        ]
      },
      "ResponseHeaders": {
        "Cache-Control": [
          "no-cache"
        ],
        "Pragma": [
          "no-cache"
        ],
        "x-ms-request-id": [
          "westcentralus:3db308bb-d2b8-4ac2-ba55-17f03d3e3df6"
        ],
        "x-ba-restapi": [
          "0.0.0.0"
        ],
        "client-request-id": [
          "3db308bb-d2b8-4ac2-ba55-17f03d3e3df6"
        ],
        "request-id": [
          "3db308bb-d2b8-4ac2-ba55-17f03d3e3df6"
        ],
        "Server": [
          "Microsoft-HTTPAPI/2.0"
        ],
        "x-ms-ratelimit-remaining-tenant-reads": [
          "11995"
        ],
        "x-ms-correlation-request-id": [
          "3db308bb-d2b8-4ac2-ba55-17f03d3e3df6"
        ],
        "x-ms-routing-request-id": [
          "WESTCENTRALUS:20220414T190715Z:3db308bb-d2b8-4ac2-ba55-17f03d3e3df6"
        ],
        "Strict-Transport-Security": [
          "max-age=31536000; includeSubDomains"
        ],
        "X-Content-Type-Options": [
          "nosniff"
        ],
        "Date": [
          "Thu, 14 Apr 2022 19:07:14 GMT"
        ],
        "Content-Length": [
          "166"
        ],
        "Content-Type": [
          "application/json; charset=utf-8"
        ],
        "Expires": [
          "-1"
        ],
        "Retry-After": [
          "0"
        ]
      },
      "ResponseBody": "{\r\n  \"id\": \"/providers/Microsoft.Management/managementGroups/TestPSNewGroup5\",\r\n  \"type\": \"Microsoft.Management/managementGroups\",\r\n  \"name\": \"TestPSNewGroup5\",\r\n  \"status\": \"Succeeded\"\r\n}",
      "StatusCode": 200
    },
    {
      "RequestUri": "/providers/Microsoft.Management/managementGroups/TestParent5?api-version=2021-04-01",
      "EncodedRequestUri": "L3Byb3ZpZGVycy9NaWNyb3NvZnQuTWFuYWdlbWVudC9tYW5hZ2VtZW50R3JvdXBzL1Rlc3RQYXJlbnQ1P2FwaS12ZXJzaW9uPTIwMjEtMDQtMDE=",
      "RequestMethod": "DELETE",
      "RequestBody": "",
      "RequestHeaders": {
        "x-ms-client-request-id": [
          "d4cb99e0-b591-4874-ac7a-a1cc326f3e5b"
        ],
        "Cache-Control": [
          "no-cache"
        ],
        "Accept-Language": [
          "en-US"
        ],
        "User-Agent": [
          "FxVersion/4.700.22.16002",
          "OSName/Windows",
          "OSVersion/Microsoft.Windows.10.0.19044",
          "Microsoft.Azure.Management.ManagementGroups.ManagementGroupsAPIClient/1.1.1.0"
        ]
      },
      "ResponseHeaders": {
        "Cache-Control": [
          "no-cache"
        ],
        "Pragma": [
          "no-cache"
        ],
        "Location": [
          "https://management.azure.com/providers/Microsoft.Management/operationResults/delete/managementGroups/TestParent5?api-version=2021-04-01"
        ],
        "Retry-After": [
          "0"
        ],
        "Azure-AsyncOperation": [
          "https://management.azure.com/providers/Microsoft.Management/operationResults/delete/asyncOperation/status/managementGroups/TestParent5?api-version=2021-04-01"
        ],
        "x-ms-ratelimit-remaining-managementgroups-requests": [
          "58"
        ],
        "x-ms-request-id": [
          "westcentralus:1e733f68-6c52-4c0f-9ad4-5fb9fdf81951"
        ],
        "x-ba-restapi": [
          "0.0.0.0"
        ],
        "client-request-id": [
          "1e733f68-6c52-4c0f-9ad4-5fb9fdf81951"
        ],
        "request-id": [
          "1e733f68-6c52-4c0f-9ad4-5fb9fdf81951"
        ],
        "Server": [
          "Microsoft-HTTPAPI/2.0"
        ],
        "x-ms-ratelimit-remaining-tenant-deletes": [
          "14999"
        ],
        "x-ms-correlation-request-id": [
          "1e733f68-6c52-4c0f-9ad4-5fb9fdf81951"
        ],
        "x-ms-routing-request-id": [
          "WESTCENTRALUS:20220414T190717Z:1e733f68-6c52-4c0f-9ad4-5fb9fdf81951"
        ],
        "Strict-Transport-Security": [
          "max-age=31536000; includeSubDomains"
        ],
        "X-Content-Type-Options": [
          "nosniff"
        ],
        "Date": [
          "Thu, 14 Apr 2022 19:07:16 GMT"
        ],
        "Content-Length": [
          "159"
        ],
        "Content-Type": [
          "application/json; charset=utf-8"
        ],
        "Expires": [
          "-1"
        ]
      },
      "ResponseBody": "{\r\n  \"id\": \"/providers/Microsoft.Management/managementGroups/TestParent5\",\r\n  \"type\": \"Microsoft.Management/managementGroups\",\r\n  \"name\": \"TestParent5\",\r\n  \"status\": \"NotStarted\"\r\n}",
      "StatusCode": 202
    },
    {
      "RequestUri": "/providers/Microsoft.Management/operationResults/delete/asyncOperation/status/managementGroups/TestParent5?api-version=2021-04-01",
      "EncodedRequestUri": "L3Byb3ZpZGVycy9NaWNyb3NvZnQuTWFuYWdlbWVudC9vcGVyYXRpb25SZXN1bHRzL2RlbGV0ZS9hc3luY09wZXJhdGlvbi9zdGF0dXMvbWFuYWdlbWVudEdyb3Vwcy9UZXN0UGFyZW50NT9hcGktdmVyc2lvbj0yMDIxLTA0LTAx",
      "RequestMethod": "GET",
      "RequestBody": "",
      "RequestHeaders": {
        "x-ms-client-request-id": [
          "d4cb99e0-b591-4874-ac7a-a1cc326f3e5b"
        ],
        "User-Agent": [
          "FxVersion/4.700.22.16002",
          "OSName/Windows",
          "OSVersion/Microsoft.Windows.10.0.19044",
          "Microsoft.Azure.Management.ManagementGroups.ManagementGroupsAPIClient/1.1.1.0"
        ]
      },
      "ResponseHeaders": {
        "Cache-Control": [
          "no-cache"
        ],
        "Pragma": [
          "no-cache"
        ],
        "x-ms-request-id": [
          "westcentralus:b21b9bd5-a554-48b9-9a62-f5562d0f6e1d"
        ],
        "x-ba-restapi": [
          "0.0.0.0"
        ],
        "client-request-id": [
          "b21b9bd5-a554-48b9-9a62-f5562d0f6e1d"
        ],
        "request-id": [
          "b21b9bd5-a554-48b9-9a62-f5562d0f6e1d"
        ],
        "Server": [
          "Microsoft-HTTPAPI/2.0"
        ],
        "x-ms-ratelimit-remaining-tenant-reads": [
          "11992"
        ],
        "x-ms-correlation-request-id": [
          "b21b9bd5-a554-48b9-9a62-f5562d0f6e1d"
        ],
        "x-ms-routing-request-id": [
          "WESTCENTRALUS:20220414T190727Z:b21b9bd5-a554-48b9-9a62-f5562d0f6e1d"
        ],
        "Strict-Transport-Security": [
          "max-age=31536000; includeSubDomains"
        ],
        "X-Content-Type-Options": [
          "nosniff"
        ],
        "Date": [
          "Thu, 14 Apr 2022 19:07:27 GMT"
        ],
        "Content-Length": [
          "157"
        ],
        "Content-Type": [
          "application/json; charset=utf-8"
        ],
        "Expires": [
          "-1"
        ],
        "Retry-After": [
          "0"
        ]
      },
      "ResponseBody": "{\r\n  \"id\": \"/providers/Microsoft.Management/operationResults/delete/asyncOperation/status/managementGroups/TestParent5\",\r\n  \"name\": \"TestParent5\",\r\n  \"status\": \"Succeeded\"\r\n}",
      "StatusCode": 200
    },
    {
      "RequestUri": "/providers/Microsoft.Management/operationResults/delete/managementGroups/TestParent5?api-version=2021-04-01",
      "EncodedRequestUri": "L3Byb3ZpZGVycy9NaWNyb3NvZnQuTWFuYWdlbWVudC9vcGVyYXRpb25SZXN1bHRzL2RlbGV0ZS9tYW5hZ2VtZW50R3JvdXBzL1Rlc3RQYXJlbnQ1P2FwaS12ZXJzaW9uPTIwMjEtMDQtMDE=",
      "RequestMethod": "GET",
      "RequestBody": "",
      "RequestHeaders": {
        "x-ms-client-request-id": [
          "d4cb99e0-b591-4874-ac7a-a1cc326f3e5b"
        ],
        "User-Agent": [
          "FxVersion/4.700.22.16002",
          "OSName/Windows",
          "OSVersion/Microsoft.Windows.10.0.19044",
          "Microsoft.Azure.Management.ManagementGroups.ManagementGroupsAPIClient/1.1.1.0"
        ]
      },
      "ResponseHeaders": {
        "Cache-Control": [
          "no-cache"
        ],
        "Pragma": [
          "no-cache"
        ],
        "x-ms-request-id": [
          "westcentralus:c10e4e6b-1660-420f-bbcf-93b0c0cb365b"
        ],
        "x-ba-restapi": [
          "0.0.0.0"
        ],
        "client-request-id": [
          "c10e4e6b-1660-420f-bbcf-93b0c0cb365b"
        ],
        "request-id": [
          "c10e4e6b-1660-420f-bbcf-93b0c0cb365b"
        ],
        "Server": [
          "Microsoft-HTTPAPI/2.0"
        ],
        "x-ms-ratelimit-remaining-tenant-reads": [
          "11991"
        ],
        "x-ms-correlation-request-id": [
          "c10e4e6b-1660-420f-bbcf-93b0c0cb365b"
        ],
        "x-ms-routing-request-id": [
          "WESTCENTRALUS:20220414T190727Z:c10e4e6b-1660-420f-bbcf-93b0c0cb365b"
        ],
        "Strict-Transport-Security": [
          "max-age=31536000; includeSubDomains"
        ],
        "X-Content-Type-Options": [
          "nosniff"
        ],
        "Date": [
          "Thu, 14 Apr 2022 19:07:27 GMT"
        ],
        "Content-Length": [
          "158"
        ],
        "Content-Type": [
          "application/json; charset=utf-8"
        ],
        "Expires": [
          "-1"
        ],
        "Retry-After": [
          "0"
        ]
      },
      "ResponseBody": "{\r\n  \"id\": \"/providers/Microsoft.Management/managementGroups/TestParent5\",\r\n  \"type\": \"Microsoft.Management/managementGroups\",\r\n  \"name\": \"TestParent5\",\r\n  \"status\": \"Succeeded\"\r\n}",
      "StatusCode": 200
    }
  ],
  "Names": {},
  "Variables": {
    "SubscriptionId": "5602fbd9-fb0d-4fbb-98b3-10c8ea20b6de"
  }
}