{
  "Entries": [
    {
      "RequestUri": "/providers/Microsoft.Management/managementGroups/TestPSGetGroup1?api-version=2021-04-01",
      "EncodedRequestUri": "L3Byb3ZpZGVycy9NaWNyb3NvZnQuTWFuYWdlbWVudC9tYW5hZ2VtZW50R3JvdXBzL1Rlc3RQU0dldEdyb3VwMT9hcGktdmVyc2lvbj0yMDIxLTA0LTAx",
      "RequestMethod": "PUT",
      "RequestBody": "{\r\n  \"name\": \"TestPSGetGroup1\",\r\n  \"properties\": {\r\n    \"details\": {\r\n      \"parent\": {}\r\n    }\r\n  }\r\n}",
      "RequestHeaders": {
        "x-ms-client-request-id": [
          "be26d98d-1057-4d15-9644-feda72cb0ba2"
        ],
        "Cache-Control": [
          "no-cache"
        ],
        "Accept-Language": [
          "en-US"
        ],
        "User-Agent": [
          "FxVersion/5.0.1522.11506",
          "OSName/Windows",
          "OSVersion/Microsoft.Windows.10.0.19044",
          "Microsoft.Azure.Management.ManagementGroups.ManagementGroupsAPIClient/1.1.1.0"
        ],
        "Content-Type": [
          "application/json; charset=utf-8"
        ],
        "Content-Length": [
          "103"
        ]
      },
      "ResponseHeaders": {
        "Cache-Control": [
          "no-cache"
        ],
        "Pragma": [
          "no-cache"
        ],
        "x-ms-ratelimit-remaining-managementgroups-requests": [
          "59"
        ],
        "x-ms-request-id": [
          "westus:2eeb7809-6de9-466c-aac0-7442ffa69a29"
        ],
        "x-ba-restapi": [
          "0.0.0.0"
        ],
        "client-request-id": [
          "2eeb7809-6de9-466c-aac0-7442ffa69a29"
        ],
        "request-id": [
          "2eeb7809-6de9-466c-aac0-7442ffa69a29"
        ],
        "Server": [
          "Microsoft-HTTPAPI/2.0"
        ],
        "x-ms-ratelimit-remaining-tenant-writes": [
          "1199"
        ],
        "x-ms-correlation-request-id": [
          "2eeb7809-6de9-466c-aac0-7442ffa69a29"
        ],
        "x-ms-routing-request-id": [
          "WESTUS:20220406T191232Z:2eeb7809-6de9-466c-aac0-7442ffa69a29"
        ],
        "Strict-Transport-Security": [
          "max-age=31536000; includeSubDomains"
        ],
        "X-Content-Type-Options": [
          "nosniff"
        ],
        "Date": [
          "Wed, 06 Apr 2022 19:12:31 GMT"
        ],
        "Content-Length": [
          "550"
        ],
        "Content-Type": [
          "application/json; charset=utf-8"
        ],
        "Expires": [
          "-1"
        ],
        "Retry-After": [
          "0"
        ]
      },
      "ResponseBody": "{\r\n  \"id\": \"/providers/Microsoft.Management/managementGroups/TestPSGetGroup1\",\r\n  \"type\": \"Microsoft.Management/managementGroups\",\r\n  \"name\": \"TestPSGetGroup1\",\r\n  \"properties\": {\r\n    \"tenantId\": \"c7a87cda-9a66-4920-b0f8-869baa04efe0\",\r\n    \"displayName\": \"TestPSGetGroup1\",\r\n    \"details\": {\r\n      \"version\": 15,\r\n      \"updatedTime\": \"2022-04-06T19:05:33.163983Z\",\r\n      \"updatedBy\": \"9e41f384-0aa9-41bc-a29d-6d956cd8eadb\",\r\n      \"parent\": {\r\n        \"id\": \"/providers/Microsoft.Management/managementGroups/c7a87cda-9a66-4920-b0f8-869baa04efe0\",\r\n        \"name\": \"c7a87cda-9a66-4920-b0f8-869baa04efe0\",\r\n        \"displayName\": \"Root Management Group\"\r\n      }\r\n    }\r\n  }\r\n}",
      "StatusCode": 200
    },
    {
      "RequestUri": "/providers/Microsoft.Management/managementGroups/TestPSGetGroup2?api-version=2021-04-01",
      "EncodedRequestUri": "L3Byb3ZpZGVycy9NaWNyb3NvZnQuTWFuYWdlbWVudC9tYW5hZ2VtZW50R3JvdXBzL1Rlc3RQU0dldEdyb3VwMj9hcGktdmVyc2lvbj0yMDIxLTA0LTAx",
      "RequestMethod": "PUT",
      "RequestBody": "{\r\n  \"name\": \"TestPSGetGroup2\",\r\n  \"properties\": {\r\n    \"details\": {\r\n      \"parent\": {\r\n        \"id\": \"/providers/Microsoft.Management/managementGroups/TestPSGetGroup1\"\r\n      }\r\n    }\r\n  }\r\n}",
      "RequestHeaders": {
        "x-ms-client-request-id": [
          "b871ecab-8a7a-44f1-ae2b-ec9e81ca9d31"
        ],
        "Cache-Control": [
          "no-cache"
        ],
        "Accept-Language": [
          "en-US"
        ],
        "User-Agent": [
          "FxVersion/5.0.1522.11506",
          "OSName/Windows",
          "OSVersion/Microsoft.Windows.10.0.19044",
          "Microsoft.Azure.Management.ManagementGroups.ManagementGroupsAPIClient/1.1.1.0"
        ],
        "Content-Type": [
          "application/json; charset=utf-8"
        ],
        "Content-Length": [
          "193"
        ]
      },
      "ResponseHeaders": {
        "Cache-Control": [
          "no-cache"
        ],
        "Pragma": [
          "no-cache"
        ],
        "x-ms-ratelimit-remaining-managementgroups-requests": [
          "59"
        ],
        "x-ms-request-id": [
          "westus:ae163eeb-96a0-4fe2-8b4f-96f3b4abebfa"
        ],
        "x-ba-restapi": [
          "0.0.0.0"
        ],
        "client-request-id": [
          "ae163eeb-96a0-4fe2-8b4f-96f3b4abebfa"
        ],
        "request-id": [
          "ae163eeb-96a0-4fe2-8b4f-96f3b4abebfa"
        ],
        "Server": [
          "Microsoft-HTTPAPI/2.0"
        ],
        "x-ms-ratelimit-remaining-tenant-writes": [
          "1199"
        ],
        "x-ms-correlation-request-id": [
          "ae163eeb-96a0-4fe2-8b4f-96f3b4abebfa"
        ],
        "x-ms-routing-request-id": [
          "WESTUS:20220406T191233Z:ae163eeb-96a0-4fe2-8b4f-96f3b4abebfa"
        ],
        "Strict-Transport-Security": [
          "max-age=31536000; includeSubDomains"
        ],
        "X-Content-Type-Options": [
          "nosniff"
        ],
        "Date": [
          "Wed, 06 Apr 2022 19:12:33 GMT"
        ],
        "Content-Length": [
          "503"
        ],
        "Content-Type": [
          "application/json; charset=utf-8"
        ],
        "Expires": [
          "-1"
        ],
        "Retry-After": [
          "0"
        ]
      },
      "ResponseBody": "{\r\n  \"id\": \"/providers/Microsoft.Management/managementGroups/TestPSGetGroup2\",\r\n  \"type\": \"Microsoft.Management/managementGroups\",\r\n  \"name\": \"TestPSGetGroup2\",\r\n  \"properties\": {\r\n    \"tenantId\": \"c7a87cda-9a66-4920-b0f8-869baa04efe0\",\r\n    \"displayName\": \"TestPSGetGroup2\",\r\n    \"details\": {\r\n      \"version\": 14,\r\n      \"updatedTime\": \"2022-04-06T19:07:27.8023319Z\",\r\n      \"updatedBy\": \"9e41f384-0aa9-41bc-a29d-6d956cd8eadb\",\r\n      \"parent\": {\r\n        \"id\": \"/providers/Microsoft.Management/managementGroups/TestPSGetGroup1\",\r\n        \"name\": \"TestPSGetGroup1\",\r\n        \"displayName\": \"TestPSGetGroup1\"\r\n      }\r\n    }\r\n  }\r\n}",
      "StatusCode": 200
    },
    {
      "RequestUri": "/providers/Microsoft.Management/managementGroups/TestPSGetGroup2?api-version=2021-04-01&$recurse=false",
      "EncodedRequestUri": "L3Byb3ZpZGVycy9NaWNyb3NvZnQuTWFuYWdlbWVudC9tYW5hZ2VtZW50R3JvdXBzL1Rlc3RQU0dldEdyb3VwMj9hcGktdmVyc2lvbj0yMDIxLTA0LTAxJiRyZWN1cnNlPWZhbHNl",
      "RequestMethod": "GET",
      "RequestBody": "",
      "RequestHeaders": {
        "x-ms-client-request-id": [
          "b185e360-937f-4a9b-adf1-995cc58224fd"
        ],
        "Cache-Control": [
          "no-cache"
        ],
        "Accept-Language": [
          "en-US"
        ],
        "User-Agent": [
          "FxVersion/5.0.1522.11506",
          "OSName/Windows",
          "OSVersion/Microsoft.Windows.10.0.19044",
          "Microsoft.Azure.Management.ManagementGroups.ManagementGroupsAPIClient/1.1.1.0"
        ]
      },
      "ResponseHeaders": {
        "Cache-Control": [
          "no-cache"
        ],
        "Pragma": [
          "no-cache"
        ],
        "x-ms-ratelimit-remaining-managementgroups-requests": [
          "59"
        ],
        "x-ms-request-id": [
          "westus:0b2cdeb2-4b0e-4446-88d4-2938829acd83"
        ],
        "x-ba-restapi": [
          "0.0.0.0"
        ],
        "client-request-id": [
          "0b2cdeb2-4b0e-4446-88d4-2938829acd83"
        ],
        "request-id": [
          "0b2cdeb2-4b0e-4446-88d4-2938829acd83"
        ],
        "Server": [
          "Microsoft-HTTPAPI/2.0"
        ],
        "x-ms-ratelimit-remaining-tenant-reads": [
          "11999"
        ],
        "x-ms-correlation-request-id": [
          "0b2cdeb2-4b0e-4446-88d4-2938829acd83"
        ],
        "x-ms-routing-request-id": [
          "WESTUS:20220406T191233Z:0b2cdeb2-4b0e-4446-88d4-2938829acd83"
        ],
        "Strict-Transport-Security": [
          "max-age=31536000; includeSubDomains"
        ],
        "X-Content-Type-Options": [
          "nosniff"
        ],
        "Date": [
          "Wed, 06 Apr 2022 19:12:33 GMT"
        ],
        "Content-Length": [
          "503"
        ],
        "Content-Type": [
          "application/json; charset=utf-8"
        ],
        "Expires": [
          "-1"
        ],
        "Retry-After": [
          "0"
        ]
      },
      "ResponseBody": "{\r\n  \"id\": \"/providers/Microsoft.Management/managementGroups/TestPSGetGroup2\",\r\n  \"type\": \"Microsoft.Management/managementGroups\",\r\n  \"name\": \"TestPSGetGroup2\",\r\n  \"properties\": {\r\n    \"tenantId\": \"c7a87cda-9a66-4920-b0f8-869baa04efe0\",\r\n    \"displayName\": \"TestPSGetGroup2\",\r\n    \"details\": {\r\n      \"version\": 14,\r\n      \"updatedTime\": \"2022-04-06T19:07:27.8023319Z\",\r\n      \"updatedBy\": \"9e41f384-0aa9-41bc-a29d-6d956cd8eadb\",\r\n      \"parent\": {\r\n        \"id\": \"/providers/Microsoft.Management/managementGroups/TestPSGetGroup1\",\r\n        \"name\": \"TestPSGetGroup1\",\r\n        \"displayName\": \"TestPSGetGroup1\"\r\n      }\r\n    }\r\n  }\r\n}",
      "StatusCode": 200
    }
  ],
  "Names": {},
  "Variables": {
    "SubscriptionId": "5602fbd9-fb0d-4fbb-98b3-10c8ea20b6de"
  }
}