{
  "Entries": [
    {
      "RequestUri": "/subscriptions/5b4b650e-28b9-4790-b3ab-ddbd88d727c4/resourcegroups/RGName-ps1822?api-version=2016-09-01",
      "EncodedRequestUri": "L3N1YnNjcmlwdGlvbnMvNWI0YjY1MGUtMjhiOS00NzkwLWIzYWItZGRiZDg4ZDcyN2M0L3Jlc291cmNlZ3JvdXBzL1JHTmFtZS1wczE4MjI/YXBpLXZlcnNpb249MjAxNi0wOS0wMQ==",
      "RequestMethod": "PUT",
      "RequestHeaders": {
        "x-ms-client-request-id": [
          "e97bc7db-4afb-4aab-8840-d4593f363069"
        ],
        "Accept-Language": [
          "en-US"
        ],
        "User-Agent": [
          "FxVersion/4.700.22.41602",
          "OSName/Windows",
          "OSVersion/Microsoft.Windows.10.0.22621",
          "Microsoft.Azure.Management.Internal.Resources.ResourceManagementClient/1.3.62"
        ],
        "Content-Type": [
          "application/json; charset=utf-8"
        ],
        "Content-Length": [
          "35"
        ]
      },
      "RequestBody": "{\r\n  \"location\": \"westcentralus\"\r\n}",
      "ResponseHeaders": {
        "Cache-Control": [
          "no-cache"
        ],
        "Pragma": [
          "no-cache"
        ],
        "x-ms-ratelimit-remaining-subscription-writes": [
          "1199"
        ],
        "x-ms-request-id": [
          "c6bc2c16-7b09-4896-a61f-48ad5a9b1e46"
        ],
        "x-ms-correlation-request-id": [
          "c6bc2c16-7b09-4896-a61f-48ad5a9b1e46"
        ],
        "x-ms-routing-request-id": [
          "WESTUS2:20221005T230242Z:c6bc2c16-7b09-4896-a61f-48ad5a9b1e46"
        ],
        "Strict-Transport-Security": [
          "max-age=31536000; includeSubDomains"
        ],
        "X-Content-Type-Options": [
          "nosniff"
        ],
        "Date": [
          "Wed, 05 Oct 2022 23:02:42 GMT"
        ],
        "Content-Length": [
          "186"
        ],
        "Content-Type": [
          "application/json; charset=utf-8"
        ],
        "Expires": [
          "-1"
        ]
      },
      "ResponseBody": "{\r\n  \"id\": \"/subscriptions/5b4b650e-28b9-4790-b3ab-ddbd88d727c4/resourceGroups/RGName-ps1822\",\r\n  \"name\": \"RGName-ps1822\",\r\n  \"location\": \"westcentralus\",\r\n  \"properties\": {\r\n    \"provisioningState\": \"Succeeded\"\r\n  }\r\n}",
      "StatusCode": 201
    },
    {
      "RequestUri": "/subscriptions/5b4b650e-28b9-4790-b3ab-ddbd88d727c4/resourceGroups/RGName-ps1822/providers/Microsoft.EventGrid/topics/PSTestTopic-ps2814?api-version=2022-06-15",
      "EncodedRequestUri": "L3N1YnNjcmlwdGlvbnMvNWI0YjY1MGUtMjhiOS00NzkwLWIzYWItZGRiZDg4ZDcyN2M0L3Jlc291cmNlR3JvdXBzL1JHTmFtZS1wczE4MjIvcHJvdmlkZXJzL01pY3Jvc29mdC5FdmVudEdyaWQvdG9waWNzL1BTVGVzdFRvcGljLXBzMjgxND9hcGktdmVyc2lvbj0yMDIyLTA2LTE1",
      "RequestMethod": "PUT",
      "RequestHeaders": {
        "x-ms-client-request-id": [
          "17c0325f-7c4e-4ebb-b79a-d5b899e27229"
        ],
        "Accept-Language": [
          "en-US"
        ],
        "User-Agent": [
          "FxVersion/4.700.22.41602",
          "OSName/Windows",
          "OSVersion/Microsoft.Windows.10.0.22621",
          "Microsoft.Azure.Management.EventGrid.EventGridManagementClient/8.0.0.0"
        ],
        "Content-Type": [
          "application/json; charset=utf-8"
        ],
        "Content-Length": [
          "190"
        ]
      },
      "RequestBody": "{\r\n  \"properties\": {\r\n    \"inputSchema\": \"EventGridSchema\",\r\n    \"publicNetworkAccess\": \"enabled\"\r\n  },\r\n  \"identity\": {\r\n    \"type\": \"SystemAssigned\"\r\n  },\r\n  \"location\": \"westcentralus\"\r\n}",
      "ResponseHeaders": {
        "Cache-Control": [
          "no-cache"
        ],
        "Pragma": [
          "no-cache"
        ],
        "Retry-After": [
          "10"
        ],
        "Strict-Transport-Security": [
          "max-age=31536000; includeSubDomains"
        ],
        "Azure-AsyncOperation": [
          "https://management.azure.com:443/subscriptions/5b4b650e-28b9-4790-b3ab-ddbd88d727c4/providers/Microsoft.EventGrid/locations/westcentralus/operationsStatus/44EB99BA-3E8C-4A93-8D7D-95D51AB91613?api-version=2022-06-15"
        ],
        "x-ms-request-id": [
          "63a698f9-1e04-4956-b09d-aaf3f96c7f22"
        ],
        "Server": [
          "Microsoft-HTTPAPI/2.0"
        ],
        "x-ms-ratelimit-remaining-subscription-writes": [
          "1199"
        ],
        "x-ms-correlation-request-id": [
          "4ec6e47c-4dd3-4df4-a728-09a97e9ecd8f"
        ],
        "x-ms-routing-request-id": [
          "WESTUS2:20221005T230244Z:4ec6e47c-4dd3-4df4-a728-09a97e9ecd8f"
        ],
        "X-Content-Type-Options": [
          "nosniff"
        ],
        "Date": [
          "Wed, 05 Oct 2022 23:02:44 GMT"
        ],
        "Content-Length": [
          "562"
        ],
        "Content-Type": [
          "application/json; charset=utf-8"
        ],
        "Expires": [
          "-1"
        ]
      },
      "ResponseBody": "{\r\n  \"properties\": {\r\n    \"provisioningState\": \"Creating\",\r\n    \"endpoint\": null,\r\n    \"inputSchema\": \"EventGridSchema\",\r\n    \"publicNetworkAccess\": \"Enabled\"\r\n  },\r\n  \"identity\": {\r\n    \"type\": \"SystemAssigned\",\r\n    \"principalId\": \"58dd7276-3a08-4996-af47-1544e70f67d1\",\r\n    \"tenantId\": \"72f988bf-86f1-41af-91ab-2d7cd011db47\",\r\n    \"userAssignedIdentities\": null\r\n  },\r\n  \"systemData\": null,\r\n  \"location\": \"westcentralus\",\r\n  \"tags\": null,\r\n  \"id\": \"/subscriptions/5b4b650e-28b9-4790-b3ab-ddbd88d727c4/resourceGroups/RGName-ps1822/providers/Microsoft.EventGrid/topics/PSTestTopic-ps2814\",\r\n  \"name\": \"PSTestTopic-ps2814\",\r\n  \"type\": \"Microsoft.EventGrid/topics\"\r\n}",
      "StatusCode": 201
    },
    {
      "RequestUri": "/subscriptions/5b4b650e-28b9-4790-b3ab-ddbd88d727c4/providers/Microsoft.EventGrid/locations/westcentralus/operationsStatus/44EB99BA-3E8C-4A93-8D7D-95D51AB91613?api-version=2022-06-15",
      "EncodedRequestUri": "L3N1YnNjcmlwdGlvbnMvNWI0YjY1MGUtMjhiOS00NzkwLWIzYWItZGRiZDg4ZDcyN2M0L3Byb3ZpZGVycy9NaWNyb3NvZnQuRXZlbnRHcmlkL2xvY2F0aW9ucy93ZXN0Y2VudHJhbHVzL29wZXJhdGlvbnNTdGF0dXMvNDRFQjk5QkEtM0U4Qy00QTkzLThEN0QtOTVENTFBQjkxNjEzP2FwaS12ZXJzaW9uPTIwMjItMDYtMTU=",
      "RequestMethod": "GET",
      "RequestHeaders": {
        "x-ms-client-request-id": [
          "17c0325f-7c4e-4ebb-b79a-d5b899e27229"
        ],
        "User-Agent": [
          "FxVersion/4.700.22.41602",
          "OSName/Windows",
          "OSVersion/Microsoft.Windows.10.0.22621",
          "Microsoft.Azure.Management.EventGrid.EventGridManagementClient/8.0.0.0"
        ]
      },
      "RequestBody": "",
      "ResponseHeaders": {
        "Cache-Control": [
          "no-cache"
        ],
        "Pragma": [
          "no-cache"
        ],
        "Strict-Transport-Security": [
          "max-age=31536000; includeSubDomains"
        ],
        "x-ms-request-id": [
          "fb3bbbfd-d2db-4697-aafb-c2154c06fd63"
        ],
        "Server": [
          "Microsoft-HTTPAPI/2.0"
        ],
        "x-ms-ratelimit-remaining-subscription-reads": [
          "11999"
        ],
        "x-ms-correlation-request-id": [
          "a0f96ed0-6e9c-4469-8e3c-8654930abf72"
        ],
        "x-ms-routing-request-id": [
          "WESTUS2:20221005T230254Z:a0f96ed0-6e9c-4469-8e3c-8654930abf72"
        ],
        "X-Content-Type-Options": [
          "nosniff"
        ],
        "Date": [
          "Wed, 05 Oct 2022 23:02:54 GMT"
        ],
        "Content-Length": [
          "286"
        ],
        "Content-Type": [
          "application/json; charset=utf-8"
        ],
        "Expires": [
          "-1"
        ]
      },
      "ResponseBody": "{\r\n  \"id\": \"https://management.azure.com/subscriptions/5b4b650e-28b9-4790-b3ab-ddbd88d727c4/providers/Microsoft.EventGrid/locations/westcentralus/operationsStatus/44EB99BA-3E8C-4A93-8D7D-95D51AB91613?api-version=2022-06-15\",\r\n  \"name\": \"44eb99ba-3e8c-4a93-8d7d-95d51ab91613\",\r\n  \"status\": \"Succeeded\"\r\n}",
      "StatusCode": 200
    },
    {
      "RequestUri": "/subscriptions/5b4b650e-28b9-4790-b3ab-ddbd88d727c4/resourceGroups/RGName-ps1822/providers/Microsoft.EventGrid/topics/PSTestTopic-ps2814?api-version=2022-06-15",
      "EncodedRequestUri": "L3N1YnNjcmlwdGlvbnMvNWI0YjY1MGUtMjhiOS00NzkwLWIzYWItZGRiZDg4ZDcyN2M0L3Jlc291cmNlR3JvdXBzL1JHTmFtZS1wczE4MjIvcHJvdmlkZXJzL01pY3Jvc29mdC5FdmVudEdyaWQvdG9waWNzL1BTVGVzdFRvcGljLXBzMjgxND9hcGktdmVyc2lvbj0yMDIyLTA2LTE1",
      "RequestMethod": "GET",
      "RequestHeaders": {
        "x-ms-client-request-id": [
          "17c0325f-7c4e-4ebb-b79a-d5b899e27229"
        ],
        "User-Agent": [
          "FxVersion/4.700.22.41602",
          "OSName/Windows",
          "OSVersion/Microsoft.Windows.10.0.22621",
          "Microsoft.Azure.Management.EventGrid.EventGridManagementClient/8.0.0.0"
        ]
      },
      "RequestBody": "",
      "ResponseHeaders": {
        "Cache-Control": [
          "no-cache"
        ],
        "Pragma": [
          "no-cache"
        ],
        "Strict-Transport-Security": [
          "max-age=31536000; includeSubDomains"
        ],
        "x-ms-request-id": [
          "925f1e93-d53b-433c-b7a9-ee80f843e8af"
        ],
        "Server": [
          "Microsoft-HTTPAPI/2.0"
        ],
        "x-ms-ratelimit-remaining-subscription-reads": [
          "11998"
        ],
        "x-ms-correlation-request-id": [
          "6e806a94-4a2d-4bb2-83df-ea74ce5c32ae"
        ],
        "x-ms-routing-request-id": [
          "WESTUS2:20221005T230254Z:6e806a94-4a2d-4bb2-83df-ea74ce5c32ae"
        ],
        "X-Content-Type-Options": [
          "nosniff"
        ],
        "Date": [
          "Wed, 05 Oct 2022 23:02:54 GMT"
        ],
        "Content-Length": [
          "732"
        ],
        "Content-Type": [
          "application/json; charset=utf-8"
        ],
        "Expires": [
          "-1"
        ]
      },
      "ResponseBody": "{\r\n  \"properties\": {\r\n    \"provisioningState\": \"Succeeded\",\r\n    \"endpoint\": \"https://pstesttopic-ps2814.westcentralus-1.eventgrid.azure.net/api/events\",\r\n    \"inputSchema\": \"EventGridSchema\",\r\n    \"metricResourceId\": \"ee567463-c1c9-4712-b6df-518a2faebc51\",\r\n    \"publicNetworkAccess\": \"Enabled\",\r\n    \"dataResidencyBoundary\": \"WithinGeopair\"\r\n  },\r\n  \"identity\": {\r\n    \"type\": \"SystemAssigned\",\r\n    \"principalId\": \"58dd7276-3a08-4996-af47-1544e70f67d1\",\r\n    \"tenantId\": \"72f988bf-86f1-41af-91ab-2d7cd011db47\",\r\n    \"userAssignedIdentities\": null\r\n  },\r\n  \"systemData\": null,\r\n  \"location\": \"westcentralus\",\r\n  \"tags\": null,\r\n  \"id\": \"/subscriptions/5b4b650e-28b9-4790-b3ab-ddbd88d727c4/resourceGroups/RGName-ps1822/providers/Microsoft.EventGrid/topics/PSTestTopic-ps2814\",\r\n  \"name\": \"PSTestTopic-ps2814\",\r\n  \"type\": \"Microsoft.EventGrid/topics\"\r\n}",
      "StatusCode": 200
    },
    {
      "RequestUri": "/subscriptions/5b4b650e-28b9-4790-b3ab-ddbd88d727c4/resourceGroups/RGName-ps1822/providers/Microsoft.EventGrid/topics/PSTestTopic-ps9090?api-version=2022-06-15",
      "EncodedRequestUri": "L3N1YnNjcmlwdGlvbnMvNWI0YjY1MGUtMjhiOS00NzkwLWIzYWItZGRiZDg4ZDcyN2M0L3Jlc291cmNlR3JvdXBzL1JHTmFtZS1wczE4MjIvcHJvdmlkZXJzL01pY3Jvc29mdC5FdmVudEdyaWQvdG9waWNzL1BTVGVzdFRvcGljLXBzOTA5MD9hcGktdmVyc2lvbj0yMDIyLTA2LTE1",
      "RequestMethod": "PUT",
      "RequestHeaders": {
        "x-ms-client-request-id": [
          "b9f73384-c656-4839-a848-4a31da24aa51"
        ],
        "Accept-Language": [
          "en-US"
        ],
        "User-Agent": [
          "FxVersion/4.700.22.41602",
          "OSName/Windows",
          "OSVersion/Microsoft.Windows.10.0.22621",
          "Microsoft.Azure.Management.EventGrid.EventGridManagementClient/8.0.0.0"
        ],
        "Content-Type": [
          "application/json; charset=utf-8"
        ],
        "Content-Length": [
          "180"
        ]
      },
      "RequestBody": "{\r\n  \"properties\": {\r\n    \"inputSchema\": \"EventGridSchema\",\r\n    \"publicNetworkAccess\": \"enabled\"\r\n  },\r\n  \"identity\": {\r\n    \"type\": \"None\"\r\n  },\r\n  \"location\": \"westcentralus\"\r\n}",
      "ResponseHeaders": {
        "Cache-Control": [
          "no-cache"
        ],
        "Pragma": [
          "no-cache"
        ],
        "Retry-After": [
          "10"
        ],
        "Strict-Transport-Security": [
          "max-age=31536000; includeSubDomains"
        ],
        "Azure-AsyncOperation": [
          "https://management.azure.com:443/subscriptions/5b4b650e-28b9-4790-b3ab-ddbd88d727c4/providers/Microsoft.EventGrid/locations/westcentralus/operationsStatus/48E4E51B-6DF4-49A4-BCE1-68923CB416D3?api-version=2022-06-15"
        ],
        "x-ms-request-id": [
          "c7087a3c-f795-4a6c-8f8b-3f2022d0cfe5"
        ],
        "Server": [
          "Microsoft-HTTPAPI/2.0"
        ],
        "x-ms-ratelimit-remaining-subscription-writes": [
          "1199"
        ],
        "x-ms-correlation-request-id": [
          "1f844a31-53c0-4376-9599-fcbf405af732"
        ],
        "x-ms-routing-request-id": [
          "WESTUS2:20221005T230257Z:1f844a31-53c0-4376-9599-fcbf405af732"
        ],
        "X-Content-Type-Options": [
          "nosniff"
        ],
        "Date": [
          "Wed, 05 Oct 2022 23:02:56 GMT"
        ],
        "Content-Length": [
          "484"
        ],
        "Content-Type": [
          "application/json; charset=utf-8"
        ],
        "Expires": [
          "-1"
        ]
      },
      "ResponseBody": "{\r\n  \"properties\": {\r\n    \"provisioningState\": \"Creating\",\r\n    \"endpoint\": null,\r\n    \"inputSchema\": \"EventGridSchema\",\r\n    \"publicNetworkAccess\": \"Enabled\"\r\n  },\r\n  \"identity\": {\r\n    \"type\": \"None\",\r\n    \"principalId\": null,\r\n    \"tenantId\": null,\r\n    \"userAssignedIdentities\": null\r\n  },\r\n  \"systemData\": null,\r\n  \"location\": \"westcentralus\",\r\n  \"tags\": null,\r\n  \"id\": \"/subscriptions/5b4b650e-28b9-4790-b3ab-ddbd88d727c4/resourceGroups/RGName-ps1822/providers/Microsoft.EventGrid/topics/PSTestTopic-ps9090\",\r\n  \"name\": \"PSTestTopic-ps9090\",\r\n  \"type\": \"Microsoft.EventGrid/topics\"\r\n}",
      "StatusCode": 201
    },
    {
      "RequestUri": "/subscriptions/5b4b650e-28b9-4790-b3ab-ddbd88d727c4/resourceGroups/RGName-ps1822/providers/Microsoft.EventGrid/topics/PSTestTopic-ps9090?api-version=2022-06-15",
      "EncodedRequestUri": "L3N1YnNjcmlwdGlvbnMvNWI0YjY1MGUtMjhiOS00NzkwLWIzYWItZGRiZDg4ZDcyN2M0L3Jlc291cmNlR3JvdXBzL1JHTmFtZS1wczE4MjIvcHJvdmlkZXJzL01pY3Jvc29mdC5FdmVudEdyaWQvdG9waWNzL1BTVGVzdFRvcGljLXBzOTA5MD9hcGktdmVyc2lvbj0yMDIyLTA2LTE1",
      "RequestMethod": "PUT",
      "RequestHeaders": {
        "x-ms-client-request-id": [
          "47333fbf-085a-4c80-ae1d-2ff45ab64527"
        ],
        "Accept-Language": [
          "en-US"
        ],
        "User-Agent": [
          "FxVersion/4.700.22.41602",
          "OSName/Windows",
          "OSVersion/Microsoft.Windows.10.0.22621",
          "Microsoft.Azure.Management.EventGrid.EventGridManagementClient/8.0.0.0"
        ],
        "Content-Type": [
          "application/json; charset=utf-8"
        ],
        "Content-Length": [
          "607"
        ]
      },
      "RequestBody": "{\r\n  \"properties\": {\r\n    \"publicNetworkAccess\": \"enabled\",\r\n    \"inboundIpRules\": [\r\n      {\r\n        \"ipMask\": \"10.2.0.0/8\",\r\n        \"action\": \"Allow\"\r\n      },\r\n      {\r\n        \"ipMask\": \"10.0.0.0/8\",\r\n        \"action\": \"Allow\"\r\n      }\r\n    ]\r\n  },\r\n  \"identity\": {\r\n    \"type\": \"UserAssigned\",\r\n    \"userAssignedIdentities\": {\r\n      \"/subscriptions/5b4b650e-28b9-4790-b3ab-ddbd88d727c4/resourceGroups/amh/providers/Microsoft.ManagedIdentity/userAssignedIdentities/testIdentity1\": {}\r\n    }\r\n  },\r\n  \"location\": \"westcentralus\",\r\n  \"tags\": {\r\n    \"test1\": \"testval1\",\r\n    \"test2\": \"testval2\"\r\n  }\r\n}",
      "ResponseHeaders": {
        "Cache-Control": [
          "no-cache"
        ],
        "Pragma": [
          "no-cache"
        ],
        "Retry-After": [
          "10"
        ],
        "Strict-Transport-Security": [
          "max-age=31536000; includeSubDomains"
        ],
        "Azure-AsyncOperation": [
          "https://management.azure.com:443/subscriptions/5b4b650e-28b9-4790-b3ab-ddbd88d727c4/providers/Microsoft.EventGrid/locations/westcentralus/operationsStatus/7E9DA663-C481-459A-91FE-192C82CE8411?api-version=2022-06-15"
        ],
        "x-ms-request-id": [
          "2593a9e6-e91e-485a-8b55-8bc07c5259f7"
        ],
        "Server": [
          "Microsoft-HTTPAPI/2.0"
        ],
        "x-ms-ratelimit-remaining-subscription-writes": [
          "1199"
        ],
        "x-ms-correlation-request-id": [
          "a2995f0f-9432-4040-8e04-31c83846bbac"
        ],
        "x-ms-routing-request-id": [
          "WESTUS2:20221005T230310Z:a2995f0f-9432-4040-8e04-31c83846bbac"
        ],
        "X-Content-Type-Options": [
          "nosniff"
        ],
        "Date": [
          "Wed, 05 Oct 2022 23:03:09 GMT"
        ],
        "Content-Length": [
          "776"
        ],
        "Content-Type": [
          "application/json; charset=utf-8"
        ],
        "Expires": [
          "-1"
        ]
      },
      "ResponseBody": "{\r\n  \"properties\": {\r\n    \"provisioningState\": \"Updating\",\r\n    \"endpoint\": null,\r\n    \"publicNetworkAccess\": \"Enabled\",\r\n    \"inboundIpRules\": [\r\n      {\r\n        \"ipMask\": \"10.2.0.0/8\",\r\n        \"action\": \"Allow\"\r\n      },\r\n      {\r\n        \"ipMask\": \"10.0.0.0/8\",\r\n        \"action\": \"Allow\"\r\n      }\r\n    ]\r\n  },\r\n  \"identity\": {\r\n    \"type\": \"UserAssigned\",\r\n    \"principalId\": null,\r\n    \"tenantId\": null,\r\n    \"userAssignedIdentities\": {\r\n      \"/subscriptions/5b4b650e-28b9-4790-b3ab-ddbd88d727c4/resourceGroups/amh/providers/Microsoft.ManagedIdentity/userAssignedIdentities/testIdentity1\": {\r\n        \"principalId\": null,\r\n        \"clientId\": null\r\n      }\r\n    }\r\n  },\r\n  \"systemData\": null,\r\n  \"location\": \"westcentralus\",\r\n  \"tags\": {\r\n    \"test1\": \"testval1\",\r\n    \"test2\": \"testval2\"\r\n  },\r\n  \"id\": \"/subscriptions/5b4b650e-28b9-4790-b3ab-ddbd88d727c4/resourceGroups/RGName-ps1822/providers/Microsoft.EventGrid/topics/PSTestTopic-ps9090\",\r\n  \"name\": \"PSTestTopic-ps9090\",\r\n  \"type\": \"Microsoft.EventGrid/topics\"\r\n}",
      "StatusCode": 201
    },
    {
      "RequestUri": "/subscriptions/5b4b650e-28b9-4790-b3ab-ddbd88d727c4/providers/Microsoft.EventGrid/locations/westcentralus/operationsStatus/48E4E51B-6DF4-49A4-BCE1-68923CB416D3?api-version=2022-06-15",
      "EncodedRequestUri": "L3N1YnNjcmlwdGlvbnMvNWI0YjY1MGUtMjhiOS00NzkwLWIzYWItZGRiZDg4ZDcyN2M0L3Byb3ZpZGVycy9NaWNyb3NvZnQuRXZlbnRHcmlkL2xvY2F0aW9ucy93ZXN0Y2VudHJhbHVzL29wZXJhdGlvbnNTdGF0dXMvNDhFNEU1MUItNkRGNC00OUE0LUJDRTEtNjg5MjNDQjQxNkQzP2FwaS12ZXJzaW9uPTIwMjItMDYtMTU=",
      "RequestMethod": "GET",
      "RequestHeaders": {
        "x-ms-client-request-id": [
          "b9f73384-c656-4839-a848-4a31da24aa51"
        ],
        "User-Agent": [
          "FxVersion/4.700.22.41602",
          "OSName/Windows",
          "OSVersion/Microsoft.Windows.10.0.22621",
          "Microsoft.Azure.Management.EventGrid.EventGridManagementClient/8.0.0.0"
        ]
      },
      "RequestBody": "",
      "ResponseHeaders": {
        "Cache-Control": [
          "no-cache"
        ],
        "Pragma": [
          "no-cache"
        ],
        "Strict-Transport-Security": [
          "max-age=31536000; includeSubDomains"
        ],
        "x-ms-request-id": [
          "ba325498-dcc1-4d61-ab33-87119d48d3e1"
        ],
        "Server": [
          "Microsoft-HTTPAPI/2.0"
        ],
        "x-ms-ratelimit-remaining-subscription-reads": [
          "11999"
        ],
        "x-ms-correlation-request-id": [
          "32cbcab0-9839-40c4-a97e-1367333527d7"
        ],
        "x-ms-routing-request-id": [
          "WESTUS2:20221005T230307Z:32cbcab0-9839-40c4-a97e-1367333527d7"
        ],
        "X-Content-Type-Options": [
          "nosniff"
        ],
        "Date": [
          "Wed, 05 Oct 2022 23:03:06 GMT"
        ],
        "Content-Length": [
          "286"
        ],
        "Content-Type": [
          "application/json; charset=utf-8"
        ],
        "Expires": [
          "-1"
        ]
      },
      "ResponseBody": "{\r\n  \"id\": \"https://management.azure.com/subscriptions/5b4b650e-28b9-4790-b3ab-ddbd88d727c4/providers/Microsoft.EventGrid/locations/westcentralus/operationsStatus/48E4E51B-6DF4-49A4-BCE1-68923CB416D3?api-version=2022-06-15\",\r\n  \"name\": \"48e4e51b-6df4-49a4-bce1-68923cb416d3\",\r\n  \"status\": \"Succeeded\"\r\n}",
      "StatusCode": 200
    },
    {
      "RequestUri": "/subscriptions/5b4b650e-28b9-4790-b3ab-ddbd88d727c4/resourceGroups/RGName-ps1822/providers/Microsoft.EventGrid/topics/PSTestTopic-ps9090?api-version=2022-06-15",
      "EncodedRequestUri": "L3N1YnNjcmlwdGlvbnMvNWI0YjY1MGUtMjhiOS00NzkwLWIzYWItZGRiZDg4ZDcyN2M0L3Jlc291cmNlR3JvdXBzL1JHTmFtZS1wczE4MjIvcHJvdmlkZXJzL01pY3Jvc29mdC5FdmVudEdyaWQvdG9waWNzL1BTVGVzdFRvcGljLXBzOTA5MD9hcGktdmVyc2lvbj0yMDIyLTA2LTE1",
      "RequestMethod": "GET",
      "RequestHeaders": {
        "x-ms-client-request-id": [
          "b9f73384-c656-4839-a848-4a31da24aa51"
        ],
        "User-Agent": [
          "FxVersion/4.700.22.41602",
          "OSName/Windows",
          "OSVersion/Microsoft.Windows.10.0.22621",
          "Microsoft.Azure.Management.EventGrid.EventGridManagementClient/8.0.0.0"
        ]
      },
      "RequestBody": "",
      "ResponseHeaders": {
        "Cache-Control": [
          "no-cache"
        ],
        "Pragma": [
          "no-cache"
        ],
        "Strict-Transport-Security": [
          "max-age=31536000; includeSubDomains"
        ],
        "x-ms-request-id": [
          "a01e60bf-7d58-4b0d-88f6-66d2f5a1ced8"
        ],
        "Server": [
          "Microsoft-HTTPAPI/2.0"
        ],
        "x-ms-ratelimit-remaining-subscription-reads": [
          "11998"
        ],
        "x-ms-correlation-request-id": [
          "7b6da7e3-7688-4d81-9ba7-1e0f5032e317"
        ],
        "x-ms-routing-request-id": [
          "WESTUS2:20221005T230307Z:7b6da7e3-7688-4d81-9ba7-1e0f5032e317"
        ],
        "X-Content-Type-Options": [
          "nosniff"
        ],
        "Date": [
          "Wed, 05 Oct 2022 23:03:06 GMT"
        ],
        "Content-Length": [
          "654"
        ],
        "Content-Type": [
          "application/json; charset=utf-8"
        ],
        "Expires": [
          "-1"
        ]
      },
      "ResponseBody": "{\r\n  \"properties\": {\r\n    \"provisioningState\": \"Succeeded\",\r\n    \"endpoint\": \"https://pstesttopic-ps9090.westcentralus-1.eventgrid.azure.net/api/events\",\r\n    \"inputSchema\": \"EventGridSchema\",\r\n    \"metricResourceId\": \"dbbfcb83-30d3-4dfe-8cab-b92dddc8738f\",\r\n    \"publicNetworkAccess\": \"Enabled\",\r\n    \"dataResidencyBoundary\": \"WithinGeopair\"\r\n  },\r\n  \"identity\": {\r\n    \"type\": \"None\",\r\n    \"principalId\": null,\r\n    \"tenantId\": null,\r\n    \"userAssignedIdentities\": null\r\n  },\r\n  \"systemData\": null,\r\n  \"location\": \"westcentralus\",\r\n  \"tags\": null,\r\n  \"id\": \"/subscriptions/5b4b650e-28b9-4790-b3ab-ddbd88d727c4/resourceGroups/RGName-ps1822/providers/Microsoft.EventGrid/topics/PSTestTopic-ps9090\",\r\n  \"name\": \"PSTestTopic-ps9090\",\r\n  \"type\": \"Microsoft.EventGrid/topics\"\r\n}",
      "StatusCode": 200
    },
    {
      "RequestUri": "/subscriptions/5b4b650e-28b9-4790-b3ab-ddbd88d727c4/resourceGroups/RGName-ps1822/providers/Microsoft.EventGrid/topics/PSTestTopic-ps9090?api-version=2022-06-15",
      "EncodedRequestUri": "L3N1YnNjcmlwdGlvbnMvNWI0YjY1MGUtMjhiOS00NzkwLWIzYWItZGRiZDg4ZDcyN2M0L3Jlc291cmNlR3JvdXBzL1JHTmFtZS1wczE4MjIvcHJvdmlkZXJzL01pY3Jvc29mdC5FdmVudEdyaWQvdG9waWNzL1BTVGVzdFRvcGljLXBzOTA5MD9hcGktdmVyc2lvbj0yMDIyLTA2LTE1",
      "RequestMethod": "GET",
      "RequestHeaders": {
        "x-ms-client-request-id": [
          "47333fbf-085a-4c80-ae1d-2ff45ab64527"
        ],
        "Accept-Language": [
          "en-US"
        ],
        "User-Agent": [
          "FxVersion/4.700.22.41602",
          "OSName/Windows",
          "OSVersion/Microsoft.Windows.10.0.22621",
          "Microsoft.Azure.Management.EventGrid.EventGridManagementClient/8.0.0.0"
        ]
      },
      "RequestBody": "",
      "ResponseHeaders": {
        "Cache-Control": [
          "no-cache"
        ],
        "Pragma": [
          "no-cache"
        ],
        "Strict-Transport-Security": [
          "max-age=31536000; includeSubDomains"
        ],
        "x-ms-request-id": [
          "1e1623e8-e7a9-4fc1-9f72-f4abcf961ebd"
        ],
        "Server": [
          "Microsoft-HTTPAPI/2.0"
        ],
        "x-ms-ratelimit-remaining-subscription-reads": [
          "11997"
        ],
        "x-ms-correlation-request-id": [
          "49f939d7-9465-430f-8b22-c025594953d4"
        ],
        "x-ms-routing-request-id": [
          "WESTUS2:20221005T230308Z:49f939d7-9465-430f-8b22-c025594953d4"
        ],
        "X-Content-Type-Options": [
          "nosniff"
        ],
        "Date": [
          "Wed, 05 Oct 2022 23:03:07 GMT"
        ],
        "Content-Length": [
          "654"
        ],
        "Content-Type": [
          "application/json; charset=utf-8"
        ],
        "Expires": [
          "-1"
        ]
      },
      "ResponseBody": "{\r\n  \"properties\": {\r\n    \"provisioningState\": \"Succeeded\",\r\n    \"endpoint\": \"https://pstesttopic-ps9090.westcentralus-1.eventgrid.azure.net/api/events\",\r\n    \"inputSchema\": \"EventGridSchema\",\r\n    \"metricResourceId\": \"dbbfcb83-30d3-4dfe-8cab-b92dddc8738f\",\r\n    \"publicNetworkAccess\": \"Enabled\",\r\n    \"dataResidencyBoundary\": \"WithinGeopair\"\r\n  },\r\n  \"identity\": {\r\n    \"type\": \"None\",\r\n    \"principalId\": null,\r\n    \"tenantId\": null,\r\n    \"userAssignedIdentities\": null\r\n  },\r\n  \"systemData\": null,\r\n  \"location\": \"westcentralus\",\r\n  \"tags\": null,\r\n  \"id\": \"/subscriptions/5b4b650e-28b9-4790-b3ab-ddbd88d727c4/resourceGroups/RGName-ps1822/providers/Microsoft.EventGrid/topics/PSTestTopic-ps9090\",\r\n  \"name\": \"PSTestTopic-ps9090\",\r\n  \"type\": \"Microsoft.EventGrid/topics\"\r\n}",
      "StatusCode": 200
    },
    {
      "RequestUri": "/subscriptions/5b4b650e-28b9-4790-b3ab-ddbd88d727c4/resourceGroups/RGName-ps1822/providers/Microsoft.EventGrid/topics/PSTestTopic-ps9090?api-version=2022-06-15",
      "EncodedRequestUri": "L3N1YnNjcmlwdGlvbnMvNWI0YjY1MGUtMjhiOS00NzkwLWIzYWItZGRiZDg4ZDcyN2M0L3Jlc291cmNlR3JvdXBzL1JHTmFtZS1wczE4MjIvcHJvdmlkZXJzL01pY3Jvc29mdC5FdmVudEdyaWQvdG9waWNzL1BTVGVzdFRvcGljLXBzOTA5MD9hcGktdmVyc2lvbj0yMDIyLTA2LTE1",
      "RequestMethod": "GET",
      "RequestHeaders": {
        "x-ms-client-request-id": [
          "47333fbf-085a-4c80-ae1d-2ff45ab64527"
        ],
        "User-Agent": [
          "FxVersion/4.700.22.41602",
          "OSName/Windows",
          "OSVersion/Microsoft.Windows.10.0.22621",
          "Microsoft.Azure.Management.EventGrid.EventGridManagementClient/8.0.0.0"
        ]
      },
      "RequestBody": "",
      "ResponseHeaders": {
        "Cache-Control": [
          "no-cache"
        ],
        "Pragma": [
          "no-cache"
        ],
        "Strict-Transport-Security": [
          "max-age=31536000; includeSubDomains"
        ],
        "x-ms-request-id": [
          "6a08f91d-e64f-4d3d-9578-b1c3a1c10525"
        ],
        "Server": [
          "Microsoft-HTTPAPI/2.0"
        ],
        "x-ms-ratelimit-remaining-subscription-reads": [
          "11995"
        ],
        "x-ms-correlation-request-id": [
          "a8feebdc-599a-4ffb-bbfd-fe9da32fe032"
        ],
        "x-ms-routing-request-id": [
          "WESTUS2:20221005T230320Z:a8feebdc-599a-4ffb-bbfd-fe9da32fe032"
        ],
        "X-Content-Type-Options": [
          "nosniff"
        ],
        "Date": [
          "Wed, 05 Oct 2022 23:03:19 GMT"
        ],
        "Content-Length": [
          "1046"
        ],
        "Content-Type": [
          "application/json; charset=utf-8"
        ],
        "Expires": [
          "-1"
        ]
      },
      "ResponseBody": "{\r\n  \"properties\": {\r\n    \"provisioningState\": \"Succeeded\",\r\n    \"endpoint\": \"https://pstesttopic-ps9090.westcentralus-1.eventgrid.azure.net/api/events\",\r\n    \"inputSchema\": \"EventGridSchema\",\r\n    \"metricResourceId\": \"dbbfcb83-30d3-4dfe-8cab-b92dddc8738f\",\r\n    \"publicNetworkAccess\": \"Enabled\",\r\n    \"inboundIpRules\": [\r\n      {\r\n        \"ipMask\": \"10.2.0.0/8\",\r\n        \"action\": \"Allow\"\r\n      },\r\n      {\r\n        \"ipMask\": \"10.0.0.0/8\",\r\n        \"action\": \"Allow\"\r\n      }\r\n    ],\r\n    \"dataResidencyBoundary\": \"WithinGeopair\"\r\n  },\r\n  \"identity\": {\r\n    \"type\": \"UserAssigned\",\r\n    \"principalId\": null,\r\n    \"tenantId\": null,\r\n    \"userAssignedIdentities\": {\r\n      \"/subscriptions/5b4b650e-28b9-4790-b3ab-ddbd88d727c4/resourceGroups/amh/providers/Microsoft.ManagedIdentity/userAssignedIdentities/testIdentity1\": {\r\n        \"principalId\": \"0558243c-d498-44a2-a8f9-92cb66e8bd68\",\r\n        \"clientId\": \"2ecf32a2-baf0-493c-b3b7-eec5556c5327\"\r\n      }\r\n    }\r\n  },\r\n  \"systemData\": null,\r\n  \"location\": \"westcentralus\",\r\n  \"tags\": {\r\n    \"test1\": \"testval1\",\r\n    \"test2\": \"testval2\"\r\n  },\r\n  \"id\": \"/subscriptions/5b4b650e-28b9-4790-b3ab-ddbd88d727c4/resourceGroups/RGName-ps1822/providers/Microsoft.EventGrid/topics/PSTestTopic-ps9090\",\r\n  \"name\": \"PSTestTopic-ps9090\",\r\n  \"type\": \"Microsoft.EventGrid/topics\"\r\n}",
      "StatusCode": 200
    },
    {
      "RequestUri": "/subscriptions/5b4b650e-28b9-4790-b3ab-ddbd88d727c4/providers/Microsoft.EventGrid/locations/westcentralus/operationsStatus/7E9DA663-C481-459A-91FE-192C82CE8411?api-version=2022-06-15",
      "EncodedRequestUri": "L3N1YnNjcmlwdGlvbnMvNWI0YjY1MGUtMjhiOS00NzkwLWIzYWItZGRiZDg4ZDcyN2M0L3Byb3ZpZGVycy9NaWNyb3NvZnQuRXZlbnRHcmlkL2xvY2F0aW9ucy93ZXN0Y2VudHJhbHVzL29wZXJhdGlvbnNTdGF0dXMvN0U5REE2NjMtQzQ4MS00NTlBLTkxRkUtMTkyQzgyQ0U4NDExP2FwaS12ZXJzaW9uPTIwMjItMDYtMTU=",
      "RequestMethod": "GET",
      "RequestHeaders": {
        "x-ms-client-request-id": [
          "47333fbf-085a-4c80-ae1d-2ff45ab64527"
        ],
        "User-Agent": [
          "FxVersion/4.700.22.41602",
          "OSName/Windows",
          "OSVersion/Microsoft.Windows.10.0.22621",
          "Microsoft.Azure.Management.EventGrid.EventGridManagementClient/8.0.0.0"
        ]
      },
      "RequestBody": "",
      "ResponseHeaders": {
        "Cache-Control": [
          "no-cache"
        ],
        "Pragma": [
          "no-cache"
        ],
        "Strict-Transport-Security": [
          "max-age=31536000; includeSubDomains"
        ],
        "x-ms-request-id": [
          "52f9c19f-325f-4377-aa99-0d2c359fa9af"
        ],
        "Server": [
          "Microsoft-HTTPAPI/2.0"
        ],
        "x-ms-ratelimit-remaining-subscription-reads": [
          "11996"
        ],
        "x-ms-correlation-request-id": [
          "9dbbe0b5-24c8-42fa-ac24-949cac8202ec"
        ],
        "x-ms-routing-request-id": [
          "WESTUS2:20221005T230320Z:9dbbe0b5-24c8-42fa-ac24-949cac8202ec"
        ],
        "X-Content-Type-Options": [
          "nosniff"
        ],
        "Date": [
          "Wed, 05 Oct 2022 23:03:19 GMT"
        ],
        "Content-Length": [
          "286"
        ],
        "Content-Type": [
          "application/json; charset=utf-8"
        ],
        "Expires": [
          "-1"
        ]
      },
      "ResponseBody": "{\r\n  \"id\": \"https://management.azure.com/subscriptions/5b4b650e-28b9-4790-b3ab-ddbd88d727c4/providers/Microsoft.EventGrid/locations/westcentralus/operationsStatus/7E9DA663-C481-459A-91FE-192C82CE8411?api-version=2022-06-15\",\r\n  \"name\": \"7e9da663-c481-459a-91fe-192c82ce8411\",\r\n  \"status\": \"Succeeded\"\r\n}",
      "StatusCode": 200
    },
    {
      "RequestUri": "/subscriptions/5b4b650e-28b9-4790-b3ab-ddbd88d727c4/resourceGroups/RGName-ps1822/providers/Microsoft.EventGrid/topics/PSTestTopic-ps2814?api-version=2022-06-15",
      "EncodedRequestUri": "L3N1YnNjcmlwdGlvbnMvNWI0YjY1MGUtMjhiOS00NzkwLWIzYWItZGRiZDg4ZDcyN2M0L3Jlc291cmNlR3JvdXBzL1JHTmFtZS1wczE4MjIvcHJvdmlkZXJzL01pY3Jvc29mdC5FdmVudEdyaWQvdG9waWNzL1BTVGVzdFRvcGljLXBzMjgxND9hcGktdmVyc2lvbj0yMDIyLTA2LTE1",
      "RequestMethod": "DELETE",
      "RequestHeaders": {
        "x-ms-client-request-id": [
          "89dac15e-1eb2-48f2-a07b-48a7491118ea"
        ],
        "Accept-Language": [
          "en-US"
        ],
        "User-Agent": [
          "FxVersion/4.700.22.41602",
          "OSName/Windows",
          "OSVersion/Microsoft.Windows.10.0.22621",
          "Microsoft.Azure.Management.EventGrid.EventGridManagementClient/8.0.0.0"
        ]
      },
      "RequestBody": "",
      "ResponseHeaders": {
        "Cache-Control": [
          "no-cache"
        ],
        "Pragma": [
          "no-cache"
        ],
        "Location": [
          "https://management.azure.com/subscriptions/5b4b650e-28b9-4790-b3ab-ddbd88d727c4/providers/Microsoft.EventGrid/locations/westcentralus/operationResults/F2A865B3-34DA-4D02-B304-06CEF7AB7E82?api-version=2022-06-15"
        ],
        "Retry-After": [
          "10"
        ],
        "Strict-Transport-Security": [
          "max-age=31536000; includeSubDomains"
        ],
        "Azure-AsyncOperation": [
          "https://management.azure.com:443/subscriptions/5b4b650e-28b9-4790-b3ab-ddbd88d727c4/providers/Microsoft.EventGrid/locations/westcentralus/operationsStatus/F2A865B3-34DA-4D02-B304-06CEF7AB7E82?api-version=2022-06-15"
        ],
        "Server": [
          "Microsoft-HTTPAPI/2.0"
        ],
        "x-ms-ratelimit-remaining-subscription-deletes": [
          "14999"
        ],
        "x-ms-request-id": [
          "1d4f03df-8399-4064-970d-5e9181e7cb6b"
        ],
        "x-ms-correlation-request-id": [
          "1d4f03df-8399-4064-970d-5e9181e7cb6b"
        ],
        "x-ms-routing-request-id": [
          "WESTUS2:20221005T230321Z:1d4f03df-8399-4064-970d-5e9181e7cb6b"
        ],
        "X-Content-Type-Options": [
          "nosniff"
        ],
        "Date": [
          "Wed, 05 Oct 2022 23:03:21 GMT"
        ],
        "Expires": [
          "-1"
        ],
        "Content-Length": [
          "0"
        ]
      },
      "ResponseBody": "",
      "StatusCode": 202
    },
    {
      "RequestUri": "/subscriptions/5b4b650e-28b9-4790-b3ab-ddbd88d727c4/providers/Microsoft.EventGrid/locations/westcentralus/operationsStatus/F2A865B3-34DA-4D02-B304-06CEF7AB7E82?api-version=2022-06-15",
      "EncodedRequestUri": "L3N1YnNjcmlwdGlvbnMvNWI0YjY1MGUtMjhiOS00NzkwLWIzYWItZGRiZDg4ZDcyN2M0L3Byb3ZpZGVycy9NaWNyb3NvZnQuRXZlbnRHcmlkL2xvY2F0aW9ucy93ZXN0Y2VudHJhbHVzL29wZXJhdGlvbnNTdGF0dXMvRjJBODY1QjMtMzREQS00RDAyLUIzMDQtMDZDRUY3QUI3RTgyP2FwaS12ZXJzaW9uPTIwMjItMDYtMTU=",
      "RequestMethod": "GET",
      "RequestHeaders": {
        "x-ms-client-request-id": [
          "89dac15e-1eb2-48f2-a07b-48a7491118ea"
        ],
        "User-Agent": [
          "FxVersion/4.700.22.41602",
          "OSName/Windows",
          "OSVersion/Microsoft.Windows.10.0.22621",
          "Microsoft.Azure.Management.EventGrid.EventGridManagementClient/8.0.0.0"
        ]
      },
      "RequestBody": "",
      "ResponseHeaders": {
        "Cache-Control": [
          "no-cache"
        ],
        "Pragma": [
          "no-cache"
        ],
        "Strict-Transport-Security": [
          "max-age=31536000; includeSubDomains"
        ],
        "x-ms-request-id": [
          "1842ef0b-262f-4840-bc8c-338955955779"
        ],
        "Server": [
          "Microsoft-HTTPAPI/2.0"
        ],
        "x-ms-ratelimit-remaining-subscription-reads": [
          "11998"
        ],
        "x-ms-correlation-request-id": [
          "043b8f4b-fd94-4cfe-9c3c-13c6d2d63072"
        ],
        "x-ms-routing-request-id": [
          "WESTUS2:20221005T230331Z:043b8f4b-fd94-4cfe-9c3c-13c6d2d63072"
        ],
        "X-Content-Type-Options": [
          "nosniff"
        ],
        "Date": [
          "Wed, 05 Oct 2022 23:03:31 GMT"
        ],
        "Content-Length": [
          "286"
        ],
        "Content-Type": [
          "application/json; charset=utf-8"
        ],
        "Expires": [
          "-1"
        ]
      },
      "ResponseBody": "{\r\n  \"id\": \"https://management.azure.com/subscriptions/5b4b650e-28b9-4790-b3ab-ddbd88d727c4/providers/Microsoft.EventGrid/locations/westcentralus/operationsStatus/F2A865B3-34DA-4D02-B304-06CEF7AB7E82?api-version=2022-06-15\",\r\n  \"name\": \"f2a865b3-34da-4d02-b304-06cef7ab7e82\",\r\n  \"status\": \"Succeeded\"\r\n}",
      "StatusCode": 200
    },
    {
      "RequestUri": "/subscriptions/5b4b650e-28b9-4790-b3ab-ddbd88d727c4/providers/Microsoft.EventGrid/locations/westcentralus/operationResults/F2A865B3-34DA-4D02-B304-06CEF7AB7E82?api-version=2022-06-15",
      "EncodedRequestUri": "L3N1YnNjcmlwdGlvbnMvNWI0YjY1MGUtMjhiOS00NzkwLWIzYWItZGRiZDg4ZDcyN2M0L3Byb3ZpZGVycy9NaWNyb3NvZnQuRXZlbnRHcmlkL2xvY2F0aW9ucy93ZXN0Y2VudHJhbHVzL29wZXJhdGlvblJlc3VsdHMvRjJBODY1QjMtMzREQS00RDAyLUIzMDQtMDZDRUY3QUI3RTgyP2FwaS12ZXJzaW9uPTIwMjItMDYtMTU=",
      "RequestMethod": "GET",
      "RequestHeaders": {
        "x-ms-client-request-id": [
          "89dac15e-1eb2-48f2-a07b-48a7491118ea"
        ],
        "User-Agent": [
          "FxVersion/4.700.22.41602",
          "OSName/Windows",
          "OSVersion/Microsoft.Windows.10.0.22621",
          "Microsoft.Azure.Management.EventGrid.EventGridManagementClient/8.0.0.0"
        ]
      },
      "RequestBody": "",
      "ResponseHeaders": {
        "Cache-Control": [
          "no-cache"
        ],
        "Pragma": [
          "no-cache"
        ],
        "Strict-Transport-Security": [
          "max-age=31536000; includeSubDomains"
        ],
        "x-ms-request-id": [
          "917b4d3b-fb22-4e31-8d3d-d732fe96091d"
        ],
        "Server": [
          "Microsoft-HTTPAPI/2.0"
        ],
        "x-ms-ratelimit-remaining-subscription-reads": [
          "11997"
        ],
        "x-ms-correlation-request-id": [
          "401525c9-d53a-4438-99d1-ab91dcf7b5e1"
        ],
        "x-ms-routing-request-id": [
          "WESTUS2:20221005T230331Z:401525c9-d53a-4438-99d1-ab91dcf7b5e1"
        ],
        "X-Content-Type-Options": [
          "nosniff"
        ],
        "Date": [
          "Wed, 05 Oct 2022 23:03:31 GMT"
        ],
        "Expires": [
          "-1"
        ],
        "Content-Length": [
          "0"
        ]
      },
      "ResponseBody": "",
      "StatusCode": 200
    },
    {
      "RequestUri": "/subscriptions/5b4b650e-28b9-4790-b3ab-ddbd88d727c4/resourceGroups/RGName-ps1822/providers/Microsoft.EventGrid/topics/PSTestTopic-ps9090?api-version=2022-06-15",
      "EncodedRequestUri": "L3N1YnNjcmlwdGlvbnMvNWI0YjY1MGUtMjhiOS00NzkwLWIzYWItZGRiZDg4ZDcyN2M0L3Jlc291cmNlR3JvdXBzL1JHTmFtZS1wczE4MjIvcHJvdmlkZXJzL01pY3Jvc29mdC5FdmVudEdyaWQvdG9waWNzL1BTVGVzdFRvcGljLXBzOTA5MD9hcGktdmVyc2lvbj0yMDIyLTA2LTE1",
      "RequestMethod": "DELETE",
      "RequestHeaders": {
        "x-ms-client-request-id": [
          "ea3839d0-08e1-426f-8256-2751ac121d66"
        ],
        "Accept-Language": [
          "en-US"
        ],
        "User-Agent": [
          "FxVersion/4.700.22.41602",
          "OSName/Windows",
          "OSVersion/Microsoft.Windows.10.0.22621",
          "Microsoft.Azure.Management.EventGrid.EventGridManagementClient/8.0.0.0"
        ]
      },
      "RequestBody": "",
      "ResponseHeaders": {
        "Cache-Control": [
          "no-cache"
        ],
        "Pragma": [
          "no-cache"
        ],
        "Location": [
          "https://management.azure.com/subscriptions/5b4b650e-28b9-4790-b3ab-ddbd88d727c4/providers/Microsoft.EventGrid/locations/westcentralus/operationResults/FA7B9806-C96C-4123-A20C-B6D632722AB1?api-version=2022-06-15"
        ],
        "Retry-After": [
          "10"
        ],
        "Strict-Transport-Security": [
          "max-age=31536000; includeSubDomains"
        ],
        "Azure-AsyncOperation": [
          "https://management.azure.com:443/subscriptions/5b4b650e-28b9-4790-b3ab-ddbd88d727c4/providers/Microsoft.EventGrid/locations/westcentralus/operationsStatus/FA7B9806-C96C-4123-A20C-B6D632722AB1?api-version=2022-06-15"
        ],
        "Server": [
          "Microsoft-HTTPAPI/2.0"
        ],
        "x-ms-ratelimit-remaining-subscription-deletes": [
          "14999"
        ],
        "x-ms-request-id": [
          "c59d919d-9fd7-407a-94cf-1f3ac7019ce8"
        ],
        "x-ms-correlation-request-id": [
          "c59d919d-9fd7-407a-94cf-1f3ac7019ce8"
        ],
        "x-ms-routing-request-id": [
          "WESTUS2:20221005T230332Z:c59d919d-9fd7-407a-94cf-1f3ac7019ce8"
        ],
        "X-Content-Type-Options": [
          "nosniff"
        ],
        "Date": [
          "Wed, 05 Oct 2022 23:03:32 GMT"
        ],
        "Expires": [
          "-1"
        ],
        "Content-Length": [
          "0"
        ]
      },
      "ResponseBody": "",
      "StatusCode": 202
    },
    {
      "RequestUri": "/subscriptions/5b4b650e-28b9-4790-b3ab-ddbd88d727c4/providers/Microsoft.EventGrid/locations/westcentralus/operationsStatus/FA7B9806-C96C-4123-A20C-B6D632722AB1?api-version=2022-06-15",
      "EncodedRequestUri": "L3N1YnNjcmlwdGlvbnMvNWI0YjY1MGUtMjhiOS00NzkwLWIzYWItZGRiZDg4ZDcyN2M0L3Byb3ZpZGVycy9NaWNyb3NvZnQuRXZlbnRHcmlkL2xvY2F0aW9ucy93ZXN0Y2VudHJhbHVzL29wZXJhdGlvbnNTdGF0dXMvRkE3Qjk4MDYtQzk2Qy00MTIzLUEyMEMtQjZENjMyNzIyQUIxP2FwaS12ZXJzaW9uPTIwMjItMDYtMTU=",
      "RequestMethod": "GET",
      "RequestHeaders": {
        "x-ms-client-request-id": [
          "ea3839d0-08e1-426f-8256-2751ac121d66"
        ],
        "User-Agent": [
          "FxVersion/4.700.22.41602",
          "OSName/Windows",
          "OSVersion/Microsoft.Windows.10.0.22621",
          "Microsoft.Azure.Management.EventGrid.EventGridManagementClient/8.0.0.0"
        ]
      },
      "RequestBody": "",
      "ResponseHeaders": {
        "Cache-Control": [
          "no-cache"
        ],
        "Pragma": [
          "no-cache"
        ],
        "Strict-Transport-Security": [
          "max-age=31536000; includeSubDomains"
        ],
        "x-ms-request-id": [
          "282a975f-efc6-4000-9fe7-f101a7ed41a9"
        ],
        "Server": [
          "Microsoft-HTTPAPI/2.0"
        ],
        "x-ms-ratelimit-remaining-subscription-reads": [
          "11998"
        ],
        "x-ms-correlation-request-id": [
          "1c28465a-bbc9-43a4-a0c0-a2c416237baf"
        ],
        "x-ms-routing-request-id": [
          "WESTUS2:20221005T230342Z:1c28465a-bbc9-43a4-a0c0-a2c416237baf"
        ],
        "X-Content-Type-Options": [
          "nosniff"
        ],
        "Date": [
          "Wed, 05 Oct 2022 23:03:42 GMT"
        ],
        "Content-Length": [
          "286"
        ],
        "Content-Type": [
          "application/json; charset=utf-8"
        ],
        "Expires": [
          "-1"
        ]
      },
      "ResponseBody": "{\r\n  \"id\": \"https://management.azure.com/subscriptions/5b4b650e-28b9-4790-b3ab-ddbd88d727c4/providers/Microsoft.EventGrid/locations/westcentralus/operationsStatus/FA7B9806-C96C-4123-A20C-B6D632722AB1?api-version=2022-06-15\",\r\n  \"name\": \"fa7b9806-c96c-4123-a20c-b6d632722ab1\",\r\n  \"status\": \"Succeeded\"\r\n}",
      "StatusCode": 200
    },
    {
      "RequestUri": "/subscriptions/5b4b650e-28b9-4790-b3ab-ddbd88d727c4/providers/Microsoft.EventGrid/locations/westcentralus/operationResults/FA7B9806-C96C-4123-A20C-B6D632722AB1?api-version=2022-06-15",
      "EncodedRequestUri": "L3N1YnNjcmlwdGlvbnMvNWI0YjY1MGUtMjhiOS00NzkwLWIzYWItZGRiZDg4ZDcyN2M0L3Byb3ZpZGVycy9NaWNyb3NvZnQuRXZlbnRHcmlkL2xvY2F0aW9ucy93ZXN0Y2VudHJhbHVzL29wZXJhdGlvblJlc3VsdHMvRkE3Qjk4MDYtQzk2Qy00MTIzLUEyMEMtQjZENjMyNzIyQUIxP2FwaS12ZXJzaW9uPTIwMjItMDYtMTU=",
      "RequestMethod": "GET",
      "RequestHeaders": {
        "x-ms-client-request-id": [
          "ea3839d0-08e1-426f-8256-2751ac121d66"
        ],
        "User-Agent": [
          "FxVersion/4.700.22.41602",
          "OSName/Windows",
          "OSVersion/Microsoft.Windows.10.0.22621",
          "Microsoft.Azure.Management.EventGrid.EventGridManagementClient/8.0.0.0"
        ]
      },
      "RequestBody": "",
      "ResponseHeaders": {
        "Cache-Control": [
          "no-cache"
        ],
        "Pragma": [
          "no-cache"
        ],
        "Strict-Transport-Security": [
          "max-age=31536000; includeSubDomains"
        ],
        "x-ms-request-id": [
          "546f9bf2-a9e5-4feb-9556-b4b59fba3c2b"
        ],
        "Server": [
          "Microsoft-HTTPAPI/2.0"
        ],
        "x-ms-ratelimit-remaining-subscription-reads": [
          "11997"
        ],
        "x-ms-correlation-request-id": [
          "3cebef2c-2d8e-4028-b671-dd96977420d4"
        ],
        "x-ms-routing-request-id": [
          "WESTUS2:20221005T230342Z:3cebef2c-2d8e-4028-b671-dd96977420d4"
        ],
        "X-Content-Type-Options": [
          "nosniff"
        ],
        "Date": [
          "Wed, 05 Oct 2022 23:03:42 GMT"
        ],
        "Expires": [
          "-1"
        ],
        "Content-Length": [
          "0"
        ]
      },
      "ResponseBody": "",
      "StatusCode": 200
    },
    {
      "RequestUri": "/subscriptions/5b4b650e-28b9-4790-b3ab-ddbd88d727c4/resourcegroups/RGName-ps1822?api-version=2016-09-01",
      "EncodedRequestUri": "L3N1YnNjcmlwdGlvbnMvNWI0YjY1MGUtMjhiOS00NzkwLWIzYWItZGRiZDg4ZDcyN2M0L3Jlc291cmNlZ3JvdXBzL1JHTmFtZS1wczE4MjI/YXBpLXZlcnNpb249MjAxNi0wOS0wMQ==",
      "RequestMethod": "DELETE",
      "RequestHeaders": {
        "x-ms-client-request-id": [
          "fce30a1b-9993-4d20-a75f-3155c368de0e"
        ],
        "Accept-Language": [
          "en-US"
        ],
        "User-Agent": [
          "FxVersion/4.700.22.41602",
          "OSName/Windows",
          "OSVersion/Microsoft.Windows.10.0.22621",
          "Microsoft.Azure.Management.Internal.Resources.ResourceManagementClient/1.3.62"
        ]
      },
      "RequestBody": "",
      "ResponseHeaders": {
        "Cache-Control": [
          "no-cache"
        ],
        "Pragma": [
          "no-cache"
        ],
        "Location": [
          "https://management.azure.com/subscriptions/5b4b650e-28b9-4790-b3ab-ddbd88d727c4/operationresults/eyJqb2JJZCI6IlJFU09VUkNFR1JPVVBERUxFVElPTkpPQi1SR05BTUU6MkRQUzE4MjItV0VTVENFTlRSQUxVUyIsImpvYkxvY2F0aW9uIjoid2VzdGNlbnRyYWx1cyJ9?api-version=2016-09-01"
        ],
        "Retry-After": [
          "15"
        ],
        "x-ms-ratelimit-remaining-subscription-deletes": [
          "14999"
        ],
        "x-ms-request-id": [
          "b59bf63b-c987-4d9c-b88d-80442e6b1f53"
        ],
        "x-ms-correlation-request-id": [
          "b59bf63b-c987-4d9c-b88d-80442e6b1f53"
        ],
        "x-ms-routing-request-id": [
          "WESTUS2:20221005T230344Z:b59bf63b-c987-4d9c-b88d-80442e6b1f53"
        ],
        "Strict-Transport-Security": [
          "max-age=31536000; includeSubDomains"
        ],
        "X-Content-Type-Options": [
          "nosniff"
        ],
        "Date": [
          "Wed, 05 Oct 2022 23:03:43 GMT"
        ],
        "Expires": [
          "-1"
        ],
        "Content-Length": [
          "0"
        ]
      },
      "ResponseBody": "",
      "StatusCode": 202
    },
    {
      "RequestUri": "/subscriptions/5b4b650e-28b9-4790-b3ab-ddbd88d727c4/operationresults/eyJqb2JJZCI6IlJFU09VUkNFR1JPVVBERUxFVElPTkpPQi1SR05BTUU6MkRQUzE4MjItV0VTVENFTlRSQUxVUyIsImpvYkxvY2F0aW9uIjoid2VzdGNlbnRyYWx1cyJ9?api-version=2016-09-01",
      "EncodedRequestUri": "L3N1YnNjcmlwdGlvbnMvNWI0YjY1MGUtMjhiOS00NzkwLWIzYWItZGRiZDg4ZDcyN2M0L29wZXJhdGlvbnJlc3VsdHMvZXlKcWIySkpaQ0k2SWxKRlUwOVZVa05GUjFKUFZWQkVSVXhGVkVsUFRrcFBRaTFTUjA1QlRVVTZNa1JRVXpFNE1qSXRWMFZUVkVORlRsUlNRVXhWVXlJc0ltcHZZa3h2WTJGMGFXOXVJam9pZDJWemRHTmxiblJ5WVd4MWN5Sjk/YXBpLXZlcnNpb249MjAxNi0wOS0wMQ==",
      "RequestMethod": "GET",
      "RequestHeaders": {
        "User-Agent": [
          "FxVersion/4.700.22.41602",
          "OSName/Windows",
          "OSVersion/Microsoft.Windows.10.0.22621",
          "Microsoft.Azure.Management.Internal.Resources.ResourceManagementClient/1.3.62"
        ]
      },
      "RequestBody": "",
      "ResponseHeaders": {
        "Cache-Control": [
          "no-cache"
        ],
        "Pragma": [
          "no-cache"
        ],
        "x-ms-ratelimit-remaining-subscription-reads": [
          "11998"
        ],
        "x-ms-request-id": [
          "f1fc9f98-99ee-4f64-a8a0-bcfa23c44f81"
        ],
        "x-ms-correlation-request-id": [
          "f1fc9f98-99ee-4f64-a8a0-bcfa23c44f81"
        ],
        "x-ms-routing-request-id": [
          "WESTUS2:20221005T230359Z:f1fc9f98-99ee-4f64-a8a0-bcfa23c44f81"
        ],
        "Strict-Transport-Security": [
          "max-age=31536000; includeSubDomains"
        ],
        "X-Content-Type-Options": [
          "nosniff"
        ],
        "Date": [
          "Wed, 05 Oct 2022 23:03:59 GMT"
        ],
        "Expires": [
          "-1"
        ],
        "Content-Length": [
          "0"
        ]
      },
      "ResponseBody": "",
      "StatusCode": 200
    },
    {
      "RequestUri": "/subscriptions/5b4b650e-28b9-4790-b3ab-ddbd88d727c4/operationresults/eyJqb2JJZCI6IlJFU09VUkNFR1JPVVBERUxFVElPTkpPQi1SR05BTUU6MkRQUzE4MjItV0VTVENFTlRSQUxVUyIsImpvYkxvY2F0aW9uIjoid2VzdGNlbnRyYWx1cyJ9?api-version=2016-09-01",
      "EncodedRequestUri": "L3N1YnNjcmlwdGlvbnMvNWI0YjY1MGUtMjhiOS00NzkwLWIzYWItZGRiZDg4ZDcyN2M0L29wZXJhdGlvbnJlc3VsdHMvZXlKcWIySkpaQ0k2SWxKRlUwOVZVa05GUjFKUFZWQkVSVXhGVkVsUFRrcFBRaTFTUjA1QlRVVTZNa1JRVXpFNE1qSXRWMFZUVkVORlRsUlNRVXhWVXlJc0ltcHZZa3h2WTJGMGFXOXVJam9pZDJWemRHTmxiblJ5WVd4MWN5Sjk/YXBpLXZlcnNpb249MjAxNi0wOS0wMQ==",
      "RequestMethod": "GET",
      "RequestHeaders": {
        "User-Agent": [
          "FxVersion/4.700.22.41602",
          "OSName/Windows",
          "OSVersion/Microsoft.Windows.10.0.22621",
          "Microsoft.Azure.Management.Internal.Resources.ResourceManagementClient/1.3.62"
        ]
      },
      "RequestBody": "",
      "ResponseHeaders": {
        "Cache-Control": [
          "no-cache"
        ],
        "Pragma": [
          "no-cache"
        ],
        "x-ms-ratelimit-remaining-subscription-reads": [
          "11997"
        ],
        "x-ms-request-id": [
          "a77c1e85-8de1-4953-8a98-289469ff4115"
        ],
        "x-ms-correlation-request-id": [
          "a77c1e85-8de1-4953-8a98-289469ff4115"
        ],
        "x-ms-routing-request-id": [
          "WESTUS2:20221005T230359Z:a77c1e85-8de1-4953-8a98-289469ff4115"
        ],
        "Strict-Transport-Security": [
          "max-age=31536000; includeSubDomains"
        ],
        "X-Content-Type-Options": [
          "nosniff"
        ],
        "Date": [
          "Wed, 05 Oct 2022 23:03:59 GMT"
        ],
        "Expires": [
          "-1"
        ],
        "Content-Length": [
          "0"
        ]
      },
      "ResponseBody": "",
      "StatusCode": 200
    }
  ],
  "Names": {
    "": [
      "ps2814",
      "ps9090",
      "ps1822"
    ]
  },
  "Variables": {
    "SubscriptionId": "5b4b650e-28b9-4790-b3ab-ddbd88d727c4"
  }
}