{
  "Entries": [
    {
      "RequestUri": "/1273adef-00a3-4086-a51a-dbcce1857d36/groups?api-version=1.6",
      "EncodedRequestUri": "LzEyNzNhZGVmLTAwYTMtNDA4Ni1hNTFhLWRiY2NlMTg1N2QzNi9ncm91cHM/YXBpLXZlcnNpb249MS42",
      "RequestMethod": "POST",
      "RequestBody": "{\r\n  \"displayName\": \"adgroup3155\",\r\n  \"mailNickname\": \"adgroupmail2387\",\r\n  \"mailEnabled\": false,\r\n  \"securityEnabled\": true\r\n}",
      "RequestHeaders": {
        "Content-Type": [
          "application/json; charset=utf-8"
        ],
        "Content-Length": [
          "127"
        ],
        "x-ms-client-request-id": [
          "2936a44d-3fbb-4118-9ac2-7cc411d0c8d0"
        ],
        "accept-language": [
          "en-US"
        ],
        "User-Agent": [
          "FxVersion/4.7.2102.0",
          "OSName/Windows10Enterprise",
          "OSVersion/6.3.15063",
          "Microsoft.Azure.Graph.RBAC.Version1_6.GraphRbacManagementClient/1.0.0.0"
        ]
      },
      "ResponseBody": "{\r\n  \"odata.metadata\": \"https://graph.windows.net/1273adef-00a3-4086-a51a-dbcce1857d36/$metadata#directoryObjects/Microsoft.DirectoryServices.Group/@Element\",\r\n  \"odata.type\": \"Microsoft.DirectoryServices.Group\",\r\n  \"objectType\": \"Group\",\r\n  \"objectId\": \"02bd9a34-67bf-4fb7-883d-1a4be42f8444\",\r\n  \"deletionTimestamp\": null,\r\n  \"description\": null,\r\n  \"dirSyncEnabled\": null,\r\n  \"displayName\": \"adgroup3155\",\r\n  \"lastDirSyncTime\": null,\r\n  \"mail\": null,\r\n  \"mailNickname\": \"adgroupmail2387\",\r\n  \"mailEnabled\": false,\r\n  \"onPremisesDomainName\": null,\r\n  \"onPremisesNetBiosName\": null,\r\n  \"onPremisesSamAccountName\": null,\r\n  \"onPremisesSecurityIdentifier\": null,\r\n  \"provisioningErrors\": [],\r\n  \"proxyAddresses\": [],\r\n  \"securityEnabled\": true\r\n}",
      "ResponseHeaders": {
        "Content-Length": [
          "647"
        ],
        "Content-Type": [
          "application/json; odata=minimalmetadata; streaming=true; charset=utf-8"
        ],
        "Expires": [
          "-1"
        ],
        "Pragma": [
          "no-cache"
        ],
        "ocp-aad-diagnostics-server-name": [
          "IUVRir15mj3RJgv6keBLLEgvPkjWh/IXR/QE+pxMpf0="
        ],
        "request-id": [
          "43621b25-e064-4b50-974f-b6c93c7156c2"
        ],
        "client-request-id": [
          "7f5e2d36-fff3-46c0-818c-b37b23c479e0"
        ],
        "x-ms-dirapi-data-contract-version": [
          "1.6"
        ],
        "ocp-aad-session-key": [
          "2Go9Ypm-LMmzMCJ8MZ0-wwNDrS-EaxgmeaT-S10uoNvUM6OyWUsiQiUxs9t4esfZwfIXa7CdT6moCayci9wF_3kHrvwaLYbPpSWZpcX3a9GUEJiLDMQOUfpAbuMUDSTqwjTKroljDzOXZ3GocPIMHg4O3AeZt2GHG7Vcv0ZBdvu6vD0i-YRaiUFQcLspVZnzhvG38A0h-VjtNqONaW9MrA.Rb0MuR0s3arAuetaTv4OF1ZPTdciGGEdXtN3SYGCVCQ"
        ],
        "X-Content-Type-Options": [
          "nosniff"
        ],
        "DataServiceVersion": [
          "3.0;"
        ],
        "Strict-Transport-Security": [
          "max-age=31536000; includeSubDomains"
        ],
        "Access-Control-Allow-Origin": [
          "*"
        ],
        "Duration": [
          "1542700"
        ],
        "Cache-Control": [
          "no-cache"
        ],
        "Location": [
          "https://graph.windows.net/1273adef-00a3-4086-a51a-dbcce1857d36/directoryObjects/02bd9a34-67bf-4fb7-883d-1a4be42f8444/Microsoft.DirectoryServices.Group"
        ],
        "Server": [
          "Microsoft-IIS/8.5"
        ],
        "X-AspNet-Version": [
          "4.0.30319"
        ],
        "X-Powered-By": [
          "ASP.NET",
          "ASP.NET"
        ],
        "Date": [
          "Tue, 19 Sep 2017 01:14:46 GMT"
        ]
      },
      "StatusCode": 201
    },
    {
      "RequestUri": "/1273adef-00a3-4086-a51a-dbcce1857d36/getObjectsByObjectIds?api-version=1.6",
      "EncodedRequestUri": "LzEyNzNhZGVmLTAwYTMtNDA4Ni1hNTFhLWRiY2NlMTg1N2QzNi9nZXRPYmplY3RzQnlPYmplY3RJZHM/YXBpLXZlcnNpb249MS42",
      "RequestMethod": "POST",
      "RequestBody": "{\r\n  \"objectIds\": [\r\n    \"02bd9a34-67bf-4fb7-883d-1a4be42f8444\"\r\n  ],\r\n  \"includeDirectoryObjectReferences\": true\r\n}",
      "RequestHeaders": {
        "Content-Type": [
          "application/json; charset=utf-8"
        ],
        "Content-Length": [
          "116"
        ],
        "x-ms-client-request-id": [
          "9a92c85f-ef9a-4641-9f3f-ddfa1fe52e5c"
        ],
        "accept-language": [
          "en-US"
        ],
        "User-Agent": [
          "FxVersion/4.7.2102.0",
          "OSName/Windows10Enterprise",
          "OSVersion/6.3.15063",
          "Microsoft.Azure.Graph.RBAC.Version1_6.GraphRbacManagementClient/1.0.0.0"
        ]
      },
      "ResponseBody": "{\r\n  \"odata.metadata\": \"https://graph.windows.net/1273adef-00a3-4086-a51a-dbcce1857d36/$metadata#directoryObjects\",\r\n  \"value\": [\r\n    {\r\n      \"odata.type\": \"Microsoft.DirectoryServices.Group\",\r\n      \"objectType\": \"Group\",\r\n      \"objectId\": \"02bd9a34-67bf-4fb7-883d-1a4be42f8444\",\r\n      \"deletionTimestamp\": null,\r\n      \"description\": null,\r\n      \"dirSyncEnabled\": null,\r\n      \"displayName\": \"adgroup3155\",\r\n      \"lastDirSyncTime\": null,\r\n      \"mail\": null,\r\n      \"mailNickname\": \"adgroupmail2387\",\r\n      \"mailEnabled\": false,\r\n      \"onPremisesDomainName\": null,\r\n      \"onPremisesNetBiosName\": null,\r\n      \"onPremisesSamAccountName\": null,\r\n      \"onPremisesSecurityIdentifier\": null,\r\n      \"provisioningErrors\": [],\r\n      \"proxyAddresses\": [],\r\n      \"securityEnabled\": true\r\n    }\r\n  ]\r\n}",
      "ResponseHeaders": {
        "Content-Length": [
          "616"
        ],
        "Content-Type": [
          "application/json; odata=minimalmetadata; streaming=true; charset=utf-8"
        ],
        "Expires": [
          "-1"
        ],
        "Pragma": [
          "no-cache"
        ],
        "ocp-aad-diagnostics-server-name": [
          "SU5fdDwsCqc7z2lm5DqXdq4BDcpBb/7KVd8B1LQCIVs="
        ],
        "request-id": [
          "219810a1-2f22-4c94-9e89-ff34c66682e6"
        ],
        "client-request-id": [
          "0c5d0027-dd9b-47c2-9daf-30735d00aaa2"
        ],
        "x-ms-dirapi-data-contract-version": [
          "1.6"
        ],
        "ocp-aad-session-key": [
          "IVwNpmePxjD90i9ldjcWMW31gdFYVJI3JmvwxHXopzg8jQMSqB7nxiyp-VIPUF86qGGyjcFpIgo7n4ilD7RXGMc-wPO3BMbgTgY-VaYwYGK6kxsgwQrRWkHHZ1Tea-QUXFm0Mbe6FJ6IkEwJA6NrhO6mU53t8HnHj3th6w23nm8V_25Ik8fP9PpbUY6dYGzo-jIFRpRFKfoOlUslHrtxRA.21W7lhADKuLCN7ZnMx_91YOs0TKugj_DHeQDUIK05hM"
        ],
        "X-Content-Type-Options": [
          "nosniff"
        ],
        "DataServiceVersion": [
          "3.0;"
        ],
        "Strict-Transport-Security": [
          "max-age=31536000; includeSubDomains"
        ],
        "Access-Control-Allow-Origin": [
          "*"
        ],
        "Duration": [
          "720751"
        ],
        "Cache-Control": [
          "no-cache"
        ],
        "Server": [
          "Microsoft-IIS/8.5"
        ],
        "X-AspNet-Version": [
          "4.0.30319"
        ],
        "X-Powered-By": [
          "ASP.NET",
          "ASP.NET"
        ],
        "Date": [
          "Tue, 19 Sep 2017 01:14:46 GMT"
        ]
      },
      "StatusCode": 200
    },
    {
      "RequestUri": "/1273adef-00a3-4086-a51a-dbcce1857d36/groups/02bd9a34-67bf-4fb7-883d-1a4be42f8444?api-version=1.6",
      "EncodedRequestUri": "LzEyNzNhZGVmLTAwYTMtNDA4Ni1hNTFhLWRiY2NlMTg1N2QzNi9ncm91cHMvMDJiZDlhMzQtNjdiZi00ZmI3LTg4M2QtMWE0YmU0MmY4NDQ0P2FwaS12ZXJzaW9uPTEuNg==",
      "RequestMethod": "DELETE",
      "RequestBody": "",
      "RequestHeaders": {
        "x-ms-client-request-id": [
          "7cb09452-4c96-479a-bdfa-ea60c8603654"
        ],
        "accept-language": [
          "en-US"
        ],
        "User-Agent": [
          "FxVersion/4.7.2102.0",
          "OSName/Windows10Enterprise",
          "OSVersion/6.3.15063",
          "Microsoft.Azure.Graph.RBAC.Version1_6.GraphRbacManagementClient/1.0.0.0"
        ]
      },
      "ResponseBody": "",
      "ResponseHeaders": {
        "Expires": [
          "-1"
        ],
        "Pragma": [
          "no-cache"
        ],
        "ocp-aad-diagnostics-server-name": [
          "DtvcVPtqaaHXo1s0keQF5e5ePpB7wWGVxIlKdtjGXok="
        ],
        "request-id": [
          "d764f53a-1e01-4db9-9048-c6c313b3b039"
        ],
        "client-request-id": [
          "1085b810-cfaf-4bbd-9ae9-f8d4aeedf851"
        ],
        "x-ms-dirapi-data-contract-version": [
          "1.6"
        ],
        "ocp-aad-session-key": [
          "1FN7-C7-Mtu4y9P7CmaEJFk5KA7JvYzZ2fCfwkQGNca56my1mxXt8T863wAHPay2dFfnLlbid2a4eiBce67HfrCuPPLhY5W1fxn2HRUdmCAoWHkYLz8MzDcaDGQJStxNfz_zTWMQFQ4p8i10oJ7xb76mdHJDnSSqfv4tS7F-s2D0xlWOA0WedH4SFejZMqvIPUBGLKagWXG3FFr7z2WWQQ.BdOrAI9fMh82IqITrD1C_doDM9Yx2SqGlZDsgNnvz7U"
        ],
        "X-Content-Type-Options": [
          "nosniff"
        ],
        "DataServiceVersion": [
          "1.0;"
        ],
        "Strict-Transport-Security": [
          "max-age=31536000; includeSubDomains"
        ],
        "Access-Control-Allow-Origin": [
          "*"
        ],
        "Duration": [
          "1514353"
        ],
        "Cache-Control": [
          "no-cache"
        ],
        "Server": [
          "Microsoft-IIS/8.5"
        ],
        "X-AspNet-Version": [
          "4.0.30319"
        ],
        "X-Powered-By": [
          "ASP.NET",
          "ASP.NET"
        ],
        "Date": [
          "Tue, 19 Sep 2017 01:14:46 GMT"
        ]
      },
      "StatusCode": 204
    }
  ],
  "Names": {
    "CreateNewAdGroup": [
      "adgroup3155",
      "adgroupmail2387"
    ]
  },
  "Variables": {
    "SubscriptionId": "4004a9fd-d58e-48dc-aeb2-4a4aec58606f",
    "TenantId": "1273adef-00a3-4086-a51a-dbcce1857d36",
    "Domain": "rbacclitest.onmicrosoft.com"
  }
}