{
  "Entries": [
    {
      "RequestUri": "/1449d5b7-8a83-47db-ae4c-9b03e888bad0/users?api-version=1.42-previewInternal",
      "RequestMethod": "POST",
      "RequestBody": "{\r\n  \"userPrincipalName\": \"aduser5093@rbactest.onmicrosoft.com\",\r\n  \"accountEnabled\": true,\r\n  \"displayName\": \"aduser5093\",\r\n  \"mailNickname\": \"aduser5093test\",\r\n  \"passwordProfile\": {\r\n    \"password\": \"adpass3800#$\",\r\n    \"forceChangePasswordNextLogin\": false\r\n  }\r\n}",
      "RequestHeaders": {
        "User-Agent": [
          "Microsoft.Azure.Graph.RBAC.GraphRbacManagementClient/1.0.0.0"
        ]
      },
      "ResponseBody": "{\r\n  \"odata.metadata\": \"https://graph.windows.net/1449d5b7-8a83-47db-ae4c-9b03e888bad0/$metadata#directoryObjects/Microsoft.WindowsAzure.ActiveDirectory.User/@Element\",\r\n  \"odata.type\": \"Microsoft.WindowsAzure.ActiveDirectory.User\",\r\n  \"objectType\": \"User\",\r\n  \"objectId\": \"ac722969-5263-4555-9680-d45db7355207\",\r\n  \"softDeletionTimestamp\": null,\r\n  \"acceptedAs\": null,\r\n  \"acceptedOn\": null,\r\n  \"accountEnabled\": true,\r\n  \"alternativeSecurityIds\": [],\r\n  \"appMetadata\": null,\r\n  \"assignedLicenses\": [],\r\n  \"assignedPlans\": [],\r\n  \"city\": null,\r\n  \"country\": null,\r\n  \"creationType\": null,\r\n  \"department\": null,\r\n  \"dirSyncEnabled\": null,\r\n  \"displayName\": \"aduser5093\",\r\n  \"extensionAttribute1\": null,\r\n  \"extensionAttribute2\": null,\r\n  \"extensionAttribute3\": null,\r\n  \"extensionAttribute4\": null,\r\n  \"extensionAttribute5\": null,\r\n  \"extensionAttribute6\": null,\r\n  \"extensionAttribute7\": null,\r\n  \"extensionAttribute8\": null,\r\n  \"extensionAttribute9\": null,\r\n  \"extensionAttribute10\": null,\r\n  \"extensionAttribute11\": null,\r\n  \"extensionAttribute12\": null,\r\n  \"extensionAttribute13\": null,\r\n  \"extensionAttribute14\": null,\r\n  \"extensionAttribute15\": null,\r\n  \"facsimileTelephoneNumber\": null,\r\n  \"givenName\": null,\r\n  \"immutableId\": null,\r\n  \"invitedOn\": null,\r\n  \"inviteReplyUrl\": [],\r\n  \"inviteResources\": [],\r\n  \"inviteTicket\": [],\r\n  \"isCompromised\": null,\r\n  \"jobTitle\": null,\r\n  \"jrnlAddress\": null,\r\n  \"lastDirSyncTime\": null,\r\n  \"logonIdentifiers\": [],\r\n  \"mail\": null,\r\n  \"mailNickname\": \"aduser5093test\",\r\n  \"mobile\": null,\r\n  \"netId\": \"10033FFF8BCF0656\",\r\n  \"onPremiseSecurityIdentifier\": null,\r\n  \"otherMails\": [],\r\n  \"passwordPolicies\": null,\r\n  \"passwordProfile\": null,\r\n  \"physicalDeliveryOfficeName\": null,\r\n  \"postalCode\": null,\r\n  \"preferredLanguage\": null,\r\n  \"primarySMTPAddress\": null,\r\n  \"provisionedPlans\": [],\r\n  \"provisioningErrors\": [],\r\n  \"proxyAddresses\": [],\r\n  \"searchableDeviceKey\": [],\r\n  \"selfServePasswordResetData\": null,\r\n  \"signInName\": \"aduser5093@rbactest.onmicrosoft.com\",\r\n  \"sipProxyAddress\": null,\r\n  \"smtpAddresses\": [],\r\n  \"state\": null,\r\n  \"streetAddress\": null,\r\n  \"surname\": null,\r\n  \"telephoneNumber\": null,\r\n  \"usageLocation\": null,\r\n  \"userPrincipalName\": \"aduser5093@rbactest.onmicrosoft.com\",\r\n  \"userState\": null,\r\n  \"userStateChangedOn\": null,\r\n  \"userType\": \"Member\"\r\n}",
      "ResponseHeaders": {
        "Pragma": [
          "no-cache"
        ],
        "ocp-aad-diagnostics-server-name": [
          "GHWom5F4FhO0ryJj9WTZucEuZW4pI1MbWekjNz7LQZA="
        ],
        "request-id": [
          "562a23ed-e321-4499-981c-7b15361c589d"
        ],
        "client-request-id": [
          "760fade6-8f2f-4f8a-bcd0-2766242a2581"
        ],
        "x-ms-gateway-rewrite": [
          "false"
        ],
        "x-ms-dirapi-data-contract-version": [
          "1.42-previewInternal"
        ],
        "ocp-aad-session-key": [
          "9QYsZlDJwLmrxc_dCRUH6SDT4ygRFW1nowt1al3-IAkOfmT0jlee5RiUu_I6LyQ1bJ8QSLg4eXjIL9beFYL5vmhJKQkYjTUjRSztnA-fVMPGAMS7IerJm6-lwJ0gMvStHJZHXG3_abArmmwewt25Eg.SDmYVjhrpfd-i18csjuU0Fw3SHHTnWA4ZWN0iQ7ctVE"
        ],
        "X-Content-Type-Options": [
          "nosniff"
        ],
        "DataServiceVersion": [
          "3.0;"
        ],
        "Strict-Transport-Security": [
          "max-age=31536000; includeSubDomains"
        ],
        "Cache-Control": [
          "no-cache"
        ],
        "Location": [
          "https://graph.windows.net/1449d5b7-8a83-47db-ae4c-9b03e888bad0/directoryObjects/ac722969-5263-4555-9680-d45db7355207/Microsoft.WindowsAzure.ActiveDirectory.User"
        ],
        "Server": [
          "Microsoft-IIS/8.0"
        ],
        "X-AspNet-Version": [
          "4.0.30319"
        ],
        "X-Powered-By": [
          "ASP.NET",
          "ASP.NET"
        ],
        "Date": [
          "Wed, 24 Sep 2014 21:31:47 GMT"
        ]
      },
      "StatusCode": 201
    },
    {
      "RequestUri": "/1449d5b7-8a83-47db-ae4c-9b03e888bad0/groups/ac722969-5263-4555-9680-d45db7355207?api-version=1.42-previewInternal",
      "RequestMethod": "GET",
      "RequestBody": "",
      "RequestHeaders": {
        "User-Agent": [
          "Microsoft.Azure.Graph.RBAC.GraphRbacManagementClient/1.0.0.0"
        ]
      },
      "ResponseBody": "{\r\n  \"odata.error\": {\r\n    \"code\": \"Request_ResourceNotFound\",\r\n    \"message\": {\r\n      \"lang\": \"en\",\r\n      \"value\": \"Resource 'ac722969-5263-4555-9680-d45db7355207' does not exist or one of its queried reference-property objects are not present.\"\r\n    }\r\n  }\r\n}",
      "ResponseHeaders": {
        "ocp-aad-diagnostics-server-name": [
          "GHWom5F4FhO0ryJj9WTZucEuZW4pI1MbWekjNz7LQZA="
        ],
        "request-id": [
          "2869e031-da98-41d8-9be8-d224810a2a67"
        ],
        "client-request-id": [
          "70fd29c6-9fe9-43f7-a97f-3b0b51df9756"
        ],
        "x-ms-gateway-rewrite": [
          "false"
        ],
        "x-ms-dirapi-data-contract-version": [
          "1.42-previewInternal"
        ],
        "ocp-aad-session-key": [
          "rw8rtjiECDHdOgkPcpEvpBBL-mP65L7q2uauahUFWf_ya1sbVLT5uprxKVSwi1gXan1HcNdH_UuoXNGbwOveNGMx_9sdpZB0ba2YXHO9BFU-1bgpCk14qN5v5vTjKspPW3FeOi9P0OcSBqq98N2BVw.6bMuEdr0oFdTaL3rwefDmgDtlqWiv33aXV8ocHayRIs"
        ],
        "Strict-Transport-Security": [
          "max-age=31536000; includeSubDomains"
        ],
        "Cache-Control": [
          "private"
        ],
        "Server": [
          "Microsoft-IIS/8.0"
        ],
        "X-AspNet-Version": [
          "4.0.30319"
        ],
        "X-Powered-By": [
          "ASP.NET",
          "ASP.NET"
        ],
        "Date": [
          "Wed, 24 Sep 2014 21:31:47 GMT"
        ]
      },
      "StatusCode": 404
    },
    {
      "RequestUri": "/1449d5b7-8a83-47db-ae4c-9b03e888bad0/users/ac722969-5263-4555-9680-d45db7355207?api-version=1.42-previewInternal",
      "RequestMethod": "DELETE",
      "RequestBody": "",
      "RequestHeaders": {
        "User-Agent": [
          "Microsoft.Azure.Graph.RBAC.GraphRbacManagementClient/1.0.0.0"
        ]
      },
      "ResponseBody": "",
      "ResponseHeaders": {
        "Pragma": [
          "no-cache"
        ],
        "ocp-aad-diagnostics-server-name": [
          "GHWom5F4FhO0ryJj9WTZucEuZW4pI1MbWekjNz7LQZA="
        ],
        "request-id": [
          "d204cb80-75c8-44da-a75f-541662feb5d8"
        ],
        "client-request-id": [
          "16d1a0bf-7f89-46a7-b186-5f3faa609a0c"
        ],
        "x-ms-gateway-rewrite": [
          "false"
        ],
        "x-ms-dirapi-data-contract-version": [
          "1.42-previewInternal"
        ],
        "ocp-aad-session-key": [
          "eSuNnJFghK8G17bYb9d838eXerDU1F1MeK9LKQFkD8m15CwsTJa6PzzT1Qvyfe-w0Dlnyrg8fVsFni3ARA9-p6yhQ2Sc9jpcNIBMOiUKKOaBeIoFoftzouuLHSF-CsP2YYGbZARyJ0u3p0tITW7jHw.-aK2kHr2i0QsNL7fhhQH2SJCKAPhO3KVaXYxRqhwUkg"
        ],
        "X-Content-Type-Options": [
          "nosniff"
        ],
        "DataServiceVersion": [
          "1.0;"
        ],
        "Strict-Transport-Security": [
          "max-age=31536000; includeSubDomains"
        ],
        "Cache-Control": [
          "no-cache"
        ],
        "Server": [
          "Microsoft-IIS/8.0"
        ],
        "X-AspNet-Version": [
          "4.0.30319"
        ],
        "X-Powered-By": [
          "ASP.NET",
          "ASP.NET"
        ],
        "Date": [
          "Wed, 24 Sep 2014 21:31:48 GMT"
        ]
      },
      "StatusCode": 204
    }
  ],
  "Names": {
    "CreateNewAdUser": [
      "aduser5093",
      "adpass380"
    ]
  },
  "Variables": {
    "SubscriptionId": "db1ab6f0-4769-4b27-930e-01e2ef9c123c",
    "TenantId": "1449d5b7-8a83-47db-ae4c-9b03e888bad0",
    "Domain": "rbactest.onmicrosoft.com"
  }
}