{
  "Entries": [
    {
      "RequestUri": "/1273adef-00a3-4086-a51a-dbcce1857d36/users?api-version=1.6",
      "EncodedRequestUri": "LzEyNzNhZGVmLTAwYTMtNDA4Ni1hNTFhLWRiY2NlMTg1N2QzNi91c2Vycz9hcGktdmVyc2lvbj0xLjY=",
      "RequestMethod": "POST",
      "RequestBody": "{\r\n  \"accountEnabled\": true,\r\n  \"displayName\": \"aduser9258\",\r\n  \"passwordProfile\": {\r\n    \"password\": \"adpass67540#$\",\r\n    \"forceChangePasswordNextLogin\": false\r\n  },\r\n  \"userPrincipalName\": \"aduser9258@rbacclitest.onmicrosoft.com\",\r\n  \"mailNickname\": \"aduser9258test\"\r\n}",
      "RequestHeaders": {
        "Content-Type": [
          "application/json; charset=utf-8"
        ],
        "Content-Length": [
          "272"
        ],
        "x-ms-client-request-id": [
          "0a2c35d5-b5c7-4169-8b18-f532685439e1"
        ],
        "accept-language": [
          "en-US"
        ],
        "User-Agent": [
          "Microsoft.Azure.Graph.RBAC.GraphRbacManagementClient/3.2.0-preview"
        ]
      },
      "ResponseBody": "{\r\n  \"odata.metadata\": \"https://graph.windows.net/1273adef-00a3-4086-a51a-dbcce1857d36/$metadata#directoryObjects/Microsoft.DirectoryServices.User/@Element\",\r\n  \"odata.type\": \"Microsoft.DirectoryServices.User\",\r\n  \"objectType\": \"User\",\r\n  \"objectId\": \"6e4703f2-86f9-47d1-b58c-cf298d371a49\",\r\n  \"deletionTimestamp\": null,\r\n  \"accountEnabled\": true,\r\n  \"signInNames\": [],\r\n  \"assignedLicenses\": [],\r\n  \"assignedPlans\": [],\r\n  \"city\": null,\r\n  \"companyName\": null,\r\n  \"country\": null,\r\n  \"creationType\": null,\r\n  \"department\": null,\r\n  \"dirSyncEnabled\": null,\r\n  \"displayName\": \"aduser9258\",\r\n  \"facsimileTelephoneNumber\": null,\r\n  \"givenName\": null,\r\n  \"immutableId\": null,\r\n  \"isCompromised\": null,\r\n  \"jobTitle\": null,\r\n  \"lastDirSyncTime\": null,\r\n  \"mail\": null,\r\n  \"mailNickname\": \"aduser9258test\",\r\n  \"mobile\": null,\r\n  \"onPremisesSecurityIdentifier\": null,\r\n  \"otherMails\": [],\r\n  \"passwordPolicies\": null,\r\n  \"passwordProfile\": null,\r\n  \"physicalDeliveryOfficeName\": null,\r\n  \"postalCode\": null,\r\n  \"preferredLanguage\": null,\r\n  \"provisionedPlans\": [],\r\n  \"provisioningErrors\": [],\r\n  \"proxyAddresses\": [],\r\n  \"refreshTokensValidFromDateTime\": \"2016-10-17T22:25:31.8036001Z\",\r\n  \"sipProxyAddress\": null,\r\n  \"state\": null,\r\n  \"streetAddress\": null,\r\n  \"surname\": null,\r\n  \"telephoneNumber\": null,\r\n  \"usageLocation\": null,\r\n  \"userPrincipalName\": \"aduser9258@rbacclitest.onmicrosoft.com\",\r\n  \"userType\": \"Member\"\r\n}",
      "ResponseHeaders": {
        "Content-Length": [
          "1197"
        ],
        "Content-Type": [
          "application/json; odata=minimalmetadata; streaming=true; charset=utf-8"
        ],
        "Expires": [
          "-1"
        ],
        "Pragma": [
          "no-cache"
        ],
        "ocp-aad-diagnostics-server-name": [
          "OwiQwVxuZXWAznx4rYbzGrX1SXicMuwxX8McepXFTKk="
        ],
        "request-id": [
          "db27f848-a3ce-43af-93cd-6ac1562ad837"
        ],
        "client-request-id": [
          "10ffee0a-75b3-45d2-aca7-8dc55fe33b8a"
        ],
        "x-ms-dirapi-data-contract-version": [
          "1.6"
        ],
        "ocp-aad-session-key": [
          "HZgDuIFFqh99sI29cDU-al5E3e1WNWP3lQx5V_kJkuDZgh0QGYD3RyeJIp4wOikDZz_jcrkU8nxe_c1zuspXCqKQoU1JpjzRDZfIeTBYmz5OXtUHqeSbk5jCB3DD2UspAewv1Yccc90sA0TpE_zOuA.zZKsdL-R6_YJscS7uAibCTkBE_p41JJPPhu5HOWi5do"
        ],
        "X-Content-Type-Options": [
          "nosniff"
        ],
        "DataServiceVersion": [
          "3.0;"
        ],
        "Strict-Transport-Security": [
          "max-age=31536000; includeSubDomains"
        ],
        "Access-Control-Allow-Origin": [
          "*"
        ],
        "Duration": [
          "11821489"
        ],
        "Cache-Control": [
          "no-cache"
        ],
        "Location": [
          "https://graph.windows.net/1273adef-00a3-4086-a51a-dbcce1857d36/directoryObjects/6e4703f2-86f9-47d1-b58c-cf298d371a49/Microsoft.DirectoryServices.User"
        ],
        "Server": [
          "Microsoft-IIS/8.5"
        ],
        "X-AspNet-Version": [
          "4.0.30319"
        ],
        "X-Powered-By": [
          "ASP.NET",
          "ASP.NET"
        ],
        "Date": [
          "Mon, 17 Oct 2016 22:25:33 GMT"
        ]
      },
      "StatusCode": 201
    },
    {
      "RequestUri": "/1273adef-00a3-4086-a51a-dbcce1857d36/users/6e4703f2-86f9-47d1-b58c-cf298d371a49?api-version=1.6",
      "EncodedRequestUri": "LzEyNzNhZGVmLTAwYTMtNDA4Ni1hNTFhLWRiY2NlMTg1N2QzNi91c2Vycy82ZTQ3MDNmMi04NmY5LTQ3ZDEtYjU4Yy1jZjI5OGQzNzFhNDk/YXBpLXZlcnNpb249MS42",
      "RequestMethod": "GET",
      "RequestBody": "",
      "RequestHeaders": {
        "x-ms-client-request-id": [
          "08ad2a51-6952-490c-8fd8-26b06e39a05f"
        ],
        "accept-language": [
          "en-US"
        ],
        "User-Agent": [
          "Microsoft.Azure.Graph.RBAC.GraphRbacManagementClient/3.2.0-preview"
        ]
      },
      "ResponseBody": "{\r\n  \"odata.metadata\": \"https://graph.windows.net/1273adef-00a3-4086-a51a-dbcce1857d36/$metadata#directoryObjects/Microsoft.DirectoryServices.User/@Element\",\r\n  \"odata.type\": \"Microsoft.DirectoryServices.User\",\r\n  \"objectType\": \"User\",\r\n  \"objectId\": \"6e4703f2-86f9-47d1-b58c-cf298d371a49\",\r\n  \"deletionTimestamp\": null,\r\n  \"accountEnabled\": true,\r\n  \"signInNames\": [],\r\n  \"assignedLicenses\": [],\r\n  \"assignedPlans\": [],\r\n  \"city\": null,\r\n  \"companyName\": null,\r\n  \"country\": null,\r\n  \"creationType\": null,\r\n  \"department\": null,\r\n  \"dirSyncEnabled\": null,\r\n  \"displayName\": \"aduser9258\",\r\n  \"facsimileTelephoneNumber\": null,\r\n  \"givenName\": null,\r\n  \"immutableId\": null,\r\n  \"isCompromised\": null,\r\n  \"jobTitle\": null,\r\n  \"lastDirSyncTime\": null,\r\n  \"mail\": null,\r\n  \"mailNickname\": \"aduser9258test\",\r\n  \"mobile\": null,\r\n  \"onPremisesSecurityIdentifier\": null,\r\n  \"otherMails\": [],\r\n  \"passwordPolicies\": null,\r\n  \"passwordProfile\": null,\r\n  \"physicalDeliveryOfficeName\": null,\r\n  \"postalCode\": null,\r\n  \"preferredLanguage\": null,\r\n  \"provisionedPlans\": [],\r\n  \"provisioningErrors\": [],\r\n  \"proxyAddresses\": [],\r\n  \"refreshTokensValidFromDateTime\": \"2016-10-17T22:25:31Z\",\r\n  \"sipProxyAddress\": null,\r\n  \"state\": null,\r\n  \"streetAddress\": null,\r\n  \"surname\": null,\r\n  \"telephoneNumber\": null,\r\n  \"usageLocation\": null,\r\n  \"userPrincipalName\": \"aduser9258@rbacclitest.onmicrosoft.com\",\r\n  \"userType\": \"Member\"\r\n}",
      "ResponseHeaders": {
        "Content-Length": [
          "1189"
        ],
        "Content-Type": [
          "application/json; odata=minimalmetadata; streaming=true; charset=utf-8"
        ],
        "Expires": [
          "-1"
        ],
        "Pragma": [
          "no-cache"
        ],
        "ocp-aad-diagnostics-server-name": [
          "Oqko02haJxDTRhctK/G36gK387+J0M2ZgOrTBM5zf4M="
        ],
        "request-id": [
          "585bfe5f-2fb8-4809-a4c0-4f5c038b9b6c"
        ],
        "client-request-id": [
          "8948ffcb-bfc9-41bb-87f9-277662e2528e"
        ],
        "x-ms-dirapi-data-contract-version": [
          "1.6"
        ],
        "ocp-aad-session-key": [
          "HqvC4AISwT1WLzKCc4mr-Fr5-E8v_iccIUzgtq1KWTYME2cVIZDy4jBXdX8TMQoqbPfzNNbJ1m7_I_d3ax42YQM8LeCJLUugE-FAJCG6CnNwN-d-DDAaC9KrUI2ALPKNWGSG_fml5lsnMYmk18gHuA.erxdbkhmQ_AWZE-6SDKH8HKG8lwJAt9kI0o17YVTNSI"
        ],
        "X-Content-Type-Options": [
          "nosniff"
        ],
        "DataServiceVersion": [
          "3.0;"
        ],
        "Strict-Transport-Security": [
          "max-age=31536000; includeSubDomains"
        ],
        "Access-Control-Allow-Origin": [
          "*"
        ],
        "Duration": [
          "1214786"
        ],
        "Cache-Control": [
          "no-cache"
        ],
        "Server": [
          "Microsoft-IIS/8.5"
        ],
        "X-AspNet-Version": [
          "4.0.30319"
        ],
        "X-Powered-By": [
          "ASP.NET",
          "ASP.NET"
        ],
        "Date": [
          "Mon, 17 Oct 2016 22:25:33 GMT"
        ]
      },
      "StatusCode": 200
    },
    {
      "RequestUri": "/1273adef-00a3-4086-a51a-dbcce1857d36/users/6e4703f2-86f9-47d1-b58c-cf298d371a49?api-version=1.6",
      "EncodedRequestUri": "LzEyNzNhZGVmLTAwYTMtNDA4Ni1hNTFhLWRiY2NlMTg1N2QzNi91c2Vycy82ZTQ3MDNmMi04NmY5LTQ3ZDEtYjU4Yy1jZjI5OGQzNzFhNDk/YXBpLXZlcnNpb249MS42",
      "RequestMethod": "DELETE",
      "RequestBody": "",
      "RequestHeaders": {
        "x-ms-client-request-id": [
          "d0ccfc2f-c274-42af-8f21-1217c8c24526"
        ],
        "accept-language": [
          "en-US"
        ],
        "User-Agent": [
          "Microsoft.Azure.Graph.RBAC.GraphRbacManagementClient/3.2.0-preview"
        ]
      },
      "ResponseBody": "",
      "ResponseHeaders": {
        "Expires": [
          "-1"
        ],
        "Pragma": [
          "no-cache"
        ],
        "ocp-aad-diagnostics-server-name": [
          "DY7TQaBcGBdxiyBwhXtHOCQG2f/I+ISxBVfzVwhFykU="
        ],
        "request-id": [
          "d643112b-e82d-459a-bddb-e0394861e02c"
        ],
        "client-request-id": [
          "2c48a2c8-82f1-4f36-974f-c92adf2f6c32"
        ],
        "x-ms-dirapi-data-contract-version": [
          "1.6"
        ],
        "ocp-aad-session-key": [
          "OFaeYfu8kfzg1KIUKnNzTLYSM6P__od8PubroK9K77fO5puYGiSxv6LsCVhVSjBqyI5loIEIzwiy3p1SRTNaLGM6snP51ZPO9JjgdOBmprGKZ00fwzAwHB4Rso8BYiBeI3GmE6dCq-AU4Uy2UR1KQQ.y6LpcVkBAMyZ3ylrCLUmmRDd9eUAOSuvwdB7ok-kius"
        ],
        "X-Content-Type-Options": [
          "nosniff"
        ],
        "DataServiceVersion": [
          "1.0;"
        ],
        "Strict-Transport-Security": [
          "max-age=31536000; includeSubDomains"
        ],
        "Access-Control-Allow-Origin": [
          "*"
        ],
        "Duration": [
          "12685267"
        ],
        "Cache-Control": [
          "no-cache"
        ],
        "Server": [
          "Microsoft-IIS/8.5"
        ],
        "X-AspNet-Version": [
          "4.0.30319"
        ],
        "X-Powered-By": [
          "ASP.NET",
          "ASP.NET"
        ],
        "Date": [
          "Mon, 17 Oct 2016 22:25:35 GMT"
        ]
      },
      "StatusCode": 204
    }
  ],
  "Names": {
    "CreateNewAdUser": [
      "aduser9258",
      "adpass6754"
    ]
  },
  "Variables": {
    "SubscriptionId": "4004a9fd-d58e-48dc-aeb2-4a4aec58606f",
    "TenantId": "1273adef-00a3-4086-a51a-dbcce1857d36",
    "Domain": "rbacclitest.onmicrosoft.com"
  }
}