{
  "Entries": [
    {
      "RequestUri": "/1273adef-00a3-4086-a51a-dbcce1857d36/groups?api-version=1.6",
      "EncodedRequestUri": "LzEyNzNhZGVmLTAwYTMtNDA4Ni1hNTFhLWRiY2NlMTg1N2QzNi9ncm91cHM/YXBpLXZlcnNpb249MS42",
      "RequestMethod": "POST",
      "RequestBody": "{\r\n  \"displayName\": \"adgroup8756\",\r\n  \"mailNickname\": \"adgroupmail1013\",\r\n  \"mailEnabled\": false,\r\n  \"securityEnabled\": true\r\n}",
      "RequestHeaders": {
        "Content-Type": [
          "application/json; charset=utf-8"
        ],
        "Content-Length": [
          "127"
        ],
        "x-ms-client-request-id": [
          "c819caf0-31cb-4c17-ae33-127a7eba88de"
        ],
        "accept-language": [
          "en-US"
        ],
        "User-Agent": [
          "Microsoft.Azure.Graph.RBAC.GraphRbacManagementClient/2.0.0.0"
        ]
      },
      "ResponseBody": "{\r\n  \"odata.metadata\": \"https://graph.windows.net/1273adef-00a3-4086-a51a-dbcce1857d36/$metadata#directoryObjects/Microsoft.DirectoryServices.Group/@Element\",\r\n  \"odata.type\": \"Microsoft.DirectoryServices.Group\",\r\n  \"objectType\": \"Group\",\r\n  \"objectId\": \"ede4fd52-8739-45af-b1cb-5c7fa0d2f735\",\r\n  \"deletionTimestamp\": null,\r\n  \"description\": null,\r\n  \"dirSyncEnabled\": null,\r\n  \"displayName\": \"adgroup8756\",\r\n  \"lastDirSyncTime\": null,\r\n  \"mail\": null,\r\n  \"mailNickname\": \"adgroupmail1013\",\r\n  \"mailEnabled\": false,\r\n  \"onPremisesSecurityIdentifier\": null,\r\n  \"provisioningErrors\": [],\r\n  \"proxyAddresses\": [],\r\n  \"securityEnabled\": true\r\n}",
      "ResponseHeaders": {
        "Content-Length": [
          "558"
        ],
        "Content-Type": [
          "application/json; odata=minimalmetadata; streaming=true; charset=utf-8"
        ],
        "Expires": [
          "-1"
        ],
        "Pragma": [
          "no-cache"
        ],
        "ocp-aad-diagnostics-server-name": [
          "dS5n1gIKpvuVz70gIQwT3GyktIuQo1lHcmSA2GJAH2A="
        ],
        "request-id": [
          "d4e3d4d2-de6b-49b4-bc70-cea3e8a14291"
        ],
        "client-request-id": [
          "dc0e7ed0-31fa-4547-9029-e6ec7f75a639"
        ],
        "x-ms-dirapi-data-contract-version": [
          "1.6"
        ],
        "ocp-aad-session-key": [
          "UyXT0AN2rqpuJFRQZfInGxr3NgbygvcLDm7E7Bafovtn9ERvAFzB9ZGEdT0Yv5S_fvZvoLjpJFUyRbEZeQaMOLW3jpQc9DJKerg0Y4HEQ2sa0Kl_xWe4Z3uHnr86vm-MNGQQCs9JQePW75rfay6q7g.bPhz7fy7Gbx2suGfnCw0qK40BsLPj_g8lZ1vMhIkWgA"
        ],
        "X-Content-Type-Options": [
          "nosniff"
        ],
        "DataServiceVersion": [
          "3.0;"
        ],
        "Strict-Transport-Security": [
          "max-age=31536000; includeSubDomains"
        ],
        "Access-Control-Allow-Origin": [
          "*"
        ],
        "Duration": [
          "3304695"
        ],
        "Cache-Control": [
          "no-cache"
        ],
        "Location": [
          "https://graph.windows.net/1273adef-00a3-4086-a51a-dbcce1857d36/directoryObjects/ede4fd52-8739-45af-b1cb-5c7fa0d2f735/Microsoft.DirectoryServices.Group"
        ],
        "Server": [
          "Microsoft-IIS/8.5"
        ],
        "X-AspNet-Version": [
          "4.0.30319"
        ],
        "X-Powered-By": [
          "ASP.NET",
          "ASP.NET"
        ],
        "Date": [
          "Thu, 21 Jul 2016 17:34:31 GMT"
        ]
      },
      "StatusCode": 201
    },
    {
      "RequestUri": "/1273adef-00a3-4086-a51a-dbcce1857d36/groups/ede4fd52-8739-45af-b1cb-5c7fa0d2f735?api-version=1.6",
      "EncodedRequestUri": "LzEyNzNhZGVmLTAwYTMtNDA4Ni1hNTFhLWRiY2NlMTg1N2QzNi9ncm91cHMvZWRlNGZkNTItODczOS00NWFmLWIxY2ItNWM3ZmEwZDJmNzM1P2FwaS12ZXJzaW9uPTEuNg==",
      "RequestMethod": "GET",
      "RequestBody": "",
      "RequestHeaders": {
        "x-ms-client-request-id": [
          "9d648578-e7a6-4d36-960f-f3c00bf824f8"
        ],
        "accept-language": [
          "en-US"
        ],
        "User-Agent": [
          "Microsoft.Azure.Graph.RBAC.GraphRbacManagementClient/2.0.0.0"
        ]
      },
      "ResponseBody": "{\r\n  \"odata.metadata\": \"https://graph.windows.net/1273adef-00a3-4086-a51a-dbcce1857d36/$metadata#directoryObjects/Microsoft.DirectoryServices.Group/@Element\",\r\n  \"odata.type\": \"Microsoft.DirectoryServices.Group\",\r\n  \"objectType\": \"Group\",\r\n  \"objectId\": \"ede4fd52-8739-45af-b1cb-5c7fa0d2f735\",\r\n  \"deletionTimestamp\": null,\r\n  \"description\": null,\r\n  \"dirSyncEnabled\": null,\r\n  \"displayName\": \"adgroup8756\",\r\n  \"lastDirSyncTime\": null,\r\n  \"mail\": null,\r\n  \"mailNickname\": \"adgroupmail1013\",\r\n  \"mailEnabled\": false,\r\n  \"onPremisesSecurityIdentifier\": null,\r\n  \"provisioningErrors\": [],\r\n  \"proxyAddresses\": [],\r\n  \"securityEnabled\": true\r\n}",
      "ResponseHeaders": {
        "Content-Length": [
          "558"
        ],
        "Content-Type": [
          "application/json; odata=minimalmetadata; streaming=true; charset=utf-8"
        ],
        "Expires": [
          "-1"
        ],
        "Pragma": [
          "no-cache"
        ],
        "ocp-aad-diagnostics-server-name": [
          "dS5n1gIKpvuVz70gIQwT3GyktIuQo1lHcmSA2GJAH2A="
        ],
        "request-id": [
          "52b15251-e55a-4aa9-8dce-af33891d82da"
        ],
        "client-request-id": [
          "e466c384-45ae-4fe7-ba86-cc45d92150aa"
        ],
        "x-ms-dirapi-data-contract-version": [
          "1.6"
        ],
        "ocp-aad-session-key": [
          "K8nLenjIbLRT5Z7Tli91V_YebtS0C5lI1EuJ2V8yB_1VHsoC8TZjZ_x-ra3q1QUYpl7C3u4JblJNohNlRTvUK5vzArSldmEPatrKwTr6fH1u13nkyAF29XIVwPv94l7yYf_FvdXjdebuy9uFhO80KA.LVjPaTZGk2ywA2sJvRugMynaUjjgO9Rh0Oog8-U8CX0"
        ],
        "X-Content-Type-Options": [
          "nosniff"
        ],
        "DataServiceVersion": [
          "3.0;"
        ],
        "Strict-Transport-Security": [
          "max-age=31536000; includeSubDomains"
        ],
        "Access-Control-Allow-Origin": [
          "*"
        ],
        "Duration": [
          "1021872"
        ],
        "Cache-Control": [
          "no-cache"
        ],
        "Server": [
          "Microsoft-IIS/8.5"
        ],
        "X-AspNet-Version": [
          "4.0.30319"
        ],
        "X-Powered-By": [
          "ASP.NET",
          "ASP.NET"
        ],
        "Date": [
          "Thu, 21 Jul 2016 17:34:31 GMT"
        ]
      },
      "StatusCode": 200
    },
    {
      "RequestUri": "/1273adef-00a3-4086-a51a-dbcce1857d36/groups/ede4fd52-8739-45af-b1cb-5c7fa0d2f735/members?api-version=1.6",
      "EncodedRequestUri": "LzEyNzNhZGVmLTAwYTMtNDA4Ni1hNTFhLWRiY2NlMTg1N2QzNi9ncm91cHMvZWRlNGZkNTItODczOS00NWFmLWIxY2ItNWM3ZmEwZDJmNzM1L21lbWJlcnM/YXBpLXZlcnNpb249MS42",
      "RequestMethod": "GET",
      "RequestBody": "",
      "RequestHeaders": {
        "x-ms-client-request-id": [
          "5632a908-8e76-4d71-8565-4d6b4835b62c"
        ],
        "accept-language": [
          "en-US"
        ],
        "User-Agent": [
          "Microsoft.Azure.Graph.RBAC.GraphRbacManagementClient/2.0.0.0"
        ]
      },
      "ResponseBody": "{\r\n  \"odata.metadata\": \"https://graph.windows.net/1273adef-00a3-4086-a51a-dbcce1857d36/$metadata#directoryObjects\",\r\n  \"value\": []\r\n}",
      "ResponseHeaders": {
        "Content-Length": [
          "121"
        ],
        "Content-Type": [
          "application/json; odata=minimalmetadata; streaming=true; charset=utf-8"
        ],
        "Expires": [
          "-1"
        ],
        "Pragma": [
          "no-cache"
        ],
        "ocp-aad-diagnostics-server-name": [
          "Y9FtHfwafIKxt2xQzd2FOeeWfOylBpN8GeXGorBEDlc="
        ],
        "request-id": [
          "7d70430f-ff13-4077-8844-e0210a1ea30f"
        ],
        "client-request-id": [
          "b6f18a94-ce11-4844-8ab4-76a9ffda6a85"
        ],
        "x-ms-dirapi-data-contract-version": [
          "1.6"
        ],
        "ocp-aad-session-key": [
          "C-TK33dhDq8Bm62ScwctjTnnSuPWnQhNobRCyxkmzg88ovCVdeCpre4rPJcd4xuCGsBQVXs47e7Ce6p4OibQUQcBvx7xWeRPL1F1TIGSjZ5-azb-Mmm2vgs25Tjy7Vqm9F1XrhfklEqtu2vvaprJJw.VPVs_ypPG8SMTwfAYXFeumI065MijaE10nXSlb4mKdU"
        ],
        "X-Content-Type-Options": [
          "nosniff"
        ],
        "DataServiceVersion": [
          "3.0;"
        ],
        "Strict-Transport-Security": [
          "max-age=31536000; includeSubDomains"
        ],
        "Access-Control-Allow-Origin": [
          "*"
        ],
        "Duration": [
          "1109072"
        ],
        "Cache-Control": [
          "no-cache"
        ],
        "Server": [
          "Microsoft-IIS/8.5"
        ],
        "X-AspNet-Version": [
          "4.0.30319"
        ],
        "X-Powered-By": [
          "ASP.NET",
          "ASP.NET"
        ],
        "Date": [
          "Thu, 21 Jul 2016 17:34:32 GMT"
        ]
      },
      "StatusCode": 200
    },
    {
      "RequestUri": "/1273adef-00a3-4086-a51a-dbcce1857d36/groups/ede4fd52-8739-45af-b1cb-5c7fa0d2f735?api-version=1.6",
      "EncodedRequestUri": "LzEyNzNhZGVmLTAwYTMtNDA4Ni1hNTFhLWRiY2NlMTg1N2QzNi9ncm91cHMvZWRlNGZkNTItODczOS00NWFmLWIxY2ItNWM3ZmEwZDJmNzM1P2FwaS12ZXJzaW9uPTEuNg==",
      "RequestMethod": "DELETE",
      "RequestBody": "",
      "RequestHeaders": {
        "x-ms-client-request-id": [
          "8b258add-e541-4175-9558-1ad5c1210150"
        ],
        "accept-language": [
          "en-US"
        ],
        "User-Agent": [
          "Microsoft.Azure.Graph.RBAC.GraphRbacManagementClient/2.0.0.0"
        ]
      },
      "ResponseBody": "",
      "ResponseHeaders": {
        "Expires": [
          "-1"
        ],
        "Pragma": [
          "no-cache"
        ],
        "ocp-aad-diagnostics-server-name": [
          "dS5n1gIKpvuVz70gIQwT3GyktIuQo1lHcmSA2GJAH2A="
        ],
        "request-id": [
          "0c8350e3-18db-4611-bfc1-26941ade8c49"
        ],
        "client-request-id": [
          "5fec5e02-5017-4ffd-ad64-8a4080a9be39"
        ],
        "x-ms-dirapi-data-contract-version": [
          "1.6"
        ],
        "ocp-aad-session-key": [
          "_w-DBnX0zqjGTdnuqy1CqMGXBJF9lKoOV6TYn7X5Kb-E_0mYMZ2Dvlq7qQAuSjh8XLBmDtp-kx6paiu1cS-pjFtZGc2fDYPwcIs1Kx3oL33oseDBGNXlmKn_uVlDkiWhF1xhEj5D7EATgk5waZxpfQ.80DDm4oqEqE7i1TDPan-9VdAPxpgmZuL-Q5pQm51HHM"
        ],
        "X-Content-Type-Options": [
          "nosniff"
        ],
        "DataServiceVersion": [
          "1.0;"
        ],
        "Strict-Transport-Security": [
          "max-age=31536000; includeSubDomains"
        ],
        "Access-Control-Allow-Origin": [
          "*"
        ],
        "Duration": [
          "3031646"
        ],
        "Cache-Control": [
          "no-cache"
        ],
        "Server": [
          "Microsoft-IIS/8.5"
        ],
        "X-AspNet-Version": [
          "4.0.30319"
        ],
        "X-Powered-By": [
          "ASP.NET",
          "ASP.NET"
        ],
        "Date": [
          "Thu, 21 Jul 2016 17:34:32 GMT"
        ]
      },
      "StatusCode": 204
    }
  ],
  "Names": {
    "CreateNewAdGroup": [
      "adgroup8756",
      "adgroupmail1013"
    ]
  },
  "Variables": {
    "SubscriptionId": "4004a9fd-d58e-48dc-aeb2-4a4aec58606f",
    "TenantId": "1273adef-00a3-4086-a51a-dbcce1857d36",
    "Domain": "rbacclitest.onmicrosoft.com"
  }
}