{
  "Entries": [
    {
      "RequestUri": "/1273adef-00a3-4086-a51a-dbcce1857d36/applications?api-version=1.6",
      "EncodedRequestUri": "LzEyNzNhZGVmLTAwYTMtNDA4Ni1hNTFhLWRiY2NlMTg1N2QzNi9hcHBsaWNhdGlvbnM/YXBpLXZlcnNpb249MS42",
      "RequestMethod": "POST",
      "RequestBody": "{\r\n  \"availableToOtherTenants\": false,\r\n  \"displayName\": \"onesdk7008\",\r\n  \"identifierUris\": [\r\n    \"http://onesdk7008\"\r\n  ],\r\n  \"passwordCredentials\": [\r\n    {\r\n      \"startDate\": \"2016-08-04T03:21:24.7018029Z\",\r\n      \"endDate\": \"2017-08-04T03:21:24.7018029Z\",\r\n      \"keyId\": \"48418be6-f73c-4663-af3a-cb4c2568285e\",\r\n      \"value\": \"onesdk3685\"\r\n    }\r\n  ]\r\n}",
      "RequestHeaders": {
        "Content-Type": [
          "application/json; charset=utf-8"
        ],
        "Content-Length": [
          "361"
        ],
        "x-ms-client-request-id": [
          "0656dbb9-c397-4c66-872e-413510c41dd6"
        ],
        "accept-language": [
          "en-US"
        ],
        "User-Agent": [
          "Microsoft.Azure.Graph.RBAC.GraphRbacManagementClient/3.2.0-preview"
        ]
      },
      "ResponseBody": "{\r\n  \"odata.metadata\": \"https://graph.windows.net/1273adef-00a3-4086-a51a-dbcce1857d36/$metadata#directoryObjects/Microsoft.DirectoryServices.Application/@Element\",\r\n  \"odata.type\": \"Microsoft.DirectoryServices.Application\",\r\n  \"objectType\": \"Application\",\r\n  \"objectId\": \"a2b2dfee-ac74-4c7a-925f-1eac1b3e351a\",\r\n  \"deletionTimestamp\": null,\r\n  \"addIns\": [],\r\n  \"appId\": \"a3fbd116-addc-48fd-9246-78d14f8c1fb7\",\r\n  \"appRoles\": [],\r\n  \"availableToOtherTenants\": false,\r\n  \"displayName\": \"onesdk7008\",\r\n  \"errorUrl\": null,\r\n  \"groupMembershipClaims\": null,\r\n  \"homepage\": null,\r\n  \"identifierUris\": [\r\n    \"http://onesdk7008\"\r\n  ],\r\n  \"keyCredentials\": [],\r\n  \"knownClientApplications\": [],\r\n  \"logoutUrl\": null,\r\n  \"oauth2AllowImplicitFlow\": false,\r\n  \"oauth2AllowUrlPathMatching\": false,\r\n  \"oauth2Permissions\": [\r\n    {\r\n      \"adminConsentDescription\": \"Allow the application to access onesdk7008 on behalf of the signed-in user.\",\r\n      \"adminConsentDisplayName\": \"Access onesdk7008\",\r\n      \"id\": \"2ac6c0b7-92e6-4fde-beb6-7a5ede864ba1\",\r\n      \"isEnabled\": true,\r\n      \"type\": \"User\",\r\n      \"userConsentDescription\": \"Allow the application to access onesdk7008 on your behalf.\",\r\n      \"userConsentDisplayName\": \"Access onesdk7008\",\r\n      \"value\": \"user_impersonation\"\r\n    }\r\n  ],\r\n  \"oauth2RequirePostResponse\": false,\r\n  \"passwordCredentials\": [\r\n    {\r\n      \"customKeyIdentifier\": null,\r\n      \"endDate\": \"2017-08-04T03:21:24.7018029Z\",\r\n      \"keyId\": \"48418be6-f73c-4663-af3a-cb4c2568285e\",\r\n      \"startDate\": \"2016-08-04T03:21:24.7018029Z\",\r\n      \"value\": null\r\n    }\r\n  ],\r\n  \"publicClient\": null,\r\n  \"recordConsentConditions\": null,\r\n  \"replyUrls\": [],\r\n  \"requiredResourceAccess\": [],\r\n  \"samlMetadataUrl\": null\r\n}",
      "ResponseHeaders": {
        "Content-Length": [
          "1438"
        ],
        "Content-Type": [
          "application/json; odata=minimalmetadata; streaming=true; charset=utf-8"
        ],
        "Expires": [
          "-1"
        ],
        "Pragma": [
          "no-cache"
        ],
        "ocp-aad-diagnostics-server-name": [
          "DwiZqbw4kpvacRTHgNp62Clzs32ouQbIngVZZ/qji78="
        ],
        "request-id": [
          "bf2b442d-b82b-4e6a-b09c-56c09d01679f"
        ],
        "client-request-id": [
          "16303a3c-6a27-4f1a-909c-0ecdffd60a4d"
        ],
        "x-ms-dirapi-data-contract-version": [
          "1.6"
        ],
        "ocp-aad-session-key": [
          "SjVBNiDvaqLvnDle1WWyLT5kFR4l8IJ74AcAX_rMnVHZY_0iOf0uCK_kP9gnhz-jV_6b9pNu3WJL1KpaImJXZtmslIzUx6atB5jloONA9dTOkyK3CJwhD4Al_OweVixc1FzOqo3F9cU_dOYoJw7pLZOXTWZ-MRMndcMtvFRQHOYDPzk2O4Om5jTNjyYY-w1uXr9YkpPYDxURpvugK7R-8A.BHqWKFSfIEevZOH_T9xkKFElI7NBn5uop9G0v8x9qus"
        ],
        "X-Content-Type-Options": [
          "nosniff"
        ],
        "DataServiceVersion": [
          "3.0;"
        ],
        "Strict-Transport-Security": [
          "max-age=31536000; includeSubDomains"
        ],
        "Access-Control-Allow-Origin": [
          "*"
        ],
        "Duration": [
          "4945350"
        ],
        "Cache-Control": [
          "no-cache"
        ],
        "Location": [
          "https://graph.windows.net/1273adef-00a3-4086-a51a-dbcce1857d36/directoryObjects/a2b2dfee-ac74-4c7a-925f-1eac1b3e351a/Microsoft.DirectoryServices.Application"
        ],
        "Server": [
          "Microsoft-IIS/8.5"
        ],
        "X-AspNet-Version": [
          "4.0.30319"
        ],
        "X-Powered-By": [
          "ASP.NET",
          "ASP.NET"
        ],
        "Date": [
          "Thu, 04 Aug 2016 03:21:23 GMT"
        ]
      },
      "StatusCode": 201
    },
    {
      "RequestUri": "/1273adef-00a3-4086-a51a-dbcce1857d36/applications/a2b2dfee-ac74-4c7a-925f-1eac1b3e351a?api-version=1.6",
      "EncodedRequestUri": "LzEyNzNhZGVmLTAwYTMtNDA4Ni1hNTFhLWRiY2NlMTg1N2QzNi9hcHBsaWNhdGlvbnMvYTJiMmRmZWUtYWM3NC00YzdhLTkyNWYtMWVhYzFiM2UzNTFhP2FwaS12ZXJzaW9uPTEuNg==",
      "RequestMethod": "GET",
      "RequestBody": "",
      "RequestHeaders": {
        "x-ms-client-request-id": [
          "ab86cdd7-0337-4370-9e07-681c0ba0cd8f"
        ],
        "accept-language": [
          "en-US"
        ],
        "User-Agent": [
          "Microsoft.Azure.Graph.RBAC.GraphRbacManagementClient/3.2.0-preview"
        ]
      },
      "ResponseBody": "{\r\n  \"odata.metadata\": \"https://graph.windows.net/1273adef-00a3-4086-a51a-dbcce1857d36/$metadata#directoryObjects/Microsoft.DirectoryServices.Application/@Element\",\r\n  \"odata.type\": \"Microsoft.DirectoryServices.Application\",\r\n  \"objectType\": \"Application\",\r\n  \"objectId\": \"a2b2dfee-ac74-4c7a-925f-1eac1b3e351a\",\r\n  \"deletionTimestamp\": null,\r\n  \"addIns\": [],\r\n  \"appId\": \"a3fbd116-addc-48fd-9246-78d14f8c1fb7\",\r\n  \"appRoles\": [],\r\n  \"availableToOtherTenants\": false,\r\n  \"displayName\": \"onesdk7008\",\r\n  \"errorUrl\": null,\r\n  \"groupMembershipClaims\": null,\r\n  \"homepage\": null,\r\n  \"identifierUris\": [\r\n    \"http://onesdk7008\"\r\n  ],\r\n  \"keyCredentials\": [],\r\n  \"knownClientApplications\": [],\r\n  \"logoutUrl\": null,\r\n  \"oauth2AllowImplicitFlow\": false,\r\n  \"oauth2AllowUrlPathMatching\": false,\r\n  \"oauth2Permissions\": [\r\n    {\r\n      \"adminConsentDescription\": \"Allow the application to access onesdk7008 on behalf of the signed-in user.\",\r\n      \"adminConsentDisplayName\": \"Access onesdk7008\",\r\n      \"id\": \"2ac6c0b7-92e6-4fde-beb6-7a5ede864ba1\",\r\n      \"isEnabled\": true,\r\n      \"type\": \"User\",\r\n      \"userConsentDescription\": \"Allow the application to access onesdk7008 on your behalf.\",\r\n      \"userConsentDisplayName\": \"Access onesdk7008\",\r\n      \"value\": \"user_impersonation\"\r\n    }\r\n  ],\r\n  \"oauth2RequirePostResponse\": false,\r\n  \"passwordCredentials\": [\r\n    {\r\n      \"customKeyIdentifier\": null,\r\n      \"endDate\": \"2017-08-04T03:21:24.7018029Z\",\r\n      \"keyId\": \"48418be6-f73c-4663-af3a-cb4c2568285e\",\r\n      \"startDate\": \"2016-08-04T03:21:24.7018029Z\",\r\n      \"value\": null\r\n    }\r\n  ],\r\n  \"publicClient\": null,\r\n  \"recordConsentConditions\": null,\r\n  \"replyUrls\": [],\r\n  \"requiredResourceAccess\": [],\r\n  \"samlMetadataUrl\": null\r\n}",
      "ResponseHeaders": {
        "Content-Length": [
          "1438"
        ],
        "Content-Type": [
          "application/json; odata=minimalmetadata; streaming=true; charset=utf-8"
        ],
        "Expires": [
          "-1"
        ],
        "Pragma": [
          "no-cache"
        ],
        "ocp-aad-diagnostics-server-name": [
          "DwiZqbw4kpvacRTHgNp62Clzs32ouQbIngVZZ/qji78="
        ],
        "request-id": [
          "0068d995-b24a-47a3-93a2-8fdf28eaacae"
        ],
        "client-request-id": [
          "0cc9b586-690f-4cbf-b001-baabafca22e5"
        ],
        "x-ms-dirapi-data-contract-version": [
          "1.6"
        ],
        "ocp-aad-session-key": [
          "w5tjqEDE3x64DJHsLTM5X5imv6V2wr2UC6mNX74-UCA-3m0q0gb00QDE82YoWk1eyvrDcg4TWb1pxziwZNLA3czCBuaQNgpkNgUSoIgqPgvHnBPNufymN6vxyML6Neq2PeioFoR1vBtu-ckl0D3REYQnWtsxc7PK9r9QwFbizP9M1FEMobBf4zeVTyQHUDW6BfRgEznqSf88CyYjLLW4rw.TiaCAWZNMmTuE9bg1af6HC_LJ9iqWRQgTVdYH40QTJE"
        ],
        "X-Content-Type-Options": [
          "nosniff"
        ],
        "DataServiceVersion": [
          "3.0;"
        ],
        "Strict-Transport-Security": [
          "max-age=31536000; includeSubDomains"
        ],
        "Access-Control-Allow-Origin": [
          "*"
        ],
        "Duration": [
          "1023103"
        ],
        "Cache-Control": [
          "no-cache"
        ],
        "Server": [
          "Microsoft-IIS/8.5"
        ],
        "X-AspNet-Version": [
          "4.0.30319"
        ],
        "X-Powered-By": [
          "ASP.NET",
          "ASP.NET"
        ],
        "Date": [
          "Thu, 04 Aug 2016 03:21:23 GMT"
        ]
      },
      "StatusCode": 200
    },
    {
      "RequestUri": "/1273adef-00a3-4086-a51a-dbcce1857d36/applications/a2b2dfee-ac74-4c7a-925f-1eac1b3e351a/keyCredentials?api-version=1.6",
      "EncodedRequestUri": "LzEyNzNhZGVmLTAwYTMtNDA4Ni1hNTFhLWRiY2NlMTg1N2QzNi9hcHBsaWNhdGlvbnMvYTJiMmRmZWUtYWM3NC00YzdhLTkyNWYtMWVhYzFiM2UzNTFhL2tleUNyZWRlbnRpYWxzP2FwaS12ZXJzaW9uPTEuNg==",
      "RequestMethod": "GET",
      "RequestBody": "",
      "RequestHeaders": {
        "x-ms-client-request-id": [
          "ba6d8155-2e39-4c42-8da9-94397e24bb21"
        ],
        "accept-language": [
          "en-US"
        ],
        "User-Agent": [
          "Microsoft.Azure.Graph.RBAC.GraphRbacManagementClient/3.2.0-preview"
        ]
      },
      "ResponseBody": "{\r\n  \"odata.metadata\": \"https://graph.windows.net/1273adef-00a3-4086-a51a-dbcce1857d36/$metadata#Collection(Microsoft.DirectoryServices.KeyCredential)\",\r\n  \"value\": []\r\n}",
      "ResponseHeaders": {
        "Content-Length": [
          "158"
        ],
        "Content-Type": [
          "application/json; odata=minimalmetadata; streaming=true; charset=utf-8"
        ],
        "Expires": [
          "-1"
        ],
        "Pragma": [
          "no-cache"
        ],
        "ocp-aad-diagnostics-server-name": [
          "DwiZqbw4kpvacRTHgNp62Clzs32ouQbIngVZZ/qji78="
        ],
        "request-id": [
          "c3a8cc2c-3386-4921-bbf5-4426bdf2617e"
        ],
        "client-request-id": [
          "60d27949-3f09-4887-8ec7-fc2d1d43e060"
        ],
        "x-ms-dirapi-data-contract-version": [
          "1.6"
        ],
        "ocp-aad-session-key": [
          "hgoK5adLj4viakSCQhTLxpIOc4VwSOOJczUHcB6ibbKh2MRR5RR4BfwPfKkSYxn5aNVuf1idv14_Axvy9nyLRs0ZQcyriIdXVmUwAl0_CamkB5_vI9QQTqCFA4wAYmXmuT7CSezZxC9achRA0gh-HhAKFcpVGO8lzsvjJSkZPk0NWjoyK6f6F1XtuxlTfzPp9_fyrhacR4nBE1h0jK-Olw.Yo4cb1mWXSxcxNslquW7WwnYVGk_gw15-0uCmp9-Ssc"
        ],
        "X-Content-Type-Options": [
          "nosniff"
        ],
        "DataServiceVersion": [
          "3.0;"
        ],
        "Strict-Transport-Security": [
          "max-age=31536000; includeSubDomains"
        ],
        "Access-Control-Allow-Origin": [
          "*"
        ],
        "Duration": [
          "1028130"
        ],
        "Cache-Control": [
          "no-cache"
        ],
        "Server": [
          "Microsoft-IIS/8.5"
        ],
        "X-AspNet-Version": [
          "4.0.30319"
        ],
        "X-Powered-By": [
          "ASP.NET",
          "ASP.NET"
        ],
        "Date": [
          "Thu, 04 Aug 2016 03:21:23 GMT"
        ]
      },
      "StatusCode": 200
    },
    {
      "RequestUri": "/1273adef-00a3-4086-a51a-dbcce1857d36/applications/a2b2dfee-ac74-4c7a-925f-1eac1b3e351a/keyCredentials?api-version=1.6",
      "EncodedRequestUri": "LzEyNzNhZGVmLTAwYTMtNDA4Ni1hNTFhLWRiY2NlMTg1N2QzNi9hcHBsaWNhdGlvbnMvYTJiMmRmZWUtYWM3NC00YzdhLTkyNWYtMWVhYzFiM2UzNTFhL2tleUNyZWRlbnRpYWxzP2FwaS12ZXJzaW9uPTEuNg==",
      "RequestMethod": "GET",
      "RequestBody": "",
      "RequestHeaders": {
        "x-ms-client-request-id": [
          "081ca702-b2d6-4d14-aca1-6c2cc58a4ace"
        ],
        "accept-language": [
          "en-US"
        ],
        "User-Agent": [
          "Microsoft.Azure.Graph.RBAC.GraphRbacManagementClient/3.2.0-preview"
        ]
      },
      "ResponseBody": "{\r\n  \"odata.metadata\": \"https://graph.windows.net/1273adef-00a3-4086-a51a-dbcce1857d36/$metadata#Collection(Microsoft.DirectoryServices.KeyCredential)\",\r\n  \"value\": []\r\n}",
      "ResponseHeaders": {
        "Content-Length": [
          "158"
        ],
        "Content-Type": [
          "application/json; odata=minimalmetadata; streaming=true; charset=utf-8"
        ],
        "Expires": [
          "-1"
        ],
        "Pragma": [
          "no-cache"
        ],
        "ocp-aad-diagnostics-server-name": [
          "csgseorRlJAybnlhqMV57B9hDXS3vgD6FG/g5k0RWg8="
        ],
        "request-id": [
          "213f301b-4ede-45fa-866e-cbfb5f45128b"
        ],
        "client-request-id": [
          "acdcb821-0a98-4850-bdb7-33cee8eecb70"
        ],
        "x-ms-dirapi-data-contract-version": [
          "1.6"
        ],
        "ocp-aad-session-key": [
          "9ceT3IMIzveHrXY8RsDj5caqc_fNTEa-s3yd-s3ejirzJ-oQuPomffQk80hpD751xoiE2l0TmDTRQsgRYVyQSu01E2l8tUkq7ssSdkgAIB4VG9XFRg_72sWtG2fshB7Vyb-JOPaN6W62ToEpRTv3TDEIzO8oZulF1cqMcr9yT4WXhz4BxZAJsBpSlSvCYqwT2bi4F2eYGK2HINrfuP-l7A.qOl620VONsxKM2cyJ4rHEcokhqJARo5T5Q0zouZ-ZQM"
        ],
        "X-Content-Type-Options": [
          "nosniff"
        ],
        "DataServiceVersion": [
          "3.0;"
        ],
        "Strict-Transport-Security": [
          "max-age=31536000; includeSubDomains"
        ],
        "Access-Control-Allow-Origin": [
          "*"
        ],
        "Duration": [
          "1198132"
        ],
        "Cache-Control": [
          "no-cache"
        ],
        "Server": [
          "Microsoft-IIS/8.5"
        ],
        "X-AspNet-Version": [
          "4.0.30319"
        ],
        "X-Powered-By": [
          "ASP.NET",
          "ASP.NET"
        ],
        "Date": [
          "Thu, 04 Aug 2016 03:21:24 GMT"
        ]
      },
      "StatusCode": 200
    },
    {
      "RequestUri": "/1273adef-00a3-4086-a51a-dbcce1857d36/applications/a2b2dfee-ac74-4c7a-925f-1eac1b3e351a/keyCredentials?api-version=1.6",
      "EncodedRequestUri": "LzEyNzNhZGVmLTAwYTMtNDA4Ni1hNTFhLWRiY2NlMTg1N2QzNi9hcHBsaWNhdGlvbnMvYTJiMmRmZWUtYWM3NC00YzdhLTkyNWYtMWVhYzFiM2UzNTFhL2tleUNyZWRlbnRpYWxzP2FwaS12ZXJzaW9uPTEuNg==",
      "RequestMethod": "GET",
      "RequestBody": "",
      "RequestHeaders": {
        "x-ms-client-request-id": [
          "f8fe62ee-a7ef-44d5-8459-be6615e75862"
        ],
        "accept-language": [
          "en-US"
        ],
        "User-Agent": [
          "Microsoft.Azure.Graph.RBAC.GraphRbacManagementClient/3.2.0-preview"
        ]
      },
      "ResponseBody": "{\r\n  \"odata.metadata\": \"https://graph.windows.net/1273adef-00a3-4086-a51a-dbcce1857d36/$metadata#Collection(Microsoft.DirectoryServices.KeyCredential)\",\r\n  \"value\": []\r\n}",
      "ResponseHeaders": {
        "Content-Length": [
          "158"
        ],
        "Content-Type": [
          "application/json; odata=minimalmetadata; streaming=true; charset=utf-8"
        ],
        "Expires": [
          "-1"
        ],
        "Pragma": [
          "no-cache"
        ],
        "ocp-aad-diagnostics-server-name": [
          "DwiZqbw4kpvacRTHgNp62Clzs32ouQbIngVZZ/qji78="
        ],
        "request-id": [
          "6cd6683f-90ed-4ef7-a451-e0cafd2e0bfe"
        ],
        "client-request-id": [
          "159205af-a22d-412f-81ad-421db875d7af"
        ],
        "x-ms-dirapi-data-contract-version": [
          "1.6"
        ],
        "ocp-aad-session-key": [
          "whatO55OKGFA1GRpyzhwbXKr2MDFcYJmZyxt8JOVH8iEAPVyyxHr0mQBOg6_q_v2p7GZRQV0WD6YhUDy3LLRBh2_b9U1488vunOdjaJ8k0yXSv6Kl9cx7AkgVhQ0YBu3RKUkNVvs2H7YL8VZpgyMiAnTlzbLNH9G8RD_RdY16PlfvuUwAkTw1t8JtV0tpwvXHV--tyw3GBdkiqG6DNeoyA.AKMjOGWJ13l6FO-GX8BryZVPecyZ5ZdToceZaJu3csc"
        ],
        "X-Content-Type-Options": [
          "nosniff"
        ],
        "DataServiceVersion": [
          "3.0;"
        ],
        "Strict-Transport-Security": [
          "max-age=31536000; includeSubDomains"
        ],
        "Access-Control-Allow-Origin": [
          "*"
        ],
        "Duration": [
          "2060943"
        ],
        "Cache-Control": [
          "no-cache"
        ],
        "Server": [
          "Microsoft-IIS/8.5"
        ],
        "X-AspNet-Version": [
          "4.0.30319"
        ],
        "X-Powered-By": [
          "ASP.NET",
          "ASP.NET"
        ],
        "Date": [
          "Thu, 04 Aug 2016 03:21:25 GMT"
        ]
      },
      "StatusCode": 200
    },
    {
      "RequestUri": "/1273adef-00a3-4086-a51a-dbcce1857d36/applications/a2b2dfee-ac74-4c7a-925f-1eac1b3e351a/keyCredentials?api-version=1.6",
      "EncodedRequestUri": "LzEyNzNhZGVmLTAwYTMtNDA4Ni1hNTFhLWRiY2NlMTg1N2QzNi9hcHBsaWNhdGlvbnMvYTJiMmRmZWUtYWM3NC00YzdhLTkyNWYtMWVhYzFiM2UzNTFhL2tleUNyZWRlbnRpYWxzP2FwaS12ZXJzaW9uPTEuNg==",
      "RequestMethod": "GET",
      "RequestBody": "",
      "RequestHeaders": {
        "x-ms-client-request-id": [
          "757defbf-10bb-44b5-a009-dc178840d342"
        ],
        "accept-language": [
          "en-US"
        ],
        "User-Agent": [
          "Microsoft.Azure.Graph.RBAC.GraphRbacManagementClient/3.2.0-preview"
        ]
      },
      "ResponseBody": "{\r\n  \"odata.metadata\": \"https://graph.windows.net/1273adef-00a3-4086-a51a-dbcce1857d36/$metadata#Collection(Microsoft.DirectoryServices.KeyCredential)\",\r\n  \"value\": []\r\n}",
      "ResponseHeaders": {
        "Content-Length": [
          "158"
        ],
        "Content-Type": [
          "application/json; odata=minimalmetadata; streaming=true; charset=utf-8"
        ],
        "Expires": [
          "-1"
        ],
        "Pragma": [
          "no-cache"
        ],
        "ocp-aad-diagnostics-server-name": [
          "1Iav/mHzTGmu2pmYRWHXkhYT/enRd9k1yYAecgDtd9w="
        ],
        "request-id": [
          "f7a91844-9fef-4f80-b7a1-01df7823991f"
        ],
        "client-request-id": [
          "1b5bc61b-85e5-4642-8862-729442988d0d"
        ],
        "x-ms-dirapi-data-contract-version": [
          "1.6"
        ],
        "ocp-aad-session-key": [
          "TnFNIFEOOwkwhYDUp0pF4F_8oHGJVEhScb2X0uv3ZNp6nBatbFlh5oYAV1GXD_rdYiT0aGv0hHWqeJ0LRWu9ICNEWcGN_zgNeGl5LAP00gq6M2gPrdo4eC_xkFRkLgMjX8rwKhKiHbqknOcLrXrunABf0L1cSCXz0QxWeQtuQwogzZ5LiwGegzUAAAZjpHBF0Nt2cOAZ2RfcPUN7avXbOw.eXJ7n7hVluaJtohe0Ws2M3MgrqDpRFtEZcbKYj3tY3g"
        ],
        "X-Content-Type-Options": [
          "nosniff"
        ],
        "DataServiceVersion": [
          "3.0;"
        ],
        "Strict-Transport-Security": [
          "max-age=31536000; includeSubDomains"
        ],
        "Access-Control-Allow-Origin": [
          "*"
        ],
        "Duration": [
          "1589931"
        ],
        "Cache-Control": [
          "no-cache"
        ],
        "Server": [
          "Microsoft-IIS/8.5"
        ],
        "X-AspNet-Version": [
          "4.0.30319"
        ],
        "X-Powered-By": [
          "ASP.NET",
          "ASP.NET"
        ],
        "Date": [
          "Thu, 04 Aug 2016 03:21:25 GMT"
        ]
      },
      "StatusCode": 200
    },
    {
      "RequestUri": "/1273adef-00a3-4086-a51a-dbcce1857d36/applications/a2b2dfee-ac74-4c7a-925f-1eac1b3e351a/keyCredentials?api-version=1.6",
      "EncodedRequestUri": "LzEyNzNhZGVmLTAwYTMtNDA4Ni1hNTFhLWRiY2NlMTg1N2QzNi9hcHBsaWNhdGlvbnMvYTJiMmRmZWUtYWM3NC00YzdhLTkyNWYtMWVhYzFiM2UzNTFhL2tleUNyZWRlbnRpYWxzP2FwaS12ZXJzaW9uPTEuNg==",
      "RequestMethod": "GET",
      "RequestBody": "",
      "RequestHeaders": {
        "x-ms-client-request-id": [
          "167b679e-f535-4f59-962c-20cdf887cb1e"
        ],
        "accept-language": [
          "en-US"
        ],
        "User-Agent": [
          "Microsoft.Azure.Graph.RBAC.GraphRbacManagementClient/3.2.0-preview"
        ]
      },
      "ResponseBody": "{\r\n  \"odata.metadata\": \"https://graph.windows.net/1273adef-00a3-4086-a51a-dbcce1857d36/$metadata#Collection(Microsoft.DirectoryServices.KeyCredential)\",\r\n  \"value\": []\r\n}",
      "ResponseHeaders": {
        "Content-Length": [
          "158"
        ],
        "Content-Type": [
          "application/json; odata=minimalmetadata; streaming=true; charset=utf-8"
        ],
        "Expires": [
          "-1"
        ],
        "Pragma": [
          "no-cache"
        ],
        "ocp-aad-diagnostics-server-name": [
          "DwiZqbw4kpvacRTHgNp62Clzs32ouQbIngVZZ/qji78="
        ],
        "request-id": [
          "e0a14d81-a7ec-45b7-95f1-24630cef4c4f"
        ],
        "client-request-id": [
          "a9834d3c-6456-4817-aa0a-a22610eacbb5"
        ],
        "x-ms-dirapi-data-contract-version": [
          "1.6"
        ],
        "ocp-aad-session-key": [
          "G_pdrbutF_rkNiEj_o2RnfIt1B5bFmENW0sgY7gG5jevD0KhDsJA8-cSXSGUGkBq647fd1-7hs-PZeHDfoo08ePN_Pk0draLZeZktH7Lc3VIt3b2v5lF94Me2lfBVWTYhIDqdciorw0EgP4hIE7mBmTlvASOhppFQ_UPF-W6qnsYyi6uZwQb9oqDYy04dKxZPXRerhOKfbduHMfeszPxUg.gKOMjNVMalK9v7PgoWW-LRudGcmbzuZDPxmyO0JGf7c"
        ],
        "X-Content-Type-Options": [
          "nosniff"
        ],
        "DataServiceVersion": [
          "3.0;"
        ],
        "Strict-Transport-Security": [
          "max-age=31536000; includeSubDomains"
        ],
        "Access-Control-Allow-Origin": [
          "*"
        ],
        "Duration": [
          "987178"
        ],
        "Cache-Control": [
          "no-cache"
        ],
        "Server": [
          "Microsoft-IIS/8.5"
        ],
        "X-AspNet-Version": [
          "4.0.30319"
        ],
        "X-Powered-By": [
          "ASP.NET",
          "ASP.NET"
        ],
        "Date": [
          "Thu, 04 Aug 2016 03:21:26 GMT"
        ]
      },
      "StatusCode": 200
    },
    {
      "RequestUri": "/1273adef-00a3-4086-a51a-dbcce1857d36/applications/a2b2dfee-ac74-4c7a-925f-1eac1b3e351a/passwordCredentials?api-version=1.6",
      "EncodedRequestUri": "LzEyNzNhZGVmLTAwYTMtNDA4Ni1hNTFhLWRiY2NlMTg1N2QzNi9hcHBsaWNhdGlvbnMvYTJiMmRmZWUtYWM3NC00YzdhLTkyNWYtMWVhYzFiM2UzNTFhL3Bhc3N3b3JkQ3JlZGVudGlhbHM/YXBpLXZlcnNpb249MS42",
      "RequestMethod": "GET",
      "RequestBody": "",
      "RequestHeaders": {
        "x-ms-client-request-id": [
          "00122d20-2a4a-4bcf-9d4a-5e5d8e75b785"
        ],
        "accept-language": [
          "en-US"
        ],
        "User-Agent": [
          "Microsoft.Azure.Graph.RBAC.GraphRbacManagementClient/3.2.0-preview"
        ]
      },
      "ResponseBody": "{\r\n  \"odata.metadata\": \"https://graph.windows.net/1273adef-00a3-4086-a51a-dbcce1857d36/$metadata#Collection(Microsoft.DirectoryServices.PasswordCredential)\",\r\n  \"value\": [\r\n    {\r\n      \"customKeyIdentifier\": null,\r\n      \"endDate\": \"2017-08-04T03:21:24.7018029Z\",\r\n      \"keyId\": \"48418be6-f73c-4663-af3a-cb4c2568285e\",\r\n      \"startDate\": \"2016-08-04T03:21:24.7018029Z\",\r\n      \"value\": null\r\n    }\r\n  ]\r\n}",
      "ResponseHeaders": {
        "Content-Length": [
          "335"
        ],
        "Content-Type": [
          "application/json; odata=minimalmetadata; streaming=true; charset=utf-8"
        ],
        "Expires": [
          "-1"
        ],
        "Pragma": [
          "no-cache"
        ],
        "ocp-aad-diagnostics-server-name": [
          "DwiZqbw4kpvacRTHgNp62Clzs32ouQbIngVZZ/qji78="
        ],
        "request-id": [
          "6477a4ce-4992-4e50-b650-2c9ff3025180"
        ],
        "client-request-id": [
          "c7b7f7b9-1489-464c-8790-b09fa7d95856"
        ],
        "x-ms-dirapi-data-contract-version": [
          "1.6"
        ],
        "ocp-aad-session-key": [
          "kmuFPwC3TzEdZetqmluJFdUiXe-L52FkmLQPWXNLCtBgsH0F_nHxnMIfe0SsUbNfH45jDsKYzjF6cDX6GGlK37FyYmZvd7V5r-jKhIChu990c5qVHydTBQLbzWUwgt6OVjq2IDzb8xv9dZvaPF03EJIegvqAA9bM5vEh8fwHmLNpqqvxXTVcTQvwbuOMT9oKYreDqP71cKLcurkCCexJIw.9jdXZfJ9l8QhmUHamSONQcceR0GsRHmcia4nBHw0CI4"
        ],
        "X-Content-Type-Options": [
          "nosniff"
        ],
        "DataServiceVersion": [
          "3.0;"
        ],
        "Strict-Transport-Security": [
          "max-age=31536000; includeSubDomains"
        ],
        "Access-Control-Allow-Origin": [
          "*"
        ],
        "Duration": [
          "923119"
        ],
        "Cache-Control": [
          "no-cache"
        ],
        "Server": [
          "Microsoft-IIS/8.5"
        ],
        "X-AspNet-Version": [
          "4.0.30319"
        ],
        "X-Powered-By": [
          "ASP.NET",
          "ASP.NET"
        ],
        "Date": [
          "Thu, 04 Aug 2016 03:21:23 GMT"
        ]
      },
      "StatusCode": 200
    },
    {
      "RequestUri": "/1273adef-00a3-4086-a51a-dbcce1857d36/applications/a2b2dfee-ac74-4c7a-925f-1eac1b3e351a/passwordCredentials?api-version=1.6",
      "EncodedRequestUri": "LzEyNzNhZGVmLTAwYTMtNDA4Ni1hNTFhLWRiY2NlMTg1N2QzNi9hcHBsaWNhdGlvbnMvYTJiMmRmZWUtYWM3NC00YzdhLTkyNWYtMWVhYzFiM2UzNTFhL3Bhc3N3b3JkQ3JlZGVudGlhbHM/YXBpLXZlcnNpb249MS42",
      "RequestMethod": "GET",
      "RequestBody": "",
      "RequestHeaders": {
        "x-ms-client-request-id": [
          "9c32ec1c-c92d-4a29-9a46-69dd65f1a1cd"
        ],
        "accept-language": [
          "en-US"
        ],
        "User-Agent": [
          "Microsoft.Azure.Graph.RBAC.GraphRbacManagementClient/3.2.0-preview"
        ]
      },
      "ResponseBody": "{\r\n  \"odata.metadata\": \"https://graph.windows.net/1273adef-00a3-4086-a51a-dbcce1857d36/$metadata#Collection(Microsoft.DirectoryServices.PasswordCredential)\",\r\n  \"value\": [\r\n    {\r\n      \"customKeyIdentifier\": null,\r\n      \"endDate\": \"2017-08-04T03:21:24.7018029Z\",\r\n      \"keyId\": \"48418be6-f73c-4663-af3a-cb4c2568285e\",\r\n      \"startDate\": \"2016-08-04T03:21:24.7018029Z\",\r\n      \"value\": null\r\n    }\r\n  ]\r\n}",
      "ResponseHeaders": {
        "Content-Length": [
          "335"
        ],
        "Content-Type": [
          "application/json; odata=minimalmetadata; streaming=true; charset=utf-8"
        ],
        "Expires": [
          "-1"
        ],
        "Pragma": [
          "no-cache"
        ],
        "ocp-aad-diagnostics-server-name": [
          "DwiZqbw4kpvacRTHgNp62Clzs32ouQbIngVZZ/qji78="
        ],
        "request-id": [
          "1cd2760e-af6d-4e63-8919-f58010e5106f"
        ],
        "client-request-id": [
          "e6543ddf-db03-4a6a-b802-9cafe9f197cb"
        ],
        "x-ms-dirapi-data-contract-version": [
          "1.6"
        ],
        "ocp-aad-session-key": [
          "3_WGNh-w4rgQLXOdU8apZvfVizWGE5G1B5lCeX-Rq5v6SJ0bgwAPgq7lpcw3yAakFcJW3UhTbI2YZWFISg2edwSBUZ4yLEjf3qdD-XEoaNqOfGN2XTxN7iQgieVKZqlyNc1OKWBJXbNWui-iKR2DGS4lZlXxHOgSYOEmQDistm56pB4lJcp2jSEx2wg7sIk_9gRrexu9bv9iTWP7h2iQzg.QG9pH-2FkhaNTacLrO1IWGpcSzxPJHqygWNVHQZyRrU"
        ],
        "X-Content-Type-Options": [
          "nosniff"
        ],
        "DataServiceVersion": [
          "3.0;"
        ],
        "Strict-Transport-Security": [
          "max-age=31536000; includeSubDomains"
        ],
        "Access-Control-Allow-Origin": [
          "*"
        ],
        "Duration": [
          "977242"
        ],
        "Cache-Control": [
          "no-cache"
        ],
        "Server": [
          "Microsoft-IIS/8.5"
        ],
        "X-AspNet-Version": [
          "4.0.30319"
        ],
        "X-Powered-By": [
          "ASP.NET",
          "ASP.NET"
        ],
        "Date": [
          "Thu, 04 Aug 2016 03:21:23 GMT"
        ]
      },
      "StatusCode": 200
    },
    {
      "RequestUri": "/1273adef-00a3-4086-a51a-dbcce1857d36/applications/a2b2dfee-ac74-4c7a-925f-1eac1b3e351a/passwordCredentials?api-version=1.6",
      "EncodedRequestUri": "LzEyNzNhZGVmLTAwYTMtNDA4Ni1hNTFhLWRiY2NlMTg1N2QzNi9hcHBsaWNhdGlvbnMvYTJiMmRmZWUtYWM3NC00YzdhLTkyNWYtMWVhYzFiM2UzNTFhL3Bhc3N3b3JkQ3JlZGVudGlhbHM/YXBpLXZlcnNpb249MS42",
      "RequestMethod": "GET",
      "RequestBody": "",
      "RequestHeaders": {
        "x-ms-client-request-id": [
          "faa683c3-0de2-481f-803f-755c757ae7d8"
        ],
        "accept-language": [
          "en-US"
        ],
        "User-Agent": [
          "Microsoft.Azure.Graph.RBAC.GraphRbacManagementClient/3.2.0-preview"
        ]
      },
      "ResponseBody": "{\r\n  \"odata.metadata\": \"https://graph.windows.net/1273adef-00a3-4086-a51a-dbcce1857d36/$metadata#Collection(Microsoft.DirectoryServices.PasswordCredential)\",\r\n  \"value\": [\r\n    {\r\n      \"customKeyIdentifier\": null,\r\n      \"endDate\": \"2017-08-04T03:21:25.74475Z\",\r\n      \"keyId\": \"954d1927-636d-4859-b6cf-3df47652d244\",\r\n      \"startDate\": \"2016-08-04T03:21:25.74475Z\",\r\n      \"value\": null\r\n    },\r\n    {\r\n      \"customKeyIdentifier\": null,\r\n      \"endDate\": \"2017-08-04T03:21:24.7018029Z\",\r\n      \"keyId\": \"48418be6-f73c-4663-af3a-cb4c2568285e\",\r\n      \"startDate\": \"2016-08-04T03:21:24.7018029Z\",\r\n      \"value\": null\r\n    }\r\n  ]\r\n}",
      "ResponseHeaders": {
        "Content-Length": [
          "504"
        ],
        "Content-Type": [
          "application/json; odata=minimalmetadata; streaming=true; charset=utf-8"
        ],
        "Expires": [
          "-1"
        ],
        "Pragma": [
          "no-cache"
        ],
        "ocp-aad-diagnostics-server-name": [
          "q1vj4XvvU5q+L2Gpz3K8+u73jHZTPgp2vwQVNeo/8kM="
        ],
        "request-id": [
          "4aaafb39-2fc2-4500-8941-833979ff9751"
        ],
        "client-request-id": [
          "1949968c-e607-4112-ba26-775457668f32"
        ],
        "x-ms-dirapi-data-contract-version": [
          "1.6"
        ],
        "ocp-aad-session-key": [
          "_Q1b8moOPV_A7hoLDvD8l0cgXu-57BZLddnGN9slZWa2-2AIhkxx97tzDOvGjiNN4r6gQaOElWWANy6vPxcmVWXitURgY9jjPfqSMswv8W-5_Gwxo6fWMEWUnYe-2lTUP3VIgBYuhHDU8zU3w36adF2oiJE9kBIEe6SeJeXE4k3gu64Gd_7gvMuXhIA8h5jL24OGMKq3_kvNXw1XquyzDA.5RrfJfyOjXvVuQd95DvzSPZ-kYPvcSKGjDqyVol0wpI"
        ],
        "X-Content-Type-Options": [
          "nosniff"
        ],
        "DataServiceVersion": [
          "3.0;"
        ],
        "Strict-Transport-Security": [
          "max-age=31536000; includeSubDomains"
        ],
        "Access-Control-Allow-Origin": [
          "*"
        ],
        "Duration": [
          "1155465"
        ],
        "Cache-Control": [
          "no-cache"
        ],
        "Server": [
          "Microsoft-IIS/8.5"
        ],
        "X-AspNet-Version": [
          "4.0.30319"
        ],
        "X-Powered-By": [
          "ASP.NET",
          "ASP.NET"
        ],
        "Date": [
          "Thu, 04 Aug 2016 03:21:24 GMT"
        ]
      },
      "StatusCode": 200
    },
    {
      "RequestUri": "/1273adef-00a3-4086-a51a-dbcce1857d36/applications/a2b2dfee-ac74-4c7a-925f-1eac1b3e351a/passwordCredentials?api-version=1.6",
      "EncodedRequestUri": "LzEyNzNhZGVmLTAwYTMtNDA4Ni1hNTFhLWRiY2NlMTg1N2QzNi9hcHBsaWNhdGlvbnMvYTJiMmRmZWUtYWM3NC00YzdhLTkyNWYtMWVhYzFiM2UzNTFhL3Bhc3N3b3JkQ3JlZGVudGlhbHM/YXBpLXZlcnNpb249MS42",
      "RequestMethod": "GET",
      "RequestBody": "",
      "RequestHeaders": {
        "x-ms-client-request-id": [
          "4aa4a28f-d28d-429f-80e5-55bcf98ac0b8"
        ],
        "accept-language": [
          "en-US"
        ],
        "User-Agent": [
          "Microsoft.Azure.Graph.RBAC.GraphRbacManagementClient/3.2.0-preview"
        ]
      },
      "ResponseBody": "{\r\n  \"odata.metadata\": \"https://graph.windows.net/1273adef-00a3-4086-a51a-dbcce1857d36/$metadata#Collection(Microsoft.DirectoryServices.PasswordCredential)\",\r\n  \"value\": [\r\n    {\r\n      \"customKeyIdentifier\": null,\r\n      \"endDate\": \"2017-08-04T03:21:25.74475Z\",\r\n      \"keyId\": \"954d1927-636d-4859-b6cf-3df47652d244\",\r\n      \"startDate\": \"2016-08-04T03:21:25.74475Z\",\r\n      \"value\": null\r\n    },\r\n    {\r\n      \"customKeyIdentifier\": null,\r\n      \"endDate\": \"2017-08-04T03:21:24.7018029Z\",\r\n      \"keyId\": \"48418be6-f73c-4663-af3a-cb4c2568285e\",\r\n      \"startDate\": \"2016-08-04T03:21:24.7018029Z\",\r\n      \"value\": null\r\n    }\r\n  ]\r\n}",
      "ResponseHeaders": {
        "Content-Length": [
          "504"
        ],
        "Content-Type": [
          "application/json; odata=minimalmetadata; streaming=true; charset=utf-8"
        ],
        "Expires": [
          "-1"
        ],
        "Pragma": [
          "no-cache"
        ],
        "ocp-aad-diagnostics-server-name": [
          "DwiZqbw4kpvacRTHgNp62Clzs32ouQbIngVZZ/qji78="
        ],
        "request-id": [
          "2f567e91-2109-490a-8423-44c2c3a46003"
        ],
        "client-request-id": [
          "7e1f5700-e3d9-4581-a64e-9c9cead5bdda"
        ],
        "x-ms-dirapi-data-contract-version": [
          "1.6"
        ],
        "ocp-aad-session-key": [
          "VlPyQtqRSsmfdGqaEvlk7yKDmAsxZ0JDEBz86kl0bGq3-RI9bU3CB51TllYU5npO91Qj6RQG3mFdaVFomL8CevyGBwv5lhxZSm7FN4Bb4FoZhcgnFDkJbSUZFVvWcg_OBq-dz6qKuop3LdxQeqXWuIwmTeewifkrPLxDB2yuvDRkNifgX04LZPufwsGkTrN4FA2TI1lLEGn-RMPj-0BhCw.IJ0Cp4aYM79jUX-2xI8FMKe3MhblpRkGXpZcGFwngqI"
        ],
        "X-Content-Type-Options": [
          "nosniff"
        ],
        "DataServiceVersion": [
          "3.0;"
        ],
        "Strict-Transport-Security": [
          "max-age=31536000; includeSubDomains"
        ],
        "Access-Control-Allow-Origin": [
          "*"
        ],
        "Duration": [
          "937238"
        ],
        "Cache-Control": [
          "no-cache"
        ],
        "Server": [
          "Microsoft-IIS/8.5"
        ],
        "X-AspNet-Version": [
          "4.0.30319"
        ],
        "X-Powered-By": [
          "ASP.NET",
          "ASP.NET"
        ],
        "Date": [
          "Thu, 04 Aug 2016 03:21:25 GMT"
        ]
      },
      "StatusCode": 200
    },
    {
      "RequestUri": "/1273adef-00a3-4086-a51a-dbcce1857d36/applications/a2b2dfee-ac74-4c7a-925f-1eac1b3e351a/passwordCredentials?api-version=1.6",
      "EncodedRequestUri": "LzEyNzNhZGVmLTAwYTMtNDA4Ni1hNTFhLWRiY2NlMTg1N2QzNi9hcHBsaWNhdGlvbnMvYTJiMmRmZWUtYWM3NC00YzdhLTkyNWYtMWVhYzFiM2UzNTFhL3Bhc3N3b3JkQ3JlZGVudGlhbHM/YXBpLXZlcnNpb249MS42",
      "RequestMethod": "GET",
      "RequestBody": "",
      "RequestHeaders": {
        "x-ms-client-request-id": [
          "01859d3d-8b29-4820-8c71-cb8f03d3ebfb"
        ],
        "accept-language": [
          "en-US"
        ],
        "User-Agent": [
          "Microsoft.Azure.Graph.RBAC.GraphRbacManagementClient/3.2.0-preview"
        ]
      },
      "ResponseBody": "{\r\n  \"odata.metadata\": \"https://graph.windows.net/1273adef-00a3-4086-a51a-dbcce1857d36/$metadata#Collection(Microsoft.DirectoryServices.PasswordCredential)\",\r\n  \"value\": [\r\n    {\r\n      \"customKeyIdentifier\": null,\r\n      \"endDate\": \"2017-08-04T03:21:24.7018029Z\",\r\n      \"keyId\": \"48418be6-f73c-4663-af3a-cb4c2568285e\",\r\n      \"startDate\": \"2016-08-04T03:21:24.7018029Z\",\r\n      \"value\": null\r\n    }\r\n  ]\r\n}",
      "ResponseHeaders": {
        "Content-Length": [
          "335"
        ],
        "Content-Type": [
          "application/json; odata=minimalmetadata; streaming=true; charset=utf-8"
        ],
        "Expires": [
          "-1"
        ],
        "Pragma": [
          "no-cache"
        ],
        "ocp-aad-diagnostics-server-name": [
          "1Iav/mHzTGmu2pmYRWHXkhYT/enRd9k1yYAecgDtd9w="
        ],
        "request-id": [
          "ae1e2d0e-43ba-4add-950d-e854c530a388"
        ],
        "client-request-id": [
          "e0b8005d-61e8-4353-b8a9-f948963c4b31"
        ],
        "x-ms-dirapi-data-contract-version": [
          "1.6"
        ],
        "ocp-aad-session-key": [
          "HyqDm2Si64Sn5AENjmVRkEywYmZJaxxulW2_O7zl7ZOo0xkckXyOR86AGaQVvkjjI-6e3hHvSZZAVXhqlOQCXOA3nXmeflqg6kD0S5c7YlMz_YHTJcbWCfkjBVi8NMxidoNjPVtKlZlGa0D-YBz9QpD9A2NSIrQkB1AIHEH3pEm-lRAJ0ZheaGAS_ktz0h9trsvP3ck7ZWIgqy6gogengQ.qyPhATP3y3Y9e3flKN_BJJfWbzvsIO74ffFfLLI2G7M"
        ],
        "X-Content-Type-Options": [
          "nosniff"
        ],
        "DataServiceVersion": [
          "3.0;"
        ],
        "Strict-Transport-Security": [
          "max-age=31536000; includeSubDomains"
        ],
        "Access-Control-Allow-Origin": [
          "*"
        ],
        "Duration": [
          "1710879"
        ],
        "Cache-Control": [
          "no-cache"
        ],
        "Server": [
          "Microsoft-IIS/8.5"
        ],
        "X-AspNet-Version": [
          "4.0.30319"
        ],
        "X-Powered-By": [
          "ASP.NET",
          "ASP.NET"
        ],
        "Date": [
          "Thu, 04 Aug 2016 03:21:25 GMT"
        ]
      },
      "StatusCode": 200
    },
    {
      "RequestUri": "/1273adef-00a3-4086-a51a-dbcce1857d36/applications/a2b2dfee-ac74-4c7a-925f-1eac1b3e351a/passwordCredentials?api-version=1.6",
      "EncodedRequestUri": "LzEyNzNhZGVmLTAwYTMtNDA4Ni1hNTFhLWRiY2NlMTg1N2QzNi9hcHBsaWNhdGlvbnMvYTJiMmRmZWUtYWM3NC00YzdhLTkyNWYtMWVhYzFiM2UzNTFhL3Bhc3N3b3JkQ3JlZGVudGlhbHM/YXBpLXZlcnNpb249MS42",
      "RequestMethod": "GET",
      "RequestBody": "",
      "RequestHeaders": {
        "x-ms-client-request-id": [
          "f2fc83df-d1d1-4472-8b43-9f6e8c6e35b9"
        ],
        "accept-language": [
          "en-US"
        ],
        "User-Agent": [
          "Microsoft.Azure.Graph.RBAC.GraphRbacManagementClient/3.2.0-preview"
        ]
      },
      "ResponseBody": "{\r\n  \"odata.metadata\": \"https://graph.windows.net/1273adef-00a3-4086-a51a-dbcce1857d36/$metadata#Collection(Microsoft.DirectoryServices.PasswordCredential)\",\r\n  \"value\": []\r\n}",
      "ResponseHeaders": {
        "Content-Length": [
          "163"
        ],
        "Content-Type": [
          "application/json; odata=minimalmetadata; streaming=true; charset=utf-8"
        ],
        "Expires": [
          "-1"
        ],
        "Pragma": [
          "no-cache"
        ],
        "ocp-aad-diagnostics-server-name": [
          "DwiZqbw4kpvacRTHgNp62Clzs32ouQbIngVZZ/qji78="
        ],
        "request-id": [
          "4adbc874-ea9c-4f31-8c25-ac22059ddbae"
        ],
        "client-request-id": [
          "f315d255-fc38-433b-8817-a0e4c8a8b452"
        ],
        "x-ms-dirapi-data-contract-version": [
          "1.6"
        ],
        "ocp-aad-session-key": [
          "014Dcbvl2YONH2F_aEz6IAySwCm7WkFnF6YtzzVr04vpwmnSmWLMoz_K_ZGIsciYRl-M24V9Di1QWayXpppr0rLWJvtyxqkQFurgDHP0t7JGBNhrBkLODD9JWgAVnlI3e0wItLnRPfxYEkZwvIehI0yiKDTQNdQick3BsDA6VBo__A8lHGScLEYKtbMB-0YeXEyk6tid8cw6nckeBehe2Q.FanRq2oKxlqG3fbrMzJ7iSeclOTHfk6YEYK8tiJec_g"
        ],
        "X-Content-Type-Options": [
          "nosniff"
        ],
        "DataServiceVersion": [
          "3.0;"
        ],
        "Strict-Transport-Security": [
          "max-age=31536000; includeSubDomains"
        ],
        "Access-Control-Allow-Origin": [
          "*"
        ],
        "Duration": [
          "1008686"
        ],
        "Cache-Control": [
          "no-cache"
        ],
        "Server": [
          "Microsoft-IIS/8.5"
        ],
        "X-AspNet-Version": [
          "4.0.30319"
        ],
        "X-Powered-By": [
          "ASP.NET",
          "ASP.NET"
        ],
        "Date": [
          "Thu, 04 Aug 2016 03:21:26 GMT"
        ]
      },
      "StatusCode": 200
    },
    {
      "RequestUri": "/1273adef-00a3-4086-a51a-dbcce1857d36/applications/a2b2dfee-ac74-4c7a-925f-1eac1b3e351a/passwordCredentials?api-version=1.6",
      "EncodedRequestUri": "LzEyNzNhZGVmLTAwYTMtNDA4Ni1hNTFhLWRiY2NlMTg1N2QzNi9hcHBsaWNhdGlvbnMvYTJiMmRmZWUtYWM3NC00YzdhLTkyNWYtMWVhYzFiM2UzNTFhL3Bhc3N3b3JkQ3JlZGVudGlhbHM/YXBpLXZlcnNpb249MS42",
      "RequestMethod": "PATCH",
      "RequestBody": "{\r\n  \"value\": [\r\n    {\r\n      \"startDate\": \"2016-08-04T03:21:24.7018029Z\",\r\n      \"endDate\": \"2017-08-04T03:21:24.7018029Z\",\r\n      \"keyId\": \"48418be6-f73c-4663-af3a-cb4c2568285e\"\r\n    },\r\n    {\r\n      \"startDate\": \"2016-08-04T03:21:25.74475Z\",\r\n      \"endDate\": \"2017-08-04T03:21:25.74475Z\",\r\n      \"keyId\": \"954d1927-636d-4859-b6cf-3df47652d244\",\r\n      \"value\": \"onesdk3685\"\r\n    }\r\n  ]\r\n}",
      "RequestHeaders": {
        "Content-Type": [
          "application/json; charset=utf-8"
        ],
        "Content-Length": [
          "392"
        ],
        "x-ms-client-request-id": [
          "fabaaadf-f883-4fee-aa68-8ed2e818bdaa"
        ],
        "accept-language": [
          "en-US"
        ],
        "User-Agent": [
          "Microsoft.Azure.Graph.RBAC.GraphRbacManagementClient/3.2.0-preview"
        ]
      },
      "ResponseBody": "",
      "ResponseHeaders": {
        "Expires": [
          "-1"
        ],
        "Pragma": [
          "no-cache"
        ],
        "ocp-aad-diagnostics-server-name": [
          "11iwt901UN/FNchIH/Wpv/gMabTDDEDeFFgUOM8Kv5w="
        ],
        "request-id": [
          "6bdb9ef7-a9f6-4387-b118-6a388cbda303"
        ],
        "client-request-id": [
          "d9a13398-107d-47e1-b4f6-125c6410a1f7"
        ],
        "x-ms-dirapi-data-contract-version": [
          "1.6"
        ],
        "ocp-aad-session-key": [
          "wmTWAYnErlXqvjuC7zge9BsR8edb9BWhnsrSNXEeWsacp-JeP_Ii5Fk81bRDyDDofLshId-Aa4Gy-rP53kQfpX759mR7S3RW5PYL1qapdXYk7i4FWMBuKNwTPnf9rl-Ur3Qtv8ok0WI3wTe-2CZnj76wHuP22PRPfRU6FwxF_REF4Fre_3zJFbsn5l-6MKzhqvod726z5tOx2RERFgUWRw.WT7WLnVGyVPcP0Ico-sRLYpV17H-kxe-eLL_Oz3RRDo"
        ],
        "X-Content-Type-Options": [
          "nosniff"
        ],
        "DataServiceVersion": [
          "1.0;"
        ],
        "Strict-Transport-Security": [
          "max-age=31536000; includeSubDomains"
        ],
        "Access-Control-Allow-Origin": [
          "*"
        ],
        "Duration": [
          "5875013"
        ],
        "Cache-Control": [
          "no-cache"
        ],
        "Server": [
          "Microsoft-IIS/8.5"
        ],
        "X-AspNet-Version": [
          "4.0.30319"
        ],
        "X-Powered-By": [
          "ASP.NET",
          "ASP.NET"
        ],
        "Date": [
          "Thu, 04 Aug 2016 03:21:24 GMT"
        ]
      },
      "StatusCode": 204
    },
    {
      "RequestUri": "/1273adef-00a3-4086-a51a-dbcce1857d36/applications/a2b2dfee-ac74-4c7a-925f-1eac1b3e351a/passwordCredentials?api-version=1.6",
      "EncodedRequestUri": "LzEyNzNhZGVmLTAwYTMtNDA4Ni1hNTFhLWRiY2NlMTg1N2QzNi9hcHBsaWNhdGlvbnMvYTJiMmRmZWUtYWM3NC00YzdhLTkyNWYtMWVhYzFiM2UzNTFhL3Bhc3N3b3JkQ3JlZGVudGlhbHM/YXBpLXZlcnNpb249MS42",
      "RequestMethod": "PATCH",
      "RequestBody": "{\r\n  \"value\": [\r\n    {\r\n      \"startDate\": \"2016-08-04T03:21:24.7018029Z\",\r\n      \"endDate\": \"2017-08-04T03:21:24.7018029Z\",\r\n      \"keyId\": \"48418be6-f73c-4663-af3a-cb4c2568285e\"\r\n    }\r\n  ]\r\n}",
      "RequestHeaders": {
        "Content-Type": [
          "application/json; charset=utf-8"
        ],
        "Content-Length": [
          "194"
        ],
        "x-ms-client-request-id": [
          "35ed4c17-f4aa-4a2d-b23b-c39210f3c2b3"
        ],
        "accept-language": [
          "en-US"
        ],
        "User-Agent": [
          "Microsoft.Azure.Graph.RBAC.GraphRbacManagementClient/3.2.0-preview"
        ]
      },
      "ResponseBody": "",
      "ResponseHeaders": {
        "Expires": [
          "-1"
        ],
        "Pragma": [
          "no-cache"
        ],
        "ocp-aad-diagnostics-server-name": [
          "DwiZqbw4kpvacRTHgNp62Clzs32ouQbIngVZZ/qji78="
        ],
        "request-id": [
          "0f3d6cd5-cef1-4e23-8ce5-7b512a9756e8"
        ],
        "client-request-id": [
          "e8c0cfda-1c2d-44a6-8ed0-ce8166425cc6"
        ],
        "x-ms-dirapi-data-contract-version": [
          "1.6"
        ],
        "ocp-aad-session-key": [
          "pti8S_fRUCL9e0GnffoqZHFYZLFVOV0i8TfcuHCkkLlgRivlP1kbvk7HwgrqkMEjLjdUnfys0nUAUSKHbfMUI3Z87wJ2d18WXeLxdPb_nc2ggVPPlQW-N7KyT7WH1n8znFdtXT85TypvqUEk2GSuX_qsRhOrfIlredraWbz3ZHNwzd7u60x0l2vHOYrFIQgjSSi3Mq6f-D71ov8gLoodVw.xcU6RAgyQQ_kPm0vA-klouVXkmuuxAy-sUxZJi1OoNk"
        ],
        "X-Content-Type-Options": [
          "nosniff"
        ],
        "DataServiceVersion": [
          "1.0;"
        ],
        "Strict-Transport-Security": [
          "max-age=31536000; includeSubDomains"
        ],
        "Access-Control-Allow-Origin": [
          "*"
        ],
        "Duration": [
          "2631451"
        ],
        "Cache-Control": [
          "no-cache"
        ],
        "Server": [
          "Microsoft-IIS/8.5"
        ],
        "X-AspNet-Version": [
          "4.0.30319"
        ],
        "X-Powered-By": [
          "ASP.NET",
          "ASP.NET"
        ],
        "Date": [
          "Thu, 04 Aug 2016 03:21:25 GMT"
        ]
      },
      "StatusCode": 204
    },
    {
      "RequestUri": "/1273adef-00a3-4086-a51a-dbcce1857d36/applications/a2b2dfee-ac74-4c7a-925f-1eac1b3e351a/passwordCredentials?api-version=1.6",
      "EncodedRequestUri": "LzEyNzNhZGVmLTAwYTMtNDA4Ni1hNTFhLWRiY2NlMTg1N2QzNi9hcHBsaWNhdGlvbnMvYTJiMmRmZWUtYWM3NC00YzdhLTkyNWYtMWVhYzFiM2UzNTFhL3Bhc3N3b3JkQ3JlZGVudGlhbHM/YXBpLXZlcnNpb249MS42",
      "RequestMethod": "PATCH",
      "RequestBody": "{\r\n  \"value\": []\r\n}",
      "RequestHeaders": {
        "Content-Type": [
          "application/json; charset=utf-8"
        ],
        "Content-Length": [
          "19"
        ],
        "x-ms-client-request-id": [
          "fb53afb4-db07-4920-84c1-7858e04961e6"
        ],
        "accept-language": [
          "en-US"
        ],
        "User-Agent": [
          "Microsoft.Azure.Graph.RBAC.GraphRbacManagementClient/3.2.0-preview"
        ]
      },
      "ResponseBody": "",
      "ResponseHeaders": {
        "Expires": [
          "-1"
        ],
        "Pragma": [
          "no-cache"
        ],
        "ocp-aad-diagnostics-server-name": [
          "q1vj4XvvU5q+L2Gpz3K8+u73jHZTPgp2vwQVNeo/8kM="
        ],
        "request-id": [
          "57d4842f-961c-4637-b286-7eb48f0cc387"
        ],
        "client-request-id": [
          "2963998c-22f9-4e1d-a13f-cdf90852872c"
        ],
        "x-ms-dirapi-data-contract-version": [
          "1.6"
        ],
        "ocp-aad-session-key": [
          "DYy7RsOxp99RayWrhH9EwbO-NAj9Vt_Hjx7GHeuz5sjacCJxaCi0YWxg-mGLVy7j8AIowdDbJRw-_Y7wUbBMaJVlTKmIfQRrNWe0uwsbA3iqpRxD0KZAhMZGXFLdMvFpbmVEyg6BVXL4m-VY3oHfHWMl8lXvWNYqkPTUW5tQHA6eu5HY6tE_EYyXP2eOIRtH3STUdrQv7V2XHq-_O8zxbw.h13DseiOem6fK1l8vgXxDKVVqT6RKLAbZ9x7nN32RK0"
        ],
        "X-Content-Type-Options": [
          "nosniff"
        ],
        "DataServiceVersion": [
          "1.0;"
        ],
        "Strict-Transport-Security": [
          "max-age=31536000; includeSubDomains"
        ],
        "Access-Control-Allow-Origin": [
          "*"
        ],
        "Duration": [
          "4363701"
        ],
        "Cache-Control": [
          "no-cache"
        ],
        "Server": [
          "Microsoft-IIS/8.5"
        ],
        "X-AspNet-Version": [
          "4.0.30319"
        ],
        "X-Powered-By": [
          "ASP.NET",
          "ASP.NET"
        ],
        "Date": [
          "Thu, 04 Aug 2016 03:21:26 GMT"
        ]
      },
      "StatusCode": 204
    },
    {
      "RequestUri": "/1273adef-00a3-4086-a51a-dbcce1857d36/applications?$filter=appId%20eq%20'a3fbd116-addc-48fd-9246-78d14f8c1fb7'&api-version=1.6",
      "EncodedRequestUri": "LzEyNzNhZGVmLTAwYTMtNDA4Ni1hNTFhLWRiY2NlMTg1N2QzNi9hcHBsaWNhdGlvbnM/JGZpbHRlcj1hcHBJZCUyMGVxJTIwJ2EzZmJkMTE2LWFkZGMtNDhmZC05MjQ2LTc4ZDE0ZjhjMWZiNycmYXBpLXZlcnNpb249MS42",
      "RequestMethod": "GET",
      "RequestBody": "",
      "RequestHeaders": {
        "x-ms-client-request-id": [
          "db9860ad-7a22-4d81-b3d8-ba43a3e4c485"
        ],
        "accept-language": [
          "en-US"
        ],
        "User-Agent": [
          "Microsoft.Azure.Graph.RBAC.GraphRbacManagementClient/3.2.0-preview"
        ]
      },
      "ResponseBody": "{\r\n  \"odata.metadata\": \"https://graph.windows.net/1273adef-00a3-4086-a51a-dbcce1857d36/$metadata#directoryObjects/Microsoft.DirectoryServices.Application\",\r\n  \"value\": [\r\n    {\r\n      \"odata.type\": \"Microsoft.DirectoryServices.Application\",\r\n      \"objectType\": \"Application\",\r\n      \"objectId\": \"a2b2dfee-ac74-4c7a-925f-1eac1b3e351a\",\r\n      \"deletionTimestamp\": null,\r\n      \"addIns\": [],\r\n      \"appId\": \"a3fbd116-addc-48fd-9246-78d14f8c1fb7\",\r\n      \"appRoles\": [],\r\n      \"availableToOtherTenants\": false,\r\n      \"displayName\": \"onesdk7008\",\r\n      \"errorUrl\": null,\r\n      \"groupMembershipClaims\": null,\r\n      \"homepage\": null,\r\n      \"identifierUris\": [\r\n        \"http://onesdk7008\"\r\n      ],\r\n      \"keyCredentials\": [],\r\n      \"knownClientApplications\": [],\r\n      \"logoutUrl\": null,\r\n      \"oauth2AllowImplicitFlow\": false,\r\n      \"oauth2AllowUrlPathMatching\": false,\r\n      \"oauth2Permissions\": [\r\n        {\r\n          \"adminConsentDescription\": \"Allow the application to access onesdk7008 on behalf of the signed-in user.\",\r\n          \"adminConsentDisplayName\": \"Access onesdk7008\",\r\n          \"id\": \"2ac6c0b7-92e6-4fde-beb6-7a5ede864ba1\",\r\n          \"isEnabled\": true,\r\n          \"type\": \"User\",\r\n          \"userConsentDescription\": \"Allow the application to access onesdk7008 on your behalf.\",\r\n          \"userConsentDisplayName\": \"Access onesdk7008\",\r\n          \"value\": \"user_impersonation\"\r\n        }\r\n      ],\r\n      \"oauth2RequirePostResponse\": false,\r\n      \"passwordCredentials\": [\r\n        {\r\n          \"customKeyIdentifier\": null,\r\n          \"endDate\": \"2017-08-04T03:21:25.74475Z\",\r\n          \"keyId\": \"954d1927-636d-4859-b6cf-3df47652d244\",\r\n          \"startDate\": \"2016-08-04T03:21:25.74475Z\",\r\n          \"value\": null\r\n        },\r\n        {\r\n          \"customKeyIdentifier\": null,\r\n          \"endDate\": \"2017-08-04T03:21:24.7018029Z\",\r\n          \"keyId\": \"48418be6-f73c-4663-af3a-cb4c2568285e\",\r\n          \"startDate\": \"2016-08-04T03:21:24.7018029Z\",\r\n          \"value\": null\r\n        }\r\n      ],\r\n      \"publicClient\": null,\r\n      \"recordConsentConditions\": null,\r\n      \"replyUrls\": [],\r\n      \"requiredResourceAccess\": [],\r\n      \"samlMetadataUrl\": null\r\n    }\r\n  ]\r\n}",
      "ResponseHeaders": {
        "Content-Length": [
          "1610"
        ],
        "Content-Type": [
          "application/json; odata=minimalmetadata; streaming=true; charset=utf-8"
        ],
        "Expires": [
          "-1"
        ],
        "Pragma": [
          "no-cache"
        ],
        "ocp-aad-diagnostics-server-name": [
          "1Iav/mHzTGmu2pmYRWHXkhYT/enRd9k1yYAecgDtd9w="
        ],
        "request-id": [
          "6204921f-a77a-4d26-bcf3-068a5ecfbc09"
        ],
        "client-request-id": [
          "ad5bcc4e-1965-4a07-9e7a-a758de027add"
        ],
        "x-ms-dirapi-data-contract-version": [
          "1.6"
        ],
        "ocp-aad-session-key": [
          "svWtZlC2BtFObw-sZfyUDVaIeLmhk3Eh0jLDwcN78jt2NOjjGT9WvOrtlPlYMzWQAPkfx9a0mnaRzwTedlKmbNYTxP8ne6lTZUUKj_8lk9_LMfS01A3HvL_WZeg--pjLJ_AUmj3foIfNIoK0CsMwPbn6DkmBaEPMgd8bWNQ2qC4IZHj_ekxrS9-0DJx1ctyAOmWoYNHDwnDPVMs_HRJixA.1sSsNnXy3kp4FeJL-Q6mActSWQszyddkSe2BjFoDYRg"
        ],
        "X-Content-Type-Options": [
          "nosniff"
        ],
        "DataServiceVersion": [
          "3.0;"
        ],
        "Strict-Transport-Security": [
          "max-age=31536000; includeSubDomains"
        ],
        "Access-Control-Allow-Origin": [
          "*"
        ],
        "Duration": [
          "1029451"
        ],
        "Cache-Control": [
          "no-cache"
        ],
        "Server": [
          "Microsoft-IIS/8.5"
        ],
        "X-AspNet-Version": [
          "4.0.30319"
        ],
        "X-Powered-By": [
          "ASP.NET",
          "ASP.NET"
        ],
        "Date": [
          "Thu, 04 Aug 2016 03:21:24 GMT"
        ]
      },
      "StatusCode": 200
    },
    {
      "RequestUri": "/1273adef-00a3-4086-a51a-dbcce1857d36/applications?$filter=appId%20eq%20'a3fbd116-addc-48fd-9246-78d14f8c1fb7'&api-version=1.6",
      "EncodedRequestUri": "LzEyNzNhZGVmLTAwYTMtNDA4Ni1hNTFhLWRiY2NlMTg1N2QzNi9hcHBsaWNhdGlvbnM/JGZpbHRlcj1hcHBJZCUyMGVxJTIwJ2EzZmJkMTE2LWFkZGMtNDhmZC05MjQ2LTc4ZDE0ZjhjMWZiNycmYXBpLXZlcnNpb249MS42",
      "RequestMethod": "GET",
      "RequestBody": "",
      "RequestHeaders": {
        "x-ms-client-request-id": [
          "85311d6b-84f9-4a9f-81f5-e2f2ae99b34a"
        ],
        "accept-language": [
          "en-US"
        ],
        "User-Agent": [
          "Microsoft.Azure.Graph.RBAC.GraphRbacManagementClient/3.2.0-preview"
        ]
      },
      "ResponseBody": "{\r\n  \"odata.metadata\": \"https://graph.windows.net/1273adef-00a3-4086-a51a-dbcce1857d36/$metadata#directoryObjects/Microsoft.DirectoryServices.Application\",\r\n  \"value\": [\r\n    {\r\n      \"odata.type\": \"Microsoft.DirectoryServices.Application\",\r\n      \"objectType\": \"Application\",\r\n      \"objectId\": \"a2b2dfee-ac74-4c7a-925f-1eac1b3e351a\",\r\n      \"deletionTimestamp\": null,\r\n      \"addIns\": [],\r\n      \"appId\": \"a3fbd116-addc-48fd-9246-78d14f8c1fb7\",\r\n      \"appRoles\": [],\r\n      \"availableToOtherTenants\": false,\r\n      \"displayName\": \"onesdk7008\",\r\n      \"errorUrl\": null,\r\n      \"groupMembershipClaims\": null,\r\n      \"homepage\": null,\r\n      \"identifierUris\": [\r\n        \"http://onesdk7008\"\r\n      ],\r\n      \"keyCredentials\": [],\r\n      \"knownClientApplications\": [],\r\n      \"logoutUrl\": null,\r\n      \"oauth2AllowImplicitFlow\": false,\r\n      \"oauth2AllowUrlPathMatching\": false,\r\n      \"oauth2Permissions\": [\r\n        {\r\n          \"adminConsentDescription\": \"Allow the application to access onesdk7008 on behalf of the signed-in user.\",\r\n          \"adminConsentDisplayName\": \"Access onesdk7008\",\r\n          \"id\": \"2ac6c0b7-92e6-4fde-beb6-7a5ede864ba1\",\r\n          \"isEnabled\": true,\r\n          \"type\": \"User\",\r\n          \"userConsentDescription\": \"Allow the application to access onesdk7008 on your behalf.\",\r\n          \"userConsentDisplayName\": \"Access onesdk7008\",\r\n          \"value\": \"user_impersonation\"\r\n        }\r\n      ],\r\n      \"oauth2RequirePostResponse\": false,\r\n      \"passwordCredentials\": [\r\n        {\r\n          \"customKeyIdentifier\": null,\r\n          \"endDate\": \"2017-08-04T03:21:24.7018029Z\",\r\n          \"keyId\": \"48418be6-f73c-4663-af3a-cb4c2568285e\",\r\n          \"startDate\": \"2016-08-04T03:21:24.7018029Z\",\r\n          \"value\": null\r\n        }\r\n      ],\r\n      \"publicClient\": null,\r\n      \"recordConsentConditions\": null,\r\n      \"replyUrls\": [],\r\n      \"requiredResourceAccess\": [],\r\n      \"samlMetadataUrl\": null\r\n    }\r\n  ]\r\n}",
      "ResponseHeaders": {
        "Content-Length": [
          "1441"
        ],
        "Content-Type": [
          "application/json; odata=minimalmetadata; streaming=true; charset=utf-8"
        ],
        "Expires": [
          "-1"
        ],
        "Pragma": [
          "no-cache"
        ],
        "ocp-aad-diagnostics-server-name": [
          "1Iav/mHzTGmu2pmYRWHXkhYT/enRd9k1yYAecgDtd9w="
        ],
        "request-id": [
          "592664a1-662a-4c3d-a973-a74d45182a68"
        ],
        "client-request-id": [
          "23846648-4045-4551-9299-0aa0473f0b4c"
        ],
        "x-ms-dirapi-data-contract-version": [
          "1.6"
        ],
        "ocp-aad-session-key": [
          "XsE44z2QP7h92LMvou1rhyPkzXl09a6oqnGhhWGXsZEV4HhsMsp86aJdGjFvt6bc2tHKwVDLGmX-XPoI-Sv1gjL16O2n811sRGG9udnDP6Pwc06yAWD_6tcqgYwlKc4_iKJtqKjSTbJm8ZAquB3SmhkShd5NEM62yORAaLWFdl7ieFwuwyITOi60E-ZdI2ST1WRvXUJt5TtuMIfAWZAxYg.dtfkfMCWZKAgqotSCCYHYWXNDZnKux4UuqATww1XXBs"
        ],
        "X-Content-Type-Options": [
          "nosniff"
        ],
        "DataServiceVersion": [
          "3.0;"
        ],
        "Strict-Transport-Security": [
          "max-age=31536000; includeSubDomains"
        ],
        "Access-Control-Allow-Origin": [
          "*"
        ],
        "Duration": [
          "1129759"
        ],
        "Cache-Control": [
          "no-cache"
        ],
        "Server": [
          "Microsoft-IIS/8.5"
        ],
        "X-AspNet-Version": [
          "4.0.30319"
        ],
        "X-Powered-By": [
          "ASP.NET",
          "ASP.NET"
        ],
        "Date": [
          "Thu, 04 Aug 2016 03:21:25 GMT"
        ]
      },
      "StatusCode": 200
    },
    {
      "RequestUri": "/1273adef-00a3-4086-a51a-dbcce1857d36/applications/a2b2dfee-ac74-4c7a-925f-1eac1b3e351a/keyCredentials?api-version=1.6",
      "EncodedRequestUri": "LzEyNzNhZGVmLTAwYTMtNDA4Ni1hNTFhLWRiY2NlMTg1N2QzNi9hcHBsaWNhdGlvbnMvYTJiMmRmZWUtYWM3NC00YzdhLTkyNWYtMWVhYzFiM2UzNTFhL2tleUNyZWRlbnRpYWxzP2FwaS12ZXJzaW9uPTEuNg==",
      "RequestMethod": "PATCH",
      "RequestBody": "{\r\n  \"value\": []\r\n}",
      "RequestHeaders": {
        "Content-Type": [
          "application/json; charset=utf-8"
        ],
        "Content-Length": [
          "19"
        ],
        "x-ms-client-request-id": [
          "3239403f-cf46-4a45-826d-7f72e1b9cc5a"
        ],
        "accept-language": [
          "en-US"
        ],
        "User-Agent": [
          "Microsoft.Azure.Graph.RBAC.GraphRbacManagementClient/3.2.0-preview"
        ]
      },
      "ResponseBody": "",
      "ResponseHeaders": {
        "Expires": [
          "-1"
        ],
        "Pragma": [
          "no-cache"
        ],
        "ocp-aad-diagnostics-server-name": [
          "DwiZqbw4kpvacRTHgNp62Clzs32ouQbIngVZZ/qji78="
        ],
        "request-id": [
          "48e1baa4-13fd-44dd-b5bf-f1b78b4c44f9"
        ],
        "client-request-id": [
          "a9b1c866-8e0c-4b7e-b6b9-a2d5042f2a66"
        ],
        "x-ms-dirapi-data-contract-version": [
          "1.6"
        ],
        "ocp-aad-session-key": [
          "Yva5o_U-MvRoorQt2DEV9h4gzV9kKgxdgd6c-3N7iN9_mgxY2qa4GDbQC1lFZPx_1yZfxXkMynFIvgzVLkSLaK2IQtod_mjhL73NfZwuIZhS5wYNrJVt969YzzKD2hvqDlxNhs_-IMMfsRbmGuvpxhKQ1JwfMMShfI1BKJirEGzLaLu76lxgYiq2OUFs99ASfb1pu7LBMbOYZd5XVdmQGw.E-vVLCnTYCLN-KodwR4996CiEEW653qlFJUogG5TSYk"
        ],
        "X-Content-Type-Options": [
          "nosniff"
        ],
        "DataServiceVersion": [
          "1.0;"
        ],
        "Strict-Transport-Security": [
          "max-age=31536000; includeSubDomains"
        ],
        "Access-Control-Allow-Origin": [
          "*"
        ],
        "Duration": [
          "1554938"
        ],
        "Cache-Control": [
          "no-cache"
        ],
        "Server": [
          "Microsoft-IIS/8.5"
        ],
        "X-AspNet-Version": [
          "4.0.30319"
        ],
        "X-Powered-By": [
          "ASP.NET",
          "ASP.NET"
        ],
        "Date": [
          "Thu, 04 Aug 2016 03:21:26 GMT"
        ]
      },
      "StatusCode": 204
    },
    {
      "RequestUri": "/1273adef-00a3-4086-a51a-dbcce1857d36/applications/a2b2dfee-ac74-4c7a-925f-1eac1b3e351a?api-version=1.6",
      "EncodedRequestUri": "LzEyNzNhZGVmLTAwYTMtNDA4Ni1hNTFhLWRiY2NlMTg1N2QzNi9hcHBsaWNhdGlvbnMvYTJiMmRmZWUtYWM3NC00YzdhLTkyNWYtMWVhYzFiM2UzNTFhP2FwaS12ZXJzaW9uPTEuNg==",
      "RequestMethod": "DELETE",
      "RequestBody": "",
      "RequestHeaders": {
        "x-ms-client-request-id": [
          "59177397-5640-40b9-91e8-31a5feaf1124"
        ],
        "accept-language": [
          "en-US"
        ],
        "User-Agent": [
          "Microsoft.Azure.Graph.RBAC.GraphRbacManagementClient/3.2.0-preview"
        ]
      },
      "ResponseBody": "",
      "ResponseHeaders": {
        "Expires": [
          "-1"
        ],
        "Pragma": [
          "no-cache"
        ],
        "ocp-aad-diagnostics-server-name": [
          "q1vj4XvvU5q+L2Gpz3K8+u73jHZTPgp2vwQVNeo/8kM="
        ],
        "request-id": [
          "a81d05f9-e7f4-44c2-85ac-5bfd3468380c"
        ],
        "client-request-id": [
          "b51cb64a-b27d-4e67-8d35-4458f4e17666"
        ],
        "x-ms-dirapi-data-contract-version": [
          "1.6"
        ],
        "ocp-aad-session-key": [
          "_KulOp431eGlc5v6IQX1xV3uMSK0fWOdWS_tdiNf1gevPeD3_naydl7cKraf7j9D2uLGiQHB9MdNEhPc-HseHEh9Vzxf33JyL-RmxymtGiwyjW2MOrOGc6Fr7aQC0EIxsIDcqTEa--nIsIqPyg5Oe3C2ZS_02jlnprAPVXOS5zZjaNj7PIL0u3l4mFym_uH00q7k2kVynmcjzh2UdgQP0Q.-nRog0Ja3mWw5J6sBXvbLE4qk_eCq_VR0ag44tr6xQM"
        ],
        "X-Content-Type-Options": [
          "nosniff"
        ],
        "DataServiceVersion": [
          "1.0;"
        ],
        "Strict-Transport-Security": [
          "max-age=31536000; includeSubDomains"
        ],
        "Access-Control-Allow-Origin": [
          "*"
        ],
        "Duration": [
          "1989422"
        ],
        "Cache-Control": [
          "no-cache"
        ],
        "Server": [
          "Microsoft-IIS/8.5"
        ],
        "X-AspNet-Version": [
          "4.0.30319"
        ],
        "X-Powered-By": [
          "ASP.NET",
          "ASP.NET"
        ],
        "Date": [
          "Thu, 04 Aug 2016 03:21:27 GMT"
        ]
      },
      "StatusCode": 204
    }
  ],
  "Names": {
    "Test-CreateDeleteAppPasswordCredentials": [
      "onesdk7008",
      "onesdk3685"
    ]
  },
  "Variables": {
    "SubscriptionId": "4004a9fd-d58e-48dc-aeb2-4a4aec58606f",
    "TenantId": "1273adef-00a3-4086-a51a-dbcce1857d36",
    "Domain": "rbacclitest.onmicrosoft.com"
  }
}