{
  "Entries": [
    {
      "RequestUri": "/1273adef-00a3-4086-a51a-dbcce1857d36/users?api-version=1.6",
      "EncodedRequestUri": "LzEyNzNhZGVmLTAwYTMtNDA4Ni1hNTFhLWRiY2NlMTg1N2QzNi91c2Vycz9hcGktdmVyc2lvbj0xLjY=",
      "RequestMethod": "POST",
      "RequestBody": "{\r\n  \"accountEnabled\": true,\r\n  \"displayName\": \"aduser8596\",\r\n  \"passwordProfile\": {\r\n    \"password\": \"adpass7790#$\",\r\n    \"forceChangePasswordNextLogin\": false\r\n  },\r\n  \"userPrincipalName\": \"aduser8596@rbacclitest.onmicrosoft.com\",\r\n  \"mailNickname\": \"aduser8596test\"\r\n}",
      "RequestHeaders": {
        "Content-Type": [
          "application/json; charset=utf-8"
        ],
        "Content-Length": [
          "271"
        ],
        "x-ms-client-request-id": [
          "ee239e4e-ab51-4f3d-afa4-a2f8fcc7a43c"
        ],
        "accept-language": [
          "en-US"
        ],
        "User-Agent": [
          "FxVersion/4.7.2556.0",
          "OSName/Windows10Enterprise",
          "OSVersion/6.3.16299",
          "Microsoft.Azure.Graph.RBAC.Version1_6.GraphRbacManagementClient/1.0.0.0"
        ]
      },
      "ResponseBody": "{\r\n  \"odata.metadata\": \"https://graph.windows.net/1273adef-00a3-4086-a51a-dbcce1857d36/$metadata#directoryObjects/Microsoft.DirectoryServices.User/@Element\",\r\n  \"odata.type\": \"Microsoft.DirectoryServices.User\",\r\n  \"objectType\": \"User\",\r\n  \"objectId\": \"2e2d73f5-319b-43eb-9b70-a72546442914\",\r\n  \"deletionTimestamp\": null,\r\n  \"accountEnabled\": true,\r\n  \"assignedLicenses\": [],\r\n  \"assignedPlans\": [],\r\n  \"city\": null,\r\n  \"companyName\": null,\r\n  \"country\": null,\r\n  \"creationType\": null,\r\n  \"department\": null,\r\n  \"dirSyncEnabled\": null,\r\n  \"displayName\": \"aduser8596\",\r\n  \"employeeId\": null,\r\n  \"facsimileTelephoneNumber\": null,\r\n  \"givenName\": null,\r\n  \"immutableId\": null,\r\n  \"isCompromised\": null,\r\n  \"jobTitle\": null,\r\n  \"lastDirSyncTime\": null,\r\n  \"mail\": null,\r\n  \"mailNickname\": \"aduser8596test\",\r\n  \"mobile\": null,\r\n  \"onPremisesDistinguishedName\": null,\r\n  \"onPremisesSecurityIdentifier\": null,\r\n  \"otherMails\": [],\r\n  \"passwordPolicies\": null,\r\n  \"passwordProfile\": null,\r\n  \"physicalDeliveryOfficeName\": null,\r\n  \"postalCode\": null,\r\n  \"preferredLanguage\": null,\r\n  \"provisionedPlans\": [],\r\n  \"provisioningErrors\": [],\r\n  \"proxyAddresses\": [],\r\n  \"refreshTokensValidFromDateTime\": \"2017-11-30T00:44:57.0666385Z\",\r\n  \"showInAddressList\": null,\r\n  \"signInNames\": [],\r\n  \"sipProxyAddress\": null,\r\n  \"state\": null,\r\n  \"streetAddress\": null,\r\n  \"surname\": null,\r\n  \"telephoneNumber\": null,\r\n  \"usageLocation\": null,\r\n  \"userIdentities\": [],\r\n  \"userPrincipalName\": \"aduser8596@rbacclitest.onmicrosoft.com\",\r\n  \"userType\": \"Member\"\r\n}",
      "ResponseHeaders": {
        "Content-Length": [
          "1295"
        ],
        "Content-Type": [
          "application/json; odata=minimalmetadata; streaming=true; charset=utf-8"
        ],
        "Expires": [
          "-1"
        ],
        "Pragma": [
          "no-cache"
        ],
        "ocp-aad-diagnostics-server-name": [
          "X7JJrDJZ6J5u3UjAG6S964BeoRqIrZ+Y1/baVMmjI9U="
        ],
        "request-id": [
          "c832c196-a0c5-4171-8b6f-b2b873615228"
        ],
        "client-request-id": [
          "51fc4bcb-d0d9-4dc8-9119-1655cb124327"
        ],
        "x-ms-dirapi-data-contract-version": [
          "1.6"
        ],
        "ocp-aad-session-key": [
          "yuZtaE41EyP43IyszaC0hQs8mLAXe5b6wgN8c8CjxJIfYMvoq4TOwfN3xp-2IZ8efwuuemydGTwkcOM7_tcjn7XIwDQQu1-cciyWNd4NIZhPkDdsjzBIJ9Y6kVpUVt00BAn0FNLS5Xqv4oxsTp0BMTsNgYEuITG0FZk2aXs3n_-G-GiIvdmGcz6nuImqqYnRahp7x7BFzshTNMkzbb5LQQ.vRCT1XJXmtpUJob4V-ngoKynJ7e6HQhn_SQfeGBxqlM"
        ],
        "X-Content-Type-Options": [
          "nosniff"
        ],
        "DataServiceVersion": [
          "3.0;"
        ],
        "Strict-Transport-Security": [
          "max-age=31536000; includeSubDomains"
        ],
        "Access-Control-Allow-Origin": [
          "*"
        ],
        "Duration": [
          "4932021"
        ],
        "Cache-Control": [
          "no-cache"
        ],
        "Location": [
          "https://graph.windows.net/1273adef-00a3-4086-a51a-dbcce1857d36/directoryObjects/2e2d73f5-319b-43eb-9b70-a72546442914/Microsoft.DirectoryServices.User"
        ],
        "Server": [
          "Microsoft-IIS/8.5"
        ],
        "X-AspNet-Version": [
          "4.0.30319"
        ],
        "X-Powered-By": [
          "ASP.NET",
          "ASP.NET"
        ],
        "Date": [
          "Thu, 30 Nov 2017 00:44:56 GMT"
        ]
      },
      "StatusCode": 201
    },
    {
      "RequestUri": "/1273adef-00a3-4086-a51a-dbcce1857d36/users?$filter=userPrincipalName%20eq%20'aduser8596%40rbacclitest.onmicrosoft.com'&api-version=1.6",
      "EncodedRequestUri": "LzEyNzNhZGVmLTAwYTMtNDA4Ni1hNTFhLWRiY2NlMTg1N2QzNi91c2Vycz8kZmlsdGVyPXVzZXJQcmluY2lwYWxOYW1lJTIwZXElMjAnYWR1c2VyODU5NiU0MHJiYWNjbGl0ZXN0Lm9ubWljcm9zb2Z0LmNvbScmYXBpLXZlcnNpb249MS42",
      "RequestMethod": "GET",
      "RequestBody": "",
      "RequestHeaders": {
        "x-ms-client-request-id": [
          "f8a6a8ae-6df0-4532-a55b-b2e6875f1d89"
        ],
        "accept-language": [
          "en-US"
        ],
        "User-Agent": [
          "FxVersion/4.7.2556.0",
          "OSName/Windows10Enterprise",
          "OSVersion/6.3.16299",
          "Microsoft.Azure.Graph.RBAC.Version1_6.GraphRbacManagementClient/1.0.0.0"
        ]
      },
      "ResponseBody": "{\r\n  \"odata.metadata\": \"https://graph.windows.net/1273adef-00a3-4086-a51a-dbcce1857d36/$metadata#directoryObjects/Microsoft.DirectoryServices.User\",\r\n  \"value\": [\r\n    {\r\n      \"odata.type\": \"Microsoft.DirectoryServices.User\",\r\n      \"objectType\": \"User\",\r\n      \"objectId\": \"2e2d73f5-319b-43eb-9b70-a72546442914\",\r\n      \"deletionTimestamp\": null,\r\n      \"accountEnabled\": true,\r\n      \"assignedLicenses\": [],\r\n      \"assignedPlans\": [],\r\n      \"city\": null,\r\n      \"companyName\": null,\r\n      \"country\": null,\r\n      \"creationType\": null,\r\n      \"department\": null,\r\n      \"dirSyncEnabled\": null,\r\n      \"displayName\": \"aduser8596\",\r\n      \"employeeId\": null,\r\n      \"facsimileTelephoneNumber\": null,\r\n      \"givenName\": null,\r\n      \"immutableId\": null,\r\n      \"isCompromised\": null,\r\n      \"jobTitle\": null,\r\n      \"lastDirSyncTime\": null,\r\n      \"mail\": null,\r\n      \"mailNickname\": \"aduser8596test\",\r\n      \"mobile\": null,\r\n      \"onPremisesDistinguishedName\": null,\r\n      \"onPremisesSecurityIdentifier\": null,\r\n      \"otherMails\": [],\r\n      \"passwordPolicies\": null,\r\n      \"passwordProfile\": null,\r\n      \"physicalDeliveryOfficeName\": null,\r\n      \"postalCode\": null,\r\n      \"preferredLanguage\": null,\r\n      \"provisionedPlans\": [],\r\n      \"provisioningErrors\": [],\r\n      \"proxyAddresses\": [],\r\n      \"refreshTokensValidFromDateTime\": \"2017-11-30T00:44:57Z\",\r\n      \"showInAddressList\": null,\r\n      \"signInNames\": [],\r\n      \"sipProxyAddress\": null,\r\n      \"state\": null,\r\n      \"streetAddress\": null,\r\n      \"surname\": null,\r\n      \"telephoneNumber\": null,\r\n      \"usageLocation\": null,\r\n      \"userIdentities\": [],\r\n      \"userPrincipalName\": \"aduser8596@rbacclitest.onmicrosoft.com\",\r\n      \"userType\": \"Member\"\r\n    }\r\n  ]\r\n}",
      "ResponseHeaders": {
        "Content-Length": [
          "1290"
        ],
        "Content-Type": [
          "application/json; odata=minimalmetadata; streaming=true; charset=utf-8"
        ],
        "Expires": [
          "-1"
        ],
        "Pragma": [
          "no-cache"
        ],
        "ocp-aad-diagnostics-server-name": [
          "cOga1Nq/5or7Oih5AN3Pvs92pVe1FYw4NdEX0emXwxA="
        ],
        "request-id": [
          "3c10fb9a-b89a-46a9-b20a-96dd35059f3f"
        ],
        "client-request-id": [
          "d8e024be-e0c1-4ae7-84ab-23784a699be8"
        ],
        "x-ms-dirapi-data-contract-version": [
          "1.6"
        ],
        "ocp-aad-session-key": [
          "heWRmW0dJ0AOK4yh9_zj45AxVmW1Qcwm3825YVST4-vDnt3ePm6HjHDMnv7-oTsBdBYBFvQnsaRv5N1Rkkwhmas3SfPlbdAaztV_BZWTJT0O5NgNARO7dT5SE7oGM2qQOZ6pwBtR3y-r2a40kFh5SI5ADcc3Laiy-jk9dP4Z6X3cgA7_gsj9ERIad7hPCjRdSaXKJTKewP0ypyN2UxC20Q.5W1De2t5jV8o-eVjKvet20SB_oNfLHdroCthZHK_kLE"
        ],
        "X-Content-Type-Options": [
          "nosniff"
        ],
        "DataServiceVersion": [
          "3.0;"
        ],
        "Strict-Transport-Security": [
          "max-age=31536000; includeSubDomains"
        ],
        "Access-Control-Allow-Origin": [
          "*"
        ],
        "Duration": [
          "854285"
        ],
        "Cache-Control": [
          "no-cache"
        ],
        "Server": [
          "Microsoft-IIS/8.5"
        ],
        "X-AspNet-Version": [
          "4.0.30319"
        ],
        "X-Powered-By": [
          "ASP.NET",
          "ASP.NET"
        ],
        "Date": [
          "Thu, 30 Nov 2017 00:44:57 GMT"
        ]
      },
      "StatusCode": 200
    },
    {
      "RequestUri": "/1273adef-00a3-4086-a51a-dbcce1857d36/users/2e2d73f5-319b-43eb-9b70-a72546442914?api-version=1.6",
      "EncodedRequestUri": "LzEyNzNhZGVmLTAwYTMtNDA4Ni1hNTFhLWRiY2NlMTg1N2QzNi91c2Vycy8yZTJkNzNmNS0zMTliLTQzZWItOWI3MC1hNzI1NDY0NDI5MTQ/YXBpLXZlcnNpb249MS42",
      "RequestMethod": "DELETE",
      "RequestBody": "",
      "RequestHeaders": {
        "x-ms-client-request-id": [
          "a53d4fe4-43f4-4b9c-aa29-d9c4948a9451"
        ],
        "accept-language": [
          "en-US"
        ],
        "User-Agent": [
          "FxVersion/4.7.2556.0",
          "OSName/Windows10Enterprise",
          "OSVersion/6.3.16299",
          "Microsoft.Azure.Graph.RBAC.Version1_6.GraphRbacManagementClient/1.0.0.0"
        ]
      },
      "ResponseBody": "",
      "ResponseHeaders": {
        "Expires": [
          "-1"
        ],
        "Pragma": [
          "no-cache"
        ],
        "ocp-aad-diagnostics-server-name": [
          "4nmBIka+RsLYPWKmnmXko5iClI11NQ4Pd4ryRuwNLI4="
        ],
        "request-id": [
          "cdf7ccdc-ff1d-48d8-b36d-041e20470085"
        ],
        "client-request-id": [
          "895a2670-8c09-4ac3-aeb4-0d2f0c73a6c4"
        ],
        "x-ms-dirapi-data-contract-version": [
          "1.6"
        ],
        "ocp-aad-session-key": [
          "sOGd7bfWbWzt3tXbcssJH7Iipc7aHZlfgN6YM-SIQTTctHxXJ16a0WwcM4L1Ts8q7gtl1W5xAqb1KB5ja0TimK4QLgESSucDWHkn5um5bhKlCi41n4dBKJywPFpsKtmjsL3ZGxVBB4BB83oYqVtD1oldsEaVKMmqnmdh48e6kIYk59tIH6Z9Qf81yVvNojjeNV-9ecA6MPaQrDALo3wLiA.1qZH9jlv0jyOiAOjoBsQAfSW3cMJjcG5ZglKeTin25E"
        ],
        "X-Content-Type-Options": [
          "nosniff"
        ],
        "DataServiceVersion": [
          "1.0;"
        ],
        "Strict-Transport-Security": [
          "max-age=31536000; includeSubDomains"
        ],
        "Access-Control-Allow-Origin": [
          "*"
        ],
        "Duration": [
          "10946597"
        ],
        "Cache-Control": [
          "no-cache"
        ],
        "Server": [
          "Microsoft-IIS/8.5"
        ],
        "X-AspNet-Version": [
          "4.0.30319"
        ],
        "X-Powered-By": [
          "ASP.NET",
          "ASP.NET"
        ],
        "Date": [
          "Thu, 30 Nov 2017 00:44:58 GMT"
        ]
      },
      "StatusCode": 204
    }
  ],
  "Names": {
    "CreateNewAdUser": [
      "aduser8596",
      "adpass779"
    ]
  },
  "Variables": {
    "SubscriptionId": "4004a9fd-d58e-48dc-aeb2-4a4aec58606f",
    "TenantId": "1273adef-00a3-4086-a51a-dbcce1857d36",
    "Domain": "rbacclitest.onmicrosoft.com"
  }
}