{
  "Entries": [
    {
      "RequestUri": "/1273adef-00a3-4086-a51a-dbcce1857d36/applications?api-version=1.6",
      "EncodedRequestUri": "LzEyNzNhZGVmLTAwYTMtNDA4Ni1hNTFhLWRiY2NlMTg1N2QzNi9hcHBsaWNhdGlvbnM/YXBpLXZlcnNpb249MS42",
      "RequestMethod": "POST",
      "RequestBody": "{\r\n  \"availableToOtherTenants\": false,\r\n  \"displayName\": \"adApplication3703\",\r\n  \"homepage\": \"http://adApplication3703/home\",\r\n  \"identifierUris\": [\r\n    \"http://adApplication3703/home\"\r\n  ],\r\n  \"replyUrls\": [\r\n    \"http://adApplication3703/home\"\r\n  ]\r\n}",
      "RequestHeaders": {
        "Content-Type": [
          "application/json; charset=utf-8"
        ],
        "Content-Length": [
          "254"
        ],
        "x-ms-client-request-id": [
          "ca6d8ae3-46a0-40f8-9a91-3b46348ef69b"
        ],
        "accept-language": [
          "en-US"
        ],
        "User-Agent": [
          "Microsoft.Azure.Graph.RBAC.GraphRbacManagementClient/2.0.0.0"
        ]
      },
      "ResponseBody": "{\r\n  \"odata.metadata\": \"https://graph.windows.net/1273adef-00a3-4086-a51a-dbcce1857d36/$metadata#directoryObjects/Microsoft.DirectoryServices.Application/@Element\",\r\n  \"odata.type\": \"Microsoft.DirectoryServices.Application\",\r\n  \"objectType\": \"Application\",\r\n  \"objectId\": \"8a9ea1be-701c-4659-93a7-c9f6fb26866b\",\r\n  \"deletionTimestamp\": null,\r\n  \"addIns\": [],\r\n  \"appId\": \"296cac6f-cf47-4aa3-8e8b-f44e890bff6c\",\r\n  \"appRoles\": [],\r\n  \"availableToOtherTenants\": false,\r\n  \"displayName\": \"adApplication3703\",\r\n  \"errorUrl\": null,\r\n  \"groupMembershipClaims\": null,\r\n  \"homepage\": \"http://adApplication3703/home\",\r\n  \"identifierUris\": [\r\n    \"http://adApplication3703/home\"\r\n  ],\r\n  \"keyCredentials\": [],\r\n  \"knownClientApplications\": [],\r\n  \"logoutUrl\": null,\r\n  \"oauth2AllowImplicitFlow\": false,\r\n  \"oauth2AllowUrlPathMatching\": false,\r\n  \"oauth2Permissions\": [\r\n    {\r\n      \"adminConsentDescription\": \"Allow the application to access adApplication3703 on behalf of the signed-in user.\",\r\n      \"adminConsentDisplayName\": \"Access adApplication3703\",\r\n      \"id\": \"8a8f42bb-b36a-43ce-97a1-204b4dbae082\",\r\n      \"isEnabled\": true,\r\n      \"type\": \"User\",\r\n      \"userConsentDescription\": \"Allow the application to access adApplication3703 on your behalf.\",\r\n      \"userConsentDisplayName\": \"Access adApplication3703\",\r\n      \"value\": \"user_impersonation\"\r\n    }\r\n  ],\r\n  \"oauth2RequirePostResponse\": false,\r\n  \"passwordCredentials\": [],\r\n  \"publicClient\": null,\r\n  \"recordConsentConditions\": null,\r\n  \"replyUrls\": [\r\n    \"http://adApplication3703/home\"\r\n  ],\r\n  \"requiredResourceAccess\": [],\r\n  \"samlMetadataUrl\": null\r\n}",
      "ResponseHeaders": {
        "Content-Length": [
          "1371"
        ],
        "Content-Type": [
          "application/json; odata=minimalmetadata; streaming=true; charset=utf-8"
        ],
        "Expires": [
          "-1"
        ],
        "Pragma": [
          "no-cache"
        ],
        "ocp-aad-diagnostics-server-name": [
          "R1+xCOqrBsexJPMxtV0MNJLhsxNKpRCxYbIf34S61pM="
        ],
        "request-id": [
          "3a4c856c-3977-4903-8848-a437d76b480b"
        ],
        "client-request-id": [
          "bd2a3ec2-c574-4056-b444-28922a3868ca"
        ],
        "x-ms-dirapi-data-contract-version": [
          "1.6"
        ],
        "ocp-aad-session-key": [
          "hBK2Ml5OYMXW2yVvjBuZvbH-bax1lXI29V8Bccg1dTX8Zj5c88vseeqp2gKjW80NzT3sT9yHswFyKTUXiDFw2BwPvc6B_IOMplToY2hbpJlIKblcmP8b1gcLMixHoAKYRZCqnfZs0xtEvb5Y_wSKdA.GmQWBKsAbWRqA8ZezM4epvR6qjO2B5lzaMiFRdv0R68"
        ],
        "X-Content-Type-Options": [
          "nosniff"
        ],
        "DataServiceVersion": [
          "3.0;"
        ],
        "Strict-Transport-Security": [
          "max-age=31536000; includeSubDomains"
        ],
        "Access-Control-Allow-Origin": [
          "*"
        ],
        "Duration": [
          "9925507"
        ],
        "Cache-Control": [
          "no-cache"
        ],
        "Location": [
          "https://graph.windows.net/1273adef-00a3-4086-a51a-dbcce1857d36/directoryObjects/8a9ea1be-701c-4659-93a7-c9f6fb26866b/Microsoft.DirectoryServices.Application"
        ],
        "Server": [
          "Microsoft-IIS/8.5"
        ],
        "X-AspNet-Version": [
          "4.0.30319"
        ],
        "X-Powered-By": [
          "ASP.NET",
          "ASP.NET"
        ],
        "Date": [
          "Thu, 21 Jul 2016 17:34:44 GMT"
        ]
      },
      "StatusCode": 201
    },
    {
      "RequestUri": "/1273adef-00a3-4086-a51a-dbcce1857d36/servicePrincipals?api-version=1.6",
      "EncodedRequestUri": "LzEyNzNhZGVmLTAwYTMtNDA4Ni1hNTFhLWRiY2NlMTg1N2QzNi9zZXJ2aWNlUHJpbmNpcGFscz9hcGktdmVyc2lvbj0xLjY=",
      "RequestMethod": "POST",
      "RequestBody": "{\r\n  \"appId\": \"296cac6f-cf47-4aa3-8e8b-f44e890bff6c\",\r\n  \"accountEnabled\": true\r\n}",
      "RequestHeaders": {
        "Content-Type": [
          "application/json; charset=utf-8"
        ],
        "Content-Length": [
          "82"
        ],
        "x-ms-client-request-id": [
          "acc4798f-07af-46dd-a728-d3aa3c48b24c"
        ],
        "accept-language": [
          "en-US"
        ],
        "User-Agent": [
          "Microsoft.Azure.Graph.RBAC.GraphRbacManagementClient/2.0.0.0"
        ]
      },
      "ResponseBody": "{\r\n  \"odata.metadata\": \"https://graph.windows.net/1273adef-00a3-4086-a51a-dbcce1857d36/$metadata#directoryObjects/Microsoft.DirectoryServices.ServicePrincipal/@Element\",\r\n  \"odata.type\": \"Microsoft.DirectoryServices.ServicePrincipal\",\r\n  \"objectType\": \"ServicePrincipal\",\r\n  \"objectId\": \"304be0e1-b5cd-46ba-b90a-7ce2258f06cc\",\r\n  \"deletionTimestamp\": null,\r\n  \"accountEnabled\": true,\r\n  \"addIns\": [],\r\n  \"alternativeNames\": [],\r\n  \"appDisplayName\": \"adApplication3703\",\r\n  \"appId\": \"296cac6f-cf47-4aa3-8e8b-f44e890bff6c\",\r\n  \"appOwnerTenantId\": \"1273adef-00a3-4086-a51a-dbcce1857d36\",\r\n  \"appRoleAssignmentRequired\": false,\r\n  \"appRoles\": [],\r\n  \"displayName\": \"adApplication3703\",\r\n  \"errorUrl\": null,\r\n  \"homepage\": \"http://adApplication3703/home\",\r\n  \"keyCredentials\": [],\r\n  \"logoutUrl\": null,\r\n  \"oauth2Permissions\": [\r\n    {\r\n      \"adminConsentDescription\": \"Allow the application to access adApplication3703 on behalf of the signed-in user.\",\r\n      \"adminConsentDisplayName\": \"Access adApplication3703\",\r\n      \"id\": \"8a8f42bb-b36a-43ce-97a1-204b4dbae082\",\r\n      \"isEnabled\": true,\r\n      \"type\": \"User\",\r\n      \"userConsentDescription\": \"Allow the application to access adApplication3703 on your behalf.\",\r\n      \"userConsentDisplayName\": \"Access adApplication3703\",\r\n      \"value\": \"user_impersonation\"\r\n    }\r\n  ],\r\n  \"passwordCredentials\": [],\r\n  \"preferredTokenSigningKeyThumbprint\": null,\r\n  \"publisherName\": \"rbacCliTestDirectory\",\r\n  \"replyUrls\": [\r\n    \"http://adApplication3703/home\"\r\n  ],\r\n  \"samlMetadataUrl\": null,\r\n  \"servicePrincipalNames\": [\r\n    \"296cac6f-cf47-4aa3-8e8b-f44e890bff6c\",\r\n    \"http://adApplication3703/home\"\r\n  ],\r\n  \"servicePrincipalType\": \"Application\",\r\n  \"tags\": []\r\n}",
      "ResponseHeaders": {
        "Content-Length": [
          "1463"
        ],
        "Content-Type": [
          "application/json; odata=minimalmetadata; streaming=true; charset=utf-8"
        ],
        "Expires": [
          "-1"
        ],
        "Pragma": [
          "no-cache"
        ],
        "ocp-aad-diagnostics-server-name": [
          "O3ABilcgdwphO4v4fgIn7pexShgiytgPqsA+U8jT/zk="
        ],
        "request-id": [
          "c777292c-76ee-4ac1-af8d-94b86f3d094a"
        ],
        "client-request-id": [
          "8dd56b08-5766-4115-9052-0f5171188743"
        ],
        "x-ms-dirapi-data-contract-version": [
          "1.6"
        ],
        "ocp-aad-session-key": [
          "sYtn-YI4hfMPNLUyqBhUcBezO_FxYGS54pfoV-qtCGrjFnWBBoR1KCm_uRKIghVkl5pLIoBNacm2fFlGDOLt0yEjqAhf9b5sd8DnatBhroOJGaAmaKE0lQj8VKQ6KY_17LL5ywSdYTkW9MReTZ7Bmw.Yxq0yfOnKDw8lPwmwzUaHVybCxr12aEDO9dXUfEu49Q"
        ],
        "X-Content-Type-Options": [
          "nosniff"
        ],
        "DataServiceVersion": [
          "3.0;"
        ],
        "Strict-Transport-Security": [
          "max-age=31536000; includeSubDomains"
        ],
        "Access-Control-Allow-Origin": [
          "*"
        ],
        "Duration": [
          "6255936"
        ],
        "Cache-Control": [
          "no-cache"
        ],
        "Location": [
          "https://graph.windows.net/1273adef-00a3-4086-a51a-dbcce1857d36/directoryObjects/304be0e1-b5cd-46ba-b90a-7ce2258f06cc/Microsoft.DirectoryServices.ServicePrincipal"
        ],
        "Server": [
          "Microsoft-IIS/8.5"
        ],
        "X-AspNet-Version": [
          "4.0.30319"
        ],
        "X-Powered-By": [
          "ASP.NET",
          "ASP.NET"
        ],
        "Date": [
          "Thu, 21 Jul 2016 17:34:44 GMT"
        ]
      },
      "StatusCode": 201
    },
    {
      "RequestUri": "/1273adef-00a3-4086-a51a-dbcce1857d36/servicePrincipals?$filter=servicePrincipalNames/any(c:%20c%20eq%20'http:%2F%2FadApplication3703%2Fhome')&api-version=1.6",
      "EncodedRequestUri": "LzEyNzNhZGVmLTAwYTMtNDA4Ni1hNTFhLWRiY2NlMTg1N2QzNi9zZXJ2aWNlUHJpbmNpcGFscz8kZmlsdGVyPXNlcnZpY2VQcmluY2lwYWxOYW1lcy9hbnkoYzolMjBjJTIwZXElMjAnaHR0cCUzQSUyRiUyRmFkQXBwbGljYXRpb24zNzAzJTJGaG9tZScpJmFwaS12ZXJzaW9uPTEuNg==",
      "RequestMethod": "GET",
      "RequestBody": "",
      "RequestHeaders": {
        "x-ms-client-request-id": [
          "eec4d40b-a8ff-4322-8602-bb6a1e65c48c"
        ],
        "accept-language": [
          "en-US"
        ],
        "User-Agent": [
          "Microsoft.Azure.Graph.RBAC.GraphRbacManagementClient/2.0.0.0"
        ]
      },
      "ResponseBody": "{\r\n  \"odata.metadata\": \"https://graph.windows.net/1273adef-00a3-4086-a51a-dbcce1857d36/$metadata#directoryObjects/Microsoft.DirectoryServices.ServicePrincipal\",\r\n  \"value\": [\r\n    {\r\n      \"odata.type\": \"Microsoft.DirectoryServices.ServicePrincipal\",\r\n      \"objectType\": \"ServicePrincipal\",\r\n      \"objectId\": \"304be0e1-b5cd-46ba-b90a-7ce2258f06cc\",\r\n      \"deletionTimestamp\": null,\r\n      \"accountEnabled\": true,\r\n      \"addIns\": [],\r\n      \"alternativeNames\": [],\r\n      \"appDisplayName\": \"adApplication3703\",\r\n      \"appId\": \"296cac6f-cf47-4aa3-8e8b-f44e890bff6c\",\r\n      \"appOwnerTenantId\": \"1273adef-00a3-4086-a51a-dbcce1857d36\",\r\n      \"appRoleAssignmentRequired\": false,\r\n      \"appRoles\": [],\r\n      \"displayName\": \"adApplication3703\",\r\n      \"errorUrl\": null,\r\n      \"homepage\": \"http://adApplication3703/home\",\r\n      \"keyCredentials\": [],\r\n      \"logoutUrl\": null,\r\n      \"oauth2Permissions\": [\r\n        {\r\n          \"adminConsentDescription\": \"Allow the application to access adApplication3703 on behalf of the signed-in user.\",\r\n          \"adminConsentDisplayName\": \"Access adApplication3703\",\r\n          \"id\": \"8a8f42bb-b36a-43ce-97a1-204b4dbae082\",\r\n          \"isEnabled\": true,\r\n          \"type\": \"User\",\r\n          \"userConsentDescription\": \"Allow the application to access adApplication3703 on your behalf.\",\r\n          \"userConsentDisplayName\": \"Access adApplication3703\",\r\n          \"value\": \"user_impersonation\"\r\n        }\r\n      ],\r\n      \"passwordCredentials\": [],\r\n      \"preferredTokenSigningKeyThumbprint\": null,\r\n      \"publisherName\": \"rbacCliTestDirectory\",\r\n      \"replyUrls\": [\r\n        \"http://adApplication3703/home\"\r\n      ],\r\n      \"samlMetadataUrl\": null,\r\n      \"servicePrincipalNames\": [\r\n        \"http://adApplication3703/home\",\r\n        \"296cac6f-cf47-4aa3-8e8b-f44e890bff6c\"\r\n      ],\r\n      \"servicePrincipalType\": \"Application\",\r\n      \"tags\": []\r\n    }\r\n  ]\r\n}",
      "ResponseHeaders": {
        "Content-Length": [
          "1466"
        ],
        "Content-Type": [
          "application/json; odata=minimalmetadata; streaming=true; charset=utf-8"
        ],
        "Expires": [
          "-1"
        ],
        "Pragma": [
          "no-cache"
        ],
        "ocp-aad-diagnostics-server-name": [
          "/Axv6+JumIi+kBs/Un3GJeVPL9aSV/H7LodqsO8M0Qs="
        ],
        "request-id": [
          "67778f98-d9ea-461b-a2dc-d11b789ac83a"
        ],
        "client-request-id": [
          "b9a7dd82-c1e7-42eb-a5b5-581a44c131cb"
        ],
        "x-ms-dirapi-data-contract-version": [
          "1.6"
        ],
        "ocp-aad-session-key": [
          "md5BIhefj5IAsm-QN-NYD4Q55D5kAmaca_hLkzTzecH1uLMCuY3b-Y089nddPGTulDd04JAECc5poOlRLi-PtzmlwPBXsXsRB5ru9HlEQehksQfRpDFKCDxsaU6rAaiKQ4MfrqDMGoZ1mt9tAvLdTA.SpJ4znN-q-xxvpOcJQWhbGd-LcHjspRQ9H4gYouTREQ"
        ],
        "X-Content-Type-Options": [
          "nosniff"
        ],
        "DataServiceVersion": [
          "3.0;"
        ],
        "Strict-Transport-Security": [
          "max-age=31536000; includeSubDomains"
        ],
        "Access-Control-Allow-Origin": [
          "*"
        ],
        "Duration": [
          "1024309"
        ],
        "Cache-Control": [
          "no-cache"
        ],
        "Server": [
          "Microsoft-IIS/8.5"
        ],
        "X-AspNet-Version": [
          "4.0.30319"
        ],
        "X-Powered-By": [
          "ASP.NET",
          "ASP.NET"
        ],
        "Date": [
          "Thu, 21 Jul 2016 17:34:45 GMT"
        ]
      },
      "StatusCode": 200
    },
    {
      "RequestUri": "/1273adef-00a3-4086-a51a-dbcce1857d36/servicePrincipals/304be0e1-b5cd-46ba-b90a-7ce2258f06cc?api-version=1.6",
      "EncodedRequestUri": "LzEyNzNhZGVmLTAwYTMtNDA4Ni1hNTFhLWRiY2NlMTg1N2QzNi9zZXJ2aWNlUHJpbmNpcGFscy8zMDRiZTBlMS1iNWNkLTQ2YmEtYjkwYS03Y2UyMjU4ZjA2Y2M/YXBpLXZlcnNpb249MS42",
      "RequestMethod": "DELETE",
      "RequestBody": "",
      "RequestHeaders": {
        "x-ms-client-request-id": [
          "795f3e50-b337-451b-9ce1-cc4c7310e9e6"
        ],
        "accept-language": [
          "en-US"
        ],
        "User-Agent": [
          "Microsoft.Azure.Graph.RBAC.GraphRbacManagementClient/2.0.0.0"
        ]
      },
      "ResponseBody": "",
      "ResponseHeaders": {
        "Expires": [
          "-1"
        ],
        "Pragma": [
          "no-cache"
        ],
        "ocp-aad-diagnostics-server-name": [
          "/Axv6+JumIi+kBs/Un3GJeVPL9aSV/H7LodqsO8M0Qs="
        ],
        "request-id": [
          "9830f09d-5516-4629-a48c-b228776e1976"
        ],
        "client-request-id": [
          "1c946ee3-1038-4f98-b2ba-35b86594baf0"
        ],
        "x-ms-dirapi-data-contract-version": [
          "1.6"
        ],
        "ocp-aad-session-key": [
          "G6tPhOsHH-8O6KE0PdpmTimC2OxzvbDnOcB1GJSsEkBWL9frXWMaRmClnxzQTH3V06AK9YFBlvmNIq4lmTeW00IyyrBJh1K1UGI_LK-LEEqgm6QshuZylYrLWoop1WDvHF6gbbT2qUCQsF8qIlW8jQ.hc1z1L0WSbyXx9ou70qDsfafFCeFVmmPjzTTrX-SNpY"
        ],
        "X-Content-Type-Options": [
          "nosniff"
        ],
        "DataServiceVersion": [
          "1.0;"
        ],
        "Strict-Transport-Security": [
          "max-age=31536000; includeSubDomains"
        ],
        "Access-Control-Allow-Origin": [
          "*"
        ],
        "Duration": [
          "2928004"
        ],
        "Cache-Control": [
          "no-cache"
        ],
        "Server": [
          "Microsoft-IIS/8.5"
        ],
        "X-AspNet-Version": [
          "4.0.30319"
        ],
        "X-Powered-By": [
          "ASP.NET",
          "ASP.NET"
        ],
        "Date": [
          "Thu, 21 Jul 2016 17:34:45 GMT"
        ]
      },
      "StatusCode": 204
    },
    {
      "RequestUri": "/1273adef-00a3-4086-a51a-dbcce1857d36/applications/8a9ea1be-701c-4659-93a7-c9f6fb26866b?api-version=1.6",
      "EncodedRequestUri": "LzEyNzNhZGVmLTAwYTMtNDA4Ni1hNTFhLWRiY2NlMTg1N2QzNi9hcHBsaWNhdGlvbnMvOGE5ZWExYmUtNzAxYy00NjU5LTkzYTctYzlmNmZiMjY4NjZiP2FwaS12ZXJzaW9uPTEuNg==",
      "RequestMethod": "DELETE",
      "RequestBody": "",
      "RequestHeaders": {
        "x-ms-client-request-id": [
          "8684d879-b66e-4501-ba90-0b47916f462b"
        ],
        "accept-language": [
          "en-US"
        ],
        "User-Agent": [
          "Microsoft.Azure.Graph.RBAC.GraphRbacManagementClient/2.0.0.0"
        ]
      },
      "ResponseBody": "",
      "ResponseHeaders": {
        "Expires": [
          "-1"
        ],
        "Pragma": [
          "no-cache"
        ],
        "ocp-aad-diagnostics-server-name": [
          "O3ABilcgdwphO4v4fgIn7pexShgiytgPqsA+U8jT/zk="
        ],
        "request-id": [
          "7a12e79c-4650-4104-977e-f8b443d41ff6"
        ],
        "client-request-id": [
          "4f1ccfa7-4748-4a9f-8d8b-ebcc76f171d2"
        ],
        "x-ms-dirapi-data-contract-version": [
          "1.6"
        ],
        "ocp-aad-session-key": [
          "wgNPwp25wO59xFTutJulaEYOUbTYw8C5lc03pw53IK7W_Y3-mJ3GWHvTA3PLI8J2YgoMIRgFwPwwrZZXBKV347p8rdrt3RaXgvcsQ0uWXqGYhhkCRd1eqENVtx_IwdvD38BRvXBMMg6e-qyEtpLFqg.iKaeNcMkpDtuhkEjOa4Ei6IuG-vMqwsSwir5xJwGBXE"
        ],
        "X-Content-Type-Options": [
          "nosniff"
        ],
        "DataServiceVersion": [
          "1.0;"
        ],
        "Strict-Transport-Security": [
          "max-age=31536000; includeSubDomains"
        ],
        "Access-Control-Allow-Origin": [
          "*"
        ],
        "Duration": [
          "3008158"
        ],
        "Cache-Control": [
          "no-cache"
        ],
        "Server": [
          "Microsoft-IIS/8.5"
        ],
        "X-AspNet-Version": [
          "4.0.30319"
        ],
        "X-Powered-By": [
          "ASP.NET",
          "ASP.NET"
        ],
        "Date": [
          "Thu, 21 Jul 2016 17:34:46 GMT"
        ]
      },
      "StatusCode": 204
    }
  ],
  "Names": {
    "CreateNewAdApp": [
      "adApplication3703"
    ]
  },
  "Variables": {
    "SubscriptionId": "4004a9fd-d58e-48dc-aeb2-4a4aec58606f",
    "TenantId": "1273adef-00a3-4086-a51a-dbcce1857d36",
    "Domain": "rbacclitest.onmicrosoft.com"
  }
}