{
  "Entries": [
    {
      "RequestUri": "/subscriptions/57947cb5-aadd-4b6c-9e8e-27f545bb7bf5/resourcegroups/ps7193?api-version=2016-09-01",
      "EncodedRequestUri": "L3N1YnNjcmlwdGlvbnMvNTc5NDdjYjUtYWFkZC00YjZjLTllOGUtMjdmNTQ1YmI3YmY1L3Jlc291cmNlZ3JvdXBzL3BzNzE5Mz9hcGktdmVyc2lvbj0yMDE2LTA5LTAx",
      "RequestMethod": "PUT",
      "RequestBody": "{\r\n  \"location\": \"West US\"\r\n}",
      "RequestHeaders": {
        "x-ms-client-request-id": [
          "37a60aa1-8cde-4bd6-ab60-2a083fef1b1c"
        ],
        "Accept-Language": [
          "en-US"
        ],
        "User-Agent": [
          "FxVersion/4.6.28008.02",
          "OSName/Windows",
          "OSVersion/Microsoft.Windows.10.0.18363.",
          "Microsoft.Azure.Management.Internal.Resources.ResourceManagementClient/1.3.13"
        ],
        "Content-Type": [
          "application/json; charset=utf-8"
        ],
        "Content-Length": [
          "29"
        ]
      },
      "ResponseHeaders": {
        "Cache-Control": [
          "no-cache"
        ],
        "Pragma": [
          "no-cache"
        ],
        "x-ms-ratelimit-remaining-subscription-writes": [
          "1199"
        ],
        "x-ms-request-id": [
          "e016f5fc-814a-404f-847b-d08d422eea35"
        ],
        "x-ms-correlation-request-id": [
          "e016f5fc-814a-404f-847b-d08d422eea35"
        ],
        "x-ms-routing-request-id": [
          "SOUTHEASTASIA:20200507T112808Z:e016f5fc-814a-404f-847b-d08d422eea35"
        ],
        "Strict-Transport-Security": [
          "max-age=31536000; includeSubDomains"
        ],
        "X-Content-Type-Options": [
          "nosniff"
        ],
        "Date": [
          "Thu, 07 May 2020 11:28:08 GMT"
        ],
        "Content-Length": [
          "165"
        ],
        "Content-Type": [
          "application/json; charset=utf-8"
        ],
        "Expires": [
          "-1"
        ]
      },
      "ResponseBody": "{\r\n  \"id\": \"/subscriptions/57947cb5-aadd-4b6c-9e8e-27f545bb7bf5/resourceGroups/ps7193\",\r\n  \"name\": \"ps7193\",\r\n  \"location\": \"westus\",\r\n  \"properties\": {\r\n    \"provisioningState\": \"Succeeded\"\r\n  }\r\n}",
      "StatusCode": 201
    },
    {
      "RequestUri": "/subscriptions/57947cb5-aadd-4b6c-9e8e-27f545bb7bf5/resourceGroups/ps7193/providers/Microsoft.Insights/actionGroups/ps9513?api-version=2019-06-01",
      "EncodedRequestUri": "L3N1YnNjcmlwdGlvbnMvNTc5NDdjYjUtYWFkZC00YjZjLTllOGUtMjdmNTQ1YmI3YmY1L3Jlc291cmNlR3JvdXBzL3BzNzE5My9wcm92aWRlcnMvbWljcm9zb2Z0Lmluc2lnaHRzL2FjdGlvbkdyb3Vwcy9wczk1MTM/YXBpLXZlcnNpb249MjAxOS0wNi0wMQ==",
      "RequestMethod": "PUT",
      "RequestBody": "{\r\n  \"properties\": {\r\n    \"groupShortName\": \"ASTG\",\r\n    \"enabled\": true,\r\n    \"emailReceivers\": [\r\n      {\r\n        \"name\": \"user1\",\r\n        \"emailAddress\": \"user1@example.com\",\r\n        \"useCommonAlertSchema\": false\r\n      }\r\n    ],\r\n    \"smsReceivers\": [],\r\n    \"webhookReceivers\": [],\r\n    \"itsmReceivers\": [],\r\n    \"azureAppPushReceivers\": [],\r\n    \"automationRunbookReceivers\": [],\r\n    \"voiceReceivers\": [],\r\n    \"logicAppReceivers\": [],\r\n    \"azureFunctionReceivers\": [],\r\n    \"armRoleReceivers\": []\r\n  },\r\n  \"location\": \"Global\"\r\n}",
      "RequestHeaders": {
        "x-ms-client-request-id": [
          "1fa55a80-b7a8-428f-bdf9-83c66ad95b7c"
        ],
        "Accept-Language": [
          "en-US"
        ],
        "User-Agent": [
          "FxVersion/4.6.28008.02",
          "OSName/Windows",
          "OSVersion/Microsoft.Windows.10.0.18363.",
          "Microsoft.Azure.Management.Monitor.MonitorManagementClient/0.25.1.0"
        ],
        "Content-Type": [
          "application/json; charset=utf-8"
        ],
        "Content-Length": [
          "541"
        ]
      },
      "ResponseHeaders": {
        "Cache-Control": [
          "no-cache"
        ],
        "Pragma": [
          "no-cache"
        ],
        "Strict-Transport-Security": [
          "max-age=31536000; includeSubDomains"
        ],
        "x-ms-request-id": [
          "4c109209-6558-4fa0-8cc5-a8abd1a244c8"
        ],
        "Server": [
          "Microsoft-IIS/10.0"
        ],
        "x-ms-ratelimit-remaining-subscription-writes": [
          "1199"
        ],
        "x-ms-correlation-request-id": [
          "511e0ec4-0520-4725-ad6f-109e69ea5be5"
        ],
        "x-ms-routing-request-id": [
          "SOUTHEASTASIA:20200507T112815Z:511e0ec4-0520-4725-ad6f-109e69ea5be5"
        ],
        "X-Content-Type-Options": [
          "nosniff"
        ],
        "Date": [
          "Thu, 07 May 2020 11:28:14 GMT"
        ],
        "Content-Length": [
          "632"
        ],
        "Content-Type": [
          "application/json; charset=utf-8"
        ],
        "Expires": [
          "-1"
        ]
      },
      "ResponseBody": "{\r\n  \"id\": \"/subscriptions/57947cb5-aadd-4b6c-9e8e-27f545bb7bf5/resourceGroups/ps7193/providers/Microsoft.Insights/actionGroups/ps9513\",\r\n  \"type\": \"Microsoft.Insights/ActionGroups\",\r\n  \"name\": \"ps9513\",\r\n  \"location\": \"Global\",\r\n  \"kind\": null,\r\n  \"tags\": null,\r\n  \"properties\": {\r\n    \"groupShortName\": \"ASTG\",\r\n    \"enabled\": true,\r\n    \"emailReceivers\": [\r\n      {\r\n        \"name\": \"user1\",\r\n        \"emailAddress\": \"user1@example.com\",\r\n        \"status\": \"Enabled\",\r\n        \"useCommonAlertSchema\": false\r\n      }\r\n    ],\r\n    \"smsReceivers\": [],\r\n    \"webhookReceivers\": [],\r\n    \"itsmReceivers\": [],\r\n    \"azureAppPushReceivers\": [],\r\n    \"automationRunbookReceivers\": [],\r\n    \"voiceReceivers\": [],\r\n    \"logicAppReceivers\": [],\r\n    \"azureFunctionReceivers\": [],\r\n    \"armRoleReceivers\": []\r\n  },\r\n  \"identity\": null\r\n}",
      "StatusCode": 201
    },
    {
      "RequestUri": "/subscriptions/57947cb5-aadd-4b6c-9e8e-27f545bb7bf5/resourceGroups/ps7193/providers/Microsoft.Insights/components/appName?api-version=2018-05-01-preview",
      "EncodedRequestUri": "L3N1YnNjcmlwdGlvbnMvNTc5NDdjYjUtYWFkZC00YjZjLTllOGUtMjdmNTQ1YmI3YmY1L3Jlc291cmNlR3JvdXBzL3BzNzE5My9wcm92aWRlcnMvTWljcm9zb2Z0Lkluc2lnaHRzL2NvbXBvbmVudHMvYXBwTmFtZT9hcGktdmVyc2lvbj0yMDE4LTA1LTAxLXByZXZpZXc=",
      "RequestMethod": "GET",
      "RequestBody": "",
      "RequestHeaders": {
        "x-ms-client-request-id": [
          "9ad03b25-500a-4379-a285-bd3e483f1461"
        ],
        "Accept-Language": [
          "en-US"
        ],
        "User-Agent": [
          "FxVersion/4.6.28008.02",
          "OSName/Windows",
          "OSVersion/Microsoft.Windows.10.0.18363.",
          "Microsoft.Azure.Management.ApplicationInsights.Management.ApplicationInsightsManagementClient/0.3.0.0"
        ]
      },
      "ResponseHeaders": {
        "Cache-Control": [
          "no-cache"
        ],
        "Pragma": [
          "no-cache"
        ],
        "x-ms-failure-cause": [
          "gateway"
        ],
        "x-ms-request-id": [
          "cc530c71-9b06-4beb-a47a-055500e50daf"
        ],
        "x-ms-correlation-request-id": [
          "cc530c71-9b06-4beb-a47a-055500e50daf"
        ],
        "x-ms-routing-request-id": [
          "SOUTHEASTASIA:20200507T112816Z:cc530c71-9b06-4beb-a47a-055500e50daf"
        ],
        "Strict-Transport-Security": [
          "max-age=31536000; includeSubDomains"
        ],
        "X-Content-Type-Options": [
          "nosniff"
        ],
        "Date": [
          "Thu, 07 May 2020 11:28:16 GMT"
        ],
        "Content-Type": [
          "application/json; charset=utf-8"
        ],
        "Expires": [
          "-1"
        ],
        "Content-Length": [
          "147"
        ]
      },
      "ResponseBody": "{\r\n  \"error\": {\r\n    \"code\": \"ResourceNotFound\",\r\n    \"message\": \"The Resource 'Microsoft.Insights/components/appName' under resource group 'ps7193' was not found.\"\r\n  }\r\n}",
      "StatusCode": 404
    },
    {
      "RequestUri": "/subscriptions/57947cb5-aadd-4b6c-9e8e-27f545bb7bf5/resourceGroups/ps7193/providers/Microsoft.Insights/components/appName?api-version=2018-05-01-preview",
      "EncodedRequestUri": "L3N1YnNjcmlwdGlvbnMvNTc5NDdjYjUtYWFkZC00YjZjLTllOGUtMjdmNTQ1YmI3YmY1L3Jlc291cmNlR3JvdXBzL3BzNzE5My9wcm92aWRlcnMvTWljcm9zb2Z0Lkluc2lnaHRzL2NvbXBvbmVudHMvYXBwTmFtZT9hcGktdmVyc2lvbj0yMDE4LTA1LTAxLXByZXZpZXc=",
      "RequestMethod": "PUT",
      "RequestBody": "{\r\n  \"kind\": \"web\",\r\n  \"properties\": {\r\n    \"Application_Type\": \"web\",\r\n    \"Request_Source\": \"AzurePowerShell\"\r\n  },\r\n  \"location\": \"West US\"\r\n}",
      "RequestHeaders": {
        "x-ms-client-request-id": [
          "d16a783e-c60b-49b9-81e3-88aba6f365b0"
        ],
        "Accept-Language": [
          "en-US"
        ],
        "User-Agent": [
          "FxVersion/4.6.28008.02",
          "OSName/Windows",
          "OSVersion/Microsoft.Windows.10.0.18363.",
          "Microsoft.Azure.Management.ApplicationInsights.Management.ApplicationInsightsManagementClient/0.3.0.0"
        ],
        "Content-Type": [
          "application/json; charset=utf-8"
        ],
        "Content-Length": [
          "145"
        ]
      },
      "ResponseHeaders": {
        "Cache-Control": [
          "no-cache"
        ],
        "Pragma": [
          "no-cache"
        ],
        "x-ms-request-id": [
          "d16a783e-c60b-49b9-81e3-88aba6f365b0"
        ],
        "X-Content-Type-Options": [
          "nosniff"
        ],
        "Request-Context": [
          "appId=cid-v1:920e14b1-13f3-461a-a4bb-b4fe6f1a4525"
        ],
        "Access-Control-Expose-Headers": [
          "Request-Context"
        ],
        "Strict-Transport-Security": [
          "max-age=31536000; includeSubDomains"
        ],
        "Server": [
          "Microsoft-IIS/10.0"
        ],
        "X-Powered-By": [
          "ASP.NET"
        ],
        "x-ms-ratelimit-remaining-subscription-writes": [
          "1199"
        ],
        "x-ms-correlation-request-id": [
          "ff4a8495-ecce-4b20-8f9e-e76c0cae7417"
        ],
        "x-ms-routing-request-id": [
          "SOUTHEASTASIA:20200507T112826Z:ff4a8495-ecce-4b20-8f9e-e76c0cae7417"
        ],
        "Date": [
          "Thu, 07 May 2020 11:28:25 GMT"
        ],
        "Content-Length": [
          "873"
        ],
        "Content-Type": [
          "application/json; charset=utf-8"
        ],
        "Expires": [
          "-1"
        ]
      },
      "ResponseBody": "{\r\n  \"id\": \"/subscriptions/57947cb5-aadd-4b6c-9e8e-27f545bb7bf5/resourceGroups/ps7193/providers/Microsoft.Insights/components/appName\",\r\n  \"name\": \"appName\",\r\n  \"type\": \"Microsoft.Insights/components\",\r\n  \"location\": \"westus\",\r\n  \"tags\": {},\r\n  \"kind\": \"web\",\r\n  \"etag\": \"\\\"6700c495-0000-0700-0000-5eb3f0d70000\\\"\",\r\n  \"properties\": {\r\n    \"Ver\": \"v2\",\r\n    \"ApplicationId\": \"appName\",\r\n    \"AppId\": \"77687c98-a6af-4275-a974-4d6085667d1d\",\r\n    \"Application_Type\": \"web\",\r\n    \"Flow_Type\": null,\r\n    \"Request_Source\": \"AzurePowerShell\",\r\n    \"InstrumentationKey\": \"a08fcd8b-99ed-483a-8ba4-44b6575a1bf3\",\r\n    \"ConnectionString\": \"InstrumentationKey=a08fcd8b-99ed-483a-8ba4-44b6575a1bf3\",\r\n    \"Name\": \"appName\",\r\n    \"CreationDate\": \"2020-05-07T19:28:23.9052551+08:00\",\r\n    \"TenantId\": \"57947cb5-aadd-4b6c-9e8e-27f545bb7bf5\",\r\n    \"provisioningState\": \"Succeeded\",\r\n    \"SamplingPercentage\": null,\r\n    \"RetentionInDays\": 90,\r\n    \"publicNetworkAccessForIngestion\": \"Enabled\",\r\n    \"publicNetworkAccessForQuery\": \"Enabled\"\r\n  }\r\n}",
      "StatusCode": 200
    },
    {
      "RequestUri": "/subscriptions/57947cb5-aadd-4b6c-9e8e-27f545bb7bf5/resourcegroups/ps7193/providers/Microsoft.Resources/deployments/ps7193?api-version=2016-09-01",
      "EncodedRequestUri": "L3N1YnNjcmlwdGlvbnMvNTc5NDdjYjUtYWFkZC00YjZjLTllOGUtMjdmNTQ1YmI3YmY1L3Jlc291cmNlZ3JvdXBzL3BzNzE5My9wcm92aWRlcnMvTWljcm9zb2Z0LlJlc291cmNlcy9kZXBsb3ltZW50cy9wczcxOTM/YXBpLXZlcnNpb249MjAxNi0wOS0wMQ==",
      "RequestMethod": "PUT",
      "RequestBody": "{\r\n  \"properties\": {\r\n    \"template\": {\r\n      \"$schema\": \"https://schema.management.azure.com/schemas/2015-01-01/deploymentTemplate.json#\",\r\n      \"contentVersion\": \"1.0.0.0\",\r\n      \"variables\": {\r\n        \"appName\": \"appName\",\r\n        \"pingURL\": \"https://bing.com\",\r\n        \"location\": \"West US\",\r\n        \"webTestName\": \"webTestName\",\r\n        \"pingText\": \"\"\r\n      },\r\n      \"resources\": [\r\n        {\r\n          \"name\": \"[variables('webTestName')]\",\r\n          \"type\": \"Microsoft.Insights/webtests\",\r\n          \"apiVersion\": \"2014-04-01\",\r\n          \"location\": \"[variables('location')]\",\r\n          \"tags\": {\r\n            \"[concat('hidden-link:', resourceId('Microsoft.Insights/components', variables('appName')))]\": \"Resource\"\r\n          },\r\n          \"properties\": {\r\n            \"Name\": \"[variables('webTestName')]\",\r\n            \"Description\": \"Basic ping test\",\r\n            \"Enabled\": true,\r\n            \"Frequency\": 300,\r\n            \"Timeout\": 120,\r\n            \"Kind\": \"ping\",\r\n            \"RetryEnabled\": true,\r\n            \"Locations\": [\r\n              {\r\n                \"Id\": \"us-va-ash-azr\"\r\n              },\r\n              {\r\n                \"Id\": \"emea-nl-ams-azr\"\r\n              },\r\n              {\r\n                \"Id\": \"apac-jp-kaw-edge\"\r\n              }\r\n            ],\r\n            \"Configuration\": {\r\n              \"WebTest\": \"[concat('<WebTest   Name=\\\"', variables('webTestName'), '\\\"   Enabled=\\\"True\\\"         CssProjectStructure=\\\"\\\"    CssIteration=\\\"\\\"  Timeout=\\\"120\\\"  WorkItemIds=\\\"\\\"         xmlns=\\\"http://microsoft.com/schemas/VisualStudio/TeamTest/2010\\\"         Description=\\\"\\\"  CredentialUserName=\\\"\\\"  CredentialPassword=\\\"\\\"         PreAuthenticate=\\\"True\\\"  Proxy=\\\"default\\\"  StopOnError=\\\"False\\\"         RecordedResultFile=\\\"\\\"  ResultsLocale=\\\"\\\">  <Items>  <Request Method=\\\"GET\\\"    Version=\\\"1.1\\\"  Url=\\\"', variables('pingURL'),   '\\\" ThinkTime=\\\"0\\\"  Timeout=\\\"300\\\" ParseDependentRequests=\\\"True\\\"         FollowRedirects=\\\"True\\\" RecordResult=\\\"True\\\" Cache=\\\"False\\\"         ResponseTimeGoal=\\\"0\\\"  Encoding=\\\"utf-8\\\"  ExpectedHttpStatusCode=\\\"200\\\"         ExpectedResponseUrl=\\\"\\\" ReportingName=\\\"\\\" IgnoreHttpStatusCode=\\\"False\\\" />        </Items>  <ValidationRules> <ValidationRule  Classname=\\\"Microsoft.VisualStudio.TestTools.WebTesting.Rules.ValidationRuleFindText, Microsoft.VisualStudio.QualityTools.WebTestFramework, Version=10.0.0.0, Culture=neutral, PublicKeyToken=b03f5f7f11d50a3a\\\" DisplayName=\\\"Find Text\\\"         Description=\\\"Verifies the existence of the specified text in the response.\\\"         Level=\\\"High\\\"  ExecutionOrder=\\\"BeforeDependents\\\">  <RuleParameters>        <RuleParameter Name=\\\"FindText\\\" Value=\\\"',   variables('pingText'), '\\\" />  <RuleParameter Name=\\\"IgnoreCase\\\" Value=\\\"False\\\" />  <RuleParameter Name=\\\"UseRegularExpression\\\" Value=\\\"False\\\" />  <RuleParameter Name=\\\"PassIfTextFound\\\" Value=\\\"True\\\" />  </RuleParameters> </ValidationRule>  </ValidationRules>  </WebTest>')]\"\r\n            },\r\n            \"SyntheticMonitorId\": \"[variables('webTestName')]\"\r\n          }\r\n        }\r\n      ]\r\n    },\r\n    \"mode\": \"Incremental\"\r\n  }\r\n}",
      "RequestHeaders": {
        "x-ms-client-request-id": [
          "bbb18b80-e907-4239-82d7-e28297f7f005"
        ],
        "Accept-Language": [
          "en-US"
        ],
        "User-Agent": [
          "FxVersion/4.6.28008.02",
          "OSName/Windows",
          "OSVersion/Microsoft.Windows.10.0.18363.",
          "Microsoft.Azure.Management.Internal.Resources.ResourceManagementClient/1.3.13"
        ],
        "Content-Type": [
          "application/json; charset=utf-8"
        ],
        "Content-Length": [
          "3141"
        ]
      },
      "ResponseHeaders": {
        "Cache-Control": [
          "no-cache"
        ],
        "Pragma": [
          "no-cache"
        ],
        "Azure-AsyncOperation": [
          "https://management.azure.com/subscriptions/57947cb5-aadd-4b6c-9e8e-27f545bb7bf5/resourcegroups/ps7193/providers/Microsoft.Resources/deployments/ps7193/operationStatuses/08586127559784506985?api-version=2016-09-01"
        ],
        "x-ms-ratelimit-remaining-subscription-writes": [
          "1198"
        ],
        "x-ms-request-id": [
          "a15962c9-1e4d-4e20-927f-67f1fe7c8b8b"
        ],
        "x-ms-correlation-request-id": [
          "a15962c9-1e4d-4e20-927f-67f1fe7c8b8b"
        ],
        "x-ms-routing-request-id": [
          "SOUTHEASTASIA:20200507T112830Z:a15962c9-1e4d-4e20-927f-67f1fe7c8b8b"
        ],
        "Strict-Transport-Security": [
          "max-age=31536000; includeSubDomains"
        ],
        "X-Content-Type-Options": [
          "nosniff"
        ],
        "Date": [
          "Thu, 07 May 2020 11:28:29 GMT"
        ],
        "Content-Length": [
          "511"
        ],
        "Content-Type": [
          "application/json; charset=utf-8"
        ],
        "Expires": [
          "-1"
        ]
      },
      "ResponseBody": "{\r\n  \"id\": \"/subscriptions/57947cb5-aadd-4b6c-9e8e-27f545bb7bf5/resourceGroups/ps7193/providers/Microsoft.Resources/deployments/ps7193\",\r\n  \"name\": \"ps7193\",\r\n  \"properties\": {\r\n    \"templateHash\": \"3432282572323421667\",\r\n    \"mode\": \"Incremental\",\r\n    \"provisioningState\": \"Accepted\",\r\n    \"timestamp\": \"2020-05-07T11:28:29.1110542Z\",\r\n    \"duration\": \"PT2.0841349S\",\r\n    \"correlationId\": \"a15962c9-1e4d-4e20-927f-67f1fe7c8b8b\",\r\n    \"providers\": [\r\n      {\r\n        \"namespace\": \"Microsoft.Insights\",\r\n        \"resourceTypes\": [\r\n          {\r\n            \"resourceType\": \"webtests\",\r\n            \"locations\": [\r\n              \"westus\"\r\n            ]\r\n          }\r\n        ]\r\n      }\r\n    ],\r\n    \"dependencies\": []\r\n  }\r\n}",
      "StatusCode": 201
    },
    {
      "RequestUri": "/subscriptions/57947cb5-aadd-4b6c-9e8e-27f545bb7bf5/resourcegroups/ps7193/providers/Microsoft.Resources/deployments/ps7193/operationStatuses/08586127559784506985?api-version=2016-09-01",
      "EncodedRequestUri": "L3N1YnNjcmlwdGlvbnMvNTc5NDdjYjUtYWFkZC00YjZjLTllOGUtMjdmNTQ1YmI3YmY1L3Jlc291cmNlZ3JvdXBzL3BzNzE5My9wcm92aWRlcnMvTWljcm9zb2Z0LlJlc291cmNlcy9kZXBsb3ltZW50cy9wczcxOTMvb3BlcmF0aW9uU3RhdHVzZXMvMDg1ODYxMjc1NTk3ODQ1MDY5ODU/YXBpLXZlcnNpb249MjAxNi0wOS0wMQ==",
      "RequestMethod": "GET",
      "RequestBody": "",
      "RequestHeaders": {
        "User-Agent": [
          "FxVersion/4.6.28008.02",
          "OSName/Windows",
          "OSVersion/Microsoft.Windows.10.0.18363.",
          "Microsoft.Azure.Management.Internal.Resources.ResourceManagementClient/1.3.13"
        ]
      },
      "ResponseHeaders": {
        "Cache-Control": [
          "no-cache"
        ],
        "Pragma": [
          "no-cache"
        ],
        "x-ms-ratelimit-remaining-subscription-reads": [
          "11999"
        ],
        "x-ms-request-id": [
          "19ddcdec-7044-4211-b60e-7d890fb29b49"
        ],
        "x-ms-correlation-request-id": [
          "19ddcdec-7044-4211-b60e-7d890fb29b49"
        ],
        "x-ms-routing-request-id": [
          "SOUTHEASTASIA:20200507T112901Z:19ddcdec-7044-4211-b60e-7d890fb29b49"
        ],
        "Strict-Transport-Security": [
          "max-age=31536000; includeSubDomains"
        ],
        "X-Content-Type-Options": [
          "nosniff"
        ],
        "Date": [
          "Thu, 07 May 2020 11:29:01 GMT"
        ],
        "Content-Type": [
          "application/json; charset=utf-8"
        ],
        "Expires": [
          "-1"
        ],
        "Content-Length": [
          "22"
        ]
      },
      "ResponseBody": "{\r\n  \"status\": \"Succeeded\"\r\n}",
      "StatusCode": 200
    },
    {
      "RequestUri": "/subscriptions/57947cb5-aadd-4b6c-9e8e-27f545bb7bf5/resourcegroups/ps7193/providers/Microsoft.Resources/deployments/ps7193?api-version=2016-09-01",
      "EncodedRequestUri": "L3N1YnNjcmlwdGlvbnMvNTc5NDdjYjUtYWFkZC00YjZjLTllOGUtMjdmNTQ1YmI3YmY1L3Jlc291cmNlZ3JvdXBzL3BzNzE5My9wcm92aWRlcnMvTWljcm9zb2Z0LlJlc291cmNlcy9kZXBsb3ltZW50cy9wczcxOTM/YXBpLXZlcnNpb249MjAxNi0wOS0wMQ==",
      "RequestMethod": "GET",
      "RequestBody": "",
      "RequestHeaders": {
        "User-Agent": [
          "FxVersion/4.6.28008.02",
          "OSName/Windows",
          "OSVersion/Microsoft.Windows.10.0.18363.",
          "Microsoft.Azure.Management.Internal.Resources.ResourceManagementClient/1.3.13"
        ]
      },
      "ResponseHeaders": {
        "Cache-Control": [
          "no-cache"
        ],
        "Pragma": [
          "no-cache"
        ],
        "x-ms-ratelimit-remaining-subscription-reads": [
          "11998"
        ],
        "x-ms-request-id": [
          "e0a77044-f373-478e-a556-494f99c6e6e1"
        ],
        "x-ms-correlation-request-id": [
          "e0a77044-f373-478e-a556-494f99c6e6e1"
        ],
        "x-ms-routing-request-id": [
          "SOUTHEASTASIA:20200507T112901Z:e0a77044-f373-478e-a556-494f99c6e6e1"
        ],
        "Strict-Transport-Security": [
          "max-age=31536000; includeSubDomains"
        ],
        "X-Content-Type-Options": [
          "nosniff"
        ],
        "Date": [
          "Thu, 07 May 2020 11:29:01 GMT"
        ],
        "Content-Type": [
          "application/json; charset=utf-8"
        ],
        "Expires": [
          "-1"
        ],
        "Content-Length": [
          "582"
        ]
      },
      "ResponseBody": "{\r\n  \"id\": \"/subscriptions/57947cb5-aadd-4b6c-9e8e-27f545bb7bf5/resourceGroups/ps7193/providers/Microsoft.Resources/deployments/ps7193\",\r\n  \"name\": \"ps7193\",\r\n  \"properties\": {\r\n    \"templateHash\": \"3432282572323421667\",\r\n    \"mode\": \"Incremental\",\r\n    \"provisioningState\": \"Succeeded\",\r\n    \"timestamp\": \"2020-05-07T11:28:42.2479571Z\",\r\n    \"duration\": \"PT15.2210378S\",\r\n    \"correlationId\": \"a15962c9-1e4d-4e20-927f-67f1fe7c8b8b\",\r\n    \"providers\": [\r\n      {\r\n        \"namespace\": \"Microsoft.Insights\",\r\n        \"resourceTypes\": [\r\n          {\r\n            \"resourceType\": \"webtests\",\r\n            \"locations\": [\r\n              \"westus\"\r\n            ]\r\n          }\r\n        ]\r\n      }\r\n    ],\r\n    \"dependencies\": [],\r\n    \"outputResources\": [\r\n      {\r\n        \"id\": \"Microsoft.Insights/webtests/webTestName\"\r\n      }\r\n    ]\r\n  }\r\n}",
      "StatusCode": 200
    },
    {
      "RequestUri": "/subscriptions/57947cb5-aadd-4b6c-9e8e-27f545bb7bf5/resourceGroups/ps7193/providers/Microsoft.Insights/metricAlerts/ps9607?api-version=2018-03-01",
      "EncodedRequestUri": "L3N1YnNjcmlwdGlvbnMvNTc5NDdjYjUtYWFkZC00YjZjLTllOGUtMjdmNTQ1YmI3YmY1L3Jlc291cmNlR3JvdXBzL3BzNzE5My9wcm92aWRlcnMvTWljcm9zb2Z0Lkluc2lnaHRzL21ldHJpY0FsZXJ0cy9wczk2MDc/YXBpLXZlcnNpb249MjAxOC0wMy0wMQ==",
      "RequestMethod": "PUT",
      "RequestBody": "{\r\n  \"properties\": {\r\n    \"description\": \"This new Metric alert rule was created from Powershell version: 1.7.0\",\r\n    \"severity\": 3,\r\n    \"enabled\": true,\r\n    \"scopes\": [\r\n      \"/subscriptions/57947cb5-aadd-4b6c-9e8e-27f545bb7bf5/resourceGroups/ps7193/providers/Microsoft.Insights/webtests/webTestName\",\r\n      \"/subscriptions/57947cb5-aadd-4b6c-9e8e-27f545bb7bf5/resourceGroups/ps7193/providers/Microsoft.Insights/components/appName\"\r\n    ],\r\n    \"evaluationFrequency\": \"PT5M\",\r\n    \"windowSize\": \"PT1H\",\r\n    \"criteria\": {\r\n      \"odata.type\": \"Microsoft.Azure.Monitor.WebtestLocationAvailabilityCriteria\",\r\n      \"webTestId\": \"/subscriptions/57947cb5-aadd-4b6c-9e8e-27f545bb7bf5/resourceGroups/ps7193/providers/Microsoft.Insights/webtests/webTestName\",\r\n      \"componentId\": \"/subscriptions/57947cb5-aadd-4b6c-9e8e-27f545bb7bf5/resourceGroups/ps7193/providers/Microsoft.Insights/components/appName\",\r\n      \"failedLocationCount\": 3.0\r\n    },\r\n    \"actions\": [\r\n      {\r\n        \"actionGroupId\": \"/subscriptions/57947cb5-aadd-4b6c-9e8e-27f545bb7bf5/resourceGroups/ps7193/providers/Microsoft.Insights/actionGroups/ps9513\"\r\n      }\r\n    ]\r\n  },\r\n  \"location\": \"global\",\r\n  \"tags\": {\r\n    \"hidden-link:/subscriptions/57947cb5-aadd-4b6c-9e8e-27f545bb7bf5/resourceGroups/ps7193/providers/Microsoft.Insights/webtests/webTestName\": \"Resource\",\r\n    \"hidden-link:/subscriptions/57947cb5-aadd-4b6c-9e8e-27f545bb7bf5/resourceGroups/ps7193/providers/Microsoft.Insights/components/appName\": \"Resource\"\r\n  }\r\n}",
      "RequestHeaders": {
        "x-ms-client-request-id": [
          "2bfe10cf-0427-45d2-8847-6e0775b07f08"
        ],
        "Accept-Language": [
          "en-US"
        ],
        "User-Agent": [
          "FxVersion/4.6.28008.02",
          "OSName/Windows",
          "OSVersion/Microsoft.Windows.10.0.18363.",
          "Microsoft.Azure.Management.Monitor.MonitorManagementClient/0.25.1.0"
        ],
        "Content-Type": [
          "application/json; charset=utf-8"
        ],
        "Content-Length": [
          "1502"
        ]
      },
      "ResponseHeaders": {
        "Cache-Control": [
          "no-cache"
        ],
        "Pragma": [
          "no-cache"
        ],
        "x-ms-request-id": [
          "25f4caf8-ff87-46ae-bc1a-03bca2c60a83",
          "25f4caf8-ff87-46ae-bc1a-03bca2c60a83"
        ],
        "api-supported-versions": [
          "1.0, 2.0, 2017-09-01-preview, 2018-03-01"
        ],
        "Server": [
          "Microsoft-IIS/10.0"
        ],
        "X-AspNet-Version": [
          "4.0.30319"
        ],
        "X-Powered-By": [
          "ASP.NET"
        ],
        "x-ms-ratelimit-remaining-subscription-resource-requests": [
          "299"
        ],
        "x-ms-correlation-request-id": [
          "25f4caf8-ff87-46ae-bc1a-03bca2c60a83"
        ],
        "x-ms-routing-request-id": [
          "SOUTHEASTASIA:20200507T112916Z:25f4caf8-ff87-46ae-bc1a-03bca2c60a83"
        ],
        "Strict-Transport-Security": [
          "max-age=31536000; includeSubDomains"
        ],
        "X-Content-Type-Options": [
          "nosniff"
        ],
        "Date": [
          "Thu, 07 May 2020 11:29:16 GMT"
        ],
        "Content-Length": [
          "1726"
        ],
        "Content-Type": [
          "application/json; charset=utf-8"
        ],
        "Expires": [
          "-1"
        ]
      },
      "ResponseBody": "{\r\n  \"location\": \"global\",\r\n  \"type\": \"Microsoft.Insights/metricAlerts\",\r\n  \"name\": \"ps9607\",\r\n  \"id\": \"/subscriptions/57947cb5-aadd-4b6c-9e8e-27f545bb7bf5/resourceGroups/ps7193/providers/Microsoft.Insights/metricAlerts/ps9607\",\r\n  \"tags\": {\r\n    \"hidden-link:/subscriptions/57947cb5-aadd-4b6c-9e8e-27f545bb7bf5/resourceGroups/ps7193/providers/Microsoft.Insights/webtests/webTestName\": \"Resource\",\r\n    \"hidden-link:/subscriptions/57947cb5-aadd-4b6c-9e8e-27f545bb7bf5/resourceGroups/ps7193/providers/Microsoft.Insights/components/appName\": \"Resource\"\r\n  },\r\n  \"properties\": {\r\n    \"description\": \"This new Metric alert rule was created from Powershell version: 1.7.0\",\r\n    \"severity\": 3,\r\n    \"enabled\": true,\r\n    \"scopes\": [\r\n      \"/subscriptions/57947cb5-aadd-4b6c-9e8e-27f545bb7bf5/resourceGroups/ps7193/providers/Microsoft.Insights/webtests/webTestName\",\r\n      \"/subscriptions/57947cb5-aadd-4b6c-9e8e-27f545bb7bf5/resourceGroups/ps7193/providers/Microsoft.Insights/components/appName\"\r\n    ],\r\n    \"evaluationFrequency\": \"PT5M\",\r\n    \"windowSize\": \"PT1H\",\r\n    \"templateType\": 0,\r\n    \"criteria\": {\r\n      \"webTestId\": \"/subscriptions/57947cb5-aadd-4b6c-9e8e-27f545bb7bf5/resourceGroups/ps7193/providers/Microsoft.Insights/webtests/webTestName\",\r\n      \"componentId\": \"/subscriptions/57947cb5-aadd-4b6c-9e8e-27f545bb7bf5/resourceGroups/ps7193/providers/Microsoft.Insights/components/appName\",\r\n      \"failedLocationCount\": 3,\r\n      \"odata.type\": \"Microsoft.Azure.Monitor.WebtestLocationAvailabilityCriteria\"\r\n    },\r\n    \"actions\": [\r\n      {\r\n        \"actionGroupId\": \"/subscriptions/57947cb5-aadd-4b6c-9e8e-27f545bb7bf5/resourceGroups/ps7193/providers/Microsoft.Insights/actionGroups/ps9513\"\r\n      }\r\n    ]\r\n  }\r\n}",
      "StatusCode": 200
    },
    {
      "RequestUri": "/subscriptions/57947cb5-aadd-4b6c-9e8e-27f545bb7bf5/resourceGroups/ps7193/providers/Microsoft.Insights/metricAlerts/ps9607?api-version=2018-03-01",
      "EncodedRequestUri": "L3N1YnNjcmlwdGlvbnMvNTc5NDdjYjUtYWFkZC00YjZjLTllOGUtMjdmNTQ1YmI3YmY1L3Jlc291cmNlR3JvdXBzL3BzNzE5My9wcm92aWRlcnMvTWljcm9zb2Z0Lkluc2lnaHRzL21ldHJpY0FsZXJ0cy9wczk2MDc/YXBpLXZlcnNpb249MjAxOC0wMy0wMQ==",
      "RequestMethod": "DELETE",
      "RequestBody": "",
      "RequestHeaders": {
        "x-ms-client-request-id": [
          "13878f24-0132-4ae8-ae9c-10c317f60022"
        ],
        "Accept-Language": [
          "en-US"
        ],
        "User-Agent": [
          "FxVersion/4.6.28008.02",
          "OSName/Windows",
          "OSVersion/Microsoft.Windows.10.0.18363.",
          "Microsoft.Azure.Management.Monitor.MonitorManagementClient/0.25.1.0"
        ]
      },
      "ResponseHeaders": {
        "Cache-Control": [
          "no-cache"
        ],
        "Pragma": [
          "no-cache"
        ],
        "x-ms-request-id": [
          "db0d5acb-b654-4c8f-b12c-876ffbe399b6",
          "db0d5acb-b654-4c8f-b12c-876ffbe399b6"
        ],
        "api-supported-versions": [
          "1.0, 2.0, 2017-09-01-preview, 2018-03-01"
        ],
        "Server": [
          "Microsoft-IIS/10.0"
        ],
        "X-AspNet-Version": [
          "4.0.30319"
        ],
        "X-Powered-By": [
          "ASP.NET"
        ],
        "x-ms-ratelimit-remaining-subscription-deletes": [
          "14999"
        ],
        "x-ms-correlation-request-id": [
          "db0d5acb-b654-4c8f-b12c-876ffbe399b6"
        ],
        "x-ms-routing-request-id": [
          "SOUTHEASTASIA:20200507T112922Z:db0d5acb-b654-4c8f-b12c-876ffbe399b6"
        ],
        "Strict-Transport-Security": [
          "max-age=31536000; includeSubDomains"
        ],
        "X-Content-Type-Options": [
          "nosniff"
        ],
        "Date": [
          "Thu, 07 May 2020 11:29:22 GMT"
        ],
        "Expires": [
          "-1"
        ],
        "Content-Length": [
          "0"
        ]
      },
      "ResponseBody": "",
      "StatusCode": 200
    },
    {
      "RequestUri": "/subscriptions/57947cb5-aadd-4b6c-9e8e-27f545bb7bf5/resourceGroups/ps7193/providers/Microsoft.Insights/actionGroups/ps9513?api-version=2019-06-01",
      "EncodedRequestUri": "L3N1YnNjcmlwdGlvbnMvNTc5NDdjYjUtYWFkZC00YjZjLTllOGUtMjdmNTQ1YmI3YmY1L3Jlc291cmNlR3JvdXBzL3BzNzE5My9wcm92aWRlcnMvbWljcm9zb2Z0Lmluc2lnaHRzL2FjdGlvbkdyb3Vwcy9wczk1MTM/YXBpLXZlcnNpb249MjAxOS0wNi0wMQ==",
      "RequestMethod": "DELETE",
      "RequestBody": "",
      "RequestHeaders": {
        "x-ms-client-request-id": [
          "8eecb775-8ddf-48ee-a109-6bb136fadbdc"
        ],
        "Accept-Language": [
          "en-US"
        ],
        "User-Agent": [
          "FxVersion/4.6.28008.02",
          "OSName/Windows",
          "OSVersion/Microsoft.Windows.10.0.18363.",
          "Microsoft.Azure.Management.Monitor.MonitorManagementClient/0.25.1.0"
        ]
      },
      "ResponseHeaders": {
        "Cache-Control": [
          "no-cache"
        ],
        "Pragma": [
          "no-cache"
        ],
        "Strict-Transport-Security": [
          "max-age=31536000; includeSubDomains"
        ],
        "x-ms-request-id": [
          "f1adfc62-520d-4eb2-ba93-ce7cd20d4a33"
        ],
        "Server": [
          "Microsoft-IIS/10.0"
        ],
        "x-ms-ratelimit-remaining-subscription-deletes": [
          "14998"
        ],
        "x-ms-correlation-request-id": [
          "7e79a911-2d5f-4578-b3aa-051ec630f451"
        ],
        "x-ms-routing-request-id": [
          "SOUTHEASTASIA:20200507T112925Z:7e79a911-2d5f-4578-b3aa-051ec630f451"
        ],
        "X-Content-Type-Options": [
          "nosniff"
        ],
        "Date": [
          "Thu, 07 May 2020 11:29:25 GMT"
        ],
        "Expires": [
          "-1"
        ],
        "Content-Length": [
          "0"
        ]
      },
      "ResponseBody": "",
      "StatusCode": 200
    },
    {
      "RequestUri": "/subscriptions/57947cb5-aadd-4b6c-9e8e-27f545bb7bf5/resourceGroups/ps7193/providers/Microsoft.Insights/components/appName?api-version=2018-05-01-preview",
      "EncodedRequestUri": "L3N1YnNjcmlwdGlvbnMvNTc5NDdjYjUtYWFkZC00YjZjLTllOGUtMjdmNTQ1YmI3YmY1L3Jlc291cmNlR3JvdXBzL3BzNzE5My9wcm92aWRlcnMvTWljcm9zb2Z0Lkluc2lnaHRzL2NvbXBvbmVudHMvYXBwTmFtZT9hcGktdmVyc2lvbj0yMDE4LTA1LTAxLXByZXZpZXc=",
      "RequestMethod": "DELETE",
      "RequestBody": "",
      "RequestHeaders": {
        "x-ms-client-request-id": [
          "b6d26fad-c727-49c2-b30b-4b91db447dac"
        ],
        "Accept-Language": [
          "en-US"
        ],
        "User-Agent": [
          "FxVersion/4.6.28008.02",
          "OSName/Windows",
          "OSVersion/Microsoft.Windows.10.0.18363.",
          "Microsoft.Azure.Management.ApplicationInsights.Management.ApplicationInsightsManagementClient/0.3.0.0"
        ]
      },
      "ResponseHeaders": {
        "Cache-Control": [
          "no-cache"
        ],
        "Pragma": [
          "no-cache"
        ],
        "x-ms-request-id": [
          "b6d26fad-c727-49c2-b30b-4b91db447dac"
        ],
        "X-Content-Type-Options": [
          "nosniff"
        ],
        "Request-Context": [
          "appId=cid-v1:920e14b1-13f3-461a-a4bb-b4fe6f1a4525"
        ],
        "Access-Control-Expose-Headers": [
          "Request-Context"
        ],
        "Strict-Transport-Security": [
          "max-age=31536000; includeSubDomains"
        ],
        "Server": [
          "Microsoft-IIS/10.0"
        ],
        "X-Powered-By": [
          "ASP.NET"
        ],
        "x-ms-ratelimit-remaining-subscription-deletes": [
          "14999"
        ],
        "x-ms-correlation-request-id": [
          "2ac0f5b2-629c-4830-926f-324649fe4f95"
        ],
        "x-ms-routing-request-id": [
          "SOUTHEASTASIA:20200507T112931Z:2ac0f5b2-629c-4830-926f-324649fe4f95"
        ],
        "Date": [
          "Thu, 07 May 2020 11:29:31 GMT"
        ],
        "Expires": [
          "-1"
        ],
        "Content-Length": [
          "0"
        ]
      },
      "ResponseBody": "",
      "StatusCode": 200
    },
    {
      "RequestUri": "/subscriptions/57947cb5-aadd-4b6c-9e8e-27f545bb7bf5/resourcegroups/ps7193?api-version=2016-09-01",
      "EncodedRequestUri": "L3N1YnNjcmlwdGlvbnMvNTc5NDdjYjUtYWFkZC00YjZjLTllOGUtMjdmNTQ1YmI3YmY1L3Jlc291cmNlZ3JvdXBzL3BzNzE5Mz9hcGktdmVyc2lvbj0yMDE2LTA5LTAx",
      "RequestMethod": "DELETE",
      "RequestBody": "",
      "RequestHeaders": {
        "x-ms-client-request-id": [
          "9017676a-98b2-4988-97e7-29de55fcb77c"
        ],
        "Accept-Language": [
          "en-US"
        ],
        "User-Agent": [
          "FxVersion/4.6.28008.02",
          "OSName/Windows",
          "OSVersion/Microsoft.Windows.10.0.18363.",
          "Microsoft.Azure.Management.Internal.Resources.ResourceManagementClient/1.3.13"
        ]
      },
      "ResponseHeaders": {
        "Cache-Control": [
          "no-cache"
        ],
        "Pragma": [
          "no-cache"
        ],
        "Location": [
          "https://management.azure.com/subscriptions/57947cb5-aadd-4b6c-9e8e-27f545bb7bf5/operationresults/eyJqb2JJZCI6IlJFU09VUkNFR1JPVVBERUxFVElPTkpPQi1QUzcxOTMtV0VTVFVTIiwiam9iTG9jYXRpb24iOiJ3ZXN0dXMifQ?api-version=2016-09-01"
        ],
        "Retry-After": [
          "15"
        ],
        "x-ms-ratelimit-remaining-subscription-deletes": [
          "14999"
        ],
        "x-ms-request-id": [
          "af15557a-403f-4a19-9d92-4e0c9b27de1d"
        ],
        "x-ms-correlation-request-id": [
          "af15557a-403f-4a19-9d92-4e0c9b27de1d"
        ],
        "x-ms-routing-request-id": [
          "SOUTHEASTASIA:20200507T112935Z:af15557a-403f-4a19-9d92-4e0c9b27de1d"
        ],
        "Strict-Transport-Security": [
          "max-age=31536000; includeSubDomains"
        ],
        "X-Content-Type-Options": [
          "nosniff"
        ],
        "Date": [
          "Thu, 07 May 2020 11:29:35 GMT"
        ],
        "Expires": [
          "-1"
        ],
        "Content-Length": [
          "0"
        ]
      },
      "ResponseBody": "",
      "StatusCode": 202
    },
    {
      "RequestUri": "/subscriptions/57947cb5-aadd-4b6c-9e8e-27f545bb7bf5/operationresults/eyJqb2JJZCI6IlJFU09VUkNFR1JPVVBERUxFVElPTkpPQi1QUzcxOTMtV0VTVFVTIiwiam9iTG9jYXRpb24iOiJ3ZXN0dXMifQ?api-version=2016-09-01",
      "EncodedRequestUri": "L3N1YnNjcmlwdGlvbnMvNTc5NDdjYjUtYWFkZC00YjZjLTllOGUtMjdmNTQ1YmI3YmY1L29wZXJhdGlvbnJlc3VsdHMvZXlKcWIySkpaQ0k2SWxKRlUwOVZVa05GUjFKUFZWQkVSVXhGVkVsUFRrcFBRaTFRVXpjeE9UTXRWMFZUVkZWVElpd2lhbTlpVEc5allYUnBiMjRpT2lKM1pYTjBkWE1pZlE/YXBpLXZlcnNpb249MjAxNi0wOS0wMQ==",
      "RequestMethod": "GET",
      "RequestBody": "",
      "RequestHeaders": {
        "User-Agent": [
          "FxVersion/4.6.28008.02",
          "OSName/Windows",
          "OSVersion/Microsoft.Windows.10.0.18363.",
          "Microsoft.Azure.Management.Internal.Resources.ResourceManagementClient/1.3.13"
        ]
      },
      "ResponseHeaders": {
        "Cache-Control": [
          "no-cache"
        ],
        "Pragma": [
          "no-cache"
        ],
        "Location": [
          "https://management.azure.com/subscriptions/57947cb5-aadd-4b6c-9e8e-27f545bb7bf5/operationresults/eyJqb2JJZCI6IlJFU09VUkNFR1JPVVBERUxFVElPTkpPQi1QUzcxOTMtV0VTVFVTIiwiam9iTG9jYXRpb24iOiJ3ZXN0dXMifQ?api-version=2016-09-01"
        ],
        "Retry-After": [
          "15"
        ],
        "x-ms-ratelimit-remaining-subscription-reads": [
          "11997"
        ],
        "x-ms-request-id": [
          "a48311ce-74f9-496c-9aca-7c48061f53fd"
        ],
        "x-ms-correlation-request-id": [
          "a48311ce-74f9-496c-9aca-7c48061f53fd"
        ],
        "x-ms-routing-request-id": [
          "SOUTHEASTASIA:20200507T112951Z:a48311ce-74f9-496c-9aca-7c48061f53fd"
        ],
        "Strict-Transport-Security": [
          "max-age=31536000; includeSubDomains"
        ],
        "X-Content-Type-Options": [
          "nosniff"
        ],
        "Date": [
          "Thu, 07 May 2020 11:29:50 GMT"
        ],
        "Expires": [
          "-1"
        ],
        "Content-Length": [
          "0"
        ]
      },
      "ResponseBody": "",
      "StatusCode": 202
    },
    {
      "RequestUri": "/subscriptions/57947cb5-aadd-4b6c-9e8e-27f545bb7bf5/operationresults/eyJqb2JJZCI6IlJFU09VUkNFR1JPVVBERUxFVElPTkpPQi1QUzcxOTMtV0VTVFVTIiwiam9iTG9jYXRpb24iOiJ3ZXN0dXMifQ?api-version=2016-09-01",
      "EncodedRequestUri": "L3N1YnNjcmlwdGlvbnMvNTc5NDdjYjUtYWFkZC00YjZjLTllOGUtMjdmNTQ1YmI3YmY1L29wZXJhdGlvbnJlc3VsdHMvZXlKcWIySkpaQ0k2SWxKRlUwOVZVa05GUjFKUFZWQkVSVXhGVkVsUFRrcFBRaTFRVXpjeE9UTXRWMFZUVkZWVElpd2lhbTlpVEc5allYUnBiMjRpT2lKM1pYTjBkWE1pZlE/YXBpLXZlcnNpb249MjAxNi0wOS0wMQ==",
      "RequestMethod": "GET",
      "RequestBody": "",
      "RequestHeaders": {
        "User-Agent": [
          "FxVersion/4.6.28008.02",
          "OSName/Windows",
          "OSVersion/Microsoft.Windows.10.0.18363.",
          "Microsoft.Azure.Management.Internal.Resources.ResourceManagementClient/1.3.13"
        ]
      },
      "ResponseHeaders": {
        "Cache-Control": [
          "no-cache"
        ],
        "Pragma": [
          "no-cache"
        ],
        "Location": [
          "https://management.azure.com/subscriptions/57947cb5-aadd-4b6c-9e8e-27f545bb7bf5/operationresults/eyJqb2JJZCI6IlJFU09VUkNFR1JPVVBERUxFVElPTkpPQi1QUzcxOTMtV0VTVFVTIiwiam9iTG9jYXRpb24iOiJ3ZXN0dXMifQ?api-version=2016-09-01"
        ],
        "Retry-After": [
          "15"
        ],
        "x-ms-ratelimit-remaining-subscription-reads": [
          "11996"
        ],
        "x-ms-request-id": [
          "29f7a252-5f4d-4114-bba8-3c1a5cdeda6a"
        ],
        "x-ms-correlation-request-id": [
          "29f7a252-5f4d-4114-bba8-3c1a5cdeda6a"
        ],
        "x-ms-routing-request-id": [
          "SOUTHEASTASIA:20200507T113006Z:29f7a252-5f4d-4114-bba8-3c1a5cdeda6a"
        ],
        "Strict-Transport-Security": [
          "max-age=31536000; includeSubDomains"
        ],
        "X-Content-Type-Options": [
          "nosniff"
        ],
        "Date": [
          "Thu, 07 May 2020 11:30:05 GMT"
        ],
        "Expires": [
          "-1"
        ],
        "Content-Length": [
          "0"
        ]
      },
      "ResponseBody": "",
      "StatusCode": 202
    },
    {
      "RequestUri": "/subscriptions/57947cb5-aadd-4b6c-9e8e-27f545bb7bf5/operationresults/eyJqb2JJZCI6IlJFU09VUkNFR1JPVVBERUxFVElPTkpPQi1QUzcxOTMtV0VTVFVTIiwiam9iTG9jYXRpb24iOiJ3ZXN0dXMifQ?api-version=2016-09-01",
      "EncodedRequestUri": "L3N1YnNjcmlwdGlvbnMvNTc5NDdjYjUtYWFkZC00YjZjLTllOGUtMjdmNTQ1YmI3YmY1L29wZXJhdGlvbnJlc3VsdHMvZXlKcWIySkpaQ0k2SWxKRlUwOVZVa05GUjFKUFZWQkVSVXhGVkVsUFRrcFBRaTFRVXpjeE9UTXRWMFZUVkZWVElpd2lhbTlpVEc5allYUnBiMjRpT2lKM1pYTjBkWE1pZlE/YXBpLXZlcnNpb249MjAxNi0wOS0wMQ==",
      "RequestMethod": "GET",
      "RequestBody": "",
      "RequestHeaders": {
        "User-Agent": [
          "FxVersion/4.6.28008.02",
          "OSName/Windows",
          "OSVersion/Microsoft.Windows.10.0.18363.",
          "Microsoft.Azure.Management.Internal.Resources.ResourceManagementClient/1.3.13"
        ]
      },
      "ResponseHeaders": {
        "Cache-Control": [
          "no-cache"
        ],
        "Pragma": [
          "no-cache"
        ],
        "Location": [
          "https://management.azure.com/subscriptions/57947cb5-aadd-4b6c-9e8e-27f545bb7bf5/operationresults/eyJqb2JJZCI6IlJFU09VUkNFR1JPVVBERUxFVElPTkpPQi1QUzcxOTMtV0VTVFVTIiwiam9iTG9jYXRpb24iOiJ3ZXN0dXMifQ?api-version=2016-09-01"
        ],
        "Retry-After": [
          "15"
        ],
        "x-ms-ratelimit-remaining-subscription-reads": [
          "11995"
        ],
        "x-ms-request-id": [
          "146c9d41-04b8-43e2-a37c-a3d89fd6b7f7"
        ],
        "x-ms-correlation-request-id": [
          "146c9d41-04b8-43e2-a37c-a3d89fd6b7f7"
        ],
        "x-ms-routing-request-id": [
          "SOUTHEASTASIA:20200507T113022Z:146c9d41-04b8-43e2-a37c-a3d89fd6b7f7"
        ],
        "Strict-Transport-Security": [
          "max-age=31536000; includeSubDomains"
        ],
        "X-Content-Type-Options": [
          "nosniff"
        ],
        "Date": [
          "Thu, 07 May 2020 11:30:22 GMT"
        ],
        "Expires": [
          "-1"
        ],
        "Content-Length": [
          "0"
        ]
      },
      "ResponseBody": "",
      "StatusCode": 202
    },
    {
      "RequestUri": "/subscriptions/57947cb5-aadd-4b6c-9e8e-27f545bb7bf5/operationresults/eyJqb2JJZCI6IlJFU09VUkNFR1JPVVBERUxFVElPTkpPQi1QUzcxOTMtV0VTVFVTIiwiam9iTG9jYXRpb24iOiJ3ZXN0dXMifQ?api-version=2016-09-01",
      "EncodedRequestUri": "L3N1YnNjcmlwdGlvbnMvNTc5NDdjYjUtYWFkZC00YjZjLTllOGUtMjdmNTQ1YmI3YmY1L29wZXJhdGlvbnJlc3VsdHMvZXlKcWIySkpaQ0k2SWxKRlUwOVZVa05GUjFKUFZWQkVSVXhGVkVsUFRrcFBRaTFRVXpjeE9UTXRWMFZUVkZWVElpd2lhbTlpVEc5allYUnBiMjRpT2lKM1pYTjBkWE1pZlE/YXBpLXZlcnNpb249MjAxNi0wOS0wMQ==",
      "RequestMethod": "GET",
      "RequestBody": "",
      "RequestHeaders": {
        "User-Agent": [
          "FxVersion/4.6.28008.02",
          "OSName/Windows",
          "OSVersion/Microsoft.Windows.10.0.18363.",
          "Microsoft.Azure.Management.Internal.Resources.ResourceManagementClient/1.3.13"
        ]
      },
      "ResponseHeaders": {
        "Cache-Control": [
          "no-cache"
        ],
        "Pragma": [
          "no-cache"
        ],
        "Location": [
          "https://management.azure.com/subscriptions/57947cb5-aadd-4b6c-9e8e-27f545bb7bf5/operationresults/eyJqb2JJZCI6IlJFU09VUkNFR1JPVVBERUxFVElPTkpPQi1QUzcxOTMtV0VTVFVTIiwiam9iTG9jYXRpb24iOiJ3ZXN0dXMifQ?api-version=2016-09-01"
        ],
        "Retry-After": [
          "15"
        ],
        "x-ms-ratelimit-remaining-subscription-reads": [
          "11994"
        ],
        "x-ms-request-id": [
          "d7c5f9d8-5a95-462c-a1e2-fa3e537be4a6"
        ],
        "x-ms-correlation-request-id": [
          "d7c5f9d8-5a95-462c-a1e2-fa3e537be4a6"
        ],
        "x-ms-routing-request-id": [
          "SOUTHEASTASIA:20200507T113037Z:d7c5f9d8-5a95-462c-a1e2-fa3e537be4a6"
        ],
        "Strict-Transport-Security": [
          "max-age=31536000; includeSubDomains"
        ],
        "X-Content-Type-Options": [
          "nosniff"
        ],
        "Date": [
          "Thu, 07 May 2020 11:30:37 GMT"
        ],
        "Expires": [
          "-1"
        ],
        "Content-Length": [
          "0"
        ]
      },
      "ResponseBody": "",
      "StatusCode": 202
    },
    {
      "RequestUri": "/subscriptions/57947cb5-aadd-4b6c-9e8e-27f545bb7bf5/operationresults/eyJqb2JJZCI6IlJFU09VUkNFR1JPVVBERUxFVElPTkpPQi1QUzcxOTMtV0VTVFVTIiwiam9iTG9jYXRpb24iOiJ3ZXN0dXMifQ?api-version=2016-09-01",
      "EncodedRequestUri": "L3N1YnNjcmlwdGlvbnMvNTc5NDdjYjUtYWFkZC00YjZjLTllOGUtMjdmNTQ1YmI3YmY1L29wZXJhdGlvbnJlc3VsdHMvZXlKcWIySkpaQ0k2SWxKRlUwOVZVa05GUjFKUFZWQkVSVXhGVkVsUFRrcFBRaTFRVXpjeE9UTXRWMFZUVkZWVElpd2lhbTlpVEc5allYUnBiMjRpT2lKM1pYTjBkWE1pZlE/YXBpLXZlcnNpb249MjAxNi0wOS0wMQ==",
      "RequestMethod": "GET",
      "RequestBody": "",
      "RequestHeaders": {
        "User-Agent": [
          "FxVersion/4.6.28008.02",
          "OSName/Windows",
          "OSVersion/Microsoft.Windows.10.0.18363.",
          "Microsoft.Azure.Management.Internal.Resources.ResourceManagementClient/1.3.13"
        ]
      },
      "ResponseHeaders": {
        "Cache-Control": [
          "no-cache"
        ],
        "Pragma": [
          "no-cache"
        ],
        "Location": [
          "https://management.azure.com/subscriptions/57947cb5-aadd-4b6c-9e8e-27f545bb7bf5/operationresults/eyJqb2JJZCI6IlJFU09VUkNFR1JPVVBERUxFVElPTkpPQi1QUzcxOTMtV0VTVFVTIiwiam9iTG9jYXRpb24iOiJ3ZXN0dXMifQ?api-version=2016-09-01"
        ],
        "Retry-After": [
          "15"
        ],
        "x-ms-ratelimit-remaining-subscription-reads": [
          "11993"
        ],
        "x-ms-request-id": [
          "1b2cb8db-566e-477e-a146-5af95f0757af"
        ],
        "x-ms-correlation-request-id": [
          "1b2cb8db-566e-477e-a146-5af95f0757af"
        ],
        "x-ms-routing-request-id": [
          "SOUTHEASTASIA:20200507T113052Z:1b2cb8db-566e-477e-a146-5af95f0757af"
        ],
        "Strict-Transport-Security": [
          "max-age=31536000; includeSubDomains"
        ],
        "X-Content-Type-Options": [
          "nosniff"
        ],
        "Date": [
          "Thu, 07 May 2020 11:30:52 GMT"
        ],
        "Expires": [
          "-1"
        ],
        "Content-Length": [
          "0"
        ]
      },
      "ResponseBody": "",
      "StatusCode": 202
    },
    {
      "RequestUri": "/subscriptions/57947cb5-aadd-4b6c-9e8e-27f545bb7bf5/operationresults/eyJqb2JJZCI6IlJFU09VUkNFR1JPVVBERUxFVElPTkpPQi1QUzcxOTMtV0VTVFVTIiwiam9iTG9jYXRpb24iOiJ3ZXN0dXMifQ?api-version=2016-09-01",
      "EncodedRequestUri": "L3N1YnNjcmlwdGlvbnMvNTc5NDdjYjUtYWFkZC00YjZjLTllOGUtMjdmNTQ1YmI3YmY1L29wZXJhdGlvbnJlc3VsdHMvZXlKcWIySkpaQ0k2SWxKRlUwOVZVa05GUjFKUFZWQkVSVXhGVkVsUFRrcFBRaTFRVXpjeE9UTXRWMFZUVkZWVElpd2lhbTlpVEc5allYUnBiMjRpT2lKM1pYTjBkWE1pZlE/YXBpLXZlcnNpb249MjAxNi0wOS0wMQ==",
      "RequestMethod": "GET",
      "RequestBody": "",
      "RequestHeaders": {
        "User-Agent": [
          "FxVersion/4.6.28008.02",
          "OSName/Windows",
          "OSVersion/Microsoft.Windows.10.0.18363.",
          "Microsoft.Azure.Management.Internal.Resources.ResourceManagementClient/1.3.13"
        ]
      },
      "ResponseHeaders": {
        "Cache-Control": [
          "no-cache"
        ],
        "Pragma": [
          "no-cache"
        ],
        "Location": [
          "https://management.azure.com/subscriptions/57947cb5-aadd-4b6c-9e8e-27f545bb7bf5/operationresults/eyJqb2JJZCI6IlJFU09VUkNFR1JPVVBERUxFVElPTkpPQi1QUzcxOTMtV0VTVFVTIiwiam9iTG9jYXRpb24iOiJ3ZXN0dXMifQ?api-version=2016-09-01"
        ],
        "Retry-After": [
          "15"
        ],
        "x-ms-ratelimit-remaining-subscription-reads": [
          "11992"
        ],
        "x-ms-request-id": [
          "ba30c179-e6c3-40c7-a4ce-8343826f30c5"
        ],
        "x-ms-correlation-request-id": [
          "ba30c179-e6c3-40c7-a4ce-8343826f30c5"
        ],
        "x-ms-routing-request-id": [
          "SOUTHEASTASIA:20200507T113108Z:ba30c179-e6c3-40c7-a4ce-8343826f30c5"
        ],
        "Strict-Transport-Security": [
          "max-age=31536000; includeSubDomains"
        ],
        "X-Content-Type-Options": [
          "nosniff"
        ],
        "Date": [
          "Thu, 07 May 2020 11:31:07 GMT"
        ],
        "Expires": [
          "-1"
        ],
        "Content-Length": [
          "0"
        ]
      },
      "ResponseBody": "",
      "StatusCode": 202
    },
    {
      "RequestUri": "/subscriptions/57947cb5-aadd-4b6c-9e8e-27f545bb7bf5/operationresults/eyJqb2JJZCI6IlJFU09VUkNFR1JPVVBERUxFVElPTkpPQi1QUzcxOTMtV0VTVFVTIiwiam9iTG9jYXRpb24iOiJ3ZXN0dXMifQ?api-version=2016-09-01",
      "EncodedRequestUri": "L3N1YnNjcmlwdGlvbnMvNTc5NDdjYjUtYWFkZC00YjZjLTllOGUtMjdmNTQ1YmI3YmY1L29wZXJhdGlvbnJlc3VsdHMvZXlKcWIySkpaQ0k2SWxKRlUwOVZVa05GUjFKUFZWQkVSVXhGVkVsUFRrcFBRaTFRVXpjeE9UTXRWMFZUVkZWVElpd2lhbTlpVEc5allYUnBiMjRpT2lKM1pYTjBkWE1pZlE/YXBpLXZlcnNpb249MjAxNi0wOS0wMQ==",
      "RequestMethod": "GET",
      "RequestBody": "",
      "RequestHeaders": {
        "User-Agent": [
          "FxVersion/4.6.28008.02",
          "OSName/Windows",
          "OSVersion/Microsoft.Windows.10.0.18363.",
          "Microsoft.Azure.Management.Internal.Resources.ResourceManagementClient/1.3.13"
        ]
      },
      "ResponseHeaders": {
        "Cache-Control": [
          "no-cache"
        ],
        "Pragma": [
          "no-cache"
        ],
        "x-ms-ratelimit-remaining-subscription-reads": [
          "11991"
        ],
        "x-ms-request-id": [
          "74462679-5390-4073-b1d0-45fbeacfd450"
        ],
        "x-ms-correlation-request-id": [
          "74462679-5390-4073-b1d0-45fbeacfd450"
        ],
        "x-ms-routing-request-id": [
          "SOUTHEASTASIA:20200507T113123Z:74462679-5390-4073-b1d0-45fbeacfd450"
        ],
        "Strict-Transport-Security": [
          "max-age=31536000; includeSubDomains"
        ],
        "X-Content-Type-Options": [
          "nosniff"
        ],
        "Date": [
          "Thu, 07 May 2020 11:31:23 GMT"
        ],
        "Expires": [
          "-1"
        ],
        "Content-Length": [
          "0"
        ]
      },
      "ResponseBody": "",
      "StatusCode": 200
    },
    {
      "RequestUri": "/subscriptions/57947cb5-aadd-4b6c-9e8e-27f545bb7bf5/operationresults/eyJqb2JJZCI6IlJFU09VUkNFR1JPVVBERUxFVElPTkpPQi1QUzcxOTMtV0VTVFVTIiwiam9iTG9jYXRpb24iOiJ3ZXN0dXMifQ?api-version=2016-09-01",
      "EncodedRequestUri": "L3N1YnNjcmlwdGlvbnMvNTc5NDdjYjUtYWFkZC00YjZjLTllOGUtMjdmNTQ1YmI3YmY1L29wZXJhdGlvbnJlc3VsdHMvZXlKcWIySkpaQ0k2SWxKRlUwOVZVa05GUjFKUFZWQkVSVXhGVkVsUFRrcFBRaTFRVXpjeE9UTXRWMFZUVkZWVElpd2lhbTlpVEc5allYUnBiMjRpT2lKM1pYTjBkWE1pZlE/YXBpLXZlcnNpb249MjAxNi0wOS0wMQ==",
      "RequestMethod": "GET",
      "RequestBody": "",
      "RequestHeaders": {
        "User-Agent": [
          "FxVersion/4.6.28008.02",
          "OSName/Windows",
          "OSVersion/Microsoft.Windows.10.0.18363.",
          "Microsoft.Azure.Management.Internal.Resources.ResourceManagementClient/1.3.13"
        ]
      },
      "ResponseHeaders": {
        "Cache-Control": [
          "no-cache"
        ],
        "Pragma": [
          "no-cache"
        ],
        "x-ms-ratelimit-remaining-subscription-reads": [
          "11990"
        ],
        "x-ms-request-id": [
          "d4fd429f-7fc1-48e8-823d-02bb67e7dcc3"
        ],
        "x-ms-correlation-request-id": [
          "d4fd429f-7fc1-48e8-823d-02bb67e7dcc3"
        ],
        "x-ms-routing-request-id": [
          "SOUTHEASTASIA:20200507T113124Z:d4fd429f-7fc1-48e8-823d-02bb67e7dcc3"
        ],
        "Strict-Transport-Security": [
          "max-age=31536000; includeSubDomains"
        ],
        "X-Content-Type-Options": [
          "nosniff"
        ],
        "Date": [
          "Thu, 07 May 2020 11:31:23 GMT"
        ],
        "Expires": [
          "-1"
        ],
        "Content-Length": [
          "0"
        ]
      },
      "ResponseBody": "",
      "StatusCode": 200
    }
  ],
  "Names": {
    "Test-AddAzureRmMetricAlertRuleV2-Webtest": [
      "ps7193",
      "ps5534",
      "ps9607",
      "ps9513"
    ]
  },
  "Variables": {
    "SubscriptionId": "57947cb5-aadd-4b6c-9e8e-27f545bb7bf5"
  }
}