{
  "Entries": [
    {
      "RequestUri": "/subscriptions/412b782d-2511-4c6d-98f2-3ea01b1c83c3/resourcegroups/ps548?api-version=2016-09-01",
      "EncodedRequestUri": "L3N1YnNjcmlwdGlvbnMvNDEyYjc4MmQtMjUxMS00YzZkLTk4ZjItM2VhMDFiMWM4M2MzL3Jlc291cmNlZ3JvdXBzL3BzNTQ4P2FwaS12ZXJzaW9uPTIwMTYtMDktMDE=",
      "RequestMethod": "PUT",
      "RequestBody": "{\r\n  \"location\": \"westcentralus\"\r\n}",
      "RequestHeaders": {
        "x-ms-client-request-id": [
          "258b9453-4f41-4a90-b26d-30ccff91a2a6"
        ],
        "Accept-Language": [
          "en-US"
        ],
        "User-Agent": [
          "FxVersion/4.6.29130.01",
          "OSName/Windows",
          "OSVersion/Microsoft.Windows.10.0.14393.",
          "Microsoft.Azure.Management.Internal.Resources.ResourceManagementClient/1.3.23"
        ],
        "Content-Type": [
          "application/json; charset=utf-8"
        ],
        "Content-Length": [
          "35"
        ]
      },
      "ResponseHeaders": {
        "Cache-Control": [
          "no-cache"
        ],
        "Pragma": [
          "no-cache"
        ],
        "x-ms-ratelimit-remaining-subscription-writes": [
          "1199"
        ],
        "x-ms-request-id": [
          "2eff3d93-1acc-4d40-bcdf-5cb5eb6741f4"
        ],
        "x-ms-correlation-request-id": [
          "2eff3d93-1acc-4d40-bcdf-5cb5eb6741f4"
        ],
        "x-ms-routing-request-id": [
          "WESTUS:20200914T022042Z:2eff3d93-1acc-4d40-bcdf-5cb5eb6741f4"
        ],
        "Strict-Transport-Security": [
          "max-age=31536000; includeSubDomains"
        ],
        "X-Content-Type-Options": [
          "nosniff"
        ],
        "Date": [
          "Mon, 14 Sep 2020 02:20:41 GMT"
        ],
        "Content-Length": [
          "170"
        ],
        "Content-Type": [
          "application/json; charset=utf-8"
        ],
        "Expires": [
          "-1"
        ]
      },
      "ResponseBody": "{\r\n  \"id\": \"/subscriptions/412b782d-2511-4c6d-98f2-3ea01b1c83c3/resourceGroups/ps548\",\r\n  \"name\": \"ps548\",\r\n  \"location\": \"westcentralus\",\r\n  \"properties\": {\r\n    \"provisioningState\": \"Succeeded\"\r\n  }\r\n}",
      "StatusCode": 201
    },
    {
      "RequestUri": "/subscriptions/412b782d-2511-4c6d-98f2-3ea01b1c83c3/resourceGroups/ps548/providers/Microsoft.Sql/servers/ps3198?api-version=2019-06-01-preview",
      "EncodedRequestUri": "L3N1YnNjcmlwdGlvbnMvNDEyYjc4MmQtMjUxMS00YzZkLTk4ZjItM2VhMDFiMWM4M2MzL3Jlc291cmNlR3JvdXBzL3BzNTQ4L3Byb3ZpZGVycy9NaWNyb3NvZnQuU3FsL3NlcnZlcnMvcHMzMTk4P2FwaS12ZXJzaW9uPTIwMTktMDYtMDEtcHJldmlldw==",
      "RequestMethod": "GET",
      "RequestBody": "",
      "RequestHeaders": {
        "x-ms-client-request-id": [
          "170a9534-fd75-4406-b21a-30945971581e"
        ],
        "Accept-Language": [
          "en-US"
        ],
        "User-Agent": [
          "FxVersion/4.6.29130.01",
          "OSName/Windows",
          "OSVersion/Microsoft.Windows.10.0.14393.",
          "Microsoft.Azure.Management.Sql.SqlManagementClient/1.44.2.0"
        ]
      },
      "ResponseHeaders": {
        "Cache-Control": [
          "no-cache"
        ],
        "Pragma": [
          "no-cache"
        ],
        "x-ms-failure-cause": [
          "gateway"
        ],
        "x-ms-request-id": [
          "520c9166-5c47-436d-86a5-29ed3865aa32"
        ],
        "x-ms-correlation-request-id": [
          "520c9166-5c47-436d-86a5-29ed3865aa32"
        ],
        "x-ms-routing-request-id": [
          "WESTUS:20200914T022042Z:520c9166-5c47-436d-86a5-29ed3865aa32"
        ],
        "Strict-Transport-Security": [
          "max-age=31536000; includeSubDomains"
        ],
        "X-Content-Type-Options": [
          "nosniff"
        ],
        "Date": [
          "Mon, 14 Sep 2020 02:20:42 GMT"
        ],
        "Content-Type": [
          "application/json; charset=utf-8"
        ],
        "Expires": [
          "-1"
        ],
        "Content-Length": [
          "205"
        ]
      },
      "ResponseBody": "{\r\n  \"error\": {\r\n    \"code\": \"ResourceNotFound\",\r\n    \"message\": \"The Resource 'Microsoft.Sql/servers/ps3198' under resource group 'ps548' was not found. For more details please go to https://aka.ms/ARMResourceNotFoundFix\"\r\n  }\r\n}",
      "StatusCode": 404
    },
    {
      "RequestUri": "/subscriptions/412b782d-2511-4c6d-98f2-3ea01b1c83c3/resourceGroups/ps548/providers/Microsoft.Sql/servers/ps3198?api-version=2019-06-01-preview",
      "EncodedRequestUri": "L3N1YnNjcmlwdGlvbnMvNDEyYjc4MmQtMjUxMS00YzZkLTk4ZjItM2VhMDFiMWM4M2MzL3Jlc291cmNlR3JvdXBzL3BzNTQ4L3Byb3ZpZGVycy9NaWNyb3NvZnQuU3FsL3NlcnZlcnMvcHMzMTk4P2FwaS12ZXJzaW9uPTIwMTktMDYtMDEtcHJldmlldw==",
      "RequestMethod": "GET",
      "RequestBody": "",
      "RequestHeaders": {
        "User-Agent": [
          "FxVersion/4.6.29130.01",
          "OSName/Windows",
          "OSVersion/Microsoft.Windows.10.0.14393.",
          "Microsoft.Azure.Management.Sql.SqlManagementClient/1.44.2.0"
        ]
      },
      "ResponseHeaders": {
        "Cache-Control": [
          "no-cache"
        ],
        "Pragma": [
          "no-cache"
        ],
        "x-ms-request-id": [
          "1ddbd0b7-157c-49cf-894f-4baa0e51a8c3"
        ],
        "Server": [
          "Microsoft-HTTPAPI/2.0"
        ],
        "x-ms-ratelimit-remaining-subscription-reads": [
          "11991"
        ],
        "x-ms-correlation-request-id": [
          "d2cdf5b9-aa2b-44c6-ad5b-48db55495ee2"
        ],
        "x-ms-routing-request-id": [
          "WESTUS:20200914T022131Z:d2cdf5b9-aa2b-44c6-ad5b-48db55495ee2"
        ],
        "Strict-Transport-Security": [
          "max-age=31536000; includeSubDomains"
        ],
        "X-Content-Type-Options": [
          "nosniff"
        ],
        "Date": [
          "Mon, 14 Sep 2020 02:21:30 GMT"
        ],
        "Content-Length": [
          "414"
        ],
        "Content-Type": [
          "application/json; charset=utf-8"
        ],
        "Expires": [
          "-1"
        ]
      },
      "ResponseBody": "{\r\n  \"kind\": \"v12.0\",\r\n  \"properties\": {\r\n    \"administratorLogin\": \"testusername\",\r\n    \"version\": \"12.0\",\r\n    \"state\": \"Ready\",\r\n    \"fullyQualifiedDomainName\": \"ps3198.database.windows.net\",\r\n    \"privateEndpointConnections\": [],\r\n    \"publicNetworkAccess\": \"Enabled\"\r\n  },\r\n  \"location\": \"southeastasia\",\r\n  \"id\": \"/subscriptions/412b782d-2511-4c6d-98f2-3ea01b1c83c3/resourceGroups/ps548/providers/Microsoft.Sql/servers/ps3198\",\r\n  \"name\": \"ps3198\",\r\n  \"type\": \"Microsoft.Sql/servers\"\r\n}",
      "StatusCode": 200
    },
    {
      "RequestUri": "/subscriptions/412b782d-2511-4c6d-98f2-3ea01b1c83c3/resourceGroups/ps548/providers/Microsoft.Sql/servers/ps3198?api-version=2019-06-01-preview",
      "EncodedRequestUri": "L3N1YnNjcmlwdGlvbnMvNDEyYjc4MmQtMjUxMS00YzZkLTk4ZjItM2VhMDFiMWM4M2MzL3Jlc291cmNlR3JvdXBzL3BzNTQ4L3Byb3ZpZGVycy9NaWNyb3NvZnQuU3FsL3NlcnZlcnMvcHMzMTk4P2FwaS12ZXJzaW9uPTIwMTktMDYtMDEtcHJldmlldw==",
      "RequestMethod": "GET",
      "RequestBody": "",
      "RequestHeaders": {
        "x-ms-client-request-id": [
          "4ee343e5-ec90-4d95-9e93-f5313af421ee"
        ],
        "Accept-Language": [
          "en-US"
        ],
        "User-Agent": [
          "FxVersion/4.6.29130.01",
          "OSName/Windows",
          "OSVersion/Microsoft.Windows.10.0.14393.",
          "Microsoft.Azure.Management.Sql.SqlManagementClient/1.44.2.0"
        ]
      },
      "ResponseHeaders": {
        "Cache-Control": [
          "no-cache"
        ],
        "Pragma": [
          "no-cache"
        ],
        "x-ms-request-id": [
          "475d6740-7355-4c22-8620-00fa160c145c"
        ],
        "Server": [
          "Microsoft-HTTPAPI/2.0"
        ],
        "x-ms-ratelimit-remaining-subscription-reads": [
          "11990"
        ],
        "x-ms-correlation-request-id": [
          "aa34250a-b6c4-45d0-baaa-7df76b6ac0f0"
        ],
        "x-ms-routing-request-id": [
          "WESTUS:20200914T022131Z:aa34250a-b6c4-45d0-baaa-7df76b6ac0f0"
        ],
        "Strict-Transport-Security": [
          "max-age=31536000; includeSubDomains"
        ],
        "X-Content-Type-Options": [
          "nosniff"
        ],
        "Date": [
          "Mon, 14 Sep 2020 02:21:31 GMT"
        ],
        "Content-Length": [
          "414"
        ],
        "Content-Type": [
          "application/json; charset=utf-8"
        ],
        "Expires": [
          "-1"
        ]
      },
      "ResponseBody": "{\r\n  \"kind\": \"v12.0\",\r\n  \"properties\": {\r\n    \"administratorLogin\": \"testusername\",\r\n    \"version\": \"12.0\",\r\n    \"state\": \"Ready\",\r\n    \"fullyQualifiedDomainName\": \"ps3198.database.windows.net\",\r\n    \"privateEndpointConnections\": [],\r\n    \"publicNetworkAccess\": \"Enabled\"\r\n  },\r\n  \"location\": \"southeastasia\",\r\n  \"id\": \"/subscriptions/412b782d-2511-4c6d-98f2-3ea01b1c83c3/resourceGroups/ps548/providers/Microsoft.Sql/servers/ps3198\",\r\n  \"name\": \"ps3198\",\r\n  \"type\": \"Microsoft.Sql/servers\"\r\n}",
      "StatusCode": 200
    },
    {
      "RequestUri": "/subscriptions/412b782d-2511-4c6d-98f2-3ea01b1c83c3/resourceGroups/ps548/providers/Microsoft.Sql/servers/ps3198?api-version=2019-06-01-preview",
      "EncodedRequestUri": "L3N1YnNjcmlwdGlvbnMvNDEyYjc4MmQtMjUxMS00YzZkLTk4ZjItM2VhMDFiMWM4M2MzL3Jlc291cmNlR3JvdXBzL3BzNTQ4L3Byb3ZpZGVycy9NaWNyb3NvZnQuU3FsL3NlcnZlcnMvcHMzMTk4P2FwaS12ZXJzaW9uPTIwMTktMDYtMDEtcHJldmlldw==",
      "RequestMethod": "GET",
      "RequestBody": "",
      "RequestHeaders": {
        "x-ms-client-request-id": [
          "189a402a-98bb-4576-92fb-af5ee522f28a"
        ],
        "Accept-Language": [
          "en-US"
        ],
        "User-Agent": [
          "FxVersion/4.6.29130.01",
          "OSName/Windows",
          "OSVersion/Microsoft.Windows.10.0.14393.",
          "Microsoft.Azure.Management.Sql.SqlManagementClient/1.44.2.0"
        ]
      },
      "ResponseHeaders": {
        "Cache-Control": [
          "no-cache"
        ],
        "Pragma": [
          "no-cache"
        ],
        "x-ms-request-id": [
          "1a7c03ae-9d61-4f39-aea4-ed87bb31962b"
        ],
        "Server": [
          "Microsoft-HTTPAPI/2.0"
        ],
        "x-ms-ratelimit-remaining-subscription-reads": [
          "11988"
        ],
        "x-ms-correlation-request-id": [
          "1731b0c2-d99f-48da-9ae4-5cfb0a179930"
        ],
        "x-ms-routing-request-id": [
          "WESTUS:20200914T022131Z:1731b0c2-d99f-48da-9ae4-5cfb0a179930"
        ],
        "Strict-Transport-Security": [
          "max-age=31536000; includeSubDomains"
        ],
        "X-Content-Type-Options": [
          "nosniff"
        ],
        "Date": [
          "Mon, 14 Sep 2020 02:21:31 GMT"
        ],
        "Content-Length": [
          "414"
        ],
        "Content-Type": [
          "application/json; charset=utf-8"
        ],
        "Expires": [
          "-1"
        ]
      },
      "ResponseBody": "{\r\n  \"kind\": \"v12.0\",\r\n  \"properties\": {\r\n    \"administratorLogin\": \"testusername\",\r\n    \"version\": \"12.0\",\r\n    \"state\": \"Ready\",\r\n    \"fullyQualifiedDomainName\": \"ps3198.database.windows.net\",\r\n    \"privateEndpointConnections\": [],\r\n    \"publicNetworkAccess\": \"Enabled\"\r\n  },\r\n  \"location\": \"southeastasia\",\r\n  \"id\": \"/subscriptions/412b782d-2511-4c6d-98f2-3ea01b1c83c3/resourceGroups/ps548/providers/Microsoft.Sql/servers/ps3198\",\r\n  \"name\": \"ps3198\",\r\n  \"type\": \"Microsoft.Sql/servers\"\r\n}",
      "StatusCode": 200
    },
    {
      "RequestUri": "/subscriptions/412b782d-2511-4c6d-98f2-3ea01b1c83c3/resourceGroups/ps548/providers/Microsoft.Sql/servers/ps3198?api-version=2019-06-01-preview",
      "EncodedRequestUri": "L3N1YnNjcmlwdGlvbnMvNDEyYjc4MmQtMjUxMS00YzZkLTk4ZjItM2VhMDFiMWM4M2MzL3Jlc291cmNlR3JvdXBzL3BzNTQ4L3Byb3ZpZGVycy9NaWNyb3NvZnQuU3FsL3NlcnZlcnMvcHMzMTk4P2FwaS12ZXJzaW9uPTIwMTktMDYtMDEtcHJldmlldw==",
      "RequestMethod": "PUT",
      "RequestBody": "{\r\n  \"properties\": {\r\n    \"administratorLogin\": \"testusername\",\r\n    \"administratorLoginPassword\": \"t357ingP@s5w0rd!\"\r\n  },\r\n  \"location\": \"Southeast Asia\"\r\n}",
      "RequestHeaders": {
        "x-ms-client-request-id": [
          "89e0757f-4f86-4665-844b-210a0ebeb8f6"
        ],
        "Accept-Language": [
          "en-US"
        ],
        "User-Agent": [
          "FxVersion/4.6.29130.01",
          "OSName/Windows",
          "OSVersion/Microsoft.Windows.10.0.14393.",
          "Microsoft.Azure.Management.Sql.SqlManagementClient/1.44.2.0"
        ],
        "Content-Type": [
          "application/json; charset=utf-8"
        ],
        "Content-Length": [
          "158"
        ]
      },
      "ResponseHeaders": {
        "Cache-Control": [
          "no-cache"
        ],
        "Pragma": [
          "no-cache"
        ],
        "Location": [
          "https://management.azure.com/subscriptions/412b782d-2511-4c6d-98f2-3ea01b1c83c3/resourceGroups/ps548/providers/Microsoft.Sql/locations/southeastasia/serverOperationResults/c37ac0ea-8180-4abe-8a75-c096e04729de?api-version=2019-06-01-preview"
        ],
        "Retry-After": [
          "1"
        ],
        "Azure-AsyncOperation": [
          "https://management.azure.com/subscriptions/412b782d-2511-4c6d-98f2-3ea01b1c83c3/resourceGroups/ps548/providers/Microsoft.Sql/locations/southeastasia/serverAzureAsyncOperation/c37ac0ea-8180-4abe-8a75-c096e04729de?api-version=2019-06-01-preview"
        ],
        "x-ms-request-id": [
          "c37ac0ea-8180-4abe-8a75-c096e04729de"
        ],
        "Server": [
          "Microsoft-HTTPAPI/2.0"
        ],
        "x-ms-ratelimit-remaining-subscription-writes": [
          "1199"
        ],
        "x-ms-correlation-request-id": [
          "6bcb3b00-bffe-49aa-ae49-3ee080be5890"
        ],
        "x-ms-routing-request-id": [
          "WESTUS:20200914T022043Z:6bcb3b00-bffe-49aa-ae49-3ee080be5890"
        ],
        "Strict-Transport-Security": [
          "max-age=31536000; includeSubDomains"
        ],
        "X-Content-Type-Options": [
          "nosniff"
        ],
        "Date": [
          "Mon, 14 Sep 2020 02:20:43 GMT"
        ],
        "Content-Length": [
          "74"
        ],
        "Content-Type": [
          "application/json; charset=utf-8"
        ],
        "Expires": [
          "-1"
        ]
      },
      "ResponseBody": "{\r\n  \"operation\": \"UpsertLogicalServer\",\r\n  \"startTime\": \"2020-09-14T02:20:43.793Z\"\r\n}",
      "StatusCode": 202
    },
    {
      "RequestUri": "/subscriptions/412b782d-2511-4c6d-98f2-3ea01b1c83c3/resourceGroups/ps548/providers/Microsoft.Sql/locations/southeastasia/serverAzureAsyncOperation/c37ac0ea-8180-4abe-8a75-c096e04729de?api-version=2019-06-01-preview",
      "EncodedRequestUri": "L3N1YnNjcmlwdGlvbnMvNDEyYjc4MmQtMjUxMS00YzZkLTk4ZjItM2VhMDFiMWM4M2MzL3Jlc291cmNlR3JvdXBzL3BzNTQ4L3Byb3ZpZGVycy9NaWNyb3NvZnQuU3FsL2xvY2F0aW9ucy9zb3V0aGVhc3Rhc2lhL3NlcnZlckF6dXJlQXN5bmNPcGVyYXRpb24vYzM3YWMwZWEtODE4MC00YWJlLThhNzUtYzA5NmUwNDcyOWRlP2FwaS12ZXJzaW9uPTIwMTktMDYtMDEtcHJldmlldw==",
      "RequestMethod": "GET",
      "RequestBody": "",
      "RequestHeaders": {
        "User-Agent": [
          "FxVersion/4.6.29130.01",
          "OSName/Windows",
          "OSVersion/Microsoft.Windows.10.0.14393.",
          "Microsoft.Azure.Management.Sql.SqlManagementClient/1.44.2.0"
        ]
      },
      "ResponseHeaders": {
        "Cache-Control": [
          "no-cache"
        ],
        "Pragma": [
          "no-cache"
        ],
        "Retry-After": [
          "1"
        ],
        "x-ms-request-id": [
          "f103dfdc-fce4-4754-81a1-2f88baa0847f"
        ],
        "Server": [
          "Microsoft-HTTPAPI/2.0"
        ],
        "x-ms-ratelimit-remaining-subscription-reads": [
          "11998"
        ],
        "x-ms-correlation-request-id": [
          "0ef3e135-3a3c-4b2f-ba51-3c20e0dad20c"
        ],
        "x-ms-routing-request-id": [
          "WESTUS:20200914T022045Z:0ef3e135-3a3c-4b2f-ba51-3c20e0dad20c"
        ],
        "Strict-Transport-Security": [
          "max-age=31536000; includeSubDomains"
        ],
        "X-Content-Type-Options": [
          "nosniff"
        ],
        "Date": [
          "Mon, 14 Sep 2020 02:20:45 GMT"
        ],
        "Content-Length": [
          "108"
        ],
        "Content-Type": [
          "application/json; charset=utf-8"
        ],
        "Expires": [
          "-1"
        ]
      },
      "ResponseBody": "{\r\n  \"name\": \"c37ac0ea-8180-4abe-8a75-c096e04729de\",\r\n  \"status\": \"InProgress\",\r\n  \"startTime\": \"2020-09-14T02:20:43.793Z\"\r\n}",
      "StatusCode": 200
    },
    {
      "RequestUri": "/subscriptions/412b782d-2511-4c6d-98f2-3ea01b1c83c3/resourceGroups/ps548/providers/Microsoft.Sql/locations/southeastasia/serverAzureAsyncOperation/c37ac0ea-8180-4abe-8a75-c096e04729de?api-version=2019-06-01-preview",
      "EncodedRequestUri": "L3N1YnNjcmlwdGlvbnMvNDEyYjc4MmQtMjUxMS00YzZkLTk4ZjItM2VhMDFiMWM4M2MzL3Jlc291cmNlR3JvdXBzL3BzNTQ4L3Byb3ZpZGVycy9NaWNyb3NvZnQuU3FsL2xvY2F0aW9ucy9zb3V0aGVhc3Rhc2lhL3NlcnZlckF6dXJlQXN5bmNPcGVyYXRpb24vYzM3YWMwZWEtODE4MC00YWJlLThhNzUtYzA5NmUwNDcyOWRlP2FwaS12ZXJzaW9uPTIwMTktMDYtMDEtcHJldmlldw==",
      "RequestMethod": "GET",
      "RequestBody": "",
      "RequestHeaders": {
        "User-Agent": [
          "FxVersion/4.6.29130.01",
          "OSName/Windows",
          "OSVersion/Microsoft.Windows.10.0.14393.",
          "Microsoft.Azure.Management.Sql.SqlManagementClient/1.44.2.0"
        ]
      },
      "ResponseHeaders": {
        "Cache-Control": [
          "no-cache"
        ],
        "Pragma": [
          "no-cache"
        ],
        "Retry-After": [
          "1"
        ],
        "x-ms-request-id": [
          "92439d9a-694f-460b-92e4-f6b07446ab6d"
        ],
        "Server": [
          "Microsoft-HTTPAPI/2.0"
        ],
        "x-ms-ratelimit-remaining-subscription-reads": [
          "11997"
        ],
        "x-ms-correlation-request-id": [
          "5f6aaa90-863f-4e47-8afd-e361d7013f9c"
        ],
        "x-ms-routing-request-id": [
          "WESTUS:20200914T022046Z:5f6aaa90-863f-4e47-8afd-e361d7013f9c"
        ],
        "Strict-Transport-Security": [
          "max-age=31536000; includeSubDomains"
        ],
        "X-Content-Type-Options": [
          "nosniff"
        ],
        "Date": [
          "Mon, 14 Sep 2020 02:20:46 GMT"
        ],
        "Content-Length": [
          "108"
        ],
        "Content-Type": [
          "application/json; charset=utf-8"
        ],
        "Expires": [
          "-1"
        ]
      },
      "ResponseBody": "{\r\n  \"name\": \"c37ac0ea-8180-4abe-8a75-c096e04729de\",\r\n  \"status\": \"InProgress\",\r\n  \"startTime\": \"2020-09-14T02:20:43.793Z\"\r\n}",
      "StatusCode": 200
    },
    {
      "RequestUri": "/subscriptions/412b782d-2511-4c6d-98f2-3ea01b1c83c3/resourceGroups/ps548/providers/Microsoft.Sql/locations/southeastasia/serverAzureAsyncOperation/c37ac0ea-8180-4abe-8a75-c096e04729de?api-version=2019-06-01-preview",
      "EncodedRequestUri": "L3N1YnNjcmlwdGlvbnMvNDEyYjc4MmQtMjUxMS00YzZkLTk4ZjItM2VhMDFiMWM4M2MzL3Jlc291cmNlR3JvdXBzL3BzNTQ4L3Byb3ZpZGVycy9NaWNyb3NvZnQuU3FsL2xvY2F0aW9ucy9zb3V0aGVhc3Rhc2lhL3NlcnZlckF6dXJlQXN5bmNPcGVyYXRpb24vYzM3YWMwZWEtODE4MC00YWJlLThhNzUtYzA5NmUwNDcyOWRlP2FwaS12ZXJzaW9uPTIwMTktMDYtMDEtcHJldmlldw==",
      "RequestMethod": "GET",
      "RequestBody": "",
      "RequestHeaders": {
        "User-Agent": [
          "FxVersion/4.6.29130.01",
          "OSName/Windows",
          "OSVersion/Microsoft.Windows.10.0.14393.",
          "Microsoft.Azure.Management.Sql.SqlManagementClient/1.44.2.0"
        ]
      },
      "ResponseHeaders": {
        "Cache-Control": [
          "no-cache"
        ],
        "Pragma": [
          "no-cache"
        ],
        "Retry-After": [
          "1"
        ],
        "x-ms-request-id": [
          "e90375c4-5164-4cff-a1b6-cd387e7f02bc"
        ],
        "Server": [
          "Microsoft-HTTPAPI/2.0"
        ],
        "x-ms-ratelimit-remaining-subscription-reads": [
          "11996"
        ],
        "x-ms-correlation-request-id": [
          "8b665e5a-6a18-4527-b90c-5a356a5f2b46"
        ],
        "x-ms-routing-request-id": [
          "WESTUS:20200914T022047Z:8b665e5a-6a18-4527-b90c-5a356a5f2b46"
        ],
        "Strict-Transport-Security": [
          "max-age=31536000; includeSubDomains"
        ],
        "X-Content-Type-Options": [
          "nosniff"
        ],
        "Date": [
          "Mon, 14 Sep 2020 02:20:47 GMT"
        ],
        "Content-Length": [
          "108"
        ],
        "Content-Type": [
          "application/json; charset=utf-8"
        ],
        "Expires": [
          "-1"
        ]
      },
      "ResponseBody": "{\r\n  \"name\": \"c37ac0ea-8180-4abe-8a75-c096e04729de\",\r\n  \"status\": \"InProgress\",\r\n  \"startTime\": \"2020-09-14T02:20:43.793Z\"\r\n}",
      "StatusCode": 200
    },
    {
      "RequestUri": "/subscriptions/412b782d-2511-4c6d-98f2-3ea01b1c83c3/resourceGroups/ps548/providers/Microsoft.Sql/locations/southeastasia/serverAzureAsyncOperation/c37ac0ea-8180-4abe-8a75-c096e04729de?api-version=2019-06-01-preview",
      "EncodedRequestUri": "L3N1YnNjcmlwdGlvbnMvNDEyYjc4MmQtMjUxMS00YzZkLTk4ZjItM2VhMDFiMWM4M2MzL3Jlc291cmNlR3JvdXBzL3BzNTQ4L3Byb3ZpZGVycy9NaWNyb3NvZnQuU3FsL2xvY2F0aW9ucy9zb3V0aGVhc3Rhc2lhL3NlcnZlckF6dXJlQXN5bmNPcGVyYXRpb24vYzM3YWMwZWEtODE4MC00YWJlLThhNzUtYzA5NmUwNDcyOWRlP2FwaS12ZXJzaW9uPTIwMTktMDYtMDEtcHJldmlldw==",
      "RequestMethod": "GET",
      "RequestBody": "",
      "RequestHeaders": {
        "User-Agent": [
          "FxVersion/4.6.29130.01",
          "OSName/Windows",
          "OSVersion/Microsoft.Windows.10.0.14393.",
          "Microsoft.Azure.Management.Sql.SqlManagementClient/1.44.2.0"
        ]
      },
      "ResponseHeaders": {
        "Cache-Control": [
          "no-cache"
        ],
        "Pragma": [
          "no-cache"
        ],
        "Retry-After": [
          "1"
        ],
        "x-ms-request-id": [
          "ad3df921-651a-4e33-8669-90caac6294e3"
        ],
        "Server": [
          "Microsoft-HTTPAPI/2.0"
        ],
        "x-ms-ratelimit-remaining-subscription-reads": [
          "11995"
        ],
        "x-ms-correlation-request-id": [
          "b465b05f-52b5-4590-9dd9-59d0a43f373f"
        ],
        "x-ms-routing-request-id": [
          "WESTUS:20200914T022048Z:b465b05f-52b5-4590-9dd9-59d0a43f373f"
        ],
        "Strict-Transport-Security": [
          "max-age=31536000; includeSubDomains"
        ],
        "X-Content-Type-Options": [
          "nosniff"
        ],
        "Date": [
          "Mon, 14 Sep 2020 02:20:48 GMT"
        ],
        "Content-Length": [
          "108"
        ],
        "Content-Type": [
          "application/json; charset=utf-8"
        ],
        "Expires": [
          "-1"
        ]
      },
      "ResponseBody": "{\r\n  \"name\": \"c37ac0ea-8180-4abe-8a75-c096e04729de\",\r\n  \"status\": \"InProgress\",\r\n  \"startTime\": \"2020-09-14T02:20:43.793Z\"\r\n}",
      "StatusCode": 200
    },
    {
      "RequestUri": "/subscriptions/412b782d-2511-4c6d-98f2-3ea01b1c83c3/resourceGroups/ps548/providers/Microsoft.Sql/locations/southeastasia/serverAzureAsyncOperation/c37ac0ea-8180-4abe-8a75-c096e04729de?api-version=2019-06-01-preview",
      "EncodedRequestUri": "L3N1YnNjcmlwdGlvbnMvNDEyYjc4MmQtMjUxMS00YzZkLTk4ZjItM2VhMDFiMWM4M2MzL3Jlc291cmNlR3JvdXBzL3BzNTQ4L3Byb3ZpZGVycy9NaWNyb3NvZnQuU3FsL2xvY2F0aW9ucy9zb3V0aGVhc3Rhc2lhL3NlcnZlckF6dXJlQXN5bmNPcGVyYXRpb24vYzM3YWMwZWEtODE4MC00YWJlLThhNzUtYzA5NmUwNDcyOWRlP2FwaS12ZXJzaW9uPTIwMTktMDYtMDEtcHJldmlldw==",
      "RequestMethod": "GET",
      "RequestBody": "",
      "RequestHeaders": {
        "User-Agent": [
          "FxVersion/4.6.29130.01",
          "OSName/Windows",
          "OSVersion/Microsoft.Windows.10.0.14393.",
          "Microsoft.Azure.Management.Sql.SqlManagementClient/1.44.2.0"
        ]
      },
      "ResponseHeaders": {
        "Cache-Control": [
          "no-cache"
        ],
        "Pragma": [
          "no-cache"
        ],
        "Retry-After": [
          "20"
        ],
        "x-ms-request-id": [
          "aa47ae80-aec4-43cd-bb47-9ea478f70958"
        ],
        "Server": [
          "Microsoft-HTTPAPI/2.0"
        ],
        "x-ms-ratelimit-remaining-subscription-reads": [
          "11994"
        ],
        "x-ms-correlation-request-id": [
          "798a3294-2e5c-4a0c-b53a-34e3285c43aa"
        ],
        "x-ms-routing-request-id": [
          "WESTUS:20200914T022050Z:798a3294-2e5c-4a0c-b53a-34e3285c43aa"
        ],
        "Strict-Transport-Security": [
          "max-age=31536000; includeSubDomains"
        ],
        "X-Content-Type-Options": [
          "nosniff"
        ],
        "Date": [
          "Mon, 14 Sep 2020 02:20:49 GMT"
        ],
        "Content-Length": [
          "108"
        ],
        "Content-Type": [
          "application/json; charset=utf-8"
        ],
        "Expires": [
          "-1"
        ]
      },
      "ResponseBody": "{\r\n  \"name\": \"c37ac0ea-8180-4abe-8a75-c096e04729de\",\r\n  \"status\": \"InProgress\",\r\n  \"startTime\": \"2020-09-14T02:20:43.793Z\"\r\n}",
      "StatusCode": 200
    },
    {
      "RequestUri": "/subscriptions/412b782d-2511-4c6d-98f2-3ea01b1c83c3/resourceGroups/ps548/providers/Microsoft.Sql/locations/southeastasia/serverAzureAsyncOperation/c37ac0ea-8180-4abe-8a75-c096e04729de?api-version=2019-06-01-preview",
      "EncodedRequestUri": "L3N1YnNjcmlwdGlvbnMvNDEyYjc4MmQtMjUxMS00YzZkLTk4ZjItM2VhMDFiMWM4M2MzL3Jlc291cmNlR3JvdXBzL3BzNTQ4L3Byb3ZpZGVycy9NaWNyb3NvZnQuU3FsL2xvY2F0aW9ucy9zb3V0aGVhc3Rhc2lhL3NlcnZlckF6dXJlQXN5bmNPcGVyYXRpb24vYzM3YWMwZWEtODE4MC00YWJlLThhNzUtYzA5NmUwNDcyOWRlP2FwaS12ZXJzaW9uPTIwMTktMDYtMDEtcHJldmlldw==",
      "RequestMethod": "GET",
      "RequestBody": "",
      "RequestHeaders": {
        "User-Agent": [
          "FxVersion/4.6.29130.01",
          "OSName/Windows",
          "OSVersion/Microsoft.Windows.10.0.14393.",
          "Microsoft.Azure.Management.Sql.SqlManagementClient/1.44.2.0"
        ]
      },
      "ResponseHeaders": {
        "Cache-Control": [
          "no-cache"
        ],
        "Pragma": [
          "no-cache"
        ],
        "Retry-After": [
          "20"
        ],
        "x-ms-request-id": [
          "eea93581-6a0e-4181-ba2e-588507917929"
        ],
        "Server": [
          "Microsoft-HTTPAPI/2.0"
        ],
        "x-ms-ratelimit-remaining-subscription-reads": [
          "11993"
        ],
        "x-ms-correlation-request-id": [
          "03b3dba8-4f46-4b8f-ba2b-88e9f94c865e"
        ],
        "x-ms-routing-request-id": [
          "WESTUS:20200914T022110Z:03b3dba8-4f46-4b8f-ba2b-88e9f94c865e"
        ],
        "Strict-Transport-Security": [
          "max-age=31536000; includeSubDomains"
        ],
        "X-Content-Type-Options": [
          "nosniff"
        ],
        "Date": [
          "Mon, 14 Sep 2020 02:21:10 GMT"
        ],
        "Content-Length": [
          "108"
        ],
        "Content-Type": [
          "application/json; charset=utf-8"
        ],
        "Expires": [
          "-1"
        ]
      },
      "ResponseBody": "{\r\n  \"name\": \"c37ac0ea-8180-4abe-8a75-c096e04729de\",\r\n  \"status\": \"InProgress\",\r\n  \"startTime\": \"2020-09-14T02:20:43.793Z\"\r\n}",
      "StatusCode": 200
    },
    {
      "RequestUri": "/subscriptions/412b782d-2511-4c6d-98f2-3ea01b1c83c3/resourceGroups/ps548/providers/Microsoft.Sql/locations/southeastasia/serverAzureAsyncOperation/c37ac0ea-8180-4abe-8a75-c096e04729de?api-version=2019-06-01-preview",
      "EncodedRequestUri": "L3N1YnNjcmlwdGlvbnMvNDEyYjc4MmQtMjUxMS00YzZkLTk4ZjItM2VhMDFiMWM4M2MzL3Jlc291cmNlR3JvdXBzL3BzNTQ4L3Byb3ZpZGVycy9NaWNyb3NvZnQuU3FsL2xvY2F0aW9ucy9zb3V0aGVhc3Rhc2lhL3NlcnZlckF6dXJlQXN5bmNPcGVyYXRpb24vYzM3YWMwZWEtODE4MC00YWJlLThhNzUtYzA5NmUwNDcyOWRlP2FwaS12ZXJzaW9uPTIwMTktMDYtMDEtcHJldmlldw==",
      "RequestMethod": "GET",
      "RequestBody": "",
      "RequestHeaders": {
        "User-Agent": [
          "FxVersion/4.6.29130.01",
          "OSName/Windows",
          "OSVersion/Microsoft.Windows.10.0.14393.",
          "Microsoft.Azure.Management.Sql.SqlManagementClient/1.44.2.0"
        ]
      },
      "ResponseHeaders": {
        "Cache-Control": [
          "no-cache"
        ],
        "Pragma": [
          "no-cache"
        ],
        "Retry-After": [
          "15"
        ],
        "x-ms-request-id": [
          "72d221ea-ca9c-481e-abea-e897d39a9004"
        ],
        "Server": [
          "Microsoft-HTTPAPI/2.0"
        ],
        "x-ms-ratelimit-remaining-subscription-reads": [
          "11992"
        ],
        "x-ms-correlation-request-id": [
          "c17f517c-7cda-4403-b6c2-bb9f9a10177b"
        ],
        "x-ms-routing-request-id": [
          "WESTUS:20200914T022131Z:c17f517c-7cda-4403-b6c2-bb9f9a10177b"
        ],
        "Strict-Transport-Security": [
          "max-age=31536000; includeSubDomains"
        ],
        "X-Content-Type-Options": [
          "nosniff"
        ],
        "Date": [
          "Mon, 14 Sep 2020 02:21:30 GMT"
        ],
        "Content-Length": [
          "107"
        ],
        "Content-Type": [
          "application/json; charset=utf-8"
        ],
        "Expires": [
          "-1"
        ]
      },
      "ResponseBody": "{\r\n  \"name\": \"c37ac0ea-8180-4abe-8a75-c096e04729de\",\r\n  \"status\": \"Succeeded\",\r\n  \"startTime\": \"2020-09-14T02:20:43.793Z\"\r\n}",
      "StatusCode": 200
    },
    {
      "RequestUri": "/subscriptions/412b782d-2511-4c6d-98f2-3ea01b1c83c3/resourceGroups/ps548/providers/Microsoft.Sql/servers/ps3198/databases/ps2654?api-version=2019-06-01-preview",
      "EncodedRequestUri": "L3N1YnNjcmlwdGlvbnMvNDEyYjc4MmQtMjUxMS00YzZkLTk4ZjItM2VhMDFiMWM4M2MzL3Jlc291cmNlR3JvdXBzL3BzNTQ4L3Byb3ZpZGVycy9NaWNyb3NvZnQuU3FsL3NlcnZlcnMvcHMzMTk4L2RhdGFiYXNlcy9wczI2NTQ/YXBpLXZlcnNpb249MjAxOS0wNi0wMS1wcmV2aWV3",
      "RequestMethod": "GET",
      "RequestBody": "",
      "RequestHeaders": {
        "x-ms-client-request-id": [
          "421dac96-3bba-4776-9ef1-b100a2e48162"
        ],
        "Accept-Language": [
          "en-US"
        ],
        "User-Agent": [
          "FxVersion/4.6.29130.01",
          "OSName/Windows",
          "OSVersion/Microsoft.Windows.10.0.14393.",
          "Microsoft.Azure.Management.Sql.SqlManagementClient/1.44.2.0"
        ]
      },
      "ResponseHeaders": {
        "Cache-Control": [
          "no-cache"
        ],
        "Pragma": [
          "no-cache"
        ],
        "x-ms-failure-cause": [
          "gateway"
        ],
        "x-ms-request-id": [
          "c3977e50-e5a7-4059-ae76-a84988d76c78"
        ],
        "x-ms-correlation-request-id": [
          "c3977e50-e5a7-4059-ae76-a84988d76c78"
        ],
        "x-ms-routing-request-id": [
          "WESTUS:20200914T022131Z:c3977e50-e5a7-4059-ae76-a84988d76c78"
        ],
        "Strict-Transport-Security": [
          "max-age=31536000; includeSubDomains"
        ],
        "X-Content-Type-Options": [
          "nosniff"
        ],
        "Date": [
          "Mon, 14 Sep 2020 02:21:31 GMT"
        ],
        "Content-Type": [
          "application/json; charset=utf-8"
        ],
        "Expires": [
          "-1"
        ],
        "Content-Length": [
          "222"
        ]
      },
      "ResponseBody": "{\r\n  \"error\": {\r\n    \"code\": \"ResourceNotFound\",\r\n    \"message\": \"The Resource 'Microsoft.Sql/servers/ps3198/databases/ps2654' under resource group 'ps548' was not found. For more details please go to https://aka.ms/ARMResourceNotFoundFix\"\r\n  }\r\n}",
      "StatusCode": 404
    },
    {
      "RequestUri": "/subscriptions/412b782d-2511-4c6d-98f2-3ea01b1c83c3/resourceGroups/ps548/providers/Microsoft.Sql/servers/ps3198/databases/ps2654?api-version=2019-06-01-preview",
      "EncodedRequestUri": "L3N1YnNjcmlwdGlvbnMvNDEyYjc4MmQtMjUxMS00YzZkLTk4ZjItM2VhMDFiMWM4M2MzL3Jlc291cmNlR3JvdXBzL3BzNTQ4L3Byb3ZpZGVycy9NaWNyb3NvZnQuU3FsL3NlcnZlcnMvcHMzMTk4L2RhdGFiYXNlcy9wczI2NTQ/YXBpLXZlcnNpb249MjAxOS0wNi0wMS1wcmV2aWV3",
      "RequestMethod": "GET",
      "RequestBody": "",
      "RequestHeaders": {
        "User-Agent": [
          "FxVersion/4.6.29130.01",
          "OSName/Windows",
          "OSVersion/Microsoft.Windows.10.0.14393.",
          "Microsoft.Azure.Management.Sql.SqlManagementClient/1.44.2.0"
        ]
      },
      "ResponseHeaders": {
        "Cache-Control": [
          "no-cache"
        ],
        "Pragma": [
          "no-cache"
        ],
        "x-ms-request-id": [
          "702d94b4-8712-46d7-9136-6b212ab41973"
        ],
        "Server": [
          "Microsoft-HTTPAPI/2.0"
        ],
        "x-ms-ratelimit-remaining-subscription-reads": [
          "11983"
        ],
        "x-ms-correlation-request-id": [
          "5ac966c5-9078-4e28-8b6b-e9a0899bb33f"
        ],
        "x-ms-routing-request-id": [
          "WESTUS:20200914T022234Z:5ac966c5-9078-4e28-8b6b-e9a0899bb33f"
        ],
        "Strict-Transport-Security": [
          "max-age=31536000; includeSubDomains"
        ],
        "X-Content-Type-Options": [
          "nosniff"
        ],
        "Date": [
          "Mon, 14 Sep 2020 02:22:33 GMT"
        ],
        "Content-Length": [
          "861"
        ],
        "Content-Type": [
          "application/json; charset=utf-8"
        ],
        "Expires": [
          "-1"
        ]
      },
      "ResponseBody": "{\r\n  \"sku\": {\r\n    \"name\": \"Premium\",\r\n    \"tier\": \"Premium\",\r\n    \"capacity\": 125\r\n  },\r\n  \"kind\": \"v12.0,user\",\r\n  \"properties\": {\r\n    \"collation\": \"SQL_Latin1_General_CP1_CI_AS\",\r\n    \"maxSizeBytes\": 536870912000,\r\n    \"status\": \"Online\",\r\n    \"databaseId\": \"c6b575f9-2e77-4577-9697-0143c2d2464c\",\r\n    \"creationDate\": \"2020-09-14T02:22:31.497Z\",\r\n    \"currentServiceObjectiveName\": \"P1\",\r\n    \"requestedServiceObjectiveName\": \"P1\",\r\n    \"defaultSecondaryLocation\": \"eastasia\",\r\n    \"catalogCollation\": \"SQL_Latin1_General_CP1_CI_AS\",\r\n    \"zoneRedundant\": false,\r\n    \"earliestRestoreDate\": \"2020-09-14T02:52:31.497Z\",\r\n    \"readScale\": \"Enabled\",\r\n    \"readReplicaCount\": 1,\r\n    \"currentSku\": {\r\n      \"name\": \"Premium\",\r\n      \"tier\": \"Premium\",\r\n      \"capacity\": 125\r\n    },\r\n    \"storageAccountType\": \"GRS\"\r\n  },\r\n  \"location\": \"southeastasia\",\r\n  \"id\": \"/subscriptions/412b782d-2511-4c6d-98f2-3ea01b1c83c3/resourceGroups/ps548/providers/Microsoft.Sql/servers/ps3198/databases/ps2654\",\r\n  \"name\": \"ps2654\",\r\n  \"type\": \"Microsoft.Sql/servers/databases\"\r\n}",
      "StatusCode": 200
    },
    {
      "RequestUri": "/subscriptions/412b782d-2511-4c6d-98f2-3ea01b1c83c3/resourceGroups/ps548/providers/Microsoft.Sql/servers/ps3198/databases/ps2654?api-version=2019-06-01-preview",
      "EncodedRequestUri": "L3N1YnNjcmlwdGlvbnMvNDEyYjc4MmQtMjUxMS00YzZkLTk4ZjItM2VhMDFiMWM4M2MzL3Jlc291cmNlR3JvdXBzL3BzNTQ4L3Byb3ZpZGVycy9NaWNyb3NvZnQuU3FsL3NlcnZlcnMvcHMzMTk4L2RhdGFiYXNlcy9wczI2NTQ/YXBpLXZlcnNpb249MjAxOS0wNi0wMS1wcmV2aWV3",
      "RequestMethod": "GET",
      "RequestBody": "",
      "RequestHeaders": {
        "x-ms-client-request-id": [
          "2e22e066-0e56-4c25-8b65-abe300fec0da"
        ],
        "Accept-Language": [
          "en-US"
        ],
        "User-Agent": [
          "FxVersion/4.6.29130.01",
          "OSName/Windows",
          "OSVersion/Microsoft.Windows.10.0.14393.",
          "Microsoft.Azure.Management.Sql.SqlManagementClient/1.44.2.0"
        ]
      },
      "ResponseHeaders": {
        "Cache-Control": [
          "no-cache"
        ],
        "Pragma": [
          "no-cache"
        ],
        "x-ms-request-id": [
          "b03e9ce4-c4f7-48fa-ab5f-29949ab0fa54"
        ],
        "Server": [
          "Microsoft-HTTPAPI/2.0"
        ],
        "x-ms-ratelimit-remaining-subscription-reads": [
          "11982"
        ],
        "x-ms-correlation-request-id": [
          "c143d7cf-a36f-4575-9b39-d3cf286b47dd"
        ],
        "x-ms-routing-request-id": [
          "WESTUS:20200914T022234Z:c143d7cf-a36f-4575-9b39-d3cf286b47dd"
        ],
        "Strict-Transport-Security": [
          "max-age=31536000; includeSubDomains"
        ],
        "X-Content-Type-Options": [
          "nosniff"
        ],
        "Date": [
          "Mon, 14 Sep 2020 02:22:33 GMT"
        ],
        "Content-Length": [
          "861"
        ],
        "Content-Type": [
          "application/json; charset=utf-8"
        ],
        "Expires": [
          "-1"
        ]
      },
      "ResponseBody": "{\r\n  \"sku\": {\r\n    \"name\": \"Premium\",\r\n    \"tier\": \"Premium\",\r\n    \"capacity\": 125\r\n  },\r\n  \"kind\": \"v12.0,user\",\r\n  \"properties\": {\r\n    \"collation\": \"SQL_Latin1_General_CP1_CI_AS\",\r\n    \"maxSizeBytes\": 536870912000,\r\n    \"status\": \"Online\",\r\n    \"databaseId\": \"c6b575f9-2e77-4577-9697-0143c2d2464c\",\r\n    \"creationDate\": \"2020-09-14T02:22:31.497Z\",\r\n    \"currentServiceObjectiveName\": \"P1\",\r\n    \"requestedServiceObjectiveName\": \"P1\",\r\n    \"defaultSecondaryLocation\": \"eastasia\",\r\n    \"catalogCollation\": \"SQL_Latin1_General_CP1_CI_AS\",\r\n    \"zoneRedundant\": false,\r\n    \"earliestRestoreDate\": \"2020-09-14T02:52:31.497Z\",\r\n    \"readScale\": \"Enabled\",\r\n    \"readReplicaCount\": 1,\r\n    \"currentSku\": {\r\n      \"name\": \"Premium\",\r\n      \"tier\": \"Premium\",\r\n      \"capacity\": 125\r\n    },\r\n    \"storageAccountType\": \"GRS\"\r\n  },\r\n  \"location\": \"southeastasia\",\r\n  \"id\": \"/subscriptions/412b782d-2511-4c6d-98f2-3ea01b1c83c3/resourceGroups/ps548/providers/Microsoft.Sql/servers/ps3198/databases/ps2654\",\r\n  \"name\": \"ps2654\",\r\n  \"type\": \"Microsoft.Sql/servers/databases\"\r\n}",
      "StatusCode": 200
    },
    {
      "RequestUri": "/subscriptions/412b782d-2511-4c6d-98f2-3ea01b1c83c3/resourceGroups/ps548/providers/Microsoft.Sql/servers/ps3198/databases/ps2654?api-version=2019-06-01-preview",
      "EncodedRequestUri": "L3N1YnNjcmlwdGlvbnMvNDEyYjc4MmQtMjUxMS00YzZkLTk4ZjItM2VhMDFiMWM4M2MzL3Jlc291cmNlR3JvdXBzL3BzNTQ4L3Byb3ZpZGVycy9NaWNyb3NvZnQuU3FsL3NlcnZlcnMvcHMzMTk4L2RhdGFiYXNlcy9wczI2NTQ/YXBpLXZlcnNpb249MjAxOS0wNi0wMS1wcmV2aWV3",
      "RequestMethod": "GET",
      "RequestBody": "",
      "RequestHeaders": {
        "x-ms-client-request-id": [
          "d83beb74-88d6-491e-8c33-7b0fc5b47f98"
        ],
        "Accept-Language": [
          "en-US"
        ],
        "User-Agent": [
          "FxVersion/4.6.29130.01",
          "OSName/Windows",
          "OSVersion/Microsoft.Windows.10.0.14393.",
          "Microsoft.Azure.Management.Sql.SqlManagementClient/1.44.2.0"
        ]
      },
      "ResponseHeaders": {
        "Cache-Control": [
          "no-cache"
        ],
        "Pragma": [
          "no-cache"
        ],
        "x-ms-request-id": [
          "98f13da7-154a-452d-b680-0bf8cc922840"
        ],
        "Server": [
          "Microsoft-HTTPAPI/2.0"
        ],
        "x-ms-ratelimit-remaining-subscription-reads": [
          "11981"
        ],
        "x-ms-correlation-request-id": [
          "39031944-5053-41ca-9eb4-b4aa9e8c9296"
        ],
        "x-ms-routing-request-id": [
          "WESTUS:20200914T022235Z:39031944-5053-41ca-9eb4-b4aa9e8c9296"
        ],
        "Strict-Transport-Security": [
          "max-age=31536000; includeSubDomains"
        ],
        "X-Content-Type-Options": [
          "nosniff"
        ],
        "Date": [
          "Mon, 14 Sep 2020 02:22:34 GMT"
        ],
        "Content-Length": [
          "861"
        ],
        "Content-Type": [
          "application/json; charset=utf-8"
        ],
        "Expires": [
          "-1"
        ]
      },
      "ResponseBody": "{\r\n  \"sku\": {\r\n    \"name\": \"Premium\",\r\n    \"tier\": \"Premium\",\r\n    \"capacity\": 125\r\n  },\r\n  \"kind\": \"v12.0,user\",\r\n  \"properties\": {\r\n    \"collation\": \"SQL_Latin1_General_CP1_CI_AS\",\r\n    \"maxSizeBytes\": 536870912000,\r\n    \"status\": \"Online\",\r\n    \"databaseId\": \"c6b575f9-2e77-4577-9697-0143c2d2464c\",\r\n    \"creationDate\": \"2020-09-14T02:22:31.497Z\",\r\n    \"currentServiceObjectiveName\": \"P1\",\r\n    \"requestedServiceObjectiveName\": \"P1\",\r\n    \"defaultSecondaryLocation\": \"eastasia\",\r\n    \"catalogCollation\": \"SQL_Latin1_General_CP1_CI_AS\",\r\n    \"zoneRedundant\": false,\r\n    \"earliestRestoreDate\": \"2020-09-14T02:52:31.497Z\",\r\n    \"readScale\": \"Enabled\",\r\n    \"readReplicaCount\": 1,\r\n    \"currentSku\": {\r\n      \"name\": \"Premium\",\r\n      \"tier\": \"Premium\",\r\n      \"capacity\": 125\r\n    },\r\n    \"storageAccountType\": \"GRS\"\r\n  },\r\n  \"location\": \"southeastasia\",\r\n  \"id\": \"/subscriptions/412b782d-2511-4c6d-98f2-3ea01b1c83c3/resourceGroups/ps548/providers/Microsoft.Sql/servers/ps3198/databases/ps2654\",\r\n  \"name\": \"ps2654\",\r\n  \"type\": \"Microsoft.Sql/servers/databases\"\r\n}",
      "StatusCode": 200
    },
    {
      "RequestUri": "/subscriptions/412b782d-2511-4c6d-98f2-3ea01b1c83c3/resourceGroups/ps548/providers/Microsoft.Sql/servers/ps3198/databases/ps2654?api-version=2019-06-01-preview",
      "EncodedRequestUri": "L3N1YnNjcmlwdGlvbnMvNDEyYjc4MmQtMjUxMS00YzZkLTk4ZjItM2VhMDFiMWM4M2MzL3Jlc291cmNlR3JvdXBzL3BzNTQ4L3Byb3ZpZGVycy9NaWNyb3NvZnQuU3FsL3NlcnZlcnMvcHMzMTk4L2RhdGFiYXNlcy9wczI2NTQ/YXBpLXZlcnNpb249MjAxOS0wNi0wMS1wcmV2aWV3",
      "RequestMethod": "GET",
      "RequestBody": "",
      "RequestHeaders": {
        "x-ms-client-request-id": [
          "79077bb5-3661-47ba-9510-423c7db4e9f9"
        ],
        "Accept-Language": [
          "en-US"
        ],
        "User-Agent": [
          "FxVersion/4.6.29130.01",
          "OSName/Windows",
          "OSVersion/Microsoft.Windows.10.0.14393.",
          "Microsoft.Azure.Management.Sql.SqlManagementClient/1.44.2.0"
        ]
      },
      "ResponseHeaders": {
        "Cache-Control": [
          "no-cache"
        ],
        "Pragma": [
          "no-cache"
        ],
        "x-ms-request-id": [
          "53925ed0-537c-4266-b6bb-cc95f39fb263"
        ],
        "Server": [
          "Microsoft-HTTPAPI/2.0"
        ],
        "x-ms-ratelimit-remaining-subscription-reads": [
          "11980"
        ],
        "x-ms-correlation-request-id": [
          "18d5aa2d-082d-4ca5-98d5-afbfd3ad6ca6"
        ],
        "x-ms-routing-request-id": [
          "WESTUS:20200914T022235Z:18d5aa2d-082d-4ca5-98d5-afbfd3ad6ca6"
        ],
        "Strict-Transport-Security": [
          "max-age=31536000; includeSubDomains"
        ],
        "X-Content-Type-Options": [
          "nosniff"
        ],
        "Date": [
          "Mon, 14 Sep 2020 02:22:34 GMT"
        ],
        "Content-Length": [
          "861"
        ],
        "Content-Type": [
          "application/json; charset=utf-8"
        ],
        "Expires": [
          "-1"
        ]
      },
      "ResponseBody": "{\r\n  \"sku\": {\r\n    \"name\": \"Premium\",\r\n    \"tier\": \"Premium\",\r\n    \"capacity\": 125\r\n  },\r\n  \"kind\": \"v12.0,user\",\r\n  \"properties\": {\r\n    \"collation\": \"SQL_Latin1_General_CP1_CI_AS\",\r\n    \"maxSizeBytes\": 536870912000,\r\n    \"status\": \"Online\",\r\n    \"databaseId\": \"c6b575f9-2e77-4577-9697-0143c2d2464c\",\r\n    \"creationDate\": \"2020-09-14T02:22:31.497Z\",\r\n    \"currentServiceObjectiveName\": \"P1\",\r\n    \"requestedServiceObjectiveName\": \"P1\",\r\n    \"defaultSecondaryLocation\": \"eastasia\",\r\n    \"catalogCollation\": \"SQL_Latin1_General_CP1_CI_AS\",\r\n    \"zoneRedundant\": false,\r\n    \"earliestRestoreDate\": \"2020-09-14T02:52:31.497Z\",\r\n    \"readScale\": \"Enabled\",\r\n    \"readReplicaCount\": 1,\r\n    \"currentSku\": {\r\n      \"name\": \"Premium\",\r\n      \"tier\": \"Premium\",\r\n      \"capacity\": 125\r\n    },\r\n    \"storageAccountType\": \"GRS\"\r\n  },\r\n  \"location\": \"southeastasia\",\r\n  \"id\": \"/subscriptions/412b782d-2511-4c6d-98f2-3ea01b1c83c3/resourceGroups/ps548/providers/Microsoft.Sql/servers/ps3198/databases/ps2654\",\r\n  \"name\": \"ps2654\",\r\n  \"type\": \"Microsoft.Sql/servers/databases\"\r\n}",
      "StatusCode": 200
    },
    {
      "RequestUri": "/subscriptions/412b782d-2511-4c6d-98f2-3ea01b1c83c3/resourceGroups/ps548/providers/Microsoft.Sql/servers/ps3198/databases/ps2654?api-version=2019-06-01-preview",
      "EncodedRequestUri": "L3N1YnNjcmlwdGlvbnMvNDEyYjc4MmQtMjUxMS00YzZkLTk4ZjItM2VhMDFiMWM4M2MzL3Jlc291cmNlR3JvdXBzL3BzNTQ4L3Byb3ZpZGVycy9NaWNyb3NvZnQuU3FsL3NlcnZlcnMvcHMzMTk4L2RhdGFiYXNlcy9wczI2NTQ/YXBpLXZlcnNpb249MjAxOS0wNi0wMS1wcmV2aWV3",
      "RequestMethod": "GET",
      "RequestBody": "",
      "RequestHeaders": {
        "User-Agent": [
          "FxVersion/4.6.29130.01",
          "OSName/Windows",
          "OSVersion/Microsoft.Windows.10.0.14393.",
          "Microsoft.Azure.Management.Sql.SqlManagementClient/1.44.2.0"
        ]
      },
      "ResponseHeaders": {
        "Cache-Control": [
          "no-cache"
        ],
        "Pragma": [
          "no-cache"
        ],
        "x-ms-request-id": [
          "fee9b99c-f622-4798-9d5c-528b15223826"
        ],
        "Server": [
          "Microsoft-HTTPAPI/2.0"
        ],
        "x-ms-ratelimit-remaining-subscription-reads": [
          "11978"
        ],
        "x-ms-correlation-request-id": [
          "02393aa7-a850-4bdd-b5f2-958391bd23cf"
        ],
        "x-ms-routing-request-id": [
          "WESTUS:20200914T022251Z:02393aa7-a850-4bdd-b5f2-958391bd23cf"
        ],
        "Strict-Transport-Security": [
          "max-age=31536000; includeSubDomains"
        ],
        "X-Content-Type-Options": [
          "nosniff"
        ],
        "Date": [
          "Mon, 14 Sep 2020 02:22:51 GMT"
        ],
        "Content-Length": [
          "862"
        ],
        "Content-Type": [
          "application/json; charset=utf-8"
        ],
        "Expires": [
          "-1"
        ]
      },
      "ResponseBody": "{\r\n  \"sku\": {\r\n    \"name\": \"Premium\",\r\n    \"tier\": \"Premium\",\r\n    \"capacity\": 125\r\n  },\r\n  \"kind\": \"v12.0,user\",\r\n  \"properties\": {\r\n    \"collation\": \"SQL_Latin1_General_CP1_CI_AS\",\r\n    \"maxSizeBytes\": 536870912000,\r\n    \"status\": \"Online\",\r\n    \"databaseId\": \"c6b575f9-2e77-4577-9697-0143c2d2464c\",\r\n    \"creationDate\": \"2020-09-14T02:22:31.497Z\",\r\n    \"currentServiceObjectiveName\": \"P1\",\r\n    \"requestedServiceObjectiveName\": \"P1\",\r\n    \"defaultSecondaryLocation\": \"eastasia\",\r\n    \"catalogCollation\": \"SQL_Latin1_General_CP1_CI_AS\",\r\n    \"zoneRedundant\": false,\r\n    \"earliestRestoreDate\": \"2020-09-14T02:52:31.497Z\",\r\n    \"readScale\": \"Disabled\",\r\n    \"readReplicaCount\": 0,\r\n    \"currentSku\": {\r\n      \"name\": \"Premium\",\r\n      \"tier\": \"Premium\",\r\n      \"capacity\": 125\r\n    },\r\n    \"storageAccountType\": \"GRS\"\r\n  },\r\n  \"location\": \"southeastasia\",\r\n  \"id\": \"/subscriptions/412b782d-2511-4c6d-98f2-3ea01b1c83c3/resourceGroups/ps548/providers/Microsoft.Sql/servers/ps3198/databases/ps2654\",\r\n  \"name\": \"ps2654\",\r\n  \"type\": \"Microsoft.Sql/servers/databases\"\r\n}",
      "StatusCode": 200
    },
    {
      "RequestUri": "/subscriptions/412b782d-2511-4c6d-98f2-3ea01b1c83c3/resourceGroups/ps548/providers/Microsoft.Sql/servers/ps3198/databases/ps2654?api-version=2019-06-01-preview",
      "EncodedRequestUri": "L3N1YnNjcmlwdGlvbnMvNDEyYjc4MmQtMjUxMS00YzZkLTk4ZjItM2VhMDFiMWM4M2MzL3Jlc291cmNlR3JvdXBzL3BzNTQ4L3Byb3ZpZGVycy9NaWNyb3NvZnQuU3FsL3NlcnZlcnMvcHMzMTk4L2RhdGFiYXNlcy9wczI2NTQ/YXBpLXZlcnNpb249MjAxOS0wNi0wMS1wcmV2aWV3",
      "RequestMethod": "PUT",
      "RequestBody": "{\r\n  \"sku\": {\r\n    \"name\": \"Premium\",\r\n    \"tier\": \"Premium\"\r\n  },\r\n  \"properties\": {\r\n    \"maxSizeBytes\": 0,\r\n    \"readScale\": \"\"\r\n  },\r\n  \"location\": \"southeastasia\"\r\n}",
      "RequestHeaders": {
        "x-ms-client-request-id": [
          "57be69e5-714f-4291-ab48-fea36faec84e"
        ],
        "Accept-Language": [
          "en-US"
        ],
        "User-Agent": [
          "FxVersion/4.6.29130.01",
          "OSName/Windows",
          "OSVersion/Microsoft.Windows.10.0.14393.",
          "Microsoft.Azure.Management.Sql.SqlManagementClient/1.44.2.0"
        ],
        "Content-Type": [
          "application/json; charset=utf-8"
        ],
        "Content-Length": [
          "170"
        ]
      },
      "ResponseHeaders": {
        "Cache-Control": [
          "no-cache"
        ],
        "Pragma": [
          "no-cache"
        ],
        "Location": [
          "https://management.azure.com/subscriptions/412b782d-2511-4c6d-98f2-3ea01b1c83c3/resourceGroups/ps548/providers/Microsoft.Sql/locations/southeastasia/databaseOperationResults/b1b41cda-bbb8-467b-8ad1-a56d5c28ac7b?api-version=2019-06-01-preview"
        ],
        "Retry-After": [
          "15"
        ],
        "Azure-AsyncOperation": [
          "https://management.azure.com/subscriptions/412b782d-2511-4c6d-98f2-3ea01b1c83c3/resourceGroups/ps548/providers/Microsoft.Sql/locations/southeastasia/databaseAzureAsyncOperation/b1b41cda-bbb8-467b-8ad1-a56d5c28ac7b?api-version=2019-06-01-preview"
        ],
        "x-ms-request-id": [
          "b1b41cda-bbb8-467b-8ad1-a56d5c28ac7b"
        ],
        "Server": [
          "Microsoft-HTTPAPI/2.0"
        ],
        "x-ms-ratelimit-remaining-subscription-writes": [
          "1198"
        ],
        "x-ms-correlation-request-id": [
          "cecbe5df-6e77-40b4-83f3-c2edd5f915e6"
        ],
        "x-ms-routing-request-id": [
          "WESTUS:20200914T022132Z:cecbe5df-6e77-40b4-83f3-c2edd5f915e6"
        ],
        "Strict-Transport-Security": [
          "max-age=31536000; includeSubDomains"
        ],
        "X-Content-Type-Options": [
          "nosniff"
        ],
        "Date": [
          "Mon, 14 Sep 2020 02:21:32 GMT"
        ],
        "Content-Length": [
          "76"
        ],
        "Content-Type": [
          "application/json; charset=utf-8"
        ],
        "Expires": [
          "-1"
        ]
      },
      "ResponseBody": "{\r\n  \"operation\": \"CreateLogicalDatabase\",\r\n  \"startTime\": \"2020-09-14T02:21:32.653Z\"\r\n}",
      "StatusCode": 202
    },
    {
      "RequestUri": "/subscriptions/412b782d-2511-4c6d-98f2-3ea01b1c83c3/resourceGroups/ps548/providers/Microsoft.Sql/servers/ps3198/databases/ps2654?api-version=2019-06-01-preview",
      "EncodedRequestUri": "L3N1YnNjcmlwdGlvbnMvNDEyYjc4MmQtMjUxMS00YzZkLTk4ZjItM2VhMDFiMWM4M2MzL3Jlc291cmNlR3JvdXBzL3BzNTQ4L3Byb3ZpZGVycy9NaWNyb3NvZnQuU3FsL3NlcnZlcnMvcHMzMTk4L2RhdGFiYXNlcy9wczI2NTQ/YXBpLXZlcnNpb249MjAxOS0wNi0wMS1wcmV2aWV3",
      "RequestMethod": "PUT",
      "RequestBody": "{\r\n  \"properties\": {\r\n    \"maxSizeBytes\": 0,\r\n    \"readScale\": \"Disabled\",\r\n    \"readReplicaCount\": -1\r\n  },\r\n  \"location\": \"southeastasia\"\r\n}",
      "RequestHeaders": {
        "x-ms-client-request-id": [
          "2d3168df-5c5f-4884-891e-9478125c4e19"
        ],
        "Accept-Language": [
          "en-US"
        ],
        "User-Agent": [
          "FxVersion/4.6.29130.01",
          "OSName/Windows",
          "OSVersion/Microsoft.Windows.10.0.14393.",
          "Microsoft.Azure.Management.Sql.SqlManagementClient/1.44.2.0"
        ],
        "Content-Type": [
          "application/json; charset=utf-8"
        ],
        "Content-Length": [
          "142"
        ]
      },
      "ResponseHeaders": {
        "Cache-Control": [
          "no-cache"
        ],
        "Pragma": [
          "no-cache"
        ],
        "Location": [
          "https://management.azure.com/subscriptions/412b782d-2511-4c6d-98f2-3ea01b1c83c3/resourceGroups/ps548/providers/Microsoft.Sql/locations/southeastasia/databaseOperationResults/9e75ce81-29f4-4b51-a8aa-dcb9491e22f3?api-version=2019-06-01-preview"
        ],
        "Retry-After": [
          "15"
        ],
        "Azure-AsyncOperation": [
          "https://management.azure.com/subscriptions/412b782d-2511-4c6d-98f2-3ea01b1c83c3/resourceGroups/ps548/providers/Microsoft.Sql/locations/southeastasia/databaseAzureAsyncOperation/9e75ce81-29f4-4b51-a8aa-dcb9491e22f3?api-version=2019-06-01-preview"
        ],
        "x-ms-request-id": [
          "9e75ce81-29f4-4b51-a8aa-dcb9491e22f3"
        ],
        "Server": [
          "Microsoft-HTTPAPI/2.0"
        ],
        "x-ms-ratelimit-remaining-subscription-writes": [
          "1197"
        ],
        "x-ms-correlation-request-id": [
          "1464743c-ae09-4864-b62d-ddc80486b239"
        ],
        "x-ms-routing-request-id": [
          "WESTUS:20200914T022235Z:1464743c-ae09-4864-b62d-ddc80486b239"
        ],
        "Strict-Transport-Security": [
          "max-age=31536000; includeSubDomains"
        ],
        "X-Content-Type-Options": [
          "nosniff"
        ],
        "Date": [
          "Mon, 14 Sep 2020 02:22:34 GMT"
        ],
        "Content-Length": [
          "76"
        ],
        "Content-Type": [
          "application/json; charset=utf-8"
        ],
        "Expires": [
          "-1"
        ]
      },
      "ResponseBody": "{\r\n  \"operation\": \"UpdateLogicalDatabase\",\r\n  \"startTime\": \"2020-09-14T02:22:35.573Z\"\r\n}",
      "StatusCode": 202
    },
    {
      "RequestUri": "/subscriptions/412b782d-2511-4c6d-98f2-3ea01b1c83c3/resourceGroups/ps548/providers/Microsoft.Sql/locations/southeastasia/databaseAzureAsyncOperation/b1b41cda-bbb8-467b-8ad1-a56d5c28ac7b?api-version=2019-06-01-preview",
      "EncodedRequestUri": "L3N1YnNjcmlwdGlvbnMvNDEyYjc4MmQtMjUxMS00YzZkLTk4ZjItM2VhMDFiMWM4M2MzL3Jlc291cmNlR3JvdXBzL3BzNTQ4L3Byb3ZpZGVycy9NaWNyb3NvZnQuU3FsL2xvY2F0aW9ucy9zb3V0aGVhc3Rhc2lhL2RhdGFiYXNlQXp1cmVBc3luY09wZXJhdGlvbi9iMWI0MWNkYS1iYmI4LTQ2N2ItOGFkMS1hNTZkNWMyOGFjN2I/YXBpLXZlcnNpb249MjAxOS0wNi0wMS1wcmV2aWV3",
      "RequestMethod": "GET",
      "RequestBody": "",
      "RequestHeaders": {
        "User-Agent": [
          "FxVersion/4.6.29130.01",
          "OSName/Windows",
          "OSVersion/Microsoft.Windows.10.0.14393.",
          "Microsoft.Azure.Management.Sql.SqlManagementClient/1.44.2.0"
        ]
      },
      "ResponseHeaders": {
        "Cache-Control": [
          "no-cache"
        ],
        "Pragma": [
          "no-cache"
        ],
        "Retry-After": [
          "15"
        ],
        "x-ms-request-id": [
          "49582623-e988-47c5-afbe-61cbd4a7a11c"
        ],
        "Server": [
          "Microsoft-HTTPAPI/2.0"
        ],
        "x-ms-ratelimit-remaining-subscription-reads": [
          "11987"
        ],
        "x-ms-correlation-request-id": [
          "a87efb91-5cf1-4e6a-9deb-61cd057f4673"
        ],
        "x-ms-routing-request-id": [
          "WESTUS:20200914T022148Z:a87efb91-5cf1-4e6a-9deb-61cd057f4673"
        ],
        "Strict-Transport-Security": [
          "max-age=31536000; includeSubDomains"
        ],
        "X-Content-Type-Options": [
          "nosniff"
        ],
        "Date": [
          "Mon, 14 Sep 2020 02:21:47 GMT"
        ],
        "Content-Length": [
          "108"
        ],
        "Content-Type": [
          "application/json; charset=utf-8"
        ],
        "Expires": [
          "-1"
        ]
      },
      "ResponseBody": "{\r\n  \"name\": \"b1b41cda-bbb8-467b-8ad1-a56d5c28ac7b\",\r\n  \"status\": \"InProgress\",\r\n  \"startTime\": \"2020-09-14T02:21:32.653Z\"\r\n}",
      "StatusCode": 200
    },
    {
      "RequestUri": "/subscriptions/412b782d-2511-4c6d-98f2-3ea01b1c83c3/resourceGroups/ps548/providers/Microsoft.Sql/locations/southeastasia/databaseAzureAsyncOperation/b1b41cda-bbb8-467b-8ad1-a56d5c28ac7b?api-version=2019-06-01-preview",
      "EncodedRequestUri": "L3N1YnNjcmlwdGlvbnMvNDEyYjc4MmQtMjUxMS00YzZkLTk4ZjItM2VhMDFiMWM4M2MzL3Jlc291cmNlR3JvdXBzL3BzNTQ4L3Byb3ZpZGVycy9NaWNyb3NvZnQuU3FsL2xvY2F0aW9ucy9zb3V0aGVhc3Rhc2lhL2RhdGFiYXNlQXp1cmVBc3luY09wZXJhdGlvbi9iMWI0MWNkYS1iYmI4LTQ2N2ItOGFkMS1hNTZkNWMyOGFjN2I/YXBpLXZlcnNpb249MjAxOS0wNi0wMS1wcmV2aWV3",
      "RequestMethod": "GET",
      "RequestBody": "",
      "RequestHeaders": {
        "User-Agent": [
          "FxVersion/4.6.29130.01",
          "OSName/Windows",
          "OSVersion/Microsoft.Windows.10.0.14393.",
          "Microsoft.Azure.Management.Sql.SqlManagementClient/1.44.2.0"
        ]
      },
      "ResponseHeaders": {
        "Cache-Control": [
          "no-cache"
        ],
        "Pragma": [
          "no-cache"
        ],
        "Retry-After": [
          "15"
        ],
        "x-ms-request-id": [
          "36d06a71-63a9-4582-9712-1fdf881d8416"
        ],
        "Server": [
          "Microsoft-HTTPAPI/2.0"
        ],
        "x-ms-ratelimit-remaining-subscription-reads": [
          "11986"
        ],
        "x-ms-correlation-request-id": [
          "b8038cd5-a9ed-4d77-a50b-505545c0b2fe"
        ],
        "x-ms-routing-request-id": [
          "WESTUS:20200914T022203Z:b8038cd5-a9ed-4d77-a50b-505545c0b2fe"
        ],
        "Strict-Transport-Security": [
          "max-age=31536000; includeSubDomains"
        ],
        "X-Content-Type-Options": [
          "nosniff"
        ],
        "Date": [
          "Mon, 14 Sep 2020 02:22:02 GMT"
        ],
        "Content-Length": [
          "108"
        ],
        "Content-Type": [
          "application/json; charset=utf-8"
        ],
        "Expires": [
          "-1"
        ]
      },
      "ResponseBody": "{\r\n  \"name\": \"b1b41cda-bbb8-467b-8ad1-a56d5c28ac7b\",\r\n  \"status\": \"InProgress\",\r\n  \"startTime\": \"2020-09-14T02:21:32.653Z\"\r\n}",
      "StatusCode": 200
    },
    {
      "RequestUri": "/subscriptions/412b782d-2511-4c6d-98f2-3ea01b1c83c3/resourceGroups/ps548/providers/Microsoft.Sql/locations/southeastasia/databaseAzureAsyncOperation/b1b41cda-bbb8-467b-8ad1-a56d5c28ac7b?api-version=2019-06-01-preview",
      "EncodedRequestUri": "L3N1YnNjcmlwdGlvbnMvNDEyYjc4MmQtMjUxMS00YzZkLTk4ZjItM2VhMDFiMWM4M2MzL3Jlc291cmNlR3JvdXBzL3BzNTQ4L3Byb3ZpZGVycy9NaWNyb3NvZnQuU3FsL2xvY2F0aW9ucy9zb3V0aGVhc3Rhc2lhL2RhdGFiYXNlQXp1cmVBc3luY09wZXJhdGlvbi9iMWI0MWNkYS1iYmI4LTQ2N2ItOGFkMS1hNTZkNWMyOGFjN2I/YXBpLXZlcnNpb249MjAxOS0wNi0wMS1wcmV2aWV3",
      "RequestMethod": "GET",
      "RequestBody": "",
      "RequestHeaders": {
        "User-Agent": [
          "FxVersion/4.6.29130.01",
          "OSName/Windows",
          "OSVersion/Microsoft.Windows.10.0.14393.",
          "Microsoft.Azure.Management.Sql.SqlManagementClient/1.44.2.0"
        ]
      },
      "ResponseHeaders": {
        "Cache-Control": [
          "no-cache"
        ],
        "Pragma": [
          "no-cache"
        ],
        "Retry-After": [
          "15"
        ],
        "x-ms-request-id": [
          "eaf4bb55-5571-4232-9508-13df2f7f1a44"
        ],
        "Server": [
          "Microsoft-HTTPAPI/2.0"
        ],
        "x-ms-ratelimit-remaining-subscription-reads": [
          "11985"
        ],
        "x-ms-correlation-request-id": [
          "ca94238c-f10e-4cfb-9ff2-eb314e20c169"
        ],
        "x-ms-routing-request-id": [
          "WESTUS:20200914T022218Z:ca94238c-f10e-4cfb-9ff2-eb314e20c169"
        ],
        "Strict-Transport-Security": [
          "max-age=31536000; includeSubDomains"
        ],
        "X-Content-Type-Options": [
          "nosniff"
        ],
        "Date": [
          "Mon, 14 Sep 2020 02:22:17 GMT"
        ],
        "Content-Length": [
          "108"
        ],
        "Content-Type": [
          "application/json; charset=utf-8"
        ],
        "Expires": [
          "-1"
        ]
      },
      "ResponseBody": "{\r\n  \"name\": \"b1b41cda-bbb8-467b-8ad1-a56d5c28ac7b\",\r\n  \"status\": \"InProgress\",\r\n  \"startTime\": \"2020-09-14T02:21:32.653Z\"\r\n}",
      "StatusCode": 200
    },
    {
      "RequestUri": "/subscriptions/412b782d-2511-4c6d-98f2-3ea01b1c83c3/resourceGroups/ps548/providers/Microsoft.Sql/locations/southeastasia/databaseAzureAsyncOperation/b1b41cda-bbb8-467b-8ad1-a56d5c28ac7b?api-version=2019-06-01-preview",
      "EncodedRequestUri": "L3N1YnNjcmlwdGlvbnMvNDEyYjc4MmQtMjUxMS00YzZkLTk4ZjItM2VhMDFiMWM4M2MzL3Jlc291cmNlR3JvdXBzL3BzNTQ4L3Byb3ZpZGVycy9NaWNyb3NvZnQuU3FsL2xvY2F0aW9ucy9zb3V0aGVhc3Rhc2lhL2RhdGFiYXNlQXp1cmVBc3luY09wZXJhdGlvbi9iMWI0MWNkYS1iYmI4LTQ2N2ItOGFkMS1hNTZkNWMyOGFjN2I/YXBpLXZlcnNpb249MjAxOS0wNi0wMS1wcmV2aWV3",
      "RequestMethod": "GET",
      "RequestBody": "",
      "RequestHeaders": {
        "User-Agent": [
          "FxVersion/4.6.29130.01",
          "OSName/Windows",
          "OSVersion/Microsoft.Windows.10.0.14393.",
          "Microsoft.Azure.Management.Sql.SqlManagementClient/1.44.2.0"
        ]
      },
      "ResponseHeaders": {
        "Cache-Control": [
          "no-cache"
        ],
        "Pragma": [
          "no-cache"
        ],
        "Retry-After": [
          "15"
        ],
        "x-ms-request-id": [
          "ed7a5a0b-f941-4bca-89e0-8c2a02ca3b7f"
        ],
        "Server": [
          "Microsoft-HTTPAPI/2.0"
        ],
        "x-ms-ratelimit-remaining-subscription-reads": [
          "11984"
        ],
        "x-ms-correlation-request-id": [
          "69a3f523-c96b-4a7b-b1e3-59dabd63a6f6"
        ],
        "x-ms-routing-request-id": [
          "WESTUS:20200914T022233Z:69a3f523-c96b-4a7b-b1e3-59dabd63a6f6"
        ],
        "Strict-Transport-Security": [
          "max-age=31536000; includeSubDomains"
        ],
        "X-Content-Type-Options": [
          "nosniff"
        ],
        "Date": [
          "Mon, 14 Sep 2020 02:22:32 GMT"
        ],
        "Content-Length": [
          "107"
        ],
        "Content-Type": [
          "application/json; charset=utf-8"
        ],
        "Expires": [
          "-1"
        ]
      },
      "ResponseBody": "{\r\n  \"name\": \"b1b41cda-bbb8-467b-8ad1-a56d5c28ac7b\",\r\n  \"status\": \"Succeeded\",\r\n  \"startTime\": \"2020-09-14T02:21:32.653Z\"\r\n}",
      "StatusCode": 200
    },
    {
      "RequestUri": "/subscriptions/412b782d-2511-4c6d-98f2-3ea01b1c83c3/resourceGroups/ps548/providers/Microsoft.Sql/locations/southeastasia/databaseAzureAsyncOperation/9e75ce81-29f4-4b51-a8aa-dcb9491e22f3?api-version=2019-06-01-preview",
      "EncodedRequestUri": "L3N1YnNjcmlwdGlvbnMvNDEyYjc4MmQtMjUxMS00YzZkLTk4ZjItM2VhMDFiMWM4M2MzL3Jlc291cmNlR3JvdXBzL3BzNTQ4L3Byb3ZpZGVycy9NaWNyb3NvZnQuU3FsL2xvY2F0aW9ucy9zb3V0aGVhc3Rhc2lhL2RhdGFiYXNlQXp1cmVBc3luY09wZXJhdGlvbi85ZTc1Y2U4MS0yOWY0LTRiNTEtYThhYS1kY2I5NDkxZTIyZjM/YXBpLXZlcnNpb249MjAxOS0wNi0wMS1wcmV2aWV3",
      "RequestMethod": "GET",
      "RequestBody": "",
      "RequestHeaders": {
        "User-Agent": [
          "FxVersion/4.6.29130.01",
          "OSName/Windows",
          "OSVersion/Microsoft.Windows.10.0.14393.",
          "Microsoft.Azure.Management.Sql.SqlManagementClient/1.44.2.0"
        ]
      },
      "ResponseHeaders": {
        "Cache-Control": [
          "no-cache"
        ],
        "Pragma": [
          "no-cache"
        ],
        "Retry-After": [
          "15"
        ],
        "x-ms-request-id": [
          "c524809c-3c59-4d21-a294-7ee9d13da2a7"
        ],
        "Server": [
          "Microsoft-HTTPAPI/2.0"
        ],
        "x-ms-ratelimit-remaining-subscription-reads": [
          "11979"
        ],
        "x-ms-correlation-request-id": [
          "4915b378-5dc7-4d35-9b77-eb483643526a"
        ],
        "x-ms-routing-request-id": [
          "WESTUS:20200914T022250Z:4915b378-5dc7-4d35-9b77-eb483643526a"
        ],
        "Strict-Transport-Security": [
          "max-age=31536000; includeSubDomains"
        ],
        "X-Content-Type-Options": [
          "nosniff"
        ],
        "Date": [
          "Mon, 14 Sep 2020 02:22:50 GMT"
        ],
        "Content-Length": [
          "107"
        ],
        "Content-Type": [
          "application/json; charset=utf-8"
        ],
        "Expires": [
          "-1"
        ]
      },
      "ResponseBody": "{\r\n  \"name\": \"9e75ce81-29f4-4b51-a8aa-dcb9491e22f3\",\r\n  \"status\": \"Succeeded\",\r\n  \"startTime\": \"2020-09-14T02:22:35.573Z\"\r\n}",
      "StatusCode": 200
    },
    {
      "RequestUri": "/subscriptions/412b782d-2511-4c6d-98f2-3ea01b1c83c3/resourcegroups/ps548?api-version=2016-09-01",
      "EncodedRequestUri": "L3N1YnNjcmlwdGlvbnMvNDEyYjc4MmQtMjUxMS00YzZkLTk4ZjItM2VhMDFiMWM4M2MzL3Jlc291cmNlZ3JvdXBzL3BzNTQ4P2FwaS12ZXJzaW9uPTIwMTYtMDktMDE=",
      "RequestMethod": "DELETE",
      "RequestBody": "",
      "RequestHeaders": {
        "x-ms-client-request-id": [
          "4aab1bcb-1428-4a1e-b2b9-3eac01d11e3b"
        ],
        "Accept-Language": [
          "en-US"
        ],
        "User-Agent": [
          "FxVersion/4.6.29130.01",
          "OSName/Windows",
          "OSVersion/Microsoft.Windows.10.0.14393.",
          "Microsoft.Azure.Management.Internal.Resources.ResourceManagementClient/1.3.23"
        ]
      },
      "ResponseHeaders": {
        "Cache-Control": [
          "no-cache"
        ],
        "Pragma": [
          "no-cache"
        ],
        "Location": [
          "https://management.azure.com/subscriptions/412b782d-2511-4c6d-98f2-3ea01b1c83c3/operationresults/eyJqb2JJZCI6IlJFU09VUkNFR1JPVVBERUxFVElPTkpPQi1QUzU0OC1XRVNUQ0VOVFJBTFVTIiwiam9iTG9jYXRpb24iOiJ3ZXN0Y2VudHJhbHVzIn0?api-version=2016-09-01"
        ],
        "Retry-After": [
          "15"
        ],
        "x-ms-ratelimit-remaining-subscription-deletes": [
          "14999"
        ],
        "x-ms-request-id": [
          "b3af4089-6968-46d8-a7be-5816dc43b787"
        ],
        "x-ms-correlation-request-id": [
          "b3af4089-6968-46d8-a7be-5816dc43b787"
        ],
        "x-ms-routing-request-id": [
          "WESTUS:20200914T022252Z:b3af4089-6968-46d8-a7be-5816dc43b787"
        ],
        "Strict-Transport-Security": [
          "max-age=31536000; includeSubDomains"
        ],
        "X-Content-Type-Options": [
          "nosniff"
        ],
        "Date": [
          "Mon, 14 Sep 2020 02:22:51 GMT"
        ],
        "Expires": [
          "-1"
        ],
        "Content-Length": [
          "0"
        ]
      },
      "ResponseBody": "",
      "StatusCode": 202
    },
    {
      "RequestUri": "/subscriptions/412b782d-2511-4c6d-98f2-3ea01b1c83c3/operationresults/eyJqb2JJZCI6IlJFU09VUkNFR1JPVVBERUxFVElPTkpPQi1QUzU0OC1XRVNUQ0VOVFJBTFVTIiwiam9iTG9jYXRpb24iOiJ3ZXN0Y2VudHJhbHVzIn0?api-version=2016-09-01",
      "EncodedRequestUri": "L3N1YnNjcmlwdGlvbnMvNDEyYjc4MmQtMjUxMS00YzZkLTk4ZjItM2VhMDFiMWM4M2MzL29wZXJhdGlvbnJlc3VsdHMvZXlKcWIySkpaQ0k2SWxKRlUwOVZVa05GUjFKUFZWQkVSVXhGVkVsUFRrcFBRaTFRVXpVME9DMVhSVk5VUTBWT1ZGSkJURlZUSWl3aWFtOWlURzlqWVhScGIyNGlPaUozWlhOMFkyVnVkSEpoYkhWekluMD9hcGktdmVyc2lvbj0yMDE2LTA5LTAx",
      "RequestMethod": "GET",
      "RequestBody": "",
      "RequestHeaders": {
        "User-Agent": [
          "FxVersion/4.6.29130.01",
          "OSName/Windows",
          "OSVersion/Microsoft.Windows.10.0.14393.",
          "Microsoft.Azure.Management.Internal.Resources.ResourceManagementClient/1.3.23"
        ]
      },
      "ResponseHeaders": {
        "Cache-Control": [
          "no-cache"
        ],
        "Pragma": [
          "no-cache"
        ],
        "Location": [
          "https://management.azure.com/subscriptions/412b782d-2511-4c6d-98f2-3ea01b1c83c3/operationresults/eyJqb2JJZCI6IlJFU09VUkNFR1JPVVBERUxFVElPTkpPQi1QUzU0OC1XRVNUQ0VOVFJBTFVTIiwiam9iTG9jYXRpb24iOiJ3ZXN0Y2VudHJhbHVzIn0?api-version=2016-09-01"
        ],
        "Retry-After": [
          "15"
        ],
        "x-ms-ratelimit-remaining-subscription-reads": [
          "11999"
        ],
        "x-ms-request-id": [
          "2c360fa6-bc9f-40ff-8de1-14a4ae28bf6b"
        ],
        "x-ms-correlation-request-id": [
          "2c360fa6-bc9f-40ff-8de1-14a4ae28bf6b"
        ],
        "x-ms-routing-request-id": [
          "WESTUS:20200914T022307Z:2c360fa6-bc9f-40ff-8de1-14a4ae28bf6b"
        ],
        "Strict-Transport-Security": [
          "max-age=31536000; includeSubDomains"
        ],
        "X-Content-Type-Options": [
          "nosniff"
        ],
        "Date": [
          "Mon, 14 Sep 2020 02:23:06 GMT"
        ],
        "Expires": [
          "-1"
        ],
        "Content-Length": [
          "0"
        ]
      },
      "ResponseBody": "",
      "StatusCode": 202
    },
    {
      "RequestUri": "/subscriptions/412b782d-2511-4c6d-98f2-3ea01b1c83c3/operationresults/eyJqb2JJZCI6IlJFU09VUkNFR1JPVVBERUxFVElPTkpPQi1QUzU0OC1XRVNUQ0VOVFJBTFVTIiwiam9iTG9jYXRpb24iOiJ3ZXN0Y2VudHJhbHVzIn0?api-version=2016-09-01",
      "EncodedRequestUri": "L3N1YnNjcmlwdGlvbnMvNDEyYjc4MmQtMjUxMS00YzZkLTk4ZjItM2VhMDFiMWM4M2MzL29wZXJhdGlvbnJlc3VsdHMvZXlKcWIySkpaQ0k2SWxKRlUwOVZVa05GUjFKUFZWQkVSVXhGVkVsUFRrcFBRaTFRVXpVME9DMVhSVk5VUTBWT1ZGSkJURlZUSWl3aWFtOWlURzlqWVhScGIyNGlPaUozWlhOMFkyVnVkSEpoYkhWekluMD9hcGktdmVyc2lvbj0yMDE2LTA5LTAx",
      "RequestMethod": "GET",
      "RequestBody": "",
      "RequestHeaders": {
        "User-Agent": [
          "FxVersion/4.6.29130.01",
          "OSName/Windows",
          "OSVersion/Microsoft.Windows.10.0.14393.",
          "Microsoft.Azure.Management.Internal.Resources.ResourceManagementClient/1.3.23"
        ]
      },
      "ResponseHeaders": {
        "Cache-Control": [
          "no-cache"
        ],
        "Pragma": [
          "no-cache"
        ],
        "Location": [
          "https://management.azure.com/subscriptions/412b782d-2511-4c6d-98f2-3ea01b1c83c3/operationresults/eyJqb2JJZCI6IlJFU09VUkNFR1JPVVBERUxFVElPTkpPQi1QUzU0OC1XRVNUQ0VOVFJBTFVTIiwiam9iTG9jYXRpb24iOiJ3ZXN0Y2VudHJhbHVzIn0?api-version=2016-09-01"
        ],
        "Retry-After": [
          "15"
        ],
        "x-ms-ratelimit-remaining-subscription-reads": [
          "11998"
        ],
        "x-ms-request-id": [
          "000d62b1-a770-411b-9b79-9b6a846feb66"
        ],
        "x-ms-correlation-request-id": [
          "000d62b1-a770-411b-9b79-9b6a846feb66"
        ],
        "x-ms-routing-request-id": [
          "WESTUS:20200914T022322Z:000d62b1-a770-411b-9b79-9b6a846feb66"
        ],
        "Strict-Transport-Security": [
          "max-age=31536000; includeSubDomains"
        ],
        "X-Content-Type-Options": [
          "nosniff"
        ],
        "Date": [
          "Mon, 14 Sep 2020 02:23:21 GMT"
        ],
        "Expires": [
          "-1"
        ],
        "Content-Length": [
          "0"
        ]
      },
      "ResponseBody": "",
      "StatusCode": 202
    },
    {
      "RequestUri": "/subscriptions/412b782d-2511-4c6d-98f2-3ea01b1c83c3/operationresults/eyJqb2JJZCI6IlJFU09VUkNFR1JPVVBERUxFVElPTkpPQi1QUzU0OC1XRVNUQ0VOVFJBTFVTIiwiam9iTG9jYXRpb24iOiJ3ZXN0Y2VudHJhbHVzIn0?api-version=2016-09-01",
      "EncodedRequestUri": "L3N1YnNjcmlwdGlvbnMvNDEyYjc4MmQtMjUxMS00YzZkLTk4ZjItM2VhMDFiMWM4M2MzL29wZXJhdGlvbnJlc3VsdHMvZXlKcWIySkpaQ0k2SWxKRlUwOVZVa05GUjFKUFZWQkVSVXhGVkVsUFRrcFBRaTFRVXpVME9DMVhSVk5VUTBWT1ZGSkJURlZUSWl3aWFtOWlURzlqWVhScGIyNGlPaUozWlhOMFkyVnVkSEpoYkhWekluMD9hcGktdmVyc2lvbj0yMDE2LTA5LTAx",
      "RequestMethod": "GET",
      "RequestBody": "",
      "RequestHeaders": {
        "User-Agent": [
          "FxVersion/4.6.29130.01",
          "OSName/Windows",
          "OSVersion/Microsoft.Windows.10.0.14393.",
          "Microsoft.Azure.Management.Internal.Resources.ResourceManagementClient/1.3.23"
        ]
      },
      "ResponseHeaders": {
        "Cache-Control": [
          "no-cache"
        ],
        "Pragma": [
          "no-cache"
        ],
        "Location": [
          "https://management.azure.com/subscriptions/412b782d-2511-4c6d-98f2-3ea01b1c83c3/operationresults/eyJqb2JJZCI6IlJFU09VUkNFR1JPVVBERUxFVElPTkpPQi1QUzU0OC1XRVNUQ0VOVFJBTFVTIiwiam9iTG9jYXRpb24iOiJ3ZXN0Y2VudHJhbHVzIn0?api-version=2016-09-01"
        ],
        "Retry-After": [
          "15"
        ],
        "x-ms-ratelimit-remaining-subscription-reads": [
          "11997"
        ],
        "x-ms-request-id": [
          "3a6c66b2-f2f2-4048-90a6-a36ee0d7696f"
        ],
        "x-ms-correlation-request-id": [
          "3a6c66b2-f2f2-4048-90a6-a36ee0d7696f"
        ],
        "x-ms-routing-request-id": [
          "WESTUS:20200914T022337Z:3a6c66b2-f2f2-4048-90a6-a36ee0d7696f"
        ],
        "Strict-Transport-Security": [
          "max-age=31536000; includeSubDomains"
        ],
        "X-Content-Type-Options": [
          "nosniff"
        ],
        "Date": [
          "Mon, 14 Sep 2020 02:23:36 GMT"
        ],
        "Expires": [
          "-1"
        ],
        "Content-Length": [
          "0"
        ]
      },
      "ResponseBody": "",
      "StatusCode": 202
    },
    {
      "RequestUri": "/subscriptions/412b782d-2511-4c6d-98f2-3ea01b1c83c3/operationresults/eyJqb2JJZCI6IlJFU09VUkNFR1JPVVBERUxFVElPTkpPQi1QUzU0OC1XRVNUQ0VOVFJBTFVTIiwiam9iTG9jYXRpb24iOiJ3ZXN0Y2VudHJhbHVzIn0?api-version=2016-09-01",
      "EncodedRequestUri": "L3N1YnNjcmlwdGlvbnMvNDEyYjc4MmQtMjUxMS00YzZkLTk4ZjItM2VhMDFiMWM4M2MzL29wZXJhdGlvbnJlc3VsdHMvZXlKcWIySkpaQ0k2SWxKRlUwOVZVa05GUjFKUFZWQkVSVXhGVkVsUFRrcFBRaTFRVXpVME9DMVhSVk5VUTBWT1ZGSkJURlZUSWl3aWFtOWlURzlqWVhScGIyNGlPaUozWlhOMFkyVnVkSEpoYkhWekluMD9hcGktdmVyc2lvbj0yMDE2LTA5LTAx",
      "RequestMethod": "GET",
      "RequestBody": "",
      "RequestHeaders": {
        "User-Agent": [
          "FxVersion/4.6.29130.01",
          "OSName/Windows",
          "OSVersion/Microsoft.Windows.10.0.14393.",
          "Microsoft.Azure.Management.Internal.Resources.ResourceManagementClient/1.3.23"
        ]
      },
      "ResponseHeaders": {
        "Cache-Control": [
          "no-cache"
        ],
        "Pragma": [
          "no-cache"
        ],
        "Location": [
          "https://management.azure.com/subscriptions/412b782d-2511-4c6d-98f2-3ea01b1c83c3/operationresults/eyJqb2JJZCI6IlJFU09VUkNFR1JPVVBERUxFVElPTkpPQi1QUzU0OC1XRVNUQ0VOVFJBTFVTIiwiam9iTG9jYXRpb24iOiJ3ZXN0Y2VudHJhbHVzIn0?api-version=2016-09-01"
        ],
        "Retry-After": [
          "15"
        ],
        "x-ms-ratelimit-remaining-subscription-reads": [
          "11996"
        ],
        "x-ms-request-id": [
          "1a96b8d7-bf03-4b05-8da9-c30300403e6b"
        ],
        "x-ms-correlation-request-id": [
          "1a96b8d7-bf03-4b05-8da9-c30300403e6b"
        ],
        "x-ms-routing-request-id": [
          "WESTUS:20200914T022352Z:1a96b8d7-bf03-4b05-8da9-c30300403e6b"
        ],
        "Strict-Transport-Security": [
          "max-age=31536000; includeSubDomains"
        ],
        "X-Content-Type-Options": [
          "nosniff"
        ],
        "Date": [
          "Mon, 14 Sep 2020 02:23:52 GMT"
        ],
        "Expires": [
          "-1"
        ],
        "Content-Length": [
          "0"
        ]
      },
      "ResponseBody": "",
      "StatusCode": 202
    },
    {
      "RequestUri": "/subscriptions/412b782d-2511-4c6d-98f2-3ea01b1c83c3/operationresults/eyJqb2JJZCI6IlJFU09VUkNFR1JPVVBERUxFVElPTkpPQi1QUzU0OC1XRVNUQ0VOVFJBTFVTIiwiam9iTG9jYXRpb24iOiJ3ZXN0Y2VudHJhbHVzIn0?api-version=2016-09-01",
      "EncodedRequestUri": "L3N1YnNjcmlwdGlvbnMvNDEyYjc4MmQtMjUxMS00YzZkLTk4ZjItM2VhMDFiMWM4M2MzL29wZXJhdGlvbnJlc3VsdHMvZXlKcWIySkpaQ0k2SWxKRlUwOVZVa05GUjFKUFZWQkVSVXhGVkVsUFRrcFBRaTFRVXpVME9DMVhSVk5VUTBWT1ZGSkJURlZUSWl3aWFtOWlURzlqWVhScGIyNGlPaUozWlhOMFkyVnVkSEpoYkhWekluMD9hcGktdmVyc2lvbj0yMDE2LTA5LTAx",
      "RequestMethod": "GET",
      "RequestBody": "",
      "RequestHeaders": {
        "User-Agent": [
          "FxVersion/4.6.29130.01",
          "OSName/Windows",
          "OSVersion/Microsoft.Windows.10.0.14393.",
          "Microsoft.Azure.Management.Internal.Resources.ResourceManagementClient/1.3.23"
        ]
      },
      "ResponseHeaders": {
        "Cache-Control": [
          "no-cache"
        ],
        "Pragma": [
          "no-cache"
        ],
        "Location": [
          "https://management.azure.com/subscriptions/412b782d-2511-4c6d-98f2-3ea01b1c83c3/operationresults/eyJqb2JJZCI6IlJFU09VUkNFR1JPVVBERUxFVElPTkpPQi1QUzU0OC1XRVNUQ0VOVFJBTFVTIiwiam9iTG9jYXRpb24iOiJ3ZXN0Y2VudHJhbHVzIn0?api-version=2016-09-01"
        ],
        "Retry-After": [
          "15"
        ],
        "x-ms-ratelimit-remaining-subscription-reads": [
          "11995"
        ],
        "x-ms-request-id": [
          "f46b68b5-7a88-45a1-a639-436373477d97"
        ],
        "x-ms-correlation-request-id": [
          "f46b68b5-7a88-45a1-a639-436373477d97"
        ],
        "x-ms-routing-request-id": [
          "WESTUS:20200914T022407Z:f46b68b5-7a88-45a1-a639-436373477d97"
        ],
        "Strict-Transport-Security": [
          "max-age=31536000; includeSubDomains"
        ],
        "X-Content-Type-Options": [
          "nosniff"
        ],
        "Date": [
          "Mon, 14 Sep 2020 02:24:07 GMT"
        ],
        "Expires": [
          "-1"
        ],
        "Content-Length": [
          "0"
        ]
      },
      "ResponseBody": "",
      "StatusCode": 202
    },
    {
      "RequestUri": "/subscriptions/412b782d-2511-4c6d-98f2-3ea01b1c83c3/operationresults/eyJqb2JJZCI6IlJFU09VUkNFR1JPVVBERUxFVElPTkpPQi1QUzU0OC1XRVNUQ0VOVFJBTFVTIiwiam9iTG9jYXRpb24iOiJ3ZXN0Y2VudHJhbHVzIn0?api-version=2016-09-01",
      "EncodedRequestUri": "L3N1YnNjcmlwdGlvbnMvNDEyYjc4MmQtMjUxMS00YzZkLTk4ZjItM2VhMDFiMWM4M2MzL29wZXJhdGlvbnJlc3VsdHMvZXlKcWIySkpaQ0k2SWxKRlUwOVZVa05GUjFKUFZWQkVSVXhGVkVsUFRrcFBRaTFRVXpVME9DMVhSVk5VUTBWT1ZGSkJURlZUSWl3aWFtOWlURzlqWVhScGIyNGlPaUozWlhOMFkyVnVkSEpoYkhWekluMD9hcGktdmVyc2lvbj0yMDE2LTA5LTAx",
      "RequestMethod": "GET",
      "RequestBody": "",
      "RequestHeaders": {
        "User-Agent": [
          "FxVersion/4.6.29130.01",
          "OSName/Windows",
          "OSVersion/Microsoft.Windows.10.0.14393.",
          "Microsoft.Azure.Management.Internal.Resources.ResourceManagementClient/1.3.23"
        ]
      },
      "ResponseHeaders": {
        "Cache-Control": [
          "no-cache"
        ],
        "Pragma": [
          "no-cache"
        ],
        "Location": [
          "https://management.azure.com/subscriptions/412b782d-2511-4c6d-98f2-3ea01b1c83c3/operationresults/eyJqb2JJZCI6IlJFU09VUkNFR1JPVVBERUxFVElPTkpPQi1QUzU0OC1XRVNUQ0VOVFJBTFVTIiwiam9iTG9jYXRpb24iOiJ3ZXN0Y2VudHJhbHVzIn0?api-version=2016-09-01"
        ],
        "Retry-After": [
          "15"
        ],
        "x-ms-ratelimit-remaining-subscription-reads": [
          "11994"
        ],
        "x-ms-request-id": [
          "31f612a8-baa0-4d38-b344-3137a3f893a4"
        ],
        "x-ms-correlation-request-id": [
          "31f612a8-baa0-4d38-b344-3137a3f893a4"
        ],
        "x-ms-routing-request-id": [
          "WESTUS:20200914T022422Z:31f612a8-baa0-4d38-b344-3137a3f893a4"
        ],
        "Strict-Transport-Security": [
          "max-age=31536000; includeSubDomains"
        ],
        "X-Content-Type-Options": [
          "nosniff"
        ],
        "Date": [
          "Mon, 14 Sep 2020 02:24:22 GMT"
        ],
        "Expires": [
          "-1"
        ],
        "Content-Length": [
          "0"
        ]
      },
      "ResponseBody": "",
      "StatusCode": 202
    },
    {
      "RequestUri": "/subscriptions/412b782d-2511-4c6d-98f2-3ea01b1c83c3/operationresults/eyJqb2JJZCI6IlJFU09VUkNFR1JPVVBERUxFVElPTkpPQi1QUzU0OC1XRVNUQ0VOVFJBTFVTIiwiam9iTG9jYXRpb24iOiJ3ZXN0Y2VudHJhbHVzIn0?api-version=2016-09-01",
      "EncodedRequestUri": "L3N1YnNjcmlwdGlvbnMvNDEyYjc4MmQtMjUxMS00YzZkLTk4ZjItM2VhMDFiMWM4M2MzL29wZXJhdGlvbnJlc3VsdHMvZXlKcWIySkpaQ0k2SWxKRlUwOVZVa05GUjFKUFZWQkVSVXhGVkVsUFRrcFBRaTFRVXpVME9DMVhSVk5VUTBWT1ZGSkJURlZUSWl3aWFtOWlURzlqWVhScGIyNGlPaUozWlhOMFkyVnVkSEpoYkhWekluMD9hcGktdmVyc2lvbj0yMDE2LTA5LTAx",
      "RequestMethod": "GET",
      "RequestBody": "",
      "RequestHeaders": {
        "User-Agent": [
          "FxVersion/4.6.29130.01",
          "OSName/Windows",
          "OSVersion/Microsoft.Windows.10.0.14393.",
          "Microsoft.Azure.Management.Internal.Resources.ResourceManagementClient/1.3.23"
        ]
      },
      "ResponseHeaders": {
        "Cache-Control": [
          "no-cache"
        ],
        "Pragma": [
          "no-cache"
        ],
        "x-ms-ratelimit-remaining-subscription-reads": [
          "11993"
        ],
        "x-ms-request-id": [
          "35284d55-61ca-4434-a94e-9ffc1131cd73"
        ],
        "x-ms-correlation-request-id": [
          "35284d55-61ca-4434-a94e-9ffc1131cd73"
        ],
        "x-ms-routing-request-id": [
          "WESTUS:20200914T022437Z:35284d55-61ca-4434-a94e-9ffc1131cd73"
        ],
        "Strict-Transport-Security": [
          "max-age=31536000; includeSubDomains"
        ],
        "X-Content-Type-Options": [
          "nosniff"
        ],
        "Date": [
          "Mon, 14 Sep 2020 02:24:37 GMT"
        ],
        "Expires": [
          "-1"
        ],
        "Content-Length": [
          "0"
        ]
      },
      "ResponseBody": "",
      "StatusCode": 200
    },
    {
      "RequestUri": "/subscriptions/412b782d-2511-4c6d-98f2-3ea01b1c83c3/operationresults/eyJqb2JJZCI6IlJFU09VUkNFR1JPVVBERUxFVElPTkpPQi1QUzU0OC1XRVNUQ0VOVFJBTFVTIiwiam9iTG9jYXRpb24iOiJ3ZXN0Y2VudHJhbHVzIn0?api-version=2016-09-01",
      "EncodedRequestUri": "L3N1YnNjcmlwdGlvbnMvNDEyYjc4MmQtMjUxMS00YzZkLTk4ZjItM2VhMDFiMWM4M2MzL29wZXJhdGlvbnJlc3VsdHMvZXlKcWIySkpaQ0k2SWxKRlUwOVZVa05GUjFKUFZWQkVSVXhGVkVsUFRrcFBRaTFRVXpVME9DMVhSVk5VUTBWT1ZGSkJURlZUSWl3aWFtOWlURzlqWVhScGIyNGlPaUozWlhOMFkyVnVkSEpoYkhWekluMD9hcGktdmVyc2lvbj0yMDE2LTA5LTAx",
      "RequestMethod": "GET",
      "RequestBody": "",
      "RequestHeaders": {
        "User-Agent": [
          "FxVersion/4.6.29130.01",
          "OSName/Windows",
          "OSVersion/Microsoft.Windows.10.0.14393.",
          "Microsoft.Azure.Management.Internal.Resources.ResourceManagementClient/1.3.23"
        ]
      },
      "ResponseHeaders": {
        "Cache-Control": [
          "no-cache"
        ],
        "Pragma": [
          "no-cache"
        ],
        "x-ms-ratelimit-remaining-subscription-reads": [
          "11992"
        ],
        "x-ms-request-id": [
          "69cc37ed-873f-4eb5-9a4d-0d0913f25cee"
        ],
        "x-ms-correlation-request-id": [
          "69cc37ed-873f-4eb5-9a4d-0d0913f25cee"
        ],
        "x-ms-routing-request-id": [
          "WESTUS:20200914T022437Z:69cc37ed-873f-4eb5-9a4d-0d0913f25cee"
        ],
        "Strict-Transport-Security": [
          "max-age=31536000; includeSubDomains"
        ],
        "X-Content-Type-Options": [
          "nosniff"
        ],
        "Date": [
          "Mon, 14 Sep 2020 02:24:37 GMT"
        ],
        "Expires": [
          "-1"
        ],
        "Content-Length": [
          "0"
        ]
      },
      "ResponseBody": "",
      "StatusCode": 200
    }
  ],
  "Names": {
    "Test-GetDatabaseReadScale": [
      "ps548",
      "ps3198",
      "ps2654"
    ]
  },
  "Variables": {
    "SubscriptionId": "412b782d-2511-4c6d-98f2-3ea01b1c83c3"
  }
}