{
  "Entries": [
    {
<<<<<<< HEAD
      "RequestUri": "/subscriptions/df7c055c-6310-4374-9852-10ef71ce5f85/resourcegroups/ps9316?api-version=2016-02-01",
      "EncodedRequestUri": "L3N1YnNjcmlwdGlvbnMvZGY3YzA1NWMtNjMxMC00Mzc0LTk4NTItMTBlZjcxY2U1Zjg1L3Jlc291cmNlZ3JvdXBzL3BzOTMxNj9hcGktdmVyc2lvbj0yMDE2LTAyLTAx",
      "RequestMethod": "PUT",
      "RequestBody": "{\r\n  \"location\": \"westcentralus\"\r\n}",
      "RequestHeaders": {
=======
      "RequestUri": "/subscriptions/91446693-dafa-4cc0-8b12-ec2c6c3f6250/resourcegroups/ps7288?api-version=2016-09-01",
      "EncodedRequestUri": "L3N1YnNjcmlwdGlvbnMvOTE0NDY2OTMtZGFmYS00Y2MwLThiMTItZWMyYzZjM2Y2MjUwL3Jlc291cmNlZ3JvdXBzL3BzNzI4OD9hcGktdmVyc2lvbj0yMDE2LTA5LTAx",
      "RequestMethod": "PUT",
      "RequestBody": "{\r\n  \"location\": \"westcentralus\"\r\n}",
      "RequestHeaders": {
        "x-ms-client-request-id": [
          "7555eac8-97c1-4b9e-8e5b-b8324f0a70e7"
        ],
        "Accept-Language": [
          "en-US"
        ],
        "User-Agent": [
          "FxVersion/4.6.29321.03",
          "OSName/Windows",
          "OSVersion/Microsoft.Windows.10.0.17763.",
          "Microsoft.Azure.Management.Internal.Resources.ResourceManagementClient/1.3.29"
        ],
>>>>>>> d78b04a5306127f583235b13752c48d4f7d1289a
        "Content-Type": [
          "application/json; charset=utf-8"
        ],
        "Content-Length": [
          "35"
<<<<<<< HEAD
        ],
        "User-Agent": [
          "Microsoft.Azure.Management.Resources.ResourceManagementClient/2.0.0.0"
        ]
      },
      "ResponseBody": "{\r\n  \"id\": \"/subscriptions/df7c055c-6310-4374-9852-10ef71ce5f85/resourceGroups/ps9316\",\r\n  \"name\": \"ps9316\",\r\n  \"location\": \"westcentralus\",\r\n  \"properties\": {\r\n    \"provisioningState\": \"Succeeded\"\r\n  }\r\n}",
      "ResponseHeaders": {
        "Content-Length": [
          "172"
        ],
        "Content-Type": [
          "application/json; charset=utf-8"
        ],
        "Expires": [
          "-1"
=======
        ]
      },
      "ResponseHeaders": {
        "Cache-Control": [
          "no-cache"
>>>>>>> d78b04a5306127f583235b13752c48d4f7d1289a
        ],
        "Pragma": [
          "no-cache"
        ],
        "x-ms-ratelimit-remaining-subscription-writes": [
          "1199"
        ],
        "x-ms-request-id": [
<<<<<<< HEAD
          "e114ee4e-0341-4625-9960-305d06738636"
        ],
        "x-ms-correlation-request-id": [
          "e114ee4e-0341-4625-9960-305d06738636"
        ],
        "x-ms-routing-request-id": [
          "WESTUS2:20180506T173755Z:e114ee4e-0341-4625-9960-305d06738636"
=======
          "a5440a7e-54a2-4564-8d27-20862c80ccbb"
        ],
        "x-ms-correlation-request-id": [
          "a5440a7e-54a2-4564-8d27-20862c80ccbb"
        ],
        "x-ms-routing-request-id": [
          "WESTUS:20201117T155444Z:a5440a7e-54a2-4564-8d27-20862c80ccbb"
>>>>>>> d78b04a5306127f583235b13752c48d4f7d1289a
        ],
        "Strict-Transport-Security": [
          "max-age=31536000; includeSubDomains"
        ],
        "X-Content-Type-Options": [
          "nosniff"
        ],
<<<<<<< HEAD
        "Cache-Control": [
          "no-cache"
        ],
        "Date": [
          "Sun, 06 May 2018 17:37:54 GMT"
        ]
      },
      "StatusCode": 201
    },
    {
      "RequestUri": "/subscriptions/df7c055c-6310-4374-9852-10ef71ce5f85/resourceGroups/ps9316/providers/Microsoft.Sql/servers/ps183?api-version=2015-05-01-preview",
      "EncodedRequestUri": "L3N1YnNjcmlwdGlvbnMvZGY3YzA1NWMtNjMxMC00Mzc0LTk4NTItMTBlZjcxY2U1Zjg1L3Jlc291cmNlR3JvdXBzL3BzOTMxNi9wcm92aWRlcnMvTWljcm9zb2Z0LlNxbC9zZXJ2ZXJzL3BzMTgzP2FwaS12ZXJzaW9uPTIwMTUtMDUtMDEtcHJldmlldw==",
=======
        "Date": [
          "Tue, 17 Nov 2020 15:54:43 GMT"
        ],
        "Content-Length": [
          "172"
        ],
        "Content-Type": [
          "application/json; charset=utf-8"
        ],
        "Expires": [
          "-1"
        ]
      },
      "ResponseBody": "{\r\n  \"id\": \"/subscriptions/91446693-dafa-4cc0-8b12-ec2c6c3f6250/resourceGroups/ps7288\",\r\n  \"name\": \"ps7288\",\r\n  \"location\": \"westcentralus\",\r\n  \"properties\": {\r\n    \"provisioningState\": \"Succeeded\"\r\n  }\r\n}",
      "StatusCode": 201
    },
    {
      "RequestUri": "/subscriptions/91446693-dafa-4cc0-8b12-ec2c6c3f6250/resourceGroups/ps7288/providers/Microsoft.Sql/servers/ps5599?api-version=2019-06-01-preview",
      "EncodedRequestUri": "L3N1YnNjcmlwdGlvbnMvOTE0NDY2OTMtZGFmYS00Y2MwLThiMTItZWMyYzZjM2Y2MjUwL3Jlc291cmNlR3JvdXBzL3BzNzI4OC9wcm92aWRlcnMvTWljcm9zb2Z0LlNxbC9zZXJ2ZXJzL3BzNTU5OT9hcGktdmVyc2lvbj0yMDE5LTA2LTAxLXByZXZpZXc=",
>>>>>>> d78b04a5306127f583235b13752c48d4f7d1289a
      "RequestMethod": "GET",
      "RequestBody": "",
      "RequestHeaders": {
        "x-ms-client-request-id": [
<<<<<<< HEAD
          "e818d36e-73fa-4893-bd2d-413b189c9c50"
        ],
        "accept-language": [
          "en-US"
        ],
        "User-Agent": [
          "FxVersion/4.7.2633.0",
          "OSName/Windows10Enterprise",
          "OSVersion/6.3.16299",
          "Microsoft.Azure.Management.Sql.SqlManagementClient/1.15.0.0"
        ]
      },
      "ResponseBody": "{\r\n  \"error\": {\r\n    \"code\": \"ResourceNotFound\",\r\n    \"message\": \"The Resource 'Microsoft.Sql/servers/ps183' under resource group 'ps9316' was not found.\"\r\n  }\r\n}",
      "ResponseHeaders": {
        "Content-Length": [
          "137"
        ],
        "Content-Type": [
          "application/json; charset=utf-8"
        ],
        "Expires": [
          "-1"
=======
          "07aea4b6-a296-46d9-b626-02acffb20ab2"
        ],
        "Accept-Language": [
          "en-US"
        ],
        "User-Agent": [
          "FxVersion/4.6.29321.03",
          "OSName/Windows",
          "OSVersion/Microsoft.Windows.10.0.17763.",
          "Microsoft.Azure.Management.Sql.SqlManagementClient/1.46.0.0"
        ]
      },
      "ResponseHeaders": {
        "Cache-Control": [
          "no-cache"
>>>>>>> d78b04a5306127f583235b13752c48d4f7d1289a
        ],
        "Pragma": [
          "no-cache"
        ],
        "x-ms-failure-cause": [
          "gateway"
        ],
        "x-ms-request-id": [
<<<<<<< HEAD
          "3fd3b82d-cb56-4436-9aac-03509abcb6f7"
        ],
        "x-ms-correlation-request-id": [
          "3fd3b82d-cb56-4436-9aac-03509abcb6f7"
        ],
        "x-ms-routing-request-id": [
          "WESTUS2:20180506T173755Z:3fd3b82d-cb56-4436-9aac-03509abcb6f7"
=======
          "075871c0-1364-45c6-a8f5-616231a6b169"
        ],
        "x-ms-correlation-request-id": [
          "075871c0-1364-45c6-a8f5-616231a6b169"
        ],
        "x-ms-routing-request-id": [
          "WESTUS:20201117T155444Z:075871c0-1364-45c6-a8f5-616231a6b169"
>>>>>>> d78b04a5306127f583235b13752c48d4f7d1289a
        ],
        "Strict-Transport-Security": [
          "max-age=31536000; includeSubDomains"
        ],
        "X-Content-Type-Options": [
          "nosniff"
        ],
<<<<<<< HEAD
        "Cache-Control": [
          "no-cache"
        ],
        "Date": [
          "Sun, 06 May 2018 17:37:54 GMT"
        ]
      },
      "StatusCode": 404
    },
    {
      "RequestUri": "/subscriptions/df7c055c-6310-4374-9852-10ef71ce5f85/resourceGroups/ps9316/providers/Microsoft.Sql/servers/ps183?api-version=2015-05-01-preview",
      "EncodedRequestUri": "L3N1YnNjcmlwdGlvbnMvZGY3YzA1NWMtNjMxMC00Mzc0LTk4NTItMTBlZjcxY2U1Zjg1L3Jlc291cmNlR3JvdXBzL3BzOTMxNi9wcm92aWRlcnMvTWljcm9zb2Z0LlNxbC9zZXJ2ZXJzL3BzMTgzP2FwaS12ZXJzaW9uPTIwMTUtMDUtMDEtcHJldmlldw==",
=======
        "Date": [
          "Tue, 17 Nov 2020 15:54:44 GMT"
        ],
        "Content-Type": [
          "application/json; charset=utf-8"
        ],
        "Expires": [
          "-1"
        ],
        "Content-Length": [
          "206"
        ]
      },
      "ResponseBody": "{\r\n  \"error\": {\r\n    \"code\": \"ResourceNotFound\",\r\n    \"message\": \"The Resource 'Microsoft.Sql/servers/ps5599' under resource group 'ps7288' was not found. For more details please go to https://aka.ms/ARMResourceNotFoundFix\"\r\n  }\r\n}",
      "StatusCode": 404
    },
    {
      "RequestUri": "/subscriptions/91446693-dafa-4cc0-8b12-ec2c6c3f6250/resourceGroups/ps7288/providers/Microsoft.Sql/servers/ps5599?api-version=2019-06-01-preview",
      "EncodedRequestUri": "L3N1YnNjcmlwdGlvbnMvOTE0NDY2OTMtZGFmYS00Y2MwLThiMTItZWMyYzZjM2Y2MjUwL3Jlc291cmNlR3JvdXBzL3BzNzI4OC9wcm92aWRlcnMvTWljcm9zb2Z0LlNxbC9zZXJ2ZXJzL3BzNTU5OT9hcGktdmVyc2lvbj0yMDE5LTA2LTAxLXByZXZpZXc=",
>>>>>>> d78b04a5306127f583235b13752c48d4f7d1289a
      "RequestMethod": "GET",
      "RequestBody": "",
      "RequestHeaders": {
        "User-Agent": [
<<<<<<< HEAD
          "FxVersion/4.7.2633.0",
          "OSName/Windows10Enterprise",
          "OSVersion/6.3.16299",
          "Microsoft.Azure.Management.Sql.SqlManagementClient/1.15.0.0"
        ]
      },
      "ResponseBody": "{\r\n  \"kind\": \"v12.0\",\r\n  \"properties\": {\r\n    \"administratorLogin\": \"testusername\",\r\n    \"version\": \"12.0\",\r\n    \"state\": \"Ready\",\r\n    \"fullyQualifiedDomainName\": \"ps183.database.windows.net\"\r\n  },\r\n  \"location\": \"southeastasia\",\r\n  \"id\": \"/subscriptions/df7c055c-6310-4374-9852-10ef71ce5f85/resourceGroups/ps9316/providers/Microsoft.Sql/servers/ps183\",\r\n  \"name\": \"ps183\",\r\n  \"type\": \"Microsoft.Sql/servers\"\r\n}",
      "ResponseHeaders": {
        "Content-Length": [
          "348"
=======
          "FxVersion/4.6.29321.03",
          "OSName/Windows",
          "OSVersion/Microsoft.Windows.10.0.17763.",
          "Microsoft.Azure.Management.Sql.SqlManagementClient/1.46.0.0"
        ]
      },
      "ResponseHeaders": {
        "Cache-Control": [
          "no-cache"
        ],
        "Pragma": [
          "no-cache"
        ],
        "x-ms-request-id": [
          "6f3ff75b-d98f-429f-baba-5605b47e5de8"
        ],
        "Server": [
          "Microsoft-HTTPAPI/2.0"
        ],
        "x-ms-ratelimit-remaining-subscription-reads": [
          "11992"
        ],
        "x-ms-correlation-request-id": [
          "87b670ce-374f-4b23-a554-cebb9cf5f3bc"
        ],
        "x-ms-routing-request-id": [
          "WESTUS:20201117T155533Z:87b670ce-374f-4b23-a554-cebb9cf5f3bc"
        ],
        "Strict-Transport-Security": [
          "max-age=31536000; includeSubDomains"
        ],
        "X-Content-Type-Options": [
          "nosniff"
        ],
        "Date": [
          "Tue, 17 Nov 2020 15:55:32 GMT"
        ],
        "Content-Length": [
          "415"
>>>>>>> d78b04a5306127f583235b13752c48d4f7d1289a
        ],
        "Content-Type": [
          "application/json; charset=utf-8"
        ],
        "Expires": [
          "-1"
<<<<<<< HEAD
=======
        ]
      },
      "ResponseBody": "{\r\n  \"kind\": \"v12.0\",\r\n  \"properties\": {\r\n    \"administratorLogin\": \"testusername\",\r\n    \"version\": \"12.0\",\r\n    \"state\": \"Ready\",\r\n    \"fullyQualifiedDomainName\": \"ps5599.database.windows.net\",\r\n    \"privateEndpointConnections\": [],\r\n    \"publicNetworkAccess\": \"Enabled\"\r\n  },\r\n  \"location\": \"southeastasia\",\r\n  \"id\": \"/subscriptions/91446693-dafa-4cc0-8b12-ec2c6c3f6250/resourceGroups/ps7288/providers/Microsoft.Sql/servers/ps5599\",\r\n  \"name\": \"ps5599\",\r\n  \"type\": \"Microsoft.Sql/servers\"\r\n}",
      "StatusCode": 200
    },
    {
      "RequestUri": "/subscriptions/91446693-dafa-4cc0-8b12-ec2c6c3f6250/resourceGroups/ps7288/providers/Microsoft.Sql/servers/ps5599?api-version=2019-06-01-preview",
      "EncodedRequestUri": "L3N1YnNjcmlwdGlvbnMvOTE0NDY2OTMtZGFmYS00Y2MwLThiMTItZWMyYzZjM2Y2MjUwL3Jlc291cmNlR3JvdXBzL3BzNzI4OC9wcm92aWRlcnMvTWljcm9zb2Z0LlNxbC9zZXJ2ZXJzL3BzNTU5OT9hcGktdmVyc2lvbj0yMDE5LTA2LTAxLXByZXZpZXc=",
      "RequestMethod": "GET",
      "RequestBody": "",
      "RequestHeaders": {
        "x-ms-client-request-id": [
          "e00a33bc-b879-4384-bfa0-42c6361cf161"
        ],
        "Accept-Language": [
          "en-US"
        ],
        "User-Agent": [
          "FxVersion/4.6.29321.03",
          "OSName/Windows",
          "OSVersion/Microsoft.Windows.10.0.17763.",
          "Microsoft.Azure.Management.Sql.SqlManagementClient/1.46.0.0"
        ]
      },
      "ResponseHeaders": {
        "Cache-Control": [
          "no-cache"
>>>>>>> d78b04a5306127f583235b13752c48d4f7d1289a
        ],
        "Pragma": [
          "no-cache"
        ],
        "x-ms-request-id": [
<<<<<<< HEAD
          "1da87989-565c-48e6-80f9-82ab651f1da0"
        ],
        "x-ms-ratelimit-remaining-subscription-reads": [
          "14995"
        ],
        "x-ms-correlation-request-id": [
          "8584ea0b-2a57-4a14-9e9c-6a2f2fde42f5"
        ],
        "x-ms-routing-request-id": [
          "WESTUS2:20180506T173849Z:8584ea0b-2a57-4a14-9e9c-6a2f2fde42f5"
=======
          "4c0d5387-b464-4708-9abc-b3b093d9f62a"
        ],
        "Server": [
          "Microsoft-HTTPAPI/2.0"
        ],
        "x-ms-ratelimit-remaining-subscription-reads": [
          "11991"
        ],
        "x-ms-correlation-request-id": [
          "d02c78a9-b1bb-450c-9a2a-e3e610783dcd"
        ],
        "x-ms-routing-request-id": [
          "WESTUS:20201117T155533Z:d02c78a9-b1bb-450c-9a2a-e3e610783dcd"
>>>>>>> d78b04a5306127f583235b13752c48d4f7d1289a
        ],
        "Strict-Transport-Security": [
          "max-age=31536000; includeSubDomains"
        ],
        "X-Content-Type-Options": [
          "nosniff"
        ],
<<<<<<< HEAD
        "Cache-Control": [
          "no-cache"
        ],
        "Date": [
          "Sun, 06 May 2018 17:38:48 GMT"
        ],
        "Server": [
          "Microsoft-HTTPAPI/2.0"
        ]
      },
      "StatusCode": 200
    },
    {
      "RequestUri": "/subscriptions/df7c055c-6310-4374-9852-10ef71ce5f85/resourceGroups/ps9316/providers/Microsoft.Sql/servers/ps183?api-version=2015-05-01-preview",
      "EncodedRequestUri": "L3N1YnNjcmlwdGlvbnMvZGY3YzA1NWMtNjMxMC00Mzc0LTk4NTItMTBlZjcxY2U1Zjg1L3Jlc291cmNlR3JvdXBzL3BzOTMxNi9wcm92aWRlcnMvTWljcm9zb2Z0LlNxbC9zZXJ2ZXJzL3BzMTgzP2FwaS12ZXJzaW9uPTIwMTUtMDUtMDEtcHJldmlldw==",
=======
        "Date": [
          "Tue, 17 Nov 2020 15:55:33 GMT"
        ],
        "Content-Length": [
          "415"
        ],
        "Content-Type": [
          "application/json; charset=utf-8"
        ],
        "Expires": [
          "-1"
        ]
      },
      "ResponseBody": "{\r\n  \"kind\": \"v12.0\",\r\n  \"properties\": {\r\n    \"administratorLogin\": \"testusername\",\r\n    \"version\": \"12.0\",\r\n    \"state\": \"Ready\",\r\n    \"fullyQualifiedDomainName\": \"ps5599.database.windows.net\",\r\n    \"privateEndpointConnections\": [],\r\n    \"publicNetworkAccess\": \"Enabled\"\r\n  },\r\n  \"location\": \"southeastasia\",\r\n  \"id\": \"/subscriptions/91446693-dafa-4cc0-8b12-ec2c6c3f6250/resourceGroups/ps7288/providers/Microsoft.Sql/servers/ps5599\",\r\n  \"name\": \"ps5599\",\r\n  \"type\": \"Microsoft.Sql/servers\"\r\n}",
      "StatusCode": 200
    },
    {
      "RequestUri": "/subscriptions/91446693-dafa-4cc0-8b12-ec2c6c3f6250/resourceGroups/ps7288/providers/Microsoft.Sql/servers/ps5599?api-version=2019-06-01-preview",
      "EncodedRequestUri": "L3N1YnNjcmlwdGlvbnMvOTE0NDY2OTMtZGFmYS00Y2MwLThiMTItZWMyYzZjM2Y2MjUwL3Jlc291cmNlR3JvdXBzL3BzNzI4OC9wcm92aWRlcnMvTWljcm9zb2Z0LlNxbC9zZXJ2ZXJzL3BzNTU5OT9hcGktdmVyc2lvbj0yMDE5LTA2LTAxLXByZXZpZXc=",
>>>>>>> d78b04a5306127f583235b13752c48d4f7d1289a
      "RequestMethod": "GET",
      "RequestBody": "",
      "RequestHeaders": {
        "x-ms-client-request-id": [
<<<<<<< HEAD
          "71499f60-f9f1-4bb4-84ad-c2f5f2b219a7"
        ],
        "accept-language": [
          "en-US"
        ],
        "User-Agent": [
          "FxVersion/4.7.2633.0",
          "OSName/Windows10Enterprise",
          "OSVersion/6.3.16299",
          "Microsoft.Azure.Management.Sql.SqlManagementClient/1.15.0.0"
        ]
      },
      "ResponseBody": "{\r\n  \"kind\": \"v12.0\",\r\n  \"properties\": {\r\n    \"administratorLogin\": \"testusername\",\r\n    \"version\": \"12.0\",\r\n    \"state\": \"Ready\",\r\n    \"fullyQualifiedDomainName\": \"ps183.database.windows.net\"\r\n  },\r\n  \"location\": \"southeastasia\",\r\n  \"id\": \"/subscriptions/df7c055c-6310-4374-9852-10ef71ce5f85/resourceGroups/ps9316/providers/Microsoft.Sql/servers/ps183\",\r\n  \"name\": \"ps183\",\r\n  \"type\": \"Microsoft.Sql/servers\"\r\n}",
      "ResponseHeaders": {
        "Content-Length": [
          "348"
=======
          "c72f5951-c36b-4b66-964a-e04cf9efa5d7"
        ],
        "Accept-Language": [
          "en-US"
        ],
        "User-Agent": [
          "FxVersion/4.6.29321.03",
          "OSName/Windows",
          "OSVersion/Microsoft.Windows.10.0.17763.",
          "Microsoft.Azure.Management.Sql.SqlManagementClient/1.46.0.0"
        ]
      },
      "ResponseHeaders": {
        "Cache-Control": [
          "no-cache"
        ],
        "Pragma": [
          "no-cache"
        ],
        "x-ms-request-id": [
          "52c85f5c-d8ee-4837-af80-94c7687b467b"
        ],
        "Server": [
          "Microsoft-HTTPAPI/2.0"
        ],
        "x-ms-ratelimit-remaining-subscription-reads": [
          "11989"
        ],
        "x-ms-correlation-request-id": [
          "e61fe2bf-4aaf-411e-8fbb-84ec411282c8"
        ],
        "x-ms-routing-request-id": [
          "WESTUS:20201117T155533Z:e61fe2bf-4aaf-411e-8fbb-84ec411282c8"
        ],
        "Strict-Transport-Security": [
          "max-age=31536000; includeSubDomains"
        ],
        "X-Content-Type-Options": [
          "nosniff"
        ],
        "Date": [
          "Tue, 17 Nov 2020 15:55:33 GMT"
        ],
        "Content-Length": [
          "415"
>>>>>>> d78b04a5306127f583235b13752c48d4f7d1289a
        ],
        "Content-Type": [
          "application/json; charset=utf-8"
        ],
        "Expires": [
          "-1"
<<<<<<< HEAD
=======
        ]
      },
      "ResponseBody": "{\r\n  \"kind\": \"v12.0\",\r\n  \"properties\": {\r\n    \"administratorLogin\": \"testusername\",\r\n    \"version\": \"12.0\",\r\n    \"state\": \"Ready\",\r\n    \"fullyQualifiedDomainName\": \"ps5599.database.windows.net\",\r\n    \"privateEndpointConnections\": [],\r\n    \"publicNetworkAccess\": \"Enabled\"\r\n  },\r\n  \"location\": \"southeastasia\",\r\n  \"id\": \"/subscriptions/91446693-dafa-4cc0-8b12-ec2c6c3f6250/resourceGroups/ps7288/providers/Microsoft.Sql/servers/ps5599\",\r\n  \"name\": \"ps5599\",\r\n  \"type\": \"Microsoft.Sql/servers\"\r\n}",
      "StatusCode": 200
    },
    {
      "RequestUri": "/subscriptions/91446693-dafa-4cc0-8b12-ec2c6c3f6250/resourceGroups/ps7288/providers/Microsoft.Sql/servers/ps5599?api-version=2019-06-01-preview",
      "EncodedRequestUri": "L3N1YnNjcmlwdGlvbnMvOTE0NDY2OTMtZGFmYS00Y2MwLThiMTItZWMyYzZjM2Y2MjUwL3Jlc291cmNlR3JvdXBzL3BzNzI4OC9wcm92aWRlcnMvTWljcm9zb2Z0LlNxbC9zZXJ2ZXJzL3BzNTU5OT9hcGktdmVyc2lvbj0yMDE5LTA2LTAxLXByZXZpZXc=",
      "RequestMethod": "GET",
      "RequestBody": "",
      "RequestHeaders": {
        "x-ms-client-request-id": [
          "4cae3435-11e4-4a1a-b0b3-e40914739ebb"
        ],
        "Accept-Language": [
          "en-US"
        ],
        "User-Agent": [
          "FxVersion/4.6.29321.03",
          "OSName/Windows",
          "OSVersion/Microsoft.Windows.10.0.17763.",
          "Microsoft.Azure.Management.Sql.SqlManagementClient/1.46.0.0"
        ]
      },
      "ResponseHeaders": {
        "Cache-Control": [
          "no-cache"
>>>>>>> d78b04a5306127f583235b13752c48d4f7d1289a
        ],
        "Pragma": [
          "no-cache"
        ],
        "x-ms-request-id": [
<<<<<<< HEAD
          "288ee151-7d9b-4384-85ca-b83dbc7bcab5"
        ],
        "x-ms-ratelimit-remaining-subscription-reads": [
          "14993"
        ],
        "x-ms-correlation-request-id": [
          "c90bd0c7-6eb1-4f15-9c1f-1203bd22407a"
        ],
        "x-ms-routing-request-id": [
          "WESTUS2:20180506T173849Z:c90bd0c7-6eb1-4f15-9c1f-1203bd22407a"
=======
          "67ac5d92-bd82-4ea4-8c04-f695ea70edf8"
        ],
        "Server": [
          "Microsoft-HTTPAPI/2.0"
        ],
        "x-ms-ratelimit-remaining-subscription-reads": [
          "11981"
        ],
        "x-ms-correlation-request-id": [
          "e36fcce0-7348-4502-93fb-023200948803"
        ],
        "x-ms-routing-request-id": [
          "WESTUS:20201117T155652Z:e36fcce0-7348-4502-93fb-023200948803"
>>>>>>> d78b04a5306127f583235b13752c48d4f7d1289a
        ],
        "Strict-Transport-Security": [
          "max-age=31536000; includeSubDomains"
        ],
        "X-Content-Type-Options": [
          "nosniff"
        ],
<<<<<<< HEAD
        "Cache-Control": [
          "no-cache"
        ],
        "Date": [
          "Sun, 06 May 2018 17:38:48 GMT"
        ],
        "Server": [
          "Microsoft-HTTPAPI/2.0"
        ]
      },
      "StatusCode": 200
    },
    {
      "RequestUri": "/subscriptions/df7c055c-6310-4374-9852-10ef71ce5f85/resourceGroups/ps9316/providers/Microsoft.Sql/servers/ps183?api-version=2015-05-01-preview",
      "EncodedRequestUri": "L3N1YnNjcmlwdGlvbnMvZGY3YzA1NWMtNjMxMC00Mzc0LTk4NTItMTBlZjcxY2U1Zjg1L3Jlc291cmNlR3JvdXBzL3BzOTMxNi9wcm92aWRlcnMvTWljcm9zb2Z0LlNxbC9zZXJ2ZXJzL3BzMTgzP2FwaS12ZXJzaW9uPTIwMTUtMDUtMDEtcHJldmlldw==",
      "RequestMethod": "PUT",
      "RequestBody": "{\r\n  \"properties\": {\r\n    \"administratorLogin\": \"testusername\",\r\n    \"administratorLoginPassword\": \"t357ingP@s5w0rd!\"\r\n  },\r\n  \"location\": \"Southeast Asia\"\r\n}",
      "RequestHeaders": {
        "Content-Type": [
          "application/json; charset=utf-8"
        ],
        "Content-Length": [
          "158"
        ],
        "x-ms-client-request-id": [
          "4612ca3f-5001-424a-a9c2-8627a4a5a8e3"
        ],
        "accept-language": [
          "en-US"
        ],
        "User-Agent": [
          "FxVersion/4.7.2633.0",
          "OSName/Windows10Enterprise",
          "OSVersion/6.3.16299",
          "Microsoft.Azure.Management.Sql.SqlManagementClient/1.15.0.0"
        ]
      },
      "ResponseBody": "{\r\n  \"operation\": \"UpsertLogicalServer\",\r\n  \"startTime\": \"2018-05-06T17:37:57.477Z\"\r\n}",
      "ResponseHeaders": {
        "Content-Length": [
          "74"
=======
        "Date": [
          "Tue, 17 Nov 2020 15:56:51 GMT"
        ],
        "Content-Length": [
          "415"
        ],
        "Content-Type": [
          "application/json; charset=utf-8"
        ],
        "Expires": [
          "-1"
        ]
      },
      "ResponseBody": "{\r\n  \"kind\": \"v12.0\",\r\n  \"properties\": {\r\n    \"administratorLogin\": \"testusername\",\r\n    \"version\": \"12.0\",\r\n    \"state\": \"Ready\",\r\n    \"fullyQualifiedDomainName\": \"ps5599.database.windows.net\",\r\n    \"privateEndpointConnections\": [],\r\n    \"publicNetworkAccess\": \"Enabled\"\r\n  },\r\n  \"location\": \"southeastasia\",\r\n  \"id\": \"/subscriptions/91446693-dafa-4cc0-8b12-ec2c6c3f6250/resourceGroups/ps7288/providers/Microsoft.Sql/servers/ps5599\",\r\n  \"name\": \"ps5599\",\r\n  \"type\": \"Microsoft.Sql/servers\"\r\n}",
      "StatusCode": 200
    },
    {
      "RequestUri": "/subscriptions/91446693-dafa-4cc0-8b12-ec2c6c3f6250/resourceGroups/ps7288/providers/Microsoft.Sql/servers/ps5599?api-version=2019-06-01-preview",
      "EncodedRequestUri": "L3N1YnNjcmlwdGlvbnMvOTE0NDY2OTMtZGFmYS00Y2MwLThiMTItZWMyYzZjM2Y2MjUwL3Jlc291cmNlR3JvdXBzL3BzNzI4OC9wcm92aWRlcnMvTWljcm9zb2Z0LlNxbC9zZXJ2ZXJzL3BzNTU5OT9hcGktdmVyc2lvbj0yMDE5LTA2LTAxLXByZXZpZXc=",
      "RequestMethod": "PUT",
      "RequestBody": "{\r\n  \"properties\": {\r\n    \"administratorLogin\": \"testusername\",\r\n    \"administratorLoginPassword\": \"t357ingP@s5w0rd!\"\r\n  },\r\n  \"location\": \"Southeast Asia\"\r\n}",
      "RequestHeaders": {
        "x-ms-client-request-id": [
          "b3c1bbfe-5347-47c7-b155-2099b0039b94"
        ],
        "Accept-Language": [
          "en-US"
        ],
        "User-Agent": [
          "FxVersion/4.6.29321.03",
          "OSName/Windows",
          "OSVersion/Microsoft.Windows.10.0.17763.",
          "Microsoft.Azure.Management.Sql.SqlManagementClient/1.46.0.0"
>>>>>>> d78b04a5306127f583235b13752c48d4f7d1289a
        ],
        "Content-Type": [
          "application/json; charset=utf-8"
        ],
<<<<<<< HEAD
        "Expires": [
          "-1"
=======
        "Content-Length": [
          "158"
        ]
      },
      "ResponseHeaders": {
        "Cache-Control": [
          "no-cache"
>>>>>>> d78b04a5306127f583235b13752c48d4f7d1289a
        ],
        "Pragma": [
          "no-cache"
        ],
<<<<<<< HEAD
=======
        "Location": [
          "https://management.azure.com/subscriptions/91446693-dafa-4cc0-8b12-ec2c6c3f6250/resourceGroups/ps7288/providers/Microsoft.Sql/locations/southeastasia/serverOperationResults/f7d0ce06-65cf-4bb5-8899-9a04982d63d2?api-version=2019-06-01-preview"
        ],
>>>>>>> d78b04a5306127f583235b13752c48d4f7d1289a
        "Retry-After": [
          "1"
        ],
        "Azure-AsyncOperation": [
<<<<<<< HEAD
          "https://management.azure.com/subscriptions/df7c055c-6310-4374-9852-10ef71ce5f85/resourceGroups/ps9316/providers/Microsoft.Sql/locations/southeastasia/serverAzureAsyncOperation/503c2594-94c3-48f5-8af7-f70aa7be9daa?api-version=2015-05-01-preview"
        ],
        "x-ms-request-id": [
          "503c2594-94c3-48f5-8af7-f70aa7be9daa"
        ],
        "x-ms-ratelimit-remaining-subscription-writes": [
          "1198"
        ],
        "x-ms-correlation-request-id": [
          "9e2e94df-9def-4a87-b304-8075233f6c4a"
        ],
        "x-ms-routing-request-id": [
          "WESTUS2:20180506T173757Z:9e2e94df-9def-4a87-b304-8075233f6c4a"
=======
          "https://management.azure.com/subscriptions/91446693-dafa-4cc0-8b12-ec2c6c3f6250/resourceGroups/ps7288/providers/Microsoft.Sql/locations/southeastasia/serverAzureAsyncOperation/f7d0ce06-65cf-4bb5-8899-9a04982d63d2?api-version=2019-06-01-preview"
        ],
        "x-ms-request-id": [
          "f7d0ce06-65cf-4bb5-8899-9a04982d63d2"
        ],
        "Server": [
          "Microsoft-HTTPAPI/2.0"
        ],
        "x-ms-ratelimit-remaining-subscription-writes": [
          "1199"
        ],
        "x-ms-correlation-request-id": [
          "4af973c0-14fd-40d8-94ae-ac953e1666dd"
        ],
        "x-ms-routing-request-id": [
          "WESTUS:20201117T155447Z:4af973c0-14fd-40d8-94ae-ac953e1666dd"
>>>>>>> d78b04a5306127f583235b13752c48d4f7d1289a
        ],
        "Strict-Transport-Security": [
          "max-age=31536000; includeSubDomains"
        ],
        "X-Content-Type-Options": [
          "nosniff"
        ],
<<<<<<< HEAD
        "Cache-Control": [
          "no-cache"
        ],
        "Date": [
          "Sun, 06 May 2018 17:37:56 GMT"
        ],
        "Location": [
          "https://management.azure.com/subscriptions/df7c055c-6310-4374-9852-10ef71ce5f85/resourceGroups/ps9316/providers/Microsoft.Sql/locations/southeastasia/serverOperationResults/503c2594-94c3-48f5-8af7-f70aa7be9daa?api-version=2015-05-01-preview"
        ],
        "Server": [
          "Microsoft-HTTPAPI/2.0"
        ]
      },
      "StatusCode": 202
    },
    {
      "RequestUri": "/subscriptions/df7c055c-6310-4374-9852-10ef71ce5f85/resourceGroups/ps9316/providers/Microsoft.Sql/locations/southeastasia/serverAzureAsyncOperation/503c2594-94c3-48f5-8af7-f70aa7be9daa?api-version=2015-05-01-preview",
      "EncodedRequestUri": "L3N1YnNjcmlwdGlvbnMvZGY3YzA1NWMtNjMxMC00Mzc0LTk4NTItMTBlZjcxY2U1Zjg1L3Jlc291cmNlR3JvdXBzL3BzOTMxNi9wcm92aWRlcnMvTWljcm9zb2Z0LlNxbC9sb2NhdGlvbnMvc291dGhlYXN0YXNpYS9zZXJ2ZXJBenVyZUFzeW5jT3BlcmF0aW9uLzUwM2MyNTk0LTk0YzMtNDhmNS04YWY3LWY3MGFhN2JlOWRhYT9hcGktdmVyc2lvbj0yMDE1LTA1LTAxLXByZXZpZXc=",
=======
        "Date": [
          "Tue, 17 Nov 2020 15:54:47 GMT"
        ],
        "Content-Length": [
          "73"
        ],
        "Content-Type": [
          "application/json; charset=utf-8"
        ],
        "Expires": [
          "-1"
        ]
      },
      "ResponseBody": "{\r\n  \"operation\": \"UpsertLogicalServer\",\r\n  \"startTime\": \"2020-11-17T15:54:46.99Z\"\r\n}",
      "StatusCode": 202
    },
    {
      "RequestUri": "/subscriptions/91446693-dafa-4cc0-8b12-ec2c6c3f6250/resourceGroups/ps7288/providers/Microsoft.Sql/locations/southeastasia/serverAzureAsyncOperation/f7d0ce06-65cf-4bb5-8899-9a04982d63d2?api-version=2019-06-01-preview",
      "EncodedRequestUri": "L3N1YnNjcmlwdGlvbnMvOTE0NDY2OTMtZGFmYS00Y2MwLThiMTItZWMyYzZjM2Y2MjUwL3Jlc291cmNlR3JvdXBzL3BzNzI4OC9wcm92aWRlcnMvTWljcm9zb2Z0LlNxbC9sb2NhdGlvbnMvc291dGhlYXN0YXNpYS9zZXJ2ZXJBenVyZUFzeW5jT3BlcmF0aW9uL2Y3ZDBjZTA2LTY1Y2YtNGJiNS04ODk5LTlhMDQ5ODJkNjNkMj9hcGktdmVyc2lvbj0yMDE5LTA2LTAxLXByZXZpZXc=",
>>>>>>> d78b04a5306127f583235b13752c48d4f7d1289a
      "RequestMethod": "GET",
      "RequestBody": "",
      "RequestHeaders": {
        "User-Agent": [
<<<<<<< HEAD
          "FxVersion/4.7.2633.0",
          "OSName/Windows10Enterprise",
          "OSVersion/6.3.16299",
          "Microsoft.Azure.Management.Sql.SqlManagementClient/1.15.0.0"
        ]
      },
      "ResponseBody": "{\r\n  \"name\": \"503c2594-94c3-48f5-8af7-f70aa7be9daa\",\r\n  \"status\": \"InProgress\",\r\n  \"startTime\": \"2018-05-06T17:37:57.477Z\"\r\n}",
      "ResponseHeaders": {
        "Content-Length": [
          "108"
=======
          "FxVersion/4.6.29321.03",
          "OSName/Windows",
          "OSVersion/Microsoft.Windows.10.0.17763.",
          "Microsoft.Azure.Management.Sql.SqlManagementClient/1.46.0.0"
        ]
      },
      "ResponseHeaders": {
        "Cache-Control": [
          "no-cache"
        ],
        "Pragma": [
          "no-cache"
        ],
        "Retry-After": [
          "1"
        ],
        "x-ms-request-id": [
          "e51cc94e-3263-480f-a591-f9d1a4283db5"
        ],
        "Server": [
          "Microsoft-HTTPAPI/2.0"
        ],
        "x-ms-ratelimit-remaining-subscription-reads": [
          "11998"
        ],
        "x-ms-correlation-request-id": [
          "6f1f5a46-7fcc-404b-a431-4ff5e83085e8"
        ],
        "x-ms-routing-request-id": [
          "WESTUS:20201117T155448Z:6f1f5a46-7fcc-404b-a431-4ff5e83085e8"
        ],
        "Strict-Transport-Security": [
          "max-age=31536000; includeSubDomains"
        ],
        "X-Content-Type-Options": [
          "nosniff"
        ],
        "Date": [
          "Tue, 17 Nov 2020 15:54:48 GMT"
        ],
        "Content-Length": [
          "107"
>>>>>>> d78b04a5306127f583235b13752c48d4f7d1289a
        ],
        "Content-Type": [
          "application/json; charset=utf-8"
        ],
        "Expires": [
          "-1"
<<<<<<< HEAD
=======
        ]
      },
      "ResponseBody": "{\r\n  \"name\": \"f7d0ce06-65cf-4bb5-8899-9a04982d63d2\",\r\n  \"status\": \"InProgress\",\r\n  \"startTime\": \"2020-11-17T15:54:46.99Z\"\r\n}",
      "StatusCode": 200
    },
    {
      "RequestUri": "/subscriptions/91446693-dafa-4cc0-8b12-ec2c6c3f6250/resourceGroups/ps7288/providers/Microsoft.Sql/locations/southeastasia/serverAzureAsyncOperation/f7d0ce06-65cf-4bb5-8899-9a04982d63d2?api-version=2019-06-01-preview",
      "EncodedRequestUri": "L3N1YnNjcmlwdGlvbnMvOTE0NDY2OTMtZGFmYS00Y2MwLThiMTItZWMyYzZjM2Y2MjUwL3Jlc291cmNlR3JvdXBzL3BzNzI4OC9wcm92aWRlcnMvTWljcm9zb2Z0LlNxbC9sb2NhdGlvbnMvc291dGhlYXN0YXNpYS9zZXJ2ZXJBenVyZUFzeW5jT3BlcmF0aW9uL2Y3ZDBjZTA2LTY1Y2YtNGJiNS04ODk5LTlhMDQ5ODJkNjNkMj9hcGktdmVyc2lvbj0yMDE5LTA2LTAxLXByZXZpZXc=",
      "RequestMethod": "GET",
      "RequestBody": "",
      "RequestHeaders": {
        "User-Agent": [
          "FxVersion/4.6.29321.03",
          "OSName/Windows",
          "OSVersion/Microsoft.Windows.10.0.17763.",
          "Microsoft.Azure.Management.Sql.SqlManagementClient/1.46.0.0"
        ]
      },
      "ResponseHeaders": {
        "Cache-Control": [
          "no-cache"
>>>>>>> d78b04a5306127f583235b13752c48d4f7d1289a
        ],
        "Pragma": [
          "no-cache"
        ],
        "Retry-After": [
<<<<<<< HEAD
          "20"
        ],
        "x-ms-request-id": [
          "eb74aca7-0fc7-4cc1-acc2-5c647fa61aab"
        ],
        "x-ms-ratelimit-remaining-subscription-reads": [
          "14998"
        ],
        "x-ms-correlation-request-id": [
          "95c9df94-ce59-44c5-be3c-89b99599bc80"
        ],
        "x-ms-routing-request-id": [
          "WESTUS2:20180506T173807Z:95c9df94-ce59-44c5-be3c-89b99599bc80"
=======
          "1"
        ],
        "x-ms-request-id": [
          "a7283fdf-2ab5-4986-a37f-a95cea26c7ea"
        ],
        "Server": [
          "Microsoft-HTTPAPI/2.0"
        ],
        "x-ms-ratelimit-remaining-subscription-reads": [
          "11997"
        ],
        "x-ms-correlation-request-id": [
          "49dd57e1-1900-4ddf-a33d-29075e69e7ab"
        ],
        "x-ms-routing-request-id": [
          "WESTUS:20201117T155449Z:49dd57e1-1900-4ddf-a33d-29075e69e7ab"
>>>>>>> d78b04a5306127f583235b13752c48d4f7d1289a
        ],
        "Strict-Transport-Security": [
          "max-age=31536000; includeSubDomains"
        ],
        "X-Content-Type-Options": [
          "nosniff"
        ],
<<<<<<< HEAD
        "Cache-Control": [
          "no-cache"
        ],
        "Date": [
          "Sun, 06 May 2018 17:38:07 GMT"
        ],
        "Server": [
          "Microsoft-HTTPAPI/2.0"
        ]
      },
      "StatusCode": 200
    },
    {
      "RequestUri": "/subscriptions/df7c055c-6310-4374-9852-10ef71ce5f85/resourceGroups/ps9316/providers/Microsoft.Sql/locations/southeastasia/serverAzureAsyncOperation/503c2594-94c3-48f5-8af7-f70aa7be9daa?api-version=2015-05-01-preview",
      "EncodedRequestUri": "L3N1YnNjcmlwdGlvbnMvZGY3YzA1NWMtNjMxMC00Mzc0LTk4NTItMTBlZjcxY2U1Zjg1L3Jlc291cmNlR3JvdXBzL3BzOTMxNi9wcm92aWRlcnMvTWljcm9zb2Z0LlNxbC9sb2NhdGlvbnMvc291dGhlYXN0YXNpYS9zZXJ2ZXJBenVyZUFzeW5jT3BlcmF0aW9uLzUwM2MyNTk0LTk0YzMtNDhmNS04YWY3LWY3MGFhN2JlOWRhYT9hcGktdmVyc2lvbj0yMDE1LTA1LTAxLXByZXZpZXc=",
=======
        "Date": [
          "Tue, 17 Nov 2020 15:54:49 GMT"
        ],
        "Content-Length": [
          "107"
        ],
        "Content-Type": [
          "application/json; charset=utf-8"
        ],
        "Expires": [
          "-1"
        ]
      },
      "ResponseBody": "{\r\n  \"name\": \"f7d0ce06-65cf-4bb5-8899-9a04982d63d2\",\r\n  \"status\": \"InProgress\",\r\n  \"startTime\": \"2020-11-17T15:54:46.99Z\"\r\n}",
      "StatusCode": 200
    },
    {
      "RequestUri": "/subscriptions/91446693-dafa-4cc0-8b12-ec2c6c3f6250/resourceGroups/ps7288/providers/Microsoft.Sql/locations/southeastasia/serverAzureAsyncOperation/f7d0ce06-65cf-4bb5-8899-9a04982d63d2?api-version=2019-06-01-preview",
      "EncodedRequestUri": "L3N1YnNjcmlwdGlvbnMvOTE0NDY2OTMtZGFmYS00Y2MwLThiMTItZWMyYzZjM2Y2MjUwL3Jlc291cmNlR3JvdXBzL3BzNzI4OC9wcm92aWRlcnMvTWljcm9zb2Z0LlNxbC9sb2NhdGlvbnMvc291dGhlYXN0YXNpYS9zZXJ2ZXJBenVyZUFzeW5jT3BlcmF0aW9uL2Y3ZDBjZTA2LTY1Y2YtNGJiNS04ODk5LTlhMDQ5ODJkNjNkMj9hcGktdmVyc2lvbj0yMDE5LTA2LTAxLXByZXZpZXc=",
>>>>>>> d78b04a5306127f583235b13752c48d4f7d1289a
      "RequestMethod": "GET",
      "RequestBody": "",
      "RequestHeaders": {
        "User-Agent": [
<<<<<<< HEAD
          "FxVersion/4.7.2633.0",
          "OSName/Windows10Enterprise",
          "OSVersion/6.3.16299",
          "Microsoft.Azure.Management.Sql.SqlManagementClient/1.15.0.0"
        ]
      },
      "ResponseBody": "{\r\n  \"name\": \"503c2594-94c3-48f5-8af7-f70aa7be9daa\",\r\n  \"status\": \"InProgress\",\r\n  \"startTime\": \"2018-05-06T17:37:57.477Z\"\r\n}",
      "ResponseHeaders": {
        "Content-Length": [
          "108"
=======
          "FxVersion/4.6.29321.03",
          "OSName/Windows",
          "OSVersion/Microsoft.Windows.10.0.17763.",
          "Microsoft.Azure.Management.Sql.SqlManagementClient/1.46.0.0"
        ]
      },
      "ResponseHeaders": {
        "Cache-Control": [
          "no-cache"
        ],
        "Pragma": [
          "no-cache"
        ],
        "Retry-After": [
          "1"
        ],
        "x-ms-request-id": [
          "bd6386e6-9993-424e-bb0c-1d23d51889a7"
        ],
        "Server": [
          "Microsoft-HTTPAPI/2.0"
        ],
        "x-ms-ratelimit-remaining-subscription-reads": [
          "11996"
        ],
        "x-ms-correlation-request-id": [
          "93db8c3d-81b4-481b-b410-6529f0ce8971"
        ],
        "x-ms-routing-request-id": [
          "WESTUS:20201117T155451Z:93db8c3d-81b4-481b-b410-6529f0ce8971"
        ],
        "Strict-Transport-Security": [
          "max-age=31536000; includeSubDomains"
        ],
        "X-Content-Type-Options": [
          "nosniff"
        ],
        "Date": [
          "Tue, 17 Nov 2020 15:54:50 GMT"
        ],
        "Content-Length": [
          "107"
>>>>>>> d78b04a5306127f583235b13752c48d4f7d1289a
        ],
        "Content-Type": [
          "application/json; charset=utf-8"
        ],
        "Expires": [
          "-1"
<<<<<<< HEAD
=======
        ]
      },
      "ResponseBody": "{\r\n  \"name\": \"f7d0ce06-65cf-4bb5-8899-9a04982d63d2\",\r\n  \"status\": \"InProgress\",\r\n  \"startTime\": \"2020-11-17T15:54:46.99Z\"\r\n}",
      "StatusCode": 200
    },
    {
      "RequestUri": "/subscriptions/91446693-dafa-4cc0-8b12-ec2c6c3f6250/resourceGroups/ps7288/providers/Microsoft.Sql/locations/southeastasia/serverAzureAsyncOperation/f7d0ce06-65cf-4bb5-8899-9a04982d63d2?api-version=2019-06-01-preview",
      "EncodedRequestUri": "L3N1YnNjcmlwdGlvbnMvOTE0NDY2OTMtZGFmYS00Y2MwLThiMTItZWMyYzZjM2Y2MjUwL3Jlc291cmNlR3JvdXBzL3BzNzI4OC9wcm92aWRlcnMvTWljcm9zb2Z0LlNxbC9sb2NhdGlvbnMvc291dGhlYXN0YXNpYS9zZXJ2ZXJBenVyZUFzeW5jT3BlcmF0aW9uL2Y3ZDBjZTA2LTY1Y2YtNGJiNS04ODk5LTlhMDQ5ODJkNjNkMj9hcGktdmVyc2lvbj0yMDE5LTA2LTAxLXByZXZpZXc=",
      "RequestMethod": "GET",
      "RequestBody": "",
      "RequestHeaders": {
        "User-Agent": [
          "FxVersion/4.6.29321.03",
          "OSName/Windows",
          "OSVersion/Microsoft.Windows.10.0.17763.",
          "Microsoft.Azure.Management.Sql.SqlManagementClient/1.46.0.0"
        ]
      },
      "ResponseHeaders": {
        "Cache-Control": [
          "no-cache"
>>>>>>> d78b04a5306127f583235b13752c48d4f7d1289a
        ],
        "Pragma": [
          "no-cache"
        ],
        "Retry-After": [
          "20"
        ],
        "x-ms-request-id": [
<<<<<<< HEAD
          "560caaaa-a74f-4de5-a046-a73637b41202"
        ],
        "x-ms-ratelimit-remaining-subscription-reads": [
          "14997"
        ],
        "x-ms-correlation-request-id": [
          "2e6a7dff-46a4-48e6-ad26-2c662d4e8555"
        ],
        "x-ms-routing-request-id": [
          "WESTUS2:20180506T173828Z:2e6a7dff-46a4-48e6-ad26-2c662d4e8555"
=======
          "205b7da5-1e71-492e-817e-1ad83a57199d"
        ],
        "Server": [
          "Microsoft-HTTPAPI/2.0"
        ],
        "x-ms-ratelimit-remaining-subscription-reads": [
          "11995"
        ],
        "x-ms-correlation-request-id": [
          "70db9a06-5c1a-485c-bc85-3a85af63aae5"
        ],
        "x-ms-routing-request-id": [
          "WESTUS:20201117T155452Z:70db9a06-5c1a-485c-bc85-3a85af63aae5"
>>>>>>> d78b04a5306127f583235b13752c48d4f7d1289a
        ],
        "Strict-Transport-Security": [
          "max-age=31536000; includeSubDomains"
        ],
        "X-Content-Type-Options": [
          "nosniff"
        ],
<<<<<<< HEAD
        "Cache-Control": [
          "no-cache"
        ],
        "Date": [
          "Sun, 06 May 2018 17:38:27 GMT"
        ],
        "Server": [
          "Microsoft-HTTPAPI/2.0"
        ]
      },
      "StatusCode": 200
    },
    {
      "RequestUri": "/subscriptions/df7c055c-6310-4374-9852-10ef71ce5f85/resourceGroups/ps9316/providers/Microsoft.Sql/locations/southeastasia/serverAzureAsyncOperation/503c2594-94c3-48f5-8af7-f70aa7be9daa?api-version=2015-05-01-preview",
      "EncodedRequestUri": "L3N1YnNjcmlwdGlvbnMvZGY3YzA1NWMtNjMxMC00Mzc0LTk4NTItMTBlZjcxY2U1Zjg1L3Jlc291cmNlR3JvdXBzL3BzOTMxNi9wcm92aWRlcnMvTWljcm9zb2Z0LlNxbC9sb2NhdGlvbnMvc291dGhlYXN0YXNpYS9zZXJ2ZXJBenVyZUFzeW5jT3BlcmF0aW9uLzUwM2MyNTk0LTk0YzMtNDhmNS04YWY3LWY3MGFhN2JlOWRhYT9hcGktdmVyc2lvbj0yMDE1LTA1LTAxLXByZXZpZXc=",
=======
        "Date": [
          "Tue, 17 Nov 2020 15:54:52 GMT"
        ],
        "Content-Length": [
          "107"
        ],
        "Content-Type": [
          "application/json; charset=utf-8"
        ],
        "Expires": [
          "-1"
        ]
      },
      "ResponseBody": "{\r\n  \"name\": \"f7d0ce06-65cf-4bb5-8899-9a04982d63d2\",\r\n  \"status\": \"InProgress\",\r\n  \"startTime\": \"2020-11-17T15:54:46.99Z\"\r\n}",
      "StatusCode": 200
    },
    {
      "RequestUri": "/subscriptions/91446693-dafa-4cc0-8b12-ec2c6c3f6250/resourceGroups/ps7288/providers/Microsoft.Sql/locations/southeastasia/serverAzureAsyncOperation/f7d0ce06-65cf-4bb5-8899-9a04982d63d2?api-version=2019-06-01-preview",
      "EncodedRequestUri": "L3N1YnNjcmlwdGlvbnMvOTE0NDY2OTMtZGFmYS00Y2MwLThiMTItZWMyYzZjM2Y2MjUwL3Jlc291cmNlR3JvdXBzL3BzNzI4OC9wcm92aWRlcnMvTWljcm9zb2Z0LlNxbC9sb2NhdGlvbnMvc291dGhlYXN0YXNpYS9zZXJ2ZXJBenVyZUFzeW5jT3BlcmF0aW9uL2Y3ZDBjZTA2LTY1Y2YtNGJiNS04ODk5LTlhMDQ5ODJkNjNkMj9hcGktdmVyc2lvbj0yMDE5LTA2LTAxLXByZXZpZXc=",
>>>>>>> d78b04a5306127f583235b13752c48d4f7d1289a
      "RequestMethod": "GET",
      "RequestBody": "",
      "RequestHeaders": {
        "User-Agent": [
<<<<<<< HEAD
          "FxVersion/4.7.2633.0",
          "OSName/Windows10Enterprise",
          "OSVersion/6.3.16299",
          "Microsoft.Azure.Management.Sql.SqlManagementClient/1.15.0.0"
        ]
      },
      "ResponseBody": "{\r\n  \"name\": \"503c2594-94c3-48f5-8af7-f70aa7be9daa\",\r\n  \"status\": \"Succeeded\",\r\n  \"startTime\": \"2018-05-06T17:37:57.477Z\"\r\n}",
      "ResponseHeaders": {
=======
          "FxVersion/4.6.29321.03",
          "OSName/Windows",
          "OSVersion/Microsoft.Windows.10.0.17763.",
          "Microsoft.Azure.Management.Sql.SqlManagementClient/1.46.0.0"
        ]
      },
      "ResponseHeaders": {
        "Cache-Control": [
          "no-cache"
        ],
        "Pragma": [
          "no-cache"
        ],
        "Retry-After": [
          "20"
        ],
        "x-ms-request-id": [
          "3879612a-e674-46f0-9586-c74e2812f8d4"
        ],
        "Server": [
          "Microsoft-HTTPAPI/2.0"
        ],
        "x-ms-ratelimit-remaining-subscription-reads": [
          "11994"
        ],
        "x-ms-correlation-request-id": [
          "f53c6fcd-9fb7-4f51-9539-50fb9cb2eea0"
        ],
        "x-ms-routing-request-id": [
          "WESTUS:20201117T155512Z:f53c6fcd-9fb7-4f51-9539-50fb9cb2eea0"
        ],
        "Strict-Transport-Security": [
          "max-age=31536000; includeSubDomains"
        ],
        "X-Content-Type-Options": [
          "nosniff"
        ],
        "Date": [
          "Tue, 17 Nov 2020 15:55:12 GMT"
        ],
>>>>>>> d78b04a5306127f583235b13752c48d4f7d1289a
        "Content-Length": [
          "107"
        ],
        "Content-Type": [
          "application/json; charset=utf-8"
        ],
        "Expires": [
          "-1"
<<<<<<< HEAD
=======
        ]
      },
      "ResponseBody": "{\r\n  \"name\": \"f7d0ce06-65cf-4bb5-8899-9a04982d63d2\",\r\n  \"status\": \"InProgress\",\r\n  \"startTime\": \"2020-11-17T15:54:46.99Z\"\r\n}",
      "StatusCode": 200
    },
    {
      "RequestUri": "/subscriptions/91446693-dafa-4cc0-8b12-ec2c6c3f6250/resourceGroups/ps7288/providers/Microsoft.Sql/locations/southeastasia/serverAzureAsyncOperation/f7d0ce06-65cf-4bb5-8899-9a04982d63d2?api-version=2019-06-01-preview",
      "EncodedRequestUri": "L3N1YnNjcmlwdGlvbnMvOTE0NDY2OTMtZGFmYS00Y2MwLThiMTItZWMyYzZjM2Y2MjUwL3Jlc291cmNlR3JvdXBzL3BzNzI4OC9wcm92aWRlcnMvTWljcm9zb2Z0LlNxbC9sb2NhdGlvbnMvc291dGhlYXN0YXNpYS9zZXJ2ZXJBenVyZUFzeW5jT3BlcmF0aW9uL2Y3ZDBjZTA2LTY1Y2YtNGJiNS04ODk5LTlhMDQ5ODJkNjNkMj9hcGktdmVyc2lvbj0yMDE5LTA2LTAxLXByZXZpZXc=",
      "RequestMethod": "GET",
      "RequestBody": "",
      "RequestHeaders": {
        "User-Agent": [
          "FxVersion/4.6.29321.03",
          "OSName/Windows",
          "OSVersion/Microsoft.Windows.10.0.17763.",
          "Microsoft.Azure.Management.Sql.SqlManagementClient/1.46.0.0"
        ]
      },
      "ResponseHeaders": {
        "Cache-Control": [
          "no-cache"
>>>>>>> d78b04a5306127f583235b13752c48d4f7d1289a
        ],
        "Pragma": [
          "no-cache"
        ],
        "Retry-After": [
          "15"
        ],
        "x-ms-request-id": [
<<<<<<< HEAD
          "e76bc45d-117f-4204-a929-044862bdbc95"
        ],
        "x-ms-ratelimit-remaining-subscription-reads": [
          "14996"
        ],
        "x-ms-correlation-request-id": [
          "3b3f847f-b433-4c8a-8b21-3872b91c538a"
        ],
        "x-ms-routing-request-id": [
          "WESTUS2:20180506T173848Z:3b3f847f-b433-4c8a-8b21-3872b91c538a"
=======
          "e99ce175-d713-4f60-8ba7-fc46a57e484c"
        ],
        "Server": [
          "Microsoft-HTTPAPI/2.0"
        ],
        "x-ms-ratelimit-remaining-subscription-reads": [
          "11993"
        ],
        "x-ms-correlation-request-id": [
          "f6dc1051-4360-4208-8d8d-dd9e7fc17ea0"
        ],
        "x-ms-routing-request-id": [
          "WESTUS:20201117T155532Z:f6dc1051-4360-4208-8d8d-dd9e7fc17ea0"
>>>>>>> d78b04a5306127f583235b13752c48d4f7d1289a
        ],
        "Strict-Transport-Security": [
          "max-age=31536000; includeSubDomains"
        ],
        "X-Content-Type-Options": [
          "nosniff"
        ],
<<<<<<< HEAD
        "Cache-Control": [
          "no-cache"
        ],
        "Date": [
          "Sun, 06 May 2018 17:38:47 GMT"
        ],
        "Server": [
          "Microsoft-HTTPAPI/2.0"
        ]
      },
      "StatusCode": 200
    },
    {
      "RequestUri": "/subscriptions/df7c055c-6310-4374-9852-10ef71ce5f85/resourceGroups/ps9316/providers/Microsoft.Sql/servers/ps183/databases/ps6422?api-version=2017-10-01-preview",
      "EncodedRequestUri": "L3N1YnNjcmlwdGlvbnMvZGY3YzA1NWMtNjMxMC00Mzc0LTk4NTItMTBlZjcxY2U1Zjg1L3Jlc291cmNlR3JvdXBzL3BzOTMxNi9wcm92aWRlcnMvTWljcm9zb2Z0LlNxbC9zZXJ2ZXJzL3BzMTgzL2RhdGFiYXNlcy9wczY0MjI/YXBpLXZlcnNpb249MjAxNy0xMC0wMS1wcmV2aWV3",
=======
        "Date": [
          "Tue, 17 Nov 2020 15:55:32 GMT"
        ],
        "Content-Length": [
          "106"
        ],
        "Content-Type": [
          "application/json; charset=utf-8"
        ],
        "Expires": [
          "-1"
        ]
      },
      "ResponseBody": "{\r\n  \"name\": \"f7d0ce06-65cf-4bb5-8899-9a04982d63d2\",\r\n  \"status\": \"Succeeded\",\r\n  \"startTime\": \"2020-11-17T15:54:46.99Z\"\r\n}",
      "StatusCode": 200
    },
    {
      "RequestUri": "/subscriptions/91446693-dafa-4cc0-8b12-ec2c6c3f6250/resourceGroups/ps7288/providers/Microsoft.Sql/servers/ps5599/databases/ps6985?api-version=2020-08-01-preview",
      "EncodedRequestUri": "L3N1YnNjcmlwdGlvbnMvOTE0NDY2OTMtZGFmYS00Y2MwLThiMTItZWMyYzZjM2Y2MjUwL3Jlc291cmNlR3JvdXBzL3BzNzI4OC9wcm92aWRlcnMvTWljcm9zb2Z0LlNxbC9zZXJ2ZXJzL3BzNTU5OS9kYXRhYmFzZXMvcHM2OTg1P2FwaS12ZXJzaW9uPTIwMjAtMDgtMDEtcHJldmlldw==",
>>>>>>> d78b04a5306127f583235b13752c48d4f7d1289a
      "RequestMethod": "GET",
      "RequestBody": "",
      "RequestHeaders": {
        "x-ms-client-request-id": [
<<<<<<< HEAD
          "2454f7aa-ecd3-4901-87c2-8893bdd1442b"
        ],
        "accept-language": [
          "en-US"
        ],
        "User-Agent": [
          "FxVersion/4.7.2633.0",
          "OSName/Windows10Enterprise",
          "OSVersion/6.3.16299",
          "Microsoft.Azure.Management.Sql.SqlManagementClient/1.15.0.0"
        ]
      },
      "ResponseBody": "{\r\n  \"error\": {\r\n    \"code\": \"ResourceNotFound\",\r\n    \"message\": \"The Resource 'Microsoft.Sql/servers/ps183/databases/ps6422' under resource group 'ps9316' was not found.\"\r\n  }\r\n}",
      "ResponseHeaders": {
        "Content-Length": [
          "154"
        ],
        "Content-Type": [
          "application/json; charset=utf-8"
        ],
        "Expires": [
          "-1"
=======
          "3319cf97-2669-4d26-b2e1-6b77e0774b5e"
        ],
        "Accept-Language": [
          "en-US"
        ],
        "User-Agent": [
          "FxVersion/4.6.29321.03",
          "OSName/Windows",
          "OSVersion/Microsoft.Windows.10.0.17763.",
          "Microsoft.Azure.Management.Sql.SqlManagementClient/1.46.0.0"
        ]
      },
      "ResponseHeaders": {
        "Cache-Control": [
          "no-cache"
>>>>>>> d78b04a5306127f583235b13752c48d4f7d1289a
        ],
        "Pragma": [
          "no-cache"
        ],
        "x-ms-failure-cause": [
          "gateway"
        ],
        "x-ms-request-id": [
<<<<<<< HEAD
          "519da9a2-6eb2-47fa-8541-03f5064bb7a0"
        ],
        "x-ms-correlation-request-id": [
          "519da9a2-6eb2-47fa-8541-03f5064bb7a0"
        ],
        "x-ms-routing-request-id": [
          "WESTUS2:20180506T173849Z:519da9a2-6eb2-47fa-8541-03f5064bb7a0"
=======
          "ecc4fda5-93b8-4997-b2d0-eaa3f8dc763c"
        ],
        "x-ms-correlation-request-id": [
          "ecc4fda5-93b8-4997-b2d0-eaa3f8dc763c"
        ],
        "x-ms-routing-request-id": [
          "WESTUS:20201117T155533Z:ecc4fda5-93b8-4997-b2d0-eaa3f8dc763c"
>>>>>>> d78b04a5306127f583235b13752c48d4f7d1289a
        ],
        "Strict-Transport-Security": [
          "max-age=31536000; includeSubDomains"
        ],
        "X-Content-Type-Options": [
          "nosniff"
        ],
<<<<<<< HEAD
        "Cache-Control": [
          "no-cache"
        ],
        "Date": [
          "Sun, 06 May 2018 17:38:48 GMT"
        ]
      },
      "StatusCode": 404
    },
    {
      "RequestUri": "/subscriptions/df7c055c-6310-4374-9852-10ef71ce5f85/resourceGroups/ps9316/providers/Microsoft.Sql/servers/ps183/databases/ps6422?api-version=2017-10-01-preview",
      "EncodedRequestUri": "L3N1YnNjcmlwdGlvbnMvZGY3YzA1NWMtNjMxMC00Mzc0LTk4NTItMTBlZjcxY2U1Zjg1L3Jlc291cmNlR3JvdXBzL3BzOTMxNi9wcm92aWRlcnMvTWljcm9zb2Z0LlNxbC9zZXJ2ZXJzL3BzMTgzL2RhdGFiYXNlcy9wczY0MjI/YXBpLXZlcnNpb249MjAxNy0xMC0wMS1wcmV2aWV3",
=======
        "Date": [
          "Tue, 17 Nov 2020 15:55:33 GMT"
        ],
        "Content-Type": [
          "application/json; charset=utf-8"
        ],
        "Expires": [
          "-1"
        ],
        "Content-Length": [
          "223"
        ]
      },
      "ResponseBody": "{\r\n  \"error\": {\r\n    \"code\": \"ResourceNotFound\",\r\n    \"message\": \"The Resource 'Microsoft.Sql/servers/ps5599/databases/ps6985' under resource group 'ps7288' was not found. For more details please go to https://aka.ms/ARMResourceNotFoundFix\"\r\n  }\r\n}",
      "StatusCode": 404
    },
    {
      "RequestUri": "/subscriptions/91446693-dafa-4cc0-8b12-ec2c6c3f6250/resourceGroups/ps7288/providers/Microsoft.Sql/servers/ps5599/databases/ps6985?api-version=2020-08-01-preview",
      "EncodedRequestUri": "L3N1YnNjcmlwdGlvbnMvOTE0NDY2OTMtZGFmYS00Y2MwLThiMTItZWMyYzZjM2Y2MjUwL3Jlc291cmNlR3JvdXBzL3BzNzI4OC9wcm92aWRlcnMvTWljcm9zb2Z0LlNxbC9zZXJ2ZXJzL3BzNTU5OS9kYXRhYmFzZXMvcHM2OTg1P2FwaS12ZXJzaW9uPTIwMjAtMDgtMDEtcHJldmlldw==",
>>>>>>> d78b04a5306127f583235b13752c48d4f7d1289a
      "RequestMethod": "GET",
      "RequestBody": "",
      "RequestHeaders": {
        "User-Agent": [
<<<<<<< HEAD
          "FxVersion/4.7.2633.0",
          "OSName/Windows10Enterprise",
          "OSVersion/6.3.16299",
          "Microsoft.Azure.Management.Sql.SqlManagementClient/1.15.0.0"
        ]
      },
      "ResponseBody": "{\r\n  \"sku\": {\r\n    \"name\": \"Premium\",\r\n    \"tier\": \"Premium\",\r\n    \"capacity\": 125\r\n  },\r\n  \"kind\": \"v12.0,user\",\r\n  \"properties\": {\r\n    \"collation\": \"SQL_Latin1_General_CP1_CI_AS\",\r\n    \"maxSizeBytes\": 536870912000,\r\n    \"status\": \"Online\",\r\n    \"databaseId\": \"70b44e2a-4198-4dc1-91f4-bb3ae25af8d9\",\r\n    \"creationDate\": \"2018-05-06T17:38:50.833Z\",\r\n    \"currentServiceObjectiveName\": \"P1\",\r\n    \"requestedServiceObjectiveName\": \"P1\",\r\n    \"defaultSecondaryLocation\": \"East Asia\",\r\n    \"catalogCollation\": \"SQL_Latin1_General_CP1_CI_AS\",\r\n    \"zoneRedundant\": false,\r\n    \"earliestRestoreDate\": \"2018-05-06T18:10:03.957Z\",\r\n    \"readScale\": \"Disabled\",\r\n    \"currentSku\": {\r\n      \"name\": \"Premium\",\r\n      \"tier\": \"Premium\",\r\n      \"capacity\": 125\r\n    }\r\n  },\r\n  \"location\": \"southeastasia\",\r\n  \"id\": \"/subscriptions/df7c055c-6310-4374-9852-10ef71ce5f85/resourceGroups/ps9316/providers/Microsoft.Sql/servers/ps183/databases/ps6422\",\r\n  \"name\": \"ps6422\",\r\n  \"type\": \"Microsoft.Sql/servers/databases\"\r\n}",
      "ResponseHeaders": {
        "Content-Length": [
          "815"
        ],
        "Content-Type": [
          "application/json; charset=utf-8"
        ],
        "Expires": [
          "-1"
=======
          "FxVersion/4.6.29321.03",
          "OSName/Windows",
          "OSVersion/Microsoft.Windows.10.0.17763.",
          "Microsoft.Azure.Management.Sql.SqlManagementClient/1.46.0.0"
        ]
      },
      "ResponseHeaders": {
        "Cache-Control": [
          "no-cache"
>>>>>>> d78b04a5306127f583235b13752c48d4f7d1289a
        ],
        "Pragma": [
          "no-cache"
        ],
        "x-ms-request-id": [
<<<<<<< HEAD
          "c1b6f134-0744-4379-a560-bf9cd3a12dd2"
        ],
        "x-ms-ratelimit-remaining-subscription-reads": [
          "14987"
        ],
        "x-ms-correlation-request-id": [
          "3fa0dc6c-a55d-487e-bab4-635da272fc50"
        ],
        "x-ms-routing-request-id": [
          "WESTUS2:20180506T174008Z:3fa0dc6c-a55d-487e-bab4-635da272fc50"
=======
          "8c4fb758-530a-423e-8404-100acefa273a"
        ],
        "Server": [
          "Microsoft-HTTPAPI/2.0"
        ],
        "x-ms-ratelimit-remaining-subscription-reads": [
          "11983"
        ],
        "x-ms-correlation-request-id": [
          "1a4b0949-2144-4c12-ab1f-97690d886ffe"
        ],
        "x-ms-routing-request-id": [
          "WESTUS:20201117T155651Z:1a4b0949-2144-4c12-ab1f-97690d886ffe"
>>>>>>> d78b04a5306127f583235b13752c48d4f7d1289a
        ],
        "Strict-Transport-Security": [
          "max-age=31536000; includeSubDomains"
        ],
        "X-Content-Type-Options": [
          "nosniff"
        ],
<<<<<<< HEAD
        "Cache-Control": [
          "no-cache"
        ],
        "Date": [
          "Sun, 06 May 2018 17:40:07 GMT"
        ],
        "Server": [
          "Microsoft-HTTPAPI/2.0"
        ]
      },
      "StatusCode": 200
    },
    {
      "RequestUri": "/subscriptions/df7c055c-6310-4374-9852-10ef71ce5f85/resourceGroups/ps9316/providers/Microsoft.Sql/servers/ps183/databases/ps6422?api-version=2017-10-01-preview",
      "EncodedRequestUri": "L3N1YnNjcmlwdGlvbnMvZGY3YzA1NWMtNjMxMC00Mzc0LTk4NTItMTBlZjcxY2U1Zjg1L3Jlc291cmNlR3JvdXBzL3BzOTMxNi9wcm92aWRlcnMvTWljcm9zb2Z0LlNxbC9zZXJ2ZXJzL3BzMTgzL2RhdGFiYXNlcy9wczY0MjI/YXBpLXZlcnNpb249MjAxNy0xMC0wMS1wcmV2aWV3",
=======
        "Date": [
          "Tue, 17 Nov 2020 15:56:50 GMT"
        ],
        "Content-Length": [
          "841"
        ],
        "Content-Type": [
          "application/json; charset=utf-8"
        ],
        "Expires": [
          "-1"
        ]
      },
      "ResponseBody": "{\r\n  \"sku\": {\r\n    \"name\": \"Premium\",\r\n    \"tier\": \"Premium\",\r\n    \"capacity\": 125\r\n  },\r\n  \"kind\": \"v12.0,user\",\r\n  \"properties\": {\r\n    \"collation\": \"SQL_Latin1_General_CP1_CI_AS\",\r\n    \"maxSizeBytes\": 536870912000,\r\n    \"status\": \"Online\",\r\n    \"databaseId\": \"8ef57b4d-2a09-4cc5-a154-e1fe735622fd\",\r\n    \"creationDate\": \"2020-11-17T15:56:40.417Z\",\r\n    \"currentServiceObjectiveName\": \"P1\",\r\n    \"requestedServiceObjectiveName\": \"P1\",\r\n    \"defaultSecondaryLocation\": \"eastasia\",\r\n    \"catalogCollation\": \"SQL_Latin1_General_CP1_CI_AS\",\r\n    \"zoneRedundant\": false,\r\n    \"earliestRestoreDate\": \"2020-11-17T16:26:40.417Z\",\r\n    \"readScale\": \"Enabled\",\r\n    \"currentSku\": {\r\n      \"name\": \"Premium\",\r\n      \"tier\": \"Premium\",\r\n      \"capacity\": 125\r\n    },\r\n    \"storageAccountType\": \"GRS\"\r\n  },\r\n  \"location\": \"southeastasia\",\r\n  \"id\": \"/subscriptions/91446693-dafa-4cc0-8b12-ec2c6c3f6250/resourceGroups/ps7288/providers/Microsoft.Sql/servers/ps5599/databases/ps6985\",\r\n  \"name\": \"ps6985\",\r\n  \"type\": \"Microsoft.Sql/servers/databases\"\r\n}",
      "StatusCode": 200
    },
    {
      "RequestUri": "/subscriptions/91446693-dafa-4cc0-8b12-ec2c6c3f6250/resourceGroups/ps7288/providers/Microsoft.Sql/servers/ps5599/databases/ps6985?api-version=2020-08-01-preview",
      "EncodedRequestUri": "L3N1YnNjcmlwdGlvbnMvOTE0NDY2OTMtZGFmYS00Y2MwLThiMTItZWMyYzZjM2Y2MjUwL3Jlc291cmNlR3JvdXBzL3BzNzI4OC9wcm92aWRlcnMvTWljcm9zb2Z0LlNxbC9zZXJ2ZXJzL3BzNTU5OS9kYXRhYmFzZXMvcHM2OTg1P2FwaS12ZXJzaW9uPTIwMjAtMDgtMDEtcHJldmlldw==",
>>>>>>> d78b04a5306127f583235b13752c48d4f7d1289a
      "RequestMethod": "GET",
      "RequestBody": "",
      "RequestHeaders": {
        "x-ms-client-request-id": [
<<<<<<< HEAD
          "e513ddde-e151-43b1-add4-e9f16e6be61a"
        ],
        "accept-language": [
          "en-US"
        ],
        "User-Agent": [
          "FxVersion/4.7.2633.0",
          "OSName/Windows10Enterprise",
          "OSVersion/6.3.16299",
          "Microsoft.Azure.Management.Sql.SqlManagementClient/1.15.0.0"
        ]
      },
      "ResponseBody": "{\r\n  \"sku\": {\r\n    \"name\": \"Premium\",\r\n    \"tier\": \"Premium\",\r\n    \"capacity\": 125\r\n  },\r\n  \"kind\": \"v12.0,user\",\r\n  \"properties\": {\r\n    \"collation\": \"SQL_Latin1_General_CP1_CI_AS\",\r\n    \"maxSizeBytes\": 536870912000,\r\n    \"status\": \"Online\",\r\n    \"databaseId\": \"70b44e2a-4198-4dc1-91f4-bb3ae25af8d9\",\r\n    \"creationDate\": \"2018-05-06T17:38:50.833Z\",\r\n    \"currentServiceObjectiveName\": \"P1\",\r\n    \"requestedServiceObjectiveName\": \"P1\",\r\n    \"defaultSecondaryLocation\": \"East Asia\",\r\n    \"catalogCollation\": \"SQL_Latin1_General_CP1_CI_AS\",\r\n    \"zoneRedundant\": false,\r\n    \"earliestRestoreDate\": \"2018-05-06T18:10:03.957Z\",\r\n    \"readScale\": \"Disabled\",\r\n    \"currentSku\": {\r\n      \"name\": \"Premium\",\r\n      \"tier\": \"Premium\",\r\n      \"capacity\": 125\r\n    }\r\n  },\r\n  \"location\": \"southeastasia\",\r\n  \"id\": \"/subscriptions/df7c055c-6310-4374-9852-10ef71ce5f85/resourceGroups/ps9316/providers/Microsoft.Sql/servers/ps183/databases/ps6422\",\r\n  \"name\": \"ps6422\",\r\n  \"type\": \"Microsoft.Sql/servers/databases\"\r\n}",
      "ResponseHeaders": {
        "Content-Length": [
          "815"
        ],
        "Content-Type": [
          "application/json; charset=utf-8"
        ],
        "Expires": [
          "-1"
=======
          "e0486f07-fdd0-4a50-af8b-f877c9ae8eb7"
        ],
        "Accept-Language": [
          "en-US"
        ],
        "User-Agent": [
          "FxVersion/4.6.29321.03",
          "OSName/Windows",
          "OSVersion/Microsoft.Windows.10.0.17763.",
          "Microsoft.Azure.Management.Sql.SqlManagementClient/1.46.0.0"
        ]
      },
      "ResponseHeaders": {
        "Cache-Control": [
          "no-cache"
>>>>>>> d78b04a5306127f583235b13752c48d4f7d1289a
        ],
        "Pragma": [
          "no-cache"
        ],
        "x-ms-request-id": [
<<<<<<< HEAD
          "7434324b-39c4-417e-aa34-fca763c8e6f6"
        ],
        "x-ms-ratelimit-remaining-subscription-reads": [
          "14986"
        ],
        "x-ms-correlation-request-id": [
          "e92b975e-668e-45ff-acec-cb173469b4cb"
        ],
        "x-ms-routing-request-id": [
          "WESTUS2:20180506T174008Z:e92b975e-668e-45ff-acec-cb173469b4cb"
=======
          "2e91c7bd-4813-4e52-a17e-67234185880b"
        ],
        "Server": [
          "Microsoft-HTTPAPI/2.0"
        ],
        "x-ms-ratelimit-remaining-subscription-reads": [
          "11982"
        ],
        "x-ms-correlation-request-id": [
          "a0837139-ef64-456b-987e-a5ac3868e615"
        ],
        "x-ms-routing-request-id": [
          "WESTUS:20201117T155651Z:a0837139-ef64-456b-987e-a5ac3868e615"
>>>>>>> d78b04a5306127f583235b13752c48d4f7d1289a
        ],
        "Strict-Transport-Security": [
          "max-age=31536000; includeSubDomains"
        ],
        "X-Content-Type-Options": [
          "nosniff"
        ],
<<<<<<< HEAD
        "Cache-Control": [
          "no-cache"
        ],
        "Date": [
          "Sun, 06 May 2018 17:40:07 GMT"
        ],
        "Server": [
          "Microsoft-HTTPAPI/2.0"
        ]
      },
      "StatusCode": 200
    },
    {
      "RequestUri": "/subscriptions/df7c055c-6310-4374-9852-10ef71ce5f85/resourceGroups/ps9316/providers/Microsoft.Sql/servers/ps183/databases/ps6422?api-version=2017-10-01-preview",
      "EncodedRequestUri": "L3N1YnNjcmlwdGlvbnMvZGY3YzA1NWMtNjMxMC00Mzc0LTk4NTItMTBlZjcxY2U1Zjg1L3Jlc291cmNlR3JvdXBzL3BzOTMxNi9wcm92aWRlcnMvTWljcm9zb2Z0LlNxbC9zZXJ2ZXJzL3BzMTgzL2RhdGFiYXNlcy9wczY0MjI/YXBpLXZlcnNpb249MjAxNy0xMC0wMS1wcmV2aWV3",
=======
        "Date": [
          "Tue, 17 Nov 2020 15:56:51 GMT"
        ],
        "Content-Length": [
          "841"
        ],
        "Content-Type": [
          "application/json; charset=utf-8"
        ],
        "Expires": [
          "-1"
        ]
      },
      "ResponseBody": "{\r\n  \"sku\": {\r\n    \"name\": \"Premium\",\r\n    \"tier\": \"Premium\",\r\n    \"capacity\": 125\r\n  },\r\n  \"kind\": \"v12.0,user\",\r\n  \"properties\": {\r\n    \"collation\": \"SQL_Latin1_General_CP1_CI_AS\",\r\n    \"maxSizeBytes\": 536870912000,\r\n    \"status\": \"Online\",\r\n    \"databaseId\": \"8ef57b4d-2a09-4cc5-a154-e1fe735622fd\",\r\n    \"creationDate\": \"2020-11-17T15:56:40.417Z\",\r\n    \"currentServiceObjectiveName\": \"P1\",\r\n    \"requestedServiceObjectiveName\": \"P1\",\r\n    \"defaultSecondaryLocation\": \"eastasia\",\r\n    \"catalogCollation\": \"SQL_Latin1_General_CP1_CI_AS\",\r\n    \"zoneRedundant\": false,\r\n    \"earliestRestoreDate\": \"2020-11-17T16:26:40.417Z\",\r\n    \"readScale\": \"Enabled\",\r\n    \"currentSku\": {\r\n      \"name\": \"Premium\",\r\n      \"tier\": \"Premium\",\r\n      \"capacity\": 125\r\n    },\r\n    \"storageAccountType\": \"GRS\"\r\n  },\r\n  \"location\": \"southeastasia\",\r\n  \"id\": \"/subscriptions/91446693-dafa-4cc0-8b12-ec2c6c3f6250/resourceGroups/ps7288/providers/Microsoft.Sql/servers/ps5599/databases/ps6985\",\r\n  \"name\": \"ps6985\",\r\n  \"type\": \"Microsoft.Sql/servers/databases\"\r\n}",
      "StatusCode": 200
    },
    {
      "RequestUri": "/subscriptions/91446693-dafa-4cc0-8b12-ec2c6c3f6250/resourceGroups/ps7288/providers/Microsoft.Sql/servers/ps5599/databases/ps6985?api-version=2020-08-01-preview",
      "EncodedRequestUri": "L3N1YnNjcmlwdGlvbnMvOTE0NDY2OTMtZGFmYS00Y2MwLThiMTItZWMyYzZjM2Y2MjUwL3Jlc291cmNlR3JvdXBzL3BzNzI4OC9wcm92aWRlcnMvTWljcm9zb2Z0LlNxbC9zZXJ2ZXJzL3BzNTU5OS9kYXRhYmFzZXMvcHM2OTg1P2FwaS12ZXJzaW9uPTIwMjAtMDgtMDEtcHJldmlldw==",
>>>>>>> d78b04a5306127f583235b13752c48d4f7d1289a
      "RequestMethod": "GET",
      "RequestBody": "",
      "RequestHeaders": {
        "x-ms-client-request-id": [
<<<<<<< HEAD
          "f3fbf6d3-d335-4d7f-8307-6e17f50b56fd"
        ],
        "accept-language": [
          "en-US"
        ],
        "User-Agent": [
          "FxVersion/4.7.2633.0",
          "OSName/Windows10Enterprise",
          "OSVersion/6.3.16299",
          "Microsoft.Azure.Management.Sql.SqlManagementClient/1.15.0.0"
        ]
      },
      "ResponseBody": "{\r\n  \"sku\": {\r\n    \"name\": \"Premium\",\r\n    \"tier\": \"Premium\",\r\n    \"capacity\": 125\r\n  },\r\n  \"kind\": \"v12.0,user\",\r\n  \"properties\": {\r\n    \"collation\": \"SQL_Latin1_General_CP1_CI_AS\",\r\n    \"maxSizeBytes\": 536870912000,\r\n    \"status\": \"Online\",\r\n    \"databaseId\": \"70b44e2a-4198-4dc1-91f4-bb3ae25af8d9\",\r\n    \"creationDate\": \"2018-05-06T17:38:50.833Z\",\r\n    \"currentServiceObjectiveName\": \"P1\",\r\n    \"requestedServiceObjectiveName\": \"P1\",\r\n    \"defaultSecondaryLocation\": \"East Asia\",\r\n    \"catalogCollation\": \"SQL_Latin1_General_CP1_CI_AS\",\r\n    \"zoneRedundant\": false,\r\n    \"earliestRestoreDate\": \"2018-05-06T18:10:03.957Z\",\r\n    \"readScale\": \"Disabled\",\r\n    \"currentSku\": {\r\n      \"name\": \"Premium\",\r\n      \"tier\": \"Premium\",\r\n      \"capacity\": 125\r\n    }\r\n  },\r\n  \"location\": \"southeastasia\",\r\n  \"id\": \"/subscriptions/df7c055c-6310-4374-9852-10ef71ce5f85/resourceGroups/ps9316/providers/Microsoft.Sql/servers/ps183/databases/ps6422\",\r\n  \"name\": \"ps6422\",\r\n  \"type\": \"Microsoft.Sql/servers/databases\"\r\n}",
      "ResponseHeaders": {
        "Content-Length": [
          "815"
        ],
        "Content-Type": [
          "application/json; charset=utf-8"
        ],
        "Expires": [
          "-1"
=======
          "42840648-8402-4fa3-ad99-25f6e64c3be7"
        ],
        "Accept-Language": [
          "en-US"
        ],
        "User-Agent": [
          "FxVersion/4.6.29321.03",
          "OSName/Windows",
          "OSVersion/Microsoft.Windows.10.0.17763.",
          "Microsoft.Azure.Management.Sql.SqlManagementClient/1.46.0.0"
        ]
      },
      "ResponseHeaders": {
        "Cache-Control": [
          "no-cache"
>>>>>>> d78b04a5306127f583235b13752c48d4f7d1289a
        ],
        "Pragma": [
          "no-cache"
        ],
        "x-ms-request-id": [
<<<<<<< HEAD
          "765ad19f-a68f-4958-95fc-50f12734da3a"
        ],
        "x-ms-ratelimit-remaining-subscription-reads": [
          "14985"
        ],
        "x-ms-correlation-request-id": [
          "f138cdb2-5493-4ad0-aeea-5d7a64822204"
        ],
        "x-ms-routing-request-id": [
          "WESTUS2:20180506T174008Z:f138cdb2-5493-4ad0-aeea-5d7a64822204"
=======
          "4487aa30-c11b-4e48-995b-3e874b6d6728"
        ],
        "Server": [
          "Microsoft-HTTPAPI/2.0"
        ],
        "x-ms-ratelimit-remaining-subscription-reads": [
          "11980"
        ],
        "x-ms-correlation-request-id": [
          "c877364c-a389-4702-a20e-e9ddb8ddac30"
        ],
        "x-ms-routing-request-id": [
          "WESTUS:20201117T155652Z:c877364c-a389-4702-a20e-e9ddb8ddac30"
>>>>>>> d78b04a5306127f583235b13752c48d4f7d1289a
        ],
        "Strict-Transport-Security": [
          "max-age=31536000; includeSubDomains"
        ],
        "X-Content-Type-Options": [
          "nosniff"
        ],
<<<<<<< HEAD
        "Cache-Control": [
          "no-cache"
        ],
        "Date": [
          "Sun, 06 May 2018 17:40:07 GMT"
        ],
        "Server": [
          "Microsoft-HTTPAPI/2.0"
        ]
      },
      "StatusCode": 200
    },
    {
      "RequestUri": "/subscriptions/df7c055c-6310-4374-9852-10ef71ce5f85/resourceGroups/ps9316/providers/Microsoft.Sql/servers/ps183/databases/ps6422?api-version=2017-10-01-preview",
      "EncodedRequestUri": "L3N1YnNjcmlwdGlvbnMvZGY3YzA1NWMtNjMxMC00Mzc0LTk4NTItMTBlZjcxY2U1Zjg1L3Jlc291cmNlR3JvdXBzL3BzOTMxNi9wcm92aWRlcnMvTWljcm9zb2Z0LlNxbC9zZXJ2ZXJzL3BzMTgzL2RhdGFiYXNlcy9wczY0MjI/YXBpLXZlcnNpb249MjAxNy0xMC0wMS1wcmV2aWV3",
=======
        "Date": [
          "Tue, 17 Nov 2020 15:56:51 GMT"
        ],
        "Content-Length": [
          "841"
        ],
        "Content-Type": [
          "application/json; charset=utf-8"
        ],
        "Expires": [
          "-1"
        ]
      },
      "ResponseBody": "{\r\n  \"sku\": {\r\n    \"name\": \"Premium\",\r\n    \"tier\": \"Premium\",\r\n    \"capacity\": 125\r\n  },\r\n  \"kind\": \"v12.0,user\",\r\n  \"properties\": {\r\n    \"collation\": \"SQL_Latin1_General_CP1_CI_AS\",\r\n    \"maxSizeBytes\": 536870912000,\r\n    \"status\": \"Online\",\r\n    \"databaseId\": \"8ef57b4d-2a09-4cc5-a154-e1fe735622fd\",\r\n    \"creationDate\": \"2020-11-17T15:56:40.417Z\",\r\n    \"currentServiceObjectiveName\": \"P1\",\r\n    \"requestedServiceObjectiveName\": \"P1\",\r\n    \"defaultSecondaryLocation\": \"eastasia\",\r\n    \"catalogCollation\": \"SQL_Latin1_General_CP1_CI_AS\",\r\n    \"zoneRedundant\": false,\r\n    \"earliestRestoreDate\": \"2020-11-17T16:26:40.417Z\",\r\n    \"readScale\": \"Enabled\",\r\n    \"currentSku\": {\r\n      \"name\": \"Premium\",\r\n      \"tier\": \"Premium\",\r\n      \"capacity\": 125\r\n    },\r\n    \"storageAccountType\": \"GRS\"\r\n  },\r\n  \"location\": \"southeastasia\",\r\n  \"id\": \"/subscriptions/91446693-dafa-4cc0-8b12-ec2c6c3f6250/resourceGroups/ps7288/providers/Microsoft.Sql/servers/ps5599/databases/ps6985\",\r\n  \"name\": \"ps6985\",\r\n  \"type\": \"Microsoft.Sql/servers/databases\"\r\n}",
      "StatusCode": 200
    },
    {
      "RequestUri": "/subscriptions/91446693-dafa-4cc0-8b12-ec2c6c3f6250/resourceGroups/ps7288/providers/Microsoft.Sql/servers/ps5599/databases/ps6985?api-version=2020-08-01-preview",
      "EncodedRequestUri": "L3N1YnNjcmlwdGlvbnMvOTE0NDY2OTMtZGFmYS00Y2MwLThiMTItZWMyYzZjM2Y2MjUwL3Jlc291cmNlR3JvdXBzL3BzNzI4OC9wcm92aWRlcnMvTWljcm9zb2Z0LlNxbC9zZXJ2ZXJzL3BzNTU5OS9kYXRhYmFzZXMvcHM2OTg1P2FwaS12ZXJzaW9uPTIwMjAtMDgtMDEtcHJldmlldw==",
>>>>>>> d78b04a5306127f583235b13752c48d4f7d1289a
      "RequestMethod": "GET",
      "RequestBody": "",
      "RequestHeaders": {
        "x-ms-client-request-id": [
<<<<<<< HEAD
          "7433273d-d7cf-447f-8d60-6acc56f2ae2b"
        ],
        "accept-language": [
          "en-US"
        ],
        "User-Agent": [
          "FxVersion/4.7.2633.0",
          "OSName/Windows10Enterprise",
          "OSVersion/6.3.16299",
          "Microsoft.Azure.Management.Sql.SqlManagementClient/1.15.0.0"
        ]
      },
      "ResponseBody": "{\r\n  \"sku\": {\r\n    \"name\": \"Premium\",\r\n    \"tier\": \"Premium\",\r\n    \"capacity\": 125\r\n  },\r\n  \"kind\": \"v12.0,user\",\r\n  \"properties\": {\r\n    \"collation\": \"SQL_Latin1_General_CP1_CI_AS\",\r\n    \"maxSizeBytes\": 536870912000,\r\n    \"status\": \"Online\",\r\n    \"databaseId\": \"70b44e2a-4198-4dc1-91f4-bb3ae25af8d9\",\r\n    \"creationDate\": \"2018-05-06T17:38:50.833Z\",\r\n    \"currentServiceObjectiveName\": \"P1\",\r\n    \"requestedServiceObjectiveName\": \"P1\",\r\n    \"defaultSecondaryLocation\": \"East Asia\",\r\n    \"catalogCollation\": \"SQL_Latin1_General_CP1_CI_AS\",\r\n    \"zoneRedundant\": false,\r\n    \"earliestRestoreDate\": \"2018-05-06T18:10:03.957Z\",\r\n    \"readScale\": \"Disabled\",\r\n    \"currentSku\": {\r\n      \"name\": \"Premium\",\r\n      \"tier\": \"Premium\",\r\n      \"capacity\": 125\r\n    }\r\n  },\r\n  \"location\": \"southeastasia\",\r\n  \"id\": \"/subscriptions/df7c055c-6310-4374-9852-10ef71ce5f85/resourceGroups/ps9316/providers/Microsoft.Sql/servers/ps183/databases/ps6422\",\r\n  \"name\": \"ps6422\",\r\n  \"type\": \"Microsoft.Sql/servers/databases\"\r\n}",
      "ResponseHeaders": {
        "Content-Length": [
          "815"
        ],
        "Content-Type": [
          "application/json; charset=utf-8"
        ],
        "Expires": [
          "-1"
=======
          "009e5a45-0e13-47c1-b969-2b7e04936c70"
        ],
        "Accept-Language": [
          "en-US"
        ],
        "User-Agent": [
          "FxVersion/4.6.29321.03",
          "OSName/Windows",
          "OSVersion/Microsoft.Windows.10.0.17763.",
          "Microsoft.Azure.Management.Sql.SqlManagementClient/1.46.0.0"
        ]
      },
      "ResponseHeaders": {
        "Cache-Control": [
          "no-cache"
>>>>>>> d78b04a5306127f583235b13752c48d4f7d1289a
        ],
        "Pragma": [
          "no-cache"
        ],
        "x-ms-request-id": [
<<<<<<< HEAD
          "2a8a21a8-701e-45ac-a706-3f093ed44e55"
        ],
        "x-ms-ratelimit-remaining-subscription-reads": [
          "14984"
        ],
        "x-ms-correlation-request-id": [
          "9b9c148a-aed1-4737-bb5c-b40c2de0a914"
        ],
        "x-ms-routing-request-id": [
          "WESTUS2:20180506T174008Z:9b9c148a-aed1-4737-bb5c-b40c2de0a914"
=======
          "66ed6605-7e6d-47c1-9e9f-251747766a7a"
        ],
        "Server": [
          "Microsoft-HTTPAPI/2.0"
        ],
        "x-ms-ratelimit-remaining-subscription-reads": [
          "11979"
        ],
        "x-ms-correlation-request-id": [
          "816b812a-3d5e-46f3-8fc4-09859faad24c"
        ],
        "x-ms-routing-request-id": [
          "WESTUS:20201117T155652Z:816b812a-3d5e-46f3-8fc4-09859faad24c"
>>>>>>> d78b04a5306127f583235b13752c48d4f7d1289a
        ],
        "Strict-Transport-Security": [
          "max-age=31536000; includeSubDomains"
        ],
        "X-Content-Type-Options": [
          "nosniff"
        ],
<<<<<<< HEAD
        "Cache-Control": [
          "no-cache"
        ],
        "Date": [
          "Sun, 06 May 2018 17:40:08 GMT"
        ],
        "Server": [
          "Microsoft-HTTPAPI/2.0"
        ]
      },
      "StatusCode": 200
    },
    {
      "RequestUri": "/subscriptions/df7c055c-6310-4374-9852-10ef71ce5f85/resourceGroups/ps9316/providers/Microsoft.Sql/servers/ps183/databases/ps6422?api-version=2017-10-01-preview",
      "EncodedRequestUri": "L3N1YnNjcmlwdGlvbnMvZGY3YzA1NWMtNjMxMC00Mzc0LTk4NTItMTBlZjcxY2U1Zjg1L3Jlc291cmNlR3JvdXBzL3BzOTMxNi9wcm92aWRlcnMvTWljcm9zb2Z0LlNxbC9zZXJ2ZXJzL3BzMTgzL2RhdGFiYXNlcy9wczY0MjI/YXBpLXZlcnNpb249MjAxNy0xMC0wMS1wcmV2aWV3",
=======
        "Date": [
          "Tue, 17 Nov 2020 15:56:52 GMT"
        ],
        "Content-Length": [
          "841"
        ],
        "Content-Type": [
          "application/json; charset=utf-8"
        ],
        "Expires": [
          "-1"
        ]
      },
      "ResponseBody": "{\r\n  \"sku\": {\r\n    \"name\": \"Premium\",\r\n    \"tier\": \"Premium\",\r\n    \"capacity\": 125\r\n  },\r\n  \"kind\": \"v12.0,user\",\r\n  \"properties\": {\r\n    \"collation\": \"SQL_Latin1_General_CP1_CI_AS\",\r\n    \"maxSizeBytes\": 536870912000,\r\n    \"status\": \"Online\",\r\n    \"databaseId\": \"8ef57b4d-2a09-4cc5-a154-e1fe735622fd\",\r\n    \"creationDate\": \"2020-11-17T15:56:40.417Z\",\r\n    \"currentServiceObjectiveName\": \"P1\",\r\n    \"requestedServiceObjectiveName\": \"P1\",\r\n    \"defaultSecondaryLocation\": \"eastasia\",\r\n    \"catalogCollation\": \"SQL_Latin1_General_CP1_CI_AS\",\r\n    \"zoneRedundant\": false,\r\n    \"earliestRestoreDate\": \"2020-11-17T16:26:40.417Z\",\r\n    \"readScale\": \"Enabled\",\r\n    \"currentSku\": {\r\n      \"name\": \"Premium\",\r\n      \"tier\": \"Premium\",\r\n      \"capacity\": 125\r\n    },\r\n    \"storageAccountType\": \"GRS\"\r\n  },\r\n  \"location\": \"southeastasia\",\r\n  \"id\": \"/subscriptions/91446693-dafa-4cc0-8b12-ec2c6c3f6250/resourceGroups/ps7288/providers/Microsoft.Sql/servers/ps5599/databases/ps6985\",\r\n  \"name\": \"ps6985\",\r\n  \"type\": \"Microsoft.Sql/servers/databases\"\r\n}",
      "StatusCode": 200
    },
    {
      "RequestUri": "/subscriptions/91446693-dafa-4cc0-8b12-ec2c6c3f6250/resourceGroups/ps7288/providers/Microsoft.Sql/servers/ps5599/databases/ps6985?api-version=2020-08-01-preview",
      "EncodedRequestUri": "L3N1YnNjcmlwdGlvbnMvOTE0NDY2OTMtZGFmYS00Y2MwLThiMTItZWMyYzZjM2Y2MjUwL3Jlc291cmNlR3JvdXBzL3BzNzI4OC9wcm92aWRlcnMvTWljcm9zb2Z0LlNxbC9zZXJ2ZXJzL3BzNTU5OS9kYXRhYmFzZXMvcHM2OTg1P2FwaS12ZXJzaW9uPTIwMjAtMDgtMDEtcHJldmlldw==",
>>>>>>> d78b04a5306127f583235b13752c48d4f7d1289a
      "RequestMethod": "GET",
      "RequestBody": "",
      "RequestHeaders": {
        "User-Agent": [
<<<<<<< HEAD
          "FxVersion/4.7.2633.0",
          "OSName/Windows10Enterprise",
          "OSVersion/6.3.16299",
          "Microsoft.Azure.Management.Sql.SqlManagementClient/1.15.0.0"
        ]
      },
      "ResponseBody": "{\r\n  \"sku\": {\r\n    \"name\": \"Premium\",\r\n    \"tier\": \"Premium\",\r\n    \"capacity\": 125\r\n  },\r\n  \"kind\": \"v12.0,user\",\r\n  \"properties\": {\r\n    \"collation\": \"SQL_Latin1_General_CP1_CI_AS\",\r\n    \"maxSizeBytes\": 536870912000,\r\n    \"status\": \"Online\",\r\n    \"databaseId\": \"70b44e2a-4198-4dc1-91f4-bb3ae25af8d9\",\r\n    \"creationDate\": \"2018-05-06T17:38:50.833Z\",\r\n    \"currentServiceObjectiveName\": \"P1\",\r\n    \"requestedServiceObjectiveName\": \"P1\",\r\n    \"defaultSecondaryLocation\": \"East Asia\",\r\n    \"catalogCollation\": \"SQL_Latin1_General_CP1_CI_AS\",\r\n    \"zoneRedundant\": false,\r\n    \"earliestRestoreDate\": \"2018-05-06T18:10:03.957Z\",\r\n    \"readScale\": \"Enabled\",\r\n    \"currentSku\": {\r\n      \"name\": \"Premium\",\r\n      \"tier\": \"Premium\",\r\n      \"capacity\": 125\r\n    }\r\n  },\r\n  \"location\": \"southeastasia\",\r\n  \"id\": \"/subscriptions/df7c055c-6310-4374-9852-10ef71ce5f85/resourceGroups/ps9316/providers/Microsoft.Sql/servers/ps183/databases/ps6422\",\r\n  \"name\": \"ps6422\",\r\n  \"type\": \"Microsoft.Sql/servers/databases\"\r\n}",
      "ResponseHeaders": {
        "Content-Length": [
          "814"
        ],
        "Content-Type": [
          "application/json; charset=utf-8"
        ],
        "Expires": [
          "-1"
=======
          "FxVersion/4.6.29321.03",
          "OSName/Windows",
          "OSVersion/Microsoft.Windows.10.0.17763.",
          "Microsoft.Azure.Management.Sql.SqlManagementClient/1.46.0.0"
        ]
      },
      "ResponseHeaders": {
        "Cache-Control": [
          "no-cache"
>>>>>>> d78b04a5306127f583235b13752c48d4f7d1289a
        ],
        "Pragma": [
          "no-cache"
        ],
        "x-ms-request-id": [
<<<<<<< HEAD
          "04e19c43-e348-42de-9905-6266fbab8537"
        ],
        "x-ms-ratelimit-remaining-subscription-reads": [
          "14982"
        ],
        "x-ms-correlation-request-id": [
          "4ccce8e0-02a0-4738-a90e-ab05c3898ba5"
        ],
        "x-ms-routing-request-id": [
          "WESTUS2:20180506T174025Z:4ccce8e0-02a0-4738-a90e-ab05c3898ba5"
=======
          "774156ee-7701-4610-8514-38efb74212cd"
        ],
        "Server": [
          "Microsoft-HTTPAPI/2.0"
        ],
        "x-ms-ratelimit-remaining-subscription-reads": [
          "11977"
        ],
        "x-ms-correlation-request-id": [
          "1ebd3698-c065-4a66-ba8c-8c3ea894eb64"
        ],
        "x-ms-routing-request-id": [
          "WESTUS:20201117T155708Z:1ebd3698-c065-4a66-ba8c-8c3ea894eb64"
>>>>>>> d78b04a5306127f583235b13752c48d4f7d1289a
        ],
        "Strict-Transport-Security": [
          "max-age=31536000; includeSubDomains"
        ],
        "X-Content-Type-Options": [
          "nosniff"
        ],
<<<<<<< HEAD
        "Cache-Control": [
          "no-cache"
        ],
        "Date": [
          "Sun, 06 May 2018 17:40:25 GMT"
        ],
        "Server": [
          "Microsoft-HTTPAPI/2.0"
        ]
      },
      "StatusCode": 200
    },
    {
      "RequestUri": "/subscriptions/df7c055c-6310-4374-9852-10ef71ce5f85/resourceGroups/ps9316/providers/Microsoft.Sql/servers/ps183/databases/ps6422?api-version=2017-10-01-preview",
      "EncodedRequestUri": "L3N1YnNjcmlwdGlvbnMvZGY3YzA1NWMtNjMxMC00Mzc0LTk4NTItMTBlZjcxY2U1Zjg1L3Jlc291cmNlR3JvdXBzL3BzOTMxNi9wcm92aWRlcnMvTWljcm9zb2Z0LlNxbC9zZXJ2ZXJzL3BzMTgzL2RhdGFiYXNlcy9wczY0MjI/YXBpLXZlcnNpb249MjAxNy0xMC0wMS1wcmV2aWV3",
      "RequestMethod": "PUT",
      "RequestBody": "{\r\n  \"sku\": {\r\n    \"name\": \"Premium\",\r\n    \"tier\": \"Premium\"\r\n  },\r\n  \"properties\": {\r\n    \"maxSizeBytes\": 0,\r\n    \"readScale\": \"Disabled\"\r\n  },\r\n  \"location\": \"southeastasia\"\r\n}",
      "RequestHeaders": {
        "Content-Type": [
          "application/json; charset=utf-8"
        ],
        "Content-Length": [
          "178"
        ],
        "x-ms-client-request-id": [
          "3e19f586-ba9c-4c64-a31f-57737ba5ae5e"
        ],
        "accept-language": [
          "en-US"
        ],
        "User-Agent": [
          "FxVersion/4.7.2633.0",
          "OSName/Windows10Enterprise",
          "OSVersion/6.3.16299",
          "Microsoft.Azure.Management.Sql.SqlManagementClient/1.15.0.0"
        ]
      },
      "ResponseBody": "{\r\n  \"operation\": \"CreateLogicalDatabase\",\r\n  \"startTime\": \"2018-05-06T17:38:50.443Z\"\r\n}",
      "ResponseHeaders": {
        "Content-Length": [
          "76"
=======
        "Date": [
          "Tue, 17 Nov 2020 15:57:08 GMT"
        ],
        "Content-Length": [
          "842"
        ],
        "Content-Type": [
          "application/json; charset=utf-8"
        ],
        "Expires": [
          "-1"
        ]
      },
      "ResponseBody": "{\r\n  \"sku\": {\r\n    \"name\": \"Premium\",\r\n    \"tier\": \"Premium\",\r\n    \"capacity\": 125\r\n  },\r\n  \"kind\": \"v12.0,user\",\r\n  \"properties\": {\r\n    \"collation\": \"SQL_Latin1_General_CP1_CI_AS\",\r\n    \"maxSizeBytes\": 536870912000,\r\n    \"status\": \"Online\",\r\n    \"databaseId\": \"8ef57b4d-2a09-4cc5-a154-e1fe735622fd\",\r\n    \"creationDate\": \"2020-11-17T15:56:40.417Z\",\r\n    \"currentServiceObjectiveName\": \"P1\",\r\n    \"requestedServiceObjectiveName\": \"P1\",\r\n    \"defaultSecondaryLocation\": \"eastasia\",\r\n    \"catalogCollation\": \"SQL_Latin1_General_CP1_CI_AS\",\r\n    \"zoneRedundant\": false,\r\n    \"earliestRestoreDate\": \"2020-11-17T16:26:40.417Z\",\r\n    \"readScale\": \"Disabled\",\r\n    \"currentSku\": {\r\n      \"name\": \"Premium\",\r\n      \"tier\": \"Premium\",\r\n      \"capacity\": 125\r\n    },\r\n    \"storageAccountType\": \"GRS\"\r\n  },\r\n  \"location\": \"southeastasia\",\r\n  \"id\": \"/subscriptions/91446693-dafa-4cc0-8b12-ec2c6c3f6250/resourceGroups/ps7288/providers/Microsoft.Sql/servers/ps5599/databases/ps6985\",\r\n  \"name\": \"ps6985\",\r\n  \"type\": \"Microsoft.Sql/servers/databases\"\r\n}",
      "StatusCode": 200
    },
    {
      "RequestUri": "/subscriptions/91446693-dafa-4cc0-8b12-ec2c6c3f6250/resourceGroups/ps7288/providers/Microsoft.Sql/servers/ps5599/databases/ps6985?api-version=2020-08-01-preview",
      "EncodedRequestUri": "L3N1YnNjcmlwdGlvbnMvOTE0NDY2OTMtZGFmYS00Y2MwLThiMTItZWMyYzZjM2Y2MjUwL3Jlc291cmNlR3JvdXBzL3BzNzI4OC9wcm92aWRlcnMvTWljcm9zb2Z0LlNxbC9zZXJ2ZXJzL3BzNTU5OS9kYXRhYmFzZXMvcHM2OTg1P2FwaS12ZXJzaW9uPTIwMjAtMDgtMDEtcHJldmlldw==",
      "RequestMethod": "PUT",
      "RequestBody": "{\r\n  \"sku\": {\r\n    \"name\": \"Premium\",\r\n    \"tier\": \"Premium\"\r\n  },\r\n  \"properties\": {\r\n    \"maxSizeBytes\": 0,\r\n    \"readScale\": \"\"\r\n  },\r\n  \"location\": \"southeastasia\"\r\n}",
      "RequestHeaders": {
        "x-ms-client-request-id": [
          "43de4631-4090-4270-9657-e6a27a83244c"
        ],
        "Accept-Language": [
          "en-US"
        ],
        "User-Agent": [
          "FxVersion/4.6.29321.03",
          "OSName/Windows",
          "OSVersion/Microsoft.Windows.10.0.17763.",
          "Microsoft.Azure.Management.Sql.SqlManagementClient/1.46.0.0"
>>>>>>> d78b04a5306127f583235b13752c48d4f7d1289a
        ],
        "Content-Type": [
          "application/json; charset=utf-8"
        ],
<<<<<<< HEAD
        "Expires": [
          "-1"
=======
        "Content-Length": [
          "170"
        ]
      },
      "ResponseHeaders": {
        "Cache-Control": [
          "no-cache"
>>>>>>> d78b04a5306127f583235b13752c48d4f7d1289a
        ],
        "Pragma": [
          "no-cache"
        ],
<<<<<<< HEAD
=======
        "Location": [
          "https://management.azure.com/subscriptions/91446693-dafa-4cc0-8b12-ec2c6c3f6250/resourceGroups/ps7288/providers/Microsoft.Sql/locations/southeastasia/databaseOperationResults/c05f4f32-e342-431f-89cc-118c37ec97db?api-version=2020-08-01-preview"
        ],
>>>>>>> d78b04a5306127f583235b13752c48d4f7d1289a
        "Retry-After": [
          "15"
        ],
        "Azure-AsyncOperation": [
<<<<<<< HEAD
          "https://management.azure.com/subscriptions/df7c055c-6310-4374-9852-10ef71ce5f85/resourceGroups/ps9316/providers/Microsoft.Sql/locations/southeastasia/databaseAzureAsyncOperation/69de938d-01fe-4ee1-a449-f85120ed2c12?api-version=2017-10-01-preview"
        ],
        "x-ms-request-id": [
          "45b8cde9-5b60-4594-b896-35328b273ac5"
        ],
        "x-ms-ratelimit-remaining-subscription-writes": [
          "1197"
        ],
        "x-ms-correlation-request-id": [
          "febc340f-750f-41fe-a9d0-6e423a052412"
        ],
        "x-ms-routing-request-id": [
          "WESTUS2:20180506T173851Z:febc340f-750f-41fe-a9d0-6e423a052412"
=======
          "https://management.azure.com/subscriptions/91446693-dafa-4cc0-8b12-ec2c6c3f6250/resourceGroups/ps7288/providers/Microsoft.Sql/locations/southeastasia/databaseAzureAsyncOperation/c05f4f32-e342-431f-89cc-118c37ec97db?api-version=2020-08-01-preview"
        ],
        "x-ms-request-id": [
          "c05f4f32-e342-431f-89cc-118c37ec97db"
        ],
        "Server": [
          "Microsoft-HTTPAPI/2.0"
        ],
        "x-ms-ratelimit-remaining-subscription-writes": [
          "1198"
        ],
        "x-ms-correlation-request-id": [
          "ae511aef-ce7a-4aea-939b-a6725587e8ec"
        ],
        "x-ms-routing-request-id": [
          "WESTUS:20201117T155534Z:ae511aef-ce7a-4aea-939b-a6725587e8ec"
>>>>>>> d78b04a5306127f583235b13752c48d4f7d1289a
        ],
        "Strict-Transport-Security": [
          "max-age=31536000; includeSubDomains"
        ],
        "X-Content-Type-Options": [
          "nosniff"
        ],
<<<<<<< HEAD
        "Cache-Control": [
          "no-cache"
        ],
        "Date": [
          "Sun, 06 May 2018 17:38:50 GMT"
        ],
        "Location": [
          "https://management.azure.com/subscriptions/df7c055c-6310-4374-9852-10ef71ce5f85/resourceGroups/ps9316/providers/Microsoft.Sql/locations/southeastasia/databaseOperationResults/69de938d-01fe-4ee1-a449-f85120ed2c12?api-version=2017-10-01-preview"
        ],
        "Server": [
          "Microsoft-HTTPAPI/2.0"
        ]
      },
      "StatusCode": 202
    },
    {
      "RequestUri": "/subscriptions/df7c055c-6310-4374-9852-10ef71ce5f85/resourceGroups/ps9316/providers/Microsoft.Sql/servers/ps183/databases/ps6422?api-version=2017-10-01-preview",
      "EncodedRequestUri": "L3N1YnNjcmlwdGlvbnMvZGY3YzA1NWMtNjMxMC00Mzc0LTk4NTItMTBlZjcxY2U1Zjg1L3Jlc291cmNlR3JvdXBzL3BzOTMxNi9wcm92aWRlcnMvTWljcm9zb2Z0LlNxbC9zZXJ2ZXJzL3BzMTgzL2RhdGFiYXNlcy9wczY0MjI/YXBpLXZlcnNpb249MjAxNy0xMC0wMS1wcmV2aWV3",
      "RequestMethod": "PUT",
      "RequestBody": "{\r\n  \"properties\": {\r\n    \"maxSizeBytes\": 0,\r\n    \"zoneRedundant\": false,\r\n    \"readScale\": \"Enabled\"\r\n  },\r\n  \"location\": \"southeastasia\"\r\n}",
      "RequestHeaders": {
        "Content-Type": [
          "application/json; charset=utf-8"
        ],
        "Content-Length": [
          "141"
        ],
        "x-ms-client-request-id": [
          "3e32927b-5fe9-409e-bd91-7077a6a71c00"
        ],
        "accept-language": [
          "en-US"
        ],
        "User-Agent": [
          "FxVersion/4.7.2633.0",
          "OSName/Windows10Enterprise",
          "OSVersion/6.3.16299",
          "Microsoft.Azure.Management.Sql.SqlManagementClient/1.15.0.0"
        ]
      },
      "ResponseBody": "{\r\n  \"operation\": \"UpdateLogicalDatabase\",\r\n  \"startTime\": \"2018-05-06T17:40:09.723Z\"\r\n}",
      "ResponseHeaders": {
        "Content-Length": [
          "76"
=======
        "Date": [
          "Tue, 17 Nov 2020 15:55:34 GMT"
        ],
        "Content-Length": [
          "76"
        ],
        "Content-Type": [
          "application/json; charset=utf-8"
        ],
        "Expires": [
          "-1"
        ]
      },
      "ResponseBody": "{\r\n  \"operation\": \"CreateLogicalDatabase\",\r\n  \"startTime\": \"2020-11-17T15:55:34.633Z\"\r\n}",
      "StatusCode": 202
    },
    {
      "RequestUri": "/subscriptions/91446693-dafa-4cc0-8b12-ec2c6c3f6250/resourceGroups/ps7288/providers/Microsoft.Sql/servers/ps5599/databases/ps6985?api-version=2020-08-01-preview",
      "EncodedRequestUri": "L3N1YnNjcmlwdGlvbnMvOTE0NDY2OTMtZGFmYS00Y2MwLThiMTItZWMyYzZjM2Y2MjUwL3Jlc291cmNlR3JvdXBzL3BzNzI4OC9wcm92aWRlcnMvTWljcm9zb2Z0LlNxbC9zZXJ2ZXJzL3BzNTU5OS9kYXRhYmFzZXMvcHM2OTg1P2FwaS12ZXJzaW9uPTIwMjAtMDgtMDEtcHJldmlldw==",
      "RequestMethod": "PUT",
      "RequestBody": "{\r\n  \"properties\": {\r\n    \"maxSizeBytes\": 0,\r\n    \"readScale\": \"Disabled\",\r\n    \"highAvailabilityReplicaCount\": -1\r\n  },\r\n  \"location\": \"southeastasia\"\r\n}",
      "RequestHeaders": {
        "x-ms-client-request-id": [
          "c55327e0-8dc9-4420-a11e-0e4f6186ad67"
        ],
        "Accept-Language": [
          "en-US"
        ],
        "User-Agent": [
          "FxVersion/4.6.29321.03",
          "OSName/Windows",
          "OSVersion/Microsoft.Windows.10.0.17763.",
          "Microsoft.Azure.Management.Sql.SqlManagementClient/1.46.0.0"
>>>>>>> d78b04a5306127f583235b13752c48d4f7d1289a
        ],
        "Content-Type": [
          "application/json; charset=utf-8"
        ],
<<<<<<< HEAD
        "Expires": [
          "-1"
=======
        "Content-Length": [
          "154"
        ]
      },
      "ResponseHeaders": {
        "Cache-Control": [
          "no-cache"
>>>>>>> d78b04a5306127f583235b13752c48d4f7d1289a
        ],
        "Pragma": [
          "no-cache"
        ],
<<<<<<< HEAD
=======
        "Location": [
          "https://management.azure.com/subscriptions/91446693-dafa-4cc0-8b12-ec2c6c3f6250/resourceGroups/ps7288/providers/Microsoft.Sql/locations/southeastasia/databaseOperationResults/ef86ab4c-f63c-4c45-b7d7-cad15ea5c28e?api-version=2020-08-01-preview"
        ],
>>>>>>> d78b04a5306127f583235b13752c48d4f7d1289a
        "Retry-After": [
          "15"
        ],
        "Azure-AsyncOperation": [
<<<<<<< HEAD
          "https://management.azure.com/subscriptions/df7c055c-6310-4374-9852-10ef71ce5f85/resourceGroups/ps9316/providers/Microsoft.Sql/locations/southeastasia/databaseAzureAsyncOperation/069694e3-36a5-4805-8a45-eaf9cab08493?api-version=2017-10-01-preview"
        ],
        "x-ms-request-id": [
          "370147a9-91a6-4dde-9976-65292b08a6ef"
        ],
        "x-ms-ratelimit-remaining-subscription-writes": [
          "1196"
        ],
        "x-ms-correlation-request-id": [
          "ff92efd6-d7b9-4beb-8a70-e6217b26b621"
        ],
        "x-ms-routing-request-id": [
          "WESTUS2:20180506T174009Z:ff92efd6-d7b9-4beb-8a70-e6217b26b621"
=======
          "https://management.azure.com/subscriptions/91446693-dafa-4cc0-8b12-ec2c6c3f6250/resourceGroups/ps7288/providers/Microsoft.Sql/locations/southeastasia/databaseAzureAsyncOperation/ef86ab4c-f63c-4c45-b7d7-cad15ea5c28e?api-version=2020-08-01-preview"
        ],
        "x-ms-request-id": [
          "ef86ab4c-f63c-4c45-b7d7-cad15ea5c28e"
        ],
        "Server": [
          "Microsoft-HTTPAPI/2.0"
        ],
        "x-ms-ratelimit-remaining-subscription-writes": [
          "1197"
        ],
        "x-ms-correlation-request-id": [
          "85541d6b-f8db-46ef-8b81-6f0d6e5f0612"
        ],
        "x-ms-routing-request-id": [
          "WESTUS:20201117T155653Z:85541d6b-f8db-46ef-8b81-6f0d6e5f0612"
>>>>>>> d78b04a5306127f583235b13752c48d4f7d1289a
        ],
        "Strict-Transport-Security": [
          "max-age=31536000; includeSubDomains"
        ],
        "X-Content-Type-Options": [
          "nosniff"
        ],
<<<<<<< HEAD
        "Cache-Control": [
          "no-cache"
        ],
        "Date": [
          "Sun, 06 May 2018 17:40:09 GMT"
        ],
        "Location": [
          "https://management.azure.com/subscriptions/df7c055c-6310-4374-9852-10ef71ce5f85/resourceGroups/ps9316/providers/Microsoft.Sql/locations/southeastasia/databaseOperationResults/069694e3-36a5-4805-8a45-eaf9cab08493?api-version=2017-10-01-preview"
        ],
        "Server": [
          "Microsoft-HTTPAPI/2.0"
        ]
      },
      "StatusCode": 202
    },
    {
      "RequestUri": "/subscriptions/df7c055c-6310-4374-9852-10ef71ce5f85/resourceGroups/ps9316/providers/Microsoft.Sql/locations/southeastasia/databaseAzureAsyncOperation/69de938d-01fe-4ee1-a449-f85120ed2c12?api-version=2017-10-01-preview",
      "EncodedRequestUri": "L3N1YnNjcmlwdGlvbnMvZGY3YzA1NWMtNjMxMC00Mzc0LTk4NTItMTBlZjcxY2U1Zjg1L3Jlc291cmNlR3JvdXBzL3BzOTMxNi9wcm92aWRlcnMvTWljcm9zb2Z0LlNxbC9sb2NhdGlvbnMvc291dGhlYXN0YXNpYS9kYXRhYmFzZUF6dXJlQXN5bmNPcGVyYXRpb24vNjlkZTkzOGQtMDFmZS00ZWUxLWE0NDktZjg1MTIwZWQyYzEyP2FwaS12ZXJzaW9uPTIwMTctMTAtMDEtcHJldmlldw==",
=======
        "Date": [
          "Tue, 17 Nov 2020 15:56:52 GMT"
        ],
        "Content-Length": [
          "75"
        ],
        "Content-Type": [
          "application/json; charset=utf-8"
        ],
        "Expires": [
          "-1"
        ]
      },
      "ResponseBody": "{\r\n  \"operation\": \"UpdateLogicalDatabase\",\r\n  \"startTime\": \"2020-11-17T15:56:53.04Z\"\r\n}",
      "StatusCode": 202
    },
    {
      "RequestUri": "/subscriptions/91446693-dafa-4cc0-8b12-ec2c6c3f6250/resourceGroups/ps7288/providers/Microsoft.Sql/locations/southeastasia/databaseAzureAsyncOperation/c05f4f32-e342-431f-89cc-118c37ec97db?api-version=2020-08-01-preview",
      "EncodedRequestUri": "L3N1YnNjcmlwdGlvbnMvOTE0NDY2OTMtZGFmYS00Y2MwLThiMTItZWMyYzZjM2Y2MjUwL3Jlc291cmNlR3JvdXBzL3BzNzI4OC9wcm92aWRlcnMvTWljcm9zb2Z0LlNxbC9sb2NhdGlvbnMvc291dGhlYXN0YXNpYS9kYXRhYmFzZUF6dXJlQXN5bmNPcGVyYXRpb24vYzA1ZjRmMzItZTM0Mi00MzFmLTg5Y2MtMTE4YzM3ZWM5N2RiP2FwaS12ZXJzaW9uPTIwMjAtMDgtMDEtcHJldmlldw==",
>>>>>>> d78b04a5306127f583235b13752c48d4f7d1289a
      "RequestMethod": "GET",
      "RequestBody": "",
      "RequestHeaders": {
        "User-Agent": [
<<<<<<< HEAD
          "FxVersion/4.7.2633.0",
          "OSName/Windows10Enterprise",
          "OSVersion/6.3.16299",
          "Microsoft.Azure.Management.Sql.SqlManagementClient/1.15.0.0"
        ]
      },
      "ResponseBody": "{\r\n  \"name\": \"69de938d-01fe-4ee1-a449-f85120ed2c12\",\r\n  \"status\": \"InProgress\",\r\n  \"startTime\": \"2018-05-06T17:38:50.443Z\"\r\n}",
      "ResponseHeaders": {
        "Content-Length": [
          "108"
        ],
        "Content-Type": [
          "application/json; charset=utf-8"
        ],
        "Expires": [
          "-1"
=======
          "FxVersion/4.6.29321.03",
          "OSName/Windows",
          "OSVersion/Microsoft.Windows.10.0.17763.",
          "Microsoft.Azure.Management.Sql.SqlManagementClient/1.46.0.0"
        ]
      },
      "ResponseHeaders": {
        "Cache-Control": [
          "no-cache"
>>>>>>> d78b04a5306127f583235b13752c48d4f7d1289a
        ],
        "Pragma": [
          "no-cache"
        ],
        "Retry-After": [
          "15"
        ],
        "x-ms-request-id": [
<<<<<<< HEAD
          "3e8ae000-ff2d-4913-9b88-23f5517da180"
        ],
        "x-ms-ratelimit-remaining-subscription-reads": [
          "14992"
        ],
        "x-ms-correlation-request-id": [
          "916fb446-0c77-4802-b483-f70af18e40c5"
        ],
        "x-ms-routing-request-id": [
          "WESTUS2:20180506T173906Z:916fb446-0c77-4802-b483-f70af18e40c5"
=======
          "e42ae81d-1a37-4fa7-a1a0-e1e46b033840"
        ],
        "Server": [
          "Microsoft-HTTPAPI/2.0"
        ],
        "x-ms-ratelimit-remaining-subscription-reads": [
          "11988"
        ],
        "x-ms-correlation-request-id": [
          "eca66831-b757-4475-b446-eb2b033ae5c9"
        ],
        "x-ms-routing-request-id": [
          "WESTUS:20201117T155550Z:eca66831-b757-4475-b446-eb2b033ae5c9"
>>>>>>> d78b04a5306127f583235b13752c48d4f7d1289a
        ],
        "Strict-Transport-Security": [
          "max-age=31536000; includeSubDomains"
        ],
        "X-Content-Type-Options": [
          "nosniff"
        ],
<<<<<<< HEAD
        "Cache-Control": [
          "no-cache"
        ],
        "Date": [
          "Sun, 06 May 2018 17:39:06 GMT"
        ],
        "Server": [
          "Microsoft-HTTPAPI/2.0"
        ]
      },
      "StatusCode": 200
    },
    {
      "RequestUri": "/subscriptions/df7c055c-6310-4374-9852-10ef71ce5f85/resourceGroups/ps9316/providers/Microsoft.Sql/locations/southeastasia/databaseAzureAsyncOperation/69de938d-01fe-4ee1-a449-f85120ed2c12?api-version=2017-10-01-preview",
      "EncodedRequestUri": "L3N1YnNjcmlwdGlvbnMvZGY3YzA1NWMtNjMxMC00Mzc0LTk4NTItMTBlZjcxY2U1Zjg1L3Jlc291cmNlR3JvdXBzL3BzOTMxNi9wcm92aWRlcnMvTWljcm9zb2Z0LlNxbC9sb2NhdGlvbnMvc291dGhlYXN0YXNpYS9kYXRhYmFzZUF6dXJlQXN5bmNPcGVyYXRpb24vNjlkZTkzOGQtMDFmZS00ZWUxLWE0NDktZjg1MTIwZWQyYzEyP2FwaS12ZXJzaW9uPTIwMTctMTAtMDEtcHJldmlldw==",
=======
        "Date": [
          "Tue, 17 Nov 2020 15:55:49 GMT"
        ],
        "Content-Length": [
          "108"
        ],
        "Content-Type": [
          "application/json; charset=utf-8"
        ],
        "Expires": [
          "-1"
        ]
      },
      "ResponseBody": "{\r\n  \"name\": \"c05f4f32-e342-431f-89cc-118c37ec97db\",\r\n  \"status\": \"InProgress\",\r\n  \"startTime\": \"2020-11-17T15:55:34.633Z\"\r\n}",
      "StatusCode": 200
    },
    {
      "RequestUri": "/subscriptions/91446693-dafa-4cc0-8b12-ec2c6c3f6250/resourceGroups/ps7288/providers/Microsoft.Sql/locations/southeastasia/databaseAzureAsyncOperation/c05f4f32-e342-431f-89cc-118c37ec97db?api-version=2020-08-01-preview",
      "EncodedRequestUri": "L3N1YnNjcmlwdGlvbnMvOTE0NDY2OTMtZGFmYS00Y2MwLThiMTItZWMyYzZjM2Y2MjUwL3Jlc291cmNlR3JvdXBzL3BzNzI4OC9wcm92aWRlcnMvTWljcm9zb2Z0LlNxbC9sb2NhdGlvbnMvc291dGhlYXN0YXNpYS9kYXRhYmFzZUF6dXJlQXN5bmNPcGVyYXRpb24vYzA1ZjRmMzItZTM0Mi00MzFmLTg5Y2MtMTE4YzM3ZWM5N2RiP2FwaS12ZXJzaW9uPTIwMjAtMDgtMDEtcHJldmlldw==",
>>>>>>> d78b04a5306127f583235b13752c48d4f7d1289a
      "RequestMethod": "GET",
      "RequestBody": "",
      "RequestHeaders": {
        "User-Agent": [
<<<<<<< HEAD
          "FxVersion/4.7.2633.0",
          "OSName/Windows10Enterprise",
          "OSVersion/6.3.16299",
          "Microsoft.Azure.Management.Sql.SqlManagementClient/1.15.0.0"
        ]
      },
      "ResponseBody": "{\r\n  \"name\": \"69de938d-01fe-4ee1-a449-f85120ed2c12\",\r\n  \"status\": \"InProgress\",\r\n  \"startTime\": \"2018-05-06T17:38:50.443Z\"\r\n}",
      "ResponseHeaders": {
        "Content-Length": [
          "108"
        ],
        "Content-Type": [
          "application/json; charset=utf-8"
        ],
        "Expires": [
          "-1"
=======
          "FxVersion/4.6.29321.03",
          "OSName/Windows",
          "OSVersion/Microsoft.Windows.10.0.17763.",
          "Microsoft.Azure.Management.Sql.SqlManagementClient/1.46.0.0"
        ]
      },
      "ResponseHeaders": {
        "Cache-Control": [
          "no-cache"
>>>>>>> d78b04a5306127f583235b13752c48d4f7d1289a
        ],
        "Pragma": [
          "no-cache"
        ],
        "Retry-After": [
          "15"
        ],
        "x-ms-request-id": [
<<<<<<< HEAD
          "8feaf2a6-9b35-48fc-b5ba-7e91fa0ba0af"
        ],
        "x-ms-ratelimit-remaining-subscription-reads": [
          "14991"
        ],
        "x-ms-correlation-request-id": [
          "dc29a88c-9359-4774-8742-520c52013cdf"
        ],
        "x-ms-routing-request-id": [
          "WESTUS2:20180506T173921Z:dc29a88c-9359-4774-8742-520c52013cdf"
=======
          "10ca3dd1-69f1-4fd0-b48a-1e6f164b182b"
        ],
        "Server": [
          "Microsoft-HTTPAPI/2.0"
        ],
        "x-ms-ratelimit-remaining-subscription-reads": [
          "11987"
        ],
        "x-ms-correlation-request-id": [
          "fcd2b8e9-38d6-41ed-b77d-3c9fa7c0c9ed"
        ],
        "x-ms-routing-request-id": [
          "WESTUS:20201117T155605Z:fcd2b8e9-38d6-41ed-b77d-3c9fa7c0c9ed"
>>>>>>> d78b04a5306127f583235b13752c48d4f7d1289a
        ],
        "Strict-Transport-Security": [
          "max-age=31536000; includeSubDomains"
        ],
        "X-Content-Type-Options": [
          "nosniff"
        ],
<<<<<<< HEAD
        "Cache-Control": [
          "no-cache"
        ],
        "Date": [
          "Sun, 06 May 2018 17:39:20 GMT"
        ],
        "Server": [
          "Microsoft-HTTPAPI/2.0"
        ]
      },
      "StatusCode": 200
    },
    {
      "RequestUri": "/subscriptions/df7c055c-6310-4374-9852-10ef71ce5f85/resourceGroups/ps9316/providers/Microsoft.Sql/locations/southeastasia/databaseAzureAsyncOperation/69de938d-01fe-4ee1-a449-f85120ed2c12?api-version=2017-10-01-preview",
      "EncodedRequestUri": "L3N1YnNjcmlwdGlvbnMvZGY3YzA1NWMtNjMxMC00Mzc0LTk4NTItMTBlZjcxY2U1Zjg1L3Jlc291cmNlR3JvdXBzL3BzOTMxNi9wcm92aWRlcnMvTWljcm9zb2Z0LlNxbC9sb2NhdGlvbnMvc291dGhlYXN0YXNpYS9kYXRhYmFzZUF6dXJlQXN5bmNPcGVyYXRpb24vNjlkZTkzOGQtMDFmZS00ZWUxLWE0NDktZjg1MTIwZWQyYzEyP2FwaS12ZXJzaW9uPTIwMTctMTAtMDEtcHJldmlldw==",
=======
        "Date": [
          "Tue, 17 Nov 2020 15:56:04 GMT"
        ],
        "Content-Length": [
          "108"
        ],
        "Content-Type": [
          "application/json; charset=utf-8"
        ],
        "Expires": [
          "-1"
        ]
      },
      "ResponseBody": "{\r\n  \"name\": \"c05f4f32-e342-431f-89cc-118c37ec97db\",\r\n  \"status\": \"InProgress\",\r\n  \"startTime\": \"2020-11-17T15:55:34.633Z\"\r\n}",
      "StatusCode": 200
    },
    {
      "RequestUri": "/subscriptions/91446693-dafa-4cc0-8b12-ec2c6c3f6250/resourceGroups/ps7288/providers/Microsoft.Sql/locations/southeastasia/databaseAzureAsyncOperation/c05f4f32-e342-431f-89cc-118c37ec97db?api-version=2020-08-01-preview",
      "EncodedRequestUri": "L3N1YnNjcmlwdGlvbnMvOTE0NDY2OTMtZGFmYS00Y2MwLThiMTItZWMyYzZjM2Y2MjUwL3Jlc291cmNlR3JvdXBzL3BzNzI4OC9wcm92aWRlcnMvTWljcm9zb2Z0LlNxbC9sb2NhdGlvbnMvc291dGhlYXN0YXNpYS9kYXRhYmFzZUF6dXJlQXN5bmNPcGVyYXRpb24vYzA1ZjRmMzItZTM0Mi00MzFmLTg5Y2MtMTE4YzM3ZWM5N2RiP2FwaS12ZXJzaW9uPTIwMjAtMDgtMDEtcHJldmlldw==",
>>>>>>> d78b04a5306127f583235b13752c48d4f7d1289a
      "RequestMethod": "GET",
      "RequestBody": "",
      "RequestHeaders": {
        "User-Agent": [
<<<<<<< HEAD
          "FxVersion/4.7.2633.0",
          "OSName/Windows10Enterprise",
          "OSVersion/6.3.16299",
          "Microsoft.Azure.Management.Sql.SqlManagementClient/1.15.0.0"
        ]
      },
      "ResponseBody": "{\r\n  \"name\": \"69de938d-01fe-4ee1-a449-f85120ed2c12\",\r\n  \"status\": \"InProgress\",\r\n  \"startTime\": \"2018-05-06T17:38:50.443Z\"\r\n}",
      "ResponseHeaders": {
        "Content-Length": [
          "108"
        ],
        "Content-Type": [
          "application/json; charset=utf-8"
        ],
        "Expires": [
          "-1"
=======
          "FxVersion/4.6.29321.03",
          "OSName/Windows",
          "OSVersion/Microsoft.Windows.10.0.17763.",
          "Microsoft.Azure.Management.Sql.SqlManagementClient/1.46.0.0"
        ]
      },
      "ResponseHeaders": {
        "Cache-Control": [
          "no-cache"
>>>>>>> d78b04a5306127f583235b13752c48d4f7d1289a
        ],
        "Pragma": [
          "no-cache"
        ],
        "Retry-After": [
          "15"
        ],
        "x-ms-request-id": [
<<<<<<< HEAD
          "21cb9e8c-dbc4-4027-9ee2-4b9e238c803b"
        ],
        "x-ms-ratelimit-remaining-subscription-reads": [
          "14990"
        ],
        "x-ms-correlation-request-id": [
          "fcdded6c-c19d-417e-a680-296a636cf89b"
        ],
        "x-ms-routing-request-id": [
          "WESTUS2:20180506T173936Z:fcdded6c-c19d-417e-a680-296a636cf89b"
=======
          "ce9badbb-795c-4f87-8628-45d7a00fb6af"
        ],
        "Server": [
          "Microsoft-HTTPAPI/2.0"
        ],
        "x-ms-ratelimit-remaining-subscription-reads": [
          "11986"
        ],
        "x-ms-correlation-request-id": [
          "c42f513a-8dda-440c-a518-e53326615314"
        ],
        "x-ms-routing-request-id": [
          "WESTUS:20201117T155620Z:c42f513a-8dda-440c-a518-e53326615314"
>>>>>>> d78b04a5306127f583235b13752c48d4f7d1289a
        ],
        "Strict-Transport-Security": [
          "max-age=31536000; includeSubDomains"
        ],
        "X-Content-Type-Options": [
          "nosniff"
        ],
<<<<<<< HEAD
        "Cache-Control": [
          "no-cache"
        ],
        "Date": [
          "Sun, 06 May 2018 17:39:35 GMT"
        ],
        "Server": [
          "Microsoft-HTTPAPI/2.0"
        ]
      },
      "StatusCode": 200
    },
    {
      "RequestUri": "/subscriptions/df7c055c-6310-4374-9852-10ef71ce5f85/resourceGroups/ps9316/providers/Microsoft.Sql/locations/southeastasia/databaseAzureAsyncOperation/69de938d-01fe-4ee1-a449-f85120ed2c12?api-version=2017-10-01-preview",
      "EncodedRequestUri": "L3N1YnNjcmlwdGlvbnMvZGY3YzA1NWMtNjMxMC00Mzc0LTk4NTItMTBlZjcxY2U1Zjg1L3Jlc291cmNlR3JvdXBzL3BzOTMxNi9wcm92aWRlcnMvTWljcm9zb2Z0LlNxbC9sb2NhdGlvbnMvc291dGhlYXN0YXNpYS9kYXRhYmFzZUF6dXJlQXN5bmNPcGVyYXRpb24vNjlkZTkzOGQtMDFmZS00ZWUxLWE0NDktZjg1MTIwZWQyYzEyP2FwaS12ZXJzaW9uPTIwMTctMTAtMDEtcHJldmlldw==",
=======
        "Date": [
          "Tue, 17 Nov 2020 15:56:19 GMT"
        ],
        "Content-Length": [
          "108"
        ],
        "Content-Type": [
          "application/json; charset=utf-8"
        ],
        "Expires": [
          "-1"
        ]
      },
      "ResponseBody": "{\r\n  \"name\": \"c05f4f32-e342-431f-89cc-118c37ec97db\",\r\n  \"status\": \"InProgress\",\r\n  \"startTime\": \"2020-11-17T15:55:34.633Z\"\r\n}",
      "StatusCode": 200
    },
    {
      "RequestUri": "/subscriptions/91446693-dafa-4cc0-8b12-ec2c6c3f6250/resourceGroups/ps7288/providers/Microsoft.Sql/locations/southeastasia/databaseAzureAsyncOperation/c05f4f32-e342-431f-89cc-118c37ec97db?api-version=2020-08-01-preview",
      "EncodedRequestUri": "L3N1YnNjcmlwdGlvbnMvOTE0NDY2OTMtZGFmYS00Y2MwLThiMTItZWMyYzZjM2Y2MjUwL3Jlc291cmNlR3JvdXBzL3BzNzI4OC9wcm92aWRlcnMvTWljcm9zb2Z0LlNxbC9sb2NhdGlvbnMvc291dGhlYXN0YXNpYS9kYXRhYmFzZUF6dXJlQXN5bmNPcGVyYXRpb24vYzA1ZjRmMzItZTM0Mi00MzFmLTg5Y2MtMTE4YzM3ZWM5N2RiP2FwaS12ZXJzaW9uPTIwMjAtMDgtMDEtcHJldmlldw==",
>>>>>>> d78b04a5306127f583235b13752c48d4f7d1289a
      "RequestMethod": "GET",
      "RequestBody": "",
      "RequestHeaders": {
        "User-Agent": [
<<<<<<< HEAD
          "FxVersion/4.7.2633.0",
          "OSName/Windows10Enterprise",
          "OSVersion/6.3.16299",
          "Microsoft.Azure.Management.Sql.SqlManagementClient/1.15.0.0"
        ]
      },
      "ResponseBody": "{\r\n  \"name\": \"69de938d-01fe-4ee1-a449-f85120ed2c12\",\r\n  \"status\": \"InProgress\",\r\n  \"startTime\": \"2018-05-06T17:38:50.443Z\"\r\n}",
      "ResponseHeaders": {
        "Content-Length": [
          "108"
        ],
        "Content-Type": [
          "application/json; charset=utf-8"
        ],
        "Expires": [
          "-1"
=======
          "FxVersion/4.6.29321.03",
          "OSName/Windows",
          "OSVersion/Microsoft.Windows.10.0.17763.",
          "Microsoft.Azure.Management.Sql.SqlManagementClient/1.46.0.0"
        ]
      },
      "ResponseHeaders": {
        "Cache-Control": [
          "no-cache"
>>>>>>> d78b04a5306127f583235b13752c48d4f7d1289a
        ],
        "Pragma": [
          "no-cache"
        ],
        "Retry-After": [
          "15"
        ],
        "x-ms-request-id": [
<<<<<<< HEAD
          "8d719d6a-629c-4713-95fc-9204339353ad"
        ],
        "x-ms-ratelimit-remaining-subscription-reads": [
          "14989"
        ],
        "x-ms-correlation-request-id": [
          "b8b30860-0dbf-40ea-9b06-950a75be79bb"
        ],
        "x-ms-routing-request-id": [
          "WESTUS2:20180506T173952Z:b8b30860-0dbf-40ea-9b06-950a75be79bb"
=======
          "90413bfd-7951-4421-ad5d-39d87c023f15"
        ],
        "Server": [
          "Microsoft-HTTPAPI/2.0"
        ],
        "x-ms-ratelimit-remaining-subscription-reads": [
          "11985"
        ],
        "x-ms-correlation-request-id": [
          "e9daf0c6-0b67-446a-97ef-30413fb2227a"
        ],
        "x-ms-routing-request-id": [
          "WESTUS:20201117T155635Z:e9daf0c6-0b67-446a-97ef-30413fb2227a"
>>>>>>> d78b04a5306127f583235b13752c48d4f7d1289a
        ],
        "Strict-Transport-Security": [
          "max-age=31536000; includeSubDomains"
        ],
        "X-Content-Type-Options": [
          "nosniff"
        ],
<<<<<<< HEAD
        "Cache-Control": [
          "no-cache"
        ],
        "Date": [
          "Sun, 06 May 2018 17:39:52 GMT"
        ],
        "Server": [
          "Microsoft-HTTPAPI/2.0"
        ]
      },
      "StatusCode": 200
    },
    {
      "RequestUri": "/subscriptions/df7c055c-6310-4374-9852-10ef71ce5f85/resourceGroups/ps9316/providers/Microsoft.Sql/locations/southeastasia/databaseAzureAsyncOperation/69de938d-01fe-4ee1-a449-f85120ed2c12?api-version=2017-10-01-preview",
      "EncodedRequestUri": "L3N1YnNjcmlwdGlvbnMvZGY3YzA1NWMtNjMxMC00Mzc0LTk4NTItMTBlZjcxY2U1Zjg1L3Jlc291cmNlR3JvdXBzL3BzOTMxNi9wcm92aWRlcnMvTWljcm9zb2Z0LlNxbC9sb2NhdGlvbnMvc291dGhlYXN0YXNpYS9kYXRhYmFzZUF6dXJlQXN5bmNPcGVyYXRpb24vNjlkZTkzOGQtMDFmZS00ZWUxLWE0NDktZjg1MTIwZWQyYzEyP2FwaS12ZXJzaW9uPTIwMTctMTAtMDEtcHJldmlldw==",
=======
        "Date": [
          "Tue, 17 Nov 2020 15:56:35 GMT"
        ],
        "Content-Length": [
          "108"
        ],
        "Content-Type": [
          "application/json; charset=utf-8"
        ],
        "Expires": [
          "-1"
        ]
      },
      "ResponseBody": "{\r\n  \"name\": \"c05f4f32-e342-431f-89cc-118c37ec97db\",\r\n  \"status\": \"InProgress\",\r\n  \"startTime\": \"2020-11-17T15:55:34.633Z\"\r\n}",
      "StatusCode": 200
    },
    {
      "RequestUri": "/subscriptions/91446693-dafa-4cc0-8b12-ec2c6c3f6250/resourceGroups/ps7288/providers/Microsoft.Sql/locations/southeastasia/databaseAzureAsyncOperation/c05f4f32-e342-431f-89cc-118c37ec97db?api-version=2020-08-01-preview",
      "EncodedRequestUri": "L3N1YnNjcmlwdGlvbnMvOTE0NDY2OTMtZGFmYS00Y2MwLThiMTItZWMyYzZjM2Y2MjUwL3Jlc291cmNlR3JvdXBzL3BzNzI4OC9wcm92aWRlcnMvTWljcm9zb2Z0LlNxbC9sb2NhdGlvbnMvc291dGhlYXN0YXNpYS9kYXRhYmFzZUF6dXJlQXN5bmNPcGVyYXRpb24vYzA1ZjRmMzItZTM0Mi00MzFmLTg5Y2MtMTE4YzM3ZWM5N2RiP2FwaS12ZXJzaW9uPTIwMjAtMDgtMDEtcHJldmlldw==",
>>>>>>> d78b04a5306127f583235b13752c48d4f7d1289a
      "RequestMethod": "GET",
      "RequestBody": "",
      "RequestHeaders": {
        "User-Agent": [
<<<<<<< HEAD
          "FxVersion/4.7.2633.0",
          "OSName/Windows10Enterprise",
          "OSVersion/6.3.16299",
          "Microsoft.Azure.Management.Sql.SqlManagementClient/1.15.0.0"
        ]
      },
      "ResponseBody": "{\r\n  \"name\": \"69de938d-01fe-4ee1-a449-f85120ed2c12\",\r\n  \"status\": \"Succeeded\",\r\n  \"startTime\": \"2018-05-06T17:38:50.443Z\"\r\n}",
      "ResponseHeaders": {
        "Content-Length": [
          "107"
        ],
        "Content-Type": [
          "application/json; charset=utf-8"
        ],
        "Expires": [
          "-1"
=======
          "FxVersion/4.6.29321.03",
          "OSName/Windows",
          "OSVersion/Microsoft.Windows.10.0.17763.",
          "Microsoft.Azure.Management.Sql.SqlManagementClient/1.46.0.0"
        ]
      },
      "ResponseHeaders": {
        "Cache-Control": [
          "no-cache"
>>>>>>> d78b04a5306127f583235b13752c48d4f7d1289a
        ],
        "Pragma": [
          "no-cache"
        ],
        "Retry-After": [
          "15"
        ],
        "x-ms-request-id": [
<<<<<<< HEAD
          "a48ba5e5-2e55-42fa-ad94-9194c584845e"
        ],
        "x-ms-ratelimit-remaining-subscription-reads": [
          "14988"
        ],
        "x-ms-correlation-request-id": [
          "48e9583a-71ac-43ce-a0ae-981013cb31d9"
        ],
        "x-ms-routing-request-id": [
          "WESTUS2:20180506T174008Z:48e9583a-71ac-43ce-a0ae-981013cb31d9"
=======
          "5fb54c73-0e69-46bb-ab6e-9c9f4c031175"
        ],
        "Server": [
          "Microsoft-HTTPAPI/2.0"
        ],
        "x-ms-ratelimit-remaining-subscription-reads": [
          "11984"
        ],
        "x-ms-correlation-request-id": [
          "6af9d212-415c-4f8e-90d3-1dbebb543f22"
        ],
        "x-ms-routing-request-id": [
          "WESTUS:20201117T155651Z:6af9d212-415c-4f8e-90d3-1dbebb543f22"
>>>>>>> d78b04a5306127f583235b13752c48d4f7d1289a
        ],
        "Strict-Transport-Security": [
          "max-age=31536000; includeSubDomains"
        ],
        "X-Content-Type-Options": [
          "nosniff"
        ],
<<<<<<< HEAD
        "Cache-Control": [
          "no-cache"
        ],
        "Date": [
          "Sun, 06 May 2018 17:40:07 GMT"
        ],
        "Server": [
          "Microsoft-HTTPAPI/2.0"
        ]
      },
      "StatusCode": 200
    },
    {
      "RequestUri": "/subscriptions/df7c055c-6310-4374-9852-10ef71ce5f85/resourceGroups/ps9316/providers/Microsoft.Sql/locations/southeastasia/databaseAzureAsyncOperation/069694e3-36a5-4805-8a45-eaf9cab08493?api-version=2017-10-01-preview",
      "EncodedRequestUri": "L3N1YnNjcmlwdGlvbnMvZGY3YzA1NWMtNjMxMC00Mzc0LTk4NTItMTBlZjcxY2U1Zjg1L3Jlc291cmNlR3JvdXBzL3BzOTMxNi9wcm92aWRlcnMvTWljcm9zb2Z0LlNxbC9sb2NhdGlvbnMvc291dGhlYXN0YXNpYS9kYXRhYmFzZUF6dXJlQXN5bmNPcGVyYXRpb24vMDY5Njk0ZTMtMzZhNS00ODA1LThhNDUtZWFmOWNhYjA4NDkzP2FwaS12ZXJzaW9uPTIwMTctMTAtMDEtcHJldmlldw==",
=======
        "Date": [
          "Tue, 17 Nov 2020 15:56:50 GMT"
        ],
        "Content-Length": [
          "107"
        ],
        "Content-Type": [
          "application/json; charset=utf-8"
        ],
        "Expires": [
          "-1"
        ]
      },
      "ResponseBody": "{\r\n  \"name\": \"c05f4f32-e342-431f-89cc-118c37ec97db\",\r\n  \"status\": \"Succeeded\",\r\n  \"startTime\": \"2020-11-17T15:55:34.633Z\"\r\n}",
      "StatusCode": 200
    },
    {
      "RequestUri": "/subscriptions/91446693-dafa-4cc0-8b12-ec2c6c3f6250/resourceGroups/ps7288/providers/Microsoft.Sql/locations/southeastasia/databaseAzureAsyncOperation/ef86ab4c-f63c-4c45-b7d7-cad15ea5c28e?api-version=2020-08-01-preview",
      "EncodedRequestUri": "L3N1YnNjcmlwdGlvbnMvOTE0NDY2OTMtZGFmYS00Y2MwLThiMTItZWMyYzZjM2Y2MjUwL3Jlc291cmNlR3JvdXBzL3BzNzI4OC9wcm92aWRlcnMvTWljcm9zb2Z0LlNxbC9sb2NhdGlvbnMvc291dGhlYXN0YXNpYS9kYXRhYmFzZUF6dXJlQXN5bmNPcGVyYXRpb24vZWY4NmFiNGMtZjYzYy00YzQ1LWI3ZDctY2FkMTVlYTVjMjhlP2FwaS12ZXJzaW9uPTIwMjAtMDgtMDEtcHJldmlldw==",
>>>>>>> d78b04a5306127f583235b13752c48d4f7d1289a
      "RequestMethod": "GET",
      "RequestBody": "",
      "RequestHeaders": {
        "User-Agent": [
<<<<<<< HEAD
          "FxVersion/4.7.2633.0",
          "OSName/Windows10Enterprise",
          "OSVersion/6.3.16299",
          "Microsoft.Azure.Management.Sql.SqlManagementClient/1.15.0.0"
        ]
      },
      "ResponseBody": "{\r\n  \"name\": \"069694e3-36a5-4805-8a45-eaf9cab08493\",\r\n  \"status\": \"Succeeded\",\r\n  \"startTime\": \"2018-05-06T17:40:09.723Z\"\r\n}",
      "ResponseHeaders": {
        "Content-Length": [
          "107"
        ],
        "Content-Type": [
          "application/json; charset=utf-8"
        ],
        "Expires": [
          "-1"
=======
          "FxVersion/4.6.29321.03",
          "OSName/Windows",
          "OSVersion/Microsoft.Windows.10.0.17763.",
          "Microsoft.Azure.Management.Sql.SqlManagementClient/1.46.0.0"
        ]
      },
      "ResponseHeaders": {
        "Cache-Control": [
          "no-cache"
>>>>>>> d78b04a5306127f583235b13752c48d4f7d1289a
        ],
        "Pragma": [
          "no-cache"
        ],
        "Retry-After": [
          "15"
        ],
        "x-ms-request-id": [
<<<<<<< HEAD
          "46c235a8-5b36-4f32-a331-a738952c17f3"
        ],
        "x-ms-ratelimit-remaining-subscription-reads": [
          "14983"
        ],
        "x-ms-correlation-request-id": [
          "f16255d4-5421-4a0a-91c8-e8223501d326"
        ],
        "x-ms-routing-request-id": [
          "WESTUS2:20180506T174025Z:f16255d4-5421-4a0a-91c8-e8223501d326"
=======
          "fc4798d6-aca1-4977-8faf-8459a9b6732d"
        ],
        "Server": [
          "Microsoft-HTTPAPI/2.0"
        ],
        "x-ms-ratelimit-remaining-subscription-reads": [
          "11978"
        ],
        "x-ms-correlation-request-id": [
          "de545b2d-7d89-4ae4-be5c-9478f6f35eed"
        ],
        "x-ms-routing-request-id": [
          "WESTUS:20201117T155708Z:de545b2d-7d89-4ae4-be5c-9478f6f35eed"
>>>>>>> d78b04a5306127f583235b13752c48d4f7d1289a
        ],
        "Strict-Transport-Security": [
          "max-age=31536000; includeSubDomains"
        ],
        "X-Content-Type-Options": [
          "nosniff"
        ],
<<<<<<< HEAD
        "Cache-Control": [
          "no-cache"
        ],
        "Date": [
          "Sun, 06 May 2018 17:40:25 GMT"
        ],
        "Server": [
          "Microsoft-HTTPAPI/2.0"
        ]
      },
      "StatusCode": 200
    },
    {
      "RequestUri": "/subscriptions/df7c055c-6310-4374-9852-10ef71ce5f85/resourcegroups/ps9316?api-version=2016-02-01",
      "EncodedRequestUri": "L3N1YnNjcmlwdGlvbnMvZGY3YzA1NWMtNjMxMC00Mzc0LTk4NTItMTBlZjcxY2U1Zjg1L3Jlc291cmNlZ3JvdXBzL3BzOTMxNj9hcGktdmVyc2lvbj0yMDE2LTAyLTAx",
      "RequestMethod": "DELETE",
      "RequestBody": "",
      "RequestHeaders": {
        "User-Agent": [
          "Microsoft.Azure.Management.Resources.ResourceManagementClient/2.0.0.0"
        ]
      },
      "ResponseBody": "",
      "ResponseHeaders": {
        "Content-Length": [
          "0"
        ],
        "Expires": [
          "-1"
=======
        "Date": [
          "Tue, 17 Nov 2020 15:57:07 GMT"
        ],
        "Content-Length": [
          "106"
        ],
        "Content-Type": [
          "application/json; charset=utf-8"
        ],
        "Expires": [
          "-1"
        ]
      },
      "ResponseBody": "{\r\n  \"name\": \"ef86ab4c-f63c-4c45-b7d7-cad15ea5c28e\",\r\n  \"status\": \"Succeeded\",\r\n  \"startTime\": \"2020-11-17T15:56:53.04Z\"\r\n}",
      "StatusCode": 200
    },
    {
      "RequestUri": "/subscriptions/91446693-dafa-4cc0-8b12-ec2c6c3f6250/resourcegroups/ps7288?api-version=2016-09-01",
      "EncodedRequestUri": "L3N1YnNjcmlwdGlvbnMvOTE0NDY2OTMtZGFmYS00Y2MwLThiMTItZWMyYzZjM2Y2MjUwL3Jlc291cmNlZ3JvdXBzL3BzNzI4OD9hcGktdmVyc2lvbj0yMDE2LTA5LTAx",
      "RequestMethod": "DELETE",
      "RequestBody": "",
      "RequestHeaders": {
        "x-ms-client-request-id": [
          "56b4c034-5127-43ac-96a7-6429da68104b"
        ],
        "Accept-Language": [
          "en-US"
        ],
        "User-Agent": [
          "FxVersion/4.6.29321.03",
          "OSName/Windows",
          "OSVersion/Microsoft.Windows.10.0.17763.",
          "Microsoft.Azure.Management.Internal.Resources.ResourceManagementClient/1.3.29"
        ]
      },
      "ResponseHeaders": {
        "Cache-Control": [
          "no-cache"
>>>>>>> d78b04a5306127f583235b13752c48d4f7d1289a
        ],
        "Pragma": [
          "no-cache"
        ],
<<<<<<< HEAD
        "Retry-After": [
          "15"
        ],
        "x-ms-ratelimit-remaining-subscription-writes": [
          "1199"
        ],
        "x-ms-request-id": [
          "e0799d5e-12c3-4ad5-bd32-9178c8a03f7a"
        ],
        "x-ms-correlation-request-id": [
          "e0799d5e-12c3-4ad5-bd32-9178c8a03f7a"
        ],
        "x-ms-routing-request-id": [
          "WESTUS2:20180506T174026Z:e0799d5e-12c3-4ad5-bd32-9178c8a03f7a"
=======
        "Location": [
          "https://management.azure.com/subscriptions/91446693-dafa-4cc0-8b12-ec2c6c3f6250/operationresults/eyJqb2JJZCI6IlJFU09VUkNFR1JPVVBERUxFVElPTkpPQi1QUzcyODgtV0VTVENFTlRSQUxVUyIsImpvYkxvY2F0aW9uIjoid2VzdGNlbnRyYWx1cyJ9?api-version=2016-09-01"
        ],
        "Retry-After": [
          "15"
        ],
        "x-ms-ratelimit-remaining-subscription-deletes": [
          "14999"
        ],
        "x-ms-request-id": [
          "c1412656-05c0-4565-bfe9-a74e63f32518"
        ],
        "x-ms-correlation-request-id": [
          "c1412656-05c0-4565-bfe9-a74e63f32518"
        ],
        "x-ms-routing-request-id": [
          "WESTUS:20201117T155709Z:c1412656-05c0-4565-bfe9-a74e63f32518"
>>>>>>> d78b04a5306127f583235b13752c48d4f7d1289a
        ],
        "Strict-Transport-Security": [
          "max-age=31536000; includeSubDomains"
        ],
        "X-Content-Type-Options": [
          "nosniff"
        ],
<<<<<<< HEAD
        "Cache-Control": [
          "no-cache"
        ],
        "Date": [
          "Sun, 06 May 2018 17:40:25 GMT"
        ],
        "Location": [
          "https://management.azure.com/subscriptions/df7c055c-6310-4374-9852-10ef71ce5f85/operationresults/eyJqb2JJZCI6IlJFU09VUkNFR1JPVVBERUxFVElPTkpPQi1QUzkzMTYtV0VTVENFTlRSQUxVUyIsImpvYkxvY2F0aW9uIjoid2VzdGNlbnRyYWx1cyJ9?api-version=2016-02-01"
        ]
      },
      "StatusCode": 202
    },
    {
      "RequestUri": "/subscriptions/df7c055c-6310-4374-9852-10ef71ce5f85/operationresults/eyJqb2JJZCI6IlJFU09VUkNFR1JPVVBERUxFVElPTkpPQi1QUzkzMTYtV0VTVENFTlRSQUxVUyIsImpvYkxvY2F0aW9uIjoid2VzdGNlbnRyYWx1cyJ9?api-version=2016-02-01",
      "EncodedRequestUri": "L3N1YnNjcmlwdGlvbnMvZGY3YzA1NWMtNjMxMC00Mzc0LTk4NTItMTBlZjcxY2U1Zjg1L29wZXJhdGlvbnJlc3VsdHMvZXlKcWIySkpaQ0k2SWxKRlUwOVZVa05GUjFKUFZWQkVSVXhGVkVsUFRrcFBRaTFRVXprek1UWXRWMFZUVkVORlRsUlNRVXhWVXlJc0ltcHZZa3h2WTJGMGFXOXVJam9pZDJWemRHTmxiblJ5WVd4MWN5Sjk/YXBpLXZlcnNpb249MjAxNi0wMi0wMQ==",
      "RequestMethod": "GET",
      "RequestBody": "",
      "RequestHeaders": {
        "x-ms-version": [
          "2016-02-01"
        ],
        "User-Agent": [
          "Microsoft.Azure.Management.Resources.ResourceManagementClient/2.0.0.0"
        ]
      },
      "ResponseBody": "",
      "ResponseHeaders": {
        "Content-Length": [
          "0"
        ],
        "Expires": [
          "-1"
=======
        "Date": [
          "Tue, 17 Nov 2020 15:57:09 GMT"
        ],
        "Expires": [
          "-1"
        ],
        "Content-Length": [
          "0"
        ]
      },
      "ResponseBody": "",
      "StatusCode": 202
    },
    {
      "RequestUri": "/subscriptions/91446693-dafa-4cc0-8b12-ec2c6c3f6250/operationresults/eyJqb2JJZCI6IlJFU09VUkNFR1JPVVBERUxFVElPTkpPQi1QUzcyODgtV0VTVENFTlRSQUxVUyIsImpvYkxvY2F0aW9uIjoid2VzdGNlbnRyYWx1cyJ9?api-version=2016-09-01",
      "EncodedRequestUri": "L3N1YnNjcmlwdGlvbnMvOTE0NDY2OTMtZGFmYS00Y2MwLThiMTItZWMyYzZjM2Y2MjUwL29wZXJhdGlvbnJlc3VsdHMvZXlKcWIySkpaQ0k2SWxKRlUwOVZVa05GUjFKUFZWQkVSVXhGVkVsUFRrcFBRaTFRVXpjeU9EZ3RWMFZUVkVORlRsUlNRVXhWVXlJc0ltcHZZa3h2WTJGMGFXOXVJam9pZDJWemRHTmxiblJ5WVd4MWN5Sjk/YXBpLXZlcnNpb249MjAxNi0wOS0wMQ==",
      "RequestMethod": "GET",
      "RequestBody": "",
      "RequestHeaders": {
        "User-Agent": [
          "FxVersion/4.6.29321.03",
          "OSName/Windows",
          "OSVersion/Microsoft.Windows.10.0.17763.",
          "Microsoft.Azure.Management.Internal.Resources.ResourceManagementClient/1.3.29"
        ]
      },
      "ResponseHeaders": {
        "Cache-Control": [
          "no-cache"
>>>>>>> d78b04a5306127f583235b13752c48d4f7d1289a
        ],
        "Pragma": [
          "no-cache"
        ],
<<<<<<< HEAD
=======
        "Location": [
          "https://management.azure.com/subscriptions/91446693-dafa-4cc0-8b12-ec2c6c3f6250/operationresults/eyJqb2JJZCI6IlJFU09VUkNFR1JPVVBERUxFVElPTkpPQi1QUzcyODgtV0VTVENFTlRSQUxVUyIsImpvYkxvY2F0aW9uIjoid2VzdGNlbnRyYWx1cyJ9?api-version=2016-09-01"
        ],
>>>>>>> d78b04a5306127f583235b13752c48d4f7d1289a
        "Retry-After": [
          "15"
        ],
        "x-ms-ratelimit-remaining-subscription-reads": [
<<<<<<< HEAD
          "14999"
        ],
        "x-ms-request-id": [
          "1f73e8c1-c861-42ea-a7de-026d61b9bafe"
        ],
        "x-ms-correlation-request-id": [
          "1f73e8c1-c861-42ea-a7de-026d61b9bafe"
        ],
        "x-ms-routing-request-id": [
          "WESTUS2:20180506T174026Z:1f73e8c1-c861-42ea-a7de-026d61b9bafe"
=======
          "11999"
        ],
        "x-ms-request-id": [
          "5143afae-ccf5-4ede-8025-7edcf23b8c78"
        ],
        "x-ms-correlation-request-id": [
          "5143afae-ccf5-4ede-8025-7edcf23b8c78"
        ],
        "x-ms-routing-request-id": [
          "WESTUS:20201117T155725Z:5143afae-ccf5-4ede-8025-7edcf23b8c78"
>>>>>>> d78b04a5306127f583235b13752c48d4f7d1289a
        ],
        "Strict-Transport-Security": [
          "max-age=31536000; includeSubDomains"
        ],
        "X-Content-Type-Options": [
          "nosniff"
        ],
<<<<<<< HEAD
        "Cache-Control": [
          "no-cache"
        ],
        "Date": [
          "Sun, 06 May 2018 17:40:25 GMT"
        ],
        "Location": [
          "https://management.azure.com/subscriptions/df7c055c-6310-4374-9852-10ef71ce5f85/operationresults/eyJqb2JJZCI6IlJFU09VUkNFR1JPVVBERUxFVElPTkpPQi1QUzkzMTYtV0VTVENFTlRSQUxVUyIsImpvYkxvY2F0aW9uIjoid2VzdGNlbnRyYWx1cyJ9?api-version=2016-02-01"
        ]
      },
      "StatusCode": 202
    },
    {
      "RequestUri": "/subscriptions/df7c055c-6310-4374-9852-10ef71ce5f85/operationresults/eyJqb2JJZCI6IlJFU09VUkNFR1JPVVBERUxFVElPTkpPQi1QUzkzMTYtV0VTVENFTlRSQUxVUyIsImpvYkxvY2F0aW9uIjoid2VzdGNlbnRyYWx1cyJ9?api-version=2016-02-01",
      "EncodedRequestUri": "L3N1YnNjcmlwdGlvbnMvZGY3YzA1NWMtNjMxMC00Mzc0LTk4NTItMTBlZjcxY2U1Zjg1L29wZXJhdGlvbnJlc3VsdHMvZXlKcWIySkpaQ0k2SWxKRlUwOVZVa05GUjFKUFZWQkVSVXhGVkVsUFRrcFBRaTFRVXprek1UWXRWMFZUVkVORlRsUlNRVXhWVXlJc0ltcHZZa3h2WTJGMGFXOXVJam9pZDJWemRHTmxiblJ5WVd4MWN5Sjk/YXBpLXZlcnNpb249MjAxNi0wMi0wMQ==",
      "RequestMethod": "GET",
      "RequestBody": "",
      "RequestHeaders": {
        "x-ms-version": [
          "2016-02-01"
        ],
        "User-Agent": [
          "Microsoft.Azure.Management.Resources.ResourceManagementClient/2.0.0.0"
        ]
      },
      "ResponseBody": "",
      "ResponseHeaders": {
        "Content-Length": [
          "0"
        ],
        "Expires": [
          "-1"
=======
        "Date": [
          "Tue, 17 Nov 2020 15:57:24 GMT"
        ],
        "Expires": [
          "-1"
        ],
        "Content-Length": [
          "0"
        ]
      },
      "ResponseBody": "",
      "StatusCode": 202
    },
    {
      "RequestUri": "/subscriptions/91446693-dafa-4cc0-8b12-ec2c6c3f6250/operationresults/eyJqb2JJZCI6IlJFU09VUkNFR1JPVVBERUxFVElPTkpPQi1QUzcyODgtV0VTVENFTlRSQUxVUyIsImpvYkxvY2F0aW9uIjoid2VzdGNlbnRyYWx1cyJ9?api-version=2016-09-01",
      "EncodedRequestUri": "L3N1YnNjcmlwdGlvbnMvOTE0NDY2OTMtZGFmYS00Y2MwLThiMTItZWMyYzZjM2Y2MjUwL29wZXJhdGlvbnJlc3VsdHMvZXlKcWIySkpaQ0k2SWxKRlUwOVZVa05GUjFKUFZWQkVSVXhGVkVsUFRrcFBRaTFRVXpjeU9EZ3RWMFZUVkVORlRsUlNRVXhWVXlJc0ltcHZZa3h2WTJGMGFXOXVJam9pZDJWemRHTmxiblJ5WVd4MWN5Sjk/YXBpLXZlcnNpb249MjAxNi0wOS0wMQ==",
      "RequestMethod": "GET",
      "RequestBody": "",
      "RequestHeaders": {
        "User-Agent": [
          "FxVersion/4.6.29321.03",
          "OSName/Windows",
          "OSVersion/Microsoft.Windows.10.0.17763.",
          "Microsoft.Azure.Management.Internal.Resources.ResourceManagementClient/1.3.29"
        ]
      },
      "ResponseHeaders": {
        "Cache-Control": [
          "no-cache"
>>>>>>> d78b04a5306127f583235b13752c48d4f7d1289a
        ],
        "Pragma": [
          "no-cache"
        ],
<<<<<<< HEAD
=======
        "Location": [
          "https://management.azure.com/subscriptions/91446693-dafa-4cc0-8b12-ec2c6c3f6250/operationresults/eyJqb2JJZCI6IlJFU09VUkNFR1JPVVBERUxFVElPTkpPQi1QUzcyODgtV0VTVENFTlRSQUxVUyIsImpvYkxvY2F0aW9uIjoid2VzdGNlbnRyYWx1cyJ9?api-version=2016-09-01"
        ],
>>>>>>> d78b04a5306127f583235b13752c48d4f7d1289a
        "Retry-After": [
          "15"
        ],
        "x-ms-ratelimit-remaining-subscription-reads": [
<<<<<<< HEAD
          "14998"
        ],
        "x-ms-request-id": [
          "a9c711fd-5101-468c-95f6-843fb2165a20"
        ],
        "x-ms-correlation-request-id": [
          "a9c711fd-5101-468c-95f6-843fb2165a20"
        ],
        "x-ms-routing-request-id": [
          "WESTUS2:20180506T174041Z:a9c711fd-5101-468c-95f6-843fb2165a20"
=======
          "11998"
        ],
        "x-ms-request-id": [
          "0d405cb1-5a73-4e5f-be41-6871f67329b4"
        ],
        "x-ms-correlation-request-id": [
          "0d405cb1-5a73-4e5f-be41-6871f67329b4"
        ],
        "x-ms-routing-request-id": [
          "WESTUS:20201117T155740Z:0d405cb1-5a73-4e5f-be41-6871f67329b4"
>>>>>>> d78b04a5306127f583235b13752c48d4f7d1289a
        ],
        "Strict-Transport-Security": [
          "max-age=31536000; includeSubDomains"
        ],
        "X-Content-Type-Options": [
          "nosniff"
        ],
<<<<<<< HEAD
        "Cache-Control": [
          "no-cache"
        ],
        "Date": [
          "Sun, 06 May 2018 17:40:40 GMT"
        ],
        "Location": [
          "https://management.azure.com/subscriptions/df7c055c-6310-4374-9852-10ef71ce5f85/operationresults/eyJqb2JJZCI6IlJFU09VUkNFR1JPVVBERUxFVElPTkpPQi1QUzkzMTYtV0VTVENFTlRSQUxVUyIsImpvYkxvY2F0aW9uIjoid2VzdGNlbnRyYWx1cyJ9?api-version=2016-02-01"
        ]
      },
      "StatusCode": 202
    },
    {
      "RequestUri": "/subscriptions/df7c055c-6310-4374-9852-10ef71ce5f85/operationresults/eyJqb2JJZCI6IlJFU09VUkNFR1JPVVBERUxFVElPTkpPQi1QUzkzMTYtV0VTVENFTlRSQUxVUyIsImpvYkxvY2F0aW9uIjoid2VzdGNlbnRyYWx1cyJ9?api-version=2016-02-01",
      "EncodedRequestUri": "L3N1YnNjcmlwdGlvbnMvZGY3YzA1NWMtNjMxMC00Mzc0LTk4NTItMTBlZjcxY2U1Zjg1L29wZXJhdGlvbnJlc3VsdHMvZXlKcWIySkpaQ0k2SWxKRlUwOVZVa05GUjFKUFZWQkVSVXhGVkVsUFRrcFBRaTFRVXprek1UWXRWMFZUVkVORlRsUlNRVXhWVXlJc0ltcHZZa3h2WTJGMGFXOXVJam9pZDJWemRHTmxiblJ5WVd4MWN5Sjk/YXBpLXZlcnNpb249MjAxNi0wMi0wMQ==",
      "RequestMethod": "GET",
      "RequestBody": "",
      "RequestHeaders": {
        "x-ms-version": [
          "2016-02-01"
        ],
        "User-Agent": [
          "Microsoft.Azure.Management.Resources.ResourceManagementClient/2.0.0.0"
        ]
      },
      "ResponseBody": "",
      "ResponseHeaders": {
        "Content-Length": [
          "0"
        ],
        "Expires": [
          "-1"
=======
        "Date": [
          "Tue, 17 Nov 2020 15:57:39 GMT"
        ],
        "Expires": [
          "-1"
        ],
        "Content-Length": [
          "0"
        ]
      },
      "ResponseBody": "",
      "StatusCode": 202
    },
    {
      "RequestUri": "/subscriptions/91446693-dafa-4cc0-8b12-ec2c6c3f6250/operationresults/eyJqb2JJZCI6IlJFU09VUkNFR1JPVVBERUxFVElPTkpPQi1QUzcyODgtV0VTVENFTlRSQUxVUyIsImpvYkxvY2F0aW9uIjoid2VzdGNlbnRyYWx1cyJ9?api-version=2016-09-01",
      "EncodedRequestUri": "L3N1YnNjcmlwdGlvbnMvOTE0NDY2OTMtZGFmYS00Y2MwLThiMTItZWMyYzZjM2Y2MjUwL29wZXJhdGlvbnJlc3VsdHMvZXlKcWIySkpaQ0k2SWxKRlUwOVZVa05GUjFKUFZWQkVSVXhGVkVsUFRrcFBRaTFRVXpjeU9EZ3RWMFZUVkVORlRsUlNRVXhWVXlJc0ltcHZZa3h2WTJGMGFXOXVJam9pZDJWemRHTmxiblJ5WVd4MWN5Sjk/YXBpLXZlcnNpb249MjAxNi0wOS0wMQ==",
      "RequestMethod": "GET",
      "RequestBody": "",
      "RequestHeaders": {
        "User-Agent": [
          "FxVersion/4.6.29321.03",
          "OSName/Windows",
          "OSVersion/Microsoft.Windows.10.0.17763.",
          "Microsoft.Azure.Management.Internal.Resources.ResourceManagementClient/1.3.29"
        ]
      },
      "ResponseHeaders": {
        "Cache-Control": [
          "no-cache"
>>>>>>> d78b04a5306127f583235b13752c48d4f7d1289a
        ],
        "Pragma": [
          "no-cache"
        ],
<<<<<<< HEAD
=======
        "Location": [
          "https://management.azure.com/subscriptions/91446693-dafa-4cc0-8b12-ec2c6c3f6250/operationresults/eyJqb2JJZCI6IlJFU09VUkNFR1JPVVBERUxFVElPTkpPQi1QUzcyODgtV0VTVENFTlRSQUxVUyIsImpvYkxvY2F0aW9uIjoid2VzdGNlbnRyYWx1cyJ9?api-version=2016-09-01"
        ],
>>>>>>> d78b04a5306127f583235b13752c48d4f7d1289a
        "Retry-After": [
          "15"
        ],
        "x-ms-ratelimit-remaining-subscription-reads": [
<<<<<<< HEAD
          "14997"
        ],
        "x-ms-request-id": [
          "f345d507-01d5-41fd-963b-a0a8c824ef6f"
        ],
        "x-ms-correlation-request-id": [
          "f345d507-01d5-41fd-963b-a0a8c824ef6f"
        ],
        "x-ms-routing-request-id": [
          "WESTUS2:20180506T174056Z:f345d507-01d5-41fd-963b-a0a8c824ef6f"
=======
          "11997"
        ],
        "x-ms-request-id": [
          "1a8bfa45-a25d-4229-9878-37613987f250"
        ],
        "x-ms-correlation-request-id": [
          "1a8bfa45-a25d-4229-9878-37613987f250"
        ],
        "x-ms-routing-request-id": [
          "WESTUS:20201117T155755Z:1a8bfa45-a25d-4229-9878-37613987f250"
>>>>>>> d78b04a5306127f583235b13752c48d4f7d1289a
        ],
        "Strict-Transport-Security": [
          "max-age=31536000; includeSubDomains"
        ],
        "X-Content-Type-Options": [
          "nosniff"
        ],
<<<<<<< HEAD
        "Cache-Control": [
          "no-cache"
        ],
        "Date": [
          "Sun, 06 May 2018 17:40:56 GMT"
        ],
        "Location": [
          "https://management.azure.com/subscriptions/df7c055c-6310-4374-9852-10ef71ce5f85/operationresults/eyJqb2JJZCI6IlJFU09VUkNFR1JPVVBERUxFVElPTkpPQi1QUzkzMTYtV0VTVENFTlRSQUxVUyIsImpvYkxvY2F0aW9uIjoid2VzdGNlbnRyYWx1cyJ9?api-version=2016-02-01"
        ]
      },
      "StatusCode": 202
    },
    {
      "RequestUri": "/subscriptions/df7c055c-6310-4374-9852-10ef71ce5f85/operationresults/eyJqb2JJZCI6IlJFU09VUkNFR1JPVVBERUxFVElPTkpPQi1QUzkzMTYtV0VTVENFTlRSQUxVUyIsImpvYkxvY2F0aW9uIjoid2VzdGNlbnRyYWx1cyJ9?api-version=2016-02-01",
      "EncodedRequestUri": "L3N1YnNjcmlwdGlvbnMvZGY3YzA1NWMtNjMxMC00Mzc0LTk4NTItMTBlZjcxY2U1Zjg1L29wZXJhdGlvbnJlc3VsdHMvZXlKcWIySkpaQ0k2SWxKRlUwOVZVa05GUjFKUFZWQkVSVXhGVkVsUFRrcFBRaTFRVXprek1UWXRWMFZUVkVORlRsUlNRVXhWVXlJc0ltcHZZa3h2WTJGMGFXOXVJam9pZDJWemRHTmxiblJ5WVd4MWN5Sjk/YXBpLXZlcnNpb249MjAxNi0wMi0wMQ==",
      "RequestMethod": "GET",
      "RequestBody": "",
      "RequestHeaders": {
        "x-ms-version": [
          "2016-02-01"
        ],
        "User-Agent": [
          "Microsoft.Azure.Management.Resources.ResourceManagementClient/2.0.0.0"
        ]
      },
      "ResponseBody": "",
      "ResponseHeaders": {
        "Content-Length": [
          "0"
        ],
        "Expires": [
          "-1"
=======
        "Date": [
          "Tue, 17 Nov 2020 15:57:54 GMT"
        ],
        "Expires": [
          "-1"
        ],
        "Content-Length": [
          "0"
        ]
      },
      "ResponseBody": "",
      "StatusCode": 202
    },
    {
      "RequestUri": "/subscriptions/91446693-dafa-4cc0-8b12-ec2c6c3f6250/operationresults/eyJqb2JJZCI6IlJFU09VUkNFR1JPVVBERUxFVElPTkpPQi1QUzcyODgtV0VTVENFTlRSQUxVUyIsImpvYkxvY2F0aW9uIjoid2VzdGNlbnRyYWx1cyJ9?api-version=2016-09-01",
      "EncodedRequestUri": "L3N1YnNjcmlwdGlvbnMvOTE0NDY2OTMtZGFmYS00Y2MwLThiMTItZWMyYzZjM2Y2MjUwL29wZXJhdGlvbnJlc3VsdHMvZXlKcWIySkpaQ0k2SWxKRlUwOVZVa05GUjFKUFZWQkVSVXhGVkVsUFRrcFBRaTFRVXpjeU9EZ3RWMFZUVkVORlRsUlNRVXhWVXlJc0ltcHZZa3h2WTJGMGFXOXVJam9pZDJWemRHTmxiblJ5WVd4MWN5Sjk/YXBpLXZlcnNpb249MjAxNi0wOS0wMQ==",
      "RequestMethod": "GET",
      "RequestBody": "",
      "RequestHeaders": {
        "User-Agent": [
          "FxVersion/4.6.29321.03",
          "OSName/Windows",
          "OSVersion/Microsoft.Windows.10.0.17763.",
          "Microsoft.Azure.Management.Internal.Resources.ResourceManagementClient/1.3.29"
        ]
      },
      "ResponseHeaders": {
        "Cache-Control": [
          "no-cache"
>>>>>>> d78b04a5306127f583235b13752c48d4f7d1289a
        ],
        "Pragma": [
          "no-cache"
        ],
<<<<<<< HEAD
=======
        "Location": [
          "https://management.azure.com/subscriptions/91446693-dafa-4cc0-8b12-ec2c6c3f6250/operationresults/eyJqb2JJZCI6IlJFU09VUkNFR1JPVVBERUxFVElPTkpPQi1QUzcyODgtV0VTVENFTlRSQUxVUyIsImpvYkxvY2F0aW9uIjoid2VzdGNlbnRyYWx1cyJ9?api-version=2016-09-01"
        ],
>>>>>>> d78b04a5306127f583235b13752c48d4f7d1289a
        "Retry-After": [
          "15"
        ],
        "x-ms-ratelimit-remaining-subscription-reads": [
<<<<<<< HEAD
          "14996"
        ],
        "x-ms-request-id": [
          "ba50cc8b-4c6f-4c22-a949-5e85d1ee85b5"
        ],
        "x-ms-correlation-request-id": [
          "ba50cc8b-4c6f-4c22-a949-5e85d1ee85b5"
        ],
        "x-ms-routing-request-id": [
          "WESTUS2:20180506T174111Z:ba50cc8b-4c6f-4c22-a949-5e85d1ee85b5"
=======
          "11996"
        ],
        "x-ms-request-id": [
          "baf0a291-e7c5-4646-81a6-3ad4ac4e1710"
        ],
        "x-ms-correlation-request-id": [
          "baf0a291-e7c5-4646-81a6-3ad4ac4e1710"
        ],
        "x-ms-routing-request-id": [
          "WESTUS:20201117T155810Z:baf0a291-e7c5-4646-81a6-3ad4ac4e1710"
>>>>>>> d78b04a5306127f583235b13752c48d4f7d1289a
        ],
        "Strict-Transport-Security": [
          "max-age=31536000; includeSubDomains"
        ],
        "X-Content-Type-Options": [
          "nosniff"
        ],
<<<<<<< HEAD
        "Cache-Control": [
          "no-cache"
        ],
        "Date": [
          "Sun, 06 May 2018 17:41:11 GMT"
        ],
        "Location": [
          "https://management.azure.com/subscriptions/df7c055c-6310-4374-9852-10ef71ce5f85/operationresults/eyJqb2JJZCI6IlJFU09VUkNFR1JPVVBERUxFVElPTkpPQi1QUzkzMTYtV0VTVENFTlRSQUxVUyIsImpvYkxvY2F0aW9uIjoid2VzdGNlbnRyYWx1cyJ9?api-version=2016-02-01"
        ]
      },
      "StatusCode": 202
    },
    {
      "RequestUri": "/subscriptions/df7c055c-6310-4374-9852-10ef71ce5f85/operationresults/eyJqb2JJZCI6IlJFU09VUkNFR1JPVVBERUxFVElPTkpPQi1QUzkzMTYtV0VTVENFTlRSQUxVUyIsImpvYkxvY2F0aW9uIjoid2VzdGNlbnRyYWx1cyJ9?api-version=2016-02-01",
      "EncodedRequestUri": "L3N1YnNjcmlwdGlvbnMvZGY3YzA1NWMtNjMxMC00Mzc0LTk4NTItMTBlZjcxY2U1Zjg1L29wZXJhdGlvbnJlc3VsdHMvZXlKcWIySkpaQ0k2SWxKRlUwOVZVa05GUjFKUFZWQkVSVXhGVkVsUFRrcFBRaTFRVXprek1UWXRWMFZUVkVORlRsUlNRVXhWVXlJc0ltcHZZa3h2WTJGMGFXOXVJam9pZDJWemRHTmxiblJ5WVd4MWN5Sjk/YXBpLXZlcnNpb249MjAxNi0wMi0wMQ==",
      "RequestMethod": "GET",
      "RequestBody": "",
      "RequestHeaders": {
        "x-ms-version": [
          "2016-02-01"
        ],
        "User-Agent": [
          "Microsoft.Azure.Management.Resources.ResourceManagementClient/2.0.0.0"
        ]
      },
      "ResponseBody": "",
      "ResponseHeaders": {
        "Content-Length": [
          "0"
        ],
        "Expires": [
          "-1"
=======
        "Date": [
          "Tue, 17 Nov 2020 15:58:09 GMT"
        ],
        "Expires": [
          "-1"
        ],
        "Content-Length": [
          "0"
        ]
      },
      "ResponseBody": "",
      "StatusCode": 202
    },
    {
      "RequestUri": "/subscriptions/91446693-dafa-4cc0-8b12-ec2c6c3f6250/operationresults/eyJqb2JJZCI6IlJFU09VUkNFR1JPVVBERUxFVElPTkpPQi1QUzcyODgtV0VTVENFTlRSQUxVUyIsImpvYkxvY2F0aW9uIjoid2VzdGNlbnRyYWx1cyJ9?api-version=2016-09-01",
      "EncodedRequestUri": "L3N1YnNjcmlwdGlvbnMvOTE0NDY2OTMtZGFmYS00Y2MwLThiMTItZWMyYzZjM2Y2MjUwL29wZXJhdGlvbnJlc3VsdHMvZXlKcWIySkpaQ0k2SWxKRlUwOVZVa05GUjFKUFZWQkVSVXhGVkVsUFRrcFBRaTFRVXpjeU9EZ3RWMFZUVkVORlRsUlNRVXhWVXlJc0ltcHZZa3h2WTJGMGFXOXVJam9pZDJWemRHTmxiblJ5WVd4MWN5Sjk/YXBpLXZlcnNpb249MjAxNi0wOS0wMQ==",
      "RequestMethod": "GET",
      "RequestBody": "",
      "RequestHeaders": {
        "User-Agent": [
          "FxVersion/4.6.29321.03",
          "OSName/Windows",
          "OSVersion/Microsoft.Windows.10.0.17763.",
          "Microsoft.Azure.Management.Internal.Resources.ResourceManagementClient/1.3.29"
        ]
      },
      "ResponseHeaders": {
        "Cache-Control": [
          "no-cache"
>>>>>>> d78b04a5306127f583235b13752c48d4f7d1289a
        ],
        "Pragma": [
          "no-cache"
        ],
<<<<<<< HEAD
=======
        "Location": [
          "https://management.azure.com/subscriptions/91446693-dafa-4cc0-8b12-ec2c6c3f6250/operationresults/eyJqb2JJZCI6IlJFU09VUkNFR1JPVVBERUxFVElPTkpPQi1QUzcyODgtV0VTVENFTlRSQUxVUyIsImpvYkxvY2F0aW9uIjoid2VzdGNlbnRyYWx1cyJ9?api-version=2016-09-01"
        ],
>>>>>>> d78b04a5306127f583235b13752c48d4f7d1289a
        "Retry-After": [
          "15"
        ],
        "x-ms-ratelimit-remaining-subscription-reads": [
<<<<<<< HEAD
          "14995"
        ],
        "x-ms-request-id": [
          "cff69f22-324b-4e9e-8d2d-2532b0066f67"
        ],
        "x-ms-correlation-request-id": [
          "cff69f22-324b-4e9e-8d2d-2532b0066f67"
        ],
        "x-ms-routing-request-id": [
          "WESTUS2:20180506T174126Z:cff69f22-324b-4e9e-8d2d-2532b0066f67"
=======
          "11995"
        ],
        "x-ms-request-id": [
          "6db775dc-4532-4ebd-9284-1ad053280adf"
        ],
        "x-ms-correlation-request-id": [
          "6db775dc-4532-4ebd-9284-1ad053280adf"
        ],
        "x-ms-routing-request-id": [
          "WESTUS:20201117T155825Z:6db775dc-4532-4ebd-9284-1ad053280adf"
>>>>>>> d78b04a5306127f583235b13752c48d4f7d1289a
        ],
        "Strict-Transport-Security": [
          "max-age=31536000; includeSubDomains"
        ],
        "X-Content-Type-Options": [
          "nosniff"
        ],
<<<<<<< HEAD
        "Cache-Control": [
          "no-cache"
        ],
        "Date": [
          "Sun, 06 May 2018 17:41:26 GMT"
        ],
        "Location": [
          "https://management.azure.com/subscriptions/df7c055c-6310-4374-9852-10ef71ce5f85/operationresults/eyJqb2JJZCI6IlJFU09VUkNFR1JPVVBERUxFVElPTkpPQi1QUzkzMTYtV0VTVENFTlRSQUxVUyIsImpvYkxvY2F0aW9uIjoid2VzdGNlbnRyYWx1cyJ9?api-version=2016-02-01"
        ]
      },
      "StatusCode": 202
    },
    {
      "RequestUri": "/subscriptions/df7c055c-6310-4374-9852-10ef71ce5f85/operationresults/eyJqb2JJZCI6IlJFU09VUkNFR1JPVVBERUxFVElPTkpPQi1QUzkzMTYtV0VTVENFTlRSQUxVUyIsImpvYkxvY2F0aW9uIjoid2VzdGNlbnRyYWx1cyJ9?api-version=2016-02-01",
      "EncodedRequestUri": "L3N1YnNjcmlwdGlvbnMvZGY3YzA1NWMtNjMxMC00Mzc0LTk4NTItMTBlZjcxY2U1Zjg1L29wZXJhdGlvbnJlc3VsdHMvZXlKcWIySkpaQ0k2SWxKRlUwOVZVa05GUjFKUFZWQkVSVXhGVkVsUFRrcFBRaTFRVXprek1UWXRWMFZUVkVORlRsUlNRVXhWVXlJc0ltcHZZa3h2WTJGMGFXOXVJam9pZDJWemRHTmxiblJ5WVd4MWN5Sjk/YXBpLXZlcnNpb249MjAxNi0wMi0wMQ==",
      "RequestMethod": "GET",
      "RequestBody": "",
      "RequestHeaders": {
        "x-ms-version": [
          "2016-02-01"
        ],
        "User-Agent": [
          "Microsoft.Azure.Management.Resources.ResourceManagementClient/2.0.0.0"
        ]
      },
      "ResponseBody": "",
      "ResponseHeaders": {
        "Content-Length": [
          "0"
        ],
        "Expires": [
          "-1"
=======
        "Date": [
          "Tue, 17 Nov 2020 15:58:24 GMT"
        ],
        "Expires": [
          "-1"
        ],
        "Content-Length": [
          "0"
        ]
      },
      "ResponseBody": "",
      "StatusCode": 202
    },
    {
      "RequestUri": "/subscriptions/91446693-dafa-4cc0-8b12-ec2c6c3f6250/operationresults/eyJqb2JJZCI6IlJFU09VUkNFR1JPVVBERUxFVElPTkpPQi1QUzcyODgtV0VTVENFTlRSQUxVUyIsImpvYkxvY2F0aW9uIjoid2VzdGNlbnRyYWx1cyJ9?api-version=2016-09-01",
      "EncodedRequestUri": "L3N1YnNjcmlwdGlvbnMvOTE0NDY2OTMtZGFmYS00Y2MwLThiMTItZWMyYzZjM2Y2MjUwL29wZXJhdGlvbnJlc3VsdHMvZXlKcWIySkpaQ0k2SWxKRlUwOVZVa05GUjFKUFZWQkVSVXhGVkVsUFRrcFBRaTFRVXpjeU9EZ3RWMFZUVkVORlRsUlNRVXhWVXlJc0ltcHZZa3h2WTJGMGFXOXVJam9pZDJWemRHTmxiblJ5WVd4MWN5Sjk/YXBpLXZlcnNpb249MjAxNi0wOS0wMQ==",
      "RequestMethod": "GET",
      "RequestBody": "",
      "RequestHeaders": {
        "User-Agent": [
          "FxVersion/4.6.29321.03",
          "OSName/Windows",
          "OSVersion/Microsoft.Windows.10.0.17763.",
          "Microsoft.Azure.Management.Internal.Resources.ResourceManagementClient/1.3.29"
        ]
      },
      "ResponseHeaders": {
        "Cache-Control": [
          "no-cache"
>>>>>>> d78b04a5306127f583235b13752c48d4f7d1289a
        ],
        "Pragma": [
          "no-cache"
        ],
<<<<<<< HEAD
=======
        "Location": [
          "https://management.azure.com/subscriptions/91446693-dafa-4cc0-8b12-ec2c6c3f6250/operationresults/eyJqb2JJZCI6IlJFU09VUkNFR1JPVVBERUxFVElPTkpPQi1QUzcyODgtV0VTVENFTlRSQUxVUyIsImpvYkxvY2F0aW9uIjoid2VzdGNlbnRyYWx1cyJ9?api-version=2016-09-01"
        ],
>>>>>>> d78b04a5306127f583235b13752c48d4f7d1289a
        "Retry-After": [
          "15"
        ],
        "x-ms-ratelimit-remaining-subscription-reads": [
<<<<<<< HEAD
          "14994"
        ],
        "x-ms-request-id": [
          "a7520f74-10db-487c-acc9-012b50cb72f6"
        ],
        "x-ms-correlation-request-id": [
          "a7520f74-10db-487c-acc9-012b50cb72f6"
        ],
        "x-ms-routing-request-id": [
          "WESTUS2:20180506T174141Z:a7520f74-10db-487c-acc9-012b50cb72f6"
=======
          "11994"
        ],
        "x-ms-request-id": [
          "4cd4d048-eca3-474c-b850-6df5f4522435"
        ],
        "x-ms-correlation-request-id": [
          "4cd4d048-eca3-474c-b850-6df5f4522435"
        ],
        "x-ms-routing-request-id": [
          "WESTUS:20201117T155840Z:4cd4d048-eca3-474c-b850-6df5f4522435"
>>>>>>> d78b04a5306127f583235b13752c48d4f7d1289a
        ],
        "Strict-Transport-Security": [
          "max-age=31536000; includeSubDomains"
        ],
        "X-Content-Type-Options": [
          "nosniff"
        ],
<<<<<<< HEAD
        "Cache-Control": [
          "no-cache"
        ],
        "Date": [
          "Sun, 06 May 2018 17:41:40 GMT"
        ],
        "Location": [
          "https://management.azure.com/subscriptions/df7c055c-6310-4374-9852-10ef71ce5f85/operationresults/eyJqb2JJZCI6IlJFU09VUkNFR1JPVVBERUxFVElPTkpPQi1QUzkzMTYtV0VTVENFTlRSQUxVUyIsImpvYkxvY2F0aW9uIjoid2VzdGNlbnRyYWx1cyJ9?api-version=2016-02-01"
        ]
      },
      "StatusCode": 202
    },
    {
      "RequestUri": "/subscriptions/df7c055c-6310-4374-9852-10ef71ce5f85/operationresults/eyJqb2JJZCI6IlJFU09VUkNFR1JPVVBERUxFVElPTkpPQi1QUzkzMTYtV0VTVENFTlRSQUxVUyIsImpvYkxvY2F0aW9uIjoid2VzdGNlbnRyYWx1cyJ9?api-version=2016-02-01",
      "EncodedRequestUri": "L3N1YnNjcmlwdGlvbnMvZGY3YzA1NWMtNjMxMC00Mzc0LTk4NTItMTBlZjcxY2U1Zjg1L29wZXJhdGlvbnJlc3VsdHMvZXlKcWIySkpaQ0k2SWxKRlUwOVZVa05GUjFKUFZWQkVSVXhGVkVsUFRrcFBRaTFRVXprek1UWXRWMFZUVkVORlRsUlNRVXhWVXlJc0ltcHZZa3h2WTJGMGFXOXVJam9pZDJWemRHTmxiblJ5WVd4MWN5Sjk/YXBpLXZlcnNpb249MjAxNi0wMi0wMQ==",
      "RequestMethod": "GET",
      "RequestBody": "",
      "RequestHeaders": {
        "x-ms-version": [
          "2016-02-01"
        ],
        "User-Agent": [
          "Microsoft.Azure.Management.Resources.ResourceManagementClient/2.0.0.0"
        ]
      },
      "ResponseBody": "",
      "ResponseHeaders": {
        "Content-Length": [
          "0"
        ],
        "Expires": [
          "-1"
=======
        "Date": [
          "Tue, 17 Nov 2020 15:58:39 GMT"
        ],
        "Expires": [
          "-1"
        ],
        "Content-Length": [
          "0"
        ]
      },
      "ResponseBody": "",
      "StatusCode": 202
    },
    {
      "RequestUri": "/subscriptions/91446693-dafa-4cc0-8b12-ec2c6c3f6250/operationresults/eyJqb2JJZCI6IlJFU09VUkNFR1JPVVBERUxFVElPTkpPQi1QUzcyODgtV0VTVENFTlRSQUxVUyIsImpvYkxvY2F0aW9uIjoid2VzdGNlbnRyYWx1cyJ9?api-version=2016-09-01",
      "EncodedRequestUri": "L3N1YnNjcmlwdGlvbnMvOTE0NDY2OTMtZGFmYS00Y2MwLThiMTItZWMyYzZjM2Y2MjUwL29wZXJhdGlvbnJlc3VsdHMvZXlKcWIySkpaQ0k2SWxKRlUwOVZVa05GUjFKUFZWQkVSVXhGVkVsUFRrcFBRaTFRVXpjeU9EZ3RWMFZUVkVORlRsUlNRVXhWVXlJc0ltcHZZa3h2WTJGMGFXOXVJam9pZDJWemRHTmxiblJ5WVd4MWN5Sjk/YXBpLXZlcnNpb249MjAxNi0wOS0wMQ==",
      "RequestMethod": "GET",
      "RequestBody": "",
      "RequestHeaders": {
        "User-Agent": [
          "FxVersion/4.6.29321.03",
          "OSName/Windows",
          "OSVersion/Microsoft.Windows.10.0.17763.",
          "Microsoft.Azure.Management.Internal.Resources.ResourceManagementClient/1.3.29"
        ]
      },
      "ResponseHeaders": {
        "Cache-Control": [
          "no-cache"
>>>>>>> d78b04a5306127f583235b13752c48d4f7d1289a
        ],
        "Pragma": [
          "no-cache"
        ],
<<<<<<< HEAD
        "Retry-After": [
          "15"
        ],
        "x-ms-ratelimit-remaining-subscription-reads": [
          "14993"
        ],
        "x-ms-request-id": [
          "26718aa3-0dd5-4e2c-ae14-1ec973199535"
        ],
        "x-ms-correlation-request-id": [
          "26718aa3-0dd5-4e2c-ae14-1ec973199535"
        ],
        "x-ms-routing-request-id": [
          "WESTUS2:20180506T174156Z:26718aa3-0dd5-4e2c-ae14-1ec973199535"
=======
        "x-ms-ratelimit-remaining-subscription-reads": [
          "11993"
        ],
        "x-ms-request-id": [
          "e1101522-18ed-4be9-9dde-4584a1076981"
        ],
        "x-ms-correlation-request-id": [
          "e1101522-18ed-4be9-9dde-4584a1076981"
        ],
        "x-ms-routing-request-id": [
          "WESTUS:20201117T155855Z:e1101522-18ed-4be9-9dde-4584a1076981"
>>>>>>> d78b04a5306127f583235b13752c48d4f7d1289a
        ],
        "Strict-Transport-Security": [
          "max-age=31536000; includeSubDomains"
        ],
        "X-Content-Type-Options": [
          "nosniff"
        ],
<<<<<<< HEAD
        "Cache-Control": [
          "no-cache"
        ],
        "Date": [
          "Sun, 06 May 2018 17:41:56 GMT"
        ],
        "Location": [
          "https://management.azure.com/subscriptions/df7c055c-6310-4374-9852-10ef71ce5f85/operationresults/eyJqb2JJZCI6IlJFU09VUkNFR1JPVVBERUxFVElPTkpPQi1QUzkzMTYtV0VTVENFTlRSQUxVUyIsImpvYkxvY2F0aW9uIjoid2VzdGNlbnRyYWx1cyJ9?api-version=2016-02-01"
        ]
      },
      "StatusCode": 202
    },
    {
      "RequestUri": "/subscriptions/df7c055c-6310-4374-9852-10ef71ce5f85/operationresults/eyJqb2JJZCI6IlJFU09VUkNFR1JPVVBERUxFVElPTkpPQi1QUzkzMTYtV0VTVENFTlRSQUxVUyIsImpvYkxvY2F0aW9uIjoid2VzdGNlbnRyYWx1cyJ9?api-version=2016-02-01",
      "EncodedRequestUri": "L3N1YnNjcmlwdGlvbnMvZGY3YzA1NWMtNjMxMC00Mzc0LTk4NTItMTBlZjcxY2U1Zjg1L29wZXJhdGlvbnJlc3VsdHMvZXlKcWIySkpaQ0k2SWxKRlUwOVZVa05GUjFKUFZWQkVSVXhGVkVsUFRrcFBRaTFRVXprek1UWXRWMFZUVkVORlRsUlNRVXhWVXlJc0ltcHZZa3h2WTJGMGFXOXVJam9pZDJWemRHTmxiblJ5WVd4MWN5Sjk/YXBpLXZlcnNpb249MjAxNi0wMi0wMQ==",
      "RequestMethod": "GET",
      "RequestBody": "",
      "RequestHeaders": {
        "x-ms-version": [
          "2016-02-01"
        ],
        "User-Agent": [
          "Microsoft.Azure.Management.Resources.ResourceManagementClient/2.0.0.0"
        ]
      },
      "ResponseBody": "",
      "ResponseHeaders": {
        "Content-Length": [
          "0"
        ],
        "Expires": [
          "-1"
=======
        "Date": [
          "Tue, 17 Nov 2020 15:58:54 GMT"
        ],
        "Expires": [
          "-1"
        ],
        "Content-Length": [
          "0"
        ]
      },
      "ResponseBody": "",
      "StatusCode": 200
    },
    {
      "RequestUri": "/subscriptions/91446693-dafa-4cc0-8b12-ec2c6c3f6250/operationresults/eyJqb2JJZCI6IlJFU09VUkNFR1JPVVBERUxFVElPTkpPQi1QUzcyODgtV0VTVENFTlRSQUxVUyIsImpvYkxvY2F0aW9uIjoid2VzdGNlbnRyYWx1cyJ9?api-version=2016-09-01",
      "EncodedRequestUri": "L3N1YnNjcmlwdGlvbnMvOTE0NDY2OTMtZGFmYS00Y2MwLThiMTItZWMyYzZjM2Y2MjUwL29wZXJhdGlvbnJlc3VsdHMvZXlKcWIySkpaQ0k2SWxKRlUwOVZVa05GUjFKUFZWQkVSVXhGVkVsUFRrcFBRaTFRVXpjeU9EZ3RWMFZUVkVORlRsUlNRVXhWVXlJc0ltcHZZa3h2WTJGMGFXOXVJam9pZDJWemRHTmxiblJ5WVd4MWN5Sjk/YXBpLXZlcnNpb249MjAxNi0wOS0wMQ==",
      "RequestMethod": "GET",
      "RequestBody": "",
      "RequestHeaders": {
        "User-Agent": [
          "FxVersion/4.6.29321.03",
          "OSName/Windows",
          "OSVersion/Microsoft.Windows.10.0.17763.",
          "Microsoft.Azure.Management.Internal.Resources.ResourceManagementClient/1.3.29"
        ]
      },
      "ResponseHeaders": {
        "Cache-Control": [
          "no-cache"
>>>>>>> d78b04a5306127f583235b13752c48d4f7d1289a
        ],
        "Pragma": [
          "no-cache"
        ],
        "x-ms-ratelimit-remaining-subscription-reads": [
<<<<<<< HEAD
          "14992"
        ],
        "x-ms-request-id": [
          "a018d34c-2b9d-4eb2-8f53-9f0a68875111"
        ],
        "x-ms-correlation-request-id": [
          "a018d34c-2b9d-4eb2-8f53-9f0a68875111"
        ],
        "x-ms-routing-request-id": [
          "WESTUS2:20180506T174211Z:a018d34c-2b9d-4eb2-8f53-9f0a68875111"
=======
          "11992"
        ],
        "x-ms-request-id": [
          "10162b72-d117-4d96-a9bc-0117d7d7c225"
        ],
        "x-ms-correlation-request-id": [
          "10162b72-d117-4d96-a9bc-0117d7d7c225"
        ],
        "x-ms-routing-request-id": [
          "WESTUS:20201117T155855Z:10162b72-d117-4d96-a9bc-0117d7d7c225"
>>>>>>> d78b04a5306127f583235b13752c48d4f7d1289a
        ],
        "Strict-Transport-Security": [
          "max-age=31536000; includeSubDomains"
        ],
        "X-Content-Type-Options": [
          "nosniff"
        ],
<<<<<<< HEAD
        "Cache-Control": [
          "no-cache"
        ],
        "Date": [
          "Sun, 06 May 2018 17:42:11 GMT"
        ]
      },
=======
        "Date": [
          "Tue, 17 Nov 2020 15:58:55 GMT"
        ],
        "Expires": [
          "-1"
        ],
        "Content-Length": [
          "0"
        ]
      },
      "ResponseBody": "",
>>>>>>> d78b04a5306127f583235b13752c48d4f7d1289a
      "StatusCode": 200
    }
  ],
  "Names": {
    "Test-GetDatabaseReadScale": [
<<<<<<< HEAD
      "ps9316",
      "ps183",
      "ps6422"
    ]
  },
  "Variables": {
    "SubscriptionId": "df7c055c-6310-4374-9852-10ef71ce5f85",
    "User": "payi@microsoft.com",
    "TenantId": "72f988bf-86f1-41af-91ab-2d7cd011db47"
=======
      "ps7288",
      "ps5599",
      "ps6985"
    ]
  },
  "Variables": {
    "SubscriptionId": "91446693-dafa-4cc0-8b12-ec2c6c3f6250"
>>>>>>> d78b04a5306127f583235b13752c48d4f7d1289a
  }
}