{
  "Entries": [
    {
      "RequestUri": "/subscriptions/c9cbd920-c00c-427c-852b-8aaf38badaeb/resourcegroups/PowerShellTest-5?api-version=2016-02-01",
      "EncodedRequestUri": "L3N1YnNjcmlwdGlvbnMvYzljYmQ5MjAtYzAwYy00MjdjLTg1MmItOGFhZjM4YmFkYWViL3Jlc291cmNlZ3JvdXBzL1Bvd2VyU2hlbGxUZXN0LTU/YXBpLXZlcnNpb249MjAxNi0wMi0wMQ==",
      "RequestMethod": "PUT",
      "RequestBody": "{\r\n  \"location\": \"West US\"\r\n}",
      "RequestHeaders": {
        "Content-Type": [
          "application/json; charset=utf-8"
        ],
        "Content-Length": [
          "29"
        ],
        "User-Agent": [
          "Microsoft.Azure.Management.Resources.ResourceManagementClient/2.0.0.0"
        ]
      },
      "ResponseBody": "{\r\n  \"id\": \"/subscriptions/c9cbd920-c00c-427c-852b-8aaf38badaeb/resourceGroups/PowerShellTest-5\",\r\n  \"name\": \"PowerShellTest-5\",\r\n  \"location\": \"westus\",\r\n  \"properties\": {\r\n    \"provisioningState\": \"Succeeded\"\r\n  }\r\n}",
      "ResponseHeaders": {
        "Content-Length": [
          "185"
        ],
        "Content-Type": [
          "application/json; charset=utf-8"
        ],
        "Expires": [
          "-1"
        ],
        "Pragma": [
          "no-cache"
        ],
        "x-ms-ratelimit-remaining-subscription-writes": [
          "1199"
        ],
        "x-ms-request-id": [
          "4f4a05ff-434a-45e7-b968-d1e336b9e869"
        ],
        "x-ms-correlation-request-id": [
          "4f4a05ff-434a-45e7-b968-d1e336b9e869"
        ],
        "x-ms-routing-request-id": [
          "WESTUS2:20180222T000439Z:4f4a05ff-434a-45e7-b968-d1e336b9e869"
        ],
        "Strict-Transport-Security": [
          "max-age=31536000; includeSubDomains"
        ],
        "Cache-Control": [
          "no-cache"
        ],
        "Date": [
          "Thu, 22 Feb 2018 00:04:38 GMT"
        ]
      },
      "StatusCode": 201
    },
    {
      "RequestUri": "/subscriptions/c9cbd920-c00c-427c-852b-8aaf38badaeb/resourceGroups/PowerShellTest-5/providers/Microsoft.Storage/storageAccounts/redisteam005s?api-version=2017-06-01",
      "EncodedRequestUri": "L3N1YnNjcmlwdGlvbnMvYzljYmQ5MjAtYzAwYy00MjdjLTg1MmItOGFhZjM4YmFkYWViL3Jlc291cmNlR3JvdXBzL1Bvd2VyU2hlbGxUZXN0LTUvcHJvdmlkZXJzL01pY3Jvc29mdC5TdG9yYWdlL3N0b3JhZ2VBY2NvdW50cy9yZWRpc3RlYW0wMDVzP2FwaS12ZXJzaW9uPTIwMTctMDYtMDE=",
      "RequestMethod": "PUT",
      "RequestBody": "{\r\n  \"sku\": {\r\n    \"name\": \"Standard_LRS\"\r\n  },\r\n  \"kind\": \"Storage\",\r\n  \"location\": \"West US\"\r\n}",
      "RequestHeaders": {
        "Content-Type": [
          "application/json; charset=utf-8"
        ],
        "Content-Length": [
          "97"
        ],
        "x-ms-client-request-id": [
          "02555284-1893-4bfb-8c5f-be5354b27116"
        ],
        "accept-language": [
          "en-US"
        ],
        "User-Agent": [
          "FxVersion/4.7.2633.0",
          "OSName/Windows10Enterprise",
          "OSVersion/6.3.16299",
          "Microsoft.Azure.Management.Storage.StorageManagementClient/6.5.0.0"
        ]
      },
      "ResponseBody": "",
      "ResponseHeaders": {
        "Content-Length": [
          "0"
        ],
        "Content-Type": [
          "text/plain; charset=utf-8"
        ],
        "Expires": [
          "-1"
        ],
        "Pragma": [
          "no-cache"
        ],
        "Retry-After": [
          "17"
        ],
        "x-ms-request-id": [
          "f77219ac-d414-41be-9807-922988fa4813"
        ],
        "Strict-Transport-Security": [
          "max-age=31536000; includeSubDomains"
        ],
        "x-ms-ratelimit-remaining-subscription-writes": [
          "1199"
        ],
        "x-ms-correlation-request-id": [
          "1326aa7c-3dcc-4e6a-8ccc-677e3e60c1d0"
        ],
        "x-ms-routing-request-id": [
          "WESTUS2:20180222T000440Z:1326aa7c-3dcc-4e6a-8ccc-677e3e60c1d0"
        ],
        "Cache-Control": [
          "no-cache"
        ],
        "Date": [
          "Thu, 22 Feb 2018 00:04:39 GMT"
        ],
        "Location": [
          "https://management.azure.com/subscriptions/c9cbd920-c00c-427c-852b-8aaf38badaeb/providers/Microsoft.Storage/locations/westus/asyncoperations/f77219ac-d414-41be-9807-922988fa4813?monitor=true&api-version=2017-06-01"
        ],
        "Server": [
          "Microsoft-Azure-Storage-Resource-Provider/1.0,Microsoft-HTTPAPI/2.0 Microsoft-HTTPAPI/2.0"
        ]
      },
      "StatusCode": 202
    },
    {
      "RequestUri": "/subscriptions/c9cbd920-c00c-427c-852b-8aaf38badaeb/providers/Microsoft.Storage/locations/westus/asyncoperations/f77219ac-d414-41be-9807-922988fa4813?monitor=true&api-version=2017-06-01",
      "EncodedRequestUri": "L3N1YnNjcmlwdGlvbnMvYzljYmQ5MjAtYzAwYy00MjdjLTg1MmItOGFhZjM4YmFkYWViL3Byb3ZpZGVycy9NaWNyb3NvZnQuU3RvcmFnZS9sb2NhdGlvbnMvd2VzdHVzL2FzeW5jb3BlcmF0aW9ucy9mNzcyMTlhYy1kNDE0LTQxYmUtOTgwNy05MjI5ODhmYTQ4MTM/bW9uaXRvcj10cnVlJmFwaS12ZXJzaW9uPTIwMTctMDYtMDE=",
      "RequestMethod": "GET",
      "RequestBody": "",
      "RequestHeaders": {
        "User-Agent": [
          "FxVersion/4.7.2633.0",
          "OSName/Windows10Enterprise",
          "OSVersion/6.3.16299",
          "Microsoft.Azure.Management.Storage.StorageManagementClient/6.5.0.0"
        ]
      },
      "ResponseBody": "",
      "ResponseHeaders": {
        "Content-Length": [
          "0"
        ],
        "Content-Type": [
          "text/plain; charset=utf-8"
        ],
        "Expires": [
          "-1"
        ],
        "Pragma": [
          "no-cache"
        ],
        "Retry-After": [
          "17"
        ],
        "x-ms-request-id": [
          "a647602d-7935-464b-8676-cda82e268548"
        ],
        "Strict-Transport-Security": [
          "max-age=31536000; includeSubDomains"
        ],
        "x-ms-ratelimit-remaining-subscription-reads": [
          "14999"
        ],
        "x-ms-correlation-request-id": [
          "58de9b85-16e5-4fc1-8d05-8ad48fa1c066"
        ],
        "x-ms-routing-request-id": [
          "WESTUS2:20180222T000457Z:58de9b85-16e5-4fc1-8d05-8ad48fa1c066"
        ],
        "Cache-Control": [
          "no-cache"
        ],
        "Date": [
          "Thu, 22 Feb 2018 00:04:56 GMT"
        ],
        "Location": [
          "https://management.azure.com/subscriptions/c9cbd920-c00c-427c-852b-8aaf38badaeb/providers/Microsoft.Storage/locations/westus/asyncoperations/f77219ac-d414-41be-9807-922988fa4813?monitor=true&api-version=2017-06-01"
        ],
        "Server": [
          "Microsoft-Azure-Storage-Resource-Provider/1.0,Microsoft-HTTPAPI/2.0 Microsoft-HTTPAPI/2.0"
        ]
      },
      "StatusCode": 202
    },
    {
      "RequestUri": "/subscriptions/c9cbd920-c00c-427c-852b-8aaf38badaeb/providers/Microsoft.Storage/locations/westus/asyncoperations/f77219ac-d414-41be-9807-922988fa4813?monitor=true&api-version=2017-06-01",
      "EncodedRequestUri": "L3N1YnNjcmlwdGlvbnMvYzljYmQ5MjAtYzAwYy00MjdjLTg1MmItOGFhZjM4YmFkYWViL3Byb3ZpZGVycy9NaWNyb3NvZnQuU3RvcmFnZS9sb2NhdGlvbnMvd2VzdHVzL2FzeW5jb3BlcmF0aW9ucy9mNzcyMTlhYy1kNDE0LTQxYmUtOTgwNy05MjI5ODhmYTQ4MTM/bW9uaXRvcj10cnVlJmFwaS12ZXJzaW9uPTIwMTctMDYtMDE=",
      "RequestMethod": "GET",
      "RequestBody": "",
      "RequestHeaders": {
        "User-Agent": [
          "FxVersion/4.7.2633.0",
          "OSName/Windows10Enterprise",
          "OSVersion/6.3.16299",
          "Microsoft.Azure.Management.Storage.StorageManagementClient/6.5.0.0"
        ]
      },
      "ResponseBody": "{\r\n  \"sku\": {\r\n    \"name\": \"Standard_LRS\",\r\n    \"tier\": \"Standard\"\r\n  },\r\n  \"kind\": \"Storage\",\r\n  \"id\": \"/subscriptions/c9cbd920-c00c-427c-852b-8aaf38badaeb/resourceGroups/PowerShellTest-5/providers/Microsoft.Storage/storageAccounts/redisteam005s\",\r\n  \"name\": \"redisteam005s\",\r\n  \"type\": \"Microsoft.Storage/storageAccounts\",\r\n  \"location\": \"westus\",\r\n  \"tags\": {},\r\n  \"properties\": {\r\n    \"networkAcls\": {\r\n      \"bypass\": \"AzureServices\",\r\n      \"virtualNetworkRules\": [],\r\n      \"ipRules\": [],\r\n      \"defaultAction\": \"Allow\"\r\n    },\r\n    \"trustedDirectories\": [\r\n      \"72f988bf-86f1-41af-91ab-2d7cd011db47\"\r\n    ],\r\n    \"supportsHttpsTrafficOnly\": false,\r\n    \"encryption\": {\r\n      \"services\": {\r\n        \"file\": {\r\n          \"enabled\": true,\r\n          \"lastEnabledTime\": \"2018-02-22T00:04:39.3373492Z\"\r\n        },\r\n        \"blob\": {\r\n          \"enabled\": true,\r\n          \"lastEnabledTime\": \"2018-02-22T00:04:39.3373492Z\"\r\n        }\r\n      },\r\n      \"keySource\": \"Microsoft.Storage\"\r\n    },\r\n    \"provisioningState\": \"Succeeded\",\r\n    \"creationTime\": \"2018-02-22T00:04:39.3060938Z\",\r\n    \"primaryEndpoints\": {\r\n      \"blob\": \"https://redisteam005s.blob.core.windows.net/\",\r\n      \"queue\": \"https://redisteam005s.queue.core.windows.net/\",\r\n      \"table\": \"https://redisteam005s.table.core.windows.net/\",\r\n      \"file\": \"https://redisteam005s.file.core.windows.net/\"\r\n    },\r\n    \"primaryLocation\": \"westus\",\r\n    \"statusOfPrimary\": \"available\"\r\n  }\r\n}",
      "ResponseHeaders": {
        "Content-Length": [
          "1106"
        ],
        "Content-Type": [
          "application/json"
        ],
        "Expires": [
          "-1"
        ],
        "Pragma": [
          "no-cache"
        ],
        "x-ms-request-id": [
          "e60a6eb5-1fbb-4ce8-9368-fd22306d71d8"
        ],
        "Strict-Transport-Security": [
          "max-age=31536000; includeSubDomains"
        ],
        "x-ms-ratelimit-remaining-subscription-reads": [
          "14998"
        ],
        "x-ms-correlation-request-id": [
          "2dc3a20e-3e3a-4f9b-9a54-10626cbe8e2f"
        ],
        "x-ms-routing-request-id": [
          "WESTUS2:20180222T000514Z:2dc3a20e-3e3a-4f9b-9a54-10626cbe8e2f"
        ],
        "Cache-Control": [
          "no-cache"
        ],
        "Date": [
          "Thu, 22 Feb 2018 00:05:14 GMT"
        ],
        "Server": [
          "Microsoft-Azure-Storage-Resource-Provider/1.0,Microsoft-HTTPAPI/2.0 Microsoft-HTTPAPI/2.0"
        ]
      },
      "StatusCode": 200
    },
    {
      "RequestUri": "/subscriptions/c9cbd920-c00c-427c-852b-8aaf38badaeb/resourceGroups/PowerShellTest-5/providers/Microsoft.Cache/Redis/redisteam005?api-version=2017-10-01",
      "EncodedRequestUri": "L3N1YnNjcmlwdGlvbnMvYzljYmQ5MjAtYzAwYy00MjdjLTg1MmItOGFhZjM4YmFkYWViL3Jlc291cmNlR3JvdXBzL1Bvd2VyU2hlbGxUZXN0LTUvcHJvdmlkZXJzL01pY3Jvc29mdC5DYWNoZS9SZWRpcy9yZWRpc3RlYW0wMDU/YXBpLXZlcnNpb249MjAxNy0xMC0wMQ==",
      "RequestMethod": "GET",
      "RequestBody": "",
      "RequestHeaders": {
        "x-ms-client-request-id": [
          "37c68c78-7a85-4481-abe4-c5b7b05b8335"
        ],
        "accept-language": [
          "en-US"
        ],
        "User-Agent": [
          "FxVersion/4.7.2633.0",
          "OSName/Windows10Enterprise",
          "OSVersion/6.3.16299",
          "Microsoft.Azure.Management.Redis.RedisManagementClient/4.4.0.0"
        ]
      },
      "ResponseBody": "{\r\n  \"error\": {\r\n    \"code\": \"ResourceNotFound\",\r\n    \"message\": \"The Resource 'Microsoft.Cache/Redis/redisteam005' under resource group 'PowerShellTest-5' was not found.\"\r\n  }\r\n}",
      "ResponseHeaders": {
        "Content-Length": [
          "154"
        ],
        "Content-Type": [
          "application/json; charset=utf-8"
        ],
        "Expires": [
          "-1"
        ],
        "Pragma": [
          "no-cache"
        ],
        "x-ms-failure-cause": [
          "gateway"
        ],
        "x-ms-request-id": [
          "80a33079-d230-4fe4-ac2e-8ad0823251c9"
        ],
        "x-ms-correlation-request-id": [
          "80a33079-d230-4fe4-ac2e-8ad0823251c9"
        ],
        "x-ms-routing-request-id": [
          "WESTUS2:20180222T000514Z:80a33079-d230-4fe4-ac2e-8ad0823251c9"
        ],
        "Strict-Transport-Security": [
          "max-age=31536000; includeSubDomains"
        ],
        "Cache-Control": [
          "no-cache"
        ],
        "Date": [
          "Thu, 22 Feb 2018 00:05:14 GMT"
        ]
      },
      "StatusCode": 404
    },
    {
      "RequestUri": "/subscriptions/c9cbd920-c00c-427c-852b-8aaf38badaeb/resourceGroups/PowerShellTest-5/providers/Microsoft.Cache/Redis/redisteam005?api-version=2017-10-01",
      "EncodedRequestUri": "L3N1YnNjcmlwdGlvbnMvYzljYmQ5MjAtYzAwYy00MjdjLTg1MmItOGFhZjM4YmFkYWViL3Jlc291cmNlR3JvdXBzL1Bvd2VyU2hlbGxUZXN0LTUvcHJvdmlkZXJzL01pY3Jvc29mdC5DYWNoZS9SZWRpcy9yZWRpc3RlYW0wMDU/YXBpLXZlcnNpb249MjAxNy0xMC0wMQ==",
      "RequestMethod": "GET",
      "RequestBody": "",
      "RequestHeaders": {
        "x-ms-client-request-id": [
          "9396025f-aa7a-4345-936f-edbfe557e4a6"
        ],
        "accept-language": [
          "en-US"
        ],
        "User-Agent": [
          "FxVersion/4.7.2633.0",
          "OSName/Windows10Enterprise",
          "OSVersion/6.3.16299",
          "Microsoft.Azure.Management.Redis.RedisManagementClient/4.4.0.0"
        ]
      },
      "ResponseBody": "{\r\n  \"id\": \"/subscriptions/c9cbd920-c00c-427c-852b-8aaf38badaeb/resourceGroups/PowerShellTest-5/providers/Microsoft.Cache/Redis/redisteam005\",\r\n  \"location\": \"West US\",\r\n  \"name\": \"redisteam005\",\r\n  \"type\": \"Microsoft.Cache/Redis\",\r\n  \"tags\": {},\r\n  \"properties\": {\r\n    \"provisioningState\": \"Creating\",\r\n    \"redisVersion\": \"3.2.7\",\r\n    \"sku\": {\r\n      \"name\": \"Premium\",\r\n      \"family\": \"P\",\r\n      \"capacity\": 1\r\n    },\r\n    \"enableNonSslPort\": false,\r\n    \"redisConfiguration\": {\r\n      \"maxclients\": \"7500\",\r\n      \"maxmemory-reserved\": \"200\",\r\n      \"maxfragmentationmemory-reserved\": \"300\",\r\n      \"maxmemory-delta\": \"200\"\r\n    },\r\n    \"accessKeys\": null,\r\n    \"hostName\": \"redisteam005.redis.cache.windows.net\",\r\n    \"port\": 6379,\r\n    \"sslPort\": 6380,\r\n    \"linkedServers\": []\r\n  }\r\n}",
      "ResponseHeaders": {
        "Content-Length": [
          "614"
        ],
        "Content-Type": [
          "application/json; charset=utf-8"
        ],
        "Expires": [
          "-1"
        ],
        "Pragma": [
          "no-cache"
        ],
        "x-ms-request-id": [
          "705d35a5-1a2c-4523-9918-1dc8dde8ac17"
        ],
        "x-rp-server-mvid": [
          "f9905c95-258b-4b08-92e4-a98ffe44e862"
        ],
        "Strict-Transport-Security": [
          "max-age=31536000; includeSubDomains"
        ],
        "x-content-type-options": [
          "nosniff"
        ],
        "x-ms-ratelimit-remaining-subscription-reads": [
          "14997"
        ],
        "x-ms-correlation-request-id": [
          "b87601e4-b51f-4b9c-901f-56f4dd561095"
        ],
        "x-ms-routing-request-id": [
          "WESTUS2:20180222T000547Z:b87601e4-b51f-4b9c-901f-56f4dd561095"
        ],
        "Cache-Control": [
          "no-cache"
        ],
        "Date": [
          "Thu, 22 Feb 2018 00:05:47 GMT"
        ],
        "Server": [
          "Microsoft-HTTPAPI/2.0"
        ]
      },
      "StatusCode": 200
    },
    {
      "RequestUri": "/subscriptions/c9cbd920-c00c-427c-852b-8aaf38badaeb/resourceGroups/PowerShellTest-5/providers/Microsoft.Cache/Redis/redisteam005?api-version=2017-10-01",
      "EncodedRequestUri": "L3N1YnNjcmlwdGlvbnMvYzljYmQ5MjAtYzAwYy00MjdjLTg1MmItOGFhZjM4YmFkYWViL3Jlc291cmNlR3JvdXBzL1Bvd2VyU2hlbGxUZXN0LTUvcHJvdmlkZXJzL01pY3Jvc29mdC5DYWNoZS9SZWRpcy9yZWRpc3RlYW0wMDU/YXBpLXZlcnNpb249MjAxNy0xMC0wMQ==",
      "RequestMethod": "GET",
      "RequestBody": "",
      "RequestHeaders": {
        "x-ms-client-request-id": [
          "44a0a711-1a72-471a-a2d9-135c06ff517a"
        ],
        "accept-language": [
          "en-US"
        ],
        "User-Agent": [
          "FxVersion/4.7.2633.0",
          "OSName/Windows10Enterprise",
          "OSVersion/6.3.16299",
          "Microsoft.Azure.Management.Redis.RedisManagementClient/4.4.0.0"
        ]
      },
      "ResponseBody": "{\r\n  \"id\": \"/subscriptions/c9cbd920-c00c-427c-852b-8aaf38badaeb/resourceGroups/PowerShellTest-5/providers/Microsoft.Cache/Redis/redisteam005\",\r\n  \"location\": \"West US\",\r\n  \"name\": \"redisteam005\",\r\n  \"type\": \"Microsoft.Cache/Redis\",\r\n  \"tags\": {},\r\n  \"properties\": {\r\n    \"provisioningState\": \"Creating\",\r\n    \"redisVersion\": \"3.2.7\",\r\n    \"sku\": {\r\n      \"name\": \"Premium\",\r\n      \"family\": \"P\",\r\n      \"capacity\": 1\r\n    },\r\n    \"enableNonSslPort\": false,\r\n    \"redisConfiguration\": {\r\n      \"maxclients\": \"7500\",\r\n      \"maxmemory-reserved\": \"200\",\r\n      \"maxfragmentationmemory-reserved\": \"300\",\r\n      \"maxmemory-delta\": \"200\"\r\n    },\r\n    \"accessKeys\": null,\r\n    \"hostName\": \"redisteam005.redis.cache.windows.net\",\r\n    \"port\": 6379,\r\n    \"sslPort\": 6380,\r\n    \"linkedServers\": []\r\n  }\r\n}",
      "ResponseHeaders": {
        "Content-Length": [
          "614"
        ],
        "Content-Type": [
          "application/json; charset=utf-8"
        ],
        "Expires": [
          "-1"
        ],
        "Pragma": [
          "no-cache"
        ],
        "x-ms-request-id": [
          "11bd3237-daad-4ec5-95d8-ccdbbd48f331"
        ],
        "x-rp-server-mvid": [
          "f9905c95-258b-4b08-92e4-a98ffe44e862"
        ],
        "Strict-Transport-Security": [
          "max-age=31536000; includeSubDomains"
        ],
        "x-content-type-options": [
          "nosniff"
        ],
        "x-ms-ratelimit-remaining-subscription-reads": [
          "14996"
        ],
        "x-ms-correlation-request-id": [
          "7480c061-3a22-4596-bc93-cac508e90eb3"
        ],
        "x-ms-routing-request-id": [
          "WESTUS2:20180222T000617Z:7480c061-3a22-4596-bc93-cac508e90eb3"
        ],
        "Cache-Control": [
          "no-cache"
        ],
        "Date": [
          "Thu, 22 Feb 2018 00:06:17 GMT"
        ],
        "Server": [
          "Microsoft-HTTPAPI/2.0"
        ]
      },
      "StatusCode": 200
    },
    {
      "RequestUri": "/subscriptions/c9cbd920-c00c-427c-852b-8aaf38badaeb/resourceGroups/PowerShellTest-5/providers/Microsoft.Cache/Redis/redisteam005?api-version=2017-10-01",
      "EncodedRequestUri": "L3N1YnNjcmlwdGlvbnMvYzljYmQ5MjAtYzAwYy00MjdjLTg1MmItOGFhZjM4YmFkYWViL3Jlc291cmNlR3JvdXBzL1Bvd2VyU2hlbGxUZXN0LTUvcHJvdmlkZXJzL01pY3Jvc29mdC5DYWNoZS9SZWRpcy9yZWRpc3RlYW0wMDU/YXBpLXZlcnNpb249MjAxNy0xMC0wMQ==",
      "RequestMethod": "GET",
      "RequestBody": "",
      "RequestHeaders": {
        "x-ms-client-request-id": [
          "0c32ea2c-5693-4b4a-a10a-315c3e5529d6"
        ],
        "accept-language": [
          "en-US"
        ],
        "User-Agent": [
          "FxVersion/4.7.2633.0",
          "OSName/Windows10Enterprise",
          "OSVersion/6.3.16299",
          "Microsoft.Azure.Management.Redis.RedisManagementClient/4.4.0.0"
        ]
      },
      "ResponseBody": "{\r\n  \"id\": \"/subscriptions/c9cbd920-c00c-427c-852b-8aaf38badaeb/resourceGroups/PowerShellTest-5/providers/Microsoft.Cache/Redis/redisteam005\",\r\n  \"location\": \"West US\",\r\n  \"name\": \"redisteam005\",\r\n  \"type\": \"Microsoft.Cache/Redis\",\r\n  \"tags\": {},\r\n  \"properties\": {\r\n    \"provisioningState\": \"Creating\",\r\n    \"redisVersion\": \"3.2.7\",\r\n    \"sku\": {\r\n      \"name\": \"Premium\",\r\n      \"family\": \"P\",\r\n      \"capacity\": 1\r\n    },\r\n    \"enableNonSslPort\": false,\r\n    \"redisConfiguration\": {\r\n      \"maxclients\": \"7500\",\r\n      \"maxmemory-reserved\": \"200\",\r\n      \"maxfragmentationmemory-reserved\": \"300\",\r\n      \"maxmemory-delta\": \"200\"\r\n    },\r\n    \"accessKeys\": null,\r\n    \"hostName\": \"redisteam005.redis.cache.windows.net\",\r\n    \"port\": 6379,\r\n    \"sslPort\": 6380,\r\n    \"linkedServers\": []\r\n  }\r\n}",
      "ResponseHeaders": {
        "Content-Length": [
          "614"
        ],
        "Content-Type": [
          "application/json; charset=utf-8"
        ],
        "Expires": [
          "-1"
        ],
        "Pragma": [
          "no-cache"
        ],
        "x-ms-request-id": [
          "4cb83f32-094c-4b8f-88a5-037c489e747e"
        ],
        "x-rp-server-mvid": [
          "f9905c95-258b-4b08-92e4-a98ffe44e862"
        ],
        "Strict-Transport-Security": [
          "max-age=31536000; includeSubDomains"
        ],
        "x-content-type-options": [
          "nosniff"
        ],
        "x-ms-ratelimit-remaining-subscription-reads": [
          "14995"
        ],
        "x-ms-correlation-request-id": [
          "61217e5d-66cd-497a-ad39-6228225c134f"
        ],
        "x-ms-routing-request-id": [
          "WESTUS2:20180222T000648Z:61217e5d-66cd-497a-ad39-6228225c134f"
        ],
        "Cache-Control": [
          "no-cache"
        ],
        "Date": [
          "Thu, 22 Feb 2018 00:06:47 GMT"
        ],
        "Server": [
          "Microsoft-HTTPAPI/2.0"
        ]
      },
      "StatusCode": 200
    },
    {
      "RequestUri": "/subscriptions/c9cbd920-c00c-427c-852b-8aaf38badaeb/resourceGroups/PowerShellTest-5/providers/Microsoft.Cache/Redis/redisteam005?api-version=2017-10-01",
      "EncodedRequestUri": "L3N1YnNjcmlwdGlvbnMvYzljYmQ5MjAtYzAwYy00MjdjLTg1MmItOGFhZjM4YmFkYWViL3Jlc291cmNlR3JvdXBzL1Bvd2VyU2hlbGxUZXN0LTUvcHJvdmlkZXJzL01pY3Jvc29mdC5DYWNoZS9SZWRpcy9yZWRpc3RlYW0wMDU/YXBpLXZlcnNpb249MjAxNy0xMC0wMQ==",
      "RequestMethod": "GET",
      "RequestBody": "",
      "RequestHeaders": {
        "x-ms-client-request-id": [
          "6a99f826-1160-4011-8040-c1c72f8432f0"
        ],
        "accept-language": [
          "en-US"
        ],
        "User-Agent": [
          "FxVersion/4.7.2633.0",
          "OSName/Windows10Enterprise",
          "OSVersion/6.3.16299",
          "Microsoft.Azure.Management.Redis.RedisManagementClient/4.4.0.0"
        ]
      },
      "ResponseBody": "{\r\n  \"id\": \"/subscriptions/c9cbd920-c00c-427c-852b-8aaf38badaeb/resourceGroups/PowerShellTest-5/providers/Microsoft.Cache/Redis/redisteam005\",\r\n  \"location\": \"West US\",\r\n  \"name\": \"redisteam005\",\r\n  \"type\": \"Microsoft.Cache/Redis\",\r\n  \"tags\": {},\r\n  \"properties\": {\r\n    \"provisioningState\": \"Creating\",\r\n    \"redisVersion\": \"3.2.7\",\r\n    \"sku\": {\r\n      \"name\": \"Premium\",\r\n      \"family\": \"P\",\r\n      \"capacity\": 1\r\n    },\r\n    \"enableNonSslPort\": false,\r\n    \"redisConfiguration\": {\r\n      \"maxclients\": \"7500\",\r\n      \"maxmemory-reserved\": \"200\",\r\n      \"maxfragmentationmemory-reserved\": \"300\",\r\n      \"maxmemory-delta\": \"200\"\r\n    },\r\n    \"accessKeys\": null,\r\n    \"hostName\": \"redisteam005.redis.cache.windows.net\",\r\n    \"port\": 6379,\r\n    \"sslPort\": 6380,\r\n    \"linkedServers\": []\r\n  }\r\n}",
      "ResponseHeaders": {
        "Content-Length": [
          "614"
        ],
        "Content-Type": [
          "application/json; charset=utf-8"
        ],
        "Expires": [
          "-1"
        ],
        "Pragma": [
          "no-cache"
        ],
        "x-ms-request-id": [
          "0b5cb102-238e-4e18-a430-27a0a18ab916"
        ],
        "x-rp-server-mvid": [
          "f9905c95-258b-4b08-92e4-a98ffe44e862"
        ],
        "Strict-Transport-Security": [
          "max-age=31536000; includeSubDomains"
        ],
        "x-content-type-options": [
          "nosniff"
        ],
        "x-ms-ratelimit-remaining-subscription-reads": [
          "14994"
        ],
        "x-ms-correlation-request-id": [
          "36a2c01e-3c24-4692-959d-4dd1d4eecf1b"
        ],
        "x-ms-routing-request-id": [
          "WESTUS2:20180222T000718Z:36a2c01e-3c24-4692-959d-4dd1d4eecf1b"
        ],
        "Cache-Control": [
          "no-cache"
        ],
        "Date": [
          "Thu, 22 Feb 2018 00:07:17 GMT"
        ],
        "Server": [
          "Microsoft-HTTPAPI/2.0"
        ]
      },
      "StatusCode": 200
    },
    {
      "RequestUri": "/subscriptions/c9cbd920-c00c-427c-852b-8aaf38badaeb/resourceGroups/PowerShellTest-5/providers/Microsoft.Cache/Redis/redisteam005?api-version=2017-10-01",
      "EncodedRequestUri": "L3N1YnNjcmlwdGlvbnMvYzljYmQ5MjAtYzAwYy00MjdjLTg1MmItOGFhZjM4YmFkYWViL3Jlc291cmNlR3JvdXBzL1Bvd2VyU2hlbGxUZXN0LTUvcHJvdmlkZXJzL01pY3Jvc29mdC5DYWNoZS9SZWRpcy9yZWRpc3RlYW0wMDU/YXBpLXZlcnNpb249MjAxNy0xMC0wMQ==",
      "RequestMethod": "GET",
      "RequestBody": "",
      "RequestHeaders": {
        "x-ms-client-request-id": [
          "ebe7d23c-3fad-449c-8547-c0ff251c32f5"
        ],
        "accept-language": [
          "en-US"
        ],
        "User-Agent": [
          "FxVersion/4.7.2633.0",
          "OSName/Windows10Enterprise",
          "OSVersion/6.3.16299",
          "Microsoft.Azure.Management.Redis.RedisManagementClient/4.4.0.0"
        ]
      },
      "ResponseBody": "{\r\n  \"id\": \"/subscriptions/c9cbd920-c00c-427c-852b-8aaf38badaeb/resourceGroups/PowerShellTest-5/providers/Microsoft.Cache/Redis/redisteam005\",\r\n  \"location\": \"West US\",\r\n  \"name\": \"redisteam005\",\r\n  \"type\": \"Microsoft.Cache/Redis\",\r\n  \"tags\": {},\r\n  \"properties\": {\r\n    \"provisioningState\": \"Creating\",\r\n    \"redisVersion\": \"3.2.7\",\r\n    \"sku\": {\r\n      \"name\": \"Premium\",\r\n      \"family\": \"P\",\r\n      \"capacity\": 1\r\n    },\r\n    \"enableNonSslPort\": false,\r\n    \"redisConfiguration\": {\r\n      \"maxclients\": \"7500\",\r\n      \"maxmemory-reserved\": \"200\",\r\n      \"maxfragmentationmemory-reserved\": \"300\",\r\n      \"maxmemory-delta\": \"200\"\r\n    },\r\n    \"accessKeys\": null,\r\n    \"hostName\": \"redisteam005.redis.cache.windows.net\",\r\n    \"port\": 6379,\r\n    \"sslPort\": 6380,\r\n    \"linkedServers\": []\r\n  }\r\n}",
      "ResponseHeaders": {
        "Content-Length": [
          "614"
        ],
        "Content-Type": [
          "application/json; charset=utf-8"
        ],
        "Expires": [
          "-1"
        ],
        "Pragma": [
          "no-cache"
        ],
        "x-ms-request-id": [
          "fdb6980e-f180-490c-8ae9-6d121e1924af"
        ],
        "x-rp-server-mvid": [
          "f9905c95-258b-4b08-92e4-a98ffe44e862"
        ],
        "Strict-Transport-Security": [
          "max-age=31536000; includeSubDomains"
        ],
        "x-content-type-options": [
          "nosniff"
        ],
        "x-ms-ratelimit-remaining-subscription-reads": [
          "14993"
        ],
        "x-ms-correlation-request-id": [
          "ce6ee7c8-a05a-4163-8f3b-f01ed3e72f6f"
        ],
        "x-ms-routing-request-id": [
          "WESTUS2:20180222T000748Z:ce6ee7c8-a05a-4163-8f3b-f01ed3e72f6f"
        ],
        "Cache-Control": [
          "no-cache"
        ],
        "Date": [
          "Thu, 22 Feb 2018 00:07:47 GMT"
        ],
        "Server": [
          "Microsoft-HTTPAPI/2.0"
        ]
      },
      "StatusCode": 200
    },
    {
      "RequestUri": "/subscriptions/c9cbd920-c00c-427c-852b-8aaf38badaeb/resourceGroups/PowerShellTest-5/providers/Microsoft.Cache/Redis/redisteam005?api-version=2017-10-01",
      "EncodedRequestUri": "L3N1YnNjcmlwdGlvbnMvYzljYmQ5MjAtYzAwYy00MjdjLTg1MmItOGFhZjM4YmFkYWViL3Jlc291cmNlR3JvdXBzL1Bvd2VyU2hlbGxUZXN0LTUvcHJvdmlkZXJzL01pY3Jvc29mdC5DYWNoZS9SZWRpcy9yZWRpc3RlYW0wMDU/YXBpLXZlcnNpb249MjAxNy0xMC0wMQ==",
      "RequestMethod": "GET",
      "RequestBody": "",
      "RequestHeaders": {
        "x-ms-client-request-id": [
          "015731e8-4a2c-4b96-9899-1c0dc2ccb658"
        ],
        "accept-language": [
          "en-US"
        ],
        "User-Agent": [
          "FxVersion/4.7.2633.0",
          "OSName/Windows10Enterprise",
          "OSVersion/6.3.16299",
          "Microsoft.Azure.Management.Redis.RedisManagementClient/4.4.0.0"
        ]
      },
      "ResponseBody": "{\r\n  \"id\": \"/subscriptions/c9cbd920-c00c-427c-852b-8aaf38badaeb/resourceGroups/PowerShellTest-5/providers/Microsoft.Cache/Redis/redisteam005\",\r\n  \"location\": \"West US\",\r\n  \"name\": \"redisteam005\",\r\n  \"type\": \"Microsoft.Cache/Redis\",\r\n  \"tags\": {},\r\n  \"properties\": {\r\n    \"provisioningState\": \"Creating\",\r\n    \"redisVersion\": \"3.2.7\",\r\n    \"sku\": {\r\n      \"name\": \"Premium\",\r\n      \"family\": \"P\",\r\n      \"capacity\": 1\r\n    },\r\n    \"enableNonSslPort\": false,\r\n    \"redisConfiguration\": {\r\n      \"maxclients\": \"7500\",\r\n      \"maxmemory-reserved\": \"200\",\r\n      \"maxfragmentationmemory-reserved\": \"300\",\r\n      \"maxmemory-delta\": \"200\"\r\n    },\r\n    \"accessKeys\": null,\r\n    \"hostName\": \"redisteam005.redis.cache.windows.net\",\r\n    \"port\": 6379,\r\n    \"sslPort\": 6380,\r\n    \"linkedServers\": []\r\n  }\r\n}",
      "ResponseHeaders": {
        "Content-Length": [
          "614"
        ],
        "Content-Type": [
          "application/json; charset=utf-8"
        ],
        "Expires": [
          "-1"
        ],
        "Pragma": [
          "no-cache"
        ],
        "x-ms-request-id": [
          "f3eb7fc8-6daf-42f2-94f1-d4f7eb99d208"
        ],
        "x-rp-server-mvid": [
          "f9905c95-258b-4b08-92e4-a98ffe44e862"
        ],
        "Strict-Transport-Security": [
          "max-age=31536000; includeSubDomains"
        ],
        "x-content-type-options": [
          "nosniff"
        ],
        "x-ms-ratelimit-remaining-subscription-reads": [
          "14992"
        ],
        "x-ms-correlation-request-id": [
          "cdc832c2-aa2a-4168-83b8-1e15e05e458a"
        ],
        "x-ms-routing-request-id": [
          "WESTUS2:20180222T000818Z:cdc832c2-aa2a-4168-83b8-1e15e05e458a"
        ],
        "Cache-Control": [
          "no-cache"
        ],
        "Date": [
          "Thu, 22 Feb 2018 00:08:18 GMT"
        ],
        "Server": [
          "Microsoft-HTTPAPI/2.0"
        ]
      },
      "StatusCode": 200
    },
    {
      "RequestUri": "/subscriptions/c9cbd920-c00c-427c-852b-8aaf38badaeb/resourceGroups/PowerShellTest-5/providers/Microsoft.Cache/Redis/redisteam005?api-version=2017-10-01",
      "EncodedRequestUri": "L3N1YnNjcmlwdGlvbnMvYzljYmQ5MjAtYzAwYy00MjdjLTg1MmItOGFhZjM4YmFkYWViL3Jlc291cmNlR3JvdXBzL1Bvd2VyU2hlbGxUZXN0LTUvcHJvdmlkZXJzL01pY3Jvc29mdC5DYWNoZS9SZWRpcy9yZWRpc3RlYW0wMDU/YXBpLXZlcnNpb249MjAxNy0xMC0wMQ==",
      "RequestMethod": "GET",
      "RequestBody": "",
      "RequestHeaders": {
        "x-ms-client-request-id": [
          "2b96eb3d-c7c4-481c-9d5e-e30b5720ff18"
        ],
        "accept-language": [
          "en-US"
        ],
        "User-Agent": [
          "FxVersion/4.7.2633.0",
          "OSName/Windows10Enterprise",
          "OSVersion/6.3.16299",
          "Microsoft.Azure.Management.Redis.RedisManagementClient/4.4.0.0"
        ]
      },
      "ResponseBody": "{\r\n  \"id\": \"/subscriptions/c9cbd920-c00c-427c-852b-8aaf38badaeb/resourceGroups/PowerShellTest-5/providers/Microsoft.Cache/Redis/redisteam005\",\r\n  \"location\": \"West US\",\r\n  \"name\": \"redisteam005\",\r\n  \"type\": \"Microsoft.Cache/Redis\",\r\n  \"tags\": {},\r\n  \"properties\": {\r\n    \"provisioningState\": \"Creating\",\r\n    \"redisVersion\": \"3.2.7\",\r\n    \"sku\": {\r\n      \"name\": \"Premium\",\r\n      \"family\": \"P\",\r\n      \"capacity\": 1\r\n    },\r\n    \"enableNonSslPort\": false,\r\n    \"redisConfiguration\": {\r\n      \"maxclients\": \"7500\",\r\n      \"maxmemory-reserved\": \"200\",\r\n      \"maxfragmentationmemory-reserved\": \"300\",\r\n      \"maxmemory-delta\": \"200\"\r\n    },\r\n    \"accessKeys\": null,\r\n    \"hostName\": \"redisteam005.redis.cache.windows.net\",\r\n    \"port\": 6379,\r\n    \"sslPort\": 6380,\r\n    \"linkedServers\": []\r\n  }\r\n}",
      "ResponseHeaders": {
        "Content-Length": [
          "614"
        ],
        "Content-Type": [
          "application/json; charset=utf-8"
        ],
        "Expires": [
          "-1"
        ],
        "Pragma": [
          "no-cache"
        ],
        "x-ms-request-id": [
          "a48a4814-cdb7-4328-94cc-ac77f82ab1df"
        ],
        "x-rp-server-mvid": [
          "f9905c95-258b-4b08-92e4-a98ffe44e862"
        ],
        "Strict-Transport-Security": [
          "max-age=31536000; includeSubDomains"
        ],
        "x-content-type-options": [
          "nosniff"
        ],
        "x-ms-ratelimit-remaining-subscription-reads": [
          "14991"
        ],
        "x-ms-correlation-request-id": [
          "8c0c74b9-80ed-41da-bf66-3dfe04d8350d"
        ],
        "x-ms-routing-request-id": [
          "WESTUS2:20180222T000848Z:8c0c74b9-80ed-41da-bf66-3dfe04d8350d"
        ],
        "Cache-Control": [
          "no-cache"
        ],
        "Date": [
          "Thu, 22 Feb 2018 00:08:48 GMT"
        ],
        "Server": [
          "Microsoft-HTTPAPI/2.0"
        ]
      },
      "StatusCode": 200
    },
    {
      "RequestUri": "/subscriptions/c9cbd920-c00c-427c-852b-8aaf38badaeb/resourceGroups/PowerShellTest-5/providers/Microsoft.Cache/Redis/redisteam005?api-version=2017-10-01",
      "EncodedRequestUri": "L3N1YnNjcmlwdGlvbnMvYzljYmQ5MjAtYzAwYy00MjdjLTg1MmItOGFhZjM4YmFkYWViL3Jlc291cmNlR3JvdXBzL1Bvd2VyU2hlbGxUZXN0LTUvcHJvdmlkZXJzL01pY3Jvc29mdC5DYWNoZS9SZWRpcy9yZWRpc3RlYW0wMDU/YXBpLXZlcnNpb249MjAxNy0xMC0wMQ==",
      "RequestMethod": "GET",
      "RequestBody": "",
      "RequestHeaders": {
        "x-ms-client-request-id": [
          "ace3b3b8-b5f4-4b7f-9750-49ccba22bdd4"
        ],
        "accept-language": [
          "en-US"
        ],
        "User-Agent": [
          "FxVersion/4.7.2633.0",
          "OSName/Windows10Enterprise",
          "OSVersion/6.3.16299",
          "Microsoft.Azure.Management.Redis.RedisManagementClient/4.4.0.0"
        ]
      },
      "ResponseBody": "{\r\n  \"id\": \"/subscriptions/c9cbd920-c00c-427c-852b-8aaf38badaeb/resourceGroups/PowerShellTest-5/providers/Microsoft.Cache/Redis/redisteam005\",\r\n  \"location\": \"West US\",\r\n  \"name\": \"redisteam005\",\r\n  \"type\": \"Microsoft.Cache/Redis\",\r\n  \"tags\": {},\r\n  \"properties\": {\r\n    \"provisioningState\": \"Creating\",\r\n    \"redisVersion\": \"3.2.7\",\r\n    \"sku\": {\r\n      \"name\": \"Premium\",\r\n      \"family\": \"P\",\r\n      \"capacity\": 1\r\n    },\r\n    \"enableNonSslPort\": false,\r\n    \"redisConfiguration\": {\r\n      \"maxclients\": \"7500\",\r\n      \"maxmemory-reserved\": \"200\",\r\n      \"maxfragmentationmemory-reserved\": \"300\",\r\n      \"maxmemory-delta\": \"200\"\r\n    },\r\n    \"accessKeys\": null,\r\n    \"hostName\": \"redisteam005.redis.cache.windows.net\",\r\n    \"port\": 6379,\r\n    \"sslPort\": 6380,\r\n    \"linkedServers\": []\r\n  }\r\n}",
      "ResponseHeaders": {
        "Content-Length": [
          "614"
        ],
        "Content-Type": [
          "application/json; charset=utf-8"
        ],
        "Expires": [
          "-1"
        ],
        "Pragma": [
          "no-cache"
        ],
        "x-ms-request-id": [
          "7751999a-6ef4-4060-a2ba-bb11106e2b84"
        ],
        "x-rp-server-mvid": [
          "f9905c95-258b-4b08-92e4-a98ffe44e862"
        ],
        "Strict-Transport-Security": [
          "max-age=31536000; includeSubDomains"
        ],
        "x-content-type-options": [
          "nosniff"
        ],
        "x-ms-ratelimit-remaining-subscription-reads": [
          "14990"
        ],
        "x-ms-correlation-request-id": [
          "d270b62a-c8d1-4d44-8bb8-31ec8af79747"
        ],
        "x-ms-routing-request-id": [
          "WESTUS2:20180222T000918Z:d270b62a-c8d1-4d44-8bb8-31ec8af79747"
        ],
        "Cache-Control": [
          "no-cache"
        ],
        "Date": [
          "Thu, 22 Feb 2018 00:09:18 GMT"
        ],
        "Server": [
          "Microsoft-HTTPAPI/2.0"
        ]
      },
      "StatusCode": 200
    },
    {
      "RequestUri": "/subscriptions/c9cbd920-c00c-427c-852b-8aaf38badaeb/resourceGroups/PowerShellTest-5/providers/Microsoft.Cache/Redis/redisteam005?api-version=2017-10-01",
      "EncodedRequestUri": "L3N1YnNjcmlwdGlvbnMvYzljYmQ5MjAtYzAwYy00MjdjLTg1MmItOGFhZjM4YmFkYWViL3Jlc291cmNlR3JvdXBzL1Bvd2VyU2hlbGxUZXN0LTUvcHJvdmlkZXJzL01pY3Jvc29mdC5DYWNoZS9SZWRpcy9yZWRpc3RlYW0wMDU/YXBpLXZlcnNpb249MjAxNy0xMC0wMQ==",
      "RequestMethod": "GET",
      "RequestBody": "",
      "RequestHeaders": {
        "x-ms-client-request-id": [
          "31a1ae31-9f78-4c82-bf55-39314993fc62"
        ],
        "accept-language": [
          "en-US"
        ],
        "User-Agent": [
          "FxVersion/4.7.2633.0",
          "OSName/Windows10Enterprise",
          "OSVersion/6.3.16299",
          "Microsoft.Azure.Management.Redis.RedisManagementClient/4.4.0.0"
        ]
      },
      "ResponseBody": "{\r\n  \"id\": \"/subscriptions/c9cbd920-c00c-427c-852b-8aaf38badaeb/resourceGroups/PowerShellTest-5/providers/Microsoft.Cache/Redis/redisteam005\",\r\n  \"location\": \"West US\",\r\n  \"name\": \"redisteam005\",\r\n  \"type\": \"Microsoft.Cache/Redis\",\r\n  \"tags\": {},\r\n  \"properties\": {\r\n    \"provisioningState\": \"Creating\",\r\n    \"redisVersion\": \"3.2.7\",\r\n    \"sku\": {\r\n      \"name\": \"Premium\",\r\n      \"family\": \"P\",\r\n      \"capacity\": 1\r\n    },\r\n    \"enableNonSslPort\": false,\r\n    \"redisConfiguration\": {\r\n      \"maxclients\": \"7500\",\r\n      \"maxmemory-reserved\": \"200\",\r\n      \"maxfragmentationmemory-reserved\": \"300\",\r\n      \"maxmemory-delta\": \"200\"\r\n    },\r\n    \"accessKeys\": null,\r\n    \"hostName\": \"redisteam005.redis.cache.windows.net\",\r\n    \"port\": 6379,\r\n    \"sslPort\": 6380,\r\n    \"linkedServers\": []\r\n  }\r\n}",
      "ResponseHeaders": {
        "Content-Length": [
          "614"
        ],
        "Content-Type": [
          "application/json; charset=utf-8"
        ],
        "Expires": [
          "-1"
        ],
        "Pragma": [
          "no-cache"
        ],
        "x-ms-request-id": [
          "3a03f51d-fbf1-4493-829b-6f4da4009167"
        ],
        "x-rp-server-mvid": [
          "f9905c95-258b-4b08-92e4-a98ffe44e862"
        ],
        "Strict-Transport-Security": [
          "max-age=31536000; includeSubDomains"
        ],
        "x-content-type-options": [
          "nosniff"
        ],
        "x-ms-ratelimit-remaining-subscription-reads": [
          "14989"
        ],
        "x-ms-correlation-request-id": [
          "35528809-9539-403a-bc14-9a5f2e193dab"
        ],
        "x-ms-routing-request-id": [
          "WESTUS2:20180222T000948Z:35528809-9539-403a-bc14-9a5f2e193dab"
        ],
        "Cache-Control": [
          "no-cache"
        ],
        "Date": [
          "Thu, 22 Feb 2018 00:09:48 GMT"
        ],
        "Server": [
          "Microsoft-HTTPAPI/2.0"
        ]
      },
      "StatusCode": 200
    },
    {
      "RequestUri": "/subscriptions/c9cbd920-c00c-427c-852b-8aaf38badaeb/resourceGroups/PowerShellTest-5/providers/Microsoft.Cache/Redis/redisteam005?api-version=2017-10-01",
      "EncodedRequestUri": "L3N1YnNjcmlwdGlvbnMvYzljYmQ5MjAtYzAwYy00MjdjLTg1MmItOGFhZjM4YmFkYWViL3Jlc291cmNlR3JvdXBzL1Bvd2VyU2hlbGxUZXN0LTUvcHJvdmlkZXJzL01pY3Jvc29mdC5DYWNoZS9SZWRpcy9yZWRpc3RlYW0wMDU/YXBpLXZlcnNpb249MjAxNy0xMC0wMQ==",
      "RequestMethod": "GET",
      "RequestBody": "",
      "RequestHeaders": {
        "x-ms-client-request-id": [
          "31a7f7bd-42e4-4246-9a58-5a5817cbac28"
        ],
        "accept-language": [
          "en-US"
        ],
        "User-Agent": [
          "FxVersion/4.7.2633.0",
          "OSName/Windows10Enterprise",
          "OSVersion/6.3.16299",
          "Microsoft.Azure.Management.Redis.RedisManagementClient/4.4.0.0"
        ]
      },
      "ResponseBody": "{\r\n  \"id\": \"/subscriptions/c9cbd920-c00c-427c-852b-8aaf38badaeb/resourceGroups/PowerShellTest-5/providers/Microsoft.Cache/Redis/redisteam005\",\r\n  \"location\": \"West US\",\r\n  \"name\": \"redisteam005\",\r\n  \"type\": \"Microsoft.Cache/Redis\",\r\n  \"tags\": {},\r\n  \"properties\": {\r\n    \"provisioningState\": \"Creating\",\r\n    \"redisVersion\": \"3.2.7\",\r\n    \"sku\": {\r\n      \"name\": \"Premium\",\r\n      \"family\": \"P\",\r\n      \"capacity\": 1\r\n    },\r\n    \"enableNonSslPort\": false,\r\n    \"redisConfiguration\": {\r\n      \"maxclients\": \"7500\",\r\n      \"maxmemory-reserved\": \"200\",\r\n      \"maxfragmentationmemory-reserved\": \"300\",\r\n      \"maxmemory-delta\": \"200\"\r\n    },\r\n    \"accessKeys\": null,\r\n    \"hostName\": \"redisteam005.redis.cache.windows.net\",\r\n    \"port\": 6379,\r\n    \"sslPort\": 6380,\r\n    \"linkedServers\": []\r\n  }\r\n}",
      "ResponseHeaders": {
        "Content-Length": [
          "614"
        ],
        "Content-Type": [
          "application/json; charset=utf-8"
        ],
        "Expires": [
          "-1"
        ],
        "Pragma": [
          "no-cache"
        ],
        "x-ms-request-id": [
          "3e1d96ca-bb03-4f0c-b978-b4e2ed11727f"
        ],
        "x-rp-server-mvid": [
          "f9905c95-258b-4b08-92e4-a98ffe44e862"
        ],
        "Strict-Transport-Security": [
          "max-age=31536000; includeSubDomains"
        ],
        "x-content-type-options": [
          "nosniff"
        ],
        "x-ms-ratelimit-remaining-subscription-reads": [
          "14988"
        ],
        "x-ms-correlation-request-id": [
          "2df57311-15a9-4aa6-961a-1addec2b355c"
        ],
        "x-ms-routing-request-id": [
          "WESTUS2:20180222T001018Z:2df57311-15a9-4aa6-961a-1addec2b355c"
        ],
        "Cache-Control": [
          "no-cache"
        ],
        "Date": [
          "Thu, 22 Feb 2018 00:10:17 GMT"
        ],
        "Server": [
          "Microsoft-HTTPAPI/2.0"
        ]
      },
      "StatusCode": 200
    },
    {
      "RequestUri": "/subscriptions/c9cbd920-c00c-427c-852b-8aaf38badaeb/resourceGroups/PowerShellTest-5/providers/Microsoft.Cache/Redis/redisteam005?api-version=2017-10-01",
      "EncodedRequestUri": "L3N1YnNjcmlwdGlvbnMvYzljYmQ5MjAtYzAwYy00MjdjLTg1MmItOGFhZjM4YmFkYWViL3Jlc291cmNlR3JvdXBzL1Bvd2VyU2hlbGxUZXN0LTUvcHJvdmlkZXJzL01pY3Jvc29mdC5DYWNoZS9SZWRpcy9yZWRpc3RlYW0wMDU/YXBpLXZlcnNpb249MjAxNy0xMC0wMQ==",
      "RequestMethod": "GET",
      "RequestBody": "",
      "RequestHeaders": {
        "x-ms-client-request-id": [
          "a436d23c-af11-4f8e-8779-83db7967ca0c"
        ],
        "accept-language": [
          "en-US"
        ],
        "User-Agent": [
          "FxVersion/4.7.2633.0",
          "OSName/Windows10Enterprise",
          "OSVersion/6.3.16299",
          "Microsoft.Azure.Management.Redis.RedisManagementClient/4.4.0.0"
        ]
      },
      "ResponseBody": "{\r\n  \"id\": \"/subscriptions/c9cbd920-c00c-427c-852b-8aaf38badaeb/resourceGroups/PowerShellTest-5/providers/Microsoft.Cache/Redis/redisteam005\",\r\n  \"location\": \"West US\",\r\n  \"name\": \"redisteam005\",\r\n  \"type\": \"Microsoft.Cache/Redis\",\r\n  \"tags\": {},\r\n  \"properties\": {\r\n    \"provisioningState\": \"Creating\",\r\n    \"redisVersion\": \"3.2.7\",\r\n    \"sku\": {\r\n      \"name\": \"Premium\",\r\n      \"family\": \"P\",\r\n      \"capacity\": 1\r\n    },\r\n    \"enableNonSslPort\": false,\r\n    \"redisConfiguration\": {\r\n      \"maxclients\": \"7500\",\r\n      \"maxmemory-reserved\": \"200\",\r\n      \"maxfragmentationmemory-reserved\": \"300\",\r\n      \"maxmemory-delta\": \"200\"\r\n    },\r\n    \"accessKeys\": null,\r\n    \"hostName\": \"redisteam005.redis.cache.windows.net\",\r\n    \"port\": 6379,\r\n    \"sslPort\": 6380,\r\n    \"linkedServers\": []\r\n  }\r\n}",
      "ResponseHeaders": {
        "Content-Length": [
          "614"
        ],
        "Content-Type": [
          "application/json; charset=utf-8"
        ],
        "Expires": [
          "-1"
        ],
        "Pragma": [
          "no-cache"
        ],
        "x-ms-request-id": [
          "399dba71-bb8e-4cb7-9af8-f75d02db47ea"
        ],
        "x-rp-server-mvid": [
          "f9905c95-258b-4b08-92e4-a98ffe44e862"
        ],
        "Strict-Transport-Security": [
          "max-age=31536000; includeSubDomains"
        ],
        "x-content-type-options": [
          "nosniff"
        ],
        "x-ms-ratelimit-remaining-subscription-reads": [
          "14987"
        ],
        "x-ms-correlation-request-id": [
          "7884ac29-a505-4dae-9b23-fc9e58771fcd"
        ],
        "x-ms-routing-request-id": [
          "WESTUS2:20180222T001048Z:7884ac29-a505-4dae-9b23-fc9e58771fcd"
        ],
        "Cache-Control": [
          "no-cache"
        ],
        "Date": [
          "Thu, 22 Feb 2018 00:10:47 GMT"
        ],
        "Server": [
          "Microsoft-HTTPAPI/2.0"
        ]
      },
      "StatusCode": 200
    },
    {
      "RequestUri": "/subscriptions/c9cbd920-c00c-427c-852b-8aaf38badaeb/resourceGroups/PowerShellTest-5/providers/Microsoft.Cache/Redis/redisteam005?api-version=2017-10-01",
      "EncodedRequestUri": "L3N1YnNjcmlwdGlvbnMvYzljYmQ5MjAtYzAwYy00MjdjLTg1MmItOGFhZjM4YmFkYWViL3Jlc291cmNlR3JvdXBzL1Bvd2VyU2hlbGxUZXN0LTUvcHJvdmlkZXJzL01pY3Jvc29mdC5DYWNoZS9SZWRpcy9yZWRpc3RlYW0wMDU/YXBpLXZlcnNpb249MjAxNy0xMC0wMQ==",
      "RequestMethod": "GET",
      "RequestBody": "",
      "RequestHeaders": {
        "x-ms-client-request-id": [
          "146df436-dc87-4e1a-ba36-48d2bc733b87"
        ],
        "accept-language": [
          "en-US"
        ],
        "User-Agent": [
          "FxVersion/4.7.2633.0",
          "OSName/Windows10Enterprise",
          "OSVersion/6.3.16299",
          "Microsoft.Azure.Management.Redis.RedisManagementClient/4.4.0.0"
        ]
      },
      "ResponseBody": "{\r\n  \"id\": \"/subscriptions/c9cbd920-c00c-427c-852b-8aaf38badaeb/resourceGroups/PowerShellTest-5/providers/Microsoft.Cache/Redis/redisteam005\",\r\n  \"location\": \"West US\",\r\n  \"name\": \"redisteam005\",\r\n  \"type\": \"Microsoft.Cache/Redis\",\r\n  \"tags\": {},\r\n  \"properties\": {\r\n    \"provisioningState\": \"Creating\",\r\n    \"redisVersion\": \"3.2.7\",\r\n    \"sku\": {\r\n      \"name\": \"Premium\",\r\n      \"family\": \"P\",\r\n      \"capacity\": 1\r\n    },\r\n    \"enableNonSslPort\": false,\r\n    \"redisConfiguration\": {\r\n      \"maxclients\": \"7500\",\r\n      \"maxmemory-reserved\": \"200\",\r\n      \"maxfragmentationmemory-reserved\": \"300\",\r\n      \"maxmemory-delta\": \"200\"\r\n    },\r\n    \"accessKeys\": null,\r\n    \"hostName\": \"redisteam005.redis.cache.windows.net\",\r\n    \"port\": 6379,\r\n    \"sslPort\": 6380,\r\n    \"linkedServers\": []\r\n  }\r\n}",
      "ResponseHeaders": {
        "Content-Length": [
          "614"
        ],
        "Content-Type": [
          "application/json; charset=utf-8"
        ],
        "Expires": [
          "-1"
        ],
        "Pragma": [
          "no-cache"
        ],
        "x-ms-request-id": [
          "8ffd9521-71cf-4d3f-bd85-89dbf4b614f9"
        ],
        "x-rp-server-mvid": [
          "f9905c95-258b-4b08-92e4-a98ffe44e862"
        ],
        "Strict-Transport-Security": [
          "max-age=31536000; includeSubDomains"
        ],
        "x-content-type-options": [
          "nosniff"
        ],
        "x-ms-ratelimit-remaining-subscription-reads": [
          "14986"
        ],
        "x-ms-correlation-request-id": [
          "af07ba01-1c02-48e6-93e7-c97f79920cee"
        ],
        "x-ms-routing-request-id": [
          "WESTUS2:20180222T001118Z:af07ba01-1c02-48e6-93e7-c97f79920cee"
        ],
        "Cache-Control": [
          "no-cache"
        ],
        "Date": [
          "Thu, 22 Feb 2018 00:11:18 GMT"
        ],
        "Server": [
          "Microsoft-HTTPAPI/2.0"
        ]
      },
      "StatusCode": 200
    },
    {
      "RequestUri": "/subscriptions/c9cbd920-c00c-427c-852b-8aaf38badaeb/resourceGroups/PowerShellTest-5/providers/Microsoft.Cache/Redis/redisteam005?api-version=2017-10-01",
      "EncodedRequestUri": "L3N1YnNjcmlwdGlvbnMvYzljYmQ5MjAtYzAwYy00MjdjLTg1MmItOGFhZjM4YmFkYWViL3Jlc291cmNlR3JvdXBzL1Bvd2VyU2hlbGxUZXN0LTUvcHJvdmlkZXJzL01pY3Jvc29mdC5DYWNoZS9SZWRpcy9yZWRpc3RlYW0wMDU/YXBpLXZlcnNpb249MjAxNy0xMC0wMQ==",
      "RequestMethod": "GET",
      "RequestBody": "",
      "RequestHeaders": {
        "x-ms-client-request-id": [
          "c1b32599-5762-4ad9-8716-bdc706b6682c"
        ],
        "accept-language": [
          "en-US"
        ],
        "User-Agent": [
          "FxVersion/4.7.2633.0",
          "OSName/Windows10Enterprise",
          "OSVersion/6.3.16299",
          "Microsoft.Azure.Management.Redis.RedisManagementClient/4.4.0.0"
        ]
      },
      "ResponseBody": "{\r\n  \"id\": \"/subscriptions/c9cbd920-c00c-427c-852b-8aaf38badaeb/resourceGroups/PowerShellTest-5/providers/Microsoft.Cache/Redis/redisteam005\",\r\n  \"location\": \"West US\",\r\n  \"name\": \"redisteam005\",\r\n  \"type\": \"Microsoft.Cache/Redis\",\r\n  \"tags\": {},\r\n  \"properties\": {\r\n    \"provisioningState\": \"Creating\",\r\n    \"redisVersion\": \"3.2.7\",\r\n    \"sku\": {\r\n      \"name\": \"Premium\",\r\n      \"family\": \"P\",\r\n      \"capacity\": 1\r\n    },\r\n    \"enableNonSslPort\": false,\r\n    \"redisConfiguration\": {\r\n      \"maxclients\": \"7500\",\r\n      \"maxmemory-reserved\": \"200\",\r\n      \"maxfragmentationmemory-reserved\": \"300\",\r\n      \"maxmemory-delta\": \"200\"\r\n    },\r\n    \"accessKeys\": null,\r\n    \"hostName\": \"redisteam005.redis.cache.windows.net\",\r\n    \"port\": 6379,\r\n    \"sslPort\": 6380,\r\n    \"linkedServers\": []\r\n  }\r\n}",
      "ResponseHeaders": {
        "Content-Length": [
          "614"
        ],
        "Content-Type": [
          "application/json; charset=utf-8"
        ],
        "Expires": [
          "-1"
        ],
        "Pragma": [
          "no-cache"
        ],
        "x-ms-request-id": [
          "56f8a4b7-e20e-4f82-9ca1-df855166bceb"
        ],
        "x-rp-server-mvid": [
          "f9905c95-258b-4b08-92e4-a98ffe44e862"
        ],
        "Strict-Transport-Security": [
          "max-age=31536000; includeSubDomains"
        ],
        "x-content-type-options": [
          "nosniff"
        ],
        "x-ms-ratelimit-remaining-subscription-reads": [
          "14985"
        ],
        "x-ms-correlation-request-id": [
          "12d94450-808d-4173-92a4-355e419c4461"
        ],
        "x-ms-routing-request-id": [
          "WESTUS2:20180222T001148Z:12d94450-808d-4173-92a4-355e419c4461"
        ],
        "Cache-Control": [
          "no-cache"
        ],
        "Date": [
          "Thu, 22 Feb 2018 00:11:48 GMT"
        ],
        "Server": [
          "Microsoft-HTTPAPI/2.0"
        ]
      },
      "StatusCode": 200
    },
    {
      "RequestUri": "/subscriptions/c9cbd920-c00c-427c-852b-8aaf38badaeb/resourceGroups/PowerShellTest-5/providers/Microsoft.Cache/Redis/redisteam005?api-version=2017-10-01",
      "EncodedRequestUri": "L3N1YnNjcmlwdGlvbnMvYzljYmQ5MjAtYzAwYy00MjdjLTg1MmItOGFhZjM4YmFkYWViL3Jlc291cmNlR3JvdXBzL1Bvd2VyU2hlbGxUZXN0LTUvcHJvdmlkZXJzL01pY3Jvc29mdC5DYWNoZS9SZWRpcy9yZWRpc3RlYW0wMDU/YXBpLXZlcnNpb249MjAxNy0xMC0wMQ==",
      "RequestMethod": "GET",
      "RequestBody": "",
      "RequestHeaders": {
        "x-ms-client-request-id": [
          "83802cb7-4fea-4cff-8171-bef96d35ab3b"
        ],
        "accept-language": [
          "en-US"
        ],
        "User-Agent": [
          "FxVersion/4.7.2633.0",
          "OSName/Windows10Enterprise",
          "OSVersion/6.3.16299",
          "Microsoft.Azure.Management.Redis.RedisManagementClient/4.4.0.0"
        ]
      },
      "ResponseBody": "{\r\n  \"id\": \"/subscriptions/c9cbd920-c00c-427c-852b-8aaf38badaeb/resourceGroups/PowerShellTest-5/providers/Microsoft.Cache/Redis/redisteam005\",\r\n  \"location\": \"West US\",\r\n  \"name\": \"redisteam005\",\r\n  \"type\": \"Microsoft.Cache/Redis\",\r\n  \"tags\": {},\r\n  \"properties\": {\r\n    \"provisioningState\": \"Creating\",\r\n    \"redisVersion\": \"3.2.7\",\r\n    \"sku\": {\r\n      \"name\": \"Premium\",\r\n      \"family\": \"P\",\r\n      \"capacity\": 1\r\n    },\r\n    \"enableNonSslPort\": false,\r\n    \"redisConfiguration\": {\r\n      \"maxclients\": \"7500\",\r\n      \"maxmemory-reserved\": \"200\",\r\n      \"maxfragmentationmemory-reserved\": \"300\",\r\n      \"maxmemory-delta\": \"200\"\r\n    },\r\n    \"accessKeys\": null,\r\n    \"hostName\": \"redisteam005.redis.cache.windows.net\",\r\n    \"port\": 6379,\r\n    \"sslPort\": 6380,\r\n    \"linkedServers\": []\r\n  }\r\n}",
      "ResponseHeaders": {
        "Content-Length": [
          "614"
        ],
        "Content-Type": [
          "application/json; charset=utf-8"
        ],
        "Expires": [
          "-1"
        ],
        "Pragma": [
          "no-cache"
        ],
        "x-ms-request-id": [
          "f20b9404-241e-4f7c-8482-4225fcad11d7"
        ],
        "x-rp-server-mvid": [
          "f9905c95-258b-4b08-92e4-a98ffe44e862"
        ],
        "Strict-Transport-Security": [
          "max-age=31536000; includeSubDomains"
        ],
        "x-content-type-options": [
          "nosniff"
        ],
        "x-ms-ratelimit-remaining-subscription-reads": [
          "14984"
        ],
        "x-ms-correlation-request-id": [
          "cbfc5146-42e1-4e8a-808a-f22826c5ba3f"
        ],
        "x-ms-routing-request-id": [
          "WESTUS2:20180222T001218Z:cbfc5146-42e1-4e8a-808a-f22826c5ba3f"
        ],
        "Cache-Control": [
          "no-cache"
        ],
        "Date": [
          "Thu, 22 Feb 2018 00:12:17 GMT"
        ],
        "Server": [
          "Microsoft-HTTPAPI/2.0"
        ]
      },
      "StatusCode": 200
    },
    {
      "RequestUri": "/subscriptions/c9cbd920-c00c-427c-852b-8aaf38badaeb/resourceGroups/PowerShellTest-5/providers/Microsoft.Cache/Redis/redisteam005?api-version=2017-10-01",
      "EncodedRequestUri": "L3N1YnNjcmlwdGlvbnMvYzljYmQ5MjAtYzAwYy00MjdjLTg1MmItOGFhZjM4YmFkYWViL3Jlc291cmNlR3JvdXBzL1Bvd2VyU2hlbGxUZXN0LTUvcHJvdmlkZXJzL01pY3Jvc29mdC5DYWNoZS9SZWRpcy9yZWRpc3RlYW0wMDU/YXBpLXZlcnNpb249MjAxNy0xMC0wMQ==",
      "RequestMethod": "GET",
      "RequestBody": "",
      "RequestHeaders": {
        "x-ms-client-request-id": [
          "c12bc59d-ffc5-417c-b253-77e77e6360a5"
        ],
        "accept-language": [
          "en-US"
        ],
        "User-Agent": [
          "FxVersion/4.7.2633.0",
          "OSName/Windows10Enterprise",
          "OSVersion/6.3.16299",
          "Microsoft.Azure.Management.Redis.RedisManagementClient/4.4.0.0"
        ]
      },
      "ResponseBody": "{\r\n  \"id\": \"/subscriptions/c9cbd920-c00c-427c-852b-8aaf38badaeb/resourceGroups/PowerShellTest-5/providers/Microsoft.Cache/Redis/redisteam005\",\r\n  \"location\": \"West US\",\r\n  \"name\": \"redisteam005\",\r\n  \"type\": \"Microsoft.Cache/Redis\",\r\n  \"tags\": {},\r\n  \"properties\": {\r\n    \"provisioningState\": \"Creating\",\r\n    \"redisVersion\": \"3.2.7\",\r\n    \"sku\": {\r\n      \"name\": \"Premium\",\r\n      \"family\": \"P\",\r\n      \"capacity\": 1\r\n    },\r\n    \"enableNonSslPort\": false,\r\n    \"redisConfiguration\": {\r\n      \"maxclients\": \"7500\",\r\n      \"maxmemory-reserved\": \"200\",\r\n      \"maxfragmentationmemory-reserved\": \"300\",\r\n      \"maxmemory-delta\": \"200\"\r\n    },\r\n    \"accessKeys\": null,\r\n    \"hostName\": \"redisteam005.redis.cache.windows.net\",\r\n    \"port\": 6379,\r\n    \"sslPort\": 6380,\r\n    \"linkedServers\": []\r\n  }\r\n}",
      "ResponseHeaders": {
        "Content-Length": [
          "614"
        ],
        "Content-Type": [
          "application/json; charset=utf-8"
        ],
        "Expires": [
          "-1"
        ],
        "Pragma": [
          "no-cache"
        ],
        "x-ms-request-id": [
          "f9ea2061-b4bd-4ad9-96cd-9626cfd71787"
        ],
        "x-rp-server-mvid": [
          "f9905c95-258b-4b08-92e4-a98ffe44e862"
        ],
        "Strict-Transport-Security": [
          "max-age=31536000; includeSubDomains"
        ],
        "x-content-type-options": [
          "nosniff"
        ],
        "x-ms-ratelimit-remaining-subscription-reads": [
          "14983"
        ],
        "x-ms-correlation-request-id": [
          "56ddf44c-a1cc-42dd-ace7-4072539c11a8"
        ],
        "x-ms-routing-request-id": [
          "WESTUS2:20180222T001248Z:56ddf44c-a1cc-42dd-ace7-4072539c11a8"
        ],
        "Cache-Control": [
          "no-cache"
        ],
        "Date": [
          "Thu, 22 Feb 2018 00:12:48 GMT"
        ],
        "Server": [
          "Microsoft-HTTPAPI/2.0"
        ]
      },
      "StatusCode": 200
    },
    {
      "RequestUri": "/subscriptions/c9cbd920-c00c-427c-852b-8aaf38badaeb/resourceGroups/PowerShellTest-5/providers/Microsoft.Cache/Redis/redisteam005?api-version=2017-10-01",
      "EncodedRequestUri": "L3N1YnNjcmlwdGlvbnMvYzljYmQ5MjAtYzAwYy00MjdjLTg1MmItOGFhZjM4YmFkYWViL3Jlc291cmNlR3JvdXBzL1Bvd2VyU2hlbGxUZXN0LTUvcHJvdmlkZXJzL01pY3Jvc29mdC5DYWNoZS9SZWRpcy9yZWRpc3RlYW0wMDU/YXBpLXZlcnNpb249MjAxNy0xMC0wMQ==",
      "RequestMethod": "GET",
      "RequestBody": "",
      "RequestHeaders": {
        "x-ms-client-request-id": [
          "ca463faf-52f8-4960-993c-85f6ed447394"
        ],
        "accept-language": [
          "en-US"
        ],
        "User-Agent": [
          "FxVersion/4.7.2633.0",
          "OSName/Windows10Enterprise",
          "OSVersion/6.3.16299",
          "Microsoft.Azure.Management.Redis.RedisManagementClient/4.4.0.0"
        ]
      },
      "ResponseBody": "{\r\n  \"id\": \"/subscriptions/c9cbd920-c00c-427c-852b-8aaf38badaeb/resourceGroups/PowerShellTest-5/providers/Microsoft.Cache/Redis/redisteam005\",\r\n  \"location\": \"West US\",\r\n  \"name\": \"redisteam005\",\r\n  \"type\": \"Microsoft.Cache/Redis\",\r\n  \"tags\": {},\r\n  \"properties\": {\r\n    \"provisioningState\": \"Creating\",\r\n    \"redisVersion\": \"3.2.7\",\r\n    \"sku\": {\r\n      \"name\": \"Premium\",\r\n      \"family\": \"P\",\r\n      \"capacity\": 1\r\n    },\r\n    \"enableNonSslPort\": false,\r\n    \"redisConfiguration\": {\r\n      \"maxclients\": \"7500\",\r\n      \"maxmemory-reserved\": \"200\",\r\n      \"maxfragmentationmemory-reserved\": \"300\",\r\n      \"maxmemory-delta\": \"200\"\r\n    },\r\n    \"accessKeys\": null,\r\n    \"hostName\": \"redisteam005.redis.cache.windows.net\",\r\n    \"port\": 6379,\r\n    \"sslPort\": 6380,\r\n    \"linkedServers\": []\r\n  }\r\n}",
      "ResponseHeaders": {
        "Content-Length": [
          "614"
        ],
        "Content-Type": [
          "application/json; charset=utf-8"
        ],
        "Expires": [
          "-1"
        ],
        "Pragma": [
          "no-cache"
        ],
        "x-ms-request-id": [
          "084c4197-9bc3-45f0-9325-5552a2c2e223"
        ],
        "x-rp-server-mvid": [
          "f9905c95-258b-4b08-92e4-a98ffe44e862"
        ],
        "Strict-Transport-Security": [
          "max-age=31536000; includeSubDomains"
        ],
        "x-content-type-options": [
          "nosniff"
        ],
        "x-ms-ratelimit-remaining-subscription-reads": [
          "14982"
        ],
        "x-ms-correlation-request-id": [
          "ee3326f3-2826-4077-bf60-502d56b70108"
        ],
        "x-ms-routing-request-id": [
          "WESTUS2:20180222T001318Z:ee3326f3-2826-4077-bf60-502d56b70108"
        ],
        "Cache-Control": [
          "no-cache"
        ],
        "Date": [
          "Thu, 22 Feb 2018 00:13:18 GMT"
        ],
        "Server": [
          "Microsoft-HTTPAPI/2.0"
        ]
      },
      "StatusCode": 200
    },
    {
      "RequestUri": "/subscriptions/c9cbd920-c00c-427c-852b-8aaf38badaeb/resourceGroups/PowerShellTest-5/providers/Microsoft.Cache/Redis/redisteam005?api-version=2017-10-01",
      "EncodedRequestUri": "L3N1YnNjcmlwdGlvbnMvYzljYmQ5MjAtYzAwYy00MjdjLTg1MmItOGFhZjM4YmFkYWViL3Jlc291cmNlR3JvdXBzL1Bvd2VyU2hlbGxUZXN0LTUvcHJvdmlkZXJzL01pY3Jvc29mdC5DYWNoZS9SZWRpcy9yZWRpc3RlYW0wMDU/YXBpLXZlcnNpb249MjAxNy0xMC0wMQ==",
      "RequestMethod": "GET",
      "RequestBody": "",
      "RequestHeaders": {
        "x-ms-client-request-id": [
          "6ab15aca-d57c-4c7b-97c1-b82c98e91115"
        ],
        "accept-language": [
          "en-US"
        ],
        "User-Agent": [
          "FxVersion/4.7.2633.0",
          "OSName/Windows10Enterprise",
          "OSVersion/6.3.16299",
          "Microsoft.Azure.Management.Redis.RedisManagementClient/4.4.0.0"
        ]
      },
      "ResponseBody": "{\r\n  \"id\": \"/subscriptions/c9cbd920-c00c-427c-852b-8aaf38badaeb/resourceGroups/PowerShellTest-5/providers/Microsoft.Cache/Redis/redisteam005\",\r\n  \"location\": \"West US\",\r\n  \"name\": \"redisteam005\",\r\n  \"type\": \"Microsoft.Cache/Redis\",\r\n  \"tags\": {},\r\n  \"properties\": {\r\n    \"provisioningState\": \"Creating\",\r\n    \"redisVersion\": \"3.2.7\",\r\n    \"sku\": {\r\n      \"name\": \"Premium\",\r\n      \"family\": \"P\",\r\n      \"capacity\": 1\r\n    },\r\n    \"enableNonSslPort\": false,\r\n    \"redisConfiguration\": {\r\n      \"maxclients\": \"7500\",\r\n      \"maxmemory-reserved\": \"200\",\r\n      \"maxfragmentationmemory-reserved\": \"300\",\r\n      \"maxmemory-delta\": \"200\"\r\n    },\r\n    \"accessKeys\": null,\r\n    \"hostName\": \"redisteam005.redis.cache.windows.net\",\r\n    \"port\": 6379,\r\n    \"sslPort\": 6380,\r\n    \"linkedServers\": []\r\n  }\r\n}",
      "ResponseHeaders": {
        "Content-Length": [
          "614"
        ],
        "Content-Type": [
          "application/json; charset=utf-8"
        ],
        "Expires": [
          "-1"
        ],
        "Pragma": [
          "no-cache"
        ],
        "x-ms-request-id": [
          "2e24f3d9-31a8-4389-acc7-47ba5a737c9a"
        ],
        "x-rp-server-mvid": [
          "f9905c95-258b-4b08-92e4-a98ffe44e862"
        ],
        "Strict-Transport-Security": [
          "max-age=31536000; includeSubDomains"
        ],
        "x-content-type-options": [
          "nosniff"
        ],
        "x-ms-ratelimit-remaining-subscription-reads": [
          "14981"
        ],
        "x-ms-correlation-request-id": [
          "02817426-0d34-4e10-bca8-62ff73141912"
        ],
        "x-ms-routing-request-id": [
          "WESTUS2:20180222T001348Z:02817426-0d34-4e10-bca8-62ff73141912"
        ],
        "Cache-Control": [
          "no-cache"
        ],
        "Date": [
          "Thu, 22 Feb 2018 00:13:48 GMT"
        ],
        "Server": [
          "Microsoft-HTTPAPI/2.0"
        ]
      },
      "StatusCode": 200
    },
    {
      "RequestUri": "/subscriptions/c9cbd920-c00c-427c-852b-8aaf38badaeb/resourceGroups/PowerShellTest-5/providers/Microsoft.Cache/Redis/redisteam005?api-version=2017-10-01",
      "EncodedRequestUri": "L3N1YnNjcmlwdGlvbnMvYzljYmQ5MjAtYzAwYy00MjdjLTg1MmItOGFhZjM4YmFkYWViL3Jlc291cmNlR3JvdXBzL1Bvd2VyU2hlbGxUZXN0LTUvcHJvdmlkZXJzL01pY3Jvc29mdC5DYWNoZS9SZWRpcy9yZWRpc3RlYW0wMDU/YXBpLXZlcnNpb249MjAxNy0xMC0wMQ==",
      "RequestMethod": "GET",
      "RequestBody": "",
      "RequestHeaders": {
        "x-ms-client-request-id": [
          "a4a22606-5954-4197-83f3-df53b4087e56"
        ],
        "accept-language": [
          "en-US"
        ],
        "User-Agent": [
          "FxVersion/4.7.2633.0",
          "OSName/Windows10Enterprise",
          "OSVersion/6.3.16299",
          "Microsoft.Azure.Management.Redis.RedisManagementClient/4.4.0.0"
        ]
      },
      "ResponseBody": "{\r\n  \"id\": \"/subscriptions/c9cbd920-c00c-427c-852b-8aaf38badaeb/resourceGroups/PowerShellTest-5/providers/Microsoft.Cache/Redis/redisteam005\",\r\n  \"location\": \"West US\",\r\n  \"name\": \"redisteam005\",\r\n  \"type\": \"Microsoft.Cache/Redis\",\r\n  \"tags\": {},\r\n  \"properties\": {\r\n    \"provisioningState\": \"Creating\",\r\n    \"redisVersion\": \"3.2.7\",\r\n    \"sku\": {\r\n      \"name\": \"Premium\",\r\n      \"family\": \"P\",\r\n      \"capacity\": 1\r\n    },\r\n    \"enableNonSslPort\": false,\r\n    \"redisConfiguration\": {\r\n      \"maxclients\": \"7500\",\r\n      \"maxmemory-reserved\": \"200\",\r\n      \"maxfragmentationmemory-reserved\": \"300\",\r\n      \"maxmemory-delta\": \"200\"\r\n    },\r\n    \"accessKeys\": null,\r\n    \"hostName\": \"redisteam005.redis.cache.windows.net\",\r\n    \"port\": 6379,\r\n    \"sslPort\": 6380,\r\n    \"linkedServers\": []\r\n  }\r\n}",
      "ResponseHeaders": {
        "Content-Length": [
          "614"
        ],
        "Content-Type": [
          "application/json; charset=utf-8"
        ],
        "Expires": [
          "-1"
        ],
        "Pragma": [
          "no-cache"
        ],
        "x-ms-request-id": [
          "32fcabe0-265d-4c75-8320-02ab84efed02"
        ],
        "x-rp-server-mvid": [
          "f9905c95-258b-4b08-92e4-a98ffe44e862"
        ],
        "Strict-Transport-Security": [
          "max-age=31536000; includeSubDomains"
        ],
        "x-content-type-options": [
          "nosniff"
        ],
        "x-ms-ratelimit-remaining-subscription-reads": [
          "14980"
        ],
        "x-ms-correlation-request-id": [
          "9886c5e7-cff8-49b2-88e6-e8085d981cd9"
        ],
        "x-ms-routing-request-id": [
          "WESTUS2:20180222T001418Z:9886c5e7-cff8-49b2-88e6-e8085d981cd9"
        ],
        "Cache-Control": [
          "no-cache"
        ],
        "Date": [
          "Thu, 22 Feb 2018 00:14:18 GMT"
        ],
        "Server": [
          "Microsoft-HTTPAPI/2.0"
        ]
      },
      "StatusCode": 200
    },
    {
      "RequestUri": "/subscriptions/c9cbd920-c00c-427c-852b-8aaf38badaeb/resourceGroups/PowerShellTest-5/providers/Microsoft.Cache/Redis/redisteam005?api-version=2017-10-01",
      "EncodedRequestUri": "L3N1YnNjcmlwdGlvbnMvYzljYmQ5MjAtYzAwYy00MjdjLTg1MmItOGFhZjM4YmFkYWViL3Jlc291cmNlR3JvdXBzL1Bvd2VyU2hlbGxUZXN0LTUvcHJvdmlkZXJzL01pY3Jvc29mdC5DYWNoZS9SZWRpcy9yZWRpc3RlYW0wMDU/YXBpLXZlcnNpb249MjAxNy0xMC0wMQ==",
      "RequestMethod": "GET",
      "RequestBody": "",
      "RequestHeaders": {
        "x-ms-client-request-id": [
          "0a9b3435-7a77-46d9-987e-f622884b9257"
        ],
        "accept-language": [
          "en-US"
        ],
        "User-Agent": [
          "FxVersion/4.7.2633.0",
          "OSName/Windows10Enterprise",
          "OSVersion/6.3.16299",
          "Microsoft.Azure.Management.Redis.RedisManagementClient/4.4.0.0"
        ]
      },
      "ResponseBody": "{\r\n  \"id\": \"/subscriptions/c9cbd920-c00c-427c-852b-8aaf38badaeb/resourceGroups/PowerShellTest-5/providers/Microsoft.Cache/Redis/redisteam005\",\r\n  \"location\": \"West US\",\r\n  \"name\": \"redisteam005\",\r\n  \"type\": \"Microsoft.Cache/Redis\",\r\n  \"tags\": {},\r\n  \"properties\": {\r\n    \"provisioningState\": \"Creating\",\r\n    \"redisVersion\": \"3.2.7\",\r\n    \"sku\": {\r\n      \"name\": \"Premium\",\r\n      \"family\": \"P\",\r\n      \"capacity\": 1\r\n    },\r\n    \"enableNonSslPort\": false,\r\n    \"redisConfiguration\": {\r\n      \"maxclients\": \"7500\",\r\n      \"maxmemory-reserved\": \"200\",\r\n      \"maxfragmentationmemory-reserved\": \"300\",\r\n      \"maxmemory-delta\": \"200\"\r\n    },\r\n    \"accessKeys\": null,\r\n    \"hostName\": \"redisteam005.redis.cache.windows.net\",\r\n    \"port\": 6379,\r\n    \"sslPort\": 6380,\r\n    \"linkedServers\": []\r\n  }\r\n}",
      "ResponseHeaders": {
        "Content-Length": [
          "614"
        ],
        "Content-Type": [
          "application/json; charset=utf-8"
        ],
        "Expires": [
          "-1"
        ],
        "Pragma": [
          "no-cache"
        ],
        "x-ms-request-id": [
          "dcbebaf9-cdbc-4666-8163-a4e78ba48792"
        ],
        "x-rp-server-mvid": [
          "f9905c95-258b-4b08-92e4-a98ffe44e862"
        ],
        "Strict-Transport-Security": [
          "max-age=31536000; includeSubDomains"
        ],
        "x-content-type-options": [
          "nosniff"
        ],
        "x-ms-ratelimit-remaining-subscription-reads": [
          "14979"
        ],
        "x-ms-correlation-request-id": [
          "994358d5-fc20-4a95-bbba-fefd4759aaaa"
        ],
        "x-ms-routing-request-id": [
          "WESTUS2:20180222T001449Z:994358d5-fc20-4a95-bbba-fefd4759aaaa"
        ],
        "Cache-Control": [
          "no-cache"
        ],
        "Date": [
          "Thu, 22 Feb 2018 00:14:48 GMT"
        ],
        "Server": [
          "Microsoft-HTTPAPI/2.0"
        ]
      },
      "StatusCode": 200
    },
    {
      "RequestUri": "/subscriptions/c9cbd920-c00c-427c-852b-8aaf38badaeb/resourceGroups/PowerShellTest-5/providers/Microsoft.Cache/Redis/redisteam005?api-version=2017-10-01",
      "EncodedRequestUri": "L3N1YnNjcmlwdGlvbnMvYzljYmQ5MjAtYzAwYy00MjdjLTg1MmItOGFhZjM4YmFkYWViL3Jlc291cmNlR3JvdXBzL1Bvd2VyU2hlbGxUZXN0LTUvcHJvdmlkZXJzL01pY3Jvc29mdC5DYWNoZS9SZWRpcy9yZWRpc3RlYW0wMDU/YXBpLXZlcnNpb249MjAxNy0xMC0wMQ==",
      "RequestMethod": "GET",
      "RequestBody": "",
      "RequestHeaders": {
        "x-ms-client-request-id": [
          "cfb6e47a-6b25-4f6b-aee4-117ffb8cfbb6"
        ],
        "accept-language": [
          "en-US"
        ],
        "User-Agent": [
          "FxVersion/4.7.2633.0",
          "OSName/Windows10Enterprise",
          "OSVersion/6.3.16299",
          "Microsoft.Azure.Management.Redis.RedisManagementClient/4.4.0.0"
        ]
      },
      "ResponseBody": "{\r\n  \"id\": \"/subscriptions/c9cbd920-c00c-427c-852b-8aaf38badaeb/resourceGroups/PowerShellTest-5/providers/Microsoft.Cache/Redis/redisteam005\",\r\n  \"location\": \"West US\",\r\n  \"name\": \"redisteam005\",\r\n  \"type\": \"Microsoft.Cache/Redis\",\r\n  \"tags\": {},\r\n  \"properties\": {\r\n    \"provisioningState\": \"Creating\",\r\n    \"redisVersion\": \"3.2.7\",\r\n    \"sku\": {\r\n      \"name\": \"Premium\",\r\n      \"family\": \"P\",\r\n      \"capacity\": 1\r\n    },\r\n    \"enableNonSslPort\": false,\r\n    \"redisConfiguration\": {\r\n      \"maxclients\": \"7500\",\r\n      \"maxmemory-reserved\": \"200\",\r\n      \"maxfragmentationmemory-reserved\": \"300\",\r\n      \"maxmemory-delta\": \"200\"\r\n    },\r\n    \"accessKeys\": null,\r\n    \"hostName\": \"redisteam005.redis.cache.windows.net\",\r\n    \"port\": 6379,\r\n    \"sslPort\": 6380,\r\n    \"linkedServers\": []\r\n  }\r\n}",
      "ResponseHeaders": {
        "Content-Length": [
          "614"
        ],
        "Content-Type": [
          "application/json; charset=utf-8"
        ],
        "Expires": [
          "-1"
        ],
        "Pragma": [
          "no-cache"
        ],
        "x-ms-request-id": [
          "bec33569-fd68-4d75-9cf0-072c0733c703"
        ],
        "x-rp-server-mvid": [
          "f9905c95-258b-4b08-92e4-a98ffe44e862"
        ],
        "Strict-Transport-Security": [
          "max-age=31536000; includeSubDomains"
        ],
        "x-content-type-options": [
          "nosniff"
        ],
        "x-ms-ratelimit-remaining-subscription-reads": [
          "14978"
        ],
        "x-ms-correlation-request-id": [
          "13dd1ff7-c3dd-4a55-92c1-3e5d87b4d949"
        ],
        "x-ms-routing-request-id": [
          "WESTUS2:20180222T001519Z:13dd1ff7-c3dd-4a55-92c1-3e5d87b4d949"
        ],
        "Cache-Control": [
          "no-cache"
        ],
        "Date": [
          "Thu, 22 Feb 2018 00:15:18 GMT"
        ],
        "Server": [
          "Microsoft-HTTPAPI/2.0"
        ]
      },
      "StatusCode": 200
    },
    {
      "RequestUri": "/subscriptions/c9cbd920-c00c-427c-852b-8aaf38badaeb/resourceGroups/PowerShellTest-5/providers/Microsoft.Cache/Redis/redisteam005?api-version=2017-10-01",
      "EncodedRequestUri": "L3N1YnNjcmlwdGlvbnMvYzljYmQ5MjAtYzAwYy00MjdjLTg1MmItOGFhZjM4YmFkYWViL3Jlc291cmNlR3JvdXBzL1Bvd2VyU2hlbGxUZXN0LTUvcHJvdmlkZXJzL01pY3Jvc29mdC5DYWNoZS9SZWRpcy9yZWRpc3RlYW0wMDU/YXBpLXZlcnNpb249MjAxNy0xMC0wMQ==",
      "RequestMethod": "GET",
      "RequestBody": "",
      "RequestHeaders": {
        "x-ms-client-request-id": [
          "ff988055-343b-4cf2-9f76-cbc6f8d54b33"
        ],
        "accept-language": [
          "en-US"
        ],
        "User-Agent": [
          "FxVersion/4.7.2633.0",
          "OSName/Windows10Enterprise",
          "OSVersion/6.3.16299",
          "Microsoft.Azure.Management.Redis.RedisManagementClient/4.4.0.0"
        ]
      },
      "ResponseBody": "{\r\n  \"id\": \"/subscriptions/c9cbd920-c00c-427c-852b-8aaf38badaeb/resourceGroups/PowerShellTest-5/providers/Microsoft.Cache/Redis/redisteam005\",\r\n  \"location\": \"West US\",\r\n  \"name\": \"redisteam005\",\r\n  \"type\": \"Microsoft.Cache/Redis\",\r\n  \"tags\": {},\r\n  \"properties\": {\r\n    \"provisioningState\": \"Succeeded\",\r\n    \"redisVersion\": \"3.2.7\",\r\n    \"sku\": {\r\n      \"name\": \"Premium\",\r\n      \"family\": \"P\",\r\n      \"capacity\": 1\r\n    },\r\n    \"enableNonSslPort\": false,\r\n    \"redisConfiguration\": {\r\n      \"maxclients\": \"7500\",\r\n      \"maxmemory-reserved\": \"200\",\r\n      \"maxfragmentationmemory-reserved\": \"300\",\r\n      \"maxmemory-delta\": \"200\"\r\n    },\r\n    \"accessKeys\": null,\r\n    \"hostName\": \"redisteam005.redis.cache.windows.net\",\r\n    \"port\": 6379,\r\n    \"sslPort\": 6380,\r\n    \"linkedServers\": []\r\n  }\r\n}",
      "ResponseHeaders": {
        "Content-Length": [
          "615"
        ],
        "Content-Type": [
          "application/json; charset=utf-8"
        ],
        "Expires": [
          "-1"
        ],
        "Pragma": [
          "no-cache"
        ],
        "x-ms-request-id": [
          "8a380907-5f26-41ef-b101-0632d4fb1998"
        ],
        "x-rp-server-mvid": [
          "f9905c95-258b-4b08-92e4-a98ffe44e862"
        ],
        "Strict-Transport-Security": [
          "max-age=31536000; includeSubDomains"
        ],
        "x-content-type-options": [
          "nosniff"
        ],
        "x-ms-ratelimit-remaining-subscription-reads": [
          "14977"
        ],
        "x-ms-correlation-request-id": [
          "32f92935-9b7a-4b5a-bdc7-7221671a9bad"
        ],
        "x-ms-routing-request-id": [
          "WESTUS2:20180222T001549Z:32f92935-9b7a-4b5a-bdc7-7221671a9bad"
        ],
        "Cache-Control": [
          "no-cache"
        ],
        "Date": [
          "Thu, 22 Feb 2018 00:15:48 GMT"
        ],
        "Server": [
          "Microsoft-HTTPAPI/2.0"
        ]
      },
      "StatusCode": 200
    },
    {
      "RequestUri": "/subscriptions/c9cbd920-c00c-427c-852b-8aaf38badaeb/providers/Microsoft.Cache/register?api-version=2016-09-01",
      "EncodedRequestUri": "L3N1YnNjcmlwdGlvbnMvYzljYmQ5MjAtYzAwYy00MjdjLTg1MmItOGFhZjM4YmFkYWViL3Byb3ZpZGVycy9NaWNyb3NvZnQuQ2FjaGUvcmVnaXN0ZXI/YXBpLXZlcnNpb249MjAxNi0wOS0wMQ==",
      "RequestMethod": "POST",
      "RequestBody": "",
      "RequestHeaders": {
        "x-ms-client-request-id": [
          "fa98191c-945d-4bb2-8c11-1bfa90f381c1"
        ],
        "accept-language": [
          "en-US"
        ],
        "User-Agent": [
          "FxVersion/4.7.2633.0",
          "OSName/Windows10Enterprise",
          "OSVersion/6.3.16299",
          "Microsoft.Azure.Management.Internal.Resources.ResourceManagementClient/4.1.0"
        ]
      },
      "ResponseBody": "{\r\n  \"id\": \"/subscriptions/c9cbd920-c00c-427c-852b-8aaf38badaeb/providers/Microsoft.Cache\",\r\n  \"namespace\": \"Microsoft.Cache\",\r\n  \"authorization\": {\r\n    \"applicationId\": \"96231a05-34ce-4eb4-aa6a-70759cbb5e83\",\r\n    \"roleDefinitionId\": \"4f731528-ba85-45c7-acfb-cd0a9b3cf31b\"\r\n  },\r\n  \"resourceTypes\": [\r\n    {\r\n      \"resourceType\": \"Redis\",\r\n      \"locations\": [\r\n        \"North Central US\",\r\n        \"South Central US\",\r\n        \"North Europe\",\r\n        \"West US\",\r\n        \"East US\",\r\n        \"Japan East\",\r\n        \"Japan West\",\r\n        \"Brazil South\",\r\n        \"Southeast Asia\",\r\n        \"East Asia\",\r\n        \"Australia East\",\r\n        \"Australia Southeast\",\r\n        \"Central India\",\r\n        \"West India\",\r\n        \"Canada Central\",\r\n        \"Canada East\",\r\n        \"UK South\",\r\n        \"UK West\",\r\n        \"West US 2\",\r\n        \"West Central US\",\r\n        \"South India\",\r\n        \"Korea Central\",\r\n        \"Korea South\",\r\n        \"Central US\",\r\n        \"West Europe\",\r\n        \"East US 2\",\r\n        \"Central US EUAP\"\r\n      ],\r\n      \"apiVersions\": [\r\n        \"2017-10-01\",\r\n        \"2017-02-01\",\r\n        \"2016-04-01\",\r\n        \"2015-08-01\",\r\n        \"2015-03-01\",\r\n        \"2014-04-01-preview\",\r\n        \"2014-04-01\"\r\n      ],\r\n      \"zoneMappings\": [\r\n        {\r\n          \"location\": \"East US 2\",\r\n          \"zones\": [\r\n            \"1\",\r\n            \"2\",\r\n            \"3\"\r\n          ]\r\n        },\r\n        {\r\n          \"location\": \"Central US\",\r\n          \"zones\": [\r\n            \"1\",\r\n            \"2\",\r\n            \"3\"\r\n          ]\r\n        },\r\n        {\r\n          \"location\": \"West Europe\",\r\n          \"zones\": [\r\n            \"1\",\r\n            \"2\",\r\n            \"3\"\r\n          ]\r\n        },\r\n        {\r\n          \"location\": \"Central US EUAP\",\r\n          \"zones\": [\r\n            \"1\",\r\n            \"2\"\r\n          ]\r\n        }\r\n      ],\r\n      \"capabilities\": \"CrossResourceGroupResourceMove, CrossSubscriptionResourceMove\"\r\n    },\r\n    {\r\n      \"resourceType\": \"locations\",\r\n      \"locations\": [],\r\n      \"apiVersions\": [\r\n        \"2017-10-01\",\r\n        \"2017-02-01\",\r\n        \"2016-04-01\",\r\n        \"2015-08-01\",\r\n        \"2015-03-01\",\r\n        \"2014-04-01-preview\",\r\n        \"2014-04-01\"\r\n      ]\r\n    },\r\n    {\r\n      \"resourceType\": \"locations/operationResults\",\r\n      \"locations\": [\r\n        \"North Central US\",\r\n        \"South Central US\",\r\n        \"Central US\",\r\n        \"West Europe\",\r\n        \"North Europe\",\r\n        \"West US\",\r\n        \"East US\",\r\n        \"East US 2\",\r\n        \"Japan East\",\r\n        \"Japan West\",\r\n        \"Brazil South\",\r\n        \"Southeast Asia\",\r\n        \"East Asia\",\r\n        \"Australia East\",\r\n        \"Australia Southeast\",\r\n        \"Central India\",\r\n        \"West India\",\r\n        \"South India\",\r\n        \"Canada Central\",\r\n        \"Canada East\",\r\n        \"UK South\",\r\n        \"UK West\",\r\n        \"West US 2\",\r\n        \"West Central US\",\r\n        \"Korea Central\",\r\n        \"Korea South\"\r\n      ],\r\n      \"apiVersions\": [\r\n        \"2017-10-01\",\r\n        \"2017-02-01\",\r\n        \"2016-04-01\",\r\n        \"2015-08-01\",\r\n        \"2015-03-01\",\r\n        \"2014-04-01-preview\",\r\n        \"2014-04-01\"\r\n      ]\r\n    },\r\n    {\r\n      \"resourceType\": \"checkNameAvailability\",\r\n      \"locations\": [],\r\n      \"apiVersions\": [\r\n        \"2017-10-01\",\r\n        \"2017-02-01\",\r\n        \"2016-04-01\",\r\n        \"2015-08-01\",\r\n        \"2015-03-01\",\r\n        \"2014-04-01-preview\",\r\n        \"2014-04-01-alpha\",\r\n        \"2014-04-01\"\r\n      ]\r\n    },\r\n    {\r\n      \"resourceType\": \"operations\",\r\n      \"locations\": [],\r\n      \"apiVersions\": [\r\n        \"2017-10-01\",\r\n        \"2017-02-01\",\r\n        \"2016-04-01\",\r\n        \"2015-08-01\",\r\n        \"2015-03-01\",\r\n        \"2014-04-01-preview\",\r\n        \"2014-04-01-alpha\",\r\n        \"2014-04-01\"\r\n      ]\r\n    },\r\n    {\r\n      \"resourceType\": \"RedisConfigDefinition\",\r\n      \"locations\": [],\r\n      \"apiVersions\": [\r\n        \"2017-10-01\",\r\n        \"2017-02-01\",\r\n        \"2016-04-01\",\r\n        \"2015-08-01\",\r\n        \"2015-03-01\"\r\n      ]\r\n    }\r\n  ],\r\n  \"registrationState\": \"Registered\"\r\n}",
      "ResponseHeaders": {
        "Content-Length": [
          "2351"
        ],
        "Content-Type": [
          "application/json; charset=utf-8"
        ],
        "Expires": [
          "-1"
        ],
        "Pragma": [
          "no-cache"
        ],
        "x-ms-ratelimit-remaining-subscription-writes": [
          "1199"
        ],
        "x-ms-request-id": [
          "b7c322d0-84d0-473a-b700-193e66aa22ba"
        ],
        "x-ms-correlation-request-id": [
          "b7c322d0-84d0-473a-b700-193e66aa22ba"
        ],
        "x-ms-routing-request-id": [
          "WESTUS2:20180222T000516Z:b7c322d0-84d0-473a-b700-193e66aa22ba"
        ],
        "Strict-Transport-Security": [
          "max-age=31536000; includeSubDomains"
        ],
        "Cache-Control": [
          "no-cache"
        ],
        "Date": [
          "Thu, 22 Feb 2018 00:05:16 GMT"
        ]
      },
      "StatusCode": 200
    },
    {
      "RequestUri": "/subscriptions/c9cbd920-c00c-427c-852b-8aaf38badaeb/resourceGroups/PowerShellTest-5/providers/Microsoft.Cache/Redis/redisteam005?api-version=2017-10-01",
      "EncodedRequestUri": "L3N1YnNjcmlwdGlvbnMvYzljYmQ5MjAtYzAwYy00MjdjLTg1MmItOGFhZjM4YmFkYWViL3Jlc291cmNlR3JvdXBzL1Bvd2VyU2hlbGxUZXN0LTUvcHJvdmlkZXJzL01pY3Jvc29mdC5DYWNoZS9SZWRpcy9yZWRpc3RlYW0wMDU/YXBpLXZlcnNpb249MjAxNy0xMC0wMQ==",
      "RequestMethod": "PUT",
      "RequestBody": "{\r\n  \"properties\": {\r\n    \"sku\": {\r\n      \"name\": \"Premium\",\r\n      \"family\": \"P\",\r\n      \"capacity\": 1\r\n    }\r\n  },\r\n  \"location\": \"West US\"\r\n}",
      "RequestHeaders": {
        "Content-Type": [
          "application/json; charset=utf-8"
        ],
        "Content-Length": [
          "144"
        ],
        "x-ms-client-request-id": [
          "5bba4370-8bfd-4810-bd72-d177669b7c13"
        ],
        "accept-language": [
          "en-US"
        ],
        "User-Agent": [
          "FxVersion/4.7.2633.0",
          "OSName/Windows10Enterprise",
          "OSVersion/6.3.16299",
          "Microsoft.Azure.Management.Redis.RedisManagementClient/4.4.0.0"
        ]
      },
      "ResponseBody": "{\r\n  \"id\": \"/subscriptions/c9cbd920-c00c-427c-852b-8aaf38badaeb/resourceGroups/PowerShellTest-5/providers/Microsoft.Cache/Redis/redisteam005\",\r\n  \"location\": \"West US\",\r\n  \"name\": \"redisteam005\",\r\n  \"type\": \"Microsoft.Cache/Redis\",\r\n  \"tags\": {},\r\n  \"properties\": {\r\n    \"provisioningState\": \"Creating\",\r\n    \"redisVersion\": \"3.2.7\",\r\n    \"sku\": {\r\n      \"name\": \"Premium\",\r\n      \"family\": \"P\",\r\n      \"capacity\": 1\r\n    },\r\n    \"enableNonSslPort\": false,\r\n    \"redisConfiguration\": {\r\n      \"maxclients\": \"7500\",\r\n      \"maxmemory-reserved\": \"200\",\r\n      \"maxfragmentationmemory-reserved\": \"300\",\r\n      \"maxmemory-delta\": \"200\"\r\n    },\r\n    \"accessKeys\": {\r\n      \"primaryKey\": \"BX9/+y0ZO4c33RLrFZiqkyZqAsb8uRaf9+09lzAZ0V8=\",\r\n      \"secondaryKey\": \"icm+BSqPvugh1MpV0Xver8nusxzpTGXvD+CU86XAy34=\"\r\n    },\r\n    \"hostName\": \"redisteam005.redis.cache.windows.net\",\r\n    \"port\": 6379,\r\n    \"sslPort\": 6380,\r\n    \"linkedServers\": []\r\n  }\r\n}",
      "ResponseHeaders": {
        "Content-Length": [
          "733"
        ],
        "Content-Type": [
          "application/json; charset=utf-8"
        ],
        "Expires": [
          "-1"
        ],
        "Pragma": [
          "no-cache"
        ],
        "x-ms-request-id": [
          "69095c83-ade1-466a-a5c1-a920c8b12499"
        ],
        "x-rp-server-mvid": [
          "f9905c95-258b-4b08-92e4-a98ffe44e862"
        ],
        "Strict-Transport-Security": [
          "max-age=31536000; includeSubDomains"
        ],
        "x-content-type-options": [
          "nosniff"
        ],
        "x-ms-ratelimit-remaining-subscription-writes": [
          "1199"
        ],
        "x-ms-correlation-request-id": [
          "f771fbcc-f5c7-4e70-8f39-c64d6e86db98"
        ],
        "x-ms-routing-request-id": [
          "WESTUS2:20180222T000517Z:f771fbcc-f5c7-4e70-8f39-c64d6e86db98"
        ],
        "Cache-Control": [
          "no-cache"
        ],
        "Date": [
          "Thu, 22 Feb 2018 00:05:17 GMT"
        ],
        "Location": [
          "https://management.azure.com/subscriptions/c9cbd920-c00c-427c-852b-8aaf38badaeb/resourceGroups/PowerShellTest-5/providers/Microsoft.Cache/redis/redisteam005?api-version=2017-10-01"
        ],
        "Server": [
          "Microsoft-HTTPAPI/2.0"
        ]
      },
      "StatusCode": 201
    },
    {
      "RequestUri": "/subscriptions/c9cbd920-c00c-427c-852b-8aaf38badaeb/resourceGroups/PowerShellTest-5/providers/Microsoft.Cache/Redis/redisteam005/listKeys?api-version=2017-10-01",
      "EncodedRequestUri": "L3N1YnNjcmlwdGlvbnMvYzljYmQ5MjAtYzAwYy00MjdjLTg1MmItOGFhZjM4YmFkYWViL3Jlc291cmNlR3JvdXBzL1Bvd2VyU2hlbGxUZXN0LTUvcHJvdmlkZXJzL01pY3Jvc29mdC5DYWNoZS9SZWRpcy9yZWRpc3RlYW0wMDUvbGlzdEtleXM/YXBpLXZlcnNpb249MjAxNy0xMC0wMQ==",
      "RequestMethod": "POST",
      "RequestBody": "",
      "RequestHeaders": {
        "x-ms-client-request-id": [
          "c7d56004-599e-4c02-91df-bdbe3a5f77a5"
        ],
        "accept-language": [
          "en-US"
        ],
        "User-Agent": [
          "FxVersion/4.7.2633.0",
          "OSName/Windows10Enterprise",
          "OSVersion/6.3.16299",
          "Microsoft.Azure.Management.Redis.RedisManagementClient/4.4.0.0"
        ]
      },
      "ResponseBody": "{\r\n  \"primaryKey\": \"BX9/+y0ZO4c33RLrFZiqkyZqAsb8uRaf9+09lzAZ0V8=\",\r\n  \"secondaryKey\": \"icm+BSqPvugh1MpV0Xver8nusxzpTGXvD+CU86XAy34=\"\r\n}",
      "ResponseHeaders": {
        "Content-Length": [
          "123"
        ],
        "Content-Type": [
          "application/json; charset=utf-8"
        ],
        "Expires": [
          "-1"
        ],
        "Pragma": [
          "no-cache"
        ],
        "x-ms-request-id": [
          "60514536-5300-4e8c-b4f0-e1587579a33f"
        ],
        "x-rp-server-mvid": [
          "f9905c95-258b-4b08-92e4-a98ffe44e862"
        ],
        "Strict-Transport-Security": [
          "max-age=31536000; includeSubDomains"
        ],
        "x-content-type-options": [
          "nosniff"
        ],
        "x-ms-ratelimit-remaining-subscription-writes": [
          "1198"
        ],
        "x-ms-correlation-request-id": [
          "045f31e8-0034-45fc-acaa-50d968cc6f5a"
        ],
        "x-ms-routing-request-id": [
          "WESTUS2:20180222T000517Z:045f31e8-0034-45fc-acaa-50d968cc6f5a"
        ],
        "Cache-Control": [
          "no-cache"
        ],
        "Date": [
          "Thu, 22 Feb 2018 00:05:17 GMT"
        ],
        "Server": [
          "Microsoft-HTTPAPI/2.0"
        ]
      },
      "StatusCode": 200
    },
    {
      "RequestUri": "/subscriptions/c9cbd920-c00c-427c-852b-8aaf38badaeb/resourceGroups/PowerShellTest-5/providers/Microsoft.Storage/storageAccounts/redisteam005s/listKeys?api-version=2017-06-01",
      "EncodedRequestUri": "L3N1YnNjcmlwdGlvbnMvYzljYmQ5MjAtYzAwYy00MjdjLTg1MmItOGFhZjM4YmFkYWViL3Jlc291cmNlR3JvdXBzL1Bvd2VyU2hlbGxUZXN0LTUvcHJvdmlkZXJzL01pY3Jvc29mdC5TdG9yYWdlL3N0b3JhZ2VBY2NvdW50cy9yZWRpc3RlYW0wMDVzL2xpc3RLZXlzP2FwaS12ZXJzaW9uPTIwMTctMDYtMDE=",
      "RequestMethod": "POST",
      "RequestBody": "",
      "RequestHeaders": {
        "x-ms-client-request-id": [
          "89bffe7f-68c4-4c4f-8802-c4df696824f1"
        ],
        "accept-language": [
          "en-US"
        ],
        "User-Agent": [
          "FxVersion/4.7.2633.0",
          "OSName/Windows10Enterprise",
          "OSVersion/6.3.16299",
          "Microsoft.Azure.Management.Storage.StorageManagementClient/6.5.0.0"
        ]
      },
      "ResponseBody": "{\r\n  \"keys\": [\r\n    {\r\n      \"keyName\": \"key1\",\r\n      \"value\": \"rXj7Qdw+2nNnSbrrDTQEhso/1sOw/Xgk6abMfXKyTpFcKcP15O7eTxN8TIZzLdebirmmNb8J0l5Hd6RfXZtKcA==\",\r\n      \"permissions\": \"FULL\"\r\n    },\r\n    {\r\n      \"keyName\": \"key2\",\r\n      \"value\": \"bP6YGYeABq8MvPj/V4kTBj44DzWRK33YL+5mP1SuMw54dXj7gbyQTTez0Pm2erGjArZG55R/qUkWGPiNQoGRcQ==\",\r\n      \"permissions\": \"FULL\"\r\n    }\r\n  ]\r\n}",
      "ResponseHeaders": {
        "Content-Length": [
          "288"
        ],
        "Content-Type": [
          "application/json"
        ],
        "Expires": [
          "-1"
        ],
        "Pragma": [
          "no-cache"
        ],
        "x-ms-request-id": [
          "e31b363f-50e0-447a-8a2f-b8f391a5ffd2"
        ],
        "Strict-Transport-Security": [
          "max-age=31536000; includeSubDomains"
        ],
        "x-ms-ratelimit-remaining-subscription-writes": [
          "1199"
        ],
        "x-ms-correlation-request-id": [
          "4f3ca98e-589e-46dc-ae23-805895004079"
        ],
        "x-ms-routing-request-id": [
          "WESTUS2:20180222T001549Z:4f3ca98e-589e-46dc-ae23-805895004079"
        ],
        "Cache-Control": [
          "no-cache"
        ],
        "Date": [
          "Thu, 22 Feb 2018 00:15:49 GMT"
        ],
        "Server": [
          "Microsoft-Azure-Storage-Resource-Provider/1.0,Microsoft-HTTPAPI/2.0 Microsoft-HTTPAPI/2.0"
        ]
      },
      "StatusCode": 200
    },
    {
      "RequestUri": "/subscriptions/c9cbd920-c00c-427c-852b-8aaf38badaeb/resourceGroups/PowerShellTest-5/providers/Microsoft.Storage/storageAccounts/redisteam005s/listKeys?api-version=2017-06-01",
      "EncodedRequestUri": "L3N1YnNjcmlwdGlvbnMvYzljYmQ5MjAtYzAwYy00MjdjLTg1MmItOGFhZjM4YmFkYWViL3Jlc291cmNlR3JvdXBzL1Bvd2VyU2hlbGxUZXN0LTUvcHJvdmlkZXJzL01pY3Jvc29mdC5TdG9yYWdlL3N0b3JhZ2VBY2NvdW50cy9yZWRpc3RlYW0wMDVzL2xpc3RLZXlzP2FwaS12ZXJzaW9uPTIwMTctMDYtMDE=",
      "RequestMethod": "POST",
      "RequestBody": "",
      "RequestHeaders": {
        "x-ms-client-request-id": [
          "cbe55292-a8d1-4e78-81dc-443e1e81c52d"
        ],
        "accept-language": [
          "en-US"
        ],
        "User-Agent": [
          "FxVersion/4.7.2633.0",
          "OSName/Windows10Enterprise",
          "OSVersion/6.3.16299",
          "Microsoft.Azure.Management.Storage.StorageManagementClient/6.5.0.0"
        ]
      },
      "ResponseBody": "{\r\n  \"keys\": [\r\n    {\r\n      \"keyName\": \"key1\",\r\n      \"value\": \"rXj7Qdw+2nNnSbrrDTQEhso/1sOw/Xgk6abMfXKyTpFcKcP15O7eTxN8TIZzLdebirmmNb8J0l5Hd6RfXZtKcA==\",\r\n      \"permissions\": \"FULL\"\r\n    },\r\n    {\r\n      \"keyName\": \"key2\",\r\n      \"value\": \"bP6YGYeABq8MvPj/V4kTBj44DzWRK33YL+5mP1SuMw54dXj7gbyQTTez0Pm2erGjArZG55R/qUkWGPiNQoGRcQ==\",\r\n      \"permissions\": \"FULL\"\r\n    }\r\n  ]\r\n}",
      "ResponseHeaders": {
        "Content-Length": [
          "288"
        ],
        "Content-Type": [
          "application/json"
        ],
        "Expires": [
          "-1"
        ],
        "Pragma": [
          "no-cache"
        ],
        "x-ms-request-id": [
          "829d08fa-ab6f-418f-b412-b8397390a1fa"
        ],
        "Strict-Transport-Security": [
          "max-age=31536000; includeSubDomains"
        ],
        "x-ms-ratelimit-remaining-subscription-writes": [
          "1198"
        ],
        "x-ms-correlation-request-id": [
          "5716af6e-80e7-4f18-91d8-d35cc7c40145"
        ],
        "x-ms-routing-request-id": [
          "WESTUS2:20180222T001653Z:5716af6e-80e7-4f18-91d8-d35cc7c40145"
        ],
        "Cache-Control": [
          "no-cache"
        ],
        "Date": [
          "Thu, 22 Feb 2018 00:16:53 GMT"
        ],
        "Server": [
          "Microsoft-Azure-Storage-Resource-Provider/1.0,Microsoft-HTTPAPI/2.0 Microsoft-HTTPAPI/2.0"
        ]
      },
      "StatusCode": 200
    },
    {
      "RequestUri": "/subscriptions/c9cbd920-c00c-427c-852b-8aaf38badaeb/providers/Microsoft.Cache/Redis/?api-version=2017-10-01",
      "EncodedRequestUri": "L3N1YnNjcmlwdGlvbnMvYzljYmQ5MjAtYzAwYy00MjdjLTg1MmItOGFhZjM4YmFkYWViL3Byb3ZpZGVycy9NaWNyb3NvZnQuQ2FjaGUvUmVkaXMvP2FwaS12ZXJzaW9uPTIwMTctMTAtMDE=",
      "RequestMethod": "GET",
      "RequestBody": "",
      "RequestHeaders": {
        "x-ms-client-request-id": [
          "2e1d0152-af1f-426c-98bb-4258bd4207f5"
        ],
        "accept-language": [
          "en-US"
        ],
        "User-Agent": [
          "FxVersion/4.7.2633.0",
          "OSName/Windows10Enterprise",
          "OSVersion/6.3.16299",
          "Microsoft.Azure.Management.Redis.RedisManagementClient/4.4.0.0"
        ]
      },
      "ResponseBody": "{\r\n  \"value\": [\r\n    {\r\n      \"id\": \"/subscriptions/c9cbd920-c00c-427c-852b-8aaf38badaeb/resourceGroups/PowerShellTest-5/providers/Microsoft.Cache/Redis/redisteam005\",\r\n      \"location\": \"West US\",\r\n      \"name\": \"redisteam005\",\r\n      \"type\": \"Microsoft.Cache/Redis\",\r\n      \"tags\": {},\r\n      \"properties\": {\r\n        \"provisioningState\": \"Succeeded\",\r\n        \"redisVersion\": \"3.2.7\",\r\n        \"sku\": {\r\n          \"name\": \"Premium\",\r\n          \"family\": \"P\",\r\n          \"capacity\": 1\r\n        },\r\n        \"enableNonSslPort\": false,\r\n        \"redisConfiguration\": {\r\n          \"maxclients\": \"7500\",\r\n          \"maxmemory-reserved\": \"200\",\r\n          \"maxfragmentationmemory-reserved\": \"300\",\r\n          \"maxmemory-delta\": \"200\"\r\n        },\r\n        \"accessKeys\": null,\r\n        \"hostName\": \"redisteam005.redis.cache.windows.net\",\r\n        \"port\": 6379,\r\n        \"sslPort\": 6380,\r\n        \"linkedServers\": []\r\n      }\r\n    }\r\n  ]\r\n}",
      "ResponseHeaders": {
        "Content-Length": [
          "627"
        ],
        "Content-Type": [
          "application/json; charset=utf-8"
        ],
        "Expires": [
          "-1"
        ],
        "Pragma": [
          "no-cache"
        ],
        "x-ms-request-id": [
          "6ceba496-a7c6-4029-9a70-c3d927a51ed2"
        ],
        "x-rp-server-mvid": [
          "f9905c95-258b-4b08-92e4-a98ffe44e862"
        ],
        "Strict-Transport-Security": [
          "max-age=31536000; includeSubDomains"
        ],
        "x-content-type-options": [
          "nosniff"
        ],
        "x-ms-ratelimit-remaining-subscription-reads": [
          "14976"
        ],
        "x-ms-correlation-request-id": [
          "9a61a1b6-7d3b-4fdf-b546-b09edbcbd275"
        ],
        "x-ms-routing-request-id": [
          "WESTUS2:20180222T001550Z:9a61a1b6-7d3b-4fdf-b546-b09edbcbd275"
        ],
        "Cache-Control": [
          "no-cache"
        ],
        "Date": [
          "Thu, 22 Feb 2018 00:15:49 GMT"
        ],
        "Server": [
          "Microsoft-HTTPAPI/2.0"
        ]
      },
      "StatusCode": 200
    },
    {
      "RequestUri": "/subscriptions/c9cbd920-c00c-427c-852b-8aaf38badaeb/providers/Microsoft.Cache/Redis/?api-version=2017-10-01",
      "EncodedRequestUri": "L3N1YnNjcmlwdGlvbnMvYzljYmQ5MjAtYzAwYy00MjdjLTg1MmItOGFhZjM4YmFkYWViL3Byb3ZpZGVycy9NaWNyb3NvZnQuQ2FjaGUvUmVkaXMvP2FwaS12ZXJzaW9uPTIwMTctMTAtMDE=",
      "RequestMethod": "GET",
      "RequestBody": "",
      "RequestHeaders": {
        "x-ms-client-request-id": [
          "328d3ede-740f-4153-8888-8f816571ba61"
        ],
        "accept-language": [
          "en-US"
        ],
        "User-Agent": [
          "FxVersion/4.7.2633.0",
          "OSName/Windows10Enterprise",
          "OSVersion/6.3.16299",
          "Microsoft.Azure.Management.Redis.RedisManagementClient/4.4.0.0"
        ]
      },
      "ResponseBody": "{\r\n  \"value\": [\r\n    {\r\n      \"id\": \"/subscriptions/c9cbd920-c00c-427c-852b-8aaf38badaeb/resourceGroups/PowerShellTest-5/providers/Microsoft.Cache/Redis/redisteam005\",\r\n      \"location\": \"West US\",\r\n      \"name\": \"redisteam005\",\r\n      \"type\": \"Microsoft.Cache/Redis\",\r\n      \"tags\": {},\r\n      \"properties\": {\r\n        \"provisioningState\": \"Succeeded\",\r\n        \"redisVersion\": \"3.2.7\",\r\n        \"sku\": {\r\n          \"name\": \"Premium\",\r\n          \"family\": \"P\",\r\n          \"capacity\": 1\r\n        },\r\n        \"enableNonSslPort\": false,\r\n        \"redisConfiguration\": {\r\n          \"maxclients\": \"7500\",\r\n          \"maxmemory-reserved\": \"200\",\r\n          \"maxfragmentationmemory-reserved\": \"300\",\r\n          \"maxmemory-delta\": \"200\"\r\n        },\r\n        \"accessKeys\": null,\r\n        \"hostName\": \"redisteam005.redis.cache.windows.net\",\r\n        \"port\": 6379,\r\n        \"sslPort\": 6380,\r\n        \"linkedServers\": []\r\n      }\r\n    }\r\n  ]\r\n}",
      "ResponseHeaders": {
        "Content-Length": [
          "627"
        ],
        "Content-Type": [
          "application/json; charset=utf-8"
        ],
        "Expires": [
          "-1"
        ],
        "Pragma": [
          "no-cache"
        ],
        "x-ms-request-id": [
          "a225f493-14b0-42c3-96d7-04d3568c3cc9"
        ],
        "x-rp-server-mvid": [
          "f9905c95-258b-4b08-92e4-a98ffe44e862"
        ],
        "Strict-Transport-Security": [
          "max-age=31536000; includeSubDomains"
        ],
        "x-content-type-options": [
          "nosniff"
        ],
        "x-ms-ratelimit-remaining-subscription-reads": [
          "14973"
        ],
        "x-ms-correlation-request-id": [
          "3b6524c4-6fc1-4ff0-89c8-a5d45593193e"
        ],
        "x-ms-routing-request-id": [
          "WESTUS2:20180222T001653Z:3b6524c4-6fc1-4ff0-89c8-a5d45593193e"
        ],
        "Cache-Control": [
          "no-cache"
        ],
        "Date": [
          "Thu, 22 Feb 2018 00:16:53 GMT"
        ],
        "Server": [
          "Microsoft-HTTPAPI/2.0"
        ]
      },
      "StatusCode": 200
    },
    {
      "RequestUri": "/subscriptions/c9cbd920-c00c-427c-852b-8aaf38badaeb/providers/Microsoft.Cache/Redis/?api-version=2017-10-01",
      "EncodedRequestUri": "L3N1YnNjcmlwdGlvbnMvYzljYmQ5MjAtYzAwYy00MjdjLTg1MmItOGFhZjM4YmFkYWViL3Byb3ZpZGVycy9NaWNyb3NvZnQuQ2FjaGUvUmVkaXMvP2FwaS12ZXJzaW9uPTIwMTctMTAtMDE=",
      "RequestMethod": "GET",
      "RequestBody": "",
      "RequestHeaders": {
        "x-ms-client-request-id": [
          "dfd61902-d19f-402f-9585-e9f32742de77"
        ],
        "accept-language": [
          "en-US"
        ],
        "User-Agent": [
          "FxVersion/4.7.2633.0",
          "OSName/Windows10Enterprise",
          "OSVersion/6.3.16299",
          "Microsoft.Azure.Management.Redis.RedisManagementClient/4.4.0.0"
        ]
      },
      "ResponseBody": "{\r\n  \"value\": [\r\n    {\r\n      \"id\": \"/subscriptions/c9cbd920-c00c-427c-852b-8aaf38badaeb/resourceGroups/PowerShellTest-5/providers/Microsoft.Cache/Redis/redisteam005\",\r\n      \"location\": \"West US\",\r\n      \"name\": \"redisteam005\",\r\n      \"type\": \"Microsoft.Cache/Redis\",\r\n      \"tags\": {},\r\n      \"properties\": {\r\n        \"provisioningState\": \"Succeeded\",\r\n        \"redisVersion\": \"3.2.7\",\r\n        \"sku\": {\r\n          \"name\": \"Premium\",\r\n          \"family\": \"P\",\r\n          \"capacity\": 1\r\n        },\r\n        \"enableNonSslPort\": false,\r\n        \"redisConfiguration\": {\r\n          \"maxclients\": \"7500\",\r\n          \"maxmemory-reserved\": \"200\",\r\n          \"maxfragmentationmemory-reserved\": \"300\",\r\n          \"maxmemory-delta\": \"200\"\r\n        },\r\n        \"accessKeys\": null,\r\n        \"hostName\": \"redisteam005.redis.cache.windows.net\",\r\n        \"port\": 6379,\r\n        \"sslPort\": 6380,\r\n        \"linkedServers\": []\r\n      }\r\n    }\r\n  ]\r\n}",
      "ResponseHeaders": {
        "Content-Length": [
          "627"
        ],
        "Content-Type": [
          "application/json; charset=utf-8"
        ],
        "Expires": [
          "-1"
        ],
        "Pragma": [
          "no-cache"
        ],
        "x-ms-request-id": [
          "56225f54-5e6d-4448-b0e3-7bc977aba202"
        ],
        "x-rp-server-mvid": [
          "f9905c95-258b-4b08-92e4-a98ffe44e862"
        ],
        "Strict-Transport-Security": [
          "max-age=31536000; includeSubDomains"
        ],
        "x-content-type-options": [
          "nosniff"
        ],
        "x-ms-ratelimit-remaining-subscription-reads": [
          "14968"
        ],
        "x-ms-correlation-request-id": [
          "d10eca8e-7b38-4a47-a0c5-90236aa123ee"
        ],
        "x-ms-routing-request-id": [
          "WESTUS2:20180222T001855Z:d10eca8e-7b38-4a47-a0c5-90236aa123ee"
        ],
        "Cache-Control": [
          "no-cache"
        ],
        "Date": [
          "Thu, 22 Feb 2018 00:18:54 GMT"
        ],
        "Server": [
          "Microsoft-HTTPAPI/2.0"
        ]
      },
      "StatusCode": 200
    },
    {
      "RequestUri": "/subscriptions/c9cbd920-c00c-427c-852b-8aaf38badaeb/resourceGroups/PowerShellTest-5/providers/Microsoft.Cache/Redis/redisteam005/export?api-version=2017-10-01",
      "EncodedRequestUri": "L3N1YnNjcmlwdGlvbnMvYzljYmQ5MjAtYzAwYy00MjdjLTg1MmItOGFhZjM4YmFkYWViL3Jlc291cmNlR3JvdXBzL1Bvd2VyU2hlbGxUZXN0LTUvcHJvdmlkZXJzL01pY3Jvc29mdC5DYWNoZS9SZWRpcy9yZWRpc3RlYW0wMDUvZXhwb3J0P2FwaS12ZXJzaW9uPTIwMTctMTAtMDE=",
      "RequestMethod": "POST",
      "RequestBody": "{\r\n  \"prefix\": \"sunny\",\r\n  \"container\": \"https://redisteam005s.blob.core.windows.net/exportimport?sv=2017-04-17&sr=c&sig=DJzAqLtYDujS2QoKRr2bI8dvn6HeG1Vl5PnU%2FNCvpfY%3D&st=2018-02-21T23%3A55%3A50Z&se=2018-02-22T02%3A15%3A50Z&sp=rwdl\"\r\n}",
      "RequestHeaders": {
        "Content-Type": [
          "application/json; charset=utf-8"
        ],
        "Content-Length": [
          "237"
        ],
        "x-ms-client-request-id": [
          "21b40d44-c79d-49eb-bd9e-2d789eaf4ce5"
        ],
        "accept-language": [
          "en-US"
        ],
        "User-Agent": [
          "FxVersion/4.7.2633.0",
          "OSName/Windows10Enterprise",
          "OSVersion/6.3.16299",
          "Microsoft.Azure.Management.Redis.RedisManagementClient/4.4.0.0"
        ]
      },
      "ResponseBody": "",
      "ResponseHeaders": {
        "Content-Length": [
          "0"
        ],
        "Expires": [
          "-1"
        ],
        "Pragma": [
          "no-cache"
        ],
        "x-ms-request-id": [
          "aebdfcd8-6c22-4a7e-9a88-c8df681a24d9"
        ],
        "x-rp-server-mvid": [
          "f9905c95-258b-4b08-92e4-a98ffe44e862"
        ],
        "Strict-Transport-Security": [
          "max-age=31536000; includeSubDomains"
        ],
        "x-content-type-options": [
          "nosniff"
        ],
        "x-ms-ratelimit-remaining-subscription-writes": [
          "1197"
        ],
        "x-ms-correlation-request-id": [
          "87f1fb8b-7a26-49d4-a7cf-de9e5ae675d3"
        ],
        "x-ms-routing-request-id": [
          "WESTUS2:20180222T001552Z:87f1fb8b-7a26-49d4-a7cf-de9e5ae675d3"
        ],
        "Cache-Control": [
          "no-cache"
        ],
        "Date": [
          "Thu, 22 Feb 2018 00:15:52 GMT"
        ],
        "Location": [
          "https://management.azure.com/subscriptions/c9cbd920-c00c-427c-852b-8aaf38badaeb/providers/Microsoft.Cache/locations/West%20US/operationresults/aebdfcd8-6c22-4a7e-9a88-c8df681a24d9?api-version=2015-08-01"
        ],
        "Server": [
          "Microsoft-HTTPAPI/2.0"
        ]
      },
      "StatusCode": 202
    },
    {
      "RequestUri": "/subscriptions/c9cbd920-c00c-427c-852b-8aaf38badaeb/providers/Microsoft.Cache/locations/West%20US/operationresults/aebdfcd8-6c22-4a7e-9a88-c8df681a24d9?api-version=2015-08-01",
      "EncodedRequestUri": "L3N1YnNjcmlwdGlvbnMvYzljYmQ5MjAtYzAwYy00MjdjLTg1MmItOGFhZjM4YmFkYWViL3Byb3ZpZGVycy9NaWNyb3NvZnQuQ2FjaGUvbG9jYXRpb25zL1dlc3QlMjBVUy9vcGVyYXRpb25yZXN1bHRzL2FlYmRmY2Q4LTZjMjItNGE3ZS05YTg4LWM4ZGY2ODFhMjRkOT9hcGktdmVyc2lvbj0yMDE1LTA4LTAx",
      "RequestMethod": "GET",
      "RequestBody": "",
      "RequestHeaders": {
        "User-Agent": [
          "FxVersion/4.7.2633.0",
          "OSName/Windows10Enterprise",
          "OSVersion/6.3.16299",
          "Microsoft.Azure.Management.Redis.RedisManagementClient/4.4.0.0"
        ]
      },
      "ResponseBody": "",
      "ResponseHeaders": {
        "Content-Length": [
          "0"
        ],
        "Expires": [
          "-1"
        ],
        "Pragma": [
          "no-cache"
        ],
        "x-ms-request-id": [
          "8a9a3434-776e-422d-aa51-09d92f67b55b"
        ],
        "x-rp-server-mvid": [
          "f9905c95-258b-4b08-92e4-a98ffe44e862"
        ],
        "Strict-Transport-Security": [
          "max-age=31536000; includeSubDomains"
        ],
        "x-content-type-options": [
          "nosniff"
        ],
        "x-ms-ratelimit-remaining-subscription-reads": [
          "14975"
        ],
        "x-ms-correlation-request-id": [
          "a3ca3222-b493-4336-baaa-6af7780db1b1"
        ],
        "x-ms-routing-request-id": [
          "WESTUS2:20180222T001623Z:a3ca3222-b493-4336-baaa-6af7780db1b1"
        ],
        "Cache-Control": [
          "no-cache"
        ],
        "Date": [
          "Thu, 22 Feb 2018 00:16:22 GMT"
        ],
        "Location": [
          "https://management.azure.com/subscriptions/c9cbd920-c00c-427c-852b-8aaf38badaeb/providers/Microsoft.Cache/locations/West%20US/operationresults/aebdfcd8-6c22-4a7e-9a88-c8df681a24d9?api-version=2015-08-01"
        ],
        "Server": [
          "Microsoft-HTTPAPI/2.0"
        ]
      },
      "StatusCode": 202
    },
    {
      "RequestUri": "/subscriptions/c9cbd920-c00c-427c-852b-8aaf38badaeb/providers/Microsoft.Cache/locations/West%20US/operationresults/aebdfcd8-6c22-4a7e-9a88-c8df681a24d9?api-version=2015-08-01",
      "EncodedRequestUri": "L3N1YnNjcmlwdGlvbnMvYzljYmQ5MjAtYzAwYy00MjdjLTg1MmItOGFhZjM4YmFkYWViL3Byb3ZpZGVycy9NaWNyb3NvZnQuQ2FjaGUvbG9jYXRpb25zL1dlc3QlMjBVUy9vcGVyYXRpb25yZXN1bHRzL2FlYmRmY2Q4LTZjMjItNGE3ZS05YTg4LWM4ZGY2ODFhMjRkOT9hcGktdmVyc2lvbj0yMDE1LTA4LTAx",
      "RequestMethod": "GET",
      "RequestBody": "",
      "RequestHeaders": {
        "User-Agent": [
          "FxVersion/4.7.2633.0",
          "OSName/Windows10Enterprise",
          "OSVersion/6.3.16299",
          "Microsoft.Azure.Management.Redis.RedisManagementClient/4.4.0.0"
        ]
      },
      "ResponseBody": "",
      "ResponseHeaders": {
        "Content-Length": [
          "0"
        ],
        "Expires": [
          "-1"
        ],
        "Pragma": [
          "no-cache"
        ],
        "x-ms-request-id": [
          "27bb7de3-f034-4c12-8993-23580be3d07b"
        ],
        "x-rp-server-mvid": [
          "f9905c95-258b-4b08-92e4-a98ffe44e862"
        ],
        "Strict-Transport-Security": [
          "max-age=31536000; includeSubDomains"
        ],
        "x-content-type-options": [
          "nosniff"
        ],
        "x-ms-ratelimit-remaining-subscription-reads": [
          "14974"
        ],
        "x-ms-correlation-request-id": [
          "43b7160d-3c15-4e56-a16a-3ba45065eda3"
        ],
        "x-ms-routing-request-id": [
          "WESTUS2:20180222T001653Z:43b7160d-3c15-4e56-a16a-3ba45065eda3"
        ],
        "Cache-Control": [
          "no-cache"
        ],
        "Date": [
          "Thu, 22 Feb 2018 00:16:52 GMT"
        ],
        "Server": [
          "Microsoft-HTTPAPI/2.0"
        ]
      },
      "StatusCode": 200
    },
    {
      "RequestUri": "/subscriptions/c9cbd920-c00c-427c-852b-8aaf38badaeb/resourceGroups/PowerShellTest-5/providers/Microsoft.Cache/Redis/redisteam005/import?api-version=2017-10-01",
      "EncodedRequestUri": "L3N1YnNjcmlwdGlvbnMvYzljYmQ5MjAtYzAwYy00MjdjLTg1MmItOGFhZjM4YmFkYWViL3Jlc291cmNlR3JvdXBzL1Bvd2VyU2hlbGxUZXN0LTUvcHJvdmlkZXJzL01pY3Jvc29mdC5DYWNoZS9SZWRpcy9yZWRpc3RlYW0wMDUvaW1wb3J0P2FwaS12ZXJzaW9uPTIwMTctMTAtMDE=",
      "RequestMethod": "POST",
      "RequestBody": "{\r\n  \"files\": [\r\n    \"https://redisteam005s.blob.core.windows.net/exportimport/sunny?sv=2017-04-17&sr=b&sig=zLlwXv%2FL93dWCl3jlqIPbYgUYK4mBmxznCq%2B6Ob7VOU%3D&st=2018-02-21T23%3A56%3A53Z&se=2018-02-22T02%3A16%3A53Z&sp=rwdl\"\r\n  ]\r\n}",
      "RequestHeaders": {
        "Content-Type": [
          "application/json; charset=utf-8"
        ],
        "Content-Length": [
          "231"
        ],
        "x-ms-client-request-id": [
          "900b4b17-3c5e-4802-8a0e-ccb398aa5d13"
        ],
        "accept-language": [
          "en-US"
        ],
        "User-Agent": [
          "FxVersion/4.7.2633.0",
          "OSName/Windows10Enterprise",
          "OSVersion/6.3.16299",
          "Microsoft.Azure.Management.Redis.RedisManagementClient/4.4.0.0"
        ]
      },
      "ResponseBody": "",
      "ResponseHeaders": {
        "Content-Length": [
          "0"
        ],
        "Expires": [
          "-1"
        ],
        "Pragma": [
          "no-cache"
        ],
        "x-ms-request-id": [
          "c05e4894-b13e-4746-98b6-ca83cbbcf8cf"
        ],
        "x-rp-server-mvid": [
          "f9905c95-258b-4b08-92e4-a98ffe44e862"
        ],
        "Strict-Transport-Security": [
          "max-age=31536000; includeSubDomains"
        ],
        "x-content-type-options": [
          "nosniff"
        ],
        "x-ms-ratelimit-remaining-subscription-writes": [
          "1196"
        ],
        "x-ms-correlation-request-id": [
          "13879f00-f7d7-433c-9812-d9699826f310"
        ],
        "x-ms-routing-request-id": [
          "WESTUS2:20180222T001655Z:13879f00-f7d7-433c-9812-d9699826f310"
        ],
        "Cache-Control": [
          "no-cache"
        ],
        "Date": [
          "Thu, 22 Feb 2018 00:16:54 GMT"
        ],
        "Location": [
          "https://management.azure.com/subscriptions/c9cbd920-c00c-427c-852b-8aaf38badaeb/providers/Microsoft.Cache/locations/West%20US/operationresults/c05e4894-b13e-4746-98b6-ca83cbbcf8cf?api-version=2015-08-01"
        ],
        "Server": [
          "Microsoft-HTTPAPI/2.0"
        ]
      },
      "StatusCode": 202
    },
    {
      "RequestUri": "/subscriptions/c9cbd920-c00c-427c-852b-8aaf38badaeb/providers/Microsoft.Cache/locations/West%20US/operationresults/c05e4894-b13e-4746-98b6-ca83cbbcf8cf?api-version=2015-08-01",
      "EncodedRequestUri": "L3N1YnNjcmlwdGlvbnMvYzljYmQ5MjAtYzAwYy00MjdjLTg1MmItOGFhZjM4YmFkYWViL3Byb3ZpZGVycy9NaWNyb3NvZnQuQ2FjaGUvbG9jYXRpb25zL1dlc3QlMjBVUy9vcGVyYXRpb25yZXN1bHRzL2MwNWU0ODk0LWIxM2UtNDc0Ni05OGI2LWNhODNjYmJjZjhjZj9hcGktdmVyc2lvbj0yMDE1LTA4LTAx",
      "RequestMethod": "GET",
      "RequestBody": "",
      "RequestHeaders": {
        "User-Agent": [
          "FxVersion/4.7.2633.0",
          "OSName/Windows10Enterprise",
          "OSVersion/6.3.16299",
          "Microsoft.Azure.Management.Redis.RedisManagementClient/4.4.0.0"
        ]
      },
      "ResponseBody": "",
      "ResponseHeaders": {
        "Content-Length": [
          "0"
        ],
        "Expires": [
          "-1"
        ],
        "Pragma": [
          "no-cache"
        ],
        "x-ms-request-id": [
          "c717ada9-dc0a-4222-a676-bda17617a61a"
        ],
        "x-rp-server-mvid": [
          "f9905c95-258b-4b08-92e4-a98ffe44e862"
        ],
        "Strict-Transport-Security": [
          "max-age=31536000; includeSubDomains"
        ],
        "x-content-type-options": [
          "nosniff"
        ],
        "x-ms-ratelimit-remaining-subscription-reads": [
          "14972"
        ],
        "x-ms-correlation-request-id": [
          "20e0d493-997d-4247-a96c-d70948813d6c"
        ],
        "x-ms-routing-request-id": [
          "WESTUS2:20180222T001725Z:20e0d493-997d-4247-a96c-d70948813d6c"
        ],
        "Cache-Control": [
          "no-cache"
        ],
        "Date": [
          "Thu, 22 Feb 2018 00:17:25 GMT"
        ],
        "Location": [
          "https://management.azure.com/subscriptions/c9cbd920-c00c-427c-852b-8aaf38badaeb/providers/Microsoft.Cache/locations/West%20US/operationresults/c05e4894-b13e-4746-98b6-ca83cbbcf8cf?api-version=2015-08-01"
        ],
        "Server": [
          "Microsoft-HTTPAPI/2.0"
        ]
      },
      "StatusCode": 202
    },
    {
      "RequestUri": "/subscriptions/c9cbd920-c00c-427c-852b-8aaf38badaeb/providers/Microsoft.Cache/locations/West%20US/operationresults/c05e4894-b13e-4746-98b6-ca83cbbcf8cf?api-version=2015-08-01",
      "EncodedRequestUri": "L3N1YnNjcmlwdGlvbnMvYzljYmQ5MjAtYzAwYy00MjdjLTg1MmItOGFhZjM4YmFkYWViL3Byb3ZpZGVycy9NaWNyb3NvZnQuQ2FjaGUvbG9jYXRpb25zL1dlc3QlMjBVUy9vcGVyYXRpb25yZXN1bHRzL2MwNWU0ODk0LWIxM2UtNDc0Ni05OGI2LWNhODNjYmJjZjhjZj9hcGktdmVyc2lvbj0yMDE1LTA4LTAx",
      "RequestMethod": "GET",
      "RequestBody": "",
      "RequestHeaders": {
        "User-Agent": [
          "FxVersion/4.7.2633.0",
          "OSName/Windows10Enterprise",
          "OSVersion/6.3.16299",
          "Microsoft.Azure.Management.Redis.RedisManagementClient/4.4.0.0"
        ]
      },
      "ResponseBody": "",
      "ResponseHeaders": {
        "Content-Length": [
          "0"
        ],
        "Expires": [
          "-1"
        ],
        "Pragma": [
          "no-cache"
        ],
        "x-ms-request-id": [
          "6d823f99-f573-4cbb-a552-d1f3a204b67b"
        ],
        "x-rp-server-mvid": [
          "f9905c95-258b-4b08-92e4-a98ffe44e862"
        ],
        "Strict-Transport-Security": [
          "max-age=31536000; includeSubDomains"
        ],
        "x-content-type-options": [
          "nosniff"
        ],
        "x-ms-ratelimit-remaining-subscription-reads": [
          "14971"
        ],
        "x-ms-correlation-request-id": [
          "0166f183-95da-44f2-8998-90c80e62050b"
        ],
        "x-ms-routing-request-id": [
          "WESTUS2:20180222T001755Z:0166f183-95da-44f2-8998-90c80e62050b"
        ],
        "Cache-Control": [
          "no-cache"
        ],
        "Date": [
          "Thu, 22 Feb 2018 00:17:55 GMT"
        ],
        "Location": [
          "https://management.azure.com/subscriptions/c9cbd920-c00c-427c-852b-8aaf38badaeb/providers/Microsoft.Cache/locations/West%20US/operationresults/c05e4894-b13e-4746-98b6-ca83cbbcf8cf?api-version=2015-08-01"
        ],
        "Server": [
          "Microsoft-HTTPAPI/2.0"
        ]
      },
      "StatusCode": 202
    },
    {
      "RequestUri": "/subscriptions/c9cbd920-c00c-427c-852b-8aaf38badaeb/providers/Microsoft.Cache/locations/West%20US/operationresults/c05e4894-b13e-4746-98b6-ca83cbbcf8cf?api-version=2015-08-01",
      "EncodedRequestUri": "L3N1YnNjcmlwdGlvbnMvYzljYmQ5MjAtYzAwYy00MjdjLTg1MmItOGFhZjM4YmFkYWViL3Byb3ZpZGVycy9NaWNyb3NvZnQuQ2FjaGUvbG9jYXRpb25zL1dlc3QlMjBVUy9vcGVyYXRpb25yZXN1bHRzL2MwNWU0ODk0LWIxM2UtNDc0Ni05OGI2LWNhODNjYmJjZjhjZj9hcGktdmVyc2lvbj0yMDE1LTA4LTAx",
      "RequestMethod": "GET",
      "RequestBody": "",
      "RequestHeaders": {
        "User-Agent": [
          "FxVersion/4.7.2633.0",
          "OSName/Windows10Enterprise",
          "OSVersion/6.3.16299",
          "Microsoft.Azure.Management.Redis.RedisManagementClient/4.4.0.0"
        ]
      },
      "ResponseBody": "",
      "ResponseHeaders": {
        "Content-Length": [
          "0"
        ],
        "Expires": [
          "-1"
        ],
        "Pragma": [
          "no-cache"
        ],
        "x-ms-request-id": [
          "b3f12141-f6e8-45be-82c1-a5c5b72d04cc"
        ],
        "x-rp-server-mvid": [
          "f9905c95-258b-4b08-92e4-a98ffe44e862"
        ],
        "Strict-Transport-Security": [
          "max-age=31536000; includeSubDomains"
        ],
        "x-content-type-options": [
          "nosniff"
        ],
        "x-ms-ratelimit-remaining-subscription-reads": [
          "14970"
        ],
        "x-ms-correlation-request-id": [
          "cae41ae5-fb0c-4a97-acbe-9bae09283c36"
        ],
        "x-ms-routing-request-id": [
          "WESTUS2:20180222T001825Z:cae41ae5-fb0c-4a97-acbe-9bae09283c36"
        ],
        "Cache-Control": [
          "no-cache"
        ],
        "Date": [
          "Thu, 22 Feb 2018 00:18:24 GMT"
        ],
        "Location": [
          "https://management.azure.com/subscriptions/c9cbd920-c00c-427c-852b-8aaf38badaeb/providers/Microsoft.Cache/locations/West%20US/operationresults/c05e4894-b13e-4746-98b6-ca83cbbcf8cf?api-version=2015-08-01"
        ],
        "Server": [
          "Microsoft-HTTPAPI/2.0"
        ]
      },
      "StatusCode": 202
    },
    {
      "RequestUri": "/subscriptions/c9cbd920-c00c-427c-852b-8aaf38badaeb/providers/Microsoft.Cache/locations/West%20US/operationresults/c05e4894-b13e-4746-98b6-ca83cbbcf8cf?api-version=2015-08-01",
      "EncodedRequestUri": "L3N1YnNjcmlwdGlvbnMvYzljYmQ5MjAtYzAwYy00MjdjLTg1MmItOGFhZjM4YmFkYWViL3Byb3ZpZGVycy9NaWNyb3NvZnQuQ2FjaGUvbG9jYXRpb25zL1dlc3QlMjBVUy9vcGVyYXRpb25yZXN1bHRzL2MwNWU0ODk0LWIxM2UtNDc0Ni05OGI2LWNhODNjYmJjZjhjZj9hcGktdmVyc2lvbj0yMDE1LTA4LTAx",
      "RequestMethod": "GET",
      "RequestBody": "",
      "RequestHeaders": {
        "User-Agent": [
          "FxVersion/4.7.2633.0",
          "OSName/Windows10Enterprise",
          "OSVersion/6.3.16299",
          "Microsoft.Azure.Management.Redis.RedisManagementClient/4.4.0.0"
        ]
      },
      "ResponseBody": "",
      "ResponseHeaders": {
        "Content-Length": [
          "0"
        ],
        "Expires": [
          "-1"
        ],
        "Pragma": [
          "no-cache"
        ],
        "x-ms-request-id": [
          "b6879af9-99ce-423e-9aab-6d24a15f49e1"
        ],
        "x-rp-server-mvid": [
          "f9905c95-258b-4b08-92e4-a98ffe44e862"
        ],
        "Strict-Transport-Security": [
          "max-age=31536000; includeSubDomains"
        ],
        "x-content-type-options": [
          "nosniff"
        ],
        "x-ms-ratelimit-remaining-subscription-reads": [
          "14969"
        ],
        "x-ms-correlation-request-id": [
          "e4a05033-f920-4990-a4fa-474f69282050"
        ],
        "x-ms-routing-request-id": [
          "WESTUS2:20180222T001855Z:e4a05033-f920-4990-a4fa-474f69282050"
        ],
        "Cache-Control": [
          "no-cache"
        ],
        "Date": [
          "Thu, 22 Feb 2018 00:18:54 GMT"
        ],
        "Server": [
          "Microsoft-HTTPAPI/2.0"
        ]
      },
      "StatusCode": 200
    },
    {
      "RequestUri": "/subscriptions/c9cbd920-c00c-427c-852b-8aaf38badaeb/resourceGroups/PowerShellTest-5/providers/Microsoft.Cache/Redis/redisteam005/forceReboot?api-version=2017-10-01",
      "EncodedRequestUri": "L3N1YnNjcmlwdGlvbnMvYzljYmQ5MjAtYzAwYy00MjdjLTg1MmItOGFhZjM4YmFkYWViL3Jlc291cmNlR3JvdXBzL1Bvd2VyU2hlbGxUZXN0LTUvcHJvdmlkZXJzL01pY3Jvc29mdC5DYWNoZS9SZWRpcy9yZWRpc3RlYW0wMDUvZm9yY2VSZWJvb3Q/YXBpLXZlcnNpb249MjAxNy0xMC0wMQ==",
      "RequestMethod": "POST",
      "RequestBody": "{\r\n  \"rebootType\": \"PrimaryNode\"\r\n}",
      "RequestHeaders": {
        "Content-Type": [
          "application/json; charset=utf-8"
        ],
        "Content-Length": [
          "35"
        ],
        "x-ms-client-request-id": [
          "3c09e5fd-7425-4941-a911-072c956b67e3"
        ],
        "accept-language": [
          "en-US"
        ],
        "User-Agent": [
          "FxVersion/4.7.2633.0",
          "OSName/Windows10Enterprise",
          "OSVersion/6.3.16299",
          "Microsoft.Azure.Management.Redis.RedisManagementClient/4.4.0.0"
        ]
      },
      "ResponseBody": "{\r\n  \"message\": \"The requested reboot operation for 'PrimaryNode' has been successfully scheduled and should be executed shortly.\"\r\n}",
      "ResponseHeaders": {
        "Content-Length": [
          "133"
        ],
        "Content-Type": [
          "application/json; charset=utf-8"
        ],
        "Expires": [
          "-1"
        ],
        "Pragma": [
          "no-cache"
        ],
        "x-ms-request-id": [
          "fee729e8-e16c-450e-9a45-66d553716263"
        ],
        "x-rp-server-mvid": [
          "f9905c95-258b-4b08-92e4-a98ffe44e862"
        ],
        "Strict-Transport-Security": [
          "max-age=31536000; includeSubDomains"
        ],
        "x-content-type-options": [
          "nosniff"
        ],
        "x-ms-ratelimit-remaining-subscription-writes": [
          "1195"
        ],
        "x-ms-correlation-request-id": [
          "9a193add-2721-437a-bac1-c0dd87bdf525"
        ],
        "x-ms-routing-request-id": [
          "WESTUS2:20180222T001900Z:9a193add-2721-437a-bac1-c0dd87bdf525"
        ],
        "Cache-Control": [
          "no-cache"
        ],
        "Date": [
          "Thu, 22 Feb 2018 00:19:00 GMT"
        ],
        "Server": [
          "Microsoft-HTTPAPI/2.0"
        ]
      },
      "StatusCode": 200
    },
    {
      "RequestUri": "/subscriptions/c9cbd920-c00c-427c-852b-8aaf38badaeb/resourceGroups/PowerShellTest-5/providers/Microsoft.Cache/Redis/redisteam005?api-version=2017-10-01",
      "EncodedRequestUri": "L3N1YnNjcmlwdGlvbnMvYzljYmQ5MjAtYzAwYy00MjdjLTg1MmItOGFhZjM4YmFkYWViL3Jlc291cmNlR3JvdXBzL1Bvd2VyU2hlbGxUZXN0LTUvcHJvdmlkZXJzL01pY3Jvc29mdC5DYWNoZS9SZWRpcy9yZWRpc3RlYW0wMDU/YXBpLXZlcnNpb249MjAxNy0xMC0wMQ==",
      "RequestMethod": "DELETE",
      "RequestBody": "",
      "RequestHeaders": {
        "x-ms-client-request-id": [
          "df797964-43e1-4650-887b-89b31e27a007"
        ],
        "accept-language": [
          "en-US"
        ],
        "User-Agent": [
          "FxVersion/4.7.2633.0",
          "OSName/Windows10Enterprise",
          "OSVersion/6.3.16299",
          "Microsoft.Azure.Management.Redis.RedisManagementClient/4.4.0.0"
        ]
      },
      "ResponseBody": "",
      "ResponseHeaders": {
        "Content-Length": [
          "0"
        ],
        "Expires": [
          "-1"
        ],
        "Pragma": [
          "no-cache"
        ],
        "x-ms-request-id": [
          "90e38b6f-bb2f-454e-a89d-51f682c4c417"
        ],
        "x-rp-server-mvid": [
          "f9905c95-258b-4b08-92e4-a98ffe44e862"
        ],
        "Strict-Transport-Security": [
          "max-age=31536000; includeSubDomains"
        ],
        "x-content-type-options": [
          "nosniff"
        ],
        "x-ms-ratelimit-remaining-subscription-writes": [
          "1195"
        ],
        "x-ms-correlation-request-id": [
          "a3e75499-ad5b-4995-9b3c-1d8ebd09b661"
        ],
        "x-ms-routing-request-id": [
          "WESTUS2:20180222T002102Z:a3e75499-ad5b-4995-9b3c-1d8ebd09b661"
        ],
        "Cache-Control": [
          "no-cache"
        ],
        "Date": [
          "Thu, 22 Feb 2018 00:21:01 GMT"
        ],
        "Server": [
          "Microsoft-HTTPAPI/2.0"
        ]
      },
      "StatusCode": 200
    },
    {
      "RequestUri": "/subscriptions/c9cbd920-c00c-427c-852b-8aaf38badaeb/resourcegroups/PowerShellTest-5?api-version=2016-02-01",
      "EncodedRequestUri": "L3N1YnNjcmlwdGlvbnMvYzljYmQ5MjAtYzAwYy00MjdjLTg1MmItOGFhZjM4YmFkYWViL3Jlc291cmNlZ3JvdXBzL1Bvd2VyU2hlbGxUZXN0LTU/YXBpLXZlcnNpb249MjAxNi0wMi0wMQ==",
      "RequestMethod": "DELETE",
      "RequestBody": "",
      "RequestHeaders": {
        "User-Agent": [
          "Microsoft.Azure.Management.Resources.ResourceManagementClient/2.0.0.0"
        ]
      },
      "ResponseBody": "",
      "ResponseHeaders": {
        "Content-Length": [
          "0"
        ],
        "Expires": [
          "-1"
        ],
        "Pragma": [
          "no-cache"
        ],
        "Retry-After": [
          "15"
        ],
        "x-ms-ratelimit-remaining-subscription-writes": [
          "1190"
        ],
        "x-ms-request-id": [
          "71543f2f-5145-4a80-ba1e-016577ee354c"
        ],
        "x-ms-correlation-request-id": [
          "71543f2f-5145-4a80-ba1e-016577ee354c"
        ],
        "x-ms-routing-request-id": [
          "WESTUS2:20180222T002102Z:71543f2f-5145-4a80-ba1e-016577ee354c"
        ],
        "Strict-Transport-Security": [
          "max-age=31536000; includeSubDomains"
        ],
        "Cache-Control": [
          "no-cache"
        ],
        "Date": [
          "Thu, 22 Feb 2018 00:21:02 GMT"
        ],
        "Location": [
          "https://management.azure.com/subscriptions/c9cbd920-c00c-427c-852b-8aaf38badaeb/operationresults/eyJqb2JJZCI6IlJFU09VUkNFR1JPVVBERUxFVElPTkpPQi1QT1dFUlNIRUxMVEVTVDoyRDUtV0VTVFVTIiwiam9iTG9jYXRpb24iOiJ3ZXN0dXMifQ?api-version=2016-02-01"
        ]
      },
      "StatusCode": 202
    },
    {
      "RequestUri": "/subscriptions/c9cbd920-c00c-427c-852b-8aaf38badaeb/operationresults/eyJqb2JJZCI6IlJFU09VUkNFR1JPVVBERUxFVElPTkpPQi1QT1dFUlNIRUxMVEVTVDoyRDUtV0VTVFVTIiwiam9iTG9jYXRpb24iOiJ3ZXN0dXMifQ?api-version=2016-02-01",
      "EncodedRequestUri": "L3N1YnNjcmlwdGlvbnMvYzljYmQ5MjAtYzAwYy00MjdjLTg1MmItOGFhZjM4YmFkYWViL29wZXJhdGlvbnJlc3VsdHMvZXlKcWIySkpaQ0k2SWxKRlUwOVZVa05GUjFKUFZWQkVSVXhGVkVsUFRrcFBRaTFRVDFkRlVsTklSVXhNVkVWVFZEb3lSRFV0VjBWVFZGVlRJaXdpYW05aVRHOWpZWFJwYjI0aU9pSjNaWE4wZFhNaWZRP2FwaS12ZXJzaW9uPTIwMTYtMDItMDE=",
      "RequestMethod": "GET",
      "RequestBody": "",
      "RequestHeaders": {
        "x-ms-version": [
          "2016-02-01"
        ],
        "User-Agent": [
          "Microsoft.Azure.Management.Resources.ResourceManagementClient/2.0.0.0"
        ]
      },
      "ResponseBody": "",
      "ResponseHeaders": {
        "Content-Length": [
          "0"
        ],
        "Expires": [
          "-1"
        ],
        "Pragma": [
          "no-cache"
        ],
        "Retry-After": [
          "15"
        ],
        "x-ms-ratelimit-remaining-subscription-reads": [
          "14972"
        ],
        "x-ms-request-id": [
          "0f640c91-1f16-47e4-a4cc-38c39f629dd3"
        ],
        "x-ms-correlation-request-id": [
          "0f640c91-1f16-47e4-a4cc-38c39f629dd3"
        ],
        "x-ms-routing-request-id": [
          "WESTUS2:20180222T002102Z:0f640c91-1f16-47e4-a4cc-38c39f629dd3"
        ],
        "Strict-Transport-Security": [
          "max-age=31536000; includeSubDomains"
        ],
        "Cache-Control": [
          "no-cache"
        ],
        "Date": [
          "Thu, 22 Feb 2018 00:21:02 GMT"
        ],
        "Location": [
          "https://management.azure.com/subscriptions/c9cbd920-c00c-427c-852b-8aaf38badaeb/operationresults/eyJqb2JJZCI6IlJFU09VUkNFR1JPVVBERUxFVElPTkpPQi1QT1dFUlNIRUxMVEVTVDoyRDUtV0VTVFVTIiwiam9iTG9jYXRpb24iOiJ3ZXN0dXMifQ?api-version=2016-02-01"
        ]
      },
      "StatusCode": 202
    },
    {
      "RequestUri": "/subscriptions/c9cbd920-c00c-427c-852b-8aaf38badaeb/operationresults/eyJqb2JJZCI6IlJFU09VUkNFR1JPVVBERUxFVElPTkpPQi1QT1dFUlNIRUxMVEVTVDoyRDUtV0VTVFVTIiwiam9iTG9jYXRpb24iOiJ3ZXN0dXMifQ?api-version=2016-02-01",
      "EncodedRequestUri": "L3N1YnNjcmlwdGlvbnMvYzljYmQ5MjAtYzAwYy00MjdjLTg1MmItOGFhZjM4YmFkYWViL29wZXJhdGlvbnJlc3VsdHMvZXlKcWIySkpaQ0k2SWxKRlUwOVZVa05GUjFKUFZWQkVSVXhGVkVsUFRrcFBRaTFRVDFkRlVsTklSVXhNVkVWVFZEb3lSRFV0VjBWVFZGVlRJaXdpYW05aVRHOWpZWFJwYjI0aU9pSjNaWE4wZFhNaWZRP2FwaS12ZXJzaW9uPTIwMTYtMDItMDE=",
      "RequestMethod": "GET",
      "RequestBody": "",
      "RequestHeaders": {
        "x-ms-version": [
          "2016-02-01"
        ],
        "User-Agent": [
          "Microsoft.Azure.Management.Resources.ResourceManagementClient/2.0.0.0"
        ]
      },
      "ResponseBody": "",
      "ResponseHeaders": {
        "Content-Length": [
          "0"
        ],
        "Expires": [
          "-1"
        ],
        "Pragma": [
          "no-cache"
        ],
        "Retry-After": [
          "15"
        ],
        "x-ms-ratelimit-remaining-subscription-reads": [
          "14971"
        ],
        "x-ms-request-id": [
          "eacde057-02cb-4aec-a4eb-b4677929b6d6"
        ],
        "x-ms-correlation-request-id": [
          "eacde057-02cb-4aec-a4eb-b4677929b6d6"
        ],
        "x-ms-routing-request-id": [
          "WESTUS2:20180222T002118Z:eacde057-02cb-4aec-a4eb-b4677929b6d6"
        ],
        "Strict-Transport-Security": [
          "max-age=31536000; includeSubDomains"
        ],
        "Cache-Control": [
          "no-cache"
        ],
        "Date": [
          "Thu, 22 Feb 2018 00:21:17 GMT"
        ],
        "Location": [
          "https://management.azure.com/subscriptions/c9cbd920-c00c-427c-852b-8aaf38badaeb/operationresults/eyJqb2JJZCI6IlJFU09VUkNFR1JPVVBERUxFVElPTkpPQi1QT1dFUlNIRUxMVEVTVDoyRDUtV0VTVFVTIiwiam9iTG9jYXRpb24iOiJ3ZXN0dXMifQ?api-version=2016-02-01"
        ]
      },
      "StatusCode": 202
    },
    {
      "RequestUri": "/subscriptions/c9cbd920-c00c-427c-852b-8aaf38badaeb/operationresults/eyJqb2JJZCI6IlJFU09VUkNFR1JPVVBERUxFVElPTkpPQi1QT1dFUlNIRUxMVEVTVDoyRDUtV0VTVFVTIiwiam9iTG9jYXRpb24iOiJ3ZXN0dXMifQ?api-version=2016-02-01",
      "EncodedRequestUri": "L3N1YnNjcmlwdGlvbnMvYzljYmQ5MjAtYzAwYy00MjdjLTg1MmItOGFhZjM4YmFkYWViL29wZXJhdGlvbnJlc3VsdHMvZXlKcWIySkpaQ0k2SWxKRlUwOVZVa05GUjFKUFZWQkVSVXhGVkVsUFRrcFBRaTFRVDFkRlVsTklSVXhNVkVWVFZEb3lSRFV0VjBWVFZGVlRJaXdpYW05aVRHOWpZWFJwYjI0aU9pSjNaWE4wZFhNaWZRP2FwaS12ZXJzaW9uPTIwMTYtMDItMDE=",
      "RequestMethod": "GET",
      "RequestBody": "",
      "RequestHeaders": {
        "x-ms-version": [
          "2016-02-01"
        ],
        "User-Agent": [
          "Microsoft.Azure.Management.Resources.ResourceManagementClient/2.0.0.0"
        ]
      },
      "ResponseBody": "",
      "ResponseHeaders": {
        "Content-Length": [
          "0"
        ],
        "Expires": [
          "-1"
        ],
        "Pragma": [
          "no-cache"
        ],
        "Retry-After": [
          "15"
        ],
        "x-ms-ratelimit-remaining-subscription-reads": [
          "14970"
        ],
        "x-ms-request-id": [
          "967210e6-284a-468a-893d-2ea6e87cda6b"
        ],
        "x-ms-correlation-request-id": [
          "967210e6-284a-468a-893d-2ea6e87cda6b"
        ],
        "x-ms-routing-request-id": [
          "WESTUS2:20180222T002133Z:967210e6-284a-468a-893d-2ea6e87cda6b"
        ],
        "Strict-Transport-Security": [
          "max-age=31536000; includeSubDomains"
        ],
        "Cache-Control": [
          "no-cache"
        ],
        "Date": [
          "Thu, 22 Feb 2018 00:21:33 GMT"
        ],
        "Location": [
          "https://management.azure.com/subscriptions/c9cbd920-c00c-427c-852b-8aaf38badaeb/operationresults/eyJqb2JJZCI6IlJFU09VUkNFR1JPVVBERUxFVElPTkpPQi1QT1dFUlNIRUxMVEVTVDoyRDUtV0VTVFVTIiwiam9iTG9jYXRpb24iOiJ3ZXN0dXMifQ?api-version=2016-02-01"
        ]
      },
      "StatusCode": 202
    },
    {
      "RequestUri": "/subscriptions/c9cbd920-c00c-427c-852b-8aaf38badaeb/operationresults/eyJqb2JJZCI6IlJFU09VUkNFR1JPVVBERUxFVElPTkpPQi1QT1dFUlNIRUxMVEVTVDoyRDUtV0VTVFVTIiwiam9iTG9jYXRpb24iOiJ3ZXN0dXMifQ?api-version=2016-02-01",
      "EncodedRequestUri": "L3N1YnNjcmlwdGlvbnMvYzljYmQ5MjAtYzAwYy00MjdjLTg1MmItOGFhZjM4YmFkYWViL29wZXJhdGlvbnJlc3VsdHMvZXlKcWIySkpaQ0k2SWxKRlUwOVZVa05GUjFKUFZWQkVSVXhGVkVsUFRrcFBRaTFRVDFkRlVsTklSVXhNVkVWVFZEb3lSRFV0VjBWVFZGVlRJaXdpYW05aVRHOWpZWFJwYjI0aU9pSjNaWE4wZFhNaWZRP2FwaS12ZXJzaW9uPTIwMTYtMDItMDE=",
      "RequestMethod": "GET",
      "RequestBody": "",
      "RequestHeaders": {
        "x-ms-version": [
          "2016-02-01"
        ],
        "User-Agent": [
          "Microsoft.Azure.Management.Resources.ResourceManagementClient/2.0.0.0"
        ]
      },
      "ResponseBody": "",
      "ResponseHeaders": {
        "Content-Length": [
          "0"
        ],
        "Expires": [
          "-1"
        ],
        "Pragma": [
          "no-cache"
        ],
        "Retry-After": [
          "15"
        ],
        "x-ms-ratelimit-remaining-subscription-reads": [
          "14969"
        ],
        "x-ms-request-id": [
          "3572e312-a185-4fea-a780-dfa95927a099"
        ],
        "x-ms-correlation-request-id": [
          "3572e312-a185-4fea-a780-dfa95927a099"
        ],
        "x-ms-routing-request-id": [
          "WESTUS2:20180222T002148Z:3572e312-a185-4fea-a780-dfa95927a099"
        ],
        "Strict-Transport-Security": [
          "max-age=31536000; includeSubDomains"
        ],
        "Cache-Control": [
          "no-cache"
        ],
        "Date": [
          "Thu, 22 Feb 2018 00:21:47 GMT"
        ],
        "Location": [
          "https://management.azure.com/subscriptions/c9cbd920-c00c-427c-852b-8aaf38badaeb/operationresults/eyJqb2JJZCI6IlJFU09VUkNFR1JPVVBERUxFVElPTkpPQi1QT1dFUlNIRUxMVEVTVDoyRDUtV0VTVFVTIiwiam9iTG9jYXRpb24iOiJ3ZXN0dXMifQ?api-version=2016-02-01"
        ]
      },
      "StatusCode": 202
    },
    {
      "RequestUri": "/subscriptions/c9cbd920-c00c-427c-852b-8aaf38badaeb/operationresults/eyJqb2JJZCI6IlJFU09VUkNFR1JPVVBERUxFVElPTkpPQi1QT1dFUlNIRUxMVEVTVDoyRDUtV0VTVFVTIiwiam9iTG9jYXRpb24iOiJ3ZXN0dXMifQ?api-version=2016-02-01",
      "EncodedRequestUri": "L3N1YnNjcmlwdGlvbnMvYzljYmQ5MjAtYzAwYy00MjdjLTg1MmItOGFhZjM4YmFkYWViL29wZXJhdGlvbnJlc3VsdHMvZXlKcWIySkpaQ0k2SWxKRlUwOVZVa05GUjFKUFZWQkVSVXhGVkVsUFRrcFBRaTFRVDFkRlVsTklSVXhNVkVWVFZEb3lSRFV0VjBWVFZGVlRJaXdpYW05aVRHOWpZWFJwYjI0aU9pSjNaWE4wZFhNaWZRP2FwaS12ZXJzaW9uPTIwMTYtMDItMDE=",
      "RequestMethod": "GET",
      "RequestBody": "",
      "RequestHeaders": {
        "x-ms-version": [
          "2016-02-01"
        ],
        "User-Agent": [
          "Microsoft.Azure.Management.Resources.ResourceManagementClient/2.0.0.0"
        ]
      },
      "ResponseBody": "",
      "ResponseHeaders": {
        "Content-Length": [
          "0"
        ],
        "Expires": [
          "-1"
        ],
        "Pragma": [
          "no-cache"
        ],
        "Retry-After": [
          "15"
        ],
        "x-ms-ratelimit-remaining-subscription-reads": [
          "14968"
        ],
        "x-ms-request-id": [
          "e977d744-96dd-4704-9084-cccd3f017395"
        ],
        "x-ms-correlation-request-id": [
          "e977d744-96dd-4704-9084-cccd3f017395"
        ],
        "x-ms-routing-request-id": [
          "WESTUS2:20180222T002203Z:e977d744-96dd-4704-9084-cccd3f017395"
        ],
        "Strict-Transport-Security": [
          "max-age=31536000; includeSubDomains"
        ],
        "Cache-Control": [
          "no-cache"
        ],
        "Date": [
          "Thu, 22 Feb 2018 00:22:03 GMT"
        ],
        "Location": [
          "https://management.azure.com/subscriptions/c9cbd920-c00c-427c-852b-8aaf38badaeb/operationresults/eyJqb2JJZCI6IlJFU09VUkNFR1JPVVBERUxFVElPTkpPQi1QT1dFUlNIRUxMVEVTVDoyRDUtV0VTVFVTIiwiam9iTG9jYXRpb24iOiJ3ZXN0dXMifQ?api-version=2016-02-01"
        ]
      },
      "StatusCode": 202
    },
    {
      "RequestUri": "/subscriptions/c9cbd920-c00c-427c-852b-8aaf38badaeb/operationresults/eyJqb2JJZCI6IlJFU09VUkNFR1JPVVBERUxFVElPTkpPQi1QT1dFUlNIRUxMVEVTVDoyRDUtV0VTVFVTIiwiam9iTG9jYXRpb24iOiJ3ZXN0dXMifQ?api-version=2016-02-01",
      "EncodedRequestUri": "L3N1YnNjcmlwdGlvbnMvYzljYmQ5MjAtYzAwYy00MjdjLTg1MmItOGFhZjM4YmFkYWViL29wZXJhdGlvbnJlc3VsdHMvZXlKcWIySkpaQ0k2SWxKRlUwOVZVa05GUjFKUFZWQkVSVXhGVkVsUFRrcFBRaTFRVDFkRlVsTklSVXhNVkVWVFZEb3lSRFV0VjBWVFZGVlRJaXdpYW05aVRHOWpZWFJwYjI0aU9pSjNaWE4wZFhNaWZRP2FwaS12ZXJzaW9uPTIwMTYtMDItMDE=",
      "RequestMethod": "GET",
      "RequestBody": "",
      "RequestHeaders": {
        "x-ms-version": [
          "2016-02-01"
        ],
        "User-Agent": [
          "Microsoft.Azure.Management.Resources.ResourceManagementClient/2.0.0.0"
        ]
      },
      "ResponseBody": "",
      "ResponseHeaders": {
        "Content-Length": [
          "0"
        ],
        "Expires": [
          "-1"
        ],
        "Pragma": [
          "no-cache"
        ],
        "Retry-After": [
          "15"
        ],
        "x-ms-ratelimit-remaining-subscription-reads": [
          "14967"
        ],
        "x-ms-request-id": [
          "97afa107-70e6-49e5-ad21-1fd18b71ef3f"
        ],
        "x-ms-correlation-request-id": [
          "97afa107-70e6-49e5-ad21-1fd18b71ef3f"
        ],
        "x-ms-routing-request-id": [
          "WESTUS2:20180222T002218Z:97afa107-70e6-49e5-ad21-1fd18b71ef3f"
        ],
        "Strict-Transport-Security": [
          "max-age=31536000; includeSubDomains"
        ],
        "Cache-Control": [
          "no-cache"
        ],
        "Date": [
          "Thu, 22 Feb 2018 00:22:18 GMT"
        ],
        "Location": [
          "https://management.azure.com/subscriptions/c9cbd920-c00c-427c-852b-8aaf38badaeb/operationresults/eyJqb2JJZCI6IlJFU09VUkNFR1JPVVBERUxFVElPTkpPQi1QT1dFUlNIRUxMVEVTVDoyRDUtV0VTVFVTIiwiam9iTG9jYXRpb24iOiJ3ZXN0dXMifQ?api-version=2016-02-01"
        ]
      },
      "StatusCode": 202
    },
    {
      "RequestUri": "/subscriptions/c9cbd920-c00c-427c-852b-8aaf38badaeb/operationresults/eyJqb2JJZCI6IlJFU09VUkNFR1JPVVBERUxFVElPTkpPQi1QT1dFUlNIRUxMVEVTVDoyRDUtV0VTVFVTIiwiam9iTG9jYXRpb24iOiJ3ZXN0dXMifQ?api-version=2016-02-01",
      "EncodedRequestUri": "L3N1YnNjcmlwdGlvbnMvYzljYmQ5MjAtYzAwYy00MjdjLTg1MmItOGFhZjM4YmFkYWViL29wZXJhdGlvbnJlc3VsdHMvZXlKcWIySkpaQ0k2SWxKRlUwOVZVa05GUjFKUFZWQkVSVXhGVkVsUFRrcFBRaTFRVDFkRlVsTklSVXhNVkVWVFZEb3lSRFV0VjBWVFZGVlRJaXdpYW05aVRHOWpZWFJwYjI0aU9pSjNaWE4wZFhNaWZRP2FwaS12ZXJzaW9uPTIwMTYtMDItMDE=",
      "RequestMethod": "GET",
      "RequestBody": "",
      "RequestHeaders": {
        "x-ms-version": [
          "2016-02-01"
        ],
        "User-Agent": [
          "Microsoft.Azure.Management.Resources.ResourceManagementClient/2.0.0.0"
        ]
      },
      "ResponseBody": "",
      "ResponseHeaders": {
        "Content-Length": [
          "0"
        ],
        "Expires": [
          "-1"
        ],
        "Pragma": [
          "no-cache"
        ],
        "Retry-After": [
          "15"
        ],
        "x-ms-ratelimit-remaining-subscription-reads": [
          "14966"
        ],
        "x-ms-request-id": [
          "ec62dc96-acfb-41f4-9e59-877b847e79c7"
        ],
        "x-ms-correlation-request-id": [
          "ec62dc96-acfb-41f4-9e59-877b847e79c7"
        ],
        "x-ms-routing-request-id": [
          "WESTUS2:20180222T002233Z:ec62dc96-acfb-41f4-9e59-877b847e79c7"
        ],
        "Strict-Transport-Security": [
          "max-age=31536000; includeSubDomains"
        ],
        "Cache-Control": [
          "no-cache"
        ],
        "Date": [
          "Thu, 22 Feb 2018 00:22:33 GMT"
        ],
        "Location": [
          "https://management.azure.com/subscriptions/c9cbd920-c00c-427c-852b-8aaf38badaeb/operationresults/eyJqb2JJZCI6IlJFU09VUkNFR1JPVVBERUxFVElPTkpPQi1QT1dFUlNIRUxMVEVTVDoyRDUtV0VTVFVTIiwiam9iTG9jYXRpb24iOiJ3ZXN0dXMifQ?api-version=2016-02-01"
        ]
      },
      "StatusCode": 202
    },
    {
      "RequestUri": "/subscriptions/c9cbd920-c00c-427c-852b-8aaf38badaeb/operationresults/eyJqb2JJZCI6IlJFU09VUkNFR1JPVVBERUxFVElPTkpPQi1QT1dFUlNIRUxMVEVTVDoyRDUtV0VTVFVTIiwiam9iTG9jYXRpb24iOiJ3ZXN0dXMifQ?api-version=2016-02-01",
      "EncodedRequestUri": "L3N1YnNjcmlwdGlvbnMvYzljYmQ5MjAtYzAwYy00MjdjLTg1MmItOGFhZjM4YmFkYWViL29wZXJhdGlvbnJlc3VsdHMvZXlKcWIySkpaQ0k2SWxKRlUwOVZVa05GUjFKUFZWQkVSVXhGVkVsUFRrcFBRaTFRVDFkRlVsTklSVXhNVkVWVFZEb3lSRFV0VjBWVFZGVlRJaXdpYW05aVRHOWpZWFJwYjI0aU9pSjNaWE4wZFhNaWZRP2FwaS12ZXJzaW9uPTIwMTYtMDItMDE=",
      "RequestMethod": "GET",
      "RequestBody": "",
      "RequestHeaders": {
        "x-ms-version": [
          "2016-02-01"
        ],
        "User-Agent": [
          "Microsoft.Azure.Management.Resources.ResourceManagementClient/2.0.0.0"
        ]
      },
      "ResponseBody": "",
      "ResponseHeaders": {
        "Content-Length": [
          "0"
        ],
        "Expires": [
          "-1"
        ],
        "Pragma": [
          "no-cache"
        ],
        "x-ms-ratelimit-remaining-subscription-reads": [
          "14965"
        ],
        "x-ms-request-id": [
          "e8c3503e-e65d-4417-87b4-d7c446729399"
        ],
        "x-ms-correlation-request-id": [
          "e8c3503e-e65d-4417-87b4-d7c446729399"
        ],
        "x-ms-routing-request-id": [
          "WESTUS2:20180222T002249Z:e8c3503e-e65d-4417-87b4-d7c446729399"
        ],
        "Strict-Transport-Security": [
          "max-age=31536000; includeSubDomains"
        ],
        "Cache-Control": [
          "no-cache"
        ],
        "Date": [
          "Thu, 22 Feb 2018 00:22:49 GMT"
        ]
      },
      "StatusCode": 200
    }
  ],
  "Names": {},
  "Variables": {
    "SubscriptionId": "c9cbd920-c00c-427c-852b-8aaf38badaeb"
  }
}