{
  "Entries": [
    {
      "RequestUri": "/subscriptions/e638312d-094f-40fd-a2cc-579fe8490bbd/resourceGroups/MyResourceGroup/providers/Microsoft.Cache/Redis/powershelltest?api-version=2014-04-01-preview",
      "EncodedRequestUri": "L3N1YnNjcmlwdGlvbnMvZTYzODMxMmQtMDk0Zi00MGZkLWEyY2MtNTc5ZmU4NDkwYmJkL3Jlc291cmNlR3JvdXBzL015UmVzb3VyY2VHcm91cC9wcm92aWRlcnMvTWljcm9zb2Z0LkNhY2hlL1JlZGlzL3Bvd2Vyc2hlbGx0ZXN0P2FwaS12ZXJzaW9uPTIwMTQtMDQtMDEtcHJldmlldw==",
      "RequestMethod": "GET",
      "RequestBody": "",
      "RequestHeaders": {
        "User-Agent": [
          "Microsoft.Azure.Management.Redis.RedisManagementClient/0.9.0.0"
        ]
      },
      "ResponseBody": "{\r\n  \"error\": {\r\n    \"code\": \"ResourceNotFound\",\r\n    \"message\": \"Resource not found.\"\r\n  }\r\n}",
      "ResponseHeaders": {
        "Content-Length": [
          "69"
        ],
        "Content-Type": [
          "application/json; charset=utf-8"
        ],
        "Expires": [
          "-1"
        ],
        "Pragma": [
          "no-cache"
        ],
        "x-ms-request-id": [
          "7ccc937c-473e-4b74-b904-a3041602c0c2"
        ],
        "x-ms-correlation-request-id": [
          "7ccc937c-473e-4b74-b904-a3041602c0c2"
        ],
        "x-ms-routing-request-id": [
          "WESTUS:20141112T221854Z:7ccc937c-473e-4b74-b904-a3041602c0c2"
        ],
        "Strict-Transport-Security": [
          "max-age=31536000; includeSubDomains"
        ],
        "Cache-Control": [
          "no-cache"
        ],
        "Date": [
          "Wed, 12 Nov 2014 22:18:54 GMT"
        ]
      },
      "StatusCode": 404
    },
    {
      "RequestUri": "/subscriptions/e638312d-094f-40fd-a2cc-579fe8490bbd/resourceGroups/MyResourceGroup/providers/Microsoft.Cache/Redis/powershelltest?api-version=2014-04-01-preview",
      "EncodedRequestUri": "L3N1YnNjcmlwdGlvbnMvZTYzODMxMmQtMDk0Zi00MGZkLWEyY2MtNTc5ZmU4NDkwYmJkL3Jlc291cmNlR3JvdXBzL015UmVzb3VyY2VHcm91cC9wcm92aWRlcnMvTWljcm9zb2Z0LkNhY2hlL1JlZGlzL3Bvd2Vyc2hlbGx0ZXN0P2FwaS12ZXJzaW9uPTIwMTQtMDQtMDEtcHJldmlldw==",
      "RequestMethod": "GET",
      "RequestBody": "",
      "RequestHeaders": {
        "User-Agent": [
          "Microsoft.Azure.Management.Redis.RedisManagementClient/0.9.0.0"
        ]
      },
      "ResponseBody": "{\r\n  \"id\": \"/subscriptions/e638312d-094f-40fd-a2cc-579fe8490bbd/resourceGroups/MyResourceGroup/providers/Microsoft.Cache/Redis/powershelltest\",\r\n  \"location\": \"North Central US\",\r\n  \"name\": \"powershelltest\",\r\n  \"type\": \"Microsoft.Cache/Redis\",\r\n  \"tags\": null,\r\n  \"properties\": {\r\n    \"provisioningState\": \"Creating\",\r\n    \"redisVersion\": \"2.8\",\r\n    \"sku\": {\r\n      \"name\": \"Basic\",\r\n      \"family\": \"C\",\r\n      \"capacity\": 0\r\n    },\r\n    \"enableNonSslPort\": false,\r\n    \"maxMemoryPolicy\": null,\r\n    \"accessKeys\": null,\r\n    \"hostName\": \"powershelltest.redis.cache.windows.net\",\r\n    \"port\": 6379,\r\n    \"sslPort\": 6380\r\n  }\r\n}",
      "ResponseHeaders": {
        "Content-Length": [
          "496"
        ],
        "Content-Type": [
          "application/json; charset=utf-8"
        ],
        "Expires": [
          "-1"
        ],
        "Pragma": [
          "no-cache"
        ],
        "x-ms-request-id": [
          "670a7dc8-065b-4daf-a5a9-b9aeda426631"
        ],
        "x-rp-server-mvid": [
          "a381990d-ae56-4d98-bbbe-57915ba00903"
        ],
        "Strict-Transport-Security": [
          "max-age=31536000; includeSubDomains"
        ],
        "x-ms-ratelimit-remaining-subscription-reads": [
          "799972"
        ],
        "x-ms-correlation-request-id": [
          "c6e4beb9-3f44-446b-a282-82080b4a3c23"
        ],
        "x-ms-routing-request-id": [
          "WESTUS:20141112T221927Z:c6e4beb9-3f44-446b-a282-82080b4a3c23"
        ],
        "Cache-Control": [
          "no-cache"
        ],
        "Date": [
          "Wed, 12 Nov 2014 22:19:26 GMT"
        ],
        "Server": [
          "Microsoft-HTTPAPI/2.0"
        ]
      },
      "StatusCode": 200
    },
    {
      "RequestUri": "/subscriptions/e638312d-094f-40fd-a2cc-579fe8490bbd/resourceGroups/MyResourceGroup/providers/Microsoft.Cache/Redis/powershelltest?api-version=2014-04-01-preview",
      "EncodedRequestUri": "L3N1YnNjcmlwdGlvbnMvZTYzODMxMmQtMDk0Zi00MGZkLWEyY2MtNTc5ZmU4NDkwYmJkL3Jlc291cmNlR3JvdXBzL015UmVzb3VyY2VHcm91cC9wcm92aWRlcnMvTWljcm9zb2Z0LkNhY2hlL1JlZGlzL3Bvd2Vyc2hlbGx0ZXN0P2FwaS12ZXJzaW9uPTIwMTQtMDQtMDEtcHJldmlldw==",
      "RequestMethod": "GET",
      "RequestBody": "",
      "RequestHeaders": {
        "User-Agent": [
          "Microsoft.Azure.Management.Redis.RedisManagementClient/0.9.0.0"
        ]
      },
      "ResponseBody": "{\r\n  \"id\": \"/subscriptions/e638312d-094f-40fd-a2cc-579fe8490bbd/resourceGroups/MyResourceGroup/providers/Microsoft.Cache/Redis/powershelltest\",\r\n  \"location\": \"North Central US\",\r\n  \"name\": \"powershelltest\",\r\n  \"type\": \"Microsoft.Cache/Redis\",\r\n  \"tags\": null,\r\n  \"properties\": {\r\n    \"provisioningState\": \"Creating\",\r\n    \"redisVersion\": \"2.8\",\r\n    \"sku\": {\r\n      \"name\": \"Basic\",\r\n      \"family\": \"C\",\r\n      \"capacity\": 0\r\n    },\r\n    \"enableNonSslPort\": false,\r\n    \"maxMemoryPolicy\": null,\r\n    \"accessKeys\": null,\r\n    \"hostName\": \"powershelltest.redis.cache.windows.net\",\r\n    \"port\": 6379,\r\n    \"sslPort\": 6380\r\n  }\r\n}",
      "ResponseHeaders": {
        "Content-Length": [
          "496"
        ],
        "Content-Type": [
          "application/json; charset=utf-8"
        ],
        "Expires": [
          "-1"
        ],
        "Pragma": [
          "no-cache"
        ],
        "x-ms-request-id": [
          "8b8a61ba-f8dc-49c1-8c95-667b32a76171"
        ],
        "x-rp-server-mvid": [
          "a381990d-ae56-4d98-bbbe-57915ba00903"
        ],
        "Strict-Transport-Security": [
          "max-age=31536000; includeSubDomains"
        ],
        "x-ms-ratelimit-remaining-subscription-reads": [
          "799971"
        ],
        "x-ms-correlation-request-id": [
          "c44d8181-ee75-4b79-949d-1fd42cc30586"
        ],
        "x-ms-routing-request-id": [
          "WESTUS:20141112T221957Z:c44d8181-ee75-4b79-949d-1fd42cc30586"
        ],
        "Cache-Control": [
          "no-cache"
        ],
        "Date": [
          "Wed, 12 Nov 2014 22:19:56 GMT"
        ],
        "Server": [
          "Microsoft-HTTPAPI/2.0"
        ]
      },
      "StatusCode": 200
    },
    {
      "RequestUri": "/subscriptions/e638312d-094f-40fd-a2cc-579fe8490bbd/resourceGroups/MyResourceGroup/providers/Microsoft.Cache/Redis/powershelltest?api-version=2014-04-01-preview",
      "EncodedRequestUri": "L3N1YnNjcmlwdGlvbnMvZTYzODMxMmQtMDk0Zi00MGZkLWEyY2MtNTc5ZmU4NDkwYmJkL3Jlc291cmNlR3JvdXBzL015UmVzb3VyY2VHcm91cC9wcm92aWRlcnMvTWljcm9zb2Z0LkNhY2hlL1JlZGlzL3Bvd2Vyc2hlbGx0ZXN0P2FwaS12ZXJzaW9uPTIwMTQtMDQtMDEtcHJldmlldw==",
      "RequestMethod": "GET",
      "RequestBody": "",
      "RequestHeaders": {
        "User-Agent": [
          "Microsoft.Azure.Management.Redis.RedisManagementClient/0.9.0.0"
        ]
      },
      "ResponseBody": "{\r\n  \"id\": \"/subscriptions/e638312d-094f-40fd-a2cc-579fe8490bbd/resourceGroups/MyResourceGroup/providers/Microsoft.Cache/Redis/powershelltest\",\r\n  \"location\": \"North Central US\",\r\n  \"name\": \"powershelltest\",\r\n  \"type\": \"Microsoft.Cache/Redis\",\r\n  \"tags\": null,\r\n  \"properties\": {\r\n    \"provisioningState\": \"Creating\",\r\n    \"redisVersion\": \"2.8\",\r\n    \"sku\": {\r\n      \"name\": \"Basic\",\r\n      \"family\": \"C\",\r\n      \"capacity\": 0\r\n    },\r\n    \"enableNonSslPort\": false,\r\n    \"maxMemoryPolicy\": null,\r\n    \"accessKeys\": null,\r\n    \"hostName\": \"powershelltest.redis.cache.windows.net\",\r\n    \"port\": 6379,\r\n    \"sslPort\": 6380\r\n  }\r\n}",
      "ResponseHeaders": {
        "Content-Length": [
          "496"
        ],
        "Content-Type": [
          "application/json; charset=utf-8"
        ],
        "Expires": [
          "-1"
        ],
        "Pragma": [
          "no-cache"
        ],
        "x-ms-request-id": [
          "fd04eacd-2f92-4c92-a8ef-3be1a445b3c3"
        ],
        "x-rp-server-mvid": [
          "a381990d-ae56-4d98-bbbe-57915ba00903"
        ],
        "Strict-Transport-Security": [
          "max-age=31536000; includeSubDomains"
        ],
        "x-ms-ratelimit-remaining-subscription-reads": [
          "799969"
        ],
        "x-ms-correlation-request-id": [
          "947c75f0-96a8-4cec-86f5-42acaf70de7e"
        ],
        "x-ms-routing-request-id": [
          "WESTUS:20141112T222027Z:947c75f0-96a8-4cec-86f5-42acaf70de7e"
        ],
        "Cache-Control": [
          "no-cache"
        ],
        "Date": [
          "Wed, 12 Nov 2014 22:20:26 GMT"
        ],
        "Server": [
          "Microsoft-HTTPAPI/2.0"
        ]
      },
      "StatusCode": 200
    },
    {
      "RequestUri": "/subscriptions/e638312d-094f-40fd-a2cc-579fe8490bbd/resourceGroups/MyResourceGroup/providers/Microsoft.Cache/Redis/powershelltest?api-version=2014-04-01-preview",
      "EncodedRequestUri": "L3N1YnNjcmlwdGlvbnMvZTYzODMxMmQtMDk0Zi00MGZkLWEyY2MtNTc5ZmU4NDkwYmJkL3Jlc291cmNlR3JvdXBzL015UmVzb3VyY2VHcm91cC9wcm92aWRlcnMvTWljcm9zb2Z0LkNhY2hlL1JlZGlzL3Bvd2Vyc2hlbGx0ZXN0P2FwaS12ZXJzaW9uPTIwMTQtMDQtMDEtcHJldmlldw==",
      "RequestMethod": "GET",
      "RequestBody": "",
      "RequestHeaders": {
        "User-Agent": [
          "Microsoft.Azure.Management.Redis.RedisManagementClient/0.9.0.0"
        ]
      },
      "ResponseBody": "{\r\n  \"id\": \"/subscriptions/e638312d-094f-40fd-a2cc-579fe8490bbd/resourceGroups/MyResourceGroup/providers/Microsoft.Cache/Redis/powershelltest\",\r\n  \"location\": \"North Central US\",\r\n  \"name\": \"powershelltest\",\r\n  \"type\": \"Microsoft.Cache/Redis\",\r\n  \"tags\": null,\r\n  \"properties\": {\r\n    \"provisioningState\": \"Creating\",\r\n    \"redisVersion\": \"2.8\",\r\n    \"sku\": {\r\n      \"name\": \"Basic\",\r\n      \"family\": \"C\",\r\n      \"capacity\": 0\r\n    },\r\n    \"enableNonSslPort\": false,\r\n    \"maxMemoryPolicy\": null,\r\n    \"accessKeys\": null,\r\n    \"hostName\": \"powershelltest.redis.cache.windows.net\",\r\n    \"port\": 6379,\r\n    \"sslPort\": 6380\r\n  }\r\n}",
      "ResponseHeaders": {
        "Content-Length": [
          "496"
        ],
        "Content-Type": [
          "application/json; charset=utf-8"
        ],
        "Expires": [
          "-1"
        ],
        "Pragma": [
          "no-cache"
        ],
        "x-ms-request-id": [
          "6bc33d59-d11c-4722-8d21-faf9d9d277af"
        ],
        "x-rp-server-mvid": [
          "a381990d-ae56-4d98-bbbe-57915ba00903"
        ],
        "Strict-Transport-Security": [
          "max-age=31536000; includeSubDomains"
        ],
        "x-ms-ratelimit-remaining-subscription-reads": [
          "799968"
        ],
        "x-ms-correlation-request-id": [
          "3886041c-a9ed-4e5f-9472-7b7c74faab8e"
        ],
        "x-ms-routing-request-id": [
          "WESTUS:20141112T222057Z:3886041c-a9ed-4e5f-9472-7b7c74faab8e"
        ],
        "Cache-Control": [
          "no-cache"
        ],
        "Date": [
          "Wed, 12 Nov 2014 22:20:57 GMT"
        ],
        "Server": [
          "Microsoft-HTTPAPI/2.0"
        ]
      },
      "StatusCode": 200
    },
    {
      "RequestUri": "/subscriptions/e638312d-094f-40fd-a2cc-579fe8490bbd/resourceGroups/MyResourceGroup/providers/Microsoft.Cache/Redis/powershelltest?api-version=2014-04-01-preview",
      "EncodedRequestUri": "L3N1YnNjcmlwdGlvbnMvZTYzODMxMmQtMDk0Zi00MGZkLWEyY2MtNTc5ZmU4NDkwYmJkL3Jlc291cmNlR3JvdXBzL015UmVzb3VyY2VHcm91cC9wcm92aWRlcnMvTWljcm9zb2Z0LkNhY2hlL1JlZGlzL3Bvd2Vyc2hlbGx0ZXN0P2FwaS12ZXJzaW9uPTIwMTQtMDQtMDEtcHJldmlldw==",
      "RequestMethod": "GET",
      "RequestBody": "",
      "RequestHeaders": {
        "User-Agent": [
          "Microsoft.Azure.Management.Redis.RedisManagementClient/0.9.0.0"
        ]
      },
      "ResponseBody": "{\r\n  \"id\": \"/subscriptions/e638312d-094f-40fd-a2cc-579fe8490bbd/resourceGroups/MyResourceGroup/providers/Microsoft.Cache/Redis/powershelltest\",\r\n  \"location\": \"North Central US\",\r\n  \"name\": \"powershelltest\",\r\n  \"type\": \"Microsoft.Cache/Redis\",\r\n  \"tags\": null,\r\n  \"properties\": {\r\n    \"provisioningState\": \"Creating\",\r\n    \"redisVersion\": \"2.8\",\r\n    \"sku\": {\r\n      \"name\": \"Basic\",\r\n      \"family\": \"C\",\r\n      \"capacity\": 0\r\n    },\r\n    \"enableNonSslPort\": false,\r\n    \"maxMemoryPolicy\": null,\r\n    \"accessKeys\": null,\r\n    \"hostName\": \"powershelltest.redis.cache.windows.net\",\r\n    \"port\": 6379,\r\n    \"sslPort\": 6380\r\n  }\r\n}",
      "ResponseHeaders": {
        "Content-Length": [
          "496"
        ],
        "Content-Type": [
          "application/json; charset=utf-8"
        ],
        "Expires": [
          "-1"
        ],
        "Pragma": [
          "no-cache"
        ],
        "x-ms-request-id": [
          "27171224-5539-4d3e-a177-9c5004e85a5f"
        ],
        "x-rp-server-mvid": [
          "a381990d-ae56-4d98-bbbe-57915ba00903"
        ],
        "Strict-Transport-Security": [
          "max-age=31536000; includeSubDomains"
        ],
        "x-ms-ratelimit-remaining-subscription-reads": [
          "799967"
        ],
        "x-ms-correlation-request-id": [
          "ad9ea387-d53b-4407-a26d-6fe104f7d69b"
        ],
        "x-ms-routing-request-id": [
          "WESTUS:20141112T222127Z:ad9ea387-d53b-4407-a26d-6fe104f7d69b"
        ],
        "Cache-Control": [
          "no-cache"
        ],
        "Date": [
          "Wed, 12 Nov 2014 22:21:27 GMT"
        ],
        "Server": [
          "Microsoft-HTTPAPI/2.0"
        ]
      },
      "StatusCode": 200
    },
    {
      "RequestUri": "/subscriptions/e638312d-094f-40fd-a2cc-579fe8490bbd/resourceGroups/MyResourceGroup/providers/Microsoft.Cache/Redis/powershelltest?api-version=2014-04-01-preview",
      "EncodedRequestUri": "L3N1YnNjcmlwdGlvbnMvZTYzODMxMmQtMDk0Zi00MGZkLWEyY2MtNTc5ZmU4NDkwYmJkL3Jlc291cmNlR3JvdXBzL015UmVzb3VyY2VHcm91cC9wcm92aWRlcnMvTWljcm9zb2Z0LkNhY2hlL1JlZGlzL3Bvd2Vyc2hlbGx0ZXN0P2FwaS12ZXJzaW9uPTIwMTQtMDQtMDEtcHJldmlldw==",
      "RequestMethod": "GET",
      "RequestBody": "",
      "RequestHeaders": {
        "User-Agent": [
          "Microsoft.Azure.Management.Redis.RedisManagementClient/0.9.0.0"
        ]
      },
      "ResponseBody": "{\r\n  \"id\": \"/subscriptions/e638312d-094f-40fd-a2cc-579fe8490bbd/resourceGroups/MyResourceGroup/providers/Microsoft.Cache/Redis/powershelltest\",\r\n  \"location\": \"North Central US\",\r\n  \"name\": \"powershelltest\",\r\n  \"type\": \"Microsoft.Cache/Redis\",\r\n  \"tags\": null,\r\n  \"properties\": {\r\n    \"provisioningState\": \"Creating\",\r\n    \"redisVersion\": \"2.8\",\r\n    \"sku\": {\r\n      \"name\": \"Basic\",\r\n      \"family\": \"C\",\r\n      \"capacity\": 0\r\n    },\r\n    \"enableNonSslPort\": false,\r\n    \"maxMemoryPolicy\": null,\r\n    \"accessKeys\": null,\r\n    \"hostName\": \"powershelltest.redis.cache.windows.net\",\r\n    \"port\": 6379,\r\n    \"sslPort\": 6380\r\n  }\r\n}",
      "ResponseHeaders": {
        "Content-Length": [
          "496"
        ],
        "Content-Type": [
          "application/json; charset=utf-8"
        ],
        "Expires": [
          "-1"
        ],
        "Pragma": [
          "no-cache"
        ],
        "x-ms-request-id": [
          "f7a505e8-8c03-41df-9b62-ef48b2df66de"
        ],
        "x-rp-server-mvid": [
          "a381990d-ae56-4d98-bbbe-57915ba00903"
        ],
        "Strict-Transport-Security": [
          "max-age=31536000; includeSubDomains"
        ],
        "x-ms-ratelimit-remaining-subscription-reads": [
          "799966"
        ],
        "x-ms-correlation-request-id": [
          "d8907223-cf55-4369-b514-48759dbb4adf"
        ],
        "x-ms-routing-request-id": [
          "WESTUS:20141112T222157Z:d8907223-cf55-4369-b514-48759dbb4adf"
        ],
        "Cache-Control": [
          "no-cache"
        ],
        "Date": [
          "Wed, 12 Nov 2014 22:21:57 GMT"
        ],
        "Server": [
          "Microsoft-HTTPAPI/2.0"
        ]
      },
      "StatusCode": 200
    },
    {
      "RequestUri": "/subscriptions/e638312d-094f-40fd-a2cc-579fe8490bbd/resourceGroups/MyResourceGroup/providers/Microsoft.Cache/Redis/powershelltest?api-version=2014-04-01-preview",
      "EncodedRequestUri": "L3N1YnNjcmlwdGlvbnMvZTYzODMxMmQtMDk0Zi00MGZkLWEyY2MtNTc5ZmU4NDkwYmJkL3Jlc291cmNlR3JvdXBzL015UmVzb3VyY2VHcm91cC9wcm92aWRlcnMvTWljcm9zb2Z0LkNhY2hlL1JlZGlzL3Bvd2Vyc2hlbGx0ZXN0P2FwaS12ZXJzaW9uPTIwMTQtMDQtMDEtcHJldmlldw==",
      "RequestMethod": "GET",
      "RequestBody": "",
      "RequestHeaders": {
        "User-Agent": [
          "Microsoft.Azure.Management.Redis.RedisManagementClient/0.9.0.0"
        ]
      },
      "ResponseBody": "{\r\n  \"id\": \"/subscriptions/e638312d-094f-40fd-a2cc-579fe8490bbd/resourceGroups/MyResourceGroup/providers/Microsoft.Cache/Redis/powershelltest\",\r\n  \"location\": \"North Central US\",\r\n  \"name\": \"powershelltest\",\r\n  \"type\": \"Microsoft.Cache/Redis\",\r\n  \"tags\": null,\r\n  \"properties\": {\r\n    \"provisioningState\": \"Creating\",\r\n    \"redisVersion\": \"2.8\",\r\n    \"sku\": {\r\n      \"name\": \"Basic\",\r\n      \"family\": \"C\",\r\n      \"capacity\": 0\r\n    },\r\n    \"enableNonSslPort\": false,\r\n    \"maxMemoryPolicy\": null,\r\n    \"accessKeys\": null,\r\n    \"hostName\": \"powershelltest.redis.cache.windows.net\",\r\n    \"port\": 6379,\r\n    \"sslPort\": 6380\r\n  }\r\n}",
      "ResponseHeaders": {
        "Content-Length": [
          "496"
        ],
        "Content-Type": [
          "application/json; charset=utf-8"
        ],
        "Expires": [
          "-1"
        ],
        "Pragma": [
          "no-cache"
        ],
        "x-ms-request-id": [
          "0b766818-76c5-4fae-b024-9c1270cb2815"
        ],
        "x-rp-server-mvid": [
          "a381990d-ae56-4d98-bbbe-57915ba00903"
        ],
        "Strict-Transport-Security": [
          "max-age=31536000; includeSubDomains"
        ],
        "x-ms-ratelimit-remaining-subscription-reads": [
          "799965"
        ],
        "x-ms-correlation-request-id": [
          "dc1964cd-18c7-4118-b24c-3bac4e17eb66"
        ],
        "x-ms-routing-request-id": [
          "WESTUS:20141112T222227Z:dc1964cd-18c7-4118-b24c-3bac4e17eb66"
        ],
        "Cache-Control": [
          "no-cache"
        ],
        "Date": [
          "Wed, 12 Nov 2014 22:22:27 GMT"
        ],
        "Server": [
          "Microsoft-HTTPAPI/2.0"
        ]
      },
      "StatusCode": 200
    },
    {
      "RequestUri": "/subscriptions/e638312d-094f-40fd-a2cc-579fe8490bbd/resourceGroups/MyResourceGroup/providers/Microsoft.Cache/Redis/powershelltest?api-version=2014-04-01-preview",
      "EncodedRequestUri": "L3N1YnNjcmlwdGlvbnMvZTYzODMxMmQtMDk0Zi00MGZkLWEyY2MtNTc5ZmU4NDkwYmJkL3Jlc291cmNlR3JvdXBzL015UmVzb3VyY2VHcm91cC9wcm92aWRlcnMvTWljcm9zb2Z0LkNhY2hlL1JlZGlzL3Bvd2Vyc2hlbGx0ZXN0P2FwaS12ZXJzaW9uPTIwMTQtMDQtMDEtcHJldmlldw==",
      "RequestMethod": "GET",
      "RequestBody": "",
      "RequestHeaders": {
        "User-Agent": [
          "Microsoft.Azure.Management.Redis.RedisManagementClient/0.9.0.0"
        ]
      },
      "ResponseBody": "{\r\n  \"id\": \"/subscriptions/e638312d-094f-40fd-a2cc-579fe8490bbd/resourceGroups/MyResourceGroup/providers/Microsoft.Cache/Redis/powershelltest\",\r\n  \"location\": \"North Central US\",\r\n  \"name\": \"powershelltest\",\r\n  \"type\": \"Microsoft.Cache/Redis\",\r\n  \"tags\": null,\r\n  \"properties\": {\r\n    \"provisioningState\": \"Creating\",\r\n    \"redisVersion\": \"2.8\",\r\n    \"sku\": {\r\n      \"name\": \"Basic\",\r\n      \"family\": \"C\",\r\n      \"capacity\": 0\r\n    },\r\n    \"enableNonSslPort\": false,\r\n    \"maxMemoryPolicy\": null,\r\n    \"accessKeys\": null,\r\n    \"hostName\": \"powershelltest.redis.cache.windows.net\",\r\n    \"port\": 6379,\r\n    \"sslPort\": 6380\r\n  }\r\n}",
      "ResponseHeaders": {
        "Content-Length": [
          "496"
        ],
        "Content-Type": [
          "application/json; charset=utf-8"
        ],
        "Expires": [
          "-1"
        ],
        "Pragma": [
          "no-cache"
        ],
        "x-ms-request-id": [
          "84165d5e-ad63-4cb6-aa59-7e862bd8e1e2"
        ],
        "x-rp-server-mvid": [
          "a381990d-ae56-4d98-bbbe-57915ba00903"
        ],
        "Strict-Transport-Security": [
          "max-age=31536000; includeSubDomains"
        ],
        "x-ms-ratelimit-remaining-subscription-reads": [
          "799964"
        ],
        "x-ms-correlation-request-id": [
          "90fa6bc3-a42f-4c8d-ab25-53afb31f5dd2"
        ],
        "x-ms-routing-request-id": [
          "WESTUS:20141112T222258Z:90fa6bc3-a42f-4c8d-ab25-53afb31f5dd2"
        ],
        "Cache-Control": [
          "no-cache"
        ],
        "Date": [
          "Wed, 12 Nov 2014 22:22:57 GMT"
        ],
        "Server": [
          "Microsoft-HTTPAPI/2.0"
        ]
      },
      "StatusCode": 200
    },
    {
      "RequestUri": "/subscriptions/e638312d-094f-40fd-a2cc-579fe8490bbd/resourceGroups/MyResourceGroup/providers/Microsoft.Cache/Redis/powershelltest?api-version=2014-04-01-preview",
      "EncodedRequestUri": "L3N1YnNjcmlwdGlvbnMvZTYzODMxMmQtMDk0Zi00MGZkLWEyY2MtNTc5ZmU4NDkwYmJkL3Jlc291cmNlR3JvdXBzL015UmVzb3VyY2VHcm91cC9wcm92aWRlcnMvTWljcm9zb2Z0LkNhY2hlL1JlZGlzL3Bvd2Vyc2hlbGx0ZXN0P2FwaS12ZXJzaW9uPTIwMTQtMDQtMDEtcHJldmlldw==",
      "RequestMethod": "GET",
      "RequestBody": "",
      "RequestHeaders": {
        "User-Agent": [
          "Microsoft.Azure.Management.Redis.RedisManagementClient/0.9.0.0"
        ]
      },
      "ResponseBody": "{\r\n  \"id\": \"/subscriptions/e638312d-094f-40fd-a2cc-579fe8490bbd/resourceGroups/MyResourceGroup/providers/Microsoft.Cache/Redis/powershelltest\",\r\n  \"location\": \"North Central US\",\r\n  \"name\": \"powershelltest\",\r\n  \"type\": \"Microsoft.Cache/Redis\",\r\n  \"tags\": null,\r\n  \"properties\": {\r\n    \"provisioningState\": \"Creating\",\r\n    \"redisVersion\": \"2.8\",\r\n    \"sku\": {\r\n      \"name\": \"Basic\",\r\n      \"family\": \"C\",\r\n      \"capacity\": 0\r\n    },\r\n    \"enableNonSslPort\": false,\r\n    \"maxMemoryPolicy\": null,\r\n    \"accessKeys\": null,\r\n    \"hostName\": \"powershelltest.redis.cache.windows.net\",\r\n    \"port\": 6379,\r\n    \"sslPort\": 6380\r\n  }\r\n}",
      "ResponseHeaders": {
        "Content-Length": [
          "496"
        ],
        "Content-Type": [
          "application/json; charset=utf-8"
        ],
        "Expires": [
          "-1"
        ],
        "Pragma": [
          "no-cache"
        ],
        "x-ms-request-id": [
          "87adac09-2f7a-4a6e-84ce-c44b2a422590"
        ],
        "x-rp-server-mvid": [
          "a381990d-ae56-4d98-bbbe-57915ba00903"
        ],
        "Strict-Transport-Security": [
          "max-age=31536000; includeSubDomains"
        ],
        "x-ms-ratelimit-remaining-subscription-reads": [
          "799963"
        ],
        "x-ms-correlation-request-id": [
          "c1b0c9f8-0b1c-4a1b-b670-1385adca1586"
        ],
        "x-ms-routing-request-id": [
          "WESTUS:20141112T222328Z:c1b0c9f8-0b1c-4a1b-b670-1385adca1586"
        ],
        "Cache-Control": [
          "no-cache"
        ],
        "Date": [
          "Wed, 12 Nov 2014 22:23:28 GMT"
        ],
        "Server": [
          "Microsoft-HTTPAPI/2.0"
        ]
      },
      "StatusCode": 200
    },
    {
      "RequestUri": "/subscriptions/e638312d-094f-40fd-a2cc-579fe8490bbd/resourceGroups/MyResourceGroup/providers/Microsoft.Cache/Redis/powershelltest?api-version=2014-04-01-preview",
      "EncodedRequestUri": "L3N1YnNjcmlwdGlvbnMvZTYzODMxMmQtMDk0Zi00MGZkLWEyY2MtNTc5ZmU4NDkwYmJkL3Jlc291cmNlR3JvdXBzL015UmVzb3VyY2VHcm91cC9wcm92aWRlcnMvTWljcm9zb2Z0LkNhY2hlL1JlZGlzL3Bvd2Vyc2hlbGx0ZXN0P2FwaS12ZXJzaW9uPTIwMTQtMDQtMDEtcHJldmlldw==",
      "RequestMethod": "GET",
      "RequestBody": "",
      "RequestHeaders": {
        "User-Agent": [
          "Microsoft.Azure.Management.Redis.RedisManagementClient/0.9.0.0"
        ]
      },
      "ResponseBody": "{\r\n  \"id\": \"/subscriptions/e638312d-094f-40fd-a2cc-579fe8490bbd/resourceGroups/MyResourceGroup/providers/Microsoft.Cache/Redis/powershelltest\",\r\n  \"location\": \"North Central US\",\r\n  \"name\": \"powershelltest\",\r\n  \"type\": \"Microsoft.Cache/Redis\",\r\n  \"tags\": null,\r\n  \"properties\": {\r\n    \"provisioningState\": \"Creating\",\r\n    \"redisVersion\": \"2.8\",\r\n    \"sku\": {\r\n      \"name\": \"Basic\",\r\n      \"family\": \"C\",\r\n      \"capacity\": 0\r\n    },\r\n    \"enableNonSslPort\": false,\r\n    \"maxMemoryPolicy\": null,\r\n    \"accessKeys\": null,\r\n    \"hostName\": \"powershelltest.redis.cache.windows.net\",\r\n    \"port\": 6379,\r\n    \"sslPort\": 6380\r\n  }\r\n}",
      "ResponseHeaders": {
        "Content-Length": [
          "496"
        ],
        "Content-Type": [
          "application/json; charset=utf-8"
        ],
        "Expires": [
          "-1"
        ],
        "Pragma": [
          "no-cache"
        ],
        "x-ms-request-id": [
          "e93f8b41-31c1-47ff-93d7-7491453057af"
        ],
        "x-rp-server-mvid": [
          "a381990d-ae56-4d98-bbbe-57915ba00903"
        ],
        "Strict-Transport-Security": [
          "max-age=31536000; includeSubDomains"
        ],
        "x-ms-ratelimit-remaining-subscription-reads": [
          "799962"
        ],
        "x-ms-correlation-request-id": [
          "19931763-852e-4a8a-a2ce-7f802b62cfe0"
        ],
        "x-ms-routing-request-id": [
          "WESTUS:20141112T222358Z:19931763-852e-4a8a-a2ce-7f802b62cfe0"
        ],
        "Cache-Control": [
          "no-cache"
        ],
        "Date": [
          "Wed, 12 Nov 2014 22:23:58 GMT"
        ],
        "Server": [
          "Microsoft-HTTPAPI/2.0"
        ]
      },
      "StatusCode": 200
    },
    {
      "RequestUri": "/subscriptions/e638312d-094f-40fd-a2cc-579fe8490bbd/resourceGroups/MyResourceGroup/providers/Microsoft.Cache/Redis/powershelltest?api-version=2014-04-01-preview",
      "EncodedRequestUri": "L3N1YnNjcmlwdGlvbnMvZTYzODMxMmQtMDk0Zi00MGZkLWEyY2MtNTc5ZmU4NDkwYmJkL3Jlc291cmNlR3JvdXBzL015UmVzb3VyY2VHcm91cC9wcm92aWRlcnMvTWljcm9zb2Z0LkNhY2hlL1JlZGlzL3Bvd2Vyc2hlbGx0ZXN0P2FwaS12ZXJzaW9uPTIwMTQtMDQtMDEtcHJldmlldw==",
      "RequestMethod": "GET",
      "RequestBody": "",
      "RequestHeaders": {
        "User-Agent": [
          "Microsoft.Azure.Management.Redis.RedisManagementClient/0.9.0.0"
        ]
      },
      "ResponseBody": "{\r\n  \"id\": \"/subscriptions/e638312d-094f-40fd-a2cc-579fe8490bbd/resourceGroups/MyResourceGroup/providers/Microsoft.Cache/Redis/powershelltest\",\r\n  \"location\": \"North Central US\",\r\n  \"name\": \"powershelltest\",\r\n  \"type\": \"Microsoft.Cache/Redis\",\r\n  \"tags\": null,\r\n  \"properties\": {\r\n    \"provisioningState\": \"Creating\",\r\n    \"redisVersion\": \"2.8\",\r\n    \"sku\": {\r\n      \"name\": \"Basic\",\r\n      \"family\": \"C\",\r\n      \"capacity\": 0\r\n    },\r\n    \"enableNonSslPort\": false,\r\n    \"maxMemoryPolicy\": null,\r\n    \"accessKeys\": null,\r\n    \"hostName\": \"powershelltest.redis.cache.windows.net\",\r\n    \"port\": 6379,\r\n    \"sslPort\": 6380\r\n  }\r\n}",
      "ResponseHeaders": {
        "Content-Length": [
          "496"
        ],
        "Content-Type": [
          "application/json; charset=utf-8"
        ],
        "Expires": [
          "-1"
        ],
        "Pragma": [
          "no-cache"
        ],
        "x-ms-request-id": [
          "e828fc7d-e9a6-4c6d-bdb0-6564fcb096f8"
        ],
        "x-rp-server-mvid": [
          "a381990d-ae56-4d98-bbbe-57915ba00903"
        ],
        "Strict-Transport-Security": [
          "max-age=31536000; includeSubDomains"
        ],
        "x-ms-ratelimit-remaining-subscription-reads": [
          "799961"
        ],
        "x-ms-correlation-request-id": [
          "abd70162-75f8-4097-8ab8-317eae5df4de"
        ],
        "x-ms-routing-request-id": [
          "WESTUS:20141112T222428Z:abd70162-75f8-4097-8ab8-317eae5df4de"
        ],
        "Cache-Control": [
          "no-cache"
        ],
        "Date": [
          "Wed, 12 Nov 2014 22:24:28 GMT"
        ],
        "Server": [
          "Microsoft-HTTPAPI/2.0"
        ]
      },
      "StatusCode": 200
    },
    {
      "RequestUri": "/subscriptions/e638312d-094f-40fd-a2cc-579fe8490bbd/resourceGroups/MyResourceGroup/providers/Microsoft.Cache/Redis/powershelltest?api-version=2014-04-01-preview",
      "EncodedRequestUri": "L3N1YnNjcmlwdGlvbnMvZTYzODMxMmQtMDk0Zi00MGZkLWEyY2MtNTc5ZmU4NDkwYmJkL3Jlc291cmNlR3JvdXBzL015UmVzb3VyY2VHcm91cC9wcm92aWRlcnMvTWljcm9zb2Z0LkNhY2hlL1JlZGlzL3Bvd2Vyc2hlbGx0ZXN0P2FwaS12ZXJzaW9uPTIwMTQtMDQtMDEtcHJldmlldw==",
      "RequestMethod": "GET",
      "RequestBody": "",
      "RequestHeaders": {
        "User-Agent": [
          "Microsoft.Azure.Management.Redis.RedisManagementClient/0.9.0.0"
        ]
      },
      "ResponseBody": "{\r\n  \"id\": \"/subscriptions/e638312d-094f-40fd-a2cc-579fe8490bbd/resourceGroups/MyResourceGroup/providers/Microsoft.Cache/Redis/powershelltest\",\r\n  \"location\": \"North Central US\",\r\n  \"name\": \"powershelltest\",\r\n  \"type\": \"Microsoft.Cache/Redis\",\r\n  \"tags\": null,\r\n  \"properties\": {\r\n    \"provisioningState\": \"Creating\",\r\n    \"redisVersion\": \"2.8\",\r\n    \"sku\": {\r\n      \"name\": \"Basic\",\r\n      \"family\": \"C\",\r\n      \"capacity\": 0\r\n    },\r\n    \"enableNonSslPort\": false,\r\n    \"maxMemoryPolicy\": null,\r\n    \"accessKeys\": null,\r\n    \"hostName\": \"powershelltest.redis.cache.windows.net\",\r\n    \"port\": 6379,\r\n    \"sslPort\": 6380\r\n  }\r\n}",
      "ResponseHeaders": {
        "Content-Length": [
          "496"
        ],
        "Content-Type": [
          "application/json; charset=utf-8"
        ],
        "Expires": [
          "-1"
        ],
        "Pragma": [
          "no-cache"
        ],
        "x-ms-request-id": [
          "01e63edd-4b45-4ac9-be67-741036b78d58"
        ],
        "x-rp-server-mvid": [
          "a381990d-ae56-4d98-bbbe-57915ba00903"
        ],
        "Strict-Transport-Security": [
          "max-age=31536000; includeSubDomains"
        ],
        "x-ms-ratelimit-remaining-subscription-reads": [
          "799960"
        ],
        "x-ms-correlation-request-id": [
          "086053d1-3a71-4618-87cb-564e444ffe60"
        ],
        "x-ms-routing-request-id": [
          "WESTUS:20141112T222458Z:086053d1-3a71-4618-87cb-564e444ffe60"
        ],
        "Cache-Control": [
          "no-cache"
        ],
        "Date": [
          "Wed, 12 Nov 2014 22:24:57 GMT"
        ],
        "Server": [
          "Microsoft-HTTPAPI/2.0"
        ]
      },
      "StatusCode": 200
    },
    {
      "RequestUri": "/subscriptions/e638312d-094f-40fd-a2cc-579fe8490bbd/resourceGroups/MyResourceGroup/providers/Microsoft.Cache/Redis/powershelltest?api-version=2014-04-01-preview",
      "EncodedRequestUri": "L3N1YnNjcmlwdGlvbnMvZTYzODMxMmQtMDk0Zi00MGZkLWEyY2MtNTc5ZmU4NDkwYmJkL3Jlc291cmNlR3JvdXBzL015UmVzb3VyY2VHcm91cC9wcm92aWRlcnMvTWljcm9zb2Z0LkNhY2hlL1JlZGlzL3Bvd2Vyc2hlbGx0ZXN0P2FwaS12ZXJzaW9uPTIwMTQtMDQtMDEtcHJldmlldw==",
      "RequestMethod": "GET",
      "RequestBody": "",
      "RequestHeaders": {
        "User-Agent": [
          "Microsoft.Azure.Management.Redis.RedisManagementClient/0.9.0.0"
        ]
      },
      "ResponseBody": "{\r\n  \"id\": \"/subscriptions/e638312d-094f-40fd-a2cc-579fe8490bbd/resourceGroups/MyResourceGroup/providers/Microsoft.Cache/Redis/powershelltest\",\r\n  \"location\": \"North Central US\",\r\n  \"name\": \"powershelltest\",\r\n  \"type\": \"Microsoft.Cache/Redis\",\r\n  \"tags\": null,\r\n  \"properties\": {\r\n    \"provisioningState\": \"Creating\",\r\n    \"redisVersion\": \"2.8\",\r\n    \"sku\": {\r\n      \"name\": \"Basic\",\r\n      \"family\": \"C\",\r\n      \"capacity\": 0\r\n    },\r\n    \"enableNonSslPort\": false,\r\n    \"maxMemoryPolicy\": null,\r\n    \"accessKeys\": null,\r\n    \"hostName\": \"powershelltest.redis.cache.windows.net\",\r\n    \"port\": 6379,\r\n    \"sslPort\": 6380\r\n  }\r\n}",
      "ResponseHeaders": {
        "Content-Length": [
          "496"
        ],
        "Content-Type": [
          "application/json; charset=utf-8"
        ],
        "Expires": [
          "-1"
        ],
        "Pragma": [
          "no-cache"
        ],
        "x-ms-request-id": [
          "57cc76d0-ecf8-41e1-8645-49249e23004a"
        ],
        "x-rp-server-mvid": [
          "a381990d-ae56-4d98-bbbe-57915ba00903"
        ],
        "Strict-Transport-Security": [
          "max-age=31536000; includeSubDomains"
        ],
        "x-ms-ratelimit-remaining-subscription-reads": [
          "799959"
        ],
        "x-ms-correlation-request-id": [
          "36de5462-8161-4110-9033-ac2b923e9e77"
        ],
        "x-ms-routing-request-id": [
          "WESTUS:20141112T222528Z:36de5462-8161-4110-9033-ac2b923e9e77"
        ],
        "Cache-Control": [
          "no-cache"
        ],
        "Date": [
          "Wed, 12 Nov 2014 22:25:27 GMT"
        ],
        "Server": [
          "Microsoft-HTTPAPI/2.0"
        ]
      },
      "StatusCode": 200
    },
    {
      "RequestUri": "/subscriptions/e638312d-094f-40fd-a2cc-579fe8490bbd/resourceGroups/MyResourceGroup/providers/Microsoft.Cache/Redis/powershelltest?api-version=2014-04-01-preview",
      "EncodedRequestUri": "L3N1YnNjcmlwdGlvbnMvZTYzODMxMmQtMDk0Zi00MGZkLWEyY2MtNTc5ZmU4NDkwYmJkL3Jlc291cmNlR3JvdXBzL015UmVzb3VyY2VHcm91cC9wcm92aWRlcnMvTWljcm9zb2Z0LkNhY2hlL1JlZGlzL3Bvd2Vyc2hlbGx0ZXN0P2FwaS12ZXJzaW9uPTIwMTQtMDQtMDEtcHJldmlldw==",
      "RequestMethod": "GET",
      "RequestBody": "",
      "RequestHeaders": {
        "User-Agent": [
          "Microsoft.Azure.Management.Redis.RedisManagementClient/0.9.0.0"
        ]
      },
      "ResponseBody": "{\r\n  \"id\": \"/subscriptions/e638312d-094f-40fd-a2cc-579fe8490bbd/resourceGroups/MyResourceGroup/providers/Microsoft.Cache/Redis/powershelltest\",\r\n  \"location\": \"North Central US\",\r\n  \"name\": \"powershelltest\",\r\n  \"type\": \"Microsoft.Cache/Redis\",\r\n  \"tags\": null,\r\n  \"properties\": {\r\n    \"provisioningState\": \"Creating\",\r\n    \"redisVersion\": \"2.8\",\r\n    \"sku\": {\r\n      \"name\": \"Basic\",\r\n      \"family\": \"C\",\r\n      \"capacity\": 0\r\n    },\r\n    \"enableNonSslPort\": false,\r\n    \"maxMemoryPolicy\": null,\r\n    \"accessKeys\": null,\r\n    \"hostName\": \"powershelltest.redis.cache.windows.net\",\r\n    \"port\": 6379,\r\n    \"sslPort\": 6380\r\n  }\r\n}",
      "ResponseHeaders": {
        "Content-Length": [
          "496"
        ],
        "Content-Type": [
          "application/json; charset=utf-8"
        ],
        "Expires": [
          "-1"
        ],
        "Pragma": [
          "no-cache"
        ],
        "x-ms-request-id": [
          "a4ee5091-95b2-4ed2-b56d-770cf3eea980"
        ],
        "x-rp-server-mvid": [
          "a381990d-ae56-4d98-bbbe-57915ba00903"
        ],
        "Strict-Transport-Security": [
          "max-age=31536000; includeSubDomains"
        ],
        "x-ms-ratelimit-remaining-subscription-reads": [
          "799958"
        ],
        "x-ms-correlation-request-id": [
          "3d4f5429-3c42-4f99-be48-16a969d3003d"
        ],
        "x-ms-routing-request-id": [
          "WESTUS:20141112T222558Z:3d4f5429-3c42-4f99-be48-16a969d3003d"
        ],
        "Cache-Control": [
          "no-cache"
        ],
        "Date": [
          "Wed, 12 Nov 2014 22:25:58 GMT"
        ],
        "Server": [
          "Microsoft-HTTPAPI/2.0"
        ]
      },
      "StatusCode": 200
    },
    {
      "RequestUri": "/subscriptions/e638312d-094f-40fd-a2cc-579fe8490bbd/resourceGroups/MyResourceGroup/providers/Microsoft.Cache/Redis/powershelltest?api-version=2014-04-01-preview",
      "EncodedRequestUri": "L3N1YnNjcmlwdGlvbnMvZTYzODMxMmQtMDk0Zi00MGZkLWEyY2MtNTc5ZmU4NDkwYmJkL3Jlc291cmNlR3JvdXBzL015UmVzb3VyY2VHcm91cC9wcm92aWRlcnMvTWljcm9zb2Z0LkNhY2hlL1JlZGlzL3Bvd2Vyc2hlbGx0ZXN0P2FwaS12ZXJzaW9uPTIwMTQtMDQtMDEtcHJldmlldw==",
      "RequestMethod": "GET",
      "RequestBody": "",
      "RequestHeaders": {
        "User-Agent": [
          "Microsoft.Azure.Management.Redis.RedisManagementClient/0.9.0.0"
        ]
      },
      "ResponseBody": "{\r\n  \"id\": \"/subscriptions/e638312d-094f-40fd-a2cc-579fe8490bbd/resourceGroups/MyResourceGroup/providers/Microsoft.Cache/Redis/powershelltest\",\r\n  \"location\": \"North Central US\",\r\n  \"name\": \"powershelltest\",\r\n  \"type\": \"Microsoft.Cache/Redis\",\r\n  \"tags\": null,\r\n  \"properties\": {\r\n    \"provisioningState\": \"Creating\",\r\n    \"redisVersion\": \"2.8\",\r\n    \"sku\": {\r\n      \"name\": \"Basic\",\r\n      \"family\": \"C\",\r\n      \"capacity\": 0\r\n    },\r\n    \"enableNonSslPort\": false,\r\n    \"maxMemoryPolicy\": null,\r\n    \"accessKeys\": null,\r\n    \"hostName\": \"powershelltest.redis.cache.windows.net\",\r\n    \"port\": 6379,\r\n    \"sslPort\": 6380\r\n  }\r\n}",
      "ResponseHeaders": {
        "Content-Length": [
          "496"
        ],
        "Content-Type": [
          "application/json; charset=utf-8"
        ],
        "Expires": [
          "-1"
        ],
        "Pragma": [
          "no-cache"
        ],
        "x-ms-request-id": [
          "72384560-6043-40d8-8a1f-e90e9cca0518"
        ],
        "x-rp-server-mvid": [
          "a381990d-ae56-4d98-bbbe-57915ba00903"
        ],
        "Strict-Transport-Security": [
          "max-age=31536000; includeSubDomains"
        ],
        "x-ms-ratelimit-remaining-subscription-reads": [
          "799957"
        ],
        "x-ms-correlation-request-id": [
          "f11a5079-6083-4601-b8d1-058d6a94fccc"
        ],
        "x-ms-routing-request-id": [
          "WESTUS:20141112T222629Z:f11a5079-6083-4601-b8d1-058d6a94fccc"
        ],
        "Cache-Control": [
          "no-cache"
        ],
        "Date": [
          "Wed, 12 Nov 2014 22:26:28 GMT"
        ],
        "Server": [
          "Microsoft-HTTPAPI/2.0"
        ]
      },
      "StatusCode": 200
    },
    {
      "RequestUri": "/subscriptions/e638312d-094f-40fd-a2cc-579fe8490bbd/resourceGroups/MyResourceGroup/providers/Microsoft.Cache/Redis/powershelltest?api-version=2014-04-01-preview",
      "EncodedRequestUri": "L3N1YnNjcmlwdGlvbnMvZTYzODMxMmQtMDk0Zi00MGZkLWEyY2MtNTc5ZmU4NDkwYmJkL3Jlc291cmNlR3JvdXBzL015UmVzb3VyY2VHcm91cC9wcm92aWRlcnMvTWljcm9zb2Z0LkNhY2hlL1JlZGlzL3Bvd2Vyc2hlbGx0ZXN0P2FwaS12ZXJzaW9uPTIwMTQtMDQtMDEtcHJldmlldw==",
      "RequestMethod": "GET",
      "RequestBody": "",
      "RequestHeaders": {
        "User-Agent": [
          "Microsoft.Azure.Management.Redis.RedisManagementClient/0.9.0.0"
        ]
      },
      "ResponseBody": "{\r\n  \"id\": \"/subscriptions/e638312d-094f-40fd-a2cc-579fe8490bbd/resourceGroups/MyResourceGroup/providers/Microsoft.Cache/Redis/powershelltest\",\r\n  \"location\": \"North Central US\",\r\n  \"name\": \"powershelltest\",\r\n  \"type\": \"Microsoft.Cache/Redis\",\r\n  \"tags\": null,\r\n  \"properties\": {\r\n    \"provisioningState\": \"Creating\",\r\n    \"redisVersion\": \"2.8\",\r\n    \"sku\": {\r\n      \"name\": \"Basic\",\r\n      \"family\": \"C\",\r\n      \"capacity\": 0\r\n    },\r\n    \"enableNonSslPort\": false,\r\n    \"maxMemoryPolicy\": null,\r\n    \"accessKeys\": null,\r\n    \"hostName\": \"powershelltest.redis.cache.windows.net\",\r\n    \"port\": 6379,\r\n    \"sslPort\": 6380\r\n  }\r\n}",
      "ResponseHeaders": {
        "Content-Length": [
          "496"
        ],
        "Content-Type": [
          "application/json; charset=utf-8"
        ],
        "Expires": [
          "-1"
        ],
        "Pragma": [
          "no-cache"
        ],
        "x-ms-request-id": [
          "9502cc2d-60ea-41de-906e-4ea1d8a9bcd1"
        ],
        "x-rp-server-mvid": [
          "a381990d-ae56-4d98-bbbe-57915ba00903"
        ],
        "Strict-Transport-Security": [
          "max-age=31536000; includeSubDomains"
        ],
        "x-ms-ratelimit-remaining-subscription-reads": [
          "799956"
        ],
        "x-ms-correlation-request-id": [
          "43755e04-3e7d-406e-927f-18d7980dc29b"
        ],
        "x-ms-routing-request-id": [
          "WESTUS:20141112T222659Z:43755e04-3e7d-406e-927f-18d7980dc29b"
        ],
        "Cache-Control": [
          "no-cache"
        ],
        "Date": [
          "Wed, 12 Nov 2014 22:26:58 GMT"
        ],
        "Server": [
          "Microsoft-HTTPAPI/2.0"
        ]
      },
      "StatusCode": 200
    },
    {
      "RequestUri": "/subscriptions/e638312d-094f-40fd-a2cc-579fe8490bbd/resourceGroups/MyResourceGroup/providers/Microsoft.Cache/Redis/powershelltest?api-version=2014-04-01-preview",
      "EncodedRequestUri": "L3N1YnNjcmlwdGlvbnMvZTYzODMxMmQtMDk0Zi00MGZkLWEyY2MtNTc5ZmU4NDkwYmJkL3Jlc291cmNlR3JvdXBzL015UmVzb3VyY2VHcm91cC9wcm92aWRlcnMvTWljcm9zb2Z0LkNhY2hlL1JlZGlzL3Bvd2Vyc2hlbGx0ZXN0P2FwaS12ZXJzaW9uPTIwMTQtMDQtMDEtcHJldmlldw==",
      "RequestMethod": "GET",
      "RequestBody": "",
      "RequestHeaders": {
        "User-Agent": [
          "Microsoft.Azure.Management.Redis.RedisManagementClient/0.9.0.0"
        ]
      },
      "ResponseBody": "{\r\n  \"id\": \"/subscriptions/e638312d-094f-40fd-a2cc-579fe8490bbd/resourceGroups/MyResourceGroup/providers/Microsoft.Cache/Redis/powershelltest\",\r\n  \"location\": \"North Central US\",\r\n  \"name\": \"powershelltest\",\r\n  \"type\": \"Microsoft.Cache/Redis\",\r\n  \"tags\": null,\r\n  \"properties\": {\r\n    \"provisioningState\": \"Creating\",\r\n    \"redisVersion\": \"2.8\",\r\n    \"sku\": {\r\n      \"name\": \"Basic\",\r\n      \"family\": \"C\",\r\n      \"capacity\": 0\r\n    },\r\n    \"enableNonSslPort\": false,\r\n    \"maxMemoryPolicy\": null,\r\n    \"accessKeys\": null,\r\n    \"hostName\": \"powershelltest.redis.cache.windows.net\",\r\n    \"port\": 6379,\r\n    \"sslPort\": 6380\r\n  }\r\n}",
      "ResponseHeaders": {
        "Content-Length": [
          "496"
        ],
        "Content-Type": [
          "application/json; charset=utf-8"
        ],
        "Expires": [
          "-1"
        ],
        "Pragma": [
          "no-cache"
        ],
        "x-ms-request-id": [
          "4c566d52-858a-4242-96f4-3218f8f723ce"
        ],
        "x-rp-server-mvid": [
          "a381990d-ae56-4d98-bbbe-57915ba00903"
        ],
        "Strict-Transport-Security": [
          "max-age=31536000; includeSubDomains"
        ],
        "x-ms-ratelimit-remaining-subscription-reads": [
          "799955"
        ],
        "x-ms-correlation-request-id": [
          "1ea5ab57-4183-4dbb-9b0f-1be035187900"
        ],
        "x-ms-routing-request-id": [
          "WESTUS:20141112T222729Z:1ea5ab57-4183-4dbb-9b0f-1be035187900"
        ],
        "Cache-Control": [
          "no-cache"
        ],
        "Date": [
          "Wed, 12 Nov 2014 22:27:29 GMT"
        ],
        "Server": [
          "Microsoft-HTTPAPI/2.0"
        ]
      },
      "StatusCode": 200
    },
    {
      "RequestUri": "/subscriptions/e638312d-094f-40fd-a2cc-579fe8490bbd/resourceGroups/MyResourceGroup/providers/Microsoft.Cache/Redis/powershelltest?api-version=2014-04-01-preview",
      "EncodedRequestUri": "L3N1YnNjcmlwdGlvbnMvZTYzODMxMmQtMDk0Zi00MGZkLWEyY2MtNTc5ZmU4NDkwYmJkL3Jlc291cmNlR3JvdXBzL015UmVzb3VyY2VHcm91cC9wcm92aWRlcnMvTWljcm9zb2Z0LkNhY2hlL1JlZGlzL3Bvd2Vyc2hlbGx0ZXN0P2FwaS12ZXJzaW9uPTIwMTQtMDQtMDEtcHJldmlldw==",
      "RequestMethod": "GET",
      "RequestBody": "",
      "RequestHeaders": {
        "User-Agent": [
          "Microsoft.Azure.Management.Redis.RedisManagementClient/0.9.0.0"
        ]
      },
      "ResponseBody": "{\r\n  \"id\": \"/subscriptions/e638312d-094f-40fd-a2cc-579fe8490bbd/resourceGroups/MyResourceGroup/providers/Microsoft.Cache/Redis/powershelltest\",\r\n  \"location\": \"North Central US\",\r\n  \"name\": \"powershelltest\",\r\n  \"type\": \"Microsoft.Cache/Redis\",\r\n  \"tags\": null,\r\n  \"properties\": {\r\n    \"provisioningState\": \"Creating\",\r\n    \"redisVersion\": \"2.8\",\r\n    \"sku\": {\r\n      \"name\": \"Basic\",\r\n      \"family\": \"C\",\r\n      \"capacity\": 0\r\n    },\r\n    \"enableNonSslPort\": false,\r\n    \"maxMemoryPolicy\": null,\r\n    \"accessKeys\": null,\r\n    \"hostName\": \"powershelltest.redis.cache.windows.net\",\r\n    \"port\": 6379,\r\n    \"sslPort\": 6380\r\n  }\r\n}",
      "ResponseHeaders": {
        "Content-Length": [
          "496"
        ],
        "Content-Type": [
          "application/json; charset=utf-8"
        ],
        "Expires": [
          "-1"
        ],
        "Pragma": [
          "no-cache"
        ],
        "x-ms-request-id": [
          "72026ad6-80b9-4766-93b8-155e9930411c"
        ],
        "x-rp-server-mvid": [
          "a381990d-ae56-4d98-bbbe-57915ba00903"
        ],
        "Strict-Transport-Security": [
          "max-age=31536000; includeSubDomains"
        ],
        "x-ms-ratelimit-remaining-subscription-reads": [
          "799954"
        ],
        "x-ms-correlation-request-id": [
          "4b31cb2e-1b43-43c7-ad6d-f5847c74e5a9"
        ],
        "x-ms-routing-request-id": [
          "WESTUS:20141112T222759Z:4b31cb2e-1b43-43c7-ad6d-f5847c74e5a9"
        ],
        "Cache-Control": [
          "no-cache"
        ],
        "Date": [
          "Wed, 12 Nov 2014 22:27:58 GMT"
        ],
        "Server": [
          "Microsoft-HTTPAPI/2.0"
        ]
      },
      "StatusCode": 200
    },
    {
      "RequestUri": "/subscriptions/e638312d-094f-40fd-a2cc-579fe8490bbd/resourceGroups/MyResourceGroup/providers/Microsoft.Cache/Redis/powershelltest?api-version=2014-04-01-preview",
      "EncodedRequestUri": "L3N1YnNjcmlwdGlvbnMvZTYzODMxMmQtMDk0Zi00MGZkLWEyY2MtNTc5ZmU4NDkwYmJkL3Jlc291cmNlR3JvdXBzL015UmVzb3VyY2VHcm91cC9wcm92aWRlcnMvTWljcm9zb2Z0LkNhY2hlL1JlZGlzL3Bvd2Vyc2hlbGx0ZXN0P2FwaS12ZXJzaW9uPTIwMTQtMDQtMDEtcHJldmlldw==",
      "RequestMethod": "GET",
      "RequestBody": "",
      "RequestHeaders": {
        "User-Agent": [
          "Microsoft.Azure.Management.Redis.RedisManagementClient/0.9.0.0"
        ]
      },
      "ResponseBody": "{\r\n  \"id\": \"/subscriptions/e638312d-094f-40fd-a2cc-579fe8490bbd/resourceGroups/MyResourceGroup/providers/Microsoft.Cache/Redis/powershelltest\",\r\n  \"location\": \"North Central US\",\r\n  \"name\": \"powershelltest\",\r\n  \"type\": \"Microsoft.Cache/Redis\",\r\n  \"tags\": null,\r\n  \"properties\": {\r\n    \"provisioningState\": \"Creating\",\r\n    \"redisVersion\": \"2.8\",\r\n    \"sku\": {\r\n      \"name\": \"Basic\",\r\n      \"family\": \"C\",\r\n      \"capacity\": 0\r\n    },\r\n    \"enableNonSslPort\": false,\r\n    \"maxMemoryPolicy\": null,\r\n    \"accessKeys\": null,\r\n    \"hostName\": \"powershelltest.redis.cache.windows.net\",\r\n    \"port\": 6379,\r\n    \"sslPort\": 6380\r\n  }\r\n}",
      "ResponseHeaders": {
        "Content-Length": [
          "496"
        ],
        "Content-Type": [
          "application/json; charset=utf-8"
        ],
        "Expires": [
          "-1"
        ],
        "Pragma": [
          "no-cache"
        ],
        "x-ms-request-id": [
          "d388483b-3632-426b-ab37-524c3811686b"
        ],
        "x-rp-server-mvid": [
          "a381990d-ae56-4d98-bbbe-57915ba00903"
        ],
        "Strict-Transport-Security": [
          "max-age=31536000; includeSubDomains"
        ],
        "x-ms-ratelimit-remaining-subscription-reads": [
          "799950"
        ],
        "x-ms-correlation-request-id": [
          "35f00cba-37c9-4bb8-9c98-03131f55ba22"
        ],
        "x-ms-routing-request-id": [
          "WESTUS:20141112T222829Z:35f00cba-37c9-4bb8-9c98-03131f55ba22"
        ],
        "Cache-Control": [
          "no-cache"
        ],
        "Date": [
          "Wed, 12 Nov 2014 22:28:29 GMT"
        ],
        "Server": [
          "Microsoft-HTTPAPI/2.0"
        ]
      },
      "StatusCode": 200
    },
    {
      "RequestUri": "/subscriptions/e638312d-094f-40fd-a2cc-579fe8490bbd/resourceGroups/MyResourceGroup/providers/Microsoft.Cache/Redis/powershelltest?api-version=2014-04-01-preview",
      "EncodedRequestUri": "L3N1YnNjcmlwdGlvbnMvZTYzODMxMmQtMDk0Zi00MGZkLWEyY2MtNTc5ZmU4NDkwYmJkL3Jlc291cmNlR3JvdXBzL015UmVzb3VyY2VHcm91cC9wcm92aWRlcnMvTWljcm9zb2Z0LkNhY2hlL1JlZGlzL3Bvd2Vyc2hlbGx0ZXN0P2FwaS12ZXJzaW9uPTIwMTQtMDQtMDEtcHJldmlldw==",
      "RequestMethod": "GET",
      "RequestBody": "",
      "RequestHeaders": {
        "User-Agent": [
          "Microsoft.Azure.Management.Redis.RedisManagementClient/0.9.0.0"
        ]
      },
      "ResponseBody": "{\r\n  \"id\": \"/subscriptions/e638312d-094f-40fd-a2cc-579fe8490bbd/resourceGroups/MyResourceGroup/providers/Microsoft.Cache/Redis/powershelltest\",\r\n  \"location\": \"North Central US\",\r\n  \"name\": \"powershelltest\",\r\n  \"type\": \"Microsoft.Cache/Redis\",\r\n  \"tags\": null,\r\n  \"properties\": {\r\n    \"provisioningState\": \"Creating\",\r\n    \"redisVersion\": \"2.8\",\r\n    \"sku\": {\r\n      \"name\": \"Basic\",\r\n      \"family\": \"C\",\r\n      \"capacity\": 0\r\n    },\r\n    \"enableNonSslPort\": false,\r\n    \"maxMemoryPolicy\": null,\r\n    \"accessKeys\": null,\r\n    \"hostName\": \"powershelltest.redis.cache.windows.net\",\r\n    \"port\": 6379,\r\n    \"sslPort\": 6380\r\n  }\r\n}",
      "ResponseHeaders": {
        "Content-Length": [
          "496"
        ],
        "Content-Type": [
          "application/json; charset=utf-8"
        ],
        "Expires": [
          "-1"
        ],
        "Pragma": [
          "no-cache"
        ],
        "x-ms-request-id": [
          "adca48ae-2216-4b59-b412-d0325fdba398"
        ],
        "x-rp-server-mvid": [
          "a381990d-ae56-4d98-bbbe-57915ba00903"
        ],
        "Strict-Transport-Security": [
          "max-age=31536000; includeSubDomains"
        ],
        "x-ms-ratelimit-remaining-subscription-reads": [
          "799949"
        ],
        "x-ms-correlation-request-id": [
          "b68b6669-f92a-4055-85db-c50c0da180db"
        ],
        "x-ms-routing-request-id": [
          "WESTUS:20141112T222859Z:b68b6669-f92a-4055-85db-c50c0da180db"
        ],
        "Cache-Control": [
          "no-cache"
        ],
        "Date": [
          "Wed, 12 Nov 2014 22:28:59 GMT"
        ],
        "Server": [
          "Microsoft-HTTPAPI/2.0"
        ]
      },
      "StatusCode": 200
    },
    {
      "RequestUri": "/subscriptions/e638312d-094f-40fd-a2cc-579fe8490bbd/resourceGroups/MyResourceGroup/providers/Microsoft.Cache/Redis/powershelltest?api-version=2014-04-01-preview",
      "EncodedRequestUri": "L3N1YnNjcmlwdGlvbnMvZTYzODMxMmQtMDk0Zi00MGZkLWEyY2MtNTc5ZmU4NDkwYmJkL3Jlc291cmNlR3JvdXBzL015UmVzb3VyY2VHcm91cC9wcm92aWRlcnMvTWljcm9zb2Z0LkNhY2hlL1JlZGlzL3Bvd2Vyc2hlbGx0ZXN0P2FwaS12ZXJzaW9uPTIwMTQtMDQtMDEtcHJldmlldw==",
      "RequestMethod": "GET",
      "RequestBody": "",
      "RequestHeaders": {
        "User-Agent": [
          "Microsoft.Azure.Management.Redis.RedisManagementClient/0.9.0.0"
        ]
      },
      "ResponseBody": "{\r\n  \"id\": \"/subscriptions/e638312d-094f-40fd-a2cc-579fe8490bbd/resourceGroups/MyResourceGroup/providers/Microsoft.Cache/Redis/powershelltest\",\r\n  \"location\": \"North Central US\",\r\n  \"name\": \"powershelltest\",\r\n  \"type\": \"Microsoft.Cache/Redis\",\r\n  \"tags\": null,\r\n  \"properties\": {\r\n    \"provisioningState\": \"Creating\",\r\n    \"redisVersion\": \"2.8\",\r\n    \"sku\": {\r\n      \"name\": \"Basic\",\r\n      \"family\": \"C\",\r\n      \"capacity\": 0\r\n    },\r\n    \"enableNonSslPort\": false,\r\n    \"maxMemoryPolicy\": null,\r\n    \"accessKeys\": null,\r\n    \"hostName\": \"powershelltest.redis.cache.windows.net\",\r\n    \"port\": 6379,\r\n    \"sslPort\": 6380\r\n  }\r\n}",
      "ResponseHeaders": {
        "Content-Length": [
          "496"
        ],
        "Content-Type": [
          "application/json; charset=utf-8"
        ],
        "Expires": [
          "-1"
        ],
        "Pragma": [
          "no-cache"
        ],
        "x-ms-request-id": [
          "119031d5-852a-4695-83fe-b3ce635d398d"
        ],
        "x-rp-server-mvid": [
          "a381990d-ae56-4d98-bbbe-57915ba00903"
        ],
        "Strict-Transport-Security": [
          "max-age=31536000; includeSubDomains"
        ],
        "x-ms-ratelimit-remaining-subscription-reads": [
          "799948"
        ],
        "x-ms-correlation-request-id": [
          "9ca6a8b1-9c7c-4f92-a73b-1f26ab086113"
        ],
        "x-ms-routing-request-id": [
          "WESTUS:20141112T222929Z:9ca6a8b1-9c7c-4f92-a73b-1f26ab086113"
        ],
        "Cache-Control": [
          "no-cache"
        ],
        "Date": [
          "Wed, 12 Nov 2014 22:29:29 GMT"
        ],
        "Server": [
          "Microsoft-HTTPAPI/2.0"
        ]
      },
      "StatusCode": 200
    },
    {
      "RequestUri": "/subscriptions/e638312d-094f-40fd-a2cc-579fe8490bbd/resourceGroups/MyResourceGroup/providers/Microsoft.Cache/Redis/powershelltest?api-version=2014-04-01-preview",
      "EncodedRequestUri": "L3N1YnNjcmlwdGlvbnMvZTYzODMxMmQtMDk0Zi00MGZkLWEyY2MtNTc5ZmU4NDkwYmJkL3Jlc291cmNlR3JvdXBzL015UmVzb3VyY2VHcm91cC9wcm92aWRlcnMvTWljcm9zb2Z0LkNhY2hlL1JlZGlzL3Bvd2Vyc2hlbGx0ZXN0P2FwaS12ZXJzaW9uPTIwMTQtMDQtMDEtcHJldmlldw==",
      "RequestMethod": "GET",
      "RequestBody": "",
      "RequestHeaders": {
        "User-Agent": [
          "Microsoft.Azure.Management.Redis.RedisManagementClient/0.9.0.0"
        ]
      },
      "ResponseBody": "{\r\n  \"id\": \"/subscriptions/e638312d-094f-40fd-a2cc-579fe8490bbd/resourceGroups/MyResourceGroup/providers/Microsoft.Cache/Redis/powershelltest\",\r\n  \"location\": \"North Central US\",\r\n  \"name\": \"powershelltest\",\r\n  \"type\": \"Microsoft.Cache/Redis\",\r\n  \"tags\": null,\r\n  \"properties\": {\r\n    \"provisioningState\": \"Creating\",\r\n    \"redisVersion\": \"2.8\",\r\n    \"sku\": {\r\n      \"name\": \"Basic\",\r\n      \"family\": \"C\",\r\n      \"capacity\": 0\r\n    },\r\n    \"enableNonSslPort\": false,\r\n    \"maxMemoryPolicy\": null,\r\n    \"accessKeys\": null,\r\n    \"hostName\": \"powershelltest.redis.cache.windows.net\",\r\n    \"port\": 6379,\r\n    \"sslPort\": 6380\r\n  }\r\n}",
      "ResponseHeaders": {
        "Content-Length": [
          "496"
        ],
        "Content-Type": [
          "application/json; charset=utf-8"
        ],
        "Expires": [
          "-1"
        ],
        "Pragma": [
          "no-cache"
        ],
        "x-ms-request-id": [
          "02f6988b-d6f5-44d7-92c5-9afa5ac4e0a2"
        ],
        "x-rp-server-mvid": [
          "a381990d-ae56-4d98-bbbe-57915ba00903"
        ],
        "Strict-Transport-Security": [
          "max-age=31536000; includeSubDomains"
        ],
        "x-ms-ratelimit-remaining-subscription-reads": [
          "799947"
        ],
        "x-ms-correlation-request-id": [
          "ca62d599-8a4d-43be-a465-acf536dc471e"
        ],
        "x-ms-routing-request-id": [
          "WESTUS:20141112T223000Z:ca62d599-8a4d-43be-a465-acf536dc471e"
        ],
        "Cache-Control": [
          "no-cache"
        ],
        "Date": [
          "Wed, 12 Nov 2014 22:29:59 GMT"
        ],
        "Server": [
          "Microsoft-HTTPAPI/2.0"
        ]
      },
      "StatusCode": 200
    },
    {
      "RequestUri": "/subscriptions/e638312d-094f-40fd-a2cc-579fe8490bbd/resourceGroups/MyResourceGroup/providers/Microsoft.Cache/Redis/powershelltest?api-version=2014-04-01-preview",
      "EncodedRequestUri": "L3N1YnNjcmlwdGlvbnMvZTYzODMxMmQtMDk0Zi00MGZkLWEyY2MtNTc5ZmU4NDkwYmJkL3Jlc291cmNlR3JvdXBzL015UmVzb3VyY2VHcm91cC9wcm92aWRlcnMvTWljcm9zb2Z0LkNhY2hlL1JlZGlzL3Bvd2Vyc2hlbGx0ZXN0P2FwaS12ZXJzaW9uPTIwMTQtMDQtMDEtcHJldmlldw==",
      "RequestMethod": "GET",
      "RequestBody": "",
      "RequestHeaders": {
        "User-Agent": [
          "Microsoft.Azure.Management.Redis.RedisManagementClient/0.9.0.0"
        ]
      },
      "ResponseBody": "{\r\n  \"id\": \"/subscriptions/e638312d-094f-40fd-a2cc-579fe8490bbd/resourceGroups/MyResourceGroup/providers/Microsoft.Cache/Redis/powershelltest\",\r\n  \"location\": \"North Central US\",\r\n  \"name\": \"powershelltest\",\r\n  \"type\": \"Microsoft.Cache/Redis\",\r\n  \"tags\": null,\r\n  \"properties\": {\r\n    \"provisioningState\": \"Creating\",\r\n    \"redisVersion\": \"2.8\",\r\n    \"sku\": {\r\n      \"name\": \"Basic\",\r\n      \"family\": \"C\",\r\n      \"capacity\": 0\r\n    },\r\n    \"enableNonSslPort\": false,\r\n    \"maxMemoryPolicy\": null,\r\n    \"accessKeys\": null,\r\n    \"hostName\": \"powershelltest.redis.cache.windows.net\",\r\n    \"port\": 6379,\r\n    \"sslPort\": 6380\r\n  }\r\n}",
      "ResponseHeaders": {
        "Content-Length": [
          "496"
        ],
        "Content-Type": [
          "application/json; charset=utf-8"
        ],
        "Expires": [
          "-1"
        ],
        "Pragma": [
          "no-cache"
        ],
        "x-ms-request-id": [
          "aca7588c-dee9-4bb1-9844-e9c9a8e484c5"
        ],
        "x-rp-server-mvid": [
          "a381990d-ae56-4d98-bbbe-57915ba00903"
        ],
        "Strict-Transport-Security": [
          "max-age=31536000; includeSubDomains"
        ],
        "x-ms-ratelimit-remaining-subscription-reads": [
          "799947"
        ],
        "x-ms-correlation-request-id": [
          "41680a5e-ebfb-44ae-a198-23a046301c3f"
        ],
        "x-ms-routing-request-id": [
          "WESTUS:20141112T223030Z:41680a5e-ebfb-44ae-a198-23a046301c3f"
        ],
        "Cache-Control": [
          "no-cache"
        ],
        "Date": [
          "Wed, 12 Nov 2014 22:30:29 GMT"
        ],
        "Server": [
          "Microsoft-HTTPAPI/2.0"
        ]
      },
      "StatusCode": 200
    },
    {
      "RequestUri": "/subscriptions/e638312d-094f-40fd-a2cc-579fe8490bbd/resourceGroups/MyResourceGroup/providers/Microsoft.Cache/Redis/powershelltest?api-version=2014-04-01-preview",
      "EncodedRequestUri": "L3N1YnNjcmlwdGlvbnMvZTYzODMxMmQtMDk0Zi00MGZkLWEyY2MtNTc5ZmU4NDkwYmJkL3Jlc291cmNlR3JvdXBzL015UmVzb3VyY2VHcm91cC9wcm92aWRlcnMvTWljcm9zb2Z0LkNhY2hlL1JlZGlzL3Bvd2Vyc2hlbGx0ZXN0P2FwaS12ZXJzaW9uPTIwMTQtMDQtMDEtcHJldmlldw==",
      "RequestMethod": "GET",
      "RequestBody": "",
      "RequestHeaders": {
        "User-Agent": [
          "Microsoft.Azure.Management.Redis.RedisManagementClient/0.9.0.0"
        ]
      },
      "ResponseBody": "{\r\n  \"id\": \"/subscriptions/e638312d-094f-40fd-a2cc-579fe8490bbd/resourceGroups/MyResourceGroup/providers/Microsoft.Cache/Redis/powershelltest\",\r\n  \"location\": \"North Central US\",\r\n  \"name\": \"powershelltest\",\r\n  \"type\": \"Microsoft.Cache/Redis\",\r\n  \"tags\": null,\r\n  \"properties\": {\r\n    \"provisioningState\": \"Creating\",\r\n    \"redisVersion\": \"2.8\",\r\n    \"sku\": {\r\n      \"name\": \"Basic\",\r\n      \"family\": \"C\",\r\n      \"capacity\": 0\r\n    },\r\n    \"enableNonSslPort\": false,\r\n    \"maxMemoryPolicy\": null,\r\n    \"accessKeys\": null,\r\n    \"hostName\": \"powershelltest.redis.cache.windows.net\",\r\n    \"port\": 6379,\r\n    \"sslPort\": 6380\r\n  }\r\n}",
      "ResponseHeaders": {
        "Content-Length": [
          "496"
        ],
        "Content-Type": [
          "application/json; charset=utf-8"
        ],
        "Expires": [
          "-1"
        ],
        "Pragma": [
          "no-cache"
        ],
        "x-ms-request-id": [
          "94f49164-de9c-45db-9fe4-2552a4056c77"
        ],
        "x-rp-server-mvid": [
          "a381990d-ae56-4d98-bbbe-57915ba00903"
        ],
        "Strict-Transport-Security": [
          "max-age=31536000; includeSubDomains"
        ],
        "x-ms-ratelimit-remaining-subscription-reads": [
          "799946"
        ],
        "x-ms-correlation-request-id": [
          "86ddfc37-8186-43a7-9988-2b5bb6c38706"
        ],
        "x-ms-routing-request-id": [
          "WESTUS:20141112T223100Z:86ddfc37-8186-43a7-9988-2b5bb6c38706"
        ],
        "Cache-Control": [
          "no-cache"
        ],
        "Date": [
          "Wed, 12 Nov 2014 22:30:59 GMT"
        ],
        "Server": [
          "Microsoft-HTTPAPI/2.0"
        ]
      },
      "StatusCode": 200
    },
    {
      "RequestUri": "/subscriptions/e638312d-094f-40fd-a2cc-579fe8490bbd/resourceGroups/MyResourceGroup/providers/Microsoft.Cache/Redis/powershelltest?api-version=2014-04-01-preview",
      "EncodedRequestUri": "L3N1YnNjcmlwdGlvbnMvZTYzODMxMmQtMDk0Zi00MGZkLWEyY2MtNTc5ZmU4NDkwYmJkL3Jlc291cmNlR3JvdXBzL015UmVzb3VyY2VHcm91cC9wcm92aWRlcnMvTWljcm9zb2Z0LkNhY2hlL1JlZGlzL3Bvd2Vyc2hlbGx0ZXN0P2FwaS12ZXJzaW9uPTIwMTQtMDQtMDEtcHJldmlldw==",
      "RequestMethod": "GET",
      "RequestBody": "",
      "RequestHeaders": {
        "User-Agent": [
          "Microsoft.Azure.Management.Redis.RedisManagementClient/0.9.0.0"
        ]
      },
      "ResponseBody": "{\r\n  \"id\": \"/subscriptions/e638312d-094f-40fd-a2cc-579fe8490bbd/resourceGroups/MyResourceGroup/providers/Microsoft.Cache/Redis/powershelltest\",\r\n  \"location\": \"North Central US\",\r\n  \"name\": \"powershelltest\",\r\n  \"type\": \"Microsoft.Cache/Redis\",\r\n  \"tags\": null,\r\n  \"properties\": {\r\n    \"provisioningState\": \"Creating\",\r\n    \"redisVersion\": \"2.8\",\r\n    \"sku\": {\r\n      \"name\": \"Basic\",\r\n      \"family\": \"C\",\r\n      \"capacity\": 0\r\n    },\r\n    \"enableNonSslPort\": false,\r\n    \"maxMemoryPolicy\": null,\r\n    \"accessKeys\": null,\r\n    \"hostName\": \"powershelltest.redis.cache.windows.net\",\r\n    \"port\": 6379,\r\n    \"sslPort\": 6380\r\n  }\r\n}",
      "ResponseHeaders": {
        "Content-Length": [
          "496"
        ],
        "Content-Type": [
          "application/json; charset=utf-8"
        ],
        "Expires": [
          "-1"
        ],
        "Pragma": [
          "no-cache"
        ],
        "x-ms-request-id": [
          "2289eacb-b590-43ac-8909-e8c5fd9fc3fd"
        ],
        "x-rp-server-mvid": [
          "a381990d-ae56-4d98-bbbe-57915ba00903"
        ],
        "Strict-Transport-Security": [
          "max-age=31536000; includeSubDomains"
        ],
        "x-ms-ratelimit-remaining-subscription-reads": [
          "799945"
        ],
        "x-ms-correlation-request-id": [
          "d82cd1cb-3aa6-4738-baac-7834b87c9227"
        ],
        "x-ms-routing-request-id": [
          "WESTUS:20141112T223130Z:d82cd1cb-3aa6-4738-baac-7834b87c9227"
        ],
        "Cache-Control": [
          "no-cache"
        ],
        "Date": [
          "Wed, 12 Nov 2014 22:31:30 GMT"
        ],
        "Server": [
          "Microsoft-HTTPAPI/2.0"
        ]
      },
      "StatusCode": 200
    },
    {
      "RequestUri": "/subscriptions/e638312d-094f-40fd-a2cc-579fe8490bbd/resourceGroups/MyResourceGroup/providers/Microsoft.Cache/Redis/powershelltest?api-version=2014-04-01-preview",
      "EncodedRequestUri": "L3N1YnNjcmlwdGlvbnMvZTYzODMxMmQtMDk0Zi00MGZkLWEyY2MtNTc5ZmU4NDkwYmJkL3Jlc291cmNlR3JvdXBzL015UmVzb3VyY2VHcm91cC9wcm92aWRlcnMvTWljcm9zb2Z0LkNhY2hlL1JlZGlzL3Bvd2Vyc2hlbGx0ZXN0P2FwaS12ZXJzaW9uPTIwMTQtMDQtMDEtcHJldmlldw==",
      "RequestMethod": "GET",
      "RequestBody": "",
      "RequestHeaders": {
        "User-Agent": [
          "Microsoft.Azure.Management.Redis.RedisManagementClient/0.9.0.0"
        ]
      },
      "ResponseBody": "{\r\n  \"id\": \"/subscriptions/e638312d-094f-40fd-a2cc-579fe8490bbd/resourceGroups/MyResourceGroup/providers/Microsoft.Cache/Redis/powershelltest\",\r\n  \"location\": \"North Central US\",\r\n  \"name\": \"powershelltest\",\r\n  \"type\": \"Microsoft.Cache/Redis\",\r\n  \"tags\": null,\r\n  \"properties\": {\r\n    \"provisioningState\": \"Creating\",\r\n    \"redisVersion\": \"2.8\",\r\n    \"sku\": {\r\n      \"name\": \"Basic\",\r\n      \"family\": \"C\",\r\n      \"capacity\": 0\r\n    },\r\n    \"enableNonSslPort\": false,\r\n    \"maxMemoryPolicy\": null,\r\n    \"accessKeys\": null,\r\n    \"hostName\": \"powershelltest.redis.cache.windows.net\",\r\n    \"port\": 6379,\r\n    \"sslPort\": 6380\r\n  }\r\n}",
      "ResponseHeaders": {
        "Content-Length": [
          "496"
        ],
        "Content-Type": [
          "application/json; charset=utf-8"
        ],
        "Expires": [
          "-1"
        ],
        "Pragma": [
          "no-cache"
        ],
        "x-ms-request-id": [
          "90c119e7-c4cf-4540-a12e-08786c82fffd"
        ],
        "x-rp-server-mvid": [
          "a381990d-ae56-4d98-bbbe-57915ba00903"
        ],
        "Strict-Transport-Security": [
          "max-age=31536000; includeSubDomains"
        ],
        "x-ms-ratelimit-remaining-subscription-reads": [
          "799944"
        ],
        "x-ms-correlation-request-id": [
          "005cf352-1bb0-4260-ab6e-794fe6b86617"
        ],
        "x-ms-routing-request-id": [
          "WESTUS:20141112T223200Z:005cf352-1bb0-4260-ab6e-794fe6b86617"
        ],
        "Cache-Control": [
          "no-cache"
        ],
        "Date": [
          "Wed, 12 Nov 2014 22:31:59 GMT"
        ],
        "Server": [
          "Microsoft-HTTPAPI/2.0"
        ]
      },
      "StatusCode": 200
    },
    {
      "RequestUri": "/subscriptions/e638312d-094f-40fd-a2cc-579fe8490bbd/resourceGroups/MyResourceGroup/providers/Microsoft.Cache/Redis/powershelltest?api-version=2014-04-01-preview",
      "EncodedRequestUri": "L3N1YnNjcmlwdGlvbnMvZTYzODMxMmQtMDk0Zi00MGZkLWEyY2MtNTc5ZmU4NDkwYmJkL3Jlc291cmNlR3JvdXBzL015UmVzb3VyY2VHcm91cC9wcm92aWRlcnMvTWljcm9zb2Z0LkNhY2hlL1JlZGlzL3Bvd2Vyc2hlbGx0ZXN0P2FwaS12ZXJzaW9uPTIwMTQtMDQtMDEtcHJldmlldw==",
      "RequestMethod": "GET",
      "RequestBody": "",
      "RequestHeaders": {
        "User-Agent": [
          "Microsoft.Azure.Management.Redis.RedisManagementClient/0.9.0.0"
        ]
      },
      "ResponseBody": "{\r\n  \"id\": \"/subscriptions/e638312d-094f-40fd-a2cc-579fe8490bbd/resourceGroups/MyResourceGroup/providers/Microsoft.Cache/Redis/powershelltest\",\r\n  \"location\": \"North Central US\",\r\n  \"name\": \"powershelltest\",\r\n  \"type\": \"Microsoft.Cache/Redis\",\r\n  \"tags\": null,\r\n  \"properties\": {\r\n    \"provisioningState\": \"Creating\",\r\n    \"redisVersion\": \"2.8\",\r\n    \"sku\": {\r\n      \"name\": \"Basic\",\r\n      \"family\": \"C\",\r\n      \"capacity\": 0\r\n    },\r\n    \"enableNonSslPort\": false,\r\n    \"maxMemoryPolicy\": null,\r\n    \"accessKeys\": null,\r\n    \"hostName\": \"powershelltest.redis.cache.windows.net\",\r\n    \"port\": 6379,\r\n    \"sslPort\": 6380\r\n  }\r\n}",
      "ResponseHeaders": {
        "Content-Length": [
          "496"
        ],
        "Content-Type": [
          "application/json; charset=utf-8"
        ],
        "Expires": [
          "-1"
        ],
        "Pragma": [
          "no-cache"
        ],
        "x-ms-request-id": [
          "6a2096be-a30b-41ff-a900-bbd11beeea52"
        ],
        "x-rp-server-mvid": [
          "a381990d-ae56-4d98-bbbe-57915ba00903"
        ],
        "Strict-Transport-Security": [
          "max-age=31536000; includeSubDomains"
        ],
        "x-ms-ratelimit-remaining-subscription-reads": [
          "799943"
        ],
        "x-ms-correlation-request-id": [
          "ef546557-f59d-492c-a666-56f64e5905d2"
        ],
        "x-ms-routing-request-id": [
          "WESTUS:20141112T223230Z:ef546557-f59d-492c-a666-56f64e5905d2"
        ],
        "Cache-Control": [
          "no-cache"
        ],
        "Date": [
          "Wed, 12 Nov 2014 22:32:30 GMT"
        ],
        "Server": [
          "Microsoft-HTTPAPI/2.0"
        ]
      },
      "StatusCode": 200
    },
    {
      "RequestUri": "/subscriptions/e638312d-094f-40fd-a2cc-579fe8490bbd/resourceGroups/MyResourceGroup/providers/Microsoft.Cache/Redis/powershelltest?api-version=2014-04-01-preview",
      "EncodedRequestUri": "L3N1YnNjcmlwdGlvbnMvZTYzODMxMmQtMDk0Zi00MGZkLWEyY2MtNTc5ZmU4NDkwYmJkL3Jlc291cmNlR3JvdXBzL015UmVzb3VyY2VHcm91cC9wcm92aWRlcnMvTWljcm9zb2Z0LkNhY2hlL1JlZGlzL3Bvd2Vyc2hlbGx0ZXN0P2FwaS12ZXJzaW9uPTIwMTQtMDQtMDEtcHJldmlldw==",
      "RequestMethod": "GET",
      "RequestBody": "",
      "RequestHeaders": {
        "User-Agent": [
          "Microsoft.Azure.Management.Redis.RedisManagementClient/0.9.0.0"
        ]
      },
      "ResponseBody": "{\r\n  \"id\": \"/subscriptions/e638312d-094f-40fd-a2cc-579fe8490bbd/resourceGroups/MyResourceGroup/providers/Microsoft.Cache/Redis/powershelltest\",\r\n  \"location\": \"North Central US\",\r\n  \"name\": \"powershelltest\",\r\n  \"type\": \"Microsoft.Cache/Redis\",\r\n  \"tags\": null,\r\n  \"properties\": {\r\n    \"provisioningState\": \"Creating\",\r\n    \"redisVersion\": \"2.8\",\r\n    \"sku\": {\r\n      \"name\": \"Basic\",\r\n      \"family\": \"C\",\r\n      \"capacity\": 0\r\n    },\r\n    \"enableNonSslPort\": false,\r\n    \"maxMemoryPolicy\": null,\r\n    \"accessKeys\": null,\r\n    \"hostName\": \"powershelltest.redis.cache.windows.net\",\r\n    \"port\": 6379,\r\n    \"sslPort\": 6380\r\n  }\r\n}",
      "ResponseHeaders": {
        "Content-Length": [
          "496"
        ],
        "Content-Type": [
          "application/json; charset=utf-8"
        ],
        "Expires": [
          "-1"
        ],
        "Pragma": [
          "no-cache"
        ],
        "x-ms-request-id": [
          "09b4fe50-7a29-4bd4-9b17-6cea9fef1c8f"
        ],
        "x-rp-server-mvid": [
          "a381990d-ae56-4d98-bbbe-57915ba00903"
        ],
        "Strict-Transport-Security": [
          "max-age=31536000; includeSubDomains"
        ],
        "x-ms-ratelimit-remaining-subscription-reads": [
          "799942"
        ],
        "x-ms-correlation-request-id": [
          "9c897d10-64dd-4b28-9885-6691dc7c5b03"
        ],
        "x-ms-routing-request-id": [
          "WESTUS:20141112T223301Z:9c897d10-64dd-4b28-9885-6691dc7c5b03"
        ],
        "Cache-Control": [
          "no-cache"
        ],
        "Date": [
          "Wed, 12 Nov 2014 22:33:00 GMT"
        ],
        "Server": [
          "Microsoft-HTTPAPI/2.0"
        ]
      },
      "StatusCode": 200
    },
    {
      "RequestUri": "/subscriptions/e638312d-094f-40fd-a2cc-579fe8490bbd/resourceGroups/MyResourceGroup/providers/Microsoft.Cache/Redis/powershelltest?api-version=2014-04-01-preview",
      "EncodedRequestUri": "L3N1YnNjcmlwdGlvbnMvZTYzODMxMmQtMDk0Zi00MGZkLWEyY2MtNTc5ZmU4NDkwYmJkL3Jlc291cmNlR3JvdXBzL015UmVzb3VyY2VHcm91cC9wcm92aWRlcnMvTWljcm9zb2Z0LkNhY2hlL1JlZGlzL3Bvd2Vyc2hlbGx0ZXN0P2FwaS12ZXJzaW9uPTIwMTQtMDQtMDEtcHJldmlldw==",
      "RequestMethod": "GET",
      "RequestBody": "",
      "RequestHeaders": {
        "User-Agent": [
          "Microsoft.Azure.Management.Redis.RedisManagementClient/0.9.0.0"
        ]
      },
      "ResponseBody": "{\r\n  \"id\": \"/subscriptions/e638312d-094f-40fd-a2cc-579fe8490bbd/resourceGroups/MyResourceGroup/providers/Microsoft.Cache/Redis/powershelltest\",\r\n  \"location\": \"North Central US\",\r\n  \"name\": \"powershelltest\",\r\n  \"type\": \"Microsoft.Cache/Redis\",\r\n  \"tags\": null,\r\n  \"properties\": {\r\n    \"provisioningState\": \"Succeeded\",\r\n    \"redisVersion\": \"2.8\",\r\n    \"sku\": {\r\n      \"name\": \"Basic\",\r\n      \"family\": \"C\",\r\n      \"capacity\": 0\r\n    },\r\n    \"enableNonSslPort\": false,\r\n    \"maxMemoryPolicy\": null,\r\n    \"accessKeys\": null,\r\n    \"hostName\": \"powershelltest.redis.cache.windows.net\",\r\n    \"port\": 6379,\r\n    \"sslPort\": 6380\r\n  }\r\n}",
      "ResponseHeaders": {
        "Content-Length": [
          "497"
        ],
        "Content-Type": [
          "application/json; charset=utf-8"
        ],
        "Expires": [
          "-1"
        ],
        "Pragma": [
          "no-cache"
        ],
        "x-ms-request-id": [
          "a00a17de-51a3-44be-aebb-eb1694a1f64e"
        ],
        "x-rp-server-mvid": [
          "a381990d-ae56-4d98-bbbe-57915ba00903"
        ],
        "Strict-Transport-Security": [
          "max-age=31536000; includeSubDomains"
        ],
        "x-ms-ratelimit-remaining-subscription-reads": [
          "799940"
        ],
        "x-ms-correlation-request-id": [
          "12a49e0a-df37-4104-adc1-63e70f33c730"
        ],
        "x-ms-routing-request-id": [
          "WESTUS:20141112T223331Z:12a49e0a-df37-4104-adc1-63e70f33c730"
        ],
        "Cache-Control": [
          "no-cache"
        ],
        "Date": [
          "Wed, 12 Nov 2014 22:33:30 GMT"
        ],
        "Server": [
          "Microsoft-HTTPAPI/2.0"
        ]
      },
      "StatusCode": 200
    },
    {
      "RequestUri": "/subscriptions/e638312d-094f-40fd-a2cc-579fe8490bbd/resourceGroups/MyResourceGroup/providers/Microsoft.Cache/Redis/powershelltest?api-version=2014-04-01-preview",
      "EncodedRequestUri": "L3N1YnNjcmlwdGlvbnMvZTYzODMxMmQtMDk0Zi00MGZkLWEyY2MtNTc5ZmU4NDkwYmJkL3Jlc291cmNlR3JvdXBzL015UmVzb3VyY2VHcm91cC9wcm92aWRlcnMvTWljcm9zb2Z0LkNhY2hlL1JlZGlzL3Bvd2Vyc2hlbGx0ZXN0P2FwaS12ZXJzaW9uPTIwMTQtMDQtMDEtcHJldmlldw==",
      "RequestMethod": "GET",
      "RequestBody": "",
      "RequestHeaders": {
        "User-Agent": [
          "Microsoft.Azure.Management.Redis.RedisManagementClient/0.9.0.0"
        ]
      },
      "ResponseBody": "{\r\n  \"id\": \"/subscriptions/e638312d-094f-40fd-a2cc-579fe8490bbd/resourceGroups/MyResourceGroup/providers/Microsoft.Cache/Redis/powershelltest\",\r\n  \"location\": \"North Central US\",\r\n  \"name\": \"powershelltest\",\r\n  \"type\": \"Microsoft.Cache/Redis\",\r\n  \"tags\": null,\r\n  \"properties\": {\r\n    \"provisioningState\": \"Succeeded\",\r\n    \"redisVersion\": \"2.8\",\r\n    \"sku\": {\r\n      \"name\": \"Basic\",\r\n      \"family\": \"C\",\r\n      \"capacity\": 0\r\n    },\r\n    \"enableNonSslPort\": false,\r\n    \"maxMemoryPolicy\": null,\r\n    \"accessKeys\": null,\r\n    \"hostName\": \"powershelltest.redis.cache.windows.net\",\r\n    \"port\": 6379,\r\n    \"sslPort\": 6380\r\n  }\r\n}",
      "ResponseHeaders": {
        "Content-Length": [
          "497"
        ],
        "Content-Type": [
          "application/json; charset=utf-8"
        ],
        "Expires": [
          "-1"
        ],
        "Pragma": [
          "no-cache"
        ],
        "x-ms-request-id": [
          "02312b24-e143-47cd-ab30-15e6a3b2f38c"
        ],
        "x-rp-server-mvid": [
          "a381990d-ae56-4d98-bbbe-57915ba00903"
        ],
        "Strict-Transport-Security": [
          "max-age=31536000; includeSubDomains"
        ],
        "x-ms-ratelimit-remaining-subscription-reads": [
          "799939"
        ],
        "x-ms-correlation-request-id": [
          "da0af2be-70ca-4da5-a80a-b5deeb85796c"
        ],
        "x-ms-routing-request-id": [
          "WESTUS:20141112T223331Z:da0af2be-70ca-4da5-a80a-b5deeb85796c"
        ],
        "Cache-Control": [
          "no-cache"
        ],
        "Date": [
          "Wed, 12 Nov 2014 22:33:30 GMT"
        ],
        "Server": [
          "Microsoft-HTTPAPI/2.0"
        ]
      },
      "StatusCode": 200
    },
    {
      "RequestUri": "/subscriptions/e638312d-094f-40fd-a2cc-579fe8490bbd/resourceGroups/MyResourceGroup/providers/Microsoft.Cache/Redis/powershelltest?api-version=2014-04-01-preview",
      "EncodedRequestUri": "L3N1YnNjcmlwdGlvbnMvZTYzODMxMmQtMDk0Zi00MGZkLWEyY2MtNTc5ZmU4NDkwYmJkL3Jlc291cmNlR3JvdXBzL015UmVzb3VyY2VHcm91cC9wcm92aWRlcnMvTWljcm9zb2Z0LkNhY2hlL1JlZGlzL3Bvd2Vyc2hlbGx0ZXN0P2FwaS12ZXJzaW9uPTIwMTQtMDQtMDEtcHJldmlldw==",
      "RequestMethod": "PUT",
      "RequestBody": "{\r\n  \"location\": \"North Central US\",\r\n  \"properties\": {\r\n    \"redisVersion\": \"2.8\",\r\n    \"sku\": {\r\n      \"name\": \"Basic\",\r\n      \"family\": \"C\",\r\n      \"capacity\": 0\r\n    },\r\n    \"enableNonSslPort\": false\r\n  }\r\n}",
      "RequestHeaders": {
        "Content-Type": [
          "application/json"
        ],
        "Content-Length": [
          "211"
        ],
        "User-Agent": [
          "Microsoft.Azure.Management.Redis.RedisManagementClient/0.9.0.0"
        ]
      },
      "ResponseBody": "{\r\n  \"id\": \"/subscriptions/e638312d-094f-40fd-a2cc-579fe8490bbd/resourceGroups/MyResourceGroup/providers/Microsoft.Cache/Redis/powershelltest\",\r\n  \"location\": \"North Central US\",\r\n  \"name\": \"powershelltest\",\r\n  \"type\": \"Microsoft.Cache/Redis\",\r\n  \"tags\": null,\r\n  \"properties\": {\r\n    \"provisioningState\": \"Creating\",\r\n    \"redisVersion\": \"2.8\",\r\n    \"sku\": {\r\n      \"name\": \"Basic\",\r\n      \"family\": \"C\",\r\n      \"capacity\": 0\r\n    },\r\n    \"enableNonSslPort\": false,\r\n    \"maxMemoryPolicy\": null,\r\n    \"accessKeys\": {\r\n      \"primaryKey\": \"iXyacAggt3aHPjmUwM3ylH4wGV7tzs6duzGBOWRkIbw=\",\r\n      \"secondaryKey\": \"PuZk182zH3RYVDsrZIhFRXxQH+Tt4GXFi1zQPNvLwgY=\"\r\n    },\r\n    \"hostName\": \"powershelltest.redis.cache.windows.net\",\r\n    \"port\": 6379,\r\n    \"sslPort\": 6380\r\n  }\r\n}",
      "ResponseHeaders": {
        "Content-Length": [
          "615"
        ],
        "Content-Type": [
          "application/json; charset=utf-8"
        ],
        "Expires": [
          "-1"
        ],
        "Pragma": [
          "no-cache"
        ],
        "x-ms-request-id": [
          "1200762c-5d29-44ca-8535-a77943d0f122"
        ],
        "x-rp-server-mvid": [
          "a381990d-ae56-4d98-bbbe-57915ba00903"
        ],
        "Strict-Transport-Security": [
          "max-age=31536000; includeSubDomains"
        ],
        "x-ms-ratelimit-remaining-subscription-writes": [
          "11999"
        ],
        "x-ms-correlation-request-id": [
          "a3670b2b-4172-4e91-be35-5caa23f2acb6"
        ],
        "x-ms-routing-request-id": [
          "WESTUS:20141112T221856Z:a3670b2b-4172-4e91-be35-5caa23f2acb6"
        ],
        "Cache-Control": [
          "no-cache"
        ],
        "Date": [
          "Wed, 12 Nov 2014 22:18:56 GMT"
        ],
        "Location": [
          "https://cache.management.azure.com:10225/subscriptions/e638312d-094f-40fd-a2cc-579fe8490bbd/resourceGroups/MyResourceGroup/providers/Microsoft.Cache/Redis/powershelltest"
        ],
        "Server": [
          "Microsoft-HTTPAPI/2.0"
        ]
      },
      "StatusCode": 201
    },
    {
      "RequestUri": "/subscriptions/e638312d-094f-40fd-a2cc-579fe8490bbd/resourceGroups/MyResourceGroup/providers/Microsoft.Cache/Redis/powershelltest?api-version=2014-04-01-preview",
      "EncodedRequestUri": "L3N1YnNjcmlwdGlvbnMvZTYzODMxMmQtMDk0Zi00MGZkLWEyY2MtNTc5ZmU4NDkwYmJkL3Jlc291cmNlR3JvdXBzL015UmVzb3VyY2VHcm91cC9wcm92aWRlcnMvTWljcm9zb2Z0LkNhY2hlL1JlZGlzL3Bvd2Vyc2hlbGx0ZXN0P2FwaS12ZXJzaW9uPTIwMTQtMDQtMDEtcHJldmlldw==",
      "RequestMethod": "PUT",
      "RequestBody": "{\r\n  \"location\": \"North Central US\",\r\n  \"properties\": {\r\n    \"redisVersion\": \"2.8\",\r\n    \"sku\": {\r\n      \"name\": \"Basic\",\r\n      \"family\": \"C\",\r\n      \"capacity\": 0\r\n    },\r\n    \"maxMemoryPolicy\": \"AllKeysLRU\",\r\n    \"enableNonSslPort\": false\r\n  }\r\n}",
      "RequestHeaders": {
        "Content-Type": [
          "application/json"
        ],
        "Content-Length": [
          "249"
        ],
        "User-Agent": [
          "Microsoft.Azure.Management.Redis.RedisManagementClient/0.9.0.0"
        ]
      },
      "ResponseBody": "{\r\n  \"id\": \"/subscriptions/e638312d-094f-40fd-a2cc-579fe8490bbd/resourceGroups/MyResourceGroup/providers/Microsoft.Cache/Redis/powershelltest\",\r\n  \"location\": \"North Central US\",\r\n  \"name\": \"powershelltest\",\r\n  \"type\": \"Microsoft.Cache/Redis\",\r\n  \"tags\": null,\r\n  \"properties\": {\r\n    \"provisioningState\": \"Succeeded\",\r\n    \"redisVersion\": \"2.8\",\r\n    \"sku\": {\r\n      \"name\": \"Basic\",\r\n      \"family\": \"C\",\r\n      \"capacity\": 0\r\n    },\r\n    \"enableNonSslPort\": false,\r\n    \"maxMemoryPolicy\": \"AllKeysLRU\",\r\n    \"accessKeys\": {\r\n      \"primaryKey\": \"iXyacAggt3aHPjmUwM3ylH4wGV7tzs6duzGBOWRkIbw=\",\r\n      \"secondaryKey\": \"PuZk182zH3RYVDsrZIhFRXxQH+Tt4GXFi1zQPNvLwgY=\"\r\n    },\r\n    \"hostName\": \"powershelltest.redis.cache.windows.net\",\r\n    \"port\": 6379,\r\n    \"sslPort\": 6380\r\n  }\r\n}",
      "ResponseHeaders": {
        "Content-Length": [
          "624"
        ],
        "Content-Type": [
          "application/json; charset=utf-8"
        ],
        "Expires": [
          "-1"
        ],
        "Pragma": [
          "no-cache"
        ],
        "x-ms-request-id": [
          "5159f4cc-fa9c-4351-a973-2ebcb83cdb63"
        ],
        "x-rp-server-mvid": [
          "a381990d-ae56-4d98-bbbe-57915ba00903"
        ],
        "Strict-Transport-Security": [
          "max-age=31536000; includeSubDomains"
        ],
        "x-ms-ratelimit-remaining-subscription-writes": [
          "11998"
        ],
        "x-ms-correlation-request-id": [
          "3c94ef63-0c4e-44ac-8909-249d98d84c24"
        ],
        "x-ms-routing-request-id": [
          "WESTUS:20141112T223331Z:3c94ef63-0c4e-44ac-8909-249d98d84c24"
        ],
        "Cache-Control": [
          "no-cache"
        ],
        "Date": [
          "Wed, 12 Nov 2014 22:33:31 GMT"
        ],
        "Server": [
          "Microsoft-HTTPAPI/2.0"
        ]
      },
      "StatusCode": 200
    },
    {
      "RequestUri": "/subscriptions/e638312d-094f-40fd-a2cc-579fe8490bbd/resourceGroups/MyResourceGroup/providers/Microsoft.Cache/Redis/?api-version=2014-04-01-preview",
      "EncodedRequestUri": "L3N1YnNjcmlwdGlvbnMvZTYzODMxMmQtMDk0Zi00MGZkLWEyY2MtNTc5ZmU4NDkwYmJkL3Jlc291cmNlR3JvdXBzL015UmVzb3VyY2VHcm91cC9wcm92aWRlcnMvTWljcm9zb2Z0LkNhY2hlL1JlZGlzLz9hcGktdmVyc2lvbj0yMDE0LTA0LTAxLXByZXZpZXc=",
      "RequestMethod": "GET",
      "RequestBody": "",
      "RequestHeaders": {
        "User-Agent": [
          "Microsoft.Azure.Management.Redis.RedisManagementClient/0.9.0.0"
        ]
      },
      "ResponseBody": "{\r\n  \"value\": [\r\n    {\r\n      \"id\": \"/subscriptions/e638312d-094f-40fd-a2cc-579fe8490bbd/resourceGroups/MyResourceGroup/providers/Microsoft.Cache/Redis/myportalcache\",\r\n      \"location\": \"North Central US\",\r\n      \"name\": \"myportalcache\",\r\n      \"type\": \"Microsoft.Cache/Redis\",\r\n      \"tags\": null,\r\n      \"properties\": {\r\n        \"provisioningState\": \"Succeeded\",\r\n        \"redisVersion\": \"2.8\",\r\n        \"sku\": {\r\n          \"name\": \"Basic\",\r\n          \"family\": \"C\",\r\n          \"capacity\": 0\r\n        },\r\n        \"enableNonSslPort\": false,\r\n        \"maxMemoryPolicy\": null,\r\n        \"accessKeys\": null,\r\n        \"hostName\": \"myportalcache.redis.cache.windows.net\",\r\n        \"port\": 6379,\r\n        \"sslPort\": 6380\r\n      }\r\n    },\r\n    {\r\n      \"id\": \"/subscriptions/e638312d-094f-40fd-a2cc-579fe8490bbd/resourceGroups/MyResourceGroup/providers/Microsoft.Cache/Redis/powershelltest\",\r\n      \"location\": \"North Central US\",\r\n      \"name\": \"powershelltest\",\r\n      \"type\": \"Microsoft.Cache/Redis\",\r\n      \"tags\": null,\r\n      \"properties\": {\r\n        \"provisioningState\": \"Succeeded\",\r\n        \"redisVersion\": \"2.8\",\r\n        \"sku\": {\r\n          \"name\": \"Basic\",\r\n          \"family\": \"C\",\r\n          \"capacity\": 0\r\n        },\r\n        \"enableNonSslPort\": false,\r\n        \"maxMemoryPolicy\": \"AllKeysLRU\",\r\n        \"accessKeys\": null,\r\n        \"hostName\": \"powershelltest.redis.cache.windows.net\",\r\n        \"port\": 6379,\r\n        \"sslPort\": 6380\r\n      }\r\n    }\r\n  ],\r\n  \"nextLink\": \"\"\r\n}",
      "ResponseHeaders": {
        "Content-Length": [
          "1026"
        ],
        "Content-Type": [
          "application/json; charset=utf-8"
        ],
        "Expires": [
          "-1"
        ],
        "Pragma": [
          "no-cache"
        ],
        "x-ms-request-id": [
          "4ea7d003-e5bf-44c2-958d-807ef85fe178"
        ],
        "x-rp-server-mvid": [
          "a381990d-ae56-4d98-bbbe-57915ba00903"
        ],
        "Strict-Transport-Security": [
          "max-age=31536000; includeSubDomains"
        ],
        "x-ms-ratelimit-remaining-subscription-reads": [
          "799938"
        ],
        "x-ms-correlation-request-id": [
          "9c509b9a-e576-44da-9598-f83bfb73d36f"
        ],
        "x-ms-routing-request-id": [
          "WESTUS:20141112T223332Z:9c509b9a-e576-44da-9598-f83bfb73d36f"
        ],
        "Cache-Control": [
          "no-cache"
        ],
        "Date": [
          "Wed, 12 Nov 2014 22:33:31 GMT"
        ],
        "Server": [
          "Microsoft-HTTPAPI/2.0"
        ]
      },
      "StatusCode": 200
    },
    {
      "RequestUri": "/subscriptions/e638312d-094f-40fd-a2cc-579fe8490bbd/providers/Microsoft.Cache/Redis/?api-version=2014-04-01-preview",
      "EncodedRequestUri": "L3N1YnNjcmlwdGlvbnMvZTYzODMxMmQtMDk0Zi00MGZkLWEyY2MtNTc5ZmU4NDkwYmJkL3Byb3ZpZGVycy9NaWNyb3NvZnQuQ2FjaGUvUmVkaXMvP2FwaS12ZXJzaW9uPTIwMTQtMDQtMDEtcHJldmlldw==",
      "RequestMethod": "GET",
      "RequestBody": "",
      "RequestHeaders": {
        "User-Agent": [
          "Microsoft.Azure.Management.Redis.RedisManagementClient/0.9.0.0"
        ]
      },
      "ResponseBody": "{\r\n  \"value\": [\r\n    {\r\n      \"id\": \"/subscriptions/e638312d-094f-40fd-a2cc-579fe8490bbd/resourceGroups/MyResourceGroup/providers/Microsoft.Cache/Redis/myportalcache\",\r\n      \"location\": \"North Central US\",\r\n      \"name\": \"myportalcache\",\r\n      \"type\": \"Microsoft.Cache/Redis\",\r\n      \"tags\": null,\r\n      \"properties\": {\r\n        \"provisioningState\": \"Succeeded\",\r\n        \"redisVersion\": \"2.8\",\r\n        \"sku\": {\r\n          \"name\": \"Basic\",\r\n          \"family\": \"C\",\r\n          \"capacity\": 0\r\n        },\r\n        \"enableNonSslPort\": false,\r\n        \"maxMemoryPolicy\": null,\r\n        \"accessKeys\": null,\r\n        \"hostName\": \"myportalcache.redis.cache.windows.net\",\r\n        \"port\": 6379,\r\n        \"sslPort\": 6380\r\n      }\r\n    },\r\n    {\r\n      \"id\": \"/subscriptions/e638312d-094f-40fd-a2cc-579fe8490bbd/resourceGroups/Default-Storage-NorthCentralUS/providers/Microsoft.Cache/Redis/rptestcache\",\r\n      \"location\": \"North Central US\",\r\n      \"name\": \"rptestcache\",\r\n      \"type\": \"Microsoft.Cache/Redis\",\r\n      \"tags\": null,\r\n      \"properties\": {\r\n        \"provisioningState\": \"Succeeded\",\r\n        \"redisVersion\": \"2.8\",\r\n        \"sku\": {\r\n          \"name\": \"Standard\",\r\n          \"family\": \"C\",\r\n          \"capacity\": 1\r\n        },\r\n        \"enableNonSslPort\": true,\r\n        \"maxMemoryPolicy\": null,\r\n        \"accessKeys\": null,\r\n        \"hostName\": \"rptestcache.redis.cache.windows.net\",\r\n        \"port\": 6379,\r\n        \"sslPort\": 6380\r\n      }\r\n    },\r\n    {\r\n      \"id\": \"/subscriptions/e638312d-094f-40fd-a2cc-579fe8490bbd/resourceGroups/MyResourceGroup/providers/Microsoft.Cache/Redis/powershelltest\",\r\n      \"location\": \"North Central US\",\r\n      \"name\": \"powershelltest\",\r\n      \"type\": \"Microsoft.Cache/Redis\",\r\n      \"tags\": null,\r\n      \"properties\": {\r\n        \"provisioningState\": \"Succeeded\",\r\n        \"redisVersion\": \"2.8\",\r\n        \"sku\": {\r\n          \"name\": \"Basic\",\r\n          \"family\": \"C\",\r\n          \"capacity\": 0\r\n        },\r\n        \"enableNonSslPort\": false,\r\n        \"maxMemoryPolicy\": \"AllKeysLRU\",\r\n        \"accessKeys\": null,\r\n        \"hostName\": \"powershelltest.redis.cache.windows.net\",\r\n        \"port\": 6379,\r\n        \"sslPort\": 6380\r\n      }\r\n    }\r\n  ],\r\n  \"nextLink\": \"\"\r\n}",
      "ResponseHeaders": {
        "Content-Length": [
          "1532"
        ],
        "Content-Type": [
          "application/json; charset=utf-8"
        ],
        "Expires": [
          "-1"
        ],
        "Pragma": [
          "no-cache"
        ],
        "x-ms-request-id": [
          "fc29a6ad-26a4-449f-a454-e68d5b656835"
        ],
        "x-rp-server-mvid": [
          "a381990d-ae56-4d98-bbbe-57915ba00903"
        ],
        "Strict-Transport-Security": [
          "max-age=31536000; includeSubDomains"
        ],
        "x-ms-ratelimit-remaining-subscription-reads": [
          "799937"
        ],
        "x-ms-correlation-request-id": [
          "7b8f0a61-fdc1-4fe9-860e-bc6affe45d2f"
        ],
        "x-ms-routing-request-id": [
          "WESTUS:20141112T223332Z:7b8f0a61-fdc1-4fe9-860e-bc6affe45d2f"
        ],
        "Cache-Control": [
          "no-cache"
        ],
        "Date": [
          "Wed, 12 Nov 2014 22:33:31 GMT"
        ],
        "Server": [
          "Microsoft-HTTPAPI/2.0"
        ]
      },
      "StatusCode": 200
    },
    {
      "RequestUri": "/subscriptions/e638312d-094f-40fd-a2cc-579fe8490bbd/resourceGroups/MyResourceGroup/providers/Microsoft.Cache/Redis/powershelltest/listKeys?api-version=2014-04-01-preview",
      "EncodedRequestUri": "L3N1YnNjcmlwdGlvbnMvZTYzODMxMmQtMDk0Zi00MGZkLWEyY2MtNTc5ZmU4NDkwYmJkL3Jlc291cmNlR3JvdXBzL015UmVzb3VyY2VHcm91cC9wcm92aWRlcnMvTWljcm9zb2Z0LkNhY2hlL1JlZGlzL3Bvd2Vyc2hlbGx0ZXN0L2xpc3RLZXlzP2FwaS12ZXJzaW9uPTIwMTQtMDQtMDEtcHJldmlldw==",
      "RequestMethod": "POST",
      "RequestBody": "",
      "RequestHeaders": {
        "User-Agent": [
          "Microsoft.Azure.Management.Redis.RedisManagementClient/0.9.0.0"
        ]
      },
      "ResponseBody": "{\r\n  \"primaryKey\": \"iXyacAggt3aHPjmUwM3ylH4wGV7tzs6duzGBOWRkIbw=\",\r\n  \"secondaryKey\": \"PuZk182zH3RYVDsrZIhFRXxQH+Tt4GXFi1zQPNvLwgY=\"\r\n}",
      "ResponseHeaders": {
        "Content-Length": [
          "123"
        ],
        "Content-Type": [
          "application/json; charset=utf-8"
        ],
        "Expires": [
          "-1"
        ],
        "Pragma": [
          "no-cache"
        ],
        "x-ms-request-id": [
          "259b346e-ed3a-4738-af5b-fda11033801e"
        ],
        "x-rp-server-mvid": [
          "a381990d-ae56-4d98-bbbe-57915ba00903"
        ],
        "Strict-Transport-Security": [
          "max-age=31536000; includeSubDomains"
        ],
        "x-ms-ratelimit-remaining-subscription-writes": [
          "11997"
        ],
        "x-ms-correlation-request-id": [
          "b6d89ac2-52b4-457e-8056-01595b8185ab"
        ],
        "x-ms-routing-request-id": [
          "WESTUS:20141112T223332Z:b6d89ac2-52b4-457e-8056-01595b8185ab"
        ],
        "Cache-Control": [
          "no-cache"
        ],
        "Date": [
          "Wed, 12 Nov 2014 22:33:31 GMT"
        ],
        "Server": [
          "Microsoft-HTTPAPI/2.0"
        ]
      },
      "StatusCode": 200
    },
    {
      "RequestUri": "/subscriptions/e638312d-094f-40fd-a2cc-579fe8490bbd/resourceGroups/MyResourceGroup/providers/Microsoft.Cache/Redis/powershelltest/listKeys?api-version=2014-04-01-preview",
      "EncodedRequestUri": "L3N1YnNjcmlwdGlvbnMvZTYzODMxMmQtMDk0Zi00MGZkLWEyY2MtNTc5ZmU4NDkwYmJkL3Jlc291cmNlR3JvdXBzL015UmVzb3VyY2VHcm91cC9wcm92aWRlcnMvTWljcm9zb2Z0LkNhY2hlL1JlZGlzL3Bvd2Vyc2hlbGx0ZXN0L2xpc3RLZXlzP2FwaS12ZXJzaW9uPTIwMTQtMDQtMDEtcHJldmlldw==",
      "RequestMethod": "POST",
      "RequestBody": "",
      "RequestHeaders": {
        "User-Agent": [
          "Microsoft.Azure.Management.Redis.RedisManagementClient/0.9.0.0"
        ]
      },
      "ResponseBody": "{\r\n  \"primaryKey\": \"bQx0JsgyVBoelOwDRbHQ600Uaos1BYDZawgQRc4T1Wc=\",\r\n  \"secondaryKey\": \"PuZk182zH3RYVDsrZIhFRXxQH+Tt4GXFi1zQPNvLwgY=\"\r\n}",
      "ResponseHeaders": {
        "Content-Length": [
          "123"
        ],
        "Content-Type": [
          "application/json; charset=utf-8"
        ],
        "Expires": [
          "-1"
        ],
        "Pragma": [
          "no-cache"
        ],
        "x-ms-request-id": [
          "3cd827d7-b3ca-45d9-96c0-7df41c5cedca"
        ],
        "x-rp-server-mvid": [
          "a381990d-ae56-4d98-bbbe-57915ba00903"
        ],
        "Strict-Transport-Security": [
          "max-age=31536000; includeSubDomains"
        ],
        "x-ms-ratelimit-remaining-subscription-writes": [
          "11995"
        ],
        "x-ms-correlation-request-id": [
          "b084843a-f02f-41bf-b1b7-e9b03537647c"
        ],
        "x-ms-routing-request-id": [
          "WESTUS:20141112T223332Z:b084843a-f02f-41bf-b1b7-e9b03537647c"
        ],
        "Cache-Control": [
          "no-cache"
        ],
        "Date": [
          "Wed, 12 Nov 2014 22:33:32 GMT"
        ],
        "Server": [
          "Microsoft-HTTPAPI/2.0"
        ]
      },
      "StatusCode": 200
    },
    {
      "RequestUri": "/subscriptions/e638312d-094f-40fd-a2cc-579fe8490bbd/resourceGroups/MyResourceGroup/providers/Microsoft.Cache/Redis/powershelltest/regenerateKey?api-version=2014-04-01-preview",
      "EncodedRequestUri": "L3N1YnNjcmlwdGlvbnMvZTYzODMxMmQtMDk0Zi00MGZkLWEyY2MtNTc5ZmU4NDkwYmJkL3Jlc291cmNlR3JvdXBzL015UmVzb3VyY2VHcm91cC9wcm92aWRlcnMvTWljcm9zb2Z0LkNhY2hlL1JlZGlzL3Bvd2Vyc2hlbGx0ZXN0L3JlZ2VuZXJhdGVLZXk/YXBpLXZlcnNpb249MjAxNC0wNC0wMS1wcmV2aWV3",
      "RequestMethod": "POST",
      "RequestBody": "{\r\n  \"keyType\": \"Primary\"\r\n}",
      "RequestHeaders": {
        "Content-Type": [
          "application/json"
        ],
        "Content-Length": [
          "28"
        ],
        "User-Agent": [
          "Microsoft.Azure.Management.Redis.RedisManagementClient/0.9.0.0"
        ]
      },
      "ResponseBody": "{\r\n  \"primaryKey\": \"bQx0JsgyVBoelOwDRbHQ600Uaos1BYDZawgQRc4T1Wc=\",\r\n  \"secondaryKey\": \"PuZk182zH3RYVDsrZIhFRXxQH+Tt4GXFi1zQPNvLwgY=\"\r\n}",
      "ResponseHeaders": {
        "Content-Length": [
          "123"
        ],
        "Content-Type": [
          "application/json; charset=utf-8"
        ],
        "Expires": [
          "-1"
        ],
        "Pragma": [
          "no-cache"
        ],
        "x-ms-request-id": [
          "ec50c3d8-30f6-46e3-bd23-259ca1f9164b"
        ],
        "x-rp-server-mvid": [
          "a381990d-ae56-4d98-bbbe-57915ba00903"
        ],
        "Strict-Transport-Security": [
          "max-age=31536000; includeSubDomains"
        ],
        "x-ms-ratelimit-remaining-subscription-writes": [
          "11996"
        ],
        "x-ms-correlation-request-id": [
          "264c0761-6864-4aa9-bcbc-e7d285fa7b3f"
        ],
        "x-ms-routing-request-id": [
          "WESTUS:20141112T223332Z:264c0761-6864-4aa9-bcbc-e7d285fa7b3f"
        ],
        "Cache-Control": [
          "no-cache"
        ],
        "Date": [
          "Wed, 12 Nov 2014 22:33:32 GMT"
        ],
        "Server": [
          "Microsoft-HTTPAPI/2.0"
        ]
      },
      "StatusCode": 200
    },
    {
      "RequestUri": "/subscriptions/e638312d-094f-40fd-a2cc-579fe8490bbd/resourceGroups/MyResourceGroup/providers/Microsoft.Cache/Redis/powershelltest?api-version=2014-04-01-preview",
      "EncodedRequestUri": "L3N1YnNjcmlwdGlvbnMvZTYzODMxMmQtMDk0Zi00MGZkLWEyY2MtNTc5ZmU4NDkwYmJkL3Jlc291cmNlR3JvdXBzL015UmVzb3VyY2VHcm91cC9wcm92aWRlcnMvTWljcm9zb2Z0LkNhY2hlL1JlZGlzL3Bvd2Vyc2hlbGx0ZXN0P2FwaS12ZXJzaW9uPTIwMTQtMDQtMDEtcHJldmlldw==",
      "RequestMethod": "DELETE",
      "RequestBody": "",
      "RequestHeaders": {
        "User-Agent": [
          "Microsoft.Azure.Management.Redis.RedisManagementClient/0.9.0.0"
        ]
      },
      "ResponseBody": "",
      "ResponseHeaders": {
        "Content-Length": [
          "0"
        ],
        "Expires": [
          "-1"
        ],
        "Pragma": [
          "no-cache"
        ],
        "x-ms-request-id": [
          "30f7dae6-30a1-49fe-8af3-af8aeae5bf4e"
        ],
        "x-rp-server-mvid": [
          "a381990d-ae56-4d98-bbbe-57915ba00903"
        ],
        "Strict-Transport-Security": [
          "max-age=31536000; includeSubDomains"
        ],
        "x-ms-ratelimit-remaining-subscription-writes": [
          "11994"
        ],
        "x-ms-correlation-request-id": [
          "d1487df1-7d38-4a13-9d6e-aa6c2697608c"
        ],
        "x-ms-routing-request-id": [
          "WESTUS:20141112T223334Z:d1487df1-7d38-4a13-9d6e-aa6c2697608c"
        ],
        "Cache-Control": [
          "no-cache"
        ],
        "Date": [
          "Wed, 12 Nov 2014 22:33:33 GMT"
        ],
        "Server": [
          "Microsoft-HTTPAPI/2.0"
        ]
      },
      "StatusCode": 200
    }
  ],
  "Names": {},
  "Variables": {
    "SubscriptionId": "e638312d-094f-40fd-a2cc-579fe8490bbd"
  }
}