{
  "Entries": [
    {
      "RequestUri": "/subscriptions/4d368445-cbb1-42a7-97a6-6850ab99f48e/resourcegroups/pstestrg5528?api-version=2014-04-01-preview",
      "EncodedRequestUri": "L3N1YnNjcmlwdGlvbnMvNGQzNjg0NDUtY2JiMS00MmE3LTk3YTYtNjg1MGFiOTlmNDhlL3Jlc291cmNlZ3JvdXBzL3BzdGVzdHJnNTUyOD9hcGktdmVyc2lvbj0yMDE0LTA0LTAxLXByZXZpZXc=",
      "RequestMethod": "HEAD",
      "RequestBody": "",
      "RequestHeaders": {
        "User-Agent": [
          "Microsoft.Azure.Management.Resources.ResourceManagementClient/2.0.0.0"
        ]
      },
      "ResponseBody": "",
      "ResponseHeaders": {
        "Content-Length": [
          "104"
        ],
        "Content-Type": [
          "application/json; charset=utf-8"
        ],
        "Expires": [
          "-1"
        ],
        "Pragma": [
          "no-cache"
        ],
        "x-ms-failure-cause": [
          "gateway"
        ],
        "x-ms-ratelimit-remaining-subscription-reads": [
          "31987"
        ],
        "x-ms-request-id": [
          "d24ba364-4b01-4dd1-9660-bdd0367e0755"
        ],
        "x-ms-correlation-request-id": [
          "d24ba364-4b01-4dd1-9660-bdd0367e0755"
        ],
        "x-ms-routing-request-id": [
          "WESTUS:20150428T221928Z:d24ba364-4b01-4dd1-9660-bdd0367e0755"
        ],
        "Strict-Transport-Security": [
          "max-age=31536000; includeSubDomains"
        ],
        "Cache-Control": [
          "no-cache"
        ],
        "Date": [
          "Tue, 28 Apr 2015 22:19:28 GMT"
        ]
      },
      "StatusCode": 404
    },
    {
      "RequestUri": "/subscriptions/4d368445-cbb1-42a7-97a6-6850ab99f48e/resourcegroups/pstestrg5528?api-version=2014-04-01-preview",
      "EncodedRequestUri": "L3N1YnNjcmlwdGlvbnMvNGQzNjg0NDUtY2JiMS00MmE3LTk3YTYtNjg1MGFiOTlmNDhlL3Jlc291cmNlZ3JvdXBzL3BzdGVzdHJnNTUyOD9hcGktdmVyc2lvbj0yMDE0LTA0LTAxLXByZXZpZXc=",
      "RequestMethod": "HEAD",
      "RequestBody": "",
      "RequestHeaders": {
        "User-Agent": [
          "Microsoft.Azure.Management.Resources.ResourceManagementClient/2.0.0.0"
        ]
      },
      "ResponseBody": "",
      "ResponseHeaders": {
        "Content-Length": [
          "0"
        ],
        "Expires": [
          "-1"
        ],
        "Pragma": [
          "no-cache"
        ],
        "x-ms-ratelimit-remaining-subscription-reads": [
          "31972"
        ],
        "x-ms-request-id": [
          "5a5641f8-89bf-487f-996c-576966966a41"
        ],
        "x-ms-correlation-request-id": [
          "5a5641f8-89bf-487f-996c-576966966a41"
        ],
        "x-ms-routing-request-id": [
          "WESTUS:20150428T222841Z:5a5641f8-89bf-487f-996c-576966966a41"
        ],
        "Strict-Transport-Security": [
          "max-age=31536000; includeSubDomains"
        ],
        "Cache-Control": [
          "no-cache"
        ],
        "Date": [
          "Tue, 28 Apr 2015 22:28:41 GMT"
        ]
      },
      "StatusCode": 204
    },
    {
      "RequestUri": "/subscriptions/4d368445-cbb1-42a7-97a6-6850ab99f48e/resourcegroups/pstestrg5528?api-version=2014-04-01-preview",
      "EncodedRequestUri": "L3N1YnNjcmlwdGlvbnMvNGQzNjg0NDUtY2JiMS00MmE3LTk3YTYtNjg1MGFiOTlmNDhlL3Jlc291cmNlZ3JvdXBzL3BzdGVzdHJnNTUyOD9hcGktdmVyc2lvbj0yMDE0LTA0LTAxLXByZXZpZXc=",
      "RequestMethod": "PUT",
      "RequestBody": "{\r\n  \"location\": \"westus\"\r\n}",
      "RequestHeaders": {
        "Content-Type": [
          "application/json; charset=utf-8"
        ],
        "Content-Length": [
          "28"
        ],
        "User-Agent": [
          "Microsoft.Azure.Management.Resources.ResourceManagementClient/2.0.0.0"
        ]
      },
      "ResponseBody": "{\r\n  \"id\": \"/subscriptions/4d368445-cbb1-42a7-97a6-6850ab99f48e/resourceGroups/pstestrg5528\",\r\n  \"name\": \"pstestrg5528\",\r\n  \"location\": \"westus\",\r\n  \"properties\": {\r\n    \"provisioningState\": \"Succeeded\"\r\n  }\r\n}",
      "ResponseHeaders": {
        "Content-Length": [
          "177"
        ],
        "Content-Type": [
          "application/json; charset=utf-8"
        ],
        "Expires": [
          "-1"
        ],
        "Pragma": [
          "no-cache"
        ],
        "x-ms-ratelimit-remaining-subscription-writes": [
          "1198"
        ],
        "x-ms-request-id": [
          "5fe87b50-d1c1-4102-b38f-1c25c002c6d5"
        ],
        "x-ms-correlation-request-id": [
          "5fe87b50-d1c1-4102-b38f-1c25c002c6d5"
        ],
        "x-ms-routing-request-id": [
          "WESTUS:20150428T221928Z:5fe87b50-d1c1-4102-b38f-1c25c002c6d5"
        ],
        "Strict-Transport-Security": [
          "max-age=31536000; includeSubDomains"
        ],
        "Cache-Control": [
          "no-cache"
        ],
        "Date": [
          "Tue, 28 Apr 2015 22:19:28 GMT"
        ]
      },
      "StatusCode": 201
    },
    {
      "RequestUri": "/subscriptions/4d368445-cbb1-42a7-97a6-6850ab99f48e/resourceGroups/pstestrg5528/resources?api-version=2014-04-01-preview",
      "EncodedRequestUri": "L3N1YnNjcmlwdGlvbnMvNGQzNjg0NDUtY2JiMS00MmE3LTk3YTYtNjg1MGFiOTlmNDhlL3Jlc291cmNlR3JvdXBzL3BzdGVzdHJnNTUyOC9yZXNvdXJjZXM/YXBpLXZlcnNpb249MjAxNC0wNC0wMS1wcmV2aWV3",
      "RequestMethod": "GET",
      "RequestBody": "",
      "RequestHeaders": {
        "User-Agent": [
          "Microsoft.Azure.Management.Resources.ResourceManagementClient/2.0.0.0"
        ]
      },
      "ResponseBody": "{\r\n  \"value\": []\r\n}",
      "ResponseHeaders": {
        "Content-Length": [
          "12"
        ],
        "Content-Type": [
          "application/json; charset=utf-8"
        ],
        "Expires": [
          "-1"
        ],
        "Pragma": [
          "no-cache"
        ],
        "x-ms-ratelimit-remaining-subscription-reads": [
          "31986"
        ],
        "x-ms-request-id": [
          "92fb8b81-acfc-4fdf-b3b2-a3849bd3caaa"
        ],
        "x-ms-correlation-request-id": [
          "92fb8b81-acfc-4fdf-b3b2-a3849bd3caaa"
        ],
        "x-ms-routing-request-id": [
          "WESTUS:20150428T221929Z:92fb8b81-acfc-4fdf-b3b2-a3849bd3caaa"
        ],
        "Strict-Transport-Security": [
          "max-age=31536000; includeSubDomains"
        ],
        "Cache-Control": [
          "no-cache"
        ],
        "Date": [
          "Tue, 28 Apr 2015 22:19:28 GMT"
        ]
      },
      "StatusCode": 200
    },
    {
      "RequestUri": "/subscriptions/4d368445-cbb1-42a7-97a6-6850ab99f48e/resourcegroups/pstestrg5528/providers/Microsoft.Authorization/permissions?api-version=2014-07-01-preview",
      "EncodedRequestUri": "L3N1YnNjcmlwdGlvbnMvNGQzNjg0NDUtY2JiMS00MmE3LTk3YTYtNjg1MGFiOTlmNDhlL3Jlc291cmNlZ3JvdXBzL3BzdGVzdHJnNTUyOC9wcm92aWRlcnMvTWljcm9zb2Z0LkF1dGhvcml6YXRpb24vcGVybWlzc2lvbnM/YXBpLXZlcnNpb249MjAxNC0wNy0wMS1wcmV2aWV3",
      "RequestMethod": "GET",
      "RequestBody": "",
      "RequestHeaders": {
        "User-Agent": [
          "Microsoft.Azure.Management.Authorization.AuthorizationManagementClient/0.9.0.0"
        ]
      },
      "ResponseBody": "{\r\n  \"value\": [\r\n    {\r\n      \"actions\": [\r\n        \"*\"\r\n      ],\r\n      \"notActions\": []\r\n    }\r\n  ]\r\n}",
      "ResponseHeaders": {
        "Content-Length": [
          "45"
        ],
        "Content-Type": [
          "application/json; charset=utf-8"
        ],
        "Expires": [
          "-1"
        ],
        "Pragma": [
          "no-cache"
        ],
        "Vary": [
          "Accept-Encoding"
        ],
        "x-ms-request-id": [
          "westus:a5ff3b76-63fc-4aab-994f-f0f2b0f2223c"
        ],
        "x-ms-ratelimit-remaining-subscription-reads": [
          "31976"
        ],
        "x-ms-correlation-request-id": [
          "ccad7f79-0862-484f-bf06-2457c2acc1d8"
        ],
        "x-ms-routing-request-id": [
          "WESTUS:20150428T221930Z:ccad7f79-0862-484f-bf06-2457c2acc1d8"
        ],
        "Strict-Transport-Security": [
          "max-age=31536000; includeSubDomains"
        ],
        "Cache-Control": [
          "no-cache"
        ],
        "Date": [
          "Tue, 28 Apr 2015 22:19:30 GMT"
        ]
      },
      "StatusCode": 200
    },
    {
      "RequestUri": "/subscriptions/4d368445-cbb1-42a7-97a6-6850ab99f48e/resourceGroups/pstestrg5528/providers/Microsoft.Network/virtualnetworks/vnetpstestrg5528?api-version=2015-05-01-preview",
      "EncodedRequestUri": "L3N1YnNjcmlwdGlvbnMvNGQzNjg0NDUtY2JiMS00MmE3LTk3YTYtNjg1MGFiOTlmNDhlL3Jlc291cmNlR3JvdXBzL3BzdGVzdHJnNTUyOC9wcm92aWRlcnMvTWljcm9zb2Z0Lk5ldHdvcmsvdmlydHVhbG5ldHdvcmtzL3ZuZXRwc3Rlc3RyZzU1Mjg/YXBpLXZlcnNpb249MjAxNS0wNS0wMS1wcmV2aWV3",
      "RequestMethod": "GET",
      "RequestBody": "",
      "RequestHeaders": {
        "User-Agent": [
          "Microsoft.Azure.Management.Network.NetworkResourceProviderClient/2.0.0.0"
        ]
      },
      "ResponseBody": "{\r\n  \"error\": {\r\n    \"code\": \"ResourceNotFound\",\r\n    \"message\": \"Resource not found.\"\r\n  }\r\n}",
      "ResponseHeaders": {
        "Content-Length": [
          "69"
        ],
        "Content-Type": [
          "application/json; charset=utf-8"
        ],
        "Expires": [
          "-1"
        ],
        "Pragma": [
          "no-cache"
        ],
        "x-ms-failure-cause": [
          "gateway"
        ],
        "x-ms-request-id": [
          "826052f5-2e9f-4f04-8d7d-5e805afb44ad"
        ],
        "x-ms-correlation-request-id": [
          "826052f5-2e9f-4f04-8d7d-5e805afb44ad"
        ],
        "x-ms-routing-request-id": [
          "WESTUS:20150428T221953Z:826052f5-2e9f-4f04-8d7d-5e805afb44ad"
        ],
        "Strict-Transport-Security": [
          "max-age=31536000; includeSubDomains"
        ],
        "Cache-Control": [
          "no-cache"
        ],
        "Date": [
          "Tue, 28 Apr 2015 22:19:53 GMT"
        ]
      },
      "StatusCode": 404
    },
    {
      "RequestUri": "/subscriptions/4d368445-cbb1-42a7-97a6-6850ab99f48e/resourceGroups/pstestrg5528/providers/Microsoft.Network/virtualnetworks/vnetpstestrg5528?api-version=2015-05-01-preview",
      "EncodedRequestUri": "L3N1YnNjcmlwdGlvbnMvNGQzNjg0NDUtY2JiMS00MmE3LTk3YTYtNjg1MGFiOTlmNDhlL3Jlc291cmNlR3JvdXBzL3BzdGVzdHJnNTUyOC9wcm92aWRlcnMvTWljcm9zb2Z0Lk5ldHdvcmsvdmlydHVhbG5ldHdvcmtzL3ZuZXRwc3Rlc3RyZzU1Mjg/YXBpLXZlcnNpb249MjAxNS0wNS0wMS1wcmV2aWV3",
      "RequestMethod": "GET",
      "RequestBody": "",
      "RequestHeaders": {
        "User-Agent": [
          "Microsoft.Azure.Management.Network.NetworkResourceProviderClient/2.0.0.0"
        ]
      },
      "ResponseBody": "{\r\n  \"name\": \"vnetpstestrg5528\",\r\n  \"id\": \"/subscriptions/4d368445-cbb1-42a7-97a6-6850ab99f48e/resourceGroups/pstestrg5528/providers/Microsoft.Network/virtualNetworks/vnetpstestrg5528\",\r\n  \"etag\": \"W/\\\"1c4f8ae2-395a-4b1a-a0c7-077012a648f1\\\"\",\r\n  \"properties\": {\r\n    \"provisioningState\": \"Succeeded\",\r\n    \"addressSpace\": {\r\n      \"addressPrefixes\": [\r\n        \"10.0.0.0/16\"\r\n      ]\r\n    },\r\n    \"dhcpOptions\": {\r\n      \"dnsServers\": [\r\n        \"10.1.1.1\"\r\n      ]\r\n    },\r\n    \"subnets\": [\r\n      {\r\n        \"name\": \"subnetpstestrg5528\",\r\n        \"id\": \"/subscriptions/4d368445-cbb1-42a7-97a6-6850ab99f48e/resourceGroups/pstestrg5528/providers/Microsoft.Network/virtualNetworks/vnetpstestrg5528/subnets/subnetpstestrg5528\",\r\n        \"etag\": \"W/\\\"1c4f8ae2-395a-4b1a-a0c7-077012a648f1\\\"\",\r\n        \"properties\": {\r\n          \"provisioningState\": \"Succeeded\",\r\n          \"addressPrefix\": \"10.0.0.0/24\"\r\n        }\r\n      }\r\n    ]\r\n  },\r\n  \"location\": \"westus\"\r\n}",
      "ResponseHeaders": {
        "Content-Length": [
          "960"
        ],
        "Content-Type": [
          "application/json; charset=utf-8"
        ],
        "Expires": [
          "-1"
        ],
        "Pragma": [
          "no-cache"
        ],
        "x-ms-request-id": [
          "f1faa333-f22e-4a6b-b36b-715d6d9b452e"
        ],
        "Strict-Transport-Security": [
          "max-age=31536000; includeSubDomains"
        ],
        "Cache-Control": [
          "no-cache"
        ],
        "ETag": [
          "W/\"1c4f8ae2-395a-4b1a-a0c7-077012a648f1\""
        ],
        "Server": [
          "Microsoft-HTTPAPI/2.0",
          "Microsoft-HTTPAPI/2.0"
        ],
        "x-ms-ratelimit-remaining-subscription-reads": [
          "31997"
        ],
        "x-ms-correlation-request-id": [
          "60efd4c1-e758-4726-9eef-42ab27f9cd08"
        ],
        "x-ms-routing-request-id": [
          "WESTUS:20150428T221954Z:60efd4c1-e758-4726-9eef-42ab27f9cd08"
        ],
        "Date": [
          "Tue, 28 Apr 2015 22:19:53 GMT"
        ]
      },
      "StatusCode": 200
    },
    {
      "RequestUri": "/subscriptions/4d368445-cbb1-42a7-97a6-6850ab99f48e/resourceGroups/pstestrg5528/providers/Microsoft.Network/virtualnetworks/vnetpstestrg5528?api-version=2015-05-01-preview",
      "EncodedRequestUri": "L3N1YnNjcmlwdGlvbnMvNGQzNjg0NDUtY2JiMS00MmE3LTk3YTYtNjg1MGFiOTlmNDhlL3Jlc291cmNlR3JvdXBzL3BzdGVzdHJnNTUyOC9wcm92aWRlcnMvTWljcm9zb2Z0Lk5ldHdvcmsvdmlydHVhbG5ldHdvcmtzL3ZuZXRwc3Rlc3RyZzU1Mjg/YXBpLXZlcnNpb249MjAxNS0wNS0wMS1wcmV2aWV3",
      "RequestMethod": "GET",
      "RequestBody": "",
      "RequestHeaders": {
        "User-Agent": [
          "Microsoft.Azure.Management.Network.NetworkResourceProviderClient/2.0.0.0"
        ]
      },
      "ResponseBody": "{\r\n  \"name\": \"vnetpstestrg5528\",\r\n  \"id\": \"/subscriptions/4d368445-cbb1-42a7-97a6-6850ab99f48e/resourceGroups/pstestrg5528/providers/Microsoft.Network/virtualNetworks/vnetpstestrg5528\",\r\n  \"etag\": \"W/\\\"1c4f8ae2-395a-4b1a-a0c7-077012a648f1\\\"\",\r\n  \"properties\": {\r\n    \"provisioningState\": \"Succeeded\",\r\n    \"addressSpace\": {\r\n      \"addressPrefixes\": [\r\n        \"10.0.0.0/16\"\r\n      ]\r\n    },\r\n    \"dhcpOptions\": {\r\n      \"dnsServers\": [\r\n        \"10.1.1.1\"\r\n      ]\r\n    },\r\n    \"subnets\": [\r\n      {\r\n        \"name\": \"subnetpstestrg5528\",\r\n        \"id\": \"/subscriptions/4d368445-cbb1-42a7-97a6-6850ab99f48e/resourceGroups/pstestrg5528/providers/Microsoft.Network/virtualNetworks/vnetpstestrg5528/subnets/subnetpstestrg5528\",\r\n        \"etag\": \"W/\\\"1c4f8ae2-395a-4b1a-a0c7-077012a648f1\\\"\",\r\n        \"properties\": {\r\n          \"provisioningState\": \"Succeeded\",\r\n          \"addressPrefix\": \"10.0.0.0/24\"\r\n        }\r\n      }\r\n    ]\r\n  },\r\n  \"location\": \"westus\"\r\n}",
      "ResponseHeaders": {
        "Content-Length": [
          "960"
        ],
        "Content-Type": [
          "application/json; charset=utf-8"
        ],
        "Expires": [
          "-1"
        ],
        "Pragma": [
          "no-cache"
        ],
        "x-ms-request-id": [
          "590723e7-2def-4a4d-8b2c-d968b8b6b9f3"
        ],
        "Strict-Transport-Security": [
          "max-age=31536000; includeSubDomains"
        ],
        "Cache-Control": [
          "no-cache"
        ],
        "ETag": [
          "W/\"1c4f8ae2-395a-4b1a-a0c7-077012a648f1\""
        ],
        "Server": [
          "Microsoft-HTTPAPI/2.0",
          "Microsoft-HTTPAPI/2.0"
        ],
        "x-ms-ratelimit-remaining-subscription-reads": [
          "31996"
        ],
        "x-ms-correlation-request-id": [
          "f8b758ba-deee-46a3-8ff5-c11fea1baf86"
        ],
        "x-ms-routing-request-id": [
          "WESTUS:20150428T221954Z:f8b758ba-deee-46a3-8ff5-c11fea1baf86"
        ],
        "Date": [
          "Tue, 28 Apr 2015 22:19:53 GMT"
        ]
      },
      "StatusCode": 200
    },
    {
      "RequestUri": "/subscriptions/4d368445-cbb1-42a7-97a6-6850ab99f48e/resourceGroups/pstestrg5528/providers/Microsoft.Network/virtualnetworks/vnetpstestrg5528?api-version=2015-05-01-preview",
      "EncodedRequestUri": "L3N1YnNjcmlwdGlvbnMvNGQzNjg0NDUtY2JiMS00MmE3LTk3YTYtNjg1MGFiOTlmNDhlL3Jlc291cmNlR3JvdXBzL3BzdGVzdHJnNTUyOC9wcm92aWRlcnMvTWljcm9zb2Z0Lk5ldHdvcmsvdmlydHVhbG5ldHdvcmtzL3ZuZXRwc3Rlc3RyZzU1Mjg/YXBpLXZlcnNpb249MjAxNS0wNS0wMS1wcmV2aWV3",
      "RequestMethod": "PUT",
      "RequestBody": "{\r\n  \"properties\": {\r\n    \"addressSpace\": {\r\n      \"addressPrefixes\": [\r\n        \"10.0.0.0/16\"\r\n      ]\r\n    },\r\n    \"dhcpOptions\": {\r\n      \"dnsServers\": [\r\n        \"10.1.1.1\"\r\n      ]\r\n    },\r\n    \"subnets\": [\r\n      {\r\n        \"properties\": {\r\n          \"addressPrefix\": \"10.0.0.0/24\",\r\n          \"ipConfigurations\": []\r\n        },\r\n        \"name\": \"subnetpstestrg5528\"\r\n      }\r\n    ]\r\n  },\r\n  \"name\": \"vnetpstestrg5528\",\r\n  \"type\": \"microsoft.network/virtualNetworks\",\r\n  \"location\": \"westus\"\r\n}",
      "RequestHeaders": {
        "Content-Type": [
          "application/json"
        ],
        "Content-Length": [
          "500"
        ],
        "User-Agent": [
          "Microsoft.Azure.Management.Network.NetworkResourceProviderClient/2.0.0.0"
        ]
      },
      "ResponseBody": "{\r\n  \"name\": \"vnetpstestrg5528\",\r\n  \"id\": \"/subscriptions/4d368445-cbb1-42a7-97a6-6850ab99f48e/resourceGroups/pstestrg5528/providers/Microsoft.Network/virtualNetworks/vnetpstestrg5528\",\r\n  \"etag\": \"W/\\\"ffbf32b8-42ed-485c-bb9f-68926a1e640e\\\"\",\r\n  \"properties\": {\r\n    \"provisioningState\": \"Updating\",\r\n    \"addressSpace\": {\r\n      \"addressPrefixes\": [\r\n        \"10.0.0.0/16\"\r\n      ]\r\n    },\r\n    \"dhcpOptions\": {\r\n      \"dnsServers\": [\r\n        \"10.1.1.1\"\r\n      ]\r\n    },\r\n    \"subnets\": [\r\n      {\r\n        \"name\": \"subnetpstestrg5528\",\r\n        \"id\": \"/subscriptions/4d368445-cbb1-42a7-97a6-6850ab99f48e/resourceGroups/pstestrg5528/providers/Microsoft.Network/virtualNetworks/vnetpstestrg5528/subnets/subnetpstestrg5528\",\r\n        \"etag\": \"W/\\\"ffbf32b8-42ed-485c-bb9f-68926a1e640e\\\"\",\r\n        \"properties\": {\r\n          \"provisioningState\": \"Updating\",\r\n          \"addressPrefix\": \"10.0.0.0/24\"\r\n        }\r\n      }\r\n    ]\r\n  },\r\n  \"location\": \"westus\"\r\n}",
      "ResponseHeaders": {
        "Content-Length": [
          "958"
        ],
        "Content-Type": [
          "application/json; charset=utf-8"
        ],
        "Expires": [
          "-1"
        ],
        "Pragma": [
          "no-cache"
        ],
        "Retry-After": [
          "10"
        ],
        "x-ms-request-id": [
          "14e23e66-318f-406c-9a22-1f148a588869"
        ],
        "Azure-AsyncOperation": [
          "https://management.azure.com/subscriptions/4d368445-cbb1-42a7-97a6-6850ab99f48e/providers/Microsoft.Network/locations/westus/operations/14e23e66-318f-406c-9a22-1f148a588869?api-version=2015-05-01-preview"
        ],
        "Strict-Transport-Security": [
          "max-age=31536000; includeSubDomains"
        ],
        "Cache-Control": [
          "no-cache"
        ],
        "Server": [
          "Microsoft-HTTPAPI/2.0",
          "Microsoft-HTTPAPI/2.0"
        ],
        "x-ms-ratelimit-remaining-subscription-writes": [
          "1199"
        ],
        "x-ms-correlation-request-id": [
          "d00f5711-772f-4bc4-b701-1a3e4fb4c09b"
        ],
        "x-ms-routing-request-id": [
          "WESTUS:20150428T221954Z:d00f5711-772f-4bc4-b701-1a3e4fb4c09b"
        ],
        "Date": [
          "Tue, 28 Apr 2015 22:19:53 GMT"
        ]
      },
      "StatusCode": 201
    },
    {
      "RequestUri": "/subscriptions/4d368445-cbb1-42a7-97a6-6850ab99f48e/providers/Microsoft.Network/locations/westus/operations/14e23e66-318f-406c-9a22-1f148a588869?api-version=2015-05-01-preview",
      "EncodedRequestUri": "L3N1YnNjcmlwdGlvbnMvNGQzNjg0NDUtY2JiMS00MmE3LTk3YTYtNjg1MGFiOTlmNDhlL3Byb3ZpZGVycy9NaWNyb3NvZnQuTmV0d29yay9sb2NhdGlvbnMvd2VzdHVzL29wZXJhdGlvbnMvMTRlMjNlNjYtMzE4Zi00MDZjLTlhMjItMWYxNDhhNTg4ODY5P2FwaS12ZXJzaW9uPTIwMTUtMDUtMDEtcHJldmlldw==",
      "RequestMethod": "GET",
      "RequestBody": "",
      "RequestHeaders": {
        "x-ms-version": [
          "2015-05-01-preview"
        ],
        "User-Agent": [
          "Microsoft.Azure.Management.Network.NetworkResourceProviderClient/2.0.0.0"
        ]
      },
      "ResponseBody": "{\r\n  \"status\": \"Succeeded\"\r\n}",
      "ResponseHeaders": {
        "Content-Length": [
          "29"
        ],
        "Content-Type": [
          "application/json; charset=utf-8"
        ],
        "Expires": [
          "-1"
        ],
        "Pragma": [
          "no-cache"
        ],
        "x-ms-request-id": [
          "5a2dff3f-ece1-4610-9a33-a54c92a0809a"
        ],
        "Strict-Transport-Security": [
          "max-age=31536000; includeSubDomains"
        ],
        "Cache-Control": [
          "no-cache"
        ],
        "Server": [
          "Microsoft-HTTPAPI/2.0",
          "Microsoft-HTTPAPI/2.0"
        ],
        "x-ms-ratelimit-remaining-subscription-reads": [
          "31998"
        ],
        "x-ms-correlation-request-id": [
          "5ae0ceee-6369-42b4-ba5e-88354525a69a"
        ],
        "x-ms-routing-request-id": [
          "WESTUS:20150428T221954Z:5ae0ceee-6369-42b4-ba5e-88354525a69a"
        ],
        "Date": [
          "Tue, 28 Apr 2015 22:19:53 GMT"
        ]
      },
      "StatusCode": 200
    },
    {
      "RequestUri": "/subscriptions/4d368445-cbb1-42a7-97a6-6850ab99f48e/resourceGroups/pstestrg5528/providers/Microsoft.Network/publicIPAddresses/pubippstestrg5528/?api-version=2015-05-01-preview",
      "EncodedRequestUri": "L3N1YnNjcmlwdGlvbnMvNGQzNjg0NDUtY2JiMS00MmE3LTk3YTYtNjg1MGFiOTlmNDhlL3Jlc291cmNlR3JvdXBzL3BzdGVzdHJnNTUyOC9wcm92aWRlcnMvTWljcm9zb2Z0Lk5ldHdvcmsvcHVibGljSVBBZGRyZXNzZXMvcHViaXBwc3Rlc3RyZzU1MjgvP2FwaS12ZXJzaW9uPTIwMTUtMDUtMDEtcHJldmlldw==",
      "RequestMethod": "GET",
      "RequestBody": "",
      "RequestHeaders": {
        "User-Agent": [
          "Microsoft.Azure.Management.Network.NetworkResourceProviderClient/2.0.0.0"
        ]
      },
      "ResponseBody": "{\r\n  \"error\": {\r\n    \"code\": \"ResourceNotFound\",\r\n    \"message\": \"Resource not found.\"\r\n  }\r\n}",
      "ResponseHeaders": {
        "Content-Length": [
          "69"
        ],
        "Content-Type": [
          "application/json; charset=utf-8"
        ],
        "Expires": [
          "-1"
        ],
        "Pragma": [
          "no-cache"
        ],
        "x-ms-failure-cause": [
          "gateway"
        ],
        "x-ms-request-id": [
          "7b68a137-0d59-47a0-88b8-e97788dde8c8"
        ],
        "x-ms-correlation-request-id": [
          "7b68a137-0d59-47a0-88b8-e97788dde8c8"
        ],
        "x-ms-routing-request-id": [
          "WESTUS:20150428T221954Z:7b68a137-0d59-47a0-88b8-e97788dde8c8"
        ],
        "Strict-Transport-Security": [
          "max-age=31536000; includeSubDomains"
        ],
        "Cache-Control": [
          "no-cache"
        ],
        "Date": [
          "Tue, 28 Apr 2015 22:19:54 GMT"
        ]
      },
      "StatusCode": 404
    },
    {
      "RequestUri": "/subscriptions/4d368445-cbb1-42a7-97a6-6850ab99f48e/resourceGroups/pstestrg5528/providers/Microsoft.Network/publicIPAddresses/pubippstestrg5528/?api-version=2015-05-01-preview",
      "EncodedRequestUri": "L3N1YnNjcmlwdGlvbnMvNGQzNjg0NDUtY2JiMS00MmE3LTk3YTYtNjg1MGFiOTlmNDhlL3Jlc291cmNlR3JvdXBzL3BzdGVzdHJnNTUyOC9wcm92aWRlcnMvTWljcm9zb2Z0Lk5ldHdvcmsvcHVibGljSVBBZGRyZXNzZXMvcHViaXBwc3Rlc3RyZzU1MjgvP2FwaS12ZXJzaW9uPTIwMTUtMDUtMDEtcHJldmlldw==",
      "RequestMethod": "GET",
      "RequestBody": "",
      "RequestHeaders": {
        "User-Agent": [
          "Microsoft.Azure.Management.Network.NetworkResourceProviderClient/2.0.0.0"
        ]
      },
      "ResponseBody": "{\r\n  \"name\": \"pubippstestrg5528\",\r\n  \"id\": \"/subscriptions/4d368445-cbb1-42a7-97a6-6850ab99f48e/resourceGroups/pstestrg5528/providers/Microsoft.Network/publicIPAddresses/pubippstestrg5528\",\r\n  \"etag\": \"W/\\\"82da5ce2-db62-4c63-93a9-219137850a34\\\"\",\r\n  \"properties\": {\r\n    \"provisioningState\": \"Succeeded\",\r\n    \"publicIPAllocationMethod\": \"Dynamic\",\r\n    \"idleTimeoutInMinutes\": 4,\r\n    \"dnsSettings\": {\r\n      \"domainNameLabel\": \"pubippstestrg5528\",\r\n      \"fqdn\": \"pubippstestrg5528.westus.cloudapp.azure.com\"\r\n    }\r\n  },\r\n  \"location\": \"westus\"\r\n}",
      "ResponseHeaders": {
        "Content-Length": [
          "550"
        ],
        "Content-Type": [
          "application/json; charset=utf-8"
        ],
        "Expires": [
          "-1"
        ],
        "Pragma": [
          "no-cache"
        ],
        "x-ms-request-id": [
          "515010f9-b456-4e6d-8b76-89433d8f9433"
        ],
        "Strict-Transport-Security": [
          "max-age=31536000; includeSubDomains"
        ],
        "Cache-Control": [
          "no-cache"
        ],
        "ETag": [
          "W/\"82da5ce2-db62-4c63-93a9-219137850a34\""
        ],
        "Server": [
          "Microsoft-HTTPAPI/2.0",
          "Microsoft-HTTPAPI/2.0"
        ],
        "x-ms-ratelimit-remaining-subscription-reads": [
          "31993"
        ],
        "x-ms-correlation-request-id": [
          "b5aa9a35-b228-4b41-ae58-45258a96216d"
        ],
        "x-ms-routing-request-id": [
          "WESTUS:20150428T221955Z:b5aa9a35-b228-4b41-ae58-45258a96216d"
        ],
        "Date": [
          "Tue, 28 Apr 2015 22:19:55 GMT"
        ]
      },
      "StatusCode": 200
    },
    {
      "RequestUri": "/subscriptions/4d368445-cbb1-42a7-97a6-6850ab99f48e/resourceGroups/pstestrg5528/providers/Microsoft.Network/publicIPAddresses/pubippstestrg5528/?api-version=2015-05-01-preview",
      "EncodedRequestUri": "L3N1YnNjcmlwdGlvbnMvNGQzNjg0NDUtY2JiMS00MmE3LTk3YTYtNjg1MGFiOTlmNDhlL3Jlc291cmNlR3JvdXBzL3BzdGVzdHJnNTUyOC9wcm92aWRlcnMvTWljcm9zb2Z0Lk5ldHdvcmsvcHVibGljSVBBZGRyZXNzZXMvcHViaXBwc3Rlc3RyZzU1MjgvP2FwaS12ZXJzaW9uPTIwMTUtMDUtMDEtcHJldmlldw==",
      "RequestMethod": "GET",
      "RequestBody": "",
      "RequestHeaders": {
        "User-Agent": [
          "Microsoft.Azure.Management.Network.NetworkResourceProviderClient/2.0.0.0"
        ]
      },
      "ResponseBody": "{\r\n  \"name\": \"pubippstestrg5528\",\r\n  \"id\": \"/subscriptions/4d368445-cbb1-42a7-97a6-6850ab99f48e/resourceGroups/pstestrg5528/providers/Microsoft.Network/publicIPAddresses/pubippstestrg5528\",\r\n  \"etag\": \"W/\\\"82da5ce2-db62-4c63-93a9-219137850a34\\\"\",\r\n  \"properties\": {\r\n    \"provisioningState\": \"Succeeded\",\r\n    \"publicIPAllocationMethod\": \"Dynamic\",\r\n    \"idleTimeoutInMinutes\": 4,\r\n    \"dnsSettings\": {\r\n      \"domainNameLabel\": \"pubippstestrg5528\",\r\n      \"fqdn\": \"pubippstestrg5528.westus.cloudapp.azure.com\"\r\n    }\r\n  },\r\n  \"location\": \"westus\"\r\n}",
      "ResponseHeaders": {
        "Content-Length": [
          "550"
        ],
        "Content-Type": [
          "application/json; charset=utf-8"
        ],
        "Expires": [
          "-1"
        ],
        "Pragma": [
          "no-cache"
        ],
        "x-ms-request-id": [
          "4219923b-46de-4723-aa99-b9ed4d14f5eb"
        ],
        "Strict-Transport-Security": [
          "max-age=31536000; includeSubDomains"
        ],
        "Cache-Control": [
          "no-cache"
        ],
        "ETag": [
          "W/\"82da5ce2-db62-4c63-93a9-219137850a34\""
        ],
        "Server": [
          "Microsoft-HTTPAPI/2.0",
          "Microsoft-HTTPAPI/2.0"
        ],
        "x-ms-ratelimit-remaining-subscription-reads": [
          "31992"
        ],
        "x-ms-correlation-request-id": [
          "a1035ddd-b86a-4b31-a258-021b1828e28e"
        ],
        "x-ms-routing-request-id": [
          "WESTUS:20150428T221956Z:a1035ddd-b86a-4b31-a258-021b1828e28e"
        ],
        "Date": [
          "Tue, 28 Apr 2015 22:19:55 GMT"
        ]
      },
      "StatusCode": 200
    },
    {
      "RequestUri": "/subscriptions/4d368445-cbb1-42a7-97a6-6850ab99f48e/resourceGroups/pstestrg5528/providers/Microsoft.Network/publicIPAddresses/pubippstestrg5528/?api-version=2015-05-01-preview",
      "EncodedRequestUri": "L3N1YnNjcmlwdGlvbnMvNGQzNjg0NDUtY2JiMS00MmE3LTk3YTYtNjg1MGFiOTlmNDhlL3Jlc291cmNlR3JvdXBzL3BzdGVzdHJnNTUyOC9wcm92aWRlcnMvTWljcm9zb2Z0Lk5ldHdvcmsvcHVibGljSVBBZGRyZXNzZXMvcHViaXBwc3Rlc3RyZzU1MjgvP2FwaS12ZXJzaW9uPTIwMTUtMDUtMDEtcHJldmlldw==",
      "RequestMethod": "PUT",
      "RequestBody": "{\r\n  \"properties\": {\r\n    \"publicIPAllocationMethod\": \"Dynamic\",\r\n    \"dnsSettings\": {\r\n      \"domainNameLabel\": \"pubippstestrg5528\"\r\n    }\r\n  },\r\n  \"name\": \"pubippstestrg5528\",\r\n  \"type\": \"microsoft.network/publicIPAddresses\",\r\n  \"location\": \"westus\"\r\n}",
      "RequestHeaders": {
        "Content-Type": [
          "application/json"
        ],
        "Content-Length": [
          "254"
        ],
        "User-Agent": [
          "Microsoft.Azure.Management.Network.NetworkResourceProviderClient/2.0.0.0"
        ]
      },
      "ResponseBody": "{\r\n  \"name\": \"pubippstestrg5528\",\r\n  \"id\": \"/subscriptions/4d368445-cbb1-42a7-97a6-6850ab99f48e/resourceGroups/pstestrg5528/providers/Microsoft.Network/publicIPAddresses/pubippstestrg5528\",\r\n  \"etag\": \"W/\\\"7adb445a-0a87-415f-9f11-b40f61bd1c24\\\"\",\r\n  \"properties\": {\r\n    \"provisioningState\": \"Updating\",\r\n    \"publicIPAllocationMethod\": \"Dynamic\",\r\n    \"idleTimeoutInMinutes\": 4,\r\n    \"dnsSettings\": {\r\n      \"domainNameLabel\": \"pubippstestrg5528\",\r\n      \"fqdn\": \"pubippstestrg5528.westus.cloudapp.azure.com\"\r\n    }\r\n  },\r\n  \"location\": \"westus\"\r\n}",
      "ResponseHeaders": {
        "Content-Length": [
          "549"
        ],
        "Content-Type": [
          "application/json; charset=utf-8"
        ],
        "Expires": [
          "-1"
        ],
        "Pragma": [
          "no-cache"
        ],
        "Retry-After": [
          "10"
        ],
        "x-ms-request-id": [
          "a6be32b4-d535-4c4a-9d51-f0fbb09010f7"
        ],
        "Azure-AsyncOperation": [
          "https://management.azure.com/subscriptions/4d368445-cbb1-42a7-97a6-6850ab99f48e/providers/Microsoft.Network/locations/westus/operations/a6be32b4-d535-4c4a-9d51-f0fbb09010f7?api-version=2015-05-01-preview"
        ],
        "Strict-Transport-Security": [
          "max-age=31536000; includeSubDomains"
        ],
        "Cache-Control": [
          "no-cache"
        ],
        "Server": [
          "Microsoft-HTTPAPI/2.0",
          "Microsoft-HTTPAPI/2.0"
        ],
        "x-ms-ratelimit-remaining-subscription-writes": [
          "1198"
        ],
        "x-ms-correlation-request-id": [
          "71b24f68-7cfb-4444-b12e-905fef19575a"
        ],
        "x-ms-routing-request-id": [
          "WESTUS:20150428T221955Z:71b24f68-7cfb-4444-b12e-905fef19575a"
        ],
        "Date": [
          "Tue, 28 Apr 2015 22:19:54 GMT"
        ]
      },
      "StatusCode": 201
    },
    {
      "RequestUri": "/subscriptions/4d368445-cbb1-42a7-97a6-6850ab99f48e/providers/Microsoft.Network/locations/westus/operations/a6be32b4-d535-4c4a-9d51-f0fbb09010f7?api-version=2015-05-01-preview",
      "EncodedRequestUri": "L3N1YnNjcmlwdGlvbnMvNGQzNjg0NDUtY2JiMS00MmE3LTk3YTYtNjg1MGFiOTlmNDhlL3Byb3ZpZGVycy9NaWNyb3NvZnQuTmV0d29yay9sb2NhdGlvbnMvd2VzdHVzL29wZXJhdGlvbnMvYTZiZTMyYjQtZDUzNS00YzRhLTlkNTEtZjBmYmIwOTAxMGY3P2FwaS12ZXJzaW9uPTIwMTUtMDUtMDEtcHJldmlldw==",
      "RequestMethod": "GET",
      "RequestBody": "",
      "RequestHeaders": {
        "x-ms-version": [
          "2015-05-01-preview"
        ],
        "User-Agent": [
          "Microsoft.Azure.Management.Network.NetworkResourceProviderClient/2.0.0.0"
        ]
      },
      "ResponseBody": "{\r\n  \"status\": \"Succeeded\"\r\n}",
      "ResponseHeaders": {
        "Content-Length": [
          "29"
        ],
        "Content-Type": [
          "application/json; charset=utf-8"
        ],
        "Expires": [
          "-1"
        ],
        "Pragma": [
          "no-cache"
        ],
        "x-ms-request-id": [
          "d67729b6-7e89-4d68-8349-ae86acd18727"
        ],
        "Strict-Transport-Security": [
          "max-age=31536000; includeSubDomains"
        ],
        "Cache-Control": [
          "no-cache"
        ],
        "Server": [
          "Microsoft-HTTPAPI/2.0",
          "Microsoft-HTTPAPI/2.0"
        ],
        "x-ms-ratelimit-remaining-subscription-reads": [
          "31994"
        ],
        "x-ms-correlation-request-id": [
          "983d302d-1766-42a0-a644-53a8433a60c1"
        ],
        "x-ms-routing-request-id": [
          "WESTUS:20150428T221955Z:983d302d-1766-42a0-a644-53a8433a60c1"
        ],
        "Date": [
          "Tue, 28 Apr 2015 22:19:55 GMT"
        ]
      },
      "StatusCode": 200
    },
    {
      "RequestUri": "/subscriptions/4d368445-cbb1-42a7-97a6-6850ab99f48e/resourceGroups/pstestrg5528/providers/Microsoft.Network/networkInterfaces/nicpstestrg5528?api-version=2015-05-01-preview",
      "EncodedRequestUri": "L3N1YnNjcmlwdGlvbnMvNGQzNjg0NDUtY2JiMS00MmE3LTk3YTYtNjg1MGFiOTlmNDhlL3Jlc291cmNlR3JvdXBzL3BzdGVzdHJnNTUyOC9wcm92aWRlcnMvTWljcm9zb2Z0Lk5ldHdvcmsvbmV0d29ya0ludGVyZmFjZXMvbmljcHN0ZXN0cmc1NTI4P2FwaS12ZXJzaW9uPTIwMTUtMDUtMDEtcHJldmlldw==",
      "RequestMethod": "GET",
      "RequestBody": "",
      "RequestHeaders": {
        "User-Agent": [
          "Microsoft.Azure.Management.Network.NetworkResourceProviderClient/2.0.0.0"
        ]
      },
      "ResponseBody": "{\r\n  \"error\": {\r\n    \"code\": \"ResourceNotFound\",\r\n    \"message\": \"Resource not found.\"\r\n  }\r\n}",
      "ResponseHeaders": {
        "Content-Length": [
          "69"
        ],
        "Content-Type": [
          "application/json; charset=utf-8"
        ],
        "Expires": [
          "-1"
        ],
        "Pragma": [
          "no-cache"
        ],
        "x-ms-failure-cause": [
          "gateway"
        ],
        "x-ms-request-id": [
          "8f7ae444-924c-48dc-801e-8b597d1043ec"
        ],
        "x-ms-correlation-request-id": [
          "8f7ae444-924c-48dc-801e-8b597d1043ec"
        ],
        "x-ms-routing-request-id": [
          "WESTUS:20150428T221956Z:8f7ae444-924c-48dc-801e-8b597d1043ec"
        ],
        "Strict-Transport-Security": [
          "max-age=31536000; includeSubDomains"
        ],
        "Cache-Control": [
          "no-cache"
        ],
        "Date": [
          "Tue, 28 Apr 2015 22:19:55 GMT"
        ]
      },
      "StatusCode": 404
    },
    {
      "RequestUri": "/subscriptions/4d368445-cbb1-42a7-97a6-6850ab99f48e/resourceGroups/pstestrg5528/providers/Microsoft.Network/networkInterfaces/nicpstestrg5528?api-version=2015-05-01-preview",
      "EncodedRequestUri": "L3N1YnNjcmlwdGlvbnMvNGQzNjg0NDUtY2JiMS00MmE3LTk3YTYtNjg1MGFiOTlmNDhlL3Jlc291cmNlR3JvdXBzL3BzdGVzdHJnNTUyOC9wcm92aWRlcnMvTWljcm9zb2Z0Lk5ldHdvcmsvbmV0d29ya0ludGVyZmFjZXMvbmljcHN0ZXN0cmc1NTI4P2FwaS12ZXJzaW9uPTIwMTUtMDUtMDEtcHJldmlldw==",
      "RequestMethod": "GET",
      "RequestBody": "",
      "RequestHeaders": {
        "User-Agent": [
          "Microsoft.Azure.Management.Network.NetworkResourceProviderClient/2.0.0.0"
        ]
      },
      "ResponseBody": "{\r\n  \"name\": \"nicpstestrg5528\",\r\n  \"id\": \"/subscriptions/4d368445-cbb1-42a7-97a6-6850ab99f48e/resourceGroups/pstestrg5528/providers/Microsoft.Network/networkInterfaces/nicpstestrg5528\",\r\n  \"etag\": \"W/\\\"6e68c346-2941-4f1d-953c-e4a5fc0b7080\\\"\",\r\n  \"properties\": {\r\n    \"provisioningState\": \"Succeeded\",\r\n    \"ipConfigurations\": [\r\n      {\r\n        \"name\": \"ipconfig1\",\r\n        \"id\": \"/subscriptions/4d368445-cbb1-42a7-97a6-6850ab99f48e/resourceGroups/pstestrg5528/providers/Microsoft.Network/networkInterfaces/nicpstestrg5528/ipConfigurations/ipconfig1\",\r\n        \"etag\": \"W/\\\"6e68c346-2941-4f1d-953c-e4a5fc0b7080\\\"\",\r\n        \"properties\": {\r\n          \"provisioningState\": \"Succeeded\",\r\n          \"privateIPAddress\": \"10.0.0.4\",\r\n          \"privateIPAllocationMethod\": \"Dynamic\",\r\n          \"publicIPAddress\": {\r\n            \"id\": \"/subscriptions/4d368445-cbb1-42a7-97a6-6850ab99f48e/resourceGroups/pstestrg5528/providers/Microsoft.Network/publicIPAddresses/pubippstestrg5528\"\r\n          },\r\n          \"subnet\": {\r\n            \"id\": \"/subscriptions/4d368445-cbb1-42a7-97a6-6850ab99f48e/resourceGroups/pstestrg5528/providers/Microsoft.Network/virtualNetworks/vnetpstestrg5528/subnets/subnetpstestrg5528\"\r\n          }\r\n        }\r\n      }\r\n    ],\r\n    \"dnsSettings\": {}\r\n  },\r\n  \"location\": \"westus\"\r\n}",
      "ResponseHeaders": {
        "Content-Length": [
          "1300"
        ],
        "Content-Type": [
          "application/json; charset=utf-8"
        ],
        "Expires": [
          "-1"
        ],
        "Pragma": [
          "no-cache"
        ],
        "x-ms-request-id": [
          "288c1927-2d89-47d9-bb13-ba19b1a327c1"
        ],
        "Strict-Transport-Security": [
          "max-age=31536000; includeSubDomains"
        ],
        "Cache-Control": [
          "no-cache"
        ],
        "ETag": [
          "W/\"6e68c346-2941-4f1d-953c-e4a5fc0b7080\""
        ],
        "Server": [
          "Microsoft-HTTPAPI/2.0",
          "Microsoft-HTTPAPI/2.0"
        ],
        "x-ms-ratelimit-remaining-subscription-reads": [
          "31989"
        ],
        "x-ms-correlation-request-id": [
          "04423564-6e92-4bbe-b73b-cb8803f893ae"
        ],
        "x-ms-routing-request-id": [
          "WESTUS:20150428T221957Z:04423564-6e92-4bbe-b73b-cb8803f893ae"
        ],
        "Date": [
          "Tue, 28 Apr 2015 22:19:56 GMT"
        ]
      },
      "StatusCode": 200
    },
    {
      "RequestUri": "/subscriptions/4d368445-cbb1-42a7-97a6-6850ab99f48e/resourceGroups/pstestrg5528/providers/Microsoft.Network/networkInterfaces/nicpstestrg5528?api-version=2015-05-01-preview",
      "EncodedRequestUri": "L3N1YnNjcmlwdGlvbnMvNGQzNjg0NDUtY2JiMS00MmE3LTk3YTYtNjg1MGFiOTlmNDhlL3Jlc291cmNlR3JvdXBzL3BzdGVzdHJnNTUyOC9wcm92aWRlcnMvTWljcm9zb2Z0Lk5ldHdvcmsvbmV0d29ya0ludGVyZmFjZXMvbmljcHN0ZXN0cmc1NTI4P2FwaS12ZXJzaW9uPTIwMTUtMDUtMDEtcHJldmlldw==",
      "RequestMethod": "GET",
      "RequestBody": "",
      "RequestHeaders": {
        "User-Agent": [
          "Microsoft.Azure.Management.Network.NetworkResourceProviderClient/2.0.0.0"
        ]
      },
      "ResponseBody": "{\r\n  \"name\": \"nicpstestrg5528\",\r\n  \"id\": \"/subscriptions/4d368445-cbb1-42a7-97a6-6850ab99f48e/resourceGroups/pstestrg5528/providers/Microsoft.Network/networkInterfaces/nicpstestrg5528\",\r\n  \"etag\": \"W/\\\"6e68c346-2941-4f1d-953c-e4a5fc0b7080\\\"\",\r\n  \"properties\": {\r\n    \"provisioningState\": \"Succeeded\",\r\n    \"ipConfigurations\": [\r\n      {\r\n        \"name\": \"ipconfig1\",\r\n        \"id\": \"/subscriptions/4d368445-cbb1-42a7-97a6-6850ab99f48e/resourceGroups/pstestrg5528/providers/Microsoft.Network/networkInterfaces/nicpstestrg5528/ipConfigurations/ipconfig1\",\r\n        \"etag\": \"W/\\\"6e68c346-2941-4f1d-953c-e4a5fc0b7080\\\"\",\r\n        \"properties\": {\r\n          \"provisioningState\": \"Succeeded\",\r\n          \"privateIPAddress\": \"10.0.0.4\",\r\n          \"privateIPAllocationMethod\": \"Dynamic\",\r\n          \"publicIPAddress\": {\r\n            \"id\": \"/subscriptions/4d368445-cbb1-42a7-97a6-6850ab99f48e/resourceGroups/pstestrg5528/providers/Microsoft.Network/publicIPAddresses/pubippstestrg5528\"\r\n          },\r\n          \"subnet\": {\r\n            \"id\": \"/subscriptions/4d368445-cbb1-42a7-97a6-6850ab99f48e/resourceGroups/pstestrg5528/providers/Microsoft.Network/virtualNetworks/vnetpstestrg5528/subnets/subnetpstestrg5528\"\r\n          }\r\n        }\r\n      }\r\n    ],\r\n    \"dnsSettings\": {}\r\n  },\r\n  \"location\": \"westus\"\r\n}",
      "ResponseHeaders": {
        "Content-Length": [
          "1300"
        ],
        "Content-Type": [
          "application/json; charset=utf-8"
        ],
        "Expires": [
          "-1"
        ],
        "Pragma": [
          "no-cache"
        ],
        "x-ms-request-id": [
          "ab6ef13e-0ddb-4fbf-9ff0-4f08e53a4417"
        ],
        "Strict-Transport-Security": [
          "max-age=31536000; includeSubDomains"
        ],
        "Cache-Control": [
          "no-cache"
        ],
        "ETag": [
          "W/\"6e68c346-2941-4f1d-953c-e4a5fc0b7080\""
        ],
        "Server": [
          "Microsoft-HTTPAPI/2.0",
          "Microsoft-HTTPAPI/2.0"
        ],
        "x-ms-ratelimit-remaining-subscription-reads": [
          "31988"
        ],
        "x-ms-correlation-request-id": [
          "f3965f85-0cbf-43b2-9232-0baef1b3e661"
        ],
        "x-ms-routing-request-id": [
          "WESTUS:20150428T221957Z:f3965f85-0cbf-43b2-9232-0baef1b3e661"
        ],
        "Date": [
          "Tue, 28 Apr 2015 22:19:56 GMT"
        ]
      },
      "StatusCode": 200
    },
    {
      "RequestUri": "/subscriptions/4d368445-cbb1-42a7-97a6-6850ab99f48e/resourceGroups/pstestrg5528/providers/Microsoft.Network/networkInterfaces/nicpstestrg5528?api-version=2015-05-01-preview",
      "EncodedRequestUri": "L3N1YnNjcmlwdGlvbnMvNGQzNjg0NDUtY2JiMS00MmE3LTk3YTYtNjg1MGFiOTlmNDhlL3Jlc291cmNlR3JvdXBzL3BzdGVzdHJnNTUyOC9wcm92aWRlcnMvTWljcm9zb2Z0Lk5ldHdvcmsvbmV0d29ya0ludGVyZmFjZXMvbmljcHN0ZXN0cmc1NTI4P2FwaS12ZXJzaW9uPTIwMTUtMDUtMDEtcHJldmlldw==",
      "RequestMethod": "GET",
      "RequestBody": "",
      "RequestHeaders": {
        "User-Agent": [
          "Microsoft.Azure.Management.Network.NetworkResourceProviderClient/2.0.0.0"
        ]
      },
      "ResponseBody": "{\r\n  \"name\": \"nicpstestrg5528\",\r\n  \"id\": \"/subscriptions/4d368445-cbb1-42a7-97a6-6850ab99f48e/resourceGroups/pstestrg5528/providers/Microsoft.Network/networkInterfaces/nicpstestrg5528\",\r\n  \"etag\": \"W/\\\"3c07dd17-ae78-4a6c-8e40-b9409b40c497\\\"\",\r\n  \"properties\": {\r\n    \"provisioningState\": \"Succeeded\",\r\n    \"ipConfigurations\": [\r\n      {\r\n        \"name\": \"ipconfig1\",\r\n        \"id\": \"/subscriptions/4d368445-cbb1-42a7-97a6-6850ab99f48e/resourceGroups/pstestrg5528/providers/Microsoft.Network/networkInterfaces/nicpstestrg5528/ipConfigurations/ipconfig1\",\r\n        \"etag\": \"W/\\\"3c07dd17-ae78-4a6c-8e40-b9409b40c497\\\"\",\r\n        \"properties\": {\r\n          \"provisioningState\": \"Succeeded\",\r\n          \"privateIPAddress\": \"10.0.0.4\",\r\n          \"privateIPAllocationMethod\": \"Dynamic\",\r\n          \"publicIPAddress\": {\r\n            \"id\": \"/subscriptions/4d368445-cbb1-42a7-97a6-6850ab99f48e/resourceGroups/pstestrg5528/providers/Microsoft.Network/publicIPAddresses/pubippstestrg5528\"\r\n          },\r\n          \"subnet\": {\r\n            \"id\": \"/subscriptions/4d368445-cbb1-42a7-97a6-6850ab99f48e/resourceGroups/pstestrg5528/providers/Microsoft.Network/virtualNetworks/vnetpstestrg5528/subnets/subnetpstestrg5528\"\r\n          }\r\n        }\r\n      }\r\n    ],\r\n    \"dnsSettings\": {},\r\n    \"macAddress\": \"00-0D-3A-31-53-FC\",\r\n    \"primary\": true,\r\n    \"virtualMachine\": {\r\n      \"id\": \"/subscriptions/4d368445-cbb1-42a7-97a6-6850ab99f48e/resourceGroups/pstestrg5528/providers/Microsoft.Compute/virtualMachines/vmpstestrg5528\"\r\n    }\r\n  },\r\n  \"location\": \"westus\"\r\n}",
      "ResponseHeaders": {
        "Content-Length": [
          "1549"
        ],
        "Content-Type": [
          "application/json; charset=utf-8"
        ],
        "Expires": [
          "-1"
        ],
        "Pragma": [
          "no-cache"
        ],
        "x-ms-request-id": [
          "62441c81-8462-47a6-8702-3a986de32bb9"
        ],
        "Strict-Transport-Security": [
          "max-age=31536000; includeSubDomains"
        ],
        "Cache-Control": [
          "no-cache"
        ],
        "ETag": [
          "W/\"3c07dd17-ae78-4a6c-8e40-b9409b40c497\""
        ],
        "Server": [
          "Microsoft-HTTPAPI/2.0",
          "Microsoft-HTTPAPI/2.0"
        ],
        "x-ms-ratelimit-remaining-subscription-reads": [
          "31987"
        ],
        "x-ms-correlation-request-id": [
          "a5834c7f-a703-4309-a205-383c5ba67ecc"
        ],
        "x-ms-routing-request-id": [
          "WESTUS:20150428T222557Z:a5834c7f-a703-4309-a205-383c5ba67ecc"
        ],
        "Date": [
          "Tue, 28 Apr 2015 22:25:57 GMT"
        ]
      },
      "StatusCode": 200
    },
    {
      "RequestUri": "/subscriptions/4d368445-cbb1-42a7-97a6-6850ab99f48e/resourceGroups/pstestrg5528/providers/Microsoft.Network/networkInterfaces/nicpstestrg5528?api-version=2015-05-01-preview",
      "EncodedRequestUri": "L3N1YnNjcmlwdGlvbnMvNGQzNjg0NDUtY2JiMS00MmE3LTk3YTYtNjg1MGFiOTlmNDhlL3Jlc291cmNlR3JvdXBzL3BzdGVzdHJnNTUyOC9wcm92aWRlcnMvTWljcm9zb2Z0Lk5ldHdvcmsvbmV0d29ya0ludGVyZmFjZXMvbmljcHN0ZXN0cmc1NTI4P2FwaS12ZXJzaW9uPTIwMTUtMDUtMDEtcHJldmlldw==",
      "RequestMethod": "PUT",
      "RequestBody": "{\r\n  \"properties\": {\r\n    \"ipConfigurations\": [\r\n      {\r\n        \"properties\": {\r\n          \"privateIPAllocationMethod\": \"Dynamic\",\r\n          \"subnet\": {\r\n            \"id\": \"/subscriptions/4d368445-cbb1-42a7-97a6-6850ab99f48e/resourceGroups/pstestrg5528/providers/Microsoft.Network/virtualNetworks/vnetpstestrg5528/subnets/subnetpstestrg5528\"\r\n          },\r\n          \"publicIPAddress\": {\r\n            \"id\": \"/subscriptions/4d368445-cbb1-42a7-97a6-6850ab99f48e/resourceGroups/pstestrg5528/providers/Microsoft.Network/publicIPAddresses/pubippstestrg5528\"\r\n          },\r\n          \"loadBalancerBackendAddressPools\": [],\r\n          \"loadBalancerInboundNatRules\": []\r\n        },\r\n        \"name\": \"ipconfig1\"\r\n      }\r\n    ],\r\n    \"primary\": false\r\n  },\r\n  \"name\": \"nicpstestrg5528\",\r\n  \"type\": \"microsoft.network/networkInterfaces\",\r\n  \"location\": \"westus\"\r\n}",
      "RequestHeaders": {
        "Content-Type": [
          "application/json"
        ],
        "Content-Length": [
          "857"
        ],
        "User-Agent": [
          "Microsoft.Azure.Management.Network.NetworkResourceProviderClient/2.0.0.0"
        ]
      },
      "ResponseBody": "{\r\n  \"name\": \"nicpstestrg5528\",\r\n  \"id\": \"/subscriptions/4d368445-cbb1-42a7-97a6-6850ab99f48e/resourceGroups/pstestrg5528/providers/Microsoft.Network/networkInterfaces/nicpstestrg5528\",\r\n  \"etag\": \"W/\\\"6e68c346-2941-4f1d-953c-e4a5fc0b7080\\\"\",\r\n  \"properties\": {\r\n    \"provisioningState\": \"Succeeded\",\r\n    \"ipConfigurations\": [\r\n      {\r\n        \"name\": \"ipconfig1\",\r\n        \"id\": \"/subscriptions/4d368445-cbb1-42a7-97a6-6850ab99f48e/resourceGroups/pstestrg5528/providers/Microsoft.Network/networkInterfaces/nicpstestrg5528/ipConfigurations/ipconfig1\",\r\n        \"etag\": \"W/\\\"6e68c346-2941-4f1d-953c-e4a5fc0b7080\\\"\",\r\n        \"properties\": {\r\n          \"provisioningState\": \"Succeeded\",\r\n          \"privateIPAddress\": \"10.0.0.4\",\r\n          \"privateIPAllocationMethod\": \"Dynamic\",\r\n          \"publicIPAddress\": {\r\n            \"id\": \"/subscriptions/4d368445-cbb1-42a7-97a6-6850ab99f48e/resourceGroups/pstestrg5528/providers/Microsoft.Network/publicIPAddresses/pubippstestrg5528\"\r\n          },\r\n          \"subnet\": {\r\n            \"id\": \"/subscriptions/4d368445-cbb1-42a7-97a6-6850ab99f48e/resourceGroups/pstestrg5528/providers/Microsoft.Network/virtualNetworks/vnetpstestrg5528/subnets/subnetpstestrg5528\"\r\n          }\r\n        }\r\n      }\r\n    ],\r\n    \"dnsSettings\": {}\r\n  },\r\n  \"location\": \"westus\"\r\n}",
      "ResponseHeaders": {
        "Content-Length": [
          "1300"
        ],
        "Content-Type": [
          "application/json; charset=utf-8"
        ],
        "Expires": [
          "-1"
        ],
        "Pragma": [
          "no-cache"
        ],
        "x-ms-request-id": [
          "3d474633-ae88-42ef-b76e-127e8ccfbd65"
        ],
        "Azure-AsyncOperation": [
          "https://management.azure.com/subscriptions/4d368445-cbb1-42a7-97a6-6850ab99f48e/providers/Microsoft.Network/locations/westus/operations/3d474633-ae88-42ef-b76e-127e8ccfbd65?api-version=2015-05-01-preview"
        ],
        "Strict-Transport-Security": [
          "max-age=31536000; includeSubDomains"
        ],
        "Cache-Control": [
          "no-cache"
        ],
        "Server": [
          "Microsoft-HTTPAPI/2.0",
          "Microsoft-HTTPAPI/2.0"
        ],
        "x-ms-ratelimit-remaining-subscription-writes": [
          "1197"
        ],
        "x-ms-correlation-request-id": [
          "eec07f5a-4c9b-435c-98ec-e91daeb5f9b9"
        ],
        "x-ms-routing-request-id": [
          "WESTUS:20150428T221957Z:eec07f5a-4c9b-435c-98ec-e91daeb5f9b9"
        ],
        "Date": [
          "Tue, 28 Apr 2015 22:19:56 GMT"
        ]
      },
      "StatusCode": 201
    },
    {
      "RequestUri": "/subscriptions/4d368445-cbb1-42a7-97a6-6850ab99f48e/providers/Microsoft.Network/locations/westus/operations/3d474633-ae88-42ef-b76e-127e8ccfbd65?api-version=2015-05-01-preview",
      "EncodedRequestUri": "L3N1YnNjcmlwdGlvbnMvNGQzNjg0NDUtY2JiMS00MmE3LTk3YTYtNjg1MGFiOTlmNDhlL3Byb3ZpZGVycy9NaWNyb3NvZnQuTmV0d29yay9sb2NhdGlvbnMvd2VzdHVzL29wZXJhdGlvbnMvM2Q0NzQ2MzMtYWU4OC00MmVmLWI3NmUtMTI3ZThjY2ZiZDY1P2FwaS12ZXJzaW9uPTIwMTUtMDUtMDEtcHJldmlldw==",
      "RequestMethod": "GET",
      "RequestBody": "",
      "RequestHeaders": {
        "x-ms-version": [
          "2015-05-01-preview"
        ],
        "User-Agent": [
          "Microsoft.Azure.Management.Network.NetworkResourceProviderClient/2.0.0.0"
        ]
      },
      "ResponseBody": "{\r\n  \"status\": \"Succeeded\"\r\n}",
      "ResponseHeaders": {
        "Content-Length": [
          "29"
        ],
        "Content-Type": [
          "application/json; charset=utf-8"
        ],
        "Expires": [
          "-1"
        ],
        "Pragma": [
          "no-cache"
        ],
        "x-ms-request-id": [
          "f0425357-1bed-41ce-95c5-c1e46c4adea7"
        ],
        "Strict-Transport-Security": [
          "max-age=31536000; includeSubDomains"
        ],
        "Cache-Control": [
          "no-cache"
        ],
        "Server": [
          "Microsoft-HTTPAPI/2.0",
          "Microsoft-HTTPAPI/2.0"
        ],
        "x-ms-ratelimit-remaining-subscription-reads": [
          "31990"
        ],
        "x-ms-correlation-request-id": [
          "df7c6c18-74e3-4839-b5de-2cd491951784"
        ],
        "x-ms-routing-request-id": [
          "WESTUS:20150428T221957Z:df7c6c18-74e3-4839-b5de-2cd491951784"
        ],
        "Date": [
          "Tue, 28 Apr 2015 22:19:56 GMT"
        ]
      },
      "StatusCode": 200
    },
    {
      "RequestUri": "/subscriptions/4d368445-cbb1-42a7-97a6-6850ab99f48e/resourceGroups/pstestrg5528/providers/Microsoft.Storage/storageAccounts/stopstestrg5528?api-version=2015-05-01-preview",
      "EncodedRequestUri": "L3N1YnNjcmlwdGlvbnMvNGQzNjg0NDUtY2JiMS00MmE3LTk3YTYtNjg1MGFiOTlmNDhlL3Jlc291cmNlR3JvdXBzL3BzdGVzdHJnNTUyOC9wcm92aWRlcnMvTWljcm9zb2Z0LlN0b3JhZ2Uvc3RvcmFnZUFjY291bnRzL3N0b3BzdGVzdHJnNTUyOD9hcGktdmVyc2lvbj0yMDE1LTA1LTAxLXByZXZpZXc=",
      "RequestMethod": "PUT",
      "RequestBody": "{\r\n  \"location\": \"westus\",\r\n  \"properties\": {\r\n    \"accountType\": \"Standard_GRS\"\r\n  }\r\n}",
      "RequestHeaders": {
        "Content-Type": [
          "application/json"
        ],
        "Content-Length": [
          "88"
        ],
        "x-ms-client-request-id": [
          "ddd84587-bf2a-4457-9702-169e39986a58"
        ],
        "User-Agent": [
          "Microsoft.Azure.Management.Storage.StorageManagementClient/2.0.0.0"
        ]
      },
      "ResponseBody": "null",
      "ResponseHeaders": {
        "Content-Length": [
          "4"
        ],
        "Content-Type": [
          "application/json; charset=utf-8"
        ],
        "Expires": [
          "-1"
        ],
        "Pragma": [
          "no-cache"
        ],
        "Retry-After": [
          "25"
        ],
        "x-ms-request-id": [
          "62602985-6f56-4f32-92e2-60999d6bf20e"
        ],
        "Cache-Control": [
          "no-cache"
        ],
        "Location": [
          "https://management.azure.com/subscriptions/4d368445-cbb1-42a7-97a6-6850ab99f48e/providers/Microsoft.Storage/operations/62602985-6f56-4f32-92e2-60999d6bf20e?monitor=true&api-version=2015-05-01-preview"
        ],
        "Server": [
          "Microsoft-HTTPAPI/2.0",
          "Microsoft-HTTPAPI/2.0"
        ],
        "x-ms-ratelimit-remaining-subscription-writes": [
          "1198"
        ],
        "x-ms-correlation-request-id": [
          "7470fe2d-ffe4-408e-9853-6711ac848c27"
        ],
        "x-ms-routing-request-id": [
          "WESTUS:20150428T221934Z:7470fe2d-ffe4-408e-9853-6711ac848c27"
        ],
        "Strict-Transport-Security": [
          "max-age=31536000; includeSubDomains"
        ],
        "Date": [
          "Tue, 28 Apr 2015 22:19:34 GMT"
        ]
      },
      "StatusCode": 202
    },
    {
      "RequestUri": "/subscriptions/4d368445-cbb1-42a7-97a6-6850ab99f48e/providers/Microsoft.Storage/operations/62602985-6f56-4f32-92e2-60999d6bf20e?monitor=true&api-version=2015-05-01-preview",
      "EncodedRequestUri": "L3N1YnNjcmlwdGlvbnMvNGQzNjg0NDUtY2JiMS00MmE3LTk3YTYtNjg1MGFiOTlmNDhlL3Byb3ZpZGVycy9NaWNyb3NvZnQuU3RvcmFnZS9vcGVyYXRpb25zLzYyNjAyOTg1LTZmNTYtNGYzMi05MmUyLTYwOTk5ZDZiZjIwZT9tb25pdG9yPXRydWUmYXBpLXZlcnNpb249MjAxNS0wNS0wMS1wcmV2aWV3",
      "RequestMethod": "GET",
      "RequestBody": "",
      "RequestHeaders": {
        "x-ms-client-request-id": [
          "3db30121-a74c-44bd-bba8-ea1ac3b11350"
        ],
        "User-Agent": [
          "Microsoft.Azure.Management.Storage.StorageManagementClient/2.0.0.0"
        ]
      },
      "ResponseBody": "null",
      "ResponseHeaders": {
        "Content-Length": [
          "4"
        ],
        "Content-Type": [
          "application/json; charset=utf-8"
        ],
        "Expires": [
          "-1"
        ],
        "Pragma": [
          "no-cache"
        ],
        "Retry-After": [
          "25"
        ],
        "x-ms-request-id": [
          "ab5a29e6-1e5f-4a74-96a0-ea2ee0d8cbcd"
        ],
        "Cache-Control": [
          "no-cache"
        ],
        "Location": [
          "https://management.azure.com/subscriptions/4d368445-cbb1-42a7-97a6-6850ab99f48e/providers/Microsoft.Storage/operations/62602985-6f56-4f32-92e2-60999d6bf20e?monitor=true&api-version=2015-05-01-preview"
        ],
        "Server": [
          "Microsoft-HTTPAPI/2.0",
          "Microsoft-HTTPAPI/2.0"
        ],
        "x-ms-ratelimit-remaining-subscription-reads": [
          "31975"
        ],
        "x-ms-correlation-request-id": [
          "aa4c4124-5097-419b-9034-21fd3a85a9ce"
        ],
        "x-ms-routing-request-id": [
          "WESTUS:20150428T221935Z:aa4c4124-5097-419b-9034-21fd3a85a9ce"
        ],
        "Strict-Transport-Security": [
          "max-age=31536000; includeSubDomains"
        ],
        "Date": [
          "Tue, 28 Apr 2015 22:19:35 GMT"
        ]
      },
      "StatusCode": 202
    },
    {
      "RequestUri": "/subscriptions/4d368445-cbb1-42a7-97a6-6850ab99f48e/providers/Microsoft.Storage/operations/62602985-6f56-4f32-92e2-60999d6bf20e?monitor=true&api-version=2015-05-01-preview",
      "EncodedRequestUri": "L3N1YnNjcmlwdGlvbnMvNGQzNjg0NDUtY2JiMS00MmE3LTk3YTYtNjg1MGFiOTlmNDhlL3Byb3ZpZGVycy9NaWNyb3NvZnQuU3RvcmFnZS9vcGVyYXRpb25zLzYyNjAyOTg1LTZmNTYtNGYzMi05MmUyLTYwOTk5ZDZiZjIwZT9tb25pdG9yPXRydWUmYXBpLXZlcnNpb249MjAxNS0wNS0wMS1wcmV2aWV3",
      "RequestMethod": "GET",
      "RequestBody": "",
      "RequestHeaders": {
        "x-ms-client-request-id": [
          "ea7189e0-9056-4447-89d1-f104323765c6"
        ],
        "User-Agent": [
          "Microsoft.Azure.Management.Storage.StorageManagementClient/2.0.0.0"
        ]
      },
      "ResponseBody": "{\r\n  \"properties\": {\r\n    \"accountType\": \"Standard_GRS\"\r\n  },\r\n  \"location\": \"West US\"\r\n}",
      "ResponseHeaders": {
        "Content-Length": [
          "66"
        ],
        "Content-Type": [
          "application/json; charset=utf-8"
        ],
        "Expires": [
          "-1"
        ],
        "Pragma": [
          "no-cache"
        ],
        "x-ms-request-id": [
          "f9bd0f42-09a0-4b68-9cf6-695d7cfa0de4"
        ],
        "Cache-Control": [
          "no-cache"
        ],
        "Server": [
          "Microsoft-HTTPAPI/2.0",
          "Microsoft-HTTPAPI/2.0"
        ],
        "x-ms-ratelimit-remaining-subscription-reads": [
          "31974"
        ],
        "x-ms-correlation-request-id": [
          "444fda42-66f1-4e22-9bfb-dc31e8bf271d"
        ],
        "x-ms-routing-request-id": [
          "WESTUS:20150428T222000Z:444fda42-66f1-4e22-9bfb-dc31e8bf271d"
        ],
        "Strict-Transport-Security": [
          "max-age=31536000; includeSubDomains"
        ],
        "Date": [
          "Tue, 28 Apr 2015 22:20:00 GMT"
        ]
      },
      "StatusCode": 200
    },
    {
      "RequestUri": "/subscriptions/4d368445-cbb1-42a7-97a6-6850ab99f48e/resourceGroups/pstestrg5528/providers/Microsoft.Storage/storageAccounts/stopstestrg5528?api-version=2015-05-01-preview",
      "EncodedRequestUri": "L3N1YnNjcmlwdGlvbnMvNGQzNjg0NDUtY2JiMS00MmE3LTk3YTYtNjg1MGFiOTlmNDhlL3Jlc291cmNlR3JvdXBzL3BzdGVzdHJnNTUyOC9wcm92aWRlcnMvTWljcm9zb2Z0LlN0b3JhZ2Uvc3RvcmFnZUFjY291bnRzL3N0b3BzdGVzdHJnNTUyOD9hcGktdmVyc2lvbj0yMDE1LTA1LTAxLXByZXZpZXc=",
      "RequestMethod": "GET",
      "RequestBody": "",
      "RequestHeaders": {
        "x-ms-client-request-id": [
          "4e76d693-3e0e-4a1d-9264-ad9ff86d1b71"
        ],
        "User-Agent": [
          "Microsoft.Azure.Management.Storage.StorageManagementClient/2.0.0.0"
        ]
      },
      "ResponseBody": "{\r\n  \"id\": \"/subscriptions/4d368445-cbb1-42a7-97a6-6850ab99f48e/resourceGroups/pstestrg5528/providers/Microsoft.Storage/storageAccounts/stopstestrg5528\",\r\n  \"name\": \"stopstestrg5528\",\r\n  \"location\": \"West US\",\r\n  \"type\": \"Microsoft.Storage/storageAccounts\",\r\n  \"properties\": {\r\n    \"provisioningState\": \"Succeeded\",\r\n    \"accountType\": \"Standard_GRS\",\r\n    \"primaryEndpoints\": {\r\n      \"blob\": \"https://stopstestrg5528.blob.core.windows.net/\",\r\n      \"queue\": \"https://stopstestrg5528.queue.core.windows.net/\",\r\n      \"table\": \"https://stopstestrg5528.table.core.windows.net/\"\r\n    },\r\n    \"primaryLocation\": \"West US\",\r\n    \"statusOfPrimary\": \"Available\",\r\n    \"secondaryLocation\": \"East US\",\r\n    \"statusOfSecondary\": \"Available\",\r\n    \"creationTime\": \"2015-04-28T22:19:25.297342Z\"\r\n  }\r\n}",
      "ResponseHeaders": {
        "Content-Length": [
          "672"
        ],
        "Content-Type": [
          "application/json; charset=utf-8"
        ],
        "Expires": [
          "-1"
        ],
        "Pragma": [
          "no-cache"
        ],
        "x-ms-request-id": [
          "e67ae62f-bd90-447e-bd7f-6c6187d3e439"
        ],
        "Cache-Control": [
          "no-cache"
        ],
        "Server": [
          "Microsoft-HTTPAPI/2.0",
          "Microsoft-HTTPAPI/2.0"
        ],
        "x-ms-ratelimit-remaining-subscription-reads": [
          "31973"
        ],
        "x-ms-correlation-request-id": [
          "44f67da7-9c8c-469d-8d50-6254cd2ffd51"
        ],
        "x-ms-routing-request-id": [
          "WESTUS:20150428T222000Z:44f67da7-9c8c-469d-8d50-6254cd2ffd51"
        ],
        "Strict-Transport-Security": [
          "max-age=31536000; includeSubDomains"
        ],
        "Date": [
          "Tue, 28 Apr 2015 22:20:00 GMT"
        ]
      },
      "StatusCode": 200
    },
    {
      "RequestUri": "/subscriptions/4d368445-cbb1-42a7-97a6-6850ab99f48e/resourceGroups/pstestrg5528/providers/Microsoft.Storage/storageAccounts/stopstestrg5528?api-version=2015-05-01-preview",
      "EncodedRequestUri": "L3N1YnNjcmlwdGlvbnMvNGQzNjg0NDUtY2JiMS00MmE3LTk3YTYtNjg1MGFiOTlmNDhlL3Jlc291cmNlR3JvdXBzL3BzdGVzdHJnNTUyOC9wcm92aWRlcnMvTWljcm9zb2Z0LlN0b3JhZ2Uvc3RvcmFnZUFjY291bnRzL3N0b3BzdGVzdHJnNTUyOD9hcGktdmVyc2lvbj0yMDE1LTA1LTAxLXByZXZpZXc=",
      "RequestMethod": "GET",
      "RequestBody": "",
      "RequestHeaders": {
        "x-ms-client-request-id": [
          "6ae1a6b6-ec7e-4f18-976b-7a6c706111e5"
        ],
        "User-Agent": [
          "Microsoft.Azure.Management.Storage.StorageManagementClient/2.0.0.0"
        ]
      },
      "ResponseBody": "{\r\n  \"id\": \"/subscriptions/4d368445-cbb1-42a7-97a6-6850ab99f48e/resourceGroups/pstestrg5528/providers/Microsoft.Storage/storageAccounts/stopstestrg5528\",\r\n  \"name\": \"stopstestrg5528\",\r\n  \"location\": \"West US\",\r\n  \"type\": \"Microsoft.Storage/storageAccounts\",\r\n  \"properties\": {\r\n    \"provisioningState\": \"Succeeded\",\r\n    \"accountType\": \"Standard_GRS\",\r\n    \"primaryEndpoints\": {\r\n      \"blob\": \"https://stopstestrg5528.blob.core.windows.net/\",\r\n      \"queue\": \"https://stopstestrg5528.queue.core.windows.net/\",\r\n      \"table\": \"https://stopstestrg5528.table.core.windows.net/\"\r\n    },\r\n    \"primaryLocation\": \"West US\",\r\n    \"statusOfPrimary\": \"Available\",\r\n    \"secondaryLocation\": \"East US\",\r\n    \"statusOfSecondary\": \"Available\",\r\n    \"creationTime\": \"2015-04-28T22:19:25.297342Z\"\r\n  }\r\n}",
      "ResponseHeaders": {
        "Content-Length": [
          "672"
        ],
        "Content-Type": [
          "application/json; charset=utf-8"
        ],
        "Expires": [
          "-1"
        ],
        "Pragma": [
          "no-cache"
        ],
        "x-ms-request-id": [
          "26d7e038-4d48-4d01-801d-280ab3d7f6e3"
        ],
        "Cache-Control": [
          "no-cache"
        ],
        "Server": [
          "Microsoft-HTTPAPI/2.0",
          "Microsoft-HTTPAPI/2.0"
        ],
        "x-ms-ratelimit-remaining-subscription-reads": [
          "31972"
        ],
        "x-ms-correlation-request-id": [
          "958e0ace-33ce-485b-9ebb-e0a1bb7a7d5c"
        ],
        "x-ms-routing-request-id": [
          "WESTUS:20150428T222000Z:958e0ace-33ce-485b-9ebb-e0a1bb7a7d5c"
        ],
        "Strict-Transport-Security": [
          "max-age=31536000; includeSubDomains"
        ],
        "Date": [
          "Tue, 28 Apr 2015 22:20:00 GMT"
        ]
      },
      "StatusCode": 200
    },
    {
      "RequestUri": "/subscriptions/4d368445-cbb1-42a7-97a6-6850ab99f48e/providers/Microsoft.Compute/locations/westus/publishers?api-version=2015-06-15",
      "EncodedRequestUri": "L3N1YnNjcmlwdGlvbnMvNGQzNjg0NDUtY2JiMS00MmE3LTk3YTYtNjg1MGFiOTlmNDhlL3Byb3ZpZGVycy9NaWNyb3NvZnQuQ29tcHV0ZS9sb2NhdGlvbnMvd2VzdHVzL3B1Ymxpc2hlcnM/YXBpLXZlcnNpb249MjAxNS0wNi0xNQ==",
      "RequestMethod": "GET",
      "RequestBody": "",
      "RequestHeaders": {
        "User-Agent": [
          "Microsoft.Azure.Management.Compute.ComputeManagementClient/5.0.0.0"
        ]
      },
      "ResponseBody": "[\r\n  {\r\n    \"location\": \"westus\",\r\n    \"name\": \"a10networks\",\r\n    \"id\": \"/Subscriptions/4d368445-cbb1-42a7-97a6-6850ab99f48e/Providers/Microsoft.Compute/Locations/westus/Publishers/a10networks\"\r\n  },\r\n  {\r\n    \"location\": \"westus\",\r\n    \"name\": \"aiscaler-cache-control-ddos-and-url-rewriting-\",\r\n    \"id\": \"/Subscriptions/4d368445-cbb1-42a7-97a6-6850ab99f48e/Providers/Microsoft.Compute/Locations/westus/Publishers/aiscaler-cache-control-ddos-and-url-rewriting-\"\r\n  },\r\n  {\r\n    \"location\": \"westus\",\r\n    \"name\": \"alertlogic\",\r\n    \"id\": \"/Subscriptions/4d368445-cbb1-42a7-97a6-6850ab99f48e/Providers/Microsoft.Compute/Locations/westus/Publishers/alertlogic\"\r\n  },\r\n  {\r\n    \"location\": \"westus\",\r\n    \"name\": \"AlertLogic.Extension\",\r\n    \"id\": \"/Subscriptions/4d368445-cbb1-42a7-97a6-6850ab99f48e/Providers/Microsoft.Compute/Locations/westus/Publishers/AlertLogic.Extension\"\r\n  },\r\n  {\r\n    \"location\": \"westus\",\r\n    \"name\": \"Barracuda.Azure.ConnectivityAgent\",\r\n    \"id\": \"/Subscriptions/4d368445-cbb1-42a7-97a6-6850ab99f48e/Providers/Microsoft.Compute/Locations/westus/Publishers/Barracuda.Azure.ConnectivityAgent\"\r\n  },\r\n  {\r\n    \"location\": \"westus\",\r\n    \"name\": \"barracudanetworks\",\r\n    \"id\": \"/Subscriptions/4d368445-cbb1-42a7-97a6-6850ab99f48e/Providers/Microsoft.Compute/Locations/westus/Publishers/barracudanetworks\"\r\n  },\r\n  {\r\n    \"location\": \"westus\",\r\n    \"name\": \"basho\",\r\n    \"id\": \"/Subscriptions/4d368445-cbb1-42a7-97a6-6850ab99f48e/Providers/Microsoft.Compute/Locations/westus/Publishers/basho\"\r\n  },\r\n  {\r\n    \"location\": \"westus\",\r\n    \"name\": \"boxless\",\r\n    \"id\": \"/Subscriptions/4d368445-cbb1-42a7-97a6-6850ab99f48e/Providers/Microsoft.Compute/Locations/westus/Publishers/boxless\"\r\n  },\r\n  {\r\n    \"location\": \"westus\",\r\n    \"name\": \"bssw\",\r\n    \"id\": \"/Subscriptions/4d368445-cbb1-42a7-97a6-6850ab99f48e/Providers/Microsoft.Compute/Locations/westus/Publishers/bssw\"\r\n  },\r\n  {\r\n    \"location\": \"westus\",\r\n    \"name\": \"Canonical\",\r\n    \"id\": \"/Subscriptions/4d368445-cbb1-42a7-97a6-6850ab99f48e/Providers/Microsoft.Compute/Locations/westus/Publishers/Canonical\"\r\n  },\r\n  {\r\n    \"location\": \"westus\",\r\n    \"name\": \"chef-software\",\r\n    \"id\": \"/Subscriptions/4d368445-cbb1-42a7-97a6-6850ab99f48e/Providers/Microsoft.Compute/Locations/westus/Publishers/chef-software\"\r\n  },\r\n  {\r\n    \"location\": \"westus\",\r\n    \"name\": \"Chef.Bootstrap.WindowsAzure\",\r\n    \"id\": \"/Subscriptions/4d368445-cbb1-42a7-97a6-6850ab99f48e/Providers/Microsoft.Compute/Locations/westus/Publishers/Chef.Bootstrap.WindowsAzure\"\r\n  },\r\n  {\r\n    \"location\": \"westus\",\r\n    \"name\": \"cires21\",\r\n    \"id\": \"/Subscriptions/4d368445-cbb1-42a7-97a6-6850ab99f48e/Providers/Microsoft.Compute/Locations/westus/Publishers/cires21\"\r\n  },\r\n  {\r\n    \"location\": \"westus\",\r\n    \"name\": \"cloudlink\",\r\n    \"id\": \"/Subscriptions/4d368445-cbb1-42a7-97a6-6850ab99f48e/Providers/Microsoft.Compute/Locations/westus/Publishers/cloudlink\"\r\n  },\r\n  {\r\n    \"location\": \"westus\",\r\n    \"name\": \"CloudLink.SecureVM\",\r\n    \"id\": \"/Subscriptions/4d368445-cbb1-42a7-97a6-6850ab99f48e/Providers/Microsoft.Compute/Locations/westus/Publishers/CloudLink.SecureVM\"\r\n  },\r\n  {\r\n    \"location\": \"westus\",\r\n    \"name\": \"commvault\",\r\n    \"id\": \"/Subscriptions/4d368445-cbb1-42a7-97a6-6850ab99f48e/Providers/Microsoft.Compute/Locations/westus/Publishers/commvault\"\r\n  },\r\n  {\r\n    \"location\": \"westus\",\r\n    \"name\": \"corent-technology-pvt\",\r\n    \"id\": \"/Subscriptions/4d368445-cbb1-42a7-97a6-6850ab99f48e/Providers/Microsoft.Compute/Locations/westus/Publishers/corent-technology-pvt\"\r\n  },\r\n  {\r\n    \"location\": \"westus\",\r\n    \"name\": \"CoreOS\",\r\n    \"id\": \"/Subscriptions/4d368445-cbb1-42a7-97a6-6850ab99f48e/Providers/Microsoft.Compute/Locations/westus/Publishers/CoreOS\"\r\n  },\r\n  {\r\n    \"location\": \"westus\",\r\n    \"name\": \"datastax\",\r\n    \"id\": \"/Subscriptions/4d368445-cbb1-42a7-97a6-6850ab99f48e/Providers/Microsoft.Compute/Locations/westus/Publishers/datastax\"\r\n  },\r\n  {\r\n    \"location\": \"westus\",\r\n    \"name\": \"dell_software\",\r\n    \"id\": \"/Subscriptions/4d368445-cbb1-42a7-97a6-6850ab99f48e/Providers/Microsoft.Compute/Locations/westus/Publishers/dell_software\"\r\n  },\r\n  {\r\n    \"location\": \"westus\",\r\n    \"name\": \"GitHub\",\r\n    \"id\": \"/Subscriptions/4d368445-cbb1-42a7-97a6-6850ab99f48e/Providers/Microsoft.Compute/Locations/westus/Publishers/GitHub\"\r\n  },\r\n  {\r\n    \"location\": \"westus\",\r\n    \"name\": \"hortonworks\",\r\n    \"id\": \"/Subscriptions/4d368445-cbb1-42a7-97a6-6850ab99f48e/Providers/Microsoft.Compute/Locations/westus/Publishers/hortonworks\"\r\n  },\r\n  {\r\n    \"location\": \"westus\",\r\n    \"name\": \"informatica-cloud\",\r\n    \"id\": \"/Subscriptions/4d368445-cbb1-42a7-97a6-6850ab99f48e/Providers/Microsoft.Compute/Locations/westus/Publishers/informatica-cloud\"\r\n  },\r\n  {\r\n    \"location\": \"westus\",\r\n    \"name\": \"intelligent-plant-ltd\",\r\n    \"id\": \"/Subscriptions/4d368445-cbb1-42a7-97a6-6850ab99f48e/Providers/Microsoft.Compute/Locations/westus/Publishers/intelligent-plant-ltd\"\r\n  },\r\n  {\r\n    \"location\": \"westus\",\r\n    \"name\": \"jetnexus\",\r\n    \"id\": \"/Subscriptions/4d368445-cbb1-42a7-97a6-6850ab99f48e/Providers/Microsoft.Compute/Locations/westus/Publishers/jetnexus\"\r\n  },\r\n  {\r\n    \"location\": \"westus\",\r\n    \"name\": \"logtrust\",\r\n    \"id\": \"/Subscriptions/4d368445-cbb1-42a7-97a6-6850ab99f48e/Providers/Microsoft.Compute/Locations/westus/Publishers/logtrust\"\r\n  },\r\n  {\r\n    \"location\": \"westus\",\r\n    \"name\": \"marketplace-test\",\r\n    \"id\": \"/Subscriptions/4d368445-cbb1-42a7-97a6-6850ab99f48e/Providers/Microsoft.Compute/Locations/westus/Publishers/marketplace-test\"\r\n  },\r\n  {\r\n    \"location\": \"westus\",\r\n    \"name\": \"McAfee.EndpointSecurity\",\r\n    \"id\": \"/Subscriptions/4d368445-cbb1-42a7-97a6-6850ab99f48e/Providers/Microsoft.Compute/Locations/westus/Publishers/McAfee.EndpointSecurity\"\r\n  },\r\n  {\r\n    \"location\": \"westus\",\r\n    \"name\": \"metavistech\",\r\n    \"id\": \"/Subscriptions/4d368445-cbb1-42a7-97a6-6850ab99f48e/Providers/Microsoft.Compute/Locations/westus/Publishers/metavistech\"\r\n  },\r\n  {\r\n    \"location\": \"westus\",\r\n    \"name\": \"Microsoft.Azure.Applications\",\r\n    \"id\": \"/Subscriptions/4d368445-cbb1-42a7-97a6-6850ab99f48e/Providers/Microsoft.Compute/Locations/westus/Publishers/Microsoft.Azure.Applications\"\r\n  },\r\n  {\r\n    \"location\": \"westus\",\r\n    \"name\": \"Microsoft.Azure.Diagnostics\",\r\n    \"id\": \"/Subscriptions/4d368445-cbb1-42a7-97a6-6850ab99f48e/Providers/Microsoft.Compute/Locations/westus/Publishers/Microsoft.Azure.Diagnostics\"\r\n  },\r\n  {\r\n    \"location\": \"westus\",\r\n    \"name\": \"Microsoft.Azure.RecoveryServices\",\r\n    \"id\": \"/Subscriptions/4d368445-cbb1-42a7-97a6-6850ab99f48e/Providers/Microsoft.Compute/Locations/westus/Publishers/Microsoft.Azure.RecoveryServices\"\r\n  },\r\n  {\r\n    \"location\": \"westus\",\r\n    \"name\": \"Microsoft.Azure.Security\",\r\n    \"id\": \"/Subscriptions/4d368445-cbb1-42a7-97a6-6850ab99f48e/Providers/Microsoft.Compute/Locations/westus/Publishers/Microsoft.Azure.Security\"\r\n  },\r\n  {\r\n    \"location\": \"westus\",\r\n    \"name\": \"Microsoft.AzureCAT.AzureEnhancedMonitoring\",\r\n    \"id\": \"/Subscriptions/4d368445-cbb1-42a7-97a6-6850ab99f48e/Providers/Microsoft.Compute/Locations/westus/Publishers/Microsoft.AzureCAT.AzureEnhancedMonitoring\"\r\n  },\r\n  {\r\n    \"location\": \"westus\",\r\n    \"name\": \"Microsoft.Compute\",\r\n    \"id\": \"/Subscriptions/4d368445-cbb1-42a7-97a6-6850ab99f48e/Providers/Microsoft.Compute/Locations/westus/Publishers/Microsoft.Compute\"\r\n  },\r\n  {\r\n    \"location\": \"westus\",\r\n    \"name\": \"Microsoft.EnterpriseCloud.Monitoring\",\r\n    \"id\": \"/Subscriptions/4d368445-cbb1-42a7-97a6-6850ab99f48e/Providers/Microsoft.Compute/Locations/westus/Publishers/Microsoft.EnterpriseCloud.Monitoring\"\r\n  },\r\n  {\r\n    \"location\": \"westus\",\r\n    \"name\": \"Microsoft.HpcCompute\",\r\n    \"id\": \"/Subscriptions/4d368445-cbb1-42a7-97a6-6850ab99f48e/Providers/Microsoft.Compute/Locations/westus/Publishers/Microsoft.HpcCompute\"\r\n  },\r\n  {\r\n    \"location\": \"westus\",\r\n    \"name\": \"Microsoft.HpcPack\",\r\n    \"id\": \"/Subscriptions/4d368445-cbb1-42a7-97a6-6850ab99f48e/Providers/Microsoft.Compute/Locations/westus/Publishers/Microsoft.HpcPack\"\r\n  },\r\n  {\r\n    \"location\": \"westus\",\r\n    \"name\": \"Microsoft.OSTCExtensions\",\r\n    \"id\": \"/Subscriptions/4d368445-cbb1-42a7-97a6-6850ab99f48e/Providers/Microsoft.Compute/Locations/westus/Publishers/Microsoft.OSTCExtensions\"\r\n  },\r\n  {\r\n    \"location\": \"westus\",\r\n    \"name\": \"Microsoft.Powershell\",\r\n    \"id\": \"/Subscriptions/4d368445-cbb1-42a7-97a6-6850ab99f48e/Providers/Microsoft.Compute/Locations/westus/Publishers/Microsoft.Powershell\"\r\n  },\r\n  {\r\n    \"location\": \"westus\",\r\n    \"name\": \"Microsoft.SqlServer.Management\",\r\n    \"id\": \"/Subscriptions/4d368445-cbb1-42a7-97a6-6850ab99f48e/Providers/Microsoft.Compute/Locations/westus/Publishers/Microsoft.SqlServer.Management\"\r\n  },\r\n  {\r\n    \"location\": \"westus\",\r\n    \"name\": \"Microsoft.SystemCenter\",\r\n    \"id\": \"/Subscriptions/4d368445-cbb1-42a7-97a6-6850ab99f48e/Providers/Microsoft.Compute/Locations/westus/Publishers/Microsoft.SystemCenter\"\r\n  },\r\n  {\r\n    \"location\": \"westus\",\r\n    \"name\": \"Microsoft.WindowsAzure.Compute\",\r\n    \"id\": \"/Subscriptions/4d368445-cbb1-42a7-97a6-6850ab99f48e/Providers/Microsoft.Compute/Locations/westus/Publishers/Microsoft.WindowsAzure.Compute\"\r\n  },\r\n  {\r\n    \"location\": \"westus\",\r\n    \"name\": \"MicrosoftAzureSiteRecovery\",\r\n    \"id\": \"/Subscriptions/4d368445-cbb1-42a7-97a6-6850ab99f48e/Providers/Microsoft.Compute/Locations/westus/Publishers/MicrosoftAzureSiteRecovery\"\r\n  },\r\n  {\r\n    \"location\": \"westus\",\r\n    \"name\": \"MicrosoftBizTalkServer\",\r\n    \"id\": \"/Subscriptions/4d368445-cbb1-42a7-97a6-6850ab99f48e/Providers/Microsoft.Compute/Locations/westus/Publishers/MicrosoftBizTalkServer\"\r\n  },\r\n  {\r\n    \"location\": \"westus\",\r\n    \"name\": \"MicrosoftDynamicsAX\",\r\n    \"id\": \"/Subscriptions/4d368445-cbb1-42a7-97a6-6850ab99f48e/Providers/Microsoft.Compute/Locations/westus/Publishers/MicrosoftDynamicsAX\"\r\n  },\r\n  {\r\n    \"location\": \"westus\",\r\n    \"name\": \"MicrosoftDynamicsGP\",\r\n    \"id\": \"/Subscriptions/4d368445-cbb1-42a7-97a6-6850ab99f48e/Providers/Microsoft.Compute/Locations/westus/Publishers/MicrosoftDynamicsGP\"\r\n  },\r\n  {\r\n    \"location\": \"westus\",\r\n    \"name\": \"MicrosoftDynamicsNAV\",\r\n    \"id\": \"/Subscriptions/4d368445-cbb1-42a7-97a6-6850ab99f48e/Providers/Microsoft.Compute/Locations/westus/Publishers/MicrosoftDynamicsNAV\"\r\n  },\r\n  {\r\n    \"location\": \"westus\",\r\n    \"name\": \"MicrosoftHybridCloudStorage\",\r\n    \"id\": \"/Subscriptions/4d368445-cbb1-42a7-97a6-6850ab99f48e/Providers/Microsoft.Compute/Locations/westus/Publishers/MicrosoftHybridCloudStorage\"\r\n  },\r\n  {\r\n    \"location\": \"westus\",\r\n    \"name\": \"MicrosoftSharePoint\",\r\n    \"id\": \"/Subscriptions/4d368445-cbb1-42a7-97a6-6850ab99f48e/Providers/Microsoft.Compute/Locations/westus/Publishers/MicrosoftSharePoint\"\r\n  },\r\n  {\r\n    \"location\": \"westus\",\r\n    \"name\": \"MicrosoftSQLServer\",\r\n    \"id\": \"/Subscriptions/4d368445-cbb1-42a7-97a6-6850ab99f48e/Providers/Microsoft.Compute/Locations/westus/Publishers/MicrosoftSQLServer\"\r\n  },\r\n  {\r\n    \"location\": \"westus\",\r\n    \"name\": \"MicrosoftVisualStudio\",\r\n    \"id\": \"/Subscriptions/4d368445-cbb1-42a7-97a6-6850ab99f48e/Providers/Microsoft.Compute/Locations/westus/Publishers/MicrosoftVisualStudio\"\r\n  },\r\n  {\r\n    \"location\": \"westus\",\r\n    \"name\": \"MicrosoftWindowsServer\",\r\n    \"id\": \"/Subscriptions/4d368445-cbb1-42a7-97a6-6850ab99f48e/Providers/Microsoft.Compute/Locations/westus/Publishers/MicrosoftWindowsServer\"\r\n  },\r\n  {\r\n    \"location\": \"westus\",\r\n    \"name\": \"MicrosoftWindowsServerEssentials\",\r\n    \"id\": \"/Subscriptions/4d368445-cbb1-42a7-97a6-6850ab99f48e/Providers/Microsoft.Compute/Locations/westus/Publishers/MicrosoftWindowsServerEssentials\"\r\n  },\r\n  {\r\n    \"location\": \"westus\",\r\n    \"name\": \"MicrosoftWindowsServerHPCPack\",\r\n    \"id\": \"/Subscriptions/4d368445-cbb1-42a7-97a6-6850ab99f48e/Providers/Microsoft.Compute/Locations/westus/Publishers/MicrosoftWindowsServerHPCPack\"\r\n  },\r\n  {\r\n    \"location\": \"westus\",\r\n    \"name\": \"MicrosoftWindowsServerRemoteDesktop\",\r\n    \"id\": \"/Subscriptions/4d368445-cbb1-42a7-97a6-6850ab99f48e/Providers/Microsoft.Compute/Locations/westus/Publishers/MicrosoftWindowsServerRemoteDesktop\"\r\n  },\r\n  {\r\n    \"location\": \"westus\",\r\n    \"name\": \"msopentech\",\r\n    \"id\": \"/Subscriptions/4d368445-cbb1-42a7-97a6-6850ab99f48e/Providers/Microsoft.Compute/Locations/westus/Publishers/msopentech\"\r\n  },\r\n  {\r\n    \"location\": \"westus\",\r\n    \"name\": \"MSOpenTech.Extensions\",\r\n    \"id\": \"/Subscriptions/4d368445-cbb1-42a7-97a6-6850ab99f48e/Providers/Microsoft.Compute/Locations/westus/Publishers/MSOpenTech.Extensions\"\r\n  },\r\n  {\r\n    \"location\": \"westus\",\r\n    \"name\": \"OpenLogic\",\r\n    \"id\": \"/Subscriptions/4d368445-cbb1-42a7-97a6-6850ab99f48e/Providers/Microsoft.Compute/Locations/westus/Publishers/OpenLogic\"\r\n  },\r\n  {\r\n    \"location\": \"westus\",\r\n    \"name\": \"PuppetLabs\",\r\n    \"id\": \"/Subscriptions/4d368445-cbb1-42a7-97a6-6850ab99f48e/Providers/Microsoft.Compute/Locations/westus/Publishers/PuppetLabs\"\r\n  },\r\n  {\r\n    \"location\": \"westus\",\r\n    \"name\": \"RightScaleLinux\",\r\n    \"id\": \"/Subscriptions/4d368445-cbb1-42a7-97a6-6850ab99f48e/Providers/Microsoft.Compute/Locations/westus/Publishers/RightScaleLinux\"\r\n  },\r\n  {\r\n    \"location\": \"westus\",\r\n    \"name\": \"RightScaleWindowsServer\",\r\n    \"id\": \"/Subscriptions/4d368445-cbb1-42a7-97a6-6850ab99f48e/Providers/Microsoft.Compute/Locations/westus/Publishers/RightScaleWindowsServer\"\r\n  },\r\n  {\r\n    \"location\": \"westus\",\r\n    \"name\": \"riverbed\",\r\n    \"id\": \"/Subscriptions/4d368445-cbb1-42a7-97a6-6850ab99f48e/Providers/Microsoft.Compute/Locations/westus/Publishers/riverbed\"\r\n  },\r\n  {\r\n    \"location\": \"westus\",\r\n    \"name\": \"RiverbedTechnology\",\r\n    \"id\": \"/Subscriptions/4d368445-cbb1-42a7-97a6-6850ab99f48e/Providers/Microsoft.Compute/Locations/westus/Publishers/RiverbedTechnology\"\r\n  },\r\n  {\r\n    \"location\": \"westus\",\r\n    \"name\": \"saltstack\",\r\n    \"id\": \"/Subscriptions/4d368445-cbb1-42a7-97a6-6850ab99f48e/Providers/Microsoft.Compute/Locations/westus/Publishers/saltstack\"\r\n  },\r\n  {\r\n    \"location\": \"westus\",\r\n    \"name\": \"scalearc\",\r\n    \"id\": \"/Subscriptions/4d368445-cbb1-42a7-97a6-6850ab99f48e/Providers/Microsoft.Compute/Locations/westus/Publishers/scalearc\"\r\n  },\r\n  {\r\n    \"location\": \"westus\",\r\n    \"name\": \"seagate\",\r\n    \"id\": \"/Subscriptions/4d368445-cbb1-42a7-97a6-6850ab99f48e/Providers/Microsoft.Compute/Locations/westus/Publishers/seagate\"\r\n  },\r\n  {\r\n    \"location\": \"westus\",\r\n    \"name\": \"sharefile\",\r\n    \"id\": \"/Subscriptions/4d368445-cbb1-42a7-97a6-6850ab99f48e/Providers/Microsoft.Compute/Locations/westus/Publishers/sharefile\"\r\n  },\r\n  {\r\n    \"location\": \"westus\",\r\n    \"name\": \"sios_datakeeper\",\r\n    \"id\": \"/Subscriptions/4d368445-cbb1-42a7-97a6-6850ab99f48e/Providers/Microsoft.Compute/Locations/westus/Publishers/sios_datakeeper\"\r\n  },\r\n  {\r\n    \"location\": \"westus\",\r\n    \"name\": \"sisense\",\r\n    \"id\": \"/Subscriptions/4d368445-cbb1-42a7-97a6-6850ab99f48e/Providers/Microsoft.Compute/Locations/westus/Publishers/sisense\"\r\n  },\r\n  {\r\n    \"location\": \"westus\",\r\n    \"name\": \"softnas\",\r\n    \"id\": \"/Subscriptions/4d368445-cbb1-42a7-97a6-6850ab99f48e/Providers/Microsoft.Compute/Locations/westus/Publishers/softnas\"\r\n  },\r\n  {\r\n    \"location\": \"westus\",\r\n    \"name\": \"Symantec\",\r\n    \"id\": \"/Subscriptions/4d368445-cbb1-42a7-97a6-6850ab99f48e/Providers/Microsoft.Compute/Locations/westus/Publishers/Symantec\"\r\n  },\r\n  {\r\n    \"location\": \"westus\",\r\n    \"name\": \"tavendo\",\r\n    \"id\": \"/Subscriptions/4d368445-cbb1-42a7-97a6-6850ab99f48e/Providers/Microsoft.Compute/Locations/westus/Publishers/tavendo\"\r\n  },\r\n  {\r\n    \"location\": \"westus\",\r\n    \"name\": \"trendmicro\",\r\n    \"id\": \"/Subscriptions/4d368445-cbb1-42a7-97a6-6850ab99f48e/Providers/Microsoft.Compute/Locations/westus/Publishers/trendmicro\"\r\n  },\r\n  {\r\n    \"location\": \"westus\",\r\n    \"name\": \"TrendMicro.DeepSecurity\",\r\n    \"id\": \"/Subscriptions/4d368445-cbb1-42a7-97a6-6850ab99f48e/Providers/Microsoft.Compute/Locations/westus/Publishers/TrendMicro.DeepSecurity\"\r\n  },\r\n  {\r\n    \"location\": \"westus\",\r\n    \"name\": \"TrendMicro.PortalProtect\",\r\n    \"id\": \"/Subscriptions/4d368445-cbb1-42a7-97a6-6850ab99f48e/Providers/Microsoft.Compute/Locations/westus/Publishers/TrendMicro.PortalProtect\"\r\n  },\r\n  {\r\n    \"location\": \"westus\",\r\n    \"name\": \"veeam\",\r\n    \"id\": \"/Subscriptions/4d368445-cbb1-42a7-97a6-6850ab99f48e/Providers/Microsoft.Compute/Locations/westus/Publishers/veeam\"\r\n  },\r\n  {\r\n    \"location\": \"westus\",\r\n    \"name\": \"vision_solutions\",\r\n    \"id\": \"/Subscriptions/4d368445-cbb1-42a7-97a6-6850ab99f48e/Providers/Microsoft.Compute/Locations/westus/Publishers/vision_solutions\"\r\n  },\r\n  {\r\n    \"location\": \"westus\",\r\n    \"name\": \"wowza\",\r\n    \"id\": \"/Subscriptions/4d368445-cbb1-42a7-97a6-6850ab99f48e/Providers/Microsoft.Compute/Locations/westus/Publishers/wowza\"\r\n  }\r\n]",
      "ResponseHeaders": {
        "Content-Length": [
          "14425"
        ],
        "Content-Type": [
          "application/json; charset=utf-8"
        ],
        "Expires": [
          "-1"
        ],
        "Pragma": [
          "no-cache"
        ],
        "Strict-Transport-Security": [
          "max-age=31536000; includeSubDomains"
        ],
        "x-ms-request-id": [
          "6a38cc2d-e95c-409d-8679-9f4b5f2e1bb5"
        ],
        "Cache-Control": [
          "no-cache"
        ],
        "Server": [
          "Microsoft-HTTPAPI/2.0",
          "Microsoft-HTTPAPI/2.0"
        ],
        "x-ms-ratelimit-remaining-subscription-reads": [
          "31997"
        ],
        "x-ms-correlation-request-id": [
          "3e825bc3-9bac-4d61-94ca-a3078f71ea77"
        ],
        "x-ms-routing-request-id": [
          "WESTUS:20150428T222007Z:3e825bc3-9bac-4d61-94ca-a3078f71ea77"
        ],
        "Date": [
          "Tue, 28 Apr 2015 22:20:06 GMT"
        ]
      },
      "StatusCode": 200
    },
    {
      "RequestUri": "/subscriptions/4d368445-cbb1-42a7-97a6-6850ab99f48e/providers/Microsoft.Compute/locations/westus/publishers/MicrosoftWindowsServer/artifacttypes/vmimage/offers?api-version=2015-06-15",
      "EncodedRequestUri": "L3N1YnNjcmlwdGlvbnMvNGQzNjg0NDUtY2JiMS00MmE3LTk3YTYtNjg1MGFiOTlmNDhlL3Byb3ZpZGVycy9NaWNyb3NvZnQuQ29tcHV0ZS9sb2NhdGlvbnMvd2VzdHVzL3B1Ymxpc2hlcnMvTWljcm9zb2Z0V2luZG93c1NlcnZlci9hcnRpZmFjdHR5cGVzL3ZtaW1hZ2Uvb2ZmZXJzP2FwaS12ZXJzaW9uPTIwMTUtMDYtMTU=",
      "RequestMethod": "GET",
      "RequestBody": "",
      "RequestHeaders": {
        "User-Agent": [
          "Microsoft.Azure.Management.Compute.ComputeManagementClient/5.0.0.0"
        ]
      },
      "ResponseBody": "[\r\n  {\r\n    \"location\": \"westus\",\r\n    \"name\": \"WindowsServer\",\r\n    \"id\": \"/Subscriptions/4d368445-cbb1-42a7-97a6-6850ab99f48e/Providers/Microsoft.Compute/Locations/westus/Publishers/MicrosoftWindowsServer/ArtifactTypes/VMImage/Offers/WindowsServer\"\r\n  }\r\n]",
      "ResponseHeaders": {
        "Content-Length": [
          "258"
        ],
        "Content-Type": [
          "application/json; charset=utf-8"
        ],
        "Expires": [
          "-1"
        ],
        "Pragma": [
          "no-cache"
        ],
        "Strict-Transport-Security": [
          "max-age=31536000; includeSubDomains"
        ],
        "x-ms-request-id": [
          "cc903d7d-6e73-43e0-ad87-c1d2c0939efe"
        ],
        "Cache-Control": [
          "no-cache"
        ],
        "Server": [
          "Microsoft-HTTPAPI/2.0",
          "Microsoft-HTTPAPI/2.0"
        ],
        "x-ms-ratelimit-remaining-subscription-reads": [
          "31996"
        ],
        "x-ms-correlation-request-id": [
          "0a9dcd3e-61fc-41ef-8f0f-eeac93dfa67d"
        ],
        "x-ms-routing-request-id": [
          "WESTUS:20150428T222007Z:0a9dcd3e-61fc-41ef-8f0f-eeac93dfa67d"
        ],
        "Date": [
          "Tue, 28 Apr 2015 22:20:06 GMT"
        ]
      },
      "StatusCode": 200
    },
    {
      "RequestUri": "/subscriptions/4d368445-cbb1-42a7-97a6-6850ab99f48e/providers/Microsoft.Compute/locations/westus/publishers/MicrosoftWindowsServer/artifacttypes/vmimage/offers/WindowsServer/skus?api-version=2015-06-15",
      "EncodedRequestUri": "L3N1YnNjcmlwdGlvbnMvNGQzNjg0NDUtY2JiMS00MmE3LTk3YTYtNjg1MGFiOTlmNDhlL3Byb3ZpZGVycy9NaWNyb3NvZnQuQ29tcHV0ZS9sb2NhdGlvbnMvd2VzdHVzL3B1Ymxpc2hlcnMvTWljcm9zb2Z0V2luZG93c1NlcnZlci9hcnRpZmFjdHR5cGVzL3ZtaW1hZ2Uvb2ZmZXJzL1dpbmRvd3NTZXJ2ZXIvc2t1cz9hcGktdmVyc2lvbj0yMDE1LTA2LTE1",
      "RequestMethod": "GET",
      "RequestBody": "",
      "RequestHeaders": {
        "User-Agent": [
          "Microsoft.Azure.Management.Compute.ComputeManagementClient/5.0.0.0"
        ]
      },
      "ResponseBody": "[\r\n  {\r\n    \"location\": \"westus\",\r\n    \"name\": \"2008-R2-SP1\",\r\n    \"id\": \"/Subscriptions/4d368445-cbb1-42a7-97a6-6850ab99f48e/Providers/Microsoft.Compute/Locations/westus/Publishers/MicrosoftWindowsServer/ArtifactTypes/VMImage/Offers/WindowsServer/Skus/2008-R2-SP1\"\r\n  },\r\n  {\r\n    \"location\": \"westus\",\r\n    \"name\": \"2012-Datacenter\",\r\n    \"id\": \"/Subscriptions/4d368445-cbb1-42a7-97a6-6850ab99f48e/Providers/Microsoft.Compute/Locations/westus/Publishers/MicrosoftWindowsServer/ArtifactTypes/VMImage/Offers/WindowsServer/Skus/2012-Datacenter\"\r\n  },\r\n  {\r\n    \"location\": \"westus\",\r\n    \"name\": \"2012-R2-Datacenter\",\r\n    \"id\": \"/Subscriptions/4d368445-cbb1-42a7-97a6-6850ab99f48e/Providers/Microsoft.Compute/Locations/westus/Publishers/MicrosoftWindowsServer/ArtifactTypes/VMImage/Offers/WindowsServer/Skus/2012-R2-Datacenter\"\r\n  },\r\n  {\r\n    \"location\": \"westus\",\r\n    \"name\": \"Windows-Server-Technical-Preview\",\r\n    \"id\": \"/Subscriptions/4d368445-cbb1-42a7-97a6-6850ab99f48e/Providers/Microsoft.Compute/Locations/westus/Publishers/MicrosoftWindowsServer/ArtifactTypes/VMImage/Offers/WindowsServer/Skus/Windows-Server-Technical-Preview\"\r\n  }\r\n]",
      "ResponseHeaders": {
        "Content-Length": [
          "1147"
        ],
        "Content-Type": [
          "application/json; charset=utf-8"
        ],
        "Expires": [
          "-1"
        ],
        "Pragma": [
          "no-cache"
        ],
        "Strict-Transport-Security": [
          "max-age=31536000; includeSubDomains"
        ],
        "x-ms-request-id": [
          "25bf084a-990f-44f4-bbfd-42ddfb58b092"
        ],
        "Cache-Control": [
          "no-cache"
        ],
        "Server": [
          "Microsoft-HTTPAPI/2.0",
          "Microsoft-HTTPAPI/2.0"
        ],
        "x-ms-ratelimit-remaining-subscription-reads": [
          "31995"
        ],
        "x-ms-correlation-request-id": [
          "71d48558-8f6d-4c1c-ad04-c1edc7eeccdf"
        ],
        "x-ms-routing-request-id": [
          "WESTUS:20150428T222007Z:71d48558-8f6d-4c1c-ad04-c1edc7eeccdf"
        ],
        "Date": [
          "Tue, 28 Apr 2015 22:20:07 GMT"
        ]
      },
      "StatusCode": 200
    },
    {
      "RequestUri": "/subscriptions/4d368445-cbb1-42a7-97a6-6850ab99f48e/providers/Microsoft.Compute/locations/westus/publishers/MicrosoftWindowsServer/artifacttypes/vmimage/offers/WindowsServer/skus/2008-R2-SP1/versions?api-version=2015-06-15",
      "EncodedRequestUri": "L3N1YnNjcmlwdGlvbnMvNGQzNjg0NDUtY2JiMS00MmE3LTk3YTYtNjg1MGFiOTlmNDhlL3Byb3ZpZGVycy9NaWNyb3NvZnQuQ29tcHV0ZS9sb2NhdGlvbnMvd2VzdHVzL3B1Ymxpc2hlcnMvTWljcm9zb2Z0V2luZG93c1NlcnZlci9hcnRpZmFjdHR5cGVzL3ZtaW1hZ2Uvb2ZmZXJzL1dpbmRvd3NTZXJ2ZXIvc2t1cy8yMDA4LVIyLVNQMS92ZXJzaW9ucz9hcGktdmVyc2lvbj0yMDE1LTA2LTE1",
      "RequestMethod": "GET",
      "RequestBody": "",
      "RequestHeaders": {
        "User-Agent": [
          "Microsoft.Azure.Management.Compute.ComputeManagementClient/5.0.0.0"
        ]
      },
      "ResponseBody": "[\r\n  {\r\n    \"location\": \"westus\",\r\n    \"name\": \"2.0.201502\",\r\n    \"id\": \"/Subscriptions/4d368445-cbb1-42a7-97a6-6850ab99f48e/Providers/Microsoft.Compute/Locations/westus/Publishers/MicrosoftWindowsServer/ArtifactTypes/VMImage/Offers/WindowsServer/Skus/2008-R2-SP1/Versions/2.0.201502\"\r\n  },\r\n  {\r\n    \"location\": \"westus\",\r\n    \"name\": \"2.0.201503\",\r\n    \"id\": \"/Subscriptions/4d368445-cbb1-42a7-97a6-6850ab99f48e/Providers/Microsoft.Compute/Locations/westus/Publishers/MicrosoftWindowsServer/ArtifactTypes/VMImage/Offers/WindowsServer/Skus/2008-R2-SP1/Versions/2.0.201503\"\r\n  }\r\n]",
      "ResponseHeaders": {
        "Content-Length": [
          "581"
        ],
        "Content-Type": [
          "application/json; charset=utf-8"
        ],
        "Expires": [
          "-1"
        ],
        "Pragma": [
          "no-cache"
        ],
        "Strict-Transport-Security": [
          "max-age=31536000; includeSubDomains"
        ],
        "x-ms-request-id": [
          "2822118a-e388-4e80-9e23-a3d0fc22ed18"
        ],
        "Cache-Control": [
          "no-cache"
        ],
        "Server": [
          "Microsoft-HTTPAPI/2.0",
          "Microsoft-HTTPAPI/2.0"
        ],
        "x-ms-ratelimit-remaining-subscription-reads": [
          "31994"
        ],
        "x-ms-correlation-request-id": [
          "7cdd586a-6bcb-4dba-848d-a38768f80f42"
        ],
        "x-ms-routing-request-id": [
          "WESTUS:20150428T222008Z:7cdd586a-6bcb-4dba-848d-a38768f80f42"
        ],
        "Date": [
          "Tue, 28 Apr 2015 22:20:07 GMT"
        ]
      },
      "StatusCode": 200
    },
    {
      "RequestUri": "/subscriptions/4d368445-cbb1-42a7-97a6-6850ab99f48e/providers/Microsoft.Compute/locations/westus/publishers/MicrosoftWindowsServer/artifacttypes/vmimage/offers/WindowsServer/skus/2008-R2-SP1/versions/2.0.201502?api-version=2015-06-15",
      "EncodedRequestUri": "L3N1YnNjcmlwdGlvbnMvNGQzNjg0NDUtY2JiMS00MmE3LTk3YTYtNjg1MGFiOTlmNDhlL3Byb3ZpZGVycy9NaWNyb3NvZnQuQ29tcHV0ZS9sb2NhdGlvbnMvd2VzdHVzL3B1Ymxpc2hlcnMvTWljcm9zb2Z0V2luZG93c1NlcnZlci9hcnRpZmFjdHR5cGVzL3ZtaW1hZ2Uvb2ZmZXJzL1dpbmRvd3NTZXJ2ZXIvc2t1cy8yMDA4LVIyLVNQMS92ZXJzaW9ucy8yLjAuMjAxNTAyP2FwaS12ZXJzaW9uPTIwMTUtMDYtMTU=",
      "RequestMethod": "GET",
      "RequestBody": "",
      "RequestHeaders": {
        "User-Agent": [
          "Microsoft.Azure.Management.Compute.ComputeManagementClient/5.0.0.0"
        ]
      },
      "ResponseBody": "{\r\n  \"properties\": {\r\n    \"osDiskImage\": {\r\n      \"operatingSystem\": \"Windows\"\r\n    },\r\n    \"dataDiskImages\": []\r\n  },\r\n  \"location\": \"westus\",\r\n  \"name\": \"2.0.201502\",\r\n  \"id\": \"/Subscriptions/4d368445-cbb1-42a7-97a6-6850ab99f48e/Providers/Microsoft.Compute/Locations/westus/Publishers/MicrosoftWindowsServer/ArtifactTypes/VMImage/Offers/WindowsServer/Skus/2008-R2-SP1/Versions/2.0.201502\"\r\n}",
      "ResponseHeaders": {
        "Content-Length": [
          "393"
        ],
        "Content-Type": [
          "application/json; charset=utf-8"
        ],
        "Expires": [
          "-1"
        ],
        "Pragma": [
          "no-cache"
        ],
        "Strict-Transport-Security": [
          "max-age=31536000; includeSubDomains"
        ],
        "x-ms-request-id": [
          "f8abafc5-59c6-4bde-bb49-4cb2ff741994"
        ],
        "Cache-Control": [
          "no-cache"
        ],
        "Server": [
          "Microsoft-HTTPAPI/2.0",
          "Microsoft-HTTPAPI/2.0"
        ],
        "x-ms-ratelimit-remaining-subscription-reads": [
          "31993"
        ],
        "x-ms-correlation-request-id": [
          "e095eb4c-2fe1-43b8-acd7-5c03981115a7"
        ],
        "x-ms-routing-request-id": [
          "WESTUS:20150428T222008Z:e095eb4c-2fe1-43b8-acd7-5c03981115a7"
        ],
        "Date": [
          "Tue, 28 Apr 2015 22:20:07 GMT"
        ]
      },
      "StatusCode": 200
    },
    {
      "RequestUri": "/subscriptions/4d368445-cbb1-42a7-97a6-6850ab99f48e/resourceGroups/pstestrg5528/providers/Microsoft.Compute/virtualMachines/vmpstestrg5528?api-version=2015-06-15",
      "EncodedRequestUri": "L3N1YnNjcmlwdGlvbnMvNGQzNjg0NDUtY2JiMS00MmE3LTk3YTYtNjg1MGFiOTlmNDhlL3Jlc291cmNlR3JvdXBzL3BzdGVzdHJnNTUyOC9wcm92aWRlcnMvTWljcm9zb2Z0LkNvbXB1dGUvdmlydHVhbE1hY2hpbmVzL3ZtcHN0ZXN0cmc1NTI4P2FwaS12ZXJzaW9uPTIwMTUtMDYtMTU=",
      "RequestMethod": "PUT",
      "RequestBody": "{\r\n  \"properties\": {\r\n    \"hardwareProfile\": {\r\n      \"vmSize\": \"Standard_A2\"\r\n    },\r\n    \"storageProfile\": {\r\n      \"imageReference\": {\r\n        \"publisher\": \"MicrosoftWindowsServer\",\r\n        \"offer\": \"WindowsServer\",\r\n        \"sku\": \"2008-R2-SP1\",\r\n        \"version\": \"2.0.201502\"\r\n      },\r\n      \"osDisk\": {\r\n        \"name\": \"osDisk\",\r\n        \"vhd\": {\r\n          \"uri\": \"https://stopstestrg5528.blob.core.windows.net/test/os.vhd\"\r\n        },\r\n        \"caching\": \"ReadWrite\",\r\n        \"createOption\": \"FromImage\"\r\n      }\r\n    },\r\n    \"osProfile\": {\r\n      \"computerName\": \"test\",\r\n      \"adminUsername\": \"Foo12\",\r\n      \"adminPassword\": \"BaR@123pstestrg5528\",\r\n      \"windowsConfiguration\": {}\r\n    },\r\n    \"networkProfile\": {\r\n      \"networkInterfaces\": [\r\n        {\r\n          \"properties\": {},\r\n          \"id\": \"/subscriptions/4d368445-cbb1-42a7-97a6-6850ab99f48e/resourceGroups/pstestrg5528/providers/Microsoft.Network/networkInterfaces/nicpstestrg5528\"\r\n        }\r\n      ]\r\n    }\r\n  },\r\n  \"name\": \"vmpstestrg5528\",\r\n  \"location\": \"westus\",\r\n  \"tags\": {}\r\n}",
      "RequestHeaders": {
        "Content-Type": [
          "application/json"
        ],
        "Content-Length": [
          "1068"
        ],
        "User-Agent": [
          "Microsoft.Azure.Management.Compute.ComputeManagementClient/5.0.0.0"
        ]
      },
      "ResponseBody": "{\r\n  \"properties\": {\r\n    \"hardwareProfile\": {\r\n      \"vmSize\": \"Standard_A2\"\r\n    },\r\n    \"storageProfile\": {\r\n      \"imageReference\": {\r\n        \"publisher\": \"MicrosoftWindowsServer\",\r\n        \"offer\": \"WindowsServer\",\r\n        \"sku\": \"2008-R2-SP1\",\r\n        \"version\": \"2.0.201502\"\r\n      },\r\n      \"osDisk\": {\r\n        \"osType\": \"Windows\",\r\n        \"name\": \"osDisk\",\r\n        \"createOption\": \"FromImage\",\r\n        \"vhd\": {\r\n          \"uri\": \"https://stopstestrg5528.blob.core.windows.net/test/os.vhd\"\r\n        },\r\n        \"caching\": \"ReadWrite\"\r\n      },\r\n      \"dataDisks\": []\r\n    },\r\n    \"osProfile\": {\r\n      \"computerName\": \"test\",\r\n      \"adminUsername\": \"Foo12\",\r\n      \"windowsConfiguration\": {\r\n        \"provisionVMAgent\": true,\r\n        \"enableAutomaticUpdates\": true\r\n      },\r\n      \"secrets\": []\r\n    },\r\n    \"networkProfile\": {\r\n      \"networkInterfaces\": [\r\n        {\r\n          \"properties\": {},\r\n          \"id\": \"/subscriptions/4d368445-cbb1-42a7-97a6-6850ab99f48e/resourceGroups/pstestrg5528/providers/Microsoft.Network/networkInterfaces/nicpstestrg5528\"\r\n        }\r\n      ]\r\n    },\r\n    \"provisioningState\": \"Creating\"\r\n  },\r\n  \"id\": \"/subscriptions/4d368445-cbb1-42a7-97a6-6850ab99f48e/resourceGroups/pstestrg5528/providers/Microsoft.Compute/virtualMachines/vmpstestrg5528\",\r\n  \"name\": \"vmpstestrg5528\",\r\n  \"type\": \"Microsoft.Compute/virtualMachines\",\r\n  \"location\": \"westus\",\r\n  \"tags\": {}\r\n}",
      "ResponseHeaders": {
        "Content-Length": [
          "1348"
        ],
        "Content-Type": [
          "application/json; charset=utf-8"
        ],
        "Expires": [
          "-1"
        ],
        "Pragma": [
          "no-cache"
        ],
        "Azure-AsyncOperation": [
          "https://management.azure.com/subscriptions/4d368445-cbb1-42a7-97a6-6850ab99f48e/providers/Microsoft.Compute/locations/westus/operations/01e5fadd-9940-4a86-b4c4-9ebe3b88f97a?api-version=2015-06-15"
        ],
        "Strict-Transport-Security": [
          "max-age=31536000; includeSubDomains"
        ],
        "x-ms-request-id": [
          "01e5fadd-9940-4a86-b4c4-9ebe3b88f97a"
        ],
        "Cache-Control": [
          "no-cache"
        ],
        "Server": [
          "Microsoft-HTTPAPI/2.0",
          "Microsoft-HTTPAPI/2.0"
        ],
        "x-ms-ratelimit-remaining-subscription-writes": [
          "1199"
        ],
        "x-ms-correlation-request-id": [
          "c3068d02-a58b-4331-9c54-d3a2815f36ca"
        ],
        "x-ms-routing-request-id": [
          "WESTUS:20150428T222008Z:c3068d02-a58b-4331-9c54-d3a2815f36ca"
        ],
        "Date": [
          "Tue, 28 Apr 2015 22:20:07 GMT"
        ]
      },
      "StatusCode": 201
    },
    {
      "RequestUri": "/subscriptions/4d368445-cbb1-42a7-97a6-6850ab99f48e/providers/Microsoft.Compute/locations/westus/operations/01e5fadd-9940-4a86-b4c4-9ebe3b88f97a?api-version=2015-06-15",
      "EncodedRequestUri": "L3N1YnNjcmlwdGlvbnMvNGQzNjg0NDUtY2JiMS00MmE3LTk3YTYtNjg1MGFiOTlmNDhlL3Byb3ZpZGVycy9NaWNyb3NvZnQuQ29tcHV0ZS9sb2NhdGlvbnMvd2VzdHVzL29wZXJhdGlvbnMvMDFlNWZhZGQtOTk0MC00YTg2LWI0YzQtOWViZTNiODhmOTdhP2FwaS12ZXJzaW9uPTIwMTUtMDYtMTU=",
      "RequestMethod": "GET",
      "RequestBody": "",
      "RequestHeaders": {
        "User-Agent": [
          "Microsoft.Azure.Management.Compute.ComputeManagementClient/5.0.0.0"
        ]
      },
      "ResponseBody": "{\r\n  \"operationId\": \"01e5fadd-9940-4a86-b4c4-9ebe3b88f97a\",\r\n  \"status\": \"InProgress\",\r\n  \"startTime\": \"2015-04-28T15:19:56.2495917-07:00\"\r\n}",
      "ResponseHeaders": {
        "Content-Length": [
          "141"
        ],
        "Content-Type": [
          "application/json; charset=utf-8"
        ],
        "Expires": [
          "-1"
        ],
        "Pragma": [
          "no-cache"
        ],
        "Strict-Transport-Security": [
          "max-age=31536000; includeSubDomains"
        ],
        "x-ms-request-id": [
          "1f44c8a1-624d-4aa7-a33b-11a0bc70c91d"
        ],
        "Cache-Control": [
          "no-cache"
        ],
        "Server": [
          "Microsoft-HTTPAPI/2.0",
          "Microsoft-HTTPAPI/2.0"
        ],
        "x-ms-ratelimit-remaining-subscription-reads": [
          "31992"
        ],
        "x-ms-correlation-request-id": [
          "f4cbd08e-580f-4ac2-ae23-f2d149898c8a"
        ],
        "x-ms-routing-request-id": [
          "WESTUS:20150428T222008Z:f4cbd08e-580f-4ac2-ae23-f2d149898c8a"
        ],
        "Date": [
          "Tue, 28 Apr 2015 22:20:08 GMT"
        ]
      },
      "StatusCode": 200
    },
    {
      "RequestUri": "/subscriptions/4d368445-cbb1-42a7-97a6-6850ab99f48e/providers/Microsoft.Compute/locations/westus/operations/01e5fadd-9940-4a86-b4c4-9ebe3b88f97a?api-version=2015-06-15",
      "EncodedRequestUri": "L3N1YnNjcmlwdGlvbnMvNGQzNjg0NDUtY2JiMS00MmE3LTk3YTYtNjg1MGFiOTlmNDhlL3Byb3ZpZGVycy9NaWNyb3NvZnQuQ29tcHV0ZS9sb2NhdGlvbnMvd2VzdHVzL29wZXJhdGlvbnMvMDFlNWZhZGQtOTk0MC00YTg2LWI0YzQtOWViZTNiODhmOTdhP2FwaS12ZXJzaW9uPTIwMTUtMDYtMTU=",
      "RequestMethod": "GET",
      "RequestBody": "",
      "RequestHeaders": {
        "User-Agent": [
          "Microsoft.Azure.Management.Compute.ComputeManagementClient/5.0.0.0"
        ]
      },
      "ResponseBody": "{\r\n  \"operationId\": \"01e5fadd-9940-4a86-b4c4-9ebe3b88f97a\",\r\n  \"status\": \"InProgress\",\r\n  \"startTime\": \"2015-04-28T15:19:56.2495917-07:00\"\r\n}",
      "ResponseHeaders": {
        "Content-Length": [
          "141"
        ],
        "Content-Type": [
          "application/json; charset=utf-8"
        ],
        "Expires": [
          "-1"
        ],
        "Pragma": [
          "no-cache"
        ],
        "Strict-Transport-Security": [
          "max-age=31536000; includeSubDomains"
        ],
        "x-ms-request-id": [
          "10b67fc5-bd89-431b-bc8c-ff6c035a1f72"
        ],
        "Cache-Control": [
          "no-cache"
        ],
        "Server": [
          "Microsoft-HTTPAPI/2.0",
          "Microsoft-HTTPAPI/2.0"
        ],
        "x-ms-ratelimit-remaining-subscription-reads": [
          "31991"
        ],
        "x-ms-correlation-request-id": [
          "e54f9c83-72f8-4ad0-b073-d311149e2472"
        ],
        "x-ms-routing-request-id": [
          "WESTUS:20150428T222039Z:e54f9c83-72f8-4ad0-b073-d311149e2472"
        ],
        "Date": [
          "Tue, 28 Apr 2015 22:20:38 GMT"
        ]
      },
      "StatusCode": 200
    },
    {
      "RequestUri": "/subscriptions/4d368445-cbb1-42a7-97a6-6850ab99f48e/providers/Microsoft.Compute/locations/westus/operations/01e5fadd-9940-4a86-b4c4-9ebe3b88f97a?api-version=2015-06-15",
      "EncodedRequestUri": "L3N1YnNjcmlwdGlvbnMvNGQzNjg0NDUtY2JiMS00MmE3LTk3YTYtNjg1MGFiOTlmNDhlL3Byb3ZpZGVycy9NaWNyb3NvZnQuQ29tcHV0ZS9sb2NhdGlvbnMvd2VzdHVzL29wZXJhdGlvbnMvMDFlNWZhZGQtOTk0MC00YTg2LWI0YzQtOWViZTNiODhmOTdhP2FwaS12ZXJzaW9uPTIwMTUtMDYtMTU=",
      "RequestMethod": "GET",
      "RequestBody": "",
      "RequestHeaders": {
        "User-Agent": [
          "Microsoft.Azure.Management.Compute.ComputeManagementClient/5.0.0.0"
        ]
      },
      "ResponseBody": "{\r\n  \"operationId\": \"01e5fadd-9940-4a86-b4c4-9ebe3b88f97a\",\r\n  \"status\": \"InProgress\",\r\n  \"startTime\": \"2015-04-28T15:19:56.2495917-07:00\"\r\n}",
      "ResponseHeaders": {
        "Content-Length": [
          "141"
        ],
        "Content-Type": [
          "application/json; charset=utf-8"
        ],
        "Expires": [
          "-1"
        ],
        "Pragma": [
          "no-cache"
        ],
        "Strict-Transport-Security": [
          "max-age=31536000; includeSubDomains"
        ],
        "x-ms-request-id": [
          "44a6d4d8-f9e2-4636-9928-6fe0bcd252b3"
        ],
        "Cache-Control": [
          "no-cache"
        ],
        "Server": [
          "Microsoft-HTTPAPI/2.0",
          "Microsoft-HTTPAPI/2.0"
        ],
        "x-ms-ratelimit-remaining-subscription-reads": [
          "31990"
        ],
        "x-ms-correlation-request-id": [
          "8a6779f8-f997-4c51-9069-8aa39f40bc3e"
        ],
        "x-ms-routing-request-id": [
          "WESTUS:20150428T222109Z:8a6779f8-f997-4c51-9069-8aa39f40bc3e"
        ],
        "Date": [
          "Tue, 28 Apr 2015 22:21:08 GMT"
        ]
      },
      "StatusCode": 200
    },
    {
      "RequestUri": "/subscriptions/4d368445-cbb1-42a7-97a6-6850ab99f48e/providers/Microsoft.Compute/locations/westus/operations/01e5fadd-9940-4a86-b4c4-9ebe3b88f97a?api-version=2015-06-15",
      "EncodedRequestUri": "L3N1YnNjcmlwdGlvbnMvNGQzNjg0NDUtY2JiMS00MmE3LTk3YTYtNjg1MGFiOTlmNDhlL3Byb3ZpZGVycy9NaWNyb3NvZnQuQ29tcHV0ZS9sb2NhdGlvbnMvd2VzdHVzL29wZXJhdGlvbnMvMDFlNWZhZGQtOTk0MC00YTg2LWI0YzQtOWViZTNiODhmOTdhP2FwaS12ZXJzaW9uPTIwMTUtMDYtMTU=",
      "RequestMethod": "GET",
      "RequestBody": "",
      "RequestHeaders": {
        "User-Agent": [
          "Microsoft.Azure.Management.Compute.ComputeManagementClient/5.0.0.0"
        ]
      },
      "ResponseBody": "{\r\n  \"operationId\": \"01e5fadd-9940-4a86-b4c4-9ebe3b88f97a\",\r\n  \"status\": \"InProgress\",\r\n  \"startTime\": \"2015-04-28T15:19:56.2495917-07:00\"\r\n}",
      "ResponseHeaders": {
        "Content-Length": [
          "141"
        ],
        "Content-Type": [
          "application/json; charset=utf-8"
        ],
        "Expires": [
          "-1"
        ],
        "Pragma": [
          "no-cache"
        ],
        "Strict-Transport-Security": [
          "max-age=31536000; includeSubDomains"
        ],
        "x-ms-request-id": [
          "6d4a2d3b-9fb0-46e1-9f1c-890021534bdd"
        ],
        "Cache-Control": [
          "no-cache"
        ],
        "Server": [
          "Microsoft-HTTPAPI/2.0",
          "Microsoft-HTTPAPI/2.0"
        ],
        "x-ms-ratelimit-remaining-subscription-reads": [
          "31989"
        ],
        "x-ms-correlation-request-id": [
          "f42000d4-9398-4c64-abf2-67a77609a78b"
        ],
        "x-ms-routing-request-id": [
          "WESTUS:20150428T222139Z:f42000d4-9398-4c64-abf2-67a77609a78b"
        ],
        "Date": [
          "Tue, 28 Apr 2015 22:21:38 GMT"
        ]
      },
      "StatusCode": 200
    },
    {
      "RequestUri": "/subscriptions/4d368445-cbb1-42a7-97a6-6850ab99f48e/providers/Microsoft.Compute/locations/westus/operations/01e5fadd-9940-4a86-b4c4-9ebe3b88f97a?api-version=2015-06-15",
      "EncodedRequestUri": "L3N1YnNjcmlwdGlvbnMvNGQzNjg0NDUtY2JiMS00MmE3LTk3YTYtNjg1MGFiOTlmNDhlL3Byb3ZpZGVycy9NaWNyb3NvZnQuQ29tcHV0ZS9sb2NhdGlvbnMvd2VzdHVzL29wZXJhdGlvbnMvMDFlNWZhZGQtOTk0MC00YTg2LWI0YzQtOWViZTNiODhmOTdhP2FwaS12ZXJzaW9uPTIwMTUtMDYtMTU=",
      "RequestMethod": "GET",
      "RequestBody": "",
      "RequestHeaders": {
        "User-Agent": [
          "Microsoft.Azure.Management.Compute.ComputeManagementClient/5.0.0.0"
        ]
      },
      "ResponseBody": "{\r\n  \"operationId\": \"01e5fadd-9940-4a86-b4c4-9ebe3b88f97a\",\r\n  \"status\": \"InProgress\",\r\n  \"startTime\": \"2015-04-28T15:19:56.2495917-07:00\"\r\n}",
      "ResponseHeaders": {
        "Content-Length": [
          "141"
        ],
        "Content-Type": [
          "application/json; charset=utf-8"
        ],
        "Expires": [
          "-1"
        ],
        "Pragma": [
          "no-cache"
        ],
        "Strict-Transport-Security": [
          "max-age=31536000; includeSubDomains"
        ],
        "x-ms-request-id": [
          "11825d76-bbff-4d7e-a3d0-653796e621e1"
        ],
        "Cache-Control": [
          "no-cache"
        ],
        "Server": [
          "Microsoft-HTTPAPI/2.0",
          "Microsoft-HTTPAPI/2.0"
        ],
        "x-ms-ratelimit-remaining-subscription-reads": [
          "31988"
        ],
        "x-ms-correlation-request-id": [
          "32209742-cca3-48b9-a3d6-b64c511f138c"
        ],
        "x-ms-routing-request-id": [
          "WESTUS:20150428T222209Z:32209742-cca3-48b9-a3d6-b64c511f138c"
        ],
        "Date": [
          "Tue, 28 Apr 2015 22:22:09 GMT"
        ]
      },
      "StatusCode": 200
    },
    {
      "RequestUri": "/subscriptions/4d368445-cbb1-42a7-97a6-6850ab99f48e/providers/Microsoft.Compute/locations/westus/operations/01e5fadd-9940-4a86-b4c4-9ebe3b88f97a?api-version=2015-06-15",
      "EncodedRequestUri": "L3N1YnNjcmlwdGlvbnMvNGQzNjg0NDUtY2JiMS00MmE3LTk3YTYtNjg1MGFiOTlmNDhlL3Byb3ZpZGVycy9NaWNyb3NvZnQuQ29tcHV0ZS9sb2NhdGlvbnMvd2VzdHVzL29wZXJhdGlvbnMvMDFlNWZhZGQtOTk0MC00YTg2LWI0YzQtOWViZTNiODhmOTdhP2FwaS12ZXJzaW9uPTIwMTUtMDYtMTU=",
      "RequestMethod": "GET",
      "RequestBody": "",
      "RequestHeaders": {
        "User-Agent": [
          "Microsoft.Azure.Management.Compute.ComputeManagementClient/5.0.0.0"
        ]
      },
      "ResponseBody": "{\r\n  \"operationId\": \"01e5fadd-9940-4a86-b4c4-9ebe3b88f97a\",\r\n  \"status\": \"InProgress\",\r\n  \"startTime\": \"2015-04-28T15:19:56.2495917-07:00\"\r\n}",
      "ResponseHeaders": {
        "Content-Length": [
          "141"
        ],
        "Content-Type": [
          "application/json; charset=utf-8"
        ],
        "Expires": [
          "-1"
        ],
        "Pragma": [
          "no-cache"
        ],
        "Strict-Transport-Security": [
          "max-age=31536000; includeSubDomains"
        ],
        "x-ms-request-id": [
          "88657800-3a6f-4f0b-8332-d6e85a50f635"
        ],
        "Cache-Control": [
          "no-cache"
        ],
        "Server": [
          "Microsoft-HTTPAPI/2.0",
          "Microsoft-HTTPAPI/2.0"
        ],
        "x-ms-ratelimit-remaining-subscription-reads": [
          "31987"
        ],
        "x-ms-correlation-request-id": [
          "0f641c70-dc3c-4acf-9678-6a94161723e8"
        ],
        "x-ms-routing-request-id": [
          "WESTUS:20150428T222239Z:0f641c70-dc3c-4acf-9678-6a94161723e8"
        ],
        "Date": [
          "Tue, 28 Apr 2015 22:22:38 GMT"
        ]
      },
      "StatusCode": 200
    },
    {
      "RequestUri": "/subscriptions/4d368445-cbb1-42a7-97a6-6850ab99f48e/providers/Microsoft.Compute/locations/westus/operations/01e5fadd-9940-4a86-b4c4-9ebe3b88f97a?api-version=2015-06-15",
      "EncodedRequestUri": "L3N1YnNjcmlwdGlvbnMvNGQzNjg0NDUtY2JiMS00MmE3LTk3YTYtNjg1MGFiOTlmNDhlL3Byb3ZpZGVycy9NaWNyb3NvZnQuQ29tcHV0ZS9sb2NhdGlvbnMvd2VzdHVzL29wZXJhdGlvbnMvMDFlNWZhZGQtOTk0MC00YTg2LWI0YzQtOWViZTNiODhmOTdhP2FwaS12ZXJzaW9uPTIwMTUtMDYtMTU=",
      "RequestMethod": "GET",
      "RequestBody": "",
      "RequestHeaders": {
        "User-Agent": [
          "Microsoft.Azure.Management.Compute.ComputeManagementClient/5.0.0.0"
        ]
      },
      "ResponseBody": "{\r\n  \"operationId\": \"01e5fadd-9940-4a86-b4c4-9ebe3b88f97a\",\r\n  \"status\": \"InProgress\",\r\n  \"startTime\": \"2015-04-28T15:19:56.2495917-07:00\"\r\n}",
      "ResponseHeaders": {
        "Content-Length": [
          "141"
        ],
        "Content-Type": [
          "application/json; charset=utf-8"
        ],
        "Expires": [
          "-1"
        ],
        "Pragma": [
          "no-cache"
        ],
        "Strict-Transport-Security": [
          "max-age=31536000; includeSubDomains"
        ],
        "x-ms-request-id": [
          "ff5ab2af-ec35-4a19-a495-90d0999833ce"
        ],
        "Cache-Control": [
          "no-cache"
        ],
        "Server": [
          "Microsoft-HTTPAPI/2.0",
          "Microsoft-HTTPAPI/2.0"
        ],
        "x-ms-ratelimit-remaining-subscription-reads": [
          "31986"
        ],
        "x-ms-correlation-request-id": [
          "b7ed8ba6-bafe-41a6-a162-a717856c0054"
        ],
        "x-ms-routing-request-id": [
          "WESTUS:20150428T222309Z:b7ed8ba6-bafe-41a6-a162-a717856c0054"
        ],
        "Date": [
          "Tue, 28 Apr 2015 22:23:08 GMT"
        ]
      },
      "StatusCode": 200
    },
    {
      "RequestUri": "/subscriptions/4d368445-cbb1-42a7-97a6-6850ab99f48e/providers/Microsoft.Compute/locations/westus/operations/01e5fadd-9940-4a86-b4c4-9ebe3b88f97a?api-version=2015-06-15",
      "EncodedRequestUri": "L3N1YnNjcmlwdGlvbnMvNGQzNjg0NDUtY2JiMS00MmE3LTk3YTYtNjg1MGFiOTlmNDhlL3Byb3ZpZGVycy9NaWNyb3NvZnQuQ29tcHV0ZS9sb2NhdGlvbnMvd2VzdHVzL29wZXJhdGlvbnMvMDFlNWZhZGQtOTk0MC00YTg2LWI0YzQtOWViZTNiODhmOTdhP2FwaS12ZXJzaW9uPTIwMTUtMDYtMTU=",
      "RequestMethod": "GET",
      "RequestBody": "",
      "RequestHeaders": {
        "User-Agent": [
          "Microsoft.Azure.Management.Compute.ComputeManagementClient/5.0.0.0"
        ]
      },
      "ResponseBody": "{\r\n  \"operationId\": \"01e5fadd-9940-4a86-b4c4-9ebe3b88f97a\",\r\n  \"status\": \"InProgress\",\r\n  \"startTime\": \"2015-04-28T15:19:56.2495917-07:00\"\r\n}",
      "ResponseHeaders": {
        "Content-Length": [
          "141"
        ],
        "Content-Type": [
          "application/json; charset=utf-8"
        ],
        "Expires": [
          "-1"
        ],
        "Pragma": [
          "no-cache"
        ],
        "Strict-Transport-Security": [
          "max-age=31536000; includeSubDomains"
        ],
        "x-ms-request-id": [
          "383bcc24-7523-464d-9184-ef013f9c9d0e"
        ],
        "Cache-Control": [
          "no-cache"
        ],
        "Server": [
          "Microsoft-HTTPAPI/2.0",
          "Microsoft-HTTPAPI/2.0"
        ],
        "x-ms-ratelimit-remaining-subscription-reads": [
          "31985"
        ],
        "x-ms-correlation-request-id": [
          "4c3a1856-f471-4b78-85e3-ad19d59f252a"
        ],
        "x-ms-routing-request-id": [
          "WESTUS:20150428T222339Z:4c3a1856-f471-4b78-85e3-ad19d59f252a"
        ],
        "Date": [
          "Tue, 28 Apr 2015 22:23:39 GMT"
        ]
      },
      "StatusCode": 200
    },
    {
      "RequestUri": "/subscriptions/4d368445-cbb1-42a7-97a6-6850ab99f48e/providers/Microsoft.Compute/locations/westus/operations/01e5fadd-9940-4a86-b4c4-9ebe3b88f97a?api-version=2015-06-15",
      "EncodedRequestUri": "L3N1YnNjcmlwdGlvbnMvNGQzNjg0NDUtY2JiMS00MmE3LTk3YTYtNjg1MGFiOTlmNDhlL3Byb3ZpZGVycy9NaWNyb3NvZnQuQ29tcHV0ZS9sb2NhdGlvbnMvd2VzdHVzL29wZXJhdGlvbnMvMDFlNWZhZGQtOTk0MC00YTg2LWI0YzQtOWViZTNiODhmOTdhP2FwaS12ZXJzaW9uPTIwMTUtMDYtMTU=",
      "RequestMethod": "GET",
      "RequestBody": "",
      "RequestHeaders": {
        "User-Agent": [
          "Microsoft.Azure.Management.Compute.ComputeManagementClient/5.0.0.0"
        ]
      },
      "ResponseBody": "{\r\n  \"operationId\": \"01e5fadd-9940-4a86-b4c4-9ebe3b88f97a\",\r\n  \"status\": \"InProgress\",\r\n  \"startTime\": \"2015-04-28T15:19:56.2495917-07:00\"\r\n}",
      "ResponseHeaders": {
        "Content-Length": [
          "141"
        ],
        "Content-Type": [
          "application/json; charset=utf-8"
        ],
        "Expires": [
          "-1"
        ],
        "Pragma": [
          "no-cache"
        ],
        "Strict-Transport-Security": [
          "max-age=31536000; includeSubDomains"
        ],
        "x-ms-request-id": [
          "3bef4e5b-a045-4a12-a5c2-1dd78db12815"
        ],
        "Cache-Control": [
          "no-cache"
        ],
        "Server": [
          "Microsoft-HTTPAPI/2.0",
          "Microsoft-HTTPAPI/2.0"
        ],
        "x-ms-ratelimit-remaining-subscription-reads": [
          "31984"
        ],
        "x-ms-correlation-request-id": [
          "541d16db-a49c-4342-80ba-9fd24e8441d4"
        ],
        "x-ms-routing-request-id": [
          "WESTUS:20150428T222409Z:541d16db-a49c-4342-80ba-9fd24e8441d4"
        ],
        "Date": [
          "Tue, 28 Apr 2015 22:24:09 GMT"
        ]
      },
      "StatusCode": 200
    },
    {
      "RequestUri": "/subscriptions/4d368445-cbb1-42a7-97a6-6850ab99f48e/providers/Microsoft.Compute/locations/westus/operations/01e5fadd-9940-4a86-b4c4-9ebe3b88f97a?api-version=2015-06-15",
      "EncodedRequestUri": "L3N1YnNjcmlwdGlvbnMvNGQzNjg0NDUtY2JiMS00MmE3LTk3YTYtNjg1MGFiOTlmNDhlL3Byb3ZpZGVycy9NaWNyb3NvZnQuQ29tcHV0ZS9sb2NhdGlvbnMvd2VzdHVzL29wZXJhdGlvbnMvMDFlNWZhZGQtOTk0MC00YTg2LWI0YzQtOWViZTNiODhmOTdhP2FwaS12ZXJzaW9uPTIwMTUtMDYtMTU=",
      "RequestMethod": "GET",
      "RequestBody": "",
      "RequestHeaders": {
        "User-Agent": [
          "Microsoft.Azure.Management.Compute.ComputeManagementClient/5.0.0.0"
        ]
      },
      "ResponseBody": "{\r\n  \"operationId\": \"01e5fadd-9940-4a86-b4c4-9ebe3b88f97a\",\r\n  \"status\": \"InProgress\",\r\n  \"startTime\": \"2015-04-28T15:19:56.2495917-07:00\"\r\n}",
      "ResponseHeaders": {
        "Content-Length": [
          "141"
        ],
        "Content-Type": [
          "application/json; charset=utf-8"
        ],
        "Expires": [
          "-1"
        ],
        "Pragma": [
          "no-cache"
        ],
        "Strict-Transport-Security": [
          "max-age=31536000; includeSubDomains"
        ],
        "x-ms-request-id": [
          "d09bec85-9006-4801-bddb-130d5252f7ea"
        ],
        "Cache-Control": [
          "no-cache"
        ],
        "Server": [
          "Microsoft-HTTPAPI/2.0",
          "Microsoft-HTTPAPI/2.0"
        ],
        "x-ms-ratelimit-remaining-subscription-reads": [
          "31983"
        ],
        "x-ms-correlation-request-id": [
          "3a68a4e3-8231-4548-aa90-c22f7c19e078"
        ],
        "x-ms-routing-request-id": [
          "WESTUS:20150428T222439Z:3a68a4e3-8231-4548-aa90-c22f7c19e078"
        ],
        "Date": [
          "Tue, 28 Apr 2015 22:24:39 GMT"
        ]
      },
      "StatusCode": 200
    },
    {
      "RequestUri": "/subscriptions/4d368445-cbb1-42a7-97a6-6850ab99f48e/providers/Microsoft.Compute/locations/westus/operations/01e5fadd-9940-4a86-b4c4-9ebe3b88f97a?api-version=2015-06-15",
      "EncodedRequestUri": "L3N1YnNjcmlwdGlvbnMvNGQzNjg0NDUtY2JiMS00MmE3LTk3YTYtNjg1MGFiOTlmNDhlL3Byb3ZpZGVycy9NaWNyb3NvZnQuQ29tcHV0ZS9sb2NhdGlvbnMvd2VzdHVzL29wZXJhdGlvbnMvMDFlNWZhZGQtOTk0MC00YTg2LWI0YzQtOWViZTNiODhmOTdhP2FwaS12ZXJzaW9uPTIwMTUtMDYtMTU=",
      "RequestMethod": "GET",
      "RequestBody": "",
      "RequestHeaders": {
        "User-Agent": [
          "Microsoft.Azure.Management.Compute.ComputeManagementClient/5.0.0.0"
        ]
      },
      "ResponseBody": "{\r\n  \"operationId\": \"01e5fadd-9940-4a86-b4c4-9ebe3b88f97a\",\r\n  \"status\": \"InProgress\",\r\n  \"startTime\": \"2015-04-28T15:19:56.2495917-07:00\"\r\n}",
      "ResponseHeaders": {
        "Content-Length": [
          "141"
        ],
        "Content-Type": [
          "application/json; charset=utf-8"
        ],
        "Expires": [
          "-1"
        ],
        "Pragma": [
          "no-cache"
        ],
        "Strict-Transport-Security": [
          "max-age=31536000; includeSubDomains"
        ],
        "x-ms-request-id": [
          "c16fb4ad-818c-47f8-8035-84cb0577aa4f"
        ],
        "Cache-Control": [
          "no-cache"
        ],
        "Server": [
          "Microsoft-HTTPAPI/2.0",
          "Microsoft-HTTPAPI/2.0"
        ],
        "x-ms-ratelimit-remaining-subscription-reads": [
          "31982"
        ],
        "x-ms-correlation-request-id": [
          "9c3d1da6-5cd8-446b-b0ec-cacb0b471408"
        ],
        "x-ms-routing-request-id": [
          "WESTUS:20150428T222509Z:9c3d1da6-5cd8-446b-b0ec-cacb0b471408"
        ],
        "Date": [
          "Tue, 28 Apr 2015 22:25:09 GMT"
        ]
      },
      "StatusCode": 200
    },
    {
      "RequestUri": "/subscriptions/4d368445-cbb1-42a7-97a6-6850ab99f48e/providers/Microsoft.Compute/locations/westus/operations/01e5fadd-9940-4a86-b4c4-9ebe3b88f97a?api-version=2015-06-15",
      "EncodedRequestUri": "L3N1YnNjcmlwdGlvbnMvNGQzNjg0NDUtY2JiMS00MmE3LTk3YTYtNjg1MGFiOTlmNDhlL3Byb3ZpZGVycy9NaWNyb3NvZnQuQ29tcHV0ZS9sb2NhdGlvbnMvd2VzdHVzL29wZXJhdGlvbnMvMDFlNWZhZGQtOTk0MC00YTg2LWI0YzQtOWViZTNiODhmOTdhP2FwaS12ZXJzaW9uPTIwMTUtMDYtMTU=",
      "RequestMethod": "GET",
      "RequestBody": "",
      "RequestHeaders": {
        "User-Agent": [
          "Microsoft.Azure.Management.Compute.ComputeManagementClient/5.0.0.0"
        ]
      },
      "ResponseBody": "{\r\n  \"operationId\": \"01e5fadd-9940-4a86-b4c4-9ebe3b88f97a\",\r\n  \"status\": \"Succeeded\",\r\n  \"startTime\": \"2015-04-28T15:19:56.2495917-07:00\",\r\n  \"endTime\": \"2015-04-28T15:24:58.4996225-07:00\"\r\n}",
      "ResponseHeaders": {
        "Content-Length": [
          "191"
        ],
        "Content-Type": [
          "application/json; charset=utf-8"
        ],
        "Expires": [
          "-1"
        ],
        "Pragma": [
          "no-cache"
        ],
        "Strict-Transport-Security": [
          "max-age=31536000; includeSubDomains"
        ],
        "x-ms-request-id": [
          "9b29293f-1965-41d0-b2f0-3658c17e7968"
        ],
        "Cache-Control": [
          "no-cache"
        ],
        "Server": [
          "Microsoft-HTTPAPI/2.0",
          "Microsoft-HTTPAPI/2.0"
        ],
        "x-ms-ratelimit-remaining-subscription-reads": [
          "31981"
        ],
        "x-ms-correlation-request-id": [
          "e58fe2bd-3e7a-49ec-84e3-33b681492043"
        ],
        "x-ms-routing-request-id": [
          "WESTUS:20150428T222540Z:e58fe2bd-3e7a-49ec-84e3-33b681492043"
        ],
        "Date": [
          "Tue, 28 Apr 2015 22:25:39 GMT"
        ]
      },
      "StatusCode": 200
    },
    {
      "RequestUri": "/subscriptions/4d368445-cbb1-42a7-97a6-6850ab99f48e/resourceGroups/pstestrg5528/providers/Microsoft.Compute/virtualMachines/vmpstestrg5528?api-version=2015-06-15",
      "EncodedRequestUri": "L3N1YnNjcmlwdGlvbnMvNGQzNjg0NDUtY2JiMS00MmE3LTk3YTYtNjg1MGFiOTlmNDhlL3Jlc291cmNlR3JvdXBzL3BzdGVzdHJnNTUyOC9wcm92aWRlcnMvTWljcm9zb2Z0LkNvbXB1dGUvdmlydHVhbE1hY2hpbmVzL3ZtcHN0ZXN0cmc1NTI4P2FwaS12ZXJzaW9uPTIwMTUtMDYtMTU=",
      "RequestMethod": "GET",
      "RequestBody": "",
      "RequestHeaders": {
        "User-Agent": [
          "Microsoft.Azure.Management.Compute.ComputeManagementClient/5.0.0.0"
        ]
      },
      "ResponseBody": "{\r\n  \"properties\": {\r\n    \"hardwareProfile\": {\r\n      \"vmSize\": \"Standard_A2\"\r\n    },\r\n    \"storageProfile\": {\r\n      \"imageReference\": {\r\n        \"publisher\": \"MicrosoftWindowsServer\",\r\n        \"offer\": \"WindowsServer\",\r\n        \"sku\": \"2008-R2-SP1\",\r\n        \"version\": \"2.0.201502\"\r\n      },\r\n      \"osDisk\": {\r\n        \"osType\": \"Windows\",\r\n        \"name\": \"osDisk\",\r\n        \"createOption\": \"FromImage\",\r\n        \"vhd\": {\r\n          \"uri\": \"https://stopstestrg5528.blob.core.windows.net/test/os.vhd\"\r\n        },\r\n        \"caching\": \"ReadWrite\"\r\n      },\r\n      \"dataDisks\": []\r\n    },\r\n    \"osProfile\": {\r\n      \"computerName\": \"test\",\r\n      \"adminUsername\": \"Foo12\",\r\n      \"windowsConfiguration\": {\r\n        \"provisionVMAgent\": true,\r\n        \"enableAutomaticUpdates\": true\r\n      },\r\n      \"secrets\": []\r\n    },\r\n    \"networkProfile\": {\r\n      \"networkInterfaces\": [\r\n        {\r\n          \"properties\": {},\r\n          \"id\": \"/subscriptions/4d368445-cbb1-42a7-97a6-6850ab99f48e/resourceGroups/pstestrg5528/providers/Microsoft.Network/networkInterfaces/nicpstestrg5528\"\r\n        }\r\n      ]\r\n    },\r\n    \"provisioningState\": \"Succeeded\"\r\n  },\r\n  \"id\": \"/subscriptions/4d368445-cbb1-42a7-97a6-6850ab99f48e/resourceGroups/pstestrg5528/providers/Microsoft.Compute/virtualMachines/vmpstestrg5528\",\r\n  \"name\": \"vmpstestrg5528\",\r\n  \"type\": \"Microsoft.Compute/virtualMachines\",\r\n  \"location\": \"westus\",\r\n  \"tags\": {}\r\n}",
      "ResponseHeaders": {
        "Content-Length": [
          "1349"
        ],
        "Content-Type": [
          "application/json; charset=utf-8"
        ],
        "Expires": [
          "-1"
        ],
        "Pragma": [
          "no-cache"
        ],
        "Strict-Transport-Security": [
          "max-age=31536000; includeSubDomains"
        ],
        "x-ms-request-id": [
          "b78de650-f64f-410f-be2e-53bc368dbc3e"
        ],
        "Cache-Control": [
          "no-cache"
        ],
        "Server": [
          "Microsoft-HTTPAPI/2.0",
          "Microsoft-HTTPAPI/2.0"
        ],
        "x-ms-ratelimit-remaining-subscription-reads": [
          "31980"
        ],
        "x-ms-correlation-request-id": [
          "eb3c60ce-107e-4227-857e-9cd2b47b15b4"
        ],
        "x-ms-routing-request-id": [
          "WESTUS:20150428T222540Z:eb3c60ce-107e-4227-857e-9cd2b47b15b4"
        ],
        "Date": [
          "Tue, 28 Apr 2015 22:25:39 GMT"
        ]
      },
      "StatusCode": 200
    },
    {
      "RequestUri": "/subscriptions/4d368445-cbb1-42a7-97a6-6850ab99f48e/resourceGroups/pstestrg5528/providers/Microsoft.Compute/virtualMachines/vmpstestrg5528?api-version=2015-06-15",
      "EncodedRequestUri": "L3N1YnNjcmlwdGlvbnMvNGQzNjg0NDUtY2JiMS00MmE3LTk3YTYtNjg1MGFiOTlmNDhlL3Jlc291cmNlR3JvdXBzL3BzdGVzdHJnNTUyOC9wcm92aWRlcnMvTWljcm9zb2Z0LkNvbXB1dGUvdmlydHVhbE1hY2hpbmVzL3ZtcHN0ZXN0cmc1NTI4P2FwaS12ZXJzaW9uPTIwMTUtMDYtMTU=",
      "RequestMethod": "DELETE",
      "RequestBody": "",
      "RequestHeaders": {
        "User-Agent": [
          "Microsoft.Azure.Management.Compute.ComputeManagementClient/5.0.0.0"
        ]
      },
      "ResponseBody": "",
      "ResponseHeaders": {
        "Content-Length": [
          "0"
        ],
        "Expires": [
          "-1"
        ],
        "Pragma": [
          "no-cache"
        ],
        "Azure-AsyncOperation": [
          "https://management.azure.com/subscriptions/4d368445-cbb1-42a7-97a6-6850ab99f48e/providers/Microsoft.Compute/locations/westus/operations/aa99635b-2c30-4642-86ef-8ef4b82fb139?api-version=2015-06-15"
        ],
        "Strict-Transport-Security": [
          "max-age=31536000; includeSubDomains"
        ],
        "x-ms-request-id": [
          "aa99635b-2c30-4642-86ef-8ef4b82fb139"
        ],
        "Cache-Control": [
          "no-cache"
        ],
        "Location": [
          "https://management.azure.com/subscriptions/4d368445-cbb1-42a7-97a6-6850ab99f48e/providers/Microsoft.Compute/locations/westus/operations/aa99635b-2c30-4642-86ef-8ef4b82fb139?monitor=true&api-version=2015-06-15"
        ],
        "Server": [
          "Microsoft-HTTPAPI/2.0",
          "Microsoft-HTTPAPI/2.0"
        ],
        "x-ms-ratelimit-remaining-subscription-writes": [
          "1198"
        ],
        "x-ms-correlation-request-id": [
          "cce69844-2785-4830-8087-f2d67121a171"
        ],
        "x-ms-routing-request-id": [
          "WESTUS:20150428T222540Z:cce69844-2785-4830-8087-f2d67121a171"
        ],
        "Date": [
          "Tue, 28 Apr 2015 22:25:40 GMT"
        ]
      },
      "StatusCode": 202
    },
    {
      "RequestUri": "/subscriptions/4d368445-cbb1-42a7-97a6-6850ab99f48e/providers/Microsoft.Compute/locations/westus/operations/aa99635b-2c30-4642-86ef-8ef4b82fb139?api-version=2015-06-15",
      "EncodedRequestUri": "L3N1YnNjcmlwdGlvbnMvNGQzNjg0NDUtY2JiMS00MmE3LTk3YTYtNjg1MGFiOTlmNDhlL3Byb3ZpZGVycy9NaWNyb3NvZnQuQ29tcHV0ZS9sb2NhdGlvbnMvd2VzdHVzL29wZXJhdGlvbnMvYWE5OTYzNWItMmMzMC00NjQyLTg2ZWYtOGVmNGI4MmZiMTM5P2FwaS12ZXJzaW9uPTIwMTUtMDYtMTU=",
      "RequestMethod": "GET",
      "RequestBody": "",
      "RequestHeaders": {
        "User-Agent": [
          "Microsoft.Azure.Management.Compute.ComputeManagementClient/5.0.0.0"
        ]
      },
      "ResponseBody": "{\r\n  \"operationId\": \"aa99635b-2c30-4642-86ef-8ef4b82fb139\",\r\n  \"status\": \"InProgress\",\r\n  \"startTime\": \"2015-04-28T15:25:28.483981-07:00\"\r\n}",
      "ResponseHeaders": {
        "Content-Length": [
          "140"
        ],
        "Content-Type": [
          "application/json; charset=utf-8"
        ],
        "Expires": [
          "-1"
        ],
        "Pragma": [
          "no-cache"
        ],
        "Strict-Transport-Security": [
          "max-age=31536000; includeSubDomains"
        ],
        "x-ms-request-id": [
          "bb3c6435-82b9-4edb-b1d2-a974ddd06301"
        ],
        "Cache-Control": [
          "no-cache"
        ],
        "Server": [
          "Microsoft-HTTPAPI/2.0",
          "Microsoft-HTTPAPI/2.0"
        ],
        "x-ms-ratelimit-remaining-subscription-reads": [
          "31979"
        ],
        "x-ms-correlation-request-id": [
          "2342d8ac-6cc5-4cc0-881d-95927a9682a7"
        ],
        "x-ms-routing-request-id": [
          "WESTUS:20150428T222540Z:2342d8ac-6cc5-4cc0-881d-95927a9682a7"
        ],
        "Date": [
          "Tue, 28 Apr 2015 22:25:40 GMT"
        ]
      },
      "StatusCode": 200
    },
    {
      "RequestUri": "/subscriptions/4d368445-cbb1-42a7-97a6-6850ab99f48e/providers/Microsoft.Compute/locations/westus/operations/aa99635b-2c30-4642-86ef-8ef4b82fb139?api-version=2015-06-15",
      "EncodedRequestUri": "L3N1YnNjcmlwdGlvbnMvNGQzNjg0NDUtY2JiMS00MmE3LTk3YTYtNjg1MGFiOTlmNDhlL3Byb3ZpZGVycy9NaWNyb3NvZnQuQ29tcHV0ZS9sb2NhdGlvbnMvd2VzdHVzL29wZXJhdGlvbnMvYWE5OTYzNWItMmMzMC00NjQyLTg2ZWYtOGVmNGI4MmZiMTM5P2FwaS12ZXJzaW9uPTIwMTUtMDYtMTU=",
      "RequestMethod": "GET",
      "RequestBody": "",
      "RequestHeaders": {
        "User-Agent": [
          "Microsoft.Azure.Management.Compute.ComputeManagementClient/5.0.0.0"
        ]
      },
      "ResponseBody": "{\r\n  \"operationId\": \"aa99635b-2c30-4642-86ef-8ef4b82fb139\",\r\n  \"status\": \"InProgress\",\r\n  \"startTime\": \"2015-04-28T15:25:28.483981-07:00\"\r\n}",
      "ResponseHeaders": {
        "Content-Length": [
          "140"
        ],
        "Content-Type": [
          "application/json; charset=utf-8"
        ],
        "Expires": [
          "-1"
        ],
        "Pragma": [
          "no-cache"
        ],
        "Strict-Transport-Security": [
          "max-age=31536000; includeSubDomains"
        ],
        "x-ms-request-id": [
          "dd44663e-849d-4276-9217-aa7450623afa"
        ],
        "Cache-Control": [
          "no-cache"
        ],
        "Server": [
          "Microsoft-HTTPAPI/2.0",
          "Microsoft-HTTPAPI/2.0"
        ],
        "x-ms-ratelimit-remaining-subscription-reads": [
          "31978"
        ],
        "x-ms-correlation-request-id": [
          "f1037eac-5c18-43b0-9412-3864c9784917"
        ],
        "x-ms-routing-request-id": [
          "WESTUS:20150428T222611Z:f1037eac-5c18-43b0-9412-3864c9784917"
        ],
        "Date": [
          "Tue, 28 Apr 2015 22:26:10 GMT"
        ]
      },
      "StatusCode": 200
    },
    {
      "RequestUri": "/subscriptions/4d368445-cbb1-42a7-97a6-6850ab99f48e/providers/Microsoft.Compute/locations/westus/operations/aa99635b-2c30-4642-86ef-8ef4b82fb139?api-version=2015-06-15",
      "EncodedRequestUri": "L3N1YnNjcmlwdGlvbnMvNGQzNjg0NDUtY2JiMS00MmE3LTk3YTYtNjg1MGFiOTlmNDhlL3Byb3ZpZGVycy9NaWNyb3NvZnQuQ29tcHV0ZS9sb2NhdGlvbnMvd2VzdHVzL29wZXJhdGlvbnMvYWE5OTYzNWItMmMzMC00NjQyLTg2ZWYtOGVmNGI4MmZiMTM5P2FwaS12ZXJzaW9uPTIwMTUtMDYtMTU=",
      "RequestMethod": "GET",
      "RequestBody": "",
      "RequestHeaders": {
        "User-Agent": [
          "Microsoft.Azure.Management.Compute.ComputeManagementClient/5.0.0.0"
        ]
      },
      "ResponseBody": "{\r\n  \"operationId\": \"aa99635b-2c30-4642-86ef-8ef4b82fb139\",\r\n  \"status\": \"InProgress\",\r\n  \"startTime\": \"2015-04-28T15:25:28.483981-07:00\"\r\n}",
      "ResponseHeaders": {
        "Content-Length": [
          "140"
        ],
        "Content-Type": [
          "application/json; charset=utf-8"
        ],
        "Expires": [
          "-1"
        ],
        "Pragma": [
          "no-cache"
        ],
        "Strict-Transport-Security": [
          "max-age=31536000; includeSubDomains"
        ],
        "x-ms-request-id": [
          "97bd2acc-260d-4ef8-a5bc-f7f2d842f8dc"
        ],
        "Cache-Control": [
          "no-cache"
        ],
        "Server": [
          "Microsoft-HTTPAPI/2.0",
          "Microsoft-HTTPAPI/2.0"
        ],
        "x-ms-ratelimit-remaining-subscription-reads": [
          "31977"
        ],
        "x-ms-correlation-request-id": [
          "3a751bd4-b060-4cda-b2f7-2d6226d3fe9a"
        ],
        "x-ms-routing-request-id": [
          "WESTUS:20150428T222641Z:3a751bd4-b060-4cda-b2f7-2d6226d3fe9a"
        ],
        "Date": [
          "Tue, 28 Apr 2015 22:26:40 GMT"
        ]
      },
      "StatusCode": 200
    },
    {
      "RequestUri": "/subscriptions/4d368445-cbb1-42a7-97a6-6850ab99f48e/providers/Microsoft.Compute/locations/westus/operations/aa99635b-2c30-4642-86ef-8ef4b82fb139?api-version=2015-06-15",
      "EncodedRequestUri": "L3N1YnNjcmlwdGlvbnMvNGQzNjg0NDUtY2JiMS00MmE3LTk3YTYtNjg1MGFiOTlmNDhlL3Byb3ZpZGVycy9NaWNyb3NvZnQuQ29tcHV0ZS9sb2NhdGlvbnMvd2VzdHVzL29wZXJhdGlvbnMvYWE5OTYzNWItMmMzMC00NjQyLTg2ZWYtOGVmNGI4MmZiMTM5P2FwaS12ZXJzaW9uPTIwMTUtMDYtMTU=",
      "RequestMethod": "GET",
      "RequestBody": "",
      "RequestHeaders": {
        "User-Agent": [
          "Microsoft.Azure.Management.Compute.ComputeManagementClient/5.0.0.0"
        ]
      },
      "ResponseBody": "{\r\n  \"operationId\": \"aa99635b-2c30-4642-86ef-8ef4b82fb139\",\r\n  \"status\": \"InProgress\",\r\n  \"startTime\": \"2015-04-28T15:25:28.483981-07:00\"\r\n}",
      "ResponseHeaders": {
        "Content-Length": [
          "140"
        ],
        "Content-Type": [
          "application/json; charset=utf-8"
        ],
        "Expires": [
          "-1"
        ],
        "Pragma": [
          "no-cache"
        ],
        "Strict-Transport-Security": [
          "max-age=31536000; includeSubDomains"
        ],
        "x-ms-request-id": [
          "d8361d77-d7da-4831-8ac1-c30a49cd070d"
        ],
        "Cache-Control": [
          "no-cache"
        ],
        "Server": [
          "Microsoft-HTTPAPI/2.0",
          "Microsoft-HTTPAPI/2.0"
        ],
        "x-ms-ratelimit-remaining-subscription-reads": [
          "31976"
        ],
        "x-ms-correlation-request-id": [
          "474dd6ac-5dd3-4c0c-8776-46f5d4c4a865"
        ],
        "x-ms-routing-request-id": [
          "WESTUS:20150428T222711Z:474dd6ac-5dd3-4c0c-8776-46f5d4c4a865"
        ],
        "Date": [
          "Tue, 28 Apr 2015 22:27:11 GMT"
        ]
      },
      "StatusCode": 200
    },
    {
      "RequestUri": "/subscriptions/4d368445-cbb1-42a7-97a6-6850ab99f48e/providers/Microsoft.Compute/locations/westus/operations/aa99635b-2c30-4642-86ef-8ef4b82fb139?api-version=2015-06-15",
      "EncodedRequestUri": "L3N1YnNjcmlwdGlvbnMvNGQzNjg0NDUtY2JiMS00MmE3LTk3YTYtNjg1MGFiOTlmNDhlL3Byb3ZpZGVycy9NaWNyb3NvZnQuQ29tcHV0ZS9sb2NhdGlvbnMvd2VzdHVzL29wZXJhdGlvbnMvYWE5OTYzNWItMmMzMC00NjQyLTg2ZWYtOGVmNGI4MmZiMTM5P2FwaS12ZXJzaW9uPTIwMTUtMDYtMTU=",
      "RequestMethod": "GET",
      "RequestBody": "",
      "RequestHeaders": {
        "User-Agent": [
          "Microsoft.Azure.Management.Compute.ComputeManagementClient/5.0.0.0"
        ]
      },
      "ResponseBody": "{\r\n  \"operationId\": \"aa99635b-2c30-4642-86ef-8ef4b82fb139\",\r\n  \"status\": \"InProgress\",\r\n  \"startTime\": \"2015-04-28T15:25:28.483981-07:00\"\r\n}",
      "ResponseHeaders": {
        "Content-Length": [
          "140"
        ],
        "Content-Type": [
          "application/json; charset=utf-8"
        ],
        "Expires": [
          "-1"
        ],
        "Pragma": [
          "no-cache"
        ],
        "Strict-Transport-Security": [
          "max-age=31536000; includeSubDomains"
        ],
        "x-ms-request-id": [
          "60231580-1b0a-49a5-8632-1ed432844ebf"
        ],
        "Cache-Control": [
          "no-cache"
        ],
        "Server": [
          "Microsoft-HTTPAPI/2.0",
          "Microsoft-HTTPAPI/2.0"
        ],
        "x-ms-ratelimit-remaining-subscription-reads": [
          "31975"
        ],
        "x-ms-correlation-request-id": [
          "b13206cb-fb04-4356-8464-721843151070"
        ],
        "x-ms-routing-request-id": [
          "WESTUS:20150428T222741Z:b13206cb-fb04-4356-8464-721843151070"
        ],
        "Date": [
          "Tue, 28 Apr 2015 22:27:41 GMT"
        ]
      },
      "StatusCode": 200
    },
    {
      "RequestUri": "/subscriptions/4d368445-cbb1-42a7-97a6-6850ab99f48e/providers/Microsoft.Compute/locations/westus/operations/aa99635b-2c30-4642-86ef-8ef4b82fb139?api-version=2015-06-15",
      "EncodedRequestUri": "L3N1YnNjcmlwdGlvbnMvNGQzNjg0NDUtY2JiMS00MmE3LTk3YTYtNjg1MGFiOTlmNDhlL3Byb3ZpZGVycy9NaWNyb3NvZnQuQ29tcHV0ZS9sb2NhdGlvbnMvd2VzdHVzL29wZXJhdGlvbnMvYWE5OTYzNWItMmMzMC00NjQyLTg2ZWYtOGVmNGI4MmZiMTM5P2FwaS12ZXJzaW9uPTIwMTUtMDYtMTU=",
      "RequestMethod": "GET",
      "RequestBody": "",
      "RequestHeaders": {
        "User-Agent": [
          "Microsoft.Azure.Management.Compute.ComputeManagementClient/5.0.0.0"
        ]
      },
      "ResponseBody": "{\r\n  \"operationId\": \"aa99635b-2c30-4642-86ef-8ef4b82fb139\",\r\n  \"status\": \"InProgress\",\r\n  \"startTime\": \"2015-04-28T15:25:28.483981-07:00\"\r\n}",
      "ResponseHeaders": {
        "Content-Length": [
          "140"
        ],
        "Content-Type": [
          "application/json; charset=utf-8"
        ],
        "Expires": [
          "-1"
        ],
        "Pragma": [
          "no-cache"
        ],
        "Strict-Transport-Security": [
          "max-age=31536000; includeSubDomains"
        ],
        "x-ms-request-id": [
          "48d4079e-b222-4d26-b194-c92396645753"
        ],
        "Cache-Control": [
          "no-cache"
        ],
        "Server": [
          "Microsoft-HTTPAPI/2.0",
          "Microsoft-HTTPAPI/2.0"
        ],
        "x-ms-ratelimit-remaining-subscription-reads": [
          "31974"
        ],
        "x-ms-correlation-request-id": [
          "fde75aae-fff6-4b67-b431-793343c0e87a"
        ],
        "x-ms-routing-request-id": [
          "WESTUS:20150428T222811Z:fde75aae-fff6-4b67-b431-793343c0e87a"
        ],
        "Date": [
          "Tue, 28 Apr 2015 22:28:11 GMT"
        ]
      },
      "StatusCode": 200
    },
    {
      "RequestUri": "/subscriptions/4d368445-cbb1-42a7-97a6-6850ab99f48e/providers/Microsoft.Compute/locations/westus/operations/aa99635b-2c30-4642-86ef-8ef4b82fb139?api-version=2015-06-15",
      "EncodedRequestUri": "L3N1YnNjcmlwdGlvbnMvNGQzNjg0NDUtY2JiMS00MmE3LTk3YTYtNjg1MGFiOTlmNDhlL3Byb3ZpZGVycy9NaWNyb3NvZnQuQ29tcHV0ZS9sb2NhdGlvbnMvd2VzdHVzL29wZXJhdGlvbnMvYWE5OTYzNWItMmMzMC00NjQyLTg2ZWYtOGVmNGI4MmZiMTM5P2FwaS12ZXJzaW9uPTIwMTUtMDYtMTU=",
      "RequestMethod": "GET",
      "RequestBody": "",
      "RequestHeaders": {
        "User-Agent": [
          "Microsoft.Azure.Management.Compute.ComputeManagementClient/5.0.0.0"
        ]
      },
      "ResponseBody": "{\r\n  \"operationId\": \"aa99635b-2c30-4642-86ef-8ef4b82fb139\",\r\n  \"status\": \"Succeeded\",\r\n  \"startTime\": \"2015-04-28T15:25:28.483981-07:00\",\r\n  \"endTime\": \"2015-04-28T15:28:00.2027442-07:00\"\r\n}",
      "ResponseHeaders": {
        "Content-Length": [
          "190"
        ],
        "Content-Type": [
          "application/json; charset=utf-8"
        ],
        "Expires": [
          "-1"
        ],
        "Pragma": [
          "no-cache"
        ],
        "Strict-Transport-Security": [
          "max-age=31536000; includeSubDomains"
        ],
        "x-ms-request-id": [
          "d0ee6560-44c4-46b6-8108-63b669638cda"
        ],
        "Cache-Control": [
          "no-cache"
        ],
        "Server": [
          "Microsoft-HTTPAPI/2.0",
          "Microsoft-HTTPAPI/2.0"
        ],
        "x-ms-ratelimit-remaining-subscription-reads": [
          "31973"
        ],
        "x-ms-correlation-request-id": [
          "955e6fd4-9b2b-4dd9-beaa-169ce1bbeda3"
        ],
        "x-ms-routing-request-id": [
          "WESTUS:20150428T222841Z:955e6fd4-9b2b-4dd9-beaa-169ce1bbeda3"
        ],
        "Date": [
          "Tue, 28 Apr 2015 22:28:41 GMT"
        ]
      },
      "StatusCode": 200
    },
    {
      "RequestUri": "/subscriptions/4d368445-cbb1-42a7-97a6-6850ab99f48e/resourcegroups/pstestrg5528?api-version=2014-04-01-preview",
      "EncodedRequestUri": "L3N1YnNjcmlwdGlvbnMvNGQzNjg0NDUtY2JiMS00MmE3LTk3YTYtNjg1MGFiOTlmNDhlL3Jlc291cmNlZ3JvdXBzL3BzdGVzdHJnNTUyOD9hcGktdmVyc2lvbj0yMDE0LTA0LTAxLXByZXZpZXc=",
      "RequestMethod": "DELETE",
      "RequestBody": "",
      "RequestHeaders": {
        "User-Agent": [
          "Microsoft.Azure.Management.Resources.ResourceManagementClient/2.0.0.0"
        ]
      },
      "ResponseBody": "",
      "ResponseHeaders": {
        "Content-Length": [
          "0"
        ],
        "Expires": [
          "-1"
        ],
        "Pragma": [
          "no-cache"
        ],
        "Retry-After": [
          "15"
        ],
        "x-ms-ratelimit-remaining-subscription-writes": [
          "1197"
        ],
        "x-ms-request-id": [
          "8955bd71-e5d4-46b7-96bc-9cbf963fb420"
        ],
        "x-ms-correlation-request-id": [
          "8955bd71-e5d4-46b7-96bc-9cbf963fb420"
        ],
        "x-ms-routing-request-id": [
          "WESTUS:20150428T222841Z:8955bd71-e5d4-46b7-96bc-9cbf963fb420"
        ],
        "Strict-Transport-Security": [
          "max-age=31536000; includeSubDomains"
        ],
        "Cache-Control": [
          "no-cache"
        ],
        "Date": [
          "Tue, 28 Apr 2015 22:28:41 GMT"
        ],
        "Location": [
          "https://management.azure.com/subscriptions/4d368445-cbb1-42a7-97a6-6850ab99f48e/operationresults/eyJqb2JJZCI6IlJFU09VUkNFR1JPVVBERUxFVElPTkpPQi1QU1RFU1RSRzU1MjgtV0VTVFVTIiwiam9iTG9jYXRpb24iOiJ3ZXN0dXMifQ?api-version=2014-04-01-preview"
        ]
      },
      "StatusCode": 202
    },
    {
      "RequestUri": "/subscriptions/4d368445-cbb1-42a7-97a6-6850ab99f48e/operationresults/eyJqb2JJZCI6IlJFU09VUkNFR1JPVVBERUxFVElPTkpPQi1QU1RFU1RSRzU1MjgtV0VTVFVTIiwiam9iTG9jYXRpb24iOiJ3ZXN0dXMifQ?api-version=2014-04-01-preview",
      "EncodedRequestUri": "L3N1YnNjcmlwdGlvbnMvNGQzNjg0NDUtY2JiMS00MmE3LTk3YTYtNjg1MGFiOTlmNDhlL29wZXJhdGlvbnJlc3VsdHMvZXlKcWIySkpaQ0k2SWxKRlUwOVZVa05GUjFKUFZWQkVSVXhGVkVsUFRrcFBRaTFRVTFSRlUxUlNSelUxTWpndFYwVlRWRlZUSWl3aWFtOWlURzlqWVhScGIyNGlPaUozWlhOMGRYTWlmUT9hcGktdmVyc2lvbj0yMDE0LTA0LTAxLXByZXZpZXc=",
      "RequestMethod": "GET",
      "RequestBody": "",
      "RequestHeaders": {
        "x-ms-version": [
          "2014-04-01-preview"
        ],
        "User-Agent": [
          "Microsoft.Azure.Management.Resources.ResourceManagementClient/2.0.0.0"
        ]
      },
      "ResponseBody": "",
      "ResponseHeaders": {
        "Content-Length": [
          "0"
        ],
        "Expires": [
          "-1"
        ],
        "Pragma": [
          "no-cache"
        ],
        "Retry-After": [
          "15"
        ],
        "x-ms-ratelimit-remaining-subscription-reads": [
          "31971"
        ],
        "x-ms-request-id": [
          "834f4443-6042-424b-afe1-7cbbc64412df"
        ],
        "x-ms-correlation-request-id": [
          "834f4443-6042-424b-afe1-7cbbc64412df"
        ],
        "x-ms-routing-request-id": [
          "WESTUS:20150428T222842Z:834f4443-6042-424b-afe1-7cbbc64412df"
        ],
        "Strict-Transport-Security": [
          "max-age=31536000; includeSubDomains"
        ],
        "Cache-Control": [
          "no-cache"
        ],
        "Date": [
          "Tue, 28 Apr 2015 22:28:41 GMT"
        ],
        "Location": [
          "https://management.azure.com/subscriptions/4d368445-cbb1-42a7-97a6-6850ab99f48e/operationresults/eyJqb2JJZCI6IlJFU09VUkNFR1JPVVBERUxFVElPTkpPQi1QU1RFU1RSRzU1MjgtV0VTVFVTIiwiam9iTG9jYXRpb24iOiJ3ZXN0dXMifQ?api-version=2014-04-01-preview"
        ]
      },
      "StatusCode": 202
    },
    {
      "RequestUri": "/subscriptions/4d368445-cbb1-42a7-97a6-6850ab99f48e/operationresults/eyJqb2JJZCI6IlJFU09VUkNFR1JPVVBERUxFVElPTkpPQi1QU1RFU1RSRzU1MjgtV0VTVFVTIiwiam9iTG9jYXRpb24iOiJ3ZXN0dXMifQ?api-version=2014-04-01-preview",
      "EncodedRequestUri": "L3N1YnNjcmlwdGlvbnMvNGQzNjg0NDUtY2JiMS00MmE3LTk3YTYtNjg1MGFiOTlmNDhlL29wZXJhdGlvbnJlc3VsdHMvZXlKcWIySkpaQ0k2SWxKRlUwOVZVa05GUjFKUFZWQkVSVXhGVkVsUFRrcFBRaTFRVTFSRlUxUlNSelUxTWpndFYwVlRWRlZUSWl3aWFtOWlURzlqWVhScGIyNGlPaUozWlhOMGRYTWlmUT9hcGktdmVyc2lvbj0yMDE0LTA0LTAxLXByZXZpZXc=",
      "RequestMethod": "GET",
      "RequestBody": "",
      "RequestHeaders": {
        "x-ms-version": [
          "2014-04-01-preview"
        ],
        "User-Agent": [
          "Microsoft.Azure.Management.Resources.ResourceManagementClient/2.0.0.0"
        ]
      },
      "ResponseBody": "",
      "ResponseHeaders": {
        "Content-Length": [
          "0"
        ],
        "Expires": [
          "-1"
        ],
        "Pragma": [
          "no-cache"
        ],
        "Retry-After": [
          "15"
        ],
        "x-ms-ratelimit-remaining-subscription-reads": [
          "31970"
        ],
        "x-ms-request-id": [
          "f761187c-6fc7-4bd2-97bc-062af5e0410b"
        ],
        "x-ms-correlation-request-id": [
          "f761187c-6fc7-4bd2-97bc-062af5e0410b"
        ],
        "x-ms-routing-request-id": [
          "WESTUS:20150428T222857Z:f761187c-6fc7-4bd2-97bc-062af5e0410b"
        ],
        "Strict-Transport-Security": [
          "max-age=31536000; includeSubDomains"
        ],
        "Cache-Control": [
          "no-cache"
        ],
        "Date": [
          "Tue, 28 Apr 2015 22:28:56 GMT"
        ],
        "Location": [
          "https://management.azure.com/subscriptions/4d368445-cbb1-42a7-97a6-6850ab99f48e/operationresults/eyJqb2JJZCI6IlJFU09VUkNFR1JPVVBERUxFVElPTkpPQi1QU1RFU1RSRzU1MjgtV0VTVFVTIiwiam9iTG9jYXRpb24iOiJ3ZXN0dXMifQ?api-version=2014-04-01-preview"
        ]
      },
      "StatusCode": 202
    },
    {
      "RequestUri": "/subscriptions/4d368445-cbb1-42a7-97a6-6850ab99f48e/operationresults/eyJqb2JJZCI6IlJFU09VUkNFR1JPVVBERUxFVElPTkpPQi1QU1RFU1RSRzU1MjgtV0VTVFVTIiwiam9iTG9jYXRpb24iOiJ3ZXN0dXMifQ?api-version=2014-04-01-preview",
      "EncodedRequestUri": "L3N1YnNjcmlwdGlvbnMvNGQzNjg0NDUtY2JiMS00MmE3LTk3YTYtNjg1MGFiOTlmNDhlL29wZXJhdGlvbnJlc3VsdHMvZXlKcWIySkpaQ0k2SWxKRlUwOVZVa05GUjFKUFZWQkVSVXhGVkVsUFRrcFBRaTFRVTFSRlUxUlNSelUxTWpndFYwVlRWRlZUSWl3aWFtOWlURzlqWVhScGIyNGlPaUozWlhOMGRYTWlmUT9hcGktdmVyc2lvbj0yMDE0LTA0LTAxLXByZXZpZXc=",
      "RequestMethod": "GET",
      "RequestBody": "",
      "RequestHeaders": {
        "x-ms-version": [
          "2014-04-01-preview"
        ],
        "User-Agent": [
          "Microsoft.Azure.Management.Resources.ResourceManagementClient/2.0.0.0"
        ]
      },
      "ResponseBody": "",
      "ResponseHeaders": {
        "Content-Length": [
          "0"
        ],
        "Expires": [
          "-1"
        ],
        "Pragma": [
          "no-cache"
        ],
        "Retry-After": [
          "15"
        ],
        "x-ms-ratelimit-remaining-subscription-reads": [
          "31969"
        ],
        "x-ms-request-id": [
          "b62bc58a-12bb-4439-8747-49f5464412b4"
        ],
        "x-ms-correlation-request-id": [
          "b62bc58a-12bb-4439-8747-49f5464412b4"
        ],
        "x-ms-routing-request-id": [
          "WESTUS:20150428T222912Z:b62bc58a-12bb-4439-8747-49f5464412b4"
        ],
        "Strict-Transport-Security": [
          "max-age=31536000; includeSubDomains"
        ],
        "Cache-Control": [
          "no-cache"
        ],
        "Date": [
          "Tue, 28 Apr 2015 22:29:11 GMT"
        ],
        "Location": [
          "https://management.azure.com/subscriptions/4d368445-cbb1-42a7-97a6-6850ab99f48e/operationresults/eyJqb2JJZCI6IlJFU09VUkNFR1JPVVBERUxFVElPTkpPQi1QU1RFU1RSRzU1MjgtV0VTVFVTIiwiam9iTG9jYXRpb24iOiJ3ZXN0dXMifQ?api-version=2014-04-01-preview"
        ]
      },
      "StatusCode": 202
    },
    {
      "RequestUri": "/subscriptions/4d368445-cbb1-42a7-97a6-6850ab99f48e/operationresults/eyJqb2JJZCI6IlJFU09VUkNFR1JPVVBERUxFVElPTkpPQi1QU1RFU1RSRzU1MjgtV0VTVFVTIiwiam9iTG9jYXRpb24iOiJ3ZXN0dXMifQ?api-version=2014-04-01-preview",
      "EncodedRequestUri": "L3N1YnNjcmlwdGlvbnMvNGQzNjg0NDUtY2JiMS00MmE3LTk3YTYtNjg1MGFiOTlmNDhlL29wZXJhdGlvbnJlc3VsdHMvZXlKcWIySkpaQ0k2SWxKRlUwOVZVa05GUjFKUFZWQkVSVXhGVkVsUFRrcFBRaTFRVTFSRlUxUlNSelUxTWpndFYwVlRWRlZUSWl3aWFtOWlURzlqWVhScGIyNGlPaUozWlhOMGRYTWlmUT9hcGktdmVyc2lvbj0yMDE0LTA0LTAxLXByZXZpZXc=",
      "RequestMethod": "GET",
      "RequestBody": "",
      "RequestHeaders": {
        "x-ms-version": [
          "2014-04-01-preview"
        ],
        "User-Agent": [
          "Microsoft.Azure.Management.Resources.ResourceManagementClient/2.0.0.0"
        ]
      },
      "ResponseBody": "",
      "ResponseHeaders": {
        "Content-Length": [
          "0"
        ],
        "Expires": [
          "-1"
        ],
        "Pragma": [
          "no-cache"
        ],
        "Retry-After": [
          "15"
        ],
        "x-ms-ratelimit-remaining-subscription-reads": [
          "31968"
        ],
        "x-ms-request-id": [
          "3a04642d-fa5f-4f8b-9f64-dc18ccf8d797"
        ],
        "x-ms-correlation-request-id": [
          "3a04642d-fa5f-4f8b-9f64-dc18ccf8d797"
        ],
        "x-ms-routing-request-id": [
          "WESTUS:20150428T222927Z:3a04642d-fa5f-4f8b-9f64-dc18ccf8d797"
        ],
        "Strict-Transport-Security": [
          "max-age=31536000; includeSubDomains"
        ],
        "Cache-Control": [
          "no-cache"
        ],
        "Date": [
          "Tue, 28 Apr 2015 22:29:26 GMT"
        ],
        "Location": [
          "https://management.azure.com/subscriptions/4d368445-cbb1-42a7-97a6-6850ab99f48e/operationresults/eyJqb2JJZCI6IlJFU09VUkNFR1JPVVBERUxFVElPTkpPQi1QU1RFU1RSRzU1MjgtV0VTVFVTIiwiam9iTG9jYXRpb24iOiJ3ZXN0dXMifQ?api-version=2014-04-01-preview"
        ]
      },
      "StatusCode": 202
    },
    {
      "RequestUri": "/subscriptions/4d368445-cbb1-42a7-97a6-6850ab99f48e/operationresults/eyJqb2JJZCI6IlJFU09VUkNFR1JPVVBERUxFVElPTkpPQi1QU1RFU1RSRzU1MjgtV0VTVFVTIiwiam9iTG9jYXRpb24iOiJ3ZXN0dXMifQ?api-version=2014-04-01-preview",
      "EncodedRequestUri": "L3N1YnNjcmlwdGlvbnMvNGQzNjg0NDUtY2JiMS00MmE3LTk3YTYtNjg1MGFiOTlmNDhlL29wZXJhdGlvbnJlc3VsdHMvZXlKcWIySkpaQ0k2SWxKRlUwOVZVa05GUjFKUFZWQkVSVXhGVkVsUFRrcFBRaTFRVTFSRlUxUlNSelUxTWpndFYwVlRWRlZUSWl3aWFtOWlURzlqWVhScGIyNGlPaUozWlhOMGRYTWlmUT9hcGktdmVyc2lvbj0yMDE0LTA0LTAxLXByZXZpZXc=",
      "RequestMethod": "GET",
      "RequestBody": "",
      "RequestHeaders": {
        "x-ms-version": [
          "2014-04-01-preview"
        ],
        "User-Agent": [
          "Microsoft.Azure.Management.Resources.ResourceManagementClient/2.0.0.0"
        ]
      },
      "ResponseBody": "",
      "ResponseHeaders": {
        "Content-Length": [
          "0"
        ],
        "Expires": [
          "-1"
        ],
        "Pragma": [
          "no-cache"
        ],
        "Retry-After": [
          "15"
        ],
        "x-ms-ratelimit-remaining-subscription-reads": [
          "31967"
        ],
        "x-ms-request-id": [
          "a5584220-c406-43bf-aef1-cfeb921ecdef"
        ],
        "x-ms-correlation-request-id": [
          "a5584220-c406-43bf-aef1-cfeb921ecdef"
        ],
        "x-ms-routing-request-id": [
          "WESTUS:20150428T222942Z:a5584220-c406-43bf-aef1-cfeb921ecdef"
        ],
        "Strict-Transport-Security": [
          "max-age=31536000; includeSubDomains"
        ],
        "Cache-Control": [
          "no-cache"
        ],
        "Date": [
          "Tue, 28 Apr 2015 22:29:42 GMT"
        ],
        "Location": [
          "https://management.azure.com/subscriptions/4d368445-cbb1-42a7-97a6-6850ab99f48e/operationresults/eyJqb2JJZCI6IlJFU09VUkNFR1JPVVBERUxFVElPTkpPQi1QU1RFU1RSRzU1MjgtV0VTVFVTIiwiam9iTG9jYXRpb24iOiJ3ZXN0dXMifQ?api-version=2014-04-01-preview"
        ]
      },
      "StatusCode": 202
    },
    {
      "RequestUri": "/subscriptions/4d368445-cbb1-42a7-97a6-6850ab99f48e/operationresults/eyJqb2JJZCI6IlJFU09VUkNFR1JPVVBERUxFVElPTkpPQi1QU1RFU1RSRzU1MjgtV0VTVFVTIiwiam9iTG9jYXRpb24iOiJ3ZXN0dXMifQ?api-version=2014-04-01-preview",
      "EncodedRequestUri": "L3N1YnNjcmlwdGlvbnMvNGQzNjg0NDUtY2JiMS00MmE3LTk3YTYtNjg1MGFiOTlmNDhlL29wZXJhdGlvbnJlc3VsdHMvZXlKcWIySkpaQ0k2SWxKRlUwOVZVa05GUjFKUFZWQkVSVXhGVkVsUFRrcFBRaTFRVTFSRlUxUlNSelUxTWpndFYwVlRWRlZUSWl3aWFtOWlURzlqWVhScGIyNGlPaUozWlhOMGRYTWlmUT9hcGktdmVyc2lvbj0yMDE0LTA0LTAxLXByZXZpZXc=",
      "RequestMethod": "GET",
      "RequestBody": "",
      "RequestHeaders": {
        "x-ms-version": [
          "2014-04-01-preview"
        ],
        "User-Agent": [
          "Microsoft.Azure.Management.Resources.ResourceManagementClient/2.0.0.0"
        ]
      },
      "ResponseBody": "",
      "ResponseHeaders": {
        "Content-Length": [
          "0"
        ],
        "Expires": [
          "-1"
        ],
        "Pragma": [
          "no-cache"
        ],
        "Retry-After": [
          "15"
        ],
        "x-ms-ratelimit-remaining-subscription-reads": [
          "31966"
        ],
        "x-ms-request-id": [
          "5e0d3362-e683-4637-a6e9-1825eec62bbc"
        ],
        "x-ms-correlation-request-id": [
          "5e0d3362-e683-4637-a6e9-1825eec62bbc"
        ],
        "x-ms-routing-request-id": [
          "WESTUS:20150428T222957Z:5e0d3362-e683-4637-a6e9-1825eec62bbc"
        ],
        "Strict-Transport-Security": [
          "max-age=31536000; includeSubDomains"
        ],
        "Cache-Control": [
          "no-cache"
        ],
        "Date": [
          "Tue, 28 Apr 2015 22:29:56 GMT"
        ],
        "Location": [
          "https://management.azure.com/subscriptions/4d368445-cbb1-42a7-97a6-6850ab99f48e/operationresults/eyJqb2JJZCI6IlJFU09VUkNFR1JPVVBERUxFVElPTkpPQi1QU1RFU1RSRzU1MjgtV0VTVFVTIiwiam9iTG9jYXRpb24iOiJ3ZXN0dXMifQ?api-version=2014-04-01-preview"
        ]
      },
      "StatusCode": 202
    },
    {
      "RequestUri": "/subscriptions/4d368445-cbb1-42a7-97a6-6850ab99f48e/operationresults/eyJqb2JJZCI6IlJFU09VUkNFR1JPVVBERUxFVElPTkpPQi1QU1RFU1RSRzU1MjgtV0VTVFVTIiwiam9iTG9jYXRpb24iOiJ3ZXN0dXMifQ?api-version=2014-04-01-preview",
      "EncodedRequestUri": "L3N1YnNjcmlwdGlvbnMvNGQzNjg0NDUtY2JiMS00MmE3LTk3YTYtNjg1MGFiOTlmNDhlL29wZXJhdGlvbnJlc3VsdHMvZXlKcWIySkpaQ0k2SWxKRlUwOVZVa05GUjFKUFZWQkVSVXhGVkVsUFRrcFBRaTFRVTFSRlUxUlNSelUxTWpndFYwVlRWRlZUSWl3aWFtOWlURzlqWVhScGIyNGlPaUozWlhOMGRYTWlmUT9hcGktdmVyc2lvbj0yMDE0LTA0LTAxLXByZXZpZXc=",
      "RequestMethod": "GET",
      "RequestBody": "",
      "RequestHeaders": {
        "x-ms-version": [
          "2014-04-01-preview"
        ],
        "User-Agent": [
          "Microsoft.Azure.Management.Resources.ResourceManagementClient/2.0.0.0"
        ]
      },
      "ResponseBody": "",
      "ResponseHeaders": {
        "Content-Length": [
          "0"
        ],
        "Expires": [
          "-1"
        ],
        "Pragma": [
          "no-cache"
        ],
        "Retry-After": [
          "15"
        ],
        "x-ms-ratelimit-remaining-subscription-reads": [
          "31965"
        ],
        "x-ms-request-id": [
          "2fd459e5-76f1-4a12-a2ac-ca51f8f0bc1e"
        ],
        "x-ms-correlation-request-id": [
          "2fd459e5-76f1-4a12-a2ac-ca51f8f0bc1e"
        ],
        "x-ms-routing-request-id": [
          "WESTUS:20150428T223012Z:2fd459e5-76f1-4a12-a2ac-ca51f8f0bc1e"
        ],
        "Strict-Transport-Security": [
          "max-age=31536000; includeSubDomains"
        ],
        "Cache-Control": [
          "no-cache"
        ],
        "Date": [
          "Tue, 28 Apr 2015 22:30:11 GMT"
        ],
        "Location": [
          "https://management.azure.com/subscriptions/4d368445-cbb1-42a7-97a6-6850ab99f48e/operationresults/eyJqb2JJZCI6IlJFU09VUkNFR1JPVVBERUxFVElPTkpPQi1QU1RFU1RSRzU1MjgtV0VTVFVTIiwiam9iTG9jYXRpb24iOiJ3ZXN0dXMifQ?api-version=2014-04-01-preview"
        ]
      },
      "StatusCode": 202
    },
    {
      "RequestUri": "/subscriptions/4d368445-cbb1-42a7-97a6-6850ab99f48e/operationresults/eyJqb2JJZCI6IlJFU09VUkNFR1JPVVBERUxFVElPTkpPQi1QU1RFU1RSRzU1MjgtV0VTVFVTIiwiam9iTG9jYXRpb24iOiJ3ZXN0dXMifQ?api-version=2014-04-01-preview",
      "EncodedRequestUri": "L3N1YnNjcmlwdGlvbnMvNGQzNjg0NDUtY2JiMS00MmE3LTk3YTYtNjg1MGFiOTlmNDhlL29wZXJhdGlvbnJlc3VsdHMvZXlKcWIySkpaQ0k2SWxKRlUwOVZVa05GUjFKUFZWQkVSVXhGVkVsUFRrcFBRaTFRVTFSRlUxUlNSelUxTWpndFYwVlRWRlZUSWl3aWFtOWlURzlqWVhScGIyNGlPaUozWlhOMGRYTWlmUT9hcGktdmVyc2lvbj0yMDE0LTA0LTAxLXByZXZpZXc=",
      "RequestMethod": "GET",
      "RequestBody": "",
      "RequestHeaders": {
        "x-ms-version": [
          "2014-04-01-preview"
        ],
        "User-Agent": [
          "Microsoft.Azure.Management.Resources.ResourceManagementClient/2.0.0.0"
        ]
      },
      "ResponseBody": "",
      "ResponseHeaders": {
        "Content-Length": [
          "0"
        ],
        "Expires": [
          "-1"
        ],
        "Pragma": [
          "no-cache"
        ],
        "Retry-After": [
          "15"
        ],
        "x-ms-ratelimit-remaining-subscription-reads": [
          "31964"
        ],
        "x-ms-request-id": [
          "5c88c3a3-0948-4ea7-b69f-319639a80e9d"
        ],
        "x-ms-correlation-request-id": [
          "5c88c3a3-0948-4ea7-b69f-319639a80e9d"
        ],
        "x-ms-routing-request-id": [
          "WESTUS:20150428T223027Z:5c88c3a3-0948-4ea7-b69f-319639a80e9d"
        ],
        "Strict-Transport-Security": [
          "max-age=31536000; includeSubDomains"
        ],
        "Cache-Control": [
          "no-cache"
        ],
        "Date": [
          "Tue, 28 Apr 2015 22:30:27 GMT"
        ],
        "Location": [
          "https://management.azure.com/subscriptions/4d368445-cbb1-42a7-97a6-6850ab99f48e/operationresults/eyJqb2JJZCI6IlJFU09VUkNFR1JPVVBERUxFVElPTkpPQi1QU1RFU1RSRzU1MjgtV0VTVFVTIiwiam9iTG9jYXRpb24iOiJ3ZXN0dXMifQ?api-version=2014-04-01-preview"
        ]
      },
      "StatusCode": 202
    },
    {
      "RequestUri": "/subscriptions/4d368445-cbb1-42a7-97a6-6850ab99f48e/operationresults/eyJqb2JJZCI6IlJFU09VUkNFR1JPVVBERUxFVElPTkpPQi1QU1RFU1RSRzU1MjgtV0VTVFVTIiwiam9iTG9jYXRpb24iOiJ3ZXN0dXMifQ?api-version=2014-04-01-preview",
      "EncodedRequestUri": "L3N1YnNjcmlwdGlvbnMvNGQzNjg0NDUtY2JiMS00MmE3LTk3YTYtNjg1MGFiOTlmNDhlL29wZXJhdGlvbnJlc3VsdHMvZXlKcWIySkpaQ0k2SWxKRlUwOVZVa05GUjFKUFZWQkVSVXhGVkVsUFRrcFBRaTFRVTFSRlUxUlNSelUxTWpndFYwVlRWRlZUSWl3aWFtOWlURzlqWVhScGIyNGlPaUozWlhOMGRYTWlmUT9hcGktdmVyc2lvbj0yMDE0LTA0LTAxLXByZXZpZXc=",
      "RequestMethod": "GET",
      "RequestBody": "",
      "RequestHeaders": {
        "x-ms-version": [
          "2014-04-01-preview"
        ],
        "User-Agent": [
          "Microsoft.Azure.Management.Resources.ResourceManagementClient/2.0.0.0"
        ]
      },
      "ResponseBody": "",
      "ResponseHeaders": {
        "Content-Length": [
          "0"
        ],
        "Expires": [
          "-1"
        ],
        "Pragma": [
          "no-cache"
        ],
        "Retry-After": [
          "15"
        ],
        "x-ms-ratelimit-remaining-subscription-reads": [
          "31963"
        ],
        "x-ms-request-id": [
          "2b17c2fe-44c8-49e1-84ef-870c5c7f4feb"
        ],
        "x-ms-correlation-request-id": [
          "2b17c2fe-44c8-49e1-84ef-870c5c7f4feb"
        ],
        "x-ms-routing-request-id": [
          "WESTUS:20150428T223042Z:2b17c2fe-44c8-49e1-84ef-870c5c7f4feb"
        ],
        "Strict-Transport-Security": [
          "max-age=31536000; includeSubDomains"
        ],
        "Cache-Control": [
          "no-cache"
        ],
        "Date": [
          "Tue, 28 Apr 2015 22:30:42 GMT"
        ],
        "Location": [
          "https://management.azure.com/subscriptions/4d368445-cbb1-42a7-97a6-6850ab99f48e/operationresults/eyJqb2JJZCI6IlJFU09VUkNFR1JPVVBERUxFVElPTkpPQi1QU1RFU1RSRzU1MjgtV0VTVFVTIiwiam9iTG9jYXRpb24iOiJ3ZXN0dXMifQ?api-version=2014-04-01-preview"
        ]
      },
      "StatusCode": 202
    },
    {
      "RequestUri": "/subscriptions/4d368445-cbb1-42a7-97a6-6850ab99f48e/operationresults/eyJqb2JJZCI6IlJFU09VUkNFR1JPVVBERUxFVElPTkpPQi1QU1RFU1RSRzU1MjgtV0VTVFVTIiwiam9iTG9jYXRpb24iOiJ3ZXN0dXMifQ?api-version=2014-04-01-preview",
      "EncodedRequestUri": "L3N1YnNjcmlwdGlvbnMvNGQzNjg0NDUtY2JiMS00MmE3LTk3YTYtNjg1MGFiOTlmNDhlL29wZXJhdGlvbnJlc3VsdHMvZXlKcWIySkpaQ0k2SWxKRlUwOVZVa05GUjFKUFZWQkVSVXhGVkVsUFRrcFBRaTFRVTFSRlUxUlNSelUxTWpndFYwVlRWRlZUSWl3aWFtOWlURzlqWVhScGIyNGlPaUozWlhOMGRYTWlmUT9hcGktdmVyc2lvbj0yMDE0LTA0LTAxLXByZXZpZXc=",
      "RequestMethod": "GET",
      "RequestBody": "",
      "RequestHeaders": {
        "x-ms-version": [
          "2014-04-01-preview"
        ],
        "User-Agent": [
          "Microsoft.Azure.Management.Resources.ResourceManagementClient/2.0.0.0"
        ]
      },
      "ResponseBody": "",
      "ResponseHeaders": {
        "Content-Length": [
          "0"
        ],
        "Expires": [
          "-1"
        ],
        "Pragma": [
          "no-cache"
        ],
        "Retry-After": [
          "15"
        ],
        "x-ms-ratelimit-remaining-subscription-reads": [
          "31962"
        ],
        "x-ms-request-id": [
          "1906ba20-a018-4d6d-adfc-9c9c7994add5"
        ],
        "x-ms-correlation-request-id": [
          "1906ba20-a018-4d6d-adfc-9c9c7994add5"
        ],
        "x-ms-routing-request-id": [
          "WESTUS:20150428T223057Z:1906ba20-a018-4d6d-adfc-9c9c7994add5"
        ],
        "Strict-Transport-Security": [
          "max-age=31536000; includeSubDomains"
        ],
        "Cache-Control": [
          "no-cache"
        ],
        "Date": [
          "Tue, 28 Apr 2015 22:30:57 GMT"
        ],
        "Location": [
          "https://management.azure.com/subscriptions/4d368445-cbb1-42a7-97a6-6850ab99f48e/operationresults/eyJqb2JJZCI6IlJFU09VUkNFR1JPVVBERUxFVElPTkpPQi1QU1RFU1RSRzU1MjgtV0VTVFVTIiwiam9iTG9jYXRpb24iOiJ3ZXN0dXMifQ?api-version=2014-04-01-preview"
        ]
      },
      "StatusCode": 202
    },
    {
      "RequestUri": "/subscriptions/4d368445-cbb1-42a7-97a6-6850ab99f48e/operationresults/eyJqb2JJZCI6IlJFU09VUkNFR1JPVVBERUxFVElPTkpPQi1QU1RFU1RSRzU1MjgtV0VTVFVTIiwiam9iTG9jYXRpb24iOiJ3ZXN0dXMifQ?api-version=2014-04-01-preview",
      "EncodedRequestUri": "L3N1YnNjcmlwdGlvbnMvNGQzNjg0NDUtY2JiMS00MmE3LTk3YTYtNjg1MGFiOTlmNDhlL29wZXJhdGlvbnJlc3VsdHMvZXlKcWIySkpaQ0k2SWxKRlUwOVZVa05GUjFKUFZWQkVSVXhGVkVsUFRrcFBRaTFRVTFSRlUxUlNSelUxTWpndFYwVlRWRlZUSWl3aWFtOWlURzlqWVhScGIyNGlPaUozWlhOMGRYTWlmUT9hcGktdmVyc2lvbj0yMDE0LTA0LTAxLXByZXZpZXc=",
      "RequestMethod": "GET",
      "RequestBody": "",
      "RequestHeaders": {
        "x-ms-version": [
          "2014-04-01-preview"
        ],
        "User-Agent": [
          "Microsoft.Azure.Management.Resources.ResourceManagementClient/2.0.0.0"
        ]
      },
      "ResponseBody": "",
      "ResponseHeaders": {
        "Content-Length": [
          "0"
        ],
        "Expires": [
          "-1"
        ],
        "Pragma": [
          "no-cache"
        ],
        "Retry-After": [
          "15"
        ],
        "x-ms-ratelimit-remaining-subscription-reads": [
          "31961"
        ],
        "x-ms-request-id": [
          "911223b8-45a4-48e1-9ef2-0ef7d07d0518"
        ],
        "x-ms-correlation-request-id": [
          "911223b8-45a4-48e1-9ef2-0ef7d07d0518"
        ],
        "x-ms-routing-request-id": [
          "WESTUS:20150428T223112Z:911223b8-45a4-48e1-9ef2-0ef7d07d0518"
        ],
        "Strict-Transport-Security": [
          "max-age=31536000; includeSubDomains"
        ],
        "Cache-Control": [
          "no-cache"
        ],
        "Date": [
          "Tue, 28 Apr 2015 22:31:12 GMT"
        ],
        "Location": [
          "https://management.azure.com/subscriptions/4d368445-cbb1-42a7-97a6-6850ab99f48e/operationresults/eyJqb2JJZCI6IlJFU09VUkNFR1JPVVBERUxFVElPTkpPQi1QU1RFU1RSRzU1MjgtV0VTVFVTIiwiam9iTG9jYXRpb24iOiJ3ZXN0dXMifQ?api-version=2014-04-01-preview"
        ]
      },
      "StatusCode": 202
    },
    {
      "RequestUri": "/subscriptions/4d368445-cbb1-42a7-97a6-6850ab99f48e/operationresults/eyJqb2JJZCI6IlJFU09VUkNFR1JPVVBERUxFVElPTkpPQi1QU1RFU1RSRzU1MjgtV0VTVFVTIiwiam9iTG9jYXRpb24iOiJ3ZXN0dXMifQ?api-version=2014-04-01-preview",
      "EncodedRequestUri": "L3N1YnNjcmlwdGlvbnMvNGQzNjg0NDUtY2JiMS00MmE3LTk3YTYtNjg1MGFiOTlmNDhlL29wZXJhdGlvbnJlc3VsdHMvZXlKcWIySkpaQ0k2SWxKRlUwOVZVa05GUjFKUFZWQkVSVXhGVkVsUFRrcFBRaTFRVTFSRlUxUlNSelUxTWpndFYwVlRWRlZUSWl3aWFtOWlURzlqWVhScGIyNGlPaUozWlhOMGRYTWlmUT9hcGktdmVyc2lvbj0yMDE0LTA0LTAxLXByZXZpZXc=",
      "RequestMethod": "GET",
      "RequestBody": "",
      "RequestHeaders": {
        "x-ms-version": [
          "2014-04-01-preview"
        ],
        "User-Agent": [
          "Microsoft.Azure.Management.Resources.ResourceManagementClient/2.0.0.0"
        ]
      },
      "ResponseBody": "",
      "ResponseHeaders": {
        "Content-Length": [
          "0"
        ],
        "Expires": [
          "-1"
        ],
        "Pragma": [
          "no-cache"
        ],
        "Retry-After": [
          "15"
        ],
        "x-ms-ratelimit-remaining-subscription-reads": [
          "31960"
        ],
        "x-ms-request-id": [
          "5ccef21d-2351-4e64-9034-9b9d546019e9"
        ],
        "x-ms-correlation-request-id": [
          "5ccef21d-2351-4e64-9034-9b9d546019e9"
        ],
        "x-ms-routing-request-id": [
          "WESTUS:20150428T223127Z:5ccef21d-2351-4e64-9034-9b9d546019e9"
        ],
        "Strict-Transport-Security": [
          "max-age=31536000; includeSubDomains"
        ],
        "Cache-Control": [
          "no-cache"
        ],
        "Date": [
          "Tue, 28 Apr 2015 22:31:26 GMT"
        ],
        "Location": [
          "https://management.azure.com/subscriptions/4d368445-cbb1-42a7-97a6-6850ab99f48e/operationresults/eyJqb2JJZCI6IlJFU09VUkNFR1JPVVBERUxFVElPTkpPQi1QU1RFU1RSRzU1MjgtV0VTVFVTIiwiam9iTG9jYXRpb24iOiJ3ZXN0dXMifQ?api-version=2014-04-01-preview"
        ]
      },
      "StatusCode": 202
    },
    {
      "RequestUri": "/subscriptions/4d368445-cbb1-42a7-97a6-6850ab99f48e/operationresults/eyJqb2JJZCI6IlJFU09VUkNFR1JPVVBERUxFVElPTkpPQi1QU1RFU1RSRzU1MjgtV0VTVFVTIiwiam9iTG9jYXRpb24iOiJ3ZXN0dXMifQ?api-version=2014-04-01-preview",
      "EncodedRequestUri": "L3N1YnNjcmlwdGlvbnMvNGQzNjg0NDUtY2JiMS00MmE3LTk3YTYtNjg1MGFiOTlmNDhlL29wZXJhdGlvbnJlc3VsdHMvZXlKcWIySkpaQ0k2SWxKRlUwOVZVa05GUjFKUFZWQkVSVXhGVkVsUFRrcFBRaTFRVTFSRlUxUlNSelUxTWpndFYwVlRWRlZUSWl3aWFtOWlURzlqWVhScGIyNGlPaUozWlhOMGRYTWlmUT9hcGktdmVyc2lvbj0yMDE0LTA0LTAxLXByZXZpZXc=",
      "RequestMethod": "GET",
      "RequestBody": "",
      "RequestHeaders": {
        "x-ms-version": [
          "2014-04-01-preview"
        ],
        "User-Agent": [
          "Microsoft.Azure.Management.Resources.ResourceManagementClient/2.0.0.0"
        ]
      },
      "ResponseBody": "",
      "ResponseHeaders": {
        "Content-Length": [
          "0"
        ],
        "Expires": [
          "-1"
        ],
        "Pragma": [
          "no-cache"
        ],
        "x-ms-ratelimit-remaining-subscription-reads": [
          "31959"
        ],
        "x-ms-request-id": [
          "4d19a3d6-fb93-44e3-96e9-cd29f8d15a27"
        ],
        "x-ms-correlation-request-id": [
          "4d19a3d6-fb93-44e3-96e9-cd29f8d15a27"
        ],
        "x-ms-routing-request-id": [
          "WESTUS:20150428T223142Z:4d19a3d6-fb93-44e3-96e9-cd29f8d15a27"
        ],
        "Strict-Transport-Security": [
          "max-age=31536000; includeSubDomains"
        ],
        "Cache-Control": [
          "no-cache"
        ],
        "Date": [
          "Tue, 28 Apr 2015 22:31:42 GMT"
        ]
      },
      "StatusCode": 200
    }
  ],
  "Names": {
    "Test-SingleNetworkInterface": [
      "pstestrg5528"
    ]
  },
  "Variables": {
    "SubscriptionId": "4d368445-cbb1-42a7-97a6-6850ab99f48e",
    "TenantId": "72f988bf-86f1-41af-91ab-2d7cd011db47",
    "Domain": "microsoft.com"
  }
}
