{
  "Entries": [
    {
      "RequestUri": "/subscriptions/0b1f6471-1bf0-4dda-aec3-cb9272f09590/resourcegroups/rgps5168?api-version=2016-09-01",
      "EncodedRequestUri": "L3N1YnNjcmlwdGlvbnMvMGIxZjY0NzEtMWJmMC00ZGRhLWFlYzMtY2I5MjcyZjA5NTkwL3Jlc291cmNlZ3JvdXBzL3JncHM1MTY4P2FwaS12ZXJzaW9uPTIwMTYtMDktMDE=",
      "RequestMethod": "PUT",
      "RequestHeaders": {
        "x-ms-client-request-id": [
          "93942e68-7077-4670-b6e9-9a14b82755fe"
        ],
        "Accept-Language": [
          "en-US"
        ],
        "User-Agent": [
          "FxVersion/4.700.22.51102",
          "OSName/Windows",
          "OSVersion/Microsoft.Windows.10.0.22621",
          "Microsoft.Azure.Management.Internal.Resources.ResourceManagementClient/1.3.65"
        ],
        "Content-Type": [
          "application/json; charset=utf-8"
        ],
        "Content-Length": [
          "28"
        ]
      },
      "RequestBody": "{\r\n  \"location\": \"eastus\"\r\n}",
      "ResponseHeaders": {
        "Cache-Control": [
          "no-cache"
        ],
        "Pragma": [
          "no-cache"
        ],
        "x-ms-ratelimit-remaining-subscription-writes": [
          "1199"
        ],
        "x-ms-request-id": [
          "c51c8c3b-77d3-4ea3-a41f-72f2e008f108"
        ],
        "x-ms-correlation-request-id": [
          "c51c8c3b-77d3-4ea3-a41f-72f2e008f108"
        ],
        "x-ms-routing-request-id": [
          "SOUTHEASTASIA:20221130T065734Z:c51c8c3b-77d3-4ea3-a41f-72f2e008f108"
        ],
        "Strict-Transport-Security": [
          "max-age=31536000; includeSubDomains"
        ],
        "X-Content-Type-Options": [
          "nosniff"
        ],
        "Date": [
          "Wed, 30 Nov 2022 06:57:33 GMT"
        ],
        "Content-Length": [
          "221"
        ],
        "Content-Type": [
          "application/json; charset=utf-8"
        ],
        "Expires": [
          "-1"
        ]
      },
      "ResponseBody": "{\r\n  \"id\": \"/subscriptions/0b1f6471-1bf0-4dda-aec3-cb9272f09590/resourceGroups/rgps5168\",\r\n  \"name\": \"rgps5168\",\r\n  \"location\": \"eastus\",\r\n  \"tags\": {\r\n    \"StorageType\": \"Standard_LRS\",\r\n    \"type\": \"test\"\r\n  },\r\n  \"properties\": {\r\n    \"provisioningState\": \"Succeeded\"\r\n  }\r\n}",
      "StatusCode": 201
    },
    {
      "RequestUri": "/subscriptions/0b1f6471-1bf0-4dda-aec3-cb9272f09590/resourceGroups/rgps5168/providers/Microsoft.ContainerService/managedClusters/kubeps8705?api-version=2022-09-01",
      "EncodedRequestUri": "L3N1YnNjcmlwdGlvbnMvMGIxZjY0NzEtMWJmMC00ZGRhLWFlYzMtY2I5MjcyZjA5NTkwL3Jlc291cmNlR3JvdXBzL3JncHM1MTY4L3Byb3ZpZGVycy9NaWNyb3NvZnQuQ29udGFpbmVyU2VydmljZS9tYW5hZ2VkQ2x1c3RlcnMva3ViZXBzODcwNT9hcGktdmVyc2lvbj0yMDIyLTA5LTAx",
      "RequestMethod": "GET",
      "RequestHeaders": {
        "x-ms-client-request-id": [
          "beeb5927-1b66-47ff-b6e7-091714605315"
        ],
        "Accept-Language": [
          "en-US"
        ],
        "User-Agent": [
          "FxVersion/4.700.22.51102",
          "OSName/Windows",
          "OSVersion/Microsoft.Windows.10.0.22621",
          "Microsoft.Azure.Management.ContainerService.ContainerServiceClient/5.0.0"
        ]
      },
      "RequestBody": "",
      "ResponseHeaders": {
        "Cache-Control": [
          "no-cache"
        ],
        "Pragma": [
          "no-cache"
        ],
        "x-ms-failure-cause": [
          "gateway"
        ],
        "x-ms-request-id": [
          "1c30b93a-27a1-45cd-bf45-00bf71e332a4"
        ],
        "x-ms-correlation-request-id": [
          "1c30b93a-27a1-45cd-bf45-00bf71e332a4"
        ],
        "x-ms-routing-request-id": [
          "SOUTHEASTASIA:20221130T065734Z:1c30b93a-27a1-45cd-bf45-00bf71e332a4"
        ],
        "Strict-Transport-Security": [
          "max-age=31536000; includeSubDomains"
        ],
        "X-Content-Type-Options": [
          "nosniff"
        ],
        "Date": [
          "Wed, 30 Nov 2022 06:57:33 GMT"
        ],
        "Content-Type": [
          "application/json; charset=utf-8"
        ],
        "Expires": [
          "-1"
        ],
        "Content-Length": [
          "233"
        ]
      },
      "ResponseBody": "{\r\n  \"error\": {\r\n    \"code\": \"ResourceNotFound\",\r\n    \"message\": \"The Resource 'Microsoft.ContainerService/managedClusters/kubeps8705' under resource group 'rgps5168' was not found. For more details please go to https://aka.ms/ARMResourceNotFoundFix\"\r\n  }\r\n}",
      "StatusCode": 404
    },
    {
      "RequestUri": "/subscriptions/0b1f6471-1bf0-4dda-aec3-cb9272f09590/resourceGroups/rgps5168/providers/Microsoft.ContainerService/managedClusters/kubeps8705?api-version=2022-09-01",
      "EncodedRequestUri": "L3N1YnNjcmlwdGlvbnMvMGIxZjY0NzEtMWJmMC00ZGRhLWFlYzMtY2I5MjcyZjA5NTkwL3Jlc291cmNlR3JvdXBzL3JncHM1MTY4L3Byb3ZpZGVycy9NaWNyb3NvZnQuQ29udGFpbmVyU2VydmljZS9tYW5hZ2VkQ2x1c3RlcnMva3ViZXBzODcwNT9hcGktdmVyc2lvbj0yMDIyLTA5LTAx",
      "RequestMethod": "GET",
      "RequestHeaders": {
        "x-ms-client-request-id": [
          "beeb5927-1b66-47ff-b6e7-091714605315"
        ],
        "User-Agent": [
          "FxVersion/4.700.22.51102",
          "OSName/Windows",
          "OSVersion/Microsoft.Windows.10.0.22621",
          "Microsoft.Azure.Management.ContainerService.ContainerServiceClient/5.0.0"
        ]
      },
      "RequestBody": "",
      "ResponseHeaders": {
        "Cache-Control": [
          "no-cache"
        ],
        "Pragma": [
          "no-cache"
        ],
        "x-ms-routing-request-id": [
          "SOUTHEASTASIA:20221130T070118Z:bdb9c697-c17f-4273-abb1-517c413eff56"
        ],
        "x-ms-ratelimit-remaining-subscription-reads": [
          "11991"
        ],
        "x-ms-correlation-request-id": [
          "bdb9c697-c17f-4273-abb1-517c413eff56"
        ],
        "x-ms-request-id": [
          "4461ad91-b866-4336-95c7-d4bd8a2a367c"
        ],
        "Strict-Transport-Security": [
          "max-age=31536000; includeSubDomains"
        ],
        "X-Content-Type-Options": [
          "nosniff"
        ],
        "Server": [
          "nginx"
        ],
        "Date": [
          "Wed, 30 Nov 2022 07:01:17 GMT"
        ],
        "Content-Length": [
          "3399"
        ],
        "Content-Type": [
          "application/json"
        ],
        "Expires": [
          "-1"
        ]
      },
      "ResponseBody": "{\r\n  \"id\": \"/subscriptions/0b1f6471-1bf0-4dda-aec3-cb9272f09590/resourcegroups/rgps5168/providers/Microsoft.ContainerService/managedClusters/kubeps8705\",\r\n  \"location\": \"eastus\",\r\n  \"name\": \"kubeps8705\",\r\n  \"type\": \"Microsoft.ContainerService/ManagedClusters\",\r\n  \"properties\": {\r\n    \"provisioningState\": \"Succeeded\",\r\n    \"powerState\": {\r\n      \"code\": \"Running\"\r\n    },\r\n    \"kubernetesVersion\": \"1.23.12\",\r\n    \"currentKubernetesVersion\": \"1.23.12\",\r\n    \"dnsPrefix\": \"kubep0b1f\",\r\n    \"fqdn\": \"kubep0b1f-afdebae4.hcp.eastus.azmk8s.io\",\r\n    \"azurePortalFQDN\": \"kubep0b1f-afdebae4.portal.hcp.eastus.azmk8s.io\",\r\n    \"agentPoolProfiles\": [\r\n      {\r\n        \"name\": \"default\",\r\n        \"count\": 1,\r\n        \"vmSize\": \"Standard_D2_v5\",\r\n        \"osDiskSizeGB\": 128,\r\n        \"osDiskType\": \"Managed\",\r\n        \"kubeletDiskType\": \"OS\",\r\n        \"maxPods\": 30,\r\n        \"type\": \"VirtualMachineScaleSets\",\r\n        \"provisioningState\": \"Succeeded\",\r\n        \"powerState\": {\r\n          \"code\": \"Running\"\r\n        },\r\n        \"orchestratorVersion\": \"1.23.12\",\r\n        \"currentOrchestratorVersion\": \"1.23.12\",\r\n        \"mode\": \"System\",\r\n        \"enableEncryptionAtHost\": true,\r\n        \"osType\": \"Linux\",\r\n        \"osSKU\": \"Ubuntu\",\r\n        \"nodeImageVersion\": \"AKSUbuntu-1804gen2containerd-2022.11.02\",\r\n        \"enableFIPS\": false\r\n      }\r\n    ],\r\n    \"linuxProfile\": {\r\n      \"adminUsername\": \"azureuser\",\r\n      \"ssh\": {\r\n        \"publicKeys\": [\r\n          {\r\n            \"keyData\": \"ssh-rsa AAAAB3NzaC1yc2EAAAADAQABAAACAQChy6cYuI2+AoUycYdObeb45hTY5N46KTuCyy7Ln6Sg+xOoC0RyEAOmLzAWUjYCgbgCuJyOWR7HUz8vGz9guxpeb6kKroXVU20/ZA7fdE8OLU/86aCWZJkBuDJpbmPZsuVwjBJ2sQClmyR+UESLmi+pHLF/QGC55sNh00kdLOpzJLFnkb7nkTWQZ25sWqzr/gmrAx5Pvn6fb6PzTgFKNjKyU2XvJQUpy0iXY1jCJd+0fMzbFDR44izuR+Y9FZ8H2abyARd/ujVYTY8S90ICW7J2eZFQPe8uCfhAjaMlHcQpAjQn/1+h21hJM51UckW1z1XptJZAYWr1IJHTp5B9KfKI/C+4EkcILlPGeqvoZlOCWPYiu6LetiWAf7I9TMfVbBmdl6tPt37Dene7rmHAOIcviskzSmFs7ajjLnOMLDp1GDDfBUntu+VOMHZo09AqOdXva5Qij+YMU1T/xd8cMPvEK7NPmp9E4T5kl+jy+zQxcP3w+niPEtI6w8uYM+vznq5g5nu1WGFT8hG+CprOnB/OzrZsJPMkWzg6cCiQ2nkBM1tjNxA0XHm665fg3OjqRhnXRMorEHri6T+0huUis6CY7Kbu5r1S4yll/eXhBLB6MNvqmeEHpwuGbEksSwjCCNBi812vOaYJ3ZIcSmgiafTDok9bsIEGj9xhNhiCV0Gklw== devigned@msft.com\\r\\n\"\r\n          }\r\n        ]\r\n      }\r\n    },\r\n    \"windowsProfile\": {\r\n      \"adminUsername\": \"azureuser\",\r\n      \"enableCSIProxy\": true\r\n    },\r\n    \"servicePrincipalProfile\": {\r\n      \"clientId\": \"74be032e-9cbe-4a2d-b1ab-c6beee96a311\"\r\n    },\r\n    \"nodeResourceGroup\": \"MC_rgps5168_kubeps8705_eastus\",\r\n    \"enableRBAC\": true,\r\n    \"networkProfile\": {\r\n      \"networkPlugin\": \"azure\",\r\n      \"loadBalancerSku\": \"Standard\",\r\n      \"loadBalancerProfile\": {\r\n        \"managedOutboundIPs\": {\r\n          \"count\": 1\r\n        },\r\n        \"effectiveOutboundIPs\": [\r\n          {\r\n            \"id\": \"/subscriptions/0b1f6471-1bf0-4dda-aec3-cb9272f09590/resourceGroups/MC_rgps5168_kubeps8705_eastus/providers/Microsoft.Network/publicIPAddresses/f62c21cf-e226-400a-8bd9-dec299758900\"\r\n          }\r\n        ]\r\n      },\r\n      \"serviceCidr\": \"10.0.0.0/16\",\r\n      \"dnsServiceIP\": \"10.0.0.10\",\r\n      \"dockerBridgeCidr\": \"172.17.0.1/16\",\r\n      \"outboundType\": \"loadBalancer\",\r\n      \"serviceCidrs\": [\r\n        \"10.0.0.0/16\"\r\n      ],\r\n      \"ipFamilies\": [\r\n        \"IPv4\"\r\n      ]\r\n    },\r\n    \"maxAgentPools\": 100,\r\n    \"securityProfile\": {},\r\n    \"storageProfile\": {\r\n      \"diskCSIDriver\": {\r\n        \"enabled\": true\r\n      },\r\n      \"fileCSIDriver\": {\r\n        \"enabled\": true\r\n      },\r\n      \"snapshotController\": {\r\n        \"enabled\": true\r\n      }\r\n    },\r\n    \"oidcIssuerProfile\": {\r\n      \"enabled\": false\r\n    }\r\n  },\r\n  \"sku\": {\r\n    \"name\": \"Basic\",\r\n    \"tier\": \"Free\"\r\n  }\r\n}",
      "StatusCode": 200
    },
    {
      "RequestUri": "/subscriptions/0b1f6471-1bf0-4dda-aec3-cb9272f09590/resourceGroups/rgps5168/providers/Microsoft.ContainerService/managedClusters/kubeps8705?api-version=2022-09-01",
      "EncodedRequestUri": "L3N1YnNjcmlwdGlvbnMvMGIxZjY0NzEtMWJmMC00ZGRhLWFlYzMtY2I5MjcyZjA5NTkwL3Jlc291cmNlR3JvdXBzL3JncHM1MTY4L3Byb3ZpZGVycy9NaWNyb3NvZnQuQ29udGFpbmVyU2VydmljZS9tYW5hZ2VkQ2x1c3RlcnMva3ViZXBzODcwNT9hcGktdmVyc2lvbj0yMDIyLTA5LTAx",
      "RequestMethod": "GET",
      "RequestHeaders": {
        "x-ms-client-request-id": [
          "7ab34340-62ff-4b8c-b05e-929004261f65"
        ],
        "Accept-Language": [
          "en-US"
        ],
        "User-Agent": [
          "FxVersion/4.700.22.51102",
          "OSName/Windows",
          "OSVersion/Microsoft.Windows.10.0.22621",
          "Microsoft.Azure.Management.ContainerService.ContainerServiceClient/5.0.0"
        ]
      },
      "RequestBody": "",
      "ResponseHeaders": {
        "Cache-Control": [
          "no-cache"
        ],
        "Pragma": [
          "no-cache"
        ],
        "x-ms-routing-request-id": [
          "SOUTHEASTASIA:20221130T070121Z:1353b88a-ca1e-461d-9e35-5323b0d55b17"
        ],
        "x-ms-ratelimit-remaining-subscription-reads": [
          "11999"
        ],
        "x-ms-correlation-request-id": [
          "1353b88a-ca1e-461d-9e35-5323b0d55b17"
        ],
        "x-ms-request-id": [
          "b6ea68ea-30d9-451e-bcea-cb84964e6399"
        ],
        "Strict-Transport-Security": [
          "max-age=31536000; includeSubDomains"
        ],
        "X-Content-Type-Options": [
          "nosniff"
        ],
        "Server": [
          "nginx"
        ],
        "Date": [
          "Wed, 30 Nov 2022 07:01:20 GMT"
        ],
        "Content-Length": [
          "3399"
        ],
        "Content-Type": [
          "application/json"
        ],
        "Expires": [
          "-1"
        ]
      },
      "ResponseBody": "{\r\n  \"id\": \"/subscriptions/0b1f6471-1bf0-4dda-aec3-cb9272f09590/resourcegroups/rgps5168/providers/Microsoft.ContainerService/managedClusters/kubeps8705\",\r\n  \"location\": \"eastus\",\r\n  \"name\": \"kubeps8705\",\r\n  \"type\": \"Microsoft.ContainerService/ManagedClusters\",\r\n  \"properties\": {\r\n    \"provisioningState\": \"Succeeded\",\r\n    \"powerState\": {\r\n      \"code\": \"Running\"\r\n    },\r\n    \"kubernetesVersion\": \"1.23.12\",\r\n    \"currentKubernetesVersion\": \"1.23.12\",\r\n    \"dnsPrefix\": \"kubep0b1f\",\r\n    \"fqdn\": \"kubep0b1f-afdebae4.hcp.eastus.azmk8s.io\",\r\n    \"azurePortalFQDN\": \"kubep0b1f-afdebae4.portal.hcp.eastus.azmk8s.io\",\r\n    \"agentPoolProfiles\": [\r\n      {\r\n        \"name\": \"default\",\r\n        \"count\": 1,\r\n        \"vmSize\": \"Standard_D2_v5\",\r\n        \"osDiskSizeGB\": 128,\r\n        \"osDiskType\": \"Managed\",\r\n        \"kubeletDiskType\": \"OS\",\r\n        \"maxPods\": 30,\r\n        \"type\": \"VirtualMachineScaleSets\",\r\n        \"provisioningState\": \"Succeeded\",\r\n        \"powerState\": {\r\n          \"code\": \"Running\"\r\n        },\r\n        \"orchestratorVersion\": \"1.23.12\",\r\n        \"currentOrchestratorVersion\": \"1.23.12\",\r\n        \"mode\": \"System\",\r\n        \"enableEncryptionAtHost\": true,\r\n        \"osType\": \"Linux\",\r\n        \"osSKU\": \"Ubuntu\",\r\n        \"nodeImageVersion\": \"AKSUbuntu-1804gen2containerd-2022.11.02\",\r\n        \"enableFIPS\": false\r\n      }\r\n    ],\r\n    \"linuxProfile\": {\r\n      \"adminUsername\": \"azureuser\",\r\n      \"ssh\": {\r\n        \"publicKeys\": [\r\n          {\r\n            \"keyData\": \"ssh-rsa AAAAB3NzaC1yc2EAAAADAQABAAACAQChy6cYuI2+AoUycYdObeb45hTY5N46KTuCyy7Ln6Sg+xOoC0RyEAOmLzAWUjYCgbgCuJyOWR7HUz8vGz9guxpeb6kKroXVU20/ZA7fdE8OLU/86aCWZJkBuDJpbmPZsuVwjBJ2sQClmyR+UESLmi+pHLF/QGC55sNh00kdLOpzJLFnkb7nkTWQZ25sWqzr/gmrAx5Pvn6fb6PzTgFKNjKyU2XvJQUpy0iXY1jCJd+0fMzbFDR44izuR+Y9FZ8H2abyARd/ujVYTY8S90ICW7J2eZFQPe8uCfhAjaMlHcQpAjQn/1+h21hJM51UckW1z1XptJZAYWr1IJHTp5B9KfKI/C+4EkcILlPGeqvoZlOCWPYiu6LetiWAf7I9TMfVbBmdl6tPt37Dene7rmHAOIcviskzSmFs7ajjLnOMLDp1GDDfBUntu+VOMHZo09AqOdXva5Qij+YMU1T/xd8cMPvEK7NPmp9E4T5kl+jy+zQxcP3w+niPEtI6w8uYM+vznq5g5nu1WGFT8hG+CprOnB/OzrZsJPMkWzg6cCiQ2nkBM1tjNxA0XHm665fg3OjqRhnXRMorEHri6T+0huUis6CY7Kbu5r1S4yll/eXhBLB6MNvqmeEHpwuGbEksSwjCCNBi812vOaYJ3ZIcSmgiafTDok9bsIEGj9xhNhiCV0Gklw== devigned@msft.com\\r\\n\"\r\n          }\r\n        ]\r\n      }\r\n    },\r\n    \"windowsProfile\": {\r\n      \"adminUsername\": \"azureuser\",\r\n      \"enableCSIProxy\": true\r\n    },\r\n    \"servicePrincipalProfile\": {\r\n      \"clientId\": \"74be032e-9cbe-4a2d-b1ab-c6beee96a311\"\r\n    },\r\n    \"nodeResourceGroup\": \"MC_rgps5168_kubeps8705_eastus\",\r\n    \"enableRBAC\": true,\r\n    \"networkProfile\": {\r\n      \"networkPlugin\": \"azure\",\r\n      \"loadBalancerSku\": \"Standard\",\r\n      \"loadBalancerProfile\": {\r\n        \"managedOutboundIPs\": {\r\n          \"count\": 1\r\n        },\r\n        \"effectiveOutboundIPs\": [\r\n          {\r\n            \"id\": \"/subscriptions/0b1f6471-1bf0-4dda-aec3-cb9272f09590/resourceGroups/MC_rgps5168_kubeps8705_eastus/providers/Microsoft.Network/publicIPAddresses/f62c21cf-e226-400a-8bd9-dec299758900\"\r\n          }\r\n        ]\r\n      },\r\n      \"serviceCidr\": \"10.0.0.0/16\",\r\n      \"dnsServiceIP\": \"10.0.0.10\",\r\n      \"dockerBridgeCidr\": \"172.17.0.1/16\",\r\n      \"outboundType\": \"loadBalancer\",\r\n      \"serviceCidrs\": [\r\n        \"10.0.0.0/16\"\r\n      ],\r\n      \"ipFamilies\": [\r\n        \"IPv4\"\r\n      ]\r\n    },\r\n    \"maxAgentPools\": 100,\r\n    \"securityProfile\": {},\r\n    \"storageProfile\": {\r\n      \"diskCSIDriver\": {\r\n        \"enabled\": true\r\n      },\r\n      \"fileCSIDriver\": {\r\n        \"enabled\": true\r\n      },\r\n      \"snapshotController\": {\r\n        \"enabled\": true\r\n      }\r\n    },\r\n    \"oidcIssuerProfile\": {\r\n      \"enabled\": false\r\n    }\r\n  },\r\n  \"sku\": {\r\n    \"name\": \"Basic\",\r\n    \"tier\": \"Free\"\r\n  }\r\n}",
      "StatusCode": 200
    },
    {
      "RequestUri": "/subscriptions/0b1f6471-1bf0-4dda-aec3-cb9272f09590/resourceGroups/rgps5168/providers/Microsoft.ContainerService/managedClusters/kubeps8705?api-version=2022-09-01",
      "EncodedRequestUri": "L3N1YnNjcmlwdGlvbnMvMGIxZjY0NzEtMWJmMC00ZGRhLWFlYzMtY2I5MjcyZjA5NTkwL3Jlc291cmNlR3JvdXBzL3JncHM1MTY4L3Byb3ZpZGVycy9NaWNyb3NvZnQuQ29udGFpbmVyU2VydmljZS9tYW5hZ2VkQ2x1c3RlcnMva3ViZXBzODcwNT9hcGktdmVyc2lvbj0yMDIyLTA5LTAx",
      "RequestMethod": "GET",
      "RequestHeaders": {
        "x-ms-client-request-id": [
          "99fdf23c-86ac-45fb-bcf5-68b64650bb86"
        ],
        "Accept-Language": [
          "en-US"
        ],
        "User-Agent": [
          "FxVersion/4.700.22.51102",
          "OSName/Windows",
          "OSVersion/Microsoft.Windows.10.0.22621",
          "Microsoft.Azure.Management.ContainerService.ContainerServiceClient/5.0.0"
        ]
      },
      "RequestBody": "",
      "ResponseHeaders": {
        "Cache-Control": [
          "no-cache"
        ],
        "Pragma": [
          "no-cache"
        ],
        "x-ms-routing-request-id": [
          "SOUTHEASTASIA:20221130T070513Z:09efc13a-95df-4fc1-8163-0606488f8e65"
        ],
        "x-ms-ratelimit-remaining-subscription-reads": [
          "11999"
        ],
        "x-ms-correlation-request-id": [
          "09efc13a-95df-4fc1-8163-0606488f8e65"
        ],
        "x-ms-request-id": [
          "24f7d287-6920-44bd-a46f-f84352a70240"
        ],
        "Strict-Transport-Security": [
          "max-age=31536000; includeSubDomains"
        ],
        "X-Content-Type-Options": [
          "nosniff"
        ],
        "Server": [
          "nginx"
        ],
        "Date": [
          "Wed, 30 Nov 2022 07:05:12 GMT"
        ],
        "Content-Length": [
          "4038"
        ],
        "Content-Type": [
          "application/json"
        ],
        "Expires": [
          "-1"
        ]
      },
      "ResponseBody": "{\r\n  \"id\": \"/subscriptions/0b1f6471-1bf0-4dda-aec3-cb9272f09590/resourcegroups/rgps5168/providers/Microsoft.ContainerService/managedClusters/kubeps8705\",\r\n  \"location\": \"eastus\",\r\n  \"name\": \"kubeps8705\",\r\n  \"type\": \"Microsoft.ContainerService/ManagedClusters\",\r\n  \"properties\": {\r\n    \"provisioningState\": \"Succeeded\",\r\n    \"powerState\": {\r\n      \"code\": \"Running\"\r\n    },\r\n    \"kubernetesVersion\": \"1.23.12\",\r\n    \"currentKubernetesVersion\": \"1.23.12\",\r\n    \"dnsPrefix\": \"kubep0b1f\",\r\n    \"fqdn\": \"kubep0b1f-afdebae4.hcp.eastus.azmk8s.io\",\r\n    \"azurePortalFQDN\": \"kubep0b1f-afdebae4.portal.hcp.eastus.azmk8s.io\",\r\n    \"agentPoolProfiles\": [\r\n      {\r\n        \"name\": \"default\",\r\n        \"count\": 1,\r\n        \"vmSize\": \"Standard_D2_v5\",\r\n        \"osDiskSizeGB\": 128,\r\n        \"osDiskType\": \"Managed\",\r\n        \"kubeletDiskType\": \"OS\",\r\n        \"maxPods\": 30,\r\n        \"type\": \"VirtualMachineScaleSets\",\r\n        \"provisioningState\": \"Succeeded\",\r\n        \"powerState\": {\r\n          \"code\": \"Running\"\r\n        },\r\n        \"orchestratorVersion\": \"1.23.12\",\r\n        \"currentOrchestratorVersion\": \"1.23.12\",\r\n        \"mode\": \"System\",\r\n        \"enableEncryptionAtHost\": true,\r\n        \"osType\": \"Linux\",\r\n        \"osSKU\": \"Ubuntu\",\r\n        \"nodeImageVersion\": \"AKSUbuntu-1804gen2containerd-2022.11.02\",\r\n        \"enableFIPS\": false\r\n      },\r\n      {\r\n        \"name\": \"pool2\",\r\n        \"count\": 1,\r\n        \"vmSize\": \"Standard_D2_v5\",\r\n        \"osDiskSizeGB\": 128,\r\n        \"osDiskType\": \"Managed\",\r\n        \"kubeletDiskType\": \"OS\",\r\n        \"maxPods\": 30,\r\n        \"type\": \"VirtualMachineScaleSets\",\r\n        \"scaleDownMode\": \"Delete\",\r\n        \"provisioningState\": \"Succeeded\",\r\n        \"powerState\": {\r\n          \"code\": \"Running\"\r\n        },\r\n        \"orchestratorVersion\": \"1.23.12\",\r\n        \"currentOrchestratorVersion\": \"1.23.12\",\r\n        \"mode\": \"User\",\r\n        \"enableEncryptionAtHost\": true,\r\n        \"osType\": \"Linux\",\r\n        \"osSKU\": \"Ubuntu\",\r\n        \"nodeImageVersion\": \"AKSUbuntu-1804gen2containerd-2022.11.02\",\r\n        \"enableFIPS\": false\r\n      }\r\n    ],\r\n    \"linuxProfile\": {\r\n      \"adminUsername\": \"azureuser\",\r\n      \"ssh\": {\r\n        \"publicKeys\": [\r\n          {\r\n            \"keyData\": \"ssh-rsa AAAAB3NzaC1yc2EAAAADAQABAAACAQChy6cYuI2+AoUycYdObeb45hTY5N46KTuCyy7Ln6Sg+xOoC0RyEAOmLzAWUjYCgbgCuJyOWR7HUz8vGz9guxpeb6kKroXVU20/ZA7fdE8OLU/86aCWZJkBuDJpbmPZsuVwjBJ2sQClmyR+UESLmi+pHLF/QGC55sNh00kdLOpzJLFnkb7nkTWQZ25sWqzr/gmrAx5Pvn6fb6PzTgFKNjKyU2XvJQUpy0iXY1jCJd+0fMzbFDR44izuR+Y9FZ8H2abyARd/ujVYTY8S90ICW7J2eZFQPe8uCfhAjaMlHcQpAjQn/1+h21hJM51UckW1z1XptJZAYWr1IJHTp5B9KfKI/C+4EkcILlPGeqvoZlOCWPYiu6LetiWAf7I9TMfVbBmdl6tPt37Dene7rmHAOIcviskzSmFs7ajjLnOMLDp1GDDfBUntu+VOMHZo09AqOdXva5Qij+YMU1T/xd8cMPvEK7NPmp9E4T5kl+jy+zQxcP3w+niPEtI6w8uYM+vznq5g5nu1WGFT8hG+CprOnB/OzrZsJPMkWzg6cCiQ2nkBM1tjNxA0XHm665fg3OjqRhnXRMorEHri6T+0huUis6CY7Kbu5r1S4yll/eXhBLB6MNvqmeEHpwuGbEksSwjCCNBi812vOaYJ3ZIcSmgiafTDok9bsIEGj9xhNhiCV0Gklw== devigned@msft.com\\r\\n\"\r\n          }\r\n        ]\r\n      }\r\n    },\r\n    \"windowsProfile\": {\r\n      \"adminUsername\": \"azureuser\",\r\n      \"enableCSIProxy\": true\r\n    },\r\n    \"servicePrincipalProfile\": {\r\n      \"clientId\": \"74be032e-9cbe-4a2d-b1ab-c6beee96a311\"\r\n    },\r\n    \"nodeResourceGroup\": \"MC_rgps5168_kubeps8705_eastus\",\r\n    \"enableRBAC\": true,\r\n    \"networkProfile\": {\r\n      \"networkPlugin\": \"azure\",\r\n      \"loadBalancerSku\": \"Standard\",\r\n      \"loadBalancerProfile\": {\r\n        \"managedOutboundIPs\": {\r\n          \"count\": 1\r\n        },\r\n        \"effectiveOutboundIPs\": [\r\n          {\r\n            \"id\": \"/subscriptions/0b1f6471-1bf0-4dda-aec3-cb9272f09590/resourceGroups/MC_rgps5168_kubeps8705_eastus/providers/Microsoft.Network/publicIPAddresses/f62c21cf-e226-400a-8bd9-dec299758900\"\r\n          }\r\n        ]\r\n      },\r\n      \"serviceCidr\": \"10.0.0.0/16\",\r\n      \"dnsServiceIP\": \"10.0.0.10\",\r\n      \"dockerBridgeCidr\": \"172.17.0.1/16\",\r\n      \"outboundType\": \"loadBalancer\",\r\n      \"serviceCidrs\": [\r\n        \"10.0.0.0/16\"\r\n      ],\r\n      \"ipFamilies\": [\r\n        \"IPv4\"\r\n      ]\r\n    },\r\n    \"maxAgentPools\": 100,\r\n    \"securityProfile\": {},\r\n    \"storageProfile\": {\r\n      \"diskCSIDriver\": {\r\n        \"enabled\": true\r\n      },\r\n      \"fileCSIDriver\": {\r\n        \"enabled\": true\r\n      },\r\n      \"snapshotController\": {\r\n        \"enabled\": true\r\n      }\r\n    },\r\n    \"oidcIssuerProfile\": {\r\n      \"enabled\": false\r\n    }\r\n  },\r\n  \"sku\": {\r\n    \"name\": \"Basic\",\r\n    \"tier\": \"Free\"\r\n  }\r\n}",
      "StatusCode": 200
    },
    {
      "RequestUri": "/subscriptions/0b1f6471-1bf0-4dda-aec3-cb9272f09590/resourcegroups/rgps5168?api-version=2016-09-01",
      "EncodedRequestUri": "L3N1YnNjcmlwdGlvbnMvMGIxZjY0NzEtMWJmMC00ZGRhLWFlYzMtY2I5MjcyZjA5NTkwL3Jlc291cmNlZ3JvdXBzL3JncHM1MTY4P2FwaS12ZXJzaW9uPTIwMTYtMDktMDE=",
      "RequestMethod": "GET",
      "RequestHeaders": {
        "x-ms-client-request-id": [
          "beeb5927-1b66-47ff-b6e7-091714605315"
        ],
        "Accept-Language": [
          "en-US"
        ],
        "User-Agent": [
          "FxVersion/4.700.22.51102",
          "OSName/Windows",
          "OSVersion/Microsoft.Windows.10.0.22621",
          "Microsoft.Azure.Management.Internal.Resources.ResourceManagementClient/1.3.65"
        ]
      },
      "RequestBody": "",
      "ResponseHeaders": {
        "Cache-Control": [
          "no-cache"
        ],
        "Pragma": [
          "no-cache"
        ],
        "x-ms-ratelimit-remaining-subscription-reads": [
          "11999"
        ],
        "x-ms-request-id": [
          "5d63fd95-0850-4d31-915e-5c13b60da979"
        ],
        "x-ms-correlation-request-id": [
          "5d63fd95-0850-4d31-915e-5c13b60da979"
        ],
        "x-ms-routing-request-id": [
          "SOUTHEASTASIA:20221130T065735Z:5d63fd95-0850-4d31-915e-5c13b60da979"
        ],
        "Strict-Transport-Security": [
          "max-age=31536000; includeSubDomains"
        ],
        "X-Content-Type-Options": [
          "nosniff"
        ],
        "Date": [
          "Wed, 30 Nov 2022 06:57:34 GMT"
        ],
        "Content-Type": [
          "application/json; charset=utf-8"
        ],
        "Expires": [
          "-1"
        ],
        "Content-Length": [
          "221"
        ]
      },
      "ResponseBody": "{\r\n  \"id\": \"/subscriptions/0b1f6471-1bf0-4dda-aec3-cb9272f09590/resourceGroups/rgps5168\",\r\n  \"name\": \"rgps5168\",\r\n  \"location\": \"eastus\",\r\n  \"tags\": {\r\n    \"StorageType\": \"Standard_LRS\",\r\n    \"type\": \"test\"\r\n  },\r\n  \"properties\": {\r\n    \"provisioningState\": \"Succeeded\"\r\n  }\r\n}",
      "StatusCode": 200
    },
    {
      "RequestUri": "/subscriptions/0b1f6471-1bf0-4dda-aec3-cb9272f09590/providers/Microsoft.ContainerService?api-version=2016-09-01",
      "EncodedRequestUri": "L3N1YnNjcmlwdGlvbnMvMGIxZjY0NzEtMWJmMC00ZGRhLWFlYzMtY2I5MjcyZjA5NTkwL3Byb3ZpZGVycy9NaWNyb3NvZnQuQ29udGFpbmVyU2VydmljZT9hcGktdmVyc2lvbj0yMDE2LTA5LTAx",
      "RequestMethod": "GET",
      "RequestHeaders": {
        "x-ms-client-request-id": [
          "beeb5927-1b66-47ff-b6e7-091714605315"
        ],
        "Accept-Language": [
          "en-US"
        ],
        "User-Agent": [
          "FxVersion/4.700.22.51102",
          "OSName/Windows",
          "OSVersion/Microsoft.Windows.10.0.22621",
          "Microsoft.Azure.Management.Internal.Resources.ResourceManagementClient/1.3.65"
        ]
      },
      "RequestBody": "",
      "ResponseHeaders": {
        "Cache-Control": [
          "no-cache"
        ],
        "Pragma": [
          "no-cache"
        ],
        "x-ms-ratelimit-remaining-subscription-reads": [
          "11998"
        ],
        "x-ms-request-id": [
          "d674b29a-7b8e-4c2e-9fb0-6f945be63815"
        ],
        "x-ms-correlation-request-id": [
          "d674b29a-7b8e-4c2e-9fb0-6f945be63815"
        ],
        "x-ms-routing-request-id": [
          "SOUTHEASTASIA:20221130T065735Z:d674b29a-7b8e-4c2e-9fb0-6f945be63815"
        ],
        "Strict-Transport-Security": [
          "max-age=31536000; includeSubDomains"
        ],
        "X-Content-Type-Options": [
          "nosniff"
        ],
        "Date": [
          "Wed, 30 Nov 2022 06:57:34 GMT"
        ],
        "Content-Type": [
          "application/json; charset=utf-8"
        ],
        "Expires": [
          "-1"
        ],
        "Content-Length": [
          "14500"
        ]
      },
      "ResponseBody": "{\r\n  \"id\": \"/subscriptions/0b1f6471-1bf0-4dda-aec3-cb9272f09590/providers/Microsoft.ContainerService\",\r\n  \"namespace\": \"Microsoft.ContainerService\",\r\n  \"authorizations\": [\r\n    {\r\n      \"applicationId\": \"7319c514-987d-4e9b-ac3d-d38c4f427f4c\",\r\n      \"roleDefinitionId\": \"1b4a0c7f-2217-416f-acfa-cf73452fdc1c\",\r\n      \"managedByRoleDefinitionId\": \"9e3af657-a8ff-583c-a75c-2fe7c4bcb635\",\r\n      \"managedByAuthorization\": {\r\n        \"allowManagedByInheritance\": true\r\n      }\r\n    },\r\n    {\r\n      \"applicationId\": \"6dae42f8-4368-4678-94ff-3960e28e3630\",\r\n      \"roleDefinitionId\": \"831388fc-33b1-4dd1-b64c-40fdcaf96654\"\r\n    }\r\n  ],\r\n  \"resourceTypes\": [\r\n    {\r\n      \"resourceType\": \"ManagedClusters/eventGridFilters\",\r\n      \"locations\": [\r\n        \"Australia Central\",\r\n        \"Australia Central 2\",\r\n        \"Australia East\",\r\n        \"Australia Southeast\",\r\n        \"Brazil South\",\r\n        \"Brazil Southeast\",\r\n        \"Canada Central\",\r\n        \"Canada East\",\r\n        \"Central India\",\r\n        \"Central US\",\r\n        \"East Asia\",\r\n        \"East US\",\r\n        \"East US 2\",\r\n        \"France Central\",\r\n        \"France South\",\r\n        \"Germany North\",\r\n        \"Germany West Central\",\r\n        \"Japan East\",\r\n        \"Japan West\",\r\n        \"Jio India Central\",\r\n        \"Jio India West\",\r\n        \"Korea Central\",\r\n        \"Korea South\",\r\n        \"North Central US\",\r\n        \"North Europe\",\r\n        \"Norway East\",\r\n        \"Norway West\",\r\n        \"Qatar Central\",\r\n        \"South Africa North\",\r\n        \"South Central US\",\r\n        \"Southeast Asia\",\r\n        \"South India\",\r\n        \"Sweden Central\",\r\n        \"Switzerland North\",\r\n        \"Switzerland West\",\r\n        \"UAE Central\",\r\n        \"UAE North\",\r\n        \"UK South\",\r\n        \"UK West\",\r\n        \"West Central US\",\r\n        \"West Europe\",\r\n        \"West US\",\r\n        \"West US 2\",\r\n        \"West US 3\",\r\n        \"Central US EUAP\",\r\n        \"East US 2 EUAP\"\r\n      ],\r\n      \"apiVersions\": [\r\n        \"2022-10-02-preview\",\r\n        \"2022-09-02-preview\",\r\n        \"2022-09-01\",\r\n        \"2022-08-03-preview\",\r\n        \"2022-08-02-preview\",\r\n        \"2022-08-01\",\r\n        \"2022-07-02-preview\",\r\n        \"2022-07-01\",\r\n        \"2022-06-02-preview\",\r\n        \"2022-06-01\",\r\n        \"2022-05-02-preview\",\r\n        \"2022-04-02-preview\",\r\n        \"2022-04-01\",\r\n        \"2022-03-02-preview\",\r\n        \"2022-03-01\",\r\n        \"2022-02-02-preview\",\r\n        \"2022-02-01\",\r\n        \"2022-01-02-preview\",\r\n        \"2022-01-01\",\r\n        \"2021-11-01-preview\",\r\n        \"2021-10-01\",\r\n        \"2021-09-01\",\r\n        \"2021-08-01\",\r\n        \"2021-07-01\",\r\n        \"2021-05-01\",\r\n        \"2021-03-01\",\r\n        \"2021-02-01\"\r\n      ]\r\n    },\r\n    {\r\n      \"resourceType\": \"containerServices\",\r\n      \"locations\": [\r\n        \"Australia East\",\r\n        \"Australia Southeast\",\r\n        \"Brazil South\",\r\n        \"Canada Central\",\r\n        \"Canada East\",\r\n        \"Central India\",\r\n        \"Central US\",\r\n        \"East Asia\",\r\n        \"East US\",\r\n        \"East US 2\",\r\n        \"Japan East\",\r\n        \"Japan West\",\r\n        \"Korea Central\",\r\n        \"Korea South\",\r\n        \"North Central US\",\r\n        \"North Europe\",\r\n        \"South Africa North\",\r\n        \"South Central US\",\r\n        \"Southeast Asia\",\r\n        \"South India\",\r\n        \"West India\",\r\n        \"UK South\",\r\n        \"UK West\",\r\n        \"West Central US\",\r\n        \"West Europe\",\r\n        \"West US\",\r\n        \"West US 2\",\r\n        \"East US 2 EUAP\"\r\n      ],\r\n      \"apiVersions\": [\r\n        \"2017-07-01\",\r\n        \"2017-01-31\",\r\n        \"2016-09-30\",\r\n        \"2016-03-30\"\r\n      ],\r\n      \"capabilities\": \"None\"\r\n    },\r\n    {\r\n      \"resourceType\": \"fleetMemberships\",\r\n      \"locations\": [\r\n        \"Australia Central\",\r\n        \"Australia Central 2\",\r\n        \"Australia East\",\r\n        \"Australia Southeast\",\r\n        \"Brazil South\",\r\n        \"Brazil Southeast\",\r\n        \"Canada Central\",\r\n        \"Canada East\",\r\n        \"Central India\",\r\n        \"Central US\",\r\n        \"East Asia\",\r\n        \"East US\",\r\n        \"East US 2\",\r\n        \"France Central\",\r\n        \"France South\",\r\n        \"Germany North\",\r\n        \"Germany West Central\",\r\n        \"Japan East\",\r\n        \"Japan West\",\r\n        \"Jio India Central\",\r\n        \"Jio India West\",\r\n        \"Korea Central\",\r\n        \"Korea South\",\r\n        \"North Central US\",\r\n        \"North Europe\",\r\n        \"Norway East\",\r\n        \"Norway West\",\r\n        \"Qatar Central\",\r\n        \"South Africa North\",\r\n        \"South Central US\",\r\n        \"Southeast Asia\",\r\n        \"South India\",\r\n        \"Sweden Central\",\r\n        \"Switzerland North\",\r\n        \"Switzerland West\",\r\n        \"UAE Central\",\r\n        \"UAE North\",\r\n        \"UK South\",\r\n        \"UK West\",\r\n        \"West Central US\",\r\n        \"West Europe\",\r\n        \"West US\",\r\n        \"West US 2\",\r\n        \"West US 3\",\r\n        \"Central US EUAP\",\r\n        \"East US 2 EUAP\"\r\n      ],\r\n      \"apiVersions\": [\r\n        \"2022-09-02-preview\",\r\n        \"2022-07-02-preview\",\r\n        \"2022-06-02-preview\"\r\n      ],\r\n      \"capabilities\": \"SupportsExtension\"\r\n    },\r\n    {\r\n      \"resourceType\": \"fleets\",\r\n      \"locations\": [\r\n        \"Australia Central\",\r\n        \"Australia Central 2\",\r\n        \"Australia East\",\r\n        \"Australia Southeast\",\r\n        \"Brazil South\",\r\n        \"Brazil Southeast\",\r\n        \"Canada Central\",\r\n        \"Canada East\",\r\n        \"Central India\",\r\n        \"Central US\",\r\n        \"East Asia\",\r\n        \"East US\",\r\n        \"East US 2\",\r\n        \"France Central\",\r\n        \"France South\",\r\n        \"Germany North\",\r\n        \"Germany West Central\",\r\n        \"Japan East\",\r\n        \"Japan West\",\r\n        \"Jio India Central\",\r\n        \"Jio India West\",\r\n        \"Korea Central\",\r\n        \"Korea South\",\r\n        \"North Central US\",\r\n        \"North Europe\",\r\n        \"Norway East\",\r\n        \"Norway West\",\r\n        \"Qatar Central\",\r\n        \"South Africa North\",\r\n        \"South Central US\",\r\n        \"Southeast Asia\",\r\n        \"South India\",\r\n        \"Sweden Central\",\r\n        \"Switzerland North\",\r\n        \"Switzerland West\",\r\n        \"UAE Central\",\r\n        \"UAE North\",\r\n        \"UK South\",\r\n        \"UK West\",\r\n        \"West Central US\",\r\n        \"West Europe\",\r\n        \"West US\",\r\n        \"West US 2\",\r\n        \"West US 3\",\r\n        \"Central US EUAP\",\r\n        \"East US 2 EUAP\"\r\n      ],\r\n      \"apiVersions\": [\r\n        \"2022-09-02-preview\",\r\n        \"2022-07-02-preview\",\r\n        \"2022-06-02-preview\"\r\n      ],\r\n      \"capabilities\": \"None\"\r\n    },\r\n    {\r\n      \"resourceType\": \"fleets/members\",\r\n      \"locations\": [\r\n        \"Australia Central\",\r\n        \"Australia Central 2\",\r\n        \"Australia East\",\r\n        \"Australia Southeast\",\r\n        \"Brazil South\",\r\n        \"Brazil Southeast\",\r\n        \"Canada Central\",\r\n        \"Canada East\",\r\n        \"Central India\",\r\n        \"Central US\",\r\n        \"East Asia\",\r\n        \"East US\",\r\n        \"East US 2\",\r\n        \"France Central\",\r\n        \"France South\",\r\n        \"Germany North\",\r\n        \"Germany West Central\",\r\n        \"Japan East\",\r\n        \"Japan West\",\r\n        \"Jio India Central\",\r\n        \"Jio India West\",\r\n        \"Korea Central\",\r\n        \"Korea South\",\r\n        \"North Central US\",\r\n        \"North Europe\",\r\n        \"Norway East\",\r\n        \"Norway West\",\r\n        \"Qatar Central\",\r\n        \"South Africa North\",\r\n        \"South Central US\",\r\n        \"Southeast Asia\",\r\n        \"South India\",\r\n        \"Sweden Central\",\r\n        \"Switzerland North\",\r\n        \"Switzerland West\",\r\n        \"UAE Central\",\r\n        \"UAE North\",\r\n        \"UK South\",\r\n        \"UK West\",\r\n        \"West Central US\",\r\n        \"West Europe\",\r\n        \"West US\",\r\n        \"West US 2\",\r\n        \"West US 3\",\r\n        \"Central US EUAP\",\r\n        \"East US 2 EUAP\"\r\n      ],\r\n      \"apiVersions\": [\r\n        \"2022-09-02-preview\",\r\n        \"2022-07-02-preview\",\r\n        \"2022-06-02-preview\"\r\n      ]\r\n    },\r\n    {\r\n      \"resourceType\": \"locations\",\r\n      \"locations\": [],\r\n      \"apiVersions\": [\r\n        \"2017-08-31\",\r\n        \"2017-01-31\",\r\n        \"2016-09-30\",\r\n        \"2016-03-30\",\r\n        \"2015-11-01-preview\"\r\n      ]\r\n    },\r\n    {\r\n      \"resourceType\": \"locations/notifyNetworkSecurityPerimeterUpdatesAvailable\",\r\n      \"locations\": [\r\n        \"Australia Central\",\r\n        \"Australia Central 2\",\r\n        \"Australia East\",\r\n        \"Australia Southeast\",\r\n        \"Brazil South\",\r\n        \"Brazil Southeast\",\r\n        \"Canada Central\",\r\n        \"Canada East\",\r\n        \"Central India\",\r\n        \"Central US\",\r\n        \"Central US EUAP\",\r\n        \"East Asia\",\r\n        \"East US\",\r\n        \"East US 2\",\r\n        \"East US 2 EUAP\",\r\n        \"France Central\",\r\n        \"France South\",\r\n        \"Germany North\",\r\n        \"Germany West Central\",\r\n        \"Japan East\",\r\n        \"Japan West\",\r\n        \"Jio India Central\",\r\n        \"Jio India West\",\r\n        \"Korea Central\",\r\n        \"Korea South\",\r\n        \"North Central US\",\r\n        \"North Europe\",\r\n        \"Norway East\",\r\n        \"Norway West\",\r\n        \"Qatar Central\",\r\n        \"South Africa North\",\r\n        \"South Central US\",\r\n        \"Southeast Asia\",\r\n        \"South India\",\r\n        \"Sweden Central\",\r\n        \"Switzerland North\",\r\n        \"Switzerland West\",\r\n        \"UAE Central\",\r\n        \"UAE North\",\r\n        \"UK South\",\r\n        \"UK West\",\r\n        \"West Central US\",\r\n        \"West Europe\",\r\n        \"West US\",\r\n        \"West US 2\",\r\n        \"West US 3\"\r\n      ],\r\n      \"apiVersions\": [\r\n        \"2022-10-02-preview\",\r\n        \"2022-09-02-preview\",\r\n        \"2022-08-03-preview\",\r\n        \"2022-08-02-preview\",\r\n        \"2022-07-02-preview\",\r\n        \"2022-03-01\"\r\n      ]\r\n    },\r\n    {\r\n      \"resourceType\": \"locations/operationresults\",\r\n      \"locations\": [\r\n        \"Australia Central\",\r\n        \"Australia Central 2\",\r\n        \"Australia East\",\r\n        \"Australia Southeast\",\r\n        \"Brazil South\",\r\n        \"Brazil Southeast\",\r\n        \"Canada Central\",\r\n        \"Canada East\",\r\n        \"Central India\",\r\n        \"Central US\",\r\n        \"East Asia\",\r\n        \"East US\",\r\n        \"East US 2\",\r\n        \"France Central\",\r\n        \"France South\",\r\n        \"Germany North\",\r\n        \"Germany West Central\",\r\n        \"Japan East\",\r\n        \"Japan West\",\r\n        \"Jio India Central\",\r\n        \"Jio India West\",\r\n        \"Korea Central\",\r\n        \"Korea South\",\r\n        \"North Central US\",\r\n        \"North Europe\",\r\n        \"Norway East\",\r\n        \"Norway West\",\r\n        \"Qatar Central\",\r\n        \"South Africa North\",\r\n        \"South Africa West\",\r\n        \"South Central US\",\r\n        \"Southeast Asia\",\r\n        \"South India\",\r\n        \"West India\",\r\n        \"Sweden Central\",\r\n        \"Switzerland North\",\r\n        \"Switzerland West\",\r\n        \"UAE Central\",\r\n        \"UAE North\",\r\n        \"UK South\",\r\n        \"UK West\",\r\n        \"West Central US\",\r\n        \"West Europe\",\r\n        \"West US\",\r\n        \"West US 2\",\r\n        \"West US 3\",\r\n        \"Central US EUAP\",\r\n        \"East US 2 EUAP\"\r\n      ],\r\n      \"apiVersions\": [\r\n        \"2017-08-31\",\r\n        \"2016-03-30\"\r\n      ]\r\n    },\r\n    {\r\n      \"resourceType\": \"locations/operations\",\r\n      \"locations\": [\r\n        \"Australia Central\",\r\n        \"Australia Central 2\",\r\n        \"Australia East\",\r\n        \"Australia Southeast\",\r\n        \"Brazil South\",\r\n        \"Brazil Southeast\",\r\n        \"Canada Central\",\r\n        \"Canada East\",\r\n        \"Central India\",\r\n        \"Central US\",\r\n        \"East Asia\",\r\n        \"East US\",\r\n        \"East US 2\",\r\n        \"France Central\",\r\n        \"France South\",\r\n        \"Germany North\",\r\n        \"Germany West Central\",\r\n        \"Japan East\",\r\n        \"Japan West\",\r\n        \"Jio India Central\",\r\n        \"Jio India West\",\r\n        \"Korea Central\",\r\n        \"Korea South\",\r\n        \"North Central US\",\r\n        \"North Europe\",\r\n        \"Norway East\",\r\n        \"Norway West\",\r\n        \"Qatar Central\",\r\n        \"South Africa North\",\r\n        \"South Africa West\",\r\n        \"South Central US\",\r\n        \"Southeast Asia\",\r\n        \"South India\",\r\n        \"West India\",\r\n        \"Sweden Central\",\r\n        \"Switzerland North\",\r\n        \"Switzerland West\",\r\n        \"UAE Central\",\r\n        \"UAE North\",\r\n        \"UK South\",\r\n        \"UK West\",\r\n        \"West Central US\",\r\n        \"West Europe\",\r\n        \"West US\",\r\n        \"West US 2\",\r\n        \"West US 3\",\r\n        \"Central US EUAP\",\r\n        \"East US 2 EUAP\"\r\n      ],\r\n      \"apiVersions\": [\r\n        \"2017-08-31\",\r\n        \"2016-03-30\"\r\n      ]\r\n    },\r\n    {\r\n      \"resourceType\": \"locations/orchestrators\",\r\n      \"locations\": [\r\n        \"Australia Central\",\r\n        \"Australia Central 2\",\r\n        \"Australia East\",\r\n        \"Australia Southeast\",\r\n        \"Brazil South\",\r\n        \"Brazil Southeast\",\r\n        \"Canada Central\",\r\n        \"Canada East\",\r\n        \"Central India\",\r\n        \"Central US\",\r\n        \"East Asia\",\r\n        \"East US\",\r\n        \"East US 2\",\r\n        \"France Central\",\r\n        \"France South\",\r\n        \"Germany North\",\r\n        \"Germany West Central\",\r\n        \"Japan East\",\r\n        \"Japan West\",\r\n        \"Jio India Central\",\r\n        \"Jio India West\",\r\n        \"Korea Central\",\r\n        \"Korea South\",\r\n        \"North Central US\",\r\n        \"North Europe\",\r\n        \"Norway East\",\r\n        \"Norway West\",\r\n        \"Qatar Central\",\r\n        \"South Africa North\",\r\n        \"South Africa West\",\r\n        \"South Central US\",\r\n        \"Southeast Asia\",\r\n        \"South India\",\r\n        \"Sweden Central\",\r\n        \"Switzerland North\",\r\n        \"Switzerland West\",\r\n        \"UAE Central\",\r\n        \"UAE North\",\r\n        \"UK South\",\r\n        \"UK West\",\r\n        \"West Central US\",\r\n        \"West Europe\",\r\n        \"West US\",\r\n        \"West US 2\",\r\n        \"West US 3\",\r\n        \"Central US EUAP\",\r\n        \"East US 2 EUAP\"\r\n      ],\r\n      \"apiVersions\": [\r\n        \"2022-10-02-preview\",\r\n        \"2022-09-02-preview\",\r\n        \"2022-09-01\",\r\n        \"2022-08-03-preview\",\r\n        \"2022-08-02-preview\",\r\n        \"2022-08-01\",\r\n        \"2022-07-02-preview\",\r\n        \"2022-07-01\",\r\n        \"2022-06-02-preview\",\r\n        \"2022-06-01\",\r\n        \"2022-05-02-preview\",\r\n        \"2022-04-02-preview\",\r\n        \"2022-04-01\",\r\n        \"2022-03-02-preview\",\r\n        \"2022-03-01\",\r\n        \"2022-02-02-preview\",\r\n        \"2022-02-01\",\r\n        \"2022-01-02-preview\",\r\n        \"2022-01-01\",\r\n        \"2021-11-01-preview\",\r\n        \"2021-10-01\",\r\n        \"2021-09-01\",\r\n        \"2021-08-01\",\r\n        \"2021-07-01\",\r\n        \"2021-05-01\",\r\n        \"2021-03-01\",\r\n        \"2021-02-01\",\r\n        \"2020-12-01\",\r\n        \"2020-11-01\",\r\n        \"2020-09-01\",\r\n        \"2020-07-01\",\r\n        \"2020-06-01\",\r\n        \"2020-04-01\",\r\n        \"2020-03-01\",\r\n        \"2020-02-01\",\r\n        \"2020-01-01\",\r\n        \"2019-11-01\",\r\n        \"2019-10-01\",\r\n        \"2019-08-01\",\r\n        \"2019-06-01\",\r\n        \"2019-04-01\",\r\n        \"2017-09-30\"\r\n      ]\r\n    },\r\n    {\r\n      \"resourceType\": \"locations/osOptions\",\r\n      \"locations\": [\r\n        \"Australia Central\",\r\n        \"Australia Central 2\",\r\n        \"Australia East\",\r\n        \"Australia Southeast\",\r\n        \"Brazil South\",\r\n        \"Brazil Southeast\",\r\n        \"Canada Central\",\r\n        \"Canada East\",\r\n        \"Central India\",\r\n        \"Central US\",\r\n        \"East Asia\",\r\n        \"East US\",\r\n        \"East US 2\",\r\n        \"France Central\",\r\n        \"France South\",\r\n        \"Germany North\",\r\n        \"Germany West Central\",\r\n        \"Japan East\",\r\n        \"Japan West\",\r\n        \"Jio India Central\",\r\n        \"Jio India West\",\r\n        \"Korea Central\",\r\n        \"Korea South\",\r\n        \"North Central US\",\r\n        \"North Europe\",\r\n        \"Norway East\",\r\n        \"Norway West\",\r\n        \"Qatar Central\",\r\n        \"South Africa North\",\r\n        \"South Africa West\",\r\n        \"South Central US\",\r\n        \"Southeast Asia\",\r\n        \"South India\",\r\n        \"Sweden Central\",\r\n        \"Switzerland North\",\r\n        \"Switzerland West\",\r\n        \"UAE Central\",\r\n        \"UAE North\",\r\n        \"UK South\",\r\n        \"UK West\",\r\n        \"West Central US\",\r\n        \"West Europe\",\r\n        \"West US\",\r\n        \"West US 2\",\r\n        \"West US 3\",\r\n        \"Central US EUAP\",\r\n        \"East US 2 EUAP\"\r\n      ],\r\n      \"apiVersions\": [\r\n        \"2022-10-02-preview\",\r\n        \"2022-09-02-preview\",\r\n        \"2022-09-01\",\r\n        \"2022-08-03-preview\",\r\n        \"2022-08-02-preview\",\r\n        \"2022-08-01\",\r\n        \"2022-07-02-preview\",\r\n        \"2022-07-01\",\r\n        \"2022-06-02-preview\",\r\n        \"2022-06-01\",\r\n        \"2022-05-02-preview\",\r\n        \"2022-04-02-preview\",\r\n        \"2022-04-01\",\r\n        \"2022-03-02-preview\",\r\n        \"2022-03-01\",\r\n        \"2022-02-02-preview\",\r\n        \"2022-02-01\",\r\n        \"2022-01-02-preview\",\r\n        \"2022-01-01\",\r\n        \"2021-11-01-preview\",\r\n        \"2021-10-01\",\r\n        \"2021-09-01\",\r\n        \"2021-08-01\",\r\n        \"2021-07-01\",\r\n        \"2021-05-01\",\r\n        \"2021-03-01\"\r\n      ]\r\n    },\r\n    {\r\n      \"resourceType\": \"managedClusters\",\r\n      \"locations\": [\r\n        \"Australia Central\",\r\n        \"Australia Central 2\",\r\n        \"Australia East\",\r\n        \"Australia Southeast\",\r\n        \"Brazil South\",\r\n        \"Brazil Southeast\",\r\n        \"Canada Central\",\r\n        \"Canada East\",\r\n        \"Central India\",\r\n        \"Central US\",\r\n        \"East Asia\",\r\n        \"East US\",\r\n        \"East US 2\",\r\n        \"France Central\",\r\n        \"France South\",\r\n        \"Germany North\",\r\n        \"Germany West Central\",\r\n        \"Japan East\",\r\n        \"Japan West\",\r\n        \"Jio India Central\",\r\n        \"Jio India West\",\r\n        \"Korea Central\",\r\n        \"Korea South\",\r\n        \"North Central US\",\r\n        \"North Europe\",\r\n        \"Norway East\",\r\n        \"Norway West\",\r\n        \"Qatar Central\",\r\n        \"South Africa North\",\r\n        \"South Central US\",\r\n        \"Southeast Asia\",\r\n        \"South India\",\r\n        \"Sweden Central\",\r\n        \"Switzerland North\",\r\n        \"Switzerland West\",\r\n        \"UAE Central\",\r\n        \"UAE North\",\r\n        \"UK South\",\r\n        \"UK West\",\r\n        \"West Central US\",\r\n        \"West Europe\",\r\n        \"West US\",\r\n        \"West US 2\",\r\n        \"West US 3\",\r\n        \"Central US EUAP\",\r\n        \"East US 2 EUAP\"\r\n      ],\r\n      \"apiVersions\": [\r\n        \"2022-10-02-preview\",\r\n        \"2022-09-02-preview\",\r\n        \"2022-09-01\",\r\n        \"2022-08-03-preview\",\r\n        \"2022-08-02-preview\",\r\n        \"2022-08-01\",\r\n        \"2022-07-02-preview\",\r\n        \"2022-07-01\",\r\n        \"2022-06-02-preview\",\r\n        \"2022-06-01\",\r\n        \"2022-05-02-preview\",\r\n        \"2022-04-02-preview\",\r\n        \"2022-04-01\",\r\n        \"2022-03-02-preview\",\r\n        \"2022-03-01\",\r\n        \"2022-02-02-preview\",\r\n        \"2022-02-01\",\r\n        \"2022-01-02-preview\",\r\n        \"2022-01-01\",\r\n        \"2021-11-01-preview\",\r\n        \"2021-10-01\",\r\n        \"2021-09-01\",\r\n        \"2021-08-01\",\r\n        \"2021-07-01\",\r\n        \"2021-05-01\",\r\n        \"2021-03-01\",\r\n        \"2021-02-01\",\r\n        \"2020-12-01\",\r\n        \"2020-11-01\",\r\n        \"2020-09-01\",\r\n        \"2020-07-01\",\r\n        \"2020-06-01\",\r\n        \"2020-04-01\",\r\n        \"2020-03-01\",\r\n        \"2020-02-01\",\r\n        \"2020-01-01\",\r\n        \"2019-11-01\",\r\n        \"2019-10-01\",\r\n        \"2019-08-01\",\r\n        \"2019-06-01\",\r\n        \"2019-04-01\",\r\n        \"2019-02-01\",\r\n        \"2018-08-01-preview\",\r\n        \"2018-03-31\",\r\n        \"2017-08-31\"\r\n      ],\r\n      \"capabilities\": \"SystemAssignedResourceIdentity\"\r\n    },\r\n    {\r\n      \"resourceType\": \"managedclustersnapshots\",\r\n      \"locations\": [\r\n        \"Australia Central\",\r\n        \"Australia Central 2\",\r\n        \"Australia East\",\r\n        \"Australia Southeast\",\r\n        \"Brazil South\",\r\n        \"Brazil Southeast\",\r\n        \"Canada Central\",\r\n        \"Canada East\",\r\n        \"Central India\",\r\n        \"Central US\",\r\n        \"East Asia\",\r\n        \"East US\",\r\n        \"East US 2\",\r\n        \"France Central\",\r\n        \"France South\",\r\n        \"Germany North\",\r\n        \"Germany West Central\",\r\n        \"Japan East\",\r\n        \"Japan West\",\r\n        \"Jio India Central\",\r\n        \"Jio India West\",\r\n        \"Korea Central\",\r\n        \"Korea South\",\r\n        \"North Central US\",\r\n        \"North Europe\",\r\n        \"Norway East\",\r\n        \"Norway West\",\r\n        \"Qatar Central\",\r\n        \"South Africa North\",\r\n        \"South Central US\",\r\n        \"Southeast Asia\",\r\n        \"South India\",\r\n        \"Sweden Central\",\r\n        \"Switzerland North\",\r\n        \"Switzerland West\",\r\n        \"UAE Central\",\r\n        \"UAE North\",\r\n        \"UK South\",\r\n        \"UK West\",\r\n        \"West Central US\",\r\n        \"West Europe\",\r\n        \"West US\",\r\n        \"West US 2\",\r\n        \"West US 3\",\r\n        \"Central US EUAP\",\r\n        \"East US 2 EUAP\"\r\n      ],\r\n      \"apiVersions\": [\r\n        \"2022-10-02-preview\",\r\n        \"2022-09-02-preview\",\r\n        \"2022-08-03-preview\",\r\n        \"2022-08-02-preview\",\r\n        \"2022-07-02-preview\",\r\n        \"2022-06-02-preview\",\r\n        \"2022-05-02-preview\",\r\n        \"2022-04-02-preview\",\r\n        \"2022-03-02-preview\",\r\n        \"2022-02-02-preview\"\r\n      ],\r\n      \"capabilities\": \"SystemAssignedResourceIdentity\"\r\n    },\r\n    {\r\n      \"resourceType\": \"operations\",\r\n      \"locations\": [],\r\n      \"apiVersions\": [\r\n        \"2018-10-31\",\r\n        \"2018-03-31\",\r\n        \"2017-08-31\",\r\n        \"2017-07-01\",\r\n        \"2017-01-31\",\r\n        \"2016-09-30\",\r\n        \"2016-03-30\",\r\n        \"2015-11-01-preview\"\r\n      ]\r\n    },\r\n    {\r\n      \"resourceType\": \"snapshots\",\r\n      \"locations\": [\r\n        \"Australia Central\",\r\n        \"Australia Central 2\",\r\n        \"Australia East\",\r\n        \"Australia Southeast\",\r\n        \"Brazil South\",\r\n        \"Brazil Southeast\",\r\n        \"Canada Central\",\r\n        \"Canada East\",\r\n        \"Central India\",\r\n        \"Central US\",\r\n        \"East Asia\",\r\n        \"East US\",\r\n        \"East US 2\",\r\n        \"France Central\",\r\n        \"France South\",\r\n        \"Germany North\",\r\n        \"Germany West Central\",\r\n        \"Japan East\",\r\n        \"Japan West\",\r\n        \"Jio India Central\",\r\n        \"Jio India West\",\r\n        \"Korea Central\",\r\n        \"Korea South\",\r\n        \"North Central US\",\r\n        \"North Europe\",\r\n        \"Norway East\",\r\n        \"Norway West\",\r\n        \"Qatar Central\",\r\n        \"South Africa North\",\r\n        \"South Africa West\",\r\n        \"South Central US\",\r\n        \"Southeast Asia\",\r\n        \"South India\",\r\n        \"Sweden Central\",\r\n        \"Switzerland North\",\r\n        \"Switzerland West\",\r\n        \"UAE Central\",\r\n        \"UAE North\",\r\n        \"UK South\",\r\n        \"UK West\",\r\n        \"West Central US\",\r\n        \"West Europe\",\r\n        \"West US\",\r\n        \"West US 2\",\r\n        \"West US 3\",\r\n        \"Central US EUAP\",\r\n        \"East US 2 EUAP\"\r\n      ],\r\n      \"apiVersions\": [\r\n        \"2022-10-02-preview\",\r\n        \"2022-09-02-preview\",\r\n        \"2022-09-01\",\r\n        \"2022-08-03-preview\",\r\n        \"2022-08-02-preview\",\r\n        \"2022-08-01\",\r\n        \"2022-07-02-preview\",\r\n        \"2022-07-01\",\r\n        \"2022-06-02-preview\",\r\n        \"2022-06-01\",\r\n        \"2022-05-02-preview\",\r\n        \"2022-04-02-preview\",\r\n        \"2022-04-01\",\r\n        \"2022-03-02-preview\",\r\n        \"2022-03-01\",\r\n        \"2022-02-02-preview\",\r\n        \"2022-02-01\",\r\n        \"2022-01-02-preview\",\r\n        \"2022-01-01\",\r\n        \"2021-11-01-preview\",\r\n        \"2021-10-01\",\r\n        \"2021-09-01\",\r\n        \"2021-08-01\"\r\n      ],\r\n      \"capabilities\": \"SystemAssignedResourceIdentity\"\r\n    }\r\n  ],\r\n  \"registrationState\": \"Registered\"\r\n}",
      "StatusCode": 200
    },
    {
      "RequestUri": "/subscriptions/0b1f6471-1bf0-4dda-aec3-cb9272f09590/resourceGroups/rgps5168/providers/Microsoft.ContainerService/managedClusters/kubeps8705?api-version=2022-09-01",
      "EncodedRequestUri": "L3N1YnNjcmlwdGlvbnMvMGIxZjY0NzEtMWJmMC00ZGRhLWFlYzMtY2I5MjcyZjA5NTkwL3Jlc291cmNlR3JvdXBzL3JncHM1MTY4L3Byb3ZpZGVycy9NaWNyb3NvZnQuQ29udGFpbmVyU2VydmljZS9tYW5hZ2VkQ2x1c3RlcnMva3ViZXBzODcwNT9hcGktdmVyc2lvbj0yMDIyLTA5LTAx",
      "RequestMethod": "PUT",
      "RequestHeaders": {
        "x-ms-client-request-id": [
          "beeb5927-1b66-47ff-b6e7-091714605315"
        ],
        "Accept-Language": [
          "en-US"
        ],
        "User-Agent": [
          "FxVersion/4.700.22.51102",
          "OSName/Windows",
          "OSVersion/Microsoft.Windows.10.0.22621",
          "Microsoft.Azure.Management.ContainerService.ContainerServiceClient/5.0.0"
        ],
        "Content-Type": [
          "application/json; charset=utf-8"
        ],
        "Content-Length": [
          "1544"
        ]
      },
      "RequestBody": "{\r\n  \"properties\": {\r\n    \"dnsPrefix\": \"kubep0b1f\",\r\n    \"agentPoolProfiles\": [\r\n      {\r\n        \"name\": \"default\",\r\n        \"count\": 1,\r\n        \"vmSize\": \"Standard_D2_v5\",\r\n        \"osDiskSizeGB\": 0,\r\n        \"osType\": \"Linux\",\r\n        \"type\": \"VirtualMachineScaleSets\",\r\n        \"mode\": \"System\",\r\n        \"enableEncryptionAtHost\": true\r\n      }\r\n    ],\r\n    \"linuxProfile\": {\r\n      \"adminUsername\": \"azureuser\",\r\n      \"ssh\": {\r\n        \"publicKeys\": [\r\n          {\r\n            \"keyData\": \"ssh-rsa AAAAB3NzaC1yc2EAAAADAQABAAACAQChy6cYuI2+AoUycYdObeb45hTY5N46KTuCyy7Ln6Sg+xOoC0RyEAOmLzAWUjYCgbgCuJyOWR7HUz8vGz9guxpeb6kKroXVU20/ZA7fdE8OLU/86aCWZJkBuDJpbmPZsuVwjBJ2sQClmyR+UESLmi+pHLF/QGC55sNh00kdLOpzJLFnkb7nkTWQZ25sWqzr/gmrAx5Pvn6fb6PzTgFKNjKyU2XvJQUpy0iXY1jCJd+0fMzbFDR44izuR+Y9FZ8H2abyARd/ujVYTY8S90ICW7J2eZFQPe8uCfhAjaMlHcQpAjQn/1+h21hJM51UckW1z1XptJZAYWr1IJHTp5B9KfKI/C+4EkcILlPGeqvoZlOCWPYiu6LetiWAf7I9TMfVbBmdl6tPt37Dene7rmHAOIcviskzSmFs7ajjLnOMLDp1GDDfBUntu+VOMHZo09AqOdXva5Qij+YMU1T/xd8cMPvEK7NPmp9E4T5kl+jy+zQxcP3w+niPEtI6w8uYM+vznq5g5nu1WGFT8hG+CprOnB/OzrZsJPMkWzg6cCiQ2nkBM1tjNxA0XHm665fg3OjqRhnXRMorEHri6T+0huUis6CY7Kbu5r1S4yll/eXhBLB6MNvqmeEHpwuGbEksSwjCCNBi812vOaYJ3ZIcSmgiafTDok9bsIEGj9xhNhiCV0Gklw== devigned@msft.com\\r\\n\"\r\n          }\r\n        ]\r\n      }\r\n    },\r\n    \"servicePrincipalProfile\": {\r\n      \"clientId\": \"74be032e-9cbe-4a2d-b1ab-c6beee96a311\",\r\n      \"secret\": \".t68Q~f_5.wOza7G_eSWv2xAItlnfdfuHMOJ_a2H\"\r\n    },\r\n    \"networkProfile\": {\r\n      \"networkPlugin\": \"azure\"\r\n    }\r\n  },\r\n  \"location\": \"eastus\"\r\n}",
      "ResponseHeaders": {
        "Cache-Control": [
          "no-cache"
        ],
        "Pragma": [
          "no-cache"
        ],
        "x-ms-routing-request-id": [
          "SOUTHEASTASIA:20221130T065744Z:0b15ca02-6f62-4986-a7bc-1002c77dd119"
        ],
        "x-ms-ratelimit-remaining-subscription-writes": [
          "1199"
        ],
        "azure-asyncoperation": [
          "https://management.azure.com/subscriptions/0b1f6471-1bf0-4dda-aec3-cb9272f09590/providers/Microsoft.ContainerService/locations/eastus/operations/9764b8e7-0502-47b6-841c-ccacba6faed4?api-version=2017-08-31"
        ],
        "x-ms-correlation-request-id": [
          "0b15ca02-6f62-4986-a7bc-1002c77dd119"
        ],
        "x-ms-request-id": [
          "9764b8e7-0502-47b6-841c-ccacba6faed4"
        ],
        "Strict-Transport-Security": [
          "max-age=31536000; includeSubDomains"
        ],
        "X-Content-Type-Options": [
          "nosniff"
        ],
        "Server": [
          "nginx"
        ],
        "Date": [
          "Wed, 30 Nov 2022 06:57:44 GMT"
        ],
        "Content-Length": [
          "3147"
        ],
        "Content-Type": [
          "application/json"
        ],
        "Expires": [
          "-1"
        ]
      },
      "ResponseBody": "{\r\n  \"id\": \"/subscriptions/0b1f6471-1bf0-4dda-aec3-cb9272f09590/resourcegroups/rgps5168/providers/Microsoft.ContainerService/managedClusters/kubeps8705\",\r\n  \"location\": \"eastus\",\r\n  \"name\": \"kubeps8705\",\r\n  \"type\": \"Microsoft.ContainerService/ManagedClusters\",\r\n  \"properties\": {\r\n    \"provisioningState\": \"Creating\",\r\n    \"powerState\": {\r\n      \"code\": \"Running\"\r\n    },\r\n    \"kubernetesVersion\": \"1.23.12\",\r\n    \"currentKubernetesVersion\": \"1.23.12\",\r\n    \"dnsPrefix\": \"kubep0b1f\",\r\n    \"fqdn\": \"kubep0b1f-afdebae4.hcp.eastus.azmk8s.io\",\r\n    \"azurePortalFQDN\": \"kubep0b1f-afdebae4.portal.hcp.eastus.azmk8s.io\",\r\n    \"agentPoolProfiles\": [\r\n      {\r\n        \"name\": \"default\",\r\n        \"count\": 1,\r\n        \"vmSize\": \"Standard_D2_v5\",\r\n        \"osDiskSizeGB\": 128,\r\n        \"osDiskType\": \"Managed\",\r\n        \"kubeletDiskType\": \"OS\",\r\n        \"maxPods\": 30,\r\n        \"type\": \"VirtualMachineScaleSets\",\r\n        \"provisioningState\": \"Creating\",\r\n        \"powerState\": {\r\n          \"code\": \"Running\"\r\n        },\r\n        \"orchestratorVersion\": \"1.23.12\",\r\n        \"currentOrchestratorVersion\": \"1.23.12\",\r\n        \"mode\": \"System\",\r\n        \"enableEncryptionAtHost\": true,\r\n        \"osType\": \"Linux\",\r\n        \"osSKU\": \"Ubuntu\",\r\n        \"nodeImageVersion\": \"AKSUbuntu-1804gen2containerd-2022.11.02\",\r\n        \"enableFIPS\": false\r\n      }\r\n    ],\r\n    \"linuxProfile\": {\r\n      \"adminUsername\": \"azureuser\",\r\n      \"ssh\": {\r\n        \"publicKeys\": [\r\n          {\r\n            \"keyData\": \"ssh-rsa AAAAB3NzaC1yc2EAAAADAQABAAACAQChy6cYuI2+AoUycYdObeb45hTY5N46KTuCyy7Ln6Sg+xOoC0RyEAOmLzAWUjYCgbgCuJyOWR7HUz8vGz9guxpeb6kKroXVU20/ZA7fdE8OLU/86aCWZJkBuDJpbmPZsuVwjBJ2sQClmyR+UESLmi+pHLF/QGC55sNh00kdLOpzJLFnkb7nkTWQZ25sWqzr/gmrAx5Pvn6fb6PzTgFKNjKyU2XvJQUpy0iXY1jCJd+0fMzbFDR44izuR+Y9FZ8H2abyARd/ujVYTY8S90ICW7J2eZFQPe8uCfhAjaMlHcQpAjQn/1+h21hJM51UckW1z1XptJZAYWr1IJHTp5B9KfKI/C+4EkcILlPGeqvoZlOCWPYiu6LetiWAf7I9TMfVbBmdl6tPt37Dene7rmHAOIcviskzSmFs7ajjLnOMLDp1GDDfBUntu+VOMHZo09AqOdXva5Qij+YMU1T/xd8cMPvEK7NPmp9E4T5kl+jy+zQxcP3w+niPEtI6w8uYM+vznq5g5nu1WGFT8hG+CprOnB/OzrZsJPMkWzg6cCiQ2nkBM1tjNxA0XHm665fg3OjqRhnXRMorEHri6T+0huUis6CY7Kbu5r1S4yll/eXhBLB6MNvqmeEHpwuGbEksSwjCCNBi812vOaYJ3ZIcSmgiafTDok9bsIEGj9xhNhiCV0Gklw== devigned@msft.com\\r\\n\"\r\n          }\r\n        ]\r\n      }\r\n    },\r\n    \"windowsProfile\": {\r\n      \"adminUsername\": \"azureuser\",\r\n      \"enableCSIProxy\": true\r\n    },\r\n    \"servicePrincipalProfile\": {\r\n      \"clientId\": \"74be032e-9cbe-4a2d-b1ab-c6beee96a311\"\r\n    },\r\n    \"nodeResourceGroup\": \"MC_rgps5168_kubeps8705_eastus\",\r\n    \"enableRBAC\": true,\r\n    \"networkProfile\": {\r\n      \"networkPlugin\": \"azure\",\r\n      \"loadBalancerSku\": \"standard\",\r\n      \"loadBalancerProfile\": {\r\n        \"managedOutboundIPs\": {\r\n          \"count\": 1\r\n        }\r\n      },\r\n      \"serviceCidr\": \"10.0.0.0/16\",\r\n      \"dnsServiceIP\": \"10.0.0.10\",\r\n      \"dockerBridgeCidr\": \"172.17.0.1/16\",\r\n      \"outboundType\": \"loadBalancer\",\r\n      \"serviceCidrs\": [\r\n        \"10.0.0.0/16\"\r\n      ],\r\n      \"ipFamilies\": [\r\n        \"IPv4\"\r\n      ]\r\n    },\r\n    \"maxAgentPools\": 100,\r\n    \"securityProfile\": {},\r\n    \"storageProfile\": {\r\n      \"diskCSIDriver\": {\r\n        \"enabled\": true\r\n      },\r\n      \"fileCSIDriver\": {\r\n        \"enabled\": true\r\n      },\r\n      \"snapshotController\": {\r\n        \"enabled\": true\r\n      }\r\n    },\r\n    \"oidcIssuerProfile\": {\r\n      \"enabled\": false\r\n    }\r\n  },\r\n  \"sku\": {\r\n    \"name\": \"Basic\",\r\n    \"tier\": \"Free\"\r\n  }\r\n}",
      "StatusCode": 201
    },
    {
      "RequestUri": "/subscriptions/0b1f6471-1bf0-4dda-aec3-cb9272f09590/providers/Microsoft.ContainerService/locations/eastus/operations/9764b8e7-0502-47b6-841c-ccacba6faed4?api-version=2017-08-31",
      "EncodedRequestUri": "L3N1YnNjcmlwdGlvbnMvMGIxZjY0NzEtMWJmMC00ZGRhLWFlYzMtY2I5MjcyZjA5NTkwL3Byb3ZpZGVycy9NaWNyb3NvZnQuQ29udGFpbmVyU2VydmljZS9sb2NhdGlvbnMvZWFzdHVzL29wZXJhdGlvbnMvOTc2NGI4ZTctMDUwMi00N2I2LTg0MWMtY2NhY2JhNmZhZWQ0P2FwaS12ZXJzaW9uPTIwMTctMDgtMzE=",
      "RequestMethod": "GET",
      "RequestHeaders": {
        "x-ms-client-request-id": [
          "beeb5927-1b66-47ff-b6e7-091714605315"
        ],
        "User-Agent": [
          "FxVersion/4.700.22.51102",
          "OSName/Windows",
          "OSVersion/Microsoft.Windows.10.0.22621",
          "Microsoft.Azure.Management.ContainerService.ContainerServiceClient/5.0.0"
        ]
      },
      "RequestBody": "",
      "ResponseHeaders": {
        "Cache-Control": [
          "no-cache"
        ],
        "Pragma": [
          "no-cache"
        ],
        "x-ms-ratelimit-remaining-subscription-reads": [
          "11998"
        ],
        "x-ms-correlation-request-id": [
          "89104da8-8af6-49cf-93c2-b61c1a731ddb"
        ],
        "x-ms-request-id": [
          "841af632-d96c-49d0-8354-53045f4bfa09"
        ],
        "Strict-Transport-Security": [
          "max-age=31536000; includeSubDomains"
        ],
        "X-Content-Type-Options": [
          "nosniff"
        ],
        "Server": [
          "nginx"
        ],
        "x-ms-routing-request-id": [
          "SOUTHEASTASIA:20221130T065815Z:89104da8-8af6-49cf-93c2-b61c1a731ddb"
        ],
        "Date": [
          "Wed, 30 Nov 2022 06:58:14 GMT"
        ],
        "Content-Length": [
          "126"
        ],
        "Content-Type": [
          "application/json"
        ],
        "Expires": [
          "-1"
        ]
      },
      "ResponseBody": "{\r\n  \"name\": \"e7b86497-0205-b647-841c-ccacba6faed4\",\r\n  \"status\": \"InProgress\",\r\n  \"startTime\": \"2022-11-30T06:57:43.3805943Z\"\r\n}",
      "StatusCode": 200
    },
    {
      "RequestUri": "/subscriptions/0b1f6471-1bf0-4dda-aec3-cb9272f09590/providers/Microsoft.ContainerService/locations/eastus/operations/9764b8e7-0502-47b6-841c-ccacba6faed4?api-version=2017-08-31",
      "EncodedRequestUri": "L3N1YnNjcmlwdGlvbnMvMGIxZjY0NzEtMWJmMC00ZGRhLWFlYzMtY2I5MjcyZjA5NTkwL3Byb3ZpZGVycy9NaWNyb3NvZnQuQ29udGFpbmVyU2VydmljZS9sb2NhdGlvbnMvZWFzdHVzL29wZXJhdGlvbnMvOTc2NGI4ZTctMDUwMi00N2I2LTg0MWMtY2NhY2JhNmZhZWQ0P2FwaS12ZXJzaW9uPTIwMTctMDgtMzE=",
      "RequestMethod": "GET",
      "RequestHeaders": {
        "x-ms-client-request-id": [
          "beeb5927-1b66-47ff-b6e7-091714605315"
        ],
        "User-Agent": [
          "FxVersion/4.700.22.51102",
          "OSName/Windows",
          "OSVersion/Microsoft.Windows.10.0.22621",
          "Microsoft.Azure.Management.ContainerService.ContainerServiceClient/5.0.0"
        ]
      },
      "RequestBody": "",
      "ResponseHeaders": {
        "Cache-Control": [
          "no-cache"
        ],
        "Pragma": [
          "no-cache"
        ],
        "x-ms-ratelimit-remaining-subscription-reads": [
          "11997"
        ],
        "x-ms-correlation-request-id": [
          "679b4359-7e3b-46af-ba5c-152a8281339a"
        ],
        "x-ms-request-id": [
          "bbbc7198-3e77-442b-baff-49cd75fe4afd"
        ],
        "Strict-Transport-Security": [
          "max-age=31536000; includeSubDomains"
        ],
        "X-Content-Type-Options": [
          "nosniff"
        ],
        "Server": [
          "nginx"
        ],
        "x-ms-routing-request-id": [
          "SOUTHEASTASIA:20221130T065845Z:679b4359-7e3b-46af-ba5c-152a8281339a"
        ],
        "Date": [
          "Wed, 30 Nov 2022 06:58:45 GMT"
        ],
        "Content-Length": [
          "126"
        ],
        "Content-Type": [
          "application/json"
        ],
        "Expires": [
          "-1"
        ]
      },
      "ResponseBody": "{\r\n  \"name\": \"e7b86497-0205-b647-841c-ccacba6faed4\",\r\n  \"status\": \"InProgress\",\r\n  \"startTime\": \"2022-11-30T06:57:43.3805943Z\"\r\n}",
      "StatusCode": 200
    },
    {
      "RequestUri": "/subscriptions/0b1f6471-1bf0-4dda-aec3-cb9272f09590/providers/Microsoft.ContainerService/locations/eastus/operations/9764b8e7-0502-47b6-841c-ccacba6faed4?api-version=2017-08-31",
      "EncodedRequestUri": "L3N1YnNjcmlwdGlvbnMvMGIxZjY0NzEtMWJmMC00ZGRhLWFlYzMtY2I5MjcyZjA5NTkwL3Byb3ZpZGVycy9NaWNyb3NvZnQuQ29udGFpbmVyU2VydmljZS9sb2NhdGlvbnMvZWFzdHVzL29wZXJhdGlvbnMvOTc2NGI4ZTctMDUwMi00N2I2LTg0MWMtY2NhY2JhNmZhZWQ0P2FwaS12ZXJzaW9uPTIwMTctMDgtMzE=",
      "RequestMethod": "GET",
      "RequestHeaders": {
        "x-ms-client-request-id": [
          "beeb5927-1b66-47ff-b6e7-091714605315"
        ],
        "User-Agent": [
          "FxVersion/4.700.22.51102",
          "OSName/Windows",
          "OSVersion/Microsoft.Windows.10.0.22621",
          "Microsoft.Azure.Management.ContainerService.ContainerServiceClient/5.0.0"
        ]
      },
      "RequestBody": "",
      "ResponseHeaders": {
        "Cache-Control": [
          "no-cache"
        ],
        "Pragma": [
          "no-cache"
        ],
        "x-ms-ratelimit-remaining-subscription-reads": [
          "11996"
        ],
        "x-ms-correlation-request-id": [
          "6515c40a-f77f-4e7f-9709-113ad3ea6198"
        ],
        "x-ms-request-id": [
          "eae84898-9f09-4f52-bd8e-20fc1d6e7249"
        ],
        "Strict-Transport-Security": [
          "max-age=31536000; includeSubDomains"
        ],
        "X-Content-Type-Options": [
          "nosniff"
        ],
        "Server": [
          "nginx"
        ],
        "x-ms-routing-request-id": [
          "SOUTHEASTASIA:20221130T065915Z:6515c40a-f77f-4e7f-9709-113ad3ea6198"
        ],
        "Date": [
          "Wed, 30 Nov 2022 06:59:15 GMT"
        ],
        "Content-Length": [
          "126"
        ],
        "Content-Type": [
          "application/json"
        ],
        "Expires": [
          "-1"
        ]
      },
      "ResponseBody": "{\r\n  \"name\": \"e7b86497-0205-b647-841c-ccacba6faed4\",\r\n  \"status\": \"InProgress\",\r\n  \"startTime\": \"2022-11-30T06:57:43.3805943Z\"\r\n}",
      "StatusCode": 200
    },
    {
      "RequestUri": "/subscriptions/0b1f6471-1bf0-4dda-aec3-cb9272f09590/providers/Microsoft.ContainerService/locations/eastus/operations/9764b8e7-0502-47b6-841c-ccacba6faed4?api-version=2017-08-31",
      "EncodedRequestUri": "L3N1YnNjcmlwdGlvbnMvMGIxZjY0NzEtMWJmMC00ZGRhLWFlYzMtY2I5MjcyZjA5NTkwL3Byb3ZpZGVycy9NaWNyb3NvZnQuQ29udGFpbmVyU2VydmljZS9sb2NhdGlvbnMvZWFzdHVzL29wZXJhdGlvbnMvOTc2NGI4ZTctMDUwMi00N2I2LTg0MWMtY2NhY2JhNmZhZWQ0P2FwaS12ZXJzaW9uPTIwMTctMDgtMzE=",
      "RequestMethod": "GET",
      "RequestHeaders": {
        "x-ms-client-request-id": [
          "beeb5927-1b66-47ff-b6e7-091714605315"
        ],
        "User-Agent": [
          "FxVersion/4.700.22.51102",
          "OSName/Windows",
          "OSVersion/Microsoft.Windows.10.0.22621",
          "Microsoft.Azure.Management.ContainerService.ContainerServiceClient/5.0.0"
        ]
      },
      "RequestBody": "",
      "ResponseHeaders": {
        "Cache-Control": [
          "no-cache"
        ],
        "Pragma": [
          "no-cache"
        ],
        "x-ms-ratelimit-remaining-subscription-reads": [
          "11995"
        ],
        "x-ms-correlation-request-id": [
          "70f43547-3140-4fa8-b51d-d2d5c85d5d90"
        ],
        "x-ms-request-id": [
          "fa2d9368-cf83-4906-b81d-f79a66778f7c"
        ],
        "Strict-Transport-Security": [
          "max-age=31536000; includeSubDomains"
        ],
        "X-Content-Type-Options": [
          "nosniff"
        ],
        "Server": [
          "nginx"
        ],
        "x-ms-routing-request-id": [
          "SOUTHEASTASIA:20221130T065946Z:70f43547-3140-4fa8-b51d-d2d5c85d5d90"
        ],
        "Date": [
          "Wed, 30 Nov 2022 06:59:46 GMT"
        ],
        "Content-Length": [
          "126"
        ],
        "Content-Type": [
          "application/json"
        ],
        "Expires": [
          "-1"
        ]
      },
      "ResponseBody": "{\r\n  \"name\": \"e7b86497-0205-b647-841c-ccacba6faed4\",\r\n  \"status\": \"InProgress\",\r\n  \"startTime\": \"2022-11-30T06:57:43.3805943Z\"\r\n}",
      "StatusCode": 200
    },
    {
      "RequestUri": "/subscriptions/0b1f6471-1bf0-4dda-aec3-cb9272f09590/providers/Microsoft.ContainerService/locations/eastus/operations/9764b8e7-0502-47b6-841c-ccacba6faed4?api-version=2017-08-31",
      "EncodedRequestUri": "L3N1YnNjcmlwdGlvbnMvMGIxZjY0NzEtMWJmMC00ZGRhLWFlYzMtY2I5MjcyZjA5NTkwL3Byb3ZpZGVycy9NaWNyb3NvZnQuQ29udGFpbmVyU2VydmljZS9sb2NhdGlvbnMvZWFzdHVzL29wZXJhdGlvbnMvOTc2NGI4ZTctMDUwMi00N2I2LTg0MWMtY2NhY2JhNmZhZWQ0P2FwaS12ZXJzaW9uPTIwMTctMDgtMzE=",
      "RequestMethod": "GET",
      "RequestHeaders": {
        "x-ms-client-request-id": [
          "beeb5927-1b66-47ff-b6e7-091714605315"
        ],
        "User-Agent": [
          "FxVersion/4.700.22.51102",
          "OSName/Windows",
          "OSVersion/Microsoft.Windows.10.0.22621",
          "Microsoft.Azure.Management.ContainerService.ContainerServiceClient/5.0.0"
        ]
      },
      "RequestBody": "",
      "ResponseHeaders": {
        "Cache-Control": [
          "no-cache"
        ],
        "Pragma": [
          "no-cache"
        ],
        "x-ms-ratelimit-remaining-subscription-reads": [
          "11994"
        ],
        "x-ms-correlation-request-id": [
          "bce0dea0-9452-4782-a19e-9385c899088c"
        ],
        "x-ms-request-id": [
          "6658ba1d-ba71-4d89-bd72-5438320498d1"
        ],
        "Strict-Transport-Security": [
          "max-age=31536000; includeSubDomains"
        ],
        "X-Content-Type-Options": [
          "nosniff"
        ],
        "Server": [
          "nginx"
        ],
        "x-ms-routing-request-id": [
          "SOUTHEASTASIA:20221130T070016Z:bce0dea0-9452-4782-a19e-9385c899088c"
        ],
        "Date": [
          "Wed, 30 Nov 2022 07:00:15 GMT"
        ],
        "Content-Length": [
          "126"
        ],
        "Content-Type": [
          "application/json"
        ],
        "Expires": [
          "-1"
        ]
      },
      "ResponseBody": "{\r\n  \"name\": \"e7b86497-0205-b647-841c-ccacba6faed4\",\r\n  \"status\": \"InProgress\",\r\n  \"startTime\": \"2022-11-30T06:57:43.3805943Z\"\r\n}",
      "StatusCode": 200
    },
    {
      "RequestUri": "/subscriptions/0b1f6471-1bf0-4dda-aec3-cb9272f09590/providers/Microsoft.ContainerService/locations/eastus/operations/9764b8e7-0502-47b6-841c-ccacba6faed4?api-version=2017-08-31",
      "EncodedRequestUri": "L3N1YnNjcmlwdGlvbnMvMGIxZjY0NzEtMWJmMC00ZGRhLWFlYzMtY2I5MjcyZjA5NTkwL3Byb3ZpZGVycy9NaWNyb3NvZnQuQ29udGFpbmVyU2VydmljZS9sb2NhdGlvbnMvZWFzdHVzL29wZXJhdGlvbnMvOTc2NGI4ZTctMDUwMi00N2I2LTg0MWMtY2NhY2JhNmZhZWQ0P2FwaS12ZXJzaW9uPTIwMTctMDgtMzE=",
      "RequestMethod": "GET",
      "RequestHeaders": {
        "x-ms-client-request-id": [
          "beeb5927-1b66-47ff-b6e7-091714605315"
        ],
        "User-Agent": [
          "FxVersion/4.700.22.51102",
          "OSName/Windows",
          "OSVersion/Microsoft.Windows.10.0.22621",
          "Microsoft.Azure.Management.ContainerService.ContainerServiceClient/5.0.0"
        ]
      },
      "RequestBody": "",
      "ResponseHeaders": {
        "Cache-Control": [
          "no-cache"
        ],
        "Pragma": [
          "no-cache"
        ],
        "x-ms-ratelimit-remaining-subscription-reads": [
          "11993"
        ],
        "x-ms-correlation-request-id": [
          "b83e7412-995e-4138-8b46-f26044ee09ee"
        ],
        "x-ms-request-id": [
          "bcaa64b1-6e1a-4d0c-bf21-bd82d2e5d507"
        ],
        "Strict-Transport-Security": [
          "max-age=31536000; includeSubDomains"
        ],
        "X-Content-Type-Options": [
          "nosniff"
        ],
        "Server": [
          "nginx"
        ],
        "x-ms-routing-request-id": [
          "SOUTHEASTASIA:20221130T070047Z:b83e7412-995e-4138-8b46-f26044ee09ee"
        ],
        "Date": [
          "Wed, 30 Nov 2022 07:00:46 GMT"
        ],
        "Content-Length": [
          "126"
        ],
        "Content-Type": [
          "application/json"
        ],
        "Expires": [
          "-1"
        ]
      },
      "ResponseBody": "{\r\n  \"name\": \"e7b86497-0205-b647-841c-ccacba6faed4\",\r\n  \"status\": \"InProgress\",\r\n  \"startTime\": \"2022-11-30T06:57:43.3805943Z\"\r\n}",
      "StatusCode": 200
    },
    {
      "RequestUri": "/subscriptions/0b1f6471-1bf0-4dda-aec3-cb9272f09590/providers/Microsoft.ContainerService/locations/eastus/operations/9764b8e7-0502-47b6-841c-ccacba6faed4?api-version=2017-08-31",
      "EncodedRequestUri": "L3N1YnNjcmlwdGlvbnMvMGIxZjY0NzEtMWJmMC00ZGRhLWFlYzMtY2I5MjcyZjA5NTkwL3Byb3ZpZGVycy9NaWNyb3NvZnQuQ29udGFpbmVyU2VydmljZS9sb2NhdGlvbnMvZWFzdHVzL29wZXJhdGlvbnMvOTc2NGI4ZTctMDUwMi00N2I2LTg0MWMtY2NhY2JhNmZhZWQ0P2FwaS12ZXJzaW9uPTIwMTctMDgtMzE=",
      "RequestMethod": "GET",
      "RequestHeaders": {
        "x-ms-client-request-id": [
          "beeb5927-1b66-47ff-b6e7-091714605315"
        ],
        "User-Agent": [
          "FxVersion/4.700.22.51102",
          "OSName/Windows",
          "OSVersion/Microsoft.Windows.10.0.22621",
          "Microsoft.Azure.Management.ContainerService.ContainerServiceClient/5.0.0"
        ]
      },
      "RequestBody": "",
      "ResponseHeaders": {
        "Cache-Control": [
          "no-cache"
        ],
        "Pragma": [
          "no-cache"
        ],
        "x-ms-ratelimit-remaining-subscription-reads": [
          "11992"
        ],
        "x-ms-correlation-request-id": [
          "20ee7871-44d5-48e7-be4b-81298c6b6473"
        ],
        "x-ms-request-id": [
          "f9098ae7-1f2d-4f13-90ff-22b813cdac52"
        ],
        "Strict-Transport-Security": [
          "max-age=31536000; includeSubDomains"
        ],
        "X-Content-Type-Options": [
          "nosniff"
        ],
        "Server": [
          "nginx"
        ],
        "x-ms-routing-request-id": [
          "SOUTHEASTASIA:20221130T070117Z:20ee7871-44d5-48e7-be4b-81298c6b6473"
        ],
        "Date": [
          "Wed, 30 Nov 2022 07:01:16 GMT"
        ],
        "Content-Length": [
          "169"
        ],
        "Content-Type": [
          "application/json"
        ],
        "Expires": [
          "-1"
        ]
      },
      "ResponseBody": "{\r\n  \"name\": \"e7b86497-0205-b647-841c-ccacba6faed4\",\r\n  \"status\": \"Succeeded\",\r\n  \"startTime\": \"2022-11-30T06:57:43.3805943Z\",\r\n  \"endTime\": \"2022-11-30T07:00:47.141516Z\"\r\n}",
      "StatusCode": 200
    },
    {
      "RequestUri": "/subscriptions/0b1f6471-1bf0-4dda-aec3-cb9272f09590/resourceGroups/rgps5168/providers/Microsoft.ContainerService/managedClusters/kubeps8705/agentPools?api-version=2022-09-01",
      "EncodedRequestUri": "L3N1YnNjcmlwdGlvbnMvMGIxZjY0NzEtMWJmMC00ZGRhLWFlYzMtY2I5MjcyZjA5NTkwL3Jlc291cmNlR3JvdXBzL3JncHM1MTY4L3Byb3ZpZGVycy9NaWNyb3NvZnQuQ29udGFpbmVyU2VydmljZS9tYW5hZ2VkQ2x1c3RlcnMva3ViZXBzODcwNS9hZ2VudFBvb2xzP2FwaS12ZXJzaW9uPTIwMjItMDktMDE=",
      "RequestMethod": "GET",
      "RequestHeaders": {
        "x-ms-client-request-id": [
          "0cd67f8f-c4ce-4e92-8c68-cec7e6021af7"
        ],
        "Accept-Language": [
          "en-US"
        ],
        "User-Agent": [
          "FxVersion/4.700.22.51102",
          "OSName/Windows",
          "OSVersion/Microsoft.Windows.10.0.22621",
          "Microsoft.Azure.Management.ContainerService.ContainerServiceClient/5.0.0"
        ]
      },
      "RequestBody": "",
      "ResponseHeaders": {
        "Cache-Control": [
          "no-cache"
        ],
        "Pragma": [
          "no-cache"
        ],
        "x-ms-ratelimit-remaining-subscription-reads": [
          "11999"
        ],
        "x-ms-correlation-request-id": [
          "79ea9984-a9ea-4eeb-a0d2-031c8e12fd2d"
        ],
        "x-ms-request-id": [
          "bfb3b849-b46d-4cf2-85a4-bebf8dd72f84"
        ],
        "Strict-Transport-Security": [
          "max-age=31536000; includeSubDomains"
        ],
        "X-Content-Type-Options": [
          "nosniff"
        ],
        "Server": [
          "nginx"
        ],
        "x-ms-routing-request-id": [
          "SOUTHEASTASIA:20221130T070123Z:79ea9984-a9ea-4eeb-a0d2-031c8e12fd2d"
        ],
        "Date": [
          "Wed, 30 Nov 2022 07:01:22 GMT"
        ],
        "Content-Length": [
          "895"
        ],
        "Content-Type": [
          "application/json"
        ],
        "Expires": [
          "-1"
        ]
      },
      "ResponseBody": "{\r\n  \"value\": [\r\n    {\r\n      \"id\": \"/subscriptions/0b1f6471-1bf0-4dda-aec3-cb9272f09590/resourcegroups/rgps5168/providers/Microsoft.ContainerService/managedClusters/kubeps8705/agentPools/default\",\r\n      \"name\": \"default\",\r\n      \"type\": \"Microsoft.ContainerService/managedClusters/agentPools\",\r\n      \"properties\": {\r\n        \"count\": 1,\r\n        \"vmSize\": \"Standard_D2_v5\",\r\n        \"osDiskSizeGB\": 128,\r\n        \"osDiskType\": \"Managed\",\r\n        \"kubeletDiskType\": \"OS\",\r\n        \"maxPods\": 30,\r\n        \"type\": \"VirtualMachineScaleSets\",\r\n        \"provisioningState\": \"Succeeded\",\r\n        \"powerState\": {\r\n          \"code\": \"Running\"\r\n        },\r\n        \"orchestratorVersion\": \"1.23.12\",\r\n        \"currentOrchestratorVersion\": \"1.23.12\",\r\n        \"mode\": \"System\",\r\n        \"enableEncryptionAtHost\": true,\r\n        \"osType\": \"Linux\",\r\n        \"osSKU\": \"Ubuntu\",\r\n        \"nodeImageVersion\": \"AKSUbuntu-1804gen2containerd-2022.11.02\",\r\n        \"enableFIPS\": false\r\n      }\r\n    }\r\n  ]\r\n}",
      "StatusCode": 200
    },
    {
      "RequestUri": "/subscriptions/0b1f6471-1bf0-4dda-aec3-cb9272f09590/resourceGroups/rgps5168/providers/Microsoft.ContainerService/managedClusters/kubeps8705/agentPools?api-version=2022-09-01",
      "EncodedRequestUri": "L3N1YnNjcmlwdGlvbnMvMGIxZjY0NzEtMWJmMC00ZGRhLWFlYzMtY2I5MjcyZjA5NTkwL3Jlc291cmNlR3JvdXBzL3JncHM1MTY4L3Byb3ZpZGVycy9NaWNyb3NvZnQuQ29udGFpbmVyU2VydmljZS9tYW5hZ2VkQ2x1c3RlcnMva3ViZXBzODcwNS9hZ2VudFBvb2xzP2FwaS12ZXJzaW9uPTIwMjItMDktMDE=",
      "RequestMethod": "GET",
      "RequestHeaders": {
        "x-ms-client-request-id": [
          "429052c1-9f4d-45d1-81a5-36e1fbad60a0"
        ],
        "Accept-Language": [
          "en-US"
        ],
        "User-Agent": [
          "FxVersion/4.700.22.51102",
          "OSName/Windows",
          "OSVersion/Microsoft.Windows.10.0.22621",
          "Microsoft.Azure.Management.ContainerService.ContainerServiceClient/5.0.0"
        ]
      },
      "RequestBody": "",
      "ResponseHeaders": {
        "Cache-Control": [
          "no-cache"
        ],
        "Pragma": [
          "no-cache"
        ],
        "x-ms-ratelimit-remaining-subscription-reads": [
          "11999"
        ],
        "x-ms-correlation-request-id": [
          "f06d850a-2fa7-435e-9714-594d08fd1f70"
        ],
        "x-ms-request-id": [
          "f83ceea0-c55d-4869-88cf-fed020e9ab55"
        ],
        "Strict-Transport-Security": [
          "max-age=31536000; includeSubDomains"
        ],
        "X-Content-Type-Options": [
          "nosniff"
        ],
        "Server": [
          "nginx"
        ],
        "x-ms-routing-request-id": [
          "SOUTHEASTASIA:20221130T070515Z:f06d850a-2fa7-435e-9714-594d08fd1f70"
        ],
        "Date": [
          "Wed, 30 Nov 2022 07:05:14 GMT"
        ],
        "Content-Length": [
          "1796"
        ],
        "Content-Type": [
          "application/json"
        ],
        "Expires": [
          "-1"
        ]
      },
      "ResponseBody": "{\r\n  \"value\": [\r\n    {\r\n      \"id\": \"/subscriptions/0b1f6471-1bf0-4dda-aec3-cb9272f09590/resourcegroups/rgps5168/providers/Microsoft.ContainerService/managedClusters/kubeps8705/agentPools/default\",\r\n      \"name\": \"default\",\r\n      \"type\": \"Microsoft.ContainerService/managedClusters/agentPools\",\r\n      \"properties\": {\r\n        \"count\": 1,\r\n        \"vmSize\": \"Standard_D2_v5\",\r\n        \"osDiskSizeGB\": 128,\r\n        \"osDiskType\": \"Managed\",\r\n        \"kubeletDiskType\": \"OS\",\r\n        \"maxPods\": 30,\r\n        \"type\": \"VirtualMachineScaleSets\",\r\n        \"provisioningState\": \"Succeeded\",\r\n        \"powerState\": {\r\n          \"code\": \"Running\"\r\n        },\r\n        \"orchestratorVersion\": \"1.23.12\",\r\n        \"currentOrchestratorVersion\": \"1.23.12\",\r\n        \"mode\": \"System\",\r\n        \"enableEncryptionAtHost\": true,\r\n        \"osType\": \"Linux\",\r\n        \"osSKU\": \"Ubuntu\",\r\n        \"nodeImageVersion\": \"AKSUbuntu-1804gen2containerd-2022.11.02\",\r\n        \"enableFIPS\": false\r\n      }\r\n    },\r\n    {\r\n      \"id\": \"/subscriptions/0b1f6471-1bf0-4dda-aec3-cb9272f09590/resourcegroups/rgps5168/providers/Microsoft.ContainerService/managedClusters/kubeps8705/agentPools/pool2\",\r\n      \"name\": \"pool2\",\r\n      \"type\": \"Microsoft.ContainerService/managedClusters/agentPools\",\r\n      \"properties\": {\r\n        \"count\": 1,\r\n        \"vmSize\": \"Standard_D2_v5\",\r\n        \"osDiskSizeGB\": 128,\r\n        \"osDiskType\": \"Managed\",\r\n        \"kubeletDiskType\": \"OS\",\r\n        \"maxPods\": 30,\r\n        \"type\": \"VirtualMachineScaleSets\",\r\n        \"scaleDownMode\": \"Delete\",\r\n        \"provisioningState\": \"Succeeded\",\r\n        \"powerState\": {\r\n          \"code\": \"Running\"\r\n        },\r\n        \"orchestratorVersion\": \"1.23.12\",\r\n        \"currentOrchestratorVersion\": \"1.23.12\",\r\n        \"mode\": \"User\",\r\n        \"enableEncryptionAtHost\": true,\r\n        \"osType\": \"Linux\",\r\n        \"osSKU\": \"Ubuntu\",\r\n        \"nodeImageVersion\": \"AKSUbuntu-1804gen2containerd-2022.11.02\",\r\n        \"enableFIPS\": false\r\n      }\r\n    }\r\n  ]\r\n}",
      "StatusCode": 200
    },
    {
      "RequestUri": "/subscriptions/0b1f6471-1bf0-4dda-aec3-cb9272f09590/resourceGroups/rgps5168/providers/Microsoft.ContainerService/managedClusters/kubeps8705/agentPools/pool2?api-version=2022-09-01",
      "EncodedRequestUri": "L3N1YnNjcmlwdGlvbnMvMGIxZjY0NzEtMWJmMC00ZGRhLWFlYzMtY2I5MjcyZjA5NTkwL3Jlc291cmNlR3JvdXBzL3JncHM1MTY4L3Byb3ZpZGVycy9NaWNyb3NvZnQuQ29udGFpbmVyU2VydmljZS9tYW5hZ2VkQ2x1c3RlcnMva3ViZXBzODcwNS9hZ2VudFBvb2xzL3Bvb2wyP2FwaS12ZXJzaW9uPTIwMjItMDktMDE=",
      "RequestMethod": "GET",
      "RequestHeaders": {
        "x-ms-client-request-id": [
          "c66a9895-5de1-4226-87d0-890dba8785fe"
        ],
        "Accept-Language": [
          "en-US"
        ],
        "User-Agent": [
          "FxVersion/4.700.22.51102",
          "OSName/Windows",
          "OSVersion/Microsoft.Windows.10.0.22621",
          "Microsoft.Azure.Management.ContainerService.ContainerServiceClient/5.0.0"
        ]
      },
      "RequestBody": "",
      "ResponseHeaders": {
        "Cache-Control": [
          "no-cache"
        ],
        "Pragma": [
          "no-cache"
        ],
        "x-ms-ratelimit-remaining-subscription-reads": [
          "11995"
        ],
        "x-ms-correlation-request-id": [
          "ddf0fc11-5f7c-4840-a03c-325ee82135ad"
        ],
        "x-ms-request-id": [
          "b2be45fb-0906-48bc-ac95-fa93d4f1b5d8"
        ],
        "Strict-Transport-Security": [
          "max-age=31536000; includeSubDomains"
        ],
        "Server": [
          "nginx"
        ],
        "x-ms-routing-request-id": [
          "SOUTHEASTASIA:20221130T070124Z:ddf0fc11-5f7c-4840-a03c-325ee82135ad"
        ],
        "X-Content-Type-Options": [
          "nosniff"
        ],
        "Date": [
          "Wed, 30 Nov 2022 07:01:24 GMT"
        ],
        "Content-Length": [
          "221"
        ],
        "Content-Type": [
          "application/json"
        ],
        "Expires": [
          "-1"
        ]
      },
      "ResponseBody": "{\r\n  \"code\": \"NotFound\",\r\n  \"message\": \"Could not find the agentpool: pool2 in subscription: 0b1f6471-1bf0-4dda-aec3-cb9272f09590, resourceGroup: rgps5168, resourceName: kubeps8705.\",\r\n  \"subcode\": \"GetAgentPool_NotFound\"\r\n}",
      "StatusCode": 404
    },
    {
      "RequestUri": "/subscriptions/0b1f6471-1bf0-4dda-aec3-cb9272f09590/resourceGroups/rgps5168/providers/Microsoft.ContainerService/managedClusters/kubeps8705/agentPools/pool2?api-version=2022-09-01",
      "EncodedRequestUri": "L3N1YnNjcmlwdGlvbnMvMGIxZjY0NzEtMWJmMC00ZGRhLWFlYzMtY2I5MjcyZjA5NTkwL3Jlc291cmNlR3JvdXBzL3JncHM1MTY4L3Byb3ZpZGVycy9NaWNyb3NvZnQuQ29udGFpbmVyU2VydmljZS9tYW5hZ2VkQ2x1c3RlcnMva3ViZXBzODcwNS9hZ2VudFBvb2xzL3Bvb2wyP2FwaS12ZXJzaW9uPTIwMjItMDktMDE=",
      "RequestMethod": "GET",
      "RequestHeaders": {
        "x-ms-client-request-id": [
          "c66a9895-5de1-4226-87d0-890dba8785fe"
        ],
        "User-Agent": [
          "FxVersion/4.700.22.51102",
          "OSName/Windows",
          "OSVersion/Microsoft.Windows.10.0.22621",
          "Microsoft.Azure.Management.ContainerService.ContainerServiceClient/5.0.0"
        ]
      },
      "RequestBody": "",
      "ResponseHeaders": {
        "Cache-Control": [
          "no-cache"
        ],
        "Pragma": [
          "no-cache"
        ],
        "x-ms-ratelimit-remaining-subscription-reads": [
          "11987"
        ],
        "x-ms-correlation-request-id": [
          "e29689ff-15e5-4d3a-af69-bc7d00e4167b"
        ],
        "x-ms-request-id": [
          "000a1860-4922-48eb-a2a6-99ebe2ff0709"
        ],
        "Strict-Transport-Security": [
          "max-age=31536000; includeSubDomains"
        ],
        "X-Content-Type-Options": [
          "nosniff"
        ],
        "Server": [
          "nginx"
        ],
        "x-ms-routing-request-id": [
          "SOUTHEASTASIA:20221130T070511Z:e29689ff-15e5-4d3a-af69-bc7d00e4167b"
        ],
        "Date": [
          "Wed, 30 Nov 2022 07:05:10 GMT"
        ],
        "Content-Length": [
          "844"
        ],
        "Content-Type": [
          "application/json"
        ],
        "Expires": [
          "-1"
        ]
      },
      "ResponseBody": "{\r\n  \"id\": \"/subscriptions/0b1f6471-1bf0-4dda-aec3-cb9272f09590/resourcegroups/rgps5168/providers/Microsoft.ContainerService/managedClusters/kubeps8705/agentPools/pool2\",\r\n  \"name\": \"pool2\",\r\n  \"type\": \"Microsoft.ContainerService/managedClusters/agentPools\",\r\n  \"properties\": {\r\n    \"count\": 1,\r\n    \"vmSize\": \"Standard_D2_v5\",\r\n    \"osDiskSizeGB\": 128,\r\n    \"osDiskType\": \"Managed\",\r\n    \"kubeletDiskType\": \"OS\",\r\n    \"maxPods\": 30,\r\n    \"type\": \"VirtualMachineScaleSets\",\r\n    \"scaleDownMode\": \"Delete\",\r\n    \"provisioningState\": \"Succeeded\",\r\n    \"powerState\": {\r\n      \"code\": \"Running\"\r\n    },\r\n    \"orchestratorVersion\": \"1.23.12\",\r\n    \"currentOrchestratorVersion\": \"1.23.12\",\r\n    \"mode\": \"User\",\r\n    \"enableEncryptionAtHost\": true,\r\n    \"osType\": \"Linux\",\r\n    \"osSKU\": \"Ubuntu\",\r\n    \"nodeImageVersion\": \"AKSUbuntu-1804gen2containerd-2022.11.02\",\r\n    \"enableFIPS\": false\r\n  }\r\n}",
      "StatusCode": 200
    },
    {
      "RequestUri": "/subscriptions/0b1f6471-1bf0-4dda-aec3-cb9272f09590/resourceGroups/rgps5168/providers/Microsoft.ContainerService/managedClusters/kubeps8705/agentPools/pool2?api-version=2022-09-01",
      "EncodedRequestUri": "L3N1YnNjcmlwdGlvbnMvMGIxZjY0NzEtMWJmMC00ZGRhLWFlYzMtY2I5MjcyZjA5NTkwL3Jlc291cmNlR3JvdXBzL3JncHM1MTY4L3Byb3ZpZGVycy9NaWNyb3NvZnQuQ29udGFpbmVyU2VydmljZS9tYW5hZ2VkQ2x1c3RlcnMva3ViZXBzODcwNS9hZ2VudFBvb2xzL3Bvb2wyP2FwaS12ZXJzaW9uPTIwMjItMDktMDE=",
      "RequestMethod": "PUT",
      "RequestHeaders": {
        "x-ms-client-request-id": [
          "c66a9895-5de1-4226-87d0-890dba8785fe"
        ],
        "Accept-Language": [
          "en-US"
        ],
        "User-Agent": [
          "FxVersion/4.700.22.51102",
          "OSName/Windows",
          "OSVersion/Microsoft.Windows.10.0.22621",
          "Microsoft.Azure.Management.ContainerService.ContainerServiceClient/5.0.0"
        ],
        "Content-Type": [
          "application/json; charset=utf-8"
        ],
        "Content-Length": [
          "138"
        ]
      },
      "RequestBody": "{\r\n  \"properties\": {\r\n    \"count\": 1,\r\n    \"vmSize\": \"Standard_D2_v5\",\r\n    \"osDiskSizeGB\": 0,\r\n    \"enableEncryptionAtHost\": true\r\n  }\r\n}",
      "ResponseHeaders": {
        "Cache-Control": [
          "no-cache"
        ],
        "Pragma": [
          "no-cache"
        ],
        "x-ms-ratelimit-remaining-subscription-writes": [
          "1199"
        ],
        "azure-asyncoperation": [
          "https://management.azure.com/subscriptions/0b1f6471-1bf0-4dda-aec3-cb9272f09590/providers/Microsoft.ContainerService/locations/eastus/operations/375056ab-6806-4e71-b92e-dcd36c22abe6?api-version=2017-08-31"
        ],
        "x-ms-correlation-request-id": [
          "237a06f9-53a0-4d38-b72d-20a04837e6f4"
        ],
        "x-ms-request-id": [
          "375056ab-6806-4e71-b92e-dcd36c22abe6"
        ],
        "Strict-Transport-Security": [
          "max-age=31536000; includeSubDomains"
        ],
        "X-Content-Type-Options": [
          "nosniff"
        ],
        "Server": [
          "nginx"
        ],
        "x-ms-routing-request-id": [
          "SOUTHEASTASIA:20221130T070130Z:237a06f9-53a0-4d38-b72d-20a04837e6f4"
        ],
        "Date": [
          "Wed, 30 Nov 2022 07:01:29 GMT"
        ],
        "Content-Length": [
          "843"
        ],
        "Content-Type": [
          "application/json"
        ],
        "Expires": [
          "-1"
        ]
      },
      "ResponseBody": "{\r\n  \"id\": \"/subscriptions/0b1f6471-1bf0-4dda-aec3-cb9272f09590/resourcegroups/rgps5168/providers/Microsoft.ContainerService/managedClusters/kubeps8705/agentPools/pool2\",\r\n  \"name\": \"pool2\",\r\n  \"type\": \"Microsoft.ContainerService/managedClusters/agentPools\",\r\n  \"properties\": {\r\n    \"count\": 1,\r\n    \"vmSize\": \"Standard_D2_v5\",\r\n    \"osDiskSizeGB\": 128,\r\n    \"osDiskType\": \"Managed\",\r\n    \"kubeletDiskType\": \"OS\",\r\n    \"maxPods\": 30,\r\n    \"type\": \"VirtualMachineScaleSets\",\r\n    \"scaleDownMode\": \"Delete\",\r\n    \"provisioningState\": \"Creating\",\r\n    \"powerState\": {\r\n      \"code\": \"Running\"\r\n    },\r\n    \"orchestratorVersion\": \"1.23.12\",\r\n    \"currentOrchestratorVersion\": \"1.23.12\",\r\n    \"mode\": \"User\",\r\n    \"enableEncryptionAtHost\": true,\r\n    \"osType\": \"Linux\",\r\n    \"osSKU\": \"Ubuntu\",\r\n    \"nodeImageVersion\": \"AKSUbuntu-1804gen2containerd-2022.11.02\",\r\n    \"enableFIPS\": false\r\n  }\r\n}",
      "StatusCode": 201
    },
    {
      "RequestUri": "/subscriptions/0b1f6471-1bf0-4dda-aec3-cb9272f09590/providers/Microsoft.ContainerService/locations/eastus/operations/375056ab-6806-4e71-b92e-dcd36c22abe6?api-version=2017-08-31",
      "EncodedRequestUri": "L3N1YnNjcmlwdGlvbnMvMGIxZjY0NzEtMWJmMC00ZGRhLWFlYzMtY2I5MjcyZjA5NTkwL3Byb3ZpZGVycy9NaWNyb3NvZnQuQ29udGFpbmVyU2VydmljZS9sb2NhdGlvbnMvZWFzdHVzL29wZXJhdGlvbnMvMzc1MDU2YWItNjgwNi00ZTcxLWI5MmUtZGNkMzZjMjJhYmU2P2FwaS12ZXJzaW9uPTIwMTctMDgtMzE=",
      "RequestMethod": "GET",
      "RequestHeaders": {
        "x-ms-client-request-id": [
          "c66a9895-5de1-4226-87d0-890dba8785fe"
        ],
        "User-Agent": [
          "FxVersion/4.700.22.51102",
          "OSName/Windows",
          "OSVersion/Microsoft.Windows.10.0.22621",
          "Microsoft.Azure.Management.ContainerService.ContainerServiceClient/5.0.0"
        ]
      },
      "RequestBody": "",
      "ResponseHeaders": {
        "Cache-Control": [
          "no-cache"
        ],
        "Pragma": [
          "no-cache"
        ],
        "x-ms-ratelimit-remaining-subscription-reads": [
          "11994"
        ],
        "x-ms-correlation-request-id": [
          "fe760727-135b-49b5-ae2e-ecc22bd67913"
        ],
        "x-ms-request-id": [
          "70466ca8-9bd9-4a61-80f9-d467bd857de1"
        ],
        "Strict-Transport-Security": [
          "max-age=31536000; includeSubDomains"
        ],
        "X-Content-Type-Options": [
          "nosniff"
        ],
        "Server": [
          "nginx"
        ],
        "x-ms-routing-request-id": [
          "SOUTHEASTASIA:20221130T070200Z:fe760727-135b-49b5-ae2e-ecc22bd67913"
        ],
        "Date": [
          "Wed, 30 Nov 2022 07:01:59 GMT"
        ],
        "Content-Length": [
          "126"
        ],
        "Content-Type": [
          "application/json"
        ],
        "Expires": [
          "-1"
        ]
      },
      "ResponseBody": "{\r\n  \"name\": \"ab565037-0668-714e-b92e-dcd36c22abe6\",\r\n  \"status\": \"InProgress\",\r\n  \"startTime\": \"2022-11-30T07:01:29.9119519Z\"\r\n}",
      "StatusCode": 200
    },
    {
      "RequestUri": "/subscriptions/0b1f6471-1bf0-4dda-aec3-cb9272f09590/providers/Microsoft.ContainerService/locations/eastus/operations/375056ab-6806-4e71-b92e-dcd36c22abe6?api-version=2017-08-31",
      "EncodedRequestUri": "L3N1YnNjcmlwdGlvbnMvMGIxZjY0NzEtMWJmMC00ZGRhLWFlYzMtY2I5MjcyZjA5NTkwL3Byb3ZpZGVycy9NaWNyb3NvZnQuQ29udGFpbmVyU2VydmljZS9sb2NhdGlvbnMvZWFzdHVzL29wZXJhdGlvbnMvMzc1MDU2YWItNjgwNi00ZTcxLWI5MmUtZGNkMzZjMjJhYmU2P2FwaS12ZXJzaW9uPTIwMTctMDgtMzE=",
      "RequestMethod": "GET",
      "RequestHeaders": {
        "x-ms-client-request-id": [
          "c66a9895-5de1-4226-87d0-890dba8785fe"
        ],
        "User-Agent": [
          "FxVersion/4.700.22.51102",
          "OSName/Windows",
          "OSVersion/Microsoft.Windows.10.0.22621",
          "Microsoft.Azure.Management.ContainerService.ContainerServiceClient/5.0.0"
        ]
      },
      "RequestBody": "",
      "ResponseHeaders": {
        "Cache-Control": [
          "no-cache"
        ],
        "Pragma": [
          "no-cache"
        ],
        "x-ms-ratelimit-remaining-subscription-reads": [
          "11993"
        ],
        "x-ms-correlation-request-id": [
          "416fd5da-519b-40c6-9e8b-bca1e08c6694"
        ],
        "x-ms-request-id": [
          "ec555f1c-5f9b-4a9c-bcf4-a3e68f2005be"
        ],
        "Strict-Transport-Security": [
          "max-age=31536000; includeSubDomains"
        ],
        "X-Content-Type-Options": [
          "nosniff"
        ],
        "Server": [
          "nginx"
        ],
        "x-ms-routing-request-id": [
          "SOUTHEASTASIA:20221130T070230Z:416fd5da-519b-40c6-9e8b-bca1e08c6694"
        ],
        "Date": [
          "Wed, 30 Nov 2022 07:02:30 GMT"
        ],
        "Content-Length": [
          "126"
        ],
        "Content-Type": [
          "application/json"
        ],
        "Expires": [
          "-1"
        ]
      },
      "ResponseBody": "{\r\n  \"name\": \"ab565037-0668-714e-b92e-dcd36c22abe6\",\r\n  \"status\": \"InProgress\",\r\n  \"startTime\": \"2022-11-30T07:01:29.9119519Z\"\r\n}",
      "StatusCode": 200
    },
    {
      "RequestUri": "/subscriptions/0b1f6471-1bf0-4dda-aec3-cb9272f09590/providers/Microsoft.ContainerService/locations/eastus/operations/375056ab-6806-4e71-b92e-dcd36c22abe6?api-version=2017-08-31",
      "EncodedRequestUri": "L3N1YnNjcmlwdGlvbnMvMGIxZjY0NzEtMWJmMC00ZGRhLWFlYzMtY2I5MjcyZjA5NTkwL3Byb3ZpZGVycy9NaWNyb3NvZnQuQ29udGFpbmVyU2VydmljZS9sb2NhdGlvbnMvZWFzdHVzL29wZXJhdGlvbnMvMzc1MDU2YWItNjgwNi00ZTcxLWI5MmUtZGNkMzZjMjJhYmU2P2FwaS12ZXJzaW9uPTIwMTctMDgtMzE=",
      "RequestMethod": "GET",
      "RequestHeaders": {
        "x-ms-client-request-id": [
          "c66a9895-5de1-4226-87d0-890dba8785fe"
        ],
        "User-Agent": [
          "FxVersion/4.700.22.51102",
          "OSName/Windows",
          "OSVersion/Microsoft.Windows.10.0.22621",
          "Microsoft.Azure.Management.ContainerService.ContainerServiceClient/5.0.0"
        ]
      },
      "RequestBody": "",
      "ResponseHeaders": {
        "Cache-Control": [
          "no-cache"
        ],
        "Pragma": [
          "no-cache"
        ],
        "x-ms-ratelimit-remaining-subscription-reads": [
          "11992"
        ],
        "x-ms-correlation-request-id": [
          "d9590fcc-388e-4199-a451-a862f310f4ec"
        ],
        "x-ms-request-id": [
          "999d249e-9b2b-44ef-8c7f-022ed0f09576"
        ],
        "Strict-Transport-Security": [
          "max-age=31536000; includeSubDomains"
        ],
        "X-Content-Type-Options": [
          "nosniff"
        ],
        "Server": [
          "nginx"
        ],
        "x-ms-routing-request-id": [
          "SOUTHEASTASIA:20221130T070301Z:d9590fcc-388e-4199-a451-a862f310f4ec"
        ],
        "Date": [
          "Wed, 30 Nov 2022 07:03:00 GMT"
        ],
        "Content-Length": [
          "126"
        ],
        "Content-Type": [
          "application/json"
        ],
        "Expires": [
          "-1"
        ]
      },
      "ResponseBody": "{\r\n  \"name\": \"ab565037-0668-714e-b92e-dcd36c22abe6\",\r\n  \"status\": \"InProgress\",\r\n  \"startTime\": \"2022-11-30T07:01:29.9119519Z\"\r\n}",
      "StatusCode": 200
    },
    {
      "RequestUri": "/subscriptions/0b1f6471-1bf0-4dda-aec3-cb9272f09590/providers/Microsoft.ContainerService/locations/eastus/operations/375056ab-6806-4e71-b92e-dcd36c22abe6?api-version=2017-08-31",
      "EncodedRequestUri": "L3N1YnNjcmlwdGlvbnMvMGIxZjY0NzEtMWJmMC00ZGRhLWFlYzMtY2I5MjcyZjA5NTkwL3Byb3ZpZGVycy9NaWNyb3NvZnQuQ29udGFpbmVyU2VydmljZS9sb2NhdGlvbnMvZWFzdHVzL29wZXJhdGlvbnMvMzc1MDU2YWItNjgwNi00ZTcxLWI5MmUtZGNkMzZjMjJhYmU2P2FwaS12ZXJzaW9uPTIwMTctMDgtMzE=",
      "RequestMethod": "GET",
      "RequestHeaders": {
        "x-ms-client-request-id": [
          "c66a9895-5de1-4226-87d0-890dba8785fe"
        ],
        "User-Agent": [
          "FxVersion/4.700.22.51102",
          "OSName/Windows",
          "OSVersion/Microsoft.Windows.10.0.22621",
          "Microsoft.Azure.Management.ContainerService.ContainerServiceClient/5.0.0"
        ]
      },
      "RequestBody": "",
      "ResponseHeaders": {
        "Cache-Control": [
          "no-cache"
        ],
        "Pragma": [
          "no-cache"
        ],
        "x-ms-ratelimit-remaining-subscription-reads": [
          "11991"
        ],
        "x-ms-correlation-request-id": [
          "6313458c-0941-4a0e-8006-00273ad2d2ad"
        ],
        "x-ms-request-id": [
          "b374adbb-840c-4f5a-a3d3-58eb77345cdb"
        ],
        "Strict-Transport-Security": [
          "max-age=31536000; includeSubDomains"
        ],
        "X-Content-Type-Options": [
          "nosniff"
        ],
        "Server": [
          "nginx"
        ],
        "x-ms-routing-request-id": [
          "SOUTHEASTASIA:20221130T070331Z:6313458c-0941-4a0e-8006-00273ad2d2ad"
        ],
        "Date": [
          "Wed, 30 Nov 2022 07:03:30 GMT"
        ],
        "Content-Length": [
          "126"
        ],
        "Content-Type": [
          "application/json"
        ],
        "Expires": [
          "-1"
        ]
      },
      "ResponseBody": "{\r\n  \"name\": \"ab565037-0668-714e-b92e-dcd36c22abe6\",\r\n  \"status\": \"InProgress\",\r\n  \"startTime\": \"2022-11-30T07:01:29.9119519Z\"\r\n}",
      "StatusCode": 200
    },
    {
      "RequestUri": "/subscriptions/0b1f6471-1bf0-4dda-aec3-cb9272f09590/providers/Microsoft.ContainerService/locations/eastus/operations/375056ab-6806-4e71-b92e-dcd36c22abe6?api-version=2017-08-31",
      "EncodedRequestUri": "L3N1YnNjcmlwdGlvbnMvMGIxZjY0NzEtMWJmMC00ZGRhLWFlYzMtY2I5MjcyZjA5NTkwL3Byb3ZpZGVycy9NaWNyb3NvZnQuQ29udGFpbmVyU2VydmljZS9sb2NhdGlvbnMvZWFzdHVzL29wZXJhdGlvbnMvMzc1MDU2YWItNjgwNi00ZTcxLWI5MmUtZGNkMzZjMjJhYmU2P2FwaS12ZXJzaW9uPTIwMTctMDgtMzE=",
      "RequestMethod": "GET",
      "RequestHeaders": {
        "x-ms-client-request-id": [
          "c66a9895-5de1-4226-87d0-890dba8785fe"
        ],
        "User-Agent": [
          "FxVersion/4.700.22.51102",
          "OSName/Windows",
          "OSVersion/Microsoft.Windows.10.0.22621",
          "Microsoft.Azure.Management.ContainerService.ContainerServiceClient/5.0.0"
        ]
      },
      "RequestBody": "",
      "ResponseHeaders": {
        "Cache-Control": [
          "no-cache"
        ],
        "Pragma": [
          "no-cache"
        ],
        "x-ms-ratelimit-remaining-subscription-reads": [
          "11990"
        ],
        "x-ms-correlation-request-id": [
          "af804bdd-ebd0-4ff3-9d61-2ffacb16eb65"
        ],
        "x-ms-request-id": [
          "a61b9688-7984-42fc-b098-ca0ecae9c428"
        ],
        "Strict-Transport-Security": [
          "max-age=31536000; includeSubDomains"
        ],
        "X-Content-Type-Options": [
          "nosniff"
        ],
        "Server": [
          "nginx"
        ],
        "x-ms-routing-request-id": [
          "SOUTHEASTASIA:20221130T070402Z:af804bdd-ebd0-4ff3-9d61-2ffacb16eb65"
        ],
        "Date": [
          "Wed, 30 Nov 2022 07:04:01 GMT"
        ],
        "Content-Length": [
          "126"
        ],
        "Content-Type": [
          "application/json"
        ],
        "Expires": [
          "-1"
        ]
      },
      "ResponseBody": "{\r\n  \"name\": \"ab565037-0668-714e-b92e-dcd36c22abe6\",\r\n  \"status\": \"InProgress\",\r\n  \"startTime\": \"2022-11-30T07:01:29.9119519Z\"\r\n}",
      "StatusCode": 200
    },
    {
      "RequestUri": "/subscriptions/0b1f6471-1bf0-4dda-aec3-cb9272f09590/providers/Microsoft.ContainerService/locations/eastus/operations/375056ab-6806-4e71-b92e-dcd36c22abe6?api-version=2017-08-31",
      "EncodedRequestUri": "L3N1YnNjcmlwdGlvbnMvMGIxZjY0NzEtMWJmMC00ZGRhLWFlYzMtY2I5MjcyZjA5NTkwL3Byb3ZpZGVycy9NaWNyb3NvZnQuQ29udGFpbmVyU2VydmljZS9sb2NhdGlvbnMvZWFzdHVzL29wZXJhdGlvbnMvMzc1MDU2YWItNjgwNi00ZTcxLWI5MmUtZGNkMzZjMjJhYmU2P2FwaS12ZXJzaW9uPTIwMTctMDgtMzE=",
      "RequestMethod": "GET",
      "RequestHeaders": {
        "x-ms-client-request-id": [
          "c66a9895-5de1-4226-87d0-890dba8785fe"
        ],
        "User-Agent": [
          "FxVersion/4.700.22.51102",
          "OSName/Windows",
          "OSVersion/Microsoft.Windows.10.0.22621",
          "Microsoft.Azure.Management.ContainerService.ContainerServiceClient/5.0.0"
        ]
      },
      "RequestBody": "",
      "ResponseHeaders": {
        "Cache-Control": [
          "no-cache"
        ],
        "Pragma": [
          "no-cache"
        ],
        "x-ms-ratelimit-remaining-subscription-reads": [
          "11989"
        ],
        "x-ms-correlation-request-id": [
          "7465345c-dc7e-4f39-9fa7-e76eda3f5a13"
        ],
        "x-ms-request-id": [
          "258a7e75-583c-43b9-b2f5-2cd94d636abe"
        ],
        "Strict-Transport-Security": [
          "max-age=31536000; includeSubDomains"
        ],
        "X-Content-Type-Options": [
          "nosniff"
        ],
        "Server": [
          "nginx"
        ],
        "x-ms-routing-request-id": [
          "SOUTHEASTASIA:20221130T070438Z:7465345c-dc7e-4f39-9fa7-e76eda3f5a13"
        ],
        "Date": [
          "Wed, 30 Nov 2022 07:04:38 GMT"
        ],
        "Content-Length": [
          "126"
        ],
        "Content-Type": [
          "application/json"
        ],
        "Expires": [
          "-1"
        ]
      },
      "ResponseBody": "{\r\n  \"name\": \"ab565037-0668-714e-b92e-dcd36c22abe6\",\r\n  \"status\": \"InProgress\",\r\n  \"startTime\": \"2022-11-30T07:01:29.9119519Z\"\r\n}",
      "StatusCode": 200
    },
    {
      "RequestUri": "/subscriptions/0b1f6471-1bf0-4dda-aec3-cb9272f09590/providers/Microsoft.ContainerService/locations/eastus/operations/375056ab-6806-4e71-b92e-dcd36c22abe6?api-version=2017-08-31",
      "EncodedRequestUri": "L3N1YnNjcmlwdGlvbnMvMGIxZjY0NzEtMWJmMC00ZGRhLWFlYzMtY2I5MjcyZjA5NTkwL3Byb3ZpZGVycy9NaWNyb3NvZnQuQ29udGFpbmVyU2VydmljZS9sb2NhdGlvbnMvZWFzdHVzL29wZXJhdGlvbnMvMzc1MDU2YWItNjgwNi00ZTcxLWI5MmUtZGNkMzZjMjJhYmU2P2FwaS12ZXJzaW9uPTIwMTctMDgtMzE=",
      "RequestMethod": "GET",
      "RequestHeaders": {
        "x-ms-client-request-id": [
          "c66a9895-5de1-4226-87d0-890dba8785fe"
        ],
        "User-Agent": [
          "FxVersion/4.700.22.51102",
          "OSName/Windows",
          "OSVersion/Microsoft.Windows.10.0.22621",
          "Microsoft.Azure.Management.ContainerService.ContainerServiceClient/5.0.0"
        ]
      },
      "RequestBody": "",
      "ResponseHeaders": {
        "Cache-Control": [
          "no-cache"
        ],
        "Pragma": [
          "no-cache"
        ],
        "x-ms-ratelimit-remaining-subscription-reads": [
          "11988"
        ],
        "x-ms-correlation-request-id": [
          "d96376a4-5246-4c04-aeee-650016c5b45b"
        ],
        "x-ms-request-id": [
          "09b2fe4b-0d69-41af-8e17-c8e6935b5142"
        ],
        "Strict-Transport-Security": [
          "max-age=31536000; includeSubDomains"
        ],
        "X-Content-Type-Options": [
          "nosniff"
        ],
        "Server": [
          "nginx"
        ],
        "x-ms-routing-request-id": [
          "SOUTHEASTASIA:20221130T070509Z:d96376a4-5246-4c04-aeee-650016c5b45b"
        ],
        "Date": [
          "Wed, 30 Nov 2022 07:05:09 GMT"
        ],
        "Content-Length": [
          "170"
        ],
        "Content-Type": [
          "application/json"
        ],
        "Expires": [
          "-1"
        ]
      },
      "ResponseBody": "{\r\n  \"name\": \"ab565037-0668-714e-b92e-dcd36c22abe6\",\r\n  \"status\": \"Succeeded\",\r\n  \"startTime\": \"2022-11-30T07:01:29.9119519Z\",\r\n  \"endTime\": \"2022-11-30T07:05:01.7215074Z\"\r\n}",
      "StatusCode": 200
    },
    {
      "RequestUri": "/subscriptions/0b1f6471-1bf0-4dda-aec3-cb9272f09590/resourceGroups/rgps5168/providers/Microsoft.ContainerService/managedClusters/kubeps8705?api-version=2022-09-01",
      "EncodedRequestUri": "L3N1YnNjcmlwdGlvbnMvMGIxZjY0NzEtMWJmMC00ZGRhLWFlYzMtY2I5MjcyZjA5NTkwL3Jlc291cmNlR3JvdXBzL3JncHM1MTY4L3Byb3ZpZGVycy9NaWNyb3NvZnQuQ29udGFpbmVyU2VydmljZS9tYW5hZ2VkQ2x1c3RlcnMva3ViZXBzODcwNT9hcGktdmVyc2lvbj0yMDIyLTA5LTAx",
      "RequestMethod": "DELETE",
      "RequestHeaders": {
        "x-ms-client-request-id": [
          "922dc3b2-cb01-49c1-b2a3-19ec2f2294ba"
        ],
        "Accept-Language": [
          "en-US"
        ],
        "User-Agent": [
          "FxVersion/4.700.22.51102",
          "OSName/Windows",
          "OSVersion/Microsoft.Windows.10.0.22621",
          "Microsoft.Azure.Management.ContainerService.ContainerServiceClient/5.0.0"
        ]
      },
      "RequestBody": "",
      "ResponseHeaders": {
        "Cache-Control": [
          "no-cache"
        ],
        "Pragma": [
          "no-cache"
        ],
        "Location": [
          "https://management.azure.com/subscriptions/0b1f6471-1bf0-4dda-aec3-cb9272f09590/providers/Microsoft.ContainerService/locations/eastus/operationresults/b40833da-3f75-41b5-87ed-577703bb069b?api-version=2017-08-31"
        ],
        "x-ms-ratelimit-remaining-subscription-deletes": [
          "14999"
        ],
        "azure-asyncoperation": [
          "https://management.azure.com/subscriptions/0b1f6471-1bf0-4dda-aec3-cb9272f09590/providers/Microsoft.ContainerService/locations/eastus/operations/b40833da-3f75-41b5-87ed-577703bb069b?api-version=2017-08-31"
        ],
        "x-ms-correlation-request-id": [
          "a5a076ab-7792-458a-b940-97bf063b289f"
        ],
        "x-ms-request-id": [
          "b40833da-3f75-41b5-87ed-577703bb069b"
        ],
        "Strict-Transport-Security": [
          "max-age=31536000; includeSubDomains"
        ],
        "Server": [
          "nginx"
        ],
        "x-ms-routing-request-id": [
          "SOUTHEASTASIA:20221130T070521Z:a5a076ab-7792-458a-b940-97bf063b289f"
        ],
        "X-Content-Type-Options": [
          "nosniff"
        ],
        "Date": [
          "Wed, 30 Nov 2022 07:05:21 GMT"
        ],
        "Expires": [
          "-1"
        ],
        "Content-Length": [
          "0"
        ]
      },
      "ResponseBody": "",
      "StatusCode": 202
    },
    {
      "RequestUri": "/subscriptions/0b1f6471-1bf0-4dda-aec3-cb9272f09590/providers/Microsoft.ContainerService/locations/eastus/operations/b40833da-3f75-41b5-87ed-577703bb069b?api-version=2017-08-31",
      "EncodedRequestUri": "L3N1YnNjcmlwdGlvbnMvMGIxZjY0NzEtMWJmMC00ZGRhLWFlYzMtY2I5MjcyZjA5NTkwL3Byb3ZpZGVycy9NaWNyb3NvZnQuQ29udGFpbmVyU2VydmljZS9sb2NhdGlvbnMvZWFzdHVzL29wZXJhdGlvbnMvYjQwODMzZGEtM2Y3NS00MWI1LTg3ZWQtNTc3NzAzYmIwNjliP2FwaS12ZXJzaW9uPTIwMTctMDgtMzE=",
      "RequestMethod": "GET",
      "RequestHeaders": {
        "x-ms-client-request-id": [
          "922dc3b2-cb01-49c1-b2a3-19ec2f2294ba"
        ],
        "User-Agent": [
          "FxVersion/4.700.22.51102",
          "OSName/Windows",
          "OSVersion/Microsoft.Windows.10.0.22621",
          "Microsoft.Azure.Management.ContainerService.ContainerServiceClient/5.0.0"
        ]
      },
      "RequestBody": "",
      "ResponseHeaders": {
        "Cache-Control": [
          "no-cache"
        ],
        "Pragma": [
          "no-cache"
        ],
        "x-ms-ratelimit-remaining-subscription-reads": [
          "11999"
        ],
        "x-ms-correlation-request-id": [
          "99b60e1b-4d60-44b7-9656-d939658fc111"
        ],
        "x-ms-request-id": [
          "96d1daa4-105c-44d6-8f3d-1a0a3c1e78bf"
        ],
        "Strict-Transport-Security": [
          "max-age=31536000; includeSubDomains"
        ],
        "X-Content-Type-Options": [
          "nosniff"
        ],
        "Server": [
          "nginx"
        ],
        "x-ms-routing-request-id": [
          "SOUTHEASTASIA:20221130T070551Z:99b60e1b-4d60-44b7-9656-d939658fc111"
        ],
        "Date": [
          "Wed, 30 Nov 2022 07:05:51 GMT"
        ],
        "Content-Length": [
          "126"
        ],
        "Content-Type": [
          "application/json"
        ],
        "Expires": [
          "-1"
        ]
      },
      "ResponseBody": "{\r\n  \"name\": \"da3308b4-753f-b541-87ed-577703bb069b\",\r\n  \"status\": \"InProgress\",\r\n  \"startTime\": \"2022-11-30T07:05:21.4120375Z\"\r\n}",
      "StatusCode": 200
    },
    {
      "RequestUri": "/subscriptions/0b1f6471-1bf0-4dda-aec3-cb9272f09590/providers/Microsoft.ContainerService/locations/eastus/operations/b40833da-3f75-41b5-87ed-577703bb069b?api-version=2017-08-31",
      "EncodedRequestUri": "L3N1YnNjcmlwdGlvbnMvMGIxZjY0NzEtMWJmMC00ZGRhLWFlYzMtY2I5MjcyZjA5NTkwL3Byb3ZpZGVycy9NaWNyb3NvZnQuQ29udGFpbmVyU2VydmljZS9sb2NhdGlvbnMvZWFzdHVzL29wZXJhdGlvbnMvYjQwODMzZGEtM2Y3NS00MWI1LTg3ZWQtNTc3NzAzYmIwNjliP2FwaS12ZXJzaW9uPTIwMTctMDgtMzE=",
      "RequestMethod": "GET",
      "RequestHeaders": {
        "x-ms-client-request-id": [
          "922dc3b2-cb01-49c1-b2a3-19ec2f2294ba"
        ],
        "User-Agent": [
          "FxVersion/4.700.22.51102",
          "OSName/Windows",
          "OSVersion/Microsoft.Windows.10.0.22621",
          "Microsoft.Azure.Management.ContainerService.ContainerServiceClient/5.0.0"
        ]
      },
      "RequestBody": "",
      "ResponseHeaders": {
        "Cache-Control": [
          "no-cache"
        ],
        "Pragma": [
          "no-cache"
        ],
        "x-ms-ratelimit-remaining-subscription-reads": [
          "11998"
        ],
        "x-ms-correlation-request-id": [
          "e656fe71-217b-4995-a85a-9fd9be7c9eb6"
        ],
        "x-ms-request-id": [
          "00f3e91e-5702-4d4d-abd3-90ba5edbb70d"
        ],
        "Strict-Transport-Security": [
          "max-age=31536000; includeSubDomains"
        ],
        "X-Content-Type-Options": [
          "nosniff"
        ],
        "Server": [
          "nginx"
        ],
        "x-ms-routing-request-id": [
          "SOUTHEASTASIA:20221130T070622Z:e656fe71-217b-4995-a85a-9fd9be7c9eb6"
        ],
        "Date": [
          "Wed, 30 Nov 2022 07:06:22 GMT"
        ],
        "Content-Length": [
          "126"
        ],
        "Content-Type": [
          "application/json"
        ],
        "Expires": [
          "-1"
        ]
      },
      "ResponseBody": "{\r\n  \"name\": \"da3308b4-753f-b541-87ed-577703bb069b\",\r\n  \"status\": \"InProgress\",\r\n  \"startTime\": \"2022-11-30T07:05:21.4120375Z\"\r\n}",
      "StatusCode": 200
    },
    {
      "RequestUri": "/subscriptions/0b1f6471-1bf0-4dda-aec3-cb9272f09590/providers/Microsoft.ContainerService/locations/eastus/operations/b40833da-3f75-41b5-87ed-577703bb069b?api-version=2017-08-31",
      "EncodedRequestUri": "L3N1YnNjcmlwdGlvbnMvMGIxZjY0NzEtMWJmMC00ZGRhLWFlYzMtY2I5MjcyZjA5NTkwL3Byb3ZpZGVycy9NaWNyb3NvZnQuQ29udGFpbmVyU2VydmljZS9sb2NhdGlvbnMvZWFzdHVzL29wZXJhdGlvbnMvYjQwODMzZGEtM2Y3NS00MWI1LTg3ZWQtNTc3NzAzYmIwNjliP2FwaS12ZXJzaW9uPTIwMTctMDgtMzE=",
      "RequestMethod": "GET",
      "RequestHeaders": {
        "x-ms-client-request-id": [
          "922dc3b2-cb01-49c1-b2a3-19ec2f2294ba"
        ],
        "User-Agent": [
          "FxVersion/4.700.22.51102",
          "OSName/Windows",
          "OSVersion/Microsoft.Windows.10.0.22621",
          "Microsoft.Azure.Management.ContainerService.ContainerServiceClient/5.0.0"
        ]
      },
      "RequestBody": "",
      "ResponseHeaders": {
        "Cache-Control": [
          "no-cache"
        ],
        "Pragma": [
          "no-cache"
        ],
        "x-ms-ratelimit-remaining-subscription-reads": [
          "11997"
        ],
        "x-ms-correlation-request-id": [
          "3e5597e8-ac2a-459d-ab53-70fbd4eba805"
        ],
        "x-ms-request-id": [
          "605c1153-139d-4e3b-8e2e-a7fef7a053e8"
        ],
        "Strict-Transport-Security": [
          "max-age=31536000; includeSubDomains"
        ],
        "X-Content-Type-Options": [
          "nosniff"
        ],
        "Server": [
          "nginx"
        ],
        "x-ms-routing-request-id": [
          "SOUTHEASTASIA:20221130T070652Z:3e5597e8-ac2a-459d-ab53-70fbd4eba805"
        ],
        "Date": [
          "Wed, 30 Nov 2022 07:06:52 GMT"
        ],
        "Content-Length": [
          "126"
        ],
        "Content-Type": [
          "application/json"
        ],
        "Expires": [
          "-1"
        ]
      },
      "ResponseBody": "{\r\n  \"name\": \"da3308b4-753f-b541-87ed-577703bb069b\",\r\n  \"status\": \"InProgress\",\r\n  \"startTime\": \"2022-11-30T07:05:21.4120375Z\"\r\n}",
      "StatusCode": 200
    },
    {
      "RequestUri": "/subscriptions/0b1f6471-1bf0-4dda-aec3-cb9272f09590/providers/Microsoft.ContainerService/locations/eastus/operations/b40833da-3f75-41b5-87ed-577703bb069b?api-version=2017-08-31",
      "EncodedRequestUri": "L3N1YnNjcmlwdGlvbnMvMGIxZjY0NzEtMWJmMC00ZGRhLWFlYzMtY2I5MjcyZjA5NTkwL3Byb3ZpZGVycy9NaWNyb3NvZnQuQ29udGFpbmVyU2VydmljZS9sb2NhdGlvbnMvZWFzdHVzL29wZXJhdGlvbnMvYjQwODMzZGEtM2Y3NS00MWI1LTg3ZWQtNTc3NzAzYmIwNjliP2FwaS12ZXJzaW9uPTIwMTctMDgtMzE=",
      "RequestMethod": "GET",
      "RequestHeaders": {
        "x-ms-client-request-id": [
          "922dc3b2-cb01-49c1-b2a3-19ec2f2294ba"
        ],
        "User-Agent": [
          "FxVersion/4.700.22.51102",
          "OSName/Windows",
          "OSVersion/Microsoft.Windows.10.0.22621",
          "Microsoft.Azure.Management.ContainerService.ContainerServiceClient/5.0.0"
        ]
      },
      "RequestBody": "",
      "ResponseHeaders": {
        "Cache-Control": [
          "no-cache"
        ],
        "Pragma": [
          "no-cache"
        ],
        "x-ms-ratelimit-remaining-subscription-reads": [
          "11996"
        ],
        "x-ms-correlation-request-id": [
          "61f5d209-fbb9-4aa8-97b1-6faf9ff7f6a7"
        ],
        "x-ms-request-id": [
          "f6aa4f36-071a-44d9-b519-ed659fdc351e"
        ],
        "Strict-Transport-Security": [
          "max-age=31536000; includeSubDomains"
        ],
        "X-Content-Type-Options": [
          "nosniff"
        ],
        "Server": [
          "nginx"
        ],
        "x-ms-routing-request-id": [
          "SOUTHEASTASIA:20221130T070723Z:61f5d209-fbb9-4aa8-97b1-6faf9ff7f6a7"
        ],
        "Date": [
          "Wed, 30 Nov 2022 07:07:22 GMT"
        ],
        "Content-Length": [
          "126"
        ],
        "Content-Type": [
          "application/json"
        ],
        "Expires": [
          "-1"
        ]
      },
      "ResponseBody": "{\r\n  \"name\": \"da3308b4-753f-b541-87ed-577703bb069b\",\r\n  \"status\": \"InProgress\",\r\n  \"startTime\": \"2022-11-30T07:05:21.4120375Z\"\r\n}",
      "StatusCode": 200
    },
    {
      "RequestUri": "/subscriptions/0b1f6471-1bf0-4dda-aec3-cb9272f09590/providers/Microsoft.ContainerService/locations/eastus/operations/b40833da-3f75-41b5-87ed-577703bb069b?api-version=2017-08-31",
      "EncodedRequestUri": "L3N1YnNjcmlwdGlvbnMvMGIxZjY0NzEtMWJmMC00ZGRhLWFlYzMtY2I5MjcyZjA5NTkwL3Byb3ZpZGVycy9NaWNyb3NvZnQuQ29udGFpbmVyU2VydmljZS9sb2NhdGlvbnMvZWFzdHVzL29wZXJhdGlvbnMvYjQwODMzZGEtM2Y3NS00MWI1LTg3ZWQtNTc3NzAzYmIwNjliP2FwaS12ZXJzaW9uPTIwMTctMDgtMzE=",
      "RequestMethod": "GET",
      "RequestHeaders": {
        "x-ms-client-request-id": [
          "922dc3b2-cb01-49c1-b2a3-19ec2f2294ba"
        ],
        "User-Agent": [
          "FxVersion/4.700.22.51102",
          "OSName/Windows",
          "OSVersion/Microsoft.Windows.10.0.22621",
          "Microsoft.Azure.Management.ContainerService.ContainerServiceClient/5.0.0"
        ]
      },
      "RequestBody": "",
      "ResponseHeaders": {
        "Cache-Control": [
          "no-cache"
        ],
        "Pragma": [
          "no-cache"
        ],
        "x-ms-ratelimit-remaining-subscription-reads": [
          "11995"
        ],
        "x-ms-correlation-request-id": [
          "d2548392-2e18-4cf1-b8c4-a8271539df37"
        ],
        "x-ms-request-id": [
          "3d4179df-0814-42a2-9cae-e11e03e2d391"
        ],
        "Strict-Transport-Security": [
          "max-age=31536000; includeSubDomains"
        ],
        "X-Content-Type-Options": [
          "nosniff"
        ],
        "Server": [
          "nginx"
        ],
        "x-ms-routing-request-id": [
          "SOUTHEASTASIA:20221130T070753Z:d2548392-2e18-4cf1-b8c4-a8271539df37"
        ],
        "Date": [
          "Wed, 30 Nov 2022 07:07:52 GMT"
        ],
        "Content-Length": [
          "126"
        ],
        "Content-Type": [
          "application/json"
        ],
        "Expires": [
          "-1"
        ]
      },
      "ResponseBody": "{\r\n  \"name\": \"da3308b4-753f-b541-87ed-577703bb069b\",\r\n  \"status\": \"InProgress\",\r\n  \"startTime\": \"2022-11-30T07:05:21.4120375Z\"\r\n}",
      "StatusCode": 200
    },
    {
      "RequestUri": "/subscriptions/0b1f6471-1bf0-4dda-aec3-cb9272f09590/providers/Microsoft.ContainerService/locations/eastus/operations/b40833da-3f75-41b5-87ed-577703bb069b?api-version=2017-08-31",
      "EncodedRequestUri": "L3N1YnNjcmlwdGlvbnMvMGIxZjY0NzEtMWJmMC00ZGRhLWFlYzMtY2I5MjcyZjA5NTkwL3Byb3ZpZGVycy9NaWNyb3NvZnQuQ29udGFpbmVyU2VydmljZS9sb2NhdGlvbnMvZWFzdHVzL29wZXJhdGlvbnMvYjQwODMzZGEtM2Y3NS00MWI1LTg3ZWQtNTc3NzAzYmIwNjliP2FwaS12ZXJzaW9uPTIwMTctMDgtMzE=",
      "RequestMethod": "GET",
      "RequestHeaders": {
        "x-ms-client-request-id": [
          "922dc3b2-cb01-49c1-b2a3-19ec2f2294ba"
        ],
        "User-Agent": [
          "FxVersion/4.700.22.51102",
          "OSName/Windows",
          "OSVersion/Microsoft.Windows.10.0.22621",
          "Microsoft.Azure.Management.ContainerService.ContainerServiceClient/5.0.0"
        ]
      },
      "RequestBody": "",
      "ResponseHeaders": {
        "Cache-Control": [
          "no-cache"
        ],
        "Pragma": [
          "no-cache"
        ],
        "x-ms-ratelimit-remaining-subscription-reads": [
          "11994"
        ],
        "x-ms-correlation-request-id": [
          "41351da0-2ed2-4b8c-9a8d-2af03d89d001"
        ],
        "x-ms-request-id": [
          "c40fa8ee-c9f3-4207-86a2-4ec1b71157cc"
        ],
        "Strict-Transport-Security": [
          "max-age=31536000; includeSubDomains"
        ],
        "X-Content-Type-Options": [
          "nosniff"
        ],
        "Server": [
          "nginx"
        ],
        "x-ms-routing-request-id": [
          "SOUTHEASTASIA:20221130T070823Z:41351da0-2ed2-4b8c-9a8d-2af03d89d001"
        ],
        "Date": [
          "Wed, 30 Nov 2022 07:08:23 GMT"
        ],
        "Content-Length": [
          "126"
        ],
        "Content-Type": [
          "application/json"
        ],
        "Expires": [
          "-1"
        ]
      },
      "ResponseBody": "{\r\n  \"name\": \"da3308b4-753f-b541-87ed-577703bb069b\",\r\n  \"status\": \"InProgress\",\r\n  \"startTime\": \"2022-11-30T07:05:21.4120375Z\"\r\n}",
      "StatusCode": 200
    },
    {
      "RequestUri": "/subscriptions/0b1f6471-1bf0-4dda-aec3-cb9272f09590/providers/Microsoft.ContainerService/locations/eastus/operations/b40833da-3f75-41b5-87ed-577703bb069b?api-version=2017-08-31",
      "EncodedRequestUri": "L3N1YnNjcmlwdGlvbnMvMGIxZjY0NzEtMWJmMC00ZGRhLWFlYzMtY2I5MjcyZjA5NTkwL3Byb3ZpZGVycy9NaWNyb3NvZnQuQ29udGFpbmVyU2VydmljZS9sb2NhdGlvbnMvZWFzdHVzL29wZXJhdGlvbnMvYjQwODMzZGEtM2Y3NS00MWI1LTg3ZWQtNTc3NzAzYmIwNjliP2FwaS12ZXJzaW9uPTIwMTctMDgtMzE=",
      "RequestMethod": "GET",
      "RequestHeaders": {
        "x-ms-client-request-id": [
          "922dc3b2-cb01-49c1-b2a3-19ec2f2294ba"
        ],
        "User-Agent": [
          "FxVersion/4.700.22.51102",
          "OSName/Windows",
          "OSVersion/Microsoft.Windows.10.0.22621",
          "Microsoft.Azure.Management.ContainerService.ContainerServiceClient/5.0.0"
        ]
      },
      "RequestBody": "",
      "ResponseHeaders": {
        "Cache-Control": [
          "no-cache"
        ],
        "Pragma": [
          "no-cache"
        ],
        "x-ms-ratelimit-remaining-subscription-reads": [
          "11993"
        ],
        "x-ms-correlation-request-id": [
          "fbb1ed72-0a05-42cb-94e0-6b49a4ce8549"
        ],
        "x-ms-request-id": [
          "3450ce82-aae7-4777-8f41-d052be287436"
        ],
        "Strict-Transport-Security": [
          "max-age=31536000; includeSubDomains"
        ],
        "X-Content-Type-Options": [
          "nosniff"
        ],
        "Server": [
          "nginx"
        ],
        "x-ms-routing-request-id": [
          "SOUTHEASTASIA:20221130T070854Z:fbb1ed72-0a05-42cb-94e0-6b49a4ce8549"
        ],
        "Date": [
          "Wed, 30 Nov 2022 07:08:53 GMT"
        ],
        "Content-Length": [
          "126"
        ],
        "Content-Type": [
          "application/json"
        ],
        "Expires": [
          "-1"
        ]
      },
      "ResponseBody": "{\r\n  \"name\": \"da3308b4-753f-b541-87ed-577703bb069b\",\r\n  \"status\": \"InProgress\",\r\n  \"startTime\": \"2022-11-30T07:05:21.4120375Z\"\r\n}",
      "StatusCode": 200
    },
    {
      "RequestUri": "/subscriptions/0b1f6471-1bf0-4dda-aec3-cb9272f09590/providers/Microsoft.ContainerService/locations/eastus/operations/b40833da-3f75-41b5-87ed-577703bb069b?api-version=2017-08-31",
      "EncodedRequestUri": "L3N1YnNjcmlwdGlvbnMvMGIxZjY0NzEtMWJmMC00ZGRhLWFlYzMtY2I5MjcyZjA5NTkwL3Byb3ZpZGVycy9NaWNyb3NvZnQuQ29udGFpbmVyU2VydmljZS9sb2NhdGlvbnMvZWFzdHVzL29wZXJhdGlvbnMvYjQwODMzZGEtM2Y3NS00MWI1LTg3ZWQtNTc3NzAzYmIwNjliP2FwaS12ZXJzaW9uPTIwMTctMDgtMzE=",
      "RequestMethod": "GET",
      "RequestHeaders": {
        "x-ms-client-request-id": [
          "922dc3b2-cb01-49c1-b2a3-19ec2f2294ba"
        ],
        "User-Agent": [
          "FxVersion/4.700.22.51102",
          "OSName/Windows",
          "OSVersion/Microsoft.Windows.10.0.22621",
          "Microsoft.Azure.Management.ContainerService.ContainerServiceClient/5.0.0"
        ]
      },
      "RequestBody": "",
      "ResponseHeaders": {
        "Cache-Control": [
          "no-cache"
        ],
        "Pragma": [
          "no-cache"
        ],
        "x-ms-ratelimit-remaining-subscription-reads": [
          "11992"
        ],
        "x-ms-correlation-request-id": [
          "ebb39327-210a-4b41-808f-1e603e592939"
        ],
        "x-ms-request-id": [
          "1290dd4a-1019-4916-a2a5-15cb2578d10f"
        ],
        "Strict-Transport-Security": [
          "max-age=31536000; includeSubDomains"
        ],
        "X-Content-Type-Options": [
          "nosniff"
        ],
        "Server": [
          "nginx"
        ],
        "x-ms-routing-request-id": [
          "SOUTHEASTASIA:20221130T070924Z:ebb39327-210a-4b41-808f-1e603e592939"
        ],
        "Date": [
          "Wed, 30 Nov 2022 07:09:23 GMT"
        ],
        "Content-Length": [
          "126"
        ],
        "Content-Type": [
          "application/json"
        ],
        "Expires": [
          "-1"
        ]
      },
      "ResponseBody": "{\r\n  \"name\": \"da3308b4-753f-b541-87ed-577703bb069b\",\r\n  \"status\": \"InProgress\",\r\n  \"startTime\": \"2022-11-30T07:05:21.4120375Z\"\r\n}",
      "StatusCode": 200
    },
    {
      "RequestUri": "/subscriptions/0b1f6471-1bf0-4dda-aec3-cb9272f09590/providers/Microsoft.ContainerService/locations/eastus/operations/b40833da-3f75-41b5-87ed-577703bb069b?api-version=2017-08-31",
      "EncodedRequestUri": "L3N1YnNjcmlwdGlvbnMvMGIxZjY0NzEtMWJmMC00ZGRhLWFlYzMtY2I5MjcyZjA5NTkwL3Byb3ZpZGVycy9NaWNyb3NvZnQuQ29udGFpbmVyU2VydmljZS9sb2NhdGlvbnMvZWFzdHVzL29wZXJhdGlvbnMvYjQwODMzZGEtM2Y3NS00MWI1LTg3ZWQtNTc3NzAzYmIwNjliP2FwaS12ZXJzaW9uPTIwMTctMDgtMzE=",
      "RequestMethod": "GET",
      "RequestHeaders": {
        "x-ms-client-request-id": [
          "922dc3b2-cb01-49c1-b2a3-19ec2f2294ba"
        ],
        "User-Agent": [
          "FxVersion/4.700.22.51102",
          "OSName/Windows",
          "OSVersion/Microsoft.Windows.10.0.22621",
          "Microsoft.Azure.Management.ContainerService.ContainerServiceClient/5.0.0"
        ]
      },
      "RequestBody": "",
      "ResponseHeaders": {
        "Cache-Control": [
          "no-cache"
        ],
        "Pragma": [
          "no-cache"
        ],
        "x-ms-ratelimit-remaining-subscription-reads": [
          "11991"
        ],
        "x-ms-correlation-request-id": [
          "e093cc15-89af-4d67-89c1-a62c8eb48a92"
        ],
        "x-ms-request-id": [
          "e05b3eac-1fc6-4c95-8536-b11f52afa0d9"
        ],
        "Strict-Transport-Security": [
          "max-age=31536000; includeSubDomains"
        ],
        "X-Content-Type-Options": [
          "nosniff"
        ],
        "Server": [
          "nginx"
        ],
        "x-ms-routing-request-id": [
          "SOUTHEASTASIA:20221130T070954Z:e093cc15-89af-4d67-89c1-a62c8eb48a92"
        ],
        "Date": [
          "Wed, 30 Nov 2022 07:09:54 GMT"
        ],
        "Content-Length": [
          "126"
        ],
        "Content-Type": [
          "application/json"
        ],
        "Expires": [
          "-1"
        ]
      },
      "ResponseBody": "{\r\n  \"name\": \"da3308b4-753f-b541-87ed-577703bb069b\",\r\n  \"status\": \"InProgress\",\r\n  \"startTime\": \"2022-11-30T07:05:21.4120375Z\"\r\n}",
      "StatusCode": 200
    },
    {
      "RequestUri": "/subscriptions/0b1f6471-1bf0-4dda-aec3-cb9272f09590/providers/Microsoft.ContainerService/locations/eastus/operations/b40833da-3f75-41b5-87ed-577703bb069b?api-version=2017-08-31",
      "EncodedRequestUri": "L3N1YnNjcmlwdGlvbnMvMGIxZjY0NzEtMWJmMC00ZGRhLWFlYzMtY2I5MjcyZjA5NTkwL3Byb3ZpZGVycy9NaWNyb3NvZnQuQ29udGFpbmVyU2VydmljZS9sb2NhdGlvbnMvZWFzdHVzL29wZXJhdGlvbnMvYjQwODMzZGEtM2Y3NS00MWI1LTg3ZWQtNTc3NzAzYmIwNjliP2FwaS12ZXJzaW9uPTIwMTctMDgtMzE=",
      "RequestMethod": "GET",
      "RequestHeaders": {
        "x-ms-client-request-id": [
          "922dc3b2-cb01-49c1-b2a3-19ec2f2294ba"
        ],
        "User-Agent": [
          "FxVersion/4.700.22.51102",
          "OSName/Windows",
          "OSVersion/Microsoft.Windows.10.0.22621",
          "Microsoft.Azure.Management.ContainerService.ContainerServiceClient/5.0.0"
        ]
      },
      "RequestBody": "",
      "ResponseHeaders": {
        "Cache-Control": [
          "no-cache"
        ],
        "Pragma": [
          "no-cache"
        ],
        "x-ms-ratelimit-remaining-subscription-reads": [
          "11990"
        ],
        "x-ms-correlation-request-id": [
          "d1bb0f47-cffc-45d6-9632-3925eacf9b40"
        ],
        "x-ms-request-id": [
          "60e516e1-44c6-404e-bad2-a10638bd297d"
        ],
        "Strict-Transport-Security": [
          "max-age=31536000; includeSubDomains"
        ],
        "X-Content-Type-Options": [
          "nosniff"
        ],
        "Server": [
          "nginx"
        ],
        "x-ms-routing-request-id": [
          "SOUTHEASTASIA:20221130T071025Z:d1bb0f47-cffc-45d6-9632-3925eacf9b40"
        ],
        "Date": [
          "Wed, 30 Nov 2022 07:10:24 GMT"
        ],
        "Content-Length": [
          "126"
        ],
        "Content-Type": [
          "application/json"
        ],
        "Expires": [
          "-1"
        ]
      },
      "ResponseBody": "{\r\n  \"name\": \"da3308b4-753f-b541-87ed-577703bb069b\",\r\n  \"status\": \"InProgress\",\r\n  \"startTime\": \"2022-11-30T07:05:21.4120375Z\"\r\n}",
      "StatusCode": 200
    },
    {
      "RequestUri": "/subscriptions/0b1f6471-1bf0-4dda-aec3-cb9272f09590/providers/Microsoft.ContainerService/locations/eastus/operations/b40833da-3f75-41b5-87ed-577703bb069b?api-version=2017-08-31",
      "EncodedRequestUri": "L3N1YnNjcmlwdGlvbnMvMGIxZjY0NzEtMWJmMC00ZGRhLWFlYzMtY2I5MjcyZjA5NTkwL3Byb3ZpZGVycy9NaWNyb3NvZnQuQ29udGFpbmVyU2VydmljZS9sb2NhdGlvbnMvZWFzdHVzL29wZXJhdGlvbnMvYjQwODMzZGEtM2Y3NS00MWI1LTg3ZWQtNTc3NzAzYmIwNjliP2FwaS12ZXJzaW9uPTIwMTctMDgtMzE=",
      "RequestMethod": "GET",
      "RequestHeaders": {
        "x-ms-client-request-id": [
          "922dc3b2-cb01-49c1-b2a3-19ec2f2294ba"
        ],
        "User-Agent": [
          "FxVersion/4.700.22.51102",
          "OSName/Windows",
          "OSVersion/Microsoft.Windows.10.0.22621",
          "Microsoft.Azure.Management.ContainerService.ContainerServiceClient/5.0.0"
        ]
      },
      "RequestBody": "",
      "ResponseHeaders": {
        "Cache-Control": [
          "no-cache"
        ],
        "Pragma": [
          "no-cache"
        ],
        "x-ms-ratelimit-remaining-subscription-reads": [
          "11989"
        ],
        "x-ms-correlation-request-id": [
          "f7f2abcb-4bad-47a4-abe4-5f05a8c72dfc"
        ],
        "x-ms-request-id": [
          "d4db37c9-d49d-4126-ab2a-10b107fed87c"
        ],
        "Strict-Transport-Security": [
          "max-age=31536000; includeSubDomains"
        ],
        "X-Content-Type-Options": [
          "nosniff"
        ],
        "Server": [
          "nginx"
        ],
        "x-ms-routing-request-id": [
          "SOUTHEASTASIA:20221130T071055Z:f7f2abcb-4bad-47a4-abe4-5f05a8c72dfc"
        ],
        "Date": [
          "Wed, 30 Nov 2022 07:10:55 GMT"
        ],
        "Content-Length": [
          "170"
        ],
        "Content-Type": [
          "application/json"
        ],
        "Expires": [
          "-1"
        ]
      },
      "ResponseBody": "{\r\n  \"name\": \"da3308b4-753f-b541-87ed-577703bb069b\",\r\n  \"status\": \"Succeeded\",\r\n  \"startTime\": \"2022-11-30T07:05:21.4120375Z\",\r\n  \"endTime\": \"2022-11-30T07:10:29.4752603Z\"\r\n}",
      "StatusCode": 200
    },
    {
      "RequestUri": "/subscriptions/0b1f6471-1bf0-4dda-aec3-cb9272f09590/providers/Microsoft.ContainerService/locations/eastus/operationresults/b40833da-3f75-41b5-87ed-577703bb069b?api-version=2017-08-31",
      "EncodedRequestUri": "L3N1YnNjcmlwdGlvbnMvMGIxZjY0NzEtMWJmMC00ZGRhLWFlYzMtY2I5MjcyZjA5NTkwL3Byb3ZpZGVycy9NaWNyb3NvZnQuQ29udGFpbmVyU2VydmljZS9sb2NhdGlvbnMvZWFzdHVzL29wZXJhdGlvbnJlc3VsdHMvYjQwODMzZGEtM2Y3NS00MWI1LTg3ZWQtNTc3NzAzYmIwNjliP2FwaS12ZXJzaW9uPTIwMTctMDgtMzE=",
      "RequestMethod": "GET",
      "RequestHeaders": {
        "x-ms-client-request-id": [
          "922dc3b2-cb01-49c1-b2a3-19ec2f2294ba"
        ],
        "User-Agent": [
          "FxVersion/4.700.22.51102",
          "OSName/Windows",
          "OSVersion/Microsoft.Windows.10.0.22621",
          "Microsoft.Azure.Management.ContainerService.ContainerServiceClient/5.0.0"
        ]
      },
      "RequestBody": "",
      "ResponseHeaders": {
        "Cache-Control": [
          "no-cache"
        ],
        "Pragma": [
          "no-cache"
        ],
        "Location": [
          "https://management.azure.com/subscriptions/0b1f6471-1bf0-4dda-aec3-cb9272f09590/providers/Microsoft.ContainerService/locations/eastus/operationresults/b40833da-3f75-41b5-87ed-577703bb069b?api-version=2017-08-31"
        ],
        "x-ms-ratelimit-remaining-subscription-reads": [
          "11988"
        ],
        "x-ms-correlation-request-id": [
          "c384ec4c-2fa0-4c03-8092-a0a8c255e42c"
        ],
        "x-ms-request-id": [
          "721b6025-7f22-4551-bea3-f0672c787ba1"
        ],
        "Strict-Transport-Security": [
          "max-age=31536000; includeSubDomains"
        ],
        "X-Content-Type-Options": [
          "nosniff"
        ],
        "Server": [
          "nginx"
        ],
        "x-ms-routing-request-id": [
          "SOUTHEASTASIA:20221130T071055Z:c384ec4c-2fa0-4c03-8092-a0a8c255e42c"
        ],
        "Date": [
          "Wed, 30 Nov 2022 07:10:55 GMT"
        ],
        "Content-Type": [
          "application/json"
        ],
        "Expires": [
          "-1"
        ]
      },
      "ResponseBody": "",
      "StatusCode": 204
    },
    {
      "RequestUri": "/subscriptions/0b1f6471-1bf0-4dda-aec3-cb9272f09590/resourcegroups/rgps5168?api-version=2016-09-01",
      "EncodedRequestUri": "L3N1YnNjcmlwdGlvbnMvMGIxZjY0NzEtMWJmMC00ZGRhLWFlYzMtY2I5MjcyZjA5NTkwL3Jlc291cmNlZ3JvdXBzL3JncHM1MTY4P2FwaS12ZXJzaW9uPTIwMTYtMDktMDE=",
      "RequestMethod": "DELETE",
      "RequestHeaders": {
        "x-ms-client-request-id": [
          "931c5aa9-316a-49e1-9a14-80d0528fccaf"
        ],
        "Accept-Language": [
          "en-US"
        ],
        "User-Agent": [
          "FxVersion/4.700.22.51102",
          "OSName/Windows",
          "OSVersion/Microsoft.Windows.10.0.22621",
          "Microsoft.Azure.Management.Internal.Resources.ResourceManagementClient/1.3.65"
        ]
      },
      "RequestBody": "",
      "ResponseHeaders": {
        "Cache-Control": [
          "no-cache"
        ],
        "Pragma": [
          "no-cache"
        ],
        "Location": [
          "https://management.azure.com/subscriptions/0b1f6471-1bf0-4dda-aec3-cb9272f09590/operationresults/eyJqb2JJZCI6IlJFU09VUkNFR1JPVVBERUxFVElPTkpPQi1SR1BTNTE2OC1FQVNUVVMiLCJqb2JMb2NhdGlvbiI6ImVhc3R1cyJ9?api-version=2016-09-01"
        ],
        "Retry-After": [
          "15"
        ],
        "x-ms-ratelimit-remaining-subscription-deletes": [
          "14999"
        ],
        "x-ms-request-id": [
          "c3777cfc-c615-4a0d-8d25-fff6ac1365be"
        ],
        "x-ms-correlation-request-id": [
          "c3777cfc-c615-4a0d-8d25-fff6ac1365be"
        ],
        "x-ms-routing-request-id": [
          "SOUTHEASTASIA:20221130T071101Z:c3777cfc-c615-4a0d-8d25-fff6ac1365be"
        ],
        "Strict-Transport-Security": [
          "max-age=31536000; includeSubDomains"
        ],
        "X-Content-Type-Options": [
          "nosniff"
        ],
        "Date": [
          "Wed, 30 Nov 2022 07:11:01 GMT"
        ],
        "Expires": [
          "-1"
        ],
        "Content-Length": [
          "0"
        ]
      },
      "ResponseBody": "",
      "StatusCode": 202
    },
    {
      "RequestUri": "/subscriptions/0b1f6471-1bf0-4dda-aec3-cb9272f09590/operationresults/eyJqb2JJZCI6IlJFU09VUkNFR1JPVVBERUxFVElPTkpPQi1SR1BTNTE2OC1FQVNUVVMiLCJqb2JMb2NhdGlvbiI6ImVhc3R1cyJ9?api-version=2016-09-01",
      "EncodedRequestUri": "L3N1YnNjcmlwdGlvbnMvMGIxZjY0NzEtMWJmMC00ZGRhLWFlYzMtY2I5MjcyZjA5NTkwL29wZXJhdGlvbnJlc3VsdHMvZXlKcWIySkpaQ0k2SWxKRlUwOVZVa05GUjFKUFZWQkVSVXhGVkVsUFRrcFBRaTFTUjFCVE5URTJPQzFGUVZOVVZWTWlMQ0pxYjJKTWIyTmhkR2x2YmlJNkltVmhjM1IxY3lKOT9hcGktdmVyc2lvbj0yMDE2LTA5LTAx",
      "RequestMethod": "GET",
      "RequestHeaders": {
        "User-Agent": [
          "FxVersion/4.700.22.51102",
          "OSName/Windows",
          "OSVersion/Microsoft.Windows.10.0.22621",
          "Microsoft.Azure.Management.Internal.Resources.ResourceManagementClient/1.3.65"
        ]
      },
      "RequestBody": "",
      "ResponseHeaders": {
        "Cache-Control": [
          "no-cache"
        ],
        "Pragma": [
          "no-cache"
        ],
        "Location": [
          "https://management.azure.com/subscriptions/0b1f6471-1bf0-4dda-aec3-cb9272f09590/operationresults/eyJqb2JJZCI6IlJFU09VUkNFR1JPVVBERUxFVElPTkpPQi1SR1BTNTE2OC1FQVNUVVMiLCJqb2JMb2NhdGlvbiI6ImVhc3R1cyJ9?api-version=2016-09-01"
        ],
        "Retry-After": [
          "15"
        ],
        "x-ms-ratelimit-remaining-subscription-reads": [
          "11999"
        ],
        "x-ms-request-id": [
          "42e14242-1ba7-4b5a-905b-3b45a52e5597"
        ],
        "x-ms-correlation-request-id": [
          "42e14242-1ba7-4b5a-905b-3b45a52e5597"
        ],
        "x-ms-routing-request-id": [
          "SOUTHEASTASIA:20221130T071117Z:42e14242-1ba7-4b5a-905b-3b45a52e5597"
        ],
        "Strict-Transport-Security": [
          "max-age=31536000; includeSubDomains"
        ],
        "X-Content-Type-Options": [
          "nosniff"
        ],
        "Date": [
          "Wed, 30 Nov 2022 07:11:16 GMT"
        ],
        "Expires": [
          "-1"
        ],
        "Content-Length": [
          "0"
        ]
      },
      "ResponseBody": "",
      "StatusCode": 202
    },
    {
      "RequestUri": "/subscriptions/0b1f6471-1bf0-4dda-aec3-cb9272f09590/operationresults/eyJqb2JJZCI6IlJFU09VUkNFR1JPVVBERUxFVElPTkpPQi1SR1BTNTE2OC1FQVNUVVMiLCJqb2JMb2NhdGlvbiI6ImVhc3R1cyJ9?api-version=2016-09-01",
      "EncodedRequestUri": "L3N1YnNjcmlwdGlvbnMvMGIxZjY0NzEtMWJmMC00ZGRhLWFlYzMtY2I5MjcyZjA5NTkwL29wZXJhdGlvbnJlc3VsdHMvZXlKcWIySkpaQ0k2SWxKRlUwOVZVa05GUjFKUFZWQkVSVXhGVkVsUFRrcFBRaTFTUjFCVE5URTJPQzFGUVZOVVZWTWlMQ0pxYjJKTWIyTmhkR2x2YmlJNkltVmhjM1IxY3lKOT9hcGktdmVyc2lvbj0yMDE2LTA5LTAx",
      "RequestMethod": "GET",
      "RequestHeaders": {
        "User-Agent": [
          "FxVersion/4.700.22.51102",
          "OSName/Windows",
          "OSVersion/Microsoft.Windows.10.0.22621",
          "Microsoft.Azure.Management.Internal.Resources.ResourceManagementClient/1.3.65"
        ]
      },
      "RequestBody": "",
      "ResponseHeaders": {
        "Cache-Control": [
          "no-cache"
        ],
        "Pragma": [
          "no-cache"
        ],
        "Location": [
          "https://management.azure.com/subscriptions/0b1f6471-1bf0-4dda-aec3-cb9272f09590/operationresults/eyJqb2JJZCI6IlJFU09VUkNFR1JPVVBERUxFVElPTkpPQi1SR1BTNTE2OC1FQVNUVVMiLCJqb2JMb2NhdGlvbiI6ImVhc3R1cyJ9?api-version=2016-09-01"
        ],
        "Retry-After": [
          "15"
        ],
        "x-ms-ratelimit-remaining-subscription-reads": [
          "11998"
        ],
        "x-ms-request-id": [
          "9694c286-c0d8-44b7-ab1e-865b2a13a214"
        ],
        "x-ms-correlation-request-id": [
          "9694c286-c0d8-44b7-ab1e-865b2a13a214"
        ],
        "x-ms-routing-request-id": [
          "SOUTHEASTASIA:20221130T071132Z:9694c286-c0d8-44b7-ab1e-865b2a13a214"
        ],
        "Strict-Transport-Security": [
          "max-age=31536000; includeSubDomains"
        ],
        "X-Content-Type-Options": [
          "nosniff"
        ],
        "Date": [
          "Wed, 30 Nov 2022 07:11:32 GMT"
        ],
        "Expires": [
          "-1"
        ],
        "Content-Length": [
          "0"
        ]
      },
      "ResponseBody": "",
      "StatusCode": 202
    },
    {
      "RequestUri": "/subscriptions/0b1f6471-1bf0-4dda-aec3-cb9272f09590/operationresults/eyJqb2JJZCI6IlJFU09VUkNFR1JPVVBERUxFVElPTkpPQi1SR1BTNTE2OC1FQVNUVVMiLCJqb2JMb2NhdGlvbiI6ImVhc3R1cyJ9?api-version=2016-09-01",
      "EncodedRequestUri": "L3N1YnNjcmlwdGlvbnMvMGIxZjY0NzEtMWJmMC00ZGRhLWFlYzMtY2I5MjcyZjA5NTkwL29wZXJhdGlvbnJlc3VsdHMvZXlKcWIySkpaQ0k2SWxKRlUwOVZVa05GUjFKUFZWQkVSVXhGVkVsUFRrcFBRaTFTUjFCVE5URTJPQzFGUVZOVVZWTWlMQ0pxYjJKTWIyTmhkR2x2YmlJNkltVmhjM1IxY3lKOT9hcGktdmVyc2lvbj0yMDE2LTA5LTAx",
      "RequestMethod": "GET",
      "RequestHeaders": {
        "User-Agent": [
          "FxVersion/4.700.22.51102",
          "OSName/Windows",
          "OSVersion/Microsoft.Windows.10.0.22621",
          "Microsoft.Azure.Management.Internal.Resources.ResourceManagementClient/1.3.65"
        ]
      },
      "RequestBody": "",
      "ResponseHeaders": {
        "Cache-Control": [
          "no-cache"
        ],
        "Pragma": [
          "no-cache"
        ],
        "Location": [
          "https://management.azure.com/subscriptions/0b1f6471-1bf0-4dda-aec3-cb9272f09590/operationresults/eyJqb2JJZCI6IlJFU09VUkNFR1JPVVBERUxFVElPTkpPQi1SR1BTNTE2OC1FQVNUVVMiLCJqb2JMb2NhdGlvbiI6ImVhc3R1cyJ9?api-version=2016-09-01"
        ],
        "Retry-After": [
          "15"
        ],
        "x-ms-ratelimit-remaining-subscription-reads": [
          "11997"
        ],
        "x-ms-request-id": [
          "968fdfa7-0828-4802-9fb5-8c2f0814d48a"
        ],
        "x-ms-correlation-request-id": [
          "968fdfa7-0828-4802-9fb5-8c2f0814d48a"
        ],
        "x-ms-routing-request-id": [
          "SOUTHEASTASIA:20221130T071148Z:968fdfa7-0828-4802-9fb5-8c2f0814d48a"
        ],
        "Strict-Transport-Security": [
          "max-age=31536000; includeSubDomains"
        ],
        "X-Content-Type-Options": [
          "nosniff"
        ],
        "Date": [
          "Wed, 30 Nov 2022 07:11:47 GMT"
        ],
        "Expires": [
          "-1"
        ],
        "Content-Length": [
          "0"
        ]
      },
      "ResponseBody": "",
      "StatusCode": 202
    },
    {
      "RequestUri": "/subscriptions/0b1f6471-1bf0-4dda-aec3-cb9272f09590/operationresults/eyJqb2JJZCI6IlJFU09VUkNFR1JPVVBERUxFVElPTkpPQi1SR1BTNTE2OC1FQVNUVVMiLCJqb2JMb2NhdGlvbiI6ImVhc3R1cyJ9?api-version=2016-09-01",
      "EncodedRequestUri": "L3N1YnNjcmlwdGlvbnMvMGIxZjY0NzEtMWJmMC00ZGRhLWFlYzMtY2I5MjcyZjA5NTkwL29wZXJhdGlvbnJlc3VsdHMvZXlKcWIySkpaQ0k2SWxKRlUwOVZVa05GUjFKUFZWQkVSVXhGVkVsUFRrcFBRaTFTUjFCVE5URTJPQzFGUVZOVVZWTWlMQ0pxYjJKTWIyTmhkR2x2YmlJNkltVmhjM1IxY3lKOT9hcGktdmVyc2lvbj0yMDE2LTA5LTAx",
      "RequestMethod": "GET",
      "RequestHeaders": {
        "User-Agent": [
          "FxVersion/4.700.22.51102",
          "OSName/Windows",
          "OSVersion/Microsoft.Windows.10.0.22621",
          "Microsoft.Azure.Management.Internal.Resources.ResourceManagementClient/1.3.65"
        ]
      },
      "RequestBody": "",
      "ResponseHeaders": {
        "Cache-Control": [
          "no-cache"
        ],
        "Pragma": [
          "no-cache"
        ],
        "Location": [
          "https://management.azure.com/subscriptions/0b1f6471-1bf0-4dda-aec3-cb9272f09590/operationresults/eyJqb2JJZCI6IlJFU09VUkNFR1JPVVBERUxFVElPTkpPQi1SR1BTNTE2OC1FQVNUVVMiLCJqb2JMb2NhdGlvbiI6ImVhc3R1cyJ9?api-version=2016-09-01"
        ],
        "Retry-After": [
          "15"
        ],
        "x-ms-ratelimit-remaining-subscription-reads": [
          "11996"
        ],
        "x-ms-request-id": [
          "2dbb9e77-c64c-4a38-8d4c-c8a4555d81fb"
        ],
        "x-ms-correlation-request-id": [
          "2dbb9e77-c64c-4a38-8d4c-c8a4555d81fb"
        ],
        "x-ms-routing-request-id": [
          "SOUTHEASTASIA:20221130T071203Z:2dbb9e77-c64c-4a38-8d4c-c8a4555d81fb"
        ],
        "Strict-Transport-Security": [
          "max-age=31536000; includeSubDomains"
        ],
        "X-Content-Type-Options": [
          "nosniff"
        ],
        "Date": [
          "Wed, 30 Nov 2022 07:12:03 GMT"
        ],
        "Expires": [
          "-1"
        ],
        "Content-Length": [
          "0"
        ]
      },
      "ResponseBody": "",
      "StatusCode": 202
    },
    {
      "RequestUri": "/subscriptions/0b1f6471-1bf0-4dda-aec3-cb9272f09590/operationresults/eyJqb2JJZCI6IlJFU09VUkNFR1JPVVBERUxFVElPTkpPQi1SR1BTNTE2OC1FQVNUVVMiLCJqb2JMb2NhdGlvbiI6ImVhc3R1cyJ9?api-version=2016-09-01",
      "EncodedRequestUri": "L3N1YnNjcmlwdGlvbnMvMGIxZjY0NzEtMWJmMC00ZGRhLWFlYzMtY2I5MjcyZjA5NTkwL29wZXJhdGlvbnJlc3VsdHMvZXlKcWIySkpaQ0k2SWxKRlUwOVZVa05GUjFKUFZWQkVSVXhGVkVsUFRrcFBRaTFTUjFCVE5URTJPQzFGUVZOVVZWTWlMQ0pxYjJKTWIyTmhkR2x2YmlJNkltVmhjM1IxY3lKOT9hcGktdmVyc2lvbj0yMDE2LTA5LTAx",
      "RequestMethod": "GET",
      "RequestHeaders": {
        "User-Agent": [
          "FxVersion/4.700.22.51102",
          "OSName/Windows",
          "OSVersion/Microsoft.Windows.10.0.22621",
          "Microsoft.Azure.Management.Internal.Resources.ResourceManagementClient/1.3.65"
        ]
      },
      "RequestBody": "",
      "ResponseHeaders": {
        "Cache-Control": [
          "no-cache"
        ],
        "Pragma": [
          "no-cache"
        ],
        "x-ms-ratelimit-remaining-subscription-reads": [
          "11995"
        ],
        "x-ms-request-id": [
          "dba31707-a12c-47f4-ae4b-62e909f250d7"
        ],
        "x-ms-correlation-request-id": [
          "dba31707-a12c-47f4-ae4b-62e909f250d7"
        ],
        "x-ms-routing-request-id": [
          "SOUTHEASTASIA:20221130T071219Z:dba31707-a12c-47f4-ae4b-62e909f250d7"
        ],
        "Strict-Transport-Security": [
          "max-age=31536000; includeSubDomains"
        ],
        "X-Content-Type-Options": [
          "nosniff"
        ],
        "Date": [
          "Wed, 30 Nov 2022 07:12:18 GMT"
        ],
        "Expires": [
          "-1"
        ],
        "Content-Length": [
          "0"
        ]
      },
      "ResponseBody": "",
      "StatusCode": 200
    },
    {
      "RequestUri": "/subscriptions/0b1f6471-1bf0-4dda-aec3-cb9272f09590/operationresults/eyJqb2JJZCI6IlJFU09VUkNFR1JPVVBERUxFVElPTkpPQi1SR1BTNTE2OC1FQVNUVVMiLCJqb2JMb2NhdGlvbiI6ImVhc3R1cyJ9?api-version=2016-09-01",
      "EncodedRequestUri": "L3N1YnNjcmlwdGlvbnMvMGIxZjY0NzEtMWJmMC00ZGRhLWFlYzMtY2I5MjcyZjA5NTkwL29wZXJhdGlvbnJlc3VsdHMvZXlKcWIySkpaQ0k2SWxKRlUwOVZVa05GUjFKUFZWQkVSVXhGVkVsUFRrcFBRaTFTUjFCVE5URTJPQzFGUVZOVVZWTWlMQ0pxYjJKTWIyTmhkR2x2YmlJNkltVmhjM1IxY3lKOT9hcGktdmVyc2lvbj0yMDE2LTA5LTAx",
      "RequestMethod": "GET",
      "RequestHeaders": {
        "User-Agent": [
          "FxVersion/4.700.22.51102",
          "OSName/Windows",
          "OSVersion/Microsoft.Windows.10.0.22621",
          "Microsoft.Azure.Management.Internal.Resources.ResourceManagementClient/1.3.65"
        ]
      },
      "RequestBody": "",
      "ResponseHeaders": {
        "Cache-Control": [
          "no-cache"
        ],
        "Pragma": [
          "no-cache"
        ],
        "x-ms-ratelimit-remaining-subscription-reads": [
          "11994"
        ],
        "x-ms-request-id": [
          "f9c2b478-73bc-4a15-a3c1-860c7b91b16d"
        ],
        "x-ms-correlation-request-id": [
          "f9c2b478-73bc-4a15-a3c1-860c7b91b16d"
        ],
        "x-ms-routing-request-id": [
          "SOUTHEASTASIA:20221130T071219Z:f9c2b478-73bc-4a15-a3c1-860c7b91b16d"
        ],
        "Strict-Transport-Security": [
          "max-age=31536000; includeSubDomains"
        ],
        "X-Content-Type-Options": [
          "nosniff"
        ],
        "Date": [
          "Wed, 30 Nov 2022 07:12:19 GMT"
        ],
        "Expires": [
          "-1"
        ],
        "Content-Length": [
          "0"
        ]
      },
      "ResponseBody": "",
      "StatusCode": 200
    }
  ],
  "Names": {
    "Test-EnableEncryptionAtHost": [
      "ps5168",
      "ps8705"
    ]
  },
  "Variables": {
    "SubscriptionId": "0b1f6471-1bf0-4dda-aec3-cb9272f09590"
  }
}