{
  "Entries": [
    {
      "RequestUri": "/subscriptions/0b1f6471-1bf0-4dda-aec3-cb9272f09590/resourcegroups/rgps4138?api-version=2016-09-01",
      "EncodedRequestUri": "L3N1YnNjcmlwdGlvbnMvMGIxZjY0NzEtMWJmMC00ZGRhLWFlYzMtY2I5MjcyZjA5NTkwL3Jlc291cmNlZ3JvdXBzL3JncHM0MTM4P2FwaS12ZXJzaW9uPTIwMTYtMDktMDE=",
      "RequestMethod": "PUT",
      "RequestHeaders": {
        "x-ms-client-request-id": [
          "c98666b6-fd00-4b43-b7ca-2e9a6cac455c"
        ],
        "Accept-Language": [
          "en-US"
        ],
        "User-Agent": [
          "FxVersion/4.700.22.55902",
          "OSName/Windows",
          "OSVersion/Microsoft.Windows.10.0.22621",
          "Microsoft.Azure.Management.Internal.Resources.ResourceManagementClient/1.3.73"
        ],
        "Content-Type": [
          "application/json; charset=utf-8"
        ],
        "Content-Length": [
          "28"
        ]
      },
      "RequestBody": "{\r\n  \"location\": \"eastus\"\r\n}",
      "ResponseHeaders": {
        "Cache-Control": [
          "no-cache"
        ],
        "Pragma": [
          "no-cache"
        ],
        "x-ms-ratelimit-remaining-subscription-writes": [
          "1198"
        ],
        "x-ms-request-id": [
          "eb1e505a-458b-4495-9820-b3da58547526"
        ],
        "x-ms-correlation-request-id": [
          "eb1e505a-458b-4495-9820-b3da58547526"
        ],
        "x-ms-routing-request-id": [
          "SOUTHEASTASIA:20230328T085642Z:eb1e505a-458b-4495-9820-b3da58547526"
        ],
        "Strict-Transport-Security": [
          "max-age=31536000; includeSubDomains"
        ],
        "X-Content-Type-Options": [
          "nosniff"
        ],
        "Date": [
          "Tue, 28 Mar 2023 08:56:41 GMT"
        ],
        "Content-Length": [
          "169"
        ],
        "Content-Type": [
          "application/json; charset=utf-8"
        ],
        "Expires": [
          "-1"
        ]
      },
      "ResponseBody": "{\r\n  \"id\": \"/subscriptions/0b1f6471-1bf0-4dda-aec3-cb9272f09590/resourceGroups/rgps4138\",\r\n  \"name\": \"rgps4138\",\r\n  \"location\": \"eastus\",\r\n  \"properties\": {\r\n    \"provisioningState\": \"Succeeded\"\r\n  }\r\n}",
      "StatusCode": 201
    },
    {
      "RequestUri": "/subscriptions/0b1f6471-1bf0-4dda-aec3-cb9272f09590/resourceGroups/rgps4138/providers/Microsoft.ContainerService/managedClusters/kubeps6449?api-version=2023-02-01",
      "EncodedRequestUri": "L3N1YnNjcmlwdGlvbnMvMGIxZjY0NzEtMWJmMC00ZGRhLWFlYzMtY2I5MjcyZjA5NTkwL3Jlc291cmNlR3JvdXBzL3JncHM0MTM4L3Byb3ZpZGVycy9NaWNyb3NvZnQuQ29udGFpbmVyU2VydmljZS9tYW5hZ2VkQ2x1c3RlcnMva3ViZXBzNjQ0OT9hcGktdmVyc2lvbj0yMDIzLTAyLTAx",
      "RequestMethod": "GET",
      "RequestHeaders": {
        "x-ms-client-request-id": [
          "1c882ada-3d3e-45c4-ac43-2f2f0b6889a1"
        ],
        "Accept-Language": [
          "en-US"
        ],
        "User-Agent": [
          "FxVersion/4.700.22.55902",
          "OSName/Windows",
          "OSVersion/Microsoft.Windows.10.0.22621",
          "Microsoft.Azure.Management.ContainerService.ContainerServiceClient/5.3.1"
        ]
      },
      "RequestBody": "",
      "ResponseHeaders": {
        "Cache-Control": [
          "no-cache"
        ],
        "Pragma": [
          "no-cache"
        ],
        "x-ms-failure-cause": [
          "gateway"
        ],
        "x-ms-request-id": [
          "774e8220-faf0-403f-921d-3aea28b7552c"
        ],
        "x-ms-correlation-request-id": [
          "774e8220-faf0-403f-921d-3aea28b7552c"
        ],
        "x-ms-routing-request-id": [
          "SOUTHEASTASIA:20230328T085642Z:774e8220-faf0-403f-921d-3aea28b7552c"
        ],
        "Strict-Transport-Security": [
          "max-age=31536000; includeSubDomains"
        ],
        "X-Content-Type-Options": [
          "nosniff"
        ],
        "Date": [
          "Tue, 28 Mar 2023 08:56:42 GMT"
        ],
        "Content-Type": [
          "application/json; charset=utf-8"
        ],
        "Expires": [
          "-1"
        ],
        "Content-Length": [
          "233"
        ]
      },
      "ResponseBody": "{\r\n  \"error\": {\r\n    \"code\": \"ResourceNotFound\",\r\n    \"message\": \"The Resource 'Microsoft.ContainerService/managedClusters/kubeps6449' under resource group 'rgps4138' was not found. For more details please go to https://aka.ms/ARMResourceNotFoundFix\"\r\n  }\r\n}",
      "StatusCode": 404
    },
    {
      "RequestUri": "/subscriptions/0b1f6471-1bf0-4dda-aec3-cb9272f09590/resourceGroups/rgps4138/providers/Microsoft.ContainerService/managedClusters/kubeps6449?api-version=2023-02-01",
      "EncodedRequestUri": "L3N1YnNjcmlwdGlvbnMvMGIxZjY0NzEtMWJmMC00ZGRhLWFlYzMtY2I5MjcyZjA5NTkwL3Jlc291cmNlR3JvdXBzL3JncHM0MTM4L3Byb3ZpZGVycy9NaWNyb3NvZnQuQ29udGFpbmVyU2VydmljZS9tYW5hZ2VkQ2x1c3RlcnMva3ViZXBzNjQ0OT9hcGktdmVyc2lvbj0yMDIzLTAyLTAx",
      "RequestMethod": "GET",
      "RequestHeaders": {
        "x-ms-client-request-id": [
          "1c882ada-3d3e-45c4-ac43-2f2f0b6889a1"
        ],
        "User-Agent": [
          "FxVersion/4.700.22.55902",
          "OSName/Windows",
          "OSVersion/Microsoft.Windows.10.0.22621",
          "Microsoft.Azure.Management.ContainerService.ContainerServiceClient/5.3.1"
        ]
      },
      "RequestBody": "",
      "ResponseHeaders": {
        "Cache-Control": [
          "no-cache"
        ],
        "Pragma": [
          "no-cache"
        ],
        "x-ms-routing-request-id": [
          "SOUTHEASTASIA:20230328T085956Z:47702b32-c14c-4ce6-ae12-8f8e518c9848"
        ],
        "x-ms-ratelimit-remaining-subscription-reads": [
          "11992"
        ],
        "x-ms-correlation-request-id": [
          "47702b32-c14c-4ce6-ae12-8f8e518c9848"
        ],
        "x-ms-request-id": [
          "4006dc34-035f-4fd5-bad7-508d9318dea0"
        ],
        "Strict-Transport-Security": [
          "max-age=31536000; includeSubDomains"
        ],
        "X-Content-Type-Options": [
          "nosniff"
        ],
        "Server": [
          "nginx"
        ],
        "Date": [
          "Tue, 28 Mar 2023 08:59:55 GMT"
        ],
        "Content-Length": [
          "4183"
        ],
        "Content-Type": [
          "application/json"
        ],
        "Expires": [
          "-1"
        ]
      },
      "ResponseBody": "{\r\n  \"id\": \"/subscriptions/0b1f6471-1bf0-4dda-aec3-cb9272f09590/resourcegroups/rgps4138/providers/Microsoft.ContainerService/managedClusters/kubeps6449\",\r\n  \"location\": \"eastus\",\r\n  \"name\": \"kubeps6449\",\r\n  \"type\": \"Microsoft.ContainerService/ManagedClusters\",\r\n  \"properties\": {\r\n    \"provisioningState\": \"Succeeded\",\r\n    \"powerState\": {\r\n      \"code\": \"Running\"\r\n    },\r\n    \"kubernetesVersion\": \"1.25.5\",\r\n    \"currentKubernetesVersion\": \"1.25.5\",\r\n    \"dnsPrefix\": \"mypre\",\r\n    \"fqdn\": \"mypre-g4ym4u3c.hcp.eastus.azmk8s.io\",\r\n    \"azurePortalFQDN\": \"mypre-g4ym4u3c.portal.hcp.eastus.azmk8s.io\",\r\n    \"agentPoolProfiles\": [\r\n      {\r\n        \"name\": \"defnode\",\r\n        \"count\": 2,\r\n        \"vmSize\": \"Standard_D2_v2\",\r\n        \"osDiskSizeGB\": 32,\r\n        \"osDiskType\": \"Managed\",\r\n        \"kubeletDiskType\": \"OS\",\r\n        \"maxPods\": 25,\r\n        \"type\": \"VirtualMachineScaleSets\",\r\n        \"maxCount\": 10,\r\n        \"minCount\": 1,\r\n        \"enableAutoScaling\": true,\r\n        \"provisioningState\": \"Succeeded\",\r\n        \"powerState\": {\r\n          \"code\": \"Running\"\r\n        },\r\n        \"orchestratorVersion\": \"1.25.5\",\r\n        \"currentOrchestratorVersion\": \"1.25.5\",\r\n        \"mode\": \"System\",\r\n        \"osType\": \"Linux\",\r\n        \"osSKU\": \"Ubuntu\",\r\n        \"nodeImageVersion\": \"AKSUbuntu-2204containerd-202303.13.0\",\r\n        \"enableFIPS\": false\r\n      }\r\n    ],\r\n    \"linuxProfile\": {\r\n      \"adminUsername\": \"linuxuser\",\r\n      \"ssh\": {\r\n        \"publicKeys\": [\r\n          {\r\n            \"keyData\": \"ssh-rsa AAAAB3NzaC1yc2EAAAADAQABAAACAQChy6cYuI2+AoUycYdObeb45hTY5N46KTuCyy7Ln6Sg+xOoC0RyEAOmLzAWUjYCgbgCuJyOWR7HUz8vGz9guxpeb6kKroXVU20/ZA7fdE8OLU/86aCWZJkBuDJpbmPZsuVwjBJ2sQClmyR+UESLmi+pHLF/QGC55sNh00kdLOpzJLFnkb7nkTWQZ25sWqzr/gmrAx5Pvn6fb6PzTgFKNjKyU2XvJQUpy0iXY1jCJd+0fMzbFDR44izuR+Y9FZ8H2abyARd/ujVYTY8S90ICW7J2eZFQPe8uCfhAjaMlHcQpAjQn/1+h21hJM51UckW1z1XptJZAYWr1IJHTp5B9KfKI/C+4EkcILlPGeqvoZlOCWPYiu6LetiWAf7I9TMfVbBmdl6tPt37Dene7rmHAOIcviskzSmFs7ajjLnOMLDp1GDDfBUntu+VOMHZo09AqOdXva5Qij+YMU1T/xd8cMPvEK7NPmp9E4T5kl+jy+zQxcP3w+niPEtI6w8uYM+vznq5g5nu1WGFT8hG+CprOnB/OzrZsJPMkWzg6cCiQ2nkBM1tjNxA0XHm665fg3OjqRhnXRMorEHri6T+0huUis6CY7Kbu5r1S4yll/eXhBLB6MNvqmeEHpwuGbEksSwjCCNBi812vOaYJ3ZIcSmgiafTDok9bsIEGj9xhNhiCV0Gklw== devigned@msft.com\\r\\n\"\r\n          }\r\n        ]\r\n      }\r\n    },\r\n    \"windowsProfile\": {\r\n      \"adminUsername\": \"azureuser\",\r\n      \"enableCSIProxy\": true\r\n    },\r\n    \"servicePrincipalProfile\": {\r\n      \"clientId\": \"74be032e-9cbe-4a2d-b1ab-c6beee96a311\"\r\n    },\r\n    \"nodeResourceGroup\": \"MC_rgps4138_kubeps6449_eastus\",\r\n    \"enableRBAC\": true,\r\n    \"networkProfile\": {\r\n      \"networkPlugin\": \"azure\",\r\n      \"networkDataplane\": \"azure\",\r\n      \"loadBalancerSku\": \"Standard\",\r\n      \"loadBalancerProfile\": {\r\n        \"managedOutboundIPs\": {\r\n          \"count\": 1\r\n        },\r\n        \"effectiveOutboundIPs\": [\r\n          {\r\n            \"id\": \"/subscriptions/0b1f6471-1bf0-4dda-aec3-cb9272f09590/resourceGroups/MC_rgps4138_kubeps6449_eastus/providers/Microsoft.Network/publicIPAddresses/685c95bc-4f90-4e77-8844-921c0cd03897\"\r\n          }\r\n        ]\r\n      },\r\n      \"serviceCidr\": \"10.0.0.0/16\",\r\n      \"dnsServiceIP\": \"10.0.0.10\",\r\n      \"dockerBridgeCidr\": \"172.17.0.1/16\",\r\n      \"outboundType\": \"loadBalancer\",\r\n      \"serviceCidrs\": [\r\n        \"10.0.0.0/16\"\r\n      ],\r\n      \"ipFamilies\": [\r\n        \"IPv4\"\r\n      ]\r\n    },\r\n    \"maxAgentPools\": 100,\r\n    \"autoScalerProfile\": {\r\n      \"balance-similar-node-groups\": \"false\",\r\n      \"expander\": \"random\",\r\n      \"max-empty-bulk-delete\": \"10\",\r\n      \"max-graceful-termination-sec\": \"600\",\r\n      \"max-node-provision-time\": \"15m\",\r\n      \"max-total-unready-percentage\": \"45\",\r\n      \"new-pod-scale-up-delay\": \"0s\",\r\n      \"ok-total-unready-count\": \"3\",\r\n      \"scale-down-delay-after-add\": \"10m\",\r\n      \"scale-down-delay-after-delete\": \"10s\",\r\n      \"scale-down-delay-after-failure\": \"3m\",\r\n      \"scale-down-unneeded-time\": \"10m\",\r\n      \"scale-down-unready-time\": \"20m\",\r\n      \"scale-down-utilization-threshold\": \"0.5\",\r\n      \"scan-interval\": \"10s\",\r\n      \"skip-nodes-with-local-storage\": \"false\",\r\n      \"skip-nodes-with-system-pods\": \"true\"\r\n    },\r\n    \"securityProfile\": {},\r\n    \"storageProfile\": {\r\n      \"diskCSIDriver\": {\r\n        \"enabled\": true\r\n      },\r\n      \"fileCSIDriver\": {\r\n        \"enabled\": true\r\n      },\r\n      \"snapshotController\": {\r\n        \"enabled\": true\r\n      }\r\n    },\r\n    \"oidcIssuerProfile\": {\r\n      \"enabled\": false\r\n    },\r\n    \"workloadAutoScalerProfile\": {}\r\n  },\r\n  \"sku\": {\r\n    \"name\": \"Base\",\r\n    \"tier\": \"Free\"\r\n  }\r\n}",
      "StatusCode": 200
    },
    {
      "RequestUri": "/subscriptions/0b1f6471-1bf0-4dda-aec3-cb9272f09590/resourceGroups/rgps4138/providers/Microsoft.ContainerService/managedClusters/kubeps6449?api-version=2023-02-01",
      "EncodedRequestUri": "L3N1YnNjcmlwdGlvbnMvMGIxZjY0NzEtMWJmMC00ZGRhLWFlYzMtY2I5MjcyZjA5NTkwL3Jlc291cmNlR3JvdXBzL3JncHM0MTM4L3Byb3ZpZGVycy9NaWNyb3NvZnQuQ29udGFpbmVyU2VydmljZS9tYW5hZ2VkQ2x1c3RlcnMva3ViZXBzNjQ0OT9hcGktdmVyc2lvbj0yMDIzLTAyLTAx",
      "RequestMethod": "GET",
      "RequestHeaders": {
        "x-ms-client-request-id": [
          "1af33dc5-360c-4fc1-ac30-955d0e1f1a83"
        ],
        "Accept-Language": [
          "en-US"
        ],
        "User-Agent": [
          "FxVersion/4.700.22.55902",
          "OSName/Windows",
          "OSVersion/Microsoft.Windows.10.0.22621",
          "Microsoft.Azure.Management.ContainerService.ContainerServiceClient/5.3.1"
        ]
      },
      "RequestBody": "",
      "ResponseHeaders": {
        "Cache-Control": [
          "no-cache"
        ],
        "Pragma": [
          "no-cache"
        ],
        "x-ms-routing-request-id": [
          "SOUTHEASTASIA:20230328T085957Z:fc9c4489-c9e8-4d06-8851-83bf772b854c"
        ],
        "x-ms-ratelimit-remaining-subscription-reads": [
          "11999"
        ],
        "x-ms-correlation-request-id": [
          "fc9c4489-c9e8-4d06-8851-83bf772b854c"
        ],
        "x-ms-request-id": [
          "34e6a228-303a-41c5-80fa-7bc091b079d1"
        ],
        "Strict-Transport-Security": [
          "max-age=31536000; includeSubDomains"
        ],
        "X-Content-Type-Options": [
          "nosniff"
        ],
        "Server": [
          "nginx"
        ],
        "Date": [
          "Tue, 28 Mar 2023 08:59:56 GMT"
        ],
        "Content-Length": [
          "4183"
        ],
        "Content-Type": [
          "application/json"
        ],
        "Expires": [
          "-1"
        ]
      },
      "ResponseBody": "{\r\n  \"id\": \"/subscriptions/0b1f6471-1bf0-4dda-aec3-cb9272f09590/resourcegroups/rgps4138/providers/Microsoft.ContainerService/managedClusters/kubeps6449\",\r\n  \"location\": \"eastus\",\r\n  \"name\": \"kubeps6449\",\r\n  \"type\": \"Microsoft.ContainerService/ManagedClusters\",\r\n  \"properties\": {\r\n    \"provisioningState\": \"Succeeded\",\r\n    \"powerState\": {\r\n      \"code\": \"Running\"\r\n    },\r\n    \"kubernetesVersion\": \"1.25.5\",\r\n    \"currentKubernetesVersion\": \"1.25.5\",\r\n    \"dnsPrefix\": \"mypre\",\r\n    \"fqdn\": \"mypre-g4ym4u3c.hcp.eastus.azmk8s.io\",\r\n    \"azurePortalFQDN\": \"mypre-g4ym4u3c.portal.hcp.eastus.azmk8s.io\",\r\n    \"agentPoolProfiles\": [\r\n      {\r\n        \"name\": \"defnode\",\r\n        \"count\": 2,\r\n        \"vmSize\": \"Standard_D2_v2\",\r\n        \"osDiskSizeGB\": 32,\r\n        \"osDiskType\": \"Managed\",\r\n        \"kubeletDiskType\": \"OS\",\r\n        \"maxPods\": 25,\r\n        \"type\": \"VirtualMachineScaleSets\",\r\n        \"maxCount\": 10,\r\n        \"minCount\": 1,\r\n        \"enableAutoScaling\": true,\r\n        \"provisioningState\": \"Succeeded\",\r\n        \"powerState\": {\r\n          \"code\": \"Running\"\r\n        },\r\n        \"orchestratorVersion\": \"1.25.5\",\r\n        \"currentOrchestratorVersion\": \"1.25.5\",\r\n        \"mode\": \"System\",\r\n        \"osType\": \"Linux\",\r\n        \"osSKU\": \"Ubuntu\",\r\n        \"nodeImageVersion\": \"AKSUbuntu-2204containerd-202303.13.0\",\r\n        \"enableFIPS\": false\r\n      }\r\n    ],\r\n    \"linuxProfile\": {\r\n      \"adminUsername\": \"linuxuser\",\r\n      \"ssh\": {\r\n        \"publicKeys\": [\r\n          {\r\n            \"keyData\": \"ssh-rsa AAAAB3NzaC1yc2EAAAADAQABAAACAQChy6cYuI2+AoUycYdObeb45hTY5N46KTuCyy7Ln6Sg+xOoC0RyEAOmLzAWUjYCgbgCuJyOWR7HUz8vGz9guxpeb6kKroXVU20/ZA7fdE8OLU/86aCWZJkBuDJpbmPZsuVwjBJ2sQClmyR+UESLmi+pHLF/QGC55sNh00kdLOpzJLFnkb7nkTWQZ25sWqzr/gmrAx5Pvn6fb6PzTgFKNjKyU2XvJQUpy0iXY1jCJd+0fMzbFDR44izuR+Y9FZ8H2abyARd/ujVYTY8S90ICW7J2eZFQPe8uCfhAjaMlHcQpAjQn/1+h21hJM51UckW1z1XptJZAYWr1IJHTp5B9KfKI/C+4EkcILlPGeqvoZlOCWPYiu6LetiWAf7I9TMfVbBmdl6tPt37Dene7rmHAOIcviskzSmFs7ajjLnOMLDp1GDDfBUntu+VOMHZo09AqOdXva5Qij+YMU1T/xd8cMPvEK7NPmp9E4T5kl+jy+zQxcP3w+niPEtI6w8uYM+vznq5g5nu1WGFT8hG+CprOnB/OzrZsJPMkWzg6cCiQ2nkBM1tjNxA0XHm665fg3OjqRhnXRMorEHri6T+0huUis6CY7Kbu5r1S4yll/eXhBLB6MNvqmeEHpwuGbEksSwjCCNBi812vOaYJ3ZIcSmgiafTDok9bsIEGj9xhNhiCV0Gklw== devigned@msft.com\\r\\n\"\r\n          }\r\n        ]\r\n      }\r\n    },\r\n    \"windowsProfile\": {\r\n      \"adminUsername\": \"azureuser\",\r\n      \"enableCSIProxy\": true\r\n    },\r\n    \"servicePrincipalProfile\": {\r\n      \"clientId\": \"74be032e-9cbe-4a2d-b1ab-c6beee96a311\"\r\n    },\r\n    \"nodeResourceGroup\": \"MC_rgps4138_kubeps6449_eastus\",\r\n    \"enableRBAC\": true,\r\n    \"networkProfile\": {\r\n      \"networkPlugin\": \"azure\",\r\n      \"networkDataplane\": \"azure\",\r\n      \"loadBalancerSku\": \"Standard\",\r\n      \"loadBalancerProfile\": {\r\n        \"managedOutboundIPs\": {\r\n          \"count\": 1\r\n        },\r\n        \"effectiveOutboundIPs\": [\r\n          {\r\n            \"id\": \"/subscriptions/0b1f6471-1bf0-4dda-aec3-cb9272f09590/resourceGroups/MC_rgps4138_kubeps6449_eastus/providers/Microsoft.Network/publicIPAddresses/685c95bc-4f90-4e77-8844-921c0cd03897\"\r\n          }\r\n        ]\r\n      },\r\n      \"serviceCidr\": \"10.0.0.0/16\",\r\n      \"dnsServiceIP\": \"10.0.0.10\",\r\n      \"dockerBridgeCidr\": \"172.17.0.1/16\",\r\n      \"outboundType\": \"loadBalancer\",\r\n      \"serviceCidrs\": [\r\n        \"10.0.0.0/16\"\r\n      ],\r\n      \"ipFamilies\": [\r\n        \"IPv4\"\r\n      ]\r\n    },\r\n    \"maxAgentPools\": 100,\r\n    \"autoScalerProfile\": {\r\n      \"balance-similar-node-groups\": \"false\",\r\n      \"expander\": \"random\",\r\n      \"max-empty-bulk-delete\": \"10\",\r\n      \"max-graceful-termination-sec\": \"600\",\r\n      \"max-node-provision-time\": \"15m\",\r\n      \"max-total-unready-percentage\": \"45\",\r\n      \"new-pod-scale-up-delay\": \"0s\",\r\n      \"ok-total-unready-count\": \"3\",\r\n      \"scale-down-delay-after-add\": \"10m\",\r\n      \"scale-down-delay-after-delete\": \"10s\",\r\n      \"scale-down-delay-after-failure\": \"3m\",\r\n      \"scale-down-unneeded-time\": \"10m\",\r\n      \"scale-down-unready-time\": \"20m\",\r\n      \"scale-down-utilization-threshold\": \"0.5\",\r\n      \"scan-interval\": \"10s\",\r\n      \"skip-nodes-with-local-storage\": \"false\",\r\n      \"skip-nodes-with-system-pods\": \"true\"\r\n    },\r\n    \"securityProfile\": {},\r\n    \"storageProfile\": {\r\n      \"diskCSIDriver\": {\r\n        \"enabled\": true\r\n      },\r\n      \"fileCSIDriver\": {\r\n        \"enabled\": true\r\n      },\r\n      \"snapshotController\": {\r\n        \"enabled\": true\r\n      }\r\n    },\r\n    \"oidcIssuerProfile\": {\r\n      \"enabled\": false\r\n    },\r\n    \"workloadAutoScalerProfile\": {}\r\n  },\r\n  \"sku\": {\r\n    \"name\": \"Base\",\r\n    \"tier\": \"Free\"\r\n  }\r\n}",
      "StatusCode": 200
    },
    {
      "RequestUri": "/subscriptions/0b1f6471-1bf0-4dda-aec3-cb9272f09590/resourceGroups/rgps4138/providers/Microsoft.ContainerService/managedClusters/kubeps6449?api-version=2023-02-01",
      "EncodedRequestUri": "L3N1YnNjcmlwdGlvbnMvMGIxZjY0NzEtMWJmMC00ZGRhLWFlYzMtY2I5MjcyZjA5NTkwL3Jlc291cmNlR3JvdXBzL3JncHM0MTM4L3Byb3ZpZGVycy9NaWNyb3NvZnQuQ29udGFpbmVyU2VydmljZS9tYW5hZ2VkQ2x1c3RlcnMva3ViZXBzNjQ0OT9hcGktdmVyc2lvbj0yMDIzLTAyLTAx",
      "RequestMethod": "GET",
      "RequestHeaders": {
        "x-ms-client-request-id": [
          "f9652738-6677-4913-82eb-251f8b092dcd"
        ],
        "Accept-Language": [
          "en-US"
        ],
        "User-Agent": [
          "FxVersion/4.700.22.55902",
          "OSName/Windows",
          "OSVersion/Microsoft.Windows.10.0.22621",
          "Microsoft.Azure.Management.ContainerService.ContainerServiceClient/5.3.1"
        ]
      },
      "RequestBody": "",
      "ResponseHeaders": {
        "Cache-Control": [
          "no-cache"
        ],
        "Pragma": [
          "no-cache"
        ],
        "x-ms-routing-request-id": [
          "SOUTHEASTASIA:20230328T085959Z:d126ba4e-8a27-4040-883c-dbed8b71fc09"
        ],
        "x-ms-ratelimit-remaining-subscription-reads": [
          "11998"
        ],
        "x-ms-correlation-request-id": [
          "d126ba4e-8a27-4040-883c-dbed8b71fc09"
        ],
        "x-ms-request-id": [
          "72d3c4ff-44b9-42ac-91a4-5c47ff6ba4c1"
        ],
        "Strict-Transport-Security": [
          "max-age=31536000; includeSubDomains"
        ],
        "X-Content-Type-Options": [
          "nosniff"
        ],
        "Server": [
          "nginx"
        ],
        "Date": [
          "Tue, 28 Mar 2023 08:59:58 GMT"
        ],
        "Content-Length": [
          "4183"
        ],
        "Content-Type": [
          "application/json"
        ],
        "Expires": [
          "-1"
        ]
      },
      "ResponseBody": "{\r\n  \"id\": \"/subscriptions/0b1f6471-1bf0-4dda-aec3-cb9272f09590/resourcegroups/rgps4138/providers/Microsoft.ContainerService/managedClusters/kubeps6449\",\r\n  \"location\": \"eastus\",\r\n  \"name\": \"kubeps6449\",\r\n  \"type\": \"Microsoft.ContainerService/ManagedClusters\",\r\n  \"properties\": {\r\n    \"provisioningState\": \"Succeeded\",\r\n    \"powerState\": {\r\n      \"code\": \"Running\"\r\n    },\r\n    \"kubernetesVersion\": \"1.25.5\",\r\n    \"currentKubernetesVersion\": \"1.25.5\",\r\n    \"dnsPrefix\": \"mypre\",\r\n    \"fqdn\": \"mypre-g4ym4u3c.hcp.eastus.azmk8s.io\",\r\n    \"azurePortalFQDN\": \"mypre-g4ym4u3c.portal.hcp.eastus.azmk8s.io\",\r\n    \"agentPoolProfiles\": [\r\n      {\r\n        \"name\": \"defnode\",\r\n        \"count\": 2,\r\n        \"vmSize\": \"Standard_D2_v2\",\r\n        \"osDiskSizeGB\": 32,\r\n        \"osDiskType\": \"Managed\",\r\n        \"kubeletDiskType\": \"OS\",\r\n        \"maxPods\": 25,\r\n        \"type\": \"VirtualMachineScaleSets\",\r\n        \"maxCount\": 10,\r\n        \"minCount\": 1,\r\n        \"enableAutoScaling\": true,\r\n        \"provisioningState\": \"Succeeded\",\r\n        \"powerState\": {\r\n          \"code\": \"Running\"\r\n        },\r\n        \"orchestratorVersion\": \"1.25.5\",\r\n        \"currentOrchestratorVersion\": \"1.25.5\",\r\n        \"mode\": \"System\",\r\n        \"osType\": \"Linux\",\r\n        \"osSKU\": \"Ubuntu\",\r\n        \"nodeImageVersion\": \"AKSUbuntu-2204containerd-202303.13.0\",\r\n        \"enableFIPS\": false\r\n      }\r\n    ],\r\n    \"linuxProfile\": {\r\n      \"adminUsername\": \"linuxuser\",\r\n      \"ssh\": {\r\n        \"publicKeys\": [\r\n          {\r\n            \"keyData\": \"ssh-rsa AAAAB3NzaC1yc2EAAAADAQABAAACAQChy6cYuI2+AoUycYdObeb45hTY5N46KTuCyy7Ln6Sg+xOoC0RyEAOmLzAWUjYCgbgCuJyOWR7HUz8vGz9guxpeb6kKroXVU20/ZA7fdE8OLU/86aCWZJkBuDJpbmPZsuVwjBJ2sQClmyR+UESLmi+pHLF/QGC55sNh00kdLOpzJLFnkb7nkTWQZ25sWqzr/gmrAx5Pvn6fb6PzTgFKNjKyU2XvJQUpy0iXY1jCJd+0fMzbFDR44izuR+Y9FZ8H2abyARd/ujVYTY8S90ICW7J2eZFQPe8uCfhAjaMlHcQpAjQn/1+h21hJM51UckW1z1XptJZAYWr1IJHTp5B9KfKI/C+4EkcILlPGeqvoZlOCWPYiu6LetiWAf7I9TMfVbBmdl6tPt37Dene7rmHAOIcviskzSmFs7ajjLnOMLDp1GDDfBUntu+VOMHZo09AqOdXva5Qij+YMU1T/xd8cMPvEK7NPmp9E4T5kl+jy+zQxcP3w+niPEtI6w8uYM+vznq5g5nu1WGFT8hG+CprOnB/OzrZsJPMkWzg6cCiQ2nkBM1tjNxA0XHm665fg3OjqRhnXRMorEHri6T+0huUis6CY7Kbu5r1S4yll/eXhBLB6MNvqmeEHpwuGbEksSwjCCNBi812vOaYJ3ZIcSmgiafTDok9bsIEGj9xhNhiCV0Gklw== devigned@msft.com\\r\\n\"\r\n          }\r\n        ]\r\n      }\r\n    },\r\n    \"windowsProfile\": {\r\n      \"adminUsername\": \"azureuser\",\r\n      \"enableCSIProxy\": true\r\n    },\r\n    \"servicePrincipalProfile\": {\r\n      \"clientId\": \"74be032e-9cbe-4a2d-b1ab-c6beee96a311\"\r\n    },\r\n    \"nodeResourceGroup\": \"MC_rgps4138_kubeps6449_eastus\",\r\n    \"enableRBAC\": true,\r\n    \"networkProfile\": {\r\n      \"networkPlugin\": \"azure\",\r\n      \"networkDataplane\": \"azure\",\r\n      \"loadBalancerSku\": \"Standard\",\r\n      \"loadBalancerProfile\": {\r\n        \"managedOutboundIPs\": {\r\n          \"count\": 1\r\n        },\r\n        \"effectiveOutboundIPs\": [\r\n          {\r\n            \"id\": \"/subscriptions/0b1f6471-1bf0-4dda-aec3-cb9272f09590/resourceGroups/MC_rgps4138_kubeps6449_eastus/providers/Microsoft.Network/publicIPAddresses/685c95bc-4f90-4e77-8844-921c0cd03897\"\r\n          }\r\n        ]\r\n      },\r\n      \"serviceCidr\": \"10.0.0.0/16\",\r\n      \"dnsServiceIP\": \"10.0.0.10\",\r\n      \"dockerBridgeCidr\": \"172.17.0.1/16\",\r\n      \"outboundType\": \"loadBalancer\",\r\n      \"serviceCidrs\": [\r\n        \"10.0.0.0/16\"\r\n      ],\r\n      \"ipFamilies\": [\r\n        \"IPv4\"\r\n      ]\r\n    },\r\n    \"maxAgentPools\": 100,\r\n    \"autoScalerProfile\": {\r\n      \"balance-similar-node-groups\": \"false\",\r\n      \"expander\": \"random\",\r\n      \"max-empty-bulk-delete\": \"10\",\r\n      \"max-graceful-termination-sec\": \"600\",\r\n      \"max-node-provision-time\": \"15m\",\r\n      \"max-total-unready-percentage\": \"45\",\r\n      \"new-pod-scale-up-delay\": \"0s\",\r\n      \"ok-total-unready-count\": \"3\",\r\n      \"scale-down-delay-after-add\": \"10m\",\r\n      \"scale-down-delay-after-delete\": \"10s\",\r\n      \"scale-down-delay-after-failure\": \"3m\",\r\n      \"scale-down-unneeded-time\": \"10m\",\r\n      \"scale-down-unready-time\": \"20m\",\r\n      \"scale-down-utilization-threshold\": \"0.5\",\r\n      \"scan-interval\": \"10s\",\r\n      \"skip-nodes-with-local-storage\": \"false\",\r\n      \"skip-nodes-with-system-pods\": \"true\"\r\n    },\r\n    \"securityProfile\": {},\r\n    \"storageProfile\": {\r\n      \"diskCSIDriver\": {\r\n        \"enabled\": true\r\n      },\r\n      \"fileCSIDriver\": {\r\n        \"enabled\": true\r\n      },\r\n      \"snapshotController\": {\r\n        \"enabled\": true\r\n      }\r\n    },\r\n    \"oidcIssuerProfile\": {\r\n      \"enabled\": false\r\n    },\r\n    \"workloadAutoScalerProfile\": {}\r\n  },\r\n  \"sku\": {\r\n    \"name\": \"Base\",\r\n    \"tier\": \"Free\"\r\n  }\r\n}",
      "StatusCode": 200
    },
    {
      "RequestUri": "/subscriptions/0b1f6471-1bf0-4dda-aec3-cb9272f09590/resourceGroups/rgps4138/providers/Microsoft.ContainerService/managedClusters/kubeps6449?api-version=2023-02-01",
      "EncodedRequestUri": "L3N1YnNjcmlwdGlvbnMvMGIxZjY0NzEtMWJmMC00ZGRhLWFlYzMtY2I5MjcyZjA5NTkwL3Jlc291cmNlR3JvdXBzL3JncHM0MTM4L3Byb3ZpZGVycy9NaWNyb3NvZnQuQ29udGFpbmVyU2VydmljZS9tYW5hZ2VkQ2x1c3RlcnMva3ViZXBzNjQ0OT9hcGktdmVyc2lvbj0yMDIzLTAyLTAx",
      "RequestMethod": "GET",
      "RequestHeaders": {
        "x-ms-client-request-id": [
          "f9652738-6677-4913-82eb-251f8b092dcd"
        ],
        "User-Agent": [
          "FxVersion/4.700.22.55902",
          "OSName/Windows",
          "OSVersion/Microsoft.Windows.10.0.22621",
          "Microsoft.Azure.Management.ContainerService.ContainerServiceClient/5.3.1"
        ]
      },
      "RequestBody": "",
      "ResponseHeaders": {
        "Cache-Control": [
          "no-cache"
        ],
        "Pragma": [
          "no-cache"
        ],
        "x-ms-routing-request-id": [
          "SOUTHEASTASIA:20230328T090212Z:dbca51be-c615-4e42-8820-c6cfba30591c"
        ],
        "x-ms-ratelimit-remaining-subscription-reads": [
          "11993"
        ],
        "x-ms-correlation-request-id": [
          "dbca51be-c615-4e42-8820-c6cfba30591c"
        ],
        "x-ms-request-id": [
          "6d43af19-aa8d-4bff-baf8-015adc4ffb62"
        ],
        "Strict-Transport-Security": [
          "max-age=31536000; includeSubDomains"
        ],
        "X-Content-Type-Options": [
          "nosniff"
        ],
        "Server": [
          "nginx"
        ],
        "Date": [
          "Tue, 28 Mar 2023 09:02:11 GMT"
        ],
        "Content-Length": [
          "4183"
        ],
        "Content-Type": [
          "application/json"
        ],
        "Expires": [
          "-1"
        ]
      },
      "ResponseBody": "{\r\n  \"id\": \"/subscriptions/0b1f6471-1bf0-4dda-aec3-cb9272f09590/resourcegroups/rgps4138/providers/Microsoft.ContainerService/managedClusters/kubeps6449\",\r\n  \"location\": \"eastus\",\r\n  \"name\": \"kubeps6449\",\r\n  \"type\": \"Microsoft.ContainerService/ManagedClusters\",\r\n  \"properties\": {\r\n    \"provisioningState\": \"Succeeded\",\r\n    \"powerState\": {\r\n      \"code\": \"Running\"\r\n    },\r\n    \"kubernetesVersion\": \"1.25.5\",\r\n    \"currentKubernetesVersion\": \"1.25.5\",\r\n    \"dnsPrefix\": \"mypre\",\r\n    \"fqdn\": \"mypre-g4ym4u3c.hcp.eastus.azmk8s.io\",\r\n    \"azurePortalFQDN\": \"mypre-g4ym4u3c.portal.hcp.eastus.azmk8s.io\",\r\n    \"agentPoolProfiles\": [\r\n      {\r\n        \"name\": \"defnode\",\r\n        \"count\": 2,\r\n        \"vmSize\": \"Standard_D2_v2\",\r\n        \"osDiskSizeGB\": 32,\r\n        \"osDiskType\": \"Managed\",\r\n        \"kubeletDiskType\": \"OS\",\r\n        \"maxPods\": 25,\r\n        \"type\": \"VirtualMachineScaleSets\",\r\n        \"maxCount\": 28,\r\n        \"minCount\": 2,\r\n        \"enableAutoScaling\": true,\r\n        \"provisioningState\": \"Succeeded\",\r\n        \"powerState\": {\r\n          \"code\": \"Running\"\r\n        },\r\n        \"orchestratorVersion\": \"1.25.5\",\r\n        \"currentOrchestratorVersion\": \"1.25.5\",\r\n        \"mode\": \"System\",\r\n        \"osType\": \"Linux\",\r\n        \"osSKU\": \"Ubuntu\",\r\n        \"nodeImageVersion\": \"AKSUbuntu-2204containerd-202303.13.0\",\r\n        \"enableFIPS\": false\r\n      }\r\n    ],\r\n    \"linuxProfile\": {\r\n      \"adminUsername\": \"linuxuser\",\r\n      \"ssh\": {\r\n        \"publicKeys\": [\r\n          {\r\n            \"keyData\": \"ssh-rsa AAAAB3NzaC1yc2EAAAADAQABAAACAQChy6cYuI2+AoUycYdObeb45hTY5N46KTuCyy7Ln6Sg+xOoC0RyEAOmLzAWUjYCgbgCuJyOWR7HUz8vGz9guxpeb6kKroXVU20/ZA7fdE8OLU/86aCWZJkBuDJpbmPZsuVwjBJ2sQClmyR+UESLmi+pHLF/QGC55sNh00kdLOpzJLFnkb7nkTWQZ25sWqzr/gmrAx5Pvn6fb6PzTgFKNjKyU2XvJQUpy0iXY1jCJd+0fMzbFDR44izuR+Y9FZ8H2abyARd/ujVYTY8S90ICW7J2eZFQPe8uCfhAjaMlHcQpAjQn/1+h21hJM51UckW1z1XptJZAYWr1IJHTp5B9KfKI/C+4EkcILlPGeqvoZlOCWPYiu6LetiWAf7I9TMfVbBmdl6tPt37Dene7rmHAOIcviskzSmFs7ajjLnOMLDp1GDDfBUntu+VOMHZo09AqOdXva5Qij+YMU1T/xd8cMPvEK7NPmp9E4T5kl+jy+zQxcP3w+niPEtI6w8uYM+vznq5g5nu1WGFT8hG+CprOnB/OzrZsJPMkWzg6cCiQ2nkBM1tjNxA0XHm665fg3OjqRhnXRMorEHri6T+0huUis6CY7Kbu5r1S4yll/eXhBLB6MNvqmeEHpwuGbEksSwjCCNBi812vOaYJ3ZIcSmgiafTDok9bsIEGj9xhNhiCV0Gklw== devigned@msft.com\\r\\n\"\r\n          }\r\n        ]\r\n      }\r\n    },\r\n    \"windowsProfile\": {\r\n      \"adminUsername\": \"azureuser\",\r\n      \"enableCSIProxy\": true\r\n    },\r\n    \"servicePrincipalProfile\": {\r\n      \"clientId\": \"74be032e-9cbe-4a2d-b1ab-c6beee96a311\"\r\n    },\r\n    \"nodeResourceGroup\": \"MC_rgps4138_kubeps6449_eastus\",\r\n    \"enableRBAC\": true,\r\n    \"networkProfile\": {\r\n      \"networkPlugin\": \"azure\",\r\n      \"networkDataplane\": \"azure\",\r\n      \"loadBalancerSku\": \"Standard\",\r\n      \"loadBalancerProfile\": {\r\n        \"managedOutboundIPs\": {\r\n          \"count\": 1\r\n        },\r\n        \"effectiveOutboundIPs\": [\r\n          {\r\n            \"id\": \"/subscriptions/0b1f6471-1bf0-4dda-aec3-cb9272f09590/resourceGroups/MC_rgps4138_kubeps6449_eastus/providers/Microsoft.Network/publicIPAddresses/685c95bc-4f90-4e77-8844-921c0cd03897\"\r\n          }\r\n        ]\r\n      },\r\n      \"serviceCidr\": \"10.0.0.0/16\",\r\n      \"dnsServiceIP\": \"10.0.0.10\",\r\n      \"dockerBridgeCidr\": \"172.17.0.1/16\",\r\n      \"outboundType\": \"loadBalancer\",\r\n      \"serviceCidrs\": [\r\n        \"10.0.0.0/16\"\r\n      ],\r\n      \"ipFamilies\": [\r\n        \"IPv4\"\r\n      ]\r\n    },\r\n    \"maxAgentPools\": 100,\r\n    \"autoScalerProfile\": {\r\n      \"balance-similar-node-groups\": \"false\",\r\n      \"expander\": \"random\",\r\n      \"max-empty-bulk-delete\": \"10\",\r\n      \"max-graceful-termination-sec\": \"600\",\r\n      \"max-node-provision-time\": \"15m\",\r\n      \"max-total-unready-percentage\": \"45\",\r\n      \"new-pod-scale-up-delay\": \"0s\",\r\n      \"ok-total-unready-count\": \"3\",\r\n      \"scale-down-delay-after-add\": \"10m\",\r\n      \"scale-down-delay-after-delete\": \"10s\",\r\n      \"scale-down-delay-after-failure\": \"3m\",\r\n      \"scale-down-unneeded-time\": \"10m\",\r\n      \"scale-down-unready-time\": \"20m\",\r\n      \"scale-down-utilization-threshold\": \"0.5\",\r\n      \"scan-interval\": \"10s\",\r\n      \"skip-nodes-with-local-storage\": \"false\",\r\n      \"skip-nodes-with-system-pods\": \"true\"\r\n    },\r\n    \"securityProfile\": {},\r\n    \"storageProfile\": {\r\n      \"diskCSIDriver\": {\r\n        \"enabled\": true\r\n      },\r\n      \"fileCSIDriver\": {\r\n        \"enabled\": true\r\n      },\r\n      \"snapshotController\": {\r\n        \"enabled\": true\r\n      }\r\n    },\r\n    \"oidcIssuerProfile\": {\r\n      \"enabled\": false\r\n    },\r\n    \"workloadAutoScalerProfile\": {}\r\n  },\r\n  \"sku\": {\r\n    \"name\": \"Base\",\r\n    \"tier\": \"Free\"\r\n  }\r\n}",
      "StatusCode": 200
    },
    {
      "RequestUri": "/subscriptions/0b1f6471-1bf0-4dda-aec3-cb9272f09590/resourcegroups/rgps4138?api-version=2016-09-01",
      "EncodedRequestUri": "L3N1YnNjcmlwdGlvbnMvMGIxZjY0NzEtMWJmMC00ZGRhLWFlYzMtY2I5MjcyZjA5NTkwL3Jlc291cmNlZ3JvdXBzL3JncHM0MTM4P2FwaS12ZXJzaW9uPTIwMTYtMDktMDE=",
      "RequestMethod": "GET",
      "RequestHeaders": {
        "x-ms-client-request-id": [
          "1c882ada-3d3e-45c4-ac43-2f2f0b6889a1"
        ],
        "Accept-Language": [
          "en-US"
        ],
        "User-Agent": [
          "FxVersion/4.700.22.55902",
          "OSName/Windows",
          "OSVersion/Microsoft.Windows.10.0.22621",
          "Microsoft.Azure.Management.Internal.Resources.ResourceManagementClient/1.3.73"
        ]
      },
      "RequestBody": "",
      "ResponseHeaders": {
        "Cache-Control": [
          "no-cache"
        ],
        "Pragma": [
          "no-cache"
        ],
        "x-ms-ratelimit-remaining-subscription-reads": [
          "11999"
        ],
        "x-ms-request-id": [
          "c027d723-0f9c-4c4c-8748-51793e2ee63f"
        ],
        "x-ms-correlation-request-id": [
          "c027d723-0f9c-4c4c-8748-51793e2ee63f"
        ],
        "x-ms-routing-request-id": [
          "SOUTHEASTASIA:20230328T085643Z:c027d723-0f9c-4c4c-8748-51793e2ee63f"
        ],
        "Strict-Transport-Security": [
          "max-age=31536000; includeSubDomains"
        ],
        "X-Content-Type-Options": [
          "nosniff"
        ],
        "Date": [
          "Tue, 28 Mar 2023 08:56:42 GMT"
        ],
        "Content-Type": [
          "application/json; charset=utf-8"
        ],
        "Expires": [
          "-1"
        ],
        "Content-Length": [
          "169"
        ]
      },
      "ResponseBody": "{\r\n  \"id\": \"/subscriptions/0b1f6471-1bf0-4dda-aec3-cb9272f09590/resourceGroups/rgps4138\",\r\n  \"name\": \"rgps4138\",\r\n  \"location\": \"eastus\",\r\n  \"properties\": {\r\n    \"provisioningState\": \"Succeeded\"\r\n  }\r\n}",
      "StatusCode": 200
    },
    {
      "RequestUri": "/subscriptions/0b1f6471-1bf0-4dda-aec3-cb9272f09590/providers/Microsoft.ContainerService?api-version=2016-09-01",
      "EncodedRequestUri": "L3N1YnNjcmlwdGlvbnMvMGIxZjY0NzEtMWJmMC00ZGRhLWFlYzMtY2I5MjcyZjA5NTkwL3Byb3ZpZGVycy9NaWNyb3NvZnQuQ29udGFpbmVyU2VydmljZT9hcGktdmVyc2lvbj0yMDE2LTA5LTAx",
      "RequestMethod": "GET",
      "RequestHeaders": {
        "x-ms-client-request-id": [
          "1c882ada-3d3e-45c4-ac43-2f2f0b6889a1"
        ],
        "Accept-Language": [
          "en-US"
        ],
        "User-Agent": [
          "FxVersion/4.700.22.55902",
          "OSName/Windows",
          "OSVersion/Microsoft.Windows.10.0.22621",
          "Microsoft.Azure.Management.Internal.Resources.ResourceManagementClient/1.3.73"
        ]
      },
      "RequestBody": "",
      "ResponseHeaders": {
        "Cache-Control": [
          "no-cache"
        ],
        "Pragma": [
          "no-cache"
        ],
        "x-ms-ratelimit-remaining-subscription-reads": [
          "11998"
        ],
        "x-ms-request-id": [
          "39b528cc-aa11-4427-ad3d-b9c5b0fc76b1"
        ],
        "x-ms-correlation-request-id": [
          "39b528cc-aa11-4427-ad3d-b9c5b0fc76b1"
        ],
        "x-ms-routing-request-id": [
          "SOUTHEASTASIA:20230328T085643Z:39b528cc-aa11-4427-ad3d-b9c5b0fc76b1"
        ],
        "Strict-Transport-Security": [
          "max-age=31536000; includeSubDomains"
        ],
        "X-Content-Type-Options": [
          "nosniff"
        ],
        "Date": [
          "Tue, 28 Mar 2023 08:56:42 GMT"
        ],
        "Content-Type": [
          "application/json; charset=utf-8"
        ],
        "Expires": [
          "-1"
        ],
        "Content-Length": [
          "16896"
        ]
      },
      "ResponseBody": "{\r\n  \"id\": \"/subscriptions/0b1f6471-1bf0-4dda-aec3-cb9272f09590/providers/Microsoft.ContainerService\",\r\n  \"namespace\": \"Microsoft.ContainerService\",\r\n  \"authorizations\": [\r\n    {\r\n      \"applicationId\": \"7319c514-987d-4e9b-ac3d-d38c4f427f4c\",\r\n      \"roleDefinitionId\": \"1b4a0c7f-2217-416f-acfa-cf73452fdc1c\",\r\n      \"managedByRoleDefinitionId\": \"9e3af657-a8ff-583c-a75c-2fe7c4bcb635\",\r\n      \"managedByAuthorization\": {\r\n        \"allowManagedByInheritance\": true\r\n      }\r\n    },\r\n    {\r\n      \"applicationId\": \"6dae42f8-4368-4678-94ff-3960e28e3630\",\r\n      \"roleDefinitionId\": \"831388fc-33b1-4dd1-b64c-40fdcaf96654\"\r\n    }\r\n  ],\r\n  \"resourceTypes\": [\r\n    {\r\n      \"resourceType\": \"ManagedClusters/eventGridFilters\",\r\n      \"locations\": [\r\n        \"Australia Central\",\r\n        \"Australia Central 2\",\r\n        \"Australia East\",\r\n        \"Australia Southeast\",\r\n        \"Brazil South\",\r\n        \"Brazil Southeast\",\r\n        \"Canada Central\",\r\n        \"Canada East\",\r\n        \"Central India\",\r\n        \"Central US\",\r\n        \"East Asia\",\r\n        \"East US\",\r\n        \"East US 2\",\r\n        \"France Central\",\r\n        \"France South\",\r\n        \"Germany North\",\r\n        \"Germany West Central\",\r\n        \"Japan East\",\r\n        \"Japan West\",\r\n        \"Jio India Central\",\r\n        \"Jio India West\",\r\n        \"Korea Central\",\r\n        \"Korea South\",\r\n        \"North Central US\",\r\n        \"North Europe\",\r\n        \"Norway East\",\r\n        \"Norway West\",\r\n        \"Poland Central\",\r\n        \"Qatar Central\",\r\n        \"South Africa North\",\r\n        \"South Central US\",\r\n        \"South India\",\r\n        \"Southeast Asia\",\r\n        \"Sweden Central\",\r\n        \"Switzerland North\",\r\n        \"Switzerland West\",\r\n        \"UAE Central\",\r\n        \"UAE North\",\r\n        \"UK South\",\r\n        \"UK West\",\r\n        \"West Central US\",\r\n        \"West Europe\",\r\n        \"West US\",\r\n        \"West US 2\",\r\n        \"West US 3\",\r\n        \"Central US EUAP\",\r\n        \"East US 2 EUAP\"\r\n      ],\r\n      \"apiVersions\": [\r\n        \"2023-02-02-preview\",\r\n        \"2023-02-01\",\r\n        \"2023-01-02-preview\",\r\n        \"2023-01-01\",\r\n        \"2022-11-02-preview\",\r\n        \"2022-11-01\",\r\n        \"2022-10-02-preview\",\r\n        \"2022-09-02-preview\",\r\n        \"2022-09-01\",\r\n        \"2022-08-03-preview\",\r\n        \"2022-08-02-preview\",\r\n        \"2022-08-01\",\r\n        \"2022-07-02-preview\",\r\n        \"2022-07-01\",\r\n        \"2022-06-02-preview\",\r\n        \"2022-06-01\",\r\n        \"2022-05-02-preview\",\r\n        \"2022-04-02-preview\",\r\n        \"2022-04-01\",\r\n        \"2022-03-02-preview\",\r\n        \"2022-03-01\",\r\n        \"2022-02-02-preview\",\r\n        \"2022-02-01\",\r\n        \"2022-01-02-preview\",\r\n        \"2022-01-01\",\r\n        \"2021-11-01-preview\",\r\n        \"2021-10-01\",\r\n        \"2021-09-01\",\r\n        \"2021-08-01\",\r\n        \"2021-07-01\",\r\n        \"2021-05-01\",\r\n        \"2021-03-01\",\r\n        \"2021-02-01\"\r\n      ]\r\n    },\r\n    {\r\n      \"resourceType\": \"containerServices\",\r\n      \"locations\": [\r\n        \"Australia East\",\r\n        \"Australia Southeast\",\r\n        \"Brazil South\",\r\n        \"Canada Central\",\r\n        \"Canada East\",\r\n        \"Central India\",\r\n        \"Central US\",\r\n        \"East Asia\",\r\n        \"East US\",\r\n        \"East US 2\",\r\n        \"Japan East\",\r\n        \"Japan West\",\r\n        \"Korea Central\",\r\n        \"Korea South\",\r\n        \"North Central US\",\r\n        \"North Europe\",\r\n        \"South Africa North\",\r\n        \"South Central US\",\r\n        \"Southeast Asia\",\r\n        \"South India\",\r\n        \"West India\",\r\n        \"UK South\",\r\n        \"UK West\",\r\n        \"West Central US\",\r\n        \"West Europe\",\r\n        \"West US\",\r\n        \"West US 2\",\r\n        \"East US 2 EUAP\"\r\n      ],\r\n      \"apiVersions\": [\r\n        \"2017-07-01\",\r\n        \"2017-01-31\",\r\n        \"2016-09-30\",\r\n        \"2016-03-30\"\r\n      ],\r\n      \"capabilities\": \"None\"\r\n    },\r\n    {\r\n      \"resourceType\": \"fleetMemberships\",\r\n      \"locations\": [\r\n        \"Australia Central\",\r\n        \"Australia Central 2\",\r\n        \"Australia East\",\r\n        \"Australia Southeast\",\r\n        \"Brazil South\",\r\n        \"Brazil Southeast\",\r\n        \"Canada Central\",\r\n        \"Canada East\",\r\n        \"Central India\",\r\n        \"Central US\",\r\n        \"East Asia\",\r\n        \"East US\",\r\n        \"East US 2\",\r\n        \"France Central\",\r\n        \"France South\",\r\n        \"Germany North\",\r\n        \"Germany West Central\",\r\n        \"Japan East\",\r\n        \"Japan West\",\r\n        \"Jio India Central\",\r\n        \"Jio India West\",\r\n        \"Korea Central\",\r\n        \"Korea South\",\r\n        \"North Central US\",\r\n        \"North Europe\",\r\n        \"Norway East\",\r\n        \"Norway West\",\r\n        \"Poland Central\",\r\n        \"Qatar Central\",\r\n        \"South Africa North\",\r\n        \"South Central US\",\r\n        \"South India\",\r\n        \"Southeast Asia\",\r\n        \"Sweden Central\",\r\n        \"Switzerland North\",\r\n        \"Switzerland West\",\r\n        \"UAE Central\",\r\n        \"UAE North\",\r\n        \"UK South\",\r\n        \"UK West\",\r\n        \"West Central US\",\r\n        \"West Europe\",\r\n        \"West US\",\r\n        \"West US 2\",\r\n        \"West US 3\",\r\n        \"Central US EUAP\",\r\n        \"East US 2 EUAP\"\r\n      ],\r\n      \"apiVersions\": [\r\n        \"2022-09-02-preview\",\r\n        \"2022-07-02-preview\",\r\n        \"2022-06-02-preview\"\r\n      ],\r\n      \"capabilities\": \"SupportsExtension\"\r\n    },\r\n    {\r\n      \"resourceType\": \"fleets\",\r\n      \"locations\": [\r\n        \"Australia Central\",\r\n        \"Australia Central 2\",\r\n        \"Australia East\",\r\n        \"Australia Southeast\",\r\n        \"Brazil South\",\r\n        \"Brazil Southeast\",\r\n        \"Canada Central\",\r\n        \"Canada East\",\r\n        \"Central India\",\r\n        \"Central US\",\r\n        \"East Asia\",\r\n        \"East US\",\r\n        \"East US 2\",\r\n        \"France Central\",\r\n        \"France South\",\r\n        \"Germany North\",\r\n        \"Germany West Central\",\r\n        \"Japan East\",\r\n        \"Japan West\",\r\n        \"Jio India Central\",\r\n        \"Jio India West\",\r\n        \"Korea Central\",\r\n        \"Korea South\",\r\n        \"North Central US\",\r\n        \"North Europe\",\r\n        \"Norway East\",\r\n        \"Norway West\",\r\n        \"Poland Central\",\r\n        \"Qatar Central\",\r\n        \"South Africa North\",\r\n        \"South Central US\",\r\n        \"South India\",\r\n        \"Southeast Asia\",\r\n        \"Sweden Central\",\r\n        \"Switzerland North\",\r\n        \"Switzerland West\",\r\n        \"UAE Central\",\r\n        \"UAE North\",\r\n        \"UK South\",\r\n        \"UK West\",\r\n        \"West Central US\",\r\n        \"West Europe\",\r\n        \"West US\",\r\n        \"West US 2\",\r\n        \"West US 3\",\r\n        \"Central US EUAP\",\r\n        \"East US 2 EUAP\"\r\n      ],\r\n      \"apiVersions\": [\r\n        \"2022-09-02-preview\",\r\n        \"2022-07-02-preview\",\r\n        \"2022-06-02-preview\"\r\n      ],\r\n      \"capabilities\": \"None\"\r\n    },\r\n    {\r\n      \"resourceType\": \"fleets/members\",\r\n      \"locations\": [\r\n        \"Australia Central\",\r\n        \"Australia Central 2\",\r\n        \"Australia East\",\r\n        \"Australia Southeast\",\r\n        \"Brazil South\",\r\n        \"Brazil Southeast\",\r\n        \"Canada Central\",\r\n        \"Canada East\",\r\n        \"Central India\",\r\n        \"Central US\",\r\n        \"East Asia\",\r\n        \"East US\",\r\n        \"East US 2\",\r\n        \"France Central\",\r\n        \"France South\",\r\n        \"Germany North\",\r\n        \"Germany West Central\",\r\n        \"Japan East\",\r\n        \"Japan West\",\r\n        \"Jio India Central\",\r\n        \"Jio India West\",\r\n        \"Korea Central\",\r\n        \"Korea South\",\r\n        \"North Central US\",\r\n        \"North Europe\",\r\n        \"Norway East\",\r\n        \"Norway West\",\r\n        \"Poland Central\",\r\n        \"Qatar Central\",\r\n        \"South Africa North\",\r\n        \"South Central US\",\r\n        \"South India\",\r\n        \"Southeast Asia\",\r\n        \"Sweden Central\",\r\n        \"Switzerland North\",\r\n        \"Switzerland West\",\r\n        \"UAE Central\",\r\n        \"UAE North\",\r\n        \"UK South\",\r\n        \"UK West\",\r\n        \"West Central US\",\r\n        \"West Europe\",\r\n        \"West US\",\r\n        \"West US 2\",\r\n        \"West US 3\",\r\n        \"Central US EUAP\",\r\n        \"East US 2 EUAP\"\r\n      ],\r\n      \"apiVersions\": [\r\n        \"2022-09-02-preview\",\r\n        \"2022-07-02-preview\",\r\n        \"2022-06-02-preview\"\r\n      ]\r\n    },\r\n    {\r\n      \"resourceType\": \"locations\",\r\n      \"locations\": [],\r\n      \"apiVersions\": [\r\n        \"2017-08-31\",\r\n        \"2017-01-31\",\r\n        \"2016-09-30\",\r\n        \"2016-03-30\",\r\n        \"2015-11-01-preview\"\r\n      ]\r\n    },\r\n    {\r\n      \"resourceType\": \"locations/notifyNetworkSecurityPerimeterUpdatesAvailable\",\r\n      \"locations\": [\r\n        \"Australia Central\",\r\n        \"Australia Central 2\",\r\n        \"Australia East\",\r\n        \"Australia Southeast\",\r\n        \"Brazil South\",\r\n        \"Brazil Southeast\",\r\n        \"Canada Central\",\r\n        \"Canada East\",\r\n        \"Central India\",\r\n        \"Central US\",\r\n        \"Central US EUAP\",\r\n        \"East Asia\",\r\n        \"East US\",\r\n        \"East US 2\",\r\n        \"East US 2 EUAP\",\r\n        \"France Central\",\r\n        \"France South\",\r\n        \"Germany North\",\r\n        \"Germany West Central\",\r\n        \"Japan East\",\r\n        \"Japan West\",\r\n        \"Jio India Central\",\r\n        \"Jio India West\",\r\n        \"Korea Central\",\r\n        \"Korea South\",\r\n        \"North Central US\",\r\n        \"North Europe\",\r\n        \"Norway East\",\r\n        \"Norway West\",\r\n        \"Poland Central\",\r\n        \"Qatar Central\",\r\n        \"South Africa North\",\r\n        \"South Central US\",\r\n        \"South India\",\r\n        \"Southeast Asia\",\r\n        \"Sweden Central\",\r\n        \"Switzerland North\",\r\n        \"Switzerland West\",\r\n        \"UAE Central\",\r\n        \"UAE North\",\r\n        \"UK South\",\r\n        \"UK West\",\r\n        \"West Central US\",\r\n        \"West Europe\",\r\n        \"West US\",\r\n        \"West US 2\",\r\n        \"West US 3\"\r\n      ],\r\n      \"apiVersions\": [\r\n        \"2023-02-02-preview\",\r\n        \"2023-01-02-preview\",\r\n        \"2022-11-02-preview\",\r\n        \"2022-10-02-preview\",\r\n        \"2022-09-02-preview\",\r\n        \"2022-08-03-preview\",\r\n        \"2022-08-02-preview\",\r\n        \"2022-07-02-preview\",\r\n        \"2022-03-01\"\r\n      ]\r\n    },\r\n    {\r\n      \"resourceType\": \"locations/operationresults\",\r\n      \"locations\": [\r\n        \"Australia Central\",\r\n        \"Australia Central 2\",\r\n        \"Australia East\",\r\n        \"Australia Southeast\",\r\n        \"Brazil South\",\r\n        \"Brazil Southeast\",\r\n        \"Canada Central\",\r\n        \"Canada East\",\r\n        \"Central India\",\r\n        \"Central US\",\r\n        \"East Asia\",\r\n        \"East US\",\r\n        \"East US 2\",\r\n        \"France Central\",\r\n        \"France South\",\r\n        \"Germany North\",\r\n        \"Germany West Central\",\r\n        \"Japan East\",\r\n        \"Japan West\",\r\n        \"Jio India Central\",\r\n        \"Jio India West\",\r\n        \"Korea Central\",\r\n        \"Korea South\",\r\n        \"North Central US\",\r\n        \"North Europe\",\r\n        \"Norway East\",\r\n        \"Norway West\",\r\n        \"Poland Central\",\r\n        \"Qatar Central\",\r\n        \"South Africa North\",\r\n        \"South Africa West\",\r\n        \"South Central US\",\r\n        \"South India\",\r\n        \"Southeast Asia\",\r\n        \"Sweden Central\",\r\n        \"Switzerland North\",\r\n        \"Switzerland West\",\r\n        \"UAE Central\",\r\n        \"UAE North\",\r\n        \"UK South\",\r\n        \"UK West\",\r\n        \"West Central US\",\r\n        \"West Europe\",\r\n        \"West India\",\r\n        \"West US\",\r\n        \"West US 2\",\r\n        \"West US 3\",\r\n        \"Central US EUAP\",\r\n        \"East US 2 EUAP\"\r\n      ],\r\n      \"apiVersions\": [\r\n        \"2023-02-02-preview\",\r\n        \"2023-02-01\",\r\n        \"2023-01-02-preview\",\r\n        \"2023-01-01\",\r\n        \"2022-11-02-preview\",\r\n        \"2022-11-01\",\r\n        \"2022-10-02-preview\",\r\n        \"2022-09-02-preview\",\r\n        \"2022-09-01\",\r\n        \"2022-08-03-preview\",\r\n        \"2022-08-02-preview\",\r\n        \"2022-08-01\",\r\n        \"2022-07-02-preview\",\r\n        \"2022-07-01\",\r\n        \"2022-06-02-preview\",\r\n        \"2022-06-01\",\r\n        \"2022-05-02-preview\",\r\n        \"2022-04-02-preview\",\r\n        \"2022-04-01\",\r\n        \"2022-03-02-preview\",\r\n        \"2022-03-01\",\r\n        \"2022-02-02-preview\",\r\n        \"2022-02-01\",\r\n        \"2022-01-02-preview\",\r\n        \"2022-01-01\",\r\n        \"2021-11-01-preview\",\r\n        \"2021-10-01\",\r\n        \"2021-09-01\",\r\n        \"2021-08-01\",\r\n        \"2021-07-01\",\r\n        \"2021-05-01\",\r\n        \"2021-03-01\",\r\n        \"2021-02-01\",\r\n        \"2020-12-01\",\r\n        \"2020-11-01\",\r\n        \"2020-09-01\",\r\n        \"2020-07-01\",\r\n        \"2020-06-01\",\r\n        \"2020-04-01\",\r\n        \"2020-03-01\",\r\n        \"2020-02-01\",\r\n        \"2020-01-01\",\r\n        \"2019-11-01\",\r\n        \"2019-10-01\",\r\n        \"2019-08-01\",\r\n        \"2019-06-01\",\r\n        \"2019-04-01\",\r\n        \"2019-02-01\",\r\n        \"2018-08-01-preview\",\r\n        \"2018-03-31\",\r\n        \"2017-08-31\",\r\n        \"2016-03-30\"\r\n      ]\r\n    },\r\n    {\r\n      \"resourceType\": \"locations/operations\",\r\n      \"locations\": [\r\n        \"Australia Central\",\r\n        \"Australia Central 2\",\r\n        \"Australia East\",\r\n        \"Australia Southeast\",\r\n        \"Brazil South\",\r\n        \"Brazil Southeast\",\r\n        \"Canada Central\",\r\n        \"Canada East\",\r\n        \"Central India\",\r\n        \"Central US\",\r\n        \"East Asia\",\r\n        \"East US\",\r\n        \"East US 2\",\r\n        \"France Central\",\r\n        \"France South\",\r\n        \"Germany North\",\r\n        \"Germany West Central\",\r\n        \"Japan East\",\r\n        \"Japan West\",\r\n        \"Jio India Central\",\r\n        \"Jio India West\",\r\n        \"Korea Central\",\r\n        \"Korea South\",\r\n        \"North Central US\",\r\n        \"North Europe\",\r\n        \"Norway East\",\r\n        \"Norway West\",\r\n        \"Poland Central\",\r\n        \"Qatar Central\",\r\n        \"South Africa North\",\r\n        \"South Africa West\",\r\n        \"South Central US\",\r\n        \"South India\",\r\n        \"Southeast Asia\",\r\n        \"Sweden Central\",\r\n        \"Switzerland North\",\r\n        \"Switzerland West\",\r\n        \"UAE Central\",\r\n        \"UAE North\",\r\n        \"UK South\",\r\n        \"UK West\",\r\n        \"West Central US\",\r\n        \"West Europe\",\r\n        \"West India\",\r\n        \"West US\",\r\n        \"West US 2\",\r\n        \"West US 3\",\r\n        \"Central US EUAP\",\r\n        \"East US 2 EUAP\"\r\n      ],\r\n      \"apiVersions\": [\r\n        \"2023-02-02-preview\",\r\n        \"2023-02-01\",\r\n        \"2023-01-02-preview\",\r\n        \"2023-01-01\",\r\n        \"2022-11-02-preview\",\r\n        \"2022-11-01\",\r\n        \"2022-10-02-preview\",\r\n        \"2022-09-02-preview\",\r\n        \"2022-09-01\",\r\n        \"2022-08-03-preview\",\r\n        \"2022-08-02-preview\",\r\n        \"2022-08-01\",\r\n        \"2022-07-02-preview\",\r\n        \"2022-07-01\",\r\n        \"2022-06-02-preview\",\r\n        \"2022-06-01\",\r\n        \"2022-05-02-preview\",\r\n        \"2022-04-02-preview\",\r\n        \"2022-04-01\",\r\n        \"2022-03-02-preview\",\r\n        \"2022-03-01\",\r\n        \"2022-02-02-preview\",\r\n        \"2022-02-01\",\r\n        \"2022-01-02-preview\",\r\n        \"2022-01-01\",\r\n        \"2021-11-01-preview\",\r\n        \"2021-10-01\",\r\n        \"2021-09-01\",\r\n        \"2021-08-01\",\r\n        \"2021-07-01\",\r\n        \"2021-05-01\",\r\n        \"2021-03-01\",\r\n        \"2021-02-01\",\r\n        \"2020-12-01\",\r\n        \"2020-11-01\",\r\n        \"2020-09-01\",\r\n        \"2020-07-01\",\r\n        \"2020-06-01\",\r\n        \"2020-04-01\",\r\n        \"2020-03-01\",\r\n        \"2020-02-01\",\r\n        \"2020-01-01\",\r\n        \"2019-11-01\",\r\n        \"2019-10-01\",\r\n        \"2019-08-01\",\r\n        \"2019-06-01\",\r\n        \"2019-04-01\",\r\n        \"2019-02-01\",\r\n        \"2018-08-01-preview\",\r\n        \"2018-03-31\",\r\n        \"2017-08-31\",\r\n        \"2016-03-30\"\r\n      ]\r\n    },\r\n    {\r\n      \"resourceType\": \"locations/orchestrators\",\r\n      \"locations\": [\r\n        \"Australia Central\",\r\n        \"Australia Central 2\",\r\n        \"Australia East\",\r\n        \"Australia Southeast\",\r\n        \"Brazil South\",\r\n        \"Brazil Southeast\",\r\n        \"Canada Central\",\r\n        \"Canada East\",\r\n        \"Central India\",\r\n        \"Central US\",\r\n        \"East Asia\",\r\n        \"East US\",\r\n        \"East US 2\",\r\n        \"France Central\",\r\n        \"France South\",\r\n        \"Germany North\",\r\n        \"Germany West Central\",\r\n        \"Japan East\",\r\n        \"Japan West\",\r\n        \"Jio India Central\",\r\n        \"Jio India West\",\r\n        \"Korea Central\",\r\n        \"Korea South\",\r\n        \"North Central US\",\r\n        \"North Europe\",\r\n        \"Norway East\",\r\n        \"Norway West\",\r\n        \"Poland Central\",\r\n        \"Qatar Central\",\r\n        \"South Africa North\",\r\n        \"South Africa West\",\r\n        \"South Central US\",\r\n        \"South India\",\r\n        \"Southeast Asia\",\r\n        \"Sweden Central\",\r\n        \"Switzerland North\",\r\n        \"Switzerland West\",\r\n        \"UAE Central\",\r\n        \"UAE North\",\r\n        \"UK South\",\r\n        \"UK West\",\r\n        \"West Central US\",\r\n        \"West Europe\",\r\n        \"West US\",\r\n        \"West US 2\",\r\n        \"West US 3\",\r\n        \"Central US EUAP\",\r\n        \"East US 2 EUAP\"\r\n      ],\r\n      \"apiVersions\": [\r\n        \"2023-02-02-preview\",\r\n        \"2023-02-01\",\r\n        \"2023-01-02-preview\",\r\n        \"2023-01-01\",\r\n        \"2022-11-02-preview\",\r\n        \"2022-11-01\",\r\n        \"2022-10-02-preview\",\r\n        \"2022-09-02-preview\",\r\n        \"2022-09-01\",\r\n        \"2022-08-03-preview\",\r\n        \"2022-08-02-preview\",\r\n        \"2022-08-01\",\r\n        \"2022-07-02-preview\",\r\n        \"2022-07-01\",\r\n        \"2022-06-02-preview\",\r\n        \"2022-06-01\",\r\n        \"2022-05-02-preview\",\r\n        \"2022-04-02-preview\",\r\n        \"2022-04-01\",\r\n        \"2022-03-02-preview\",\r\n        \"2022-03-01\",\r\n        \"2022-02-02-preview\",\r\n        \"2022-02-01\",\r\n        \"2022-01-02-preview\",\r\n        \"2022-01-01\",\r\n        \"2021-11-01-preview\",\r\n        \"2021-10-01\",\r\n        \"2021-09-01\",\r\n        \"2021-08-01\",\r\n        \"2021-07-01\",\r\n        \"2021-05-01\",\r\n        \"2021-03-01\",\r\n        \"2021-02-01\",\r\n        \"2020-12-01\",\r\n        \"2020-11-01\",\r\n        \"2020-09-01\",\r\n        \"2020-07-01\",\r\n        \"2020-06-01\",\r\n        \"2020-04-01\",\r\n        \"2020-03-01\",\r\n        \"2020-02-01\",\r\n        \"2020-01-01\",\r\n        \"2019-11-01\",\r\n        \"2019-10-01\",\r\n        \"2019-08-01\",\r\n        \"2019-06-01\",\r\n        \"2019-04-01\",\r\n        \"2017-09-30\"\r\n      ]\r\n    },\r\n    {\r\n      \"resourceType\": \"locations/osOptions\",\r\n      \"locations\": [\r\n        \"Australia Central\",\r\n        \"Australia Central 2\",\r\n        \"Australia East\",\r\n        \"Australia Southeast\",\r\n        \"Brazil South\",\r\n        \"Brazil Southeast\",\r\n        \"Canada Central\",\r\n        \"Canada East\",\r\n        \"Central India\",\r\n        \"Central US\",\r\n        \"East Asia\",\r\n        \"East US\",\r\n        \"East US 2\",\r\n        \"France Central\",\r\n        \"France South\",\r\n        \"Germany North\",\r\n        \"Germany West Central\",\r\n        \"Japan East\",\r\n        \"Japan West\",\r\n        \"Jio India Central\",\r\n        \"Jio India West\",\r\n        \"Korea Central\",\r\n        \"Korea South\",\r\n        \"North Central US\",\r\n        \"North Europe\",\r\n        \"Norway East\",\r\n        \"Norway West\",\r\n        \"Poland Central\",\r\n        \"Qatar Central\",\r\n        \"South Africa North\",\r\n        \"South Africa West\",\r\n        \"South Central US\",\r\n        \"South India\",\r\n        \"Southeast Asia\",\r\n        \"Sweden Central\",\r\n        \"Switzerland North\",\r\n        \"Switzerland West\",\r\n        \"UAE Central\",\r\n        \"UAE North\",\r\n        \"UK South\",\r\n        \"UK West\",\r\n        \"West Central US\",\r\n        \"West Europe\",\r\n        \"West US\",\r\n        \"West US 2\",\r\n        \"West US 3\",\r\n        \"Central US EUAP\",\r\n        \"East US 2 EUAP\"\r\n      ],\r\n      \"apiVersions\": [\r\n        \"2023-02-02-preview\",\r\n        \"2023-02-01\",\r\n        \"2023-01-02-preview\",\r\n        \"2023-01-01\",\r\n        \"2022-11-02-preview\",\r\n        \"2022-11-01\",\r\n        \"2022-10-02-preview\",\r\n        \"2022-09-02-preview\",\r\n        \"2022-09-01\",\r\n        \"2022-08-03-preview\",\r\n        \"2022-08-02-preview\",\r\n        \"2022-08-01\",\r\n        \"2022-07-02-preview\",\r\n        \"2022-07-01\",\r\n        \"2022-06-02-preview\",\r\n        \"2022-06-01\",\r\n        \"2022-05-02-preview\",\r\n        \"2022-04-02-preview\",\r\n        \"2022-04-01\",\r\n        \"2022-03-02-preview\",\r\n        \"2022-03-01\",\r\n        \"2022-02-02-preview\",\r\n        \"2022-02-01\",\r\n        \"2022-01-02-preview\",\r\n        \"2022-01-01\",\r\n        \"2021-11-01-preview\",\r\n        \"2021-10-01\",\r\n        \"2021-09-01\",\r\n        \"2021-08-01\",\r\n        \"2021-07-01\",\r\n        \"2021-05-01\",\r\n        \"2021-03-01\"\r\n      ]\r\n    },\r\n    {\r\n      \"resourceType\": \"managedClusters\",\r\n      \"locations\": [\r\n        \"Australia Central\",\r\n        \"Australia Central 2\",\r\n        \"Australia East\",\r\n        \"Australia Southeast\",\r\n        \"Brazil South\",\r\n        \"Brazil Southeast\",\r\n        \"Canada Central\",\r\n        \"Canada East\",\r\n        \"Central India\",\r\n        \"Central US\",\r\n        \"East Asia\",\r\n        \"East US\",\r\n        \"East US 2\",\r\n        \"France Central\",\r\n        \"France South\",\r\n        \"Germany North\",\r\n        \"Germany West Central\",\r\n        \"Japan East\",\r\n        \"Japan West\",\r\n        \"Jio India Central\",\r\n        \"Jio India West\",\r\n        \"Korea Central\",\r\n        \"Korea South\",\r\n        \"North Central US\",\r\n        \"North Europe\",\r\n        \"Norway East\",\r\n        \"Norway West\",\r\n        \"Poland Central\",\r\n        \"Qatar Central\",\r\n        \"South Africa North\",\r\n        \"South Central US\",\r\n        \"South India\",\r\n        \"Southeast Asia\",\r\n        \"Sweden Central\",\r\n        \"Switzerland North\",\r\n        \"Switzerland West\",\r\n        \"UAE Central\",\r\n        \"UAE North\",\r\n        \"UK South\",\r\n        \"UK West\",\r\n        \"West Central US\",\r\n        \"West Europe\",\r\n        \"West US\",\r\n        \"West US 2\",\r\n        \"West US 3\",\r\n        \"Central US EUAP\",\r\n        \"East US 2 EUAP\"\r\n      ],\r\n      \"apiVersions\": [\r\n        \"2023-02-02-preview\",\r\n        \"2023-02-01\",\r\n        \"2023-01-02-preview\",\r\n        \"2023-01-01\",\r\n        \"2022-11-02-preview\",\r\n        \"2022-11-01\",\r\n        \"2022-10-02-preview\",\r\n        \"2022-09-02-preview\",\r\n        \"2022-09-01\",\r\n        \"2022-08-03-preview\",\r\n        \"2022-08-02-preview\",\r\n        \"2022-08-01\",\r\n        \"2022-07-02-preview\",\r\n        \"2022-07-01\",\r\n        \"2022-06-02-preview\",\r\n        \"2022-06-01\",\r\n        \"2022-05-02-preview\",\r\n        \"2022-04-02-preview\",\r\n        \"2022-04-01\",\r\n        \"2022-03-02-preview\",\r\n        \"2022-03-01\",\r\n        \"2022-02-02-preview\",\r\n        \"2022-02-01\",\r\n        \"2022-01-02-preview\",\r\n        \"2022-01-01\",\r\n        \"2021-11-01-preview\",\r\n        \"2021-10-01\",\r\n        \"2021-09-01\",\r\n        \"2021-08-01\",\r\n        \"2021-07-01\",\r\n        \"2021-05-01\",\r\n        \"2021-03-01\",\r\n        \"2021-02-01\",\r\n        \"2020-12-01\",\r\n        \"2020-11-01\",\r\n        \"2020-09-01\",\r\n        \"2020-07-01\",\r\n        \"2020-06-01\",\r\n        \"2020-04-01\",\r\n        \"2020-03-01\",\r\n        \"2020-02-01\",\r\n        \"2020-01-01\",\r\n        \"2019-11-01\",\r\n        \"2019-10-01\",\r\n        \"2019-08-01\",\r\n        \"2019-06-01\",\r\n        \"2019-04-01\",\r\n        \"2019-02-01\",\r\n        \"2018-08-01-preview\",\r\n        \"2018-03-31\",\r\n        \"2017-08-31\"\r\n      ],\r\n      \"capabilities\": \"SystemAssignedResourceIdentity\"\r\n    },\r\n    {\r\n      \"resourceType\": \"managedclustersnapshots\",\r\n      \"locations\": [\r\n        \"Australia Central\",\r\n        \"Australia Central 2\",\r\n        \"Australia East\",\r\n        \"Australia Southeast\",\r\n        \"Brazil South\",\r\n        \"Brazil Southeast\",\r\n        \"Canada Central\",\r\n        \"Canada East\",\r\n        \"Central India\",\r\n        \"Central US\",\r\n        \"East Asia\",\r\n        \"East US\",\r\n        \"East US 2\",\r\n        \"France Central\",\r\n        \"France South\",\r\n        \"Germany North\",\r\n        \"Germany West Central\",\r\n        \"Japan East\",\r\n        \"Japan West\",\r\n        \"Jio India Central\",\r\n        \"Jio India West\",\r\n        \"Korea Central\",\r\n        \"Korea South\",\r\n        \"North Central US\",\r\n        \"North Europe\",\r\n        \"Norway East\",\r\n        \"Norway West\",\r\n        \"Poland Central\",\r\n        \"Qatar Central\",\r\n        \"South Africa North\",\r\n        \"South Central US\",\r\n        \"South India\",\r\n        \"Southeast Asia\",\r\n        \"Sweden Central\",\r\n        \"Switzerland North\",\r\n        \"Switzerland West\",\r\n        \"UAE Central\",\r\n        \"UAE North\",\r\n        \"UK South\",\r\n        \"UK West\",\r\n        \"West Central US\",\r\n        \"West Europe\",\r\n        \"West US\",\r\n        \"West US 2\",\r\n        \"West US 3\",\r\n        \"Central US EUAP\",\r\n        \"East US 2 EUAP\"\r\n      ],\r\n      \"apiVersions\": [\r\n        \"2023-02-02-preview\",\r\n        \"2023-01-02-preview\",\r\n        \"2022-11-02-preview\",\r\n        \"2022-10-02-preview\",\r\n        \"2022-09-02-preview\",\r\n        \"2022-08-03-preview\",\r\n        \"2022-08-02-preview\",\r\n        \"2022-07-02-preview\",\r\n        \"2022-06-02-preview\",\r\n        \"2022-05-02-preview\",\r\n        \"2022-04-02-preview\",\r\n        \"2022-03-02-preview\",\r\n        \"2022-02-02-preview\"\r\n      ],\r\n      \"capabilities\": \"SystemAssignedResourceIdentity\"\r\n    },\r\n    {\r\n      \"resourceType\": \"operations\",\r\n      \"locations\": [],\r\n      \"apiVersions\": [\r\n        \"2018-10-31\",\r\n        \"2018-03-31\",\r\n        \"2017-08-31\",\r\n        \"2017-07-01\",\r\n        \"2017-01-31\",\r\n        \"2016-09-30\",\r\n        \"2016-03-30\",\r\n        \"2015-11-01-preview\"\r\n      ]\r\n    },\r\n    {\r\n      \"resourceType\": \"snapshots\",\r\n      \"locations\": [\r\n        \"Australia Central\",\r\n        \"Australia Central 2\",\r\n        \"Australia East\",\r\n        \"Australia Southeast\",\r\n        \"Brazil South\",\r\n        \"Brazil Southeast\",\r\n        \"Canada Central\",\r\n        \"Canada East\",\r\n        \"Central India\",\r\n        \"Central US\",\r\n        \"East Asia\",\r\n        \"East US\",\r\n        \"East US 2\",\r\n        \"France Central\",\r\n        \"France South\",\r\n        \"Germany North\",\r\n        \"Germany West Central\",\r\n        \"Japan East\",\r\n        \"Japan West\",\r\n        \"Jio India Central\",\r\n        \"Jio India West\",\r\n        \"Korea Central\",\r\n        \"Korea South\",\r\n        \"North Central US\",\r\n        \"North Europe\",\r\n        \"Norway East\",\r\n        \"Norway West\",\r\n        \"Poland Central\",\r\n        \"Qatar Central\",\r\n        \"South Africa North\",\r\n        \"South Africa West\",\r\n        \"South Central US\",\r\n        \"South India\",\r\n        \"Southeast Asia\",\r\n        \"Sweden Central\",\r\n        \"Switzerland North\",\r\n        \"Switzerland West\",\r\n        \"UAE Central\",\r\n        \"UAE North\",\r\n        \"UK South\",\r\n        \"UK West\",\r\n        \"West Central US\",\r\n        \"West Europe\",\r\n        \"West US\",\r\n        \"West US 2\",\r\n        \"West US 3\",\r\n        \"Central US EUAP\",\r\n        \"East US 2 EUAP\"\r\n      ],\r\n      \"apiVersions\": [\r\n        \"2023-02-02-preview\",\r\n        \"2023-02-01\",\r\n        \"2023-01-02-preview\",\r\n        \"2023-01-01\",\r\n        \"2022-11-02-preview\",\r\n        \"2022-11-01\",\r\n        \"2022-10-02-preview\",\r\n        \"2022-09-02-preview\",\r\n        \"2022-09-01\",\r\n        \"2022-08-03-preview\",\r\n        \"2022-08-02-preview\",\r\n        \"2022-08-01\",\r\n        \"2022-07-02-preview\",\r\n        \"2022-07-01\",\r\n        \"2022-06-02-preview\",\r\n        \"2022-06-01\",\r\n        \"2022-05-02-preview\",\r\n        \"2022-04-02-preview\",\r\n        \"2022-04-01\",\r\n        \"2022-03-02-preview\",\r\n        \"2022-03-01\",\r\n        \"2022-02-02-preview\",\r\n        \"2022-02-01\",\r\n        \"2022-01-02-preview\",\r\n        \"2022-01-01\",\r\n        \"2021-11-01-preview\",\r\n        \"2021-10-01\",\r\n        \"2021-09-01\",\r\n        \"2021-08-01\"\r\n      ],\r\n      \"capabilities\": \"SystemAssignedResourceIdentity\"\r\n    }\r\n  ],\r\n  \"registrationState\": \"Registered\"\r\n}",
      "StatusCode": 200
    },
    {
      "RequestUri": "/subscriptions/0b1f6471-1bf0-4dda-aec3-cb9272f09590/resourceGroups/rgps4138/providers/Microsoft.ContainerService/managedClusters/kubeps6449?api-version=2023-02-01",
      "EncodedRequestUri": "L3N1YnNjcmlwdGlvbnMvMGIxZjY0NzEtMWJmMC00ZGRhLWFlYzMtY2I5MjcyZjA5NTkwL3Jlc291cmNlR3JvdXBzL3JncHM0MTM4L3Byb3ZpZGVycy9NaWNyb3NvZnQuQ29udGFpbmVyU2VydmljZS9tYW5hZ2VkQ2x1c3RlcnMva3ViZXBzNjQ0OT9hcGktdmVyc2lvbj0yMDIzLTAyLTAx",
      "RequestMethod": "PUT",
      "RequestHeaders": {
        "x-ms-client-request-id": [
          "1c882ada-3d3e-45c4-ac43-2f2f0b6889a1"
        ],
        "Accept-Language": [
          "en-US"
        ],
        "User-Agent": [
          "FxVersion/4.700.22.55902",
          "OSName/Windows",
          "OSVersion/Microsoft.Windows.10.0.22621",
          "Microsoft.Azure.Management.ContainerService.ContainerServiceClient/5.3.1"
        ],
        "Content-Type": [
          "application/json; charset=utf-8"
        ],
        "Content-Length": [
          "1797"
        ]
      },
      "RequestBody": "{\r\n  \"properties\": {\r\n    \"kubernetesVersion\": \"1.25.5\",\r\n    \"dnsPrefix\": \"mypre\",\r\n    \"agentPoolProfiles\": [\r\n      {\r\n        \"name\": \"defnode\",\r\n        \"count\": 2,\r\n        \"vmSize\": \"Standard_D2_v2\",\r\n        \"osDiskSizeGB\": 32,\r\n        \"maxPods\": 25,\r\n        \"osType\": \"Linux\",\r\n        \"maxCount\": 10,\r\n        \"minCount\": 1,\r\n        \"enableAutoScaling\": true,\r\n        \"type\": \"VirtualMachineScaleSets\",\r\n        \"mode\": \"System\",\r\n        \"scaleSetPriority\": \"Regular\",\r\n        \"scaleSetEvictionPolicy\": \"Deallocate\"\r\n      }\r\n    ],\r\n    \"linuxProfile\": {\r\n      \"adminUsername\": \"linuxuser\",\r\n      \"ssh\": {\r\n        \"publicKeys\": [\r\n          {\r\n            \"keyData\": \"ssh-rsa AAAAB3NzaC1yc2EAAAADAQABAAACAQChy6cYuI2+AoUycYdObeb45hTY5N46KTuCyy7Ln6Sg+xOoC0RyEAOmLzAWUjYCgbgCuJyOWR7HUz8vGz9guxpeb6kKroXVU20/ZA7fdE8OLU/86aCWZJkBuDJpbmPZsuVwjBJ2sQClmyR+UESLmi+pHLF/QGC55sNh00kdLOpzJLFnkb7nkTWQZ25sWqzr/gmrAx5Pvn6fb6PzTgFKNjKyU2XvJQUpy0iXY1jCJd+0fMzbFDR44izuR+Y9FZ8H2abyARd/ujVYTY8S90ICW7J2eZFQPe8uCfhAjaMlHcQpAjQn/1+h21hJM51UckW1z1XptJZAYWr1IJHTp5B9KfKI/C+4EkcILlPGeqvoZlOCWPYiu6LetiWAf7I9TMfVbBmdl6tPt37Dene7rmHAOIcviskzSmFs7ajjLnOMLDp1GDDfBUntu+VOMHZo09AqOdXva5Qij+YMU1T/xd8cMPvEK7NPmp9E4T5kl+jy+zQxcP3w+niPEtI6w8uYM+vznq5g5nu1WGFT8hG+CprOnB/OzrZsJPMkWzg6cCiQ2nkBM1tjNxA0XHm665fg3OjqRhnXRMorEHri6T+0huUis6CY7Kbu5r1S4yll/eXhBLB6MNvqmeEHpwuGbEksSwjCCNBi812vOaYJ3ZIcSmgiafTDok9bsIEGj9xhNhiCV0Gklw== devigned@msft.com\\r\\n\"\r\n          }\r\n        ]\r\n      }\r\n    },\r\n    \"servicePrincipalProfile\": {\r\n      \"clientId\": \"74be032e-9cbe-4a2d-b1ab-c6beee96a311\",\r\n      \"secret\": \".t68Q~f_5.wOza7G_eSWv2xAItlnfdfuHMOJ_a2H\"\r\n    },\r\n    \"enableRBAC\": true,\r\n    \"networkProfile\": {\r\n      \"networkPlugin\": \"azure\",\r\n      \"loadBalancerSku\": \"Standard\"\r\n    }\r\n  },\r\n  \"location\": \"eastus\"\r\n}",
      "ResponseHeaders": {
        "Cache-Control": [
          "no-cache"
        ],
        "Pragma": [
          "no-cache"
        ],
        "x-ms-routing-request-id": [
          "SOUTHEASTASIA:20230328T085653Z:6cfa72f5-a196-4836-8b82-80b5042b8acd"
        ],
        "x-ms-ratelimit-remaining-subscription-writes": [
          "1199"
        ],
        "azure-asyncoperation": [
          "https://management.azure.com/subscriptions/0b1f6471-1bf0-4dda-aec3-cb9272f09590/providers/Microsoft.ContainerService/locations/eastus/operations/7d08dc8c-e7bc-4c54-a0dd-50e192229ac0?api-version=2017-08-31"
        ],
        "x-ms-correlation-request-id": [
          "6cfa72f5-a196-4836-8b82-80b5042b8acd"
        ],
        "x-ms-request-id": [
          "7d08dc8c-e7bc-4c54-a0dd-50e192229ac0"
        ],
        "Strict-Transport-Security": [
          "max-age=31536000; includeSubDomains"
        ],
        "X-Content-Type-Options": [
          "nosniff"
        ],
        "Server": [
          "nginx"
        ],
        "Date": [
          "Tue, 28 Mar 2023 08:56:52 GMT"
        ],
        "Content-Length": [
          "3231"
        ],
        "Content-Type": [
          "application/json"
        ],
        "Expires": [
          "-1"
        ]
      },
      "ResponseBody": "{\r\n  \"id\": \"/subscriptions/0b1f6471-1bf0-4dda-aec3-cb9272f09590/resourcegroups/rgps4138/providers/Microsoft.ContainerService/managedClusters/kubeps6449\",\r\n  \"location\": \"eastus\",\r\n  \"name\": \"kubeps6449\",\r\n  \"type\": \"Microsoft.ContainerService/ManagedClusters\",\r\n  \"properties\": {\r\n    \"provisioningState\": \"Creating\",\r\n    \"powerState\": {\r\n      \"code\": \"Running\"\r\n    },\r\n    \"kubernetesVersion\": \"1.25.5\",\r\n    \"currentKubernetesVersion\": \"1.25.5\",\r\n    \"dnsPrefix\": \"mypre\",\r\n    \"fqdn\": \"mypre-g4ym4u3c.hcp.eastus.azmk8s.io\",\r\n    \"azurePortalFQDN\": \"mypre-g4ym4u3c.portal.hcp.eastus.azmk8s.io\",\r\n    \"agentPoolProfiles\": [\r\n      {\r\n        \"name\": \"defnode\",\r\n        \"count\": 2,\r\n        \"vmSize\": \"Standard_D2_v2\",\r\n        \"osDiskSizeGB\": 32,\r\n        \"osDiskType\": \"Managed\",\r\n        \"kubeletDiskType\": \"OS\",\r\n        \"maxPods\": 25,\r\n        \"type\": \"VirtualMachineScaleSets\",\r\n        \"maxCount\": 10,\r\n        \"minCount\": 1,\r\n        \"enableAutoScaling\": true,\r\n        \"provisioningState\": \"Creating\",\r\n        \"powerState\": {\r\n          \"code\": \"Running\"\r\n        },\r\n        \"orchestratorVersion\": \"1.25.5\",\r\n        \"currentOrchestratorVersion\": \"1.25.5\",\r\n        \"mode\": \"System\",\r\n        \"osType\": \"Linux\",\r\n        \"osSKU\": \"Ubuntu\",\r\n        \"nodeImageVersion\": \"AKSUbuntu-2204containerd-202303.13.0\",\r\n        \"enableFIPS\": false\r\n      }\r\n    ],\r\n    \"linuxProfile\": {\r\n      \"adminUsername\": \"linuxuser\",\r\n      \"ssh\": {\r\n        \"publicKeys\": [\r\n          {\r\n            \"keyData\": \"ssh-rsa AAAAB3NzaC1yc2EAAAADAQABAAACAQChy6cYuI2+AoUycYdObeb45hTY5N46KTuCyy7Ln6Sg+xOoC0RyEAOmLzAWUjYCgbgCuJyOWR7HUz8vGz9guxpeb6kKroXVU20/ZA7fdE8OLU/86aCWZJkBuDJpbmPZsuVwjBJ2sQClmyR+UESLmi+pHLF/QGC55sNh00kdLOpzJLFnkb7nkTWQZ25sWqzr/gmrAx5Pvn6fb6PzTgFKNjKyU2XvJQUpy0iXY1jCJd+0fMzbFDR44izuR+Y9FZ8H2abyARd/ujVYTY8S90ICW7J2eZFQPe8uCfhAjaMlHcQpAjQn/1+h21hJM51UckW1z1XptJZAYWr1IJHTp5B9KfKI/C+4EkcILlPGeqvoZlOCWPYiu6LetiWAf7I9TMfVbBmdl6tPt37Dene7rmHAOIcviskzSmFs7ajjLnOMLDp1GDDfBUntu+VOMHZo09AqOdXva5Qij+YMU1T/xd8cMPvEK7NPmp9E4T5kl+jy+zQxcP3w+niPEtI6w8uYM+vznq5g5nu1WGFT8hG+CprOnB/OzrZsJPMkWzg6cCiQ2nkBM1tjNxA0XHm665fg3OjqRhnXRMorEHri6T+0huUis6CY7Kbu5r1S4yll/eXhBLB6MNvqmeEHpwuGbEksSwjCCNBi812vOaYJ3ZIcSmgiafTDok9bsIEGj9xhNhiCV0Gklw== devigned@msft.com\\r\\n\"\r\n          }\r\n        ]\r\n      }\r\n    },\r\n    \"windowsProfile\": {\r\n      \"adminUsername\": \"azureuser\",\r\n      \"enableCSIProxy\": true\r\n    },\r\n    \"servicePrincipalProfile\": {\r\n      \"clientId\": \"74be032e-9cbe-4a2d-b1ab-c6beee96a311\"\r\n    },\r\n    \"nodeResourceGroup\": \"MC_rgps4138_kubeps6449_eastus\",\r\n    \"enableRBAC\": true,\r\n    \"networkProfile\": {\r\n      \"networkPlugin\": \"azure\",\r\n      \"networkDataplane\": \"azure\",\r\n      \"loadBalancerSku\": \"Standard\",\r\n      \"loadBalancerProfile\": {\r\n        \"managedOutboundIPs\": {\r\n          \"count\": 1\r\n        }\r\n      },\r\n      \"serviceCidr\": \"10.0.0.0/16\",\r\n      \"dnsServiceIP\": \"10.0.0.10\",\r\n      \"dockerBridgeCidr\": \"172.17.0.1/16\",\r\n      \"outboundType\": \"loadBalancer\",\r\n      \"serviceCidrs\": [\r\n        \"10.0.0.0/16\"\r\n      ],\r\n      \"ipFamilies\": [\r\n        \"IPv4\"\r\n      ]\r\n    },\r\n    \"maxAgentPools\": 100,\r\n    \"securityProfile\": {},\r\n    \"storageProfile\": {\r\n      \"diskCSIDriver\": {\r\n        \"enabled\": true\r\n      },\r\n      \"fileCSIDriver\": {\r\n        \"enabled\": true\r\n      },\r\n      \"snapshotController\": {\r\n        \"enabled\": true\r\n      }\r\n    },\r\n    \"oidcIssuerProfile\": {\r\n      \"enabled\": false\r\n    },\r\n    \"workloadAutoScalerProfile\": {}\r\n  },\r\n  \"sku\": {\r\n    \"name\": \"Base\",\r\n    \"tier\": \"Free\"\r\n  }\r\n}",
      "StatusCode": 201
    },
    {
      "RequestUri": "/subscriptions/0b1f6471-1bf0-4dda-aec3-cb9272f09590/resourceGroups/rgps4138/providers/Microsoft.ContainerService/managedClusters/kubeps6449?api-version=2023-02-01",
      "EncodedRequestUri": "L3N1YnNjcmlwdGlvbnMvMGIxZjY0NzEtMWJmMC00ZGRhLWFlYzMtY2I5MjcyZjA5NTkwL3Jlc291cmNlR3JvdXBzL3JncHM0MTM4L3Byb3ZpZGVycy9NaWNyb3NvZnQuQ29udGFpbmVyU2VydmljZS9tYW5hZ2VkQ2x1c3RlcnMva3ViZXBzNjQ0OT9hcGktdmVyc2lvbj0yMDIzLTAyLTAx",
      "RequestMethod": "PUT",
      "RequestHeaders": {
        "x-ms-client-request-id": [
          "f9652738-6677-4913-82eb-251f8b092dcd"
        ],
        "Accept-Language": [
          "en-US"
        ],
        "User-Agent": [
          "FxVersion/4.700.22.55902",
          "OSName/Windows",
          "OSVersion/Microsoft.Windows.10.0.22621",
          "Microsoft.Azure.Management.ContainerService.ContainerServiceClient/5.3.1"
        ],
        "Content-Type": [
          "application/json; charset=utf-8"
        ],
        "Content-Length": [
          "3807"
        ]
      },
      "RequestBody": "{\r\n  \"sku\": {\r\n    \"name\": \"Base\",\r\n    \"tier\": \"Free\"\r\n  },\r\n  \"properties\": {\r\n    \"kubernetesVersion\": \"1.25.5\",\r\n    \"dnsPrefix\": \"mypre\",\r\n    \"agentPoolProfiles\": [\r\n      {\r\n        \"name\": \"defnode\",\r\n        \"count\": 2,\r\n        \"vmSize\": \"Standard_D2_v2\",\r\n        \"osDiskSizeGB\": 32,\r\n        \"osDiskType\": \"Managed\",\r\n        \"kubeletDiskType\": \"OS\",\r\n        \"maxPods\": 25,\r\n        \"osType\": \"Linux\",\r\n        \"osSKU\": \"Ubuntu\",\r\n        \"maxCount\": 28,\r\n        \"minCount\": 2,\r\n        \"enableAutoScaling\": true,\r\n        \"type\": \"VirtualMachineScaleSets\",\r\n        \"mode\": \"System\",\r\n        \"orchestratorVersion\": \"1.25.5\",\r\n        \"powerState\": {\r\n          \"code\": \"Running\"\r\n        },\r\n        \"enableFIPS\": false\r\n      }\r\n    ],\r\n    \"linuxProfile\": {\r\n      \"adminUsername\": \"linuxuser\",\r\n      \"ssh\": {\r\n        \"publicKeys\": [\r\n          {\r\n            \"keyData\": \"ssh-rsa AAAAB3NzaC1yc2EAAAADAQABAAACAQChy6cYuI2+AoUycYdObeb45hTY5N46KTuCyy7Ln6Sg+xOoC0RyEAOmLzAWUjYCgbgCuJyOWR7HUz8vGz9guxpeb6kKroXVU20/ZA7fdE8OLU/86aCWZJkBuDJpbmPZsuVwjBJ2sQClmyR+UESLmi+pHLF/QGC55sNh00kdLOpzJLFnkb7nkTWQZ25sWqzr/gmrAx5Pvn6fb6PzTgFKNjKyU2XvJQUpy0iXY1jCJd+0fMzbFDR44izuR+Y9FZ8H2abyARd/ujVYTY8S90ICW7J2eZFQPe8uCfhAjaMlHcQpAjQn/1+h21hJM51UckW1z1XptJZAYWr1IJHTp5B9KfKI/C+4EkcILlPGeqvoZlOCWPYiu6LetiWAf7I9TMfVbBmdl6tPt37Dene7rmHAOIcviskzSmFs7ajjLnOMLDp1GDDfBUntu+VOMHZo09AqOdXva5Qij+YMU1T/xd8cMPvEK7NPmp9E4T5kl+jy+zQxcP3w+niPEtI6w8uYM+vznq5g5nu1WGFT8hG+CprOnB/OzrZsJPMkWzg6cCiQ2nkBM1tjNxA0XHm665fg3OjqRhnXRMorEHri6T+0huUis6CY7Kbu5r1S4yll/eXhBLB6MNvqmeEHpwuGbEksSwjCCNBi812vOaYJ3ZIcSmgiafTDok9bsIEGj9xhNhiCV0Gklw== devigned@msft.com\\r\\n\"\r\n          }\r\n        ]\r\n      }\r\n    },\r\n    \"windowsProfile\": {\r\n      \"adminUsername\": \"azureuser\",\r\n      \"enableCSIProxy\": true\r\n    },\r\n    \"servicePrincipalProfile\": {\r\n      \"clientId\": \"74be032e-9cbe-4a2d-b1ab-c6beee96a311\"\r\n    },\r\n    \"oidcIssuerProfile\": {\r\n      \"enabled\": false\r\n    },\r\n    \"nodeResourceGroup\": \"MC_rgps4138_kubeps6449_eastus\",\r\n    \"enableRBAC\": true,\r\n    \"networkProfile\": {\r\n      \"networkPlugin\": \"azure\",\r\n      \"serviceCidr\": \"10.0.0.0/16\",\r\n      \"dnsServiceIP\": \"10.0.0.10\",\r\n      \"dockerBridgeCidr\": \"172.17.0.1/16\",\r\n      \"outboundType\": \"loadBalancer\",\r\n      \"loadBalancerSku\": \"Standard\",\r\n      \"loadBalancerProfile\": {\r\n        \"managedOutboundIPs\": {\r\n          \"count\": 1\r\n        },\r\n        \"effectiveOutboundIPs\": [\r\n          {\r\n            \"id\": \"/subscriptions/0b1f6471-1bf0-4dda-aec3-cb9272f09590/resourceGroups/MC_rgps4138_kubeps6449_eastus/providers/Microsoft.Network/publicIPAddresses/685c95bc-4f90-4e77-8844-921c0cd03897\"\r\n          }\r\n        ]\r\n      },\r\n      \"serviceCidrs\": [\r\n        \"10.0.0.0/16\"\r\n      ],\r\n      \"ipFamilies\": [\r\n        \"IPv4\"\r\n      ]\r\n    },\r\n    \"autoScalerProfile\": {\r\n      \"balance-similar-node-groups\": \"false\",\r\n      \"expander\": \"random\",\r\n      \"max-empty-bulk-delete\": \"10\",\r\n      \"max-graceful-termination-sec\": \"600\",\r\n      \"max-node-provision-time\": \"15m\",\r\n      \"max-total-unready-percentage\": \"45\",\r\n      \"new-pod-scale-up-delay\": \"0s\",\r\n      \"ok-total-unready-count\": \"3\",\r\n      \"scan-interval\": \"10s\",\r\n      \"scale-down-delay-after-add\": \"10m\",\r\n      \"scale-down-delay-after-delete\": \"10s\",\r\n      \"scale-down-delay-after-failure\": \"3m\",\r\n      \"scale-down-unneeded-time\": \"10m\",\r\n      \"scale-down-unready-time\": \"20m\",\r\n      \"scale-down-utilization-threshold\": \"0.5\",\r\n      \"skip-nodes-with-local-storage\": \"false\",\r\n      \"skip-nodes-with-system-pods\": \"true\"\r\n    },\r\n    \"securityProfile\": {},\r\n    \"storageProfile\": {\r\n      \"diskCSIDriver\": {\r\n        \"enabled\": true\r\n      },\r\n      \"fileCSIDriver\": {\r\n        \"enabled\": true\r\n      },\r\n      \"snapshotController\": {\r\n        \"enabled\": true\r\n      }\r\n    }\r\n  },\r\n  \"location\": \"eastus\"\r\n}",
      "ResponseHeaders": {
        "Cache-Control": [
          "no-cache"
        ],
        "Pragma": [
          "no-cache"
        ],
        "x-ms-routing-request-id": [
          "SOUTHEASTASIA:20230328T090009Z:87e8a18b-350d-4d88-b3b5-2a3ecc022f07"
        ],
        "x-ms-ratelimit-remaining-subscription-writes": [
          "1199"
        ],
        "azure-asyncoperation": [
          "https://management.azure.com/subscriptions/0b1f6471-1bf0-4dda-aec3-cb9272f09590/providers/Microsoft.ContainerService/locations/eastus/operations/d01612fc-d62b-4ffd-890d-77241a88f3cc?api-version=2017-08-31"
        ],
        "x-ms-correlation-request-id": [
          "87e8a18b-350d-4d88-b3b5-2a3ecc022f07"
        ],
        "x-ms-request-id": [
          "d01612fc-d62b-4ffd-890d-77241a88f3cc"
        ],
        "Strict-Transport-Security": [
          "max-age=31536000; includeSubDomains"
        ],
        "X-Content-Type-Options": [
          "nosniff"
        ],
        "Server": [
          "nginx"
        ],
        "Date": [
          "Tue, 28 Mar 2023 09:00:09 GMT"
        ],
        "Content-Length": [
          "4181"
        ],
        "Content-Type": [
          "application/json"
        ],
        "Expires": [
          "-1"
        ]
      },
      "ResponseBody": "{\r\n  \"id\": \"/subscriptions/0b1f6471-1bf0-4dda-aec3-cb9272f09590/resourcegroups/rgps4138/providers/Microsoft.ContainerService/managedClusters/kubeps6449\",\r\n  \"location\": \"eastus\",\r\n  \"name\": \"kubeps6449\",\r\n  \"type\": \"Microsoft.ContainerService/ManagedClusters\",\r\n  \"properties\": {\r\n    \"provisioningState\": \"Updating\",\r\n    \"powerState\": {\r\n      \"code\": \"Running\"\r\n    },\r\n    \"kubernetesVersion\": \"1.25.5\",\r\n    \"currentKubernetesVersion\": \"1.25.5\",\r\n    \"dnsPrefix\": \"mypre\",\r\n    \"fqdn\": \"mypre-g4ym4u3c.hcp.eastus.azmk8s.io\",\r\n    \"azurePortalFQDN\": \"mypre-g4ym4u3c.portal.hcp.eastus.azmk8s.io\",\r\n    \"agentPoolProfiles\": [\r\n      {\r\n        \"name\": \"defnode\",\r\n        \"count\": 2,\r\n        \"vmSize\": \"Standard_D2_v2\",\r\n        \"osDiskSizeGB\": 32,\r\n        \"osDiskType\": \"Managed\",\r\n        \"kubeletDiskType\": \"OS\",\r\n        \"maxPods\": 25,\r\n        \"type\": \"VirtualMachineScaleSets\",\r\n        \"maxCount\": 28,\r\n        \"minCount\": 2,\r\n        \"enableAutoScaling\": true,\r\n        \"provisioningState\": \"Updating\",\r\n        \"powerState\": {\r\n          \"code\": \"Running\"\r\n        },\r\n        \"orchestratorVersion\": \"1.25.5\",\r\n        \"currentOrchestratorVersion\": \"1.25.5\",\r\n        \"mode\": \"System\",\r\n        \"osType\": \"Linux\",\r\n        \"osSKU\": \"Ubuntu\",\r\n        \"nodeImageVersion\": \"AKSUbuntu-2204containerd-202303.13.0\",\r\n        \"enableFIPS\": false\r\n      }\r\n    ],\r\n    \"linuxProfile\": {\r\n      \"adminUsername\": \"linuxuser\",\r\n      \"ssh\": {\r\n        \"publicKeys\": [\r\n          {\r\n            \"keyData\": \"ssh-rsa AAAAB3NzaC1yc2EAAAADAQABAAACAQChy6cYuI2+AoUycYdObeb45hTY5N46KTuCyy7Ln6Sg+xOoC0RyEAOmLzAWUjYCgbgCuJyOWR7HUz8vGz9guxpeb6kKroXVU20/ZA7fdE8OLU/86aCWZJkBuDJpbmPZsuVwjBJ2sQClmyR+UESLmi+pHLF/QGC55sNh00kdLOpzJLFnkb7nkTWQZ25sWqzr/gmrAx5Pvn6fb6PzTgFKNjKyU2XvJQUpy0iXY1jCJd+0fMzbFDR44izuR+Y9FZ8H2abyARd/ujVYTY8S90ICW7J2eZFQPe8uCfhAjaMlHcQpAjQn/1+h21hJM51UckW1z1XptJZAYWr1IJHTp5B9KfKI/C+4EkcILlPGeqvoZlOCWPYiu6LetiWAf7I9TMfVbBmdl6tPt37Dene7rmHAOIcviskzSmFs7ajjLnOMLDp1GDDfBUntu+VOMHZo09AqOdXva5Qij+YMU1T/xd8cMPvEK7NPmp9E4T5kl+jy+zQxcP3w+niPEtI6w8uYM+vznq5g5nu1WGFT8hG+CprOnB/OzrZsJPMkWzg6cCiQ2nkBM1tjNxA0XHm665fg3OjqRhnXRMorEHri6T+0huUis6CY7Kbu5r1S4yll/eXhBLB6MNvqmeEHpwuGbEksSwjCCNBi812vOaYJ3ZIcSmgiafTDok9bsIEGj9xhNhiCV0Gklw== devigned@msft.com\\r\\n\"\r\n          }\r\n        ]\r\n      }\r\n    },\r\n    \"windowsProfile\": {\r\n      \"adminUsername\": \"azureuser\",\r\n      \"enableCSIProxy\": true\r\n    },\r\n    \"servicePrincipalProfile\": {\r\n      \"clientId\": \"74be032e-9cbe-4a2d-b1ab-c6beee96a311\"\r\n    },\r\n    \"nodeResourceGroup\": \"MC_rgps4138_kubeps6449_eastus\",\r\n    \"enableRBAC\": true,\r\n    \"networkProfile\": {\r\n      \"networkPlugin\": \"azure\",\r\n      \"networkDataplane\": \"azure\",\r\n      \"loadBalancerSku\": \"Standard\",\r\n      \"loadBalancerProfile\": {\r\n        \"managedOutboundIPs\": {\r\n          \"count\": 1\r\n        },\r\n        \"effectiveOutboundIPs\": [\r\n          {\r\n            \"id\": \"/subscriptions/0b1f6471-1bf0-4dda-aec3-cb9272f09590/resourceGroups/MC_rgps4138_kubeps6449_eastus/providers/Microsoft.Network/publicIPAddresses/685c95bc-4f90-4e77-8844-921c0cd03897\"\r\n          }\r\n        ]\r\n      },\r\n      \"serviceCidr\": \"10.0.0.0/16\",\r\n      \"dnsServiceIP\": \"10.0.0.10\",\r\n      \"dockerBridgeCidr\": \"172.17.0.1/16\",\r\n      \"outboundType\": \"loadBalancer\",\r\n      \"serviceCidrs\": [\r\n        \"10.0.0.0/16\"\r\n      ],\r\n      \"ipFamilies\": [\r\n        \"IPv4\"\r\n      ]\r\n    },\r\n    \"maxAgentPools\": 100,\r\n    \"autoScalerProfile\": {\r\n      \"balance-similar-node-groups\": \"false\",\r\n      \"expander\": \"random\",\r\n      \"max-empty-bulk-delete\": \"10\",\r\n      \"max-graceful-termination-sec\": \"600\",\r\n      \"max-node-provision-time\": \"15m\",\r\n      \"max-total-unready-percentage\": \"45\",\r\n      \"new-pod-scale-up-delay\": \"0s\",\r\n      \"ok-total-unready-count\": \"3\",\r\n      \"scale-down-delay-after-add\": \"10m\",\r\n      \"scale-down-delay-after-delete\": \"10s\",\r\n      \"scale-down-delay-after-failure\": \"3m\",\r\n      \"scale-down-unneeded-time\": \"10m\",\r\n      \"scale-down-unready-time\": \"20m\",\r\n      \"scale-down-utilization-threshold\": \"0.5\",\r\n      \"scan-interval\": \"10s\",\r\n      \"skip-nodes-with-local-storage\": \"false\",\r\n      \"skip-nodes-with-system-pods\": \"true\"\r\n    },\r\n    \"securityProfile\": {},\r\n    \"storageProfile\": {\r\n      \"diskCSIDriver\": {\r\n        \"enabled\": true\r\n      },\r\n      \"fileCSIDriver\": {\r\n        \"enabled\": true\r\n      },\r\n      \"snapshotController\": {\r\n        \"enabled\": true\r\n      }\r\n    },\r\n    \"oidcIssuerProfile\": {\r\n      \"enabled\": false\r\n    },\r\n    \"workloadAutoScalerProfile\": {}\r\n  },\r\n  \"sku\": {\r\n    \"name\": \"Base\",\r\n    \"tier\": \"Free\"\r\n  }\r\n}",
      "StatusCode": 200
    },
    {
      "RequestUri": "/subscriptions/0b1f6471-1bf0-4dda-aec3-cb9272f09590/providers/Microsoft.ContainerService/locations/eastus/operations/7d08dc8c-e7bc-4c54-a0dd-50e192229ac0?api-version=2017-08-31",
      "EncodedRequestUri": "L3N1YnNjcmlwdGlvbnMvMGIxZjY0NzEtMWJmMC00ZGRhLWFlYzMtY2I5MjcyZjA5NTkwL3Byb3ZpZGVycy9NaWNyb3NvZnQuQ29udGFpbmVyU2VydmljZS9sb2NhdGlvbnMvZWFzdHVzL29wZXJhdGlvbnMvN2QwOGRjOGMtZTdiYy00YzU0LWEwZGQtNTBlMTkyMjI5YWMwP2FwaS12ZXJzaW9uPTIwMTctMDgtMzE=",
      "RequestMethod": "GET",
      "RequestHeaders": {
        "x-ms-client-request-id": [
          "1c882ada-3d3e-45c4-ac43-2f2f0b6889a1"
        ],
        "User-Agent": [
          "FxVersion/4.700.22.55902",
          "OSName/Windows",
          "OSVersion/Microsoft.Windows.10.0.22621",
          "Microsoft.Azure.Management.ContainerService.ContainerServiceClient/5.3.1"
        ]
      },
      "RequestBody": "",
      "ResponseHeaders": {
        "Cache-Control": [
          "no-cache"
        ],
        "Pragma": [
          "no-cache"
        ],
        "x-ms-ratelimit-remaining-subscription-reads": [
          "11998"
        ],
        "x-ms-correlation-request-id": [
          "fbc62e22-588d-485f-9398-00c04f93b31b"
        ],
        "x-ms-request-id": [
          "c730e9f2-fdc6-49a5-9261-e778332ac71c"
        ],
        "Strict-Transport-Security": [
          "max-age=31536000; includeSubDomains"
        ],
        "X-Content-Type-Options": [
          "nosniff"
        ],
        "Server": [
          "nginx"
        ],
        "x-ms-routing-request-id": [
          "SOUTHEASTASIA:20230328T085723Z:fbc62e22-588d-485f-9398-00c04f93b31b"
        ],
        "Date": [
          "Tue, 28 Mar 2023 08:57:23 GMT"
        ],
        "Content-Length": [
          "126"
        ],
        "Content-Type": [
          "application/json"
        ],
        "Expires": [
          "-1"
        ]
      },
      "ResponseBody": "{\r\n  \"name\": \"8cdc087d-bce7-544c-a0dd-50e192229ac0\",\r\n  \"status\": \"InProgress\",\r\n  \"startTime\": \"2023-03-28T08:56:51.6928345Z\"\r\n}",
      "StatusCode": 200
    },
    {
      "RequestUri": "/subscriptions/0b1f6471-1bf0-4dda-aec3-cb9272f09590/providers/Microsoft.ContainerService/locations/eastus/operations/7d08dc8c-e7bc-4c54-a0dd-50e192229ac0?api-version=2017-08-31",
      "EncodedRequestUri": "L3N1YnNjcmlwdGlvbnMvMGIxZjY0NzEtMWJmMC00ZGRhLWFlYzMtY2I5MjcyZjA5NTkwL3Byb3ZpZGVycy9NaWNyb3NvZnQuQ29udGFpbmVyU2VydmljZS9sb2NhdGlvbnMvZWFzdHVzL29wZXJhdGlvbnMvN2QwOGRjOGMtZTdiYy00YzU0LWEwZGQtNTBlMTkyMjI5YWMwP2FwaS12ZXJzaW9uPTIwMTctMDgtMzE=",
      "RequestMethod": "GET",
      "RequestHeaders": {
        "x-ms-client-request-id": [
          "1c882ada-3d3e-45c4-ac43-2f2f0b6889a1"
        ],
        "User-Agent": [
          "FxVersion/4.700.22.55902",
          "OSName/Windows",
          "OSVersion/Microsoft.Windows.10.0.22621",
          "Microsoft.Azure.Management.ContainerService.ContainerServiceClient/5.3.1"
        ]
      },
      "RequestBody": "",
      "ResponseHeaders": {
        "Cache-Control": [
          "no-cache"
        ],
        "Pragma": [
          "no-cache"
        ],
        "x-ms-ratelimit-remaining-subscription-reads": [
          "11997"
        ],
        "x-ms-correlation-request-id": [
          "c6c9d564-8a6f-4955-8165-88c3d8d91f47"
        ],
        "x-ms-request-id": [
          "97f4cac5-9ce6-4283-9364-1ef804e19fae"
        ],
        "Strict-Transport-Security": [
          "max-age=31536000; includeSubDomains"
        ],
        "X-Content-Type-Options": [
          "nosniff"
        ],
        "Server": [
          "nginx"
        ],
        "x-ms-routing-request-id": [
          "SOUTHEASTASIA:20230328T085753Z:c6c9d564-8a6f-4955-8165-88c3d8d91f47"
        ],
        "Date": [
          "Tue, 28 Mar 2023 08:57:53 GMT"
        ],
        "Content-Length": [
          "126"
        ],
        "Content-Type": [
          "application/json"
        ],
        "Expires": [
          "-1"
        ]
      },
      "ResponseBody": "{\r\n  \"name\": \"8cdc087d-bce7-544c-a0dd-50e192229ac0\",\r\n  \"status\": \"InProgress\",\r\n  \"startTime\": \"2023-03-28T08:56:51.6928345Z\"\r\n}",
      "StatusCode": 200
    },
    {
      "RequestUri": "/subscriptions/0b1f6471-1bf0-4dda-aec3-cb9272f09590/providers/Microsoft.ContainerService/locations/eastus/operations/7d08dc8c-e7bc-4c54-a0dd-50e192229ac0?api-version=2017-08-31",
      "EncodedRequestUri": "L3N1YnNjcmlwdGlvbnMvMGIxZjY0NzEtMWJmMC00ZGRhLWFlYzMtY2I5MjcyZjA5NTkwL3Byb3ZpZGVycy9NaWNyb3NvZnQuQ29udGFpbmVyU2VydmljZS9sb2NhdGlvbnMvZWFzdHVzL29wZXJhdGlvbnMvN2QwOGRjOGMtZTdiYy00YzU0LWEwZGQtNTBlMTkyMjI5YWMwP2FwaS12ZXJzaW9uPTIwMTctMDgtMzE=",
      "RequestMethod": "GET",
      "RequestHeaders": {
        "x-ms-client-request-id": [
          "1c882ada-3d3e-45c4-ac43-2f2f0b6889a1"
        ],
        "User-Agent": [
          "FxVersion/4.700.22.55902",
          "OSName/Windows",
          "OSVersion/Microsoft.Windows.10.0.22621",
          "Microsoft.Azure.Management.ContainerService.ContainerServiceClient/5.3.1"
        ]
      },
      "RequestBody": "",
      "ResponseHeaders": {
        "Cache-Control": [
          "no-cache"
        ],
        "Pragma": [
          "no-cache"
        ],
        "x-ms-ratelimit-remaining-subscription-reads": [
          "11996"
        ],
        "x-ms-correlation-request-id": [
          "4ecb426c-ec76-4876-8dd5-a276b2d3e43b"
        ],
        "x-ms-request-id": [
          "29d023ef-51c0-4c8d-8fa0-51780d3fa03c"
        ],
        "Strict-Transport-Security": [
          "max-age=31536000; includeSubDomains"
        ],
        "X-Content-Type-Options": [
          "nosniff"
        ],
        "Server": [
          "nginx"
        ],
        "x-ms-routing-request-id": [
          "SOUTHEASTASIA:20230328T085824Z:4ecb426c-ec76-4876-8dd5-a276b2d3e43b"
        ],
        "Date": [
          "Tue, 28 Mar 2023 08:58:23 GMT"
        ],
        "Content-Length": [
          "126"
        ],
        "Content-Type": [
          "application/json"
        ],
        "Expires": [
          "-1"
        ]
      },
      "ResponseBody": "{\r\n  \"name\": \"8cdc087d-bce7-544c-a0dd-50e192229ac0\",\r\n  \"status\": \"InProgress\",\r\n  \"startTime\": \"2023-03-28T08:56:51.6928345Z\"\r\n}",
      "StatusCode": 200
    },
    {
      "RequestUri": "/subscriptions/0b1f6471-1bf0-4dda-aec3-cb9272f09590/providers/Microsoft.ContainerService/locations/eastus/operations/7d08dc8c-e7bc-4c54-a0dd-50e192229ac0?api-version=2017-08-31",
      "EncodedRequestUri": "L3N1YnNjcmlwdGlvbnMvMGIxZjY0NzEtMWJmMC00ZGRhLWFlYzMtY2I5MjcyZjA5NTkwL3Byb3ZpZGVycy9NaWNyb3NvZnQuQ29udGFpbmVyU2VydmljZS9sb2NhdGlvbnMvZWFzdHVzL29wZXJhdGlvbnMvN2QwOGRjOGMtZTdiYy00YzU0LWEwZGQtNTBlMTkyMjI5YWMwP2FwaS12ZXJzaW9uPTIwMTctMDgtMzE=",
      "RequestMethod": "GET",
      "RequestHeaders": {
        "x-ms-client-request-id": [
          "1c882ada-3d3e-45c4-ac43-2f2f0b6889a1"
        ],
        "User-Agent": [
          "FxVersion/4.700.22.55902",
          "OSName/Windows",
          "OSVersion/Microsoft.Windows.10.0.22621",
          "Microsoft.Azure.Management.ContainerService.ContainerServiceClient/5.3.1"
        ]
      },
      "RequestBody": "",
      "ResponseHeaders": {
        "Cache-Control": [
          "no-cache"
        ],
        "Pragma": [
          "no-cache"
        ],
        "x-ms-ratelimit-remaining-subscription-reads": [
          "11995"
        ],
        "x-ms-correlation-request-id": [
          "5b3b59f0-78a4-4392-81df-e931b7e53b3b"
        ],
        "x-ms-request-id": [
          "fb627398-1276-4dca-a2ea-c48e42eb19f6"
        ],
        "Strict-Transport-Security": [
          "max-age=31536000; includeSubDomains"
        ],
        "X-Content-Type-Options": [
          "nosniff"
        ],
        "Server": [
          "nginx"
        ],
        "x-ms-routing-request-id": [
          "SOUTHEASTASIA:20230328T085854Z:5b3b59f0-78a4-4392-81df-e931b7e53b3b"
        ],
        "Date": [
          "Tue, 28 Mar 2023 08:58:54 GMT"
        ],
        "Content-Length": [
          "126"
        ],
        "Content-Type": [
          "application/json"
        ],
        "Expires": [
          "-1"
        ]
      },
      "ResponseBody": "{\r\n  \"name\": \"8cdc087d-bce7-544c-a0dd-50e192229ac0\",\r\n  \"status\": \"InProgress\",\r\n  \"startTime\": \"2023-03-28T08:56:51.6928345Z\"\r\n}",
      "StatusCode": 200
    },
    {
      "RequestUri": "/subscriptions/0b1f6471-1bf0-4dda-aec3-cb9272f09590/providers/Microsoft.ContainerService/locations/eastus/operations/7d08dc8c-e7bc-4c54-a0dd-50e192229ac0?api-version=2017-08-31",
      "EncodedRequestUri": "L3N1YnNjcmlwdGlvbnMvMGIxZjY0NzEtMWJmMC00ZGRhLWFlYzMtY2I5MjcyZjA5NTkwL3Byb3ZpZGVycy9NaWNyb3NvZnQuQ29udGFpbmVyU2VydmljZS9sb2NhdGlvbnMvZWFzdHVzL29wZXJhdGlvbnMvN2QwOGRjOGMtZTdiYy00YzU0LWEwZGQtNTBlMTkyMjI5YWMwP2FwaS12ZXJzaW9uPTIwMTctMDgtMzE=",
      "RequestMethod": "GET",
      "RequestHeaders": {
        "x-ms-client-request-id": [
          "1c882ada-3d3e-45c4-ac43-2f2f0b6889a1"
        ],
        "User-Agent": [
          "FxVersion/4.700.22.55902",
          "OSName/Windows",
          "OSVersion/Microsoft.Windows.10.0.22621",
          "Microsoft.Azure.Management.ContainerService.ContainerServiceClient/5.3.1"
        ]
      },
      "RequestBody": "",
      "ResponseHeaders": {
        "Cache-Control": [
          "no-cache"
        ],
        "Pragma": [
          "no-cache"
        ],
        "x-ms-ratelimit-remaining-subscription-reads": [
          "11994"
        ],
        "x-ms-correlation-request-id": [
          "f02a5a1c-8497-4e7f-9a04-e48c4610c319"
        ],
        "x-ms-request-id": [
          "4bbebcb1-71af-4dfc-a954-3e3570dec33c"
        ],
        "Strict-Transport-Security": [
          "max-age=31536000; includeSubDomains"
        ],
        "X-Content-Type-Options": [
          "nosniff"
        ],
        "Server": [
          "nginx"
        ],
        "x-ms-routing-request-id": [
          "SOUTHEASTASIA:20230328T085925Z:f02a5a1c-8497-4e7f-9a04-e48c4610c319"
        ],
        "Date": [
          "Tue, 28 Mar 2023 08:59:24 GMT"
        ],
        "Content-Length": [
          "126"
        ],
        "Content-Type": [
          "application/json"
        ],
        "Expires": [
          "-1"
        ]
      },
      "ResponseBody": "{\r\n  \"name\": \"8cdc087d-bce7-544c-a0dd-50e192229ac0\",\r\n  \"status\": \"InProgress\",\r\n  \"startTime\": \"2023-03-28T08:56:51.6928345Z\"\r\n}",
      "StatusCode": 200
    },
    {
      "RequestUri": "/subscriptions/0b1f6471-1bf0-4dda-aec3-cb9272f09590/providers/Microsoft.ContainerService/locations/eastus/operations/7d08dc8c-e7bc-4c54-a0dd-50e192229ac0?api-version=2017-08-31",
      "EncodedRequestUri": "L3N1YnNjcmlwdGlvbnMvMGIxZjY0NzEtMWJmMC00ZGRhLWFlYzMtY2I5MjcyZjA5NTkwL3Byb3ZpZGVycy9NaWNyb3NvZnQuQ29udGFpbmVyU2VydmljZS9sb2NhdGlvbnMvZWFzdHVzL29wZXJhdGlvbnMvN2QwOGRjOGMtZTdiYy00YzU0LWEwZGQtNTBlMTkyMjI5YWMwP2FwaS12ZXJzaW9uPTIwMTctMDgtMzE=",
      "RequestMethod": "GET",
      "RequestHeaders": {
        "x-ms-client-request-id": [
          "1c882ada-3d3e-45c4-ac43-2f2f0b6889a1"
        ],
        "User-Agent": [
          "FxVersion/4.700.22.55902",
          "OSName/Windows",
          "OSVersion/Microsoft.Windows.10.0.22621",
          "Microsoft.Azure.Management.ContainerService.ContainerServiceClient/5.3.1"
        ]
      },
      "RequestBody": "",
      "ResponseHeaders": {
        "Cache-Control": [
          "no-cache"
        ],
        "Pragma": [
          "no-cache"
        ],
        "x-ms-ratelimit-remaining-subscription-reads": [
          "11993"
        ],
        "x-ms-correlation-request-id": [
          "2975da4f-4d3c-45d5-ba81-dda7abedc52a"
        ],
        "x-ms-request-id": [
          "777b7f89-7ffd-49b5-be02-1989c484e24a"
        ],
        "Strict-Transport-Security": [
          "max-age=31536000; includeSubDomains"
        ],
        "X-Content-Type-Options": [
          "nosniff"
        ],
        "Server": [
          "nginx"
        ],
        "x-ms-routing-request-id": [
          "SOUTHEASTASIA:20230328T085955Z:2975da4f-4d3c-45d5-ba81-dda7abedc52a"
        ],
        "Date": [
          "Tue, 28 Mar 2023 08:59:54 GMT"
        ],
        "Content-Length": [
          "170"
        ],
        "Content-Type": [
          "application/json"
        ],
        "Expires": [
          "-1"
        ]
      },
      "ResponseBody": "{\r\n  \"name\": \"8cdc087d-bce7-544c-a0dd-50e192229ac0\",\r\n  \"status\": \"Succeeded\",\r\n  \"startTime\": \"2023-03-28T08:56:51.6928345Z\",\r\n  \"endTime\": \"2023-03-28T08:59:53.3501296Z\"\r\n}",
      "StatusCode": 200
    },
    {
      "RequestUri": "/subscriptions/0b1f6471-1bf0-4dda-aec3-cb9272f09590/providers/Microsoft.ContainerService/locations/eastus/operations/d01612fc-d62b-4ffd-890d-77241a88f3cc?api-version=2017-08-31",
      "EncodedRequestUri": "L3N1YnNjcmlwdGlvbnMvMGIxZjY0NzEtMWJmMC00ZGRhLWFlYzMtY2I5MjcyZjA5NTkwL3Byb3ZpZGVycy9NaWNyb3NvZnQuQ29udGFpbmVyU2VydmljZS9sb2NhdGlvbnMvZWFzdHVzL29wZXJhdGlvbnMvZDAxNjEyZmMtZDYyYi00ZmZkLTg5MGQtNzcyNDFhODhmM2NjP2FwaS12ZXJzaW9uPTIwMTctMDgtMzE=",
      "RequestMethod": "GET",
      "RequestHeaders": {
        "x-ms-client-request-id": [
          "f9652738-6677-4913-82eb-251f8b092dcd"
        ],
        "User-Agent": [
          "FxVersion/4.700.22.55902",
          "OSName/Windows",
          "OSVersion/Microsoft.Windows.10.0.22621",
          "Microsoft.Azure.Management.ContainerService.ContainerServiceClient/5.3.1"
        ]
      },
      "RequestBody": "",
      "ResponseHeaders": {
        "Cache-Control": [
          "no-cache"
        ],
        "Pragma": [
          "no-cache"
        ],
        "x-ms-ratelimit-remaining-subscription-reads": [
          "11997"
        ],
        "x-ms-correlation-request-id": [
          "f10e1888-7450-44eb-b685-e16db747120b"
        ],
        "x-ms-request-id": [
          "6c5fb67f-4eda-4f36-96f8-a0169a4f13df"
        ],
        "Strict-Transport-Security": [
          "max-age=31536000; includeSubDomains"
        ],
        "X-Content-Type-Options": [
          "nosniff"
        ],
        "Server": [
          "nginx"
        ],
        "x-ms-routing-request-id": [
          "SOUTHEASTASIA:20230328T090040Z:f10e1888-7450-44eb-b685-e16db747120b"
        ],
        "Date": [
          "Tue, 28 Mar 2023 09:00:39 GMT"
        ],
        "Content-Length": [
          "126"
        ],
        "Content-Type": [
          "application/json"
        ],
        "Expires": [
          "-1"
        ]
      },
      "ResponseBody": "{\r\n  \"name\": \"fc1216d0-2bd6-fd4f-890d-77241a88f3cc\",\r\n  \"status\": \"InProgress\",\r\n  \"startTime\": \"2023-03-28T09:00:04.5054187Z\"\r\n}",
      "StatusCode": 200
    },
    {
      "RequestUri": "/subscriptions/0b1f6471-1bf0-4dda-aec3-cb9272f09590/providers/Microsoft.ContainerService/locations/eastus/operations/d01612fc-d62b-4ffd-890d-77241a88f3cc?api-version=2017-08-31",
      "EncodedRequestUri": "L3N1YnNjcmlwdGlvbnMvMGIxZjY0NzEtMWJmMC00ZGRhLWFlYzMtY2I5MjcyZjA5NTkwL3Byb3ZpZGVycy9NaWNyb3NvZnQuQ29udGFpbmVyU2VydmljZS9sb2NhdGlvbnMvZWFzdHVzL29wZXJhdGlvbnMvZDAxNjEyZmMtZDYyYi00ZmZkLTg5MGQtNzcyNDFhODhmM2NjP2FwaS12ZXJzaW9uPTIwMTctMDgtMzE=",
      "RequestMethod": "GET",
      "RequestHeaders": {
        "x-ms-client-request-id": [
          "f9652738-6677-4913-82eb-251f8b092dcd"
        ],
        "User-Agent": [
          "FxVersion/4.700.22.55902",
          "OSName/Windows",
          "OSVersion/Microsoft.Windows.10.0.22621",
          "Microsoft.Azure.Management.ContainerService.ContainerServiceClient/5.3.1"
        ]
      },
      "RequestBody": "",
      "ResponseHeaders": {
        "Cache-Control": [
          "no-cache"
        ],
        "Pragma": [
          "no-cache"
        ],
        "x-ms-ratelimit-remaining-subscription-reads": [
          "11996"
        ],
        "x-ms-correlation-request-id": [
          "c923db40-832d-4175-8d67-39147826ba9e"
        ],
        "x-ms-request-id": [
          "7b2c4cb7-b380-4094-8edc-1ab6d572f784"
        ],
        "Strict-Transport-Security": [
          "max-age=31536000; includeSubDomains"
        ],
        "X-Content-Type-Options": [
          "nosniff"
        ],
        "Server": [
          "nginx"
        ],
        "x-ms-routing-request-id": [
          "SOUTHEASTASIA:20230328T090110Z:c923db40-832d-4175-8d67-39147826ba9e"
        ],
        "Date": [
          "Tue, 28 Mar 2023 09:01:10 GMT"
        ],
        "Content-Length": [
          "126"
        ],
        "Content-Type": [
          "application/json"
        ],
        "Expires": [
          "-1"
        ]
      },
      "ResponseBody": "{\r\n  \"name\": \"fc1216d0-2bd6-fd4f-890d-77241a88f3cc\",\r\n  \"status\": \"InProgress\",\r\n  \"startTime\": \"2023-03-28T09:00:04.5054187Z\"\r\n}",
      "StatusCode": 200
    },
    {
      "RequestUri": "/subscriptions/0b1f6471-1bf0-4dda-aec3-cb9272f09590/providers/Microsoft.ContainerService/locations/eastus/operations/d01612fc-d62b-4ffd-890d-77241a88f3cc?api-version=2017-08-31",
      "EncodedRequestUri": "L3N1YnNjcmlwdGlvbnMvMGIxZjY0NzEtMWJmMC00ZGRhLWFlYzMtY2I5MjcyZjA5NTkwL3Byb3ZpZGVycy9NaWNyb3NvZnQuQ29udGFpbmVyU2VydmljZS9sb2NhdGlvbnMvZWFzdHVzL29wZXJhdGlvbnMvZDAxNjEyZmMtZDYyYi00ZmZkLTg5MGQtNzcyNDFhODhmM2NjP2FwaS12ZXJzaW9uPTIwMTctMDgtMzE=",
      "RequestMethod": "GET",
      "RequestHeaders": {
        "x-ms-client-request-id": [
          "f9652738-6677-4913-82eb-251f8b092dcd"
        ],
        "User-Agent": [
          "FxVersion/4.700.22.55902",
          "OSName/Windows",
          "OSVersion/Microsoft.Windows.10.0.22621",
          "Microsoft.Azure.Management.ContainerService.ContainerServiceClient/5.3.1"
        ]
      },
      "RequestBody": "",
      "ResponseHeaders": {
        "Cache-Control": [
          "no-cache"
        ],
        "Pragma": [
          "no-cache"
        ],
        "x-ms-ratelimit-remaining-subscription-reads": [
          "11995"
        ],
        "x-ms-correlation-request-id": [
          "d7ba874b-645a-4bcc-9fe1-7dd55d974861"
        ],
        "x-ms-request-id": [
          "8f9edcc6-3828-4717-a7e3-6edf04cf9eef"
        ],
        "Strict-Transport-Security": [
          "max-age=31536000; includeSubDomains"
        ],
        "X-Content-Type-Options": [
          "nosniff"
        ],
        "Server": [
          "nginx"
        ],
        "x-ms-routing-request-id": [
          "SOUTHEASTASIA:20230328T090140Z:d7ba874b-645a-4bcc-9fe1-7dd55d974861"
        ],
        "Date": [
          "Tue, 28 Mar 2023 09:01:40 GMT"
        ],
        "Content-Length": [
          "126"
        ],
        "Content-Type": [
          "application/json"
        ],
        "Expires": [
          "-1"
        ]
      },
      "ResponseBody": "{\r\n  \"name\": \"fc1216d0-2bd6-fd4f-890d-77241a88f3cc\",\r\n  \"status\": \"InProgress\",\r\n  \"startTime\": \"2023-03-28T09:00:04.5054187Z\"\r\n}",
      "StatusCode": 200
    },
    {
      "RequestUri": "/subscriptions/0b1f6471-1bf0-4dda-aec3-cb9272f09590/providers/Microsoft.ContainerService/locations/eastus/operations/d01612fc-d62b-4ffd-890d-77241a88f3cc?api-version=2017-08-31",
      "EncodedRequestUri": "L3N1YnNjcmlwdGlvbnMvMGIxZjY0NzEtMWJmMC00ZGRhLWFlYzMtY2I5MjcyZjA5NTkwL3Byb3ZpZGVycy9NaWNyb3NvZnQuQ29udGFpbmVyU2VydmljZS9sb2NhdGlvbnMvZWFzdHVzL29wZXJhdGlvbnMvZDAxNjEyZmMtZDYyYi00ZmZkLTg5MGQtNzcyNDFhODhmM2NjP2FwaS12ZXJzaW9uPTIwMTctMDgtMzE=",
      "RequestMethod": "GET",
      "RequestHeaders": {
        "x-ms-client-request-id": [
          "f9652738-6677-4913-82eb-251f8b092dcd"
        ],
        "User-Agent": [
          "FxVersion/4.700.22.55902",
          "OSName/Windows",
          "OSVersion/Microsoft.Windows.10.0.22621",
          "Microsoft.Azure.Management.ContainerService.ContainerServiceClient/5.3.1"
        ]
      },
      "RequestBody": "",
      "ResponseHeaders": {
        "Cache-Control": [
          "no-cache"
        ],
        "Pragma": [
          "no-cache"
        ],
        "x-ms-ratelimit-remaining-subscription-reads": [
          "11994"
        ],
        "x-ms-correlation-request-id": [
          "5734f589-7def-4012-88fd-28c7fdef96d3"
        ],
        "x-ms-request-id": [
          "6f149cbe-08a3-4cea-9350-4b14acc50dac"
        ],
        "Strict-Transport-Security": [
          "max-age=31536000; includeSubDomains"
        ],
        "X-Content-Type-Options": [
          "nosniff"
        ],
        "Server": [
          "nginx"
        ],
        "x-ms-routing-request-id": [
          "SOUTHEASTASIA:20230328T090211Z:5734f589-7def-4012-88fd-28c7fdef96d3"
        ],
        "Date": [
          "Tue, 28 Mar 2023 09:02:10 GMT"
        ],
        "Content-Length": [
          "170"
        ],
        "Content-Type": [
          "application/json"
        ],
        "Expires": [
          "-1"
        ]
      },
      "ResponseBody": "{\r\n  \"name\": \"fc1216d0-2bd6-fd4f-890d-77241a88f3cc\",\r\n  \"status\": \"Succeeded\",\r\n  \"startTime\": \"2023-03-28T09:00:04.5054187Z\",\r\n  \"endTime\": \"2023-03-28T09:01:41.7352776Z\"\r\n}",
      "StatusCode": 200
    },
    {
      "RequestUri": "/subscriptions/0b1f6471-1bf0-4dda-aec3-cb9272f09590/resourceGroups/rgps4138/providers/Microsoft.ContainerService/managedClusters/kubeps6449/listClusterUserCredential?api-version=2023-02-01",
      "EncodedRequestUri": "L3N1YnNjcmlwdGlvbnMvMGIxZjY0NzEtMWJmMC00ZGRhLWFlYzMtY2I5MjcyZjA5NTkwL3Jlc291cmNlR3JvdXBzL3JncHM0MTM4L3Byb3ZpZGVycy9NaWNyb3NvZnQuQ29udGFpbmVyU2VydmljZS9tYW5hZ2VkQ2x1c3RlcnMva3ViZXBzNjQ0OS9saXN0Q2x1c3RlclVzZXJDcmVkZW50aWFsP2FwaS12ZXJzaW9uPTIwMjMtMDItMDE=",
      "RequestMethod": "POST",
      "RequestHeaders": {
        "x-ms-client-request-id": [
          "4e5b3133-7407-4c75-9e48-814aa57f9c7d"
        ],
        "Accept-Language": [
          "en-US"
        ],
        "User-Agent": [
          "FxVersion/4.700.22.55902",
          "OSName/Windows",
          "OSVersion/Microsoft.Windows.10.0.22621",
          "Microsoft.Azure.Management.ContainerService.ContainerServiceClient/5.3.1"
        ]
      },
      "RequestBody": "",
      "ResponseHeaders": {
        "Cache-Control": [
          "no-cache"
        ],
        "Pragma": [
          "no-cache"
        ],
        "x-ms-routing-request-id": [
          "SOUTHEASTASIA:20230328T090214Z:5f26e234-5481-4c11-984c-27665c53aed6"
        ],
        "x-ms-ratelimit-remaining-subscription-writes": [
          "1199"
        ],
        "x-ms-correlation-request-id": [
          "5f26e234-5481-4c11-984c-27665c53aed6"
        ],
        "x-ms-request-id": [
          "34538fb5-875c-43ea-b7d4-5131c2447d60"
        ],
        "Strict-Transport-Security": [
          "max-age=31536000; includeSubDomains"
        ],
        "X-Content-Type-Options": [
          "nosniff"
        ],
        "Server": [
          "nginx"
        ],
        "Date": [
          "Tue, 28 Mar 2023 09:02:13 GMT"
        ],
        "Content-Length": [
          "12996"
        ],
        "Content-Type": [
          "application/json"
        ],
        "Expires": [
          "-1"
        ]
      },
      "ResponseBody": "{\r\n  \"kubeconfigs\": [\r\n    {\r\n      \"name\": \"clusterUser\",\r\n      \"value\": \"YXBpVmVyc2lvbjogdjEKY2x1c3RlcnM6Ci0gY2x1c3RlcjoKICAgIGNlcnRpZmljYXRlLWF1dGhvcml0eS1kYXRhOiBMUzB0TFMxQ1JVZEpUaUJEUlZKVVNVWkpRMEZVUlMwdExTMHRDazFKU1VVMlZFTkRRWFJIWjBGM1NVSkJaMGxTUVU0MFprbzVhREp6VDJ4QlZGUjVTMDVIVXpSNVJWRjNSRkZaU2t0dldrbG9kbU5PUVZGRlRFSlJRWGNLUkZSRlRFMUJhMGRCTVZWRlFYaE5RMWt5UlhkSlFtTk9UV3BOZDAxNlNUUk5SR2N3VG5wRmVWZG9aMUJOYWtFeFRYcEJlazFxWjNkUFJGVXpUVlJLWVFwTlFUQjRRM3BCU2tKblRsWkNRVTFVUVcxT2FFMUpTVU5KYWtGT1FtZHJjV2hyYVVjNWR6QkNRVkZGUmtGQlQwTkJaemhCVFVsSlEwTm5TME5CWjBWQkNuaFVlVXh1YTB4R2NWRjNUVGs1TUdwUmRsSnNNUzk2WVZodU5HcDJRMUYwYlVONlIwRkxTMFpsVDBRMVJIZEdVVU5EYmtGMU1HRm1ia2xTUTNZd2FtOEtjamdyZEc1UFdURTFZVkpLT0RGMVlqSTVPV3hPVDFSa1pscEVTSGRFZGpaTU4xbzBVRGhGYW5kTlFWQldjVE50YTNaR2RIbzBPWFUxVTFKTWFUQktZZ292VVVOSlFqTXlaMHhJZFZFelJVZHlkVFphY3pkR1JWWkZNVUkzU1hsNFJ6SnFNbWx5TWl0SlYzVjZNRUl6TVM5a2JXZERNV1ZyUXpoUFpubFpVVEpQQ2tvdksyRjBVamN3TTFSaGRtZFdUbWRPT0VSWmNVVkxVR2RtVEZreGFUQmxSRkkxTURsUlVHeGxlSG9yZUdKcGFsVk1ZVlpIWW5oalRYUTNVRnBpVGlzS1lVRkhXV2xRZWpNeGFuSnFVekJOVXpCM01FNXlXamxHWVhWaVEyaEtkWEI0SzIxSGNYbEVTbWMyY0ZwSlJ6VlVVVmtyTVRZdmJYSTJTSFpMWjB0R1V3cEpaVU01VlVvck9IYzJjWFZ6U0M5TGVYbGFVbGRGV25RcllrOWpVUzlXZURWSlVIRnVlRkJYUjJwNUszRnlOMUJEU1hGeFUzTmlTRkp6U2tWUVpYVjJDa05VWkVkRlRXUjNhWHBxU0d4bmRVZEpZbUpIZDNGSFFrcG9OM3BhYVM5elRFRkpabkZFVkZsa1JFNUpXa0U1TW01Q1FuQTNWSGs0Ym5GNlNIWm9VbEVLTHpKUFZsaFRWVFlyUjJadGRIcFpSbkZsVUdkTGNITklZa0U0YzFORU1tRm1lSEZuU2xCeWFETm1NV2RwV0VGc1ZtVm9XbTV3VUdOVU5URTNUV1JCTkFwaUt6Tk5aRU16TjNSbVZIY3pVbXhMUmxkUWFreElNbEVyTkU1UFRYY3pjM0phZGpGblpIbEJkbFI1ZWpBNFlUZEtjWEpoYW0xdU5TOXZOVzl2ZW1NM0NtSm9TMGh1Y0UxR05URlBhVU5tVDNGalZtNWhka2xsZUhORlRIVkdVRk54Y2pOWlUxUnpWMkZwYW5VNGVrVmtOME5VYW5GRkwwcFpNa1V6VWpWeVNDc0tWWGRoVEVSQ01YQnRaR1pNWWpobVNtRTBTRGh0ZUZoclFsVmljMFJ0Y1RCdUsyWm9NVlI0UjFwUFRVTkJkMFZCUVdGT1EwMUZRWGRFWjFsRVZsSXdVQXBCVVVndlFrRlJSRUZuUzJ0TlFUaEhRVEZWWkVWM1JVSXZkMUZHVFVGTlFrRm1PSGRJVVZsRVZsSXdUMEpDV1VWR1VHNWpUREowYzFCQ09YVlJhVnA2Q2taSWFuVTRhVFZ5TVhaeWJVMUJNRWREVTNGSFUwbGlNMFJSUlVKRGQxVkJRVFJKUTBGUlFWUkxVR2RITWxCalVFNVRialphVWpad2J6TTBVa3hHVUhvS2VHTTFiREZDUVVWVlFWaEVNMHRYUmtwNGJUTXdkbWhCV0VGWVpXbzBLMlZEWm5BeWVrdEVlblJuVkZNMFVVWkxUa3B3VTBkclptSlhhM0p0ZVd0MmJncG9ZaTlDWXpaV0wwOTJOVU5ITkdZMllqaFFkbXRCUm1WbWQyWkRUVTQxUW14TVdGQk9lbElyUVRSeUsxcDFXWGMzWXpOWk9UbHJVMWN5WjIwMVNFbFFDakZGZDFrMU9GUlZkRU5sU1hOVmFHZEZZM0YzWVhGdU9WQlBWazFuT0ZkU1NucHBVVU5qUzNabU1YQjRPRlo2UW5wU2FHMURjRnB2UVhaQ0wyNVlabVlLV1hWUk1sUnhSbEJoVWtaMlUxSlpNVEUwWTNoYWJVZENNRkptWkRSd1dHSkthSFkzTlROck1UWklZVWxzY2tZNFNqRk1UVlpyVmtwdEwyWjVaWFpEZHdwbVUyZHBNUzlCYVRnMGRYZGxhRkY1VDBveUsweDBRbGxaTVdnMlZIY3dhazVSWW5BNFZ6bHhhamMxVUdSU1MwdEdlamcwZFVKVU5tTkdOMlV2U0U1dUNrWmtSbXRUVlhWTE9FTm1ObEF6ZVUwM1ZYZFVVR04yZFRKQ1VUWlVLMFJ1V1dSWU1GRmlOeTlzVlU5T05sUldVSGcxWW14S1NXWlZhVEJWUnpBeWNEY0thbG96VFRGaEszbEhOVk0wUTBGVll6TjFTM0J1VURKTWRsRnVNa2RsUjJGclVtOXFSazVpVkVSblZEa3lkbmN3TURVcmVFdFdkVE5RT1VFeVVTOWxjUW8xY0Rock9WcDVXVlIwYjFweGJsWmhNV1ppY0ZCREwwRnlaMUowVlZKSk5taHJUa2gxY0ZGT2VsVlFVbnByYlc0NFdubGtUM1pNUlZoMFRGWTNOazVaQ2s1WVVHOVZNME5TTUhabFJFWjRaemhrYUdSMWQyTjNkazE1U3k5YU1qWkRNamRhWlhFMkt6bGhhVUU1V1ZWSk9IUjRkWG94UjJ4SFMySklXbUp1YWtrS1VrSXJhM0puWkRrMU16bHFXbGNyVW1oV1NtcExjRzVPT1VoR1RqSmxWV1l3YTNKa01rSkhlbTkyVm5WQ1lYSjFNMVJsUkRKdWFTdFBNeXRCWmtSM2FRcFJPRXRNVDFoSFQzUXhkazUzVkc1aVIwRTlQUW90TFMwdExVVk9SQ0JEUlZKVVNVWkpRMEZVUlMwdExTMHRDZz09CiAgICBzZXJ2ZXI6IGh0dHBzOi8vbXlwcmUtZzR5bTR1M2MuaGNwLmVhc3R1cy5hem1rOHMuaW86NDQzCiAgbmFtZToga3ViZXBzNjQ0OQpjb250ZXh0czoKLSBjb250ZXh0OgogICAgY2x1c3Rlcjoga3ViZXBzNjQ0OQogICAgdXNlcjogY2x1c3RlclVzZXJfcmdwczQxMzhfa3ViZXBzNjQ0OQogIG5hbWU6IGt1YmVwczY0NDkKY3VycmVudC1jb250ZXh0OiBrdWJlcHM2NDQ5CmtpbmQ6IENvbmZpZwpwcmVmZXJlbmNlczoge30KdXNlcnM6Ci0gbmFtZTogY2x1c3RlclVzZXJfcmdwczQxMzhfa3ViZXBzNjQ0OQogIHVzZXI6CiAgICBjbGllbnQtY2VydGlmaWNhdGUtZGF0YTogTFMwdExTMUNSVWRKVGlCRFJWSlVTVVpKUTBGVVJTMHRMUzB0Q2sxSlNVWklha05EUVhkaFowRjNTVUpCWjBsU1FVdHBNMkZFYUdzM2RrY3dVVmhNVldSS01IQkdkM04zUkZGWlNrdHZXa2xvZG1OT1FWRkZURUpSUVhjS1JGUkZURTFCYTBkQk1WVkZRWGhOUTFreVJYZElhR05PVFdwTmQwMTZTVFJOUkdjd1RucEZlVmRvWTA1TmFsVjNUWHBKTkUxRVp6Rk9la1Y1VjJwQmR3cE5VbU4zUmxGWlJGWlJVVXRGZHpWNlpWaE9NRnBYTURaaVYwWjZaRWRXZVdONlJWWk5RazFIUVRGVlJVRjRUVTFpVjBaNlpFZFdlVmt5ZUhCYVZ6VXdDazFKU1VOSmFrRk9RbWRyY1docmFVYzVkekJDUVZGRlJrRkJUME5CWnpoQlRVbEpRME5uUzBOQlowVkJjMWgxVEdaalRXaElXamRQWjFSbFNYaDJaVkVLUzFGMmFtNDBRVkpJZDJSNWVXMDJkR1UzYTBrclkzcFFSekl2T0RaRmFreGFNRzExVFZoeWNGSlhkalU0Y0ZGNGJIQTNPV2RHU1haeVpGTjJNa1JFUXdwT1ZFOUtWVFpUZG14NVpXeHRUVlV6WmpkbkswUndaVVpQTjBSTVdtTkRNbFJPUldwRlNHeG9iRTlvZFZaalVHaHlVVGQ0VFcxMU5tTmFWMGxUV21ONENqTmllR2hDWmtKMFkyYzRNVTk0WVdWNVJGQmxMMmxOZVdwVlpITkdWVGRrUVdOTWR5ODRibW8wVEc1VVZubGxiMDVRVDBKcmNHSTNRalpvUVVVMUwza0tja0ptWnpGYVdqaFFiMnRwYXpGelZVaGFUM2RuYVU5TlRqWlFVMDl4Um5GRWJqWlRXblkzVW0wd2NFZEpXa3RLYm5WbFdDdGtiVlZ6T0RCTVNEUnhiQXBKYmtaWFFtUXJNV1FyWlU1SVpHWTJRMGc1VkcxRVptcHZOVGxQTkRKTE9UZFdhWEYyV1Vkak1IQnJMM2RPTURnNVFtWkpOekZHSzI0MWJ6bDBSRTUyQ2xScVVVWkhPSGxoTW1kTGVtRnZObmhoT1ZCMlkxRllhbTVwZFd3NVlWWnVNVXRoWW1SUVFuVkhTMmMyUTJOdFJrWnBhblZMU1hwQ05IZFViVGxCUTNRS1JHTkRTMWxWZUhWWEswNUNkbVJLVm5CTlJqZEhVbEJaUmtjNVZHeHJaRk5HU1ZsRVIwTk1TRkJpVFU5aGEybFdhblZCUm1sT1JUbFRUeloxY1U5M1NncFVWMVZTTHpKbGJXbENhSGxhUm1wbmNWaGhXVm8yTDJaU1NGaExObkZuUTA1ck5WUlhVMHg0Y0d0VGQyTnhOMDVNTUVkbFYwcHlWak5QUTJaa1MzUTNDbk50U0hNNVdtNUVNV1Z3V2xkM1VuZE9TM1ZUYjBWSGJXMXZiMHBNZVd4YU5YRm5Ta1k0ZVhKcGVXaE5jbFptZUhadEwyaFBNa3d5ZEdsaGVuUXhORE1LUTIxMFNXZDRaRlpRVmtsdWFIWkNVM2xMT1RCdGRETkJVaTlQWm5KaGExVk5OR3RLYkRoaVVtdHZUaTgzTkhsMmF6VlRVV2RzYUROT2FVeFFRMHd5VFFwSlVHSjNhVEZyVUZoaWNsZENZaXRtWVZJNVZVUjVZME5CZDBWQlFXRk9WMDFHVVhkRVoxbEVWbEl3VUVGUlNDOUNRVkZFUVdkWFowMUNUVWRCTVZWa0NrcFJVVTFOUVc5SFEwTnpSMEZSVlVaQ2QwMURUVUYzUjBFeFZXUkZkMFZDTDNkUlEwMUJRWGRJZDFsRVZsSXdha0pDWjNkR2IwRlZLMlIzZG1FeWR6Z0tTREkxUTBwdVRWVmxUemQ1VEcxMlZ5dDFXWGRFVVZsS1MyOWFTV2gyWTA1QlVVVk1RbEZCUkdkblNVSkJTblZuVTNCSGIyTkdXbEpQTkM5UVlWcG5XQXBoTUVaT1ZqUkRTRkpVUzI5eFZUbFNhMVUxY1ZOeFFsUkVZamx6WkRSSVVtUmlabWRYVGxCNFNWbzVaVXhHVWtSTlVrTm9kekJJUkN0MWJHd3JVM05WQ25CV016WkJSR3RLWnl0SlFYSkROV2RKV2xaTFdtTnhWM2M0VldoV1pVOW9lRnAwUWtsYU1GcHVla3RwYTNwRFVVaEZRVFE1ZURCclQyOWljVnB2Y2pFS1VuQnhMMEp3ZWpGaGEzbDVWbTl5WjI1TGNrSldObGhZZUdObFNEaDVUV3BETXpBemF6ZG9ZekZrV2sxemJURldOemhxTnpCNlNHWlFTMHRyTW1oa1NRcHpOa0ZOUkVOMVNtVklZV2hHVDBGVlFYQkNlRXhqWVRaeGVFVktRMU5UYkhWUlNrbzRWUzk1VDBORFducEhjMngzY2xsTFJXZzFPVFUxYjB4Wk0yVlhDa1ZOT0VONmNqWkpaRlpuVDBGS2FYRlZlbmxsY2pseWRYTkRlUzloZFdwNlZIZEdRbXRtUm1aeE1YZEZhRXBDVXpsVFVTODNlR04xTVZCVFIzRlNVVElLVDJGbGVsWmtjSFl4ZWxGek4wRTNkV1ZxTjJwa05EQmhNWGczVjJZelJXcG1kak5JV1VWT2FWTXplVGxRV2xoVVptMWFOR2hCTXpSNlowVkpTbVJ2VVFwVWJ6TlRUa1JQV1M4M1REVndiM1oyVWxVeVFqZDVVbFoxVDNWS2NYaHlVVTF3TWtwWlQwUkZZMUJaV1VJd1oxcEpMMU5sTUU5MU9EWllaRTlqVGxkdENtNUdhRmhOUW01S2N6a3JhVEoxYWtNMmFHRTNObTVwUTJRMllXeFVNVWR6TTFOMmVHaG9UbTR3TDFsR1RuTnpTV3hwVWt0eGEwNURSa3RCUzBGMldub0tVVFEyVm10dlIwZzBXbXBvVm1kS1NqRmhUMng2VGxGemJrRklXakZDU25aaFpHeFZka294ZEZVelpWWjFWbGx5TDBreVMwNTRaR3MyT0djNFpsZGFUUXBzUkc5eFprNDFTREpEWkZKR1dqWnViMFpMWVZWR2MxcFNlVmxPT1dNemMxcDZTMDVKVVN0cFYydG5RMmxzZDFWNlZXSkZkRlp3V0VKSGJqTmtaa2MzQ21kTFZtTjNRbXRYVWpoUGVrMHZaRUY1YkVWT2FsbzNUZ290TFMwdExVVk9SQ0JEUlZKVVNVWkpRMEZVUlMwdExTMHRDZz09CiAgICBjbGllbnQta2V5LWRhdGE6IExTMHRMUzFDUlVkSlRpQlNVMEVnVUZKSlZrRlVSU0JMUlZrdExTMHRMUXBOU1VsS1MxRkpRa0ZCUzBOQlowVkJjMWgxVEdaalRXaElXamRQWjFSbFNYaDJaVkZMVVhacWJqUkJVa2gzWkhsNWJUWjBaVGRyU1N0amVsQkhNaTg0Q2paRmFreGFNRzExVFZoeWNGSlhkalU0Y0ZGNGJIQTNPV2RHU1haeVpGTjJNa1JFUTA1VVQwcFZObE4yYkhsbGJHMU5WVE5tTjJjclJIQmxSazgzUkV3S1dtTkRNbFJPUldwRlNHeG9iRTlvZFZaalVHaHlVVGQ0VFcxMU5tTmFWMGxUV21ONE0ySjRhRUptUW5Salp6Z3hUM2hoWlhsRVVHVXZhVTE1YWxWa2N3cEdWVGRrUVdOTWR5ODRibW8wVEc1VVZubGxiMDVRVDBKcmNHSTNRalpvUVVVMUwzbHlRbVpuTVZwYU9GQnZhMmxyTVhOVlNGcFBkMmRwVDAxT05sQlRDazl4Um5GRWJqWlRXblkzVW0wd2NFZEpXa3RLYm5WbFdDdGtiVlZ6T0RCTVNEUnhiRWx1UmxkQ1pDc3haQ3RsVGtoa1pqWkRTRGxVYlVSbWFtODFPVThLTkRKTE9UZFdhWEYyV1Vkak1IQnJMM2RPTURnNVFtWkpOekZHSzI0MWJ6bDBSRTUyVkdwUlJrYzRlV0V5WjB0NllXODJlR0U1VUhaalVWaHFibWwxYkFvNVlWWnVNVXRoWW1SUVFuVkhTMmMyUTJOdFJrWnBhblZMU1hwQ05IZFViVGxCUTNSRVkwTkxXVlY0ZFZjclRrSjJaRXBXY0UxR04wZFNVRmxHUnpsVUNteHJaRk5HU1ZsRVIwTk1TRkJpVFU5aGEybFdhblZCUm1sT1JUbFRUeloxY1U5M1NsUlhWVkl2TW1WdGFVSm9lVnBHYW1keFdHRlpXall2WmxKSVdFc0tObkZuUTA1ck5WUlhVMHg0Y0d0VGQyTnhOMDVNTUVkbFYwcHlWak5QUTJaa1MzUTNjMjFJY3psYWJrUXhaWEJhVjNkU2QwNUxkVk52UlVkdGJXOXZTZ3BNZVd4YU5YRm5Ta1k0ZVhKcGVXaE5jbFptZUhadEwyaFBNa3d5ZEdsaGVuUXhORE5EYlhSSlozaGtWbEJXU1c1b2RrSlRlVXM1TUcxME0wRlNMMDltQ25KaGExVk5OR3RLYkRoaVVtdHZUaTgzTkhsMmF6VlRVV2RzYUROT2FVeFFRMHd5VFVsUVluZHBNV3RRV0dKeVYwSmlLMlpoVWpsVlJIbGpRMEYzUlVFS1FWRkxRMEZuUlVGcVNtVnpZMU40UVhOSFJXSm1jSEpMVnpaeVExcFFSMHBHT1VaM1VIQTRPRE5KVkN0SmFrdzJia1E0Vld4TmVVdHJSWE5TTjJKclpBcEtkemhTWlVzdlNFdE9WV2g2ZDI5V1JVUkRTMjF0TkZBclptSjBPRkY2Y0V4UWQxcExSMm80YzJRNFVWUnliRnBXTVM5S05TOVlkSFZoV1VkQmVWaHpDbGNyUmpkWWJWVmpLMmN5V1ZkUGJYTlJWaXMzUzNKNmExbEVPVWd2YW13MmRHbFRNVE5vVDFRdlJVY3pLME50TWpkTFVtWkxSRVUyZFd0d2JHOXFObFlLWjBaeGFXcEhUa2gxYUU5MFIwZ3dTVEpIUjBoaE5VcHdXaXRLWkdKMGRtWmxMMHRuWVhveFozbFZMM1I1Um5jeFFqTkpNMWxsUVVFMlptSjRkRFZsYlFwVE4xcDRkbXN3UVRkNGJGRnpWRTFQV0Zwd2VGSkdhMkZDV25ScWIzSjNZa0UzTkhBeE1XcDVibGxDTkVSWlJXNWlSRFZvYzJwNlFsWnFhbWs0VVVFM0NrTk1SME14UVZWWWVuRlRlVFI2TVhkTE4zWnVlbGhDTW1weFpuSTROMjEwVm1SaVJXNXNTRkI2V25jd1VrZzRaM05pU201RVdXMW5WbEZ6Wnpsa1pVVUtNRTV2V1ZvNVRrbHhSMk40ZGxwRGJXZzJRMlZGVUUxbE1Ia3pLeTkyVkUxclNtVTNUMDkwVmtkeGRtTm5VM2R4TmxNNFJERjVTRE15VlVGamQxaHFaZ3BqYVhwRmVHVkdLMHhOUmpOdlpGWXdObWRwUjFaSWJHWktZV2wyT0c1VWJVNTBPVVYzUWxGTWQyaG1iRWd4TW5SNFVXMHhXVkJ0VDBSWWRHbEhORlp1Q2tnemIwTkxjV2w1T1hOcFptbHdXRFkzZVcxYVV6RndNRmRSWWtSTloxWnplbGh0T1haSUsybDJRMDFpUjJ4SlYyRndPVlJWYjJOV1VWcFVNRTQxYUVJS2RuZHJLMjVMT0RsNlpraE5UM1pPYlRsemJ5OVdURWh4T0RCWWNUWTBORGxJTURkVkt6SnZRbUpOVDFCRk5YVlNaV1ZsYUdNMlJYa3ZNV1JMZUVKRFdncExhMGRHYzNGRllXSnZWRzEzTW5WM1ZHaFRPRVZ1ZUM5blpGbHBhbGhNYWtsT01YRnJPRWxLZUZSUFpEWk5TVkZVYkVWRFoyZEZRa0ZQVDFKWFJrWXZDalp2Uld4VUx6QXlZMU5EVDFBMldWbFJLMU4wUlRZM2QwcG1jVzF4ZGpNNVFuaEdMMVJZU1doUWRpdGFLMVJVZFc5a1dIUTNlakJwV2xwd1QydHZXVmtLUkVwTk1GUkpRV0p0WlRSWmFWZ3ZhR2hpSzFkTE5FWkhkRGhsTlhCNk0wdE1PVEp6TDJSbWMxVm5PRVJJY2t0TWNsQnlXR3hvYzFCb01taFBaVVpEU0FwcVpqQmFUalZ4WWlzNU5tcEVUbTkzSzNnMlltSllWV1Y0ZG1kT1IxVkVSMFJSUlZOSU5qQmtRMHRxYkdWUU4xTmxiSGhwVWxveVp6ZFFSRFZNYkZCbkNqTmtia3BuVVVsa2RHTnpSMlo1Y2xKV2MxRjJMMWt6V0RSVWFqVmpObFZpYTBONlIzSTJkblk1Y0VaU1R5OXpOVlpRY0hCeWIyaGpNbkUwZEVkRU1XZ0thWEZqVVcwcmNVdGtVVWxtVlhKblRFbFFObVJrU0hkMVdqVm9MekU0Y2taRlVGQlNVaXR0YzFORVdsQldWVnBPZW5sSE5HNHhRemhyVFhOMGJHeFFjd3BXVW01eVlURldURUZVVURWUVR6aERaMmRGUWtGTlpXOVFORWxwWmprNU1FSldja0ZGTW5odk5TOUhlaXRFUWt0Sk4zUnJaVWxMTm1sU1lWWTNTMkY1Q2pocVEzSm9WWEo1TmxoV1VXNTJORmRLTjNsQ1EwRXJZM0F3UVU4MlpVZHFjVTgwU0hONmVFMXhhbFJqWWpkb1MxcEhNWE5DVVVacGIxRmhOVUZGY1ZNS00yVjNVR3hxV25OeFNUQkdZMWxpUjJKUlRUTlVkU3RJZGxORVYxVjVaVUpKUlhnM1RVMWpValJNT1V0dFIwaFNTVWR5VkVJMGVVRXZjVzVwUmxBemVBcG1jeTloVGpVNFNVUldURWx0U2xvd2QzRklNWG93ZFcxTFlUQlZWaXRLT1U5Uk5qWlZXa0puTVVwTWVEbEhPRXc0YkhKUGN5dEJZa1ZtV1U5T09GazBDbG93YmpWdWRscHNTbE5uZG5sWlZVUkZTWGhsUm1zM1luVnhUWE0yWVdGTVRuaE9ZV3QwT0ZKak5rcHpiVUpzVEU5TFRIWkRiVGxsTmt4QlQwdFpZbE1LUjAxYWRub3ZZbGxXYUdGRU5HWnNhRlpZYUhsU1Mwa3dXVzFWWVhac2VsVlpTbk5SVWpodVNGRlZhME5uWjBWQlpFMWFObmxoWlZsVlNtdDZRMHczVGdwSmJWZGpXamhFTHpWbVMybHlVbmg1WjAxTVVqY3JMMDVzY2pjMmIwNTRTMnhoVFZCaVNXZG1OVGhXYmtKTWIwZzFWSG8wYkROTWVqQlFNeTlYTmxoUENsRlpNalV3VkU5TVJFcHphM2t2ZG1OQ2RFNVFOMHhqTmtKTmFtMXZZM2xWT1hwemEyNHpOWEJVTTJOa1oyUnNaMHBNYUZCeFVrNUhWekpDTjFabk1VSUtTRU5uVkZOcmRtdE5VSEZXUjI5eGJXc3hZekZhUkZjNVMzQlhRVkkzWTJ0WlNHTlJkR05MVVVrMlVWTkZVMk53VEhsaVVFUlNMMUVyUW1Oak5teGpVUXB0U2xKSE5GWlFNamhGYlc5R1VXUTBabGRKVlZrNU9WaENiMDFYVm0xaFZ6UnJPRXhPYjJ4bEx5OXJTRXBPV25oTFVIWmxLMjVDTlZVck1rUTVUVVZFQ2psbmFsbDVOMUkyVVNzelRXWnZWRnBwUkc1cFNrSXdialk1VjNsNk1HZHROMmxsWW01TE5FVTBhM0kxUW1SalpHWm5WbmR3VEZGaWJqSmtZemx5UnpnS1pHc3djRnBSUzBOQlVVVkJjVGhrYTB4T1JVWTVMMnhaYVdkWWMwMUVMM0ZJTldwaFJuRkpWRTFETVROVFprc3pPVUZwTVM5Wk4wVjBXRGc1VWxscVRncDFSRkJRVGpSc1ZWVjFhM0JUUmxaa2VVMHlUVU5MYWtsMFZrNUhjMDFET1ZOS1NFbFNWMVZ6Um5ORWVscFpaVFJTTlVwM1dEZHJVVEozVG0xSFFteFJDbmN4VWtadmRFZHBRbFI0VnpJNWRVeHhNamMzVTBkbVpYQkROM2htY2xWNFEzbFNhRU4yWm10NmExRlhiMHB3ZW1kVVMxWkpVUzluVEZoRWQyNW9SazRLWkZWYVJtdHNNazh2T0RNdmRHNVRWMDExV0c0ek1sRm9OMVIyT0RWU01rdG9OSFJKTlZOdlFVMUpWR0pYYUhWM1ZHMVdXazB5UW1ZM1pFOXdTWGhHVHdvNFRUVTRjMk5aTjFCTGJrOTNOMXBzVlM5T1YySkJXVzVOY1RKbk5Dc3JaRGM0WkVNM1lrRTRXVWROVDA1V1oxSkdlbWcwU0docmVGYzNibW93WkhVM0NqVmpPQ3RaTVU5T1RpODBTV04zTldwQlpEUkxibk12VXpsc1kwSnFUMlV3YTFGTFEwRlJRbVpYY1RndmVEVjNTekkwVFVWbU1YUjROMW92YzFSRE0zRUtURkY1UVZoRU1WRXlaRVZpV1V0alJWbHRkRU14TXpKaWNIVXlLemc0YmxWMlluVlFVVWQ0YTFOUU5XbFdiRUV5WTFaelNrMWpZa0ZEV0VSSWNrTldjUW96ZFc1M1pFUkhPVmhVUm5OblpVeFplamxIWjIxMEx6Rm5ibVZrTld3M05VeGpTa1YzUzBaVVNqaE9SVUZ1YWtObmIwaG5XRU01TDNsRVoyRkVjMXBQQ25aalNXdDBabWhHT0c5cmFITnlkVlZ3WW14MWNXSkZaWGhYYVZkU2RIWXZiakJqUzJWRGIyTktTRTFpWmtOU09GcHBTUzlXWVdsMmFXNUVjbGRGTm5BS1dXNXdWVVpFWjFWRldFOU1iM0Z2V0haSFVtNTNjWGMxZUZkRGNFdE1ZWEZwTkRSNWJUQlVVMjVwYWtJeWJsSXJhRlJLYTB4NFlVWm9jelJ4VTNWS05RcGthV3gwY1dGVVp5OTRSWGxHYkUwcmNtc3ZjVGhqU1VaRE4yc3hlVEV4V0c5MlNUbFdPSGhvZHpWc1Nrb3lPRnBNUmxSWFpHNTRNbkZzWTNVS0xTMHRMUzFGVGtRZ1VsTkJJRkJTU1ZaQlZFVWdTMFZaTFMwdExTMEsKICAgIHRva2VuOiBvMWRsOWx6bndwdm8zbDgza3c3Y3BzeHhwZHYwNjlkNHVtaXpmODNiNWV6NzAxZHI4ZjB1dm82bWxybm12OWpzYTJ3cGVhYmZjOHM0bnV5Mnhqc3I4Yjc4NWNyeHJpc2Q5cTUzczdhYnF3a3R1ZWFmYXlmbGIzM2lnMTd2M2wxeQo=\"\r\n    }\r\n  ]\r\n}",
      "StatusCode": 200
    },
    {
      "RequestUri": "/subscriptions/0b1f6471-1bf0-4dda-aec3-cb9272f09590/resourceGroups/rgps4138/providers/Microsoft.ContainerService/managedClusters/kubeps6449?api-version=2023-02-01",
      "EncodedRequestUri": "L3N1YnNjcmlwdGlvbnMvMGIxZjY0NzEtMWJmMC00ZGRhLWFlYzMtY2I5MjcyZjA5NTkwL3Jlc291cmNlR3JvdXBzL3JncHM0MTM4L3Byb3ZpZGVycy9NaWNyb3NvZnQuQ29udGFpbmVyU2VydmljZS9tYW5hZ2VkQ2x1c3RlcnMva3ViZXBzNjQ0OT9hcGktdmVyc2lvbj0yMDIzLTAyLTAx",
      "RequestMethod": "DELETE",
      "RequestHeaders": {
        "x-ms-client-request-id": [
          "4cf40ad8-5c7b-4e7f-82f2-5d202165c13d"
        ],
        "Accept-Language": [
          "en-US"
        ],
        "User-Agent": [
          "FxVersion/4.700.22.55902",
          "OSName/Windows",
          "OSVersion/Microsoft.Windows.10.0.22621",
          "Microsoft.Azure.Management.ContainerService.ContainerServiceClient/5.3.1"
        ]
      },
      "RequestBody": "",
      "ResponseHeaders": {
        "Cache-Control": [
          "no-cache"
        ],
        "Pragma": [
          "no-cache"
        ],
        "Location": [
          "https://management.azure.com/subscriptions/0b1f6471-1bf0-4dda-aec3-cb9272f09590/providers/Microsoft.ContainerService/locations/eastus/operationresults/8b2fe3bd-c369-4375-82cf-391fb71f5bb8?api-version=2017-08-31"
        ],
        "x-ms-ratelimit-remaining-subscription-deletes": [
          "14998"
        ],
        "azure-asyncoperation": [
          "https://management.azure.com/subscriptions/0b1f6471-1bf0-4dda-aec3-cb9272f09590/providers/Microsoft.ContainerService/locations/eastus/operations/8b2fe3bd-c369-4375-82cf-391fb71f5bb8?api-version=2017-08-31"
        ],
        "x-ms-correlation-request-id": [
          "3b7c9607-abcd-4a5d-bb9a-cf2beebbb0b6"
        ],
        "x-ms-request-id": [
          "8b2fe3bd-c369-4375-82cf-391fb71f5bb8"
        ],
        "Strict-Transport-Security": [
          "max-age=31536000; includeSubDomains"
        ],
        "Server": [
          "nginx"
        ],
        "x-ms-routing-request-id": [
          "SOUTHEASTASIA:20230328T090216Z:3b7c9607-abcd-4a5d-bb9a-cf2beebbb0b6"
        ],
        "X-Content-Type-Options": [
          "nosniff"
        ],
        "Date": [
          "Tue, 28 Mar 2023 09:02:15 GMT"
        ],
        "Expires": [
          "-1"
        ],
        "Content-Length": [
          "0"
        ]
      },
      "ResponseBody": "",
      "StatusCode": 202
    },
    {
      "RequestUri": "/subscriptions/0b1f6471-1bf0-4dda-aec3-cb9272f09590/providers/Microsoft.ContainerService/locations/eastus/operations/8b2fe3bd-c369-4375-82cf-391fb71f5bb8?api-version=2017-08-31",
      "EncodedRequestUri": "L3N1YnNjcmlwdGlvbnMvMGIxZjY0NzEtMWJmMC00ZGRhLWFlYzMtY2I5MjcyZjA5NTkwL3Byb3ZpZGVycy9NaWNyb3NvZnQuQ29udGFpbmVyU2VydmljZS9sb2NhdGlvbnMvZWFzdHVzL29wZXJhdGlvbnMvOGIyZmUzYmQtYzM2OS00Mzc1LTgyY2YtMzkxZmI3MWY1YmI4P2FwaS12ZXJzaW9uPTIwMTctMDgtMzE=",
      "RequestMethod": "GET",
      "RequestHeaders": {
        "x-ms-client-request-id": [
          "4cf40ad8-5c7b-4e7f-82f2-5d202165c13d"
        ],
        "User-Agent": [
          "FxVersion/4.700.22.55902",
          "OSName/Windows",
          "OSVersion/Microsoft.Windows.10.0.22621",
          "Microsoft.Azure.Management.ContainerService.ContainerServiceClient/5.3.1"
        ]
      },
      "RequestBody": "",
      "ResponseHeaders": {
        "Cache-Control": [
          "no-cache"
        ],
        "Pragma": [
          "no-cache"
        ],
        "x-ms-ratelimit-remaining-subscription-reads": [
          "11963"
        ],
        "x-ms-correlation-request-id": [
          "0e664ac2-873d-4692-8628-0d91af0cd532"
        ],
        "x-ms-request-id": [
          "f96a12c1-b9a9-4baa-a5db-58ce15124116"
        ],
        "Strict-Transport-Security": [
          "max-age=31536000; includeSubDomains"
        ],
        "X-Content-Type-Options": [
          "nosniff"
        ],
        "Server": [
          "nginx"
        ],
        "x-ms-routing-request-id": [
          "SOUTHEASTASIA:20230328T090247Z:0e664ac2-873d-4692-8628-0d91af0cd532"
        ],
        "Date": [
          "Tue, 28 Mar 2023 09:02:46 GMT"
        ],
        "Content-Length": [
          "125"
        ],
        "Content-Type": [
          "application/json"
        ],
        "Expires": [
          "-1"
        ]
      },
      "ResponseBody": "{\r\n  \"name\": \"bde32f8b-69c3-7543-82cf-391fb71f5bb8\",\r\n  \"status\": \"InProgress\",\r\n  \"startTime\": \"2023-03-28T09:02:16.082627Z\"\r\n}",
      "StatusCode": 200
    },
    {
      "RequestUri": "/subscriptions/0b1f6471-1bf0-4dda-aec3-cb9272f09590/providers/Microsoft.ContainerService/locations/eastus/operations/8b2fe3bd-c369-4375-82cf-391fb71f5bb8?api-version=2017-08-31",
      "EncodedRequestUri": "L3N1YnNjcmlwdGlvbnMvMGIxZjY0NzEtMWJmMC00ZGRhLWFlYzMtY2I5MjcyZjA5NTkwL3Byb3ZpZGVycy9NaWNyb3NvZnQuQ29udGFpbmVyU2VydmljZS9sb2NhdGlvbnMvZWFzdHVzL29wZXJhdGlvbnMvOGIyZmUzYmQtYzM2OS00Mzc1LTgyY2YtMzkxZmI3MWY1YmI4P2FwaS12ZXJzaW9uPTIwMTctMDgtMzE=",
      "RequestMethod": "GET",
      "RequestHeaders": {
        "x-ms-client-request-id": [
          "4cf40ad8-5c7b-4e7f-82f2-5d202165c13d"
        ],
        "User-Agent": [
          "FxVersion/4.700.22.55902",
          "OSName/Windows",
          "OSVersion/Microsoft.Windows.10.0.22621",
          "Microsoft.Azure.Management.ContainerService.ContainerServiceClient/5.3.1"
        ]
      },
      "RequestBody": "",
      "ResponseHeaders": {
        "Cache-Control": [
          "no-cache"
        ],
        "Pragma": [
          "no-cache"
        ],
        "x-ms-ratelimit-remaining-subscription-reads": [
          "11962"
        ],
        "x-ms-correlation-request-id": [
          "28fa80e1-0b0b-40ae-84fa-527a3333ef61"
        ],
        "x-ms-request-id": [
          "ca10ebc2-3b6d-4c51-9aa8-5eb5a6064473"
        ],
        "Strict-Transport-Security": [
          "max-age=31536000; includeSubDomains"
        ],
        "X-Content-Type-Options": [
          "nosniff"
        ],
        "Server": [
          "nginx"
        ],
        "x-ms-routing-request-id": [
          "SOUTHEASTASIA:20230328T090317Z:28fa80e1-0b0b-40ae-84fa-527a3333ef61"
        ],
        "Date": [
          "Tue, 28 Mar 2023 09:03:16 GMT"
        ],
        "Content-Length": [
          "125"
        ],
        "Content-Type": [
          "application/json"
        ],
        "Expires": [
          "-1"
        ]
      },
      "ResponseBody": "{\r\n  \"name\": \"bde32f8b-69c3-7543-82cf-391fb71f5bb8\",\r\n  \"status\": \"InProgress\",\r\n  \"startTime\": \"2023-03-28T09:02:16.082627Z\"\r\n}",
      "StatusCode": 200
    },
    {
      "RequestUri": "/subscriptions/0b1f6471-1bf0-4dda-aec3-cb9272f09590/providers/Microsoft.ContainerService/locations/eastus/operations/8b2fe3bd-c369-4375-82cf-391fb71f5bb8?api-version=2017-08-31",
      "EncodedRequestUri": "L3N1YnNjcmlwdGlvbnMvMGIxZjY0NzEtMWJmMC00ZGRhLWFlYzMtY2I5MjcyZjA5NTkwL3Byb3ZpZGVycy9NaWNyb3NvZnQuQ29udGFpbmVyU2VydmljZS9sb2NhdGlvbnMvZWFzdHVzL29wZXJhdGlvbnMvOGIyZmUzYmQtYzM2OS00Mzc1LTgyY2YtMzkxZmI3MWY1YmI4P2FwaS12ZXJzaW9uPTIwMTctMDgtMzE=",
      "RequestMethod": "GET",
      "RequestHeaders": {
        "x-ms-client-request-id": [
          "4cf40ad8-5c7b-4e7f-82f2-5d202165c13d"
        ],
        "User-Agent": [
          "FxVersion/4.700.22.55902",
          "OSName/Windows",
          "OSVersion/Microsoft.Windows.10.0.22621",
          "Microsoft.Azure.Management.ContainerService.ContainerServiceClient/5.3.1"
        ]
      },
      "RequestBody": "",
      "ResponseHeaders": {
        "Cache-Control": [
          "no-cache"
        ],
        "Pragma": [
          "no-cache"
        ],
        "x-ms-ratelimit-remaining-subscription-reads": [
          "11961"
        ],
        "x-ms-correlation-request-id": [
          "46608269-cec5-4b61-ab55-b966087abfdd"
        ],
        "x-ms-request-id": [
          "9dcce579-ce85-48ff-bca5-b9beb941bd7c"
        ],
        "Strict-Transport-Security": [
          "max-age=31536000; includeSubDomains"
        ],
        "X-Content-Type-Options": [
          "nosniff"
        ],
        "Server": [
          "nginx"
        ],
        "x-ms-routing-request-id": [
          "SOUTHEASTASIA:20230328T090348Z:46608269-cec5-4b61-ab55-b966087abfdd"
        ],
        "Date": [
          "Tue, 28 Mar 2023 09:03:47 GMT"
        ],
        "Content-Length": [
          "125"
        ],
        "Content-Type": [
          "application/json"
        ],
        "Expires": [
          "-1"
        ]
      },
      "ResponseBody": "{\r\n  \"name\": \"bde32f8b-69c3-7543-82cf-391fb71f5bb8\",\r\n  \"status\": \"InProgress\",\r\n  \"startTime\": \"2023-03-28T09:02:16.082627Z\"\r\n}",
      "StatusCode": 200
    },
    {
      "RequestUri": "/subscriptions/0b1f6471-1bf0-4dda-aec3-cb9272f09590/providers/Microsoft.ContainerService/locations/eastus/operations/8b2fe3bd-c369-4375-82cf-391fb71f5bb8?api-version=2017-08-31",
      "EncodedRequestUri": "L3N1YnNjcmlwdGlvbnMvMGIxZjY0NzEtMWJmMC00ZGRhLWFlYzMtY2I5MjcyZjA5NTkwL3Byb3ZpZGVycy9NaWNyb3NvZnQuQ29udGFpbmVyU2VydmljZS9sb2NhdGlvbnMvZWFzdHVzL29wZXJhdGlvbnMvOGIyZmUzYmQtYzM2OS00Mzc1LTgyY2YtMzkxZmI3MWY1YmI4P2FwaS12ZXJzaW9uPTIwMTctMDgtMzE=",
      "RequestMethod": "GET",
      "RequestHeaders": {
        "x-ms-client-request-id": [
          "4cf40ad8-5c7b-4e7f-82f2-5d202165c13d"
        ],
        "User-Agent": [
          "FxVersion/4.700.22.55902",
          "OSName/Windows",
          "OSVersion/Microsoft.Windows.10.0.22621",
          "Microsoft.Azure.Management.ContainerService.ContainerServiceClient/5.3.1"
        ]
      },
      "RequestBody": "",
      "ResponseHeaders": {
        "Cache-Control": [
          "no-cache"
        ],
        "Pragma": [
          "no-cache"
        ],
        "x-ms-ratelimit-remaining-subscription-reads": [
          "11960"
        ],
        "x-ms-correlation-request-id": [
          "906bc941-7480-425d-b355-f92d1e3712ba"
        ],
        "x-ms-request-id": [
          "e8854816-d689-4eb7-8505-c500aa90f3be"
        ],
        "Strict-Transport-Security": [
          "max-age=31536000; includeSubDomains"
        ],
        "X-Content-Type-Options": [
          "nosniff"
        ],
        "Server": [
          "nginx"
        ],
        "x-ms-routing-request-id": [
          "SOUTHEASTASIA:20230328T090418Z:906bc941-7480-425d-b355-f92d1e3712ba"
        ],
        "Date": [
          "Tue, 28 Mar 2023 09:04:17 GMT"
        ],
        "Content-Length": [
          "125"
        ],
        "Content-Type": [
          "application/json"
        ],
        "Expires": [
          "-1"
        ]
      },
      "ResponseBody": "{\r\n  \"name\": \"bde32f8b-69c3-7543-82cf-391fb71f5bb8\",\r\n  \"status\": \"InProgress\",\r\n  \"startTime\": \"2023-03-28T09:02:16.082627Z\"\r\n}",
      "StatusCode": 200
    },
    {
      "RequestUri": "/subscriptions/0b1f6471-1bf0-4dda-aec3-cb9272f09590/providers/Microsoft.ContainerService/locations/eastus/operations/8b2fe3bd-c369-4375-82cf-391fb71f5bb8?api-version=2017-08-31",
      "EncodedRequestUri": "L3N1YnNjcmlwdGlvbnMvMGIxZjY0NzEtMWJmMC00ZGRhLWFlYzMtY2I5MjcyZjA5NTkwL3Byb3ZpZGVycy9NaWNyb3NvZnQuQ29udGFpbmVyU2VydmljZS9sb2NhdGlvbnMvZWFzdHVzL29wZXJhdGlvbnMvOGIyZmUzYmQtYzM2OS00Mzc1LTgyY2YtMzkxZmI3MWY1YmI4P2FwaS12ZXJzaW9uPTIwMTctMDgtMzE=",
      "RequestMethod": "GET",
      "RequestHeaders": {
        "x-ms-client-request-id": [
          "4cf40ad8-5c7b-4e7f-82f2-5d202165c13d"
        ],
        "User-Agent": [
          "FxVersion/4.700.22.55902",
          "OSName/Windows",
          "OSVersion/Microsoft.Windows.10.0.22621",
          "Microsoft.Azure.Management.ContainerService.ContainerServiceClient/5.3.1"
        ]
      },
      "RequestBody": "",
      "ResponseHeaders": {
        "Cache-Control": [
          "no-cache"
        ],
        "Pragma": [
          "no-cache"
        ],
        "x-ms-ratelimit-remaining-subscription-reads": [
          "11959"
        ],
        "x-ms-correlation-request-id": [
          "71f52ccc-00a3-42f0-a839-b8edca0a1524"
        ],
        "x-ms-request-id": [
          "d8dff5f2-7a82-4856-a4a2-32af31c15427"
        ],
        "Strict-Transport-Security": [
          "max-age=31536000; includeSubDomains"
        ],
        "X-Content-Type-Options": [
          "nosniff"
        ],
        "Server": [
          "nginx"
        ],
        "x-ms-routing-request-id": [
          "SOUTHEASTASIA:20230328T090449Z:71f52ccc-00a3-42f0-a839-b8edca0a1524"
        ],
        "Date": [
          "Tue, 28 Mar 2023 09:04:49 GMT"
        ],
        "Content-Length": [
          "125"
        ],
        "Content-Type": [
          "application/json"
        ],
        "Expires": [
          "-1"
        ]
      },
      "ResponseBody": "{\r\n  \"name\": \"bde32f8b-69c3-7543-82cf-391fb71f5bb8\",\r\n  \"status\": \"InProgress\",\r\n  \"startTime\": \"2023-03-28T09:02:16.082627Z\"\r\n}",
      "StatusCode": 200
    },
    {
      "RequestUri": "/subscriptions/0b1f6471-1bf0-4dda-aec3-cb9272f09590/providers/Microsoft.ContainerService/locations/eastus/operations/8b2fe3bd-c369-4375-82cf-391fb71f5bb8?api-version=2017-08-31",
      "EncodedRequestUri": "L3N1YnNjcmlwdGlvbnMvMGIxZjY0NzEtMWJmMC00ZGRhLWFlYzMtY2I5MjcyZjA5NTkwL3Byb3ZpZGVycy9NaWNyb3NvZnQuQ29udGFpbmVyU2VydmljZS9sb2NhdGlvbnMvZWFzdHVzL29wZXJhdGlvbnMvOGIyZmUzYmQtYzM2OS00Mzc1LTgyY2YtMzkxZmI3MWY1YmI4P2FwaS12ZXJzaW9uPTIwMTctMDgtMzE=",
      "RequestMethod": "GET",
      "RequestHeaders": {
        "x-ms-client-request-id": [
          "4cf40ad8-5c7b-4e7f-82f2-5d202165c13d"
        ],
        "User-Agent": [
          "FxVersion/4.700.22.55902",
          "OSName/Windows",
          "OSVersion/Microsoft.Windows.10.0.22621",
          "Microsoft.Azure.Management.ContainerService.ContainerServiceClient/5.3.1"
        ]
      },
      "RequestBody": "",
      "ResponseHeaders": {
        "Cache-Control": [
          "no-cache"
        ],
        "Pragma": [
          "no-cache"
        ],
        "x-ms-ratelimit-remaining-subscription-reads": [
          "11958"
        ],
        "x-ms-correlation-request-id": [
          "e6a2277e-01c6-4a1b-9a01-1c4f0aef6c00"
        ],
        "x-ms-request-id": [
          "7e0c2d3d-da69-4962-9c26-b72b097ce146"
        ],
        "Strict-Transport-Security": [
          "max-age=31536000; includeSubDomains"
        ],
        "X-Content-Type-Options": [
          "nosniff"
        ],
        "Server": [
          "nginx"
        ],
        "x-ms-routing-request-id": [
          "SOUTHEASTASIA:20230328T090520Z:e6a2277e-01c6-4a1b-9a01-1c4f0aef6c00"
        ],
        "Date": [
          "Tue, 28 Mar 2023 09:05:19 GMT"
        ],
        "Content-Length": [
          "125"
        ],
        "Content-Type": [
          "application/json"
        ],
        "Expires": [
          "-1"
        ]
      },
      "ResponseBody": "{\r\n  \"name\": \"bde32f8b-69c3-7543-82cf-391fb71f5bb8\",\r\n  \"status\": \"InProgress\",\r\n  \"startTime\": \"2023-03-28T09:02:16.082627Z\"\r\n}",
      "StatusCode": 200
    },
    {
      "RequestUri": "/subscriptions/0b1f6471-1bf0-4dda-aec3-cb9272f09590/providers/Microsoft.ContainerService/locations/eastus/operations/8b2fe3bd-c369-4375-82cf-391fb71f5bb8?api-version=2017-08-31",
      "EncodedRequestUri": "L3N1YnNjcmlwdGlvbnMvMGIxZjY0NzEtMWJmMC00ZGRhLWFlYzMtY2I5MjcyZjA5NTkwL3Byb3ZpZGVycy9NaWNyb3NvZnQuQ29udGFpbmVyU2VydmljZS9sb2NhdGlvbnMvZWFzdHVzL29wZXJhdGlvbnMvOGIyZmUzYmQtYzM2OS00Mzc1LTgyY2YtMzkxZmI3MWY1YmI4P2FwaS12ZXJzaW9uPTIwMTctMDgtMzE=",
      "RequestMethod": "GET",
      "RequestHeaders": {
        "x-ms-client-request-id": [
          "4cf40ad8-5c7b-4e7f-82f2-5d202165c13d"
        ],
        "User-Agent": [
          "FxVersion/4.700.22.55902",
          "OSName/Windows",
          "OSVersion/Microsoft.Windows.10.0.22621",
          "Microsoft.Azure.Management.ContainerService.ContainerServiceClient/5.3.1"
        ]
      },
      "RequestBody": "",
      "ResponseHeaders": {
        "Cache-Control": [
          "no-cache"
        ],
        "Pragma": [
          "no-cache"
        ],
        "x-ms-ratelimit-remaining-subscription-reads": [
          "11957"
        ],
        "x-ms-correlation-request-id": [
          "18d456cf-096c-4a40-b34a-b6b2e5d81158"
        ],
        "x-ms-request-id": [
          "4e737693-8281-472a-b06a-0115d40aa74a"
        ],
        "Strict-Transport-Security": [
          "max-age=31536000; includeSubDomains"
        ],
        "X-Content-Type-Options": [
          "nosniff"
        ],
        "Server": [
          "nginx"
        ],
        "x-ms-routing-request-id": [
          "SOUTHEASTASIA:20230328T090550Z:18d456cf-096c-4a40-b34a-b6b2e5d81158"
        ],
        "Date": [
          "Tue, 28 Mar 2023 09:05:49 GMT"
        ],
        "Content-Length": [
          "125"
        ],
        "Content-Type": [
          "application/json"
        ],
        "Expires": [
          "-1"
        ]
      },
      "ResponseBody": "{\r\n  \"name\": \"bde32f8b-69c3-7543-82cf-391fb71f5bb8\",\r\n  \"status\": \"InProgress\",\r\n  \"startTime\": \"2023-03-28T09:02:16.082627Z\"\r\n}",
      "StatusCode": 200
    },
    {
      "RequestUri": "/subscriptions/0b1f6471-1bf0-4dda-aec3-cb9272f09590/providers/Microsoft.ContainerService/locations/eastus/operations/8b2fe3bd-c369-4375-82cf-391fb71f5bb8?api-version=2017-08-31",
      "EncodedRequestUri": "L3N1YnNjcmlwdGlvbnMvMGIxZjY0NzEtMWJmMC00ZGRhLWFlYzMtY2I5MjcyZjA5NTkwL3Byb3ZpZGVycy9NaWNyb3NvZnQuQ29udGFpbmVyU2VydmljZS9sb2NhdGlvbnMvZWFzdHVzL29wZXJhdGlvbnMvOGIyZmUzYmQtYzM2OS00Mzc1LTgyY2YtMzkxZmI3MWY1YmI4P2FwaS12ZXJzaW9uPTIwMTctMDgtMzE=",
      "RequestMethod": "GET",
      "RequestHeaders": {
        "x-ms-client-request-id": [
          "4cf40ad8-5c7b-4e7f-82f2-5d202165c13d"
        ],
        "User-Agent": [
          "FxVersion/4.700.22.55902",
          "OSName/Windows",
          "OSVersion/Microsoft.Windows.10.0.22621",
          "Microsoft.Azure.Management.ContainerService.ContainerServiceClient/5.3.1"
        ]
      },
      "RequestBody": "",
      "ResponseHeaders": {
        "Cache-Control": [
          "no-cache"
        ],
        "Pragma": [
          "no-cache"
        ],
        "x-ms-ratelimit-remaining-subscription-reads": [
          "11956"
        ],
        "x-ms-correlation-request-id": [
          "0df60557-05b0-4d24-aa0d-fa8a90e9a1eb"
        ],
        "x-ms-request-id": [
          "00d57eb6-0692-4acb-b421-b2bdb54d871e"
        ],
        "Strict-Transport-Security": [
          "max-age=31536000; includeSubDomains"
        ],
        "X-Content-Type-Options": [
          "nosniff"
        ],
        "Server": [
          "nginx"
        ],
        "x-ms-routing-request-id": [
          "SOUTHEASTASIA:20230328T090620Z:0df60557-05b0-4d24-aa0d-fa8a90e9a1eb"
        ],
        "Date": [
          "Tue, 28 Mar 2023 09:06:20 GMT"
        ],
        "Content-Length": [
          "125"
        ],
        "Content-Type": [
          "application/json"
        ],
        "Expires": [
          "-1"
        ]
      },
      "ResponseBody": "{\r\n  \"name\": \"bde32f8b-69c3-7543-82cf-391fb71f5bb8\",\r\n  \"status\": \"InProgress\",\r\n  \"startTime\": \"2023-03-28T09:02:16.082627Z\"\r\n}",
      "StatusCode": 200
    },
    {
      "RequestUri": "/subscriptions/0b1f6471-1bf0-4dda-aec3-cb9272f09590/providers/Microsoft.ContainerService/locations/eastus/operations/8b2fe3bd-c369-4375-82cf-391fb71f5bb8?api-version=2017-08-31",
      "EncodedRequestUri": "L3N1YnNjcmlwdGlvbnMvMGIxZjY0NzEtMWJmMC00ZGRhLWFlYzMtY2I5MjcyZjA5NTkwL3Byb3ZpZGVycy9NaWNyb3NvZnQuQ29udGFpbmVyU2VydmljZS9sb2NhdGlvbnMvZWFzdHVzL29wZXJhdGlvbnMvOGIyZmUzYmQtYzM2OS00Mzc1LTgyY2YtMzkxZmI3MWY1YmI4P2FwaS12ZXJzaW9uPTIwMTctMDgtMzE=",
      "RequestMethod": "GET",
      "RequestHeaders": {
        "x-ms-client-request-id": [
          "4cf40ad8-5c7b-4e7f-82f2-5d202165c13d"
        ],
        "User-Agent": [
          "FxVersion/4.700.22.55902",
          "OSName/Windows",
          "OSVersion/Microsoft.Windows.10.0.22621",
          "Microsoft.Azure.Management.ContainerService.ContainerServiceClient/5.3.1"
        ]
      },
      "RequestBody": "",
      "ResponseHeaders": {
        "Cache-Control": [
          "no-cache"
        ],
        "Pragma": [
          "no-cache"
        ],
        "x-ms-ratelimit-remaining-subscription-reads": [
          "11955"
        ],
        "x-ms-correlation-request-id": [
          "f044ff63-ff6b-4af2-8f74-252f5d4b78fe"
        ],
        "x-ms-request-id": [
          "1591f583-650f-4cd4-916e-9622bdcfb0c2"
        ],
        "Strict-Transport-Security": [
          "max-age=31536000; includeSubDomains"
        ],
        "X-Content-Type-Options": [
          "nosniff"
        ],
        "Server": [
          "nginx"
        ],
        "x-ms-routing-request-id": [
          "SOUTHEASTASIA:20230328T090651Z:f044ff63-ff6b-4af2-8f74-252f5d4b78fe"
        ],
        "Date": [
          "Tue, 28 Mar 2023 09:06:50 GMT"
        ],
        "Content-Length": [
          "169"
        ],
        "Content-Type": [
          "application/json"
        ],
        "Expires": [
          "-1"
        ]
      },
      "ResponseBody": "{\r\n  \"name\": \"bde32f8b-69c3-7543-82cf-391fb71f5bb8\",\r\n  \"status\": \"Succeeded\",\r\n  \"startTime\": \"2023-03-28T09:02:16.082627Z\",\r\n  \"endTime\": \"2023-03-28T09:06:32.5611159Z\"\r\n}",
      "StatusCode": 200
    },
    {
      "RequestUri": "/subscriptions/0b1f6471-1bf0-4dda-aec3-cb9272f09590/providers/Microsoft.ContainerService/locations/eastus/operationresults/8b2fe3bd-c369-4375-82cf-391fb71f5bb8?api-version=2017-08-31",
      "EncodedRequestUri": "L3N1YnNjcmlwdGlvbnMvMGIxZjY0NzEtMWJmMC00ZGRhLWFlYzMtY2I5MjcyZjA5NTkwL3Byb3ZpZGVycy9NaWNyb3NvZnQuQ29udGFpbmVyU2VydmljZS9sb2NhdGlvbnMvZWFzdHVzL29wZXJhdGlvbnJlc3VsdHMvOGIyZmUzYmQtYzM2OS00Mzc1LTgyY2YtMzkxZmI3MWY1YmI4P2FwaS12ZXJzaW9uPTIwMTctMDgtMzE=",
      "RequestMethod": "GET",
      "RequestHeaders": {
        "x-ms-client-request-id": [
          "4cf40ad8-5c7b-4e7f-82f2-5d202165c13d"
        ],
        "User-Agent": [
          "FxVersion/4.700.22.55902",
          "OSName/Windows",
          "OSVersion/Microsoft.Windows.10.0.22621",
          "Microsoft.Azure.Management.ContainerService.ContainerServiceClient/5.3.1"
        ]
      },
      "RequestBody": "",
      "ResponseHeaders": {
        "Cache-Control": [
          "no-cache"
        ],
        "Pragma": [
          "no-cache"
        ],
        "Location": [
          "https://management.azure.com/subscriptions/0b1f6471-1bf0-4dda-aec3-cb9272f09590/providers/Microsoft.ContainerService/locations/eastus/operationresults/8b2fe3bd-c369-4375-82cf-391fb71f5bb8?api-version=2017-08-31"
        ],
        "x-ms-ratelimit-remaining-subscription-reads": [
          "11954"
        ],
        "x-ms-correlation-request-id": [
          "5f9c2fea-29df-41d4-b9b3-dc57764610eb"
        ],
        "x-ms-request-id": [
          "907a668b-e598-43ff-a012-b46c89bc732d"
        ],
        "Strict-Transport-Security": [
          "max-age=31536000; includeSubDomains"
        ],
        "X-Content-Type-Options": [
          "nosniff"
        ],
        "Server": [
          "nginx"
        ],
        "x-ms-routing-request-id": [
          "SOUTHEASTASIA:20230328T090651Z:5f9c2fea-29df-41d4-b9b3-dc57764610eb"
        ],
        "Date": [
          "Tue, 28 Mar 2023 09:06:50 GMT"
        ],
        "Content-Type": [
          "application/json"
        ],
        "Expires": [
          "-1"
        ]
      },
      "ResponseBody": "",
      "StatusCode": 204
    },
    {
      "RequestUri": "/subscriptions/0b1f6471-1bf0-4dda-aec3-cb9272f09590/resourcegroups/rgps4138?api-version=2016-09-01",
      "EncodedRequestUri": "L3N1YnNjcmlwdGlvbnMvMGIxZjY0NzEtMWJmMC00ZGRhLWFlYzMtY2I5MjcyZjA5NTkwL3Jlc291cmNlZ3JvdXBzL3JncHM0MTM4P2FwaS12ZXJzaW9uPTIwMTYtMDktMDE=",
      "RequestMethod": "DELETE",
      "RequestHeaders": {
        "x-ms-client-request-id": [
          "05f76ce1-920d-47ec-831d-7008578c5094"
        ],
        "Accept-Language": [
          "en-US"
        ],
        "User-Agent": [
          "FxVersion/4.700.22.55902",
          "OSName/Windows",
          "OSVersion/Microsoft.Windows.10.0.22621",
          "Microsoft.Azure.Management.Internal.Resources.ResourceManagementClient/1.3.73"
        ]
      },
      "RequestBody": "",
      "ResponseHeaders": {
        "Cache-Control": [
          "no-cache"
        ],
        "Pragma": [
          "no-cache"
        ],
        "Location": [
          "https://management.azure.com/subscriptions/0b1f6471-1bf0-4dda-aec3-cb9272f09590/operationresults/eyJqb2JJZCI6IlJFU09VUkNFR1JPVVBERUxFVElPTkpPQi1SR1BTNDEzOC1FQVNUVVMiLCJqb2JMb2NhdGlvbiI6ImVhc3R1cyJ9?api-version=2016-09-01"
        ],
        "Retry-After": [
          "15"
        ],
        "x-ms-ratelimit-remaining-subscription-deletes": [
          "14999"
        ],
        "x-ms-request-id": [
          "6b96b645-c8ce-4507-bd06-d4a7cdb18a1a"
        ],
        "x-ms-correlation-request-id": [
          "6b96b645-c8ce-4507-bd06-d4a7cdb18a1a"
        ],
        "x-ms-routing-request-id": [
          "SOUTHEASTASIA:20230328T090656Z:6b96b645-c8ce-4507-bd06-d4a7cdb18a1a"
        ],
        "Strict-Transport-Security": [
          "max-age=31536000; includeSubDomains"
        ],
        "X-Content-Type-Options": [
          "nosniff"
        ],
        "Date": [
          "Tue, 28 Mar 2023 09:06:55 GMT"
        ],
        "Expires": [
          "-1"
        ],
        "Content-Length": [
          "0"
        ]
      },
      "ResponseBody": "",
      "StatusCode": 202
    },
    {
      "RequestUri": "/subscriptions/0b1f6471-1bf0-4dda-aec3-cb9272f09590/operationresults/eyJqb2JJZCI6IlJFU09VUkNFR1JPVVBERUxFVElPTkpPQi1SR1BTNDEzOC1FQVNUVVMiLCJqb2JMb2NhdGlvbiI6ImVhc3R1cyJ9?api-version=2016-09-01",
      "EncodedRequestUri": "L3N1YnNjcmlwdGlvbnMvMGIxZjY0NzEtMWJmMC00ZGRhLWFlYzMtY2I5MjcyZjA5NTkwL29wZXJhdGlvbnJlc3VsdHMvZXlKcWIySkpaQ0k2SWxKRlUwOVZVa05GUjFKUFZWQkVSVXhGVkVsUFRrcFBRaTFTUjFCVE5ERXpPQzFGUVZOVVZWTWlMQ0pxYjJKTWIyTmhkR2x2YmlJNkltVmhjM1IxY3lKOT9hcGktdmVyc2lvbj0yMDE2LTA5LTAx",
      "RequestMethod": "GET",
      "RequestHeaders": {
        "User-Agent": [
          "FxVersion/4.700.22.55902",
          "OSName/Windows",
          "OSVersion/Microsoft.Windows.10.0.22621",
          "Microsoft.Azure.Management.Internal.Resources.ResourceManagementClient/1.3.73"
        ]
      },
      "RequestBody": "",
      "ResponseHeaders": {
        "Cache-Control": [
          "no-cache"
        ],
        "Pragma": [
          "no-cache"
        ],
        "Location": [
          "https://management.azure.com/subscriptions/0b1f6471-1bf0-4dda-aec3-cb9272f09590/operationresults/eyJqb2JJZCI6IlJFU09VUkNFR1JPVVBERUxFVElPTkpPQi1SR1BTNDEzOC1FQVNUVVMiLCJqb2JMb2NhdGlvbiI6ImVhc3R1cyJ9?api-version=2016-09-01"
        ],
        "Retry-After": [
          "15"
        ],
        "x-ms-ratelimit-remaining-subscription-reads": [
          "11999"
        ],
        "x-ms-request-id": [
          "f7c2279a-2b53-422d-8e70-5961ac7e917d"
        ],
        "x-ms-correlation-request-id": [
          "f7c2279a-2b53-422d-8e70-5961ac7e917d"
        ],
        "x-ms-routing-request-id": [
          "SOUTHEASTASIA:20230328T090712Z:f7c2279a-2b53-422d-8e70-5961ac7e917d"
        ],
        "Strict-Transport-Security": [
          "max-age=31536000; includeSubDomains"
        ],
        "X-Content-Type-Options": [
          "nosniff"
        ],
        "Date": [
          "Tue, 28 Mar 2023 09:07:12 GMT"
        ],
        "Expires": [
          "-1"
        ],
        "Content-Length": [
          "0"
        ]
      },
      "ResponseBody": "",
      "StatusCode": 202
    },
    {
      "RequestUri": "/subscriptions/0b1f6471-1bf0-4dda-aec3-cb9272f09590/operationresults/eyJqb2JJZCI6IlJFU09VUkNFR1JPVVBERUxFVElPTkpPQi1SR1BTNDEzOC1FQVNUVVMiLCJqb2JMb2NhdGlvbiI6ImVhc3R1cyJ9?api-version=2016-09-01",
      "EncodedRequestUri": "L3N1YnNjcmlwdGlvbnMvMGIxZjY0NzEtMWJmMC00ZGRhLWFlYzMtY2I5MjcyZjA5NTkwL29wZXJhdGlvbnJlc3VsdHMvZXlKcWIySkpaQ0k2SWxKRlUwOVZVa05GUjFKUFZWQkVSVXhGVkVsUFRrcFBRaTFTUjFCVE5ERXpPQzFGUVZOVVZWTWlMQ0pxYjJKTWIyTmhkR2x2YmlJNkltVmhjM1IxY3lKOT9hcGktdmVyc2lvbj0yMDE2LTA5LTAx",
      "RequestMethod": "GET",
      "RequestHeaders": {
        "User-Agent": [
          "FxVersion/4.700.22.55902",
          "OSName/Windows",
          "OSVersion/Microsoft.Windows.10.0.22621",
          "Microsoft.Azure.Management.Internal.Resources.ResourceManagementClient/1.3.73"
        ]
      },
      "RequestBody": "",
      "ResponseHeaders": {
        "Cache-Control": [
          "no-cache"
        ],
        "Pragma": [
          "no-cache"
        ],
        "Location": [
          "https://management.azure.com/subscriptions/0b1f6471-1bf0-4dda-aec3-cb9272f09590/operationresults/eyJqb2JJZCI6IlJFU09VUkNFR1JPVVBERUxFVElPTkpPQi1SR1BTNDEzOC1FQVNUVVMiLCJqb2JMb2NhdGlvbiI6ImVhc3R1cyJ9?api-version=2016-09-01"
        ],
        "Retry-After": [
          "15"
        ],
        "x-ms-ratelimit-remaining-subscription-reads": [
          "11998"
        ],
        "x-ms-request-id": [
          "f7d1c82a-f9f8-4ff4-a6ad-89a977e70fb8"
        ],
        "x-ms-correlation-request-id": [
          "f7d1c82a-f9f8-4ff4-a6ad-89a977e70fb8"
        ],
        "x-ms-routing-request-id": [
          "SOUTHEASTASIA:20230328T090727Z:f7d1c82a-f9f8-4ff4-a6ad-89a977e70fb8"
        ],
        "Strict-Transport-Security": [
          "max-age=31536000; includeSubDomains"
        ],
        "X-Content-Type-Options": [
          "nosniff"
        ],
        "Date": [
          "Tue, 28 Mar 2023 09:07:27 GMT"
        ],
        "Expires": [
          "-1"
        ],
        "Content-Length": [
          "0"
        ]
      },
      "ResponseBody": "",
      "StatusCode": 202
    },
    {
      "RequestUri": "/subscriptions/0b1f6471-1bf0-4dda-aec3-cb9272f09590/operationresults/eyJqb2JJZCI6IlJFU09VUkNFR1JPVVBERUxFVElPTkpPQi1SR1BTNDEzOC1FQVNUVVMiLCJqb2JMb2NhdGlvbiI6ImVhc3R1cyJ9?api-version=2016-09-01",
      "EncodedRequestUri": "L3N1YnNjcmlwdGlvbnMvMGIxZjY0NzEtMWJmMC00ZGRhLWFlYzMtY2I5MjcyZjA5NTkwL29wZXJhdGlvbnJlc3VsdHMvZXlKcWIySkpaQ0k2SWxKRlUwOVZVa05GUjFKUFZWQkVSVXhGVkVsUFRrcFBRaTFTUjFCVE5ERXpPQzFGUVZOVVZWTWlMQ0pxYjJKTWIyTmhkR2x2YmlJNkltVmhjM1IxY3lKOT9hcGktdmVyc2lvbj0yMDE2LTA5LTAx",
      "RequestMethod": "GET",
      "RequestHeaders": {
        "User-Agent": [
          "FxVersion/4.700.22.55902",
          "OSName/Windows",
          "OSVersion/Microsoft.Windows.10.0.22621",
          "Microsoft.Azure.Management.Internal.Resources.ResourceManagementClient/1.3.73"
        ]
      },
      "RequestBody": "",
      "ResponseHeaders": {
        "Cache-Control": [
          "no-cache"
        ],
        "Pragma": [
          "no-cache"
        ],
        "Location": [
          "https://management.azure.com/subscriptions/0b1f6471-1bf0-4dda-aec3-cb9272f09590/operationresults/eyJqb2JJZCI6IlJFU09VUkNFR1JPVVBERUxFVElPTkpPQi1SR1BTNDEzOC1FQVNUVVMiLCJqb2JMb2NhdGlvbiI6ImVhc3R1cyJ9?api-version=2016-09-01"
        ],
        "Retry-After": [
          "15"
        ],
        "x-ms-ratelimit-remaining-subscription-reads": [
          "11997"
        ],
        "x-ms-request-id": [
          "23d6b00f-806c-4083-a878-391c79f631e9"
        ],
        "x-ms-correlation-request-id": [
          "23d6b00f-806c-4083-a878-391c79f631e9"
        ],
        "x-ms-routing-request-id": [
          "SOUTHEASTASIA:20230328T090743Z:23d6b00f-806c-4083-a878-391c79f631e9"
        ],
        "Strict-Transport-Security": [
          "max-age=31536000; includeSubDomains"
        ],
        "X-Content-Type-Options": [
          "nosniff"
        ],
        "Date": [
          "Tue, 28 Mar 2023 09:07:42 GMT"
        ],
        "Expires": [
          "-1"
        ],
        "Content-Length": [
          "0"
        ]
      },
      "ResponseBody": "",
      "StatusCode": 202
    },
    {
      "RequestUri": "/subscriptions/0b1f6471-1bf0-4dda-aec3-cb9272f09590/operationresults/eyJqb2JJZCI6IlJFU09VUkNFR1JPVVBERUxFVElPTkpPQi1SR1BTNDEzOC1FQVNUVVMiLCJqb2JMb2NhdGlvbiI6ImVhc3R1cyJ9?api-version=2016-09-01",
      "EncodedRequestUri": "L3N1YnNjcmlwdGlvbnMvMGIxZjY0NzEtMWJmMC00ZGRhLWFlYzMtY2I5MjcyZjA5NTkwL29wZXJhdGlvbnJlc3VsdHMvZXlKcWIySkpaQ0k2SWxKRlUwOVZVa05GUjFKUFZWQkVSVXhGVkVsUFRrcFBRaTFTUjFCVE5ERXpPQzFGUVZOVVZWTWlMQ0pxYjJKTWIyTmhkR2x2YmlJNkltVmhjM1IxY3lKOT9hcGktdmVyc2lvbj0yMDE2LTA5LTAx",
      "RequestMethod": "GET",
      "RequestHeaders": {
        "User-Agent": [
          "FxVersion/4.700.22.55902",
          "OSName/Windows",
          "OSVersion/Microsoft.Windows.10.0.22621",
          "Microsoft.Azure.Management.Internal.Resources.ResourceManagementClient/1.3.73"
        ]
      },
      "RequestBody": "",
      "ResponseHeaders": {
        "Cache-Control": [
          "no-cache"
        ],
        "Pragma": [
          "no-cache"
        ],
        "Location": [
          "https://management.azure.com/subscriptions/0b1f6471-1bf0-4dda-aec3-cb9272f09590/operationresults/eyJqb2JJZCI6IlJFU09VUkNFR1JPVVBERUxFVElPTkpPQi1SR1BTNDEzOC1FQVNUVVMiLCJqb2JMb2NhdGlvbiI6ImVhc3R1cyJ9?api-version=2016-09-01"
        ],
        "Retry-After": [
          "15"
        ],
        "x-ms-ratelimit-remaining-subscription-reads": [
          "11996"
        ],
        "x-ms-request-id": [
          "978da79f-122b-4e6f-886d-504767f683c5"
        ],
        "x-ms-correlation-request-id": [
          "978da79f-122b-4e6f-886d-504767f683c5"
        ],
        "x-ms-routing-request-id": [
          "SOUTHEASTASIA:20230328T090758Z:978da79f-122b-4e6f-886d-504767f683c5"
        ],
        "Strict-Transport-Security": [
          "max-age=31536000; includeSubDomains"
        ],
        "X-Content-Type-Options": [
          "nosniff"
        ],
        "Date": [
          "Tue, 28 Mar 2023 09:07:58 GMT"
        ],
        "Expires": [
          "-1"
        ],
        "Content-Length": [
          "0"
        ]
      },
      "ResponseBody": "",
      "StatusCode": 202
    },
    {
      "RequestUri": "/subscriptions/0b1f6471-1bf0-4dda-aec3-cb9272f09590/operationresults/eyJqb2JJZCI6IlJFU09VUkNFR1JPVVBERUxFVElPTkpPQi1SR1BTNDEzOC1FQVNUVVMiLCJqb2JMb2NhdGlvbiI6ImVhc3R1cyJ9?api-version=2016-09-01",
      "EncodedRequestUri": "L3N1YnNjcmlwdGlvbnMvMGIxZjY0NzEtMWJmMC00ZGRhLWFlYzMtY2I5MjcyZjA5NTkwL29wZXJhdGlvbnJlc3VsdHMvZXlKcWIySkpaQ0k2SWxKRlUwOVZVa05GUjFKUFZWQkVSVXhGVkVsUFRrcFBRaTFTUjFCVE5ERXpPQzFGUVZOVVZWTWlMQ0pxYjJKTWIyTmhkR2x2YmlJNkltVmhjM1IxY3lKOT9hcGktdmVyc2lvbj0yMDE2LTA5LTAx",
      "RequestMethod": "GET",
      "RequestHeaders": {
        "User-Agent": [
          "FxVersion/4.700.22.55902",
          "OSName/Windows",
          "OSVersion/Microsoft.Windows.10.0.22621",
          "Microsoft.Azure.Management.Internal.Resources.ResourceManagementClient/1.3.73"
        ]
      },
      "RequestBody": "",
      "ResponseHeaders": {
        "Cache-Control": [
          "no-cache"
        ],
        "Pragma": [
          "no-cache"
        ],
        "x-ms-ratelimit-remaining-subscription-reads": [
          "11995"
        ],
        "x-ms-request-id": [
          "45dd6d23-3022-48c9-9174-d72a573ad239"
        ],
        "x-ms-correlation-request-id": [
          "45dd6d23-3022-48c9-9174-d72a573ad239"
        ],
        "x-ms-routing-request-id": [
          "SOUTHEASTASIA:20230328T090814Z:45dd6d23-3022-48c9-9174-d72a573ad239"
        ],
        "Strict-Transport-Security": [
          "max-age=31536000; includeSubDomains"
        ],
        "X-Content-Type-Options": [
          "nosniff"
        ],
        "Date": [
          "Tue, 28 Mar 2023 09:08:13 GMT"
        ],
        "Expires": [
          "-1"
        ],
        "Content-Length": [
          "0"
        ]
      },
      "ResponseBody": "",
      "StatusCode": 200
    },
    {
      "RequestUri": "/subscriptions/0b1f6471-1bf0-4dda-aec3-cb9272f09590/operationresults/eyJqb2JJZCI6IlJFU09VUkNFR1JPVVBERUxFVElPTkpPQi1SR1BTNDEzOC1FQVNUVVMiLCJqb2JMb2NhdGlvbiI6ImVhc3R1cyJ9?api-version=2016-09-01",
      "EncodedRequestUri": "L3N1YnNjcmlwdGlvbnMvMGIxZjY0NzEtMWJmMC00ZGRhLWFlYzMtY2I5MjcyZjA5NTkwL29wZXJhdGlvbnJlc3VsdHMvZXlKcWIySkpaQ0k2SWxKRlUwOVZVa05GUjFKUFZWQkVSVXhGVkVsUFRrcFBRaTFTUjFCVE5ERXpPQzFGUVZOVVZWTWlMQ0pxYjJKTWIyTmhkR2x2YmlJNkltVmhjM1IxY3lKOT9hcGktdmVyc2lvbj0yMDE2LTA5LTAx",
      "RequestMethod": "GET",
      "RequestHeaders": {
        "User-Agent": [
          "FxVersion/4.700.22.55902",
          "OSName/Windows",
          "OSVersion/Microsoft.Windows.10.0.22621",
          "Microsoft.Azure.Management.Internal.Resources.ResourceManagementClient/1.3.73"
        ]
      },
      "RequestBody": "",
      "ResponseHeaders": {
        "Cache-Control": [
          "no-cache"
        ],
        "Pragma": [
          "no-cache"
        ],
        "x-ms-ratelimit-remaining-subscription-reads": [
          "11994"
        ],
        "x-ms-request-id": [
          "5435b4c2-e174-4bf4-a801-525dd5d60742"
        ],
        "x-ms-correlation-request-id": [
          "5435b4c2-e174-4bf4-a801-525dd5d60742"
        ],
        "x-ms-routing-request-id": [
          "SOUTHEASTASIA:20230328T090814Z:5435b4c2-e174-4bf4-a801-525dd5d60742"
        ],
        "Strict-Transport-Security": [
          "max-age=31536000; includeSubDomains"
        ],
        "X-Content-Type-Options": [
          "nosniff"
        ],
        "Date": [
          "Tue, 28 Mar 2023 09:08:14 GMT"
        ],
        "Expires": [
          "-1"
        ],
        "Content-Length": [
          "0"
        ]
      },
      "ResponseBody": "",
      "StatusCode": 200
    }
  ],
  "Names": {
    "Test-NewAzAks": [
      "ps4138",
      "ps6449"
    ]
  },
  "Variables": {
    "SubscriptionId": "0b1f6471-1bf0-4dda-aec3-cb9272f09590"
  }
}