{
  "Entries": [
    {
      "RequestUri": "/subscriptions/8cfb8b62-bcd6-4713-89ad-18097f75cc5b/resourceGroups/testclrg/providers/Microsoft.Sql/locations/southeastasia/instanceFailoverGroups/ps1548?api-version=2017-10-01-preview",
      "EncodedRequestUri": "L3N1YnNjcmlwdGlvbnMvOGNmYjhiNjItYmNkNi00NzEzLTg5YWQtMTgwOTdmNzVjYzViL3Jlc291cmNlR3JvdXBzL3Rlc3RjbHJnL3Byb3ZpZGVycy9NaWNyb3NvZnQuU3FsL2xvY2F0aW9ucy9zb3V0aGVhc3Rhc2lhL2luc3RhbmNlRmFpbG92ZXJHcm91cHMvcHMxNTQ4P2FwaS12ZXJzaW9uPTIwMTctMTAtMDEtcHJldmlldw==",
      "RequestMethod": "GET",
      "RequestBody": "",
      "RequestHeaders": {
        "x-ms-client-request-id": [
          "d6457c6e-7658-4556-83b7-c109d2fdf88c"
        ],
        "accept-language": [
          "en-US"
        ],
        "User-Agent": [
          "FxVersion/4.7.2563.0",
          "OSName/WindowsServer2012R2Datacenter",
          "OSVersion/6.3.9600",
          "Microsoft.Azure.Management.Sql.SqlManagementClient/1.15.0.0"
        ]
      },
      "ResponseBody": "{\r\n  \"error\": {\r\n    \"code\": \"ResourceNotFound\",\r\n    \"message\": \"The requested resource of type 'Microsoft.Sql/locations/instanceFailoverGroups' with name 'ps1548' was not found.\"\r\n  }\r\n}",
      "ResponseHeaders": {
        "Content-Length": [
          "163"
        ],
        "Content-Type": [
          "application/json; charset=utf-8"
        ],
        "Expires": [
          "-1"
        ],
        "Pragma": [
          "no-cache"
        ],
        "x-ms-request-id": [
          "62533951-36d4-44f3-a628-eb3eb72549e8"
        ],
        "x-ms-ratelimit-remaining-subscription-reads": [
          "14986"
        ],
        "x-ms-correlation-request-id": [
          "9e6bb1ca-96e9-4632-b461-044dcb1c07a3"
        ],
        "x-ms-routing-request-id": [
          "WESTEUROPE:20180418T183346Z:9e6bb1ca-96e9-4632-b461-044dcb1c07a3"
        ],
        "Strict-Transport-Security": [
          "max-age=31536000; includeSubDomains"
        ],
        "X-Content-Type-Options": [
          "nosniff"
        ],
        "Cache-Control": [
          "no-cache"
        ],
        "Date": [
          "Wed, 18 Apr 2018 18:33:45 GMT"
        ],
        "Server": [
          "Microsoft-HTTPAPI/2.0"
        ]
      },
      "StatusCode": 404
    },
    {
      "RequestUri": "/subscriptions/8cfb8b62-bcd6-4713-89ad-18097f75cc5b/resourceGroups/testclrg/providers/Microsoft.Sql/locations/southeastasia/instanceFailoverGroups/ps1548?api-version=2017-10-01-preview",
      "EncodedRequestUri": "L3N1YnNjcmlwdGlvbnMvOGNmYjhiNjItYmNkNi00NzEzLTg5YWQtMTgwOTdmNzVjYzViL3Jlc291cmNlR3JvdXBzL3Rlc3RjbHJnL3Byb3ZpZGVycy9NaWNyb3NvZnQuU3FsL2xvY2F0aW9ucy9zb3V0aGVhc3Rhc2lhL2luc3RhbmNlRmFpbG92ZXJHcm91cHMvcHMxNTQ4P2FwaS12ZXJzaW9uPTIwMTctMTAtMDEtcHJldmlldw==",
      "RequestMethod": "GET",
      "RequestBody": "",
      "RequestHeaders": {
        "User-Agent": [
          "FxVersion/4.7.2563.0",
          "OSName/WindowsServer2012R2Datacenter",
          "OSVersion/6.3.9600",
          "Microsoft.Azure.Management.Sql.SqlManagementClient/1.15.0.0"
        ]
      },
      "ResponseBody": "{\r\n  \"properties\": {\r\n    \"readWriteEndpoint\": {\r\n      \"failoverPolicy\": \"Automatic\",\r\n      \"failoverWithDataLossGracePeriodMinutes\": 60\r\n    },\r\n    \"readOnlyEndpoint\": {\r\n      \"failoverPolicy\": \"Disabled\"\r\n    },\r\n    \"replicationRole\": \"Primary\",\r\n    \"replicationState\": \"CATCH_UP\",\r\n    \"partnerRegions\": [\r\n      {\r\n        \"location\": \"Southeast Asia\",\r\n        \"replicationRole\": \"Secondary\"\r\n      }\r\n    ],\r\n    \"managedInstancePairs\": [\r\n      {\r\n        \"primaryManagedInstanceId\": \"/subscriptions/8cfb8b62-bcd6-4713-89ad-18097f75cc5b/resourceGroups/testclrg/providers/Microsoft.Sql/managedInstances/tdstage-haimb-dont-delete-3\",\r\n        \"partnerManagedInstanceId\": \"/subscriptions/8cfb8b62-bcd6-4713-89ad-18097f75cc5b/resourceGroups/testclrg/providers/Microsoft.Sql/managedInstances/threat-detection-test-1\"\r\n      }\r\n    ]\r\n  },\r\n  \"id\": \"/subscriptions/8cfb8b62-bcd6-4713-89ad-18097f75cc5b/resourceGroups/testclrg/providers/Microsoft.Sql/locations/Southeast Asia/instanceFailoverGroups/ps1548\",\r\n  \"name\": \"ps1548\",\r\n  \"type\": \"Microsoft.Sql/locations/instanceFailoverGroups\"\r\n}",
      "ResponseHeaders": {
        "Content-Length": [
          "902"
        ],
        "Content-Type": [
          "application/json; charset=utf-8"
        ],
        "Expires": [
          "-1"
        ],
        "Pragma": [
          "no-cache"
        ],
        "x-ms-request-id": [
          "090e1381-479d-4a60-9f13-e96f966f0efa"
        ],
        "x-ms-ratelimit-remaining-subscription-reads": [
          "14983"
        ],
        "x-ms-correlation-request-id": [
          "64558e2b-fe88-4702-a586-b8333f29813d"
        ],
        "x-ms-routing-request-id": [
          "WESTEUROPE:20180418T183410Z:64558e2b-fe88-4702-a586-b8333f29813d"
        ],
        "Strict-Transport-Security": [
          "max-age=31536000; includeSubDomains"
        ],
        "X-Content-Type-Options": [
          "nosniff"
        ],
        "Cache-Control": [
          "no-cache"
        ],
        "Date": [
          "Wed, 18 Apr 2018 18:34:10 GMT"
        ],
        "Server": [
          "Microsoft-HTTPAPI/2.0"
        ]
      },
      "StatusCode": 200
    },
    {
      "RequestUri": "/subscriptions/8cfb8b62-bcd6-4713-89ad-18097f75cc5b/resourceGroups/testclrg/providers/Microsoft.Sql/locations/southeastasia/instanceFailoverGroups/ps1548?api-version=2017-10-01-preview",
      "EncodedRequestUri": "L3N1YnNjcmlwdGlvbnMvOGNmYjhiNjItYmNkNi00NzEzLTg5YWQtMTgwOTdmNzVjYzViL3Jlc291cmNlR3JvdXBzL3Rlc3RjbHJnL3Byb3ZpZGVycy9NaWNyb3NvZnQuU3FsL2xvY2F0aW9ucy9zb3V0aGVhc3Rhc2lhL2luc3RhbmNlRmFpbG92ZXJHcm91cHMvcHMxNTQ4P2FwaS12ZXJzaW9uPTIwMTctMTAtMDEtcHJldmlldw==",
      "RequestMethod": "PUT",
      "RequestBody": "{\r\n  \"properties\": {\r\n    \"readWriteEndpoint\": {\r\n      \"failoverPolicy\": \"Automatic\",\r\n      \"failoverWithDataLossGracePeriodMinutes\": 60\r\n    },\r\n    \"readOnlyEndpoint\": {\r\n      \"failoverPolicy\": \"Disabled\"\r\n    },\r\n    \"partnerRegions\": [\r\n      {\r\n        \"location\": \"southeastasia\"\r\n      }\r\n    ],\r\n    \"managedInstancePairs\": [\r\n      {\r\n        \"primaryManagedInstanceId\": \"/subscriptions/8cfb8b62-bcd6-4713-89ad-18097f75cc5b/resourceGroups/testclrg/providers/Microsoft.Sql/ManagedInstances/tdstage-haimb-dont-delete-3\",\r\n        \"partnerManagedInstanceId\": \"/subscriptions/8cfb8b62-bcd6-4713-89ad-18097f75cc5b/resourceGroups/testclrg/providers/Microsoft.Sql/ManagedInstances/threat-detection-test-1\"\r\n      }\r\n    ]\r\n  }\r\n}",
      "RequestHeaders": {
        "Content-Type": [
          "application/json; charset=utf-8"
        ],
        "Content-Length": [
          "734"
        ],
        "x-ms-client-request-id": [
          "e449eeb8-330e-46fd-b8a8-4c03c12ae0b4"
        ],
        "accept-language": [
          "en-US"
        ],
        "User-Agent": [
          "FxVersion/4.7.2563.0",
          "OSName/WindowsServer2012R2Datacenter",
          "OSVersion/6.3.9600",
          "Microsoft.Azure.Management.Sql.SqlManagementClient/1.15.0.0"
        ]
      },
      "ResponseBody": "{\r\n  \"operation\": \"CreateManagedFailoverGroup\",\r\n  \"startTime\": \"2018-04-18T18:33:48.347Z\"\r\n}",
      "ResponseHeaders": {
        "Content-Length": [
          "81"
        ],
        "Content-Type": [
          "application/json; charset=utf-8"
        ],
        "Expires": [
          "-1"
        ],
        "Pragma": [
          "no-cache"
        ],
        "Retry-After": [
          "10"
        ],
        "Azure-AsyncOperation": [
          "https://api-dogfood.resources.windows-int.net/subscriptions/8cfb8b62-bcd6-4713-89ad-18097f75cc5b/providers/Microsoft.Sql/locations/southeastasia/instanceFailoverGroupAzureAsyncOperation/96e7deb0-3060-4479-8d63-e64ac150de43?api-version=2017-10-01-preview"
        ],
        "x-ms-request-id": [
          "96e7deb0-3060-4479-8d63-e64ac150de43"
        ],
        "x-ms-ratelimit-remaining-subscription-writes": [
          "1199"
        ],
        "x-ms-correlation-request-id": [
          "70f10ddb-e6fc-4f20-b00e-dcc93d4a7097"
        ],
        "x-ms-routing-request-id": [
          "WESTEUROPE:20180418T183349Z:70f10ddb-e6fc-4f20-b00e-dcc93d4a7097"
        ],
        "Strict-Transport-Security": [
          "max-age=31536000; includeSubDomains"
        ],
        "X-Content-Type-Options": [
          "nosniff"
        ],
        "Cache-Control": [
          "no-cache"
        ],
        "Date": [
          "Wed, 18 Apr 2018 18:33:49 GMT"
        ],
        "Location": [
          "https://api-dogfood.resources.windows-int.net/subscriptions/8cfb8b62-bcd6-4713-89ad-18097f75cc5b/providers/Microsoft.Sql/locations/southeastasia/instanceFailoverGroupOperationResults/96e7deb0-3060-4479-8d63-e64ac150de43?api-version=2017-10-01-preview"
        ],
        "Server": [
          "Microsoft-HTTPAPI/2.0"
        ]
      },
      "StatusCode": 202
    },
    {
      "RequestUri": "/subscriptions/8cfb8b62-bcd6-4713-89ad-18097f75cc5b/providers/Microsoft.Sql/locations/southeastasia/instanceFailoverGroupAzureAsyncOperation/96e7deb0-3060-4479-8d63-e64ac150de43?api-version=2017-10-01-preview",
      "EncodedRequestUri": "L3N1YnNjcmlwdGlvbnMvOGNmYjhiNjItYmNkNi00NzEzLTg5YWQtMTgwOTdmNzVjYzViL3Byb3ZpZGVycy9NaWNyb3NvZnQuU3FsL2xvY2F0aW9ucy9zb3V0aGVhc3Rhc2lhL2luc3RhbmNlRmFpbG92ZXJHcm91cEF6dXJlQXN5bmNPcGVyYXRpb24vOTZlN2RlYjAtMzA2MC00NDc5LThkNjMtZTY0YWMxNTBkZTQzP2FwaS12ZXJzaW9uPTIwMTctMTAtMDEtcHJldmlldw==",
      "RequestMethod": "GET",
      "RequestBody": "",
      "RequestHeaders": {
        "User-Agent": [
          "FxVersion/4.7.2563.0",
          "OSName/WindowsServer2012R2Datacenter",
          "OSVersion/6.3.9600",
          "Microsoft.Azure.Management.Sql.SqlManagementClient/1.15.0.0"
        ]
      },
      "ResponseBody": "{\r\n  \"name\": \"96e7deb0-3060-4479-8d63-e64ac150de43\",\r\n  \"status\": \"InProgress\",\r\n  \"startTime\": \"2018-04-18T18:33:48.347Z\"\r\n}",
      "ResponseHeaders": {
        "Content-Length": [
          "108"
        ],
        "Content-Type": [
          "application/json; charset=utf-8"
        ],
        "Expires": [
          "-1"
        ],
        "Pragma": [
          "no-cache"
        ],
        "Retry-After": [
          "10"
        ],
        "x-ms-request-id": [
          "13fa6f6b-915b-42ad-841d-acb6d4ca9664"
        ],
        "x-ms-ratelimit-remaining-subscription-reads": [
          "14985"
        ],
        "x-ms-correlation-request-id": [
          "98f9c0b7-4854-4739-92dc-0a445ea6f2ac"
        ],
        "x-ms-routing-request-id": [
          "WESTEUROPE:20180418T183400Z:98f9c0b7-4854-4739-92dc-0a445ea6f2ac"
        ],
        "Strict-Transport-Security": [
          "max-age=31536000; includeSubDomains"
        ],
        "X-Content-Type-Options": [
          "nosniff"
        ],
        "Cache-Control": [
          "no-cache"
        ],
        "Date": [
          "Wed, 18 Apr 2018 18:33:59 GMT"
        ],
        "Server": [
          "Microsoft-HTTPAPI/2.0"
        ]
      },
      "StatusCode": 200
    },
    {
      "RequestUri": "/subscriptions/8cfb8b62-bcd6-4713-89ad-18097f75cc5b/providers/Microsoft.Sql/locations/southeastasia/instanceFailoverGroupAzureAsyncOperation/96e7deb0-3060-4479-8d63-e64ac150de43?api-version=2017-10-01-preview",
      "EncodedRequestUri": "L3N1YnNjcmlwdGlvbnMvOGNmYjhiNjItYmNkNi00NzEzLTg5YWQtMTgwOTdmNzVjYzViL3Byb3ZpZGVycy9NaWNyb3NvZnQuU3FsL2xvY2F0aW9ucy9zb3V0aGVhc3Rhc2lhL2luc3RhbmNlRmFpbG92ZXJHcm91cEF6dXJlQXN5bmNPcGVyYXRpb24vOTZlN2RlYjAtMzA2MC00NDc5LThkNjMtZTY0YWMxNTBkZTQzP2FwaS12ZXJzaW9uPTIwMTctMTAtMDEtcHJldmlldw==",
      "RequestMethod": "GET",
      "RequestBody": "",
      "RequestHeaders": {
        "User-Agent": [
          "FxVersion/4.7.2563.0",
          "OSName/WindowsServer2012R2Datacenter",
          "OSVersion/6.3.9600",
          "Microsoft.Azure.Management.Sql.SqlManagementClient/1.15.0.0"
        ]
      },
      "ResponseBody": "{\r\n  \"name\": \"96e7deb0-3060-4479-8d63-e64ac150de43\",\r\n  \"status\": \"Succeeded\",\r\n  \"startTime\": \"2018-04-18T18:33:48.347Z\"\r\n}",
      "ResponseHeaders": {
        "Content-Length": [
          "107"
        ],
        "Content-Type": [
          "application/json; charset=utf-8"
        ],
        "Expires": [
          "-1"
        ],
        "Pragma": [
          "no-cache"
        ],
        "Retry-After": [
          "10"
        ],
        "x-ms-request-id": [
          "2ce8bba4-488e-45e0-9488-3d2f193d9c9a"
        ],
        "x-ms-ratelimit-remaining-subscription-reads": [
          "14984"
        ],
        "x-ms-correlation-request-id": [
          "f924ad40-00c2-4df8-83b3-84d27c12d18b"
        ],
        "x-ms-routing-request-id": [
          "WESTEUROPE:20180418T183410Z:f924ad40-00c2-4df8-83b3-84d27c12d18b"
        ],
        "Strict-Transport-Security": [
          "max-age=31536000; includeSubDomains"
        ],
        "X-Content-Type-Options": [
          "nosniff"
        ],
        "Cache-Control": [
          "no-cache"
        ],
        "Date": [
          "Wed, 18 Apr 2018 18:34:09 GMT"
        ],
        "Server": [
          "Microsoft-HTTPAPI/2.0"
        ]
      },
      "StatusCode": 200
    },
    {
      "RequestUri": "/subscriptions/8cfb8b62-bcd6-4713-89ad-18097f75cc5b/resourceGroups/testclrg/providers/Microsoft.Sql/locations/Southeast%20Asia/instanceFailoverGroups/ps1548?api-version=2017-10-01-preview",
      "EncodedRequestUri": "L3N1YnNjcmlwdGlvbnMvOGNmYjhiNjItYmNkNi00NzEzLTg5YWQtMTgwOTdmNzVjYzViL3Jlc291cmNlR3JvdXBzL3Rlc3RjbHJnL3Byb3ZpZGVycy9NaWNyb3NvZnQuU3FsL2xvY2F0aW9ucy9Tb3V0aGVhc3QlMjBBc2lhL2luc3RhbmNlRmFpbG92ZXJHcm91cHMvcHMxNTQ4P2FwaS12ZXJzaW9uPTIwMTctMTAtMDEtcHJldmlldw==",
      "RequestMethod": "GET",
      "RequestBody": "",
      "RequestHeaders": {
        "x-ms-client-request-id": [
          "2d72937a-887f-429a-a01c-44092908a491"
        ],
        "accept-language": [
          "en-US"
        ],
        "User-Agent": [
          "FxVersion/4.7.2563.0",
          "OSName/WindowsServer2012R2Datacenter",
          "OSVersion/6.3.9600",
          "Microsoft.Azure.Management.Sql.SqlManagementClient/1.15.0.0"
        ]
      },
      "ResponseBody": "{\r\n  \"properties\": {\r\n    \"readWriteEndpoint\": {\r\n      \"failoverPolicy\": \"Automatic\",\r\n      \"failoverWithDataLossGracePeriodMinutes\": 60\r\n    },\r\n    \"readOnlyEndpoint\": {\r\n      \"failoverPolicy\": \"Disabled\"\r\n    },\r\n    \"replicationRole\": \"Primary\",\r\n    \"replicationState\": \"CATCH_UP\",\r\n    \"partnerRegions\": [\r\n      {\r\n        \"location\": \"Southeast Asia\",\r\n        \"replicationRole\": \"Secondary\"\r\n      }\r\n    ],\r\n    \"managedInstancePairs\": [\r\n      {\r\n        \"primaryManagedInstanceId\": \"/subscriptions/8cfb8b62-bcd6-4713-89ad-18097f75cc5b/resourceGroups/testclrg/providers/Microsoft.Sql/managedInstances/tdstage-haimb-dont-delete-3\",\r\n        \"partnerManagedInstanceId\": \"/subscriptions/8cfb8b62-bcd6-4713-89ad-18097f75cc5b/resourceGroups/testclrg/providers/Microsoft.Sql/managedInstances/threat-detection-test-1\"\r\n      }\r\n    ]\r\n  },\r\n  \"id\": \"/subscriptions/8cfb8b62-bcd6-4713-89ad-18097f75cc5b/resourceGroups/testclrg/providers/Microsoft.Sql/locations/Southeast Asia/instanceFailoverGroups/ps1548\",\r\n  \"name\": \"ps1548\",\r\n  \"type\": \"Microsoft.Sql/locations/instanceFailoverGroups\"\r\n}",
      "ResponseHeaders": {
        "Content-Length": [
          "902"
        ],
        "Content-Type": [
          "application/json; charset=utf-8"
        ],
        "Expires": [
          "-1"
        ],
        "Pragma": [
          "no-cache"
        ],
        "x-ms-request-id": [
          "991c848f-3c3a-496b-803c-f57d2cb7b86b"
        ],
        "x-ms-ratelimit-remaining-subscription-reads": [
          "14982"
        ],
        "x-ms-correlation-request-id": [
          "66d23747-9a7a-4058-98c2-5faff76996c0"
        ],
        "x-ms-routing-request-id": [
          "WESTEUROPE:20180418T183411Z:66d23747-9a7a-4058-98c2-5faff76996c0"
        ],
        "Strict-Transport-Security": [
          "max-age=31536000; includeSubDomains"
        ],
        "X-Content-Type-Options": [
          "nosniff"
        ],
        "Cache-Control": [
          "no-cache"
        ],
        "Date": [
          "Wed, 18 Apr 2018 18:34:10 GMT"
        ],
        "Server": [
          "Microsoft-HTTPAPI/2.0"
        ]
      },
      "StatusCode": 200
    },
    {
      "RequestUri": "/subscriptions/8cfb8b62-bcd6-4713-89ad-18097f75cc5b/resourceGroups/testclrg/providers/Microsoft.Sql/locations/Southeast%20Asia/instanceFailoverGroups/ps1548?api-version=2017-10-01-preview",
      "EncodedRequestUri": "L3N1YnNjcmlwdGlvbnMvOGNmYjhiNjItYmNkNi00NzEzLTg5YWQtMTgwOTdmNzVjYzViL3Jlc291cmNlR3JvdXBzL3Rlc3RjbHJnL3Byb3ZpZGVycy9NaWNyb3NvZnQuU3FsL2xvY2F0aW9ucy9Tb3V0aGVhc3QlMjBBc2lhL2luc3RhbmNlRmFpbG92ZXJHcm91cHMvcHMxNTQ4P2FwaS12ZXJzaW9uPTIwMTctMTAtMDEtcHJldmlldw==",
      "RequestMethod": "GET",
      "RequestBody": "",
      "RequestHeaders": {
        "User-Agent": [
          "FxVersion/4.7.2563.0",
          "OSName/WindowsServer2012R2Datacenter",
          "OSVersion/6.3.9600",
          "Microsoft.Azure.Management.Sql.SqlManagementClient/1.15.0.0"
        ]
      },
      "ResponseBody": "{\r\n  \"properties\": {\r\n    \"readWriteEndpoint\": {\r\n      \"failoverPolicy\": \"Manual\"\r\n    },\r\n    \"readOnlyEndpoint\": {\r\n      \"failoverPolicy\": \"Disabled\"\r\n    },\r\n    \"replicationRole\": \"Primary\",\r\n    \"replicationState\": \"CATCH_UP\",\r\n    \"partnerRegions\": [\r\n      {\r\n        \"location\": \"Southeast Asia\",\r\n        \"replicationRole\": \"Secondary\"\r\n      }\r\n    ],\r\n    \"managedInstancePairs\": [\r\n      {\r\n        \"primaryManagedInstanceId\": \"/subscriptions/8cfb8b62-bcd6-4713-89ad-18097f75cc5b/resourceGroups/testclrg/providers/Microsoft.Sql/managedInstances/tdstage-haimb-dont-delete-3\",\r\n        \"partnerManagedInstanceId\": \"/subscriptions/8cfb8b62-bcd6-4713-89ad-18097f75cc5b/resourceGroups/testclrg/providers/Microsoft.Sql/managedInstances/threat-detection-test-1\"\r\n      }\r\n    ]\r\n  },\r\n  \"id\": \"/subscriptions/8cfb8b62-bcd6-4713-89ad-18097f75cc5b/resourceGroups/testclrg/providers/Microsoft.Sql/locations/Southeast Asia/instanceFailoverGroups/ps1548\",\r\n  \"name\": \"ps1548\",\r\n  \"type\": \"Microsoft.Sql/locations/instanceFailoverGroups\"\r\n}",
      "ResponseHeaders": {
        "Content-Length": [
          "855"
        ],
        "Content-Type": [
          "application/json; charset=utf-8"
        ],
        "Expires": [
          "-1"
        ],
        "Pragma": [
          "no-cache"
        ],
        "x-ms-request-id": [
          "84ca8ea8-c230-4cda-87c6-06baf208358a"
        ],
        "x-ms-ratelimit-remaining-subscription-reads": [
          "14980"
        ],
        "x-ms-correlation-request-id": [
          "acf8572c-bcb4-432e-97aa-baff5aa76cb5"
        ],
        "x-ms-routing-request-id": [
          "WESTEUROPE:20180418T183424Z:acf8572c-bcb4-432e-97aa-baff5aa76cb5"
        ],
        "Strict-Transport-Security": [
          "max-age=31536000; includeSubDomains"
        ],
        "X-Content-Type-Options": [
          "nosniff"
        ],
        "Cache-Control": [
          "no-cache"
        ],
        "Date": [
          "Wed, 18 Apr 2018 18:34:23 GMT"
        ],
        "Server": [
          "Microsoft-HTTPAPI/2.0"
        ]
      },
      "StatusCode": 200
    },
    {
      "RequestUri": "/subscriptions/8cfb8b62-bcd6-4713-89ad-18097f75cc5b/resourceGroups/testclrg/providers/Microsoft.Sql/locations/Southeast%20Asia/instanceFailoverGroups/ps1548?api-version=2017-10-01-preview",
      "EncodedRequestUri": "L3N1YnNjcmlwdGlvbnMvOGNmYjhiNjItYmNkNi00NzEzLTg5YWQtMTgwOTdmNzVjYzViL3Jlc291cmNlR3JvdXBzL3Rlc3RjbHJnL3Byb3ZpZGVycy9NaWNyb3NvZnQuU3FsL2xvY2F0aW9ucy9Tb3V0aGVhc3QlMjBBc2lhL2luc3RhbmNlRmFpbG92ZXJHcm91cHMvcHMxNTQ4P2FwaS12ZXJzaW9uPTIwMTctMTAtMDEtcHJldmlldw==",
      "RequestMethod": "GET",
      "RequestBody": "",
      "RequestHeaders": {
        "x-ms-client-request-id": [
          "20ab9b09-0382-4c3a-a34d-1a41d24d5d5f"
        ],
        "accept-language": [
          "en-US"
        ],
        "User-Agent": [
          "FxVersion/4.7.2563.0",
          "OSName/WindowsServer2012R2Datacenter",
          "OSVersion/6.3.9600",
          "Microsoft.Azure.Management.Sql.SqlManagementClient/1.15.0.0"
        ]
      },
      "ResponseBody": "{\r\n  \"properties\": {\r\n    \"readWriteEndpoint\": {\r\n      \"failoverPolicy\": \"Manual\"\r\n    },\r\n    \"readOnlyEndpoint\": {\r\n      \"failoverPolicy\": \"Disabled\"\r\n    },\r\n    \"replicationRole\": \"Primary\",\r\n    \"replicationState\": \"CATCH_UP\",\r\n    \"partnerRegions\": [\r\n      {\r\n        \"location\": \"Southeast Asia\",\r\n        \"replicationRole\": \"Secondary\"\r\n      }\r\n    ],\r\n    \"managedInstancePairs\": [\r\n      {\r\n        \"primaryManagedInstanceId\": \"/subscriptions/8cfb8b62-bcd6-4713-89ad-18097f75cc5b/resourceGroups/testclrg/providers/Microsoft.Sql/managedInstances/tdstage-haimb-dont-delete-3\",\r\n        \"partnerManagedInstanceId\": \"/subscriptions/8cfb8b62-bcd6-4713-89ad-18097f75cc5b/resourceGroups/testclrg/providers/Microsoft.Sql/managedInstances/threat-detection-test-1\"\r\n      }\r\n    ]\r\n  },\r\n  \"id\": \"/subscriptions/8cfb8b62-bcd6-4713-89ad-18097f75cc5b/resourceGroups/testclrg/providers/Microsoft.Sql/locations/Southeast Asia/instanceFailoverGroups/ps1548\",\r\n  \"name\": \"ps1548\",\r\n  \"type\": \"Microsoft.Sql/locations/instanceFailoverGroups\"\r\n}",
      "ResponseHeaders": {
        "Content-Length": [
          "855"
        ],
        "Content-Type": [
          "application/json; charset=utf-8"
        ],
        "Expires": [
          "-1"
        ],
        "Pragma": [
          "no-cache"
        ],
        "x-ms-request-id": [
          "aa0cc3ef-1138-4a58-adcb-c45685fc4725"
        ],
        "x-ms-ratelimit-remaining-subscription-reads": [
          "14979"
        ],
        "x-ms-correlation-request-id": [
          "e0a5d334-84b3-4606-ab23-9ee9d47821e4"
        ],
        "x-ms-routing-request-id": [
          "WESTEUROPE:20180418T183424Z:e0a5d334-84b3-4606-ab23-9ee9d47821e4"
        ],
        "Strict-Transport-Security": [
          "max-age=31536000; includeSubDomains"
        ],
        "X-Content-Type-Options": [
          "nosniff"
        ],
        "Cache-Control": [
          "no-cache"
        ],
        "Date": [
          "Wed, 18 Apr 2018 18:34:23 GMT"
        ],
        "Server": [
          "Microsoft-HTTPAPI/2.0"
        ]
      },
      "StatusCode": 200
    },
    {
      "RequestUri": "/subscriptions/8cfb8b62-bcd6-4713-89ad-18097f75cc5b/resourceGroups/testclrg/providers/Microsoft.Sql/locations/Southeast%20Asia/instanceFailoverGroups/ps1548?api-version=2017-10-01-preview",
      "EncodedRequestUri": "L3N1YnNjcmlwdGlvbnMvOGNmYjhiNjItYmNkNi00NzEzLTg5YWQtMTgwOTdmNzVjYzViL3Jlc291cmNlR3JvdXBzL3Rlc3RjbHJnL3Byb3ZpZGVycy9NaWNyb3NvZnQuU3FsL2xvY2F0aW9ucy9Tb3V0aGVhc3QlMjBBc2lhL2luc3RhbmNlRmFpbG92ZXJHcm91cHMvcHMxNTQ4P2FwaS12ZXJzaW9uPTIwMTctMTAtMDEtcHJldmlldw==",
      "RequestMethod": "GET",
      "RequestBody": "",
      "RequestHeaders": {
        "User-Agent": [
          "FxVersion/4.7.2563.0",
          "OSName/WindowsServer2012R2Datacenter",
          "OSVersion/6.3.9600",
          "Microsoft.Azure.Management.Sql.SqlManagementClient/1.15.0.0"
        ]
      },
      "ResponseBody": "{\r\n  \"properties\": {\r\n    \"readWriteEndpoint\": {\r\n      \"failoverPolicy\": \"Automatic\",\r\n      \"failoverWithDataLossGracePeriodMinutes\": 60\r\n    },\r\n    \"readOnlyEndpoint\": {\r\n      \"failoverPolicy\": \"Disabled\"\r\n    },\r\n    \"replicationRole\": \"Primary\",\r\n    \"replicationState\": \"CATCH_UP\",\r\n    \"partnerRegions\": [\r\n      {\r\n        \"location\": \"Southeast Asia\",\r\n        \"replicationRole\": \"Secondary\"\r\n      }\r\n    ],\r\n    \"managedInstancePairs\": [\r\n      {\r\n        \"primaryManagedInstanceId\": \"/subscriptions/8cfb8b62-bcd6-4713-89ad-18097f75cc5b/resourceGroups/testclrg/providers/Microsoft.Sql/managedInstances/tdstage-haimb-dont-delete-3\",\r\n        \"partnerManagedInstanceId\": \"/subscriptions/8cfb8b62-bcd6-4713-89ad-18097f75cc5b/resourceGroups/testclrg/providers/Microsoft.Sql/managedInstances/threat-detection-test-1\"\r\n      }\r\n    ]\r\n  },\r\n  \"id\": \"/subscriptions/8cfb8b62-bcd6-4713-89ad-18097f75cc5b/resourceGroups/testclrg/providers/Microsoft.Sql/locations/Southeast Asia/instanceFailoverGroups/ps1548\",\r\n  \"name\": \"ps1548\",\r\n  \"type\": \"Microsoft.Sql/locations/instanceFailoverGroups\"\r\n}",
      "ResponseHeaders": {
        "Content-Length": [
          "902"
        ],
        "Content-Type": [
          "application/json; charset=utf-8"
        ],
        "Expires": [
          "-1"
        ],
        "Pragma": [
          "no-cache"
        ],
        "x-ms-request-id": [
          "808dc497-30c7-411c-8e5e-f90239e40f79"
        ],
        "x-ms-ratelimit-remaining-subscription-reads": [
          "14977"
        ],
        "x-ms-correlation-request-id": [
          "93b73e40-fefa-4f6f-9252-dae94817efc8"
        ],
        "x-ms-routing-request-id": [
          "WESTEUROPE:20180418T183437Z:93b73e40-fefa-4f6f-9252-dae94817efc8"
        ],
        "Strict-Transport-Security": [
          "max-age=31536000; includeSubDomains"
        ],
        "X-Content-Type-Options": [
          "nosniff"
        ],
        "Cache-Control": [
          "no-cache"
        ],
        "Date": [
          "Wed, 18 Apr 2018 18:34:36 GMT"
        ],
        "Server": [
          "Microsoft-HTTPAPI/2.0"
        ]
      },
      "StatusCode": 200
    },
    {
      "RequestUri": "/subscriptions/8cfb8b62-bcd6-4713-89ad-18097f75cc5b/resourceGroups/testclrg/providers/Microsoft.Sql/locations/Southeast%20Asia/instanceFailoverGroups/ps1548?api-version=2017-10-01-preview",
      "EncodedRequestUri": "L3N1YnNjcmlwdGlvbnMvOGNmYjhiNjItYmNkNi00NzEzLTg5YWQtMTgwOTdmNzVjYzViL3Jlc291cmNlR3JvdXBzL3Rlc3RjbHJnL3Byb3ZpZGVycy9NaWNyb3NvZnQuU3FsL2xvY2F0aW9ucy9Tb3V0aGVhc3QlMjBBc2lhL2luc3RhbmNlRmFpbG92ZXJHcm91cHMvcHMxNTQ4P2FwaS12ZXJzaW9uPTIwMTctMTAtMDEtcHJldmlldw==",
      "RequestMethod": "GET",
      "RequestBody": "",
      "RequestHeaders": {
        "x-ms-client-request-id": [
          "cb7e5a83-ef22-4479-90c7-de12b11641af"
        ],
        "accept-language": [
          "en-US"
        ],
        "User-Agent": [
          "FxVersion/4.7.2563.0",
          "OSName/WindowsServer2012R2Datacenter",
          "OSVersion/6.3.9600",
          "Microsoft.Azure.Management.Sql.SqlManagementClient/1.15.0.0"
        ]
      },
      "ResponseBody": "{\r\n  \"properties\": {\r\n    \"readWriteEndpoint\": {\r\n      \"failoverPolicy\": \"Automatic\",\r\n      \"failoverWithDataLossGracePeriodMinutes\": 60\r\n    },\r\n    \"readOnlyEndpoint\": {\r\n      \"failoverPolicy\": \"Disabled\"\r\n    },\r\n    \"replicationRole\": \"Primary\",\r\n    \"replicationState\": \"CATCH_UP\",\r\n    \"partnerRegions\": [\r\n      {\r\n        \"location\": \"Southeast Asia\",\r\n        \"replicationRole\": \"Secondary\"\r\n      }\r\n    ],\r\n    \"managedInstancePairs\": [\r\n      {\r\n        \"primaryManagedInstanceId\": \"/subscriptions/8cfb8b62-bcd6-4713-89ad-18097f75cc5b/resourceGroups/testclrg/providers/Microsoft.Sql/managedInstances/tdstage-haimb-dont-delete-3\",\r\n        \"partnerManagedInstanceId\": \"/subscriptions/8cfb8b62-bcd6-4713-89ad-18097f75cc5b/resourceGroups/testclrg/providers/Microsoft.Sql/managedInstances/threat-detection-test-1\"\r\n      }\r\n    ]\r\n  },\r\n  \"id\": \"/subscriptions/8cfb8b62-bcd6-4713-89ad-18097f75cc5b/resourceGroups/testclrg/providers/Microsoft.Sql/locations/Southeast Asia/instanceFailoverGroups/ps1548\",\r\n  \"name\": \"ps1548\",\r\n  \"type\": \"Microsoft.Sql/locations/instanceFailoverGroups\"\r\n}",
      "ResponseHeaders": {
        "Content-Length": [
          "902"
        ],
        "Content-Type": [
          "application/json; charset=utf-8"
        ],
        "Expires": [
          "-1"
        ],
        "Pragma": [
          "no-cache"
        ],
        "x-ms-request-id": [
          "a864051f-3270-4c02-90c9-a27f88105995"
        ],
        "x-ms-ratelimit-remaining-subscription-reads": [
          "14976"
        ],
        "x-ms-correlation-request-id": [
          "ce4a7880-db66-4cf1-9bf8-3f43059e0d0e"
        ],
        "x-ms-routing-request-id": [
          "WESTEUROPE:20180418T183437Z:ce4a7880-db66-4cf1-9bf8-3f43059e0d0e"
        ],
        "Strict-Transport-Security": [
          "max-age=31536000; includeSubDomains"
        ],
        "X-Content-Type-Options": [
          "nosniff"
        ],
        "Cache-Control": [
          "no-cache"
        ],
        "Date": [
          "Wed, 18 Apr 2018 18:34:36 GMT"
        ],
        "Server": [
          "Microsoft-HTTPAPI/2.0"
        ]
      },
      "StatusCode": 200
    },
    {
      "RequestUri": "/subscriptions/8cfb8b62-bcd6-4713-89ad-18097f75cc5b/resourceGroups/testclrg/providers/Microsoft.Sql/locations/Southeast%20Asia/instanceFailoverGroups/ps1548?api-version=2017-10-01-preview",
      "EncodedRequestUri": "L3N1YnNjcmlwdGlvbnMvOGNmYjhiNjItYmNkNi00NzEzLTg5YWQtMTgwOTdmNzVjYzViL3Jlc291cmNlR3JvdXBzL3Rlc3RjbHJnL3Byb3ZpZGVycy9NaWNyb3NvZnQuU3FsL2xvY2F0aW9ucy9Tb3V0aGVhc3QlMjBBc2lhL2luc3RhbmNlRmFpbG92ZXJHcm91cHMvcHMxNTQ4P2FwaS12ZXJzaW9uPTIwMTctMTAtMDEtcHJldmlldw==",
      "RequestMethod": "GET",
      "RequestBody": "",
      "RequestHeaders": {
        "x-ms-client-request-id": [
          "67097cc0-94f0-4ef8-8b6c-d4f4a6a15f34"
        ],
        "accept-language": [
          "en-US"
        ],
        "User-Agent": [
          "FxVersion/4.7.2563.0",
          "OSName/WindowsServer2012R2Datacenter",
          "OSVersion/6.3.9600",
          "Microsoft.Azure.Management.Sql.SqlManagementClient/1.15.0.0"
        ]
      },
      "ResponseBody": "{\r\n  \"properties\": {\r\n    \"readWriteEndpoint\": {\r\n      \"failoverPolicy\": \"Automatic\",\r\n      \"failoverWithDataLossGracePeriodMinutes\": 60\r\n    },\r\n    \"readOnlyEndpoint\": {\r\n      \"failoverPolicy\": \"Disabled\"\r\n    },\r\n    \"replicationRole\": \"Primary\",\r\n    \"replicationState\": \"CATCH_UP\",\r\n    \"partnerRegions\": [\r\n      {\r\n        \"location\": \"Southeast Asia\",\r\n        \"replicationRole\": \"Secondary\"\r\n      }\r\n    ],\r\n    \"managedInstancePairs\": [\r\n      {\r\n        \"primaryManagedInstanceId\": \"/subscriptions/8cfb8b62-bcd6-4713-89ad-18097f75cc5b/resourceGroups/testclrg/providers/Microsoft.Sql/managedInstances/tdstage-haimb-dont-delete-3\",\r\n        \"partnerManagedInstanceId\": \"/subscriptions/8cfb8b62-bcd6-4713-89ad-18097f75cc5b/resourceGroups/testclrg/providers/Microsoft.Sql/managedInstances/threat-detection-test-1\"\r\n      }\r\n    ]\r\n  },\r\n  \"id\": \"/subscriptions/8cfb8b62-bcd6-4713-89ad-18097f75cc5b/resourceGroups/testclrg/providers/Microsoft.Sql/locations/Southeast Asia/instanceFailoverGroups/ps1548\",\r\n  \"name\": \"ps1548\",\r\n  \"type\": \"Microsoft.Sql/locations/instanceFailoverGroups\"\r\n}",
      "ResponseHeaders": {
        "Content-Length": [
          "902"
        ],
        "Content-Type": [
          "application/json; charset=utf-8"
        ],
        "Expires": [
          "-1"
        ],
        "Pragma": [
          "no-cache"
        ],
        "x-ms-request-id": [
          "6e524eff-87bf-44b3-96b6-1e1631b996dc"
        ],
        "x-ms-ratelimit-remaining-subscription-reads": [
          "14975"
        ],
        "x-ms-correlation-request-id": [
          "a8b5d151-cbfb-4ed0-87ed-620dc191a007"
        ],
        "x-ms-routing-request-id": [
          "WESTEUROPE:20180418T183437Z:a8b5d151-cbfb-4ed0-87ed-620dc191a007"
        ],
        "Strict-Transport-Security": [
          "max-age=31536000; includeSubDomains"
        ],
        "X-Content-Type-Options": [
          "nosniff"
        ],
        "Cache-Control": [
          "no-cache"
        ],
        "Date": [
          "Wed, 18 Apr 2018 18:34:37 GMT"
        ],
        "Server": [
          "Microsoft-HTTPAPI/2.0"
        ]
      },
      "StatusCode": 200
    },
    {
      "RequestUri": "/subscriptions/8cfb8b62-bcd6-4713-89ad-18097f75cc5b/resourceGroups/testclrg/providers/Microsoft.Sql/locations/Southeast%20Asia/instanceFailoverGroups/ps1548?api-version=2017-10-01-preview",
      "EncodedRequestUri": "L3N1YnNjcmlwdGlvbnMvOGNmYjhiNjItYmNkNi00NzEzLTg5YWQtMTgwOTdmNzVjYzViL3Jlc291cmNlR3JvdXBzL3Rlc3RjbHJnL3Byb3ZpZGVycy9NaWNyb3NvZnQuU3FsL2xvY2F0aW9ucy9Tb3V0aGVhc3QlMjBBc2lhL2luc3RhbmNlRmFpbG92ZXJHcm91cHMvcHMxNTQ4P2FwaS12ZXJzaW9uPTIwMTctMTAtMDEtcHJldmlldw==",
      "RequestMethod": "PUT",
      "RequestBody": "{\r\n  \"properties\": {\r\n    \"readWriteEndpoint\": {\r\n      \"failoverPolicy\": \"Manual\"\r\n    },\r\n    \"readOnlyEndpoint\": {\r\n      \"failoverPolicy\": \"Disabled\"\r\n    },\r\n    \"partnerRegions\": [\r\n      {\r\n        \"location\": \"Southeast Asia\"\r\n      }\r\n    ],\r\n    \"managedInstancePairs\": [\r\n      {\r\n        \"primaryManagedInstanceId\": \"/subscriptions/8cfb8b62-bcd6-4713-89ad-18097f75cc5b/resourceGroups/testclrg/providers/Microsoft.Sql/ManagedInstances/tdstage-haimb-dont-delete-3\",\r\n        \"partnerManagedInstanceId\": \"/subscriptions/8cfb8b62-bcd6-4713-89ad-18097f75cc5b/resourceGroups/testclrg/providers/Microsoft.Sql/ManagedInstances/threat-detection-test-1\"\r\n      }\r\n    ]\r\n  }\r\n}",
      "RequestHeaders": {
        "Content-Type": [
          "application/json; charset=utf-8"
        ],
        "Content-Length": [
          "679"
        ],
        "x-ms-client-request-id": [
          "1e2d03ae-724f-4959-93ea-9b9940db456a"
        ],
        "accept-language": [
          "en-US"
        ],
        "User-Agent": [
          "FxVersion/4.7.2563.0",
          "OSName/WindowsServer2012R2Datacenter",
          "OSVersion/6.3.9600",
          "Microsoft.Azure.Management.Sql.SqlManagementClient/1.15.0.0"
        ]
      },
      "ResponseBody": "{\r\n  \"operation\": \"UpdateManagedFailoverGroup\",\r\n  \"startTime\": \"2018-04-18T18:34:12.13Z\"\r\n}",
      "ResponseHeaders": {
        "Content-Length": [
          "80"
        ],
        "Content-Type": [
          "application/json; charset=utf-8"
        ],
        "Expires": [
          "-1"
        ],
        "Pragma": [
          "no-cache"
        ],
        "Retry-After": [
          "10"
        ],
        "Azure-AsyncOperation": [
          "https://api-dogfood.resources.windows-int.net/subscriptions/8cfb8b62-bcd6-4713-89ad-18097f75cc5b/providers/Microsoft.Sql/locations/southeastasia/instanceFailoverGroupAzureAsyncOperation/53abe720-69c8-4189-9bf2-a2775c0c58c8?api-version=2017-10-01-preview"
        ],
        "x-ms-request-id": [
          "53abe720-69c8-4189-9bf2-a2775c0c58c8"
        ],
        "x-ms-ratelimit-remaining-subscription-writes": [
          "1198"
        ],
        "x-ms-correlation-request-id": [
          "efcd7aaa-63dd-4f90-8e50-946e479b5431"
        ],
        "x-ms-routing-request-id": [
          "WESTEUROPE:20180418T183413Z:efcd7aaa-63dd-4f90-8e50-946e479b5431"
        ],
        "Strict-Transport-Security": [
          "max-age=31536000; includeSubDomains"
        ],
        "X-Content-Type-Options": [
          "nosniff"
        ],
        "Cache-Control": [
          "no-cache"
        ],
        "Date": [
          "Wed, 18 Apr 2018 18:34:12 GMT"
        ],
        "Location": [
          "https://api-dogfood.resources.windows-int.net/subscriptions/8cfb8b62-bcd6-4713-89ad-18097f75cc5b/providers/Microsoft.Sql/locations/southeastasia/instanceFailoverGroupOperationResults/53abe720-69c8-4189-9bf2-a2775c0c58c8?api-version=2017-10-01-preview"
        ],
        "Server": [
          "Microsoft-HTTPAPI/2.0"
        ]
      },
      "StatusCode": 202
    },
    {
      "RequestUri": "/subscriptions/8cfb8b62-bcd6-4713-89ad-18097f75cc5b/resourceGroups/testclrg/providers/Microsoft.Sql/locations/Southeast%20Asia/instanceFailoverGroups/ps1548?api-version=2017-10-01-preview",
      "EncodedRequestUri": "L3N1YnNjcmlwdGlvbnMvOGNmYjhiNjItYmNkNi00NzEzLTg5YWQtMTgwOTdmNzVjYzViL3Jlc291cmNlR3JvdXBzL3Rlc3RjbHJnL3Byb3ZpZGVycy9NaWNyb3NvZnQuU3FsL2xvY2F0aW9ucy9Tb3V0aGVhc3QlMjBBc2lhL2luc3RhbmNlRmFpbG92ZXJHcm91cHMvcHMxNTQ4P2FwaS12ZXJzaW9uPTIwMTctMTAtMDEtcHJldmlldw==",
      "RequestMethod": "PUT",
      "RequestBody": "{\r\n  \"properties\": {\r\n    \"readWriteEndpoint\": {\r\n      \"failoverPolicy\": \"Automatic\",\r\n      \"failoverWithDataLossGracePeriodMinutes\": 60\r\n    },\r\n    \"readOnlyEndpoint\": {\r\n      \"failoverPolicy\": \"Disabled\"\r\n    },\r\n    \"partnerRegions\": [\r\n      {\r\n        \"location\": \"Southeast Asia\"\r\n      }\r\n    ],\r\n    \"managedInstancePairs\": [\r\n      {\r\n        \"primaryManagedInstanceId\": \"/subscriptions/8cfb8b62-bcd6-4713-89ad-18097f75cc5b/resourceGroups/testclrg/providers/Microsoft.Sql/ManagedInstances/tdstage-haimb-dont-delete-3\",\r\n        \"partnerManagedInstanceId\": \"/subscriptions/8cfb8b62-bcd6-4713-89ad-18097f75cc5b/resourceGroups/testclrg/providers/Microsoft.Sql/ManagedInstances/threat-detection-test-1\"\r\n      }\r\n    ]\r\n  }\r\n}",
      "RequestHeaders": {
        "Content-Type": [
          "application/json; charset=utf-8"
        ],
        "Content-Length": [
          "735"
        ],
        "x-ms-client-request-id": [
          "ee8900b2-d59f-46a9-91b9-53c1981615d3"
        ],
        "accept-language": [
          "en-US"
        ],
        "User-Agent": [
          "FxVersion/4.7.2563.0",
          "OSName/WindowsServer2012R2Datacenter",
          "OSVersion/6.3.9600",
          "Microsoft.Azure.Management.Sql.SqlManagementClient/1.15.0.0"
        ]
      },
      "ResponseBody": "{\r\n  \"operation\": \"UpdateManagedFailoverGroup\",\r\n  \"startTime\": \"2018-04-18T18:34:25.24Z\"\r\n}",
      "ResponseHeaders": {
        "Content-Length": [
          "80"
        ],
        "Content-Type": [
          "application/json; charset=utf-8"
        ],
        "Expires": [
          "-1"
        ],
        "Pragma": [
          "no-cache"
        ],
        "Retry-After": [
          "10"
        ],
        "Azure-AsyncOperation": [
          "https://api-dogfood.resources.windows-int.net/subscriptions/8cfb8b62-bcd6-4713-89ad-18097f75cc5b/providers/Microsoft.Sql/locations/southeastasia/instanceFailoverGroupAzureAsyncOperation/9c6fb353-ba48-4d97-9b9a-489d50fae879?api-version=2017-10-01-preview"
        ],
        "x-ms-request-id": [
          "9c6fb353-ba48-4d97-9b9a-489d50fae879"
        ],
        "x-ms-ratelimit-remaining-subscription-writes": [
          "1197"
        ],
        "x-ms-correlation-request-id": [
          "15951af7-8bbf-4d0e-919f-aad6c5cf452a"
        ],
        "x-ms-routing-request-id": [
          "WESTEUROPE:20180418T183426Z:15951af7-8bbf-4d0e-919f-aad6c5cf452a"
        ],
        "Strict-Transport-Security": [
          "max-age=31536000; includeSubDomains"
        ],
        "X-Content-Type-Options": [
          "nosniff"
        ],
        "Cache-Control": [
          "no-cache"
        ],
        "Date": [
          "Wed, 18 Apr 2018 18:34:25 GMT"
        ],
        "Location": [
          "https://api-dogfood.resources.windows-int.net/subscriptions/8cfb8b62-bcd6-4713-89ad-18097f75cc5b/providers/Microsoft.Sql/locations/southeastasia/instanceFailoverGroupOperationResults/9c6fb353-ba48-4d97-9b9a-489d50fae879?api-version=2017-10-01-preview"
        ],
        "Server": [
          "Microsoft-HTTPAPI/2.0"
        ]
      },
      "StatusCode": 202
    },
    {
      "RequestUri": "/subscriptions/8cfb8b62-bcd6-4713-89ad-18097f75cc5b/providers/Microsoft.Sql/locations/southeastasia/instanceFailoverGroupAzureAsyncOperation/53abe720-69c8-4189-9bf2-a2775c0c58c8?api-version=2017-10-01-preview",
      "EncodedRequestUri": "L3N1YnNjcmlwdGlvbnMvOGNmYjhiNjItYmNkNi00NzEzLTg5YWQtMTgwOTdmNzVjYzViL3Byb3ZpZGVycy9NaWNyb3NvZnQuU3FsL2xvY2F0aW9ucy9zb3V0aGVhc3Rhc2lhL2luc3RhbmNlRmFpbG92ZXJHcm91cEF6dXJlQXN5bmNPcGVyYXRpb24vNTNhYmU3MjAtNjljOC00MTg5LTliZjItYTI3NzVjMGM1OGM4P2FwaS12ZXJzaW9uPTIwMTctMTAtMDEtcHJldmlldw==",
      "RequestMethod": "GET",
      "RequestBody": "",
      "RequestHeaders": {
        "User-Agent": [
          "FxVersion/4.7.2563.0",
          "OSName/WindowsServer2012R2Datacenter",
          "OSVersion/6.3.9600",
          "Microsoft.Azure.Management.Sql.SqlManagementClient/1.15.0.0"
        ]
      },
      "ResponseBody": "{\r\n  \"name\": \"53abe720-69c8-4189-9bf2-a2775c0c58c8\",\r\n  \"status\": \"Succeeded\",\r\n  \"startTime\": \"2018-04-18T18:34:12.13Z\"\r\n}",
      "ResponseHeaders": {
        "Content-Length": [
          "106"
        ],
        "Content-Type": [
          "application/json; charset=utf-8"
        ],
        "Expires": [
          "-1"
        ],
        "Pragma": [
          "no-cache"
        ],
        "Retry-After": [
          "10"
        ],
        "x-ms-request-id": [
          "911d34b1-d665-480c-b2e5-f2cc0793d708"
        ],
        "x-ms-ratelimit-remaining-subscription-reads": [
          "14981"
        ],
        "x-ms-correlation-request-id": [
          "7913e736-d798-4bb9-a536-c7e5473c9249"
        ],
        "x-ms-routing-request-id": [
          "WESTEUROPE:20180418T183423Z:7913e736-d798-4bb9-a536-c7e5473c9249"
        ],
        "Strict-Transport-Security": [
          "max-age=31536000; includeSubDomains"
        ],
        "X-Content-Type-Options": [
          "nosniff"
        ],
        "Cache-Control": [
          "no-cache"
        ],
        "Date": [
          "Wed, 18 Apr 2018 18:34:23 GMT"
        ],
        "Server": [
          "Microsoft-HTTPAPI/2.0"
        ]
      },
      "StatusCode": 200
    },
    {
      "RequestUri": "/subscriptions/8cfb8b62-bcd6-4713-89ad-18097f75cc5b/providers/Microsoft.Sql/locations/southeastasia/instanceFailoverGroupAzureAsyncOperation/9c6fb353-ba48-4d97-9b9a-489d50fae879?api-version=2017-10-01-preview",
      "EncodedRequestUri": "L3N1YnNjcmlwdGlvbnMvOGNmYjhiNjItYmNkNi00NzEzLTg5YWQtMTgwOTdmNzVjYzViL3Byb3ZpZGVycy9NaWNyb3NvZnQuU3FsL2xvY2F0aW9ucy9zb3V0aGVhc3Rhc2lhL2luc3RhbmNlRmFpbG92ZXJHcm91cEF6dXJlQXN5bmNPcGVyYXRpb24vOWM2ZmIzNTMtYmE0OC00ZDk3LTliOWEtNDg5ZDUwZmFlODc5P2FwaS12ZXJzaW9uPTIwMTctMTAtMDEtcHJldmlldw==",
      "RequestMethod": "GET",
      "RequestBody": "",
      "RequestHeaders": {
        "User-Agent": [
          "FxVersion/4.7.2563.0",
          "OSName/WindowsServer2012R2Datacenter",
          "OSVersion/6.3.9600",
          "Microsoft.Azure.Management.Sql.SqlManagementClient/1.15.0.0"
        ]
      },
      "ResponseBody": "{\r\n  \"name\": \"9c6fb353-ba48-4d97-9b9a-489d50fae879\",\r\n  \"status\": \"Succeeded\",\r\n  \"startTime\": \"2018-04-18T18:34:25.24Z\"\r\n}",
      "ResponseHeaders": {
        "Content-Length": [
          "106"
        ],
        "Content-Type": [
          "application/json; charset=utf-8"
        ],
        "Expires": [
          "-1"
        ],
        "Pragma": [
          "no-cache"
        ],
        "Retry-After": [
          "10"
        ],
        "x-ms-request-id": [
          "8a25ed97-890c-48ff-9f41-3fa09327f914"
        ],
        "x-ms-ratelimit-remaining-subscription-reads": [
          "14978"
        ],
        "x-ms-correlation-request-id": [
          "e00a1a82-6086-4f7f-be4c-e6c19c92448b"
        ],
        "x-ms-routing-request-id": [
          "WESTEUROPE:20180418T183436Z:e00a1a82-6086-4f7f-be4c-e6c19c92448b"
        ],
        "Strict-Transport-Security": [
          "max-age=31536000; includeSubDomains"
        ],
        "X-Content-Type-Options": [
          "nosniff"
        ],
        "Cache-Control": [
          "no-cache"
        ],
        "Date": [
          "Wed, 18 Apr 2018 18:34:35 GMT"
        ],
        "Server": [
          "Microsoft-HTTPAPI/2.0"
        ]
      },
      "StatusCode": 200
    },
    {
      "RequestUri": "/subscriptions/8cfb8b62-bcd6-4713-89ad-18097f75cc5b/resourceGroups/testclrg/providers/Microsoft.Sql/locations/Southeast%20Asia/instanceFailoverGroups/ps1548?api-version=2017-10-01-preview",
      "EncodedRequestUri": "L3N1YnNjcmlwdGlvbnMvOGNmYjhiNjItYmNkNi00NzEzLTg5YWQtMTgwOTdmNzVjYzViL3Jlc291cmNlR3JvdXBzL3Rlc3RjbHJnL3Byb3ZpZGVycy9NaWNyb3NvZnQuU3FsL2xvY2F0aW9ucy9Tb3V0aGVhc3QlMjBBc2lhL2luc3RhbmNlRmFpbG92ZXJHcm91cHMvcHMxNTQ4P2FwaS12ZXJzaW9uPTIwMTctMTAtMDEtcHJldmlldw==",
      "RequestMethod": "DELETE",
      "RequestBody": "",
      "RequestHeaders": {
        "x-ms-client-request-id": [
          "8300e533-af69-4b8f-8e64-20ed7f39d1f4"
        ],
        "accept-language": [
          "en-US"
        ],
        "User-Agent": [
          "FxVersion/4.7.2563.0",
          "OSName/WindowsServer2012R2Datacenter",
          "OSVersion/6.3.9600",
          "Microsoft.Azure.Management.Sql.SqlManagementClient/1.15.0.0"
        ]
      },
      "ResponseBody": "{\r\n  \"operation\": \"DropManagedFailoverGroup\",\r\n  \"startTime\": \"2018-04-18T18:34:38.427Z\"\r\n}",
      "ResponseHeaders": {
        "Content-Length": [
          "79"
        ],
        "Content-Type": [
          "application/json; charset=utf-8"
        ],
        "Expires": [
          "-1"
        ],
        "Pragma": [
          "no-cache"
        ],
        "Retry-After": [
          "10"
        ],
        "Azure-AsyncOperation": [
          "https://api-dogfood.resources.windows-int.net/subscriptions/8cfb8b62-bcd6-4713-89ad-18097f75cc5b/providers/Microsoft.Sql/locations/southeastasia/instanceFailoverGroupAzureAsyncOperation/a72febed-93c3-476e-88db-31be617300f7?api-version=2017-10-01-preview"
        ],
        "x-ms-request-id": [
          "a72febed-93c3-476e-88db-31be617300f7"
        ],
        "x-ms-ratelimit-remaining-subscription-writes": [
          "1196"
        ],
        "x-ms-correlation-request-id": [
          "37097f23-aa08-4ebd-a089-797c62bf61e5"
        ],
        "x-ms-routing-request-id": [
          "WESTEUROPE:20180418T183439Z:37097f23-aa08-4ebd-a089-797c62bf61e5"
        ],
        "Strict-Transport-Security": [
          "max-age=31536000; includeSubDomains"
        ],
        "X-Content-Type-Options": [
          "nosniff"
        ],
        "Cache-Control": [
          "no-cache"
        ],
        "Date": [
          "Wed, 18 Apr 2018 18:34:39 GMT"
        ],
        "Location": [
          "https://api-dogfood.resources.windows-int.net/subscriptions/8cfb8b62-bcd6-4713-89ad-18097f75cc5b/providers/Microsoft.Sql/locations/southeastasia/instanceFailoverGroupOperationResults/a72febed-93c3-476e-88db-31be617300f7?api-version=2017-10-01-preview"
        ],
        "Server": [
          "Microsoft-HTTPAPI/2.0"
        ]
      },
      "StatusCode": 202
    },
    {
      "RequestUri": "/subscriptions/8cfb8b62-bcd6-4713-89ad-18097f75cc5b/providers/Microsoft.Sql/locations/southeastasia/instanceFailoverGroupAzureAsyncOperation/a72febed-93c3-476e-88db-31be617300f7?api-version=2017-10-01-preview",
      "EncodedRequestUri": "L3N1YnNjcmlwdGlvbnMvOGNmYjhiNjItYmNkNi00NzEzLTg5YWQtMTgwOTdmNzVjYzViL3Byb3ZpZGVycy9NaWNyb3NvZnQuU3FsL2xvY2F0aW9ucy9zb3V0aGVhc3Rhc2lhL2luc3RhbmNlRmFpbG92ZXJHcm91cEF6dXJlQXN5bmNPcGVyYXRpb24vYTcyZmViZWQtOTNjMy00NzZlLTg4ZGItMzFiZTYxNzMwMGY3P2FwaS12ZXJzaW9uPTIwMTctMTAtMDEtcHJldmlldw==",
      "RequestMethod": "GET",
      "RequestBody": "",
      "RequestHeaders": {
        "User-Agent": [
          "FxVersion/4.7.2563.0",
          "OSName/WindowsServer2012R2Datacenter",
          "OSVersion/6.3.9600",
          "Microsoft.Azure.Management.Sql.SqlManagementClient/1.15.0.0"
        ]
      },
      "ResponseBody": "{\r\n  \"name\": \"a72febed-93c3-476e-88db-31be617300f7\",\r\n  \"status\": \"Succeeded\",\r\n  \"startTime\": \"2018-04-18T18:34:38.427Z\"\r\n}",
      "ResponseHeaders": {
        "Content-Length": [
          "107"
        ],
        "Content-Type": [
          "application/json; charset=utf-8"
        ],
        "Expires": [
          "-1"
        ],
        "Pragma": [
          "no-cache"
        ],
        "Retry-After": [
          "10"
        ],
        "x-ms-request-id": [
          "9e8b8b60-ed0b-4373-bf81-7d195820d876"
        ],
        "x-ms-ratelimit-remaining-subscription-reads": [
          "14974"
        ],
        "x-ms-correlation-request-id": [
          "8210ff1a-0ce1-4dc9-b867-5962bc2ce30e"
        ],
        "x-ms-routing-request-id": [
          "WESTEUROPE:20180418T183450Z:8210ff1a-0ce1-4dc9-b867-5962bc2ce30e"
        ],
        "Strict-Transport-Security": [
          "max-age=31536000; includeSubDomains"
        ],
        "X-Content-Type-Options": [
          "nosniff"
        ],
        "Cache-Control": [
          "no-cache"
        ],
        "Date": [
          "Wed, 18 Apr 2018 18:34:49 GMT"
        ],
        "Server": [
          "Microsoft-HTTPAPI/2.0"
        ]
      },
      "StatusCode": 200
    },
    {
      "RequestUri": "/subscriptions/8cfb8b62-bcd6-4713-89ad-18097f75cc5b/providers/Microsoft.Sql/locations/southeastasia/instanceFailoverGroupOperationResults/a72febed-93c3-476e-88db-31be617300f7?api-version=2017-10-01-preview",
      "EncodedRequestUri": "L3N1YnNjcmlwdGlvbnMvOGNmYjhiNjItYmNkNi00NzEzLTg5YWQtMTgwOTdmNzVjYzViL3Byb3ZpZGVycy9NaWNyb3NvZnQuU3FsL2xvY2F0aW9ucy9zb3V0aGVhc3Rhc2lhL2luc3RhbmNlRmFpbG92ZXJHcm91cE9wZXJhdGlvblJlc3VsdHMvYTcyZmViZWQtOTNjMy00NzZlLTg4ZGItMzFiZTYxNzMwMGY3P2FwaS12ZXJzaW9uPTIwMTctMTAtMDEtcHJldmlldw==",
      "RequestMethod": "GET",
      "RequestBody": "",
      "RequestHeaders": {
        "User-Agent": [
          "FxVersion/4.7.2563.0",
          "OSName/WindowsServer2012R2Datacenter",
          "OSVersion/6.3.9600",
          "Microsoft.Azure.Management.Sql.SqlManagementClient/1.15.0.0"
        ]
      },
      "ResponseBody": "",
      "ResponseHeaders": {
        "Content-Length": [
          "0"
        ],
        "Expires": [
          "-1"
        ],
        "Pragma": [
          "no-cache"
        ],
        "x-ms-request-id": [
          "f9b7ef69-d4e6-4b0b-9c8b-69137fcbeca0"
        ],
        "x-ms-ratelimit-remaining-subscription-reads": [
          "14973"
        ],
        "x-ms-correlation-request-id": [
          "542dba7e-ae16-4e58-84aa-059623024eff"
        ],
        "x-ms-routing-request-id": [
          "WESTEUROPE:20180418T183450Z:542dba7e-ae16-4e58-84aa-059623024eff"
        ],
        "Strict-Transport-Security": [
          "max-age=31536000; includeSubDomains"
        ],
        "X-Content-Type-Options": [
          "nosniff"
        ],
        "Cache-Control": [
          "no-cache"
        ],
        "Date": [
          "Wed, 18 Apr 2018 18:34:49 GMT"
        ],
        "Server": [
          "Microsoft-HTTPAPI/2.0"
        ]
      },
      "StatusCode": 200
    }
  ],
  "Names": {
    "Test-SetInstanceFailoverGroup-ManualToAutomaticNoGracePeriod": [
      "ps1548"
    ]
  },
  "Variables": {
    "SubscriptionId": "8cfb8b62-bcd6-4713-89ad-18097f75cc5b",
    "User": null,
    "TenantId": null
  }
}