{
  "Entries": [
    {
      "RequestUri": "/subscriptions/8cfb8b62-bcd6-4713-89ad-18097f75cc5b/resourceGroups/testclrg/providers/Microsoft.Sql/locations/southeastasia/instanceFailoverGroups/ps9632?api-version=2017-10-01-preview",
      "EncodedRequestUri": "L3N1YnNjcmlwdGlvbnMvOGNmYjhiNjItYmNkNi00NzEzLTg5YWQtMTgwOTdmNzVjYzViL3Jlc291cmNlR3JvdXBzL3Rlc3RjbHJnL3Byb3ZpZGVycy9NaWNyb3NvZnQuU3FsL2xvY2F0aW9ucy9zb3V0aGVhc3Rhc2lhL2luc3RhbmNlRmFpbG92ZXJHcm91cHMvcHM5NjMyP2FwaS12ZXJzaW9uPTIwMTctMTAtMDEtcHJldmlldw==",
      "RequestMethod": "GET",
      "RequestBody": "",
      "RequestHeaders": {
        "x-ms-client-request-id": [
          "8f92b79b-5482-4982-9f5e-79e68a853ac0"
        ],
        "accept-language": [
          "en-US"
        ],
        "User-Agent": [
          "FxVersion/4.7.2563.0",
          "OSName/WindowsServer2012R2Datacenter",
          "OSVersion/6.3.9600",
          "Microsoft.Azure.Management.Sql.SqlManagementClient/1.15.0.0"
        ]
      },
      "ResponseBody": "{\r\n  \"error\": {\r\n    \"code\": \"ResourceNotFound\",\r\n    \"message\": \"The requested resource of type 'Microsoft.Sql/locations/instanceFailoverGroups' with name 'ps9632' was not found.\"\r\n  }\r\n}",
      "ResponseHeaders": {
        "Content-Length": [
          "163"
        ],
        "Content-Type": [
          "application/json; charset=utf-8"
        ],
        "Expires": [
          "-1"
        ],
        "Pragma": [
          "no-cache"
        ],
        "x-ms-request-id": [
          "b640cea5-182c-4be1-8fb4-64862cb1e7cb"
        ],
        "x-ms-ratelimit-remaining-subscription-reads": [
          "14936"
        ],
        "x-ms-correlation-request-id": [
          "3c758b7d-1fe0-46bf-8df0-8f2408470c7a"
        ],
        "x-ms-routing-request-id": [
          "WESTEUROPE:20180418T184609Z:3c758b7d-1fe0-46bf-8df0-8f2408470c7a"
        ],
        "Strict-Transport-Security": [
          "max-age=31536000; includeSubDomains"
        ],
        "X-Content-Type-Options": [
          "nosniff"
        ],
        "Cache-Control": [
          "no-cache"
        ],
        "Date": [
          "Wed, 18 Apr 2018 18:46:09 GMT"
        ],
        "Server": [
          "Microsoft-HTTPAPI/2.0"
        ]
      },
      "StatusCode": 404
    },
    {
      "RequestUri": "/subscriptions/8cfb8b62-bcd6-4713-89ad-18097f75cc5b/resourceGroups/testclrg/providers/Microsoft.Sql/locations/southeastasia/instanceFailoverGroups/ps9632?api-version=2017-10-01-preview",
      "EncodedRequestUri": "L3N1YnNjcmlwdGlvbnMvOGNmYjhiNjItYmNkNi00NzEzLTg5YWQtMTgwOTdmNzVjYzViL3Jlc291cmNlR3JvdXBzL3Rlc3RjbHJnL3Byb3ZpZGVycy9NaWNyb3NvZnQuU3FsL2xvY2F0aW9ucy9zb3V0aGVhc3Rhc2lhL2luc3RhbmNlRmFpbG92ZXJHcm91cHMvcHM5NjMyP2FwaS12ZXJzaW9uPTIwMTctMTAtMDEtcHJldmlldw==",
      "RequestMethod": "GET",
      "RequestBody": "",
      "RequestHeaders": {
        "User-Agent": [
          "FxVersion/4.7.2563.0",
          "OSName/WindowsServer2012R2Datacenter",
          "OSVersion/6.3.9600",
          "Microsoft.Azure.Management.Sql.SqlManagementClient/1.15.0.0"
        ]
      },
      "ResponseBody": "{\r\n  \"properties\": {\r\n    \"readWriteEndpoint\": {\r\n      \"failoverPolicy\": \"Automatic\",\r\n      \"failoverWithDataLossGracePeriodMinutes\": 60\r\n    },\r\n    \"readOnlyEndpoint\": {\r\n      \"failoverPolicy\": \"Disabled\"\r\n    },\r\n    \"replicationRole\": \"Primary\",\r\n    \"replicationState\": \"CATCH_UP\",\r\n    \"partnerRegions\": [\r\n      {\r\n        \"location\": \"Southeast Asia\",\r\n        \"replicationRole\": \"Secondary\"\r\n      }\r\n    ],\r\n    \"managedInstancePairs\": [\r\n      {\r\n        \"primaryManagedInstanceId\": \"/subscriptions/8cfb8b62-bcd6-4713-89ad-18097f75cc5b/resourceGroups/testclrg/providers/Microsoft.Sql/managedInstances/tdstage-haimb-dont-delete-3\",\r\n        \"partnerManagedInstanceId\": \"/subscriptions/8cfb8b62-bcd6-4713-89ad-18097f75cc5b/resourceGroups/testclrg/providers/Microsoft.Sql/managedInstances/threat-detection-test-1\"\r\n      }\r\n    ]\r\n  },\r\n  \"id\": \"/subscriptions/8cfb8b62-bcd6-4713-89ad-18097f75cc5b/resourceGroups/testclrg/providers/Microsoft.Sql/locations/Southeast Asia/instanceFailoverGroups/ps9632\",\r\n  \"name\": \"ps9632\",\r\n  \"type\": \"Microsoft.Sql/locations/instanceFailoverGroups\"\r\n}",
      "ResponseHeaders": {
        "Content-Length": [
          "902"
        ],
        "Content-Type": [
          "application/json; charset=utf-8"
        ],
        "Expires": [
          "-1"
        ],
        "Pragma": [
          "no-cache"
        ],
        "x-ms-request-id": [
          "d8c4d2b4-9e1b-4053-b9a9-7e28ee6cd140"
        ],
        "x-ms-ratelimit-remaining-subscription-reads": [
          "14931"
        ],
        "x-ms-correlation-request-id": [
          "e94295cb-8fd0-4dfe-a4ef-23e3f73fba81"
        ],
        "x-ms-routing-request-id": [
          "WESTEUROPE:20180418T184633Z:e94295cb-8fd0-4dfe-a4ef-23e3f73fba81"
        ],
        "Strict-Transport-Security": [
          "max-age=31536000; includeSubDomains"
        ],
        "X-Content-Type-Options": [
          "nosniff"
        ],
        "Cache-Control": [
          "no-cache"
        ],
        "Date": [
          "Wed, 18 Apr 2018 18:46:32 GMT"
        ],
        "Server": [
          "Microsoft-HTTPAPI/2.0"
        ]
      },
      "StatusCode": 200
    },
    {
      "RequestUri": "/subscriptions/8cfb8b62-bcd6-4713-89ad-18097f75cc5b/resourceGroups/testclrg/providers/Microsoft.Sql/locations/southeastasia/instanceFailoverGroups/ps9632?api-version=2017-10-01-preview",
      "EncodedRequestUri": "L3N1YnNjcmlwdGlvbnMvOGNmYjhiNjItYmNkNi00NzEzLTg5YWQtMTgwOTdmNzVjYzViL3Jlc291cmNlR3JvdXBzL3Rlc3RjbHJnL3Byb3ZpZGVycy9NaWNyb3NvZnQuU3FsL2xvY2F0aW9ucy9zb3V0aGVhc3Rhc2lhL2luc3RhbmNlRmFpbG92ZXJHcm91cHMvcHM5NjMyP2FwaS12ZXJzaW9uPTIwMTctMTAtMDEtcHJldmlldw==",
      "RequestMethod": "PUT",
      "RequestBody": "{\r\n  \"properties\": {\r\n    \"readWriteEndpoint\": {\r\n      \"failoverPolicy\": \"Automatic\",\r\n      \"failoverWithDataLossGracePeriodMinutes\": 60\r\n    },\r\n    \"readOnlyEndpoint\": {\r\n      \"failoverPolicy\": \"Disabled\"\r\n    },\r\n    \"partnerRegions\": [\r\n      {\r\n        \"location\": \"southeastasia\"\r\n      }\r\n    ],\r\n    \"managedInstancePairs\": [\r\n      {\r\n        \"primaryManagedInstanceId\": \"/subscriptions/8cfb8b62-bcd6-4713-89ad-18097f75cc5b/resourceGroups/testclrg/providers/Microsoft.Sql/ManagedInstances/tdstage-haimb-dont-delete-3\",\r\n        \"partnerManagedInstanceId\": \"/subscriptions/8cfb8b62-bcd6-4713-89ad-18097f75cc5b/resourceGroups/testclrg/providers/Microsoft.Sql/ManagedInstances/threat-detection-test-1\"\r\n      }\r\n    ]\r\n  }\r\n}",
      "RequestHeaders": {
        "Content-Type": [
          "application/json; charset=utf-8"
        ],
        "Content-Length": [
          "734"
        ],
        "x-ms-client-request-id": [
          "6801cc76-87ba-42f1-a639-58df943b2493"
        ],
        "accept-language": [
          "en-US"
        ],
        "User-Agent": [
          "FxVersion/4.7.2563.0",
          "OSName/WindowsServer2012R2Datacenter",
          "OSVersion/6.3.9600",
          "Microsoft.Azure.Management.Sql.SqlManagementClient/1.15.0.0"
        ]
      },
      "ResponseBody": "{\r\n  \"operation\": \"CreateManagedFailoverGroup\",\r\n  \"startTime\": \"2018-04-18T18:46:10.907Z\"\r\n}",
      "ResponseHeaders": {
        "Content-Length": [
          "81"
        ],
        "Content-Type": [
          "application/json; charset=utf-8"
        ],
        "Expires": [
          "-1"
        ],
        "Pragma": [
          "no-cache"
        ],
        "Retry-After": [
          "10"
        ],
        "Azure-AsyncOperation": [
          "https://api-dogfood.resources.windows-int.net/subscriptions/8cfb8b62-bcd6-4713-89ad-18097f75cc5b/providers/Microsoft.Sql/locations/southeastasia/instanceFailoverGroupAzureAsyncOperation/2f3a20e7-0572-4f50-977b-40fb4a122943?api-version=2017-10-01-preview"
        ],
        "x-ms-request-id": [
          "2f3a20e7-0572-4f50-977b-40fb4a122943"
        ],
        "x-ms-ratelimit-remaining-subscription-writes": [
          "1192"
        ],
        "x-ms-correlation-request-id": [
          "0b97b103-9d3c-4a6b-a2ae-e2faf47bc78c"
        ],
        "x-ms-routing-request-id": [
          "WESTEUROPE:20180418T184612Z:0b97b103-9d3c-4a6b-a2ae-e2faf47bc78c"
        ],
        "Strict-Transport-Security": [
          "max-age=31536000; includeSubDomains"
        ],
        "X-Content-Type-Options": [
          "nosniff"
        ],
        "Cache-Control": [
          "no-cache"
        ],
        "Date": [
          "Wed, 18 Apr 2018 18:46:11 GMT"
        ],
        "Location": [
          "https://api-dogfood.resources.windows-int.net/subscriptions/8cfb8b62-bcd6-4713-89ad-18097f75cc5b/providers/Microsoft.Sql/locations/southeastasia/instanceFailoverGroupOperationResults/2f3a20e7-0572-4f50-977b-40fb4a122943?api-version=2017-10-01-preview"
        ],
        "Server": [
          "Microsoft-HTTPAPI/2.0"
        ]
      },
      "StatusCode": 202
    },
    {
      "RequestUri": "/subscriptions/8cfb8b62-bcd6-4713-89ad-18097f75cc5b/providers/Microsoft.Sql/locations/southeastasia/instanceFailoverGroupAzureAsyncOperation/2f3a20e7-0572-4f50-977b-40fb4a122943?api-version=2017-10-01-preview",
      "EncodedRequestUri": "L3N1YnNjcmlwdGlvbnMvOGNmYjhiNjItYmNkNi00NzEzLTg5YWQtMTgwOTdmNzVjYzViL3Byb3ZpZGVycy9NaWNyb3NvZnQuU3FsL2xvY2F0aW9ucy9zb3V0aGVhc3Rhc2lhL2luc3RhbmNlRmFpbG92ZXJHcm91cEF6dXJlQXN5bmNPcGVyYXRpb24vMmYzYTIwZTctMDU3Mi00ZjUwLTk3N2ItNDBmYjRhMTIyOTQzP2FwaS12ZXJzaW9uPTIwMTctMTAtMDEtcHJldmlldw==",
      "RequestMethod": "GET",
      "RequestBody": "",
      "RequestHeaders": {
        "User-Agent": [
          "FxVersion/4.7.2563.0",
          "OSName/WindowsServer2012R2Datacenter",
          "OSVersion/6.3.9600",
          "Microsoft.Azure.Management.Sql.SqlManagementClient/1.15.0.0"
        ]
      },
      "ResponseBody": "{\r\n  \"name\": \"2f3a20e7-0572-4f50-977b-40fb4a122943\",\r\n  \"status\": \"InProgress\",\r\n  \"startTime\": \"2018-04-18T18:46:10.907Z\"\r\n}",
      "ResponseHeaders": {
        "Content-Length": [
          "108"
        ],
        "Content-Type": [
          "application/json; charset=utf-8"
        ],
        "Expires": [
          "-1"
        ],
        "Pragma": [
          "no-cache"
        ],
        "Retry-After": [
          "10"
        ],
        "x-ms-request-id": [
          "95e346de-d9c2-4402-9aec-fce6f82cf0d1"
        ],
        "x-ms-ratelimit-remaining-subscription-reads": [
          "14934"
        ],
        "x-ms-correlation-request-id": [
          "2f22a69c-ca2b-4c72-9247-3c9b51e29617"
        ],
        "x-ms-routing-request-id": [
          "WESTEUROPE:20180418T184622Z:2f22a69c-ca2b-4c72-9247-3c9b51e29617"
        ],
        "Strict-Transport-Security": [
          "max-age=31536000; includeSubDomains"
        ],
        "X-Content-Type-Options": [
          "nosniff"
        ],
        "Cache-Control": [
          "no-cache"
        ],
        "Date": [
          "Wed, 18 Apr 2018 18:46:21 GMT"
        ],
        "Server": [
          "Microsoft-HTTPAPI/2.0"
        ]
      },
      "StatusCode": 200
    },
    {
      "RequestUri": "/subscriptions/8cfb8b62-bcd6-4713-89ad-18097f75cc5b/providers/Microsoft.Sql/locations/southeastasia/instanceFailoverGroupAzureAsyncOperation/2f3a20e7-0572-4f50-977b-40fb4a122943?api-version=2017-10-01-preview",
      "EncodedRequestUri": "L3N1YnNjcmlwdGlvbnMvOGNmYjhiNjItYmNkNi00NzEzLTg5YWQtMTgwOTdmNzVjYzViL3Byb3ZpZGVycy9NaWNyb3NvZnQuU3FsL2xvY2F0aW9ucy9zb3V0aGVhc3Rhc2lhL2luc3RhbmNlRmFpbG92ZXJHcm91cEF6dXJlQXN5bmNPcGVyYXRpb24vMmYzYTIwZTctMDU3Mi00ZjUwLTk3N2ItNDBmYjRhMTIyOTQzP2FwaS12ZXJzaW9uPTIwMTctMTAtMDEtcHJldmlldw==",
      "RequestMethod": "GET",
      "RequestBody": "",
      "RequestHeaders": {
        "User-Agent": [
          "FxVersion/4.7.2563.0",
          "OSName/WindowsServer2012R2Datacenter",
          "OSVersion/6.3.9600",
          "Microsoft.Azure.Management.Sql.SqlManagementClient/1.15.0.0"
        ]
      },
      "ResponseBody": "{\r\n  \"name\": \"2f3a20e7-0572-4f50-977b-40fb4a122943\",\r\n  \"status\": \"Succeeded\",\r\n  \"startTime\": \"2018-04-18T18:46:10.907Z\"\r\n}",
      "ResponseHeaders": {
        "Content-Length": [
          "107"
        ],
        "Content-Type": [
          "application/json; charset=utf-8"
        ],
        "Expires": [
          "-1"
        ],
        "Pragma": [
          "no-cache"
        ],
        "Retry-After": [
          "10"
        ],
        "x-ms-request-id": [
          "52e0e851-9944-47a8-badf-2ab2638ac912"
        ],
        "x-ms-ratelimit-remaining-subscription-reads": [
          "14932"
        ],
        "x-ms-correlation-request-id": [
          "6ba190f8-3292-46f8-b931-84fca3c05d1e"
        ],
        "x-ms-routing-request-id": [
          "WESTEUROPE:20180418T184632Z:6ba190f8-3292-46f8-b931-84fca3c05d1e"
        ],
        "Strict-Transport-Security": [
          "max-age=31536000; includeSubDomains"
        ],
        "X-Content-Type-Options": [
          "nosniff"
        ],
        "Cache-Control": [
          "no-cache"
        ],
        "Date": [
          "Wed, 18 Apr 2018 18:46:32 GMT"
        ],
        "Server": [
          "Microsoft-HTTPAPI/2.0"
        ]
      },
      "StatusCode": 200
    },
    {
      "RequestUri": "/subscriptions/8cfb8b62-bcd6-4713-89ad-18097f75cc5b/resourceGroups/testclrg/providers/Microsoft.Sql/locations/Southeast%20Asia/instanceFailoverGroups/ps9632?api-version=2017-10-01-preview",
      "EncodedRequestUri": "L3N1YnNjcmlwdGlvbnMvOGNmYjhiNjItYmNkNi00NzEzLTg5YWQtMTgwOTdmNzVjYzViL3Jlc291cmNlR3JvdXBzL3Rlc3RjbHJnL3Byb3ZpZGVycy9NaWNyb3NvZnQuU3FsL2xvY2F0aW9ucy9Tb3V0aGVhc3QlMjBBc2lhL2luc3RhbmNlRmFpbG92ZXJHcm91cHMvcHM5NjMyP2FwaS12ZXJzaW9uPTIwMTctMTAtMDEtcHJldmlldw==",
      "RequestMethod": "GET",
      "RequestBody": "",
      "RequestHeaders": {
        "x-ms-client-request-id": [
          "63791e33-4b10-49d9-8c3c-ade05d259357"
        ],
        "accept-language": [
          "en-US"
        ],
        "User-Agent": [
          "FxVersion/4.7.2563.0",
          "OSName/WindowsServer2012R2Datacenter",
          "OSVersion/6.3.9600",
          "Microsoft.Azure.Management.Sql.SqlManagementClient/1.15.0.0"
        ]
      },
      "ResponseBody": "{\r\n  \"properties\": {\r\n    \"readWriteEndpoint\": {\r\n      \"failoverPolicy\": \"Automatic\",\r\n      \"failoverWithDataLossGracePeriodMinutes\": 60\r\n    },\r\n    \"readOnlyEndpoint\": {\r\n      \"failoverPolicy\": \"Disabled\"\r\n    },\r\n    \"replicationRole\": \"Primary\",\r\n    \"replicationState\": \"CATCH_UP\",\r\n    \"partnerRegions\": [\r\n      {\r\n        \"location\": \"Southeast Asia\",\r\n        \"replicationRole\": \"Secondary\"\r\n      }\r\n    ],\r\n    \"managedInstancePairs\": [\r\n      {\r\n        \"primaryManagedInstanceId\": \"/subscriptions/8cfb8b62-bcd6-4713-89ad-18097f75cc5b/resourceGroups/testclrg/providers/Microsoft.Sql/managedInstances/tdstage-haimb-dont-delete-3\",\r\n        \"partnerManagedInstanceId\": \"/subscriptions/8cfb8b62-bcd6-4713-89ad-18097f75cc5b/resourceGroups/testclrg/providers/Microsoft.Sql/managedInstances/threat-detection-test-1\"\r\n      }\r\n    ]\r\n  },\r\n  \"id\": \"/subscriptions/8cfb8b62-bcd6-4713-89ad-18097f75cc5b/resourceGroups/testclrg/providers/Microsoft.Sql/locations/Southeast Asia/instanceFailoverGroups/ps9632\",\r\n  \"name\": \"ps9632\",\r\n  \"type\": \"Microsoft.Sql/locations/instanceFailoverGroups\"\r\n}",
      "ResponseHeaders": {
        "Content-Length": [
          "902"
        ],
        "Content-Type": [
          "application/json; charset=utf-8"
        ],
        "Expires": [
          "-1"
        ],
        "Pragma": [
          "no-cache"
        ],
        "x-ms-request-id": [
          "768823d5-d18e-4d40-ab8e-655b64ac769c"
        ],
        "x-ms-ratelimit-remaining-subscription-reads": [
          "14930"
        ],
        "x-ms-correlation-request-id": [
          "c6de751f-3d5c-4e9f-86a0-0c0163fa7681"
        ],
        "x-ms-routing-request-id": [
          "WESTEUROPE:20180418T184633Z:c6de751f-3d5c-4e9f-86a0-0c0163fa7681"
        ],
        "Strict-Transport-Security": [
          "max-age=31536000; includeSubDomains"
        ],
        "X-Content-Type-Options": [
          "nosniff"
        ],
        "Cache-Control": [
          "no-cache"
        ],
        "Date": [
          "Wed, 18 Apr 2018 18:46:33 GMT"
        ],
        "Server": [
          "Microsoft-HTTPAPI/2.0"
        ]
      },
      "StatusCode": 200
    },
    {
      "RequestUri": "/subscriptions/8cfb8b62-bcd6-4713-89ad-18097f75cc5b/resourceGroups/testclrg/providers/Microsoft.Sql/locations/Southeast%20Asia/instanceFailoverGroups/ps9632?api-version=2017-10-01-preview",
      "EncodedRequestUri": "L3N1YnNjcmlwdGlvbnMvOGNmYjhiNjItYmNkNi00NzEzLTg5YWQtMTgwOTdmNzVjYzViL3Jlc291cmNlR3JvdXBzL3Rlc3RjbHJnL3Byb3ZpZGVycy9NaWNyb3NvZnQuU3FsL2xvY2F0aW9ucy9Tb3V0aGVhc3QlMjBBc2lhL2luc3RhbmNlRmFpbG92ZXJHcm91cHMvcHM5NjMyP2FwaS12ZXJzaW9uPTIwMTctMTAtMDEtcHJldmlldw==",
      "RequestMethod": "GET",
      "RequestBody": "",
      "RequestHeaders": {
        "User-Agent": [
          "FxVersion/4.7.2563.0",
          "OSName/WindowsServer2012R2Datacenter",
          "OSVersion/6.3.9600",
          "Microsoft.Azure.Management.Sql.SqlManagementClient/1.15.0.0"
        ]
      },
      "ResponseBody": "{\r\n  \"properties\": {\r\n    \"readWriteEndpoint\": {\r\n      \"failoverPolicy\": \"Automatic\",\r\n      \"failoverWithDataLossGracePeriodMinutes\": 7380\r\n    },\r\n    \"readOnlyEndpoint\": {\r\n      \"failoverPolicy\": \"Enabled\"\r\n    },\r\n    \"replicationRole\": \"Primary\",\r\n    \"replicationState\": \"CATCH_UP\",\r\n    \"partnerRegions\": [\r\n      {\r\n        \"location\": \"Southeast Asia\",\r\n        \"replicationRole\": \"Secondary\"\r\n      }\r\n    ],\r\n    \"managedInstancePairs\": [\r\n      {\r\n        \"primaryManagedInstanceId\": \"/subscriptions/8cfb8b62-bcd6-4713-89ad-18097f75cc5b/resourceGroups/testclrg/providers/Microsoft.Sql/managedInstances/tdstage-haimb-dont-delete-3\",\r\n        \"partnerManagedInstanceId\": \"/subscriptions/8cfb8b62-bcd6-4713-89ad-18097f75cc5b/resourceGroups/testclrg/providers/Microsoft.Sql/managedInstances/threat-detection-test-1\"\r\n      }\r\n    ]\r\n  },\r\n  \"id\": \"/subscriptions/8cfb8b62-bcd6-4713-89ad-18097f75cc5b/resourceGroups/testclrg/providers/Microsoft.Sql/locations/Southeast Asia/instanceFailoverGroups/ps9632\",\r\n  \"name\": \"ps9632\",\r\n  \"type\": \"Microsoft.Sql/locations/instanceFailoverGroups\"\r\n}",
      "ResponseHeaders": {
        "Content-Length": [
          "903"
        ],
        "Content-Type": [
          "application/json; charset=utf-8"
        ],
        "Expires": [
          "-1"
        ],
        "Pragma": [
          "no-cache"
        ],
        "x-ms-request-id": [
          "43436d19-6273-4bfa-a862-382fe184a03a"
        ],
        "x-ms-ratelimit-remaining-subscription-reads": [
          "14926"
        ],
        "x-ms-correlation-request-id": [
          "1380c568-6063-43c2-9688-9e9b58e80381"
        ],
        "x-ms-routing-request-id": [
          "WESTEUROPE:20180418T184646Z:1380c568-6063-43c2-9688-9e9b58e80381"
        ],
        "Strict-Transport-Security": [
          "max-age=31536000; includeSubDomains"
        ],
        "X-Content-Type-Options": [
          "nosniff"
        ],
        "Cache-Control": [
          "no-cache"
        ],
        "Date": [
          "Wed, 18 Apr 2018 18:46:46 GMT"
        ],
        "Server": [
          "Microsoft-HTTPAPI/2.0"
        ]
      },
      "StatusCode": 200
    },
    {
      "RequestUri": "/subscriptions/8cfb8b62-bcd6-4713-89ad-18097f75cc5b/resourceGroups/testclrg/providers/Microsoft.Sql/locations/Southeast%20Asia/instanceFailoverGroups/ps9632?api-version=2017-10-01-preview",
      "EncodedRequestUri": "L3N1YnNjcmlwdGlvbnMvOGNmYjhiNjItYmNkNi00NzEzLTg5YWQtMTgwOTdmNzVjYzViL3Jlc291cmNlR3JvdXBzL3Rlc3RjbHJnL3Byb3ZpZGVycy9NaWNyb3NvZnQuU3FsL2xvY2F0aW9ucy9Tb3V0aGVhc3QlMjBBc2lhL2luc3RhbmNlRmFpbG92ZXJHcm91cHMvcHM5NjMyP2FwaS12ZXJzaW9uPTIwMTctMTAtMDEtcHJldmlldw==",
      "RequestMethod": "GET",
      "RequestBody": "",
      "RequestHeaders": {
        "x-ms-client-request-id": [
          "04024e44-cb5d-445e-afdc-1a2ee5b64f6a"
        ],
        "accept-language": [
          "en-US"
        ],
        "User-Agent": [
          "FxVersion/4.7.2563.0",
          "OSName/WindowsServer2012R2Datacenter",
          "OSVersion/6.3.9600",
          "Microsoft.Azure.Management.Sql.SqlManagementClient/1.15.0.0"
        ]
      },
      "ResponseBody": "{\r\n  \"properties\": {\r\n    \"readWriteEndpoint\": {\r\n      \"failoverPolicy\": \"Automatic\",\r\n      \"failoverWithDataLossGracePeriodMinutes\": 7380\r\n    },\r\n    \"readOnlyEndpoint\": {\r\n      \"failoverPolicy\": \"Enabled\"\r\n    },\r\n    \"replicationRole\": \"Primary\",\r\n    \"replicationState\": \"CATCH_UP\",\r\n    \"partnerRegions\": [\r\n      {\r\n        \"location\": \"Southeast Asia\",\r\n        \"replicationRole\": \"Secondary\"\r\n      }\r\n    ],\r\n    \"managedInstancePairs\": [\r\n      {\r\n        \"primaryManagedInstanceId\": \"/subscriptions/8cfb8b62-bcd6-4713-89ad-18097f75cc5b/resourceGroups/testclrg/providers/Microsoft.Sql/managedInstances/tdstage-haimb-dont-delete-3\",\r\n        \"partnerManagedInstanceId\": \"/subscriptions/8cfb8b62-bcd6-4713-89ad-18097f75cc5b/resourceGroups/testclrg/providers/Microsoft.Sql/managedInstances/threat-detection-test-1\"\r\n      }\r\n    ]\r\n  },\r\n  \"id\": \"/subscriptions/8cfb8b62-bcd6-4713-89ad-18097f75cc5b/resourceGroups/testclrg/providers/Microsoft.Sql/locations/Southeast Asia/instanceFailoverGroups/ps9632\",\r\n  \"name\": \"ps9632\",\r\n  \"type\": \"Microsoft.Sql/locations/instanceFailoverGroups\"\r\n}",
      "ResponseHeaders": {
        "Content-Length": [
          "903"
        ],
        "Content-Type": [
          "application/json; charset=utf-8"
        ],
        "Expires": [
          "-1"
        ],
        "Pragma": [
          "no-cache"
        ],
        "x-ms-request-id": [
          "cb90f2e9-b161-40b8-8ab7-cef885b7fa87"
        ],
        "x-ms-ratelimit-remaining-subscription-reads": [
          "14925"
        ],
        "x-ms-correlation-request-id": [
          "53d6a9e8-2d87-4b1f-9442-ae092d2e4701"
        ],
        "x-ms-routing-request-id": [
          "WESTEUROPE:20180418T184646Z:53d6a9e8-2d87-4b1f-9442-ae092d2e4701"
        ],
        "Strict-Transport-Security": [
          "max-age=31536000; includeSubDomains"
        ],
        "X-Content-Type-Options": [
          "nosniff"
        ],
        "Cache-Control": [
          "no-cache"
        ],
        "Date": [
          "Wed, 18 Apr 2018 18:46:46 GMT"
        ],
        "Server": [
          "Microsoft-HTTPAPI/2.0"
        ]
      },
      "StatusCode": 200
    },
    {
      "RequestUri": "/subscriptions/8cfb8b62-bcd6-4713-89ad-18097f75cc5b/resourceGroups/testclrg/providers/Microsoft.Sql/locations/Southeast%20Asia/instanceFailoverGroups/ps9632?api-version=2017-10-01-preview",
      "EncodedRequestUri": "L3N1YnNjcmlwdGlvbnMvOGNmYjhiNjItYmNkNi00NzEzLTg5YWQtMTgwOTdmNzVjYzViL3Jlc291cmNlR3JvdXBzL3Rlc3RjbHJnL3Byb3ZpZGVycy9NaWNyb3NvZnQuU3FsL2xvY2F0aW9ucy9Tb3V0aGVhc3QlMjBBc2lhL2luc3RhbmNlRmFpbG92ZXJHcm91cHMvcHM5NjMyP2FwaS12ZXJzaW9uPTIwMTctMTAtMDEtcHJldmlldw==",
      "RequestMethod": "GET",
      "RequestBody": "",
      "RequestHeaders": {
        "x-ms-client-request-id": [
          "3dad80c7-32a7-4012-ac4e-e4c2b4388225"
        ],
        "accept-language": [
          "en-US"
        ],
        "User-Agent": [
          "FxVersion/4.7.2563.0",
          "OSName/WindowsServer2012R2Datacenter",
          "OSVersion/6.3.9600",
          "Microsoft.Azure.Management.Sql.SqlManagementClient/1.15.0.0"
        ]
      },
      "ResponseBody": "{\r\n  \"properties\": {\r\n    \"readWriteEndpoint\": {\r\n      \"failoverPolicy\": \"Automatic\",\r\n      \"failoverWithDataLossGracePeriodMinutes\": 7380\r\n    },\r\n    \"readOnlyEndpoint\": {\r\n      \"failoverPolicy\": \"Enabled\"\r\n    },\r\n    \"replicationRole\": \"Primary\",\r\n    \"replicationState\": \"CATCH_UP\",\r\n    \"partnerRegions\": [\r\n      {\r\n        \"location\": \"Southeast Asia\",\r\n        \"replicationRole\": \"Secondary\"\r\n      }\r\n    ],\r\n    \"managedInstancePairs\": [\r\n      {\r\n        \"primaryManagedInstanceId\": \"/subscriptions/8cfb8b62-bcd6-4713-89ad-18097f75cc5b/resourceGroups/testclrg/providers/Microsoft.Sql/managedInstances/tdstage-haimb-dont-delete-3\",\r\n        \"partnerManagedInstanceId\": \"/subscriptions/8cfb8b62-bcd6-4713-89ad-18097f75cc5b/resourceGroups/testclrg/providers/Microsoft.Sql/managedInstances/threat-detection-test-1\"\r\n      }\r\n    ]\r\n  },\r\n  \"id\": \"/subscriptions/8cfb8b62-bcd6-4713-89ad-18097f75cc5b/resourceGroups/testclrg/providers/Microsoft.Sql/locations/Southeast Asia/instanceFailoverGroups/ps9632\",\r\n  \"name\": \"ps9632\",\r\n  \"type\": \"Microsoft.Sql/locations/instanceFailoverGroups\"\r\n}",
      "ResponseHeaders": {
        "Content-Length": [
          "903"
        ],
        "Content-Type": [
          "application/json; charset=utf-8"
        ],
        "Expires": [
          "-1"
        ],
        "Pragma": [
          "no-cache"
        ],
        "x-ms-request-id": [
          "3eaa3cba-c735-47d6-a272-035f5386c7e4"
        ],
        "x-ms-ratelimit-remaining-subscription-reads": [
          "14924"
        ],
        "x-ms-correlation-request-id": [
          "e56fc4a5-05de-41db-8f2c-2331d2b4f004"
        ],
        "x-ms-routing-request-id": [
          "WESTEUROPE:20180418T184647Z:e56fc4a5-05de-41db-8f2c-2331d2b4f004"
        ],
        "Strict-Transport-Security": [
          "max-age=31536000; includeSubDomains"
        ],
        "X-Content-Type-Options": [
          "nosniff"
        ],
        "Cache-Control": [
          "no-cache"
        ],
        "Date": [
          "Wed, 18 Apr 2018 18:46:46 GMT"
        ],
        "Server": [
          "Microsoft-HTTPAPI/2.0"
        ]
      },
      "StatusCode": 200
    },
    {
      "RequestUri": "/subscriptions/8cfb8b62-bcd6-4713-89ad-18097f75cc5b/resourceGroups/testclrg/providers/Microsoft.Sql/locations/Southeast%20Asia/instanceFailoverGroups/ps9632?api-version=2017-10-01-preview",
      "EncodedRequestUri": "L3N1YnNjcmlwdGlvbnMvOGNmYjhiNjItYmNkNi00NzEzLTg5YWQtMTgwOTdmNzVjYzViL3Jlc291cmNlR3JvdXBzL3Rlc3RjbHJnL3Byb3ZpZGVycy9NaWNyb3NvZnQuU3FsL2xvY2F0aW9ucy9Tb3V0aGVhc3QlMjBBc2lhL2luc3RhbmNlRmFpbG92ZXJHcm91cHMvcHM5NjMyP2FwaS12ZXJzaW9uPTIwMTctMTAtMDEtcHJldmlldw==",
      "RequestMethod": "PUT",
      "RequestBody": "{\r\n  \"properties\": {\r\n    \"readWriteEndpoint\": {\r\n      \"failoverPolicy\": \"Automatic\",\r\n      \"failoverWithDataLossGracePeriodMinutes\": 7380\r\n    },\r\n    \"readOnlyEndpoint\": {\r\n      \"failoverPolicy\": \"Enabled\"\r\n    },\r\n    \"partnerRegions\": [\r\n      {\r\n        \"location\": \"Southeast Asia\"\r\n      }\r\n    ],\r\n    \"managedInstancePairs\": [\r\n      {\r\n        \"primaryManagedInstanceId\": \"/subscriptions/8cfb8b62-bcd6-4713-89ad-18097f75cc5b/resourceGroups/testclrg/providers/Microsoft.Sql/ManagedInstances/tdstage-haimb-dont-delete-3\",\r\n        \"partnerManagedInstanceId\": \"/subscriptions/8cfb8b62-bcd6-4713-89ad-18097f75cc5b/resourceGroups/testclrg/providers/Microsoft.Sql/ManagedInstances/threat-detection-test-1\"\r\n      }\r\n    ]\r\n  }\r\n}",
      "RequestHeaders": {
        "Content-Type": [
          "application/json; charset=utf-8"
        ],
        "Content-Length": [
          "736"
        ],
        "x-ms-client-request-id": [
          "d98a513b-5872-45f9-bfae-f99d4dd127ad"
        ],
        "accept-language": [
          "en-US"
        ],
        "User-Agent": [
          "FxVersion/4.7.2563.0",
          "OSName/WindowsServer2012R2Datacenter",
          "OSVersion/6.3.9600",
          "Microsoft.Azure.Management.Sql.SqlManagementClient/1.15.0.0"
        ]
      },
      "ResponseBody": "{\r\n  \"operation\": \"UpdateManagedFailoverGroup\",\r\n  \"startTime\": \"2018-04-18T18:46:34.43Z\"\r\n}",
      "ResponseHeaders": {
        "Content-Length": [
          "80"
        ],
        "Content-Type": [
          "application/json; charset=utf-8"
        ],
        "Expires": [
          "-1"
        ],
        "Pragma": [
          "no-cache"
        ],
        "Retry-After": [
          "10"
        ],
        "Azure-AsyncOperation": [
          "https://api-dogfood.resources.windows-int.net/subscriptions/8cfb8b62-bcd6-4713-89ad-18097f75cc5b/providers/Microsoft.Sql/locations/southeastasia/instanceFailoverGroupAzureAsyncOperation/55e9b09e-b8e4-4d22-8495-63da8b57541d?api-version=2017-10-01-preview"
        ],
        "x-ms-request-id": [
          "55e9b09e-b8e4-4d22-8495-63da8b57541d"
        ],
        "x-ms-ratelimit-remaining-subscription-writes": [
          "1191"
        ],
        "x-ms-correlation-request-id": [
          "6f5d868e-a9ce-48d9-b793-42483a36db68"
        ],
        "x-ms-routing-request-id": [
          "WESTEUROPE:20180418T184635Z:6f5d868e-a9ce-48d9-b793-42483a36db68"
        ],
        "Strict-Transport-Security": [
          "max-age=31536000; includeSubDomains"
        ],
        "X-Content-Type-Options": [
          "nosniff"
        ],
        "Cache-Control": [
          "no-cache"
        ],
        "Date": [
          "Wed, 18 Apr 2018 18:46:34 GMT"
        ],
        "Location": [
          "https://api-dogfood.resources.windows-int.net/subscriptions/8cfb8b62-bcd6-4713-89ad-18097f75cc5b/providers/Microsoft.Sql/locations/southeastasia/instanceFailoverGroupOperationResults/55e9b09e-b8e4-4d22-8495-63da8b57541d?api-version=2017-10-01-preview"
        ],
        "Server": [
          "Microsoft-HTTPAPI/2.0"
        ]
      },
      "StatusCode": 202
    },
    {
      "RequestUri": "/subscriptions/8cfb8b62-bcd6-4713-89ad-18097f75cc5b/providers/Microsoft.Sql/locations/southeastasia/instanceFailoverGroupAzureAsyncOperation/55e9b09e-b8e4-4d22-8495-63da8b57541d?api-version=2017-10-01-preview",
      "EncodedRequestUri": "L3N1YnNjcmlwdGlvbnMvOGNmYjhiNjItYmNkNi00NzEzLTg5YWQtMTgwOTdmNzVjYzViL3Byb3ZpZGVycy9NaWNyb3NvZnQuU3FsL2xvY2F0aW9ucy9zb3V0aGVhc3Rhc2lhL2luc3RhbmNlRmFpbG92ZXJHcm91cEF6dXJlQXN5bmNPcGVyYXRpb24vNTVlOWIwOWUtYjhlNC00ZDIyLTg0OTUtNjNkYThiNTc1NDFkP2FwaS12ZXJzaW9uPTIwMTctMTAtMDEtcHJldmlldw==",
      "RequestMethod": "GET",
      "RequestBody": "",
      "RequestHeaders": {
        "User-Agent": [
          "FxVersion/4.7.2563.0",
          "OSName/WindowsServer2012R2Datacenter",
          "OSVersion/6.3.9600",
          "Microsoft.Azure.Management.Sql.SqlManagementClient/1.15.0.0"
        ]
      },
      "ResponseBody": "{\r\n  \"name\": \"55e9b09e-b8e4-4d22-8495-63da8b57541d\",\r\n  \"status\": \"Succeeded\",\r\n  \"startTime\": \"2018-04-18T18:46:34.43Z\"\r\n}",
      "ResponseHeaders": {
        "Content-Length": [
          "106"
        ],
        "Content-Type": [
          "application/json; charset=utf-8"
        ],
        "Expires": [
          "-1"
        ],
        "Pragma": [
          "no-cache"
        ],
        "Retry-After": [
          "10"
        ],
        "x-ms-request-id": [
          "c8fbf43b-4855-4083-9e24-6676c2a8fd5c"
        ],
        "x-ms-ratelimit-remaining-subscription-reads": [
          "14927"
        ],
        "x-ms-correlation-request-id": [
          "77fdae31-5bb7-4f52-bbd5-036d43315963"
        ],
        "x-ms-routing-request-id": [
          "WESTEUROPE:20180418T184646Z:77fdae31-5bb7-4f52-bbd5-036d43315963"
        ],
        "Strict-Transport-Security": [
          "max-age=31536000; includeSubDomains"
        ],
        "X-Content-Type-Options": [
          "nosniff"
        ],
        "Cache-Control": [
          "no-cache"
        ],
        "Date": [
          "Wed, 18 Apr 2018 18:46:45 GMT"
        ],
        "Server": [
          "Microsoft-HTTPAPI/2.0"
        ]
      },
      "StatusCode": 200
    },
    {
      "RequestUri": "/subscriptions/8cfb8b62-bcd6-4713-89ad-18097f75cc5b/resourceGroups/testclrg/providers/Microsoft.Sql/locations/Southeast%20Asia/instanceFailoverGroups/ps9632?api-version=2017-10-01-preview",
      "EncodedRequestUri": "L3N1YnNjcmlwdGlvbnMvOGNmYjhiNjItYmNkNi00NzEzLTg5YWQtMTgwOTdmNzVjYzViL3Jlc291cmNlR3JvdXBzL3Rlc3RjbHJnL3Byb3ZpZGVycy9NaWNyb3NvZnQuU3FsL2xvY2F0aW9ucy9Tb3V0aGVhc3QlMjBBc2lhL2luc3RhbmNlRmFpbG92ZXJHcm91cHMvcHM5NjMyP2FwaS12ZXJzaW9uPTIwMTctMTAtMDEtcHJldmlldw==",
      "RequestMethod": "DELETE",
      "RequestBody": "",
      "RequestHeaders": {
        "x-ms-client-request-id": [
          "947d4d44-44f8-4738-ae6a-b35c0bf5c8dd"
        ],
        "accept-language": [
          "en-US"
        ],
        "User-Agent": [
          "FxVersion/4.7.2563.0",
          "OSName/WindowsServer2012R2Datacenter",
          "OSVersion/6.3.9600",
          "Microsoft.Azure.Management.Sql.SqlManagementClient/1.15.0.0"
        ]
      },
      "ResponseBody": "{\r\n  \"operation\": \"DropManagedFailoverGroup\",\r\n  \"startTime\": \"2018-04-18T18:46:47.687Z\"\r\n}",
      "ResponseHeaders": {
        "Content-Length": [
          "79"
        ],
        "Content-Type": [
          "application/json; charset=utf-8"
        ],
        "Expires": [
          "-1"
        ],
        "Pragma": [
          "no-cache"
        ],
        "Retry-After": [
          "10"
        ],
        "Azure-AsyncOperation": [
          "https://api-dogfood.resources.windows-int.net/subscriptions/8cfb8b62-bcd6-4713-89ad-18097f75cc5b/providers/Microsoft.Sql/locations/southeastasia/instanceFailoverGroupAzureAsyncOperation/8eb07c2c-e4b5-45d9-9edd-5762fea9b733?api-version=2017-10-01-preview"
        ],
        "x-ms-request-id": [
          "8eb07c2c-e4b5-45d9-9edd-5762fea9b733"
        ],
        "x-ms-ratelimit-remaining-subscription-writes": [
          "1190"
        ],
        "x-ms-correlation-request-id": [
          "3d17ad0a-dae5-46cc-a556-39b0f99c606f"
        ],
        "x-ms-routing-request-id": [
          "WESTEUROPE:20180418T184648Z:3d17ad0a-dae5-46cc-a556-39b0f99c606f"
        ],
        "Strict-Transport-Security": [
          "max-age=31536000; includeSubDomains"
        ],
        "X-Content-Type-Options": [
          "nosniff"
        ],
        "Cache-Control": [
          "no-cache"
        ],
        "Date": [
          "Wed, 18 Apr 2018 18:46:48 GMT"
        ],
        "Location": [
          "https://api-dogfood.resources.windows-int.net/subscriptions/8cfb8b62-bcd6-4713-89ad-18097f75cc5b/providers/Microsoft.Sql/locations/southeastasia/instanceFailoverGroupOperationResults/8eb07c2c-e4b5-45d9-9edd-5762fea9b733?api-version=2017-10-01-preview"
        ],
        "Server": [
          "Microsoft-HTTPAPI/2.0"
        ]
      },
      "StatusCode": 202
    },
    {
      "RequestUri": "/subscriptions/8cfb8b62-bcd6-4713-89ad-18097f75cc5b/providers/Microsoft.Sql/locations/southeastasia/instanceFailoverGroupAzureAsyncOperation/8eb07c2c-e4b5-45d9-9edd-5762fea9b733?api-version=2017-10-01-preview",
      "EncodedRequestUri": "L3N1YnNjcmlwdGlvbnMvOGNmYjhiNjItYmNkNi00NzEzLTg5YWQtMTgwOTdmNzVjYzViL3Byb3ZpZGVycy9NaWNyb3NvZnQuU3FsL2xvY2F0aW9ucy9zb3V0aGVhc3Rhc2lhL2luc3RhbmNlRmFpbG92ZXJHcm91cEF6dXJlQXN5bmNPcGVyYXRpb24vOGViMDdjMmMtZTRiNS00NWQ5LTllZGQtNTc2MmZlYTliNzMzP2FwaS12ZXJzaW9uPTIwMTctMTAtMDEtcHJldmlldw==",
      "RequestMethod": "GET",
      "RequestBody": "",
      "RequestHeaders": {
        "User-Agent": [
          "FxVersion/4.7.2563.0",
          "OSName/WindowsServer2012R2Datacenter",
          "OSVersion/6.3.9600",
          "Microsoft.Azure.Management.Sql.SqlManagementClient/1.15.0.0"
        ]
      },
      "ResponseBody": "{\r\n  \"name\": \"8eb07c2c-e4b5-45d9-9edd-5762fea9b733\",\r\n  \"status\": \"Succeeded\",\r\n  \"startTime\": \"2018-04-18T18:46:47.687Z\"\r\n}",
      "ResponseHeaders": {
        "Content-Length": [
          "107"
        ],
        "Content-Type": [
          "application/json; charset=utf-8"
        ],
        "Expires": [
          "-1"
        ],
        "Pragma": [
          "no-cache"
        ],
        "Retry-After": [
          "10"
        ],
        "x-ms-request-id": [
          "135f9c0f-26ca-4d6d-8dc5-0400a0e6c0c3"
        ],
        "x-ms-ratelimit-remaining-subscription-reads": [
          "14922"
        ],
        "x-ms-correlation-request-id": [
          "c3a0a34e-ed79-45a3-8099-5f581022d61c"
        ],
        "x-ms-routing-request-id": [
          "WESTEUROPE:20180418T184659Z:c3a0a34e-ed79-45a3-8099-5f581022d61c"
        ],
        "Strict-Transport-Security": [
          "max-age=31536000; includeSubDomains"
        ],
        "X-Content-Type-Options": [
          "nosniff"
        ],
        "Cache-Control": [
          "no-cache"
        ],
        "Date": [
          "Wed, 18 Apr 2018 18:46:59 GMT"
        ],
        "Server": [
          "Microsoft-HTTPAPI/2.0"
        ]
      },
      "StatusCode": 200
    },
    {
      "RequestUri": "/subscriptions/8cfb8b62-bcd6-4713-89ad-18097f75cc5b/providers/Microsoft.Sql/locations/southeastasia/instanceFailoverGroupOperationResults/8eb07c2c-e4b5-45d9-9edd-5762fea9b733?api-version=2017-10-01-preview",
      "EncodedRequestUri": "L3N1YnNjcmlwdGlvbnMvOGNmYjhiNjItYmNkNi00NzEzLTg5YWQtMTgwOTdmNzVjYzViL3Byb3ZpZGVycy9NaWNyb3NvZnQuU3FsL2xvY2F0aW9ucy9zb3V0aGVhc3Rhc2lhL2luc3RhbmNlRmFpbG92ZXJHcm91cE9wZXJhdGlvblJlc3VsdHMvOGViMDdjMmMtZTRiNS00NWQ5LTllZGQtNTc2MmZlYTliNzMzP2FwaS12ZXJzaW9uPTIwMTctMTAtMDEtcHJldmlldw==",
      "RequestMethod": "GET",
      "RequestBody": "",
      "RequestHeaders": {
        "User-Agent": [
          "FxVersion/4.7.2563.0",
          "OSName/WindowsServer2012R2Datacenter",
          "OSVersion/6.3.9600",
          "Microsoft.Azure.Management.Sql.SqlManagementClient/1.15.0.0"
        ]
      },
      "ResponseBody": "",
      "ResponseHeaders": {
        "Content-Length": [
          "0"
        ],
        "Expires": [
          "-1"
        ],
        "Pragma": [
          "no-cache"
        ],
        "x-ms-request-id": [
          "7956369d-2b77-4999-bc25-56b84f2b4ab0"
        ],
        "x-ms-ratelimit-remaining-subscription-reads": [
          "14921"
        ],
        "x-ms-correlation-request-id": [
          "fbf0c97b-04e9-4426-a925-fe1d24583464"
        ],
        "x-ms-routing-request-id": [
          "WESTEUROPE:20180418T184700Z:fbf0c97b-04e9-4426-a925-fe1d24583464"
        ],
        "Strict-Transport-Security": [
          "max-age=31536000; includeSubDomains"
        ],
        "X-Content-Type-Options": [
          "nosniff"
        ],
        "Cache-Control": [
          "no-cache"
        ],
        "Date": [
          "Wed, 18 Apr 2018 18:47:00 GMT"
        ],
        "Server": [
          "Microsoft-HTTPAPI/2.0"
        ]
      },
      "StatusCode": 200
    }
  ],
  "Names": {
    "Test-SetInstanceFailoverGroup-AutomaticWithGracePeriodReadOnlyFailover": [
      "ps9632"
    ]
  },
  "Variables": {
    "SubscriptionId": "8cfb8b62-bcd6-4713-89ad-18097f75cc5b",
    "User": null,
    "TenantId": null
  }
}