{
  "Entries": [
    {
      "RequestUri": "/1273adef-00a3-4086-a51a-dbcce1857d36/applications?api-version=1.6",
      "EncodedRequestUri": "LzEyNzNhZGVmLTAwYTMtNDA4Ni1hNTFhLWRiY2NlMTg1N2QzNi9hcHBsaWNhdGlvbnM/YXBpLXZlcnNpb249MS42",
      "RequestMethod": "POST",
      "RequestBody": "{\r\n  \"availableToOtherTenants\": false,\r\n  \"displayName\": \"System.Security.SecureString\",\r\n  \"identifierUris\": [\r\n    \"http://System.Security.SecureString\"\r\n  ],\r\n  \"passwordCredentials\": [\r\n    {\r\n      \"startDate\": \"2018-12-14T01:39:08.5924209Z\",\r\n      \"endDate\": \"2019-12-14T01:39:08.5924209Z\",\r\n      \"keyId\": \"4e7b7cff-cf0d-4a23-bffe-c74195b3a4e1\",\r\n      \"value\": \"test\"\r\n    }\r\n  ]\r\n}",
      "RequestHeaders": {
        "x-ms-client-request-id": [
          "c98f90a4-9ab4-4189-959a-aa6301d7b0ca"
        ],
        "Accept-Language": [
          "en-US"
        ],
        "User-Agent": [
          "FxVersion/4.6.26724.06",
          "OSName/Windows",
          "OSVersion/Microsoft.Windows.10.0.17763.",
          "Microsoft.Azure.Graph.RBAC.GraphRbacManagementClient/3.5.0.0"
        ],
        "Content-Type": [
          "application/json; charset=utf-8"
        ],
        "Content-Length": [
          "391"
        ]
      },
      "ResponseHeaders": {
        "Cache-Control": [
          "no-cache"
        ],
        "Pragma": [
          "no-cache"
        ],
        "Location": [
          "https://graph.windows.net/1273adef-00a3-4086-a51a-dbcce1857d36/directoryObjects/08c55d68-47aa-497e-9155-5623ef5db7d7/Microsoft.DirectoryServices.Application"
        ],
        "Server": [
          "Microsoft-IIS/10.0"
        ],
        "ocp-aad-diagnostics-server-name": [
          "7zDIRrVJqjSZfhHAIvOE5P1Iegs1wlixjPO7KsOVy0Y="
        ],
        "request-id": [
          "d138cbfe-bb5e-45a3-91d3-219216898047"
        ],
        "client-request-id": [
          "c98f90a4-9ab4-4189-959a-aa6301d7b0ca"
        ],
        "x-ms-dirapi-data-contract-version": [
          "1.6"
        ],
        "ocp-aad-session-key": [
          "U6DnhyrShXnM6z70CgxuJMkt-_4r3OOyC-Mwrjy-LjQg0cocX1TqZ67-l19_iEw7-gNrIqNuVTpD5smFJy8lGUZB9FwxywBvYLvUFZSldzDSUOtQ1EVkCSfKfp0YKFpo9SEJ1GMtLBzzfXan5s8wPg.OgyY35wInYUuPU-G8q8Kw3kTw_LMNX-_MWFangZHnl4"
        ],
        "X-Content-Type-Options": [
          "nosniff"
        ],
        "DataServiceVersion": [
          "3.0;"
        ],
        "Strict-Transport-Security": [
          "max-age=31536000; includeSubDomains"
        ],
        "Access-Control-Allow-Origin": [
          "*"
        ],
        "X-AspNet-Version": [
          "4.0.30319"
        ],
        "X-Powered-By": [
          "ASP.NET"
        ],
        "Duration": [
          "2310984"
        ],
        "Date": [
          "Fri, 14 Dec 2018 01:39:08 GMT"
        ],
        "Content-Type": [
          "application/json; odata=minimalmetadata; streaming=true; charset=utf-8"
        ],
        "Expires": [
          "-1"
        ],
        "Content-Length": [
          "2073"
        ],
        "Retry-After": [
          "0"
        ]
      },
      "ResponseBody": "{\r\n  \"odata.metadata\": \"https://graph.windows.net/1273adef-00a3-4086-a51a-dbcce1857d36/$metadata#directoryObjects/Microsoft.DirectoryServices.Application/@Element\",\r\n  \"odata.type\": \"Microsoft.DirectoryServices.Application\",\r\n  \"objectType\": \"Application\",\r\n  \"objectId\": \"08c55d68-47aa-497e-9155-5623ef5db7d7\",\r\n  \"deletionTimestamp\": null,\r\n  \"acceptMappedClaims\": null,\r\n  \"addIns\": [],\r\n  \"appId\": \"eba280d0-94d7-4b97-b606-8bb8ff8afec1\",\r\n  \"appRoles\": [],\r\n  \"availableToOtherTenants\": false,\r\n  \"displayName\": \"System.Security.SecureString\",\r\n  \"errorUrl\": null,\r\n  \"groupMembershipClaims\": null,\r\n  \"homepage\": null,\r\n  \"identifierUris\": [\r\n    \"http://System.Security.SecureString\"\r\n  ],\r\n  \"informationalUrls\": {\r\n    \"termsOfService\": null,\r\n    \"support\": null,\r\n    \"privacy\": null,\r\n    \"marketing\": null\r\n  },\r\n  \"isDeviceOnlyAuthSupported\": null,\r\n  \"keyCredentials\": [],\r\n  \"knownClientApplications\": [],\r\n  \"logoutUrl\": null,\r\n  \"logo@odata.mediaContentType\": \"application/json;odata=minimalmetadata; charset=utf-8\",\r\n  \"logoUrl\": null,\r\n  \"oauth2AllowIdTokenImplicitFlow\": true,\r\n  \"oauth2AllowImplicitFlow\": false,\r\n  \"oauth2AllowUrlPathMatching\": false,\r\n  \"oauth2Permissions\": [\r\n    {\r\n      \"adminConsentDescription\": \"Allow the application to access System.Security.SecureString on behalf of the signed-in user.\",\r\n      \"adminConsentDisplayName\": \"Access System.Security.SecureString\",\r\n      \"id\": \"181f8073-96eb-421d-9cd6-a529b5efb7f3\",\r\n      \"isEnabled\": true,\r\n      \"type\": \"User\",\r\n      \"userConsentDescription\": \"Allow the application to access System.Security.SecureString on your behalf.\",\r\n      \"userConsentDisplayName\": \"Access System.Security.SecureString\",\r\n      \"value\": \"user_impersonation\"\r\n    }\r\n  ],\r\n  \"oauth2RequirePostResponse\": false,\r\n  \"optionalClaims\": null,\r\n  \"orgRestrictions\": [],\r\n  \"parentalControlSettings\": {\r\n    \"countriesBlockedForMinors\": [],\r\n    \"legalAgeGroupRule\": \"Allow\"\r\n  },\r\n  \"passwordCredentials\": [\r\n    {\r\n      \"customKeyIdentifier\": null,\r\n      \"endDate\": \"2019-12-14T01:39:08.5924209Z\",\r\n      \"keyId\": \"4e7b7cff-cf0d-4a23-bffe-c74195b3a4e1\",\r\n      \"startDate\": \"2018-12-14T01:39:08.5924209Z\",\r\n      \"value\": null\r\n    }\r\n  ],\r\n  \"publicClient\": null,\r\n  \"publisherDomain\": \"rbacCliTest.onmicrosoft.com\",\r\n  \"recordConsentConditions\": null,\r\n  \"replyUrls\": [],\r\n  \"requiredResourceAccess\": [],\r\n  \"samlMetadataUrl\": null,\r\n  \"signInAudience\": \"AzureADMyOrg\",\r\n  \"tokenEncryptionKeyId\": null\r\n}",
      "StatusCode": 201
    },
    {
      "RequestUri": "/1273adef-00a3-4086-a51a-dbcce1857d36/applications/08c55d68-47aa-497e-9155-5623ef5db7d7?api-version=1.6",
      "EncodedRequestUri": "LzEyNzNhZGVmLTAwYTMtNDA4Ni1hNTFhLWRiY2NlMTg1N2QzNi9hcHBsaWNhdGlvbnMvMDhjNTVkNjgtNDdhYS00OTdlLTkxNTUtNTYyM2VmNWRiN2Q3P2FwaS12ZXJzaW9uPTEuNg==",
      "RequestMethod": "GET",
      "RequestBody": "",
      "RequestHeaders": {
        "x-ms-client-request-id": [
          "007fe62b-1865-4bbf-8fa5-cd544546068b"
        ],
        "Accept-Language": [
          "en-US"
        ],
        "User-Agent": [
          "FxVersion/4.6.26724.06",
          "OSName/Windows",
          "OSVersion/Microsoft.Windows.10.0.17763.",
          "Microsoft.Azure.Graph.RBAC.GraphRbacManagementClient/3.5.0.0"
        ]
      },
      "ResponseHeaders": {
        "Cache-Control": [
          "no-cache"
        ],
        "Pragma": [
          "no-cache"
        ],
        "Server": [
          "Microsoft-IIS/10.0"
        ],
        "ocp-aad-diagnostics-server-name": [
          "P277HeLOcMoYADlOIgX/5nDH/EQ2eMVFV4LkO8IWIBk="
        ],
        "request-id": [
          "9767079d-1664-4ff0-a51a-37ecd35e8abf"
        ],
        "client-request-id": [
          "007fe62b-1865-4bbf-8fa5-cd544546068b"
        ],
        "x-ms-dirapi-data-contract-version": [
          "1.6"
        ],
        "ocp-aad-session-key": [
          "LcouJI1zd-TG2MH9Sp_iDgUuBDefWc77qc9qbR-UEgY1RljR4SHemSTCJbdgP6OvkO5fEKqLdoshFLH8_VNa-jMCxH4BPzh0JLEXi7ZL5kOeFuMvGJxBQEd88Yrt6NWstoMTU39mK-6kQGsps-jPDQ.Mnrv1ElSqQT67Ev3pcozS1R49y3luZ1kVIQBWNHuuV8"
        ],
        "X-Content-Type-Options": [
          "nosniff"
        ],
        "DataServiceVersion": [
          "3.0;"
        ],
        "Strict-Transport-Security": [
          "max-age=31536000; includeSubDomains"
        ],
        "Access-Control-Allow-Origin": [
          "*"
        ],
        "X-AspNet-Version": [
          "4.0.30319"
        ],
        "X-Powered-By": [
          "ASP.NET"
        ],
        "Duration": [
          "1030430"
        ],
        "Date": [
          "Fri, 14 Dec 2018 01:39:08 GMT"
        ],
        "Content-Type": [
          "application/json; odata=minimalmetadata; streaming=true; charset=utf-8"
        ],
        "Expires": [
          "-1"
        ],
        "Content-Length": [
          "1987"
        ],
        "Retry-After": [
          "0"
        ]
      },
      "ResponseBody": "{\r\n  \"odata.metadata\": \"https://graph.windows.net/1273adef-00a3-4086-a51a-dbcce1857d36/$metadata#directoryObjects/Microsoft.DirectoryServices.Application/@Element\",\r\n  \"odata.type\": \"Microsoft.DirectoryServices.Application\",\r\n  \"objectType\": \"Application\",\r\n  \"objectId\": \"08c55d68-47aa-497e-9155-5623ef5db7d7\",\r\n  \"deletionTimestamp\": null,\r\n  \"acceptMappedClaims\": null,\r\n  \"addIns\": [],\r\n  \"appId\": \"eba280d0-94d7-4b97-b606-8bb8ff8afec1\",\r\n  \"appRoles\": [],\r\n  \"availableToOtherTenants\": false,\r\n  \"displayName\": \"System.Security.SecureString\",\r\n  \"errorUrl\": null,\r\n  \"groupMembershipClaims\": null,\r\n  \"homepage\": null,\r\n  \"identifierUris\": [\r\n    \"http://System.Security.SecureString\"\r\n  ],\r\n  \"informationalUrls\": {\r\n    \"termsOfService\": null,\r\n    \"support\": null,\r\n    \"privacy\": null,\r\n    \"marketing\": null\r\n  },\r\n  \"isDeviceOnlyAuthSupported\": null,\r\n  \"keyCredentials\": [],\r\n  \"knownClientApplications\": [],\r\n  \"logoutUrl\": null,\r\n  \"logoUrl\": null,\r\n  \"oauth2AllowIdTokenImplicitFlow\": true,\r\n  \"oauth2AllowImplicitFlow\": false,\r\n  \"oauth2AllowUrlPathMatching\": false,\r\n  \"oauth2Permissions\": [\r\n    {\r\n      \"adminConsentDescription\": \"Allow the application to access System.Security.SecureString on behalf of the signed-in user.\",\r\n      \"adminConsentDisplayName\": \"Access System.Security.SecureString\",\r\n      \"id\": \"181f8073-96eb-421d-9cd6-a529b5efb7f3\",\r\n      \"isEnabled\": true,\r\n      \"type\": \"User\",\r\n      \"userConsentDescription\": \"Allow the application to access System.Security.SecureString on your behalf.\",\r\n      \"userConsentDisplayName\": \"Access System.Security.SecureString\",\r\n      \"value\": \"user_impersonation\"\r\n    }\r\n  ],\r\n  \"oauth2RequirePostResponse\": false,\r\n  \"optionalClaims\": null,\r\n  \"orgRestrictions\": [],\r\n  \"parentalControlSettings\": {\r\n    \"countriesBlockedForMinors\": [],\r\n    \"legalAgeGroupRule\": \"Allow\"\r\n  },\r\n  \"passwordCredentials\": [\r\n    {\r\n      \"customKeyIdentifier\": null,\r\n      \"endDate\": \"2019-12-14T01:39:08.5924209Z\",\r\n      \"keyId\": \"4e7b7cff-cf0d-4a23-bffe-c74195b3a4e1\",\r\n      \"startDate\": \"2018-12-14T01:39:08.5924209Z\",\r\n      \"value\": null\r\n    }\r\n  ],\r\n  \"publicClient\": null,\r\n  \"publisherDomain\": \"rbacCliTest.onmicrosoft.com\",\r\n  \"recordConsentConditions\": null,\r\n  \"replyUrls\": [],\r\n  \"requiredResourceAccess\": [],\r\n  \"samlMetadataUrl\": null,\r\n  \"signInAudience\": \"AzureADMyOrg\",\r\n  \"tokenEncryptionKeyId\": null\r\n}",
      "StatusCode": 200
    },
    {
      "RequestUri": "/1273adef-00a3-4086-a51a-dbcce1857d36/applications/08c55d68-47aa-497e-9155-5623ef5db7d7/keyCredentials?api-version=1.6",
      "EncodedRequestUri": "LzEyNzNhZGVmLTAwYTMtNDA4Ni1hNTFhLWRiY2NlMTg1N2QzNi9hcHBsaWNhdGlvbnMvMDhjNTVkNjgtNDdhYS00OTdlLTkxNTUtNTYyM2VmNWRiN2Q3L2tleUNyZWRlbnRpYWxzP2FwaS12ZXJzaW9uPTEuNg==",
      "RequestMethod": "GET",
      "RequestBody": "",
      "RequestHeaders": {
        "x-ms-client-request-id": [
          "cc1c6808-106a-4c66-90c2-e511cc5b2b95"
        ],
        "Accept-Language": [
          "en-US"
        ],
        "User-Agent": [
          "FxVersion/4.6.26724.06",
          "OSName/Windows",
          "OSVersion/Microsoft.Windows.10.0.17763.",
          "Microsoft.Azure.Graph.RBAC.GraphRbacManagementClient/3.5.0.0"
        ]
      },
      "ResponseHeaders": {
        "Cache-Control": [
          "no-cache"
        ],
        "Pragma": [
          "no-cache"
        ],
        "Server": [
          "Microsoft-IIS/10.0"
        ],
        "ocp-aad-diagnostics-server-name": [
          "dWCANOa3JjPDcseMBZksFWn7gO0rsnL3G7snEFR71w8="
        ],
        "request-id": [
          "988f3ad4-ec0b-4ec6-bf65-5f28e9186e47"
        ],
        "client-request-id": [
          "cc1c6808-106a-4c66-90c2-e511cc5b2b95"
        ],
        "x-ms-dirapi-data-contract-version": [
          "1.6"
        ],
        "ocp-aad-session-key": [
          "q6um9roY7DvK5_PtJzWr-EhfcBc6UI3mSl6uRes5trY3g6minkiV7MCBfbaKSmFgE5GJp_nw65uUvYRhbYTFhfTW-jw4M8FRdiNAFaqSOFo6UEepwVQGvbRbu6wzvkbSZS9ixFm8E7moDpDUyZF6-Q.R6ZFY4oy2r7l_8n2go66M-jauxkHHpjuhBM2t7ZI0T8"
        ],
        "X-Content-Type-Options": [
          "nosniff"
        ],
        "DataServiceVersion": [
          "3.0;"
        ],
        "Strict-Transport-Security": [
          "max-age=31536000; includeSubDomains"
        ],
        "Access-Control-Allow-Origin": [
          "*"
        ],
        "X-AspNet-Version": [
          "4.0.30319"
        ],
        "X-Powered-By": [
          "ASP.NET"
        ],
        "Duration": [
          "489153"
        ],
        "Date": [
          "Fri, 14 Dec 2018 01:39:08 GMT"
        ],
        "Content-Type": [
          "application/json; odata=minimalmetadata; streaming=true; charset=utf-8"
        ],
        "Expires": [
          "-1"
        ],
        "Content-Length": [
          "158"
        ],
        "Retry-After": [
          "0"
        ]
      },
      "ResponseBody": "{\r\n  \"odata.metadata\": \"https://graph.windows.net/1273adef-00a3-4086-a51a-dbcce1857d36/$metadata#Collection(Microsoft.DirectoryServices.KeyCredential)\",\r\n  \"value\": []\r\n}",
      "StatusCode": 200
    },
    {
      "RequestUri": "/1273adef-00a3-4086-a51a-dbcce1857d36/applications/08c55d68-47aa-497e-9155-5623ef5db7d7/keyCredentials?api-version=1.6",
      "EncodedRequestUri": "LzEyNzNhZGVmLTAwYTMtNDA4Ni1hNTFhLWRiY2NlMTg1N2QzNi9hcHBsaWNhdGlvbnMvMDhjNTVkNjgtNDdhYS00OTdlLTkxNTUtNTYyM2VmNWRiN2Q3L2tleUNyZWRlbnRpYWxzP2FwaS12ZXJzaW9uPTEuNg==",
      "RequestMethod": "GET",
      "RequestBody": "",
      "RequestHeaders": {
        "x-ms-client-request-id": [
          "5d69bcb7-51b9-4ba4-91f8-10d1ba535ddd"
        ],
        "Accept-Language": [
          "en-US"
        ],
        "User-Agent": [
          "FxVersion/4.6.26724.06",
          "OSName/Windows",
          "OSVersion/Microsoft.Windows.10.0.17763.",
          "Microsoft.Azure.Graph.RBAC.GraphRbacManagementClient/3.5.0.0"
        ]
      },
      "ResponseHeaders": {
        "Cache-Control": [
          "no-cache"
        ],
        "Pragma": [
          "no-cache"
        ],
        "Server": [
          "Microsoft-IIS/10.0"
        ],
        "ocp-aad-diagnostics-server-name": [
          "dWCANOa3JjPDcseMBZksFWn7gO0rsnL3G7snEFR71w8="
        ],
        "request-id": [
          "1adec061-78f6-47d7-b595-c68970b28e53"
        ],
        "client-request-id": [
          "5d69bcb7-51b9-4ba4-91f8-10d1ba535ddd"
        ],
        "x-ms-dirapi-data-contract-version": [
          "1.6"
        ],
        "ocp-aad-session-key": [
          "_qxV4tEPVrFf13eMplCXXNipVkTF9SEAR6JT8OjRuYeWKb_gO0HDCvYmREs3Itxqngm5xoM8NuJDMvLCGZL6lDY5FtwYG54SBlI9-Pg4VhBzaqHslR0r0gETQdOZV8SvqRKY6CR1bazWbGGulnL6cg.mB0htkSwwPw98EdAXRkdyH9xnV9FB0x8GGDLklYjWoQ"
        ],
        "X-Content-Type-Options": [
          "nosniff"
        ],
        "DataServiceVersion": [
          "3.0;"
        ],
        "Strict-Transport-Security": [
          "max-age=31536000; includeSubDomains"
        ],
        "Access-Control-Allow-Origin": [
          "*"
        ],
        "X-AspNet-Version": [
          "4.0.30319"
        ],
        "X-Powered-By": [
          "ASP.NET"
        ],
        "Duration": [
          "384147"
        ],
        "Date": [
          "Fri, 14 Dec 2018 01:39:08 GMT"
        ],
        "Content-Type": [
          "application/json; odata=minimalmetadata; streaming=true; charset=utf-8"
        ],
        "Expires": [
          "-1"
        ],
        "Content-Length": [
          "158"
        ],
        "Retry-After": [
          "0"
        ]
      },
      "ResponseBody": "{\r\n  \"odata.metadata\": \"https://graph.windows.net/1273adef-00a3-4086-a51a-dbcce1857d36/$metadata#Collection(Microsoft.DirectoryServices.KeyCredential)\",\r\n  \"value\": []\r\n}",
      "StatusCode": 200
    },
    {
      "RequestUri": "/1273adef-00a3-4086-a51a-dbcce1857d36/applications/08c55d68-47aa-497e-9155-5623ef5db7d7/keyCredentials?api-version=1.6",
      "EncodedRequestUri": "LzEyNzNhZGVmLTAwYTMtNDA4Ni1hNTFhLWRiY2NlMTg1N2QzNi9hcHBsaWNhdGlvbnMvMDhjNTVkNjgtNDdhYS00OTdlLTkxNTUtNTYyM2VmNWRiN2Q3L2tleUNyZWRlbnRpYWxzP2FwaS12ZXJzaW9uPTEuNg==",
      "RequestMethod": "GET",
      "RequestBody": "",
      "RequestHeaders": {
        "x-ms-client-request-id": [
          "f71e803e-d27d-45bc-9160-9caed5378120"
        ],
        "Accept-Language": [
          "en-US"
        ],
        "User-Agent": [
          "FxVersion/4.6.26724.06",
          "OSName/Windows",
          "OSVersion/Microsoft.Windows.10.0.17763.",
          "Microsoft.Azure.Graph.RBAC.GraphRbacManagementClient/3.5.0.0"
        ]
      },
      "ResponseHeaders": {
        "Cache-Control": [
          "no-cache"
        ],
        "Pragma": [
          "no-cache"
        ],
        "ocp-aad-diagnostics-server-name": [
          "Ww4JZ3phP63mdXQAX3Q+w5V7Po6AayFlRCSGeKGwhtg="
        ],
        "request-id": [
          "c8bf9a48-47dd-454d-bf58-a81822e1247f"
        ],
        "client-request-id": [
          "f71e803e-d27d-45bc-9160-9caed5378120"
        ],
        "x-ms-dirapi-data-contract-version": [
          "1.6"
        ],
        "ocp-aad-session-key": [
          "h5RbePmPo7xtzBhpD3uJ8kuno0q8cPLTXYKTbNcdhMgxPekcbkq6N2I5Nrr2_Y89g7EVd2YRrN7YvKfNLjnNukt6QsLRaz-B9j3mBlHTB__HPSgqO7KStgreBm7DCk4khrXyRtg_AYIL243mOS_OJA.QTBIKcXpKSJN-u8yDU51dfyRuVdO2O8DCZ6d_EhOJOs"
        ],
        "X-Content-Type-Options": [
          "nosniff"
        ],
        "DataServiceVersion": [
          "3.0;"
        ],
        "Strict-Transport-Security": [
          "max-age=31536000; includeSubDomains"
        ],
        "Access-Control-Allow-Origin": [
          "*"
        ],
        "X-AspNet-Version": [
          "4.0.30319"
        ],
        "X-Powered-By": [
          "ASP.NET"
        ],
        "Duration": [
          "388221"
        ],
        "Date": [
          "Fri, 14 Dec 2018 01:39:10 GMT"
        ],
        "Content-Type": [
          "application/json; odata=minimalmetadata; streaming=true; charset=utf-8"
        ],
        "Expires": [
          "-1"
        ],
        "Content-Length": [
          "158"
        ],
        "Retry-After": [
          "0"
        ]
      },
      "ResponseBody": "{\r\n  \"odata.metadata\": \"https://graph.windows.net/1273adef-00a3-4086-a51a-dbcce1857d36/$metadata#Collection(Microsoft.DirectoryServices.KeyCredential)\",\r\n  \"value\": []\r\n}",
      "StatusCode": 200
    },
    {
      "RequestUri": "/1273adef-00a3-4086-a51a-dbcce1857d36/applications/08c55d68-47aa-497e-9155-5623ef5db7d7/keyCredentials?api-version=1.6",
      "EncodedRequestUri": "LzEyNzNhZGVmLTAwYTMtNDA4Ni1hNTFhLWRiY2NlMTg1N2QzNi9hcHBsaWNhdGlvbnMvMDhjNTVkNjgtNDdhYS00OTdlLTkxNTUtNTYyM2VmNWRiN2Q3L2tleUNyZWRlbnRpYWxzP2FwaS12ZXJzaW9uPTEuNg==",
      "RequestMethod": "GET",
      "RequestBody": "",
      "RequestHeaders": {
        "x-ms-client-request-id": [
          "9d53ef3e-5f34-4e1d-996d-83dea57ce664"
        ],
        "Accept-Language": [
          "en-US"
        ],
        "User-Agent": [
          "FxVersion/4.6.26724.06",
          "OSName/Windows",
          "OSVersion/Microsoft.Windows.10.0.17763.",
          "Microsoft.Azure.Graph.RBAC.GraphRbacManagementClient/3.5.0.0"
        ]
      },
      "ResponseHeaders": {
        "Cache-Control": [
          "no-cache"
        ],
        "Pragma": [
          "no-cache"
        ],
        "ocp-aad-diagnostics-server-name": [
          "P277HeLOcMoYADlOIgX/5nDH/EQ2eMVFV4LkO8IWIBk="
        ],
        "request-id": [
          "5b4f6d71-8bb5-48de-8164-dc0b5405999a"
        ],
        "client-request-id": [
          "9d53ef3e-5f34-4e1d-996d-83dea57ce664"
        ],
        "x-ms-dirapi-data-contract-version": [
          "1.6"
        ],
        "ocp-aad-session-key": [
          "7a_g2hTRSyR9r7zk5HQnajSMtX1p-JXfqGAdGCzrtXI0a5IVVDmMv38S3MDMQ8xc82eILsFF8nfhCk7T1bH2Zor6ADRfcFTMr08FOf1KHMwVGDd9Zufy1Xryplt_4ht27xMHO5GhR5SyNHw6uvz3UA.CRLIu1ytQzouZSTjXO8n5net4eQGv-JLG0cVW0-77Jc"
        ],
        "X-Content-Type-Options": [
          "nosniff"
        ],
        "DataServiceVersion": [
          "3.0;"
        ],
        "Strict-Transport-Security": [
          "max-age=31536000; includeSubDomains"
        ],
        "Access-Control-Allow-Origin": [
          "*"
        ],
        "X-AspNet-Version": [
          "4.0.30319"
        ],
        "X-Powered-By": [
          "ASP.NET"
        ],
        "Duration": [
          "448290"
        ],
        "Date": [
          "Fri, 14 Dec 2018 01:39:10 GMT"
        ],
        "Content-Type": [
          "application/json; odata=minimalmetadata; streaming=true; charset=utf-8"
        ],
        "Expires": [
          "-1"
        ],
        "Content-Length": [
          "413"
        ],
        "Retry-After": [
          "0"
        ]
      },
      "ResponseBody": "{\r\n  \"odata.metadata\": \"https://graph.windows.net/1273adef-00a3-4086-a51a-dbcce1857d36/$metadata#Collection(Microsoft.DirectoryServices.KeyCredential)\",\r\n  \"value\": [\r\n    {\r\n      \"customKeyIdentifier\": \"7208F5122F9DA63B5C938EC1A84004B795FDBDFE\",\r\n      \"endDate\": \"2018-12-15T01:39:10.3596973Z\",\r\n      \"keyId\": \"9b7fda23-cb39-4504-8aa6-3570c4239620\",\r\n      \"startDate\": \"2018-12-14T01:39:10.3596973Z\",\r\n      \"type\": \"AsymmetricX509Cert\",\r\n      \"usage\": \"Verify\",\r\n      \"value\": null\r\n    }\r\n  ]\r\n}",
      "StatusCode": 200
    },
    {
      "RequestUri": "/1273adef-00a3-4086-a51a-dbcce1857d36/applications/08c55d68-47aa-497e-9155-5623ef5db7d7/keyCredentials?api-version=1.6",
      "EncodedRequestUri": "LzEyNzNhZGVmLTAwYTMtNDA4Ni1hNTFhLWRiY2NlMTg1N2QzNi9hcHBsaWNhdGlvbnMvMDhjNTVkNjgtNDdhYS00OTdlLTkxNTUtNTYyM2VmNWRiN2Q3L2tleUNyZWRlbnRpYWxzP2FwaS12ZXJzaW9uPTEuNg==",
      "RequestMethod": "GET",
      "RequestBody": "",
      "RequestHeaders": {
        "x-ms-client-request-id": [
          "588db2f6-6fc6-4222-8eff-834c713e30c0"
        ],
        "Accept-Language": [
          "en-US"
        ],
        "User-Agent": [
          "FxVersion/4.6.26724.06",
          "OSName/Windows",
          "OSVersion/Microsoft.Windows.10.0.17763.",
          "Microsoft.Azure.Graph.RBAC.GraphRbacManagementClient/3.5.0.0"
        ]
      },
      "ResponseHeaders": {
        "Cache-Control": [
          "no-cache"
        ],
        "Pragma": [
          "no-cache"
        ],
        "ocp-aad-diagnostics-server-name": [
          "P277HeLOcMoYADlOIgX/5nDH/EQ2eMVFV4LkO8IWIBk="
        ],
        "request-id": [
          "cc32e0f1-0fc8-4cdd-ae30-e2a78eab6504"
        ],
        "client-request-id": [
          "588db2f6-6fc6-4222-8eff-834c713e30c0"
        ],
        "x-ms-dirapi-data-contract-version": [
          "1.6"
        ],
        "ocp-aad-session-key": [
          "XdbEizUkMGbX9gRwVES09HNDEO1haWHTo6XesQmoZpfgpmVvKPdXhMCMhs-WtLikYFEfuuVIqwcCf5cjtRMXJepAXzNECs88kjEDt7O3tHJHYCb7UVgBNdDTYv1DTChITpuw-U7TVGVbWFM4-cGAcQ.5SZ2luySaE-l5aFBsMs5dTUMIOkyvwiF2pO_n-PcQ7o"
        ],
        "X-Content-Type-Options": [
          "nosniff"
        ],
        "DataServiceVersion": [
          "3.0;"
        ],
        "Strict-Transport-Security": [
          "max-age=31536000; includeSubDomains"
        ],
        "Access-Control-Allow-Origin": [
          "*"
        ],
        "X-AspNet-Version": [
          "4.0.30319"
        ],
        "X-Powered-By": [
          "ASP.NET"
        ],
        "Duration": [
          "438513"
        ],
        "Date": [
          "Fri, 14 Dec 2018 01:39:10 GMT"
        ],
        "Content-Type": [
          "application/json; odata=minimalmetadata; streaming=true; charset=utf-8"
        ],
        "Expires": [
          "-1"
        ],
        "Content-Length": [
          "413"
        ],
        "Retry-After": [
          "0"
        ]
      },
      "ResponseBody": "{\r\n  \"odata.metadata\": \"https://graph.windows.net/1273adef-00a3-4086-a51a-dbcce1857d36/$metadata#Collection(Microsoft.DirectoryServices.KeyCredential)\",\r\n  \"value\": [\r\n    {\r\n      \"customKeyIdentifier\": \"7208F5122F9DA63B5C938EC1A84004B795FDBDFE\",\r\n      \"endDate\": \"2018-12-15T01:39:10.3596973Z\",\r\n      \"keyId\": \"9b7fda23-cb39-4504-8aa6-3570c4239620\",\r\n      \"startDate\": \"2018-12-14T01:39:10.3596973Z\",\r\n      \"type\": \"AsymmetricX509Cert\",\r\n      \"usage\": \"Verify\",\r\n      \"value\": null\r\n    }\r\n  ]\r\n}",
      "StatusCode": 200
    },
    {
      "RequestUri": "/1273adef-00a3-4086-a51a-dbcce1857d36/applications/08c55d68-47aa-497e-9155-5623ef5db7d7/keyCredentials?api-version=1.6",
      "EncodedRequestUri": "LzEyNzNhZGVmLTAwYTMtNDA4Ni1hNTFhLWRiY2NlMTg1N2QzNi9hcHBsaWNhdGlvbnMvMDhjNTVkNjgtNDdhYS00OTdlLTkxNTUtNTYyM2VmNWRiN2Q3L2tleUNyZWRlbnRpYWxzP2FwaS12ZXJzaW9uPTEuNg==",
      "RequestMethod": "GET",
      "RequestBody": "",
      "RequestHeaders": {
        "x-ms-client-request-id": [
          "ecd749ae-167f-48f6-9a94-7b9c9847822e"
        ],
        "Accept-Language": [
          "en-US"
        ],
        "User-Agent": [
          "FxVersion/4.6.26724.06",
          "OSName/Windows",
          "OSVersion/Microsoft.Windows.10.0.17763.",
          "Microsoft.Azure.Graph.RBAC.GraphRbacManagementClient/3.5.0.0"
        ]
      },
      "ResponseHeaders": {
        "Cache-Control": [
          "no-cache"
        ],
        "Pragma": [
          "no-cache"
        ],
        "ocp-aad-diagnostics-server-name": [
          "7zDIRrVJqjSZfhHAIvOE5P1Iegs1wlixjPO7KsOVy0Y="
        ],
        "request-id": [
          "f24e24d8-ac91-4a38-8774-cafe2829ea8c"
        ],
        "client-request-id": [
          "ecd749ae-167f-48f6-9a94-7b9c9847822e"
        ],
        "x-ms-dirapi-data-contract-version": [
          "1.6"
        ],
        "ocp-aad-session-key": [
          "dfX9m5dgBnpAKiOGaoSxGKQaJvH5wNV6UedG0oimgaBE6DcTEQw4VyQ2WqURl6wMbJIfdcdXMSIzsMfi41J_5RDmdaYn3JtxTYGfSWIgz7gfdU5RaB_JrSjozevPXEkDPotadLYMWBqgs-VIysoMeg.e6cCxGaY4WNk8lF3A40fvXpx5eGGOnw6-Dhgk-QOkgw"
        ],
        "X-Content-Type-Options": [
          "nosniff"
        ],
        "DataServiceVersion": [
          "3.0;"
        ],
        "Strict-Transport-Security": [
          "max-age=31536000; includeSubDomains"
        ],
        "Access-Control-Allow-Origin": [
          "*"
        ],
        "X-AspNet-Version": [
          "4.0.30319"
        ],
        "X-Powered-By": [
          "ASP.NET"
        ],
        "Duration": [
          "453239"
        ],
        "Date": [
          "Fri, 14 Dec 2018 01:39:10 GMT"
        ],
        "Content-Type": [
          "application/json; odata=minimalmetadata; streaming=true; charset=utf-8"
        ],
        "Expires": [
          "-1"
        ],
        "Content-Length": [
          "669"
        ],
        "Retry-After": [
          "0"
        ]
      },
      "ResponseBody": "{\r\n  \"odata.metadata\": \"https://graph.windows.net/1273adef-00a3-4086-a51a-dbcce1857d36/$metadata#Collection(Microsoft.DirectoryServices.KeyCredential)\",\r\n  \"value\": [\r\n    {\r\n      \"customKeyIdentifier\": \"7208F5122F9DA63B5C938EC1A84004B795FDBDFE\",\r\n      \"endDate\": \"2018-12-15T01:39:10.7393498Z\",\r\n      \"keyId\": \"4141b479-4ca0-4919-8451-7e155de6aa0f\",\r\n      \"startDate\": \"2018-12-14T01:39:10.7393498Z\",\r\n      \"type\": \"AsymmetricX509Cert\",\r\n      \"usage\": \"Verify\",\r\n      \"value\": null\r\n    },\r\n    {\r\n      \"customKeyIdentifier\": \"7208F5122F9DA63B5C938EC1A84004B795FDBDFE\",\r\n      \"endDate\": \"2018-12-15T01:39:10.3596973Z\",\r\n      \"keyId\": \"9b7fda23-cb39-4504-8aa6-3570c4239620\",\r\n      \"startDate\": \"2018-12-14T01:39:10.3596973Z\",\r\n      \"type\": \"AsymmetricX509Cert\",\r\n      \"usage\": \"Verify\",\r\n      \"value\": null\r\n    }\r\n  ]\r\n}",
      "StatusCode": 200
    },
    {
      "RequestUri": "/1273adef-00a3-4086-a51a-dbcce1857d36/applications/08c55d68-47aa-497e-9155-5623ef5db7d7/keyCredentials?api-version=1.6",
      "EncodedRequestUri": "LzEyNzNhZGVmLTAwYTMtNDA4Ni1hNTFhLWRiY2NlMTg1N2QzNi9hcHBsaWNhdGlvbnMvMDhjNTVkNjgtNDdhYS00OTdlLTkxNTUtNTYyM2VmNWRiN2Q3L2tleUNyZWRlbnRpYWxzP2FwaS12ZXJzaW9uPTEuNg==",
      "RequestMethod": "GET",
      "RequestBody": "",
      "RequestHeaders": {
        "x-ms-client-request-id": [
          "bc16a4c0-0f7b-4c6c-8153-8a29de374a46"
        ],
        "Accept-Language": [
          "en-US"
        ],
        "User-Agent": [
          "FxVersion/4.6.26724.06",
          "OSName/Windows",
          "OSVersion/Microsoft.Windows.10.0.17763.",
          "Microsoft.Azure.Graph.RBAC.GraphRbacManagementClient/3.5.0.0"
        ]
      },
      "ResponseHeaders": {
        "Cache-Control": [
          "no-cache"
        ],
        "Pragma": [
          "no-cache"
        ],
        "ocp-aad-diagnostics-server-name": [
          "Ww4JZ3phP63mdXQAX3Q+w5V7Po6AayFlRCSGeKGwhtg="
        ],
        "request-id": [
          "2c5752a5-b073-4659-901a-5374fb5a7942"
        ],
        "client-request-id": [
          "bc16a4c0-0f7b-4c6c-8153-8a29de374a46"
        ],
        "x-ms-dirapi-data-contract-version": [
          "1.6"
        ],
        "ocp-aad-session-key": [
          "D-ZxLdVw3bpghlIQcfb7Xmhb6oYLtCxbesQ20GcpHTIwUpPFDrLi8uwmPxBi03h6SGrcBHlmK-qtiHqGQMUhnqdDm2To_rJy2RlgIOJWmZ9vAAa14gnSvVwsH757sbJTfj96ShNUfmVCBy2dizvLZw.vlpkZl3B1MOCch7UTZVYo3zItWtZxE4qs9TRQjXnRt8"
        ],
        "X-Content-Type-Options": [
          "nosniff"
        ],
        "DataServiceVersion": [
          "3.0;"
        ],
        "Strict-Transport-Security": [
          "max-age=31536000; includeSubDomains"
        ],
        "Access-Control-Allow-Origin": [
          "*"
        ],
        "X-AspNet-Version": [
          "4.0.30319"
        ],
        "X-Powered-By": [
          "ASP.NET"
        ],
        "Duration": [
          "396003"
        ],
        "Date": [
          "Fri, 14 Dec 2018 01:39:11 GMT"
        ],
        "Content-Type": [
          "application/json; odata=minimalmetadata; streaming=true; charset=utf-8"
        ],
        "Expires": [
          "-1"
        ],
        "Content-Length": [
          "669"
        ],
        "Retry-After": [
          "0"
        ]
      },
      "ResponseBody": "{\r\n  \"odata.metadata\": \"https://graph.windows.net/1273adef-00a3-4086-a51a-dbcce1857d36/$metadata#Collection(Microsoft.DirectoryServices.KeyCredential)\",\r\n  \"value\": [\r\n    {\r\n      \"customKeyIdentifier\": \"7208F5122F9DA63B5C938EC1A84004B795FDBDFE\",\r\n      \"endDate\": \"2018-12-15T01:39:10.7393498Z\",\r\n      \"keyId\": \"4141b479-4ca0-4919-8451-7e155de6aa0f\",\r\n      \"startDate\": \"2018-12-14T01:39:10.7393498Z\",\r\n      \"type\": \"AsymmetricX509Cert\",\r\n      \"usage\": \"Verify\",\r\n      \"value\": null\r\n    },\r\n    {\r\n      \"customKeyIdentifier\": \"7208F5122F9DA63B5C938EC1A84004B795FDBDFE\",\r\n      \"endDate\": \"2018-12-15T01:39:10.3596973Z\",\r\n      \"keyId\": \"9b7fda23-cb39-4504-8aa6-3570c4239620\",\r\n      \"startDate\": \"2018-12-14T01:39:10.3596973Z\",\r\n      \"type\": \"AsymmetricX509Cert\",\r\n      \"usage\": \"Verify\",\r\n      \"value\": null\r\n    }\r\n  ]\r\n}",
      "StatusCode": 200
    },
    {
      "RequestUri": "/1273adef-00a3-4086-a51a-dbcce1857d36/applications/08c55d68-47aa-497e-9155-5623ef5db7d7/keyCredentials?api-version=1.6",
      "EncodedRequestUri": "LzEyNzNhZGVmLTAwYTMtNDA4Ni1hNTFhLWRiY2NlMTg1N2QzNi9hcHBsaWNhdGlvbnMvMDhjNTVkNjgtNDdhYS00OTdlLTkxNTUtNTYyM2VmNWRiN2Q3L2tleUNyZWRlbnRpYWxzP2FwaS12ZXJzaW9uPTEuNg==",
      "RequestMethod": "GET",
      "RequestBody": "",
      "RequestHeaders": {
        "x-ms-client-request-id": [
          "f14d4951-0178-4cee-bf8f-03bcab649865"
        ],
        "Accept-Language": [
          "en-US"
        ],
        "User-Agent": [
          "FxVersion/4.6.26724.06",
          "OSName/Windows",
          "OSVersion/Microsoft.Windows.10.0.17763.",
          "Microsoft.Azure.Graph.RBAC.GraphRbacManagementClient/3.5.0.0"
        ]
      },
      "ResponseHeaders": {
        "Cache-Control": [
          "no-cache"
        ],
        "Pragma": [
          "no-cache"
        ],
        "ocp-aad-diagnostics-server-name": [
          "Ww4JZ3phP63mdXQAX3Q+w5V7Po6AayFlRCSGeKGwhtg="
        ],
        "request-id": [
          "3b723cbd-ed12-449e-8df5-8dd6abc6b735"
        ],
        "client-request-id": [
          "f14d4951-0178-4cee-bf8f-03bcab649865"
        ],
        "x-ms-dirapi-data-contract-version": [
          "1.6"
        ],
        "ocp-aad-session-key": [
          "E8g1rHCKxbH5_llvboz8eyTZ3jXTQinSUKv5Z84XdovWOZN4Mi2RRzDNyM_I2F1yzxFSGoDCqnaD_zgImgChCHyDVstTIQF2iF2SKzABxEqcHOEW4feycj1lnkWZI1hPBK_xRZ3eSPjb_RgP1_dpuw.rJuAPTOd9ZwN3BGg4WpmltNqSCaooH8tKVkpBQNuzvk"
        ],
        "X-Content-Type-Options": [
          "nosniff"
        ],
        "DataServiceVersion": [
          "3.0;"
        ],
        "Strict-Transport-Security": [
          "max-age=31536000; includeSubDomains"
        ],
        "Access-Control-Allow-Origin": [
          "*"
        ],
        "X-AspNet-Version": [
          "4.0.30319"
        ],
        "X-Powered-By": [
          "ASP.NET"
        ],
        "Duration": [
          "413308"
        ],
        "Date": [
          "Fri, 14 Dec 2018 01:39:11 GMT"
        ],
        "Content-Type": [
          "application/json; odata=minimalmetadata; streaming=true; charset=utf-8"
        ],
        "Expires": [
          "-1"
        ],
        "Content-Length": [
          "413"
        ],
        "Retry-After": [
          "0"
        ]
      },
      "ResponseBody": "{\r\n  \"odata.metadata\": \"https://graph.windows.net/1273adef-00a3-4086-a51a-dbcce1857d36/$metadata#Collection(Microsoft.DirectoryServices.KeyCredential)\",\r\n  \"value\": [\r\n    {\r\n      \"customKeyIdentifier\": \"7208F5122F9DA63B5C938EC1A84004B795FDBDFE\",\r\n      \"endDate\": \"2018-12-15T01:39:10.3596973Z\",\r\n      \"keyId\": \"9b7fda23-cb39-4504-8aa6-3570c4239620\",\r\n      \"startDate\": \"2018-12-14T01:39:10.3596973Z\",\r\n      \"type\": \"AsymmetricX509Cert\",\r\n      \"usage\": \"Verify\",\r\n      \"value\": null\r\n    }\r\n  ]\r\n}",
      "StatusCode": 200
    },
    {
      "RequestUri": "/1273adef-00a3-4086-a51a-dbcce1857d36/applications/08c55d68-47aa-497e-9155-5623ef5db7d7/keyCredentials?api-version=1.6",
      "EncodedRequestUri": "LzEyNzNhZGVmLTAwYTMtNDA4Ni1hNTFhLWRiY2NlMTg1N2QzNi9hcHBsaWNhdGlvbnMvMDhjNTVkNjgtNDdhYS00OTdlLTkxNTUtNTYyM2VmNWRiN2Q3L2tleUNyZWRlbnRpYWxzP2FwaS12ZXJzaW9uPTEuNg==",
      "RequestMethod": "GET",
      "RequestBody": "",
      "RequestHeaders": {
        "x-ms-client-request-id": [
          "91b6c1d8-806a-482d-bd93-bb290bfc2011"
        ],
        "Accept-Language": [
          "en-US"
        ],
        "User-Agent": [
          "FxVersion/4.6.26724.06",
          "OSName/Windows",
          "OSVersion/Microsoft.Windows.10.0.17763.",
          "Microsoft.Azure.Graph.RBAC.GraphRbacManagementClient/3.5.0.0"
        ]
      },
      "ResponseHeaders": {
        "Cache-Control": [
          "no-cache"
        ],
        "Pragma": [
          "no-cache"
        ],
        "ocp-aad-diagnostics-server-name": [
          "dWCANOa3JjPDcseMBZksFWn7gO0rsnL3G7snEFR71w8="
        ],
        "request-id": [
          "87b98b27-a4a9-4aad-9bc4-a508694e43b2"
        ],
        "client-request-id": [
          "91b6c1d8-806a-482d-bd93-bb290bfc2011"
        ],
        "x-ms-dirapi-data-contract-version": [
          "1.6"
        ],
        "ocp-aad-session-key": [
          "LCVeXtoCtyIpHMmDekVqGeZTk08b4pXLhWU36QHxwFMqR1pkBjSGpD1_uS84ne9-gxcM0RyPmbv-16PXzCscLiu6PVE6sz_MdCeFKVPJ70RQpcxhG0r964fI4UGCmCHShJy9f9qnbXKxflxZGskznw.hpu9jlVmSOJtGuhT1BvlxrKYyEEFDI6oMBCFUehsQaQ"
        ],
        "X-Content-Type-Options": [
          "nosniff"
        ],
        "DataServiceVersion": [
          "3.0;"
        ],
        "Strict-Transport-Security": [
          "max-age=31536000; includeSubDomains"
        ],
        "Access-Control-Allow-Origin": [
          "*"
        ],
        "X-AspNet-Version": [
          "4.0.30319"
        ],
        "X-Powered-By": [
          "ASP.NET"
        ],
        "Duration": [
          "373051"
        ],
        "Date": [
          "Fri, 14 Dec 2018 01:39:11 GMT"
        ],
        "Content-Type": [
          "application/json; odata=minimalmetadata; streaming=true; charset=utf-8"
        ],
        "Expires": [
          "-1"
        ],
        "Content-Length": [
          "158"
        ],
        "Retry-After": [
          "0"
        ]
      },
      "ResponseBody": "{\r\n  \"odata.metadata\": \"https://graph.windows.net/1273adef-00a3-4086-a51a-dbcce1857d36/$metadata#Collection(Microsoft.DirectoryServices.KeyCredential)\",\r\n  \"value\": []\r\n}",
      "StatusCode": 200
    },
    {
      "RequestUri": "/1273adef-00a3-4086-a51a-dbcce1857d36/applications/08c55d68-47aa-497e-9155-5623ef5db7d7/passwordCredentials?api-version=1.6",
      "EncodedRequestUri": "LzEyNzNhZGVmLTAwYTMtNDA4Ni1hNTFhLWRiY2NlMTg1N2QzNi9hcHBsaWNhdGlvbnMvMDhjNTVkNjgtNDdhYS00OTdlLTkxNTUtNTYyM2VmNWRiN2Q3L3Bhc3N3b3JkQ3JlZGVudGlhbHM/YXBpLXZlcnNpb249MS42",
      "RequestMethod": "GET",
      "RequestBody": "",
      "RequestHeaders": {
        "x-ms-client-request-id": [
          "3c1ec051-46a5-4983-b1f8-a35402541a57"
        ],
        "Accept-Language": [
          "en-US"
        ],
        "User-Agent": [
          "FxVersion/4.6.26724.06",
          "OSName/Windows",
          "OSVersion/Microsoft.Windows.10.0.17763.",
          "Microsoft.Azure.Graph.RBAC.GraphRbacManagementClient/3.5.0.0"
        ]
      },
      "ResponseHeaders": {
        "Cache-Control": [
          "no-cache"
        ],
        "Pragma": [
          "no-cache"
        ],
        "Server": [
          "Microsoft-IIS/10.0"
        ],
        "ocp-aad-diagnostics-server-name": [
          "P277HeLOcMoYADlOIgX/5nDH/EQ2eMVFV4LkO8IWIBk="
        ],
        "request-id": [
          "83b83929-4c24-4b6e-a3e2-b20542033a28"
        ],
        "client-request-id": [
          "3c1ec051-46a5-4983-b1f8-a35402541a57"
        ],
        "x-ms-dirapi-data-contract-version": [
          "1.6"
        ],
        "ocp-aad-session-key": [
          "CPISHoQMUyyyCJ2LyKkWPorA4zIjzYWhz7WcoOKmRa0dvTRnBzOnVQBldsd-RMfsbfapjyJNqSq48NOi4GfGmEItXEtTpcoImoImlyavG3p7eNT_TGWx8gnWvMdXltkRg-Yg6WFqu8xeuGOeLVZD-A.6F5mC7ZBm7TdzlHdU99O6frlPt8Ok_AKE8xjweCzyHg"
        ],
        "X-Content-Type-Options": [
          "nosniff"
        ],
        "DataServiceVersion": [
          "3.0;"
        ],
        "Strict-Transport-Security": [
          "max-age=31536000; includeSubDomains"
        ],
        "Access-Control-Allow-Origin": [
          "*"
        ],
        "X-AspNet-Version": [
          "4.0.30319"
        ],
        "X-Powered-By": [
          "ASP.NET"
        ],
        "Duration": [
          "370140"
        ],
        "Date": [
          "Fri, 14 Dec 2018 01:39:08 GMT"
        ],
        "Content-Type": [
          "application/json; odata=minimalmetadata; streaming=true; charset=utf-8"
        ],
        "Expires": [
          "-1"
        ],
        "Content-Length": [
          "335"
        ],
        "Retry-After": [
          "0"
        ]
      },
      "ResponseBody": "{\r\n  \"odata.metadata\": \"https://graph.windows.net/1273adef-00a3-4086-a51a-dbcce1857d36/$metadata#Collection(Microsoft.DirectoryServices.PasswordCredential)\",\r\n  \"value\": [\r\n    {\r\n      \"customKeyIdentifier\": null,\r\n      \"endDate\": \"2019-12-14T01:39:08.5924209Z\",\r\n      \"keyId\": \"4e7b7cff-cf0d-4a23-bffe-c74195b3a4e1\",\r\n      \"startDate\": \"2018-12-14T01:39:08.5924209Z\",\r\n      \"value\": null\r\n    }\r\n  ]\r\n}",
      "StatusCode": 200
    },
    {
      "RequestUri": "/1273adef-00a3-4086-a51a-dbcce1857d36/applications/08c55d68-47aa-497e-9155-5623ef5db7d7/passwordCredentials?api-version=1.6",
      "EncodedRequestUri": "LzEyNzNhZGVmLTAwYTMtNDA4Ni1hNTFhLWRiY2NlMTg1N2QzNi9hcHBsaWNhdGlvbnMvMDhjNTVkNjgtNDdhYS00OTdlLTkxNTUtNTYyM2VmNWRiN2Q3L3Bhc3N3b3JkQ3JlZGVudGlhbHM/YXBpLXZlcnNpb249MS42",
      "RequestMethod": "GET",
      "RequestBody": "",
      "RequestHeaders": {
        "x-ms-client-request-id": [
          "2724afa0-4ff0-4773-848d-6c59c78992d2"
        ],
        "Accept-Language": [
          "en-US"
        ],
        "User-Agent": [
          "FxVersion/4.6.26724.06",
          "OSName/Windows",
          "OSVersion/Microsoft.Windows.10.0.17763.",
          "Microsoft.Azure.Graph.RBAC.GraphRbacManagementClient/3.5.0.0"
        ]
      },
      "ResponseHeaders": {
        "Cache-Control": [
          "no-cache"
        ],
        "Pragma": [
          "no-cache"
        ],
        "Server": [
          "Microsoft-IIS/10.0"
        ],
        "ocp-aad-diagnostics-server-name": [
          "P277HeLOcMoYADlOIgX/5nDH/EQ2eMVFV4LkO8IWIBk="
        ],
        "request-id": [
          "346149a1-26fd-4ec7-ad99-06769cf53a9c"
        ],
        "client-request-id": [
          "2724afa0-4ff0-4773-848d-6c59c78992d2"
        ],
        "x-ms-dirapi-data-contract-version": [
          "1.6"
        ],
        "ocp-aad-session-key": [
          "HK_D7gyg0rD6keG8nNBNDHzTzyt326--TrIBYVfihqKYAYky7OYnVssL9wkDoId1re1Hjf6IoMDE1ICxpOtU2nSAi2mPRPYgJXwAKYh2IYlFJ1QUVTi05baUdJQnrW6-SqSa5z8jVq1AyJuOnVM6_Q.5VgYV5fzY4UjwaTz0stjE-3ZdxrcZEzbktFNMOI6kmo"
        ],
        "X-Content-Type-Options": [
          "nosniff"
        ],
        "DataServiceVersion": [
          "3.0;"
        ],
        "Strict-Transport-Security": [
          "max-age=31536000; includeSubDomains"
        ],
        "Access-Control-Allow-Origin": [
          "*"
        ],
        "X-AspNet-Version": [
          "4.0.30319"
        ],
        "X-Powered-By": [
          "ASP.NET"
        ],
        "Duration": [
          "337987"
        ],
        "Date": [
          "Fri, 14 Dec 2018 01:39:08 GMT"
        ],
        "Content-Type": [
          "application/json; odata=minimalmetadata; streaming=true; charset=utf-8"
        ],
        "Expires": [
          "-1"
        ],
        "Content-Length": [
          "335"
        ],
        "Retry-After": [
          "0"
        ]
      },
      "ResponseBody": "{\r\n  \"odata.metadata\": \"https://graph.windows.net/1273adef-00a3-4086-a51a-dbcce1857d36/$metadata#Collection(Microsoft.DirectoryServices.PasswordCredential)\",\r\n  \"value\": [\r\n    {\r\n      \"customKeyIdentifier\": null,\r\n      \"endDate\": \"2019-12-14T01:39:08.5924209Z\",\r\n      \"keyId\": \"4e7b7cff-cf0d-4a23-bffe-c74195b3a4e1\",\r\n      \"startDate\": \"2018-12-14T01:39:08.5924209Z\",\r\n      \"value\": null\r\n    }\r\n  ]\r\n}",
      "StatusCode": 200
    },
    {
      "RequestUri": "/1273adef-00a3-4086-a51a-dbcce1857d36/applications/08c55d68-47aa-497e-9155-5623ef5db7d7/passwordCredentials?api-version=1.6",
      "EncodedRequestUri": "LzEyNzNhZGVmLTAwYTMtNDA4Ni1hNTFhLWRiY2NlMTg1N2QzNi9hcHBsaWNhdGlvbnMvMDhjNTVkNjgtNDdhYS00OTdlLTkxNTUtNTYyM2VmNWRiN2Q3L3Bhc3N3b3JkQ3JlZGVudGlhbHM/YXBpLXZlcnNpb249MS42",
      "RequestMethod": "GET",
      "RequestBody": "",
      "RequestHeaders": {
        "x-ms-client-request-id": [
          "52e912b4-c7e2-4cef-8f76-f0e1317d1495"
        ],
        "Accept-Language": [
          "en-US"
        ],
        "User-Agent": [
          "FxVersion/4.6.26724.06",
          "OSName/Windows",
          "OSVersion/Microsoft.Windows.10.0.17763.",
          "Microsoft.Azure.Graph.RBAC.GraphRbacManagementClient/3.5.0.0"
        ]
      },
      "ResponseHeaders": {
        "Cache-Control": [
          "no-cache"
        ],
        "Pragma": [
          "no-cache"
        ],
        "ocp-aad-diagnostics-server-name": [
          "dWCANOa3JjPDcseMBZksFWn7gO0rsnL3G7snEFR71w8="
        ],
        "request-id": [
          "6d1325c3-aabc-4b3f-8363-6e69e411880a"
        ],
        "client-request-id": [
          "52e912b4-c7e2-4cef-8f76-f0e1317d1495"
        ],
        "x-ms-dirapi-data-contract-version": [
          "1.6"
        ],
        "ocp-aad-session-key": [
          "kK8xjjUjtupbJ-0FQ6nmQitBF0nQ4XhXBhFWzqptmlWFARPg3x7gU2ieqi-jUSELcXd2w3f3oUPgGcTkKzAivOq6CFDY2B-qKwBWhc9i9hf0SAemAgPwA4b_zFcILiVD3ACbGhJh5DMFsP1Y50Ar4w.6km1QFp3aI-YrvAC_rIfRDZdb1nnFWtzKtRjNDEkeLU"
        ],
        "X-Content-Type-Options": [
          "nosniff"
        ],
        "DataServiceVersion": [
          "3.0;"
        ],
        "Strict-Transport-Security": [
          "max-age=31536000; includeSubDomains"
        ],
        "Access-Control-Allow-Origin": [
          "*"
        ],
        "X-AspNet-Version": [
          "4.0.30319"
        ],
        "X-Powered-By": [
          "ASP.NET"
        ],
        "Duration": [
          "353330"
        ],
        "Date": [
          "Fri, 14 Dec 2018 01:39:08 GMT"
        ],
        "Content-Type": [
          "application/json; odata=minimalmetadata; streaming=true; charset=utf-8"
        ],
        "Expires": [
          "-1"
        ],
        "Content-Length": [
          "508"
        ],
        "Retry-After": [
          "0"
        ]
      },
      "ResponseBody": "{\r\n  \"odata.metadata\": \"https://graph.windows.net/1273adef-00a3-4086-a51a-dbcce1857d36/$metadata#Collection(Microsoft.DirectoryServices.PasswordCredential)\",\r\n  \"value\": [\r\n    {\r\n      \"customKeyIdentifier\": null,\r\n      \"endDate\": \"2019-12-14T01:39:09.4907932Z\",\r\n      \"keyId\": \"316af45c-83ff-42a5-a1d1-8fe9b2de3ac1\",\r\n      \"startDate\": \"2018-12-14T01:39:09.4907932Z\",\r\n      \"value\": null\r\n    },\r\n    {\r\n      \"customKeyIdentifier\": null,\r\n      \"endDate\": \"2019-12-14T01:39:08.5924209Z\",\r\n      \"keyId\": \"4e7b7cff-cf0d-4a23-bffe-c74195b3a4e1\",\r\n      \"startDate\": \"2018-12-14T01:39:08.5924209Z\",\r\n      \"value\": null\r\n    }\r\n  ]\r\n}",
      "StatusCode": 200
    },
    {
      "RequestUri": "/1273adef-00a3-4086-a51a-dbcce1857d36/applications/08c55d68-47aa-497e-9155-5623ef5db7d7/passwordCredentials?api-version=1.6",
      "EncodedRequestUri": "LzEyNzNhZGVmLTAwYTMtNDA4Ni1hNTFhLWRiY2NlMTg1N2QzNi9hcHBsaWNhdGlvbnMvMDhjNTVkNjgtNDdhYS00OTdlLTkxNTUtNTYyM2VmNWRiN2Q3L3Bhc3N3b3JkQ3JlZGVudGlhbHM/YXBpLXZlcnNpb249MS42",
      "RequestMethod": "GET",
      "RequestBody": "",
      "RequestHeaders": {
        "x-ms-client-request-id": [
          "a80ef43f-51c5-4548-9ca6-bc90855da716"
        ],
        "Accept-Language": [
          "en-US"
        ],
        "User-Agent": [
          "FxVersion/4.6.26724.06",
          "OSName/Windows",
          "OSVersion/Microsoft.Windows.10.0.17763.",
          "Microsoft.Azure.Graph.RBAC.GraphRbacManagementClient/3.5.0.0"
        ]
      },
      "ResponseHeaders": {
        "Cache-Control": [
          "no-cache"
        ],
        "Pragma": [
          "no-cache"
        ],
        "ocp-aad-diagnostics-server-name": [
          "dWCANOa3JjPDcseMBZksFWn7gO0rsnL3G7snEFR71w8="
        ],
        "request-id": [
          "3c0ca491-37bb-4978-8de0-3ddd6fa47b56"
        ],
        "client-request-id": [
          "a80ef43f-51c5-4548-9ca6-bc90855da716"
        ],
        "x-ms-dirapi-data-contract-version": [
          "1.6"
        ],
        "ocp-aad-session-key": [
          "aV49PcpGsOsEPZkwVmChwgeJZeDWepdxhFTjmn1MGm0hS2wHlpyEwXuzxkk_gYiEnYNpsAns0cQ7AYM6RwIRBQS0j9FGyjY_yGl_NcXNKoWMJjW2uZPihgNxJAcIonBMwKpQ0V95-B8pSQFDwLih6w.TkCJx92F0qn5A5nPEHt66tFFYFYKRyi7Ab2sWxQYxcs"
        ],
        "X-Content-Type-Options": [
          "nosniff"
        ],
        "DataServiceVersion": [
          "3.0;"
        ],
        "Strict-Transport-Security": [
          "max-age=31536000; includeSubDomains"
        ],
        "Access-Control-Allow-Origin": [
          "*"
        ],
        "X-AspNet-Version": [
          "4.0.30319"
        ],
        "X-Powered-By": [
          "ASP.NET"
        ],
        "Duration": [
          "434094"
        ],
        "Date": [
          "Fri, 14 Dec 2018 01:39:10 GMT"
        ],
        "Content-Type": [
          "application/json; odata=minimalmetadata; streaming=true; charset=utf-8"
        ],
        "Expires": [
          "-1"
        ],
        "Content-Length": [
          "508"
        ],
        "Retry-After": [
          "0"
        ]
      },
      "ResponseBody": "{\r\n  \"odata.metadata\": \"https://graph.windows.net/1273adef-00a3-4086-a51a-dbcce1857d36/$metadata#Collection(Microsoft.DirectoryServices.PasswordCredential)\",\r\n  \"value\": [\r\n    {\r\n      \"customKeyIdentifier\": null,\r\n      \"endDate\": \"2019-12-14T01:39:09.4907932Z\",\r\n      \"keyId\": \"316af45c-83ff-42a5-a1d1-8fe9b2de3ac1\",\r\n      \"startDate\": \"2018-12-14T01:39:09.4907932Z\",\r\n      \"value\": null\r\n    },\r\n    {\r\n      \"customKeyIdentifier\": null,\r\n      \"endDate\": \"2019-12-14T01:39:08.5924209Z\",\r\n      \"keyId\": \"4e7b7cff-cf0d-4a23-bffe-c74195b3a4e1\",\r\n      \"startDate\": \"2018-12-14T01:39:08.5924209Z\",\r\n      \"value\": null\r\n    }\r\n  ]\r\n}",
      "StatusCode": 200
    },
    {
      "RequestUri": "/1273adef-00a3-4086-a51a-dbcce1857d36/applications/08c55d68-47aa-497e-9155-5623ef5db7d7/passwordCredentials?api-version=1.6",
      "EncodedRequestUri": "LzEyNzNhZGVmLTAwYTMtNDA4Ni1hNTFhLWRiY2NlMTg1N2QzNi9hcHBsaWNhdGlvbnMvMDhjNTVkNjgtNDdhYS00OTdlLTkxNTUtNTYyM2VmNWRiN2Q3L3Bhc3N3b3JkQ3JlZGVudGlhbHM/YXBpLXZlcnNpb249MS42",
      "RequestMethod": "GET",
      "RequestBody": "",
      "RequestHeaders": {
        "x-ms-client-request-id": [
          "307e236d-e530-4797-83e2-560b4e2f59f8"
        ],
        "Accept-Language": [
          "en-US"
        ],
        "User-Agent": [
          "FxVersion/4.6.26724.06",
          "OSName/Windows",
          "OSVersion/Microsoft.Windows.10.0.17763.",
          "Microsoft.Azure.Graph.RBAC.GraphRbacManagementClient/3.5.0.0"
        ]
      },
      "ResponseHeaders": {
        "Cache-Control": [
          "no-cache"
        ],
        "Pragma": [
          "no-cache"
        ],
        "ocp-aad-diagnostics-server-name": [
          "P277HeLOcMoYADlOIgX/5nDH/EQ2eMVFV4LkO8IWIBk="
        ],
        "request-id": [
          "ecbc3137-0543-4ffd-a3da-3d255f292229"
        ],
        "client-request-id": [
          "307e236d-e530-4797-83e2-560b4e2f59f8"
        ],
        "x-ms-dirapi-data-contract-version": [
          "1.6"
        ],
        "ocp-aad-session-key": [
          "GbzYqBe-R_nDk3wHk0vwI8I4Pz56bv9OU7KErBFUOxxP2Yzjuv-7z7nq2NlBANRevUJSAk-RvKJMkIhYb8iGHo9Tm4Wm2AnE3Bne3-xdD1rasX8hRyGnuTpRT7i284jdopwLon1LKm36q9ytVZz3lA.dU4Z9IYXvA-957tTLbqzhDxSkLWBCItw7RysmpJzzIU"
        ],
        "X-Content-Type-Options": [
          "nosniff"
        ],
        "DataServiceVersion": [
          "3.0;"
        ],
        "Strict-Transport-Security": [
          "max-age=31536000; includeSubDomains"
        ],
        "Access-Control-Allow-Origin": [
          "*"
        ],
        "X-AspNet-Version": [
          "4.0.30319"
        ],
        "X-Powered-By": [
          "ASP.NET"
        ],
        "Duration": [
          "472829"
        ],
        "Date": [
          "Fri, 14 Dec 2018 01:39:10 GMT"
        ],
        "Content-Type": [
          "application/json; odata=minimalmetadata; streaming=true; charset=utf-8"
        ],
        "Expires": [
          "-1"
        ],
        "Content-Length": [
          "508"
        ],
        "Retry-After": [
          "0"
        ]
      },
      "ResponseBody": "{\r\n  \"odata.metadata\": \"https://graph.windows.net/1273adef-00a3-4086-a51a-dbcce1857d36/$metadata#Collection(Microsoft.DirectoryServices.PasswordCredential)\",\r\n  \"value\": [\r\n    {\r\n      \"customKeyIdentifier\": null,\r\n      \"endDate\": \"2019-12-14T01:39:09.4907932Z\",\r\n      \"keyId\": \"316af45c-83ff-42a5-a1d1-8fe9b2de3ac1\",\r\n      \"startDate\": \"2018-12-14T01:39:09.4907932Z\",\r\n      \"value\": null\r\n    },\r\n    {\r\n      \"customKeyIdentifier\": null,\r\n      \"endDate\": \"2019-12-14T01:39:08.5924209Z\",\r\n      \"keyId\": \"4e7b7cff-cf0d-4a23-bffe-c74195b3a4e1\",\r\n      \"startDate\": \"2018-12-14T01:39:08.5924209Z\",\r\n      \"value\": null\r\n    }\r\n  ]\r\n}",
      "StatusCode": 200
    },
    {
      "RequestUri": "/1273adef-00a3-4086-a51a-dbcce1857d36/applications/08c55d68-47aa-497e-9155-5623ef5db7d7/passwordCredentials?api-version=1.6",
      "EncodedRequestUri": "LzEyNzNhZGVmLTAwYTMtNDA4Ni1hNTFhLWRiY2NlMTg1N2QzNi9hcHBsaWNhdGlvbnMvMDhjNTVkNjgtNDdhYS00OTdlLTkxNTUtNTYyM2VmNWRiN2Q3L3Bhc3N3b3JkQ3JlZGVudGlhbHM/YXBpLXZlcnNpb249MS42",
      "RequestMethod": "GET",
      "RequestBody": "",
      "RequestHeaders": {
        "x-ms-client-request-id": [
          "7ebe5671-714e-4010-bfdf-8ef0acb1b5ad"
        ],
        "Accept-Language": [
          "en-US"
        ],
        "User-Agent": [
          "FxVersion/4.6.26724.06",
          "OSName/Windows",
          "OSVersion/Microsoft.Windows.10.0.17763.",
          "Microsoft.Azure.Graph.RBAC.GraphRbacManagementClient/3.5.0.0"
        ]
      },
      "ResponseHeaders": {
        "Cache-Control": [
          "no-cache"
        ],
        "Pragma": [
          "no-cache"
        ],
        "ocp-aad-diagnostics-server-name": [
          "dWCANOa3JjPDcseMBZksFWn7gO0rsnL3G7snEFR71w8="
        ],
        "request-id": [
          "17cdd659-d60b-4630-a785-2e3720b83746"
        ],
        "client-request-id": [
          "7ebe5671-714e-4010-bfdf-8ef0acb1b5ad"
        ],
        "x-ms-dirapi-data-contract-version": [
          "1.6"
        ],
        "ocp-aad-session-key": [
          "Uajm-rEbD-33r4XsajjtbO-J0vmeWeR1gzjjWIAiT8U49qC-mqVAeKtH2fDnKtrXmFYqrOfVSB3E2TJr13BjYF9QdZgyXOTaHQskedjVFH1gz-asu8ehKzrIgsnBPPbwRlagWUdl1FsJdZaMIBhFBQ.diXbr8HPN0t_2pCHcIe7oWdAMbYCqSEj-aYEUr4JFaY"
        ],
        "X-Content-Type-Options": [
          "nosniff"
        ],
        "DataServiceVersion": [
          "3.0;"
        ],
        "Strict-Transport-Security": [
          "max-age=31536000; includeSubDomains"
        ],
        "Access-Control-Allow-Origin": [
          "*"
        ],
        "X-AspNet-Version": [
          "4.0.30319"
        ],
        "X-Powered-By": [
          "ASP.NET"
        ],
        "Duration": [
          "417115"
        ],
        "Date": [
          "Fri, 14 Dec 2018 01:39:11 GMT"
        ],
        "Content-Type": [
          "application/json; odata=minimalmetadata; streaming=true; charset=utf-8"
        ],
        "Expires": [
          "-1"
        ],
        "Content-Length": [
          "508"
        ],
        "Retry-After": [
          "0"
        ]
      },
      "ResponseBody": "{\r\n  \"odata.metadata\": \"https://graph.windows.net/1273adef-00a3-4086-a51a-dbcce1857d36/$metadata#Collection(Microsoft.DirectoryServices.PasswordCredential)\",\r\n  \"value\": [\r\n    {\r\n      \"customKeyIdentifier\": null,\r\n      \"endDate\": \"2019-12-14T01:39:09.4907932Z\",\r\n      \"keyId\": \"316af45c-83ff-42a5-a1d1-8fe9b2de3ac1\",\r\n      \"startDate\": \"2018-12-14T01:39:09.4907932Z\",\r\n      \"value\": null\r\n    },\r\n    {\r\n      \"customKeyIdentifier\": null,\r\n      \"endDate\": \"2019-12-14T01:39:08.5924209Z\",\r\n      \"keyId\": \"4e7b7cff-cf0d-4a23-bffe-c74195b3a4e1\",\r\n      \"startDate\": \"2018-12-14T01:39:08.5924209Z\",\r\n      \"value\": null\r\n    }\r\n  ]\r\n}",
      "StatusCode": 200
    },
    {
      "RequestUri": "/1273adef-00a3-4086-a51a-dbcce1857d36/applications/08c55d68-47aa-497e-9155-5623ef5db7d7/passwordCredentials?api-version=1.6",
      "EncodedRequestUri": "LzEyNzNhZGVmLTAwYTMtNDA4Ni1hNTFhLWRiY2NlMTg1N2QzNi9hcHBsaWNhdGlvbnMvMDhjNTVkNjgtNDdhYS00OTdlLTkxNTUtNTYyM2VmNWRiN2Q3L3Bhc3N3b3JkQ3JlZGVudGlhbHM/YXBpLXZlcnNpb249MS42",
      "RequestMethod": "GET",
      "RequestBody": "",
      "RequestHeaders": {
        "x-ms-client-request-id": [
          "3de3dade-e4ae-44c7-9ff0-8d3a915dd589"
        ],
        "Accept-Language": [
          "en-US"
        ],
        "User-Agent": [
          "FxVersion/4.6.26724.06",
          "OSName/Windows",
          "OSVersion/Microsoft.Windows.10.0.17763.",
          "Microsoft.Azure.Graph.RBAC.GraphRbacManagementClient/3.5.0.0"
        ]
      },
      "ResponseHeaders": {
        "Cache-Control": [
          "no-cache"
        ],
        "Pragma": [
          "no-cache"
        ],
        "ocp-aad-diagnostics-server-name": [
          "Ww4JZ3phP63mdXQAX3Q+w5V7Po6AayFlRCSGeKGwhtg="
        ],
        "request-id": [
          "0a093f1b-2d2a-4e4d-aa87-88fe02ef7da9"
        ],
        "client-request-id": [
          "3de3dade-e4ae-44c7-9ff0-8d3a915dd589"
        ],
        "x-ms-dirapi-data-contract-version": [
          "1.6"
        ],
        "ocp-aad-session-key": [
          "qSctR1HCgMzheox7b2363OU5JPJFwiHaGEcP6uM1DslRQNINyH8kctohslMQhaGMWK-aGakqcRXttBrMipe9jWduFmbsGuPQpP0sSxZGjrT_wbpkKcy8hlGAeOsHWf2zQRdVaddXBXGHk0ktCZ8vgQ.g2w-fRdzNHzvnBoj4BcHaNXOmuv8foFrcwAz87Vd4k8"
        ],
        "X-Content-Type-Options": [
          "nosniff"
        ],
        "DataServiceVersion": [
          "3.0;"
        ],
        "Strict-Transport-Security": [
          "max-age=31536000; includeSubDomains"
        ],
        "Access-Control-Allow-Origin": [
          "*"
        ],
        "X-AspNet-Version": [
          "4.0.30319"
        ],
        "X-Powered-By": [
          "ASP.NET"
        ],
        "Duration": [
          "348085"
        ],
        "Date": [
          "Fri, 14 Dec 2018 01:39:11 GMT"
        ],
        "Content-Type": [
          "application/json; odata=minimalmetadata; streaming=true; charset=utf-8"
        ],
        "Expires": [
          "-1"
        ],
        "Content-Length": [
          "163"
        ],
        "Retry-After": [
          "0"
        ]
      },
      "ResponseBody": "{\r\n  \"odata.metadata\": \"https://graph.windows.net/1273adef-00a3-4086-a51a-dbcce1857d36/$metadata#Collection(Microsoft.DirectoryServices.PasswordCredential)\",\r\n  \"value\": []\r\n}",
      "StatusCode": 200
    },
    {
      "RequestUri": "/1273adef-00a3-4086-a51a-dbcce1857d36/applications/08c55d68-47aa-497e-9155-5623ef5db7d7/passwordCredentials?api-version=1.6",
      "EncodedRequestUri": "LzEyNzNhZGVmLTAwYTMtNDA4Ni1hNTFhLWRiY2NlMTg1N2QzNi9hcHBsaWNhdGlvbnMvMDhjNTVkNjgtNDdhYS00OTdlLTkxNTUtNTYyM2VmNWRiN2Q3L3Bhc3N3b3JkQ3JlZGVudGlhbHM/YXBpLXZlcnNpb249MS42",
      "RequestMethod": "PATCH",
      "RequestBody": "{\r\n  \"value\": [\r\n    {\r\n      \"startDate\": \"2018-12-14T01:39:08.5924209Z\",\r\n      \"endDate\": \"2019-12-14T01:39:08.5924209Z\",\r\n      \"keyId\": \"4e7b7cff-cf0d-4a23-bffe-c74195b3a4e1\",\r\n      \"customKeyIdentifier\": null,\r\n      \"value\": null\r\n    },\r\n    {\r\n      \"startDate\": \"2018-12-14T01:39:09.4907932Z\",\r\n      \"endDate\": \"2019-12-14T01:39:09.4907932Z\",\r\n      \"keyId\": \"316af45c-83ff-42a5-a1d1-8fe9b2de3ac1\",\r\n      \"value\": \"test\"\r\n    }\r\n  ]\r\n}",
      "RequestHeaders": {
        "x-ms-client-request-id": [
          "be13903e-99c8-4a38-8a9d-e1e62da67fba"
        ],
        "Accept-Language": [
          "en-US"
        ],
        "User-Agent": [
          "FxVersion/4.6.26724.06",
          "OSName/Windows",
          "OSVersion/Microsoft.Windows.10.0.17763.",
          "Microsoft.Azure.Graph.RBAC.GraphRbacManagementClient/3.5.0.0"
        ],
        "Content-Type": [
          "application/json; charset=utf-8"
        ],
        "Content-Length": [
          "448"
        ]
      },
      "ResponseHeaders": {
        "Cache-Control": [
          "no-cache"
        ],
        "Pragma": [
          "no-cache"
        ],
        "ocp-aad-diagnostics-server-name": [
          "P277HeLOcMoYADlOIgX/5nDH/EQ2eMVFV4LkO8IWIBk="
        ],
        "request-id": [
          "158abbef-8c6a-4f12-82a5-c3257659cafb"
        ],
        "client-request-id": [
          "be13903e-99c8-4a38-8a9d-e1e62da67fba"
        ],
        "x-ms-dirapi-data-contract-version": [
          "1.6"
        ],
        "ocp-aad-session-key": [
          "p3bib7zswqD_Tplz0Z3F-CRX5ckRldxCa4GbNivrwSE0OvnALSReBcfSz4d2KiMW14adW0PhjPPHRV0a8ZIqOWNU5klw05bDBEuILaYMNx8P_FLS7hFNtHWJMS2Y76B_mQeXAvXzMMg8vmjZDb5aWA.v0ECqWNqdUulwpjoq3Q7_azYBE9sr1a3nlkVreCAVSU"
        ],
        "X-Content-Type-Options": [
          "nosniff"
        ],
        "DataServiceVersion": [
          "1.0;"
        ],
        "Strict-Transport-Security": [
          "max-age=31536000; includeSubDomains"
        ],
        "Access-Control-Allow-Origin": [
          "*"
        ],
        "X-AspNet-Version": [
          "4.0.30319"
        ],
        "X-Powered-By": [
          "ASP.NET"
        ],
        "Duration": [
          "1198984"
        ],
        "Date": [
          "Fri, 14 Dec 2018 01:39:08 GMT"
        ],
        "Expires": [
          "-1"
        ],
        "Retry-After": [
          "0"
        ]
      },
      "ResponseBody": "",
      "StatusCode": 204
    },
    {
      "RequestUri": "/1273adef-00a3-4086-a51a-dbcce1857d36/applications/08c55d68-47aa-497e-9155-5623ef5db7d7/passwordCredentials?api-version=1.6",
      "EncodedRequestUri": "LzEyNzNhZGVmLTAwYTMtNDA4Ni1hNTFhLWRiY2NlMTg1N2QzNi9hcHBsaWNhdGlvbnMvMDhjNTVkNjgtNDdhYS00OTdlLTkxNTUtNTYyM2VmNWRiN2Q3L3Bhc3N3b3JkQ3JlZGVudGlhbHM/YXBpLXZlcnNpb249MS42",
      "RequestMethod": "PATCH",
      "RequestBody": "{\r\n  \"value\": []\r\n}",
      "RequestHeaders": {
        "x-ms-client-request-id": [
          "5efd7e81-8304-44b7-99a4-a7cd77d556a2"
        ],
        "Accept-Language": [
          "en-US"
        ],
        "User-Agent": [
          "FxVersion/4.6.26724.06",
          "OSName/Windows",
          "OSVersion/Microsoft.Windows.10.0.17763.",
          "Microsoft.Azure.Graph.RBAC.GraphRbacManagementClient/3.5.0.0"
        ],
        "Content-Type": [
          "application/json; charset=utf-8"
        ],
        "Content-Length": [
          "19"
        ]
      },
      "ResponseHeaders": {
        "Cache-Control": [
          "no-cache"
        ],
        "Pragma": [
          "no-cache"
        ],
        "ocp-aad-diagnostics-server-name": [
          "Ww4JZ3phP63mdXQAX3Q+w5V7Po6AayFlRCSGeKGwhtg="
        ],
        "request-id": [
          "28596871-63a3-4120-8cc0-23cb803df741"
        ],
        "client-request-id": [
          "5efd7e81-8304-44b7-99a4-a7cd77d556a2"
        ],
        "x-ms-dirapi-data-contract-version": [
          "1.6"
        ],
        "ocp-aad-session-key": [
          "6hevXe9LTgPDzdDLwfrAYlZLp5kj_GlYjnpptjUP-bLzgMdDjON62BEk2zzO2VIAxTuOtKi_eSy5eRXa2JDxXrBcQn4s3JStqik6a6zqY9mGi-XsmXDRTunt3-olWhZDcbMv1w9oT67n6pMGQWxgog.eEh_YFEsEPKIXq_N0HTSq6wTdBhcWgnkTTVrFBqpgqw"
        ],
        "X-Content-Type-Options": [
          "nosniff"
        ],
        "DataServiceVersion": [
          "1.0;"
        ],
        "Strict-Transport-Security": [
          "max-age=31536000; includeSubDomains"
        ],
        "Access-Control-Allow-Origin": [
          "*"
        ],
        "X-AspNet-Version": [
          "4.0.30319"
        ],
        "X-Powered-By": [
          "ASP.NET"
        ],
        "Duration": [
          "1119482"
        ],
        "Date": [
          "Fri, 14 Dec 2018 01:39:11 GMT"
        ],
        "Expires": [
          "-1"
        ],
        "Retry-After": [
          "0"
        ]
      },
      "ResponseBody": "",
      "StatusCode": 204
    },
    {
      "RequestUri": "/1273adef-00a3-4086-a51a-dbcce1857d36/applications/08c55d68-47aa-497e-9155-5623ef5db7d7/keyCredentials?api-version=1.6",
      "EncodedRequestUri": "LzEyNzNhZGVmLTAwYTMtNDA4Ni1hNTFhLWRiY2NlMTg1N2QzNi9hcHBsaWNhdGlvbnMvMDhjNTVkNjgtNDdhYS00OTdlLTkxNTUtNTYyM2VmNWRiN2Q3L2tleUNyZWRlbnRpYWxzP2FwaS12ZXJzaW9uPTEuNg==",
      "RequestMethod": "PATCH",
      "RequestBody": "{\r\n  \"value\": [\r\n    {\r\n      \"startDate\": \"2018-12-14T01:39:10.3596973Z\",\r\n      \"endDate\": \"2018-12-15T01:39:10.3596973Z\",\r\n      \"value\": \"MIIC1zCCAb+gAwIBAgIJAMIpl2x8zTGWMA0GCSqGSIb3DQEBCwUAMBQxEjAQBgNVBAMTCWxvY2FsaG9zdDAeFw0xODEyMTQwMTM5MTBaFw0xOTEyMTQwMTM5MTBaMBQxEjAQBgNVBAMTCWxvY2FsaG9zdDCCASIwDQYJKoZIhvcNAQEBBQADggEPADCCAQoCggEBAMRBYz0VTXxISAgbhn1e5DhAmKuP7ocKe1G2Ks403XKW3Ajj5Gw4ly/a3A+jP40kNUYXGISG0VNu2ACDOxuEzdpRpfnioOxSElSA6t2nmG2m5i0FwrOUOY28wMDSl6uD6OhOzun6Ct0WEYIhgQt9BsKoC4f0y3WQYQ8we/aNL+9wTekiHzaB4Vr7mHhfZ6KEFJbYzETkxMD3x+w8BhHfp74GyOcXwRPEv/JrO/rwA1cLvWFAsXUCG7N7KqlnA6OfnUdHGeMQc3opHoykzzBnxWyG+aC/m+Tgve8I+BqZFSC2F6WgSbNIPkJyDe4g1MKN9MC2Bq9tQnJ0thOrWu0kOlkCAwEAAaMsMCowCQYDVR0TBAIwADAdBgNVHQ4EFgQUiVq5xz9SI+Acqnm7CS5hWwBskRkwDQYJKoZIhvcNAQELBQADggEBALQ3ySfueOl3mMo0Z2Wq/Mv1a4ca058od/O8k8jlixlJHqEwLBLROBGeggrccw2KGSIKy+d6jVjtNLnCtIy2SZ6UKhH4VTnpDUoSFLlRYGzX/WD15tfuctEsM8DxJgucWDqKoxGqjWIzSnbWu7BE+j9y3NDgjLAGDJmbtZk6wv/cZo0F3ysMt5r6KqLN8z2orZvnFe/gaBcnE6pa8OgN+GAEkGrPopJwiRoG048uLm8+7Hs92oPWUThxEV0jO1bZ/BiPMd7btrYy171xRlY2G9exVjBzPSKgckXByxBLt8Abr9QtXa1aFOWEGiZbPUmvsuUlJlc0UdgidcRrY5sUFZs=\",\r\n      \"keyId\": \"9b7fda23-cb39-4504-8aa6-3570c4239620\",\r\n      \"usage\": \"Verify\",\r\n      \"type\": \"AsymmetricX509Cert\"\r\n    }\r\n  ]\r\n}",
      "RequestHeaders": {
        "x-ms-client-request-id": [
          "b829b75b-1cf3-4d60-9ab5-b1385f6b6ce7"
        ],
        "Accept-Language": [
          "en-US"
        ],
        "User-Agent": [
          "FxVersion/4.6.26724.06",
          "OSName/Windows",
          "OSVersion/Microsoft.Windows.10.0.17763.",
          "Microsoft.Azure.Graph.RBAC.GraphRbacManagementClient/3.5.0.0"
        ],
        "Content-Type": [
          "application/json; charset=utf-8"
        ],
        "Content-Length": [
          "1253"
        ]
      },
      "ResponseHeaders": {
        "Cache-Control": [
          "no-cache"
        ],
        "Pragma": [
          "no-cache"
        ],
        "ocp-aad-diagnostics-server-name": [
          "dWCANOa3JjPDcseMBZksFWn7gO0rsnL3G7snEFR71w8="
        ],
        "request-id": [
          "101d9ca2-5ec4-478f-869b-ef39781c6bcc"
        ],
        "client-request-id": [
          "b829b75b-1cf3-4d60-9ab5-b1385f6b6ce7"
        ],
        "x-ms-dirapi-data-contract-version": [
          "1.6"
        ],
        "ocp-aad-session-key": [
          "P5M5OE1I2ZGtJ1TFP_gv1h-XeLtxiXvKz09cuBfeNLfmSroqGhhkLbrJ_7LxjfZZ6MjfPJzeYACJHySS4kgQRJ11pSblXhhJ-7p21RDFJ5ZWoSW3nefZov3mk0A5kev0BJSgV40lAKWeeTiawYAtSg._f-dLYRxk-6VTM0mNv1gOB1s8GmDp3smgFcYgSYOIWo"
        ],
        "X-Content-Type-Options": [
          "nosniff"
        ],
        "DataServiceVersion": [
          "1.0;"
        ],
        "Strict-Transport-Security": [
          "max-age=31536000; includeSubDomains"
        ],
        "Access-Control-Allow-Origin": [
          "*"
        ],
        "X-AspNet-Version": [
          "4.0.30319"
        ],
        "X-Powered-By": [
          "ASP.NET"
        ],
        "Duration": [
          "1231666"
        ],
        "Date": [
          "Fri, 14 Dec 2018 01:39:10 GMT"
        ],
        "Expires": [
          "-1"
        ],
        "Retry-After": [
          "0"
        ]
      },
      "ResponseBody": "",
      "StatusCode": 204
    },
    {
      "RequestUri": "/1273adef-00a3-4086-a51a-dbcce1857d36/applications/08c55d68-47aa-497e-9155-5623ef5db7d7/keyCredentials?api-version=1.6",
      "EncodedRequestUri": "LzEyNzNhZGVmLTAwYTMtNDA4Ni1hNTFhLWRiY2NlMTg1N2QzNi9hcHBsaWNhdGlvbnMvMDhjNTVkNjgtNDdhYS00OTdlLTkxNTUtNTYyM2VmNWRiN2Q3L2tleUNyZWRlbnRpYWxzP2FwaS12ZXJzaW9uPTEuNg==",
      "RequestMethod": "PATCH",
      "RequestBody": "{\r\n  \"value\": [\r\n    {\r\n      \"startDate\": \"2018-12-14T01:39:10.3596973Z\",\r\n      \"endDate\": \"2018-12-15T01:39:10.3596973Z\",\r\n      \"keyId\": \"9b7fda23-cb39-4504-8aa6-3570c4239620\",\r\n      \"usage\": \"Verify\",\r\n      \"type\": \"AsymmetricX509Cert\",\r\n      \"customKeyIdentifier\": \"7208F5122F9DA63B5C938EC1A84004B795FDBDFE\",\r\n      \"value\": null\r\n    },\r\n    {\r\n      \"startDate\": \"2018-12-14T01:39:10.7393498Z\",\r\n      \"endDate\": \"2018-12-15T01:39:10.7393498Z\",\r\n      \"value\": \"MIIC1zCCAb+gAwIBAgIJAMIpl2x8zTGWMA0GCSqGSIb3DQEBCwUAMBQxEjAQBgNVBAMTCWxvY2FsaG9zdDAeFw0xODEyMTQwMTM5MTBaFw0xOTEyMTQwMTM5MTBaMBQxEjAQBgNVBAMTCWxvY2FsaG9zdDCCASIwDQYJKoZIhvcNAQEBBQADggEPADCCAQoCggEBAMRBYz0VTXxISAgbhn1e5DhAmKuP7ocKe1G2Ks403XKW3Ajj5Gw4ly/a3A+jP40kNUYXGISG0VNu2ACDOxuEzdpRpfnioOxSElSA6t2nmG2m5i0FwrOUOY28wMDSl6uD6OhOzun6Ct0WEYIhgQt9BsKoC4f0y3WQYQ8we/aNL+9wTekiHzaB4Vr7mHhfZ6KEFJbYzETkxMD3x+w8BhHfp74GyOcXwRPEv/JrO/rwA1cLvWFAsXUCG7N7KqlnA6OfnUdHGeMQc3opHoykzzBnxWyG+aC/m+Tgve8I+BqZFSC2F6WgSbNIPkJyDe4g1MKN9MC2Bq9tQnJ0thOrWu0kOlkCAwEAAaMsMCowCQYDVR0TBAIwADAdBgNVHQ4EFgQUiVq5xz9SI+Acqnm7CS5hWwBskRkwDQYJKoZIhvcNAQELBQADggEBALQ3ySfueOl3mMo0Z2Wq/Mv1a4ca058od/O8k8jlixlJHqEwLBLROBGeggrccw2KGSIKy+d6jVjtNLnCtIy2SZ6UKhH4VTnpDUoSFLlRYGzX/WD15tfuctEsM8DxJgucWDqKoxGqjWIzSnbWu7BE+j9y3NDgjLAGDJmbtZk6wv/cZo0F3ysMt5r6KqLN8z2orZvnFe/gaBcnE6pa8OgN+GAEkGrPopJwiRoG048uLm8+7Hs92oPWUThxEV0jO1bZ/BiPMd7btrYy171xRlY2G9exVjBzPSKgckXByxBLt8Abr9QtXa1aFOWEGiZbPUmvsuUlJlc0UdgidcRrY5sUFZs=\",\r\n      \"keyId\": \"4141b479-4ca0-4919-8451-7e155de6aa0f\",\r\n      \"usage\": \"Verify\",\r\n      \"type\": \"AsymmetricX509Cert\"\r\n    }\r\n  ]\r\n}",
      "RequestHeaders": {
        "x-ms-client-request-id": [
          "9a7c64ce-9070-45a9-b111-4b0b1d5e2dae"
        ],
        "Accept-Language": [
          "en-US"
        ],
        "User-Agent": [
          "FxVersion/4.6.26724.06",
          "OSName/Windows",
          "OSVersion/Microsoft.Windows.10.0.17763.",
          "Microsoft.Azure.Graph.RBAC.GraphRbacManagementClient/3.5.0.0"
        ],
        "Content-Type": [
          "application/json; charset=utf-8"
        ],
        "Content-Length": [
          "1584"
        ]
      },
      "ResponseHeaders": {
        "Cache-Control": [
          "no-cache"
        ],
        "Pragma": [
          "no-cache"
        ],
        "ocp-aad-diagnostics-server-name": [
          "Ww4JZ3phP63mdXQAX3Q+w5V7Po6AayFlRCSGeKGwhtg="
        ],
        "request-id": [
          "14e851f8-1f7c-4b9f-8602-00e8fc180bdb"
        ],
        "client-request-id": [
          "9a7c64ce-9070-45a9-b111-4b0b1d5e2dae"
        ],
        "x-ms-dirapi-data-contract-version": [
          "1.6"
        ],
        "ocp-aad-session-key": [
          "sOn1jJfZmEqhH9KEwJAXiFDeWXJq0V3UNyU_k_9rCA7bzIY2OqQfFyfSTXhu-9Wfh5Snh-lGtKIYVZCaFZIHB-I85aJTCg_ZiUImPMpIfc10LYNJKtJIAKaUVzrqMOKrXmVEP96-5wuEyk5860kBPQ.rMFUMdHvnhL_vym-cD2hjdkELB9mp2DlPVlj4Xg-oFY"
        ],
        "X-Content-Type-Options": [
          "nosniff"
        ],
        "DataServiceVersion": [
          "1.0;"
        ],
        "Strict-Transport-Security": [
          "max-age=31536000; includeSubDomains"
        ],
        "Access-Control-Allow-Origin": [
          "*"
        ],
        "X-AspNet-Version": [
          "4.0.30319"
        ],
        "X-Powered-By": [
          "ASP.NET"
        ],
        "Duration": [
          "1196449"
        ],
        "Date": [
          "Fri, 14 Dec 2018 01:39:10 GMT"
        ],
        "Expires": [
          "-1"
        ],
        "Retry-After": [
          "0"
        ]
      },
      "ResponseBody": "",
      "StatusCode": 204
    },
    {
      "RequestUri": "/1273adef-00a3-4086-a51a-dbcce1857d36/applications/08c55d68-47aa-497e-9155-5623ef5db7d7/keyCredentials?api-version=1.6",
      "EncodedRequestUri": "LzEyNzNhZGVmLTAwYTMtNDA4Ni1hNTFhLWRiY2NlMTg1N2QzNi9hcHBsaWNhdGlvbnMvMDhjNTVkNjgtNDdhYS00OTdlLTkxNTUtNTYyM2VmNWRiN2Q3L2tleUNyZWRlbnRpYWxzP2FwaS12ZXJzaW9uPTEuNg==",
      "RequestMethod": "PATCH",
      "RequestBody": "{\r\n  \"value\": [\r\n    {\r\n      \"startDate\": \"2018-12-14T01:39:10.3596973Z\",\r\n      \"endDate\": \"2018-12-15T01:39:10.3596973Z\",\r\n      \"keyId\": \"9b7fda23-cb39-4504-8aa6-3570c4239620\",\r\n      \"usage\": \"Verify\",\r\n      \"type\": \"AsymmetricX509Cert\",\r\n      \"customKeyIdentifier\": \"7208F5122F9DA63B5C938EC1A84004B795FDBDFE\",\r\n      \"value\": null\r\n    }\r\n  ]\r\n}",
      "RequestHeaders": {
        "x-ms-client-request-id": [
          "e6ef4004-5a99-426f-a458-de68d55e2834"
        ],
        "Accept-Language": [
          "en-US"
        ],
        "User-Agent": [
          "FxVersion/4.6.26724.06",
          "OSName/Windows",
          "OSVersion/Microsoft.Windows.10.0.17763.",
          "Microsoft.Azure.Graph.RBAC.GraphRbacManagementClient/3.5.0.0"
        ],
        "Content-Type": [
          "application/json; charset=utf-8"
        ],
        "Content-Length": [
          "353"
        ]
      },
      "ResponseHeaders": {
        "Cache-Control": [
          "no-cache"
        ],
        "Pragma": [
          "no-cache"
        ],
        "ocp-aad-diagnostics-server-name": [
          "dWCANOa3JjPDcseMBZksFWn7gO0rsnL3G7snEFR71w8="
        ],
        "request-id": [
          "072b490e-75b9-40ca-93ac-0a72db48aba2"
        ],
        "client-request-id": [
          "e6ef4004-5a99-426f-a458-de68d55e2834"
        ],
        "x-ms-dirapi-data-contract-version": [
          "1.6"
        ],
        "ocp-aad-session-key": [
          "yS5_e2_AhjzjIrpGqYpyHwjWv_WK_E17Ga7eNG1sLiR8BnNjUbarPVylmJNE014lE6pdgUclhgED-QuQKrY_BQ_cCV_0nx6t6ti3xddxei5HAo8Nb-5MUlJ8AEQatnPmcp3qum6u0qoCYi1xUJA-Pw.nToHBEBB73R698VRTwM8-gC0AaNf0KNqIYQaxiAfup0"
        ],
        "X-Content-Type-Options": [
          "nosniff"
        ],
        "DataServiceVersion": [
          "1.0;"
        ],
        "Strict-Transport-Security": [
          "max-age=31536000; includeSubDomains"
        ],
        "Access-Control-Allow-Origin": [
          "*"
        ],
        "X-AspNet-Version": [
          "4.0.30319"
        ],
        "X-Powered-By": [
          "ASP.NET"
        ],
        "Duration": [
          "1128432"
        ],
        "Date": [
          "Fri, 14 Dec 2018 01:39:11 GMT"
        ],
        "Expires": [
          "-1"
        ],
        "Retry-After": [
          "0"
        ]
      },
      "ResponseBody": "",
      "StatusCode": 204
    },
    {
      "RequestUri": "/1273adef-00a3-4086-a51a-dbcce1857d36/applications/08c55d68-47aa-497e-9155-5623ef5db7d7/keyCredentials?api-version=1.6",
      "EncodedRequestUri": "LzEyNzNhZGVmLTAwYTMtNDA4Ni1hNTFhLWRiY2NlMTg1N2QzNi9hcHBsaWNhdGlvbnMvMDhjNTVkNjgtNDdhYS00OTdlLTkxNTUtNTYyM2VmNWRiN2Q3L2tleUNyZWRlbnRpYWxzP2FwaS12ZXJzaW9uPTEuNg==",
      "RequestMethod": "PATCH",
      "RequestBody": "{\r\n  \"value\": []\r\n}",
      "RequestHeaders": {
        "x-ms-client-request-id": [
          "05ad55fa-49ec-4bd3-837b-fcf5752e583b"
        ],
        "Accept-Language": [
          "en-US"
        ],
        "User-Agent": [
          "FxVersion/4.6.26724.06",
          "OSName/Windows",
          "OSVersion/Microsoft.Windows.10.0.17763.",
          "Microsoft.Azure.Graph.RBAC.GraphRbacManagementClient/3.5.0.0"
        ],
        "Content-Type": [
          "application/json; charset=utf-8"
        ],
        "Content-Length": [
          "19"
        ]
      },
      "ResponseHeaders": {
        "Cache-Control": [
          "no-cache"
        ],
        "Pragma": [
          "no-cache"
        ],
        "ocp-aad-diagnostics-server-name": [
          "dWCANOa3JjPDcseMBZksFWn7gO0rsnL3G7snEFR71w8="
        ],
        "request-id": [
          "ab1d63fb-0987-4885-8499-7a610e684641"
        ],
        "client-request-id": [
          "05ad55fa-49ec-4bd3-837b-fcf5752e583b"
        ],
        "x-ms-dirapi-data-contract-version": [
          "1.6"
        ],
        "ocp-aad-session-key": [
          "X_3SA92lxskpuOX4SM6-KngwcYECxts9e7kZbzs2K5pEBj-jYdo2umMuctL6zxg8JXYJ-gGFIq2Qtkl4wPiSyKICmC1rIK7za7B1gPRQkwM7hsZavfKajiz6C2cp5PK22Pp4m7l93qC_Hm7kvIZj6g.axhiVx66kXh-5bjWEMBgcWxtbjPGdLx0SngiN2W-W1o"
        ],
        "X-Content-Type-Options": [
          "nosniff"
        ],
        "DataServiceVersion": [
          "1.0;"
        ],
        "Strict-Transport-Security": [
          "max-age=31536000; includeSubDomains"
        ],
        "Access-Control-Allow-Origin": [
          "*"
        ],
        "X-AspNet-Version": [
          "4.0.30319"
        ],
        "X-Powered-By": [
          "ASP.NET"
        ],
        "Duration": [
          "1162052"
        ],
        "Date": [
          "Fri, 14 Dec 2018 01:39:11 GMT"
        ],
        "Expires": [
          "-1"
        ],
        "Retry-After": [
          "0"
        ]
      },
      "ResponseBody": "",
      "StatusCode": 204
    },
    {
      "RequestUri": "/1273adef-00a3-4086-a51a-dbcce1857d36/applications?$filter=appId%20eq%20'eba280d0-94d7-4b97-b606-8bb8ff8afec1'&api-version=1.6",
      "EncodedRequestUri": "LzEyNzNhZGVmLTAwYTMtNDA4Ni1hNTFhLWRiY2NlMTg1N2QzNi9hcHBsaWNhdGlvbnM/JGZpbHRlcj1hcHBJZCUyMGVxJTIwJ2ViYTI4MGQwLTk0ZDctNGI5Ny1iNjA2LThiYjhmZjhhZmVjMScmYXBpLXZlcnNpb249MS42",
      "RequestMethod": "GET",
      "RequestBody": "",
      "RequestHeaders": {
        "x-ms-client-request-id": [
          "7c5e2b2a-9cb1-44be-8694-1a9038b56fca"
        ],
        "Accept-Language": [
          "en-US"
        ],
        "User-Agent": [
          "FxVersion/4.6.26724.06",
          "OSName/Windows",
          "OSVersion/Microsoft.Windows.10.0.17763.",
          "Microsoft.Azure.Graph.RBAC.GraphRbacManagementClient/3.5.0.0"
        ]
      },
      "ResponseHeaders": {
        "Cache-Control": [
          "no-cache"
        ],
        "Pragma": [
          "no-cache"
        ],
        "Server": [
          "Microsoft-IIS/10.0"
        ],
        "ocp-aad-diagnostics-server-name": [
          "dWCANOa3JjPDcseMBZksFWn7gO0rsnL3G7snEFR71w8="
        ],
        "request-id": [
          "efd12475-c991-402b-aadd-36f60f884f8d"
        ],
        "client-request-id": [
          "7c5e2b2a-9cb1-44be-8694-1a9038b56fca"
        ],
        "x-ms-dirapi-data-contract-version": [
          "1.6"
        ],
        "ocp-aad-session-key": [
          "6o9_XduADxt99IeSmdDeZVBb8q19z3lzzCLFEHGKYuV4nJLu9ovtchMJTsxu3w8o2wdphVD7hDUofHXTxIRvo7TY3I_WCibLyV140L0UuiyMnUxVJ3-zdT56HybjIu3-QLUXRUHtpRH04pNFs06O1Q.BooZpG-2XHd8wrtZWe0D1PZGJ4OEdBtYdKPhKkD3XgA"
        ],
        "X-Content-Type-Options": [
          "nosniff"
        ],
        "DataServiceVersion": [
          "3.0;"
        ],
        "Strict-Transport-Security": [
          "max-age=31536000; includeSubDomains"
        ],
        "Access-Control-Allow-Origin": [
          "*"
        ],
        "X-AspNet-Version": [
          "4.0.30319"
        ],
        "X-Powered-By": [
          "ASP.NET"
        ],
        "Duration": [
          "415295"
        ],
        "Date": [
          "Fri, 14 Dec 2018 01:39:11 GMT"
        ],
        "Content-Type": [
          "application/json; odata=minimalmetadata; streaming=true; charset=utf-8"
        ],
        "Expires": [
          "-1"
        ],
        "Content-Length": [
          "2674"
        ],
        "Retry-After": [
          "0"
        ]
      },
      "ResponseBody": "{\r\n  \"odata.metadata\": \"https://graph.windows.net/1273adef-00a3-4086-a51a-dbcce1857d36/$metadata#directoryObjects/Microsoft.DirectoryServices.Application\",\r\n  \"value\": [\r\n    {\r\n      \"odata.type\": \"Microsoft.DirectoryServices.Application\",\r\n      \"objectType\": \"Application\",\r\n      \"objectId\": \"08c55d68-47aa-497e-9155-5623ef5db7d7\",\r\n      \"deletionTimestamp\": null,\r\n      \"acceptMappedClaims\": null,\r\n      \"addIns\": [],\r\n      \"appId\": \"eba280d0-94d7-4b97-b606-8bb8ff8afec1\",\r\n      \"appRoles\": [],\r\n      \"availableToOtherTenants\": false,\r\n      \"displayName\": \"System.Security.SecureString\",\r\n      \"errorUrl\": null,\r\n      \"groupMembershipClaims\": null,\r\n      \"homepage\": null,\r\n      \"identifierUris\": [\r\n        \"http://System.Security.SecureString\"\r\n      ],\r\n      \"informationalUrls\": {\r\n        \"termsOfService\": null,\r\n        \"support\": null,\r\n        \"privacy\": null,\r\n        \"marketing\": null\r\n      },\r\n      \"isDeviceOnlyAuthSupported\": null,\r\n      \"keyCredentials\": [\r\n        {\r\n          \"customKeyIdentifier\": \"7208F5122F9DA63B5C938EC1A84004B795FDBDFE\",\r\n          \"endDate\": \"2018-12-15T01:39:10.7393498Z\",\r\n          \"keyId\": \"4141b479-4ca0-4919-8451-7e155de6aa0f\",\r\n          \"startDate\": \"2018-12-14T01:39:10.7393498Z\",\r\n          \"type\": \"AsymmetricX509Cert\",\r\n          \"usage\": \"Verify\",\r\n          \"value\": null\r\n        },\r\n        {\r\n          \"customKeyIdentifier\": \"7208F5122F9DA63B5C938EC1A84004B795FDBDFE\",\r\n          \"endDate\": \"2018-12-15T01:39:10.3596973Z\",\r\n          \"keyId\": \"9b7fda23-cb39-4504-8aa6-3570c4239620\",\r\n          \"startDate\": \"2018-12-14T01:39:10.3596973Z\",\r\n          \"type\": \"AsymmetricX509Cert\",\r\n          \"usage\": \"Verify\",\r\n          \"value\": null\r\n        }\r\n      ],\r\n      \"knownClientApplications\": [],\r\n      \"logoutUrl\": null,\r\n      \"logoUrl\": null,\r\n      \"oauth2AllowIdTokenImplicitFlow\": true,\r\n      \"oauth2AllowImplicitFlow\": false,\r\n      \"oauth2AllowUrlPathMatching\": false,\r\n      \"oauth2Permissions\": [\r\n        {\r\n          \"adminConsentDescription\": \"Allow the application to access System.Security.SecureString on behalf of the signed-in user.\",\r\n          \"adminConsentDisplayName\": \"Access System.Security.SecureString\",\r\n          \"id\": \"181f8073-96eb-421d-9cd6-a529b5efb7f3\",\r\n          \"isEnabled\": true,\r\n          \"type\": \"User\",\r\n          \"userConsentDescription\": \"Allow the application to access System.Security.SecureString on your behalf.\",\r\n          \"userConsentDisplayName\": \"Access System.Security.SecureString\",\r\n          \"value\": \"user_impersonation\"\r\n        }\r\n      ],\r\n      \"oauth2RequirePostResponse\": false,\r\n      \"optionalClaims\": null,\r\n      \"orgRestrictions\": [],\r\n      \"parentalControlSettings\": {\r\n        \"countriesBlockedForMinors\": [],\r\n        \"legalAgeGroupRule\": \"Allow\"\r\n      },\r\n      \"passwordCredentials\": [\r\n        {\r\n          \"customKeyIdentifier\": null,\r\n          \"endDate\": \"2019-12-14T01:39:09.4907932Z\",\r\n          \"keyId\": \"316af45c-83ff-42a5-a1d1-8fe9b2de3ac1\",\r\n          \"startDate\": \"2018-12-14T01:39:09.4907932Z\",\r\n          \"value\": null\r\n        },\r\n        {\r\n          \"customKeyIdentifier\": null,\r\n          \"endDate\": \"2019-12-14T01:39:08.5924209Z\",\r\n          \"keyId\": \"4e7b7cff-cf0d-4a23-bffe-c74195b3a4e1\",\r\n          \"startDate\": \"2018-12-14T01:39:08.5924209Z\",\r\n          \"value\": null\r\n        }\r\n      ],\r\n      \"publicClient\": null,\r\n      \"publisherDomain\": \"rbacCliTest.onmicrosoft.com\",\r\n      \"recordConsentConditions\": null,\r\n      \"replyUrls\": [],\r\n      \"requiredResourceAccess\": [],\r\n      \"samlMetadataUrl\": null,\r\n      \"signInAudience\": \"AzureADMyOrg\",\r\n      \"tokenEncryptionKeyId\": null\r\n    }\r\n  ]\r\n}",
      "StatusCode": 200
    },
    {
      "RequestUri": "/1273adef-00a3-4086-a51a-dbcce1857d36/applications?$filter=appId%20eq%20'eba280d0-94d7-4b97-b606-8bb8ff8afec1'&api-version=1.6",
      "EncodedRequestUri": "LzEyNzNhZGVmLTAwYTMtNDA4Ni1hNTFhLWRiY2NlMTg1N2QzNi9hcHBsaWNhdGlvbnM/JGZpbHRlcj1hcHBJZCUyMGVxJTIwJ2ViYTI4MGQwLTk0ZDctNGI5Ny1iNjA2LThiYjhmZjhhZmVjMScmYXBpLXZlcnNpb249MS42",
      "RequestMethod": "GET",
      "RequestBody": "",
      "RequestHeaders": {
        "x-ms-client-request-id": [
          "355ade13-54d9-4642-864e-8716868a61e4"
        ],
        "Accept-Language": [
          "en-US"
        ],
        "User-Agent": [
          "FxVersion/4.6.26724.06",
          "OSName/Windows",
          "OSVersion/Microsoft.Windows.10.0.17763.",
          "Microsoft.Azure.Graph.RBAC.GraphRbacManagementClient/3.5.0.0"
        ]
      },
      "ResponseHeaders": {
        "Cache-Control": [
          "no-cache"
        ],
        "Pragma": [
          "no-cache"
        ],
        "ocp-aad-diagnostics-server-name": [
          "dWCANOa3JjPDcseMBZksFWn7gO0rsnL3G7snEFR71w8="
        ],
        "request-id": [
          "53082dca-4d43-4b2c-bb18-967fa5fb2dad"
        ],
        "client-request-id": [
          "355ade13-54d9-4642-864e-8716868a61e4"
        ],
        "x-ms-dirapi-data-contract-version": [
          "1.6"
        ],
        "ocp-aad-session-key": [
          "91-Xnt6_TA2rbnmympO6rFNCocsFM0Sbs0m3zOsBk_jE_g7pB_1FBJQX9YRiDi84NUhxqKrqfKXujL4aHfJyDfK0nJiBaG8u-sG7N2uZYztD0W78eW55NExoi-eZredrypTsOkm1ODZNsh5pb0xUDQ.c_exDjoab8JTh7G4Hsf75ucVNVy1D_t1GGgG3NAguxc"
        ],
        "X-Content-Type-Options": [
          "nosniff"
        ],
        "DataServiceVersion": [
          "3.0;"
        ],
        "Strict-Transport-Security": [
          "max-age=31536000; includeSubDomains"
        ],
        "Access-Control-Allow-Origin": [
          "*"
        ],
        "X-AspNet-Version": [
          "4.0.30319"
        ],
        "X-Powered-By": [
          "ASP.NET"
        ],
        "Duration": [
          "357590"
        ],
        "Date": [
          "Fri, 14 Dec 2018 01:39:11 GMT"
        ],
        "Content-Type": [
          "application/json; odata=minimalmetadata; streaming=true; charset=utf-8"
        ],
        "Expires": [
          "-1"
        ],
        "Content-Length": [
          "2418"
        ],
        "Retry-After": [
          "0"
        ]
      },
      "ResponseBody": "{\r\n  \"odata.metadata\": \"https://graph.windows.net/1273adef-00a3-4086-a51a-dbcce1857d36/$metadata#directoryObjects/Microsoft.DirectoryServices.Application\",\r\n  \"value\": [\r\n    {\r\n      \"odata.type\": \"Microsoft.DirectoryServices.Application\",\r\n      \"objectType\": \"Application\",\r\n      \"objectId\": \"08c55d68-47aa-497e-9155-5623ef5db7d7\",\r\n      \"deletionTimestamp\": null,\r\n      \"acceptMappedClaims\": null,\r\n      \"addIns\": [],\r\n      \"appId\": \"eba280d0-94d7-4b97-b606-8bb8ff8afec1\",\r\n      \"appRoles\": [],\r\n      \"availableToOtherTenants\": false,\r\n      \"displayName\": \"System.Security.SecureString\",\r\n      \"errorUrl\": null,\r\n      \"groupMembershipClaims\": null,\r\n      \"homepage\": null,\r\n      \"identifierUris\": [\r\n        \"http://System.Security.SecureString\"\r\n      ],\r\n      \"informationalUrls\": {\r\n        \"termsOfService\": null,\r\n        \"support\": null,\r\n        \"privacy\": null,\r\n        \"marketing\": null\r\n      },\r\n      \"isDeviceOnlyAuthSupported\": null,\r\n      \"keyCredentials\": [\r\n        {\r\n          \"customKeyIdentifier\": \"7208F5122F9DA63B5C938EC1A84004B795FDBDFE\",\r\n          \"endDate\": \"2018-12-15T01:39:10.3596973Z\",\r\n          \"keyId\": \"9b7fda23-cb39-4504-8aa6-3570c4239620\",\r\n          \"startDate\": \"2018-12-14T01:39:10.3596973Z\",\r\n          \"type\": \"AsymmetricX509Cert\",\r\n          \"usage\": \"Verify\",\r\n          \"value\": null\r\n        }\r\n      ],\r\n      \"knownClientApplications\": [],\r\n      \"logoutUrl\": null,\r\n      \"logoUrl\": null,\r\n      \"oauth2AllowIdTokenImplicitFlow\": true,\r\n      \"oauth2AllowImplicitFlow\": false,\r\n      \"oauth2AllowUrlPathMatching\": false,\r\n      \"oauth2Permissions\": [\r\n        {\r\n          \"adminConsentDescription\": \"Allow the application to access System.Security.SecureString on behalf of the signed-in user.\",\r\n          \"adminConsentDisplayName\": \"Access System.Security.SecureString\",\r\n          \"id\": \"181f8073-96eb-421d-9cd6-a529b5efb7f3\",\r\n          \"isEnabled\": true,\r\n          \"type\": \"User\",\r\n          \"userConsentDescription\": \"Allow the application to access System.Security.SecureString on your behalf.\",\r\n          \"userConsentDisplayName\": \"Access System.Security.SecureString\",\r\n          \"value\": \"user_impersonation\"\r\n        }\r\n      ],\r\n      \"oauth2RequirePostResponse\": false,\r\n      \"optionalClaims\": null,\r\n      \"orgRestrictions\": [],\r\n      \"parentalControlSettings\": {\r\n        \"countriesBlockedForMinors\": [],\r\n        \"legalAgeGroupRule\": \"Allow\"\r\n      },\r\n      \"passwordCredentials\": [\r\n        {\r\n          \"customKeyIdentifier\": null,\r\n          \"endDate\": \"2019-12-14T01:39:09.4907932Z\",\r\n          \"keyId\": \"316af45c-83ff-42a5-a1d1-8fe9b2de3ac1\",\r\n          \"startDate\": \"2018-12-14T01:39:09.4907932Z\",\r\n          \"value\": null\r\n        },\r\n        {\r\n          \"customKeyIdentifier\": null,\r\n          \"endDate\": \"2019-12-14T01:39:08.5924209Z\",\r\n          \"keyId\": \"4e7b7cff-cf0d-4a23-bffe-c74195b3a4e1\",\r\n          \"startDate\": \"2018-12-14T01:39:08.5924209Z\",\r\n          \"value\": null\r\n        }\r\n      ],\r\n      \"publicClient\": null,\r\n      \"publisherDomain\": \"rbacCliTest.onmicrosoft.com\",\r\n      \"recordConsentConditions\": null,\r\n      \"replyUrls\": [],\r\n      \"requiredResourceAccess\": [],\r\n      \"samlMetadataUrl\": null,\r\n      \"signInAudience\": \"AzureADMyOrg\",\r\n      \"tokenEncryptionKeyId\": null\r\n    }\r\n  ]\r\n}",
      "StatusCode": 200
    },
    {
      "RequestUri": "/1273adef-00a3-4086-a51a-dbcce1857d36/applications?$filter=startswith(displayName,'PowershellTestingApp')&api-version=1.6",
      "EncodedRequestUri": "LzEyNzNhZGVmLTAwYTMtNDA4Ni1hNTFhLWRiY2NlMTg1N2QzNi9hcHBsaWNhdGlvbnM/JGZpbHRlcj1zdGFydHN3aXRoKGRpc3BsYXlOYW1lLCdQb3dlcnNoZWxsVGVzdGluZ0FwcCcpJmFwaS12ZXJzaW9uPTEuNg==",
      "RequestMethod": "GET",
      "RequestBody": "",
      "RequestHeaders": {
        "x-ms-client-request-id": [
          "61fc01f5-8c10-4238-872e-7c0811bef127"
        ],
        "Accept-Language": [
          "en-US"
        ],
        "User-Agent": [
          "FxVersion/4.6.26724.06",
          "OSName/Windows",
          "OSVersion/Microsoft.Windows.10.0.17763.",
          "Microsoft.Azure.Graph.RBAC.GraphRbacManagementClient/3.5.0.0"
        ]
      },
      "ResponseHeaders": {
        "Cache-Control": [
          "no-cache"
        ],
        "Pragma": [
          "no-cache"
        ],
        "ocp-aad-diagnostics-server-name": [
          "Ww4JZ3phP63mdXQAX3Q+w5V7Po6AayFlRCSGeKGwhtg="
        ],
        "request-id": [
          "b16b5546-fe0d-4f31-bc70-cabd68c13925"
        ],
        "client-request-id": [
          "61fc01f5-8c10-4238-872e-7c0811bef127"
        ],
        "x-ms-dirapi-data-contract-version": [
          "1.6"
        ],
        "ocp-aad-session-key": [
          "WSFCOGGE_0JL1h9YMKVkTQ7W3ErO9UikDmysPy0GaIvfvnaDflQuAdOriJvlV248FvUkk7hDsLzHZIl-e3Yp_EAT4txCDWRU7vPzDgAlEczKztaQxhARLqKpXRvWYX8sEkB2CaQf90jJg-A2sP8QjA.986LCt3yR5Cpry4ePhx5bJLTeLWDEljD-1OIcth5i48"
        ],
        "X-Content-Type-Options": [
          "nosniff"
        ],
        "DataServiceVersion": [
          "3.0;"
        ],
        "Strict-Transport-Security": [
          "max-age=31536000; includeSubDomains"
        ],
        "Access-Control-Allow-Origin": [
          "*"
        ],
        "X-AspNet-Version": [
          "4.0.30319"
        ],
        "X-Powered-By": [
          "ASP.NET"
        ],
        "Duration": [
          "366698"
        ],
        "Date": [
          "Fri, 14 Dec 2018 01:39:11 GMT"
        ],
        "Content-Type": [
          "application/json; odata=minimalmetadata; streaming=true; charset=utf-8"
        ],
        "Expires": [
          "-1"
        ],
        "Content-Length": [
          "2606"
        ],
        "Retry-After": [
          "0"
        ]
      },
      "ResponseBody": "{\r\n  \"odata.metadata\": \"https://graph.windows.net/1273adef-00a3-4086-a51a-dbcce1857d36/$metadata#directoryObjects/Microsoft.DirectoryServices.Application\",\r\n  \"value\": [\r\n    {\r\n      \"odata.type\": \"Microsoft.DirectoryServices.Application\",\r\n      \"objectType\": \"Application\",\r\n      \"objectId\": \"c5b0c8dc-d30c-41ed-aecc-4d97ae8c5989\",\r\n      \"deletionTimestamp\": null,\r\n      \"acceptMappedClaims\": null,\r\n      \"addIns\": [],\r\n      \"appId\": \"306d85f9-f885-4bdf-a20e-36d6ee8eddad\",\r\n      \"appRoles\": [],\r\n      \"availableToOtherTenants\": false,\r\n      \"displayName\": \"PowershellTestingApp\",\r\n      \"errorUrl\": null,\r\n      \"groupMembershipClaims\": null,\r\n      \"homepage\": \"http://localhost:3000\",\r\n      \"identifierUris\": [\r\n        \"https://rbacCliTest.onmicrosoft.com/722c28d1-3e5c-472a-ab3e-0ff6827aeedc\"\r\n      ],\r\n      \"informationalUrls\": {\r\n        \"termsOfService\": null,\r\n        \"support\": null,\r\n        \"privacy\": null,\r\n        \"marketing\": null\r\n      },\r\n      \"isDeviceOnlyAuthSupported\": null,\r\n      \"keyCredentials\": [],\r\n      \"knownClientApplications\": [],\r\n      \"logoutUrl\": null,\r\n      \"logoUrl\": null,\r\n      \"oauth2AllowIdTokenImplicitFlow\": true,\r\n      \"oauth2AllowImplicitFlow\": false,\r\n      \"oauth2AllowUrlPathMatching\": false,\r\n      \"oauth2Permissions\": [\r\n        {\r\n          \"adminConsentDescription\": \"Allow the application to access PowershellTestingApp on behalf of the signed-in user.\",\r\n          \"adminConsentDisplayName\": \"Access PowershellTestingApp\",\r\n          \"id\": \"41f1ef57-a8c2-4609-8af6-4f59889d27d4\",\r\n          \"isEnabled\": true,\r\n          \"type\": \"User\",\r\n          \"userConsentDescription\": \"Allow the application to access PowershellTestingApp on your behalf.\",\r\n          \"userConsentDisplayName\": \"Access PowershellTestingApp\",\r\n          \"value\": \"user_impersonation\"\r\n        }\r\n      ],\r\n      \"oauth2RequirePostResponse\": false,\r\n      \"optionalClaims\": null,\r\n      \"orgRestrictions\": [],\r\n      \"parentalControlSettings\": {\r\n        \"countriesBlockedForMinors\": [],\r\n        \"legalAgeGroupRule\": \"Allow\"\r\n      },\r\n      \"passwordCredentials\": [\r\n        {\r\n          \"customKeyIdentifier\": \"bgBlAHcAawBlAHkA\",\r\n          \"endDate\": \"2299-12-31T08:00:00Z\",\r\n          \"keyId\": \"5a344d2d-423f-4341-af19-610855d2bb54\",\r\n          \"startDate\": \"2018-09-06T19:01:11.1458828Z\",\r\n          \"value\": null\r\n        }\r\n      ],\r\n      \"publicClient\": false,\r\n      \"publisherDomain\": null,\r\n      \"recordConsentConditions\": null,\r\n      \"replyUrls\": [\r\n        \"https://PowershellTestingApp\"\r\n      ],\r\n      \"requiredResourceAccess\": [\r\n        {\r\n          \"resourceAppId\": \"00000002-0000-0000-c000-000000000000\",\r\n          \"resourceAccess\": [\r\n            {\r\n              \"id\": \"78c8a3c8-a07e-4b9e-af1b-b5ccab50a175\",\r\n              \"type\": \"Role\"\r\n            },\r\n            {\r\n              \"id\": \"970d6fa6-214a-4a9b-8513-08fad511e2fd\",\r\n              \"type\": \"Scope\"\r\n            }\r\n          ]\r\n        },\r\n        {\r\n          \"resourceAppId\": \"00000003-0000-0000-c000-000000000000\",\r\n          \"resourceAccess\": [\r\n            {\r\n              \"id\": \"62a82d76-70ea-41e2-9197-370581804d09\",\r\n              \"type\": \"Role\"\r\n            },\r\n            {\r\n              \"id\": \"19dbc75e-c2e2-444c-a770-ec69d8559fc7\",\r\n              \"type\": \"Role\"\r\n            }\r\n          ]\r\n        },\r\n        {\r\n          \"resourceAppId\": \"2d4d3d8e-2be3-4bef-9f87-7875a61c29de\",\r\n          \"resourceAccess\": [\r\n            {\r\n              \"id\": \"10af711e-5051-4838-8ae7-9767c43d8a9c\",\r\n              \"type\": \"Role\"\r\n            },\r\n            {\r\n              \"id\": \"27e50e9e-ca8b-4cc6-8dd0-4ba2d49d8228\",\r\n              \"type\": \"Role\"\r\n            }\r\n          ]\r\n        }\r\n      ],\r\n      \"samlMetadataUrl\": null,\r\n      \"signInAudience\": \"AzureADMyOrg\",\r\n      \"tokenEncryptionKeyId\": null\r\n    }\r\n  ]\r\n}",
      "StatusCode": 200
    },
    {
      "RequestUri": "/1273adef-00a3-4086-a51a-dbcce1857d36/applications/08c55d68-47aa-497e-9155-5623ef5db7d7?api-version=1.6",
      "EncodedRequestUri": "LzEyNzNhZGVmLTAwYTMtNDA4Ni1hNTFhLWRiY2NlMTg1N2QzNi9hcHBsaWNhdGlvbnMvMDhjNTVkNjgtNDdhYS00OTdlLTkxNTUtNTYyM2VmNWRiN2Q3P2FwaS12ZXJzaW9uPTEuNg==",
      "RequestMethod": "DELETE",
      "RequestBody": "",
      "RequestHeaders": {
        "x-ms-client-request-id": [
          "77c0b47c-1448-4c89-b242-5a72c9a85235"
        ],
        "Accept-Language": [
          "en-US"
        ],
        "User-Agent": [
          "FxVersion/4.6.26724.06",
          "OSName/Windows",
          "OSVersion/Microsoft.Windows.10.0.17763.",
          "Microsoft.Azure.Graph.RBAC.GraphRbacManagementClient/3.5.0.0"
        ]
      },
      "ResponseHeaders": {
        "Cache-Control": [
          "no-cache"
        ],
        "Pragma": [
          "no-cache"
        ],
        "Server": [
          "Microsoft-IIS/10.0"
        ],
        "ocp-aad-diagnostics-server-name": [
          "P277HeLOcMoYADlOIgX/5nDH/EQ2eMVFV4LkO8IWIBk="
        ],
        "request-id": [
          "e5e55812-5f8d-4ace-a768-f50cc9521009"
        ],
        "client-request-id": [
          "77c0b47c-1448-4c89-b242-5a72c9a85235"
        ],
        "x-ms-dirapi-data-contract-version": [
          "1.6"
        ],
        "ocp-aad-session-key": [
          "3e9fef57A9XE5TvZynb3CD1UosnFBcHq2yMNM2eCd4JDAkyED9XsdOcdsdjWsRGn8ZCslbWB0WSaBLFBQZNGDGviSOh-CSIE-HQKJlaOIoh2Nqh3bOd7xOrtjrS0_O1Se24hVL6IWzU52CBNqZ5GrQ.EU19tpHf6Mej3si0ZvkpTLsMF8RCPvFvJGYsn2A7-cg"
        ],
        "X-Content-Type-Options": [
          "nosniff"
        ],
        "DataServiceVersion": [
          "1.0;"
        ],
        "Strict-Transport-Security": [
          "max-age=31536000; includeSubDomains"
        ],
        "Access-Control-Allow-Origin": [
          "*"
        ],
        "X-AspNet-Version": [
          "4.0.30319"
        ],
        "X-Powered-By": [
          "ASP.NET"
        ],
        "Duration": [
          "1009439"
        ],
        "Date": [
          "Fri, 14 Dec 2018 01:39:12 GMT"
        ],
        "Expires": [
          "-1"
        ],
        "Retry-After": [
          "0"
        ]
      },
      "ResponseBody": "",
      "StatusCode": 204
    }
  ],
  "Names": {},
  "Variables": {
    "SubscriptionId": "4004a9fd-d58e-48dc-aeb2-4a4aec58606f",
    "TenantId": "1273adef-00a3-4086-a51a-dbcce1857d36",
    "Domain": "rbacclitest.onmicrosoft.com"
  }
}