{
  "Entries": [
    {
      "RequestUri": "/subscriptions/57947cb5-aadd-4b6c-9e8e-27f545bb7bf5/providers/Microsoft.OperationalInsights?api-version=2016-09-01",
      "EncodedRequestUri": "L3N1YnNjcmlwdGlvbnMvNTc5NDdjYjUtYWFkZC00YjZjLTllOGUtMjdmNTQ1YmI3YmY1L3Byb3ZpZGVycy9NaWNyb3NvZnQuT3BlcmF0aW9uYWxJbnNpZ2h0cz9hcGktdmVyc2lvbj0yMDE2LTA5LTAx",
      "RequestMethod": "GET",
      "RequestHeaders": {
        "x-ms-client-request-id": [
          "e4ceac6a-2ff9-4d8e-93bf-7c7ad376d7b9"
        ],
        "Accept-Language": [
          "en-US"
        ],
        "User-Agent": [
          "FxVersion/4.700.22.30802",
          "OSName/Windows",
          "OSVersion/Microsoft.Windows.10.0.22000",
          "Microsoft.Azure.Management.Internal.Resources.ResourceManagementClient/1.3.59"
        ]
      },
      "RequestBody": "",
      "ResponseHeaders": {
        "Cache-Control": [
          "no-cache"
        ],
        "Pragma": [
          "no-cache"
        ],
        "x-ms-ratelimit-remaining-subscription-reads": [
          "11989"
        ],
        "x-ms-request-id": [
          "fcbbfee7-e3fc-42ff-82be-03b938d7af27"
        ],
        "x-ms-correlation-request-id": [
          "fcbbfee7-e3fc-42ff-82be-03b938d7af27"
        ],
        "x-ms-routing-request-id": [
          "FRANCESOUTH:20220725T141013Z:fcbbfee7-e3fc-42ff-82be-03b938d7af27"
        ],
        "Strict-Transport-Security": [
          "max-age=31536000; includeSubDomains"
        ],
        "X-Content-Type-Options": [
          "nosniff"
        ],
        "Date": [
          "Mon, 25 Jul 2022 14:10:13 GMT"
        ],
        "Content-Type": [
          "application/json; charset=utf-8"
        ],
        "Expires": [
          "-1"
        ],
        "Content-Length": [
          "11896"
        ]
      },
      "ResponseBody": "{\r\n  \"id\": \"/subscriptions/57947cb5-aadd-4b6c-9e8e-27f545bb7bf5/providers/Microsoft.OperationalInsights\",\r\n  \"namespace\": \"Microsoft.OperationalInsights\",\r\n  \"authorizations\": [\r\n    {\r\n      \"applicationId\": \"d2a0a418-0aac-4541-82b2-b3142c89da77\",\r\n      \"roleDefinitionId\": \"86695298-2eb9-48a7-9ec3-2fdb38b6878b\"\r\n    },\r\n    {\r\n      \"applicationId\": \"ca7f3f0b-7d91-482c-8e09-c5d840d0eac5\",\r\n      \"roleDefinitionId\": \"5d5a2e56-9835-44aa-93db-d2f19e155438\"\r\n    }\r\n  ],\r\n  \"resourceTypes\": [\r\n    {\r\n      \"resourceType\": \"workspaces\",\r\n      \"locations\": [\r\n        \"East US\",\r\n        \"West Europe\",\r\n        \"Southeast Asia\",\r\n        \"Australia Southeast\",\r\n        \"West Central US\",\r\n        \"Japan East\",\r\n        \"UK South\",\r\n        \"Central India\",\r\n        \"Canada Central\",\r\n        \"West US 2\",\r\n        \"Australia Central\",\r\n        \"Australia East\",\r\n        \"France Central\",\r\n        \"Korea Central\",\r\n        \"North Europe\",\r\n        \"Central US\",\r\n        \"East Asia\",\r\n        \"East US 2\",\r\n        \"South Central US\",\r\n        \"North Central US\",\r\n        \"West US\",\r\n        \"UK West\",\r\n        \"South Africa North\",\r\n        \"Brazil South\",\r\n        \"Switzerland North\",\r\n        \"Switzerland West\",\r\n        \"Germany West Central\",\r\n        \"Australia Central 2\",\r\n        \"UAE Central\",\r\n        \"UAE North\",\r\n        \"Japan West\",\r\n        \"Brazil Southeast\",\r\n        \"Norway East\",\r\n        \"Norway West\",\r\n        \"France South\",\r\n        \"South India\",\r\n        \"Korea South\",\r\n        \"Jio India Central\",\r\n        \"Jio India West\",\r\n        \"Canada East\",\r\n        \"West US 3\",\r\n        \"Sweden Central\",\r\n        \"East US 2 EUAP\",\r\n        \"Qatar Central\"\r\n      ],\r\n      \"apiVersions\": [\r\n        \"2022-10-01\",\r\n        \"2021-12-01-preview\",\r\n        \"2021-06-01\",\r\n        \"2021-03-01-privatepreview\",\r\n        \"2020-10-01\",\r\n        \"2020-08-01\",\r\n        \"2020-03-01-preview\",\r\n        \"2017-04-26-preview\",\r\n        \"2017-03-15-preview\",\r\n        \"2017-03-03-preview\",\r\n        \"2017-01-01-preview\",\r\n        \"2015-11-01-preview\",\r\n        \"2015-03-20\"\r\n      ],\r\n      \"capabilities\": \"CrossResourceGroupResourceMove, CrossSubscriptionResourceMove, SystemAssignedResourceIdentity\"\r\n    },\r\n    {\r\n      \"resourceType\": \"querypacks\",\r\n      \"locations\": [\r\n        \"West Central US\",\r\n        \"East US\",\r\n        \"South Central US\",\r\n        \"North Europe\",\r\n        \"West Europe\",\r\n        \"Southeast Asia\",\r\n        \"West US 2\",\r\n        \"UK South\",\r\n        \"Canada Central\",\r\n        \"Central India\",\r\n        \"Japan East\",\r\n        \"Australia East\",\r\n        \"Korea Central\",\r\n        \"France Central\",\r\n        \"Central US\",\r\n        \"East US 2\",\r\n        \"East Asia\",\r\n        \"West US\",\r\n        \"South Africa North\",\r\n        \"North Central US\",\r\n        \"Brazil South\",\r\n        \"Switzerland North\",\r\n        \"Norway East\",\r\n        \"Australia Southeast\",\r\n        \"Australia Central 2\",\r\n        \"Germany West Central\",\r\n        \"Switzerland West\",\r\n        \"UAE Central\",\r\n        \"UK West\",\r\n        \"Brazil Southeast\",\r\n        \"Japan West\",\r\n        \"UAE North\",\r\n        \"Australia Central\",\r\n        \"France South\",\r\n        \"South India\",\r\n        \"Korea South\",\r\n        \"Jio India Central\",\r\n        \"Jio India West\",\r\n        \"Canada East\",\r\n        \"West US 3\",\r\n        \"Sweden Central\",\r\n        \"East US 2 EUAP\",\r\n        \"Qatar Central\"\r\n      ],\r\n      \"apiVersions\": [\r\n        \"2019-09-01-preview\",\r\n        \"2019-09-01\"\r\n      ],\r\n      \"capabilities\": \"None\"\r\n    },\r\n    {\r\n      \"resourceType\": \"locations\",\r\n      \"locations\": [],\r\n      \"apiVersions\": [\r\n        \"2020-10-01\",\r\n        \"2020-08-01\",\r\n        \"2020-03-01-preview\",\r\n        \"2019-08-01-preview\",\r\n        \"2017-04-26-preview\",\r\n        \"2017-03-15-preview\",\r\n        \"2017-03-03-preview\",\r\n        \"2017-01-01-preview\",\r\n        \"2015-11-01-preview\",\r\n        \"2015-03-20\"\r\n      ]\r\n    },\r\n    {\r\n      \"resourceType\": \"locations/operationStatuses\",\r\n      \"locations\": [\r\n        \"East US\",\r\n        \"West Europe\",\r\n        \"Southeast Asia\",\r\n        \"Australia Southeast\",\r\n        \"West Central US\",\r\n        \"Japan East\",\r\n        \"UK South\",\r\n        \"Central India\",\r\n        \"Canada Central\",\r\n        \"West US 2\",\r\n        \"Australia Central\",\r\n        \"Australia East\",\r\n        \"France Central\",\r\n        \"Korea Central\",\r\n        \"North Europe\",\r\n        \"Central US\",\r\n        \"East Asia\",\r\n        \"East US 2\",\r\n        \"South Central US\",\r\n        \"North Central US\",\r\n        \"West US\",\r\n        \"UK West\",\r\n        \"South Africa North\",\r\n        \"Brazil South\",\r\n        \"Switzerland North\",\r\n        \"Switzerland West\",\r\n        \"Germany West Central\",\r\n        \"Australia Central 2\",\r\n        \"UAE Central\",\r\n        \"UAE North\",\r\n        \"Japan West\",\r\n        \"Brazil Southeast\",\r\n        \"Norway East\",\r\n        \"Norway West\",\r\n        \"France South\",\r\n        \"South India\",\r\n        \"Korea South\",\r\n        \"Jio India Central\",\r\n        \"Jio India West\",\r\n        \"Canada East\",\r\n        \"West US 3\",\r\n        \"Sweden Central\",\r\n        \"East US 2 EUAP\",\r\n        \"Qatar Central\"\r\n      ],\r\n      \"apiVersions\": [\r\n        \"2021-12-01-preview\",\r\n        \"2020-10-01\",\r\n        \"2020-08-01\",\r\n        \"2020-03-01-preview\",\r\n        \"2019-08-01-preview\",\r\n        \"2017-04-26-preview\",\r\n        \"2017-03-15-preview\",\r\n        \"2017-03-03-preview\",\r\n        \"2017-01-01-preview\",\r\n        \"2015-11-01-preview\",\r\n        \"2015-03-20\"\r\n      ]\r\n    },\r\n    {\r\n      \"resourceType\": \"workspaces/scopedPrivateLinkProxies\",\r\n      \"locations\": [\r\n        \"East US\",\r\n        \"West Europe\",\r\n        \"Southeast Asia\",\r\n        \"Australia Southeast\",\r\n        \"West Central US\",\r\n        \"Japan East\",\r\n        \"UK South\",\r\n        \"Central India\",\r\n        \"Canada Central\",\r\n        \"West US 2\",\r\n        \"Australia Central\",\r\n        \"Australia East\",\r\n        \"France Central\",\r\n        \"Korea Central\",\r\n        \"North Europe\",\r\n        \"Central US\",\r\n        \"East Asia\",\r\n        \"East US 2\",\r\n        \"South Central US\",\r\n        \"North Central US\",\r\n        \"West US\",\r\n        \"UK West\",\r\n        \"South Africa North\",\r\n        \"Brazil South\",\r\n        \"Switzerland North\",\r\n        \"Switzerland West\",\r\n        \"Germany West Central\",\r\n        \"Australia Central 2\",\r\n        \"UAE Central\",\r\n        \"UAE North\",\r\n        \"Japan West\",\r\n        \"Brazil Southeast\",\r\n        \"Norway East\",\r\n        \"Norway West\",\r\n        \"France South\",\r\n        \"South India\",\r\n        \"Korea South\",\r\n        \"Jio India Central\",\r\n        \"Jio India West\",\r\n        \"Canada East\",\r\n        \"West US 3\",\r\n        \"Sweden Central\",\r\n        \"East US 2 EUAP\",\r\n        \"Qatar Central\"\r\n      ],\r\n      \"apiVersions\": [\r\n        \"2020-03-01-preview\",\r\n        \"2019-08-01-preview\",\r\n        \"2015-11-01-preview\"\r\n      ]\r\n    },\r\n    {\r\n      \"resourceType\": \"workspaces/query\",\r\n      \"locations\": [\r\n        \"East US 2 EUAP\"\r\n      ],\r\n      \"apiVersions\": [\r\n        \"2017-10-01\"\r\n      ]\r\n    },\r\n    {\r\n      \"resourceType\": \"workspaces/metadata\",\r\n      \"locations\": [\r\n        \"East US 2 EUAP\"\r\n      ],\r\n      \"apiVersions\": [\r\n        \"2017-10-01\"\r\n      ]\r\n    },\r\n    {\r\n      \"resourceType\": \"workspaces/dataSources\",\r\n      \"locations\": [\r\n        \"East US\",\r\n        \"West Europe\",\r\n        \"Southeast Asia\",\r\n        \"Australia Southeast\",\r\n        \"West Central US\",\r\n        \"Japan East\",\r\n        \"UK South\",\r\n        \"Central India\",\r\n        \"Canada Central\",\r\n        \"West US 2\",\r\n        \"Australia Central\",\r\n        \"Australia East\",\r\n        \"France Central\",\r\n        \"Korea Central\",\r\n        \"North Europe\",\r\n        \"Central US\",\r\n        \"East Asia\",\r\n        \"East US 2\",\r\n        \"South Central US\",\r\n        \"North Central US\",\r\n        \"West US\",\r\n        \"UK West\",\r\n        \"South Africa North\",\r\n        \"Brazil South\",\r\n        \"Switzerland North\",\r\n        \"Switzerland West\",\r\n        \"Germany West Central\",\r\n        \"Australia Central 2\",\r\n        \"UAE Central\",\r\n        \"UAE North\",\r\n        \"Japan West\",\r\n        \"Brazil Southeast\",\r\n        \"Norway East\",\r\n        \"Norway West\",\r\n        \"France South\",\r\n        \"South India\",\r\n        \"Korea South\",\r\n        \"Jio India Central\",\r\n        \"Jio India West\",\r\n        \"Canada East\",\r\n        \"West US 3\",\r\n        \"Sweden Central\",\r\n        \"East US 2 EUAP\",\r\n        \"Qatar Central\"\r\n      ],\r\n      \"apiVersions\": [\r\n        \"2020-08-01\",\r\n        \"2020-03-01-preview\",\r\n        \"2015-11-01-preview\"\r\n      ]\r\n    },\r\n    {\r\n      \"resourceType\": \"workspaces/linkedStorageAccounts\",\r\n      \"locations\": [\r\n        \"East US\",\r\n        \"West Europe\",\r\n        \"Southeast Asia\",\r\n        \"Australia Southeast\",\r\n        \"West Central US\",\r\n        \"Japan East\",\r\n        \"UK South\",\r\n        \"Central India\",\r\n        \"Canada Central\",\r\n        \"West US 2\",\r\n        \"Australia Central\",\r\n        \"Australia East\",\r\n        \"France Central\",\r\n        \"Korea Central\",\r\n        \"North Europe\",\r\n        \"Central US\",\r\n        \"East Asia\",\r\n        \"East US 2\",\r\n        \"South Central US\",\r\n        \"North Central US\",\r\n        \"West US\",\r\n        \"UK West\",\r\n        \"South Africa North\",\r\n        \"Brazil South\",\r\n        \"Switzerland North\",\r\n        \"Switzerland West\",\r\n        \"Germany West Central\",\r\n        \"Australia Central 2\",\r\n        \"UAE Central\",\r\n        \"UAE North\",\r\n        \"Japan West\",\r\n        \"Brazil Southeast\",\r\n        \"Norway East\",\r\n        \"Norway West\",\r\n        \"France South\",\r\n        \"South India\",\r\n        \"Korea South\",\r\n        \"Jio India Central\",\r\n        \"Jio India West\",\r\n        \"Canada East\",\r\n        \"West US 3\",\r\n        \"Sweden Central\",\r\n        \"East US 2 EUAP\",\r\n        \"Qatar Central\"\r\n      ],\r\n      \"apiVersions\": [\r\n        \"2020-08-01\",\r\n        \"2020-03-01-preview\",\r\n        \"2019-08-01-preview\"\r\n      ]\r\n    },\r\n    {\r\n      \"resourceType\": \"workspaces/tables\",\r\n      \"locations\": [\r\n        \"East US\",\r\n        \"West Europe\",\r\n        \"Southeast Asia\",\r\n        \"Australia Southeast\",\r\n        \"West Central US\",\r\n        \"Japan East\",\r\n        \"UK South\",\r\n        \"Central India\",\r\n        \"Canada Central\",\r\n        \"West US 2\",\r\n        \"Australia East\",\r\n        \"Australia Central\",\r\n        \"France Central\",\r\n        \"Korea Central\",\r\n        \"North Europe\",\r\n        \"Central US\",\r\n        \"East Asia\",\r\n        \"East US 2\",\r\n        \"South Central US\",\r\n        \"North Central US\",\r\n        \"West US\",\r\n        \"UK West\",\r\n        \"South Africa North\",\r\n        \"Brazil South\",\r\n        \"Switzerland North\",\r\n        \"Switzerland West\",\r\n        \"Germany West Central\",\r\n        \"Australia Central 2\",\r\n        \"UAE Central\",\r\n        \"UAE North\",\r\n        \"Japan West\",\r\n        \"Brazil Southeast\",\r\n        \"Norway East\",\r\n        \"Norway West\",\r\n        \"France South\",\r\n        \"South India\",\r\n        \"Korea South\",\r\n        \"Jio India Central\",\r\n        \"Jio India West\",\r\n        \"Canada East\",\r\n        \"West US 3\",\r\n        \"Sweden Central\",\r\n        \"East US 2 EUAP\",\r\n        \"Qatar Central\",\r\n        \"Sweden South\"\r\n      ],\r\n      \"apiVersions\": [\r\n        \"2022-09-01-privatepreview\",\r\n        \"2021-07-01-privatepreview\",\r\n        \"2021-03-01-privatepreview\",\r\n        \"2020-10-01\"\r\n      ]\r\n    },\r\n    {\r\n      \"resourceType\": \"workspaces/storageInsightConfigs\",\r\n      \"locations\": [\r\n        \"East US\",\r\n        \"West Europe\",\r\n        \"Southeast Asia\",\r\n        \"Australia Southeast\",\r\n        \"West Central US\",\r\n        \"Japan East\",\r\n        \"UK South\",\r\n        \"Central India\",\r\n        \"Canada Central\",\r\n        \"West US 2\",\r\n        \"Australia East\",\r\n        \"Australia Central\",\r\n        \"France Central\",\r\n        \"Korea Central\",\r\n        \"North Europe\",\r\n        \"Central US\",\r\n        \"East Asia\",\r\n        \"East US 2\",\r\n        \"South Central US\",\r\n        \"North Central US\",\r\n        \"West US\",\r\n        \"UK West\",\r\n        \"South Africa North\",\r\n        \"Brazil South\",\r\n        \"Switzerland North\",\r\n        \"Switzerland West\",\r\n        \"Germany West Central\",\r\n        \"Australia Central 2\",\r\n        \"UAE Central\",\r\n        \"UAE North\",\r\n        \"Japan West\",\r\n        \"Brazil Southeast\",\r\n        \"Norway East\",\r\n        \"Norway West\",\r\n        \"France South\",\r\n        \"South India\",\r\n        \"Korea South\",\r\n        \"Jio India Central\",\r\n        \"Jio India West\",\r\n        \"Canada East\",\r\n        \"West US 3\",\r\n        \"Sweden Central\",\r\n        \"East US 2 EUAP\",\r\n        \"Qatar Central\"\r\n      ],\r\n      \"apiVersions\": [\r\n        \"2020-08-01\",\r\n        \"2020-03-01-preview\",\r\n        \"2017-04-26-preview\",\r\n        \"2017-03-15-preview\",\r\n        \"2017-03-03-preview\",\r\n        \"2017-01-01-preview\",\r\n        \"2015-11-01-preview\",\r\n        \"2015-03-20\"\r\n      ]\r\n    },\r\n    {\r\n      \"resourceType\": \"storageInsightConfigs\",\r\n      \"locations\": [],\r\n      \"apiVersions\": [\r\n        \"2020-08-01\",\r\n        \"2020-03-01-preview\",\r\n        \"2014-10-10\"\r\n      ],\r\n      \"capabilities\": \"SupportsExtension\"\r\n    },\r\n    {\r\n      \"resourceType\": \"workspaces/linkedServices\",\r\n      \"locations\": [\r\n        \"East US\",\r\n        \"West Europe\",\r\n        \"Southeast Asia\",\r\n        \"Australia Southeast\",\r\n        \"West Central US\",\r\n        \"Japan East\",\r\n        \"UK South\",\r\n        \"Central India\",\r\n        \"Canada Central\",\r\n        \"West US 2\",\r\n        \"Australia Central\",\r\n        \"Australia East\",\r\n        \"France Central\",\r\n        \"Korea Central\",\r\n        \"North Europe\",\r\n        \"Central US\",\r\n        \"East Asia\",\r\n        \"East US 2\",\r\n        \"South Central US\",\r\n        \"North Central US\",\r\n        \"West US\",\r\n        \"UK West\",\r\n        \"South Africa North\",\r\n        \"Brazil South\",\r\n        \"Switzerland North\",\r\n        \"Switzerland West\",\r\n        \"Germany West Central\",\r\n        \"Australia Central 2\",\r\n        \"UAE Central\",\r\n        \"UAE North\",\r\n        \"Japan West\",\r\n        \"Brazil Southeast\",\r\n        \"Norway East\",\r\n        \"Norway West\",\r\n        \"France South\",\r\n        \"South India\",\r\n        \"Korea South\",\r\n        \"Jio India Central\",\r\n        \"Jio India West\",\r\n        \"Canada East\",\r\n        \"West US 3\",\r\n        \"Sweden Central\",\r\n        \"East US 2 EUAP\",\r\n        \"Qatar Central\"\r\n      ],\r\n      \"apiVersions\": [\r\n        \"2020-08-01\",\r\n        \"2020-03-01-preview\",\r\n        \"2019-08-01-preview\",\r\n        \"2015-11-01-preview\"\r\n      ]\r\n    },\r\n    {\r\n      \"resourceType\": \"linkTargets\",\r\n      \"locations\": [\r\n        \"East US\"\r\n      ],\r\n      \"apiVersions\": [\r\n        \"2020-03-01-preview\",\r\n        \"2015-03-20\"\r\n      ]\r\n    },\r\n    {\r\n      \"resourceType\": \"deletedWorkspaces\",\r\n      \"locations\": [\r\n        \"East US\",\r\n        \"West Europe\",\r\n        \"Southeast Asia\",\r\n        \"Australia Southeast\",\r\n        \"West Central US\",\r\n        \"Japan East\",\r\n        \"UK South\",\r\n        \"Central India\",\r\n        \"Canada Central\",\r\n        \"West US 2\",\r\n        \"Australia Central\",\r\n        \"Australia East\",\r\n        \"France Central\",\r\n        \"Korea Central\",\r\n        \"North Europe\",\r\n        \"Central US\",\r\n        \"East Asia\",\r\n        \"East US 2\",\r\n        \"South Central US\",\r\n        \"North Central US\",\r\n        \"West US\",\r\n        \"UK West\",\r\n        \"South Africa North\",\r\n        \"Brazil South\",\r\n        \"Switzerland North\",\r\n        \"Switzerland West\",\r\n        \"Germany West Central\",\r\n        \"Australia Central 2\",\r\n        \"UAE Central\",\r\n        \"UAE North\",\r\n        \"Japan West\",\r\n        \"Brazil Southeast\",\r\n        \"Norway East\",\r\n        \"Norway West\",\r\n        \"France South\",\r\n        \"South India\",\r\n        \"Korea South\",\r\n        \"Jio India Central\",\r\n        \"Jio India West\",\r\n        \"Canada East\",\r\n        \"West US 3\",\r\n        \"Sweden Central\",\r\n        \"East US 2 EUAP\",\r\n        \"Qatar Central\"\r\n      ],\r\n      \"apiVersions\": [\r\n        \"2021-12-01-preview\",\r\n        \"2020-10-01\",\r\n        \"2020-08-01\",\r\n        \"2020-03-01-preview\"\r\n      ]\r\n    },\r\n    {\r\n      \"resourceType\": \"operations\",\r\n      \"locations\": [],\r\n      \"apiVersions\": [\r\n        \"2021-12-01-preview\",\r\n        \"2020-10-01\",\r\n        \"2020-08-01\",\r\n        \"2020-03-01-preview\",\r\n        \"2015-11-01-preview\",\r\n        \"2014-11-10\"\r\n      ]\r\n    },\r\n    {\r\n      \"resourceType\": \"clusters\",\r\n      \"locations\": [\r\n        \"East US\",\r\n        \"West Europe\",\r\n        \"Southeast Asia\",\r\n        \"Australia Southeast\",\r\n        \"West Central US\",\r\n        \"Japan East\",\r\n        \"UK South\",\r\n        \"Central India\",\r\n        \"Canada Central\",\r\n        \"West US 2\",\r\n        \"Australia Central\",\r\n        \"Australia East\",\r\n        \"France Central\",\r\n        \"Korea Central\",\r\n        \"North Europe\",\r\n        \"Central US\",\r\n        \"East Asia\",\r\n        \"East US 2\",\r\n        \"South Central US\",\r\n        \"North Central US\",\r\n        \"West US\",\r\n        \"UK West\",\r\n        \"South Africa North\",\r\n        \"Switzerland North\",\r\n        \"Switzerland West\",\r\n        \"Germany West Central\",\r\n        \"Australia Central 2\",\r\n        \"UAE Central\",\r\n        \"Brazil South\",\r\n        \"UAE North\",\r\n        \"Japan West\",\r\n        \"Brazil Southeast\",\r\n        \"Norway East\",\r\n        \"Norway West\",\r\n        \"France South\",\r\n        \"South India\",\r\n        \"Korea South\",\r\n        \"Jio India Central\",\r\n        \"Jio India West\",\r\n        \"Canada East\",\r\n        \"West US 3\",\r\n        \"Sweden Central\",\r\n        \"East US 2 EUAP\",\r\n        \"Qatar Central\"\r\n      ],\r\n      \"apiVersions\": [\r\n        \"2021-06-01\",\r\n        \"2020-10-01\",\r\n        \"2020-08-01\",\r\n        \"2020-03-01-preview\",\r\n        \"2019-08-01-preview\"\r\n      ],\r\n      \"capabilities\": \"CrossResourceGroupResourceMove, CrossSubscriptionResourceMove, SystemAssignedResourceIdentity\"\r\n    },\r\n    {\r\n      \"resourceType\": \"workspaces/dataExports\",\r\n      \"locations\": [\r\n        \"East US\",\r\n        \"West Europe\",\r\n        \"Southeast Asia\",\r\n        \"Australia Southeast\",\r\n        \"West Central US\",\r\n        \"Japan East\",\r\n        \"UK South\",\r\n        \"Central India\",\r\n        \"Canada Central\",\r\n        \"West US 2\",\r\n        \"Australia Central\",\r\n        \"Australia East\",\r\n        \"France Central\",\r\n        \"Korea Central\",\r\n        \"North Europe\",\r\n        \"Central US\",\r\n        \"East Asia\",\r\n        \"East US 2\",\r\n        \"South Central US\",\r\n        \"North Central US\",\r\n        \"West US\",\r\n        \"UK West\",\r\n        \"South Africa North\",\r\n        \"Brazil South\",\r\n        \"Switzerland North\",\r\n        \"Switzerland West\",\r\n        \"Germany West Central\",\r\n        \"Australia Central 2\",\r\n        \"UAE Central\",\r\n        \"UAE North\",\r\n        \"Japan West\",\r\n        \"Brazil Southeast\",\r\n        \"Norway East\",\r\n        \"Norway West\",\r\n        \"France South\",\r\n        \"South India\",\r\n        \"Korea South\",\r\n        \"Jio India Central\",\r\n        \"Jio India West\",\r\n        \"Canada East\",\r\n        \"West US 3\",\r\n        \"Sweden Central\",\r\n        \"East US 2 EUAP\",\r\n        \"Qatar Central\"\r\n      ],\r\n      \"apiVersions\": [\r\n        \"2020-08-01\",\r\n        \"2020-03-01-preview\",\r\n        \"2019-08-01-preview\"\r\n      ]\r\n    }\r\n  ],\r\n  \"registrationState\": \"Registered\"\r\n}",
      "StatusCode": 200
    },
    {
      "RequestUri": "/subscriptions/57947cb5-aadd-4b6c-9e8e-27f545bb7bf5/resourcegroups/ps5196?api-version=2016-09-01",
      "EncodedRequestUri": "L3N1YnNjcmlwdGlvbnMvNTc5NDdjYjUtYWFkZC00YjZjLTllOGUtMjdmNTQ1YmI3YmY1L3Jlc291cmNlZ3JvdXBzL3BzNTE5Nj9hcGktdmVyc2lvbj0yMDE2LTA5LTAx",
      "RequestMethod": "PUT",
      "RequestHeaders": {
        "x-ms-client-request-id": [
          "5287d173-481c-4785-89c6-f58800850375"
        ],
        "Accept-Language": [
          "en-US"
        ],
        "User-Agent": [
          "FxVersion/4.700.22.30802",
          "OSName/Windows",
          "OSVersion/Microsoft.Windows.10.0.22000",
          "Microsoft.Azure.Management.Internal.Resources.ResourceManagementClient/1.3.59"
        ],
        "Content-Type": [
          "application/json; charset=utf-8"
        ],
        "Content-Length": [
          "29"
        ]
      },
      "RequestBody": "{\r\n  \"location\": \"East US\"\r\n}",
      "ResponseHeaders": {
        "Cache-Control": [
          "no-cache"
        ],
        "Pragma": [
          "no-cache"
        ],
        "x-ms-ratelimit-remaining-subscription-writes": [
          "1199"
        ],
        "x-ms-request-id": [
          "50aa5569-0724-45b7-879e-d388518b2e92"
        ],
        "x-ms-correlation-request-id": [
          "50aa5569-0724-45b7-879e-d388518b2e92"
        ],
        "x-ms-routing-request-id": [
          "FRANCESOUTH:20220725T141016Z:50aa5569-0724-45b7-879e-d388518b2e92"
        ],
        "Strict-Transport-Security": [
          "max-age=31536000; includeSubDomains"
        ],
        "X-Content-Type-Options": [
          "nosniff"
        ],
        "Date": [
          "Mon, 25 Jul 2022 14:10:16 GMT"
        ],
        "Content-Length": [
          "165"
        ],
        "Content-Type": [
          "application/json; charset=utf-8"
        ],
        "Expires": [
          "-1"
        ]
      },
      "ResponseBody": "{\r\n  \"id\": \"/subscriptions/57947cb5-aadd-4b6c-9e8e-27f545bb7bf5/resourceGroups/ps5196\",\r\n  \"name\": \"ps5196\",\r\n  \"location\": \"eastus\",\r\n  \"properties\": {\r\n    \"provisioningState\": \"Succeeded\"\r\n  }\r\n}",
      "StatusCode": 201
    },
    {
      "RequestUri": "/subscriptions/57947cb5-aadd-4b6c-9e8e-27f545bb7bf5/resourcegroups/ps5196/providers/Microsoft.OperationalInsights/workspaces/AzTestps4557?api-version=2021-12-01-preview",
      "EncodedRequestUri": "L3N1YnNjcmlwdGlvbnMvNTc5NDdjYjUtYWFkZC00YjZjLTllOGUtMjdmNTQ1YmI3YmY1L3Jlc291cmNlZ3JvdXBzL3BzNTE5Ni9wcm92aWRlcnMvTWljcm9zb2Z0Lk9wZXJhdGlvbmFsSW5zaWdodHMvd29ya3NwYWNlcy9BelRlc3RwczQ1NTc/YXBpLXZlcnNpb249MjAyMS0xMi0wMS1wcmV2aWV3",
      "RequestMethod": "GET",
      "RequestHeaders": {
        "x-ms-client-request-id": [
          "8a7e01e5-a126-46b7-9d7e-a38e7013ab45"
        ],
        "Accept-Language": [
          "en-US"
        ],
        "User-Agent": [
          "FxVersion/4.700.22.30802",
          "OSName/Windows",
          "OSVersion/Microsoft.Windows.10.0.22000",
          "Microsoft.Azure.Management.OperationalInsights.OperationalInsightsManagementClient/0.25.0.0"
        ]
      },
      "RequestBody": "",
      "ResponseHeaders": {
        "Cache-Control": [
          "no-cache"
        ],
        "Pragma": [
          "no-cache"
        ],
        "x-ms-failure-cause": [
          "gateway"
        ],
        "x-ms-request-id": [
          "78baf4b9-db42-4a88-8b03-fbc0958541da"
        ],
        "x-ms-correlation-request-id": [
          "78baf4b9-db42-4a88-8b03-fbc0958541da"
        ],
        "x-ms-routing-request-id": [
          "FRANCESOUTH:20220725T141019Z:78baf4b9-db42-4a88-8b03-fbc0958541da"
        ],
        "Strict-Transport-Security": [
          "max-age=31536000; includeSubDomains"
        ],
        "X-Content-Type-Options": [
          "nosniff"
        ],
        "Date": [
          "Mon, 25 Jul 2022 14:10:19 GMT"
        ],
        "Content-Type": [
          "application/json; charset=utf-8"
        ],
        "Expires": [
          "-1"
        ],
        "Content-Length": [
          "231"
        ]
      },
      "ResponseBody": "{\r\n  \"error\": {\r\n    \"code\": \"ResourceNotFound\",\r\n    \"message\": \"The Resource 'Microsoft.OperationalInsights/workspaces/AzTestps4557' under resource group 'ps5196' was not found. For more details please go to https://aka.ms/ARMResourceNotFoundFix\"\r\n  }\r\n}",
      "StatusCode": 404
    },
    {
      "RequestUri": "/subscriptions/57947cb5-aadd-4b6c-9e8e-27f545bb7bf5/resourcegroups/ps5196/providers/Microsoft.OperationalInsights/workspaces/AzTestps4557?api-version=2021-12-01-preview",
      "EncodedRequestUri": "L3N1YnNjcmlwdGlvbnMvNTc5NDdjYjUtYWFkZC00YjZjLTllOGUtMjdmNTQ1YmI3YmY1L3Jlc291cmNlZ3JvdXBzL3BzNTE5Ni9wcm92aWRlcnMvTWljcm9zb2Z0Lk9wZXJhdGlvbmFsSW5zaWdodHMvd29ya3NwYWNlcy9BelRlc3RwczQ1NTc/YXBpLXZlcnNpb249MjAyMS0xMi0wMS1wcmV2aWV3",
      "RequestMethod": "GET",
      "RequestHeaders": {
        "x-ms-client-request-id": [
          "8a7e01e5-a126-46b7-9d7e-a38e7013ab45"
        ],
        "User-Agent": [
          "FxVersion/4.700.22.30802",
          "OSName/Windows",
          "OSVersion/Microsoft.Windows.10.0.22000",
          "Microsoft.Azure.Management.OperationalInsights.OperationalInsightsManagementClient/0.25.0.0"
        ]
      },
      "RequestBody": "",
      "ResponseHeaders": {
        "Cache-Control": [
          "no-cache"
        ],
        "Pragma": [
          "no-cache"
        ],
        "Vary": [
          "Accept-Encoding"
        ],
        "Strict-Transport-Security": [
          "max-age=31536000; includeSubDomains"
        ],
        "Request-Context": [
          "appId=cid-v1:e6336c63-aab2-45f0-996a-e5dbab2a1508"
        ],
        "X-Content-Type-Options": [
          "nosniff"
        ],
        "x-ms-request-id": [
          "368ca583-4430-47d9-bd6d-f77113abebac"
        ],
        "Access-Control-Allow-Origin": [
          "*"
        ],
        "Server": [
          "Microsoft-IIS/10.0"
        ],
        "X-Powered-By": [
          "ASP.NET",
          "ASP.NET"
        ],
        "x-ms-ratelimit-remaining-subscription-reads": [
          "11997"
        ],
        "x-ms-correlation-request-id": [
          "3e783eae-2dc2-4c8a-9c5a-2e2867be2727"
        ],
        "x-ms-routing-request-id": [
          "FRANCESOUTH:20220725T141056Z:3e783eae-2dc2-4c8a-9c5a-2e2867be2727"
        ],
        "Date": [
          "Mon, 25 Jul 2022 14:10:55 GMT"
        ],
        "Content-Length": [
          "1065"
        ],
        "Content-Type": [
          "application/json"
        ]
      },
      "ResponseBody": "{\r\n  \"properties\": {\r\n    \"source\": \"Azure\",\r\n    \"customerId\": \"00cb2871-bc68-4d69-9ade-6729cc83d8e6\",\r\n    \"provisioningState\": \"Succeeded\",\r\n    \"sku\": {\r\n      \"name\": \"pergb2018\",\r\n      \"lastSkuUpdate\": \"Mon, 25 Jul 2022 14:10:24 GMT\"\r\n    },\r\n    \"retentionInDays\": 30,\r\n    \"features\": {\r\n      \"legacy\": 0,\r\n      \"searchVersion\": 1,\r\n      \"enableLogAccessUsingOnlyResourcePermissions\": true\r\n    },\r\n    \"workspaceCapping\": {\r\n      \"dailyQuotaGb\": -1.0,\r\n      \"quotaNextResetTime\": \"Tue, 26 Jul 2022 11:00:00 GMT\",\r\n      \"dataIngestionStatus\": \"RespectQuota\"\r\n    },\r\n    \"publicNetworkAccessForIngestion\": \"Enabled\",\r\n    \"publicNetworkAccessForQuery\": \"Enabled\",\r\n    \"createdDate\": \"Mon, 25 Jul 2022 14:10:24 GMT\",\r\n    \"modifiedDate\": \"Mon, 25 Jul 2022 14:10:25 GMT\"\r\n  },\r\n  \"id\": \"/subscriptions/57947cb5-aadd-4b6c-9e8e-27f545bb7bf5/resourcegroups/ps5196/providers/microsoft.operationalinsights/workspaces/aztestps4557\",\r\n  \"name\": \"AzTestps4557\",\r\n  \"type\": \"Microsoft.OperationalInsights/workspaces\",\r\n  \"location\": \"East US\",\r\n  \"tags\": {}\r\n}",
      "StatusCode": 200
    },
    {
      "RequestUri": "/subscriptions/57947cb5-aadd-4b6c-9e8e-27f545bb7bf5/resourcegroups/ps5196/providers/Microsoft.OperationalInsights/workspaces/AzTestps4557?api-version=2021-12-01-preview",
      "EncodedRequestUri": "L3N1YnNjcmlwdGlvbnMvNTc5NDdjYjUtYWFkZC00YjZjLTllOGUtMjdmNTQ1YmI3YmY1L3Jlc291cmNlZ3JvdXBzL3BzNTE5Ni9wcm92aWRlcnMvTWljcm9zb2Z0Lk9wZXJhdGlvbmFsSW5zaWdodHMvd29ya3NwYWNlcy9BelRlc3RwczQ1NTc/YXBpLXZlcnNpb249MjAyMS0xMi0wMS1wcmV2aWV3",
      "RequestMethod": "PUT",
      "RequestHeaders": {
        "x-ms-client-request-id": [
          "8a7e01e5-a126-46b7-9d7e-a38e7013ab45"
        ],
        "Accept-Language": [
          "en-US"
        ],
        "User-Agent": [
          "FxVersion/4.700.22.30802",
          "OSName/Windows",
          "OSVersion/Microsoft.Windows.10.0.22000",
          "Microsoft.Azure.Management.OperationalInsights.OperationalInsightsManagementClient/0.25.0.0"
        ],
        "Content-Type": [
          "application/json; charset=utf-8"
        ],
        "Content-Length": [
          "138"
        ]
      },
      "RequestBody": "{\r\n  \"properties\": {\r\n    \"sku\": {\r\n      \"name\": \"pergb2018\"\r\n    },\r\n    \"features\": {}\r\n  },\r\n  \"tags\": {},\r\n  \"location\": \"East US\"\r\n}",
      "ResponseHeaders": {
        "Cache-Control": [
          "no-cache"
        ],
        "Pragma": [
          "no-cache"
        ],
        "Strict-Transport-Security": [
          "max-age=31536000; includeSubDomains"
        ],
        "Request-Context": [
          "appId=cid-v1:e6336c63-aab2-45f0-996a-e5dbab2a1508"
        ],
        "X-Content-Type-Options": [
          "nosniff"
        ],
        "x-ms-request-id": [
          "172ae657-3dad-4078-811e-5ad60eee844a"
        ],
        "Access-Control-Allow-Origin": [
          "*"
        ],
        "Server": [
          "Microsoft-IIS/10.0"
        ],
        "X-Powered-By": [
          "ASP.NET",
          "ASP.NET"
        ],
        "x-ms-ratelimit-remaining-subscription-writes": [
          "1199"
        ],
        "x-ms-correlation-request-id": [
          "f4531a02-deb5-4088-8745-403a5ab12f1f"
        ],
        "x-ms-routing-request-id": [
          "FRANCESOUTH:20220725T141025Z:f4531a02-deb5-4088-8745-403a5ab12f1f"
        ],
        "Date": [
          "Mon, 25 Jul 2022 14:10:25 GMT"
        ],
        "Content-Length": [
          "1064"
        ],
        "Content-Type": [
          "application/json"
        ]
      },
      "ResponseBody": "{\r\n  \"properties\": {\r\n    \"source\": \"Azure\",\r\n    \"customerId\": \"00cb2871-bc68-4d69-9ade-6729cc83d8e6\",\r\n    \"provisioningState\": \"Creating\",\r\n    \"sku\": {\r\n      \"name\": \"pergb2018\",\r\n      \"lastSkuUpdate\": \"Mon, 25 Jul 2022 14:10:24 GMT\"\r\n    },\r\n    \"retentionInDays\": 30,\r\n    \"features\": {\r\n      \"legacy\": 0,\r\n      \"searchVersion\": 1,\r\n      \"enableLogAccessUsingOnlyResourcePermissions\": true\r\n    },\r\n    \"workspaceCapping\": {\r\n      \"dailyQuotaGb\": -1.0,\r\n      \"quotaNextResetTime\": \"Tue, 26 Jul 2022 11:00:00 GMT\",\r\n      \"dataIngestionStatus\": \"RespectQuota\"\r\n    },\r\n    \"publicNetworkAccessForIngestion\": \"Enabled\",\r\n    \"publicNetworkAccessForQuery\": \"Enabled\",\r\n    \"createdDate\": \"Mon, 25 Jul 2022 14:10:24 GMT\",\r\n    \"modifiedDate\": \"Mon, 25 Jul 2022 14:10:24 GMT\"\r\n  },\r\n  \"id\": \"/subscriptions/57947cb5-aadd-4b6c-9e8e-27f545bb7bf5/resourcegroups/ps5196/providers/microsoft.operationalinsights/workspaces/aztestps4557\",\r\n  \"name\": \"AzTestps4557\",\r\n  \"type\": \"Microsoft.OperationalInsights/workspaces\",\r\n  \"location\": \"East US\",\r\n  \"tags\": {}\r\n}",
      "StatusCode": 201
    },
    {
      "RequestUri": "/subscriptions/57947cb5-aadd-4b6c-9e8e-27f545bb7bf5/providers/Microsoft.Storage/checkNameAvailability?api-version=2021-09-01",
      "EncodedRequestUri": "L3N1YnNjcmlwdGlvbnMvNTc5NDdjYjUtYWFkZC00YjZjLTllOGUtMjdmNTQ1YmI3YmY1L3Byb3ZpZGVycy9NaWNyb3NvZnQuU3RvcmFnZS9jaGVja05hbWVBdmFpbGFiaWxpdHk/YXBpLXZlcnNpb249MjAyMS0wOS0wMQ==",
      "RequestMethod": "POST",
      "RequestHeaders": {
        "x-ms-client-request-id": [
          "bd6d4e9f-0a0d-4d41-8d60-e1b34828c264"
        ],
        "Accept-Language": [
          "en-US"
        ],
        "User-Agent": [
          "FxVersion/4.700.22.30802",
          "OSName/Windows",
          "OSVersion/Microsoft.Windows.10.0.22000",
          "Microsoft.Azure.Management.Storage.StorageManagementClient/24.0.0.0"
        ],
        "Content-Type": [
          "application/json; charset=utf-8"
        ],
        "Content-Length": [
          "87"
        ]
      },
      "RequestBody": "{\r\n  \"name\": \"azpstestaccountmock11\",\r\n  \"type\": \"Microsoft.Storage/storageAccounts\"\r\n}",
      "ResponseHeaders": {
        "Cache-Control": [
          "no-cache"
        ],
        "Pragma": [
          "no-cache"
        ],
        "x-ms-request-id": [
          "3caa6cbc-2aa6-47b9-bf83-4b6db860a013"
        ],
        "Strict-Transport-Security": [
          "max-age=31536000; includeSubDomains"
        ],
        "Server": [
          "Microsoft-Azure-Storage-Resource-Provider/1.0,Microsoft-HTTPAPI/2.0 Microsoft-HTTPAPI/2.0"
        ],
        "x-ms-ratelimit-remaining-subscription-reads": [
          "11997"
        ],
        "x-ms-correlation-request-id": [
          "8323fd43-a871-478b-941a-77521a52c05f"
        ],
        "x-ms-routing-request-id": [
          "FRANCESOUTH:20220725T141059Z:8323fd43-a871-478b-941a-77521a52c05f"
        ],
        "X-Content-Type-Options": [
          "nosniff"
        ],
        "Date": [
          "Mon, 25 Jul 2022 14:10:59 GMT"
        ],
        "Content-Length": [
          "22"
        ],
        "Content-Type": [
          "application/json"
        ],
        "Expires": [
          "-1"
        ]
      },
      "ResponseBody": "{\r\n  \"nameAvailable\": true\r\n}",
      "StatusCode": 200
    },
    {
      "RequestUri": "/subscriptions/57947cb5-aadd-4b6c-9e8e-27f545bb7bf5/providers/Microsoft.Storage/checkNameAvailability?api-version=2021-09-01",
      "EncodedRequestUri": "L3N1YnNjcmlwdGlvbnMvNTc5NDdjYjUtYWFkZC00YjZjLTllOGUtMjdmNTQ1YmI3YmY1L3Byb3ZpZGVycy9NaWNyb3NvZnQuU3RvcmFnZS9jaGVja05hbWVBdmFpbGFiaWxpdHk/YXBpLXZlcnNpb249MjAyMS0wOS0wMQ==",
      "RequestMethod": "POST",
      "RequestHeaders": {
        "x-ms-client-request-id": [
          "d60a3af3-3b77-4211-a3ee-17f95afc094b"
        ],
        "Accept-Language": [
          "en-US"
        ],
        "User-Agent": [
          "FxVersion/4.700.22.30802",
          "OSName/Windows",
          "OSVersion/Microsoft.Windows.10.0.22000",
          "Microsoft.Azure.Management.Storage.StorageManagementClient/24.0.0.0"
        ],
        "Content-Type": [
          "application/json; charset=utf-8"
        ],
        "Content-Length": [
          "87"
        ]
      },
      "RequestBody": "{\r\n  \"name\": \"azpstestaccountmock21\",\r\n  \"type\": \"Microsoft.Storage/storageAccounts\"\r\n}",
      "ResponseHeaders": {
        "Cache-Control": [
          "no-cache"
        ],
        "Pragma": [
          "no-cache"
        ],
        "x-ms-request-id": [
          "f096c20c-fbf4-4bbb-a7a5-2348ff43b4ad"
        ],
        "Strict-Transport-Security": [
          "max-age=31536000; includeSubDomains"
        ],
        "Server": [
          "Microsoft-Azure-Storage-Resource-Provider/1.0,Microsoft-HTTPAPI/2.0 Microsoft-HTTPAPI/2.0"
        ],
        "x-ms-ratelimit-remaining-subscription-reads": [
          "11995"
        ],
        "x-ms-correlation-request-id": [
          "9b8f3257-40f5-4c3c-8384-3701e5c4d159"
        ],
        "x-ms-routing-request-id": [
          "FRANCESOUTH:20220725T141124Z:9b8f3257-40f5-4c3c-8384-3701e5c4d159"
        ],
        "X-Content-Type-Options": [
          "nosniff"
        ],
        "Date": [
          "Mon, 25 Jul 2022 14:11:23 GMT"
        ],
        "Content-Length": [
          "22"
        ],
        "Content-Type": [
          "application/json"
        ],
        "Expires": [
          "-1"
        ]
      },
      "ResponseBody": "{\r\n  \"nameAvailable\": true\r\n}",
      "StatusCode": 200
    },
    {
      "RequestUri": "/subscriptions/57947cb5-aadd-4b6c-9e8e-27f545bb7bf5/resourceGroups/ps5196/providers/Microsoft.Storage/storageAccounts/azpstestaccountmock11?api-version=2021-09-01",
      "EncodedRequestUri": "L3N1YnNjcmlwdGlvbnMvNTc5NDdjYjUtYWFkZC00YjZjLTllOGUtMjdmNTQ1YmI3YmY1L3Jlc291cmNlR3JvdXBzL3BzNTE5Ni9wcm92aWRlcnMvTWljcm9zb2Z0LlN0b3JhZ2Uvc3RvcmFnZUFjY291bnRzL2F6cHN0ZXN0YWNjb3VudG1vY2sxMT9hcGktdmVyc2lvbj0yMDIxLTA5LTAx",
      "RequestMethod": "PUT",
      "RequestHeaders": {
        "x-ms-client-request-id": [
          "bd6d4e9f-0a0d-4d41-8d60-e1b34828c264"
        ],
        "Accept-Language": [
          "en-US"
        ],
        "User-Agent": [
          "FxVersion/4.700.22.30802",
          "OSName/Windows",
          "OSVersion/Microsoft.Windows.10.0.22000",
          "Microsoft.Azure.Management.Storage.StorageManagementClient/24.0.0.0"
        ],
        "Content-Type": [
          "application/json; charset=utf-8"
        ],
        "Content-Length": [
          "99"
        ]
      },
      "RequestBody": "{\r\n  \"sku\": {\r\n    \"name\": \"Standard_LRS\"\r\n  },\r\n  \"kind\": \"StorageV2\",\r\n  \"location\": \"East US\"\r\n}",
      "ResponseHeaders": {
        "Cache-Control": [
          "no-cache"
        ],
        "Pragma": [
          "no-cache"
        ],
        "Location": [
          "https://management.azure.com/subscriptions/57947cb5-aadd-4b6c-9e8e-27f545bb7bf5/providers/Microsoft.Storage/locations/eastus/asyncoperations/0c73d118-dcf4-4543-bee3-c8f8cb042fd1?monitor=true&api-version=2021-09-01"
        ],
        "Retry-After": [
          "17"
        ],
        "x-ms-request-id": [
          "0c73d118-dcf4-4543-bee3-c8f8cb042fd1"
        ],
        "Strict-Transport-Security": [
          "max-age=31536000; includeSubDomains"
        ],
        "Server": [
          "Microsoft-Azure-Storage-Resource-Provider/1.0,Microsoft-HTTPAPI/2.0 Microsoft-HTTPAPI/2.0"
        ],
        "x-ms-ratelimit-remaining-subscription-writes": [
          "1198"
        ],
        "x-ms-correlation-request-id": [
          "8b31c3ad-f2c3-418a-aef4-bf026cffd608"
        ],
        "x-ms-routing-request-id": [
          "FRANCESOUTH:20220725T141104Z:8b31c3ad-f2c3-418a-aef4-bf026cffd608"
        ],
        "X-Content-Type-Options": [
          "nosniff"
        ],
        "Date": [
          "Mon, 25 Jul 2022 14:11:04 GMT"
        ],
        "Content-Type": [
          "text/plain; charset=utf-8"
        ],
        "Expires": [
          "-1"
        ],
        "Content-Length": [
          "0"
        ]
      },
      "ResponseBody": "",
      "StatusCode": 202
    },
    {
      "RequestUri": "/subscriptions/57947cb5-aadd-4b6c-9e8e-27f545bb7bf5/providers/Microsoft.Storage/locations/eastus/asyncoperations/0c73d118-dcf4-4543-bee3-c8f8cb042fd1?monitor=true&api-version=2021-09-01",
      "EncodedRequestUri": "L3N1YnNjcmlwdGlvbnMvNTc5NDdjYjUtYWFkZC00YjZjLTllOGUtMjdmNTQ1YmI3YmY1L3Byb3ZpZGVycy9NaWNyb3NvZnQuU3RvcmFnZS9sb2NhdGlvbnMvZWFzdHVzL2FzeW5jb3BlcmF0aW9ucy8wYzczZDExOC1kY2Y0LTQ1NDMtYmVlMy1jOGY4Y2IwNDJmZDE/bW9uaXRvcj10cnVlJmFwaS12ZXJzaW9uPTIwMjEtMDktMDE=",
      "RequestMethod": "GET",
      "RequestHeaders": {
        "x-ms-client-request-id": [
          "bd6d4e9f-0a0d-4d41-8d60-e1b34828c264"
        ],
        "User-Agent": [
          "FxVersion/4.700.22.30802",
          "OSName/Windows",
          "OSVersion/Microsoft.Windows.10.0.22000",
          "Microsoft.Azure.Management.Storage.StorageManagementClient/24.0.0.0"
        ]
      },
      "RequestBody": "",
      "ResponseHeaders": {
        "Cache-Control": [
          "no-cache"
        ],
        "Pragma": [
          "no-cache"
        ],
        "x-ms-request-id": [
          "c3adad8e-0766-4ee8-a253-2314a6648adc"
        ],
        "Strict-Transport-Security": [
          "max-age=31536000; includeSubDomains"
        ],
        "Server": [
          "Microsoft-Azure-Storage-Resource-Provider/1.0,Microsoft-HTTPAPI/2.0 Microsoft-HTTPAPI/2.0"
        ],
        "x-ms-ratelimit-remaining-subscription-reads": [
          "11996"
        ],
        "x-ms-correlation-request-id": [
          "d999d358-9a5f-43d3-bc68-3663c52abd8f"
        ],
        "x-ms-routing-request-id": [
          "FRANCESOUTH:20220725T141121Z:d999d358-9a5f-43d3-bc68-3663c52abd8f"
        ],
        "X-Content-Type-Options": [
          "nosniff"
        ],
        "Date": [
          "Mon, 25 Jul 2022 14:11:21 GMT"
        ],
        "Content-Length": [
          "1452"
        ],
        "Content-Type": [
          "application/json"
        ],
        "Expires": [
          "-1"
        ]
      },
      "ResponseBody": "{\r\n  \"sku\": {\r\n    \"name\": \"Standard_LRS\",\r\n    \"tier\": \"Standard\"\r\n  },\r\n  \"kind\": \"StorageV2\",\r\n  \"id\": \"/subscriptions/57947cb5-aadd-4b6c-9e8e-27f545bb7bf5/resourceGroups/ps5196/providers/Microsoft.Storage/storageAccounts/azpstestaccountmock11\",\r\n  \"name\": \"azpstestaccountmock11\",\r\n  \"type\": \"Microsoft.Storage/storageAccounts\",\r\n  \"location\": \"eastus\",\r\n  \"tags\": {},\r\n  \"properties\": {\r\n    \"keyCreationTime\": {\r\n      \"key1\": \"2022-07-25T14:11:02.4147049Z\",\r\n      \"key2\": \"2022-07-25T14:11:02.4147049Z\"\r\n    },\r\n    \"privateEndpointConnections\": [],\r\n    \"minimumTlsVersion\": \"TLS1_0\",\r\n    \"allowBlobPublicAccess\": true,\r\n    \"networkAcls\": {\r\n      \"bypass\": \"AzureServices\",\r\n      \"virtualNetworkRules\": [],\r\n      \"ipRules\": [],\r\n      \"defaultAction\": \"Allow\"\r\n    },\r\n    \"supportsHttpsTrafficOnly\": true,\r\n    \"encryption\": {\r\n      \"services\": {\r\n        \"file\": {\r\n          \"keyType\": \"Account\",\r\n          \"enabled\": true,\r\n          \"lastEnabledTime\": \"2022-07-25T14:11:02.4303315Z\"\r\n        },\r\n        \"blob\": {\r\n          \"keyType\": \"Account\",\r\n          \"enabled\": true,\r\n          \"lastEnabledTime\": \"2022-07-25T14:11:02.4303315Z\"\r\n        }\r\n      },\r\n      \"keySource\": \"Microsoft.Storage\"\r\n    },\r\n    \"accessTier\": \"Hot\",\r\n    \"provisioningState\": \"Succeeded\",\r\n    \"creationTime\": \"2022-07-25T14:11:02.2585046Z\",\r\n    \"primaryEndpoints\": {\r\n      \"dfs\": \"https://azpstestaccountmock11.dfs.core.windows.net/\",\r\n      \"web\": \"https://azpstestaccountmock11.z13.web.core.windows.net/\",\r\n      \"blob\": \"https://azpstestaccountmock11.blob.core.windows.net/\",\r\n      \"queue\": \"https://azpstestaccountmock11.queue.core.windows.net/\",\r\n      \"table\": \"https://azpstestaccountmock11.table.core.windows.net/\",\r\n      \"file\": \"https://azpstestaccountmock11.file.core.windows.net/\"\r\n    },\r\n    \"primaryLocation\": \"eastus\",\r\n    \"statusOfPrimary\": \"available\"\r\n  }\r\n}",
      "StatusCode": 200
    },
    {
      "RequestUri": "/subscriptions/57947cb5-aadd-4b6c-9e8e-27f545bb7bf5/resourceGroups/ps5196/providers/Microsoft.Storage/storageAccounts/azpstestaccountmock11?api-version=2021-09-01",
      "EncodedRequestUri": "L3N1YnNjcmlwdGlvbnMvNTc5NDdjYjUtYWFkZC00YjZjLTllOGUtMjdmNTQ1YmI3YmY1L3Jlc291cmNlR3JvdXBzL3BzNTE5Ni9wcm92aWRlcnMvTWljcm9zb2Z0LlN0b3JhZ2Uvc3RvcmFnZUFjY291bnRzL2F6cHN0ZXN0YWNjb3VudG1vY2sxMT9hcGktdmVyc2lvbj0yMDIxLTA5LTAx",
      "RequestMethod": "GET",
      "RequestHeaders": {
        "x-ms-client-request-id": [
          "bd6d4e9f-0a0d-4d41-8d60-e1b34828c264"
        ],
        "Accept-Language": [
          "en-US"
        ],
        "User-Agent": [
          "FxVersion/4.700.22.30802",
          "OSName/Windows",
          "OSVersion/Microsoft.Windows.10.0.22000",
          "Microsoft.Azure.Management.Storage.StorageManagementClient/24.0.0.0"
        ]
      },
      "RequestBody": "",
      "ResponseHeaders": {
        "Cache-Control": [
          "no-cache"
        ],
        "Pragma": [
          "no-cache"
        ],
        "x-ms-request-id": [
          "999a88e9-8b83-4720-859d-3a4e781d63fa"
        ],
        "Strict-Transport-Security": [
          "max-age=31536000; includeSubDomains"
        ],
        "Server": [
          "Microsoft-Azure-Storage-Resource-Provider/1.0,Microsoft-HTTPAPI/2.0 Microsoft-HTTPAPI/2.0"
        ],
        "x-ms-ratelimit-remaining-subscription-reads": [
          "11995"
        ],
        "x-ms-correlation-request-id": [
          "cacc1ad9-0996-49ee-add7-d4cd7a5b140c"
        ],
        "x-ms-routing-request-id": [
          "FRANCESOUTH:20220725T141122Z:cacc1ad9-0996-49ee-add7-d4cd7a5b140c"
        ],
        "X-Content-Type-Options": [
          "nosniff"
        ],
        "Date": [
          "Mon, 25 Jul 2022 14:11:21 GMT"
        ],
        "Content-Length": [
          "1452"
        ],
        "Content-Type": [
          "application/json"
        ],
        "Expires": [
          "-1"
        ]
      },
      "ResponseBody": "{\r\n  \"sku\": {\r\n    \"name\": \"Standard_LRS\",\r\n    \"tier\": \"Standard\"\r\n  },\r\n  \"kind\": \"StorageV2\",\r\n  \"id\": \"/subscriptions/57947cb5-aadd-4b6c-9e8e-27f545bb7bf5/resourceGroups/ps5196/providers/Microsoft.Storage/storageAccounts/azpstestaccountmock11\",\r\n  \"name\": \"azpstestaccountmock11\",\r\n  \"type\": \"Microsoft.Storage/storageAccounts\",\r\n  \"location\": \"eastus\",\r\n  \"tags\": {},\r\n  \"properties\": {\r\n    \"keyCreationTime\": {\r\n      \"key1\": \"2022-07-25T14:11:02.4147049Z\",\r\n      \"key2\": \"2022-07-25T14:11:02.4147049Z\"\r\n    },\r\n    \"privateEndpointConnections\": [],\r\n    \"minimumTlsVersion\": \"TLS1_0\",\r\n    \"allowBlobPublicAccess\": true,\r\n    \"networkAcls\": {\r\n      \"bypass\": \"AzureServices\",\r\n      \"virtualNetworkRules\": [],\r\n      \"ipRules\": [],\r\n      \"defaultAction\": \"Allow\"\r\n    },\r\n    \"supportsHttpsTrafficOnly\": true,\r\n    \"encryption\": {\r\n      \"services\": {\r\n        \"file\": {\r\n          \"keyType\": \"Account\",\r\n          \"enabled\": true,\r\n          \"lastEnabledTime\": \"2022-07-25T14:11:02.4303315Z\"\r\n        },\r\n        \"blob\": {\r\n          \"keyType\": \"Account\",\r\n          \"enabled\": true,\r\n          \"lastEnabledTime\": \"2022-07-25T14:11:02.4303315Z\"\r\n        }\r\n      },\r\n      \"keySource\": \"Microsoft.Storage\"\r\n    },\r\n    \"accessTier\": \"Hot\",\r\n    \"provisioningState\": \"Succeeded\",\r\n    \"creationTime\": \"2022-07-25T14:11:02.2585046Z\",\r\n    \"primaryEndpoints\": {\r\n      \"dfs\": \"https://azpstestaccountmock11.dfs.core.windows.net/\",\r\n      \"web\": \"https://azpstestaccountmock11.z13.web.core.windows.net/\",\r\n      \"blob\": \"https://azpstestaccountmock11.blob.core.windows.net/\",\r\n      \"queue\": \"https://azpstestaccountmock11.queue.core.windows.net/\",\r\n      \"table\": \"https://azpstestaccountmock11.table.core.windows.net/\",\r\n      \"file\": \"https://azpstestaccountmock11.file.core.windows.net/\"\r\n    },\r\n    \"primaryLocation\": \"eastus\",\r\n    \"statusOfPrimary\": \"available\"\r\n  }\r\n}",
      "StatusCode": 200
    },
    {
      "RequestUri": "/subscriptions/57947cb5-aadd-4b6c-9e8e-27f545bb7bf5/resourceGroups/ps5196/providers/Microsoft.Storage/storageAccounts/azpstestaccountmock21?api-version=2021-09-01",
      "EncodedRequestUri": "L3N1YnNjcmlwdGlvbnMvNTc5NDdjYjUtYWFkZC00YjZjLTllOGUtMjdmNTQ1YmI3YmY1L3Jlc291cmNlR3JvdXBzL3BzNTE5Ni9wcm92aWRlcnMvTWljcm9zb2Z0LlN0b3JhZ2Uvc3RvcmFnZUFjY291bnRzL2F6cHN0ZXN0YWNjb3VudG1vY2syMT9hcGktdmVyc2lvbj0yMDIxLTA5LTAx",
      "RequestMethod": "PUT",
      "RequestHeaders": {
        "x-ms-client-request-id": [
          "d60a3af3-3b77-4211-a3ee-17f95afc094b"
        ],
        "Accept-Language": [
          "en-US"
        ],
        "User-Agent": [
          "FxVersion/4.700.22.30802",
          "OSName/Windows",
          "OSVersion/Microsoft.Windows.10.0.22000",
          "Microsoft.Azure.Management.Storage.StorageManagementClient/24.0.0.0"
        ],
        "Content-Type": [
          "application/json; charset=utf-8"
        ],
        "Content-Length": [
          "99"
        ]
      },
      "RequestBody": "{\r\n  \"sku\": {\r\n    \"name\": \"Standard_LRS\"\r\n  },\r\n  \"kind\": \"StorageV2\",\r\n  \"location\": \"East US\"\r\n}",
      "ResponseHeaders": {
        "Cache-Control": [
          "no-cache"
        ],
        "Pragma": [
          "no-cache"
        ],
        "Location": [
          "https://management.azure.com/subscriptions/57947cb5-aadd-4b6c-9e8e-27f545bb7bf5/providers/Microsoft.Storage/locations/eastus/asyncoperations/50e1a982-a6bf-4683-a05d-bef704d360db?monitor=true&api-version=2021-09-01"
        ],
        "Retry-After": [
          "17"
        ],
        "x-ms-request-id": [
          "50e1a982-a6bf-4683-a05d-bef704d360db"
        ],
        "Strict-Transport-Security": [
          "max-age=31536000; includeSubDomains"
        ],
        "Server": [
          "Microsoft-Azure-Storage-Resource-Provider/1.0,Microsoft-HTTPAPI/2.0 Microsoft-HTTPAPI/2.0"
        ],
        "x-ms-ratelimit-remaining-subscription-writes": [
          "1197"
        ],
        "x-ms-correlation-request-id": [
          "53d96a9a-21d3-4e23-ab10-d37b1d55fa0e"
        ],
        "x-ms-routing-request-id": [
          "FRANCESOUTH:20220725T141130Z:53d96a9a-21d3-4e23-ab10-d37b1d55fa0e"
        ],
        "X-Content-Type-Options": [
          "nosniff"
        ],
        "Date": [
          "Mon, 25 Jul 2022 14:11:29 GMT"
        ],
        "Content-Type": [
          "text/plain; charset=utf-8"
        ],
        "Expires": [
          "-1"
        ],
        "Content-Length": [
          "0"
        ]
      },
      "ResponseBody": "",
      "StatusCode": 202
    },
    {
      "RequestUri": "/subscriptions/57947cb5-aadd-4b6c-9e8e-27f545bb7bf5/providers/Microsoft.Storage/locations/eastus/asyncoperations/50e1a982-a6bf-4683-a05d-bef704d360db?monitor=true&api-version=2021-09-01",
      "EncodedRequestUri": "L3N1YnNjcmlwdGlvbnMvNTc5NDdjYjUtYWFkZC00YjZjLTllOGUtMjdmNTQ1YmI3YmY1L3Byb3ZpZGVycy9NaWNyb3NvZnQuU3RvcmFnZS9sb2NhdGlvbnMvZWFzdHVzL2FzeW5jb3BlcmF0aW9ucy81MGUxYTk4Mi1hNmJmLTQ2ODMtYTA1ZC1iZWY3MDRkMzYwZGI/bW9uaXRvcj10cnVlJmFwaS12ZXJzaW9uPTIwMjEtMDktMDE=",
      "RequestMethod": "GET",
      "RequestHeaders": {
        "x-ms-client-request-id": [
          "d60a3af3-3b77-4211-a3ee-17f95afc094b"
        ],
        "User-Agent": [
          "FxVersion/4.700.22.30802",
          "OSName/Windows",
          "OSVersion/Microsoft.Windows.10.0.22000",
          "Microsoft.Azure.Management.Storage.StorageManagementClient/24.0.0.0"
        ]
      },
      "RequestBody": "",
      "ResponseHeaders": {
        "Cache-Control": [
          "no-cache"
        ],
        "Pragma": [
          "no-cache"
        ],
        "x-ms-request-id": [
          "5dbf1091-052d-4f87-9919-b1a83e830f77"
        ],
        "Strict-Transport-Security": [
          "max-age=31536000; includeSubDomains"
        ],
        "Server": [
          "Microsoft-Azure-Storage-Resource-Provider/1.0,Microsoft-HTTPAPI/2.0 Microsoft-HTTPAPI/2.0"
        ],
        "x-ms-ratelimit-remaining-subscription-reads": [
          "11994"
        ],
        "x-ms-correlation-request-id": [
          "6bafd246-c7bc-45ea-ac9e-1b18407dcea0"
        ],
        "x-ms-routing-request-id": [
          "FRANCESOUTH:20220725T141147Z:6bafd246-c7bc-45ea-ac9e-1b18407dcea0"
        ],
        "X-Content-Type-Options": [
          "nosniff"
        ],
        "Date": [
          "Mon, 25 Jul 2022 14:11:47 GMT"
        ],
        "Content-Length": [
          "1452"
        ],
        "Content-Type": [
          "application/json"
        ],
        "Expires": [
          "-1"
        ]
      },
      "ResponseBody": "{\r\n  \"sku\": {\r\n    \"name\": \"Standard_LRS\",\r\n    \"tier\": \"Standard\"\r\n  },\r\n  \"kind\": \"StorageV2\",\r\n  \"id\": \"/subscriptions/57947cb5-aadd-4b6c-9e8e-27f545bb7bf5/resourceGroups/ps5196/providers/Microsoft.Storage/storageAccounts/azpstestaccountmock21\",\r\n  \"name\": \"azpstestaccountmock21\",\r\n  \"type\": \"Microsoft.Storage/storageAccounts\",\r\n  \"location\": \"eastus\",\r\n  \"tags\": {},\r\n  \"properties\": {\r\n    \"keyCreationTime\": {\r\n      \"key1\": \"2022-07-25T14:11:28.5241604Z\",\r\n      \"key2\": \"2022-07-25T14:11:28.5241604Z\"\r\n    },\r\n    \"privateEndpointConnections\": [],\r\n    \"minimumTlsVersion\": \"TLS1_0\",\r\n    \"allowBlobPublicAccess\": true,\r\n    \"networkAcls\": {\r\n      \"bypass\": \"AzureServices\",\r\n      \"virtualNetworkRules\": [],\r\n      \"ipRules\": [],\r\n      \"defaultAction\": \"Allow\"\r\n    },\r\n    \"supportsHttpsTrafficOnly\": true,\r\n    \"encryption\": {\r\n      \"services\": {\r\n        \"file\": {\r\n          \"keyType\": \"Account\",\r\n          \"enabled\": true,\r\n          \"lastEnabledTime\": \"2022-07-25T14:11:28.5241604Z\"\r\n        },\r\n        \"blob\": {\r\n          \"keyType\": \"Account\",\r\n          \"enabled\": true,\r\n          \"lastEnabledTime\": \"2022-07-25T14:11:28.5241604Z\"\r\n        }\r\n      },\r\n      \"keySource\": \"Microsoft.Storage\"\r\n    },\r\n    \"accessTier\": \"Hot\",\r\n    \"provisioningState\": \"Succeeded\",\r\n    \"creationTime\": \"2022-07-25T14:11:28.3522613Z\",\r\n    \"primaryEndpoints\": {\r\n      \"dfs\": \"https://azpstestaccountmock21.dfs.core.windows.net/\",\r\n      \"web\": \"https://azpstestaccountmock21.z13.web.core.windows.net/\",\r\n      \"blob\": \"https://azpstestaccountmock21.blob.core.windows.net/\",\r\n      \"queue\": \"https://azpstestaccountmock21.queue.core.windows.net/\",\r\n      \"table\": \"https://azpstestaccountmock21.table.core.windows.net/\",\r\n      \"file\": \"https://azpstestaccountmock21.file.core.windows.net/\"\r\n    },\r\n    \"primaryLocation\": \"eastus\",\r\n    \"statusOfPrimary\": \"available\"\r\n  }\r\n}",
      "StatusCode": 200
    },
    {
      "RequestUri": "/subscriptions/57947cb5-aadd-4b6c-9e8e-27f545bb7bf5/resourceGroups/ps5196/providers/Microsoft.Storage/storageAccounts/azpstestaccountmock21?api-version=2021-09-01",
      "EncodedRequestUri": "L3N1YnNjcmlwdGlvbnMvNTc5NDdjYjUtYWFkZC00YjZjLTllOGUtMjdmNTQ1YmI3YmY1L3Jlc291cmNlR3JvdXBzL3BzNTE5Ni9wcm92aWRlcnMvTWljcm9zb2Z0LlN0b3JhZ2Uvc3RvcmFnZUFjY291bnRzL2F6cHN0ZXN0YWNjb3VudG1vY2syMT9hcGktdmVyc2lvbj0yMDIxLTA5LTAx",
      "RequestMethod": "GET",
      "RequestHeaders": {
        "x-ms-client-request-id": [
          "d60a3af3-3b77-4211-a3ee-17f95afc094b"
        ],
        "Accept-Language": [
          "en-US"
        ],
        "User-Agent": [
          "FxVersion/4.700.22.30802",
          "OSName/Windows",
          "OSVersion/Microsoft.Windows.10.0.22000",
          "Microsoft.Azure.Management.Storage.StorageManagementClient/24.0.0.0"
        ]
      },
      "RequestBody": "",
      "ResponseHeaders": {
        "Cache-Control": [
          "no-cache"
        ],
        "Pragma": [
          "no-cache"
        ],
        "x-ms-request-id": [
          "a82cc0d6-74d8-4126-83a3-b3f4cb79ee29"
        ],
        "Strict-Transport-Security": [
          "max-age=31536000; includeSubDomains"
        ],
        "Server": [
          "Microsoft-Azure-Storage-Resource-Provider/1.0,Microsoft-HTTPAPI/2.0 Microsoft-HTTPAPI/2.0"
        ],
        "x-ms-ratelimit-remaining-subscription-reads": [
          "11993"
        ],
        "x-ms-correlation-request-id": [
          "4fea1168-5e4e-443d-b780-bd855a8c2581"
        ],
        "x-ms-routing-request-id": [
          "FRANCESOUTH:20220725T141148Z:4fea1168-5e4e-443d-b780-bd855a8c2581"
        ],
        "X-Content-Type-Options": [
          "nosniff"
        ],
        "Date": [
          "Mon, 25 Jul 2022 14:11:47 GMT"
        ],
        "Content-Length": [
          "1452"
        ],
        "Content-Type": [
          "application/json"
        ],
        "Expires": [
          "-1"
        ]
      },
      "ResponseBody": "{\r\n  \"sku\": {\r\n    \"name\": \"Standard_LRS\",\r\n    \"tier\": \"Standard\"\r\n  },\r\n  \"kind\": \"StorageV2\",\r\n  \"id\": \"/subscriptions/57947cb5-aadd-4b6c-9e8e-27f545bb7bf5/resourceGroups/ps5196/providers/Microsoft.Storage/storageAccounts/azpstestaccountmock21\",\r\n  \"name\": \"azpstestaccountmock21\",\r\n  \"type\": \"Microsoft.Storage/storageAccounts\",\r\n  \"location\": \"eastus\",\r\n  \"tags\": {},\r\n  \"properties\": {\r\n    \"keyCreationTime\": {\r\n      \"key1\": \"2022-07-25T14:11:28.5241604Z\",\r\n      \"key2\": \"2022-07-25T14:11:28.5241604Z\"\r\n    },\r\n    \"privateEndpointConnections\": [],\r\n    \"minimumTlsVersion\": \"TLS1_0\",\r\n    \"allowBlobPublicAccess\": true,\r\n    \"networkAcls\": {\r\n      \"bypass\": \"AzureServices\",\r\n      \"virtualNetworkRules\": [],\r\n      \"ipRules\": [],\r\n      \"defaultAction\": \"Allow\"\r\n    },\r\n    \"supportsHttpsTrafficOnly\": true,\r\n    \"encryption\": {\r\n      \"services\": {\r\n        \"file\": {\r\n          \"keyType\": \"Account\",\r\n          \"enabled\": true,\r\n          \"lastEnabledTime\": \"2022-07-25T14:11:28.5241604Z\"\r\n        },\r\n        \"blob\": {\r\n          \"keyType\": \"Account\",\r\n          \"enabled\": true,\r\n          \"lastEnabledTime\": \"2022-07-25T14:11:28.5241604Z\"\r\n        }\r\n      },\r\n      \"keySource\": \"Microsoft.Storage\"\r\n    },\r\n    \"accessTier\": \"Hot\",\r\n    \"provisioningState\": \"Succeeded\",\r\n    \"creationTime\": \"2022-07-25T14:11:28.3522613Z\",\r\n    \"primaryEndpoints\": {\r\n      \"dfs\": \"https://azpstestaccountmock21.dfs.core.windows.net/\",\r\n      \"web\": \"https://azpstestaccountmock21.z13.web.core.windows.net/\",\r\n      \"blob\": \"https://azpstestaccountmock21.blob.core.windows.net/\",\r\n      \"queue\": \"https://azpstestaccountmock21.queue.core.windows.net/\",\r\n      \"table\": \"https://azpstestaccountmock21.table.core.windows.net/\",\r\n      \"file\": \"https://azpstestaccountmock21.file.core.windows.net/\"\r\n    },\r\n    \"primaryLocation\": \"eastus\",\r\n    \"statusOfPrimary\": \"available\"\r\n  }\r\n}",
      "StatusCode": 200
    },
    {
      "RequestUri": "/subscriptions/57947cb5-aadd-4b6c-9e8e-27f545bb7bf5/resourcegroups/ps5196/providers/Microsoft.OperationalInsights/workspaces/AzTestps4557/linkedStorageAccounts/CustomLogs?api-version=2020-08-01",
      "EncodedRequestUri": "L3N1YnNjcmlwdGlvbnMvNTc5NDdjYjUtYWFkZC00YjZjLTllOGUtMjdmNTQ1YmI3YmY1L3Jlc291cmNlZ3JvdXBzL3BzNTE5Ni9wcm92aWRlcnMvTWljcm9zb2Z0Lk9wZXJhdGlvbmFsSW5zaWdodHMvd29ya3NwYWNlcy9BelRlc3RwczQ1NTcvbGlua2VkU3RvcmFnZUFjY291bnRzL0N1c3RvbUxvZ3M/YXBpLXZlcnNpb249MjAyMC0wOC0wMQ==",
      "RequestMethod": "GET",
      "RequestHeaders": {
        "x-ms-client-request-id": [
          "8806956a-a3d6-4d1a-89f8-8576b245d242"
        ],
        "Accept-Language": [
          "en-US"
        ],
        "User-Agent": [
          "FxVersion/4.700.22.30802",
          "OSName/Windows",
          "OSVersion/Microsoft.Windows.10.0.22000",
          "Microsoft.Azure.Management.OperationalInsights.OperationalInsightsManagementClient/0.25.0.0"
        ]
      },
      "RequestBody": "",
      "ResponseHeaders": {
        "Cache-Control": [
          "no-cache"
        ],
        "Pragma": [
          "no-cache"
        ],
        "Strict-Transport-Security": [
          "max-age=31536000; includeSubDomains"
        ],
        "Request-Context": [
          "appId=cid-v1:e6336c63-aab2-45f0-996a-e5dbab2a1508"
        ],
        "X-Content-Type-Options": [
          "nosniff"
        ],
        "X-AMS-APIVersion": [
          "WebAPI1.0"
        ],
        "CacheControl": [
          "no-cache"
        ],
        "x-ms-request-id": [
          "bc3dae70-5765-444c-92dd-43059838f4e7"
        ],
        "Access-Control-Allow-Origin": [
          "*"
        ],
        "Server": [
          "Microsoft-IIS/10.0"
        ],
        "X-Powered-By": [
          "ASP.NET",
          "ASP.NET"
        ],
        "x-ms-ratelimit-remaining-subscription-reads": [
          "11999"
        ],
        "x-ms-correlation-request-id": [
          "d91ab103-e744-4527-b3ba-1963e3babaea"
        ],
        "x-ms-routing-request-id": [
          "FRANCESOUTH:20220725T141159Z:d91ab103-e744-4527-b3ba-1963e3babaea"
        ],
        "Date": [
          "Mon, 25 Jul 2022 14:11:58 GMT"
        ],
        "Content-Length": [
          "245"
        ],
        "Content-Type": [
          "text/plain; charset=utf-8"
        ],
        "Expires": [
          "-1"
        ]
      },
      "ResponseBody": "{\r\n  \"error\": {\r\n    \"code\": \"Not Found\",\r\n    \"message\": \"No linked storage accounts were found for: Workspace - subscriptions/57947cb5-aadd-4b6c-9e8e-27f545bb7bf5/resourceGroups/ps5196/OperationalInsights/workspaces/AzTestps4557, Data Source Type - CustomLogs\"\r\n  }\r\n}",
      "StatusCode": 404
    },
    {
      "RequestUri": "/subscriptions/57947cb5-aadd-4b6c-9e8e-27f545bb7bf5/resourcegroups/ps5196/providers/Microsoft.OperationalInsights/workspaces/AzTestps4557/linkedStorageAccounts/CustomLogs?api-version=2020-08-01",
      "EncodedRequestUri": "L3N1YnNjcmlwdGlvbnMvNTc5NDdjYjUtYWFkZC00YjZjLTllOGUtMjdmNTQ1YmI3YmY1L3Jlc291cmNlZ3JvdXBzL3BzNTE5Ni9wcm92aWRlcnMvTWljcm9zb2Z0Lk9wZXJhdGlvbmFsSW5zaWdodHMvd29ya3NwYWNlcy9BelRlc3RwczQ1NTcvbGlua2VkU3RvcmFnZUFjY291bnRzL0N1c3RvbUxvZ3M/YXBpLXZlcnNpb249MjAyMC0wOC0wMQ==",
      "RequestMethod": "GET",
      "RequestHeaders": {
        "x-ms-client-request-id": [
          "d4f0edfe-d4e2-4471-8f2f-df501bc8a4cc"
        ],
        "Accept-Language": [
          "en-US"
        ],
        "User-Agent": [
          "FxVersion/4.700.22.30802",
          "OSName/Windows",
          "OSVersion/Microsoft.Windows.10.0.22000",
          "Microsoft.Azure.Management.OperationalInsights.OperationalInsightsManagementClient/0.25.0.0"
        ]
      },
      "RequestBody": "",
      "ResponseHeaders": {
        "Cache-Control": [
          "no-cache"
        ],
        "Pragma": [
          "no-cache"
        ],
        "Vary": [
          "Accept-Encoding"
        ],
        "Strict-Transport-Security": [
          "max-age=31536000; includeSubDomains"
        ],
        "Request-Context": [
          "appId=cid-v1:e6336c63-aab2-45f0-996a-e5dbab2a1508"
        ],
        "X-Content-Type-Options": [
          "nosniff"
        ],
        "X-AMS-APIVersion": [
          "WebAPI1.0"
        ],
        "CacheControl": [
          "no-cache"
        ],
        "x-ms-request-id": [
          "51c23cd6-4497-46bc-944d-de9b13951ccc"
        ],
        "Access-Control-Allow-Origin": [
          "*"
        ],
        "Server": [
          "Microsoft-IIS/10.0"
        ],
        "X-Powered-By": [
          "ASP.NET",
          "ASP.NET"
        ],
        "x-ms-ratelimit-remaining-subscription-reads": [
          "11999"
        ],
        "x-ms-correlation-request-id": [
          "4f067846-a1fa-4963-b229-96675367c19b"
        ],
        "x-ms-routing-request-id": [
          "FRANCESOUTH:20220725T141205Z:4f067846-a1fa-4963-b229-96675367c19b"
        ],
        "Date": [
          "Mon, 25 Jul 2022 14:12:05 GMT"
        ],
        "Content-Length": [
          "534"
        ],
        "Content-Type": [
          "application/json; charset=utf-8"
        ],
        "Expires": [
          "-1"
        ]
      },
      "ResponseBody": "{\r\n  \"properties\": {\r\n    \"dataSourceType\": \"customlogs\",\r\n    \"storageAccountIds\": [\r\n      \"/subscriptions/57947cb5-aadd-4b6c-9e8e-27f545bb7bf5/resourceGroups/ps5196/providers/Microsoft.Storage/storageAccounts/azpstestaccountmock11\"\r\n    ]\r\n  },\r\n  \"id\": \"/subscriptions/57947cb5-aadd-4b6c-9e8e-27f545bb7bf5/resourceGroups/ps5196/providers/Microsoft.OperationalInsights/workspaces/AzTestps4557/linkedStorageAccounts/CustomLogs\",\r\n  \"name\": \"customlogs\",\r\n  \"type\": \"Microsoft.OperationalInsights/workspaces/linkedStorageAccounts\"\r\n}",
      "StatusCode": 200
    },
    {
      "RequestUri": "/subscriptions/57947cb5-aadd-4b6c-9e8e-27f545bb7bf5/resourcegroups/ps5196/providers/Microsoft.OperationalInsights/workspaces/AzTestps4557/linkedStorageAccounts/CustomLogs?api-version=2020-08-01",
      "EncodedRequestUri": "L3N1YnNjcmlwdGlvbnMvNTc5NDdjYjUtYWFkZC00YjZjLTllOGUtMjdmNTQ1YmI3YmY1L3Jlc291cmNlZ3JvdXBzL3BzNTE5Ni9wcm92aWRlcnMvTWljcm9zb2Z0Lk9wZXJhdGlvbmFsSW5zaWdodHMvd29ya3NwYWNlcy9BelRlc3RwczQ1NTcvbGlua2VkU3RvcmFnZUFjY291bnRzL0N1c3RvbUxvZ3M/YXBpLXZlcnNpb249MjAyMC0wOC0wMQ==",
      "RequestMethod": "GET",
      "RequestHeaders": {
        "x-ms-client-request-id": [
          "67f71fc3-cc81-4a71-9f23-1e5d072c82f1"
        ],
        "Accept-Language": [
          "en-US"
        ],
        "User-Agent": [
          "FxVersion/4.700.22.30802",
          "OSName/Windows",
          "OSVersion/Microsoft.Windows.10.0.22000",
          "Microsoft.Azure.Management.OperationalInsights.OperationalInsightsManagementClient/0.25.0.0"
        ]
      },
      "RequestBody": "",
      "ResponseHeaders": {
        "Cache-Control": [
          "no-cache"
        ],
        "Pragma": [
          "no-cache"
        ],
        "Vary": [
          "Accept-Encoding"
        ],
        "Strict-Transport-Security": [
          "max-age=31536000; includeSubDomains"
        ],
        "Request-Context": [
          "appId=cid-v1:e6336c63-aab2-45f0-996a-e5dbab2a1508"
        ],
        "X-Content-Type-Options": [
          "nosniff"
        ],
        "X-AMS-APIVersion": [
          "WebAPI1.0"
        ],
        "CacheControl": [
          "no-cache"
        ],
        "x-ms-request-id": [
          "472d100a-127b-48b2-ae27-a9f0338fecb6"
        ],
        "Access-Control-Allow-Origin": [
          "*"
        ],
        "Server": [
          "Microsoft-IIS/10.0"
        ],
        "X-Powered-By": [
          "ASP.NET",
          "ASP.NET"
        ],
        "x-ms-ratelimit-remaining-subscription-reads": [
          "11999"
        ],
        "x-ms-correlation-request-id": [
          "ca426869-efa8-4eba-8bb3-ae64b760d1ea"
        ],
        "x-ms-routing-request-id": [
          "FRANCESOUTH:20220725T141207Z:ca426869-efa8-4eba-8bb3-ae64b760d1ea"
        ],
        "Date": [
          "Mon, 25 Jul 2022 14:12:06 GMT"
        ],
        "Content-Length": [
          "534"
        ],
        "Content-Type": [
          "application/json; charset=utf-8"
        ],
        "Expires": [
          "-1"
        ]
      },
      "ResponseBody": "{\r\n  \"properties\": {\r\n    \"dataSourceType\": \"customlogs\",\r\n    \"storageAccountIds\": [\r\n      \"/subscriptions/57947cb5-aadd-4b6c-9e8e-27f545bb7bf5/resourceGroups/ps5196/providers/Microsoft.Storage/storageAccounts/azpstestaccountmock11\"\r\n    ]\r\n  },\r\n  \"id\": \"/subscriptions/57947cb5-aadd-4b6c-9e8e-27f545bb7bf5/resourceGroups/ps5196/providers/Microsoft.OperationalInsights/workspaces/AzTestps4557/linkedStorageAccounts/CustomLogs\",\r\n  \"name\": \"customlogs\",\r\n  \"type\": \"Microsoft.OperationalInsights/workspaces/linkedStorageAccounts\"\r\n}",
      "StatusCode": 200
    },
    {
      "RequestUri": "/subscriptions/57947cb5-aadd-4b6c-9e8e-27f545bb7bf5/resourcegroups/ps5196/providers/Microsoft.OperationalInsights/workspaces/AzTestps4557/linkedStorageAccounts/CustomLogs?api-version=2020-08-01",
      "EncodedRequestUri": "L3N1YnNjcmlwdGlvbnMvNTc5NDdjYjUtYWFkZC00YjZjLTllOGUtMjdmNTQ1YmI3YmY1L3Jlc291cmNlZ3JvdXBzL3BzNTE5Ni9wcm92aWRlcnMvTWljcm9zb2Z0Lk9wZXJhdGlvbmFsSW5zaWdodHMvd29ya3NwYWNlcy9BelRlc3RwczQ1NTcvbGlua2VkU3RvcmFnZUFjY291bnRzL0N1c3RvbUxvZ3M/YXBpLXZlcnNpb249MjAyMC0wOC0wMQ==",
      "RequestMethod": "PUT",
      "RequestHeaders": {
        "x-ms-client-request-id": [
          "8806956a-a3d6-4d1a-89f8-8576b245d242"
        ],
        "Accept-Language": [
          "en-US"
        ],
        "User-Agent": [
          "FxVersion/4.700.22.30802",
          "OSName/Windows",
          "OSVersion/Microsoft.Windows.10.0.22000",
          "Microsoft.Azure.Management.OperationalInsights.OperationalInsightsManagementClient/0.25.0.0"
        ],
        "Content-Type": [
          "application/json; charset=utf-8"
        ],
        "Content-Length": [
          "212"
        ]
      },
      "RequestBody": "{\r\n  \"properties\": {\r\n    \"storageAccountIds\": [\r\n      \"/subscriptions/57947cb5-aadd-4b6c-9e8e-27f545bb7bf5/resourceGroups/ps5196/providers/Microsoft.Storage/storageAccounts/azpstestaccountmock11\"\r\n    ]\r\n  }\r\n}",
      "ResponseHeaders": {
        "Cache-Control": [
          "no-cache"
        ],
        "Pragma": [
          "no-cache"
        ],
        "Vary": [
          "Accept-Encoding"
        ],
        "Strict-Transport-Security": [
          "max-age=31536000; includeSubDomains"
        ],
        "Request-Context": [
          "appId=cid-v1:e6336c63-aab2-45f0-996a-e5dbab2a1508"
        ],
        "X-Content-Type-Options": [
          "nosniff"
        ],
        "X-AMS-APIVersion": [
          "WebAPI1.0"
        ],
        "CacheControl": [
          "no-cache"
        ],
        "x-ms-request-id": [
          "1123e951-bdee-4ec7-9803-fe6b688ada7f"
        ],
        "Access-Control-Allow-Origin": [
          "*"
        ],
        "Server": [
          "Microsoft-IIS/10.0"
        ],
        "X-Powered-By": [
          "ASP.NET",
          "ASP.NET"
        ],
        "x-ms-ratelimit-remaining-subscription-writes": [
          "1199"
        ],
        "x-ms-correlation-request-id": [
          "81bffea2-0057-40c5-9a5e-5d8007342f15"
        ],
        "x-ms-routing-request-id": [
          "FRANCESOUTH:20220725T141201Z:81bffea2-0057-40c5-9a5e-5d8007342f15"
        ],
        "Date": [
          "Mon, 25 Jul 2022 14:12:01 GMT"
        ],
        "Content-Length": [
          "534"
        ],
        "Content-Type": [
          "application/json; charset=utf-8"
        ],
        "Expires": [
          "-1"
        ]
      },
      "ResponseBody": "{\r\n  \"properties\": {\r\n    \"dataSourceType\": \"customlogs\",\r\n    \"storageAccountIds\": [\r\n      \"/subscriptions/57947cb5-aadd-4b6c-9e8e-27f545bb7bf5/resourceGroups/ps5196/providers/Microsoft.Storage/storageAccounts/azpstestaccountmock11\"\r\n    ]\r\n  },\r\n  \"id\": \"/subscriptions/57947cb5-aadd-4b6c-9e8e-27f545bb7bf5/resourceGroups/ps5196/providers/Microsoft.OperationalInsights/workspaces/AzTestps4557/linkedStorageAccounts/CustomLogs\",\r\n  \"name\": \"customlogs\",\r\n  \"type\": \"Microsoft.OperationalInsights/workspaces/linkedStorageAccounts\"\r\n}",
      "StatusCode": 200
    },
    {
      "RequestUri": "/subscriptions/57947cb5-aadd-4b6c-9e8e-27f545bb7bf5/resourcegroups/ps5196/providers/Microsoft.OperationalInsights/workspaces/AzTestps4557/linkedStorageAccounts/CustomLogs?api-version=2020-08-01",
      "EncodedRequestUri": "L3N1YnNjcmlwdGlvbnMvNTc5NDdjYjUtYWFkZC00YjZjLTllOGUtMjdmNTQ1YmI3YmY1L3Jlc291cmNlZ3JvdXBzL3BzNTE5Ni9wcm92aWRlcnMvTWljcm9zb2Z0Lk9wZXJhdGlvbmFsSW5zaWdodHMvd29ya3NwYWNlcy9BelRlc3RwczQ1NTcvbGlua2VkU3RvcmFnZUFjY291bnRzL0N1c3RvbUxvZ3M/YXBpLXZlcnNpb249MjAyMC0wOC0wMQ==",
      "RequestMethod": "PUT",
      "RequestHeaders": {
        "x-ms-client-request-id": [
          "67f71fc3-cc81-4a71-9f23-1e5d072c82f1"
        ],
        "Accept-Language": [
          "en-US"
        ],
        "User-Agent": [
          "FxVersion/4.700.22.30802",
          "OSName/Windows",
          "OSVersion/Microsoft.Windows.10.0.22000",
          "Microsoft.Azure.Management.OperationalInsights.OperationalInsightsManagementClient/0.25.0.0"
        ],
        "Content-Type": [
          "application/json; charset=utf-8"
        ],
        "Content-Length": [
          "212"
        ]
      },
      "RequestBody": "{\r\n  \"properties\": {\r\n    \"storageAccountIds\": [\r\n      \"/subscriptions/57947cb5-aadd-4b6c-9e8e-27f545bb7bf5/resourceGroups/ps5196/providers/Microsoft.Storage/storageAccounts/azpstestaccountmock21\"\r\n    ]\r\n  }\r\n}",
      "ResponseHeaders": {
        "Cache-Control": [
          "no-cache"
        ],
        "Pragma": [
          "no-cache"
        ],
        "Vary": [
          "Accept-Encoding"
        ],
        "Strict-Transport-Security": [
          "max-age=31536000; includeSubDomains"
        ],
        "Request-Context": [
          "appId=cid-v1:e6336c63-aab2-45f0-996a-e5dbab2a1508"
        ],
        "X-Content-Type-Options": [
          "nosniff"
        ],
        "X-AMS-APIVersion": [
          "WebAPI1.0"
        ],
        "CacheControl": [
          "no-cache"
        ],
        "x-ms-request-id": [
          "f56df74f-7612-4f5c-9f90-20ba016765db"
        ],
        "Access-Control-Allow-Origin": [
          "*"
        ],
        "Server": [
          "Microsoft-IIS/10.0"
        ],
        "X-Powered-By": [
          "ASP.NET",
          "ASP.NET"
        ],
        "x-ms-ratelimit-remaining-subscription-writes": [
          "1199"
        ],
        "x-ms-correlation-request-id": [
          "d0b396c0-0780-4ed6-b35e-e3ca01b71893"
        ],
        "x-ms-routing-request-id": [
          "FRANCESOUTH:20220725T141209Z:d0b396c0-0780-4ed6-b35e-e3ca01b71893"
        ],
        "Date": [
          "Mon, 25 Jul 2022 14:12:09 GMT"
        ],
        "Content-Length": [
          "534"
        ],
        "Content-Type": [
          "application/json; charset=utf-8"
        ],
        "Expires": [
          "-1"
        ]
      },
      "ResponseBody": "{\r\n  \"properties\": {\r\n    \"dataSourceType\": \"customlogs\",\r\n    \"storageAccountIds\": [\r\n      \"/subscriptions/57947cb5-aadd-4b6c-9e8e-27f545bb7bf5/resourceGroups/ps5196/providers/Microsoft.Storage/storageAccounts/azpstestaccountmock21\"\r\n    ]\r\n  },\r\n  \"id\": \"/subscriptions/57947cb5-aadd-4b6c-9e8e-27f545bb7bf5/resourceGroups/ps5196/providers/Microsoft.OperationalInsights/workspaces/AzTestps4557/linkedStorageAccounts/CustomLogs\",\r\n  \"name\": \"customlogs\",\r\n  \"type\": \"Microsoft.OperationalInsights/workspaces/linkedStorageAccounts\"\r\n}",
      "StatusCode": 200
    },
    {
      "RequestUri": "/subscriptions/57947cb5-aadd-4b6c-9e8e-27f545bb7bf5/resourcegroups/ps5196/providers/Microsoft.OperationalInsights/workspaces/AzTestps4557/linkedStorageAccounts/CustomLogs?api-version=2020-08-01",
      "EncodedRequestUri": "L3N1YnNjcmlwdGlvbnMvNTc5NDdjYjUtYWFkZC00YjZjLTllOGUtMjdmNTQ1YmI3YmY1L3Jlc291cmNlZ3JvdXBzL3BzNTE5Ni9wcm92aWRlcnMvTWljcm9zb2Z0Lk9wZXJhdGlvbmFsSW5zaWdodHMvd29ya3NwYWNlcy9BelRlc3RwczQ1NTcvbGlua2VkU3RvcmFnZUFjY291bnRzL0N1c3RvbUxvZ3M/YXBpLXZlcnNpb249MjAyMC0wOC0wMQ==",
      "RequestMethod": "DELETE",
      "RequestHeaders": {
        "x-ms-client-request-id": [
          "3058d6de-194e-4fbf-8e6a-0e0d2a64ccb9"
        ],
        "Accept-Language": [
          "en-US"
        ],
        "User-Agent": [
          "FxVersion/4.700.22.30802",
          "OSName/Windows",
          "OSVersion/Microsoft.Windows.10.0.22000",
          "Microsoft.Azure.Management.OperationalInsights.OperationalInsightsManagementClient/0.25.0.0"
        ]
      },
      "RequestBody": "",
      "ResponseHeaders": {
        "Cache-Control": [
          "no-cache"
        ],
        "Pragma": [
          "no-cache"
        ],
        "Strict-Transport-Security": [
          "max-age=31536000; includeSubDomains"
        ],
        "Request-Context": [
          "appId=cid-v1:e6336c63-aab2-45f0-996a-e5dbab2a1508"
        ],
        "X-Content-Type-Options": [
          "nosniff"
        ],
        "X-AMS-APIVersion": [
          "WebAPI1.0"
        ],
        "CacheControl": [
          "no-cache"
        ],
        "x-ms-request-id": [
          "ebe47edf-ffdf-473b-aad5-f02c20e104eb"
        ],
        "Access-Control-Allow-Origin": [
          "*"
        ],
        "Server": [
          "Microsoft-IIS/10.0"
        ],
        "X-Powered-By": [
          "ASP.NET",
          "ASP.NET"
        ],
        "x-ms-ratelimit-remaining-subscription-deletes": [
          "14999"
        ],
        "x-ms-correlation-request-id": [
          "5aa2312c-003a-43e7-a9ec-09932374ee30"
        ],
        "x-ms-routing-request-id": [
          "FRANCESOUTH:20220725T141213Z:5aa2312c-003a-43e7-a9ec-09932374ee30"
        ],
        "Date": [
          "Mon, 25 Jul 2022 14:12:13 GMT"
        ],
        "Expires": [
          "-1"
        ],
        "Content-Length": [
          "0"
        ]
      },
      "ResponseBody": "",
      "StatusCode": 200
    },
    {
      "RequestUri": "/subscriptions/57947cb5-aadd-4b6c-9e8e-27f545bb7bf5/resourceGroups/ps5196/providers/Microsoft.Storage/storageAccounts/azpstestaccountmock11?api-version=2021-09-01",
      "EncodedRequestUri": "L3N1YnNjcmlwdGlvbnMvNTc5NDdjYjUtYWFkZC00YjZjLTllOGUtMjdmNTQ1YmI3YmY1L3Jlc291cmNlR3JvdXBzL3BzNTE5Ni9wcm92aWRlcnMvTWljcm9zb2Z0LlN0b3JhZ2Uvc3RvcmFnZUFjY291bnRzL2F6cHN0ZXN0YWNjb3VudG1vY2sxMT9hcGktdmVyc2lvbj0yMDIxLTA5LTAx",
      "RequestMethod": "DELETE",
      "RequestHeaders": {
        "x-ms-client-request-id": [
          "822c25ab-5c1f-433b-a758-4bb234b28a59"
        ],
        "Accept-Language": [
          "en-US"
        ],
        "User-Agent": [
          "FxVersion/4.700.22.30802",
          "OSName/Windows",
          "OSVersion/Microsoft.Windows.10.0.22000",
          "Microsoft.Azure.Management.Storage.StorageManagementClient/24.0.0.0"
        ]
      },
      "RequestBody": "",
      "ResponseHeaders": {
        "Cache-Control": [
          "no-cache"
        ],
        "Pragma": [
          "no-cache"
        ],
        "x-ms-request-id": [
          "f43298e0-29e3-41d7-975b-874e31ec956f"
        ],
        "Strict-Transport-Security": [
          "max-age=31536000; includeSubDomains"
        ],
        "Server": [
          "Microsoft-Azure-Storage-Resource-Provider/1.0,Microsoft-HTTPAPI/2.0 Microsoft-HTTPAPI/2.0"
        ],
        "x-ms-ratelimit-remaining-subscription-deletes": [
          "14999"
        ],
        "x-ms-correlation-request-id": [
          "7d368bfe-8b45-430a-9d63-8a6407fd95c3"
        ],
        "x-ms-routing-request-id": [
          "FRANCESOUTH:20220725T141222Z:7d368bfe-8b45-430a-9d63-8a6407fd95c3"
        ],
        "X-Content-Type-Options": [
          "nosniff"
        ],
        "Date": [
          "Mon, 25 Jul 2022 14:12:22 GMT"
        ],
        "Content-Type": [
          "text/plain; charset=utf-8"
        ],
        "Expires": [
          "-1"
        ],
        "Content-Length": [
          "0"
        ]
      },
      "ResponseBody": "",
      "StatusCode": 200
    },
    {
      "RequestUri": "/subscriptions/57947cb5-aadd-4b6c-9e8e-27f545bb7bf5/resourceGroups/ps5196/providers/Microsoft.Storage/storageAccounts/azpstestaccountmock21?api-version=2021-09-01",
      "EncodedRequestUri": "L3N1YnNjcmlwdGlvbnMvNTc5NDdjYjUtYWFkZC00YjZjLTllOGUtMjdmNTQ1YmI3YmY1L3Jlc291cmNlR3JvdXBzL3BzNTE5Ni9wcm92aWRlcnMvTWljcm9zb2Z0LlN0b3JhZ2Uvc3RvcmFnZUFjY291bnRzL2F6cHN0ZXN0YWNjb3VudG1vY2syMT9hcGktdmVyc2lvbj0yMDIxLTA5LTAx",
      "RequestMethod": "DELETE",
      "RequestHeaders": {
        "x-ms-client-request-id": [
          "f74833af-132d-4ee3-9363-a0d073e163eb"
        ],
        "Accept-Language": [
          "en-US"
        ],
        "User-Agent": [
          "FxVersion/4.700.22.30802",
          "OSName/Windows",
          "OSVersion/Microsoft.Windows.10.0.22000",
          "Microsoft.Azure.Management.Storage.StorageManagementClient/24.0.0.0"
        ]
      },
      "RequestBody": "",
      "ResponseHeaders": {
        "Cache-Control": [
          "no-cache"
        ],
        "Pragma": [
          "no-cache"
        ],
        "x-ms-request-id": [
          "572fb691-6e9e-4e1f-8792-b4c247fdb5b2"
        ],
        "Strict-Transport-Security": [
          "max-age=31536000; includeSubDomains"
        ],
        "Server": [
          "Microsoft-Azure-Storage-Resource-Provider/1.0,Microsoft-HTTPAPI/2.0 Microsoft-HTTPAPI/2.0"
        ],
        "x-ms-ratelimit-remaining-subscription-deletes": [
          "14998"
        ],
        "x-ms-correlation-request-id": [
          "fc84b701-2963-433f-828e-79686bd29c48"
        ],
        "x-ms-routing-request-id": [
          "FRANCESOUTH:20220725T141232Z:fc84b701-2963-433f-828e-79686bd29c48"
        ],
        "X-Content-Type-Options": [
          "nosniff"
        ],
        "Date": [
          "Mon, 25 Jul 2022 14:12:31 GMT"
        ],
        "Content-Type": [
          "text/plain; charset=utf-8"
        ],
        "Expires": [
          "-1"
        ],
        "Content-Length": [
          "0"
        ]
      },
      "ResponseBody": "",
      "StatusCode": 200
    },
    {
      "RequestUri": "/subscriptions/57947cb5-aadd-4b6c-9e8e-27f545bb7bf5/resourcegroups/ps5196/providers/Microsoft.OperationalInsights/workspaces/AzTestps4557?api-version=2021-12-01-preview&force=false",
      "EncodedRequestUri": "L3N1YnNjcmlwdGlvbnMvNTc5NDdjYjUtYWFkZC00YjZjLTllOGUtMjdmNTQ1YmI3YmY1L3Jlc291cmNlZ3JvdXBzL3BzNTE5Ni9wcm92aWRlcnMvTWljcm9zb2Z0Lk9wZXJhdGlvbmFsSW5zaWdodHMvd29ya3NwYWNlcy9BelRlc3RwczQ1NTc/YXBpLXZlcnNpb249MjAyMS0xMi0wMS1wcmV2aWV3JmZvcmNlPWZhbHNl",
      "RequestMethod": "DELETE",
      "RequestHeaders": {
        "x-ms-client-request-id": [
          "94c97d28-24ac-43eb-9b88-9c054e10abb5"
        ],
        "Accept-Language": [
          "en-US"
        ],
        "User-Agent": [
          "FxVersion/4.700.22.30802",
          "OSName/Windows",
          "OSVersion/Microsoft.Windows.10.0.22000",
          "Microsoft.Azure.Management.OperationalInsights.OperationalInsightsManagementClient/0.25.0.0"
        ]
      },
      "RequestBody": "",
      "ResponseHeaders": {
        "Cache-Control": [
          "no-cache"
        ],
        "Pragma": [
          "no-cache"
        ],
        "Strict-Transport-Security": [
          "max-age=31536000; includeSubDomains"
        ],
        "Request-Context": [
          "appId=cid-v1:e6336c63-aab2-45f0-996a-e5dbab2a1508"
        ],
        "X-Content-Type-Options": [
          "nosniff"
        ],
        "x-ms-request-id": [
          "2fa4c5ee-a2e2-41fd-b871-6c5faef7db30"
        ],
        "Access-Control-Allow-Origin": [
          "*"
        ],
        "Server": [
          "Microsoft-IIS/10.0"
        ],
        "X-Powered-By": [
          "ASP.NET",
          "ASP.NET"
        ],
        "x-ms-ratelimit-remaining-subscription-deletes": [
          "14999"
        ],
        "x-ms-correlation-request-id": [
          "906a1feb-3001-474a-8cf5-cbb40fe435ea"
        ],
        "x-ms-routing-request-id": [
          "FRANCESOUTH:20220725T141242Z:906a1feb-3001-474a-8cf5-cbb40fe435ea"
        ],
        "Date": [
          "Mon, 25 Jul 2022 14:12:42 GMT"
        ],
        "Content-Length": [
          "0"
        ]
      },
      "ResponseBody": "",
      "StatusCode": 200
    },
    {
      "RequestUri": "/subscriptions/57947cb5-aadd-4b6c-9e8e-27f545bb7bf5/resourcegroups/ps5196?api-version=2016-09-01",
      "EncodedRequestUri": "L3N1YnNjcmlwdGlvbnMvNTc5NDdjYjUtYWFkZC00YjZjLTllOGUtMjdmNTQ1YmI3YmY1L3Jlc291cmNlZ3JvdXBzL3BzNTE5Nj9hcGktdmVyc2lvbj0yMDE2LTA5LTAx",
      "RequestMethod": "DELETE",
      "RequestHeaders": {
        "x-ms-client-request-id": [
          "b9c1fdb0-b3a2-4967-b9f3-fef482211392"
        ],
        "Accept-Language": [
          "en-US"
        ],
        "User-Agent": [
          "FxVersion/4.700.22.30802",
          "OSName/Windows",
          "OSVersion/Microsoft.Windows.10.0.22000",
          "Microsoft.Azure.Management.Internal.Resources.ResourceManagementClient/1.3.59"
        ]
      },
      "RequestBody": "",
      "ResponseHeaders": {
        "Cache-Control": [
          "no-cache"
        ],
        "Pragma": [
          "no-cache"
        ],
        "Location": [
          "https://management.azure.com/subscriptions/57947cb5-aadd-4b6c-9e8e-27f545bb7bf5/operationresults/eyJqb2JJZCI6IlJFU09VUkNFR1JPVVBERUxFVElPTkpPQi1QUzUxOTYtRUFTVFVTIiwiam9iTG9jYXRpb24iOiJlYXN0dXMifQ?api-version=2016-09-01"
        ],
        "Retry-After": [
          "15"
        ],
        "x-ms-ratelimit-remaining-subscription-deletes": [
          "14999"
        ],
        "x-ms-request-id": [
          "b525e76d-a84e-4798-a357-cd4a6b658f9a"
        ],
        "x-ms-correlation-request-id": [
          "b525e76d-a84e-4798-a357-cd4a6b658f9a"
        ],
        "x-ms-routing-request-id": [
          "FRANCESOUTH:20220725T141247Z:b525e76d-a84e-4798-a357-cd4a6b658f9a"
        ],
        "Strict-Transport-Security": [
          "max-age=31536000; includeSubDomains"
        ],
        "X-Content-Type-Options": [
          "nosniff"
        ],
        "Date": [
          "Mon, 25 Jul 2022 14:12:47 GMT"
        ],
        "Expires": [
          "-1"
        ],
        "Content-Length": [
          "0"
        ]
      },
      "ResponseBody": "",
      "StatusCode": 202
    },
    {
      "RequestUri": "/subscriptions/57947cb5-aadd-4b6c-9e8e-27f545bb7bf5/operationresults/eyJqb2JJZCI6IlJFU09VUkNFR1JPVVBERUxFVElPTkpPQi1QUzUxOTYtRUFTVFVTIiwiam9iTG9jYXRpb24iOiJlYXN0dXMifQ?api-version=2016-09-01",
      "EncodedRequestUri": "L3N1YnNjcmlwdGlvbnMvNTc5NDdjYjUtYWFkZC00YjZjLTllOGUtMjdmNTQ1YmI3YmY1L29wZXJhdGlvbnJlc3VsdHMvZXlKcWIySkpaQ0k2SWxKRlUwOVZVa05GUjFKUFZWQkVSVXhGVkVsUFRrcFBRaTFRVXpVeE9UWXRSVUZUVkZWVElpd2lhbTlpVEc5allYUnBiMjRpT2lKbFlYTjBkWE1pZlE/YXBpLXZlcnNpb249MjAxNi0wOS0wMQ==",
      "RequestMethod": "GET",
      "RequestHeaders": {
        "User-Agent": [
          "FxVersion/4.700.22.30802",
          "OSName/Windows",
          "OSVersion/Microsoft.Windows.10.0.22000",
          "Microsoft.Azure.Management.Internal.Resources.ResourceManagementClient/1.3.59"
        ]
      },
      "RequestBody": "",
      "ResponseHeaders": {
        "Cache-Control": [
          "no-cache"
        ],
        "Pragma": [
          "no-cache"
        ],
        "Location": [
          "https://management.azure.com/subscriptions/57947cb5-aadd-4b6c-9e8e-27f545bb7bf5/operationresults/eyJqb2JJZCI6IlJFU09VUkNFR1JPVVBERUxFVElPTkpPQi1QUzUxOTYtRUFTVFVTIiwiam9iTG9jYXRpb24iOiJlYXN0dXMifQ?api-version=2016-09-01"
        ],
        "Retry-After": [
          "15"
        ],
        "x-ms-ratelimit-remaining-subscription-reads": [
          "11998"
        ],
        "x-ms-request-id": [
          "9b475022-2a46-4477-a4f1-81d5a569cca3"
        ],
        "x-ms-correlation-request-id": [
          "9b475022-2a46-4477-a4f1-81d5a569cca3"
        ],
        "x-ms-routing-request-id": [
          "FRANCESOUTH:20220725T141303Z:9b475022-2a46-4477-a4f1-81d5a569cca3"
        ],
        "Strict-Transport-Security": [
          "max-age=31536000; includeSubDomains"
        ],
        "X-Content-Type-Options": [
          "nosniff"
        ],
        "Date": [
          "Mon, 25 Jul 2022 14:13:02 GMT"
        ],
        "Expires": [
          "-1"
        ],
        "Content-Length": [
          "0"
        ]
      },
      "ResponseBody": "",
      "StatusCode": 202
    },
    {
      "RequestUri": "/subscriptions/57947cb5-aadd-4b6c-9e8e-27f545bb7bf5/operationresults/eyJqb2JJZCI6IlJFU09VUkNFR1JPVVBERUxFVElPTkpPQi1QUzUxOTYtRUFTVFVTIiwiam9iTG9jYXRpb24iOiJlYXN0dXMifQ?api-version=2016-09-01",
      "EncodedRequestUri": "L3N1YnNjcmlwdGlvbnMvNTc5NDdjYjUtYWFkZC00YjZjLTllOGUtMjdmNTQ1YmI3YmY1L29wZXJhdGlvbnJlc3VsdHMvZXlKcWIySkpaQ0k2SWxKRlUwOVZVa05GUjFKUFZWQkVSVXhGVkVsUFRrcFBRaTFRVXpVeE9UWXRSVUZUVkZWVElpd2lhbTlpVEc5allYUnBiMjRpT2lKbFlYTjBkWE1pZlE/YXBpLXZlcnNpb249MjAxNi0wOS0wMQ==",
      "RequestMethod": "GET",
      "RequestHeaders": {
        "User-Agent": [
          "FxVersion/4.700.22.30802",
          "OSName/Windows",
          "OSVersion/Microsoft.Windows.10.0.22000",
          "Microsoft.Azure.Management.Internal.Resources.ResourceManagementClient/1.3.59"
        ]
      },
      "RequestBody": "",
      "ResponseHeaders": {
        "Cache-Control": [
          "no-cache"
        ],
        "Pragma": [
          "no-cache"
        ],
        "Location": [
          "https://management.azure.com/subscriptions/57947cb5-aadd-4b6c-9e8e-27f545bb7bf5/operationresults/eyJqb2JJZCI6IlJFU09VUkNFR1JPVVBERUxFVElPTkpPQi1QUzUxOTYtRUFTVFVTIiwiam9iTG9jYXRpb24iOiJlYXN0dXMifQ?api-version=2016-09-01"
        ],
        "Retry-After": [
          "15"
        ],
        "x-ms-ratelimit-remaining-subscription-reads": [
          "11997"
        ],
        "x-ms-request-id": [
          "ff642cef-9748-45bd-a0b3-118f8161cbf0"
        ],
        "x-ms-correlation-request-id": [
          "ff642cef-9748-45bd-a0b3-118f8161cbf0"
        ],
        "x-ms-routing-request-id": [
          "FRANCESOUTH:20220725T141318Z:ff642cef-9748-45bd-a0b3-118f8161cbf0"
        ],
        "Strict-Transport-Security": [
          "max-age=31536000; includeSubDomains"
        ],
        "X-Content-Type-Options": [
          "nosniff"
        ],
        "Date": [
          "Mon, 25 Jul 2022 14:13:17 GMT"
        ],
        "Expires": [
          "-1"
        ],
        "Content-Length": [
          "0"
        ]
      },
      "ResponseBody": "",
      "StatusCode": 202
    },
    {
      "RequestUri": "/subscriptions/57947cb5-aadd-4b6c-9e8e-27f545bb7bf5/operationresults/eyJqb2JJZCI6IlJFU09VUkNFR1JPVVBERUxFVElPTkpPQi1QUzUxOTYtRUFTVFVTIiwiam9iTG9jYXRpb24iOiJlYXN0dXMifQ?api-version=2016-09-01",
      "EncodedRequestUri": "L3N1YnNjcmlwdGlvbnMvNTc5NDdjYjUtYWFkZC00YjZjLTllOGUtMjdmNTQ1YmI3YmY1L29wZXJhdGlvbnJlc3VsdHMvZXlKcWIySkpaQ0k2SWxKRlUwOVZVa05GUjFKUFZWQkVSVXhGVkVsUFRrcFBRaTFRVXpVeE9UWXRSVUZUVkZWVElpd2lhbTlpVEc5allYUnBiMjRpT2lKbFlYTjBkWE1pZlE/YXBpLXZlcnNpb249MjAxNi0wOS0wMQ==",
      "RequestMethod": "GET",
      "RequestHeaders": {
        "User-Agent": [
          "FxVersion/4.700.22.30802",
          "OSName/Windows",
          "OSVersion/Microsoft.Windows.10.0.22000",
          "Microsoft.Azure.Management.Internal.Resources.ResourceManagementClient/1.3.59"
        ]
      },
      "RequestBody": "",
      "ResponseHeaders": {
        "Cache-Control": [
          "no-cache"
        ],
        "Pragma": [
          "no-cache"
        ],
        "Location": [
          "https://management.azure.com/subscriptions/57947cb5-aadd-4b6c-9e8e-27f545bb7bf5/operationresults/eyJqb2JJZCI6IlJFU09VUkNFR1JPVVBERUxFVElPTkpPQi1QUzUxOTYtRUFTVFVTIiwiam9iTG9jYXRpb24iOiJlYXN0dXMifQ?api-version=2016-09-01"
        ],
        "Retry-After": [
          "15"
        ],
        "x-ms-ratelimit-remaining-subscription-reads": [
          "11996"
        ],
        "x-ms-request-id": [
          "71542516-84bd-4458-b920-d30dd15110be"
        ],
        "x-ms-correlation-request-id": [
          "71542516-84bd-4458-b920-d30dd15110be"
        ],
        "x-ms-routing-request-id": [
          "FRANCESOUTH:20220725T141333Z:71542516-84bd-4458-b920-d30dd15110be"
        ],
        "Strict-Transport-Security": [
          "max-age=31536000; includeSubDomains"
        ],
        "X-Content-Type-Options": [
          "nosniff"
        ],
        "Date": [
          "Mon, 25 Jul 2022 14:13:33 GMT"
        ],
        "Expires": [
          "-1"
        ],
        "Content-Length": [
          "0"
        ]
      },
      "ResponseBody": "",
      "StatusCode": 202
    },
    {
      "RequestUri": "/subscriptions/57947cb5-aadd-4b6c-9e8e-27f545bb7bf5/operationresults/eyJqb2JJZCI6IlJFU09VUkNFR1JPVVBERUxFVElPTkpPQi1QUzUxOTYtRUFTVFVTIiwiam9iTG9jYXRpb24iOiJlYXN0dXMifQ?api-version=2016-09-01",
      "EncodedRequestUri": "L3N1YnNjcmlwdGlvbnMvNTc5NDdjYjUtYWFkZC00YjZjLTllOGUtMjdmNTQ1YmI3YmY1L29wZXJhdGlvbnJlc3VsdHMvZXlKcWIySkpaQ0k2SWxKRlUwOVZVa05GUjFKUFZWQkVSVXhGVkVsUFRrcFBRaTFRVXpVeE9UWXRSVUZUVkZWVElpd2lhbTlpVEc5allYUnBiMjRpT2lKbFlYTjBkWE1pZlE/YXBpLXZlcnNpb249MjAxNi0wOS0wMQ==",
      "RequestMethod": "GET",
      "RequestHeaders": {
        "User-Agent": [
          "FxVersion/4.700.22.30802",
          "OSName/Windows",
          "OSVersion/Microsoft.Windows.10.0.22000",
          "Microsoft.Azure.Management.Internal.Resources.ResourceManagementClient/1.3.59"
        ]
      },
      "RequestBody": "",
      "ResponseHeaders": {
        "Cache-Control": [
          "no-cache"
        ],
        "Pragma": [
          "no-cache"
        ],
        "Location": [
          "https://management.azure.com/subscriptions/57947cb5-aadd-4b6c-9e8e-27f545bb7bf5/operationresults/eyJqb2JJZCI6IlJFU09VUkNFR1JPVVBERUxFVElPTkpPQi1QUzUxOTYtRUFTVFVTIiwiam9iTG9jYXRpb24iOiJlYXN0dXMifQ?api-version=2016-09-01"
        ],
        "Retry-After": [
          "15"
        ],
        "x-ms-ratelimit-remaining-subscription-reads": [
          "11995"
        ],
        "x-ms-request-id": [
          "d984bdcf-7b05-4f1c-a052-6a001701b0c5"
        ],
        "x-ms-correlation-request-id": [
          "d984bdcf-7b05-4f1c-a052-6a001701b0c5"
        ],
        "x-ms-routing-request-id": [
          "FRANCESOUTH:20220725T141348Z:d984bdcf-7b05-4f1c-a052-6a001701b0c5"
        ],
        "Strict-Transport-Security": [
          "max-age=31536000; includeSubDomains"
        ],
        "X-Content-Type-Options": [
          "nosniff"
        ],
        "Date": [
          "Mon, 25 Jul 2022 14:13:48 GMT"
        ],
        "Expires": [
          "-1"
        ],
        "Content-Length": [
          "0"
        ]
      },
      "ResponseBody": "",
      "StatusCode": 202
    },
    {
      "RequestUri": "/subscriptions/57947cb5-aadd-4b6c-9e8e-27f545bb7bf5/operationresults/eyJqb2JJZCI6IlJFU09VUkNFR1JPVVBERUxFVElPTkpPQi1QUzUxOTYtRUFTVFVTIiwiam9iTG9jYXRpb24iOiJlYXN0dXMifQ?api-version=2016-09-01",
      "EncodedRequestUri": "L3N1YnNjcmlwdGlvbnMvNTc5NDdjYjUtYWFkZC00YjZjLTllOGUtMjdmNTQ1YmI3YmY1L29wZXJhdGlvbnJlc3VsdHMvZXlKcWIySkpaQ0k2SWxKRlUwOVZVa05GUjFKUFZWQkVSVXhGVkVsUFRrcFBRaTFRVXpVeE9UWXRSVUZUVkZWVElpd2lhbTlpVEc5allYUnBiMjRpT2lKbFlYTjBkWE1pZlE/YXBpLXZlcnNpb249MjAxNi0wOS0wMQ==",
      "RequestMethod": "GET",
      "RequestHeaders": {
        "User-Agent": [
          "FxVersion/4.700.22.30802",
          "OSName/Windows",
          "OSVersion/Microsoft.Windows.10.0.22000",
          "Microsoft.Azure.Management.Internal.Resources.ResourceManagementClient/1.3.59"
        ]
      },
      "RequestBody": "",
      "ResponseHeaders": {
        "Cache-Control": [
          "no-cache"
        ],
        "Pragma": [
          "no-cache"
        ],
        "x-ms-ratelimit-remaining-subscription-reads": [
          "11994"
        ],
        "x-ms-request-id": [
          "1be589a8-cd13-404b-8023-314b3cf82432"
        ],
        "x-ms-correlation-request-id": [
          "1be589a8-cd13-404b-8023-314b3cf82432"
        ],
        "x-ms-routing-request-id": [
          "FRANCESOUTH:20220725T141404Z:1be589a8-cd13-404b-8023-314b3cf82432"
        ],
        "Strict-Transport-Security": [
          "max-age=31536000; includeSubDomains"
        ],
        "X-Content-Type-Options": [
          "nosniff"
        ],
        "Date": [
          "Mon, 25 Jul 2022 14:14:03 GMT"
        ],
        "Expires": [
          "-1"
        ],
        "Content-Length": [
          "0"
        ]
      },
      "ResponseBody": "",
      "StatusCode": 200
    },
    {
      "RequestUri": "/subscriptions/57947cb5-aadd-4b6c-9e8e-27f545bb7bf5/operationresults/eyJqb2JJZCI6IlJFU09VUkNFR1JPVVBERUxFVElPTkpPQi1QUzUxOTYtRUFTVFVTIiwiam9iTG9jYXRpb24iOiJlYXN0dXMifQ?api-version=2016-09-01",
      "EncodedRequestUri": "L3N1YnNjcmlwdGlvbnMvNTc5NDdjYjUtYWFkZC00YjZjLTllOGUtMjdmNTQ1YmI3YmY1L29wZXJhdGlvbnJlc3VsdHMvZXlKcWIySkpaQ0k2SWxKRlUwOVZVa05GUjFKUFZWQkVSVXhGVkVsUFRrcFBRaTFRVXpVeE9UWXRSVUZUVkZWVElpd2lhbTlpVEc5allYUnBiMjRpT2lKbFlYTjBkWE1pZlE/YXBpLXZlcnNpb249MjAxNi0wOS0wMQ==",
      "RequestMethod": "GET",
      "RequestHeaders": {
        "User-Agent": [
          "FxVersion/4.700.22.30802",
          "OSName/Windows",
          "OSVersion/Microsoft.Windows.10.0.22000",
          "Microsoft.Azure.Management.Internal.Resources.ResourceManagementClient/1.3.59"
        ]
      },
      "RequestBody": "",
      "ResponseHeaders": {
        "Cache-Control": [
          "no-cache"
        ],
        "Pragma": [
          "no-cache"
        ],
        "x-ms-ratelimit-remaining-subscription-reads": [
          "11993"
        ],
        "x-ms-request-id": [
          "7ddfda3f-89c8-480b-ab03-98314be12748"
        ],
        "x-ms-correlation-request-id": [
          "7ddfda3f-89c8-480b-ab03-98314be12748"
        ],
        "x-ms-routing-request-id": [
          "FRANCESOUTH:20220725T141404Z:7ddfda3f-89c8-480b-ab03-98314be12748"
        ],
        "Strict-Transport-Security": [
          "max-age=31536000; includeSubDomains"
        ],
        "X-Content-Type-Options": [
          "nosniff"
        ],
        "Date": [
          "Mon, 25 Jul 2022 14:14:04 GMT"
        ],
        "Expires": [
          "-1"
        ],
        "Content-Length": [
          "0"
        ]
      },
      "ResponseBody": "",
      "StatusCode": 200
    }
  ],
  "Names": {
    "Test-LinkedStorageAccount": [
      "ps5196",
      "ps4557"
    ]
  },
  "Variables": {
    "SubscriptionId": "57947cb5-aadd-4b6c-9e8e-27f545bb7bf5"
  }
}