{
  "Entries": [
    {
      "RequestUri": "/subscriptions/0353d26d-e338-469a-a87a-bd3507471155/providers/Microsoft.DataLakeAnalytics/register?api-version=2014-04-01-preview",
      "EncodedRequestUri": "L3N1YnNjcmlwdGlvbnMvMDM1M2QyNmQtZTMzOC00NjlhLWE4N2EtYmQzNTA3NDcxMTU1L3Byb3ZpZGVycy9NaWNyb3NvZnQuRGF0YUxha2VBbmFseXRpY3MvcmVnaXN0ZXI/YXBpLXZlcnNpb249MjAxNC0wNC0wMS1wcmV2aWV3",
      "RequestMethod": "POST",
      "RequestBody": "",
      "RequestHeaders": {
        "User-Agent": [
          "Microsoft.Azure.Management.Resources.ResourceManagementClient/2.0.0.0"
        ]
      },
      "ResponseBody": "{\r\n  \"id\": \"/subscriptions/0353d26d-e338-469a-a87a-bd3507471155/providers/Microsoft.DataLakeAnalytics\",\r\n  \"namespace\": \"Microsoft.DataLakeAnalytics\",\r\n  \"resourceTypes\": [\r\n    {\r\n      \"resourceType\": \"accounts\",\r\n      \"locations\": [\r\n        \"West US\",\r\n        \"South Central US\",\r\n        \"East US 2\",\r\n        \"East US\",\r\n        \"Central US\",\r\n        \"North Central US\",\r\n        \"Japan East\"\r\n      ],\r\n      \"apiVersions\": [\r\n        \"2015-10-01-preview\"\r\n      ]\r\n    },\r\n    {\r\n      \"resourceType\": \"accounts/dataLakeStoreAccounts\",\r\n      \"locations\": [\r\n        \"West US\",\r\n        \"South Central US\",\r\n        \"East US 2\",\r\n        \"East US\",\r\n        \"Central US\",\r\n        \"North Central US\",\r\n        \"Japan East\"\r\n      ],\r\n      \"apiVersions\": [\r\n        \"2015-10-01-preview\"\r\n      ]\r\n    },\r\n    {\r\n      \"resourceType\": \"accounts/storageAccounts\",\r\n      \"locations\": [\r\n        \"West US\",\r\n        \"South Central US\",\r\n        \"East US 2\",\r\n        \"East US\",\r\n        \"Central US\",\r\n        \"North Central US\",\r\n        \"Japan East\"\r\n      ],\r\n      \"apiVersions\": [\r\n        \"2015-10-01-preview\"\r\n      ]\r\n    },\r\n    {\r\n      \"resourceType\": \"accounts/storageAccounts/containers\",\r\n      \"locations\": [\r\n        \"West US\",\r\n        \"South Central US\",\r\n        \"East US 2\",\r\n        \"East US\",\r\n        \"Central US\",\r\n        \"North Central US\",\r\n        \"Japan East\"\r\n      ],\r\n      \"apiVersions\": [\r\n        \"2015-10-01-preview\"\r\n      ]\r\n    },\r\n    {\r\n      \"resourceType\": \"accounts/storageAccounts/containers/listSasTokens\",\r\n      \"locations\": [\r\n        \"West US\",\r\n        \"South Central US\",\r\n        \"East US 2\",\r\n        \"East US\",\r\n        \"Central US\",\r\n        \"North Central US\",\r\n        \"Japan East\"\r\n      ],\r\n      \"apiVersions\": [\r\n        \"2015-10-01-preview\"\r\n      ]\r\n    },\r\n    {\r\n      \"resourceType\": \"locations\",\r\n      \"locations\": [],\r\n      \"apiVersions\": [\r\n        \"2015-10-01-preview\"\r\n      ]\r\n    },\r\n    {\r\n      \"resourceType\": \"locations/operationresults\",\r\n      \"locations\": [],\r\n      \"apiVersions\": [\r\n        \"2015-10-01-preview\"\r\n      ]\r\n    },\r\n    {\r\n      \"resourceType\": \"operations\",\r\n      \"locations\": [],\r\n      \"apiVersions\": [\r\n        \"2015-10-01-preview\"\r\n      ]\r\n    }\r\n  ],\r\n  \"registrationState\": \"Registered\"\r\n}",
      "ResponseHeaders": {
        "Content-Length": [
          "1433"
        ],
        "Content-Type": [
          "application/json; charset=utf-8"
        ],
        "Expires": [
          "-1"
        ],
        "Pragma": [
          "no-cache"
        ],
        "x-ms-ratelimit-remaining-subscription-writes": [
          "1129"
        ],
        "x-ms-request-id": [
          "10597e7b-7968-4ac1-aaa4-f1cabc3b36f5"
        ],
        "x-ms-correlation-request-id": [
          "10597e7b-7968-4ac1-aaa4-f1cabc3b36f5"
        ],
        "x-ms-routing-request-id": [
          "CENTRALUS:20151022T192514Z:10597e7b-7968-4ac1-aaa4-f1cabc3b36f5"
        ],
        "Strict-Transport-Security": [
          "max-age=31536000; includeSubDomains"
        ],
        "Cache-Control": [
          "no-cache"
        ],
        "Date": [
          "Thu, 22 Oct 2015 19:25:14 GMT"
        ]
      },
      "StatusCode": 200
    },
    {
      "RequestUri": "/subscriptions/0353d26d-e338-469a-a87a-bd3507471155/providers/Microsoft.DataLakeAnalytics?api-version=2014-04-01-preview",
      "EncodedRequestUri": "L3N1YnNjcmlwdGlvbnMvMDM1M2QyNmQtZTMzOC00NjlhLWE4N2EtYmQzNTA3NDcxMTU1L3Byb3ZpZGVycy9NaWNyb3NvZnQuRGF0YUxha2VBbmFseXRpY3M/YXBpLXZlcnNpb249MjAxNC0wNC0wMS1wcmV2aWV3",
      "RequestMethod": "GET",
      "RequestBody": "",
      "RequestHeaders": {
        "User-Agent": [
          "Microsoft.Azure.Management.Resources.ResourceManagementClient/2.0.0.0"
        ]
      },
      "ResponseBody": "{\r\n  \"id\": \"/subscriptions/0353d26d-e338-469a-a87a-bd3507471155/providers/Microsoft.DataLakeAnalytics\",\r\n  \"namespace\": \"Microsoft.DataLakeAnalytics\",\r\n  \"resourceTypes\": [\r\n    {\r\n      \"resourceType\": \"accounts\",\r\n      \"locations\": [\r\n        \"West US\",\r\n        \"South Central US\",\r\n        \"East US 2\",\r\n        \"East US\",\r\n        \"Central US\",\r\n        \"North Central US\",\r\n        \"Japan East\"\r\n      ],\r\n      \"apiVersions\": [\r\n        \"2015-10-01-preview\"\r\n      ]\r\n    },\r\n    {\r\n      \"resourceType\": \"accounts/dataLakeStoreAccounts\",\r\n      \"locations\": [\r\n        \"West US\",\r\n        \"South Central US\",\r\n        \"East US 2\",\r\n        \"East US\",\r\n        \"Central US\",\r\n        \"North Central US\",\r\n        \"Japan East\"\r\n      ],\r\n      \"apiVersions\": [\r\n        \"2015-10-01-preview\"\r\n      ]\r\n    },\r\n    {\r\n      \"resourceType\": \"accounts/storageAccounts\",\r\n      \"locations\": [\r\n        \"West US\",\r\n        \"South Central US\",\r\n        \"East US 2\",\r\n        \"East US\",\r\n        \"Central US\",\r\n        \"North Central US\",\r\n        \"Japan East\"\r\n      ],\r\n      \"apiVersions\": [\r\n        \"2015-10-01-preview\"\r\n      ]\r\n    },\r\n    {\r\n      \"resourceType\": \"accounts/storageAccounts/containers\",\r\n      \"locations\": [\r\n        \"West US\",\r\n        \"South Central US\",\r\n        \"East US 2\",\r\n        \"East US\",\r\n        \"Central US\",\r\n        \"North Central US\",\r\n        \"Japan East\"\r\n      ],\r\n      \"apiVersions\": [\r\n        \"2015-10-01-preview\"\r\n      ]\r\n    },\r\n    {\r\n      \"resourceType\": \"accounts/storageAccounts/containers/listSasTokens\",\r\n      \"locations\": [\r\n        \"West US\",\r\n        \"South Central US\",\r\n        \"East US 2\",\r\n        \"East US\",\r\n        \"Central US\",\r\n        \"North Central US\",\r\n        \"Japan East\"\r\n      ],\r\n      \"apiVersions\": [\r\n        \"2015-10-01-preview\"\r\n      ]\r\n    },\r\n    {\r\n      \"resourceType\": \"locations\",\r\n      \"locations\": [],\r\n      \"apiVersions\": [\r\n        \"2015-10-01-preview\"\r\n      ]\r\n    },\r\n    {\r\n      \"resourceType\": \"locations/operationresults\",\r\n      \"locations\": [],\r\n      \"apiVersions\": [\r\n        \"2015-10-01-preview\"\r\n      ]\r\n    },\r\n    {\r\n      \"resourceType\": \"operations\",\r\n      \"locations\": [],\r\n      \"apiVersions\": [\r\n        \"2015-10-01-preview\"\r\n      ]\r\n    }\r\n  ],\r\n  \"registrationState\": \"Registered\"\r\n}",
      "ResponseHeaders": {
        "Content-Length": [
          "1433"
        ],
        "Content-Type": [
          "application/json; charset=utf-8"
        ],
        "Expires": [
          "-1"
        ],
        "Pragma": [
          "no-cache"
        ],
        "x-ms-ratelimit-remaining-subscription-reads": [
          "14519"
        ],
        "x-ms-request-id": [
          "c06b967e-671c-4ec6-9917-f333ef2e568a"
        ],
        "x-ms-correlation-request-id": [
          "c06b967e-671c-4ec6-9917-f333ef2e568a"
        ],
        "x-ms-routing-request-id": [
          "CENTRALUS:20151022T192515Z:c06b967e-671c-4ec6-9917-f333ef2e568a"
        ],
        "Strict-Transport-Security": [
          "max-age=31536000; includeSubDomains"
        ],
        "Cache-Control": [
          "no-cache"
        ],
        "Date": [
          "Thu, 22 Oct 2015 19:25:14 GMT"
        ]
      },
      "StatusCode": 200
    },
    {
      "RequestUri": "/subscriptions/0353d26d-e338-469a-a87a-bd3507471155/resourcegroups/abarg12990?api-version=2014-04-01-preview",
      "EncodedRequestUri": "L3N1YnNjcmlwdGlvbnMvMDM1M2QyNmQtZTMzOC00NjlhLWE4N2EtYmQzNTA3NDcxMTU1L3Jlc291cmNlZ3JvdXBzL2FiYXJnMTI5OTA/YXBpLXZlcnNpb249MjAxNC0wNC0wMS1wcmV2aWV3",
      "RequestMethod": "PUT",
      "RequestBody": "{\r\n  \"location\": \"West US\"\r\n}",
      "RequestHeaders": {
        "Content-Type": [
          "application/json; charset=utf-8"
        ],
        "Content-Length": [
          "29"
        ],
        "User-Agent": [
          "Microsoft.Azure.Management.Resources.ResourceManagementClient/2.0.0.0"
        ]
      },
      "ResponseBody": "{\r\n  \"id\": \"/subscriptions/0353d26d-e338-469a-a87a-bd3507471155/resourceGroups/abarg12990\",\r\n  \"name\": \"abarg12990\",\r\n  \"location\": \"westus\",\r\n  \"properties\": {\r\n    \"provisioningState\": \"Succeeded\"\r\n  }\r\n}",
      "ResponseHeaders": {
        "Content-Length": [
          "173"
        ],
        "Content-Type": [
          "application/json; charset=utf-8"
        ],
        "Expires": [
          "-1"
        ],
        "Pragma": [
          "no-cache"
        ],
        "x-ms-ratelimit-remaining-subscription-writes": [
          "1128"
        ],
        "x-ms-request-id": [
          "b2433ba9-7e33-4daf-ba83-19f3ae560366"
        ],
        "x-ms-correlation-request-id": [
          "b2433ba9-7e33-4daf-ba83-19f3ae560366"
        ],
        "x-ms-routing-request-id": [
          "CENTRALUS:20151022T192515Z:b2433ba9-7e33-4daf-ba83-19f3ae560366"
        ],
        "Strict-Transport-Security": [
          "max-age=31536000; includeSubDomains"
        ],
        "Cache-Control": [
          "no-cache"
        ],
        "Date": [
          "Thu, 22 Oct 2015 19:25:14 GMT"
        ]
      },
      "StatusCode": 201
    },
    {
      "RequestUri": "/subscriptions/0353d26d-e338-469a-a87a-bd3507471155/resourcegroups/abarg12990?api-version=2014-04-01-preview",
      "EncodedRequestUri": "L3N1YnNjcmlwdGlvbnMvMDM1M2QyNmQtZTMzOC00NjlhLWE4N2EtYmQzNTA3NDcxMTU1L3Jlc291cmNlZ3JvdXBzL2FiYXJnMTI5OTA/YXBpLXZlcnNpb249MjAxNC0wNC0wMS1wcmV2aWV3",
      "RequestMethod": "GET",
      "RequestBody": "",
      "RequestHeaders": {
        "User-Agent": [
          "Microsoft.Azure.Management.Resources.ResourceManagementClient/2.0.0.0"
        ]
      },
      "ResponseBody": "{\r\n  \"id\": \"/subscriptions/0353d26d-e338-469a-a87a-bd3507471155/resourceGroups/abarg12990\",\r\n  \"name\": \"abarg12990\",\r\n  \"location\": \"westus\",\r\n  \"properties\": {\r\n    \"provisioningState\": \"Succeeded\"\r\n  }\r\n}",
      "ResponseHeaders": {
        "Content-Length": [
          "173"
        ],
        "Content-Type": [
          "application/json; charset=utf-8"
        ],
        "Expires": [
          "-1"
        ],
        "Pragma": [
          "no-cache"
        ],
        "x-ms-ratelimit-remaining-subscription-reads": [
          "14517"
        ],
        "x-ms-request-id": [
          "5e979903-9c8a-47ff-8682-0320f00a994f"
        ],
        "x-ms-correlation-request-id": [
          "5e979903-9c8a-47ff-8682-0320f00a994f"
        ],
        "x-ms-routing-request-id": [
          "CENTRALUS:20151022T192515Z:5e979903-9c8a-47ff-8682-0320f00a994f"
        ],
        "Strict-Transport-Security": [
          "max-age=31536000; includeSubDomains"
        ],
        "Cache-Control": [
          "no-cache"
        ],
        "Date": [
          "Thu, 22 Oct 2015 19:25:14 GMT"
        ]
      },
      "StatusCode": 200
    },
    {
      "RequestUri": "/subscriptions/0353d26d-e338-469a-a87a-bd3507471155/resourceGroups/abarg12990/providers/Microsoft.DataLakeStore/accounts/datalake013640?api-version=2015-10-01-preview",
      "EncodedRequestUri": "L3N1YnNjcmlwdGlvbnMvMDM1M2QyNmQtZTMzOC00NjlhLWE4N2EtYmQzNTA3NDcxMTU1L3Jlc291cmNlR3JvdXBzL2FiYXJnMTI5OTAvcHJvdmlkZXJzL01pY3Jvc29mdC5EYXRhTGFrZVN0b3JlL2FjY291bnRzL2RhdGFsYWtlMDEzNjQwP2FwaS12ZXJzaW9uPTIwMTUtMTAtMDEtcHJldmlldw==",
      "RequestMethod": "PUT",
      "RequestBody": "{\r\n  \"location\": \"West US\",\r\n  \"name\": \"datalake013640\"\r\n}",
      "RequestHeaders": {
        "Content-Type": [
          "application/json; charset=utf-8"
        ],
        "Content-Length": [
          "58"
        ],
        "useragent": [
          "Azure SDK - Microsoft.Azure.Management.DataLake.Store 0.9.1-preview"
        ],
        "User-Agent": [
          "Azure",
          "SDK",
          "-",
          "Microsoft.Azure.Management.DataLake.Store",
          "0.9.1-preview"
        ],
        "x-ms-client-request-id": [
          "cd768e9f-c727-4f81-aead-27cdfe978e69"
        ]
      },
      "ResponseBody": "{\r\n  \"properties\": {\r\n    \"provisioningState\": \"Creating\",\r\n    \"state\": null,\r\n    \"endpoint\": null,\r\n    \"creationTime\": null,\r\n    \"lastModifiedTime\": null\r\n  },\r\n  \"location\": \"West US\",\r\n  \"tags\": null,\r\n  \"id\": \"/subscriptions/0353d26d-e338-469a-a87a-bd3507471155/resourceGroups/abarg12990/providers/Microsoft.DataLakeStore/accounts/datalake013640\",\r\n  \"name\": \"datalake013640\",\r\n  \"type\": \"Microsoft.DataLakeStore/accounts\"\r\n}",
      "ResponseHeaders": {
        "Content-Length": [
          "362"
        ],
        "Content-Type": [
          "application/json"
        ],
        "Expires": [
          "-1"
        ],
        "Pragma": [
          "no-cache"
        ],
        "Retry-After": [
          "10"
        ],
        "Azure-AsyncOperation": [
          "https://api-dogfood.resources.windows-int.net/subscriptions/0353d26d-e338-469a-a87a-bd3507471155/providers/Microsoft.DataLakeStore/locations/WestUS/operationResults/8bea4c71-e829-4c47-914a-9eb7faec10570?api-version=2015-10-01-preview&expanded=true"
        ],
        "x-ms-request-id": [
          "972f7bec-a591-4409-b230-58520bfbc868"
        ],
        "x-ms-ratelimit-remaining-subscription-writes": [
          "1149"
        ],
        "x-ms-correlation-request-id": [
          "96f8e42f-a1cc-471f-92d8-28be11ab5cd9"
        ],
        "x-ms-routing-request-id": [
          "CENTRALUS:20151022T192516Z:96f8e42f-a1cc-471f-92d8-28be11ab5cd9"
        ],
        "Strict-Transport-Security": [
          "max-age=31536000; includeSubDomains"
        ],
        "Cache-Control": [
          "no-cache"
        ],
        "Date": [
          "Thu, 22 Oct 2015 19:25:16 GMT"
        ],
        "Location": [
          "https://api-dogfood.resources.windows-int.net/subscriptions/0353d26d-e338-469a-a87a-bd3507471155/resourcegroups/abarg12990/providers/Microsoft.DataLakeStore/accounts/datalake013640/operationresults/0?api-version=2015-10-01-preview"
        ],
        "Server": [
          "Microsoft-IIS/8.5"
        ],
        "X-AspNet-Version": [
          "4.0.30319"
        ],
        "X-Powered-By": [
          "ASP.NET"
        ]
      },
      "StatusCode": 201
    },
    {
      "RequestUri": "/subscriptions/0353d26d-e338-469a-a87a-bd3507471155/providers/Microsoft.DataLakeStore/locations/WestUS/operationResults/8bea4c71-e829-4c47-914a-9eb7faec10570?api-version=2015-10-01-preview&expanded=true",
      "EncodedRequestUri": "L3N1YnNjcmlwdGlvbnMvMDM1M2QyNmQtZTMzOC00NjlhLWE4N2EtYmQzNTA3NDcxMTU1L3Byb3ZpZGVycy9NaWNyb3NvZnQuRGF0YUxha2VTdG9yZS9sb2NhdGlvbnMvV2VzdFVTL29wZXJhdGlvblJlc3VsdHMvOGJlYTRjNzEtZTgyOS00YzQ3LTkxNGEtOWViN2ZhZWMxMDU3MD9hcGktdmVyc2lvbj0yMDE1LTEwLTAxLXByZXZpZXcmZXhwYW5kZWQ9dHJ1ZQ==",
      "RequestMethod": "GET",
      "RequestBody": "",
      "RequestHeaders": {
        "x-ms-version": [
          "2015-10-01-preview"
        ],
        "User-Agent": [
          "Microsoft.Azure.Management.DataLake.Store.DataLakeStoreManagementClient/0.9.0.0"
        ]
      },
      "ResponseBody": "{\r\n  \"status\": \"InProgress\"\r\n}",
      "ResponseHeaders": {
        "Content-Length": [
          "23"
        ],
        "Content-Type": [
          "application/json"
        ],
        "Expires": [
          "-1"
        ],
        "Pragma": [
          "no-cache"
        ],
        "x-ms-request-id": [
          "823a8738-68f4-462d-a4c5-fcc723b95d77"
        ],
        "x-ms-ratelimit-remaining-subscription-reads": [
          "14665"
        ],
        "x-ms-correlation-request-id": [
          "06eb0254-98c4-4218-b4c3-49855f3922dd"
        ],
        "x-ms-routing-request-id": [
          "CENTRALUS:20151022T192516Z:06eb0254-98c4-4218-b4c3-49855f3922dd"
        ],
        "Strict-Transport-Security": [
          "max-age=31536000; includeSubDomains"
        ],
        "Cache-Control": [
          "no-cache"
        ],
        "Date": [
          "Thu, 22 Oct 2015 19:25:16 GMT"
        ],
        "Server": [
          "Microsoft-IIS/8.5"
        ],
        "X-AspNet-Version": [
          "4.0.30319"
        ],
        "X-Powered-By": [
          "ASP.NET"
        ]
      },
      "StatusCode": 200
    },
    {
      "RequestUri": "/subscriptions/0353d26d-e338-469a-a87a-bd3507471155/providers/Microsoft.DataLakeStore/locations/WestUS/operationResults/8bea4c71-e829-4c47-914a-9eb7faec10570?api-version=2015-10-01-preview&expanded=true",
      "EncodedRequestUri": "L3N1YnNjcmlwdGlvbnMvMDM1M2QyNmQtZTMzOC00NjlhLWE4N2EtYmQzNTA3NDcxMTU1L3Byb3ZpZGVycy9NaWNyb3NvZnQuRGF0YUxha2VTdG9yZS9sb2NhdGlvbnMvV2VzdFVTL29wZXJhdGlvblJlc3VsdHMvOGJlYTRjNzEtZTgyOS00YzQ3LTkxNGEtOWViN2ZhZWMxMDU3MD9hcGktdmVyc2lvbj0yMDE1LTEwLTAxLXByZXZpZXcmZXhwYW5kZWQ9dHJ1ZQ==",
      "RequestMethod": "GET",
      "RequestBody": "",
      "RequestHeaders": {
        "x-ms-version": [
          "2015-10-01-preview"
        ],
        "User-Agent": [
          "Microsoft.Azure.Management.DataLake.Store.DataLakeStoreManagementClient/0.9.0.0"
        ]
      },
      "ResponseBody": "{\r\n  \"status\": \"InProgress\"\r\n}",
      "ResponseHeaders": {
        "Content-Length": [
          "23"
        ],
        "Content-Type": [
          "application/json"
        ],
        "Expires": [
          "-1"
        ],
        "Pragma": [
          "no-cache"
        ],
        "x-ms-request-id": [
          "fbac21c9-3005-423d-8f98-30b8c2ea1b7d"
        ],
        "x-ms-ratelimit-remaining-subscription-reads": [
          "14663"
        ],
        "x-ms-correlation-request-id": [
          "0bb9dca8-213c-46e2-8a06-0a28e6fa1433"
        ],
        "x-ms-routing-request-id": [
          "CENTRALUS:20151022T192526Z:0bb9dca8-213c-46e2-8a06-0a28e6fa1433"
        ],
        "Strict-Transport-Security": [
          "max-age=31536000; includeSubDomains"
        ],
        "Cache-Control": [
          "no-cache"
        ],
        "Date": [
          "Thu, 22 Oct 2015 19:25:26 GMT"
        ],
        "Server": [
          "Microsoft-IIS/8.5"
        ],
        "X-AspNet-Version": [
          "4.0.30319"
        ],
        "X-Powered-By": [
          "ASP.NET"
        ]
      },
      "StatusCode": 200
    },
    {
      "RequestUri": "/subscriptions/0353d26d-e338-469a-a87a-bd3507471155/providers/Microsoft.DataLakeStore/locations/WestUS/operationResults/8bea4c71-e829-4c47-914a-9eb7faec10570?api-version=2015-10-01-preview&expanded=true",
      "EncodedRequestUri": "L3N1YnNjcmlwdGlvbnMvMDM1M2QyNmQtZTMzOC00NjlhLWE4N2EtYmQzNTA3NDcxMTU1L3Byb3ZpZGVycy9NaWNyb3NvZnQuRGF0YUxha2VTdG9yZS9sb2NhdGlvbnMvV2VzdFVTL29wZXJhdGlvblJlc3VsdHMvOGJlYTRjNzEtZTgyOS00YzQ3LTkxNGEtOWViN2ZhZWMxMDU3MD9hcGktdmVyc2lvbj0yMDE1LTEwLTAxLXByZXZpZXcmZXhwYW5kZWQ9dHJ1ZQ==",
      "RequestMethod": "GET",
      "RequestBody": "",
      "RequestHeaders": {
        "x-ms-version": [
          "2015-10-01-preview"
        ],
        "User-Agent": [
          "Microsoft.Azure.Management.DataLake.Store.DataLakeStoreManagementClient/0.9.0.0"
        ]
      },
      "ResponseBody": "{\r\n  \"status\": \"InProgress\"\r\n}",
      "ResponseHeaders": {
        "Content-Length": [
          "23"
        ],
        "Content-Type": [
          "application/json"
        ],
        "Expires": [
          "-1"
        ],
        "Pragma": [
          "no-cache"
        ],
        "x-ms-request-id": [
          "5f6872bc-a30f-4085-abc6-3a6f8d6e4e92"
        ],
        "x-ms-ratelimit-remaining-subscription-reads": [
          "14661"
        ],
        "x-ms-correlation-request-id": [
          "fc9b331e-e5ff-4943-b80b-526ced7defc4"
        ],
        "x-ms-routing-request-id": [
          "CENTRALUS:20151022T192541Z:fc9b331e-e5ff-4943-b80b-526ced7defc4"
        ],
        "Strict-Transport-Security": [
          "max-age=31536000; includeSubDomains"
        ],
        "Cache-Control": [
          "no-cache"
        ],
        "Date": [
          "Thu, 22 Oct 2015 19:25:40 GMT"
        ],
        "Server": [
          "Microsoft-IIS/8.5"
        ],
        "X-AspNet-Version": [
          "4.0.30319"
        ],
        "X-Powered-By": [
          "ASP.NET"
        ]
      },
      "StatusCode": 200
    },
    {
      "RequestUri": "/subscriptions/0353d26d-e338-469a-a87a-bd3507471155/providers/Microsoft.DataLakeStore/locations/WestUS/operationResults/8bea4c71-e829-4c47-914a-9eb7faec10570?api-version=2015-10-01-preview&expanded=true",
      "EncodedRequestUri": "L3N1YnNjcmlwdGlvbnMvMDM1M2QyNmQtZTMzOC00NjlhLWE4N2EtYmQzNTA3NDcxMTU1L3Byb3ZpZGVycy9NaWNyb3NvZnQuRGF0YUxha2VTdG9yZS9sb2NhdGlvbnMvV2VzdFVTL29wZXJhdGlvblJlc3VsdHMvOGJlYTRjNzEtZTgyOS00YzQ3LTkxNGEtOWViN2ZhZWMxMDU3MD9hcGktdmVyc2lvbj0yMDE1LTEwLTAxLXByZXZpZXcmZXhwYW5kZWQ9dHJ1ZQ==",
      "RequestMethod": "GET",
      "RequestBody": "",
      "RequestHeaders": {
        "x-ms-version": [
          "2015-10-01-preview"
        ],
        "User-Agent": [
          "Microsoft.Azure.Management.DataLake.Store.DataLakeStoreManagementClient/0.9.0.0"
        ]
      },
      "ResponseBody": "{\r\n  \"status\": \"Succeeded\"\r\n}",
      "ResponseHeaders": {
        "Content-Length": [
          "22"
        ],
        "Content-Type": [
          "application/json"
        ],
        "Expires": [
          "-1"
        ],
        "Pragma": [
          "no-cache"
        ],
        "x-ms-request-id": [
          "3cd03f03-4d6b-43bb-bf0d-29106f3d9f4f"
        ],
        "x-ms-ratelimit-remaining-subscription-reads": [
          "14659"
        ],
        "x-ms-correlation-request-id": [
          "1c5c4933-b6fa-4f56-a494-a8f5a5689157"
        ],
        "x-ms-routing-request-id": [
          "CENTRALUS:20151022T192556Z:1c5c4933-b6fa-4f56-a494-a8f5a5689157"
        ],
        "Strict-Transport-Security": [
          "max-age=31536000; includeSubDomains"
        ],
        "Cache-Control": [
          "no-cache"
        ],
        "Date": [
          "Thu, 22 Oct 2015 19:25:56 GMT"
        ],
        "Server": [
          "Microsoft-IIS/8.5"
        ],
        "X-AspNet-Version": [
          "4.0.30319"
        ],
        "X-Powered-By": [
          "ASP.NET"
        ]
      },
      "StatusCode": 200
    },
    {
      "RequestUri": "/subscriptions/0353d26d-e338-469a-a87a-bd3507471155/resourceGroups/abarg12990/providers/Microsoft.DataLakeStore/accounts/datalake013640?api-version=2015-10-01-preview",
      "EncodedRequestUri": "L3N1YnNjcmlwdGlvbnMvMDM1M2QyNmQtZTMzOC00NjlhLWE4N2EtYmQzNTA3NDcxMTU1L3Jlc291cmNlR3JvdXBzL2FiYXJnMTI5OTAvcHJvdmlkZXJzL01pY3Jvc29mdC5EYXRhTGFrZVN0b3JlL2FjY291bnRzL2RhdGFsYWtlMDEzNjQwP2FwaS12ZXJzaW9uPTIwMTUtMTAtMDEtcHJldmlldw==",
      "RequestMethod": "GET",
      "RequestBody": "",
      "RequestHeaders": {
        "useragent": [
          "Azure SDK - Microsoft.Azure.Management.DataLake.Store 0.9.1-preview"
        ],
        "User-Agent": [
          "Azure",
          "SDK",
          "-",
          "Microsoft.Azure.Management.DataLake.Store",
          "0.9.1-preview"
        ]
      },
      "ResponseBody": "{\r\n  \"properties\": {\r\n    \"provisioningState\": \"Succeeded\",\r\n    \"state\": \"Active\",\r\n    \"endpoint\": \"datalake013640.caboaccountdogfood.net\",\r\n    \"creationTime\": \"2015-10-22T19:25:18.6074562Z\",\r\n    \"lastModifiedTime\": \"2015-10-22T19:25:18.6074562Z\"\r\n  },\r\n  \"location\": \"West US\",\r\n  \"tags\": null,\r\n  \"id\": \"/subscriptions/0353d26d-e338-469a-a87a-bd3507471155/resourceGroups/abarg12990/providers/Microsoft.DataLakeStore/accounts/datalake013640\",\r\n  \"name\": \"datalake013640\",\r\n  \"type\": \"Microsoft.DataLakeStore/accounts\"\r\n}",
      "ResponseHeaders": {
        "Content-Length": [
          "454"
        ],
        "Content-Type": [
          "application/json"
        ],
        "Expires": [
          "-1"
        ],
        "Pragma": [
          "no-cache"
        ],
        "x-ms-request-id": [
          "50b59736-525f-4950-ad76-46d867cbe115"
        ],
        "x-ms-ratelimit-remaining-subscription-reads": [
          "14658"
        ],
        "x-ms-correlation-request-id": [
          "4c788e8f-421b-4257-95fe-c6a81fe3c71b"
        ],
        "x-ms-routing-request-id": [
          "CENTRALUS:20151022T192556Z:4c788e8f-421b-4257-95fe-c6a81fe3c71b"
        ],
        "Strict-Transport-Security": [
          "max-age=31536000; includeSubDomains"
        ],
        "Cache-Control": [
          "no-cache"
        ],
        "Date": [
          "Thu, 22 Oct 2015 19:25:56 GMT"
        ],
        "Server": [
          "Microsoft-IIS/8.5"
        ],
        "X-AspNet-Version": [
          "4.0.30319"
        ],
        "X-Powered-By": [
          "ASP.NET"
        ]
      },
      "StatusCode": 200
    },
    {
      "RequestUri": "/subscriptions/0353d26d-e338-469a-a87a-bd3507471155/resourceGroups/abarg12990/providers/Microsoft.DataLakeAnalytics/accounts/testaba1957?api-version=2015-10-01-preview",
      "EncodedRequestUri": "L3N1YnNjcmlwdGlvbnMvMDM1M2QyNmQtZTMzOC00NjlhLWE4N2EtYmQzNTA3NDcxMTU1L3Jlc291cmNlR3JvdXBzL2FiYXJnMTI5OTAvcHJvdmlkZXJzL01pY3Jvc29mdC5EYXRhTGFrZUFuYWx5dGljcy9hY2NvdW50cy90ZXN0YWJhMTk1Nz9hcGktdmVyc2lvbj0yMDE1LTEwLTAxLXByZXZpZXc=",
      "RequestMethod": "GET",
      "RequestBody": "",
      "RequestHeaders": {
        "useragent": [
          "Azure SDK - Microsoft.Azure.Management.DataLake.Analytics 0.9.4-preview - PowerShell Client"
        ],
        "User-Agent": [
          "Azure",
          "SDK",
          "-",
          "Microsoft.Azure.Management.DataLake.Analytics",
          "0.9.4-preview",
          "-",
          "PowerShell",
          "Client"
        ]
      },
      "ResponseBody": "{\r\n  \"error\": {\r\n    \"code\": \"ResourceNotFound\",\r\n    \"message\": \"The Resource 'Microsoft.DataLakeAnalytics/accounts/testaba1957' under resource group 'abarg12990' was not found.\"\r\n  }\r\n}",
      "ResponseHeaders": {
        "Content-Length": [
          "162"
        ],
        "Content-Type": [
          "application/json; charset=utf-8"
        ],
        "Expires": [
          "-1"
        ],
        "Pragma": [
          "no-cache"
        ],
        "x-ms-failure-cause": [
          "gateway"
        ],
        "x-ms-request-id": [
          "fe19c25b-0fd8-4d52-a04d-fb011ff96c6c"
        ],
        "x-ms-correlation-request-id": [
          "fe19c25b-0fd8-4d52-a04d-fb011ff96c6c"
        ],
        "x-ms-routing-request-id": [
          "CENTRALUS:20151022T192601Z:fe19c25b-0fd8-4d52-a04d-fb011ff96c6c"
        ],
        "Strict-Transport-Security": [
          "max-age=31536000; includeSubDomains"
        ],
        "Cache-Control": [
          "no-cache"
        ],
        "Date": [
          "Thu, 22 Oct 2015 19:26:01 GMT"
        ]
      },
      "StatusCode": 404
    },
    {
      "RequestUri": "/subscriptions/0353d26d-e338-469a-a87a-bd3507471155/resourceGroups/abarg12990/providers/Microsoft.DataLakeAnalytics/accounts/testaba1957?api-version=2015-10-01-preview",
      "EncodedRequestUri": "L3N1YnNjcmlwdGlvbnMvMDM1M2QyNmQtZTMzOC00NjlhLWE4N2EtYmQzNTA3NDcxMTU1L3Jlc291cmNlR3JvdXBzL2FiYXJnMTI5OTAvcHJvdmlkZXJzL01pY3Jvc29mdC5EYXRhTGFrZUFuYWx5dGljcy9hY2NvdW50cy90ZXN0YWJhMTk1Nz9hcGktdmVyc2lvbj0yMDE1LTEwLTAxLXByZXZpZXc=",
      "RequestMethod": "GET",
      "RequestBody": "",
      "RequestHeaders": {
        "useragent": [
          "Azure SDK - Microsoft.Azure.Management.DataLake.Analytics 0.9.4-preview - PowerShell Client"
        ],
        "User-Agent": [
          "Azure",
          "SDK",
          "-",
          "Microsoft.Azure.Management.DataLake.Analytics",
          "0.9.4-preview",
          "-",
          "PowerShell",
          "Client"
        ]
      },
      "ResponseBody": "{\r\n  \"error\": {\r\n    \"code\": \"ResourceNotFound\",\r\n    \"message\": \"The Resource 'Microsoft.DataLakeAnalytics/accounts/testaba1957' under resource group 'abarg12990' was not found.\"\r\n  }\r\n}",
      "ResponseHeaders": {
        "Content-Length": [
          "162"
        ],
        "Content-Type": [
          "application/json; charset=utf-8"
        ],
        "Expires": [
          "-1"
        ],
        "Pragma": [
          "no-cache"
        ],
        "x-ms-failure-cause": [
          "gateway"
        ],
        "x-ms-request-id": [
          "3da14074-021c-4eed-9cd0-62e9ebb8963c"
        ],
        "x-ms-correlation-request-id": [
          "3da14074-021c-4eed-9cd0-62e9ebb8963c"
        ],
        "x-ms-routing-request-id": [
          "CENTRALUS:20151022T192601Z:3da14074-021c-4eed-9cd0-62e9ebb8963c"
        ],
        "Strict-Transport-Security": [
          "max-age=31536000; includeSubDomains"
        ],
        "Cache-Control": [
          "no-cache"
        ],
        "Date": [
          "Thu, 22 Oct 2015 19:26:01 GMT"
        ]
      },
      "StatusCode": 404
    },
    {
      "RequestUri": "/subscriptions/0353d26d-e338-469a-a87a-bd3507471155/resourceGroups/abarg12990/providers/Microsoft.DataLakeAnalytics/accounts/testaba1957?api-version=2015-10-01-preview",
      "EncodedRequestUri": "L3N1YnNjcmlwdGlvbnMvMDM1M2QyNmQtZTMzOC00NjlhLWE4N2EtYmQzNTA3NDcxMTU1L3Jlc291cmNlR3JvdXBzL2FiYXJnMTI5OTAvcHJvdmlkZXJzL01pY3Jvc29mdC5EYXRhTGFrZUFuYWx5dGljcy9hY2NvdW50cy90ZXN0YWJhMTk1Nz9hcGktdmVyc2lvbj0yMDE1LTEwLTAxLXByZXZpZXc=",
      "RequestMethod": "GET",
      "RequestBody": "",
      "RequestHeaders": {
        "useragent": [
          "Azure SDK - Microsoft.Azure.Management.DataLake.Analytics 0.9.4-preview - PowerShell Client"
        ],
        "User-Agent": [
          "Azure",
          "SDK",
          "-",
          "Microsoft.Azure.Management.DataLake.Analytics",
          "0.9.4-preview",
          "-",
          "PowerShell",
          "Client"
        ]
      },
      "ResponseBody": "{\r\n  \"properties\": {\r\n    \"defaultDataLakeStoreAccount\": \"datalake013640\",\r\n    \"dataLakeStoreAccounts\": [\r\n      {\r\n        \"properties\": {\r\n          \"suffix\": \"caboaccountdogfood.net\"\r\n        },\r\n        \"name\": \"datalake013640\"\r\n      }\r\n    ],\r\n    \"storageAccounts\": [],\r\n    \"maxDegreeOfParallelism\": 50,\r\n    \"maxJobCount\": 3,\r\n    \"provisioningState\": \"Succeeded\",\r\n    \"state\": \"Active\",\r\n    \"endpoint\": \"testaba1957.konaaccountdogfood.net\",\r\n    \"creationTime\": \"2015-10-22T19:26:03.652418Z\",\r\n    \"lastModifiedTime\": \"2015-10-22T19:26:03.652418Z\"\r\n  },\r\n  \"location\": \"West US\",\r\n  \"tags\": {},\r\n  \"id\": \"/subscriptions/0353d26d-e338-469a-a87a-bd3507471155/resourceGroups/abarg12990/providers/Microsoft.DataLakeAnalytics/accounts/testaba1957\",\r\n  \"name\": \"testaba1957\",\r\n  \"type\": \"Microsoft.DataLakeAnalytics/accounts\"\r\n}",
      "ResponseHeaders": {
        "Content-Length": [
          "662"
        ],
        "Content-Type": [
          "application/json"
        ],
        "Expires": [
          "-1"
        ],
        "Pragma": [
          "no-cache"
        ],
        "x-ms-request-id": [
          "16556eca-c663-4d42-8586-8d5481fccede"
        ],
        "x-ms-ratelimit-remaining-subscription-reads": [
          "14482"
        ],
        "x-ms-correlation-request-id": [
          "c8150ceb-a74e-4650-92c4-2d27f021831a"
        ],
        "x-ms-routing-request-id": [
          "CENTRALUS:20151022T192643Z:c8150ceb-a74e-4650-92c4-2d27f021831a"
        ],
        "Strict-Transport-Security": [
          "max-age=31536000; includeSubDomains"
        ],
        "Cache-Control": [
          "no-cache"
        ],
        "Date": [
          "Thu, 22 Oct 2015 19:26:43 GMT"
        ],
        "Server": [
          "Microsoft-IIS/8.5"
        ],
        "X-AspNet-Version": [
          "4.0.30319"
        ],
        "X-Powered-By": [
          "ASP.NET"
        ]
      },
      "StatusCode": 200
    },
    {
      "RequestUri": "/subscriptions/0353d26d-e338-469a-a87a-bd3507471155/resourceGroups/abarg12990/providers/Microsoft.DataLakeAnalytics/accounts/testaba1957?api-version=2015-10-01-preview",
      "EncodedRequestUri": "L3N1YnNjcmlwdGlvbnMvMDM1M2QyNmQtZTMzOC00NjlhLWE4N2EtYmQzNTA3NDcxMTU1L3Jlc291cmNlR3JvdXBzL2FiYXJnMTI5OTAvcHJvdmlkZXJzL01pY3Jvc29mdC5EYXRhTGFrZUFuYWx5dGljcy9hY2NvdW50cy90ZXN0YWJhMTk1Nz9hcGktdmVyc2lvbj0yMDE1LTEwLTAxLXByZXZpZXc=",
      "RequestMethod": "GET",
      "RequestBody": "",
      "RequestHeaders": {
        "useragent": [
          "Azure SDK - Microsoft.Azure.Management.DataLake.Analytics 0.9.4-preview - PowerShell Client"
        ],
        "User-Agent": [
          "Azure",
          "SDK",
          "-",
          "Microsoft.Azure.Management.DataLake.Analytics",
          "0.9.4-preview",
          "-",
          "PowerShell",
          "Client"
        ]
      },
      "ResponseBody": "{\r\n  \"properties\": {\r\n    \"defaultDataLakeStoreAccount\": \"datalake013640\",\r\n    \"dataLakeStoreAccounts\": [\r\n      {\r\n        \"properties\": {\r\n          \"suffix\": \"caboaccountdogfood.net\"\r\n        },\r\n        \"name\": \"datalake013640\"\r\n      }\r\n    ],\r\n    \"storageAccounts\": [],\r\n    \"maxDegreeOfParallelism\": 50,\r\n    \"maxJobCount\": 3,\r\n    \"provisioningState\": \"Succeeded\",\r\n    \"state\": \"Active\",\r\n    \"endpoint\": \"testaba1957.konaaccountdogfood.net\",\r\n    \"creationTime\": \"2015-10-22T19:26:03.652418Z\",\r\n    \"lastModifiedTime\": \"2015-10-22T19:26:03.652418Z\"\r\n  },\r\n  \"location\": \"West US\",\r\n  \"tags\": {},\r\n  \"id\": \"/subscriptions/0353d26d-e338-469a-a87a-bd3507471155/resourceGroups/abarg12990/providers/Microsoft.DataLakeAnalytics/accounts/testaba1957\",\r\n  \"name\": \"testaba1957\",\r\n  \"type\": \"Microsoft.DataLakeAnalytics/accounts\"\r\n}",
      "ResponseHeaders": {
        "Content-Length": [
          "662"
        ],
        "Content-Type": [
          "application/json"
        ],
        "Expires": [
          "-1"
        ],
        "Pragma": [
          "no-cache"
        ],
        "x-ms-request-id": [
          "02659361-3741-49cf-a886-140959db3f84"
        ],
        "x-ms-ratelimit-remaining-subscription-reads": [
          "14481"
        ],
        "x-ms-correlation-request-id": [
          "d49d3e84-c145-4f5d-8335-dcda1f25451d"
        ],
        "x-ms-routing-request-id": [
          "CENTRALUS:20151022T192643Z:d49d3e84-c145-4f5d-8335-dcda1f25451d"
        ],
        "Strict-Transport-Security": [
          "max-age=31536000; includeSubDomains"
        ],
        "Cache-Control": [
          "no-cache"
        ],
        "Date": [
          "Thu, 22 Oct 2015 19:26:43 GMT"
        ],
        "Server": [
          "Microsoft-IIS/8.5"
        ],
        "X-AspNet-Version": [
          "4.0.30319"
        ],
        "X-Powered-By": [
          "ASP.NET"
        ]
      },
      "StatusCode": 200
    },
    {
      "RequestUri": "/subscriptions/0353d26d-e338-469a-a87a-bd3507471155/resourceGroups/abarg12990/providers/Microsoft.DataLakeAnalytics/accounts/testaba1957?api-version=2015-10-01-preview",
      "EncodedRequestUri": "L3N1YnNjcmlwdGlvbnMvMDM1M2QyNmQtZTMzOC00NjlhLWE4N2EtYmQzNTA3NDcxMTU1L3Jlc291cmNlR3JvdXBzL2FiYXJnMTI5OTAvcHJvdmlkZXJzL01pY3Jvc29mdC5EYXRhTGFrZUFuYWx5dGljcy9hY2NvdW50cy90ZXN0YWJhMTk1Nz9hcGktdmVyc2lvbj0yMDE1LTEwLTAxLXByZXZpZXc=",
      "RequestMethod": "GET",
      "RequestBody": "",
      "RequestHeaders": {
        "useragent": [
          "Azure SDK - Microsoft.Azure.Management.DataLake.Analytics 0.9.4-preview - PowerShell Client"
        ],
        "User-Agent": [
          "Azure",
          "SDK",
          "-",
          "Microsoft.Azure.Management.DataLake.Analytics",
          "0.9.4-preview",
          "-",
          "PowerShell",
          "Client"
        ]
      },
      "ResponseBody": "{\r\n  \"error\": {\r\n    \"code\": \"ResourceNotFound\",\r\n    \"message\": \"The Resource 'Microsoft.DataLakeAnalytics/accounts/testaba1957' under resource group 'abarg12990' was not found.\"\r\n  }\r\n}",
      "ResponseHeaders": {
        "Content-Length": [
          "162"
        ],
        "Content-Type": [
          "application/json; charset=utf-8"
        ],
        "Expires": [
          "-1"
        ],
        "Pragma": [
          "no-cache"
        ],
        "x-ms-failure-cause": [
          "gateway"
        ],
        "x-ms-request-id": [
          "66fb3b96-b5aa-4962-9b8d-2c3a45cdf904"
        ],
        "x-ms-correlation-request-id": [
          "66fb3b96-b5aa-4962-9b8d-2c3a45cdf904"
        ],
        "x-ms-routing-request-id": [
          "CENTRALUS:20151022T192645Z:66fb3b96-b5aa-4962-9b8d-2c3a45cdf904"
        ],
        "Strict-Transport-Security": [
          "max-age=31536000; includeSubDomains"
        ],
        "Cache-Control": [
          "no-cache"
        ],
        "Date": [
          "Thu, 22 Oct 2015 19:26:45 GMT"
        ]
      },
      "StatusCode": 404
    },
    {
      "RequestUri": "/subscriptions/0353d26d-e338-469a-a87a-bd3507471155/resourceGroups/abarg12990/providers/Microsoft.DataLakeAnalytics/accounts/testaba1957?api-version=2015-10-01-preview",
      "EncodedRequestUri": "L3N1YnNjcmlwdGlvbnMvMDM1M2QyNmQtZTMzOC00NjlhLWE4N2EtYmQzNTA3NDcxMTU1L3Jlc291cmNlR3JvdXBzL2FiYXJnMTI5OTAvcHJvdmlkZXJzL01pY3Jvc29mdC5EYXRhTGFrZUFuYWx5dGljcy9hY2NvdW50cy90ZXN0YWJhMTk1Nz9hcGktdmVyc2lvbj0yMDE1LTEwLTAxLXByZXZpZXc=",
      "RequestMethod": "PUT",
      "RequestBody": "{\r\n  \"location\": \"West US\",\r\n  \"name\": \"testaba1957\",\r\n  \"tags\": {},\r\n  \"properties\": {\r\n    \"defaultDataLakeStoreAccount\": \"datalake013640\",\r\n    \"dataLakeStoreAccounts\": [\r\n      {\r\n        \"name\": \"datalake013640\"\r\n      }\r\n    ],\r\n    \"creationTime\": \"0001-01-01T00:00:00\",\r\n    \"lastModifiedTime\": \"0001-01-01T00:00:00\"\r\n  }\r\n}",
      "RequestHeaders": {
        "Content-Type": [
          "application/json; charset=utf-8"
        ],
        "Content-Length": [
          "332"
        ],
        "useragent": [
          "Azure SDK - Microsoft.Azure.Management.DataLake.Analytics 0.9.4-preview - PowerShell Client"
        ],
        "x-ms-client-request-id": [
          "dcc6036b-7ff9-4704-bfb3-731f550b26b9"
        ],
        "User-Agent": [
          "Microsoft.Azure.Management.DataLake.Analytics.DataLakeAnalyticsManagementClient/0.9.0.0"
        ]
      },
      "ResponseBody": "{\r\n  \"properties\": {\r\n    \"defaultDataLakeStoreAccount\": \"datalake013640\",\r\n    \"dataLakeStoreAccounts\": [\r\n      {\r\n        \"name\": \"datalake013640\"\r\n      }\r\n    ],\r\n    \"provisioningState\": \"Creating\",\r\n    \"state\": null,\r\n    \"endpoint\": null,\r\n    \"creationTime\": \"0001-01-01T00:00:00\",\r\n    \"lastModifiedTime\": \"0001-01-01T00:00:00\"\r\n  },\r\n  \"location\": \"West US\",\r\n  \"tags\": {},\r\n  \"id\": \"/subscriptions/0353d26d-e338-469a-a87a-bd3507471155/resourceGroups/abarg12990/providers/Microsoft.DataLakeAnalytics/accounts/testaba1957\",\r\n  \"name\": \"testaba1957\",\r\n  \"type\": \"Microsoft.DataLakeAnalytics/accounts\"\r\n}",
      "ResponseHeaders": {
        "Content-Length": [
          "495"
        ],
        "Content-Type": [
          "application/json"
        ],
        "Expires": [
          "-1"
        ],
        "Pragma": [
          "no-cache"
        ],
        "Retry-After": [
          "10"
        ],
        "Azure-AsyncOperation": [
          "https://api-dogfood.resources.windows-int.net/subscriptions/0353d26d-e338-469a-a87a-bd3507471155/providers/Microsoft.DataLakeAnalytics/locations/WestUS/operationResults/e78641d1-976d-4cc4-8a49-260d7739658c0?api-version=2015-10-01-preview&expanded=true"
        ],
        "x-ms-request-id": [
          "fbfde1dd-1810-4c66-96ac-ac3bd0cb2b3a"
        ],
        "x-ms-ratelimit-remaining-subscription-writes": [
          "1121"
        ],
        "x-ms-correlation-request-id": [
          "b7f22bd6-42e0-4973-9d9e-afedb1952ebb"
        ],
        "x-ms-routing-request-id": [
          "CENTRALUS:20151022T192602Z:b7f22bd6-42e0-4973-9d9e-afedb1952ebb"
        ],
        "Strict-Transport-Security": [
          "max-age=31536000; includeSubDomains"
        ],
        "Cache-Control": [
          "no-cache"
        ],
        "Date": [
          "Thu, 22 Oct 2015 19:26:01 GMT"
        ],
        "Location": [
          "https://api-dogfood.resources.windows-int.net/subscriptions/0353d26d-e338-469a-a87a-bd3507471155/resourcegroups/abarg12990/providers/Microsoft.DataLakeAnalytics/accounts/testaba1957/operationresults/0?api-version=2015-10-01-preview"
        ],
        "Server": [
          "Microsoft-IIS/8.5"
        ],
        "X-AspNet-Version": [
          "4.0.30319"
        ],
        "X-Powered-By": [
          "ASP.NET"
        ]
      },
      "StatusCode": 201
    },
    {
      "RequestUri": "/subscriptions/0353d26d-e338-469a-a87a-bd3507471155/providers/Microsoft.DataLakeAnalytics/locations/WestUS/operationResults/e78641d1-976d-4cc4-8a49-260d7739658c0?api-version=2015-10-01-preview&expanded=true",
      "EncodedRequestUri": "L3N1YnNjcmlwdGlvbnMvMDM1M2QyNmQtZTMzOC00NjlhLWE4N2EtYmQzNTA3NDcxMTU1L3Byb3ZpZGVycy9NaWNyb3NvZnQuRGF0YUxha2VBbmFseXRpY3MvbG9jYXRpb25zL1dlc3RVUy9vcGVyYXRpb25SZXN1bHRzL2U3ODY0MWQxLTk3NmQtNGNjNC04YTQ5LTI2MGQ3NzM5NjU4YzA/YXBpLXZlcnNpb249MjAxNS0xMC0wMS1wcmV2aWV3JmV4cGFuZGVkPXRydWU=",
      "RequestMethod": "GET",
      "RequestBody": "",
      "RequestHeaders": {
        "x-ms-version": [
          "2015-10-01-preview"
        ],
        "User-Agent": [
          "Microsoft.Azure.Management.DataLake.Analytics.DataLakeAnalyticsManagementClient/0.9.0.0"
        ]
      },
      "ResponseBody": "{\r\n  \"status\": \"InProgress\"\r\n}",
      "ResponseHeaders": {
        "Content-Length": [
          "23"
        ],
        "Content-Type": [
          "application/json"
        ],
        "Expires": [
          "-1"
        ],
        "Pragma": [
          "no-cache"
        ],
        "x-ms-request-id": [
          "6dbd7623-8edd-4d69-8cc8-413301394331"
        ],
        "x-ms-ratelimit-remaining-subscription-reads": [
          "14499"
        ],
        "x-ms-correlation-request-id": [
          "85325efe-1d4f-4fe7-b6e0-4e4ebb1e88e0"
        ],
        "x-ms-routing-request-id": [
          "CENTRALUS:20151022T192602Z:85325efe-1d4f-4fe7-b6e0-4e4ebb1e88e0"
        ],
        "Strict-Transport-Security": [
          "max-age=31536000; includeSubDomains"
        ],
        "Cache-Control": [
          "no-cache"
        ],
        "Date": [
          "Thu, 22 Oct 2015 19:26:01 GMT"
        ],
        "Server": [
          "Microsoft-IIS/8.5"
        ],
        "X-AspNet-Version": [
          "4.0.30319"
        ],
        "X-Powered-By": [
          "ASP.NET"
        ]
      },
      "StatusCode": 200
    },
    {
      "RequestUri": "/subscriptions/0353d26d-e338-469a-a87a-bd3507471155/providers/Microsoft.DataLakeAnalytics/locations/WestUS/operationResults/e78641d1-976d-4cc4-8a49-260d7739658c0?api-version=2015-10-01-preview&expanded=true",
      "EncodedRequestUri": "L3N1YnNjcmlwdGlvbnMvMDM1M2QyNmQtZTMzOC00NjlhLWE4N2EtYmQzNTA3NDcxMTU1L3Byb3ZpZGVycy9NaWNyb3NvZnQuRGF0YUxha2VBbmFseXRpY3MvbG9jYXRpb25zL1dlc3RVUy9vcGVyYXRpb25SZXN1bHRzL2U3ODY0MWQxLTk3NmQtNGNjNC04YTQ5LTI2MGQ3NzM5NjU4YzA/YXBpLXZlcnNpb249MjAxNS0xMC0wMS1wcmV2aWV3JmV4cGFuZGVkPXRydWU=",
      "RequestMethod": "GET",
      "RequestBody": "",
      "RequestHeaders": {
        "x-ms-version": [
          "2015-10-01-preview"
        ],
        "User-Agent": [
          "Microsoft.Azure.Management.DataLake.Analytics.DataLakeAnalyticsManagementClient/0.9.0.0"
        ]
      },
      "ResponseBody": "{\r\n  \"status\": \"InProgress\"\r\n}",
      "ResponseHeaders": {
        "Content-Length": [
          "23"
        ],
        "Content-Type": [
          "application/json"
        ],
        "Expires": [
          "-1"
        ],
        "Pragma": [
          "no-cache"
        ],
        "x-ms-request-id": [
          "ef51e434-216d-455b-b678-5478799ceaec"
        ],
        "x-ms-ratelimit-remaining-subscription-reads": [
          "14491"
        ],
        "x-ms-correlation-request-id": [
          "f5b19d43-d1bd-4cec-a68e-3f8f3a530d74"
        ],
        "x-ms-routing-request-id": [
          "CENTRALUS:20151022T192612Z:f5b19d43-d1bd-4cec-a68e-3f8f3a530d74"
        ],
        "Strict-Transport-Security": [
          "max-age=31536000; includeSubDomains"
        ],
        "Cache-Control": [
          "no-cache"
        ],
        "Date": [
          "Thu, 22 Oct 2015 19:26:11 GMT"
        ],
        "Server": [
          "Microsoft-IIS/8.5"
        ],
        "X-AspNet-Version": [
          "4.0.30319"
        ],
        "X-Powered-By": [
          "ASP.NET"
        ]
      },
      "StatusCode": 200
    },
    {
      "RequestUri": "/subscriptions/0353d26d-e338-469a-a87a-bd3507471155/providers/Microsoft.DataLakeAnalytics/locations/WestUS/operationResults/e78641d1-976d-4cc4-8a49-260d7739658c0?api-version=2015-10-01-preview&expanded=true",
      "EncodedRequestUri": "L3N1YnNjcmlwdGlvbnMvMDM1M2QyNmQtZTMzOC00NjlhLWE4N2EtYmQzNTA3NDcxMTU1L3Byb3ZpZGVycy9NaWNyb3NvZnQuRGF0YUxha2VBbmFseXRpY3MvbG9jYXRpb25zL1dlc3RVUy9vcGVyYXRpb25SZXN1bHRzL2U3ODY0MWQxLTk3NmQtNGNjNC04YTQ5LTI2MGQ3NzM5NjU4YzA/YXBpLXZlcnNpb249MjAxNS0xMC0wMS1wcmV2aWV3JmV4cGFuZGVkPXRydWU=",
      "RequestMethod": "GET",
      "RequestBody": "",
      "RequestHeaders": {
        "x-ms-version": [
          "2015-10-01-preview"
        ],
        "User-Agent": [
          "Microsoft.Azure.Management.DataLake.Analytics.DataLakeAnalyticsManagementClient/0.9.0.0"
        ]
      },
      "ResponseBody": "{\r\n  \"status\": \"InProgress\"\r\n}",
      "ResponseHeaders": {
        "Content-Length": [
          "23"
        ],
        "Content-Type": [
          "application/json"
        ],
        "Expires": [
          "-1"
        ],
        "Pragma": [
          "no-cache"
        ],
        "x-ms-request-id": [
          "77f69968-a417-4b0f-803a-13df8aa3e2e3"
        ],
        "x-ms-ratelimit-remaining-subscription-reads": [
          "14486"
        ],
        "x-ms-correlation-request-id": [
          "50da6ae5-bebc-498e-b69c-7a549d9d8a51"
        ],
        "x-ms-routing-request-id": [
          "CENTRALUS:20151022T192627Z:50da6ae5-bebc-498e-b69c-7a549d9d8a51"
        ],
        "Strict-Transport-Security": [
          "max-age=31536000; includeSubDomains"
        ],
        "Cache-Control": [
          "no-cache"
        ],
        "Date": [
          "Thu, 22 Oct 2015 19:26:27 GMT"
        ],
        "Server": [
          "Microsoft-IIS/8.5"
        ],
        "X-AspNet-Version": [
          "4.0.30319"
        ],
        "X-Powered-By": [
          "ASP.NET"
        ]
      },
      "StatusCode": 200
    },
    {
      "RequestUri": "/subscriptions/0353d26d-e338-469a-a87a-bd3507471155/providers/Microsoft.DataLakeAnalytics/locations/WestUS/operationResults/e78641d1-976d-4cc4-8a49-260d7739658c0?api-version=2015-10-01-preview&expanded=true",
      "EncodedRequestUri": "L3N1YnNjcmlwdGlvbnMvMDM1M2QyNmQtZTMzOC00NjlhLWE4N2EtYmQzNTA3NDcxMTU1L3Byb3ZpZGVycy9NaWNyb3NvZnQuRGF0YUxha2VBbmFseXRpY3MvbG9jYXRpb25zL1dlc3RVUy9vcGVyYXRpb25SZXN1bHRzL2U3ODY0MWQxLTk3NmQtNGNjNC04YTQ5LTI2MGQ3NzM5NjU4YzA/YXBpLXZlcnNpb249MjAxNS0xMC0wMS1wcmV2aWV3JmV4cGFuZGVkPXRydWU=",
      "RequestMethod": "GET",
      "RequestBody": "",
      "RequestHeaders": {
        "x-ms-version": [
          "2015-10-01-preview"
        ],
        "User-Agent": [
          "Microsoft.Azure.Management.DataLake.Analytics.DataLakeAnalyticsManagementClient/0.9.0.0"
        ]
      },
      "ResponseBody": "{\r\n  \"status\": \"Succeeded\"\r\n}",
      "ResponseHeaders": {
        "Content-Length": [
          "22"
        ],
        "Content-Type": [
          "application/json"
        ],
        "Expires": [
          "-1"
        ],
        "Pragma": [
          "no-cache"
        ],
        "x-ms-request-id": [
          "49906dfc-4995-4364-9990-bf621144bb81"
        ],
        "x-ms-ratelimit-remaining-subscription-reads": [
          "14483"
        ],
        "x-ms-correlation-request-id": [
          "9c2a327f-42b7-40bb-87ca-0b0eb99fd30b"
        ],
        "x-ms-routing-request-id": [
          "CENTRALUS:20151022T192643Z:9c2a327f-42b7-40bb-87ca-0b0eb99fd30b"
        ],
        "Strict-Transport-Security": [
          "max-age=31536000; includeSubDomains"
        ],
        "Cache-Control": [
          "no-cache"
        ],
        "Date": [
          "Thu, 22 Oct 2015 19:26:43 GMT"
        ],
        "Server": [
          "Microsoft-IIS/8.5"
        ],
        "X-AspNet-Version": [
          "4.0.30319"
        ],
        "X-Powered-By": [
          "ASP.NET"
        ]
      },
      "StatusCode": 200
    },
    {
      "RequestUri": "/subscriptions/0353d26d-e338-469a-a87a-bd3507471155/resourceGroups/abarg12990/providers/Microsoft.DataLakeAnalytics/accounts/testaba1957?api-version=2015-10-01-preview",
      "EncodedRequestUri": "L3N1YnNjcmlwdGlvbnMvMDM1M2QyNmQtZTMzOC00NjlhLWE4N2EtYmQzNTA3NDcxMTU1L3Jlc291cmNlR3JvdXBzL2FiYXJnMTI5OTAvcHJvdmlkZXJzL01pY3Jvc29mdC5EYXRhTGFrZUFuYWx5dGljcy9hY2NvdW50cy90ZXN0YWJhMTk1Nz9hcGktdmVyc2lvbj0yMDE1LTEwLTAxLXByZXZpZXc=",
      "RequestMethod": "DELETE",
      "RequestBody": "",
      "RequestHeaders": {
        "useragent": [
          "Azure SDK - Microsoft.Azure.Management.DataLake.Analytics 0.9.4-preview - PowerShell Client"
        ],
        "User-Agent": [
          "Azure",
          "SDK",
          "-",
          "Microsoft.Azure.Management.DataLake.Analytics",
          "0.9.4-preview",
          "-",
          "PowerShell",
          "Client"
        ]
      },
      "ResponseBody": "",
      "ResponseHeaders": {
        "Content-Length": [
          "0"
        ],
        "Expires": [
          "-1"
        ],
        "Pragma": [
          "no-cache"
        ],
        "x-ms-request-id": [
          "ba86f4e7-8bc1-45a3-ba4e-25aab20ecff5"
        ],
        "x-ms-ratelimit-remaining-subscription-writes": [
          "1119"
        ],
        "x-ms-correlation-request-id": [
          "45561b02-0cf3-4482-992d-1acac7e20083"
        ],
        "x-ms-routing-request-id": [
          "CENTRALUS:20151022T192645Z:45561b02-0cf3-4482-992d-1acac7e20083"
        ],
        "Strict-Transport-Security": [
          "max-age=31536000; includeSubDomains"
        ],
        "Cache-Control": [
          "no-cache"
        ],
        "Date": [
          "Thu, 22 Oct 2015 19:26:45 GMT"
        ],
        "Server": [
          "Microsoft-IIS/8.5"
        ],
        "X-AspNet-Version": [
          "4.0.30319"
        ],
        "X-Powered-By": [
          "ASP.NET"
        ]
      },
      "StatusCode": 200
    }
  ],
  "Names": {},
  "Variables": {
    "SubscriptionId": "0353d26d-e338-469a-a87a-bd3507471155"
  }
}