{
  "Test-AzActionGroup+[NoContext]+CreateExpanded+$POST+https://management.azure.com/subscriptions/9e223dbe-3399-4e19-88eb-0975f02ac87f/resourceGroups/Monitor-ActionGroup/providers/Microsoft.Insights/actionGroups/actiongroupGet/createNotifications?api-version=2023-01-01+1": {
    "Request": {
      "Method": "POST",
      "RequestUri": "https://management.azure.com/subscriptions/9e223dbe-3399-4e19-88eb-0975f02ac87f/resourceGroups/Monitor-ActionGroup/providers/Microsoft.Insights/actionGroups/actiongroupGet/createNotifications?api-version=2023-01-01",
      "Content": "{\r\n  \"alertType\": \"servicehealth\",\r\n  \"emailReceivers\": [\r\n    {\r\n      \"name\": \"emailreceiver1\",\r\n      \"emailAddress\": \"v-jiaji@microsoft.com\"\r\n    },\r\n    {\r\n      \"name\": \"emailreceiver2\",\r\n      \"emailAddress\": \"user@example.com\"\r\n    }\r\n  ]\r\n}",
      "isContentBase64": false,
      "Headers": {
      },
      "ContentHeaders": {
        "Content-Type": [ "application/json" ],
        "Content-Length": [ "249" ]
      }
    },
    "Response": {
      "StatusCode": 202,
      "Headers": {
        "Cache-Control": [ "no-cache" ],
        "Pragma": [ "no-cache" ],
        "Location": [ "https://management.azure.com/subscriptions/9e223dbe-3399-4e19-88eb-0975f02ac87f/resourceGroups/Monitor-ActionGroup/providers/microsoft.insights/actionGroups/actiongroupGet/notificationStatus/11000010774239?api-version=2023-01-01" ],
        "X-ActivityId": [ "4e20e3f9-25e9-4ede-bc65-181a0db43222" ],
        "Access-Control-Expose-Headers": [ "x-activityid" ],
        "Strict-Transport-Security": [ "max-age=31536000; includeSubDomains" ],
        "X-Frame-Options": [ "SAMEORIGIN" ],
        "X-ServedBy": [ "SN1AZNS000001" ],
        "api-supported-versions": [ "2021-09-01, 2022-04-01, 2022-06-01, 2023-01-01, 2023-03-01-preview, 2023-05-01-preview, 2023-05-01, 2023-08-01-preview, 2023-09-01-preview" ],
        "Server": [ "Microsoft-HTTPAPI/2.0" ],
        "x-ms-ratelimit-remaining-subscription-writes": [ "1197" ],
        "x-ms-request-id": [ "72f06d01-fdaf-4e2d-a355-b261f7d6a7c7" ],
        "x-ms-correlation-request-id": [ "72f06d01-fdaf-4e2d-a355-b261f7d6a7c7" ],
        "x-ms-routing-request-id": [ "SOUTHEASTASIA:20231108T053850Z:72f06d01-fdaf-4e2d-a355-b261f7d6a7c7" ],
        "X-Content-Type-Options": [ "nosniff" ],
        "Date": [ "Wed, 08 Nov 2023 05:38:50 GMT" ]
      },
      "ContentHeaders": {
        "Expires": [ "-1" ],
        "Content-Length": [ "0" ]
      },
      "Content": null,
      "isContentBase64": false
    }
  },
  "Test-AzActionGroup+[NoContext]+CreateExpanded+$GET+https://management.azure.com/subscriptions/9e223dbe-3399-4e19-88eb-0975f02ac87f/resourceGroups/Monitor-ActionGroup/providers/microsoft.insights/actionGroups/actiongroupGet/notificationStatus/11000010774239?api-version=2023-01-01+2": {
    "Request": {
      "Method": "GET",
      "RequestUri": "https://management.azure.com/subscriptions/9e223dbe-3399-4e19-88eb-0975f02ac87f/resourceGroups/Monitor-ActionGroup/providers/microsoft.insights/actionGroups/actiongroupGet/notificationStatus/11000010774239?api-version=2023-01-01",
      "Content": null,
      "isContentBase64": false,
      "Headers": {
        "Authorization": [ "[Filtered]" ],
        "x-ms-unique-id": [ "17" ],
        "x-ms-client-request-id": [ "4e20e3f9-25e9-4ede-bc65-181a0db43222" ],
        "CommandName": [ "Az.ActionGroup.internal\\Test-AzActionGroup" ],
        "FullCommandName": [ "Test-AzActionGroup_CreateExpanded" ],
        "ParameterSetName": [ "__AllParameterSets" ],
        "User-Agent": [ "AzurePowershell/v10.1.0", "PSVersion/v7.3.9", "Az.ActionGroup/0.1.0" ]
      },
      "ContentHeaders": {
      }
    },
    "Response": {
      "StatusCode": 202,
      "Headers": {
        "Cache-Control": [ "no-cache" ],
        "Pragma": [ "no-cache" ],
        "X-ActivityId": [ "4e20e3f9-25e9-4ede-bc65-181a0db43222" ],
        "Access-Control-Expose-Headers": [ "x-activityid" ],
        "Strict-Transport-Security": [ "max-age=31536000; includeSubDomains" ],
        "X-Frame-Options": [ "SAMEORIGIN" ],
        "X-ServedBy": [ "SN1AZNS000001" ],
        "api-supported-versions": [ "2021-09-01, 2022-04-01, 2022-06-01, 2023-01-01, 2023-03-01-preview, 2023-05-01-preview, 2023-05-01, 2023-08-01-preview, 2023-09-01-preview" ],
        "Server": [ "Microsoft-HTTPAPI/2.0" ],
        "x-ms-ratelimit-remaining-subscription-reads": [ "11999" ],
        "x-ms-request-id": [ "cc964d76-41ee-4130-a34f-71b227a43610" ],
        "x-ms-correlation-request-id": [ "cc964d76-41ee-4130-a34f-71b227a43610" ],
        "x-ms-routing-request-id": [ "SOUTHEASTASIA:20231108T053921Z:cc964d76-41ee-4130-a34f-71b227a43610" ],
        "X-Content-Type-Options": [ "nosniff" ],
        "Date": [ "Wed, 08 Nov 2023 05:39:21 GMT" ]
      },
      "ContentHeaders": {
        "Content-Length": [ "564" ],
        "Content-Type": [ "application/json; charset=utf-8" ],
        "Expires": [ "-1" ]
      },
      "Content": "{\"context\":{\"notificationSource\":\"Microsoft.Insights/TestNotification\",\"contextType\":\"Microsoft.Insights/ServiceHealth\"},\"state\":\"InProgress\",\"completedTime\":\"0001-01-01T00:00:00+00:00\",\"createdTime\":\"2023-11-08T05:38:50.5790286+00:00\",\"actionDetails\":[{\"MechanismType\":\"Email\",\"Name\":\"emailreceiver1\",\"Status\":\"InProgress\",\"SubState\":\"Default\",\"SendTime\":\"2023-11-08T05:39:00.7436042+00:00\",\"Message\":null},{\"MechanismType\":\"Email\",\"Name\":\"emailreceiver2\",\"Status\":\"InProgress\",\"SubState\":\"Default\",\"SendTime\":\"2023-11-08T05:39:00.7436042+00:00\",\"Message\":null}]}",
      "isContentBase64": false
    }
  },
  "Test-AzActionGroup+[NoContext]+CreateExpanded+$GET+https://management.azure.com/subscriptions/9e223dbe-3399-4e19-88eb-0975f02ac87f/resourceGroups/Monitor-ActionGroup/providers/microsoft.insights/actionGroups/actiongroupGet/notificationStatus/11000010774239?api-version=2023-01-01+3": {
    "Request": {
      "Method": "GET",
      "RequestUri": "https://management.azure.com/subscriptions/9e223dbe-3399-4e19-88eb-0975f02ac87f/resourceGroups/Monitor-ActionGroup/providers/microsoft.insights/actionGroups/actiongroupGet/notificationStatus/11000010774239?api-version=2023-01-01",
      "Content": null,
      "isContentBase64": false,
      "Headers": {
        "Authorization": [ "[Filtered]" ],
        "x-ms-unique-id": [ "18" ],
        "x-ms-client-request-id": [ "4e20e3f9-25e9-4ede-bc65-181a0db43222" ],
        "CommandName": [ "Az.ActionGroup.internal\\Test-AzActionGroup" ],
        "FullCommandName": [ "Test-AzActionGroup_CreateExpanded" ],
        "ParameterSetName": [ "__AllParameterSets" ],
        "User-Agent": [ "AzurePowershell/v10.1.0", "PSVersion/v7.3.9", "Az.ActionGroup/0.1.0" ]
      },
      "ContentHeaders": {
      }
    },
    "Response": {
      "StatusCode": 202,
      "Headers": {
        "Cache-Control": [ "no-cache" ],
        "Pragma": [ "no-cache" ],
        "X-ActivityId": [ "4e20e3f9-25e9-4ede-bc65-181a0db43222" ],
        "Access-Control-Expose-Headers": [ "x-activityid" ],
        "Strict-Transport-Security": [ "max-age=31536000; includeSubDomains" ],
        "X-Frame-Options": [ "SAMEORIGIN" ],
        "X-ServedBy": [ "SN1AZNS000001" ],
        "api-supported-versions": [ "2021-09-01, 2022-04-01, 2022-06-01, 2023-01-01, 2023-03-01-preview, 2023-05-01-preview, 2023-05-01, 2023-08-01-preview, 2023-09-01-preview" ],
        "Server": [ "Microsoft-HTTPAPI/2.0" ],
        "x-ms-ratelimit-remaining-subscription-reads": [ "11998" ],
        "x-ms-request-id": [ "ca0c564b-4d3a-427c-8859-8bd3489a4823" ],
        "x-ms-correlation-request-id": [ "ca0c564b-4d3a-427c-8859-8bd3489a4823" ],
        "x-ms-routing-request-id": [ "SOUTHEASTASIA:20231108T053952Z:ca0c564b-4d3a-427c-8859-8bd3489a4823" ],
        "X-Content-Type-Options": [ "nosniff" ],
        "Date": [ "Wed, 08 Nov 2023 05:39:51 GMT" ]
      },
      "ContentHeaders": {
        "Content-Length": [ "564" ],
        "Content-Type": [ "application/json; charset=utf-8" ],
        "Expires": [ "-1" ]
      },
      "Content": "{\"context\":{\"notificationSource\":\"Microsoft.Insights/TestNotification\",\"contextType\":\"Microsoft.Insights/ServiceHealth\"},\"state\":\"InProgress\",\"completedTime\":\"0001-01-01T00:00:00+00:00\",\"createdTime\":\"2023-11-08T05:38:50.5790286+00:00\",\"actionDetails\":[{\"MechanismType\":\"Email\",\"Name\":\"emailreceiver1\",\"Status\":\"InProgress\",\"SubState\":\"Default\",\"SendTime\":\"2023-11-08T05:39:00.7436042+00:00\",\"Message\":null},{\"MechanismType\":\"Email\",\"Name\":\"emailreceiver2\",\"Status\":\"InProgress\",\"SubState\":\"Default\",\"SendTime\":\"2023-11-08T05:39:00.7436042+00:00\",\"Message\":null}]}",
      "isContentBase64": false
    }
  },
  "Test-AzActionGroup+[NoContext]+CreateExpanded+$GET+https://management.azure.com/subscriptions/9e223dbe-3399-4e19-88eb-0975f02ac87f/resourceGroups/Monitor-ActionGroup/providers/microsoft.insights/actionGroups/actiongroupGet/notificationStatus/11000010774239?api-version=2023-01-01+4": {
    "Request": {
      "Method": "GET",
      "RequestUri": "https://management.azure.com/subscriptions/9e223dbe-3399-4e19-88eb-0975f02ac87f/resourceGroups/Monitor-ActionGroup/providers/microsoft.insights/actionGroups/actiongroupGet/notificationStatus/11000010774239?api-version=2023-01-01",
      "Content": null,
      "isContentBase64": false,
      "Headers": {
        "Authorization": [ "[Filtered]" ],
        "x-ms-unique-id": [ "19" ],
        "x-ms-client-request-id": [ "4e20e3f9-25e9-4ede-bc65-181a0db43222" ],
        "CommandName": [ "Az.ActionGroup.internal\\Test-AzActionGroup" ],
        "FullCommandName": [ "Test-AzActionGroup_CreateExpanded" ],
        "ParameterSetName": [ "__AllParameterSets" ],
        "User-Agent": [ "AzurePowershell/v10.1.0", "PSVersion/v7.3.9", "Az.ActionGroup/0.1.0" ]
      },
      "ContentHeaders": {
      }
    },
    "Response": {
      "StatusCode": 202,
      "Headers": {
        "Cache-Control": [ "no-cache" ],
        "Pragma": [ "no-cache" ],
        "X-ActivityId": [ "4e20e3f9-25e9-4ede-bc65-181a0db43222" ],
        "Access-Control-Expose-Headers": [ "x-activityid" ],
        "Strict-Transport-Security": [ "max-age=31536000; includeSubDomains" ],
        "X-Frame-Options": [ "SAMEORIGIN" ],
        "X-ServedBy": [ "SN1AZNS000001" ],
        "api-supported-versions": [ "2021-09-01, 2022-04-01, 2022-06-01, 2023-01-01, 2023-03-01-preview, 2023-05-01-preview, 2023-05-01, 2023-08-01-preview, 2023-09-01-preview" ],
        "Server": [ "Microsoft-HTTPAPI/2.0" ],
        "x-ms-ratelimit-remaining-subscription-reads": [ "11997" ],
        "x-ms-request-id": [ "c7afd1df-ad02-41e3-98f4-ce448fe2fe2a" ],
        "x-ms-correlation-request-id": [ "c7afd1df-ad02-41e3-98f4-ce448fe2fe2a" ],
        "x-ms-routing-request-id": [ "SOUTHEASTASIA:20231108T054023Z:c7afd1df-ad02-41e3-98f4-ce448fe2fe2a" ],
        "X-Content-Type-Options": [ "nosniff" ],
        "Date": [ "Wed, 08 Nov 2023 05:40:22 GMT" ]
      },
      "ContentHeaders": {
        "Content-Length": [ "564" ],
        "Content-Type": [ "application/json; charset=utf-8" ],
        "Expires": [ "-1" ]
      },
      "Content": "{\"context\":{\"notificationSource\":\"Microsoft.Insights/TestNotification\",\"contextType\":\"Microsoft.Insights/ServiceHealth\"},\"state\":\"InProgress\",\"completedTime\":\"0001-01-01T00:00:00+00:00\",\"createdTime\":\"2023-11-08T05:38:50.5790286+00:00\",\"actionDetails\":[{\"MechanismType\":\"Email\",\"Name\":\"emailreceiver1\",\"Status\":\"InProgress\",\"SubState\":\"Default\",\"SendTime\":\"2023-11-08T05:39:00.7436042+00:00\",\"Message\":null},{\"MechanismType\":\"Email\",\"Name\":\"emailreceiver2\",\"Status\":\"InProgress\",\"SubState\":\"Default\",\"SendTime\":\"2023-11-08T05:39:00.7436042+00:00\",\"Message\":null}]}",
      "isContentBase64": false
    }
  },
  "Test-AzActionGroup+[NoContext]+CreateExpanded+$GET+https://management.azure.com/subscriptions/9e223dbe-3399-4e19-88eb-0975f02ac87f/resourceGroups/Monitor-ActionGroup/providers/microsoft.insights/actionGroups/actiongroupGet/notificationStatus/11000010774239?api-version=2023-01-01+5": {
    "Request": {
      "Method": "GET",
      "RequestUri": "https://management.azure.com/subscriptions/9e223dbe-3399-4e19-88eb-0975f02ac87f/resourceGroups/Monitor-ActionGroup/providers/microsoft.insights/actionGroups/actiongroupGet/notificationStatus/11000010774239?api-version=2023-01-01",
      "Content": null,
      "isContentBase64": false,
      "Headers": {
        "Authorization": [ "[Filtered]" ],
        "x-ms-unique-id": [ "20" ],
        "x-ms-client-request-id": [ "4e20e3f9-25e9-4ede-bc65-181a0db43222" ],
        "CommandName": [ "Az.ActionGroup.internal\\Test-AzActionGroup" ],
        "FullCommandName": [ "Test-AzActionGroup_CreateExpanded" ],
        "ParameterSetName": [ "__AllParameterSets" ],
        "User-Agent": [ "AzurePowershell/v10.1.0", "PSVersion/v7.3.9", "Az.ActionGroup/0.1.0" ]
      },
      "ContentHeaders": {
      }
    },
    "Response": {
      "StatusCode": 200,
      "Headers": {
        "Cache-Control": [ "no-cache" ],
        "Pragma": [ "no-cache" ],
        "X-ActivityId": [ "4e20e3f9-25e9-4ede-bc65-181a0db43222" ],
        "Access-Control-Expose-Headers": [ "x-activityid" ],
        "Strict-Transport-Security": [ "max-age=31536000; includeSubDomains" ],
        "X-Frame-Options": [ "SAMEORIGIN" ],
        "X-ServedBy": [ "SN1AZNS000001" ],
        "api-supported-versions": [ "2021-09-01, 2022-04-01, 2022-06-01, 2023-01-01, 2023-03-01-preview, 2023-05-01-preview, 2023-05-01, 2023-08-01-preview, 2023-09-01-preview" ],
        "Server": [ "Microsoft-HTTPAPI/2.0" ],
        "x-ms-ratelimit-remaining-subscription-reads": [ "11996" ],
        "x-ms-request-id": [ "34959468-ab08-4b95-af03-51b3c2cc6e16" ],
        "x-ms-correlation-request-id": [ "34959468-ab08-4b95-af03-51b3c2cc6e16" ],
        "x-ms-routing-request-id": [ "SOUTHEASTASIA:20231108T054053Z:34959468-ab08-4b95-af03-51b3c2cc6e16" ],
        "X-Content-Type-Options": [ "nosniff" ],
        "Date": [ "Wed, 08 Nov 2023 05:40:53 GMT" ]
      },
      "ContentHeaders": {
        "Content-Length": [ "566" ],
        "Content-Type": [ "application/json; charset=utf-8" ],
        "Expires": [ "-1" ]
      },
      "Content": "{\"context\":{\"notificationSource\":\"Microsoft.Insights/TestNotification\",\"contextType\":\"Microsoft.Insights/ServiceHealth\"},\"state\":\"Complete\",\"completedTime\":\"2023-11-08T05:40:36.83421+00:00\",\"createdTime\":\"2023-11-08T05:38:50.5790286+00:00\",\"actionDetails\":[{\"MechanismType\":\"Email\",\"Name\":\"emailreceiver2\",\"Status\":\"Succeeded\",\"SubState\":\"Default\",\"SendTime\":\"2023-11-08T05:39:00.7436042+00:00\",\"Message\":null},{\"MechanismType\":\"Email\",\"Name\":\"emailreceiver1\",\"Status\":\"Succeeded\",\"SubState\":\"Default\",\"SendTime\":\"2023-11-08T05:39:00.7436042+00:00\",\"Message\":null}]}",
      "isContentBase64": false
    }
  },
  "Test-AzActionGroup+[NoContext]+CreateViaIdentityExpanded+$GET+https://management.azure.com/subscriptions/9e223dbe-3399-4e19-88eb-0975f02ac87f/resourceGroups/Monitor-ActionGroup/providers/Microsoft.Insights/actionGroups/actiongroupGet?api-version=2023-01-01+1": {
    "Request": {
      "Method": "GET",
      "RequestUri": "https://management.azure.com/subscriptions/9e223dbe-3399-4e19-88eb-0975f02ac87f/resourceGroups/Monitor-ActionGroup/providers/Microsoft.Insights/actionGroups/actiongroupGet?api-version=2023-01-01",
      "Content": null,
      "isContentBase64": false,
      "Headers": {
        "x-ms-unique-id": [ "21" ],
        "x-ms-client-request-id": [ "9b1c59e9-2541-4954-bf4b-2e93dab01a4e" ],
        "CommandName": [ "Get-AzActionGroup" ],
        "FullCommandName": [ "Get-AzActionGroup_Get" ],
        "ParameterSetName": [ "__AllParameterSets" ],
        "User-Agent": [ "AzurePowershell/v10.1.0", "PSVersion/v7.3.9", "Az.ActionGroup/0.1.0" ],
        "Authorization": [ "[Filtered]" ]
      },
      "ContentHeaders": {
      }
    },
    "Response": {
      "StatusCode": 200,
      "Headers": {
        "Cache-Control": [ "no-cache" ],
        "Pragma": [ "no-cache" ],
        "X-ActivityId": [ "9b1c59e9-2541-4954-bf4b-2e93dab01a4e" ],
        "Access-Control-Expose-Headers": [ "x-activityid" ],
        "Strict-Transport-Security": [ "max-age=31536000; includeSubDomains" ],
        "X-Frame-Options": [ "SAMEORIGIN" ],
        "X-ServedBy": [ "SN1AZNS000001" ],
        "api-supported-versions": [ "2016-09-01-preview, 2017-03-01-preview, 2017-04-01, 2018-03-01, 2018-09-01, 2019-03-01, 2019-06-01, 2021-09-01, 2022-04-01, 2022-06-01, 2023-01-01, 2023-03-01-preview, 2023-05-01-preview, 2023-05-01, 2023-08-01-preview, 2023-09-01-preview" ],
        "Server": [ "Microsoft-HTTPAPI/2.0" ],
        "x-ms-ratelimit-remaining-subscription-resource-requests": [ "243" ],
        "x-ms-request-id": [ "ea9f9846-ae49-485d-be44-7737a31e21f2" ],
        "x-ms-correlation-request-id": [ "ea9f9846-ae49-485d-be44-7737a31e21f2" ],
        "x-ms-routing-request-id": [ "SOUTHEASTASIA:20231108T054054Z:ea9f9846-ae49-485d-be44-7737a31e21f2" ],
        "X-Content-Type-Options": [ "nosniff" ],
        "Date": [ "Wed, 08 Nov 2023 05:40:54 GMT" ]
      },
      "ContentHeaders": {
        "Content-Length": [ "777" ],
        "Content-Type": [ "application/json; charset=utf-8" ],
        "Expires": [ "-1" ]
      },
      "Content": "{\"id\":\"/subscriptions/9E223DBE-3399-4E19-88EB-0975F02AC87F/resourceGroups/Monitor-ActionGroup/providers/microsoft.insights/actionGroups/actiongroupGet\",\"type\":\"Microsoft.Insights/ActionGroups\",\"name\":\"actiongroupGet\",\"location\":\"southcentralus\",\"kind\":null,\"tags\":null,\"properties\":{\"groupShortName\":\"ag1\",\"enabled\":false,\"emailReceivers\":[{\"name\":\"emailreceiver1\",\"emailAddress\":\"v-jiaji@microsoft.com\",\"useCommonAlertSchema\":false,\"status\":\"Enabled\"}],\"smsReceivers\":[{\"name\":\"smsreceiver\",\"countryCode\":\"86\",\"phoneNumber\":\"18964587446\",\"status\":\"Enabled\"}],\"webhookReceivers\":[],\"eventHubReceivers\":[],\"itsmReceivers\":[],\"azureAppPushReceivers\":[],\"automationRunbookReceivers\":[],\"voiceReceivers\":[],\"logicAppReceivers\":[],\"azureFunctionReceivers\":[],\"armRoleReceivers\":[]}}",
      "isContentBase64": false
    }
  },
  "Test-AzActionGroup+[NoContext]+CreateViaIdentityExpanded+$POST+https://management.azure.com/subscriptions/9E223DBE-3399-4E19-88EB-0975F02AC87F/resourceGroups/Monitor-ActionGroup/providers/Microsoft.Insights/actionGroups/actiongroupGet/createNotifications?api-version=2023-01-01+2": {
    "Request": {
      "Method": "POST",
      "RequestUri": "https://management.azure.com/subscriptions/9E223DBE-3399-4E19-88EB-0975F02AC87F/resourceGroups/Monitor-ActionGroup/providers/Microsoft.Insights/actionGroups/actiongroupGet/createNotifications?api-version=2023-01-01",
      "Content": "{\r\n  \"alertType\": \"servicehealth\",\r\n  \"emailReceivers\": [\r\n    {\r\n      \"name\": \"emailreceiver1\",\r\n      \"emailAddress\": \"v-jiaji@microsoft.com\"\r\n    }\r\n  ],\r\n  \"smsReceivers\": [\r\n    {\r\n      \"name\": \"smsreceiver\",\r\n      \"countryCode\": \"86\",\r\n      \"phoneNumber\": \"18964587446\"\r\n    }\r\n  ]\r\n}",
      "isContentBase64": false,
      "Headers": {
      },
      "ContentHeaders": {
        "Content-Type": [ "application/json" ],
        "Content-Length": [ "294" ]
      }
    },
    "Response": {
      "StatusCode": 202,
      "Headers": {
        "Cache-Control": [ "no-cache" ],
        "Pragma": [ "no-cache" ],
        "Location": [ "https://management.azure.com/subscriptions/9E223DBE-3399-4E19-88EB-0975F02AC87F/resourceGroups/Monitor-ActionGroup/providers/microsoft.insights/actionGroups/actiongroupGet/notificationStatus/11000010774687?api-version=2023-01-01" ],
        "X-ActivityId": [ "1bcdf092-2176-4f42-b624-ec4a1d28c8b0" ],
        "Access-Control-Expose-Headers": [ "x-activityid" ],
        "Strict-Transport-Security": [ "max-age=31536000; includeSubDomains" ],
        "X-Frame-Options": [ "SAMEORIGIN" ],
        "X-ServedBy": [ "SN1AZNS000001" ],
        "api-supported-versions": [ "2021-09-01, 2022-04-01, 2022-06-01, 2023-01-01, 2023-03-01-preview, 2023-05-01-preview, 2023-05-01, 2023-08-01-preview, 2023-09-01-preview" ],
        "Server": [ "Microsoft-HTTPAPI/2.0" ],
        "x-ms-ratelimit-remaining-subscription-writes": [ "1196" ],
        "x-ms-request-id": [ "9b8e99ae-d9bb-483e-8cb5-f09070e0eb44" ],
        "x-ms-correlation-request-id": [ "9b8e99ae-d9bb-483e-8cb5-f09070e0eb44" ],
        "x-ms-routing-request-id": [ "SOUTHEASTASIA:20231108T054055Z:9b8e99ae-d9bb-483e-8cb5-f09070e0eb44" ],
        "X-Content-Type-Options": [ "nosniff" ],
        "Date": [ "Wed, 08 Nov 2023 05:40:55 GMT" ]
      },
      "ContentHeaders": {
        "Expires": [ "-1" ],
        "Content-Length": [ "0" ]
      },
      "Content": null,
      "isContentBase64": false
    }
  },
  "Test-AzActionGroup+[NoContext]+CreateViaIdentityExpanded+$GET+https://management.azure.com/subscriptions/9E223DBE-3399-4E19-88EB-0975F02AC87F/resourceGroups/Monitor-ActionGroup/providers/microsoft.insights/actionGroups/actiongroupGet/notificationStatus/11000010774687?api-version=2023-01-01+3": {
    "Request": {
      "Method": "GET",
      "RequestUri": "https://management.azure.com/subscriptions/9E223DBE-3399-4E19-88EB-0975F02AC87F/resourceGroups/Monitor-ActionGroup/providers/microsoft.insights/actionGroups/actiongroupGet/notificationStatus/11000010774687?api-version=2023-01-01",
      "Content": null,
      "isContentBase64": false,
      "Headers": {
        "Authorization": [ "[Filtered]" ],
        "x-ms-unique-id": [ "23" ],
        "x-ms-client-request-id": [ "1bcdf092-2176-4f42-b624-ec4a1d28c8b0" ],
        "CommandName": [ "Az.ActionGroup.internal\\Test-AzActionGroup" ],
        "FullCommandName": [ "Test-AzActionGroup_CreateViaIdentityExpanded" ],
        "ParameterSetName": [ "__AllParameterSets" ],
        "User-Agent": [ "AzurePowershell/v10.1.0", "PSVersion/v7.3.9", "Az.ActionGroup/0.1.0" ]
      },
      "ContentHeaders": {
      }
    },
    "Response": {
      "StatusCode": 202,
      "Headers": {
        "Cache-Control": [ "no-cache" ],
        "Pragma": [ "no-cache" ],
        "X-ActivityId": [ "1bcdf092-2176-4f42-b624-ec4a1d28c8b0" ],
        "Access-Control-Expose-Headers": [ "x-activityid" ],
        "Strict-Transport-Security": [ "max-age=31536000; includeSubDomains" ],
        "X-Frame-Options": [ "SAMEORIGIN" ],
        "X-ServedBy": [ "SN1AZNS000001" ],
        "api-supported-versions": [ "2021-09-01, 2022-04-01, 2022-06-01, 2023-01-01, 2023-03-01-preview, 2023-05-01-preview, 2023-05-01, 2023-08-01-preview, 2023-09-01-preview" ],
        "Server": [ "Microsoft-HTTPAPI/2.0" ],
        "x-ms-ratelimit-remaining-subscription-reads": [ "11995" ],
        "x-ms-request-id": [ "5e389568-3cd0-4eb2-9bab-4398de461ab5" ],
        "x-ms-correlation-request-id": [ "5e389568-3cd0-4eb2-9bab-4398de461ab5" ],
        "x-ms-routing-request-id": [ "SOUTHEASTASIA:20231108T054126Z:5e389568-3cd0-4eb2-9bab-4398de461ab5" ],
        "X-Content-Type-Options": [ "nosniff" ],
        "Date": [ "Wed, 08 Nov 2023 05:41:25 GMT" ]
      },
      "ContentHeaders": {
        "Content-Length": [ "558" ],
        "Content-Type": [ "application/json; charset=utf-8" ],
        "Expires": [ "-1" ]
      },
      "Content": "{\"context\":{\"notificationSource\":\"Microsoft.Insights/TestNotification\",\"contextType\":\"Microsoft.Insights/ServiceHealth\"},\"state\":\"InProgress\",\"completedTime\":\"0001-01-01T00:00:00+00:00\",\"createdTime\":\"2023-11-08T05:40:54.9901662+00:00\",\"actionDetails\":[{\"MechanismType\":\"Email\",\"Name\":\"emailreceiver1\",\"Status\":\"InProgress\",\"SubState\":\"Default\",\"SendTime\":\"2023-11-08T05:41:00.8749313+00:00\",\"Message\":null},{\"MechanismType\":\"Sms\",\"Name\":\"smsreceiver\",\"Status\":\"Succeeded\",\"SubState\":\"Default\",\"SendTime\":\"2023-11-08T05:40:57.1860104+00:00\",\"Message\":null}]}",
      "isContentBase64": false
    }
  },
  "Test-AzActionGroup+[NoContext]+CreateViaIdentityExpanded+$GET+https://management.azure.com/subscriptions/9E223DBE-3399-4E19-88EB-0975F02AC87F/resourceGroups/Monitor-ActionGroup/providers/microsoft.insights/actionGroups/actiongroupGet/notificationStatus/11000010774687?api-version=2023-01-01+4": {
    "Request": {
      "Method": "GET",
      "RequestUri": "https://management.azure.com/subscriptions/9E223DBE-3399-4E19-88EB-0975F02AC87F/resourceGroups/Monitor-ActionGroup/providers/microsoft.insights/actionGroups/actiongroupGet/notificationStatus/11000010774687?api-version=2023-01-01",
      "Content": null,
      "isContentBase64": false,
      "Headers": {
        "Authorization": [ "[Filtered]" ],
        "x-ms-unique-id": [ "24" ],
        "x-ms-client-request-id": [ "1bcdf092-2176-4f42-b624-ec4a1d28c8b0" ],
        "CommandName": [ "Az.ActionGroup.internal\\Test-AzActionGroup" ],
        "FullCommandName": [ "Test-AzActionGroup_CreateViaIdentityExpanded" ],
        "ParameterSetName": [ "__AllParameterSets" ],
        "User-Agent": [ "AzurePowershell/v10.1.0", "PSVersion/v7.3.9", "Az.ActionGroup/0.1.0" ]
      },
      "ContentHeaders": {
      }
    },
    "Response": {
      "StatusCode": 202,
      "Headers": {
        "Cache-Control": [ "no-cache" ],
        "Pragma": [ "no-cache" ],
        "X-ActivityId": [ "1bcdf092-2176-4f42-b624-ec4a1d28c8b0" ],
        "Access-Control-Expose-Headers": [ "x-activityid" ],
        "Strict-Transport-Security": [ "max-age=31536000; includeSubDomains" ],
        "X-Frame-Options": [ "SAMEORIGIN" ],
        "X-ServedBy": [ "SN1AZNS000001" ],
        "api-supported-versions": [ "2021-09-01, 2022-04-01, 2022-06-01, 2023-01-01, 2023-03-01-preview, 2023-05-01-preview, 2023-05-01, 2023-08-01-preview, 2023-09-01-preview" ],
        "Server": [ "Microsoft-HTTPAPI/2.0" ],
        "x-ms-ratelimit-remaining-subscription-reads": [ "11994" ],
        "x-ms-request-id": [ "a907b341-4b81-4c79-b5de-473f074aaf78" ],
        "x-ms-correlation-request-id": [ "a907b341-4b81-4c79-b5de-473f074aaf78" ],
        "x-ms-routing-request-id": [ "SOUTHEASTASIA:20231108T054156Z:a907b341-4b81-4c79-b5de-473f074aaf78" ],
        "X-Content-Type-Options": [ "nosniff" ],
        "Date": [ "Wed, 08 Nov 2023 05:41:56 GMT" ]
      },
      "ContentHeaders": {
        "Content-Length": [ "558" ],
        "Content-Type": [ "application/json; charset=utf-8" ],
        "Expires": [ "-1" ]
      },
      "Content": "{\"context\":{\"notificationSource\":\"Microsoft.Insights/TestNotification\",\"contextType\":\"Microsoft.Insights/ServiceHealth\"},\"state\":\"InProgress\",\"completedTime\":\"0001-01-01T00:00:00+00:00\",\"createdTime\":\"2023-11-08T05:40:54.9901662+00:00\",\"actionDetails\":[{\"MechanismType\":\"Email\",\"Name\":\"emailreceiver1\",\"Status\":\"InProgress\",\"SubState\":\"Default\",\"SendTime\":\"2023-11-08T05:41:00.8749313+00:00\",\"Message\":null},{\"MechanismType\":\"Sms\",\"Name\":\"smsreceiver\",\"Status\":\"Succeeded\",\"SubState\":\"Default\",\"SendTime\":\"2023-11-08T05:40:57.1860104+00:00\",\"Message\":null}]}",
      "isContentBase64": false
    }
  },
  "Test-AzActionGroup+[NoContext]+CreateViaIdentityExpanded+$GET+https://management.azure.com/subscriptions/9E223DBE-3399-4E19-88EB-0975F02AC87F/resourceGroups/Monitor-ActionGroup/providers/microsoft.insights/actionGroups/actiongroupGet/notificationStatus/11000010774687?api-version=2023-01-01+5": {
    "Request": {
      "Method": "GET",
      "RequestUri": "https://management.azure.com/subscriptions/9E223DBE-3399-4E19-88EB-0975F02AC87F/resourceGroups/Monitor-ActionGroup/providers/microsoft.insights/actionGroups/actiongroupGet/notificationStatus/11000010774687?api-version=2023-01-01",
      "Content": null,
      "isContentBase64": false,
      "Headers": {
        "Authorization": [ "[Filtered]" ],
        "x-ms-unique-id": [ "25" ],
        "x-ms-client-request-id": [ "1bcdf092-2176-4f42-b624-ec4a1d28c8b0" ],
        "CommandName": [ "Az.ActionGroup.internal\\Test-AzActionGroup" ],
        "FullCommandName": [ "Test-AzActionGroup_CreateViaIdentityExpanded" ],
        "ParameterSetName": [ "__AllParameterSets" ],
        "User-Agent": [ "AzurePowershell/v10.1.0", "PSVersion/v7.3.9", "Az.ActionGroup/0.1.0" ]
      },
      "ContentHeaders": {
      }
    },
    "Response": {
      "StatusCode": 202,
      "Headers": {
        "Cache-Control": [ "no-cache" ],
        "Pragma": [ "no-cache" ],
        "X-ActivityId": [ "1bcdf092-2176-4f42-b624-ec4a1d28c8b0" ],
        "Access-Control-Expose-Headers": [ "x-activityid" ],
        "Strict-Transport-Security": [ "max-age=31536000; includeSubDomains" ],
        "X-Frame-Options": [ "SAMEORIGIN" ],
        "X-ServedBy": [ "SN1AZNS000001" ],
        "api-supported-versions": [ "2021-09-01, 2022-04-01, 2022-06-01, 2023-01-01, 2023-03-01-preview, 2023-05-01-preview, 2023-05-01, 2023-08-01-preview, 2023-09-01-preview" ],
        "Server": [ "Microsoft-HTTPAPI/2.0" ],
        "x-ms-ratelimit-remaining-subscription-reads": [ "11993" ],
        "x-ms-request-id": [ "6cd04047-c67e-45b5-b9d9-b05785441f9a" ],
        "x-ms-correlation-request-id": [ "6cd04047-c67e-45b5-b9d9-b05785441f9a" ],
        "x-ms-routing-request-id": [ "SOUTHEASTASIA:20231108T054227Z:6cd04047-c67e-45b5-b9d9-b05785441f9a" ],
        "X-Content-Type-Options": [ "nosniff" ],
        "Date": [ "Wed, 08 Nov 2023 05:42:26 GMT" ]
      },
      "ContentHeaders": {
        "Content-Length": [ "558" ],
        "Content-Type": [ "application/json; charset=utf-8" ],
        "Expires": [ "-1" ]
      },
      "Content": "{\"context\":{\"notificationSource\":\"Microsoft.Insights/TestNotification\",\"contextType\":\"Microsoft.Insights/ServiceHealth\"},\"state\":\"InProgress\",\"completedTime\":\"0001-01-01T00:00:00+00:00\",\"createdTime\":\"2023-11-08T05:40:54.9901662+00:00\",\"actionDetails\":[{\"MechanismType\":\"Email\",\"Name\":\"emailreceiver1\",\"Status\":\"InProgress\",\"SubState\":\"Default\",\"SendTime\":\"2023-11-08T05:41:00.8749313+00:00\",\"Message\":null},{\"MechanismType\":\"Sms\",\"Name\":\"smsreceiver\",\"Status\":\"Succeeded\",\"SubState\":\"Default\",\"SendTime\":\"2023-11-08T05:40:57.1860104+00:00\",\"Message\":null}]}",
      "isContentBase64": false
    }
  },
  "Test-AzActionGroup+[NoContext]+CreateViaIdentityExpanded+$GET+https://management.azure.com/subscriptions/9E223DBE-3399-4E19-88EB-0975F02AC87F/resourceGroups/Monitor-ActionGroup/providers/microsoft.insights/actionGroups/actiongroupGet/notificationStatus/11000010774687?api-version=2023-01-01+6": {
    "Request": {
      "Method": "GET",
      "RequestUri": "https://management.azure.com/subscriptions/9E223DBE-3399-4E19-88EB-0975F02AC87F/resourceGroups/Monitor-ActionGroup/providers/microsoft.insights/actionGroups/actiongroupGet/notificationStatus/11000010774687?api-version=2023-01-01",
      "Content": null,
      "isContentBase64": false,
      "Headers": {
        "Authorization": [ "[Filtered]" ],
        "x-ms-unique-id": [ "26" ],
        "x-ms-client-request-id": [ "1bcdf092-2176-4f42-b624-ec4a1d28c8b0" ],
        "CommandName": [ "Az.ActionGroup.internal\\Test-AzActionGroup" ],
        "FullCommandName": [ "Test-AzActionGroup_CreateViaIdentityExpanded" ],
        "ParameterSetName": [ "__AllParameterSets" ],
        "User-Agent": [ "AzurePowershell/v10.1.0", "PSVersion/v7.3.9", "Az.ActionGroup/0.1.0" ]
      },
      "ContentHeaders": {
      }
    },
    "Response": {
      "StatusCode": 200,
      "Headers": {
        "Cache-Control": [ "no-cache" ],
        "Pragma": [ "no-cache" ],
        "X-ActivityId": [ "1bcdf092-2176-4f42-b624-ec4a1d28c8b0" ],
        "Access-Control-Expose-Headers": [ "x-activityid" ],
        "Strict-Transport-Security": [ "max-age=31536000; includeSubDomains" ],
        "X-Frame-Options": [ "SAMEORIGIN" ],
        "X-ServedBy": [ "SN1AZNS000001" ],
        "api-supported-versions": [ "2021-09-01, 2022-04-01, 2022-06-01, 2023-01-01, 2023-03-01-preview, 2023-05-01-preview, 2023-05-01, 2023-08-01-preview, 2023-09-01-preview" ],
        "Server": [ "Microsoft-HTTPAPI/2.0" ],
        "x-ms-ratelimit-remaining-subscription-reads": [ "11992" ],
        "x-ms-request-id": [ "6d87371d-5cbe-4180-8467-81f3897e4108" ],
        "x-ms-correlation-request-id": [ "6d87371d-5cbe-4180-8467-81f3897e4108" ],
        "x-ms-routing-request-id": [ "SOUTHEASTASIA:20231108T054258Z:6d87371d-5cbe-4180-8467-81f3897e4108" ],
        "X-Content-Type-Options": [ "nosniff" ],
        "Date": [ "Wed, 08 Nov 2023 05:42:57 GMT" ]
      },
      "ContentHeaders": {
        "Content-Length": [ "563" ],
        "Content-Type": [ "application/json; charset=utf-8" ],
        "Expires": [ "-1" ]
      },
      "Content": "{\"context\":{\"notificationSource\":\"Microsoft.Insights/TestNotification\",\"contextType\":\"Microsoft.Insights/ServiceHealth\"},\"state\":\"Complete\",\"completedTime\":\"2023-11-08T05:42:36.9173926+00:00\",\"createdTime\":\"2023-11-08T05:40:54.9901662+00:00\",\"actionDetails\":[{\"MechanismType\":\"Email\",\"Name\":\"emailreceiver1\",\"Status\":\"Succeeded\",\"SubState\":\"Default\",\"SendTime\":\"2023-11-08T05:41:00.8749313+00:00\",\"Message\":null},{\"MechanismType\":\"Sms\",\"Name\":\"smsreceiver\",\"Status\":\"Succeeded\",\"SubState\":\"Default\",\"SendTime\":\"2023-11-08T05:40:57.1860104+00:00\",\"Message\":null}]}",
      "isContentBase64": false
    }
  }
}