{
  "Entries": [
    {
      "RequestUri": "/subscriptions/c9cbd920-c00c-427c-852b-8aaf38badaeb/providers/Microsoft.Compute?api-version=2016-02-01",
      "EncodedRequestUri": "L3N1YnNjcmlwdGlvbnMvYzljYmQ5MjAtYzAwYy00MjdjLTg1MmItOGFhZjM4YmFkYWViL3Byb3ZpZGVycy9NaWNyb3NvZnQuQ29tcHV0ZT9hcGktdmVyc2lvbj0yMDE2LTAyLTAx",
      "RequestMethod": "GET",
      "RequestBody": "",
      "RequestHeaders": {
        "User-Agent": [
          "Microsoft.Azure.Management.Resources.ResourceManagementClient/2.0.0.0"
        ]
      },
      "ResponseBody": "{\r\n  \"id\": \"/subscriptions/c9cbd920-c00c-427c-852b-8aaf38badaeb/providers/Microsoft.Compute\",\r\n  \"namespace\": \"Microsoft.Compute\",\r\n  \"authorizations\": [\r\n    {\r\n      \"applicationId\": \"60e6cd67-9c8c-4951-9b3c-23c25a2169af\",\r\n      \"roleDefinitionId\": \"e4770acb-272e-4dc8-87f3-12f44a612224\"\r\n    },\r\n    {\r\n      \"applicationId\": \"a303894e-f1d8-4a37-bf10-67aa654a0596\",\r\n      \"roleDefinitionId\": \"903ac751-8ad5-4e5a-bfc2-5e49f450a241\"\r\n    },\r\n    {\r\n      \"applicationId\": \"a8b6bf88-1d1a-4626-b040-9a729ea93c65\",\r\n      \"roleDefinitionId\": \"45c8267c-80ba-4b96-9a43-115b8f49fccd\"\r\n    }\r\n  ],\r\n  \"resourceTypes\": [\r\n    {\r\n      \"resourceType\": \"availabilitySets\",\r\n      \"locations\": [\r\n        \"East US\",\r\n        \"East US 2\",\r\n        \"West US\",\r\n        \"Central US\",\r\n        \"North Central US\",\r\n        \"South Central US\",\r\n        \"North Europe\",\r\n        \"West Europe\",\r\n        \"East Asia\",\r\n        \"Southeast Asia\",\r\n        \"Japan East\",\r\n        \"Japan West\",\r\n        \"Australia East\",\r\n        \"Australia Southeast\",\r\n        \"Brazil South\",\r\n        \"South India\",\r\n        \"Central India\",\r\n        \"West India\",\r\n        \"Canada Central\",\r\n        \"Canada East\",\r\n        \"West US 2\",\r\n        \"West Central US\",\r\n        \"UK South\",\r\n        \"UK West\",\r\n        \"Korea Central\",\r\n        \"Korea South\",\r\n        \"France Central\"\r\n      ],\r\n      \"apiVersions\": [\r\n        \"2017-12-01\",\r\n        \"2017-03-30\",\r\n        \"2016-08-30\",\r\n        \"2016-04-30-preview\",\r\n        \"2016-03-30\",\r\n        \"2015-06-15\",\r\n        \"2015-05-01-preview\"\r\n      ],\r\n      \"capabilities\": \"CrossResourceGroupResourceMove, CrossSubscriptionResourceMove\"\r\n    },\r\n    {\r\n      \"resourceType\": \"virtualMachines\",\r\n      \"locations\": [\r\n        \"East US\",\r\n        \"East US 2\",\r\n        \"West US\",\r\n        \"Central US\",\r\n        \"North Central US\",\r\n        \"South Central US\",\r\n        \"West Europe\",\r\n        \"East Asia\",\r\n        \"Southeast Asia\",\r\n        \"Japan East\",\r\n        \"Japan West\",\r\n        \"Australia East\",\r\n        \"Australia Southeast\",\r\n        \"Brazil South\",\r\n        \"South India\",\r\n        \"Central India\",\r\n        \"West India\",\r\n        \"Canada Central\",\r\n        \"Canada East\",\r\n        \"West US 2\",\r\n        \"West Central US\",\r\n        \"UK South\",\r\n        \"UK West\",\r\n        \"Korea Central\",\r\n        \"Korea South\",\r\n        \"France Central\",\r\n        \"North Europe\"\r\n      ],\r\n      \"apiVersions\": [\r\n        \"2017-12-01\",\r\n        \"2017-03-30\",\r\n        \"2016-08-30\",\r\n        \"2016-04-30-preview\",\r\n        \"2016-03-30\",\r\n        \"2015-06-15\",\r\n        \"2015-05-01-preview\"\r\n      ],\r\n      \"capabilities\": \"CrossResourceGroupResourceMove, CrossSubscriptionResourceMove, SystemAssignedResourceIdentity\"\r\n    },\r\n    {\r\n      \"resourceType\": \"virtualMachines/extensions\",\r\n      \"locations\": [\r\n        \"East US\",\r\n        \"East US 2\",\r\n        \"West US\",\r\n        \"Central US\",\r\n        \"North Central US\",\r\n        \"South Central US\",\r\n        \"North Europe\",\r\n        \"West Europe\",\r\n        \"East Asia\",\r\n        \"Southeast Asia\",\r\n        \"Japan East\",\r\n        \"Japan West\",\r\n        \"Australia East\",\r\n        \"Australia Southeast\",\r\n        \"Brazil South\",\r\n        \"South India\",\r\n        \"Central India\",\r\n        \"West India\",\r\n        \"Canada Central\",\r\n        \"Canada East\",\r\n        \"West US 2\",\r\n        \"West Central US\",\r\n        \"UK South\",\r\n        \"UK West\",\r\n        \"Korea Central\",\r\n        \"Korea South\",\r\n        \"France Central\"\r\n      ],\r\n      \"apiVersions\": [\r\n        \"2017-12-01\",\r\n        \"2017-03-30\",\r\n        \"2016-08-30\",\r\n        \"2016-04-30-preview\",\r\n        \"2016-03-30\",\r\n        \"2015-06-15\",\r\n        \"2015-05-01-preview\"\r\n      ],\r\n      \"capabilities\": \"CrossResourceGroupResourceMove, CrossSubscriptionResourceMove\"\r\n    },\r\n    {\r\n      \"resourceType\": \"virtualMachineScaleSets\",\r\n      \"locations\": [\r\n        \"East US\",\r\n        \"East US 2\",\r\n        \"West US\",\r\n        \"Central US\",\r\n        \"North Central US\",\r\n        \"South Central US\",\r\n        \"West Europe\",\r\n        \"East Asia\",\r\n        \"Southeast Asia\",\r\n        \"Japan East\",\r\n        \"Japan West\",\r\n        \"Australia East\",\r\n        \"Australia Southeast\",\r\n        \"Brazil South\",\r\n        \"South India\",\r\n        \"Central India\",\r\n        \"West India\",\r\n        \"Canada Central\",\r\n        \"Canada East\",\r\n        \"West US 2\",\r\n        \"West Central US\",\r\n        \"UK South\",\r\n        \"UK West\",\r\n        \"Korea Central\",\r\n        \"Korea South\",\r\n        \"France Central\",\r\n        \"North Europe\"\r\n      ],\r\n      \"apiVersions\": [\r\n        \"2017-12-01\",\r\n        \"2017-10-30-preview\",\r\n        \"2017-03-30\",\r\n        \"2016-08-30\",\r\n        \"2016-04-30-preview\",\r\n        \"2016-03-30\",\r\n        \"2015-06-15\",\r\n        \"2015-05-01-preview\"\r\n      ],\r\n      \"capabilities\": \"CrossResourceGroupResourceMove, CrossSubscriptionResourceMove, SystemAssignedResourceIdentity\"\r\n    },\r\n    {\r\n      \"resourceType\": \"virtualMachineScaleSets/extensions\",\r\n      \"locations\": [\r\n        \"East US\",\r\n        \"East US 2\",\r\n        \"West US\",\r\n        \"Central US\",\r\n        \"North Central US\",\r\n        \"South Central US\",\r\n        \"North Europe\",\r\n        \"West Europe\",\r\n        \"East Asia\",\r\n        \"Southeast Asia\",\r\n        \"Japan East\",\r\n        \"Japan West\",\r\n        \"Australia East\",\r\n        \"Australia Southeast\",\r\n        \"Brazil South\",\r\n        \"South India\",\r\n        \"Central India\",\r\n        \"West India\",\r\n        \"Canada Central\",\r\n        \"Canada East\",\r\n        \"West US 2\",\r\n        \"West Central US\",\r\n        \"UK South\",\r\n        \"UK West\",\r\n        \"Korea Central\",\r\n        \"Korea South\",\r\n        \"France Central\"\r\n      ],\r\n      \"apiVersions\": [\r\n        \"2017-12-01\",\r\n        \"2017-10-30-preview\",\r\n        \"2017-03-30\",\r\n        \"2016-08-30\",\r\n        \"2016-04-30-preview\",\r\n        \"2016-03-30\",\r\n        \"2015-06-15\",\r\n        \"2015-05-01-preview\"\r\n      ]\r\n    },\r\n    {\r\n      \"resourceType\": \"virtualMachineScaleSets/virtualMachines\",\r\n      \"locations\": [\r\n        \"East US\",\r\n        \"East US 2\",\r\n        \"West US\",\r\n        \"Central US\",\r\n        \"North Central US\",\r\n        \"South Central US\",\r\n        \"North Europe\",\r\n        \"West Europe\",\r\n        \"East Asia\",\r\n        \"Southeast Asia\",\r\n        \"Japan East\",\r\n        \"Japan West\",\r\n        \"Australia East\",\r\n        \"Australia Southeast\",\r\n        \"Brazil South\",\r\n        \"South India\",\r\n        \"Central India\",\r\n        \"West India\",\r\n        \"Canada Central\",\r\n        \"Canada East\",\r\n        \"West US 2\",\r\n        \"West Central US\",\r\n        \"UK South\",\r\n        \"UK West\",\r\n        \"Korea Central\",\r\n        \"Korea South\",\r\n        \"France Central\"\r\n      ],\r\n      \"apiVersions\": [\r\n        \"2017-12-01\",\r\n        \"2017-10-30-preview\",\r\n        \"2017-03-30\",\r\n        \"2016-08-30\",\r\n        \"2016-04-30-preview\",\r\n        \"2016-03-30\",\r\n        \"2015-06-15\",\r\n        \"2015-05-01-preview\"\r\n      ]\r\n    },\r\n    {\r\n      \"resourceType\": \"virtualMachineScaleSets/networkInterfaces\",\r\n      \"locations\": [\r\n        \"East US\",\r\n        \"East US 2\",\r\n        \"West US\",\r\n        \"Central US\",\r\n        \"North Central US\",\r\n        \"South Central US\",\r\n        \"North Europe\",\r\n        \"West Europe\",\r\n        \"East Asia\",\r\n        \"Southeast Asia\",\r\n        \"Japan East\",\r\n        \"Japan West\",\r\n        \"Australia East\",\r\n        \"Australia Southeast\",\r\n        \"Brazil South\",\r\n        \"South India\",\r\n        \"Central India\",\r\n        \"West India\",\r\n        \"Canada Central\",\r\n        \"Canada East\",\r\n        \"West US 2\",\r\n        \"West Central US\",\r\n        \"UK South\",\r\n        \"UK West\",\r\n        \"Korea Central\",\r\n        \"Korea South\",\r\n        \"France Central\"\r\n      ],\r\n      \"apiVersions\": [\r\n        \"2017-12-01\",\r\n        \"2017-03-30\",\r\n        \"2016-09-01\",\r\n        \"2016-08-01\",\r\n        \"2016-07-01\",\r\n        \"2016-06-01\",\r\n        \"2016-04-30-preview\",\r\n        \"2016-03-30\",\r\n        \"2015-06-15\",\r\n        \"2015-05-01-preview\"\r\n      ]\r\n    },\r\n    {\r\n      \"resourceType\": \"virtualMachineScaleSets/virtualMachines/networkInterfaces\",\r\n      \"locations\": [\r\n        \"East US\",\r\n        \"East US 2\",\r\n        \"West US\",\r\n        \"Central US\",\r\n        \"North Central US\",\r\n        \"South Central US\",\r\n        \"North Europe\",\r\n        \"West Europe\",\r\n        \"East Asia\",\r\n        \"Southeast Asia\",\r\n        \"Japan East\",\r\n        \"Japan West\",\r\n        \"Australia East\",\r\n        \"Australia Southeast\",\r\n        \"Brazil South\",\r\n        \"South India\",\r\n        \"Central India\",\r\n        \"West India\",\r\n        \"Canada Central\",\r\n        \"Canada East\",\r\n        \"West US 2\",\r\n        \"West Central US\",\r\n        \"UK South\",\r\n        \"UK West\",\r\n        \"Korea Central\",\r\n        \"Korea South\",\r\n        \"France Central\"\r\n      ],\r\n      \"apiVersions\": [\r\n        \"2017-12-01\",\r\n        \"2017-03-30\",\r\n        \"2016-09-01\",\r\n        \"2016-08-01\",\r\n        \"2016-07-01\",\r\n        \"2016-06-01\",\r\n        \"2016-04-30-preview\",\r\n        \"2016-03-30\",\r\n        \"2015-06-15\",\r\n        \"2015-05-01-preview\"\r\n      ]\r\n    },\r\n    {\r\n      \"resourceType\": \"virtualMachineScaleSets/publicIPAddresses\",\r\n      \"locations\": [\r\n        \"East US\",\r\n        \"East US 2\",\r\n        \"West US\",\r\n        \"Central US\",\r\n        \"North Central US\",\r\n        \"South Central US\",\r\n        \"North Europe\",\r\n        \"West Europe\",\r\n        \"East Asia\",\r\n        \"Southeast Asia\",\r\n        \"Japan East\",\r\n        \"Japan West\",\r\n        \"Australia East\",\r\n        \"Australia Southeast\",\r\n        \"Brazil South\",\r\n        \"South India\",\r\n        \"Central India\",\r\n        \"West India\",\r\n        \"Canada Central\",\r\n        \"Canada East\",\r\n        \"West US 2\",\r\n        \"West Central US\",\r\n        \"UK South\",\r\n        \"UK West\",\r\n        \"Korea Central\",\r\n        \"Korea South\",\r\n        \"France Central\"\r\n      ],\r\n      \"apiVersions\": [\r\n        \"2017-12-01\",\r\n        \"2017-03-30\"\r\n      ]\r\n    },\r\n    {\r\n      \"resourceType\": \"locations\",\r\n      \"locations\": [],\r\n      \"apiVersions\": [\r\n        \"2017-12-01\",\r\n        \"2017-03-30\",\r\n        \"2016-08-30\",\r\n        \"2016-04-30-preview\",\r\n        \"2016-03-30\",\r\n        \"2015-06-15\",\r\n        \"2015-05-01-preview\"\r\n      ]\r\n    },\r\n    {\r\n      \"resourceType\": \"locations/operations\",\r\n      \"locations\": [\r\n        \"East US\",\r\n        \"East US 2\",\r\n        \"West US\",\r\n        \"Central US\",\r\n        \"North Central US\",\r\n        \"South Central US\",\r\n        \"North Europe\",\r\n        \"West Europe\",\r\n        \"East Asia\",\r\n        \"Southeast Asia\",\r\n        \"Japan East\",\r\n        \"Japan West\",\r\n        \"Australia East\",\r\n        \"Australia Southeast\",\r\n        \"Brazil South\",\r\n        \"South India\",\r\n        \"Central India\",\r\n        \"West India\",\r\n        \"Canada Central\",\r\n        \"Canada East\",\r\n        \"West US 2\",\r\n        \"West Central US\",\r\n        \"UK South\",\r\n        \"UK West\",\r\n        \"Korea Central\",\r\n        \"Korea South\",\r\n        \"France Central\"\r\n      ],\r\n      \"apiVersions\": [\r\n        \"2017-12-01\",\r\n        \"2017-10-30-preview\",\r\n        \"2017-03-30\",\r\n        \"2016-08-30\",\r\n        \"2016-04-30-preview\",\r\n        \"2016-03-30\",\r\n        \"2015-06-15\",\r\n        \"2015-05-01-preview\"\r\n      ]\r\n    },\r\n    {\r\n      \"resourceType\": \"locations/vmSizes\",\r\n      \"locations\": [\r\n        \"East US\",\r\n        \"East US 2\",\r\n        \"West US\",\r\n        \"Central US\",\r\n        \"North Central US\",\r\n        \"South Central US\",\r\n        \"North Europe\",\r\n        \"West Europe\",\r\n        \"East Asia\",\r\n        \"Southeast Asia\",\r\n        \"Japan East\",\r\n        \"Japan West\",\r\n        \"Australia East\",\r\n        \"Australia Southeast\",\r\n        \"Brazil South\",\r\n        \"South India\",\r\n        \"Central India\",\r\n        \"West India\",\r\n        \"Canada Central\",\r\n        \"Canada East\",\r\n        \"West US 2\",\r\n        \"West Central US\",\r\n        \"UK South\",\r\n        \"UK West\",\r\n        \"Korea Central\",\r\n        \"Korea South\",\r\n        \"France Central\"\r\n      ],\r\n      \"apiVersions\": [\r\n        \"2017-12-01\",\r\n        \"2017-03-30\",\r\n        \"2016-08-30\",\r\n        \"2016-04-30-preview\",\r\n        \"2016-03-30\",\r\n        \"2015-06-15\",\r\n        \"2015-05-01-preview\"\r\n      ]\r\n    },\r\n    {\r\n      \"resourceType\": \"locations/runCommands\",\r\n      \"locations\": [\r\n        \"East US\",\r\n        \"East US 2\",\r\n        \"West US\",\r\n        \"Central US\",\r\n        \"North Central US\",\r\n        \"South Central US\",\r\n        \"North Europe\",\r\n        \"West Europe\",\r\n        \"East Asia\",\r\n        \"Southeast Asia\",\r\n        \"Japan East\",\r\n        \"Japan West\",\r\n        \"Australia East\",\r\n        \"Australia Southeast\",\r\n        \"Brazil South\",\r\n        \"South India\",\r\n        \"Central India\",\r\n        \"West India\",\r\n        \"Canada Central\",\r\n        \"Canada East\",\r\n        \"West US 2\",\r\n        \"West Central US\",\r\n        \"UK South\",\r\n        \"UK West\",\r\n        \"Korea Central\",\r\n        \"Korea South\",\r\n        \"France Central\"\r\n      ],\r\n      \"apiVersions\": [\r\n        \"2017-12-01\",\r\n        \"2017-03-30\"\r\n      ]\r\n    },\r\n    {\r\n      \"resourceType\": \"locations/usages\",\r\n      \"locations\": [\r\n        \"East US\",\r\n        \"East US 2\",\r\n        \"West US\",\r\n        \"Central US\",\r\n        \"North Central US\",\r\n        \"South Central US\",\r\n        \"North Europe\",\r\n        \"West Europe\",\r\n        \"East Asia\",\r\n        \"Southeast Asia\",\r\n        \"Japan East\",\r\n        \"Japan West\",\r\n        \"Australia East\",\r\n        \"Australia Southeast\",\r\n        \"Brazil South\",\r\n        \"South India\",\r\n        \"Central India\",\r\n        \"West India\",\r\n        \"Canada Central\",\r\n        \"Canada East\",\r\n        \"West US 2\",\r\n        \"West Central US\",\r\n        \"UK South\",\r\n        \"UK West\",\r\n        \"Korea Central\",\r\n        \"Korea South\",\r\n        \"France Central\"\r\n      ],\r\n      \"apiVersions\": [\r\n        \"2017-12-01\",\r\n        \"2017-03-30\",\r\n        \"2016-08-30\",\r\n        \"2016-04-30-preview\",\r\n        \"2016-03-30\",\r\n        \"2015-06-15\",\r\n        \"2015-05-01-preview\"\r\n      ]\r\n    },\r\n    {\r\n      \"resourceType\": \"locations/virtualMachines\",\r\n      \"locations\": [\r\n        \"East US\",\r\n        \"East US 2\",\r\n        \"West US\",\r\n        \"Central US\",\r\n        \"North Central US\",\r\n        \"South Central US\",\r\n        \"North Europe\",\r\n        \"West Europe\",\r\n        \"East Asia\",\r\n        \"Southeast Asia\",\r\n        \"Japan East\",\r\n        \"Japan West\",\r\n        \"Australia East\",\r\n        \"Australia Southeast\",\r\n        \"Brazil South\",\r\n        \"South India\",\r\n        \"Central India\",\r\n        \"West India\",\r\n        \"Canada Central\",\r\n        \"Canada East\",\r\n        \"West US 2\",\r\n        \"West Central US\",\r\n        \"UK South\",\r\n        \"UK West\",\r\n        \"Korea Central\",\r\n        \"Korea South\",\r\n        \"France Central\"\r\n      ],\r\n      \"apiVersions\": [\r\n        \"2017-12-01\",\r\n        \"2017-03-30\",\r\n        \"2016-08-30\"\r\n      ]\r\n    },\r\n    {\r\n      \"resourceType\": \"locations/publishers\",\r\n      \"locations\": [\r\n        \"East US\",\r\n        \"East US 2\",\r\n        \"West US\",\r\n        \"Central US\",\r\n        \"North Central US\",\r\n        \"South Central US\",\r\n        \"North Europe\",\r\n        \"West Europe\",\r\n        \"East Asia\",\r\n        \"Southeast Asia\",\r\n        \"Japan East\",\r\n        \"Japan West\",\r\n        \"Australia East\",\r\n        \"Australia Southeast\",\r\n        \"Brazil South\",\r\n        \"South India\",\r\n        \"Central India\",\r\n        \"West India\",\r\n        \"Canada Central\",\r\n        \"Canada East\",\r\n        \"West US 2\",\r\n        \"West Central US\",\r\n        \"UK South\",\r\n        \"UK West\",\r\n        \"Korea Central\",\r\n        \"Korea South\",\r\n        \"France Central\"\r\n      ],\r\n      \"apiVersions\": [\r\n        \"2017-12-01\",\r\n        \"2017-03-30\",\r\n        \"2016-08-30\",\r\n        \"2016-04-30-preview\",\r\n        \"2016-03-30\",\r\n        \"2015-06-15\",\r\n        \"2015-05-01-preview\"\r\n      ]\r\n    },\r\n    {\r\n      \"resourceType\": \"operations\",\r\n      \"locations\": [\r\n        \"East US\",\r\n        \"East US 2\",\r\n        \"West US\",\r\n        \"Central US\",\r\n        \"North Central US\",\r\n        \"South Central US\",\r\n        \"North Europe\",\r\n        \"West Europe\",\r\n        \"East Asia\",\r\n        \"Southeast Asia\",\r\n        \"Japan East\",\r\n        \"Japan West\",\r\n        \"Australia East\",\r\n        \"Australia Southeast\",\r\n        \"Brazil South\",\r\n        \"South India\",\r\n        \"Central India\",\r\n        \"West India\",\r\n        \"Canada Central\",\r\n        \"Canada East\",\r\n        \"West US 2\",\r\n        \"West Central US\",\r\n        \"UK South\",\r\n        \"UK West\",\r\n        \"Korea Central\",\r\n        \"Korea South\",\r\n        \"France Central\"\r\n      ],\r\n      \"apiVersions\": [\r\n        \"2017-12-01\",\r\n        \"2017-03-30\",\r\n        \"2016-08-30\",\r\n        \"2016-03-30\",\r\n        \"2015-06-15\",\r\n        \"2015-05-01-preview\"\r\n      ]\r\n    },\r\n    {\r\n      \"resourceType\": \"restorePointCollections\",\r\n      \"locations\": [\r\n        \"Southeast Asia\",\r\n        \"East US 2\",\r\n        \"Central US\",\r\n        \"West Europe\",\r\n        \"East US\",\r\n        \"North Central US\",\r\n        \"South Central US\",\r\n        \"West US\",\r\n        \"North Europe\",\r\n        \"East Asia\",\r\n        \"Brazil South\",\r\n        \"West US 2\",\r\n        \"West Central US\",\r\n        \"UK West\",\r\n        \"UK South\",\r\n        \"Japan East\",\r\n        \"Japan West\",\r\n        \"Canada Central\",\r\n        \"Canada East\",\r\n        \"Central India\",\r\n        \"South India\",\r\n        \"Australia East\",\r\n        \"Australia Southeast\",\r\n        \"Korea Central\",\r\n        \"Korea South\",\r\n        \"West India\",\r\n        \"France Central\"\r\n      ],\r\n      \"apiVersions\": [\r\n        \"2017-12-01\",\r\n        \"2017-03-30\"\r\n      ],\r\n      \"capabilities\": \"None\"\r\n    },\r\n    {\r\n      \"resourceType\": \"restorePointCollections/restorePoints\",\r\n      \"locations\": [\r\n        \"Southeast Asia\",\r\n        \"East US 2\",\r\n        \"Central US\",\r\n        \"West Europe\",\r\n        \"East US\",\r\n        \"North Central US\",\r\n        \"South Central US\",\r\n        \"West US\",\r\n        \"North Europe\",\r\n        \"East Asia\",\r\n        \"Brazil South\",\r\n        \"West US 2\",\r\n        \"West Central US\",\r\n        \"UK West\",\r\n        \"UK South\",\r\n        \"Japan East\",\r\n        \"Japan West\",\r\n        \"Canada Central\",\r\n        \"Canada East\",\r\n        \"Central India\",\r\n        \"South India\",\r\n        \"Australia East\",\r\n        \"Australia Southeast\",\r\n        \"Korea Central\",\r\n        \"Korea South\",\r\n        \"West India\",\r\n        \"France Central\"\r\n      ],\r\n      \"apiVersions\": [\r\n        \"2017-12-01\",\r\n        \"2017-03-30\"\r\n      ]\r\n    },\r\n    {\r\n      \"resourceType\": \"virtualMachines/diagnosticSettings\",\r\n      \"locations\": [\r\n        \"East US\",\r\n        \"East US 2\",\r\n        \"West US\",\r\n        \"Central US\",\r\n        \"North Central US\",\r\n        \"South Central US\",\r\n        \"North Europe\",\r\n        \"West Europe\",\r\n        \"East Asia\",\r\n        \"Southeast Asia\",\r\n        \"Japan East\",\r\n        \"Japan West\",\r\n        \"Australia East\",\r\n        \"Australia Southeast\",\r\n        \"Brazil South\",\r\n        \"South India\",\r\n        \"Central India\",\r\n        \"West India\",\r\n        \"Canada Central\",\r\n        \"Canada East\",\r\n        \"West US 2\",\r\n        \"West Central US\",\r\n        \"UK South\",\r\n        \"UK West\",\r\n        \"Korea Central\",\r\n        \"Korea South\",\r\n        \"France Central\"\r\n      ],\r\n      \"apiVersions\": [\r\n        \"2014-04-01\"\r\n      ]\r\n    },\r\n    {\r\n      \"resourceType\": \"virtualMachines/metricDefinitions\",\r\n      \"locations\": [\r\n        \"East US\",\r\n        \"East US 2\",\r\n        \"West US\",\r\n        \"Central US\",\r\n        \"North Central US\",\r\n        \"South Central US\",\r\n        \"North Europe\",\r\n        \"West Europe\",\r\n        \"East Asia\",\r\n        \"Southeast Asia\",\r\n        \"Japan East\",\r\n        \"Japan West\",\r\n        \"Australia East\",\r\n        \"Australia Southeast\",\r\n        \"Brazil South\",\r\n        \"South India\",\r\n        \"Central India\",\r\n        \"West India\",\r\n        \"Canada Central\",\r\n        \"Canada East\",\r\n        \"West US 2\",\r\n        \"West Central US\",\r\n        \"UK South\",\r\n        \"UK West\",\r\n        \"Korea Central\",\r\n        \"Korea South\",\r\n        \"France Central\"\r\n      ],\r\n      \"apiVersions\": [\r\n        \"2014-04-01\"\r\n      ]\r\n    },\r\n    {\r\n      \"resourceType\": \"sharedVMImages\",\r\n      \"locations\": [\r\n        \"West Central US\"\r\n      ],\r\n      \"apiVersions\": [\r\n        \"2017-10-15-preview\"\r\n      ],\r\n      \"capabilities\": \"CrossResourceGroupResourceMove, CrossSubscriptionResourceMove\"\r\n    },\r\n    {\r\n      \"resourceType\": \"sharedVMImages/versions\",\r\n      \"locations\": [\r\n        \"West Central US\"\r\n      ],\r\n      \"apiVersions\": [\r\n        \"2017-10-15-preview\"\r\n      ],\r\n      \"capabilities\": \"CrossResourceGroupResourceMove, CrossSubscriptionResourceMove\"\r\n    },\r\n    {\r\n      \"resourceType\": \"locations/capsoperations\",\r\n      \"locations\": [\r\n        \"West Central US\"\r\n      ],\r\n      \"apiVersions\": [\r\n        \"2017-10-15-preview\"\r\n      ]\r\n    },\r\n    {\r\n      \"resourceType\": \"disks\",\r\n      \"locations\": [\r\n        \"Southeast Asia\",\r\n        \"East US 2\",\r\n        \"Central US\",\r\n        \"West Europe\",\r\n        \"East US\",\r\n        \"North Central US\",\r\n        \"South Central US\",\r\n        \"West US\",\r\n        \"East Asia\",\r\n        \"Brazil South\",\r\n        \"West US 2\",\r\n        \"West Central US\",\r\n        \"UK West\",\r\n        \"UK South\",\r\n        \"Japan East\",\r\n        \"Japan West\",\r\n        \"Canada Central\",\r\n        \"Canada East\",\r\n        \"Central India\",\r\n        \"South India\",\r\n        \"Australia East\",\r\n        \"Australia Southeast\",\r\n        \"Korea Central\",\r\n        \"Korea South\",\r\n        \"West India\",\r\n        \"France Central\",\r\n        \"North Europe\"\r\n      ],\r\n      \"apiVersions\": [\r\n        \"2018-04-01\",\r\n        \"2017-03-30\",\r\n        \"2016-04-30-preview\"\r\n      ],\r\n      \"capabilities\": \"None\"\r\n    },\r\n    {\r\n      \"resourceType\": \"snapshots\",\r\n      \"locations\": [\r\n        \"Southeast Asia\",\r\n        \"East US 2\",\r\n        \"Central US\",\r\n        \"West Europe\",\r\n        \"East US\",\r\n        \"North Central US\",\r\n        \"South Central US\",\r\n        \"West US\",\r\n        \"North Europe\",\r\n        \"East Asia\",\r\n        \"Brazil South\",\r\n        \"West US 2\",\r\n        \"West Central US\",\r\n        \"UK West\",\r\n        \"UK South\",\r\n        \"Japan East\",\r\n        \"Japan West\",\r\n        \"Canada Central\",\r\n        \"Canada East\",\r\n        \"Central India\",\r\n        \"South India\",\r\n        \"Australia East\",\r\n        \"Australia Southeast\",\r\n        \"Korea Central\",\r\n        \"Korea South\",\r\n        \"West India\",\r\n        \"France Central\"\r\n      ],\r\n      \"apiVersions\": [\r\n        \"2018-04-01\",\r\n        \"2017-03-30\",\r\n        \"2016-04-30-preview\"\r\n      ],\r\n      \"capabilities\": \"None\"\r\n    },\r\n    {\r\n      \"resourceType\": \"locations/diskoperations\",\r\n      \"locations\": [\r\n        \"Southeast Asia\",\r\n        \"East US 2\",\r\n        \"Central US\",\r\n        \"West Europe\",\r\n        \"East US\",\r\n        \"North Central US\",\r\n        \"South Central US\",\r\n        \"West US\",\r\n        \"North Europe\",\r\n        \"East Asia\",\r\n        \"Brazil South\",\r\n        \"West US 2\",\r\n        \"West Central US\",\r\n        \"UK West\",\r\n        \"UK South\",\r\n        \"Japan East\",\r\n        \"Japan West\",\r\n        \"Canada Central\",\r\n        \"Canada East\",\r\n        \"Central India\",\r\n        \"South India\",\r\n        \"Australia East\",\r\n        \"Australia Southeast\",\r\n        \"Korea Central\",\r\n        \"Korea South\",\r\n        \"West India\",\r\n        \"France Central\"\r\n      ],\r\n      \"apiVersions\": [\r\n        \"2018-04-01\",\r\n        \"2017-03-30\",\r\n        \"2016-04-30-preview\"\r\n      ]\r\n    },\r\n    {\r\n      \"resourceType\": \"images\",\r\n      \"locations\": [\r\n        \"Southeast Asia\",\r\n        \"East US 2\",\r\n        \"Central US\",\r\n        \"West Europe\",\r\n        \"East US\",\r\n        \"North Central US\",\r\n        \"South Central US\",\r\n        \"West US\",\r\n        \"North Europe\",\r\n        \"East Asia\",\r\n        \"Brazil South\",\r\n        \"West US 2\",\r\n        \"West Central US\",\r\n        \"UK West\",\r\n        \"UK South\",\r\n        \"Japan East\",\r\n        \"Japan West\",\r\n        \"Canada Central\",\r\n        \"Canada East\",\r\n        \"Central India\",\r\n        \"South India\",\r\n        \"Australia East\",\r\n        \"Australia Southeast\",\r\n        \"Korea Central\",\r\n        \"Korea South\",\r\n        \"West India\",\r\n        \"France Central\"\r\n      ],\r\n      \"apiVersions\": [\r\n        \"2017-12-01\",\r\n        \"2017-03-30\",\r\n        \"2016-08-30\",\r\n        \"2016-04-30-preview\"\r\n      ],\r\n      \"capabilities\": \"None\"\r\n    },\r\n    {\r\n      \"resourceType\": \"locations/logAnalytics\",\r\n      \"locations\": [\r\n        \"East US\",\r\n        \"East US 2\",\r\n        \"West US\",\r\n        \"Central US\",\r\n        \"North Central US\",\r\n        \"South Central US\",\r\n        \"North Europe\",\r\n        \"West Europe\",\r\n        \"East Asia\",\r\n        \"Southeast Asia\",\r\n        \"Japan East\",\r\n        \"Japan West\",\r\n        \"Australia East\",\r\n        \"Australia Southeast\",\r\n        \"Brazil South\",\r\n        \"South India\",\r\n        \"Central India\",\r\n        \"West India\",\r\n        \"Canada Central\",\r\n        \"Canada East\",\r\n        \"West US 2\",\r\n        \"West Central US\",\r\n        \"UK South\",\r\n        \"UK West\",\r\n        \"Korea Central\",\r\n        \"Korea South\",\r\n        \"France Central\"\r\n      ],\r\n      \"apiVersions\": [\r\n        \"2017-12-01\"\r\n      ]\r\n    }\r\n  ],\r\n  \"registrationState\": \"Registered\"\r\n}",
      "ResponseHeaders": {
        "Content-Length": [
          "15260"
        ],
        "Content-Type": [
          "application/json; charset=utf-8"
        ],
        "Expires": [
          "-1"
        ],
        "Pragma": [
          "no-cache"
        ],
        "x-ms-ratelimit-remaining-subscription-reads": [
          "14999"
        ],
        "x-ms-request-id": [
          "2291d487-db24-4a53-97c0-7ac33844a911"
        ],
        "x-ms-correlation-request-id": [
          "2291d487-db24-4a53-97c0-7ac33844a911"
        ],
        "x-ms-routing-request-id": [
          "WESTUS2:20180309T220718Z:2291d487-db24-4a53-97c0-7ac33844a911"
        ],
        "Strict-Transport-Security": [
          "max-age=31536000; includeSubDomains"
        ],
        "X-Content-Type-Options": [
          "nosniff"
        ],
        "Cache-Control": [
          "no-cache"
        ],
        "Date": [
          "Fri, 09 Mar 2018 22:07:17 GMT"
        ]
      },
      "StatusCode": 200
    },
    {
      "RequestUri": "/subscriptions/c9cbd920-c00c-427c-852b-8aaf38badaeb/resourcegroups/crptestps2428?api-version=2016-02-01",
      "EncodedRequestUri": "L3N1YnNjcmlwdGlvbnMvYzljYmQ5MjAtYzAwYy00MjdjLTg1MmItOGFhZjM4YmFkYWViL3Jlc291cmNlZ3JvdXBzL2NycHRlc3RwczI0Mjg/YXBpLXZlcnNpb249MjAxNi0wMi0wMQ==",
      "RequestMethod": "PUT",
      "RequestBody": "{\r\n  \"location\": \"East US\"\r\n}",
      "RequestHeaders": {
        "Content-Type": [
          "application/json; charset=utf-8"
        ],
        "Content-Length": [
          "29"
        ],
        "User-Agent": [
          "Microsoft.Azure.Management.Resources.ResourceManagementClient/2.0.0.0"
        ]
      },
      "ResponseBody": "{\r\n  \"id\": \"/subscriptions/c9cbd920-c00c-427c-852b-8aaf38badaeb/resourceGroups/crptestps2428\",\r\n  \"name\": \"crptestps2428\",\r\n  \"location\": \"eastus\",\r\n  \"properties\": {\r\n    \"provisioningState\": \"Succeeded\"\r\n  }\r\n}",
      "ResponseHeaders": {
        "Content-Length": [
          "179"
        ],
        "Content-Type": [
          "application/json; charset=utf-8"
        ],
        "Expires": [
          "-1"
        ],
        "Pragma": [
          "no-cache"
        ],
        "x-ms-ratelimit-remaining-subscription-writes": [
          "1199"
        ],
        "x-ms-request-id": [
          "fdd2bf9f-35e2-4d7e-903f-906b9ab8cb49"
        ],
        "x-ms-correlation-request-id": [
          "fdd2bf9f-35e2-4d7e-903f-906b9ab8cb49"
        ],
        "x-ms-routing-request-id": [
          "WESTUS2:20180309T220719Z:fdd2bf9f-35e2-4d7e-903f-906b9ab8cb49"
        ],
        "Strict-Transport-Security": [
          "max-age=31536000; includeSubDomains"
        ],
        "X-Content-Type-Options": [
          "nosniff"
        ],
        "Cache-Control": [
          "no-cache"
        ],
        "Date": [
          "Fri, 09 Mar 2018 22:07:19 GMT"
        ]
      },
      "StatusCode": 201
    },
    {
      "RequestUri": "/subscriptions/c9cbd920-c00c-427c-852b-8aaf38badaeb/resourcegroups/crptestps2428?api-version=2016-02-01",
      "EncodedRequestUri": "L3N1YnNjcmlwdGlvbnMvYzljYmQ5MjAtYzAwYy00MjdjLTg1MmItOGFhZjM4YmFkYWViL3Jlc291cmNlZ3JvdXBzL2NycHRlc3RwczI0Mjg/YXBpLXZlcnNpb249MjAxNi0wMi0wMQ==",
      "RequestMethod": "GET",
      "RequestBody": "",
      "RequestHeaders": {
        "User-Agent": [
          "Microsoft.Azure.Management.Resources.ResourceManagementClient/2.0.0.0"
        ]
      },
      "ResponseBody": "{\r\n  \"id\": \"/subscriptions/c9cbd920-c00c-427c-852b-8aaf38badaeb/resourceGroups/crptestps2428\",\r\n  \"name\": \"crptestps2428\",\r\n  \"location\": \"eastus\",\r\n  \"properties\": {\r\n    \"provisioningState\": \"Succeeded\"\r\n  }\r\n}",
      "ResponseHeaders": {
        "Content-Length": [
          "179"
        ],
        "Content-Type": [
          "application/json; charset=utf-8"
        ],
        "Expires": [
          "-1"
        ],
        "Pragma": [
          "no-cache"
        ],
        "x-ms-ratelimit-remaining-subscription-reads": [
          "14998"
        ],
        "x-ms-request-id": [
          "5cd77832-a905-4a3a-8173-370f05be36e4"
        ],
        "x-ms-correlation-request-id": [
          "5cd77832-a905-4a3a-8173-370f05be36e4"
        ],
        "x-ms-routing-request-id": [
          "WESTUS2:20180309T220719Z:5cd77832-a905-4a3a-8173-370f05be36e4"
        ],
        "Strict-Transport-Security": [
          "max-age=31536000; includeSubDomains"
        ],
        "X-Content-Type-Options": [
          "nosniff"
        ],
        "Cache-Control": [
          "no-cache"
        ],
        "Date": [
          "Fri, 09 Mar 2018 22:07:19 GMT"
        ]
      },
      "StatusCode": 200
    },
    {
      "RequestUri": "/subscriptions/c9cbd920-c00c-427c-852b-8aaf38badaeb/resourceGroups/crptestps2428/providers/Microsoft.Compute/disks/diskcrptestps2428?api-version=2017-03-30",
      "EncodedRequestUri": "L3N1YnNjcmlwdGlvbnMvYzljYmQ5MjAtYzAwYy00MjdjLTg1MmItOGFhZjM4YmFkYWViL3Jlc291cmNlR3JvdXBzL2NycHRlc3RwczI0MjgvcHJvdmlkZXJzL01pY3Jvc29mdC5Db21wdXRlL2Rpc2tzL2Rpc2tjcnB0ZXN0cHMyNDI4P2FwaS12ZXJzaW9uPTIwMTctMDMtMzA=",
      "RequestMethod": "PUT",
      "RequestBody": "{\r\n  \"sku\": {\r\n    \"name\": \"Standard_LRS\"\r\n  },\r\n  \"properties\": {\r\n    \"osType\": \"Windows\",\r\n    \"creationData\": {\r\n      \"createOption\": \"Empty\"\r\n    },\r\n    \"diskSizeGB\": 5,\r\n    \"encryptionSettings\": {\r\n      \"enabled\": false\r\n    }\r\n  },\r\n  \"location\": \"East US\",\r\n  \"tags\": {}\r\n}",
      "RequestHeaders": {
        "Content-Type": [
          "application/json; charset=utf-8"
        ],
        "Content-Length": [
          "285"
        ],
        "x-ms-client-request-id": [
          "a41748ae-93e3-4a85-bb64-419b7615f469"
        ],
        "accept-language": [
          "en-US"
        ],
        "User-Agent": [
          "FxVersion/4.7.2633.0",
          "OSName/Windows10Enterprise",
          "OSVersion/6.3.16299",
          "Microsoft.Azure.Management.Compute.ComputeManagementClient/17.5.0.0"
        ]
      },
      "ResponseBody": "{\r\n  \"sku\": {\r\n    \"name\": \"Standard_LRS\"\r\n  },\r\n  \"properties\": {\r\n    \"osType\": \"Windows\",\r\n    \"creationData\": {\r\n      \"createOption\": \"Empty\"\r\n    },\r\n    \"diskSizeGB\": 5,\r\n    \"encryptionSettings\": {\r\n      \"enabled\": false\r\n    },\r\n    \"provisioningState\": \"Updating\",\r\n    \"isArmResource\": true\r\n  },\r\n  \"location\": \"East US\",\r\n  \"tags\": {},\r\n  \"name\": \"diskcrptestps2428\"\r\n}",
      "ResponseHeaders": {
        "Content-Length": [
          "383"
        ],
        "Content-Type": [
          "application/json; charset=utf-8"
        ],
        "Expires": [
          "-1"
        ],
        "Pragma": [
          "no-cache"
        ],
        "Azure-AsyncOperation": [
          "https://management.azure.com/subscriptions/c9cbd920-c00c-427c-852b-8aaf38badaeb/providers/Microsoft.Compute/locations/eastus/DiskOperations/647f2a10-3580-47b1-beb3-d2a1e8f857c5?api-version=2017-03-30"
        ],
        "x-ms-ratelimit-remaining-resource": [
          "Microsoft.Compute/CreateUpdateDisks3Min;999,Microsoft.Compute/CreateUpdateDisks30Min;3999"
        ],
        "Strict-Transport-Security": [
          "max-age=31536000; includeSubDomains"
        ],
        "x-ms-served-by": [
          "c8cee89e-02eb-461a-b2d7-1b9cbd90e123_131511078010122063"
        ],
        "x-ms-request-id": [
          "647f2a10-3580-47b1-beb3-d2a1e8f857c5"
        ],
        "Cache-Control": [
          "no-cache"
        ],
        "Location": [
          "https://management.azure.com/subscriptions/c9cbd920-c00c-427c-852b-8aaf38badaeb/providers/Microsoft.Compute/locations/eastus/DiskOperations/647f2a10-3580-47b1-beb3-d2a1e8f857c5?monitor=true&api-version=2017-03-30"
        ],
        "Server": [
          "Microsoft-HTTPAPI/2.0",
          "Microsoft-HTTPAPI/2.0"
        ],
        "x-ms-ratelimit-remaining-subscription-writes": [
          "1199"
        ],
        "x-ms-correlation-request-id": [
          "679cf1ee-c9b9-4663-ace2-d45ec6ff1e9b"
        ],
        "x-ms-routing-request-id": [
          "WESTUS2:20180309T220721Z:679cf1ee-c9b9-4663-ace2-d45ec6ff1e9b"
        ],
        "X-Content-Type-Options": [
          "nosniff"
        ],
        "Date": [
          "Fri, 09 Mar 2018 22:07:20 GMT"
        ]
      },
      "StatusCode": 202
    },
    {
      "RequestUri": "/subscriptions/c9cbd920-c00c-427c-852b-8aaf38badaeb/providers/Microsoft.Compute/locations/eastus/DiskOperations/647f2a10-3580-47b1-beb3-d2a1e8f857c5?api-version=2017-03-30",
      "EncodedRequestUri": "L3N1YnNjcmlwdGlvbnMvYzljYmQ5MjAtYzAwYy00MjdjLTg1MmItOGFhZjM4YmFkYWViL3Byb3ZpZGVycy9NaWNyb3NvZnQuQ29tcHV0ZS9sb2NhdGlvbnMvZWFzdHVzL0Rpc2tPcGVyYXRpb25zLzY0N2YyYTEwLTM1ODAtNDdiMS1iZWIzLWQyYTFlOGY4NTdjNT9hcGktdmVyc2lvbj0yMDE3LTAzLTMw",
      "RequestMethod": "GET",
      "RequestBody": "",
      "RequestHeaders": {
        "User-Agent": [
          "FxVersion/4.7.2633.0",
          "OSName/Windows10Enterprise",
          "OSVersion/6.3.16299",
          "Microsoft.Azure.Management.Compute.ComputeManagementClient/17.5.0.0"
        ]
      },
      "ResponseBody": "{\r\n  \"startTime\": \"2018-03-09T14:07:21.1629149-08:00\",\r\n  \"endTime\": \"2018-03-09T14:07:21.3348197-08:00\",\r\n  \"status\": \"Succeeded\",\r\n  \"properties\": {\r\n    \"output\": {\r\n      \"sku\": {\r\n        \"name\": \"Standard_LRS\",\r\n        \"tier\": \"Standard\"\r\n      },\r\n      \"properties\": {\r\n        \"osType\": \"Windows\",\r\n        \"creationData\": {\r\n          \"createOption\": \"Empty\"\r\n        },\r\n        \"diskSizeGB\": 5,\r\n        \"encryptionSettings\": {\r\n          \"enabled\": false\r\n        },\r\n        \"timeCreated\": \"2018-03-09T14:07:21.1629149-08:00\",\r\n        \"provisioningState\": \"Succeeded\",\r\n        \"diskState\": \"Unattached\"\r\n      },\r\n      \"type\": \"Microsoft.Compute/disks\",\r\n      \"location\": \"eastus\",\r\n      \"tags\": {},\r\n      \"id\": \"/subscriptions/c9cbd920-c00c-427c-852b-8aaf38badaeb/resourceGroups/crptestps2428/providers/Microsoft.Compute/disks/diskcrptestps2428\",\r\n      \"name\": \"diskcrptestps2428\"\r\n    }\r\n  },\r\n  \"name\": \"647f2a10-3580-47b1-beb3-d2a1e8f857c5\"\r\n}",
      "ResponseHeaders": {
        "Content-Length": [
          "739"
        ],
        "Content-Type": [
          "application/json; charset=utf-8"
        ],
        "Expires": [
          "-1"
        ],
        "Pragma": [
          "no-cache"
        ],
        "x-ms-ratelimit-remaining-resource": [
          "Microsoft.Compute/GetOperation3Min;49998,Microsoft.Compute/GetOperation30Min;249998"
        ],
        "Strict-Transport-Security": [
          "max-age=31536000; includeSubDomains"
        ],
        "x-ms-served-by": [
          "c8cee89e-02eb-461a-b2d7-1b9cbd90e123_131511078010122063"
        ],
        "x-ms-request-id": [
          "1bcc64c1-371d-4b92-8b9b-616384df988c"
        ],
        "Cache-Control": [
          "no-cache"
        ],
        "Server": [
          "Microsoft-HTTPAPI/2.0",
          "Microsoft-HTTPAPI/2.0"
        ],
        "x-ms-ratelimit-remaining-subscription-reads": [
          "14996"
        ],
        "x-ms-correlation-request-id": [
          "c06ebf64-815d-44ea-b7d0-fbb344752853"
        ],
        "x-ms-routing-request-id": [
          "WESTUS2:20180309T220751Z:c06ebf64-815d-44ea-b7d0-fbb344752853"
        ],
        "X-Content-Type-Options": [
          "nosniff"
        ],
        "Date": [
          "Fri, 09 Mar 2018 22:07:51 GMT"
        ]
      },
      "StatusCode": 200
    },
    {
      "RequestUri": "/subscriptions/c9cbd920-c00c-427c-852b-8aaf38badaeb/resourceGroups/crptestps2428/providers/Microsoft.Compute/disks/diskcrptestps2428?api-version=2017-03-30",
      "EncodedRequestUri": "L3N1YnNjcmlwdGlvbnMvYzljYmQ5MjAtYzAwYy00MjdjLTg1MmItOGFhZjM4YmFkYWViL3Jlc291cmNlR3JvdXBzL2NycHRlc3RwczI0MjgvcHJvdmlkZXJzL01pY3Jvc29mdC5Db21wdXRlL2Rpc2tzL2Rpc2tjcnB0ZXN0cHMyNDI4P2FwaS12ZXJzaW9uPTIwMTctMDMtMzA=",
      "RequestMethod": "GET",
      "RequestBody": "",
      "RequestHeaders": {
        "User-Agent": [
          "FxVersion/4.7.2633.0",
          "OSName/Windows10Enterprise",
          "OSVersion/6.3.16299",
          "Microsoft.Azure.Management.Compute.ComputeManagementClient/17.5.0.0"
        ]
      },
      "ResponseBody": "{\r\n  \"sku\": {\r\n    \"name\": \"Standard_LRS\",\r\n    \"tier\": \"Standard\"\r\n  },\r\n  \"properties\": {\r\n    \"osType\": \"Windows\",\r\n    \"creationData\": {\r\n      \"createOption\": \"Empty\"\r\n    },\r\n    \"diskSizeGB\": 5,\r\n    \"encryptionSettings\": {\r\n      \"enabled\": false\r\n    },\r\n    \"timeCreated\": \"2018-03-09T14:07:21.1629149-08:00\",\r\n    \"provisioningState\": \"Succeeded\",\r\n    \"diskState\": \"Unattached\"\r\n  },\r\n  \"type\": \"Microsoft.Compute/disks\",\r\n  \"location\": \"eastus\",\r\n  \"tags\": {},\r\n  \"id\": \"/subscriptions/c9cbd920-c00c-427c-852b-8aaf38badaeb/resourceGroups/crptestps2428/providers/Microsoft.Compute/disks/diskcrptestps2428\",\r\n  \"name\": \"diskcrptestps2428\"\r\n}",
      "ResponseHeaders": {
        "Content-Length": [
          "652"
        ],
        "Content-Type": [
          "application/json; charset=utf-8"
        ],
        "Expires": [
          "-1"
        ],
        "Pragma": [
          "no-cache"
        ],
        "x-ms-ratelimit-remaining-resource": [
          "Microsoft.Compute/LowCostGet3Min;4997,Microsoft.Compute/LowCostGet30Min;19997"
        ],
        "Strict-Transport-Security": [
          "max-age=31536000; includeSubDomains"
        ],
        "x-ms-served-by": [
          "c8cee89e-02eb-461a-b2d7-1b9cbd90e123_131511078010122063"
        ],
        "x-ms-request-id": [
          "e93c5532-a76f-4fe8-8d92-75e7fb81fec1"
        ],
        "Cache-Control": [
          "no-cache"
        ],
        "Server": [
          "Microsoft-HTTPAPI/2.0",
          "Microsoft-HTTPAPI/2.0"
        ],
        "x-ms-ratelimit-remaining-subscription-reads": [
          "14995"
        ],
        "x-ms-correlation-request-id": [
          "cdf06dbb-f01c-429e-a7cc-713f13559c2b"
        ],
        "x-ms-routing-request-id": [
          "WESTUS2:20180309T220751Z:cdf06dbb-f01c-429e-a7cc-713f13559c2b"
        ],
        "X-Content-Type-Options": [
          "nosniff"
        ],
        "Date": [
          "Fri, 09 Mar 2018 22:07:51 GMT"
        ]
      },
      "StatusCode": 200
    },
    {
      "RequestUri": "/subscriptions/c9cbd920-c00c-427c-852b-8aaf38badaeb/resourceGroups/crptestps2428/providers/Microsoft.Compute/disks/diskcrptestps2428?api-version=2017-03-30",
      "EncodedRequestUri": "L3N1YnNjcmlwdGlvbnMvYzljYmQ5MjAtYzAwYy00MjdjLTg1MmItOGFhZjM4YmFkYWViL3Jlc291cmNlR3JvdXBzL2NycHRlc3RwczI0MjgvcHJvdmlkZXJzL01pY3Jvc29mdC5Db21wdXRlL2Rpc2tzL2Rpc2tjcnB0ZXN0cHMyNDI4P2FwaS12ZXJzaW9uPTIwMTctMDMtMzA=",
      "RequestMethod": "GET",
      "RequestBody": "",
      "RequestHeaders": {
        "x-ms-client-request-id": [
          "02a4f552-9932-4314-8ac4-1dc6411d94c7"
        ],
        "accept-language": [
          "en-US"
        ],
        "User-Agent": [
          "FxVersion/4.7.2633.0",
          "OSName/Windows10Enterprise",
          "OSVersion/6.3.16299",
          "Microsoft.Azure.Management.Compute.ComputeManagementClient/17.5.0.0"
        ]
      },
      "ResponseBody": "{\r\n  \"sku\": {\r\n    \"name\": \"Standard_LRS\",\r\n    \"tier\": \"Standard\"\r\n  },\r\n  \"properties\": {\r\n    \"osType\": \"Windows\",\r\n    \"creationData\": {\r\n      \"createOption\": \"Empty\"\r\n    },\r\n    \"diskSizeGB\": 5,\r\n    \"encryptionSettings\": {\r\n      \"enabled\": false\r\n    },\r\n    \"timeCreated\": \"2018-03-09T14:07:21.1629149-08:00\",\r\n    \"provisioningState\": \"Succeeded\",\r\n    \"diskState\": \"Unattached\"\r\n  },\r\n  \"type\": \"Microsoft.Compute/disks\",\r\n  \"location\": \"eastus\",\r\n  \"tags\": {},\r\n  \"id\": \"/subscriptions/c9cbd920-c00c-427c-852b-8aaf38badaeb/resourceGroups/crptestps2428/providers/Microsoft.Compute/disks/diskcrptestps2428\",\r\n  \"name\": \"diskcrptestps2428\"\r\n}",
      "ResponseHeaders": {
        "Content-Length": [
          "652"
        ],
        "Content-Type": [
          "application/json; charset=utf-8"
        ],
        "Expires": [
          "-1"
        ],
        "Pragma": [
          "no-cache"
        ],
        "x-ms-ratelimit-remaining-resource": [
          "Microsoft.Compute/LowCostGet3Min;4996,Microsoft.Compute/LowCostGet30Min;19996"
        ],
        "Strict-Transport-Security": [
          "max-age=31536000; includeSubDomains"
        ],
        "x-ms-served-by": [
          "c8cee89e-02eb-461a-b2d7-1b9cbd90e123_131511078010122063"
        ],
        "x-ms-request-id": [
          "f78f2cd5-5f3d-4f92-9559-51464a9e88cc"
        ],
        "Cache-Control": [
          "no-cache"
        ],
        "Server": [
          "Microsoft-HTTPAPI/2.0",
          "Microsoft-HTTPAPI/2.0"
        ],
        "x-ms-ratelimit-remaining-subscription-reads": [
          "14994"
        ],
        "x-ms-correlation-request-id": [
          "30a2ce48-b5b3-4677-9024-a0a7d8880f70"
        ],
        "x-ms-routing-request-id": [
          "WESTUS2:20180309T220752Z:30a2ce48-b5b3-4677-9024-a0a7d8880f70"
        ],
        "X-Content-Type-Options": [
          "nosniff"
        ],
        "Date": [
          "Fri, 09 Mar 2018 22:07:51 GMT"
        ]
      },
      "StatusCode": 200
    },
    {
      "RequestUri": "/subscriptions/c9cbd920-c00c-427c-852b-8aaf38badaeb/resourceGroups/crptestps2428/providers/Microsoft.Compute/disks/diskcrptestps2428?api-version=2017-03-30",
      "EncodedRequestUri": "L3N1YnNjcmlwdGlvbnMvYzljYmQ5MjAtYzAwYy00MjdjLTg1MmItOGFhZjM4YmFkYWViL3Jlc291cmNlR3JvdXBzL2NycHRlc3RwczI0MjgvcHJvdmlkZXJzL01pY3Jvc29mdC5Db21wdXRlL2Rpc2tzL2Rpc2tjcnB0ZXN0cHMyNDI4P2FwaS12ZXJzaW9uPTIwMTctMDMtMzA=",
      "RequestMethod": "GET",
      "RequestBody": "",
      "RequestHeaders": {
        "User-Agent": [
          "FxVersion/4.7.2633.0",
          "OSName/Windows10Enterprise",
          "OSVersion/6.3.16299",
          "Microsoft.Azure.Management.Compute.ComputeManagementClient/17.5.0.0"
        ]
      },
      "ResponseBody": "{\r\n  \"sku\": {\r\n    \"name\": \"Premium_LRS\",\r\n    \"tier\": \"Premium\"\r\n  },\r\n  \"properties\": {\r\n    \"osType\": \"Windows\",\r\n    \"creationData\": {\r\n      \"createOption\": \"Empty\"\r\n    },\r\n    \"diskSizeGB\": 10,\r\n    \"encryptionSettings\": {\r\n      \"enabled\": false\r\n    },\r\n    \"timeCreated\": \"2018-03-09T14:07:21.1629149-08:00\",\r\n    \"provisioningState\": \"Succeeded\",\r\n    \"diskState\": \"Unattached\"\r\n  },\r\n  \"type\": \"Microsoft.Compute/disks\",\r\n  \"location\": \"eastus\",\r\n  \"tags\": {},\r\n  \"id\": \"/subscriptions/c9cbd920-c00c-427c-852b-8aaf38badaeb/resourceGroups/crptestps2428/providers/Microsoft.Compute/disks/diskcrptestps2428\",\r\n  \"name\": \"diskcrptestps2428\"\r\n}",
      "ResponseHeaders": {
        "Content-Length": [
          "651"
        ],
        "Content-Type": [
          "application/json; charset=utf-8"
        ],
        "Expires": [
          "-1"
        ],
        "Pragma": [
          "no-cache"
        ],
        "x-ms-ratelimit-remaining-resource": [
          "Microsoft.Compute/LowCostGet3Min;4993,Microsoft.Compute/LowCostGet30Min;19993"
        ],
        "Strict-Transport-Security": [
          "max-age=31536000; includeSubDomains"
        ],
        "x-ms-served-by": [
          "c8cee89e-02eb-461a-b2d7-1b9cbd90e123_131511078010122063"
        ],
        "x-ms-request-id": [
          "9ebb5228-57b4-44bd-af81-d990d3d9af52"
        ],
        "Cache-Control": [
          "no-cache"
        ],
        "Server": [
          "Microsoft-HTTPAPI/2.0",
          "Microsoft-HTTPAPI/2.0"
        ],
        "x-ms-ratelimit-remaining-subscription-reads": [
          "14988"
        ],
        "x-ms-correlation-request-id": [
          "0d3e5403-331f-4882-8a5e-f3cff6875ae5"
        ],
        "x-ms-routing-request-id": [
          "WESTUS2:20180309T220925Z:0d3e5403-331f-4882-8a5e-f3cff6875ae5"
        ],
        "X-Content-Type-Options": [
          "nosniff"
        ],
        "Date": [
          "Fri, 09 Mar 2018 22:09:24 GMT"
        ]
      },
      "StatusCode": 200
    },
    {
      "RequestUri": "/subscriptions/c9cbd920-c00c-427c-852b-8aaf38badaeb/resourceGroups/crptestps2428/providers/Microsoft.Compute/disks/diskcrptestps2428/beginGetAccess?api-version=2017-03-30",
      "EncodedRequestUri": "L3N1YnNjcmlwdGlvbnMvYzljYmQ5MjAtYzAwYy00MjdjLTg1MmItOGFhZjM4YmFkYWViL3Jlc291cmNlR3JvdXBzL2NycHRlc3RwczI0MjgvcHJvdmlkZXJzL01pY3Jvc29mdC5Db21wdXRlL2Rpc2tzL2Rpc2tjcnB0ZXN0cHMyNDI4L2JlZ2luR2V0QWNjZXNzP2FwaS12ZXJzaW9uPTIwMTctMDMtMzA=",
      "RequestMethod": "POST",
      "RequestBody": "{\r\n  \"access\": \"Read\",\r\n  \"durationInSeconds\": 5\r\n}",
      "RequestHeaders": {
        "Content-Type": [
          "application/json; charset=utf-8"
        ],
        "Content-Length": [
          "51"
        ],
        "x-ms-client-request-id": [
          "2a40a52c-eeb9-447b-84b4-1699fc8224bb"
        ],
        "accept-language": [
          "en-US"
        ],
        "User-Agent": [
          "FxVersion/4.7.2633.0",
          "OSName/Windows10Enterprise",
          "OSVersion/6.3.16299",
          "Microsoft.Azure.Management.Compute.ComputeManagementClient/17.5.0.0"
        ]
      },
      "ResponseBody": "",
      "ResponseHeaders": {
        "Content-Length": [
          "0"
        ],
        "Expires": [
          "-1"
        ],
        "Pragma": [
          "no-cache"
        ],
        "Azure-AsyncOperation": [
          "https://management.azure.com/subscriptions/c9cbd920-c00c-427c-852b-8aaf38badaeb/providers/Microsoft.Compute/locations/eastus/DiskOperations/b38ae24a-5a68-4032-9374-36efd28eb1bb?api-version=2017-03-30"
        ],
        "x-ms-ratelimit-remaining-resource": [
          "Microsoft.Compute/HighCostDiskHydrate3Min;499,Microsoft.Compute/HighCostDiskHydrate30Min;2999"
        ],
        "Strict-Transport-Security": [
          "max-age=31536000; includeSubDomains"
        ],
        "x-ms-served-by": [
          "c8cee89e-02eb-461a-b2d7-1b9cbd90e123_131511078010122063"
        ],
        "x-ms-request-id": [
          "b38ae24a-5a68-4032-9374-36efd28eb1bb"
        ],
        "Cache-Control": [
          "no-cache"
        ],
        "Location": [
          "https://management.azure.com/subscriptions/c9cbd920-c00c-427c-852b-8aaf38badaeb/providers/Microsoft.Compute/locations/eastus/DiskOperations/b38ae24a-5a68-4032-9374-36efd28eb1bb?monitor=true&api-version=2017-03-30"
        ],
        "Server": [
          "Microsoft-HTTPAPI/2.0",
          "Microsoft-HTTPAPI/2.0"
        ],
        "x-ms-ratelimit-remaining-subscription-writes": [
          "1198"
        ],
        "x-ms-correlation-request-id": [
          "cc3cefbd-e88c-4bd3-8c3d-8486348c859d"
        ],
        "x-ms-routing-request-id": [
          "WESTUS2:20180309T220752Z:cc3cefbd-e88c-4bd3-8c3d-8486348c859d"
        ],
        "X-Content-Type-Options": [
          "nosniff"
        ],
        "Date": [
          "Fri, 09 Mar 2018 22:07:52 GMT"
        ]
      },
      "StatusCode": 202
    },
    {
      "RequestUri": "/subscriptions/c9cbd920-c00c-427c-852b-8aaf38badaeb/providers/Microsoft.Compute/locations/eastus/DiskOperations/b38ae24a-5a68-4032-9374-36efd28eb1bb?api-version=2017-03-30",
      "EncodedRequestUri": "L3N1YnNjcmlwdGlvbnMvYzljYmQ5MjAtYzAwYy00MjdjLTg1MmItOGFhZjM4YmFkYWViL3Byb3ZpZGVycy9NaWNyb3NvZnQuQ29tcHV0ZS9sb2NhdGlvbnMvZWFzdHVzL0Rpc2tPcGVyYXRpb25zL2IzOGFlMjRhLTVhNjgtNDAzMi05Mzc0LTM2ZWZkMjhlYjFiYj9hcGktdmVyc2lvbj0yMDE3LTAzLTMw",
      "RequestMethod": "GET",
      "RequestBody": "",
      "RequestHeaders": {
        "User-Agent": [
          "FxVersion/4.7.2633.0",
          "OSName/Windows10Enterprise",
          "OSVersion/6.3.16299",
          "Microsoft.Azure.Management.Compute.ComputeManagementClient/17.5.0.0"
        ]
      },
      "ResponseBody": "{\r\n  \"startTime\": \"2018-03-09T14:07:52.5178613-08:00\",\r\n  \"endTime\": \"2018-03-09T14:08:03.0634736-08:00\",\r\n  \"status\": \"Succeeded\",\r\n  \"properties\": {\r\n    \"output\": {\r\n      \"accessSAS\": \"https://md-tcstj1b0r3jr.blob.core.windows.net/pqv4z4rqs3lt/abcd?sv=2017-04-17&sr=b&si=08ce4437-f35f-48c7-b48c-13f4f57568b2&sig=jtG4tY%2BGpDFHNi%2F7dGDn8V9%2BnhTMa15V628t2X6QEQc%3D\"\r\n    }\r\n  },\r\n  \"name\": \"b38ae24a-5a68-4032-9374-36efd28eb1bb\"\r\n}",
      "ResponseHeaders": {
        "Content-Length": [
          "427"
        ],
        "Content-Type": [
          "application/json; charset=utf-8"
        ],
        "Expires": [
          "-1"
        ],
        "Pragma": [
          "no-cache"
        ],
        "x-ms-ratelimit-remaining-resource": [
          "Microsoft.Compute/GetOperation3Min;49996,Microsoft.Compute/GetOperation30Min;249996"
        ],
        "Strict-Transport-Security": [
          "max-age=31536000; includeSubDomains"
        ],
        "x-ms-served-by": [
          "c8cee89e-02eb-461a-b2d7-1b9cbd90e123_131511078010122063"
        ],
        "x-ms-request-id": [
          "9811bc57-c5c5-4e3b-8aee-6c1692861517"
        ],
        "Cache-Control": [
          "no-cache"
        ],
        "Server": [
          "Microsoft-HTTPAPI/2.0",
          "Microsoft-HTTPAPI/2.0"
        ],
        "x-ms-ratelimit-remaining-subscription-reads": [
          "14993"
        ],
        "x-ms-correlation-request-id": [
          "e039b9d2-4ded-47cd-8eaa-db0c36978395"
        ],
        "x-ms-routing-request-id": [
          "WESTUS2:20180309T220823Z:e039b9d2-4ded-47cd-8eaa-db0c36978395"
        ],
        "X-Content-Type-Options": [
          "nosniff"
        ],
        "Date": [
          "Fri, 09 Mar 2018 22:08:22 GMT"
        ]
      },
      "StatusCode": 200
    },
    {
      "RequestUri": "/subscriptions/c9cbd920-c00c-427c-852b-8aaf38badaeb/providers/Microsoft.Compute/locations/eastus/DiskOperations/b38ae24a-5a68-4032-9374-36efd28eb1bb?monitor=true&api-version=2017-03-30",
      "EncodedRequestUri": "L3N1YnNjcmlwdGlvbnMvYzljYmQ5MjAtYzAwYy00MjdjLTg1MmItOGFhZjM4YmFkYWViL3Byb3ZpZGVycy9NaWNyb3NvZnQuQ29tcHV0ZS9sb2NhdGlvbnMvZWFzdHVzL0Rpc2tPcGVyYXRpb25zL2IzOGFlMjRhLTVhNjgtNDAzMi05Mzc0LTM2ZWZkMjhlYjFiYj9tb25pdG9yPXRydWUmYXBpLXZlcnNpb249MjAxNy0wMy0zMA==",
      "RequestMethod": "GET",
      "RequestBody": "",
      "RequestHeaders": {
        "User-Agent": [
          "FxVersion/4.7.2633.0",
          "OSName/Windows10Enterprise",
          "OSVersion/6.3.16299",
          "Microsoft.Azure.Management.Compute.ComputeManagementClient/17.5.0.0"
        ]
      },
      "ResponseBody": "{\r\n  \"accessSAS\": \"https://md-tcstj1b0r3jr.blob.core.windows.net/pqv4z4rqs3lt/abcd?sv=2017-04-17&sr=b&si=08ce4437-f35f-48c7-b48c-13f4f57568b2&sig=jtG4tY%2BGpDFHNi%2F7dGDn8V9%2BnhTMa15V628t2X6QEQc%3D\"\r\n}",
      "ResponseHeaders": {
        "Content-Length": [
          "202"
        ],
        "Content-Type": [
          "application/json; charset=utf-8"
        ],
        "Expires": [
          "-1"
        ],
        "Pragma": [
          "no-cache"
        ],
        "x-ms-ratelimit-remaining-resource": [
          "Microsoft.Compute/GetOperation3Min;49995,Microsoft.Compute/GetOperation30Min;249995"
        ],
        "Strict-Transport-Security": [
          "max-age=31536000; includeSubDomains"
        ],
        "x-ms-served-by": [
          "c8cee89e-02eb-461a-b2d7-1b9cbd90e123_131511078010122063"
        ],
        "x-ms-request-id": [
          "578228be-ea97-45c5-8313-72590ad400a2"
        ],
        "Cache-Control": [
          "no-cache"
        ],
        "Server": [
          "Microsoft-HTTPAPI/2.0",
          "Microsoft-HTTPAPI/2.0"
        ],
        "x-ms-ratelimit-remaining-subscription-reads": [
          "14992"
        ],
        "x-ms-correlation-request-id": [
          "cada3e84-c6cf-4e0b-99a8-c351feb63b60"
        ],
        "x-ms-routing-request-id": [
          "WESTUS2:20180309T220823Z:cada3e84-c6cf-4e0b-99a8-c351feb63b60"
        ],
        "X-Content-Type-Options": [
          "nosniff"
        ],
        "Date": [
          "Fri, 09 Mar 2018 22:08:22 GMT"
        ]
      },
      "StatusCode": 200
    },
    {
      "RequestUri": "/subscriptions/c9cbd920-c00c-427c-852b-8aaf38badaeb/resourceGroups/crptestps2428/providers/Microsoft.Compute/disks/diskcrptestps2428/endGetAccess?api-version=2017-03-30",
      "EncodedRequestUri": "L3N1YnNjcmlwdGlvbnMvYzljYmQ5MjAtYzAwYy00MjdjLTg1MmItOGFhZjM4YmFkYWViL3Jlc291cmNlR3JvdXBzL2NycHRlc3RwczI0MjgvcHJvdmlkZXJzL01pY3Jvc29mdC5Db21wdXRlL2Rpc2tzL2Rpc2tjcnB0ZXN0cHMyNDI4L2VuZEdldEFjY2Vzcz9hcGktdmVyc2lvbj0yMDE3LTAzLTMw",
      "RequestMethod": "POST",
      "RequestBody": "",
      "RequestHeaders": {
        "x-ms-client-request-id": [
          "a7e3a7e2-7dfa-401b-8331-9227b738f2e5"
        ],
        "accept-language": [
          "en-US"
        ],
        "User-Agent": [
          "FxVersion/4.7.2633.0",
          "OSName/Windows10Enterprise",
          "OSVersion/6.3.16299",
          "Microsoft.Azure.Management.Compute.ComputeManagementClient/17.5.0.0"
        ]
      },
      "ResponseBody": "",
      "ResponseHeaders": {
        "Content-Length": [
          "0"
        ],
        "Expires": [
          "-1"
        ],
        "Pragma": [
          "no-cache"
        ],
        "Azure-AsyncOperation": [
          "https://management.azure.com/subscriptions/c9cbd920-c00c-427c-852b-8aaf38badaeb/providers/Microsoft.Compute/locations/eastus/DiskOperations/cf6c4142-f669-458c-8adf-286197b78c89?api-version=2017-03-30"
        ],
        "x-ms-ratelimit-remaining-resource": [
          "Microsoft.Compute/HighCostDiskHydrate3Min;498,Microsoft.Compute/HighCostDiskHydrate30Min;2998"
        ],
        "Strict-Transport-Security": [
          "max-age=31536000; includeSubDomains"
        ],
        "x-ms-served-by": [
          "c8cee89e-02eb-461a-b2d7-1b9cbd90e123_131511078010122063"
        ],
        "x-ms-request-id": [
          "cf6c4142-f669-458c-8adf-286197b78c89"
        ],
        "Cache-Control": [
          "no-cache"
        ],
        "Location": [
          "https://management.azure.com/subscriptions/c9cbd920-c00c-427c-852b-8aaf38badaeb/providers/Microsoft.Compute/locations/eastus/DiskOperations/cf6c4142-f669-458c-8adf-286197b78c89?monitor=true&api-version=2017-03-30"
        ],
        "Server": [
          "Microsoft-HTTPAPI/2.0",
          "Microsoft-HTTPAPI/2.0"
        ],
        "x-ms-ratelimit-remaining-subscription-writes": [
          "1197"
        ],
        "x-ms-correlation-request-id": [
          "bb3b9375-084a-482e-8877-97f33240c1d4"
        ],
        "x-ms-routing-request-id": [
          "WESTUS2:20180309T220823Z:bb3b9375-084a-482e-8877-97f33240c1d4"
        ],
        "X-Content-Type-Options": [
          "nosniff"
        ],
        "Date": [
          "Fri, 09 Mar 2018 22:08:22 GMT"
        ]
      },
      "StatusCode": 202
    },
    {
      "RequestUri": "/subscriptions/c9cbd920-c00c-427c-852b-8aaf38badaeb/providers/Microsoft.Compute/locations/eastus/DiskOperations/cf6c4142-f669-458c-8adf-286197b78c89?api-version=2017-03-30",
      "EncodedRequestUri": "L3N1YnNjcmlwdGlvbnMvYzljYmQ5MjAtYzAwYy00MjdjLTg1MmItOGFhZjM4YmFkYWViL3Byb3ZpZGVycy9NaWNyb3NvZnQuQ29tcHV0ZS9sb2NhdGlvbnMvZWFzdHVzL0Rpc2tPcGVyYXRpb25zL2NmNmM0MTQyLWY2NjktNDU4Yy04YWRmLTI4NjE5N2I3OGM4OT9hcGktdmVyc2lvbj0yMDE3LTAzLTMw",
      "RequestMethod": "GET",
      "RequestBody": "",
      "RequestHeaders": {
        "User-Agent": [
          "FxVersion/4.7.2633.0",
          "OSName/Windows10Enterprise",
          "OSVersion/6.3.16299",
          "Microsoft.Azure.Management.Compute.ComputeManagementClient/17.5.0.0"
        ]
      },
      "ResponseBody": "{\r\n  \"startTime\": \"2018-03-09T14:08:23.2880444-08:00\",\r\n  \"endTime\": \"2018-03-09T14:08:23.5224191-08:00\",\r\n  \"status\": \"Succeeded\",\r\n  \"name\": \"cf6c4142-f669-458c-8adf-286197b78c89\"\r\n}",
      "ResponseHeaders": {
        "Content-Length": [
          "184"
        ],
        "Content-Type": [
          "application/json; charset=utf-8"
        ],
        "Expires": [
          "-1"
        ],
        "Pragma": [
          "no-cache"
        ],
        "x-ms-ratelimit-remaining-resource": [
          "Microsoft.Compute/GetOperation3Min;49993,Microsoft.Compute/GetOperation30Min;249993"
        ],
        "Strict-Transport-Security": [
          "max-age=31536000; includeSubDomains"
        ],
        "x-ms-served-by": [
          "c8cee89e-02eb-461a-b2d7-1b9cbd90e123_131511078010122063"
        ],
        "x-ms-request-id": [
          "4ce992d8-b99e-403e-baff-583335a6d1f1"
        ],
        "Cache-Control": [
          "no-cache"
        ],
        "Server": [
          "Microsoft-HTTPAPI/2.0",
          "Microsoft-HTTPAPI/2.0"
        ],
        "x-ms-ratelimit-remaining-subscription-reads": [
          "14991"
        ],
        "x-ms-correlation-request-id": [
          "48af8337-e71c-4d83-b6c5-549b800e8ef4"
        ],
        "x-ms-routing-request-id": [
          "WESTUS2:20180309T220853Z:48af8337-e71c-4d83-b6c5-549b800e8ef4"
        ],
        "X-Content-Type-Options": [
          "nosniff"
        ],
        "Date": [
          "Fri, 09 Mar 2018 22:08:53 GMT"
        ]
      },
      "StatusCode": 200
    },
    {
      "RequestUri": "/subscriptions/c9cbd920-c00c-427c-852b-8aaf38badaeb/providers/Microsoft.Compute/locations/eastus/DiskOperations/cf6c4142-f669-458c-8adf-286197b78c89?monitor=true&api-version=2017-03-30",
      "EncodedRequestUri": "L3N1YnNjcmlwdGlvbnMvYzljYmQ5MjAtYzAwYy00MjdjLTg1MmItOGFhZjM4YmFkYWViL3Byb3ZpZGVycy9NaWNyb3NvZnQuQ29tcHV0ZS9sb2NhdGlvbnMvZWFzdHVzL0Rpc2tPcGVyYXRpb25zL2NmNmM0MTQyLWY2NjktNDU4Yy04YWRmLTI4NjE5N2I3OGM4OT9tb25pdG9yPXRydWUmYXBpLXZlcnNpb249MjAxNy0wMy0zMA==",
      "RequestMethod": "GET",
      "RequestBody": "",
      "RequestHeaders": {
        "User-Agent": [
          "FxVersion/4.7.2633.0",
          "OSName/Windows10Enterprise",
          "OSVersion/6.3.16299",
          "Microsoft.Azure.Management.Compute.ComputeManagementClient/17.5.0.0"
        ]
      },
      "ResponseBody": "",
      "ResponseHeaders": {
        "Content-Length": [
          "0"
        ],
        "Expires": [
          "-1"
        ],
        "Pragma": [
          "no-cache"
        ],
        "x-ms-ratelimit-remaining-resource": [
          "Microsoft.Compute/GetOperation3Min;49992,Microsoft.Compute/GetOperation30Min;249992"
        ],
        "Strict-Transport-Security": [
          "max-age=31536000; includeSubDomains"
        ],
        "x-ms-served-by": [
          "c8cee89e-02eb-461a-b2d7-1b9cbd90e123_131511078010122063"
        ],
        "x-ms-request-id": [
          "ff4b66a9-0578-484d-a20e-417ac4e8f0f8"
        ],
        "Cache-Control": [
          "no-cache"
        ],
        "Server": [
          "Microsoft-HTTPAPI/2.0",
          "Microsoft-HTTPAPI/2.0"
        ],
        "x-ms-ratelimit-remaining-subscription-reads": [
          "14990"
        ],
        "x-ms-correlation-request-id": [
          "472c6c6b-1028-41c7-8a52-bca1520fc249"
        ],
        "x-ms-routing-request-id": [
          "WESTUS2:20180309T220853Z:472c6c6b-1028-41c7-8a52-bca1520fc249"
        ],
        "X-Content-Type-Options": [
          "nosniff"
        ],
        "Date": [
          "Fri, 09 Mar 2018 22:08:53 GMT"
        ]
      },
      "StatusCode": 200
    },
    {
      "RequestUri": "/subscriptions/c9cbd920-c00c-427c-852b-8aaf38badaeb/resourceGroups/crptestps2428/providers/Microsoft.Compute/disks/diskcrptestps2428?api-version=2017-03-30",
      "EncodedRequestUri": "L3N1YnNjcmlwdGlvbnMvYzljYmQ5MjAtYzAwYy00MjdjLTg1MmItOGFhZjM4YmFkYWViL3Jlc291cmNlR3JvdXBzL2NycHRlc3RwczI0MjgvcHJvdmlkZXJzL01pY3Jvc29mdC5Db21wdXRlL2Rpc2tzL2Rpc2tjcnB0ZXN0cHMyNDI4P2FwaS12ZXJzaW9uPTIwMTctMDMtMzA=",
      "RequestMethod": "PATCH",
      "RequestBody": "{\r\n  \"properties\": {\r\n    \"osType\": \"Windows\",\r\n    \"diskSizeGB\": 10\r\n  },\r\n  \"tags\": {},\r\n  \"sku\": {\r\n    \"name\": \"Premium_LRS\"\r\n  }\r\n}",
      "RequestHeaders": {
        "Content-Type": [
          "application/json; charset=utf-8"
        ],
        "Content-Length": [
          "136"
        ],
        "x-ms-client-request-id": [
          "b83c9b43-3074-4ce4-94d6-b55cc8ef49de"
        ],
        "accept-language": [
          "en-US"
        ],
        "User-Agent": [
          "FxVersion/4.7.2633.0",
          "OSName/Windows10Enterprise",
          "OSVersion/6.3.16299",
          "Microsoft.Azure.Management.Compute.ComputeManagementClient/17.5.0.0"
        ]
      },
      "ResponseBody": "{\r\n  \"sku\": {\r\n    \"name\": \"Premium_LRS\"\r\n  },\r\n  \"properties\": {\r\n    \"osType\": \"Windows\",\r\n    \"creationData\": {\r\n      \"createOption\": \"Empty\"\r\n    },\r\n    \"diskSizeGB\": 10,\r\n    \"provisioningState\": \"Updating\",\r\n    \"isArmResource\": true,\r\n    \"faultDomain\": 0\r\n  },\r\n  \"location\": \"eastus\",\r\n  \"tags\": {},\r\n  \"name\": \"diskcrptestps2428\"\r\n}",
      "ResponseHeaders": {
        "Content-Length": [
          "344"
        ],
        "Content-Type": [
          "application/json; charset=utf-8"
        ],
        "Expires": [
          "-1"
        ],
        "Pragma": [
          "no-cache"
        ],
        "Azure-AsyncOperation": [
          "https://management.azure.com/subscriptions/c9cbd920-c00c-427c-852b-8aaf38badaeb/providers/Microsoft.Compute/locations/eastus/DiskOperations/38d8f2c7-7794-4933-9dd9-bf0667aa489e?api-version=2017-03-30"
        ],
        "x-ms-ratelimit-remaining-resource": [
          "Microsoft.Compute/CreateUpdateDisks3Min;998,Microsoft.Compute/CreateUpdateDisks30Min;3998"
        ],
        "Strict-Transport-Security": [
          "max-age=31536000; includeSubDomains"
        ],
        "x-ms-served-by": [
          "c8cee89e-02eb-461a-b2d7-1b9cbd90e123_131511078010122063"
        ],
        "x-ms-request-id": [
          "38d8f2c7-7794-4933-9dd9-bf0667aa489e"
        ],
        "Cache-Control": [
          "no-cache"
        ],
        "Location": [
          "https://management.azure.com/subscriptions/c9cbd920-c00c-427c-852b-8aaf38badaeb/providers/Microsoft.Compute/locations/eastus/DiskOperations/38d8f2c7-7794-4933-9dd9-bf0667aa489e?monitor=true&api-version=2017-03-30"
        ],
        "Server": [
          "Microsoft-HTTPAPI/2.0",
          "Microsoft-HTTPAPI/2.0"
        ],
        "x-ms-ratelimit-remaining-subscription-writes": [
          "1196"
        ],
        "x-ms-correlation-request-id": [
          "b071b5ba-d6d7-4a77-9641-040168613c57"
        ],
        "x-ms-routing-request-id": [
          "WESTUS2:20180309T220854Z:b071b5ba-d6d7-4a77-9641-040168613c57"
        ],
        "X-Content-Type-Options": [
          "nosniff"
        ],
        "Date": [
          "Fri, 09 Mar 2018 22:08:54 GMT"
        ]
      },
      "StatusCode": 202
    },
    {
      "RequestUri": "/subscriptions/c9cbd920-c00c-427c-852b-8aaf38badaeb/providers/Microsoft.Compute/locations/eastus/DiskOperations/38d8f2c7-7794-4933-9dd9-bf0667aa489e?api-version=2017-03-30",
      "EncodedRequestUri": "L3N1YnNjcmlwdGlvbnMvYzljYmQ5MjAtYzAwYy00MjdjLTg1MmItOGFhZjM4YmFkYWViL3Byb3ZpZGVycy9NaWNyb3NvZnQuQ29tcHV0ZS9sb2NhdGlvbnMvZWFzdHVzL0Rpc2tPcGVyYXRpb25zLzM4ZDhmMmM3LTc3OTQtNDkzMy05ZGQ5LWJmMDY2N2FhNDg5ZT9hcGktdmVyc2lvbj0yMDE3LTAzLTMw",
      "RequestMethod": "GET",
      "RequestBody": "",
      "RequestHeaders": {
        "User-Agent": [
          "FxVersion/4.7.2633.0",
          "OSName/Windows10Enterprise",
          "OSVersion/6.3.16299",
          "Microsoft.Azure.Management.Compute.ComputeManagementClient/17.5.0.0"
        ]
      },
      "ResponseBody": "{\r\n  \"startTime\": \"2018-03-09T14:08:54.395297-08:00\",\r\n  \"endTime\": \"2018-03-09T14:09:06.0057324-08:00\",\r\n  \"status\": \"Succeeded\",\r\n  \"properties\": {\r\n    \"output\": {\r\n      \"sku\": {\r\n        \"name\": \"Premium_LRS\",\r\n        \"tier\": \"Premium\"\r\n      },\r\n      \"properties\": {\r\n        \"osType\": \"Windows\",\r\n        \"creationData\": {\r\n          \"createOption\": \"Empty\"\r\n        },\r\n        \"diskSizeGB\": 10,\r\n        \"encryptionSettings\": {\r\n          \"enabled\": false\r\n        },\r\n        \"timeCreated\": \"2018-03-09T14:07:21.1629149-08:00\",\r\n        \"provisioningState\": \"Succeeded\",\r\n        \"diskState\": \"Unattached\"\r\n      },\r\n      \"type\": \"Microsoft.Compute/disks\",\r\n      \"location\": \"eastus\",\r\n      \"tags\": {},\r\n      \"id\": \"/subscriptions/c9cbd920-c00c-427c-852b-8aaf38badaeb/resourceGroups/crptestps2428/providers/Microsoft.Compute/disks/diskcrptestps2428\",\r\n      \"name\": \"diskcrptestps2428\"\r\n    }\r\n  },\r\n  \"name\": \"38d8f2c7-7794-4933-9dd9-bf0667aa489e\"\r\n}",
      "ResponseHeaders": {
        "Content-Length": [
          "737"
        ],
        "Content-Type": [
          "application/json; charset=utf-8"
        ],
        "Expires": [
          "-1"
        ],
        "Pragma": [
          "no-cache"
        ],
        "x-ms-ratelimit-remaining-resource": [
          "Microsoft.Compute/GetOperation3Min;49990,Microsoft.Compute/GetOperation30Min;249990"
        ],
        "Strict-Transport-Security": [
          "max-age=31536000; includeSubDomains"
        ],
        "x-ms-served-by": [
          "c8cee89e-02eb-461a-b2d7-1b9cbd90e123_131511078010122063"
        ],
        "x-ms-request-id": [
          "60c35532-9c3c-405d-96f4-5584f77f42be"
        ],
        "Cache-Control": [
          "no-cache"
        ],
        "Server": [
          "Microsoft-HTTPAPI/2.0",
          "Microsoft-HTTPAPI/2.0"
        ],
        "x-ms-ratelimit-remaining-subscription-reads": [
          "14989"
        ],
        "x-ms-correlation-request-id": [
          "7faf9d37-dd30-4b7c-afd0-3f00be75a7ab"
        ],
        "x-ms-routing-request-id": [
          "WESTUS2:20180309T220925Z:7faf9d37-dd30-4b7c-afd0-3f00be75a7ab"
        ],
        "X-Content-Type-Options": [
          "nosniff"
        ],
        "Date": [
          "Fri, 09 Mar 2018 22:09:24 GMT"
        ]
      },
      "StatusCode": 200
    },
    {
      "RequestUri": "/subscriptions/c9cbd920-c00c-427c-852b-8aaf38badaeb/resourceGroups/crptestps2428/providers/Microsoft.Compute/disks/diskcrptestps2428?api-version=2017-03-30",
      "EncodedRequestUri": "L3N1YnNjcmlwdGlvbnMvYzljYmQ5MjAtYzAwYy00MjdjLTg1MmItOGFhZjM4YmFkYWViL3Jlc291cmNlR3JvdXBzL2NycHRlc3RwczI0MjgvcHJvdmlkZXJzL01pY3Jvc29mdC5Db21wdXRlL2Rpc2tzL2Rpc2tjcnB0ZXN0cHMyNDI4P2FwaS12ZXJzaW9uPTIwMTctMDMtMzA=",
      "RequestMethod": "DELETE",
      "RequestBody": "",
      "RequestHeaders": {
        "x-ms-client-request-id": [
          "38ba9f8d-a716-4f78-a559-6a8d0a8148dd"
        ],
        "accept-language": [
          "en-US"
        ],
        "User-Agent": [
          "FxVersion/4.7.2633.0",
          "OSName/Windows10Enterprise",
          "OSVersion/6.3.16299",
          "Microsoft.Azure.Management.Compute.ComputeManagementClient/17.5.0.0"
        ]
      },
      "ResponseBody": "",
      "ResponseHeaders": {
        "Content-Length": [
          "0"
        ],
        "Expires": [
          "-1"
        ],
        "Pragma": [
          "no-cache"
        ],
        "Azure-AsyncOperation": [
          "https://management.azure.com/subscriptions/c9cbd920-c00c-427c-852b-8aaf38badaeb/providers/Microsoft.Compute/locations/eastus/DiskOperations/15c2190a-e857-466d-9e52-2c55bdb68b87?api-version=2017-03-30"
        ],
        "x-ms-ratelimit-remaining-resource": [
          "Microsoft.Compute/DeleteDisks3Min;999,Microsoft.Compute/DeleteDisks30Min;3999"
        ],
        "Strict-Transport-Security": [
          "max-age=31536000; includeSubDomains"
        ],
        "x-ms-served-by": [
          "c8cee89e-02eb-461a-b2d7-1b9cbd90e123_131511078010122063"
        ],
        "x-ms-request-id": [
          "15c2190a-e857-466d-9e52-2c55bdb68b87"
        ],
        "Cache-Control": [
          "no-cache"
        ],
        "Location": [
          "https://management.azure.com/subscriptions/c9cbd920-c00c-427c-852b-8aaf38badaeb/providers/Microsoft.Compute/locations/eastus/DiskOperations/15c2190a-e857-466d-9e52-2c55bdb68b87?monitor=true&api-version=2017-03-30"
        ],
        "Server": [
          "Microsoft-HTTPAPI/2.0",
          "Microsoft-HTTPAPI/2.0"
        ],
        "x-ms-ratelimit-remaining-subscription-writes": [
          "1195"
        ],
        "x-ms-correlation-request-id": [
          "5a819d1d-c7ca-4ea9-a5c1-0f6c100cb87b"
        ],
        "x-ms-routing-request-id": [
          "WESTUS2:20180309T220925Z:5a819d1d-c7ca-4ea9-a5c1-0f6c100cb87b"
        ],
        "X-Content-Type-Options": [
          "nosniff"
        ],
        "Date": [
          "Fri, 09 Mar 2018 22:09:25 GMT"
        ]
      },
      "StatusCode": 202
    },
    {
      "RequestUri": "/subscriptions/c9cbd920-c00c-427c-852b-8aaf38badaeb/providers/Microsoft.Compute/locations/eastus/DiskOperations/15c2190a-e857-466d-9e52-2c55bdb68b87?api-version=2017-03-30",
      "EncodedRequestUri": "L3N1YnNjcmlwdGlvbnMvYzljYmQ5MjAtYzAwYy00MjdjLTg1MmItOGFhZjM4YmFkYWViL3Byb3ZpZGVycy9NaWNyb3NvZnQuQ29tcHV0ZS9sb2NhdGlvbnMvZWFzdHVzL0Rpc2tPcGVyYXRpb25zLzE1YzIxOTBhLWU4NTctNDY2ZC05ZTUyLTJjNTViZGI2OGI4Nz9hcGktdmVyc2lvbj0yMDE3LTAzLTMw",
      "RequestMethod": "GET",
      "RequestBody": "",
      "RequestHeaders": {
        "User-Agent": [
          "FxVersion/4.7.2633.0",
          "OSName/Windows10Enterprise",
          "OSVersion/6.3.16299",
          "Microsoft.Azure.Management.Compute.ComputeManagementClient/17.5.0.0"
        ]
      },
      "ResponseBody": "{\r\n  \"startTime\": \"2018-03-09T14:09:25.7093213-08:00\",\r\n  \"endTime\": \"2018-03-09T14:09:26.0530885-08:00\",\r\n  \"status\": \"Succeeded\",\r\n  \"name\": \"15c2190a-e857-466d-9e52-2c55bdb68b87\"\r\n}",
      "ResponseHeaders": {
        "Content-Length": [
          "184"
        ],
        "Content-Type": [
          "application/json; charset=utf-8"
        ],
        "Expires": [
          "-1"
        ],
        "Pragma": [
          "no-cache"
        ],
        "x-ms-ratelimit-remaining-resource": [
          "Microsoft.Compute/GetOperation3Min;49988,Microsoft.Compute/GetOperation30Min;249988"
        ],
        "Strict-Transport-Security": [
          "max-age=31536000; includeSubDomains"
        ],
        "x-ms-served-by": [
          "c8cee89e-02eb-461a-b2d7-1b9cbd90e123_131511078010122063"
        ],
        "x-ms-request-id": [
          "ccda06d3-49d1-4ca5-bde4-3c9533a0a804"
        ],
        "Cache-Control": [
          "no-cache"
        ],
        "Server": [
          "Microsoft-HTTPAPI/2.0",
          "Microsoft-HTTPAPI/2.0"
        ],
        "x-ms-ratelimit-remaining-subscription-reads": [
          "14987"
        ],
        "x-ms-correlation-request-id": [
          "998f6864-8370-4f6c-ac4b-a619e150922d"
        ],
        "x-ms-routing-request-id": [
          "WESTUS2:20180309T220955Z:998f6864-8370-4f6c-ac4b-a619e150922d"
        ],
        "X-Content-Type-Options": [
          "nosniff"
        ],
        "Date": [
          "Fri, 09 Mar 2018 22:09:55 GMT"
        ]
      },
      "StatusCode": 200
    },
    {
      "RequestUri": "/subscriptions/c9cbd920-c00c-427c-852b-8aaf38badaeb/providers/Microsoft.Compute/locations/eastus/DiskOperations/15c2190a-e857-466d-9e52-2c55bdb68b87?monitor=true&api-version=2017-03-30",
      "EncodedRequestUri": "L3N1YnNjcmlwdGlvbnMvYzljYmQ5MjAtYzAwYy00MjdjLTg1MmItOGFhZjM4YmFkYWViL3Byb3ZpZGVycy9NaWNyb3NvZnQuQ29tcHV0ZS9sb2NhdGlvbnMvZWFzdHVzL0Rpc2tPcGVyYXRpb25zLzE1YzIxOTBhLWU4NTctNDY2ZC05ZTUyLTJjNTViZGI2OGI4Nz9tb25pdG9yPXRydWUmYXBpLXZlcnNpb249MjAxNy0wMy0zMA==",
      "RequestMethod": "GET",
      "RequestBody": "",
      "RequestHeaders": {
        "User-Agent": [
          "FxVersion/4.7.2633.0",
          "OSName/Windows10Enterprise",
          "OSVersion/6.3.16299",
          "Microsoft.Azure.Management.Compute.ComputeManagementClient/17.5.0.0"
        ]
      },
      "ResponseBody": "",
      "ResponseHeaders": {
        "Content-Length": [
          "0"
        ],
        "Expires": [
          "-1"
        ],
        "Pragma": [
          "no-cache"
        ],
        "x-ms-ratelimit-remaining-resource": [
          "Microsoft.Compute/GetOperation3Min;49987,Microsoft.Compute/GetOperation30Min;249987"
        ],
        "Strict-Transport-Security": [
          "max-age=31536000; includeSubDomains"
        ],
        "x-ms-served-by": [
          "c8cee89e-02eb-461a-b2d7-1b9cbd90e123_131511078010122063"
        ],
        "x-ms-request-id": [
          "e222e169-e8f3-434e-bcec-64a466c3effd"
        ],
        "Cache-Control": [
          "no-cache"
        ],
        "Server": [
          "Microsoft-HTTPAPI/2.0",
          "Microsoft-HTTPAPI/2.0"
        ],
        "x-ms-ratelimit-remaining-subscription-reads": [
          "14986"
        ],
        "x-ms-correlation-request-id": [
          "25f1a220-a346-46c7-ade3-56e395bec177"
        ],
        "x-ms-routing-request-id": [
          "WESTUS2:20180309T220956Z:25f1a220-a346-46c7-ade3-56e395bec177"
        ],
        "X-Content-Type-Options": [
          "nosniff"
        ],
        "Date": [
          "Fri, 09 Mar 2018 22:09:55 GMT"
        ]
      },
      "StatusCode": 200
    },
    {
      "RequestUri": "/subscriptions/c9cbd920-c00c-427c-852b-8aaf38badaeb/resourcegroups/crptestps2428?api-version=2016-02-01",
      "EncodedRequestUri": "L3N1YnNjcmlwdGlvbnMvYzljYmQ5MjAtYzAwYy00MjdjLTg1MmItOGFhZjM4YmFkYWViL3Jlc291cmNlZ3JvdXBzL2NycHRlc3RwczI0Mjg/YXBpLXZlcnNpb249MjAxNi0wMi0wMQ==",
      "RequestMethod": "DELETE",
      "RequestBody": "",
      "RequestHeaders": {
        "User-Agent": [
          "Microsoft.Azure.Management.Resources.ResourceManagementClient/2.0.0.0"
        ]
      },
      "ResponseBody": "",
      "ResponseHeaders": {
        "Content-Length": [
          "0"
        ],
        "Expires": [
          "-1"
        ],
        "Pragma": [
          "no-cache"
        ],
        "Retry-After": [
          "15"
        ],
        "x-ms-ratelimit-remaining-subscription-writes": [
          "1198"
        ],
        "x-ms-request-id": [
          "d200a803-de46-4b45-a509-338cea614d6f"
        ],
        "x-ms-correlation-request-id": [
          "d200a803-de46-4b45-a509-338cea614d6f"
        ],
        "x-ms-routing-request-id": [
          "WESTUS2:20180309T220957Z:d200a803-de46-4b45-a509-338cea614d6f"
        ],
        "Strict-Transport-Security": [
          "max-age=31536000; includeSubDomains"
        ],
        "X-Content-Type-Options": [
          "nosniff"
        ],
        "Cache-Control": [
          "no-cache"
        ],
        "Date": [
          "Fri, 09 Mar 2018 22:09:57 GMT"
        ],
        "Location": [
          "https://management.azure.com/subscriptions/c9cbd920-c00c-427c-852b-8aaf38badaeb/operationresults/eyJqb2JJZCI6IlJFU09VUkNFR1JPVVBERUxFVElPTkpPQi1DUlBURVNUUFMyNDI4LUVBU1RVUyIsImpvYkxvY2F0aW9uIjoiZWFzdHVzIn0?api-version=2016-02-01"
        ]
      },
      "StatusCode": 202
    },
    {
      "RequestUri": "/subscriptions/c9cbd920-c00c-427c-852b-8aaf38badaeb/operationresults/eyJqb2JJZCI6IlJFU09VUkNFR1JPVVBERUxFVElPTkpPQi1DUlBURVNUUFMyNDI4LUVBU1RVUyIsImpvYkxvY2F0aW9uIjoiZWFzdHVzIn0?api-version=2016-02-01",
      "EncodedRequestUri": "L3N1YnNjcmlwdGlvbnMvYzljYmQ5MjAtYzAwYy00MjdjLTg1MmItOGFhZjM4YmFkYWViL29wZXJhdGlvbnJlc3VsdHMvZXlKcWIySkpaQ0k2SWxKRlUwOVZVa05GUjFKUFZWQkVSVXhGVkVsUFRrcFBRaTFEVWxCVVJWTlVVRk15TkRJNExVVkJVMVJWVXlJc0ltcHZZa3h2WTJGMGFXOXVJam9pWldGemRIVnpJbjA/YXBpLXZlcnNpb249MjAxNi0wMi0wMQ==",
      "RequestMethod": "GET",
      "RequestBody": "",
      "RequestHeaders": {
        "x-ms-version": [
          "2016-02-01"
        ],
        "User-Agent": [
          "Microsoft.Azure.Management.Resources.ResourceManagementClient/2.0.0.0"
        ]
      },
      "ResponseBody": "",
      "ResponseHeaders": {
        "Content-Length": [
          "0"
        ],
        "Expires": [
          "-1"
        ],
        "Pragma": [
          "no-cache"
        ],
        "Retry-After": [
          "15"
        ],
        "x-ms-ratelimit-remaining-subscription-reads": [
          "14997"
        ],
        "x-ms-request-id": [
          "4ec116f7-dbda-4449-ae35-051fc19e18d9"
        ],
        "x-ms-correlation-request-id": [
          "4ec116f7-dbda-4449-ae35-051fc19e18d9"
        ],
        "x-ms-routing-request-id": [
          "WESTUS2:20180309T220957Z:4ec116f7-dbda-4449-ae35-051fc19e18d9"
        ],
        "Strict-Transport-Security": [
          "max-age=31536000; includeSubDomains"
        ],
        "X-Content-Type-Options": [
          "nosniff"
        ],
        "Cache-Control": [
          "no-cache"
        ],
        "Date": [
          "Fri, 09 Mar 2018 22:09:57 GMT"
        ],
        "Location": [
          "https://management.azure.com/subscriptions/c9cbd920-c00c-427c-852b-8aaf38badaeb/operationresults/eyJqb2JJZCI6IlJFU09VUkNFR1JPVVBERUxFVElPTkpPQi1DUlBURVNUUFMyNDI4LUVBU1RVUyIsImpvYkxvY2F0aW9uIjoiZWFzdHVzIn0?api-version=2016-02-01"
        ]
      },
      "StatusCode": 202
    },
    {
      "RequestUri": "/subscriptions/c9cbd920-c00c-427c-852b-8aaf38badaeb/operationresults/eyJqb2JJZCI6IlJFU09VUkNFR1JPVVBERUxFVElPTkpPQi1DUlBURVNUUFMyNDI4LUVBU1RVUyIsImpvYkxvY2F0aW9uIjoiZWFzdHVzIn0?api-version=2016-02-01",
      "EncodedRequestUri": "L3N1YnNjcmlwdGlvbnMvYzljYmQ5MjAtYzAwYy00MjdjLTg1MmItOGFhZjM4YmFkYWViL29wZXJhdGlvbnJlc3VsdHMvZXlKcWIySkpaQ0k2SWxKRlUwOVZVa05GUjFKUFZWQkVSVXhGVkVsUFRrcFBRaTFEVWxCVVJWTlVVRk15TkRJNExVVkJVMVJWVXlJc0ltcHZZa3h2WTJGMGFXOXVJam9pWldGemRIVnpJbjA/YXBpLXZlcnNpb249MjAxNi0wMi0wMQ==",
      "RequestMethod": "GET",
      "RequestBody": "",
      "RequestHeaders": {
        "x-ms-version": [
          "2016-02-01"
        ],
        "User-Agent": [
          "Microsoft.Azure.Management.Resources.ResourceManagementClient/2.0.0.0"
        ]
      },
      "ResponseBody": "",
      "ResponseHeaders": {
        "Content-Length": [
          "0"
        ],
        "Expires": [
          "-1"
        ],
        "Pragma": [
          "no-cache"
        ],
        "Retry-After": [
          "15"
        ],
        "x-ms-ratelimit-remaining-subscription-reads": [
          "14996"
        ],
        "x-ms-request-id": [
          "d20a05ce-0621-46e1-b434-ca9754fa6aa6"
        ],
        "x-ms-correlation-request-id": [
          "d20a05ce-0621-46e1-b434-ca9754fa6aa6"
        ],
        "x-ms-routing-request-id": [
          "WESTUS2:20180309T221013Z:d20a05ce-0621-46e1-b434-ca9754fa6aa6"
        ],
        "Strict-Transport-Security": [
          "max-age=31536000; includeSubDomains"
        ],
        "X-Content-Type-Options": [
          "nosniff"
        ],
        "Cache-Control": [
          "no-cache"
        ],
        "Date": [
          "Fri, 09 Mar 2018 22:10:12 GMT"
        ],
        "Location": [
          "https://management.azure.com/subscriptions/c9cbd920-c00c-427c-852b-8aaf38badaeb/operationresults/eyJqb2JJZCI6IlJFU09VUkNFR1JPVVBERUxFVElPTkpPQi1DUlBURVNUUFMyNDI4LUVBU1RVUyIsImpvYkxvY2F0aW9uIjoiZWFzdHVzIn0?api-version=2016-02-01"
        ]
      },
      "StatusCode": 202
    },
    {
      "RequestUri": "/subscriptions/c9cbd920-c00c-427c-852b-8aaf38badaeb/operationresults/eyJqb2JJZCI6IlJFU09VUkNFR1JPVVBERUxFVElPTkpPQi1DUlBURVNUUFMyNDI4LUVBU1RVUyIsImpvYkxvY2F0aW9uIjoiZWFzdHVzIn0?api-version=2016-02-01",
      "EncodedRequestUri": "L3N1YnNjcmlwdGlvbnMvYzljYmQ5MjAtYzAwYy00MjdjLTg1MmItOGFhZjM4YmFkYWViL29wZXJhdGlvbnJlc3VsdHMvZXlKcWIySkpaQ0k2SWxKRlUwOVZVa05GUjFKUFZWQkVSVXhGVkVsUFRrcFBRaTFEVWxCVVJWTlVVRk15TkRJNExVVkJVMVJWVXlJc0ltcHZZa3h2WTJGMGFXOXVJam9pWldGemRIVnpJbjA/YXBpLXZlcnNpb249MjAxNi0wMi0wMQ==",
      "RequestMethod": "GET",
      "RequestBody": "",
      "RequestHeaders": {
        "x-ms-version": [
          "2016-02-01"
        ],
        "User-Agent": [
          "Microsoft.Azure.Management.Resources.ResourceManagementClient/2.0.0.0"
        ]
      },
      "ResponseBody": "",
      "ResponseHeaders": {
        "Content-Length": [
          "0"
        ],
        "Expires": [
          "-1"
        ],
        "Pragma": [
          "no-cache"
        ],
        "Retry-After": [
          "15"
        ],
        "x-ms-ratelimit-remaining-subscription-reads": [
          "14995"
        ],
        "x-ms-request-id": [
          "79d30483-c9b4-42ae-8a47-f6eaad66868a"
        ],
        "x-ms-correlation-request-id": [
          "79d30483-c9b4-42ae-8a47-f6eaad66868a"
        ],
        "x-ms-routing-request-id": [
          "WESTUS2:20180309T221028Z:79d30483-c9b4-42ae-8a47-f6eaad66868a"
        ],
        "Strict-Transport-Security": [
          "max-age=31536000; includeSubDomains"
        ],
        "X-Content-Type-Options": [
          "nosniff"
        ],
        "Cache-Control": [
          "no-cache"
        ],
        "Date": [
          "Fri, 09 Mar 2018 22:10:27 GMT"
        ],
        "Location": [
          "https://management.azure.com/subscriptions/c9cbd920-c00c-427c-852b-8aaf38badaeb/operationresults/eyJqb2JJZCI6IlJFU09VUkNFR1JPVVBERUxFVElPTkpPQi1DUlBURVNUUFMyNDI4LUVBU1RVUyIsImpvYkxvY2F0aW9uIjoiZWFzdHVzIn0?api-version=2016-02-01"
        ]
      },
      "StatusCode": 202
    },
    {
      "RequestUri": "/subscriptions/c9cbd920-c00c-427c-852b-8aaf38badaeb/operationresults/eyJqb2JJZCI6IlJFU09VUkNFR1JPVVBERUxFVElPTkpPQi1DUlBURVNUUFMyNDI4LUVBU1RVUyIsImpvYkxvY2F0aW9uIjoiZWFzdHVzIn0?api-version=2016-02-01",
      "EncodedRequestUri": "L3N1YnNjcmlwdGlvbnMvYzljYmQ5MjAtYzAwYy00MjdjLTg1MmItOGFhZjM4YmFkYWViL29wZXJhdGlvbnJlc3VsdHMvZXlKcWIySkpaQ0k2SWxKRlUwOVZVa05GUjFKUFZWQkVSVXhGVkVsUFRrcFBRaTFEVWxCVVJWTlVVRk15TkRJNExVVkJVMVJWVXlJc0ltcHZZa3h2WTJGMGFXOXVJam9pWldGemRIVnpJbjA/YXBpLXZlcnNpb249MjAxNi0wMi0wMQ==",
      "RequestMethod": "GET",
      "RequestBody": "",
      "RequestHeaders": {
        "x-ms-version": [
          "2016-02-01"
        ],
        "User-Agent": [
          "Microsoft.Azure.Management.Resources.ResourceManagementClient/2.0.0.0"
        ]
      },
      "ResponseBody": "",
      "ResponseHeaders": {
        "Content-Length": [
          "0"
        ],
        "Expires": [
          "-1"
        ],
        "Pragma": [
          "no-cache"
        ],
        "x-ms-ratelimit-remaining-subscription-reads": [
          "14994"
        ],
        "x-ms-request-id": [
          "45cf5f24-de8d-48fd-a65e-53bfadfe68a3"
        ],
        "x-ms-correlation-request-id": [
          "45cf5f24-de8d-48fd-a65e-53bfadfe68a3"
        ],
        "x-ms-routing-request-id": [
          "WESTUS2:20180309T221043Z:45cf5f24-de8d-48fd-a65e-53bfadfe68a3"
        ],
        "Strict-Transport-Security": [
          "max-age=31536000; includeSubDomains"
        ],
        "X-Content-Type-Options": [
          "nosniff"
        ],
        "Cache-Control": [
          "no-cache"
        ],
        "Date": [
          "Fri, 09 Mar 2018 22:10:43 GMT"
        ]
      },
      "StatusCode": 200
    }
  ],
  "Names": {
    "Test-Disk": [
      "crptestps2428"
    ]
  },
  "Variables": {
    "SubscriptionId": "c9cbd920-c00c-427c-852b-8aaf38badaeb"
  }
}