{
  "Entries": [
    {
      "RequestUri": "/subscriptions/c9cbd920-c00c-427c-852b-8aaf38badaeb/providers/Microsoft.Compute?api-version=2016-09-01",
      "EncodedRequestUri": "L3N1YnNjcmlwdGlvbnMvYzljYmQ5MjAtYzAwYy00MjdjLTg1MmItOGFhZjM4YmFkYWViL3Byb3ZpZGVycy9NaWNyb3NvZnQuQ29tcHV0ZT9hcGktdmVyc2lvbj0yMDE2LTA5LTAx",
      "RequestMethod": "GET",
      "RequestBody": "",
      "RequestHeaders": {
        "x-ms-client-request-id": [
          "2ead55fa-80b4-4306-a218-998e578e7705"
        ],
        "accept-language": [
          "en-US"
        ],
        "User-Agent": [
          "FxVersion/4.7.3110.0",
          "OSName/Windows10Enterprise",
          "OSVersion/6.3.17134",
          "Microsoft.Azure.Management.Internal.Resources.ResourceManagementClient/4.1.0"
        ]
      },
      "ResponseBody": "{\r\n  \"id\": \"/subscriptions/c9cbd920-c00c-427c-852b-8aaf38badaeb/providers/Microsoft.Compute\",\r\n  \"namespace\": \"Microsoft.Compute\",\r\n  \"authorizations\": [\r\n    {\r\n      \"applicationId\": \"60e6cd67-9c8c-4951-9b3c-23c25a2169af\",\r\n      \"roleDefinitionId\": \"e4770acb-272e-4dc8-87f3-12f44a612224\"\r\n    },\r\n    {\r\n      \"applicationId\": \"a303894e-f1d8-4a37-bf10-67aa654a0596\",\r\n      \"roleDefinitionId\": \"903ac751-8ad5-4e5a-bfc2-5e49f450a241\"\r\n    },\r\n    {\r\n      \"applicationId\": \"a8b6bf88-1d1a-4626-b040-9a729ea93c65\",\r\n      \"roleDefinitionId\": \"45c8267c-80ba-4b96-9a43-115b8f49fccd\"\r\n    },\r\n    {\r\n      \"applicationId\": \"5e5e43d4-54da-4211-86a4-c6e7f3715801\",\r\n      \"roleDefinitionId\": \"ffcd6e5b-8772-457d-bb17-89703c03428f\"\r\n    }\r\n  ],\r\n  \"resourceTypes\": [\r\n    {\r\n      \"resourceType\": \"availabilitySets\",\r\n      \"locations\": [\r\n        \"East US\",\r\n        \"East US 2\",\r\n        \"West US\",\r\n        \"Central US\",\r\n        \"North Central US\",\r\n        \"South Central US\",\r\n        \"North Europe\",\r\n        \"West Europe\",\r\n        \"East Asia\",\r\n        \"Southeast Asia\",\r\n        \"Japan East\",\r\n        \"Japan West\",\r\n        \"Australia East\",\r\n        \"Australia Southeast\",\r\n        \"Brazil South\",\r\n        \"South India\",\r\n        \"Central India\",\r\n        \"West India\",\r\n        \"Canada Central\",\r\n        \"Canada East\",\r\n        \"West US 2\",\r\n        \"West Central US\",\r\n        \"UK South\",\r\n        \"UK West\",\r\n        \"Korea Central\",\r\n        \"Korea South\",\r\n        \"France Central\"\r\n      ],\r\n      \"apiVersions\": [\r\n        \"2018-06-01\",\r\n        \"2018-04-01\",\r\n        \"2017-12-01\",\r\n        \"2017-03-30\",\r\n        \"2016-08-30\",\r\n        \"2016-04-30-preview\",\r\n        \"2016-03-30\",\r\n        \"2015-06-15\",\r\n        \"2015-05-01-preview\"\r\n      ],\r\n      \"capabilities\": \"CrossResourceGroupResourceMove, CrossSubscriptionResourceMove\"\r\n    },\r\n    {\r\n      \"resourceType\": \"virtualMachines\",\r\n      \"locations\": [\r\n        \"East US\",\r\n        \"East US 2\",\r\n        \"West US\",\r\n        \"Central US\",\r\n        \"North Central US\",\r\n        \"South Central US\",\r\n        \"North Europe\",\r\n        \"West Europe\",\r\n        \"East Asia\",\r\n        \"Southeast Asia\",\r\n        \"Japan East\",\r\n        \"Japan West\",\r\n        \"Australia East\",\r\n        \"Australia Southeast\",\r\n        \"Brazil South\",\r\n        \"South India\",\r\n        \"Central India\",\r\n        \"West India\",\r\n        \"Canada Central\",\r\n        \"Canada East\",\r\n        \"West US 2\",\r\n        \"West Central US\",\r\n        \"UK South\",\r\n        \"UK West\",\r\n        \"Korea Central\",\r\n        \"Korea South\",\r\n        \"France Central\"\r\n      ],\r\n      \"apiVersions\": [\r\n        \"2018-06-01\",\r\n        \"2018-04-01\",\r\n        \"2017-12-01\",\r\n        \"2017-03-30\",\r\n        \"2016-08-30\",\r\n        \"2016-04-30-preview\",\r\n        \"2016-03-30\",\r\n        \"2015-06-15\",\r\n        \"2015-05-01-preview\"\r\n      ],\r\n      \"zoneMappings\": [\r\n        {\r\n          \"location\": \"East US 2\",\r\n          \"zones\": [\r\n            \"1\",\r\n            \"2\",\r\n            \"3\"\r\n          ]\r\n        },\r\n        {\r\n          \"location\": \"Central US\",\r\n          \"zones\": [\r\n            \"1\",\r\n            \"2\",\r\n            \"3\"\r\n          ]\r\n        },\r\n        {\r\n          \"location\": \"West Europe\",\r\n          \"zones\": [\r\n            \"1\",\r\n            \"2\",\r\n            \"3\"\r\n          ]\r\n        },\r\n        {\r\n          \"location\": \"France Central\",\r\n          \"zones\": [\r\n            \"1\",\r\n            \"2\",\r\n            \"3\"\r\n          ]\r\n        },\r\n        {\r\n          \"location\": \"Southeast Asia\",\r\n          \"zones\": [\r\n            \"1\",\r\n            \"2\",\r\n            \"3\"\r\n          ]\r\n        },\r\n        {\r\n          \"location\": \"West US 2\",\r\n          \"zones\": [\r\n            \"1\",\r\n            \"2\",\r\n            \"3\"\r\n          ]\r\n        }\r\n      ],\r\n      \"capabilities\": \"CrossResourceGroupResourceMove, CrossSubscriptionResourceMove, SystemAssignedResourceIdentity\"\r\n    },\r\n    {\r\n      \"resourceType\": \"virtualMachines/extensions\",\r\n      \"locations\": [\r\n        \"East US\",\r\n        \"East US 2\",\r\n        \"West US\",\r\n        \"Central US\",\r\n        \"North Central US\",\r\n        \"South Central US\",\r\n        \"North Europe\",\r\n        \"West Europe\",\r\n        \"East Asia\",\r\n        \"Southeast Asia\",\r\n        \"Japan East\",\r\n        \"Japan West\",\r\n        \"Australia East\",\r\n        \"Australia Southeast\",\r\n        \"Brazil South\",\r\n        \"South India\",\r\n        \"Central India\",\r\n        \"West India\",\r\n        \"Canada Central\",\r\n        \"Canada East\",\r\n        \"West US 2\",\r\n        \"West Central US\",\r\n        \"UK South\",\r\n        \"UK West\",\r\n        \"Korea Central\",\r\n        \"Korea South\",\r\n        \"France Central\"\r\n      ],\r\n      \"apiVersions\": [\r\n        \"2018-06-01\",\r\n        \"2018-04-01\",\r\n        \"2017-12-01\",\r\n        \"2017-03-30\",\r\n        \"2016-08-30\",\r\n        \"2016-04-30-preview\",\r\n        \"2016-03-30\",\r\n        \"2015-06-15\",\r\n        \"2015-05-01-preview\"\r\n      ],\r\n      \"capabilities\": \"CrossResourceGroupResourceMove, CrossSubscriptionResourceMove\"\r\n    },\r\n    {\r\n      \"resourceType\": \"virtualMachineScaleSets\",\r\n      \"locations\": [\r\n        \"East US\",\r\n        \"East US 2\",\r\n        \"West US\",\r\n        \"Central US\",\r\n        \"North Central US\",\r\n        \"South Central US\",\r\n        \"North Europe\",\r\n        \"West Europe\",\r\n        \"East Asia\",\r\n        \"Southeast Asia\",\r\n        \"Japan East\",\r\n        \"Japan West\",\r\n        \"Australia East\",\r\n        \"Australia Southeast\",\r\n        \"Brazil South\",\r\n        \"South India\",\r\n        \"Central India\",\r\n        \"West India\",\r\n        \"Canada Central\",\r\n        \"Canada East\",\r\n        \"West US 2\",\r\n        \"West Central US\",\r\n        \"UK South\",\r\n        \"UK West\",\r\n        \"Korea Central\",\r\n        \"Korea South\",\r\n        \"France Central\"\r\n      ],\r\n      \"apiVersions\": [\r\n        \"2018-06-01\",\r\n        \"2018-04-01\",\r\n        \"2017-12-01\",\r\n        \"2017-10-30-preview\",\r\n        \"2017-03-30\",\r\n        \"2016-08-30\",\r\n        \"2016-04-30-preview\",\r\n        \"2016-03-30\",\r\n        \"2015-06-15\",\r\n        \"2015-05-01-preview\"\r\n      ],\r\n      \"zoneMappings\": [\r\n        {\r\n          \"location\": \"East US 2\",\r\n          \"zones\": [\r\n            \"1\",\r\n            \"2\",\r\n            \"3\"\r\n          ]\r\n        },\r\n        {\r\n          \"location\": \"Central US\",\r\n          \"zones\": [\r\n            \"1\",\r\n            \"2\",\r\n            \"3\"\r\n          ]\r\n        },\r\n        {\r\n          \"location\": \"West Europe\",\r\n          \"zones\": [\r\n            \"1\",\r\n            \"2\",\r\n            \"3\"\r\n          ]\r\n        },\r\n        {\r\n          \"location\": \"France Central\",\r\n          \"zones\": [\r\n            \"1\",\r\n            \"2\",\r\n            \"3\"\r\n          ]\r\n        },\r\n        {\r\n          \"location\": \"Southeast Asia\",\r\n          \"zones\": [\r\n            \"1\",\r\n            \"2\",\r\n            \"3\"\r\n          ]\r\n        },\r\n        {\r\n          \"location\": \"West US 2\",\r\n          \"zones\": [\r\n            \"1\",\r\n            \"2\",\r\n            \"3\"\r\n          ]\r\n        }\r\n      ],\r\n      \"capabilities\": \"CrossResourceGroupResourceMove, CrossSubscriptionResourceMove, SystemAssignedResourceIdentity\"\r\n    },\r\n    {\r\n      \"resourceType\": \"virtualMachineScaleSets/extensions\",\r\n      \"locations\": [\r\n        \"East US\",\r\n        \"East US 2\",\r\n        \"West US\",\r\n        \"Central US\",\r\n        \"North Central US\",\r\n        \"South Central US\",\r\n        \"North Europe\",\r\n        \"West Europe\",\r\n        \"East Asia\",\r\n        \"Southeast Asia\",\r\n        \"Japan East\",\r\n        \"Japan West\",\r\n        \"Australia East\",\r\n        \"Australia Southeast\",\r\n        \"Brazil South\",\r\n        \"South India\",\r\n        \"Central India\",\r\n        \"West India\",\r\n        \"Canada Central\",\r\n        \"Canada East\",\r\n        \"West US 2\",\r\n        \"West Central US\",\r\n        \"UK South\",\r\n        \"UK West\",\r\n        \"Korea Central\",\r\n        \"Korea South\",\r\n        \"France Central\"\r\n      ],\r\n      \"apiVersions\": [\r\n        \"2018-06-01\",\r\n        \"2018-04-01\",\r\n        \"2017-12-01\",\r\n        \"2017-10-30-preview\",\r\n        \"2017-03-30\",\r\n        \"2016-08-30\",\r\n        \"2016-04-30-preview\",\r\n        \"2016-03-30\",\r\n        \"2015-06-15\",\r\n        \"2015-05-01-preview\"\r\n      ]\r\n    },\r\n    {\r\n      \"resourceType\": \"virtualMachineScaleSets/virtualMachines\",\r\n      \"locations\": [\r\n        \"East US\",\r\n        \"East US 2\",\r\n        \"West US\",\r\n        \"Central US\",\r\n        \"North Central US\",\r\n        \"South Central US\",\r\n        \"North Europe\",\r\n        \"West Europe\",\r\n        \"East Asia\",\r\n        \"Southeast Asia\",\r\n        \"Japan East\",\r\n        \"Japan West\",\r\n        \"Australia East\",\r\n        \"Australia Southeast\",\r\n        \"Brazil South\",\r\n        \"South India\",\r\n        \"Central India\",\r\n        \"West India\",\r\n        \"Canada Central\",\r\n        \"Canada East\",\r\n        \"West US 2\",\r\n        \"West Central US\",\r\n        \"UK South\",\r\n        \"UK West\",\r\n        \"Korea Central\",\r\n        \"Korea South\",\r\n        \"France Central\"\r\n      ],\r\n      \"apiVersions\": [\r\n        \"2018-06-01\",\r\n        \"2018-04-01\",\r\n        \"2017-12-01\",\r\n        \"2017-10-30-preview\",\r\n        \"2017-03-30\",\r\n        \"2016-08-30\",\r\n        \"2016-04-30-preview\",\r\n        \"2016-03-30\",\r\n        \"2015-06-15\",\r\n        \"2015-05-01-preview\"\r\n      ]\r\n    },\r\n    {\r\n      \"resourceType\": \"virtualMachineScaleSets/networkInterfaces\",\r\n      \"locations\": [\r\n        \"East US\",\r\n        \"East US 2\",\r\n        \"West US\",\r\n        \"Central US\",\r\n        \"North Central US\",\r\n        \"South Central US\",\r\n        \"North Europe\",\r\n        \"West Europe\",\r\n        \"East Asia\",\r\n        \"Southeast Asia\",\r\n        \"Japan East\",\r\n        \"Japan West\",\r\n        \"Australia East\",\r\n        \"Australia Southeast\",\r\n        \"Brazil South\",\r\n        \"South India\",\r\n        \"Central India\",\r\n        \"West India\",\r\n        \"Canada Central\",\r\n        \"Canada East\",\r\n        \"West US 2\",\r\n        \"West Central US\",\r\n        \"UK South\",\r\n        \"UK West\",\r\n        \"Korea Central\",\r\n        \"Korea South\",\r\n        \"France Central\"\r\n      ],\r\n      \"apiVersions\": [\r\n        \"2018-06-01\",\r\n        \"2018-04-01\",\r\n        \"2017-12-01\",\r\n        \"2017-03-30\",\r\n        \"2016-09-01\",\r\n        \"2016-08-01\",\r\n        \"2016-07-01\",\r\n        \"2016-06-01\",\r\n        \"2016-04-30-preview\",\r\n        \"2016-03-30\",\r\n        \"2015-06-15\",\r\n        \"2015-05-01-preview\"\r\n      ]\r\n    },\r\n    {\r\n      \"resourceType\": \"virtualMachineScaleSets/virtualMachines/networkInterfaces\",\r\n      \"locations\": [\r\n        \"East US\",\r\n        \"East US 2\",\r\n        \"West US\",\r\n        \"Central US\",\r\n        \"North Central US\",\r\n        \"South Central US\",\r\n        \"North Europe\",\r\n        \"West Europe\",\r\n        \"East Asia\",\r\n        \"Southeast Asia\",\r\n        \"Japan East\",\r\n        \"Japan West\",\r\n        \"Australia East\",\r\n        \"Australia Southeast\",\r\n        \"Brazil South\",\r\n        \"South India\",\r\n        \"Central India\",\r\n        \"West India\",\r\n        \"Canada Central\",\r\n        \"Canada East\",\r\n        \"West US 2\",\r\n        \"West Central US\",\r\n        \"UK South\",\r\n        \"UK West\",\r\n        \"Korea Central\",\r\n        \"Korea South\",\r\n        \"France Central\"\r\n      ],\r\n      \"apiVersions\": [\r\n        \"2018-06-01\",\r\n        \"2018-04-01\",\r\n        \"2017-12-01\",\r\n        \"2017-03-30\",\r\n        \"2016-09-01\",\r\n        \"2016-08-01\",\r\n        \"2016-07-01\",\r\n        \"2016-06-01\",\r\n        \"2016-04-30-preview\",\r\n        \"2016-03-30\",\r\n        \"2015-06-15\",\r\n        \"2015-05-01-preview\"\r\n      ]\r\n    },\r\n    {\r\n      \"resourceType\": \"virtualMachineScaleSets/publicIPAddresses\",\r\n      \"locations\": [\r\n        \"East US\",\r\n        \"East US 2\",\r\n        \"West US\",\r\n        \"Central US\",\r\n        \"North Central US\",\r\n        \"South Central US\",\r\n        \"North Europe\",\r\n        \"West Europe\",\r\n        \"East Asia\",\r\n        \"Southeast Asia\",\r\n        \"Japan East\",\r\n        \"Japan West\",\r\n        \"Australia East\",\r\n        \"Australia Southeast\",\r\n        \"Brazil South\",\r\n        \"South India\",\r\n        \"Central India\",\r\n        \"West India\",\r\n        \"Canada Central\",\r\n        \"Canada East\",\r\n        \"West US 2\",\r\n        \"West Central US\",\r\n        \"UK South\",\r\n        \"UK West\",\r\n        \"Korea Central\",\r\n        \"Korea South\",\r\n        \"France Central\"\r\n      ],\r\n      \"apiVersions\": [\r\n        \"2018-06-01\",\r\n        \"2018-04-01\",\r\n        \"2017-12-01\",\r\n        \"2017-03-30\"\r\n      ]\r\n    },\r\n    {\r\n      \"resourceType\": \"locations\",\r\n      \"locations\": [],\r\n      \"apiVersions\": [\r\n        \"2018-06-01\",\r\n        \"2018-04-01\",\r\n        \"2017-12-01\",\r\n        \"2017-03-30\",\r\n        \"2016-08-30\",\r\n        \"2016-04-30-preview\",\r\n        \"2016-03-30\",\r\n        \"2015-06-15\",\r\n        \"2015-05-01-preview\"\r\n      ]\r\n    },\r\n    {\r\n      \"resourceType\": \"locations/operations\",\r\n      \"locations\": [\r\n        \"East US\",\r\n        \"East US 2\",\r\n        \"West US\",\r\n        \"Central US\",\r\n        \"North Central US\",\r\n        \"South Central US\",\r\n        \"North Europe\",\r\n        \"West Europe\",\r\n        \"East Asia\",\r\n        \"Southeast Asia\",\r\n        \"Japan East\",\r\n        \"Japan West\",\r\n        \"Australia East\",\r\n        \"Australia Southeast\",\r\n        \"Brazil South\",\r\n        \"South India\",\r\n        \"Central India\",\r\n        \"West India\",\r\n        \"Canada Central\",\r\n        \"Canada East\",\r\n        \"West US 2\",\r\n        \"West Central US\",\r\n        \"UK South\",\r\n        \"UK West\",\r\n        \"Korea Central\",\r\n        \"Korea South\",\r\n        \"France Central\"\r\n      ],\r\n      \"apiVersions\": [\r\n        \"2018-06-01\",\r\n        \"2018-04-01\",\r\n        \"2017-12-01\",\r\n        \"2017-10-30-preview\",\r\n        \"2017-03-30\",\r\n        \"2016-08-30\",\r\n        \"2016-04-30-preview\",\r\n        \"2016-03-30\",\r\n        \"2015-06-15\",\r\n        \"2015-05-01-preview\"\r\n      ]\r\n    },\r\n    {\r\n      \"resourceType\": \"locations/vmSizes\",\r\n      \"locations\": [\r\n        \"East US\",\r\n        \"East US 2\",\r\n        \"West US\",\r\n        \"Central US\",\r\n        \"North Central US\",\r\n        \"South Central US\",\r\n        \"North Europe\",\r\n        \"West Europe\",\r\n        \"East Asia\",\r\n        \"Southeast Asia\",\r\n        \"Japan East\",\r\n        \"Japan West\",\r\n        \"Australia East\",\r\n        \"Australia Southeast\",\r\n        \"Brazil South\",\r\n        \"South India\",\r\n        \"Central India\",\r\n        \"West India\",\r\n        \"Canada Central\",\r\n        \"Canada East\",\r\n        \"West US 2\",\r\n        \"West Central US\",\r\n        \"UK South\",\r\n        \"UK West\",\r\n        \"Korea Central\",\r\n        \"Korea South\",\r\n        \"France Central\"\r\n      ],\r\n      \"apiVersions\": [\r\n        \"2018-06-01\",\r\n        \"2018-04-01\",\r\n        \"2017-12-01\",\r\n        \"2017-03-30\",\r\n        \"2016-08-30\",\r\n        \"2016-04-30-preview\",\r\n        \"2016-03-30\",\r\n        \"2015-06-15\",\r\n        \"2015-05-01-preview\"\r\n      ]\r\n    },\r\n    {\r\n      \"resourceType\": \"locations/runCommands\",\r\n      \"locations\": [\r\n        \"East US\",\r\n        \"East US 2\",\r\n        \"West US\",\r\n        \"Central US\",\r\n        \"North Central US\",\r\n        \"South Central US\",\r\n        \"North Europe\",\r\n        \"West Europe\",\r\n        \"East Asia\",\r\n        \"Southeast Asia\",\r\n        \"Japan East\",\r\n        \"Japan West\",\r\n        \"Australia East\",\r\n        \"Australia Southeast\",\r\n        \"Brazil South\",\r\n        \"South India\",\r\n        \"Central India\",\r\n        \"West India\",\r\n        \"Canada Central\",\r\n        \"Canada East\",\r\n        \"West US 2\",\r\n        \"West Central US\",\r\n        \"UK South\",\r\n        \"UK West\",\r\n        \"Korea Central\",\r\n        \"Korea South\",\r\n        \"France Central\"\r\n      ],\r\n      \"apiVersions\": [\r\n        \"2018-06-01\",\r\n        \"2018-04-01\",\r\n        \"2017-12-01\",\r\n        \"2017-03-30\"\r\n      ]\r\n    },\r\n    {\r\n      \"resourceType\": \"locations/usages\",\r\n      \"locations\": [\r\n        \"East US\",\r\n        \"East US 2\",\r\n        \"West US\",\r\n        \"Central US\",\r\n        \"North Central US\",\r\n        \"South Central US\",\r\n        \"North Europe\",\r\n        \"West Europe\",\r\n        \"East Asia\",\r\n        \"Southeast Asia\",\r\n        \"Japan East\",\r\n        \"Japan West\",\r\n        \"Australia East\",\r\n        \"Australia Southeast\",\r\n        \"Brazil South\",\r\n        \"South India\",\r\n        \"Central India\",\r\n        \"West India\",\r\n        \"Canada Central\",\r\n        \"Canada East\",\r\n        \"West US 2\",\r\n        \"West Central US\",\r\n        \"UK South\",\r\n        \"UK West\",\r\n        \"Korea Central\",\r\n        \"Korea South\",\r\n        \"France Central\"\r\n      ],\r\n      \"apiVersions\": [\r\n        \"2018-06-01\",\r\n        \"2018-04-01\",\r\n        \"2017-12-01\",\r\n        \"2017-03-30\",\r\n        \"2016-08-30\",\r\n        \"2016-04-30-preview\",\r\n        \"2016-03-30\",\r\n        \"2015-06-15\",\r\n        \"2015-05-01-preview\"\r\n      ]\r\n    },\r\n    {\r\n      \"resourceType\": \"locations/virtualMachines\",\r\n      \"locations\": [\r\n        \"East US\",\r\n        \"East US 2\",\r\n        \"West US\",\r\n        \"Central US\",\r\n        \"North Central US\",\r\n        \"South Central US\",\r\n        \"North Europe\",\r\n        \"West Europe\",\r\n        \"East Asia\",\r\n        \"Southeast Asia\",\r\n        \"Japan East\",\r\n        \"Japan West\",\r\n        \"Australia East\",\r\n        \"Australia Southeast\",\r\n        \"Brazil South\",\r\n        \"South India\",\r\n        \"Central India\",\r\n        \"West India\",\r\n        \"Canada Central\",\r\n        \"Canada East\",\r\n        \"West US 2\",\r\n        \"West Central US\",\r\n        \"UK South\",\r\n        \"UK West\",\r\n        \"Korea Central\",\r\n        \"Korea South\",\r\n        \"France Central\"\r\n      ],\r\n      \"apiVersions\": [\r\n        \"2018-06-01\",\r\n        \"2018-04-01\",\r\n        \"2017-12-01\",\r\n        \"2017-03-30\",\r\n        \"2016-08-30\"\r\n      ]\r\n    },\r\n    {\r\n      \"resourceType\": \"locations/publishers\",\r\n      \"locations\": [\r\n        \"East US\",\r\n        \"East US 2\",\r\n        \"West US\",\r\n        \"Central US\",\r\n        \"North Central US\",\r\n        \"South Central US\",\r\n        \"North Europe\",\r\n        \"West Europe\",\r\n        \"East Asia\",\r\n        \"Southeast Asia\",\r\n        \"Japan East\",\r\n        \"Japan West\",\r\n        \"Australia East\",\r\n        \"Australia Southeast\",\r\n        \"Brazil South\",\r\n        \"South India\",\r\n        \"Central India\",\r\n        \"West India\",\r\n        \"Canada Central\",\r\n        \"Canada East\",\r\n        \"West US 2\",\r\n        \"West Central US\",\r\n        \"UK South\",\r\n        \"UK West\",\r\n        \"Korea Central\",\r\n        \"Korea South\",\r\n        \"France Central\"\r\n      ],\r\n      \"apiVersions\": [\r\n        \"2018-06-01\",\r\n        \"2018-04-01\",\r\n        \"2017-12-01\",\r\n        \"2017-03-30\",\r\n        \"2016-08-30\",\r\n        \"2016-04-30-preview\",\r\n        \"2016-03-30\",\r\n        \"2015-06-15\",\r\n        \"2015-05-01-preview\"\r\n      ]\r\n    },\r\n    {\r\n      \"resourceType\": \"operations\",\r\n      \"locations\": [\r\n        \"East US\",\r\n        \"East US 2\",\r\n        \"West US\",\r\n        \"Central US\",\r\n        \"North Central US\",\r\n        \"South Central US\",\r\n        \"North Europe\",\r\n        \"West Europe\",\r\n        \"East Asia\",\r\n        \"Southeast Asia\",\r\n        \"Japan East\",\r\n        \"Japan West\",\r\n        \"Australia East\",\r\n        \"Australia Southeast\",\r\n        \"Brazil South\",\r\n        \"South India\",\r\n        \"Central India\",\r\n        \"West India\",\r\n        \"Canada Central\",\r\n        \"Canada East\",\r\n        \"West US 2\",\r\n        \"West Central US\",\r\n        \"UK South\",\r\n        \"UK West\",\r\n        \"Korea Central\",\r\n        \"Korea South\",\r\n        \"France Central\"\r\n      ],\r\n      \"apiVersions\": [\r\n        \"2018-06-01\",\r\n        \"2018-04-01\",\r\n        \"2017-12-01\",\r\n        \"2017-03-30\",\r\n        \"2016-08-30\",\r\n        \"2016-03-30\",\r\n        \"2015-06-15\",\r\n        \"2015-05-01-preview\"\r\n      ]\r\n    },\r\n    {\r\n      \"resourceType\": \"restorePointCollections\",\r\n      \"locations\": [\r\n        \"Southeast Asia\",\r\n        \"East US 2\",\r\n        \"Central US\",\r\n        \"West Europe\",\r\n        \"East US\",\r\n        \"North Central US\",\r\n        \"South Central US\",\r\n        \"West US\",\r\n        \"North Europe\",\r\n        \"East Asia\",\r\n        \"Brazil South\",\r\n        \"West US 2\",\r\n        \"West Central US\",\r\n        \"UK West\",\r\n        \"UK South\",\r\n        \"Japan East\",\r\n        \"Japan West\",\r\n        \"Canada Central\",\r\n        \"Canada East\",\r\n        \"Central India\",\r\n        \"South India\",\r\n        \"Australia East\",\r\n        \"Australia Southeast\",\r\n        \"Korea Central\",\r\n        \"Korea South\",\r\n        \"West India\",\r\n        \"France Central\"\r\n      ],\r\n      \"apiVersions\": [\r\n        \"2018-06-01\",\r\n        \"2018-04-01\",\r\n        \"2017-12-01\",\r\n        \"2017-03-30\"\r\n      ],\r\n      \"capabilities\": \"None\"\r\n    },\r\n    {\r\n      \"resourceType\": \"restorePointCollections/restorePoints\",\r\n      \"locations\": [\r\n        \"Southeast Asia\",\r\n        \"East US 2\",\r\n        \"Central US\",\r\n        \"West Europe\",\r\n        \"East US\",\r\n        \"North Central US\",\r\n        \"South Central US\",\r\n        \"West US\",\r\n        \"North Europe\",\r\n        \"East Asia\",\r\n        \"Brazil South\",\r\n        \"West US 2\",\r\n        \"West Central US\",\r\n        \"UK West\",\r\n        \"UK South\",\r\n        \"Japan East\",\r\n        \"Japan West\",\r\n        \"Canada Central\",\r\n        \"Canada East\",\r\n        \"Central India\",\r\n        \"South India\",\r\n        \"Australia East\",\r\n        \"Australia Southeast\",\r\n        \"Korea Central\",\r\n        \"Korea South\",\r\n        \"West India\",\r\n        \"France Central\"\r\n      ],\r\n      \"apiVersions\": [\r\n        \"2018-06-01\",\r\n        \"2018-04-01\",\r\n        \"2017-12-01\",\r\n        \"2017-03-30\"\r\n      ]\r\n    },\r\n    {\r\n      \"resourceType\": \"virtualMachines/diagnosticSettings\",\r\n      \"locations\": [\r\n        \"East US\",\r\n        \"East US 2\",\r\n        \"West US\",\r\n        \"Central US\",\r\n        \"North Central US\",\r\n        \"South Central US\",\r\n        \"North Europe\",\r\n        \"West Europe\",\r\n        \"East Asia\",\r\n        \"Southeast Asia\",\r\n        \"Japan East\",\r\n        \"Japan West\",\r\n        \"Australia East\",\r\n        \"Australia Southeast\",\r\n        \"Brazil South\",\r\n        \"South India\",\r\n        \"Central India\",\r\n        \"West India\",\r\n        \"Canada Central\",\r\n        \"Canada East\",\r\n        \"West US 2\",\r\n        \"West Central US\",\r\n        \"UK South\",\r\n        \"UK West\",\r\n        \"Korea Central\",\r\n        \"Korea South\",\r\n        \"France Central\"\r\n      ],\r\n      \"apiVersions\": [\r\n        \"2014-04-01\"\r\n      ]\r\n    },\r\n    {\r\n      \"resourceType\": \"virtualMachines/metricDefinitions\",\r\n      \"locations\": [\r\n        \"East US\",\r\n        \"East US 2\",\r\n        \"West US\",\r\n        \"Central US\",\r\n        \"North Central US\",\r\n        \"South Central US\",\r\n        \"North Europe\",\r\n        \"West Europe\",\r\n        \"East Asia\",\r\n        \"Southeast Asia\",\r\n        \"Japan East\",\r\n        \"Japan West\",\r\n        \"Australia East\",\r\n        \"Australia Southeast\",\r\n        \"Brazil South\",\r\n        \"South India\",\r\n        \"Central India\",\r\n        \"West India\",\r\n        \"Canada Central\",\r\n        \"Canada East\",\r\n        \"West US 2\",\r\n        \"West Central US\",\r\n        \"UK South\",\r\n        \"UK West\",\r\n        \"Korea Central\",\r\n        \"Korea South\",\r\n        \"France Central\"\r\n      ],\r\n      \"apiVersions\": [\r\n        \"2014-04-01\"\r\n      ]\r\n    },\r\n    {\r\n      \"resourceType\": \"sharedVMImages\",\r\n      \"locations\": [\r\n        \"West Central US\"\r\n      ],\r\n      \"apiVersions\": [\r\n        \"2017-10-15-preview\"\r\n      ],\r\n      \"capabilities\": \"None\"\r\n    },\r\n    {\r\n      \"resourceType\": \"sharedVMImages/versions\",\r\n      \"locations\": [\r\n        \"West Central US\"\r\n      ],\r\n      \"apiVersions\": [\r\n        \"2017-10-15-preview\"\r\n      ],\r\n      \"capabilities\": \"None\"\r\n    },\r\n    {\r\n      \"resourceType\": \"locations/capsoperations\",\r\n      \"locations\": [\r\n        \"West Central US\"\r\n      ],\r\n      \"apiVersions\": [\r\n        \"2018-06-01\",\r\n        \"2017-10-15-preview\"\r\n      ]\r\n    },\r\n    {\r\n      \"resourceType\": \"disks\",\r\n      \"locations\": [\r\n        \"Southeast Asia\",\r\n        \"East US 2\",\r\n        \"Central US\",\r\n        \"West Europe\",\r\n        \"East US\",\r\n        \"North Central US\",\r\n        \"South Central US\",\r\n        \"West US\",\r\n        \"North Europe\",\r\n        \"East Asia\",\r\n        \"Brazil South\",\r\n        \"West US 2\",\r\n        \"West Central US\",\r\n        \"UK West\",\r\n        \"UK South\",\r\n        \"Japan East\",\r\n        \"Japan West\",\r\n        \"Canada Central\",\r\n        \"Canada East\",\r\n        \"Central India\",\r\n        \"South India\",\r\n        \"Australia East\",\r\n        \"Australia Southeast\",\r\n        \"Korea Central\",\r\n        \"Korea South\",\r\n        \"West India\",\r\n        \"France Central\"\r\n      ],\r\n      \"apiVersions\": [\r\n        \"2018-06-01\",\r\n        \"2018-04-01\",\r\n        \"2017-03-30\",\r\n        \"2016-04-30-preview\"\r\n      ],\r\n      \"zoneMappings\": [\r\n        {\r\n          \"location\": \"East US 2\",\r\n          \"zones\": [\r\n            \"1\",\r\n            \"2\",\r\n            \"3\"\r\n          ]\r\n        },\r\n        {\r\n          \"location\": \"Central US\",\r\n          \"zones\": [\r\n            \"1\",\r\n            \"2\",\r\n            \"3\"\r\n          ]\r\n        },\r\n        {\r\n          \"location\": \"West Europe\",\r\n          \"zones\": [\r\n            \"1\",\r\n            \"2\",\r\n            \"3\"\r\n          ]\r\n        },\r\n        {\r\n          \"location\": \"France Central\",\r\n          \"zones\": [\r\n            \"1\",\r\n            \"2\",\r\n            \"3\"\r\n          ]\r\n        },\r\n        {\r\n          \"location\": \"Southeast Asia\",\r\n          \"zones\": [\r\n            \"1\",\r\n            \"2\",\r\n            \"3\"\r\n          ]\r\n        },\r\n        {\r\n          \"location\": \"West US 2\",\r\n          \"zones\": [\r\n            \"1\",\r\n            \"2\",\r\n            \"3\"\r\n          ]\r\n        }\r\n      ],\r\n      \"capabilities\": \"CrossResourceGroupResourceMove, CrossSubscriptionResourceMove\"\r\n    },\r\n    {\r\n      \"resourceType\": \"snapshots\",\r\n      \"locations\": [\r\n        \"Southeast Asia\",\r\n        \"East US 2\",\r\n        \"Central US\",\r\n        \"West Europe\",\r\n        \"East US\",\r\n        \"North Central US\",\r\n        \"South Central US\",\r\n        \"West US\",\r\n        \"North Europe\",\r\n        \"East Asia\",\r\n        \"Brazil South\",\r\n        \"West US 2\",\r\n        \"West Central US\",\r\n        \"UK West\",\r\n        \"UK South\",\r\n        \"Japan East\",\r\n        \"Japan West\",\r\n        \"Canada Central\",\r\n        \"Canada East\",\r\n        \"Central India\",\r\n        \"South India\",\r\n        \"Australia East\",\r\n        \"Australia Southeast\",\r\n        \"Korea Central\",\r\n        \"Korea South\",\r\n        \"West India\",\r\n        \"France Central\"\r\n      ],\r\n      \"apiVersions\": [\r\n        \"2018-06-01\",\r\n        \"2018-04-01\",\r\n        \"2017-03-30\",\r\n        \"2016-04-30-preview\"\r\n      ],\r\n      \"capabilities\": \"CrossResourceGroupResourceMove, CrossSubscriptionResourceMove\"\r\n    },\r\n    {\r\n      \"resourceType\": \"locations/diskoperations\",\r\n      \"locations\": [\r\n        \"Southeast Asia\",\r\n        \"East US 2\",\r\n        \"Central US\",\r\n        \"West Europe\",\r\n        \"East US\",\r\n        \"North Central US\",\r\n        \"South Central US\",\r\n        \"West US\",\r\n        \"North Europe\",\r\n        \"East Asia\",\r\n        \"Brazil South\",\r\n        \"West US 2\",\r\n        \"West Central US\",\r\n        \"UK West\",\r\n        \"UK South\",\r\n        \"Japan East\",\r\n        \"Japan West\",\r\n        \"Canada Central\",\r\n        \"Canada East\",\r\n        \"Central India\",\r\n        \"South India\",\r\n        \"Australia East\",\r\n        \"Australia Southeast\",\r\n        \"Korea Central\",\r\n        \"Korea South\",\r\n        \"West India\",\r\n        \"France Central\"\r\n      ],\r\n      \"apiVersions\": [\r\n        \"2018-06-01\",\r\n        \"2018-04-01\",\r\n        \"2017-03-30\",\r\n        \"2016-04-30-preview\"\r\n      ]\r\n    },\r\n    {\r\n      \"resourceType\": \"images\",\r\n      \"locations\": [\r\n        \"Southeast Asia\",\r\n        \"East US 2\",\r\n        \"Central US\",\r\n        \"West Europe\",\r\n        \"East US\",\r\n        \"North Central US\",\r\n        \"South Central US\",\r\n        \"West US\",\r\n        \"North Europe\",\r\n        \"East Asia\",\r\n        \"Brazil South\",\r\n        \"West US 2\",\r\n        \"West Central US\",\r\n        \"UK West\",\r\n        \"UK South\",\r\n        \"Japan East\",\r\n        \"Japan West\",\r\n        \"Canada Central\",\r\n        \"Canada East\",\r\n        \"Central India\",\r\n        \"South India\",\r\n        \"Australia East\",\r\n        \"Australia Southeast\",\r\n        \"Korea Central\",\r\n        \"Korea South\",\r\n        \"West India\",\r\n        \"France Central\"\r\n      ],\r\n      \"apiVersions\": [\r\n        \"2018-06-01\",\r\n        \"2018-04-01\",\r\n        \"2017-12-01\",\r\n        \"2017-03-30\",\r\n        \"2016-08-30\",\r\n        \"2016-04-30-preview\"\r\n      ],\r\n      \"capabilities\": \"CrossResourceGroupResourceMove, CrossSubscriptionResourceMove\"\r\n    },\r\n    {\r\n      \"resourceType\": \"locations/logAnalytics\",\r\n      \"locations\": [\r\n        \"East US\",\r\n        \"East US 2\",\r\n        \"West US\",\r\n        \"Central US\",\r\n        \"North Central US\",\r\n        \"South Central US\",\r\n        \"North Europe\",\r\n        \"West Europe\",\r\n        \"East Asia\",\r\n        \"Southeast Asia\",\r\n        \"Japan East\",\r\n        \"Japan West\",\r\n        \"Australia East\",\r\n        \"Australia Southeast\",\r\n        \"Brazil South\",\r\n        \"South India\",\r\n        \"Central India\",\r\n        \"West India\",\r\n        \"Canada Central\",\r\n        \"Canada East\",\r\n        \"West US 2\",\r\n        \"West Central US\",\r\n        \"UK South\",\r\n        \"UK West\",\r\n        \"Korea Central\",\r\n        \"Korea South\",\r\n        \"France Central\"\r\n      ],\r\n      \"apiVersions\": [\r\n        \"2018-06-01\",\r\n        \"2018-04-01\",\r\n        \"2017-12-01\"\r\n      ]\r\n    }\r\n  ],\r\n  \"registrationState\": \"Registered\"\r\n}",
      "ResponseHeaders": {
        "Content-Length": [
          "16966"
        ],
        "Content-Type": [
          "application/json; charset=utf-8"
        ],
        "Expires": [
          "-1"
        ],
        "Pragma": [
          "no-cache"
        ],
        "x-ms-ratelimit-remaining-subscription-reads": [
          "14999"
        ],
        "x-ms-request-id": [
          "2a24a9f0-f1e1-40ba-8d14-c5d41391c340"
        ],
        "x-ms-correlation-request-id": [
          "2a24a9f0-f1e1-40ba-8d14-c5d41391c340"
        ],
        "x-ms-routing-request-id": [
          "WESTUS2:20180714T063832Z:2a24a9f0-f1e1-40ba-8d14-c5d41391c340"
        ],
        "Strict-Transport-Security": [
          "max-age=31536000; includeSubDomains"
        ],
        "X-Content-Type-Options": [
          "nosniff"
        ],
        "Cache-Control": [
          "no-cache"
        ],
        "Date": [
          "Sat, 14 Jul 2018 06:38:31 GMT"
        ]
      },
      "StatusCode": 200
    },
    {
      "RequestUri": "/subscriptions/c9cbd920-c00c-427c-852b-8aaf38badaeb/resourcegroups/crptestps7616?api-version=2016-09-01",
      "EncodedRequestUri": "L3N1YnNjcmlwdGlvbnMvYzljYmQ5MjAtYzAwYy00MjdjLTg1MmItOGFhZjM4YmFkYWViL3Jlc291cmNlZ3JvdXBzL2NycHRlc3Rwczc2MTY/YXBpLXZlcnNpb249MjAxNi0wOS0wMQ==",
      "RequestMethod": "PUT",
      "RequestBody": "{\r\n  \"location\": \"East US\"\r\n}",
      "RequestHeaders": {
        "Content-Type": [
          "application/json; charset=utf-8"
        ],
        "Content-Length": [
          "29"
        ],
        "x-ms-client-request-id": [
          "e1f06b11-de54-40ad-a348-7985aa92499e"
        ],
        "accept-language": [
          "en-US"
        ],
        "User-Agent": [
          "FxVersion/4.7.3110.0",
          "OSName/Windows10Enterprise",
          "OSVersion/6.3.17134",
          "Microsoft.Azure.Management.Internal.Resources.ResourceManagementClient/4.1.0"
        ]
      },
      "ResponseBody": "{\r\n  \"id\": \"/subscriptions/c9cbd920-c00c-427c-852b-8aaf38badaeb/resourceGroups/crptestps7616\",\r\n  \"name\": \"crptestps7616\",\r\n  \"location\": \"eastus\",\r\n  \"properties\": {\r\n    \"provisioningState\": \"Succeeded\"\r\n  }\r\n}",
      "ResponseHeaders": {
        "Content-Length": [
          "179"
        ],
        "Content-Type": [
          "application/json; charset=utf-8"
        ],
        "Expires": [
          "-1"
        ],
        "Pragma": [
          "no-cache"
        ],
        "x-ms-ratelimit-remaining-subscription-writes": [
          "1199"
        ],
        "x-ms-request-id": [
          "eb719f4e-914e-42e2-ad0c-c7f7a77545c7"
        ],
        "x-ms-correlation-request-id": [
          "eb719f4e-914e-42e2-ad0c-c7f7a77545c7"
        ],
        "x-ms-routing-request-id": [
          "WESTUS2:20180714T063834Z:eb719f4e-914e-42e2-ad0c-c7f7a77545c7"
        ],
        "Strict-Transport-Security": [
          "max-age=31536000; includeSubDomains"
        ],
        "X-Content-Type-Options": [
          "nosniff"
        ],
        "Cache-Control": [
          "no-cache"
        ],
        "Date": [
          "Sat, 14 Jul 2018 06:38:34 GMT"
        ]
      },
      "StatusCode": 201
    },
    {
      "RequestUri": "/subscriptions/c9cbd920-c00c-427c-852b-8aaf38badaeb/resourcegroups/crptestps7616?api-version=2016-09-01",
      "EncodedRequestUri": "L3N1YnNjcmlwdGlvbnMvYzljYmQ5MjAtYzAwYy00MjdjLTg1MmItOGFhZjM4YmFkYWViL3Jlc291cmNlZ3JvdXBzL2NycHRlc3Rwczc2MTY/YXBpLXZlcnNpb249MjAxNi0wOS0wMQ==",
      "RequestMethod": "GET",
      "RequestBody": "",
      "RequestHeaders": {
        "x-ms-client-request-id": [
          "d31e3ec9-c93b-400a-bd0a-9fe57628d118"
        ],
        "accept-language": [
          "en-US"
        ],
        "User-Agent": [
          "FxVersion/4.7.3110.0",
          "OSName/Windows10Enterprise",
          "OSVersion/6.3.17134",
          "Microsoft.Azure.Management.Internal.Resources.ResourceManagementClient/4.1.0"
        ]
      },
      "ResponseBody": "{\r\n  \"id\": \"/subscriptions/c9cbd920-c00c-427c-852b-8aaf38badaeb/resourceGroups/crptestps7616\",\r\n  \"name\": \"crptestps7616\",\r\n  \"location\": \"eastus\",\r\n  \"properties\": {\r\n    \"provisioningState\": \"Succeeded\"\r\n  }\r\n}",
      "ResponseHeaders": {
        "Content-Length": [
          "179"
        ],
        "Content-Type": [
          "application/json; charset=utf-8"
        ],
        "Expires": [
          "-1"
        ],
        "Pragma": [
          "no-cache"
        ],
        "x-ms-ratelimit-remaining-subscription-reads": [
          "14998"
        ],
        "x-ms-request-id": [
          "01ec4b3b-dfac-4d67-8ecf-c1241da4106a"
        ],
        "x-ms-correlation-request-id": [
          "01ec4b3b-dfac-4d67-8ecf-c1241da4106a"
        ],
        "x-ms-routing-request-id": [
          "WESTUS2:20180714T063834Z:01ec4b3b-dfac-4d67-8ecf-c1241da4106a"
        ],
        "Strict-Transport-Security": [
          "max-age=31536000; includeSubDomains"
        ],
        "X-Content-Type-Options": [
          "nosniff"
        ],
        "Cache-Control": [
          "no-cache"
        ],
        "Date": [
          "Sat, 14 Jul 2018 06:38:34 GMT"
        ]
      },
      "StatusCode": 200
    },
    {
      "RequestUri": "/subscriptions/c9cbd920-c00c-427c-852b-8aaf38badaeb/resourceGroups/crptestps7616/providers/Microsoft.Compute/disks/diskcrptestps7616?api-version=2018-04-01",
      "EncodedRequestUri": "L3N1YnNjcmlwdGlvbnMvYzljYmQ5MjAtYzAwYy00MjdjLTg1MmItOGFhZjM4YmFkYWViL3Jlc291cmNlR3JvdXBzL2NycHRlc3Rwczc2MTYvcHJvdmlkZXJzL01pY3Jvc29mdC5Db21wdXRlL2Rpc2tzL2Rpc2tjcnB0ZXN0cHM3NjE2P2FwaS12ZXJzaW9uPTIwMTgtMDQtMDE=",
      "RequestMethod": "PUT",
      "RequestBody": "{\r\n  \"sku\": {\r\n    \"name\": \"Standard_LRS\"\r\n  },\r\n  \"properties\": {\r\n    \"osType\": \"Windows\",\r\n    \"creationData\": {\r\n      \"createOption\": \"Empty\"\r\n    },\r\n    \"diskSizeGB\": 5,\r\n    \"encryptionSettings\": {\r\n      \"enabled\": false\r\n    }\r\n  },\r\n  \"location\": \"East US\",\r\n  \"tags\": {}\r\n}",
      "RequestHeaders": {
        "Content-Type": [
          "application/json; charset=utf-8"
        ],
        "Content-Length": [
          "285"
        ],
        "x-ms-client-request-id": [
          "cfa40e6c-bd37-42df-a21d-dd3074f89139"
        ],
        "accept-language": [
          "en-US"
        ],
        "User-Agent": [
          "FxVersion/4.7.3110.0",
          "OSName/Windows10Enterprise",
          "OSVersion/6.3.17134",
          "Microsoft.Azure.Management.Compute.ComputeManagementClient/20.0.0.0"
        ]
      },
      "ResponseBody": "{\r\n  \"sku\": {\r\n    \"name\": \"Standard_LRS\"\r\n  },\r\n  \"properties\": {\r\n    \"osType\": \"Windows\",\r\n    \"creationData\": {\r\n      \"createOption\": \"Empty\"\r\n    },\r\n    \"diskSizeGB\": 5,\r\n    \"encryptionSettings\": {\r\n      \"enabled\": false\r\n    },\r\n    \"provisioningState\": \"Updating\",\r\n    \"isArmResource\": true\r\n  },\r\n  \"location\": \"East US\",\r\n  \"tags\": {},\r\n  \"name\": \"diskcrptestps7616\"\r\n}",
      "ResponseHeaders": {
        "Content-Length": [
          "383"
        ],
        "Content-Type": [
          "application/json; charset=utf-8"
        ],
        "Expires": [
          "-1"
        ],
        "Pragma": [
          "no-cache"
        ],
        "Azure-AsyncOperation": [
          "https://management.azure.com/subscriptions/c9cbd920-c00c-427c-852b-8aaf38badaeb/providers/Microsoft.Compute/locations/eastus/DiskOperations/7c5220bf-50f9-437f-bc7c-be9256fda7b8?api-version=2018-04-01"
        ],
        "x-ms-ratelimit-remaining-resource": [
          "Microsoft.Compute/CreateUpdateDisks3Min;999,Microsoft.Compute/CreateUpdateDisks30Min;3999"
        ],
        "Strict-Transport-Security": [
          "max-age=31536000; includeSubDomains"
        ],
        "x-ms-served-by": [
          "c8cee89e-02eb-461a-b2d7-1b9cbd90e123_131719479933676975"
        ],
        "x-ms-request-id": [
          "7c5220bf-50f9-437f-bc7c-be9256fda7b8"
        ],
        "Cache-Control": [
          "no-cache"
        ],
        "Location": [
          "https://management.azure.com/subscriptions/c9cbd920-c00c-427c-852b-8aaf38badaeb/providers/Microsoft.Compute/locations/eastus/DiskOperations/7c5220bf-50f9-437f-bc7c-be9256fda7b8?monitor=true&api-version=2018-04-01"
        ],
        "Server": [
          "Microsoft-HTTPAPI/2.0",
          "Microsoft-HTTPAPI/2.0"
        ],
        "x-ms-ratelimit-remaining-subscription-writes": [
          "1199"
        ],
        "x-ms-correlation-request-id": [
          "5118cd45-8d21-431d-bf08-291cfc3b86bd"
        ],
        "x-ms-routing-request-id": [
          "WESTUS2:20180714T063835Z:5118cd45-8d21-431d-bf08-291cfc3b86bd"
        ],
        "X-Content-Type-Options": [
          "nosniff"
        ],
        "Date": [
          "Sat, 14 Jul 2018 06:38:35 GMT"
        ]
      },
      "StatusCode": 202
    },
    {
      "RequestUri": "/subscriptions/c9cbd920-c00c-427c-852b-8aaf38badaeb/providers/Microsoft.Compute/locations/eastus/DiskOperations/7c5220bf-50f9-437f-bc7c-be9256fda7b8?api-version=2018-04-01",
      "EncodedRequestUri": "L3N1YnNjcmlwdGlvbnMvYzljYmQ5MjAtYzAwYy00MjdjLTg1MmItOGFhZjM4YmFkYWViL3Byb3ZpZGVycy9NaWNyb3NvZnQuQ29tcHV0ZS9sb2NhdGlvbnMvZWFzdHVzL0Rpc2tPcGVyYXRpb25zLzdjNTIyMGJmLTUwZjktNDM3Zi1iYzdjLWJlOTI1NmZkYTdiOD9hcGktdmVyc2lvbj0yMDE4LTA0LTAx",
      "RequestMethod": "GET",
      "RequestBody": "",
      "RequestHeaders": {
        "User-Agent": [
          "FxVersion/4.7.3110.0",
          "OSName/Windows10Enterprise",
          "OSVersion/6.3.17134",
          "Microsoft.Azure.Management.Compute.ComputeManagementClient/20.0.0.0"
        ]
      },
      "ResponseBody": "{\r\n  \"startTime\": \"2018-07-13T23:38:35.7144229-07:00\",\r\n  \"endTime\": \"2018-07-13T23:38:35.8863666-07:00\",\r\n  \"status\": \"Succeeded\",\r\n  \"properties\": {\r\n    \"output\": {\r\n      \"sku\": {\r\n        \"name\": \"Standard_LRS\",\r\n        \"tier\": \"Standard\"\r\n      },\r\n      \"properties\": {\r\n        \"osType\": \"Windows\",\r\n        \"creationData\": {\r\n          \"createOption\": \"Empty\"\r\n        },\r\n        \"diskSizeGB\": 5,\r\n        \"encryptionSettings\": {\r\n          \"enabled\": false\r\n        },\r\n        \"timeCreated\": \"2018-07-13T23:38:35.7144229-07:00\",\r\n        \"provisioningState\": \"Succeeded\",\r\n        \"diskState\": \"Unattached\"\r\n      },\r\n      \"type\": \"Microsoft.Compute/disks\",\r\n      \"location\": \"eastus\",\r\n      \"tags\": {},\r\n      \"id\": \"/subscriptions/c9cbd920-c00c-427c-852b-8aaf38badaeb/resourceGroups/crptestps7616/providers/Microsoft.Compute/disks/diskcrptestps7616\",\r\n      \"name\": \"diskcrptestps7616\"\r\n    }\r\n  },\r\n  \"name\": \"7c5220bf-50f9-437f-bc7c-be9256fda7b8\"\r\n}",
      "ResponseHeaders": {
        "Content-Length": [
          "739"
        ],
        "Content-Type": [
          "application/json; charset=utf-8"
        ],
        "Expires": [
          "-1"
        ],
        "Pragma": [
          "no-cache"
        ],
        "x-ms-ratelimit-remaining-resource": [
          "Microsoft.Compute/GetOperation3Min;49998,Microsoft.Compute/GetOperation30Min;249998"
        ],
        "Strict-Transport-Security": [
          "max-age=31536000; includeSubDomains"
        ],
        "x-ms-served-by": [
          "c8cee89e-02eb-461a-b2d7-1b9cbd90e123_131719479933676975"
        ],
        "x-ms-request-id": [
          "3ef07f64-ebc6-48b9-9e7b-a976cb0f52b6"
        ],
        "Cache-Control": [
          "no-cache"
        ],
        "Server": [
          "Microsoft-HTTPAPI/2.0",
          "Microsoft-HTTPAPI/2.0"
        ],
        "x-ms-ratelimit-remaining-subscription-reads": [
          "14999"
        ],
        "x-ms-correlation-request-id": [
          "def9f0bb-3593-4749-a97d-e0a8206ae914"
        ],
        "x-ms-routing-request-id": [
          "WESTUS2:20180714T063905Z:def9f0bb-3593-4749-a97d-e0a8206ae914"
        ],
        "X-Content-Type-Options": [
          "nosniff"
        ],
        "Date": [
          "Sat, 14 Jul 2018 06:39:05 GMT"
        ]
      },
      "StatusCode": 200
    },
    {
      "RequestUri": "/subscriptions/c9cbd920-c00c-427c-852b-8aaf38badaeb/resourceGroups/crptestps7616/providers/Microsoft.Compute/disks/diskcrptestps7616?api-version=2018-04-01",
      "EncodedRequestUri": "L3N1YnNjcmlwdGlvbnMvYzljYmQ5MjAtYzAwYy00MjdjLTg1MmItOGFhZjM4YmFkYWViL3Jlc291cmNlR3JvdXBzL2NycHRlc3Rwczc2MTYvcHJvdmlkZXJzL01pY3Jvc29mdC5Db21wdXRlL2Rpc2tzL2Rpc2tjcnB0ZXN0cHM3NjE2P2FwaS12ZXJzaW9uPTIwMTgtMDQtMDE=",
      "RequestMethod": "GET",
      "RequestBody": "",
      "RequestHeaders": {
        "User-Agent": [
          "FxVersion/4.7.3110.0",
          "OSName/Windows10Enterprise",
          "OSVersion/6.3.17134",
          "Microsoft.Azure.Management.Compute.ComputeManagementClient/20.0.0.0"
        ]
      },
      "ResponseBody": "{\r\n  \"sku\": {\r\n    \"name\": \"Standard_LRS\",\r\n    \"tier\": \"Standard\"\r\n  },\r\n  \"properties\": {\r\n    \"osType\": \"Windows\",\r\n    \"creationData\": {\r\n      \"createOption\": \"Empty\"\r\n    },\r\n    \"diskSizeGB\": 5,\r\n    \"encryptionSettings\": {\r\n      \"enabled\": false\r\n    },\r\n    \"timeCreated\": \"2018-07-13T23:38:35.7144229-07:00\",\r\n    \"provisioningState\": \"Succeeded\",\r\n    \"diskState\": \"Unattached\"\r\n  },\r\n  \"type\": \"Microsoft.Compute/disks\",\r\n  \"location\": \"eastus\",\r\n  \"tags\": {},\r\n  \"id\": \"/subscriptions/c9cbd920-c00c-427c-852b-8aaf38badaeb/resourceGroups/crptestps7616/providers/Microsoft.Compute/disks/diskcrptestps7616\",\r\n  \"name\": \"diskcrptestps7616\"\r\n}",
      "ResponseHeaders": {
        "Content-Length": [
          "652"
        ],
        "Content-Type": [
          "application/json; charset=utf-8"
        ],
        "Expires": [
          "-1"
        ],
        "Pragma": [
          "no-cache"
        ],
        "x-ms-ratelimit-remaining-resource": [
          "Microsoft.Compute/LowCostGet3Min;4997,Microsoft.Compute/LowCostGet30Min;19996"
        ],
        "Strict-Transport-Security": [
          "max-age=31536000; includeSubDomains"
        ],
        "x-ms-served-by": [
          "c8cee89e-02eb-461a-b2d7-1b9cbd90e123_131719479933676975"
        ],
        "x-ms-request-id": [
          "97c8b005-a537-45e8-9cf3-dd7cb661d855"
        ],
        "Cache-Control": [
          "no-cache"
        ],
        "Server": [
          "Microsoft-HTTPAPI/2.0",
          "Microsoft-HTTPAPI/2.0"
        ],
        "x-ms-ratelimit-remaining-subscription-reads": [
          "14998"
        ],
        "x-ms-correlation-request-id": [
          "3cd8763d-718d-4a0d-b9e5-b1b501269ee6"
        ],
        "x-ms-routing-request-id": [
          "WESTUS2:20180714T063906Z:3cd8763d-718d-4a0d-b9e5-b1b501269ee6"
        ],
        "X-Content-Type-Options": [
          "nosniff"
        ],
        "Date": [
          "Sat, 14 Jul 2018 06:39:05 GMT"
        ]
      },
      "StatusCode": 200
    },
    {
      "RequestUri": "/subscriptions/c9cbd920-c00c-427c-852b-8aaf38badaeb/resourceGroups/crptestps7616/providers/Microsoft.Compute/disks/diskcrptestps7616?api-version=2018-04-01",
      "EncodedRequestUri": "L3N1YnNjcmlwdGlvbnMvYzljYmQ5MjAtYzAwYy00MjdjLTg1MmItOGFhZjM4YmFkYWViL3Jlc291cmNlR3JvdXBzL2NycHRlc3Rwczc2MTYvcHJvdmlkZXJzL01pY3Jvc29mdC5Db21wdXRlL2Rpc2tzL2Rpc2tjcnB0ZXN0cHM3NjE2P2FwaS12ZXJzaW9uPTIwMTgtMDQtMDE=",
      "RequestMethod": "GET",
      "RequestBody": "",
      "RequestHeaders": {
        "x-ms-client-request-id": [
          "52275c77-64c4-42a3-b54c-a5b122c67a7e"
        ],
        "accept-language": [
          "en-US"
        ],
        "User-Agent": [
          "FxVersion/4.7.3110.0",
          "OSName/Windows10Enterprise",
          "OSVersion/6.3.17134",
          "Microsoft.Azure.Management.Compute.ComputeManagementClient/20.0.0.0"
        ]
      },
      "ResponseBody": "{\r\n  \"sku\": {\r\n    \"name\": \"Standard_LRS\",\r\n    \"tier\": \"Standard\"\r\n  },\r\n  \"properties\": {\r\n    \"osType\": \"Windows\",\r\n    \"creationData\": {\r\n      \"createOption\": \"Empty\"\r\n    },\r\n    \"diskSizeGB\": 5,\r\n    \"encryptionSettings\": {\r\n      \"enabled\": false\r\n    },\r\n    \"timeCreated\": \"2018-07-13T23:38:35.7144229-07:00\",\r\n    \"provisioningState\": \"Succeeded\",\r\n    \"diskState\": \"Unattached\"\r\n  },\r\n  \"type\": \"Microsoft.Compute/disks\",\r\n  \"location\": \"eastus\",\r\n  \"tags\": {},\r\n  \"id\": \"/subscriptions/c9cbd920-c00c-427c-852b-8aaf38badaeb/resourceGroups/crptestps7616/providers/Microsoft.Compute/disks/diskcrptestps7616\",\r\n  \"name\": \"diskcrptestps7616\"\r\n}",
      "ResponseHeaders": {
        "Content-Length": [
          "652"
        ],
        "Content-Type": [
          "application/json; charset=utf-8"
        ],
        "Expires": [
          "-1"
        ],
        "Pragma": [
          "no-cache"
        ],
        "x-ms-ratelimit-remaining-resource": [
          "Microsoft.Compute/LowCostGet3Min;4996,Microsoft.Compute/LowCostGet30Min;19995"
        ],
        "Strict-Transport-Security": [
          "max-age=31536000; includeSubDomains"
        ],
        "x-ms-served-by": [
          "c8cee89e-02eb-461a-b2d7-1b9cbd90e123_131719479933676975"
        ],
        "x-ms-request-id": [
          "d5f698bc-8f11-4c34-bfb3-173d905d45aa"
        ],
        "Cache-Control": [
          "no-cache"
        ],
        "Server": [
          "Microsoft-HTTPAPI/2.0",
          "Microsoft-HTTPAPI/2.0"
        ],
        "x-ms-ratelimit-remaining-subscription-reads": [
          "14997"
        ],
        "x-ms-correlation-request-id": [
          "45be29ff-8474-4900-b4d7-6fcba82a76de"
        ],
        "x-ms-routing-request-id": [
          "WESTUS2:20180714T063906Z:45be29ff-8474-4900-b4d7-6fcba82a76de"
        ],
        "X-Content-Type-Options": [
          "nosniff"
        ],
        "Date": [
          "Sat, 14 Jul 2018 06:39:05 GMT"
        ]
      },
      "StatusCode": 200
    },
    {
      "RequestUri": "/subscriptions/c9cbd920-c00c-427c-852b-8aaf38badaeb/resourceGroups/crptestps7616/providers/Microsoft.Compute/disks/diskcrptestps7616?api-version=2018-04-01",
      "EncodedRequestUri": "L3N1YnNjcmlwdGlvbnMvYzljYmQ5MjAtYzAwYy00MjdjLTg1MmItOGFhZjM4YmFkYWViL3Jlc291cmNlR3JvdXBzL2NycHRlc3Rwczc2MTYvcHJvdmlkZXJzL01pY3Jvc29mdC5Db21wdXRlL2Rpc2tzL2Rpc2tjcnB0ZXN0cHM3NjE2P2FwaS12ZXJzaW9uPTIwMTgtMDQtMDE=",
      "RequestMethod": "GET",
      "RequestBody": "",
      "RequestHeaders": {
        "User-Agent": [
          "FxVersion/4.7.3110.0",
          "OSName/Windows10Enterprise",
          "OSVersion/6.3.17134",
          "Microsoft.Azure.Management.Compute.ComputeManagementClient/20.0.0.0"
        ]
      },
      "ResponseBody": "{\r\n  \"sku\": {\r\n    \"name\": \"Premium_LRS\",\r\n    \"tier\": \"Premium\"\r\n  },\r\n  \"properties\": {\r\n    \"osType\": \"Windows\",\r\n    \"creationData\": {\r\n      \"createOption\": \"Empty\"\r\n    },\r\n    \"diskSizeGB\": 10,\r\n    \"encryptionSettings\": {\r\n      \"enabled\": false\r\n    },\r\n    \"timeCreated\": \"2018-07-13T23:38:35.7144229-07:00\",\r\n    \"provisioningState\": \"Succeeded\",\r\n    \"diskState\": \"Unattached\"\r\n  },\r\n  \"type\": \"Microsoft.Compute/disks\",\r\n  \"location\": \"eastus\",\r\n  \"tags\": {},\r\n  \"id\": \"/subscriptions/c9cbd920-c00c-427c-852b-8aaf38badaeb/resourceGroups/crptestps7616/providers/Microsoft.Compute/disks/diskcrptestps7616\",\r\n  \"name\": \"diskcrptestps7616\"\r\n}",
      "ResponseHeaders": {
        "Content-Length": [
          "651"
        ],
        "Content-Type": [
          "application/json; charset=utf-8"
        ],
        "Expires": [
          "-1"
        ],
        "Pragma": [
          "no-cache"
        ],
        "x-ms-ratelimit-remaining-resource": [
          "Microsoft.Compute/LowCostGet3Min;4993,Microsoft.Compute/LowCostGet30Min;19992"
        ],
        "Strict-Transport-Security": [
          "max-age=31536000; includeSubDomains"
        ],
        "x-ms-served-by": [
          "c8cee89e-02eb-461a-b2d7-1b9cbd90e123_131719479933676975"
        ],
        "x-ms-request-id": [
          "ce2a92c6-24c3-40bd-8456-fa358922e99d"
        ],
        "Cache-Control": [
          "no-cache"
        ],
        "Server": [
          "Microsoft-HTTPAPI/2.0",
          "Microsoft-HTTPAPI/2.0"
        ],
        "x-ms-ratelimit-remaining-subscription-reads": [
          "14991"
        ],
        "x-ms-correlation-request-id": [
          "8c2ef234-acf4-4617-b818-7d3e1bcd8fc5"
        ],
        "x-ms-routing-request-id": [
          "WESTUS2:20180714T064039Z:8c2ef234-acf4-4617-b818-7d3e1bcd8fc5"
        ],
        "X-Content-Type-Options": [
          "nosniff"
        ],
        "Date": [
          "Sat, 14 Jul 2018 06:40:38 GMT"
        ]
      },
      "StatusCode": 200
    },
    {
      "RequestUri": "/subscriptions/c9cbd920-c00c-427c-852b-8aaf38badaeb/resourceGroups/crptestps7616/providers/Microsoft.Compute/disks/diskcrptestps7616/beginGetAccess?api-version=2018-04-01",
      "EncodedRequestUri": "L3N1YnNjcmlwdGlvbnMvYzljYmQ5MjAtYzAwYy00MjdjLTg1MmItOGFhZjM4YmFkYWViL3Jlc291cmNlR3JvdXBzL2NycHRlc3Rwczc2MTYvcHJvdmlkZXJzL01pY3Jvc29mdC5Db21wdXRlL2Rpc2tzL2Rpc2tjcnB0ZXN0cHM3NjE2L2JlZ2luR2V0QWNjZXNzP2FwaS12ZXJzaW9uPTIwMTgtMDQtMDE=",
      "RequestMethod": "POST",
      "RequestBody": "{\r\n  \"access\": \"Read\",\r\n  \"durationInSeconds\": 5\r\n}",
      "RequestHeaders": {
        "Content-Type": [
          "application/json; charset=utf-8"
        ],
        "Content-Length": [
          "51"
        ],
        "x-ms-client-request-id": [
          "0c82e5e4-3ef2-4704-85ea-4b03f051f78c"
        ],
        "accept-language": [
          "en-US"
        ],
        "User-Agent": [
          "FxVersion/4.7.3110.0",
          "OSName/Windows10Enterprise",
          "OSVersion/6.3.17134",
          "Microsoft.Azure.Management.Compute.ComputeManagementClient/20.0.0.0"
        ]
      },
      "ResponseBody": "",
      "ResponseHeaders": {
        "Content-Length": [
          "0"
        ],
        "Expires": [
          "-1"
        ],
        "Pragma": [
          "no-cache"
        ],
        "Azure-AsyncOperation": [
          "https://management.azure.com/subscriptions/c9cbd920-c00c-427c-852b-8aaf38badaeb/providers/Microsoft.Compute/locations/eastus/DiskOperations/de0dd216-2eb2-4a68-ae8f-9675b9aaff3e?api-version=2018-04-01"
        ],
        "x-ms-ratelimit-remaining-resource": [
          "Microsoft.Compute/HighCostDiskHydrate3Min;999,Microsoft.Compute/HighCostDiskHydrate30Min;4999"
        ],
        "Strict-Transport-Security": [
          "max-age=31536000; includeSubDomains"
        ],
        "x-ms-served-by": [
          "c8cee89e-02eb-461a-b2d7-1b9cbd90e123_131719479933676975"
        ],
        "x-ms-request-id": [
          "de0dd216-2eb2-4a68-ae8f-9675b9aaff3e"
        ],
        "Cache-Control": [
          "no-cache"
        ],
        "Location": [
          "https://management.azure.com/subscriptions/c9cbd920-c00c-427c-852b-8aaf38badaeb/providers/Microsoft.Compute/locations/eastus/DiskOperations/de0dd216-2eb2-4a68-ae8f-9675b9aaff3e?monitor=true&api-version=2018-04-01"
        ],
        "Server": [
          "Microsoft-HTTPAPI/2.0",
          "Microsoft-HTTPAPI/2.0"
        ],
        "x-ms-ratelimit-remaining-subscription-writes": [
          "1198"
        ],
        "x-ms-correlation-request-id": [
          "d8bf180a-4c6f-4556-8af6-9a013f75d80c"
        ],
        "x-ms-routing-request-id": [
          "WESTUS2:20180714T063906Z:d8bf180a-4c6f-4556-8af6-9a013f75d80c"
        ],
        "X-Content-Type-Options": [
          "nosniff"
        ],
        "Date": [
          "Sat, 14 Jul 2018 06:39:05 GMT"
        ]
      },
      "StatusCode": 202
    },
    {
      "RequestUri": "/subscriptions/c9cbd920-c00c-427c-852b-8aaf38badaeb/providers/Microsoft.Compute/locations/eastus/DiskOperations/de0dd216-2eb2-4a68-ae8f-9675b9aaff3e?api-version=2018-04-01",
      "EncodedRequestUri": "L3N1YnNjcmlwdGlvbnMvYzljYmQ5MjAtYzAwYy00MjdjLTg1MmItOGFhZjM4YmFkYWViL3Byb3ZpZGVycy9NaWNyb3NvZnQuQ29tcHV0ZS9sb2NhdGlvbnMvZWFzdHVzL0Rpc2tPcGVyYXRpb25zL2RlMGRkMjE2LTJlYjItNGE2OC1hZThmLTk2NzViOWFhZmYzZT9hcGktdmVyc2lvbj0yMDE4LTA0LTAx",
      "RequestMethod": "GET",
      "RequestBody": "",
      "RequestHeaders": {
        "User-Agent": [
          "FxVersion/4.7.3110.0",
          "OSName/Windows10Enterprise",
          "OSVersion/6.3.17134",
          "Microsoft.Azure.Management.Compute.ComputeManagementClient/20.0.0.0"
        ]
      },
	  //[SuppressMessage("Microsoft.Security", "CS002:SecretInNextLine")]
      "ResponseBody": "{\r\n  \"startTime\": \"2018-07-13T23:39:06.523494-07:00\",\r\n  \"endTime\": \"2018-07-13T23:39:17.2455559-07:00\",\r\n  \"status\": \"Succeeded\",\r\n  \"properties\": {\r\n    \"output\": {\r\n      \"accessSAS\": \"https://md-jdb4hpmkvbg1.blob.core.windows.net/p5szd22bvh1w/abcd?sv=2017-04-17&sr=b&si=70a6f3a0-a036-4a44-bd13-db44973e2d56&sig=6QVOmCJ4RPOuWR8dbz34Y%2BNvHN8tv8P29%2BJ7t3mjT1E%3D\"\r\n    }\r\n  },\r\n  \"name\": \"de0dd216-2eb2-4a68-ae8f-9675b9aaff3e\"\r\n}",
      "ResponseHeaders": {
        "Content-Length": [
          "424"
        ],
        "Content-Type": [
          "application/json; charset=utf-8"
        ],
        "Expires": [
          "-1"
        ],
        "Pragma": [
          "no-cache"
        ],
        "x-ms-ratelimit-remaining-resource": [
          "Microsoft.Compute/GetOperation3Min;49996,Microsoft.Compute/GetOperation30Min;249996"
        ],
        "Strict-Transport-Security": [
          "max-age=31536000; includeSubDomains"
        ],
        "x-ms-served-by": [
          "c8cee89e-02eb-461a-b2d7-1b9cbd90e123_131719479933676975"
        ],
        "x-ms-request-id": [
          "cb49c0af-c5d5-437b-b2eb-ac7d72ac6eca"
        ],
        "Cache-Control": [
          "no-cache"
        ],
        "Server": [
          "Microsoft-HTTPAPI/2.0",
          "Microsoft-HTTPAPI/2.0"
        ],
        "x-ms-ratelimit-remaining-subscription-reads": [
          "14996"
        ],
        "x-ms-correlation-request-id": [
          "c94d2467-327c-4a9c-b012-ae97f9a2a9b5"
        ],
        "x-ms-routing-request-id": [
          "WESTUS2:20180714T063936Z:c94d2467-327c-4a9c-b012-ae97f9a2a9b5"
        ],
        "X-Content-Type-Options": [
          "nosniff"
        ],
        "Date": [
          "Sat, 14 Jul 2018 06:39:36 GMT"
        ]
      },
      "StatusCode": 200
    },
    {
      "RequestUri": "/subscriptions/c9cbd920-c00c-427c-852b-8aaf38badaeb/providers/Microsoft.Compute/locations/eastus/DiskOperations/de0dd216-2eb2-4a68-ae8f-9675b9aaff3e?monitor=true&api-version=2018-04-01",
      "EncodedRequestUri": "L3N1YnNjcmlwdGlvbnMvYzljYmQ5MjAtYzAwYy00MjdjLTg1MmItOGFhZjM4YmFkYWViL3Byb3ZpZGVycy9NaWNyb3NvZnQuQ29tcHV0ZS9sb2NhdGlvbnMvZWFzdHVzL0Rpc2tPcGVyYXRpb25zL2RlMGRkMjE2LTJlYjItNGE2OC1hZThmLTk2NzViOWFhZmYzZT9tb25pdG9yPXRydWUmYXBpLXZlcnNpb249MjAxOC0wNC0wMQ==",
      "RequestMethod": "GET",
      "RequestBody": "",
      "RequestHeaders": {
        "User-Agent": [
          "FxVersion/4.7.3110.0",
          "OSName/Windows10Enterprise",
          "OSVersion/6.3.17134",
          "Microsoft.Azure.Management.Compute.ComputeManagementClient/20.0.0.0"
        ]
      },
	  //[SuppressMessage("Microsoft.Security", "CS002:SecretInNextLine")]
      "ResponseBody": "{\r\n  \"accessSAS\": \"https://md-jdb4hpmkvbg1.blob.core.windows.net/p5szd22bvh1w/abcd?sv=2017-04-17&sr=b&si=70a6f3a0-a036-4a44-bd13-db44973e2d56&sig=6QVOmCJ4RPOuWR8dbz34Y%2BNvHN8tv8P29%2BJ7t3mjT1E%3D\"\r\n}",
      "ResponseHeaders": {
        "Content-Length": [
          "200"
        ],
        "Content-Type": [
          "application/json; charset=utf-8"
        ],
        "Expires": [
          "-1"
        ],
        "Pragma": [
          "no-cache"
        ],
        "x-ms-ratelimit-remaining-resource": [
          "Microsoft.Compute/GetOperation3Min;49995,Microsoft.Compute/GetOperation30Min;249995"
        ],
        "Strict-Transport-Security": [
          "max-age=31536000; includeSubDomains"
        ],
        "x-ms-served-by": [
          "c8cee89e-02eb-461a-b2d7-1b9cbd90e123_131719479933676975"
        ],
        "x-ms-request-id": [
          "82fef7a4-1f18-427f-8930-1a6019f2691b"
        ],
        "Cache-Control": [
          "no-cache"
        ],
        "Server": [
          "Microsoft-HTTPAPI/2.0",
          "Microsoft-HTTPAPI/2.0"
        ],
        "x-ms-ratelimit-remaining-subscription-reads": [
          "14995"
        ],
        "x-ms-correlation-request-id": [
          "34865449-9095-4075-a7ba-43c4a83968f8"
        ],
        "x-ms-routing-request-id": [
          "WESTUS2:20180714T063936Z:34865449-9095-4075-a7ba-43c4a83968f8"
        ],
        "X-Content-Type-Options": [
          "nosniff"
        ],
        "Date": [
          "Sat, 14 Jul 2018 06:39:36 GMT"
        ]
      },
      "StatusCode": 200
    },
    {
      "RequestUri": "/subscriptions/c9cbd920-c00c-427c-852b-8aaf38badaeb/resourceGroups/crptestps7616/providers/Microsoft.Compute/disks/diskcrptestps7616/endGetAccess?api-version=2018-04-01",
      "EncodedRequestUri": "L3N1YnNjcmlwdGlvbnMvYzljYmQ5MjAtYzAwYy00MjdjLTg1MmItOGFhZjM4YmFkYWViL3Jlc291cmNlR3JvdXBzL2NycHRlc3Rwczc2MTYvcHJvdmlkZXJzL01pY3Jvc29mdC5Db21wdXRlL2Rpc2tzL2Rpc2tjcnB0ZXN0cHM3NjE2L2VuZEdldEFjY2Vzcz9hcGktdmVyc2lvbj0yMDE4LTA0LTAx",
      "RequestMethod": "POST",
      "RequestBody": "",
      "RequestHeaders": {
        "x-ms-client-request-id": [
          "b3ce4c04-37c8-4bad-88bf-a6f92fda3de5"
        ],
        "accept-language": [
          "en-US"
        ],
        "User-Agent": [
          "FxVersion/4.7.3110.0",
          "OSName/Windows10Enterprise",
          "OSVersion/6.3.17134",
          "Microsoft.Azure.Management.Compute.ComputeManagementClient/20.0.0.0"
        ]
      },
      "ResponseBody": "",
      "ResponseHeaders": {
        "Content-Length": [
          "0"
        ],
        "Expires": [
          "-1"
        ],
        "Pragma": [
          "no-cache"
        ],
        "Azure-AsyncOperation": [
          "https://management.azure.com/subscriptions/c9cbd920-c00c-427c-852b-8aaf38badaeb/providers/Microsoft.Compute/locations/eastus/DiskOperations/9a52773a-1fb0-4fc3-a999-9a1f1cf0dbf5?api-version=2018-04-01"
        ],
        "x-ms-ratelimit-remaining-resource": [
          "Microsoft.Compute/HighCostDiskHydrate3Min;998,Microsoft.Compute/HighCostDiskHydrate30Min;4998"
        ],
        "Strict-Transport-Security": [
          "max-age=31536000; includeSubDomains"
        ],
        "x-ms-served-by": [
          "c8cee89e-02eb-461a-b2d7-1b9cbd90e123_131719479933676975"
        ],
        "x-ms-request-id": [
          "9a52773a-1fb0-4fc3-a999-9a1f1cf0dbf5"
        ],
        "Cache-Control": [
          "no-cache"
        ],
        "Location": [
          "https://management.azure.com/subscriptions/c9cbd920-c00c-427c-852b-8aaf38badaeb/providers/Microsoft.Compute/locations/eastus/DiskOperations/9a52773a-1fb0-4fc3-a999-9a1f1cf0dbf5?monitor=true&api-version=2018-04-01"
        ],
        "Server": [
          "Microsoft-HTTPAPI/2.0",
          "Microsoft-HTTPAPI/2.0"
        ],
        "x-ms-ratelimit-remaining-subscription-writes": [
          "1197"
        ],
        "x-ms-correlation-request-id": [
          "d821c75c-371a-4cc7-946e-2546f78f3135"
        ],
        "x-ms-routing-request-id": [
          "WESTUS2:20180714T063937Z:d821c75c-371a-4cc7-946e-2546f78f3135"
        ],
        "X-Content-Type-Options": [
          "nosniff"
        ],
        "Date": [
          "Sat, 14 Jul 2018 06:39:36 GMT"
        ]
      },
      "StatusCode": 202
    },
    {
      "RequestUri": "/subscriptions/c9cbd920-c00c-427c-852b-8aaf38badaeb/providers/Microsoft.Compute/locations/eastus/DiskOperations/9a52773a-1fb0-4fc3-a999-9a1f1cf0dbf5?api-version=2018-04-01",
      "EncodedRequestUri": "L3N1YnNjcmlwdGlvbnMvYzljYmQ5MjAtYzAwYy00MjdjLTg1MmItOGFhZjM4YmFkYWViL3Byb3ZpZGVycy9NaWNyb3NvZnQuQ29tcHV0ZS9sb2NhdGlvbnMvZWFzdHVzL0Rpc2tPcGVyYXRpb25zLzlhNTI3NzNhLTFmYjAtNGZjMy1hOTk5LTlhMWYxY2YwZGJmNT9hcGktdmVyc2lvbj0yMDE4LTA0LTAx",
      "RequestMethod": "GET",
      "RequestBody": "",
      "RequestHeaders": {
        "User-Agent": [
          "FxVersion/4.7.3110.0",
          "OSName/Windows10Enterprise",
          "OSVersion/6.3.17134",
          "Microsoft.Azure.Management.Compute.ComputeManagementClient/20.0.0.0"
        ]
      },
      "ResponseBody": "{\r\n  \"startTime\": \"2018-07-13T23:39:36.9628562-07:00\",\r\n  \"endTime\": \"2018-07-13T23:39:37.1347664-07:00\",\r\n  \"status\": \"Succeeded\",\r\n  \"name\": \"9a52773a-1fb0-4fc3-a999-9a1f1cf0dbf5\"\r\n}",
      "ResponseHeaders": {
        "Content-Length": [
          "184"
        ],
        "Content-Type": [
          "application/json; charset=utf-8"
        ],
        "Expires": [
          "-1"
        ],
        "Pragma": [
          "no-cache"
        ],
        "x-ms-ratelimit-remaining-resource": [
          "Microsoft.Compute/GetOperation3Min;49993,Microsoft.Compute/GetOperation30Min;249993"
        ],
        "Strict-Transport-Security": [
          "max-age=31536000; includeSubDomains"
        ],
        "x-ms-served-by": [
          "c8cee89e-02eb-461a-b2d7-1b9cbd90e123_131719479933676975"
        ],
        "x-ms-request-id": [
          "c4b2b903-cc4a-4df2-b761-73a5bfc25d83"
        ],
        "x-ms-ratelimit-remaining-subscription-reads": [
          "14994"
        ],
        "Cache-Control": [
          "no-cache"
        ],
        "Server": [
          "Microsoft-HTTPAPI/2.0",
          "Microsoft-HTTPAPI/2.0"
        ],
        "x-ms-correlation-request-id": [
          "e090e5ea-0df5-4037-ad3f-6e39e49a5085"
        ],
        "x-ms-routing-request-id": [
          "WESTUS2:20180714T064007Z:e090e5ea-0df5-4037-ad3f-6e39e49a5085"
        ],
        "X-Content-Type-Options": [
          "nosniff"
        ],
        "Date": [
          "Sat, 14 Jul 2018 06:40:07 GMT"
        ]
      },
      "StatusCode": 200
    },
    {
      "RequestUri": "/subscriptions/c9cbd920-c00c-427c-852b-8aaf38badaeb/providers/Microsoft.Compute/locations/eastus/DiskOperations/9a52773a-1fb0-4fc3-a999-9a1f1cf0dbf5?monitor=true&api-version=2018-04-01",
      "EncodedRequestUri": "L3N1YnNjcmlwdGlvbnMvYzljYmQ5MjAtYzAwYy00MjdjLTg1MmItOGFhZjM4YmFkYWViL3Byb3ZpZGVycy9NaWNyb3NvZnQuQ29tcHV0ZS9sb2NhdGlvbnMvZWFzdHVzL0Rpc2tPcGVyYXRpb25zLzlhNTI3NzNhLTFmYjAtNGZjMy1hOTk5LTlhMWYxY2YwZGJmNT9tb25pdG9yPXRydWUmYXBpLXZlcnNpb249MjAxOC0wNC0wMQ==",
      "RequestMethod": "GET",
      "RequestBody": "",
      "RequestHeaders": {
        "User-Agent": [
          "FxVersion/4.7.3110.0",
          "OSName/Windows10Enterprise",
          "OSVersion/6.3.17134",
          "Microsoft.Azure.Management.Compute.ComputeManagementClient/20.0.0.0"
        ]
      },
      "ResponseBody": "",
      "ResponseHeaders": {
        "Content-Length": [
          "0"
        ],
        "Expires": [
          "-1"
        ],
        "Pragma": [
          "no-cache"
        ],
        "x-ms-ratelimit-remaining-resource": [
          "Microsoft.Compute/GetOperation3Min;49992,Microsoft.Compute/GetOperation30Min;249992"
        ],
        "Strict-Transport-Security": [
          "max-age=31536000; includeSubDomains"
        ],
        "x-ms-served-by": [
          "c8cee89e-02eb-461a-b2d7-1b9cbd90e123_131719479933676975"
        ],
        "x-ms-request-id": [
          "f9a3e3a4-eba7-4be3-b9a1-e2d436ab83a9"
        ],
        "Cache-Control": [
          "no-cache"
        ],
        "Server": [
          "Microsoft-HTTPAPI/2.0",
          "Microsoft-HTTPAPI/2.0"
        ],
        "x-ms-ratelimit-remaining-subscription-reads": [
          "14993"
        ],
        "x-ms-correlation-request-id": [
          "9dbed168-3b09-415f-b180-a18571e998a8"
        ],
        "x-ms-routing-request-id": [
          "WESTUS2:20180714T064007Z:9dbed168-3b09-415f-b180-a18571e998a8"
        ],
        "X-Content-Type-Options": [
          "nosniff"
        ],
        "Date": [
          "Sat, 14 Jul 2018 06:40:07 GMT"
        ]
      },
      "StatusCode": 200
    },
    {
      "RequestUri": "/subscriptions/c9cbd920-c00c-427c-852b-8aaf38badaeb/resourceGroups/crptestps7616/providers/Microsoft.Compute/disks/diskcrptestps7616?api-version=2018-04-01",
      "EncodedRequestUri": "L3N1YnNjcmlwdGlvbnMvYzljYmQ5MjAtYzAwYy00MjdjLTg1MmItOGFhZjM4YmFkYWViL3Jlc291cmNlR3JvdXBzL2NycHRlc3Rwczc2MTYvcHJvdmlkZXJzL01pY3Jvc29mdC5Db21wdXRlL2Rpc2tzL2Rpc2tjcnB0ZXN0cHM3NjE2P2FwaS12ZXJzaW9uPTIwMTgtMDQtMDE=",
      "RequestMethod": "PATCH",
      "RequestBody": "{\r\n  \"properties\": {\r\n    \"osType\": \"Windows\",\r\n    \"diskSizeGB\": 10\r\n  },\r\n  \"tags\": {},\r\n  \"sku\": {\r\n    \"name\": \"Premium_LRS\"\r\n  }\r\n}",
      "RequestHeaders": {
        "Content-Type": [
          "application/json; charset=utf-8"
        ],
        "Content-Length": [
          "136"
        ],
        "x-ms-client-request-id": [
          "da49d680-3b33-49c2-bf10-ecd6c062881c"
        ],
        "accept-language": [
          "en-US"
        ],
        "User-Agent": [
          "FxVersion/4.7.3110.0",
          "OSName/Windows10Enterprise",
          "OSVersion/6.3.17134",
          "Microsoft.Azure.Management.Compute.ComputeManagementClient/20.0.0.0"
        ]
      },
      "ResponseBody": "{\r\n  \"sku\": {\r\n    \"name\": \"Premium_LRS\"\r\n  },\r\n  \"properties\": {\r\n    \"osType\": \"Windows\",\r\n    \"creationData\": {\r\n      \"createOption\": \"Empty\"\r\n    },\r\n    \"diskSizeGB\": 10,\r\n    \"provisioningState\": \"Updating\",\r\n    \"isArmResource\": true,\r\n    \"faultDomain\": 0\r\n  },\r\n  \"location\": \"eastus\",\r\n  \"tags\": {},\r\n  \"name\": \"diskcrptestps7616\"\r\n}",
      "ResponseHeaders": {
        "Content-Length": [
          "344"
        ],
        "Content-Type": [
          "application/json; charset=utf-8"
        ],
        "Expires": [
          "-1"
        ],
        "Pragma": [
          "no-cache"
        ],
        "Azure-AsyncOperation": [
          "https://management.azure.com/subscriptions/c9cbd920-c00c-427c-852b-8aaf38badaeb/providers/Microsoft.Compute/locations/eastus/DiskOperations/bf35b203-ed4d-4695-a9f1-385a1a20c947?api-version=2018-04-01"
        ],
        "x-ms-ratelimit-remaining-resource": [
          "Microsoft.Compute/CreateUpdateDisks3Min;998,Microsoft.Compute/CreateUpdateDisks30Min;3998"
        ],
        "Strict-Transport-Security": [
          "max-age=31536000; includeSubDomains"
        ],
        "x-ms-served-by": [
          "c8cee89e-02eb-461a-b2d7-1b9cbd90e123_131719479933676975"
        ],
        "x-ms-request-id": [
          "bf35b203-ed4d-4695-a9f1-385a1a20c947"
        ],
        "Cache-Control": [
          "no-cache"
        ],
        "Location": [
          "https://management.azure.com/subscriptions/c9cbd920-c00c-427c-852b-8aaf38badaeb/providers/Microsoft.Compute/locations/eastus/DiskOperations/bf35b203-ed4d-4695-a9f1-385a1a20c947?monitor=true&api-version=2018-04-01"
        ],
        "Server": [
          "Microsoft-HTTPAPI/2.0",
          "Microsoft-HTTPAPI/2.0"
        ],
        "x-ms-ratelimit-remaining-subscription-writes": [
          "1196"
        ],
        "x-ms-correlation-request-id": [
          "19454076-f9bc-4ea5-820c-13b9f0132991"
        ],
        "x-ms-routing-request-id": [
          "WESTUS2:20180714T064008Z:19454076-f9bc-4ea5-820c-13b9f0132991"
        ],
        "X-Content-Type-Options": [
          "nosniff"
        ],
        "Date": [
          "Sat, 14 Jul 2018 06:40:08 GMT"
        ]
      },
      "StatusCode": 202
    },
    {
      "RequestUri": "/subscriptions/c9cbd920-c00c-427c-852b-8aaf38badaeb/providers/Microsoft.Compute/locations/eastus/DiskOperations/bf35b203-ed4d-4695-a9f1-385a1a20c947?api-version=2018-04-01",
      "EncodedRequestUri": "L3N1YnNjcmlwdGlvbnMvYzljYmQ5MjAtYzAwYy00MjdjLTg1MmItOGFhZjM4YmFkYWViL3Byb3ZpZGVycy9NaWNyb3NvZnQuQ29tcHV0ZS9sb2NhdGlvbnMvZWFzdHVzL0Rpc2tPcGVyYXRpb25zL2JmMzViMjAzLWVkNGQtNDY5NS1hOWYxLTM4NWExYTIwYzk0Nz9hcGktdmVyc2lvbj0yMDE4LTA0LTAx",
      "RequestMethod": "GET",
      "RequestBody": "",
      "RequestHeaders": {
        "User-Agent": [
          "FxVersion/4.7.3110.0",
          "OSName/Windows10Enterprise",
          "OSVersion/6.3.17134",
          "Microsoft.Azure.Management.Compute.ComputeManagementClient/20.0.0.0"
        ]
      },
      "ResponseBody": "{\r\n  \"startTime\": \"2018-07-13T23:40:08.5933615-07:00\",\r\n  \"endTime\": \"2018-07-13T23:40:19.8567726-07:00\",\r\n  \"status\": \"Succeeded\",\r\n  \"properties\": {\r\n    \"output\": {\r\n      \"sku\": {\r\n        \"name\": \"Premium_LRS\",\r\n        \"tier\": \"Premium\"\r\n      },\r\n      \"properties\": {\r\n        \"osType\": \"Windows\",\r\n        \"creationData\": {\r\n          \"createOption\": \"Empty\"\r\n        },\r\n        \"diskSizeGB\": 10,\r\n        \"encryptionSettings\": {\r\n          \"enabled\": false\r\n        },\r\n        \"timeCreated\": \"2018-07-13T23:38:35.7144229-07:00\",\r\n        \"provisioningState\": \"Succeeded\",\r\n        \"diskState\": \"Unattached\"\r\n      },\r\n      \"type\": \"Microsoft.Compute/disks\",\r\n      \"location\": \"eastus\",\r\n      \"tags\": {},\r\n      \"id\": \"/subscriptions/c9cbd920-c00c-427c-852b-8aaf38badaeb/resourceGroups/crptestps7616/providers/Microsoft.Compute/disks/diskcrptestps7616\",\r\n      \"name\": \"diskcrptestps7616\"\r\n    }\r\n  },\r\n  \"name\": \"bf35b203-ed4d-4695-a9f1-385a1a20c947\"\r\n}",
      "ResponseHeaders": {
        "Content-Length": [
          "738"
        ],
        "Content-Type": [
          "application/json; charset=utf-8"
        ],
        "Expires": [
          "-1"
        ],
        "Pragma": [
          "no-cache"
        ],
        "x-ms-ratelimit-remaining-resource": [
          "Microsoft.Compute/GetOperation3Min;49990,Microsoft.Compute/GetOperation30Min;249990"
        ],
        "Strict-Transport-Security": [
          "max-age=31536000; includeSubDomains"
        ],
        "x-ms-served-by": [
          "c8cee89e-02eb-461a-b2d7-1b9cbd90e123_131719479933676975"
        ],
        "x-ms-request-id": [
          "09977735-8fb4-4df2-b7e9-72f4eef8e270"
        ],
        "Cache-Control": [
          "no-cache"
        ],
        "Server": [
          "Microsoft-HTTPAPI/2.0",
          "Microsoft-HTTPAPI/2.0"
        ],
        "x-ms-ratelimit-remaining-subscription-reads": [
          "14992"
        ],
        "x-ms-correlation-request-id": [
          "c3536d01-6449-4d23-89c3-e7023f189df9"
        ],
        "x-ms-routing-request-id": [
          "WESTUS2:20180714T064038Z:c3536d01-6449-4d23-89c3-e7023f189df9"
        ],
        "X-Content-Type-Options": [
          "nosniff"
        ],
        "Date": [
          "Sat, 14 Jul 2018 06:40:37 GMT"
        ]
      },
      "StatusCode": 200
    },
    {
      "RequestUri": "/subscriptions/c9cbd920-c00c-427c-852b-8aaf38badaeb/resourceGroups/crptestps7616/providers/Microsoft.Compute/disks/diskcrptestps7616?api-version=2018-04-01",
      "EncodedRequestUri": "L3N1YnNjcmlwdGlvbnMvYzljYmQ5MjAtYzAwYy00MjdjLTg1MmItOGFhZjM4YmFkYWViL3Jlc291cmNlR3JvdXBzL2NycHRlc3Rwczc2MTYvcHJvdmlkZXJzL01pY3Jvc29mdC5Db21wdXRlL2Rpc2tzL2Rpc2tjcnB0ZXN0cHM3NjE2P2FwaS12ZXJzaW9uPTIwMTgtMDQtMDE=",
      "RequestMethod": "DELETE",
      "RequestBody": "",
      "RequestHeaders": {
        "x-ms-client-request-id": [
          "1d4bb153-6ba4-4ada-a685-f7fd8e75637c"
        ],
        "accept-language": [
          "en-US"
        ],
        "User-Agent": [
          "FxVersion/4.7.3110.0",
          "OSName/Windows10Enterprise",
          "OSVersion/6.3.17134",
          "Microsoft.Azure.Management.Compute.ComputeManagementClient/20.0.0.0"
        ]
      },
      "ResponseBody": "",
      "ResponseHeaders": {
        "Content-Length": [
          "0"
        ],
        "Expires": [
          "-1"
        ],
        "Pragma": [
          "no-cache"
        ],
        "Azure-AsyncOperation": [
          "https://management.azure.com/subscriptions/c9cbd920-c00c-427c-852b-8aaf38badaeb/providers/Microsoft.Compute/locations/eastus/DiskOperations/c705cab4-6e6d-44cf-9814-b97642efd34d?api-version=2018-04-01"
        ],
        "x-ms-ratelimit-remaining-resource": [
          "Microsoft.Compute/DeleteDisks3Min;999,Microsoft.Compute/DeleteDisks30Min;3999"
        ],
        "Strict-Transport-Security": [
          "max-age=31536000; includeSubDomains"
        ],
        "x-ms-served-by": [
          "c8cee89e-02eb-461a-b2d7-1b9cbd90e123_131719479933676975"
        ],
        "x-ms-request-id": [
          "c705cab4-6e6d-44cf-9814-b97642efd34d"
        ],
        "Cache-Control": [
          "no-cache"
        ],
        "Location": [
          "https://management.azure.com/subscriptions/c9cbd920-c00c-427c-852b-8aaf38badaeb/providers/Microsoft.Compute/locations/eastus/DiskOperations/c705cab4-6e6d-44cf-9814-b97642efd34d?monitor=true&api-version=2018-04-01"
        ],
        "Server": [
          "Microsoft-HTTPAPI/2.0",
          "Microsoft-HTTPAPI/2.0"
        ],
        "x-ms-ratelimit-remaining-subscription-deletes": [
          "14999"
        ],
        "x-ms-correlation-request-id": [
          "f40e6b7c-5477-4f12-8fd3-2555e8622343"
        ],
        "x-ms-routing-request-id": [
          "WESTUS2:20180714T064039Z:f40e6b7c-5477-4f12-8fd3-2555e8622343"
        ],
        "X-Content-Type-Options": [
          "nosniff"
        ],
        "Date": [
          "Sat, 14 Jul 2018 06:40:38 GMT"
        ]
      },
      "StatusCode": 202
    },
    {
      "RequestUri": "/subscriptions/c9cbd920-c00c-427c-852b-8aaf38badaeb/providers/Microsoft.Compute/locations/eastus/DiskOperations/c705cab4-6e6d-44cf-9814-b97642efd34d?api-version=2018-04-01",
      "EncodedRequestUri": "L3N1YnNjcmlwdGlvbnMvYzljYmQ5MjAtYzAwYy00MjdjLTg1MmItOGFhZjM4YmFkYWViL3Byb3ZpZGVycy9NaWNyb3NvZnQuQ29tcHV0ZS9sb2NhdGlvbnMvZWFzdHVzL0Rpc2tPcGVyYXRpb25zL2M3MDVjYWI0LTZlNmQtNDRjZi05ODE0LWI5NzY0MmVmZDM0ZD9hcGktdmVyc2lvbj0yMDE4LTA0LTAx",
      "RequestMethod": "GET",
      "RequestBody": "",
      "RequestHeaders": {
        "User-Agent": [
          "FxVersion/4.7.3110.0",
          "OSName/Windows10Enterprise",
          "OSVersion/6.3.17134",
          "Microsoft.Azure.Management.Compute.ComputeManagementClient/20.0.0.0"
        ]
      },
      "ResponseBody": "{\r\n  \"startTime\": \"2018-07-13T23:40:39.3832866-07:00\",\r\n  \"endTime\": \"2018-07-13T23:40:39.6021038-07:00\",\r\n  \"status\": \"Succeeded\",\r\n  \"name\": \"c705cab4-6e6d-44cf-9814-b97642efd34d\"\r\n}",
      "ResponseHeaders": {
        "Content-Length": [
          "184"
        ],
        "Content-Type": [
          "application/json; charset=utf-8"
        ],
        "Expires": [
          "-1"
        ],
        "Pragma": [
          "no-cache"
        ],
        "x-ms-ratelimit-remaining-resource": [
          "Microsoft.Compute/GetOperation3Min;49988,Microsoft.Compute/GetOperation30Min;249988"
        ],
        "Strict-Transport-Security": [
          "max-age=31536000; includeSubDomains"
        ],
        "x-ms-served-by": [
          "c8cee89e-02eb-461a-b2d7-1b9cbd90e123_131719479933676975"
        ],
        "x-ms-request-id": [
          "d681091a-4697-45bb-be1e-df009d688490"
        ],
        "Cache-Control": [
          "no-cache"
        ],
        "Server": [
          "Microsoft-HTTPAPI/2.0",
          "Microsoft-HTTPAPI/2.0"
        ],
        "x-ms-ratelimit-remaining-subscription-reads": [
          "14990"
        ],
        "x-ms-correlation-request-id": [
          "7d61200f-1888-4470-b717-0075b9c41598"
        ],
        "x-ms-routing-request-id": [
          "WESTUS2:20180714T064109Z:7d61200f-1888-4470-b717-0075b9c41598"
        ],
        "X-Content-Type-Options": [
          "nosniff"
        ],
        "Date": [
          "Sat, 14 Jul 2018 06:41:08 GMT"
        ]
      },
      "StatusCode": 200
    },
    {
      "RequestUri": "/subscriptions/c9cbd920-c00c-427c-852b-8aaf38badaeb/providers/Microsoft.Compute/locations/eastus/DiskOperations/c705cab4-6e6d-44cf-9814-b97642efd34d?monitor=true&api-version=2018-04-01",
      "EncodedRequestUri": "L3N1YnNjcmlwdGlvbnMvYzljYmQ5MjAtYzAwYy00MjdjLTg1MmItOGFhZjM4YmFkYWViL3Byb3ZpZGVycy9NaWNyb3NvZnQuQ29tcHV0ZS9sb2NhdGlvbnMvZWFzdHVzL0Rpc2tPcGVyYXRpb25zL2M3MDVjYWI0LTZlNmQtNDRjZi05ODE0LWI5NzY0MmVmZDM0ZD9tb25pdG9yPXRydWUmYXBpLXZlcnNpb249MjAxOC0wNC0wMQ==",
      "RequestMethod": "GET",
      "RequestBody": "",
      "RequestHeaders": {
        "User-Agent": [
          "FxVersion/4.7.3110.0",
          "OSName/Windows10Enterprise",
          "OSVersion/6.3.17134",
          "Microsoft.Azure.Management.Compute.ComputeManagementClient/20.0.0.0"
        ]
      },
      "ResponseBody": "",
      "ResponseHeaders": {
        "Content-Length": [
          "0"
        ],
        "Expires": [
          "-1"
        ],
        "Pragma": [
          "no-cache"
        ],
        "x-ms-ratelimit-remaining-resource": [
          "Microsoft.Compute/GetOperation3Min;49987,Microsoft.Compute/GetOperation30Min;249987"
        ],
        "Strict-Transport-Security": [
          "max-age=31536000; includeSubDomains"
        ],
        "x-ms-served-by": [
          "c8cee89e-02eb-461a-b2d7-1b9cbd90e123_131719479933676975"
        ],
        "x-ms-request-id": [
          "88f7705a-c2d5-4bdc-8582-8813b6a3c6f3"
        ],
        "Cache-Control": [
          "no-cache"
        ],
        "Server": [
          "Microsoft-HTTPAPI/2.0",
          "Microsoft-HTTPAPI/2.0"
        ],
        "x-ms-ratelimit-remaining-subscription-reads": [
          "14989"
        ],
        "x-ms-correlation-request-id": [
          "05cfca09-fec7-489a-ac6f-6c3c3432b2d9"
        ],
        "x-ms-routing-request-id": [
          "WESTUS2:20180714T064109Z:05cfca09-fec7-489a-ac6f-6c3c3432b2d9"
        ],
        "X-Content-Type-Options": [
          "nosniff"
        ],
        "Date": [
          "Sat, 14 Jul 2018 06:41:08 GMT"
        ]
      },
      "StatusCode": 200
    },
    {
      "RequestUri": "/subscriptions/c9cbd920-c00c-427c-852b-8aaf38badaeb/resourcegroups/crptestps7616?api-version=2016-09-01",
      "EncodedRequestUri": "L3N1YnNjcmlwdGlvbnMvYzljYmQ5MjAtYzAwYy00MjdjLTg1MmItOGFhZjM4YmFkYWViL3Jlc291cmNlZ3JvdXBzL2NycHRlc3Rwczc2MTY/YXBpLXZlcnNpb249MjAxNi0wOS0wMQ==",
      "RequestMethod": "DELETE",
      "RequestBody": "",
      "RequestHeaders": {
        "x-ms-client-request-id": [
          "0d212552-0814-4c29-8230-503404244924"
        ],
        "accept-language": [
          "en-US"
        ],
        "User-Agent": [
          "FxVersion/4.7.3110.0",
          "OSName/Windows10Enterprise",
          "OSVersion/6.3.17134",
          "Microsoft.Azure.Management.Internal.Resources.ResourceManagementClient/4.1.0"
        ]
      },
      "ResponseBody": "",
      "ResponseHeaders": {
        "Content-Length": [
          "0"
        ],
        "Expires": [
          "-1"
        ],
        "Pragma": [
          "no-cache"
        ],
        "Retry-After": [
          "15"
        ],
        "x-ms-ratelimit-remaining-subscription-deletes": [
          "14999"
        ],
        "x-ms-request-id": [
          "dd379e7d-ca54-423c-9ba5-96415aa2e354"
        ],
        "x-ms-correlation-request-id": [
          "dd379e7d-ca54-423c-9ba5-96415aa2e354"
        ],
        "x-ms-routing-request-id": [
          "WESTUS2:20180714T064111Z:dd379e7d-ca54-423c-9ba5-96415aa2e354"
        ],
        "Strict-Transport-Security": [
          "max-age=31536000; includeSubDomains"
        ],
        "X-Content-Type-Options": [
          "nosniff"
        ],
        "Cache-Control": [
          "no-cache"
        ],
        "Date": [
          "Sat, 14 Jul 2018 06:41:10 GMT"
        ],
        "Location": [
          "https://management.azure.com/subscriptions/c9cbd920-c00c-427c-852b-8aaf38badaeb/operationresults/eyJqb2JJZCI6IlJFU09VUkNFR1JPVVBERUxFVElPTkpPQi1DUlBURVNUUFM3NjE2LUVBU1RVUyIsImpvYkxvY2F0aW9uIjoiZWFzdHVzIn0?api-version=2016-09-01"
        ]
      },
      "StatusCode": 202
    },
    {
      "RequestUri": "/subscriptions/c9cbd920-c00c-427c-852b-8aaf38badaeb/operationresults/eyJqb2JJZCI6IlJFU09VUkNFR1JPVVBERUxFVElPTkpPQi1DUlBURVNUUFM3NjE2LUVBU1RVUyIsImpvYkxvY2F0aW9uIjoiZWFzdHVzIn0?api-version=2016-09-01",
      "EncodedRequestUri": "L3N1YnNjcmlwdGlvbnMvYzljYmQ5MjAtYzAwYy00MjdjLTg1MmItOGFhZjM4YmFkYWViL29wZXJhdGlvbnJlc3VsdHMvZXlKcWIySkpaQ0k2SWxKRlUwOVZVa05GUjFKUFZWQkVSVXhGVkVsUFRrcFBRaTFEVWxCVVJWTlVVRk0zTmpFMkxVVkJVMVJWVXlJc0ltcHZZa3h2WTJGMGFXOXVJam9pWldGemRIVnpJbjA/YXBpLXZlcnNpb249MjAxNi0wOS0wMQ==",
      "RequestMethod": "GET",
      "RequestBody": "",
      "RequestHeaders": {
        "User-Agent": [
          "FxVersion/4.7.3110.0",
          "OSName/Windows10Enterprise",
          "OSVersion/6.3.17134",
          "Microsoft.Azure.Management.Internal.Resources.ResourceManagementClient/4.1.0"
        ]
      },
      "ResponseBody": "",
      "ResponseHeaders": {
        "Content-Length": [
          "0"
        ],
        "Expires": [
          "-1"
        ],
        "Pragma": [
          "no-cache"
        ],
        "Retry-After": [
          "15"
        ],
        "x-ms-ratelimit-remaining-subscription-reads": [
          "14999"
        ],
        "x-ms-request-id": [
          "65d0dbc2-ad01-41fb-9c8a-10c022f951d3"
        ],
        "x-ms-correlation-request-id": [
          "65d0dbc2-ad01-41fb-9c8a-10c022f951d3"
        ],
        "x-ms-routing-request-id": [
          "WESTUS2:20180714T064126Z:65d0dbc2-ad01-41fb-9c8a-10c022f951d3"
        ],
        "Strict-Transport-Security": [
          "max-age=31536000; includeSubDomains"
        ],
        "X-Content-Type-Options": [
          "nosniff"
        ],
        "Cache-Control": [
          "no-cache"
        ],
        "Date": [
          "Sat, 14 Jul 2018 06:41:25 GMT"
        ],
        "Location": [
          "https://management.azure.com/subscriptions/c9cbd920-c00c-427c-852b-8aaf38badaeb/operationresults/eyJqb2JJZCI6IlJFU09VUkNFR1JPVVBERUxFVElPTkpPQi1DUlBURVNUUFM3NjE2LUVBU1RVUyIsImpvYkxvY2F0aW9uIjoiZWFzdHVzIn0?api-version=2016-09-01"
        ]
      },
      "StatusCode": 202
    },
    {
      "RequestUri": "/subscriptions/c9cbd920-c00c-427c-852b-8aaf38badaeb/operationresults/eyJqb2JJZCI6IlJFU09VUkNFR1JPVVBERUxFVElPTkpPQi1DUlBURVNUUFM3NjE2LUVBU1RVUyIsImpvYkxvY2F0aW9uIjoiZWFzdHVzIn0?api-version=2016-09-01",
      "EncodedRequestUri": "L3N1YnNjcmlwdGlvbnMvYzljYmQ5MjAtYzAwYy00MjdjLTg1MmItOGFhZjM4YmFkYWViL29wZXJhdGlvbnJlc3VsdHMvZXlKcWIySkpaQ0k2SWxKRlUwOVZVa05GUjFKUFZWQkVSVXhGVkVsUFRrcFBRaTFEVWxCVVJWTlVVRk0zTmpFMkxVVkJVMVJWVXlJc0ltcHZZa3h2WTJGMGFXOXVJam9pWldGemRIVnpJbjA/YXBpLXZlcnNpb249MjAxNi0wOS0wMQ==",
      "RequestMethod": "GET",
      "RequestBody": "",
      "RequestHeaders": {
        "User-Agent": [
          "FxVersion/4.7.3110.0",
          "OSName/Windows10Enterprise",
          "OSVersion/6.3.17134",
          "Microsoft.Azure.Management.Internal.Resources.ResourceManagementClient/4.1.0"
        ]
      },
      "ResponseBody": "",
      "ResponseHeaders": {
        "Content-Length": [
          "0"
        ],
        "Expires": [
          "-1"
        ],
        "Pragma": [
          "no-cache"
        ],
        "Retry-After": [
          "15"
        ],
        "x-ms-ratelimit-remaining-subscription-reads": [
          "14998"
        ],
        "x-ms-request-id": [
          "98af3fbb-82eb-4c70-a869-6c300e9b77f9"
        ],
        "x-ms-correlation-request-id": [
          "98af3fbb-82eb-4c70-a869-6c300e9b77f9"
        ],
        "x-ms-routing-request-id": [
          "WESTUS2:20180714T064141Z:98af3fbb-82eb-4c70-a869-6c300e9b77f9"
        ],
        "Strict-Transport-Security": [
          "max-age=31536000; includeSubDomains"
        ],
        "X-Content-Type-Options": [
          "nosniff"
        ],
        "Cache-Control": [
          "no-cache"
        ],
        "Date": [
          "Sat, 14 Jul 2018 06:41:41 GMT"
        ],
        "Location": [
          "https://management.azure.com/subscriptions/c9cbd920-c00c-427c-852b-8aaf38badaeb/operationresults/eyJqb2JJZCI6IlJFU09VUkNFR1JPVVBERUxFVElPTkpPQi1DUlBURVNUUFM3NjE2LUVBU1RVUyIsImpvYkxvY2F0aW9uIjoiZWFzdHVzIn0?api-version=2016-09-01"
        ]
      },
      "StatusCode": 202
    },
    {
      "RequestUri": "/subscriptions/c9cbd920-c00c-427c-852b-8aaf38badaeb/operationresults/eyJqb2JJZCI6IlJFU09VUkNFR1JPVVBERUxFVElPTkpPQi1DUlBURVNUUFM3NjE2LUVBU1RVUyIsImpvYkxvY2F0aW9uIjoiZWFzdHVzIn0?api-version=2016-09-01",
      "EncodedRequestUri": "L3N1YnNjcmlwdGlvbnMvYzljYmQ5MjAtYzAwYy00MjdjLTg1MmItOGFhZjM4YmFkYWViL29wZXJhdGlvbnJlc3VsdHMvZXlKcWIySkpaQ0k2SWxKRlUwOVZVa05GUjFKUFZWQkVSVXhGVkVsUFRrcFBRaTFEVWxCVVJWTlVVRk0zTmpFMkxVVkJVMVJWVXlJc0ltcHZZa3h2WTJGMGFXOXVJam9pWldGemRIVnpJbjA/YXBpLXZlcnNpb249MjAxNi0wOS0wMQ==",
      "RequestMethod": "GET",
      "RequestBody": "",
      "RequestHeaders": {
        "User-Agent": [
          "FxVersion/4.7.3110.0",
          "OSName/Windows10Enterprise",
          "OSVersion/6.3.17134",
          "Microsoft.Azure.Management.Internal.Resources.ResourceManagementClient/4.1.0"
        ]
      },
      "ResponseBody": "",
      "ResponseHeaders": {
        "Content-Length": [
          "0"
        ],
        "Expires": [
          "-1"
        ],
        "Pragma": [
          "no-cache"
        ],
        "x-ms-ratelimit-remaining-subscription-reads": [
          "14997"
        ],
        "x-ms-request-id": [
          "81208307-0c79-490d-9bd3-25b143244d98"
        ],
        "x-ms-correlation-request-id": [
          "81208307-0c79-490d-9bd3-25b143244d98"
        ],
        "x-ms-routing-request-id": [
          "WESTUS2:20180714T064156Z:81208307-0c79-490d-9bd3-25b143244d98"
        ],
        "Strict-Transport-Security": [
          "max-age=31536000; includeSubDomains"
        ],
        "X-Content-Type-Options": [
          "nosniff"
        ],
        "Cache-Control": [
          "no-cache"
        ],
        "Date": [
          "Sat, 14 Jul 2018 06:41:56 GMT"
        ]
      },
      "StatusCode": 200
    },
    {
      "RequestUri": "/subscriptions/c9cbd920-c00c-427c-852b-8aaf38badaeb/operationresults/eyJqb2JJZCI6IlJFU09VUkNFR1JPVVBERUxFVElPTkpPQi1DUlBURVNUUFM3NjE2LUVBU1RVUyIsImpvYkxvY2F0aW9uIjoiZWFzdHVzIn0?api-version=2016-09-01",
      "EncodedRequestUri": "L3N1YnNjcmlwdGlvbnMvYzljYmQ5MjAtYzAwYy00MjdjLTg1MmItOGFhZjM4YmFkYWViL29wZXJhdGlvbnJlc3VsdHMvZXlKcWIySkpaQ0k2SWxKRlUwOVZVa05GUjFKUFZWQkVSVXhGVkVsUFRrcFBRaTFEVWxCVVJWTlVVRk0zTmpFMkxVVkJVMVJWVXlJc0ltcHZZa3h2WTJGMGFXOXVJam9pWldGemRIVnpJbjA/YXBpLXZlcnNpb249MjAxNi0wOS0wMQ==",
      "RequestMethod": "GET",
      "RequestBody": "",
      "RequestHeaders": {
        "User-Agent": [
          "FxVersion/4.7.3110.0",
          "OSName/Windows10Enterprise",
          "OSVersion/6.3.17134",
          "Microsoft.Azure.Management.Internal.Resources.ResourceManagementClient/4.1.0"
        ]
      },
      "ResponseBody": "",
      "ResponseHeaders": {
        "Content-Length": [
          "0"
        ],
        "Expires": [
          "-1"
        ],
        "Pragma": [
          "no-cache"
        ],
        "x-ms-ratelimit-remaining-subscription-reads": [
          "14996"
        ],
        "x-ms-request-id": [
          "926e5bd8-eaa9-4dea-9a77-4d48567f8349"
        ],
        "x-ms-correlation-request-id": [
          "926e5bd8-eaa9-4dea-9a77-4d48567f8349"
        ],
        "x-ms-routing-request-id": [
          "WESTUS2:20180714T064156Z:926e5bd8-eaa9-4dea-9a77-4d48567f8349"
        ],
        "Strict-Transport-Security": [
          "max-age=31536000; includeSubDomains"
        ],
        "X-Content-Type-Options": [
          "nosniff"
        ],
        "Cache-Control": [
          "no-cache"
        ],
        "Date": [
          "Sat, 14 Jul 2018 06:41:56 GMT"
        ]
      },
      "StatusCode": 200
    }
  ],
  "Names": {
    "Test-Disk": [
      "crptestps7616"
    ]
  },
  "Variables": {
    "SubscriptionId": "c9cbd920-c00c-427c-852b-8aaf38badaeb"
  }
}