{
  "Entries": [
    {
      "RequestUri": "/subscriptions/21466899-20b2-463c-8c30-b8fb28a43248/providers/Microsoft.Compute?api-version=2016-02-01",
      "EncodedRequestUri": "L3N1YnNjcmlwdGlvbnMvMjE0NjY4OTktMjBiMi00NjNjLThjMzAtYjhmYjI4YTQzMjQ4L3Byb3ZpZGVycy9NaWNyb3NvZnQuQ29tcHV0ZT9hcGktdmVyc2lvbj0yMDE2LTAyLTAx",
      "RequestMethod": "GET",
      "RequestBody": "",
      "RequestHeaders": {
        "User-Agent": [
          "Microsoft.Azure.Management.Resources.ResourceManagementClient/2.0.0.0"
        ]
      },
      "ResponseBody": "{\r\n  \"id\": \"/subscriptions/21466899-20b2-463c-8c30-b8fb28a43248/providers/Microsoft.Compute\",\r\n  \"namespace\": \"Microsoft.Compute\",\r\n  \"authorization\": {\r\n    \"applicationId\": \"60e6cd67-9c8c-4951-9b3c-23c25a2169af\",\r\n    \"roleDefinitionId\": \"e4770acb-272e-4dc8-87f3-12f44a612224\"\r\n  },\r\n  \"resourceTypes\": [\r\n    {\r\n      \"resourceType\": \"availabilitySets\",\r\n      \"locations\": [\r\n        \"East US\",\r\n        \"East US 2\",\r\n        \"West US\",\r\n        \"Central US\",\r\n        \"North Central US\",\r\n        \"South Central US\",\r\n        \"North Europe\",\r\n        \"West Europe\",\r\n        \"East Asia\",\r\n        \"Southeast Asia\",\r\n        \"Japan East\",\r\n        \"Japan West\",\r\n        \"Australia East\",\r\n        \"Australia Southeast\",\r\n        \"Brazil South\",\r\n        \"South India\",\r\n        \"Central India\",\r\n        \"West India\",\r\n        \"Canada Central\",\r\n        \"Canada East\",\r\n        \"West US 2\",\r\n        \"West Central US\",\r\n        \"UK South\",\r\n        \"UK West\"\r\n      ],\r\n      \"apiVersions\": [\r\n        \"2017-03-30\",\r\n        \"2016-08-30\",\r\n        \"2016-04-30-preview\",\r\n        \"2016-03-30\",\r\n        \"2015-06-15\",\r\n        \"2015-05-01-preview\"\r\n      ],\r\n      \"capabilities\": \"CrossResourceGroupResourceMove, CrossSubscriptionResourceMove\"\r\n    },\r\n    {\r\n      \"resourceType\": \"virtualMachines\",\r\n      \"locations\": [\r\n        \"East US\",\r\n        \"East US 2\",\r\n        \"West US\",\r\n        \"Central US\",\r\n        \"North Central US\",\r\n        \"South Central US\",\r\n        \"North Europe\",\r\n        \"West Europe\",\r\n        \"East Asia\",\r\n        \"Southeast Asia\",\r\n        \"Japan East\",\r\n        \"Japan West\",\r\n        \"Australia East\",\r\n        \"Australia Southeast\",\r\n        \"Brazil South\",\r\n        \"South India\",\r\n        \"Central India\",\r\n        \"West India\",\r\n        \"Canada Central\",\r\n        \"Canada East\",\r\n        \"West US 2\",\r\n        \"West Central US\",\r\n        \"UK South\",\r\n        \"UK West\"\r\n      ],\r\n      \"apiVersions\": [\r\n        \"2017-03-30\",\r\n        \"2016-08-30\",\r\n        \"2016-04-30-preview\",\r\n        \"2016-03-30\",\r\n        \"2015-06-15\",\r\n        \"2015-05-01-preview\"\r\n      ],\r\n      \"capabilities\": \"CrossResourceGroupResourceMove, CrossSubscriptionResourceMove, SystemAssignedResourceIdentity\"\r\n    },\r\n    {\r\n      \"resourceType\": \"virtualMachines/extensions\",\r\n      \"locations\": [\r\n        \"East US\",\r\n        \"East US 2\",\r\n        \"West US\",\r\n        \"Central US\",\r\n        \"North Central US\",\r\n        \"South Central US\",\r\n        \"North Europe\",\r\n        \"West Europe\",\r\n        \"East Asia\",\r\n        \"Southeast Asia\",\r\n        \"Japan East\",\r\n        \"Japan West\",\r\n        \"Australia East\",\r\n        \"Australia Southeast\",\r\n        \"Brazil South\",\r\n        \"South India\",\r\n        \"Central India\",\r\n        \"West India\",\r\n        \"Canada Central\",\r\n        \"Canada East\",\r\n        \"West US 2\",\r\n        \"West Central US\",\r\n        \"UK South\",\r\n        \"UK West\"\r\n      ],\r\n      \"apiVersions\": [\r\n        \"2017-03-30\",\r\n        \"2016-08-30\",\r\n        \"2016-04-30-preview\",\r\n        \"2016-03-30\",\r\n        \"2015-06-15\",\r\n        \"2015-05-01-preview\"\r\n      ],\r\n      \"capabilities\": \"CrossResourceGroupResourceMove, CrossSubscriptionResourceMove\"\r\n    },\r\n    {\r\n      \"resourceType\": \"virtualMachineScaleSets\",\r\n      \"locations\": [\r\n        \"East US\",\r\n        \"East US 2\",\r\n        \"West US\",\r\n        \"Central US\",\r\n        \"North Central US\",\r\n        \"South Central US\",\r\n        \"North Europe\",\r\n        \"West Europe\",\r\n        \"East Asia\",\r\n        \"Southeast Asia\",\r\n        \"Japan East\",\r\n        \"Japan West\",\r\n        \"Australia East\",\r\n        \"Australia Southeast\",\r\n        \"Brazil South\",\r\n        \"South India\",\r\n        \"Central India\",\r\n        \"West India\",\r\n        \"Canada Central\",\r\n        \"Canada East\",\r\n        \"West US 2\",\r\n        \"West Central US\",\r\n        \"UK South\",\r\n        \"UK West\"\r\n      ],\r\n      \"apiVersions\": [\r\n        \"2017-03-30\",\r\n        \"2016-08-30\",\r\n        \"2016-04-30-preview\",\r\n        \"2016-03-30\",\r\n        \"2015-06-15\",\r\n        \"2015-05-01-preview\"\r\n      ],\r\n      \"capabilities\": \"CrossResourceGroupResourceMove, CrossSubscriptionResourceMove, SystemAssignedResourceIdentity\"\r\n    },\r\n    {\r\n      \"resourceType\": \"virtualMachineScaleSets/extensions\",\r\n      \"locations\": [\r\n        \"East US\",\r\n        \"East US 2\",\r\n        \"West US\",\r\n        \"Central US\",\r\n        \"North Central US\",\r\n        \"South Central US\",\r\n        \"North Europe\",\r\n        \"West Europe\",\r\n        \"East Asia\",\r\n        \"Southeast Asia\",\r\n        \"Japan East\",\r\n        \"Japan West\",\r\n        \"Australia East\",\r\n        \"Australia Southeast\",\r\n        \"Brazil South\",\r\n        \"South India\",\r\n        \"Central India\",\r\n        \"West India\",\r\n        \"Canada Central\",\r\n        \"Canada East\",\r\n        \"West US 2\",\r\n        \"West Central US\",\r\n        \"UK South\",\r\n        \"UK West\"\r\n      ],\r\n      \"apiVersions\": [\r\n        \"2017-03-30\",\r\n        \"2016-08-30\",\r\n        \"2016-04-30-preview\",\r\n        \"2016-03-30\",\r\n        \"2015-06-15\",\r\n        \"2015-05-01-preview\"\r\n      ],\r\n      \"capabilities\": \"CrossResourceGroupResourceMove, CrossSubscriptionResourceMove\"\r\n    },\r\n    {\r\n      \"resourceType\": \"virtualMachineScaleSets/virtualMachines\",\r\n      \"locations\": [\r\n        \"East US\",\r\n        \"East US 2\",\r\n        \"West US\",\r\n        \"Central US\",\r\n        \"North Central US\",\r\n        \"South Central US\",\r\n        \"North Europe\",\r\n        \"West Europe\",\r\n        \"East Asia\",\r\n        \"Southeast Asia\",\r\n        \"Japan East\",\r\n        \"Japan West\",\r\n        \"Australia East\",\r\n        \"Australia Southeast\",\r\n        \"Brazil South\",\r\n        \"South India\",\r\n        \"Central India\",\r\n        \"West India\",\r\n        \"Canada Central\",\r\n        \"Canada East\",\r\n        \"West US 2\",\r\n        \"West Central US\",\r\n        \"UK South\",\r\n        \"UK West\"\r\n      ],\r\n      \"apiVersions\": [\r\n        \"2017-03-30\",\r\n        \"2016-08-30\",\r\n        \"2016-04-30-preview\",\r\n        \"2016-03-30\",\r\n        \"2015-06-15\",\r\n        \"2015-05-01-preview\"\r\n      ]\r\n    },\r\n    {\r\n      \"resourceType\": \"virtualMachineScaleSets/networkInterfaces\",\r\n      \"locations\": [\r\n        \"East US\",\r\n        \"East US 2\",\r\n        \"West US\",\r\n        \"Central US\",\r\n        \"North Central US\",\r\n        \"South Central US\",\r\n        \"North Europe\",\r\n        \"West Europe\",\r\n        \"East Asia\",\r\n        \"Southeast Asia\",\r\n        \"Japan East\",\r\n        \"Japan West\",\r\n        \"Australia East\",\r\n        \"Australia Southeast\",\r\n        \"Brazil South\",\r\n        \"South India\",\r\n        \"Central India\",\r\n        \"West India\",\r\n        \"Canada Central\",\r\n        \"Canada East\",\r\n        \"West US 2\",\r\n        \"West Central US\",\r\n        \"UK South\",\r\n        \"UK West\"\r\n      ],\r\n      \"apiVersions\": [\r\n        \"2016-12-01\",\r\n        \"2016-08-01\",\r\n        \"2016-07-01\",\r\n        \"2016-06-01\",\r\n        \"2016-04-30-preview\",\r\n        \"2016-03-30\",\r\n        \"2015-06-15\",\r\n        \"2015-05-01-preview\"\r\n      ]\r\n    },\r\n    {\r\n      \"resourceType\": \"virtualMachineScaleSets/virtualMachines/networkInterfaces\",\r\n      \"locations\": [\r\n        \"East US\",\r\n        \"East US 2\",\r\n        \"West US\",\r\n        \"Central US\",\r\n        \"North Central US\",\r\n        \"South Central US\",\r\n        \"North Europe\",\r\n        \"West Europe\",\r\n        \"East Asia\",\r\n        \"Southeast Asia\",\r\n        \"Japan East\",\r\n        \"Japan West\",\r\n        \"Australia East\",\r\n        \"Australia Southeast\",\r\n        \"Brazil South\",\r\n        \"South India\",\r\n        \"Central India\",\r\n        \"West India\",\r\n        \"Canada Central\",\r\n        \"Canada East\",\r\n        \"West US 2\",\r\n        \"West Central US\",\r\n        \"UK South\",\r\n        \"UK West\"\r\n      ],\r\n      \"apiVersions\": [\r\n        \"2016-12-01\",\r\n        \"2016-08-01\",\r\n        \"2016-07-01\",\r\n        \"2016-06-01\",\r\n        \"2016-04-30-preview\",\r\n        \"2016-03-30\",\r\n        \"2015-06-15\",\r\n        \"2015-05-01-preview\"\r\n      ]\r\n    },\r\n    {\r\n      \"resourceType\": \"locations\",\r\n      \"locations\": [],\r\n      \"apiVersions\": [\r\n        \"2017-03-30\",\r\n        \"2016-08-30\",\r\n        \"2016-04-30-preview\",\r\n        \"2016-03-30\",\r\n        \"2015-06-15\",\r\n        \"2015-05-01-preview\"\r\n      ]\r\n    },\r\n    {\r\n      \"resourceType\": \"locations/operations\",\r\n      \"locations\": [\r\n        \"East US\",\r\n        \"East US 2\",\r\n        \"West US\",\r\n        \"Central US\",\r\n        \"North Central US\",\r\n        \"South Central US\",\r\n        \"North Europe\",\r\n        \"West Europe\",\r\n        \"East Asia\",\r\n        \"Southeast Asia\",\r\n        \"Japan East\",\r\n        \"Japan West\",\r\n        \"Australia East\",\r\n        \"Australia Southeast\",\r\n        \"Brazil South\",\r\n        \"South India\",\r\n        \"Central India\",\r\n        \"West India\",\r\n        \"Canada Central\",\r\n        \"Canada East\",\r\n        \"West US 2\",\r\n        \"West Central US\",\r\n        \"UK South\",\r\n        \"UK West\"\r\n      ],\r\n      \"apiVersions\": [\r\n        \"2017-03-30\",\r\n        \"2016-08-30\",\r\n        \"2016-04-30-preview\",\r\n        \"2016-03-30\",\r\n        \"2015-06-15\",\r\n        \"2015-05-01-preview\"\r\n      ]\r\n    },\r\n    {\r\n      \"resourceType\": \"locations/vmSizes\",\r\n      \"locations\": [\r\n        \"East US\",\r\n        \"East US 2\",\r\n        \"West US\",\r\n        \"Central US\",\r\n        \"North Central US\",\r\n        \"South Central US\",\r\n        \"North Europe\",\r\n        \"West Europe\",\r\n        \"East Asia\",\r\n        \"Southeast Asia\",\r\n        \"Japan East\",\r\n        \"Japan West\",\r\n        \"Australia East\",\r\n        \"Australia Southeast\",\r\n        \"Brazil South\",\r\n        \"South India\",\r\n        \"Central India\",\r\n        \"West India\",\r\n        \"Canada Central\",\r\n        \"Canada East\",\r\n        \"West US 2\",\r\n        \"West Central US\",\r\n        \"UK South\",\r\n        \"UK West\"\r\n      ],\r\n      \"apiVersions\": [\r\n        \"2017-03-30\",\r\n        \"2016-08-30\",\r\n        \"2016-04-30-preview\",\r\n        \"2016-03-30\",\r\n        \"2015-06-15\",\r\n        \"2015-05-01-preview\"\r\n      ]\r\n    },\r\n    {\r\n      \"resourceType\": \"locations/runCommands\",\r\n      \"locations\": [\r\n        \"East US\",\r\n        \"East US 2\",\r\n        \"West US\",\r\n        \"Central US\",\r\n        \"North Central US\",\r\n        \"South Central US\",\r\n        \"North Europe\",\r\n        \"West Europe\",\r\n        \"East Asia\",\r\n        \"Southeast Asia\",\r\n        \"Japan East\",\r\n        \"Japan West\",\r\n        \"Australia East\",\r\n        \"Australia Southeast\",\r\n        \"Brazil South\",\r\n        \"South India\",\r\n        \"Central India\",\r\n        \"West India\",\r\n        \"Canada Central\",\r\n        \"Canada East\",\r\n        \"West US 2\",\r\n        \"West Central US\",\r\n        \"UK South\",\r\n        \"UK West\"\r\n      ],\r\n      \"apiVersions\": [\r\n        \"2017-03-30\"\r\n      ]\r\n    },\r\n    {\r\n      \"resourceType\": \"locations/usages\",\r\n      \"locations\": [\r\n        \"East US\",\r\n        \"East US 2\",\r\n        \"West US\",\r\n        \"Central US\",\r\n        \"North Central US\",\r\n        \"South Central US\",\r\n        \"North Europe\",\r\n        \"West Europe\",\r\n        \"East Asia\",\r\n        \"Southeast Asia\",\r\n        \"Japan East\",\r\n        \"Japan West\",\r\n        \"Australia East\",\r\n        \"Australia Southeast\",\r\n        \"Brazil South\",\r\n        \"South India\",\r\n        \"Central India\",\r\n        \"West India\",\r\n        \"Canada Central\",\r\n        \"Canada East\",\r\n        \"West US 2\",\r\n        \"West Central US\",\r\n        \"UK South\",\r\n        \"UK West\"\r\n      ],\r\n      \"apiVersions\": [\r\n        \"2017-03-30\",\r\n        \"2016-08-30\",\r\n        \"2016-04-30-preview\",\r\n        \"2016-03-30\",\r\n        \"2015-06-15\",\r\n        \"2015-05-01-preview\"\r\n      ]\r\n    },\r\n    {\r\n      \"resourceType\": \"locations/virtualMachines\",\r\n      \"locations\": [\r\n        \"East US\",\r\n        \"East US 2\",\r\n        \"West US\",\r\n        \"Central US\",\r\n        \"North Central US\",\r\n        \"South Central US\",\r\n        \"North Europe\",\r\n        \"West Europe\",\r\n        \"East Asia\",\r\n        \"Southeast Asia\",\r\n        \"Japan East\",\r\n        \"Japan West\",\r\n        \"Australia East\",\r\n        \"Australia Southeast\",\r\n        \"Brazil South\",\r\n        \"South India\",\r\n        \"Central India\",\r\n        \"West India\",\r\n        \"Canada Central\",\r\n        \"Canada East\",\r\n        \"West US 2\",\r\n        \"West Central US\",\r\n        \"UK South\",\r\n        \"UK West\"\r\n      ],\r\n      \"apiVersions\": [\r\n        \"2017-03-30\",\r\n        \"2016-08-30\"\r\n      ]\r\n    },\r\n    {\r\n      \"resourceType\": \"locations/publishers\",\r\n      \"locations\": [\r\n        \"East US\",\r\n        \"East US 2\",\r\n        \"West US\",\r\n        \"Central US\",\r\n        \"North Central US\",\r\n        \"South Central US\",\r\n        \"North Europe\",\r\n        \"West Europe\",\r\n        \"East Asia\",\r\n        \"Southeast Asia\",\r\n        \"Japan East\",\r\n        \"Japan West\",\r\n        \"Australia East\",\r\n        \"Australia Southeast\",\r\n        \"Brazil South\",\r\n        \"South India\",\r\n        \"Central India\",\r\n        \"West India\",\r\n        \"Canada Central\",\r\n        \"Canada East\",\r\n        \"West US 2\",\r\n        \"West Central US\",\r\n        \"UK South\",\r\n        \"UK West\"\r\n      ],\r\n      \"apiVersions\": [\r\n        \"2017-03-30\",\r\n        \"2016-08-30\",\r\n        \"2016-04-30-preview\",\r\n        \"2016-03-30\",\r\n        \"2015-06-15\",\r\n        \"2015-05-01-preview\"\r\n      ]\r\n    },\r\n    {\r\n      \"resourceType\": \"operations\",\r\n      \"locations\": [\r\n        \"East US\",\r\n        \"East US 2\",\r\n        \"West US\",\r\n        \"Central US\",\r\n        \"North Central US\",\r\n        \"South Central US\",\r\n        \"North Europe\",\r\n        \"West Europe\",\r\n        \"East Asia\",\r\n        \"Southeast Asia\",\r\n        \"Japan East\",\r\n        \"Japan West\",\r\n        \"Australia East\",\r\n        \"Australia Southeast\",\r\n        \"Brazil South\",\r\n        \"South India\",\r\n        \"Central India\",\r\n        \"West India\",\r\n        \"Canada Central\",\r\n        \"Canada East\",\r\n        \"West US 2\",\r\n        \"West Central US\",\r\n        \"UK South\",\r\n        \"UK West\"\r\n      ],\r\n      \"apiVersions\": [\r\n        \"2017-03-30\",\r\n        \"2016-08-30\",\r\n        \"2016-03-30\",\r\n        \"2015-06-15\",\r\n        \"2015-05-01-preview\"\r\n      ]\r\n    },\r\n    {\r\n      \"resourceType\": \"disks\",\r\n      \"locations\": [\r\n        \"Southeast Asia\",\r\n        \"East US 2\",\r\n        \"Central US\",\r\n        \"West Europe\",\r\n        \"East US\",\r\n        \"North Central US\",\r\n        \"South Central US\",\r\n        \"West US\",\r\n        \"North Europe\",\r\n        \"East Asia\",\r\n        \"Brazil South\",\r\n        \"West US 2\",\r\n        \"West Central US\",\r\n        \"UK West\",\r\n        \"UK South\",\r\n        \"Japan East\",\r\n        \"Japan West\",\r\n        \"Canada Central\",\r\n        \"Canada East\",\r\n        \"Central India\",\r\n        \"South India\",\r\n        \"Australia East\",\r\n        \"Australia Southeast\"\r\n      ],\r\n      \"apiVersions\": [\r\n        \"2017-03-30\",\r\n        \"2016-04-30-preview\"\r\n      ],\r\n      \"capabilities\": \"None\"\r\n    },\r\n    {\r\n      \"resourceType\": \"snapshots\",\r\n      \"locations\": [\r\n        \"Southeast Asia\",\r\n        \"East US 2\",\r\n        \"Central US\",\r\n        \"West Europe\",\r\n        \"East US\",\r\n        \"North Central US\",\r\n        \"South Central US\",\r\n        \"West US\",\r\n        \"North Europe\",\r\n        \"East Asia\",\r\n        \"Brazil South\",\r\n        \"West US 2\",\r\n        \"West Central US\",\r\n        \"UK West\",\r\n        \"UK South\",\r\n        \"Japan East\",\r\n        \"Japan West\",\r\n        \"Canada Central\",\r\n        \"Canada East\",\r\n        \"Central India\",\r\n        \"South India\",\r\n        \"Australia East\",\r\n        \"Australia Southeast\"\r\n      ],\r\n      \"apiVersions\": [\r\n        \"2017-03-30\",\r\n        \"2016-04-30-preview\"\r\n      ],\r\n      \"capabilities\": \"None\"\r\n    },\r\n    {\r\n      \"resourceType\": \"locations/diskoperations\",\r\n      \"locations\": [\r\n        \"Southeast Asia\",\r\n        \"East US 2\",\r\n        \"Central US\",\r\n        \"West Europe\",\r\n        \"East US\",\r\n        \"North Central US\",\r\n        \"South Central US\",\r\n        \"West US\",\r\n        \"North Europe\",\r\n        \"East Asia\",\r\n        \"Brazil South\",\r\n        \"West US 2\",\r\n        \"West Central US\",\r\n        \"UK West\",\r\n        \"UK South\",\r\n        \"Japan East\",\r\n        \"Japan West\",\r\n        \"Canada Central\",\r\n        \"Canada East\",\r\n        \"Central India\",\r\n        \"South India\",\r\n        \"Australia East\",\r\n        \"Australia Southeast\"\r\n      ],\r\n      \"apiVersions\": [\r\n        \"2017-03-30\",\r\n        \"2016-04-30-preview\"\r\n      ]\r\n    },\r\n    {\r\n      \"resourceType\": \"images\",\r\n      \"locations\": [\r\n        \"Southeast Asia\",\r\n        \"East US 2\",\r\n        \"Central US\",\r\n        \"West Europe\",\r\n        \"East US\",\r\n        \"North Central US\",\r\n        \"South Central US\",\r\n        \"West US\",\r\n        \"North Europe\",\r\n        \"East Asia\",\r\n        \"Brazil South\",\r\n        \"West US 2\",\r\n        \"West Central US\",\r\n        \"UK West\",\r\n        \"UK South\",\r\n        \"Japan East\",\r\n        \"Japan West\",\r\n        \"Canada Central\",\r\n        \"Canada East\",\r\n        \"Central India\",\r\n        \"South India\",\r\n        \"Australia East\",\r\n        \"Australia Southeast\"\r\n      ],\r\n      \"apiVersions\": [\r\n        \"2017-03-30\",\r\n        \"2016-04-30-preview\"\r\n      ],\r\n      \"capabilities\": \"None\"\r\n    },\r\n    {\r\n      \"resourceType\": \"restorePointCollections\",\r\n      \"locations\": [\r\n        \"Southeast Asia\",\r\n        \"East US 2\",\r\n        \"Central US\",\r\n        \"West Europe\",\r\n        \"East US\",\r\n        \"North Central US\",\r\n        \"South Central US\",\r\n        \"West US\",\r\n        \"North Europe\",\r\n        \"East Asia\",\r\n        \"Brazil South\",\r\n        \"West US 2\",\r\n        \"West Central US\",\r\n        \"UK West\",\r\n        \"UK South\",\r\n        \"Japan East\",\r\n        \"Japan West\",\r\n        \"Canada Central\",\r\n        \"Canada East\",\r\n        \"Central India\",\r\n        \"South India\",\r\n        \"Australia East\",\r\n        \"Australia Southeast\"\r\n      ],\r\n      \"apiVersions\": [\r\n        \"2017-03-30\"\r\n      ],\r\n      \"capabilities\": \"None\"\r\n    },\r\n    {\r\n      \"resourceType\": \"restorePointCollections/restorePoints\",\r\n      \"locations\": [\r\n        \"Southeast Asia\",\r\n        \"East US 2\",\r\n        \"Central US\",\r\n        \"West Europe\",\r\n        \"East US\",\r\n        \"North Central US\",\r\n        \"South Central US\",\r\n        \"West US\",\r\n        \"North Europe\",\r\n        \"East Asia\",\r\n        \"Brazil South\",\r\n        \"West US 2\",\r\n        \"West Central US\",\r\n        \"UK West\",\r\n        \"UK South\",\r\n        \"Japan East\",\r\n        \"Japan West\",\r\n        \"Canada Central\",\r\n        \"Canada East\",\r\n        \"Central India\",\r\n        \"South India\",\r\n        \"Australia East\",\r\n        \"Australia Southeast\"\r\n      ],\r\n      \"apiVersions\": [\r\n        \"2017-03-30\"\r\n      ]\r\n    },\r\n    {\r\n      \"resourceType\": \"virtualMachines/diagnosticSettings\",\r\n      \"locations\": [\r\n        \"East US\",\r\n        \"East US 2\",\r\n        \"West US\",\r\n        \"Central US\",\r\n        \"North Central US\",\r\n        \"South Central US\",\r\n        \"North Europe\",\r\n        \"West Europe\",\r\n        \"East Asia\",\r\n        \"Southeast Asia\",\r\n        \"Japan East\",\r\n        \"Japan West\",\r\n        \"Australia East\",\r\n        \"Australia Southeast\",\r\n        \"Brazil South\",\r\n        \"South India\",\r\n        \"Central India\",\r\n        \"West India\",\r\n        \"Canada Central\",\r\n        \"Canada East\",\r\n        \"West US 2\",\r\n        \"West Central US\",\r\n        \"UK South\",\r\n        \"UK West\"\r\n      ],\r\n      \"apiVersions\": [\r\n        \"2014-04-01\"\r\n      ]\r\n    },\r\n    {\r\n      \"resourceType\": \"virtualMachines/metricDefinitions\",\r\n      \"locations\": [\r\n        \"East US\",\r\n        \"East US 2\",\r\n        \"West US\",\r\n        \"Central US\",\r\n        \"North Central US\",\r\n        \"South Central US\",\r\n        \"North Europe\",\r\n        \"West Europe\",\r\n        \"East Asia\",\r\n        \"Southeast Asia\",\r\n        \"Japan East\",\r\n        \"Japan West\",\r\n        \"Australia East\",\r\n        \"Australia Southeast\",\r\n        \"Brazil South\",\r\n        \"South India\",\r\n        \"Central India\",\r\n        \"West India\",\r\n        \"Canada Central\",\r\n        \"Canada East\",\r\n        \"West US 2\",\r\n        \"West Central US\",\r\n        \"UK South\",\r\n        \"UK West\"\r\n      ],\r\n      \"apiVersions\": [\r\n        \"2014-04-01\"\r\n      ]\r\n    }\r\n  ],\r\n  \"registrationState\": \"Registered\"\r\n}",
      "ResponseHeaders": {
        "Content-Length": [
          "12064"
        ],
        "Content-Type": [
          "application/json; charset=utf-8"
        ],
        "Expires": [
          "-1"
        ],
        "Pragma": [
          "no-cache"
        ],
        "x-ms-ratelimit-remaining-subscription-reads": [
          "14991"
        ],
        "x-ms-request-id": [
          "78957e2a-a3d7-4094-8389-ff78dee00646"
        ],
        "x-ms-correlation-request-id": [
          "78957e2a-a3d7-4094-8389-ff78dee00646"
        ],
        "x-ms-routing-request-id": [
          "WESTUS2:20170207T003719Z:78957e2a-a3d7-4094-8389-ff78dee00646"
        ],
        "Strict-Transport-Security": [
          "max-age=31536000; includeSubDomains"
        ],
        "Cache-Control": [
          "no-cache"
        ],
        "Date": [
          "Tue, 07 Feb 2017 00:37:19 GMT"
        ]
      },
      "StatusCode": 200
    },
    {
      "RequestUri": "/subscriptions/21466899-20b2-463c-8c30-b8fb28a43248/resourcegroups/crptestps3766?api-version=2016-02-01",
      "EncodedRequestUri": "L3N1YnNjcmlwdGlvbnMvMjE0NjY4OTktMjBiMi00NjNjLThjMzAtYjhmYjI4YTQzMjQ4L3Jlc291cmNlZ3JvdXBzL2NycHRlc3RwczM3NjY/YXBpLXZlcnNpb249MjAxNi0wMi0wMQ==",
      "RequestMethod": "PUT",
      "RequestBody": "{\r\n  \"location\": \"East US\"\r\n}",
      "RequestHeaders": {
        "Content-Type": [
          "application/json; charset=utf-8"
        ],
        "Content-Length": [
          "29"
        ],
        "User-Agent": [
          "Microsoft.Azure.Management.Resources.ResourceManagementClient/2.0.0.0"
        ]
      },
      "ResponseBody": "{\r\n  \"id\": \"/subscriptions/21466899-20b2-463c-8c30-b8fb28a43248/resourceGroups/crptestps3766\",\r\n  \"name\": \"crptestps3766\",\r\n  \"location\": \"eastus\",\r\n  \"properties\": {\r\n    \"provisioningState\": \"Succeeded\"\r\n  }\r\n}",
      "ResponseHeaders": {
        "Content-Length": [
          "179"
        ],
        "Content-Type": [
          "application/json; charset=utf-8"
        ],
        "Expires": [
          "-1"
        ],
        "Pragma": [
          "no-cache"
        ],
        "x-ms-ratelimit-remaining-subscription-writes": [
          "1196"
        ],
        "x-ms-request-id": [
          "dee9ec22-e4cc-49c0-b710-c7900f440193"
        ],
        "x-ms-correlation-request-id": [
          "dee9ec22-e4cc-49c0-b710-c7900f440193"
        ],
        "x-ms-routing-request-id": [
          "WESTUS2:20170207T003720Z:dee9ec22-e4cc-49c0-b710-c7900f440193"
        ],
        "Strict-Transport-Security": [
          "max-age=31536000; includeSubDomains"
        ],
        "Cache-Control": [
          "no-cache"
        ],
        "Date": [
          "Tue, 07 Feb 2017 00:37:20 GMT"
        ]
      },
      "StatusCode": 201
    },
    {
      "RequestUri": "/subscriptions/21466899-20b2-463c-8c30-b8fb28a43248/resourcegroups/crptestps3766?api-version=2016-02-01",
      "EncodedRequestUri": "L3N1YnNjcmlwdGlvbnMvMjE0NjY4OTktMjBiMi00NjNjLThjMzAtYjhmYjI4YTQzMjQ4L3Jlc291cmNlZ3JvdXBzL2NycHRlc3RwczM3NjY/YXBpLXZlcnNpb249MjAxNi0wMi0wMQ==",
      "RequestMethod": "GET",
      "RequestBody": "",
      "RequestHeaders": {
        "User-Agent": [
          "Microsoft.Azure.Management.Resources.ResourceManagementClient/2.0.0.0"
        ]
      },
      "ResponseBody": "{\r\n  \"id\": \"/subscriptions/21466899-20b2-463c-8c30-b8fb28a43248/resourceGroups/crptestps3766\",\r\n  \"name\": \"crptestps3766\",\r\n  \"location\": \"eastus\",\r\n  \"properties\": {\r\n    \"provisioningState\": \"Succeeded\"\r\n  }\r\n}",
      "ResponseHeaders": {
        "Content-Length": [
          "179"
        ],
        "Content-Type": [
          "application/json; charset=utf-8"
        ],
        "Expires": [
          "-1"
        ],
        "Pragma": [
          "no-cache"
        ],
        "x-ms-ratelimit-remaining-subscription-reads": [
          "14990"
        ],
        "x-ms-request-id": [
          "5c649ca9-d9d7-446a-a319-0450df296d24"
        ],
        "x-ms-correlation-request-id": [
          "5c649ca9-d9d7-446a-a319-0450df296d24"
        ],
        "x-ms-routing-request-id": [
          "WESTUS2:20170207T003720Z:5c649ca9-d9d7-446a-a319-0450df296d24"
        ],
        "Strict-Transport-Security": [
          "max-age=31536000; includeSubDomains"
        ],
        "Cache-Control": [
          "no-cache"
        ],
        "Date": [
          "Tue, 07 Feb 2017 00:37:20 GMT"
        ]
      },
      "StatusCode": 200
    },
    {
      "RequestUri": "/subscriptions/21466899-20b2-463c-8c30-b8fb28a43248/resourceGroups/crptestps3766/providers/Microsoft.Compute/disks/diskcrptestps3766?api-version=2016-04-30-preview",
      "EncodedRequestUri": "L3N1YnNjcmlwdGlvbnMvMjE0NjY4OTktMjBiMi00NjNjLThjMzAtYjhmYjI4YTQzMjQ4L3Jlc291cmNlR3JvdXBzL2NycHRlc3RwczM3NjYvcHJvdmlkZXJzL01pY3Jvc29mdC5Db21wdXRlL2Rpc2tzL2Rpc2tjcnB0ZXN0cHMzNzY2P2FwaS12ZXJzaW9uPTIwMTYtMDQtMzAtcHJldmlldw==",
      "RequestMethod": "PUT",
      "RequestBody": "{\r\n  \"properties\": {\r\n    \"accountType\": \"Standard_LRS\",\r\n    \"osType\": \"Windows\",\r\n    \"creationData\": {\r\n      \"createOption\": \"Empty\"\r\n    },\r\n    \"diskSizeGB\": 5,\r\n    \"encryptionSettings\": {\r\n      \"enabled\": false\r\n    }\r\n  },\r\n  \"location\": \"East US\"\r\n}",
      "RequestHeaders": {
        "Content-Type": [
          "application/json; charset=utf-8"
        ],
        "Content-Length": [
          "260"
        ],
        "x-ms-client-request-id": [
          "7622015d-b8a4-4462-9d03-e6da6a869d68"
        ],
        "accept-language": [
          "en-US"
        ],
        "User-Agent": [
          "FxVersion/4.6.1586.0",
          "OSName/Windows_10_Pro",
          "OSVersion/6.3.14393",
          "Microsoft.Azure.Management.Compute.ComputeManagementClient/14.0.0-prerelease"
        ]
      },
      "ResponseBody": "{\r\n  \"properties\": {\r\n    \"accountType\": \"Standard_LRS\",\r\n    \"osType\": \"Windows\",\r\n    \"creationData\": {\r\n      \"createOption\": \"Empty\"\r\n    },\r\n    \"diskSizeGB\": 5,\r\n    \"encryptionSettings\": {\r\n      \"enabled\": false\r\n    },\r\n    \"provisioningState\": \"Updating\",\r\n    \"isArmResource\": true\r\n  },\r\n  \"location\": \"East US\"\r\n}",
      "ResponseHeaders": {
        "Content-Length": [
          "326"
        ],
        "Content-Type": [
          "application/json; charset=utf-8"
        ],
        "Expires": [
          "-1"
        ],
        "Pragma": [
          "no-cache"
        ],
        "Azure-AsyncOperation": [
          "https://management.azure.com/subscriptions/21466899-20b2-463c-8c30-b8fb28a43248/providers/Microsoft.Compute/locations/eastus/DiskOperations/5897bdd5-0c3e-4bbc-a2c0-0bce226c11f8?api-version=2016-04-30-preview"
        ],
        "Strict-Transport-Security": [
          "max-age=31536000; includeSubDomains"
        ],
        "x-ms-served-by": [
          "7b642afa-7f6d-4747-83c5-e70792fc6149_131293731329668183"
        ],
        "x-ms-request-id": [
          "5897bdd5-0c3e-4bbc-a2c0-0bce226c11f8"
        ],
        "Cache-Control": [
          "no-cache"
        ],
        "Location": [
          "https://management.azure.com/subscriptions/21466899-20b2-463c-8c30-b8fb28a43248/providers/Microsoft.Compute/locations/eastus/DiskOperations/5897bdd5-0c3e-4bbc-a2c0-0bce226c11f8?monitor=true&api-version=2016-04-30-preview"
        ],
        "Server": [
          "Microsoft-HTTPAPI/2.0",
          "Microsoft-HTTPAPI/2.0"
        ],
        "x-ms-ratelimit-remaining-subscription-writes": [
          "1199"
        ],
        "x-ms-correlation-request-id": [
          "b4a3647f-a952-44f9-a16b-3fb88622596d"
        ],
        "x-ms-routing-request-id": [
          "WESTUS2:20170207T003722Z:b4a3647f-a952-44f9-a16b-3fb88622596d"
        ],
        "Date": [
          "Tue, 07 Feb 2017 00:37:22 GMT"
        ]
      },
      "StatusCode": 202
    },
    {
      "RequestUri": "/subscriptions/21466899-20b2-463c-8c30-b8fb28a43248/providers/Microsoft.Compute/locations/eastus/DiskOperations/5897bdd5-0c3e-4bbc-a2c0-0bce226c11f8?api-version=2016-04-30-preview",
      "EncodedRequestUri": "L3N1YnNjcmlwdGlvbnMvMjE0NjY4OTktMjBiMi00NjNjLThjMzAtYjhmYjI4YTQzMjQ4L3Byb3ZpZGVycy9NaWNyb3NvZnQuQ29tcHV0ZS9sb2NhdGlvbnMvZWFzdHVzL0Rpc2tPcGVyYXRpb25zLzU4OTdiZGQ1LTBjM2UtNGJiYy1hMmMwLTBiY2UyMjZjMTFmOD9hcGktdmVyc2lvbj0yMDE2LTA0LTMwLXByZXZpZXc=",
      "RequestMethod": "GET",
      "RequestBody": "",
      "RequestHeaders": {
        "User-Agent": [
          "FxVersion/4.6.1586.0",
          "OSName/Windows_10_Pro",
          "OSVersion/6.3.14393",
          "Microsoft.Azure.Management.Compute.ComputeManagementClient/14.0.0-prerelease"
        ]
      },
      "ResponseBody": "{\r\n  \"startTime\": \"2017-02-06T16:37:22.0402455-08:00\",\r\n  \"endTime\": \"2017-02-06T16:37:22.2277362-08:00\",\r\n  \"status\": \"Succeeded\",\r\n  \"properties\": {\r\n    \"output\": {\r\n      \"properties\": {\r\n        \"accountType\": \"Standard_LRS\",\r\n        \"osType\": \"Windows\",\r\n        \"creationData\": {\r\n          \"createOption\": \"Empty\"\r\n        },\r\n        \"diskSizeGB\": 5,\r\n        \"encryptionSettings\": {\r\n          \"enabled\": false\r\n        },\r\n        \"timeCreated\": \"2017-02-06T16:37:22.0402455-08:00\",\r\n        \"provisioningState\": \"Succeeded\",\r\n        \"diskState\": \"Unattached\"\r\n      },\r\n      \"type\": \"Microsoft.Compute/disks\",\r\n      \"location\": \"eastus\",\r\n      \"id\": \"/subscriptions/21466899-20b2-463c-8c30-b8fb28a43248/resourceGroups/crptestps3766/providers/Microsoft.Compute/disks/diskcrptestps3766\",\r\n      \"name\": \"diskcrptestps3766\"\r\n    }\r\n  },\r\n  \"name\": \"5897bdd5-0c3e-4bbc-a2c0-0bce226c11f8\"\r\n}",
      "ResponseHeaders": {
        "Content-Length": [
          "710"
        ],
        "Content-Type": [
          "application/json; charset=utf-8"
        ],
        "Expires": [
          "-1"
        ],
        "Pragma": [
          "no-cache"
        ],
        "Strict-Transport-Security": [
          "max-age=31536000; includeSubDomains"
        ],
        "x-ms-served-by": [
          "7b642afa-7f6d-4747-83c5-e70792fc6149_131293731329668183"
        ],
        "x-ms-request-id": [
          "6bb5cc85-7c8d-4d7f-98b6-04ec69d87f3a"
        ],
        "Cache-Control": [
          "no-cache"
        ],
        "Server": [
          "Microsoft-HTTPAPI/2.0",
          "Microsoft-HTTPAPI/2.0"
        ],
        "x-ms-ratelimit-remaining-subscription-reads": [
          "14999"
        ],
        "x-ms-correlation-request-id": [
          "f77dc40c-5ee2-47a9-9ad7-17e660ebb400"
        ],
        "x-ms-routing-request-id": [
          "WESTUS2:20170207T003753Z:f77dc40c-5ee2-47a9-9ad7-17e660ebb400"
        ],
        "Date": [
          "Tue, 07 Feb 2017 00:37:52 GMT"
        ]
      },
      "StatusCode": 200
    },
    {
      "RequestUri": "/subscriptions/21466899-20b2-463c-8c30-b8fb28a43248/resourceGroups/crptestps3766/providers/Microsoft.Compute/disks/diskcrptestps3766?api-version=2016-04-30-preview",
      "EncodedRequestUri": "L3N1YnNjcmlwdGlvbnMvMjE0NjY4OTktMjBiMi00NjNjLThjMzAtYjhmYjI4YTQzMjQ4L3Jlc291cmNlR3JvdXBzL2NycHRlc3RwczM3NjYvcHJvdmlkZXJzL01pY3Jvc29mdC5Db21wdXRlL2Rpc2tzL2Rpc2tjcnB0ZXN0cHMzNzY2P2FwaS12ZXJzaW9uPTIwMTYtMDQtMzAtcHJldmlldw==",
      "RequestMethod": "GET",
      "RequestBody": "",
      "RequestHeaders": {
        "User-Agent": [
          "FxVersion/4.6.1586.0",
          "OSName/Windows_10_Pro",
          "OSVersion/6.3.14393",
          "Microsoft.Azure.Management.Compute.ComputeManagementClient/14.0.0-prerelease"
        ]
      },
      "ResponseBody": "{\r\n  \"properties\": {\r\n    \"accountType\": \"Standard_LRS\",\r\n    \"osType\": \"Windows\",\r\n    \"creationData\": {\r\n      \"createOption\": \"Empty\"\r\n    },\r\n    \"diskSizeGB\": 5,\r\n    \"encryptionSettings\": {\r\n      \"enabled\": false\r\n    },\r\n    \"timeCreated\": \"2017-02-06T16:37:22.0402455-08:00\",\r\n    \"provisioningState\": \"Succeeded\",\r\n    \"diskState\": \"Unattached\"\r\n  },\r\n  \"type\": \"Microsoft.Compute/disks\",\r\n  \"location\": \"eastus\",\r\n  \"id\": \"/subscriptions/21466899-20b2-463c-8c30-b8fb28a43248/resourceGroups/crptestps3766/providers/Microsoft.Compute/disks/diskcrptestps3766\",\r\n  \"name\": \"diskcrptestps3766\"\r\n}",
      "ResponseHeaders": {
        "Content-Length": [
          "602"
        ],
        "Content-Type": [
          "application/json; charset=utf-8"
        ],
        "Expires": [
          "-1"
        ],
        "Pragma": [
          "no-cache"
        ],
        "Strict-Transport-Security": [
          "max-age=31536000; includeSubDomains"
        ],
        "x-ms-served-by": [
          "7b642afa-7f6d-4747-83c5-e70792fc6149_131293731329668183"
        ],
        "x-ms-request-id": [
          "0ce2c22e-ab68-4032-aa49-0807fc7de063"
        ],
        "Cache-Control": [
          "no-cache"
        ],
        "Server": [
          "Microsoft-HTTPAPI/2.0",
          "Microsoft-HTTPAPI/2.0"
        ],
        "x-ms-ratelimit-remaining-subscription-reads": [
          "14998"
        ],
        "x-ms-correlation-request-id": [
          "de2b17b1-84db-47d7-bbd0-6d63ef6c1000"
        ],
        "x-ms-routing-request-id": [
          "WESTUS2:20170207T003753Z:de2b17b1-84db-47d7-bbd0-6d63ef6c1000"
        ],
        "Date": [
          "Tue, 07 Feb 2017 00:37:53 GMT"
        ]
      },
      "StatusCode": 200
    },
    {
      "RequestUri": "/subscriptions/21466899-20b2-463c-8c30-b8fb28a43248/resourceGroups/crptestps3766/providers/Microsoft.Compute/disks/diskcrptestps3766?api-version=2016-04-30-preview",
      "EncodedRequestUri": "L3N1YnNjcmlwdGlvbnMvMjE0NjY4OTktMjBiMi00NjNjLThjMzAtYjhmYjI4YTQzMjQ4L3Jlc291cmNlR3JvdXBzL2NycHRlc3RwczM3NjYvcHJvdmlkZXJzL01pY3Jvc29mdC5Db21wdXRlL2Rpc2tzL2Rpc2tjcnB0ZXN0cHMzNzY2P2FwaS12ZXJzaW9uPTIwMTYtMDQtMzAtcHJldmlldw==",
      "RequestMethod": "GET",
      "RequestBody": "",
      "RequestHeaders": {
        "x-ms-client-request-id": [
          "9341e429-128e-4524-803e-4a50579c35a7"
        ],
        "accept-language": [
          "en-US"
        ],
        "User-Agent": [
          "FxVersion/4.6.1586.0",
          "OSName/Windows_10_Pro",
          "OSVersion/6.3.14393",
          "Microsoft.Azure.Management.Compute.ComputeManagementClient/14.0.0-prerelease"
        ]
      },
      "ResponseBody": "{\r\n  \"properties\": {\r\n    \"accountType\": \"Standard_LRS\",\r\n    \"osType\": \"Windows\",\r\n    \"creationData\": {\r\n      \"createOption\": \"Empty\"\r\n    },\r\n    \"diskSizeGB\": 5,\r\n    \"encryptionSettings\": {\r\n      \"enabled\": false\r\n    },\r\n    \"timeCreated\": \"2017-02-06T16:37:22.0402455-08:00\",\r\n    \"provisioningState\": \"Succeeded\",\r\n    \"diskState\": \"Unattached\"\r\n  },\r\n  \"type\": \"Microsoft.Compute/disks\",\r\n  \"location\": \"eastus\",\r\n  \"id\": \"/subscriptions/21466899-20b2-463c-8c30-b8fb28a43248/resourceGroups/crptestps3766/providers/Microsoft.Compute/disks/diskcrptestps3766\",\r\n  \"name\": \"diskcrptestps3766\"\r\n}",
      "ResponseHeaders": {
        "Content-Length": [
          "602"
        ],
        "Content-Type": [
          "application/json; charset=utf-8"
        ],
        "Expires": [
          "-1"
        ],
        "Pragma": [
          "no-cache"
        ],
        "Strict-Transport-Security": [
          "max-age=31536000; includeSubDomains"
        ],
        "x-ms-served-by": [
          "7b642afa-7f6d-4747-83c5-e70792fc6149_131293731329668183"
        ],
        "x-ms-request-id": [
          "77b5870b-cfb6-4b55-ae17-3bc6617c9abf"
        ],
        "Cache-Control": [
          "no-cache"
        ],
        "Server": [
          "Microsoft-HTTPAPI/2.0",
          "Microsoft-HTTPAPI/2.0"
        ],
        "x-ms-ratelimit-remaining-subscription-reads": [
          "14997"
        ],
        "x-ms-correlation-request-id": [
          "a06b3c41-4b76-4e5a-bec0-d9bc72f6218c"
        ],
        "x-ms-routing-request-id": [
          "WESTUS2:20170207T003753Z:a06b3c41-4b76-4e5a-bec0-d9bc72f6218c"
        ],
        "Date": [
          "Tue, 07 Feb 2017 00:37:53 GMT"
        ]
      },
      "StatusCode": 200
    },
    {
      "RequestUri": "/subscriptions/21466899-20b2-463c-8c30-b8fb28a43248/resourceGroups/crptestps3766/providers/Microsoft.Compute/disks/diskcrptestps3766?api-version=2016-04-30-preview",
      "EncodedRequestUri": "L3N1YnNjcmlwdGlvbnMvMjE0NjY4OTktMjBiMi00NjNjLThjMzAtYjhmYjI4YTQzMjQ4L3Jlc291cmNlR3JvdXBzL2NycHRlc3RwczM3NjYvcHJvdmlkZXJzL01pY3Jvc29mdC5Db21wdXRlL2Rpc2tzL2Rpc2tjcnB0ZXN0cHMzNzY2P2FwaS12ZXJzaW9uPTIwMTYtMDQtMzAtcHJldmlldw==",
      "RequestMethod": "GET",
      "RequestBody": "",
      "RequestHeaders": {
        "User-Agent": [
          "FxVersion/4.6.1586.0",
          "OSName/Windows_10_Pro",
          "OSVersion/6.3.14393",
          "Microsoft.Azure.Management.Compute.ComputeManagementClient/14.0.0-prerelease"
        ]
      },
      "ResponseBody": "{\r\n  \"properties\": {\r\n    \"accountType\": \"Premium_LRS\",\r\n    \"osType\": \"Windows\",\r\n    \"creationData\": {\r\n      \"createOption\": \"Empty\"\r\n    },\r\n    \"diskSizeGB\": 10,\r\n    \"encryptionSettings\": {\r\n      \"enabled\": false\r\n    },\r\n    \"timeCreated\": \"2017-02-06T16:37:22.0402455-08:00\",\r\n    \"provisioningState\": \"Succeeded\",\r\n    \"diskState\": \"Unattached\"\r\n  },\r\n  \"type\": \"Microsoft.Compute/disks\",\r\n  \"location\": \"eastus\",\r\n  \"id\": \"/subscriptions/21466899-20b2-463c-8c30-b8fb28a43248/resourceGroups/crptestps3766/providers/Microsoft.Compute/disks/diskcrptestps3766\",\r\n  \"name\": \"diskcrptestps3766\"\r\n}",
      "ResponseHeaders": {
        "Content-Length": [
          "602"
        ],
        "Content-Type": [
          "application/json; charset=utf-8"
        ],
        "Expires": [
          "-1"
        ],
        "Pragma": [
          "no-cache"
        ],
        "Strict-Transport-Security": [
          "max-age=31536000; includeSubDomains"
        ],
        "x-ms-served-by": [
          "7b642afa-7f6d-4747-83c5-e70792fc6149_131293731329668183"
        ],
        "x-ms-request-id": [
          "7a8a521b-f001-40ae-bbf8-a5bae829a11b"
        ],
        "Cache-Control": [
          "no-cache"
        ],
        "Server": [
          "Microsoft-HTTPAPI/2.0",
          "Microsoft-HTTPAPI/2.0"
        ],
        "x-ms-ratelimit-remaining-subscription-reads": [
          "14993"
        ],
        "x-ms-correlation-request-id": [
          "6950feda-d567-4b51-8ba4-bbebfca37d0e"
        ],
        "x-ms-routing-request-id": [
          "WESTUS2:20170207T003924Z:6950feda-d567-4b51-8ba4-bbebfca37d0e"
        ],
        "Date": [
          "Tue, 07 Feb 2017 00:39:24 GMT"
        ]
      },
      "StatusCode": 200
    },
    {
      "RequestUri": "/subscriptions/21466899-20b2-463c-8c30-b8fb28a43248/resourceGroups/crptestps3766/providers/Microsoft.Compute/disks/diskcrptestps3766/beginGetAccess?api-version=2016-04-30-preview",
      "EncodedRequestUri": "L3N1YnNjcmlwdGlvbnMvMjE0NjY4OTktMjBiMi00NjNjLThjMzAtYjhmYjI4YTQzMjQ4L3Jlc291cmNlR3JvdXBzL2NycHRlc3RwczM3NjYvcHJvdmlkZXJzL01pY3Jvc29mdC5Db21wdXRlL2Rpc2tzL2Rpc2tjcnB0ZXN0cHMzNzY2L2JlZ2luR2V0QWNjZXNzP2FwaS12ZXJzaW9uPTIwMTYtMDQtMzAtcHJldmlldw==",
      "RequestMethod": "POST",
      "RequestBody": "{\r\n  \"access\": \"Read\",\r\n  \"durationInSeconds\": 5\r\n}",
      "RequestHeaders": {
        "Content-Type": [
          "application/json; charset=utf-8"
        ],
        "Content-Length": [
          "51"
        ],
        "x-ms-client-request-id": [
          "489787fa-758f-4793-aae8-947965186c1d"
        ],
        "accept-language": [
          "en-US"
        ],
        "User-Agent": [
          "FxVersion/4.6.1586.0",
          "OSName/Windows_10_Pro",
          "OSVersion/6.3.14393",
          "Microsoft.Azure.Management.Compute.ComputeManagementClient/14.0.0-prerelease"
        ]
      },
      "ResponseBody": "",
      "ResponseHeaders": {
        "Content-Length": [
          "0"
        ],
        "Expires": [
          "-1"
        ],
        "Pragma": [
          "no-cache"
        ],
        "Azure-AsyncOperation": [
          "https://management.azure.com/subscriptions/21466899-20b2-463c-8c30-b8fb28a43248/providers/Microsoft.Compute/locations/eastus/DiskOperations/a8bca35b-ad23-4f53-82f9-23e6fbd477ae?api-version=2016-04-30-preview"
        ],
        "Strict-Transport-Security": [
          "max-age=31536000; includeSubDomains"
        ],
        "x-ms-served-by": [
          "7b642afa-7f6d-4747-83c5-e70792fc6149_131293731329668183"
        ],
        "x-ms-request-id": [
          "a8bca35b-ad23-4f53-82f9-23e6fbd477ae"
        ],
        "Cache-Control": [
          "no-cache"
        ],
        "Location": [
          "https://management.azure.com/subscriptions/21466899-20b2-463c-8c30-b8fb28a43248/providers/Microsoft.Compute/locations/eastus/DiskOperations/a8bca35b-ad23-4f53-82f9-23e6fbd477ae?monitor=true&api-version=2016-04-30-preview"
        ],
        "Server": [
          "Microsoft-HTTPAPI/2.0",
          "Microsoft-HTTPAPI/2.0"
        ],
        "x-ms-ratelimit-remaining-subscription-writes": [
          "1198"
        ],
        "x-ms-correlation-request-id": [
          "57adfbf7-593c-485e-a1fe-14cfca4358b9"
        ],
        "x-ms-routing-request-id": [
          "WESTUS2:20170207T003753Z:57adfbf7-593c-485e-a1fe-14cfca4358b9"
        ],
        "Date": [
          "Tue, 07 Feb 2017 00:37:53 GMT"
        ]
      },
      "StatusCode": 202
    },
    {
      "RequestUri": "/subscriptions/21466899-20b2-463c-8c30-b8fb28a43248/providers/Microsoft.Compute/locations/eastus/DiskOperations/a8bca35b-ad23-4f53-82f9-23e6fbd477ae?api-version=2016-04-30-preview",
      "EncodedRequestUri": "L3N1YnNjcmlwdGlvbnMvMjE0NjY4OTktMjBiMi00NjNjLThjMzAtYjhmYjI4YTQzMjQ4L3Byb3ZpZGVycy9NaWNyb3NvZnQuQ29tcHV0ZS9sb2NhdGlvbnMvZWFzdHVzL0Rpc2tPcGVyYXRpb25zL2E4YmNhMzViLWFkMjMtNGY1My04MmY5LTIzZTZmYmQ0NzdhZT9hcGktdmVyc2lvbj0yMDE2LTA0LTMwLXByZXZpZXc=",
      "RequestMethod": "GET",
      "RequestBody": "",
      "RequestHeaders": {
        "User-Agent": [
          "FxVersion/4.6.1586.0",
          "OSName/Windows_10_Pro",
          "OSVersion/6.3.14393",
          "Microsoft.Azure.Management.Compute.ComputeManagementClient/14.0.0-prerelease"
        ]
      },
      "ResponseBody": "{\r\n  \"startTime\": \"2017-02-06T16:37:52.8957301-08:00\",\r\n  \"endTime\": \"2017-02-06T16:37:53.5050861-08:00\",\r\n  \"status\": \"Succeeded\",\r\n  \"properties\": {\r\n    \"output\": {\r\n      \"accessSAS\": \"https://md-qg2fnmp2mj0t.blob.core.windows.net/23vfrm1jlbw4/abcd?sv=2014-02-14&sr=b&si=b9ad0856-dbd7-4624-8375-0b5b1b8034e6&sig=KD3%2B4CPmhkKxlTwLqwQQhe6lwUAJEB1r73Y0fPi5HRc%3D\"\r\n    }\r\n  },\r\n  \"name\": \"a8bca35b-ad23-4f53-82f9-23e6fbd477ae\"\r\n}",
      "ResponseHeaders": {
        "Content-Length": [
          "423"
        ],
        "Content-Type": [
          "application/json; charset=utf-8"
        ],
        "Expires": [
          "-1"
        ],
        "Pragma": [
          "no-cache"
        ],
        "Strict-Transport-Security": [
          "max-age=31536000; includeSubDomains"
        ],
        "x-ms-served-by": [
          "7b642afa-7f6d-4747-83c5-e70792fc6149_131293731329668183"
        ],
        "x-ms-request-id": [
          "925f5568-7e62-4c27-be71-076fc4b279de"
        ],
        "Cache-Control": [
          "no-cache"
        ],
        "Server": [
          "Microsoft-HTTPAPI/2.0",
          "Microsoft-HTTPAPI/2.0"
        ],
        "x-ms-ratelimit-remaining-subscription-reads": [
          "14996"
        ],
        "x-ms-correlation-request-id": [
          "aa604f3c-408f-47b6-9620-66d8c68994fd"
        ],
        "x-ms-routing-request-id": [
          "WESTUS2:20170207T003823Z:aa604f3c-408f-47b6-9620-66d8c68994fd"
        ],
        "Date": [
          "Tue, 07 Feb 2017 00:38:23 GMT"
        ]
      },
      "StatusCode": 200
    },
    {
      "RequestUri": "/subscriptions/21466899-20b2-463c-8c30-b8fb28a43248/resourceGroups/crptestps3766/providers/Microsoft.Compute/disks/diskcrptestps3766/endGetAccess?api-version=2016-04-30-preview",
      "EncodedRequestUri": "L3N1YnNjcmlwdGlvbnMvMjE0NjY4OTktMjBiMi00NjNjLThjMzAtYjhmYjI4YTQzMjQ4L3Jlc291cmNlR3JvdXBzL2NycHRlc3RwczM3NjYvcHJvdmlkZXJzL01pY3Jvc29mdC5Db21wdXRlL2Rpc2tzL2Rpc2tjcnB0ZXN0cHMzNzY2L2VuZEdldEFjY2Vzcz9hcGktdmVyc2lvbj0yMDE2LTA0LTMwLXByZXZpZXc=",
      "RequestMethod": "POST",
      "RequestBody": "",
      "RequestHeaders": {
        "x-ms-client-request-id": [
          "4585784e-c272-4661-ac53-b247bd1b3950"
        ],
        "accept-language": [
          "en-US"
        ],
        "User-Agent": [
          "FxVersion/4.6.1586.0",
          "OSName/Windows_10_Pro",
          "OSVersion/6.3.14393",
          "Microsoft.Azure.Management.Compute.ComputeManagementClient/14.0.0-prerelease"
        ]
      },
      "ResponseBody": "",
      "ResponseHeaders": {
        "Content-Length": [
          "0"
        ],
        "Expires": [
          "-1"
        ],
        "Pragma": [
          "no-cache"
        ],
        "Azure-AsyncOperation": [
          "https://management.azure.com/subscriptions/21466899-20b2-463c-8c30-b8fb28a43248/providers/Microsoft.Compute/locations/eastus/DiskOperations/0e0a7528-b141-4a6c-94bd-d4aa1e1dd6a2?api-version=2016-04-30-preview"
        ],
        "Strict-Transport-Security": [
          "max-age=31536000; includeSubDomains"
        ],
        "x-ms-served-by": [
          "7b642afa-7f6d-4747-83c5-e70792fc6149_131293731329668183"
        ],
        "x-ms-request-id": [
          "0e0a7528-b141-4a6c-94bd-d4aa1e1dd6a2"
        ],
        "Cache-Control": [
          "no-cache"
        ],
        "Location": [
          "https://management.azure.com/subscriptions/21466899-20b2-463c-8c30-b8fb28a43248/providers/Microsoft.Compute/locations/eastus/DiskOperations/0e0a7528-b141-4a6c-94bd-d4aa1e1dd6a2?monitor=true&api-version=2016-04-30-preview"
        ],
        "Server": [
          "Microsoft-HTTPAPI/2.0",
          "Microsoft-HTTPAPI/2.0"
        ],
        "x-ms-ratelimit-remaining-subscription-writes": [
          "1197"
        ],
        "x-ms-correlation-request-id": [
          "5ae8af9e-9517-4a3a-aa23-01fade9af546"
        ],
        "x-ms-routing-request-id": [
          "WESTUS2:20170207T003824Z:5ae8af9e-9517-4a3a-aa23-01fade9af546"
        ],
        "Date": [
          "Tue, 07 Feb 2017 00:38:23 GMT"
        ]
      },
      "StatusCode": 202
    },
    {
      "RequestUri": "/subscriptions/21466899-20b2-463c-8c30-b8fb28a43248/providers/Microsoft.Compute/locations/eastus/DiskOperations/0e0a7528-b141-4a6c-94bd-d4aa1e1dd6a2?api-version=2016-04-30-preview",
      "EncodedRequestUri": "L3N1YnNjcmlwdGlvbnMvMjE0NjY4OTktMjBiMi00NjNjLThjMzAtYjhmYjI4YTQzMjQ4L3Byb3ZpZGVycy9NaWNyb3NvZnQuQ29tcHV0ZS9sb2NhdGlvbnMvZWFzdHVzL0Rpc2tPcGVyYXRpb25zLzBlMGE3NTI4LWIxNDEtNGE2Yy05NGJkLWQ0YWExZTFkZDZhMj9hcGktdmVyc2lvbj0yMDE2LTA0LTMwLXByZXZpZXc=",
      "RequestMethod": "GET",
      "RequestBody": "",
      "RequestHeaders": {
        "User-Agent": [
          "FxVersion/4.6.1586.0",
          "OSName/Windows_10_Pro",
          "OSVersion/6.3.14393",
          "Microsoft.Azure.Management.Compute.ComputeManagementClient/14.0.0-prerelease"
        ]
      },
      "ResponseBody": "{\r\n  \"startTime\": \"2017-02-06T16:38:23.1468947-08:00\",\r\n  \"endTime\": \"2017-02-06T16:38:23.412503-08:00\",\r\n  \"status\": \"Succeeded\",\r\n  \"name\": \"0e0a7528-b141-4a6c-94bd-d4aa1e1dd6a2\"\r\n}",
      "ResponseHeaders": {
        "Content-Length": [
          "183"
        ],
        "Content-Type": [
          "application/json; charset=utf-8"
        ],
        "Expires": [
          "-1"
        ],
        "Pragma": [
          "no-cache"
        ],
        "Strict-Transport-Security": [
          "max-age=31536000; includeSubDomains"
        ],
        "x-ms-served-by": [
          "7b642afa-7f6d-4747-83c5-e70792fc6149_131293731329668183"
        ],
        "x-ms-request-id": [
          "d27ef0c7-72d1-48f2-8d2a-b685113b0d60"
        ],
        "Cache-Control": [
          "no-cache"
        ],
        "Server": [
          "Microsoft-HTTPAPI/2.0",
          "Microsoft-HTTPAPI/2.0"
        ],
        "x-ms-ratelimit-remaining-subscription-reads": [
          "14995"
        ],
        "x-ms-correlation-request-id": [
          "b3ace2f3-1b75-4efc-b717-7a69dc6499bb"
        ],
        "x-ms-routing-request-id": [
          "WESTUS2:20170207T003854Z:b3ace2f3-1b75-4efc-b717-7a69dc6499bb"
        ],
        "Date": [
          "Tue, 07 Feb 2017 00:38:53 GMT"
        ]
      },
      "StatusCode": 200
    },
    {
      "RequestUri": "/subscriptions/21466899-20b2-463c-8c30-b8fb28a43248/resourceGroups/crptestps3766/providers/Microsoft.Compute/disks/diskcrptestps3766?api-version=2016-04-30-preview",
      "EncodedRequestUri": "L3N1YnNjcmlwdGlvbnMvMjE0NjY4OTktMjBiMi00NjNjLThjMzAtYjhmYjI4YTQzMjQ4L3Jlc291cmNlR3JvdXBzL2NycHRlc3RwczM3NjYvcHJvdmlkZXJzL01pY3Jvc29mdC5Db21wdXRlL2Rpc2tzL2Rpc2tjcnB0ZXN0cHMzNzY2P2FwaS12ZXJzaW9uPTIwMTYtMDQtMzAtcHJldmlldw==",
      "RequestMethod": "PATCH",
      "RequestBody": "{\r\n  \"properties\": {\r\n    \"accountType\": \"Premium_LRS\",\r\n    \"osType\": \"Windows\",\r\n    \"creationData\": {\r\n      \"createOption\": \"Empty\"\r\n    },\r\n    \"diskSizeGB\": 10\r\n  }\r\n}",
      "RequestHeaders": {
        "Content-Type": [
          "application/json; charset=utf-8"
        ],
        "Content-Length": [
          "173"
        ],
        "x-ms-client-request-id": [
          "479f320f-9b7e-4658-bb04-fb9f637fa54b"
        ],
        "accept-language": [
          "en-US"
        ],
        "User-Agent": [
          "FxVersion/4.6.1586.0",
          "OSName/Windows_10_Pro",
          "OSVersion/6.3.14393",
          "Microsoft.Azure.Management.Compute.ComputeManagementClient/14.0.0-prerelease"
        ]
      },
      "ResponseBody": "{\r\n  \"properties\": {\r\n    \"accountType\": \"Premium_LRS\",\r\n    \"osType\": \"Windows\",\r\n    \"creationData\": {\r\n      \"createOption\": \"Empty\"\r\n    },\r\n    \"diskSizeGB\": 10,\r\n    \"encryptionSettings\": {\r\n      \"enabled\": false\r\n    },\r\n    \"provisioningState\": \"Updating\",\r\n    \"isArmResource\": true\r\n  },\r\n  \"location\": \"eastus\"\r\n}",
      "ResponseHeaders": {
        "Content-Length": [
          "325"
        ],
        "Content-Type": [
          "application/json; charset=utf-8"
        ],
        "Expires": [
          "-1"
        ],
        "Pragma": [
          "no-cache"
        ],
        "Azure-AsyncOperation": [
          "https://management.azure.com/subscriptions/21466899-20b2-463c-8c30-b8fb28a43248/providers/Microsoft.Compute/locations/eastus/DiskOperations/94fee6fb-00cf-4f26-9826-07fe6ac6ad4f?api-version=2016-04-30-preview"
        ],
        "Strict-Transport-Security": [
          "max-age=31536000; includeSubDomains"
        ],
        "x-ms-served-by": [
          "7b642afa-7f6d-4747-83c5-e70792fc6149_131293731329668183"
        ],
        "x-ms-request-id": [
          "94fee6fb-00cf-4f26-9826-07fe6ac6ad4f"
        ],
        "Cache-Control": [
          "no-cache"
        ],
        "Location": [
          "https://management.azure.com/subscriptions/21466899-20b2-463c-8c30-b8fb28a43248/providers/Microsoft.Compute/locations/eastus/DiskOperations/94fee6fb-00cf-4f26-9826-07fe6ac6ad4f?monitor=true&api-version=2016-04-30-preview"
        ],
        "Server": [
          "Microsoft-HTTPAPI/2.0",
          "Microsoft-HTTPAPI/2.0"
        ],
        "x-ms-ratelimit-remaining-subscription-writes": [
          "1196"
        ],
        "x-ms-correlation-request-id": [
          "01a71d80-c901-44d4-b033-8fb0cdbd239d"
        ],
        "x-ms-routing-request-id": [
          "WESTUS2:20170207T003854Z:01a71d80-c901-44d4-b033-8fb0cdbd239d"
        ],
        "Date": [
          "Tue, 07 Feb 2017 00:38:53 GMT"
        ]
      },
      "StatusCode": 202
    },
    {
      "RequestUri": "/subscriptions/21466899-20b2-463c-8c30-b8fb28a43248/providers/Microsoft.Compute/locations/eastus/DiskOperations/94fee6fb-00cf-4f26-9826-07fe6ac6ad4f?api-version=2016-04-30-preview",
      "EncodedRequestUri": "L3N1YnNjcmlwdGlvbnMvMjE0NjY4OTktMjBiMi00NjNjLThjMzAtYjhmYjI4YTQzMjQ4L3Byb3ZpZGVycy9NaWNyb3NvZnQuQ29tcHV0ZS9sb2NhdGlvbnMvZWFzdHVzL0Rpc2tPcGVyYXRpb25zLzk0ZmVlNmZiLTAwY2YtNGYyNi05ODI2LTA3ZmU2YWM2YWQ0Zj9hcGktdmVyc2lvbj0yMDE2LTA0LTMwLXByZXZpZXc=",
      "RequestMethod": "GET",
      "RequestBody": "",
      "RequestHeaders": {
        "User-Agent": [
          "FxVersion/4.6.1586.0",
          "OSName/Windows_10_Pro",
          "OSVersion/6.3.14393",
          "Microsoft.Azure.Management.Compute.ComputeManagementClient/14.0.0-prerelease"
        ]
      },
      "ResponseBody": "{\r\n  \"startTime\": \"2017-02-06T16:38:53.4871004-08:00\",\r\n  \"endTime\": \"2017-02-06T16:38:54.4410425-08:00\",\r\n  \"status\": \"Succeeded\",\r\n  \"properties\": {\r\n    \"output\": {\r\n      \"properties\": {\r\n        \"accountType\": \"Premium_LRS\",\r\n        \"osType\": \"Windows\",\r\n        \"creationData\": {\r\n          \"createOption\": \"Empty\"\r\n        },\r\n        \"diskSizeGB\": 10,\r\n        \"encryptionSettings\": {\r\n          \"enabled\": false\r\n        },\r\n        \"timeCreated\": \"2017-02-06T16:37:22.0402455-08:00\",\r\n        \"provisioningState\": \"Succeeded\",\r\n        \"diskState\": \"Unattached\"\r\n      },\r\n      \"type\": \"Microsoft.Compute/disks\",\r\n      \"location\": \"eastus\",\r\n      \"id\": \"/subscriptions/21466899-20b2-463c-8c30-b8fb28a43248/resourceGroups/crptestps3766/providers/Microsoft.Compute/disks/diskcrptestps3766\",\r\n      \"name\": \"diskcrptestps3766\"\r\n    }\r\n  },\r\n  \"name\": \"94fee6fb-00cf-4f26-9826-07fe6ac6ad4f\"\r\n}",
      "ResponseHeaders": {
        "Content-Length": [
          "827"
        ],
        "Content-Type": [
          "application/json; charset=utf-8"
        ],
        "Expires": [
          "-1"
        ],
        "Pragma": [
          "no-cache"
        ],
        "Strict-Transport-Security": [
          "max-age=31536000; includeSubDomains"
        ],
        "x-ms-served-by": [
          "7b642afa-7f6d-4747-83c5-e70792fc6149_131293731329668183"
        ],
        "x-ms-request-id": [
          "ddf55d82-4bf7-4443-8cb5-309d3ceaec9a"
        ],
        "Cache-Control": [
          "no-cache"
        ],
        "Server": [
          "Microsoft-HTTPAPI/2.0",
          "Microsoft-HTTPAPI/2.0"
        ],
        "x-ms-ratelimit-remaining-subscription-reads": [
          "14994"
        ],
        "x-ms-correlation-request-id": [
          "f3fddfd2-6b03-4fa2-8f4f-2e568a76fb86"
        ],
        "x-ms-routing-request-id": [
          "WESTUS2:20170207T003924Z:f3fddfd2-6b03-4fa2-8f4f-2e568a76fb86"
        ],
        "Date": [
          "Tue, 07 Feb 2017 00:39:24 GMT"
        ]
      },
      "StatusCode": 200
    },
    {
      "RequestUri": "/subscriptions/21466899-20b2-463c-8c30-b8fb28a43248/resourceGroups/crptestps3766/providers/Microsoft.Compute/disks/diskcrptestps3766?api-version=2016-04-30-preview",
      "EncodedRequestUri": "L3N1YnNjcmlwdGlvbnMvMjE0NjY4OTktMjBiMi00NjNjLThjMzAtYjhmYjI4YTQzMjQ4L3Jlc291cmNlR3JvdXBzL2NycHRlc3RwczM3NjYvcHJvdmlkZXJzL01pY3Jvc29mdC5Db21wdXRlL2Rpc2tzL2Rpc2tjcnB0ZXN0cHMzNzY2P2FwaS12ZXJzaW9uPTIwMTYtMDQtMzAtcHJldmlldw==",
      "RequestMethod": "DELETE",
      "RequestBody": "",
      "RequestHeaders": {
        "x-ms-client-request-id": [
          "65db6d65-7f9a-4908-9b52-7506f9f71a1a"
        ],
        "accept-language": [
          "en-US"
        ],
        "User-Agent": [
          "FxVersion/4.6.1586.0",
          "OSName/Windows_10_Pro",
          "OSVersion/6.3.14393",
          "Microsoft.Azure.Management.Compute.ComputeManagementClient/14.0.0-prerelease"
        ]
      },
      "ResponseBody": "",
      "ResponseHeaders": {
        "Content-Length": [
          "0"
        ],
        "Expires": [
          "-1"
        ],
        "Pragma": [
          "no-cache"
        ],
        "Azure-AsyncOperation": [
          "https://management.azure.com/subscriptions/21466899-20b2-463c-8c30-b8fb28a43248/providers/Microsoft.Compute/locations/eastus/DiskOperations/d0aefe04-04c0-4f40-acf9-bd419f773dd5?api-version=2016-04-30-preview"
        ],
        "Strict-Transport-Security": [
          "max-age=31536000; includeSubDomains"
        ],
        "x-ms-served-by": [
          "7b642afa-7f6d-4747-83c5-e70792fc6149_131293731329668183"
        ],
        "x-ms-request-id": [
          "d0aefe04-04c0-4f40-acf9-bd419f773dd5"
        ],
        "Cache-Control": [
          "no-cache"
        ],
        "Location": [
          "https://management.azure.com/subscriptions/21466899-20b2-463c-8c30-b8fb28a43248/providers/Microsoft.Compute/locations/eastus/DiskOperations/d0aefe04-04c0-4f40-acf9-bd419f773dd5?monitor=true&api-version=2016-04-30-preview"
        ],
        "Server": [
          "Microsoft-HTTPAPI/2.0",
          "Microsoft-HTTPAPI/2.0"
        ],
        "x-ms-ratelimit-remaining-subscription-writes": [
          "1195"
        ],
        "x-ms-correlation-request-id": [
          "616a0022-51fa-4be1-8b65-90c1fb919670"
        ],
        "x-ms-routing-request-id": [
          "WESTUS2:20170207T003925Z:616a0022-51fa-4be1-8b65-90c1fb919670"
        ],
        "Date": [
          "Tue, 07 Feb 2017 00:39:24 GMT"
        ]
      },
      "StatusCode": 202
    },
    {
      "RequestUri": "/subscriptions/21466899-20b2-463c-8c30-b8fb28a43248/providers/Microsoft.Compute/locations/eastus/DiskOperations/d0aefe04-04c0-4f40-acf9-bd419f773dd5?api-version=2016-04-30-preview",
      "EncodedRequestUri": "L3N1YnNjcmlwdGlvbnMvMjE0NjY4OTktMjBiMi00NjNjLThjMzAtYjhmYjI4YTQzMjQ4L3Byb3ZpZGVycy9NaWNyb3NvZnQuQ29tcHV0ZS9sb2NhdGlvbnMvZWFzdHVzL0Rpc2tPcGVyYXRpb25zL2QwYWVmZTA0LTA0YzAtNGY0MC1hY2Y5LWJkNDE5Zjc3M2RkNT9hcGktdmVyc2lvbj0yMDE2LTA0LTMwLXByZXZpZXc=",
      "RequestMethod": "GET",
      "RequestBody": "",
      "RequestHeaders": {
        "User-Agent": [
          "FxVersion/4.6.1586.0",
          "OSName/Windows_10_Pro",
          "OSVersion/6.3.14393",
          "Microsoft.Azure.Management.Compute.ComputeManagementClient/14.0.0-prerelease"
        ]
      },
      "ResponseBody": "{\r\n  \"startTime\": \"2017-02-06T16:39:24.1262504-08:00\",\r\n  \"endTime\": \"2017-02-06T16:39:24.2987442-08:00\",\r\n  \"status\": \"Succeeded\",\r\n  \"name\": \"d0aefe04-04c0-4f40-acf9-bd419f773dd5\"\r\n}",
      "ResponseHeaders": {
        "Content-Length": [
          "184"
        ],
        "Content-Type": [
          "application/json; charset=utf-8"
        ],
        "Expires": [
          "-1"
        ],
        "Pragma": [
          "no-cache"
        ],
        "Strict-Transport-Security": [
          "max-age=31536000; includeSubDomains"
        ],
        "x-ms-served-by": [
          "7b642afa-7f6d-4747-83c5-e70792fc6149_131293731329668183"
        ],
        "x-ms-request-id": [
          "f74a4a52-f53e-4ef9-a8b3-91c33f166992"
        ],
        "Cache-Control": [
          "no-cache"
        ],
        "Server": [
          "Microsoft-HTTPAPI/2.0",
          "Microsoft-HTTPAPI/2.0"
        ],
        "x-ms-ratelimit-remaining-subscription-reads": [
          "14992"
        ],
        "x-ms-correlation-request-id": [
          "8e0c7c2d-9f9b-4fa8-8af7-672c19757f3e"
        ],
        "x-ms-routing-request-id": [
          "WESTUS2:20170207T003955Z:8e0c7c2d-9f9b-4fa8-8af7-672c19757f3e"
        ],
        "Date": [
          "Tue, 07 Feb 2017 00:39:54 GMT"
        ]
      },
      "StatusCode": 200
    },
    {
      "RequestUri": "/subscriptions/21466899-20b2-463c-8c30-b8fb28a43248/resourcegroups/crptestps3766?api-version=2016-02-01",
      "EncodedRequestUri": "L3N1YnNjcmlwdGlvbnMvMjE0NjY4OTktMjBiMi00NjNjLThjMzAtYjhmYjI4YTQzMjQ4L3Jlc291cmNlZ3JvdXBzL2NycHRlc3RwczM3NjY/YXBpLXZlcnNpb249MjAxNi0wMi0wMQ==",
      "RequestMethod": "DELETE",
      "RequestBody": "",
      "RequestHeaders": {
        "User-Agent": [
          "Microsoft.Azure.Management.Resources.ResourceManagementClient/2.0.0.0"
        ]
      },
      "ResponseBody": "",
      "ResponseHeaders": {
        "Content-Length": [
          "0"
        ],
        "Expires": [
          "-1"
        ],
        "Pragma": [
          "no-cache"
        ],
        "Retry-After": [
          "15"
        ],
        "x-ms-ratelimit-remaining-subscription-writes": [
          "1198"
        ],
        "x-ms-request-id": [
          "07cd5d41-0be2-4581-bca2-486e3e073184"
        ],
        "x-ms-correlation-request-id": [
          "07cd5d41-0be2-4581-bca2-486e3e073184"
        ],
        "x-ms-routing-request-id": [
          "CENTRALUS:20170207T003956Z:07cd5d41-0be2-4581-bca2-486e3e073184"
        ],
        "Strict-Transport-Security": [
          "max-age=31536000; includeSubDomains"
        ],
        "Cache-Control": [
          "no-cache"
        ],
        "Date": [
          "Tue, 07 Feb 2017 00:39:55 GMT"
        ],
        "Location": [
          "https://management.azure.com/subscriptions/21466899-20b2-463c-8c30-b8fb28a43248/operationresults/eyJqb2JJZCI6IlJFU09VUkNFR1JPVVBERUxFVElPTkpPQi1DUlBURVNUUFMzNzY2LUVBU1RVUyIsImpvYkxvY2F0aW9uIjoiZWFzdHVzIn0?api-version=2016-02-01"
        ]
      },
      "StatusCode": 202
    },
    {
      "RequestUri": "/subscriptions/21466899-20b2-463c-8c30-b8fb28a43248/operationresults/eyJqb2JJZCI6IlJFU09VUkNFR1JPVVBERUxFVElPTkpPQi1DUlBURVNUUFMzNzY2LUVBU1RVUyIsImpvYkxvY2F0aW9uIjoiZWFzdHVzIn0?api-version=2016-02-01",
      "EncodedRequestUri": "L3N1YnNjcmlwdGlvbnMvMjE0NjY4OTktMjBiMi00NjNjLThjMzAtYjhmYjI4YTQzMjQ4L29wZXJhdGlvbnJlc3VsdHMvZXlKcWIySkpaQ0k2SWxKRlUwOVZVa05GUjFKUFZWQkVSVXhGVkVsUFRrcFBRaTFEVWxCVVJWTlVVRk16TnpZMkxVVkJVMVJWVXlJc0ltcHZZa3h2WTJGMGFXOXVJam9pWldGemRIVnpJbjA/YXBpLXZlcnNpb249MjAxNi0wMi0wMQ==",
      "RequestMethod": "GET",
      "RequestBody": "",
      "RequestHeaders": {
        "x-ms-version": [
          "2016-02-01"
        ],
        "User-Agent": [
          "Microsoft.Azure.Management.Resources.ResourceManagementClient/2.0.0.0"
        ]
      },
      "ResponseBody": "",
      "ResponseHeaders": {
        "Content-Length": [
          "0"
        ],
        "Expires": [
          "-1"
        ],
        "Pragma": [
          "no-cache"
        ],
        "Retry-After": [
          "15"
        ],
        "x-ms-ratelimit-remaining-subscription-reads": [
          "14999"
        ],
        "x-ms-request-id": [
          "797dcd95-2bcb-404e-bc11-f0229a8ee323"
        ],
        "x-ms-correlation-request-id": [
          "797dcd95-2bcb-404e-bc11-f0229a8ee323"
        ],
        "x-ms-routing-request-id": [
          "CENTRALUS:20170207T003956Z:797dcd95-2bcb-404e-bc11-f0229a8ee323"
        ],
        "Strict-Transport-Security": [
          "max-age=31536000; includeSubDomains"
        ],
        "Cache-Control": [
          "no-cache"
        ],
        "Date": [
          "Tue, 07 Feb 2017 00:39:55 GMT"
        ],
        "Location": [
          "https://management.azure.com/subscriptions/21466899-20b2-463c-8c30-b8fb28a43248/operationresults/eyJqb2JJZCI6IlJFU09VUkNFR1JPVVBERUxFVElPTkpPQi1DUlBURVNUUFMzNzY2LUVBU1RVUyIsImpvYkxvY2F0aW9uIjoiZWFzdHVzIn0?api-version=2016-02-01"
        ]
      },
      "StatusCode": 202
    },
    {
      "RequestUri": "/subscriptions/21466899-20b2-463c-8c30-b8fb28a43248/operationresults/eyJqb2JJZCI6IlJFU09VUkNFR1JPVVBERUxFVElPTkpPQi1DUlBURVNUUFMzNzY2LUVBU1RVUyIsImpvYkxvY2F0aW9uIjoiZWFzdHVzIn0?api-version=2016-02-01",
      "EncodedRequestUri": "L3N1YnNjcmlwdGlvbnMvMjE0NjY4OTktMjBiMi00NjNjLThjMzAtYjhmYjI4YTQzMjQ4L29wZXJhdGlvbnJlc3VsdHMvZXlKcWIySkpaQ0k2SWxKRlUwOVZVa05GUjFKUFZWQkVSVXhGVkVsUFRrcFBRaTFEVWxCVVJWTlVVRk16TnpZMkxVVkJVMVJWVXlJc0ltcHZZa3h2WTJGMGFXOXVJam9pWldGemRIVnpJbjA/YXBpLXZlcnNpb249MjAxNi0wMi0wMQ==",
      "RequestMethod": "GET",
      "RequestBody": "",
      "RequestHeaders": {
        "x-ms-version": [
          "2016-02-01"
        ],
        "User-Agent": [
          "Microsoft.Azure.Management.Resources.ResourceManagementClient/2.0.0.0"
        ]
      },
      "ResponseBody": "",
      "ResponseHeaders": {
        "Content-Length": [
          "0"
        ],
        "Expires": [
          "-1"
        ],
        "Pragma": [
          "no-cache"
        ],
        "Retry-After": [
          "15"
        ],
        "x-ms-ratelimit-remaining-subscription-reads": [
          "14998"
        ],
        "x-ms-request-id": [
          "e7a55725-2c86-4931-b14e-5dd1fcf5e148"
        ],
        "x-ms-correlation-request-id": [
          "e7a55725-2c86-4931-b14e-5dd1fcf5e148"
        ],
        "x-ms-routing-request-id": [
          "CENTRALUS:20170207T004015Z:e7a55725-2c86-4931-b14e-5dd1fcf5e148"
        ],
        "Strict-Transport-Security": [
          "max-age=31536000; includeSubDomains"
        ],
        "Cache-Control": [
          "no-cache"
        ],
        "Date": [
          "Tue, 07 Feb 2017 00:40:15 GMT"
        ],
        "Location": [
          "https://management.azure.com/subscriptions/21466899-20b2-463c-8c30-b8fb28a43248/operationresults/eyJqb2JJZCI6IlJFU09VUkNFR1JPVVBERUxFVElPTkpPQi1DUlBURVNUUFMzNzY2LUVBU1RVUyIsImpvYkxvY2F0aW9uIjoiZWFzdHVzIn0?api-version=2016-02-01"
        ]
      },
      "StatusCode": 202
    },
    {
      "RequestUri": "/subscriptions/21466899-20b2-463c-8c30-b8fb28a43248/operationresults/eyJqb2JJZCI6IlJFU09VUkNFR1JPVVBERUxFVElPTkpPQi1DUlBURVNUUFMzNzY2LUVBU1RVUyIsImpvYkxvY2F0aW9uIjoiZWFzdHVzIn0?api-version=2016-02-01",
      "EncodedRequestUri": "L3N1YnNjcmlwdGlvbnMvMjE0NjY4OTktMjBiMi00NjNjLThjMzAtYjhmYjI4YTQzMjQ4L29wZXJhdGlvbnJlc3VsdHMvZXlKcWIySkpaQ0k2SWxKRlUwOVZVa05GUjFKUFZWQkVSVXhGVkVsUFRrcFBRaTFEVWxCVVJWTlVVRk16TnpZMkxVVkJVMVJWVXlJc0ltcHZZa3h2WTJGMGFXOXVJam9pWldGemRIVnpJbjA/YXBpLXZlcnNpb249MjAxNi0wMi0wMQ==",
      "RequestMethod": "GET",
      "RequestBody": "",
      "RequestHeaders": {
        "x-ms-version": [
          "2016-02-01"
        ],
        "User-Agent": [
          "Microsoft.Azure.Management.Resources.ResourceManagementClient/2.0.0.0"
        ]
      },
      "ResponseBody": "",
      "ResponseHeaders": {
        "Content-Length": [
          "0"
        ],
        "Expires": [
          "-1"
        ],
        "Pragma": [
          "no-cache"
        ],
        "x-ms-ratelimit-remaining-subscription-reads": [
          "14997"
        ],
        "x-ms-request-id": [
          "ed7f1da3-e030-4397-97c7-b9a560f7e253"
        ],
        "x-ms-correlation-request-id": [
          "ed7f1da3-e030-4397-97c7-b9a560f7e253"
        ],
        "x-ms-routing-request-id": [
          "CENTRALUS:20170207T004030Z:ed7f1da3-e030-4397-97c7-b9a560f7e253"
        ],
        "Strict-Transport-Security": [
          "max-age=31536000; includeSubDomains"
        ],
        "Cache-Control": [
          "no-cache"
        ],
        "Date": [
          "Tue, 07 Feb 2017 00:40:30 GMT"
        ]
      },
      "StatusCode": 200
    }
  ],
  "Names": {
    "Test-Disk": [
      "crptestps3766"
    ]
  },
  "Variables": {
    "SubscriptionId": "21466899-20b2-463c-8c30-b8fb28a43248"
  }
}
