{
  "Entries": [
    {
      "RequestUri": "/subscriptions/cd45f23b-b832-4fa4-a434-1bf7e6f14a5a/resourceGroups/anatolib-azureps-test-rg/providers/Microsoft.Automation/automationAccounts/anatolib-azureps-test-aa/modules/Pester?api-version=2015-10-31",
      "EncodedRequestUri": "L3N1YnNjcmlwdGlvbnMvY2Q0NWYyM2ItYjgzMi00ZmE0LWE0MzQtMWJmN2U2ZjE0YTVhL3Jlc291cmNlR3JvdXBzL2FuYXRvbGliLWF6dXJlcHMtdGVzdC1yZy9wcm92aWRlcnMvTWljcm9zb2Z0LkF1dG9tYXRpb24vYXV0b21hdGlvbkFjY291bnRzL2FuYXRvbGliLWF6dXJlcHMtdGVzdC1hYS9tb2R1bGVzL1Blc3Rlcj9hcGktdmVyc2lvbj0yMDE1LTEwLTMx",
      "RequestMethod": "GET",
      "RequestBody": "",
      "RequestHeaders": {
        "x-ms-client-request-id": [
          "1d93f81f-5f8f-4a2c-a357-ddf04f397e75"
        ],
        "accept-language": [
          "en-US"
        ],
        "User-Agent": [
          "FxVersion/4.7.3190.0",
          "OSName/Windows10Enterprise",
          "OSVersion/6.3.17763",
          "Microsoft.Azure.Management.Automation.AutomationClient/3.3.0.0"
        ]
      },
      "ResponseBody": "{\r\n  \"id\": \"/subscriptions/cd45f23b-b832-4fa4-a434-1bf7e6f14a5a/resourceGroups/anatolib-azureps-test-rg/providers/Microsoft.Automation/automationAccounts/anatolib-azureps-test-aa/modules/Pester\",\r\n  \"name\": \"Pester\",\r\n  \"type\": \"Microsoft.Automation/AutomationAccounts/Modules\",\r\n  \"location\": \"westcentralus\",\r\n  \"tags\": {},\r\n  \"etag\": null,\r\n  \"properties\": {\r\n    \"isGlobal\": false,\r\n    \"version\": null,\r\n    \"sizeInBytes\": 0,\r\n    \"activityCount\": 0,\r\n    \"creationTime\": \"2018-10-31T14:42:54.79-07:00\",\r\n    \"lastModifiedTime\": \"2018-10-31T14:42:54.82-07:00\",\r\n    \"error\": {\r\n      \"code\": null,\r\n      \"message\": \"\"\r\n    },\r\n    \"provisioningState\": \"Creating\",\r\n    \"isComposite\": false\r\n  }\r\n}",
      "ResponseHeaders": {
        "Content-Length": [
          "575"
        ],
        "Content-Type": [
          "application/json; charset=utf-8"
        ],
        "Expires": [
          "-1"
        ],
        "Pragma": [
          "no-cache"
        ],
        "x-ms-request-id": [
          "1d93f81f-5f8f-4a2c-a357-ddf04f397e75"
        ],
        "Strict-Transport-Security": [
          "max-age=31536000; includeSubDomains"
        ],
        "x-ms-ratelimit-remaining-subscription-reads": [
          "11988"
        ],
        "x-ms-correlation-request-id": [
          "41e3561e-43ef-4f83-a59d-60b8abb40fd7"
        ],
        "x-ms-routing-request-id": [
          "WESTUS2:20181031T214300Z:41e3561e-43ef-4f83-a59d-60b8abb40fd7"
        ],
        "X-Content-Type-Options": [
          "nosniff"
        ],
        "Cache-Control": [
          "no-cache"
        ],
        "Date": [
          "Wed, 31 Oct 2018 21:42:59 GMT"
        ],
        "Server": [
          "Microsoft-IIS/8.5"
        ],
        "X-AspNet-Version": [
          "4.0.30319"
        ],
        "X-Powered-By": [
          "ASP.NET"
        ]
      },
      "StatusCode": 200
    },
    {
      "RequestUri": "/subscriptions/cd45f23b-b832-4fa4-a434-1bf7e6f14a5a/resourceGroups/anatolib-azureps-test-rg/providers/Microsoft.Automation/automationAccounts/anatolib-azureps-test-aa/modules/Pester?api-version=2015-10-31",
      "EncodedRequestUri": "L3N1YnNjcmlwdGlvbnMvY2Q0NWYyM2ItYjgzMi00ZmE0LWE0MzQtMWJmN2U2ZjE0YTVhL3Jlc291cmNlR3JvdXBzL2FuYXRvbGliLWF6dXJlcHMtdGVzdC1yZy9wcm92aWRlcnMvTWljcm9zb2Z0LkF1dG9tYXRpb24vYXV0b21hdGlvbkFjY291bnRzL2FuYXRvbGliLWF6dXJlcHMtdGVzdC1hYS9tb2R1bGVzL1Blc3Rlcj9hcGktdmVyc2lvbj0yMDE1LTEwLTMx",
      "RequestMethod": "GET",
      "RequestBody": "",
      "RequestHeaders": {
        "x-ms-client-request-id": [
          "aadb41a7-61bc-4b39-bdba-df36e3910f7e"
        ],
        "accept-language": [
          "en-US"
        ],
        "User-Agent": [
          "FxVersion/4.7.3190.0",
          "OSName/Windows10Enterprise",
          "OSVersion/6.3.17763",
          "Microsoft.Azure.Management.Automation.AutomationClient/3.3.0.0"
        ]
      },
      "ResponseBody": "{\r\n  \"id\": \"/subscriptions/cd45f23b-b832-4fa4-a434-1bf7e6f14a5a/resourceGroups/anatolib-azureps-test-rg/providers/Microsoft.Automation/automationAccounts/anatolib-azureps-test-aa/modules/Pester\",\r\n  \"name\": \"Pester\",\r\n  \"type\": \"Microsoft.Automation/AutomationAccounts/Modules\",\r\n  \"location\": \"westcentralus\",\r\n  \"tags\": {},\r\n  \"etag\": null,\r\n  \"properties\": {\r\n    \"isGlobal\": false,\r\n    \"version\": null,\r\n    \"sizeInBytes\": 0,\r\n    \"activityCount\": 0,\r\n    \"creationTime\": \"2018-10-31T14:43:01.6666667-07:00\",\r\n    \"lastModifiedTime\": \"2018-10-31T14:43:01.6966667-07:00\",\r\n    \"error\": {\r\n      \"code\": null,\r\n      \"message\": \"\"\r\n    },\r\n    \"provisioningState\": \"Creating\",\r\n    \"isComposite\": false\r\n  }\r\n}",
      "ResponseHeaders": {
        "Content-Length": [
          "585"
        ],
        "Content-Type": [
          "application/json; charset=utf-8"
        ],
        "Expires": [
          "-1"
        ],
        "Pragma": [
          "no-cache"
        ],
        "x-ms-request-id": [
          "aadb41a7-61bc-4b39-bdba-df36e3910f7e"
        ],
        "Strict-Transport-Security": [
          "max-age=31536000; includeSubDomains"
        ],
        "x-ms-ratelimit-remaining-subscription-reads": [
          "11987"
        ],
        "x-ms-correlation-request-id": [
          "a075902e-c0c6-4ec8-8a47-6e576adbe6ef"
        ],
        "x-ms-routing-request-id": [
          "WESTUS2:20181031T214301Z:a075902e-c0c6-4ec8-8a47-6e576adbe6ef"
        ],
        "X-Content-Type-Options": [
          "nosniff"
        ],
        "Cache-Control": [
          "no-cache"
        ],
        "Date": [
          "Wed, 31 Oct 2018 21:43:01 GMT"
        ],
        "Server": [
          "Microsoft-IIS/8.5"
        ],
        "X-AspNet-Version": [
          "4.0.30319"
        ],
        "X-Powered-By": [
          "ASP.NET"
        ]
      },
      "StatusCode": 200
    },
    {
      "RequestUri": "/subscriptions/cd45f23b-b832-4fa4-a434-1bf7e6f14a5a/resourceGroups/anatolib-azureps-test-rg/providers/Microsoft.Automation/automationAccounts/anatolib-azureps-test-aa/modules/Pester?api-version=2015-10-31",
      "EncodedRequestUri": "L3N1YnNjcmlwdGlvbnMvY2Q0NWYyM2ItYjgzMi00ZmE0LWE0MzQtMWJmN2U2ZjE0YTVhL3Jlc291cmNlR3JvdXBzL2FuYXRvbGliLWF6dXJlcHMtdGVzdC1yZy9wcm92aWRlcnMvTWljcm9zb2Z0LkF1dG9tYXRpb24vYXV0b21hdGlvbkFjY291bnRzL2FuYXRvbGliLWF6dXJlcHMtdGVzdC1hYS9tb2R1bGVzL1Blc3Rlcj9hcGktdmVyc2lvbj0yMDE1LTEwLTMx",
      "RequestMethod": "GET",
      "RequestBody": "",
      "RequestHeaders": {
        "x-ms-client-request-id": [
          "c3e66bb6-9c36-4c72-a9f8-6912159907de"
        ],
        "accept-language": [
          "en-US"
        ],
        "User-Agent": [
          "FxVersion/4.7.3190.0",
          "OSName/Windows10Enterprise",
          "OSVersion/6.3.17763",
          "Microsoft.Azure.Management.Automation.AutomationClient/3.3.0.0"
        ]
      },
      "ResponseBody": "{\r\n  \"id\": \"/subscriptions/cd45f23b-b832-4fa4-a434-1bf7e6f14a5a/resourceGroups/anatolib-azureps-test-rg/providers/Microsoft.Automation/automationAccounts/anatolib-azureps-test-aa/modules/Pester\",\r\n  \"name\": \"Pester\",\r\n  \"type\": \"Microsoft.Automation/AutomationAccounts/Modules\",\r\n  \"location\": \"westcentralus\",\r\n  \"tags\": {},\r\n  \"etag\": null,\r\n  \"properties\": {\r\n    \"isGlobal\": false,\r\n    \"version\": null,\r\n    \"sizeInBytes\": 0,\r\n    \"activityCount\": 0,\r\n    \"creationTime\": \"2018-10-31T14:43:01.6666667-07:00\",\r\n    \"lastModifiedTime\": \"2018-10-31T14:43:01.6966667-07:00\",\r\n    \"error\": {\r\n      \"code\": null,\r\n      \"message\": \"\"\r\n    },\r\n    \"provisioningState\": \"Creating\",\r\n    \"isComposite\": false\r\n  }\r\n}",
      "ResponseHeaders": {
        "Content-Length": [
          "585"
        ],
        "Content-Type": [
          "application/json; charset=utf-8"
        ],
        "Expires": [
          "-1"
        ],
        "Pragma": [
          "no-cache"
        ],
        "x-ms-request-id": [
          "c3e66bb6-9c36-4c72-a9f8-6912159907de"
        ],
        "Strict-Transport-Security": [
          "max-age=31536000; includeSubDomains"
        ],
        "x-ms-ratelimit-remaining-subscription-reads": [
          "11986"
        ],
        "x-ms-correlation-request-id": [
          "1da94003-c40e-4fe8-a7d0-be7c776a0e4c"
        ],
        "x-ms-routing-request-id": [
          "WESTUS2:20181031T214312Z:1da94003-c40e-4fe8-a7d0-be7c776a0e4c"
        ],
        "X-Content-Type-Options": [
          "nosniff"
        ],
        "Cache-Control": [
          "no-cache"
        ],
        "Date": [
          "Wed, 31 Oct 2018 21:43:11 GMT"
        ],
        "Server": [
          "Microsoft-IIS/8.5"
        ],
        "X-AspNet-Version": [
          "4.0.30319"
        ],
        "X-Powered-By": [
          "ASP.NET"
        ]
      },
      "StatusCode": 200
    },
    {
      "RequestUri": "/subscriptions/cd45f23b-b832-4fa4-a434-1bf7e6f14a5a/resourceGroups/anatolib-azureps-test-rg/providers/Microsoft.Automation/automationAccounts/anatolib-azureps-test-aa/modules/Pester?api-version=2015-10-31",
      "EncodedRequestUri": "L3N1YnNjcmlwdGlvbnMvY2Q0NWYyM2ItYjgzMi00ZmE0LWE0MzQtMWJmN2U2ZjE0YTVhL3Jlc291cmNlR3JvdXBzL2FuYXRvbGliLWF6dXJlcHMtdGVzdC1yZy9wcm92aWRlcnMvTWljcm9zb2Z0LkF1dG9tYXRpb24vYXV0b21hdGlvbkFjY291bnRzL2FuYXRvbGliLWF6dXJlcHMtdGVzdC1hYS9tb2R1bGVzL1Blc3Rlcj9hcGktdmVyc2lvbj0yMDE1LTEwLTMx",
      "RequestMethod": "GET",
      "RequestBody": "",
      "RequestHeaders": {
        "x-ms-client-request-id": [
          "aa61a2c4-1405-4e7c-90fa-1bce5e9f55e2"
        ],
        "accept-language": [
          "en-US"
        ],
        "User-Agent": [
          "FxVersion/4.7.3190.0",
          "OSName/Windows10Enterprise",
          "OSVersion/6.3.17763",
          "Microsoft.Azure.Management.Automation.AutomationClient/3.3.0.0"
        ]
      },
      "ResponseBody": "{\r\n  \"id\": \"/subscriptions/cd45f23b-b832-4fa4-a434-1bf7e6f14a5a/resourceGroups/anatolib-azureps-test-rg/providers/Microsoft.Automation/automationAccounts/anatolib-azureps-test-aa/modules/Pester\",\r\n  \"name\": \"Pester\",\r\n  \"type\": \"Microsoft.Automation/AutomationAccounts/Modules\",\r\n  \"location\": \"westcentralus\",\r\n  \"tags\": {},\r\n  \"etag\": null,\r\n  \"properties\": {\r\n    \"isGlobal\": false,\r\n    \"version\": null,\r\n    \"sizeInBytes\": 0,\r\n    \"activityCount\": 0,\r\n    \"creationTime\": \"2018-10-31T14:43:01.6666667-07:00\",\r\n    \"lastModifiedTime\": \"2018-10-31T14:43:01.6966667-07:00\",\r\n    \"error\": {\r\n      \"code\": null,\r\n      \"message\": \"\"\r\n    },\r\n    \"provisioningState\": \"Creating\",\r\n    \"isComposite\": false\r\n  }\r\n}",
      "ResponseHeaders": {
        "Content-Length": [
          "585"
        ],
        "Content-Type": [
          "application/json; charset=utf-8"
        ],
        "Expires": [
          "-1"
        ],
        "Pragma": [
          "no-cache"
        ],
        "x-ms-request-id": [
          "aa61a2c4-1405-4e7c-90fa-1bce5e9f55e2"
        ],
        "Strict-Transport-Security": [
          "max-age=31536000; includeSubDomains"
        ],
        "x-ms-ratelimit-remaining-subscription-reads": [
          "11984"
        ],
        "x-ms-correlation-request-id": [
          "fd26747b-9938-4273-949f-a50c861c358c"
        ],
        "x-ms-routing-request-id": [
          "WESTUS2:20181031T214322Z:fd26747b-9938-4273-949f-a50c861c358c"
        ],
        "X-Content-Type-Options": [
          "nosniff"
        ],
        "Cache-Control": [
          "no-cache"
        ],
        "Date": [
          "Wed, 31 Oct 2018 21:43:21 GMT"
        ],
        "Server": [
          "Microsoft-IIS/8.5"
        ],
        "X-AspNet-Version": [
          "4.0.30319"
        ],
        "X-Powered-By": [
          "ASP.NET"
        ]
      },
      "StatusCode": 200
    },
    {
      "RequestUri": "/subscriptions/cd45f23b-b832-4fa4-a434-1bf7e6f14a5a/resourceGroups/anatolib-azureps-test-rg/providers/Microsoft.Automation/automationAccounts/anatolib-azureps-test-aa/modules/Pester?api-version=2015-10-31",
      "EncodedRequestUri": "L3N1YnNjcmlwdGlvbnMvY2Q0NWYyM2ItYjgzMi00ZmE0LWE0MzQtMWJmN2U2ZjE0YTVhL3Jlc291cmNlR3JvdXBzL2FuYXRvbGliLWF6dXJlcHMtdGVzdC1yZy9wcm92aWRlcnMvTWljcm9zb2Z0LkF1dG9tYXRpb24vYXV0b21hdGlvbkFjY291bnRzL2FuYXRvbGliLWF6dXJlcHMtdGVzdC1hYS9tb2R1bGVzL1Blc3Rlcj9hcGktdmVyc2lvbj0yMDE1LTEwLTMx",
      "RequestMethod": "GET",
      "RequestBody": "",
      "RequestHeaders": {
        "x-ms-client-request-id": [
          "e42a8449-0669-435b-b5c4-904503de6250"
        ],
        "accept-language": [
          "en-US"
        ],
        "User-Agent": [
          "FxVersion/4.7.3190.0",
          "OSName/Windows10Enterprise",
          "OSVersion/6.3.17763",
          "Microsoft.Azure.Management.Automation.AutomationClient/3.3.0.0"
        ]
      },
      "ResponseBody": "{\r\n  \"id\": \"/subscriptions/cd45f23b-b832-4fa4-a434-1bf7e6f14a5a/resourceGroups/anatolib-azureps-test-rg/providers/Microsoft.Automation/automationAccounts/anatolib-azureps-test-aa/modules/Pester\",\r\n  \"name\": \"Pester\",\r\n  \"type\": \"Microsoft.Automation/AutomationAccounts/Modules\",\r\n  \"location\": \"westcentralus\",\r\n  \"tags\": {},\r\n  \"etag\": null,\r\n  \"properties\": {\r\n    \"isGlobal\": false,\r\n    \"version\": null,\r\n    \"sizeInBytes\": 0,\r\n    \"activityCount\": 0,\r\n    \"creationTime\": \"2018-10-31T14:43:01.6666667-07:00\",\r\n    \"lastModifiedTime\": \"2018-10-31T14:43:01.6966667-07:00\",\r\n    \"error\": {\r\n      \"code\": null,\r\n      \"message\": \"\"\r\n    },\r\n    \"provisioningState\": \"Creating\",\r\n    \"isComposite\": false\r\n  }\r\n}",
      "ResponseHeaders": {
        "Content-Length": [
          "585"
        ],
        "Content-Type": [
          "application/json; charset=utf-8"
        ],
        "Expires": [
          "-1"
        ],
        "Pragma": [
          "no-cache"
        ],
        "x-ms-request-id": [
          "e42a8449-0669-435b-b5c4-904503de6250"
        ],
        "Strict-Transport-Security": [
          "max-age=31536000; includeSubDomains"
        ],
        "x-ms-ratelimit-remaining-subscription-reads": [
          "11983"
        ],
        "x-ms-correlation-request-id": [
          "00ac9ade-6b7c-47ed-b9c3-1a67e386b12b"
        ],
        "x-ms-routing-request-id": [
          "WESTUS2:20181031T214332Z:00ac9ade-6b7c-47ed-b9c3-1a67e386b12b"
        ],
        "X-Content-Type-Options": [
          "nosniff"
        ],
        "Cache-Control": [
          "no-cache"
        ],
        "Date": [
          "Wed, 31 Oct 2018 21:43:32 GMT"
        ],
        "Server": [
          "Microsoft-IIS/8.5"
        ],
        "X-AspNet-Version": [
          "4.0.30319"
        ],
        "X-Powered-By": [
          "ASP.NET"
        ]
      },
      "StatusCode": 200
    },
    {
      "RequestUri": "/subscriptions/cd45f23b-b832-4fa4-a434-1bf7e6f14a5a/resourceGroups/anatolib-azureps-test-rg/providers/Microsoft.Automation/automationAccounts/anatolib-azureps-test-aa/modules/Pester?api-version=2015-10-31",
      "EncodedRequestUri": "L3N1YnNjcmlwdGlvbnMvY2Q0NWYyM2ItYjgzMi00ZmE0LWE0MzQtMWJmN2U2ZjE0YTVhL3Jlc291cmNlR3JvdXBzL2FuYXRvbGliLWF6dXJlcHMtdGVzdC1yZy9wcm92aWRlcnMvTWljcm9zb2Z0LkF1dG9tYXRpb24vYXV0b21hdGlvbkFjY291bnRzL2FuYXRvbGliLWF6dXJlcHMtdGVzdC1hYS9tb2R1bGVzL1Blc3Rlcj9hcGktdmVyc2lvbj0yMDE1LTEwLTMx",
      "RequestMethod": "GET",
      "RequestBody": "",
      "RequestHeaders": {
        "x-ms-client-request-id": [
          "a9e8ef0a-6f01-4d88-b872-0380288506f1"
        ],
        "accept-language": [
          "en-US"
        ],
        "User-Agent": [
          "FxVersion/4.7.3190.0",
          "OSName/Windows10Enterprise",
          "OSVersion/6.3.17763",
          "Microsoft.Azure.Management.Automation.AutomationClient/3.3.0.0"
        ]
      },
      "ResponseBody": "{\r\n  \"id\": \"/subscriptions/cd45f23b-b832-4fa4-a434-1bf7e6f14a5a/resourceGroups/anatolib-azureps-test-rg/providers/Microsoft.Automation/automationAccounts/anatolib-azureps-test-aa/modules/Pester\",\r\n  \"name\": \"Pester\",\r\n  \"type\": \"Microsoft.Automation/AutomationAccounts/Modules\",\r\n  \"location\": \"westcentralus\",\r\n  \"tags\": {},\r\n  \"etag\": null,\r\n  \"properties\": {\r\n    \"isGlobal\": false,\r\n    \"version\": null,\r\n    \"sizeInBytes\": 0,\r\n    \"activityCount\": 0,\r\n    \"creationTime\": \"2018-10-31T14:43:01.6666667-07:00\",\r\n    \"lastModifiedTime\": \"2018-10-31T14:43:01.6966667-07:00\",\r\n    \"error\": {\r\n      \"code\": null,\r\n      \"message\": \"\"\r\n    },\r\n    \"provisioningState\": \"Creating\",\r\n    \"isComposite\": false\r\n  }\r\n}",
      "ResponseHeaders": {
        "Content-Length": [
          "585"
        ],
        "Content-Type": [
          "application/json; charset=utf-8"
        ],
        "Expires": [
          "-1"
        ],
        "Pragma": [
          "no-cache"
        ],
        "x-ms-request-id": [
          "a9e8ef0a-6f01-4d88-b872-0380288506f1"
        ],
        "Strict-Transport-Security": [
          "max-age=31536000; includeSubDomains"
        ],
        "x-ms-ratelimit-remaining-subscription-reads": [
          "11982"
        ],
        "x-ms-correlation-request-id": [
          "0f9a0fe5-48dd-48c0-a23e-e654075bf367"
        ],
        "x-ms-routing-request-id": [
          "WESTUS2:20181031T214342Z:0f9a0fe5-48dd-48c0-a23e-e654075bf367"
        ],
        "X-Content-Type-Options": [
          "nosniff"
        ],
        "Cache-Control": [
          "no-cache"
        ],
        "Date": [
          "Wed, 31 Oct 2018 21:43:42 GMT"
        ],
        "Server": [
          "Microsoft-IIS/8.5"
        ],
        "X-AspNet-Version": [
          "4.0.30319"
        ],
        "X-Powered-By": [
          "ASP.NET"
        ]
      },
      "StatusCode": 200
    },
    {
      "RequestUri": "/subscriptions/cd45f23b-b832-4fa4-a434-1bf7e6f14a5a/resourceGroups/anatolib-azureps-test-rg/providers/Microsoft.Automation/automationAccounts/anatolib-azureps-test-aa/modules/Pester?api-version=2015-10-31",
      "EncodedRequestUri": "L3N1YnNjcmlwdGlvbnMvY2Q0NWYyM2ItYjgzMi00ZmE0LWE0MzQtMWJmN2U2ZjE0YTVhL3Jlc291cmNlR3JvdXBzL2FuYXRvbGliLWF6dXJlcHMtdGVzdC1yZy9wcm92aWRlcnMvTWljcm9zb2Z0LkF1dG9tYXRpb24vYXV0b21hdGlvbkFjY291bnRzL2FuYXRvbGliLWF6dXJlcHMtdGVzdC1hYS9tb2R1bGVzL1Blc3Rlcj9hcGktdmVyc2lvbj0yMDE1LTEwLTMx",
      "RequestMethod": "GET",
      "RequestBody": "",
      "RequestHeaders": {
        "x-ms-client-request-id": [
          "3e0f9c84-34c5-48c4-970d-62b384a43a10"
        ],
        "accept-language": [
          "en-US"
        ],
        "User-Agent": [
          "FxVersion/4.7.3190.0",
          "OSName/Windows10Enterprise",
          "OSVersion/6.3.17763",
          "Microsoft.Azure.Management.Automation.AutomationClient/3.3.0.0"
        ]
      },
      "ResponseBody": "{\r\n  \"id\": \"/subscriptions/cd45f23b-b832-4fa4-a434-1bf7e6f14a5a/resourceGroups/anatolib-azureps-test-rg/providers/Microsoft.Automation/automationAccounts/anatolib-azureps-test-aa/modules/Pester\",\r\n  \"name\": \"Pester\",\r\n  \"type\": \"Microsoft.Automation/AutomationAccounts/Modules\",\r\n  \"location\": \"westcentralus\",\r\n  \"tags\": {},\r\n  \"etag\": null,\r\n  \"properties\": {\r\n    \"isGlobal\": false,\r\n    \"version\": null,\r\n    \"sizeInBytes\": 0,\r\n    \"activityCount\": 0,\r\n    \"creationTime\": \"2018-10-31T14:43:01.6666667-07:00\",\r\n    \"lastModifiedTime\": \"2018-10-31T14:43:01.6966667-07:00\",\r\n    \"error\": {\r\n      \"code\": null,\r\n      \"message\": \"\"\r\n    },\r\n    \"provisioningState\": \"Creating\",\r\n    \"isComposite\": false\r\n  }\r\n}",
      "ResponseHeaders": {
        "Content-Length": [
          "585"
        ],
        "Content-Type": [
          "application/json; charset=utf-8"
        ],
        "Expires": [
          "-1"
        ],
        "Pragma": [
          "no-cache"
        ],
        "x-ms-request-id": [
          "3e0f9c84-34c5-48c4-970d-62b384a43a10"
        ],
        "Strict-Transport-Security": [
          "max-age=31536000; includeSubDomains"
        ],
        "x-ms-ratelimit-remaining-subscription-reads": [
          "11981"
        ],
        "x-ms-correlation-request-id": [
          "fcfb2b0c-fe84-4fd0-ab31-05392527764d"
        ],
        "x-ms-routing-request-id": [
          "WESTUS2:20181031T214352Z:fcfb2b0c-fe84-4fd0-ab31-05392527764d"
        ],
        "X-Content-Type-Options": [
          "nosniff"
        ],
        "Cache-Control": [
          "no-cache"
        ],
        "Date": [
          "Wed, 31 Oct 2018 21:43:52 GMT"
        ],
        "Server": [
          "Microsoft-IIS/8.5"
        ],
        "X-AspNet-Version": [
          "4.0.30319"
        ],
        "X-Powered-By": [
          "ASP.NET"
        ]
      },
      "StatusCode": 200
    },
    {
      "RequestUri": "/subscriptions/cd45f23b-b832-4fa4-a434-1bf7e6f14a5a/resourceGroups/anatolib-azureps-test-rg/providers/Microsoft.Automation/automationAccounts/anatolib-azureps-test-aa/modules/Pester?api-version=2015-10-31",
      "EncodedRequestUri": "L3N1YnNjcmlwdGlvbnMvY2Q0NWYyM2ItYjgzMi00ZmE0LWE0MzQtMWJmN2U2ZjE0YTVhL3Jlc291cmNlR3JvdXBzL2FuYXRvbGliLWF6dXJlcHMtdGVzdC1yZy9wcm92aWRlcnMvTWljcm9zb2Z0LkF1dG9tYXRpb24vYXV0b21hdGlvbkFjY291bnRzL2FuYXRvbGliLWF6dXJlcHMtdGVzdC1hYS9tb2R1bGVzL1Blc3Rlcj9hcGktdmVyc2lvbj0yMDE1LTEwLTMx",
      "RequestMethod": "GET",
      "RequestBody": "",
      "RequestHeaders": {
        "x-ms-client-request-id": [
          "fd19bb3d-82fc-4f2a-b2b2-f78401056518"
        ],
        "accept-language": [
          "en-US"
        ],
        "User-Agent": [
          "FxVersion/4.7.3190.0",
          "OSName/Windows10Enterprise",
          "OSVersion/6.3.17763",
          "Microsoft.Azure.Management.Automation.AutomationClient/3.3.0.0"
        ]
      },
      "ResponseBody": "{\r\n  \"id\": \"/subscriptions/cd45f23b-b832-4fa4-a434-1bf7e6f14a5a/resourceGroups/anatolib-azureps-test-rg/providers/Microsoft.Automation/automationAccounts/anatolib-azureps-test-aa/modules/Pester\",\r\n  \"name\": \"Pester\",\r\n  \"type\": \"Microsoft.Automation/AutomationAccounts/Modules\",\r\n  \"location\": \"westcentralus\",\r\n  \"tags\": {},\r\n  \"etag\": null,\r\n  \"properties\": {\r\n    \"isGlobal\": false,\r\n    \"version\": null,\r\n    \"sizeInBytes\": 0,\r\n    \"activityCount\": 0,\r\n    \"creationTime\": \"2018-10-31T14:43:01.6666667-07:00\",\r\n    \"lastModifiedTime\": \"2018-10-31T14:44:01.8533333-07:00\",\r\n    \"error\": {\r\n      \"code\": null,\r\n      \"message\": \"\"\r\n    },\r\n    \"provisioningState\": \"RunningImportModuleRunbook\",\r\n    \"isComposite\": false\r\n  }\r\n}",
      "ResponseHeaders": {
        "Content-Length": [
          "603"
        ],
        "Content-Type": [
          "application/json; charset=utf-8"
        ],
        "Expires": [
          "-1"
        ],
        "Pragma": [
          "no-cache"
        ],
        "x-ms-request-id": [
          "fd19bb3d-82fc-4f2a-b2b2-f78401056518"
        ],
        "Strict-Transport-Security": [
          "max-age=31536000; includeSubDomains"
        ],
        "x-ms-ratelimit-remaining-subscription-reads": [
          "11980"
        ],
        "x-ms-correlation-request-id": [
          "56e78565-0746-4044-a360-3c4be81b009c"
        ],
        "x-ms-routing-request-id": [
          "WESTUS2:20181031T214402Z:56e78565-0746-4044-a360-3c4be81b009c"
        ],
        "X-Content-Type-Options": [
          "nosniff"
        ],
        "Cache-Control": [
          "no-cache"
        ],
        "Date": [
          "Wed, 31 Oct 2018 21:44:02 GMT"
        ],
        "Server": [
          "Microsoft-IIS/8.5"
        ],
        "X-AspNet-Version": [
          "4.0.30319"
        ],
        "X-Powered-By": [
          "ASP.NET"
        ]
      },
      "StatusCode": 200
    },
    {
      "RequestUri": "/subscriptions/cd45f23b-b832-4fa4-a434-1bf7e6f14a5a/resourceGroups/anatolib-azureps-test-rg/providers/Microsoft.Automation/automationAccounts/anatolib-azureps-test-aa/modules/Pester?api-version=2015-10-31",
      "EncodedRequestUri": "L3N1YnNjcmlwdGlvbnMvY2Q0NWYyM2ItYjgzMi00ZmE0LWE0MzQtMWJmN2U2ZjE0YTVhL3Jlc291cmNlR3JvdXBzL2FuYXRvbGliLWF6dXJlcHMtdGVzdC1yZy9wcm92aWRlcnMvTWljcm9zb2Z0LkF1dG9tYXRpb24vYXV0b21hdGlvbkFjY291bnRzL2FuYXRvbGliLWF6dXJlcHMtdGVzdC1hYS9tb2R1bGVzL1Blc3Rlcj9hcGktdmVyc2lvbj0yMDE1LTEwLTMx",
      "RequestMethod": "GET",
      "RequestBody": "",
      "RequestHeaders": {
        "x-ms-client-request-id": [
          "96d79c60-8b33-4a3c-9b79-f755e4ba6116"
        ],
        "accept-language": [
          "en-US"
        ],
        "User-Agent": [
          "FxVersion/4.7.3190.0",
          "OSName/Windows10Enterprise",
          "OSVersion/6.3.17763",
          "Microsoft.Azure.Management.Automation.AutomationClient/3.3.0.0"
        ]
      },
      "ResponseBody": "{\r\n  \"id\": \"/subscriptions/cd45f23b-b832-4fa4-a434-1bf7e6f14a5a/resourceGroups/anatolib-azureps-test-rg/providers/Microsoft.Automation/automationAccounts/anatolib-azureps-test-aa/modules/Pester\",\r\n  \"name\": \"Pester\",\r\n  \"type\": \"Microsoft.Automation/AutomationAccounts/Modules\",\r\n  \"location\": \"westcentralus\",\r\n  \"tags\": {},\r\n  \"etag\": null,\r\n  \"properties\": {\r\n    \"isGlobal\": false,\r\n    \"version\": \"3.0.3\",\r\n    \"sizeInBytes\": 74921,\r\n    \"activityCount\": 0,\r\n    \"creationTime\": \"2018-10-31T14:43:01.6666667-07:00\",\r\n    \"lastModifiedTime\": \"2018-10-31T14:44:09.7433333-07:00\",\r\n    \"error\": {\r\n      \"code\": null,\r\n      \"message\": \"\"\r\n    },\r\n    \"provisioningState\": \"Succeeded\",\r\n    \"isComposite\": false\r\n  }\r\n}",
      "ResponseHeaders": {
        "Content-Length": [
          "593"
        ],
        "Content-Type": [
          "application/json; charset=utf-8"
        ],
        "Expires": [
          "-1"
        ],
        "Pragma": [
          "no-cache"
        ],
        "x-ms-request-id": [
          "96d79c60-8b33-4a3c-9b79-f755e4ba6116"
        ],
        "Strict-Transport-Security": [
          "max-age=31536000; includeSubDomains"
        ],
        "x-ms-ratelimit-remaining-subscription-reads": [
          "11979"
        ],
        "x-ms-correlation-request-id": [
          "7e0a00bf-4297-4471-92cd-56433503a0d6"
        ],
        "x-ms-routing-request-id": [
          "WESTUS2:20181031T214412Z:7e0a00bf-4297-4471-92cd-56433503a0d6"
        ],
        "X-Content-Type-Options": [
          "nosniff"
        ],
        "Cache-Control": [
          "no-cache"
        ],
        "Date": [
          "Wed, 31 Oct 2018 21:44:12 GMT"
        ],
        "Server": [
          "Microsoft-IIS/8.5"
        ],
        "X-AspNet-Version": [
          "4.0.30319"
        ],
        "X-Powered-By": [
          "ASP.NET"
        ]
      },
      "StatusCode": 200
    },
    {
      "RequestUri": "/subscriptions/cd45f23b-b832-4fa4-a434-1bf7e6f14a5a/resourceGroups/anatolib-azureps-test-rg/providers/Microsoft.Automation/automationAccounts/anatolib-azureps-test-aa/modules/Pester?api-version=2015-10-31",
      "EncodedRequestUri": "L3N1YnNjcmlwdGlvbnMvY2Q0NWYyM2ItYjgzMi00ZmE0LWE0MzQtMWJmN2U2ZjE0YTVhL3Jlc291cmNlR3JvdXBzL2FuYXRvbGliLWF6dXJlcHMtdGVzdC1yZy9wcm92aWRlcnMvTWljcm9zb2Z0LkF1dG9tYXRpb24vYXV0b21hdGlvbkFjY291bnRzL2FuYXRvbGliLWF6dXJlcHMtdGVzdC1hYS9tb2R1bGVzL1Blc3Rlcj9hcGktdmVyc2lvbj0yMDE1LTEwLTMx",
      "RequestMethod": "GET",
      "RequestBody": "",
      "RequestHeaders": {
        "x-ms-client-request-id": [
          "bae292dd-ca48-44ee-a7e4-9a747ebbf9ee"
        ],
        "accept-language": [
          "en-US"
        ],
        "User-Agent": [
          "FxVersion/4.7.3190.0",
          "OSName/Windows10Enterprise",
          "OSVersion/6.3.17763",
          "Microsoft.Azure.Management.Automation.AutomationClient/3.3.0.0"
        ]
      },
      "ResponseBody": "{\r\n  \"code\": \"NotFound\",\r\n  \"message\": \"\"\r\n}",
      "ResponseHeaders": {
        "Content-Length": [
          "32"
        ],
        "Content-Type": [
          "application/json; charset=utf-8"
        ],
        "Expires": [
          "-1"
        ],
        "Pragma": [
          "no-cache"
        ],
        "x-ms-request-id": [
          "bae292dd-ca48-44ee-a7e4-9a747ebbf9ee"
        ],
        "Strict-Transport-Security": [
          "max-age=31536000; includeSubDomains"
        ],
        "x-ms-ratelimit-remaining-subscription-reads": [
          "11978"
        ],
        "x-ms-correlation-request-id": [
          "d2236b20-fb9f-4738-81ee-ee77bca71e26"
        ],
        "x-ms-routing-request-id": [
          "WESTUS2:20181031T214413Z:d2236b20-fb9f-4738-81ee-ee77bca71e26"
        ],
        "X-Content-Type-Options": [
          "nosniff"
        ],
        "Cache-Control": [
          "no-cache"
        ],
        "Date": [
          "Wed, 31 Oct 2018 21:44:12 GMT"
        ],
        "Server": [
          "Microsoft-IIS/8.5"
        ],
        "X-AspNet-Version": [
          "4.0.30319"
        ],
        "X-Powered-By": [
          "ASP.NET"
        ]
      },
      "StatusCode": 404
    },
    {
      "RequestUri": "/subscriptions/cd45f23b-b832-4fa4-a434-1bf7e6f14a5a/resourceGroups/anatolib-azureps-test-rg/providers/Microsoft.Automation/automationAccounts/anatolib-azureps-test-aa/modules/Pester?api-version=2015-10-31",
      "EncodedRequestUri": "L3N1YnNjcmlwdGlvbnMvY2Q0NWYyM2ItYjgzMi00ZmE0LWE0MzQtMWJmN2U2ZjE0YTVhL3Jlc291cmNlR3JvdXBzL2FuYXRvbGliLWF6dXJlcHMtdGVzdC1yZy9wcm92aWRlcnMvTWljcm9zb2Z0LkF1dG9tYXRpb24vYXV0b21hdGlvbkFjY291bnRzL2FuYXRvbGliLWF6dXJlcHMtdGVzdC1hYS9tb2R1bGVzL1Blc3Rlcj9hcGktdmVyc2lvbj0yMDE1LTEwLTMx",
      "RequestMethod": "DELETE",
      "RequestBody": "",
      "RequestHeaders": {
        "x-ms-client-request-id": [
          "137ff72b-5c2f-40aa-9a9d-29a02112423f"
        ],
        "accept-language": [
          "en-US"
        ],
        "User-Agent": [
          "FxVersion/4.7.3190.0",
          "OSName/Windows10Enterprise",
          "OSVersion/6.3.17763",
          "Microsoft.Azure.Management.Automation.AutomationClient/3.3.0.0"
        ]
      },
      "ResponseBody": "",
      "ResponseHeaders": {
        "Content-Length": [
          "0"
        ],
        "Expires": [
          "-1"
        ],
        "Pragma": [
          "no-cache"
        ],
        "x-ms-request-id": [
          "137ff72b-5c2f-40aa-9a9d-29a02112423f"
        ],
        "Strict-Transport-Security": [
          "max-age=31536000; includeSubDomains"
        ],
        "x-ms-ratelimit-remaining-subscription-deletes": [
          "14999"
        ],
        "x-ms-correlation-request-id": [
          "b54a8df6-9f11-4d83-bf00-1dc8216040d7"
        ],
        "x-ms-routing-request-id": [
          "WESTUS2:20181031T214300Z:b54a8df6-9f11-4d83-bf00-1dc8216040d7"
        ],
        "X-Content-Type-Options": [
          "nosniff"
        ],
        "Cache-Control": [
          "no-cache"
        ],
        "Date": [
          "Wed, 31 Oct 2018 21:43:00 GMT"
        ],
        "Server": [
          "Microsoft-IIS/8.5"
        ],
        "X-AspNet-Version": [
          "4.0.30319"
        ],
        "X-Powered-By": [
          "ASP.NET"
        ]
      },
      "StatusCode": 200
    },
    {
      "RequestUri": "/subscriptions/cd45f23b-b832-4fa4-a434-1bf7e6f14a5a/resourceGroups/anatolib-azureps-test-rg/providers/Microsoft.Automation/automationAccounts/anatolib-azureps-test-aa/modules/Pester?api-version=2015-10-31",
      "EncodedRequestUri": "L3N1YnNjcmlwdGlvbnMvY2Q0NWYyM2ItYjgzMi00ZmE0LWE0MzQtMWJmN2U2ZjE0YTVhL3Jlc291cmNlR3JvdXBzL2FuYXRvbGliLWF6dXJlcHMtdGVzdC1yZy9wcm92aWRlcnMvTWljcm9zb2Z0LkF1dG9tYXRpb24vYXV0b21hdGlvbkFjY291bnRzL2FuYXRvbGliLWF6dXJlcHMtdGVzdC1hYS9tb2R1bGVzL1Blc3Rlcj9hcGktdmVyc2lvbj0yMDE1LTEwLTMx",
      "RequestMethod": "DELETE",
      "RequestBody": "",
      "RequestHeaders": {
        "x-ms-client-request-id": [
          "a2225e14-6b4d-4592-b1ce-fe8c9e5602b3"
        ],
        "accept-language": [
          "en-US"
        ],
        "User-Agent": [
          "FxVersion/4.7.3190.0",
          "OSName/Windows10Enterprise",
          "OSVersion/6.3.17763",
          "Microsoft.Azure.Management.Automation.AutomationClient/3.3.0.0"
        ]
      },
      "ResponseBody": "",
      "ResponseHeaders": {
        "Content-Length": [
          "0"
        ],
        "Expires": [
          "-1"
        ],
        "Pragma": [
          "no-cache"
        ],
        "x-ms-request-id": [
          "a2225e14-6b4d-4592-b1ce-fe8c9e5602b3"
        ],
        "Strict-Transport-Security": [
          "max-age=31536000; includeSubDomains"
        ],
        "x-ms-ratelimit-remaining-subscription-deletes": [
          "14998"
        ],
        "x-ms-correlation-request-id": [
          "ce69861d-74b8-4215-910e-2a851a968734"
        ],
        "x-ms-routing-request-id": [
          "WESTUS2:20181031T214413Z:ce69861d-74b8-4215-910e-2a851a968734"
        ],
        "X-Content-Type-Options": [
          "nosniff"
        ],
        "Cache-Control": [
          "no-cache"
        ],
        "Date": [
          "Wed, 31 Oct 2018 21:44:12 GMT"
        ],
        "Server": [
          "Microsoft-IIS/8.5"
        ],
        "X-AspNet-Version": [
          "4.0.30319"
        ],
        "X-Powered-By": [
          "ASP.NET"
        ]
      },
      "StatusCode": 200
    },
    {
      "RequestUri": "/subscriptions/cd45f23b-b832-4fa4-a434-1bf7e6f14a5a/resourceGroups/anatolib-azureps-test-rg/providers/Microsoft.Automation/automationAccounts/anatolib-azureps-test-aa/modules/Pester?api-version=2015-10-31",
      "EncodedRequestUri": "L3N1YnNjcmlwdGlvbnMvY2Q0NWYyM2ItYjgzMi00ZmE0LWE0MzQtMWJmN2U2ZjE0YTVhL3Jlc291cmNlR3JvdXBzL2FuYXRvbGliLWF6dXJlcHMtdGVzdC1yZy9wcm92aWRlcnMvTWljcm9zb2Z0LkF1dG9tYXRpb24vYXV0b21hdGlvbkFjY291bnRzL2FuYXRvbGliLWF6dXJlcHMtdGVzdC1hYS9tb2R1bGVzL1Blc3Rlcj9hcGktdmVyc2lvbj0yMDE1LTEwLTMx",
      "RequestMethod": "PUT",
      "RequestBody": "{\r\n  \"properties\": {\r\n    \"contentLink\": {\r\n      \"uri\": \"https://devopsgallerystorage.blob.core.windows.net/packages/pester.3.0.3.nupkg\"\r\n    }\r\n  },\r\n  \"name\": \"Pester\"\r\n}",
      "RequestHeaders": {
        "Content-Type": [
          "application/json; charset=utf-8"
        ],
        "Content-Length": [
          "173"
        ],
        "x-ms-client-request-id": [
          "367313f6-7760-4e8a-835b-5469e9c49000"
        ],
        "accept-language": [
          "en-US"
        ],
        "User-Agent": [
          "FxVersion/4.7.3190.0",
          "OSName/Windows10Enterprise",
          "OSVersion/6.3.17763",
          "Microsoft.Azure.Management.Automation.AutomationClient/3.3.0.0"
        ]
      },
      "ResponseBody": "{\r\n  \"id\": \"/subscriptions/cd45f23b-b832-4fa4-a434-1bf7e6f14a5a/resourceGroups/anatolib-azureps-test-rg/providers/Microsoft.Automation/automationAccounts/anatolib-azureps-test-aa/modules/Pester\",\r\n  \"name\": \"Pester\",\r\n  \"type\": \"Microsoft.Automation/AutomationAccounts/Modules\",\r\n  \"location\": \"westcentralus\",\r\n  \"tags\": {},\r\n  \"etag\": null,\r\n  \"properties\": {\r\n    \"isGlobal\": false,\r\n    \"version\": null,\r\n    \"sizeInBytes\": 0,\r\n    \"activityCount\": 0,\r\n    \"creationTime\": \"2018-10-31T14:43:01.6666667-07:00\",\r\n    \"lastModifiedTime\": \"2018-10-31T14:43:01.6966667-07:00\",\r\n    \"error\": {\r\n      \"code\": null,\r\n      \"message\": null\r\n    },\r\n    \"provisioningState\": \"Creating\",\r\n    \"isComposite\": false\r\n  }\r\n}",
      "ResponseHeaders": {
        "Content-Length": [
          "587"
        ],
        "Content-Type": [
          "application/json; charset=utf-8"
        ],
        "Expires": [
          "-1"
        ],
        "Pragma": [
          "no-cache"
        ],
        "x-ms-request-id": [
          "367313f6-7760-4e8a-835b-5469e9c49000"
        ],
        "x-ms-location": [
          "https://management.azure.com/subscriptions/cd45f23b-b832-4fa4-a434-1bf7e6f14a5a/resourceGroups/anatolib-azureps-test-rg/providers/Microsoft.Automation/automationAccounts/anatolib-azureps-test-aa/modules/Pester?api-version=2015-10-31"
        ],
        "ocp-location": [
          "https://management.azure.com/subscriptions/cd45f23b-b832-4fa4-a434-1bf7e6f14a5a/resourceGroups/anatolib-azureps-test-rg/providers/Microsoft.Automation/automationAccounts/anatolib-azureps-test-aa/modules/Pester?api-version=2015-10-31"
        ],
        "Strict-Transport-Security": [
          "max-age=31536000; includeSubDomains"
        ],
        "x-ms-ratelimit-remaining-subscription-writes": [
          "1199"
        ],
        "x-ms-correlation-request-id": [
          "b72be224-cb73-476b-a135-7606a97ac70e"
        ],
        "x-ms-routing-request-id": [
          "WESTUS2:20181031T214301Z:b72be224-cb73-476b-a135-7606a97ac70e"
        ],
        "X-Content-Type-Options": [
          "nosniff"
        ],
        "Cache-Control": [
          "no-cache"
        ],
        "Date": [
          "Wed, 31 Oct 2018 21:43:01 GMT"
        ],
        "Location": [
          "https://management.azure.com/subscriptions/cd45f23b-b832-4fa4-a434-1bf7e6f14a5a/resourceGroups/anatolib-azureps-test-rg/providers/Microsoft.Automation/automationAccounts/anatolib-azureps-test-aa/modules/Pester?api-version=2015-10-31"
        ],
        "Server": [
          "Microsoft-IIS/8.5"
        ],
        "X-AspNet-Version": [
          "4.0.30319"
        ],
        "X-Powered-By": [
          "ASP.NET"
        ]
      },
      "StatusCode": 201
    }
  ],
  "Names": {},
  "Variables": {
    "SubscriptionId": "cd45f23b-b832-4fa4-a434-1bf7e6f14a5a"
  }
}