{
  "Entries": [
    {
      "RequestUri": "/subscriptions/e68d4145-c9ae-4667-925d-c51c8d88ad73/resourcegroups/onesdk9145?api-version=2016-02-01",
      "EncodedRequestUri": "L3N1YnNjcmlwdGlvbnMvZTY4ZDQxNDUtYzlhZS00NjY3LTkyNWQtYzUxYzhkODhhZDczL3Jlc291cmNlZ3JvdXBzL29uZXNkazkxNDU/YXBpLXZlcnNpb249MjAxNi0wMi0wMQ==",
      "RequestMethod": "PUT",
      "RequestBody": "{\r\n  \"location\": \"West US\"\r\n}",
      "RequestHeaders": {
        "Content-Type": [
          "application/json; charset=utf-8"
        ],
        "Content-Length": [
          "29"
        ],
        "User-Agent": [
          "Microsoft.Azure.Management.Resources.ResourceManagementClient/2.0.0.0"
        ]
      },
      "ResponseBody": "{\r\n  \"id\": \"/subscriptions/e68d4145-c9ae-4667-925d-c51c8d88ad73/resourceGroups/onesdk9145\",\r\n  \"name\": \"onesdk9145\",\r\n  \"location\": \"westus\",\r\n  \"properties\": {\r\n    \"provisioningState\": \"Succeeded\"\r\n  }\r\n}",
      "ResponseHeaders": {
        "Content-Length": [
          "173"
        ],
        "Content-Type": [
          "application/json; charset=utf-8"
        ],
        "Expires": [
          "-1"
        ],
        "Pragma": [
          "no-cache"
        ],
        "x-ms-ratelimit-remaining-subscription-writes": [
          "1191"
        ],
        "x-ms-request-id": [
          "22c40fa7-cf78-44ef-bedb-2b79390ebce7"
        ],
        "x-ms-correlation-request-id": [
          "22c40fa7-cf78-44ef-bedb-2b79390ebce7"
        ],
        "x-ms-routing-request-id": [
          "NORTHEUROPE:20170303T181446Z:22c40fa7-cf78-44ef-bedb-2b79390ebce7"
        ],
        "Strict-Transport-Security": [
          "max-age=31536000; includeSubDomains"
        ],
        "Cache-Control": [
          "no-cache"
        ],
        "Date": [
          "Fri, 03 Mar 2017 18:14:46 GMT"
        ]
      },
      "StatusCode": 201
    },
    {
      "RequestUri": "/subscriptions/e68d4145-c9ae-4667-925d-c51c8d88ad73/resourceGroups/onesdk9145/providers/Microsoft.Network/trafficmanagerprofiles/onesdk2482?api-version=2017-03-01",
      "EncodedRequestUri": "L3N1YnNjcmlwdGlvbnMvZTY4ZDQxNDUtYzlhZS00NjY3LTkyNWQtYzUxYzhkODhhZDczL3Jlc291cmNlR3JvdXBzL29uZXNkazkxNDUvcHJvdmlkZXJzL01pY3Jvc29mdC5OZXR3b3JrL3RyYWZmaWNtYW5hZ2VycHJvZmlsZXMvb25lc2RrMjQ4Mj9hcGktdmVyc2lvbj0yMDE3LTAzLTAx",
      "RequestMethod": "GET",
      "RequestBody": "",
      "RequestHeaders": {
        "User-Agent": [
          "Microsoft.Azure.Management.TrafficManager.TrafficManagerManagementClient/1.1.0.0"
        ]
      },
      "ResponseBody": "{\r\n  \"error\": {\r\n    \"code\": \"ResourceNotFound\",\r\n    \"message\": \"The Resource 'Microsoft.Network/trafficmanagerprofiles/onesdk2482' under resource group 'onesdk9145' was not found.\"\r\n  }\r\n}",
      "ResponseHeaders": {
        "Content-Length": [
          "165"
        ],
        "Content-Type": [
          "application/json; charset=utf-8"
        ],
        "Expires": [
          "-1"
        ],
        "Pragma": [
          "no-cache"
        ],
        "x-ms-failure-cause": [
          "gateway"
        ],
        "x-ms-request-id": [
          "2fc4fef0-5629-447d-9b25-4442cdb6ad1f"
        ],
        "x-ms-correlation-request-id": [
          "2fc4fef0-5629-447d-9b25-4442cdb6ad1f"
        ],
        "x-ms-routing-request-id": [
          "NORTHEUROPE:20170303T181452Z:2fc4fef0-5629-447d-9b25-4442cdb6ad1f"
        ],
        "Strict-Transport-Security": [
          "max-age=31536000; includeSubDomains"
        ],
        "Cache-Control": [
          "no-cache"
        ],
        "Date": [
          "Fri, 03 Mar 2017 18:14:52 GMT"
        ]
      },
      "StatusCode": 404
    },
    {
      "RequestUri": "/subscriptions/e68d4145-c9ae-4667-925d-c51c8d88ad73/resourceGroups/onesdk9145/providers/Microsoft.Network/trafficmanagerprofiles/onesdk2482?api-version=2017-03-01",
      "EncodedRequestUri": "L3N1YnNjcmlwdGlvbnMvZTY4ZDQxNDUtYzlhZS00NjY3LTkyNWQtYzUxYzhkODhhZDczL3Jlc291cmNlR3JvdXBzL29uZXNkazkxNDUvcHJvdmlkZXJzL01pY3Jvc29mdC5OZXR3b3JrL3RyYWZmaWNtYW5hZ2VycHJvZmlsZXMvb25lc2RrMjQ4Mj9hcGktdmVyc2lvbj0yMDE3LTAzLTAx",
      "RequestMethod": "PUT",
      "RequestBody": "{\r\n  \"properties\": {\r\n    \"trafficRoutingMethod\": \"Performance\",\r\n    \"dnsConfig\": {\r\n      \"relativeName\": \"onesdk6242\",\r\n      \"ttl\": 50\r\n    },\r\n    \"monitorConfig\": {\r\n      \"protocol\": \"HTTP\",\r\n      \"port\": 80,\r\n      \"path\": \"/testpath.asp\"\r\n    }\r\n  },\r\n  \"name\": \"onesdk2482\",\r\n  \"location\": \"global\"\r\n}",
      "RequestHeaders": {
        "Content-Type": [
          "application/json; charset=utf-8"
        ],
        "Content-Length": [
          "312"
        ],
        "User-Agent": [
          "Microsoft.Azure.Management.TrafficManager.TrafficManagerManagementClient/1.1.0.0"
        ]
      },
      "ResponseBody": "{\r\n  \"id\": \"/subscriptions/e68d4145-c9ae-4667-925d-c51c8d88ad73/resourceGroups/onesdk9145/providers/Microsoft.Network/trafficManagerProfiles/onesdk2482\",\r\n  \"name\": \"onesdk2482\",\r\n  \"type\": \"Microsoft.Network/trafficManagerProfiles\",\r\n  \"location\": \"global\",\r\n  \"properties\": {\r\n    \"profileStatus\": \"Enabled\",\r\n    \"trafficRoutingMethod\": \"Performance\",\r\n    \"dnsConfig\": {\r\n      \"relativeName\": \"onesdk6242\",\r\n      \"fqdn\": \"onesdk6242.tmpreview.watmtest.azure-test.net\",\r\n      \"ttl\": 50\r\n    },\r\n    \"monitorConfig\": {\r\n      \"profileMonitorStatus\": \"Inactive\",\r\n      \"protocol\": \"HTTP\",\r\n      \"port\": 80,\r\n      \"path\": \"/testpath.asp\"\r\n    },\r\n    \"endpoints\": []\r\n  }\r\n}",
      "ResponseHeaders": {
        "Content-Length": [
          "549"
        ],
        "Content-Type": [
          "application/json; charset=utf-8"
        ],
        "X-Content-Type-Options": [
          "nosniff"
        ],
        "Strict-Transport-Security": [
          "max-age=31536000; includeSubDomains"
        ],
        "x-ms-request-id": [
          "88f2e3f5-d0c6-47a3-804c-24f2e3fb0cdd"
        ],
        "x-ms-ratelimit-remaining-subscription-resource-requests": [
          "10795"
        ],
        "x-ms-correlation-request-id": [
          "248ea7f0-4fe2-4018-934b-b302f455651e"
        ],
        "x-ms-routing-request-id": [
          "NORTHEUROPE:20170303T181458Z:248ea7f0-4fe2-4018-934b-b302f455651e"
        ],
        "Cache-Control": [
          "private"
        ],
        "Date": [
          "Fri, 03 Mar 2017 18:14:58 GMT"
        ],
        "Server": [
          "Microsoft-IIS/8.5"
        ],
        "X-AspNet-Version": [
          "4.0.30319"
        ],
        "X-Powered-By": [
          "ASP.NET"
        ]
      },
      "StatusCode": 201
    },
    {
      "RequestUri": "/subscriptions/e68d4145-c9ae-4667-925d-c51c8d88ad73/resourceGroups/onesdk9145/providers/Microsoft.Network/trafficmanagerprofiles/onesdk2482?api-version=2017-03-01",
      "EncodedRequestUri": "L3N1YnNjcmlwdGlvbnMvZTY4ZDQxNDUtYzlhZS00NjY3LTkyNWQtYzUxYzhkODhhZDczL3Jlc291cmNlR3JvdXBzL29uZXNkazkxNDUvcHJvdmlkZXJzL01pY3Jvc29mdC5OZXR3b3JrL3RyYWZmaWNtYW5hZ2VycHJvZmlsZXMvb25lc2RrMjQ4Mj9hcGktdmVyc2lvbj0yMDE3LTAzLTAx",
      "RequestMethod": "PUT",
      "RequestBody": "{\r\n  \"properties\": {\r\n    \"profileStatus\": \"Enabled\",\r\n    \"trafficRoutingMethod\": \"Performance\",\r\n    \"dnsConfig\": {\r\n      \"relativeName\": \"onesdk6242\",\r\n      \"ttl\": 50\r\n    },\r\n    \"monitorConfig\": {\r\n      \"protocol\": \"HTTP\",\r\n      \"port\": 80,\r\n      \"path\": \"/testpath.asp\"\r\n    },\r\n    \"endpoints\": [\r\n      {\r\n        \"name\": \"MyExternalEndpoint\",\r\n        \"type\": \"Microsoft.Network/trafficManagerProfiles/ExternalEndpoints\",\r\n        \"properties\": {\r\n          \"target\": \"www.contoso.com\",\r\n          \"endpointStatus\": \"Enabled\",\r\n          \"endpointLocation\": \"North Europe\"\r\n        }\r\n      }\r\n    ]\r\n  },\r\n  \"id\": \"/subscriptions/e68d4145-c9ae-4667-925d-c51c8d88ad73/resourceGroups/onesdk9145/providers/Microsoft.Network/trafficManagerProfiles/onesdk2482\",\r\n  \"name\": \"onesdk2482\",\r\n  \"type\": \"Microsoft.Network/trafficManagerProfiles\",\r\n  \"location\": \"global\",\r\n  \"tags\": {}\r\n}",
      "RequestHeaders": {
        "Content-Type": [
          "application/json; charset=utf-8"
        ],
        "Content-Length": [
          "893"
        ],
        "User-Agent": [
          "Microsoft.Azure.Management.TrafficManager.TrafficManagerManagementClient/1.1.0.0"
        ]
      },
      "ResponseBody": "{\r\n  \"id\": \"/subscriptions/e68d4145-c9ae-4667-925d-c51c8d88ad73/resourceGroups/onesdk9145/providers/Microsoft.Network/trafficManagerProfiles/onesdk2482\",\r\n  \"name\": \"onesdk2482\",\r\n  \"type\": \"Microsoft.Network/trafficManagerProfiles\",\r\n  \"location\": \"global\",\r\n  \"tags\": {},\r\n  \"properties\": {\r\n    \"profileStatus\": \"Enabled\",\r\n    \"trafficRoutingMethod\": \"Performance\",\r\n    \"dnsConfig\": {\r\n      \"relativeName\": \"onesdk6242\",\r\n      \"fqdn\": \"onesdk6242.tmpreview.watmtest.azure-test.net\",\r\n      \"ttl\": 50\r\n    },\r\n    \"monitorConfig\": {\r\n      \"profileMonitorStatus\": \"CheckingEndpoints\",\r\n      \"protocol\": \"HTTP\",\r\n      \"port\": 80,\r\n      \"path\": \"/testpath.asp\"\r\n    },\r\n    \"endpoints\": [\r\n      {\r\n        \"id\": \"/subscriptions/e68d4145-c9ae-4667-925d-c51c8d88ad73/resourceGroups/onesdk9145/providers/Microsoft.Network/trafficManagerProfiles/onesdk2482/externalEndpoints/MyExternalEndpoint\",\r\n        \"name\": \"MyExternalEndpoint\",\r\n        \"type\": \"Microsoft.Network/trafficManagerProfiles/externalEndpoints\",\r\n        \"properties\": {\r\n          \"endpointStatus\": \"Enabled\",\r\n          \"endpointMonitorStatus\": \"CheckingEndpoint\",\r\n          \"target\": \"www.contoso.com\",\r\n          \"weight\": 1,\r\n          \"priority\": 1,\r\n          \"endpointLocation\": \"North Europe\"\r\n        }\r\n      }\r\n    ]\r\n  }\r\n}",
      "ResponseHeaders": {
        "Content-Length": [
          "1031"
        ],
        "Content-Type": [
          "application/json; charset=utf-8"
        ],
        "X-Content-Type-Options": [
          "nosniff"
        ],
        "Strict-Transport-Security": [
          "max-age=31536000; includeSubDomains"
        ],
        "x-ms-request-id": [
          "7b5801e3-e5ed-4979-ae7d-747bb97ea0c3"
        ],
        "x-ms-ratelimit-remaining-subscription-resource-requests": [
          "10794"
        ],
        "x-ms-correlation-request-id": [
          "938e6649-af88-4fed-b67c-1136f83c5f9b"
        ],
        "x-ms-routing-request-id": [
          "NORTHEUROPE:20170303T181501Z:938e6649-af88-4fed-b67c-1136f83c5f9b"
        ],
        "Cache-Control": [
          "private"
        ],
        "Date": [
          "Fri, 03 Mar 2017 18:15:01 GMT"
        ],
        "Server": [
          "Microsoft-IIS/8.5"
        ],
        "X-AspNet-Version": [
          "4.0.30319"
        ],
        "X-Powered-By": [
          "ASP.NET"
        ]
      },
      "StatusCode": 200
    }
  ],
  "Names": {
    "Test-CrudWithEndpoint": [
      "onesdk2482",
      "onesdk9145",
      "onesdk6242"
    ]
  },
  "Variables": {
    "SubscriptionId": "e68d4145-c9ae-4667-925d-c51c8d88ad73"
  }
}