{
  "Entries": [
    {
      "RequestUri": "/subscriptions/e68d4145-c9ae-4667-925d-c51c8d88ad73/resourcegroups/ps7848?api-version=2016-09-01",
      "EncodedRequestUri": "L3N1YnNjcmlwdGlvbnMvZTY4ZDQxNDUtYzlhZS00NjY3LTkyNWQtYzUxYzhkODhhZDczL3Jlc291cmNlZ3JvdXBzL3BzNzg0OD9hcGktdmVyc2lvbj0yMDE2LTA5LTAx",
      "RequestMethod": "PUT",
      "RequestBody": "{\r\n  \"location\": \"West US\"\r\n}",
      "RequestHeaders": {
        "Content-Type": [
          "application/json; charset=utf-8"
        ],
        "Content-Length": [
          "29"
        ],
        "x-ms-client-request-id": [
          "76a8fc21-3d25-49d6-aecf-612c3e80d2e0"
        ],
        "accept-language": [
          "en-US"
        ],
        "User-Agent": [
          "FxVersion/4.7.2650.0",
          "OSName/Windows10Enterprise",
          "OSVersion/6.3.16299",
          "Microsoft.Azure.Management.Internal.Resources.ResourceManagementClient/4.1.0"
        ]
      },
      "ResponseBody": "{\r\n  \"id\": \"/subscriptions/e68d4145-c9ae-4667-925d-c51c8d88ad73/resourceGroups/ps7848\",\r\n  \"name\": \"ps7848\",\r\n  \"location\": \"westus\",\r\n  \"properties\": {\r\n    \"provisioningState\": \"Succeeded\"\r\n  }\r\n}",
      "ResponseHeaders": {
        "Content-Length": [
          "165"
        ],
        "Content-Type": [
          "application/json; charset=utf-8"
        ],
        "Expires": [
          "-1"
        ],
        "Pragma": [
          "no-cache"
        ],
        "x-ms-ratelimit-remaining-subscription-writes": [
          "1197"
        ],
        "x-ms-request-id": [
          "15c0d0b5-233b-4857-af84-479348dceb6c"
        ],
        "x-ms-correlation-request-id": [
          "15c0d0b5-233b-4857-af84-479348dceb6c"
        ],
        "x-ms-routing-request-id": [
          "NORTHEUROPE:20180612T154005Z:15c0d0b5-233b-4857-af84-479348dceb6c"
        ],
        "Strict-Transport-Security": [
          "max-age=31536000; includeSubDomains"
        ],
        "X-Content-Type-Options": [
          "nosniff"
        ],
        "Cache-Control": [
          "no-cache"
        ],
        "Date": [
          "Tue, 12 Jun 2018 15:40:05 GMT"
        ]
      },
      "StatusCode": 201
    },
    {
      "RequestUri": "/subscriptions/e68d4145-c9ae-4667-925d-c51c8d88ad73/resourceGroups/ps7848/providers/Microsoft.Network/trafficmanagerprofiles/ps8272?api-version=2018-03-01",
      "EncodedRequestUri": "L3N1YnNjcmlwdGlvbnMvZTY4ZDQxNDUtYzlhZS00NjY3LTkyNWQtYzUxYzhkODhhZDczL3Jlc291cmNlR3JvdXBzL3BzNzg0OC9wcm92aWRlcnMvTWljcm9zb2Z0Lk5ldHdvcmsvdHJhZmZpY21hbmFnZXJwcm9maWxlcy9wczgyNzI/YXBpLXZlcnNpb249MjAxOC0wMy0wMQ==",
      "RequestMethod": "GET",
      "RequestBody": "",
      "RequestHeaders": {
        "x-ms-client-request-id": [
          "a173665c-65ff-4973-af35-e337a43d7cd0"
        ],
        "accept-language": [
          "en-US"
        ],
        "User-Agent": [
          "FxVersion/4.7.2650.0",
          "OSName/Windows10Enterprise",
          "OSVersion/6.3.16299",
          "Microsoft.Azure.Management.TrafficManager.TrafficManagerManagementClient/2.3.0.0"
        ]
      },
      "ResponseBody": "{\r\n  \"error\": {\r\n    \"code\": \"ResourceNotFound\",\r\n    \"message\": \"The Resource 'Microsoft.Network/trafficmanagerprofiles/ps8272' under resource group 'ps7848' was not found.\"\r\n  }\r\n}",
      "ResponseHeaders": {
        "Content-Length": [
          "157"
        ],
        "Content-Type": [
          "application/json; charset=utf-8"
        ],
        "Expires": [
          "-1"
        ],
        "Pragma": [
          "no-cache"
        ],
        "x-ms-failure-cause": [
          "gateway"
        ],
        "x-ms-request-id": [
          "b7dee69c-6fdc-423f-a54a-dec085cf3bd2"
        ],
        "x-ms-correlation-request-id": [
          "b7dee69c-6fdc-423f-a54a-dec085cf3bd2"
        ],
        "x-ms-routing-request-id": [
          "NORTHEUROPE:20180612T154006Z:b7dee69c-6fdc-423f-a54a-dec085cf3bd2"
        ],
        "Strict-Transport-Security": [
          "max-age=31536000; includeSubDomains"
        ],
        "X-Content-Type-Options": [
          "nosniff"
        ],
        "Cache-Control": [
          "no-cache"
        ],
        "Date": [
          "Tue, 12 Jun 2018 15:40:06 GMT"
        ]
      },
      "StatusCode": 404
    },
    {
      "RequestUri": "/subscriptions/e68d4145-c9ae-4667-925d-c51c8d88ad73/resourceGroups/ps7848/providers/Microsoft.Network/trafficmanagerprofiles/ps8272?api-version=2018-03-01",
      "EncodedRequestUri": "L3N1YnNjcmlwdGlvbnMvZTY4ZDQxNDUtYzlhZS00NjY3LTkyNWQtYzUxYzhkODhhZDczL3Jlc291cmNlR3JvdXBzL3BzNzg0OC9wcm92aWRlcnMvTWljcm9zb2Z0Lk5ldHdvcmsvdHJhZmZpY21hbmFnZXJwcm9maWxlcy9wczgyNzI/YXBpLXZlcnNpb249MjAxOC0wMy0wMQ==",
      "RequestMethod": "PUT",
      "RequestBody": "{\r\n  \"properties\": {\r\n    \"trafficRoutingMethod\": \"Performance\",\r\n    \"dnsConfig\": {\r\n      \"relativeName\": \"ps7474\",\r\n      \"ttl\": 50\r\n    },\r\n    \"monitorConfig\": {\r\n      \"protocol\": \"HTTP\",\r\n      \"port\": 80,\r\n      \"path\": \"/testpath.asp\"\r\n    }\r\n  },\r\n  \"location\": \"global\",\r\n  \"name\": \"ps8272\"\r\n}",
      "RequestHeaders": {
        "Content-Type": [
          "application/json; charset=utf-8"
        ],
        "Content-Length": [
          "304"
        ],
        "x-ms-client-request-id": [
          "a379053f-8481-4f16-b722-8dce321e6567"
        ],
        "accept-language": [
          "en-US"
        ],
        "User-Agent": [
          "FxVersion/4.7.2650.0",
          "OSName/Windows10Enterprise",
          "OSVersion/6.3.16299",
          "Microsoft.Azure.Management.TrafficManager.TrafficManagerManagementClient/2.3.0.0"
        ]
      },
      "ResponseBody": "{\r\n  \"id\": \"/subscriptions/e68d4145-c9ae-4667-925d-c51c8d88ad73/resourceGroups/ps7848/providers/Microsoft.Network/trafficManagerProfiles/ps8272\",\r\n  \"name\": \"ps8272\",\r\n  \"type\": \"Microsoft.Network/trafficManagerProfiles\",\r\n  \"location\": \"global\",\r\n  \"properties\": {\r\n    \"profileStatus\": \"Enabled\",\r\n    \"trafficRoutingMethod\": \"Performance\",\r\n    \"dnsConfig\": {\r\n      \"relativeName\": \"ps7474\",\r\n      \"fqdn\": \"ps7474.tmpreview.watmtest.azure-test.net\",\r\n      \"ttl\": 50\r\n    },\r\n    \"monitorConfig\": {\r\n      \"profileMonitorStatus\": \"Inactive\",\r\n      \"protocol\": \"HTTP\",\r\n      \"port\": 80,\r\n      \"path\": \"/testpath.asp\",\r\n      \"intervalInSeconds\": 30,\r\n      \"toleratedNumberOfFailures\": 3,\r\n      \"timeoutInSeconds\": 10\r\n    },\r\n    \"endpoints\": [],\r\n    \"trafficViewEnrollmentStatus\": \"Disabled\"\r\n  }\r\n}",
      "ResponseHeaders": {
        "Content-Length": [
          "645"
        ],
        "Content-Type": [
          "application/json; charset=utf-8"
        ],
        "X-Content-Type-Options": [
          "nosniff"
        ],
        "Strict-Transport-Security": [
          "max-age=31536000; includeSubDomains"
        ],
        "x-ms-request-id": [
          "a379053f-8481-4f16-b722-8dce321e6567"
        ],
        "x-ms-ratelimit-remaining-subscription-resource-requests": [
          "10796"
        ],
        "x-ms-correlation-request-id": [
          "80510909-abe8-439b-a71a-15ef62eb1081"
        ],
        "x-ms-routing-request-id": [
          "NORTHEUROPE:20180612T154008Z:80510909-abe8-439b-a71a-15ef62eb1081"
        ],
        "Cache-Control": [
          "private"
        ],
        "Date": [
          "Tue, 12 Jun 2018 15:40:08 GMT"
        ],
        "Server": [
          "Microsoft-IIS/8.5"
        ],
        "X-AspNet-Version": [
          "4.0.30319"
        ],
        "X-Powered-By": [
          "ASP.NET"
        ]
      },
      "StatusCode": 201
    },
    {
      "RequestUri": "/subscriptions/e68d4145-c9ae-4667-925d-c51c8d88ad73/providers/Microsoft.Network/trafficmanagerprofiles?api-version=2018-03-01",
      "EncodedRequestUri": "L3N1YnNjcmlwdGlvbnMvZTY4ZDQxNDUtYzlhZS00NjY3LTkyNWQtYzUxYzhkODhhZDczL3Byb3ZpZGVycy9NaWNyb3NvZnQuTmV0d29yay90cmFmZmljbWFuYWdlcnByb2ZpbGVzP2FwaS12ZXJzaW9uPTIwMTgtMDMtMDE=",
      "RequestMethod": "GET",
      "RequestBody": "",
      "RequestHeaders": {
        "x-ms-client-request-id": [
          "4f589102-24b9-4018-992b-e6af9e99423b"
        ],
        "accept-language": [
          "en-US"
        ],
        "User-Agent": [
          "FxVersion/4.7.2650.0",
          "OSName/Windows10Enterprise",
          "OSVersion/6.3.16299",
          "Microsoft.Azure.Management.TrafficManager.TrafficManagerManagementClient/2.3.0.0"
        ]
      },
      "ResponseBody": "{\r\n  \"value\": [\r\n    {\r\n      \"id\": \"/subscriptions/e68d4145-c9ae-4667-925d-c51c8d88ad73/resourceGroups/azuresdkfornetautoresttrafficmanager580/providers/Microsoft.Network/trafficManagerProfiles/azuresdkfornetautoresttrafficmanager8093\",\r\n      \"name\": \"azuresdkfornetautoresttrafficmanager8093\",\r\n      \"type\": \"Microsoft.Network/trafficManagerProfiles\",\r\n      \"location\": \"global\",\r\n      \"tags\": {},\r\n      \"properties\": {\r\n        \"profileStatus\": \"Enabled\",\r\n        \"trafficRoutingMethod\": \"Performance\",\r\n        \"dnsConfig\": {\r\n          \"relativeName\": \"azuresdkfornetautoresttrafficmanager8093\",\r\n          \"fqdn\": \"azuresdkfornetautoresttrafficmanager8093.tmpreview.watmtest.azure-test.net\",\r\n          \"ttl\": 35\r\n        },\r\n        \"monitorConfig\": {\r\n          \"profileMonitorStatus\": null,\r\n          \"protocol\": \"HTTP\",\r\n          \"port\": 80,\r\n          \"path\": \"/testpath.aspx\",\r\n          \"intervalInSeconds\": 30,\r\n          \"toleratedNumberOfFailures\": 3,\r\n          \"timeoutInSeconds\": 10\r\n        },\r\n        \"endpoints\": [],\r\n        \"trafficViewEnrollmentStatus\": \"Disabled\"\r\n      }\r\n    },\r\n    {\r\n      \"id\": \"/subscriptions/e68d4145-c9ae-4667-925d-c51c8d88ad73/resourceGroups/azuresdkfornetautoresttrafficmanager7066/providers/Microsoft.Network/trafficManagerProfiles/azuresdkfornetautoresttrafficmanager8343\",\r\n      \"name\": \"azuresdkfornetautoresttrafficmanager8343\",\r\n      \"type\": \"Microsoft.Network/trafficManagerProfiles\",\r\n      \"location\": \"global\",\r\n      \"tags\": {},\r\n      \"properties\": {\r\n        \"profileStatus\": \"Enabled\",\r\n        \"trafficRoutingMethod\": \"Performance\",\r\n        \"dnsConfig\": {\r\n          \"relativeName\": \"azuresdkfornetautoresttrafficmanager8343\",\r\n          \"fqdn\": \"azuresdkfornetautoresttrafficmanager8343.tmpreview.watmtest.azure-test.net\",\r\n          \"ttl\": 35\r\n        },\r\n        \"monitorConfig\": {\r\n          \"profileMonitorStatus\": null,\r\n          \"protocol\": \"HTTP\",\r\n          \"port\": 80,\r\n          \"path\": \"/testpath.aspx\",\r\n          \"intervalInSeconds\": 30,\r\n          \"toleratedNumberOfFailures\": 3,\r\n          \"timeoutInSeconds\": 10\r\n        },\r\n        \"endpoints\": [\r\n          {\r\n            \"id\": \"/subscriptions/e68d4145-c9ae-4667-925d-c51c8d88ad73/resourceGroups/azuresdkfornetautoresttrafficmanager7066/providers/Microsoft.Network/trafficManagerProfiles/azuresdkfornetautoresttrafficmanager8343/externalEndpoints/My external endpoint\",\r\n            \"name\": \"My external endpoint\",\r\n            \"type\": \"Microsoft.Network/trafficManagerProfiles/externalEndpoints\",\r\n            \"properties\": {\r\n              \"endpointStatus\": \"Enabled\",\r\n              \"endpointMonitorStatus\": null,\r\n              \"target\": \"foobar.contoso.com\",\r\n              \"weight\": 1,\r\n              \"priority\": 1,\r\n              \"endpointLocation\": \"North Europe\"\r\n            }\r\n          }\r\n        ],\r\n        \"trafficViewEnrollmentStatus\": \"Enabled\"\r\n      }\r\n    },\r\n    {\r\n      \"id\": \"/subscriptions/e68d4145-c9ae-4667-925d-c51c8d88ad73/resourceGroups/azuresdkfornetautoresttrafficmanager7585/providers/Microsoft.Network/trafficManagerProfiles/azuresdkfornetautoresttrafficmanager2747\",\r\n      \"name\": \"azuresdkfornetautoresttrafficmanager2747\",\r\n      \"type\": \"Microsoft.Network/trafficManagerProfiles\",\r\n      \"location\": \"global\",\r\n      \"tags\": {},\r\n      \"properties\": {\r\n        \"profileStatus\": \"Enabled\",\r\n        \"trafficRoutingMethod\": \"Performance\",\r\n        \"dnsConfig\": {\r\n          \"relativeName\": \"azuresdkfornetautoresttrafficmanager2747\",\r\n          \"fqdn\": \"azuresdkfornetautoresttrafficmanager2747.tmpreview.watmtest.azure-test.net\",\r\n          \"ttl\": 35\r\n        },\r\n        \"monitorConfig\": {\r\n          \"profileMonitorStatus\": null,\r\n          \"protocol\": \"HTTP\",\r\n          \"port\": 80,\r\n          \"path\": \"/testpath.aspx\",\r\n          \"intervalInSeconds\": 30,\r\n          \"toleratedNumberOfFailures\": 3,\r\n          \"timeoutInSeconds\": 10\r\n        },\r\n        \"endpoints\": [\r\n          {\r\n            \"id\": \"/subscriptions/e68d4145-c9ae-4667-925d-c51c8d88ad73/resourceGroups/azuresdkfornetautoresttrafficmanager7585/providers/Microsoft.Network/trafficManagerProfiles/azuresdkfornetautoresttrafficmanager2747/externalEndpoints/My external endpoint\",\r\n            \"name\": \"My external endpoint\",\r\n            \"type\": \"Microsoft.Network/trafficManagerProfiles/externalEndpoints\",\r\n            \"properties\": {\r\n              \"endpointStatus\": \"Enabled\",\r\n              \"endpointMonitorStatus\": null,\r\n              \"target\": \"foobar.contoso.com\",\r\n              \"weight\": 1,\r\n              \"priority\": 1,\r\n              \"endpointLocation\": \"North Europe\"\r\n            }\r\n          }\r\n        ],\r\n        \"trafficViewEnrollmentStatus\": \"Disabled\"\r\n      }\r\n    },\r\n    {\r\n      \"id\": \"/subscriptions/e68d4145-c9ae-4667-925d-c51c8d88ad73/resourceGroups/azuresdkfornetautoresttrafficmanager7585/providers/Microsoft.Network/trafficManagerProfiles/azuresdkfornetautoresttrafficmanager6285\",\r\n      \"name\": \"azuresdkfornetautoresttrafficmanager6285\",\r\n      \"type\": \"Microsoft.Network/trafficManagerProfiles\",\r\n      \"location\": \"global\",\r\n      \"tags\": {},\r\n      \"properties\": {\r\n        \"profileStatus\": \"Enabled\",\r\n        \"trafficRoutingMethod\": \"Performance\",\r\n        \"dnsConfig\": {\r\n          \"relativeName\": \"azuresdkfornetautoresttrafficmanager6285\",\r\n          \"fqdn\": \"azuresdkfornetautoresttrafficmanager6285.tmpreview.watmtest.azure-test.net\",\r\n          \"ttl\": 35\r\n        },\r\n        \"monitorConfig\": {\r\n          \"profileMonitorStatus\": null,\r\n          \"protocol\": \"HTTP\",\r\n          \"port\": 80,\r\n          \"path\": \"/testpath.aspx\",\r\n          \"intervalInSeconds\": 30,\r\n          \"toleratedNumberOfFailures\": 3,\r\n          \"timeoutInSeconds\": 10\r\n        },\r\n        \"endpoints\": [\r\n          {\r\n            \"id\": \"/subscriptions/e68d4145-c9ae-4667-925d-c51c8d88ad73/resourceGroups/azuresdkfornetautoresttrafficmanager7585/providers/Microsoft.Network/trafficManagerProfiles/azuresdkfornetautoresttrafficmanager6285/externalEndpoints/My external endpoint\",\r\n            \"name\": \"My external endpoint\",\r\n            \"type\": \"Microsoft.Network/trafficManagerProfiles/externalEndpoints\",\r\n            \"properties\": {\r\n              \"endpointStatus\": \"Enabled\",\r\n              \"endpointMonitorStatus\": null,\r\n              \"target\": \"foobar.contoso.com\",\r\n              \"weight\": 1,\r\n              \"priority\": 1,\r\n              \"endpointLocation\": \"North Europe\"\r\n            }\r\n          }\r\n        ],\r\n        \"trafficViewEnrollmentStatus\": \"Disabled\"\r\n      }\r\n    },\r\n    {\r\n      \"id\": \"/subscriptions/e68d4145-c9ae-4667-925d-c51c8d88ad73/resourceGroups/azuresdkfornetautoresttrafficmanager7585/providers/Microsoft.Network/trafficManagerProfiles/azuresdkfornetautoresttrafficmanager9356\",\r\n      \"name\": \"azuresdkfornetautoresttrafficmanager9356\",\r\n      \"type\": \"Microsoft.Network/trafficManagerProfiles\",\r\n      \"location\": \"global\",\r\n      \"tags\": {},\r\n      \"properties\": {\r\n        \"profileStatus\": \"Enabled\",\r\n        \"trafficRoutingMethod\": \"Performance\",\r\n        \"dnsConfig\": {\r\n          \"relativeName\": \"azuresdkfornetautoresttrafficmanager9356\",\r\n          \"fqdn\": \"azuresdkfornetautoresttrafficmanager9356.tmpreview.watmtest.azure-test.net\",\r\n          \"ttl\": 35\r\n        },\r\n        \"monitorConfig\": {\r\n          \"profileMonitorStatus\": null,\r\n          \"protocol\": \"HTTP\",\r\n          \"port\": 80,\r\n          \"path\": \"/testpath.aspx\",\r\n          \"intervalInSeconds\": 30,\r\n          \"toleratedNumberOfFailures\": 3,\r\n          \"timeoutInSeconds\": 10\r\n        },\r\n        \"endpoints\": [\r\n          {\r\n            \"id\": \"/subscriptions/e68d4145-c9ae-4667-925d-c51c8d88ad73/resourceGroups/azuresdkfornetautoresttrafficmanager7585/providers/Microsoft.Network/trafficManagerProfiles/azuresdkfornetautoresttrafficmanager9356/externalEndpoints/My external endpoint\",\r\n            \"name\": \"My external endpoint\",\r\n            \"type\": \"Microsoft.Network/trafficManagerProfiles/externalEndpoints\",\r\n            \"properties\": {\r\n              \"endpointStatus\": \"Enabled\",\r\n              \"endpointMonitorStatus\": null,\r\n              \"target\": \"foobar.contoso.com\",\r\n              \"weight\": 1,\r\n              \"priority\": 1,\r\n              \"endpointLocation\": \"North Europe\"\r\n            }\r\n          }\r\n        ],\r\n        \"trafficViewEnrollmentStatus\": \"Disabled\"\r\n      }\r\n    },\r\n    {\r\n      \"id\": \"/subscriptions/e68d4145-c9ae-4667-925d-c51c8d88ad73/resourceGroups/ps7848/providers/Microsoft.Network/trafficManagerProfiles/ps8272\",\r\n      \"name\": \"ps8272\",\r\n      \"type\": \"Microsoft.Network/trafficManagerProfiles\",\r\n      \"location\": \"global\",\r\n      \"tags\": {},\r\n      \"properties\": {\r\n        \"profileStatus\": \"Enabled\",\r\n        \"trafficRoutingMethod\": \"Performance\",\r\n        \"dnsConfig\": {\r\n          \"relativeName\": \"ps7474\",\r\n          \"fqdn\": \"ps7474.tmpreview.watmtest.azure-test.net\",\r\n          \"ttl\": 50\r\n        },\r\n        \"monitorConfig\": {\r\n          \"profileMonitorStatus\": null,\r\n          \"protocol\": \"HTTP\",\r\n          \"port\": 80,\r\n          \"path\": \"/testpath.asp\",\r\n          \"intervalInSeconds\": 30,\r\n          \"toleratedNumberOfFailures\": 3,\r\n          \"timeoutInSeconds\": 10\r\n        },\r\n        \"endpoints\": [],\r\n        \"trafficViewEnrollmentStatus\": \"Disabled\"\r\n      }\r\n    }\r\n  ]\r\n}",
      "ResponseHeaders": {
        "Content-Length": [
          "6828"
        ],
        "Content-Type": [
          "application/json; charset=utf-8"
        ],
        "X-Content-Type-Options": [
          "nosniff"
        ],
        "Strict-Transport-Security": [
          "max-age=31536000; includeSubDomains"
        ],
        "x-ms-request-id": [
          "4f589102-24b9-4018-992b-e6af9e99423b"
        ],
        "x-ms-ratelimit-remaining-subscription-resource-requests": [
          "10794"
        ],
        "x-ms-correlation-request-id": [
          "fd74bdbc-e64a-4f85-a2a9-185b8aa05089"
        ],
        "x-ms-routing-request-id": [
          "NORTHEUROPE:20180612T154009Z:fd74bdbc-e64a-4f85-a2a9-185b8aa05089"
        ],
        "Cache-Control": [
          "private"
        ],
        "Date": [
          "Tue, 12 Jun 2018 15:40:09 GMT"
        ],
        "Server": [
          "Microsoft-IIS/8.5"
        ],
        "X-AspNet-Version": [
          "4.0.30319"
        ],
        "X-Powered-By": [
          "ASP.NET"
        ]
      },
      "StatusCode": 200
    },
    {
      "RequestUri": "/subscriptions/e68d4145-c9ae-4667-925d-c51c8d88ad73/resourcegroups/ps7848?api-version=2016-09-01",
      "EncodedRequestUri": "L3N1YnNjcmlwdGlvbnMvZTY4ZDQxNDUtYzlhZS00NjY3LTkyNWQtYzUxYzhkODhhZDczL3Jlc291cmNlZ3JvdXBzL3BzNzg0OD9hcGktdmVyc2lvbj0yMDE2LTA5LTAx",
      "RequestMethod": "DELETE",
      "RequestBody": "",
      "RequestHeaders": {
        "x-ms-client-request-id": [
          "b896987d-4592-44df-991c-c8a4c11ab097"
        ],
        "accept-language": [
          "en-US"
        ],
        "User-Agent": [
          "FxVersion/4.7.2650.0",
          "OSName/Windows10Enterprise",
          "OSVersion/6.3.16299",
          "Microsoft.Azure.Management.Internal.Resources.ResourceManagementClient/4.1.0"
        ]
      },
      "ResponseBody": "",
      "ResponseHeaders": {
        "Content-Length": [
          "0"
        ],
        "Expires": [
          "-1"
        ],
        "Pragma": [
          "no-cache"
        ],
        "Retry-After": [
          "15"
        ],
        "x-ms-ratelimit-remaining-subscription-deletes": [
          "14997"
        ],
        "x-ms-request-id": [
          "077df837-26a6-467b-b4cc-604e301f3d43"
        ],
        "x-ms-correlation-request-id": [
          "077df837-26a6-467b-b4cc-604e301f3d43"
        ],
        "x-ms-routing-request-id": [
          "NORTHEUROPE:20180612T154010Z:077df837-26a6-467b-b4cc-604e301f3d43"
        ],
        "Strict-Transport-Security": [
          "max-age=31536000; includeSubDomains"
        ],
        "X-Content-Type-Options": [
          "nosniff"
        ],
        "Cache-Control": [
          "no-cache"
        ],
        "Date": [
          "Tue, 12 Jun 2018 15:40:10 GMT"
        ],
        "Location": [
          "https://api-dogfood.resources.windows-int.net/subscriptions/e68d4145-c9ae-4667-925d-c51c8d88ad73/operationresults/eyJqb2JJZCI6IlJFU09VUkNFR1JPVVBERUxFVElPTkpPQi1QUzc4NDgtV0VTVFVTIiwiam9iTG9jYXRpb24iOiJ3ZXN0dXMifQ?api-version=2016-09-01"
        ]
      },
      "StatusCode": 202
    },
    {
      "RequestUri": "/subscriptions/e68d4145-c9ae-4667-925d-c51c8d88ad73/operationresults/eyJqb2JJZCI6IlJFU09VUkNFR1JPVVBERUxFVElPTkpPQi1QUzc4NDgtV0VTVFVTIiwiam9iTG9jYXRpb24iOiJ3ZXN0dXMifQ?api-version=2016-09-01",
      "EncodedRequestUri": "L3N1YnNjcmlwdGlvbnMvZTY4ZDQxNDUtYzlhZS00NjY3LTkyNWQtYzUxYzhkODhhZDczL29wZXJhdGlvbnJlc3VsdHMvZXlKcWIySkpaQ0k2SWxKRlUwOVZVa05GUjFKUFZWQkVSVXhGVkVsUFRrcFBRaTFRVXpjNE5EZ3RWMFZUVkZWVElpd2lhbTlpVEc5allYUnBiMjRpT2lKM1pYTjBkWE1pZlE/YXBpLXZlcnNpb249MjAxNi0wOS0wMQ==",
      "RequestMethod": "GET",
      "RequestBody": "",
      "RequestHeaders": {
        "User-Agent": [
          "FxVersion/4.7.2650.0",
          "OSName/Windows10Enterprise",
          "OSVersion/6.3.16299",
          "Microsoft.Azure.Management.Internal.Resources.ResourceManagementClient/4.1.0"
        ]
      },
      "ResponseBody": "",
      "ResponseHeaders": {
        "Content-Length": [
          "0"
        ],
        "Expires": [
          "-1"
        ],
        "Pragma": [
          "no-cache"
        ],
        "Retry-After": [
          "15"
        ],
        "x-ms-ratelimit-remaining-subscription-reads": [
          "14991"
        ],
        "x-ms-request-id": [
          "f3c01b19-5667-4101-9ef3-6cf8d6bdf35c"
        ],
        "x-ms-correlation-request-id": [
          "f3c01b19-5667-4101-9ef3-6cf8d6bdf35c"
        ],
        "x-ms-routing-request-id": [
          "NORTHEUROPE:20180612T154026Z:f3c01b19-5667-4101-9ef3-6cf8d6bdf35c"
        ],
        "Strict-Transport-Security": [
          "max-age=31536000; includeSubDomains"
        ],
        "X-Content-Type-Options": [
          "nosniff"
        ],
        "Cache-Control": [
          "no-cache"
        ],
        "Date": [
          "Tue, 12 Jun 2018 15:40:25 GMT"
        ],
        "Location": [
          "https://api-dogfood.resources.windows-int.net/subscriptions/e68d4145-c9ae-4667-925d-c51c8d88ad73/operationresults/eyJqb2JJZCI6IlJFU09VUkNFR1JPVVBERUxFVElPTkpPQi1QUzc4NDgtV0VTVFVTIiwiam9iTG9jYXRpb24iOiJ3ZXN0dXMifQ?api-version=2016-09-01"
        ]
      },
      "StatusCode": 202
    },
    {
      "RequestUri": "/subscriptions/e68d4145-c9ae-4667-925d-c51c8d88ad73/operationresults/eyJqb2JJZCI6IlJFU09VUkNFR1JPVVBERUxFVElPTkpPQi1QUzc4NDgtV0VTVFVTIiwiam9iTG9jYXRpb24iOiJ3ZXN0dXMifQ?api-version=2016-09-01",
      "EncodedRequestUri": "L3N1YnNjcmlwdGlvbnMvZTY4ZDQxNDUtYzlhZS00NjY3LTkyNWQtYzUxYzhkODhhZDczL29wZXJhdGlvbnJlc3VsdHMvZXlKcWIySkpaQ0k2SWxKRlUwOVZVa05GUjFKUFZWQkVSVXhGVkVsUFRrcFBRaTFRVXpjNE5EZ3RWMFZUVkZWVElpd2lhbTlpVEc5allYUnBiMjRpT2lKM1pYTjBkWE1pZlE/YXBpLXZlcnNpb249MjAxNi0wOS0wMQ==",
      "RequestMethod": "GET",
      "RequestBody": "",
      "RequestHeaders": {
        "User-Agent": [
          "FxVersion/4.7.2650.0",
          "OSName/Windows10Enterprise",
          "OSVersion/6.3.16299",
          "Microsoft.Azure.Management.Internal.Resources.ResourceManagementClient/4.1.0"
        ]
      },
      "ResponseBody": "",
      "ResponseHeaders": {
        "Content-Length": [
          "0"
        ],
        "Expires": [
          "-1"
        ],
        "Pragma": [
          "no-cache"
        ],
        "Retry-After": [
          "15"
        ],
        "x-ms-ratelimit-remaining-subscription-reads": [
          "14990"
        ],
        "x-ms-request-id": [
          "cc087eab-a157-422b-bf3c-e378e0074d0a"
        ],
        "x-ms-correlation-request-id": [
          "cc087eab-a157-422b-bf3c-e378e0074d0a"
        ],
        "x-ms-routing-request-id": [
          "NORTHEUROPE:20180612T154041Z:cc087eab-a157-422b-bf3c-e378e0074d0a"
        ],
        "Strict-Transport-Security": [
          "max-age=31536000; includeSubDomains"
        ],
        "X-Content-Type-Options": [
          "nosniff"
        ],
        "Cache-Control": [
          "no-cache"
        ],
        "Date": [
          "Tue, 12 Jun 2018 15:40:41 GMT"
        ],
        "Location": [
          "https://api-dogfood.resources.windows-int.net/subscriptions/e68d4145-c9ae-4667-925d-c51c8d88ad73/operationresults/eyJqb2JJZCI6IlJFU09VUkNFR1JPVVBERUxFVElPTkpPQi1QUzc4NDgtV0VTVFVTIiwiam9iTG9jYXRpb24iOiJ3ZXN0dXMifQ?api-version=2016-09-01"
        ]
      },
      "StatusCode": 202
    },
    {
      "RequestUri": "/subscriptions/e68d4145-c9ae-4667-925d-c51c8d88ad73/operationresults/eyJqb2JJZCI6IlJFU09VUkNFR1JPVVBERUxFVElPTkpPQi1QUzc4NDgtV0VTVFVTIiwiam9iTG9jYXRpb24iOiJ3ZXN0dXMifQ?api-version=2016-09-01",
      "EncodedRequestUri": "L3N1YnNjcmlwdGlvbnMvZTY4ZDQxNDUtYzlhZS00NjY3LTkyNWQtYzUxYzhkODhhZDczL29wZXJhdGlvbnJlc3VsdHMvZXlKcWIySkpaQ0k2SWxKRlUwOVZVa05GUjFKUFZWQkVSVXhGVkVsUFRrcFBRaTFRVXpjNE5EZ3RWMFZUVkZWVElpd2lhbTlpVEc5allYUnBiMjRpT2lKM1pYTjBkWE1pZlE/YXBpLXZlcnNpb249MjAxNi0wOS0wMQ==",
      "RequestMethod": "GET",
      "RequestBody": "",
      "RequestHeaders": {
        "User-Agent": [
          "FxVersion/4.7.2650.0",
          "OSName/Windows10Enterprise",
          "OSVersion/6.3.16299",
          "Microsoft.Azure.Management.Internal.Resources.ResourceManagementClient/4.1.0"
        ]
      },
      "ResponseBody": "",
      "ResponseHeaders": {
        "Content-Length": [
          "0"
        ],
        "Expires": [
          "-1"
        ],
        "Pragma": [
          "no-cache"
        ],
        "Retry-After": [
          "15"
        ],
        "x-ms-ratelimit-remaining-subscription-reads": [
          "14989"
        ],
        "x-ms-request-id": [
          "60cd492e-dcab-4b23-ad05-d2d482cf78ad"
        ],
        "x-ms-correlation-request-id": [
          "60cd492e-dcab-4b23-ad05-d2d482cf78ad"
        ],
        "x-ms-routing-request-id": [
          "NORTHEUROPE:20180612T154057Z:60cd492e-dcab-4b23-ad05-d2d482cf78ad"
        ],
        "Strict-Transport-Security": [
          "max-age=31536000; includeSubDomains"
        ],
        "X-Content-Type-Options": [
          "nosniff"
        ],
        "Cache-Control": [
          "no-cache"
        ],
        "Date": [
          "Tue, 12 Jun 2018 15:40:56 GMT"
        ],
        "Location": [
          "https://api-dogfood.resources.windows-int.net/subscriptions/e68d4145-c9ae-4667-925d-c51c8d88ad73/operationresults/eyJqb2JJZCI6IlJFU09VUkNFR1JPVVBERUxFVElPTkpPQi1QUzc4NDgtV0VTVFVTIiwiam9iTG9jYXRpb24iOiJ3ZXN0dXMifQ?api-version=2016-09-01"
        ]
      },
      "StatusCode": 202
    },
    {
      "RequestUri": "/subscriptions/e68d4145-c9ae-4667-925d-c51c8d88ad73/operationresults/eyJqb2JJZCI6IlJFU09VUkNFR1JPVVBERUxFVElPTkpPQi1QUzc4NDgtV0VTVFVTIiwiam9iTG9jYXRpb24iOiJ3ZXN0dXMifQ?api-version=2016-09-01",
      "EncodedRequestUri": "L3N1YnNjcmlwdGlvbnMvZTY4ZDQxNDUtYzlhZS00NjY3LTkyNWQtYzUxYzhkODhhZDczL29wZXJhdGlvbnJlc3VsdHMvZXlKcWIySkpaQ0k2SWxKRlUwOVZVa05GUjFKUFZWQkVSVXhGVkVsUFRrcFBRaTFRVXpjNE5EZ3RWMFZUVkZWVElpd2lhbTlpVEc5allYUnBiMjRpT2lKM1pYTjBkWE1pZlE/YXBpLXZlcnNpb249MjAxNi0wOS0wMQ==",
      "RequestMethod": "GET",
      "RequestBody": "",
      "RequestHeaders": {
        "User-Agent": [
          "FxVersion/4.7.2650.0",
          "OSName/Windows10Enterprise",
          "OSVersion/6.3.16299",
          "Microsoft.Azure.Management.Internal.Resources.ResourceManagementClient/4.1.0"
        ]
      },
      "ResponseBody": "",
      "ResponseHeaders": {
        "Content-Length": [
          "0"
        ],
        "Expires": [
          "-1"
        ],
        "Pragma": [
          "no-cache"
        ],
        "Retry-After": [
          "15"
        ],
        "x-ms-ratelimit-remaining-subscription-reads": [
          "14988"
        ],
        "x-ms-request-id": [
          "753a77de-b042-488f-bf26-f17434994a96"
        ],
        "x-ms-correlation-request-id": [
          "753a77de-b042-488f-bf26-f17434994a96"
        ],
        "x-ms-routing-request-id": [
          "NORTHEUROPE:20180612T154112Z:753a77de-b042-488f-bf26-f17434994a96"
        ],
        "Strict-Transport-Security": [
          "max-age=31536000; includeSubDomains"
        ],
        "X-Content-Type-Options": [
          "nosniff"
        ],
        "Cache-Control": [
          "no-cache"
        ],
        "Date": [
          "Tue, 12 Jun 2018 15:41:12 GMT"
        ],
        "Location": [
          "https://api-dogfood.resources.windows-int.net/subscriptions/e68d4145-c9ae-4667-925d-c51c8d88ad73/operationresults/eyJqb2JJZCI6IlJFU09VUkNFR1JPVVBERUxFVElPTkpPQi1QUzc4NDgtV0VTVFVTIiwiam9iTG9jYXRpb24iOiJ3ZXN0dXMifQ?api-version=2016-09-01"
        ]
      },
      "StatusCode": 202
    },
    {
      "RequestUri": "/subscriptions/e68d4145-c9ae-4667-925d-c51c8d88ad73/operationresults/eyJqb2JJZCI6IlJFU09VUkNFR1JPVVBERUxFVElPTkpPQi1QUzc4NDgtV0VTVFVTIiwiam9iTG9jYXRpb24iOiJ3ZXN0dXMifQ?api-version=2016-09-01",
      "EncodedRequestUri": "L3N1YnNjcmlwdGlvbnMvZTY4ZDQxNDUtYzlhZS00NjY3LTkyNWQtYzUxYzhkODhhZDczL29wZXJhdGlvbnJlc3VsdHMvZXlKcWIySkpaQ0k2SWxKRlUwOVZVa05GUjFKUFZWQkVSVXhGVkVsUFRrcFBRaTFRVXpjNE5EZ3RWMFZUVkZWVElpd2lhbTlpVEc5allYUnBiMjRpT2lKM1pYTjBkWE1pZlE/YXBpLXZlcnNpb249MjAxNi0wOS0wMQ==",
      "RequestMethod": "GET",
      "RequestBody": "",
      "RequestHeaders": {
        "User-Agent": [
          "FxVersion/4.7.2650.0",
          "OSName/Windows10Enterprise",
          "OSVersion/6.3.16299",
          "Microsoft.Azure.Management.Internal.Resources.ResourceManagementClient/4.1.0"
        ]
      },
      "ResponseBody": "",
      "ResponseHeaders": {
        "Content-Length": [
          "0"
        ],
        "Expires": [
          "-1"
        ],
        "Pragma": [
          "no-cache"
        ],
        "Retry-After": [
          "15"
        ],
        "x-ms-ratelimit-remaining-subscription-reads": [
          "14987"
        ],
        "x-ms-request-id": [
          "d809fd14-1fb3-4c4d-98ae-2935a6f5d22f"
        ],
        "x-ms-correlation-request-id": [
          "d809fd14-1fb3-4c4d-98ae-2935a6f5d22f"
        ],
        "x-ms-routing-request-id": [
          "NORTHEUROPE:20180612T154128Z:d809fd14-1fb3-4c4d-98ae-2935a6f5d22f"
        ],
        "Strict-Transport-Security": [
          "max-age=31536000; includeSubDomains"
        ],
        "X-Content-Type-Options": [
          "nosniff"
        ],
        "Cache-Control": [
          "no-cache"
        ],
        "Date": [
          "Tue, 12 Jun 2018 15:41:27 GMT"
        ],
        "Location": [
          "https://api-dogfood.resources.windows-int.net/subscriptions/e68d4145-c9ae-4667-925d-c51c8d88ad73/operationresults/eyJqb2JJZCI6IlJFU09VUkNFR1JPVVBERUxFVElPTkpPQi1QUzc4NDgtV0VTVFVTIiwiam9iTG9jYXRpb24iOiJ3ZXN0dXMifQ?api-version=2016-09-01"
        ]
      },
      "StatusCode": 202
    },
    {
      "RequestUri": "/subscriptions/e68d4145-c9ae-4667-925d-c51c8d88ad73/operationresults/eyJqb2JJZCI6IlJFU09VUkNFR1JPVVBERUxFVElPTkpPQi1QUzc4NDgtV0VTVFVTIiwiam9iTG9jYXRpb24iOiJ3ZXN0dXMifQ?api-version=2016-09-01",
      "EncodedRequestUri": "L3N1YnNjcmlwdGlvbnMvZTY4ZDQxNDUtYzlhZS00NjY3LTkyNWQtYzUxYzhkODhhZDczL29wZXJhdGlvbnJlc3VsdHMvZXlKcWIySkpaQ0k2SWxKRlUwOVZVa05GUjFKUFZWQkVSVXhGVkVsUFRrcFBRaTFRVXpjNE5EZ3RWMFZUVkZWVElpd2lhbTlpVEc5allYUnBiMjRpT2lKM1pYTjBkWE1pZlE/YXBpLXZlcnNpb249MjAxNi0wOS0wMQ==",
      "RequestMethod": "GET",
      "RequestBody": "",
      "RequestHeaders": {
        "User-Agent": [
          "FxVersion/4.7.2650.0",
          "OSName/Windows10Enterprise",
          "OSVersion/6.3.16299",
          "Microsoft.Azure.Management.Internal.Resources.ResourceManagementClient/4.1.0"
        ]
      },
      "ResponseBody": "",
      "ResponseHeaders": {
        "Content-Length": [
          "0"
        ],
        "Expires": [
          "-1"
        ],
        "Pragma": [
          "no-cache"
        ],
        "Retry-After": [
          "15"
        ],
        "x-ms-ratelimit-remaining-subscription-reads": [
          "14986"
        ],
        "x-ms-request-id": [
          "5db8d27c-50c3-49d9-aec0-38c137fe4df8"
        ],
        "x-ms-correlation-request-id": [
          "5db8d27c-50c3-49d9-aec0-38c137fe4df8"
        ],
        "x-ms-routing-request-id": [
          "NORTHEUROPE:20180612T154143Z:5db8d27c-50c3-49d9-aec0-38c137fe4df8"
        ],
        "Strict-Transport-Security": [
          "max-age=31536000; includeSubDomains"
        ],
        "X-Content-Type-Options": [
          "nosniff"
        ],
        "Cache-Control": [
          "no-cache"
        ],
        "Date": [
          "Tue, 12 Jun 2018 15:41:42 GMT"
        ],
        "Location": [
          "https://api-dogfood.resources.windows-int.net/subscriptions/e68d4145-c9ae-4667-925d-c51c8d88ad73/operationresults/eyJqb2JJZCI6IlJFU09VUkNFR1JPVVBERUxFVElPTkpPQi1QUzc4NDgtV0VTVFVTIiwiam9iTG9jYXRpb24iOiJ3ZXN0dXMifQ?api-version=2016-09-01"
        ]
      },
      "StatusCode": 202
    },
    {
      "RequestUri": "/subscriptions/e68d4145-c9ae-4667-925d-c51c8d88ad73/operationresults/eyJqb2JJZCI6IlJFU09VUkNFR1JPVVBERUxFVElPTkpPQi1QUzc4NDgtV0VTVFVTIiwiam9iTG9jYXRpb24iOiJ3ZXN0dXMifQ?api-version=2016-09-01",
      "EncodedRequestUri": "L3N1YnNjcmlwdGlvbnMvZTY4ZDQxNDUtYzlhZS00NjY3LTkyNWQtYzUxYzhkODhhZDczL29wZXJhdGlvbnJlc3VsdHMvZXlKcWIySkpaQ0k2SWxKRlUwOVZVa05GUjFKUFZWQkVSVXhGVkVsUFRrcFBRaTFRVXpjNE5EZ3RWMFZUVkZWVElpd2lhbTlpVEc5allYUnBiMjRpT2lKM1pYTjBkWE1pZlE/YXBpLXZlcnNpb249MjAxNi0wOS0wMQ==",
      "RequestMethod": "GET",
      "RequestBody": "",
      "RequestHeaders": {
        "User-Agent": [
          "FxVersion/4.7.2650.0",
          "OSName/Windows10Enterprise",
          "OSVersion/6.3.16299",
          "Microsoft.Azure.Management.Internal.Resources.ResourceManagementClient/4.1.0"
        ]
      },
      "ResponseBody": "",
      "ResponseHeaders": {
        "Content-Length": [
          "0"
        ],
        "Expires": [
          "-1"
        ],
        "Pragma": [
          "no-cache"
        ],
        "x-ms-ratelimit-remaining-subscription-reads": [
          "14985"
        ],
        "x-ms-request-id": [
          "ceeeb32d-1635-4ea3-a2b9-8c892e99e120"
        ],
        "x-ms-correlation-request-id": [
          "ceeeb32d-1635-4ea3-a2b9-8c892e99e120"
        ],
        "x-ms-routing-request-id": [
          "NORTHEUROPE:20180612T154158Z:ceeeb32d-1635-4ea3-a2b9-8c892e99e120"
        ],
        "Strict-Transport-Security": [
          "max-age=31536000; includeSubDomains"
        ],
        "X-Content-Type-Options": [
          "nosniff"
        ],
        "Cache-Control": [
          "no-cache"
        ],
        "Date": [
          "Tue, 12 Jun 2018 15:41:58 GMT"
        ]
      },
      "StatusCode": 200
    },
    {
      "RequestUri": "/subscriptions/e68d4145-c9ae-4667-925d-c51c8d88ad73/operationresults/eyJqb2JJZCI6IlJFU09VUkNFR1JPVVBERUxFVElPTkpPQi1QUzc4NDgtV0VTVFVTIiwiam9iTG9jYXRpb24iOiJ3ZXN0dXMifQ?api-version=2016-09-01",
      "EncodedRequestUri": "L3N1YnNjcmlwdGlvbnMvZTY4ZDQxNDUtYzlhZS00NjY3LTkyNWQtYzUxYzhkODhhZDczL29wZXJhdGlvbnJlc3VsdHMvZXlKcWIySkpaQ0k2SWxKRlUwOVZVa05GUjFKUFZWQkVSVXhGVkVsUFRrcFBRaTFRVXpjNE5EZ3RWMFZUVkZWVElpd2lhbTlpVEc5allYUnBiMjRpT2lKM1pYTjBkWE1pZlE/YXBpLXZlcnNpb249MjAxNi0wOS0wMQ==",
      "RequestMethod": "GET",
      "RequestBody": "",
      "RequestHeaders": {
        "User-Agent": [
          "FxVersion/4.7.2650.0",
          "OSName/Windows10Enterprise",
          "OSVersion/6.3.16299",
          "Microsoft.Azure.Management.Internal.Resources.ResourceManagementClient/4.1.0"
        ]
      },
      "ResponseBody": "",
      "ResponseHeaders": {
        "Content-Length": [
          "0"
        ],
        "Expires": [
          "-1"
        ],
        "Pragma": [
          "no-cache"
        ],
        "x-ms-ratelimit-remaining-subscription-reads": [
          "14984"
        ],
        "x-ms-request-id": [
          "44da1db3-36b6-459e-9e1c-42f2dddb982d"
        ],
        "x-ms-correlation-request-id": [
          "44da1db3-36b6-459e-9e1c-42f2dddb982d"
        ],
        "x-ms-routing-request-id": [
          "NORTHEUROPE:20180612T154159Z:44da1db3-36b6-459e-9e1c-42f2dddb982d"
        ],
        "Strict-Transport-Security": [
          "max-age=31536000; includeSubDomains"
        ],
        "X-Content-Type-Options": [
          "nosniff"
        ],
        "Cache-Control": [
          "no-cache"
        ],
        "Date": [
          "Tue, 12 Jun 2018 15:41:58 GMT"
        ]
      },
      "StatusCode": 200
    }
  ],
  "Names": {
    "Test-ListProfilesInSubscription": [
      "ps8272",
      "ps7848",
      "ps7474"
    ]
  },
  "Variables": {
    "SubscriptionId": "e68d4145-c9ae-4667-925d-c51c8d88ad73"
  }
}