{
  "Entries": [
    {
      "RequestUri": "/subscriptions/e68d4145-c9ae-4667-925d-c51c8d88ad73/resourcegroups/ps8021?api-version=2016-09-01",
      "EncodedRequestUri": "L3N1YnNjcmlwdGlvbnMvZTY4ZDQxNDUtYzlhZS00NjY3LTkyNWQtYzUxYzhkODhhZDczL3Jlc291cmNlZ3JvdXBzL3BzODAyMT9hcGktdmVyc2lvbj0yMDE2LTA5LTAx",
      "RequestMethod": "PUT",
      "RequestBody": "{\r\n  \"location\": \"West US\"\r\n}",
      "RequestHeaders": {
        "Content-Type": [
          "application/json; charset=utf-8"
        ],
        "Content-Length": [
          "29"
        ],
        "x-ms-client-request-id": [
          "a0242180-4197-4214-92f2-7f51493dae79"
        ],
        "accept-language": [
          "en-US"
        ],
        "User-Agent": [
          "FxVersion/4.7.2650.0",
          "OSName/Windows10Enterprise",
          "OSVersion/6.3.16299",
          "Microsoft.Azure.Management.Internal.Resources.ResourceManagementClient/4.1.0"
        ]
      },
      "ResponseBody": "{\r\n  \"id\": \"/subscriptions/e68d4145-c9ae-4667-925d-c51c8d88ad73/resourceGroups/ps8021\",\r\n  \"name\": \"ps8021\",\r\n  \"location\": \"westus\",\r\n  \"properties\": {\r\n    \"provisioningState\": \"Succeeded\"\r\n  }\r\n}",
      "ResponseHeaders": {
        "Content-Length": [
          "165"
        ],
        "Content-Type": [
          "application/json; charset=utf-8"
        ],
        "Expires": [
          "-1"
        ],
        "Pragma": [
          "no-cache"
        ],
        "x-ms-ratelimit-remaining-subscription-writes": [
          "1197"
        ],
        "x-ms-request-id": [
          "3c1e068f-20c1-4ff9-8328-44655a538f14"
        ],
        "x-ms-correlation-request-id": [
          "3c1e068f-20c1-4ff9-8328-44655a538f14"
        ],
        "x-ms-routing-request-id": [
          "NORTHEUROPE:20180612T155247Z:3c1e068f-20c1-4ff9-8328-44655a538f14"
        ],
        "Strict-Transport-Security": [
          "max-age=31536000; includeSubDomains"
        ],
        "X-Content-Type-Options": [
          "nosniff"
        ],
        "Cache-Control": [
          "no-cache"
        ],
        "Date": [
          "Tue, 12 Jun 2018 15:52:47 GMT"
        ]
      },
      "StatusCode": 201
    },
    {
      "RequestUri": "/subscriptions/e68d4145-c9ae-4667-925d-c51c8d88ad73/resourceGroups/ps8021/providers/Microsoft.Network/trafficmanagerprofiles/ps1223?api-version=2018-03-01",
      "EncodedRequestUri": "L3N1YnNjcmlwdGlvbnMvZTY4ZDQxNDUtYzlhZS00NjY3LTkyNWQtYzUxYzhkODhhZDczL3Jlc291cmNlR3JvdXBzL3BzODAyMS9wcm92aWRlcnMvTWljcm9zb2Z0Lk5ldHdvcmsvdHJhZmZpY21hbmFnZXJwcm9maWxlcy9wczEyMjM/YXBpLXZlcnNpb249MjAxOC0wMy0wMQ==",
      "RequestMethod": "GET",
      "RequestBody": "",
      "RequestHeaders": {
        "x-ms-client-request-id": [
          "18ba1421-3883-462b-8e69-3949e48adc88"
        ],
        "accept-language": [
          "en-US"
        ],
        "User-Agent": [
          "FxVersion/4.7.2650.0",
          "OSName/Windows10Enterprise",
          "OSVersion/6.3.16299",
          "Microsoft.Azure.Management.TrafficManager.TrafficManagerManagementClient/2.3.0.0"
        ]
      },
      "ResponseBody": "{\r\n  \"error\": {\r\n    \"code\": \"ResourceNotFound\",\r\n    \"message\": \"The Resource 'Microsoft.Network/trafficmanagerprofiles/ps1223' under resource group 'ps8021' was not found.\"\r\n  }\r\n}",
      "ResponseHeaders": {
        "Content-Length": [
          "157"
        ],
        "Content-Type": [
          "application/json; charset=utf-8"
        ],
        "Expires": [
          "-1"
        ],
        "Pragma": [
          "no-cache"
        ],
        "x-ms-failure-cause": [
          "gateway"
        ],
        "x-ms-request-id": [
          "2a55b3e8-e70b-4d6c-9673-ab3aadcc68ea"
        ],
        "x-ms-correlation-request-id": [
          "2a55b3e8-e70b-4d6c-9673-ab3aadcc68ea"
        ],
        "x-ms-routing-request-id": [
          "NORTHEUROPE:20180612T155247Z:2a55b3e8-e70b-4d6c-9673-ab3aadcc68ea"
        ],
        "Strict-Transport-Security": [
          "max-age=31536000; includeSubDomains"
        ],
        "X-Content-Type-Options": [
          "nosniff"
        ],
        "Cache-Control": [
          "no-cache"
        ],
        "Date": [
          "Tue, 12 Jun 2018 15:52:47 GMT"
        ]
      },
      "StatusCode": 404
    },
    {
      "RequestUri": "/subscriptions/e68d4145-c9ae-4667-925d-c51c8d88ad73/resourceGroups/ps8021/providers/Microsoft.Network/trafficmanagerprofiles/ps1223?api-version=2018-03-01",
      "EncodedRequestUri": "L3N1YnNjcmlwdGlvbnMvZTY4ZDQxNDUtYzlhZS00NjY3LTkyNWQtYzUxYzhkODhhZDczL3Jlc291cmNlR3JvdXBzL3BzODAyMS9wcm92aWRlcnMvTWljcm9zb2Z0Lk5ldHdvcmsvdHJhZmZpY21hbmFnZXJwcm9maWxlcy9wczEyMjM/YXBpLXZlcnNpb249MjAxOC0wMy0wMQ==",
      "RequestMethod": "GET",
      "RequestBody": "",
      "RequestHeaders": {
        "x-ms-client-request-id": [
          "96275be5-cd32-4064-ba2a-e25060ea7d06"
        ],
        "accept-language": [
          "en-US"
        ],
        "User-Agent": [
          "FxVersion/4.7.2650.0",
          "OSName/Windows10Enterprise",
          "OSVersion/6.3.16299",
          "Microsoft.Azure.Management.TrafficManager.TrafficManagerManagementClient/2.3.0.0"
        ]
      },
      "ResponseBody": "{\r\n  \"id\": \"/subscriptions/e68d4145-c9ae-4667-925d-c51c8d88ad73/resourceGroups/ps8021/providers/Microsoft.Network/trafficManagerProfiles/ps1223\",\r\n  \"name\": \"ps1223\",\r\n  \"type\": \"Microsoft.Network/trafficManagerProfiles\",\r\n  \"location\": \"global\",\r\n  \"tags\": {},\r\n  \"properties\": {\r\n    \"profileStatus\": \"Enabled\",\r\n    \"trafficRoutingMethod\": \"Weighted\",\r\n    \"dnsConfig\": {\r\n      \"relativeName\": \"ps400\",\r\n      \"fqdn\": \"ps400.tmpreview.watmtest.azure-test.net\",\r\n      \"ttl\": 0\r\n    },\r\n    \"monitorConfig\": {\r\n      \"profileMonitorStatus\": \"Inactive\",\r\n      \"protocol\": \"HTTP\",\r\n      \"port\": 80,\r\n      \"path\": \"/testpath.asp\",\r\n      \"intervalInSeconds\": 10,\r\n      \"toleratedNumberOfFailures\": 1,\r\n      \"timeoutInSeconds\": 7\r\n    },\r\n    \"endpoints\": [],\r\n    \"trafficViewEnrollmentStatus\": \"Disabled\"\r\n  }\r\n}",
      "ResponseHeaders": {
        "Content-Length": [
          "648"
        ],
        "Content-Type": [
          "application/json; charset=utf-8"
        ],
        "X-Content-Type-Options": [
          "nosniff"
        ],
        "Strict-Transport-Security": [
          "max-age=31536000; includeSubDomains"
        ],
        "x-ms-request-id": [
          "96275be5-cd32-4064-ba2a-e25060ea7d06"
        ],
        "x-ms-ratelimit-remaining-subscription-resource-requests": [
          "10786"
        ],
        "x-ms-correlation-request-id": [
          "fd3891b4-1e36-4610-a57e-4585787c220e"
        ],
        "x-ms-routing-request-id": [
          "NORTHEUROPE:20180612T155250Z:fd3891b4-1e36-4610-a57e-4585787c220e"
        ],
        "Cache-Control": [
          "private"
        ],
        "Date": [
          "Tue, 12 Jun 2018 15:52:50 GMT"
        ],
        "Server": [
          "Microsoft-IIS/8.5"
        ],
        "X-AspNet-Version": [
          "4.0.30319"
        ],
        "X-Powered-By": [
          "ASP.NET"
        ]
      },
      "StatusCode": 200
    },
    {
      "RequestUri": "/subscriptions/e68d4145-c9ae-4667-925d-c51c8d88ad73/resourceGroups/ps8021/providers/Microsoft.Network/trafficmanagerprofiles/ps1223?api-version=2018-03-01",
      "EncodedRequestUri": "L3N1YnNjcmlwdGlvbnMvZTY4ZDQxNDUtYzlhZS00NjY3LTkyNWQtYzUxYzhkODhhZDczL3Jlc291cmNlR3JvdXBzL3BzODAyMS9wcm92aWRlcnMvTWljcm9zb2Z0Lk5ldHdvcmsvdHJhZmZpY21hbmFnZXJwcm9maWxlcy9wczEyMjM/YXBpLXZlcnNpb249MjAxOC0wMy0wMQ==",
      "RequestMethod": "PUT",
      "RequestBody": "{\r\n  \"properties\": {\r\n    \"trafficRoutingMethod\": \"Weighted\",\r\n    \"dnsConfig\": {\r\n      \"relativeName\": \"ps400\",\r\n      \"ttl\": 0\r\n    },\r\n    \"monitorConfig\": {\r\n      \"protocol\": \"HTTP\",\r\n      \"port\": 80,\r\n      \"path\": \"/testpath.asp\",\r\n      \"intervalInSeconds\": 10,\r\n      \"timeoutInSeconds\": 7,\r\n      \"toleratedNumberOfFailures\": 1\r\n    }\r\n  },\r\n  \"location\": \"global\",\r\n  \"name\": \"ps1223\"\r\n}",
      "RequestHeaders": {
        "Content-Type": [
          "application/json; charset=utf-8"
        ],
        "Content-Length": [
          "400"
        ],
        "x-ms-client-request-id": [
          "4748da5a-e9d5-4392-8d32-8c81f9a7c4a0"
        ],
        "accept-language": [
          "en-US"
        ],
        "User-Agent": [
          "FxVersion/4.7.2650.0",
          "OSName/Windows10Enterprise",
          "OSVersion/6.3.16299",
          "Microsoft.Azure.Management.TrafficManager.TrafficManagerManagementClient/2.3.0.0"
        ]
      },
      "ResponseBody": "{\r\n  \"id\": \"/subscriptions/e68d4145-c9ae-4667-925d-c51c8d88ad73/resourceGroups/ps8021/providers/Microsoft.Network/trafficManagerProfiles/ps1223\",\r\n  \"name\": \"ps1223\",\r\n  \"type\": \"Microsoft.Network/trafficManagerProfiles\",\r\n  \"location\": \"global\",\r\n  \"properties\": {\r\n    \"profileStatus\": \"Enabled\",\r\n    \"trafficRoutingMethod\": \"Weighted\",\r\n    \"dnsConfig\": {\r\n      \"relativeName\": \"ps400\",\r\n      \"fqdn\": \"ps400.tmpreview.watmtest.azure-test.net\",\r\n      \"ttl\": 0\r\n    },\r\n    \"monitorConfig\": {\r\n      \"profileMonitorStatus\": \"Inactive\",\r\n      \"protocol\": \"HTTP\",\r\n      \"port\": 80,\r\n      \"path\": \"/testpath.asp\",\r\n      \"intervalInSeconds\": 10,\r\n      \"toleratedNumberOfFailures\": 1,\r\n      \"timeoutInSeconds\": 7\r\n    },\r\n    \"endpoints\": [],\r\n    \"trafficViewEnrollmentStatus\": \"Disabled\"\r\n  }\r\n}",
      "ResponseHeaders": {
        "Content-Length": [
          "638"
        ],
        "Content-Type": [
          "application/json; charset=utf-8"
        ],
        "X-Content-Type-Options": [
          "nosniff"
        ],
        "Strict-Transport-Security": [
          "max-age=31536000; includeSubDomains"
        ],
        "x-ms-request-id": [
          "4748da5a-e9d5-4392-8d32-8c81f9a7c4a0"
        ],
        "x-ms-ratelimit-remaining-subscription-resource-requests": [
          "10788"
        ],
        "x-ms-correlation-request-id": [
          "d505119c-45dc-4ae1-bfaf-084d8f8dd1fa"
        ],
        "x-ms-routing-request-id": [
          "NORTHEUROPE:20180612T155250Z:d505119c-45dc-4ae1-bfaf-084d8f8dd1fa"
        ],
        "Cache-Control": [
          "private"
        ],
        "Date": [
          "Tue, 12 Jun 2018 15:52:50 GMT"
        ],
        "Server": [
          "Microsoft-IIS/8.5"
        ],
        "X-AspNet-Version": [
          "4.0.30319"
        ],
        "X-Powered-By": [
          "ASP.NET"
        ]
      },
      "StatusCode": 201
    },
    {
      "RequestUri": "/subscriptions/e68d4145-c9ae-4667-925d-c51c8d88ad73/resourceGroups/ps8021/providers/Microsoft.Network/trafficmanagerprofiles/ps1223?api-version=2018-03-01",
      "EncodedRequestUri": "L3N1YnNjcmlwdGlvbnMvZTY4ZDQxNDUtYzlhZS00NjY3LTkyNWQtYzUxYzhkODhhZDczL3Jlc291cmNlR3JvdXBzL3BzODAyMS9wcm92aWRlcnMvTWljcm9zb2Z0Lk5ldHdvcmsvdHJhZmZpY21hbmFnZXJwcm9maWxlcy9wczEyMjM/YXBpLXZlcnNpb249MjAxOC0wMy0wMQ==",
      "RequestMethod": "PUT",
      "RequestBody": "{\r\n  \"properties\": {\r\n    \"profileStatus\": \"Enabled\",\r\n    \"trafficRoutingMethod\": \"Weighted\",\r\n    \"dnsConfig\": {\r\n      \"relativeName\": \"ps400\",\r\n      \"ttl\": 5\r\n    },\r\n    \"monitorConfig\": {\r\n      \"protocol\": \"HTTP\",\r\n      \"port\": 80,\r\n      \"path\": \"/testpath.asp\",\r\n      \"intervalInSeconds\": 30,\r\n      \"timeoutInSeconds\": 8,\r\n      \"toleratedNumberOfFailures\": 0\r\n    }\r\n  },\r\n  \"location\": \"global\",\r\n  \"id\": \"/subscriptions/e68d4145-c9ae-4667-925d-c51c8d88ad73/resourceGroups/ps8021/providers/Microsoft.Network/trafficManagerProfiles/ps1223\",\r\n  \"name\": \"ps1223\",\r\n  \"type\": \"Microsoft.Network/trafficManagerProfiles\"\r\n}",
      "RequestHeaders": {
        "Content-Type": [
          "application/json; charset=utf-8"
        ],
        "Content-Length": [
          "632"
        ],
        "x-ms-client-request-id": [
          "b76e5204-85e0-48a1-b2c6-80107da43e90"
        ],
        "accept-language": [
          "en-US"
        ],
        "User-Agent": [
          "FxVersion/4.7.2650.0",
          "OSName/Windows10Enterprise",
          "OSVersion/6.3.16299",
          "Microsoft.Azure.Management.TrafficManager.TrafficManagerManagementClient/2.3.0.0"
        ]
      },
      "ResponseBody": "{\r\n  \"id\": \"/subscriptions/e68d4145-c9ae-4667-925d-c51c8d88ad73/resourceGroups/ps8021/providers/Microsoft.Network/trafficManagerProfiles/ps1223\",\r\n  \"name\": \"ps1223\",\r\n  \"type\": \"Microsoft.Network/trafficManagerProfiles\",\r\n  \"location\": \"global\",\r\n  \"properties\": {\r\n    \"profileStatus\": \"Enabled\",\r\n    \"trafficRoutingMethod\": \"Weighted\",\r\n    \"dnsConfig\": {\r\n      \"relativeName\": \"ps400\",\r\n      \"fqdn\": \"ps400.tmpreview.watmtest.azure-test.net\",\r\n      \"ttl\": 5\r\n    },\r\n    \"monitorConfig\": {\r\n      \"profileMonitorStatus\": \"Inactive\",\r\n      \"protocol\": \"HTTP\",\r\n      \"port\": 80,\r\n      \"path\": \"/testpath.asp\",\r\n      \"intervalInSeconds\": 30,\r\n      \"toleratedNumberOfFailures\": 0,\r\n      \"timeoutInSeconds\": 8\r\n    },\r\n    \"endpoints\": [],\r\n    \"trafficViewEnrollmentStatus\": \"Disabled\"\r\n  }\r\n}",
      "ResponseHeaders": {
        "Content-Length": [
          "638"
        ],
        "Content-Type": [
          "application/json; charset=utf-8"
        ],
        "X-Content-Type-Options": [
          "nosniff"
        ],
        "Strict-Transport-Security": [
          "max-age=31536000; includeSubDomains"
        ],
        "x-ms-request-id": [
          "b76e5204-85e0-48a1-b2c6-80107da43e90"
        ],
        "x-ms-ratelimit-remaining-subscription-resource-requests": [
          "10787"
        ],
        "x-ms-correlation-request-id": [
          "ff658bf8-75b2-42ce-a9bc-09e3d3843771"
        ],
        "x-ms-routing-request-id": [
          "NORTHEUROPE:20180612T155251Z:ff658bf8-75b2-42ce-a9bc-09e3d3843771"
        ],
        "Cache-Control": [
          "private"
        ],
        "Date": [
          "Tue, 12 Jun 2018 15:52:51 GMT"
        ],
        "Server": [
          "Microsoft-IIS/8.5"
        ],
        "X-AspNet-Version": [
          "4.0.30319"
        ],
        "X-Powered-By": [
          "ASP.NET"
        ]
      },
      "StatusCode": 200
    },
    {
      "RequestUri": "/subscriptions/e68d4145-c9ae-4667-925d-c51c8d88ad73/resourceGroups/ps8021/providers/Microsoft.Network/trafficmanagerprofiles/ps1223?api-version=2018-03-01",
      "EncodedRequestUri": "L3N1YnNjcmlwdGlvbnMvZTY4ZDQxNDUtYzlhZS00NjY3LTkyNWQtYzUxYzhkODhhZDczL3Jlc291cmNlR3JvdXBzL3BzODAyMS9wcm92aWRlcnMvTWljcm9zb2Z0Lk5ldHdvcmsvdHJhZmZpY21hbmFnZXJwcm9maWxlcy9wczEyMjM/YXBpLXZlcnNpb249MjAxOC0wMy0wMQ==",
      "RequestMethod": "DELETE",
      "RequestBody": "",
      "RequestHeaders": {
        "x-ms-client-request-id": [
          "9b0e557f-fee8-41af-9393-c7055ccae29c"
        ],
        "accept-language": [
          "en-US"
        ],
        "User-Agent": [
          "FxVersion/4.7.2650.0",
          "OSName/Windows10Enterprise",
          "OSVersion/6.3.16299",
          "Microsoft.Azure.Management.TrafficManager.TrafficManagerManagementClient/2.3.0.0"
        ]
      },
      "ResponseBody": "",
      "ResponseHeaders": {
        "Content-Length": [
          "0"
        ],
        "X-Content-Type-Options": [
          "nosniff"
        ],
        "Strict-Transport-Security": [
          "max-age=31536000; includeSubDomains"
        ],
        "x-ms-request-id": [
          "9b0e557f-fee8-41af-9393-c7055ccae29c"
        ],
        "x-ms-ratelimit-remaining-subscription-resource-requests": [
          "10796"
        ],
        "x-ms-correlation-request-id": [
          "76f9ab71-362d-4f76-8aee-94ff80de9a3e"
        ],
        "x-ms-routing-request-id": [
          "NORTHEUROPE:20180612T155253Z:76f9ab71-362d-4f76-8aee-94ff80de9a3e"
        ],
        "Cache-Control": [
          "private"
        ],
        "Date": [
          "Tue, 12 Jun 2018 15:52:52 GMT"
        ],
        "Server": [
          "Microsoft-IIS/8.5"
        ],
        "X-AspNet-Version": [
          "4.0.30319"
        ],
        "X-Powered-By": [
          "ASP.NET"
        ]
      },
      "StatusCode": 200
    },
    {
      "RequestUri": "/subscriptions/e68d4145-c9ae-4667-925d-c51c8d88ad73/resourcegroups/ps8021?api-version=2016-09-01",
      "EncodedRequestUri": "L3N1YnNjcmlwdGlvbnMvZTY4ZDQxNDUtYzlhZS00NjY3LTkyNWQtYzUxYzhkODhhZDczL3Jlc291cmNlZ3JvdXBzL3BzODAyMT9hcGktdmVyc2lvbj0yMDE2LTA5LTAx",
      "RequestMethod": "DELETE",
      "RequestBody": "",
      "RequestHeaders": {
        "x-ms-client-request-id": [
          "44e26080-8ab3-4d40-a593-33f5cc5eb8e5"
        ],
        "accept-language": [
          "en-US"
        ],
        "User-Agent": [
          "FxVersion/4.7.2650.0",
          "OSName/Windows10Enterprise",
          "OSVersion/6.3.16299",
          "Microsoft.Azure.Management.Internal.Resources.ResourceManagementClient/4.1.0"
        ]
      },
      "ResponseBody": "",
      "ResponseHeaders": {
        "Content-Length": [
          "0"
        ],
        "Expires": [
          "-1"
        ],
        "Pragma": [
          "no-cache"
        ],
        "Retry-After": [
          "15"
        ],
        "x-ms-ratelimit-remaining-subscription-deletes": [
          "14995"
        ],
        "x-ms-request-id": [
          "cba27d1b-17f3-4180-96e6-52bb4a1df672"
        ],
        "x-ms-correlation-request-id": [
          "cba27d1b-17f3-4180-96e6-52bb4a1df672"
        ],
        "x-ms-routing-request-id": [
          "NORTHEUROPE:20180612T155254Z:cba27d1b-17f3-4180-96e6-52bb4a1df672"
        ],
        "Strict-Transport-Security": [
          "max-age=31536000; includeSubDomains"
        ],
        "X-Content-Type-Options": [
          "nosniff"
        ],
        "Cache-Control": [
          "no-cache"
        ],
        "Date": [
          "Tue, 12 Jun 2018 15:52:53 GMT"
        ],
        "Location": [
          "https://api-dogfood.resources.windows-int.net/subscriptions/e68d4145-c9ae-4667-925d-c51c8d88ad73/operationresults/eyJqb2JJZCI6IlJFU09VUkNFR1JPVVBERUxFVElPTkpPQi1QUzgwMjEtV0VTVFVTIiwiam9iTG9jYXRpb24iOiJ3ZXN0dXMifQ?api-version=2016-09-01"
        ]
      },
      "StatusCode": 202
    },
    {
      "RequestUri": "/subscriptions/e68d4145-c9ae-4667-925d-c51c8d88ad73/operationresults/eyJqb2JJZCI6IlJFU09VUkNFR1JPVVBERUxFVElPTkpPQi1QUzgwMjEtV0VTVFVTIiwiam9iTG9jYXRpb24iOiJ3ZXN0dXMifQ?api-version=2016-09-01",
      "EncodedRequestUri": "L3N1YnNjcmlwdGlvbnMvZTY4ZDQxNDUtYzlhZS00NjY3LTkyNWQtYzUxYzhkODhhZDczL29wZXJhdGlvbnJlc3VsdHMvZXlKcWIySkpaQ0k2SWxKRlUwOVZVa05GUjFKUFZWQkVSVXhGVkVsUFRrcFBRaTFRVXpnd01qRXRWMFZUVkZWVElpd2lhbTlpVEc5allYUnBiMjRpT2lKM1pYTjBkWE1pZlE/YXBpLXZlcnNpb249MjAxNi0wOS0wMQ==",
      "RequestMethod": "GET",
      "RequestBody": "",
      "RequestHeaders": {
        "User-Agent": [
          "FxVersion/4.7.2650.0",
          "OSName/Windows10Enterprise",
          "OSVersion/6.3.16299",
          "Microsoft.Azure.Management.Internal.Resources.ResourceManagementClient/4.1.0"
        ]
      },
      "ResponseBody": "",
      "ResponseHeaders": {
        "Content-Length": [
          "0"
        ],
        "Expires": [
          "-1"
        ],
        "Pragma": [
          "no-cache"
        ],
        "Retry-After": [
          "15"
        ],
        "x-ms-ratelimit-remaining-subscription-reads": [
          "14984"
        ],
        "x-ms-request-id": [
          "50da4c60-086a-43f7-b162-4b07e66faa3b"
        ],
        "x-ms-correlation-request-id": [
          "50da4c60-086a-43f7-b162-4b07e66faa3b"
        ],
        "x-ms-routing-request-id": [
          "NORTHEUROPE:20180612T155309Z:50da4c60-086a-43f7-b162-4b07e66faa3b"
        ],
        "Strict-Transport-Security": [
          "max-age=31536000; includeSubDomains"
        ],
        "X-Content-Type-Options": [
          "nosniff"
        ],
        "Cache-Control": [
          "no-cache"
        ],
        "Date": [
          "Tue, 12 Jun 2018 15:53:09 GMT"
        ],
        "Location": [
          "https://api-dogfood.resources.windows-int.net/subscriptions/e68d4145-c9ae-4667-925d-c51c8d88ad73/operationresults/eyJqb2JJZCI6IlJFU09VUkNFR1JPVVBERUxFVElPTkpPQi1QUzgwMjEtV0VTVFVTIiwiam9iTG9jYXRpb24iOiJ3ZXN0dXMifQ?api-version=2016-09-01"
        ]
      },
      "StatusCode": 202
    },
    {
      "RequestUri": "/subscriptions/e68d4145-c9ae-4667-925d-c51c8d88ad73/operationresults/eyJqb2JJZCI6IlJFU09VUkNFR1JPVVBERUxFVElPTkpPQi1QUzgwMjEtV0VTVFVTIiwiam9iTG9jYXRpb24iOiJ3ZXN0dXMifQ?api-version=2016-09-01",
      "EncodedRequestUri": "L3N1YnNjcmlwdGlvbnMvZTY4ZDQxNDUtYzlhZS00NjY3LTkyNWQtYzUxYzhkODhhZDczL29wZXJhdGlvbnJlc3VsdHMvZXlKcWIySkpaQ0k2SWxKRlUwOVZVa05GUjFKUFZWQkVSVXhGVkVsUFRrcFBRaTFRVXpnd01qRXRWMFZUVkZWVElpd2lhbTlpVEc5allYUnBiMjRpT2lKM1pYTjBkWE1pZlE/YXBpLXZlcnNpb249MjAxNi0wOS0wMQ==",
      "RequestMethod": "GET",
      "RequestBody": "",
      "RequestHeaders": {
        "User-Agent": [
          "FxVersion/4.7.2650.0",
          "OSName/Windows10Enterprise",
          "OSVersion/6.3.16299",
          "Microsoft.Azure.Management.Internal.Resources.ResourceManagementClient/4.1.0"
        ]
      },
      "ResponseBody": "",
      "ResponseHeaders": {
        "Content-Length": [
          "0"
        ],
        "Expires": [
          "-1"
        ],
        "Pragma": [
          "no-cache"
        ],
        "Retry-After": [
          "15"
        ],
        "x-ms-ratelimit-remaining-subscription-reads": [
          "14983"
        ],
        "x-ms-request-id": [
          "6dc694db-6107-478d-b25b-9ba9396fc5c6"
        ],
        "x-ms-correlation-request-id": [
          "6dc694db-6107-478d-b25b-9ba9396fc5c6"
        ],
        "x-ms-routing-request-id": [
          "NORTHEUROPE:20180612T155325Z:6dc694db-6107-478d-b25b-9ba9396fc5c6"
        ],
        "Strict-Transport-Security": [
          "max-age=31536000; includeSubDomains"
        ],
        "X-Content-Type-Options": [
          "nosniff"
        ],
        "Cache-Control": [
          "no-cache"
        ],
        "Date": [
          "Tue, 12 Jun 2018 15:53:24 GMT"
        ],
        "Location": [
          "https://api-dogfood.resources.windows-int.net/subscriptions/e68d4145-c9ae-4667-925d-c51c8d88ad73/operationresults/eyJqb2JJZCI6IlJFU09VUkNFR1JPVVBERUxFVElPTkpPQi1QUzgwMjEtV0VTVFVTIiwiam9iTG9jYXRpb24iOiJ3ZXN0dXMifQ?api-version=2016-09-01"
        ]
      },
      "StatusCode": 202
    },
    {
      "RequestUri": "/subscriptions/e68d4145-c9ae-4667-925d-c51c8d88ad73/operationresults/eyJqb2JJZCI6IlJFU09VUkNFR1JPVVBERUxFVElPTkpPQi1QUzgwMjEtV0VTVFVTIiwiam9iTG9jYXRpb24iOiJ3ZXN0dXMifQ?api-version=2016-09-01",
      "EncodedRequestUri": "L3N1YnNjcmlwdGlvbnMvZTY4ZDQxNDUtYzlhZS00NjY3LTkyNWQtYzUxYzhkODhhZDczL29wZXJhdGlvbnJlc3VsdHMvZXlKcWIySkpaQ0k2SWxKRlUwOVZVa05GUjFKUFZWQkVSVXhGVkVsUFRrcFBRaTFRVXpnd01qRXRWMFZUVkZWVElpd2lhbTlpVEc5allYUnBiMjRpT2lKM1pYTjBkWE1pZlE/YXBpLXZlcnNpb249MjAxNi0wOS0wMQ==",
      "RequestMethod": "GET",
      "RequestBody": "",
      "RequestHeaders": {
        "User-Agent": [
          "FxVersion/4.7.2650.0",
          "OSName/Windows10Enterprise",
          "OSVersion/6.3.16299",
          "Microsoft.Azure.Management.Internal.Resources.ResourceManagementClient/4.1.0"
        ]
      },
      "ResponseBody": "",
      "ResponseHeaders": {
        "Content-Length": [
          "0"
        ],
        "Expires": [
          "-1"
        ],
        "Pragma": [
          "no-cache"
        ],
        "x-ms-ratelimit-remaining-subscription-reads": [
          "14982"
        ],
        "x-ms-request-id": [
          "0ae651bb-e77f-4b37-8b6d-a5f67c0d359d"
        ],
        "x-ms-correlation-request-id": [
          "0ae651bb-e77f-4b37-8b6d-a5f67c0d359d"
        ],
        "x-ms-routing-request-id": [
          "NORTHEUROPE:20180612T155340Z:0ae651bb-e77f-4b37-8b6d-a5f67c0d359d"
        ],
        "Strict-Transport-Security": [
          "max-age=31536000; includeSubDomains"
        ],
        "X-Content-Type-Options": [
          "nosniff"
        ],
        "Cache-Control": [
          "no-cache"
        ],
        "Date": [
          "Tue, 12 Jun 2018 15:53:39 GMT"
        ]
      },
      "StatusCode": 200
    },
    {
      "RequestUri": "/subscriptions/e68d4145-c9ae-4667-925d-c51c8d88ad73/operationresults/eyJqb2JJZCI6IlJFU09VUkNFR1JPVVBERUxFVElPTkpPQi1QUzgwMjEtV0VTVFVTIiwiam9iTG9jYXRpb24iOiJ3ZXN0dXMifQ?api-version=2016-09-01",
      "EncodedRequestUri": "L3N1YnNjcmlwdGlvbnMvZTY4ZDQxNDUtYzlhZS00NjY3LTkyNWQtYzUxYzhkODhhZDczL29wZXJhdGlvbnJlc3VsdHMvZXlKcWIySkpaQ0k2SWxKRlUwOVZVa05GUjFKUFZWQkVSVXhGVkVsUFRrcFBRaTFRVXpnd01qRXRWMFZUVkZWVElpd2lhbTlpVEc5allYUnBiMjRpT2lKM1pYTjBkWE1pZlE/YXBpLXZlcnNpb249MjAxNi0wOS0wMQ==",
      "RequestMethod": "GET",
      "RequestBody": "",
      "RequestHeaders": {
        "User-Agent": [
          "FxVersion/4.7.2650.0",
          "OSName/Windows10Enterprise",
          "OSVersion/6.3.16299",
          "Microsoft.Azure.Management.Internal.Resources.ResourceManagementClient/4.1.0"
        ]
      },
      "ResponseBody": "",
      "ResponseHeaders": {
        "Content-Length": [
          "0"
        ],
        "Expires": [
          "-1"
        ],
        "Pragma": [
          "no-cache"
        ],
        "x-ms-ratelimit-remaining-subscription-reads": [
          "14981"
        ],
        "x-ms-request-id": [
          "8c9af604-9591-4637-bad0-4d0ed2f844c1"
        ],
        "x-ms-correlation-request-id": [
          "8c9af604-9591-4637-bad0-4d0ed2f844c1"
        ],
        "x-ms-routing-request-id": [
          "NORTHEUROPE:20180612T155341Z:8c9af604-9591-4637-bad0-4d0ed2f844c1"
        ],
        "Strict-Transport-Security": [
          "max-age=31536000; includeSubDomains"
        ],
        "X-Content-Type-Options": [
          "nosniff"
        ],
        "Cache-Control": [
          "no-cache"
        ],
        "Date": [
          "Tue, 12 Jun 2018 15:53:41 GMT"
        ]
      },
      "StatusCode": 200
    }
  ],
  "Names": {
    "Test-ProfileMonitorCustom": [
      "ps1223",
      "ps8021",
      "ps400"
    ]
  },
  "Variables": {
    "SubscriptionId": "e68d4145-c9ae-4667-925d-c51c8d88ad73"
  }
}