{
  "Entries": [
    {
      "RequestUri": "//subscriptions/2c2f67af-09f9-4d60-b051-c5d956d2c9a7/providers/Microsoft.Resources/tags/default?api-version=2022-09-01",
      "EncodedRequestUri": "Ly9zdWJzY3JpcHRpb25zLzJjMmY2N2FmLTA5ZjktNGQ2MC1iMDUxLWM1ZDk1NmQyYzlhNy9wcm92aWRlcnMvTWljcm9zb2Z0LlJlc291cmNlcy90YWdzL2RlZmF1bHQ/YXBpLXZlcnNpb249MjAyMi0wOS0wMQ==",
      "RequestMethod": "PUT",
      "RequestHeaders": {
        "x-ms-client-request-id": [
          "c8fc074d-e08e-4b10-acaf-c511b5f84d75"
        ],
        "Accept-Language": [
          "en-US"
        ],
        "User-Agent": [
          "FxVersion/4.700.22.55902",
          "OSName/Windows",
          "OSVersion/Microsoft.Windows.10.0.22621",
          "Microsoft.Azure.Management.Resources.ResourceManagementClient/6.5.3"
        ],
        "Content-Type": [
          "application/json; charset=utf-8"
        ],
        "Content-Length": [
          "99"
        ]
      },
      "RequestBody": "{\r\n  \"properties\": {\r\n    \"tags\": {\r\n      \"key2\": \"value2\",\r\n      \"key1\": \"value1\"\r\n    }\r\n  }\r\n}",
      "ResponseHeaders": {
        "Cache-Control": [
          "no-cache"
        ],
        "Pragma": [
          "no-cache"
        ],
        "x-ms-ratelimit-remaining-subscription-writes": [
          "1199"
        ],
        "x-ms-request-id": [
          "02703f35-05c8-4298-b8c0-a3f5eea281ff"
        ],
        "x-ms-correlation-request-id": [
          "02703f35-05c8-4298-b8c0-a3f5eea281ff"
        ],
        "x-ms-routing-request-id": [
          "WESTINDIA:20230202T081244Z:02703f35-05c8-4298-b8c0-a3f5eea281ff"
        ],
        "Strict-Transport-Security": [
          "max-age=31536000; includeSubDomains"
        ],
        "X-Content-Type-Options": [
          "nosniff"
        ],
        "Date": [
          "Thu, 02 Feb 2023 08:12:43 GMT"
        ],
        "Content-Length": [
          "210"
        ],
        "Content-Type": [
          "application/json; charset=utf-8"
        ],
        "Expires": [
          "-1"
        ],
        "Retry-After": [
          "0"
        ]
      },
      "ResponseBody": "{\r\n  \"id\": \"/subscriptions/2c2f67af-09f9-4d60-b051-c5d956d2c9a7/providers/Microsoft.Resources/tags/default\",\r\n  \"name\": \"default\",\r\n  \"type\": \"Microsoft.Resources/tags\",\r\n  \"properties\": {\r\n    \"tags\": {\r\n      \"key2\": \"value2\",\r\n      \"key1\": \"value1\"\r\n    }\r\n  }\r\n}",
      "StatusCode": 200
    },
    {
      "RequestUri": "//subscriptions/2c2f67af-09f9-4d60-b051-c5d956d2c9a7/providers/Microsoft.Resources/tags/default?api-version=2022-09-01",
      "EncodedRequestUri": "Ly9zdWJzY3JpcHRpb25zLzJjMmY2N2FmLTA5ZjktNGQ2MC1iMDUxLWM1ZDk1NmQyYzlhNy9wcm92aWRlcnMvTWljcm9zb2Z0LlJlc291cmNlcy90YWdzL2RlZmF1bHQ/YXBpLXZlcnNpb249MjAyMi0wOS0wMQ==",
      "RequestMethod": "GET",
      "RequestHeaders": {
        "x-ms-client-request-id": [
          "6e4b8670-103e-48de-a396-75e25bd28f9b"
        ],
        "Accept-Language": [
          "en-US"
        ],
        "User-Agent": [
          "FxVersion/4.700.22.55902",
          "OSName/Windows",
          "OSVersion/Microsoft.Windows.10.0.22621",
          "Microsoft.Azure.Management.Resources.ResourceManagementClient/6.5.3"
        ]
      },
      "RequestBody": "",
      "ResponseHeaders": {
        "Cache-Control": [
          "no-cache"
        ],
        "Pragma": [
          "no-cache"
        ],
        "x-ms-ratelimit-remaining-subscription-reads": [
          "11999"
        ],
        "x-ms-request-id": [
          "68a71634-1872-4fcf-9cd7-5d931cd5fd4e"
        ],
        "x-ms-correlation-request-id": [
          "68a71634-1872-4fcf-9cd7-5d931cd5fd4e"
        ],
        "x-ms-routing-request-id": [
          "WESTINDIA:20230202T081247Z:68a71634-1872-4fcf-9cd7-5d931cd5fd4e"
        ],
        "Strict-Transport-Security": [
          "max-age=31536000; includeSubDomains"
        ],
        "X-Content-Type-Options": [
          "nosniff"
        ],
        "Date": [
          "Thu, 02 Feb 2023 08:12:46 GMT"
        ],
        "Content-Type": [
          "application/json; charset=utf-8"
        ],
        "Expires": [
          "-1"
        ],
        "Content-Length": [
          "210"
        ],
        "Retry-After": [
          "0"
        ]
      },
      "ResponseBody": "{\r\n  \"id\": \"/subscriptions/2c2f67af-09f9-4d60-b051-c5d956d2c9a7/providers/Microsoft.Resources/tags/default\",\r\n  \"name\": \"default\",\r\n  \"type\": \"Microsoft.Resources/tags\",\r\n  \"properties\": {\r\n    \"tags\": {\r\n      \"key2\": \"value2\",\r\n      \"key1\": \"value1\"\r\n    }\r\n  }\r\n}",
      "StatusCode": 200
    },
    {
      "RequestUri": "//subscriptions/2c2f67af-09f9-4d60-b051-c5d956d2c9a7/providers/Microsoft.Resources/tags/default?api-version=2022-09-01",
      "EncodedRequestUri": "Ly9zdWJzY3JpcHRpb25zLzJjMmY2N2FmLTA5ZjktNGQ2MC1iMDUxLWM1ZDk1NmQyYzlhNy9wcm92aWRlcnMvTWljcm9zb2Z0LlJlc291cmNlcy90YWdzL2RlZmF1bHQ/YXBpLXZlcnNpb249MjAyMi0wOS0wMQ==",
      "RequestMethod": "DELETE",
      "RequestHeaders": {
        "x-ms-client-request-id": [
          "6e4b8670-103e-48de-a396-75e25bd28f9b"
        ],
        "Accept-Language": [
          "en-US"
        ],
        "User-Agent": [
          "FxVersion/4.700.22.55902",
          "OSName/Windows",
          "OSVersion/Microsoft.Windows.10.0.22621",
          "Microsoft.Azure.Management.Resources.ResourceManagementClient/6.5.3"
        ]
      },
      "RequestBody": "",
      "ResponseHeaders": {
        "Cache-Control": [
          "no-cache"
        ],
        "Pragma": [
          "no-cache"
        ],
        "x-ms-ratelimit-remaining-subscription-deletes": [
          "14999"
        ],
        "x-ms-request-id": [
          "fd203b53-d258-4bae-ac82-f8e574a0a2c9"
        ],
        "x-ms-correlation-request-id": [
          "fd203b53-d258-4bae-ac82-f8e574a0a2c9"
        ],
        "x-ms-routing-request-id": [
          "WESTINDIA:20230202T081248Z:fd203b53-d258-4bae-ac82-f8e574a0a2c9"
        ],
        "Strict-Transport-Security": [
          "max-age=31536000; includeSubDomains"
        ],
        "X-Content-Type-Options": [
          "nosniff"
        ],
        "Date": [
          "Thu, 02 Feb 2023 08:12:48 GMT"
        ],
        "Expires": [
          "-1"
        ],
        "Content-Length": [
          "0"
        ],
        "Retry-After": [
          "0"
        ]
      },
      "ResponseBody": "",
      "StatusCode": 200
    }
  ],
  "Names": {},
  "Variables": {
    "SubscriptionId": "2c2f67af-09f9-4d60-b051-c5d956d2c9a7"
  }
}