{
  "Entries": [
    {
      "RequestUri": "/subscriptions/c39dce18-cead-4065-8fb1-3af7683a5038/resourcegroups/ps2953?api-version=2016-09-01",
      "EncodedRequestUri": "L3N1YnNjcmlwdGlvbnMvYzM5ZGNlMTgtY2VhZC00MDY1LThmYjEtM2FmNzY4M2E1MDM4L3Jlc291cmNlZ3JvdXBzL3BzMjk1Mz9hcGktdmVyc2lvbj0yMDE2LTA5LTAx",
      "RequestMethod": "PUT",
      "RequestBody": "{\r\n  \"location\": \"West US\"\r\n}",
      "RequestHeaders": {
        "Content-Type": [
          "application/json; charset=utf-8"
        ],
        "Content-Length": [
          "29"
        ],
        "x-ms-client-request-id": [
          "986b0fae-d041-41c1-b871-9630bedf7e79"
        ],
        "accept-language": [
          "en-US"
        ],
        "User-Agent": [
          "FxVersion/4.7.2650.0",
          "OSName/Windows10Enterprise",
          "OSVersion/6.3.16299",
          "Microsoft.Azure.Management.Internal.Resources.ResourceManagementClient/4.1.0"
        ]
      },
      "ResponseBody": "{\r\n  \"id\": \"/subscriptions/c39dce18-cead-4065-8fb1-3af7683a5038/resourceGroups/ps2953\",\r\n  \"name\": \"ps2953\",\r\n  \"location\": \"westus\",\r\n  \"properties\": {\r\n    \"provisioningState\": \"Succeeded\"\r\n  }\r\n}",
      "ResponseHeaders": {
        "Content-Length": [
          "165"
        ],
        "Content-Type": [
          "application/json; charset=utf-8"
        ],
        "Expires": [
          "-1"
        ],
        "Pragma": [
          "no-cache"
        ],
        "x-ms-ratelimit-remaining-subscription-writes": [
          "1197"
        ],
        "x-ms-request-id": [
          "6c62af36-6c5a-4525-891a-fa9b8e4e3afe"
        ],
        "x-ms-correlation-request-id": [
          "6c62af36-6c5a-4525-891a-fa9b8e4e3afe"
        ],
        "x-ms-routing-request-id": [
          "NORTHEUROPE:20180713T194122Z:6c62af36-6c5a-4525-891a-fa9b8e4e3afe"
        ],
        "Strict-Transport-Security": [
          "max-age=31536000; includeSubDomains"
        ],
        "X-Content-Type-Options": [
          "nosniff"
        ],
        "Cache-Control": [
          "no-cache"
        ],
        "Date": [
          "Fri, 13 Jul 2018 19:41:22 GMT"
        ]
      },
      "StatusCode": 201
    },
    {
      "RequestUri": "/subscriptions/c39dce18-cead-4065-8fb1-3af7683a5038/resourceGroups/ps2953/providers/Microsoft.DataFactory/factories/ps473?api-version=2018-06-01",
      "EncodedRequestUri": "L3N1YnNjcmlwdGlvbnMvYzM5ZGNlMTgtY2VhZC00MDY1LThmYjEtM2FmNzY4M2E1MDM4L3Jlc291cmNlR3JvdXBzL3BzMjk1My9wcm92aWRlcnMvTWljcm9zb2Z0LkRhdGFGYWN0b3J5L2ZhY3Rvcmllcy9wczQ3Mz9hcGktdmVyc2lvbj0yMDE4LTA2LTAx",
      "RequestMethod": "PUT",
      "RequestBody": "{\r\n  \"identity\": {\r\n    \"type\": \"SystemAssigned\"\r\n  },\r\n  \"properties\": {\r\n    \"repoConfiguration\": {\r\n      \"type\": \"FactoryVSTSConfiguration\",\r\n      \"projectName\": \"testVSTSProject\",\r\n      \"accountName\": \"testAccount\",\r\n      \"repositoryName\": \"testRepo\",\r\n      \"collaborationBranch\": \"testBranch\",\r\n      \"rootFolder\": \"testRoot\",\r\n      \"lastCommitId\": \"testId\"\r\n    }\r\n  },\r\n  \"location\": \"West US\"\r\n}",
      "RequestHeaders": {
        "Content-Type": [
          "application/json; charset=utf-8"
        ],
        "Content-Length": [
          "409"
        ],
        "x-ms-client-request-id": [
          "b3ac8186-a7c4-40f5-8444-98cdb0a6aaac"
        ],
        "accept-language": [
          "en-US"
        ],
        "User-Agent": [
          "FxVersion/4.7.2650.0",
          "OSName/Windows10Enterprise",
          "OSVersion/6.3.16299",
          "Microsoft.Azure.Management.DataFactory.DataFactoryManagementClient/1.0.0.0"
        ]
      },
      "ResponseBody": "{\r\n  \"name\": \"ps473\",\r\n  \"identity\": {\r\n    \"type\": \"SystemAssigned\",\r\n    \"principalId\": \"a0035a82-b972-4b42-8a67-033ea009b13d\",\r\n    \"tenantId\": \"f686d426-8d16-42db-81b7-ab578e110ccd\"\r\n  },\r\n  \"id\": \"/subscriptions/c39dce18-cead-4065-8fb1-3af7683a5038/resourceGroups/ps2953/providers/Microsoft.DataFactory/factories/ps473\",\r\n  \"type\": \"Microsoft.DataFactory/factories\",\r\n  \"properties\": {\r\n    \"provisioningState\": \"Succeeded\",\r\n    \"createTime\": \"2018-07-13T19:41:32.3839066Z\",\r\n    \"version\": \"2018-06-01\",\r\n    \"repoConfiguration\": {\r\n      \"type\": \"FactoryVSTSConfiguration\",\r\n      \"projectName\": \"testVSTSProject\",\r\n      \"accountName\": \"testAccount\",\r\n      \"repositoryName\": \"testRepo\",\r\n      \"collaborationBranch\": \"testBranch\",\r\n      \"rootFolder\": \"testRoot\",\r\n      \"lastCommitId\": \"testId\"\r\n    }\r\n  },\r\n  \"eTag\": \"\\\"00007705-0000-0000-0000-5b49006c0000\\\"\",\r\n  \"location\": \"West US\",\r\n  \"tags\": {}\r\n}",
      "ResponseHeaders": {
        "Content-Length": [
          "748"
        ],
        "Content-Type": [
          "application/json; charset=utf-8"
        ],
        "Expires": [
          "-1"
        ],
        "Pragma": [
          "no-cache"
        ],
        "Strict-Transport-Security": [
          "max-age=31536000; includeSubDomains"
        ],
        "X-Content-Type-Options": [
          "nosniff"
        ],
        "x-ms-ratelimit-remaining-subscription-writes": [
          "1197"
        ],
        "x-ms-request-id": [
          "5d290fd7-dbc9-44c2-9bfe-9814db9db063"
        ],
        "x-ms-correlation-request-id": [
          "5d290fd7-dbc9-44c2-9bfe-9814db9db063"
        ],
        "x-ms-routing-request-id": [
          "NORTHEUROPE:20180713T194133Z:5d290fd7-dbc9-44c2-9bfe-9814db9db063"
        ],
        "Cache-Control": [
          "no-cache"
        ],
        "Date": [
          "Fri, 13 Jul 2018 19:41:32 GMT"
        ],
        "Server": [
          "Microsoft-IIS/8.5"
        ],
        "X-Powered-By": [
          "ASP.NET"
        ]
      },
      "StatusCode": 200
    },
    {
      "RequestUri": "/subscriptions/c39dce18-cead-4065-8fb1-3af7683a5038/resourceGroups/ps2953/providers/Microsoft.DataFactory/factories/ps473?api-version=2018-06-01",
      "EncodedRequestUri": "L3N1YnNjcmlwdGlvbnMvYzM5ZGNlMTgtY2VhZC00MDY1LThmYjEtM2FmNzY4M2E1MDM4L3Jlc291cmNlR3JvdXBzL3BzMjk1My9wcm92aWRlcnMvTWljcm9zb2Z0LkRhdGFGYWN0b3J5L2ZhY3Rvcmllcy9wczQ3Mz9hcGktdmVyc2lvbj0yMDE4LTA2LTAx",
      "RequestMethod": "GET",
      "RequestBody": "",
      "RequestHeaders": {
        "x-ms-client-request-id": [
          "03b31552-c4ff-46a2-991f-29b0393361fe"
        ],
        "accept-language": [
          "en-US"
        ],
        "User-Agent": [
          "FxVersion/4.7.2650.0",
          "OSName/Windows10Enterprise",
          "OSVersion/6.3.16299",
          "Microsoft.Azure.Management.DataFactory.DataFactoryManagementClient/1.0.0.0"
        ]
      },
      "ResponseBody": "{\r\n  \"name\": \"ps473\",\r\n  \"identity\": {\r\n    \"type\": \"SystemAssigned\",\r\n    \"principalId\": \"a0035a82-b972-4b42-8a67-033ea009b13d\",\r\n    \"tenantId\": \"f686d426-8d16-42db-81b7-ab578e110ccd\"\r\n  },\r\n  \"id\": \"/subscriptions/c39dce18-cead-4065-8fb1-3af7683a5038/resourceGroups/ps2953/providers/Microsoft.DataFactory/factories/ps473\",\r\n  \"type\": \"Microsoft.DataFactory/factories\",\r\n  \"properties\": {\r\n    \"provisioningState\": \"Succeeded\",\r\n    \"createTime\": \"2018-07-13T19:41:32.3839066Z\",\r\n    \"version\": \"2018-06-01\",\r\n    \"repoConfiguration\": {\r\n      \"type\": \"FactoryVSTSConfiguration\",\r\n      \"projectName\": \"testVSTSProject\",\r\n      \"accountName\": \"testAccount\",\r\n      \"repositoryName\": \"testRepo\",\r\n      \"collaborationBranch\": \"testBranch\",\r\n      \"rootFolder\": \"testRoot\",\r\n      \"lastCommitId\": \"testId\"\r\n    }\r\n  },\r\n  \"eTag\": \"\\\"00007705-0000-0000-0000-5b49006c0000\\\"\",\r\n  \"location\": \"West US\",\r\n  \"tags\": {}\r\n}",
      "ResponseHeaders": {
        "Content-Length": [
          "748"
        ],
        "Content-Type": [
          "application/json; charset=utf-8"
        ],
        "Expires": [
          "-1"
        ],
        "Pragma": [
          "no-cache"
        ],
        "Strict-Transport-Security": [
          "max-age=31536000; includeSubDomains"
        ],
        "X-Content-Type-Options": [
          "nosniff"
        ],
        "x-ms-ratelimit-remaining-subscription-reads": [
          "14999"
        ],
        "x-ms-request-id": [
          "dca2c557-d9ed-44b0-a7c9-9849a95f7c45"
        ],
        "x-ms-correlation-request-id": [
          "dca2c557-d9ed-44b0-a7c9-9849a95f7c45"
        ],
        "x-ms-routing-request-id": [
          "NORTHEUROPE:20180713T194133Z:dca2c557-d9ed-44b0-a7c9-9849a95f7c45"
        ],
        "Cache-Control": [
          "no-cache"
        ],
        "Date": [
          "Fri, 13 Jul 2018 19:41:33 GMT"
        ],
        "Server": [
          "Microsoft-IIS/8.5"
        ],
        "X-Powered-By": [
          "ASP.NET"
        ]
      },
      "StatusCode": 200
    },
    {
      "RequestUri": "/subscriptions/c39dce18-cead-4065-8fb1-3af7683a5038/resourceGroups/ps2953/providers/Microsoft.DataFactory/factories/ps473?api-version=2018-06-01",
      "EncodedRequestUri": "L3N1YnNjcmlwdGlvbnMvYzM5ZGNlMTgtY2VhZC00MDY1LThmYjEtM2FmNzY4M2E1MDM4L3Jlc291cmNlR3JvdXBzL3BzMjk1My9wcm92aWRlcnMvTWljcm9zb2Z0LkRhdGFGYWN0b3J5L2ZhY3Rvcmllcy9wczQ3Mz9hcGktdmVyc2lvbj0yMDE4LTA2LTAx",
      "RequestMethod": "DELETE",
      "RequestBody": "",
      "RequestHeaders": {
        "x-ms-client-request-id": [
          "ef72258b-84b6-4123-a1f3-5736e5deb982"
        ],
        "accept-language": [
          "en-US"
        ],
        "User-Agent": [
          "FxVersion/4.7.2650.0",
          "OSName/Windows10Enterprise",
          "OSVersion/6.3.16299",
          "Microsoft.Azure.Management.DataFactory.DataFactoryManagementClient/1.0.0.0"
        ]
      },
      "ResponseBody": "",
      "ResponseHeaders": {
        "Content-Length": [
          "0"
        ],
        "Expires": [
          "-1"
        ],
        "Pragma": [
          "no-cache"
        ],
        "Strict-Transport-Security": [
          "max-age=31536000; includeSubDomains"
        ],
        "X-Content-Type-Options": [
          "nosniff"
        ],
        "x-ms-ratelimit-remaining-subscription-deletes": [
          "14998"
        ],
        "x-ms-request-id": [
          "b7c27de8-a806-4c24-b95c-33732d656593"
        ],
        "x-ms-correlation-request-id": [
          "b7c27de8-a806-4c24-b95c-33732d656593"
        ],
        "x-ms-routing-request-id": [
          "NORTHEUROPE:20180713T194136Z:b7c27de8-a806-4c24-b95c-33732d656593"
        ],
        "Cache-Control": [
          "no-cache"
        ],
        "Date": [
          "Fri, 13 Jul 2018 19:41:35 GMT"
        ],
        "Server": [
          "Microsoft-IIS/8.5"
        ],
        "X-Powered-By": [
          "ASP.NET"
        ]
      },
      "StatusCode": 200
    },
    {
      "RequestUri": "/subscriptions/c39dce18-cead-4065-8fb1-3af7683a5038/resourcegroups/ps2953?api-version=2016-09-01",
      "EncodedRequestUri": "L3N1YnNjcmlwdGlvbnMvYzM5ZGNlMTgtY2VhZC00MDY1LThmYjEtM2FmNzY4M2E1MDM4L3Jlc291cmNlZ3JvdXBzL3BzMjk1Mz9hcGktdmVyc2lvbj0yMDE2LTA5LTAx",
      "RequestMethod": "DELETE",
      "RequestBody": "",
      "RequestHeaders": {
        "x-ms-client-request-id": [
          "6bd5fdb4-9fc6-45f3-ab23-d2d85b2ec051"
        ],
        "accept-language": [
          "en-US"
        ],
        "User-Agent": [
          "FxVersion/4.7.2650.0",
          "OSName/Windows10Enterprise",
          "OSVersion/6.3.16299",
          "Microsoft.Azure.Management.Internal.Resources.ResourceManagementClient/4.1.0"
        ]
      },
      "ResponseBody": "",
      "ResponseHeaders": {
        "Content-Length": [
          "0"
        ],
        "Expires": [
          "-1"
        ],
        "Pragma": [
          "no-cache"
        ],
        "Retry-After": [
          "15"
        ],
        "x-ms-ratelimit-remaining-subscription-deletes": [
          "14999"
        ],
        "x-ms-request-id": [
          "b058f78f-04c4-42e6-b2de-4ff66a042375"
        ],
        "x-ms-correlation-request-id": [
          "b058f78f-04c4-42e6-b2de-4ff66a042375"
        ],
        "x-ms-routing-request-id": [
          "NORTHEUROPE:20180713T194138Z:b058f78f-04c4-42e6-b2de-4ff66a042375"
        ],
        "Strict-Transport-Security": [
          "max-age=31536000; includeSubDomains"
        ],
        "X-Content-Type-Options": [
          "nosniff"
        ],
        "Cache-Control": [
          "no-cache"
        ],
        "Date": [
          "Fri, 13 Jul 2018 19:41:38 GMT"
        ],
        "Location": [
          "https://api-dogfood.resources.windows-int.net/subscriptions/c39dce18-cead-4065-8fb1-3af7683a5038/operationresults/eyJqb2JJZCI6IlJFU09VUkNFR1JPVVBERUxFVElPTkpPQi1QUzI5NTMtV0VTVFVTIiwiam9iTG9jYXRpb24iOiJ3ZXN0dXMifQ?api-version=2016-09-01"
        ]
      },
      "StatusCode": 202
    },
    {
      "RequestUri": "/subscriptions/c39dce18-cead-4065-8fb1-3af7683a5038/operationresults/eyJqb2JJZCI6IlJFU09VUkNFR1JPVVBERUxFVElPTkpPQi1QUzI5NTMtV0VTVFVTIiwiam9iTG9jYXRpb24iOiJ3ZXN0dXMifQ?api-version=2016-09-01",
      "EncodedRequestUri": "L3N1YnNjcmlwdGlvbnMvYzM5ZGNlMTgtY2VhZC00MDY1LThmYjEtM2FmNzY4M2E1MDM4L29wZXJhdGlvbnJlc3VsdHMvZXlKcWIySkpaQ0k2SWxKRlUwOVZVa05GUjFKUFZWQkVSVXhGVkVsUFRrcFBRaTFRVXpJNU5UTXRWMFZUVkZWVElpd2lhbTlpVEc5allYUnBiMjRpT2lKM1pYTjBkWE1pZlE/YXBpLXZlcnNpb249MjAxNi0wOS0wMQ==",
      "RequestMethod": "GET",
      "RequestBody": "",
      "RequestHeaders": {
        "User-Agent": [
          "FxVersion/4.7.2650.0",
          "OSName/Windows10Enterprise",
          "OSVersion/6.3.16299",
          "Microsoft.Azure.Management.Internal.Resources.ResourceManagementClient/4.1.0"
        ]
      },
      "ResponseBody": "",
      "ResponseHeaders": {
        "Content-Length": [
          "0"
        ],
        "Expires": [
          "-1"
        ],
        "Pragma": [
          "no-cache"
        ],
        "Retry-After": [
          "15"
        ],
        "x-ms-ratelimit-remaining-subscription-reads": [
          "14999"
        ],
        "x-ms-request-id": [
          "848491b9-218d-4fcf-a20a-7e6c20024de5"
        ],
        "x-ms-correlation-request-id": [
          "848491b9-218d-4fcf-a20a-7e6c20024de5"
        ],
        "x-ms-routing-request-id": [
          "NORTHEUROPE:20180713T194153Z:848491b9-218d-4fcf-a20a-7e6c20024de5"
        ],
        "Strict-Transport-Security": [
          "max-age=31536000; includeSubDomains"
        ],
        "X-Content-Type-Options": [
          "nosniff"
        ],
        "Cache-Control": [
          "no-cache"
        ],
        "Date": [
          "Fri, 13 Jul 2018 19:41:52 GMT"
        ],
        "Location": [
          "https://api-dogfood.resources.windows-int.net/subscriptions/c39dce18-cead-4065-8fb1-3af7683a5038/operationresults/eyJqb2JJZCI6IlJFU09VUkNFR1JPVVBERUxFVElPTkpPQi1QUzI5NTMtV0VTVFVTIiwiam9iTG9jYXRpb24iOiJ3ZXN0dXMifQ?api-version=2016-09-01"
        ]
      },
      "StatusCode": 202
    },
    {
      "RequestUri": "/subscriptions/c39dce18-cead-4065-8fb1-3af7683a5038/operationresults/eyJqb2JJZCI6IlJFU09VUkNFR1JPVVBERUxFVElPTkpPQi1QUzI5NTMtV0VTVFVTIiwiam9iTG9jYXRpb24iOiJ3ZXN0dXMifQ?api-version=2016-09-01",
      "EncodedRequestUri": "L3N1YnNjcmlwdGlvbnMvYzM5ZGNlMTgtY2VhZC00MDY1LThmYjEtM2FmNzY4M2E1MDM4L29wZXJhdGlvbnJlc3VsdHMvZXlKcWIySkpaQ0k2SWxKRlUwOVZVa05GUjFKUFZWQkVSVXhGVkVsUFRrcFBRaTFRVXpJNU5UTXRWMFZUVkZWVElpd2lhbTlpVEc5allYUnBiMjRpT2lKM1pYTjBkWE1pZlE/YXBpLXZlcnNpb249MjAxNi0wOS0wMQ==",
      "RequestMethod": "GET",
      "RequestBody": "",
      "RequestHeaders": {
        "User-Agent": [
          "FxVersion/4.7.2650.0",
          "OSName/Windows10Enterprise",
          "OSVersion/6.3.16299",
          "Microsoft.Azure.Management.Internal.Resources.ResourceManagementClient/4.1.0"
        ]
      },
      "ResponseBody": "",
      "ResponseHeaders": {
        "Content-Length": [
          "0"
        ],
        "Expires": [
          "-1"
        ],
        "Pragma": [
          "no-cache"
        ],
        "Retry-After": [
          "15"
        ],
        "x-ms-ratelimit-remaining-subscription-reads": [
          "14998"
        ],
        "x-ms-request-id": [
          "f5d14376-f4cf-422f-82c4-af86625adbde"
        ],
        "x-ms-correlation-request-id": [
          "f5d14376-f4cf-422f-82c4-af86625adbde"
        ],
        "x-ms-routing-request-id": [
          "NORTHEUROPE:20180713T194209Z:f5d14376-f4cf-422f-82c4-af86625adbde"
        ],
        "Strict-Transport-Security": [
          "max-age=31536000; includeSubDomains"
        ],
        "X-Content-Type-Options": [
          "nosniff"
        ],
        "Cache-Control": [
          "no-cache"
        ],
        "Date": [
          "Fri, 13 Jul 2018 19:42:09 GMT"
        ],
        "Location": [
          "https://api-dogfood.resources.windows-int.net/subscriptions/c39dce18-cead-4065-8fb1-3af7683a5038/operationresults/eyJqb2JJZCI6IlJFU09VUkNFR1JPVVBERUxFVElPTkpPQi1QUzI5NTMtV0VTVFVTIiwiam9iTG9jYXRpb24iOiJ3ZXN0dXMifQ?api-version=2016-09-01"
        ]
      },
      "StatusCode": 202
    },
    {
      "RequestUri": "/subscriptions/c39dce18-cead-4065-8fb1-3af7683a5038/operationresults/eyJqb2JJZCI6IlJFU09VUkNFR1JPVVBERUxFVElPTkpPQi1QUzI5NTMtV0VTVFVTIiwiam9iTG9jYXRpb24iOiJ3ZXN0dXMifQ?api-version=2016-09-01",
      "EncodedRequestUri": "L3N1YnNjcmlwdGlvbnMvYzM5ZGNlMTgtY2VhZC00MDY1LThmYjEtM2FmNzY4M2E1MDM4L29wZXJhdGlvbnJlc3VsdHMvZXlKcWIySkpaQ0k2SWxKRlUwOVZVa05GUjFKUFZWQkVSVXhGVkVsUFRrcFBRaTFRVXpJNU5UTXRWMFZUVkZWVElpd2lhbTlpVEc5allYUnBiMjRpT2lKM1pYTjBkWE1pZlE/YXBpLXZlcnNpb249MjAxNi0wOS0wMQ==",
      "RequestMethod": "GET",
      "RequestBody": "",
      "RequestHeaders": {
        "User-Agent": [
          "FxVersion/4.7.2650.0",
          "OSName/Windows10Enterprise",
          "OSVersion/6.3.16299",
          "Microsoft.Azure.Management.Internal.Resources.ResourceManagementClient/4.1.0"
        ]
      },
      "ResponseBody": "",
      "ResponseHeaders": {
        "Content-Length": [
          "0"
        ],
        "Expires": [
          "-1"
        ],
        "Pragma": [
          "no-cache"
        ],
        "x-ms-ratelimit-remaining-subscription-reads": [
          "14997"
        ],
        "x-ms-request-id": [
          "d26489f9-091a-4a48-a511-c012bf496d4d"
        ],
        "x-ms-correlation-request-id": [
          "d26489f9-091a-4a48-a511-c012bf496d4d"
        ],
        "x-ms-routing-request-id": [
          "NORTHEUROPE:20180713T194224Z:d26489f9-091a-4a48-a511-c012bf496d4d"
        ],
        "Strict-Transport-Security": [
          "max-age=31536000; includeSubDomains"
        ],
        "X-Content-Type-Options": [
          "nosniff"
        ],
        "Cache-Control": [
          "no-cache"
        ],
        "Date": [
          "Fri, 13 Jul 2018 19:42:23 GMT"
        ]
      },
      "StatusCode": 200
    },
    {
      "RequestUri": "/subscriptions/c39dce18-cead-4065-8fb1-3af7683a5038/operationresults/eyJqb2JJZCI6IlJFU09VUkNFR1JPVVBERUxFVElPTkpPQi1QUzI5NTMtV0VTVFVTIiwiam9iTG9jYXRpb24iOiJ3ZXN0dXMifQ?api-version=2016-09-01",
      "EncodedRequestUri": "L3N1YnNjcmlwdGlvbnMvYzM5ZGNlMTgtY2VhZC00MDY1LThmYjEtM2FmNzY4M2E1MDM4L29wZXJhdGlvbnJlc3VsdHMvZXlKcWIySkpaQ0k2SWxKRlUwOVZVa05GUjFKUFZWQkVSVXhGVkVsUFRrcFBRaTFRVXpJNU5UTXRWMFZUVkZWVElpd2lhbTlpVEc5allYUnBiMjRpT2lKM1pYTjBkWE1pZlE/YXBpLXZlcnNpb249MjAxNi0wOS0wMQ==",
      "RequestMethod": "GET",
      "RequestBody": "",
      "RequestHeaders": {
        "User-Agent": [
          "FxVersion/4.7.2650.0",
          "OSName/Windows10Enterprise",
          "OSVersion/6.3.16299",
          "Microsoft.Azure.Management.Internal.Resources.ResourceManagementClient/4.1.0"
        ]
      },
      "ResponseBody": "",
      "ResponseHeaders": {
        "Content-Length": [
          "0"
        ],
        "Expires": [
          "-1"
        ],
        "Pragma": [
          "no-cache"
        ],
        "x-ms-ratelimit-remaining-subscription-reads": [
          "14996"
        ],
        "x-ms-request-id": [
          "867844c1-baab-4e7c-b0db-ff8a4962786d"
        ],
        "x-ms-correlation-request-id": [
          "867844c1-baab-4e7c-b0db-ff8a4962786d"
        ],
        "x-ms-routing-request-id": [
          "NORTHEUROPE:20180713T194225Z:867844c1-baab-4e7c-b0db-ff8a4962786d"
        ],
        "Strict-Transport-Security": [
          "max-age=31536000; includeSubDomains"
        ],
        "X-Content-Type-Options": [
          "nosniff"
        ],
        "Cache-Control": [
          "no-cache"
        ],
        "Date": [
          "Fri, 13 Jul 2018 19:42:24 GMT"
        ]
      },
      "StatusCode": 200
    }
  ],
  "Names": {
    "Test-SetFactoryVSTSNoTenant": [
      "ps473",
      "ps2953"
    ]
  },
  "Variables": {
    "SubscriptionId": "c39dce18-cead-4065-8fb1-3af7683a5038"
  }
}