{
  "Entries": [
    {
      "RequestUri": "/subscriptions/0661b131-4a11-479b-96bf-2f95acca2f73/resourcegroups/ps3620?api-version=2016-09-01",
      "EncodedRequestUri": "L3N1YnNjcmlwdGlvbnMvMDY2MWIxMzEtNGExMS00NzliLTk2YmYtMmY5NWFjY2EyZjczL3Jlc291cmNlZ3JvdXBzL3BzMzYyMD9hcGktdmVyc2lvbj0yMDE2LTA5LTAx",
      "RequestMethod": "PUT",
      "RequestHeaders": {
        "x-ms-client-request-id": [
          "85f7c2d4-3387-4036-bf64-0f7cd96f5e8c"
        ],
        "Accept-Language": [
          "en-US"
        ],
        "User-Agent": [
          "FxVersion/6.0.3324.36610",
          "OSName/Windows",
          "OSVersion/Microsoft.Windows.10.0.22631",
          "Microsoft.Azure.Management.Internal.Resources.ResourceManagementClient/1.3.101"
        ],
        "Content-Type": [
          "application/json; charset=utf-8"
        ],
        "Content-Length": [
          "73"
        ]
      },
      "RequestBody": "{\r\n  \"location\": \"westus2\",\r\n  \"tags\": {\r\n    \"Owner\": \"b-aubald\"\r\n  }\r\n}",
      "ResponseHeaders": {
        "Cache-Control": [
          "no-cache"
        ],
        "Pragma": [
          "no-cache"
        ],
        "x-ms-ratelimit-remaining-subscription-writes": [
          "799"
        ],
        "x-ms-ratelimit-remaining-subscription-global-writes": [
          "11999"
        ],
        "x-ms-request-id": [
          "fd46abc9-b56e-4327-8af0-ad29c9c21a12"
        ],
        "x-ms-correlation-request-id": [
          "fd46abc9-b56e-4327-8af0-ad29c9c21a12"
        ],
        "x-ms-routing-request-id": [
          "NORWAYWEST:20241022T083634Z:fd46abc9-b56e-4327-8af0-ad29c9c21a12"
        ],
        "Strict-Transport-Security": [
          "max-age=31536000; includeSubDomains"
        ],
        "X-Content-Type-Options": [
          "nosniff"
        ],
        "X-Cache": [
          "CONFIG_NOCACHE"
        ],
        "X-MSEdge-Ref": [
          "Ref A: 9E37A6B43C474D59ACE71637611D403F Ref B: AMS231020512049 Ref C: 2024-10-22T08:36:32Z"
        ],
        "Date": [
          "Tue, 22 Oct 2024 08:36:33 GMT"
        ],
        "Content-Length": [
          "262"
        ],
        "Content-Type": [
          "application/json; charset=utf-8"
        ],
        "Expires": [
          "-1"
        ]
      },
      "ResponseBody": "{\r\n  \"id\": \"/subscriptions/0661b131-4a11-479b-96bf-2f95acca2f73/resourceGroups/ps3620\",\r\n  \"name\": \"ps3620\",\r\n  \"location\": \"westus2\",\r\n  \"tags\": {\r\n    \"Owner\": \"b-aubald\",\r\n    \"CreatedOnDate\": \"2024-10-22T08:36:32.6839524Z\",\r\n    \"SkipNRMSNSG\": \"true\"\r\n  },\r\n  \"properties\": {\r\n    \"provisioningState\": \"Succeeded\"\r\n  }\r\n}",
      "StatusCode": 201
    },
    {
      "RequestUri": "/subscriptions/0661b131-4a11-479b-96bf-2f95acca2f73/resourceGroups/ps3620/providers/Microsoft.NetApp/netAppAccounts/ps6419?api-version=2024-07-01",
      "EncodedRequestUri": "L3N1YnNjcmlwdGlvbnMvMDY2MWIxMzEtNGExMS00NzliLTk2YmYtMmY5NWFjY2EyZjczL3Jlc291cmNlR3JvdXBzL3BzMzYyMC9wcm92aWRlcnMvTWljcm9zb2Z0Lk5ldEFwcC9uZXRBcHBBY2NvdW50cy9wczY0MTk/YXBpLXZlcnNpb249MjAyNC0wNy0wMQ==",
      "RequestMethod": "GET",
      "RequestHeaders": {
        "x-ms-client-request-id": [
          "64ad0b98-a67d-48ae-933b-3a8986057fe0"
        ],
        "Accept-Language": [
          "en-US"
        ],
        "User-Agent": [
          "FxVersion/6.0.3324.36610",
          "OSName/Windows",
          "OSVersion/Microsoft.Windows.10.0.22631",
          "Microsoft.Azure.Management.NetApp.NetAppManagementClient/0.0.0.0"
        ]
      },
      "RequestBody": "",
      "ResponseHeaders": {
        "Cache-Control": [
          "no-cache"
        ],
        "Pragma": [
          "no-cache"
        ],
        "x-ms-failure-cause": [
          "gateway"
        ],
        "x-ms-request-id": [
          "a422542d-d0a7-4fa8-8072-fe15053b98bc"
        ],
        "x-ms-correlation-request-id": [
          "a422542d-d0a7-4fa8-8072-fe15053b98bc"
        ],
        "x-ms-routing-request-id": [
          "GERMANYWESTCENTRAL:20241022T083635Z:a422542d-d0a7-4fa8-8072-fe15053b98bc"
        ],
        "Strict-Transport-Security": [
          "max-age=31536000; includeSubDomains"
        ],
        "X-Content-Type-Options": [
          "nosniff"
        ],
        "X-Cache": [
          "CONFIG_NOCACHE"
        ],
        "X-MSEdge-Ref": [
          "Ref A: A993FFC0722A44C29B332018B3966D2E Ref B: AMS231020615029 Ref C: 2024-10-22T08:36:34Z"
        ],
        "Date": [
          "Tue, 22 Oct 2024 08:36:35 GMT"
        ],
        "Content-Length": [
          "216"
        ],
        "Content-Type": [
          "application/json; charset=utf-8"
        ],
        "Expires": [
          "-1"
        ]
      },
      "ResponseBody": "{\r\n  \"error\": {\r\n    \"code\": \"ResourceNotFound\",\r\n    \"message\": \"The Resource 'Microsoft.NetApp/netAppAccounts/ps6419' under resource group 'ps3620' was not found. For more details please go to https://aka.ms/ARMResourceNotFoundFix\"\r\n  }\r\n}",
      "StatusCode": 404
    },
    {
      "RequestUri": "/subscriptions/0661b131-4a11-479b-96bf-2f95acca2f73/resourceGroups/ps3620/providers/Microsoft.NetApp/netAppAccounts/ps6419?api-version=2024-07-01",
      "EncodedRequestUri": "L3N1YnNjcmlwdGlvbnMvMDY2MWIxMzEtNGExMS00NzliLTk2YmYtMmY5NWFjY2EyZjczL3Jlc291cmNlR3JvdXBzL3BzMzYyMC9wcm92aWRlcnMvTWljcm9zb2Z0Lk5ldEFwcC9uZXRBcHBBY2NvdW50cy9wczY0MTk/YXBpLXZlcnNpb249MjAyNC0wNy0wMQ==",
      "RequestMethod": "GET",
      "RequestHeaders": {
        "x-ms-client-request-id": [
          "64ad0b98-a67d-48ae-933b-3a8986057fe0"
        ],
        "User-Agent": [
          "FxVersion/6.0.3324.36610",
          "OSName/Windows",
          "OSVersion/Microsoft.Windows.10.0.22631",
          "Microsoft.Azure.Management.NetApp.NetAppManagementClient/0.0.0.0"
        ]
      },
      "RequestBody": "",
      "ResponseHeaders": {
        "Cache-Control": [
          "no-cache"
        ],
        "Pragma": [
          "no-cache"
        ],
        "ETag": [
          "W/\"datetime'2024-10-22T08%3A36%3A38.3111866Z'\""
        ],
        "x-ms-request-id": [
          "58b8cdf1-dced-4b3b-ad8f-a60fad4d35ea"
        ],
        "Strict-Transport-Security": [
          "max-age=31536000; includeSubDomains"
        ],
        "X-Powered-By": [
          "ASP.NET"
        ],
        "x-ms-ratelimit-remaining-subscription-reads": [
          "1099"
        ],
        "x-ms-ratelimit-remaining-subscription-global-reads": [
          "16499"
        ],
        "x-ms-correlation-request-id": [
          "03846e3e-41a7-4a62-b7c8-9b4214def306"
        ],
        "x-ms-routing-request-id": [
          "FRANCESOUTH:20241022T083712Z:03846e3e-41a7-4a62-b7c8-9b4214def306"
        ],
        "X-Content-Type-Options": [
          "nosniff"
        ],
        "X-Cache": [
          "CONFIG_NOCACHE"
        ],
        "X-MSEdge-Ref": [
          "Ref A: CE78AB20685A4E1B902CE10B3A437E0D Ref B: AMS231020615029 Ref C: 2024-10-22T08:37:10Z"
        ],
        "Date": [
          "Tue, 22 Oct 2024 08:37:11 GMT"
        ],
        "Content-Length": [
          "669"
        ],
        "Content-Type": [
          "application/json; charset=utf-8"
        ],
        "Expires": [
          "-1"
        ]
      },
      "ResponseBody": "{\r\n  \"id\": \"/subscriptions/0661b131-4a11-479b-96bf-2f95acca2f73/resourceGroups/ps3620/providers/Microsoft.NetApp/netAppAccounts/ps6419\",\r\n  \"name\": \"ps6419\",\r\n  \"type\": \"Microsoft.NetApp/netAppAccounts\",\r\n  \"etag\": \"W/\\\"datetime'2024-10-22T08%3A36%3A38.3111866Z'\\\"\",\r\n  \"location\": \"westus2\",\r\n  \"tags\": {\r\n    \"tag1\": \"tagValue1\",\r\n    \"CreatedOnDate\": \"2024-10-22T08:36:36.2378446Z\"\r\n  },\r\n  \"properties\": {\r\n    \"encryption\": {\r\n      \"keySource\": \"Microsoft.NetApp\"\r\n    },\r\n    \"provisioningState\": \"Succeeded\"\r\n  },\r\n  \"systemData\": {\r\n    \"createdBy\": \"b-aubald@microsoft.com\",\r\n    \"createdByType\": \"User\",\r\n    \"createdAt\": \"2024-10-22T08:36:37.642525Z\",\r\n    \"lastModifiedBy\": \"b-aubald@microsoft.com\",\r\n    \"lastModifiedByType\": \"User\",\r\n    \"lastModifiedAt\": \"2024-10-22T08:36:37.642525Z\"\r\n  }\r\n}",
      "StatusCode": 200
    },
    {
      "RequestUri": "/subscriptions/0661b131-4a11-479b-96bf-2f95acca2f73/resourceGroups/ps3620/providers/Microsoft.NetApp/netAppAccounts/ps6419?api-version=2024-07-01",
      "EncodedRequestUri": "L3N1YnNjcmlwdGlvbnMvMDY2MWIxMzEtNGExMS00NzliLTk2YmYtMmY5NWFjY2EyZjczL3Jlc291cmNlR3JvdXBzL3BzMzYyMC9wcm92aWRlcnMvTWljcm9zb2Z0Lk5ldEFwcC9uZXRBcHBBY2NvdW50cy9wczY0MTk/YXBpLXZlcnNpb249MjAyNC0wNy0wMQ==",
      "RequestMethod": "GET",
      "RequestHeaders": {
        "x-ms-client-request-id": [
          "652d4ad4-38d0-40fe-8996-e8105ddc13d7"
        ],
        "Accept-Language": [
          "en-US"
        ],
        "User-Agent": [
          "FxVersion/6.0.3324.36610",
          "OSName/Windows",
          "OSVersion/Microsoft.Windows.10.0.22631",
          "Microsoft.Azure.Management.NetApp.NetAppManagementClient/0.0.0.0"
        ]
      },
      "RequestBody": "",
      "ResponseHeaders": {
        "Cache-Control": [
          "no-cache"
        ],
        "Pragma": [
          "no-cache"
        ],
        "ETag": [
          "W/\"datetime'2024-10-22T08%3A36%3A38.3111866Z'\""
        ],
        "x-ms-request-id": [
          "9f9e2ea1-206c-47f1-b9db-39ebf919c321"
        ],
        "Strict-Transport-Security": [
          "max-age=31536000; includeSubDomains"
        ],
        "X-Powered-By": [
          "ASP.NET"
        ],
        "x-ms-ratelimit-remaining-subscription-reads": [
          "1099"
        ],
        "x-ms-ratelimit-remaining-subscription-global-reads": [
          "16499"
        ],
        "x-ms-correlation-request-id": [
          "46525c2b-e5fd-466a-960f-6e01c0a6c658"
        ],
        "x-ms-routing-request-id": [
          "SPAINCENTRAL:20241022T083713Z:46525c2b-e5fd-466a-960f-6e01c0a6c658"
        ],
        "X-Content-Type-Options": [
          "nosniff"
        ],
        "X-Cache": [
          "CONFIG_NOCACHE"
        ],
        "X-MSEdge-Ref": [
          "Ref A: D59CD8C2C82F4D2B9B4E75D4271B1EF6 Ref B: AMS231020512047 Ref C: 2024-10-22T08:37:12Z"
        ],
        "Date": [
          "Tue, 22 Oct 2024 08:37:12 GMT"
        ],
        "Content-Length": [
          "669"
        ],
        "Content-Type": [
          "application/json; charset=utf-8"
        ],
        "Expires": [
          "-1"
        ]
      },
      "ResponseBody": "{\r\n  \"id\": \"/subscriptions/0661b131-4a11-479b-96bf-2f95acca2f73/resourceGroups/ps3620/providers/Microsoft.NetApp/netAppAccounts/ps6419\",\r\n  \"name\": \"ps6419\",\r\n  \"type\": \"Microsoft.NetApp/netAppAccounts\",\r\n  \"etag\": \"W/\\\"datetime'2024-10-22T08%3A36%3A38.3111866Z'\\\"\",\r\n  \"location\": \"westus2\",\r\n  \"tags\": {\r\n    \"tag1\": \"tagValue1\",\r\n    \"CreatedOnDate\": \"2024-10-22T08:36:36.2378446Z\"\r\n  },\r\n  \"properties\": {\r\n    \"encryption\": {\r\n      \"keySource\": \"Microsoft.NetApp\"\r\n    },\r\n    \"provisioningState\": \"Succeeded\"\r\n  },\r\n  \"systemData\": {\r\n    \"createdBy\": \"b-aubald@microsoft.com\",\r\n    \"createdByType\": \"User\",\r\n    \"createdAt\": \"2024-10-22T08:36:37.642525Z\",\r\n    \"lastModifiedBy\": \"b-aubald@microsoft.com\",\r\n    \"lastModifiedByType\": \"User\",\r\n    \"lastModifiedAt\": \"2024-10-22T08:36:37.642525Z\"\r\n  }\r\n}",
      "StatusCode": 200
    },
    {
      "RequestUri": "/subscriptions/0661b131-4a11-479b-96bf-2f95acca2f73/resourceGroups/ps3620/providers/Microsoft.NetApp/netAppAccounts/ps6419?api-version=2024-07-01",
      "EncodedRequestUri": "L3N1YnNjcmlwdGlvbnMvMDY2MWIxMzEtNGExMS00NzliLTk2YmYtMmY5NWFjY2EyZjczL3Jlc291cmNlR3JvdXBzL3BzMzYyMC9wcm92aWRlcnMvTWljcm9zb2Z0Lk5ldEFwcC9uZXRBcHBBY2NvdW50cy9wczY0MTk/YXBpLXZlcnNpb249MjAyNC0wNy0wMQ==",
      "RequestMethod": "GET",
      "RequestHeaders": {
        "x-ms-client-request-id": [
          "652d4ad4-38d0-40fe-8996-e8105ddc13d7"
        ],
        "User-Agent": [
          "FxVersion/6.0.3324.36610",
          "OSName/Windows",
          "OSVersion/Microsoft.Windows.10.0.22631",
          "Microsoft.Azure.Management.NetApp.NetAppManagementClient/0.0.0.0"
        ]
      },
      "RequestBody": "",
      "ResponseHeaders": {
        "Cache-Control": [
          "no-cache"
        ],
        "Pragma": [
          "no-cache"
        ],
        "ETag": [
          "W/\"datetime'2024-10-22T08%3A37%3A15.1846233Z'\""
        ],
        "x-ms-request-id": [
          "4e94d814-9cd7-42e8-96f4-e0f9e395479f"
        ],
        "Strict-Transport-Security": [
          "max-age=31536000; includeSubDomains"
        ],
        "X-Powered-By": [
          "ASP.NET"
        ],
        "x-ms-ratelimit-remaining-subscription-reads": [
          "1099"
        ],
        "x-ms-ratelimit-remaining-subscription-global-reads": [
          "16499"
        ],
        "x-ms-correlation-request-id": [
          "1e019ffe-2c6d-4155-9d05-8f9d53faa457"
        ],
        "x-ms-routing-request-id": [
          "NORTHEUROPE:20241022T083746Z:1e019ffe-2c6d-4155-9d05-8f9d53faa457"
        ],
        "X-Content-Type-Options": [
          "nosniff"
        ],
        "X-Cache": [
          "CONFIG_NOCACHE"
        ],
        "X-MSEdge-Ref": [
          "Ref A: FCF8CE9B0AFC4B0EB48BB8241E3C6134 Ref B: AMS231020512047 Ref C: 2024-10-22T08:37:45Z"
        ],
        "Date": [
          "Tue, 22 Oct 2024 08:37:45 GMT"
        ],
        "Content-Length": [
          "1092"
        ],
        "Content-Type": [
          "application/json; charset=utf-8"
        ],
        "Expires": [
          "-1"
        ]
      },
      "ResponseBody": "{\r\n  \"id\": \"/subscriptions/0661b131-4a11-479b-96bf-2f95acca2f73/resourceGroups/ps3620/providers/Microsoft.NetApp/netAppAccounts/ps6419\",\r\n  \"name\": \"ps6419\",\r\n  \"type\": \"Microsoft.NetApp/netAppAccounts\",\r\n  \"etag\": \"W/\\\"datetime'2024-10-22T08%3A37%3A15.1846233Z'\\\"\",\r\n  \"location\": \"westus2\",\r\n  \"tags\": {\r\n    \"tag1\": \"tagValue1\",\r\n    \"CreatedOnDate\": \"2024-10-22T08:36:36.2378446Z\"\r\n  },\r\n  \"properties\": {\r\n    \"provisioningState\": \"Succeeded\",\r\n    \"activeDirectories\": [\r\n      {\r\n        \"activeDirectoryId\": \"72aa5148-bf5a-1d86-f0c5-d88903b8e44d\",\r\n        \"username\": \"sdkuser\",\r\n        \"password\": \"****************\",\r\n        \"domain\": \"sdkdomain\",\r\n        \"dns\": \"192.0.2.2\",\r\n        \"status\": \"Created\",\r\n        \"smbServerName\": \"PSSMBSName\",\r\n        \"organizationalUnit\": \"CN=Computers\",\r\n        \"adName\": \"ps7652\",\r\n        \"aesEncryption\": false,\r\n        \"ldapSigning\": false,\r\n        \"ldapOverTLS\": false,\r\n        \"allowLocalNfsUsersWithLdap\": false,\r\n        \"encryptDCConnections\": false,\r\n        \"ldapSearchScope\": {}\r\n      }\r\n    ],\r\n    \"encryption\": {\r\n      \"keySource\": \"Microsoft.NetApp\"\r\n    }\r\n  },\r\n  \"systemData\": {\r\n    \"createdBy\": \"b-aubald@microsoft.com\",\r\n    \"createdByType\": \"User\",\r\n    \"createdAt\": \"2024-10-22T08:36:37.642525Z\",\r\n    \"lastModifiedBy\": \"b-aubald@microsoft.com\",\r\n    \"lastModifiedByType\": \"User\",\r\n    \"lastModifiedAt\": \"2024-10-22T08:37:14.4019395Z\"\r\n  }\r\n}",
      "StatusCode": 200
    },
    {
      "RequestUri": "/subscriptions/0661b131-4a11-479b-96bf-2f95acca2f73/resourceGroups/ps3620/providers/Microsoft.NetApp/netAppAccounts/ps6419?api-version=2024-07-01",
      "EncodedRequestUri": "L3N1YnNjcmlwdGlvbnMvMDY2MWIxMzEtNGExMS00NzliLTk2YmYtMmY5NWFjY2EyZjczL3Jlc291cmNlR3JvdXBzL3BzMzYyMC9wcm92aWRlcnMvTWljcm9zb2Z0Lk5ldEFwcC9uZXRBcHBBY2NvdW50cy9wczY0MTk/YXBpLXZlcnNpb249MjAyNC0wNy0wMQ==",
      "RequestMethod": "GET",
      "RequestHeaders": {
        "x-ms-client-request-id": [
          "62aa6d0d-42f5-4bc5-96af-e7bb8a729053"
        ],
        "Accept-Language": [
          "en-US"
        ],
        "User-Agent": [
          "FxVersion/6.0.3324.36610",
          "OSName/Windows",
          "OSVersion/Microsoft.Windows.10.0.22631",
          "Microsoft.Azure.Management.NetApp.NetAppManagementClient/0.0.0.0"
        ]
      },
      "RequestBody": "",
      "ResponseHeaders": {
        "Cache-Control": [
          "no-cache"
        ],
        "Pragma": [
          "no-cache"
        ],
        "ETag": [
          "W/\"datetime'2024-10-22T08%3A37%3A15.1846233Z'\""
        ],
        "x-ms-request-id": [
          "310e5c86-ff8a-4289-a918-e6fc1c68d1e6"
        ],
        "Strict-Transport-Security": [
          "max-age=31536000; includeSubDomains"
        ],
        "X-Powered-By": [
          "ASP.NET"
        ],
        "x-ms-ratelimit-remaining-subscription-reads": [
          "1099"
        ],
        "x-ms-ratelimit-remaining-subscription-global-reads": [
          "16499"
        ],
        "x-ms-correlation-request-id": [
          "55b1b483-1e55-44c9-9517-686f3b2c3210"
        ],
        "x-ms-routing-request-id": [
          "UKWEST:20241022T083747Z:55b1b483-1e55-44c9-9517-686f3b2c3210"
        ],
        "X-Content-Type-Options": [
          "nosniff"
        ],
        "X-Cache": [
          "CONFIG_NOCACHE"
        ],
        "X-MSEdge-Ref": [
          "Ref A: BACE382E10584FCBA50861BCFC0C03CF Ref B: AMS231020614011 Ref C: 2024-10-22T08:37:46Z"
        ],
        "Date": [
          "Tue, 22 Oct 2024 08:37:46 GMT"
        ],
        "Content-Length": [
          "1092"
        ],
        "Content-Type": [
          "application/json; charset=utf-8"
        ],
        "Expires": [
          "-1"
        ]
      },
      "ResponseBody": "{\r\n  \"id\": \"/subscriptions/0661b131-4a11-479b-96bf-2f95acca2f73/resourceGroups/ps3620/providers/Microsoft.NetApp/netAppAccounts/ps6419\",\r\n  \"name\": \"ps6419\",\r\n  \"type\": \"Microsoft.NetApp/netAppAccounts\",\r\n  \"etag\": \"W/\\\"datetime'2024-10-22T08%3A37%3A15.1846233Z'\\\"\",\r\n  \"location\": \"westus2\",\r\n  \"tags\": {\r\n    \"tag1\": \"tagValue1\",\r\n    \"CreatedOnDate\": \"2024-10-22T08:36:36.2378446Z\"\r\n  },\r\n  \"properties\": {\r\n    \"provisioningState\": \"Succeeded\",\r\n    \"activeDirectories\": [\r\n      {\r\n        \"activeDirectoryId\": \"72aa5148-bf5a-1d86-f0c5-d88903b8e44d\",\r\n        \"username\": \"sdkuser\",\r\n        \"password\": \"****************\",\r\n        \"domain\": \"sdkdomain\",\r\n        \"dns\": \"192.0.2.2\",\r\n        \"status\": \"Created\",\r\n        \"smbServerName\": \"PSSMBSName\",\r\n        \"organizationalUnit\": \"CN=Computers\",\r\n        \"adName\": \"ps7652\",\r\n        \"aesEncryption\": false,\r\n        \"ldapSigning\": false,\r\n        \"ldapOverTLS\": false,\r\n        \"allowLocalNfsUsersWithLdap\": false,\r\n        \"encryptDCConnections\": false,\r\n        \"ldapSearchScope\": {}\r\n      }\r\n    ],\r\n    \"encryption\": {\r\n      \"keySource\": \"Microsoft.NetApp\"\r\n    }\r\n  },\r\n  \"systemData\": {\r\n    \"createdBy\": \"b-aubald@microsoft.com\",\r\n    \"createdByType\": \"User\",\r\n    \"createdAt\": \"2024-10-22T08:36:37.642525Z\",\r\n    \"lastModifiedBy\": \"b-aubald@microsoft.com\",\r\n    \"lastModifiedByType\": \"User\",\r\n    \"lastModifiedAt\": \"2024-10-22T08:37:14.4019395Z\"\r\n  }\r\n}",
      "StatusCode": 200
    },
    {
      "RequestUri": "/subscriptions/0661b131-4a11-479b-96bf-2f95acca2f73/resourceGroups/ps3620/providers/Microsoft.NetApp/netAppAccounts/ps6419?api-version=2024-07-01",
      "EncodedRequestUri": "L3N1YnNjcmlwdGlvbnMvMDY2MWIxMzEtNGExMS00NzliLTk2YmYtMmY5NWFjY2EyZjczL3Jlc291cmNlR3JvdXBzL3BzMzYyMC9wcm92aWRlcnMvTWljcm9zb2Z0Lk5ldEFwcC9uZXRBcHBBY2NvdW50cy9wczY0MTk/YXBpLXZlcnNpb249MjAyNC0wNy0wMQ==",
      "RequestMethod": "GET",
      "RequestHeaders": {
        "x-ms-client-request-id": [
          "79e0403e-bf9b-4b77-afb5-f3c0d36df7a9"
        ],
        "Accept-Language": [
          "en-US"
        ],
        "User-Agent": [
          "FxVersion/6.0.3324.36610",
          "OSName/Windows",
          "OSVersion/Microsoft.Windows.10.0.22631",
          "Microsoft.Azure.Management.NetApp.NetAppManagementClient/0.0.0.0"
        ]
      },
      "RequestBody": "",
      "ResponseHeaders": {
        "Cache-Control": [
          "no-cache"
        ],
        "Pragma": [
          "no-cache"
        ],
        "ETag": [
          "W/\"datetime'2024-10-22T08%3A37%3A15.1846233Z'\""
        ],
        "x-ms-request-id": [
          "e9c649cc-7eb7-4da3-8d6f-32ea070da419"
        ],
        "Strict-Transport-Security": [
          "max-age=31536000; includeSubDomains"
        ],
        "X-Powered-By": [
          "ASP.NET"
        ],
        "x-ms-ratelimit-remaining-subscription-reads": [
          "1099"
        ],
        "x-ms-ratelimit-remaining-subscription-global-reads": [
          "16499"
        ],
        "x-ms-correlation-request-id": [
          "926fd4d3-2df6-4873-bddd-3f75dc32eee8"
        ],
        "x-ms-routing-request-id": [
          "NORTHEUROPE:20241022T083748Z:926fd4d3-2df6-4873-bddd-3f75dc32eee8"
        ],
        "X-Content-Type-Options": [
          "nosniff"
        ],
        "X-Cache": [
          "CONFIG_NOCACHE"
        ],
        "X-MSEdge-Ref": [
          "Ref A: 9F38BB04F6594F23B05D7A89CA63B88B Ref B: AMS231020512033 Ref C: 2024-10-22T08:37:47Z"
        ],
        "Date": [
          "Tue, 22 Oct 2024 08:37:48 GMT"
        ],
        "Content-Length": [
          "1092"
        ],
        "Content-Type": [
          "application/json; charset=utf-8"
        ],
        "Expires": [
          "-1"
        ]
      },
      "ResponseBody": "{\r\n  \"id\": \"/subscriptions/0661b131-4a11-479b-96bf-2f95acca2f73/resourceGroups/ps3620/providers/Microsoft.NetApp/netAppAccounts/ps6419\",\r\n  \"name\": \"ps6419\",\r\n  \"type\": \"Microsoft.NetApp/netAppAccounts\",\r\n  \"etag\": \"W/\\\"datetime'2024-10-22T08%3A37%3A15.1846233Z'\\\"\",\r\n  \"location\": \"westus2\",\r\n  \"tags\": {\r\n    \"tag1\": \"tagValue1\",\r\n    \"CreatedOnDate\": \"2024-10-22T08:36:36.2378446Z\"\r\n  },\r\n  \"properties\": {\r\n    \"provisioningState\": \"Succeeded\",\r\n    \"activeDirectories\": [\r\n      {\r\n        \"activeDirectoryId\": \"72aa5148-bf5a-1d86-f0c5-d88903b8e44d\",\r\n        \"username\": \"sdkuser\",\r\n        \"password\": \"****************\",\r\n        \"domain\": \"sdkdomain\",\r\n        \"dns\": \"192.0.2.2\",\r\n        \"status\": \"Created\",\r\n        \"smbServerName\": \"PSSMBSName\",\r\n        \"organizationalUnit\": \"CN=Computers\",\r\n        \"adName\": \"ps7652\",\r\n        \"aesEncryption\": false,\r\n        \"ldapSigning\": false,\r\n        \"ldapOverTLS\": false,\r\n        \"allowLocalNfsUsersWithLdap\": false,\r\n        \"encryptDCConnections\": false,\r\n        \"ldapSearchScope\": {}\r\n      }\r\n    ],\r\n    \"encryption\": {\r\n      \"keySource\": \"Microsoft.NetApp\"\r\n    }\r\n  },\r\n  \"systemData\": {\r\n    \"createdBy\": \"b-aubald@microsoft.com\",\r\n    \"createdByType\": \"User\",\r\n    \"createdAt\": \"2024-10-22T08:36:37.642525Z\",\r\n    \"lastModifiedBy\": \"b-aubald@microsoft.com\",\r\n    \"lastModifiedByType\": \"User\",\r\n    \"lastModifiedAt\": \"2024-10-22T08:37:14.4019395Z\"\r\n  }\r\n}",
      "StatusCode": 200
    },
    {
      "RequestUri": "/subscriptions/0661b131-4a11-479b-96bf-2f95acca2f73/resourceGroups/ps3620/providers/Microsoft.NetApp/netAppAccounts/ps6419?api-version=2024-07-01",
      "EncodedRequestUri": "L3N1YnNjcmlwdGlvbnMvMDY2MWIxMzEtNGExMS00NzliLTk2YmYtMmY5NWFjY2EyZjczL3Jlc291cmNlR3JvdXBzL3BzMzYyMC9wcm92aWRlcnMvTWljcm9zb2Z0Lk5ldEFwcC9uZXRBcHBBY2NvdW50cy9wczY0MTk/YXBpLXZlcnNpb249MjAyNC0wNy0wMQ==",
      "RequestMethod": "GET",
      "RequestHeaders": {
        "x-ms-client-request-id": [
          "cafb9a71-a948-44d1-a069-229a95f21321"
        ],
        "Accept-Language": [
          "en-US"
        ],
        "User-Agent": [
          "FxVersion/6.0.3324.36610",
          "OSName/Windows",
          "OSVersion/Microsoft.Windows.10.0.22631",
          "Microsoft.Azure.Management.NetApp.NetAppManagementClient/0.0.0.0"
        ]
      },
      "RequestBody": "",
      "ResponseHeaders": {
        "Cache-Control": [
          "no-cache"
        ],
        "Pragma": [
          "no-cache"
        ],
        "ETag": [
          "W/\"datetime'2024-10-22T08%3A37%3A15.1846233Z'\""
        ],
        "x-ms-request-id": [
          "290233d6-153c-4782-a216-cdafad5251c7"
        ],
        "Strict-Transport-Security": [
          "max-age=31536000; includeSubDomains"
        ],
        "X-Powered-By": [
          "ASP.NET"
        ],
        "x-ms-ratelimit-remaining-subscription-reads": [
          "1099"
        ],
        "x-ms-ratelimit-remaining-subscription-global-reads": [
          "16499"
        ],
        "x-ms-correlation-request-id": [
          "92246fbd-5d28-4092-a380-e9016a600fa9"
        ],
        "x-ms-routing-request-id": [
          "UKWEST:20241022T083749Z:92246fbd-5d28-4092-a380-e9016a600fa9"
        ],
        "X-Content-Type-Options": [
          "nosniff"
        ],
        "X-Cache": [
          "CONFIG_NOCACHE"
        ],
        "X-MSEdge-Ref": [
          "Ref A: E20CAA516C2B4F31B3DED259DEE16F95 Ref B: AMS231020614047 Ref C: 2024-10-22T08:37:48Z"
        ],
        "Date": [
          "Tue, 22 Oct 2024 08:37:49 GMT"
        ],
        "Content-Length": [
          "1092"
        ],
        "Content-Type": [
          "application/json; charset=utf-8"
        ],
        "Expires": [
          "-1"
        ]
      },
      "ResponseBody": "{\r\n  \"id\": \"/subscriptions/0661b131-4a11-479b-96bf-2f95acca2f73/resourceGroups/ps3620/providers/Microsoft.NetApp/netAppAccounts/ps6419\",\r\n  \"name\": \"ps6419\",\r\n  \"type\": \"Microsoft.NetApp/netAppAccounts\",\r\n  \"etag\": \"W/\\\"datetime'2024-10-22T08%3A37%3A15.1846233Z'\\\"\",\r\n  \"location\": \"westus2\",\r\n  \"tags\": {\r\n    \"tag1\": \"tagValue1\",\r\n    \"CreatedOnDate\": \"2024-10-22T08:36:36.2378446Z\"\r\n  },\r\n  \"properties\": {\r\n    \"provisioningState\": \"Succeeded\",\r\n    \"activeDirectories\": [\r\n      {\r\n        \"activeDirectoryId\": \"72aa5148-bf5a-1d86-f0c5-d88903b8e44d\",\r\n        \"username\": \"sdkuser\",\r\n        \"password\": \"****************\",\r\n        \"domain\": \"sdkdomain\",\r\n        \"dns\": \"192.0.2.2\",\r\n        \"status\": \"Created\",\r\n        \"smbServerName\": \"PSSMBSName\",\r\n        \"organizationalUnit\": \"CN=Computers\",\r\n        \"adName\": \"ps7652\",\r\n        \"aesEncryption\": false,\r\n        \"ldapSigning\": false,\r\n        \"ldapOverTLS\": false,\r\n        \"allowLocalNfsUsersWithLdap\": false,\r\n        \"encryptDCConnections\": false,\r\n        \"ldapSearchScope\": {}\r\n      }\r\n    ],\r\n    \"encryption\": {\r\n      \"keySource\": \"Microsoft.NetApp\"\r\n    }\r\n  },\r\n  \"systemData\": {\r\n    \"createdBy\": \"b-aubald@microsoft.com\",\r\n    \"createdByType\": \"User\",\r\n    \"createdAt\": \"2024-10-22T08:36:37.642525Z\",\r\n    \"lastModifiedBy\": \"b-aubald@microsoft.com\",\r\n    \"lastModifiedByType\": \"User\",\r\n    \"lastModifiedAt\": \"2024-10-22T08:37:14.4019395Z\"\r\n  }\r\n}",
      "StatusCode": 200
    },
    {
      "RequestUri": "/subscriptions/0661b131-4a11-479b-96bf-2f95acca2f73/resourceGroups/ps3620/providers/Microsoft.NetApp/netAppAccounts/ps6419?api-version=2024-07-01",
      "EncodedRequestUri": "L3N1YnNjcmlwdGlvbnMvMDY2MWIxMzEtNGExMS00NzliLTk2YmYtMmY5NWFjY2EyZjczL3Jlc291cmNlR3JvdXBzL3BzMzYyMC9wcm92aWRlcnMvTWljcm9zb2Z0Lk5ldEFwcC9uZXRBcHBBY2NvdW50cy9wczY0MTk/YXBpLXZlcnNpb249MjAyNC0wNy0wMQ==",
      "RequestMethod": "GET",
      "RequestHeaders": {
        "x-ms-client-request-id": [
          "cafb9a71-a948-44d1-a069-229a95f21321"
        ],
        "User-Agent": [
          "FxVersion/6.0.3324.36610",
          "OSName/Windows",
          "OSVersion/Microsoft.Windows.10.0.22631",
          "Microsoft.Azure.Management.NetApp.NetAppManagementClient/0.0.0.0"
        ]
      },
      "RequestBody": "",
      "ResponseHeaders": {
        "Cache-Control": [
          "no-cache"
        ],
        "Pragma": [
          "no-cache"
        ],
        "ETag": [
          "W/\"datetime'2024-10-22T08%3A37%3A51.4377782Z'\""
        ],
        "x-ms-request-id": [
          "e127b049-892e-477e-8051-5b1ec82bacfb"
        ],
        "Strict-Transport-Security": [
          "max-age=31536000; includeSubDomains"
        ],
        "X-Powered-By": [
          "ASP.NET"
        ],
        "x-ms-ratelimit-remaining-subscription-reads": [
          "1099"
        ],
        "x-ms-ratelimit-remaining-subscription-global-reads": [
          "16499"
        ],
        "x-ms-correlation-request-id": [
          "b7a4a1b4-6875-4220-9aa1-c82b4ae6e287"
        ],
        "x-ms-routing-request-id": [
          "UKWEST:20241022T083823Z:b7a4a1b4-6875-4220-9aa1-c82b4ae6e287"
        ],
        "X-Content-Type-Options": [
          "nosniff"
        ],
        "X-Cache": [
          "CONFIG_NOCACHE"
        ],
        "X-MSEdge-Ref": [
          "Ref A: E41D4B2B5BB8438EB763361C009B07DA Ref B: AMS231020614047 Ref C: 2024-10-22T08:38:22Z"
        ],
        "Date": [
          "Tue, 22 Oct 2024 08:38:22 GMT"
        ],
        "Content-Length": [
          "1092"
        ],
        "Content-Type": [
          "application/json; charset=utf-8"
        ],
        "Expires": [
          "-1"
        ]
      },
      "ResponseBody": "{\r\n  \"id\": \"/subscriptions/0661b131-4a11-479b-96bf-2f95acca2f73/resourceGroups/ps3620/providers/Microsoft.NetApp/netAppAccounts/ps6419\",\r\n  \"name\": \"ps6419\",\r\n  \"type\": \"Microsoft.NetApp/netAppAccounts\",\r\n  \"etag\": \"W/\\\"datetime'2024-10-22T08%3A37%3A51.4377782Z'\\\"\",\r\n  \"location\": \"westus2\",\r\n  \"tags\": {\r\n    \"tag1\": \"tagValue1\",\r\n    \"CreatedOnDate\": \"2024-10-22T08:36:36.2378446Z\"\r\n  },\r\n  \"properties\": {\r\n    \"provisioningState\": \"Succeeded\",\r\n    \"activeDirectories\": [\r\n      {\r\n        \"activeDirectoryId\": \"72aa5148-bf5a-1d86-f0c5-d88903b8e44d\",\r\n        \"username\": \"sdkuser\",\r\n        \"password\": \"****************\",\r\n        \"domain\": \"sdkdomain\",\r\n        \"dns\": \"192.0.2.2\",\r\n        \"status\": \"Created\",\r\n        \"smbServerName\": \"PSMBSName2\",\r\n        \"organizationalUnit\": \"CN=Computers\",\r\n        \"adName\": \"ps7652\",\r\n        \"aesEncryption\": false,\r\n        \"ldapSigning\": false,\r\n        \"ldapOverTLS\": false,\r\n        \"allowLocalNfsUsersWithLdap\": false,\r\n        \"encryptDCConnections\": false,\r\n        \"ldapSearchScope\": {}\r\n      }\r\n    ],\r\n    \"encryption\": {\r\n      \"keySource\": \"Microsoft.NetApp\"\r\n    }\r\n  },\r\n  \"systemData\": {\r\n    \"createdBy\": \"b-aubald@microsoft.com\",\r\n    \"createdByType\": \"User\",\r\n    \"createdAt\": \"2024-10-22T08:36:37.642525Z\",\r\n    \"lastModifiedBy\": \"b-aubald@microsoft.com\",\r\n    \"lastModifiedByType\": \"User\",\r\n    \"lastModifiedAt\": \"2024-10-22T08:37:50.6988936Z\"\r\n  }\r\n}",
      "StatusCode": 200
    },
    {
      "RequestUri": "/subscriptions/0661b131-4a11-479b-96bf-2f95acca2f73/resourceGroups/ps3620/providers/Microsoft.NetApp/netAppAccounts/ps6419?api-version=2024-07-01",
      "EncodedRequestUri": "L3N1YnNjcmlwdGlvbnMvMDY2MWIxMzEtNGExMS00NzliLTk2YmYtMmY5NWFjY2EyZjczL3Jlc291cmNlR3JvdXBzL3BzMzYyMC9wcm92aWRlcnMvTWljcm9zb2Z0Lk5ldEFwcC9uZXRBcHBBY2NvdW50cy9wczY0MTk/YXBpLXZlcnNpb249MjAyNC0wNy0wMQ==",
      "RequestMethod": "GET",
      "RequestHeaders": {
        "x-ms-client-request-id": [
          "9454cffb-db26-46e9-a0bd-83add3959c4a"
        ],
        "Accept-Language": [
          "en-US"
        ],
        "User-Agent": [
          "FxVersion/6.0.3324.36610",
          "OSName/Windows",
          "OSVersion/Microsoft.Windows.10.0.22631",
          "Microsoft.Azure.Management.NetApp.NetAppManagementClient/0.0.0.0"
        ]
      },
      "RequestBody": "",
      "ResponseHeaders": {
        "Cache-Control": [
          "no-cache"
        ],
        "Pragma": [
          "no-cache"
        ],
        "ETag": [
          "W/\"datetime'2024-10-22T08%3A37%3A51.4377782Z'\""
        ],
        "x-ms-request-id": [
          "afd197d1-5af0-4b96-83a7-0bf97f8ef259"
        ],
        "Strict-Transport-Security": [
          "max-age=31536000; includeSubDomains"
        ],
        "X-Powered-By": [
          "ASP.NET"
        ],
        "x-ms-ratelimit-remaining-subscription-reads": [
          "1099"
        ],
        "x-ms-ratelimit-remaining-subscription-global-reads": [
          "16499"
        ],
        "x-ms-correlation-request-id": [
          "30fd8cd3-2c30-47b8-8170-6ae996048ded"
        ],
        "x-ms-routing-request-id": [
          "FRANCESOUTH:20241022T083824Z:30fd8cd3-2c30-47b8-8170-6ae996048ded"
        ],
        "X-Content-Type-Options": [
          "nosniff"
        ],
        "X-Cache": [
          "CONFIG_NOCACHE"
        ],
        "X-MSEdge-Ref": [
          "Ref A: 0964C6ED01AA4B6C823BF35D55B83B2E Ref B: AMS231020615045 Ref C: 2024-10-22T08:38:23Z"
        ],
        "Date": [
          "Tue, 22 Oct 2024 08:38:23 GMT"
        ],
        "Content-Length": [
          "1092"
        ],
        "Content-Type": [
          "application/json; charset=utf-8"
        ],
        "Expires": [
          "-1"
        ]
      },
      "ResponseBody": "{\r\n  \"id\": \"/subscriptions/0661b131-4a11-479b-96bf-2f95acca2f73/resourceGroups/ps3620/providers/Microsoft.NetApp/netAppAccounts/ps6419\",\r\n  \"name\": \"ps6419\",\r\n  \"type\": \"Microsoft.NetApp/netAppAccounts\",\r\n  \"etag\": \"W/\\\"datetime'2024-10-22T08%3A37%3A51.4377782Z'\\\"\",\r\n  \"location\": \"westus2\",\r\n  \"tags\": {\r\n    \"tag1\": \"tagValue1\",\r\n    \"CreatedOnDate\": \"2024-10-22T08:36:36.2378446Z\"\r\n  },\r\n  \"properties\": {\r\n    \"provisioningState\": \"Succeeded\",\r\n    \"activeDirectories\": [\r\n      {\r\n        \"activeDirectoryId\": \"72aa5148-bf5a-1d86-f0c5-d88903b8e44d\",\r\n        \"username\": \"sdkuser\",\r\n        \"password\": \"****************\",\r\n        \"domain\": \"sdkdomain\",\r\n        \"dns\": \"192.0.2.2\",\r\n        \"status\": \"Created\",\r\n        \"smbServerName\": \"PSMBSName2\",\r\n        \"organizationalUnit\": \"CN=Computers\",\r\n        \"adName\": \"ps7652\",\r\n        \"aesEncryption\": false,\r\n        \"ldapSigning\": false,\r\n        \"ldapOverTLS\": false,\r\n        \"allowLocalNfsUsersWithLdap\": false,\r\n        \"encryptDCConnections\": false,\r\n        \"ldapSearchScope\": {}\r\n      }\r\n    ],\r\n    \"encryption\": {\r\n      \"keySource\": \"Microsoft.NetApp\"\r\n    }\r\n  },\r\n  \"systemData\": {\r\n    \"createdBy\": \"b-aubald@microsoft.com\",\r\n    \"createdByType\": \"User\",\r\n    \"createdAt\": \"2024-10-22T08:36:37.642525Z\",\r\n    \"lastModifiedBy\": \"b-aubald@microsoft.com\",\r\n    \"lastModifiedByType\": \"User\",\r\n    \"lastModifiedAt\": \"2024-10-22T08:37:50.6988936Z\"\r\n  }\r\n}",
      "StatusCode": 200
    },
    {
      "RequestUri": "/subscriptions/0661b131-4a11-479b-96bf-2f95acca2f73/resourceGroups/ps3620/providers/Microsoft.NetApp/netAppAccounts/ps6419?api-version=2024-07-01",
      "EncodedRequestUri": "L3N1YnNjcmlwdGlvbnMvMDY2MWIxMzEtNGExMS00NzliLTk2YmYtMmY5NWFjY2EyZjczL3Jlc291cmNlR3JvdXBzL3BzMzYyMC9wcm92aWRlcnMvTWljcm9zb2Z0Lk5ldEFwcC9uZXRBcHBBY2NvdW50cy9wczY0MTk/YXBpLXZlcnNpb249MjAyNC0wNy0wMQ==",
      "RequestMethod": "GET",
      "RequestHeaders": {
        "x-ms-client-request-id": [
          "e25f1240-8412-499d-81cb-1425c23bc41e"
        ],
        "Accept-Language": [
          "en-US"
        ],
        "User-Agent": [
          "FxVersion/6.0.3324.36610",
          "OSName/Windows",
          "OSVersion/Microsoft.Windows.10.0.22631",
          "Microsoft.Azure.Management.NetApp.NetAppManagementClient/0.0.0.0"
        ]
      },
      "RequestBody": "",
      "ResponseHeaders": {
        "Cache-Control": [
          "no-cache"
        ],
        "Pragma": [
          "no-cache"
        ],
        "ETag": [
          "W/\"datetime'2024-10-22T08%3A37%3A51.4377782Z'\""
        ],
        "x-ms-request-id": [
          "aeaa5507-cd93-4369-b70e-6f13bd8c46a9"
        ],
        "Strict-Transport-Security": [
          "max-age=31536000; includeSubDomains"
        ],
        "X-Powered-By": [
          "ASP.NET"
        ],
        "x-ms-ratelimit-remaining-subscription-reads": [
          "1099"
        ],
        "x-ms-ratelimit-remaining-subscription-global-reads": [
          "16499"
        ],
        "x-ms-correlation-request-id": [
          "97c8f28d-9508-442a-b58a-e57b09f44b5e"
        ],
        "x-ms-routing-request-id": [
          "NORTHEUROPE:20241022T083825Z:97c8f28d-9508-442a-b58a-e57b09f44b5e"
        ],
        "X-Content-Type-Options": [
          "nosniff"
        ],
        "X-Cache": [
          "CONFIG_NOCACHE"
        ],
        "X-MSEdge-Ref": [
          "Ref A: 6DCEA26B456D49B197762E915F031AB5 Ref B: AMS231022012053 Ref C: 2024-10-22T08:38:24Z"
        ],
        "Date": [
          "Tue, 22 Oct 2024 08:38:24 GMT"
        ],
        "Content-Length": [
          "1092"
        ],
        "Content-Type": [
          "application/json; charset=utf-8"
        ],
        "Expires": [
          "-1"
        ]
      },
      "ResponseBody": "{\r\n  \"id\": \"/subscriptions/0661b131-4a11-479b-96bf-2f95acca2f73/resourceGroups/ps3620/providers/Microsoft.NetApp/netAppAccounts/ps6419\",\r\n  \"name\": \"ps6419\",\r\n  \"type\": \"Microsoft.NetApp/netAppAccounts\",\r\n  \"etag\": \"W/\\\"datetime'2024-10-22T08%3A37%3A51.4377782Z'\\\"\",\r\n  \"location\": \"westus2\",\r\n  \"tags\": {\r\n    \"tag1\": \"tagValue1\",\r\n    \"CreatedOnDate\": \"2024-10-22T08:36:36.2378446Z\"\r\n  },\r\n  \"properties\": {\r\n    \"provisioningState\": \"Succeeded\",\r\n    \"activeDirectories\": [\r\n      {\r\n        \"activeDirectoryId\": \"72aa5148-bf5a-1d86-f0c5-d88903b8e44d\",\r\n        \"username\": \"sdkuser\",\r\n        \"password\": \"****************\",\r\n        \"domain\": \"sdkdomain\",\r\n        \"dns\": \"192.0.2.2\",\r\n        \"status\": \"Created\",\r\n        \"smbServerName\": \"PSMBSName2\",\r\n        \"organizationalUnit\": \"CN=Computers\",\r\n        \"adName\": \"ps7652\",\r\n        \"aesEncryption\": false,\r\n        \"ldapSigning\": false,\r\n        \"ldapOverTLS\": false,\r\n        \"allowLocalNfsUsersWithLdap\": false,\r\n        \"encryptDCConnections\": false,\r\n        \"ldapSearchScope\": {}\r\n      }\r\n    ],\r\n    \"encryption\": {\r\n      \"keySource\": \"Microsoft.NetApp\"\r\n    }\r\n  },\r\n  \"systemData\": {\r\n    \"createdBy\": \"b-aubald@microsoft.com\",\r\n    \"createdByType\": \"User\",\r\n    \"createdAt\": \"2024-10-22T08:36:37.642525Z\",\r\n    \"lastModifiedBy\": \"b-aubald@microsoft.com\",\r\n    \"lastModifiedByType\": \"User\",\r\n    \"lastModifiedAt\": \"2024-10-22T08:37:50.6988936Z\"\r\n  }\r\n}",
      "StatusCode": 200
    },
    {
      "RequestUri": "/subscriptions/0661b131-4a11-479b-96bf-2f95acca2f73/resourceGroups/ps3620/providers/Microsoft.NetApp/netAppAccounts/ps6419?api-version=2024-07-01",
      "EncodedRequestUri": "L3N1YnNjcmlwdGlvbnMvMDY2MWIxMzEtNGExMS00NzliLTk2YmYtMmY5NWFjY2EyZjczL3Jlc291cmNlR3JvdXBzL3BzMzYyMC9wcm92aWRlcnMvTWljcm9zb2Z0Lk5ldEFwcC9uZXRBcHBBY2NvdW50cy9wczY0MTk/YXBpLXZlcnNpb249MjAyNC0wNy0wMQ==",
      "RequestMethod": "GET",
      "RequestHeaders": {
        "x-ms-client-request-id": [
          "32899142-ef0e-4839-a802-726593957391"
        ],
        "Accept-Language": [
          "en-US"
        ],
        "User-Agent": [
          "FxVersion/6.0.3324.36610",
          "OSName/Windows",
          "OSVersion/Microsoft.Windows.10.0.22631",
          "Microsoft.Azure.Management.NetApp.NetAppManagementClient/0.0.0.0"
        ]
      },
      "RequestBody": "",
      "ResponseHeaders": {
        "Cache-Control": [
          "no-cache"
        ],
        "Pragma": [
          "no-cache"
        ],
        "ETag": [
          "W/\"datetime'2024-10-22T08%3A38%3A27.9298857Z'\""
        ],
        "x-ms-request-id": [
          "985dd345-e67d-49b0-974a-d8f641a9690d"
        ],
        "Strict-Transport-Security": [
          "max-age=31536000; includeSubDomains"
        ],
        "X-Powered-By": [
          "ASP.NET"
        ],
        "x-ms-ratelimit-remaining-subscription-reads": [
          "1099"
        ],
        "x-ms-ratelimit-remaining-subscription-global-reads": [
          "16499"
        ],
        "x-ms-correlation-request-id": [
          "261eb62f-868b-4b88-9e60-03b7553fc612"
        ],
        "x-ms-routing-request-id": [
          "NORTHEUROPE:20241022T083845Z:261eb62f-868b-4b88-9e60-03b7553fc612"
        ],
        "X-Content-Type-Options": [
          "nosniff"
        ],
        "X-Cache": [
          "CONFIG_NOCACHE"
        ],
        "X-MSEdge-Ref": [
          "Ref A: 7C0F00AC2D3A4747B83A8FF941946916 Ref B: AMS231032609023 Ref C: 2024-10-22T08:38:44Z"
        ],
        "Date": [
          "Tue, 22 Oct 2024 08:38:44 GMT"
        ],
        "Content-Length": [
          "661"
        ],
        "Content-Type": [
          "application/json; charset=utf-8"
        ],
        "Expires": [
          "-1"
        ]
      },
      "ResponseBody": "{\r\n  \"id\": \"/subscriptions/0661b131-4a11-479b-96bf-2f95acca2f73/resourceGroups/ps3620/providers/Microsoft.NetApp/netAppAccounts/ps6419\",\r\n  \"name\": \"ps6419\",\r\n  \"type\": \"Microsoft.NetApp/netAppAccounts\",\r\n  \"etag\": \"W/\\\"datetime'2024-10-22T08%3A38%3A27.9298857Z'\\\"\",\r\n  \"location\": \"westus2\",\r\n  \"tags\": {\r\n    \"tag1\": \"tagValue1\",\r\n    \"CreatedOnDate\": \"10/22/2024 08:36:36\"\r\n  },\r\n  \"properties\": {\r\n    \"provisioningState\": \"Succeeded\",\r\n    \"encryption\": {\r\n      \"keySource\": \"Microsoft.NetApp\"\r\n    }\r\n  },\r\n  \"systemData\": {\r\n    \"createdBy\": \"b-aubald@microsoft.com\",\r\n    \"createdByType\": \"User\",\r\n    \"createdAt\": \"2024-10-22T08:36:37.642525Z\",\r\n    \"lastModifiedBy\": \"b-aubald@microsoft.com\",\r\n    \"lastModifiedByType\": \"User\",\r\n    \"lastModifiedAt\": \"2024-10-22T08:38:27.1256761Z\"\r\n  }\r\n}",
      "StatusCode": 200
    },
    {
      "RequestUri": "/subscriptions/0661b131-4a11-479b-96bf-2f95acca2f73/resourceGroups/ps3620/providers/Microsoft.NetApp/netAppAccounts/ps6419?api-version=2024-07-01",
      "EncodedRequestUri": "L3N1YnNjcmlwdGlvbnMvMDY2MWIxMzEtNGExMS00NzliLTk2YmYtMmY5NWFjY2EyZjczL3Jlc291cmNlR3JvdXBzL3BzMzYyMC9wcm92aWRlcnMvTWljcm9zb2Z0Lk5ldEFwcC9uZXRBcHBBY2NvdW50cy9wczY0MTk/YXBpLXZlcnNpb249MjAyNC0wNy0wMQ==",
      "RequestMethod": "PUT",
      "RequestHeaders": {
        "x-ms-client-request-id": [
          "64ad0b98-a67d-48ae-933b-3a8986057fe0"
        ],
        "Accept-Language": [
          "en-US"
        ],
        "User-Agent": [
          "FxVersion/6.0.3324.36610",
          "OSName/Windows",
          "OSVersion/Microsoft.Windows.10.0.22631",
          "Microsoft.Azure.Management.NetApp.NetAppManagementClient/0.0.0.0"
        ],
        "Content-Type": [
          "application/json; charset=utf-8"
        ],
        "Content-Length": [
          "73"
        ]
      },
      "RequestBody": "{\r\n  \"tags\": {\r\n    \"tag1\": \"tagValue1\"\r\n  },\r\n  \"location\": \"westus2\"\r\n}",
      "ResponseHeaders": {
        "Cache-Control": [
          "no-cache"
        ],
        "Pragma": [
          "no-cache"
        ],
        "ETag": [
          "W/\"datetime'2024-10-22T08%3A36%3A38.2524275Z'\""
        ],
        "x-ms-request-id": [
          "04f9d27f-9381-44c9-883c-e9019f2a65a4"
        ],
        "Azure-AsyncOperation": [
          "https://management.azure.com/subscriptions/0661b131-4a11-479b-96bf-2f95acca2f73/providers/Microsoft.NetApp/locations/westus2/operationResults/5d53e074-8dea-4be9-a2c0-d0197d394d28?api-version=2024-07-01&t=638651829994238792&c=MIIHpTCCBo2gAwIBAgITOgOyrwz92VXGCzJo_QAEA7KvDDANBgkqhkiG9w0BAQsFADBEMRMwEQYKCZImiZPyLGQBGRYDR0JMMRMwEQYKCZImiZPyLGQBGRYDQU1FMRgwFgYDVQQDEw9BTUUgSU5GUkEgQ0EgMDEwHhcNMjQwOTIyMTE0NzMyWhcNMjUwMzIxMTE0NzMyWjBAMT4wPAYDVQQDEzVhc3luY29wZXJhdGlvbnNpZ25pbmdjZXJ0aWZpY2F0ZS5tYW5hZ2VtZW50LmF6dXJlLmNvbTCCASIwDQYJKoZIhvcNAQEBBQADggEPADCCAQoCggEBANXWfwB0pvOUXN-qnRIQhyChLJDPNYWAFyu1W716hFxAxj6PJAsUFzb3oWPM7KUo50Lac6KSho018qT8uV0vNxS0OigqH4rA_h2v0XwUT8lByJ5JbaNTnMz99H-0lWATbwEhsIwqYVagw46-54ZCTM2JurKsvxYGordlVPGGiNJPgACDCWri3-d5d41XX-bf-aiWh1sqcSOlADWHhNF_C73iRmjbf--svPLchiQ30jmKOECALkxNrqTZ6Z6IqWimALGRV_7ujA8Nw48N7pK7JDcD3Rv_QVkiBmMHsbciGo8bVhAQkUBufsXBCv98NumnOQTf6Fou_zXz80-oeF44nQ0CAwEAAaOCBJIwggSOMCcGCSsGAQQBgjcVCgQaMBgwCgYIKwYBBQUHAwEwCgYIKwYBBQUHAwIwPQYJKwYBBAGCNxUHBDAwLgYmKwYBBAGCNxUIhpDjDYTVtHiE8Ys-hZvdFs6dEoFghfmRS4WsmTQCAWQCAQcwggHaBggrBgEFBQcBAQSCAcwwggHIMGYGCCsGAQUFBzAChlpodHRwOi8vY3JsLm1pY3Jvc29mdC5jb20vcGtpaW5mcmEvQ2VydHMvQlkyUEtJSU5UQ0EwMS5BTUUuR0JMX0FNRSUyMElORlJBJTIwQ0ElMjAwMSg0KS5jcnQwVgYIKwYBBQUHMAKGSmh0dHA6Ly9jcmwxLmFtZS5nYmwvYWlhL0JZMlBLSUlOVENBMDEuQU1FLkdCTF9BTUUlMjBJTkZSQSUyMENBJTIwMDEoNCkuY3J0MFYGCCsGAQUFBzAChkpodHRwOi8vY3JsMi5hbWUuZ2JsL2FpYS9CWTJQS0lJTlRDQTAxLkFNRS5HQkxfQU1FJTIwSU5GUkElMjBDQSUyMDAxKDQpLmNydDBWBggrBgEFBQcwAoZKaHR0cDovL2NybDMuYW1lLmdibC9haWEvQlkyUEtJSU5UQ0EwMS5BTUUuR0JMX0FNRSUyMElORlJBJTIwQ0ElMjAwMSg0KS5jcnQwVgYIKwYBBQUHMAKGSmh0dHA6Ly9jcmw0LmFtZS5nYmwvYWlhL0JZMlBLSUlOVENBMDEuQU1FLkdCTF9BTUUlMjBJTkZSQSUyMENBJTIwMDEoNCkuY3J0MB0GA1UdDgQWBBSbrdCgtbECy-TZtm7nR0uwhMq-jTAOBgNVHQ8BAf8EBAMCBaAwggE1BgNVHR8EggEsMIIBKDCCASSgggEgoIIBHIZCaHR0cDovL2NybC5taWNyb3NvZnQuY29tL3BraWluZnJhL0NSTC9BTUUlMjBJTkZSQSUyMENBJTIwMDEoNCkuY3JshjRodHRwOi8vY3JsMS5hbWUuZ2JsL2NybC9BTUUlMjBJTkZSQSUyMENBJTIwMDEoNCkuY3JshjRodHRwOi8vY3JsMi5hbWUuZ2JsL2NybC9BTUUlMjBJTkZSQSUyMENBJTIwMDEoNCkuY3JshjRodHRwOi8vY3JsMy5hbWUuZ2JsL2NybC9BTUUlMjBJTkZSQSUyMENBJTIwMDEoNCkuY3JshjRodHRwOi8vY3JsNC5hbWUuZ2JsL2NybC9BTUUlMjBJTkZSQSUyMENBJTIwMDEoNCkuY3JsMIGdBgNVHSAEgZUwgZIwDAYKKwYBBAGCN3sBATBmBgorBgEEAYI3ewICMFgwVgYIKwYBBQUHAgIwSh5IADMAMwBlADAAMQA5ADIAMQAtADQAZAA2ADQALQA0AGYAOABjAC0AYQAwADUANQAtADUAYgBkAGEAZgBmAGQANQBlADMAMwBkMAwGCisGAQQBgjd7AwEwDAYKKwYBBAGCN3sEAjAfBgNVHSMEGDAWgBTl2Ztn_PjsurvwwKidileIud8-YzAdBgNVHSUEFjAUBggrBgEFBQcDAQYIKwYBBQUHAwIwDQYJKoZIhvcNAQELBQADggEBADrI1ge-wGozFNi9CZOsM2d6LFNFizlkZjHgqz3mNYodB5vz9BV7i-33WFryv2yQXlvnpPSZICy1xuIDjp0hLuRLfsnWNCviw8vhib8gXVLQs4SVk-wTvlSO2DNsixGdWaay-NXmk2pdIZFqUxiRLWFLk5w4o4alUNuuxpoRbuqkuKwbQOZCU7AaSCQEtlyJzEJpXNEGvUQT9SRGrjk7PPUEOHofcpXBz1-KBclnNKjlODFF-3-A1hB7bKW8msYmTR_kBnhRmfWMfyKw91IL732m_wzWCxu3KMvTaB9dF4-GbNypdb4M5UWYc5zcNVbwL87ylksem_53o4UXlYMWOwU&s=p0HJqGp3im-23m_3IihSGgfsCxOEZqe8S7w3WJHcIIWJ4Cl53lTJ4yyjp2oHXlim_tF7HtHynt5MYAg9A2Dex5s1cHpINncQgeRBskDh_QV1DtQlSCyPrJk5UoW_nJkT7FwGmYGGElEZSEQifJLc-e1KyD5J_-rrKXZKbieNH_wJVF7aHuSeoaWzeYfJ7WTx6kLbSGrlpw70vQ0VEeEJB-PcW9I_v_OEZRtlqhkWH61belPk44TydMYfkXk9nKODYvlWodGcqCBIaYX2OR4fCyPC1yYXk8qTkVHM22_Lh5wIR19cVmehVMgh-9ElBzdqVcUP9vkFtedYN9NoboSW5w&h=nNgvyN3VXL2Vk7BV0mbtFctr3T-tNjfleWLij49G2n4"
        ],
        "Strict-Transport-Security": [
          "max-age=31536000; includeSubDomains"
        ],
        "X-Powered-By": [
          "ASP.NET"
        ],
        "x-ms-ratelimit-remaining-subscription-writes": [
          "799"
        ],
        "x-ms-ratelimit-remaining-subscription-global-writes": [
          "11999"
        ],
        "x-ms-correlation-request-id": [
          "c2db6aa5-358c-437b-960e-aecd5ae58188"
        ],
        "x-ms-routing-request-id": [
          "FRANCESOUTH:20241022T083639Z:c2db6aa5-358c-437b-960e-aecd5ae58188"
        ],
        "X-Content-Type-Options": [
          "nosniff"
        ],
        "X-Cache": [
          "CONFIG_NOCACHE"
        ],
        "X-MSEdge-Ref": [
          "Ref A: 258B2B2DDD424382A9A0495514EA9F58 Ref B: AMS231020615029 Ref C: 2024-10-22T08:36:35Z"
        ],
        "Date": [
          "Tue, 22 Oct 2024 08:36:39 GMT"
        ],
        "Content-Length": [
          "622"
        ],
        "Content-Type": [
          "application/json; charset=utf-8"
        ],
        "Expires": [
          "-1"
        ]
      },
      "ResponseBody": "{\r\n  \"id\": \"/subscriptions/0661b131-4a11-479b-96bf-2f95acca2f73/resourceGroups/ps3620/providers/Microsoft.NetApp/netAppAccounts/ps6419\",\r\n  \"name\": \"ps6419\",\r\n  \"type\": \"Microsoft.NetApp/netAppAccounts\",\r\n  \"etag\": \"W/\\\"datetime'2024-10-22T08%3A36%3A38.2524275Z'\\\"\",\r\n  \"location\": \"westus2\",\r\n  \"tags\": {\r\n    \"tag1\": \"tagValue1\",\r\n    \"CreatedOnDate\": \"2024-10-22T08:36:36.2378446Z\"\r\n  },\r\n  \"properties\": {\r\n    \"provisioningState\": \"Creating\"\r\n  },\r\n  \"systemData\": {\r\n    \"createdBy\": \"b-aubald@microsoft.com\",\r\n    \"createdByType\": \"User\",\r\n    \"createdAt\": \"2024-10-22T08:36:37.642525Z\",\r\n    \"lastModifiedBy\": \"b-aubald@microsoft.com\",\r\n    \"lastModifiedByType\": \"User\",\r\n    \"lastModifiedAt\": \"2024-10-22T08:36:37.642525Z\"\r\n  }\r\n}",
      "StatusCode": 201
    },
    {
      "RequestUri": "/subscriptions/0661b131-4a11-479b-96bf-2f95acca2f73/resourceGroups/ps3620/providers/Microsoft.NetApp/netAppAccounts/ps6419?api-version=2024-07-01",
      "EncodedRequestUri": "L3N1YnNjcmlwdGlvbnMvMDY2MWIxMzEtNGExMS00NzliLTk2YmYtMmY5NWFjY2EyZjczL3Jlc291cmNlR3JvdXBzL3BzMzYyMC9wcm92aWRlcnMvTWljcm9zb2Z0Lk5ldEFwcC9uZXRBcHBBY2NvdW50cy9wczY0MTk/YXBpLXZlcnNpb249MjAyNC0wNy0wMQ==",
      "RequestMethod": "PUT",
      "RequestHeaders": {
        "x-ms-client-request-id": [
          "e25f1240-8412-499d-81cb-1425c23bc41e"
        ],
        "Accept-Language": [
          "en-US"
        ],
        "User-Agent": [
          "FxVersion/6.0.3324.36610",
          "OSName/Windows",
          "OSVersion/Microsoft.Windows.10.0.22631",
          "Microsoft.Azure.Management.NetApp.NetAppManagementClient/0.0.0.0"
        ],
        "Content-Type": [
          "application/json; charset=utf-8"
        ],
        "Content-Length": [
          "240"
        ]
      },
      "RequestBody": "{\r\n  \"properties\": {\r\n    \"activeDirectories\": [],\r\n    \"encryption\": {\r\n      \"keySource\": \"Microsoft.NetApp\"\r\n    }\r\n  },\r\n  \"tags\": {\r\n    \"tag1\": \"tagValue1\",\r\n    \"CreatedOnDate\": \"10/22/2024 08:36:36\"\r\n  },\r\n  \"location\": \"westus2\"\r\n}",
      "ResponseHeaders": {
        "Cache-Control": [
          "no-cache"
        ],
        "Pragma": [
          "no-cache"
        ],
        "ETag": [
          "W/\"datetime'2024-10-22T08%3A38%3A27.6491157Z'\""
        ],
        "x-ms-request-id": [
          "487ad6ab-9ce9-44ec-a82b-4a3065915cbd"
        ],
        "Azure-AsyncOperation": [
          "https://management.azure.com/subscriptions/0661b131-4a11-479b-96bf-2f95acca2f73/providers/Microsoft.NetApp/locations/westus2/operationResults/a84e6a09-1731-41ee-9173-cc874c69670b?api-version=2024-07-01&t=638651831091881551&c=MIIHhzCCBm-gAwIBAgITfAWHnYffOmFQPBQlYwAABYedhzANBgkqhkiG9w0BAQsFADBEMRMwEQYKCZImiZPyLGQBGRYDR0JMMRMwEQYKCZImiZPyLGQBGRYDQU1FMRgwFgYDVQQDEw9BTUUgSW5mcmEgQ0EgMDUwHhcNMjQwOTIyMTMwODA5WhcNMjUwMzIxMTMwODA5WjBAMT4wPAYDVQQDEzVhc3luY29wZXJhdGlvbnNpZ25pbmdjZXJ0aWZpY2F0ZS5tYW5hZ2VtZW50LmF6dXJlLmNvbTCCASIwDQYJKoZIhvcNAQEBBQADggEPADCCAQoCggEBALaG4e8e65ktp3eTeBAk6VhrNKydNqkELTKAbG6jWa6h6i3Nzrurci2Iso43JNATFZk6XGcweL-eQXm6vIBviHXzQOZw3LxEnjcLJ9e3Jq5bKM3JjYFeVD_ZXasVqpjRwIMq8MNVOSF2hzopSKm4tWStJXYabqRSj94BpAjxaThE0ndeaZCPBwRjacPswgV1N7HCKSHupre72mdcCUptx7yJoVTZ18SuhlnR4hotMvbnlmCxagZn8F8lBeNOl7LJ3VBEgW8qUxVffDWgg_i1vpw7VeDqiU7Vm-fg2VdvRUZRi0suEwyxM3kGvFLrAqNe1sEhD8tZaHy37EE4lHsb0xECAwEAAaOCBHQwggRwMCcGCSsGAQQBgjcVCgQaMBgwCgYIKwYBBQUHAwEwCgYIKwYBBQUHAwIwPQYJKwYBBAGCNxUHBDAwLgYmKwYBBAGCNxUIhpDjDYTVtHiE8Ys-hZvdFs6dEoFghfmRS4WsmTQCAWQCAQcwggHLBggrBgEFBQcBAQSCAb0wggG5MGMGCCsGAQUFBzAChldodHRwOi8vY3JsLm1pY3Jvc29mdC5jb20vcGtpaW5mcmEvQ2VydHMvQ08xUEtJSU5UQ0EwMS5BTUUuR0JMX0FNRSUyMEluZnJhJTIwQ0ElMjAwNS5jcnQwUwYIKwYBBQUHMAKGR2h0dHA6Ly9jcmwxLmFtZS5nYmwvYWlhL0NPMVBLSUlOVENBMDEuQU1FLkdCTF9BTUUlMjBJbmZyYSUyMENBJTIwMDUuY3J0MFMGCCsGAQUFBzAChkdodHRwOi8vY3JsMi5hbWUuZ2JsL2FpYS9DTzFQS0lJTlRDQTAxLkFNRS5HQkxfQU1FJTIwSW5mcmElMjBDQSUyMDA1LmNydDBTBggrBgEFBQcwAoZHaHR0cDovL2NybDMuYW1lLmdibC9haWEvQ08xUEtJSU5UQ0EwMS5BTUUuR0JMX0FNRSUyMEluZnJhJTIwQ0ElMjAwNS5jcnQwUwYIKwYBBQUHMAKGR2h0dHA6Ly9jcmw0LmFtZS5nYmwvYWlhL0NPMVBLSUlOVENBMDEuQU1FLkdCTF9BTUUlMjBJbmZyYSUyMENBJTIwMDUuY3J0MB0GA1UdDgQWBBSxolT6o0RArX314MzmrvVeAiPlTDAOBgNVHQ8BAf8EBAMCBaAwggEmBgNVHR8EggEdMIIBGTCCARWgggERoIIBDYY_aHR0cDovL2NybC5taWNyb3NvZnQuY29tL3BraWluZnJhL0NSTC9BTUUlMjBJbmZyYSUyMENBJTIwMDUuY3JshjFodHRwOi8vY3JsMS5hbWUuZ2JsL2NybC9BTUUlMjBJbmZyYSUyMENBJTIwMDUuY3JshjFodHRwOi8vY3JsMi5hbWUuZ2JsL2NybC9BTUUlMjBJbmZyYSUyMENBJTIwMDUuY3JshjFodHRwOi8vY3JsMy5hbWUuZ2JsL2NybC9BTUUlMjBJbmZyYSUyMENBJTIwMDUuY3JshjFodHRwOi8vY3JsNC5hbWUuZ2JsL2NybC9BTUUlMjBJbmZyYSUyMENBJTIwMDUuY3JsMIGdBgNVHSAEgZUwgZIwDAYKKwYBBAGCN3sBATBmBgorBgEEAYI3ewICMFgwVgYIKwYBBQUHAgIwSh5IADMAMwBlADAAMQA5ADIAMQAtADQAZAA2ADQALQA0AGYAOABjAC0AYQAwADUANQAtADUAYgBkAGEAZgBmAGQANQBlADMAMwBkMAwGCisGAQQBgjd7AwEwDAYKKwYBBAGCN3sEAjAfBgNVHSMEGDAWgBR61hmFKHlscXYeYPjzS--iBUIWHTAdBgNVHSUEFjAUBggrBgEFBQcDAQYIKwYBBQUHAwIwDQYJKoZIhvcNAQELBQADggEBACmI8wsWYvetVpRdj9Qp4i8sA97cTAX7OHXDOQ1tISQSlpxko_k8u8iNB0IAf4F1pzqw9wETSwIAehWTsUYGGFTn0Tl48uoYK6tzUEJzAlk074qysHJXM5i0PYY12YTD585j9xNjYr-KANki4Rb1MtRlDClBTNUiw79tJveAT7slBVzM4yE15TkcdeVxLZNkWdndHu8HyJzYiNu3B8qdEU5PA1pZ1S9yquY-iFF6wFLZvR45-q00yUT_h2ldIpVY09BRgzpLRtc8OZDuv9HpSLojv_aQqV1HLdgwk4xhc24KuM7SCqWUYS1ruNbUOR29W_3qk8fiKucpiUdmopJMbJw&s=pF8v0PzSkxQVoeVB1n_qcgqwTG12Emp2X1ZElu0EkhdfmWKojJIiygNQquz8mtkiIca2HOCvjiPTj7zhjq_tevs8obj8zQBP2Ytsq6lIJWcGIwjPAvJIfwRk-85JvLQ9WdayIDpCRUqG7oXBURaprcA5CUUkRFyUXDt5ko5j85H4gbrWVL9SfS11LaH62w_Uwl9I8ftw9cRqpc-EGRpzOdm2SDDW-hrhumCbKwF9_bE-fpeDnRgCEZrHU7tFEnTuA2Ac8A_Q4AP784_xHAsfeQRvIiInMG7nKv9RgvGPcN4OiSxamqm6FPHgRKxM965YV8__7S3l_AcNoHKwPIP6Jw&h=-GkQdA_C9Ns0piIV_UdGVn3bs4FcPF8hRlcZMB-reTg"
        ],
        "Strict-Transport-Security": [
          "max-age=31536000; includeSubDomains"
        ],
        "X-Powered-By": [
          "ASP.NET"
        ],
        "x-ms-ratelimit-remaining-subscription-writes": [
          "799"
        ],
        "x-ms-ratelimit-remaining-subscription-global-writes": [
          "11999"
        ],
        "x-ms-correlation-request-id": [
          "e3ee1439-a437-47ca-8a3f-cb7a0d5d32bf"
        ],
        "x-ms-routing-request-id": [
          "NORTHEUROPE:20241022T083829Z:e3ee1439-a437-47ca-8a3f-cb7a0d5d32bf"
        ],
        "X-Content-Type-Options": [
          "nosniff"
        ],
        "X-Cache": [
          "CONFIG_NOCACHE"
        ],
        "X-MSEdge-Ref": [
          "Ref A: 716A7BEDB99B435495E07B609BD48D54 Ref B: AMS231022012053 Ref C: 2024-10-22T08:38:25Z"
        ],
        "Date": [
          "Tue, 22 Oct 2024 08:38:28 GMT"
        ],
        "Content-Length": [
          "1091"
        ],
        "Content-Type": [
          "application/json; charset=utf-8"
        ],
        "Expires": [
          "-1"
        ]
      },
      "ResponseBody": "{\r\n  \"id\": \"/subscriptions/0661b131-4a11-479b-96bf-2f95acca2f73/resourceGroups/ps3620/providers/Microsoft.NetApp/netAppAccounts/ps6419\",\r\n  \"name\": \"ps6419\",\r\n  \"type\": \"Microsoft.NetApp/netAppAccounts\",\r\n  \"etag\": \"W/\\\"datetime'2024-10-22T08%3A38%3A27.6491157Z'\\\"\",\r\n  \"location\": \"westus2\",\r\n  \"tags\": {\r\n    \"tag1\": \"tagValue1\",\r\n    \"CreatedOnDate\": \"2024-10-22T08:36:36.2378446Z\"\r\n  },\r\n  \"properties\": {\r\n    \"provisioningState\": \"Updating\",\r\n    \"activeDirectories\": [\r\n      {\r\n        \"activeDirectoryId\": \"72aa5148-bf5a-1d86-f0c5-d88903b8e44d\",\r\n        \"username\": \"sdkuser\",\r\n        \"password\": \"****************\",\r\n        \"domain\": \"sdkdomain\",\r\n        \"dns\": \"192.0.2.2\",\r\n        \"status\": \"Created\",\r\n        \"smbServerName\": \"PSMBSName2\",\r\n        \"organizationalUnit\": \"CN=Computers\",\r\n        \"adName\": \"ps7652\",\r\n        \"aesEncryption\": false,\r\n        \"ldapSigning\": false,\r\n        \"ldapOverTLS\": false,\r\n        \"allowLocalNfsUsersWithLdap\": false,\r\n        \"encryptDCConnections\": false,\r\n        \"ldapSearchScope\": {}\r\n      }\r\n    ],\r\n    \"encryption\": {\r\n      \"keySource\": \"Microsoft.NetApp\"\r\n    }\r\n  },\r\n  \"systemData\": {\r\n    \"createdBy\": \"b-aubald@microsoft.com\",\r\n    \"createdByType\": \"User\",\r\n    \"createdAt\": \"2024-10-22T08:36:37.642525Z\",\r\n    \"lastModifiedBy\": \"b-aubald@microsoft.com\",\r\n    \"lastModifiedByType\": \"User\",\r\n    \"lastModifiedAt\": \"2024-10-22T08:37:50.6988936Z\"\r\n  }\r\n}",
      "StatusCode": 200
    },
    {
      "RequestUri": "/subscriptions/0661b131-4a11-479b-96bf-2f95acca2f73/providers/Microsoft.NetApp/locations/westus2/operationResults/5d53e074-8dea-4be9-a2c0-d0197d394d28?api-version=2024-07-01&t=638651829994238792&c=MIIHpTCCBo2gAwIBAgITOgOyrwz92VXGCzJo_QAEA7KvDDANBgkqhkiG9w0BAQsFADBEMRMwEQYKCZImiZPyLGQBGRYDR0JMMRMwEQYKCZImiZPyLGQBGRYDQU1FMRgwFgYDVQQDEw9BTUUgSU5GUkEgQ0EgMDEwHhcNMjQwOTIyMTE0NzMyWhcNMjUwMzIxMTE0NzMyWjBAMT4wPAYDVQQDEzVhc3luY29wZXJhdGlvbnNpZ25pbmdjZXJ0aWZpY2F0ZS5tYW5hZ2VtZW50LmF6dXJlLmNvbTCCASIwDQYJKoZIhvcNAQEBBQADggEPADCCAQoCggEBANXWfwB0pvOUXN-qnRIQhyChLJDPNYWAFyu1W716hFxAxj6PJAsUFzb3oWPM7KUo50Lac6KSho018qT8uV0vNxS0OigqH4rA_h2v0XwUT8lByJ5JbaNTnMz99H-0lWATbwEhsIwqYVagw46-54ZCTM2JurKsvxYGordlVPGGiNJPgACDCWri3-d5d41XX-bf-aiWh1sqcSOlADWHhNF_C73iRmjbf--svPLchiQ30jmKOECALkxNrqTZ6Z6IqWimALGRV_7ujA8Nw48N7pK7JDcD3Rv_QVkiBmMHsbciGo8bVhAQkUBufsXBCv98NumnOQTf6Fou_zXz80-oeF44nQ0CAwEAAaOCBJIwggSOMCcGCSsGAQQBgjcVCgQaMBgwCgYIKwYBBQUHAwEwCgYIKwYBBQUHAwIwPQYJKwYBBAGCNxUHBDAwLgYmKwYBBAGCNxUIhpDjDYTVtHiE8Ys-hZvdFs6dEoFghfmRS4WsmTQCAWQCAQcwggHaBggrBgEFBQcBAQSCAcwwggHIMGYGCCsGAQUFBzAChlpodHRwOi8vY3JsLm1pY3Jvc29mdC5jb20vcGtpaW5mcmEvQ2VydHMvQlkyUEtJSU5UQ0EwMS5BTUUuR0JMX0FNRSUyMElORlJBJTIwQ0ElMjAwMSg0KS5jcnQwVgYIKwYBBQUHMAKGSmh0dHA6Ly9jcmwxLmFtZS5nYmwvYWlhL0JZMlBLSUlOVENBMDEuQU1FLkdCTF9BTUUlMjBJTkZSQSUyMENBJTIwMDEoNCkuY3J0MFYGCCsGAQUFBzAChkpodHRwOi8vY3JsMi5hbWUuZ2JsL2FpYS9CWTJQS0lJTlRDQTAxLkFNRS5HQkxfQU1FJTIwSU5GUkElMjBDQSUyMDAxKDQpLmNydDBWBggrBgEFBQcwAoZKaHR0cDovL2NybDMuYW1lLmdibC9haWEvQlkyUEtJSU5UQ0EwMS5BTUUuR0JMX0FNRSUyMElORlJBJTIwQ0ElMjAwMSg0KS5jcnQwVgYIKwYBBQUHMAKGSmh0dHA6Ly9jcmw0LmFtZS5nYmwvYWlhL0JZMlBLSUlOVENBMDEuQU1FLkdCTF9BTUUlMjBJTkZSQSUyMENBJTIwMDEoNCkuY3J0MB0GA1UdDgQWBBSbrdCgtbECy-TZtm7nR0uwhMq-jTAOBgNVHQ8BAf8EBAMCBaAwggE1BgNVHR8EggEsMIIBKDCCASSgggEgoIIBHIZCaHR0cDovL2NybC5taWNyb3NvZnQuY29tL3BraWluZnJhL0NSTC9BTUUlMjBJTkZSQSUyMENBJTIwMDEoNCkuY3JshjRodHRwOi8vY3JsMS5hbWUuZ2JsL2NybC9BTUUlMjBJTkZSQSUyMENBJTIwMDEoNCkuY3JshjRodHRwOi8vY3JsMi5hbWUuZ2JsL2NybC9BTUUlMjBJTkZSQSUyMENBJTIwMDEoNCkuY3JshjRodHRwOi8vY3JsMy5hbWUuZ2JsL2NybC9BTUUlMjBJTkZSQSUyMENBJTIwMDEoNCkuY3JshjRodHRwOi8vY3JsNC5hbWUuZ2JsL2NybC9BTUUlMjBJTkZSQSUyMENBJTIwMDEoNCkuY3JsMIGdBgNVHSAEgZUwgZIwDAYKKwYBBAGCN3sBATBmBgorBgEEAYI3ewICMFgwVgYIKwYBBQUHAgIwSh5IADMAMwBlADAAMQA5ADIAMQAtADQAZAA2ADQALQA0AGYAOABjAC0AYQAwADUANQAtADUAYgBkAGEAZgBmAGQANQBlADMAMwBkMAwGCisGAQQBgjd7AwEwDAYKKwYBBAGCN3sEAjAfBgNVHSMEGDAWgBTl2Ztn_PjsurvwwKidileIud8-YzAdBgNVHSUEFjAUBggrBgEFBQcDAQYIKwYBBQUHAwIwDQYJKoZIhvcNAQELBQADggEBADrI1ge-wGozFNi9CZOsM2d6LFNFizlkZjHgqz3mNYodB5vz9BV7i-33WFryv2yQXlvnpPSZICy1xuIDjp0hLuRLfsnWNCviw8vhib8gXVLQs4SVk-wTvlSO2DNsixGdWaay-NXmk2pdIZFqUxiRLWFLk5w4o4alUNuuxpoRbuqkuKwbQOZCU7AaSCQEtlyJzEJpXNEGvUQT9SRGrjk7PPUEOHofcpXBz1-KBclnNKjlODFF-3-A1hB7bKW8msYmTR_kBnhRmfWMfyKw91IL732m_wzWCxu3KMvTaB9dF4-GbNypdb4M5UWYc5zcNVbwL87ylksem_53o4UXlYMWOwU&s=p0HJqGp3im-23m_3IihSGgfsCxOEZqe8S7w3WJHcIIWJ4Cl53lTJ4yyjp2oHXlim_tF7HtHynt5MYAg9A2Dex5s1cHpINncQgeRBskDh_QV1DtQlSCyPrJk5UoW_nJkT7FwGmYGGElEZSEQifJLc-e1KyD5J_-rrKXZKbieNH_wJVF7aHuSeoaWzeYfJ7WTx6kLbSGrlpw70vQ0VEeEJB-PcW9I_v_OEZRtlqhkWH61belPk44TydMYfkXk9nKODYvlWodGcqCBIaYX2OR4fCyPC1yYXk8qTkVHM22_Lh5wIR19cVmehVMgh-9ElBzdqVcUP9vkFtedYN9NoboSW5w&h=nNgvyN3VXL2Vk7BV0mbtFctr3T-tNjfleWLij49G2n4",
      "EncodedRequestUri": "L3N1YnNjcmlwdGlvbnMvMDY2MWIxMzEtNGExMS00NzliLTk2YmYtMmY5NWFjY2EyZjczL3Byb3ZpZGVycy9NaWNyb3NvZnQuTmV0QXBwL2xvY2F0aW9ucy93ZXN0dXMyL29wZXJhdGlvblJlc3VsdHMvNWQ1M2UwNzQtOGRlYS00YmU5LWEyYzAtZDAxOTdkMzk0ZDI4P2FwaS12ZXJzaW9uPTIwMjQtMDctMDEmdD02Mzg2NTE4Mjk5OTQyMzg3OTImYz1NSUlIcFRDQ0JvMmdBd0lCQWdJVE9nT3lyd3o5MlZYR0N6Sm9fUUFFQTdLdkREQU5CZ2txaGtpRzl3MEJBUXNGQURCRU1STXdFUVlLQ1pJbWlaUHlMR1FCR1JZRFIwSk1NUk13RVFZS0NaSW1pWlB5TEdRQkdSWURRVTFGTVJnd0ZnWURWUVFERXc5QlRVVWdTVTVHVWtFZ1EwRWdNREV3SGhjTk1qUXdPVEl5TVRFME56TXlXaGNOTWpVd016SXhNVEUwTnpNeVdqQkFNVDR3UEFZRFZRUURFelZoYzNsdVkyOXdaWEpoZEdsdmJuTnBaMjVwYm1kalpYSjBhV1pwWTJGMFpTNXRZVzVoWjJWdFpXNTBMbUY2ZFhKbExtTnZiVENDQVNJd0RRWUpLb1pJaHZjTkFRRUJCUUFEZ2dFUEFEQ0NBUW9DZ2dFQkFOWFdmd0IwcHZPVVhOLXFuUklRaHlDaExKRFBOWVdBRnl1MVc3MTZoRnhBeGo2UEpBc1VGemIzb1dQTTdLVW81MExhYzZLU2hvMDE4cVQ4dVYwdk54UzBPaWdxSDRyQV9oMnYwWHdVVDhsQnlKNUpiYU5Ubk16OTlILTBsV0FUYndFaHNJd3FZVmFndzQ2LTU0WkNUTTJKdXJLc3Z4WUdvcmRsVlBHR2lOSlBnQUNEQ1dyaTMtZDVkNDFYWC1iZi1haVdoMXNxY1NPbEFEV0hoTkZfQzczaVJtamJmLS1zdlBMY2hpUTMwam1LT0VDQUxreE5ycVRaNlo2SXFXaW1BTEdSVl83dWpBOE53NDhON3BLN0pEY0QzUnZfUVZraUJtTUhzYmNpR284YlZoQVFrVUJ1ZnNYQkN2OThOdW1uT1FUZjZGb3Vfelh6ODAtb2VGNDRuUTBDQXdFQUFhT0NCSkl3Z2dTT01DY0dDU3NHQVFRQmdqY1ZDZ1FhTUJnd0NnWUlLd1lCQlFVSEF3RXdDZ1lJS3dZQkJRVUhBd0l3UFFZSkt3WUJCQUdDTnhVSEJEQXdMZ1ltS3dZQkJBR0NOeFVJaHBEakRZVFZ0SGlFOFlzLWhadmRGczZkRW9GZ2hmbVJTNFdzbVRRQ0FXUUNBUWN3Z2dIYUJnZ3JCZ0VGQlFjQkFRU0NBY3d3Z2dISU1HWUdDQ3NHQVFVRkJ6QUNobHBvZEhSd09pOHZZM0pzTG0xcFkzSnZjMjltZEM1amIyMHZjR3RwYVc1bWNtRXZRMlZ5ZEhNdlFsa3lVRXRKU1U1VVEwRXdNUzVCVFVVdVIwSk1YMEZOUlNVeU1FbE9SbEpCSlRJd1EwRWxNakF3TVNnMEtTNWpjblF3VmdZSUt3WUJCUVVITUFLR1NtaDBkSEE2THk5amNtd3hMbUZ0WlM1blltd3ZZV2xoTDBKWk1sQkxTVWxPVkVOQk1ERXVRVTFGTGtkQ1RGOUJUVVVsTWpCSlRrWlNRU1V5TUVOQkpUSXdNREVvTkNrdVkzSjBNRllHQ0NzR0FRVUZCekFDaGtwb2RIUndPaTh2WTNKc01pNWhiV1V1WjJKc0wyRnBZUzlDV1RKUVMwbEpUbFJEUVRBeExrRk5SUzVIUWt4ZlFVMUZKVEl3U1U1R1VrRWxNakJEUVNVeU1EQXhLRFFwTG1OeWREQldCZ2dyQmdFRkJRY3dBb1pLYUhSMGNEb3ZMMk55YkRNdVlXMWxMbWRpYkM5aGFXRXZRbGt5VUV0SlNVNVVRMEV3TVM1QlRVVXVSMEpNWDBGTlJTVXlNRWxPUmxKQkpUSXdRMEVsTWpBd01TZzBLUzVqY25Rd1ZnWUlLd1lCQlFVSE1BS0dTbWgwZEhBNkx5OWpjbXcwTG1GdFpTNW5ZbXd2WVdsaEwwSlpNbEJMU1VsT1ZFTkJNREV1UVUxRkxrZENURjlCVFVVbE1qQkpUa1pTUVNVeU1FTkJKVEl3TURFb05Da3VZM0owTUIwR0ExVWREZ1FXQkJTYnJkQ2d0YkVDeS1UWnRtN25SMHV3aE1xLWpUQU9CZ05WSFE4QkFmOEVCQU1DQmFBd2dnRTFCZ05WSFI4RWdnRXNNSUlCS0RDQ0FTU2dnZ0Vnb0lJQkhJWkNhSFIwY0RvdkwyTnliQzV0YVdOeWIzTnZablF1WTI5dEwzQnJhV2x1Wm5KaEwwTlNUQzlCVFVVbE1qQkpUa1pTUVNVeU1FTkJKVEl3TURFb05Da3VZM0pzaGpSb2RIUndPaTh2WTNKc01TNWhiV1V1WjJKc0wyTnliQzlCVFVVbE1qQkpUa1pTUVNVeU1FTkJKVEl3TURFb05Da3VZM0pzaGpSb2RIUndPaTh2WTNKc01pNWhiV1V1WjJKc0wyTnliQzlCVFVVbE1qQkpUa1pTUVNVeU1FTkJKVEl3TURFb05Da3VZM0pzaGpSb2RIUndPaTh2WTNKc015NWhiV1V1WjJKc0wyTnliQzlCVFVVbE1qQkpUa1pTUVNVeU1FTkJKVEl3TURFb05Da3VZM0pzaGpSb2RIUndPaTh2WTNKc05DNWhiV1V1WjJKc0wyTnliQzlCVFVVbE1qQkpUa1pTUVNVeU1FTkJKVEl3TURFb05Da3VZM0pzTUlHZEJnTlZIU0FFZ1pVd2daSXdEQVlLS3dZQkJBR0NOM3NCQVRCbUJnb3JCZ0VFQVlJM2V3SUNNRmd3VmdZSUt3WUJCUVVIQWdJd1NoNUlBRE1BTXdCbEFEQUFNUUE1QURJQU1RQXRBRFFBWkFBMkFEUUFMUUEwQUdZQU9BQmpBQzBBWVFBd0FEVUFOUUF0QURVQVlnQmtBR0VBWmdCbUFHUUFOUUJsQURNQU13QmtNQXdHQ2lzR0FRUUJnamQ3QXdFd0RBWUtLd1lCQkFHQ04zc0VBakFmQmdOVkhTTUVHREFXZ0JUbDJadG5fUGpzdXJ2d3dLaWRpbGVJdWQ4LVl6QWRCZ05WSFNVRUZqQVVCZ2dyQmdFRkJRY0RBUVlJS3dZQkJRVUhBd0l3RFFZSktvWklodmNOQVFFTEJRQURnZ0VCQURySTFnZS13R296Rk5pOUNaT3NNMmQ2TEZORml6bGtaakhncXozbU5Zb2RCNXZ6OUJWN2ktMzNXRnJ5djJ5UVhsdm5wUFNaSUN5MXh1SURqcDBoTHVSTGZzbldOQ3Zpdzh2aGliOGdYVkxRczRTVmstd1R2bFNPMkROc2l4R2RXYWF5LU5YbWsycGRJWkZxVXhpUkxXRkxrNXc0bzRhbFVOdXV4cG9SYnVxa3VLd2JRT1pDVTdBYVNDUUV0bHlKekVKcFhORUd2VVFUOVNSR3JqazdQUFVFT0hvZmNwWEJ6MS1LQmNsbk5LamxPREZGLTMtQTFoQjdiS1c4bXNZbVRSX2tCbmhSbWZXTWZ5S3c5MUlMNzMybV93eldDeHUzS012VGFCOWRGNC1HYk55cGRiNE01VVdZYzV6Y05WYndMODd5bGtzZW1fNTNvNFVYbFlNV093VSZzPXAwSEpxR3AzaW0tMjNtXzNJaWhTR2dmc0N4T0VacWU4Uzd3M1dKSGNJSVdKNENsNTNsVEo0eXlqcDJvSFhsaW1fdEY3SHRIeW50NU1ZQWc5QTJEZXg1czFjSHBJTm5jUWdlUkJza0RoX1FWMUR0UWxTQ3lQckprNVVvV19uSmtUN0Z3R21ZR0dFbEVaU0VRaWZKTGMtZTFLeUQ1Sl8tcnJLWFpLYmllTkhfd0pWRjdhSHVTZW9hV3plWWZKN1dUeDZrTGJTR3JscHc3MHZRMFZFZUVKQi1QY1c5SV92X09FWlJ0bHFoa1dINjFiZWxQazQ0VHlkTVlma1hrOW5LT0RZdmxXb2RHY3FDQklhWVgyT1I0ZkN5UEMxeVlYazhxVGtWSE0yMl9MaDV3SVIxOWNWbWVoVk1naC05RWxCemRxVmNVUDl2a0Z0ZWRZTjlOb2JvU1c1dyZoPW5OZ3Z5TjNWWEwyVms3QlYwbWJ0RmN0cjNULXROamZsZVdMaWo0OUcybjQ=",
      "RequestMethod": "GET",
      "RequestHeaders": {
        "x-ms-client-request-id": [
          "64ad0b98-a67d-48ae-933b-3a8986057fe0"
        ],
        "User-Agent": [
          "FxVersion/6.0.3324.36610",
          "OSName/Windows",
          "OSVersion/Microsoft.Windows.10.0.22631",
          "Microsoft.Azure.Management.NetApp.NetAppManagementClient/0.0.0.0"
        ]
      },
      "RequestBody": "",
      "ResponseHeaders": {
        "Cache-Control": [
          "no-cache"
        ],
        "Pragma": [
          "no-cache"
        ],
        "x-ms-request-id": [
          "3078e8c4-0b1a-4148-b41c-39becd2ee446"
        ],
        "Strict-Transport-Security": [
          "max-age=31536000; includeSubDomains"
        ],
        "X-Powered-By": [
          "ASP.NET"
        ],
        "x-ms-ratelimit-remaining-subscription-reads": [
          "1099"
        ],
        "x-ms-ratelimit-remaining-subscription-global-reads": [
          "16499"
        ],
        "x-ms-correlation-request-id": [
          "3efd513b-7fe3-427c-9553-fd6962866899"
        ],
        "x-ms-routing-request-id": [
          "FRANCESOUTH:20241022T083710Z:3efd513b-7fe3-427c-9553-fd6962866899"
        ],
        "X-Content-Type-Options": [
          "nosniff"
        ],
        "X-Cache": [
          "CONFIG_NOCACHE"
        ],
        "X-MSEdge-Ref": [
          "Ref A: 8EA6969EDDA847DC8EFEB34BEB1504E1 Ref B: AMS231020615029 Ref C: 2024-10-22T08:37:09Z"
        ],
        "Date": [
          "Tue, 22 Oct 2024 08:37:10 GMT"
        ],
        "Content-Length": [
          "507"
        ],
        "Content-Type": [
          "application/json; charset=utf-8"
        ],
        "Expires": [
          "-1"
        ]
      },
      "ResponseBody": "{\r\n  \"id\": \"/subscriptions/0661b131-4a11-479b-96bf-2f95acca2f73/providers/Microsoft.NetApp/locations/westus2/operationResults/5d53e074-8dea-4be9-a2c0-d0197d394d28\",\r\n  \"name\": \"5d53e074-8dea-4be9-a2c0-d0197d394d28\",\r\n  \"status\": \"Succeeded\",\r\n  \"startTime\": \"2024-10-22T08:36:38.2490406Z\",\r\n  \"endTime\": \"2024-10-22T08:36:38.3028434Z\",\r\n  \"percentComplete\": 100.0,\r\n  \"properties\": {\r\n    \"resourceName\": \"/subscriptions/0661b131-4a11-479b-96bf-2f95acca2f73/resourceGroups/ps3620/providers/Microsoft.NetApp/netAppAccounts/ps6419\",\r\n    \"action\": \"CREATE\"\r\n  }\r\n}",
      "StatusCode": 200
    },
    {
      "RequestUri": "/subscriptions/0661b131-4a11-479b-96bf-2f95acca2f73/resourceGroups/ps3620/providers/Microsoft.NetApp/netAppAccounts/ps6419?api-version=2024-07-01",
      "EncodedRequestUri": "L3N1YnNjcmlwdGlvbnMvMDY2MWIxMzEtNGExMS00NzliLTk2YmYtMmY5NWFjY2EyZjczL3Jlc291cmNlR3JvdXBzL3BzMzYyMC9wcm92aWRlcnMvTWljcm9zb2Z0Lk5ldEFwcC9uZXRBcHBBY2NvdW50cy9wczY0MTk/YXBpLXZlcnNpb249MjAyNC0wNy0wMQ==",
      "RequestMethod": "PATCH",
      "RequestHeaders": {
        "x-ms-client-request-id": [
          "652d4ad4-38d0-40fe-8996-e8105ddc13d7"
        ],
        "Accept-Language": [
          "en-US"
        ],
        "User-Agent": [
          "FxVersion/6.0.3324.36610",
          "OSName/Windows",
          "OSVersion/Microsoft.Windows.10.0.22631",
          "Microsoft.Azure.Management.NetApp.NetAppManagementClient/0.0.0.0"
        ],
        "Content-Type": [
          "application/json; charset=utf-8"
        ],
        "Content-Length": [
          "455"
        ]
      },
      "RequestBody": "{\r\n  \"properties\": {\r\n    \"activeDirectories\": [\r\n      {\r\n        \"username\": \"sdkuser\",\r\n        \"password\": \"sdkpass\",\r\n        \"domain\": \"sdkdomain\",\r\n        \"dns\": \"192.0.2.2\",\r\n        \"smbServerName\": \"PSSMBSName\",\r\n        \"adName\": \"ps7652\",\r\n        \"aesEncryption\": false,\r\n        \"ldapSigning\": false,\r\n        \"ldapOverTLS\": false,\r\n        \"allowLocalNfsUsersWithLdap\": false,\r\n        \"encryptDCConnections\": false\r\n      }\r\n    ]\r\n  }\r\n}",
      "ResponseHeaders": {
        "Cache-Control": [
          "no-cache"
        ],
        "Pragma": [
          "no-cache"
        ],
        "ETag": [
          "W/\"datetime'2024-10-22T08%3A37%3A14.9287448Z'\""
        ],
        "Location": [
          "https://management.azure.com/subscriptions/0661b131-4a11-479b-96bf-2f95acca2f73/providers/Microsoft.NetApp/locations/westus2/operationResults/85c39f09-fd3d-4671-ac5f-4e7d880eb7de?api-version=2024-07-01&operationResultResponseType=Location&t=638651830350425646&c=MIIHhzCCBm-gAwIBAgITfAWHnYffOmFQPBQlYwAABYedhzANBgkqhkiG9w0BAQsFADBEMRMwEQYKCZImiZPyLGQBGRYDR0JMMRMwEQYKCZImiZPyLGQBGRYDQU1FMRgwFgYDVQQDEw9BTUUgSW5mcmEgQ0EgMDUwHhcNMjQwOTIyMTMwODA5WhcNMjUwMzIxMTMwODA5WjBAMT4wPAYDVQQDEzVhc3luY29wZXJhdGlvbnNpZ25pbmdjZXJ0aWZpY2F0ZS5tYW5hZ2VtZW50LmF6dXJlLmNvbTCCASIwDQYJKoZIhvcNAQEBBQADggEPADCCAQoCggEBALaG4e8e65ktp3eTeBAk6VhrNKydNqkELTKAbG6jWa6h6i3Nzrurci2Iso43JNATFZk6XGcweL-eQXm6vIBviHXzQOZw3LxEnjcLJ9e3Jq5bKM3JjYFeVD_ZXasVqpjRwIMq8MNVOSF2hzopSKm4tWStJXYabqRSj94BpAjxaThE0ndeaZCPBwRjacPswgV1N7HCKSHupre72mdcCUptx7yJoVTZ18SuhlnR4hotMvbnlmCxagZn8F8lBeNOl7LJ3VBEgW8qUxVffDWgg_i1vpw7VeDqiU7Vm-fg2VdvRUZRi0suEwyxM3kGvFLrAqNe1sEhD8tZaHy37EE4lHsb0xECAwEAAaOCBHQwggRwMCcGCSsGAQQBgjcVCgQaMBgwCgYIKwYBBQUHAwEwCgYIKwYBBQUHAwIwPQYJKwYBBAGCNxUHBDAwLgYmKwYBBAGCNxUIhpDjDYTVtHiE8Ys-hZvdFs6dEoFghfmRS4WsmTQCAWQCAQcwggHLBggrBgEFBQcBAQSCAb0wggG5MGMGCCsGAQUFBzAChldodHRwOi8vY3JsLm1pY3Jvc29mdC5jb20vcGtpaW5mcmEvQ2VydHMvQ08xUEtJSU5UQ0EwMS5BTUUuR0JMX0FNRSUyMEluZnJhJTIwQ0ElMjAwNS5jcnQwUwYIKwYBBQUHMAKGR2h0dHA6Ly9jcmwxLmFtZS5nYmwvYWlhL0NPMVBLSUlOVENBMDEuQU1FLkdCTF9BTUUlMjBJbmZyYSUyMENBJTIwMDUuY3J0MFMGCCsGAQUFBzAChkdodHRwOi8vY3JsMi5hbWUuZ2JsL2FpYS9DTzFQS0lJTlRDQTAxLkFNRS5HQkxfQU1FJTIwSW5mcmElMjBDQSUyMDA1LmNydDBTBggrBgEFBQcwAoZHaHR0cDovL2NybDMuYW1lLmdibC9haWEvQ08xUEtJSU5UQ0EwMS5BTUUuR0JMX0FNRSUyMEluZnJhJTIwQ0ElMjAwNS5jcnQwUwYIKwYBBQUHMAKGR2h0dHA6Ly9jcmw0LmFtZS5nYmwvYWlhL0NPMVBLSUlOVENBMDEuQU1FLkdCTF9BTUUlMjBJbmZyYSUyMENBJTIwMDUuY3J0MB0GA1UdDgQWBBSxolT6o0RArX314MzmrvVeAiPlTDAOBgNVHQ8BAf8EBAMCBaAwggEmBgNVHR8EggEdMIIBGTCCARWgggERoIIBDYY_aHR0cDovL2NybC5taWNyb3NvZnQuY29tL3BraWluZnJhL0NSTC9BTUUlMjBJbmZyYSUyMENBJTIwMDUuY3JshjFodHRwOi8vY3JsMS5hbWUuZ2JsL2NybC9BTUUlMjBJbmZyYSUyMENBJTIwMDUuY3JshjFodHRwOi8vY3JsMi5hbWUuZ2JsL2NybC9BTUUlMjBJbmZyYSUyMENBJTIwMDUuY3JshjFodHRwOi8vY3JsMy5hbWUuZ2JsL2NybC9BTUUlMjBJbmZyYSUyMENBJTIwMDUuY3JshjFodHRwOi8vY3JsNC5hbWUuZ2JsL2NybC9BTUUlMjBJbmZyYSUyMENBJTIwMDUuY3JsMIGdBgNVHSAEgZUwgZIwDAYKKwYBBAGCN3sBATBmBgorBgEEAYI3ewICMFgwVgYIKwYBBQUHAgIwSh5IADMAMwBlADAAMQA5ADIAMQAtADQAZAA2ADQALQA0AGYAOABjAC0AYQAwADUANQAtADUAYgBkAGEAZgBmAGQANQBlADMAMwBkMAwGCisGAQQBgjd7AwEwDAYKKwYBBAGCN3sEAjAfBgNVHSMEGDAWgBR61hmFKHlscXYeYPjzS--iBUIWHTAdBgNVHSUEFjAUBggrBgEFBQcDAQYIKwYBBQUHAwIwDQYJKoZIhvcNAQELBQADggEBACmI8wsWYvetVpRdj9Qp4i8sA97cTAX7OHXDOQ1tISQSlpxko_k8u8iNB0IAf4F1pzqw9wETSwIAehWTsUYGGFTn0Tl48uoYK6tzUEJzAlk074qysHJXM5i0PYY12YTD585j9xNjYr-KANki4Rb1MtRlDClBTNUiw79tJveAT7slBVzM4yE15TkcdeVxLZNkWdndHu8HyJzYiNu3B8qdEU5PA1pZ1S9yquY-iFF6wFLZvR45-q00yUT_h2ldIpVY09BRgzpLRtc8OZDuv9HpSLojv_aQqV1HLdgwk4xhc24KuM7SCqWUYS1ruNbUOR29W_3qk8fiKucpiUdmopJMbJw&s=mE8A2jmEahTPlBCGO-uP4hS3KkTDR-ivlDSrQo4G3wAm8Enoed67ohkIprWEfN96T4D-L5CHI_qnCw_0lkL5drkHMyIRB_STuDR33uKDyAcoBtaRGythccekKzt7tvW0iLw6Ya4WXar_jpw0iyjpATQC2VS5Rmi-zMDUJIvE1qn6U0nqF6pvn1N2WxmB29L4h3lchpFugZKyZV_xQYdfsL-RZhGJhX2YUedqqYneM6tFOdheqzHSNqdGQ6GKT2ytINgblW6xw0i87WmRDfrr-2QsBAxmh6M_XPq9SLfaw436-C0BK54e87M1K8p-KZeXYPHe9PPHi_EtI64UPJXE0Q&h=qYUHwNGAnzsV5HzwDliWv23J-3vV1mK9u4Cz2lUiO7k"
        ],
        "x-ms-request-id": [
          "21e4af3c-07df-4741-93c8-41c99bc86623"
        ],
        "Azure-AsyncOperation": [
          "https://management.azure.com/subscriptions/0661b131-4a11-479b-96bf-2f95acca2f73/providers/Microsoft.NetApp/locations/westus2/operationResults/85c39f09-fd3d-4671-ac5f-4e7d880eb7de?api-version=2024-07-01&t=638651830350269537&c=MIIHhzCCBm-gAwIBAgITfAWHnYffOmFQPBQlYwAABYedhzANBgkqhkiG9w0BAQsFADBEMRMwEQYKCZImiZPyLGQBGRYDR0JMMRMwEQYKCZImiZPyLGQBGRYDQU1FMRgwFgYDVQQDEw9BTUUgSW5mcmEgQ0EgMDUwHhcNMjQwOTIyMTMwODA5WhcNMjUwMzIxMTMwODA5WjBAMT4wPAYDVQQDEzVhc3luY29wZXJhdGlvbnNpZ25pbmdjZXJ0aWZpY2F0ZS5tYW5hZ2VtZW50LmF6dXJlLmNvbTCCASIwDQYJKoZIhvcNAQEBBQADggEPADCCAQoCggEBALaG4e8e65ktp3eTeBAk6VhrNKydNqkELTKAbG6jWa6h6i3Nzrurci2Iso43JNATFZk6XGcweL-eQXm6vIBviHXzQOZw3LxEnjcLJ9e3Jq5bKM3JjYFeVD_ZXasVqpjRwIMq8MNVOSF2hzopSKm4tWStJXYabqRSj94BpAjxaThE0ndeaZCPBwRjacPswgV1N7HCKSHupre72mdcCUptx7yJoVTZ18SuhlnR4hotMvbnlmCxagZn8F8lBeNOl7LJ3VBEgW8qUxVffDWgg_i1vpw7VeDqiU7Vm-fg2VdvRUZRi0suEwyxM3kGvFLrAqNe1sEhD8tZaHy37EE4lHsb0xECAwEAAaOCBHQwggRwMCcGCSsGAQQBgjcVCgQaMBgwCgYIKwYBBQUHAwEwCgYIKwYBBQUHAwIwPQYJKwYBBAGCNxUHBDAwLgYmKwYBBAGCNxUIhpDjDYTVtHiE8Ys-hZvdFs6dEoFghfmRS4WsmTQCAWQCAQcwggHLBggrBgEFBQcBAQSCAb0wggG5MGMGCCsGAQUFBzAChldodHRwOi8vY3JsLm1pY3Jvc29mdC5jb20vcGtpaW5mcmEvQ2VydHMvQ08xUEtJSU5UQ0EwMS5BTUUuR0JMX0FNRSUyMEluZnJhJTIwQ0ElMjAwNS5jcnQwUwYIKwYBBQUHMAKGR2h0dHA6Ly9jcmwxLmFtZS5nYmwvYWlhL0NPMVBLSUlOVENBMDEuQU1FLkdCTF9BTUUlMjBJbmZyYSUyMENBJTIwMDUuY3J0MFMGCCsGAQUFBzAChkdodHRwOi8vY3JsMi5hbWUuZ2JsL2FpYS9DTzFQS0lJTlRDQTAxLkFNRS5HQkxfQU1FJTIwSW5mcmElMjBDQSUyMDA1LmNydDBTBggrBgEFBQcwAoZHaHR0cDovL2NybDMuYW1lLmdibC9haWEvQ08xUEtJSU5UQ0EwMS5BTUUuR0JMX0FNRSUyMEluZnJhJTIwQ0ElMjAwNS5jcnQwUwYIKwYBBQUHMAKGR2h0dHA6Ly9jcmw0LmFtZS5nYmwvYWlhL0NPMVBLSUlOVENBMDEuQU1FLkdCTF9BTUUlMjBJbmZyYSUyMENBJTIwMDUuY3J0MB0GA1UdDgQWBBSxolT6o0RArX314MzmrvVeAiPlTDAOBgNVHQ8BAf8EBAMCBaAwggEmBgNVHR8EggEdMIIBGTCCARWgggERoIIBDYY_aHR0cDovL2NybC5taWNyb3NvZnQuY29tL3BraWluZnJhL0NSTC9BTUUlMjBJbmZyYSUyMENBJTIwMDUuY3JshjFodHRwOi8vY3JsMS5hbWUuZ2JsL2NybC9BTUUlMjBJbmZyYSUyMENBJTIwMDUuY3JshjFodHRwOi8vY3JsMi5hbWUuZ2JsL2NybC9BTUUlMjBJbmZyYSUyMENBJTIwMDUuY3JshjFodHRwOi8vY3JsMy5hbWUuZ2JsL2NybC9BTUUlMjBJbmZyYSUyMENBJTIwMDUuY3JshjFodHRwOi8vY3JsNC5hbWUuZ2JsL2NybC9BTUUlMjBJbmZyYSUyMENBJTIwMDUuY3JsMIGdBgNVHSAEgZUwgZIwDAYKKwYBBAGCN3sBATBmBgorBgEEAYI3ewICMFgwVgYIKwYBBQUHAgIwSh5IADMAMwBlADAAMQA5ADIAMQAtADQAZAA2ADQALQA0AGYAOABjAC0AYQAwADUANQAtADUAYgBkAGEAZgBmAGQANQBlADMAMwBkMAwGCisGAQQBgjd7AwEwDAYKKwYBBAGCN3sEAjAfBgNVHSMEGDAWgBR61hmFKHlscXYeYPjzS--iBUIWHTAdBgNVHSUEFjAUBggrBgEFBQcDAQYIKwYBBQUHAwIwDQYJKoZIhvcNAQELBQADggEBACmI8wsWYvetVpRdj9Qp4i8sA97cTAX7OHXDOQ1tISQSlpxko_k8u8iNB0IAf4F1pzqw9wETSwIAehWTsUYGGFTn0Tl48uoYK6tzUEJzAlk074qysHJXM5i0PYY12YTD585j9xNjYr-KANki4Rb1MtRlDClBTNUiw79tJveAT7slBVzM4yE15TkcdeVxLZNkWdndHu8HyJzYiNu3B8qdEU5PA1pZ1S9yquY-iFF6wFLZvR45-q00yUT_h2ldIpVY09BRgzpLRtc8OZDuv9HpSLojv_aQqV1HLdgwk4xhc24KuM7SCqWUYS1ruNbUOR29W_3qk8fiKucpiUdmopJMbJw&s=J3EgerMNIOr9vVl7MjmjqedAUEokrWe_hqoQ1uV9PXxkZ4CrvhDWDeTcQG0G-lbYGzI-0tiBK4JWB8u23iRD1GEDzZjZ29cKXhnUd0Cjv5MO-8xTkO_SjlMVMY97Cdae-lQiE4S5hi2i8eb_kT7QytynTfXbibTCAyjKlkhsbku39lVkk-H6uykZ75EGSFRDs1eeQbACnWkVQcDmHe5XbPcSmPpb67EGa51cmiQzhBujFNBQLiospcP3V8ItQYhLjiWP-2Rz_DLn1-bbOsXB9Lu9eZcb2fcGLiuVtYsFtmtTV4qfajDkLLysD4qhpasxfkiDX2tEAtxX_Fab-p44hg&h=vXk3V23JMoIi1q3AbnofFZggpJbJtG4GPRzqqPjfH8M"
        ],
        "Strict-Transport-Security": [
          "max-age=31536000; includeSubDomains"
        ],
        "X-Powered-By": [
          "ASP.NET"
        ],
        "x-ms-ratelimit-remaining-subscription-writes": [
          "799"
        ],
        "x-ms-ratelimit-remaining-subscription-global-writes": [
          "11999"
        ],
        "x-ms-correlation-request-id": [
          "7d13d593-25ef-4d03-a110-05081c6d00a7"
        ],
        "x-ms-routing-request-id": [
          "NORTHEUROPE:20241022T083715Z:7d13d593-25ef-4d03-a110-05081c6d00a7"
        ],
        "X-Content-Type-Options": [
          "nosniff"
        ],
        "X-Cache": [
          "CONFIG_NOCACHE"
        ],
        "X-MSEdge-Ref": [
          "Ref A: CDC2EA2C05084E458A9705F2D6CC3EC8 Ref B: AMS231020512047 Ref C: 2024-10-22T08:37:13Z"
        ],
        "Date": [
          "Tue, 22 Oct 2024 08:37:14 GMT"
        ],
        "Content-Length": [
          "668"
        ],
        "Content-Type": [
          "application/json; charset=utf-8"
        ],
        "Expires": [
          "-1"
        ]
      },
      "ResponseBody": "{\r\n  \"id\": \"/subscriptions/0661b131-4a11-479b-96bf-2f95acca2f73/resourceGroups/ps3620/providers/Microsoft.NetApp/netAppAccounts/ps6419\",\r\n  \"name\": \"ps6419\",\r\n  \"type\": \"Microsoft.NetApp/netAppAccounts\",\r\n  \"etag\": \"W/\\\"datetime'2024-10-22T08%3A37%3A14.9287448Z'\\\"\",\r\n  \"location\": \"westus2\",\r\n  \"tags\": {\r\n    \"tag1\": \"tagValue1\",\r\n    \"CreatedOnDate\": \"2024-10-22T08:36:36.2378446Z\"\r\n  },\r\n  \"properties\": {\r\n    \"provisioningState\": \"Patching\",\r\n    \"encryption\": {\r\n      \"keySource\": \"Microsoft.NetApp\"\r\n    }\r\n  },\r\n  \"systemData\": {\r\n    \"createdBy\": \"b-aubald@microsoft.com\",\r\n    \"createdByType\": \"User\",\r\n    \"createdAt\": \"2024-10-22T08:36:37.642525Z\",\r\n    \"lastModifiedBy\": \"b-aubald@microsoft.com\",\r\n    \"lastModifiedByType\": \"User\",\r\n    \"lastModifiedAt\": \"2024-10-22T08:36:37.642525Z\"\r\n  }\r\n}",
      "StatusCode": 202
    },
    {
      "RequestUri": "/subscriptions/0661b131-4a11-479b-96bf-2f95acca2f73/resourceGroups/ps3620/providers/Microsoft.NetApp/netAppAccounts/ps6419?api-version=2024-07-01",
      "EncodedRequestUri": "L3N1YnNjcmlwdGlvbnMvMDY2MWIxMzEtNGExMS00NzliLTk2YmYtMmY5NWFjY2EyZjczL3Jlc291cmNlR3JvdXBzL3BzMzYyMC9wcm92aWRlcnMvTWljcm9zb2Z0Lk5ldEFwcC9uZXRBcHBBY2NvdW50cy9wczY0MTk/YXBpLXZlcnNpb249MjAyNC0wNy0wMQ==",
      "RequestMethod": "PATCH",
      "RequestHeaders": {
        "x-ms-client-request-id": [
          "cafb9a71-a948-44d1-a069-229a95f21321"
        ],
        "Accept-Language": [
          "en-US"
        ],
        "User-Agent": [
          "FxVersion/6.0.3324.36610",
          "OSName/Windows",
          "OSVersion/Microsoft.Windows.10.0.22631",
          "Microsoft.Azure.Management.NetApp.NetAppManagementClient/0.0.0.0"
        ],
        "Content-Type": [
          "application/json; charset=utf-8"
        ],
        "Content-Length": [
          "525"
        ]
      },
      "RequestBody": "{\r\n  \"properties\": {\r\n    \"activeDirectories\": [\r\n      {\r\n        \"activeDirectoryId\": \"72aa5148-bf5a-1d86-f0c5-d88903b8e44d\",\r\n        \"username\": \"sdkuser\",\r\n        \"password\": \"sdkpass\",\r\n        \"domain\": \"sdkdomain\",\r\n        \"dns\": \"192.0.2.2\",\r\n        \"smbServerName\": \"PSMBSName2\",\r\n        \"adName\": \"ps7652\",\r\n        \"aesEncryption\": false,\r\n        \"ldapSigning\": false,\r\n        \"ldapOverTLS\": false,\r\n        \"allowLocalNfsUsersWithLdap\": false,\r\n        \"encryptDCConnections\": false\r\n      }\r\n    ]\r\n  }\r\n}",
      "ResponseHeaders": {
        "Cache-Control": [
          "no-cache"
        ],
        "Pragma": [
          "no-cache"
        ],
        "ETag": [
          "W/\"datetime'2024-10-22T08%3A37%3A51.2705115Z'\""
        ],
        "Location": [
          "https://management.azure.com/subscriptions/0661b131-4a11-479b-96bf-2f95acca2f73/providers/Microsoft.NetApp/locations/westus2/operationResults/7f559a89-843d-4590-9c0e-82a1e0244575?api-version=2024-07-01&operationResultResponseType=Location&t=638651830713863887&c=MIIHhzCCBm-gAwIBAgITHgVsk7wYlHL1Y2-kJQAABWyTvDANBgkqhkiG9w0BAQsFADBEMRMwEQYKCZImiZPyLGQBGRYDR0JMMRMwEQYKCZImiZPyLGQBGRYDQU1FMRgwFgYDVQQDEw9BTUUgSW5mcmEgQ0EgMDYwHhcNMjQwOTIyMTEzNTA5WhcNMjUwMzIxMTEzNTA5WjBAMT4wPAYDVQQDEzVhc3luY29wZXJhdGlvbnNpZ25pbmdjZXJ0aWZpY2F0ZS5tYW5hZ2VtZW50LmF6dXJlLmNvbTCCASIwDQYJKoZIhvcNAQEBBQADggEPADCCAQoCggEBANUOVitRDOqLGFwSTbMsU5HIuyupfHqwB1wzGyrAxe6JgGRhfWE4R57fJPVErvMDSe1caIeYqXao8RLrDg-SVu4Q0RYmUg3etwj8-ruz2CdAX-NM89LKfZ88G0lFdKNdliX1-Fu3A8JAt9ghzC-QL-2c2soRdTHJamMfuy98o9JWmzoUEmmDBzAny5EPM5rNthrM46nNFuZpcHEn3CgbbVNAvFjPYjI2mgF8Nzirz996HU6F2g3t4qs5iHcvMDN6K0nN2BJ6OVsh7R30IiK0q9jiTT-EpUq-i5VUaytcFfgaU_I0lkL7v801foiR4u9jg8dxEx6HFUUxvhvZVbubCfkCAwEAAaOCBHQwggRwMCcGCSsGAQQBgjcVCgQaMBgwCgYIKwYBBQUHAwEwCgYIKwYBBQUHAwIwPQYJKwYBBAGCNxUHBDAwLgYmKwYBBAGCNxUIhpDjDYTVtHiE8Ys-hZvdFs6dEoFghfmRS4WsmTQCAWQCAQcwggHLBggrBgEFBQcBAQSCAb0wggG5MGMGCCsGAQUFBzAChldodHRwOi8vY3JsLm1pY3Jvc29mdC5jb20vcGtpaW5mcmEvQ2VydHMvQkwyUEtJSU5UQ0EwMi5BTUUuR0JMX0FNRSUyMEluZnJhJTIwQ0ElMjAwNi5jcnQwUwYIKwYBBQUHMAKGR2h0dHA6Ly9jcmwxLmFtZS5nYmwvYWlhL0JMMlBLSUlOVENBMDIuQU1FLkdCTF9BTUUlMjBJbmZyYSUyMENBJTIwMDYuY3J0MFMGCCsGAQUFBzAChkdodHRwOi8vY3JsMi5hbWUuZ2JsL2FpYS9CTDJQS0lJTlRDQTAyLkFNRS5HQkxfQU1FJTIwSW5mcmElMjBDQSUyMDA2LmNydDBTBggrBgEFBQcwAoZHaHR0cDovL2NybDMuYW1lLmdibC9haWEvQkwyUEtJSU5UQ0EwMi5BTUUuR0JMX0FNRSUyMEluZnJhJTIwQ0ElMjAwNi5jcnQwUwYIKwYBBQUHMAKGR2h0dHA6Ly9jcmw0LmFtZS5nYmwvYWlhL0JMMlBLSUlOVENBMDIuQU1FLkdCTF9BTUUlMjBJbmZyYSUyMENBJTIwMDYuY3J0MB0GA1UdDgQWBBS-Aa3u1H2wAscMElqPY409JEpTuzAOBgNVHQ8BAf8EBAMCBaAwggEmBgNVHR8EggEdMIIBGTCCARWgggERoIIBDYY_aHR0cDovL2NybC5taWNyb3NvZnQuY29tL3BraWluZnJhL0NSTC9BTUUlMjBJbmZyYSUyMENBJTIwMDYuY3JshjFodHRwOi8vY3JsMS5hbWUuZ2JsL2NybC9BTUUlMjBJbmZyYSUyMENBJTIwMDYuY3JshjFodHRwOi8vY3JsMi5hbWUuZ2JsL2NybC9BTUUlMjBJbmZyYSUyMENBJTIwMDYuY3JshjFodHRwOi8vY3JsMy5hbWUuZ2JsL2NybC9BTUUlMjBJbmZyYSUyMENBJTIwMDYuY3JshjFodHRwOi8vY3JsNC5hbWUuZ2JsL2NybC9BTUUlMjBJbmZyYSUyMENBJTIwMDYuY3JsMIGdBgNVHSAEgZUwgZIwDAYKKwYBBAGCN3sBATBmBgorBgEEAYI3ewICMFgwVgYIKwYBBQUHAgIwSh5IADMAMwBlADAAMQA5ADIAMQAtADQAZAA2ADQALQA0AGYAOABjAC0AYQAwADUANQAtADUAYgBkAGEAZgBmAGQANQBlADMAMwBkMAwGCisGAQQBgjd7AwEwDAYKKwYBBAGCN3sEAjAfBgNVHSMEGDAWgBTxRmjG8cPwKy19i2rhsvm-NfzRQTAdBgNVHSUEFjAUBggrBgEFBQcDAQYIKwYBBQUHAwIwDQYJKoZIhvcNAQELBQADggEBACZvgdmGII0w-lEHZLtUOu5CicMaDD6iGBcCdLF1cVOZHaC2iRhotf6Amyre6tp0Ruybb13PKSQlJe0O59MLnNlgRWL9eSJ7R3BzTLS4CIwgXefnAIIy0cPKrFHua1G8eEntN9T4fxUscDEocEW_0g5xNSolU8t3Bk6cap0p8PH82G-1Blw_mDOgpNXOjMqpANrCWAqg9JHahA1wi93z03TzRbZdexm4aLHn8VxTp9pG8te8mSvMNcb47TTkhqPSq6lm_bpbDOMqOB5FoZersdai7nj--srrQDcNy5yc47dopLkRCTvhwxlfdRgbgSJISk7konkaW8kiTzPi8rnA-bw&s=iB4xuk263mX9Kiczp6rYBaTvp8rFhhATPmk9rtjbl1RXOsblZn8-rTnAF6uK2gaUr2ap1uzOQaS2rxGSYu64U1DlEbo1EtMbcFwbp2Hq4ITJwpDe7sYnbeVTJevvKF2BZbnEJVVY8n_LT8HLf6l0cYm11qUIfLqAGXVVpd5ojOGAcYS25snfcp6ko7GDDkQ1zgsjm6aIPHIuwEgj6PPa8e7N8cJr47pH4etSEhl7F9OOWKOZw_0M1X4o_i_Fz1i-1NJMw51lr_JZizI0I-UosH9TwroRWUieFu0qCmaYXCB57Bmh5IZEwLGA9Z-r5er1Q9l7Z3tQ3-iJ6VpzAcCEgw&h=dvV9psGgPV1o2oPnyc48FHCol-gjqitBNZBey4k-iQg"
        ],
        "x-ms-request-id": [
          "17b93e63-fb9e-4427-96c3-91b5642131f6"
        ],
        "Azure-AsyncOperation": [
          "https://management.azure.com/subscriptions/0661b131-4a11-479b-96bf-2f95acca2f73/providers/Microsoft.NetApp/locations/westus2/operationResults/7f559a89-843d-4590-9c0e-82a1e0244575?api-version=2024-07-01&t=638651830713863887&c=MIIHhzCCBm-gAwIBAgITHgVsk7wYlHL1Y2-kJQAABWyTvDANBgkqhkiG9w0BAQsFADBEMRMwEQYKCZImiZPyLGQBGRYDR0JMMRMwEQYKCZImiZPyLGQBGRYDQU1FMRgwFgYDVQQDEw9BTUUgSW5mcmEgQ0EgMDYwHhcNMjQwOTIyMTEzNTA5WhcNMjUwMzIxMTEzNTA5WjBAMT4wPAYDVQQDEzVhc3luY29wZXJhdGlvbnNpZ25pbmdjZXJ0aWZpY2F0ZS5tYW5hZ2VtZW50LmF6dXJlLmNvbTCCASIwDQYJKoZIhvcNAQEBBQADggEPADCCAQoCggEBANUOVitRDOqLGFwSTbMsU5HIuyupfHqwB1wzGyrAxe6JgGRhfWE4R57fJPVErvMDSe1caIeYqXao8RLrDg-SVu4Q0RYmUg3etwj8-ruz2CdAX-NM89LKfZ88G0lFdKNdliX1-Fu3A8JAt9ghzC-QL-2c2soRdTHJamMfuy98o9JWmzoUEmmDBzAny5EPM5rNthrM46nNFuZpcHEn3CgbbVNAvFjPYjI2mgF8Nzirz996HU6F2g3t4qs5iHcvMDN6K0nN2BJ6OVsh7R30IiK0q9jiTT-EpUq-i5VUaytcFfgaU_I0lkL7v801foiR4u9jg8dxEx6HFUUxvhvZVbubCfkCAwEAAaOCBHQwggRwMCcGCSsGAQQBgjcVCgQaMBgwCgYIKwYBBQUHAwEwCgYIKwYBBQUHAwIwPQYJKwYBBAGCNxUHBDAwLgYmKwYBBAGCNxUIhpDjDYTVtHiE8Ys-hZvdFs6dEoFghfmRS4WsmTQCAWQCAQcwggHLBggrBgEFBQcBAQSCAb0wggG5MGMGCCsGAQUFBzAChldodHRwOi8vY3JsLm1pY3Jvc29mdC5jb20vcGtpaW5mcmEvQ2VydHMvQkwyUEtJSU5UQ0EwMi5BTUUuR0JMX0FNRSUyMEluZnJhJTIwQ0ElMjAwNi5jcnQwUwYIKwYBBQUHMAKGR2h0dHA6Ly9jcmwxLmFtZS5nYmwvYWlhL0JMMlBLSUlOVENBMDIuQU1FLkdCTF9BTUUlMjBJbmZyYSUyMENBJTIwMDYuY3J0MFMGCCsGAQUFBzAChkdodHRwOi8vY3JsMi5hbWUuZ2JsL2FpYS9CTDJQS0lJTlRDQTAyLkFNRS5HQkxfQU1FJTIwSW5mcmElMjBDQSUyMDA2LmNydDBTBggrBgEFBQcwAoZHaHR0cDovL2NybDMuYW1lLmdibC9haWEvQkwyUEtJSU5UQ0EwMi5BTUUuR0JMX0FNRSUyMEluZnJhJTIwQ0ElMjAwNi5jcnQwUwYIKwYBBQUHMAKGR2h0dHA6Ly9jcmw0LmFtZS5nYmwvYWlhL0JMMlBLSUlOVENBMDIuQU1FLkdCTF9BTUUlMjBJbmZyYSUyMENBJTIwMDYuY3J0MB0GA1UdDgQWBBS-Aa3u1H2wAscMElqPY409JEpTuzAOBgNVHQ8BAf8EBAMCBaAwggEmBgNVHR8EggEdMIIBGTCCARWgggERoIIBDYY_aHR0cDovL2NybC5taWNyb3NvZnQuY29tL3BraWluZnJhL0NSTC9BTUUlMjBJbmZyYSUyMENBJTIwMDYuY3JshjFodHRwOi8vY3JsMS5hbWUuZ2JsL2NybC9BTUUlMjBJbmZyYSUyMENBJTIwMDYuY3JshjFodHRwOi8vY3JsMi5hbWUuZ2JsL2NybC9BTUUlMjBJbmZyYSUyMENBJTIwMDYuY3JshjFodHRwOi8vY3JsMy5hbWUuZ2JsL2NybC9BTUUlMjBJbmZyYSUyMENBJTIwMDYuY3JshjFodHRwOi8vY3JsNC5hbWUuZ2JsL2NybC9BTUUlMjBJbmZyYSUyMENBJTIwMDYuY3JsMIGdBgNVHSAEgZUwgZIwDAYKKwYBBAGCN3sBATBmBgorBgEEAYI3ewICMFgwVgYIKwYBBQUHAgIwSh5IADMAMwBlADAAMQA5ADIAMQAtADQAZAA2ADQALQA0AGYAOABjAC0AYQAwADUANQAtADUAYgBkAGEAZgBmAGQANQBlADMAMwBkMAwGCisGAQQBgjd7AwEwDAYKKwYBBAGCN3sEAjAfBgNVHSMEGDAWgBTxRmjG8cPwKy19i2rhsvm-NfzRQTAdBgNVHSUEFjAUBggrBgEFBQcDAQYIKwYBBQUHAwIwDQYJKoZIhvcNAQELBQADggEBACZvgdmGII0w-lEHZLtUOu5CicMaDD6iGBcCdLF1cVOZHaC2iRhotf6Amyre6tp0Ruybb13PKSQlJe0O59MLnNlgRWL9eSJ7R3BzTLS4CIwgXefnAIIy0cPKrFHua1G8eEntN9T4fxUscDEocEW_0g5xNSolU8t3Bk6cap0p8PH82G-1Blw_mDOgpNXOjMqpANrCWAqg9JHahA1wi93z03TzRbZdexm4aLHn8VxTp9pG8te8mSvMNcb47TTkhqPSq6lm_bpbDOMqOB5FoZersdai7nj--srrQDcNy5yc47dopLkRCTvhwxlfdRgbgSJISk7konkaW8kiTzPi8rnA-bw&s=iB4xuk263mX9Kiczp6rYBaTvp8rFhhATPmk9rtjbl1RXOsblZn8-rTnAF6uK2gaUr2ap1uzOQaS2rxGSYu64U1DlEbo1EtMbcFwbp2Hq4ITJwpDe7sYnbeVTJevvKF2BZbnEJVVY8n_LT8HLf6l0cYm11qUIfLqAGXVVpd5ojOGAcYS25snfcp6ko7GDDkQ1zgsjm6aIPHIuwEgj6PPa8e7N8cJr47pH4etSEhl7F9OOWKOZw_0M1X4o_i_Fz1i-1NJMw51lr_JZizI0I-UosH9TwroRWUieFu0qCmaYXCB57Bmh5IZEwLGA9Z-r5er1Q9l7Z3tQ3-iJ6VpzAcCEgw&h=dvV9psGgPV1o2oPnyc48FHCol-gjqitBNZBey4k-iQg"
        ],
        "Strict-Transport-Security": [
          "max-age=31536000; includeSubDomains"
        ],
        "X-Powered-By": [
          "ASP.NET"
        ],
        "x-ms-ratelimit-remaining-subscription-writes": [
          "799"
        ],
        "x-ms-ratelimit-remaining-subscription-global-writes": [
          "11999"
        ],
        "x-ms-correlation-request-id": [
          "25113ff5-905b-4c47-a60d-7c3621c3371b"
        ],
        "x-ms-routing-request-id": [
          "UKWEST:20241022T083751Z:25113ff5-905b-4c47-a60d-7c3621c3371b"
        ],
        "X-Content-Type-Options": [
          "nosniff"
        ],
        "X-Cache": [
          "CONFIG_NOCACHE"
        ],
        "X-MSEdge-Ref": [
          "Ref A: F9FFDBE77AC8493F95389BB8C5C25619 Ref B: AMS231020614047 Ref C: 2024-10-22T08:37:49Z"
        ],
        "Date": [
          "Tue, 22 Oct 2024 08:37:50 GMT"
        ],
        "Content-Length": [
          "1091"
        ],
        "Content-Type": [
          "application/json; charset=utf-8"
        ],
        "Expires": [
          "-1"
        ]
      },
      "ResponseBody": "{\r\n  \"id\": \"/subscriptions/0661b131-4a11-479b-96bf-2f95acca2f73/resourceGroups/ps3620/providers/Microsoft.NetApp/netAppAccounts/ps6419\",\r\n  \"name\": \"ps6419\",\r\n  \"type\": \"Microsoft.NetApp/netAppAccounts\",\r\n  \"etag\": \"W/\\\"datetime'2024-10-22T08%3A37%3A51.2705115Z'\\\"\",\r\n  \"location\": \"westus2\",\r\n  \"tags\": {\r\n    \"tag1\": \"tagValue1\",\r\n    \"CreatedOnDate\": \"2024-10-22T08:36:36.2378446Z\"\r\n  },\r\n  \"properties\": {\r\n    \"provisioningState\": \"Patching\",\r\n    \"activeDirectories\": [\r\n      {\r\n        \"activeDirectoryId\": \"72aa5148-bf5a-1d86-f0c5-d88903b8e44d\",\r\n        \"username\": \"sdkuser\",\r\n        \"password\": \"****************\",\r\n        \"domain\": \"sdkdomain\",\r\n        \"dns\": \"192.0.2.2\",\r\n        \"status\": \"Created\",\r\n        \"smbServerName\": \"PSSMBSName\",\r\n        \"organizationalUnit\": \"CN=Computers\",\r\n        \"adName\": \"ps7652\",\r\n        \"aesEncryption\": false,\r\n        \"ldapSigning\": false,\r\n        \"ldapOverTLS\": false,\r\n        \"allowLocalNfsUsersWithLdap\": false,\r\n        \"encryptDCConnections\": false,\r\n        \"ldapSearchScope\": {}\r\n      }\r\n    ],\r\n    \"encryption\": {\r\n      \"keySource\": \"Microsoft.NetApp\"\r\n    }\r\n  },\r\n  \"systemData\": {\r\n    \"createdBy\": \"b-aubald@microsoft.com\",\r\n    \"createdByType\": \"User\",\r\n    \"createdAt\": \"2024-10-22T08:36:37.642525Z\",\r\n    \"lastModifiedBy\": \"b-aubald@microsoft.com\",\r\n    \"lastModifiedByType\": \"User\",\r\n    \"lastModifiedAt\": \"2024-10-22T08:37:14.4019395Z\"\r\n  }\r\n}",
      "StatusCode": 202
    },
    {
      "RequestUri": "/subscriptions/0661b131-4a11-479b-96bf-2f95acca2f73/providers/Microsoft.NetApp/locations/westus2/operationResults/85c39f09-fd3d-4671-ac5f-4e7d880eb7de?api-version=2024-07-01&t=638651830350269537&c=MIIHhzCCBm-gAwIBAgITfAWHnYffOmFQPBQlYwAABYedhzANBgkqhkiG9w0BAQsFADBEMRMwEQYKCZImiZPyLGQBGRYDR0JMMRMwEQYKCZImiZPyLGQBGRYDQU1FMRgwFgYDVQQDEw9BTUUgSW5mcmEgQ0EgMDUwHhcNMjQwOTIyMTMwODA5WhcNMjUwMzIxMTMwODA5WjBAMT4wPAYDVQQDEzVhc3luY29wZXJhdGlvbnNpZ25pbmdjZXJ0aWZpY2F0ZS5tYW5hZ2VtZW50LmF6dXJlLmNvbTCCASIwDQYJKoZIhvcNAQEBBQADggEPADCCAQoCggEBALaG4e8e65ktp3eTeBAk6VhrNKydNqkELTKAbG6jWa6h6i3Nzrurci2Iso43JNATFZk6XGcweL-eQXm6vIBviHXzQOZw3LxEnjcLJ9e3Jq5bKM3JjYFeVD_ZXasVqpjRwIMq8MNVOSF2hzopSKm4tWStJXYabqRSj94BpAjxaThE0ndeaZCPBwRjacPswgV1N7HCKSHupre72mdcCUptx7yJoVTZ18SuhlnR4hotMvbnlmCxagZn8F8lBeNOl7LJ3VBEgW8qUxVffDWgg_i1vpw7VeDqiU7Vm-fg2VdvRUZRi0suEwyxM3kGvFLrAqNe1sEhD8tZaHy37EE4lHsb0xECAwEAAaOCBHQwggRwMCcGCSsGAQQBgjcVCgQaMBgwCgYIKwYBBQUHAwEwCgYIKwYBBQUHAwIwPQYJKwYBBAGCNxUHBDAwLgYmKwYBBAGCNxUIhpDjDYTVtHiE8Ys-hZvdFs6dEoFghfmRS4WsmTQCAWQCAQcwggHLBggrBgEFBQcBAQSCAb0wggG5MGMGCCsGAQUFBzAChldodHRwOi8vY3JsLm1pY3Jvc29mdC5jb20vcGtpaW5mcmEvQ2VydHMvQ08xUEtJSU5UQ0EwMS5BTUUuR0JMX0FNRSUyMEluZnJhJTIwQ0ElMjAwNS5jcnQwUwYIKwYBBQUHMAKGR2h0dHA6Ly9jcmwxLmFtZS5nYmwvYWlhL0NPMVBLSUlOVENBMDEuQU1FLkdCTF9BTUUlMjBJbmZyYSUyMENBJTIwMDUuY3J0MFMGCCsGAQUFBzAChkdodHRwOi8vY3JsMi5hbWUuZ2JsL2FpYS9DTzFQS0lJTlRDQTAxLkFNRS5HQkxfQU1FJTIwSW5mcmElMjBDQSUyMDA1LmNydDBTBggrBgEFBQcwAoZHaHR0cDovL2NybDMuYW1lLmdibC9haWEvQ08xUEtJSU5UQ0EwMS5BTUUuR0JMX0FNRSUyMEluZnJhJTIwQ0ElMjAwNS5jcnQwUwYIKwYBBQUHMAKGR2h0dHA6Ly9jcmw0LmFtZS5nYmwvYWlhL0NPMVBLSUlOVENBMDEuQU1FLkdCTF9BTUUlMjBJbmZyYSUyMENBJTIwMDUuY3J0MB0GA1UdDgQWBBSxolT6o0RArX314MzmrvVeAiPlTDAOBgNVHQ8BAf8EBAMCBaAwggEmBgNVHR8EggEdMIIBGTCCARWgggERoIIBDYY_aHR0cDovL2NybC5taWNyb3NvZnQuY29tL3BraWluZnJhL0NSTC9BTUUlMjBJbmZyYSUyMENBJTIwMDUuY3JshjFodHRwOi8vY3JsMS5hbWUuZ2JsL2NybC9BTUUlMjBJbmZyYSUyMENBJTIwMDUuY3JshjFodHRwOi8vY3JsMi5hbWUuZ2JsL2NybC9BTUUlMjBJbmZyYSUyMENBJTIwMDUuY3JshjFodHRwOi8vY3JsMy5hbWUuZ2JsL2NybC9BTUUlMjBJbmZyYSUyMENBJTIwMDUuY3JshjFodHRwOi8vY3JsNC5hbWUuZ2JsL2NybC9BTUUlMjBJbmZyYSUyMENBJTIwMDUuY3JsMIGdBgNVHSAEgZUwgZIwDAYKKwYBBAGCN3sBATBmBgorBgEEAYI3ewICMFgwVgYIKwYBBQUHAgIwSh5IADMAMwBlADAAMQA5ADIAMQAtADQAZAA2ADQALQA0AGYAOABjAC0AYQAwADUANQAtADUAYgBkAGEAZgBmAGQANQBlADMAMwBkMAwGCisGAQQBgjd7AwEwDAYKKwYBBAGCN3sEAjAfBgNVHSMEGDAWgBR61hmFKHlscXYeYPjzS--iBUIWHTAdBgNVHSUEFjAUBggrBgEFBQcDAQYIKwYBBQUHAwIwDQYJKoZIhvcNAQELBQADggEBACmI8wsWYvetVpRdj9Qp4i8sA97cTAX7OHXDOQ1tISQSlpxko_k8u8iNB0IAf4F1pzqw9wETSwIAehWTsUYGGFTn0Tl48uoYK6tzUEJzAlk074qysHJXM5i0PYY12YTD585j9xNjYr-KANki4Rb1MtRlDClBTNUiw79tJveAT7slBVzM4yE15TkcdeVxLZNkWdndHu8HyJzYiNu3B8qdEU5PA1pZ1S9yquY-iFF6wFLZvR45-q00yUT_h2ldIpVY09BRgzpLRtc8OZDuv9HpSLojv_aQqV1HLdgwk4xhc24KuM7SCqWUYS1ruNbUOR29W_3qk8fiKucpiUdmopJMbJw&s=J3EgerMNIOr9vVl7MjmjqedAUEokrWe_hqoQ1uV9PXxkZ4CrvhDWDeTcQG0G-lbYGzI-0tiBK4JWB8u23iRD1GEDzZjZ29cKXhnUd0Cjv5MO-8xTkO_SjlMVMY97Cdae-lQiE4S5hi2i8eb_kT7QytynTfXbibTCAyjKlkhsbku39lVkk-H6uykZ75EGSFRDs1eeQbACnWkVQcDmHe5XbPcSmPpb67EGa51cmiQzhBujFNBQLiospcP3V8ItQYhLjiWP-2Rz_DLn1-bbOsXB9Lu9eZcb2fcGLiuVtYsFtmtTV4qfajDkLLysD4qhpasxfkiDX2tEAtxX_Fab-p44hg&h=vXk3V23JMoIi1q3AbnofFZggpJbJtG4GPRzqqPjfH8M",
      "EncodedRequestUri": "L3N1YnNjcmlwdGlvbnMvMDY2MWIxMzEtNGExMS00NzliLTk2YmYtMmY5NWFjY2EyZjczL3Byb3ZpZGVycy9NaWNyb3NvZnQuTmV0QXBwL2xvY2F0aW9ucy93ZXN0dXMyL29wZXJhdGlvblJlc3VsdHMvODVjMzlmMDktZmQzZC00NjcxLWFjNWYtNGU3ZDg4MGViN2RlP2FwaS12ZXJzaW9uPTIwMjQtMDctMDEmdD02Mzg2NTE4MzAzNTAyNjk1MzcmYz1NSUlIaHpDQ0JtLWdBd0lCQWdJVGZBV0huWWZmT21GUVBCUWxZd0FBQlllZGh6QU5CZ2txaGtpRzl3MEJBUXNGQURCRU1STXdFUVlLQ1pJbWlaUHlMR1FCR1JZRFIwSk1NUk13RVFZS0NaSW1pWlB5TEdRQkdSWURRVTFGTVJnd0ZnWURWUVFERXc5QlRVVWdTVzVtY21FZ1EwRWdNRFV3SGhjTk1qUXdPVEl5TVRNd09EQTVXaGNOTWpVd016SXhNVE13T0RBNVdqQkFNVDR3UEFZRFZRUURFelZoYzNsdVkyOXdaWEpoZEdsdmJuTnBaMjVwYm1kalpYSjBhV1pwWTJGMFpTNXRZVzVoWjJWdFpXNTBMbUY2ZFhKbExtTnZiVENDQVNJd0RRWUpLb1pJaHZjTkFRRUJCUUFEZ2dFUEFEQ0NBUW9DZ2dFQkFMYUc0ZThlNjVrdHAzZVRlQkFrNlZock5LeWROcWtFTFRLQWJHNmpXYTZoNmkzTnpydXJjaTJJc280M0pOQVRGWms2WEdjd2VMLWVRWG02dklCdmlIWHpRT1p3M0x4RW5qY0xKOWUzSnE1YktNM0pqWUZlVkRfWlhhc1ZxcGpSd0lNcThNTlZPU0YyaHpvcFNLbTR0V1N0SlhZYWJxUlNqOTRCcEFqeGFUaEUwbmRlYVpDUEJ3UmphY1Bzd2dWMU43SENLU0h1cHJlNzJtZGNDVXB0eDd5Sm9WVFoxOFN1aGxuUjRob3RNdmJubG1DeGFnWm44RjhsQmVOT2w3TEozVkJFZ1c4cVV4VmZmRFdnZ19pMXZwdzdWZURxaVU3Vm0tZmcyVmR2UlVaUmkwc3VFd3l4TTNrR3ZGTHJBcU5lMXNFaEQ4dFphSHkzN0VFNGxIc2IweEVDQXdFQUFhT0NCSFF3Z2dSd01DY0dDU3NHQVFRQmdqY1ZDZ1FhTUJnd0NnWUlLd1lCQlFVSEF3RXdDZ1lJS3dZQkJRVUhBd0l3UFFZSkt3WUJCQUdDTnhVSEJEQXdMZ1ltS3dZQkJBR0NOeFVJaHBEakRZVFZ0SGlFOFlzLWhadmRGczZkRW9GZ2hmbVJTNFdzbVRRQ0FXUUNBUWN3Z2dITEJnZ3JCZ0VGQlFjQkFRU0NBYjB3Z2dHNU1HTUdDQ3NHQVFVRkJ6QUNobGRvZEhSd09pOHZZM0pzTG0xcFkzSnZjMjltZEM1amIyMHZjR3RwYVc1bWNtRXZRMlZ5ZEhNdlEwOHhVRXRKU1U1VVEwRXdNUzVCVFVVdVIwSk1YMEZOUlNVeU1FbHVabkpoSlRJd1EwRWxNakF3TlM1amNuUXdVd1lJS3dZQkJRVUhNQUtHUjJoMGRIQTZMeTlqY213eExtRnRaUzVuWW13dllXbGhMME5QTVZCTFNVbE9WRU5CTURFdVFVMUZMa2RDVEY5QlRVVWxNakJKYm1aeVlTVXlNRU5CSlRJd01EVXVZM0owTUZNR0NDc0dBUVVGQnpBQ2hrZG9kSFJ3T2k4dlkzSnNNaTVoYldVdVoySnNMMkZwWVM5RFR6RlFTMGxKVGxSRFFUQXhMa0ZOUlM1SFFreGZRVTFGSlRJd1NXNW1jbUVsTWpCRFFTVXlNREExTG1OeWREQlRCZ2dyQmdFRkJRY3dBb1pIYUhSMGNEb3ZMMk55YkRNdVlXMWxMbWRpYkM5aGFXRXZRMDh4VUV0SlNVNVVRMEV3TVM1QlRVVXVSMEpNWDBGTlJTVXlNRWx1Wm5KaEpUSXdRMEVsTWpBd05TNWpjblF3VXdZSUt3WUJCUVVITUFLR1IyaDBkSEE2THk5amNtdzBMbUZ0WlM1blltd3ZZV2xoTDBOUE1WQkxTVWxPVkVOQk1ERXVRVTFGTGtkQ1RGOUJUVVVsTWpCSmJtWnlZU1V5TUVOQkpUSXdNRFV1WTNKME1CMEdBMVVkRGdRV0JCU3hvbFQ2bzBSQXJYMzE0TXptcnZWZUFpUGxUREFPQmdOVkhROEJBZjhFQkFNQ0JhQXdnZ0VtQmdOVkhSOEVnZ0VkTUlJQkdUQ0NBUldnZ2dFUm9JSUJEWVlfYUhSMGNEb3ZMMk55YkM1dGFXTnliM052Wm5RdVkyOXRMM0JyYVdsdVpuSmhMME5TVEM5QlRVVWxNakJKYm1aeVlTVXlNRU5CSlRJd01EVXVZM0pzaGpGb2RIUndPaTh2WTNKc01TNWhiV1V1WjJKc0wyTnliQzlCVFVVbE1qQkpibVp5WVNVeU1FTkJKVEl3TURVdVkzSnNoakZvZEhSd09pOHZZM0pzTWk1aGJXVXVaMkpzTDJOeWJDOUJUVVVsTWpCSmJtWnlZU1V5TUVOQkpUSXdNRFV1WTNKc2hqRm9kSFJ3T2k4dlkzSnNNeTVoYldVdVoySnNMMk55YkM5QlRVVWxNakJKYm1aeVlTVXlNRU5CSlRJd01EVXVZM0pzaGpGb2RIUndPaTh2WTNKc05DNWhiV1V1WjJKc0wyTnliQzlCVFVVbE1qQkpibVp5WVNVeU1FTkJKVEl3TURVdVkzSnNNSUdkQmdOVkhTQUVnWlV3Z1pJd0RBWUtLd1lCQkFHQ04zc0JBVEJtQmdvckJnRUVBWUkzZXdJQ01GZ3dWZ1lJS3dZQkJRVUhBZ0l3U2g1SUFETUFNd0JsQURBQU1RQTVBRElBTVFBdEFEUUFaQUEyQURRQUxRQTBBR1lBT0FCakFDMEFZUUF3QURVQU5RQXRBRFVBWWdCa0FHRUFaZ0JtQUdRQU5RQmxBRE1BTXdCa01Bd0dDaXNHQVFRQmdqZDdBd0V3REFZS0t3WUJCQUdDTjNzRUFqQWZCZ05WSFNNRUdEQVdnQlI2MWhtRktIbHNjWFllWVBqelMtLWlCVUlXSFRBZEJnTlZIU1VFRmpBVUJnZ3JCZ0VGQlFjREFRWUlLd1lCQlFVSEF3SXdEUVlKS29aSWh2Y05BUUVMQlFBRGdnRUJBQ21JOHdzV1l2ZXRWcFJkajlRcDRpOHNBOTdjVEFYN09IWERPUTF0SVNRU2xweGtvX2s4dThpTkIwSUFmNEYxcHpxdzl3RVRTd0lBZWhXVHNVWUdHRlRuMFRsNDh1b1lLNnR6VUVKekFsazA3NHF5c0hKWE01aTBQWVkxMllURDU4NWo5eE5qWXItS0FOa2k0UmIxTXRSbERDbEJUTlVpdzc5dEp2ZUFUN3NsQlZ6TTR5RTE1VGtjZGVWeExaTmtXZG5kSHU4SHlKellpTnUzQjhxZEVVNVBBMXBaMVM5eXF1WS1pRkY2d0ZMWnZSNDUtcTAweVVUX2gybGRJcFZZMDlCUmd6cExSdGM4T1pEdXY5SHBTTG9qdl9hUXFWMUhMZGd3azR4aGMyNEt1TTdTQ3FXVVlTMXJ1TmJVT1IyOVdfM3FrOGZpS3VjcGlVZG1vcEpNYkp3JnM9SjNFZ2VyTU5JT3I5dlZsN01qbWpxZWRBVUVva3JXZV9ocW9RMXVWOVBYeGtaNENydmhEV0RlVGNRRzBHLWxiWUd6SS0wdGlCSzRKV0I4dTIzaVJEMUdFRHpaaloyOWNLWGhuVWQwQ2p2NU1PLTh4VGtPX1NqbE1WTVk5N0NkYWUtbFFpRTRTNWhpMmk4ZWJfa1Q3UXl0eW5UZlhiaWJUQ0F5aktsa2hzYmt1MzlsVmtrLUg2dXlrWjc1RUdTRlJEczFlZVFiQUNuV2tWUWNEbUhlNVhiUGNTbVBwYjY3RUdhNTFjbWlRemhCdWpGTkJRTGlvc3BjUDNWOEl0UVloTGppV1AtMlJ6X0RMbjEtYmJPc1hCOUx1OWVaY2IyZmNHTGl1VnRZc0Z0bXRUVjRxZmFqRGtMTHlzRDRxaHBhc3hma2lEWDJ0RUF0eFhfRmFiLXA0NGhnJmg9dlhrM1YyM0pNb0lpMXEzQWJub2ZGWmdncEpiSnRHNEdQUnpxcVBqZkg4TQ==",
      "RequestMethod": "GET",
      "RequestHeaders": {
        "x-ms-client-request-id": [
          "652d4ad4-38d0-40fe-8996-e8105ddc13d7"
        ],
        "User-Agent": [
          "FxVersion/6.0.3324.36610",
          "OSName/Windows",
          "OSVersion/Microsoft.Windows.10.0.22631",
          "Microsoft.Azure.Management.NetApp.NetAppManagementClient/0.0.0.0"
        ]
      },
      "RequestBody": "",
      "ResponseHeaders": {
        "Cache-Control": [
          "no-cache"
        ],
        "Pragma": [
          "no-cache"
        ],
        "x-ms-request-id": [
          "ecce7365-3d46-4ba4-bb62-880f74108002"
        ],
        "Strict-Transport-Security": [
          "max-age=31536000; includeSubDomains"
        ],
        "X-Powered-By": [
          "ASP.NET"
        ],
        "x-ms-ratelimit-remaining-subscription-reads": [
          "1099"
        ],
        "x-ms-ratelimit-remaining-subscription-global-reads": [
          "16499"
        ],
        "x-ms-correlation-request-id": [
          "1e1ec249-84f9-4156-8176-2ec5ec749ae4"
        ],
        "x-ms-routing-request-id": [
          "NORTHEUROPE:20241022T083745Z:1e1ec249-84f9-4156-8176-2ec5ec749ae4"
        ],
        "X-Content-Type-Options": [
          "nosniff"
        ],
        "X-Cache": [
          "CONFIG_NOCACHE"
        ],
        "X-MSEdge-Ref": [
          "Ref A: E986DA5328E74CD39B2A770297E85DB7 Ref B: AMS231020512047 Ref C: 2024-10-22T08:37:45Z"
        ],
        "Date": [
          "Tue, 22 Oct 2024 08:37:44 GMT"
        ],
        "Content-Length": [
          "506"
        ],
        "Content-Type": [
          "application/json; charset=utf-8"
        ],
        "Expires": [
          "-1"
        ]
      },
      "ResponseBody": "{\r\n  \"id\": \"/subscriptions/0661b131-4a11-479b-96bf-2f95acca2f73/providers/Microsoft.NetApp/locations/westus2/operationResults/85c39f09-fd3d-4671-ac5f-4e7d880eb7de\",\r\n  \"name\": \"85c39f09-fd3d-4671-ac5f-4e7d880eb7de\",\r\n  \"status\": \"Succeeded\",\r\n  \"startTime\": \"2024-10-22T08:37:14.8785042Z\",\r\n  \"endTime\": \"2024-10-22T08:37:15.1349268Z\",\r\n  \"percentComplete\": 100.0,\r\n  \"properties\": {\r\n    \"resourceName\": \"/subscriptions/0661b131-4a11-479b-96bf-2f95acca2f73/resourceGroups/ps3620/providers/Microsoft.NetApp/netAppAccounts/ps6419\",\r\n    \"action\": \"PATCH\"\r\n  }\r\n}",
      "StatusCode": 200
    },
    {
      "RequestUri": "/subscriptions/0661b131-4a11-479b-96bf-2f95acca2f73/providers/Microsoft.NetApp/locations/westus2/operationResults/7f559a89-843d-4590-9c0e-82a1e0244575?api-version=2024-07-01&t=638651830713863887&c=MIIHhzCCBm-gAwIBAgITHgVsk7wYlHL1Y2-kJQAABWyTvDANBgkqhkiG9w0BAQsFADBEMRMwEQYKCZImiZPyLGQBGRYDR0JMMRMwEQYKCZImiZPyLGQBGRYDQU1FMRgwFgYDVQQDEw9BTUUgSW5mcmEgQ0EgMDYwHhcNMjQwOTIyMTEzNTA5WhcNMjUwMzIxMTEzNTA5WjBAMT4wPAYDVQQDEzVhc3luY29wZXJhdGlvbnNpZ25pbmdjZXJ0aWZpY2F0ZS5tYW5hZ2VtZW50LmF6dXJlLmNvbTCCASIwDQYJKoZIhvcNAQEBBQADggEPADCCAQoCggEBANUOVitRDOqLGFwSTbMsU5HIuyupfHqwB1wzGyrAxe6JgGRhfWE4R57fJPVErvMDSe1caIeYqXao8RLrDg-SVu4Q0RYmUg3etwj8-ruz2CdAX-NM89LKfZ88G0lFdKNdliX1-Fu3A8JAt9ghzC-QL-2c2soRdTHJamMfuy98o9JWmzoUEmmDBzAny5EPM5rNthrM46nNFuZpcHEn3CgbbVNAvFjPYjI2mgF8Nzirz996HU6F2g3t4qs5iHcvMDN6K0nN2BJ6OVsh7R30IiK0q9jiTT-EpUq-i5VUaytcFfgaU_I0lkL7v801foiR4u9jg8dxEx6HFUUxvhvZVbubCfkCAwEAAaOCBHQwggRwMCcGCSsGAQQBgjcVCgQaMBgwCgYIKwYBBQUHAwEwCgYIKwYBBQUHAwIwPQYJKwYBBAGCNxUHBDAwLgYmKwYBBAGCNxUIhpDjDYTVtHiE8Ys-hZvdFs6dEoFghfmRS4WsmTQCAWQCAQcwggHLBggrBgEFBQcBAQSCAb0wggG5MGMGCCsGAQUFBzAChldodHRwOi8vY3JsLm1pY3Jvc29mdC5jb20vcGtpaW5mcmEvQ2VydHMvQkwyUEtJSU5UQ0EwMi5BTUUuR0JMX0FNRSUyMEluZnJhJTIwQ0ElMjAwNi5jcnQwUwYIKwYBBQUHMAKGR2h0dHA6Ly9jcmwxLmFtZS5nYmwvYWlhL0JMMlBLSUlOVENBMDIuQU1FLkdCTF9BTUUlMjBJbmZyYSUyMENBJTIwMDYuY3J0MFMGCCsGAQUFBzAChkdodHRwOi8vY3JsMi5hbWUuZ2JsL2FpYS9CTDJQS0lJTlRDQTAyLkFNRS5HQkxfQU1FJTIwSW5mcmElMjBDQSUyMDA2LmNydDBTBggrBgEFBQcwAoZHaHR0cDovL2NybDMuYW1lLmdibC9haWEvQkwyUEtJSU5UQ0EwMi5BTUUuR0JMX0FNRSUyMEluZnJhJTIwQ0ElMjAwNi5jcnQwUwYIKwYBBQUHMAKGR2h0dHA6Ly9jcmw0LmFtZS5nYmwvYWlhL0JMMlBLSUlOVENBMDIuQU1FLkdCTF9BTUUlMjBJbmZyYSUyMENBJTIwMDYuY3J0MB0GA1UdDgQWBBS-Aa3u1H2wAscMElqPY409JEpTuzAOBgNVHQ8BAf8EBAMCBaAwggEmBgNVHR8EggEdMIIBGTCCARWgggERoIIBDYY_aHR0cDovL2NybC5taWNyb3NvZnQuY29tL3BraWluZnJhL0NSTC9BTUUlMjBJbmZyYSUyMENBJTIwMDYuY3JshjFodHRwOi8vY3JsMS5hbWUuZ2JsL2NybC9BTUUlMjBJbmZyYSUyMENBJTIwMDYuY3JshjFodHRwOi8vY3JsMi5hbWUuZ2JsL2NybC9BTUUlMjBJbmZyYSUyMENBJTIwMDYuY3JshjFodHRwOi8vY3JsMy5hbWUuZ2JsL2NybC9BTUUlMjBJbmZyYSUyMENBJTIwMDYuY3JshjFodHRwOi8vY3JsNC5hbWUuZ2JsL2NybC9BTUUlMjBJbmZyYSUyMENBJTIwMDYuY3JsMIGdBgNVHSAEgZUwgZIwDAYKKwYBBAGCN3sBATBmBgorBgEEAYI3ewICMFgwVgYIKwYBBQUHAgIwSh5IADMAMwBlADAAMQA5ADIAMQAtADQAZAA2ADQALQA0AGYAOABjAC0AYQAwADUANQAtADUAYgBkAGEAZgBmAGQANQBlADMAMwBkMAwGCisGAQQBgjd7AwEwDAYKKwYBBAGCN3sEAjAfBgNVHSMEGDAWgBTxRmjG8cPwKy19i2rhsvm-NfzRQTAdBgNVHSUEFjAUBggrBgEFBQcDAQYIKwYBBQUHAwIwDQYJKoZIhvcNAQELBQADggEBACZvgdmGII0w-lEHZLtUOu5CicMaDD6iGBcCdLF1cVOZHaC2iRhotf6Amyre6tp0Ruybb13PKSQlJe0O59MLnNlgRWL9eSJ7R3BzTLS4CIwgXefnAIIy0cPKrFHua1G8eEntN9T4fxUscDEocEW_0g5xNSolU8t3Bk6cap0p8PH82G-1Blw_mDOgpNXOjMqpANrCWAqg9JHahA1wi93z03TzRbZdexm4aLHn8VxTp9pG8te8mSvMNcb47TTkhqPSq6lm_bpbDOMqOB5FoZersdai7nj--srrQDcNy5yc47dopLkRCTvhwxlfdRgbgSJISk7konkaW8kiTzPi8rnA-bw&s=iB4xuk263mX9Kiczp6rYBaTvp8rFhhATPmk9rtjbl1RXOsblZn8-rTnAF6uK2gaUr2ap1uzOQaS2rxGSYu64U1DlEbo1EtMbcFwbp2Hq4ITJwpDe7sYnbeVTJevvKF2BZbnEJVVY8n_LT8HLf6l0cYm11qUIfLqAGXVVpd5ojOGAcYS25snfcp6ko7GDDkQ1zgsjm6aIPHIuwEgj6PPa8e7N8cJr47pH4etSEhl7F9OOWKOZw_0M1X4o_i_Fz1i-1NJMw51lr_JZizI0I-UosH9TwroRWUieFu0qCmaYXCB57Bmh5IZEwLGA9Z-r5er1Q9l7Z3tQ3-iJ6VpzAcCEgw&h=dvV9psGgPV1o2oPnyc48FHCol-gjqitBNZBey4k-iQg",
      "EncodedRequestUri": "L3N1YnNjcmlwdGlvbnMvMDY2MWIxMzEtNGExMS00NzliLTk2YmYtMmY5NWFjY2EyZjczL3Byb3ZpZGVycy9NaWNyb3NvZnQuTmV0QXBwL2xvY2F0aW9ucy93ZXN0dXMyL29wZXJhdGlvblJlc3VsdHMvN2Y1NTlhODktODQzZC00NTkwLTljMGUtODJhMWUwMjQ0NTc1P2FwaS12ZXJzaW9uPTIwMjQtMDctMDEmdD02Mzg2NTE4MzA3MTM4NjM4ODcmYz1NSUlIaHpDQ0JtLWdBd0lCQWdJVEhnVnNrN3dZbEhMMVkyLWtKUUFBQld5VHZEQU5CZ2txaGtpRzl3MEJBUXNGQURCRU1STXdFUVlLQ1pJbWlaUHlMR1FCR1JZRFIwSk1NUk13RVFZS0NaSW1pWlB5TEdRQkdSWURRVTFGTVJnd0ZnWURWUVFERXc5QlRVVWdTVzVtY21FZ1EwRWdNRFl3SGhjTk1qUXdPVEl5TVRFek5UQTVXaGNOTWpVd016SXhNVEV6TlRBNVdqQkFNVDR3UEFZRFZRUURFelZoYzNsdVkyOXdaWEpoZEdsdmJuTnBaMjVwYm1kalpYSjBhV1pwWTJGMFpTNXRZVzVoWjJWdFpXNTBMbUY2ZFhKbExtTnZiVENDQVNJd0RRWUpLb1pJaHZjTkFRRUJCUUFEZ2dFUEFEQ0NBUW9DZ2dFQkFOVU9WaXRSRE9xTEdGd1NUYk1zVTVISXV5dXBmSHF3QjF3ekd5ckF4ZTZKZ0dSaGZXRTRSNTdmSlBWRXJ2TURTZTFjYUllWXFYYW84UkxyRGctU1Z1NFEwUlltVWczZXR3ajgtcnV6MkNkQVgtTk04OUxLZlo4OEcwbEZkS05kbGlYMS1GdTNBOEpBdDlnaHpDLVFMLTJjMnNvUmRUSEphbU1mdXk5OG85Sldtem9VRW1tREJ6QW55NUVQTTVyTnRock00Nm5ORnVacGNIRW4zQ2diYlZOQXZGalBZakkybWdGOE56aXJ6OTk2SFU2RjJnM3Q0cXM1aUhjdk1ETjZLMG5OMkJKNk9Wc2g3UjMwSWlLMHE5amlUVC1FcFVxLWk1VlVheXRjRmZnYVVfSTBsa0w3djgwMWZvaVI0dTlqZzhkeEV4NkhGVVV4dmh2WlZidWJDZmtDQXdFQUFhT0NCSFF3Z2dSd01DY0dDU3NHQVFRQmdqY1ZDZ1FhTUJnd0NnWUlLd1lCQlFVSEF3RXdDZ1lJS3dZQkJRVUhBd0l3UFFZSkt3WUJCQUdDTnhVSEJEQXdMZ1ltS3dZQkJBR0NOeFVJaHBEakRZVFZ0SGlFOFlzLWhadmRGczZkRW9GZ2hmbVJTNFdzbVRRQ0FXUUNBUWN3Z2dITEJnZ3JCZ0VGQlFjQkFRU0NBYjB3Z2dHNU1HTUdDQ3NHQVFVRkJ6QUNobGRvZEhSd09pOHZZM0pzTG0xcFkzSnZjMjltZEM1amIyMHZjR3RwYVc1bWNtRXZRMlZ5ZEhNdlFrd3lVRXRKU1U1VVEwRXdNaTVCVFVVdVIwSk1YMEZOUlNVeU1FbHVabkpoSlRJd1EwRWxNakF3Tmk1amNuUXdVd1lJS3dZQkJRVUhNQUtHUjJoMGRIQTZMeTlqY213eExtRnRaUzVuWW13dllXbGhMMEpNTWxCTFNVbE9WRU5CTURJdVFVMUZMa2RDVEY5QlRVVWxNakJKYm1aeVlTVXlNRU5CSlRJd01EWXVZM0owTUZNR0NDc0dBUVVGQnpBQ2hrZG9kSFJ3T2k4dlkzSnNNaTVoYldVdVoySnNMMkZwWVM5Q1RESlFTMGxKVGxSRFFUQXlMa0ZOUlM1SFFreGZRVTFGSlRJd1NXNW1jbUVsTWpCRFFTVXlNREEyTG1OeWREQlRCZ2dyQmdFRkJRY3dBb1pIYUhSMGNEb3ZMMk55YkRNdVlXMWxMbWRpYkM5aGFXRXZRa3d5VUV0SlNVNVVRMEV3TWk1QlRVVXVSMEpNWDBGTlJTVXlNRWx1Wm5KaEpUSXdRMEVsTWpBd05pNWpjblF3VXdZSUt3WUJCUVVITUFLR1IyaDBkSEE2THk5amNtdzBMbUZ0WlM1blltd3ZZV2xoTDBKTU1sQkxTVWxPVkVOQk1ESXVRVTFGTGtkQ1RGOUJUVVVsTWpCSmJtWnlZU1V5TUVOQkpUSXdNRFl1WTNKME1CMEdBMVVkRGdRV0JCUy1BYTN1MUgyd0FzY01FbHFQWTQwOUpFcFR1ekFPQmdOVkhROEJBZjhFQkFNQ0JhQXdnZ0VtQmdOVkhSOEVnZ0VkTUlJQkdUQ0NBUldnZ2dFUm9JSUJEWVlfYUhSMGNEb3ZMMk55YkM1dGFXTnliM052Wm5RdVkyOXRMM0JyYVdsdVpuSmhMME5TVEM5QlRVVWxNakJKYm1aeVlTVXlNRU5CSlRJd01EWXVZM0pzaGpGb2RIUndPaTh2WTNKc01TNWhiV1V1WjJKc0wyTnliQzlCVFVVbE1qQkpibVp5WVNVeU1FTkJKVEl3TURZdVkzSnNoakZvZEhSd09pOHZZM0pzTWk1aGJXVXVaMkpzTDJOeWJDOUJUVVVsTWpCSmJtWnlZU1V5TUVOQkpUSXdNRFl1WTNKc2hqRm9kSFJ3T2k4dlkzSnNNeTVoYldVdVoySnNMMk55YkM5QlRVVWxNakJKYm1aeVlTVXlNRU5CSlRJd01EWXVZM0pzaGpGb2RIUndPaTh2WTNKc05DNWhiV1V1WjJKc0wyTnliQzlCVFVVbE1qQkpibVp5WVNVeU1FTkJKVEl3TURZdVkzSnNNSUdkQmdOVkhTQUVnWlV3Z1pJd0RBWUtLd1lCQkFHQ04zc0JBVEJtQmdvckJnRUVBWUkzZXdJQ01GZ3dWZ1lJS3dZQkJRVUhBZ0l3U2g1SUFETUFNd0JsQURBQU1RQTVBRElBTVFBdEFEUUFaQUEyQURRQUxRQTBBR1lBT0FCakFDMEFZUUF3QURVQU5RQXRBRFVBWWdCa0FHRUFaZ0JtQUdRQU5RQmxBRE1BTXdCa01Bd0dDaXNHQVFRQmdqZDdBd0V3REFZS0t3WUJCQUdDTjNzRUFqQWZCZ05WSFNNRUdEQVdnQlR4Um1qRzhjUHdLeTE5aTJyaHN2bS1OZnpSUVRBZEJnTlZIU1VFRmpBVUJnZ3JCZ0VGQlFjREFRWUlLd1lCQlFVSEF3SXdEUVlKS29aSWh2Y05BUUVMQlFBRGdnRUJBQ1p2Z2RtR0lJMHctbEVIWkx0VU91NUNpY01hREQ2aUdCY0NkTEYxY1ZPWkhhQzJpUmhvdGY2QW15cmU2dHAwUnV5YmIxM1BLU1FsSmUwTzU5TUxuTmxnUldMOWVTSjdSM0J6VExTNENJd2dYZWZuQUlJeTBjUEtyRkh1YTFHOGVFbnROOVQ0ZnhVc2NERW9jRVdfMGc1eE5Tb2xVOHQzQms2Y2FwMHA4UEg4MkctMUJsd19tRE9ncE5YT2pNcXBBTnJDV0FxZzlKSGFoQTF3aTkzejAzVHpSYlpkZXhtNGFMSG44VnhUcDlwRzh0ZThtU3ZNTmNiNDdUVGtocVBTcTZsbV9icGJET01xT0I1Rm9aZXJzZGFpN25qLS1zcnJRRGNOeTV5YzQ3ZG9wTGtSQ1R2aHd4bGZkUmdiZ1NKSVNrN2tvbmthVzhraVR6UGk4cm5BLWJ3JnM9aUI0eHVrMjYzbVg5S2ljenA2cllCYVR2cDhyRmhoQVRQbWs5cnRqYmwxUlhPc2JsWm44LXJUbkFGNnVLMmdhVXIyYXAxdXpPUWFTMnJ4R1NZdTY0VTFEbEVibzFFdE1iY0Z3YnAySHE0SVRKd3BEZTdzWW5iZVZUSmV2dktGMkJaYm5FSlZWWThuX0xUOEhMZjZsMGNZbTExcVVJZkxxQUdYVlZwZDVvak9HQWNZUzI1c25mY3A2a283R0REa1Exemdzam02YUlQSEl1d0VnajZQUGE4ZTdOOGNKcjQ3cEg0ZXRTRWhsN0Y5T09XS09ad18wTTFYNG9faV9GejFpLTFOSk13NTFscl9KWml6STBJLVVvc0g5VHdyb1JXVWllRnUwcUNtYVlYQ0I1N0JtaDVJWkV3TEdBOVotcjVlcjFROWw3WjN0UTMtaUo2VnB6QWNDRWd3Jmg9ZHZWOXBzR2dQVjFvMm9QbnljNDhGSENvbC1nanFpdEJOWkJleTRrLWlRZw==",
      "RequestMethod": "GET",
      "RequestHeaders": {
        "x-ms-client-request-id": [
          "cafb9a71-a948-44d1-a069-229a95f21321"
        ],
        "User-Agent": [
          "FxVersion/6.0.3324.36610",
          "OSName/Windows",
          "OSVersion/Microsoft.Windows.10.0.22631",
          "Microsoft.Azure.Management.NetApp.NetAppManagementClient/0.0.0.0"
        ]
      },
      "RequestBody": "",
      "ResponseHeaders": {
        "Cache-Control": [
          "no-cache"
        ],
        "Pragma": [
          "no-cache"
        ],
        "x-ms-request-id": [
          "d37dbb6b-aa29-48af-95a6-b8dacbc2313b"
        ],
        "Strict-Transport-Security": [
          "max-age=31536000; includeSubDomains"
        ],
        "X-Powered-By": [
          "ASP.NET"
        ],
        "x-ms-ratelimit-remaining-subscription-reads": [
          "1099"
        ],
        "x-ms-ratelimit-remaining-subscription-global-reads": [
          "16499"
        ],
        "x-ms-correlation-request-id": [
          "e3c60747-ceed-40a9-96e3-5b749d09e536"
        ],
        "x-ms-routing-request-id": [
          "UKWEST:20241022T083822Z:e3c60747-ceed-40a9-96e3-5b749d09e536"
        ],
        "X-Content-Type-Options": [
          "nosniff"
        ],
        "X-Cache": [
          "CONFIG_NOCACHE"
        ],
        "X-MSEdge-Ref": [
          "Ref A: 643CA477C60345C5B9A44C1BFDC73624 Ref B: AMS231020614047 Ref C: 2024-10-22T08:38:21Z"
        ],
        "Date": [
          "Tue, 22 Oct 2024 08:38:21 GMT"
        ],
        "Content-Length": [
          "506"
        ],
        "Content-Type": [
          "application/json; charset=utf-8"
        ],
        "Expires": [
          "-1"
        ]
      },
      "ResponseBody": "{\r\n  \"id\": \"/subscriptions/0661b131-4a11-479b-96bf-2f95acca2f73/providers/Microsoft.NetApp/locations/westus2/operationResults/7f559a89-843d-4590-9c0e-82a1e0244575\",\r\n  \"name\": \"7f559a89-843d-4590-9c0e-82a1e0244575\",\r\n  \"status\": \"Succeeded\",\r\n  \"startTime\": \"2024-10-22T08:37:51.2639367Z\",\r\n  \"endTime\": \"2024-10-22T08:37:51.4318923Z\",\r\n  \"percentComplete\": 100.0,\r\n  \"properties\": {\r\n    \"resourceName\": \"/subscriptions/0661b131-4a11-479b-96bf-2f95acca2f73/resourceGroups/ps3620/providers/Microsoft.NetApp/netAppAccounts/ps6419\",\r\n    \"action\": \"PATCH\"\r\n  }\r\n}",
      "StatusCode": 200
    },
    {
      "RequestUri": "/subscriptions/0661b131-4a11-479b-96bf-2f95acca2f73/resourcegroups/ps3620?api-version=2016-09-01",
      "EncodedRequestUri": "L3N1YnNjcmlwdGlvbnMvMDY2MWIxMzEtNGExMS00NzliLTk2YmYtMmY5NWFjY2EyZjczL3Jlc291cmNlZ3JvdXBzL3BzMzYyMD9hcGktdmVyc2lvbj0yMDE2LTA5LTAx",
      "RequestMethod": "DELETE",
      "RequestHeaders": {
        "x-ms-client-request-id": [
          "201143fa-19c2-440f-9b1f-2dbc49359095"
        ],
        "Accept-Language": [
          "en-US"
        ],
        "User-Agent": [
          "FxVersion/6.0.3324.36610",
          "OSName/Windows",
          "OSVersion/Microsoft.Windows.10.0.22631",
          "Microsoft.Azure.Management.Internal.Resources.ResourceManagementClient/1.3.101"
        ]
      },
      "RequestBody": "",
      "ResponseHeaders": {
        "Cache-Control": [
          "no-cache"
        ],
        "Pragma": [
          "no-cache"
        ],
        "Location": [
          "https://management.azure.com/subscriptions/0661b131-4a11-479b-96bf-2f95acca2f73/operationresults/eyJqb2JJZCI6IlJFU09VUkNFR1JPVVBERUxFVElPTkpPQi1QUzM2MjAtV0VTVFVTMiIsImpvYkxvY2F0aW9uIjoid2VzdHVzMiJ9?api-version=2016-09-01&t=638651831288445829&c=MIIHhzCCBm-gAwIBAgITfAWHnYffOmFQPBQlYwAABYedhzANBgkqhkiG9w0BAQsFADBEMRMwEQYKCZImiZPyLGQBGRYDR0JMMRMwEQYKCZImiZPyLGQBGRYDQU1FMRgwFgYDVQQDEw9BTUUgSW5mcmEgQ0EgMDUwHhcNMjQwOTIyMTMwODA5WhcNMjUwMzIxMTMwODA5WjBAMT4wPAYDVQQDEzVhc3luY29wZXJhdGlvbnNpZ25pbmdjZXJ0aWZpY2F0ZS5tYW5hZ2VtZW50LmF6dXJlLmNvbTCCASIwDQYJKoZIhvcNAQEBBQADggEPADCCAQoCggEBALaG4e8e65ktp3eTeBAk6VhrNKydNqkELTKAbG6jWa6h6i3Nzrurci2Iso43JNATFZk6XGcweL-eQXm6vIBviHXzQOZw3LxEnjcLJ9e3Jq5bKM3JjYFeVD_ZXasVqpjRwIMq8MNVOSF2hzopSKm4tWStJXYabqRSj94BpAjxaThE0ndeaZCPBwRjacPswgV1N7HCKSHupre72mdcCUptx7yJoVTZ18SuhlnR4hotMvbnlmCxagZn8F8lBeNOl7LJ3VBEgW8qUxVffDWgg_i1vpw7VeDqiU7Vm-fg2VdvRUZRi0suEwyxM3kGvFLrAqNe1sEhD8tZaHy37EE4lHsb0xECAwEAAaOCBHQwggRwMCcGCSsGAQQBgjcVCgQaMBgwCgYIKwYBBQUHAwEwCgYIKwYBBQUHAwIwPQYJKwYBBAGCNxUHBDAwLgYmKwYBBAGCNxUIhpDjDYTVtHiE8Ys-hZvdFs6dEoFghfmRS4WsmTQCAWQCAQcwggHLBggrBgEFBQcBAQSCAb0wggG5MGMGCCsGAQUFBzAChldodHRwOi8vY3JsLm1pY3Jvc29mdC5jb20vcGtpaW5mcmEvQ2VydHMvQ08xUEtJSU5UQ0EwMS5BTUUuR0JMX0FNRSUyMEluZnJhJTIwQ0ElMjAwNS5jcnQwUwYIKwYBBQUHMAKGR2h0dHA6Ly9jcmwxLmFtZS5nYmwvYWlhL0NPMVBLSUlOVENBMDEuQU1FLkdCTF9BTUUlMjBJbmZyYSUyMENBJTIwMDUuY3J0MFMGCCsGAQUFBzAChkdodHRwOi8vY3JsMi5hbWUuZ2JsL2FpYS9DTzFQS0lJTlRDQTAxLkFNRS5HQkxfQU1FJTIwSW5mcmElMjBDQSUyMDA1LmNydDBTBggrBgEFBQcwAoZHaHR0cDovL2NybDMuYW1lLmdibC9haWEvQ08xUEtJSU5UQ0EwMS5BTUUuR0JMX0FNRSUyMEluZnJhJTIwQ0ElMjAwNS5jcnQwUwYIKwYBBQUHMAKGR2h0dHA6Ly9jcmw0LmFtZS5nYmwvYWlhL0NPMVBLSUlOVENBMDEuQU1FLkdCTF9BTUUlMjBJbmZyYSUyMENBJTIwMDUuY3J0MB0GA1UdDgQWBBSxolT6o0RArX314MzmrvVeAiPlTDAOBgNVHQ8BAf8EBAMCBaAwggEmBgNVHR8EggEdMIIBGTCCARWgggERoIIBDYY_aHR0cDovL2NybC5taWNyb3NvZnQuY29tL3BraWluZnJhL0NSTC9BTUUlMjBJbmZyYSUyMENBJTIwMDUuY3JshjFodHRwOi8vY3JsMS5hbWUuZ2JsL2NybC9BTUUlMjBJbmZyYSUyMENBJTIwMDUuY3JshjFodHRwOi8vY3JsMi5hbWUuZ2JsL2NybC9BTUUlMjBJbmZyYSUyMENBJTIwMDUuY3JshjFodHRwOi8vY3JsMy5hbWUuZ2JsL2NybC9BTUUlMjBJbmZyYSUyMENBJTIwMDUuY3JshjFodHRwOi8vY3JsNC5hbWUuZ2JsL2NybC9BTUUlMjBJbmZyYSUyMENBJTIwMDUuY3JsMIGdBgNVHSAEgZUwgZIwDAYKKwYBBAGCN3sBATBmBgorBgEEAYI3ewICMFgwVgYIKwYBBQUHAgIwSh5IADMAMwBlADAAMQA5ADIAMQAtADQAZAA2ADQALQA0AGYAOABjAC0AYQAwADUANQAtADUAYgBkAGEAZgBmAGQANQBlADMAMwBkMAwGCisGAQQBgjd7AwEwDAYKKwYBBAGCN3sEAjAfBgNVHSMEGDAWgBR61hmFKHlscXYeYPjzS--iBUIWHTAdBgNVHSUEFjAUBggrBgEFBQcDAQYIKwYBBQUHAwIwDQYJKoZIhvcNAQELBQADggEBACmI8wsWYvetVpRdj9Qp4i8sA97cTAX7OHXDOQ1tISQSlpxko_k8u8iNB0IAf4F1pzqw9wETSwIAehWTsUYGGFTn0Tl48uoYK6tzUEJzAlk074qysHJXM5i0PYY12YTD585j9xNjYr-KANki4Rb1MtRlDClBTNUiw79tJveAT7slBVzM4yE15TkcdeVxLZNkWdndHu8HyJzYiNu3B8qdEU5PA1pZ1S9yquY-iFF6wFLZvR45-q00yUT_h2ldIpVY09BRgzpLRtc8OZDuv9HpSLojv_aQqV1HLdgwk4xhc24KuM7SCqWUYS1ruNbUOR29W_3qk8fiKucpiUdmopJMbJw&s=pVsN9GkqF-T_nlabVQt3CgZAgGYo4xTdT4rpqHxBQzphGZJ_uG2RZoLcszT14VEA_3Z0VdAwZFR2AzoSL2_TNQPRkik7hVmvgatUnQO_OCDGglHGHOusDOvhPO93oA_vsLaFqeV_VeVTN02Rn9TH-y9l1inarTDefYFg2gBFHKGmSBUiI3-Ix7_kQii3q4NmefHzaqajFisOK-dxMDU2AQxvmiQFZ7wl2qGOC5DJAnFm_LlvQbKOSPuAD2PMs7ehH-RzoMK0GJMnm1Efto51Q3ev_rwS2D0SbVtzrnYyyFQPfwEsQh24cPsSl86Lj34NBbekFjmSiKfFUfvVUADf7Q&h=MAWm3l_lL6qKzY02lh2fV2y733cnPGb3FbWMl0Wi-a8"
        ],
        "Retry-After": [
          "15"
        ],
        "x-ms-ratelimit-remaining-subscription-deletes": [
          "799"
        ],
        "x-ms-ratelimit-remaining-subscription-global-deletes": [
          "11999"
        ],
        "x-ms-request-id": [
          "88032ca0-0142-4994-a668-c5d17edd0664"
        ],
        "x-ms-correlation-request-id": [
          "88032ca0-0142-4994-a668-c5d17edd0664"
        ],
        "x-ms-routing-request-id": [
          "NORTHEUROPE:20241022T083848Z:88032ca0-0142-4994-a668-c5d17edd0664"
        ],
        "Strict-Transport-Security": [
          "max-age=31536000; includeSubDomains"
        ],
        "X-Content-Type-Options": [
          "nosniff"
        ],
        "X-Cache": [
          "CONFIG_NOCACHE"
        ],
        "X-MSEdge-Ref": [
          "Ref A: B6AB4326937C44F9A5BC9A64C4DFC322 Ref B: AMS231020512049 Ref C: 2024-10-22T08:38:45Z"
        ],
        "Date": [
          "Tue, 22 Oct 2024 08:38:48 GMT"
        ],
        "Expires": [
          "-1"
        ],
        "Content-Length": [
          "0"
        ]
      },
      "ResponseBody": "",
      "StatusCode": 202
    },
    {
      "RequestUri": "/subscriptions/0661b131-4a11-479b-96bf-2f95acca2f73/operationresults/eyJqb2JJZCI6IlJFU09VUkNFR1JPVVBERUxFVElPTkpPQi1QUzM2MjAtV0VTVFVTMiIsImpvYkxvY2F0aW9uIjoid2VzdHVzMiJ9?api-version=2016-09-01&t=638651831288445829&c=MIIHhzCCBm-gAwIBAgITfAWHnYffOmFQPBQlYwAABYedhzANBgkqhkiG9w0BAQsFADBEMRMwEQYKCZImiZPyLGQBGRYDR0JMMRMwEQYKCZImiZPyLGQBGRYDQU1FMRgwFgYDVQQDEw9BTUUgSW5mcmEgQ0EgMDUwHhcNMjQwOTIyMTMwODA5WhcNMjUwMzIxMTMwODA5WjBAMT4wPAYDVQQDEzVhc3luY29wZXJhdGlvbnNpZ25pbmdjZXJ0aWZpY2F0ZS5tYW5hZ2VtZW50LmF6dXJlLmNvbTCCASIwDQYJKoZIhvcNAQEBBQADggEPADCCAQoCggEBALaG4e8e65ktp3eTeBAk6VhrNKydNqkELTKAbG6jWa6h6i3Nzrurci2Iso43JNATFZk6XGcweL-eQXm6vIBviHXzQOZw3LxEnjcLJ9e3Jq5bKM3JjYFeVD_ZXasVqpjRwIMq8MNVOSF2hzopSKm4tWStJXYabqRSj94BpAjxaThE0ndeaZCPBwRjacPswgV1N7HCKSHupre72mdcCUptx7yJoVTZ18SuhlnR4hotMvbnlmCxagZn8F8lBeNOl7LJ3VBEgW8qUxVffDWgg_i1vpw7VeDqiU7Vm-fg2VdvRUZRi0suEwyxM3kGvFLrAqNe1sEhD8tZaHy37EE4lHsb0xECAwEAAaOCBHQwggRwMCcGCSsGAQQBgjcVCgQaMBgwCgYIKwYBBQUHAwEwCgYIKwYBBQUHAwIwPQYJKwYBBAGCNxUHBDAwLgYmKwYBBAGCNxUIhpDjDYTVtHiE8Ys-hZvdFs6dEoFghfmRS4WsmTQCAWQCAQcwggHLBggrBgEFBQcBAQSCAb0wggG5MGMGCCsGAQUFBzAChldodHRwOi8vY3JsLm1pY3Jvc29mdC5jb20vcGtpaW5mcmEvQ2VydHMvQ08xUEtJSU5UQ0EwMS5BTUUuR0JMX0FNRSUyMEluZnJhJTIwQ0ElMjAwNS5jcnQwUwYIKwYBBQUHMAKGR2h0dHA6Ly9jcmwxLmFtZS5nYmwvYWlhL0NPMVBLSUlOVENBMDEuQU1FLkdCTF9BTUUlMjBJbmZyYSUyMENBJTIwMDUuY3J0MFMGCCsGAQUFBzAChkdodHRwOi8vY3JsMi5hbWUuZ2JsL2FpYS9DTzFQS0lJTlRDQTAxLkFNRS5HQkxfQU1FJTIwSW5mcmElMjBDQSUyMDA1LmNydDBTBggrBgEFBQcwAoZHaHR0cDovL2NybDMuYW1lLmdibC9haWEvQ08xUEtJSU5UQ0EwMS5BTUUuR0JMX0FNRSUyMEluZnJhJTIwQ0ElMjAwNS5jcnQwUwYIKwYBBQUHMAKGR2h0dHA6Ly9jcmw0LmFtZS5nYmwvYWlhL0NPMVBLSUlOVENBMDEuQU1FLkdCTF9BTUUlMjBJbmZyYSUyMENBJTIwMDUuY3J0MB0GA1UdDgQWBBSxolT6o0RArX314MzmrvVeAiPlTDAOBgNVHQ8BAf8EBAMCBaAwggEmBgNVHR8EggEdMIIBGTCCARWgggERoIIBDYY_aHR0cDovL2NybC5taWNyb3NvZnQuY29tL3BraWluZnJhL0NSTC9BTUUlMjBJbmZyYSUyMENBJTIwMDUuY3JshjFodHRwOi8vY3JsMS5hbWUuZ2JsL2NybC9BTUUlMjBJbmZyYSUyMENBJTIwMDUuY3JshjFodHRwOi8vY3JsMi5hbWUuZ2JsL2NybC9BTUUlMjBJbmZyYSUyMENBJTIwMDUuY3JshjFodHRwOi8vY3JsMy5hbWUuZ2JsL2NybC9BTUUlMjBJbmZyYSUyMENBJTIwMDUuY3JshjFodHRwOi8vY3JsNC5hbWUuZ2JsL2NybC9BTUUlMjBJbmZyYSUyMENBJTIwMDUuY3JsMIGdBgNVHSAEgZUwgZIwDAYKKwYBBAGCN3sBATBmBgorBgEEAYI3ewICMFgwVgYIKwYBBQUHAgIwSh5IADMAMwBlADAAMQA5ADIAMQAtADQAZAA2ADQALQA0AGYAOABjAC0AYQAwADUANQAtADUAYgBkAGEAZgBmAGQANQBlADMAMwBkMAwGCisGAQQBgjd7AwEwDAYKKwYBBAGCN3sEAjAfBgNVHSMEGDAWgBR61hmFKHlscXYeYPjzS--iBUIWHTAdBgNVHSUEFjAUBggrBgEFBQcDAQYIKwYBBQUHAwIwDQYJKoZIhvcNAQELBQADggEBACmI8wsWYvetVpRdj9Qp4i8sA97cTAX7OHXDOQ1tISQSlpxko_k8u8iNB0IAf4F1pzqw9wETSwIAehWTsUYGGFTn0Tl48uoYK6tzUEJzAlk074qysHJXM5i0PYY12YTD585j9xNjYr-KANki4Rb1MtRlDClBTNUiw79tJveAT7slBVzM4yE15TkcdeVxLZNkWdndHu8HyJzYiNu3B8qdEU5PA1pZ1S9yquY-iFF6wFLZvR45-q00yUT_h2ldIpVY09BRgzpLRtc8OZDuv9HpSLojv_aQqV1HLdgwk4xhc24KuM7SCqWUYS1ruNbUOR29W_3qk8fiKucpiUdmopJMbJw&s=pVsN9GkqF-T_nlabVQt3CgZAgGYo4xTdT4rpqHxBQzphGZJ_uG2RZoLcszT14VEA_3Z0VdAwZFR2AzoSL2_TNQPRkik7hVmvgatUnQO_OCDGglHGHOusDOvhPO93oA_vsLaFqeV_VeVTN02Rn9TH-y9l1inarTDefYFg2gBFHKGmSBUiI3-Ix7_kQii3q4NmefHzaqajFisOK-dxMDU2AQxvmiQFZ7wl2qGOC5DJAnFm_LlvQbKOSPuAD2PMs7ehH-RzoMK0GJMnm1Efto51Q3ev_rwS2D0SbVtzrnYyyFQPfwEsQh24cPsSl86Lj34NBbekFjmSiKfFUfvVUADf7Q&h=MAWm3l_lL6qKzY02lh2fV2y733cnPGb3FbWMl0Wi-a8",
      "EncodedRequestUri": "L3N1YnNjcmlwdGlvbnMvMDY2MWIxMzEtNGExMS00NzliLTk2YmYtMmY5NWFjY2EyZjczL29wZXJhdGlvbnJlc3VsdHMvZXlKcWIySkpaQ0k2SWxKRlUwOVZVa05GUjFKUFZWQkVSVXhGVkVsUFRrcFBRaTFRVXpNMk1qQXRWMFZUVkZWVE1pSXNJbXB2WWt4dlkyRjBhVzl1SWpvaWQyVnpkSFZ6TWlKOT9hcGktdmVyc2lvbj0yMDE2LTA5LTAxJnQ9NjM4NjUxODMxMjg4NDQ1ODI5JmM9TUlJSGh6Q0NCbS1nQXdJQkFnSVRmQVdIbllmZk9tRlFQQlFsWXdBQUJZZWRoekFOQmdrcWhraUc5dzBCQVFzRkFEQkVNUk13RVFZS0NaSW1pWlB5TEdRQkdSWURSMEpNTVJNd0VRWUtDWkltaVpQeUxHUUJHUllEUVUxRk1SZ3dGZ1lEVlFRREV3OUJUVVVnU1c1bWNtRWdRMEVnTURVd0hoY05NalF3T1RJeU1UTXdPREE1V2hjTk1qVXdNekl4TVRNd09EQTVXakJBTVQ0d1BBWURWUVFERXpWaGMzbHVZMjl3WlhKaGRHbHZibk5wWjI1cGJtZGpaWEowYVdacFkyRjBaUzV0WVc1aFoyVnRaVzUwTG1GNmRYSmxMbU52YlRDQ0FTSXdEUVlKS29aSWh2Y05BUUVCQlFBRGdnRVBBRENDQVFvQ2dnRUJBTGFHNGU4ZTY1a3RwM2VUZUJBazZWaHJOS3lkTnFrRUxUS0FiRzZqV2E2aDZpM056cnVyY2kySXNvNDNKTkFURlprNlhHY3dlTC1lUVhtNnZJQnZpSFh6UU9adzNMeEVuamNMSjllM0pxNWJLTTNKallGZVZEX1pYYXNWcXBqUndJTXE4TU5WT1NGMmh6b3BTS200dFdTdEpYWWFicVJTajk0QnBBanhhVGhFMG5kZWFaQ1BCd1JqYWNQc3dnVjFON0hDS1NIdXByZTcybWRjQ1VwdHg3eUpvVlRaMThTdWhsblI0aG90TXZibmxtQ3hhZ1puOEY4bEJlTk9sN0xKM1ZCRWdXOHFVeFZmZkRXZ2dfaTF2cHc3VmVEcWlVN1ZtLWZnMlZkdlJVWlJpMHN1RXd5eE0za0d2RkxyQXFOZTFzRWhEOHRaYUh5MzdFRTRsSHNiMHhFQ0F3RUFBYU9DQkhRd2dnUndNQ2NHQ1NzR0FRUUJnamNWQ2dRYU1CZ3dDZ1lJS3dZQkJRVUhBd0V3Q2dZSUt3WUJCUVVIQXdJd1BRWUpLd1lCQkFHQ054VUhCREF3TGdZbUt3WUJCQUdDTnhVSWhwRGpEWVRWdEhpRThZcy1oWnZkRnM2ZEVvRmdoZm1SUzRXc21UUUNBV1FDQVFjd2dnSExCZ2dyQmdFRkJRY0JBUVNDQWIwd2dnRzVNR01HQ0NzR0FRVUZCekFDaGxkb2RIUndPaTh2WTNKc0xtMXBZM0p2YzI5bWRDNWpiMjB2Y0d0cGFXNW1jbUV2UTJWeWRITXZRMDh4VUV0SlNVNVVRMEV3TVM1QlRVVXVSMEpNWDBGTlJTVXlNRWx1Wm5KaEpUSXdRMEVsTWpBd05TNWpjblF3VXdZSUt3WUJCUVVITUFLR1IyaDBkSEE2THk5amNtd3hMbUZ0WlM1blltd3ZZV2xoTDBOUE1WQkxTVWxPVkVOQk1ERXVRVTFGTGtkQ1RGOUJUVVVsTWpCSmJtWnlZU1V5TUVOQkpUSXdNRFV1WTNKME1GTUdDQ3NHQVFVRkJ6QUNoa2RvZEhSd09pOHZZM0pzTWk1aGJXVXVaMkpzTDJGcFlTOURUekZRUzBsSlRsUkRRVEF4TGtGTlJTNUhRa3hmUVUxRkpUSXdTVzVtY21FbE1qQkRRU1V5TURBMUxtTnlkREJUQmdnckJnRUZCUWN3QW9aSGFIUjBjRG92TDJOeWJETXVZVzFsTG1kaWJDOWhhV0V2UTA4eFVFdEpTVTVVUTBFd01TNUJUVVV1UjBKTVgwRk5SU1V5TUVsdVpuSmhKVEl3UTBFbE1qQXdOUzVqY25Rd1V3WUlLd1lCQlFVSE1BS0dSMmgwZEhBNkx5OWpjbXcwTG1GdFpTNW5ZbXd2WVdsaEwwTlBNVkJMU1VsT1ZFTkJNREV1UVUxRkxrZENURjlCVFVVbE1qQkpibVp5WVNVeU1FTkJKVEl3TURVdVkzSjBNQjBHQTFVZERnUVdCQlN4b2xUNm8wUkFyWDMxNE16bXJ2VmVBaVBsVERBT0JnTlZIUThCQWY4RUJBTUNCYUF3Z2dFbUJnTlZIUjhFZ2dFZE1JSUJHVENDQVJXZ2dnRVJvSUlCRFlZX2FIUjBjRG92TDJOeWJDNXRhV055YjNOdlpuUXVZMjl0TDNCcmFXbHVabkpoTDBOU1RDOUJUVVVsTWpCSmJtWnlZU1V5TUVOQkpUSXdNRFV1WTNKc2hqRm9kSFJ3T2k4dlkzSnNNUzVoYldVdVoySnNMMk55YkM5QlRVVWxNakJKYm1aeVlTVXlNRU5CSlRJd01EVXVZM0pzaGpGb2RIUndPaTh2WTNKc01pNWhiV1V1WjJKc0wyTnliQzlCVFVVbE1qQkpibVp5WVNVeU1FTkJKVEl3TURVdVkzSnNoakZvZEhSd09pOHZZM0pzTXk1aGJXVXVaMkpzTDJOeWJDOUJUVVVsTWpCSmJtWnlZU1V5TUVOQkpUSXdNRFV1WTNKc2hqRm9kSFJ3T2k4dlkzSnNOQzVoYldVdVoySnNMMk55YkM5QlRVVWxNakJKYm1aeVlTVXlNRU5CSlRJd01EVXVZM0pzTUlHZEJnTlZIU0FFZ1pVd2daSXdEQVlLS3dZQkJBR0NOM3NCQVRCbUJnb3JCZ0VFQVlJM2V3SUNNRmd3VmdZSUt3WUJCUVVIQWdJd1NoNUlBRE1BTXdCbEFEQUFNUUE1QURJQU1RQXRBRFFBWkFBMkFEUUFMUUEwQUdZQU9BQmpBQzBBWVFBd0FEVUFOUUF0QURVQVlnQmtBR0VBWmdCbUFHUUFOUUJsQURNQU13QmtNQXdHQ2lzR0FRUUJnamQ3QXdFd0RBWUtLd1lCQkFHQ04zc0VBakFmQmdOVkhTTUVHREFXZ0JSNjFobUZLSGxzY1hZZVlQanpTLS1pQlVJV0hUQWRCZ05WSFNVRUZqQVVCZ2dyQmdFRkJRY0RBUVlJS3dZQkJRVUhBd0l3RFFZSktvWklodmNOQVFFTEJRQURnZ0VCQUNtSTh3c1dZdmV0VnBSZGo5UXA0aThzQTk3Y1RBWDdPSFhET1ExdElTUVNscHhrb19rOHU4aU5CMElBZjRGMXB6cXc5d0VUU3dJQWVoV1RzVVlHR0ZUbjBUbDQ4dW9ZSzZ0elVFSnpBbGswNzRxeXNISlhNNWkwUFlZMTJZVEQ1ODVqOXhOallyLUtBTmtpNFJiMU10UmxEQ2xCVE5VaXc3OXRKdmVBVDdzbEJWek00eUUxNVRrY2RlVnhMWk5rV2RuZEh1OEh5SnpZaU51M0I4cWRFVTVQQTFwWjFTOXlxdVktaUZGNndGTFp2UjQ1LXEwMHlVVF9oMmxkSXBWWTA5QlJnenBMUnRjOE9aRHV2OUhwU0xvanZfYVFxVjFITGRnd2s0eGhjMjRLdU03U0NxV1VZUzFydU5iVU9SMjlXXzNxazhmaUt1Y3BpVWRtb3BKTWJKdyZzPXBWc045R2txRi1UX25sYWJWUXQzQ2daQWdHWW80eFRkVDRycHFIeEJRenBoR1pKX3VHMlJab0xjc3pUMTRWRUFfM1owVmRBd1pGUjJBem9TTDJfVE5RUFJraWs3aFZtdmdhdFVuUU9fT0NER2dsSEdIT3VzRE92aFBPOTNvQV92c0xhRnFlVl9WZVZUTjAyUm45VEgteTlsMWluYXJURGVmWUZnMmdCRkhLR21TQlVpSTMtSXg3X2tRaWkzcTRObWVmSHphcWFqRmlzT0stZHhNRFUyQVF4dm1pUUZaN3dsMnFHT0M1REpBbkZtX0xsdlFiS09TUHVBRDJQTXM3ZWhILVJ6b01LMEdKTW5tMUVmdG81MVEzZXZfcndTMkQwU2JWdHpybll5eUZRUGZ3RXNRaDI0Y1BzU2w4NkxqMzROQmJla0ZqbVNpS2ZGVWZ2VlVBRGY3USZoPU1BV20zbF9sTDZxS3pZMDJsaDJmVjJ5NzMzY25QR2IzRmJXTWwwV2ktYTg=",
      "RequestMethod": "GET",
      "RequestHeaders": {
        "User-Agent": [
          "FxVersion/6.0.3324.36610",
          "OSName/Windows",
          "OSVersion/Microsoft.Windows.10.0.22631",
          "Microsoft.Azure.Management.Internal.Resources.ResourceManagementClient/1.3.101"
        ]
      },
      "RequestBody": "",
      "ResponseHeaders": {
        "Cache-Control": [
          "no-cache"
        ],
        "Pragma": [
          "no-cache"
        ],
        "Location": [
          "https://management.azure.com/subscriptions/0661b131-4a11-479b-96bf-2f95acca2f73/operationresults/eyJqb2JJZCI6IlJFU09VUkNFR1JPVVBERUxFVElPTkpPQi1QUzM2MjAtV0VTVFVTMiIsImpvYkxvY2F0aW9uIjoid2VzdHVzMiJ9?api-version=2016-09-01&t=638651831445722196&c=MIIHhzCCBm-gAwIBAgITfAWHnYffOmFQPBQlYwAABYedhzANBgkqhkiG9w0BAQsFADBEMRMwEQYKCZImiZPyLGQBGRYDR0JMMRMwEQYKCZImiZPyLGQBGRYDQU1FMRgwFgYDVQQDEw9BTUUgSW5mcmEgQ0EgMDUwHhcNMjQwOTIyMTMwODA5WhcNMjUwMzIxMTMwODA5WjBAMT4wPAYDVQQDEzVhc3luY29wZXJhdGlvbnNpZ25pbmdjZXJ0aWZpY2F0ZS5tYW5hZ2VtZW50LmF6dXJlLmNvbTCCASIwDQYJKoZIhvcNAQEBBQADggEPADCCAQoCggEBALaG4e8e65ktp3eTeBAk6VhrNKydNqkELTKAbG6jWa6h6i3Nzrurci2Iso43JNATFZk6XGcweL-eQXm6vIBviHXzQOZw3LxEnjcLJ9e3Jq5bKM3JjYFeVD_ZXasVqpjRwIMq8MNVOSF2hzopSKm4tWStJXYabqRSj94BpAjxaThE0ndeaZCPBwRjacPswgV1N7HCKSHupre72mdcCUptx7yJoVTZ18SuhlnR4hotMvbnlmCxagZn8F8lBeNOl7LJ3VBEgW8qUxVffDWgg_i1vpw7VeDqiU7Vm-fg2VdvRUZRi0suEwyxM3kGvFLrAqNe1sEhD8tZaHy37EE4lHsb0xECAwEAAaOCBHQwggRwMCcGCSsGAQQBgjcVCgQaMBgwCgYIKwYBBQUHAwEwCgYIKwYBBQUHAwIwPQYJKwYBBAGCNxUHBDAwLgYmKwYBBAGCNxUIhpDjDYTVtHiE8Ys-hZvdFs6dEoFghfmRS4WsmTQCAWQCAQcwggHLBggrBgEFBQcBAQSCAb0wggG5MGMGCCsGAQUFBzAChldodHRwOi8vY3JsLm1pY3Jvc29mdC5jb20vcGtpaW5mcmEvQ2VydHMvQ08xUEtJSU5UQ0EwMS5BTUUuR0JMX0FNRSUyMEluZnJhJTIwQ0ElMjAwNS5jcnQwUwYIKwYBBQUHMAKGR2h0dHA6Ly9jcmwxLmFtZS5nYmwvYWlhL0NPMVBLSUlOVENBMDEuQU1FLkdCTF9BTUUlMjBJbmZyYSUyMENBJTIwMDUuY3J0MFMGCCsGAQUFBzAChkdodHRwOi8vY3JsMi5hbWUuZ2JsL2FpYS9DTzFQS0lJTlRDQTAxLkFNRS5HQkxfQU1FJTIwSW5mcmElMjBDQSUyMDA1LmNydDBTBggrBgEFBQcwAoZHaHR0cDovL2NybDMuYW1lLmdibC9haWEvQ08xUEtJSU5UQ0EwMS5BTUUuR0JMX0FNRSUyMEluZnJhJTIwQ0ElMjAwNS5jcnQwUwYIKwYBBQUHMAKGR2h0dHA6Ly9jcmw0LmFtZS5nYmwvYWlhL0NPMVBLSUlOVENBMDEuQU1FLkdCTF9BTUUlMjBJbmZyYSUyMENBJTIwMDUuY3J0MB0GA1UdDgQWBBSxolT6o0RArX314MzmrvVeAiPlTDAOBgNVHQ8BAf8EBAMCBaAwggEmBgNVHR8EggEdMIIBGTCCARWgggERoIIBDYY_aHR0cDovL2NybC5taWNyb3NvZnQuY29tL3BraWluZnJhL0NSTC9BTUUlMjBJbmZyYSUyMENBJTIwMDUuY3JshjFodHRwOi8vY3JsMS5hbWUuZ2JsL2NybC9BTUUlMjBJbmZyYSUyMENBJTIwMDUuY3JshjFodHRwOi8vY3JsMi5hbWUuZ2JsL2NybC9BTUUlMjBJbmZyYSUyMENBJTIwMDUuY3JshjFodHRwOi8vY3JsMy5hbWUuZ2JsL2NybC9BTUUlMjBJbmZyYSUyMENBJTIwMDUuY3JshjFodHRwOi8vY3JsNC5hbWUuZ2JsL2NybC9BTUUlMjBJbmZyYSUyMENBJTIwMDUuY3JsMIGdBgNVHSAEgZUwgZIwDAYKKwYBBAGCN3sBATBmBgorBgEEAYI3ewICMFgwVgYIKwYBBQUHAgIwSh5IADMAMwBlADAAMQA5ADIAMQAtADQAZAA2ADQALQA0AGYAOABjAC0AYQAwADUANQAtADUAYgBkAGEAZgBmAGQANQBlADMAMwBkMAwGCisGAQQBgjd7AwEwDAYKKwYBBAGCN3sEAjAfBgNVHSMEGDAWgBR61hmFKHlscXYeYPjzS--iBUIWHTAdBgNVHSUEFjAUBggrBgEFBQcDAQYIKwYBBQUHAwIwDQYJKoZIhvcNAQELBQADggEBACmI8wsWYvetVpRdj9Qp4i8sA97cTAX7OHXDOQ1tISQSlpxko_k8u8iNB0IAf4F1pzqw9wETSwIAehWTsUYGGFTn0Tl48uoYK6tzUEJzAlk074qysHJXM5i0PYY12YTD585j9xNjYr-KANki4Rb1MtRlDClBTNUiw79tJveAT7slBVzM4yE15TkcdeVxLZNkWdndHu8HyJzYiNu3B8qdEU5PA1pZ1S9yquY-iFF6wFLZvR45-q00yUT_h2ldIpVY09BRgzpLRtc8OZDuv9HpSLojv_aQqV1HLdgwk4xhc24KuM7SCqWUYS1ruNbUOR29W_3qk8fiKucpiUdmopJMbJw&s=Lf9rUdGyXnIEsEdzkP7RIINqGRtQFm93D0uu7aCUpm-j92aD2j82Fevbaysw6MzxTld9EC2fE_B8yOQO-NJCbav366SmBOD_NRdywDYFvnH0QqUp-S8G64vnkm8Lpy_0F3iFRJo7t5iN533DLuUFhx9f3SeyPneW_uqb0xoujq2nZV5io7mflix-ayozkRdb8SYW4TPHiBWdw7f1f8FnkAyluOV7Lv_0Y_DbOq0yE8f0nsBQGda01mS7UwnML4ntPapOkqrFP7lWYpoepz36KBhArKgXX_Zdql5sZCBsSlehGSVJ5vyAKuCRKEEELhZ-pkB9RYFdJuYkWjc0qCh2ow&h=BEY1-Ov83OVc2wUSeonirWdSOHHHlePTJbzEq4Lzmq4"
        ],
        "Retry-After": [
          "15"
        ],
        "x-ms-ratelimit-remaining-subscription-reads": [
          "1099"
        ],
        "x-ms-ratelimit-remaining-subscription-global-reads": [
          "16499"
        ],
        "x-ms-request-id": [
          "3e752b69-3fbf-4eac-81ce-6fbab13be0ee"
        ],
        "x-ms-correlation-request-id": [
          "3e752b69-3fbf-4eac-81ce-6fbab13be0ee"
        ],
        "x-ms-routing-request-id": [
          "NORTHEUROPE:20241022T083904Z:3e752b69-3fbf-4eac-81ce-6fbab13be0ee"
        ],
        "Strict-Transport-Security": [
          "max-age=31536000; includeSubDomains"
        ],
        "X-Content-Type-Options": [
          "nosniff"
        ],
        "X-Cache": [
          "CONFIG_NOCACHE"
        ],
        "X-MSEdge-Ref": [
          "Ref A: 91BEAA6D98594FB4A16618BD02CCC046 Ref B: AMS231020512049 Ref C: 2024-10-22T08:39:03Z"
        ],
        "Date": [
          "Tue, 22 Oct 2024 08:39:04 GMT"
        ],
        "Expires": [
          "-1"
        ],
        "Content-Length": [
          "0"
        ]
      },
      "ResponseBody": "",
      "StatusCode": 202
    },
    {
      "RequestUri": "/subscriptions/0661b131-4a11-479b-96bf-2f95acca2f73/operationresults/eyJqb2JJZCI6IlJFU09VUkNFR1JPVVBERUxFVElPTkpPQi1QUzM2MjAtV0VTVFVTMiIsImpvYkxvY2F0aW9uIjoid2VzdHVzMiJ9?api-version=2016-09-01&t=638651831445722196&c=MIIHhzCCBm-gAwIBAgITfAWHnYffOmFQPBQlYwAABYedhzANBgkqhkiG9w0BAQsFADBEMRMwEQYKCZImiZPyLGQBGRYDR0JMMRMwEQYKCZImiZPyLGQBGRYDQU1FMRgwFgYDVQQDEw9BTUUgSW5mcmEgQ0EgMDUwHhcNMjQwOTIyMTMwODA5WhcNMjUwMzIxMTMwODA5WjBAMT4wPAYDVQQDEzVhc3luY29wZXJhdGlvbnNpZ25pbmdjZXJ0aWZpY2F0ZS5tYW5hZ2VtZW50LmF6dXJlLmNvbTCCASIwDQYJKoZIhvcNAQEBBQADggEPADCCAQoCggEBALaG4e8e65ktp3eTeBAk6VhrNKydNqkELTKAbG6jWa6h6i3Nzrurci2Iso43JNATFZk6XGcweL-eQXm6vIBviHXzQOZw3LxEnjcLJ9e3Jq5bKM3JjYFeVD_ZXasVqpjRwIMq8MNVOSF2hzopSKm4tWStJXYabqRSj94BpAjxaThE0ndeaZCPBwRjacPswgV1N7HCKSHupre72mdcCUptx7yJoVTZ18SuhlnR4hotMvbnlmCxagZn8F8lBeNOl7LJ3VBEgW8qUxVffDWgg_i1vpw7VeDqiU7Vm-fg2VdvRUZRi0suEwyxM3kGvFLrAqNe1sEhD8tZaHy37EE4lHsb0xECAwEAAaOCBHQwggRwMCcGCSsGAQQBgjcVCgQaMBgwCgYIKwYBBQUHAwEwCgYIKwYBBQUHAwIwPQYJKwYBBAGCNxUHBDAwLgYmKwYBBAGCNxUIhpDjDYTVtHiE8Ys-hZvdFs6dEoFghfmRS4WsmTQCAWQCAQcwggHLBggrBgEFBQcBAQSCAb0wggG5MGMGCCsGAQUFBzAChldodHRwOi8vY3JsLm1pY3Jvc29mdC5jb20vcGtpaW5mcmEvQ2VydHMvQ08xUEtJSU5UQ0EwMS5BTUUuR0JMX0FNRSUyMEluZnJhJTIwQ0ElMjAwNS5jcnQwUwYIKwYBBQUHMAKGR2h0dHA6Ly9jcmwxLmFtZS5nYmwvYWlhL0NPMVBLSUlOVENBMDEuQU1FLkdCTF9BTUUlMjBJbmZyYSUyMENBJTIwMDUuY3J0MFMGCCsGAQUFBzAChkdodHRwOi8vY3JsMi5hbWUuZ2JsL2FpYS9DTzFQS0lJTlRDQTAxLkFNRS5HQkxfQU1FJTIwSW5mcmElMjBDQSUyMDA1LmNydDBTBggrBgEFBQcwAoZHaHR0cDovL2NybDMuYW1lLmdibC9haWEvQ08xUEtJSU5UQ0EwMS5BTUUuR0JMX0FNRSUyMEluZnJhJTIwQ0ElMjAwNS5jcnQwUwYIKwYBBQUHMAKGR2h0dHA6Ly9jcmw0LmFtZS5nYmwvYWlhL0NPMVBLSUlOVENBMDEuQU1FLkdCTF9BTUUlMjBJbmZyYSUyMENBJTIwMDUuY3J0MB0GA1UdDgQWBBSxolT6o0RArX314MzmrvVeAiPlTDAOBgNVHQ8BAf8EBAMCBaAwggEmBgNVHR8EggEdMIIBGTCCARWgggERoIIBDYY_aHR0cDovL2NybC5taWNyb3NvZnQuY29tL3BraWluZnJhL0NSTC9BTUUlMjBJbmZyYSUyMENBJTIwMDUuY3JshjFodHRwOi8vY3JsMS5hbWUuZ2JsL2NybC9BTUUlMjBJbmZyYSUyMENBJTIwMDUuY3JshjFodHRwOi8vY3JsMi5hbWUuZ2JsL2NybC9BTUUlMjBJbmZyYSUyMENBJTIwMDUuY3JshjFodHRwOi8vY3JsMy5hbWUuZ2JsL2NybC9BTUUlMjBJbmZyYSUyMENBJTIwMDUuY3JshjFodHRwOi8vY3JsNC5hbWUuZ2JsL2NybC9BTUUlMjBJbmZyYSUyMENBJTIwMDUuY3JsMIGdBgNVHSAEgZUwgZIwDAYKKwYBBAGCN3sBATBmBgorBgEEAYI3ewICMFgwVgYIKwYBBQUHAgIwSh5IADMAMwBlADAAMQA5ADIAMQAtADQAZAA2ADQALQA0AGYAOABjAC0AYQAwADUANQAtADUAYgBkAGEAZgBmAGQANQBlADMAMwBkMAwGCisGAQQBgjd7AwEwDAYKKwYBBAGCN3sEAjAfBgNVHSMEGDAWgBR61hmFKHlscXYeYPjzS--iBUIWHTAdBgNVHSUEFjAUBggrBgEFBQcDAQYIKwYBBQUHAwIwDQYJKoZIhvcNAQELBQADggEBACmI8wsWYvetVpRdj9Qp4i8sA97cTAX7OHXDOQ1tISQSlpxko_k8u8iNB0IAf4F1pzqw9wETSwIAehWTsUYGGFTn0Tl48uoYK6tzUEJzAlk074qysHJXM5i0PYY12YTD585j9xNjYr-KANki4Rb1MtRlDClBTNUiw79tJveAT7slBVzM4yE15TkcdeVxLZNkWdndHu8HyJzYiNu3B8qdEU5PA1pZ1S9yquY-iFF6wFLZvR45-q00yUT_h2ldIpVY09BRgzpLRtc8OZDuv9HpSLojv_aQqV1HLdgwk4xhc24KuM7SCqWUYS1ruNbUOR29W_3qk8fiKucpiUdmopJMbJw&s=Lf9rUdGyXnIEsEdzkP7RIINqGRtQFm93D0uu7aCUpm-j92aD2j82Fevbaysw6MzxTld9EC2fE_B8yOQO-NJCbav366SmBOD_NRdywDYFvnH0QqUp-S8G64vnkm8Lpy_0F3iFRJo7t5iN533DLuUFhx9f3SeyPneW_uqb0xoujq2nZV5io7mflix-ayozkRdb8SYW4TPHiBWdw7f1f8FnkAyluOV7Lv_0Y_DbOq0yE8f0nsBQGda01mS7UwnML4ntPapOkqrFP7lWYpoepz36KBhArKgXX_Zdql5sZCBsSlehGSVJ5vyAKuCRKEEELhZ-pkB9RYFdJuYkWjc0qCh2ow&h=BEY1-Ov83OVc2wUSeonirWdSOHHHlePTJbzEq4Lzmq4",
      "EncodedRequestUri": "L3N1YnNjcmlwdGlvbnMvMDY2MWIxMzEtNGExMS00NzliLTk2YmYtMmY5NWFjY2EyZjczL29wZXJhdGlvbnJlc3VsdHMvZXlKcWIySkpaQ0k2SWxKRlUwOVZVa05GUjFKUFZWQkVSVXhGVkVsUFRrcFBRaTFRVXpNMk1qQXRWMFZUVkZWVE1pSXNJbXB2WWt4dlkyRjBhVzl1SWpvaWQyVnpkSFZ6TWlKOT9hcGktdmVyc2lvbj0yMDE2LTA5LTAxJnQ9NjM4NjUxODMxNDQ1NzIyMTk2JmM9TUlJSGh6Q0NCbS1nQXdJQkFnSVRmQVdIbllmZk9tRlFQQlFsWXdBQUJZZWRoekFOQmdrcWhraUc5dzBCQVFzRkFEQkVNUk13RVFZS0NaSW1pWlB5TEdRQkdSWURSMEpNTVJNd0VRWUtDWkltaVpQeUxHUUJHUllEUVUxRk1SZ3dGZ1lEVlFRREV3OUJUVVVnU1c1bWNtRWdRMEVnTURVd0hoY05NalF3T1RJeU1UTXdPREE1V2hjTk1qVXdNekl4TVRNd09EQTVXakJBTVQ0d1BBWURWUVFERXpWaGMzbHVZMjl3WlhKaGRHbHZibk5wWjI1cGJtZGpaWEowYVdacFkyRjBaUzV0WVc1aFoyVnRaVzUwTG1GNmRYSmxMbU52YlRDQ0FTSXdEUVlKS29aSWh2Y05BUUVCQlFBRGdnRVBBRENDQVFvQ2dnRUJBTGFHNGU4ZTY1a3RwM2VUZUJBazZWaHJOS3lkTnFrRUxUS0FiRzZqV2E2aDZpM056cnVyY2kySXNvNDNKTkFURlprNlhHY3dlTC1lUVhtNnZJQnZpSFh6UU9adzNMeEVuamNMSjllM0pxNWJLTTNKallGZVZEX1pYYXNWcXBqUndJTXE4TU5WT1NGMmh6b3BTS200dFdTdEpYWWFicVJTajk0QnBBanhhVGhFMG5kZWFaQ1BCd1JqYWNQc3dnVjFON0hDS1NIdXByZTcybWRjQ1VwdHg3eUpvVlRaMThTdWhsblI0aG90TXZibmxtQ3hhZ1puOEY4bEJlTk9sN0xKM1ZCRWdXOHFVeFZmZkRXZ2dfaTF2cHc3VmVEcWlVN1ZtLWZnMlZkdlJVWlJpMHN1RXd5eE0za0d2RkxyQXFOZTFzRWhEOHRaYUh5MzdFRTRsSHNiMHhFQ0F3RUFBYU9DQkhRd2dnUndNQ2NHQ1NzR0FRUUJnamNWQ2dRYU1CZ3dDZ1lJS3dZQkJRVUhBd0V3Q2dZSUt3WUJCUVVIQXdJd1BRWUpLd1lCQkFHQ054VUhCREF3TGdZbUt3WUJCQUdDTnhVSWhwRGpEWVRWdEhpRThZcy1oWnZkRnM2ZEVvRmdoZm1SUzRXc21UUUNBV1FDQVFjd2dnSExCZ2dyQmdFRkJRY0JBUVNDQWIwd2dnRzVNR01HQ0NzR0FRVUZCekFDaGxkb2RIUndPaTh2WTNKc0xtMXBZM0p2YzI5bWRDNWpiMjB2Y0d0cGFXNW1jbUV2UTJWeWRITXZRMDh4VUV0SlNVNVVRMEV3TVM1QlRVVXVSMEpNWDBGTlJTVXlNRWx1Wm5KaEpUSXdRMEVsTWpBd05TNWpjblF3VXdZSUt3WUJCUVVITUFLR1IyaDBkSEE2THk5amNtd3hMbUZ0WlM1blltd3ZZV2xoTDBOUE1WQkxTVWxPVkVOQk1ERXVRVTFGTGtkQ1RGOUJUVVVsTWpCSmJtWnlZU1V5TUVOQkpUSXdNRFV1WTNKME1GTUdDQ3NHQVFVRkJ6QUNoa2RvZEhSd09pOHZZM0pzTWk1aGJXVXVaMkpzTDJGcFlTOURUekZRUzBsSlRsUkRRVEF4TGtGTlJTNUhRa3hmUVUxRkpUSXdTVzVtY21FbE1qQkRRU1V5TURBMUxtTnlkREJUQmdnckJnRUZCUWN3QW9aSGFIUjBjRG92TDJOeWJETXVZVzFsTG1kaWJDOWhhV0V2UTA4eFVFdEpTVTVVUTBFd01TNUJUVVV1UjBKTVgwRk5SU1V5TUVsdVpuSmhKVEl3UTBFbE1qQXdOUzVqY25Rd1V3WUlLd1lCQlFVSE1BS0dSMmgwZEhBNkx5OWpjbXcwTG1GdFpTNW5ZbXd2WVdsaEwwTlBNVkJMU1VsT1ZFTkJNREV1UVUxRkxrZENURjlCVFVVbE1qQkpibVp5WVNVeU1FTkJKVEl3TURVdVkzSjBNQjBHQTFVZERnUVdCQlN4b2xUNm8wUkFyWDMxNE16bXJ2VmVBaVBsVERBT0JnTlZIUThCQWY4RUJBTUNCYUF3Z2dFbUJnTlZIUjhFZ2dFZE1JSUJHVENDQVJXZ2dnRVJvSUlCRFlZX2FIUjBjRG92TDJOeWJDNXRhV055YjNOdlpuUXVZMjl0TDNCcmFXbHVabkpoTDBOU1RDOUJUVVVsTWpCSmJtWnlZU1V5TUVOQkpUSXdNRFV1WTNKc2hqRm9kSFJ3T2k4dlkzSnNNUzVoYldVdVoySnNMMk55YkM5QlRVVWxNakJKYm1aeVlTVXlNRU5CSlRJd01EVXVZM0pzaGpGb2RIUndPaTh2WTNKc01pNWhiV1V1WjJKc0wyTnliQzlCVFVVbE1qQkpibVp5WVNVeU1FTkJKVEl3TURVdVkzSnNoakZvZEhSd09pOHZZM0pzTXk1aGJXVXVaMkpzTDJOeWJDOUJUVVVsTWpCSmJtWnlZU1V5TUVOQkpUSXdNRFV1WTNKc2hqRm9kSFJ3T2k4dlkzSnNOQzVoYldVdVoySnNMMk55YkM5QlRVVWxNakJKYm1aeVlTVXlNRU5CSlRJd01EVXVZM0pzTUlHZEJnTlZIU0FFZ1pVd2daSXdEQVlLS3dZQkJBR0NOM3NCQVRCbUJnb3JCZ0VFQVlJM2V3SUNNRmd3VmdZSUt3WUJCUVVIQWdJd1NoNUlBRE1BTXdCbEFEQUFNUUE1QURJQU1RQXRBRFFBWkFBMkFEUUFMUUEwQUdZQU9BQmpBQzBBWVFBd0FEVUFOUUF0QURVQVlnQmtBR0VBWmdCbUFHUUFOUUJsQURNQU13QmtNQXdHQ2lzR0FRUUJnamQ3QXdFd0RBWUtLd1lCQkFHQ04zc0VBakFmQmdOVkhTTUVHREFXZ0JSNjFobUZLSGxzY1hZZVlQanpTLS1pQlVJV0hUQWRCZ05WSFNVRUZqQVVCZ2dyQmdFRkJRY0RBUVlJS3dZQkJRVUhBd0l3RFFZSktvWklodmNOQVFFTEJRQURnZ0VCQUNtSTh3c1dZdmV0VnBSZGo5UXA0aThzQTk3Y1RBWDdPSFhET1ExdElTUVNscHhrb19rOHU4aU5CMElBZjRGMXB6cXc5d0VUU3dJQWVoV1RzVVlHR0ZUbjBUbDQ4dW9ZSzZ0elVFSnpBbGswNzRxeXNISlhNNWkwUFlZMTJZVEQ1ODVqOXhOallyLUtBTmtpNFJiMU10UmxEQ2xCVE5VaXc3OXRKdmVBVDdzbEJWek00eUUxNVRrY2RlVnhMWk5rV2RuZEh1OEh5SnpZaU51M0I4cWRFVTVQQTFwWjFTOXlxdVktaUZGNndGTFp2UjQ1LXEwMHlVVF9oMmxkSXBWWTA5QlJnenBMUnRjOE9aRHV2OUhwU0xvanZfYVFxVjFITGRnd2s0eGhjMjRLdU03U0NxV1VZUzFydU5iVU9SMjlXXzNxazhmaUt1Y3BpVWRtb3BKTWJKdyZzPUxmOXJVZEd5WG5JRXNFZHprUDdSSUlOcUdSdFFGbTkzRDB1dTdhQ1VwbS1qOTJhRDJqODJGZXZiYXlzdzZNenhUbGQ5RUMyZkVfQjh5T1FPLU5KQ2JhdjM2NlNtQk9EX05SZHl3RFlGdm5IMFFxVXAtUzhHNjR2bmttOExweV8wRjNpRlJKbzd0NWlONTMzREx1VUZoeDlmM1NleVBuZVdfdXFiMHhvdWpxMm5aVjVpbzdtZmxpeC1heW96a1JkYjhTWVc0VFBIaUJXZHc3ZjFmOEZua0F5bHVPVjdMdl8wWV9EYk9xMHlFOGYwbnNCUUdkYTAxbVM3VXduTUw0bnRQYXBPa3FyRlA3bFdZcG9lcHozNktCaEFyS2dYWF9aZHFsNXNaQ0JzU2xlaEdTVko1dnlBS3VDUktFRUVMaFotcGtCOVJZRmRKdVlrV2pjMHFDaDJvdyZoPUJFWTEtT3Y4M09WYzJ3VVNlb25pcldkU09ISEhsZVBUSmJ6RXE0THptcTQ=",
      "RequestMethod": "GET",
      "RequestHeaders": {
        "User-Agent": [
          "FxVersion/6.0.3324.36610",
          "OSName/Windows",
          "OSVersion/Microsoft.Windows.10.0.22631",
          "Microsoft.Azure.Management.Internal.Resources.ResourceManagementClient/1.3.101"
        ]
      },
      "RequestBody": "",
      "ResponseHeaders": {
        "Cache-Control": [
          "no-cache"
        ],
        "Pragma": [
          "no-cache"
        ],
        "Location": [
          "https://management.azure.com/subscriptions/0661b131-4a11-479b-96bf-2f95acca2f73/operationresults/eyJqb2JJZCI6IlJFU09VUkNFR1JPVVBERUxFVElPTkpPQi1QUzM2MjAtV0VTVFVTMiIsImpvYkxvY2F0aW9uIjoid2VzdHVzMiJ9?api-version=2016-09-01&t=638651831602354652&c=MIIHhzCCBm-gAwIBAgITfAWHnYffOmFQPBQlYwAABYedhzANBgkqhkiG9w0BAQsFADBEMRMwEQYKCZImiZPyLGQBGRYDR0JMMRMwEQYKCZImiZPyLGQBGRYDQU1FMRgwFgYDVQQDEw9BTUUgSW5mcmEgQ0EgMDUwHhcNMjQwOTIyMTMwODA5WhcNMjUwMzIxMTMwODA5WjBAMT4wPAYDVQQDEzVhc3luY29wZXJhdGlvbnNpZ25pbmdjZXJ0aWZpY2F0ZS5tYW5hZ2VtZW50LmF6dXJlLmNvbTCCASIwDQYJKoZIhvcNAQEBBQADggEPADCCAQoCggEBALaG4e8e65ktp3eTeBAk6VhrNKydNqkELTKAbG6jWa6h6i3Nzrurci2Iso43JNATFZk6XGcweL-eQXm6vIBviHXzQOZw3LxEnjcLJ9e3Jq5bKM3JjYFeVD_ZXasVqpjRwIMq8MNVOSF2hzopSKm4tWStJXYabqRSj94BpAjxaThE0ndeaZCPBwRjacPswgV1N7HCKSHupre72mdcCUptx7yJoVTZ18SuhlnR4hotMvbnlmCxagZn8F8lBeNOl7LJ3VBEgW8qUxVffDWgg_i1vpw7VeDqiU7Vm-fg2VdvRUZRi0suEwyxM3kGvFLrAqNe1sEhD8tZaHy37EE4lHsb0xECAwEAAaOCBHQwggRwMCcGCSsGAQQBgjcVCgQaMBgwCgYIKwYBBQUHAwEwCgYIKwYBBQUHAwIwPQYJKwYBBAGCNxUHBDAwLgYmKwYBBAGCNxUIhpDjDYTVtHiE8Ys-hZvdFs6dEoFghfmRS4WsmTQCAWQCAQcwggHLBggrBgEFBQcBAQSCAb0wggG5MGMGCCsGAQUFBzAChldodHRwOi8vY3JsLm1pY3Jvc29mdC5jb20vcGtpaW5mcmEvQ2VydHMvQ08xUEtJSU5UQ0EwMS5BTUUuR0JMX0FNRSUyMEluZnJhJTIwQ0ElMjAwNS5jcnQwUwYIKwYBBQUHMAKGR2h0dHA6Ly9jcmwxLmFtZS5nYmwvYWlhL0NPMVBLSUlOVENBMDEuQU1FLkdCTF9BTUUlMjBJbmZyYSUyMENBJTIwMDUuY3J0MFMGCCsGAQUFBzAChkdodHRwOi8vY3JsMi5hbWUuZ2JsL2FpYS9DTzFQS0lJTlRDQTAxLkFNRS5HQkxfQU1FJTIwSW5mcmElMjBDQSUyMDA1LmNydDBTBggrBgEFBQcwAoZHaHR0cDovL2NybDMuYW1lLmdibC9haWEvQ08xUEtJSU5UQ0EwMS5BTUUuR0JMX0FNRSUyMEluZnJhJTIwQ0ElMjAwNS5jcnQwUwYIKwYBBQUHMAKGR2h0dHA6Ly9jcmw0LmFtZS5nYmwvYWlhL0NPMVBLSUlOVENBMDEuQU1FLkdCTF9BTUUlMjBJbmZyYSUyMENBJTIwMDUuY3J0MB0GA1UdDgQWBBSxolT6o0RArX314MzmrvVeAiPlTDAOBgNVHQ8BAf8EBAMCBaAwggEmBgNVHR8EggEdMIIBGTCCARWgggERoIIBDYY_aHR0cDovL2NybC5taWNyb3NvZnQuY29tL3BraWluZnJhL0NSTC9BTUUlMjBJbmZyYSUyMENBJTIwMDUuY3JshjFodHRwOi8vY3JsMS5hbWUuZ2JsL2NybC9BTUUlMjBJbmZyYSUyMENBJTIwMDUuY3JshjFodHRwOi8vY3JsMi5hbWUuZ2JsL2NybC9BTUUlMjBJbmZyYSUyMENBJTIwMDUuY3JshjFodHRwOi8vY3JsMy5hbWUuZ2JsL2NybC9BTUUlMjBJbmZyYSUyMENBJTIwMDUuY3JshjFodHRwOi8vY3JsNC5hbWUuZ2JsL2NybC9BTUUlMjBJbmZyYSUyMENBJTIwMDUuY3JsMIGdBgNVHSAEgZUwgZIwDAYKKwYBBAGCN3sBATBmBgorBgEEAYI3ewICMFgwVgYIKwYBBQUHAgIwSh5IADMAMwBlADAAMQA5ADIAMQAtADQAZAA2ADQALQA0AGYAOABjAC0AYQAwADUANQAtADUAYgBkAGEAZgBmAGQANQBlADMAMwBkMAwGCisGAQQBgjd7AwEwDAYKKwYBBAGCN3sEAjAfBgNVHSMEGDAWgBR61hmFKHlscXYeYPjzS--iBUIWHTAdBgNVHSUEFjAUBggrBgEFBQcDAQYIKwYBBQUHAwIwDQYJKoZIhvcNAQELBQADggEBACmI8wsWYvetVpRdj9Qp4i8sA97cTAX7OHXDOQ1tISQSlpxko_k8u8iNB0IAf4F1pzqw9wETSwIAehWTsUYGGFTn0Tl48uoYK6tzUEJzAlk074qysHJXM5i0PYY12YTD585j9xNjYr-KANki4Rb1MtRlDClBTNUiw79tJveAT7slBVzM4yE15TkcdeVxLZNkWdndHu8HyJzYiNu3B8qdEU5PA1pZ1S9yquY-iFF6wFLZvR45-q00yUT_h2ldIpVY09BRgzpLRtc8OZDuv9HpSLojv_aQqV1HLdgwk4xhc24KuM7SCqWUYS1ruNbUOR29W_3qk8fiKucpiUdmopJMbJw&s=FrFB6s7x5bIvJlTlz3YOcSPmNqQcl0SSbtnJZyxGDLurAcXvfsE103HAChEJcn-IoyEgUeOXYudWkh7_2kw8XP61apjjAzp3sO_XJ3Shfmcy3HdlKq82XKEv5bSyIWKTdhAxSHkfb3448Ubegm3w6XXHC99LLSpt_5Leq4krtbG_SOWxsVqNhk29oXXy46QX6Wf6hbgSrZR1hrZCHIQsCTEcl0u1BHIQBBC9u_cCLBr3UTr03ol5C4iryUlFSYUv5-Yq2qDPKsmx5XmapDXD12FMh5_DslDWq8smykFDUs_Ugxgq6Y5AQsHHlSxqUBBuSLpL_hJVbAIiFMopJOK37g&h=8JSSux12w9S-pxzu0is266b-FJBFZP5d8Wimz7tM9k0"
        ],
        "Retry-After": [
          "15"
        ],
        "x-ms-ratelimit-remaining-subscription-reads": [
          "1099"
        ],
        "x-ms-ratelimit-remaining-subscription-global-reads": [
          "16499"
        ],
        "x-ms-request-id": [
          "865e959a-467e-44c1-86cd-e02f89f70e61"
        ],
        "x-ms-correlation-request-id": [
          "865e959a-467e-44c1-86cd-e02f89f70e61"
        ],
        "x-ms-routing-request-id": [
          "NORTHEUROPE:20241022T083920Z:865e959a-467e-44c1-86cd-e02f89f70e61"
        ],
        "Strict-Transport-Security": [
          "max-age=31536000; includeSubDomains"
        ],
        "X-Content-Type-Options": [
          "nosniff"
        ],
        "X-Cache": [
          "CONFIG_NOCACHE"
        ],
        "X-MSEdge-Ref": [
          "Ref A: FE0DBA89B5D34C32A10074547AF0153D Ref B: AMS231020512049 Ref C: 2024-10-22T08:39:19Z"
        ],
        "Date": [
          "Tue, 22 Oct 2024 08:39:20 GMT"
        ],
        "Expires": [
          "-1"
        ],
        "Content-Length": [
          "0"
        ]
      },
      "ResponseBody": "",
      "StatusCode": 202
    },
    {
      "RequestUri": "/subscriptions/0661b131-4a11-479b-96bf-2f95acca2f73/operationresults/eyJqb2JJZCI6IlJFU09VUkNFR1JPVVBERUxFVElPTkpPQi1QUzM2MjAtV0VTVFVTMiIsImpvYkxvY2F0aW9uIjoid2VzdHVzMiJ9?api-version=2016-09-01&t=638651831602354652&c=MIIHhzCCBm-gAwIBAgITfAWHnYffOmFQPBQlYwAABYedhzANBgkqhkiG9w0BAQsFADBEMRMwEQYKCZImiZPyLGQBGRYDR0JMMRMwEQYKCZImiZPyLGQBGRYDQU1FMRgwFgYDVQQDEw9BTUUgSW5mcmEgQ0EgMDUwHhcNMjQwOTIyMTMwODA5WhcNMjUwMzIxMTMwODA5WjBAMT4wPAYDVQQDEzVhc3luY29wZXJhdGlvbnNpZ25pbmdjZXJ0aWZpY2F0ZS5tYW5hZ2VtZW50LmF6dXJlLmNvbTCCASIwDQYJKoZIhvcNAQEBBQADggEPADCCAQoCggEBALaG4e8e65ktp3eTeBAk6VhrNKydNqkELTKAbG6jWa6h6i3Nzrurci2Iso43JNATFZk6XGcweL-eQXm6vIBviHXzQOZw3LxEnjcLJ9e3Jq5bKM3JjYFeVD_ZXasVqpjRwIMq8MNVOSF2hzopSKm4tWStJXYabqRSj94BpAjxaThE0ndeaZCPBwRjacPswgV1N7HCKSHupre72mdcCUptx7yJoVTZ18SuhlnR4hotMvbnlmCxagZn8F8lBeNOl7LJ3VBEgW8qUxVffDWgg_i1vpw7VeDqiU7Vm-fg2VdvRUZRi0suEwyxM3kGvFLrAqNe1sEhD8tZaHy37EE4lHsb0xECAwEAAaOCBHQwggRwMCcGCSsGAQQBgjcVCgQaMBgwCgYIKwYBBQUHAwEwCgYIKwYBBQUHAwIwPQYJKwYBBAGCNxUHBDAwLgYmKwYBBAGCNxUIhpDjDYTVtHiE8Ys-hZvdFs6dEoFghfmRS4WsmTQCAWQCAQcwggHLBggrBgEFBQcBAQSCAb0wggG5MGMGCCsGAQUFBzAChldodHRwOi8vY3JsLm1pY3Jvc29mdC5jb20vcGtpaW5mcmEvQ2VydHMvQ08xUEtJSU5UQ0EwMS5BTUUuR0JMX0FNRSUyMEluZnJhJTIwQ0ElMjAwNS5jcnQwUwYIKwYBBQUHMAKGR2h0dHA6Ly9jcmwxLmFtZS5nYmwvYWlhL0NPMVBLSUlOVENBMDEuQU1FLkdCTF9BTUUlMjBJbmZyYSUyMENBJTIwMDUuY3J0MFMGCCsGAQUFBzAChkdodHRwOi8vY3JsMi5hbWUuZ2JsL2FpYS9DTzFQS0lJTlRDQTAxLkFNRS5HQkxfQU1FJTIwSW5mcmElMjBDQSUyMDA1LmNydDBTBggrBgEFBQcwAoZHaHR0cDovL2NybDMuYW1lLmdibC9haWEvQ08xUEtJSU5UQ0EwMS5BTUUuR0JMX0FNRSUyMEluZnJhJTIwQ0ElMjAwNS5jcnQwUwYIKwYBBQUHMAKGR2h0dHA6Ly9jcmw0LmFtZS5nYmwvYWlhL0NPMVBLSUlOVENBMDEuQU1FLkdCTF9BTUUlMjBJbmZyYSUyMENBJTIwMDUuY3J0MB0GA1UdDgQWBBSxolT6o0RArX314MzmrvVeAiPlTDAOBgNVHQ8BAf8EBAMCBaAwggEmBgNVHR8EggEdMIIBGTCCARWgggERoIIBDYY_aHR0cDovL2NybC5taWNyb3NvZnQuY29tL3BraWluZnJhL0NSTC9BTUUlMjBJbmZyYSUyMENBJTIwMDUuY3JshjFodHRwOi8vY3JsMS5hbWUuZ2JsL2NybC9BTUUlMjBJbmZyYSUyMENBJTIwMDUuY3JshjFodHRwOi8vY3JsMi5hbWUuZ2JsL2NybC9BTUUlMjBJbmZyYSUyMENBJTIwMDUuY3JshjFodHRwOi8vY3JsMy5hbWUuZ2JsL2NybC9BTUUlMjBJbmZyYSUyMENBJTIwMDUuY3JshjFodHRwOi8vY3JsNC5hbWUuZ2JsL2NybC9BTUUlMjBJbmZyYSUyMENBJTIwMDUuY3JsMIGdBgNVHSAEgZUwgZIwDAYKKwYBBAGCN3sBATBmBgorBgEEAYI3ewICMFgwVgYIKwYBBQUHAgIwSh5IADMAMwBlADAAMQA5ADIAMQAtADQAZAA2ADQALQA0AGYAOABjAC0AYQAwADUANQAtADUAYgBkAGEAZgBmAGQANQBlADMAMwBkMAwGCisGAQQBgjd7AwEwDAYKKwYBBAGCN3sEAjAfBgNVHSMEGDAWgBR61hmFKHlscXYeYPjzS--iBUIWHTAdBgNVHSUEFjAUBggrBgEFBQcDAQYIKwYBBQUHAwIwDQYJKoZIhvcNAQELBQADggEBACmI8wsWYvetVpRdj9Qp4i8sA97cTAX7OHXDOQ1tISQSlpxko_k8u8iNB0IAf4F1pzqw9wETSwIAehWTsUYGGFTn0Tl48uoYK6tzUEJzAlk074qysHJXM5i0PYY12YTD585j9xNjYr-KANki4Rb1MtRlDClBTNUiw79tJveAT7slBVzM4yE15TkcdeVxLZNkWdndHu8HyJzYiNu3B8qdEU5PA1pZ1S9yquY-iFF6wFLZvR45-q00yUT_h2ldIpVY09BRgzpLRtc8OZDuv9HpSLojv_aQqV1HLdgwk4xhc24KuM7SCqWUYS1ruNbUOR29W_3qk8fiKucpiUdmopJMbJw&s=FrFB6s7x5bIvJlTlz3YOcSPmNqQcl0SSbtnJZyxGDLurAcXvfsE103HAChEJcn-IoyEgUeOXYudWkh7_2kw8XP61apjjAzp3sO_XJ3Shfmcy3HdlKq82XKEv5bSyIWKTdhAxSHkfb3448Ubegm3w6XXHC99LLSpt_5Leq4krtbG_SOWxsVqNhk29oXXy46QX6Wf6hbgSrZR1hrZCHIQsCTEcl0u1BHIQBBC9u_cCLBr3UTr03ol5C4iryUlFSYUv5-Yq2qDPKsmx5XmapDXD12FMh5_DslDWq8smykFDUs_Ugxgq6Y5AQsHHlSxqUBBuSLpL_hJVbAIiFMopJOK37g&h=8JSSux12w9S-pxzu0is266b-FJBFZP5d8Wimz7tM9k0",
      "EncodedRequestUri": "L3N1YnNjcmlwdGlvbnMvMDY2MWIxMzEtNGExMS00NzliLTk2YmYtMmY5NWFjY2EyZjczL29wZXJhdGlvbnJlc3VsdHMvZXlKcWIySkpaQ0k2SWxKRlUwOVZVa05GUjFKUFZWQkVSVXhGVkVsUFRrcFBRaTFRVXpNMk1qQXRWMFZUVkZWVE1pSXNJbXB2WWt4dlkyRjBhVzl1SWpvaWQyVnpkSFZ6TWlKOT9hcGktdmVyc2lvbj0yMDE2LTA5LTAxJnQ9NjM4NjUxODMxNjAyMzU0NjUyJmM9TUlJSGh6Q0NCbS1nQXdJQkFnSVRmQVdIbllmZk9tRlFQQlFsWXdBQUJZZWRoekFOQmdrcWhraUc5dzBCQVFzRkFEQkVNUk13RVFZS0NaSW1pWlB5TEdRQkdSWURSMEpNTVJNd0VRWUtDWkltaVpQeUxHUUJHUllEUVUxRk1SZ3dGZ1lEVlFRREV3OUJUVVVnU1c1bWNtRWdRMEVnTURVd0hoY05NalF3T1RJeU1UTXdPREE1V2hjTk1qVXdNekl4TVRNd09EQTVXakJBTVQ0d1BBWURWUVFERXpWaGMzbHVZMjl3WlhKaGRHbHZibk5wWjI1cGJtZGpaWEowYVdacFkyRjBaUzV0WVc1aFoyVnRaVzUwTG1GNmRYSmxMbU52YlRDQ0FTSXdEUVlKS29aSWh2Y05BUUVCQlFBRGdnRVBBRENDQVFvQ2dnRUJBTGFHNGU4ZTY1a3RwM2VUZUJBazZWaHJOS3lkTnFrRUxUS0FiRzZqV2E2aDZpM056cnVyY2kySXNvNDNKTkFURlprNlhHY3dlTC1lUVhtNnZJQnZpSFh6UU9adzNMeEVuamNMSjllM0pxNWJLTTNKallGZVZEX1pYYXNWcXBqUndJTXE4TU5WT1NGMmh6b3BTS200dFdTdEpYWWFicVJTajk0QnBBanhhVGhFMG5kZWFaQ1BCd1JqYWNQc3dnVjFON0hDS1NIdXByZTcybWRjQ1VwdHg3eUpvVlRaMThTdWhsblI0aG90TXZibmxtQ3hhZ1puOEY4bEJlTk9sN0xKM1ZCRWdXOHFVeFZmZkRXZ2dfaTF2cHc3VmVEcWlVN1ZtLWZnMlZkdlJVWlJpMHN1RXd5eE0za0d2RkxyQXFOZTFzRWhEOHRaYUh5MzdFRTRsSHNiMHhFQ0F3RUFBYU9DQkhRd2dnUndNQ2NHQ1NzR0FRUUJnamNWQ2dRYU1CZ3dDZ1lJS3dZQkJRVUhBd0V3Q2dZSUt3WUJCUVVIQXdJd1BRWUpLd1lCQkFHQ054VUhCREF3TGdZbUt3WUJCQUdDTnhVSWhwRGpEWVRWdEhpRThZcy1oWnZkRnM2ZEVvRmdoZm1SUzRXc21UUUNBV1FDQVFjd2dnSExCZ2dyQmdFRkJRY0JBUVNDQWIwd2dnRzVNR01HQ0NzR0FRVUZCekFDaGxkb2RIUndPaTh2WTNKc0xtMXBZM0p2YzI5bWRDNWpiMjB2Y0d0cGFXNW1jbUV2UTJWeWRITXZRMDh4VUV0SlNVNVVRMEV3TVM1QlRVVXVSMEpNWDBGTlJTVXlNRWx1Wm5KaEpUSXdRMEVsTWpBd05TNWpjblF3VXdZSUt3WUJCUVVITUFLR1IyaDBkSEE2THk5amNtd3hMbUZ0WlM1blltd3ZZV2xoTDBOUE1WQkxTVWxPVkVOQk1ERXVRVTFGTGtkQ1RGOUJUVVVsTWpCSmJtWnlZU1V5TUVOQkpUSXdNRFV1WTNKME1GTUdDQ3NHQVFVRkJ6QUNoa2RvZEhSd09pOHZZM0pzTWk1aGJXVXVaMkpzTDJGcFlTOURUekZRUzBsSlRsUkRRVEF4TGtGTlJTNUhRa3hmUVUxRkpUSXdTVzVtY21FbE1qQkRRU1V5TURBMUxtTnlkREJUQmdnckJnRUZCUWN3QW9aSGFIUjBjRG92TDJOeWJETXVZVzFsTG1kaWJDOWhhV0V2UTA4eFVFdEpTVTVVUTBFd01TNUJUVVV1UjBKTVgwRk5SU1V5TUVsdVpuSmhKVEl3UTBFbE1qQXdOUzVqY25Rd1V3WUlLd1lCQlFVSE1BS0dSMmgwZEhBNkx5OWpjbXcwTG1GdFpTNW5ZbXd2WVdsaEwwTlBNVkJMU1VsT1ZFTkJNREV1UVUxRkxrZENURjlCVFVVbE1qQkpibVp5WVNVeU1FTkJKVEl3TURVdVkzSjBNQjBHQTFVZERnUVdCQlN4b2xUNm8wUkFyWDMxNE16bXJ2VmVBaVBsVERBT0JnTlZIUThCQWY4RUJBTUNCYUF3Z2dFbUJnTlZIUjhFZ2dFZE1JSUJHVENDQVJXZ2dnRVJvSUlCRFlZX2FIUjBjRG92TDJOeWJDNXRhV055YjNOdlpuUXVZMjl0TDNCcmFXbHVabkpoTDBOU1RDOUJUVVVsTWpCSmJtWnlZU1V5TUVOQkpUSXdNRFV1WTNKc2hqRm9kSFJ3T2k4dlkzSnNNUzVoYldVdVoySnNMMk55YkM5QlRVVWxNakJKYm1aeVlTVXlNRU5CSlRJd01EVXVZM0pzaGpGb2RIUndPaTh2WTNKc01pNWhiV1V1WjJKc0wyTnliQzlCVFVVbE1qQkpibVp5WVNVeU1FTkJKVEl3TURVdVkzSnNoakZvZEhSd09pOHZZM0pzTXk1aGJXVXVaMkpzTDJOeWJDOUJUVVVsTWpCSmJtWnlZU1V5TUVOQkpUSXdNRFV1WTNKc2hqRm9kSFJ3T2k4dlkzSnNOQzVoYldVdVoySnNMMk55YkM5QlRVVWxNakJKYm1aeVlTVXlNRU5CSlRJd01EVXVZM0pzTUlHZEJnTlZIU0FFZ1pVd2daSXdEQVlLS3dZQkJBR0NOM3NCQVRCbUJnb3JCZ0VFQVlJM2V3SUNNRmd3VmdZSUt3WUJCUVVIQWdJd1NoNUlBRE1BTXdCbEFEQUFNUUE1QURJQU1RQXRBRFFBWkFBMkFEUUFMUUEwQUdZQU9BQmpBQzBBWVFBd0FEVUFOUUF0QURVQVlnQmtBR0VBWmdCbUFHUUFOUUJsQURNQU13QmtNQXdHQ2lzR0FRUUJnamQ3QXdFd0RBWUtLd1lCQkFHQ04zc0VBakFmQmdOVkhTTUVHREFXZ0JSNjFobUZLSGxzY1hZZVlQanpTLS1pQlVJV0hUQWRCZ05WSFNVRUZqQVVCZ2dyQmdFRkJRY0RBUVlJS3dZQkJRVUhBd0l3RFFZSktvWklodmNOQVFFTEJRQURnZ0VCQUNtSTh3c1dZdmV0VnBSZGo5UXA0aThzQTk3Y1RBWDdPSFhET1ExdElTUVNscHhrb19rOHU4aU5CMElBZjRGMXB6cXc5d0VUU3dJQWVoV1RzVVlHR0ZUbjBUbDQ4dW9ZSzZ0elVFSnpBbGswNzRxeXNISlhNNWkwUFlZMTJZVEQ1ODVqOXhOallyLUtBTmtpNFJiMU10UmxEQ2xCVE5VaXc3OXRKdmVBVDdzbEJWek00eUUxNVRrY2RlVnhMWk5rV2RuZEh1OEh5SnpZaU51M0I4cWRFVTVQQTFwWjFTOXlxdVktaUZGNndGTFp2UjQ1LXEwMHlVVF9oMmxkSXBWWTA5QlJnenBMUnRjOE9aRHV2OUhwU0xvanZfYVFxVjFITGRnd2s0eGhjMjRLdU03U0NxV1VZUzFydU5iVU9SMjlXXzNxazhmaUt1Y3BpVWRtb3BKTWJKdyZzPUZyRkI2czd4NWJJdkpsVGx6M1lPY1NQbU5xUWNsMFNTYnRuSlp5eEdETHVyQWNYdmZzRTEwM0hBQ2hFSmNuLUlveUVnVWVPWFl1ZFdraDdfMmt3OFhQNjFhcGpqQXpwM3NPX1hKM1NoZm1jeTNIZGxLcTgyWEtFdjViU3lJV0tUZGhBeFNIa2ZiMzQ0OFViZWdtM3c2WFhIQzk5TExTcHRfNUxlcTRrcnRiR19TT1d4c1ZxTmhrMjlvWFh5NDZRWDZXZjZoYmdTclpSMWhyWkNISVFzQ1RFY2wwdTFCSElRQkJDOXVfY0NMQnIzVVRyMDNvbDVDNGlyeVVsRlNZVXY1LVlxMnFEUEtzbXg1WG1hcERYRDEyRk1oNV9Ec2xEV3E4c215a0ZEVXNfVWd4Z3E2WTVBUXNISGxTeHFVQkJ1U0xwTF9oSlZiQUlpRk1vcEpPSzM3ZyZoPThKU1N1eDEydzlTLXB4enUwaXMyNjZiLUZKQkZaUDVkOFdpbXo3dE05azA=",
      "RequestMethod": "GET",
      "RequestHeaders": {
        "User-Agent": [
          "FxVersion/6.0.3324.36610",
          "OSName/Windows",
          "OSVersion/Microsoft.Windows.10.0.22631",
          "Microsoft.Azure.Management.Internal.Resources.ResourceManagementClient/1.3.101"
        ]
      },
      "RequestBody": "",
      "ResponseHeaders": {
        "Cache-Control": [
          "no-cache"
        ],
        "Pragma": [
          "no-cache"
        ],
        "Location": [
          "https://management.azure.com/subscriptions/0661b131-4a11-479b-96bf-2f95acca2f73/operationresults/eyJqb2JJZCI6IlJFU09VUkNFR1JPVVBERUxFVElPTkpPQi1QUzM2MjAtV0VTVFVTMiIsImpvYkxvY2F0aW9uIjoid2VzdHVzMiJ9?api-version=2016-09-01&t=638651831759179958&c=MIIHhzCCBm-gAwIBAgITfAWHnYffOmFQPBQlYwAABYedhzANBgkqhkiG9w0BAQsFADBEMRMwEQYKCZImiZPyLGQBGRYDR0JMMRMwEQYKCZImiZPyLGQBGRYDQU1FMRgwFgYDVQQDEw9BTUUgSW5mcmEgQ0EgMDUwHhcNMjQwOTIyMTMwODA5WhcNMjUwMzIxMTMwODA5WjBAMT4wPAYDVQQDEzVhc3luY29wZXJhdGlvbnNpZ25pbmdjZXJ0aWZpY2F0ZS5tYW5hZ2VtZW50LmF6dXJlLmNvbTCCASIwDQYJKoZIhvcNAQEBBQADggEPADCCAQoCggEBALaG4e8e65ktp3eTeBAk6VhrNKydNqkELTKAbG6jWa6h6i3Nzrurci2Iso43JNATFZk6XGcweL-eQXm6vIBviHXzQOZw3LxEnjcLJ9e3Jq5bKM3JjYFeVD_ZXasVqpjRwIMq8MNVOSF2hzopSKm4tWStJXYabqRSj94BpAjxaThE0ndeaZCPBwRjacPswgV1N7HCKSHupre72mdcCUptx7yJoVTZ18SuhlnR4hotMvbnlmCxagZn8F8lBeNOl7LJ3VBEgW8qUxVffDWgg_i1vpw7VeDqiU7Vm-fg2VdvRUZRi0suEwyxM3kGvFLrAqNe1sEhD8tZaHy37EE4lHsb0xECAwEAAaOCBHQwggRwMCcGCSsGAQQBgjcVCgQaMBgwCgYIKwYBBQUHAwEwCgYIKwYBBQUHAwIwPQYJKwYBBAGCNxUHBDAwLgYmKwYBBAGCNxUIhpDjDYTVtHiE8Ys-hZvdFs6dEoFghfmRS4WsmTQCAWQCAQcwggHLBggrBgEFBQcBAQSCAb0wggG5MGMGCCsGAQUFBzAChldodHRwOi8vY3JsLm1pY3Jvc29mdC5jb20vcGtpaW5mcmEvQ2VydHMvQ08xUEtJSU5UQ0EwMS5BTUUuR0JMX0FNRSUyMEluZnJhJTIwQ0ElMjAwNS5jcnQwUwYIKwYBBQUHMAKGR2h0dHA6Ly9jcmwxLmFtZS5nYmwvYWlhL0NPMVBLSUlOVENBMDEuQU1FLkdCTF9BTUUlMjBJbmZyYSUyMENBJTIwMDUuY3J0MFMGCCsGAQUFBzAChkdodHRwOi8vY3JsMi5hbWUuZ2JsL2FpYS9DTzFQS0lJTlRDQTAxLkFNRS5HQkxfQU1FJTIwSW5mcmElMjBDQSUyMDA1LmNydDBTBggrBgEFBQcwAoZHaHR0cDovL2NybDMuYW1lLmdibC9haWEvQ08xUEtJSU5UQ0EwMS5BTUUuR0JMX0FNRSUyMEluZnJhJTIwQ0ElMjAwNS5jcnQwUwYIKwYBBQUHMAKGR2h0dHA6Ly9jcmw0LmFtZS5nYmwvYWlhL0NPMVBLSUlOVENBMDEuQU1FLkdCTF9BTUUlMjBJbmZyYSUyMENBJTIwMDUuY3J0MB0GA1UdDgQWBBSxolT6o0RArX314MzmrvVeAiPlTDAOBgNVHQ8BAf8EBAMCBaAwggEmBgNVHR8EggEdMIIBGTCCARWgggERoIIBDYY_aHR0cDovL2NybC5taWNyb3NvZnQuY29tL3BraWluZnJhL0NSTC9BTUUlMjBJbmZyYSUyMENBJTIwMDUuY3JshjFodHRwOi8vY3JsMS5hbWUuZ2JsL2NybC9BTUUlMjBJbmZyYSUyMENBJTIwMDUuY3JshjFodHRwOi8vY3JsMi5hbWUuZ2JsL2NybC9BTUUlMjBJbmZyYSUyMENBJTIwMDUuY3JshjFodHRwOi8vY3JsMy5hbWUuZ2JsL2NybC9BTUUlMjBJbmZyYSUyMENBJTIwMDUuY3JshjFodHRwOi8vY3JsNC5hbWUuZ2JsL2NybC9BTUUlMjBJbmZyYSUyMENBJTIwMDUuY3JsMIGdBgNVHSAEgZUwgZIwDAYKKwYBBAGCN3sBATBmBgorBgEEAYI3ewICMFgwVgYIKwYBBQUHAgIwSh5IADMAMwBlADAAMQA5ADIAMQAtADQAZAA2ADQALQA0AGYAOABjAC0AYQAwADUANQAtADUAYgBkAGEAZgBmAGQANQBlADMAMwBkMAwGCisGAQQBgjd7AwEwDAYKKwYBBAGCN3sEAjAfBgNVHSMEGDAWgBR61hmFKHlscXYeYPjzS--iBUIWHTAdBgNVHSUEFjAUBggrBgEFBQcDAQYIKwYBBQUHAwIwDQYJKoZIhvcNAQELBQADggEBACmI8wsWYvetVpRdj9Qp4i8sA97cTAX7OHXDOQ1tISQSlpxko_k8u8iNB0IAf4F1pzqw9wETSwIAehWTsUYGGFTn0Tl48uoYK6tzUEJzAlk074qysHJXM5i0PYY12YTD585j9xNjYr-KANki4Rb1MtRlDClBTNUiw79tJveAT7slBVzM4yE15TkcdeVxLZNkWdndHu8HyJzYiNu3B8qdEU5PA1pZ1S9yquY-iFF6wFLZvR45-q00yUT_h2ldIpVY09BRgzpLRtc8OZDuv9HpSLojv_aQqV1HLdgwk4xhc24KuM7SCqWUYS1ruNbUOR29W_3qk8fiKucpiUdmopJMbJw&s=nWI2EcATJ4p7QHoj2saA1cA9Q6iW-xotJm2cF3lQBBcGTZW61aBEtSKDVvF-DOnyEXc2PDPjHBudYTi48bDvE_7dBLDChcZ4CLz86bM2esgOSDPWP7ObmQH3ueWGoKxRYeZpnV_lxvWhQwyU2d386wTDoIxbYgMwlwFFlqn-VNSFB5Uw4xnJYu2A5weKn1tn7zHLk3bm9yG5YJbAjCrKnzpPFXInuH05JBnGsdx9XRRr0xidUnSmUvGnEFi08hqPU5h1roMQPJYXelACUJU7K2nUDhOe25aubjeUO-BiIv3DryG4LP90y2oLJUS1K0DktWU6njmpWAn0DELDWQ15Pw&h=x9PQrZdZkP9OJ6musgcZY0swohOsfVigAERDCQ9dOgo"
        ],
        "Retry-After": [
          "15"
        ],
        "x-ms-ratelimit-remaining-subscription-reads": [
          "1099"
        ],
        "x-ms-ratelimit-remaining-subscription-global-reads": [
          "16499"
        ],
        "x-ms-request-id": [
          "3e3e91e0-eb39-46f5-9fa9-fb0a438fa1b9"
        ],
        "x-ms-correlation-request-id": [
          "3e3e91e0-eb39-46f5-9fa9-fb0a438fa1b9"
        ],
        "x-ms-routing-request-id": [
          "NORTHEUROPE:20241022T083935Z:3e3e91e0-eb39-46f5-9fa9-fb0a438fa1b9"
        ],
        "Strict-Transport-Security": [
          "max-age=31536000; includeSubDomains"
        ],
        "X-Content-Type-Options": [
          "nosniff"
        ],
        "X-Cache": [
          "CONFIG_NOCACHE"
        ],
        "X-MSEdge-Ref": [
          "Ref A: 829C5FCF9334417B8AB86C63B8A99B78 Ref B: AMS231020512049 Ref C: 2024-10-22T08:39:35Z"
        ],
        "Date": [
          "Tue, 22 Oct 2024 08:39:35 GMT"
        ],
        "Expires": [
          "-1"
        ],
        "Content-Length": [
          "0"
        ]
      },
      "ResponseBody": "",
      "StatusCode": 202
    },
    {
      "RequestUri": "/subscriptions/0661b131-4a11-479b-96bf-2f95acca2f73/operationresults/eyJqb2JJZCI6IlJFU09VUkNFR1JPVVBERUxFVElPTkpPQi1QUzM2MjAtV0VTVFVTMiIsImpvYkxvY2F0aW9uIjoid2VzdHVzMiJ9?api-version=2016-09-01&t=638651831759179958&c=MIIHhzCCBm-gAwIBAgITfAWHnYffOmFQPBQlYwAABYedhzANBgkqhkiG9w0BAQsFADBEMRMwEQYKCZImiZPyLGQBGRYDR0JMMRMwEQYKCZImiZPyLGQBGRYDQU1FMRgwFgYDVQQDEw9BTUUgSW5mcmEgQ0EgMDUwHhcNMjQwOTIyMTMwODA5WhcNMjUwMzIxMTMwODA5WjBAMT4wPAYDVQQDEzVhc3luY29wZXJhdGlvbnNpZ25pbmdjZXJ0aWZpY2F0ZS5tYW5hZ2VtZW50LmF6dXJlLmNvbTCCASIwDQYJKoZIhvcNAQEBBQADggEPADCCAQoCggEBALaG4e8e65ktp3eTeBAk6VhrNKydNqkELTKAbG6jWa6h6i3Nzrurci2Iso43JNATFZk6XGcweL-eQXm6vIBviHXzQOZw3LxEnjcLJ9e3Jq5bKM3JjYFeVD_ZXasVqpjRwIMq8MNVOSF2hzopSKm4tWStJXYabqRSj94BpAjxaThE0ndeaZCPBwRjacPswgV1N7HCKSHupre72mdcCUptx7yJoVTZ18SuhlnR4hotMvbnlmCxagZn8F8lBeNOl7LJ3VBEgW8qUxVffDWgg_i1vpw7VeDqiU7Vm-fg2VdvRUZRi0suEwyxM3kGvFLrAqNe1sEhD8tZaHy37EE4lHsb0xECAwEAAaOCBHQwggRwMCcGCSsGAQQBgjcVCgQaMBgwCgYIKwYBBQUHAwEwCgYIKwYBBQUHAwIwPQYJKwYBBAGCNxUHBDAwLgYmKwYBBAGCNxUIhpDjDYTVtHiE8Ys-hZvdFs6dEoFghfmRS4WsmTQCAWQCAQcwggHLBggrBgEFBQcBAQSCAb0wggG5MGMGCCsGAQUFBzAChldodHRwOi8vY3JsLm1pY3Jvc29mdC5jb20vcGtpaW5mcmEvQ2VydHMvQ08xUEtJSU5UQ0EwMS5BTUUuR0JMX0FNRSUyMEluZnJhJTIwQ0ElMjAwNS5jcnQwUwYIKwYBBQUHMAKGR2h0dHA6Ly9jcmwxLmFtZS5nYmwvYWlhL0NPMVBLSUlOVENBMDEuQU1FLkdCTF9BTUUlMjBJbmZyYSUyMENBJTIwMDUuY3J0MFMGCCsGAQUFBzAChkdodHRwOi8vY3JsMi5hbWUuZ2JsL2FpYS9DTzFQS0lJTlRDQTAxLkFNRS5HQkxfQU1FJTIwSW5mcmElMjBDQSUyMDA1LmNydDBTBggrBgEFBQcwAoZHaHR0cDovL2NybDMuYW1lLmdibC9haWEvQ08xUEtJSU5UQ0EwMS5BTUUuR0JMX0FNRSUyMEluZnJhJTIwQ0ElMjAwNS5jcnQwUwYIKwYBBQUHMAKGR2h0dHA6Ly9jcmw0LmFtZS5nYmwvYWlhL0NPMVBLSUlOVENBMDEuQU1FLkdCTF9BTUUlMjBJbmZyYSUyMENBJTIwMDUuY3J0MB0GA1UdDgQWBBSxolT6o0RArX314MzmrvVeAiPlTDAOBgNVHQ8BAf8EBAMCBaAwggEmBgNVHR8EggEdMIIBGTCCARWgggERoIIBDYY_aHR0cDovL2NybC5taWNyb3NvZnQuY29tL3BraWluZnJhL0NSTC9BTUUlMjBJbmZyYSUyMENBJTIwMDUuY3JshjFodHRwOi8vY3JsMS5hbWUuZ2JsL2NybC9BTUUlMjBJbmZyYSUyMENBJTIwMDUuY3JshjFodHRwOi8vY3JsMi5hbWUuZ2JsL2NybC9BTUUlMjBJbmZyYSUyMENBJTIwMDUuY3JshjFodHRwOi8vY3JsMy5hbWUuZ2JsL2NybC9BTUUlMjBJbmZyYSUyMENBJTIwMDUuY3JshjFodHRwOi8vY3JsNC5hbWUuZ2JsL2NybC9BTUUlMjBJbmZyYSUyMENBJTIwMDUuY3JsMIGdBgNVHSAEgZUwgZIwDAYKKwYBBAGCN3sBATBmBgorBgEEAYI3ewICMFgwVgYIKwYBBQUHAgIwSh5IADMAMwBlADAAMQA5ADIAMQAtADQAZAA2ADQALQA0AGYAOABjAC0AYQAwADUANQAtADUAYgBkAGEAZgBmAGQANQBlADMAMwBkMAwGCisGAQQBgjd7AwEwDAYKKwYBBAGCN3sEAjAfBgNVHSMEGDAWgBR61hmFKHlscXYeYPjzS--iBUIWHTAdBgNVHSUEFjAUBggrBgEFBQcDAQYIKwYBBQUHAwIwDQYJKoZIhvcNAQELBQADggEBACmI8wsWYvetVpRdj9Qp4i8sA97cTAX7OHXDOQ1tISQSlpxko_k8u8iNB0IAf4F1pzqw9wETSwIAehWTsUYGGFTn0Tl48uoYK6tzUEJzAlk074qysHJXM5i0PYY12YTD585j9xNjYr-KANki4Rb1MtRlDClBTNUiw79tJveAT7slBVzM4yE15TkcdeVxLZNkWdndHu8HyJzYiNu3B8qdEU5PA1pZ1S9yquY-iFF6wFLZvR45-q00yUT_h2ldIpVY09BRgzpLRtc8OZDuv9HpSLojv_aQqV1HLdgwk4xhc24KuM7SCqWUYS1ruNbUOR29W_3qk8fiKucpiUdmopJMbJw&s=nWI2EcATJ4p7QHoj2saA1cA9Q6iW-xotJm2cF3lQBBcGTZW61aBEtSKDVvF-DOnyEXc2PDPjHBudYTi48bDvE_7dBLDChcZ4CLz86bM2esgOSDPWP7ObmQH3ueWGoKxRYeZpnV_lxvWhQwyU2d386wTDoIxbYgMwlwFFlqn-VNSFB5Uw4xnJYu2A5weKn1tn7zHLk3bm9yG5YJbAjCrKnzpPFXInuH05JBnGsdx9XRRr0xidUnSmUvGnEFi08hqPU5h1roMQPJYXelACUJU7K2nUDhOe25aubjeUO-BiIv3DryG4LP90y2oLJUS1K0DktWU6njmpWAn0DELDWQ15Pw&h=x9PQrZdZkP9OJ6musgcZY0swohOsfVigAERDCQ9dOgo",
      "EncodedRequestUri": "L3N1YnNjcmlwdGlvbnMvMDY2MWIxMzEtNGExMS00NzliLTk2YmYtMmY5NWFjY2EyZjczL29wZXJhdGlvbnJlc3VsdHMvZXlKcWIySkpaQ0k2SWxKRlUwOVZVa05GUjFKUFZWQkVSVXhGVkVsUFRrcFBRaTFRVXpNMk1qQXRWMFZUVkZWVE1pSXNJbXB2WWt4dlkyRjBhVzl1SWpvaWQyVnpkSFZ6TWlKOT9hcGktdmVyc2lvbj0yMDE2LTA5LTAxJnQ9NjM4NjUxODMxNzU5MTc5OTU4JmM9TUlJSGh6Q0NCbS1nQXdJQkFnSVRmQVdIbllmZk9tRlFQQlFsWXdBQUJZZWRoekFOQmdrcWhraUc5dzBCQVFzRkFEQkVNUk13RVFZS0NaSW1pWlB5TEdRQkdSWURSMEpNTVJNd0VRWUtDWkltaVpQeUxHUUJHUllEUVUxRk1SZ3dGZ1lEVlFRREV3OUJUVVVnU1c1bWNtRWdRMEVnTURVd0hoY05NalF3T1RJeU1UTXdPREE1V2hjTk1qVXdNekl4TVRNd09EQTVXakJBTVQ0d1BBWURWUVFERXpWaGMzbHVZMjl3WlhKaGRHbHZibk5wWjI1cGJtZGpaWEowYVdacFkyRjBaUzV0WVc1aFoyVnRaVzUwTG1GNmRYSmxMbU52YlRDQ0FTSXdEUVlKS29aSWh2Y05BUUVCQlFBRGdnRVBBRENDQVFvQ2dnRUJBTGFHNGU4ZTY1a3RwM2VUZUJBazZWaHJOS3lkTnFrRUxUS0FiRzZqV2E2aDZpM056cnVyY2kySXNvNDNKTkFURlprNlhHY3dlTC1lUVhtNnZJQnZpSFh6UU9adzNMeEVuamNMSjllM0pxNWJLTTNKallGZVZEX1pYYXNWcXBqUndJTXE4TU5WT1NGMmh6b3BTS200dFdTdEpYWWFicVJTajk0QnBBanhhVGhFMG5kZWFaQ1BCd1JqYWNQc3dnVjFON0hDS1NIdXByZTcybWRjQ1VwdHg3eUpvVlRaMThTdWhsblI0aG90TXZibmxtQ3hhZ1puOEY4bEJlTk9sN0xKM1ZCRWdXOHFVeFZmZkRXZ2dfaTF2cHc3VmVEcWlVN1ZtLWZnMlZkdlJVWlJpMHN1RXd5eE0za0d2RkxyQXFOZTFzRWhEOHRaYUh5MzdFRTRsSHNiMHhFQ0F3RUFBYU9DQkhRd2dnUndNQ2NHQ1NzR0FRUUJnamNWQ2dRYU1CZ3dDZ1lJS3dZQkJRVUhBd0V3Q2dZSUt3WUJCUVVIQXdJd1BRWUpLd1lCQkFHQ054VUhCREF3TGdZbUt3WUJCQUdDTnhVSWhwRGpEWVRWdEhpRThZcy1oWnZkRnM2ZEVvRmdoZm1SUzRXc21UUUNBV1FDQVFjd2dnSExCZ2dyQmdFRkJRY0JBUVNDQWIwd2dnRzVNR01HQ0NzR0FRVUZCekFDaGxkb2RIUndPaTh2WTNKc0xtMXBZM0p2YzI5bWRDNWpiMjB2Y0d0cGFXNW1jbUV2UTJWeWRITXZRMDh4VUV0SlNVNVVRMEV3TVM1QlRVVXVSMEpNWDBGTlJTVXlNRWx1Wm5KaEpUSXdRMEVsTWpBd05TNWpjblF3VXdZSUt3WUJCUVVITUFLR1IyaDBkSEE2THk5amNtd3hMbUZ0WlM1blltd3ZZV2xoTDBOUE1WQkxTVWxPVkVOQk1ERXVRVTFGTGtkQ1RGOUJUVVVsTWpCSmJtWnlZU1V5TUVOQkpUSXdNRFV1WTNKME1GTUdDQ3NHQVFVRkJ6QUNoa2RvZEhSd09pOHZZM0pzTWk1aGJXVXVaMkpzTDJGcFlTOURUekZRUzBsSlRsUkRRVEF4TGtGTlJTNUhRa3hmUVUxRkpUSXdTVzVtY21FbE1qQkRRU1V5TURBMUxtTnlkREJUQmdnckJnRUZCUWN3QW9aSGFIUjBjRG92TDJOeWJETXVZVzFsTG1kaWJDOWhhV0V2UTA4eFVFdEpTVTVVUTBFd01TNUJUVVV1UjBKTVgwRk5SU1V5TUVsdVpuSmhKVEl3UTBFbE1qQXdOUzVqY25Rd1V3WUlLd1lCQlFVSE1BS0dSMmgwZEhBNkx5OWpjbXcwTG1GdFpTNW5ZbXd2WVdsaEwwTlBNVkJMU1VsT1ZFTkJNREV1UVUxRkxrZENURjlCVFVVbE1qQkpibVp5WVNVeU1FTkJKVEl3TURVdVkzSjBNQjBHQTFVZERnUVdCQlN4b2xUNm8wUkFyWDMxNE16bXJ2VmVBaVBsVERBT0JnTlZIUThCQWY4RUJBTUNCYUF3Z2dFbUJnTlZIUjhFZ2dFZE1JSUJHVENDQVJXZ2dnRVJvSUlCRFlZX2FIUjBjRG92TDJOeWJDNXRhV055YjNOdlpuUXVZMjl0TDNCcmFXbHVabkpoTDBOU1RDOUJUVVVsTWpCSmJtWnlZU1V5TUVOQkpUSXdNRFV1WTNKc2hqRm9kSFJ3T2k4dlkzSnNNUzVoYldVdVoySnNMMk55YkM5QlRVVWxNakJKYm1aeVlTVXlNRU5CSlRJd01EVXVZM0pzaGpGb2RIUndPaTh2WTNKc01pNWhiV1V1WjJKc0wyTnliQzlCVFVVbE1qQkpibVp5WVNVeU1FTkJKVEl3TURVdVkzSnNoakZvZEhSd09pOHZZM0pzTXk1aGJXVXVaMkpzTDJOeWJDOUJUVVVsTWpCSmJtWnlZU1V5TUVOQkpUSXdNRFV1WTNKc2hqRm9kSFJ3T2k4dlkzSnNOQzVoYldVdVoySnNMMk55YkM5QlRVVWxNakJKYm1aeVlTVXlNRU5CSlRJd01EVXVZM0pzTUlHZEJnTlZIU0FFZ1pVd2daSXdEQVlLS3dZQkJBR0NOM3NCQVRCbUJnb3JCZ0VFQVlJM2V3SUNNRmd3VmdZSUt3WUJCUVVIQWdJd1NoNUlBRE1BTXdCbEFEQUFNUUE1QURJQU1RQXRBRFFBWkFBMkFEUUFMUUEwQUdZQU9BQmpBQzBBWVFBd0FEVUFOUUF0QURVQVlnQmtBR0VBWmdCbUFHUUFOUUJsQURNQU13QmtNQXdHQ2lzR0FRUUJnamQ3QXdFd0RBWUtLd1lCQkFHQ04zc0VBakFmQmdOVkhTTUVHREFXZ0JSNjFobUZLSGxzY1hZZVlQanpTLS1pQlVJV0hUQWRCZ05WSFNVRUZqQVVCZ2dyQmdFRkJRY0RBUVlJS3dZQkJRVUhBd0l3RFFZSktvWklodmNOQVFFTEJRQURnZ0VCQUNtSTh3c1dZdmV0VnBSZGo5UXA0aThzQTk3Y1RBWDdPSFhET1ExdElTUVNscHhrb19rOHU4aU5CMElBZjRGMXB6cXc5d0VUU3dJQWVoV1RzVVlHR0ZUbjBUbDQ4dW9ZSzZ0elVFSnpBbGswNzRxeXNISlhNNWkwUFlZMTJZVEQ1ODVqOXhOallyLUtBTmtpNFJiMU10UmxEQ2xCVE5VaXc3OXRKdmVBVDdzbEJWek00eUUxNVRrY2RlVnhMWk5rV2RuZEh1OEh5SnpZaU51M0I4cWRFVTVQQTFwWjFTOXlxdVktaUZGNndGTFp2UjQ1LXEwMHlVVF9oMmxkSXBWWTA5QlJnenBMUnRjOE9aRHV2OUhwU0xvanZfYVFxVjFITGRnd2s0eGhjMjRLdU03U0NxV1VZUzFydU5iVU9SMjlXXzNxazhmaUt1Y3BpVWRtb3BKTWJKdyZzPW5XSTJFY0FUSjRwN1FIb2oyc2FBMWNBOVE2aVcteG90Sm0yY0YzbFFCQmNHVFpXNjFhQkV0U0tEVnZGLURPbnlFWGMyUERQakhCdWRZVGk0OGJEdkVfN2RCTERDaGNaNENMejg2Yk0yZXNnT1NEUFdQN09ibVFIM3VlV0dvS3hSWWVacG5WX2x4dldoUXd5VTJkMzg2d1REb0l4YllnTXdsd0ZGbHFuLVZOU0ZCNVV3NHhuSll1MkE1d2VLbjF0bjd6SExrM2JtOXlHNVlKYkFqQ3JLbnpwUEZYSW51SDA1SkJuR3NkeDlYUlJyMHhpZFVuU21VdkduRUZpMDhocVBVNWgxcm9NUVBKWVhlbEFDVUpVN0syblVEaE9lMjVhdWJqZVVPLUJpSXYzRHJ5RzRMUDkweTJvTEpVUzFLMERrdFdVNm5qbXBXQW4wREVMRFdRMTVQdyZoPXg5UFFyWmRaa1A5T0o2bXVzZ2NaWTBzd29oT3NmVmlnQUVSRENROWRPZ28=",
      "RequestMethod": "GET",
      "RequestHeaders": {
        "User-Agent": [
          "FxVersion/6.0.3324.36610",
          "OSName/Windows",
          "OSVersion/Microsoft.Windows.10.0.22631",
          "Microsoft.Azure.Management.Internal.Resources.ResourceManagementClient/1.3.101"
        ]
      },
      "RequestBody": "",
      "ResponseHeaders": {
        "Cache-Control": [
          "no-cache"
        ],
        "Pragma": [
          "no-cache"
        ],
        "Location": [
          "https://management.azure.com/subscriptions/0661b131-4a11-479b-96bf-2f95acca2f73/operationresults/eyJqb2JJZCI6IlJFU09VUkNFR1JPVVBERUxFVElPTkpPQi1QUzM2MjAtV0VTVFVTMiIsImpvYkxvY2F0aW9uIjoid2VzdHVzMiJ9?api-version=2016-09-01&t=638651831916245170&c=MIIHpTCCBo2gAwIBAgITOgO7--KMlORyeFRuJwAEA7v74jANBgkqhkiG9w0BAQsFADBEMRMwEQYKCZImiZPyLGQBGRYDR0JMMRMwEQYKCZImiZPyLGQBGRYDQU1FMRgwFgYDVQQDEw9BTUUgSU5GUkEgQ0EgMDEwHhcNMjQwOTI3MDg1MDEwWhcNMjUwMzI2MDg1MDEwWjBAMT4wPAYDVQQDEzVhc3luY29wZXJhdGlvbnNpZ25pbmdjZXJ0aWZpY2F0ZS5tYW5hZ2VtZW50LmF6dXJlLmNvbTCCASIwDQYJKoZIhvcNAQEBBQADggEPADCCAQoCggEBAKrK67zu6grjRp9l-x_LLb99ORYwKi8ot1ZiD238rdSGv4Euw5FP8s_B4bqgDNOHaGi316qLPW_UeML3orinxZWER7Y3Ng7vtx8FAcuw79_ZLB4KUOIUkNuCbcEzdLqVGUe7dNS4DZp_qlUYmoL2c76QOLvf4wwTCRNICjdjuwaJ0ZME__NCfMoAygRCo_1CS1HWatPzDXf_zjshBkZAnG9Yf-5zRAdPQ-glQW-iVFGAHXeC7WLvG9PNnsbuRcgki9Twmh2nFo0Gkh85kFYUWetSZM2-Uui1R0YEFdhHRWdornDN2rGTIi1tImDdEQB24U67bumXlN4yfnfaW2vVNZkCAwEAAaOCBJIwggSOMCcGCSsGAQQBgjcVCgQaMBgwCgYIKwYBBQUHAwEwCgYIKwYBBQUHAwIwPQYJKwYBBAGCNxUHBDAwLgYmKwYBBAGCNxUIhpDjDYTVtHiE8Ys-hZvdFs6dEoFghfmRS4WsmTQCAWQCAQcwggHaBggrBgEFBQcBAQSCAcwwggHIMGYGCCsGAQUFBzAChlpodHRwOi8vY3JsLm1pY3Jvc29mdC5jb20vcGtpaW5mcmEvQ2VydHMvQlkyUEtJSU5UQ0EwMS5BTUUuR0JMX0FNRSUyMElORlJBJTIwQ0ElMjAwMSg0KS5jcnQwVgYIKwYBBQUHMAKGSmh0dHA6Ly9jcmwxLmFtZS5nYmwvYWlhL0JZMlBLSUlOVENBMDEuQU1FLkdCTF9BTUUlMjBJTkZSQSUyMENBJTIwMDEoNCkuY3J0MFYGCCsGAQUFBzAChkpodHRwOi8vY3JsMi5hbWUuZ2JsL2FpYS9CWTJQS0lJTlRDQTAxLkFNRS5HQkxfQU1FJTIwSU5GUkElMjBDQSUyMDAxKDQpLmNydDBWBggrBgEFBQcwAoZKaHR0cDovL2NybDMuYW1lLmdibC9haWEvQlkyUEtJSU5UQ0EwMS5BTUUuR0JMX0FNRSUyMElORlJBJTIwQ0ElMjAwMSg0KS5jcnQwVgYIKwYBBQUHMAKGSmh0dHA6Ly9jcmw0LmFtZS5nYmwvYWlhL0JZMlBLSUlOVENBMDEuQU1FLkdCTF9BTUUlMjBJTkZSQSUyMENBJTIwMDEoNCkuY3J0MB0GA1UdDgQWBBSfZpcT0PC3SfCtGsu3toYMw9clcTAOBgNVHQ8BAf8EBAMCBaAwggE1BgNVHR8EggEsMIIBKDCCASSgggEgoIIBHIZCaHR0cDovL2NybC5taWNyb3NvZnQuY29tL3BraWluZnJhL0NSTC9BTUUlMjBJTkZSQSUyMENBJTIwMDEoNCkuY3JshjRodHRwOi8vY3JsMS5hbWUuZ2JsL2NybC9BTUUlMjBJTkZSQSUyMENBJTIwMDEoNCkuY3JshjRodHRwOi8vY3JsMi5hbWUuZ2JsL2NybC9BTUUlMjBJTkZSQSUyMENBJTIwMDEoNCkuY3JshjRodHRwOi8vY3JsMy5hbWUuZ2JsL2NybC9BTUUlMjBJTkZSQSUyMENBJTIwMDEoNCkuY3JshjRodHRwOi8vY3JsNC5hbWUuZ2JsL2NybC9BTUUlMjBJTkZSQSUyMENBJTIwMDEoNCkuY3JsMIGdBgNVHSAEgZUwgZIwDAYKKwYBBAGCN3sBATBmBgorBgEEAYI3ewICMFgwVgYIKwYBBQUHAgIwSh5IADMAMwBlADAAMQA5ADIAMQAtADQAZAA2ADQALQA0AGYAOABjAC0AYQAwADUANQAtADUAYgBkAGEAZgBmAGQANQBlADMAMwBkMAwGCisGAQQBgjd7AwEwDAYKKwYBBAGCN3sEAjAfBgNVHSMEGDAWgBTl2Ztn_PjsurvwwKidileIud8-YzAdBgNVHSUEFjAUBggrBgEFBQcDAQYIKwYBBQUHAwIwDQYJKoZIhvcNAQELBQADggEBALR7kMoOC84kYiVigdHrIvxG2SbxujHlwF6AtkbPsX3rz7k85RgPrAOWHrccDjxrkSAvjUPtvFO2z5MWjs1bgg3CenVab3tcfV04lW2EUPwd1Ye5xff0ilwOs6rywF1H7o_qCBULzQni8S9uJnQl_nUpj093UNSP4o0vqYFz23EXgJUXBFgvRkVC5Hk067CyWWzZupH7qNYf9Wk-_Q5oIr9q0UFMRNNcONET5-g57l_8OtnsRe2U2FkHIdP9RUNsTzVyGVmdQYu-aQYj_j1ZiAQRxAZ72NFbX6YvOpM5_ibK8-wvkXKAH1LX4v70YkK3w3N_Lt_VoY2b9qd39HWEUfk&s=MnmZmxfgwAPFtuMkkP-EqSVmQwJw1CiIn8em2e71wW3COB8Ezkhc2AVDbTK0myb-hWp5hGTgn6f7RGScu5YD369HXCthFTwfWZq4_L_BGqe1hmBAg88xqHdyrmjgRNdNHfeYq_D65a69CsRvoE5E6QpAnnzEfLoIuRX784GYqnsGu4wFROcMtkQjJgjBlAcyDaTsu4m40xefMfVXRDOVt45KDYOWg_op_uN5kY3Y9sVhLu7y745TahS6_oGjX_IBGYGZhVUaS77ppdkFh4zCqivYRd2PqWkqbnShTAIvOWWmQam3Kx2lZxEmS7VO8fGZENtwWHhYh338scNY4-sgrw&h=uWkddSnarCsypVVCzNipAX5-QHZnjbe1Tx-BLaf2Sgk"
        ],
        "Retry-After": [
          "15"
        ],
        "x-ms-ratelimit-remaining-subscription-reads": [
          "1099"
        ],
        "x-ms-ratelimit-remaining-subscription-global-reads": [
          "16499"
        ],
        "x-ms-request-id": [
          "dafe8d4a-fa87-4b2f-bca4-be5e97cfbfbe"
        ],
        "x-ms-correlation-request-id": [
          "dafe8d4a-fa87-4b2f-bca4-be5e97cfbfbe"
        ],
        "x-ms-routing-request-id": [
          "WESTEUROPE:20241022T083951Z:dafe8d4a-fa87-4b2f-bca4-be5e97cfbfbe"
        ],
        "Strict-Transport-Security": [
          "max-age=31536000; includeSubDomains"
        ],
        "X-Content-Type-Options": [
          "nosniff"
        ],
        "X-Cache": [
          "CONFIG_NOCACHE"
        ],
        "X-MSEdge-Ref": [
          "Ref A: 6778A4D9534D4B3AA8EAD4F54720EBB5 Ref B: AMS231020512049 Ref C: 2024-10-22T08:39:50Z"
        ],
        "Date": [
          "Tue, 22 Oct 2024 08:39:51 GMT"
        ],
        "Expires": [
          "-1"
        ],
        "Content-Length": [
          "0"
        ]
      },
      "ResponseBody": "",
      "StatusCode": 202
    },
    {
      "RequestUri": "/subscriptions/0661b131-4a11-479b-96bf-2f95acca2f73/operationresults/eyJqb2JJZCI6IlJFU09VUkNFR1JPVVBERUxFVElPTkpPQi1QUzM2MjAtV0VTVFVTMiIsImpvYkxvY2F0aW9uIjoid2VzdHVzMiJ9?api-version=2016-09-01&t=638651831916245170&c=MIIHpTCCBo2gAwIBAgITOgO7--KMlORyeFRuJwAEA7v74jANBgkqhkiG9w0BAQsFADBEMRMwEQYKCZImiZPyLGQBGRYDR0JMMRMwEQYKCZImiZPyLGQBGRYDQU1FMRgwFgYDVQQDEw9BTUUgSU5GUkEgQ0EgMDEwHhcNMjQwOTI3MDg1MDEwWhcNMjUwMzI2MDg1MDEwWjBAMT4wPAYDVQQDEzVhc3luY29wZXJhdGlvbnNpZ25pbmdjZXJ0aWZpY2F0ZS5tYW5hZ2VtZW50LmF6dXJlLmNvbTCCASIwDQYJKoZIhvcNAQEBBQADggEPADCCAQoCggEBAKrK67zu6grjRp9l-x_LLb99ORYwKi8ot1ZiD238rdSGv4Euw5FP8s_B4bqgDNOHaGi316qLPW_UeML3orinxZWER7Y3Ng7vtx8FAcuw79_ZLB4KUOIUkNuCbcEzdLqVGUe7dNS4DZp_qlUYmoL2c76QOLvf4wwTCRNICjdjuwaJ0ZME__NCfMoAygRCo_1CS1HWatPzDXf_zjshBkZAnG9Yf-5zRAdPQ-glQW-iVFGAHXeC7WLvG9PNnsbuRcgki9Twmh2nFo0Gkh85kFYUWetSZM2-Uui1R0YEFdhHRWdornDN2rGTIi1tImDdEQB24U67bumXlN4yfnfaW2vVNZkCAwEAAaOCBJIwggSOMCcGCSsGAQQBgjcVCgQaMBgwCgYIKwYBBQUHAwEwCgYIKwYBBQUHAwIwPQYJKwYBBAGCNxUHBDAwLgYmKwYBBAGCNxUIhpDjDYTVtHiE8Ys-hZvdFs6dEoFghfmRS4WsmTQCAWQCAQcwggHaBggrBgEFBQcBAQSCAcwwggHIMGYGCCsGAQUFBzAChlpodHRwOi8vY3JsLm1pY3Jvc29mdC5jb20vcGtpaW5mcmEvQ2VydHMvQlkyUEtJSU5UQ0EwMS5BTUUuR0JMX0FNRSUyMElORlJBJTIwQ0ElMjAwMSg0KS5jcnQwVgYIKwYBBQUHMAKGSmh0dHA6Ly9jcmwxLmFtZS5nYmwvYWlhL0JZMlBLSUlOVENBMDEuQU1FLkdCTF9BTUUlMjBJTkZSQSUyMENBJTIwMDEoNCkuY3J0MFYGCCsGAQUFBzAChkpodHRwOi8vY3JsMi5hbWUuZ2JsL2FpYS9CWTJQS0lJTlRDQTAxLkFNRS5HQkxfQU1FJTIwSU5GUkElMjBDQSUyMDAxKDQpLmNydDBWBggrBgEFBQcwAoZKaHR0cDovL2NybDMuYW1lLmdibC9haWEvQlkyUEtJSU5UQ0EwMS5BTUUuR0JMX0FNRSUyMElORlJBJTIwQ0ElMjAwMSg0KS5jcnQwVgYIKwYBBQUHMAKGSmh0dHA6Ly9jcmw0LmFtZS5nYmwvYWlhL0JZMlBLSUlOVENBMDEuQU1FLkdCTF9BTUUlMjBJTkZSQSUyMENBJTIwMDEoNCkuY3J0MB0GA1UdDgQWBBSfZpcT0PC3SfCtGsu3toYMw9clcTAOBgNVHQ8BAf8EBAMCBaAwggE1BgNVHR8EggEsMIIBKDCCASSgggEgoIIBHIZCaHR0cDovL2NybC5taWNyb3NvZnQuY29tL3BraWluZnJhL0NSTC9BTUUlMjBJTkZSQSUyMENBJTIwMDEoNCkuY3JshjRodHRwOi8vY3JsMS5hbWUuZ2JsL2NybC9BTUUlMjBJTkZSQSUyMENBJTIwMDEoNCkuY3JshjRodHRwOi8vY3JsMi5hbWUuZ2JsL2NybC9BTUUlMjBJTkZSQSUyMENBJTIwMDEoNCkuY3JshjRodHRwOi8vY3JsMy5hbWUuZ2JsL2NybC9BTUUlMjBJTkZSQSUyMENBJTIwMDEoNCkuY3JshjRodHRwOi8vY3JsNC5hbWUuZ2JsL2NybC9BTUUlMjBJTkZSQSUyMENBJTIwMDEoNCkuY3JsMIGdBgNVHSAEgZUwgZIwDAYKKwYBBAGCN3sBATBmBgorBgEEAYI3ewICMFgwVgYIKwYBBQUHAgIwSh5IADMAMwBlADAAMQA5ADIAMQAtADQAZAA2ADQALQA0AGYAOABjAC0AYQAwADUANQAtADUAYgBkAGEAZgBmAGQANQBlADMAMwBkMAwGCisGAQQBgjd7AwEwDAYKKwYBBAGCN3sEAjAfBgNVHSMEGDAWgBTl2Ztn_PjsurvwwKidileIud8-YzAdBgNVHSUEFjAUBggrBgEFBQcDAQYIKwYBBQUHAwIwDQYJKoZIhvcNAQELBQADggEBALR7kMoOC84kYiVigdHrIvxG2SbxujHlwF6AtkbPsX3rz7k85RgPrAOWHrccDjxrkSAvjUPtvFO2z5MWjs1bgg3CenVab3tcfV04lW2EUPwd1Ye5xff0ilwOs6rywF1H7o_qCBULzQni8S9uJnQl_nUpj093UNSP4o0vqYFz23EXgJUXBFgvRkVC5Hk067CyWWzZupH7qNYf9Wk-_Q5oIr9q0UFMRNNcONET5-g57l_8OtnsRe2U2FkHIdP9RUNsTzVyGVmdQYu-aQYj_j1ZiAQRxAZ72NFbX6YvOpM5_ibK8-wvkXKAH1LX4v70YkK3w3N_Lt_VoY2b9qd39HWEUfk&s=MnmZmxfgwAPFtuMkkP-EqSVmQwJw1CiIn8em2e71wW3COB8Ezkhc2AVDbTK0myb-hWp5hGTgn6f7RGScu5YD369HXCthFTwfWZq4_L_BGqe1hmBAg88xqHdyrmjgRNdNHfeYq_D65a69CsRvoE5E6QpAnnzEfLoIuRX784GYqnsGu4wFROcMtkQjJgjBlAcyDaTsu4m40xefMfVXRDOVt45KDYOWg_op_uN5kY3Y9sVhLu7y745TahS6_oGjX_IBGYGZhVUaS77ppdkFh4zCqivYRd2PqWkqbnShTAIvOWWmQam3Kx2lZxEmS7VO8fGZENtwWHhYh338scNY4-sgrw&h=uWkddSnarCsypVVCzNipAX5-QHZnjbe1Tx-BLaf2Sgk",
      "EncodedRequestUri": "L3N1YnNjcmlwdGlvbnMvMDY2MWIxMzEtNGExMS00NzliLTk2YmYtMmY5NWFjY2EyZjczL29wZXJhdGlvbnJlc3VsdHMvZXlKcWIySkpaQ0k2SWxKRlUwOVZVa05GUjFKUFZWQkVSVXhGVkVsUFRrcFBRaTFRVXpNMk1qQXRWMFZUVkZWVE1pSXNJbXB2WWt4dlkyRjBhVzl1SWpvaWQyVnpkSFZ6TWlKOT9hcGktdmVyc2lvbj0yMDE2LTA5LTAxJnQ9NjM4NjUxODMxOTE2MjQ1MTcwJmM9TUlJSHBUQ0NCbzJnQXdJQkFnSVRPZ083LS1LTWxPUnllRlJ1SndBRUE3djc0akFOQmdrcWhraUc5dzBCQVFzRkFEQkVNUk13RVFZS0NaSW1pWlB5TEdRQkdSWURSMEpNTVJNd0VRWUtDWkltaVpQeUxHUUJHUllEUVUxRk1SZ3dGZ1lEVlFRREV3OUJUVVVnU1U1R1VrRWdRMEVnTURFd0hoY05NalF3T1RJM01EZzFNREV3V2hjTk1qVXdNekkyTURnMU1ERXdXakJBTVQ0d1BBWURWUVFERXpWaGMzbHVZMjl3WlhKaGRHbHZibk5wWjI1cGJtZGpaWEowYVdacFkyRjBaUzV0WVc1aFoyVnRaVzUwTG1GNmRYSmxMbU52YlRDQ0FTSXdEUVlKS29aSWh2Y05BUUVCQlFBRGdnRVBBRENDQVFvQ2dnRUJBS3JLNjd6dTZncmpScDlsLXhfTExiOTlPUll3S2k4b3QxWmlEMjM4cmRTR3Y0RXV3NUZQOHNfQjRicWdETk9IYUdpMzE2cUxQV19VZU1MM29yaW54WldFUjdZM05nN3Z0eDhGQWN1dzc5X1pMQjRLVU9JVWtOdUNiY0V6ZExxVkdVZTdkTlM0RFpwX3FsVVltb0wyYzc2UU9MdmY0d3dUQ1JOSUNqZGp1d2FKMFpNRV9fTkNmTW9BeWdSQ29fMUNTMUhXYXRQekRYZl96anNoQmtaQW5HOVlmLTV6UkFkUFEtZ2xRVy1pVkZHQUhYZUM3V0x2RzlQTm5zYnVSY2draTlUd21oMm5GbzBHa2g4NWtGWVVXZXRTWk0yLVV1aTFSMFlFRmRoSFJXZG9ybkROMnJHVElpMXRJbURkRVFCMjRVNjdidW1YbE40eWZuZmFXMnZWTlprQ0F3RUFBYU9DQkpJd2dnU09NQ2NHQ1NzR0FRUUJnamNWQ2dRYU1CZ3dDZ1lJS3dZQkJRVUhBd0V3Q2dZSUt3WUJCUVVIQXdJd1BRWUpLd1lCQkFHQ054VUhCREF3TGdZbUt3WUJCQUdDTnhVSWhwRGpEWVRWdEhpRThZcy1oWnZkRnM2ZEVvRmdoZm1SUzRXc21UUUNBV1FDQVFjd2dnSGFCZ2dyQmdFRkJRY0JBUVNDQWN3d2dnSElNR1lHQ0NzR0FRVUZCekFDaGxwb2RIUndPaTh2WTNKc0xtMXBZM0p2YzI5bWRDNWpiMjB2Y0d0cGFXNW1jbUV2UTJWeWRITXZRbGt5VUV0SlNVNVVRMEV3TVM1QlRVVXVSMEpNWDBGTlJTVXlNRWxPUmxKQkpUSXdRMEVsTWpBd01TZzBLUzVqY25Rd1ZnWUlLd1lCQlFVSE1BS0dTbWgwZEhBNkx5OWpjbXd4TG1GdFpTNW5ZbXd2WVdsaEwwSlpNbEJMU1VsT1ZFTkJNREV1UVUxRkxrZENURjlCVFVVbE1qQkpUa1pTUVNVeU1FTkJKVEl3TURFb05Da3VZM0owTUZZR0NDc0dBUVVGQnpBQ2hrcG9kSFJ3T2k4dlkzSnNNaTVoYldVdVoySnNMMkZwWVM5Q1dUSlFTMGxKVGxSRFFUQXhMa0ZOUlM1SFFreGZRVTFGSlRJd1NVNUdVa0VsTWpCRFFTVXlNREF4S0RRcExtTnlkREJXQmdnckJnRUZCUWN3QW9aS2FIUjBjRG92TDJOeWJETXVZVzFsTG1kaWJDOWhhV0V2UWxreVVFdEpTVTVVUTBFd01TNUJUVVV1UjBKTVgwRk5SU1V5TUVsT1JsSkJKVEl3UTBFbE1qQXdNU2cwS1M1amNuUXdWZ1lJS3dZQkJRVUhNQUtHU21oMGRIQTZMeTlqY213MExtRnRaUzVuWW13dllXbGhMMEpaTWxCTFNVbE9WRU5CTURFdVFVMUZMa2RDVEY5QlRVVWxNakJKVGtaU1FTVXlNRU5CSlRJd01ERW9OQ2t1WTNKME1CMEdBMVVkRGdRV0JCU2ZacGNUMFBDM1NmQ3RHc3UzdG9ZTXc5Y2xjVEFPQmdOVkhROEJBZjhFQkFNQ0JhQXdnZ0UxQmdOVkhSOEVnZ0VzTUlJQktEQ0NBU1NnZ2dFZ29JSUJISVpDYUhSMGNEb3ZMMk55YkM1dGFXTnliM052Wm5RdVkyOXRMM0JyYVdsdVpuSmhMME5TVEM5QlRVVWxNakJKVGtaU1FTVXlNRU5CSlRJd01ERW9OQ2t1WTNKc2hqUm9kSFJ3T2k4dlkzSnNNUzVoYldVdVoySnNMMk55YkM5QlRVVWxNakJKVGtaU1FTVXlNRU5CSlRJd01ERW9OQ2t1WTNKc2hqUm9kSFJ3T2k4dlkzSnNNaTVoYldVdVoySnNMMk55YkM5QlRVVWxNakJKVGtaU1FTVXlNRU5CSlRJd01ERW9OQ2t1WTNKc2hqUm9kSFJ3T2k4dlkzSnNNeTVoYldVdVoySnNMMk55YkM5QlRVVWxNakJKVGtaU1FTVXlNRU5CSlRJd01ERW9OQ2t1WTNKc2hqUm9kSFJ3T2k4dlkzSnNOQzVoYldVdVoySnNMMk55YkM5QlRVVWxNakJKVGtaU1FTVXlNRU5CSlRJd01ERW9OQ2t1WTNKc01JR2RCZ05WSFNBRWdaVXdnWkl3REFZS0t3WUJCQUdDTjNzQkFUQm1CZ29yQmdFRUFZSTNld0lDTUZnd1ZnWUlLd1lCQlFVSEFnSXdTaDVJQURNQU13QmxBREFBTVFBNUFESUFNUUF0QURRQVpBQTJBRFFBTFFBMEFHWUFPQUJqQUMwQVlRQXdBRFVBTlFBdEFEVUFZZ0JrQUdFQVpnQm1BR1FBTlFCbEFETUFNd0JrTUF3R0Npc0dBUVFCZ2pkN0F3RXdEQVlLS3dZQkJBR0NOM3NFQWpBZkJnTlZIU01FR0RBV2dCVGwyWnRuX1Bqc3Vydnd3S2lkaWxlSXVkOC1ZekFkQmdOVkhTVUVGakFVQmdnckJnRUZCUWNEQVFZSUt3WUJCUVVIQXdJd0RRWUpLb1pJaHZjTkFRRUxCUUFEZ2dFQkFMUjdrTW9PQzg0a1lpVmlnZEhySXZ4RzJTYnh1akhsd0Y2QXRrYlBzWDNyejdrODVSZ1ByQU9XSHJjY0RqeHJrU0F2alVQdHZGTzJ6NU1XanMxYmdnM0NlblZhYjN0Y2ZWMDRsVzJFVVB3ZDFZZTV4ZmYwaWx3T3M2cnl3RjFIN29fcUNCVUx6UW5pOFM5dUpuUWxfblVwajA5M1VOU1A0bzB2cVlGejIzRVhnSlVYQkZndlJrVkM1SGswNjdDeVdXelp1cEg3cU5ZZjlXay1fUTVvSXI5cTBVRk1STk5jT05FVDUtZzU3bF84T3Ruc1JlMlUyRmtISWRQOVJVTnNUelZ5R1ZtZFFZdS1hUVlqX2oxWmlBUVJ4QVo3Mk5GYlg2WXZPcE01X2liSzgtd3ZrWEtBSDFMWDR2NzBZa0szdzNOX0x0X1ZvWTJiOXFkMzlIV0VVZmsmcz1Nbm1abXhmZ3dBUEZ0dU1ra1AtRXFTVm1Rd0p3MUNpSW44ZW0yZTcxd1czQ09COEV6a2hjMkFWRGJUSzBteWItaFdwNWhHVGduNmY3UkdTY3U1WUQzNjlIWEN0aEZUd2ZXWnE0X0xfQkdxZTFobUJBZzg4eHFIZHlybWpnUk5kTkhmZVlxX0Q2NWE2OUNzUnZvRTVFNlFwQW5uekVmTG9JdVJYNzg0R1lxbnNHdTR3RlJPY010a1FqSmdqQmxBY3lEYVRzdTRtNDB4ZWZNZlZYUkRPVnQ0NUtEWU9XZ19vcF91TjVrWTNZOXNWaEx1N3k3NDVUYWhTNl9vR2pYX0lCR1lHWmhWVWFTNzdwcGRrRmg0ekNxaXZZUmQyUHFXa3FiblNoVEFJdk9XV21RYW0zS3gybFp4RW1TN1ZPOGZHWkVOdHdXSGhZaDMzOHNjTlk0LXNncncmaD11V2tkZFNuYXJDc3lwVlZDek5pcEFYNS1RSFpuamJlMVR4LUJMYWYyU2dr",
      "RequestMethod": "GET",
      "RequestHeaders": {
        "User-Agent": [
          "FxVersion/6.0.3324.36610",
          "OSName/Windows",
          "OSVersion/Microsoft.Windows.10.0.22631",
          "Microsoft.Azure.Management.Internal.Resources.ResourceManagementClient/1.3.101"
        ]
      },
      "RequestBody": "",
      "ResponseHeaders": {
        "Cache-Control": [
          "no-cache"
        ],
        "Pragma": [
          "no-cache"
        ],
        "x-ms-ratelimit-remaining-subscription-reads": [
          "1099"
        ],
        "x-ms-ratelimit-remaining-subscription-global-reads": [
          "16499"
        ],
        "x-ms-request-id": [
          "b9842cd9-4b1c-4008-872f-c99d31feb523"
        ],
        "x-ms-correlation-request-id": [
          "b9842cd9-4b1c-4008-872f-c99d31feb523"
        ],
        "x-ms-routing-request-id": [
          "NORTHEUROPE:20241022T084007Z:b9842cd9-4b1c-4008-872f-c99d31feb523"
        ],
        "Strict-Transport-Security": [
          "max-age=31536000; includeSubDomains"
        ],
        "X-Content-Type-Options": [
          "nosniff"
        ],
        "X-Cache": [
          "CONFIG_NOCACHE"
        ],
        "X-MSEdge-Ref": [
          "Ref A: EB29F73DB8594FD7BC2D0ECD6F57FC9A Ref B: AMS231020512049 Ref C: 2024-10-22T08:40:06Z"
        ],
        "Date": [
          "Tue, 22 Oct 2024 08:40:07 GMT"
        ],
        "Expires": [
          "-1"
        ],
        "Content-Length": [
          "0"
        ]
      },
      "ResponseBody": "",
      "StatusCode": 200
    },
    {
      "RequestUri": "/subscriptions/0661b131-4a11-479b-96bf-2f95acca2f73/operationresults/eyJqb2JJZCI6IlJFU09VUkNFR1JPVVBERUxFVElPTkpPQi1QUzM2MjAtV0VTVFVTMiIsImpvYkxvY2F0aW9uIjoid2VzdHVzMiJ9?api-version=2016-09-01&t=638651831916245170&c=MIIHpTCCBo2gAwIBAgITOgO7--KMlORyeFRuJwAEA7v74jANBgkqhkiG9w0BAQsFADBEMRMwEQYKCZImiZPyLGQBGRYDR0JMMRMwEQYKCZImiZPyLGQBGRYDQU1FMRgwFgYDVQQDEw9BTUUgSU5GUkEgQ0EgMDEwHhcNMjQwOTI3MDg1MDEwWhcNMjUwMzI2MDg1MDEwWjBAMT4wPAYDVQQDEzVhc3luY29wZXJhdGlvbnNpZ25pbmdjZXJ0aWZpY2F0ZS5tYW5hZ2VtZW50LmF6dXJlLmNvbTCCASIwDQYJKoZIhvcNAQEBBQADggEPADCCAQoCggEBAKrK67zu6grjRp9l-x_LLb99ORYwKi8ot1ZiD238rdSGv4Euw5FP8s_B4bqgDNOHaGi316qLPW_UeML3orinxZWER7Y3Ng7vtx8FAcuw79_ZLB4KUOIUkNuCbcEzdLqVGUe7dNS4DZp_qlUYmoL2c76QOLvf4wwTCRNICjdjuwaJ0ZME__NCfMoAygRCo_1CS1HWatPzDXf_zjshBkZAnG9Yf-5zRAdPQ-glQW-iVFGAHXeC7WLvG9PNnsbuRcgki9Twmh2nFo0Gkh85kFYUWetSZM2-Uui1R0YEFdhHRWdornDN2rGTIi1tImDdEQB24U67bumXlN4yfnfaW2vVNZkCAwEAAaOCBJIwggSOMCcGCSsGAQQBgjcVCgQaMBgwCgYIKwYBBQUHAwEwCgYIKwYBBQUHAwIwPQYJKwYBBAGCNxUHBDAwLgYmKwYBBAGCNxUIhpDjDYTVtHiE8Ys-hZvdFs6dEoFghfmRS4WsmTQCAWQCAQcwggHaBggrBgEFBQcBAQSCAcwwggHIMGYGCCsGAQUFBzAChlpodHRwOi8vY3JsLm1pY3Jvc29mdC5jb20vcGtpaW5mcmEvQ2VydHMvQlkyUEtJSU5UQ0EwMS5BTUUuR0JMX0FNRSUyMElORlJBJTIwQ0ElMjAwMSg0KS5jcnQwVgYIKwYBBQUHMAKGSmh0dHA6Ly9jcmwxLmFtZS5nYmwvYWlhL0JZMlBLSUlOVENBMDEuQU1FLkdCTF9BTUUlMjBJTkZSQSUyMENBJTIwMDEoNCkuY3J0MFYGCCsGAQUFBzAChkpodHRwOi8vY3JsMi5hbWUuZ2JsL2FpYS9CWTJQS0lJTlRDQTAxLkFNRS5HQkxfQU1FJTIwSU5GUkElMjBDQSUyMDAxKDQpLmNydDBWBggrBgEFBQcwAoZKaHR0cDovL2NybDMuYW1lLmdibC9haWEvQlkyUEtJSU5UQ0EwMS5BTUUuR0JMX0FNRSUyMElORlJBJTIwQ0ElMjAwMSg0KS5jcnQwVgYIKwYBBQUHMAKGSmh0dHA6Ly9jcmw0LmFtZS5nYmwvYWlhL0JZMlBLSUlOVENBMDEuQU1FLkdCTF9BTUUlMjBJTkZSQSUyMENBJTIwMDEoNCkuY3J0MB0GA1UdDgQWBBSfZpcT0PC3SfCtGsu3toYMw9clcTAOBgNVHQ8BAf8EBAMCBaAwggE1BgNVHR8EggEsMIIBKDCCASSgggEgoIIBHIZCaHR0cDovL2NybC5taWNyb3NvZnQuY29tL3BraWluZnJhL0NSTC9BTUUlMjBJTkZSQSUyMENBJTIwMDEoNCkuY3JshjRodHRwOi8vY3JsMS5hbWUuZ2JsL2NybC9BTUUlMjBJTkZSQSUyMENBJTIwMDEoNCkuY3JshjRodHRwOi8vY3JsMi5hbWUuZ2JsL2NybC9BTUUlMjBJTkZSQSUyMENBJTIwMDEoNCkuY3JshjRodHRwOi8vY3JsMy5hbWUuZ2JsL2NybC9BTUUlMjBJTkZSQSUyMENBJTIwMDEoNCkuY3JshjRodHRwOi8vY3JsNC5hbWUuZ2JsL2NybC9BTUUlMjBJTkZSQSUyMENBJTIwMDEoNCkuY3JsMIGdBgNVHSAEgZUwgZIwDAYKKwYBBAGCN3sBATBmBgorBgEEAYI3ewICMFgwVgYIKwYBBQUHAgIwSh5IADMAMwBlADAAMQA5ADIAMQAtADQAZAA2ADQALQA0AGYAOABjAC0AYQAwADUANQAtADUAYgBkAGEAZgBmAGQANQBlADMAMwBkMAwGCisGAQQBgjd7AwEwDAYKKwYBBAGCN3sEAjAfBgNVHSMEGDAWgBTl2Ztn_PjsurvwwKidileIud8-YzAdBgNVHSUEFjAUBggrBgEFBQcDAQYIKwYBBQUHAwIwDQYJKoZIhvcNAQELBQADggEBALR7kMoOC84kYiVigdHrIvxG2SbxujHlwF6AtkbPsX3rz7k85RgPrAOWHrccDjxrkSAvjUPtvFO2z5MWjs1bgg3CenVab3tcfV04lW2EUPwd1Ye5xff0ilwOs6rywF1H7o_qCBULzQni8S9uJnQl_nUpj093UNSP4o0vqYFz23EXgJUXBFgvRkVC5Hk067CyWWzZupH7qNYf9Wk-_Q5oIr9q0UFMRNNcONET5-g57l_8OtnsRe2U2FkHIdP9RUNsTzVyGVmdQYu-aQYj_j1ZiAQRxAZ72NFbX6YvOpM5_ibK8-wvkXKAH1LX4v70YkK3w3N_Lt_VoY2b9qd39HWEUfk&s=MnmZmxfgwAPFtuMkkP-EqSVmQwJw1CiIn8em2e71wW3COB8Ezkhc2AVDbTK0myb-hWp5hGTgn6f7RGScu5YD369HXCthFTwfWZq4_L_BGqe1hmBAg88xqHdyrmjgRNdNHfeYq_D65a69CsRvoE5E6QpAnnzEfLoIuRX784GYqnsGu4wFROcMtkQjJgjBlAcyDaTsu4m40xefMfVXRDOVt45KDYOWg_op_uN5kY3Y9sVhLu7y745TahS6_oGjX_IBGYGZhVUaS77ppdkFh4zCqivYRd2PqWkqbnShTAIvOWWmQam3Kx2lZxEmS7VO8fGZENtwWHhYh338scNY4-sgrw&h=uWkddSnarCsypVVCzNipAX5-QHZnjbe1Tx-BLaf2Sgk",
      "EncodedRequestUri": "L3N1YnNjcmlwdGlvbnMvMDY2MWIxMzEtNGExMS00NzliLTk2YmYtMmY5NWFjY2EyZjczL29wZXJhdGlvbnJlc3VsdHMvZXlKcWIySkpaQ0k2SWxKRlUwOVZVa05GUjFKUFZWQkVSVXhGVkVsUFRrcFBRaTFRVXpNMk1qQXRWMFZUVkZWVE1pSXNJbXB2WWt4dlkyRjBhVzl1SWpvaWQyVnpkSFZ6TWlKOT9hcGktdmVyc2lvbj0yMDE2LTA5LTAxJnQ9NjM4NjUxODMxOTE2MjQ1MTcwJmM9TUlJSHBUQ0NCbzJnQXdJQkFnSVRPZ083LS1LTWxPUnllRlJ1SndBRUE3djc0akFOQmdrcWhraUc5dzBCQVFzRkFEQkVNUk13RVFZS0NaSW1pWlB5TEdRQkdSWURSMEpNTVJNd0VRWUtDWkltaVpQeUxHUUJHUllEUVUxRk1SZ3dGZ1lEVlFRREV3OUJUVVVnU1U1R1VrRWdRMEVnTURFd0hoY05NalF3T1RJM01EZzFNREV3V2hjTk1qVXdNekkyTURnMU1ERXdXakJBTVQ0d1BBWURWUVFERXpWaGMzbHVZMjl3WlhKaGRHbHZibk5wWjI1cGJtZGpaWEowYVdacFkyRjBaUzV0WVc1aFoyVnRaVzUwTG1GNmRYSmxMbU52YlRDQ0FTSXdEUVlKS29aSWh2Y05BUUVCQlFBRGdnRVBBRENDQVFvQ2dnRUJBS3JLNjd6dTZncmpScDlsLXhfTExiOTlPUll3S2k4b3QxWmlEMjM4cmRTR3Y0RXV3NUZQOHNfQjRicWdETk9IYUdpMzE2cUxQV19VZU1MM29yaW54WldFUjdZM05nN3Z0eDhGQWN1dzc5X1pMQjRLVU9JVWtOdUNiY0V6ZExxVkdVZTdkTlM0RFpwX3FsVVltb0wyYzc2UU9MdmY0d3dUQ1JOSUNqZGp1d2FKMFpNRV9fTkNmTW9BeWdSQ29fMUNTMUhXYXRQekRYZl96anNoQmtaQW5HOVlmLTV6UkFkUFEtZ2xRVy1pVkZHQUhYZUM3V0x2RzlQTm5zYnVSY2draTlUd21oMm5GbzBHa2g4NWtGWVVXZXRTWk0yLVV1aTFSMFlFRmRoSFJXZG9ybkROMnJHVElpMXRJbURkRVFCMjRVNjdidW1YbE40eWZuZmFXMnZWTlprQ0F3RUFBYU9DQkpJd2dnU09NQ2NHQ1NzR0FRUUJnamNWQ2dRYU1CZ3dDZ1lJS3dZQkJRVUhBd0V3Q2dZSUt3WUJCUVVIQXdJd1BRWUpLd1lCQkFHQ054VUhCREF3TGdZbUt3WUJCQUdDTnhVSWhwRGpEWVRWdEhpRThZcy1oWnZkRnM2ZEVvRmdoZm1SUzRXc21UUUNBV1FDQVFjd2dnSGFCZ2dyQmdFRkJRY0JBUVNDQWN3d2dnSElNR1lHQ0NzR0FRVUZCekFDaGxwb2RIUndPaTh2WTNKc0xtMXBZM0p2YzI5bWRDNWpiMjB2Y0d0cGFXNW1jbUV2UTJWeWRITXZRbGt5VUV0SlNVNVVRMEV3TVM1QlRVVXVSMEpNWDBGTlJTVXlNRWxPUmxKQkpUSXdRMEVsTWpBd01TZzBLUzVqY25Rd1ZnWUlLd1lCQlFVSE1BS0dTbWgwZEhBNkx5OWpjbXd4TG1GdFpTNW5ZbXd2WVdsaEwwSlpNbEJMU1VsT1ZFTkJNREV1UVUxRkxrZENURjlCVFVVbE1qQkpUa1pTUVNVeU1FTkJKVEl3TURFb05Da3VZM0owTUZZR0NDc0dBUVVGQnpBQ2hrcG9kSFJ3T2k4dlkzSnNNaTVoYldVdVoySnNMMkZwWVM5Q1dUSlFTMGxKVGxSRFFUQXhMa0ZOUlM1SFFreGZRVTFGSlRJd1NVNUdVa0VsTWpCRFFTVXlNREF4S0RRcExtTnlkREJXQmdnckJnRUZCUWN3QW9aS2FIUjBjRG92TDJOeWJETXVZVzFsTG1kaWJDOWhhV0V2UWxreVVFdEpTVTVVUTBFd01TNUJUVVV1UjBKTVgwRk5SU1V5TUVsT1JsSkJKVEl3UTBFbE1qQXdNU2cwS1M1amNuUXdWZ1lJS3dZQkJRVUhNQUtHU21oMGRIQTZMeTlqY213MExtRnRaUzVuWW13dllXbGhMMEpaTWxCTFNVbE9WRU5CTURFdVFVMUZMa2RDVEY5QlRVVWxNakJKVGtaU1FTVXlNRU5CSlRJd01ERW9OQ2t1WTNKME1CMEdBMVVkRGdRV0JCU2ZacGNUMFBDM1NmQ3RHc3UzdG9ZTXc5Y2xjVEFPQmdOVkhROEJBZjhFQkFNQ0JhQXdnZ0UxQmdOVkhSOEVnZ0VzTUlJQktEQ0NBU1NnZ2dFZ29JSUJISVpDYUhSMGNEb3ZMMk55YkM1dGFXTnliM052Wm5RdVkyOXRMM0JyYVdsdVpuSmhMME5TVEM5QlRVVWxNakJKVGtaU1FTVXlNRU5CSlRJd01ERW9OQ2t1WTNKc2hqUm9kSFJ3T2k4dlkzSnNNUzVoYldVdVoySnNMMk55YkM5QlRVVWxNakJKVGtaU1FTVXlNRU5CSlRJd01ERW9OQ2t1WTNKc2hqUm9kSFJ3T2k4dlkzSnNNaTVoYldVdVoySnNMMk55YkM5QlRVVWxNakJKVGtaU1FTVXlNRU5CSlRJd01ERW9OQ2t1WTNKc2hqUm9kSFJ3T2k4dlkzSnNNeTVoYldVdVoySnNMMk55YkM5QlRVVWxNakJKVGtaU1FTVXlNRU5CSlRJd01ERW9OQ2t1WTNKc2hqUm9kSFJ3T2k4dlkzSnNOQzVoYldVdVoySnNMMk55YkM5QlRVVWxNakJKVGtaU1FTVXlNRU5CSlRJd01ERW9OQ2t1WTNKc01JR2RCZ05WSFNBRWdaVXdnWkl3REFZS0t3WUJCQUdDTjNzQkFUQm1CZ29yQmdFRUFZSTNld0lDTUZnd1ZnWUlLd1lCQlFVSEFnSXdTaDVJQURNQU13QmxBREFBTVFBNUFESUFNUUF0QURRQVpBQTJBRFFBTFFBMEFHWUFPQUJqQUMwQVlRQXdBRFVBTlFBdEFEVUFZZ0JrQUdFQVpnQm1BR1FBTlFCbEFETUFNd0JrTUF3R0Npc0dBUVFCZ2pkN0F3RXdEQVlLS3dZQkJBR0NOM3NFQWpBZkJnTlZIU01FR0RBV2dCVGwyWnRuX1Bqc3Vydnd3S2lkaWxlSXVkOC1ZekFkQmdOVkhTVUVGakFVQmdnckJnRUZCUWNEQVFZSUt3WUJCUVVIQXdJd0RRWUpLb1pJaHZjTkFRRUxCUUFEZ2dFQkFMUjdrTW9PQzg0a1lpVmlnZEhySXZ4RzJTYnh1akhsd0Y2QXRrYlBzWDNyejdrODVSZ1ByQU9XSHJjY0RqeHJrU0F2alVQdHZGTzJ6NU1XanMxYmdnM0NlblZhYjN0Y2ZWMDRsVzJFVVB3ZDFZZTV4ZmYwaWx3T3M2cnl3RjFIN29fcUNCVUx6UW5pOFM5dUpuUWxfblVwajA5M1VOU1A0bzB2cVlGejIzRVhnSlVYQkZndlJrVkM1SGswNjdDeVdXelp1cEg3cU5ZZjlXay1fUTVvSXI5cTBVRk1STk5jT05FVDUtZzU3bF84T3Ruc1JlMlUyRmtISWRQOVJVTnNUelZ5R1ZtZFFZdS1hUVlqX2oxWmlBUVJ4QVo3Mk5GYlg2WXZPcE01X2liSzgtd3ZrWEtBSDFMWDR2NzBZa0szdzNOX0x0X1ZvWTJiOXFkMzlIV0VVZmsmcz1Nbm1abXhmZ3dBUEZ0dU1ra1AtRXFTVm1Rd0p3MUNpSW44ZW0yZTcxd1czQ09COEV6a2hjMkFWRGJUSzBteWItaFdwNWhHVGduNmY3UkdTY3U1WUQzNjlIWEN0aEZUd2ZXWnE0X0xfQkdxZTFobUJBZzg4eHFIZHlybWpnUk5kTkhmZVlxX0Q2NWE2OUNzUnZvRTVFNlFwQW5uekVmTG9JdVJYNzg0R1lxbnNHdTR3RlJPY010a1FqSmdqQmxBY3lEYVRzdTRtNDB4ZWZNZlZYUkRPVnQ0NUtEWU9XZ19vcF91TjVrWTNZOXNWaEx1N3k3NDVUYWhTNl9vR2pYX0lCR1lHWmhWVWFTNzdwcGRrRmg0ekNxaXZZUmQyUHFXa3FiblNoVEFJdk9XV21RYW0zS3gybFp4RW1TN1ZPOGZHWkVOdHdXSGhZaDMzOHNjTlk0LXNncncmaD11V2tkZFNuYXJDc3lwVlZDek5pcEFYNS1RSFpuamJlMVR4LUJMYWYyU2dr",
      "RequestMethod": "GET",
      "RequestHeaders": {
        "User-Agent": [
          "FxVersion/6.0.3324.36610",
          "OSName/Windows",
          "OSVersion/Microsoft.Windows.10.0.22631",
          "Microsoft.Azure.Management.Internal.Resources.ResourceManagementClient/1.3.101"
        ]
      },
      "RequestBody": "",
      "ResponseHeaders": {
        "Cache-Control": [
          "no-cache"
        ],
        "Pragma": [
          "no-cache"
        ],
        "x-ms-ratelimit-remaining-subscription-reads": [
          "1099"
        ],
        "x-ms-ratelimit-remaining-subscription-global-reads": [
          "16499"
        ],
        "x-ms-request-id": [
          "9ae0f247-9725-493b-b48f-b7d6ba68eacc"
        ],
        "x-ms-correlation-request-id": [
          "9ae0f247-9725-493b-b48f-b7d6ba68eacc"
        ],
        "x-ms-routing-request-id": [
          "FRANCESOUTH:20241022T084008Z:9ae0f247-9725-493b-b48f-b7d6ba68eacc"
        ],
        "Strict-Transport-Security": [
          "max-age=31536000; includeSubDomains"
        ],
        "X-Content-Type-Options": [
          "nosniff"
        ],
        "X-Cache": [
          "CONFIG_NOCACHE"
        ],
        "X-MSEdge-Ref": [
          "Ref A: 6C57F2FE3D7B41EDB4DE969F46BFAAD7 Ref B: AMS231020512049 Ref C: 2024-10-22T08:40:07Z"
        ],
        "Date": [
          "Tue, 22 Oct 2024 08:40:08 GMT"
        ],
        "Expires": [
          "-1"
        ],
        "Content-Length": [
          "0"
        ]
      },
      "ResponseBody": "",
      "StatusCode": 200
    }
  ],
  "Names": {
    "Test-ActiveDirectoryCrud": [
      "ps3620",
      "ps6419",
      "ps7652",
      "ps5520",
      "ps7318"
    ]
  },
  "Variables": {
    "SubscriptionId": "0661b131-4a11-479b-96bf-2f95acca2f73"
  }
}