{
  "Entries": [
    {
      "RequestUri": "/subscriptions/69a75bda-882e-44d5-8431-63421204132a/resourcegroups/ps7574?api-version=2016-09-01",
      "EncodedRequestUri": "L3N1YnNjcmlwdGlvbnMvNjlhNzViZGEtODgyZS00NGQ1LTg0MzEtNjM0MjEyMDQxMzJhL3Jlc291cmNlZ3JvdXBzL3BzNzU3ND9hcGktdmVyc2lvbj0yMDE2LTA5LTAx",
      "RequestMethod": "PUT",
      "RequestBody": "{\r\n  \"location\": \"westus2\"\r\n}",
      "RequestHeaders": {
        "x-ms-client-request-id": [
          "45fad0bc-b38b-4d00-a46b-293e1b68050d"
        ],
        "Accept-Language": [
          "en-US"
        ],
        "User-Agent": [
          "FxVersion/4.6.29321.03",
          "OSName/Windows",
          "OSVersion/Microsoft.Windows.10.0.18363.",
          "Microsoft.Azure.Management.Internal.Resources.ResourceManagementClient/1.3.30"
        ],
        "Content-Type": [
          "application/json; charset=utf-8"
        ],
        "Content-Length": [
          "29"
        ]
      },
      "ResponseHeaders": {
        "Cache-Control": [
          "no-cache"
        ],
        "Pragma": [
          "no-cache"
        ],
        "x-ms-ratelimit-remaining-subscription-writes": [
          "1199"
        ],
        "x-ms-request-id": [
          "63bb7292-3ef9-4d2c-ad56-5c687de69936"
        ],
        "x-ms-correlation-request-id": [
          "63bb7292-3ef9-4d2c-ad56-5c687de69936"
        ],
        "x-ms-routing-request-id": [
          "FRANCESOUTH:20210115T123455Z:63bb7292-3ef9-4d2c-ad56-5c687de69936"
        ],
        "Strict-Transport-Security": [
          "max-age=31536000; includeSubDomains"
        ],
        "X-Content-Type-Options": [
          "nosniff"
        ],
        "Date": [
          "Fri, 15 Jan 2021 12:34:54 GMT"
        ],
        "Content-Length": [
          "166"
        ],
        "Content-Type": [
          "application/json; charset=utf-8"
        ],
        "Expires": [
          "-1"
        ]
      },
      "ResponseBody": "{\r\n  \"id\": \"/subscriptions/69a75bda-882e-44d5-8431-63421204132a/resourceGroups/ps7574\",\r\n  \"name\": \"ps7574\",\r\n  \"location\": \"westus2\",\r\n  \"properties\": {\r\n    \"provisioningState\": \"Succeeded\"\r\n  }\r\n}",
      "StatusCode": 201
    },
    {
      "RequestUri": "/subscriptions/69a75bda-882e-44d5-8431-63421204132a/resourceGroups/ps7574/providers/Microsoft.NetApp/netAppAccounts/ps6966?api-version=2020-09-01",
      "EncodedRequestUri": "L3N1YnNjcmlwdGlvbnMvNjlhNzViZGEtODgyZS00NGQ1LTg0MzEtNjM0MjEyMDQxMzJhL3Jlc291cmNlR3JvdXBzL3BzNzU3NC9wcm92aWRlcnMvTWljcm9zb2Z0Lk5ldEFwcC9uZXRBcHBBY2NvdW50cy9wczY5NjY/YXBpLXZlcnNpb249MjAyMC0wOS0wMQ==",
      "RequestMethod": "PUT",
      "RequestBody": "{\r\n  \"location\": \"westus2\",\r\n  \"tags\": {\r\n    \"tag1\": \"tagValue1\"\r\n  }\r\n}",
      "RequestHeaders": {
        "x-ms-client-request-id": [
          "748ef602-ad20-407b-b525-99e80c27b2db"
        ],
        "Accept-Language": [
          "en-US"
        ],
        "User-Agent": [
          "FxVersion/4.6.29321.03",
          "OSName/Windows",
          "OSVersion/Microsoft.Windows.10.0.18363.",
          "Microsoft.Azure.Management.NetApp.AzureNetAppFilesManagementClient/1.9.0.0"
        ],
        "Content-Type": [
          "application/json; charset=utf-8"
        ],
        "Content-Length": [
          "73"
        ]
      },
      "ResponseHeaders": {
        "Cache-Control": [
          "no-cache"
        ],
        "Pragma": [
          "no-cache"
        ],
        "ETag": [
          "W/\"datetime'2021-01-15T12%3A35%3A02.3160813Z'\""
        ],
        "x-ms-request-id": [
          "9fec7bec-b6c4-475d-abb3-3f7dbd7d742f"
        ],
        "Azure-AsyncOperation": [
          "https://management.azure.com/subscriptions/69a75bda-882e-44d5-8431-63421204132a/providers/Microsoft.NetApp/locations/westus2/operationResults/cb0d0511-b94f-4675-91e2-79371f9e8aef?api-version=2020-09-01"
        ],
        "Request-Context": [
          "appId=cid-v1:2c4cb680-0a1f-424d-bb8d-8e650ba68d53"
        ],
        "Access-Control-Expose-Headers": [
          "Request-Context"
        ],
        "Server": [
          "Microsoft-IIS/10.0"
        ],
        "X-Powered-By": [
          "ASP.NET"
        ],
        "x-ms-ratelimit-remaining-subscription-writes": [
          "1199"
        ],
        "x-ms-correlation-request-id": [
          "57d10553-d035-42e5-ba2d-a5646ffbbd78"
        ],
        "x-ms-routing-request-id": [
          "FRANCESOUTH:20210115T123504Z:57d10553-d035-42e5-ba2d-a5646ffbbd78"
        ],
        "Strict-Transport-Security": [
          "max-age=31536000; includeSubDomains"
        ],
        "X-Content-Type-Options": [
          "nosniff"
        ],
        "Date": [
          "Fri, 15 Jan 2021 12:35:03 GMT"
        ],
        "Content-Length": [
          "341"
        ],
        "Content-Type": [
          "application/json; charset=utf-8"
        ],
        "Expires": [
          "-1"
        ]
      },
      "ResponseBody": "{\r\n  \"id\": \"/subscriptions/69a75bda-882e-44d5-8431-63421204132a/resourceGroups/ps7574/providers/Microsoft.NetApp/netAppAccounts/ps6966\",\r\n  \"name\": \"ps6966\",\r\n  \"type\": \"Microsoft.NetApp/netAppAccounts\",\r\n  \"etag\": \"W/\\\"datetime'2021-01-15T12%3A35%3A02.3160813Z'\\\"\",\r\n  \"location\": \"westus2\",\r\n  \"tags\": {\r\n    \"tag1\": \"tagValue1\"\r\n  },\r\n  \"properties\": {\r\n    \"provisioningState\": \"Creating\"\r\n  }\r\n}",
      "StatusCode": 201
    },
    {
      "RequestUri": "/subscriptions/69a75bda-882e-44d5-8431-63421204132a/resourceGroups/ps7574/providers/Microsoft.NetApp/netAppAccounts/ps6966?api-version=2020-09-01",
      "EncodedRequestUri": "L3N1YnNjcmlwdGlvbnMvNjlhNzViZGEtODgyZS00NGQ1LTg0MzEtNjM0MjEyMDQxMzJhL3Jlc291cmNlR3JvdXBzL3BzNzU3NC9wcm92aWRlcnMvTWljcm9zb2Z0Lk5ldEFwcC9uZXRBcHBBY2NvdW50cy9wczY5NjY/YXBpLXZlcnNpb249MjAyMC0wOS0wMQ==",
      "RequestMethod": "PUT",
      "RequestBody": "{\r\n  \"location\": \"westus2\",\r\n  \"tags\": {\r\n    \"tag1\": \"tagValue1\"\r\n  },\r\n  \"properties\": {\r\n    \"activeDirectories\": []\r\n  }\r\n}",
      "RequestHeaders": {
        "x-ms-client-request-id": [
          "ab50f522-d005-49cb-9e0c-77c6f82fd329"
        ],
        "Accept-Language": [
          "en-US"
        ],
        "User-Agent": [
          "FxVersion/4.6.29321.03",
          "OSName/Windows",
          "OSVersion/Microsoft.Windows.10.0.18363.",
          "Microsoft.Azure.Management.NetApp.AzureNetAppFilesManagementClient/1.9.0.0"
        ],
        "Content-Type": [
          "application/json; charset=utf-8"
        ],
        "Content-Length": [
          "127"
        ]
      },
      "ResponseHeaders": {
        "Cache-Control": [
          "no-cache"
        ],
        "Pragma": [
          "no-cache"
        ],
        "ETag": [
          "W/\"datetime'2021-01-15T12%3A35%3A39.3553222Z'\""
        ],
        "x-ms-request-id": [
          "6ad00837-e00c-42b8-96f4-a39810972af7"
        ],
        "Azure-AsyncOperation": [
          "https://management.azure.com/subscriptions/69a75bda-882e-44d5-8431-63421204132a/providers/Microsoft.NetApp/locations/westus2/operationResults/1c1323e5-972c-4f01-8658-69117c879ab3?api-version=2020-09-01"
        ],
        "Request-Context": [
          "appId=cid-v1:2c4cb680-0a1f-424d-bb8d-8e650ba68d53"
        ],
        "Access-Control-Expose-Headers": [
          "Request-Context"
        ],
        "Server": [
          "Microsoft-IIS/10.0"
        ],
        "X-Powered-By": [
          "ASP.NET"
        ],
        "x-ms-ratelimit-remaining-subscription-writes": [
          "1196"
        ],
        "x-ms-correlation-request-id": [
          "1f1d47a0-5431-4053-8c35-2b2a4ad49373"
        ],
        "x-ms-routing-request-id": [
          "FRANCESOUTH:20210115T123539Z:1f1d47a0-5431-4053-8c35-2b2a4ad49373"
        ],
        "Strict-Transport-Security": [
          "max-age=31536000; includeSubDomains"
        ],
        "X-Content-Type-Options": [
          "nosniff"
        ],
        "Date": [
          "Fri, 15 Jan 2021 12:35:39 GMT"
        ],
        "Content-Length": [
          "658"
        ],
        "Content-Type": [
          "application/json; charset=utf-8"
        ],
        "Expires": [
          "-1"
        ]
      },
      "ResponseBody": "{\r\n  \"id\": \"/subscriptions/69a75bda-882e-44d5-8431-63421204132a/resourceGroups/ps7574/providers/Microsoft.NetApp/netAppAccounts/ps6966\",\r\n  \"name\": \"ps6966\",\r\n  \"type\": \"Microsoft.NetApp/netAppAccounts\",\r\n  \"etag\": \"W/\\\"datetime'2021-01-15T12%3A35%3A39.3553222Z'\\\"\",\r\n  \"location\": \"westus2\",\r\n  \"tags\": {\r\n    \"tag1\": \"tagValue1\"\r\n  },\r\n  \"properties\": {\r\n    \"provisioningState\": \"Updating\",\r\n    \"activeDirectories\": [\r\n      {\r\n        \"activeDirectoryId\": \"7fd382c7-5fe2-041e-b2ba-5a4e3661e588\",\r\n        \"username\": \"sdkuser\",\r\n        \"password\": \"****************\",\r\n        \"domain\": \"sdkdomain\",\r\n        \"dns\": \"192.0.2.2\",\r\n        \"status\": \"Created\",\r\n        \"smbServerName\": \"PSMBSName2\",\r\n        \"organizationalUnit\": \"CN=Computers\",\r\n        \"adName\": \"ps4015\",\r\n        \"aesEncryption\": false,\r\n        \"ldapSigning\": false\r\n      }\r\n    ]\r\n  }\r\n}",
      "StatusCode": 200
    },
    {
      "RequestUri": "/subscriptions/69a75bda-882e-44d5-8431-63421204132a/providers/Microsoft.NetApp/locations/westus2/operationResults/cb0d0511-b94f-4675-91e2-79371f9e8aef?api-version=2020-09-01",
      "EncodedRequestUri": "L3N1YnNjcmlwdGlvbnMvNjlhNzViZGEtODgyZS00NGQ1LTg0MzEtNjM0MjEyMDQxMzJhL3Byb3ZpZGVycy9NaWNyb3NvZnQuTmV0QXBwL2xvY2F0aW9ucy93ZXN0dXMyL29wZXJhdGlvblJlc3VsdHMvY2IwZDA1MTEtYjk0Zi00Njc1LTkxZTItNzkzNzFmOWU4YWVmP2FwaS12ZXJzaW9uPTIwMjAtMDktMDE=",
      "RequestMethod": "GET",
      "RequestBody": "",
      "RequestHeaders": {
        "x-ms-client-request-id": [
          "748ef602-ad20-407b-b525-99e80c27b2db"
        ],
        "User-Agent": [
          "FxVersion/4.6.29321.03",
          "OSName/Windows",
          "OSVersion/Microsoft.Windows.10.0.18363.",
          "Microsoft.Azure.Management.NetApp.AzureNetAppFilesManagementClient/1.9.0.0"
        ]
      },
      "ResponseHeaders": {
        "Cache-Control": [
          "no-cache"
        ],
        "Pragma": [
          "no-cache"
        ],
        "x-ms-request-id": [
          "ab59576b-cf60-462a-ad20-1b4a4872b19e"
        ],
        "Request-Context": [
          "appId=cid-v1:2c4cb680-0a1f-424d-bb8d-8e650ba68d53"
        ],
        "Access-Control-Expose-Headers": [
          "Request-Context"
        ],
        "Server": [
          "Microsoft-IIS/10.0"
        ],
        "X-Powered-By": [
          "ASP.NET"
        ],
        "x-ms-ratelimit-remaining-subscription-reads": [
          "11999"
        ],
        "x-ms-correlation-request-id": [
          "b230f6cd-c1ae-4cb3-871e-ed29a6979462"
        ],
        "x-ms-routing-request-id": [
          "FRANCESOUTH:20210115T123534Z:b230f6cd-c1ae-4cb3-871e-ed29a6979462"
        ],
        "Strict-Transport-Security": [
          "max-age=31536000; includeSubDomains"
        ],
        "X-Content-Type-Options": [
          "nosniff"
        ],
        "Date": [
          "Fri, 15 Jan 2021 12:35:34 GMT"
        ],
        "Content-Length": [
          "487"
        ],
        "Content-Type": [
          "application/json; charset=utf-8"
        ],
        "Expires": [
          "-1"
        ]
      },
      "ResponseBody": "{\r\n  \"id\": \"/subscriptions/69a75bda-882e-44d5-8431-63421204132a/providers/Microsoft.NetApp/locations/westus2/operationResults/cb0d0511-b94f-4675-91e2-79371f9e8aef\",\r\n  \"name\": \"cb0d0511-b94f-4675-91e2-79371f9e8aef\",\r\n  \"status\": \"Succeeded\",\r\n  \"startTime\": \"2021-01-15T12:35:02.25083Z\",\r\n  \"endTime\": \"2021-01-15T12:35:02.3758262Z\",\r\n  \"percentComplete\": 100.0,\r\n  \"properties\": {\r\n    \"resourceName\": \"/subscriptions/69a75bda-882e-44d5-8431-63421204132a/resourceGroups/ps7574/providers/Microsoft.NetApp/netAppAccounts/ps6966\"\r\n  }\r\n}",
      "StatusCode": 200
    },
    {
      "RequestUri": "/subscriptions/69a75bda-882e-44d5-8431-63421204132a/resourceGroups/ps7574/providers/Microsoft.NetApp/netAppAccounts/ps6966?api-version=2020-09-01",
      "EncodedRequestUri": "L3N1YnNjcmlwdGlvbnMvNjlhNzViZGEtODgyZS00NGQ1LTg0MzEtNjM0MjEyMDQxMzJhL3Jlc291cmNlR3JvdXBzL3BzNzU3NC9wcm92aWRlcnMvTWljcm9zb2Z0Lk5ldEFwcC9uZXRBcHBBY2NvdW50cy9wczY5NjY/YXBpLXZlcnNpb249MjAyMC0wOS0wMQ==",
      "RequestMethod": "GET",
      "RequestBody": "",
      "RequestHeaders": {
        "x-ms-client-request-id": [
          "748ef602-ad20-407b-b525-99e80c27b2db"
        ],
        "User-Agent": [
          "FxVersion/4.6.29321.03",
          "OSName/Windows",
          "OSVersion/Microsoft.Windows.10.0.18363.",
          "Microsoft.Azure.Management.NetApp.AzureNetAppFilesManagementClient/1.9.0.0"
        ]
      },
      "ResponseHeaders": {
        "Cache-Control": [
          "no-cache"
        ],
        "Pragma": [
          "no-cache"
        ],
        "ETag": [
          "W/\"datetime'2021-01-15T12%3A35%3A02.3751211Z'\""
        ],
        "x-ms-request-id": [
          "66277b8d-54fc-474f-b535-bab354b5ffcd"
        ],
        "Request-Context": [
          "appId=cid-v1:2c4cb680-0a1f-424d-bb8d-8e650ba68d53"
        ],
        "Access-Control-Expose-Headers": [
          "Request-Context"
        ],
        "Server": [
          "Microsoft-IIS/10.0"
        ],
        "X-Powered-By": [
          "ASP.NET"
        ],
        "x-ms-ratelimit-remaining-subscription-reads": [
          "11998"
        ],
        "x-ms-correlation-request-id": [
          "2b1c1ffb-75a3-4894-9efd-d2a51713c964"
        ],
        "x-ms-routing-request-id": [
          "FRANCESOUTH:20210115T123535Z:2b1c1ffb-75a3-4894-9efd-d2a51713c964"
        ],
        "Strict-Transport-Security": [
          "max-age=31536000; includeSubDomains"
        ],
        "X-Content-Type-Options": [
          "nosniff"
        ],
        "Date": [
          "Fri, 15 Jan 2021 12:35:34 GMT"
        ],
        "Content-Length": [
          "342"
        ],
        "Content-Type": [
          "application/json; charset=utf-8"
        ],
        "Expires": [
          "-1"
        ]
      },
      "ResponseBody": "{\r\n  \"id\": \"/subscriptions/69a75bda-882e-44d5-8431-63421204132a/resourceGroups/ps7574/providers/Microsoft.NetApp/netAppAccounts/ps6966\",\r\n  \"name\": \"ps6966\",\r\n  \"type\": \"Microsoft.NetApp/netAppAccounts\",\r\n  \"etag\": \"W/\\\"datetime'2021-01-15T12%3A35%3A02.3751211Z'\\\"\",\r\n  \"location\": \"westus2\",\r\n  \"tags\": {\r\n    \"tag1\": \"tagValue1\"\r\n  },\r\n  \"properties\": {\r\n    \"provisioningState\": \"Succeeded\"\r\n  }\r\n}",
      "StatusCode": 200
    },
    {
      "RequestUri": "/subscriptions/69a75bda-882e-44d5-8431-63421204132a/resourceGroups/ps7574/providers/Microsoft.NetApp/netAppAccounts/ps6966?api-version=2020-09-01",
      "EncodedRequestUri": "L3N1YnNjcmlwdGlvbnMvNjlhNzViZGEtODgyZS00NGQ1LTg0MzEtNjM0MjEyMDQxMzJhL3Jlc291cmNlR3JvdXBzL3BzNzU3NC9wcm92aWRlcnMvTWljcm9zb2Z0Lk5ldEFwcC9uZXRBcHBBY2NvdW50cy9wczY5NjY/YXBpLXZlcnNpb249MjAyMC0wOS0wMQ==",
      "RequestMethod": "GET",
      "RequestBody": "",
      "RequestHeaders": {
        "x-ms-client-request-id": [
          "a0277c44-5d19-4f7c-915b-f10344ddb94c"
        ],
        "Accept-Language": [
          "en-US"
        ],
        "User-Agent": [
          "FxVersion/4.6.29321.03",
          "OSName/Windows",
          "OSVersion/Microsoft.Windows.10.0.18363.",
          "Microsoft.Azure.Management.NetApp.AzureNetAppFilesManagementClient/1.9.0.0"
        ]
      },
      "ResponseHeaders": {
        "Cache-Control": [
          "no-cache"
        ],
        "Pragma": [
          "no-cache"
        ],
        "ETag": [
          "W/\"datetime'2021-01-15T12%3A35%3A02.3751211Z'\""
        ],
        "x-ms-request-id": [
          "620e21f6-7811-4017-a5cc-d0133f85039b"
        ],
        "Request-Context": [
          "appId=cid-v1:2c4cb680-0a1f-424d-bb8d-8e650ba68d53"
        ],
        "Access-Control-Expose-Headers": [
          "Request-Context"
        ],
        "Server": [
          "Microsoft-IIS/10.0"
        ],
        "X-Powered-By": [
          "ASP.NET"
        ],
        "x-ms-ratelimit-remaining-subscription-reads": [
          "11997"
        ],
        "x-ms-correlation-request-id": [
          "590316a3-8310-4c14-9993-f9dec6c2a580"
        ],
        "x-ms-routing-request-id": [
          "FRANCESOUTH:20210115T123535Z:590316a3-8310-4c14-9993-f9dec6c2a580"
        ],
        "Strict-Transport-Security": [
          "max-age=31536000; includeSubDomains"
        ],
        "X-Content-Type-Options": [
          "nosniff"
        ],
        "Date": [
          "Fri, 15 Jan 2021 12:35:34 GMT"
        ],
        "Content-Length": [
          "342"
        ],
        "Content-Type": [
          "application/json; charset=utf-8"
        ],
        "Expires": [
          "-1"
        ]
      },
      "ResponseBody": "{\r\n  \"id\": \"/subscriptions/69a75bda-882e-44d5-8431-63421204132a/resourceGroups/ps7574/providers/Microsoft.NetApp/netAppAccounts/ps6966\",\r\n  \"name\": \"ps6966\",\r\n  \"type\": \"Microsoft.NetApp/netAppAccounts\",\r\n  \"etag\": \"W/\\\"datetime'2021-01-15T12%3A35%3A02.3751211Z'\\\"\",\r\n  \"location\": \"westus2\",\r\n  \"tags\": {\r\n    \"tag1\": \"tagValue1\"\r\n  },\r\n  \"properties\": {\r\n    \"provisioningState\": \"Succeeded\"\r\n  }\r\n}",
      "StatusCode": 200
    },
    {
      "RequestUri": "/subscriptions/69a75bda-882e-44d5-8431-63421204132a/resourceGroups/ps7574/providers/Microsoft.NetApp/netAppAccounts/ps6966?api-version=2020-09-01",
      "EncodedRequestUri": "L3N1YnNjcmlwdGlvbnMvNjlhNzViZGEtODgyZS00NGQ1LTg0MzEtNjM0MjEyMDQxMzJhL3Jlc291cmNlR3JvdXBzL3BzNzU3NC9wcm92aWRlcnMvTWljcm9zb2Z0Lk5ldEFwcC9uZXRBcHBBY2NvdW50cy9wczY5NjY/YXBpLXZlcnNpb249MjAyMC0wOS0wMQ==",
      "RequestMethod": "GET",
      "RequestBody": "",
      "RequestHeaders": {
        "x-ms-client-request-id": [
          "387c0686-cb2a-4a32-9a78-e1bcc86182e5"
        ],
        "Accept-Language": [
          "en-US"
        ],
        "User-Agent": [
          "FxVersion/4.6.29321.03",
          "OSName/Windows",
          "OSVersion/Microsoft.Windows.10.0.18363.",
          "Microsoft.Azure.Management.NetApp.AzureNetAppFilesManagementClient/1.9.0.0"
        ]
      },
      "ResponseHeaders": {
        "Cache-Control": [
          "no-cache"
        ],
        "Pragma": [
          "no-cache"
        ],
        "ETag": [
          "W/\"datetime'2021-01-15T12%3A35%3A36.5944382Z'\""
        ],
        "x-ms-request-id": [
          "28423e0b-de0d-4613-9470-04fa0014b06f"
        ],
        "Request-Context": [
          "appId=cid-v1:2c4cb680-0a1f-424d-bb8d-8e650ba68d53"
        ],
        "Access-Control-Expose-Headers": [
          "Request-Context"
        ],
        "Server": [
          "Microsoft-IIS/10.0"
        ],
        "X-Powered-By": [
          "ASP.NET"
        ],
        "x-ms-ratelimit-remaining-subscription-reads": [
          "11996"
        ],
        "x-ms-correlation-request-id": [
          "5f14b079-0a4d-4309-9656-ba80bff19f58"
        ],
        "x-ms-routing-request-id": [
          "FRANCESOUTH:20210115T123537Z:5f14b079-0a4d-4309-9656-ba80bff19f58"
        ],
        "Strict-Transport-Security": [
          "max-age=31536000; includeSubDomains"
        ],
        "X-Content-Type-Options": [
          "nosniff"
        ],
        "Date": [
          "Fri, 15 Jan 2021 12:35:36 GMT"
        ],
        "Content-Length": [
          "659"
        ],
        "Content-Type": [
          "application/json; charset=utf-8"
        ],
        "Expires": [
          "-1"
        ]
      },
      "ResponseBody": "{\r\n  \"id\": \"/subscriptions/69a75bda-882e-44d5-8431-63421204132a/resourceGroups/ps7574/providers/Microsoft.NetApp/netAppAccounts/ps6966\",\r\n  \"name\": \"ps6966\",\r\n  \"type\": \"Microsoft.NetApp/netAppAccounts\",\r\n  \"etag\": \"W/\\\"datetime'2021-01-15T12%3A35%3A36.5944382Z'\\\"\",\r\n  \"location\": \"westus2\",\r\n  \"tags\": {\r\n    \"tag1\": \"tagValue1\"\r\n  },\r\n  \"properties\": {\r\n    \"provisioningState\": \"Succeeded\",\r\n    \"activeDirectories\": [\r\n      {\r\n        \"activeDirectoryId\": \"7fd382c7-5fe2-041e-b2ba-5a4e3661e588\",\r\n        \"username\": \"sdkuser\",\r\n        \"password\": \"****************\",\r\n        \"domain\": \"sdkdomain\",\r\n        \"dns\": \"192.0.2.2\",\r\n        \"status\": \"Created\",\r\n        \"smbServerName\": \"PSSMBSName\",\r\n        \"organizationalUnit\": \"CN=Computers\",\r\n        \"adName\": \"ps4015\",\r\n        \"aesEncryption\": false,\r\n        \"ldapSigning\": false\r\n      }\r\n    ]\r\n  }\r\n}",
      "StatusCode": 200
    },
    {
      "RequestUri": "/subscriptions/69a75bda-882e-44d5-8431-63421204132a/resourceGroups/ps7574/providers/Microsoft.NetApp/netAppAccounts/ps6966?api-version=2020-09-01",
      "EncodedRequestUri": "L3N1YnNjcmlwdGlvbnMvNjlhNzViZGEtODgyZS00NGQ1LTg0MzEtNjM0MjEyMDQxMzJhL3Jlc291cmNlR3JvdXBzL3BzNzU3NC9wcm92aWRlcnMvTWljcm9zb2Z0Lk5ldEFwcC9uZXRBcHBBY2NvdW50cy9wczY5NjY/YXBpLXZlcnNpb249MjAyMC0wOS0wMQ==",
      "RequestMethod": "GET",
      "RequestBody": "",
      "RequestHeaders": {
        "x-ms-client-request-id": [
          "b24d7441-a772-49ea-a965-0592566d886a"
        ],
        "Accept-Language": [
          "en-US"
        ],
        "User-Agent": [
          "FxVersion/4.6.29321.03",
          "OSName/Windows",
          "OSVersion/Microsoft.Windows.10.0.18363.",
          "Microsoft.Azure.Management.NetApp.AzureNetAppFilesManagementClient/1.9.0.0"
        ]
      },
      "ResponseHeaders": {
        "Cache-Control": [
          "no-cache"
        ],
        "Pragma": [
          "no-cache"
        ],
        "ETag": [
          "W/\"datetime'2021-01-15T12%3A35%3A36.5944382Z'\""
        ],
        "x-ms-request-id": [
          "721791f8-dd64-4f16-94f5-b3b4aaac4dbd"
        ],
        "Request-Context": [
          "appId=cid-v1:2c4cb680-0a1f-424d-bb8d-8e650ba68d53"
        ],
        "Access-Control-Expose-Headers": [
          "Request-Context"
        ],
        "Server": [
          "Microsoft-IIS/10.0"
        ],
        "X-Powered-By": [
          "ASP.NET"
        ],
        "x-ms-ratelimit-remaining-subscription-reads": [
          "11995"
        ],
        "x-ms-correlation-request-id": [
          "1bc0674a-5fae-42c9-a11d-08913c07af8c"
        ],
        "x-ms-routing-request-id": [
          "FRANCESOUTH:20210115T123537Z:1bc0674a-5fae-42c9-a11d-08913c07af8c"
        ],
        "Strict-Transport-Security": [
          "max-age=31536000; includeSubDomains"
        ],
        "X-Content-Type-Options": [
          "nosniff"
        ],
        "Date": [
          "Fri, 15 Jan 2021 12:35:36 GMT"
        ],
        "Content-Length": [
          "659"
        ],
        "Content-Type": [
          "application/json; charset=utf-8"
        ],
        "Expires": [
          "-1"
        ]
      },
      "ResponseBody": "{\r\n  \"id\": \"/subscriptions/69a75bda-882e-44d5-8431-63421204132a/resourceGroups/ps7574/providers/Microsoft.NetApp/netAppAccounts/ps6966\",\r\n  \"name\": \"ps6966\",\r\n  \"type\": \"Microsoft.NetApp/netAppAccounts\",\r\n  \"etag\": \"W/\\\"datetime'2021-01-15T12%3A35%3A36.5944382Z'\\\"\",\r\n  \"location\": \"westus2\",\r\n  \"tags\": {\r\n    \"tag1\": \"tagValue1\"\r\n  },\r\n  \"properties\": {\r\n    \"provisioningState\": \"Succeeded\",\r\n    \"activeDirectories\": [\r\n      {\r\n        \"activeDirectoryId\": \"7fd382c7-5fe2-041e-b2ba-5a4e3661e588\",\r\n        \"username\": \"sdkuser\",\r\n        \"password\": \"****************\",\r\n        \"domain\": \"sdkdomain\",\r\n        \"dns\": \"192.0.2.2\",\r\n        \"status\": \"Created\",\r\n        \"smbServerName\": \"PSSMBSName\",\r\n        \"organizationalUnit\": \"CN=Computers\",\r\n        \"adName\": \"ps4015\",\r\n        \"aesEncryption\": false,\r\n        \"ldapSigning\": false\r\n      }\r\n    ]\r\n  }\r\n}",
      "StatusCode": 200
    },
    {
      "RequestUri": "/subscriptions/69a75bda-882e-44d5-8431-63421204132a/resourceGroups/ps7574/providers/Microsoft.NetApp/netAppAccounts/ps6966?api-version=2020-09-01",
      "EncodedRequestUri": "L3N1YnNjcmlwdGlvbnMvNjlhNzViZGEtODgyZS00NGQ1LTg0MzEtNjM0MjEyMDQxMzJhL3Jlc291cmNlR3JvdXBzL3BzNzU3NC9wcm92aWRlcnMvTWljcm9zb2Z0Lk5ldEFwcC9uZXRBcHBBY2NvdW50cy9wczY5NjY/YXBpLXZlcnNpb249MjAyMC0wOS0wMQ==",
      "RequestMethod": "GET",
      "RequestBody": "",
      "RequestHeaders": {
        "x-ms-client-request-id": [
          "83373be5-b73b-4e6c-a22f-2ca7bddb6293"
        ],
        "Accept-Language": [
          "en-US"
        ],
        "User-Agent": [
          "FxVersion/4.6.29321.03",
          "OSName/Windows",
          "OSVersion/Microsoft.Windows.10.0.18363.",
          "Microsoft.Azure.Management.NetApp.AzureNetAppFilesManagementClient/1.9.0.0"
        ]
      },
      "ResponseHeaders": {
        "Cache-Control": [
          "no-cache"
        ],
        "Pragma": [
          "no-cache"
        ],
        "ETag": [
          "W/\"datetime'2021-01-15T12%3A35%3A36.5944382Z'\""
        ],
        "x-ms-request-id": [
          "a3336fd6-d097-4f47-a328-5d0d92631370"
        ],
        "Request-Context": [
          "appId=cid-v1:2c4cb680-0a1f-424d-bb8d-8e650ba68d53"
        ],
        "Access-Control-Expose-Headers": [
          "Request-Context"
        ],
        "Server": [
          "Microsoft-IIS/10.0"
        ],
        "X-Powered-By": [
          "ASP.NET"
        ],
        "x-ms-ratelimit-remaining-subscription-reads": [
          "11994"
        ],
        "x-ms-correlation-request-id": [
          "1626a8a1-2e66-48d2-bdc5-29537f134785"
        ],
        "x-ms-routing-request-id": [
          "FRANCESOUTH:20210115T123537Z:1626a8a1-2e66-48d2-bdc5-29537f134785"
        ],
        "Strict-Transport-Security": [
          "max-age=31536000; includeSubDomains"
        ],
        "X-Content-Type-Options": [
          "nosniff"
        ],
        "Date": [
          "Fri, 15 Jan 2021 12:35:37 GMT"
        ],
        "Content-Length": [
          "659"
        ],
        "Content-Type": [
          "application/json; charset=utf-8"
        ],
        "Expires": [
          "-1"
        ]
      },
      "ResponseBody": "{\r\n  \"id\": \"/subscriptions/69a75bda-882e-44d5-8431-63421204132a/resourceGroups/ps7574/providers/Microsoft.NetApp/netAppAccounts/ps6966\",\r\n  \"name\": \"ps6966\",\r\n  \"type\": \"Microsoft.NetApp/netAppAccounts\",\r\n  \"etag\": \"W/\\\"datetime'2021-01-15T12%3A35%3A36.5944382Z'\\\"\",\r\n  \"location\": \"westus2\",\r\n  \"tags\": {\r\n    \"tag1\": \"tagValue1\"\r\n  },\r\n  \"properties\": {\r\n    \"provisioningState\": \"Succeeded\",\r\n    \"activeDirectories\": [\r\n      {\r\n        \"activeDirectoryId\": \"7fd382c7-5fe2-041e-b2ba-5a4e3661e588\",\r\n        \"username\": \"sdkuser\",\r\n        \"password\": \"****************\",\r\n        \"domain\": \"sdkdomain\",\r\n        \"dns\": \"192.0.2.2\",\r\n        \"status\": \"Created\",\r\n        \"smbServerName\": \"PSSMBSName\",\r\n        \"organizationalUnit\": \"CN=Computers\",\r\n        \"adName\": \"ps4015\",\r\n        \"aesEncryption\": false,\r\n        \"ldapSigning\": false\r\n      }\r\n    ]\r\n  }\r\n}",
      "StatusCode": 200
    },
    {
      "RequestUri": "/subscriptions/69a75bda-882e-44d5-8431-63421204132a/resourceGroups/ps7574/providers/Microsoft.NetApp/netAppAccounts/ps6966?api-version=2020-09-01",
      "EncodedRequestUri": "L3N1YnNjcmlwdGlvbnMvNjlhNzViZGEtODgyZS00NGQ1LTg0MzEtNjM0MjEyMDQxMzJhL3Jlc291cmNlR3JvdXBzL3BzNzU3NC9wcm92aWRlcnMvTWljcm9zb2Z0Lk5ldEFwcC9uZXRBcHBBY2NvdW50cy9wczY5NjY/YXBpLXZlcnNpb249MjAyMC0wOS0wMQ==",
      "RequestMethod": "GET",
      "RequestBody": "",
      "RequestHeaders": {
        "x-ms-client-request-id": [
          "e74c8a17-b7bd-4fe0-8659-0259d3a925ac"
        ],
        "Accept-Language": [
          "en-US"
        ],
        "User-Agent": [
          "FxVersion/4.6.29321.03",
          "OSName/Windows",
          "OSVersion/Microsoft.Windows.10.0.18363.",
          "Microsoft.Azure.Management.NetApp.AzureNetAppFilesManagementClient/1.9.0.0"
        ]
      },
      "ResponseHeaders": {
        "Cache-Control": [
          "no-cache"
        ],
        "Pragma": [
          "no-cache"
        ],
        "ETag": [
          "W/\"datetime'2021-01-15T12%3A35%3A38.3336255Z'\""
        ],
        "x-ms-request-id": [
          "8d6b1b91-5d67-4c01-b43a-1c567017fc17"
        ],
        "Request-Context": [
          "appId=cid-v1:2c4cb680-0a1f-424d-bb8d-8e650ba68d53"
        ],
        "Access-Control-Expose-Headers": [
          "Request-Context"
        ],
        "Server": [
          "Microsoft-IIS/10.0"
        ],
        "X-Powered-By": [
          "ASP.NET"
        ],
        "x-ms-ratelimit-remaining-subscription-reads": [
          "11993"
        ],
        "x-ms-correlation-request-id": [
          "6040b505-d305-4cca-8867-1a69b7a4bced"
        ],
        "x-ms-routing-request-id": [
          "FRANCESOUTH:20210115T123538Z:6040b505-d305-4cca-8867-1a69b7a4bced"
        ],
        "Strict-Transport-Security": [
          "max-age=31536000; includeSubDomains"
        ],
        "X-Content-Type-Options": [
          "nosniff"
        ],
        "Date": [
          "Fri, 15 Jan 2021 12:35:38 GMT"
        ],
        "Content-Length": [
          "659"
        ],
        "Content-Type": [
          "application/json; charset=utf-8"
        ],
        "Expires": [
          "-1"
        ]
      },
      "ResponseBody": "{\r\n  \"id\": \"/subscriptions/69a75bda-882e-44d5-8431-63421204132a/resourceGroups/ps7574/providers/Microsoft.NetApp/netAppAccounts/ps6966\",\r\n  \"name\": \"ps6966\",\r\n  \"type\": \"Microsoft.NetApp/netAppAccounts\",\r\n  \"etag\": \"W/\\\"datetime'2021-01-15T12%3A35%3A38.3336255Z'\\\"\",\r\n  \"location\": \"westus2\",\r\n  \"tags\": {\r\n    \"tag1\": \"tagValue1\"\r\n  },\r\n  \"properties\": {\r\n    \"provisioningState\": \"Succeeded\",\r\n    \"activeDirectories\": [\r\n      {\r\n        \"activeDirectoryId\": \"7fd382c7-5fe2-041e-b2ba-5a4e3661e588\",\r\n        \"username\": \"sdkuser\",\r\n        \"password\": \"****************\",\r\n        \"domain\": \"sdkdomain\",\r\n        \"dns\": \"192.0.2.2\",\r\n        \"status\": \"Created\",\r\n        \"smbServerName\": \"PSMBSName2\",\r\n        \"organizationalUnit\": \"CN=Computers\",\r\n        \"adName\": \"ps4015\",\r\n        \"aesEncryption\": false,\r\n        \"ldapSigning\": false\r\n      }\r\n    ]\r\n  }\r\n}",
      "StatusCode": 200
    },
    {
      "RequestUri": "/subscriptions/69a75bda-882e-44d5-8431-63421204132a/resourceGroups/ps7574/providers/Microsoft.NetApp/netAppAccounts/ps6966?api-version=2020-09-01",
      "EncodedRequestUri": "L3N1YnNjcmlwdGlvbnMvNjlhNzViZGEtODgyZS00NGQ1LTg0MzEtNjM0MjEyMDQxMzJhL3Jlc291cmNlR3JvdXBzL3BzNzU3NC9wcm92aWRlcnMvTWljcm9zb2Z0Lk5ldEFwcC9uZXRBcHBBY2NvdW50cy9wczY5NjY/YXBpLXZlcnNpb249MjAyMC0wOS0wMQ==",
      "RequestMethod": "GET",
      "RequestBody": "",
      "RequestHeaders": {
        "x-ms-client-request-id": [
          "ab50f522-d005-49cb-9e0c-77c6f82fd329"
        ],
        "Accept-Language": [
          "en-US"
        ],
        "User-Agent": [
          "FxVersion/4.6.29321.03",
          "OSName/Windows",
          "OSVersion/Microsoft.Windows.10.0.18363.",
          "Microsoft.Azure.Management.NetApp.AzureNetAppFilesManagementClient/1.9.0.0"
        ]
      },
      "ResponseHeaders": {
        "Cache-Control": [
          "no-cache"
        ],
        "Pragma": [
          "no-cache"
        ],
        "ETag": [
          "W/\"datetime'2021-01-15T12%3A35%3A38.3336255Z'\""
        ],
        "x-ms-request-id": [
          "2f3a7051-eee2-4b29-92b6-00cbc9ad9890"
        ],
        "Request-Context": [
          "appId=cid-v1:2c4cb680-0a1f-424d-bb8d-8e650ba68d53"
        ],
        "Access-Control-Expose-Headers": [
          "Request-Context"
        ],
        "Server": [
          "Microsoft-IIS/10.0"
        ],
        "X-Powered-By": [
          "ASP.NET"
        ],
        "x-ms-ratelimit-remaining-subscription-reads": [
          "11992"
        ],
        "x-ms-correlation-request-id": [
          "f5f01b29-b478-4edc-9774-51db70356747"
        ],
        "x-ms-routing-request-id": [
          "FRANCESOUTH:20210115T123539Z:f5f01b29-b478-4edc-9774-51db70356747"
        ],
        "Strict-Transport-Security": [
          "max-age=31536000; includeSubDomains"
        ],
        "X-Content-Type-Options": [
          "nosniff"
        ],
        "Date": [
          "Fri, 15 Jan 2021 12:35:38 GMT"
        ],
        "Content-Length": [
          "659"
        ],
        "Content-Type": [
          "application/json; charset=utf-8"
        ],
        "Expires": [
          "-1"
        ]
      },
      "ResponseBody": "{\r\n  \"id\": \"/subscriptions/69a75bda-882e-44d5-8431-63421204132a/resourceGroups/ps7574/providers/Microsoft.NetApp/netAppAccounts/ps6966\",\r\n  \"name\": \"ps6966\",\r\n  \"type\": \"Microsoft.NetApp/netAppAccounts\",\r\n  \"etag\": \"W/\\\"datetime'2021-01-15T12%3A35%3A38.3336255Z'\\\"\",\r\n  \"location\": \"westus2\",\r\n  \"tags\": {\r\n    \"tag1\": \"tagValue1\"\r\n  },\r\n  \"properties\": {\r\n    \"provisioningState\": \"Succeeded\",\r\n    \"activeDirectories\": [\r\n      {\r\n        \"activeDirectoryId\": \"7fd382c7-5fe2-041e-b2ba-5a4e3661e588\",\r\n        \"username\": \"sdkuser\",\r\n        \"password\": \"****************\",\r\n        \"domain\": \"sdkdomain\",\r\n        \"dns\": \"192.0.2.2\",\r\n        \"status\": \"Created\",\r\n        \"smbServerName\": \"PSMBSName2\",\r\n        \"organizationalUnit\": \"CN=Computers\",\r\n        \"adName\": \"ps4015\",\r\n        \"aesEncryption\": false,\r\n        \"ldapSigning\": false\r\n      }\r\n    ]\r\n  }\r\n}",
      "StatusCode": 200
    },
    {
      "RequestUri": "/subscriptions/69a75bda-882e-44d5-8431-63421204132a/resourceGroups/ps7574/providers/Microsoft.NetApp/netAppAccounts/ps6966?api-version=2020-09-01",
      "EncodedRequestUri": "L3N1YnNjcmlwdGlvbnMvNjlhNzViZGEtODgyZS00NGQ1LTg0MzEtNjM0MjEyMDQxMzJhL3Jlc291cmNlR3JvdXBzL3BzNzU3NC9wcm92aWRlcnMvTWljcm9zb2Z0Lk5ldEFwcC9uZXRBcHBBY2NvdW50cy9wczY5NjY/YXBpLXZlcnNpb249MjAyMC0wOS0wMQ==",
      "RequestMethod": "GET",
      "RequestBody": "",
      "RequestHeaders": {
        "x-ms-client-request-id": [
          "77e4e98c-080c-4ae9-b9b8-5c386007a5c5"
        ],
        "Accept-Language": [
          "en-US"
        ],
        "User-Agent": [
          "FxVersion/4.6.29321.03",
          "OSName/Windows",
          "OSVersion/Microsoft.Windows.10.0.18363.",
          "Microsoft.Azure.Management.NetApp.AzureNetAppFilesManagementClient/1.9.0.0"
        ]
      },
      "ResponseHeaders": {
        "Cache-Control": [
          "no-cache"
        ],
        "Pragma": [
          "no-cache"
        ],
        "ETag": [
          "W/\"datetime'2021-01-15T12%3A35%3A39.9917545Z'\""
        ],
        "x-ms-request-id": [
          "e14620ad-1b07-4856-bf93-7e34e2fa56d2"
        ],
        "Request-Context": [
          "appId=cid-v1:2c4cb680-0a1f-424d-bb8d-8e650ba68d53"
        ],
        "Access-Control-Expose-Headers": [
          "Request-Context"
        ],
        "Server": [
          "Microsoft-IIS/10.0"
        ],
        "X-Powered-By": [
          "ASP.NET"
        ],
        "x-ms-ratelimit-remaining-subscription-reads": [
          "11991"
        ],
        "x-ms-correlation-request-id": [
          "1918783b-8963-4dd5-934e-98e359874ef3"
        ],
        "x-ms-routing-request-id": [
          "FRANCESOUTH:20210115T123554Z:1918783b-8963-4dd5-934e-98e359874ef3"
        ],
        "Strict-Transport-Security": [
          "max-age=31536000; includeSubDomains"
        ],
        "X-Content-Type-Options": [
          "nosniff"
        ],
        "Date": [
          "Fri, 15 Jan 2021 12:35:54 GMT"
        ],
        "Content-Length": [
          "342"
        ],
        "Content-Type": [
          "application/json; charset=utf-8"
        ],
        "Expires": [
          "-1"
        ]
      },
      "ResponseBody": "{\r\n  \"id\": \"/subscriptions/69a75bda-882e-44d5-8431-63421204132a/resourceGroups/ps7574/providers/Microsoft.NetApp/netAppAccounts/ps6966\",\r\n  \"name\": \"ps6966\",\r\n  \"type\": \"Microsoft.NetApp/netAppAccounts\",\r\n  \"etag\": \"W/\\\"datetime'2021-01-15T12%3A35%3A39.9917545Z'\\\"\",\r\n  \"location\": \"westus2\",\r\n  \"tags\": {\r\n    \"tag1\": \"tagValue1\"\r\n  },\r\n  \"properties\": {\r\n    \"provisioningState\": \"Succeeded\"\r\n  }\r\n}",
      "StatusCode": 200
    },
    {
      "RequestUri": "/subscriptions/69a75bda-882e-44d5-8431-63421204132a/resourceGroups/ps7574/providers/Microsoft.NetApp/netAppAccounts/ps6966?api-version=2020-09-01",
      "EncodedRequestUri": "L3N1YnNjcmlwdGlvbnMvNjlhNzViZGEtODgyZS00NGQ1LTg0MzEtNjM0MjEyMDQxMzJhL3Jlc291cmNlR3JvdXBzL3BzNzU3NC9wcm92aWRlcnMvTWljcm9zb2Z0Lk5ldEFwcC9uZXRBcHBBY2NvdW50cy9wczY5NjY/YXBpLXZlcnNpb249MjAyMC0wOS0wMQ==",
      "RequestMethod": "PATCH",
      "RequestBody": "{\r\n  \"properties\": {\r\n    \"activeDirectories\": [\r\n      {\r\n        \"username\": \"sdkuser\",\r\n        \"password\": \"sdkpass\",\r\n        \"domain\": \"sdkdomain\",\r\n        \"dns\": \"192.0.2.2\",\r\n        \"smbServerName\": \"PSSMBSName\",\r\n        \"adName\": \"ps4015\"\r\n      }\r\n    ]\r\n  }\r\n}",
      "RequestHeaders": {
        "x-ms-client-request-id": [
          "a0277c44-5d19-4f7c-915b-f10344ddb94c"
        ],
        "Accept-Language": [
          "en-US"
        ],
        "User-Agent": [
          "FxVersion/4.6.29321.03",
          "OSName/Windows",
          "OSVersion/Microsoft.Windows.10.0.18363.",
          "Microsoft.Azure.Management.NetApp.AzureNetAppFilesManagementClient/1.9.0.0"
        ],
        "Content-Type": [
          "application/json; charset=utf-8"
        ],
        "Content-Length": [
          "274"
        ]
      },
      "ResponseHeaders": {
        "Cache-Control": [
          "no-cache"
        ],
        "Pragma": [
          "no-cache"
        ],
        "ETag": [
          "W/\"datetime'2021-01-15T12%3A35%3A35.8989661Z'\""
        ],
        "x-ms-request-id": [
          "3990b423-c10e-4038-81ae-641090fa8f26"
        ],
        "Request-Context": [
          "appId=cid-v1:2c4cb680-0a1f-424d-bb8d-8e650ba68d53"
        ],
        "Access-Control-Expose-Headers": [
          "Request-Context"
        ],
        "Server": [
          "Microsoft-IIS/10.0"
        ],
        "X-Powered-By": [
          "ASP.NET"
        ],
        "x-ms-ratelimit-remaining-subscription-writes": [
          "1198"
        ],
        "x-ms-correlation-request-id": [
          "fdc15f19-0e9e-41a9-9825-5c7b186cd2e6"
        ],
        "x-ms-routing-request-id": [
          "FRANCESOUTH:20210115T123536Z:fdc15f19-0e9e-41a9-9825-5c7b186cd2e6"
        ],
        "Strict-Transport-Security": [
          "max-age=31536000; includeSubDomains"
        ],
        "X-Content-Type-Options": [
          "nosniff"
        ],
        "Date": [
          "Fri, 15 Jan 2021 12:35:36 GMT"
        ],
        "Content-Length": [
          "659"
        ],
        "Content-Type": [
          "application/json; charset=utf-8"
        ],
        "Expires": [
          "-1"
        ]
      },
      "ResponseBody": "{\r\n  \"id\": \"/subscriptions/69a75bda-882e-44d5-8431-63421204132a/resourceGroups/ps7574/providers/Microsoft.NetApp/netAppAccounts/ps6966\",\r\n  \"name\": \"ps6966\",\r\n  \"type\": \"Microsoft.NetApp/netAppAccounts\",\r\n  \"etag\": \"W/\\\"datetime'2021-01-15T12%3A35%3A35.8989661Z'\\\"\",\r\n  \"location\": \"westus2\",\r\n  \"tags\": {\r\n    \"tag1\": \"tagValue1\"\r\n  },\r\n  \"properties\": {\r\n    \"provisioningState\": \"Succeeded\",\r\n    \"activeDirectories\": [\r\n      {\r\n        \"activeDirectoryId\": \"7fd382c7-5fe2-041e-b2ba-5a4e3661e588\",\r\n        \"username\": \"sdkuser\",\r\n        \"password\": \"****************\",\r\n        \"domain\": \"sdkdomain\",\r\n        \"dns\": \"192.0.2.2\",\r\n        \"status\": \"Created\",\r\n        \"smbServerName\": \"PSSMBSName\",\r\n        \"organizationalUnit\": \"CN=Computers\",\r\n        \"adName\": \"ps4015\",\r\n        \"aesEncryption\": false,\r\n        \"ldapSigning\": false\r\n      }\r\n    ]\r\n  }\r\n}",
      "StatusCode": 200
    },
    {
      "RequestUri": "/subscriptions/69a75bda-882e-44d5-8431-63421204132a/resourceGroups/ps7574/providers/Microsoft.NetApp/netAppAccounts/ps6966?api-version=2020-09-01",
      "EncodedRequestUri": "L3N1YnNjcmlwdGlvbnMvNjlhNzViZGEtODgyZS00NGQ1LTg0MzEtNjM0MjEyMDQxMzJhL3Jlc291cmNlR3JvdXBzL3BzNzU3NC9wcm92aWRlcnMvTWljcm9zb2Z0Lk5ldEFwcC9uZXRBcHBBY2NvdW50cy9wczY5NjY/YXBpLXZlcnNpb249MjAyMC0wOS0wMQ==",
      "RequestMethod": "PATCH",
      "RequestBody": "{\r\n  \"properties\": {\r\n    \"activeDirectories\": [\r\n      {\r\n        \"activeDirectoryId\": \"7fd382c7-5fe2-041e-b2ba-5a4e3661e588\",\r\n        \"username\": \"sdkuser\",\r\n        \"password\": \"sdkpass\",\r\n        \"domain\": \"sdkdomain\",\r\n        \"dns\": \"192.0.2.2\",\r\n        \"smbServerName\": \"PSMBSName2\",\r\n        \"adName\": \"ps4015\",\r\n        \"aesEncryption\": false,\r\n        \"ldapSigning\": false\r\n      }\r\n    ]\r\n  }\r\n}",
      "RequestHeaders": {
        "x-ms-client-request-id": [
          "83373be5-b73b-4e6c-a22f-2ca7bddb6293"
        ],
        "Accept-Language": [
          "en-US"
        ],
        "User-Agent": [
          "FxVersion/4.6.29321.03",
          "OSName/Windows",
          "OSVersion/Microsoft.Windows.10.0.18363.",
          "Microsoft.Azure.Management.NetApp.AzureNetAppFilesManagementClient/1.9.0.0"
        ],
        "Content-Type": [
          "application/json; charset=utf-8"
        ],
        "Content-Length": [
          "408"
        ]
      },
      "ResponseHeaders": {
        "Cache-Control": [
          "no-cache"
        ],
        "Pragma": [
          "no-cache"
        ],
        "ETag": [
          "W/\"datetime'2021-01-15T12%3A35%3A37.8803148Z'\""
        ],
        "x-ms-request-id": [
          "4132036b-f014-4e23-a060-a035fb857337"
        ],
        "Request-Context": [
          "appId=cid-v1:2c4cb680-0a1f-424d-bb8d-8e650ba68d53"
        ],
        "Access-Control-Expose-Headers": [
          "Request-Context"
        ],
        "Server": [
          "Microsoft-IIS/10.0"
        ],
        "X-Powered-By": [
          "ASP.NET"
        ],
        "x-ms-ratelimit-remaining-subscription-writes": [
          "1197"
        ],
        "x-ms-correlation-request-id": [
          "ff3ea587-0673-48a9-b6ee-38a72ff1c953"
        ],
        "x-ms-routing-request-id": [
          "FRANCESOUTH:20210115T123538Z:ff3ea587-0673-48a9-b6ee-38a72ff1c953"
        ],
        "Strict-Transport-Security": [
          "max-age=31536000; includeSubDomains"
        ],
        "X-Content-Type-Options": [
          "nosniff"
        ],
        "Date": [
          "Fri, 15 Jan 2021 12:35:38 GMT"
        ],
        "Content-Length": [
          "659"
        ],
        "Content-Type": [
          "application/json; charset=utf-8"
        ],
        "Expires": [
          "-1"
        ]
      },
      "ResponseBody": "{\r\n  \"id\": \"/subscriptions/69a75bda-882e-44d5-8431-63421204132a/resourceGroups/ps7574/providers/Microsoft.NetApp/netAppAccounts/ps6966\",\r\n  \"name\": \"ps6966\",\r\n  \"type\": \"Microsoft.NetApp/netAppAccounts\",\r\n  \"etag\": \"W/\\\"datetime'2021-01-15T12%3A35%3A37.8803148Z'\\\"\",\r\n  \"location\": \"westus2\",\r\n  \"tags\": {\r\n    \"tag1\": \"tagValue1\"\r\n  },\r\n  \"properties\": {\r\n    \"provisioningState\": \"Succeeded\",\r\n    \"activeDirectories\": [\r\n      {\r\n        \"activeDirectoryId\": \"7fd382c7-5fe2-041e-b2ba-5a4e3661e588\",\r\n        \"username\": \"sdkuser\",\r\n        \"password\": \"****************\",\r\n        \"domain\": \"sdkdomain\",\r\n        \"dns\": \"192.0.2.2\",\r\n        \"status\": \"Created\",\r\n        \"smbServerName\": \"PSMBSName2\",\r\n        \"organizationalUnit\": \"CN=Computers\",\r\n        \"adName\": \"ps4015\",\r\n        \"aesEncryption\": false,\r\n        \"ldapSigning\": false\r\n      }\r\n    ]\r\n  }\r\n}",
      "StatusCode": 200
    },
    {
      "RequestUri": "/subscriptions/69a75bda-882e-44d5-8431-63421204132a/resourcegroups/ps7574?api-version=2016-09-01",
      "EncodedRequestUri": "L3N1YnNjcmlwdGlvbnMvNjlhNzViZGEtODgyZS00NGQ1LTg0MzEtNjM0MjEyMDQxMzJhL3Jlc291cmNlZ3JvdXBzL3BzNzU3ND9hcGktdmVyc2lvbj0yMDE2LTA5LTAx",
      "RequestMethod": "DELETE",
      "RequestBody": "",
      "RequestHeaders": {
        "x-ms-client-request-id": [
          "fa2a98e2-183f-4347-9844-dc2ec41b7c60"
        ],
        "Accept-Language": [
          "en-US"
        ],
        "User-Agent": [
          "FxVersion/4.6.29321.03",
          "OSName/Windows",
          "OSVersion/Microsoft.Windows.10.0.18363.",
          "Microsoft.Azure.Management.Internal.Resources.ResourceManagementClient/1.3.30"
        ]
      },
      "ResponseHeaders": {
        "Cache-Control": [
          "no-cache"
        ],
        "Pragma": [
          "no-cache"
        ],
        "Location": [
          "https://management.azure.com/subscriptions/69a75bda-882e-44d5-8431-63421204132a/operationresults/eyJqb2JJZCI6IlJFU09VUkNFR1JPVVBERUxFVElPTkpPQi1QUzc1NzQtV0VTVFVTMiIsImpvYkxvY2F0aW9uIjoid2VzdHVzMiJ9?api-version=2016-09-01"
        ],
        "Retry-After": [
          "15"
        ],
        "x-ms-ratelimit-remaining-subscription-deletes": [
          "14999"
        ],
        "x-ms-request-id": [
          "8dfc218c-be00-48b3-b932-94e5b32fbfd2"
        ],
        "x-ms-correlation-request-id": [
          "8dfc218c-be00-48b3-b932-94e5b32fbfd2"
        ],
        "x-ms-routing-request-id": [
          "FRANCESOUTH:20210115T123558Z:8dfc218c-be00-48b3-b932-94e5b32fbfd2"
        ],
        "Strict-Transport-Security": [
          "max-age=31536000; includeSubDomains"
        ],
        "X-Content-Type-Options": [
          "nosniff"
        ],
        "Date": [
          "Fri, 15 Jan 2021 12:35:57 GMT"
        ],
        "Expires": [
          "-1"
        ],
        "Content-Length": [
          "0"
        ]
      },
      "ResponseBody": "",
      "StatusCode": 202
    },
    {
      "RequestUri": "/subscriptions/69a75bda-882e-44d5-8431-63421204132a/operationresults/eyJqb2JJZCI6IlJFU09VUkNFR1JPVVBERUxFVElPTkpPQi1QUzc1NzQtV0VTVFVTMiIsImpvYkxvY2F0aW9uIjoid2VzdHVzMiJ9?api-version=2016-09-01",
      "EncodedRequestUri": "L3N1YnNjcmlwdGlvbnMvNjlhNzViZGEtODgyZS00NGQ1LTg0MzEtNjM0MjEyMDQxMzJhL29wZXJhdGlvbnJlc3VsdHMvZXlKcWIySkpaQ0k2SWxKRlUwOVZVa05GUjFKUFZWQkVSVXhGVkVsUFRrcFBRaTFRVXpjMU56UXRWMFZUVkZWVE1pSXNJbXB2WWt4dlkyRjBhVzl1SWpvaWQyVnpkSFZ6TWlKOT9hcGktdmVyc2lvbj0yMDE2LTA5LTAx",
      "RequestMethod": "GET",
      "RequestBody": "",
      "RequestHeaders": {
        "User-Agent": [
          "FxVersion/4.6.29321.03",
          "OSName/Windows",
          "OSVersion/Microsoft.Windows.10.0.18363.",
          "Microsoft.Azure.Management.Internal.Resources.ResourceManagementClient/1.3.30"
        ]
      },
      "ResponseHeaders": {
        "Cache-Control": [
          "no-cache"
        ],
        "Pragma": [
          "no-cache"
        ],
        "Location": [
          "https://management.azure.com/subscriptions/69a75bda-882e-44d5-8431-63421204132a/operationresults/eyJqb2JJZCI6IlJFU09VUkNFR1JPVVBERUxFVElPTkpPQi1QUzc1NzQtV0VTVFVTMiIsImpvYkxvY2F0aW9uIjoid2VzdHVzMiJ9?api-version=2016-09-01"
        ],
        "Retry-After": [
          "15"
        ],
        "x-ms-ratelimit-remaining-subscription-reads": [
          "11999"
        ],
        "x-ms-request-id": [
          "2fc4c485-6099-4993-85f3-acbc79784be5"
        ],
        "x-ms-correlation-request-id": [
          "2fc4c485-6099-4993-85f3-acbc79784be5"
        ],
        "x-ms-routing-request-id": [
          "FRANCESOUTH:20210115T123613Z:2fc4c485-6099-4993-85f3-acbc79784be5"
        ],
        "Strict-Transport-Security": [
          "max-age=31536000; includeSubDomains"
        ],
        "X-Content-Type-Options": [
          "nosniff"
        ],
        "Date": [
          "Fri, 15 Jan 2021 12:36:12 GMT"
        ],
        "Expires": [
          "-1"
        ],
        "Content-Length": [
          "0"
        ]
      },
      "ResponseBody": "",
      "StatusCode": 202
    },
    {
      "RequestUri": "/subscriptions/69a75bda-882e-44d5-8431-63421204132a/operationresults/eyJqb2JJZCI6IlJFU09VUkNFR1JPVVBERUxFVElPTkpPQi1QUzc1NzQtV0VTVFVTMiIsImpvYkxvY2F0aW9uIjoid2VzdHVzMiJ9?api-version=2016-09-01",
      "EncodedRequestUri": "L3N1YnNjcmlwdGlvbnMvNjlhNzViZGEtODgyZS00NGQ1LTg0MzEtNjM0MjEyMDQxMzJhL29wZXJhdGlvbnJlc3VsdHMvZXlKcWIySkpaQ0k2SWxKRlUwOVZVa05GUjFKUFZWQkVSVXhGVkVsUFRrcFBRaTFRVXpjMU56UXRWMFZUVkZWVE1pSXNJbXB2WWt4dlkyRjBhVzl1SWpvaWQyVnpkSFZ6TWlKOT9hcGktdmVyc2lvbj0yMDE2LTA5LTAx",
      "RequestMethod": "GET",
      "RequestBody": "",
      "RequestHeaders": {
        "User-Agent": [
          "FxVersion/4.6.29321.03",
          "OSName/Windows",
          "OSVersion/Microsoft.Windows.10.0.18363.",
          "Microsoft.Azure.Management.Internal.Resources.ResourceManagementClient/1.3.30"
        ]
      },
      "ResponseHeaders": {
        "Cache-Control": [
          "no-cache"
        ],
        "Pragma": [
          "no-cache"
        ],
        "Location": [
          "https://management.azure.com/subscriptions/69a75bda-882e-44d5-8431-63421204132a/operationresults/eyJqb2JJZCI6IlJFU09VUkNFR1JPVVBERUxFVElPTkpPQi1QUzc1NzQtV0VTVFVTMiIsImpvYkxvY2F0aW9uIjoid2VzdHVzMiJ9?api-version=2016-09-01"
        ],
        "Retry-After": [
          "15"
        ],
        "x-ms-ratelimit-remaining-subscription-reads": [
          "11998"
        ],
        "x-ms-request-id": [
          "557e4030-3f85-4916-a541-5c9a4c139af4"
        ],
        "x-ms-correlation-request-id": [
          "557e4030-3f85-4916-a541-5c9a4c139af4"
        ],
        "x-ms-routing-request-id": [
          "FRANCESOUTH:20210115T123628Z:557e4030-3f85-4916-a541-5c9a4c139af4"
        ],
        "Strict-Transport-Security": [
          "max-age=31536000; includeSubDomains"
        ],
        "X-Content-Type-Options": [
          "nosniff"
        ],
        "Date": [
          "Fri, 15 Jan 2021 12:36:27 GMT"
        ],
        "Expires": [
          "-1"
        ],
        "Content-Length": [
          "0"
        ]
      },
      "ResponseBody": "",
      "StatusCode": 202
    },
    {
      "RequestUri": "/subscriptions/69a75bda-882e-44d5-8431-63421204132a/operationresults/eyJqb2JJZCI6IlJFU09VUkNFR1JPVVBERUxFVElPTkpPQi1QUzc1NzQtV0VTVFVTMiIsImpvYkxvY2F0aW9uIjoid2VzdHVzMiJ9?api-version=2016-09-01",
      "EncodedRequestUri": "L3N1YnNjcmlwdGlvbnMvNjlhNzViZGEtODgyZS00NGQ1LTg0MzEtNjM0MjEyMDQxMzJhL29wZXJhdGlvbnJlc3VsdHMvZXlKcWIySkpaQ0k2SWxKRlUwOVZVa05GUjFKUFZWQkVSVXhGVkVsUFRrcFBRaTFRVXpjMU56UXRWMFZUVkZWVE1pSXNJbXB2WWt4dlkyRjBhVzl1SWpvaWQyVnpkSFZ6TWlKOT9hcGktdmVyc2lvbj0yMDE2LTA5LTAx",
      "RequestMethod": "GET",
      "RequestBody": "",
      "RequestHeaders": {
        "User-Agent": [
          "FxVersion/4.6.29321.03",
          "OSName/Windows",
          "OSVersion/Microsoft.Windows.10.0.18363.",
          "Microsoft.Azure.Management.Internal.Resources.ResourceManagementClient/1.3.30"
        ]
      },
      "ResponseHeaders": {
        "Cache-Control": [
          "no-cache"
        ],
        "Pragma": [
          "no-cache"
        ],
        "Location": [
          "https://management.azure.com/subscriptions/69a75bda-882e-44d5-8431-63421204132a/operationresults/eyJqb2JJZCI6IlJFU09VUkNFR1JPVVBERUxFVElPTkpPQi1QUzc1NzQtV0VTVFVTMiIsImpvYkxvY2F0aW9uIjoid2VzdHVzMiJ9?api-version=2016-09-01"
        ],
        "Retry-After": [
          "15"
        ],
        "x-ms-ratelimit-remaining-subscription-reads": [
          "11997"
        ],
        "x-ms-request-id": [
          "8acea39d-ccde-4fa3-8bc5-805aa9f1f640"
        ],
        "x-ms-correlation-request-id": [
          "8acea39d-ccde-4fa3-8bc5-805aa9f1f640"
        ],
        "x-ms-routing-request-id": [
          "FRANCESOUTH:20210115T123644Z:8acea39d-ccde-4fa3-8bc5-805aa9f1f640"
        ],
        "Strict-Transport-Security": [
          "max-age=31536000; includeSubDomains"
        ],
        "X-Content-Type-Options": [
          "nosniff"
        ],
        "Date": [
          "Fri, 15 Jan 2021 12:36:44 GMT"
        ],
        "Expires": [
          "-1"
        ],
        "Content-Length": [
          "0"
        ]
      },
      "ResponseBody": "",
      "StatusCode": 202
    },
    {
      "RequestUri": "/subscriptions/69a75bda-882e-44d5-8431-63421204132a/operationresults/eyJqb2JJZCI6IlJFU09VUkNFR1JPVVBERUxFVElPTkpPQi1QUzc1NzQtV0VTVFVTMiIsImpvYkxvY2F0aW9uIjoid2VzdHVzMiJ9?api-version=2016-09-01",
      "EncodedRequestUri": "L3N1YnNjcmlwdGlvbnMvNjlhNzViZGEtODgyZS00NGQ1LTg0MzEtNjM0MjEyMDQxMzJhL29wZXJhdGlvbnJlc3VsdHMvZXlKcWIySkpaQ0k2SWxKRlUwOVZVa05GUjFKUFZWQkVSVXhGVkVsUFRrcFBRaTFRVXpjMU56UXRWMFZUVkZWVE1pSXNJbXB2WWt4dlkyRjBhVzl1SWpvaWQyVnpkSFZ6TWlKOT9hcGktdmVyc2lvbj0yMDE2LTA5LTAx",
      "RequestMethod": "GET",
      "RequestBody": "",
      "RequestHeaders": {
        "User-Agent": [
          "FxVersion/4.6.29321.03",
          "OSName/Windows",
          "OSVersion/Microsoft.Windows.10.0.18363.",
          "Microsoft.Azure.Management.Internal.Resources.ResourceManagementClient/1.3.30"
        ]
      },
      "ResponseHeaders": {
        "Cache-Control": [
          "no-cache"
        ],
        "Pragma": [
          "no-cache"
        ],
        "Location": [
          "https://management.azure.com/subscriptions/69a75bda-882e-44d5-8431-63421204132a/operationresults/eyJqb2JJZCI6IlJFU09VUkNFR1JPVVBERUxFVElPTkpPQi1QUzc1NzQtV0VTVFVTMiIsImpvYkxvY2F0aW9uIjoid2VzdHVzMiJ9?api-version=2016-09-01"
        ],
        "Retry-After": [
          "15"
        ],
        "x-ms-ratelimit-remaining-subscription-reads": [
          "11996"
        ],
        "x-ms-request-id": [
          "b24191d9-6cd3-48a8-874d-ada9fd0d055a"
        ],
        "x-ms-correlation-request-id": [
          "b24191d9-6cd3-48a8-874d-ada9fd0d055a"
        ],
        "x-ms-routing-request-id": [
          "FRANCESOUTH:20210115T123659Z:b24191d9-6cd3-48a8-874d-ada9fd0d055a"
        ],
        "Strict-Transport-Security": [
          "max-age=31536000; includeSubDomains"
        ],
        "X-Content-Type-Options": [
          "nosniff"
        ],
        "Date": [
          "Fri, 15 Jan 2021 12:36:59 GMT"
        ],
        "Expires": [
          "-1"
        ],
        "Content-Length": [
          "0"
        ]
      },
      "ResponseBody": "",
      "StatusCode": 202
    },
    {
      "RequestUri": "/subscriptions/69a75bda-882e-44d5-8431-63421204132a/operationresults/eyJqb2JJZCI6IlJFU09VUkNFR1JPVVBERUxFVElPTkpPQi1QUzc1NzQtV0VTVFVTMiIsImpvYkxvY2F0aW9uIjoid2VzdHVzMiJ9?api-version=2016-09-01",
      "EncodedRequestUri": "L3N1YnNjcmlwdGlvbnMvNjlhNzViZGEtODgyZS00NGQ1LTg0MzEtNjM0MjEyMDQxMzJhL29wZXJhdGlvbnJlc3VsdHMvZXlKcWIySkpaQ0k2SWxKRlUwOVZVa05GUjFKUFZWQkVSVXhGVkVsUFRrcFBRaTFRVXpjMU56UXRWMFZUVkZWVE1pSXNJbXB2WWt4dlkyRjBhVzl1SWpvaWQyVnpkSFZ6TWlKOT9hcGktdmVyc2lvbj0yMDE2LTA5LTAx",
      "RequestMethod": "GET",
      "RequestBody": "",
      "RequestHeaders": {
        "User-Agent": [
          "FxVersion/4.6.29321.03",
          "OSName/Windows",
          "OSVersion/Microsoft.Windows.10.0.18363.",
          "Microsoft.Azure.Management.Internal.Resources.ResourceManagementClient/1.3.30"
        ]
      },
      "ResponseHeaders": {
        "Cache-Control": [
          "no-cache"
        ],
        "Pragma": [
          "no-cache"
        ],
        "Location": [
          "https://management.azure.com/subscriptions/69a75bda-882e-44d5-8431-63421204132a/operationresults/eyJqb2JJZCI6IlJFU09VUkNFR1JPVVBERUxFVElPTkpPQi1QUzc1NzQtV0VTVFVTMiIsImpvYkxvY2F0aW9uIjoid2VzdHVzMiJ9?api-version=2016-09-01"
        ],
        "Retry-After": [
          "15"
        ],
        "x-ms-ratelimit-remaining-subscription-reads": [
          "11995"
        ],
        "x-ms-request-id": [
          "52ce3e6c-5f34-4110-8e9c-bb23a999d582"
        ],
        "x-ms-correlation-request-id": [
          "52ce3e6c-5f34-4110-8e9c-bb23a999d582"
        ],
        "x-ms-routing-request-id": [
          "FRANCESOUTH:20210115T123715Z:52ce3e6c-5f34-4110-8e9c-bb23a999d582"
        ],
        "Strict-Transport-Security": [
          "max-age=31536000; includeSubDomains"
        ],
        "X-Content-Type-Options": [
          "nosniff"
        ],
        "Date": [
          "Fri, 15 Jan 2021 12:37:14 GMT"
        ],
        "Expires": [
          "-1"
        ],
        "Content-Length": [
          "0"
        ]
      },
      "ResponseBody": "",
      "StatusCode": 202
    },
    {
      "RequestUri": "/subscriptions/69a75bda-882e-44d5-8431-63421204132a/operationresults/eyJqb2JJZCI6IlJFU09VUkNFR1JPVVBERUxFVElPTkpPQi1QUzc1NzQtV0VTVFVTMiIsImpvYkxvY2F0aW9uIjoid2VzdHVzMiJ9?api-version=2016-09-01",
      "EncodedRequestUri": "L3N1YnNjcmlwdGlvbnMvNjlhNzViZGEtODgyZS00NGQ1LTg0MzEtNjM0MjEyMDQxMzJhL29wZXJhdGlvbnJlc3VsdHMvZXlKcWIySkpaQ0k2SWxKRlUwOVZVa05GUjFKUFZWQkVSVXhGVkVsUFRrcFBRaTFRVXpjMU56UXRWMFZUVkZWVE1pSXNJbXB2WWt4dlkyRjBhVzl1SWpvaWQyVnpkSFZ6TWlKOT9hcGktdmVyc2lvbj0yMDE2LTA5LTAx",
      "RequestMethod": "GET",
      "RequestBody": "",
      "RequestHeaders": {
        "User-Agent": [
          "FxVersion/4.6.29321.03",
          "OSName/Windows",
          "OSVersion/Microsoft.Windows.10.0.18363.",
          "Microsoft.Azure.Management.Internal.Resources.ResourceManagementClient/1.3.30"
        ]
      },
      "ResponseHeaders": {
        "Cache-Control": [
          "no-cache"
        ],
        "Pragma": [
          "no-cache"
        ],
        "Location": [
          "https://management.azure.com/subscriptions/69a75bda-882e-44d5-8431-63421204132a/operationresults/eyJqb2JJZCI6IlJFU09VUkNFR1JPVVBERUxFVElPTkpPQi1QUzc1NzQtV0VTVFVTMiIsImpvYkxvY2F0aW9uIjoid2VzdHVzMiJ9?api-version=2016-09-01"
        ],
        "Retry-After": [
          "15"
        ],
        "x-ms-ratelimit-remaining-subscription-reads": [
          "11994"
        ],
        "x-ms-request-id": [
          "0262ae40-7a21-4018-9083-e26e56e1c18e"
        ],
        "x-ms-correlation-request-id": [
          "0262ae40-7a21-4018-9083-e26e56e1c18e"
        ],
        "x-ms-routing-request-id": [
          "FRANCESOUTH:20210115T123730Z:0262ae40-7a21-4018-9083-e26e56e1c18e"
        ],
        "Strict-Transport-Security": [
          "max-age=31536000; includeSubDomains"
        ],
        "X-Content-Type-Options": [
          "nosniff"
        ],
        "Date": [
          "Fri, 15 Jan 2021 12:37:30 GMT"
        ],
        "Expires": [
          "-1"
        ],
        "Content-Length": [
          "0"
        ]
      },
      "ResponseBody": "",
      "StatusCode": 202
    },
    {
      "RequestUri": "/subscriptions/69a75bda-882e-44d5-8431-63421204132a/operationresults/eyJqb2JJZCI6IlJFU09VUkNFR1JPVVBERUxFVElPTkpPQi1QUzc1NzQtV0VTVFVTMiIsImpvYkxvY2F0aW9uIjoid2VzdHVzMiJ9?api-version=2016-09-01",
      "EncodedRequestUri": "L3N1YnNjcmlwdGlvbnMvNjlhNzViZGEtODgyZS00NGQ1LTg0MzEtNjM0MjEyMDQxMzJhL29wZXJhdGlvbnJlc3VsdHMvZXlKcWIySkpaQ0k2SWxKRlUwOVZVa05GUjFKUFZWQkVSVXhGVkVsUFRrcFBRaTFRVXpjMU56UXRWMFZUVkZWVE1pSXNJbXB2WWt4dlkyRjBhVzl1SWpvaWQyVnpkSFZ6TWlKOT9hcGktdmVyc2lvbj0yMDE2LTA5LTAx",
      "RequestMethod": "GET",
      "RequestBody": "",
      "RequestHeaders": {
        "User-Agent": [
          "FxVersion/4.6.29321.03",
          "OSName/Windows",
          "OSVersion/Microsoft.Windows.10.0.18363.",
          "Microsoft.Azure.Management.Internal.Resources.ResourceManagementClient/1.3.30"
        ]
      },
      "ResponseHeaders": {
        "Cache-Control": [
          "no-cache"
        ],
        "Pragma": [
          "no-cache"
        ],
        "x-ms-ratelimit-remaining-subscription-reads": [
          "11993"
        ],
        "x-ms-request-id": [
          "c8c06244-3ef7-4b83-ac01-dae9f8a66e06"
        ],
        "x-ms-correlation-request-id": [
          "c8c06244-3ef7-4b83-ac01-dae9f8a66e06"
        ],
        "x-ms-routing-request-id": [
          "FRANCESOUTH:20210115T123745Z:c8c06244-3ef7-4b83-ac01-dae9f8a66e06"
        ],
        "Strict-Transport-Security": [
          "max-age=31536000; includeSubDomains"
        ],
        "X-Content-Type-Options": [
          "nosniff"
        ],
        "Date": [
          "Fri, 15 Jan 2021 12:37:45 GMT"
        ],
        "Expires": [
          "-1"
        ],
        "Content-Length": [
          "0"
        ]
      },
      "ResponseBody": "",
      "StatusCode": 200
    },
    {
      "RequestUri": "/subscriptions/69a75bda-882e-44d5-8431-63421204132a/operationresults/eyJqb2JJZCI6IlJFU09VUkNFR1JPVVBERUxFVElPTkpPQi1QUzc1NzQtV0VTVFVTMiIsImpvYkxvY2F0aW9uIjoid2VzdHVzMiJ9?api-version=2016-09-01",
      "EncodedRequestUri": "L3N1YnNjcmlwdGlvbnMvNjlhNzViZGEtODgyZS00NGQ1LTg0MzEtNjM0MjEyMDQxMzJhL29wZXJhdGlvbnJlc3VsdHMvZXlKcWIySkpaQ0k2SWxKRlUwOVZVa05GUjFKUFZWQkVSVXhGVkVsUFRrcFBRaTFRVXpjMU56UXRWMFZUVkZWVE1pSXNJbXB2WWt4dlkyRjBhVzl1SWpvaWQyVnpkSFZ6TWlKOT9hcGktdmVyc2lvbj0yMDE2LTA5LTAx",
      "RequestMethod": "GET",
      "RequestBody": "",
      "RequestHeaders": {
        "User-Agent": [
          "FxVersion/4.6.29321.03",
          "OSName/Windows",
          "OSVersion/Microsoft.Windows.10.0.18363.",
          "Microsoft.Azure.Management.Internal.Resources.ResourceManagementClient/1.3.30"
        ]
      },
      "ResponseHeaders": {
        "Cache-Control": [
          "no-cache"
        ],
        "Pragma": [
          "no-cache"
        ],
        "x-ms-ratelimit-remaining-subscription-reads": [
          "11992"
        ],
        "x-ms-request-id": [
          "f0c98824-9eea-4f6f-a275-844429a28867"
        ],
        "x-ms-correlation-request-id": [
          "f0c98824-9eea-4f6f-a275-844429a28867"
        ],
        "x-ms-routing-request-id": [
          "FRANCESOUTH:20210115T123746Z:f0c98824-9eea-4f6f-a275-844429a28867"
        ],
        "Strict-Transport-Security": [
          "max-age=31536000; includeSubDomains"
        ],
        "X-Content-Type-Options": [
          "nosniff"
        ],
        "Date": [
          "Fri, 15 Jan 2021 12:37:45 GMT"
        ],
        "Expires": [
          "-1"
        ],
        "Content-Length": [
          "0"
        ]
      },
      "ResponseBody": "",
      "StatusCode": 200
    }
  ],
  "Names": {
    "Test-ActiveDirectoryCrud": [
      "ps7574",
      "ps6966",
      "ps4015",
      "ps2907",
      "ps8845"
    ]
  },
  "Variables": {
    "SubscriptionId": "69a75bda-882e-44d5-8431-63421204132a"
  }
}