{
  "Entries": [
    {
      "RequestUri": "/subscriptions/47f4bc68-6fe4-43a2-be8b-dfd0e290efa2/providers/Microsoft.Resources?api-version=2016-09-01",
      "EncodedRequestUri": "L3N1YnNjcmlwdGlvbnMvNDdmNGJjNjgtNmZlNC00M2EyLWJlOGItZGZkMGUyOTBlZmEyL3Byb3ZpZGVycy9NaWNyb3NvZnQuUmVzb3VyY2VzP2FwaS12ZXJzaW9uPTIwMTYtMDktMDE=",
      "RequestMethod": "GET",
      "RequestBody": "",
      "RequestHeaders": {
        "x-ms-client-request-id": [
          "91f66e49-0ecd-485c-ae1a-b73b239c2b62"
        ],
        "Accept-Language": [
          "en-US"
        ],
        "User-Agent": [
          "FxVersion/4.6.27129.04",
          "OSName/Windows",
          "OSVersion/Microsoft.Windows.10.0.14393.",
          "Microsoft.Azure.Management.Internal.Resources.ResourceManagementClient/1.1.18"
        ]
      },
      "ResponseHeaders": {
        "Cache-Control": [
          "no-cache"
        ],
        "Pragma": [
          "no-cache"
        ],
        "x-ms-ratelimit-remaining-subscription-reads": [
          "11999"
        ],
        "x-ms-request-id": [
          "dec681d7-9772-47c3-a0b2-e17bd8e99c64"
        ],
        "x-ms-correlation-request-id": [
          "dec681d7-9772-47c3-a0b2-e17bd8e99c64"
        ],
        "x-ms-routing-request-id": [
          "WESTUS2:20190327T002005Z:dec681d7-9772-47c3-a0b2-e17bd8e99c64"
        ],
        "Strict-Transport-Security": [
          "max-age=31536000; includeSubDomains"
        ],
        "X-Content-Type-Options": [
          "nosniff"
        ],
        "Date": [
          "Wed, 27 Mar 2019 00:20:04 GMT"
        ],
        "Content-Type": [
          "application/json; charset=utf-8"
        ],
        "Expires": [
          "-1"
        ],
        "Content-Length": [
          "7478"
        ]
      },
      "ResponseBody": "{\r\n  \"id\": \"/subscriptions/47f4bc68-6fe4-43a2-be8b-dfd0e290efa2/providers/Microsoft.Resources\",\r\n  \"namespace\": \"Microsoft.Resources\",\r\n  \"resourceTypes\": [\r\n    {\r\n      \"resourceType\": \"tenants\",\r\n      \"locations\": [],\r\n      \"apiVersions\": [\r\n        \"2018-11-01\",\r\n        \"2018-09-01\",\r\n        \"2018-08-01\",\r\n        \"2018-07-01\",\r\n        \"2018-05-01\",\r\n        \"2018-02-01\",\r\n        \"2018-01-01\",\r\n        \"2017-08-01\",\r\n        \"2017-06-01\",\r\n        \"2017-05-10\",\r\n        \"2017-05-01\",\r\n        \"2017-03-01\",\r\n        \"2016-09-01\",\r\n        \"2016-07-01\",\r\n        \"2016-06-01\",\r\n        \"2016-02-01\",\r\n        \"2015-11-01\",\r\n        \"2015-01-01\",\r\n        \"2014-04-01-preview\"\r\n      ]\r\n    },\r\n    {\r\n      \"resourceType\": \"locations\",\r\n      \"locations\": [],\r\n      \"apiVersions\": [\r\n        \"2018-11-01\",\r\n        \"2018-09-01\",\r\n        \"2018-08-01\",\r\n        \"2018-07-01\",\r\n        \"2018-05-01\",\r\n        \"2018-02-01\",\r\n        \"2018-01-01\",\r\n        \"2017-08-01\",\r\n        \"2017-06-01\",\r\n        \"2017-05-10\",\r\n        \"2017-05-01\",\r\n        \"2017-03-01\",\r\n        \"2016-09-01\",\r\n        \"2016-07-01\",\r\n        \"2016-06-01\",\r\n        \"2016-02-01\",\r\n        \"2015-11-01\",\r\n        \"2015-01-01\",\r\n        \"2014-04-01-preview\"\r\n      ]\r\n    },\r\n    {\r\n      \"resourceType\": \"notifyResourceJobs\",\r\n      \"locations\": [],\r\n      \"apiVersions\": [\r\n        \"2018-02-01\"\r\n      ]\r\n    },\r\n    {\r\n      \"resourceType\": \"tags\",\r\n      \"locations\": [],\r\n      \"apiVersions\": [\r\n        \"2018-11-01\"\r\n      ]\r\n    },\r\n    {\r\n      \"resourceType\": \"checkPolicyCompliance\",\r\n      \"locations\": [],\r\n      \"apiVersions\": [\r\n        \"2018-11-01\",\r\n        \"2018-09-01\",\r\n        \"2018-08-01\",\r\n        \"2018-07-01\",\r\n        \"2018-05-01\",\r\n        \"2018-02-01\",\r\n        \"2018-01-01\",\r\n        \"2017-08-01\",\r\n        \"2017-06-01\",\r\n        \"2017-05-10\",\r\n        \"2017-05-01\",\r\n        \"2017-03-01\",\r\n        \"2016-09-01\",\r\n        \"2016-07-01\",\r\n        \"2016-06-01\",\r\n        \"2016-02-01\",\r\n        \"2015-11-01\",\r\n        \"2015-01-01\",\r\n        \"2014-04-01-preview\"\r\n      ]\r\n    },\r\n    {\r\n      \"resourceType\": \"providers\",\r\n      \"locations\": [],\r\n      \"apiVersions\": [\r\n        \"2019-03-01\",\r\n        \"2018-11-01\",\r\n        \"2018-09-01\",\r\n        \"2018-08-01\",\r\n        \"2018-07-01\",\r\n        \"2018-05-01\",\r\n        \"2018-02-01\",\r\n        \"2018-01-01\",\r\n        \"2017-08-01\",\r\n        \"2017-06-01\",\r\n        \"2017-05-10\",\r\n        \"2017-05-01\",\r\n        \"2017-03-01\",\r\n        \"2016-09-01\",\r\n        \"2016-07-01\",\r\n        \"2016-06-01\",\r\n        \"2016-02-01\",\r\n        \"2015-11-01\",\r\n        \"2015-01-01\",\r\n        \"2014-04-01-preview\"\r\n      ]\r\n    },\r\n    {\r\n      \"resourceType\": \"checkresourcename\",\r\n      \"locations\": [],\r\n      \"apiVersions\": [\r\n        \"2018-11-01\",\r\n        \"2018-09-01\",\r\n        \"2018-08-01\",\r\n        \"2018-07-01\",\r\n        \"2018-05-01\",\r\n        \"2018-02-01\",\r\n        \"2018-01-01\",\r\n        \"2017-08-01\",\r\n        \"2017-06-01\",\r\n        \"2017-05-10\",\r\n        \"2017-05-01\",\r\n        \"2017-03-01\",\r\n        \"2016-09-01\",\r\n        \"2016-07-01\",\r\n        \"2016-06-01\",\r\n        \"2016-02-01\",\r\n        \"2015-11-01\",\r\n        \"2015-01-01\",\r\n        \"2014-04-01-preview\"\r\n      ]\r\n    },\r\n    {\r\n      \"resourceType\": \"resources\",\r\n      \"locations\": [],\r\n      \"apiVersions\": [\r\n        \"2018-11-01\",\r\n        \"2018-09-01\",\r\n        \"2018-08-01\",\r\n        \"2018-07-01\",\r\n        \"2018-05-01\",\r\n        \"2018-02-01\",\r\n        \"2018-01-01\",\r\n        \"2017-08-01\",\r\n        \"2017-06-01\",\r\n        \"2017-05-10\",\r\n        \"2017-05-01\",\r\n        \"2017-03-01\",\r\n        \"2016-09-01\",\r\n        \"2016-07-01\",\r\n        \"2016-06-01\",\r\n        \"2016-02-01\",\r\n        \"2015-11-01\",\r\n        \"2015-01-01\",\r\n        \"2014-04-01-preview\"\r\n      ]\r\n    },\r\n    {\r\n      \"resourceType\": \"subscriptions\",\r\n      \"locations\": [],\r\n      \"apiVersions\": [\r\n        \"2018-11-01\",\r\n        \"2018-09-01\",\r\n        \"2018-08-01\",\r\n        \"2018-07-01\",\r\n        \"2018-05-01\",\r\n        \"2018-02-01\",\r\n        \"2018-01-01\",\r\n        \"2017-08-01\",\r\n        \"2017-06-01\",\r\n        \"2017-05-10\",\r\n        \"2017-05-01\",\r\n        \"2017-03-01\",\r\n        \"2016-09-01\",\r\n        \"2016-07-01\",\r\n        \"2016-06-01\",\r\n        \"2016-02-01\",\r\n        \"2015-11-01\",\r\n        \"2015-01-01\",\r\n        \"2014-04-01-preview\"\r\n      ]\r\n    },\r\n    {\r\n      \"resourceType\": \"subscriptions/resources\",\r\n      \"locations\": [],\r\n      \"apiVersions\": [\r\n        \"2018-11-01\",\r\n        \"2018-09-01\",\r\n        \"2018-08-01\",\r\n        \"2018-07-01\",\r\n        \"2018-05-01\",\r\n        \"2018-02-01\",\r\n        \"2018-01-01\",\r\n        \"2017-08-01\",\r\n        \"2017-06-01\",\r\n        \"2017-05-10\",\r\n        \"2017-05-01\",\r\n        \"2017-03-01\",\r\n        \"2016-09-01\",\r\n        \"2016-07-01\",\r\n        \"2016-06-01\",\r\n        \"2016-02-01\",\r\n        \"2015-11-01\",\r\n        \"2015-01-01\",\r\n        \"2014-04-01-preview\"\r\n      ]\r\n    },\r\n    {\r\n      \"resourceType\": \"subscriptions/providers\",\r\n      \"locations\": [],\r\n      \"apiVersions\": [\r\n        \"2018-11-01\",\r\n        \"2018-09-01\",\r\n        \"2018-08-01\",\r\n        \"2018-07-01\",\r\n        \"2018-05-01\",\r\n        \"2018-02-01\",\r\n        \"2018-01-01\",\r\n        \"2017-08-01\",\r\n        \"2017-06-01\",\r\n        \"2017-05-10\",\r\n        \"2017-05-01\",\r\n        \"2017-03-01\",\r\n        \"2016-09-01\",\r\n        \"2016-07-01\",\r\n        \"2016-06-01\",\r\n        \"2016-02-01\",\r\n        \"2015-11-01\",\r\n        \"2015-01-01\",\r\n        \"2014-04-01-preview\"\r\n      ]\r\n    },\r\n    {\r\n      \"resourceType\": \"subscriptions/operationresults\",\r\n      \"locations\": [],\r\n      \"apiVersions\": [\r\n        \"2018-11-01\",\r\n        \"2018-09-01\",\r\n        \"2018-08-01\",\r\n        \"2018-07-01\",\r\n        \"2018-05-01\",\r\n        \"2018-02-01\",\r\n        \"2018-01-01\",\r\n        \"2017-08-01\",\r\n        \"2017-06-01\",\r\n        \"2017-05-10\",\r\n        \"2017-05-01\",\r\n        \"2017-03-01\",\r\n        \"2016-09-01\",\r\n        \"2016-07-01\",\r\n        \"2016-06-01\",\r\n        \"2016-02-01\",\r\n        \"2015-11-01\",\r\n        \"2015-01-01\",\r\n        \"2014-04-01-preview\"\r\n      ]\r\n    },\r\n    {\r\n      \"resourceType\": \"resourceGroups\",\r\n      \"locations\": [\r\n        \"Central US\",\r\n        \"East Asia\",\r\n        \"Southeast Asia\",\r\n        \"East US\",\r\n        \"East US 2\",\r\n        \"West US\",\r\n        \"West US 2\",\r\n        \"North Central US\",\r\n        \"South Central US\",\r\n        \"West Central US\",\r\n        \"North Europe\",\r\n        \"West Europe\",\r\n        \"Japan East\",\r\n        \"Japan West\",\r\n        \"Brazil South\",\r\n        \"Australia Southeast\",\r\n        \"Australia East\",\r\n        \"West India\",\r\n        \"South India\",\r\n        \"Central India\",\r\n        \"Canada Central\",\r\n        \"Canada East\",\r\n        \"UK South\",\r\n        \"UK West\",\r\n        \"Korea Central\",\r\n        \"Korea South\",\r\n        \"France Central\",\r\n        \"South Africa North\",\r\n        \"East US 2 EUAP\",\r\n        \"Central US EUAP\"\r\n      ],\r\n      \"apiVersions\": [\r\n        \"2018-11-01\",\r\n        \"2018-09-01\",\r\n        \"2018-08-01\",\r\n        \"2018-07-01\",\r\n        \"2018-05-01\",\r\n        \"2018-02-01\",\r\n        \"2018-01-01\",\r\n        \"2017-08-01\",\r\n        \"2017-06-01\",\r\n        \"2017-05-10\",\r\n        \"2017-05-01\",\r\n        \"2017-03-01\",\r\n        \"2016-09-01\",\r\n        \"2016-07-01\",\r\n        \"2016-06-01\",\r\n        \"2016-02-01\",\r\n        \"2015-11-01\",\r\n        \"2015-01-01\",\r\n        \"2014-04-01-preview\"\r\n      ]\r\n    },\r\n    {\r\n      \"resourceType\": \"subscriptions/resourceGroups\",\r\n      \"locations\": [\r\n        \"Central US\",\r\n        \"East Asia\",\r\n        \"Southeast Asia\",\r\n        \"East US\",\r\n        \"East US 2\",\r\n        \"West US\",\r\n        \"West US 2\",\r\n        \"North Central US\",\r\n        \"South Central US\",\r\n        \"West Central US\",\r\n        \"North Europe\",\r\n        \"West Europe\",\r\n        \"Japan East\",\r\n        \"Japan West\",\r\n        \"Brazil South\",\r\n        \"Australia Southeast\",\r\n        \"Australia East\",\r\n        \"West India\",\r\n        \"South India\",\r\n        \"Central India\",\r\n        \"Canada Central\",\r\n        \"Canada East\",\r\n        \"UK South\",\r\n        \"UK West\",\r\n        \"Korea Central\",\r\n        \"Korea South\",\r\n        \"France Central\",\r\n        \"South Africa North\",\r\n        \"East US 2 EUAP\",\r\n        \"Central US EUAP\"\r\n      ],\r\n      \"apiVersions\": [\r\n        \"2018-11-01\",\r\n        \"2018-09-01\",\r\n        \"2018-08-01\",\r\n        \"2018-07-01\",\r\n        \"2018-05-01\",\r\n        \"2018-02-01\",\r\n        \"2018-01-01\",\r\n        \"2017-08-01\",\r\n        \"2017-06-01\",\r\n        \"2017-05-10\",\r\n        \"2017-05-01\",\r\n        \"2017-03-01\",\r\n        \"2016-09-01\",\r\n        \"2016-07-01\",\r\n        \"2016-06-01\",\r\n        \"2016-02-01\",\r\n        \"2015-11-01\",\r\n        \"2015-01-01\",\r\n        \"2014-04-01-preview\"\r\n      ]\r\n    },\r\n    {\r\n      \"resourceType\": \"subscriptions/resourcegroups/resources\",\r\n      \"locations\": [],\r\n      \"apiVersions\": [\r\n        \"2018-11-01\",\r\n        \"2018-09-01\",\r\n        \"2018-08-01\",\r\n        \"2018-07-01\",\r\n        \"2018-05-01\",\r\n        \"2018-02-01\",\r\n        \"2018-01-01\",\r\n        \"2017-08-01\",\r\n        \"2017-06-01\",\r\n        \"2017-05-10\",\r\n        \"2017-05-01\",\r\n        \"2017-03-01\",\r\n        \"2016-09-01\",\r\n        \"2016-07-01\",\r\n        \"2016-06-01\",\r\n        \"2016-02-01\",\r\n        \"2015-11-01\",\r\n        \"2015-01-01\",\r\n        \"2014-04-01-preview\"\r\n      ]\r\n    },\r\n    {\r\n      \"resourceType\": \"subscriptions/locations\",\r\n      \"locations\": [],\r\n      \"apiVersions\": [\r\n        \"2018-11-01\",\r\n        \"2018-09-01\",\r\n        \"2018-08-01\",\r\n        \"2018-07-01\",\r\n        \"2018-05-01\",\r\n        \"2018-02-01\",\r\n        \"2018-01-01\",\r\n        \"2017-08-01\",\r\n        \"2017-06-01\",\r\n        \"2017-05-10\",\r\n        \"2017-05-01\",\r\n        \"2017-03-01\",\r\n        \"2016-09-01\",\r\n        \"2016-07-01\",\r\n        \"2016-06-01\",\r\n        \"2016-02-01\",\r\n        \"2015-11-01\",\r\n        \"2015-01-01\",\r\n        \"2014-04-01-preview\"\r\n      ]\r\n    },\r\n    {\r\n      \"resourceType\": \"subscriptions/tagnames\",\r\n      \"locations\": [],\r\n      \"apiVersions\": [\r\n        \"2018-11-01\",\r\n        \"2018-09-01\",\r\n        \"2018-08-01\",\r\n        \"2018-07-01\",\r\n        \"2018-05-01\",\r\n        \"2018-02-01\",\r\n        \"2018-01-01\",\r\n        \"2017-08-01\",\r\n        \"2017-06-01\",\r\n        \"2017-05-10\",\r\n        \"2017-05-01\",\r\n        \"2017-03-01\",\r\n        \"2016-09-01\",\r\n        \"2016-07-01\",\r\n        \"2016-06-01\",\r\n        \"2016-02-01\",\r\n        \"2015-11-01\",\r\n        \"2015-01-01\",\r\n        \"2014-04-01-preview\"\r\n      ]\r\n    },\r\n    {\r\n      \"resourceType\": \"subscriptions/tagNames/tagValues\",\r\n      \"locations\": [],\r\n      \"apiVersions\": [\r\n        \"2018-11-01\",\r\n        \"2018-09-01\",\r\n        \"2018-08-01\",\r\n        \"2018-07-01\",\r\n        \"2018-05-01\",\r\n        \"2018-02-01\",\r\n        \"2018-01-01\",\r\n        \"2017-08-01\",\r\n        \"2017-06-01\",\r\n        \"2017-05-10\",\r\n        \"2017-05-01\",\r\n        \"2017-03-01\",\r\n        \"2016-09-01\",\r\n        \"2016-07-01\",\r\n        \"2016-06-01\",\r\n        \"2016-02-01\",\r\n        \"2015-11-01\",\r\n        \"2015-01-01\",\r\n        \"2014-04-01-preview\"\r\n      ]\r\n    },\r\n    {\r\n      \"resourceType\": \"deployments\",\r\n      \"locations\": [],\r\n      \"apiVersions\": [\r\n        \"2018-11-01\",\r\n        \"2018-09-01\",\r\n        \"2018-08-01\",\r\n        \"2018-07-01\",\r\n        \"2018-05-01\",\r\n        \"2018-02-01\",\r\n        \"2018-01-01\",\r\n        \"2017-08-01\",\r\n        \"2017-06-01\",\r\n        \"2017-05-10\",\r\n        \"2017-05-01\",\r\n        \"2017-03-01\",\r\n        \"2016-09-01\",\r\n        \"2016-07-01\",\r\n        \"2016-06-01\",\r\n        \"2016-02-01\",\r\n        \"2015-11-01\",\r\n        \"2015-01-01\",\r\n        \"2014-04-01-preview\"\r\n      ]\r\n    },\r\n    {\r\n      \"resourceType\": \"deployments/operations\",\r\n      \"locations\": [],\r\n      \"apiVersions\": [\r\n        \"2018-11-01\",\r\n        \"2018-09-01\",\r\n        \"2018-08-01\",\r\n        \"2018-07-01\",\r\n        \"2018-05-01\",\r\n        \"2018-02-01\",\r\n        \"2018-01-01\",\r\n        \"2017-08-01\",\r\n        \"2017-06-01\",\r\n        \"2017-05-10\",\r\n        \"2017-05-01\",\r\n        \"2017-03-01\",\r\n        \"2016-09-01\",\r\n        \"2016-07-01\",\r\n        \"2016-06-01\",\r\n        \"2016-02-01\",\r\n        \"2015-11-01\",\r\n        \"2015-01-01\",\r\n        \"2014-04-01-preview\"\r\n      ]\r\n    },\r\n    {\r\n      \"resourceType\": \"links\",\r\n      \"locations\": [],\r\n      \"apiVersions\": [\r\n        \"2018-11-01\",\r\n        \"2018-09-01\",\r\n        \"2018-08-01\",\r\n        \"2018-07-01\",\r\n        \"2018-05-01\",\r\n        \"2018-02-01\",\r\n        \"2018-01-01\",\r\n        \"2017-08-01\",\r\n        \"2017-06-01\",\r\n        \"2017-05-10\",\r\n        \"2017-05-01\",\r\n        \"2017-03-01\",\r\n        \"2016-09-01\",\r\n        \"2016-07-01\",\r\n        \"2016-06-01\",\r\n        \"2016-02-01\",\r\n        \"2015-11-01\",\r\n        \"2015-01-01\",\r\n        \"2014-04-01-preview\"\r\n      ]\r\n    },\r\n    {\r\n      \"resourceType\": \"operations\",\r\n      \"locations\": [],\r\n      \"apiVersions\": [\r\n        \"2015-01-01\"\r\n      ]\r\n    }\r\n  ],\r\n  \"registrationState\": \"Registered\"\r\n}",
      "StatusCode": 200
    },
    {
      "RequestUri": "/subscriptions/47f4bc68-6fe4-43a2-be8b-dfd0e290efa2/resourcegroups/ps6540?api-version=2016-09-01",
      "EncodedRequestUri": "L3N1YnNjcmlwdGlvbnMvNDdmNGJjNjgtNmZlNC00M2EyLWJlOGItZGZkMGUyOTBlZmEyL3Jlc291cmNlZ3JvdXBzL3BzNjU0MD9hcGktdmVyc2lvbj0yMDE2LTA5LTAx",
      "RequestMethod": "PUT",
      "RequestBody": "{\r\n  \"location\": \"West US\"\r\n}",
      "RequestHeaders": {
        "x-ms-client-request-id": [
          "89ea9440-12f5-4a6c-9def-de706291c684"
        ],
        "Accept-Language": [
          "en-US"
        ],
        "User-Agent": [
          "FxVersion/4.6.27129.04",
          "OSName/Windows",
          "OSVersion/Microsoft.Windows.10.0.14393.",
          "Microsoft.Azure.Management.Internal.Resources.ResourceManagementClient/1.1.18"
        ],
        "Content-Type": [
          "application/json; charset=utf-8"
        ],
        "Content-Length": [
          "29"
        ]
      },
      "ResponseHeaders": {
        "Cache-Control": [
          "no-cache"
        ],
        "Pragma": [
          "no-cache"
        ],
        "x-ms-ratelimit-remaining-subscription-writes": [
          "1199"
        ],
        "x-ms-request-id": [
          "e8cf8f4f-22e4-45d9-880d-fe9b63473f8b"
        ],
        "x-ms-correlation-request-id": [
          "e8cf8f4f-22e4-45d9-880d-fe9b63473f8b"
        ],
        "x-ms-routing-request-id": [
          "WESTUS2:20190327T002005Z:e8cf8f4f-22e4-45d9-880d-fe9b63473f8b"
        ],
        "Strict-Transport-Security": [
          "max-age=31536000; includeSubDomains"
        ],
        "X-Content-Type-Options": [
          "nosniff"
        ],
        "Date": [
          "Wed, 27 Mar 2019 00:20:05 GMT"
        ],
        "Content-Length": [
          "165"
        ],
        "Content-Type": [
          "application/json; charset=utf-8"
        ],
        "Expires": [
          "-1"
        ]
      },
      "ResponseBody": "{\r\n  \"id\": \"/subscriptions/47f4bc68-6fe4-43a2-be8b-dfd0e290efa2/resourceGroups/ps6540\",\r\n  \"name\": \"ps6540\",\r\n  \"location\": \"westus\",\r\n  \"properties\": {\r\n    \"provisioningState\": \"Succeeded\"\r\n  }\r\n}",
      "StatusCode": 201
    },
    {
      "RequestUri": "/subscriptions/47f4bc68-6fe4-43a2-be8b-dfd0e290efa2/resourceGroups/ps6540/providers/Microsoft.Network/FrontDoorWebApplicationFirewallPolicies?api-version=2019-03-01",
      "EncodedRequestUri": "L3N1YnNjcmlwdGlvbnMvNDdmNGJjNjgtNmZlNC00M2EyLWJlOGItZGZkMGUyOTBlZmEyL3Jlc291cmNlR3JvdXBzL3BzNjU0MC9wcm92aWRlcnMvTWljcm9zb2Z0Lk5ldHdvcmsvRnJvbnREb29yV2ViQXBwbGljYXRpb25GaXJld2FsbFBvbGljaWVzP2FwaS12ZXJzaW9uPTIwMTktMDMtMDE=",
      "RequestMethod": "GET",
      "RequestBody": "",
      "RequestHeaders": {
        "x-ms-client-request-id": [
          "3e64c894-3351-47f0-9b0e-e4ecb22f49bd"
        ],
        "Accept-Language": [
          "en-US"
        ],
        "User-Agent": [
          "FxVersion/4.6.27129.04",
          "OSName/Windows",
          "OSVersion/Microsoft.Windows.10.0.14393.",
          "Microsoft.Azure.Management.FrontDoor.FrontDoorManagementClient/0.11.0.0"
        ]
      },
      "ResponseHeaders": {
        "Cache-Control": [
          "no-cache"
        ],
        "Pragma": [
          "no-cache"
        ],
        "x-ms-request-id": [
          "152ca14d-5628-42e0-8420-124baa655811"
        ],
        "x-ms-client-request-id": [
          "3e64c894-3351-47f0-9b0e-e4ecb22f49bd"
        ],
        "OData-Version": [
          "4.0"
        ],
        "Strict-Transport-Security": [
          "max-age=31536000; includeSubDomains"
        ],
        "Server": [
          "Microsoft-IIS/8.5"
        ],
        "X-AspNet-Version": [
          "4.0.30319"
        ],
        "X-Powered-By": [
          "ASP.NET"
        ],
        "x-ms-ratelimit-remaining-subscription-reads": [
          "11999"
        ],
        "x-ms-correlation-request-id": [
          "ca0d4c4f-1764-4eba-9b9f-b9057456a14e"
        ],
        "x-ms-routing-request-id": [
          "WESTUS2:20190327T002006Z:ca0d4c4f-1764-4eba-9b9f-b9057456a14e"
        ],
        "X-Content-Type-Options": [
          "nosniff"
        ],
        "Date": [
          "Wed, 27 Mar 2019 00:20:06 GMT"
        ],
        "Content-Length": [
          "28"
        ],
        "Content-Type": [
          "application/json; odata.metadata=minimal; odata.streaming=true"
        ],
        "Expires": [
          "-1"
        ]
      },
      "ResponseBody": "{\r\n  \"value\": []\r\n}",
      "StatusCode": 200
    },
    {
      "RequestUri": "/subscriptions/47f4bc68-6fe4-43a2-be8b-dfd0e290efa2/resourceGroups/ps6540/providers/Microsoft.Network/FrontDoorWebApplicationFirewallPolicies?api-version=2019-03-01",
      "EncodedRequestUri": "L3N1YnNjcmlwdGlvbnMvNDdmNGJjNjgtNmZlNC00M2EyLWJlOGItZGZkMGUyOTBlZmEyL3Jlc291cmNlR3JvdXBzL3BzNjU0MC9wcm92aWRlcnMvTWljcm9zb2Z0Lk5ldHdvcmsvRnJvbnREb29yV2ViQXBwbGljYXRpb25GaXJld2FsbFBvbGljaWVzP2FwaS12ZXJzaW9uPTIwMTktMDMtMDE=",
      "RequestMethod": "GET",
      "RequestBody": "",
      "RequestHeaders": {
        "x-ms-client-request-id": [
          "27dbdb91-d610-4b8a-81e5-54bb793b2203"
        ],
        "Accept-Language": [
          "en-US"
        ],
        "User-Agent": [
          "FxVersion/4.6.27129.04",
          "OSName/Windows",
          "OSVersion/Microsoft.Windows.10.0.14393.",
          "Microsoft.Azure.Management.FrontDoor.FrontDoorManagementClient/0.11.0.0"
        ]
      },
      "ResponseHeaders": {
        "Cache-Control": [
          "no-cache"
        ],
        "Pragma": [
          "no-cache"
        ],
        "x-ms-request-id": [
          "7e4c87b1-aaf4-4c3e-8c42-f9ddd6c62463"
        ],
        "x-ms-client-request-id": [
          "27dbdb91-d610-4b8a-81e5-54bb793b2203"
        ],
        "OData-Version": [
          "4.0"
        ],
        "Strict-Transport-Security": [
          "max-age=31536000; includeSubDomains"
        ],
        "Server": [
          "Microsoft-IIS/8.5"
        ],
        "X-AspNet-Version": [
          "4.0.30319"
        ],
        "X-Powered-By": [
          "ASP.NET"
        ],
        "x-ms-ratelimit-remaining-subscription-reads": [
          "11997"
        ],
        "x-ms-correlation-request-id": [
          "911a6af4-5746-4f98-98c8-9368e41c0343"
        ],
        "x-ms-routing-request-id": [
          "WESTUS2:20190327T002010Z:911a6af4-5746-4f98-98c8-9368e41c0343"
        ],
        "X-Content-Type-Options": [
          "nosniff"
        ],
        "Date": [
          "Wed, 27 Mar 2019 00:20:10 GMT"
        ],
        "Content-Length": [
          "1668"
        ],
        "Content-Type": [
          "application/json; odata.metadata=minimal; odata.streaming=true"
        ],
        "Expires": [
          "-1"
        ]
      },
      "ResponseBody": "{\r\n  \"value\": [\r\n    {\r\n      \"name\": \"ps1021\",\r\n      \"id\": \"/subscriptions/47f4bc68-6fe4-43a2-be8b-dfd0e290efa2/resourcegroups/ps6540/providers/Microsoft.Network/frontdoorwebapplicationfirewallpolicies/ps1021\",\r\n      \"type\": \"Microsoft.Network/frontdoorwebapplicationfirewallpolicies\",\r\n      \"tags\": {},\r\n      \"location\": \"Global\",\r\n      \"properties\": {\r\n        \"resourceState\": \"Enabled\",\r\n        \"provisioningState\": \"Succeeded\",\r\n        \"policySettings\": {\r\n          \"enabledState\": \"Enabled\",\r\n          \"mode\": \"Prevention\",\r\n          \"redirectUrl\": null,\r\n          \"customBlockResponseStatusCode\": null,\r\n          \"customBlockResponseBody\": null\r\n        },\r\n        \"customRules\": {\r\n          \"rules\": [\r\n            {\r\n              \"name\": \"Rule1\",\r\n              \"enabledState\": null,\r\n              \"priority\": 2,\r\n              \"ruleType\": \"MatchRule\",\r\n              \"rateLimitDurationInMinutes\": 1,\r\n              \"rateLimitThreshold\": 0,\r\n              \"matchConditions\": [\r\n                {\r\n                  \"matchVariable\": \"RequestHeader\",\r\n                  \"selector\": \"UserAgent\",\r\n                  \"operator\": \"Contains\",\r\n                  \"negateCondition\": false,\r\n                  \"matchValue\": [\r\n                    \"Windows\"\r\n                  ],\r\n                  \"transforms\": []\r\n                }\r\n              ],\r\n              \"action\": \"Block\"\r\n            }\r\n          ]\r\n        },\r\n        \"managedRules\": {\r\n          \"managedRuleSets\": [\r\n            {\r\n              \"ruleSetType\": \"DefaultRuleSet\",\r\n              \"ruleSetVersion\": \"preview-0.1\",\r\n              \"ruleGroupOverrides\": [\r\n                {\r\n                  \"ruleGroupName\": \"SQLI\",\r\n                  \"rules\": [\r\n                    {\r\n                      \"ruleId\": \"942100\",\r\n                      \"enabledState\": \"Enabled\",\r\n                      \"action\": \"Log\"\r\n                    }\r\n                  ]\r\n                }\r\n              ]\r\n            }\r\n          ]\r\n        },\r\n        \"frontendEndpointLinks\": []\r\n      }\r\n    }\r\n  ]\r\n}",
      "StatusCode": 200
    },
    {
      "RequestUri": "/subscriptions/47f4bc68-6fe4-43a2-be8b-dfd0e290efa2/resourceGroups/ps6540/providers/Microsoft.Network/FrontDoorWebApplicationFirewallPolicies?api-version=2019-03-01",
      "EncodedRequestUri": "L3N1YnNjcmlwdGlvbnMvNDdmNGJjNjgtNmZlNC00M2EyLWJlOGItZGZkMGUyOTBlZmEyL3Jlc291cmNlR3JvdXBzL3BzNjU0MC9wcm92aWRlcnMvTWljcm9zb2Z0Lk5ldHdvcmsvRnJvbnREb29yV2ViQXBwbGljYXRpb25GaXJld2FsbFBvbGljaWVzP2FwaS12ZXJzaW9uPTIwMTktMDMtMDE=",
      "RequestMethod": "GET",
      "RequestBody": "",
      "RequestHeaders": {
        "x-ms-client-request-id": [
          "d496ff50-44d6-4563-b391-13f3ed7c60e5"
        ],
        "Accept-Language": [
          "en-US"
        ],
        "User-Agent": [
          "FxVersion/4.6.27129.04",
          "OSName/Windows",
          "OSVersion/Microsoft.Windows.10.0.14393.",
          "Microsoft.Azure.Management.FrontDoor.FrontDoorManagementClient/0.11.0.0"
        ]
      },
      "ResponseHeaders": {
        "Cache-Control": [
          "no-cache"
        ],
        "Pragma": [
          "no-cache"
        ],
        "x-ms-request-id": [
          "7d7f2361-7ff7-4f1d-9280-b89427fac832"
        ],
        "x-ms-client-request-id": [
          "d496ff50-44d6-4563-b391-13f3ed7c60e5"
        ],
        "OData-Version": [
          "4.0"
        ],
        "Strict-Transport-Security": [
          "max-age=31536000; includeSubDomains"
        ],
        "Server": [
          "Microsoft-IIS/8.5"
        ],
        "X-AspNet-Version": [
          "4.0.30319"
        ],
        "X-Powered-By": [
          "ASP.NET"
        ],
        "x-ms-ratelimit-remaining-subscription-reads": [
          "11996"
        ],
        "x-ms-correlation-request-id": [
          "a1be365f-32a7-4863-b24b-465f089eadc1"
        ],
        "x-ms-routing-request-id": [
          "WESTUS2:20190327T002011Z:a1be365f-32a7-4863-b24b-465f089eadc1"
        ],
        "X-Content-Type-Options": [
          "nosniff"
        ],
        "Date": [
          "Wed, 27 Mar 2019 00:20:11 GMT"
        ],
        "Content-Length": [
          "1666"
        ],
        "Content-Type": [
          "application/json; odata.metadata=minimal; odata.streaming=true"
        ],
        "Expires": [
          "-1"
        ]
      },
      "ResponseBody": "{\r\n  \"value\": [\r\n    {\r\n      \"name\": \"ps1021\",\r\n      \"id\": \"/subscriptions/47f4bc68-6fe4-43a2-be8b-dfd0e290efa2/resourcegroups/ps6540/providers/Microsoft.Network/frontdoorwebapplicationfirewallpolicies/ps1021\",\r\n      \"type\": \"Microsoft.Network/frontdoorwebapplicationfirewallpolicies\",\r\n      \"tags\": {},\r\n      \"location\": \"Global\",\r\n      \"properties\": {\r\n        \"resourceState\": \"Enabled\",\r\n        \"provisioningState\": \"Succeeded\",\r\n        \"policySettings\": {\r\n          \"enabledState\": \"Enabled\",\r\n          \"mode\": \"Prevention\",\r\n          \"redirectUrl\": null,\r\n          \"customBlockResponseStatusCode\": null,\r\n          \"customBlockResponseBody\": null\r\n        },\r\n        \"customRules\": {\r\n          \"rules\": [\r\n            {\r\n              \"name\": \"Rule2\",\r\n              \"enabledState\": null,\r\n              \"priority\": 2,\r\n              \"ruleType\": \"MatchRule\",\r\n              \"rateLimitDurationInMinutes\": 1,\r\n              \"rateLimitThreshold\": 0,\r\n              \"matchConditions\": [\r\n                {\r\n                  \"matchVariable\": \"RequestHeader\",\r\n                  \"selector\": \"UserAgent\",\r\n                  \"operator\": \"Contains\",\r\n                  \"negateCondition\": false,\r\n                  \"matchValue\": [\r\n                    \"Windows\"\r\n                  ],\r\n                  \"transforms\": []\r\n                }\r\n              ],\r\n              \"action\": \"Log\"\r\n            }\r\n          ]\r\n        },\r\n        \"managedRules\": {\r\n          \"managedRuleSets\": [\r\n            {\r\n              \"ruleSetType\": \"DefaultRuleSet\",\r\n              \"ruleSetVersion\": \"preview-0.1\",\r\n              \"ruleGroupOverrides\": [\r\n                {\r\n                  \"ruleGroupName\": \"SQLI\",\r\n                  \"rules\": [\r\n                    {\r\n                      \"ruleId\": \"942100\",\r\n                      \"enabledState\": \"Enabled\",\r\n                      \"action\": \"Log\"\r\n                    }\r\n                  ]\r\n                }\r\n              ]\r\n            }\r\n          ]\r\n        },\r\n        \"frontendEndpointLinks\": []\r\n      }\r\n    }\r\n  ]\r\n}",
      "StatusCode": 200
    },
    {
      "RequestUri": "/subscriptions/47f4bc68-6fe4-43a2-be8b-dfd0e290efa2/resourceGroups/ps6540/providers/Microsoft.Network/FrontDoorWebApplicationFirewallPolicies/ps1021?api-version=2019-03-01",
      "EncodedRequestUri": "L3N1YnNjcmlwdGlvbnMvNDdmNGJjNjgtNmZlNC00M2EyLWJlOGItZGZkMGUyOTBlZmEyL3Jlc291cmNlR3JvdXBzL3BzNjU0MC9wcm92aWRlcnMvTWljcm9zb2Z0Lk5ldHdvcmsvRnJvbnREb29yV2ViQXBwbGljYXRpb25GaXJld2FsbFBvbGljaWVzL3BzMTAyMT9hcGktdmVyc2lvbj0yMDE5LTAzLTAx",
      "RequestMethod": "PUT",
      "RequestBody": "{\r\n  \"properties\": {\r\n    \"policySettings\": {\r\n      \"enabledState\": \"Enabled\",\r\n      \"mode\": \"Prevention\"\r\n    },\r\n    \"customRules\": {\r\n      \"rules\": [\r\n        {\r\n          \"name\": \"Rule1\",\r\n          \"priority\": 2,\r\n          \"ruleType\": \"MatchRule\",\r\n          \"rateLimitDurationInMinutes\": 1,\r\n          \"matchConditions\": [\r\n            {\r\n              \"matchVariable\": \"RequestHeader\",\r\n              \"selector\": \"UserAgent\",\r\n              \"operator\": \"Contains\",\r\n              \"negateCondition\": false,\r\n              \"matchValue\": [\r\n                \"Windows\"\r\n              ]\r\n            }\r\n          ],\r\n          \"action\": \"Block\"\r\n        }\r\n      ]\r\n    },\r\n    \"managedRules\": {\r\n      \"managedRuleSets\": [\r\n        {\r\n          \"ruleSetType\": \"DefaultRuleSet\",\r\n          \"ruleSetVersion\": \"preview-0.1\",\r\n          \"ruleGroupOverrides\": [\r\n            {\r\n              \"ruleGroupName\": \"SQLI\",\r\n              \"rules\": [\r\n                {\r\n                  \"ruleId\": \"942100\",\r\n                  \"enabledState\": \"Enabled\",\r\n                  \"action\": \"Log\"\r\n                }\r\n              ]\r\n            }\r\n          ]\r\n        }\r\n      ]\r\n    }\r\n  },\r\n  \"location\": \"global\"\r\n}",
      "RequestHeaders": {
        "x-ms-client-request-id": [
          "407de1ce-0ac8-4b49-8feb-46ca7c0dc8ca"
        ],
        "Accept-Language": [
          "en-US"
        ],
        "User-Agent": [
          "FxVersion/4.6.27129.04",
          "OSName/Windows",
          "OSVersion/Microsoft.Windows.10.0.14393.",
          "Microsoft.Azure.Management.FrontDoor.FrontDoorManagementClient/0.11.0.0"
        ],
        "Content-Type": [
          "application/json; charset=utf-8"
        ],
        "Content-Length": [
          "1206"
        ]
      },
      "ResponseHeaders": {
        "Cache-Control": [
          "no-cache"
        ],
        "Pragma": [
          "no-cache"
        ],
        "x-ms-request-id": [
          "a0fd158b-894d-48c6-82ec-845c02d8b43b"
        ],
        "x-ms-client-request-id": [
          "407de1ce-0ac8-4b49-8feb-46ca7c0dc8ca"
        ],
        "OData-Version": [
          "4.0"
        ],
        "Strict-Transport-Security": [
          "max-age=31536000; includeSubDomains"
        ],
        "Server": [
          "Microsoft-IIS/8.5"
        ],
        "X-AspNet-Version": [
          "4.0.30319"
        ],
        "X-Powered-By": [
          "ASP.NET"
        ],
        "x-ms-ratelimit-remaining-subscription-writes": [
          "1199"
        ],
        "x-ms-correlation-request-id": [
          "271b6461-e0be-4af0-8b20-ea75bb213461"
        ],
        "x-ms-routing-request-id": [
          "WESTUS2:20190327T002009Z:271b6461-e0be-4af0-8b20-ea75bb213461"
        ],
        "X-Content-Type-Options": [
          "nosniff"
        ],
        "Date": [
          "Wed, 27 Mar 2019 00:20:09 GMT"
        ],
        "Content-Length": [
          "1488"
        ],
        "Content-Type": [
          "application/json; odata.metadata=minimal"
        ],
        "Expires": [
          "-1"
        ]
      },
      "ResponseBody": "{\r\n  \"name\": \"ps1021\",\r\n  \"id\": \"/subscriptions/47f4bc68-6fe4-43a2-be8b-dfd0e290efa2/resourcegroups/ps6540/providers/Microsoft.Network/frontdoorwebapplicationfirewallpolicies/ps1021\",\r\n  \"type\": \"Microsoft.Network/frontdoorwebapplicationfirewallpolicies\",\r\n  \"tags\": {},\r\n  \"location\": \"Global\",\r\n  \"properties\": {\r\n    \"resourceState\": \"Enabled\",\r\n    \"provisioningState\": \"Succeeded\",\r\n    \"policySettings\": {\r\n      \"enabledState\": \"Enabled\",\r\n      \"mode\": \"Prevention\",\r\n      \"redirectUrl\": null,\r\n      \"customBlockResponseStatusCode\": null,\r\n      \"customBlockResponseBody\": null\r\n    },\r\n    \"customRules\": {\r\n      \"rules\": [\r\n        {\r\n          \"name\": \"Rule1\",\r\n          \"enabledState\": null,\r\n          \"priority\": 2,\r\n          \"ruleType\": \"MatchRule\",\r\n          \"rateLimitDurationInMinutes\": 1,\r\n          \"rateLimitThreshold\": 0,\r\n          \"matchConditions\": [\r\n            {\r\n              \"matchVariable\": \"RequestHeader\",\r\n              \"selector\": \"UserAgent\",\r\n              \"operator\": \"Contains\",\r\n              \"negateCondition\": false,\r\n              \"matchValue\": [\r\n                \"Windows\"\r\n              ],\r\n              \"transforms\": []\r\n            }\r\n          ],\r\n          \"action\": \"Block\"\r\n        }\r\n      ]\r\n    },\r\n    \"managedRules\": {\r\n      \"managedRuleSets\": [\r\n        {\r\n          \"ruleSetType\": \"DefaultRuleSet\",\r\n          \"ruleSetVersion\": \"preview-0.1\",\r\n          \"ruleGroupOverrides\": [\r\n            {\r\n              \"ruleGroupName\": \"SQLI\",\r\n              \"rules\": [\r\n                {\r\n                  \"ruleId\": \"942100\",\r\n                  \"enabledState\": \"Enabled\",\r\n                  \"action\": \"Log\"\r\n                }\r\n              ]\r\n            }\r\n          ]\r\n        }\r\n      ]\r\n    },\r\n    \"frontendEndpointLinks\": []\r\n  }\r\n}",
      "StatusCode": 201
    },
    {
      "RequestUri": "/subscriptions/47f4bc68-6fe4-43a2-be8b-dfd0e290efa2/resourceGroups/ps6540/providers/Microsoft.Network/FrontDoorWebApplicationFirewallPolicies/ps1021?api-version=2019-03-01",
      "EncodedRequestUri": "L3N1YnNjcmlwdGlvbnMvNDdmNGJjNjgtNmZlNC00M2EyLWJlOGItZGZkMGUyOTBlZmEyL3Jlc291cmNlR3JvdXBzL3BzNjU0MC9wcm92aWRlcnMvTWljcm9zb2Z0Lk5ldHdvcmsvRnJvbnREb29yV2ViQXBwbGljYXRpb25GaXJld2FsbFBvbGljaWVzL3BzMTAyMT9hcGktdmVyc2lvbj0yMDE5LTAzLTAx",
      "RequestMethod": "PUT",
      "RequestBody": "{\r\n  \"properties\": {\r\n    \"policySettings\": {\r\n      \"enabledState\": \"Enabled\",\r\n      \"mode\": \"Prevention\"\r\n    },\r\n    \"customRules\": {\r\n      \"rules\": [\r\n        {\r\n          \"name\": \"Rule2\",\r\n          \"priority\": 2,\r\n          \"ruleType\": \"MatchRule\",\r\n          \"rateLimitDurationInMinutes\": 1,\r\n          \"matchConditions\": [\r\n            {\r\n              \"matchVariable\": \"RequestHeader\",\r\n              \"selector\": \"UserAgent\",\r\n              \"operator\": \"Contains\",\r\n              \"negateCondition\": false,\r\n              \"matchValue\": [\r\n                \"Windows\"\r\n              ]\r\n            }\r\n          ],\r\n          \"action\": \"Log\"\r\n        }\r\n      ]\r\n    },\r\n    \"managedRules\": {\r\n      \"managedRuleSets\": [\r\n        {\r\n          \"ruleSetType\": \"DefaultRuleSet\",\r\n          \"ruleSetVersion\": \"preview-0.1\",\r\n          \"ruleGroupOverrides\": [\r\n            {\r\n              \"ruleGroupName\": \"SQLI\",\r\n              \"rules\": [\r\n                {\r\n                  \"ruleId\": \"942100\",\r\n                  \"enabledState\": \"Enabled\",\r\n                  \"action\": \"Log\"\r\n                }\r\n              ]\r\n            }\r\n          ]\r\n        }\r\n      ]\r\n    }\r\n  },\r\n  \"location\": \"Global\",\r\n  \"tags\": {}\r\n}",
      "RequestHeaders": {
        "x-ms-client-request-id": [
          "ccd2bec9-4ae6-4d76-a70b-fe92f9a79840"
        ],
        "Accept-Language": [
          "en-US"
        ],
        "User-Agent": [
          "FxVersion/4.6.27129.04",
          "OSName/Windows",
          "OSVersion/Microsoft.Windows.10.0.14393.",
          "Microsoft.Azure.Management.FrontDoor.FrontDoorManagementClient/0.11.0.0"
        ],
        "Content-Type": [
          "application/json; charset=utf-8"
        ],
        "Content-Length": [
          "1219"
        ]
      },
      "ResponseHeaders": {
        "Cache-Control": [
          "no-cache"
        ],
        "Pragma": [
          "no-cache"
        ],
        "x-ms-request-id": [
          "28d1d50b-3a94-4bd5-8d0b-7aac12262fa0"
        ],
        "x-ms-client-request-id": [
          "ccd2bec9-4ae6-4d76-a70b-fe92f9a79840"
        ],
        "OData-Version": [
          "4.0"
        ],
        "Strict-Transport-Security": [
          "max-age=31536000; includeSubDomains"
        ],
        "Server": [
          "Microsoft-IIS/8.5"
        ],
        "X-AspNet-Version": [
          "4.0.30319"
        ],
        "X-Powered-By": [
          "ASP.NET"
        ],
        "x-ms-ratelimit-remaining-subscription-writes": [
          "1198"
        ],
        "x-ms-correlation-request-id": [
          "27ad7615-7e3c-41c1-9ed1-dded09f768d1"
        ],
        "x-ms-routing-request-id": [
          "WESTUS2:20190327T002011Z:27ad7615-7e3c-41c1-9ed1-dded09f768d1"
        ],
        "X-Content-Type-Options": [
          "nosniff"
        ],
        "Date": [
          "Wed, 27 Mar 2019 00:20:11 GMT"
        ],
        "Content-Length": [
          "1486"
        ],
        "Content-Type": [
          "application/json; odata.metadata=minimal"
        ],
        "Expires": [
          "-1"
        ]
      },
      "ResponseBody": "{\r\n  \"name\": \"ps1021\",\r\n  \"id\": \"/subscriptions/47f4bc68-6fe4-43a2-be8b-dfd0e290efa2/resourcegroups/ps6540/providers/Microsoft.Network/frontdoorwebapplicationfirewallpolicies/ps1021\",\r\n  \"type\": \"Microsoft.Network/frontdoorwebapplicationfirewallpolicies\",\r\n  \"tags\": {},\r\n  \"location\": \"Global\",\r\n  \"properties\": {\r\n    \"resourceState\": \"Enabled\",\r\n    \"provisioningState\": \"Succeeded\",\r\n    \"policySettings\": {\r\n      \"enabledState\": \"Enabled\",\r\n      \"mode\": \"Prevention\",\r\n      \"redirectUrl\": null,\r\n      \"customBlockResponseStatusCode\": null,\r\n      \"customBlockResponseBody\": null\r\n    },\r\n    \"customRules\": {\r\n      \"rules\": [\r\n        {\r\n          \"name\": \"Rule2\",\r\n          \"enabledState\": null,\r\n          \"priority\": 2,\r\n          \"ruleType\": \"MatchRule\",\r\n          \"rateLimitDurationInMinutes\": 1,\r\n          \"rateLimitThreshold\": 0,\r\n          \"matchConditions\": [\r\n            {\r\n              \"matchVariable\": \"RequestHeader\",\r\n              \"selector\": \"UserAgent\",\r\n              \"operator\": \"Contains\",\r\n              \"negateCondition\": false,\r\n              \"matchValue\": [\r\n                \"Windows\"\r\n              ],\r\n              \"transforms\": []\r\n            }\r\n          ],\r\n          \"action\": \"Log\"\r\n        }\r\n      ]\r\n    },\r\n    \"managedRules\": {\r\n      \"managedRuleSets\": [\r\n        {\r\n          \"ruleSetType\": \"DefaultRuleSet\",\r\n          \"ruleSetVersion\": \"preview-0.1\",\r\n          \"ruleGroupOverrides\": [\r\n            {\r\n              \"ruleGroupName\": \"SQLI\",\r\n              \"rules\": [\r\n                {\r\n                  \"ruleId\": \"942100\",\r\n                  \"enabledState\": \"Enabled\",\r\n                  \"action\": \"Log\"\r\n                }\r\n              ]\r\n            }\r\n          ]\r\n        }\r\n      ]\r\n    },\r\n    \"frontendEndpointLinks\": []\r\n  }\r\n}",
      "StatusCode": 200
    },
    {
      "RequestUri": "/subscriptions/47f4bc68-6fe4-43a2-be8b-dfd0e290efa2/resourceGroups/ps6540/providers/Microsoft.Network/FrontDoorWebApplicationFirewallPolicies/ps1021?api-version=2019-03-01",
      "EncodedRequestUri": "L3N1YnNjcmlwdGlvbnMvNDdmNGJjNjgtNmZlNC00M2EyLWJlOGItZGZkMGUyOTBlZmEyL3Jlc291cmNlR3JvdXBzL3BzNjU0MC9wcm92aWRlcnMvTWljcm9zb2Z0Lk5ldHdvcmsvRnJvbnREb29yV2ViQXBwbGljYXRpb25GaXJld2FsbFBvbGljaWVzL3BzMTAyMT9hcGktdmVyc2lvbj0yMDE5LTAzLTAx",
      "RequestMethod": "GET",
      "RequestBody": "",
      "RequestHeaders": {
        "x-ms-client-request-id": [
          "828f6ccc-7294-45dc-8962-f2ae3af3e9c2"
        ],
        "Accept-Language": [
          "en-US"
        ],
        "User-Agent": [
          "FxVersion/4.6.27129.04",
          "OSName/Windows",
          "OSVersion/Microsoft.Windows.10.0.14393.",
          "Microsoft.Azure.Management.FrontDoor.FrontDoorManagementClient/0.11.0.0"
        ]
      },
      "ResponseHeaders": {
        "Cache-Control": [
          "no-cache"
        ],
        "Pragma": [
          "no-cache"
        ],
        "x-ms-request-id": [
          "5e8e71a9-a0bc-4451-819d-e7441a9a8716"
        ],
        "x-ms-client-request-id": [
          "828f6ccc-7294-45dc-8962-f2ae3af3e9c2"
        ],
        "OData-Version": [
          "4.0"
        ],
        "Strict-Transport-Security": [
          "max-age=31536000; includeSubDomains"
        ],
        "Server": [
          "Microsoft-IIS/8.5"
        ],
        "X-AspNet-Version": [
          "4.0.30319"
        ],
        "X-Powered-By": [
          "ASP.NET"
        ],
        "x-ms-ratelimit-remaining-subscription-reads": [
          "11998"
        ],
        "x-ms-correlation-request-id": [
          "2a60bdd5-6fc4-4bde-b3d8-a4d69fb236fc"
        ],
        "x-ms-routing-request-id": [
          "WESTUS2:20190327T002010Z:2a60bdd5-6fc4-4bde-b3d8-a4d69fb236fc"
        ],
        "X-Content-Type-Options": [
          "nosniff"
        ],
        "Date": [
          "Wed, 27 Mar 2019 00:20:09 GMT"
        ],
        "Content-Length": [
          "1488"
        ],
        "Content-Type": [
          "application/json; odata.metadata=minimal; odata.streaming=true"
        ],
        "Expires": [
          "-1"
        ]
      },
      "ResponseBody": "{\r\n  \"name\": \"ps1021\",\r\n  \"id\": \"/subscriptions/47f4bc68-6fe4-43a2-be8b-dfd0e290efa2/resourcegroups/ps6540/providers/Microsoft.Network/frontdoorwebapplicationfirewallpolicies/ps1021\",\r\n  \"type\": \"Microsoft.Network/frontdoorwebapplicationfirewallpolicies\",\r\n  \"tags\": {},\r\n  \"location\": \"Global\",\r\n  \"properties\": {\r\n    \"resourceState\": \"Enabled\",\r\n    \"provisioningState\": \"Succeeded\",\r\n    \"policySettings\": {\r\n      \"enabledState\": \"Enabled\",\r\n      \"mode\": \"Prevention\",\r\n      \"redirectUrl\": null,\r\n      \"customBlockResponseStatusCode\": null,\r\n      \"customBlockResponseBody\": null\r\n    },\r\n    \"customRules\": {\r\n      \"rules\": [\r\n        {\r\n          \"name\": \"Rule1\",\r\n          \"enabledState\": null,\r\n          \"priority\": 2,\r\n          \"ruleType\": \"MatchRule\",\r\n          \"rateLimitDurationInMinutes\": 1,\r\n          \"rateLimitThreshold\": 0,\r\n          \"matchConditions\": [\r\n            {\r\n              \"matchVariable\": \"RequestHeader\",\r\n              \"selector\": \"UserAgent\",\r\n              \"operator\": \"Contains\",\r\n              \"negateCondition\": false,\r\n              \"matchValue\": [\r\n                \"Windows\"\r\n              ],\r\n              \"transforms\": []\r\n            }\r\n          ],\r\n          \"action\": \"Block\"\r\n        }\r\n      ]\r\n    },\r\n    \"managedRules\": {\r\n      \"managedRuleSets\": [\r\n        {\r\n          \"ruleSetType\": \"DefaultRuleSet\",\r\n          \"ruleSetVersion\": \"preview-0.1\",\r\n          \"ruleGroupOverrides\": [\r\n            {\r\n              \"ruleGroupName\": \"SQLI\",\r\n              \"rules\": [\r\n                {\r\n                  \"ruleId\": \"942100\",\r\n                  \"enabledState\": \"Enabled\",\r\n                  \"action\": \"Log\"\r\n                }\r\n              ]\r\n            }\r\n          ]\r\n        }\r\n      ]\r\n    },\r\n    \"frontendEndpointLinks\": []\r\n  }\r\n}",
      "StatusCode": 200
    },
    {
      "RequestUri": "/subscriptions/47f4bc68-6fe4-43a2-be8b-dfd0e290efa2/resourceGroups/ps6540/providers/Microsoft.Network/FrontDoorWebApplicationFirewallPolicies/ps1021?api-version=2019-03-01",
      "EncodedRequestUri": "L3N1YnNjcmlwdGlvbnMvNDdmNGJjNjgtNmZlNC00M2EyLWJlOGItZGZkMGUyOTBlZmEyL3Jlc291cmNlR3JvdXBzL3BzNjU0MC9wcm92aWRlcnMvTWljcm9zb2Z0Lk5ldHdvcmsvRnJvbnREb29yV2ViQXBwbGljYXRpb25GaXJld2FsbFBvbGljaWVzL3BzMTAyMT9hcGktdmVyc2lvbj0yMDE5LTAzLTAx",
      "RequestMethod": "GET",
      "RequestBody": "",
      "RequestHeaders": {
        "x-ms-client-request-id": [
          "a665a580-5c48-4eab-b7a0-b0ddfeb70d8c"
        ],
        "Accept-Language": [
          "en-US"
        ],
        "User-Agent": [
          "FxVersion/4.6.27129.04",
          "OSName/Windows",
          "OSVersion/Microsoft.Windows.10.0.14393.",
          "Microsoft.Azure.Management.FrontDoor.FrontDoorManagementClient/0.11.0.0"
        ]
      },
      "ResponseHeaders": {
        "Cache-Control": [
          "no-cache"
        ],
        "Pragma": [
          "no-cache"
        ],
        "x-ms-failure-cause": [
          "gateway"
        ],
        "x-ms-request-id": [
          "838c4385-bda1-4428-9c07-b9fe71fefe76"
        ],
        "x-ms-correlation-request-id": [
          "838c4385-bda1-4428-9c07-b9fe71fefe76"
        ],
        "x-ms-routing-request-id": [
          "WESTUS2:20190327T002013Z:838c4385-bda1-4428-9c07-b9fe71fefe76"
        ],
        "Strict-Transport-Security": [
          "max-age=31536000; includeSubDomains"
        ],
        "X-Content-Type-Options": [
          "nosniff"
        ],
        "Date": [
          "Wed, 27 Mar 2019 00:20:13 GMT"
        ],
        "Content-Type": [
          "application/json; charset=utf-8"
        ],
        "Expires": [
          "-1"
        ],
        "Content-Length": [
          "174"
        ]
      },
      "ResponseBody": "{\r\n  \"error\": {\r\n    \"code\": \"ResourceNotFound\",\r\n    \"message\": \"The Resource 'Microsoft.Network/frontdoorWebApplicationFirewallPolicies/ps1021' under resource group 'ps6540' was not found.\"\r\n  }\r\n}",
      "StatusCode": 404
    },
    {
      "RequestUri": "/subscriptions/47f4bc68-6fe4-43a2-be8b-dfd0e290efa2/resourceGroups/ps6540/providers/Microsoft.Network/FrontDoorWebApplicationFirewallPolicies/ps1021?api-version=2019-03-01",
      "EncodedRequestUri": "L3N1YnNjcmlwdGlvbnMvNDdmNGJjNjgtNmZlNC00M2EyLWJlOGItZGZkMGUyOTBlZmEyL3Jlc291cmNlR3JvdXBzL3BzNjU0MC9wcm92aWRlcnMvTWljcm9zb2Z0Lk5ldHdvcmsvRnJvbnREb29yV2ViQXBwbGljYXRpb25GaXJld2FsbFBvbGljaWVzL3BzMTAyMT9hcGktdmVyc2lvbj0yMDE5LTAzLTAx",
      "RequestMethod": "DELETE",
      "RequestBody": "",
      "RequestHeaders": {
        "x-ms-client-request-id": [
          "0a5159d0-ecb3-4beb-bbb7-955057337977"
        ],
        "Accept-Language": [
          "en-US"
        ],
        "User-Agent": [
          "FxVersion/4.6.27129.04",
          "OSName/Windows",
          "OSVersion/Microsoft.Windows.10.0.14393.",
          "Microsoft.Azure.Management.FrontDoor.FrontDoorManagementClient/0.11.0.0"
        ]
      },
      "ResponseHeaders": {
        "Cache-Control": [
          "no-cache"
        ],
        "Pragma": [
          "no-cache"
        ],
        "x-ms-request-id": [
          "1d7d72fc-3539-4245-a018-f575cc71b2e1"
        ],
        "x-ms-client-request-id": [
          "0a5159d0-ecb3-4beb-bbb7-955057337977"
        ],
        "Strict-Transport-Security": [
          "max-age=31536000; includeSubDomains"
        ],
        "Server": [
          "Microsoft-IIS/8.5"
        ],
        "X-AspNet-Version": [
          "4.0.30319"
        ],
        "X-Powered-By": [
          "ASP.NET"
        ],
        "x-ms-ratelimit-remaining-subscription-deletes": [
          "14999"
        ],
        "x-ms-correlation-request-id": [
          "8c41860e-155a-457b-868e-6202be0e587b"
        ],
        "x-ms-routing-request-id": [
          "WESTUS2:20190327T002013Z:8c41860e-155a-457b-868e-6202be0e587b"
        ],
        "X-Content-Type-Options": [
          "nosniff"
        ],
        "Date": [
          "Wed, 27 Mar 2019 00:20:13 GMT"
        ],
        "Expires": [
          "-1"
        ]
      },
      "ResponseBody": "",
      "StatusCode": 204
    }
  ],
  "Names": {
    "Test-PolicyCrud": [
      "ps1021",
      "ps6540"
    ]
  },
  "Variables": {
    "SubscriptionId": "47f4bc68-6fe4-43a2-be8b-dfd0e290efa2"
  }
}