{
  "Entries": [
    {
<<<<<<< HEAD
      "RequestUri": "/subscriptions/726f8cd6-6459-4db4-8e6d-2cd2716904e2/resourcegroups/ps3207?api-version=2016-09-01",
      "EncodedRequestUri": "L3N1YnNjcmlwdGlvbnMvNzI2ZjhjZDYtNjQ1OS00ZGI0LThlNmQtMmNkMjcxNjkwNGUyL3Jlc291cmNlZ3JvdXBzL3BzMzIwNz9hcGktdmVyc2lvbj0yMDE2LTA5LTAx",
      "RequestMethod": "PUT",
      "RequestBody": "{\r\n  \"location\": \"West US\"\r\n}",
      "RequestHeaders": {
        "Content-Type": [
          "application/json; charset=utf-8"
        ],
        "Content-Length": [
          "29"
        ],
        "x-ms-client-request-id": [
          "30ca6334-ff3b-4131-8a77-bbb59e6abc45"
        ],
        "accept-language": [
          "en-US"
        ],
        "User-Agent": [
          "FxVersion/4.7.3132.0",
          "OSName/Windows10Enterprise",
          "OSVersion/6.3.17134",
          "Microsoft.Azure.Management.Internal.Resources.ResourceManagementClient/4.1.0"
        ]
      },
      "ResponseBody": "{\r\n  \"id\": \"/subscriptions/726f8cd6-6459-4db4-8e6d-2cd2716904e2/resourceGroups/ps3207\",\r\n  \"name\": \"ps3207\",\r\n  \"location\": \"westus\",\r\n  \"properties\": {\r\n    \"provisioningState\": \"Succeeded\"\r\n  }\r\n}",
      "ResponseHeaders": {
        "Content-Length": [
          "165"
=======
      "RequestUri": "/subscriptions/947d47b4-7883-4bb9-9d85-c5e8e2f572ce/resourcegroups/ps2430?api-version=2016-09-01",
      "EncodedRequestUri": "L3N1YnNjcmlwdGlvbnMvOTQ3ZDQ3YjQtNzg4My00YmI5LTlkODUtYzVlOGUyZjU3MmNlL3Jlc291cmNlZ3JvdXBzL3BzMjQzMD9hcGktdmVyc2lvbj0yMDE2LTA5LTAx",
      "RequestMethod": "PUT",
      "RequestBody": "{\r\n  \"location\": \"West US\"\r\n}",
      "RequestHeaders": {
        "x-ms-client-request-id": [
          "3ec84f15-24ce-4cd8-9128-2bbc1b085730"
        ],
        "Accept-Language": [
          "en-US"
        ],
        "User-Agent": [
          "FxVersion/4.6.28516.03",
          "OSName/Windows",
          "OSVersion/Microsoft.Windows.10.0.18363.",
          "Microsoft.Azure.Management.Internal.Resources.ResourceManagementClient/1.3.11"
>>>>>>> d78b04a5306127f583235b13752c48d4f7d1289a
        ],
        "Content-Type": [
          "application/json; charset=utf-8"
        ],
<<<<<<< HEAD
        "Expires": [
          "-1"
=======
        "Content-Length": [
          "29"
        ]
      },
      "ResponseHeaders": {
        "Cache-Control": [
          "no-cache"
>>>>>>> d78b04a5306127f583235b13752c48d4f7d1289a
        ],
        "Pragma": [
          "no-cache"
        ],
        "x-ms-ratelimit-remaining-subscription-writes": [
          "1199"
        ],
        "x-ms-request-id": [
<<<<<<< HEAD
          "463ae30a-e331-42c6-b6f7-db7faf10a9a8"
        ],
        "x-ms-correlation-request-id": [
          "463ae30a-e331-42c6-b6f7-db7faf10a9a8"
        ],
        "x-ms-routing-request-id": [
          "WESTEUROPE:20180912T013617Z:463ae30a-e331-42c6-b6f7-db7faf10a9a8"
=======
          "ee229918-b579-42f0-a8d0-e7fcbdd5c525"
        ],
        "x-ms-correlation-request-id": [
          "ee229918-b579-42f0-a8d0-e7fcbdd5c525"
        ],
        "x-ms-routing-request-id": [
          "WESTEUROPE:20200409T130741Z:ee229918-b579-42f0-a8d0-e7fcbdd5c525"
>>>>>>> d78b04a5306127f583235b13752c48d4f7d1289a
        ],
        "Strict-Transport-Security": [
          "max-age=31536000; includeSubDomains"
        ],
        "X-Content-Type-Options": [
          "nosniff"
        ],
<<<<<<< HEAD
        "Cache-Control": [
          "no-cache"
        ],
        "Date": [
          "Wed, 12 Sep 2018 01:36:16 GMT"
        ]
      },
      "StatusCode": 201
    },
    {
      "RequestUri": "/subscriptions/726f8cd6-6459-4db4-8e6d-2cd2716904e2/resourceGroups/ps3207/providers/Microsoft.Network/dnsZones/ps414.pstest.test?api-version=2018-05-01",
      "EncodedRequestUri": "L3N1YnNjcmlwdGlvbnMvNzI2ZjhjZDYtNjQ1OS00ZGI0LThlNmQtMmNkMjcxNjkwNGUyL3Jlc291cmNlR3JvdXBzL3BzMzIwNy9wcm92aWRlcnMvTWljcm9zb2Z0Lk5ldHdvcmsvZG5zWm9uZXMvcHM0MTQucHN0ZXN0LnRlc3Q/YXBpLXZlcnNpb249MjAxOC0wNS0wMQ==",
      "RequestMethod": "PUT",
      "RequestBody": "{\r\n  \"properties\": {\r\n    \"zoneType\": \"Public\",\r\n    \"registrationVirtualNetworks\": [],\r\n    \"resolutionVirtualNetworks\": []\r\n  },\r\n  \"location\": \"global\",\r\n  \"tags\": {\r\n    \"tag1\": \"value1\"\r\n  }\r\n}",
      "RequestHeaders": {
        "Content-Type": [
          "application/json; charset=utf-8"
        ],
        "Content-Length": [
          "198"
        ],
        "x-ms-client-request-id": [
          "5b219f04-b2b1-4f25-9f5d-2bd14faa9009"
=======
        "Date": [
          "Thu, 09 Apr 2020 13:07:40 GMT"
        ],
        "Content-Length": [
          "165"
        ],
        "Content-Type": [
          "application/json; charset=utf-8"
        ],
        "Expires": [
          "-1"
        ]
      },
      "ResponseBody": "{\r\n  \"id\": \"/subscriptions/947d47b4-7883-4bb9-9d85-c5e8e2f572ce/resourceGroups/ps2430\",\r\n  \"name\": \"ps2430\",\r\n  \"location\": \"westus\",\r\n  \"properties\": {\r\n    \"provisioningState\": \"Succeeded\"\r\n  }\r\n}",
      "StatusCode": 201
    },
    {
      "RequestUri": "/subscriptions/947d47b4-7883-4bb9-9d85-c5e8e2f572ce/resourceGroups/ps2430/providers/Microsoft.Network/dnsZones/ps6653.pstest.test?api-version=2018-05-01",
      "EncodedRequestUri": "L3N1YnNjcmlwdGlvbnMvOTQ3ZDQ3YjQtNzg4My00YmI5LTlkODUtYzVlOGUyZjU3MmNlL3Jlc291cmNlR3JvdXBzL3BzMjQzMC9wcm92aWRlcnMvTWljcm9zb2Z0Lk5ldHdvcmsvZG5zWm9uZXMvcHM2NjUzLnBzdGVzdC50ZXN0P2FwaS12ZXJzaW9uPTIwMTgtMDUtMDE=",
      "RequestMethod": "PUT",
      "RequestBody": "{\r\n  \"properties\": {\r\n    \"zoneType\": \"Public\",\r\n    \"registrationVirtualNetworks\": [],\r\n    \"resolutionVirtualNetworks\": []\r\n  },\r\n  \"location\": \"global\",\r\n  \"tags\": {\r\n    \"tag1\": \"value1\"\r\n  }\r\n}",
      "RequestHeaders": {
        "x-ms-client-request-id": [
          "d4a6051f-b302-4160-a7f7-5c4342ae93e4"
>>>>>>> d78b04a5306127f583235b13752c48d4f7d1289a
        ],
        "If-None-Match": [
          "*"
        ],
<<<<<<< HEAD
        "accept-language": [
          "en-US"
        ],
        "User-Agent": [
          "FxVersion/4.7.3132.0",
          "OSName/Windows10Enterprise",
          "OSVersion/6.3.17134",
          "Microsoft.Azure.Management.Dns.DnsManagementClient/3.0.0.0"
        ]
      },
      "ResponseBody": "{\r\n  \"id\": \"/subscriptions/726f8cd6-6459-4db4-8e6d-2cd2716904e2/resourceGroups/ps3207/providers/Microsoft.Network/dnszones/ps414.pstest.test\",\r\n  \"name\": \"ps414.pstest.test\",\r\n  \"type\": \"Microsoft.Network/dnszones\",\r\n  \"etag\": \"00000002-0000-0000-806d-b601394ad401\",\r\n  \"location\": \"global\",\r\n  \"tags\": {\r\n    \"tag1\": \"value1\"\r\n  },\r\n  \"properties\": {\r\n    \"maxNumberOfRecordSets\": 6000,\r\n    \"maxNumberOfRecordsPerRecordSet\": null,\r\n    \"nameServers\": [\r\n      \"ns1-1.daily.azure-dns.com\",\r\n      \"ns2-1.daily.azure-dns.net\",\r\n      \"ns3-1.daily.azure-dns.org\",\r\n      \"ns4-1.daily.azure-dns.info\"\r\n    ],\r\n    \"numberOfRecordSets\": 2,\r\n    \"zoneType\": \"Public\"\r\n  }\r\n}",
      "ResponseHeaders": {
        "Content-Length": [
          "554"
        ],
        "Content-Type": [
          "application/json; charset=utf-8"
=======
        "Accept-Language": [
          "en-US"
        ],
        "User-Agent": [
          "FxVersion/4.6.28516.03",
          "OSName/Windows",
          "OSVersion/Microsoft.Windows.10.0.18363.",
          "Microsoft.Azure.Management.Dns.DnsManagementClient/3.0.1.0"
        ],
        "Content-Type": [
          "application/json; charset=utf-8"
        ],
        "Content-Length": [
          "198"
        ]
      },
      "ResponseHeaders": {
        "Cache-Control": [
          "private"
        ],
        "ETag": [
          "00000002-0000-0000-7e64-dfdc6f0ed601"
>>>>>>> d78b04a5306127f583235b13752c48d4f7d1289a
        ],
        "X-Content-Type-Options": [
          "nosniff"
        ],
        "Strict-Transport-Security": [
          "max-age=31536000; includeSubDomains"
        ],
        "x-ms-request-id": [
<<<<<<< HEAD
          "5b219f04-b2b1-4f25-9f5d-2bd14faa9009"
        ],
        "x-ms-ratelimit-remaining-subscription-resource-requests": [
          "11997"
        ],
        "x-ms-correlation-request-id": [
          "fc9de374-e89a-4552-9531-3ad6771f8a29"
        ],
        "x-ms-routing-request-id": [
          "WESTEUROPE:20180912T013620Z:fc9de374-e89a-4552-9531-3ad6771f8a29"
        ],
        "Cache-Control": [
          "private"
        ],
        "Date": [
          "Wed, 12 Sep 2018 01:36:20 GMT"
        ],
        "ETag": [
          "00000002-0000-0000-806d-b601394ad401"
        ],
        "Server": [
          "Microsoft-IIS/8.5"
        ],
        "X-AspNet-Version": [
          "4.0.30319"
        ],
        "X-Powered-By": [
          "ASP.NET"
        ]
      },
      "StatusCode": 201
    },
    {
      "RequestUri": "/subscriptions/726f8cd6-6459-4db4-8e6d-2cd2716904e2/resourceGroups/ps3207/providers/Microsoft.Network/dnsZones/ps414.pstest.test?api-version=2018-05-01",
      "EncodedRequestUri": "L3N1YnNjcmlwdGlvbnMvNzI2ZjhjZDYtNjQ1OS00ZGI0LThlNmQtMmNkMjcxNjkwNGUyL3Jlc291cmNlR3JvdXBzL3BzMzIwNy9wcm92aWRlcnMvTWljcm9zb2Z0Lk5ldHdvcmsvZG5zWm9uZXMvcHM0MTQucHN0ZXN0LnRlc3Q/YXBpLXZlcnNpb249MjAxOC0wNS0wMQ==",
      "RequestMethod": "PUT",
      "RequestBody": "{\r\n  \"properties\": {\r\n    \"zoneType\": \"Public\",\r\n    \"registrationVirtualNetworks\": [],\r\n    \"resolutionVirtualNetworks\": []\r\n  },\r\n  \"location\": \"global\",\r\n  \"tags\": {\r\n    \"tag2\": \"value2\",\r\n    \"tag1\": \"value1\"\r\n  }\r\n}",
      "RequestHeaders": {
        "Content-Type": [
          "application/json; charset=utf-8"
        ],
        "Content-Length": [
          "221"
        ],
        "x-ms-client-request-id": [
          "72388243-d026-43f1-a77d-6217b5998e63"
        ],
        "accept-language": [
          "en-US"
        ],
        "User-Agent": [
          "FxVersion/4.7.3132.0",
          "OSName/Windows10Enterprise",
          "OSVersion/6.3.17134",
          "Microsoft.Azure.Management.Dns.DnsManagementClient/3.0.0.0"
        ]
      },
      "ResponseBody": "{\r\n  \"id\": \"/subscriptions/726f8cd6-6459-4db4-8e6d-2cd2716904e2/resourceGroups/ps3207/providers/Microsoft.Network/dnszones/ps414.pstest.test\",\r\n  \"name\": \"ps414.pstest.test\",\r\n  \"type\": \"Microsoft.Network/dnszones\",\r\n  \"etag\": \"00000003-0000-0000-806d-b601394ad401\",\r\n  \"location\": \"global\",\r\n  \"tags\": {\r\n    \"tag2\": \"value2\",\r\n    \"tag1\": \"value1\"\r\n  },\r\n  \"properties\": {\r\n    \"maxNumberOfRecordSets\": 6000,\r\n    \"maxNumberOfRecordsPerRecordSet\": null,\r\n    \"nameServers\": [\r\n      \"ns1-1.daily.azure-dns.com\",\r\n      \"ns2-1.daily.azure-dns.net\",\r\n      \"ns3-1.daily.azure-dns.org\",\r\n      \"ns4-1.daily.azure-dns.info\"\r\n    ],\r\n    \"numberOfRecordSets\": 2,\r\n    \"zoneType\": \"Public\"\r\n  }\r\n}",
      "ResponseHeaders": {
        "Content-Length": [
          "570"
        ],
        "Content-Type": [
          "application/json; charset=utf-8"
=======
          "d4a6051f-b302-4160-a7f7-5c4342ae93e4"
        ],
        "Server": [
          "Microsoft-IIS/10.0"
        ],
        "X-Powered-By": [
          "ASP.NET"
        ],
        "x-ms-ratelimit-remaining-subscription-resource-requests": [
          "11999"
        ],
        "x-ms-correlation-request-id": [
          "c852d0a7-2708-4b3a-a58e-6ecd860bd9f6"
        ],
        "x-ms-routing-request-id": [
          "WESTEUROPE:20200409T130748Z:c852d0a7-2708-4b3a-a58e-6ecd860bd9f6"
        ],
        "Date": [
          "Thu, 09 Apr 2020 13:07:47 GMT"
        ],
        "Content-Length": [
          "557"
        ],
        "Content-Type": [
          "application/json; charset=utf-8"
        ]
      },
      "ResponseBody": "{\r\n  \"id\": \"/subscriptions/947d47b4-7883-4bb9-9d85-c5e8e2f572ce/resourceGroups/ps2430/providers/Microsoft.Network/dnszones/ps6653.pstest.test\",\r\n  \"name\": \"ps6653.pstest.test\",\r\n  \"type\": \"Microsoft.Network/dnszones\",\r\n  \"etag\": \"00000002-0000-0000-7e64-dfdc6f0ed601\",\r\n  \"location\": \"global\",\r\n  \"tags\": {\r\n    \"tag1\": \"value1\"\r\n  },\r\n  \"properties\": {\r\n    \"maxNumberOfRecordSets\": 10000,\r\n    \"maxNumberOfRecordsPerRecordSet\": null,\r\n    \"nameServers\": [\r\n      \"ns1-01.ppe.azure-dns.com.\",\r\n      \"ns2-01.ppe.azure-dns.net.\",\r\n      \"ns3-01.ppe.azure-dns.org.\",\r\n      \"ns4-01.ppe.azure-dns.info.\"\r\n    ],\r\n    \"numberOfRecordSets\": 2,\r\n    \"zoneType\": \"Public\"\r\n  }\r\n}",
      "StatusCode": 201
    },
    {
      "RequestUri": "/subscriptions/947d47b4-7883-4bb9-9d85-c5e8e2f572ce/resourceGroups/ps2430/providers/Microsoft.Network/dnsZones/ps6653.pstest.test?api-version=2018-05-01",
      "EncodedRequestUri": "L3N1YnNjcmlwdGlvbnMvOTQ3ZDQ3YjQtNzg4My00YmI5LTlkODUtYzVlOGUyZjU3MmNlL3Jlc291cmNlR3JvdXBzL3BzMjQzMC9wcm92aWRlcnMvTWljcm9zb2Z0Lk5ldHdvcmsvZG5zWm9uZXMvcHM2NjUzLnBzdGVzdC50ZXN0P2FwaS12ZXJzaW9uPTIwMTgtMDUtMDE=",
      "RequestMethod": "PUT",
      "RequestBody": "{\r\n  \"properties\": {\r\n    \"zoneType\": \"Public\",\r\n    \"registrationVirtualNetworks\": [],\r\n    \"resolutionVirtualNetworks\": []\r\n  },\r\n  \"location\": \"global\",\r\n  \"tags\": {\r\n    \"tag2\": \"value2\",\r\n    \"tag1\": \"value1\"\r\n  }\r\n}",
      "RequestHeaders": {
        "x-ms-client-request-id": [
          "6d6b28bf-44bb-40b6-acba-f55c6b010b4b"
        ],
        "Accept-Language": [
          "en-US"
        ],
        "User-Agent": [
          "FxVersion/4.6.28516.03",
          "OSName/Windows",
          "OSVersion/Microsoft.Windows.10.0.18363.",
          "Microsoft.Azure.Management.Dns.DnsManagementClient/3.0.1.0"
        ],
        "Content-Type": [
          "application/json; charset=utf-8"
        ],
        "Content-Length": [
          "221"
        ]
      },
      "ResponseHeaders": {
        "Cache-Control": [
          "private"
        ],
        "ETag": [
          "00000003-0000-0000-7e64-dfdc6f0ed601"
>>>>>>> d78b04a5306127f583235b13752c48d4f7d1289a
        ],
        "X-Content-Type-Options": [
          "nosniff"
        ],
        "Strict-Transport-Security": [
          "max-age=31536000; includeSubDomains"
        ],
        "x-ms-request-id": [
<<<<<<< HEAD
          "72388243-d026-43f1-a77d-6217b5998e63"
        ],
        "x-ms-ratelimit-remaining-subscription-resource-requests": [
          "11996"
        ],
        "x-ms-correlation-request-id": [
          "55876779-f748-48d0-b507-b09b23536db2"
        ],
        "x-ms-routing-request-id": [
          "WESTEUROPE:20180912T013623Z:55876779-f748-48d0-b507-b09b23536db2"
        ],
        "Cache-Control": [
          "private"
        ],
        "Date": [
          "Wed, 12 Sep 2018 01:36:22 GMT"
        ],
        "ETag": [
          "00000003-0000-0000-806d-b601394ad401"
        ],
        "Server": [
          "Microsoft-IIS/8.5"
        ],
        "X-AspNet-Version": [
          "4.0.30319"
        ],
        "X-Powered-By": [
          "ASP.NET"
        ]
      },
      "StatusCode": 200
    },
    {
      "RequestUri": "/subscriptions/726f8cd6-6459-4db4-8e6d-2cd2716904e2/resourceGroups/ps3207/providers/Microsoft.Network/dnsZones/ps414.pstest.test?api-version=2018-05-01",
      "EncodedRequestUri": "L3N1YnNjcmlwdGlvbnMvNzI2ZjhjZDYtNjQ1OS00ZGI0LThlNmQtMmNkMjcxNjkwNGUyL3Jlc291cmNlR3JvdXBzL3BzMzIwNy9wcm92aWRlcnMvTWljcm9zb2Z0Lk5ldHdvcmsvZG5zWm9uZXMvcHM0MTQucHN0ZXN0LnRlc3Q/YXBpLXZlcnNpb249MjAxOC0wNS0wMQ==",
=======
          "6d6b28bf-44bb-40b6-acba-f55c6b010b4b"
        ],
        "Server": [
          "Microsoft-IIS/10.0"
        ],
        "X-Powered-By": [
          "ASP.NET"
        ],
        "x-ms-ratelimit-remaining-subscription-resource-requests": [
          "11998"
        ],
        "x-ms-correlation-request-id": [
          "a5fb8f98-0106-4875-8777-653fe24db01b"
        ],
        "x-ms-routing-request-id": [
          "WESTEUROPE:20200409T130752Z:a5fb8f98-0106-4875-8777-653fe24db01b"
        ],
        "Date": [
          "Thu, 09 Apr 2020 13:07:52 GMT"
        ],
        "Content-Length": [
          "573"
        ],
        "Content-Type": [
          "application/json; charset=utf-8"
        ]
      },
      "ResponseBody": "{\r\n  \"id\": \"/subscriptions/947d47b4-7883-4bb9-9d85-c5e8e2f572ce/resourceGroups/ps2430/providers/Microsoft.Network/dnszones/ps6653.pstest.test\",\r\n  \"name\": \"ps6653.pstest.test\",\r\n  \"type\": \"Microsoft.Network/dnszones\",\r\n  \"etag\": \"00000003-0000-0000-7e64-dfdc6f0ed601\",\r\n  \"location\": \"global\",\r\n  \"tags\": {\r\n    \"tag2\": \"value2\",\r\n    \"tag1\": \"value1\"\r\n  },\r\n  \"properties\": {\r\n    \"maxNumberOfRecordSets\": 10000,\r\n    \"maxNumberOfRecordsPerRecordSet\": null,\r\n    \"nameServers\": [\r\n      \"ns1-01.ppe.azure-dns.com.\",\r\n      \"ns2-01.ppe.azure-dns.net.\",\r\n      \"ns3-01.ppe.azure-dns.org.\",\r\n      \"ns4-01.ppe.azure-dns.info.\"\r\n    ],\r\n    \"numberOfRecordSets\": 2,\r\n    \"zoneType\": \"Public\"\r\n  }\r\n}",
      "StatusCode": 200
    },
    {
      "RequestUri": "/subscriptions/947d47b4-7883-4bb9-9d85-c5e8e2f572ce/resourceGroups/ps2430/providers/Microsoft.Network/dnsZones/ps6653.pstest.test?api-version=2018-05-01",
      "EncodedRequestUri": "L3N1YnNjcmlwdGlvbnMvOTQ3ZDQ3YjQtNzg4My00YmI5LTlkODUtYzVlOGUyZjU3MmNlL3Jlc291cmNlR3JvdXBzL3BzMjQzMC9wcm92aWRlcnMvTWljcm9zb2Z0Lk5ldHdvcmsvZG5zWm9uZXMvcHM2NjUzLnBzdGVzdC50ZXN0P2FwaS12ZXJzaW9uPTIwMTgtMDUtMDE=",
>>>>>>> d78b04a5306127f583235b13752c48d4f7d1289a
      "RequestMethod": "GET",
      "RequestBody": "",
      "RequestHeaders": {
        "x-ms-client-request-id": [
<<<<<<< HEAD
          "9b6f3d55-191d-4f4f-8410-a6aea12b9b60"
        ],
        "accept-language": [
          "en-US"
        ],
        "User-Agent": [
          "FxVersion/4.7.3132.0",
          "OSName/Windows10Enterprise",
          "OSVersion/6.3.17134",
          "Microsoft.Azure.Management.Dns.DnsManagementClient/3.0.0.0"
        ]
      },
      "ResponseBody": "{\r\n  \"id\": \"/subscriptions/726f8cd6-6459-4db4-8e6d-2cd2716904e2/resourceGroups/ps3207/providers/Microsoft.Network/dnszones/ps414.pstest.test\",\r\n  \"name\": \"ps414.pstest.test\",\r\n  \"type\": \"Microsoft.Network/dnszones\",\r\n  \"etag\": \"00000002-0000-0000-806d-b601394ad401\",\r\n  \"location\": \"global\",\r\n  \"tags\": {\r\n    \"tag1\": \"value1\"\r\n  },\r\n  \"properties\": {\r\n    \"maxNumberOfRecordSets\": 6000,\r\n    \"maxNumberOfRecordsPerRecordSet\": null,\r\n    \"nameServers\": [\r\n      \"ns1-1.daily.azure-dns.com\",\r\n      \"ns2-1.daily.azure-dns.net\",\r\n      \"ns3-1.daily.azure-dns.org\",\r\n      \"ns4-1.daily.azure-dns.info\"\r\n    ],\r\n    \"numberOfRecordSets\": 2,\r\n    \"zoneType\": \"Public\"\r\n  }\r\n}",
      "ResponseHeaders": {
        "Content-Length": [
          "554"
        ],
        "Content-Type": [
          "application/json; charset=utf-8"
=======
          "a89b8750-a991-4413-a589-a993cb50622d"
        ],
        "Accept-Language": [
          "en-US"
        ],
        "User-Agent": [
          "FxVersion/4.6.28516.03",
          "OSName/Windows",
          "OSVersion/Microsoft.Windows.10.0.18363.",
          "Microsoft.Azure.Management.Dns.DnsManagementClient/3.0.1.0"
        ]
      },
      "ResponseHeaders": {
        "Cache-Control": [
          "private"
        ],
        "ETag": [
          "00000002-0000-0000-7e64-dfdc6f0ed601"
>>>>>>> d78b04a5306127f583235b13752c48d4f7d1289a
        ],
        "X-Content-Type-Options": [
          "nosniff"
        ],
        "Strict-Transport-Security": [
          "max-age=31536000; includeSubDomains"
        ],
        "x-ms-request-id": [
<<<<<<< HEAD
          "9b6f3d55-191d-4f4f-8410-a6aea12b9b60"
        ],
        "x-ms-ratelimit-remaining-subscription-resource-requests": [
          "11998"
        ],
        "x-ms-correlation-request-id": [
          "ea743861-f169-4434-8ad0-ffd51ebf9eca"
        ],
        "x-ms-routing-request-id": [
          "WESTEUROPE:20180912T013621Z:ea743861-f169-4434-8ad0-ffd51ebf9eca"
        ],
        "Cache-Control": [
          "private"
        ],
        "Date": [
          "Wed, 12 Sep 2018 01:36:21 GMT"
        ],
        "ETag": [
          "00000002-0000-0000-806d-b601394ad401"
        ],
        "Server": [
          "Microsoft-IIS/8.5"
        ],
        "X-AspNet-Version": [
          "4.0.30319"
        ],
        "X-Powered-By": [
          "ASP.NET"
        ]
      },
      "StatusCode": 200
    },
    {
      "RequestUri": "/subscriptions/726f8cd6-6459-4db4-8e6d-2cd2716904e2/resourceGroups/ps3207/providers/Microsoft.Network/dnsZones/ps414.pstest.test?api-version=2018-05-01",
      "EncodedRequestUri": "L3N1YnNjcmlwdGlvbnMvNzI2ZjhjZDYtNjQ1OS00ZGI0LThlNmQtMmNkMjcxNjkwNGUyL3Jlc291cmNlR3JvdXBzL3BzMzIwNy9wcm92aWRlcnMvTWljcm9zb2Z0Lk5ldHdvcmsvZG5zWm9uZXMvcHM0MTQucHN0ZXN0LnRlc3Q/YXBpLXZlcnNpb249MjAxOC0wNS0wMQ==",
=======
          "a89b8750-a991-4413-a589-a993cb50622d"
        ],
        "Server": [
          "Microsoft-IIS/10.0"
        ],
        "X-Powered-By": [
          "ASP.NET"
        ],
        "x-ms-ratelimit-remaining-subscription-resource-requests": [
          "499"
        ],
        "x-ms-correlation-request-id": [
          "2e26e04b-02ce-4a10-a45a-9b8c6db22230"
        ],
        "x-ms-routing-request-id": [
          "WESTEUROPE:20200409T130749Z:2e26e04b-02ce-4a10-a45a-9b8c6db22230"
        ],
        "Date": [
          "Thu, 09 Apr 2020 13:07:48 GMT"
        ],
        "Content-Length": [
          "557"
        ],
        "Content-Type": [
          "application/json; charset=utf-8"
        ]
      },
      "ResponseBody": "{\r\n  \"id\": \"/subscriptions/947d47b4-7883-4bb9-9d85-c5e8e2f572ce/resourceGroups/ps2430/providers/Microsoft.Network/dnszones/ps6653.pstest.test\",\r\n  \"name\": \"ps6653.pstest.test\",\r\n  \"type\": \"Microsoft.Network/dnszones\",\r\n  \"etag\": \"00000002-0000-0000-7e64-dfdc6f0ed601\",\r\n  \"location\": \"global\",\r\n  \"tags\": {\r\n    \"tag1\": \"value1\"\r\n  },\r\n  \"properties\": {\r\n    \"maxNumberOfRecordSets\": 10000,\r\n    \"maxNumberOfRecordsPerRecordSet\": null,\r\n    \"nameServers\": [\r\n      \"ns1-01.ppe.azure-dns.com.\",\r\n      \"ns2-01.ppe.azure-dns.net.\",\r\n      \"ns3-01.ppe.azure-dns.org.\",\r\n      \"ns4-01.ppe.azure-dns.info.\"\r\n    ],\r\n    \"numberOfRecordSets\": 2,\r\n    \"zoneType\": \"Public\"\r\n  }\r\n}",
      "StatusCode": 200
    },
    {
      "RequestUri": "/subscriptions/947d47b4-7883-4bb9-9d85-c5e8e2f572ce/resourceGroups/ps2430/providers/Microsoft.Network/dnsZones/ps6653.pstest.test?api-version=2018-05-01",
      "EncodedRequestUri": "L3N1YnNjcmlwdGlvbnMvOTQ3ZDQ3YjQtNzg4My00YmI5LTlkODUtYzVlOGUyZjU3MmNlL3Jlc291cmNlR3JvdXBzL3BzMjQzMC9wcm92aWRlcnMvTWljcm9zb2Z0Lk5ldHdvcmsvZG5zWm9uZXMvcHM2NjUzLnBzdGVzdC50ZXN0P2FwaS12ZXJzaW9uPTIwMTgtMDUtMDE=",
>>>>>>> d78b04a5306127f583235b13752c48d4f7d1289a
      "RequestMethod": "GET",
      "RequestBody": "",
      "RequestHeaders": {
        "x-ms-client-request-id": [
<<<<<<< HEAD
          "7f3c22d8-7fd8-4a62-9a75-bae5ea0e3f56"
        ],
        "accept-language": [
          "en-US"
        ],
        "User-Agent": [
          "FxVersion/4.7.3132.0",
          "OSName/Windows10Enterprise",
          "OSVersion/6.3.17134",
          "Microsoft.Azure.Management.Dns.DnsManagementClient/3.0.0.0"
        ]
      },
      "ResponseBody": "{\r\n  \"id\": \"/subscriptions/726f8cd6-6459-4db4-8e6d-2cd2716904e2/resourceGroups/ps3207/providers/Microsoft.Network/dnszones/ps414.pstest.test\",\r\n  \"name\": \"ps414.pstest.test\",\r\n  \"type\": \"Microsoft.Network/dnszones\",\r\n  \"etag\": \"00000002-0000-0000-806d-b601394ad401\",\r\n  \"location\": \"global\",\r\n  \"tags\": {\r\n    \"tag1\": \"value1\"\r\n  },\r\n  \"properties\": {\r\n    \"maxNumberOfRecordSets\": 6000,\r\n    \"maxNumberOfRecordsPerRecordSet\": null,\r\n    \"nameServers\": [\r\n      \"ns1-1.daily.azure-dns.com\",\r\n      \"ns2-1.daily.azure-dns.net\",\r\n      \"ns3-1.daily.azure-dns.org\",\r\n      \"ns4-1.daily.azure-dns.info\"\r\n    ],\r\n    \"numberOfRecordSets\": 2,\r\n    \"zoneType\": \"Public\"\r\n  }\r\n}",
      "ResponseHeaders": {
        "Content-Length": [
          "554"
        ],
        "Content-Type": [
          "application/json; charset=utf-8"
=======
          "a09845b1-eae4-43ef-b360-7cad995d18c6"
        ],
        "Accept-Language": [
          "en-US"
        ],
        "User-Agent": [
          "FxVersion/4.6.28516.03",
          "OSName/Windows",
          "OSVersion/Microsoft.Windows.10.0.18363.",
          "Microsoft.Azure.Management.Dns.DnsManagementClient/3.0.1.0"
        ]
      },
      "ResponseHeaders": {
        "Cache-Control": [
          "private"
        ],
        "ETag": [
          "00000002-0000-0000-7e64-dfdc6f0ed601"
>>>>>>> d78b04a5306127f583235b13752c48d4f7d1289a
        ],
        "X-Content-Type-Options": [
          "nosniff"
        ],
        "Strict-Transport-Security": [
          "max-age=31536000; includeSubDomains"
        ],
        "x-ms-request-id": [
<<<<<<< HEAD
          "7f3c22d8-7fd8-4a62-9a75-bae5ea0e3f56"
        ],
        "x-ms-ratelimit-remaining-subscription-resource-requests": [
          "11997"
        ],
        "x-ms-correlation-request-id": [
          "18a67923-646e-4887-b143-3d1e2ac82922"
        ],
        "x-ms-routing-request-id": [
          "WESTEUROPE:20180912T013621Z:18a67923-646e-4887-b143-3d1e2ac82922"
        ],
        "Cache-Control": [
          "private"
        ],
        "Date": [
          "Wed, 12 Sep 2018 01:36:21 GMT"
        ],
        "ETag": [
          "00000002-0000-0000-806d-b601394ad401"
        ],
        "Server": [
          "Microsoft-IIS/8.5"
        ],
        "X-AspNet-Version": [
          "4.0.30319"
        ],
        "X-Powered-By": [
          "ASP.NET"
        ]
      },
      "StatusCode": 200
    },
    {
      "RequestUri": "/subscriptions/726f8cd6-6459-4db4-8e6d-2cd2716904e2/resourceGroups/ps3207/providers/Microsoft.Network/dnsZones/ps414.pstest.test?api-version=2018-05-01",
      "EncodedRequestUri": "L3N1YnNjcmlwdGlvbnMvNzI2ZjhjZDYtNjQ1OS00ZGI0LThlNmQtMmNkMjcxNjkwNGUyL3Jlc291cmNlR3JvdXBzL3BzMzIwNy9wcm92aWRlcnMvTWljcm9zb2Z0Lk5ldHdvcmsvZG5zWm9uZXMvcHM0MTQucHN0ZXN0LnRlc3Q/YXBpLXZlcnNpb249MjAxOC0wNS0wMQ==",
=======
          "a09845b1-eae4-43ef-b360-7cad995d18c6"
        ],
        "Server": [
          "Microsoft-IIS/10.0"
        ],
        "X-Powered-By": [
          "ASP.NET"
        ],
        "x-ms-ratelimit-remaining-subscription-resource-requests": [
          "498"
        ],
        "x-ms-correlation-request-id": [
          "b1c5485f-00e2-4cd2-bed3-1251b056399b"
        ],
        "x-ms-routing-request-id": [
          "WESTEUROPE:20200409T130749Z:b1c5485f-00e2-4cd2-bed3-1251b056399b"
        ],
        "Date": [
          "Thu, 09 Apr 2020 13:07:49 GMT"
        ],
        "Content-Length": [
          "557"
        ],
        "Content-Type": [
          "application/json; charset=utf-8"
        ]
      },
      "ResponseBody": "{\r\n  \"id\": \"/subscriptions/947d47b4-7883-4bb9-9d85-c5e8e2f572ce/resourceGroups/ps2430/providers/Microsoft.Network/dnszones/ps6653.pstest.test\",\r\n  \"name\": \"ps6653.pstest.test\",\r\n  \"type\": \"Microsoft.Network/dnszones\",\r\n  \"etag\": \"00000002-0000-0000-7e64-dfdc6f0ed601\",\r\n  \"location\": \"global\",\r\n  \"tags\": {\r\n    \"tag1\": \"value1\"\r\n  },\r\n  \"properties\": {\r\n    \"maxNumberOfRecordSets\": 10000,\r\n    \"maxNumberOfRecordsPerRecordSet\": null,\r\n    \"nameServers\": [\r\n      \"ns1-01.ppe.azure-dns.com.\",\r\n      \"ns2-01.ppe.azure-dns.net.\",\r\n      \"ns3-01.ppe.azure-dns.org.\",\r\n      \"ns4-01.ppe.azure-dns.info.\"\r\n    ],\r\n    \"numberOfRecordSets\": 2,\r\n    \"zoneType\": \"Public\"\r\n  }\r\n}",
      "StatusCode": 200
    },
    {
      "RequestUri": "/subscriptions/947d47b4-7883-4bb9-9d85-c5e8e2f572ce/resourceGroups/ps2430/providers/Microsoft.Network/dnsZones/ps6653.pstest.test?api-version=2018-05-01",
      "EncodedRequestUri": "L3N1YnNjcmlwdGlvbnMvOTQ3ZDQ3YjQtNzg4My00YmI5LTlkODUtYzVlOGUyZjU3MmNlL3Jlc291cmNlR3JvdXBzL3BzMjQzMC9wcm92aWRlcnMvTWljcm9zb2Z0Lk5ldHdvcmsvZG5zWm9uZXMvcHM2NjUzLnBzdGVzdC50ZXN0P2FwaS12ZXJzaW9uPTIwMTgtMDUtMDE=",
>>>>>>> d78b04a5306127f583235b13752c48d4f7d1289a
      "RequestMethod": "GET",
      "RequestBody": "",
      "RequestHeaders": {
        "x-ms-client-request-id": [
<<<<<<< HEAD
          "7e590d75-8170-4a85-9e01-c05b70e6016f"
        ],
        "accept-language": [
          "en-US"
        ],
        "User-Agent": [
          "FxVersion/4.7.3132.0",
          "OSName/Windows10Enterprise",
          "OSVersion/6.3.17134",
          "Microsoft.Azure.Management.Dns.DnsManagementClient/3.0.0.0"
        ]
      },
      "ResponseBody": "{\r\n  \"id\": \"/subscriptions/726f8cd6-6459-4db4-8e6d-2cd2716904e2/resourceGroups/ps3207/providers/Microsoft.Network/dnszones/ps414.pstest.test\",\r\n  \"name\": \"ps414.pstest.test\",\r\n  \"type\": \"Microsoft.Network/dnszones\",\r\n  \"etag\": \"00000003-0000-0000-806d-b601394ad401\",\r\n  \"location\": \"global\",\r\n  \"tags\": {\r\n    \"tag2\": \"value2\",\r\n    \"tag1\": \"value1\"\r\n  },\r\n  \"properties\": {\r\n    \"maxNumberOfRecordSets\": 6000,\r\n    \"maxNumberOfRecordsPerRecordSet\": null,\r\n    \"nameServers\": [\r\n      \"ns1-1.daily.azure-dns.com\",\r\n      \"ns2-1.daily.azure-dns.net\",\r\n      \"ns3-1.daily.azure-dns.org\",\r\n      \"ns4-1.daily.azure-dns.info\"\r\n    ],\r\n    \"numberOfRecordSets\": 2,\r\n    \"zoneType\": \"Public\"\r\n  }\r\n}",
      "ResponseHeaders": {
        "Content-Length": [
          "570"
        ],
        "Content-Type": [
          "application/json; charset=utf-8"
=======
          "f179363c-d573-4fcb-ad49-b427b4dc9f73"
        ],
        "Accept-Language": [
          "en-US"
        ],
        "User-Agent": [
          "FxVersion/4.6.28516.03",
          "OSName/Windows",
          "OSVersion/Microsoft.Windows.10.0.18363.",
          "Microsoft.Azure.Management.Dns.DnsManagementClient/3.0.1.0"
        ]
      },
      "ResponseHeaders": {
        "Cache-Control": [
          "private"
        ],
        "ETag": [
          "00000003-0000-0000-7e64-dfdc6f0ed601"
>>>>>>> d78b04a5306127f583235b13752c48d4f7d1289a
        ],
        "X-Content-Type-Options": [
          "nosniff"
        ],
        "Strict-Transport-Security": [
          "max-age=31536000; includeSubDomains"
        ],
        "x-ms-request-id": [
<<<<<<< HEAD
          "7e590d75-8170-4a85-9e01-c05b70e6016f"
        ],
        "x-ms-ratelimit-remaining-subscription-resource-requests": [
          "11996"
        ],
        "x-ms-correlation-request-id": [
          "98e72508-d7d5-41c0-9476-f0ef25514b32"
        ],
        "x-ms-routing-request-id": [
          "WESTEUROPE:20180912T013623Z:98e72508-d7d5-41c0-9476-f0ef25514b32"
        ],
        "Cache-Control": [
          "private"
        ],
        "Date": [
          "Wed, 12 Sep 2018 01:36:23 GMT"
        ],
        "ETag": [
          "00000003-0000-0000-806d-b601394ad401"
        ],
        "Server": [
          "Microsoft-IIS/8.5"
        ],
        "X-AspNet-Version": [
          "4.0.30319"
        ],
        "X-Powered-By": [
          "ASP.NET"
        ]
      },
      "StatusCode": 200
    },
    {
      "RequestUri": "/subscriptions/726f8cd6-6459-4db4-8e6d-2cd2716904e2/resourceGroups/ps3207/providers/Microsoft.Network/dnsZones/ps414.pstest.test?api-version=2018-05-01",
      "EncodedRequestUri": "L3N1YnNjcmlwdGlvbnMvNzI2ZjhjZDYtNjQ1OS00ZGI0LThlNmQtMmNkMjcxNjkwNGUyL3Jlc291cmNlR3JvdXBzL3BzMzIwNy9wcm92aWRlcnMvTWljcm9zb2Z0Lk5ldHdvcmsvZG5zWm9uZXMvcHM0MTQucHN0ZXN0LnRlc3Q/YXBpLXZlcnNpb249MjAxOC0wNS0wMQ==",
=======
          "f179363c-d573-4fcb-ad49-b427b4dc9f73"
        ],
        "Server": [
          "Microsoft-IIS/10.0"
        ],
        "X-Powered-By": [
          "ASP.NET"
        ],
        "x-ms-ratelimit-remaining-subscription-resource-requests": [
          "497"
        ],
        "x-ms-correlation-request-id": [
          "72adf319-5716-4241-99fa-13f5e0353b8c"
        ],
        "x-ms-routing-request-id": [
          "WESTEUROPE:20200409T130753Z:72adf319-5716-4241-99fa-13f5e0353b8c"
        ],
        "Date": [
          "Thu, 09 Apr 2020 13:07:52 GMT"
        ],
        "Content-Length": [
          "573"
        ],
        "Content-Type": [
          "application/json; charset=utf-8"
        ]
      },
      "ResponseBody": "{\r\n  \"id\": \"/subscriptions/947d47b4-7883-4bb9-9d85-c5e8e2f572ce/resourceGroups/ps2430/providers/Microsoft.Network/dnszones/ps6653.pstest.test\",\r\n  \"name\": \"ps6653.pstest.test\",\r\n  \"type\": \"Microsoft.Network/dnszones\",\r\n  \"etag\": \"00000003-0000-0000-7e64-dfdc6f0ed601\",\r\n  \"location\": \"global\",\r\n  \"tags\": {\r\n    \"tag2\": \"value2\",\r\n    \"tag1\": \"value1\"\r\n  },\r\n  \"properties\": {\r\n    \"maxNumberOfRecordSets\": 10000,\r\n    \"maxNumberOfRecordsPerRecordSet\": null,\r\n    \"nameServers\": [\r\n      \"ns1-01.ppe.azure-dns.com.\",\r\n      \"ns2-01.ppe.azure-dns.net.\",\r\n      \"ns3-01.ppe.azure-dns.org.\",\r\n      \"ns4-01.ppe.azure-dns.info.\"\r\n    ],\r\n    \"numberOfRecordSets\": 2,\r\n    \"zoneType\": \"Public\"\r\n  }\r\n}",
      "StatusCode": 200
    },
    {
      "RequestUri": "/subscriptions/947d47b4-7883-4bb9-9d85-c5e8e2f572ce/resourceGroups/ps2430/providers/Microsoft.Network/dnsZones/ps6653.pstest.test?api-version=2018-05-01",
      "EncodedRequestUri": "L3N1YnNjcmlwdGlvbnMvOTQ3ZDQ3YjQtNzg4My00YmI5LTlkODUtYzVlOGUyZjU3MmNlL3Jlc291cmNlR3JvdXBzL3BzMjQzMC9wcm92aWRlcnMvTWljcm9zb2Z0Lk5ldHdvcmsvZG5zWm9uZXMvcHM2NjUzLnBzdGVzdC50ZXN0P2FwaS12ZXJzaW9uPTIwMTgtMDUtMDE=",
>>>>>>> d78b04a5306127f583235b13752c48d4f7d1289a
      "RequestMethod": "GET",
      "RequestBody": "",
      "RequestHeaders": {
        "x-ms-client-request-id": [
<<<<<<< HEAD
          "d90258e8-c4df-4b6e-a0f7-72ac68bede6a"
        ],
        "accept-language": [
          "en-US"
        ],
        "User-Agent": [
          "FxVersion/4.7.3132.0",
          "OSName/Windows10Enterprise",
          "OSVersion/6.3.17134",
          "Microsoft.Azure.Management.Dns.DnsManagementClient/3.0.0.0"
        ]
      },
      "ResponseBody": "{\r\n  \"id\": \"/subscriptions/726f8cd6-6459-4db4-8e6d-2cd2716904e2/resourceGroups/ps3207/providers/Microsoft.Network/dnszones/ps414.pstest.test\",\r\n  \"name\": \"ps414.pstest.test\",\r\n  \"type\": \"Microsoft.Network/dnszones\",\r\n  \"etag\": \"00000003-0000-0000-806d-b601394ad401\",\r\n  \"location\": \"global\",\r\n  \"tags\": {\r\n    \"tag2\": \"value2\",\r\n    \"tag1\": \"value1\"\r\n  },\r\n  \"properties\": {\r\n    \"maxNumberOfRecordSets\": 6000,\r\n    \"maxNumberOfRecordsPerRecordSet\": null,\r\n    \"nameServers\": [\r\n      \"ns1-1.daily.azure-dns.com\",\r\n      \"ns2-1.daily.azure-dns.net\",\r\n      \"ns3-1.daily.azure-dns.org\",\r\n      \"ns4-1.daily.azure-dns.info\"\r\n    ],\r\n    \"numberOfRecordSets\": 2,\r\n    \"zoneType\": \"Public\"\r\n  }\r\n}",
      "ResponseHeaders": {
        "Content-Length": [
          "570"
        ],
        "Content-Type": [
          "application/json; charset=utf-8"
=======
          "b471b5e8-142f-4f57-b5d0-cf7610aa9eab"
        ],
        "Accept-Language": [
          "en-US"
        ],
        "User-Agent": [
          "FxVersion/4.6.28516.03",
          "OSName/Windows",
          "OSVersion/Microsoft.Windows.10.0.18363.",
          "Microsoft.Azure.Management.Dns.DnsManagementClient/3.0.1.0"
        ]
      },
      "ResponseHeaders": {
        "Cache-Control": [
          "private"
        ],
        "ETag": [
          "00000003-0000-0000-7e64-dfdc6f0ed601"
>>>>>>> d78b04a5306127f583235b13752c48d4f7d1289a
        ],
        "X-Content-Type-Options": [
          "nosniff"
        ],
        "Strict-Transport-Security": [
          "max-age=31536000; includeSubDomains"
        ],
        "x-ms-request-id": [
<<<<<<< HEAD
          "d90258e8-c4df-4b6e-a0f7-72ac68bede6a"
        ],
        "x-ms-ratelimit-remaining-subscription-resource-requests": [
          "11995"
        ],
        "x-ms-correlation-request-id": [
          "fe69f06e-1d0c-4ee5-b739-12263da345b6"
        ],
        "x-ms-routing-request-id": [
          "WESTEUROPE:20180912T013623Z:fe69f06e-1d0c-4ee5-b739-12263da345b6"
        ],
        "Cache-Control": [
          "private"
        ],
        "Date": [
          "Wed, 12 Sep 2018 01:36:23 GMT"
        ],
        "ETag": [
          "00000003-0000-0000-806d-b601394ad401"
        ],
        "Server": [
          "Microsoft-IIS/8.5"
        ],
        "X-AspNet-Version": [
          "4.0.30319"
        ],
        "X-Powered-By": [
          "ASP.NET"
        ]
      },
      "StatusCode": 200
    },
    {
      "RequestUri": "/subscriptions/726f8cd6-6459-4db4-8e6d-2cd2716904e2/resourceGroups/ps3207/providers/Microsoft.Network/dnsZones/ps414.pstest.test?api-version=2018-05-01",
      "EncodedRequestUri": "L3N1YnNjcmlwdGlvbnMvNzI2ZjhjZDYtNjQ1OS00ZGI0LThlNmQtMmNkMjcxNjkwNGUyL3Jlc291cmNlR3JvdXBzL3BzMzIwNy9wcm92aWRlcnMvTWljcm9zb2Z0Lk5ldHdvcmsvZG5zWm9uZXMvcHM0MTQucHN0ZXN0LnRlc3Q/YXBpLXZlcnNpb249MjAxOC0wNS0wMQ==",
=======
          "b471b5e8-142f-4f57-b5d0-cf7610aa9eab"
        ],
        "Server": [
          "Microsoft-IIS/10.0"
        ],
        "X-Powered-By": [
          "ASP.NET"
        ],
        "x-ms-ratelimit-remaining-subscription-resource-requests": [
          "496"
        ],
        "x-ms-correlation-request-id": [
          "80bfac16-14cf-4e90-b3a7-806cad256e15"
        ],
        "x-ms-routing-request-id": [
          "WESTEUROPE:20200409T130753Z:80bfac16-14cf-4e90-b3a7-806cad256e15"
        ],
        "Date": [
          "Thu, 09 Apr 2020 13:07:53 GMT"
        ],
        "Content-Length": [
          "573"
        ],
        "Content-Type": [
          "application/json; charset=utf-8"
        ]
      },
      "ResponseBody": "{\r\n  \"id\": \"/subscriptions/947d47b4-7883-4bb9-9d85-c5e8e2f572ce/resourceGroups/ps2430/providers/Microsoft.Network/dnszones/ps6653.pstest.test\",\r\n  \"name\": \"ps6653.pstest.test\",\r\n  \"type\": \"Microsoft.Network/dnszones\",\r\n  \"etag\": \"00000003-0000-0000-7e64-dfdc6f0ed601\",\r\n  \"location\": \"global\",\r\n  \"tags\": {\r\n    \"tag2\": \"value2\",\r\n    \"tag1\": \"value1\"\r\n  },\r\n  \"properties\": {\r\n    \"maxNumberOfRecordSets\": 10000,\r\n    \"maxNumberOfRecordsPerRecordSet\": null,\r\n    \"nameServers\": [\r\n      \"ns1-01.ppe.azure-dns.com.\",\r\n      \"ns2-01.ppe.azure-dns.net.\",\r\n      \"ns3-01.ppe.azure-dns.org.\",\r\n      \"ns4-01.ppe.azure-dns.info.\"\r\n    ],\r\n    \"numberOfRecordSets\": 2,\r\n    \"zoneType\": \"Public\"\r\n  }\r\n}",
      "StatusCode": 200
    },
    {
      "RequestUri": "/subscriptions/947d47b4-7883-4bb9-9d85-c5e8e2f572ce/resourceGroups/ps2430/providers/Microsoft.Network/dnsZones/ps6653.pstest.test?api-version=2018-05-01",
      "EncodedRequestUri": "L3N1YnNjcmlwdGlvbnMvOTQ3ZDQ3YjQtNzg4My00YmI5LTlkODUtYzVlOGUyZjU3MmNlL3Jlc291cmNlR3JvdXBzL3BzMjQzMC9wcm92aWRlcnMvTWljcm9zb2Z0Lk5ldHdvcmsvZG5zWm9uZXMvcHM2NjUzLnBzdGVzdC50ZXN0P2FwaS12ZXJzaW9uPTIwMTgtMDUtMDE=",
>>>>>>> d78b04a5306127f583235b13752c48d4f7d1289a
      "RequestMethod": "GET",
      "RequestBody": "",
      "RequestHeaders": {
        "x-ms-client-request-id": [
<<<<<<< HEAD
          "d151b5ab-d98f-43a0-a341-e09be3d0c335"
        ],
        "accept-language": [
          "en-US"
        ],
        "User-Agent": [
          "FxVersion/4.7.3132.0",
          "OSName/Windows10Enterprise",
          "OSVersion/6.3.17134",
          "Microsoft.Azure.Management.Dns.DnsManagementClient/3.0.0.0"
        ]
      },
      "ResponseBody": "{\r\n  \"error\": {\r\n    \"code\": \"ResourceNotFound\",\r\n    \"message\": \"The Resource 'Microsoft.Network/dnszones/ps414.pstest.test' under resource group 'ps3207' was not found.\"\r\n  }\r\n}",
      "ResponseHeaders": {
        "Content-Length": [
          "154"
        ],
        "Content-Type": [
          "application/json; charset=utf-8"
        ],
        "Expires": [
          "-1"
        ],
        "Pragma": [
          "no-cache"
        ],
        "x-ms-failure-cause": [
          "gateway"
        ],
        "x-ms-request-id": [
          "54d520b5-0505-490f-b1e3-25cdb3b0716b"
        ],
        "x-ms-correlation-request-id": [
          "54d520b5-0505-490f-b1e3-25cdb3b0716b"
        ],
        "x-ms-routing-request-id": [
          "WESTEUROPE:20180912T013635Z:54d520b5-0505-490f-b1e3-25cdb3b0716b"
        ],
        "Strict-Transport-Security": [
          "max-age=31536000; includeSubDomains"
        ],
        "X-Content-Type-Options": [
          "nosniff"
        ],
        "Cache-Control": [
          "no-cache"
        ],
        "Date": [
          "Wed, 12 Sep 2018 01:36:34 GMT"
        ]
      },
      "StatusCode": 404
    },
    {
      "RequestUri": "/subscriptions/726f8cd6-6459-4db4-8e6d-2cd2716904e2/resourceGroups/ps3207/providers/Microsoft.Network/dnsZones/ps414.pstest.test?api-version=2018-05-01",
      "EncodedRequestUri": "L3N1YnNjcmlwdGlvbnMvNzI2ZjhjZDYtNjQ1OS00ZGI0LThlNmQtMmNkMjcxNjkwNGUyL3Jlc291cmNlR3JvdXBzL3BzMzIwNy9wcm92aWRlcnMvTWljcm9zb2Z0Lk5ldHdvcmsvZG5zWm9uZXMvcHM0MTQucHN0ZXN0LnRlc3Q/YXBpLXZlcnNpb249MjAxOC0wNS0wMQ==",
=======
          "40026409-1530-46ee-94ee-2264cc248767"
        ],
        "Accept-Language": [
          "en-US"
        ],
        "User-Agent": [
          "FxVersion/4.6.28516.03",
          "OSName/Windows",
          "OSVersion/Microsoft.Windows.10.0.18363.",
          "Microsoft.Azure.Management.Dns.DnsManagementClient/3.0.1.0"
        ]
      },
      "ResponseHeaders": {
        "Cache-Control": [
          "private"
        ],
        "X-Content-Type-Options": [
          "nosniff"
        ],
        "Strict-Transport-Security": [
          "max-age=31536000; includeSubDomains"
        ],
        "x-ms-request-id": [
          "40026409-1530-46ee-94ee-2264cc248767"
        ],
        "Server": [
          "Microsoft-IIS/10.0"
        ],
        "X-Powered-By": [
          "ASP.NET"
        ],
        "x-ms-ratelimit-remaining-subscription-resource-requests": [
          "495"
        ],
        "x-ms-correlation-request-id": [
          "0cc15ba0-56b3-439b-b448-791d146ed4fc"
        ],
        "x-ms-routing-request-id": [
          "WESTEUROPE:20200409T130759Z:0cc15ba0-56b3-439b-b448-791d146ed4fc"
        ],
        "Date": [
          "Thu, 09 Apr 2020 13:07:59 GMT"
        ],
        "Content-Length": [
          "159"
        ],
        "Content-Type": [
          "application/json; charset=utf-8"
        ]
      },
      "ResponseBody": "{\r\n  \"code\": \"NotFound\",\r\n  \"message\": \"The zone 'ps6653.pstest.test' does not exist in resource group 'ps2430' of subscription '947d47b4-7883-4bb9-9d85-c5e8e2f572ce'.\"\r\n}",
      "StatusCode": 404
    },
    {
      "RequestUri": "/subscriptions/947d47b4-7883-4bb9-9d85-c5e8e2f572ce/resourceGroups/ps2430/providers/Microsoft.Network/dnsZones/ps6653.pstest.test?api-version=2018-05-01",
      "EncodedRequestUri": "L3N1YnNjcmlwdGlvbnMvOTQ3ZDQ3YjQtNzg4My00YmI5LTlkODUtYzVlOGUyZjU3MmNlL3Jlc291cmNlR3JvdXBzL3BzMjQzMC9wcm92aWRlcnMvTWljcm9zb2Z0Lk5ldHdvcmsvZG5zWm9uZXMvcHM2NjUzLnBzdGVzdC50ZXN0P2FwaS12ZXJzaW9uPTIwMTgtMDUtMDE=",
>>>>>>> d78b04a5306127f583235b13752c48d4f7d1289a
      "RequestMethod": "DELETE",
      "RequestBody": "",
      "RequestHeaders": {
        "x-ms-client-request-id": [
<<<<<<< HEAD
          "ce840151-a94e-4341-813d-1db3d3c62ab6"
=======
          "cbbb5820-2bc3-4052-be0c-5624db0739e6"
>>>>>>> d78b04a5306127f583235b13752c48d4f7d1289a
        ],
        "If-Match": [
          "*"
        ],
<<<<<<< HEAD
        "accept-language": [
          "en-US"
        ],
        "User-Agent": [
          "FxVersion/4.7.3132.0",
          "OSName/Windows10Enterprise",
          "OSVersion/6.3.17134",
          "Microsoft.Azure.Management.Dns.DnsManagementClient/3.0.0.0"
        ]
      },
      "ResponseBody": "",
      "ResponseHeaders": {
        "Content-Length": [
          "0"
=======
        "Accept-Language": [
          "en-US"
        ],
        "User-Agent": [
          "FxVersion/4.6.28516.03",
          "OSName/Windows",
          "OSVersion/Microsoft.Windows.10.0.18363.",
          "Microsoft.Azure.Management.Dns.DnsManagementClient/3.0.1.0"
        ]
      },
      "ResponseHeaders": {
        "Cache-Control": [
          "private"
        ],
        "Location": [
          "https://management.azure.com/subscriptions/947d47b4-7883-4bb9-9d85-c5e8e2f572ce/resourceGroups/ps2430/providers/Microsoft.Network/dnsOperationResults/delzone63722034475158448192cc5763?api-version=2018-05-01"
>>>>>>> d78b04a5306127f583235b13752c48d4f7d1289a
        ],
        "Retry-After": [
          "3"
        ],
        "X-Content-Type-Options": [
          "nosniff"
        ],
        "Strict-Transport-Security": [
          "max-age=31536000; includeSubDomains"
        ],
        "Azure-AsyncOperation": [
<<<<<<< HEAD
          "https://api-dogfood.resources.windows-int.net:443/subscriptions/726f8cd6-6459-4db4-8e6d-2cd2716904e2/resourceGroups/ps3207/providers/Microsoft.Network/dnsOperationStatuses/delzone63672312984643877115b4f0a2?api-version=2018-05-01"
        ],
        "x-ms-request-id": [
          "ce840151-a94e-4341-813d-1db3d3c62ab6"
        ],
        "x-ms-ratelimit-remaining-subscription-resource-requests": [
          "11997"
        ],
        "x-ms-correlation-request-id": [
          "ba18a710-ba38-4550-8e16-17f77b59482b"
        ],
        "x-ms-routing-request-id": [
          "WESTEUROPE:20180912T013624Z:ba18a710-ba38-4550-8e16-17f77b59482b"
        ],
        "Cache-Control": [
          "private"
        ],
        "Date": [
          "Wed, 12 Sep 2018 01:36:24 GMT"
        ],
        "Location": [
          "https://api-dogfood.resources.windows-int.net/subscriptions/726f8cd6-6459-4db4-8e6d-2cd2716904e2/resourceGroups/ps3207/providers/Microsoft.Network/dnsOperationResults/delzone63672312984643877115b4f0a2?api-version=2018-05-01"
        ],
        "Server": [
          "Microsoft-IIS/8.5"
        ],
        "X-AspNet-Version": [
          "4.0.30319"
        ],
        "X-Powered-By": [
          "ASP.NET"
        ]
      },
      "StatusCode": 202
    },
    {
      "RequestUri": "/subscriptions/726f8cd6-6459-4db4-8e6d-2cd2716904e2/resourceGroups/ps3207/providers/Microsoft.Network/dnsOperationStatuses/delzone63672312984643877115b4f0a2?api-version=2018-05-01",
      "EncodedRequestUri": "L3N1YnNjcmlwdGlvbnMvNzI2ZjhjZDYtNjQ1OS00ZGI0LThlNmQtMmNkMjcxNjkwNGUyL3Jlc291cmNlR3JvdXBzL3BzMzIwNy9wcm92aWRlcnMvTWljcm9zb2Z0Lk5ldHdvcmsvZG5zT3BlcmF0aW9uU3RhdHVzZXMvZGVsem9uZTYzNjcyMzEyOTg0NjQzODc3MTE1YjRmMGEyP2FwaS12ZXJzaW9uPTIwMTgtMDUtMDE=",
=======
          "https://management.azure.com:443/subscriptions/947d47b4-7883-4bb9-9d85-c5e8e2f572ce/resourceGroups/ps2430/providers/Microsoft.Network/dnsOperationStatuses/delzone63722034475158448192cc5763?api-version=2018-05-01"
        ],
        "x-ms-request-id": [
          "cbbb5820-2bc3-4052-be0c-5624db0739e6"
        ],
        "Server": [
          "Microsoft-IIS/10.0"
        ],
        "X-Powered-By": [
          "ASP.NET"
        ],
        "x-ms-ratelimit-remaining-subscription-resource-requests": [
          "11999"
        ],
        "x-ms-correlation-request-id": [
          "f904faca-6702-4c20-8523-8c42b7c2d3ba"
        ],
        "x-ms-routing-request-id": [
          "WESTEUROPE:20200409T130755Z:f904faca-6702-4c20-8523-8c42b7c2d3ba"
        ],
        "Date": [
          "Thu, 09 Apr 2020 13:07:55 GMT"
        ],
        "Content-Length": [
          "0"
        ]
      },
      "ResponseBody": "",
      "StatusCode": 202
    },
    {
      "RequestUri": "/subscriptions/947d47b4-7883-4bb9-9d85-c5e8e2f572ce/resourceGroups/ps2430/providers/Microsoft.Network/dnsOperationStatuses/delzone63722034475158448192cc5763?api-version=2018-05-01",
      "EncodedRequestUri": "L3N1YnNjcmlwdGlvbnMvOTQ3ZDQ3YjQtNzg4My00YmI5LTlkODUtYzVlOGUyZjU3MmNlL3Jlc291cmNlR3JvdXBzL3BzMjQzMC9wcm92aWRlcnMvTWljcm9zb2Z0Lk5ldHdvcmsvZG5zT3BlcmF0aW9uU3RhdHVzZXMvZGVsem9uZTYzNzIyMDM0NDc1MTU4NDQ4MTkyY2M1NzYzP2FwaS12ZXJzaW9uPTIwMTgtMDUtMDE=",
>>>>>>> d78b04a5306127f583235b13752c48d4f7d1289a
      "RequestMethod": "GET",
      "RequestBody": "",
      "RequestHeaders": {
        "User-Agent": [
<<<<<<< HEAD
          "FxVersion/4.7.3132.0",
          "OSName/Windows10Enterprise",
          "OSVersion/6.3.17134",
          "Microsoft.Azure.Management.Dns.DnsManagementClient/3.0.0.0"
        ]
      },
      "ResponseBody": "{\r\n  \"status\": \"Succeeded\"\r\n}",
      "ResponseHeaders": {
        "Content-Length": [
          "22"
        ],
        "Content-Type": [
          "application/json; charset=utf-8"
=======
          "FxVersion/4.6.28516.03",
          "OSName/Windows",
          "OSVersion/Microsoft.Windows.10.0.18363.",
          "Microsoft.Azure.Management.Dns.DnsManagementClient/3.0.1.0"
        ]
      },
      "ResponseHeaders": {
        "Cache-Control": [
          "private"
>>>>>>> d78b04a5306127f583235b13752c48d4f7d1289a
        ],
        "X-Content-Type-Options": [
          "nosniff"
        ],
        "Strict-Transport-Security": [
          "max-age=31536000; includeSubDomains"
        ],
        "x-ms-request-id": [
<<<<<<< HEAD
          "07c310b9-cca5-4569-9868-2b40730cc47c"
        ],
        "x-ms-ratelimit-remaining-subscription-resource-requests": [
          "11997"
        ],
        "x-ms-correlation-request-id": [
          "7fbbcb9a-55a7-41f7-9e74-e8e35c43fd4c"
        ],
        "x-ms-routing-request-id": [
          "WESTEUROPE:20180912T013635Z:7fbbcb9a-55a7-41f7-9e74-e8e35c43fd4c"
        ],
        "Cache-Control": [
          "private"
        ],
        "Date": [
          "Wed, 12 Sep 2018 01:36:34 GMT"
        ],
        "Server": [
          "Microsoft-IIS/8.5"
        ],
        "X-AspNet-Version": [
          "4.0.30319"
        ],
        "X-Powered-By": [
          "ASP.NET"
        ]
      },
      "StatusCode": 200
    },
    {
      "RequestUri": "/subscriptions/726f8cd6-6459-4db4-8e6d-2cd2716904e2/resourceGroups/ps3207/providers/Microsoft.Network/dnsOperationResults/delzone63672312984643877115b4f0a2?api-version=2018-05-01",
      "EncodedRequestUri": "L3N1YnNjcmlwdGlvbnMvNzI2ZjhjZDYtNjQ1OS00ZGI0LThlNmQtMmNkMjcxNjkwNGUyL3Jlc291cmNlR3JvdXBzL3BzMzIwNy9wcm92aWRlcnMvTWljcm9zb2Z0Lk5ldHdvcmsvZG5zT3BlcmF0aW9uUmVzdWx0cy9kZWx6b25lNjM2NzIzMTI5ODQ2NDM4NzcxMTViNGYwYTI/YXBpLXZlcnNpb249MjAxOC0wNS0wMQ==",
=======
          "3ede6176-2ae5-468b-989b-d3dbc6cf25f2"
        ],
        "Server": [
          "Microsoft-IIS/10.0"
        ],
        "X-Powered-By": [
          "ASP.NET"
        ],
        "x-ms-ratelimit-remaining-subscription-resource-requests": [
          "499"
        ],
        "x-ms-correlation-request-id": [
          "63d3d837-88f3-43cc-9610-1a8c7ffcfe03"
        ],
        "x-ms-routing-request-id": [
          "WESTEUROPE:20200409T130758Z:63d3d837-88f3-43cc-9610-1a8c7ffcfe03"
        ],
        "Date": [
          "Thu, 09 Apr 2020 13:07:58 GMT"
        ],
        "Content-Length": [
          "22"
        ],
        "Content-Type": [
          "application/json; charset=utf-8"
        ]
      },
      "ResponseBody": "{\r\n  \"status\": \"Succeeded\"\r\n}",
      "StatusCode": 200
    },
    {
      "RequestUri": "/subscriptions/947d47b4-7883-4bb9-9d85-c5e8e2f572ce/resourceGroups/ps2430/providers/Microsoft.Network/dnsOperationResults/delzone63722034475158448192cc5763?api-version=2018-05-01",
      "EncodedRequestUri": "L3N1YnNjcmlwdGlvbnMvOTQ3ZDQ3YjQtNzg4My00YmI5LTlkODUtYzVlOGUyZjU3MmNlL3Jlc291cmNlR3JvdXBzL3BzMjQzMC9wcm92aWRlcnMvTWljcm9zb2Z0Lk5ldHdvcmsvZG5zT3BlcmF0aW9uUmVzdWx0cy9kZWx6b25lNjM3MjIwMzQ0NzUxNTg0NDgxOTJjYzU3NjM/YXBpLXZlcnNpb249MjAxOC0wNS0wMQ==",
>>>>>>> d78b04a5306127f583235b13752c48d4f7d1289a
      "RequestMethod": "GET",
      "RequestBody": "",
      "RequestHeaders": {
        "User-Agent": [
<<<<<<< HEAD
          "FxVersion/4.7.3132.0",
          "OSName/Windows10Enterprise",
          "OSVersion/6.3.17134",
          "Microsoft.Azure.Management.Dns.DnsManagementClient/3.0.0.0"
        ]
      },
      "ResponseBody": "true",
      "ResponseHeaders": {
        "Content-Length": [
          "4"
        ],
        "Content-Type": [
          "application/json; charset=utf-8"
=======
          "FxVersion/4.6.28516.03",
          "OSName/Windows",
          "OSVersion/Microsoft.Windows.10.0.18363.",
          "Microsoft.Azure.Management.Dns.DnsManagementClient/3.0.1.0"
        ]
      },
      "ResponseHeaders": {
        "Cache-Control": [
          "private"
>>>>>>> d78b04a5306127f583235b13752c48d4f7d1289a
        ],
        "X-Content-Type-Options": [
          "nosniff"
        ],
        "Strict-Transport-Security": [
          "max-age=31536000; includeSubDomains"
        ],
        "x-ms-request-id": [
<<<<<<< HEAD
          "f1f43658-b2c6-409b-846d-cead345dbf4c"
        ],
        "x-ms-ratelimit-remaining-subscription-resource-requests": [
          "11997"
        ],
        "x-ms-correlation-request-id": [
          "c53d8c4d-1e5b-4ea1-88dd-950cfbbafc9b"
        ],
        "x-ms-routing-request-id": [
          "WESTEUROPE:20180912T013635Z:c53d8c4d-1e5b-4ea1-88dd-950cfbbafc9b"
        ],
        "Cache-Control": [
          "private"
        ],
        "Date": [
          "Wed, 12 Sep 2018 01:36:34 GMT"
        ],
        "Server": [
          "Microsoft-IIS/8.5"
        ],
        "X-AspNet-Version": [
          "4.0.30319"
        ],
        "X-Powered-By": [
          "ASP.NET"
        ]
      },
      "StatusCode": 200
    },
    {
      "RequestUri": "/subscriptions/726f8cd6-6459-4db4-8e6d-2cd2716904e2/resourcegroups/ps3207?api-version=2016-09-01",
      "EncodedRequestUri": "L3N1YnNjcmlwdGlvbnMvNzI2ZjhjZDYtNjQ1OS00ZGI0LThlNmQtMmNkMjcxNjkwNGUyL3Jlc291cmNlZ3JvdXBzL3BzMzIwNz9hcGktdmVyc2lvbj0yMDE2LTA5LTAx",
=======
          "f5d1a233-1e8e-4492-802e-ff786dde12dc"
        ],
        "Server": [
          "Microsoft-IIS/10.0"
        ],
        "X-Powered-By": [
          "ASP.NET"
        ],
        "x-ms-ratelimit-remaining-subscription-resource-requests": [
          "499"
        ],
        "x-ms-correlation-request-id": [
          "1cebe0e7-19a4-4663-9a2b-c40733d8d971"
        ],
        "x-ms-routing-request-id": [
          "WESTEUROPE:20200409T130759Z:1cebe0e7-19a4-4663-9a2b-c40733d8d971"
        ],
        "Date": [
          "Thu, 09 Apr 2020 13:07:58 GMT"
        ],
        "Content-Length": [
          "4"
        ],
        "Content-Type": [
          "application/json; charset=utf-8"
        ]
      },
      "ResponseBody": "true",
      "StatusCode": 200
    },
    {
      "RequestUri": "/subscriptions/947d47b4-7883-4bb9-9d85-c5e8e2f572ce/resourcegroups/ps2430?api-version=2016-09-01",
      "EncodedRequestUri": "L3N1YnNjcmlwdGlvbnMvOTQ3ZDQ3YjQtNzg4My00YmI5LTlkODUtYzVlOGUyZjU3MmNlL3Jlc291cmNlZ3JvdXBzL3BzMjQzMD9hcGktdmVyc2lvbj0yMDE2LTA5LTAx",
>>>>>>> d78b04a5306127f583235b13752c48d4f7d1289a
      "RequestMethod": "DELETE",
      "RequestBody": "",
      "RequestHeaders": {
        "x-ms-client-request-id": [
<<<<<<< HEAD
          "f8ed717f-0cfc-4897-b178-a6518b0379c6"
        ],
        "accept-language": [
          "en-US"
        ],
        "User-Agent": [
          "FxVersion/4.7.3132.0",
          "OSName/Windows10Enterprise",
          "OSVersion/6.3.17134",
          "Microsoft.Azure.Management.Internal.Resources.ResourceManagementClient/4.1.0"
        ]
      },
      "ResponseBody": "",
      "ResponseHeaders": {
        "Content-Length": [
          "0"
        ],
        "Expires": [
          "-1"
=======
          "c07c426a-85b3-44cc-9042-24652ff774c6"
        ],
        "Accept-Language": [
          "en-US"
        ],
        "User-Agent": [
          "FxVersion/4.6.28516.03",
          "OSName/Windows",
          "OSVersion/Microsoft.Windows.10.0.18363.",
          "Microsoft.Azure.Management.Internal.Resources.ResourceManagementClient/1.3.11"
        ]
      },
      "ResponseHeaders": {
        "Cache-Control": [
          "no-cache"
>>>>>>> d78b04a5306127f583235b13752c48d4f7d1289a
        ],
        "Pragma": [
          "no-cache"
        ],
<<<<<<< HEAD
=======
        "Location": [
          "https://management.azure.com/subscriptions/947d47b4-7883-4bb9-9d85-c5e8e2f572ce/operationresults/eyJqb2JJZCI6IlJFU09VUkNFR1JPVVBERUxFVElPTkpPQi1QUzI0MzAtV0VTVFVTIiwiam9iTG9jYXRpb24iOiJ3ZXN0dXMifQ?api-version=2016-09-01"
        ],
>>>>>>> d78b04a5306127f583235b13752c48d4f7d1289a
        "Retry-After": [
          "15"
        ],
        "x-ms-ratelimit-remaining-subscription-deletes": [
<<<<<<< HEAD
          "14999"
        ],
        "x-ms-request-id": [
          "67a65158-3c04-42d0-9139-f0172583ee7a"
        ],
        "x-ms-correlation-request-id": [
          "67a65158-3c04-42d0-9139-f0172583ee7a"
        ],
        "x-ms-routing-request-id": [
          "WESTEUROPE:20180912T013637Z:67a65158-3c04-42d0-9139-f0172583ee7a"
=======
          "14998"
        ],
        "x-ms-request-id": [
          "9066b52f-1d40-437f-929d-9ec1e68238f0"
        ],
        "x-ms-correlation-request-id": [
          "9066b52f-1d40-437f-929d-9ec1e68238f0"
        ],
        "x-ms-routing-request-id": [
          "WESTEUROPE:20200409T130802Z:9066b52f-1d40-437f-929d-9ec1e68238f0"
>>>>>>> d78b04a5306127f583235b13752c48d4f7d1289a
        ],
        "Strict-Transport-Security": [
          "max-age=31536000; includeSubDomains"
        ],
        "X-Content-Type-Options": [
          "nosniff"
        ],
<<<<<<< HEAD
        "Cache-Control": [
          "no-cache"
        ],
        "Date": [
          "Wed, 12 Sep 2018 01:36:37 GMT"
        ],
        "Location": [
          "https://api-dogfood.resources.windows-int.net/subscriptions/726f8cd6-6459-4db4-8e6d-2cd2716904e2/operationresults/eyJqb2JJZCI6IlJFU09VUkNFR1JPVVBERUxFVElPTkpPQi1QUzMyMDctV0VTVFVTIiwiam9iTG9jYXRpb24iOiJ3ZXN0dXMifQ?api-version=2016-09-01"
        ]
      },
      "StatusCode": 202
    },
    {
      "RequestUri": "/subscriptions/726f8cd6-6459-4db4-8e6d-2cd2716904e2/operationresults/eyJqb2JJZCI6IlJFU09VUkNFR1JPVVBERUxFVElPTkpPQi1QUzMyMDctV0VTVFVTIiwiam9iTG9jYXRpb24iOiJ3ZXN0dXMifQ?api-version=2016-09-01",
      "EncodedRequestUri": "L3N1YnNjcmlwdGlvbnMvNzI2ZjhjZDYtNjQ1OS00ZGI0LThlNmQtMmNkMjcxNjkwNGUyL29wZXJhdGlvbnJlc3VsdHMvZXlKcWIySkpaQ0k2SWxKRlUwOVZVa05GUjFKUFZWQkVSVXhGVkVsUFRrcFBRaTFRVXpNeU1EY3RWMFZUVkZWVElpd2lhbTlpVEc5allYUnBiMjRpT2lKM1pYTjBkWE1pZlE/YXBpLXZlcnNpb249MjAxNi0wOS0wMQ==",
=======
        "Date": [
          "Thu, 09 Apr 2020 13:08:01 GMT"
        ],
        "Expires": [
          "-1"
        ],
        "Content-Length": [
          "0"
        ]
      },
      "ResponseBody": "",
      "StatusCode": 202
    },
    {
      "RequestUri": "/subscriptions/947d47b4-7883-4bb9-9d85-c5e8e2f572ce/operationresults/eyJqb2JJZCI6IlJFU09VUkNFR1JPVVBERUxFVElPTkpPQi1QUzI0MzAtV0VTVFVTIiwiam9iTG9jYXRpb24iOiJ3ZXN0dXMifQ?api-version=2016-09-01",
      "EncodedRequestUri": "L3N1YnNjcmlwdGlvbnMvOTQ3ZDQ3YjQtNzg4My00YmI5LTlkODUtYzVlOGUyZjU3MmNlL29wZXJhdGlvbnJlc3VsdHMvZXlKcWIySkpaQ0k2SWxKRlUwOVZVa05GUjFKUFZWQkVSVXhGVkVsUFRrcFBRaTFRVXpJME16QXRWMFZUVkZWVElpd2lhbTlpVEc5allYUnBiMjRpT2lKM1pYTjBkWE1pZlE/YXBpLXZlcnNpb249MjAxNi0wOS0wMQ==",
>>>>>>> d78b04a5306127f583235b13752c48d4f7d1289a
      "RequestMethod": "GET",
      "RequestBody": "",
      "RequestHeaders": {
        "User-Agent": [
<<<<<<< HEAD
          "FxVersion/4.7.3132.0",
          "OSName/Windows10Enterprise",
          "OSVersion/6.3.17134",
          "Microsoft.Azure.Management.Internal.Resources.ResourceManagementClient/4.1.0"
        ]
      },
      "ResponseBody": "",
      "ResponseHeaders": {
        "Content-Length": [
          "0"
        ],
        "Expires": [
          "-1"
=======
          "FxVersion/4.6.28516.03",
          "OSName/Windows",
          "OSVersion/Microsoft.Windows.10.0.18363.",
          "Microsoft.Azure.Management.Internal.Resources.ResourceManagementClient/1.3.11"
        ]
      },
      "ResponseHeaders": {
        "Cache-Control": [
          "no-cache"
>>>>>>> d78b04a5306127f583235b13752c48d4f7d1289a
        ],
        "Pragma": [
          "no-cache"
        ],
<<<<<<< HEAD
=======
        "Location": [
          "https://management.azure.com/subscriptions/947d47b4-7883-4bb9-9d85-c5e8e2f572ce/operationresults/eyJqb2JJZCI6IlJFU09VUkNFR1JPVVBERUxFVElPTkpPQi1QUzI0MzAtV0VTVFVTIiwiam9iTG9jYXRpb24iOiJ3ZXN0dXMifQ?api-version=2016-09-01"
        ],
>>>>>>> d78b04a5306127f583235b13752c48d4f7d1289a
        "Retry-After": [
          "15"
        ],
        "x-ms-ratelimit-remaining-subscription-reads": [
<<<<<<< HEAD
          "14999"
        ],
        "x-ms-request-id": [
          "6e498523-7cd2-4f5a-9382-c6e25e7fbcae"
        ],
        "x-ms-correlation-request-id": [
          "6e498523-7cd2-4f5a-9382-c6e25e7fbcae"
        ],
        "x-ms-routing-request-id": [
          "WESTEUROPE:20180912T013653Z:6e498523-7cd2-4f5a-9382-c6e25e7fbcae"
=======
          "11999"
        ],
        "x-ms-request-id": [
          "65205516-1dad-405b-98ac-82bfc838c6c3"
        ],
        "x-ms-correlation-request-id": [
          "65205516-1dad-405b-98ac-82bfc838c6c3"
        ],
        "x-ms-routing-request-id": [
          "WESTEUROPE:20200409T130818Z:65205516-1dad-405b-98ac-82bfc838c6c3"
>>>>>>> d78b04a5306127f583235b13752c48d4f7d1289a
        ],
        "Strict-Transport-Security": [
          "max-age=31536000; includeSubDomains"
        ],
        "X-Content-Type-Options": [
          "nosniff"
        ],
<<<<<<< HEAD
        "Cache-Control": [
          "no-cache"
        ],
        "Date": [
          "Wed, 12 Sep 2018 01:36:53 GMT"
        ],
        "Location": [
          "https://api-dogfood.resources.windows-int.net/subscriptions/726f8cd6-6459-4db4-8e6d-2cd2716904e2/operationresults/eyJqb2JJZCI6IlJFU09VUkNFR1JPVVBERUxFVElPTkpPQi1QUzMyMDctV0VTVFVTIiwiam9iTG9jYXRpb24iOiJ3ZXN0dXMifQ?api-version=2016-09-01"
        ]
      },
      "StatusCode": 202
    },
    {
      "RequestUri": "/subscriptions/726f8cd6-6459-4db4-8e6d-2cd2716904e2/operationresults/eyJqb2JJZCI6IlJFU09VUkNFR1JPVVBERUxFVElPTkpPQi1QUzMyMDctV0VTVFVTIiwiam9iTG9jYXRpb24iOiJ3ZXN0dXMifQ?api-version=2016-09-01",
      "EncodedRequestUri": "L3N1YnNjcmlwdGlvbnMvNzI2ZjhjZDYtNjQ1OS00ZGI0LThlNmQtMmNkMjcxNjkwNGUyL29wZXJhdGlvbnJlc3VsdHMvZXlKcWIySkpaQ0k2SWxKRlUwOVZVa05GUjFKUFZWQkVSVXhGVkVsUFRrcFBRaTFRVXpNeU1EY3RWMFZUVkZWVElpd2lhbTlpVEc5allYUnBiMjRpT2lKM1pYTjBkWE1pZlE/YXBpLXZlcnNpb249MjAxNi0wOS0wMQ==",
=======
        "Date": [
          "Thu, 09 Apr 2020 13:08:18 GMT"
        ],
        "Expires": [
          "-1"
        ],
        "Content-Length": [
          "0"
        ]
      },
      "ResponseBody": "",
      "StatusCode": 202
    },
    {
      "RequestUri": "/subscriptions/947d47b4-7883-4bb9-9d85-c5e8e2f572ce/operationresults/eyJqb2JJZCI6IlJFU09VUkNFR1JPVVBERUxFVElPTkpPQi1QUzI0MzAtV0VTVFVTIiwiam9iTG9jYXRpb24iOiJ3ZXN0dXMifQ?api-version=2016-09-01",
      "EncodedRequestUri": "L3N1YnNjcmlwdGlvbnMvOTQ3ZDQ3YjQtNzg4My00YmI5LTlkODUtYzVlOGUyZjU3MmNlL29wZXJhdGlvbnJlc3VsdHMvZXlKcWIySkpaQ0k2SWxKRlUwOVZVa05GUjFKUFZWQkVSVXhGVkVsUFRrcFBRaTFRVXpJME16QXRWMFZUVkZWVElpd2lhbTlpVEc5allYUnBiMjRpT2lKM1pYTjBkWE1pZlE/YXBpLXZlcnNpb249MjAxNi0wOS0wMQ==",
>>>>>>> d78b04a5306127f583235b13752c48d4f7d1289a
      "RequestMethod": "GET",
      "RequestBody": "",
      "RequestHeaders": {
        "User-Agent": [
<<<<<<< HEAD
          "FxVersion/4.7.3132.0",
          "OSName/Windows10Enterprise",
          "OSVersion/6.3.17134",
          "Microsoft.Azure.Management.Internal.Resources.ResourceManagementClient/4.1.0"
        ]
      },
      "ResponseBody": "",
      "ResponseHeaders": {
        "Content-Length": [
          "0"
        ],
        "Expires": [
          "-1"
=======
          "FxVersion/4.6.28516.03",
          "OSName/Windows",
          "OSVersion/Microsoft.Windows.10.0.18363.",
          "Microsoft.Azure.Management.Internal.Resources.ResourceManagementClient/1.3.11"
        ]
      },
      "ResponseHeaders": {
        "Cache-Control": [
          "no-cache"
>>>>>>> d78b04a5306127f583235b13752c48d4f7d1289a
        ],
        "Pragma": [
          "no-cache"
        ],
<<<<<<< HEAD
=======
        "Location": [
          "https://management.azure.com/subscriptions/947d47b4-7883-4bb9-9d85-c5e8e2f572ce/operationresults/eyJqb2JJZCI6IlJFU09VUkNFR1JPVVBERUxFVElPTkpPQi1QUzI0MzAtV0VTVFVTIiwiam9iTG9jYXRpb24iOiJ3ZXN0dXMifQ?api-version=2016-09-01"
        ],
>>>>>>> d78b04a5306127f583235b13752c48d4f7d1289a
        "Retry-After": [
          "15"
        ],
        "x-ms-ratelimit-remaining-subscription-reads": [
<<<<<<< HEAD
          "14998"
        ],
        "x-ms-request-id": [
          "01ce5a26-0c35-48b0-80a8-fea6f42b38b9"
        ],
        "x-ms-correlation-request-id": [
          "01ce5a26-0c35-48b0-80a8-fea6f42b38b9"
        ],
        "x-ms-routing-request-id": [
          "WESTEUROPE:20180912T013708Z:01ce5a26-0c35-48b0-80a8-fea6f42b38b9"
=======
          "11998"
        ],
        "x-ms-request-id": [
          "d97b1ddd-47e0-4c02-9047-16457e586b22"
        ],
        "x-ms-correlation-request-id": [
          "d97b1ddd-47e0-4c02-9047-16457e586b22"
        ],
        "x-ms-routing-request-id": [
          "WESTEUROPE:20200409T130833Z:d97b1ddd-47e0-4c02-9047-16457e586b22"
>>>>>>> d78b04a5306127f583235b13752c48d4f7d1289a
        ],
        "Strict-Transport-Security": [
          "max-age=31536000; includeSubDomains"
        ],
        "X-Content-Type-Options": [
          "nosniff"
        ],
<<<<<<< HEAD
        "Cache-Control": [
          "no-cache"
        ],
        "Date": [
          "Wed, 12 Sep 2018 01:37:08 GMT"
        ],
        "Location": [
          "https://api-dogfood.resources.windows-int.net/subscriptions/726f8cd6-6459-4db4-8e6d-2cd2716904e2/operationresults/eyJqb2JJZCI6IlJFU09VUkNFR1JPVVBERUxFVElPTkpPQi1QUzMyMDctV0VTVFVTIiwiam9iTG9jYXRpb24iOiJ3ZXN0dXMifQ?api-version=2016-09-01"
        ]
      },
      "StatusCode": 202
    },
    {
      "RequestUri": "/subscriptions/726f8cd6-6459-4db4-8e6d-2cd2716904e2/operationresults/eyJqb2JJZCI6IlJFU09VUkNFR1JPVVBERUxFVElPTkpPQi1QUzMyMDctV0VTVFVTIiwiam9iTG9jYXRpb24iOiJ3ZXN0dXMifQ?api-version=2016-09-01",
      "EncodedRequestUri": "L3N1YnNjcmlwdGlvbnMvNzI2ZjhjZDYtNjQ1OS00ZGI0LThlNmQtMmNkMjcxNjkwNGUyL29wZXJhdGlvbnJlc3VsdHMvZXlKcWIySkpaQ0k2SWxKRlUwOVZVa05GUjFKUFZWQkVSVXhGVkVsUFRrcFBRaTFRVXpNeU1EY3RWMFZUVkZWVElpd2lhbTlpVEc5allYUnBiMjRpT2lKM1pYTjBkWE1pZlE/YXBpLXZlcnNpb249MjAxNi0wOS0wMQ==",
=======
        "Date": [
          "Thu, 09 Apr 2020 13:08:33 GMT"
        ],
        "Expires": [
          "-1"
        ],
        "Content-Length": [
          "0"
        ]
      },
      "ResponseBody": "",
      "StatusCode": 202
    },
    {
      "RequestUri": "/subscriptions/947d47b4-7883-4bb9-9d85-c5e8e2f572ce/operationresults/eyJqb2JJZCI6IlJFU09VUkNFR1JPVVBERUxFVElPTkpPQi1QUzI0MzAtV0VTVFVTIiwiam9iTG9jYXRpb24iOiJ3ZXN0dXMifQ?api-version=2016-09-01",
      "EncodedRequestUri": "L3N1YnNjcmlwdGlvbnMvOTQ3ZDQ3YjQtNzg4My00YmI5LTlkODUtYzVlOGUyZjU3MmNlL29wZXJhdGlvbnJlc3VsdHMvZXlKcWIySkpaQ0k2SWxKRlUwOVZVa05GUjFKUFZWQkVSVXhGVkVsUFRrcFBRaTFRVXpJME16QXRWMFZUVkZWVElpd2lhbTlpVEc5allYUnBiMjRpT2lKM1pYTjBkWE1pZlE/YXBpLXZlcnNpb249MjAxNi0wOS0wMQ==",
>>>>>>> d78b04a5306127f583235b13752c48d4f7d1289a
      "RequestMethod": "GET",
      "RequestBody": "",
      "RequestHeaders": {
        "User-Agent": [
<<<<<<< HEAD
          "FxVersion/4.7.3132.0",
          "OSName/Windows10Enterprise",
          "OSVersion/6.3.17134",
          "Microsoft.Azure.Management.Internal.Resources.ResourceManagementClient/4.1.0"
        ]
      },
      "ResponseBody": "",
      "ResponseHeaders": {
        "Content-Length": [
          "0"
        ],
        "Expires": [
          "-1"
=======
          "FxVersion/4.6.28516.03",
          "OSName/Windows",
          "OSVersion/Microsoft.Windows.10.0.18363.",
          "Microsoft.Azure.Management.Internal.Resources.ResourceManagementClient/1.3.11"
        ]
      },
      "ResponseHeaders": {
        "Cache-Control": [
          "no-cache"
>>>>>>> d78b04a5306127f583235b13752c48d4f7d1289a
        ],
        "Pragma": [
          "no-cache"
        ],
        "x-ms-ratelimit-remaining-subscription-reads": [
<<<<<<< HEAD
          "14997"
        ],
        "x-ms-request-id": [
          "a92d3dd7-2b56-469b-a6f8-6c8b208a80b9"
        ],
        "x-ms-correlation-request-id": [
          "a92d3dd7-2b56-469b-a6f8-6c8b208a80b9"
        ],
        "x-ms-routing-request-id": [
          "WESTEUROPE:20180912T013724Z:a92d3dd7-2b56-469b-a6f8-6c8b208a80b9"
=======
          "11997"
        ],
        "x-ms-request-id": [
          "aecd25c0-aa52-4ec1-af6b-60ce62f212a5"
        ],
        "x-ms-correlation-request-id": [
          "aecd25c0-aa52-4ec1-af6b-60ce62f212a5"
        ],
        "x-ms-routing-request-id": [
          "WESTEUROPE:20200409T130849Z:aecd25c0-aa52-4ec1-af6b-60ce62f212a5"
>>>>>>> d78b04a5306127f583235b13752c48d4f7d1289a
        ],
        "Strict-Transport-Security": [
          "max-age=31536000; includeSubDomains"
        ],
        "X-Content-Type-Options": [
          "nosniff"
        ],
<<<<<<< HEAD
        "Cache-Control": [
          "no-cache"
        ],
        "Date": [
          "Wed, 12 Sep 2018 01:37:24 GMT"
        ]
      },
      "StatusCode": 200
    },
    {
      "RequestUri": "/subscriptions/726f8cd6-6459-4db4-8e6d-2cd2716904e2/operationresults/eyJqb2JJZCI6IlJFU09VUkNFR1JPVVBERUxFVElPTkpPQi1QUzMyMDctV0VTVFVTIiwiam9iTG9jYXRpb24iOiJ3ZXN0dXMifQ?api-version=2016-09-01",
      "EncodedRequestUri": "L3N1YnNjcmlwdGlvbnMvNzI2ZjhjZDYtNjQ1OS00ZGI0LThlNmQtMmNkMjcxNjkwNGUyL29wZXJhdGlvbnJlc3VsdHMvZXlKcWIySkpaQ0k2SWxKRlUwOVZVa05GUjFKUFZWQkVSVXhGVkVsUFRrcFBRaTFRVXpNeU1EY3RWMFZUVkZWVElpd2lhbTlpVEc5allYUnBiMjRpT2lKM1pYTjBkWE1pZlE/YXBpLXZlcnNpb249MjAxNi0wOS0wMQ==",
=======
        "Date": [
          "Thu, 09 Apr 2020 13:08:48 GMT"
        ],
        "Expires": [
          "-1"
        ],
        "Content-Length": [
          "0"
        ]
      },
      "ResponseBody": "",
      "StatusCode": 200
    },
    {
      "RequestUri": "/subscriptions/947d47b4-7883-4bb9-9d85-c5e8e2f572ce/operationresults/eyJqb2JJZCI6IlJFU09VUkNFR1JPVVBERUxFVElPTkpPQi1QUzI0MzAtV0VTVFVTIiwiam9iTG9jYXRpb24iOiJ3ZXN0dXMifQ?api-version=2016-09-01",
      "EncodedRequestUri": "L3N1YnNjcmlwdGlvbnMvOTQ3ZDQ3YjQtNzg4My00YmI5LTlkODUtYzVlOGUyZjU3MmNlL29wZXJhdGlvbnJlc3VsdHMvZXlKcWIySkpaQ0k2SWxKRlUwOVZVa05GUjFKUFZWQkVSVXhGVkVsUFRrcFBRaTFRVXpJME16QXRWMFZUVkZWVElpd2lhbTlpVEc5allYUnBiMjRpT2lKM1pYTjBkWE1pZlE/YXBpLXZlcnNpb249MjAxNi0wOS0wMQ==",
>>>>>>> d78b04a5306127f583235b13752c48d4f7d1289a
      "RequestMethod": "GET",
      "RequestBody": "",
      "RequestHeaders": {
        "User-Agent": [
<<<<<<< HEAD
          "FxVersion/4.7.3132.0",
          "OSName/Windows10Enterprise",
          "OSVersion/6.3.17134",
          "Microsoft.Azure.Management.Internal.Resources.ResourceManagementClient/4.1.0"
        ]
      },
      "ResponseBody": "",
      "ResponseHeaders": {
        "Content-Length": [
          "0"
        ],
        "Expires": [
          "-1"
=======
          "FxVersion/4.6.28516.03",
          "OSName/Windows",
          "OSVersion/Microsoft.Windows.10.0.18363.",
          "Microsoft.Azure.Management.Internal.Resources.ResourceManagementClient/1.3.11"
        ]
      },
      "ResponseHeaders": {
        "Cache-Control": [
          "no-cache"
>>>>>>> d78b04a5306127f583235b13752c48d4f7d1289a
        ],
        "Pragma": [
          "no-cache"
        ],
        "x-ms-ratelimit-remaining-subscription-reads": [
<<<<<<< HEAD
          "14996"
        ],
        "x-ms-request-id": [
          "ecfad20c-8c8c-4ef3-864e-9f34ebf85b7e"
        ],
        "x-ms-correlation-request-id": [
          "ecfad20c-8c8c-4ef3-864e-9f34ebf85b7e"
        ],
        "x-ms-routing-request-id": [
          "WESTEUROPE:20180912T013724Z:ecfad20c-8c8c-4ef3-864e-9f34ebf85b7e"
=======
          "11996"
        ],
        "x-ms-request-id": [
          "262efdb7-5dd8-4538-834e-d2ad6307707a"
        ],
        "x-ms-correlation-request-id": [
          "262efdb7-5dd8-4538-834e-d2ad6307707a"
        ],
        "x-ms-routing-request-id": [
          "WESTEUROPE:20200409T130849Z:262efdb7-5dd8-4538-834e-d2ad6307707a"
>>>>>>> d78b04a5306127f583235b13752c48d4f7d1289a
        ],
        "Strict-Transport-Security": [
          "max-age=31536000; includeSubDomains"
        ],
        "X-Content-Type-Options": [
          "nosniff"
        ],
<<<<<<< HEAD
        "Cache-Control": [
          "no-cache"
        ],
        "Date": [
          "Wed, 12 Sep 2018 01:37:24 GMT"
        ]
      },
=======
        "Date": [
          "Thu, 09 Apr 2020 13:08:49 GMT"
        ],
        "Expires": [
          "-1"
        ],
        "Content-Length": [
          "0"
        ]
      },
      "ResponseBody": "",
>>>>>>> d78b04a5306127f583235b13752c48d4f7d1289a
      "StatusCode": 200
    }
  ],
  "Names": {
    "Test-ZoneCrud": [
<<<<<<< HEAD
      "ps414",
      "ps3207"
    ]
  },
  "Variables": {
    "SubscriptionId": "726f8cd6-6459-4db4-8e6d-2cd2716904e2"
=======
      "ps6653",
      "ps2430"
    ]
  },
  "Variables": {
    "SubscriptionId": "947d47b4-7883-4bb9-9d85-c5e8e2f572ce"
>>>>>>> d78b04a5306127f583235b13752c48d4f7d1289a
  }
}