{
  "Get-AzMySqlServer+[NoContext]+List1+$GET+https://management.azure.com/subscriptions/9e223dbe-3399-4e19-88eb-0975f02ac87f/providers/Microsoft.DBforMySQL/servers?api-version=2017-12-01+1": {
    "Request": {
      "Method": "GET",
      "RequestUri": "https://management.azure.com/subscriptions/9e223dbe-3399-4e19-88eb-0975f02ac87f/providers/Microsoft.DBforMySQL/servers?api-version=2017-12-01",
      "Content": null,
      "Headers": {
        "x-ms-unique-id": [ "1" ],
        "x-ms-client-request-id": [ "ee25ffb0-0dc9-424d-903b-29dd0933c0e8" ],
        "CommandName": [ "Get-AzMySqlServer" ],
        "FullCommandName": [ "Get-AzMySqlServer_List1" ],
        "ParameterSetName": [ "__AllParameterSets" ],
        "User-Agent": [ "AzurePowershell/Az4.0.0-preview" ],
        "Authorization": [ "[Filtered]" ]
      },
      "ContentHeaders": {
      }
    },
    "Response": {
      "StatusCode": 200,
      "Headers": {
        "Cache-Control": [ "no-cache" ],
        "Pragma": [ "no-cache" ],
        "x-ms-request-id": [ "e6902d56-a3fc-4a8f-8a59-b207048a7ea1" ],
        "Server": [ "Microsoft-HTTPAPI/2.0" ],
        "x-ms-ratelimit-remaining-subscription-reads": [ "11993" ],
        "x-ms-correlation-request-id": [ "492f9156-37ed-4ff8-81cc-719b07010315" ],
        "x-ms-routing-request-id": [ "SOUTHEASTASIA:20200724T060709Z:492f9156-37ed-4ff8-81cc-719b07010315" ],
        "Strict-Transport-Security": [ "max-age=31536000; includeSubDomains" ],
        "X-Content-Type-Options": [ "nosniff" ],
        "Date": [ "Fri, 24 Jul 2020 06:07:08 GMT" ]
      },
      "ContentHeaders": {
        "Content-Length": [ "8839" ],
        "Content-Type": [ "application/json; charset=utf-8" ],
        "Expires": [ "-1" ]
      },
      "Content": "{\"value\":[{\"sku\":{\"name\":\"B_Gen5_2\",\"tier\":\"Basic\",\"family\":\"Gen5\",\"capacity\":2},\"properties\":{\"administratorLogin\":\"lucas\",\"storageProfile\":{\"storageMB\":51200,\"backupRetentionDays\":7,\"geoRedundantBackup\":\"Disabled\",\"storageAutogrow\":\"Enabled\"},\"version\":\"5.7\",\"sslEnforcement\":\"Enabled\",\"minimalTlsVersion\":\"TLSEnforcementDisabled\",\"userVisibleState\":\"Ready\",\"fullyQualifiedDomainName\":\"azuremysql-dev.mysql.database.azure.com\",\"earliestRestoreDate\":\"2020-07-17T06:07:08.9960907+00:00\",\"replicationRole\":\"\",\"masterServerId\":\"\",\"byokEnforcement\":\"Disabled\",\"privateEndpointConnections\":[],\"infrastructureEncryption\":\"Disabled\",\"publicNetworkAccess\":\"Enabled\"},\"location\":\"eastus\",\"tags\":{},\"id\":\"/subscriptions/9e223dbe-3399-4e19-88eb-0975f02ac87f/resourceGroups/azureps-manual-test/providers/Microsoft.DBforMySQL/servers/azuremysql-dev\",\"name\":\"azuremysql-dev\",\"type\":\"Microsoft.DBforMySQL/servers\"},{\"sku\":{\"name\":\"GP_Gen5_4\",\"tier\":\"GeneralPurpose\",\"family\":\"Gen5\",\"capacity\":4},\"properties\":{\"administratorLogin\":\"dbadmin\",\"storageProfile\":{\"storageMB\":102400,\"backupRetentionDays\":7,\"geoRedundantBackup\":\"Disabled\",\"storageAutogrow\":\"Enabled\"},\"version\":\"5.7\",\"sslEnforcement\":\"Enabled\",\"minimalTlsVersion\":\"TLSEnforcementDisabled\",\"userVisibleState\":\"Ready\",\"fullyQualifiedDomainName\":\"xdmmysql.mysql.database.azure.com\",\"earliestRestoreDate\":\"2020-07-17T06:07:08.9960907+00:00\",\"replicationRole\":\"\",\"masterServerId\":\"\",\"byokEnforcement\":\"Disabled\",\"privateEndpointConnections\":[],\"infrastructureEncryption\":\"Disabled\",\"publicNetworkAccess\":\"Enabled\"},\"location\":\"eastus\",\"tags\":{},\"id\":\"/subscriptions/9e223dbe-3399-4e19-88eb-0975f02ac87f/resourceGroups/dixue/providers/Microsoft.DBforMySQL/servers/xdmmysql\",\"name\":\"xdmmysql\",\"type\":\"Microsoft.DBforMySQL/servers\"},{\"sku\":{\"name\":\"GP_Gen5_4\",\"tier\":\"GeneralPurpose\",\"family\":\"Gen5\",\"capacity\":4},\"properties\":{\"administratorLogin\":\"adminuser\",\"storageProfile\":{\"storageMB\":5120,\"backupRetentionDays\":7,\"geoRedundantBackup\":\"Disabled\",\"storageAutogrow\":\"Disabled\"},\"version\":\"5.7\",\"sslEnforcement\":\"Enabled\",\"minimalTlsVersion\":\"TLSEnforcementDisabled\",\"userVisibleState\":\"Ready\",\"fullyQualifiedDomainName\":\"mysql-test01.mysql.database.azure.com\",\"earliestRestoreDate\":\"2020-07-24T02:00:15.2+00:00\",\"replicationRole\":\"\",\"masterServerId\":\"\",\"byokEnforcement\":\"Disabled\",\"privateEndpointConnections\":[],\"infrastructureEncryption\":\"Disabled\",\"publicNetworkAccess\":\"Enabled\"},\"location\":\"eastus\",\"id\":\"/subscriptions/9e223dbe-3399-4e19-88eb-0975f02ac87f/resourceGroups/lucas-manual-test/providers/Microsoft.DBforMySQL/servers/mysql-test01\",\"name\":\"mysql-test01\",\"type\":\"Microsoft.DBforMySQL/servers\"},{\"sku\":{\"name\":\"GP_Gen5_4\",\"tier\":\"GeneralPurpose\",\"family\":\"Gen5\",\"capacity\":4},\"properties\":{\"administratorLogin\":\"adminuser\",\"storageProfile\":{\"storageMB\":5120,\"backupRetentionDays\":7,\"geoRedundantBackup\":\"Disabled\",\"storageAutogrow\":\"Disabled\"},\"version\":\"5.7\",\"sslEnforcement\":\"Enabled\",\"minimalTlsVersion\":\"TLSEnforcementDisabled\",\"userVisibleState\":\"Ready\",\"fullyQualifiedDomainName\":\"mysql-test05.mysql.database.azure.com\",\"earliestRestoreDate\":\"2020-07-24T02:26:40.383+00:00\",\"replicationRole\":\"\",\"masterServerId\":\"\",\"byokEnforcement\":\"Disabled\",\"privateEndpointConnections\":[],\"infrastructureEncryption\":\"Disabled\",\"publicNetworkAccess\":\"Enabled\"},\"location\":\"eastus\",\"id\":\"/subscriptions/9e223dbe-3399-4e19-88eb-0975f02ac87f/resourceGroups/lucas-manual-test/providers/Microsoft.DBforMySQL/servers/mysql-test05\",\"name\":\"mysql-test05\",\"type\":\"Microsoft.DBforMySQL/servers\"},{\"sku\":{\"name\":\"GP_Gen5_4\",\"tier\":\"GeneralPurpose\",\"family\":\"Gen5\",\"capacity\":4},\"properties\":{\"administratorLogin\":\"adminuser\",\"storageProfile\":{\"storageMB\":5120,\"backupRetentionDays\":7,\"geoRedundantBackup\":\"Disabled\",\"storageAutogrow\":\"Disabled\"},\"version\":\"5.7\",\"sslEnforcement\":\"Enabled\",\"minimalTlsVersion\":\"TLSEnforcementDisabled\",\"userVisibleState\":\"Ready\",\"fullyQualifiedDomainName\":\"mysql-test03.mysql.database.azure.com\",\"earliestRestoreDate\":\"2020-07-24T02:30:31.007+00:00\",\"replicationRole\":\"\",\"masterServerId\":\"\",\"byokEnforcement\":\"Disabled\",\"privateEndpointConnections\":[],\"infrastructureEncryption\":\"Disabled\",\"publicNetworkAccess\":\"Enabled\"},\"location\":\"eastus\",\"id\":\"/subscriptions/9e223dbe-3399-4e19-88eb-0975f02ac87f/resourceGroups/lucas-manual-test/providers/Microsoft.DBforMySQL/servers/mysql-test03\",\"name\":\"mysql-test03\",\"type\":\"Microsoft.DBforMySQL/servers\"},{\"sku\":{\"name\":\"GP_Gen5_4\",\"tier\":\"GeneralPurpose\",\"family\":\"Gen5\",\"capacity\":4},\"properties\":{\"administratorLogin\":\"adminuser\",\"storageProfile\":{\"storageMB\":5120,\"backupRetentionDays\":7,\"geoRedundantBackup\":\"Disabled\",\"storageAutogrow\":\"Disabled\"},\"version\":\"5.7\",\"sslEnforcement\":\"Enabled\",\"minimalTlsVersion\":\"TLSEnforcementDisabled\",\"userVisibleState\":\"Ready\",\"fullyQualifiedDomainName\":\"mysql-test04.mysql.database.azure.com\",\"earliestRestoreDate\":\"2020-07-24T02:43:20.62+00:00\",\"replicationRole\":\"\",\"masterServerId\":\"\",\"byokEnforcement\":\"Disabled\",\"privateEndpointConnections\":[],\"infrastructureEncryption\":\"Disabled\",\"publicNetworkAccess\":\"Enabled\"},\"location\":\"eastus\",\"id\":\"/subscriptions/9e223dbe-3399-4e19-88eb-0975f02ac87f/resourceGroups/lucas-manual-test/providers/Microsoft.DBforMySQL/servers/mysql-test04\",\"name\":\"mysql-test04\",\"type\":\"Microsoft.DBforMySQL/servers\"},{\"sku\":{\"name\":\"GP_Gen5_4\",\"tier\":\"GeneralPurpose\",\"family\":\"Gen5\",\"capacity\":4},\"properties\":{\"administratorLogin\":\"adminuser\",\"storageProfile\":{\"storageMB\":5120,\"backupRetentionDays\":7,\"geoRedundantBackup\":\"Disabled\",\"storageAutogrow\":\"Disabled\"},\"version\":\"5.7\",\"sslEnforcement\":\"Enabled\",\"minimalTlsVersion\":\"TLSEnforcementDisabled\",\"userVisibleState\":\"Ready\",\"fullyQualifiedDomainName\":\"mysql-test06.mysql.database.azure.com\",\"earliestRestoreDate\":\"2020-07-24T02:58:37.123+00:00\",\"replicationRole\":\"\",\"masterServerId\":\"\",\"byokEnforcement\":\"Disabled\",\"privateEndpointConnections\":[],\"infrastructureEncryption\":\"Disabled\",\"publicNetworkAccess\":\"Enabled\"},\"location\":\"eastus\",\"id\":\"/subscriptions/9e223dbe-3399-4e19-88eb-0975f02ac87f/resourceGroups/lucas-manual-test/providers/Microsoft.DBforMySQL/servers/mysql-test06\",\"name\":\"mysql-test06\",\"type\":\"Microsoft.DBforMySQL/servers\"},{\"sku\":{\"name\":\"GP_Gen5_4\",\"tier\":\"GeneralPurpose\",\"family\":\"Gen5\",\"capacity\":4},\"properties\":{\"administratorLogin\":\"adminuser\",\"storageProfile\":{\"storageMB\":5120,\"backupRetentionDays\":7,\"geoRedundantBackup\":\"Disabled\",\"storageAutogrow\":\"Disabled\"},\"version\":\"5.7\",\"sslEnforcement\":\"Enabled\",\"minimalTlsVersion\":\"TLSEnforcementDisabled\",\"userVisibleState\":\"Ready\",\"fullyQualifiedDomainName\":\"mysql-test07.mysql.database.azure.com\",\"earliestRestoreDate\":\"2020-07-24T03:03:29.807+00:00\",\"replicationRole\":\"\",\"masterServerId\":\"\",\"byokEnforcement\":\"Disabled\",\"privateEndpointConnections\":[],\"infrastructureEncryption\":\"Disabled\",\"publicNetworkAccess\":\"Enabled\"},\"location\":\"eastus\",\"id\":\"/subscriptions/9e223dbe-3399-4e19-88eb-0975f02ac87f/resourceGroups/lucas-manual-test/providers/Microsoft.DBforMySQL/servers/mysql-test07\",\"name\":\"mysql-test07\",\"type\":\"Microsoft.DBforMySQL/servers\"},{\"sku\":{\"name\":\"GP_Gen5_4\",\"tier\":\"GeneralPurpose\",\"family\":\"Gen5\",\"capacity\":4},\"properties\":{\"administratorLogin\":\"mysql_test\",\"storageProfile\":{\"storageMB\":5120,\"backupRetentionDays\":7,\"geoRedundantBackup\":\"Disabled\",\"storageAutogrow\":\"Disabled\"},\"version\":\"5.7\",\"sslEnforcement\":\"Enabled\",\"minimalTlsVersion\":\"TLSEnforcementDisabled\",\"userVisibleState\":\"Ready\",\"fullyQualifiedDomainName\":\"mysql-test-100.mysql.database.azure.com\",\"earliestRestoreDate\":\"2020-07-24T03:52:43.253+00:00\",\"replicationRole\":\"\",\"masterServerId\":\"\",\"byokEnforcement\":\"Disabled\",\"privateEndpointConnections\":[],\"infrastructureEncryption\":\"Disabled\",\"publicNetworkAccess\":\"Enabled\"},\"location\":\"eastus\",\"id\":\"/subscriptions/9e223dbe-3399-4e19-88eb-0975f02ac87f/resourceGroups/MySqlTest/providers/Microsoft.DBforMySQL/servers/mysql-test-100\",\"name\":\"mysql-test-100\",\"type\":\"Microsoft.DBforMySQL/servers\"},{\"sku\":{\"name\":\"GP_Gen5_4\",\"tier\":\"GeneralPurpose\",\"family\":\"Gen5\",\"capacity\":4},\"properties\":{\"administratorLogin\":\"adminuser\",\"storageProfile\":{\"storageMB\":5120,\"backupRetentionDays\":7,\"geoRedundantBackup\":\"Disabled\",\"storageAutogrow\":\"Disabled\"},\"version\":\"5.7\",\"sslEnforcement\":\"Enabled\",\"minimalTlsVersion\":\"TLSEnforcementDisabled\",\"userVisibleState\":\"Ready\",\"fullyQualifiedDomainName\":\"mysql-test-888.mysql.database.azure.com\",\"earliestRestoreDate\":\"2020-07-24T04:06:02.24+00:00\",\"replicationRole\":\"\",\"masterServerId\":\"\",\"byokEnforcement\":\"Disabled\",\"privateEndpointConnections\":[],\"infrastructureEncryption\":\"Disabled\",\"publicNetworkAccess\":\"Enabled\"},\"location\":\"eastus\",\"id\":\"/subscriptions/9e223dbe-3399-4e19-88eb-0975f02ac87f/resourceGroups/lucas-manual-test/providers/Microsoft.DBforMySQL/servers/mysql-test-888\",\"name\":\"mysql-test-888\",\"type\":\"Microsoft.DBforMySQL/servers\"}]}"
    }
  },
  "Get-AzMySqlServer+[NoContext]+Get+$GET+https://management.azure.com/subscriptions/9e223dbe-3399-4e19-88eb-0975f02ac87f/resourceGroups/MySqlTest/providers/Microsoft.DBforMySQL/servers/mysql-test-100?api-version=2017-12-01+1": {
    "Request": {
      "Method": "GET",
      "RequestUri": "https://management.azure.com/subscriptions/9e223dbe-3399-4e19-88eb-0975f02ac87f/resourceGroups/MySqlTest/providers/Microsoft.DBforMySQL/servers/mysql-test-100?api-version=2017-12-01",
      "Content": null,
      "Headers": {
        "x-ms-unique-id": [ "2" ],
        "x-ms-client-request-id": [ "2c10b66b-029b-49e3-853c-1622687cdb5a" ],
        "CommandName": [ "Get-AzMySqlServer" ],
        "FullCommandName": [ "Get-AzMySqlServer_Get" ],
        "ParameterSetName": [ "__AllParameterSets" ],
        "User-Agent": [ "AzurePowershell/Az4.0.0-preview" ],
        "Authorization": [ "[Filtered]" ]
      },
      "ContentHeaders": {
      }
    },
    "Response": {
      "StatusCode": 200,
      "Headers": {
        "Cache-Control": [ "no-cache" ],
        "Pragma": [ "no-cache" ],
        "x-ms-request-id": [ "3f2e74b9-c164-4cdd-bd6a-3c396011246b" ],
        "Server": [ "Microsoft-HTTPAPI/2.0" ],
        "x-ms-ratelimit-remaining-subscription-reads": [ "11992" ],
        "x-ms-correlation-request-id": [ "0bc2c423-7885-49c6-8001-122ff9c8b628" ],
        "x-ms-routing-request-id": [ "SOUTHEASTASIA:20200724T060709Z:0bc2c423-7885-49c6-8001-122ff9c8b628" ],
        "Strict-Transport-Security": [ "max-age=31536000; includeSubDomains" ],
        "X-Content-Type-Options": [ "nosniff" ],
        "Date": [ "Fri, 24 Jul 2020 06:07:09 GMT" ]
      },
      "ContentHeaders": {
        "Content-Length": [ "905" ],
        "Content-Type": [ "application/json; charset=utf-8" ],
        "Expires": [ "-1" ]
      },
      "Content": "{\"sku\":{\"name\":\"GP_Gen5_4\",\"tier\":\"GeneralPurpose\",\"family\":\"Gen5\",\"capacity\":4},\"properties\":{\"administratorLogin\":\"mysql_test\",\"storageProfile\":{\"storageMB\":5120,\"backupRetentionDays\":7,\"geoRedundantBackup\":\"Disabled\",\"storageAutogrow\":\"Disabled\"},\"version\":\"5.7\",\"sslEnforcement\":\"Enabled\",\"minimalTlsVersion\":\"TLSEnforcementDisabled\",\"userVisibleState\":\"Ready\",\"fullyQualifiedDomainName\":\"mysql-test-100.mysql.database.azure.com\",\"earliestRestoreDate\":\"2020-07-24T03:52:43.253+00:00\",\"replicationRole\":\"None\",\"masterServerId\":\"\",\"replicaCapacity\":5,\"byokEnforcement\":\"Disabled\",\"privateEndpointConnections\":[],\"infrastructureEncryption\":\"Disabled\",\"publicNetworkAccess\":\"Enabled\"},\"location\":\"eastus\",\"id\":\"/subscriptions/9e223dbe-3399-4e19-88eb-0975f02ac87f/resourceGroups/MySqlTest/providers/Microsoft.DBforMySQL/servers/mysql-test-100\",\"name\":\"mysql-test-100\",\"type\":\"Microsoft.DBforMySQL/servers\"}"
    }
  },
  "Get-AzMySqlServer+[NoContext]+List+$GET+https://management.azure.com/subscriptions/9e223dbe-3399-4e19-88eb-0975f02ac87f/resourceGroups/MySqlTest/providers/Microsoft.DBforMySQL/servers?api-version=2017-12-01+1": {
    "Request": {
      "Method": "GET",
      "RequestUri": "https://management.azure.com/subscriptions/9e223dbe-3399-4e19-88eb-0975f02ac87f/resourceGroups/MySqlTest/providers/Microsoft.DBforMySQL/servers?api-version=2017-12-01",
      "Content": null,
      "Headers": {
        "x-ms-unique-id": [ "3" ],
        "x-ms-client-request-id": [ "4ac160bb-2e82-4016-b812-9fa9643c0740" ],
        "CommandName": [ "Get-AzMySqlServer" ],
        "FullCommandName": [ "Get-AzMySqlServer_List" ],
        "ParameterSetName": [ "__AllParameterSets" ],
        "User-Agent": [ "AzurePowershell/Az4.0.0-preview" ],
        "Authorization": [ "[Filtered]" ]
      },
      "ContentHeaders": {
      }
    },
    "Response": {
      "StatusCode": 200,
      "Headers": {
        "Cache-Control": [ "no-cache" ],
        "Pragma": [ "no-cache" ],
        "x-ms-request-id": [ "8abf4f03-06fc-4bfe-8e28-bad9e8784379" ],
        "Server": [ "Microsoft-HTTPAPI/2.0" ],
        "x-ms-ratelimit-remaining-subscription-reads": [ "11991" ],
        "x-ms-correlation-request-id": [ "0bf85407-84c2-43d2-bd4c-377c7e0f745d" ],
        "x-ms-routing-request-id": [ "SOUTHEASTASIA:20200724T060710Z:0bf85407-84c2-43d2-bd4c-377c7e0f745d" ],
        "Strict-Transport-Security": [ "max-age=31536000; includeSubDomains" ],
        "X-Content-Type-Options": [ "nosniff" ],
        "Date": [ "Fri, 24 Jul 2020 06:07:09 GMT" ]
      },
      "ContentHeaders": {
        "Content-Length": [ "893" ],
        "Content-Type": [ "application/json; charset=utf-8" ],
        "Expires": [ "-1" ]
      },
      "Content": "{\"value\":[{\"sku\":{\"name\":\"GP_Gen5_4\",\"tier\":\"GeneralPurpose\",\"family\":\"Gen5\",\"capacity\":4},\"properties\":{\"administratorLogin\":\"mysql_test\",\"storageProfile\":{\"storageMB\":5120,\"backupRetentionDays\":7,\"geoRedundantBackup\":\"Disabled\",\"storageAutogrow\":\"Disabled\"},\"version\":\"5.7\",\"sslEnforcement\":\"Enabled\",\"minimalTlsVersion\":\"TLSEnforcementDisabled\",\"userVisibleState\":\"Ready\",\"fullyQualifiedDomainName\":\"mysql-test-100.mysql.database.azure.com\",\"earliestRestoreDate\":\"2020-07-24T03:52:43.253+00:00\",\"replicationRole\":\"\",\"masterServerId\":\"\",\"byokEnforcement\":\"Disabled\",\"privateEndpointConnections\":[],\"infrastructureEncryption\":\"Disabled\",\"publicNetworkAccess\":\"Enabled\"},\"location\":\"eastus\",\"id\":\"/subscriptions/9e223dbe-3399-4e19-88eb-0975f02ac87f/resourceGroups/MySqlTest/providers/Microsoft.DBforMySQL/servers/mysql-test-100\",\"name\":\"mysql-test-100\",\"type\":\"Microsoft.DBforMySQL/servers\"}]}"
    }
  },
  "Get-AzMySqlServer+[NoContext]+GetViaIdentity+$GET+https://management.azure.com/subscriptions/9e223dbe-3399-4e19-88eb-0975f02ac87f/resourceGroups/MySqlTest/providers/Microsoft.DBforMySQL/servers/mysql-test-100?api-version=2017-12-01+1": {
    "Request": {
      "Method": "GET",
      "RequestUri": "https://management.azure.com/subscriptions/9e223dbe-3399-4e19-88eb-0975f02ac87f/resourceGroups/MySqlTest/providers/Microsoft.DBforMySQL/servers/mysql-test-100?api-version=2017-12-01",
      "Content": null,
      "Headers": {
        "x-ms-unique-id": [ "4" ],
        "x-ms-client-request-id": [ "4e03568e-9355-4a2e-83a9-08e678364b12" ],
        "CommandName": [ "Get-AzMySqlServer" ],
        "FullCommandName": [ "Get-AzMySqlServer_GetViaIdentity" ],
        "ParameterSetName": [ "__AllParameterSets" ],
        "User-Agent": [ "AzurePowershell/Az4.0.0-preview" ],
        "Authorization": [ "[Filtered]" ]
      },
      "ContentHeaders": {
      }
    },
    "Response": {
      "StatusCode": 200,
      "Headers": {
        "Cache-Control": [ "no-cache" ],
        "Pragma": [ "no-cache" ],
        "x-ms-request-id": [ "f4296d38-41e4-43c9-9c98-32a2bd7bd1dc" ],
        "Server": [ "Microsoft-HTTPAPI/2.0" ],
        "x-ms-ratelimit-remaining-subscription-reads": [ "11990" ],
        "x-ms-correlation-request-id": [ "b1b2dc0b-a1b9-4b2d-80d6-175675cd3d1c" ],
        "x-ms-routing-request-id": [ "SOUTHEASTASIA:20200724T060710Z:b1b2dc0b-a1b9-4b2d-80d6-175675cd3d1c" ],
        "Strict-Transport-Security": [ "max-age=31536000; includeSubDomains" ],
        "X-Content-Type-Options": [ "nosniff" ],
        "Date": [ "Fri, 24 Jul 2020 06:07:10 GMT" ]
      },
      "ContentHeaders": {
        "Content-Length": [ "905" ],
        "Content-Type": [ "application/json; charset=utf-8" ],
        "Expires": [ "-1" ]
      },
      "Content": "{\"sku\":{\"name\":\"GP_Gen5_4\",\"tier\":\"GeneralPurpose\",\"family\":\"Gen5\",\"capacity\":4},\"properties\":{\"administratorLogin\":\"mysql_test\",\"storageProfile\":{\"storageMB\":5120,\"backupRetentionDays\":7,\"geoRedundantBackup\":\"Disabled\",\"storageAutogrow\":\"Disabled\"},\"version\":\"5.7\",\"sslEnforcement\":\"Enabled\",\"minimalTlsVersion\":\"TLSEnforcementDisabled\",\"userVisibleState\":\"Ready\",\"fullyQualifiedDomainName\":\"mysql-test-100.mysql.database.azure.com\",\"earliestRestoreDate\":\"2020-07-24T03:52:43.253+00:00\",\"replicationRole\":\"None\",\"masterServerId\":\"\",\"replicaCapacity\":5,\"byokEnforcement\":\"Disabled\",\"privateEndpointConnections\":[],\"infrastructureEncryption\":\"Disabled\",\"publicNetworkAccess\":\"Enabled\"},\"location\":\"eastus\",\"id\":\"/subscriptions/9e223dbe-3399-4e19-88eb-0975f02ac87f/resourceGroups/MySqlTest/providers/Microsoft.DBforMySQL/servers/mysql-test-100\",\"name\":\"mysql-test-100\",\"type\":\"Microsoft.DBforMySQL/servers\"}"
    }
  }
}