{
  "New-AzMySqlServerReplica+[NoContext]+CreateExpanded+$GET+https://management.azure.com/subscriptions/ec0aa5f7-9e78-40c9-85cd-535c6305b380/resourceGroups/MySqlTest/providers/Microsoft.DBforMySQL/servers/mysql-test-100?api-version=2017-12-01+1": {
    "Request": {
      "Method": "GET",
      "RequestUri": "https://management.azure.com/subscriptions/ec0aa5f7-9e78-40c9-85cd-535c6305b380/resourceGroups/MySqlTest/providers/Microsoft.DBforMySQL/servers/mysql-test-100?api-version=2017-12-01",
      "Content": null,
      "Headers": {
        "x-ms-unique-id": [ "106" ],
        "x-ms-client-request-id": [ "344a07c7-9093-4625-9c88-73286141b496" ],
        "CommandName": [ "Get-AzMySqlServer" ],
        "FullCommandName": [ "Get-AzMySqlServer_Get" ],
        "ParameterSetName": [ "__AllParameterSets" ],
        "User-Agent": [ "PSVersion/v6.2.3" ],
        "Authorization": [ "[Filtered]" ]
      },
      "ContentHeaders": {
      }
    },
    "Response": {
      "StatusCode": 200,
      "Headers": {
        "Cache-Control": [ "no-cache" ],
        "Pragma": [ "no-cache" ],
        "x-ms-request-id": [ "27cdbbc1-8223-4628-b965-b17c1837a3ab" ],
        "Server": [ "Microsoft-HTTPAPI/2.0" ],
        "x-ms-ratelimit-remaining-subscription-reads": [ "11919" ],
        "x-ms-correlation-request-id": [ "7a53cdec-11f8-4739-9bf7-5352dd71e6c6" ],
        "x-ms-routing-request-id": [ "SOUTHEASTASIA:20200331T085536Z:7a53cdec-11f8-4739-9bf7-5352dd71e6c6" ],
        "Strict-Transport-Security": [ "max-age=31536000; includeSubDomains" ],
        "X-Content-Type-Options": [ "nosniff" ],
        "Date": [ "Tue, 31 Mar 2020 08:55:35 GMT" ]
      },
      "ContentHeaders": {
        "Content-Length": [ "905" ],
        "Content-Type": [ "application/json; charset=utf-8" ],
        "Expires": [ "-1" ]
      },
      "Content": "{\"sku\":{\"name\":\"GP_Gen5_4\",\"tier\":\"GeneralPurpose\",\"family\":\"Gen5\",\"capacity\":4},\"properties\":{\"administratorLogin\":\"mysql_test\",\"storageProfile\":{\"storageMB\":5120,\"backupRetentionDays\":7,\"geoRedundantBackup\":\"Disabled\",\"storageAutogrow\":\"Disabled\"},\"version\":\"5.7\",\"sslEnforcement\":\"Enabled\",\"minimalTlsVersion\":\"TLSEnforcementDisabled\",\"userVisibleState\":\"Ready\",\"fullyQualifiedDomainName\":\"mysql-test-100.mysql.database.azure.com\",\"earliestRestoreDate\":\"2020-03-31T08:45:43.003+00:00\",\"replicationRole\":\"None\",\"masterServerId\":\"\",\"replicaCapacity\":5,\"byokEnforcement\":\"Disabled\",\"privateEndpointConnections\":[],\"infrastructureEncryption\":\"Disabled\",\"publicNetworkAccess\":\"Enabled\"},\"location\":\"eastus\",\"id\":\"/subscriptions/ec0aa5f7-9e78-40c9-85cd-535c6305b380/resourceGroups/MySqlTest/providers/Microsoft.DBforMySQL/servers/mysql-test-100\",\"name\":\"mysql-test-100\",\"type\":\"Microsoft.DBforMySQL/servers\"}"
    }
  },
  "New-AzMySqlServerReplica+[NoContext]+CreateExpanded+$PUT+https://management.azure.com/subscriptions/ec0aa5f7-9e78-40c9-85cd-535c6305b380/resourceGroups/MySqlTest/providers/Microsoft.DBforMySQL/servers/mysql-test-100-replica?api-version=2017-12-01+2": {
    "Request": {
      "Method": "PUT",
      "RequestUri": "https://management.azure.com/subscriptions/ec0aa5f7-9e78-40c9-85cd-535c6305b380/resourceGroups/MySqlTest/providers/Microsoft.DBforMySQL/servers/mysql-test-100-replica?api-version=2017-12-01",
      "Content": "{\n  \"properties\": {\n    \"createMode\": \"Replica\",\n    \"sourceServerId\": \"/subscriptions/ec0aa5f7-9e78-40c9-85cd-535c6305b380/resourceGroups/MySqlTest/providers/Microsoft.DBforMySQL/servers/mysql-test-100\"\n  },\n  \"location\": \"eastus\"\n}",
      "Headers": {
        "x-ms-unique-id": [ "107" ],
        "x-ms-client-request-id": [ "5324b48e-6e10-4411-a8eb-741177766942" ],
        "CommandName": [ "Az.MySql.internal\\New-AzMySqlServer" ],
        "FullCommandName": [ "New-AzMySqlServer_Create" ],
        "ParameterSetName": [ "__AllParameterSets" ],
        "User-Agent": [ "PSVersion/v6.2.3" ],
        "Authorization": [ "[Filtered]" ]
      },
      "ContentHeaders": {
        "Content-Type": [ "application/json" ],
        "Content-Length": [ "233" ]
      }
    },
    "Response": {
      "StatusCode": 202,
      "Headers": {
        "Cache-Control": [ "no-cache" ],
        "Pragma": [ "no-cache" ],
        "Location": [ "https://management.azure.com/subscriptions/ec0aa5f7-9e78-40c9-85cd-535c6305b380/providers/Microsoft.DBforMySQL/locations/eastus/operationResults/b685e901-511a-4476-8cdc-7084dc693017?api-version=2017-12-01" ],
        "Retry-After": [ "30" ],
        "Azure-AsyncOperation": [ "https://management.azure.com/subscriptions/ec0aa5f7-9e78-40c9-85cd-535c6305b380/providers/Microsoft.DBforMySQL/locations/eastus/azureAsyncOperation/b685e901-511a-4476-8cdc-7084dc693017?api-version=2017-12-01" ],
        "x-ms-request-id": [ "b685e901-511a-4476-8cdc-7084dc693017" ],
        "Server": [ "Microsoft-HTTPAPI/2.0" ],
        "x-ms-ratelimit-remaining-subscription-writes": [ "1189" ],
        "x-ms-correlation-request-id": [ "d4f914f7-c176-46b2-8bd1-0da54c1062e9" ],
        "x-ms-routing-request-id": [ "SOUTHEASTASIA:20200331T085542Z:d4f914f7-c176-46b2-8bd1-0da54c1062e9" ],
        "Strict-Transport-Security": [ "max-age=31536000; includeSubDomains" ],
        "X-Content-Type-Options": [ "nosniff" ],
        "Date": [ "Tue, 31 Mar 2020 08:55:41 GMT" ]
      },
      "ContentHeaders": {
        "Content-Length": [ "88" ],
        "Content-Type": [ "application/json; charset=utf-8" ],
        "Expires": [ "-1" ]
      },
      "Content": "{\"operation\":\"CreateElasticServerContinuousCopy\",\"startTime\":\"2020-03-31T08:55:42.307Z\"}"
    }
  },
  "New-AzMySqlServerReplica+[NoContext]+CreateExpanded+$GET+https://management.azure.com/subscriptions/ec0aa5f7-9e78-40c9-85cd-535c6305b380/providers/Microsoft.DBforMySQL/locations/eastus/azureAsyncOperation/b685e901-511a-4476-8cdc-7084dc693017?api-version=2017-12-01+3": {
    "Request": {
      "Method": "GET",
      "RequestUri": "https://management.azure.com/subscriptions/ec0aa5f7-9e78-40c9-85cd-535c6305b380/providers/Microsoft.DBforMySQL/locations/eastus/azureAsyncOperation/b685e901-511a-4476-8cdc-7084dc693017?api-version=2017-12-01",
      "Content": null,
      "Headers": {
        "x-ms-unique-id": [ "107", "108" ],
        "x-ms-client-request-id": [ "5324b48e-6e10-4411-a8eb-741177766942", "5324b48e-6e10-4411-a8eb-741177766942" ],
        "CommandName": [ "Az.MySql.internal\\New-AzMySqlServer", "Az.MySql.internal\\New-AzMySqlServer" ],
        "FullCommandName": [ "New-AzMySqlServer_Create", "New-AzMySqlServer_Create" ],
        "ParameterSetName": [ "__AllParameterSets", "__AllParameterSets" ],
        "User-Agent": [ "PSVersion/v6.2.3", "PSVersion/v6.2.3" ],
        "Authorization": [ "[Filtered]" ]
      },
      "ContentHeaders": {
      }
    },
    "Response": {
      "StatusCode": 200,
      "Headers": {
        "Cache-Control": [ "no-cache" ],
        "Pragma": [ "no-cache" ],
        "Retry-After": [ "30" ],
        "x-ms-request-id": [ "aa811630-4401-47b9-b757-d5e378d4b58d" ],
        "Server": [ "Microsoft-HTTPAPI/2.0" ],
        "x-ms-ratelimit-remaining-subscription-reads": [ "11918" ],
        "x-ms-correlation-request-id": [ "ffcd7aeb-388e-4883-a5e2-57776975f8dc" ],
        "x-ms-routing-request-id": [ "SOUTHEASTASIA:20200331T085613Z:ffcd7aeb-388e-4883-a5e2-57776975f8dc" ],
        "Strict-Transport-Security": [ "max-age=31536000; includeSubDomains" ],
        "X-Content-Type-Options": [ "nosniff" ],
        "Date": [ "Tue, 31 Mar 2020 08:56:12 GMT" ]
      },
      "ContentHeaders": {
        "Content-Length": [ "108" ],
        "Content-Type": [ "application/json; charset=utf-8" ],
        "Expires": [ "-1" ]
      },
      "Content": "{\"name\":\"b685e901-511a-4476-8cdc-7084dc693017\",\"status\":\"InProgress\",\"startTime\":\"2020-03-31T08:55:42.307Z\"}"
    }
  },
  "New-AzMySqlServerReplica+[NoContext]+CreateExpanded+$GET+https://management.azure.com/subscriptions/ec0aa5f7-9e78-40c9-85cd-535c6305b380/providers/Microsoft.DBforMySQL/locations/eastus/azureAsyncOperation/b685e901-511a-4476-8cdc-7084dc693017?api-version=2017-12-01+4": {
    "Request": {
      "Method": "GET",
      "RequestUri": "https://management.azure.com/subscriptions/ec0aa5f7-9e78-40c9-85cd-535c6305b380/providers/Microsoft.DBforMySQL/locations/eastus/azureAsyncOperation/b685e901-511a-4476-8cdc-7084dc693017?api-version=2017-12-01",
      "Content": null,
      "Headers": {
        "x-ms-unique-id": [ "107", "108", "109" ],
        "x-ms-client-request-id": [ "5324b48e-6e10-4411-a8eb-741177766942", "5324b48e-6e10-4411-a8eb-741177766942", "5324b48e-6e10-4411-a8eb-741177766942" ],
        "CommandName": [ "Az.MySql.internal\\New-AzMySqlServer", "Az.MySql.internal\\New-AzMySqlServer", "Az.MySql.internal\\New-AzMySqlServer" ],
        "FullCommandName": [ "New-AzMySqlServer_Create", "New-AzMySqlServer_Create", "New-AzMySqlServer_Create" ],
        "ParameterSetName": [ "__AllParameterSets", "__AllParameterSets", "__AllParameterSets" ],
        "User-Agent": [ "PSVersion/v6.2.3", "PSVersion/v6.2.3", "PSVersion/v6.2.3" ],
        "Authorization": [ "[Filtered]" ]
      },
      "ContentHeaders": {
      }
    },
    "Response": {
      "StatusCode": 200,
      "Headers": {
        "Cache-Control": [ "no-cache" ],
        "Pragma": [ "no-cache" ],
        "Retry-After": [ "30" ],
        "x-ms-request-id": [ "270fba09-2537-4cfa-ae48-f32f5b9281be" ],
        "x-ms-ratelimit-remaining-subscription-reads": [ "11917" ],
        "Server": [ "Microsoft-HTTPAPI/2.0" ],
        "x-ms-correlation-request-id": [ "5bbc5464-0d5c-4b72-988c-1ad56887072b" ],
        "x-ms-routing-request-id": [ "SOUTHEASTASIA:20200331T085643Z:5bbc5464-0d5c-4b72-988c-1ad56887072b" ],
        "Strict-Transport-Security": [ "max-age=31536000; includeSubDomains" ],
        "X-Content-Type-Options": [ "nosniff" ],
        "Date": [ "Tue, 31 Mar 2020 08:56:43 GMT" ]
      },
      "ContentHeaders": {
        "Content-Length": [ "108" ],
        "Content-Type": [ "application/json; charset=utf-8" ],
        "Expires": [ "-1" ]
      },
      "Content": "{\"name\":\"b685e901-511a-4476-8cdc-7084dc693017\",\"status\":\"InProgress\",\"startTime\":\"2020-03-31T08:55:42.307Z\"}"
    }
  },
  "New-AzMySqlServerReplica+[NoContext]+CreateExpanded+$GET+https://management.azure.com/subscriptions/ec0aa5f7-9e78-40c9-85cd-535c6305b380/providers/Microsoft.DBforMySQL/locations/eastus/azureAsyncOperation/b685e901-511a-4476-8cdc-7084dc693017?api-version=2017-12-01+5": {
    "Request": {
      "Method": "GET",
      "RequestUri": "https://management.azure.com/subscriptions/ec0aa5f7-9e78-40c9-85cd-535c6305b380/providers/Microsoft.DBforMySQL/locations/eastus/azureAsyncOperation/b685e901-511a-4476-8cdc-7084dc693017?api-version=2017-12-01",
      "Content": null,
      "Headers": {
        "x-ms-unique-id": [ "107", "108", "109", "110" ],
        "x-ms-client-request-id": [ "5324b48e-6e10-4411-a8eb-741177766942", "5324b48e-6e10-4411-a8eb-741177766942", "5324b48e-6e10-4411-a8eb-741177766942", "5324b48e-6e10-4411-a8eb-741177766942" ],
        "CommandName": [ "Az.MySql.internal\\New-AzMySqlServer", "Az.MySql.internal\\New-AzMySqlServer", "Az.MySql.internal\\New-AzMySqlServer", "Az.MySql.internal\\New-AzMySqlServer" ],
        "FullCommandName": [ "New-AzMySqlServer_Create", "New-AzMySqlServer_Create", "New-AzMySqlServer_Create", "New-AzMySqlServer_Create" ],
        "ParameterSetName": [ "__AllParameterSets", "__AllParameterSets", "__AllParameterSets", "__AllParameterSets" ],
        "User-Agent": [ "PSVersion/v6.2.3", "PSVersion/v6.2.3", "PSVersion/v6.2.3", "PSVersion/v6.2.3" ],
        "Authorization": [ "[Filtered]" ]
      },
      "ContentHeaders": {
      }
    },
    "Response": {
      "StatusCode": 200,
      "Headers": {
        "Cache-Control": [ "no-cache" ],
        "Pragma": [ "no-cache" ],
        "Retry-After": [ "30" ],
        "x-ms-request-id": [ "5a23867f-6284-4b5e-99c6-f51daaa57fb1" ],
        "Server": [ "Microsoft-HTTPAPI/2.0" ],
        "x-ms-ratelimit-remaining-subscription-reads": [ "11916" ],
        "x-ms-correlation-request-id": [ "f47ff593-989b-414b-aae3-5fe0c6715388" ],
        "x-ms-routing-request-id": [ "SOUTHEASTASIA:20200331T085714Z:f47ff593-989b-414b-aae3-5fe0c6715388" ],
        "Strict-Transport-Security": [ "max-age=31536000; includeSubDomains" ],
        "X-Content-Type-Options": [ "nosniff" ],
        "Date": [ "Tue, 31 Mar 2020 08:57:14 GMT" ]
      },
      "ContentHeaders": {
        "Content-Length": [ "108" ],
        "Content-Type": [ "application/json; charset=utf-8" ],
        "Expires": [ "-1" ]
      },
      "Content": "{\"name\":\"b685e901-511a-4476-8cdc-7084dc693017\",\"status\":\"InProgress\",\"startTime\":\"2020-03-31T08:55:42.307Z\"}"
    }
  },
  "New-AzMySqlServerReplica+[NoContext]+CreateExpanded+$GET+https://management.azure.com/subscriptions/ec0aa5f7-9e78-40c9-85cd-535c6305b380/providers/Microsoft.DBforMySQL/locations/eastus/azureAsyncOperation/b685e901-511a-4476-8cdc-7084dc693017?api-version=2017-12-01+6": {
    "Request": {
      "Method": "GET",
      "RequestUri": "https://management.azure.com/subscriptions/ec0aa5f7-9e78-40c9-85cd-535c6305b380/providers/Microsoft.DBforMySQL/locations/eastus/azureAsyncOperation/b685e901-511a-4476-8cdc-7084dc693017?api-version=2017-12-01",
      "Content": null,
      "Headers": {
        "x-ms-unique-id": [ "107", "108", "109", "110", "111" ],
        "x-ms-client-request-id": [ "5324b48e-6e10-4411-a8eb-741177766942", "5324b48e-6e10-4411-a8eb-741177766942", "5324b48e-6e10-4411-a8eb-741177766942", "5324b48e-6e10-4411-a8eb-741177766942", "5324b48e-6e10-4411-a8eb-741177766942" ],
        "CommandName": [ "Az.MySql.internal\\New-AzMySqlServer", "Az.MySql.internal\\New-AzMySqlServer", "Az.MySql.internal\\New-AzMySqlServer", "Az.MySql.internal\\New-AzMySqlServer", "Az.MySql.internal\\New-AzMySqlServer" ],
        "FullCommandName": [ "New-AzMySqlServer_Create", "New-AzMySqlServer_Create", "New-AzMySqlServer_Create", "New-AzMySqlServer_Create", "New-AzMySqlServer_Create" ],
        "ParameterSetName": [ "__AllParameterSets", "__AllParameterSets", "__AllParameterSets", "__AllParameterSets", "__AllParameterSets" ],
        "User-Agent": [ "PSVersion/v6.2.3", "PSVersion/v6.2.3", "PSVersion/v6.2.3", "PSVersion/v6.2.3", "PSVersion/v6.2.3" ],
        "Authorization": [ "[Filtered]" ]
      },
      "ContentHeaders": {
      }
    },
    "Response": {
      "StatusCode": 200,
      "Headers": {
        "Cache-Control": [ "no-cache" ],
        "Pragma": [ "no-cache" ],
        "Retry-After": [ "30" ],
        "x-ms-request-id": [ "60238ca5-39c5-4b01-9ef9-c8f97bd670f1" ],
        "Server": [ "Microsoft-HTTPAPI/2.0" ],
        "x-ms-ratelimit-remaining-subscription-reads": [ "11915" ],
        "x-ms-correlation-request-id": [ "2eff53ca-1053-42d8-a464-635e5bc144c1" ],
        "x-ms-routing-request-id": [ "SOUTHEASTASIA:20200331T085745Z:2eff53ca-1053-42d8-a464-635e5bc144c1" ],
        "Strict-Transport-Security": [ "max-age=31536000; includeSubDomains" ],
        "X-Content-Type-Options": [ "nosniff" ],
        "Date": [ "Tue, 31 Mar 2020 08:57:44 GMT" ]
      },
      "ContentHeaders": {
        "Content-Length": [ "108" ],
        "Content-Type": [ "application/json; charset=utf-8" ],
        "Expires": [ "-1" ]
      },
      "Content": "{\"name\":\"b685e901-511a-4476-8cdc-7084dc693017\",\"status\":\"InProgress\",\"startTime\":\"2020-03-31T08:55:42.307Z\"}"
    }
  },
  "New-AzMySqlServerReplica+[NoContext]+CreateExpanded+$GET+https://management.azure.com/subscriptions/ec0aa5f7-9e78-40c9-85cd-535c6305b380/providers/Microsoft.DBforMySQL/locations/eastus/azureAsyncOperation/b685e901-511a-4476-8cdc-7084dc693017?api-version=2017-12-01+7": {
    "Request": {
      "Method": "GET",
      "RequestUri": "https://management.azure.com/subscriptions/ec0aa5f7-9e78-40c9-85cd-535c6305b380/providers/Microsoft.DBforMySQL/locations/eastus/azureAsyncOperation/b685e901-511a-4476-8cdc-7084dc693017?api-version=2017-12-01",
      "Content": null,
      "Headers": {
        "x-ms-unique-id": [ "107", "108", "109", "110", "111", "112" ],
        "x-ms-client-request-id": [ "5324b48e-6e10-4411-a8eb-741177766942", "5324b48e-6e10-4411-a8eb-741177766942", "5324b48e-6e10-4411-a8eb-741177766942", "5324b48e-6e10-4411-a8eb-741177766942", "5324b48e-6e10-4411-a8eb-741177766942", "5324b48e-6e10-4411-a8eb-741177766942" ],
        "CommandName": [ "Az.MySql.internal\\New-AzMySqlServer", "Az.MySql.internal\\New-AzMySqlServer", "Az.MySql.internal\\New-AzMySqlServer", "Az.MySql.internal\\New-AzMySqlServer", "Az.MySql.internal\\New-AzMySqlServer", "Az.MySql.internal\\New-AzMySqlServer" ],
        "FullCommandName": [ "New-AzMySqlServer_Create", "New-AzMySqlServer_Create", "New-AzMySqlServer_Create", "New-AzMySqlServer_Create", "New-AzMySqlServer_Create", "New-AzMySqlServer_Create" ],
        "ParameterSetName": [ "__AllParameterSets", "__AllParameterSets", "__AllParameterSets", "__AllParameterSets", "__AllParameterSets", "__AllParameterSets" ],
        "User-Agent": [ "PSVersion/v6.2.3", "PSVersion/v6.2.3", "PSVersion/v6.2.3", "PSVersion/v6.2.3", "PSVersion/v6.2.3", "PSVersion/v6.2.3" ],
        "Authorization": [ "[Filtered]" ]
      },
      "ContentHeaders": {
      }
    },
    "Response": {
      "StatusCode": 200,
      "Headers": {
        "Cache-Control": [ "no-cache" ],
        "Pragma": [ "no-cache" ],
        "Retry-After": [ "30" ],
        "x-ms-request-id": [ "5c0393d3-f261-4f7a-a064-9ae440660325" ],
        "Server": [ "Microsoft-HTTPAPI/2.0" ],
        "x-ms-ratelimit-remaining-subscription-reads": [ "11914" ],
        "x-ms-correlation-request-id": [ "359179d4-0f9f-4d67-9ea7-b7ac6ba2ad54" ],
        "x-ms-routing-request-id": [ "SOUTHEASTASIA:20200331T085815Z:359179d4-0f9f-4d67-9ea7-b7ac6ba2ad54" ],
        "Strict-Transport-Security": [ "max-age=31536000; includeSubDomains" ],
        "X-Content-Type-Options": [ "nosniff" ],
        "Date": [ "Tue, 31 Mar 2020 08:58:15 GMT" ]
      },
      "ContentHeaders": {
        "Content-Length": [ "108" ],
        "Content-Type": [ "application/json; charset=utf-8" ],
        "Expires": [ "-1" ]
      },
      "Content": "{\"name\":\"b685e901-511a-4476-8cdc-7084dc693017\",\"status\":\"InProgress\",\"startTime\":\"2020-03-31T08:55:42.307Z\"}"
    }
  },
  "New-AzMySqlServerReplica+[NoContext]+CreateExpanded+$GET+https://management.azure.com/subscriptions/ec0aa5f7-9e78-40c9-85cd-535c6305b380/providers/Microsoft.DBforMySQL/locations/eastus/azureAsyncOperation/b685e901-511a-4476-8cdc-7084dc693017?api-version=2017-12-01+8": {
    "Request": {
      "Method": "GET",
      "RequestUri": "https://management.azure.com/subscriptions/ec0aa5f7-9e78-40c9-85cd-535c6305b380/providers/Microsoft.DBforMySQL/locations/eastus/azureAsyncOperation/b685e901-511a-4476-8cdc-7084dc693017?api-version=2017-12-01",
      "Content": null,
      "Headers": {
        "x-ms-unique-id": [ "107", "108", "109", "110", "111", "112", "113" ],
        "x-ms-client-request-id": [ "5324b48e-6e10-4411-a8eb-741177766942", "5324b48e-6e10-4411-a8eb-741177766942", "5324b48e-6e10-4411-a8eb-741177766942", "5324b48e-6e10-4411-a8eb-741177766942", "5324b48e-6e10-4411-a8eb-741177766942", "5324b48e-6e10-4411-a8eb-741177766942", "5324b48e-6e10-4411-a8eb-741177766942" ],
        "CommandName": [ "Az.MySql.internal\\New-AzMySqlServer", "Az.MySql.internal\\New-AzMySqlServer", "Az.MySql.internal\\New-AzMySqlServer", "Az.MySql.internal\\New-AzMySqlServer", "Az.MySql.internal\\New-AzMySqlServer", "Az.MySql.internal\\New-AzMySqlServer", "Az.MySql.internal\\New-AzMySqlServer" ],
        "FullCommandName": [ "New-AzMySqlServer_Create", "New-AzMySqlServer_Create", "New-AzMySqlServer_Create", "New-AzMySqlServer_Create", "New-AzMySqlServer_Create", "New-AzMySqlServer_Create", "New-AzMySqlServer_Create" ],
        "ParameterSetName": [ "__AllParameterSets", "__AllParameterSets", "__AllParameterSets", "__AllParameterSets", "__AllParameterSets", "__AllParameterSets", "__AllParameterSets" ],
        "User-Agent": [ "PSVersion/v6.2.3", "PSVersion/v6.2.3", "PSVersion/v6.2.3", "PSVersion/v6.2.3", "PSVersion/v6.2.3", "PSVersion/v6.2.3", "PSVersion/v6.2.3" ],
        "Authorization": [ "[Filtered]" ]
      },
      "ContentHeaders": {
      }
    },
    "Response": {
      "StatusCode": 200,
      "Headers": {
        "Cache-Control": [ "no-cache" ],
        "Pragma": [ "no-cache" ],
        "Retry-After": [ "30" ],
        "x-ms-request-id": [ "3211e04a-b31f-4c5a-9796-445b401c9166" ],
        "Server": [ "Microsoft-HTTPAPI/2.0" ],
        "x-ms-ratelimit-remaining-subscription-reads": [ "11913" ],
        "x-ms-correlation-request-id": [ "e59f8fe7-8b21-424b-b4eb-4f94aedac388" ],
        "x-ms-routing-request-id": [ "SOUTHEASTASIA:20200331T085846Z:e59f8fe7-8b21-424b-b4eb-4f94aedac388" ],
        "Strict-Transport-Security": [ "max-age=31536000; includeSubDomains" ],
        "X-Content-Type-Options": [ "nosniff" ],
        "Date": [ "Tue, 31 Mar 2020 08:58:46 GMT" ]
      },
      "ContentHeaders": {
        "Content-Length": [ "108" ],
        "Content-Type": [ "application/json; charset=utf-8" ],
        "Expires": [ "-1" ]
      },
      "Content": "{\"name\":\"b685e901-511a-4476-8cdc-7084dc693017\",\"status\":\"InProgress\",\"startTime\":\"2020-03-31T08:55:42.307Z\"}"
    }
  },
  "New-AzMySqlServerReplica+[NoContext]+CreateExpanded+$GET+https://management.azure.com/subscriptions/ec0aa5f7-9e78-40c9-85cd-535c6305b380/providers/Microsoft.DBforMySQL/locations/eastus/azureAsyncOperation/b685e901-511a-4476-8cdc-7084dc693017?api-version=2017-12-01+9": {
    "Request": {
      "Method": "GET",
      "RequestUri": "https://management.azure.com/subscriptions/ec0aa5f7-9e78-40c9-85cd-535c6305b380/providers/Microsoft.DBforMySQL/locations/eastus/azureAsyncOperation/b685e901-511a-4476-8cdc-7084dc693017?api-version=2017-12-01",
      "Content": null,
      "Headers": {
        "x-ms-unique-id": [ "107", "108", "109", "110", "111", "112", "113", "114" ],
        "x-ms-client-request-id": [ "5324b48e-6e10-4411-a8eb-741177766942", "5324b48e-6e10-4411-a8eb-741177766942", "5324b48e-6e10-4411-a8eb-741177766942", "5324b48e-6e10-4411-a8eb-741177766942", "5324b48e-6e10-4411-a8eb-741177766942", "5324b48e-6e10-4411-a8eb-741177766942", "5324b48e-6e10-4411-a8eb-741177766942", "5324b48e-6e10-4411-a8eb-741177766942" ],
        "CommandName": [ "Az.MySql.internal\\New-AzMySqlServer", "Az.MySql.internal\\New-AzMySqlServer", "Az.MySql.internal\\New-AzMySqlServer", "Az.MySql.internal\\New-AzMySqlServer", "Az.MySql.internal\\New-AzMySqlServer", "Az.MySql.internal\\New-AzMySqlServer", "Az.MySql.internal\\New-AzMySqlServer", "Az.MySql.internal\\New-AzMySqlServer" ],
        "FullCommandName": [ "New-AzMySqlServer_Create", "New-AzMySqlServer_Create", "New-AzMySqlServer_Create", "New-AzMySqlServer_Create", "New-AzMySqlServer_Create", "New-AzMySqlServer_Create", "New-AzMySqlServer_Create", "New-AzMySqlServer_Create" ],
        "ParameterSetName": [ "__AllParameterSets", "__AllParameterSets", "__AllParameterSets", "__AllParameterSets", "__AllParameterSets", "__AllParameterSets", "__AllParameterSets", "__AllParameterSets" ],
        "User-Agent": [ "PSVersion/v6.2.3", "PSVersion/v6.2.3", "PSVersion/v6.2.3", "PSVersion/v6.2.3", "PSVersion/v6.2.3", "PSVersion/v6.2.3", "PSVersion/v6.2.3", "PSVersion/v6.2.3" ],
        "Authorization": [ "[Filtered]" ]
      },
      "ContentHeaders": {
      }
    },
    "Response": {
      "StatusCode": 200,
      "Headers": {
        "Cache-Control": [ "no-cache" ],
        "Pragma": [ "no-cache" ],
        "Retry-After": [ "30" ],
        "x-ms-request-id": [ "e670d6ac-53e3-41f5-88db-bbc45aef7867" ],
        "Server": [ "Microsoft-HTTPAPI/2.0" ],
        "x-ms-ratelimit-remaining-subscription-reads": [ "11912" ],
        "x-ms-correlation-request-id": [ "51901275-2c40-4097-ac2e-67190ecb3ad5" ],
        "x-ms-routing-request-id": [ "SOUTHEASTASIA:20200331T085917Z:51901275-2c40-4097-ac2e-67190ecb3ad5" ],
        "Strict-Transport-Security": [ "max-age=31536000; includeSubDomains" ],
        "X-Content-Type-Options": [ "nosniff" ],
        "Date": [ "Tue, 31 Mar 2020 08:59:16 GMT" ]
      },
      "ContentHeaders": {
        "Content-Length": [ "108" ],
        "Content-Type": [ "application/json; charset=utf-8" ],
        "Expires": [ "-1" ]
      },
      "Content": "{\"name\":\"b685e901-511a-4476-8cdc-7084dc693017\",\"status\":\"InProgress\",\"startTime\":\"2020-03-31T08:55:42.307Z\"}"
    }
  },
  "New-AzMySqlServerReplica+[NoContext]+CreateExpanded+$GET+https://management.azure.com/subscriptions/ec0aa5f7-9e78-40c9-85cd-535c6305b380/providers/Microsoft.DBforMySQL/locations/eastus/azureAsyncOperation/b685e901-511a-4476-8cdc-7084dc693017?api-version=2017-12-01+10": {
    "Request": {
      "Method": "GET",
      "RequestUri": "https://management.azure.com/subscriptions/ec0aa5f7-9e78-40c9-85cd-535c6305b380/providers/Microsoft.DBforMySQL/locations/eastus/azureAsyncOperation/b685e901-511a-4476-8cdc-7084dc693017?api-version=2017-12-01",
      "Content": null,
      "Headers": {
        "x-ms-unique-id": [ "107", "108", "109", "110", "111", "112", "113", "114", "115" ],
        "x-ms-client-request-id": [ "5324b48e-6e10-4411-a8eb-741177766942", "5324b48e-6e10-4411-a8eb-741177766942", "5324b48e-6e10-4411-a8eb-741177766942", "5324b48e-6e10-4411-a8eb-741177766942", "5324b48e-6e10-4411-a8eb-741177766942", "5324b48e-6e10-4411-a8eb-741177766942", "5324b48e-6e10-4411-a8eb-741177766942", "5324b48e-6e10-4411-a8eb-741177766942", "5324b48e-6e10-4411-a8eb-741177766942" ],
        "CommandName": [ "Az.MySql.internal\\New-AzMySqlServer", "Az.MySql.internal\\New-AzMySqlServer", "Az.MySql.internal\\New-AzMySqlServer", "Az.MySql.internal\\New-AzMySqlServer", "Az.MySql.internal\\New-AzMySqlServer", "Az.MySql.internal\\New-AzMySqlServer", "Az.MySql.internal\\New-AzMySqlServer", "Az.MySql.internal\\New-AzMySqlServer", "Az.MySql.internal\\New-AzMySqlServer" ],
        "FullCommandName": [ "New-AzMySqlServer_Create", "New-AzMySqlServer_Create", "New-AzMySqlServer_Create", "New-AzMySqlServer_Create", "New-AzMySqlServer_Create", "New-AzMySqlServer_Create", "New-AzMySqlServer_Create", "New-AzMySqlServer_Create", "New-AzMySqlServer_Create" ],
        "ParameterSetName": [ "__AllParameterSets", "__AllParameterSets", "__AllParameterSets", "__AllParameterSets", "__AllParameterSets", "__AllParameterSets", "__AllParameterSets", "__AllParameterSets", "__AllParameterSets" ],
        "User-Agent": [ "PSVersion/v6.2.3", "PSVersion/v6.2.3", "PSVersion/v6.2.3", "PSVersion/v6.2.3", "PSVersion/v6.2.3", "PSVersion/v6.2.3", "PSVersion/v6.2.3", "PSVersion/v6.2.3", "PSVersion/v6.2.3" ],
        "Authorization": [ "[Filtered]" ]
      },
      "ContentHeaders": {
      }
    },
    "Response": {
      "StatusCode": 200,
      "Headers": {
        "Cache-Control": [ "no-cache" ],
        "Pragma": [ "no-cache" ],
        "Retry-After": [ "30" ],
        "x-ms-request-id": [ "18b05070-4443-496c-a35c-c3e475fd6967" ],
        "Server": [ "Microsoft-HTTPAPI/2.0" ],
        "x-ms-ratelimit-remaining-subscription-reads": [ "11910" ],
        "x-ms-correlation-request-id": [ "e3daad3d-4149-4ec2-bff2-a852c600f15d" ],
        "x-ms-routing-request-id": [ "SOUTHEASTASIA:20200331T085947Z:e3daad3d-4149-4ec2-bff2-a852c600f15d" ],
        "Strict-Transport-Security": [ "max-age=31536000; includeSubDomains" ],
        "X-Content-Type-Options": [ "nosniff" ],
        "Date": [ "Tue, 31 Mar 2020 08:59:46 GMT" ]
      },
      "ContentHeaders": {
        "Content-Length": [ "108" ],
        "Content-Type": [ "application/json; charset=utf-8" ],
        "Expires": [ "-1" ]
      },
      "Content": "{\"name\":\"b685e901-511a-4476-8cdc-7084dc693017\",\"status\":\"InProgress\",\"startTime\":\"2020-03-31T08:55:42.307Z\"}"
    }
  },
  "New-AzMySqlServerReplica+[NoContext]+CreateExpanded+$GET+https://management.azure.com/subscriptions/ec0aa5f7-9e78-40c9-85cd-535c6305b380/providers/Microsoft.DBforMySQL/locations/eastus/azureAsyncOperation/b685e901-511a-4476-8cdc-7084dc693017?api-version=2017-12-01+11": {
    "Request": {
      "Method": "GET",
      "RequestUri": "https://management.azure.com/subscriptions/ec0aa5f7-9e78-40c9-85cd-535c6305b380/providers/Microsoft.DBforMySQL/locations/eastus/azureAsyncOperation/b685e901-511a-4476-8cdc-7084dc693017?api-version=2017-12-01",
      "Content": null,
      "Headers": {
        "x-ms-unique-id": [ "107", "108", "109", "110", "111", "112", "113", "114", "115", "116" ],
        "x-ms-client-request-id": [ "5324b48e-6e10-4411-a8eb-741177766942", "5324b48e-6e10-4411-a8eb-741177766942", "5324b48e-6e10-4411-a8eb-741177766942", "5324b48e-6e10-4411-a8eb-741177766942", "5324b48e-6e10-4411-a8eb-741177766942", "5324b48e-6e10-4411-a8eb-741177766942", "5324b48e-6e10-4411-a8eb-741177766942", "5324b48e-6e10-4411-a8eb-741177766942", "5324b48e-6e10-4411-a8eb-741177766942", "5324b48e-6e10-4411-a8eb-741177766942" ],
        "CommandName": [ "Az.MySql.internal\\New-AzMySqlServer", "Az.MySql.internal\\New-AzMySqlServer", "Az.MySql.internal\\New-AzMySqlServer", "Az.MySql.internal\\New-AzMySqlServer", "Az.MySql.internal\\New-AzMySqlServer", "Az.MySql.internal\\New-AzMySqlServer", "Az.MySql.internal\\New-AzMySqlServer", "Az.MySql.internal\\New-AzMySqlServer", "Az.MySql.internal\\New-AzMySqlServer", "Az.MySql.internal\\New-AzMySqlServer" ],
        "FullCommandName": [ "New-AzMySqlServer_Create", "New-AzMySqlServer_Create", "New-AzMySqlServer_Create", "New-AzMySqlServer_Create", "New-AzMySqlServer_Create", "New-AzMySqlServer_Create", "New-AzMySqlServer_Create", "New-AzMySqlServer_Create", "New-AzMySqlServer_Create", "New-AzMySqlServer_Create" ],
        "ParameterSetName": [ "__AllParameterSets", "__AllParameterSets", "__AllParameterSets", "__AllParameterSets", "__AllParameterSets", "__AllParameterSets", "__AllParameterSets", "__AllParameterSets", "__AllParameterSets", "__AllParameterSets" ],
        "User-Agent": [ "PSVersion/v6.2.3", "PSVersion/v6.2.3", "PSVersion/v6.2.3", "PSVersion/v6.2.3", "PSVersion/v6.2.3", "PSVersion/v6.2.3", "PSVersion/v6.2.3", "PSVersion/v6.2.3", "PSVersion/v6.2.3", "PSVersion/v6.2.3" ],
        "Authorization": [ "[Filtered]" ]
      },
      "ContentHeaders": {
      }
    },
    "Response": {
      "StatusCode": 200,
      "Headers": {
        "Cache-Control": [ "no-cache" ],
        "Pragma": [ "no-cache" ],
        "Retry-After": [ "30" ],
        "x-ms-request-id": [ "1af54691-1082-4e29-a796-7717f4792c23" ],
        "x-ms-ratelimit-remaining-subscription-reads": [ "11909" ],
        "Server": [ "Microsoft-HTTPAPI/2.0" ],
        "x-ms-correlation-request-id": [ "98d4cfca-365b-477b-89f8-6ca18368f9ce" ],
        "x-ms-routing-request-id": [ "SOUTHEASTASIA:20200331T090017Z:98d4cfca-365b-477b-89f8-6ca18368f9ce" ],
        "Strict-Transport-Security": [ "max-age=31536000; includeSubDomains" ],
        "X-Content-Type-Options": [ "nosniff" ],
        "Date": [ "Tue, 31 Mar 2020 09:00:16 GMT" ]
      },
      "ContentHeaders": {
        "Content-Length": [ "108" ],
        "Content-Type": [ "application/json; charset=utf-8" ],
        "Expires": [ "-1" ]
      },
      "Content": "{\"name\":\"b685e901-511a-4476-8cdc-7084dc693017\",\"status\":\"InProgress\",\"startTime\":\"2020-03-31T08:55:42.307Z\"}"
    }
  },
  "New-AzMySqlServerReplica+[NoContext]+CreateExpanded+$GET+https://management.azure.com/subscriptions/ec0aa5f7-9e78-40c9-85cd-535c6305b380/providers/Microsoft.DBforMySQL/locations/eastus/azureAsyncOperation/b685e901-511a-4476-8cdc-7084dc693017?api-version=2017-12-01+12": {
    "Request": {
      "Method": "GET",
      "RequestUri": "https://management.azure.com/subscriptions/ec0aa5f7-9e78-40c9-85cd-535c6305b380/providers/Microsoft.DBforMySQL/locations/eastus/azureAsyncOperation/b685e901-511a-4476-8cdc-7084dc693017?api-version=2017-12-01",
      "Content": null,
      "Headers": {
        "x-ms-unique-id": [ "107", "108", "109", "110", "111", "112", "113", "114", "115", "116", "117" ],
        "x-ms-client-request-id": [ "5324b48e-6e10-4411-a8eb-741177766942", "5324b48e-6e10-4411-a8eb-741177766942", "5324b48e-6e10-4411-a8eb-741177766942", "5324b48e-6e10-4411-a8eb-741177766942", "5324b48e-6e10-4411-a8eb-741177766942", "5324b48e-6e10-4411-a8eb-741177766942", "5324b48e-6e10-4411-a8eb-741177766942", "5324b48e-6e10-4411-a8eb-741177766942", "5324b48e-6e10-4411-a8eb-741177766942", "5324b48e-6e10-4411-a8eb-741177766942", "5324b48e-6e10-4411-a8eb-741177766942" ],
        "CommandName": [ "Az.MySql.internal\\New-AzMySqlServer", "Az.MySql.internal\\New-AzMySqlServer", "Az.MySql.internal\\New-AzMySqlServer", "Az.MySql.internal\\New-AzMySqlServer", "Az.MySql.internal\\New-AzMySqlServer", "Az.MySql.internal\\New-AzMySqlServer", "Az.MySql.internal\\New-AzMySqlServer", "Az.MySql.internal\\New-AzMySqlServer", "Az.MySql.internal\\New-AzMySqlServer", "Az.MySql.internal\\New-AzMySqlServer", "Az.MySql.internal\\New-AzMySqlServer" ],
        "FullCommandName": [ "New-AzMySqlServer_Create", "New-AzMySqlServer_Create", "New-AzMySqlServer_Create", "New-AzMySqlServer_Create", "New-AzMySqlServer_Create", "New-AzMySqlServer_Create", "New-AzMySqlServer_Create", "New-AzMySqlServer_Create", "New-AzMySqlServer_Create", "New-AzMySqlServer_Create", "New-AzMySqlServer_Create" ],
        "ParameterSetName": [ "__AllParameterSets", "__AllParameterSets", "__AllParameterSets", "__AllParameterSets", "__AllParameterSets", "__AllParameterSets", "__AllParameterSets", "__AllParameterSets", "__AllParameterSets", "__AllParameterSets", "__AllParameterSets" ],
        "User-Agent": [ "PSVersion/v6.2.3", "PSVersion/v6.2.3", "PSVersion/v6.2.3", "PSVersion/v6.2.3", "PSVersion/v6.2.3", "PSVersion/v6.2.3", "PSVersion/v6.2.3", "PSVersion/v6.2.3", "PSVersion/v6.2.3", "PSVersion/v6.2.3", "PSVersion/v6.2.3" ],
        "Authorization": [ "[Filtered]" ]
      },
      "ContentHeaders": {
      }
    },
    "Response": {
      "StatusCode": 200,
      "Headers": {
        "Cache-Control": [ "no-cache" ],
        "Pragma": [ "no-cache" ],
        "Retry-After": [ "30" ],
        "x-ms-request-id": [ "a8816655-a8d9-4d39-85c5-e1688f995c7b" ],
        "Server": [ "Microsoft-HTTPAPI/2.0" ],
        "x-ms-ratelimit-remaining-subscription-reads": [ "11908" ],
        "x-ms-correlation-request-id": [ "a77e4ebb-7cac-4011-bf08-6e57ac4394f2" ],
        "x-ms-routing-request-id": [ "SOUTHEASTASIA:20200331T090048Z:a77e4ebb-7cac-4011-bf08-6e57ac4394f2" ],
        "Strict-Transport-Security": [ "max-age=31536000; includeSubDomains" ],
        "X-Content-Type-Options": [ "nosniff" ],
        "Date": [ "Tue, 31 Mar 2020 09:00:48 GMT" ]
      },
      "ContentHeaders": {
        "Content-Length": [ "108" ],
        "Content-Type": [ "application/json; charset=utf-8" ],
        "Expires": [ "-1" ]
      },
      "Content": "{\"name\":\"b685e901-511a-4476-8cdc-7084dc693017\",\"status\":\"InProgress\",\"startTime\":\"2020-03-31T08:55:42.307Z\"}"
    }
  },
  "New-AzMySqlServerReplica+[NoContext]+CreateExpanded+$GET+https://management.azure.com/subscriptions/ec0aa5f7-9e78-40c9-85cd-535c6305b380/providers/Microsoft.DBforMySQL/locations/eastus/azureAsyncOperation/b685e901-511a-4476-8cdc-7084dc693017?api-version=2017-12-01+13": {
    "Request": {
      "Method": "GET",
      "RequestUri": "https://management.azure.com/subscriptions/ec0aa5f7-9e78-40c9-85cd-535c6305b380/providers/Microsoft.DBforMySQL/locations/eastus/azureAsyncOperation/b685e901-511a-4476-8cdc-7084dc693017?api-version=2017-12-01",
      "Content": null,
      "Headers": {
        "x-ms-unique-id": [ "107", "108", "109", "110", "111", "112", "113", "114", "115", "116", "117", "118" ],
        "x-ms-client-request-id": [ "5324b48e-6e10-4411-a8eb-741177766942", "5324b48e-6e10-4411-a8eb-741177766942", "5324b48e-6e10-4411-a8eb-741177766942", "5324b48e-6e10-4411-a8eb-741177766942", "5324b48e-6e10-4411-a8eb-741177766942", "5324b48e-6e10-4411-a8eb-741177766942", "5324b48e-6e10-4411-a8eb-741177766942", "5324b48e-6e10-4411-a8eb-741177766942", "5324b48e-6e10-4411-a8eb-741177766942", "5324b48e-6e10-4411-a8eb-741177766942", "5324b48e-6e10-4411-a8eb-741177766942", "5324b48e-6e10-4411-a8eb-741177766942" ],
        "CommandName": [ "Az.MySql.internal\\New-AzMySqlServer", "Az.MySql.internal\\New-AzMySqlServer", "Az.MySql.internal\\New-AzMySqlServer", "Az.MySql.internal\\New-AzMySqlServer", "Az.MySql.internal\\New-AzMySqlServer", "Az.MySql.internal\\New-AzMySqlServer", "Az.MySql.internal\\New-AzMySqlServer", "Az.MySql.internal\\New-AzMySqlServer", "Az.MySql.internal\\New-AzMySqlServer", "Az.MySql.internal\\New-AzMySqlServer", "Az.MySql.internal\\New-AzMySqlServer", "Az.MySql.internal\\New-AzMySqlServer" ],
        "FullCommandName": [ "New-AzMySqlServer_Create", "New-AzMySqlServer_Create", "New-AzMySqlServer_Create", "New-AzMySqlServer_Create", "New-AzMySqlServer_Create", "New-AzMySqlServer_Create", "New-AzMySqlServer_Create", "New-AzMySqlServer_Create", "New-AzMySqlServer_Create", "New-AzMySqlServer_Create", "New-AzMySqlServer_Create", "New-AzMySqlServer_Create" ],
        "ParameterSetName": [ "__AllParameterSets", "__AllParameterSets", "__AllParameterSets", "__AllParameterSets", "__AllParameterSets", "__AllParameterSets", "__AllParameterSets", "__AllParameterSets", "__AllParameterSets", "__AllParameterSets", "__AllParameterSets", "__AllParameterSets" ],
        "User-Agent": [ "PSVersion/v6.2.3", "PSVersion/v6.2.3", "PSVersion/v6.2.3", "PSVersion/v6.2.3", "PSVersion/v6.2.3", "PSVersion/v6.2.3", "PSVersion/v6.2.3", "PSVersion/v6.2.3", "PSVersion/v6.2.3", "PSVersion/v6.2.3", "PSVersion/v6.2.3", "PSVersion/v6.2.3" ],
        "Authorization": [ "[Filtered]" ]
      },
      "ContentHeaders": {
      }
    },
    "Response": {
      "StatusCode": 200,
      "Headers": {
        "Cache-Control": [ "no-cache" ],
        "Pragma": [ "no-cache" ],
        "Retry-After": [ "30" ],
        "x-ms-request-id": [ "e573726b-2456-47d3-b5bb-0642bfd8efa6" ],
        "Server": [ "Microsoft-HTTPAPI/2.0" ],
        "x-ms-ratelimit-remaining-subscription-reads": [ "11907" ],
        "x-ms-correlation-request-id": [ "c4379905-4dbf-4b86-ac6e-3fcf0487eaba" ],
        "x-ms-routing-request-id": [ "SOUTHEASTASIA:20200331T090119Z:c4379905-4dbf-4b86-ac6e-3fcf0487eaba" ],
        "Strict-Transport-Security": [ "max-age=31536000; includeSubDomains" ],
        "X-Content-Type-Options": [ "nosniff" ],
        "Date": [ "Tue, 31 Mar 2020 09:01:19 GMT" ]
      },
      "ContentHeaders": {
        "Content-Length": [ "108" ],
        "Content-Type": [ "application/json; charset=utf-8" ],
        "Expires": [ "-1" ]
      },
      "Content": "{\"name\":\"b685e901-511a-4476-8cdc-7084dc693017\",\"status\":\"InProgress\",\"startTime\":\"2020-03-31T08:55:42.307Z\"}"
    }
  },
  "New-AzMySqlServerReplica+[NoContext]+CreateExpanded+$GET+https://management.azure.com/subscriptions/ec0aa5f7-9e78-40c9-85cd-535c6305b380/providers/Microsoft.DBforMySQL/locations/eastus/azureAsyncOperation/b685e901-511a-4476-8cdc-7084dc693017?api-version=2017-12-01+14": {
    "Request": {
      "Method": "GET",
      "RequestUri": "https://management.azure.com/subscriptions/ec0aa5f7-9e78-40c9-85cd-535c6305b380/providers/Microsoft.DBforMySQL/locations/eastus/azureAsyncOperation/b685e901-511a-4476-8cdc-7084dc693017?api-version=2017-12-01",
      "Content": null,
      "Headers": {
        "x-ms-unique-id": [ "107", "108", "109", "110", "111", "112", "113", "114", "115", "116", "117", "118", "119" ],
        "x-ms-client-request-id": [ "5324b48e-6e10-4411-a8eb-741177766942", "5324b48e-6e10-4411-a8eb-741177766942", "5324b48e-6e10-4411-a8eb-741177766942", "5324b48e-6e10-4411-a8eb-741177766942", "5324b48e-6e10-4411-a8eb-741177766942", "5324b48e-6e10-4411-a8eb-741177766942", "5324b48e-6e10-4411-a8eb-741177766942", "5324b48e-6e10-4411-a8eb-741177766942", "5324b48e-6e10-4411-a8eb-741177766942", "5324b48e-6e10-4411-a8eb-741177766942", "5324b48e-6e10-4411-a8eb-741177766942", "5324b48e-6e10-4411-a8eb-741177766942", "5324b48e-6e10-4411-a8eb-741177766942" ],
        "CommandName": [ "Az.MySql.internal\\New-AzMySqlServer", "Az.MySql.internal\\New-AzMySqlServer", "Az.MySql.internal\\New-AzMySqlServer", "Az.MySql.internal\\New-AzMySqlServer", "Az.MySql.internal\\New-AzMySqlServer", "Az.MySql.internal\\New-AzMySqlServer", "Az.MySql.internal\\New-AzMySqlServer", "Az.MySql.internal\\New-AzMySqlServer", "Az.MySql.internal\\New-AzMySqlServer", "Az.MySql.internal\\New-AzMySqlServer", "Az.MySql.internal\\New-AzMySqlServer", "Az.MySql.internal\\New-AzMySqlServer", "Az.MySql.internal\\New-AzMySqlServer" ],
        "FullCommandName": [ "New-AzMySqlServer_Create", "New-AzMySqlServer_Create", "New-AzMySqlServer_Create", "New-AzMySqlServer_Create", "New-AzMySqlServer_Create", "New-AzMySqlServer_Create", "New-AzMySqlServer_Create", "New-AzMySqlServer_Create", "New-AzMySqlServer_Create", "New-AzMySqlServer_Create", "New-AzMySqlServer_Create", "New-AzMySqlServer_Create", "New-AzMySqlServer_Create" ],
        "ParameterSetName": [ "__AllParameterSets", "__AllParameterSets", "__AllParameterSets", "__AllParameterSets", "__AllParameterSets", "__AllParameterSets", "__AllParameterSets", "__AllParameterSets", "__AllParameterSets", "__AllParameterSets", "__AllParameterSets", "__AllParameterSets", "__AllParameterSets" ],
        "User-Agent": [ "PSVersion/v6.2.3", "PSVersion/v6.2.3", "PSVersion/v6.2.3", "PSVersion/v6.2.3", "PSVersion/v6.2.3", "PSVersion/v6.2.3", "PSVersion/v6.2.3", "PSVersion/v6.2.3", "PSVersion/v6.2.3", "PSVersion/v6.2.3", "PSVersion/v6.2.3", "PSVersion/v6.2.3", "PSVersion/v6.2.3" ],
        "Authorization": [ "[Filtered]" ]
      },
      "ContentHeaders": {
      }
    },
    "Response": {
      "StatusCode": 200,
      "Headers": {
        "Cache-Control": [ "no-cache" ],
        "Pragma": [ "no-cache" ],
        "Retry-After": [ "30" ],
        "x-ms-request-id": [ "938828de-1852-4420-8635-45f000132993" ],
        "Server": [ "Microsoft-HTTPAPI/2.0" ],
        "x-ms-ratelimit-remaining-subscription-reads": [ "11906" ],
        "x-ms-correlation-request-id": [ "6a385502-db20-4c37-a182-c8d2609e09e4" ],
        "x-ms-routing-request-id": [ "SOUTHEASTASIA:20200331T090149Z:6a385502-db20-4c37-a182-c8d2609e09e4" ],
        "Strict-Transport-Security": [ "max-age=31536000; includeSubDomains" ],
        "X-Content-Type-Options": [ "nosniff" ],
        "Date": [ "Tue, 31 Mar 2020 09:01:48 GMT" ]
      },
      "ContentHeaders": {
        "Content-Length": [ "108" ],
        "Content-Type": [ "application/json; charset=utf-8" ],
        "Expires": [ "-1" ]
      },
      "Content": "{\"name\":\"b685e901-511a-4476-8cdc-7084dc693017\",\"status\":\"InProgress\",\"startTime\":\"2020-03-31T08:55:42.307Z\"}"
    }
  },
  "New-AzMySqlServerReplica+[NoContext]+CreateExpanded+$GET+https://management.azure.com/subscriptions/ec0aa5f7-9e78-40c9-85cd-535c6305b380/providers/Microsoft.DBforMySQL/locations/eastus/azureAsyncOperation/b685e901-511a-4476-8cdc-7084dc693017?api-version=2017-12-01+15": {
    "Request": {
      "Method": "GET",
      "RequestUri": "https://management.azure.com/subscriptions/ec0aa5f7-9e78-40c9-85cd-535c6305b380/providers/Microsoft.DBforMySQL/locations/eastus/azureAsyncOperation/b685e901-511a-4476-8cdc-7084dc693017?api-version=2017-12-01",
      "Content": null,
      "Headers": {
        "x-ms-unique-id": [ "107", "108", "109", "110", "111", "112", "113", "114", "115", "116", "117", "118", "119", "120" ],
        "x-ms-client-request-id": [ "5324b48e-6e10-4411-a8eb-741177766942", "5324b48e-6e10-4411-a8eb-741177766942", "5324b48e-6e10-4411-a8eb-741177766942", "5324b48e-6e10-4411-a8eb-741177766942", "5324b48e-6e10-4411-a8eb-741177766942", "5324b48e-6e10-4411-a8eb-741177766942", "5324b48e-6e10-4411-a8eb-741177766942", "5324b48e-6e10-4411-a8eb-741177766942", "5324b48e-6e10-4411-a8eb-741177766942", "5324b48e-6e10-4411-a8eb-741177766942", "5324b48e-6e10-4411-a8eb-741177766942", "5324b48e-6e10-4411-a8eb-741177766942", "5324b48e-6e10-4411-a8eb-741177766942", "5324b48e-6e10-4411-a8eb-741177766942" ],
        "CommandName": [ "Az.MySql.internal\\New-AzMySqlServer", "Az.MySql.internal\\New-AzMySqlServer", "Az.MySql.internal\\New-AzMySqlServer", "Az.MySql.internal\\New-AzMySqlServer", "Az.MySql.internal\\New-AzMySqlServer", "Az.MySql.internal\\New-AzMySqlServer", "Az.MySql.internal\\New-AzMySqlServer", "Az.MySql.internal\\New-AzMySqlServer", "Az.MySql.internal\\New-AzMySqlServer", "Az.MySql.internal\\New-AzMySqlServer", "Az.MySql.internal\\New-AzMySqlServer", "Az.MySql.internal\\New-AzMySqlServer", "Az.MySql.internal\\New-AzMySqlServer", "Az.MySql.internal\\New-AzMySqlServer" ],
        "FullCommandName": [ "New-AzMySqlServer_Create", "New-AzMySqlServer_Create", "New-AzMySqlServer_Create", "New-AzMySqlServer_Create", "New-AzMySqlServer_Create", "New-AzMySqlServer_Create", "New-AzMySqlServer_Create", "New-AzMySqlServer_Create", "New-AzMySqlServer_Create", "New-AzMySqlServer_Create", "New-AzMySqlServer_Create", "New-AzMySqlServer_Create", "New-AzMySqlServer_Create", "New-AzMySqlServer_Create" ],
        "ParameterSetName": [ "__AllParameterSets", "__AllParameterSets", "__AllParameterSets", "__AllParameterSets", "__AllParameterSets", "__AllParameterSets", "__AllParameterSets", "__AllParameterSets", "__AllParameterSets", "__AllParameterSets", "__AllParameterSets", "__AllParameterSets", "__AllParameterSets", "__AllParameterSets" ],
        "User-Agent": [ "PSVersion/v6.2.3", "PSVersion/v6.2.3", "PSVersion/v6.2.3", "PSVersion/v6.2.3", "PSVersion/v6.2.3", "PSVersion/v6.2.3", "PSVersion/v6.2.3", "PSVersion/v6.2.3", "PSVersion/v6.2.3", "PSVersion/v6.2.3", "PSVersion/v6.2.3", "PSVersion/v6.2.3", "PSVersion/v6.2.3", "PSVersion/v6.2.3" ],
        "Authorization": [ "[Filtered]" ]
      },
      "ContentHeaders": {
      }
    },
    "Response": {
      "StatusCode": 200,
      "Headers": {
        "Cache-Control": [ "no-cache" ],
        "Pragma": [ "no-cache" ],
        "Retry-After": [ "30" ],
        "x-ms-request-id": [ "cebf51a2-e0e7-44b2-b75f-a5320802682d" ],
        "x-ms-ratelimit-remaining-subscription-reads": [ "11905" ],
        "Server": [ "Microsoft-HTTPAPI/2.0" ],
        "x-ms-correlation-request-id": [ "430cd318-303d-4ec5-8334-5f7102b8ce4d" ],
        "x-ms-routing-request-id": [ "SOUTHEASTASIA:20200331T090220Z:430cd318-303d-4ec5-8334-5f7102b8ce4d" ],
        "Strict-Transport-Security": [ "max-age=31536000; includeSubDomains" ],
        "X-Content-Type-Options": [ "nosniff" ],
        "Date": [ "Tue, 31 Mar 2020 09:02:20 GMT" ]
      },
      "ContentHeaders": {
        "Content-Length": [ "108" ],
        "Content-Type": [ "application/json; charset=utf-8" ],
        "Expires": [ "-1" ]
      },
      "Content": "{\"name\":\"b685e901-511a-4476-8cdc-7084dc693017\",\"status\":\"InProgress\",\"startTime\":\"2020-03-31T08:55:42.307Z\"}"
    }
  },
  "New-AzMySqlServerReplica+[NoContext]+CreateExpanded+$GET+https://management.azure.com/subscriptions/ec0aa5f7-9e78-40c9-85cd-535c6305b380/providers/Microsoft.DBforMySQL/locations/eastus/azureAsyncOperation/b685e901-511a-4476-8cdc-7084dc693017?api-version=2017-12-01+16": {
    "Request": {
      "Method": "GET",
      "RequestUri": "https://management.azure.com/subscriptions/ec0aa5f7-9e78-40c9-85cd-535c6305b380/providers/Microsoft.DBforMySQL/locations/eastus/azureAsyncOperation/b685e901-511a-4476-8cdc-7084dc693017?api-version=2017-12-01",
      "Content": null,
      "Headers": {
        "x-ms-unique-id": [ "107", "108", "109", "110", "111", "112", "113", "114", "115", "116", "117", "118", "119", "120", "121" ],
        "x-ms-client-request-id": [ "5324b48e-6e10-4411-a8eb-741177766942", "5324b48e-6e10-4411-a8eb-741177766942", "5324b48e-6e10-4411-a8eb-741177766942", "5324b48e-6e10-4411-a8eb-741177766942", "5324b48e-6e10-4411-a8eb-741177766942", "5324b48e-6e10-4411-a8eb-741177766942", "5324b48e-6e10-4411-a8eb-741177766942", "5324b48e-6e10-4411-a8eb-741177766942", "5324b48e-6e10-4411-a8eb-741177766942", "5324b48e-6e10-4411-a8eb-741177766942", "5324b48e-6e10-4411-a8eb-741177766942", "5324b48e-6e10-4411-a8eb-741177766942", "5324b48e-6e10-4411-a8eb-741177766942", "5324b48e-6e10-4411-a8eb-741177766942", "5324b48e-6e10-4411-a8eb-741177766942" ],
        "CommandName": [ "Az.MySql.internal\\New-AzMySqlServer", "Az.MySql.internal\\New-AzMySqlServer", "Az.MySql.internal\\New-AzMySqlServer", "Az.MySql.internal\\New-AzMySqlServer", "Az.MySql.internal\\New-AzMySqlServer", "Az.MySql.internal\\New-AzMySqlServer", "Az.MySql.internal\\New-AzMySqlServer", "Az.MySql.internal\\New-AzMySqlServer", "Az.MySql.internal\\New-AzMySqlServer", "Az.MySql.internal\\New-AzMySqlServer", "Az.MySql.internal\\New-AzMySqlServer", "Az.MySql.internal\\New-AzMySqlServer", "Az.MySql.internal\\New-AzMySqlServer", "Az.MySql.internal\\New-AzMySqlServer", "Az.MySql.internal\\New-AzMySqlServer" ],
        "FullCommandName": [ "New-AzMySqlServer_Create", "New-AzMySqlServer_Create", "New-AzMySqlServer_Create", "New-AzMySqlServer_Create", "New-AzMySqlServer_Create", "New-AzMySqlServer_Create", "New-AzMySqlServer_Create", "New-AzMySqlServer_Create", "New-AzMySqlServer_Create", "New-AzMySqlServer_Create", "New-AzMySqlServer_Create", "New-AzMySqlServer_Create", "New-AzMySqlServer_Create", "New-AzMySqlServer_Create", "New-AzMySqlServer_Create" ],
        "ParameterSetName": [ "__AllParameterSets", "__AllParameterSets", "__AllParameterSets", "__AllParameterSets", "__AllParameterSets", "__AllParameterSets", "__AllParameterSets", "__AllParameterSets", "__AllParameterSets", "__AllParameterSets", "__AllParameterSets", "__AllParameterSets", "__AllParameterSets", "__AllParameterSets", "__AllParameterSets" ],
        "User-Agent": [ "PSVersion/v6.2.3", "PSVersion/v6.2.3", "PSVersion/v6.2.3", "PSVersion/v6.2.3", "PSVersion/v6.2.3", "PSVersion/v6.2.3", "PSVersion/v6.2.3", "PSVersion/v6.2.3", "PSVersion/v6.2.3", "PSVersion/v6.2.3", "PSVersion/v6.2.3", "PSVersion/v6.2.3", "PSVersion/v6.2.3", "PSVersion/v6.2.3", "PSVersion/v6.2.3" ],
        "Authorization": [ "[Filtered]" ]
      },
      "ContentHeaders": {
      }
    },
    "Response": {
      "StatusCode": 200,
      "Headers": {
        "Cache-Control": [ "no-cache" ],
        "Pragma": [ "no-cache" ],
        "Retry-After": [ "30" ],
        "x-ms-request-id": [ "e82ce262-130a-41e7-865f-d80d52e67710" ],
        "Server": [ "Microsoft-HTTPAPI/2.0" ],
        "x-ms-ratelimit-remaining-subscription-reads": [ "11904" ],
        "x-ms-correlation-request-id": [ "ea6989bb-ed3c-426c-a1e4-32686aa0ee7b" ],
        "x-ms-routing-request-id": [ "SOUTHEASTASIA:20200331T090251Z:ea6989bb-ed3c-426c-a1e4-32686aa0ee7b" ],
        "Strict-Transport-Security": [ "max-age=31536000; includeSubDomains" ],
        "X-Content-Type-Options": [ "nosniff" ],
        "Date": [ "Tue, 31 Mar 2020 09:02:50 GMT" ]
      },
      "ContentHeaders": {
        "Content-Length": [ "108" ],
        "Content-Type": [ "application/json; charset=utf-8" ],
        "Expires": [ "-1" ]
      },
      "Content": "{\"name\":\"b685e901-511a-4476-8cdc-7084dc693017\",\"status\":\"InProgress\",\"startTime\":\"2020-03-31T08:55:42.307Z\"}"
    }
  },
  "New-AzMySqlServerReplica+[NoContext]+CreateExpanded+$GET+https://management.azure.com/subscriptions/ec0aa5f7-9e78-40c9-85cd-535c6305b380/providers/Microsoft.DBforMySQL/locations/eastus/azureAsyncOperation/b685e901-511a-4476-8cdc-7084dc693017?api-version=2017-12-01+17": {
    "Request": {
      "Method": "GET",
      "RequestUri": "https://management.azure.com/subscriptions/ec0aa5f7-9e78-40c9-85cd-535c6305b380/providers/Microsoft.DBforMySQL/locations/eastus/azureAsyncOperation/b685e901-511a-4476-8cdc-7084dc693017?api-version=2017-12-01",
      "Content": null,
      "Headers": {
        "x-ms-unique-id": [ "107", "108", "109", "110", "111", "112", "113", "114", "115", "116", "117", "118", "119", "120", "121", "122" ],
        "x-ms-client-request-id": [ "5324b48e-6e10-4411-a8eb-741177766942", "5324b48e-6e10-4411-a8eb-741177766942", "5324b48e-6e10-4411-a8eb-741177766942", "5324b48e-6e10-4411-a8eb-741177766942", "5324b48e-6e10-4411-a8eb-741177766942", "5324b48e-6e10-4411-a8eb-741177766942", "5324b48e-6e10-4411-a8eb-741177766942", "5324b48e-6e10-4411-a8eb-741177766942", "5324b48e-6e10-4411-a8eb-741177766942", "5324b48e-6e10-4411-a8eb-741177766942", "5324b48e-6e10-4411-a8eb-741177766942", "5324b48e-6e10-4411-a8eb-741177766942", "5324b48e-6e10-4411-a8eb-741177766942", "5324b48e-6e10-4411-a8eb-741177766942", "5324b48e-6e10-4411-a8eb-741177766942", "5324b48e-6e10-4411-a8eb-741177766942" ],
        "CommandName": [ "Az.MySql.internal\\New-AzMySqlServer", "Az.MySql.internal\\New-AzMySqlServer", "Az.MySql.internal\\New-AzMySqlServer", "Az.MySql.internal\\New-AzMySqlServer", "Az.MySql.internal\\New-AzMySqlServer", "Az.MySql.internal\\New-AzMySqlServer", "Az.MySql.internal\\New-AzMySqlServer", "Az.MySql.internal\\New-AzMySqlServer", "Az.MySql.internal\\New-AzMySqlServer", "Az.MySql.internal\\New-AzMySqlServer", "Az.MySql.internal\\New-AzMySqlServer", "Az.MySql.internal\\New-AzMySqlServer", "Az.MySql.internal\\New-AzMySqlServer", "Az.MySql.internal\\New-AzMySqlServer", "Az.MySql.internal\\New-AzMySqlServer", "Az.MySql.internal\\New-AzMySqlServer" ],
        "FullCommandName": [ "New-AzMySqlServer_Create", "New-AzMySqlServer_Create", "New-AzMySqlServer_Create", "New-AzMySqlServer_Create", "New-AzMySqlServer_Create", "New-AzMySqlServer_Create", "New-AzMySqlServer_Create", "New-AzMySqlServer_Create", "New-AzMySqlServer_Create", "New-AzMySqlServer_Create", "New-AzMySqlServer_Create", "New-AzMySqlServer_Create", "New-AzMySqlServer_Create", "New-AzMySqlServer_Create", "New-AzMySqlServer_Create", "New-AzMySqlServer_Create" ],
        "ParameterSetName": [ "__AllParameterSets", "__AllParameterSets", "__AllParameterSets", "__AllParameterSets", "__AllParameterSets", "__AllParameterSets", "__AllParameterSets", "__AllParameterSets", "__AllParameterSets", "__AllParameterSets", "__AllParameterSets", "__AllParameterSets", "__AllParameterSets", "__AllParameterSets", "__AllParameterSets", "__AllParameterSets" ],
        "User-Agent": [ "PSVersion/v6.2.3", "PSVersion/v6.2.3", "PSVersion/v6.2.3", "PSVersion/v6.2.3", "PSVersion/v6.2.3", "PSVersion/v6.2.3", "PSVersion/v6.2.3", "PSVersion/v6.2.3", "PSVersion/v6.2.3", "PSVersion/v6.2.3", "PSVersion/v6.2.3", "PSVersion/v6.2.3", "PSVersion/v6.2.3", "PSVersion/v6.2.3", "PSVersion/v6.2.3", "PSVersion/v6.2.3" ],
        "Authorization": [ "[Filtered]" ]
      },
      "ContentHeaders": {
      }
    },
    "Response": {
      "StatusCode": 200,
      "Headers": {
        "Cache-Control": [ "no-cache" ],
        "Pragma": [ "no-cache" ],
        "Retry-After": [ "30" ],
        "x-ms-request-id": [ "8d8dab98-7e0d-4dd9-aee7-dc527ebceb8e" ],
        "Server": [ "Microsoft-HTTPAPI/2.0" ],
        "x-ms-ratelimit-remaining-subscription-reads": [ "11903" ],
        "x-ms-correlation-request-id": [ "83a3301a-c5d3-49d7-b44d-0bc4620aa573" ],
        "x-ms-routing-request-id": [ "SOUTHEASTASIA:20200331T090321Z:83a3301a-c5d3-49d7-b44d-0bc4620aa573" ],
        "Strict-Transport-Security": [ "max-age=31536000; includeSubDomains" ],
        "X-Content-Type-Options": [ "nosniff" ],
        "Date": [ "Tue, 31 Mar 2020 09:03:20 GMT" ]
      },
      "ContentHeaders": {
        "Content-Length": [ "108" ],
        "Content-Type": [ "application/json; charset=utf-8" ],
        "Expires": [ "-1" ]
      },
      "Content": "{\"name\":\"b685e901-511a-4476-8cdc-7084dc693017\",\"status\":\"InProgress\",\"startTime\":\"2020-03-31T08:55:42.307Z\"}"
    }
  },
  "New-AzMySqlServerReplica+[NoContext]+CreateExpanded+$GET+https://management.azure.com/subscriptions/ec0aa5f7-9e78-40c9-85cd-535c6305b380/providers/Microsoft.DBforMySQL/locations/eastus/azureAsyncOperation/b685e901-511a-4476-8cdc-7084dc693017?api-version=2017-12-01+18": {
    "Request": {
      "Method": "GET",
      "RequestUri": "https://management.azure.com/subscriptions/ec0aa5f7-9e78-40c9-85cd-535c6305b380/providers/Microsoft.DBforMySQL/locations/eastus/azureAsyncOperation/b685e901-511a-4476-8cdc-7084dc693017?api-version=2017-12-01",
      "Content": null,
      "Headers": {
        "x-ms-unique-id": [ "107", "108", "109", "110", "111", "112", "113", "114", "115", "116", "117", "118", "119", "120", "121", "122", "123" ],
        "x-ms-client-request-id": [ "5324b48e-6e10-4411-a8eb-741177766942", "5324b48e-6e10-4411-a8eb-741177766942", "5324b48e-6e10-4411-a8eb-741177766942", "5324b48e-6e10-4411-a8eb-741177766942", "5324b48e-6e10-4411-a8eb-741177766942", "5324b48e-6e10-4411-a8eb-741177766942", "5324b48e-6e10-4411-a8eb-741177766942", "5324b48e-6e10-4411-a8eb-741177766942", "5324b48e-6e10-4411-a8eb-741177766942", "5324b48e-6e10-4411-a8eb-741177766942", "5324b48e-6e10-4411-a8eb-741177766942", "5324b48e-6e10-4411-a8eb-741177766942", "5324b48e-6e10-4411-a8eb-741177766942", "5324b48e-6e10-4411-a8eb-741177766942", "5324b48e-6e10-4411-a8eb-741177766942", "5324b48e-6e10-4411-a8eb-741177766942", "5324b48e-6e10-4411-a8eb-741177766942" ],
        "CommandName": [ "Az.MySql.internal\\New-AzMySqlServer", "Az.MySql.internal\\New-AzMySqlServer", "Az.MySql.internal\\New-AzMySqlServer", "Az.MySql.internal\\New-AzMySqlServer", "Az.MySql.internal\\New-AzMySqlServer", "Az.MySql.internal\\New-AzMySqlServer", "Az.MySql.internal\\New-AzMySqlServer", "Az.MySql.internal\\New-AzMySqlServer", "Az.MySql.internal\\New-AzMySqlServer", "Az.MySql.internal\\New-AzMySqlServer", "Az.MySql.internal\\New-AzMySqlServer", "Az.MySql.internal\\New-AzMySqlServer", "Az.MySql.internal\\New-AzMySqlServer", "Az.MySql.internal\\New-AzMySqlServer", "Az.MySql.internal\\New-AzMySqlServer", "Az.MySql.internal\\New-AzMySqlServer", "Az.MySql.internal\\New-AzMySqlServer" ],
        "FullCommandName": [ "New-AzMySqlServer_Create", "New-AzMySqlServer_Create", "New-AzMySqlServer_Create", "New-AzMySqlServer_Create", "New-AzMySqlServer_Create", "New-AzMySqlServer_Create", "New-AzMySqlServer_Create", "New-AzMySqlServer_Create", "New-AzMySqlServer_Create", "New-AzMySqlServer_Create", "New-AzMySqlServer_Create", "New-AzMySqlServer_Create", "New-AzMySqlServer_Create", "New-AzMySqlServer_Create", "New-AzMySqlServer_Create", "New-AzMySqlServer_Create", "New-AzMySqlServer_Create" ],
        "ParameterSetName": [ "__AllParameterSets", "__AllParameterSets", "__AllParameterSets", "__AllParameterSets", "__AllParameterSets", "__AllParameterSets", "__AllParameterSets", "__AllParameterSets", "__AllParameterSets", "__AllParameterSets", "__AllParameterSets", "__AllParameterSets", "__AllParameterSets", "__AllParameterSets", "__AllParameterSets", "__AllParameterSets", "__AllParameterSets" ],
        "User-Agent": [ "PSVersion/v6.2.3", "PSVersion/v6.2.3", "PSVersion/v6.2.3", "PSVersion/v6.2.3", "PSVersion/v6.2.3", "PSVersion/v6.2.3", "PSVersion/v6.2.3", "PSVersion/v6.2.3", "PSVersion/v6.2.3", "PSVersion/v6.2.3", "PSVersion/v6.2.3", "PSVersion/v6.2.3", "PSVersion/v6.2.3", "PSVersion/v6.2.3", "PSVersion/v6.2.3", "PSVersion/v6.2.3", "PSVersion/v6.2.3" ],
        "Authorization": [ "[Filtered]" ]
      },
      "ContentHeaders": {
      }
    },
    "Response": {
      "StatusCode": 200,
      "Headers": {
        "Cache-Control": [ "no-cache" ],
        "Pragma": [ "no-cache" ],
        "Retry-After": [ "30" ],
        "x-ms-request-id": [ "8649fb8e-03fb-4362-ba5d-a932aa14140a" ],
        "Server": [ "Microsoft-HTTPAPI/2.0" ],
        "x-ms-ratelimit-remaining-subscription-reads": [ "11902" ],
        "x-ms-correlation-request-id": [ "8f0990dd-5b6c-4936-acbd-947502acbd4c" ],
        "x-ms-routing-request-id": [ "SOUTHEASTASIA:20200331T090351Z:8f0990dd-5b6c-4936-acbd-947502acbd4c" ],
        "Strict-Transport-Security": [ "max-age=31536000; includeSubDomains" ],
        "X-Content-Type-Options": [ "nosniff" ],
        "Date": [ "Tue, 31 Mar 2020 09:03:51 GMT" ]
      },
      "ContentHeaders": {
        "Content-Length": [ "108" ],
        "Content-Type": [ "application/json; charset=utf-8" ],
        "Expires": [ "-1" ]
      },
      "Content": "{\"name\":\"b685e901-511a-4476-8cdc-7084dc693017\",\"status\":\"InProgress\",\"startTime\":\"2020-03-31T08:55:42.307Z\"}"
    }
  },
  "New-AzMySqlServerReplica+[NoContext]+CreateExpanded+$GET+https://management.azure.com/subscriptions/ec0aa5f7-9e78-40c9-85cd-535c6305b380/providers/Microsoft.DBforMySQL/locations/eastus/azureAsyncOperation/b685e901-511a-4476-8cdc-7084dc693017?api-version=2017-12-01+19": {
    "Request": {
      "Method": "GET",
      "RequestUri": "https://management.azure.com/subscriptions/ec0aa5f7-9e78-40c9-85cd-535c6305b380/providers/Microsoft.DBforMySQL/locations/eastus/azureAsyncOperation/b685e901-511a-4476-8cdc-7084dc693017?api-version=2017-12-01",
      "Content": null,
      "Headers": {
        "x-ms-unique-id": [ "107", "108", "109", "110", "111", "112", "113", "114", "115", "116", "117", "118", "119", "120", "121", "122", "123", "124" ],
        "x-ms-client-request-id": [ "5324b48e-6e10-4411-a8eb-741177766942", "5324b48e-6e10-4411-a8eb-741177766942", "5324b48e-6e10-4411-a8eb-741177766942", "5324b48e-6e10-4411-a8eb-741177766942", "5324b48e-6e10-4411-a8eb-741177766942", "5324b48e-6e10-4411-a8eb-741177766942", "5324b48e-6e10-4411-a8eb-741177766942", "5324b48e-6e10-4411-a8eb-741177766942", "5324b48e-6e10-4411-a8eb-741177766942", "5324b48e-6e10-4411-a8eb-741177766942", "5324b48e-6e10-4411-a8eb-741177766942", "5324b48e-6e10-4411-a8eb-741177766942", "5324b48e-6e10-4411-a8eb-741177766942", "5324b48e-6e10-4411-a8eb-741177766942", "5324b48e-6e10-4411-a8eb-741177766942", "5324b48e-6e10-4411-a8eb-741177766942", "5324b48e-6e10-4411-a8eb-741177766942", "5324b48e-6e10-4411-a8eb-741177766942" ],
        "CommandName": [ "Az.MySql.internal\\New-AzMySqlServer", "Az.MySql.internal\\New-AzMySqlServer", "Az.MySql.internal\\New-AzMySqlServer", "Az.MySql.internal\\New-AzMySqlServer", "Az.MySql.internal\\New-AzMySqlServer", "Az.MySql.internal\\New-AzMySqlServer", "Az.MySql.internal\\New-AzMySqlServer", "Az.MySql.internal\\New-AzMySqlServer", "Az.MySql.internal\\New-AzMySqlServer", "Az.MySql.internal\\New-AzMySqlServer", "Az.MySql.internal\\New-AzMySqlServer", "Az.MySql.internal\\New-AzMySqlServer", "Az.MySql.internal\\New-AzMySqlServer", "Az.MySql.internal\\New-AzMySqlServer", "Az.MySql.internal\\New-AzMySqlServer", "Az.MySql.internal\\New-AzMySqlServer", "Az.MySql.internal\\New-AzMySqlServer", "Az.MySql.internal\\New-AzMySqlServer" ],
        "FullCommandName": [ "New-AzMySqlServer_Create", "New-AzMySqlServer_Create", "New-AzMySqlServer_Create", "New-AzMySqlServer_Create", "New-AzMySqlServer_Create", "New-AzMySqlServer_Create", "New-AzMySqlServer_Create", "New-AzMySqlServer_Create", "New-AzMySqlServer_Create", "New-AzMySqlServer_Create", "New-AzMySqlServer_Create", "New-AzMySqlServer_Create", "New-AzMySqlServer_Create", "New-AzMySqlServer_Create", "New-AzMySqlServer_Create", "New-AzMySqlServer_Create", "New-AzMySqlServer_Create", "New-AzMySqlServer_Create" ],
        "ParameterSetName": [ "__AllParameterSets", "__AllParameterSets", "__AllParameterSets", "__AllParameterSets", "__AllParameterSets", "__AllParameterSets", "__AllParameterSets", "__AllParameterSets", "__AllParameterSets", "__AllParameterSets", "__AllParameterSets", "__AllParameterSets", "__AllParameterSets", "__AllParameterSets", "__AllParameterSets", "__AllParameterSets", "__AllParameterSets", "__AllParameterSets" ],
        "User-Agent": [ "PSVersion/v6.2.3", "PSVersion/v6.2.3", "PSVersion/v6.2.3", "PSVersion/v6.2.3", "PSVersion/v6.2.3", "PSVersion/v6.2.3", "PSVersion/v6.2.3", "PSVersion/v6.2.3", "PSVersion/v6.2.3", "PSVersion/v6.2.3", "PSVersion/v6.2.3", "PSVersion/v6.2.3", "PSVersion/v6.2.3", "PSVersion/v6.2.3", "PSVersion/v6.2.3", "PSVersion/v6.2.3", "PSVersion/v6.2.3", "PSVersion/v6.2.3" ],
        "Authorization": [ "[Filtered]" ]
      },
      "ContentHeaders": {
      }
    },
    "Response": {
      "StatusCode": 200,
      "Headers": {
        "Cache-Control": [ "no-cache" ],
        "Pragma": [ "no-cache" ],
        "Retry-After": [ "30" ],
        "x-ms-request-id": [ "26a2d9f4-7e9f-445c-88af-93c69a93c9bb" ],
        "x-ms-ratelimit-remaining-subscription-reads": [ "11901" ],
        "Server": [ "Microsoft-HTTPAPI/2.0" ],
        "x-ms-correlation-request-id": [ "2ffc7e9d-c614-4531-9f8d-a4adb2647a49" ],
        "x-ms-routing-request-id": [ "SOUTHEASTASIA:20200331T090422Z:2ffc7e9d-c614-4531-9f8d-a4adb2647a49" ],
        "Strict-Transport-Security": [ "max-age=31536000; includeSubDomains" ],
        "X-Content-Type-Options": [ "nosniff" ],
        "Date": [ "Tue, 31 Mar 2020 09:04:21 GMT" ]
      },
      "ContentHeaders": {
        "Content-Length": [ "108" ],
        "Content-Type": [ "application/json; charset=utf-8" ],
        "Expires": [ "-1" ]
      },
      "Content": "{\"name\":\"b685e901-511a-4476-8cdc-7084dc693017\",\"status\":\"InProgress\",\"startTime\":\"2020-03-31T08:55:42.307Z\"}"
    }
  },
  "New-AzMySqlServerReplica+[NoContext]+CreateExpanded+$GET+https://management.azure.com/subscriptions/ec0aa5f7-9e78-40c9-85cd-535c6305b380/providers/Microsoft.DBforMySQL/locations/eastus/azureAsyncOperation/b685e901-511a-4476-8cdc-7084dc693017?api-version=2017-12-01+20": {
    "Request": {
      "Method": "GET",
      "RequestUri": "https://management.azure.com/subscriptions/ec0aa5f7-9e78-40c9-85cd-535c6305b380/providers/Microsoft.DBforMySQL/locations/eastus/azureAsyncOperation/b685e901-511a-4476-8cdc-7084dc693017?api-version=2017-12-01",
      "Content": null,
      "Headers": {
        "x-ms-unique-id": [ "107", "108", "109", "110", "111", "112", "113", "114", "115", "116", "117", "118", "119", "120", "121", "122", "123", "124", "125" ],
        "x-ms-client-request-id": [ "5324b48e-6e10-4411-a8eb-741177766942", "5324b48e-6e10-4411-a8eb-741177766942", "5324b48e-6e10-4411-a8eb-741177766942", "5324b48e-6e10-4411-a8eb-741177766942", "5324b48e-6e10-4411-a8eb-741177766942", "5324b48e-6e10-4411-a8eb-741177766942", "5324b48e-6e10-4411-a8eb-741177766942", "5324b48e-6e10-4411-a8eb-741177766942", "5324b48e-6e10-4411-a8eb-741177766942", "5324b48e-6e10-4411-a8eb-741177766942", "5324b48e-6e10-4411-a8eb-741177766942", "5324b48e-6e10-4411-a8eb-741177766942", "5324b48e-6e10-4411-a8eb-741177766942", "5324b48e-6e10-4411-a8eb-741177766942", "5324b48e-6e10-4411-a8eb-741177766942", "5324b48e-6e10-4411-a8eb-741177766942", "5324b48e-6e10-4411-a8eb-741177766942", "5324b48e-6e10-4411-a8eb-741177766942", "5324b48e-6e10-4411-a8eb-741177766942" ],
        "CommandName": [ "Az.MySql.internal\\New-AzMySqlServer", "Az.MySql.internal\\New-AzMySqlServer", "Az.MySql.internal\\New-AzMySqlServer", "Az.MySql.internal\\New-AzMySqlServer", "Az.MySql.internal\\New-AzMySqlServer", "Az.MySql.internal\\New-AzMySqlServer", "Az.MySql.internal\\New-AzMySqlServer", "Az.MySql.internal\\New-AzMySqlServer", "Az.MySql.internal\\New-AzMySqlServer", "Az.MySql.internal\\New-AzMySqlServer", "Az.MySql.internal\\New-AzMySqlServer", "Az.MySql.internal\\New-AzMySqlServer", "Az.MySql.internal\\New-AzMySqlServer", "Az.MySql.internal\\New-AzMySqlServer", "Az.MySql.internal\\New-AzMySqlServer", "Az.MySql.internal\\New-AzMySqlServer", "Az.MySql.internal\\New-AzMySqlServer", "Az.MySql.internal\\New-AzMySqlServer", "Az.MySql.internal\\New-AzMySqlServer" ],
        "FullCommandName": [ "New-AzMySqlServer_Create", "New-AzMySqlServer_Create", "New-AzMySqlServer_Create", "New-AzMySqlServer_Create", "New-AzMySqlServer_Create", "New-AzMySqlServer_Create", "New-AzMySqlServer_Create", "New-AzMySqlServer_Create", "New-AzMySqlServer_Create", "New-AzMySqlServer_Create", "New-AzMySqlServer_Create", "New-AzMySqlServer_Create", "New-AzMySqlServer_Create", "New-AzMySqlServer_Create", "New-AzMySqlServer_Create", "New-AzMySqlServer_Create", "New-AzMySqlServer_Create", "New-AzMySqlServer_Create", "New-AzMySqlServer_Create" ],
        "ParameterSetName": [ "__AllParameterSets", "__AllParameterSets", "__AllParameterSets", "__AllParameterSets", "__AllParameterSets", "__AllParameterSets", "__AllParameterSets", "__AllParameterSets", "__AllParameterSets", "__AllParameterSets", "__AllParameterSets", "__AllParameterSets", "__AllParameterSets", "__AllParameterSets", "__AllParameterSets", "__AllParameterSets", "__AllParameterSets", "__AllParameterSets", "__AllParameterSets" ],
        "User-Agent": [ "PSVersion/v6.2.3", "PSVersion/v6.2.3", "PSVersion/v6.2.3", "PSVersion/v6.2.3", "PSVersion/v6.2.3", "PSVersion/v6.2.3", "PSVersion/v6.2.3", "PSVersion/v6.2.3", "PSVersion/v6.2.3", "PSVersion/v6.2.3", "PSVersion/v6.2.3", "PSVersion/v6.2.3", "PSVersion/v6.2.3", "PSVersion/v6.2.3", "PSVersion/v6.2.3", "PSVersion/v6.2.3", "PSVersion/v6.2.3", "PSVersion/v6.2.3", "PSVersion/v6.2.3" ],
        "Authorization": [ "[Filtered]" ]
      },
      "ContentHeaders": {
      }
    },
    "Response": {
      "StatusCode": 200,
      "Headers": {
        "Cache-Control": [ "no-cache" ],
        "Pragma": [ "no-cache" ],
        "Retry-After": [ "30" ],
        "x-ms-request-id": [ "484cbf21-e82c-4137-826a-6654a75d1568" ],
        "Server": [ "Microsoft-HTTPAPI/2.0" ],
        "x-ms-ratelimit-remaining-subscription-reads": [ "11900" ],
        "x-ms-correlation-request-id": [ "8a7907db-1cde-40cd-a89b-c6ab78a473a1" ],
        "x-ms-routing-request-id": [ "SOUTHEASTASIA:20200331T090453Z:8a7907db-1cde-40cd-a89b-c6ab78a473a1" ],
        "Strict-Transport-Security": [ "max-age=31536000; includeSubDomains" ],
        "X-Content-Type-Options": [ "nosniff" ],
        "Date": [ "Tue, 31 Mar 2020 09:04:52 GMT" ]
      },
      "ContentHeaders": {
        "Content-Length": [ "108" ],
        "Content-Type": [ "application/json; charset=utf-8" ],
        "Expires": [ "-1" ]
      },
      "Content": "{\"name\":\"b685e901-511a-4476-8cdc-7084dc693017\",\"status\":\"InProgress\",\"startTime\":\"2020-03-31T08:55:42.307Z\"}"
    }
  },
  "New-AzMySqlServerReplica+[NoContext]+CreateExpanded+$GET+https://management.azure.com/subscriptions/ec0aa5f7-9e78-40c9-85cd-535c6305b380/providers/Microsoft.DBforMySQL/locations/eastus/azureAsyncOperation/b685e901-511a-4476-8cdc-7084dc693017?api-version=2017-12-01+21": {
    "Request": {
      "Method": "GET",
      "RequestUri": "https://management.azure.com/subscriptions/ec0aa5f7-9e78-40c9-85cd-535c6305b380/providers/Microsoft.DBforMySQL/locations/eastus/azureAsyncOperation/b685e901-511a-4476-8cdc-7084dc693017?api-version=2017-12-01",
      "Content": null,
      "Headers": {
        "x-ms-unique-id": [ "107", "108", "109", "110", "111", "112", "113", "114", "115", "116", "117", "118", "119", "120", "121", "122", "123", "124", "125", "126" ],
        "x-ms-client-request-id": [ "5324b48e-6e10-4411-a8eb-741177766942", "5324b48e-6e10-4411-a8eb-741177766942", "5324b48e-6e10-4411-a8eb-741177766942", "5324b48e-6e10-4411-a8eb-741177766942", "5324b48e-6e10-4411-a8eb-741177766942", "5324b48e-6e10-4411-a8eb-741177766942", "5324b48e-6e10-4411-a8eb-741177766942", "5324b48e-6e10-4411-a8eb-741177766942", "5324b48e-6e10-4411-a8eb-741177766942", "5324b48e-6e10-4411-a8eb-741177766942", "5324b48e-6e10-4411-a8eb-741177766942", "5324b48e-6e10-4411-a8eb-741177766942", "5324b48e-6e10-4411-a8eb-741177766942", "5324b48e-6e10-4411-a8eb-741177766942", "5324b48e-6e10-4411-a8eb-741177766942", "5324b48e-6e10-4411-a8eb-741177766942", "5324b48e-6e10-4411-a8eb-741177766942", "5324b48e-6e10-4411-a8eb-741177766942", "5324b48e-6e10-4411-a8eb-741177766942", "5324b48e-6e10-4411-a8eb-741177766942" ],
        "CommandName": [ "Az.MySql.internal\\New-AzMySqlServer", "Az.MySql.internal\\New-AzMySqlServer", "Az.MySql.internal\\New-AzMySqlServer", "Az.MySql.internal\\New-AzMySqlServer", "Az.MySql.internal\\New-AzMySqlServer", "Az.MySql.internal\\New-AzMySqlServer", "Az.MySql.internal\\New-AzMySqlServer", "Az.MySql.internal\\New-AzMySqlServer", "Az.MySql.internal\\New-AzMySqlServer", "Az.MySql.internal\\New-AzMySqlServer", "Az.MySql.internal\\New-AzMySqlServer", "Az.MySql.internal\\New-AzMySqlServer", "Az.MySql.internal\\New-AzMySqlServer", "Az.MySql.internal\\New-AzMySqlServer", "Az.MySql.internal\\New-AzMySqlServer", "Az.MySql.internal\\New-AzMySqlServer", "Az.MySql.internal\\New-AzMySqlServer", "Az.MySql.internal\\New-AzMySqlServer", "Az.MySql.internal\\New-AzMySqlServer", "Az.MySql.internal\\New-AzMySqlServer" ],
        "FullCommandName": [ "New-AzMySqlServer_Create", "New-AzMySqlServer_Create", "New-AzMySqlServer_Create", "New-AzMySqlServer_Create", "New-AzMySqlServer_Create", "New-AzMySqlServer_Create", "New-AzMySqlServer_Create", "New-AzMySqlServer_Create", "New-AzMySqlServer_Create", "New-AzMySqlServer_Create", "New-AzMySqlServer_Create", "New-AzMySqlServer_Create", "New-AzMySqlServer_Create", "New-AzMySqlServer_Create", "New-AzMySqlServer_Create", "New-AzMySqlServer_Create", "New-AzMySqlServer_Create", "New-AzMySqlServer_Create", "New-AzMySqlServer_Create", "New-AzMySqlServer_Create" ],
        "ParameterSetName": [ "__AllParameterSets", "__AllParameterSets", "__AllParameterSets", "__AllParameterSets", "__AllParameterSets", "__AllParameterSets", "__AllParameterSets", "__AllParameterSets", "__AllParameterSets", "__AllParameterSets", "__AllParameterSets", "__AllParameterSets", "__AllParameterSets", "__AllParameterSets", "__AllParameterSets", "__AllParameterSets", "__AllParameterSets", "__AllParameterSets", "__AllParameterSets", "__AllParameterSets" ],
        "User-Agent": [ "PSVersion/v6.2.3", "PSVersion/v6.2.3", "PSVersion/v6.2.3", "PSVersion/v6.2.3", "PSVersion/v6.2.3", "PSVersion/v6.2.3", "PSVersion/v6.2.3", "PSVersion/v6.2.3", "PSVersion/v6.2.3", "PSVersion/v6.2.3", "PSVersion/v6.2.3", "PSVersion/v6.2.3", "PSVersion/v6.2.3", "PSVersion/v6.2.3", "PSVersion/v6.2.3", "PSVersion/v6.2.3", "PSVersion/v6.2.3", "PSVersion/v6.2.3", "PSVersion/v6.2.3", "PSVersion/v6.2.3" ],
        "Authorization": [ "[Filtered]" ]
      },
      "ContentHeaders": {
      }
    },
    "Response": {
      "StatusCode": 200,
      "Headers": {
        "Cache-Control": [ "no-cache" ],
        "Pragma": [ "no-cache" ],
        "Retry-After": [ "30" ],
        "x-ms-request-id": [ "a634043e-9d93-4205-b238-c21954f8ff0b" ],
        "Server": [ "Microsoft-HTTPAPI/2.0" ],
        "x-ms-ratelimit-remaining-subscription-reads": [ "11899" ],
        "x-ms-correlation-request-id": [ "8453a259-3fba-4592-bfe4-e2074e6455e6" ],
        "x-ms-routing-request-id": [ "SOUTHEASTASIA:20200331T090523Z:8453a259-3fba-4592-bfe4-e2074e6455e6" ],
        "Strict-Transport-Security": [ "max-age=31536000; includeSubDomains" ],
        "X-Content-Type-Options": [ "nosniff" ],
        "Date": [ "Tue, 31 Mar 2020 09:05:23 GMT" ]
      },
      "ContentHeaders": {
        "Content-Length": [ "107" ],
        "Content-Type": [ "application/json; charset=utf-8" ],
        "Expires": [ "-1" ]
      },
      "Content": "{\"name\":\"b685e901-511a-4476-8cdc-7084dc693017\",\"status\":\"Succeeded\",\"startTime\":\"2020-03-31T08:55:42.307Z\"}"
    }
  },
  "New-AzMySqlServerReplica+[NoContext]+CreateExpanded+$GET+https://management.azure.com/subscriptions/ec0aa5f7-9e78-40c9-85cd-535c6305b380/resourceGroups/MySqlTest/providers/Microsoft.DBforMySQL/servers/mysql-test-100-replica?api-version=2017-12-01+22": {
    "Request": {
      "Method": "GET",
      "RequestUri": "https://management.azure.com/subscriptions/ec0aa5f7-9e78-40c9-85cd-535c6305b380/resourceGroups/MySqlTest/providers/Microsoft.DBforMySQL/servers/mysql-test-100-replica?api-version=2017-12-01",
      "Content": null,
      "Headers": {
        "x-ms-unique-id": [ "107", "108", "109", "110", "111", "112", "113", "114", "115", "116", "117", "118", "119", "120", "121", "122", "123", "124", "125", "126", "127" ],
        "x-ms-client-request-id": [ "5324b48e-6e10-4411-a8eb-741177766942", "5324b48e-6e10-4411-a8eb-741177766942", "5324b48e-6e10-4411-a8eb-741177766942", "5324b48e-6e10-4411-a8eb-741177766942", "5324b48e-6e10-4411-a8eb-741177766942", "5324b48e-6e10-4411-a8eb-741177766942", "5324b48e-6e10-4411-a8eb-741177766942", "5324b48e-6e10-4411-a8eb-741177766942", "5324b48e-6e10-4411-a8eb-741177766942", "5324b48e-6e10-4411-a8eb-741177766942", "5324b48e-6e10-4411-a8eb-741177766942", "5324b48e-6e10-4411-a8eb-741177766942", "5324b48e-6e10-4411-a8eb-741177766942", "5324b48e-6e10-4411-a8eb-741177766942", "5324b48e-6e10-4411-a8eb-741177766942", "5324b48e-6e10-4411-a8eb-741177766942", "5324b48e-6e10-4411-a8eb-741177766942", "5324b48e-6e10-4411-a8eb-741177766942", "5324b48e-6e10-4411-a8eb-741177766942", "5324b48e-6e10-4411-a8eb-741177766942", "5324b48e-6e10-4411-a8eb-741177766942" ],
        "CommandName": [ "Az.MySql.internal\\New-AzMySqlServer", "Az.MySql.internal\\New-AzMySqlServer", "Az.MySql.internal\\New-AzMySqlServer", "Az.MySql.internal\\New-AzMySqlServer", "Az.MySql.internal\\New-AzMySqlServer", "Az.MySql.internal\\New-AzMySqlServer", "Az.MySql.internal\\New-AzMySqlServer", "Az.MySql.internal\\New-AzMySqlServer", "Az.MySql.internal\\New-AzMySqlServer", "Az.MySql.internal\\New-AzMySqlServer", "Az.MySql.internal\\New-AzMySqlServer", "Az.MySql.internal\\New-AzMySqlServer", "Az.MySql.internal\\New-AzMySqlServer", "Az.MySql.internal\\New-AzMySqlServer", "Az.MySql.internal\\New-AzMySqlServer", "Az.MySql.internal\\New-AzMySqlServer", "Az.MySql.internal\\New-AzMySqlServer", "Az.MySql.internal\\New-AzMySqlServer", "Az.MySql.internal\\New-AzMySqlServer", "Az.MySql.internal\\New-AzMySqlServer", "Az.MySql.internal\\New-AzMySqlServer" ],
        "FullCommandName": [ "New-AzMySqlServer_Create", "New-AzMySqlServer_Create", "New-AzMySqlServer_Create", "New-AzMySqlServer_Create", "New-AzMySqlServer_Create", "New-AzMySqlServer_Create", "New-AzMySqlServer_Create", "New-AzMySqlServer_Create", "New-AzMySqlServer_Create", "New-AzMySqlServer_Create", "New-AzMySqlServer_Create", "New-AzMySqlServer_Create", "New-AzMySqlServer_Create", "New-AzMySqlServer_Create", "New-AzMySqlServer_Create", "New-AzMySqlServer_Create", "New-AzMySqlServer_Create", "New-AzMySqlServer_Create", "New-AzMySqlServer_Create", "New-AzMySqlServer_Create", "New-AzMySqlServer_Create" ],
        "ParameterSetName": [ "__AllParameterSets", "__AllParameterSets", "__AllParameterSets", "__AllParameterSets", "__AllParameterSets", "__AllParameterSets", "__AllParameterSets", "__AllParameterSets", "__AllParameterSets", "__AllParameterSets", "__AllParameterSets", "__AllParameterSets", "__AllParameterSets", "__AllParameterSets", "__AllParameterSets", "__AllParameterSets", "__AllParameterSets", "__AllParameterSets", "__AllParameterSets", "__AllParameterSets", "__AllParameterSets" ],
        "User-Agent": [ "PSVersion/v6.2.3", "PSVersion/v6.2.3", "PSVersion/v6.2.3", "PSVersion/v6.2.3", "PSVersion/v6.2.3", "PSVersion/v6.2.3", "PSVersion/v6.2.3", "PSVersion/v6.2.3", "PSVersion/v6.2.3", "PSVersion/v6.2.3", "PSVersion/v6.2.3", "PSVersion/v6.2.3", "PSVersion/v6.2.3", "PSVersion/v6.2.3", "PSVersion/v6.2.3", "PSVersion/v6.2.3", "PSVersion/v6.2.3", "PSVersion/v6.2.3", "PSVersion/v6.2.3", "PSVersion/v6.2.3", "PSVersion/v6.2.3" ],
        "Authorization": [ "[Filtered]" ]
      },
      "ContentHeaders": {
      }
    },
    "Response": {
      "StatusCode": 200,
      "Headers": {
        "Cache-Control": [ "no-cache" ],
        "Pragma": [ "no-cache" ],
        "x-ms-request-id": [ "af52531d-e87d-42aa-82a6-ced491a7fb3c" ],
        "Server": [ "Microsoft-HTTPAPI/2.0" ],
        "x-ms-ratelimit-remaining-subscription-reads": [ "11898" ],
        "x-ms-correlation-request-id": [ "e8ce4fe6-09ee-4e06-9ba9-1ce9decd4aed" ],
        "x-ms-routing-request-id": [ "SOUTHEASTASIA:20200331T090523Z:e8ce4fe6-09ee-4e06-9ba9-1ce9decd4aed" ],
        "Strict-Transport-Security": [ "max-age=31536000; includeSubDomains" ],
        "X-Content-Type-Options": [ "nosniff" ],
        "Date": [ "Tue, 31 Mar 2020 09:05:23 GMT" ]
      },
      "ContentHeaders": {
        "Content-Length": [ "1060" ],
        "Content-Type": [ "application/json; charset=utf-8" ],
        "Expires": [ "-1" ]
      },
      "Content": "{\"sku\":{\"name\":\"GP_Gen5_4\",\"tier\":\"GeneralPurpose\",\"family\":\"Gen5\",\"capacity\":4},\"properties\":{\"administratorLogin\":\"mysql_test\",\"storageProfile\":{\"storageMB\":5120,\"backupRetentionDays\":7,\"geoRedundantBackup\":\"Disabled\",\"storageAutogrow\":\"Enabled\"},\"version\":\"5.7\",\"sslEnforcement\":\"Enabled\",\"minimalTlsVersion\":\"TLSEnforcementDisabled\",\"userVisibleState\":\"Ready\",\"fullyQualifiedDomainName\":\"mysql-test-100-replica.mysql.database.azure.com\",\"earliestRestoreDate\":\"2020-03-31T09:07:42.93+00:00\",\"replicationRole\":\"Replica\",\"masterServerId\":\"/subscriptions/ec0aa5f7-9e78-40c9-85cd-535c6305b380/resourceGroups/MySqlTest/providers/Microsoft.DBforMySQL/servers/mysql-test-100\",\"replicaCapacity\":0,\"byokEnforcement\":\"Disabled\",\"privateEndpointConnections\":[],\"infrastructureEncryption\":\"Disabled\",\"publicNetworkAccess\":\"Enabled\"},\"location\":\"eastus\",\"id\":\"/subscriptions/ec0aa5f7-9e78-40c9-85cd-535c6305b380/resourceGroups/MySqlTest/providers/Microsoft.DBforMySQL/servers/mysql-test-100-replica\",\"name\":\"mysql-test-100-replica\",\"type\":\"Microsoft.DBforMySQL/servers\"}"
    }
  },
  "New-AzMySqlServerReplica+[NoContext]+CreateExpanded+$DELETE+https://management.azure.com/subscriptions/ec0aa5f7-9e78-40c9-85cd-535c6305b380/resourceGroups/MySqlTest/providers/Microsoft.DBforMySQL/servers/mysql-test-100-replica?api-version=2017-12-01+23": {
    "Request": {
      "Method": "DELETE",
      "RequestUri": "https://management.azure.com/subscriptions/ec0aa5f7-9e78-40c9-85cd-535c6305b380/resourceGroups/MySqlTest/providers/Microsoft.DBforMySQL/servers/mysql-test-100-replica?api-version=2017-12-01",
      "Content": null,
      "Headers": {
        "x-ms-unique-id": [ "128" ],
        "x-ms-client-request-id": [ "55db7e05-0761-42ca-ad6f-245a9f45095a" ],
        "CommandName": [ "Remove-AzMySqlServer" ],
        "FullCommandName": [ "Remove-AzMySqlServer_Delete" ],
        "ParameterSetName": [ "__AllParameterSets" ],
        "User-Agent": [ "PSVersion/v6.2.3" ],
        "Authorization": [ "[Filtered]" ]
      },
      "ContentHeaders": {
      }
    },
    "Response": {
      "StatusCode": 202,
      "Headers": {
        "Cache-Control": [ "no-cache" ],
        "Pragma": [ "no-cache" ],
        "Location": [ "https://management.azure.com/subscriptions/ec0aa5f7-9e78-40c9-85cd-535c6305b380/providers/Microsoft.DBforMySQL/locations/eastus/operationResults/df076a28-2fde-42af-9159-3b872297c8e7?api-version=2017-12-01" ],
        "Retry-After": [ "15" ],
        "Azure-AsyncOperation": [ "https://management.azure.com/subscriptions/ec0aa5f7-9e78-40c9-85cd-535c6305b380/providers/Microsoft.DBforMySQL/locations/eastus/azureAsyncOperation/df076a28-2fde-42af-9159-3b872297c8e7?api-version=2017-12-01" ],
        "x-ms-request-id": [ "df076a28-2fde-42af-9159-3b872297c8e7" ],
        "Server": [ "Microsoft-HTTPAPI/2.0" ],
        "x-ms-ratelimit-remaining-subscription-deletes": [ "14990" ],
        "x-ms-correlation-request-id": [ "f75ca0b2-23da-45ce-91d2-a2ef3a5237ae" ],
        "x-ms-routing-request-id": [ "SOUTHEASTASIA:20200331T090524Z:f75ca0b2-23da-45ce-91d2-a2ef3a5237ae" ],
        "Strict-Transport-Security": [ "max-age=31536000; includeSubDomains" ],
        "X-Content-Type-Options": [ "nosniff" ],
        "Date": [ "Tue, 31 Mar 2020 09:05:24 GMT" ]
      },
      "ContentHeaders": {
        "Content-Length": [ "72" ],
        "Content-Type": [ "application/json; charset=utf-8" ],
        "Expires": [ "-1" ]
      },
      "Content": "{\"operation\":\"DropElasticServer\",\"startTime\":\"2020-03-31T09:05:24.413Z\"}"
    }
  },
  "New-AzMySqlServerReplica+[NoContext]+CreateExpanded+$GET+https://management.azure.com/subscriptions/ec0aa5f7-9e78-40c9-85cd-535c6305b380/providers/Microsoft.DBforMySQL/locations/eastus/azureAsyncOperation/df076a28-2fde-42af-9159-3b872297c8e7?api-version=2017-12-01+24": {
    "Request": {
      "Method": "GET",
      "RequestUri": "https://management.azure.com/subscriptions/ec0aa5f7-9e78-40c9-85cd-535c6305b380/providers/Microsoft.DBforMySQL/locations/eastus/azureAsyncOperation/df076a28-2fde-42af-9159-3b872297c8e7?api-version=2017-12-01",
      "Content": null,
      "Headers": {
        "x-ms-unique-id": [ "128", "129" ],
        "x-ms-client-request-id": [ "55db7e05-0761-42ca-ad6f-245a9f45095a", "55db7e05-0761-42ca-ad6f-245a9f45095a" ],
        "CommandName": [ "Remove-AzMySqlServer", "Remove-AzMySqlServer" ],
        "FullCommandName": [ "Remove-AzMySqlServer_Delete", "Remove-AzMySqlServer_Delete" ],
        "ParameterSetName": [ "__AllParameterSets", "__AllParameterSets" ],
        "User-Agent": [ "PSVersion/v6.2.3", "PSVersion/v6.2.3" ],
        "Authorization": [ "[Filtered]" ]
      },
      "ContentHeaders": {
      }
    },
    "Response": {
      "StatusCode": 200,
      "Headers": {
        "Cache-Control": [ "no-cache" ],
        "Pragma": [ "no-cache" ],
        "Retry-After": [ "15" ],
        "x-ms-request-id": [ "45476ba1-86fe-44f4-a239-158ce4921ebd" ],
        "Server": [ "Microsoft-HTTPAPI/2.0" ],
        "x-ms-ratelimit-remaining-subscription-reads": [ "11897" ],
        "x-ms-correlation-request-id": [ "93fecccc-38dc-4c1a-92e9-4d04ada4d14f" ],
        "x-ms-routing-request-id": [ "SOUTHEASTASIA:20200331T090539Z:93fecccc-38dc-4c1a-92e9-4d04ada4d14f" ],
        "Strict-Transport-Security": [ "max-age=31536000; includeSubDomains" ],
        "X-Content-Type-Options": [ "nosniff" ],
        "Date": [ "Tue, 31 Mar 2020 09:05:39 GMT" ]
      },
      "ContentHeaders": {
        "Content-Length": [ "107" ],
        "Content-Type": [ "application/json; charset=utf-8" ],
        "Expires": [ "-1" ]
      },
      "Content": "{\"name\":\"df076a28-2fde-42af-9159-3b872297c8e7\",\"status\":\"Succeeded\",\"startTime\":\"2020-03-31T09:05:24.413Z\"}"
    }
  },
  "New-AzMySqlServerReplica+[NoContext]+CreateExpanded+$GET+https://management.azure.com/subscriptions/ec0aa5f7-9e78-40c9-85cd-535c6305b380/providers/Microsoft.DBforMySQL/locations/eastus/operationResults/df076a28-2fde-42af-9159-3b872297c8e7?api-version=2017-12-01+25": {
    "Request": {
      "Method": "GET",
      "RequestUri": "https://management.azure.com/subscriptions/ec0aa5f7-9e78-40c9-85cd-535c6305b380/providers/Microsoft.DBforMySQL/locations/eastus/operationResults/df076a28-2fde-42af-9159-3b872297c8e7?api-version=2017-12-01",
      "Content": null,
      "Headers": {
        "x-ms-unique-id": [ "128", "129", "130" ],
        "x-ms-client-request-id": [ "55db7e05-0761-42ca-ad6f-245a9f45095a", "55db7e05-0761-42ca-ad6f-245a9f45095a", "55db7e05-0761-42ca-ad6f-245a9f45095a" ],
        "CommandName": [ "Remove-AzMySqlServer", "Remove-AzMySqlServer", "Remove-AzMySqlServer" ],
        "FullCommandName": [ "Remove-AzMySqlServer_Delete", "Remove-AzMySqlServer_Delete", "Remove-AzMySqlServer_Delete" ],
        "ParameterSetName": [ "__AllParameterSets", "__AllParameterSets", "__AllParameterSets" ],
        "User-Agent": [ "PSVersion/v6.2.3", "PSVersion/v6.2.3", "PSVersion/v6.2.3" ],
        "Authorization": [ "[Filtered]" ]
      },
      "ContentHeaders": {
      }
    },
    "Response": {
      "StatusCode": 200,
      "Headers": {
        "Cache-Control": [ "no-cache" ],
        "Pragma": [ "no-cache" ],
        "x-ms-request-id": [ "86b2e528-d563-4ebe-97dd-86681772722e" ],
        "Server": [ "Microsoft-HTTPAPI/2.0" ],
        "x-ms-ratelimit-remaining-subscription-reads": [ "11896" ],
        "x-ms-correlation-request-id": [ "e2195c20-f101-4f86-84a0-d110c81b06f6" ],
        "x-ms-routing-request-id": [ "SOUTHEASTASIA:20200331T090540Z:e2195c20-f101-4f86-84a0-d110c81b06f6" ],
        "Strict-Transport-Security": [ "max-age=31536000; includeSubDomains" ],
        "X-Content-Type-Options": [ "nosniff" ],
        "Date": [ "Tue, 31 Mar 2020 09:05:40 GMT" ]
      },
      "ContentHeaders": {
        "Expires": [ "-1" ],
        "Content-Length": [ "0" ]
      },
      "Content": null
    }
  }
}