{
  "New-AzMySqlFlexibleServer+[NoContext]+CreateExpanded+$PUT+https://management.azure.com/subscriptions/7fec3109-5b78-4a24-b834-5d47d63e2596/resourceGroups/MySqlTest/providers/Microsoft.DBForMySql/flexibleServers/mysql-test-100-2?api-version=2020-07-01-preview+1": {
    "Request": {
      "Method": "PUT",
      "RequestUri": "https://management.azure.com/subscriptions/7fec3109-5b78-4a24-b834-5d47d63e2596/resourceGroups/MySqlTest/providers/Microsoft.DBForMySql/flexibleServers/mysql-test-100-2?api-version=2020-07-01-preview",
      "Content": "{\r\n  \"location\": \"eastus2\",\r\n  \"sku\": {\r\n    \"name\": \"Standard_D2ds_v4\",\r\n    \"tier\": \"GeneralPurpose\"\r\n  },\r\n  \"properties\": {\r\n    \"storageProfile\": {\r\n      \"backupRetentionDays\": 12,\r\n      \"storageMB\": 102400\r\n    },\r\n    \"administratorLogin\": \"mysql_test\",\r\n    \"administratorLoginPassword\": \"Pasword01!!2020\",\r\n    \"version\": \"5.7\",\r\n    \"createMode\": \"Default\"\r\n  }\r\n}",
      "Headers": {
      },
      "ContentHeaders": {
        "Content-Type": [ "application/json" ],
        "Content-Length": [ "376" ]
      }
    },
    "Response": {
      "StatusCode": 202,
      "Headers": {
        "Cache-Control": [ "no-cache" ],
        "Pragma": [ "no-cache" ],
        "Location": [ "https://management.azure.com/subscriptions/7fec3109-5b78-4a24-b834-5d47d63e2596/providers/Microsoft.DBforMySQL/locations/eastus2/operationResults/b934d4f2-6613-49fc-840c-b46539c85b26?api-version=2020-07-01-preview" ],
        "Retry-After": [ "60" ],
        "Azure-AsyncOperation": [ "https://management.azure.com/subscriptions/7fec3109-5b78-4a24-b834-5d47d63e2596/providers/Microsoft.DBforMySQL/locations/eastus2/azureAsyncOperation/b934d4f2-6613-49fc-840c-b46539c85b26?api-version=2020-07-01-preview" ],
        "X-Content-Type-Options": [ "nosniff" ],
        "x-ms-request-id": [ "53ffda00-3426-49ec-9700-036d36f9d4f9" ],
        "Server": [ "Microsoft-HTTPAPI/2.0" ],
        "x-ms-ratelimit-remaining-subscription-writes": [ "1199" ],
        "x-ms-correlation-request-id": [ "16f6948c-0568-4940-ad91-e2b59ee576ca" ],
        "x-ms-routing-request-id": [ "WESTUS2:20201111T064352Z:16f6948c-0568-4940-ad91-e2b59ee576ca" ],
        "Strict-Transport-Security": [ "max-age=31536000; includeSubDomains" ],
        "Date": [ "Wed, 11 Nov 2020 06:43:51 GMT" ]
      },
      "ContentHeaders": {
        "Content-Length": [ "88" ],
        "Content-Type": [ "application/json; charset=utf-8" ],
        "Expires": [ "-1" ]
      },
      "Content": "{\"operation\":\"UpsertServerManagementOperationV2\",\"startTime\":\"2020-11-11T06:43:51.827Z\"}"
    }
  },
  "New-AzMySqlFlexibleServer+[NoContext]+CreateExpanded+$GET+https://management.azure.com/subscriptions/7fec3109-5b78-4a24-b834-5d47d63e2596/providers/Microsoft.DBforMySQL/locations/eastus2/azureAsyncOperation/b934d4f2-6613-49fc-840c-b46539c85b26?api-version=2020-07-01-preview+2": {
    "Request": {
      "Method": "GET",
      "RequestUri": "https://management.azure.com/subscriptions/7fec3109-5b78-4a24-b834-5d47d63e2596/providers/Microsoft.DBforMySQL/locations/eastus2/azureAsyncOperation/b934d4f2-6613-49fc-840c-b46539c85b26?api-version=2020-07-01-preview",
      "Content": null,
      "Headers": {
        "Authorization": [ "[Filtered]" ],
        "x-ms-unique-id": [ "6" ],
        "x-ms-client-request-id": [ "eac1cf76-8f94-4ee2-9a20-716b79d29bdf" ],
        "CommandName": [ "Az.MySql.internal\\New-AzMySqlFlexibleServer" ],
        "FullCommandName": [ "New-AzMySqlFlexibleServer_CreateExpanded" ],
        "ParameterSetName": [ "__AllParameterSets" ],
        "User-Agent": [ "AzurePowershell/Az4.0.0-preview" ]
      },
      "ContentHeaders": {
      }
    },
    "Response": {
      "StatusCode": 200,
      "Headers": {
        "Cache-Control": [ "no-cache" ],
        "Pragma": [ "no-cache" ],
        "Retry-After": [ "60" ],
        "X-Content-Type-Options": [ "nosniff" ],
        "x-ms-request-id": [ "51dbd2ac-2752-44bb-a0d4-c1ef0330a216" ],
        "Server": [ "Microsoft-HTTPAPI/2.0" ],
        "x-ms-ratelimit-remaining-subscription-reads": [ "11995" ],
        "x-ms-correlation-request-id": [ "cbc68a87-0e18-448c-b614-b7dc1fd123e1" ],
        "x-ms-routing-request-id": [ "WESTUS2:20201111T064452Z:cbc68a87-0e18-448c-b614-b7dc1fd123e1" ],
        "Strict-Transport-Security": [ "max-age=31536000; includeSubDomains" ],
        "Date": [ "Wed, 11 Nov 2020 06:44:52 GMT" ]
      },
      "ContentHeaders": {
        "Content-Length": [ "108" ],
        "Content-Type": [ "application/json; charset=utf-8" ],
        "Expires": [ "-1" ]
      },
      "Content": "{\"name\":\"b934d4f2-6613-49fc-840c-b46539c85b26\",\"status\":\"InProgress\",\"startTime\":\"2020-11-11T06:43:51.827Z\"}"
    }
  },
  "New-AzMySqlFlexibleServer+[NoContext]+CreateExpanded+$GET+https://management.azure.com/subscriptions/7fec3109-5b78-4a24-b834-5d47d63e2596/providers/Microsoft.DBforMySQL/locations/eastus2/azureAsyncOperation/b934d4f2-6613-49fc-840c-b46539c85b26?api-version=2020-07-01-preview+3": {
    "Request": {
      "Method": "GET",
      "RequestUri": "https://management.azure.com/subscriptions/7fec3109-5b78-4a24-b834-5d47d63e2596/providers/Microsoft.DBforMySQL/locations/eastus2/azureAsyncOperation/b934d4f2-6613-49fc-840c-b46539c85b26?api-version=2020-07-01-preview",
      "Content": null,
      "Headers": {
        "Authorization": [ "[Filtered]" ],
        "x-ms-unique-id": [ "7" ],
        "x-ms-client-request-id": [ "eac1cf76-8f94-4ee2-9a20-716b79d29bdf" ],
        "CommandName": [ "Az.MySql.internal\\New-AzMySqlFlexibleServer" ],
        "FullCommandName": [ "New-AzMySqlFlexibleServer_CreateExpanded" ],
        "ParameterSetName": [ "__AllParameterSets" ],
        "User-Agent": [ "AzurePowershell/Az4.0.0-preview" ]
      },
      "ContentHeaders": {
      }
    },
    "Response": {
      "StatusCode": 200,
      "Headers": {
        "Cache-Control": [ "no-cache" ],
        "Pragma": [ "no-cache" ],
        "Retry-After": [ "60" ],
        "X-Content-Type-Options": [ "nosniff" ],
        "x-ms-request-id": [ "6d20d9c8-927b-4dfa-be3c-92525c3b7d8a" ],
        "Server": [ "Microsoft-HTTPAPI/2.0" ],
        "x-ms-ratelimit-remaining-subscription-reads": [ "11994" ],
        "x-ms-correlation-request-id": [ "99f81bde-5495-41bb-94e8-b3c156c929c1" ],
        "x-ms-routing-request-id": [ "WESTUS2:20201111T064552Z:99f81bde-5495-41bb-94e8-b3c156c929c1" ],
        "Strict-Transport-Security": [ "max-age=31536000; includeSubDomains" ],
        "Date": [ "Wed, 11 Nov 2020 06:45:52 GMT" ]
      },
      "ContentHeaders": {
        "Content-Length": [ "108" ],
        "Content-Type": [ "application/json; charset=utf-8" ],
        "Expires": [ "-1" ]
      },
      "Content": "{\"name\":\"b934d4f2-6613-49fc-840c-b46539c85b26\",\"status\":\"InProgress\",\"startTime\":\"2020-11-11T06:43:51.827Z\"}"
    }
  },
  "New-AzMySqlFlexibleServer+[NoContext]+CreateExpanded+$GET+https://management.azure.com/subscriptions/7fec3109-5b78-4a24-b834-5d47d63e2596/providers/Microsoft.DBforMySQL/locations/eastus2/azureAsyncOperation/b934d4f2-6613-49fc-840c-b46539c85b26?api-version=2020-07-01-preview+4": {
    "Request": {
      "Method": "GET",
      "RequestUri": "https://management.azure.com/subscriptions/7fec3109-5b78-4a24-b834-5d47d63e2596/providers/Microsoft.DBforMySQL/locations/eastus2/azureAsyncOperation/b934d4f2-6613-49fc-840c-b46539c85b26?api-version=2020-07-01-preview",
      "Content": null,
      "Headers": {
        "Authorization": [ "[Filtered]" ],
        "x-ms-unique-id": [ "8" ],
        "x-ms-client-request-id": [ "eac1cf76-8f94-4ee2-9a20-716b79d29bdf" ],
        "CommandName": [ "Az.MySql.internal\\New-AzMySqlFlexibleServer" ],
        "FullCommandName": [ "New-AzMySqlFlexibleServer_CreateExpanded" ],
        "ParameterSetName": [ "__AllParameterSets" ],
        "User-Agent": [ "AzurePowershell/Az4.0.0-preview" ]
      },
      "ContentHeaders": {
      }
    },
    "Response": {
      "StatusCode": 200,
      "Headers": {
        "Cache-Control": [ "no-cache" ],
        "Pragma": [ "no-cache" ],
        "Retry-After": [ "60" ],
        "X-Content-Type-Options": [ "nosniff" ],
        "x-ms-request-id": [ "e7d35d5c-ea5a-4ddb-a2f5-a6759e3ea8cc" ],
        "Server": [ "Microsoft-HTTPAPI/2.0" ],
        "x-ms-ratelimit-remaining-subscription-reads": [ "11993" ],
        "x-ms-correlation-request-id": [ "eee3d922-b1ab-4cfc-8247-9c49c97feb78" ],
        "x-ms-routing-request-id": [ "WESTUS2:20201111T064653Z:eee3d922-b1ab-4cfc-8247-9c49c97feb78" ],
        "Strict-Transport-Security": [ "max-age=31536000; includeSubDomains" ],
        "Date": [ "Wed, 11 Nov 2020 06:46:52 GMT" ]
      },
      "ContentHeaders": {
        "Content-Length": [ "108" ],
        "Content-Type": [ "application/json; charset=utf-8" ],
        "Expires": [ "-1" ]
      },
      "Content": "{\"name\":\"b934d4f2-6613-49fc-840c-b46539c85b26\",\"status\":\"InProgress\",\"startTime\":\"2020-11-11T06:43:51.827Z\"}"
    }
  },
  "New-AzMySqlFlexibleServer+[NoContext]+CreateExpanded+$GET+https://management.azure.com/subscriptions/7fec3109-5b78-4a24-b834-5d47d63e2596/providers/Microsoft.DBforMySQL/locations/eastus2/azureAsyncOperation/b934d4f2-6613-49fc-840c-b46539c85b26?api-version=2020-07-01-preview+5": {
    "Request": {
      "Method": "GET",
      "RequestUri": "https://management.azure.com/subscriptions/7fec3109-5b78-4a24-b834-5d47d63e2596/providers/Microsoft.DBforMySQL/locations/eastus2/azureAsyncOperation/b934d4f2-6613-49fc-840c-b46539c85b26?api-version=2020-07-01-preview",
      "Content": null,
      "Headers": {
        "Authorization": [ "[Filtered]" ],
        "x-ms-unique-id": [ "9" ],
        "x-ms-client-request-id": [ "eac1cf76-8f94-4ee2-9a20-716b79d29bdf" ],
        "CommandName": [ "Az.MySql.internal\\New-AzMySqlFlexibleServer" ],
        "FullCommandName": [ "New-AzMySqlFlexibleServer_CreateExpanded" ],
        "ParameterSetName": [ "__AllParameterSets" ],
        "User-Agent": [ "AzurePowershell/Az4.0.0-preview" ]
      },
      "ContentHeaders": {
      }
    },
    "Response": {
      "StatusCode": 200,
      "Headers": {
        "Cache-Control": [ "no-cache" ],
        "Pragma": [ "no-cache" ],
        "Retry-After": [ "60" ],
        "X-Content-Type-Options": [ "nosniff" ],
        "x-ms-request-id": [ "66cdb425-be4e-4ae8-9a61-691130c88cca" ],
        "Server": [ "Microsoft-HTTPAPI/2.0" ],
        "x-ms-ratelimit-remaining-subscription-reads": [ "11992" ],
        "x-ms-correlation-request-id": [ "d6f2acf7-f8d4-479a-baad-6fe1059f8cd1" ],
        "x-ms-routing-request-id": [ "WESTUS2:20201111T064753Z:d6f2acf7-f8d4-479a-baad-6fe1059f8cd1" ],
        "Strict-Transport-Security": [ "max-age=31536000; includeSubDomains" ],
        "Date": [ "Wed, 11 Nov 2020 06:47:53 GMT" ]
      },
      "ContentHeaders": {
        "Content-Length": [ "108" ],
        "Content-Type": [ "application/json; charset=utf-8" ],
        "Expires": [ "-1" ]
      },
      "Content": "{\"name\":\"b934d4f2-6613-49fc-840c-b46539c85b26\",\"status\":\"InProgress\",\"startTime\":\"2020-11-11T06:43:51.827Z\"}"
    }
  },
  "New-AzMySqlFlexibleServer+[NoContext]+CreateExpanded+$GET+https://management.azure.com/subscriptions/7fec3109-5b78-4a24-b834-5d47d63e2596/providers/Microsoft.DBforMySQL/locations/eastus2/azureAsyncOperation/b934d4f2-6613-49fc-840c-b46539c85b26?api-version=2020-07-01-preview+6": {
    "Request": {
      "Method": "GET",
      "RequestUri": "https://management.azure.com/subscriptions/7fec3109-5b78-4a24-b834-5d47d63e2596/providers/Microsoft.DBforMySQL/locations/eastus2/azureAsyncOperation/b934d4f2-6613-49fc-840c-b46539c85b26?api-version=2020-07-01-preview",
      "Content": null,
      "Headers": {
        "Authorization": [ "[Filtered]" ],
        "x-ms-unique-id": [ "10" ],
        "x-ms-client-request-id": [ "eac1cf76-8f94-4ee2-9a20-716b79d29bdf" ],
        "CommandName": [ "Az.MySql.internal\\New-AzMySqlFlexibleServer" ],
        "FullCommandName": [ "New-AzMySqlFlexibleServer_CreateExpanded" ],
        "ParameterSetName": [ "__AllParameterSets" ],
        "User-Agent": [ "AzurePowershell/Az4.0.0-preview" ]
      },
      "ContentHeaders": {
      }
    },
    "Response": {
      "StatusCode": 200,
      "Headers": {
        "Cache-Control": [ "no-cache" ],
        "Pragma": [ "no-cache" ],
        "Retry-After": [ "60" ],
        "X-Content-Type-Options": [ "nosniff" ],
        "x-ms-request-id": [ "a4ebd38f-bb85-4e02-afe5-65a787872b76" ],
        "Server": [ "Microsoft-HTTPAPI/2.0" ],
        "x-ms-ratelimit-remaining-subscription-reads": [ "11991" ],
        "x-ms-correlation-request-id": [ "64f2fa2e-5ac3-4dfa-9863-ac46e36fecf1" ],
        "x-ms-routing-request-id": [ "WESTUS2:20201111T064854Z:64f2fa2e-5ac3-4dfa-9863-ac46e36fecf1" ],
        "Strict-Transport-Security": [ "max-age=31536000; includeSubDomains" ],
        "Date": [ "Wed, 11 Nov 2020 06:48:53 GMT" ]
      },
      "ContentHeaders": {
        "Content-Length": [ "108" ],
        "Content-Type": [ "application/json; charset=utf-8" ],
        "Expires": [ "-1" ]
      },
      "Content": "{\"name\":\"b934d4f2-6613-49fc-840c-b46539c85b26\",\"status\":\"InProgress\",\"startTime\":\"2020-11-11T06:43:51.827Z\"}"
    }
  },
  "New-AzMySqlFlexibleServer+[NoContext]+CreateExpanded+$GET+https://management.azure.com/subscriptions/7fec3109-5b78-4a24-b834-5d47d63e2596/providers/Microsoft.DBforMySQL/locations/eastus2/azureAsyncOperation/b934d4f2-6613-49fc-840c-b46539c85b26?api-version=2020-07-01-preview+7": {
    "Request": {
      "Method": "GET",
      "RequestUri": "https://management.azure.com/subscriptions/7fec3109-5b78-4a24-b834-5d47d63e2596/providers/Microsoft.DBforMySQL/locations/eastus2/azureAsyncOperation/b934d4f2-6613-49fc-840c-b46539c85b26?api-version=2020-07-01-preview",
      "Content": null,
      "Headers": {
        "Authorization": [ "[Filtered]" ],
        "x-ms-unique-id": [ "11" ],
        "x-ms-client-request-id": [ "eac1cf76-8f94-4ee2-9a20-716b79d29bdf" ],
        "CommandName": [ "Az.MySql.internal\\New-AzMySqlFlexibleServer" ],
        "FullCommandName": [ "New-AzMySqlFlexibleServer_CreateExpanded" ],
        "ParameterSetName": [ "__AllParameterSets" ],
        "User-Agent": [ "AzurePowershell/Az4.0.0-preview" ]
      },
      "ContentHeaders": {
      }
    },
    "Response": {
      "StatusCode": 200,
      "Headers": {
        "Cache-Control": [ "no-cache" ],
        "Pragma": [ "no-cache" ],
        "Retry-After": [ "60" ],
        "X-Content-Type-Options": [ "nosniff" ],
        "x-ms-request-id": [ "6054150c-2112-44b7-8796-3c0765614a34" ],
        "Server": [ "Microsoft-HTTPAPI/2.0" ],
        "x-ms-ratelimit-remaining-subscription-reads": [ "11990" ],
        "x-ms-correlation-request-id": [ "eddb461d-dd3b-4c3a-ad78-ea9ded8cf82a" ],
        "x-ms-routing-request-id": [ "WESTUS2:20201111T064954Z:eddb461d-dd3b-4c3a-ad78-ea9ded8cf82a" ],
        "Strict-Transport-Security": [ "max-age=31536000; includeSubDomains" ],
        "Date": [ "Wed, 11 Nov 2020 06:49:53 GMT" ]
      },
      "ContentHeaders": {
        "Content-Length": [ "108" ],
        "Content-Type": [ "application/json; charset=utf-8" ],
        "Expires": [ "-1" ]
      },
      "Content": "{\"name\":\"b934d4f2-6613-49fc-840c-b46539c85b26\",\"status\":\"InProgress\",\"startTime\":\"2020-11-11T06:43:51.827Z\"}"
    }
  },
  "New-AzMySqlFlexibleServer+[NoContext]+CreateExpanded+$GET+https://management.azure.com/subscriptions/7fec3109-5b78-4a24-b834-5d47d63e2596/providers/Microsoft.DBforMySQL/locations/eastus2/azureAsyncOperation/b934d4f2-6613-49fc-840c-b46539c85b26?api-version=2020-07-01-preview+8": {
    "Request": {
      "Method": "GET",
      "RequestUri": "https://management.azure.com/subscriptions/7fec3109-5b78-4a24-b834-5d47d63e2596/providers/Microsoft.DBforMySQL/locations/eastus2/azureAsyncOperation/b934d4f2-6613-49fc-840c-b46539c85b26?api-version=2020-07-01-preview",
      "Content": null,
      "Headers": {
        "Authorization": [ "[Filtered]" ],
        "x-ms-unique-id": [ "12" ],
        "x-ms-client-request-id": [ "eac1cf76-8f94-4ee2-9a20-716b79d29bdf" ],
        "CommandName": [ "Az.MySql.internal\\New-AzMySqlFlexibleServer" ],
        "FullCommandName": [ "New-AzMySqlFlexibleServer_CreateExpanded" ],
        "ParameterSetName": [ "__AllParameterSets" ],
        "User-Agent": [ "AzurePowershell/Az4.0.0-preview" ]
      },
      "ContentHeaders": {
      }
    },
    "Response": {
      "StatusCode": 200,
      "Headers": {
        "Cache-Control": [ "no-cache" ],
        "Pragma": [ "no-cache" ],
        "Retry-After": [ "60" ],
        "X-Content-Type-Options": [ "nosniff" ],
        "x-ms-request-id": [ "e2e459f6-23f9-494e-88d4-c586f1ee23e4" ],
        "Server": [ "Microsoft-HTTPAPI/2.0" ],
        "x-ms-ratelimit-remaining-subscription-reads": [ "11989" ],
        "x-ms-correlation-request-id": [ "d1b211c2-525e-4b5a-8f07-13d81850b4aa" ],
        "x-ms-routing-request-id": [ "WESTUS2:20201111T065054Z:d1b211c2-525e-4b5a-8f07-13d81850b4aa" ],
        "Strict-Transport-Security": [ "max-age=31536000; includeSubDomains" ],
        "Date": [ "Wed, 11 Nov 2020 06:50:54 GMT" ]
      },
      "ContentHeaders": {
        "Content-Length": [ "108" ],
        "Content-Type": [ "application/json; charset=utf-8" ],
        "Expires": [ "-1" ]
      },
      "Content": "{\"name\":\"b934d4f2-6613-49fc-840c-b46539c85b26\",\"status\":\"InProgress\",\"startTime\":\"2020-11-11T06:43:51.827Z\"}"
    }
  },
  "New-AzMySqlFlexibleServer+[NoContext]+CreateExpanded+$GET+https://management.azure.com/subscriptions/7fec3109-5b78-4a24-b834-5d47d63e2596/providers/Microsoft.DBforMySQL/locations/eastus2/azureAsyncOperation/b934d4f2-6613-49fc-840c-b46539c85b26?api-version=2020-07-01-preview+9": {
    "Request": {
      "Method": "GET",
      "RequestUri": "https://management.azure.com/subscriptions/7fec3109-5b78-4a24-b834-5d47d63e2596/providers/Microsoft.DBforMySQL/locations/eastus2/azureAsyncOperation/b934d4f2-6613-49fc-840c-b46539c85b26?api-version=2020-07-01-preview",
      "Content": null,
      "Headers": {
        "Authorization": [ "[Filtered]" ],
        "x-ms-unique-id": [ "13" ],
        "x-ms-client-request-id": [ "eac1cf76-8f94-4ee2-9a20-716b79d29bdf" ],
        "CommandName": [ "Az.MySql.internal\\New-AzMySqlFlexibleServer" ],
        "FullCommandName": [ "New-AzMySqlFlexibleServer_CreateExpanded" ],
        "ParameterSetName": [ "__AllParameterSets" ],
        "User-Agent": [ "AzurePowershell/Az4.0.0-preview" ]
      },
      "ContentHeaders": {
      }
    },
    "Response": {
      "StatusCode": 200,
      "Headers": {
        "Cache-Control": [ "no-cache" ],
        "Pragma": [ "no-cache" ],
        "Retry-After": [ "60" ],
        "X-Content-Type-Options": [ "nosniff" ],
        "x-ms-request-id": [ "fef95cc3-6443-471a-a73b-39508b64a9be" ],
        "Server": [ "Microsoft-HTTPAPI/2.0" ],
        "x-ms-ratelimit-remaining-subscription-reads": [ "11988" ],
        "x-ms-correlation-request-id": [ "0f43e69b-b23d-4735-854e-4684d689a98a" ],
        "x-ms-routing-request-id": [ "WESTUS2:20201111T065155Z:0f43e69b-b23d-4735-854e-4684d689a98a" ],
        "Strict-Transport-Security": [ "max-age=31536000; includeSubDomains" ],
        "Date": [ "Wed, 11 Nov 2020 06:51:54 GMT" ]
      },
      "ContentHeaders": {
        "Content-Length": [ "107" ],
        "Content-Type": [ "application/json; charset=utf-8" ],
        "Expires": [ "-1" ]
      },
      "Content": "{\"name\":\"b934d4f2-6613-49fc-840c-b46539c85b26\",\"status\":\"Succeeded\",\"startTime\":\"2020-11-11T06:43:51.827Z\"}"
    }
  },
  "New-AzMySqlFlexibleServer+[NoContext]+CreateExpanded+$GET+https://management.azure.com/subscriptions/7fec3109-5b78-4a24-b834-5d47d63e2596/resourceGroups/MySqlTest/providers/Microsoft.DBForMySql/flexibleServers/mysql-test-100-2?api-version=2020-07-01-preview+10": {
    "Request": {
      "Method": "GET",
      "RequestUri": "https://management.azure.com/subscriptions/7fec3109-5b78-4a24-b834-5d47d63e2596/resourceGroups/MySqlTest/providers/Microsoft.DBForMySql/flexibleServers/mysql-test-100-2?api-version=2020-07-01-preview",
      "Content": null,
      "Headers": {
        "Authorization": [ "[Filtered]" ],
        "x-ms-unique-id": [ "14" ],
        "x-ms-client-request-id": [ "eac1cf76-8f94-4ee2-9a20-716b79d29bdf" ],
        "CommandName": [ "Az.MySql.internal\\New-AzMySqlFlexibleServer" ],
        "FullCommandName": [ "New-AzMySqlFlexibleServer_CreateExpanded" ],
        "ParameterSetName": [ "__AllParameterSets" ],
        "User-Agent": [ "AzurePowershell/Az4.0.0-preview" ]
      },
      "ContentHeaders": {
      }
    },
    "Response": {
      "StatusCode": 200,
      "Headers": {
        "Cache-Control": [ "no-cache" ],
        "Pragma": [ "no-cache" ],
        "X-Content-Type-Options": [ "nosniff" ],
        "x-ms-request-id": [ "c7975d0f-14d5-4d23-b28c-f0b9385e4309" ],
        "Server": [ "Microsoft-HTTPAPI/2.0" ],
        "x-ms-ratelimit-remaining-subscription-reads": [ "11987" ],
        "x-ms-correlation-request-id": [ "49969c87-877a-43d7-85c8-a1145c4dbd58" ],
        "x-ms-routing-request-id": [ "WESTUS2:20201111T065155Z:49969c87-877a-43d7-85c8-a1145c4dbd58" ],
        "Strict-Transport-Security": [ "max-age=31536000; includeSubDomains" ],
        "Date": [ "Wed, 11 Nov 2020 06:51:54 GMT" ]
      },
      "ContentHeaders": {
        "Content-Length": [ "960" ],
        "Content-Type": [ "application/json; charset=utf-8" ],
        "Expires": [ "-1" ]
      },
      "Content": "{\"sku\":{\"name\":\"Standard_D2ds_v4\",\"tier\":\"GeneralPurpose\",\"capacity\":0},\"properties\":{\"administratorLogin\":\"mysql_test\",\"storageProfile\":{\"storageMB\":102400,\"storageIops\":0,\"backupRetentionDays\":12,\"storageAutogrow\":\"Disabled\",\"fileStorageSkuName\":\"Premium_LRS\"},\"version\":\"5.7\",\"state\":\"Ready\",\"haState\":\"NotEnabled\",\"fullyQualifiedDomainName\":\"mysql-test-100-2.mysql.database.azure.com\",\"sourceServerId\":\"\",\"publicNetworkAccess\":\"Enabled\",\"sslEnforcement\":\"Disabled\",\"haEnabled\":\"Disabled\",\"earliestRestoreDate\":\"2020-11-11T06:51:55.163825+00:00\",\"maintenanceWindow\":{\"customWindow\":\"Disabled\",\"dayOfWeek\":0,\"startHour\":0,\"startMinute\":0},\"replicationRole\":\"None\",\"replicaCapacity\":10,\"byokEnforcement\":\"Disabled\"},\"location\":\"East US 2\",\"id\":\"/subscriptions/7fec3109-5b78-4a24-b834-5d47d63e2596/resourceGroups/MySqlTest/providers/Microsoft.DBforMySQL/flexibleServers/mysql-test-100-2\",\"name\":\"mysql-test-100-2\",\"type\":\"Microsoft.DBforMySQL/flexibleServers\"}"
    }
  }
}