{
  "Restore-AzMySqlFlexibleServer+[NoContext]+PointInTimeRestore+$GET+https://management.azure.com/subscriptions/7fec3109-5b78-4a24-b834-5d47d63e2596/resourceGroups/MySqlTest/providers/Microsoft.DBForMySql/flexibleServers/mysql-test-100?api-version=2020-07-01-preview+1": {
    "Request": {
      "Method": "GET",
      "RequestUri": "https://management.azure.com/subscriptions/7fec3109-5b78-4a24-b834-5d47d63e2596/resourceGroups/MySqlTest/providers/Microsoft.DBForMySql/flexibleServers/mysql-test-100?api-version=2020-07-01-preview",
      "Content": null,
      "Headers": {
        "x-ms-unique-id": [ "1" ],
        "x-ms-client-request-id": [ "cda4ac46-3c60-44b5-b91c-e354c108cff9" ],
        "CommandName": [ "Get-AzMySqlFlexibleServer" ],
        "FullCommandName": [ "Get-AzMySqlFlexibleServer_Get" ],
        "ParameterSetName": [ "__AllParameterSets" ],
        "User-Agent": [ "AzurePowershell/Az4.0.0-preview" ],
        "Authorization": [ "[Filtered]" ]
      },
      "ContentHeaders": {
      }
    },
    "Response": {
      "StatusCode": 200,
      "Headers": {
        "Cache-Control": [ "no-cache" ],
        "Pragma": [ "no-cache" ],
        "X-Content-Type-Options": [ "nosniff" ],
        "x-ms-request-id": [ "1285301a-fb52-4d52-bebf-ba68dffba594" ],
        "Server": [ "Microsoft-HTTPAPI/2.0" ],
        "x-ms-ratelimit-remaining-subscription-reads": [ "11999" ],
        "x-ms-correlation-request-id": [ "b2b0020d-a6f6-482a-973e-f38bf45cb3ca" ],
        "x-ms-routing-request-id": [ "WESTUS2:20201112T063235Z:b2b0020d-a6f6-482a-973e-f38bf45cb3ca" ],
        "Strict-Transport-Security": [ "max-age=31536000; includeSubDomains" ],
        "Date": [ "Thu, 12 Nov 2020 06:32:35 GMT" ]
      },
      "ContentHeaders": {
        "Content-Length": [ "946" ],
        "Content-Type": [ "application/json; charset=utf-8" ],
        "Expires": [ "-1" ]
      },
      "Content": "{\"sku\":{\"name\":\"Standard_B1ms\",\"tier\":\"Burstable\",\"capacity\":0},\"properties\":{\"administratorLogin\":\"mysql_test\",\"storageProfile\":{\"storageMB\":10240,\"storageIops\":0,\"backupRetentionDays\":13,\"storageAutogrow\":\"Disabled\",\"fileStorageSkuName\":\"Premium_LRS\"},\"version\":\"5.7\",\"state\":\"Ready\",\"haState\":\"NotEnabled\",\"fullyQualifiedDomainName\":\"mysql-test-100.mysql.database.azure.com\",\"sourceServerId\":\"\",\"publicNetworkAccess\":\"Enabled\",\"sslEnforcement\":\"Disabled\",\"haEnabled\":\"Disabled\",\"earliestRestoreDate\":\"2020-11-11T01:19:49.1443505+00:00\",\"maintenanceWindow\":{\"customWindow\":\"Disabled\",\"dayOfWeek\":0,\"startHour\":0,\"startMinute\":0},\"replicationRole\":\"None\",\"replicaCapacity\":10,\"byokEnforcement\":\"Disabled\"},\"location\":\"West US 2\",\"id\":\"/subscriptions/7fec3109-5b78-4a24-b834-5d47d63e2596/resourceGroups/MySqlTest/providers/Microsoft.DBforMySQL/flexibleServers/mysql-test-100\",\"name\":\"mysql-test-100\",\"type\":\"Microsoft.DBforMySQL/flexibleServers\"}"
    }
  },
  "Restore-AzMySqlFlexibleServer+[NoContext]+PointInTimeRestore+$PUT+https://management.azure.com/subscriptions/7fec3109-5b78-4a24-b834-5d47d63e2596/resourceGroups/MySqlTest/providers/Microsoft.DBForMySql/flexibleServers/mysql-test-100-restore?api-version=2020-07-01-preview+2": {
    "Request": {
      "Method": "PUT",
      "RequestUri": "https://management.azure.com/subscriptions/7fec3109-5b78-4a24-b834-5d47d63e2596/resourceGroups/MySqlTest/providers/Microsoft.DBForMySql/flexibleServers/mysql-test-100-restore?api-version=2020-07-01-preview",
      "Content": "{\r\n  \"location\": \"West US 2\",\r\n  \"sku\": {\r\n    \"name\": \"Standard_B1ms\"\r\n  },\r\n  \"properties\": {\r\n    \"sourceServerId\": \"/subscriptions/7fec3109-5b78-4a24-b834-5d47d63e2596/resourceGroups/MySqlTest/providers/Microsoft.DBforMySQL/flexibleServers/mysql-test-100\",\r\n    \"restorePointInTime\": \"2020-11-11T22:22:36.1235805-08:00\",\r\n    \"createMode\": \"PointInTimeRestore\"\r\n  }\r\n}",
      "Headers": {
      },
      "ContentHeaders": {
        "Content-Type": [ "application/json" ],
        "Content-Length": [ "372" ]
      }
    },
    "Response": {
      "StatusCode": 202,
      "Headers": {
        "Cache-Control": [ "no-cache" ],
        "Pragma": [ "no-cache" ],
        "Location": [ "https://management.azure.com/subscriptions/7fec3109-5b78-4a24-b834-5d47d63e2596/providers/Microsoft.DBforMySQL/locations/westus2/operationResults/115199eb-e3bb-41d3-bd52-c3062c8bf172?api-version=2020-07-01-preview" ],
        "Retry-After": [ "60" ],
        "Azure-AsyncOperation": [ "https://management.azure.com/subscriptions/7fec3109-5b78-4a24-b834-5d47d63e2596/providers/Microsoft.DBforMySQL/locations/westus2/azureAsyncOperation/115199eb-e3bb-41d3-bd52-c3062c8bf172?api-version=2020-07-01-preview" ],
        "X-Content-Type-Options": [ "nosniff" ],
        "x-ms-request-id": [ "115199eb-e3bb-41d3-bd52-c3062c8bf172" ],
        "Server": [ "Microsoft-HTTPAPI/2.0" ],
        "x-ms-ratelimit-remaining-subscription-writes": [ "1199" ],
        "x-ms-correlation-request-id": [ "5f0f3cee-115d-4e67-90c9-11c1bec64ea9" ],
        "x-ms-routing-request-id": [ "WESTUS2:20201112T063236Z:5f0f3cee-115d-4e67-90c9-11c1bec64ea9" ],
        "Strict-Transport-Security": [ "max-age=31536000; includeSubDomains" ],
        "Date": [ "Thu, 12 Nov 2020 06:32:35 GMT" ]
      },
      "ContentHeaders": {
        "Content-Length": [ "89" ],
        "Content-Type": [ "application/json; charset=utf-8" ],
        "Expires": [ "-1" ]
      },
      "Content": "{\"operation\":\"RestoreSnapshotManagementOperation\",\"startTime\":\"2020-11-12T06:32:36.307Z\"}"
    }
  },
  "Restore-AzMySqlFlexibleServer+[NoContext]+PointInTimeRestore+$GET+https://management.azure.com/subscriptions/7fec3109-5b78-4a24-b834-5d47d63e2596/providers/Microsoft.DBforMySQL/locations/westus2/azureAsyncOperation/115199eb-e3bb-41d3-bd52-c3062c8bf172?api-version=2020-07-01-preview+3": {
    "Request": {
      "Method": "GET",
      "RequestUri": "https://management.azure.com/subscriptions/7fec3109-5b78-4a24-b834-5d47d63e2596/providers/Microsoft.DBforMySQL/locations/westus2/azureAsyncOperation/115199eb-e3bb-41d3-bd52-c3062c8bf172?api-version=2020-07-01-preview",
      "Content": null,
      "Headers": {
        "Authorization": [ "[Filtered]" ],
        "x-ms-unique-id": [ "3" ],
        "x-ms-client-request-id": [ "8452499f-e808-4aa6-af0d-8d67cfc15ff6" ],
        "CommandName": [ "Az.MySql.internal\\New-AzMySqlFlexibleServer" ],
        "FullCommandName": [ "New-AzMySqlFlexibleServer_CreateExpanded" ],
        "ParameterSetName": [ "__AllParameterSets" ],
        "User-Agent": [ "AzurePowershell/Az4.0.0-preview" ]
      },
      "ContentHeaders": {
      }
    },
    "Response": {
      "StatusCode": 200,
      "Headers": {
        "Cache-Control": [ "no-cache" ],
        "Pragma": [ "no-cache" ],
        "Retry-After": [ "60" ],
        "X-Content-Type-Options": [ "nosniff" ],
        "x-ms-request-id": [ "92f8a3ed-5d76-43ff-a28f-e7934d8475f6" ],
        "Server": [ "Microsoft-HTTPAPI/2.0" ],
        "x-ms-ratelimit-remaining-subscription-reads": [ "11998" ],
        "x-ms-correlation-request-id": [ "c73762a8-cc56-4996-8a3d-f377cf83fd46" ],
        "x-ms-routing-request-id": [ "WESTUS2:20201112T063336Z:c73762a8-cc56-4996-8a3d-f377cf83fd46" ],
        "Strict-Transport-Security": [ "max-age=31536000; includeSubDomains" ],
        "Date": [ "Thu, 12 Nov 2020 06:33:36 GMT" ]
      },
      "ContentHeaders": {
        "Content-Length": [ "108" ],
        "Content-Type": [ "application/json; charset=utf-8" ],
        "Expires": [ "-1" ]
      },
      "Content": "{\"name\":\"115199eb-e3bb-41d3-bd52-c3062c8bf172\",\"status\":\"InProgress\",\"startTime\":\"2020-11-12T06:32:36.307Z\"}"
    }
  },
  "Restore-AzMySqlFlexibleServer+[NoContext]+PointInTimeRestore+$GET+https://management.azure.com/subscriptions/7fec3109-5b78-4a24-b834-5d47d63e2596/providers/Microsoft.DBforMySQL/locations/westus2/azureAsyncOperation/115199eb-e3bb-41d3-bd52-c3062c8bf172?api-version=2020-07-01-preview+4": {
    "Request": {
      "Method": "GET",
      "RequestUri": "https://management.azure.com/subscriptions/7fec3109-5b78-4a24-b834-5d47d63e2596/providers/Microsoft.DBforMySQL/locations/westus2/azureAsyncOperation/115199eb-e3bb-41d3-bd52-c3062c8bf172?api-version=2020-07-01-preview",
      "Content": null,
      "Headers": {
        "Authorization": [ "[Filtered]" ],
        "x-ms-unique-id": [ "4" ],
        "x-ms-client-request-id": [ "8452499f-e808-4aa6-af0d-8d67cfc15ff6" ],
        "CommandName": [ "Az.MySql.internal\\New-AzMySqlFlexibleServer" ],
        "FullCommandName": [ "New-AzMySqlFlexibleServer_CreateExpanded" ],
        "ParameterSetName": [ "__AllParameterSets" ],
        "User-Agent": [ "AzurePowershell/Az4.0.0-preview" ]
      },
      "ContentHeaders": {
      }
    },
    "Response": {
      "StatusCode": 200,
      "Headers": {
        "Cache-Control": [ "no-cache" ],
        "Pragma": [ "no-cache" ],
        "Retry-After": [ "60" ],
        "X-Content-Type-Options": [ "nosniff" ],
        "x-ms-request-id": [ "1bad8811-d64f-4b93-bf76-a36766142ed6" ],
        "Server": [ "Microsoft-HTTPAPI/2.0" ],
        "x-ms-ratelimit-remaining-subscription-reads": [ "11997" ],
        "x-ms-correlation-request-id": [ "c8905198-cf1c-4140-b026-8eb89ebce816" ],
        "x-ms-routing-request-id": [ "WESTUS2:20201112T063436Z:c8905198-cf1c-4140-b026-8eb89ebce816" ],
        "Strict-Transport-Security": [ "max-age=31536000; includeSubDomains" ],
        "Date": [ "Thu, 12 Nov 2020 06:34:36 GMT" ]
      },
      "ContentHeaders": {
        "Content-Length": [ "108" ],
        "Content-Type": [ "application/json; charset=utf-8" ],
        "Expires": [ "-1" ]
      },
      "Content": "{\"name\":\"115199eb-e3bb-41d3-bd52-c3062c8bf172\",\"status\":\"InProgress\",\"startTime\":\"2020-11-12T06:32:36.307Z\"}"
    }
  },
  "Restore-AzMySqlFlexibleServer+[NoContext]+PointInTimeRestore+$GET+https://management.azure.com/subscriptions/7fec3109-5b78-4a24-b834-5d47d63e2596/providers/Microsoft.DBforMySQL/locations/westus2/azureAsyncOperation/115199eb-e3bb-41d3-bd52-c3062c8bf172?api-version=2020-07-01-preview+5": {
    "Request": {
      "Method": "GET",
      "RequestUri": "https://management.azure.com/subscriptions/7fec3109-5b78-4a24-b834-5d47d63e2596/providers/Microsoft.DBforMySQL/locations/westus2/azureAsyncOperation/115199eb-e3bb-41d3-bd52-c3062c8bf172?api-version=2020-07-01-preview",
      "Content": null,
      "Headers": {
        "Authorization": [ "[Filtered]" ],
        "x-ms-unique-id": [ "5" ],
        "x-ms-client-request-id": [ "8452499f-e808-4aa6-af0d-8d67cfc15ff6" ],
        "CommandName": [ "Az.MySql.internal\\New-AzMySqlFlexibleServer" ],
        "FullCommandName": [ "New-AzMySqlFlexibleServer_CreateExpanded" ],
        "ParameterSetName": [ "__AllParameterSets" ],
        "User-Agent": [ "AzurePowershell/Az4.0.0-preview" ]
      },
      "ContentHeaders": {
      }
    },
    "Response": {
      "StatusCode": 200,
      "Headers": {
        "Cache-Control": [ "no-cache" ],
        "Pragma": [ "no-cache" ],
        "Retry-After": [ "60" ],
        "X-Content-Type-Options": [ "nosniff" ],
        "x-ms-request-id": [ "8535e6ab-ee4e-4ebd-bb63-6940ca836b7f" ],
        "Server": [ "Microsoft-HTTPAPI/2.0" ],
        "x-ms-ratelimit-remaining-subscription-reads": [ "11996" ],
        "x-ms-correlation-request-id": [ "c8a51ba0-c2d9-4121-a533-30ee715481f1" ],
        "x-ms-routing-request-id": [ "WESTUS2:20201112T063537Z:c8a51ba0-c2d9-4121-a533-30ee715481f1" ],
        "Strict-Transport-Security": [ "max-age=31536000; includeSubDomains" ],
        "Date": [ "Thu, 12 Nov 2020 06:35:36 GMT" ]
      },
      "ContentHeaders": {
        "Content-Length": [ "108" ],
        "Content-Type": [ "application/json; charset=utf-8" ],
        "Expires": [ "-1" ]
      },
      "Content": "{\"name\":\"115199eb-e3bb-41d3-bd52-c3062c8bf172\",\"status\":\"InProgress\",\"startTime\":\"2020-11-12T06:32:36.307Z\"}"
    }
  },
  "Restore-AzMySqlFlexibleServer+[NoContext]+PointInTimeRestore+$GET+https://management.azure.com/subscriptions/7fec3109-5b78-4a24-b834-5d47d63e2596/providers/Microsoft.DBforMySQL/locations/westus2/azureAsyncOperation/115199eb-e3bb-41d3-bd52-c3062c8bf172?api-version=2020-07-01-preview+6": {
    "Request": {
      "Method": "GET",
      "RequestUri": "https://management.azure.com/subscriptions/7fec3109-5b78-4a24-b834-5d47d63e2596/providers/Microsoft.DBforMySQL/locations/westus2/azureAsyncOperation/115199eb-e3bb-41d3-bd52-c3062c8bf172?api-version=2020-07-01-preview",
      "Content": null,
      "Headers": {
        "Authorization": [ "[Filtered]" ],
        "x-ms-unique-id": [ "6" ],
        "x-ms-client-request-id": [ "8452499f-e808-4aa6-af0d-8d67cfc15ff6" ],
        "CommandName": [ "Az.MySql.internal\\New-AzMySqlFlexibleServer" ],
        "FullCommandName": [ "New-AzMySqlFlexibleServer_CreateExpanded" ],
        "ParameterSetName": [ "__AllParameterSets" ],
        "User-Agent": [ "AzurePowershell/Az4.0.0-preview" ]
      },
      "ContentHeaders": {
      }
    },
    "Response": {
      "StatusCode": 200,
      "Headers": {
        "Cache-Control": [ "no-cache" ],
        "Pragma": [ "no-cache" ],
        "Retry-After": [ "60" ],
        "X-Content-Type-Options": [ "nosniff" ],
        "x-ms-request-id": [ "5d12429b-6eef-482a-8c93-81b0aa924468" ],
        "Server": [ "Microsoft-HTTPAPI/2.0" ],
        "x-ms-ratelimit-remaining-subscription-reads": [ "11993" ],
        "x-ms-correlation-request-id": [ "084e8b69-7fff-42fb-afc1-3a5dd976f1d9" ],
        "x-ms-routing-request-id": [ "WESTUS2:20201112T063637Z:084e8b69-7fff-42fb-afc1-3a5dd976f1d9" ],
        "Strict-Transport-Security": [ "max-age=31536000; includeSubDomains" ],
        "Date": [ "Thu, 12 Nov 2020 06:36:36 GMT" ]
      },
      "ContentHeaders": {
        "Content-Length": [ "108" ],
        "Content-Type": [ "application/json; charset=utf-8" ],
        "Expires": [ "-1" ]
      },
      "Content": "{\"name\":\"115199eb-e3bb-41d3-bd52-c3062c8bf172\",\"status\":\"InProgress\",\"startTime\":\"2020-11-12T06:32:36.307Z\"}"
    }
  },
  "Restore-AzMySqlFlexibleServer+[NoContext]+PointInTimeRestore+$GET+https://management.azure.com/subscriptions/7fec3109-5b78-4a24-b834-5d47d63e2596/providers/Microsoft.DBforMySQL/locations/westus2/azureAsyncOperation/115199eb-e3bb-41d3-bd52-c3062c8bf172?api-version=2020-07-01-preview+7": {
    "Request": {
      "Method": "GET",
      "RequestUri": "https://management.azure.com/subscriptions/7fec3109-5b78-4a24-b834-5d47d63e2596/providers/Microsoft.DBforMySQL/locations/westus2/azureAsyncOperation/115199eb-e3bb-41d3-bd52-c3062c8bf172?api-version=2020-07-01-preview",
      "Content": null,
      "Headers": {
        "Authorization": [ "[Filtered]" ],
        "x-ms-unique-id": [ "7" ],
        "x-ms-client-request-id": [ "8452499f-e808-4aa6-af0d-8d67cfc15ff6" ],
        "CommandName": [ "Az.MySql.internal\\New-AzMySqlFlexibleServer" ],
        "FullCommandName": [ "New-AzMySqlFlexibleServer_CreateExpanded" ],
        "ParameterSetName": [ "__AllParameterSets" ],
        "User-Agent": [ "AzurePowershell/Az4.0.0-preview" ]
      },
      "ContentHeaders": {
      }
    },
    "Response": {
      "StatusCode": 200,
      "Headers": {
        "Cache-Control": [ "no-cache" ],
        "Pragma": [ "no-cache" ],
        "Retry-After": [ "60" ],
        "X-Content-Type-Options": [ "nosniff" ],
        "x-ms-request-id": [ "01c7c874-4eae-4f5f-a793-f79d874962c3" ],
        "Server": [ "Microsoft-HTTPAPI/2.0" ],
        "x-ms-ratelimit-remaining-subscription-reads": [ "11991" ],
        "x-ms-correlation-request-id": [ "d8191516-45ea-4c50-ad3c-49cc38bb0aeb" ],
        "x-ms-routing-request-id": [ "WESTUS2:20201112T063737Z:d8191516-45ea-4c50-ad3c-49cc38bb0aeb" ],
        "Strict-Transport-Security": [ "max-age=31536000; includeSubDomains" ],
        "Date": [ "Thu, 12 Nov 2020 06:37:36 GMT" ]
      },
      "ContentHeaders": {
        "Content-Length": [ "108" ],
        "Content-Type": [ "application/json; charset=utf-8" ],
        "Expires": [ "-1" ]
      },
      "Content": "{\"name\":\"115199eb-e3bb-41d3-bd52-c3062c8bf172\",\"status\":\"InProgress\",\"startTime\":\"2020-11-12T06:32:36.307Z\"}"
    }
  },
  "Restore-AzMySqlFlexibleServer+[NoContext]+PointInTimeRestore+$GET+https://management.azure.com/subscriptions/7fec3109-5b78-4a24-b834-5d47d63e2596/providers/Microsoft.DBforMySQL/locations/westus2/azureAsyncOperation/115199eb-e3bb-41d3-bd52-c3062c8bf172?api-version=2020-07-01-preview+8": {
    "Request": {
      "Method": "GET",
      "RequestUri": "https://management.azure.com/subscriptions/7fec3109-5b78-4a24-b834-5d47d63e2596/providers/Microsoft.DBforMySQL/locations/westus2/azureAsyncOperation/115199eb-e3bb-41d3-bd52-c3062c8bf172?api-version=2020-07-01-preview",
      "Content": null,
      "Headers": {
        "Authorization": [ "[Filtered]" ],
        "x-ms-unique-id": [ "8" ],
        "x-ms-client-request-id": [ "8452499f-e808-4aa6-af0d-8d67cfc15ff6" ],
        "CommandName": [ "Az.MySql.internal\\New-AzMySqlFlexibleServer" ],
        "FullCommandName": [ "New-AzMySqlFlexibleServer_CreateExpanded" ],
        "ParameterSetName": [ "__AllParameterSets" ],
        "User-Agent": [ "AzurePowershell/Az4.0.0-preview" ]
      },
      "ContentHeaders": {
      }
    },
    "Response": {
      "StatusCode": 200,
      "Headers": {
        "Cache-Control": [ "no-cache" ],
        "Pragma": [ "no-cache" ],
        "Retry-After": [ "60" ],
        "X-Content-Type-Options": [ "nosniff" ],
        "x-ms-request-id": [ "8c22b6ee-1496-4437-b8cc-4eb825a00b10" ],
        "Server": [ "Microsoft-HTTPAPI/2.0" ],
        "x-ms-ratelimit-remaining-subscription-reads": [ "11989" ],
        "x-ms-correlation-request-id": [ "29d66687-6e84-44df-a1db-0230e3317a9b" ],
        "x-ms-routing-request-id": [ "WESTUS2:20201112T063837Z:29d66687-6e84-44df-a1db-0230e3317a9b" ],
        "Strict-Transport-Security": [ "max-age=31536000; includeSubDomains" ],
        "Date": [ "Thu, 12 Nov 2020 06:38:37 GMT" ]
      },
      "ContentHeaders": {
        "Content-Length": [ "108" ],
        "Content-Type": [ "application/json; charset=utf-8" ],
        "Expires": [ "-1" ]
      },
      "Content": "{\"name\":\"115199eb-e3bb-41d3-bd52-c3062c8bf172\",\"status\":\"InProgress\",\"startTime\":\"2020-11-12T06:32:36.307Z\"}"
    }
  },
  "Restore-AzMySqlFlexibleServer+[NoContext]+PointInTimeRestore+$GET+https://management.azure.com/subscriptions/7fec3109-5b78-4a24-b834-5d47d63e2596/providers/Microsoft.DBforMySQL/locations/westus2/azureAsyncOperation/115199eb-e3bb-41d3-bd52-c3062c8bf172?api-version=2020-07-01-preview+9": {
    "Request": {
      "Method": "GET",
      "RequestUri": "https://management.azure.com/subscriptions/7fec3109-5b78-4a24-b834-5d47d63e2596/providers/Microsoft.DBforMySQL/locations/westus2/azureAsyncOperation/115199eb-e3bb-41d3-bd52-c3062c8bf172?api-version=2020-07-01-preview",
      "Content": null,
      "Headers": {
        "Authorization": [ "[Filtered]" ],
        "x-ms-unique-id": [ "9" ],
        "x-ms-client-request-id": [ "8452499f-e808-4aa6-af0d-8d67cfc15ff6" ],
        "CommandName": [ "Az.MySql.internal\\New-AzMySqlFlexibleServer" ],
        "FullCommandName": [ "New-AzMySqlFlexibleServer_CreateExpanded" ],
        "ParameterSetName": [ "__AllParameterSets" ],
        "User-Agent": [ "AzurePowershell/Az4.0.0-preview" ]
      },
      "ContentHeaders": {
      }
    },
    "Response": {
      "StatusCode": 200,
      "Headers": {
        "Cache-Control": [ "no-cache" ],
        "Pragma": [ "no-cache" ],
        "Retry-After": [ "60" ],
        "X-Content-Type-Options": [ "nosniff" ],
        "x-ms-request-id": [ "3f6b2480-91d8-48ee-b131-0237aa367e97" ],
        "Server": [ "Microsoft-HTTPAPI/2.0" ],
        "x-ms-ratelimit-remaining-subscription-reads": [ "11988" ],
        "x-ms-correlation-request-id": [ "42a8ac89-0f26-4246-b01e-17587521d92f" ],
        "x-ms-routing-request-id": [ "WESTUS2:20201112T063937Z:42a8ac89-0f26-4246-b01e-17587521d92f" ],
        "Strict-Transport-Security": [ "max-age=31536000; includeSubDomains" ],
        "Date": [ "Thu, 12 Nov 2020 06:39:37 GMT" ]
      },
      "ContentHeaders": {
        "Content-Length": [ "108" ],
        "Content-Type": [ "application/json; charset=utf-8" ],
        "Expires": [ "-1" ]
      },
      "Content": "{\"name\":\"115199eb-e3bb-41d3-bd52-c3062c8bf172\",\"status\":\"InProgress\",\"startTime\":\"2020-11-12T06:32:36.307Z\"}"
    }
  },
  "Restore-AzMySqlFlexibleServer+[NoContext]+PointInTimeRestore+$GET+https://management.azure.com/subscriptions/7fec3109-5b78-4a24-b834-5d47d63e2596/providers/Microsoft.DBforMySQL/locations/westus2/azureAsyncOperation/115199eb-e3bb-41d3-bd52-c3062c8bf172?api-version=2020-07-01-preview+10": {
    "Request": {
      "Method": "GET",
      "RequestUri": "https://management.azure.com/subscriptions/7fec3109-5b78-4a24-b834-5d47d63e2596/providers/Microsoft.DBforMySQL/locations/westus2/azureAsyncOperation/115199eb-e3bb-41d3-bd52-c3062c8bf172?api-version=2020-07-01-preview",
      "Content": null,
      "Headers": {
        "Authorization": [ "[Filtered]" ],
        "x-ms-unique-id": [ "10" ],
        "x-ms-client-request-id": [ "8452499f-e808-4aa6-af0d-8d67cfc15ff6" ],
        "CommandName": [ "Az.MySql.internal\\New-AzMySqlFlexibleServer" ],
        "FullCommandName": [ "New-AzMySqlFlexibleServer_CreateExpanded" ],
        "ParameterSetName": [ "__AllParameterSets" ],
        "User-Agent": [ "AzurePowershell/Az4.0.0-preview" ]
      },
      "ContentHeaders": {
      }
    },
    "Response": {
      "StatusCode": 200,
      "Headers": {
        "Cache-Control": [ "no-cache" ],
        "Pragma": [ "no-cache" ],
        "Retry-After": [ "60" ],
        "X-Content-Type-Options": [ "nosniff" ],
        "x-ms-request-id": [ "c723d813-7155-48f1-8481-81f1faaa9740" ],
        "Server": [ "Microsoft-HTTPAPI/2.0" ],
        "x-ms-ratelimit-remaining-subscription-reads": [ "11987" ],
        "x-ms-correlation-request-id": [ "8ca62497-0b51-4924-bdf5-fbeef9b3eb7d" ],
        "x-ms-routing-request-id": [ "WESTUS2:20201112T064037Z:8ca62497-0b51-4924-bdf5-fbeef9b3eb7d" ],
        "Strict-Transport-Security": [ "max-age=31536000; includeSubDomains" ],
        "Date": [ "Thu, 12 Nov 2020 06:40:36 GMT" ]
      },
      "ContentHeaders": {
        "Content-Length": [ "108" ],
        "Content-Type": [ "application/json; charset=utf-8" ],
        "Expires": [ "-1" ]
      },
      "Content": "{\"name\":\"115199eb-e3bb-41d3-bd52-c3062c8bf172\",\"status\":\"InProgress\",\"startTime\":\"2020-11-12T06:32:36.307Z\"}"
    }
  },
  "Restore-AzMySqlFlexibleServer+[NoContext]+PointInTimeRestore+$GET+https://management.azure.com/subscriptions/7fec3109-5b78-4a24-b834-5d47d63e2596/providers/Microsoft.DBforMySQL/locations/westus2/azureAsyncOperation/115199eb-e3bb-41d3-bd52-c3062c8bf172?api-version=2020-07-01-preview+11": {
    "Request": {
      "Method": "GET",
      "RequestUri": "https://management.azure.com/subscriptions/7fec3109-5b78-4a24-b834-5d47d63e2596/providers/Microsoft.DBforMySQL/locations/westus2/azureAsyncOperation/115199eb-e3bb-41d3-bd52-c3062c8bf172?api-version=2020-07-01-preview",
      "Content": null,
      "Headers": {
        "Authorization": [ "[Filtered]" ],
        "x-ms-unique-id": [ "11" ],
        "x-ms-client-request-id": [ "8452499f-e808-4aa6-af0d-8d67cfc15ff6" ],
        "CommandName": [ "Az.MySql.internal\\New-AzMySqlFlexibleServer" ],
        "FullCommandName": [ "New-AzMySqlFlexibleServer_CreateExpanded" ],
        "ParameterSetName": [ "__AllParameterSets" ],
        "User-Agent": [ "AzurePowershell/Az4.0.0-preview" ]
      },
      "ContentHeaders": {
      }
    },
    "Response": {
      "StatusCode": 200,
      "Headers": {
        "Cache-Control": [ "no-cache" ],
        "Pragma": [ "no-cache" ],
        "Retry-After": [ "60" ],
        "X-Content-Type-Options": [ "nosniff" ],
        "x-ms-request-id": [ "4140a5fa-c0ee-4e33-9002-8581a4f6e228" ],
        "Server": [ "Microsoft-HTTPAPI/2.0" ],
        "x-ms-ratelimit-remaining-subscription-reads": [ "11986" ],
        "x-ms-correlation-request-id": [ "7e8ddbea-41de-4dd4-a6a7-311b092271b9" ],
        "x-ms-routing-request-id": [ "WESTUS2:20201112T064137Z:7e8ddbea-41de-4dd4-a6a7-311b092271b9" ],
        "Strict-Transport-Security": [ "max-age=31536000; includeSubDomains" ],
        "Date": [ "Thu, 12 Nov 2020 06:41:37 GMT" ]
      },
      "ContentHeaders": {
        "Content-Length": [ "108" ],
        "Content-Type": [ "application/json; charset=utf-8" ],
        "Expires": [ "-1" ]
      },
      "Content": "{\"name\":\"115199eb-e3bb-41d3-bd52-c3062c8bf172\",\"status\":\"InProgress\",\"startTime\":\"2020-11-12T06:32:36.307Z\"}"
    }
  },
  "Restore-AzMySqlFlexibleServer+[NoContext]+PointInTimeRestore+$GET+https://management.azure.com/subscriptions/7fec3109-5b78-4a24-b834-5d47d63e2596/providers/Microsoft.DBforMySQL/locations/westus2/azureAsyncOperation/115199eb-e3bb-41d3-bd52-c3062c8bf172?api-version=2020-07-01-preview+12": {
    "Request": {
      "Method": "GET",
      "RequestUri": "https://management.azure.com/subscriptions/7fec3109-5b78-4a24-b834-5d47d63e2596/providers/Microsoft.DBforMySQL/locations/westus2/azureAsyncOperation/115199eb-e3bb-41d3-bd52-c3062c8bf172?api-version=2020-07-01-preview",
      "Content": null,
      "Headers": {
        "Authorization": [ "[Filtered]" ],
        "x-ms-unique-id": [ "12" ],
        "x-ms-client-request-id": [ "8452499f-e808-4aa6-af0d-8d67cfc15ff6" ],
        "CommandName": [ "Az.MySql.internal\\New-AzMySqlFlexibleServer" ],
        "FullCommandName": [ "New-AzMySqlFlexibleServer_CreateExpanded" ],
        "ParameterSetName": [ "__AllParameterSets" ],
        "User-Agent": [ "AzurePowershell/Az4.0.0-preview" ]
      },
      "ContentHeaders": {
      }
    },
    "Response": {
      "StatusCode": 200,
      "Headers": {
        "Cache-Control": [ "no-cache" ],
        "Pragma": [ "no-cache" ],
        "Retry-After": [ "60" ],
        "X-Content-Type-Options": [ "nosniff" ],
        "x-ms-request-id": [ "6b23105e-d71a-4a78-883a-10c386d072a5" ],
        "Server": [ "Microsoft-HTTPAPI/2.0" ],
        "x-ms-ratelimit-remaining-subscription-reads": [ "11985" ],
        "x-ms-correlation-request-id": [ "60a12a74-2d56-4d02-a3aa-3ff01ae2287c" ],
        "x-ms-routing-request-id": [ "WESTUS2:20201112T064238Z:60a12a74-2d56-4d02-a3aa-3ff01ae2287c" ],
        "Strict-Transport-Security": [ "max-age=31536000; includeSubDomains" ],
        "Date": [ "Thu, 12 Nov 2020 06:42:37 GMT" ]
      },
      "ContentHeaders": {
        "Content-Length": [ "108" ],
        "Content-Type": [ "application/json; charset=utf-8" ],
        "Expires": [ "-1" ]
      },
      "Content": "{\"name\":\"115199eb-e3bb-41d3-bd52-c3062c8bf172\",\"status\":\"InProgress\",\"startTime\":\"2020-11-12T06:32:36.307Z\"}"
    }
  },
  "Restore-AzMySqlFlexibleServer+[NoContext]+PointInTimeRestore+$GET+https://management.azure.com/subscriptions/7fec3109-5b78-4a24-b834-5d47d63e2596/providers/Microsoft.DBforMySQL/locations/westus2/azureAsyncOperation/115199eb-e3bb-41d3-bd52-c3062c8bf172?api-version=2020-07-01-preview+13": {
    "Request": {
      "Method": "GET",
      "RequestUri": "https://management.azure.com/subscriptions/7fec3109-5b78-4a24-b834-5d47d63e2596/providers/Microsoft.DBforMySQL/locations/westus2/azureAsyncOperation/115199eb-e3bb-41d3-bd52-c3062c8bf172?api-version=2020-07-01-preview",
      "Content": null,
      "Headers": {
        "Authorization": [ "[Filtered]" ],
        "x-ms-unique-id": [ "13" ],
        "x-ms-client-request-id": [ "8452499f-e808-4aa6-af0d-8d67cfc15ff6" ],
        "CommandName": [ "Az.MySql.internal\\New-AzMySqlFlexibleServer" ],
        "FullCommandName": [ "New-AzMySqlFlexibleServer_CreateExpanded" ],
        "ParameterSetName": [ "__AllParameterSets" ],
        "User-Agent": [ "AzurePowershell/Az4.0.0-preview" ]
      },
      "ContentHeaders": {
      }
    },
    "Response": {
      "StatusCode": 200,
      "Headers": {
        "Cache-Control": [ "no-cache" ],
        "Pragma": [ "no-cache" ],
        "Retry-After": [ "60" ],
        "X-Content-Type-Options": [ "nosniff" ],
        "x-ms-request-id": [ "d3c442eb-bb6b-4f4b-b296-e94d7987276f" ],
        "Server": [ "Microsoft-HTTPAPI/2.0" ],
        "x-ms-ratelimit-remaining-subscription-reads": [ "11984" ],
        "x-ms-correlation-request-id": [ "89d92b94-1c83-42d4-8b10-057d6b91780f" ],
        "x-ms-routing-request-id": [ "WESTUS2:20201112T064338Z:89d92b94-1c83-42d4-8b10-057d6b91780f" ],
        "Strict-Transport-Security": [ "max-age=31536000; includeSubDomains" ],
        "Date": [ "Thu, 12 Nov 2020 06:43:37 GMT" ]
      },
      "ContentHeaders": {
        "Content-Length": [ "108" ],
        "Content-Type": [ "application/json; charset=utf-8" ],
        "Expires": [ "-1" ]
      },
      "Content": "{\"name\":\"115199eb-e3bb-41d3-bd52-c3062c8bf172\",\"status\":\"InProgress\",\"startTime\":\"2020-11-12T06:32:36.307Z\"}"
    }
  },
  "Restore-AzMySqlFlexibleServer+[NoContext]+PointInTimeRestore+$GET+https://management.azure.com/subscriptions/7fec3109-5b78-4a24-b834-5d47d63e2596/providers/Microsoft.DBforMySQL/locations/westus2/azureAsyncOperation/115199eb-e3bb-41d3-bd52-c3062c8bf172?api-version=2020-07-01-preview+14": {
    "Request": {
      "Method": "GET",
      "RequestUri": "https://management.azure.com/subscriptions/7fec3109-5b78-4a24-b834-5d47d63e2596/providers/Microsoft.DBforMySQL/locations/westus2/azureAsyncOperation/115199eb-e3bb-41d3-bd52-c3062c8bf172?api-version=2020-07-01-preview",
      "Content": null,
      "Headers": {
        "Authorization": [ "[Filtered]" ],
        "x-ms-unique-id": [ "14" ],
        "x-ms-client-request-id": [ "8452499f-e808-4aa6-af0d-8d67cfc15ff6" ],
        "CommandName": [ "Az.MySql.internal\\New-AzMySqlFlexibleServer" ],
        "FullCommandName": [ "New-AzMySqlFlexibleServer_CreateExpanded" ],
        "ParameterSetName": [ "__AllParameterSets" ],
        "User-Agent": [ "AzurePowershell/Az4.0.0-preview" ]
      },
      "ContentHeaders": {
      }
    },
    "Response": {
      "StatusCode": 200,
      "Headers": {
        "Cache-Control": [ "no-cache" ],
        "Pragma": [ "no-cache" ],
        "Retry-After": [ "60" ],
        "X-Content-Type-Options": [ "nosniff" ],
        "x-ms-request-id": [ "b5f29f58-a80a-4495-8f42-1fc838e88202" ],
        "Server": [ "Microsoft-HTTPAPI/2.0" ],
        "x-ms-ratelimit-remaining-subscription-reads": [ "11983" ],
        "x-ms-correlation-request-id": [ "9f4b48ed-01bc-438b-a297-0d7966124139" ],
        "x-ms-routing-request-id": [ "WESTUS2:20201112T064438Z:9f4b48ed-01bc-438b-a297-0d7966124139" ],
        "Strict-Transport-Security": [ "max-age=31536000; includeSubDomains" ],
        "Date": [ "Thu, 12 Nov 2020 06:44:37 GMT" ]
      },
      "ContentHeaders": {
        "Content-Length": [ "108" ],
        "Content-Type": [ "application/json; charset=utf-8" ],
        "Expires": [ "-1" ]
      },
      "Content": "{\"name\":\"115199eb-e3bb-41d3-bd52-c3062c8bf172\",\"status\":\"InProgress\",\"startTime\":\"2020-11-12T06:32:36.307Z\"}"
    }
  },
  "Restore-AzMySqlFlexibleServer+[NoContext]+PointInTimeRestore+$GET+https://management.azure.com/subscriptions/7fec3109-5b78-4a24-b834-5d47d63e2596/providers/Microsoft.DBforMySQL/locations/westus2/azureAsyncOperation/115199eb-e3bb-41d3-bd52-c3062c8bf172?api-version=2020-07-01-preview+15": {
    "Request": {
      "Method": "GET",
      "RequestUri": "https://management.azure.com/subscriptions/7fec3109-5b78-4a24-b834-5d47d63e2596/providers/Microsoft.DBforMySQL/locations/westus2/azureAsyncOperation/115199eb-e3bb-41d3-bd52-c3062c8bf172?api-version=2020-07-01-preview",
      "Content": null,
      "Headers": {
        "Authorization": [ "[Filtered]" ],
        "x-ms-unique-id": [ "15" ],
        "x-ms-client-request-id": [ "8452499f-e808-4aa6-af0d-8d67cfc15ff6" ],
        "CommandName": [ "Az.MySql.internal\\New-AzMySqlFlexibleServer" ],
        "FullCommandName": [ "New-AzMySqlFlexibleServer_CreateExpanded" ],
        "ParameterSetName": [ "__AllParameterSets" ],
        "User-Agent": [ "AzurePowershell/Az4.0.0-preview" ]
      },
      "ContentHeaders": {
      }
    },
    "Response": {
      "StatusCode": 200,
      "Headers": {
        "Cache-Control": [ "no-cache" ],
        "Pragma": [ "no-cache" ],
        "Retry-After": [ "60" ],
        "X-Content-Type-Options": [ "nosniff" ],
        "x-ms-request-id": [ "7748c9f7-b69d-4b58-9a7d-8198be4e78d4" ],
        "Server": [ "Microsoft-HTTPAPI/2.0" ],
        "x-ms-ratelimit-remaining-subscription-reads": [ "11982" ],
        "x-ms-correlation-request-id": [ "22d4f94e-3312-435d-8fe2-3df31f6f5a60" ],
        "x-ms-routing-request-id": [ "WESTUS2:20201112T064538Z:22d4f94e-3312-435d-8fe2-3df31f6f5a60" ],
        "Strict-Transport-Security": [ "max-age=31536000; includeSubDomains" ],
        "Date": [ "Thu, 12 Nov 2020 06:45:38 GMT" ]
      },
      "ContentHeaders": {
        "Content-Length": [ "108" ],
        "Content-Type": [ "application/json; charset=utf-8" ],
        "Expires": [ "-1" ]
      },
      "Content": "{\"name\":\"115199eb-e3bb-41d3-bd52-c3062c8bf172\",\"status\":\"InProgress\",\"startTime\":\"2020-11-12T06:32:36.307Z\"}"
    }
  },
  "Restore-AzMySqlFlexibleServer+[NoContext]+PointInTimeRestore+$GET+https://management.azure.com/subscriptions/7fec3109-5b78-4a24-b834-5d47d63e2596/providers/Microsoft.DBforMySQL/locations/westus2/azureAsyncOperation/115199eb-e3bb-41d3-bd52-c3062c8bf172?api-version=2020-07-01-preview+16": {
    "Request": {
      "Method": "GET",
      "RequestUri": "https://management.azure.com/subscriptions/7fec3109-5b78-4a24-b834-5d47d63e2596/providers/Microsoft.DBforMySQL/locations/westus2/azureAsyncOperation/115199eb-e3bb-41d3-bd52-c3062c8bf172?api-version=2020-07-01-preview",
      "Content": null,
      "Headers": {
        "Authorization": [ "[Filtered]" ],
        "x-ms-unique-id": [ "16" ],
        "x-ms-client-request-id": [ "8452499f-e808-4aa6-af0d-8d67cfc15ff6" ],
        "CommandName": [ "Az.MySql.internal\\New-AzMySqlFlexibleServer" ],
        "FullCommandName": [ "New-AzMySqlFlexibleServer_CreateExpanded" ],
        "ParameterSetName": [ "__AllParameterSets" ],
        "User-Agent": [ "AzurePowershell/Az4.0.0-preview" ]
      },
      "ContentHeaders": {
      }
    },
    "Response": {
      "StatusCode": 200,
      "Headers": {
        "Cache-Control": [ "no-cache" ],
        "Pragma": [ "no-cache" ],
        "Retry-After": [ "60" ],
        "X-Content-Type-Options": [ "nosniff" ],
        "x-ms-request-id": [ "3c1fdcff-3de6-4aee-8090-5fb2db14a9e7" ],
        "Server": [ "Microsoft-HTTPAPI/2.0" ],
        "x-ms-ratelimit-remaining-subscription-reads": [ "11981" ],
        "x-ms-correlation-request-id": [ "4faee9f1-2794-4ce2-be26-46647b1631be" ],
        "x-ms-routing-request-id": [ "WESTUS2:20201112T064638Z:4faee9f1-2794-4ce2-be26-46647b1631be" ],
        "Strict-Transport-Security": [ "max-age=31536000; includeSubDomains" ],
        "Date": [ "Thu, 12 Nov 2020 06:46:38 GMT" ]
      },
      "ContentHeaders": {
        "Content-Length": [ "108" ],
        "Content-Type": [ "application/json; charset=utf-8" ],
        "Expires": [ "-1" ]
      },
      "Content": "{\"name\":\"115199eb-e3bb-41d3-bd52-c3062c8bf172\",\"status\":\"InProgress\",\"startTime\":\"2020-11-12T06:32:36.307Z\"}"
    }
  },
  "Restore-AzMySqlFlexibleServer+[NoContext]+PointInTimeRestore+$GET+https://management.azure.com/subscriptions/7fec3109-5b78-4a24-b834-5d47d63e2596/providers/Microsoft.DBforMySQL/locations/westus2/azureAsyncOperation/115199eb-e3bb-41d3-bd52-c3062c8bf172?api-version=2020-07-01-preview+17": {
    "Request": {
      "Method": "GET",
      "RequestUri": "https://management.azure.com/subscriptions/7fec3109-5b78-4a24-b834-5d47d63e2596/providers/Microsoft.DBforMySQL/locations/westus2/azureAsyncOperation/115199eb-e3bb-41d3-bd52-c3062c8bf172?api-version=2020-07-01-preview",
      "Content": null,
      "Headers": {
        "Authorization": [ "[Filtered]" ],
        "x-ms-unique-id": [ "17" ],
        "x-ms-client-request-id": [ "8452499f-e808-4aa6-af0d-8d67cfc15ff6" ],
        "CommandName": [ "Az.MySql.internal\\New-AzMySqlFlexibleServer" ],
        "FullCommandName": [ "New-AzMySqlFlexibleServer_CreateExpanded" ],
        "ParameterSetName": [ "__AllParameterSets" ],
        "User-Agent": [ "AzurePowershell/Az4.0.0-preview" ]
      },
      "ContentHeaders": {
      }
    },
    "Response": {
      "StatusCode": 200,
      "Headers": {
        "Cache-Control": [ "no-cache" ],
        "Pragma": [ "no-cache" ],
        "Retry-After": [ "60" ],
        "X-Content-Type-Options": [ "nosniff" ],
        "x-ms-request-id": [ "81e67cfb-13ed-49d0-acc3-86bbfd2b4bd8" ],
        "Server": [ "Microsoft-HTTPAPI/2.0" ],
        "x-ms-ratelimit-remaining-subscription-reads": [ "11980" ],
        "x-ms-correlation-request-id": [ "c117477c-15eb-4c84-a775-d265751a9b48" ],
        "x-ms-routing-request-id": [ "WESTUS2:20201112T064738Z:c117477c-15eb-4c84-a775-d265751a9b48" ],
        "Strict-Transport-Security": [ "max-age=31536000; includeSubDomains" ],
        "Date": [ "Thu, 12 Nov 2020 06:47:37 GMT" ]
      },
      "ContentHeaders": {
        "Content-Length": [ "108" ],
        "Content-Type": [ "application/json; charset=utf-8" ],
        "Expires": [ "-1" ]
      },
      "Content": "{\"name\":\"115199eb-e3bb-41d3-bd52-c3062c8bf172\",\"status\":\"InProgress\",\"startTime\":\"2020-11-12T06:32:36.307Z\"}"
    }
  },
  "Restore-AzMySqlFlexibleServer+[NoContext]+PointInTimeRestore+$GET+https://management.azure.com/subscriptions/7fec3109-5b78-4a24-b834-5d47d63e2596/providers/Microsoft.DBforMySQL/locations/westus2/azureAsyncOperation/115199eb-e3bb-41d3-bd52-c3062c8bf172?api-version=2020-07-01-preview+18": {
    "Request": {
      "Method": "GET",
      "RequestUri": "https://management.azure.com/subscriptions/7fec3109-5b78-4a24-b834-5d47d63e2596/providers/Microsoft.DBforMySQL/locations/westus2/azureAsyncOperation/115199eb-e3bb-41d3-bd52-c3062c8bf172?api-version=2020-07-01-preview",
      "Content": null,
      "Headers": {
        "Authorization": [ "[Filtered]" ],
        "x-ms-unique-id": [ "18" ],
        "x-ms-client-request-id": [ "8452499f-e808-4aa6-af0d-8d67cfc15ff6" ],
        "CommandName": [ "Az.MySql.internal\\New-AzMySqlFlexibleServer" ],
        "FullCommandName": [ "New-AzMySqlFlexibleServer_CreateExpanded" ],
        "ParameterSetName": [ "__AllParameterSets" ],
        "User-Agent": [ "AzurePowershell/Az4.0.0-preview" ]
      },
      "ContentHeaders": {
      }
    },
    "Response": {
      "StatusCode": 200,
      "Headers": {
        "Cache-Control": [ "no-cache" ],
        "Pragma": [ "no-cache" ],
        "Retry-After": [ "60" ],
        "X-Content-Type-Options": [ "nosniff" ],
        "x-ms-request-id": [ "9bafe5aa-908f-4adb-8bea-0ccbcee31b50" ],
        "Server": [ "Microsoft-HTTPAPI/2.0" ],
        "x-ms-ratelimit-remaining-subscription-reads": [ "11979" ],
        "x-ms-correlation-request-id": [ "a27594a6-9547-42be-be33-e88acaea0f28" ],
        "x-ms-routing-request-id": [ "WESTUS2:20201112T064838Z:a27594a6-9547-42be-be33-e88acaea0f28" ],
        "Strict-Transport-Security": [ "max-age=31536000; includeSubDomains" ],
        "Date": [ "Thu, 12 Nov 2020 06:48:38 GMT" ]
      },
      "ContentHeaders": {
        "Content-Length": [ "108" ],
        "Content-Type": [ "application/json; charset=utf-8" ],
        "Expires": [ "-1" ]
      },
      "Content": "{\"name\":\"115199eb-e3bb-41d3-bd52-c3062c8bf172\",\"status\":\"InProgress\",\"startTime\":\"2020-11-12T06:32:36.307Z\"}"
    }
  },
  "Restore-AzMySqlFlexibleServer+[NoContext]+PointInTimeRestore+$GET+https://management.azure.com/subscriptions/7fec3109-5b78-4a24-b834-5d47d63e2596/providers/Microsoft.DBforMySQL/locations/westus2/azureAsyncOperation/115199eb-e3bb-41d3-bd52-c3062c8bf172?api-version=2020-07-01-preview+19": {
    "Request": {
      "Method": "GET",
      "RequestUri": "https://management.azure.com/subscriptions/7fec3109-5b78-4a24-b834-5d47d63e2596/providers/Microsoft.DBforMySQL/locations/westus2/azureAsyncOperation/115199eb-e3bb-41d3-bd52-c3062c8bf172?api-version=2020-07-01-preview",
      "Content": null,
      "Headers": {
        "Authorization": [ "[Filtered]" ],
        "x-ms-unique-id": [ "19" ],
        "x-ms-client-request-id": [ "8452499f-e808-4aa6-af0d-8d67cfc15ff6" ],
        "CommandName": [ "Az.MySql.internal\\New-AzMySqlFlexibleServer" ],
        "FullCommandName": [ "New-AzMySqlFlexibleServer_CreateExpanded" ],
        "ParameterSetName": [ "__AllParameterSets" ],
        "User-Agent": [ "AzurePowershell/Az4.0.0-preview" ]
      },
      "ContentHeaders": {
      }
    },
    "Response": {
      "StatusCode": 200,
      "Headers": {
        "Cache-Control": [ "no-cache" ],
        "Pragma": [ "no-cache" ],
        "Retry-After": [ "60" ],
        "X-Content-Type-Options": [ "nosniff" ],
        "x-ms-request-id": [ "3032f625-2f70-4ba0-972c-ebf7304f5d1d" ],
        "Server": [ "Microsoft-HTTPAPI/2.0" ],
        "x-ms-ratelimit-remaining-subscription-reads": [ "11978" ],
        "x-ms-correlation-request-id": [ "d51e5b93-1390-4caa-87d2-2353e77c505c" ],
        "x-ms-routing-request-id": [ "WESTUS2:20201112T064939Z:d51e5b93-1390-4caa-87d2-2353e77c505c" ],
        "Strict-Transport-Security": [ "max-age=31536000; includeSubDomains" ],
        "Date": [ "Thu, 12 Nov 2020 06:49:38 GMT" ]
      },
      "ContentHeaders": {
        "Content-Length": [ "108" ],
        "Content-Type": [ "application/json; charset=utf-8" ],
        "Expires": [ "-1" ]
      },
      "Content": "{\"name\":\"115199eb-e3bb-41d3-bd52-c3062c8bf172\",\"status\":\"InProgress\",\"startTime\":\"2020-11-12T06:32:36.307Z\"}"
    }
  },
  "Restore-AzMySqlFlexibleServer+[NoContext]+PointInTimeRestore+$GET+https://management.azure.com/subscriptions/7fec3109-5b78-4a24-b834-5d47d63e2596/providers/Microsoft.DBforMySQL/locations/westus2/azureAsyncOperation/115199eb-e3bb-41d3-bd52-c3062c8bf172?api-version=2020-07-01-preview+20": {
    "Request": {
      "Method": "GET",
      "RequestUri": "https://management.azure.com/subscriptions/7fec3109-5b78-4a24-b834-5d47d63e2596/providers/Microsoft.DBforMySQL/locations/westus2/azureAsyncOperation/115199eb-e3bb-41d3-bd52-c3062c8bf172?api-version=2020-07-01-preview",
      "Content": null,
      "Headers": {
        "Authorization": [ "[Filtered]" ],
        "x-ms-unique-id": [ "20" ],
        "x-ms-client-request-id": [ "8452499f-e808-4aa6-af0d-8d67cfc15ff6" ],
        "CommandName": [ "Az.MySql.internal\\New-AzMySqlFlexibleServer" ],
        "FullCommandName": [ "New-AzMySqlFlexibleServer_CreateExpanded" ],
        "ParameterSetName": [ "__AllParameterSets" ],
        "User-Agent": [ "AzurePowershell/Az4.0.0-preview" ]
      },
      "ContentHeaders": {
      }
    },
    "Response": {
      "StatusCode": 200,
      "Headers": {
        "Cache-Control": [ "no-cache" ],
        "Pragma": [ "no-cache" ],
        "Retry-After": [ "60" ],
        "X-Content-Type-Options": [ "nosniff" ],
        "x-ms-request-id": [ "eb95280b-fd10-427f-9789-186b30e37b0a" ],
        "Server": [ "Microsoft-HTTPAPI/2.0" ],
        "x-ms-ratelimit-remaining-subscription-reads": [ "11977" ],
        "x-ms-correlation-request-id": [ "0e522764-bc03-45d3-9e7d-875e66051eec" ],
        "x-ms-routing-request-id": [ "WESTUS2:20201112T065039Z:0e522764-bc03-45d3-9e7d-875e66051eec" ],
        "Strict-Transport-Security": [ "max-age=31536000; includeSubDomains" ],
        "Date": [ "Thu, 12 Nov 2020 06:50:38 GMT" ]
      },
      "ContentHeaders": {
        "Content-Length": [ "107" ],
        "Content-Type": [ "application/json; charset=utf-8" ],
        "Expires": [ "-1" ]
      },
      "Content": "{\"name\":\"115199eb-e3bb-41d3-bd52-c3062c8bf172\",\"status\":\"Succeeded\",\"startTime\":\"2020-11-12T06:32:36.307Z\"}"
    }
  },
  "Restore-AzMySqlFlexibleServer+[NoContext]+PointInTimeRestore+$GET+https://management.azure.com/subscriptions/7fec3109-5b78-4a24-b834-5d47d63e2596/resourceGroups/MySqlTest/providers/Microsoft.DBForMySql/flexibleServers/mysql-test-100-restore?api-version=2020-07-01-preview+21": {
    "Request": {
      "Method": "GET",
      "RequestUri": "https://management.azure.com/subscriptions/7fec3109-5b78-4a24-b834-5d47d63e2596/resourceGroups/MySqlTest/providers/Microsoft.DBForMySql/flexibleServers/mysql-test-100-restore?api-version=2020-07-01-preview",
      "Content": null,
      "Headers": {
        "Authorization": [ "[Filtered]" ],
        "x-ms-unique-id": [ "21" ],
        "x-ms-client-request-id": [ "8452499f-e808-4aa6-af0d-8d67cfc15ff6" ],
        "CommandName": [ "Az.MySql.internal\\New-AzMySqlFlexibleServer" ],
        "FullCommandName": [ "New-AzMySqlFlexibleServer_CreateExpanded" ],
        "ParameterSetName": [ "__AllParameterSets" ],
        "User-Agent": [ "AzurePowershell/Az4.0.0-preview" ]
      },
      "ContentHeaders": {
      }
    },
    "Response": {
      "StatusCode": 200,
      "Headers": {
        "Cache-Control": [ "no-cache" ],
        "Pragma": [ "no-cache" ],
        "X-Content-Type-Options": [ "nosniff" ],
        "x-ms-request-id": [ "9d01fd95-eba5-4e19-a651-167e1400f371" ],
        "Server": [ "Microsoft-HTTPAPI/2.0" ],
        "x-ms-ratelimit-remaining-subscription-reads": [ "11976" ],
        "x-ms-correlation-request-id": [ "b0e53545-5db3-4cdd-b3ff-4dd0daea1b47" ],
        "x-ms-routing-request-id": [ "WESTUS2:20201112T065039Z:b0e53545-5db3-4cdd-b3ff-4dd0daea1b47" ],
        "Strict-Transport-Security": [ "max-age=31536000; includeSubDomains" ],
        "Date": [ "Thu, 12 Nov 2020 06:50:38 GMT" ]
      },
      "ContentHeaders": {
        "Content-Length": [ "970" ],
        "Content-Type": [ "application/json; charset=utf-8" ],
        "Expires": [ "-1" ]
      },
      "Content": "{\"sku\":{\"name\":\"Standard_B1ms\",\"tier\":\"Burstable\",\"capacity\":0},\"properties\":{\"administratorLogin\":\"mysql_test\",\"storageProfile\":{\"storageMB\":10240,\"storageIops\":0,\"backupRetentionDays\":13,\"storageAutogrow\":\"Disabled\",\"fileStorageSkuName\":\"Premium_LRS\"},\"version\":\"5.7\",\"state\":\"Ready\",\"haState\":\"NotEnabled\",\"fullyQualifiedDomainName\":\"mysql-test-100-restore.mysql.database.azure.com\",\"sourceServerId\":\"\",\"publicNetworkAccess\":\"Enabled\",\"sslEnforcement\":\"Disabled\",\"haEnabled\":\"Disabled\",\"earliestRestoreDate\":\"2020-11-12T06:47:41.5737856+00:00\",\"maintenanceWindow\":{\"customWindow\":\"Disabled\",\"dayOfWeek\":0,\"startHour\":0,\"startMinute\":0},\"replicationRole\":\"None\",\"replicaCapacity\":10,\"byokEnforcement\":\"Disabled\"},\"location\":\"West US 2\",\"id\":\"/subscriptions/7fec3109-5b78-4a24-b834-5d47d63e2596/resourceGroups/MySqlTest/providers/Microsoft.DBforMySQL/flexibleServers/mysql-test-100-restore\",\"name\":\"mysql-test-100-restore\",\"type\":\"Microsoft.DBforMySQL/flexibleServers\"}"
    }
  }
}