{
  "Update-AzMySqlVirtualNetworkRule+[NoContext]+UpdateExpanded+$PUT+https://management.azure.com/subscriptions/9e223dbe-3399-4e19-88eb-0975f02ac87f/resourceGroups/MySqlTest/providers/Microsoft.DBforMySQL/servers/mysql-test-100/virtualNetworkRules/mysqlvnet?api-version=2017-12-01+1": {
    "Request": {
      "Method": "PUT",
      "RequestUri": "https://management.azure.com/subscriptions/9e223dbe-3399-4e19-88eb-0975f02ac87f/resourceGroups/MySqlTest/providers/Microsoft.DBforMySQL/servers/mysql-test-100/virtualNetworkRules/mysqlvnet?api-version=2017-12-01",
      "Content": "{\n  \"properties\": {\n    \"virtualNetworkSubnetId\": \"/subscriptions/9e223dbe-3399-4e19-88eb-0975f02ac87f/resourceGroups/MySqlTest/providers/Microsoft.Network/virtualNetworks/MySqlVNet/subnets/MysqlSubnet1\"\n  }\n}",
      "Headers": {
        "x-ms-unique-id": [ "278" ],
        "x-ms-client-request-id": [ "138f611c-65b9-4e44-9ea4-dc354a0de1ba" ],
        "CommandName": [ "New-AzMySqlVirtualNetworkRule" ],
        "FullCommandName": [ "New-AzMySqlVirtualNetworkRule_CreateExpanded" ],
        "ParameterSetName": [ "__AllParameterSets" ],
        "User-Agent": [ "PSVersion/v6.2.3" ],
        "Authorization": [ "[Filtered]" ]
      },
      "ContentHeaders": {
        "Content-Type": [ "application/json" ],
        "Content-Length": [ "209" ]
      }
    },
    "Response": {
      "StatusCode": 202,
      "Headers": {
        "Cache-Control": [ "no-cache" ],
        "Pragma": [ "no-cache" ],
        "Location": [ "https://management.azure.com/subscriptions/9e223dbe-3399-4e19-88eb-0975f02ac87f/resourceGroups/MySqlTest/providers/Microsoft.DBforMySQL/locations/eastus/operationResults/663c5937-ae04-4b5d-82f8-d4e128c94242?api-version=2017-12-01" ],
        "Retry-After": [ "30" ],
        "Azure-AsyncOperation": [ "https://management.azure.com/subscriptions/9e223dbe-3399-4e19-88eb-0975f02ac87f/resourceGroups/MySqlTest/providers/Microsoft.DBforMySQL/locations/eastus/azureAsyncOperation/663c5937-ae04-4b5d-82f8-d4e128c94242?api-version=2017-12-01" ],
        "x-ms-request-id": [ "663c5937-ae04-4b5d-82f8-d4e128c94242" ],
        "Server": [ "Microsoft-HTTPAPI/2.0" ],
        "x-ms-ratelimit-remaining-subscription-writes": [ "1170" ],
        "x-ms-correlation-request-id": [ "e091a0b6-7ff7-445c-a066-fab232f77408" ],
        "x-ms-routing-request-id": [ "KOREASOUTH:20200408T115319Z:e091a0b6-7ff7-445c-a066-fab232f77408" ],
        "Strict-Transport-Security": [ "max-age=31536000; includeSubDomains" ],
        "X-Content-Type-Options": [ "nosniff" ],
        "Date": [ "Wed, 08 Apr 2020 11:53:18 GMT" ]
      },
      "ContentHeaders": {
        "Content-Length": [ "90" ],
        "Content-Type": [ "application/json; charset=utf-8" ],
        "Expires": [ "-1" ]
      },
      "Content": "{\"operation\":\"UpsertElasticServerVnetFirewallRule\",\"startTime\":\"2020-04-08T11:53:17.817Z\"}"
    }
  },
  "Update-AzMySqlVirtualNetworkRule+[NoContext]+UpdateExpanded+$GET+https://management.azure.com/subscriptions/9e223dbe-3399-4e19-88eb-0975f02ac87f/resourceGroups/MySqlTest/providers/Microsoft.DBforMySQL/locations/eastus/azureAsyncOperation/663c5937-ae04-4b5d-82f8-d4e128c94242?api-version=2017-12-01+2": {
    "Request": {
      "Method": "GET",
      "RequestUri": "https://management.azure.com/subscriptions/9e223dbe-3399-4e19-88eb-0975f02ac87f/resourceGroups/MySqlTest/providers/Microsoft.DBforMySQL/locations/eastus/azureAsyncOperation/663c5937-ae04-4b5d-82f8-d4e128c94242?api-version=2017-12-01",
      "Content": null,
      "Headers": {
        "x-ms-unique-id": [ "278", "279" ],
        "x-ms-client-request-id": [ "138f611c-65b9-4e44-9ea4-dc354a0de1ba", "138f611c-65b9-4e44-9ea4-dc354a0de1ba" ],
        "CommandName": [ "New-AzMySqlVirtualNetworkRule", "New-AzMySqlVirtualNetworkRule" ],
        "FullCommandName": [ "New-AzMySqlVirtualNetworkRule_CreateExpanded", "New-AzMySqlVirtualNetworkRule_CreateExpanded" ],
        "ParameterSetName": [ "__AllParameterSets", "__AllParameterSets" ],
        "User-Agent": [ "PSVersion/v6.2.3", "PSVersion/v6.2.3" ],
        "Authorization": [ "[Filtered]" ]
      },
      "ContentHeaders": {
      }
    },
    "Response": {
      "StatusCode": 200,
      "Headers": {
        "Cache-Control": [ "no-cache" ],
        "Pragma": [ "no-cache" ],
        "Retry-After": [ "30" ],
        "x-ms-request-id": [ "79aec1d5-8ba6-4d73-b542-2b3161010236" ],
        "Server": [ "Microsoft-HTTPAPI/2.0" ],
        "x-ms-ratelimit-remaining-subscription-reads": [ "11775" ],
        "x-ms-correlation-request-id": [ "9180f01b-cad1-42ac-b4e6-ab2e9dfa03ed" ],
        "x-ms-routing-request-id": [ "KOREASOUTH:20200408T115349Z:9180f01b-cad1-42ac-b4e6-ab2e9dfa03ed" ],
        "Strict-Transport-Security": [ "max-age=31536000; includeSubDomains" ],
        "X-Content-Type-Options": [ "nosniff" ],
        "Date": [ "Wed, 08 Apr 2020 11:53:49 GMT" ]
      },
      "ContentHeaders": {
        "Content-Length": [ "107" ],
        "Content-Type": [ "application/json; charset=utf-8" ],
        "Expires": [ "-1" ]
      },
      "Content": "{\"name\":\"663c5937-ae04-4b5d-82f8-d4e128c94242\",\"status\":\"Succeeded\",\"startTime\":\"2020-04-08T11:53:17.817Z\"}"
    }
  },
  "Update-AzMySqlVirtualNetworkRule+[NoContext]+UpdateExpanded+$GET+https://management.azure.com/subscriptions/9e223dbe-3399-4e19-88eb-0975f02ac87f/resourceGroups/MySqlTest/providers/Microsoft.DBforMySQL/servers/mysql-test-100/virtualNetworkRules/mysqlvnet?api-version=2017-12-01+3": {
    "Request": {
      "Method": "GET",
      "RequestUri": "https://management.azure.com/subscriptions/9e223dbe-3399-4e19-88eb-0975f02ac87f/resourceGroups/MySqlTest/providers/Microsoft.DBforMySQL/servers/mysql-test-100/virtualNetworkRules/mysqlvnet?api-version=2017-12-01",
      "Content": null,
      "Headers": {
        "x-ms-unique-id": [ "278", "279", "280" ],
        "x-ms-client-request-id": [ "138f611c-65b9-4e44-9ea4-dc354a0de1ba", "138f611c-65b9-4e44-9ea4-dc354a0de1ba", "138f611c-65b9-4e44-9ea4-dc354a0de1ba" ],
        "CommandName": [ "New-AzMySqlVirtualNetworkRule", "New-AzMySqlVirtualNetworkRule", "New-AzMySqlVirtualNetworkRule" ],
        "FullCommandName": [ "New-AzMySqlVirtualNetworkRule_CreateExpanded", "New-AzMySqlVirtualNetworkRule_CreateExpanded", "New-AzMySqlVirtualNetworkRule_CreateExpanded" ],
        "ParameterSetName": [ "__AllParameterSets", "__AllParameterSets", "__AllParameterSets" ],
        "User-Agent": [ "PSVersion/v6.2.3", "PSVersion/v6.2.3", "PSVersion/v6.2.3" ],
        "Authorization": [ "[Filtered]" ]
      },
      "ContentHeaders": {
      }
    },
    "Response": {
      "StatusCode": 200,
      "Headers": {
        "Cache-Control": [ "no-cache" ],
        "Pragma": [ "no-cache" ],
        "x-ms-request-id": [ "5d092505-7b0d-4591-8c6d-0fec829f9d6d" ],
        "Server": [ "Microsoft-HTTPAPI/2.0" ],
        "x-ms-ratelimit-remaining-subscription-reads": [ "11774" ],
        "x-ms-correlation-request-id": [ "3fdd1fc5-c9f2-411c-bbfe-dc4808c69bd0" ],
        "x-ms-routing-request-id": [ "KOREASOUTH:20200408T115349Z:3fdd1fc5-c9f2-411c-bbfe-dc4808c69bd0" ],
        "Strict-Transport-Security": [ "max-age=31536000; includeSubDomains" ],
        "X-Content-Type-Options": [ "nosniff" ],
        "Date": [ "Wed, 08 Apr 2020 11:53:49 GMT" ]
      },
      "ContentHeaders": {
        "Content-Length": [ "497" ],
        "Content-Type": [ "application/json; charset=utf-8" ],
        "Expires": [ "-1" ]
      },
      "Content": "{\"properties\":{\"virtualNetworkSubnetId\":\"/subscriptions/9e223dbe-3399-4e19-88eb-0975f02ac87f/resourceGroups/MySqlTest/providers/Microsoft.Network/virtualNetworks/MySqlVNet/subnets/MysqlSubnet1\",\"ignoreMissingVnetServiceEndpoint\":false,\"state\":\"Ready\"},\"id\":\"/subscriptions/9e223dbe-3399-4e19-88eb-0975f02ac87f/resourceGroups/MySqlTest/providers/Microsoft.DBforMySQL/servers/mysql-test-100/virtualNetworkRules/mysqlvnet\",\"name\":\"mysqlvnet\",\"type\":\"Microsoft.DBforMySQL/servers/virtualNetworkRules\"}"
    }
  },
  "Update-AzMySqlVirtualNetworkRule+[NoContext]+UpdateExpanded+$PUT+https://management.azure.com/subscriptions/9e223dbe-3399-4e19-88eb-0975f02ac87f/resourceGroups/MySqlTest/providers/Microsoft.DBforMySQL/servers/mysql-test-100/virtualNetworkRules/mysqlvnet?api-version=2017-12-01+4": {
    "Request": {
      "Method": "PUT",
      "RequestUri": "https://management.azure.com/subscriptions/9e223dbe-3399-4e19-88eb-0975f02ac87f/resourceGroups/MySqlTest/providers/Microsoft.DBforMySQL/servers/mysql-test-100/virtualNetworkRules/mysqlvnet?api-version=2017-12-01",
      "Content": "{\n  \"properties\": {\n    \"virtualNetworkSubnetId\": \"/subscriptions/9e223dbe-3399-4e19-88eb-0975f02ac87f/resourceGroups/MySqlTest/providers/Microsoft.Network/virtualNetworks/MySqlVNet/subnets/MysqlSubnet2\"\n  }\n}",
      "Headers": {
        "x-ms-unique-id": [ "281" ],
        "x-ms-client-request-id": [ "47767870-93c0-419a-8113-1afbbba43de6" ],
        "CommandName": [ "Update-AzMySqlVirtualNetworkRule" ],
        "FullCommandName": [ "Update-AzMySqlVirtualNetworkRule_UpdateExpanded" ],
        "ParameterSetName": [ "__AllParameterSets" ],
        "User-Agent": [ "PSVersion/v6.2.3" ],
        "Authorization": [ "[Filtered]" ]
      },
      "ContentHeaders": {
        "Content-Type": [ "application/json" ],
        "Content-Length": [ "209" ]
      }
    },
    "Response": {
      "StatusCode": 202,
      "Headers": {
        "Cache-Control": [ "no-cache" ],
        "Pragma": [ "no-cache" ],
        "Location": [ "https://management.azure.com/subscriptions/9e223dbe-3399-4e19-88eb-0975f02ac87f/resourceGroups/MySqlTest/providers/Microsoft.DBforMySQL/locations/eastus/operationResults/66aac467-7c85-4335-ace0-f71e1007c477?api-version=2017-12-01" ],
        "Retry-After": [ "30" ],
        "Azure-AsyncOperation": [ "https://management.azure.com/subscriptions/9e223dbe-3399-4e19-88eb-0975f02ac87f/resourceGroups/MySqlTest/providers/Microsoft.DBforMySQL/locations/eastus/azureAsyncOperation/66aac467-7c85-4335-ace0-f71e1007c477?api-version=2017-12-01" ],
        "x-ms-request-id": [ "66aac467-7c85-4335-ace0-f71e1007c477" ],
        "Server": [ "Microsoft-HTTPAPI/2.0" ],
        "x-ms-ratelimit-remaining-subscription-writes": [ "1169" ],
        "x-ms-correlation-request-id": [ "4123b34a-4476-4043-b7a9-27d739c5b398" ],
        "x-ms-routing-request-id": [ "KOREASOUTH:20200408T115351Z:4123b34a-4476-4043-b7a9-27d739c5b398" ],
        "Strict-Transport-Security": [ "max-age=31536000; includeSubDomains" ],
        "X-Content-Type-Options": [ "nosniff" ],
        "Date": [ "Wed, 08 Apr 2020 11:53:51 GMT" ]
      },
      "ContentHeaders": {
        "Content-Length": [ "90" ],
        "Content-Type": [ "application/json; charset=utf-8" ],
        "Expires": [ "-1" ]
      },
      "Content": "{\"operation\":\"UpsertElasticServerVnetFirewallRule\",\"startTime\":\"2020-04-08T11:53:50.473Z\"}"
    }
  },
  "Update-AzMySqlVirtualNetworkRule+[NoContext]+UpdateExpanded+$GET+https://management.azure.com/subscriptions/9e223dbe-3399-4e19-88eb-0975f02ac87f/resourceGroups/MySqlTest/providers/Microsoft.DBforMySQL/locations/eastus/azureAsyncOperation/66aac467-7c85-4335-ace0-f71e1007c477?api-version=2017-12-01+5": {
    "Request": {
      "Method": "GET",
      "RequestUri": "https://management.azure.com/subscriptions/9e223dbe-3399-4e19-88eb-0975f02ac87f/resourceGroups/MySqlTest/providers/Microsoft.DBforMySQL/locations/eastus/azureAsyncOperation/66aac467-7c85-4335-ace0-f71e1007c477?api-version=2017-12-01",
      "Content": null,
      "Headers": {
        "x-ms-unique-id": [ "281", "282" ],
        "x-ms-client-request-id": [ "47767870-93c0-419a-8113-1afbbba43de6", "47767870-93c0-419a-8113-1afbbba43de6" ],
        "CommandName": [ "Update-AzMySqlVirtualNetworkRule", "Update-AzMySqlVirtualNetworkRule" ],
        "FullCommandName": [ "Update-AzMySqlVirtualNetworkRule_UpdateExpanded", "Update-AzMySqlVirtualNetworkRule_UpdateExpanded" ],
        "ParameterSetName": [ "__AllParameterSets", "__AllParameterSets" ],
        "User-Agent": [ "PSVersion/v6.2.3", "PSVersion/v6.2.3" ],
        "Authorization": [ "[Filtered]" ]
      },
      "ContentHeaders": {
      }
    },
    "Response": {
      "StatusCode": 200,
      "Headers": {
        "Cache-Control": [ "no-cache" ],
        "Pragma": [ "no-cache" ],
        "Retry-After": [ "30" ],
        "x-ms-request-id": [ "fb263c88-93e1-450d-9264-4bcfd7b0f874" ],
        "x-ms-ratelimit-remaining-subscription-reads": [ "11773" ],
        "Server": [ "Microsoft-HTTPAPI/2.0" ],
        "x-ms-correlation-request-id": [ "3e25cd33-918b-459a-9f95-b55d9c5f8a8b" ],
        "x-ms-routing-request-id": [ "KOREASOUTH:20200408T115421Z:3e25cd33-918b-459a-9f95-b55d9c5f8a8b" ],
        "Strict-Transport-Security": [ "max-age=31536000; includeSubDomains" ],
        "X-Content-Type-Options": [ "nosniff" ],
        "Date": [ "Wed, 08 Apr 2020 11:54:21 GMT" ]
      },
      "ContentHeaders": {
        "Content-Length": [ "107" ],
        "Content-Type": [ "application/json; charset=utf-8" ],
        "Expires": [ "-1" ]
      },
      "Content": "{\"name\":\"66aac467-7c85-4335-ace0-f71e1007c477\",\"status\":\"Succeeded\",\"startTime\":\"2020-04-08T11:53:50.473Z\"}"
    }
  },
  "Update-AzMySqlVirtualNetworkRule+[NoContext]+UpdateExpanded+$GET+https://management.azure.com/subscriptions/9e223dbe-3399-4e19-88eb-0975f02ac87f/resourceGroups/MySqlTest/providers/Microsoft.DBforMySQL/servers/mysql-test-100/virtualNetworkRules/mysqlvnet?api-version=2017-12-01+6": {
    "Request": {
      "Method": "GET",
      "RequestUri": "https://management.azure.com/subscriptions/9e223dbe-3399-4e19-88eb-0975f02ac87f/resourceGroups/MySqlTest/providers/Microsoft.DBforMySQL/servers/mysql-test-100/virtualNetworkRules/mysqlvnet?api-version=2017-12-01",
      "Content": null,
      "Headers": {
        "x-ms-unique-id": [ "281", "282", "283" ],
        "x-ms-client-request-id": [ "47767870-93c0-419a-8113-1afbbba43de6", "47767870-93c0-419a-8113-1afbbba43de6", "47767870-93c0-419a-8113-1afbbba43de6" ],
        "CommandName": [ "Update-AzMySqlVirtualNetworkRule", "Update-AzMySqlVirtualNetworkRule", "Update-AzMySqlVirtualNetworkRule" ],
        "FullCommandName": [ "Update-AzMySqlVirtualNetworkRule_UpdateExpanded", "Update-AzMySqlVirtualNetworkRule_UpdateExpanded", "Update-AzMySqlVirtualNetworkRule_UpdateExpanded" ],
        "ParameterSetName": [ "__AllParameterSets", "__AllParameterSets", "__AllParameterSets" ],
        "User-Agent": [ "PSVersion/v6.2.3", "PSVersion/v6.2.3", "PSVersion/v6.2.3" ],
        "Authorization": [ "[Filtered]" ]
      },
      "ContentHeaders": {
      }
    },
    "Response": {
      "StatusCode": 200,
      "Headers": {
        "Cache-Control": [ "no-cache" ],
        "Pragma": [ "no-cache" ],
        "x-ms-request-id": [ "d065672e-25a1-4a3a-a95a-308cc2c75916" ],
        "Server": [ "Microsoft-HTTPAPI/2.0" ],
        "x-ms-ratelimit-remaining-subscription-reads": [ "11772" ],
        "x-ms-correlation-request-id": [ "73864673-1f71-486c-bb6a-bd23a03c1fd5" ],
        "x-ms-routing-request-id": [ "KOREASOUTH:20200408T115422Z:73864673-1f71-486c-bb6a-bd23a03c1fd5" ],
        "Strict-Transport-Security": [ "max-age=31536000; includeSubDomains" ],
        "X-Content-Type-Options": [ "nosniff" ],
        "Date": [ "Wed, 08 Apr 2020 11:54:22 GMT" ]
      },
      "ContentHeaders": {
        "Content-Length": [ "497" ],
        "Content-Type": [ "application/json; charset=utf-8" ],
        "Expires": [ "-1" ]
      },
      "Content": "{\"properties\":{\"virtualNetworkSubnetId\":\"/subscriptions/9e223dbe-3399-4e19-88eb-0975f02ac87f/resourceGroups/MySqlTest/providers/Microsoft.Network/virtualNetworks/MySqlVNet/subnets/MysqlSubnet2\",\"ignoreMissingVnetServiceEndpoint\":false,\"state\":\"Ready\"},\"id\":\"/subscriptions/9e223dbe-3399-4e19-88eb-0975f02ac87f/resourceGroups/MySqlTest/providers/Microsoft.DBforMySQL/servers/mysql-test-100/virtualNetworkRules/mysqlvnet\",\"name\":\"mysqlvnet\",\"type\":\"Microsoft.DBforMySQL/servers/virtualNetworkRules\"}"
    }
  },
  "Update-AzMySqlVirtualNetworkRule+[NoContext]+UpdateExpanded+$DELETE+https://management.azure.com/subscriptions/9e223dbe-3399-4e19-88eb-0975f02ac87f/resourceGroups/MySqlTest/providers/Microsoft.DBforMySQL/servers/mysql-test-100/virtualNetworkRules/mysqlvnet?api-version=2017-12-01+7": {
    "Request": {
      "Method": "DELETE",
      "RequestUri": "https://management.azure.com/subscriptions/9e223dbe-3399-4e19-88eb-0975f02ac87f/resourceGroups/MySqlTest/providers/Microsoft.DBforMySQL/servers/mysql-test-100/virtualNetworkRules/mysqlvnet?api-version=2017-12-01",
      "Content": null,
      "Headers": {
        "x-ms-unique-id": [ "284" ],
        "x-ms-client-request-id": [ "a470537f-3348-4d7c-a6fe-612ebc969e0f" ],
        "CommandName": [ "Remove-AzMySqlVirtualNetworkRule" ],
        "FullCommandName": [ "Remove-AzMySqlVirtualNetworkRule_Delete" ],
        "ParameterSetName": [ "__AllParameterSets" ],
        "User-Agent": [ "PSVersion/v6.2.3" ],
        "Authorization": [ "[Filtered]" ]
      },
      "ContentHeaders": {
      }
    },
    "Response": {
      "StatusCode": 202,
      "Headers": {
        "Cache-Control": [ "no-cache" ],
        "Pragma": [ "no-cache" ],
        "Location": [ "https://management.azure.com/subscriptions/9e223dbe-3399-4e19-88eb-0975f02ac87f/providers/Microsoft.DBforMySQL/locations/eastus/operationResults/b59771c0-7b7f-416a-b69b-3dd4944034cf?api-version=2017-12-01" ],
        "Retry-After": [ "15" ],
        "Azure-AsyncOperation": [ "https://management.azure.com/subscriptions/9e223dbe-3399-4e19-88eb-0975f02ac87f/providers/Microsoft.DBforMySQL/locations/eastus/azureAsyncOperation/b59771c0-7b7f-416a-b69b-3dd4944034cf?api-version=2017-12-01" ],
        "x-ms-request-id": [ "b59771c0-7b7f-416a-b69b-3dd4944034cf" ],
        "Server": [ "Microsoft-HTTPAPI/2.0" ],
        "x-ms-ratelimit-remaining-subscription-deletes": [ "14980" ],
        "x-ms-correlation-request-id": [ "d517af4f-70b7-4a3c-9bb9-fc938887eae1" ],
        "x-ms-routing-request-id": [ "KOREASOUTH:20200408T115424Z:d517af4f-70b7-4a3c-9bb9-fc938887eae1" ],
        "Strict-Transport-Security": [ "max-age=31536000; includeSubDomains" ],
        "X-Content-Type-Options": [ "nosniff" ],
        "Date": [ "Wed, 08 Apr 2020 11:54:23 GMT" ]
      },
      "ContentHeaders": {
        "Content-Length": [ "87" ],
        "Content-Type": [ "application/json; charset=utf-8" ],
        "Expires": [ "-1" ]
      },
      "Content": "{\"operation\":\"DropElasticServerVnetFirewallRule\",\"startTime\":\"2020-04-08T11:54:23.54Z\"}"
    }
  },
  "Update-AzMySqlVirtualNetworkRule+[NoContext]+UpdateExpanded+$GET+https://management.azure.com/subscriptions/9e223dbe-3399-4e19-88eb-0975f02ac87f/providers/Microsoft.DBforMySQL/locations/eastus/azureAsyncOperation/b59771c0-7b7f-416a-b69b-3dd4944034cf?api-version=2017-12-01+8": {
    "Request": {
      "Method": "GET",
      "RequestUri": "https://management.azure.com/subscriptions/9e223dbe-3399-4e19-88eb-0975f02ac87f/providers/Microsoft.DBforMySQL/locations/eastus/azureAsyncOperation/b59771c0-7b7f-416a-b69b-3dd4944034cf?api-version=2017-12-01",
      "Content": null,
      "Headers": {
        "x-ms-unique-id": [ "284", "285" ],
        "x-ms-client-request-id": [ "a470537f-3348-4d7c-a6fe-612ebc969e0f", "a470537f-3348-4d7c-a6fe-612ebc969e0f" ],
        "CommandName": [ "Remove-AzMySqlVirtualNetworkRule", "Remove-AzMySqlVirtualNetworkRule" ],
        "FullCommandName": [ "Remove-AzMySqlVirtualNetworkRule_Delete", "Remove-AzMySqlVirtualNetworkRule_Delete" ],
        "ParameterSetName": [ "__AllParameterSets", "__AllParameterSets" ],
        "User-Agent": [ "PSVersion/v6.2.3", "PSVersion/v6.2.3" ],
        "Authorization": [ "[Filtered]" ]
      },
      "ContentHeaders": {
      }
    },
    "Response": {
      "StatusCode": 200,
      "Headers": {
        "Cache-Control": [ "no-cache" ],
        "Pragma": [ "no-cache" ],
        "Retry-After": [ "15" ],
        "x-ms-request-id": [ "ad5d5b1e-d63f-44fa-bf5f-1d25c0a708c8" ],
        "Server": [ "Microsoft-HTTPAPI/2.0" ],
        "x-ms-ratelimit-remaining-subscription-reads": [ "11771" ],
        "x-ms-correlation-request-id": [ "ccf03afb-1224-472d-86cd-7b6b5c8964e9" ],
        "x-ms-routing-request-id": [ "KOREASOUTH:20200408T115439Z:ccf03afb-1224-472d-86cd-7b6b5c8964e9" ],
        "Strict-Transport-Security": [ "max-age=31536000; includeSubDomains" ],
        "X-Content-Type-Options": [ "nosniff" ],
        "Date": [ "Wed, 08 Apr 2020 11:54:39 GMT" ]
      },
      "ContentHeaders": {
        "Content-Length": [ "106" ],
        "Content-Type": [ "application/json; charset=utf-8" ],
        "Expires": [ "-1" ]
      },
      "Content": "{\"name\":\"b59771c0-7b7f-416a-b69b-3dd4944034cf\",\"status\":\"Succeeded\",\"startTime\":\"2020-04-08T11:54:23.54Z\"}"
    }
  },
  "Update-AzMySqlVirtualNetworkRule+[NoContext]+UpdateExpanded+$GET+https://management.azure.com/subscriptions/9e223dbe-3399-4e19-88eb-0975f02ac87f/providers/Microsoft.DBforMySQL/locations/eastus/operationResults/b59771c0-7b7f-416a-b69b-3dd4944034cf?api-version=2017-12-01+9": {
    "Request": {
      "Method": "GET",
      "RequestUri": "https://management.azure.com/subscriptions/9e223dbe-3399-4e19-88eb-0975f02ac87f/providers/Microsoft.DBforMySQL/locations/eastus/operationResults/b59771c0-7b7f-416a-b69b-3dd4944034cf?api-version=2017-12-01",
      "Content": null,
      "Headers": {
        "x-ms-unique-id": [ "284", "285", "286" ],
        "x-ms-client-request-id": [ "a470537f-3348-4d7c-a6fe-612ebc969e0f", "a470537f-3348-4d7c-a6fe-612ebc969e0f", "a470537f-3348-4d7c-a6fe-612ebc969e0f" ],
        "CommandName": [ "Remove-AzMySqlVirtualNetworkRule", "Remove-AzMySqlVirtualNetworkRule", "Remove-AzMySqlVirtualNetworkRule" ],
        "FullCommandName": [ "Remove-AzMySqlVirtualNetworkRule_Delete", "Remove-AzMySqlVirtualNetworkRule_Delete", "Remove-AzMySqlVirtualNetworkRule_Delete" ],
        "ParameterSetName": [ "__AllParameterSets", "__AllParameterSets", "__AllParameterSets" ],
        "User-Agent": [ "PSVersion/v6.2.3", "PSVersion/v6.2.3", "PSVersion/v6.2.3" ],
        "Authorization": [ "[Filtered]" ]
      },
      "ContentHeaders": {
      }
    },
    "Response": {
      "StatusCode": 200,
      "Headers": {
        "Cache-Control": [ "no-cache" ],
        "Pragma": [ "no-cache" ],
        "x-ms-request-id": [ "e2610970-1104-4c4c-9993-3222c680ee39" ],
        "Server": [ "Microsoft-HTTPAPI/2.0" ],
        "x-ms-ratelimit-remaining-subscription-reads": [ "11770" ],
        "x-ms-correlation-request-id": [ "c15a5898-eec7-4815-bbea-d76e622b763f" ],
        "x-ms-routing-request-id": [ "KOREASOUTH:20200408T115440Z:c15a5898-eec7-4815-bbea-d76e622b763f" ],
        "Strict-Transport-Security": [ "max-age=31536000; includeSubDomains" ],
        "X-Content-Type-Options": [ "nosniff" ],
        "Date": [ "Wed, 08 Apr 2020 11:54:40 GMT" ]
      },
      "ContentHeaders": {
        "Expires": [ "-1" ],
        "Content-Length": [ "0" ]
      },
      "Content": null
    }
  },
  "Update-AzMySqlVirtualNetworkRule+[NoContext]+UpdateViaIdentityExpanded+$PUT+https://management.azure.com/subscriptions/9e223dbe-3399-4e19-88eb-0975f02ac87f/resourceGroups/MySqlTest/providers/Microsoft.DBforMySQL/servers/mysql-test-100/virtualNetworkRules/mysqlvnet?api-version=2017-12-01+1": {
    "Request": {
      "Method": "PUT",
      "RequestUri": "https://management.azure.com/subscriptions/9e223dbe-3399-4e19-88eb-0975f02ac87f/resourceGroups/MySqlTest/providers/Microsoft.DBforMySQL/servers/mysql-test-100/virtualNetworkRules/mysqlvnet?api-version=2017-12-01",
      "Content": "{\n  \"properties\": {\n    \"virtualNetworkSubnetId\": \"/subscriptions/9e223dbe-3399-4e19-88eb-0975f02ac87f/resourceGroups/MySqlTest/providers/Microsoft.Network/virtualNetworks/MySqlVNet/subnets/MysqlSubnet1\"\n  }\n}",
      "Headers": {
        "x-ms-unique-id": [ "287" ],
        "x-ms-client-request-id": [ "3713a3e6-b195-4dc7-bc14-6b8462a800ce" ],
        "CommandName": [ "New-AzMySqlVirtualNetworkRule" ],
        "FullCommandName": [ "New-AzMySqlVirtualNetworkRule_CreateExpanded" ],
        "ParameterSetName": [ "__AllParameterSets" ],
        "User-Agent": [ "PSVersion/v6.2.3" ],
        "Authorization": [ "[Filtered]" ]
      },
      "ContentHeaders": {
        "Content-Type": [ "application/json" ],
        "Content-Length": [ "209" ]
      }
    },
    "Response": {
      "StatusCode": 202,
      "Headers": {
        "Cache-Control": [ "no-cache" ],
        "Pragma": [ "no-cache" ],
        "Location": [ "https://management.azure.com/subscriptions/9e223dbe-3399-4e19-88eb-0975f02ac87f/resourceGroups/MySqlTest/providers/Microsoft.DBforMySQL/locations/eastus/operationResults/d0fbefaa-b633-4bc6-82db-b0f7b2393683?api-version=2017-12-01" ],
        "Retry-After": [ "30" ],
        "Azure-AsyncOperation": [ "https://management.azure.com/subscriptions/9e223dbe-3399-4e19-88eb-0975f02ac87f/resourceGroups/MySqlTest/providers/Microsoft.DBforMySQL/locations/eastus/azureAsyncOperation/d0fbefaa-b633-4bc6-82db-b0f7b2393683?api-version=2017-12-01" ],
        "x-ms-request-id": [ "d0fbefaa-b633-4bc6-82db-b0f7b2393683" ],
        "Server": [ "Microsoft-HTTPAPI/2.0" ],
        "x-ms-ratelimit-remaining-subscription-writes": [ "1168" ],
        "x-ms-correlation-request-id": [ "8eaf0402-ae9a-4be4-a5d8-8b87df1a6d29" ],
        "x-ms-routing-request-id": [ "KOREASOUTH:20200408T115442Z:8eaf0402-ae9a-4be4-a5d8-8b87df1a6d29" ],
        "Strict-Transport-Security": [ "max-age=31536000; includeSubDomains" ],
        "X-Content-Type-Options": [ "nosniff" ],
        "Date": [ "Wed, 08 Apr 2020 11:54:41 GMT" ]
      },
      "ContentHeaders": {
        "Content-Length": [ "90" ],
        "Content-Type": [ "application/json; charset=utf-8" ],
        "Expires": [ "-1" ]
      },
      "Content": "{\"operation\":\"UpsertElasticServerVnetFirewallRule\",\"startTime\":\"2020-04-08T11:54:40.897Z\"}"
    }
  },
  "Update-AzMySqlVirtualNetworkRule+[NoContext]+UpdateViaIdentityExpanded+$GET+https://management.azure.com/subscriptions/9e223dbe-3399-4e19-88eb-0975f02ac87f/resourceGroups/MySqlTest/providers/Microsoft.DBforMySQL/locations/eastus/azureAsyncOperation/d0fbefaa-b633-4bc6-82db-b0f7b2393683?api-version=2017-12-01+2": {
    "Request": {
      "Method": "GET",
      "RequestUri": "https://management.azure.com/subscriptions/9e223dbe-3399-4e19-88eb-0975f02ac87f/resourceGroups/MySqlTest/providers/Microsoft.DBforMySQL/locations/eastus/azureAsyncOperation/d0fbefaa-b633-4bc6-82db-b0f7b2393683?api-version=2017-12-01",
      "Content": null,
      "Headers": {
        "x-ms-unique-id": [ "287", "288" ],
        "x-ms-client-request-id": [ "3713a3e6-b195-4dc7-bc14-6b8462a800ce", "3713a3e6-b195-4dc7-bc14-6b8462a800ce" ],
        "CommandName": [ "New-AzMySqlVirtualNetworkRule", "New-AzMySqlVirtualNetworkRule" ],
        "FullCommandName": [ "New-AzMySqlVirtualNetworkRule_CreateExpanded", "New-AzMySqlVirtualNetworkRule_CreateExpanded" ],
        "ParameterSetName": [ "__AllParameterSets", "__AllParameterSets" ],
        "User-Agent": [ "PSVersion/v6.2.3", "PSVersion/v6.2.3" ],
        "Authorization": [ "[Filtered]" ]
      },
      "ContentHeaders": {
      }
    },
    "Response": {
      "StatusCode": 200,
      "Headers": {
        "Cache-Control": [ "no-cache" ],
        "Pragma": [ "no-cache" ],
        "Retry-After": [ "30" ],
        "x-ms-request-id": [ "381e8e90-5f32-42d0-861d-8855e0f47fb6" ],
        "Server": [ "Microsoft-HTTPAPI/2.0" ],
        "x-ms-ratelimit-remaining-subscription-reads": [ "11770" ],
        "x-ms-correlation-request-id": [ "baf3c36c-4b04-472b-81ad-857f66e4a3b9" ],
        "x-ms-routing-request-id": [ "KOREASOUTH:20200408T115512Z:baf3c36c-4b04-472b-81ad-857f66e4a3b9" ],
        "Strict-Transport-Security": [ "max-age=31536000; includeSubDomains" ],
        "X-Content-Type-Options": [ "nosniff" ],
        "Date": [ "Wed, 08 Apr 2020 11:55:12 GMT" ]
      },
      "ContentHeaders": {
        "Content-Length": [ "107" ],
        "Content-Type": [ "application/json; charset=utf-8" ],
        "Expires": [ "-1" ]
      },
      "Content": "{\"name\":\"d0fbefaa-b633-4bc6-82db-b0f7b2393683\",\"status\":\"Succeeded\",\"startTime\":\"2020-04-08T11:54:40.897Z\"}"
    }
  },
  "Update-AzMySqlVirtualNetworkRule+[NoContext]+UpdateViaIdentityExpanded+$GET+https://management.azure.com/subscriptions/9e223dbe-3399-4e19-88eb-0975f02ac87f/resourceGroups/MySqlTest/providers/Microsoft.DBforMySQL/servers/mysql-test-100/virtualNetworkRules/mysqlvnet?api-version=2017-12-01+3": {
    "Request": {
      "Method": "GET",
      "RequestUri": "https://management.azure.com/subscriptions/9e223dbe-3399-4e19-88eb-0975f02ac87f/resourceGroups/MySqlTest/providers/Microsoft.DBforMySQL/servers/mysql-test-100/virtualNetworkRules/mysqlvnet?api-version=2017-12-01",
      "Content": null,
      "Headers": {
        "x-ms-unique-id": [ "287", "288", "289" ],
        "x-ms-client-request-id": [ "3713a3e6-b195-4dc7-bc14-6b8462a800ce", "3713a3e6-b195-4dc7-bc14-6b8462a800ce", "3713a3e6-b195-4dc7-bc14-6b8462a800ce" ],
        "CommandName": [ "New-AzMySqlVirtualNetworkRule", "New-AzMySqlVirtualNetworkRule", "New-AzMySqlVirtualNetworkRule" ],
        "FullCommandName": [ "New-AzMySqlVirtualNetworkRule_CreateExpanded", "New-AzMySqlVirtualNetworkRule_CreateExpanded", "New-AzMySqlVirtualNetworkRule_CreateExpanded" ],
        "ParameterSetName": [ "__AllParameterSets", "__AllParameterSets", "__AllParameterSets" ],
        "User-Agent": [ "PSVersion/v6.2.3", "PSVersion/v6.2.3", "PSVersion/v6.2.3" ],
        "Authorization": [ "[Filtered]" ]
      },
      "ContentHeaders": {
      }
    },
    "Response": {
      "StatusCode": 200,
      "Headers": {
        "Cache-Control": [ "no-cache" ],
        "Pragma": [ "no-cache" ],
        "x-ms-request-id": [ "9cde7b5d-2068-4196-aec6-c2a65e95ed54" ],
        "Server": [ "Microsoft-HTTPAPI/2.0" ],
        "x-ms-ratelimit-remaining-subscription-reads": [ "11769" ],
        "x-ms-correlation-request-id": [ "f63ea64c-ade1-421f-a4af-ae11a2857acc" ],
        "x-ms-routing-request-id": [ "KOREASOUTH:20200408T115512Z:f63ea64c-ade1-421f-a4af-ae11a2857acc" ],
        "Strict-Transport-Security": [ "max-age=31536000; includeSubDomains" ],
        "X-Content-Type-Options": [ "nosniff" ],
        "Date": [ "Wed, 08 Apr 2020 11:55:12 GMT" ]
      },
      "ContentHeaders": {
        "Content-Length": [ "497" ],
        "Content-Type": [ "application/json; charset=utf-8" ],
        "Expires": [ "-1" ]
      },
      "Content": "{\"properties\":{\"virtualNetworkSubnetId\":\"/subscriptions/9e223dbe-3399-4e19-88eb-0975f02ac87f/resourceGroups/MySqlTest/providers/Microsoft.Network/virtualNetworks/MySqlVNet/subnets/MysqlSubnet1\",\"ignoreMissingVnetServiceEndpoint\":false,\"state\":\"Ready\"},\"id\":\"/subscriptions/9e223dbe-3399-4e19-88eb-0975f02ac87f/resourceGroups/MySqlTest/providers/Microsoft.DBforMySQL/servers/mysql-test-100/virtualNetworkRules/mysqlvnet\",\"name\":\"mysqlvnet\",\"type\":\"Microsoft.DBforMySQL/servers/virtualNetworkRules\"}"
    }
  },
  "Update-AzMySqlVirtualNetworkRule+[NoContext]+UpdateViaIdentityExpanded+$PUT+https://management.azure.com/subscriptions/9e223dbe-3399-4e19-88eb-0975f02ac87f/resourceGroups/MySqlTest/providers/Microsoft.DBforMySQL/servers/mysql-test-100/virtualNetworkRules/mysqlvnet?api-version=2017-12-01+4": {
    "Request": {
      "Method": "PUT",
      "RequestUri": "https://management.azure.com/subscriptions/9e223dbe-3399-4e19-88eb-0975f02ac87f/resourceGroups/MySqlTest/providers/Microsoft.DBforMySQL/servers/mysql-test-100/virtualNetworkRules/mysqlvnet?api-version=2017-12-01",
      "Content": "{\n  \"properties\": {\n    \"virtualNetworkSubnetId\": \"/subscriptions/9e223dbe-3399-4e19-88eb-0975f02ac87f/resourceGroups/MySqlTest/providers/Microsoft.Network/virtualNetworks/MySqlVNet/subnets/MysqlSubnet2\"\n  }\n}",
      "Headers": {
        "x-ms-unique-id": [ "290" ],
        "x-ms-client-request-id": [ "a60f6452-f700-4785-bfaf-58abf23bc208" ],
        "CommandName": [ "Update-AzMySqlVirtualNetworkRule" ],
        "FullCommandName": [ "Update-AzMySqlVirtualNetworkRule_UpdateViaIdentityExpanded" ],
        "ParameterSetName": [ "__AllParameterSets" ],
        "User-Agent": [ "PSVersion/v6.2.3" ],
        "Authorization": [ "[Filtered]" ]
      },
      "ContentHeaders": {
        "Content-Type": [ "application/json" ],
        "Content-Length": [ "209" ]
      }
    },
    "Response": {
      "StatusCode": 202,
      "Headers": {
        "Cache-Control": [ "no-cache" ],
        "Pragma": [ "no-cache" ],
        "Location": [ "https://management.azure.com/subscriptions/9e223dbe-3399-4e19-88eb-0975f02ac87f/resourceGroups/MySqlTest/providers/Microsoft.DBforMySQL/locations/eastus/operationResults/67fb0e5a-8466-43e0-bed0-539bb88b6f18?api-version=2017-12-01" ],
        "Retry-After": [ "30" ],
        "Azure-AsyncOperation": [ "https://management.azure.com/subscriptions/9e223dbe-3399-4e19-88eb-0975f02ac87f/resourceGroups/MySqlTest/providers/Microsoft.DBforMySQL/locations/eastus/azureAsyncOperation/67fb0e5a-8466-43e0-bed0-539bb88b6f18?api-version=2017-12-01" ],
        "x-ms-request-id": [ "67fb0e5a-8466-43e0-bed0-539bb88b6f18" ],
        "Server": [ "Microsoft-HTTPAPI/2.0" ],
        "x-ms-ratelimit-remaining-subscription-writes": [ "1168" ],
        "x-ms-correlation-request-id": [ "d4385700-9b2b-4d0e-8854-62eea769eee8" ],
        "x-ms-routing-request-id": [ "KOREASOUTH:20200408T115514Z:d4385700-9b2b-4d0e-8854-62eea769eee8" ],
        "Strict-Transport-Security": [ "max-age=31536000; includeSubDomains" ],
        "X-Content-Type-Options": [ "nosniff" ],
        "Date": [ "Wed, 08 Apr 2020 11:55:13 GMT" ]
      },
      "ContentHeaders": {
        "Content-Length": [ "90" ],
        "Content-Type": [ "application/json; charset=utf-8" ],
        "Expires": [ "-1" ]
      },
      "Content": "{\"operation\":\"UpsertElasticServerVnetFirewallRule\",\"startTime\":\"2020-04-08T11:55:13.023Z\"}"
    }
  },
  "Update-AzMySqlVirtualNetworkRule+[NoContext]+UpdateViaIdentityExpanded+$GET+https://management.azure.com/subscriptions/9e223dbe-3399-4e19-88eb-0975f02ac87f/resourceGroups/MySqlTest/providers/Microsoft.DBforMySQL/locations/eastus/azureAsyncOperation/67fb0e5a-8466-43e0-bed0-539bb88b6f18?api-version=2017-12-01+5": {
    "Request": {
      "Method": "GET",
      "RequestUri": "https://management.azure.com/subscriptions/9e223dbe-3399-4e19-88eb-0975f02ac87f/resourceGroups/MySqlTest/providers/Microsoft.DBforMySQL/locations/eastus/azureAsyncOperation/67fb0e5a-8466-43e0-bed0-539bb88b6f18?api-version=2017-12-01",
      "Content": null,
      "Headers": {
        "x-ms-unique-id": [ "290", "291" ],
        "x-ms-client-request-id": [ "a60f6452-f700-4785-bfaf-58abf23bc208", "a60f6452-f700-4785-bfaf-58abf23bc208" ],
        "CommandName": [ "Update-AzMySqlVirtualNetworkRule", "Update-AzMySqlVirtualNetworkRule" ],
        "FullCommandName": [ "Update-AzMySqlVirtualNetworkRule_UpdateViaIdentityExpanded", "Update-AzMySqlVirtualNetworkRule_UpdateViaIdentityExpanded" ],
        "ParameterSetName": [ "__AllParameterSets", "__AllParameterSets" ],
        "User-Agent": [ "PSVersion/v6.2.3", "PSVersion/v6.2.3" ],
        "Authorization": [ "[Filtered]" ]
      },
      "ContentHeaders": {
      }
    },
    "Response": {
      "StatusCode": 200,
      "Headers": {
        "Cache-Control": [ "no-cache" ],
        "Pragma": [ "no-cache" ],
        "Retry-After": [ "30" ],
        "x-ms-request-id": [ "5f7e0680-294a-445d-8e9d-b5d9373b8258" ],
        "x-ms-ratelimit-remaining-subscription-reads": [ "11768" ],
        "Server": [ "Microsoft-HTTPAPI/2.0" ],
        "x-ms-correlation-request-id": [ "82c6e2d3-1731-47dd-9114-6d202ec27e99" ],
        "x-ms-routing-request-id": [ "KOREASOUTH:20200408T115545Z:82c6e2d3-1731-47dd-9114-6d202ec27e99" ],
        "Strict-Transport-Security": [ "max-age=31536000; includeSubDomains" ],
        "X-Content-Type-Options": [ "nosniff" ],
        "Date": [ "Wed, 08 Apr 2020 11:55:45 GMT" ]
      },
      "ContentHeaders": {
        "Content-Length": [ "107" ],
        "Content-Type": [ "application/json; charset=utf-8" ],
        "Expires": [ "-1" ]
      },
      "Content": "{\"name\":\"67fb0e5a-8466-43e0-bed0-539bb88b6f18\",\"status\":\"Succeeded\",\"startTime\":\"2020-04-08T11:55:13.023Z\"}"
    }
  },
  "Update-AzMySqlVirtualNetworkRule+[NoContext]+UpdateViaIdentityExpanded+$GET+https://management.azure.com/subscriptions/9e223dbe-3399-4e19-88eb-0975f02ac87f/resourceGroups/MySqlTest/providers/Microsoft.DBforMySQL/servers/mysql-test-100/virtualNetworkRules/mysqlvnet?api-version=2017-12-01+6": {
    "Request": {
      "Method": "GET",
      "RequestUri": "https://management.azure.com/subscriptions/9e223dbe-3399-4e19-88eb-0975f02ac87f/resourceGroups/MySqlTest/providers/Microsoft.DBforMySQL/servers/mysql-test-100/virtualNetworkRules/mysqlvnet?api-version=2017-12-01",
      "Content": null,
      "Headers": {
        "x-ms-unique-id": [ "290", "291", "292" ],
        "x-ms-client-request-id": [ "a60f6452-f700-4785-bfaf-58abf23bc208", "a60f6452-f700-4785-bfaf-58abf23bc208", "a60f6452-f700-4785-bfaf-58abf23bc208" ],
        "CommandName": [ "Update-AzMySqlVirtualNetworkRule", "Update-AzMySqlVirtualNetworkRule", "Update-AzMySqlVirtualNetworkRule" ],
        "FullCommandName": [ "Update-AzMySqlVirtualNetworkRule_UpdateViaIdentityExpanded", "Update-AzMySqlVirtualNetworkRule_UpdateViaIdentityExpanded", "Update-AzMySqlVirtualNetworkRule_UpdateViaIdentityExpanded" ],
        "ParameterSetName": [ "__AllParameterSets", "__AllParameterSets", "__AllParameterSets" ],
        "User-Agent": [ "PSVersion/v6.2.3", "PSVersion/v6.2.3", "PSVersion/v6.2.3" ],
        "Authorization": [ "[Filtered]" ]
      },
      "ContentHeaders": {
      }
    },
    "Response": {
      "StatusCode": 200,
      "Headers": {
        "Cache-Control": [ "no-cache" ],
        "Pragma": [ "no-cache" ],
        "x-ms-request-id": [ "8e121010-555a-47e2-904a-b6088ef9280b" ],
        "Server": [ "Microsoft-HTTPAPI/2.0" ],
        "x-ms-ratelimit-remaining-subscription-reads": [ "11767" ],
        "x-ms-correlation-request-id": [ "4cde86b9-1f60-4764-bc1c-05ad9d256376" ],
        "x-ms-routing-request-id": [ "KOREASOUTH:20200408T115546Z:4cde86b9-1f60-4764-bc1c-05ad9d256376" ],
        "Strict-Transport-Security": [ "max-age=31536000; includeSubDomains" ],
        "X-Content-Type-Options": [ "nosniff" ],
        "Date": [ "Wed, 08 Apr 2020 11:55:46 GMT" ]
      },
      "ContentHeaders": {
        "Content-Length": [ "497" ],
        "Content-Type": [ "application/json; charset=utf-8" ],
        "Expires": [ "-1" ]
      },
      "Content": "{\"properties\":{\"virtualNetworkSubnetId\":\"/subscriptions/9e223dbe-3399-4e19-88eb-0975f02ac87f/resourceGroups/MySqlTest/providers/Microsoft.Network/virtualNetworks/MySqlVNet/subnets/MysqlSubnet2\",\"ignoreMissingVnetServiceEndpoint\":false,\"state\":\"Ready\"},\"id\":\"/subscriptions/9e223dbe-3399-4e19-88eb-0975f02ac87f/resourceGroups/MySqlTest/providers/Microsoft.DBforMySQL/servers/mysql-test-100/virtualNetworkRules/mysqlvnet\",\"name\":\"mysqlvnet\",\"type\":\"Microsoft.DBforMySQL/servers/virtualNetworkRules\"}"
    }
  },
  "Update-AzMySqlVirtualNetworkRule+[NoContext]+UpdateViaIdentityExpanded+$DELETE+https://management.azure.com/subscriptions/9e223dbe-3399-4e19-88eb-0975f02ac87f/resourceGroups/MySqlTest/providers/Microsoft.DBforMySQL/servers/mysql-test-100/virtualNetworkRules/mysqlvnet?api-version=2017-12-01+7": {
    "Request": {
      "Method": "DELETE",
      "RequestUri": "https://management.azure.com/subscriptions/9e223dbe-3399-4e19-88eb-0975f02ac87f/resourceGroups/MySqlTest/providers/Microsoft.DBforMySQL/servers/mysql-test-100/virtualNetworkRules/mysqlvnet?api-version=2017-12-01",
      "Content": null,
      "Headers": {
        "x-ms-unique-id": [ "293" ],
        "x-ms-client-request-id": [ "34b2e34e-e70a-475a-a3da-544f430f8ae5" ],
        "CommandName": [ "Remove-AzMySqlVirtualNetworkRule" ],
        "FullCommandName": [ "Remove-AzMySqlVirtualNetworkRule_Delete" ],
        "ParameterSetName": [ "__AllParameterSets" ],
        "User-Agent": [ "PSVersion/v6.2.3" ],
        "Authorization": [ "[Filtered]" ]
      },
      "ContentHeaders": {
      }
    },
    "Response": {
      "StatusCode": 202,
      "Headers": {
        "Cache-Control": [ "no-cache" ],
        "Pragma": [ "no-cache" ],
        "Location": [ "https://management.azure.com/subscriptions/9e223dbe-3399-4e19-88eb-0975f02ac87f/providers/Microsoft.DBforMySQL/locations/eastus/operationResults/70d93dba-1048-4bbb-bd42-65ebfe2d4b18?api-version=2017-12-01" ],
        "Retry-After": [ "15" ],
        "Azure-AsyncOperation": [ "https://management.azure.com/subscriptions/9e223dbe-3399-4e19-88eb-0975f02ac87f/providers/Microsoft.DBforMySQL/locations/eastus/azureAsyncOperation/70d93dba-1048-4bbb-bd42-65ebfe2d4b18?api-version=2017-12-01" ],
        "x-ms-request-id": [ "70d93dba-1048-4bbb-bd42-65ebfe2d4b18" ],
        "Server": [ "Microsoft-HTTPAPI/2.0" ],
        "x-ms-ratelimit-remaining-subscription-deletes": [ "14979" ],
        "x-ms-correlation-request-id": [ "2e3e6b35-410c-4730-a662-c784626dd3d7" ],
        "x-ms-routing-request-id": [ "KOREASOUTH:20200408T115548Z:2e3e6b35-410c-4730-a662-c784626dd3d7" ],
        "Strict-Transport-Security": [ "max-age=31536000; includeSubDomains" ],
        "X-Content-Type-Options": [ "nosniff" ],
        "Date": [ "Wed, 08 Apr 2020 11:55:48 GMT" ]
      },
      "ContentHeaders": {
        "Content-Length": [ "87" ],
        "Content-Type": [ "application/json; charset=utf-8" ],
        "Expires": [ "-1" ]
      },
      "Content": "{\"operation\":\"DropElasticServerVnetFirewallRule\",\"startTime\":\"2020-04-08T11:55:47.32Z\"}"
    }
  },
  "Update-AzMySqlVirtualNetworkRule+[NoContext]+UpdateViaIdentityExpanded+$GET+https://management.azure.com/subscriptions/9e223dbe-3399-4e19-88eb-0975f02ac87f/providers/Microsoft.DBforMySQL/locations/eastus/azureAsyncOperation/70d93dba-1048-4bbb-bd42-65ebfe2d4b18?api-version=2017-12-01+8": {
    "Request": {
      "Method": "GET",
      "RequestUri": "https://management.azure.com/subscriptions/9e223dbe-3399-4e19-88eb-0975f02ac87f/providers/Microsoft.DBforMySQL/locations/eastus/azureAsyncOperation/70d93dba-1048-4bbb-bd42-65ebfe2d4b18?api-version=2017-12-01",
      "Content": null,
      "Headers": {
        "x-ms-unique-id": [ "293", "294" ],
        "x-ms-client-request-id": [ "34b2e34e-e70a-475a-a3da-544f430f8ae5", "34b2e34e-e70a-475a-a3da-544f430f8ae5" ],
        "CommandName": [ "Remove-AzMySqlVirtualNetworkRule", "Remove-AzMySqlVirtualNetworkRule" ],
        "FullCommandName": [ "Remove-AzMySqlVirtualNetworkRule_Delete", "Remove-AzMySqlVirtualNetworkRule_Delete" ],
        "ParameterSetName": [ "__AllParameterSets", "__AllParameterSets" ],
        "User-Agent": [ "PSVersion/v6.2.3", "PSVersion/v6.2.3" ],
        "Authorization": [ "[Filtered]" ]
      },
      "ContentHeaders": {
      }
    },
    "Response": {
      "StatusCode": 200,
      "Headers": {
        "Cache-Control": [ "no-cache" ],
        "Pragma": [ "no-cache" ],
        "Retry-After": [ "15" ],
        "x-ms-request-id": [ "a1a64d5c-6bf3-49cd-be73-a105825e8f4d" ],
        "Server": [ "Microsoft-HTTPAPI/2.0" ],
        "x-ms-ratelimit-remaining-subscription-reads": [ "11766" ],
        "x-ms-correlation-request-id": [ "a3da57e4-0dc1-4dd4-bf8c-e47b151f44d5" ],
        "x-ms-routing-request-id": [ "KOREASOUTH:20200408T115604Z:a3da57e4-0dc1-4dd4-bf8c-e47b151f44d5" ],
        "Strict-Transport-Security": [ "max-age=31536000; includeSubDomains" ],
        "X-Content-Type-Options": [ "nosniff" ],
        "Date": [ "Wed, 08 Apr 2020 11:56:03 GMT" ]
      },
      "ContentHeaders": {
        "Content-Length": [ "106" ],
        "Content-Type": [ "application/json; charset=utf-8" ],
        "Expires": [ "-1" ]
      },
      "Content": "{\"name\":\"70d93dba-1048-4bbb-bd42-65ebfe2d4b18\",\"status\":\"Succeeded\",\"startTime\":\"2020-04-08T11:55:47.32Z\"}"
    }
  },
  "Update-AzMySqlVirtualNetworkRule+[NoContext]+UpdateViaIdentityExpanded+$GET+https://management.azure.com/subscriptions/9e223dbe-3399-4e19-88eb-0975f02ac87f/providers/Microsoft.DBforMySQL/locations/eastus/operationResults/70d93dba-1048-4bbb-bd42-65ebfe2d4b18?api-version=2017-12-01+9": {
    "Request": {
      "Method": "GET",
      "RequestUri": "https://management.azure.com/subscriptions/9e223dbe-3399-4e19-88eb-0975f02ac87f/providers/Microsoft.DBforMySQL/locations/eastus/operationResults/70d93dba-1048-4bbb-bd42-65ebfe2d4b18?api-version=2017-12-01",
      "Content": null,
      "Headers": {
        "x-ms-unique-id": [ "293", "294", "295" ],
        "x-ms-client-request-id": [ "34b2e34e-e70a-475a-a3da-544f430f8ae5", "34b2e34e-e70a-475a-a3da-544f430f8ae5", "34b2e34e-e70a-475a-a3da-544f430f8ae5" ],
        "CommandName": [ "Remove-AzMySqlVirtualNetworkRule", "Remove-AzMySqlVirtualNetworkRule", "Remove-AzMySqlVirtualNetworkRule" ],
        "FullCommandName": [ "Remove-AzMySqlVirtualNetworkRule_Delete", "Remove-AzMySqlVirtualNetworkRule_Delete", "Remove-AzMySqlVirtualNetworkRule_Delete" ],
        "ParameterSetName": [ "__AllParameterSets", "__AllParameterSets", "__AllParameterSets" ],
        "User-Agent": [ "PSVersion/v6.2.3", "PSVersion/v6.2.3", "PSVersion/v6.2.3" ],
        "Authorization": [ "[Filtered]" ]
      },
      "ContentHeaders": {
      }
    },
    "Response": {
      "StatusCode": 200,
      "Headers": {
        "Cache-Control": [ "no-cache" ],
        "Pragma": [ "no-cache" ],
        "x-ms-request-id": [ "f1ae368d-69b1-4e49-b148-ef834220fb42" ],
        "Server": [ "Microsoft-HTTPAPI/2.0" ],
        "x-ms-ratelimit-remaining-subscription-reads": [ "11765" ],
        "x-ms-correlation-request-id": [ "c5836071-ce7d-4cdf-afe1-cf55fb1433ac" ],
        "x-ms-routing-request-id": [ "KOREASOUTH:20200408T115604Z:c5836071-ce7d-4cdf-afe1-cf55fb1433ac" ],
        "Strict-Transport-Security": [ "max-age=31536000; includeSubDomains" ],
        "X-Content-Type-Options": [ "nosniff" ],
        "Date": [ "Wed, 08 Apr 2020 11:56:03 GMT" ]
      },
      "ContentHeaders": {
        "Expires": [ "-1" ],
        "Content-Length": [ "0" ]
      },
      "Content": null
    }
  }
}