{
  "Entries": [
    {
      "RequestUri": "/subscriptions/9e223dbe-3399-4e19-88eb-0975f02ac87f/resourceGroups/wyunchi-automation/providers/Microsoft.Automation/automationAccounts/test-automation-0?api-version=2015-10-31",
      "EncodedRequestUri": "L3N1YnNjcmlwdGlvbnMvOWUyMjNkYmUtMzM5OS00ZTE5LTg4ZWItMDk3NWYwMmFjODdmL3Jlc291cmNlR3JvdXBzL3d5dW5jaGktYXV0b21hdGlvbi9wcm92aWRlcnMvTWljcm9zb2Z0LkF1dG9tYXRpb24vYXV0b21hdGlvbkFjY291bnRzL3Rlc3QtYXV0b21hdGlvbi0wP2FwaS12ZXJzaW9uPTIwMTUtMTAtMzE=",
      "RequestMethod": "GET",
      "RequestBody": "",
      "RequestHeaders": {
        "x-ms-client-request-id": [
          "7d3a20d9-c065-4d90-a2c4-85b723040e90"
        ],
        "Accept-Language": [
          "en-US"
        ],
        "User-Agent": [
          "FxVersion/4.6.29719.03",
          "OSName/Windows",
          "OSVersion/Microsoft.Windows.10.0.19042.",
          "Microsoft.Azure.Management.Automation.AutomationClient/3.8.1.0"
        ]
      },
      "ResponseHeaders": {
        "Cache-Control": [
          "no-cache"
        ],
        "Pragma": [
          "no-cache"
        ],
        "ocp-automation-accountid": [
          "1f2cbd06-83a6-470d-b1bc-af146f663017"
        ],
        "x-ms-request-id": [
          "7d3a20d9-c065-4d90-a2c4-85b723040e90"
        ],
        "Strict-Transport-Security": [
          "max-age=31536000; includeSubDomains"
        ],
        "Server": [
          "Microsoft-IIS/10.0"
        ],
        "X-AspNet-Version": [
          "4.0.30319"
        ],
        "X-Powered-By": [
          "ASP.NET"
        ],
        "x-ms-ratelimit-remaining-subscription-reads": [
          "11986"
        ],
        "x-ms-correlation-request-id": [
          "519ae12d-e661-48de-be5f-2401d303a1a0"
        ],
        "x-ms-routing-request-id": [
          "SOUTHEASTASIA:20210226T093710Z:519ae12d-e661-48de-be5f-2401d303a1a0"
        ],
        "X-Content-Type-Options": [
          "nosniff"
        ],
        "Date": [
          "Fri, 26 Feb 2021 09:37:09 GMT"
        ],
        "Content-Length": [
          "624"
        ],
        "Content-Type": [
          "application/json; charset=utf-8"
        ],
        "Expires": [
          "-1"
        ]
      },
      "ResponseBody": "{\r\n  \"name\": \"test-automation-0\",\r\n  \"id\": \"/subscriptions/9e223dbe-3399-4e19-88eb-0975f02ac87f/resourceGroups/wyunchi-automation/providers/Microsoft.Automation/automationAccounts/test-automation-0\",\r\n  \"type\": \"Microsoft.Automation/AutomationAccounts\",\r\n  \"location\": \"eastus\",\r\n  \"tags\": {},\r\n  \"etag\": null,\r\n  \"properties\": {\r\n    \"sku\": {\r\n      \"name\": \"Basic\",\r\n      \"family\": null,\r\n      \"capacity\": null\r\n    },\r\n    \"state\": \"Ok\",\r\n    \"RegistrationUrl\": \"https://1f2cbd06-83a6-470d-b1bc-af146f663017.agentsvc.eus.azure-automation.net/accounts/1f2cbd06-83a6-470d-b1bc-af146f663017\",\r\n    \"creationTime\": \"2021-02-26T15:25:27.07+08:00\",\r\n    \"lastModifiedBy\": null,\r\n    \"lastModifiedTime\": \"2021-02-26T15:25:27.07+08:00\"\r\n  }\r\n}",
      "StatusCode": 200
    },
    {
      "RequestUri": "/subscriptions/9e223dbe-3399-4e19-88eb-0975f02ac87f/resourceGroups/wyunchi-automation/providers/Microsoft.Automation/automationAccounts/test-automation-0/variables/StringValue?api-version=2015-10-31",
      "EncodedRequestUri": "L3N1YnNjcmlwdGlvbnMvOWUyMjNkYmUtMzM5OS00ZTE5LTg4ZWItMDk3NWYwMmFjODdmL3Jlc291cmNlR3JvdXBzL3d5dW5jaGktYXV0b21hdGlvbi9wcm92aWRlcnMvTWljcm9zb2Z0LkF1dG9tYXRpb24vYXV0b21hdGlvbkFjY291bnRzL3Rlc3QtYXV0b21hdGlvbi0wL3ZhcmlhYmxlcy9TdHJpbmdWYWx1ZT9hcGktdmVyc2lvbj0yMDE1LTEwLTMx",
      "RequestMethod": "GET",
      "RequestBody": "",
      "RequestHeaders": {
        "x-ms-client-request-id": [
          "70f4ba23-dbd3-492c-a718-33660ab440f2"
        ],
        "Accept-Language": [
          "en-US"
        ],
        "User-Agent": [
          "FxVersion/4.6.29719.03",
          "OSName/Windows",
          "OSVersion/Microsoft.Windows.10.0.19042.",
          "Microsoft.Azure.Management.Automation.AutomationClient/3.8.1.0"
        ]
      },
      "ResponseHeaders": {
        "Cache-Control": [
          "no-cache"
        ],
        "Pragma": [
          "no-cache"
        ],
        "x-ms-request-id": [
          "70f4ba23-dbd3-492c-a718-33660ab440f2"
        ],
        "Strict-Transport-Security": [
          "max-age=31536000; includeSubDomains"
        ],
        "Server": [
          "Microsoft-IIS/10.0"
        ],
        "X-AspNet-Version": [
          "4.0.30319"
        ],
        "X-Powered-By": [
          "ASP.NET"
        ],
        "x-ms-ratelimit-remaining-subscription-reads": [
          "11986"
        ],
        "x-ms-correlation-request-id": [
          "26de4d61-c903-44e9-ae28-85b3c9b30720"
        ],
        "x-ms-routing-request-id": [
          "SOUTHEASTASIA:20210226T093710Z:26de4d61-c903-44e9-ae28-85b3c9b30720"
        ],
        "X-Content-Type-Options": [
          "nosniff"
        ],
        "Date": [
          "Fri, 26 Feb 2021 09:37:10 GMT"
        ],
        "Content-Length": [
          "51"
        ],
        "Content-Type": [
          "application/json; charset=utf-8"
        ],
        "Expires": [
          "-1"
        ]
      },
      "ResponseBody": "{\r\n  \"code\": \"NotFound\",\r\n  \"message\": \"Variable not found.\"\r\n}",
      "StatusCode": 404
    },
    {
      "RequestUri": "/subscriptions/9e223dbe-3399-4e19-88eb-0975f02ac87f/resourceGroups/wyunchi-automation/providers/Microsoft.Automation/automationAccounts/test-automation-0/variables/StringValue?api-version=2015-10-31",
      "EncodedRequestUri": "L3N1YnNjcmlwdGlvbnMvOWUyMjNkYmUtMzM5OS00ZTE5LTg4ZWItMDk3NWYwMmFjODdmL3Jlc291cmNlR3JvdXBzL3d5dW5jaGktYXV0b21hdGlvbi9wcm92aWRlcnMvTWljcm9zb2Z0LkF1dG9tYXRpb24vYXV0b21hdGlvbkFjY291bnRzL3Rlc3QtYXV0b21hdGlvbi0wL3ZhcmlhYmxlcy9TdHJpbmdWYWx1ZT9hcGktdmVyc2lvbj0yMDE1LTEwLTMx",
      "RequestMethod": "GET",
      "RequestBody": "",
      "RequestHeaders": {
        "x-ms-client-request-id": [
          "5668e862-f27c-4266-bf9e-a6cc6c0f092a"
        ],
        "Accept-Language": [
          "en-US"
        ],
        "User-Agent": [
          "FxVersion/4.6.29719.03",
          "OSName/Windows",
          "OSVersion/Microsoft.Windows.10.0.19042.",
          "Microsoft.Azure.Management.Automation.AutomationClient/3.8.1.0"
        ]
      },
      "ResponseHeaders": {
        "Cache-Control": [
          "no-cache"
        ],
        "Pragma": [
          "no-cache"
        ],
        "x-ms-request-id": [
          "5668e862-f27c-4266-bf9e-a6cc6c0f092a"
        ],
        "Strict-Transport-Security": [
          "max-age=31536000; includeSubDomains"
        ],
        "Server": [
          "Microsoft-IIS/10.0"
        ],
        "X-AspNet-Version": [
          "4.0.30319"
        ],
        "X-Powered-By": [
          "ASP.NET"
        ],
        "x-ms-ratelimit-remaining-subscription-reads": [
          "11985"
        ],
        "x-ms-correlation-request-id": [
          "e1de610c-43fb-427e-8507-af1818cedbb3"
        ],
        "x-ms-routing-request-id": [
          "SOUTHEASTASIA:20210226T093712Z:e1de610c-43fb-427e-8507-af1818cedbb3"
        ],
        "X-Content-Type-Options": [
          "nosniff"
        ],
        "Date": [
          "Fri, 26 Feb 2021 09:37:11 GMT"
        ],
        "Content-Length": [
          "441"
        ],
        "Content-Type": [
          "application/json; charset=utf-8"
        ],
        "Expires": [
          "-1"
        ]
      },
      "ResponseBody": "{\r\n  \"id\": \"/subscriptions/9e223dbe-3399-4e19-88eb-0975f02ac87f/resourceGroups/wyunchi-automation/providers/Microsoft.Automation/automationAccounts/test-automation-0/variables/StringValue\",\r\n  \"name\": \"StringValue\",\r\n  \"type\": \"Microsoft.Automation/AutomationAccounts/Variables\",\r\n  \"properties\": {\r\n    \"creationTime\": \"2021-02-26T17:37:11.2+08:00\",\r\n    \"lastModifiedTime\": \"2021-02-26T17:37:11.2+08:00\",\r\n    \"isEncrypted\": false,\r\n    \"value\": \"\\\"StringValue\\\"\",\r\n    \"description\": \"Hello\"\r\n  }\r\n}",
      "StatusCode": 200
    },
    {
      "RequestUri": "/subscriptions/9e223dbe-3399-4e19-88eb-0975f02ac87f/resourceGroups/wyunchi-automation/providers/Microsoft.Automation/automationAccounts/test-automation-0/variables/StringValue?api-version=2015-10-31",
      "EncodedRequestUri": "L3N1YnNjcmlwdGlvbnMvOWUyMjNkYmUtMzM5OS00ZTE5LTg4ZWItMDk3NWYwMmFjODdmL3Jlc291cmNlR3JvdXBzL3d5dW5jaGktYXV0b21hdGlvbi9wcm92aWRlcnMvTWljcm9zb2Z0LkF1dG9tYXRpb24vYXV0b21hdGlvbkFjY291bnRzL3Rlc3QtYXV0b21hdGlvbi0wL3ZhcmlhYmxlcy9TdHJpbmdWYWx1ZT9hcGktdmVyc2lvbj0yMDE1LTEwLTMx",
      "RequestMethod": "GET",
      "RequestBody": "",
      "RequestHeaders": {
        "x-ms-client-request-id": [
          "2954ed12-fbbe-42f8-8f9e-1226d10d1ed6"
        ],
        "Accept-Language": [
          "en-US"
        ],
        "User-Agent": [
          "FxVersion/4.6.29719.03",
          "OSName/Windows",
          "OSVersion/Microsoft.Windows.10.0.19042.",
          "Microsoft.Azure.Management.Automation.AutomationClient/3.8.1.0"
        ]
      },
      "ResponseHeaders": {
        "Cache-Control": [
          "no-cache"
        ],
        "Pragma": [
          "no-cache"
        ],
        "x-ms-request-id": [
          "2954ed12-fbbe-42f8-8f9e-1226d10d1ed6"
        ],
        "Strict-Transport-Security": [
          "max-age=31536000; includeSubDomains"
        ],
        "Server": [
          "Microsoft-IIS/10.0"
        ],
        "X-AspNet-Version": [
          "4.0.30319"
        ],
        "X-Powered-By": [
          "ASP.NET"
        ],
        "x-ms-ratelimit-remaining-subscription-reads": [
          "11988"
        ],
        "x-ms-correlation-request-id": [
          "d6c30386-401e-4777-81e8-6298e6d19b34"
        ],
        "x-ms-routing-request-id": [
          "SOUTHEASTASIA:20210226T093712Z:d6c30386-401e-4777-81e8-6298e6d19b34"
        ],
        "X-Content-Type-Options": [
          "nosniff"
        ],
        "Date": [
          "Fri, 26 Feb 2021 09:37:11 GMT"
        ],
        "Content-Length": [
          "441"
        ],
        "Content-Type": [
          "application/json; charset=utf-8"
        ],
        "Expires": [
          "-1"
        ]
      },
      "ResponseBody": "{\r\n  \"id\": \"/subscriptions/9e223dbe-3399-4e19-88eb-0975f02ac87f/resourceGroups/wyunchi-automation/providers/Microsoft.Automation/automationAccounts/test-automation-0/variables/StringValue\",\r\n  \"name\": \"StringValue\",\r\n  \"type\": \"Microsoft.Automation/AutomationAccounts/Variables\",\r\n  \"properties\": {\r\n    \"creationTime\": \"2021-02-26T17:37:11.2+08:00\",\r\n    \"lastModifiedTime\": \"2021-02-26T17:37:11.2+08:00\",\r\n    \"isEncrypted\": false,\r\n    \"value\": \"\\\"StringValue\\\"\",\r\n    \"description\": \"Hello\"\r\n  }\r\n}",
      "StatusCode": 200
    },
    {
      "RequestUri": "/subscriptions/9e223dbe-3399-4e19-88eb-0975f02ac87f/resourceGroups/wyunchi-automation/providers/Microsoft.Automation/automationAccounts/test-automation-0/variables/StringValue?api-version=2015-10-31",
      "EncodedRequestUri": "L3N1YnNjcmlwdGlvbnMvOWUyMjNkYmUtMzM5OS00ZTE5LTg4ZWItMDk3NWYwMmFjODdmL3Jlc291cmNlR3JvdXBzL3d5dW5jaGktYXV0b21hdGlvbi9wcm92aWRlcnMvTWljcm9zb2Z0LkF1dG9tYXRpb24vYXV0b21hdGlvbkFjY291bnRzL3Rlc3QtYXV0b21hdGlvbi0wL3ZhcmlhYmxlcy9TdHJpbmdWYWx1ZT9hcGktdmVyc2lvbj0yMDE1LTEwLTMx",
      "RequestMethod": "GET",
      "RequestBody": "",
      "RequestHeaders": {
        "x-ms-client-request-id": [
          "2954ed12-fbbe-42f8-8f9e-1226d10d1ed6"
        ],
        "Accept-Language": [
          "en-US"
        ],
        "User-Agent": [
          "FxVersion/4.6.29719.03",
          "OSName/Windows",
          "OSVersion/Microsoft.Windows.10.0.19042.",
          "Microsoft.Azure.Management.Automation.AutomationClient/3.8.1.0"
        ]
      },
      "ResponseHeaders": {
        "Cache-Control": [
          "no-cache"
        ],
        "Pragma": [
          "no-cache"
        ],
        "x-ms-request-id": [
          "2954ed12-fbbe-42f8-8f9e-1226d10d1ed6"
        ],
        "Strict-Transport-Security": [
          "max-age=31536000; includeSubDomains"
        ],
        "Server": [
          "Microsoft-IIS/10.0"
        ],
        "X-AspNet-Version": [
          "4.0.30319"
        ],
        "X-Powered-By": [
          "ASP.NET"
        ],
        "x-ms-ratelimit-remaining-subscription-reads": [
          "11987"
        ],
        "x-ms-correlation-request-id": [
          "e55a787f-f00b-4862-b9a8-5be0b06f69b4"
        ],
        "x-ms-routing-request-id": [
          "SOUTHEASTASIA:20210226T093713Z:e55a787f-f00b-4862-b9a8-5be0b06f69b4"
        ],
        "X-Content-Type-Options": [
          "nosniff"
        ],
        "Date": [
          "Fri, 26 Feb 2021 09:37:12 GMT"
        ],
        "Content-Length": [
          "454"
        ],
        "Content-Type": [
          "application/json; charset=utf-8"
        ],
        "Expires": [
          "-1"
        ]
      },
      "ResponseBody": "{\r\n  \"id\": \"/subscriptions/9e223dbe-3399-4e19-88eb-0975f02ac87f/resourceGroups/wyunchi-automation/providers/Microsoft.Automation/automationAccounts/test-automation-0/variables/StringValue\",\r\n  \"name\": \"StringValue\",\r\n  \"type\": \"Microsoft.Automation/AutomationAccounts/Variables\",\r\n  \"properties\": {\r\n    \"creationTime\": \"2021-02-26T17:37:11.2+08:00\",\r\n    \"lastModifiedTime\": \"2021-02-26T17:37:13.1433333+08:00\",\r\n    \"isEncrypted\": false,\r\n    \"value\": \"\\\"StringValueChanged\\\"\",\r\n    \"description\": \"Hello\"\r\n  }\r\n}",
      "StatusCode": 200
    },
    {
      "RequestUri": "/subscriptions/9e223dbe-3399-4e19-88eb-0975f02ac87f/resourceGroups/wyunchi-automation/providers/Microsoft.Automation/automationAccounts/test-automation-0/variables/StringValue?api-version=2015-10-31",
      "EncodedRequestUri": "L3N1YnNjcmlwdGlvbnMvOWUyMjNkYmUtMzM5OS00ZTE5LTg4ZWItMDk3NWYwMmFjODdmL3Jlc291cmNlR3JvdXBzL3d5dW5jaGktYXV0b21hdGlvbi9wcm92aWRlcnMvTWljcm9zb2Z0LkF1dG9tYXRpb24vYXV0b21hdGlvbkFjY291bnRzL3Rlc3QtYXV0b21hdGlvbi0wL3ZhcmlhYmxlcy9TdHJpbmdWYWx1ZT9hcGktdmVyc2lvbj0yMDE1LTEwLTMx",
      "RequestMethod": "GET",
      "RequestBody": "",
      "RequestHeaders": {
        "x-ms-client-request-id": [
          "5ed9035d-89eb-4eef-9c52-1c26a8308469"
        ],
        "Accept-Language": [
          "en-US"
        ],
        "User-Agent": [
          "FxVersion/4.6.29719.03",
          "OSName/Windows",
          "OSVersion/Microsoft.Windows.10.0.19042.",
          "Microsoft.Azure.Management.Automation.AutomationClient/3.8.1.0"
        ]
      },
      "ResponseHeaders": {
        "Cache-Control": [
          "no-cache"
        ],
        "Pragma": [
          "no-cache"
        ],
        "x-ms-request-id": [
          "5ed9035d-89eb-4eef-9c52-1c26a8308469"
        ],
        "Strict-Transport-Security": [
          "max-age=31536000; includeSubDomains"
        ],
        "Server": [
          "Microsoft-IIS/10.0"
        ],
        "X-AspNet-Version": [
          "4.0.30319"
        ],
        "X-Powered-By": [
          "ASP.NET"
        ],
        "x-ms-ratelimit-remaining-subscription-reads": [
          "11980"
        ],
        "x-ms-correlation-request-id": [
          "abbd3b37-d086-45b9-93d0-05e229006689"
        ],
        "x-ms-routing-request-id": [
          "SOUTHEASTASIA:20210226T093715Z:abbd3b37-d086-45b9-93d0-05e229006689"
        ],
        "X-Content-Type-Options": [
          "nosniff"
        ],
        "Date": [
          "Fri, 26 Feb 2021 09:37:15 GMT"
        ],
        "Content-Length": [
          "454"
        ],
        "Content-Type": [
          "application/json; charset=utf-8"
        ],
        "Expires": [
          "-1"
        ]
      },
      "ResponseBody": "{\r\n  \"id\": \"/subscriptions/9e223dbe-3399-4e19-88eb-0975f02ac87f/resourceGroups/wyunchi-automation/providers/Microsoft.Automation/automationAccounts/test-automation-0/variables/StringValue\",\r\n  \"name\": \"StringValue\",\r\n  \"type\": \"Microsoft.Automation/AutomationAccounts/Variables\",\r\n  \"properties\": {\r\n    \"creationTime\": \"2021-02-26T17:37:11.2+08:00\",\r\n    \"lastModifiedTime\": \"2021-02-26T17:37:13.1433333+08:00\",\r\n    \"isEncrypted\": false,\r\n    \"value\": \"\\\"StringValueChanged\\\"\",\r\n    \"description\": \"Hello\"\r\n  }\r\n}",
      "StatusCode": 200
    },
    {
      "RequestUri": "/subscriptions/9e223dbe-3399-4e19-88eb-0975f02ac87f/resourceGroups/wyunchi-automation/providers/Microsoft.Automation/automationAccounts/test-automation-0/variables/StringValue?api-version=2015-10-31",
      "EncodedRequestUri": "L3N1YnNjcmlwdGlvbnMvOWUyMjNkYmUtMzM5OS00ZTE5LTg4ZWItMDk3NWYwMmFjODdmL3Jlc291cmNlR3JvdXBzL3d5dW5jaGktYXV0b21hdGlvbi9wcm92aWRlcnMvTWljcm9zb2Z0LkF1dG9tYXRpb24vYXV0b21hdGlvbkFjY291bnRzL3Rlc3QtYXV0b21hdGlvbi0wL3ZhcmlhYmxlcy9TdHJpbmdWYWx1ZT9hcGktdmVyc2lvbj0yMDE1LTEwLTMx",
      "RequestMethod": "GET",
      "RequestBody": "",
      "RequestHeaders": {
        "x-ms-client-request-id": [
          "9b73330d-192e-413b-a4b0-1c69193d0260"
        ],
        "Accept-Language": [
          "en-US"
        ],
        "User-Agent": [
          "FxVersion/4.6.29719.03",
          "OSName/Windows",
          "OSVersion/Microsoft.Windows.10.0.19042.",
          "Microsoft.Azure.Management.Automation.AutomationClient/3.8.1.0"
        ]
      },
      "ResponseHeaders": {
        "Cache-Control": [
          "no-cache"
        ],
        "Pragma": [
          "no-cache"
        ],
        "x-ms-request-id": [
          "9b73330d-192e-413b-a4b0-1c69193d0260"
        ],
        "Strict-Transport-Security": [
          "max-age=31536000; includeSubDomains"
        ],
        "Server": [
          "Microsoft-IIS/10.0"
        ],
        "X-AspNet-Version": [
          "4.0.30319"
        ],
        "X-Powered-By": [
          "ASP.NET"
        ],
        "x-ms-ratelimit-remaining-subscription-reads": [
          "11988"
        ],
        "x-ms-correlation-request-id": [
          "e97e8beb-6d24-4774-b85d-6349c9c68592"
        ],
        "x-ms-routing-request-id": [
          "SOUTHEASTASIA:20210226T093718Z:e97e8beb-6d24-4774-b85d-6349c9c68592"
        ],
        "X-Content-Type-Options": [
          "nosniff"
        ],
        "Date": [
          "Fri, 26 Feb 2021 09:37:18 GMT"
        ],
        "Content-Length": [
          "51"
        ],
        "Content-Type": [
          "application/json; charset=utf-8"
        ],
        "Expires": [
          "-1"
        ]
      },
      "ResponseBody": "{\r\n  \"code\": \"NotFound\",\r\n  \"message\": \"Variable not found.\"\r\n}",
      "StatusCode": 404
    },
    {
      "RequestUri": "/subscriptions/9e223dbe-3399-4e19-88eb-0975f02ac87f/resourceGroups/wyunchi-automation/providers/Microsoft.Automation/automationAccounts/test-automation-0/variables/StringValue?api-version=2015-10-31",
      "EncodedRequestUri": "L3N1YnNjcmlwdGlvbnMvOWUyMjNkYmUtMzM5OS00ZTE5LTg4ZWItMDk3NWYwMmFjODdmL3Jlc291cmNlR3JvdXBzL3d5dW5jaGktYXV0b21hdGlvbi9wcm92aWRlcnMvTWljcm9zb2Z0LkF1dG9tYXRpb24vYXV0b21hdGlvbkFjY291bnRzL3Rlc3QtYXV0b21hdGlvbi0wL3ZhcmlhYmxlcy9TdHJpbmdWYWx1ZT9hcGktdmVyc2lvbj0yMDE1LTEwLTMx",
      "RequestMethod": "PUT",
      "RequestBody": "{\r\n  \"name\": \"StringValue\",\r\n  \"properties\": {\r\n    \"value\": \"\\\"StringValue\\\"\",\r\n    \"description\": \"Hello\",\r\n    \"isEncrypted\": false\r\n  }\r\n}",
      "RequestHeaders": {
        "x-ms-client-request-id": [
          "70f4ba23-dbd3-492c-a718-33660ab440f2"
        ],
        "Accept-Language": [
          "en-US"
        ],
        "User-Agent": [
          "FxVersion/4.6.29719.03",
          "OSName/Windows",
          "OSVersion/Microsoft.Windows.10.0.19042.",
          "Microsoft.Azure.Management.Automation.AutomationClient/3.8.1.0"
        ],
        "Content-Type": [
          "application/json; charset=utf-8"
        ],
        "Content-Length": [
          "142"
        ]
      },
      "ResponseHeaders": {
        "Cache-Control": [
          "no-cache"
        ],
        "Pragma": [
          "no-cache"
        ],
        "Location": [
          "https://management.azure.com/subscriptions/9e223dbe-3399-4e19-88eb-0975f02ac87f/resourceGroups/wyunchi-automation/providers/Microsoft.Automation/automationAccounts/test-automation-0/variables/StringValue?api-version=2015-10-31"
        ],
        "x-ms-request-id": [
          "70f4ba23-dbd3-492c-a718-33660ab440f2"
        ],
        "x-ms-location": [
          "https://management.azure.com/subscriptions/9e223dbe-3399-4e19-88eb-0975f02ac87f/resourceGroups/wyunchi-automation/providers/Microsoft.Automation/automationAccounts/test-automation-0/variables/StringValue?api-version=2015-10-31"
        ],
        "ocp-location": [
          "https://management.azure.com/subscriptions/9e223dbe-3399-4e19-88eb-0975f02ac87f/resourceGroups/wyunchi-automation/providers/Microsoft.Automation/automationAccounts/test-automation-0/variables/StringValue?api-version=2015-10-31"
        ],
        "Strict-Transport-Security": [
          "max-age=31536000; includeSubDomains"
        ],
        "Server": [
          "Microsoft-IIS/10.0"
        ],
        "X-AspNet-Version": [
          "4.0.30319"
        ],
        "X-Powered-By": [
          "ASP.NET"
        ],
        "x-ms-ratelimit-remaining-subscription-writes": [
          "1195"
        ],
        "x-ms-correlation-request-id": [
          "d239fa24-5234-4bea-9be0-737eb20874e4"
        ],
        "x-ms-routing-request-id": [
          "SOUTHEASTASIA:20210226T093711Z:d239fa24-5234-4bea-9be0-737eb20874e4"
        ],
        "X-Content-Type-Options": [
          "nosniff"
        ],
        "Date": [
          "Fri, 26 Feb 2021 09:37:10 GMT"
        ],
        "Content-Length": [
          "441"
        ],
        "Content-Type": [
          "application/json; charset=utf-8"
        ],
        "Expires": [
          "-1"
        ]
      },
      "ResponseBody": "{\r\n  \"id\": \"/subscriptions/9e223dbe-3399-4e19-88eb-0975f02ac87f/resourceGroups/wyunchi-automation/providers/Microsoft.Automation/automationAccounts/test-automation-0/variables/StringValue\",\r\n  \"name\": \"StringValue\",\r\n  \"type\": \"Microsoft.Automation/AutomationAccounts/Variables\",\r\n  \"properties\": {\r\n    \"creationTime\": \"2021-02-26T17:37:11.2+08:00\",\r\n    \"lastModifiedTime\": \"2021-02-26T17:37:11.2+08:00\",\r\n    \"isEncrypted\": false,\r\n    \"value\": \"\\\"StringValue\\\"\",\r\n    \"description\": \"Hello\"\r\n  }\r\n}",
      "StatusCode": 201
    },
    {
      "RequestUri": "/subscriptions/9e223dbe-3399-4e19-88eb-0975f02ac87f/resourceGroups/wyunchi-automation/providers/Microsoft.Automation/automationAccounts/test-automation-0/variables/StringValue?api-version=2015-10-31",
      "EncodedRequestUri": "L3N1YnNjcmlwdGlvbnMvOWUyMjNkYmUtMzM5OS00ZTE5LTg4ZWItMDk3NWYwMmFjODdmL3Jlc291cmNlR3JvdXBzL3d5dW5jaGktYXV0b21hdGlvbi9wcm92aWRlcnMvTWljcm9zb2Z0LkF1dG9tYXRpb24vYXV0b21hdGlvbkFjY291bnRzL3Rlc3QtYXV0b21hdGlvbi0wL3ZhcmlhYmxlcy9TdHJpbmdWYWx1ZT9hcGktdmVyc2lvbj0yMDE1LTEwLTMx",
      "RequestMethod": "PATCH",
      "RequestBody": "{\r\n  \"name\": \"StringValue\",\r\n  \"properties\": {\r\n    \"value\": \"\\\"StringValueChanged\\\"\"\r\n  }\r\n}",
      "RequestHeaders": {
        "x-ms-client-request-id": [
          "2954ed12-fbbe-42f8-8f9e-1226d10d1ed6"
        ],
        "Accept-Language": [
          "en-US"
        ],
        "User-Agent": [
          "FxVersion/4.6.29719.03",
          "OSName/Windows",
          "OSVersion/Microsoft.Windows.10.0.19042.",
          "Microsoft.Azure.Management.Automation.AutomationClient/3.8.1.0"
        ],
        "Content-Type": [
          "application/json; charset=utf-8"
        ],
        "Content-Length": [
          "93"
        ]
      },
      "ResponseHeaders": {
        "Cache-Control": [
          "no-cache"
        ],
        "Pragma": [
          "no-cache"
        ],
        "x-ms-request-id": [
          "2954ed12-fbbe-42f8-8f9e-1226d10d1ed6"
        ],
        "Strict-Transport-Security": [
          "max-age=31536000; includeSubDomains"
        ],
        "Server": [
          "Microsoft-IIS/10.0"
        ],
        "X-AspNet-Version": [
          "4.0.30319"
        ],
        "X-Powered-By": [
          "ASP.NET"
        ],
        "x-ms-ratelimit-remaining-subscription-writes": [
          "1197"
        ],
        "x-ms-correlation-request-id": [
          "9d0fc5d5-28ce-4e35-bb58-f82eff421651"
        ],
        "x-ms-routing-request-id": [
          "SOUTHEASTASIA:20210226T093713Z:9d0fc5d5-28ce-4e35-bb58-f82eff421651"
        ],
        "X-Content-Type-Options": [
          "nosniff"
        ],
        "Date": [
          "Fri, 26 Feb 2021 09:37:12 GMT"
        ],
        "Content-Length": [
          "454"
        ],
        "Content-Type": [
          "application/json; charset=utf-8"
        ],
        "Expires": [
          "-1"
        ]
      },
      "ResponseBody": "{\r\n  \"id\": \"/subscriptions/9e223dbe-3399-4e19-88eb-0975f02ac87f/resourceGroups/wyunchi-automation/providers/Microsoft.Automation/automationAccounts/test-automation-0/variables/StringValue\",\r\n  \"name\": \"StringValue\",\r\n  \"type\": \"Microsoft.Automation/AutomationAccounts/Variables\",\r\n  \"properties\": {\r\n    \"creationTime\": \"2021-02-26T17:37:11.2+08:00\",\r\n    \"lastModifiedTime\": \"2021-02-26T17:37:13.1433333+08:00\",\r\n    \"isEncrypted\": false,\r\n    \"value\": \"\\\"StringValueChanged\\\"\",\r\n    \"description\": \"Hello\"\r\n  }\r\n}",
      "StatusCode": 200
    },
    {
      "RequestUri": "/subscriptions/9e223dbe-3399-4e19-88eb-0975f02ac87f/resourceGroups/wyunchi-automation/providers/Microsoft.Automation/automationAccounts/test-automation-0/variables/StringValue?api-version=2015-10-31",
      "EncodedRequestUri": "L3N1YnNjcmlwdGlvbnMvOWUyMjNkYmUtMzM5OS00ZTE5LTg4ZWItMDk3NWYwMmFjODdmL3Jlc291cmNlR3JvdXBzL3d5dW5jaGktYXV0b21hdGlvbi9wcm92aWRlcnMvTWljcm9zb2Z0LkF1dG9tYXRpb24vYXV0b21hdGlvbkFjY291bnRzL3Rlc3QtYXV0b21hdGlvbi0wL3ZhcmlhYmxlcy9TdHJpbmdWYWx1ZT9hcGktdmVyc2lvbj0yMDE1LTEwLTMx",
      "RequestMethod": "DELETE",
      "RequestBody": "",
      "RequestHeaders": {
        "x-ms-client-request-id": [
          "580e2cfa-82c0-48a6-9a3a-98033b396dd6"
        ],
        "Accept-Language": [
          "en-US"
        ],
        "User-Agent": [
          "FxVersion/4.6.29719.03",
          "OSName/Windows",
          "OSVersion/Microsoft.Windows.10.0.19042.",
          "Microsoft.Azure.Management.Automation.AutomationClient/3.8.1.0"
        ]
      },
      "ResponseHeaders": {
        "Cache-Control": [
          "no-cache"
        ],
        "Pragma": [
          "no-cache"
        ],
        "x-ms-request-id": [
          "580e2cfa-82c0-48a6-9a3a-98033b396dd6"
        ],
        "Strict-Transport-Security": [
          "max-age=31536000; includeSubDomains"
        ],
        "Server": [
          "Microsoft-IIS/10.0"
        ],
        "X-AspNet-Version": [
          "4.0.30319"
        ],
        "X-Powered-By": [
          "ASP.NET"
        ],
        "x-ms-ratelimit-remaining-subscription-deletes": [
          "14998"
        ],
        "x-ms-correlation-request-id": [
          "a21f6f96-cf3b-4cdb-b648-7c998f3f2b76"
        ],
        "x-ms-routing-request-id": [
          "SOUTHEASTASIA:20210226T093718Z:a21f6f96-cf3b-4cdb-b648-7c998f3f2b76"
        ],
        "X-Content-Type-Options": [
          "nosniff"
        ],
        "Date": [
          "Fri, 26 Feb 2021 09:37:18 GMT"
        ],
        "Expires": [
          "-1"
        ],
        "Content-Length": [
          "0"
        ]
      },
      "ResponseBody": "",
      "StatusCode": 200
    }
  ],
  "Names": {},
  "Variables": {
    "SubscriptionId": "9e223dbe-3399-4e19-88eb-0975f02ac87f"
  }
}