{
  "Entries": [
    {
      "RequestUri": "/subscriptions/cd45f23b-b832-4fa4-a434-1bf7e6f14a5a/resourceGroups/to-delete-01/providers/Microsoft.Automation/automationAccounts/fbs-aa-01?api-version=2022-08-08",
      "EncodedRequestUri": "L3N1YnNjcmlwdGlvbnMvY2Q0NWYyM2ItYjgzMi00ZmE0LWE0MzQtMWJmN2U2ZjE0YTVhL3Jlc291cmNlR3JvdXBzL3RvLWRlbGV0ZS0wMS9wcm92aWRlcnMvTWljcm9zb2Z0LkF1dG9tYXRpb24vYXV0b21hdGlvbkFjY291bnRzL2Zicy1hYS0wMT9hcGktdmVyc2lvbj0yMDIyLTA4LTA4",
      "RequestMethod": "GET",
      "RequestHeaders": {
        "x-ms-client-request-id": [
          "812a3ea4-6d86-4986-96ed-e92ce3f38d52"
        ],
        "Accept-Language": [
          "en-US"
        ],
        "User-Agent": [
          "FxVersion/4.700.22.41602",
          "OSName/Windows",
          "OSVersion/Microsoft.Windows.10.0.22621",
          "Microsoft.Azure.Management.Automation.AutomationClient/1.8.0"
        ]
      },
      "RequestBody": "",
      "ResponseHeaders": {
        "Cache-Control": [
          "no-cache"
        ],
        "Pragma": [
          "no-cache"
        ],
        "ocp-automation-accountid": [
          "999c142c-d6b7-4396-b725-ae9b5ca8f7fc"
        ],
        "x-ms-request-id": [
          "812a3ea4-6d86-4986-96ed-e92ce3f38d52"
        ],
        "Server": [
          "Microsoft-HTTPAPI/2.0"
        ],
        "x-ms-ratelimit-remaining-subscription-reads": [
          "11998"
        ],
        "x-ms-correlation-request-id": [
          "d1cd4589-5d83-4bb4-acc3-cfb9a488a90e"
        ],
        "x-ms-routing-request-id": [
          "WESTINDIA:20221006T062343Z:d1cd4589-5d83-4bb4-acc3-cfb9a488a90e"
        ],
        "Strict-Transport-Security": [
          "max-age=31536000; includeSubDomains"
        ],
        "X-Content-Type-Options": [
          "nosniff"
        ],
        "Date": [
          "Thu, 06 Oct 2022 06:23:42 GMT"
        ],
        "Content-Length": [
          "1312"
        ],
        "Content-Type": [
          "application/json; charset=utf-8"
        ],
        "Expires": [
          "-1"
        ]
      },
      "ResponseBody": "{\r\n  \"name\": \"fbs-aa-01\",\r\n  \"systemData\": {\r\n    \"createdAt\": \"2022-09-30T14:01:33.843+05:30\",\r\n    \"lastModifiedAt\": \"2022-09-30T14:01:33.843+05:30\"\r\n  },\r\n  \"id\": \"/subscriptions/cd45f23b-b832-4fa4-a434-1bf7e6f14a5a/resourceGroups/to-delete-01/providers/Microsoft.Automation/automationAccounts/fbs-aa-01\",\r\n  \"type\": \"Microsoft.Automation/AutomationAccounts\",\r\n  \"location\": \"japaneast\",\r\n  \"identity\": {\r\n    \"type\": \"SystemAssigned\",\r\n    \"principalId\": \"845cb95d-79f0-4d86-af40-22325546ded9\",\r\n    \"tenantId\": \"72f988bf-86f1-41af-91ab-2d7cd011db47\"\r\n  },\r\n  \"tags\": {},\r\n  \"etag\": null,\r\n  \"properties\": {\r\n    \"publicNetworkAccess\": true,\r\n    \"disableLocalAuth\": false,\r\n    \"sku\": {\r\n      \"name\": \"Basic\",\r\n      \"family\": null,\r\n      \"capacity\": null\r\n    },\r\n    \"state\": \"Ok\",\r\n    \"RegistrationUrl\": \"https://999c142c-d6b7-4396-b725-ae9b5ca8f7fc.agentsvc.jpe.azure-automation.net/accounts/999c142c-d6b7-4396-b725-ae9b5ca8f7fc\",\r\n    \"encryption\": {\r\n      \"keySource\": \"Microsoft.Automation\",\r\n      \"identity\": {\r\n        \"userAssignedIdentity\": null\r\n      }\r\n    },\r\n    \"privateEndpointConnections\": [],\r\n    \"automationHybridServiceUrl\": \"https://999c142c-d6b7-4396-b725-ae9b5ca8f7fc.jrds.jpe.azure-automation.net/automationAccounts/999c142c-d6b7-4396-b725-ae9b5ca8f7fc\",\r\n    \"RuntimeConfiguration\": {\r\n      \"powershell\": {\r\n        \"builtinModules\": {\r\n          \"Az\": \"8.0.0\"\r\n        }\r\n      },\r\n      \"powershell7\": {\r\n        \"builtinModules\": {\r\n          \"Az\": \"8.0.0\"\r\n        }\r\n      }\r\n    },\r\n    \"creationTime\": \"2022-09-30T14:01:33.843+05:30\",\r\n    \"lastModifiedBy\": null,\r\n    \"lastModifiedTime\": \"2022-09-30T14:01:33.843+05:30\"\r\n  }\r\n}",
      "StatusCode": 200
    },
    {
      "RequestUri": "/subscriptions/cd45f23b-b832-4fa4-a434-1bf7e6f14a5a/resourceGroups/to-delete-01/providers/Microsoft.Automation/automationAccounts/fbs-aa-01/variables/StringValue?api-version=2022-08-08",
      "EncodedRequestUri": "L3N1YnNjcmlwdGlvbnMvY2Q0NWYyM2ItYjgzMi00ZmE0LWE0MzQtMWJmN2U2ZjE0YTVhL3Jlc291cmNlR3JvdXBzL3RvLWRlbGV0ZS0wMS9wcm92aWRlcnMvTWljcm9zb2Z0LkF1dG9tYXRpb24vYXV0b21hdGlvbkFjY291bnRzL2Zicy1hYS0wMS92YXJpYWJsZXMvU3RyaW5nVmFsdWU/YXBpLXZlcnNpb249MjAyMi0wOC0wOA==",
      "RequestMethod": "GET",
      "RequestHeaders": {
        "x-ms-client-request-id": [
          "a3997144-b24f-4e3b-8ba4-7254448b936a"
        ],
        "Accept-Language": [
          "en-US"
        ],
        "User-Agent": [
          "FxVersion/4.700.22.41602",
          "OSName/Windows",
          "OSVersion/Microsoft.Windows.10.0.22621",
          "Microsoft.Azure.Management.Automation.AutomationClient/1.8.0"
        ]
      },
      "RequestBody": "",
      "ResponseHeaders": {
        "Cache-Control": [
          "no-cache"
        ],
        "Pragma": [
          "no-cache"
        ],
        "x-ms-request-id": [
          "a3997144-b24f-4e3b-8ba4-7254448b936a"
        ],
        "Server": [
          "Microsoft-HTTPAPI/2.0"
        ],
        "x-ms-ratelimit-remaining-subscription-reads": [
          "11998"
        ],
        "x-ms-correlation-request-id": [
          "e546cd6e-3658-437a-aadb-33a7ad0bd3a1"
        ],
        "x-ms-routing-request-id": [
          "WESTINDIA:20221006T062344Z:e546cd6e-3658-437a-aadb-33a7ad0bd3a1"
        ],
        "Strict-Transport-Security": [
          "max-age=31536000; includeSubDomains"
        ],
        "X-Content-Type-Options": [
          "nosniff"
        ],
        "Date": [
          "Thu, 06 Oct 2022 06:23:44 GMT"
        ],
        "Content-Length": [
          "51"
        ],
        "Content-Type": [
          "application/json; charset=utf-8"
        ],
        "Expires": [
          "-1"
        ]
      },
      "ResponseBody": "{\r\n  \"code\": \"NotFound\",\r\n  \"message\": \"Variable not found.\"\r\n}",
      "StatusCode": 404
    },
    {
      "RequestUri": "/subscriptions/cd45f23b-b832-4fa4-a434-1bf7e6f14a5a/resourceGroups/to-delete-01/providers/Microsoft.Automation/automationAccounts/fbs-aa-01/variables/StringValue?api-version=2022-08-08",
      "EncodedRequestUri": "L3N1YnNjcmlwdGlvbnMvY2Q0NWYyM2ItYjgzMi00ZmE0LWE0MzQtMWJmN2U2ZjE0YTVhL3Jlc291cmNlR3JvdXBzL3RvLWRlbGV0ZS0wMS9wcm92aWRlcnMvTWljcm9zb2Z0LkF1dG9tYXRpb24vYXV0b21hdGlvbkFjY291bnRzL2Zicy1hYS0wMS92YXJpYWJsZXMvU3RyaW5nVmFsdWU/YXBpLXZlcnNpb249MjAyMi0wOC0wOA==",
      "RequestMethod": "GET",
      "RequestHeaders": {
        "x-ms-client-request-id": [
          "f13b13c0-4dad-4ace-a497-73c5aa56703c"
        ],
        "Accept-Language": [
          "en-US"
        ],
        "User-Agent": [
          "FxVersion/4.700.22.41602",
          "OSName/Windows",
          "OSVersion/Microsoft.Windows.10.0.22621",
          "Microsoft.Azure.Management.Automation.AutomationClient/1.8.0"
        ]
      },
      "RequestBody": "",
      "ResponseHeaders": {
        "Cache-Control": [
          "no-cache"
        ],
        "Pragma": [
          "no-cache"
        ],
        "x-ms-request-id": [
          "f13b13c0-4dad-4ace-a497-73c5aa56703c"
        ],
        "Server": [
          "Microsoft-HTTPAPI/2.0"
        ],
        "x-ms-ratelimit-remaining-subscription-reads": [
          "11999"
        ],
        "x-ms-correlation-request-id": [
          "d38f98d3-ffa5-44b3-9227-d7f810cc7b2a"
        ],
        "x-ms-routing-request-id": [
          "WESTINDIA:20221006T062345Z:d38f98d3-ffa5-44b3-9227-d7f810cc7b2a"
        ],
        "Strict-Transport-Security": [
          "max-age=31536000; includeSubDomains"
        ],
        "X-Content-Type-Options": [
          "nosniff"
        ],
        "Date": [
          "Thu, 06 Oct 2022 06:23:45 GMT"
        ],
        "Content-Length": [
          "431"
        ],
        "Content-Type": [
          "application/json; charset=utf-8"
        ],
        "Expires": [
          "-1"
        ]
      },
      "ResponseBody": "{\r\n  \"id\": \"/subscriptions/cd45f23b-b832-4fa4-a434-1bf7e6f14a5a/resourceGroups/to-delete-01/providers/Microsoft.Automation/automationAccounts/fbs-aa-01/variables/StringValue\",\r\n  \"name\": \"StringValue\",\r\n  \"type\": \"Microsoft.Automation/AutomationAccounts/Variables\",\r\n  \"properties\": {\r\n    \"creationTime\": \"2022-10-06T11:53:45.187+05:30\",\r\n    \"lastModifiedTime\": \"2022-10-06T11:53:45.187+05:30\",\r\n    \"isEncrypted\": false,\r\n    \"value\": \"\\\"StringValue\\\"\",\r\n    \"description\": \"Hello\"\r\n  }\r\n}",
      "StatusCode": 200
    },
    {
      "RequestUri": "/subscriptions/cd45f23b-b832-4fa4-a434-1bf7e6f14a5a/resourceGroups/to-delete-01/providers/Microsoft.Automation/automationAccounts/fbs-aa-01/variables/StringValue?api-version=2022-08-08",
      "EncodedRequestUri": "L3N1YnNjcmlwdGlvbnMvY2Q0NWYyM2ItYjgzMi00ZmE0LWE0MzQtMWJmN2U2ZjE0YTVhL3Jlc291cmNlR3JvdXBzL3RvLWRlbGV0ZS0wMS9wcm92aWRlcnMvTWljcm9zb2Z0LkF1dG9tYXRpb24vYXV0b21hdGlvbkFjY291bnRzL2Zicy1hYS0wMS92YXJpYWJsZXMvU3RyaW5nVmFsdWU/YXBpLXZlcnNpb249MjAyMi0wOC0wOA==",
      "RequestMethod": "GET",
      "RequestHeaders": {
        "x-ms-client-request-id": [
          "2940d733-f922-4a8b-ad54-45f88d7c2f8e"
        ],
        "Accept-Language": [
          "en-US"
        ],
        "User-Agent": [
          "FxVersion/4.700.22.41602",
          "OSName/Windows",
          "OSVersion/Microsoft.Windows.10.0.22621",
          "Microsoft.Azure.Management.Automation.AutomationClient/1.8.0"
        ]
      },
      "RequestBody": "",
      "ResponseHeaders": {
        "Cache-Control": [
          "no-cache"
        ],
        "Pragma": [
          "no-cache"
        ],
        "x-ms-request-id": [
          "2940d733-f922-4a8b-ad54-45f88d7c2f8e"
        ],
        "Server": [
          "Microsoft-HTTPAPI/2.0"
        ],
        "x-ms-ratelimit-remaining-subscription-reads": [
          "11998"
        ],
        "x-ms-correlation-request-id": [
          "43632104-20ba-42fa-a265-f1f719b3f6ab"
        ],
        "x-ms-routing-request-id": [
          "WESTINDIA:20221006T062346Z:43632104-20ba-42fa-a265-f1f719b3f6ab"
        ],
        "Strict-Transport-Security": [
          "max-age=31536000; includeSubDomains"
        ],
        "X-Content-Type-Options": [
          "nosniff"
        ],
        "Date": [
          "Thu, 06 Oct 2022 06:23:45 GMT"
        ],
        "Content-Length": [
          "431"
        ],
        "Content-Type": [
          "application/json; charset=utf-8"
        ],
        "Expires": [
          "-1"
        ]
      },
      "ResponseBody": "{\r\n  \"id\": \"/subscriptions/cd45f23b-b832-4fa4-a434-1bf7e6f14a5a/resourceGroups/to-delete-01/providers/Microsoft.Automation/automationAccounts/fbs-aa-01/variables/StringValue\",\r\n  \"name\": \"StringValue\",\r\n  \"type\": \"Microsoft.Automation/AutomationAccounts/Variables\",\r\n  \"properties\": {\r\n    \"creationTime\": \"2022-10-06T11:53:45.187+05:30\",\r\n    \"lastModifiedTime\": \"2022-10-06T11:53:45.187+05:30\",\r\n    \"isEncrypted\": false,\r\n    \"value\": \"\\\"StringValue\\\"\",\r\n    \"description\": \"Hello\"\r\n  }\r\n}",
      "StatusCode": 200
    },
    {
      "RequestUri": "/subscriptions/cd45f23b-b832-4fa4-a434-1bf7e6f14a5a/resourceGroups/to-delete-01/providers/Microsoft.Automation/automationAccounts/fbs-aa-01/variables/StringValue?api-version=2022-08-08",
      "EncodedRequestUri": "L3N1YnNjcmlwdGlvbnMvY2Q0NWYyM2ItYjgzMi00ZmE0LWE0MzQtMWJmN2U2ZjE0YTVhL3Jlc291cmNlR3JvdXBzL3RvLWRlbGV0ZS0wMS9wcm92aWRlcnMvTWljcm9zb2Z0LkF1dG9tYXRpb24vYXV0b21hdGlvbkFjY291bnRzL2Zicy1hYS0wMS92YXJpYWJsZXMvU3RyaW5nVmFsdWU/YXBpLXZlcnNpb249MjAyMi0wOC0wOA==",
      "RequestMethod": "GET",
      "RequestHeaders": {
        "x-ms-client-request-id": [
          "2940d733-f922-4a8b-ad54-45f88d7c2f8e"
        ],
        "Accept-Language": [
          "en-US"
        ],
        "User-Agent": [
          "FxVersion/4.700.22.41602",
          "OSName/Windows",
          "OSVersion/Microsoft.Windows.10.0.22621",
          "Microsoft.Azure.Management.Automation.AutomationClient/1.8.0"
        ]
      },
      "RequestBody": "",
      "ResponseHeaders": {
        "Cache-Control": [
          "no-cache"
        ],
        "Pragma": [
          "no-cache"
        ],
        "x-ms-request-id": [
          "2940d733-f922-4a8b-ad54-45f88d7c2f8e"
        ],
        "Server": [
          "Microsoft-HTTPAPI/2.0"
        ],
        "x-ms-ratelimit-remaining-subscription-reads": [
          "11997"
        ],
        "x-ms-correlation-request-id": [
          "e5e1e6b0-2189-42d0-ae1e-73dfb9f20ac1"
        ],
        "x-ms-routing-request-id": [
          "WESTINDIA:20221006T062348Z:e5e1e6b0-2189-42d0-ae1e-73dfb9f20ac1"
        ],
        "Strict-Transport-Security": [
          "max-age=31536000; includeSubDomains"
        ],
        "X-Content-Type-Options": [
          "nosniff"
        ],
        "Date": [
          "Thu, 06 Oct 2022 06:23:47 GMT"
        ],
        "Content-Length": [
          "437"
        ],
        "Content-Type": [
          "application/json; charset=utf-8"
        ],
        "Expires": [
          "-1"
        ]
      },
      "ResponseBody": "{\r\n  \"id\": \"/subscriptions/cd45f23b-b832-4fa4-a434-1bf7e6f14a5a/resourceGroups/to-delete-01/providers/Microsoft.Automation/automationAccounts/fbs-aa-01/variables/StringValue\",\r\n  \"name\": \"StringValue\",\r\n  \"type\": \"Microsoft.Automation/AutomationAccounts/Variables\",\r\n  \"properties\": {\r\n    \"creationTime\": \"2022-10-06T11:53:45.187+05:30\",\r\n    \"lastModifiedTime\": \"2022-10-06T11:53:47.59+05:30\",\r\n    \"isEncrypted\": false,\r\n    \"value\": \"\\\"StringValueChanged\\\"\",\r\n    \"description\": \"Hello\"\r\n  }\r\n}",
      "StatusCode": 200
    },
    {
      "RequestUri": "/subscriptions/cd45f23b-b832-4fa4-a434-1bf7e6f14a5a/resourceGroups/to-delete-01/providers/Microsoft.Automation/automationAccounts/fbs-aa-01/variables/StringValue?api-version=2022-08-08",
      "EncodedRequestUri": "L3N1YnNjcmlwdGlvbnMvY2Q0NWYyM2ItYjgzMi00ZmE0LWE0MzQtMWJmN2U2ZjE0YTVhL3Jlc291cmNlR3JvdXBzL3RvLWRlbGV0ZS0wMS9wcm92aWRlcnMvTWljcm9zb2Z0LkF1dG9tYXRpb24vYXV0b21hdGlvbkFjY291bnRzL2Zicy1hYS0wMS92YXJpYWJsZXMvU3RyaW5nVmFsdWU/YXBpLXZlcnNpb249MjAyMi0wOC0wOA==",
      "RequestMethod": "GET",
      "RequestHeaders": {
        "x-ms-client-request-id": [
          "a673fbf9-d3a4-4e4d-9edc-8708122e76a2"
        ],
        "Accept-Language": [
          "en-US"
        ],
        "User-Agent": [
          "FxVersion/4.700.22.41602",
          "OSName/Windows",
          "OSVersion/Microsoft.Windows.10.0.22621",
          "Microsoft.Azure.Management.Automation.AutomationClient/1.8.0"
        ]
      },
      "RequestBody": "",
      "ResponseHeaders": {
        "Cache-Control": [
          "no-cache"
        ],
        "Pragma": [
          "no-cache"
        ],
        "x-ms-request-id": [
          "a673fbf9-d3a4-4e4d-9edc-8708122e76a2"
        ],
        "Server": [
          "Microsoft-HTTPAPI/2.0"
        ],
        "x-ms-ratelimit-remaining-subscription-reads": [
          "11999"
        ],
        "x-ms-correlation-request-id": [
          "3963c2cb-085e-4f4b-8692-9e0aeb405832"
        ],
        "x-ms-routing-request-id": [
          "WESTINDIA:20221006T062348Z:3963c2cb-085e-4f4b-8692-9e0aeb405832"
        ],
        "Strict-Transport-Security": [
          "max-age=31536000; includeSubDomains"
        ],
        "X-Content-Type-Options": [
          "nosniff"
        ],
        "Date": [
          "Thu, 06 Oct 2022 06:23:48 GMT"
        ],
        "Content-Length": [
          "437"
        ],
        "Content-Type": [
          "application/json; charset=utf-8"
        ],
        "Expires": [
          "-1"
        ]
      },
      "ResponseBody": "{\r\n  \"id\": \"/subscriptions/cd45f23b-b832-4fa4-a434-1bf7e6f14a5a/resourceGroups/to-delete-01/providers/Microsoft.Automation/automationAccounts/fbs-aa-01/variables/StringValue\",\r\n  \"name\": \"StringValue\",\r\n  \"type\": \"Microsoft.Automation/AutomationAccounts/Variables\",\r\n  \"properties\": {\r\n    \"creationTime\": \"2022-10-06T11:53:45.187+05:30\",\r\n    \"lastModifiedTime\": \"2022-10-06T11:53:47.59+05:30\",\r\n    \"isEncrypted\": false,\r\n    \"value\": \"\\\"StringValueChanged\\\"\",\r\n    \"description\": \"Hello\"\r\n  }\r\n}",
      "StatusCode": 200
    },
    {
      "RequestUri": "/subscriptions/cd45f23b-b832-4fa4-a434-1bf7e6f14a5a/resourceGroups/to-delete-01/providers/Microsoft.Automation/automationAccounts/fbs-aa-01/variables/StringValue?api-version=2022-08-08",
      "EncodedRequestUri": "L3N1YnNjcmlwdGlvbnMvY2Q0NWYyM2ItYjgzMi00ZmE0LWE0MzQtMWJmN2U2ZjE0YTVhL3Jlc291cmNlR3JvdXBzL3RvLWRlbGV0ZS0wMS9wcm92aWRlcnMvTWljcm9zb2Z0LkF1dG9tYXRpb24vYXV0b21hdGlvbkFjY291bnRzL2Zicy1hYS0wMS92YXJpYWJsZXMvU3RyaW5nVmFsdWU/YXBpLXZlcnNpb249MjAyMi0wOC0wOA==",
      "RequestMethod": "GET",
      "RequestHeaders": {
        "x-ms-client-request-id": [
          "3f17e6b8-9803-4196-a692-344d8682dd99"
        ],
        "Accept-Language": [
          "en-US"
        ],
        "User-Agent": [
          "FxVersion/4.700.22.41602",
          "OSName/Windows",
          "OSVersion/Microsoft.Windows.10.0.22621",
          "Microsoft.Azure.Management.Automation.AutomationClient/1.8.0"
        ]
      },
      "RequestBody": "",
      "ResponseHeaders": {
        "Cache-Control": [
          "no-cache"
        ],
        "Pragma": [
          "no-cache"
        ],
        "x-ms-request-id": [
          "3f17e6b8-9803-4196-a692-344d8682dd99"
        ],
        "Server": [
          "Microsoft-HTTPAPI/2.0"
        ],
        "x-ms-ratelimit-remaining-subscription-reads": [
          "11997"
        ],
        "x-ms-correlation-request-id": [
          "23e5832c-e191-48bd-80a8-b302f44405b6"
        ],
        "x-ms-routing-request-id": [
          "WESTINDIA:20221006T062353Z:23e5832c-e191-48bd-80a8-b302f44405b6"
        ],
        "Strict-Transport-Security": [
          "max-age=31536000; includeSubDomains"
        ],
        "X-Content-Type-Options": [
          "nosniff"
        ],
        "Date": [
          "Thu, 06 Oct 2022 06:23:52 GMT"
        ],
        "Content-Length": [
          "51"
        ],
        "Content-Type": [
          "application/json; charset=utf-8"
        ],
        "Expires": [
          "-1"
        ]
      },
      "ResponseBody": "{\r\n  \"code\": \"NotFound\",\r\n  \"message\": \"Variable not found.\"\r\n}",
      "StatusCode": 404
    },
    {
      "RequestUri": "/subscriptions/cd45f23b-b832-4fa4-a434-1bf7e6f14a5a/resourceGroups/to-delete-01/providers/Microsoft.Automation/automationAccounts/fbs-aa-01/variables/StringValue?api-version=2022-08-08",
      "EncodedRequestUri": "L3N1YnNjcmlwdGlvbnMvY2Q0NWYyM2ItYjgzMi00ZmE0LWE0MzQtMWJmN2U2ZjE0YTVhL3Jlc291cmNlR3JvdXBzL3RvLWRlbGV0ZS0wMS9wcm92aWRlcnMvTWljcm9zb2Z0LkF1dG9tYXRpb24vYXV0b21hdGlvbkFjY291bnRzL2Zicy1hYS0wMS92YXJpYWJsZXMvU3RyaW5nVmFsdWU/YXBpLXZlcnNpb249MjAyMi0wOC0wOA==",
      "RequestMethod": "PUT",
      "RequestHeaders": {
        "x-ms-client-request-id": [
          "a3997144-b24f-4e3b-8ba4-7254448b936a"
        ],
        "Accept-Language": [
          "en-US"
        ],
        "User-Agent": [
          "FxVersion/4.700.22.41602",
          "OSName/Windows",
          "OSVersion/Microsoft.Windows.10.0.22621",
          "Microsoft.Azure.Management.Automation.AutomationClient/1.8.0"
        ],
        "Content-Type": [
          "application/json; charset=utf-8"
        ],
        "Content-Length": [
          "142"
        ]
      },
      "RequestBody": "{\r\n  \"name\": \"StringValue\",\r\n  \"properties\": {\r\n    \"value\": \"\\\"StringValue\\\"\",\r\n    \"description\": \"Hello\",\r\n    \"isEncrypted\": false\r\n  }\r\n}",
      "ResponseHeaders": {
        "Cache-Control": [
          "no-cache"
        ],
        "Pragma": [
          "no-cache"
        ],
        "Location": [
          "https://management.azure.com/subscriptions/cd45f23b-b832-4fa4-a434-1bf7e6f14a5a/resourceGroups/to-delete-01/providers/Microsoft.Automation/automationAccounts/fbs-aa-01/variables/StringValue?api-version=2022-08-08"
        ],
        "x-ms-request-id": [
          "a3997144-b24f-4e3b-8ba4-7254448b936a"
        ],
        "Server": [
          "Microsoft-HTTPAPI/2.0"
        ],
        "x-ms-ratelimit-remaining-subscription-writes": [
          "1199"
        ],
        "x-ms-correlation-request-id": [
          "6cf5ca0d-6e7d-4aa5-b11f-736e2ab5a9f2"
        ],
        "x-ms-routing-request-id": [
          "WESTINDIA:20221006T062345Z:6cf5ca0d-6e7d-4aa5-b11f-736e2ab5a9f2"
        ],
        "Strict-Transport-Security": [
          "max-age=31536000; includeSubDomains"
        ],
        "X-Content-Type-Options": [
          "nosniff"
        ],
        "Date": [
          "Thu, 06 Oct 2022 06:23:45 GMT"
        ],
        "Content-Length": [
          "431"
        ],
        "Content-Type": [
          "application/json; charset=utf-8"
        ],
        "Expires": [
          "-1"
        ]
      },
      "ResponseBody": "{\r\n  \"name\": \"StringValue\",\r\n  \"id\": \"/subscriptions/cd45f23b-b832-4fa4-a434-1bf7e6f14a5a/resourceGroups/to-delete-01/providers/Microsoft.Automation/automationAccounts/fbs-aa-01/variables/StringValue\",\r\n  \"type\": \"Microsoft.Automation/AutomationAccounts/Variables\",\r\n  \"properties\": {\r\n    \"creationTime\": \"2022-10-06T11:53:45.187+05:30\",\r\n    \"lastModifiedTime\": \"2022-10-06T11:53:45.187+05:30\",\r\n    \"isEncrypted\": false,\r\n    \"value\": \"\\\"StringValue\\\"\",\r\n    \"description\": \"Hello\"\r\n  }\r\n}",
      "StatusCode": 201
    },
    {
      "RequestUri": "/subscriptions/cd45f23b-b832-4fa4-a434-1bf7e6f14a5a/resourceGroups/to-delete-01/providers/Microsoft.Automation/automationAccounts/fbs-aa-01/variables/StringValue?api-version=2022-08-08",
      "EncodedRequestUri": "L3N1YnNjcmlwdGlvbnMvY2Q0NWYyM2ItYjgzMi00ZmE0LWE0MzQtMWJmN2U2ZjE0YTVhL3Jlc291cmNlR3JvdXBzL3RvLWRlbGV0ZS0wMS9wcm92aWRlcnMvTWljcm9zb2Z0LkF1dG9tYXRpb24vYXV0b21hdGlvbkFjY291bnRzL2Zicy1hYS0wMS92YXJpYWJsZXMvU3RyaW5nVmFsdWU/YXBpLXZlcnNpb249MjAyMi0wOC0wOA==",
      "RequestMethod": "PATCH",
      "RequestHeaders": {
        "x-ms-client-request-id": [
          "2940d733-f922-4a8b-ad54-45f88d7c2f8e"
        ],
        "Accept-Language": [
          "en-US"
        ],
        "User-Agent": [
          "FxVersion/4.700.22.41602",
          "OSName/Windows",
          "OSVersion/Microsoft.Windows.10.0.22621",
          "Microsoft.Azure.Management.Automation.AutomationClient/1.8.0"
        ],
        "Content-Type": [
          "application/json; charset=utf-8"
        ],
        "Content-Length": [
          "93"
        ]
      },
      "RequestBody": "{\r\n  \"name\": \"StringValue\",\r\n  \"properties\": {\r\n    \"value\": \"\\\"StringValueChanged\\\"\"\r\n  }\r\n}",
      "ResponseHeaders": {
        "Cache-Control": [
          "no-cache"
        ],
        "Pragma": [
          "no-cache"
        ],
        "x-ms-request-id": [
          "2940d733-f922-4a8b-ad54-45f88d7c2f8e"
        ],
        "Server": [
          "Microsoft-HTTPAPI/2.0"
        ],
        "x-ms-ratelimit-remaining-subscription-writes": [
          "1199"
        ],
        "x-ms-correlation-request-id": [
          "75d69e72-e173-472e-84b4-fc015dac3b0a"
        ],
        "x-ms-routing-request-id": [
          "WESTINDIA:20221006T062347Z:75d69e72-e173-472e-84b4-fc015dac3b0a"
        ],
        "Strict-Transport-Security": [
          "max-age=31536000; includeSubDomains"
        ],
        "X-Content-Type-Options": [
          "nosniff"
        ],
        "Date": [
          "Thu, 06 Oct 2022 06:23:46 GMT"
        ],
        "Content-Length": [
          "437"
        ],
        "Content-Type": [
          "application/json; charset=utf-8"
        ],
        "Expires": [
          "-1"
        ]
      },
      "ResponseBody": "{\r\n  \"id\": \"/subscriptions/cd45f23b-b832-4fa4-a434-1bf7e6f14a5a/resourceGroups/to-delete-01/providers/Microsoft.Automation/automationAccounts/fbs-aa-01/variables/StringValue\",\r\n  \"name\": \"StringValue\",\r\n  \"type\": \"Microsoft.Automation/AutomationAccounts/Variables\",\r\n  \"properties\": {\r\n    \"creationTime\": \"2022-10-06T11:53:45.187+05:30\",\r\n    \"lastModifiedTime\": \"2022-10-06T11:53:47.59+05:30\",\r\n    \"isEncrypted\": false,\r\n    \"value\": \"\\\"StringValueChanged\\\"\",\r\n    \"description\": \"Hello\"\r\n  }\r\n}",
      "StatusCode": 200
    },
    {
      "RequestUri": "/subscriptions/cd45f23b-b832-4fa4-a434-1bf7e6f14a5a/resourceGroups/to-delete-01/providers/Microsoft.Automation/automationAccounts/fbs-aa-01/variables/StringValue?api-version=2022-08-08",
      "EncodedRequestUri": "L3N1YnNjcmlwdGlvbnMvY2Q0NWYyM2ItYjgzMi00ZmE0LWE0MzQtMWJmN2U2ZjE0YTVhL3Jlc291cmNlR3JvdXBzL3RvLWRlbGV0ZS0wMS9wcm92aWRlcnMvTWljcm9zb2Z0LkF1dG9tYXRpb24vYXV0b21hdGlvbkFjY291bnRzL2Zicy1hYS0wMS92YXJpYWJsZXMvU3RyaW5nVmFsdWU/YXBpLXZlcnNpb249MjAyMi0wOC0wOA==",
      "RequestMethod": "DELETE",
      "RequestHeaders": {
        "x-ms-client-request-id": [
          "d8eda959-2787-4573-86a1-e39a37ee16f5"
        ],
        "Accept-Language": [
          "en-US"
        ],
        "User-Agent": [
          "FxVersion/4.700.22.41602",
          "OSName/Windows",
          "OSVersion/Microsoft.Windows.10.0.22621",
          "Microsoft.Azure.Management.Automation.AutomationClient/1.8.0"
        ]
      },
      "RequestBody": "",
      "ResponseHeaders": {
        "Cache-Control": [
          "no-cache"
        ],
        "Pragma": [
          "no-cache"
        ],
        "x-ms-request-id": [
          "d8eda959-2787-4573-86a1-e39a37ee16f5"
        ],
        "Server": [
          "Microsoft-HTTPAPI/2.0"
        ],
        "x-ms-ratelimit-remaining-subscription-deletes": [
          "14999"
        ],
        "x-ms-correlation-request-id": [
          "b1eb199e-d8df-42d4-b596-9889f37e2c5e"
        ],
        "x-ms-routing-request-id": [
          "WESTINDIA:20221006T062352Z:b1eb199e-d8df-42d4-b596-9889f37e2c5e"
        ],
        "Strict-Transport-Security": [
          "max-age=31536000; includeSubDomains"
        ],
        "X-Content-Type-Options": [
          "nosniff"
        ],
        "Date": [
          "Thu, 06 Oct 2022 06:23:52 GMT"
        ],
        "Expires": [
          "-1"
        ],
        "Content-Length": [
          "0"
        ]
      },
      "ResponseBody": "",
      "StatusCode": 200
    }
  ],
  "Names": {},
  "Variables": {}
}