{
  "AzStackHCIVmLogicalNetwork+[NoContext]+List+$GET+https://management.azure.com/subscriptions/0709bd7a-8383-4e1d-98c8-f81d1b3443fc/resourceGroups/AltaylSnClus-rg/providers/Microsoft.AzureStackHCI/logicalNetworks?api-version=2023-09-01-preview+1": {
    "Request": {
      "Method": "GET",
      "RequestUri": "https://management.azure.com/subscriptions/0709bd7a-8383-4e1d-98c8-f81d1b3443fc/resourceGroups/AltaylSnClus-rg/providers/Microsoft.AzureStackHCI/logicalNetworks?api-version=2023-09-01-preview",
      "Content": null,
      "Headers": {
        "x-ms-unique-id": [ "1" ],
        "x-ms-client-request-id": [ "dd982eb6-3c11-4e69-8650-f933975ec036" ],
        "CommandName": [ "Get-AzStackHCIVMLogicalNetwork" ],
        "FullCommandName": [ "Get-AzStackHCIVmLogicalNetwork_List" ],
        "ParameterSetName": [ "__AllParameterSets" ],
        "User-Agent": [ "AzurePowershell/Az4.0.0-preview" ],
        "Authorization": [ "[Filtered]" ]
      },
      "ContentHeaders": {
      }
    },
    "Response": {
      "StatusCode": 200,
      "Headers": {
        "Cache-Control": [ "no-cache" ],
        "Pragma": [ "no-cache" ],
        "x-ms-original-request-ids": [ "255e2767-c591-4308-918e-5107ebf54c04", "87087850-4432-49e4-9d2e-4cfb2fbbb856", "1893ec4c-6086-4d4e-8c6f-ac717fdd1af3", "8f3621a6-ed4c-4919-abbc-0be6a6631531", "6c02c32c-4df5-4e90-9495-6cd2f73651e3", "fa2cbddb-0333-472e-9d55-bf3dd00958e6" ],
        "x-ms-ratelimit-remaining-subscription-reads": [ "11999" ],
        "x-ms-request-id": [ "9e7f6ce2-904b-4745-9395-f1562857f234" ],
        "x-ms-correlation-request-id": [ "9e7f6ce2-904b-4745-9395-f1562857f234" ],
        "x-ms-routing-request-id": [ "WESTUS2:20231106T232926Z:9e7f6ce2-904b-4745-9395-f1562857f234" ],
        "Strict-Transport-Security": [ "max-age=31536000; includeSubDomains" ],
        "X-Content-Type-Options": [ "nosniff" ],
        "X-Cache": [ "CONFIG_NOCACHE" ],
        "X-MSEdge-Ref": [ "Ref A: 4988C27C78F74CA78AEE606502EAE6C0 Ref B: CO6AA3150218031 Ref C: 2023-11-06T23:29:26Z" ],
        "Date": [ "Mon, 06 Nov 2023 23:29:26 GMT" ]
      },
      "ContentHeaders": {
        "Content-Length": [ "1728" ],
        "Content-Type": [ "application/json; charset=utf-8" ],
        "Expires": [ "-1" ]
      },
      "Content": "{\"value\":[{\"id\":\"/subscriptions/0709bd7a-8383-4e1d-98c8-f81d1b3443fc/resourceGroups/AltaylSnClus-rg/providers/Microsoft.AzureStackHCI/logicalnetworks/altaylvnet2\",\"name\":\"altaylvnet2\",\"type\":\"microsoft.azurestackhci/logicalnetworks\",\"location\":\"eastus2euap\",\"extendedLocation\":{\"name\":\"/subscriptions/0709bd7a-8383-4e1d-98c8-f81d1b3443fc/resourceGroups/AltaylSnClus-rg/providers/Microsoft.ExtendedLocation/customLocations/myResourceBridge-cl\",\"type\":\"CustomLocation\"},\"systemData\":{\"createdBy\":\"altayl@microsoft.com\",\"createdByType\":\"User\",\"createdAt\":\"2023-10-18T20:57:59.7337776Z\",\"lastModifiedBy\":\"319f651f-7ddb-4fc6-9857-7aef9250bd05\",\"lastModifiedByType\":\"Application\",\"lastModifiedAt\":\"2023-10-20T14:52:58.7058407Z\"},\"properties\":{\"provisioningState\":\"Succeeded\",\"subnets\":[],\"vmSwitchName\":\"ExternalSwitch\",\"status\":{},\"dhcpOptions\":{}}},{\"id\":\"/subscriptions/0709bd7a-8383-4e1d-98c8-f81d1b3443fc/resourceGroups/AltaylSnClus-rg/providers/Microsoft.AzureStackHCI/logicalNetworks/bugbashlnet\",\"name\":\"bugbashlnet\",\"type\":\"microsoft.azurestackhci/logicalnetworks\",\"location\":\"eastus2euap\",\"extendedLocation\":{\"name\":\"/subscriptions/0709bd7a-8383-4e1d-98c8-f81d1b3443fc/resourceGroups/AltaylSnClus-rg/providers/Microsoft.ExtendedLocation/customLocations/myResourceBridge-cl\",\"type\":\"CustomLocation\"},\"systemData\":{\"createdBy\":\"altayl@microsoft.com\",\"createdByType\":\"User\",\"createdAt\":\"2023-11-01T18:29:16.6925646Z\",\"lastModifiedBy\":\"319f651f-7ddb-4fc6-9857-7aef9250bd05\",\"lastModifiedByType\":\"Application\",\"lastModifiedAt\":\"2023-11-01T18:31:25.0533724Z\"},\"properties\":{\"provisioningState\":\"Succeeded\",\"subnets\":[{\"properties\":{\"routeTable\":{\"properties\":{}}}}],\"vmSwitchName\":\"ExternalSwitch\",\"status\":{},\"dhcpOptions\":{}}}]}"
    }
  },
  "AzStackHCIVmLogicalNetwork+[NoContext]+Get+$GET+https://management.azure.com/subscriptions/0709bd7a-8383-4e1d-98c8-f81d1b3443fc/resourceGroups/AltaylSnClus-rg/providers/Microsoft.AzureStackHCI/logicalNetworks/testLnetPowershell1106?api-version=2023-09-01-preview+1": {
    "Request": {
      "Method": "GET",
      "RequestUri": "https://management.azure.com/subscriptions/0709bd7a-8383-4e1d-98c8-f81d1b3443fc/resourceGroups/AltaylSnClus-rg/providers/Microsoft.AzureStackHCI/logicalNetworks/testLnetPowershell1106?api-version=2023-09-01-preview",
      "Content": null,
      "Headers": {
        "x-ms-unique-id": [ "2" ],
        "x-ms-client-request-id": [ "2f7537b8-52b2-4738-be07-4ce753602c95" ],
        "CommandName": [ "Get-AzStackHCIVMLogicalNetwork" ],
        "FullCommandName": [ "Get-AzStackHCIVmLogicalNetwork_Get" ],
        "ParameterSetName": [ "__AllParameterSets" ],
        "User-Agent": [ "AzurePowershell/Az4.0.0-preview" ],
        "Authorization": [ "[Filtered]" ]
      },
      "ContentHeaders": {
      }
    },
    "Response": {
      "StatusCode": 404,
      "Headers": {
        "Cache-Control": [ "no-cache" ],
        "Pragma": [ "no-cache" ],
        "x-ms-failure-cause": [ "gateway" ],
        "x-ms-request-id": [ "32a5767c-106b-492a-8697-c63f456b13fd" ],
        "x-ms-correlation-request-id": [ "32a5767c-106b-492a-8697-c63f456b13fd" ],
        "x-ms-routing-request-id": [ "WESTUS2:20231106T232927Z:32a5767c-106b-492a-8697-c63f456b13fd" ],
        "Strict-Transport-Security": [ "max-age=31536000; includeSubDomains" ],
        "X-Content-Type-Options": [ "nosniff" ],
        "X-Cache": [ "CONFIG_NOCACHE" ],
        "X-MSEdge-Ref": [ "Ref A: 7E66856CDE7B4EB4BE74D17D4630AFDB Ref B: CO6AA3150218031 Ref C: 2023-11-06T23:29:27Z" ],
        "Date": [ "Mon, 06 Nov 2023 23:29:27 GMT" ]
      },
      "ContentHeaders": {
        "Content-Length": [ "249" ],
        "Content-Type": [ "application/json; charset=utf-8" ],
        "Expires": [ "-1" ]
      },
      "Content": "{\"error\":{\"code\":\"ResourceNotFound\",\"message\":\"The Resource \u0027Microsoft.AzureStackHCI/logicalNetworks/testLnetPowershell1106\u0027 under resource group \u0027AltaylSnClus-rg\u0027 was not found. For more details please go to https://aka.ms/ARMResourceNotFoundFix\"}}"
    }
  },
  "AzStackHCIVmLogicalNetwork+[NoContext]+Delete+$GET+https://management.azure.com/subscriptions/0709bd7a-8383-4e1d-98c8-f81d1b3443fc/resourceGroups/AltaylSnClus-rg/providers/Microsoft.AzureStackHCI/logicalNetworks/testLnetPowershell1106?api-version=2023-09-01-preview+1": {
    "Request": {
      "Method": "GET",
      "RequestUri": "https://management.azure.com/subscriptions/0709bd7a-8383-4e1d-98c8-f81d1b3443fc/resourceGroups/AltaylSnClus-rg/providers/Microsoft.AzureStackHCI/logicalNetworks/testLnetPowershell1106?api-version=2023-09-01-preview",
      "Content": null,
      "Headers": {
        "x-ms-unique-id": [ "4" ],
        "x-ms-client-request-id": [ "198b007e-b3df-4b73-85f5-c9e904a75e13" ],
        "CommandName": [ "Get-AzStackHCIVMLogicalNetwork" ],
        "FullCommandName": [ "Get-AzStackHCIVmLogicalNetwork_Get" ],
        "ParameterSetName": [ "__AllParameterSets" ],
        "User-Agent": [ "AzurePowershell/Az4.0.0-preview" ],
        "Authorization": [ "[Filtered]" ]
      },
      "ContentHeaders": {
      }
    },
    "Response": {
      "StatusCode": 404,
      "Headers": {
        "Cache-Control": [ "no-cache" ],
        "Pragma": [ "no-cache" ],
        "x-ms-failure-cause": [ "gateway" ],
        "x-ms-request-id": [ "b8943c5c-5428-4f65-925c-47a39654d6c5" ],
        "x-ms-correlation-request-id": [ "b8943c5c-5428-4f65-925c-47a39654d6c5" ],
        "x-ms-routing-request-id": [ "WESTUS2:20231106T232927Z:b8943c5c-5428-4f65-925c-47a39654d6c5" ],
        "Strict-Transport-Security": [ "max-age=31536000; includeSubDomains" ],
        "X-Content-Type-Options": [ "nosniff" ],
        "X-Cache": [ "CONFIG_NOCACHE" ],
        "X-MSEdge-Ref": [ "Ref A: 377ED546195D4BBBA3259C92C501A825 Ref B: CO6AA3150218031 Ref C: 2023-11-06T23:29:27Z" ],
        "Date": [ "Mon, 06 Nov 2023 23:29:27 GMT" ]
      },
      "ContentHeaders": {
        "Content-Length": [ "249" ],
        "Content-Type": [ "application/json; charset=utf-8" ],
        "Expires": [ "-1" ]
      },
      "Content": "{\"error\":{\"code\":\"ResourceNotFound\",\"message\":\"The Resource \u0027Microsoft.AzureStackHCI/logicalNetworks/testLnetPowershell1106\u0027 under resource group \u0027AltaylSnClus-rg\u0027 was not found. For more details please go to https://aka.ms/ARMResourceNotFoundFix\"}}"
    }
  }
}