{
  "AzStackHCIVmLogicalNetwork+[NoContext]+List+$GET+https://management.azure.com/subscriptions/0709bd7a-8383-4e1d-98c8-f81d1b3443fc/resourceGroups/AltaylSnClus-rg/providers/Microsoft.AzureStackHCI/logicalNetworks?api-version=2023-09-01-preview+1": {
    "Request": {
      "Method": "GET",
      "RequestUri": "https://management.azure.com/subscriptions/0709bd7a-8383-4e1d-98c8-f81d1b3443fc/resourceGroups/AltaylSnClus-rg/providers/Microsoft.AzureStackHCI/logicalNetworks?api-version=2023-09-01-preview",
      "Content": null,
      "Headers": {
        "x-ms-unique-id": [ "8" ],
        "x-ms-client-request-id": [ "42f8bad0-fcd5-4e86-9f9f-e75527866e23" ],
        "CommandName": [ "Get-AzStackHCIVMLogicalNetwork" ],
        "FullCommandName": [ "Get-AzStackHCIVmLogicalNetwork_List" ],
        "ParameterSetName": [ "__AllParameterSets" ],
        "User-Agent": [ "AzurePowershell/Az4.0.0-preview" ],
        "Authorization": [ "[Filtered]" ]
      },
      "ContentHeaders": {
      }
    },
    "Response": {
      "StatusCode": 200,
      "Headers": {
        "Cache-Control": [ "no-cache" ],
        "Pragma": [ "no-cache" ],
        "x-ms-original-request-ids": [ "54e3a528-2d7d-4010-88bf-e3ad947fd4dd", "edda1ee4-d907-4045-a351-5eade2875cfc", "a5f13910-cc67-45de-a3d2-45c425a23b98", "b308bbea-2d78-451e-af07-d52b766f8c99", "f6f1e41f-f0d0-47b1-b5b4-c79c7156d579", "658c2b80-8ba1-4b8f-957a-8372759cd271" ],
        "x-ms-ratelimit-remaining-subscription-reads": [ "11999" ],
        "x-ms-request-id": [ "f50143f2-a77c-456d-9250-7024ed732d9e" ],
        "x-ms-correlation-request-id": [ "f50143f2-a77c-456d-9250-7024ed732d9e" ],
        "x-ms-routing-request-id": [ "WESTUS2:20231106T234804Z:f50143f2-a77c-456d-9250-7024ed732d9e" ],
        "Strict-Transport-Security": [ "max-age=31536000; includeSubDomains" ],
        "X-Content-Type-Options": [ "nosniff" ],
        "X-Cache": [ "CONFIG_NOCACHE" ],
        "X-MSEdge-Ref": [ "Ref A: 7DC465ADBD184C38B9E71C4EE5CDD87A Ref B: CO6AA3150220031 Ref C: 2023-11-06T23:48:03Z" ],
        "Date": [ "Mon, 06 Nov 2023 23:48:03 GMT" ]
      },
      "ContentHeaders": {
        "Content-Length": [ "2660" ],
        "Content-Type": [ "application/json; charset=utf-8" ],
        "Expires": [ "-1" ]
      },
      "Content": "{\"value\":[{\"id\":\"/subscriptions/0709bd7a-8383-4e1d-98c8-f81d1b3443fc/resourceGroups/AltaylSnClus-rg/providers/Microsoft.AzureStackHCI/logicalNetworks/testLnetPowershell1106\",\"name\":\"testLnetPowershell1106\",\"type\":\"microsoft.azurestackhci/logicalnetworks\",\"location\":\"eastus\",\"extendedLocation\":{\"name\":\"/subscriptions/0709bd7a-8383-4e1d-98c8-f81d1b3443fc/resourceGroups/AltaylSnClus-rg/providers/Microsoft.ExtendedLocation/customLocations/myResourceBridge-cl\",\"type\":\"CustomLocation\"},\"systemData\":{\"createdBy\":\"havedati@microsoft.com\",\"createdByType\":\"User\",\"createdAt\":\"2023-11-06T23:45:31.7494457Z\",\"lastModifiedBy\":\"319f651f-7ddb-4fc6-9857-7aef9250bd05\",\"lastModifiedByType\":\"Application\",\"lastModifiedAt\":\"2023-11-06T23:47:40.1564678Z\"},\"properties\":{\"provisioningState\":\"Succeeded\",\"subnets\":[{\"properties\":{\"ipAllocationMethod\":\"Dynamic\",\"routeTable\":{\"properties\":{}}}}],\"vmSwitchName\":\"ExternalSwitch\",\"status\":{},\"dhcpOptions\":{}}},{\"id\":\"/subscriptions/0709bd7a-8383-4e1d-98c8-f81d1b3443fc/resourceGroups/AltaylSnClus-rg/providers/Microsoft.AzureStackHCI/logicalnetworks/altaylvnet2\",\"name\":\"altaylvnet2\",\"type\":\"microsoft.azurestackhci/logicalnetworks\",\"location\":\"eastus2euap\",\"extendedLocation\":{\"name\":\"/subscriptions/0709bd7a-8383-4e1d-98c8-f81d1b3443fc/resourceGroups/AltaylSnClus-rg/providers/Microsoft.ExtendedLocation/customLocations/myResourceBridge-cl\",\"type\":\"CustomLocation\"},\"systemData\":{\"createdBy\":\"altayl@microsoft.com\",\"createdByType\":\"User\",\"createdAt\":\"2023-10-18T20:57:59.7337776Z\",\"lastModifiedBy\":\"319f651f-7ddb-4fc6-9857-7aef9250bd05\",\"lastModifiedByType\":\"Application\",\"lastModifiedAt\":\"2023-10-20T14:52:58.7058407Z\"},\"properties\":{\"provisioningState\":\"Succeeded\",\"subnets\":[],\"vmSwitchName\":\"ExternalSwitch\",\"status\":{},\"dhcpOptions\":{}}},{\"id\":\"/subscriptions/0709bd7a-8383-4e1d-98c8-f81d1b3443fc/resourceGroups/AltaylSnClus-rg/providers/Microsoft.AzureStackHCI/logicalNetworks/bugbashlnet\",\"name\":\"bugbashlnet\",\"type\":\"microsoft.azurestackhci/logicalnetworks\",\"location\":\"eastus2euap\",\"extendedLocation\":{\"name\":\"/subscriptions/0709bd7a-8383-4e1d-98c8-f81d1b3443fc/resourceGroups/AltaylSnClus-rg/providers/Microsoft.ExtendedLocation/customLocations/myResourceBridge-cl\",\"type\":\"CustomLocation\"},\"systemData\":{\"createdBy\":\"altayl@microsoft.com\",\"createdByType\":\"User\",\"createdAt\":\"2023-11-01T18:29:16.6925646Z\",\"lastModifiedBy\":\"319f651f-7ddb-4fc6-9857-7aef9250bd05\",\"lastModifiedByType\":\"Application\",\"lastModifiedAt\":\"2023-11-01T18:31:25.0533724Z\"},\"properties\":{\"provisioningState\":\"Succeeded\",\"subnets\":[{\"properties\":{\"routeTable\":{\"properties\":{}}}}],\"vmSwitchName\":\"ExternalSwitch\",\"status\":{},\"dhcpOptions\":{}}}]}"
    }
  },
  "AzStackHCIVmLogicalNetwork+[NoContext]+Get+$GET+https://management.azure.com/subscriptions/0709bd7a-8383-4e1d-98c8-f81d1b3443fc/resourceGroups/AltaylSnClus-rg/providers/Microsoft.AzureStackHCI/logicalNetworks/testLnetPowershell1106?api-version=2023-09-01-preview+1": {
    "Request": {
      "Method": "GET",
      "RequestUri": "https://management.azure.com/subscriptions/0709bd7a-8383-4e1d-98c8-f81d1b3443fc/resourceGroups/AltaylSnClus-rg/providers/Microsoft.AzureStackHCI/logicalNetworks/testLnetPowershell1106?api-version=2023-09-01-preview",
      "Content": null,
      "Headers": {
        "x-ms-unique-id": [ "9" ],
        "x-ms-client-request-id": [ "9fb7c6c8-202b-4cf3-aa9c-2c1b566b3527" ],
        "CommandName": [ "Get-AzStackHCIVMLogicalNetwork" ],
        "FullCommandName": [ "Get-AzStackHCIVmLogicalNetwork_Get" ],
        "ParameterSetName": [ "__AllParameterSets" ],
        "User-Agent": [ "AzurePowershell/Az4.0.0-preview" ],
        "Authorization": [ "[Filtered]" ]
      },
      "ContentHeaders": {
      }
    },
    "Response": {
      "StatusCode": 200,
      "Headers": {
        "Cache-Control": [ "no-cache" ],
        "Pragma": [ "no-cache" ],
        "ETag": [ "\"1c026f71-0000-0100-0000-65497b1c0000\"" ],
        "x-ms-ratelimit-remaining-subscription-reads": [ "11999" ],
        "x-ms-providerhub-traffic": [ "True" ],
        "x-ms-request-id": [ "4ccb4b3f-083e-4197-8d7b-7f7d5030e76a" ],
        "x-ms-correlation-request-id": [ "56d0955c-ad11-45df-bda7-e58d516a0037" ],
        "x-ms-routing-request-id": [ "WESTUS2:20231106T234804Z:56d0955c-ad11-45df-bda7-e58d516a0037" ],
        "Strict-Transport-Security": [ "max-age=31536000; includeSubDomains" ],
        "X-Content-Type-Options": [ "nosniff" ],
        "X-Cache": [ "CONFIG_NOCACHE" ],
        "X-MSEdge-Ref": [ "Ref A: 2D57683E8E184810B3FD0DC86CED0E13 Ref B: CO6AA3150220031 Ref C: 2023-11-06T23:48:04Z" ],
        "Date": [ "Mon, 06 Nov 2023 23:48:03 GMT" ]
      },
      "ContentHeaders": {
        "Content-Length": [ "931" ],
        "Content-Type": [ "application/json; charset=utf-8" ],
        "Expires": [ "-1" ]
      },
      "Content": "{\"id\":\"/subscriptions/0709bd7a-8383-4e1d-98c8-f81d1b3443fc/resourceGroups/AltaylSnClus-rg/providers/Microsoft.AzureStackHCI/logicalNetworks/testLnetPowershell1106\",\"name\":\"testLnetPowershell1106\",\"type\":\"microsoft.azurestackhci/logicalnetworks\",\"location\":\"eastus\",\"extendedLocation\":{\"name\":\"/subscriptions/0709bd7a-8383-4e1d-98c8-f81d1b3443fc/resourceGroups/AltaylSnClus-rg/providers/Microsoft.ExtendedLocation/customLocations/myResourceBridge-cl\",\"type\":\"CustomLocation\"},\"systemData\":{\"createdBy\":\"havedati@microsoft.com\",\"createdByType\":\"User\",\"createdAt\":\"2023-11-06T23:45:31.7494457Z\",\"lastModifiedBy\":\"319f651f-7ddb-4fc6-9857-7aef9250bd05\",\"lastModifiedByType\":\"Application\",\"lastModifiedAt\":\"2023-11-06T23:47:40.1564678Z\"},\"properties\":{\"provisioningState\":\"Succeeded\",\"subnets\":[{\"properties\":{\"ipAllocationMethod\":\"Dynamic\",\"routeTable\":{\"properties\":{}}}}],\"vmSwitchName\":\"ExternalSwitch\",\"status\":{},\"dhcpOptions\":{}}}"
    }
  },
  "AzStackHCIVmLogicalNetwork+[NoContext]+Delete+$GET+https://management.azure.com/subscriptions/0709bd7a-8383-4e1d-98c8-f81d1b3443fc/resourceGroups/AltaylSnClus-rg/providers/Microsoft.AzureStackHCI/logicalNetworks/testLnetPowershell1106?api-version=2023-09-01-preview+1": {
    "Request": {
      "Method": "GET",
      "RequestUri": "https://management.azure.com/subscriptions/0709bd7a-8383-4e1d-98c8-f81d1b3443fc/resourceGroups/AltaylSnClus-rg/providers/Microsoft.AzureStackHCI/logicalNetworks/testLnetPowershell1106?api-version=2023-09-01-preview",
      "Content": null,
      "Headers": {
        "x-ms-unique-id": [ "13" ],
        "x-ms-client-request-id": [ "d0cd99a2-db25-4d39-8724-6e290044bcc9" ],
        "CommandName": [ "Get-AzStackHCIVMLogicalNetwork" ],
        "FullCommandName": [ "Get-AzStackHCIVmLogicalNetwork_Get" ],
        "ParameterSetName": [ "__AllParameterSets" ],
        "User-Agent": [ "AzurePowershell/Az4.0.0-preview" ],
        "Authorization": [ "[Filtered]" ]
      },
      "ContentHeaders": {
      }
    },
    "Response": {
      "StatusCode": 404,
      "Headers": {
        "Cache-Control": [ "no-cache" ],
        "Pragma": [ "no-cache" ],
        "x-ms-ratelimit-remaining-subscription-reads": [ "11997" ],
        "x-ms-providerhub-traffic": [ "True" ],
        "x-ms-failure-cause": [ "gateway" ],
        "x-ms-request-id": [ "324a3fc8-af98-4990-ab39-95fe02435fef" ],
        "x-ms-correlation-request-id": [ "729f7e72-d872-4c81-995e-79143c345a7f" ],
        "x-ms-routing-request-id": [ "WESTUS2:20231106T234835Z:729f7e72-d872-4c81-995e-79143c345a7f" ],
        "Strict-Transport-Security": [ "max-age=31536000; includeSubDomains" ],
        "X-Content-Type-Options": [ "nosniff" ],
        "X-Cache": [ "CONFIG_NOCACHE" ],
        "X-MSEdge-Ref": [ "Ref A: 91C3D415C8CE40C48FC679E9AA4D3053 Ref B: CO6AA3150220031 Ref C: 2023-11-06T23:48:35Z" ],
        "Date": [ "Mon, 06 Nov 2023 23:48:35 GMT" ]
      },
      "ContentHeaders": {
        "Content-Length": [ "147" ],
        "Content-Type": [ "application/json" ],
        "Expires": [ "-1" ]
      },
      "Content": "{\"error\":{\"code\":\"ResourceNotFound\",\"message\":\"The resource \u0027Microsoft.AzureStackHCI/logicalNetworks/testLnetPowershell1106\u0027 could not be found.\"}}"
    }
  }
}