{
  "Entries": [
    {
      "RequestUri": "/subscriptions/55f3dcd4-cac7-43b4-990b-a139d62a1eb2/resourcegroups/RGName-ps4593?api-version=2016-02-01",
      "EncodedRequestUri": "L3N1YnNjcmlwdGlvbnMvNTVmM2RjZDQtY2FjNy00M2I0LTk5MGItYTEzOWQ2MmExZWIyL3Jlc291cmNlZ3JvdXBzL1JHTmFtZS1wczQ1OTM/YXBpLXZlcnNpb249MjAxNi0wMi0wMQ==",
      "RequestMethod": "PUT",
      "RequestBody": "{\r\n  \"location\": \"westus2\"\r\n}",
      "RequestHeaders": {
        "Content-Type": [
          "application/json; charset=utf-8"
        ],
        "Content-Length": [
          "29"
        ],
        "User-Agent": [
          "Microsoft.Azure.Management.Resources.ResourceManagementClient/2.0.0.0"
        ]
      },
      "ResponseBody": "{\r\n  \"id\": \"/subscriptions/55f3dcd4-cac7-43b4-990b-a139d62a1eb2/resourceGroups/RGName-ps4593\",\r\n  \"name\": \"RGName-ps4593\",\r\n  \"location\": \"westus2\",\r\n  \"properties\": {\r\n    \"provisioningState\": \"Succeeded\"\r\n  }\r\n}",
      "ResponseHeaders": {
        "Content-Length": [
          "180"
        ],
        "Content-Type": [
          "application/json; charset=utf-8"
        ],
        "Expires": [
          "-1"
        ],
        "Pragma": [
          "no-cache"
        ],
        "x-ms-ratelimit-remaining-subscription-writes": [
          "1199"
        ],
        "x-ms-request-id": [
          "42a35a83-279c-451e-af74-a199bd6ab2f6"
        ],
        "x-ms-correlation-request-id": [
          "42a35a83-279c-451e-af74-a199bd6ab2f6"
        ],
        "x-ms-routing-request-id": [
          "WESTUS2:20171208T193725Z:42a35a83-279c-451e-af74-a199bd6ab2f6"
        ],
        "Strict-Transport-Security": [
          "max-age=31536000; includeSubDomains"
        ],
        "Cache-Control": [
          "no-cache"
        ],
        "Date": [
          "Fri, 08 Dec 2017 19:37:24 GMT"
        ]
      },
      "StatusCode": 201
    },
    {
      "RequestUri": "//subscriptions/55f3dcd4-cac7-43b4-990b-a139d62a1eb2/resourceGroups/RGName-ps4593/providers/Microsoft.EventGrid/eventSubscriptions/EventSubscription-ps5314?api-version=2017-09-15-preview",
      "EncodedRequestUri": "Ly9zdWJzY3JpcHRpb25zLzU1ZjNkY2Q0LWNhYzctNDNiNC05OTBiLWExMzlkNjJhMWViMi9yZXNvdXJjZUdyb3Vwcy9SR05hbWUtcHM0NTkzL3Byb3ZpZGVycy9NaWNyb3NvZnQuRXZlbnRHcmlkL2V2ZW50U3Vic2NyaXB0aW9ucy9FdmVudFN1YnNjcmlwdGlvbi1wczUzMTQ/YXBpLXZlcnNpb249MjAxNy0wOS0xNS1wcmV2aWV3",
      "RequestMethod": "PUT",
      "RequestBody": "{\r\n  \"properties\": {\r\n    \"destination\": {\r\n      \"endpointType\": \"WebHook\",\r\n      \"properties\": {\r\n        \"endpointUrl\": \"https://requestb.in/19qlscd1\"\r\n      }\r\n    },\r\n    \"filter\": {\r\n      \"includedEventTypes\": [\r\n        \"All\"\r\n      ],\r\n      \"isSubjectCaseSensitive\": false\r\n    },\r\n    \"labels\": [\r\n      \"Finance\",\r\n      \"HR\"\r\n    ]\r\n  }\r\n}",
      "RequestHeaders": {
        "Content-Type": [
          "application/json; charset=utf-8"
        ],
        "Content-Length": [
          "353"
        ],
        "x-ms-client-request-id": [
          "33b3e1b2-94d8-45c6-9113-ef770fcf01f7"
        ],
        "accept-language": [
          "en-US"
        ],
        "User-Agent": [
          "FxVersion/4.7.2600.0",
          "OSName/Windows10Enterprise",
          "OSVersion/6.3.16299",
          "Microsoft.Azure.Management.EventGrid.EventGridManagementClient/1.1.0.0"
        ]
      },
      "ResponseBody": "{\r\n  \"properties\": {\r\n    \"topic\": \"/subscriptions/55f3dcd4-cac7-43b4-990b-a139d62a1eb2/resourceGroups/rgname-ps4593\",\r\n    \"provisioningState\": \"Creating\",\r\n    \"destination\": {\r\n      \"properties\": {\r\n        \"endpointUrl\": null,\r\n        \"endpointBaseUrl\": \"https://requestb.in/19qlscd1\"\r\n      },\r\n      \"endpointType\": \"WebHook\"\r\n    },\r\n    \"filter\": {\r\n      \"includedEventTypes\": [\r\n        \"All\"\r\n      ]\r\n    },\r\n    \"labels\": [\r\n      \"Finance\",\r\n      \"HR\"\r\n    ]\r\n  },\r\n  \"id\": \"/subscriptions/55f3dcd4-cac7-43b4-990b-a139d62a1eb2/resourceGroups/RGName-ps4593/providers/Microsoft.EventGrid/eventSubscriptions/EventSubscription-ps5314\",\r\n  \"name\": \"EventSubscription-ps5314\",\r\n  \"type\": \"Microsoft.EventGrid/eventSubscriptions\"\r\n}",
      "ResponseHeaders": {
        "Content-Length": [
          "572"
        ],
        "Content-Type": [
          "application/json; charset=utf-8"
        ],
        "Expires": [
          "-1"
        ],
        "Pragma": [
          "no-cache"
        ],
        "Retry-After": [
          "10"
        ],
        "Azure-AsyncOperation": [
          "https://management.azure.com:443/subscriptions/55f3dcd4-cac7-43b4-990b-a139d62a1eb2/providers/Microsoft.EventGrid/operationsStatus/FA000A8D-3EAF-4DD9-A772-8AE2B96053A9?api-version=2017-09-15-preview"
        ],
        "x-ms-request-id": [
          "a14b6280-ddb6-421e-abbb-f6d0d2c36aee"
        ],
        "x-ms-ratelimit-remaining-subscription-writes": [
          "1199"
        ],
        "x-ms-correlation-request-id": [
          "aa076996-c064-4031-ae34-207aa743e813"
        ],
        "x-ms-routing-request-id": [
          "WESTUS2:20171208T193728Z:aa076996-c064-4031-ae34-207aa743e813"
        ],
        "Strict-Transport-Security": [
          "max-age=31536000; includeSubDomains"
        ],
        "Cache-Control": [
          "no-cache"
        ],
        "Date": [
          "Fri, 08 Dec 2017 19:37:27 GMT"
        ],
        "Server": [
          "Microsoft-HTTPAPI/2.0"
        ]
      },
      "StatusCode": 201
    },
    {
      "RequestUri": "/subscriptions/55f3dcd4-cac7-43b4-990b-a139d62a1eb2/providers/Microsoft.EventGrid/operationsStatus/FA000A8D-3EAF-4DD9-A772-8AE2B96053A9?api-version=2017-09-15-preview",
      "EncodedRequestUri": "L3N1YnNjcmlwdGlvbnMvNTVmM2RjZDQtY2FjNy00M2I0LTk5MGItYTEzOWQ2MmExZWIyL3Byb3ZpZGVycy9NaWNyb3NvZnQuRXZlbnRHcmlkL29wZXJhdGlvbnNTdGF0dXMvRkEwMDBBOEQtM0VBRi00REQ5LUE3NzItOEFFMkI5NjA1M0E5P2FwaS12ZXJzaW9uPTIwMTctMDktMTUtcHJldmlldw==",
      "RequestMethod": "GET",
      "RequestBody": "",
      "RequestHeaders": {
        "User-Agent": [
          "FxVersion/4.7.2600.0",
          "OSName/Windows10Enterprise",
          "OSVersion/6.3.16299",
          "Microsoft.Azure.Management.EventGrid.EventGridManagementClient/1.1.0.0"
        ]
      },
      "ResponseBody": "{\r\n  \"id\": \"https://management.azure.com/subscriptions/55f3dcd4-cac7-43b4-990b-a139d62a1eb2/providers/Microsoft.EventGrid/operationsStatus/FA000A8D-3EAF-4DD9-A772-8AE2B96053A9?api-version=2017-09-15-preview\",\r\n  \"name\": \"fa000a8d-3eaf-4dd9-a772-8ae2b96053a9\",\r\n  \"status\": \"Succeeded\"\r\n}",
      "ResponseHeaders": {
        "Content-Length": [
          "270"
        ],
        "Content-Type": [
          "application/json; charset=utf-8"
        ],
        "Expires": [
          "-1"
        ],
        "Pragma": [
          "no-cache"
        ],
        "x-ms-request-id": [
          "ca558aa7-d054-4129-a576-9d579ece8950"
        ],
        "x-ms-ratelimit-remaining-subscription-reads": [
          "14987"
        ],
        "x-ms-correlation-request-id": [
          "5ac9de30-65d6-4195-a2a6-94c46f85bf01"
        ],
        "x-ms-routing-request-id": [
          "WESTUS2:20171208T193738Z:5ac9de30-65d6-4195-a2a6-94c46f85bf01"
        ],
        "Strict-Transport-Security": [
          "max-age=31536000; includeSubDomains"
        ],
        "Cache-Control": [
          "no-cache"
        ],
        "Date": [
          "Fri, 08 Dec 2017 19:37:38 GMT"
        ],
        "Server": [
          "Microsoft-HTTPAPI/2.0"
        ]
      },
      "StatusCode": 200
    },
    {
      "RequestUri": "//subscriptions/55f3dcd4-cac7-43b4-990b-a139d62a1eb2/resourceGroups/RGName-ps4593/providers/Microsoft.EventGrid/eventSubscriptions/EventSubscription-ps5314?api-version=2017-09-15-preview",
      "EncodedRequestUri": "Ly9zdWJzY3JpcHRpb25zLzU1ZjNkY2Q0LWNhYzctNDNiNC05OTBiLWExMzlkNjJhMWViMi9yZXNvdXJjZUdyb3Vwcy9SR05hbWUtcHM0NTkzL3Byb3ZpZGVycy9NaWNyb3NvZnQuRXZlbnRHcmlkL2V2ZW50U3Vic2NyaXB0aW9ucy9FdmVudFN1YnNjcmlwdGlvbi1wczUzMTQ/YXBpLXZlcnNpb249MjAxNy0wOS0xNS1wcmV2aWV3",
      "RequestMethod": "GET",
      "RequestBody": "",
      "RequestHeaders": {
        "User-Agent": [
          "FxVersion/4.7.2600.0",
          "OSName/Windows10Enterprise",
          "OSVersion/6.3.16299",
          "Microsoft.Azure.Management.EventGrid.EventGridManagementClient/1.1.0.0"
        ]
      },
      "ResponseBody": "{\r\n  \"properties\": {\r\n    \"topic\": \"/subscriptions/55f3dcd4-cac7-43b4-990b-a139d62a1eb2/resourceGroups/rgname-ps4593\",\r\n    \"provisioningState\": \"Succeeded\",\r\n    \"destination\": {\r\n      \"properties\": {\r\n        \"endpointUrl\": null,\r\n        \"endpointBaseUrl\": \"https://requestb.in/19qlscd1\"\r\n      },\r\n      \"endpointType\": \"WebHook\"\r\n    },\r\n    \"filter\": {\r\n      \"subjectBeginsWith\": \"\",\r\n      \"subjectEndsWith\": \"\",\r\n      \"includedEventTypes\": [\r\n        \"All\"\r\n      ]\r\n    },\r\n    \"labels\": [\r\n      \"Finance\",\r\n      \"HR\"\r\n    ]\r\n  },\r\n  \"id\": \"/subscriptions/55f3dcd4-cac7-43b4-990b-a139d62a1eb2/resourceGroups/RGName-ps4593/providers/Microsoft.EventGrid/eventSubscriptions/EventSubscription-ps5314\",\r\n  \"name\": \"EventSubscription-ps5314\",\r\n  \"type\": \"Microsoft.EventGrid/eventSubscriptions\"\r\n}",
      "ResponseHeaders": {
        "Content-Length": [
          "617"
        ],
        "Content-Type": [
          "application/json; charset=utf-8"
        ],
        "Expires": [
          "-1"
        ],
        "Pragma": [
          "no-cache"
        ],
        "x-ms-request-id": [
          "362dd490-2893-4aa0-9984-08519037c0ff"
        ],
        "x-ms-ratelimit-remaining-subscription-reads": [
          "14986"
        ],
        "x-ms-correlation-request-id": [
          "f2079bc3-63ff-4977-899d-6458b0b45439"
        ],
        "x-ms-routing-request-id": [
          "WESTUS2:20171208T193738Z:f2079bc3-63ff-4977-899d-6458b0b45439"
        ],
        "Strict-Transport-Security": [
          "max-age=31536000; includeSubDomains"
        ],
        "Cache-Control": [
          "no-cache"
        ],
        "Date": [
          "Fri, 08 Dec 2017 19:37:38 GMT"
        ],
        "Server": [
          "Microsoft-HTTPAPI/2.0"
        ]
      },
      "StatusCode": 200
    },
    {
      "RequestUri": "//subscriptions/55f3dcd4-cac7-43b4-990b-a139d62a1eb2/resourceGroups/RGName-ps4593/providers/Microsoft.EventGrid/eventSubscriptions/EventSubscription-ps5314?api-version=2017-09-15-preview",
      "EncodedRequestUri": "Ly9zdWJzY3JpcHRpb25zLzU1ZjNkY2Q0LWNhYzctNDNiNC05OTBiLWExMzlkNjJhMWViMi9yZXNvdXJjZUdyb3Vwcy9SR05hbWUtcHM0NTkzL3Byb3ZpZGVycy9NaWNyb3NvZnQuRXZlbnRHcmlkL2V2ZW50U3Vic2NyaXB0aW9ucy9FdmVudFN1YnNjcmlwdGlvbi1wczUzMTQ/YXBpLXZlcnNpb249MjAxNy0wOS0xNS1wcmV2aWV3",
      "RequestMethod": "GET",
      "RequestBody": "",
      "RequestHeaders": {
        "x-ms-client-request-id": [
          "411772f1-0afd-4a9f-8805-531a424fc4e5"
        ],
        "accept-language": [
          "en-US"
        ],
        "User-Agent": [
          "FxVersion/4.7.2600.0",
          "OSName/Windows10Enterprise",
          "OSVersion/6.3.16299",
          "Microsoft.Azure.Management.EventGrid.EventGridManagementClient/1.1.0.0"
        ]
      },
      "ResponseBody": "{\r\n  \"properties\": {\r\n    \"topic\": \"/subscriptions/55f3dcd4-cac7-43b4-990b-a139d62a1eb2/resourceGroups/rgname-ps4593\",\r\n    \"provisioningState\": \"Succeeded\",\r\n    \"destination\": {\r\n      \"properties\": {\r\n        \"endpointUrl\": null,\r\n        \"endpointBaseUrl\": \"https://requestb.in/19qlscd1\"\r\n      },\r\n      \"endpointType\": \"WebHook\"\r\n    },\r\n    \"filter\": {\r\n      \"subjectBeginsWith\": \"\",\r\n      \"subjectEndsWith\": \"\",\r\n      \"includedEventTypes\": [\r\n        \"All\"\r\n      ]\r\n    },\r\n    \"labels\": [\r\n      \"Finance\",\r\n      \"HR\"\r\n    ]\r\n  },\r\n  \"id\": \"/subscriptions/55f3dcd4-cac7-43b4-990b-a139d62a1eb2/resourceGroups/RGName-ps4593/providers/Microsoft.EventGrid/eventSubscriptions/EventSubscription-ps5314\",\r\n  \"name\": \"EventSubscription-ps5314\",\r\n  \"type\": \"Microsoft.EventGrid/eventSubscriptions\"\r\n}",
      "ResponseHeaders": {
        "Content-Length": [
          "617"
        ],
        "Content-Type": [
          "application/json; charset=utf-8"
        ],
        "Expires": [
          "-1"
        ],
        "Pragma": [
          "no-cache"
        ],
        "x-ms-request-id": [
          "bfb98fdd-d31b-49b9-8872-9ede99066f08"
        ],
        "x-ms-ratelimit-remaining-subscription-reads": [
          "14983"
        ],
        "x-ms-correlation-request-id": [
          "83baa23d-8227-4aac-9bc8-3b8e4fc5bad7"
        ],
        "x-ms-routing-request-id": [
          "WESTUS2:20171208T193750Z:83baa23d-8227-4aac-9bc8-3b8e4fc5bad7"
        ],
        "Strict-Transport-Security": [
          "max-age=31536000; includeSubDomains"
        ],
        "Cache-Control": [
          "no-cache"
        ],
        "Date": [
          "Fri, 08 Dec 2017 19:37:49 GMT"
        ],
        "Server": [
          "Microsoft-HTTPAPI/2.0"
        ]
      },
      "StatusCode": 200
    },
    {
      "RequestUri": "//subscriptions/55f3dcd4-cac7-43b4-990b-a139d62a1eb2/resourceGroups/RGName-ps4593/providers/Microsoft.EventGrid/eventSubscriptions/EventSubscription-ps5314?api-version=2017-09-15-preview",
      "EncodedRequestUri": "Ly9zdWJzY3JpcHRpb25zLzU1ZjNkY2Q0LWNhYzctNDNiNC05OTBiLWExMzlkNjJhMWViMi9yZXNvdXJjZUdyb3Vwcy9SR05hbWUtcHM0NTkzL3Byb3ZpZGVycy9NaWNyb3NvZnQuRXZlbnRHcmlkL2V2ZW50U3Vic2NyaXB0aW9ucy9FdmVudFN1YnNjcmlwdGlvbi1wczUzMTQ/YXBpLXZlcnNpb249MjAxNy0wOS0xNS1wcmV2aWV3",
      "RequestMethod": "GET",
      "RequestBody": "",
      "RequestHeaders": {
        "x-ms-client-request-id": [
          "005e0928-cb9f-4886-86e9-9d56c429271e"
        ],
        "accept-language": [
          "en-US"
        ],
        "User-Agent": [
          "FxVersion/4.7.2600.0",
          "OSName/Windows10Enterprise",
          "OSVersion/6.3.16299",
          "Microsoft.Azure.Management.EventGrid.EventGridManagementClient/1.1.0.0"
        ]
      },
      "ResponseBody": "{\r\n  \"properties\": {\r\n    \"topic\": \"/subscriptions/55f3dcd4-cac7-43b4-990b-a139d62a1eb2/resourceGroups/rgname-ps4593\",\r\n    \"provisioningState\": \"Succeeded\",\r\n    \"destination\": {\r\n      \"properties\": {\r\n        \"endpointUrl\": null,\r\n        \"endpointBaseUrl\": \"https://requestb.in/19qlscd1\"\r\n      },\r\n      \"endpointType\": \"WebHook\"\r\n    },\r\n    \"filter\": {\r\n      \"subjectBeginsWith\": \"\",\r\n      \"subjectEndsWith\": \"\",\r\n      \"includedEventTypes\": [\r\n        \"All\"\r\n      ]\r\n    },\r\n    \"labels\": [\r\n      \"Finance\",\r\n      \"HR\"\r\n    ]\r\n  },\r\n  \"id\": \"/subscriptions/55f3dcd4-cac7-43b4-990b-a139d62a1eb2/resourceGroups/RGName-ps4593/providers/Microsoft.EventGrid/eventSubscriptions/EventSubscription-ps5314\",\r\n  \"name\": \"EventSubscription-ps5314\",\r\n  \"type\": \"Microsoft.EventGrid/eventSubscriptions\"\r\n}",
      "ResponseHeaders": {
        "Content-Length": [
          "617"
        ],
        "Content-Type": [
          "application/json; charset=utf-8"
        ],
        "Expires": [
          "-1"
        ],
        "Pragma": [
          "no-cache"
        ],
        "x-ms-request-id": [
          "e1ac3b9c-18d6-47a9-8d8d-b11da0f9dd39"
        ],
        "x-ms-ratelimit-remaining-subscription-reads": [
          "14982"
        ],
        "x-ms-correlation-request-id": [
          "1951771c-2975-4c88-8f3d-b57617c4e449"
        ],
        "x-ms-routing-request-id": [
          "WESTUS2:20171208T193750Z:1951771c-2975-4c88-8f3d-b57617c4e449"
        ],
        "Strict-Transport-Security": [
          "max-age=31536000; includeSubDomains"
        ],
        "Cache-Control": [
          "no-cache"
        ],
        "Date": [
          "Fri, 08 Dec 2017 19:37:49 GMT"
        ],
        "Server": [
          "Microsoft-HTTPAPI/2.0"
        ]
      },
      "StatusCode": 200
    },
    {
      "RequestUri": "//subscriptions/55f3dcd4-cac7-43b4-990b-a139d62a1eb2/resourceGroups/RGName-ps4593/providers/Microsoft.EventGrid/eventSubscriptions/EventSubscription-ps5314?api-version=2017-09-15-preview",
      "EncodedRequestUri": "Ly9zdWJzY3JpcHRpb25zLzU1ZjNkY2Q0LWNhYzctNDNiNC05OTBiLWExMzlkNjJhMWViMi9yZXNvdXJjZUdyb3Vwcy9SR05hbWUtcHM0NTkzL3Byb3ZpZGVycy9NaWNyb3NvZnQuRXZlbnRHcmlkL2V2ZW50U3Vic2NyaXB0aW9ucy9FdmVudFN1YnNjcmlwdGlvbi1wczUzMTQ/YXBpLXZlcnNpb249MjAxNy0wOS0xNS1wcmV2aWV3",
      "RequestMethod": "GET",
      "RequestBody": "",
      "RequestHeaders": {
        "User-Agent": [
          "FxVersion/4.7.2600.0",
          "OSName/Windows10Enterprise",
          "OSVersion/6.3.16299",
          "Microsoft.Azure.Management.EventGrid.EventGridManagementClient/1.1.0.0"
        ]
      },
      "ResponseBody": "{\r\n  \"properties\": {\r\n    \"topic\": \"/subscriptions/55f3dcd4-cac7-43b4-990b-a139d62a1eb2/resourceGroups/rgname-ps4593\",\r\n    \"provisioningState\": \"Succeeded\",\r\n    \"destination\": {\r\n      \"properties\": {\r\n        \"endpointUrl\": null,\r\n        \"endpointBaseUrl\": \"https://requestb.in/19qlscd1\"\r\n      },\r\n      \"endpointType\": \"WebHook\"\r\n    },\r\n    \"filter\": {\r\n      \"subjectBeginsWith\": \"\",\r\n      \"subjectEndsWith\": \"NewSuffix\",\r\n      \"includedEventTypes\": [\r\n        \"All\"\r\n      ]\r\n    },\r\n    \"labels\": [\r\n      \"Marketing\",\r\n      \"Sales\"\r\n    ]\r\n  },\r\n  \"id\": \"/subscriptions/55f3dcd4-cac7-43b4-990b-a139d62a1eb2/resourceGroups/RGName-ps4593/providers/Microsoft.EventGrid/eventSubscriptions/EventSubscription-ps5314\",\r\n  \"name\": \"EventSubscription-ps5314\",\r\n  \"type\": \"Microsoft.EventGrid/eventSubscriptions\"\r\n}",
      "ResponseHeaders": {
        "Content-Length": [
          "631"
        ],
        "Content-Type": [
          "application/json; charset=utf-8"
        ],
        "Expires": [
          "-1"
        ],
        "Pragma": [
          "no-cache"
        ],
        "x-ms-request-id": [
          "2d9653da-46a4-473c-ab64-66ad186248c4"
        ],
        "x-ms-ratelimit-remaining-subscription-reads": [
          "14980"
        ],
        "x-ms-correlation-request-id": [
          "accae795-fb0b-4444-b4f2-7d3308df88b5"
        ],
        "x-ms-routing-request-id": [
          "WESTUS2:20171208T193800Z:accae795-fb0b-4444-b4f2-7d3308df88b5"
        ],
        "Strict-Transport-Security": [
          "max-age=31536000; includeSubDomains"
        ],
        "Cache-Control": [
          "no-cache"
        ],
        "Date": [
          "Fri, 08 Dec 2017 19:38:00 GMT"
        ],
        "Server": [
          "Microsoft-HTTPAPI/2.0"
        ]
      },
      "StatusCode": 200
    },
    {
      "RequestUri": "//subscriptions/55f3dcd4-cac7-43b4-990b-a139d62a1eb2/resourceGroups/RGName-ps4593/providers/Microsoft.EventGrid/eventSubscriptions/EventSubscription-ps8934?api-version=2017-09-15-preview",
      "EncodedRequestUri": "Ly9zdWJzY3JpcHRpb25zLzU1ZjNkY2Q0LWNhYzctNDNiNC05OTBiLWExMzlkNjJhMWViMi9yZXNvdXJjZUdyb3Vwcy9SR05hbWUtcHM0NTkzL3Byb3ZpZGVycy9NaWNyb3NvZnQuRXZlbnRHcmlkL2V2ZW50U3Vic2NyaXB0aW9ucy9FdmVudFN1YnNjcmlwdGlvbi1wczg5MzQ/YXBpLXZlcnNpb249MjAxNy0wOS0xNS1wcmV2aWV3",
      "RequestMethod": "PUT",
      "RequestBody": "{\r\n  \"properties\": {\r\n    \"destination\": {\r\n      \"endpointType\": \"WebHook\",\r\n      \"properties\": {\r\n        \"endpointUrl\": \"https://requestb.in/19qlscd1\"\r\n      }\r\n    },\r\n    \"filter\": {\r\n      \"includedEventTypes\": [\r\n        \"Microsoft.Resources.ResourceWriteFailure\",\r\n        \"Microsoft.Resources.ResourceWriteSuccess\"\r\n      ],\r\n      \"isSubjectCaseSensitive\": false\r\n    }\r\n  }\r\n}",
      "RequestHeaders": {
        "Content-Type": [
          "application/json; charset=utf-8"
        ],
        "Content-Length": [
          "388"
        ],
        "x-ms-client-request-id": [
          "1b9473c5-4d3a-43f5-a2de-c7cebe526314"
        ],
        "accept-language": [
          "en-US"
        ],
        "User-Agent": [
          "FxVersion/4.7.2600.0",
          "OSName/Windows10Enterprise",
          "OSVersion/6.3.16299",
          "Microsoft.Azure.Management.EventGrid.EventGridManagementClient/1.1.0.0"
        ]
      },
      "ResponseBody": "{\r\n  \"properties\": {\r\n    \"topic\": \"/subscriptions/55f3dcd4-cac7-43b4-990b-a139d62a1eb2/resourceGroups/rgname-ps4593\",\r\n    \"provisioningState\": \"Creating\",\r\n    \"destination\": {\r\n      \"properties\": {\r\n        \"endpointUrl\": null,\r\n        \"endpointBaseUrl\": \"https://requestb.in/19qlscd1\"\r\n      },\r\n      \"endpointType\": \"WebHook\"\r\n    },\r\n    \"filter\": {\r\n      \"includedEventTypes\": [\r\n        \"Microsoft.Resources.ResourceWriteFailure\",\r\n        \"Microsoft.Resources.ResourceWriteSuccess\"\r\n      ]\r\n    },\r\n    \"labels\": null\r\n  },\r\n  \"id\": \"/subscriptions/55f3dcd4-cac7-43b4-990b-a139d62a1eb2/resourceGroups/RGName-ps4593/providers/Microsoft.EventGrid/eventSubscriptions/EventSubscription-ps8934\",\r\n  \"name\": \"EventSubscription-ps8934\",\r\n  \"type\": \"Microsoft.EventGrid/eventSubscriptions\"\r\n}",
      "ResponseHeaders": {
        "Content-Length": [
          "640"
        ],
        "Content-Type": [
          "application/json; charset=utf-8"
        ],
        "Expires": [
          "-1"
        ],
        "Pragma": [
          "no-cache"
        ],
        "Retry-After": [
          "10"
        ],
        "Azure-AsyncOperation": [
          "https://management.azure.com:443/subscriptions/55f3dcd4-cac7-43b4-990b-a139d62a1eb2/providers/Microsoft.EventGrid/operationsStatus/00C83C31-13A7-45E9-894A-E2EE0081B583?api-version=2017-09-15-preview"
        ],
        "x-ms-request-id": [
          "0cbd1b5b-5a53-4e83-9041-21aa881d9535"
        ],
        "x-ms-ratelimit-remaining-subscription-writes": [
          "1198"
        ],
        "x-ms-correlation-request-id": [
          "38b2a716-714b-4215-ab83-f107d5bba8d7"
        ],
        "x-ms-routing-request-id": [
          "WESTUS2:20171208T193739Z:38b2a716-714b-4215-ab83-f107d5bba8d7"
        ],
        "Strict-Transport-Security": [
          "max-age=31536000; includeSubDomains"
        ],
        "Cache-Control": [
          "no-cache"
        ],
        "Date": [
          "Fri, 08 Dec 2017 19:37:39 GMT"
        ],
        "Server": [
          "Microsoft-HTTPAPI/2.0"
        ]
      },
      "StatusCode": 201
    },
    {
      "RequestUri": "/subscriptions/55f3dcd4-cac7-43b4-990b-a139d62a1eb2/providers/Microsoft.EventGrid/operationsStatus/00C83C31-13A7-45E9-894A-E2EE0081B583?api-version=2017-09-15-preview",
      "EncodedRequestUri": "L3N1YnNjcmlwdGlvbnMvNTVmM2RjZDQtY2FjNy00M2I0LTk5MGItYTEzOWQ2MmExZWIyL3Byb3ZpZGVycy9NaWNyb3NvZnQuRXZlbnRHcmlkL29wZXJhdGlvbnNTdGF0dXMvMDBDODNDMzEtMTNBNy00NUU5LTg5NEEtRTJFRTAwODFCNTgzP2FwaS12ZXJzaW9uPTIwMTctMDktMTUtcHJldmlldw==",
      "RequestMethod": "GET",
      "RequestBody": "",
      "RequestHeaders": {
        "User-Agent": [
          "FxVersion/4.7.2600.0",
          "OSName/Windows10Enterprise",
          "OSVersion/6.3.16299",
          "Microsoft.Azure.Management.EventGrid.EventGridManagementClient/1.1.0.0"
        ]
      },
      "ResponseBody": "{\r\n  \"id\": \"https://management.azure.com/subscriptions/55f3dcd4-cac7-43b4-990b-a139d62a1eb2/providers/Microsoft.EventGrid/operationsStatus/00C83C31-13A7-45E9-894A-E2EE0081B583?api-version=2017-09-15-preview\",\r\n  \"name\": \"00c83c31-13a7-45e9-894a-e2ee0081b583\",\r\n  \"status\": \"Succeeded\"\r\n}",
      "ResponseHeaders": {
        "Content-Length": [
          "270"
        ],
        "Content-Type": [
          "application/json; charset=utf-8"
        ],
        "Expires": [
          "-1"
        ],
        "Pragma": [
          "no-cache"
        ],
        "x-ms-request-id": [
          "f9baac7a-6355-41b1-a075-a608a25e08fd"
        ],
        "x-ms-ratelimit-remaining-subscription-reads": [
          "14985"
        ],
        "x-ms-correlation-request-id": [
          "dd095961-4f95-4e3d-baf4-dc6e32e983e1"
        ],
        "x-ms-routing-request-id": [
          "WESTUS2:20171208T193749Z:dd095961-4f95-4e3d-baf4-dc6e32e983e1"
        ],
        "Strict-Transport-Security": [
          "max-age=31536000; includeSubDomains"
        ],
        "Cache-Control": [
          "no-cache"
        ],
        "Date": [
          "Fri, 08 Dec 2017 19:37:49 GMT"
        ],
        "Server": [
          "Microsoft-HTTPAPI/2.0"
        ]
      },
      "StatusCode": 200
    },
    {
      "RequestUri": "//subscriptions/55f3dcd4-cac7-43b4-990b-a139d62a1eb2/resourceGroups/RGName-ps4593/providers/Microsoft.EventGrid/eventSubscriptions/EventSubscription-ps8934?api-version=2017-09-15-preview",
      "EncodedRequestUri": "Ly9zdWJzY3JpcHRpb25zLzU1ZjNkY2Q0LWNhYzctNDNiNC05OTBiLWExMzlkNjJhMWViMi9yZXNvdXJjZUdyb3Vwcy9SR05hbWUtcHM0NTkzL3Byb3ZpZGVycy9NaWNyb3NvZnQuRXZlbnRHcmlkL2V2ZW50U3Vic2NyaXB0aW9ucy9FdmVudFN1YnNjcmlwdGlvbi1wczg5MzQ/YXBpLXZlcnNpb249MjAxNy0wOS0xNS1wcmV2aWV3",
      "RequestMethod": "GET",
      "RequestBody": "",
      "RequestHeaders": {
        "User-Agent": [
          "FxVersion/4.7.2600.0",
          "OSName/Windows10Enterprise",
          "OSVersion/6.3.16299",
          "Microsoft.Azure.Management.EventGrid.EventGridManagementClient/1.1.0.0"
        ]
      },
      "ResponseBody": "{\r\n  \"properties\": {\r\n    \"topic\": \"/subscriptions/55f3dcd4-cac7-43b4-990b-a139d62a1eb2/resourceGroups/rgname-ps4593\",\r\n    \"provisioningState\": \"Succeeded\",\r\n    \"destination\": {\r\n      \"properties\": {\r\n        \"endpointUrl\": null,\r\n        \"endpointBaseUrl\": \"https://requestb.in/19qlscd1\"\r\n      },\r\n      \"endpointType\": \"WebHook\"\r\n    },\r\n    \"filter\": {\r\n      \"subjectBeginsWith\": \"\",\r\n      \"subjectEndsWith\": \"\",\r\n      \"includedEventTypes\": [\r\n        \"Microsoft.Resources.ResourceWriteFailure\",\r\n        \"Microsoft.Resources.ResourceWriteSuccess\"\r\n      ]\r\n    },\r\n    \"labels\": null\r\n  },\r\n  \"id\": \"/subscriptions/55f3dcd4-cac7-43b4-990b-a139d62a1eb2/resourceGroups/RGName-ps4593/providers/Microsoft.EventGrid/eventSubscriptions/EventSubscription-ps8934\",\r\n  \"name\": \"EventSubscription-ps8934\",\r\n  \"type\": \"Microsoft.EventGrid/eventSubscriptions\"\r\n}",
      "ResponseHeaders": {
        "Content-Length": [
          "685"
        ],
        "Content-Type": [
          "application/json; charset=utf-8"
        ],
        "Expires": [
          "-1"
        ],
        "Pragma": [
          "no-cache"
        ],
        "x-ms-request-id": [
          "ce78527c-712a-46be-81bc-3e1485b34719"
        ],
        "x-ms-ratelimit-remaining-subscription-reads": [
          "14984"
        ],
        "x-ms-correlation-request-id": [
          "f8dc434e-d348-4910-9287-4b59b67af4f4"
        ],
        "x-ms-routing-request-id": [
          "WESTUS2:20171208T193749Z:f8dc434e-d348-4910-9287-4b59b67af4f4"
        ],
        "Strict-Transport-Security": [
          "max-age=31536000; includeSubDomains"
        ],
        "Cache-Control": [
          "no-cache"
        ],
        "Date": [
          "Fri, 08 Dec 2017 19:37:49 GMT"
        ],
        "Server": [
          "Microsoft-HTTPAPI/2.0"
        ]
      },
      "StatusCode": 200
    },
    {
      "RequestUri": "//subscriptions/55f3dcd4-cac7-43b4-990b-a139d62a1eb2/resourceGroups/RGName-ps4593/providers/Microsoft.EventGrid/eventSubscriptions/EventSubscription-ps5314/getFullUrl?api-version=2017-09-15-preview",
      "EncodedRequestUri": "Ly9zdWJzY3JpcHRpb25zLzU1ZjNkY2Q0LWNhYzctNDNiNC05OTBiLWExMzlkNjJhMWViMi9yZXNvdXJjZUdyb3Vwcy9SR05hbWUtcHM0NTkzL3Byb3ZpZGVycy9NaWNyb3NvZnQuRXZlbnRHcmlkL2V2ZW50U3Vic2NyaXB0aW9ucy9FdmVudFN1YnNjcmlwdGlvbi1wczUzMTQvZ2V0RnVsbFVybD9hcGktdmVyc2lvbj0yMDE3LTA5LTE1LXByZXZpZXc=",
      "RequestMethod": "POST",
      "RequestBody": "",
      "RequestHeaders": {
        "x-ms-client-request-id": [
          "03ee92f8-330f-41c9-89a5-c02eff10b35e"
        ],
        "accept-language": [
          "en-US"
        ],
        "User-Agent": [
          "FxVersion/4.7.2600.0",
          "OSName/Windows10Enterprise",
          "OSVersion/6.3.16299",
          "Microsoft.Azure.Management.EventGrid.EventGridManagementClient/1.1.0.0"
        ]
      },
      "ResponseBody": "{\r\n  \"endpointUrl\": \"https://requestb.in/19qlscd1\"\r\n}",
      "ResponseHeaders": {
        "Content-Length": [
          "46"
        ],
        "Content-Type": [
          "application/json; charset=utf-8"
        ],
        "Expires": [
          "-1"
        ],
        "Pragma": [
          "no-cache"
        ],
        "x-ms-request-id": [
          "9f120455-65cc-4892-8572-f3eb961f97bc"
        ],
        "x-ms-ratelimit-remaining-subscription-writes": [
          "1197"
        ],
        "x-ms-correlation-request-id": [
          "0f1a0f56-07f3-4434-9fa2-60f31e371f4d"
        ],
        "x-ms-routing-request-id": [
          "WESTUS2:20171208T193750Z:0f1a0f56-07f3-4434-9fa2-60f31e371f4d"
        ],
        "Strict-Transport-Security": [
          "max-age=31536000; includeSubDomains"
        ],
        "Cache-Control": [
          "no-cache"
        ],
        "Date": [
          "Fri, 08 Dec 2017 19:37:49 GMT"
        ],
        "Server": [
          "Microsoft-HTTPAPI/2.0"
        ]
      },
      "StatusCode": 200
    },
    {
      "RequestUri": "//subscriptions/55f3dcd4-cac7-43b4-990b-a139d62a1eb2/resourceGroups/RGName-ps4593/providers/Microsoft.EventGrid/eventSubscriptions/EventSubscription-ps5314?api-version=2017-09-15-preview",
      "EncodedRequestUri": "Ly9zdWJzY3JpcHRpb25zLzU1ZjNkY2Q0LWNhYzctNDNiNC05OTBiLWExMzlkNjJhMWViMi9yZXNvdXJjZUdyb3Vwcy9SR05hbWUtcHM0NTkzL3Byb3ZpZGVycy9NaWNyb3NvZnQuRXZlbnRHcmlkL2V2ZW50U3Vic2NyaXB0aW9ucy9FdmVudFN1YnNjcmlwdGlvbi1wczUzMTQ/YXBpLXZlcnNpb249MjAxNy0wOS0xNS1wcmV2aWV3",
      "RequestMethod": "PATCH",
      "RequestBody": "{\r\n  \"filter\": {\r\n    \"subjectBeginsWith\": \"\",\r\n    \"subjectEndsWith\": \"NewSuffix\",\r\n    \"includedEventTypes\": [\r\n      \"All\"\r\n    ]\r\n  },\r\n  \"labels\": [\r\n    \"Marketing\",\r\n    \"Sales\"\r\n  ]\r\n}",
      "RequestHeaders": {
        "Content-Type": [
          "application/json; charset=utf-8"
        ],
        "Content-Length": [
          "192"
        ],
        "x-ms-client-request-id": [
          "cddc3e32-139e-4742-b3bb-3bbb1e005d92"
        ],
        "accept-language": [
          "en-US"
        ],
        "User-Agent": [
          "FxVersion/4.7.2600.0",
          "OSName/Windows10Enterprise",
          "OSVersion/6.3.16299",
          "Microsoft.Azure.Management.EventGrid.EventGridManagementClient/1.1.0.0"
        ]
      },
      "ResponseBody": "{\r\n  \"properties\": {\r\n    \"topic\": \"/subscriptions/55f3dcd4-cac7-43b4-990b-a139d62a1eb2/resourceGroups/rgname-ps4593\",\r\n    \"provisioningState\": \"Updating\",\r\n    \"destination\": {\r\n      \"properties\": {\r\n        \"endpointUrl\": null,\r\n        \"endpointBaseUrl\": \"https://requestb.in/19qlscd1\"\r\n      },\r\n      \"endpointType\": \"WebHook\"\r\n    },\r\n    \"filter\": {\r\n      \"subjectBeginsWith\": \"\",\r\n      \"subjectEndsWith\": \"NewSuffix\",\r\n      \"includedEventTypes\": [\r\n        \"All\"\r\n      ]\r\n    },\r\n    \"labels\": [\r\n      \"Marketing\",\r\n      \"Sales\"\r\n    ]\r\n  },\r\n  \"id\": \"/subscriptions/55f3dcd4-cac7-43b4-990b-a139d62a1eb2/resourceGroups/RGName-ps4593/providers/Microsoft.EventGrid/eventSubscriptions/EventSubscription-ps5314\",\r\n  \"name\": \"EventSubscription-ps5314\",\r\n  \"type\": \"Microsoft.EventGrid/eventSubscriptions\"\r\n}",
      "ResponseHeaders": {
        "Content-Length": [
          "630"
        ],
        "Content-Type": [
          "application/json; charset=utf-8"
        ],
        "Expires": [
          "-1"
        ],
        "Pragma": [
          "no-cache"
        ],
        "Retry-After": [
          "10"
        ],
        "Azure-AsyncOperation": [
          "https://management.azure.com:443/subscriptions/55f3dcd4-cac7-43b4-990b-a139d62a1eb2/providers/Microsoft.EventGrid/operationsStatus/7701801B-139E-4D44-9592-509CD78B27C6?api-version=2017-09-15-preview"
        ],
        "x-ms-request-id": [
          "48aa51ef-1274-40ac-8a64-7dee25ea14e1"
        ],
        "x-ms-ratelimit-remaining-subscription-writes": [
          "1196"
        ],
        "x-ms-correlation-request-id": [
          "a6bebfc8-1d94-49de-9dd1-c6718a56134c"
        ],
        "x-ms-routing-request-id": [
          "WESTUS2:20171208T193750Z:a6bebfc8-1d94-49de-9dd1-c6718a56134c"
        ],
        "Strict-Transport-Security": [
          "max-age=31536000; includeSubDomains"
        ],
        "Cache-Control": [
          "no-cache"
        ],
        "Date": [
          "Fri, 08 Dec 2017 19:37:50 GMT"
        ],
        "Server": [
          "Microsoft-HTTPAPI/2.0"
        ]
      },
      "StatusCode": 201
    },
    {
      "RequestUri": "/subscriptions/55f3dcd4-cac7-43b4-990b-a139d62a1eb2/providers/Microsoft.EventGrid/operationsStatus/7701801B-139E-4D44-9592-509CD78B27C6?api-version=2017-09-15-preview",
      "EncodedRequestUri": "L3N1YnNjcmlwdGlvbnMvNTVmM2RjZDQtY2FjNy00M2I0LTk5MGItYTEzOWQ2MmExZWIyL3Byb3ZpZGVycy9NaWNyb3NvZnQuRXZlbnRHcmlkL29wZXJhdGlvbnNTdGF0dXMvNzcwMTgwMUItMTM5RS00RDQ0LTk1OTItNTA5Q0Q3OEIyN0M2P2FwaS12ZXJzaW9uPTIwMTctMDktMTUtcHJldmlldw==",
      "RequestMethod": "GET",
      "RequestBody": "",
      "RequestHeaders": {
        "User-Agent": [
          "FxVersion/4.7.2600.0",
          "OSName/Windows10Enterprise",
          "OSVersion/6.3.16299",
          "Microsoft.Azure.Management.EventGrid.EventGridManagementClient/1.1.0.0"
        ]
      },
      "ResponseBody": "{\r\n  \"id\": \"https://management.azure.com/subscriptions/55f3dcd4-cac7-43b4-990b-a139d62a1eb2/providers/Microsoft.EventGrid/operationsStatus/7701801B-139E-4D44-9592-509CD78B27C6?api-version=2017-09-15-preview\",\r\n  \"name\": \"7701801b-139e-4d44-9592-509cd78b27c6\",\r\n  \"status\": \"Succeeded\"\r\n}",
      "ResponseHeaders": {
        "Content-Length": [
          "270"
        ],
        "Content-Type": [
          "application/json; charset=utf-8"
        ],
        "Expires": [
          "-1"
        ],
        "Pragma": [
          "no-cache"
        ],
        "x-ms-request-id": [
          "b9060a60-e13e-4e21-8e56-c9847ebe0216"
        ],
        "x-ms-ratelimit-remaining-subscription-reads": [
          "14981"
        ],
        "x-ms-correlation-request-id": [
          "1af99768-b1b6-4765-bf7d-485737d47096"
        ],
        "x-ms-routing-request-id": [
          "WESTUS2:20171208T193800Z:1af99768-b1b6-4765-bf7d-485737d47096"
        ],
        "Strict-Transport-Security": [
          "max-age=31536000; includeSubDomains"
        ],
        "Cache-Control": [
          "no-cache"
        ],
        "Date": [
          "Fri, 08 Dec 2017 19:38:00 GMT"
        ],
        "Server": [
          "Microsoft-HTTPAPI/2.0"
        ]
      },
      "StatusCode": 200
    },
    {
      "RequestUri": "/subscriptions/55f3dcd4-cac7-43b4-990b-a139d62a1eb2/resourceGroups/RGName-ps4593/providers/Microsoft.EventGrid/eventSubscriptions?api-version=2017-09-15-preview",
      "EncodedRequestUri": "L3N1YnNjcmlwdGlvbnMvNTVmM2RjZDQtY2FjNy00M2I0LTk5MGItYTEzOWQ2MmExZWIyL3Jlc291cmNlR3JvdXBzL1JHTmFtZS1wczQ1OTMvcHJvdmlkZXJzL01pY3Jvc29mdC5FdmVudEdyaWQvZXZlbnRTdWJzY3JpcHRpb25zP2FwaS12ZXJzaW9uPTIwMTctMDktMTUtcHJldmlldw==",
      "RequestMethod": "GET",
      "RequestBody": "",
      "RequestHeaders": {
        "x-ms-client-request-id": [
          "51d65ae9-a704-4b9a-8a60-3db304cac395"
        ],
        "accept-language": [
          "en-US"
        ],
        "User-Agent": [
          "FxVersion/4.7.2600.0",
          "OSName/Windows10Enterprise",
          "OSVersion/6.3.16299",
          "Microsoft.Azure.Management.EventGrid.EventGridManagementClient/1.1.0.0"
        ]
      },
      "ResponseBody": "{\r\n  \"value\": [\r\n    {\r\n      \"properties\": {\r\n        \"topic\": \"/subscriptions/55f3dcd4-cac7-43b4-990b-a139d62a1eb2/resourceGroups/rgname-ps4593\",\r\n        \"provisioningState\": \"Succeeded\",\r\n        \"destination\": {\r\n          \"properties\": {\r\n            \"endpointUrl\": null,\r\n            \"endpointBaseUrl\": \"https://requestb.in/19qlscd1\"\r\n          },\r\n          \"endpointType\": \"WebHook\"\r\n        },\r\n        \"filter\": {\r\n          \"subjectBeginsWith\": \"\",\r\n          \"subjectEndsWith\": \"NewSuffix\",\r\n          \"includedEventTypes\": [\r\n            \"All\"\r\n          ]\r\n        },\r\n        \"labels\": [\r\n          \"Marketing\",\r\n          \"Sales\"\r\n        ]\r\n      },\r\n      \"id\": \"/subscriptions/55f3dcd4-cac7-43b4-990b-a139d62a1eb2/resourceGroups/RGName-ps4593/providers/Microsoft.EventGrid/eventSubscriptions/EventSubscription-ps5314\",\r\n      \"name\": \"EventSubscription-ps5314\",\r\n      \"type\": \"Microsoft.EventGrid/eventSubscriptions\"\r\n    },\r\n    {\r\n      \"properties\": {\r\n        \"topic\": \"/subscriptions/55f3dcd4-cac7-43b4-990b-a139d62a1eb2/resourceGroups/rgname-ps4593\",\r\n        \"provisioningState\": \"Succeeded\",\r\n        \"destination\": {\r\n          \"properties\": {\r\n            \"endpointUrl\": null,\r\n            \"endpointBaseUrl\": \"https://requestb.in/19qlscd1\"\r\n          },\r\n          \"endpointType\": \"WebHook\"\r\n        },\r\n        \"filter\": {\r\n          \"subjectBeginsWith\": \"\",\r\n          \"subjectEndsWith\": \"\",\r\n          \"includedEventTypes\": [\r\n            \"Microsoft.Resources.ResourceWriteFailure\",\r\n            \"Microsoft.Resources.ResourceWriteSuccess\"\r\n          ]\r\n        },\r\n        \"labels\": null\r\n      },\r\n      \"id\": \"/subscriptions/55f3dcd4-cac7-43b4-990b-a139d62a1eb2/resourceGroups/RGName-ps4593/providers/Microsoft.EventGrid/eventSubscriptions/EventSubscription-ps8934\",\r\n      \"name\": \"EventSubscription-ps8934\",\r\n      \"type\": \"Microsoft.EventGrid/eventSubscriptions\"\r\n    }\r\n  ]\r\n}",
      "ResponseHeaders": {
        "Content-Length": [
          "1329"
        ],
        "Content-Type": [
          "application/json; charset=utf-8"
        ],
        "Expires": [
          "-1"
        ],
        "Pragma": [
          "no-cache"
        ],
        "x-ms-request-id": [
          "264a3e31-96e1-4bff-a313-4b9f17acb3cb"
        ],
        "x-ms-ratelimit-remaining-subscription-reads": [
          "14979"
        ],
        "x-ms-correlation-request-id": [
          "0067ed11-8023-4af9-a59d-e9d6bbbae01e"
        ],
        "x-ms-routing-request-id": [
          "WESTUS2:20171208T193800Z:0067ed11-8023-4af9-a59d-e9d6bbbae01e"
        ],
        "Strict-Transport-Security": [
          "max-age=31536000; includeSubDomains"
        ],
        "Cache-Control": [
          "no-cache"
        ],
        "Date": [
          "Fri, 08 Dec 2017 19:38:00 GMT"
        ],
        "Server": [
          "Microsoft-HTTPAPI/2.0"
        ]
      },
      "StatusCode": 200
    },
    {
      "RequestUri": "/subscriptions/55f3dcd4-cac7-43b4-990b-a139d62a1eb2/resourceGroups/RGName-ps4593/providers/Microsoft.EventGrid/eventSubscriptions?api-version=2017-09-15-preview",
      "EncodedRequestUri": "L3N1YnNjcmlwdGlvbnMvNTVmM2RjZDQtY2FjNy00M2I0LTk5MGItYTEzOWQ2MmExZWIyL3Jlc291cmNlR3JvdXBzL1JHTmFtZS1wczQ1OTMvcHJvdmlkZXJzL01pY3Jvc29mdC5FdmVudEdyaWQvZXZlbnRTdWJzY3JpcHRpb25zP2FwaS12ZXJzaW9uPTIwMTctMDktMTUtcHJldmlldw==",
      "RequestMethod": "GET",
      "RequestBody": "",
      "RequestHeaders": {
        "x-ms-client-request-id": [
          "e3bc94bc-bb00-497c-a471-97ae435f8629"
        ],
        "accept-language": [
          "en-US"
        ],
        "User-Agent": [
          "FxVersion/4.7.2600.0",
          "OSName/Windows10Enterprise",
          "OSVersion/6.3.16299",
          "Microsoft.Azure.Management.EventGrid.EventGridManagementClient/1.1.0.0"
        ]
      },
      "ResponseBody": "{\r\n  \"value\": [\r\n    {\r\n      \"properties\": {\r\n        \"topic\": \"/subscriptions/55f3dcd4-cac7-43b4-990b-a139d62a1eb2/resourceGroups/rgname-ps4593\",\r\n        \"provisioningState\": \"Succeeded\",\r\n        \"destination\": {\r\n          \"properties\": {\r\n            \"endpointUrl\": null,\r\n            \"endpointBaseUrl\": \"https://requestb.in/19qlscd1\"\r\n          },\r\n          \"endpointType\": \"WebHook\"\r\n        },\r\n        \"filter\": {\r\n          \"subjectBeginsWith\": \"\",\r\n          \"subjectEndsWith\": \"NewSuffix\",\r\n          \"includedEventTypes\": [\r\n            \"All\"\r\n          ]\r\n        },\r\n        \"labels\": [\r\n          \"Marketing\",\r\n          \"Sales\"\r\n        ]\r\n      },\r\n      \"id\": \"/subscriptions/55f3dcd4-cac7-43b4-990b-a139d62a1eb2/resourceGroups/RGName-ps4593/providers/Microsoft.EventGrid/eventSubscriptions/EventSubscription-ps5314\",\r\n      \"name\": \"EventSubscription-ps5314\",\r\n      \"type\": \"Microsoft.EventGrid/eventSubscriptions\"\r\n    },\r\n    {\r\n      \"properties\": {\r\n        \"topic\": \"/subscriptions/55f3dcd4-cac7-43b4-990b-a139d62a1eb2/resourceGroups/rgname-ps4593\",\r\n        \"provisioningState\": \"Succeeded\",\r\n        \"destination\": {\r\n          \"properties\": {\r\n            \"endpointUrl\": null,\r\n            \"endpointBaseUrl\": \"https://requestb.in/19qlscd1\"\r\n          },\r\n          \"endpointType\": \"WebHook\"\r\n        },\r\n        \"filter\": {\r\n          \"subjectBeginsWith\": \"\",\r\n          \"subjectEndsWith\": \"\",\r\n          \"includedEventTypes\": [\r\n            \"Microsoft.Resources.ResourceWriteFailure\",\r\n            \"Microsoft.Resources.ResourceWriteSuccess\"\r\n          ]\r\n        },\r\n        \"labels\": null\r\n      },\r\n      \"id\": \"/subscriptions/55f3dcd4-cac7-43b4-990b-a139d62a1eb2/resourceGroups/RGName-ps4593/providers/Microsoft.EventGrid/eventSubscriptions/EventSubscription-ps8934\",\r\n      \"name\": \"EventSubscription-ps8934\",\r\n      \"type\": \"Microsoft.EventGrid/eventSubscriptions\"\r\n    }\r\n  ]\r\n}",
      "ResponseHeaders": {
        "Content-Length": [
          "1329"
        ],
        "Content-Type": [
          "application/json; charset=utf-8"
        ],
        "Expires": [
          "-1"
        ],
        "Pragma": [
          "no-cache"
        ],
        "x-ms-request-id": [
          "c6735b64-f828-480d-8645-5fa0bc73d4f0"
        ],
        "x-ms-ratelimit-remaining-subscription-reads": [
          "14978"
        ],
        "x-ms-correlation-request-id": [
          "ea313bf8-fc22-4e91-a75d-532bc3111aae"
        ],
        "x-ms-routing-request-id": [
          "WESTUS2:20171208T193801Z:ea313bf8-fc22-4e91-a75d-532bc3111aae"
        ],
        "Strict-Transport-Security": [
          "max-age=31536000; includeSubDomains"
        ],
        "Cache-Control": [
          "no-cache"
        ],
        "Date": [
          "Fri, 08 Dec 2017 19:38:00 GMT"
        ],
        "Server": [
          "Microsoft-HTTPAPI/2.0"
        ]
      },
      "StatusCode": 200
    },
    {
      "RequestUri": "/subscriptions/55f3dcd4-cac7-43b4-990b-a139d62a1eb2/resourceGroups/RGName-ps4593/providers/Microsoft.EventGrid/eventSubscriptions?api-version=2017-09-15-preview",
      "EncodedRequestUri": "L3N1YnNjcmlwdGlvbnMvNTVmM2RjZDQtY2FjNy00M2I0LTk5MGItYTEzOWQ2MmExZWIyL3Jlc291cmNlR3JvdXBzL1JHTmFtZS1wczQ1OTMvcHJvdmlkZXJzL01pY3Jvc29mdC5FdmVudEdyaWQvZXZlbnRTdWJzY3JpcHRpb25zP2FwaS12ZXJzaW9uPTIwMTctMDktMTUtcHJldmlldw==",
      "RequestMethod": "GET",
      "RequestBody": "",
      "RequestHeaders": {
        "x-ms-client-request-id": [
          "e09ce976-2783-46aa-9b93-2fe0b2aca4c1"
        ],
        "accept-language": [
          "en-US"
        ],
        "User-Agent": [
          "FxVersion/4.7.2600.0",
          "OSName/Windows10Enterprise",
          "OSVersion/6.3.16299",
          "Microsoft.Azure.Management.EventGrid.EventGridManagementClient/1.1.0.0"
        ]
      },
      "ResponseBody": "{\r\n  \"value\": []\r\n}",
      "ResponseHeaders": {
        "Content-Length": [
          "12"
        ],
        "Content-Type": [
          "application/json; charset=utf-8"
        ],
        "Expires": [
          "-1"
        ],
        "Pragma": [
          "no-cache"
        ],
        "x-ms-request-id": [
          "ba460086-5e56-434a-b562-7c08e4123727"
        ],
        "x-ms-ratelimit-remaining-subscription-reads": [
          "14977"
        ],
        "x-ms-correlation-request-id": [
          "36ebbb1d-f0b9-463d-9e43-0b6ca05bfee5"
        ],
        "x-ms-routing-request-id": [
          "WESTUS2:20171208T193802Z:36ebbb1d-f0b9-463d-9e43-0b6ca05bfee5"
        ],
        "Strict-Transport-Security": [
          "max-age=31536000; includeSubDomains"
        ],
        "Cache-Control": [
          "no-cache"
        ],
        "Date": [
          "Fri, 08 Dec 2017 19:38:02 GMT"
        ],
        "Server": [
          "Microsoft-HTTPAPI/2.0"
        ]
      },
      "StatusCode": 200
    },
    {
      "RequestUri": "//subscriptions/55f3dcd4-cac7-43b4-990b-a139d62a1eb2/resourceGroups/RGName-ps4593/providers/Microsoft.EventGrid/eventSubscriptions/EventSubscription-ps5314?api-version=2017-09-15-preview",
      "EncodedRequestUri": "Ly9zdWJzY3JpcHRpb25zLzU1ZjNkY2Q0LWNhYzctNDNiNC05OTBiLWExMzlkNjJhMWViMi9yZXNvdXJjZUdyb3Vwcy9SR05hbWUtcHM0NTkzL3Byb3ZpZGVycy9NaWNyb3NvZnQuRXZlbnRHcmlkL2V2ZW50U3Vic2NyaXB0aW9ucy9FdmVudFN1YnNjcmlwdGlvbi1wczUzMTQ/YXBpLXZlcnNpb249MjAxNy0wOS0xNS1wcmV2aWV3",
      "RequestMethod": "DELETE",
      "RequestBody": "",
      "RequestHeaders": {
        "x-ms-client-request-id": [
          "90bb9266-822e-44f9-9fa4-87a5fdc5e25e"
        ],
        "accept-language": [
          "en-US"
        ],
        "User-Agent": [
          "FxVersion/4.7.2600.0",
          "OSName/Windows10Enterprise",
          "OSVersion/6.3.16299",
          "Microsoft.Azure.Management.EventGrid.EventGridManagementClient/1.1.0.0"
        ]
      },
      "ResponseBody": "",
      "ResponseHeaders": {
        "Content-Length": [
          "0"
        ],
        "Expires": [
          "-1"
        ],
        "Pragma": [
          "no-cache"
        ],
        "x-ms-ratelimit-remaining-subscription-writes": [
          "1195"
        ],
        "x-ms-request-id": [
          "0d649678-b28d-48aa-847d-e9dbbd5d3e07"
        ],
        "x-ms-correlation-request-id": [
          "0d649678-b28d-48aa-847d-e9dbbd5d3e07"
        ],
        "x-ms-routing-request-id": [
          "WESTUS2:20171208T193801Z:0d649678-b28d-48aa-847d-e9dbbd5d3e07"
        ],
        "Strict-Transport-Security": [
          "max-age=31536000; includeSubDomains"
        ],
        "Cache-Control": [
          "no-cache"
        ],
        "Date": [
          "Fri, 08 Dec 2017 19:38:01 GMT"
        ],
        "Server": [
          "Microsoft-HTTPAPI/2.0"
        ]
      },
      "StatusCode": 200
    },
    {
      "RequestUri": "//subscriptions/55f3dcd4-cac7-43b4-990b-a139d62a1eb2/resourceGroups/RGName-ps4593/providers/Microsoft.EventGrid/eventSubscriptions/EventSubscription-ps8934?api-version=2017-09-15-preview",
      "EncodedRequestUri": "Ly9zdWJzY3JpcHRpb25zLzU1ZjNkY2Q0LWNhYzctNDNiNC05OTBiLWExMzlkNjJhMWViMi9yZXNvdXJjZUdyb3Vwcy9SR05hbWUtcHM0NTkzL3Byb3ZpZGVycy9NaWNyb3NvZnQuRXZlbnRHcmlkL2V2ZW50U3Vic2NyaXB0aW9ucy9FdmVudFN1YnNjcmlwdGlvbi1wczg5MzQ/YXBpLXZlcnNpb249MjAxNy0wOS0xNS1wcmV2aWV3",
      "RequestMethod": "DELETE",
      "RequestBody": "",
      "RequestHeaders": {
        "x-ms-client-request-id": [
          "0e5a7f48-4939-417a-bb5c-1d039a6c4303"
        ],
        "accept-language": [
          "en-US"
        ],
        "User-Agent": [
          "FxVersion/4.7.2600.0",
          "OSName/Windows10Enterprise",
          "OSVersion/6.3.16299",
          "Microsoft.Azure.Management.EventGrid.EventGridManagementClient/1.1.0.0"
        ]
      },
      "ResponseBody": "",
      "ResponseHeaders": {
        "Content-Length": [
          "0"
        ],
        "Expires": [
          "-1"
        ],
        "Pragma": [
          "no-cache"
        ],
        "x-ms-ratelimit-remaining-subscription-writes": [
          "1194"
        ],
        "x-ms-request-id": [
          "6051d77b-2e2b-4637-8f92-18f2ff9af65a"
        ],
        "x-ms-correlation-request-id": [
          "6051d77b-2e2b-4637-8f92-18f2ff9af65a"
        ],
        "x-ms-routing-request-id": [
          "WESTUS2:20171208T193802Z:6051d77b-2e2b-4637-8f92-18f2ff9af65a"
        ],
        "Strict-Transport-Security": [
          "max-age=31536000; includeSubDomains"
        ],
        "Cache-Control": [
          "no-cache"
        ],
        "Date": [
          "Fri, 08 Dec 2017 19:38:02 GMT"
        ],
        "Server": [
          "Microsoft-HTTPAPI/2.0"
        ]
      },
      "StatusCode": 200
    },
    {
      "RequestUri": "/subscriptions/55f3dcd4-cac7-43b4-990b-a139d62a1eb2/resourcegroups/RGName-ps4593?api-version=2016-02-01",
      "EncodedRequestUri": "L3N1YnNjcmlwdGlvbnMvNTVmM2RjZDQtY2FjNy00M2I0LTk5MGItYTEzOWQ2MmExZWIyL3Jlc291cmNlZ3JvdXBzL1JHTmFtZS1wczQ1OTM/YXBpLXZlcnNpb249MjAxNi0wMi0wMQ==",
      "RequestMethod": "DELETE",
      "RequestBody": "",
      "RequestHeaders": {
        "User-Agent": [
          "Microsoft.Azure.Management.Resources.ResourceManagementClient/2.0.0.0"
        ]
      },
      "ResponseBody": "",
      "ResponseHeaders": {
        "Content-Length": [
          "0"
        ],
        "Expires": [
          "-1"
        ],
        "Pragma": [
          "no-cache"
        ],
        "Retry-After": [
          "15"
        ],
        "x-ms-ratelimit-remaining-subscription-writes": [
          "1198"
        ],
        "x-ms-request-id": [
          "de446281-b09d-40da-8d5e-6e1cf648a0b4"
        ],
        "x-ms-correlation-request-id": [
          "de446281-b09d-40da-8d5e-6e1cf648a0b4"
        ],
        "x-ms-routing-request-id": [
          "WESTUS2:20171208T193803Z:de446281-b09d-40da-8d5e-6e1cf648a0b4"
        ],
        "Strict-Transport-Security": [
          "max-age=31536000; includeSubDomains"
        ],
        "Cache-Control": [
          "no-cache"
        ],
        "Date": [
          "Fri, 08 Dec 2017 19:38:02 GMT"
        ],
        "Location": [
          "https://management.azure.com/subscriptions/55f3dcd4-cac7-43b4-990b-a139d62a1eb2/operationresults/eyJqb2JJZCI6IlJFU09VUkNFR1JPVVBERUxFVElPTkpPQi1SR05BTUU6MkRQUzQ1OTMtV0VTVFVTMiIsImpvYkxvY2F0aW9uIjoid2VzdHVzMiJ9?api-version=2016-02-01"
        ]
      },
      "StatusCode": 202
    },
    {
      "RequestUri": "/subscriptions/55f3dcd4-cac7-43b4-990b-a139d62a1eb2/operationresults/eyJqb2JJZCI6IlJFU09VUkNFR1JPVVBERUxFVElPTkpPQi1SR05BTUU6MkRQUzQ1OTMtV0VTVFVTMiIsImpvYkxvY2F0aW9uIjoid2VzdHVzMiJ9?api-version=2016-02-01",
      "EncodedRequestUri": "L3N1YnNjcmlwdGlvbnMvNTVmM2RjZDQtY2FjNy00M2I0LTk5MGItYTEzOWQ2MmExZWIyL29wZXJhdGlvbnJlc3VsdHMvZXlKcWIySkpaQ0k2SWxKRlUwOVZVa05GUjFKUFZWQkVSVXhGVkVsUFRrcFBRaTFTUjA1QlRVVTZNa1JRVXpRMU9UTXRWMFZUVkZWVE1pSXNJbXB2WWt4dlkyRjBhVzl1SWpvaWQyVnpkSFZ6TWlKOT9hcGktdmVyc2lvbj0yMDE2LTAyLTAx",
      "RequestMethod": "GET",
      "RequestBody": "",
      "RequestHeaders": {
        "x-ms-version": [
          "2016-02-01"
        ],
        "User-Agent": [
          "Microsoft.Azure.Management.Resources.ResourceManagementClient/2.0.0.0"
        ]
      },
      "ResponseBody": "",
      "ResponseHeaders": {
        "Content-Length": [
          "0"
        ],
        "Expires": [
          "-1"
        ],
        "Pragma": [
          "no-cache"
        ],
        "Retry-After": [
          "15"
        ],
        "x-ms-ratelimit-remaining-subscription-reads": [
          "14976"
        ],
        "x-ms-request-id": [
          "d7b9e332-d1e1-4bc4-afd5-def0ae6898ab"
        ],
        "x-ms-correlation-request-id": [
          "d7b9e332-d1e1-4bc4-afd5-def0ae6898ab"
        ],
        "x-ms-routing-request-id": [
          "WESTUS2:20171208T193803Z:d7b9e332-d1e1-4bc4-afd5-def0ae6898ab"
        ],
        "Strict-Transport-Security": [
          "max-age=31536000; includeSubDomains"
        ],
        "Cache-Control": [
          "no-cache"
        ],
        "Date": [
          "Fri, 08 Dec 2017 19:38:02 GMT"
        ],
        "Location": [
          "https://management.azure.com/subscriptions/55f3dcd4-cac7-43b4-990b-a139d62a1eb2/operationresults/eyJqb2JJZCI6IlJFU09VUkNFR1JPVVBERUxFVElPTkpPQi1SR05BTUU6MkRQUzQ1OTMtV0VTVFVTMiIsImpvYkxvY2F0aW9uIjoid2VzdHVzMiJ9?api-version=2016-02-01"
        ]
      },
      "StatusCode": 202
    },
    {
      "RequestUri": "/subscriptions/55f3dcd4-cac7-43b4-990b-a139d62a1eb2/operationresults/eyJqb2JJZCI6IlJFU09VUkNFR1JPVVBERUxFVElPTkpPQi1SR05BTUU6MkRQUzQ1OTMtV0VTVFVTMiIsImpvYkxvY2F0aW9uIjoid2VzdHVzMiJ9?api-version=2016-02-01",
      "EncodedRequestUri": "L3N1YnNjcmlwdGlvbnMvNTVmM2RjZDQtY2FjNy00M2I0LTk5MGItYTEzOWQ2MmExZWIyL29wZXJhdGlvbnJlc3VsdHMvZXlKcWIySkpaQ0k2SWxKRlUwOVZVa05GUjFKUFZWQkVSVXhGVkVsUFRrcFBRaTFTUjA1QlRVVTZNa1JRVXpRMU9UTXRWMFZUVkZWVE1pSXNJbXB2WWt4dlkyRjBhVzl1SWpvaWQyVnpkSFZ6TWlKOT9hcGktdmVyc2lvbj0yMDE2LTAyLTAx",
      "RequestMethod": "GET",
      "RequestBody": "",
      "RequestHeaders": {
        "x-ms-version": [
          "2016-02-01"
        ],
        "User-Agent": [
          "Microsoft.Azure.Management.Resources.ResourceManagementClient/2.0.0.0"
        ]
      },
      "ResponseBody": "",
      "ResponseHeaders": {
        "Content-Length": [
          "0"
        ],
        "Expires": [
          "-1"
        ],
        "Pragma": [
          "no-cache"
        ],
        "Retry-After": [
          "15"
        ],
        "x-ms-ratelimit-remaining-subscription-reads": [
          "14975"
        ],
        "x-ms-request-id": [
          "f37a0af2-4ff9-4c62-94d4-12df1ae511c7"
        ],
        "x-ms-correlation-request-id": [
          "f37a0af2-4ff9-4c62-94d4-12df1ae511c7"
        ],
        "x-ms-routing-request-id": [
          "WESTUS2:20171208T193819Z:f37a0af2-4ff9-4c62-94d4-12df1ae511c7"
        ],
        "Strict-Transport-Security": [
          "max-age=31536000; includeSubDomains"
        ],
        "Cache-Control": [
          "no-cache"
        ],
        "Date": [
          "Fri, 08 Dec 2017 19:38:18 GMT"
        ],
        "Location": [
          "https://management.azure.com/subscriptions/55f3dcd4-cac7-43b4-990b-a139d62a1eb2/operationresults/eyJqb2JJZCI6IlJFU09VUkNFR1JPVVBERUxFVElPTkpPQi1SR05BTUU6MkRQUzQ1OTMtV0VTVFVTMiIsImpvYkxvY2F0aW9uIjoid2VzdHVzMiJ9?api-version=2016-02-01"
        ]
      },
      "StatusCode": 202
    },
    {
      "RequestUri": "/subscriptions/55f3dcd4-cac7-43b4-990b-a139d62a1eb2/operationresults/eyJqb2JJZCI6IlJFU09VUkNFR1JPVVBERUxFVElPTkpPQi1SR05BTUU6MkRQUzQ1OTMtV0VTVFVTMiIsImpvYkxvY2F0aW9uIjoid2VzdHVzMiJ9?api-version=2016-02-01",
      "EncodedRequestUri": "L3N1YnNjcmlwdGlvbnMvNTVmM2RjZDQtY2FjNy00M2I0LTk5MGItYTEzOWQ2MmExZWIyL29wZXJhdGlvbnJlc3VsdHMvZXlKcWIySkpaQ0k2SWxKRlUwOVZVa05GUjFKUFZWQkVSVXhGVkVsUFRrcFBRaTFTUjA1QlRVVTZNa1JRVXpRMU9UTXRWMFZUVkZWVE1pSXNJbXB2WWt4dlkyRjBhVzl1SWpvaWQyVnpkSFZ6TWlKOT9hcGktdmVyc2lvbj0yMDE2LTAyLTAx",
      "RequestMethod": "GET",
      "RequestBody": "",
      "RequestHeaders": {
        "x-ms-version": [
          "2016-02-01"
        ],
        "User-Agent": [
          "Microsoft.Azure.Management.Resources.ResourceManagementClient/2.0.0.0"
        ]
      },
      "ResponseBody": "",
      "ResponseHeaders": {
        "Content-Length": [
          "0"
        ],
        "Expires": [
          "-1"
        ],
        "Pragma": [
          "no-cache"
        ],
        "Retry-After": [
          "15"
        ],
        "x-ms-ratelimit-remaining-subscription-reads": [
          "14974"
        ],
        "x-ms-request-id": [
          "b8e750fd-1312-48db-b4ea-8ebf2f5b4ff0"
        ],
        "x-ms-correlation-request-id": [
          "b8e750fd-1312-48db-b4ea-8ebf2f5b4ff0"
        ],
        "x-ms-routing-request-id": [
          "WESTUS2:20171208T193834Z:b8e750fd-1312-48db-b4ea-8ebf2f5b4ff0"
        ],
        "Strict-Transport-Security": [
          "max-age=31536000; includeSubDomains"
        ],
        "Cache-Control": [
          "no-cache"
        ],
        "Date": [
          "Fri, 08 Dec 2017 19:38:34 GMT"
        ],
        "Location": [
          "https://management.azure.com/subscriptions/55f3dcd4-cac7-43b4-990b-a139d62a1eb2/operationresults/eyJqb2JJZCI6IlJFU09VUkNFR1JPVVBERUxFVElPTkpPQi1SR05BTUU6MkRQUzQ1OTMtV0VTVFVTMiIsImpvYkxvY2F0aW9uIjoid2VzdHVzMiJ9?api-version=2016-02-01"
        ]
      },
      "StatusCode": 202
    },
    {
      "RequestUri": "/subscriptions/55f3dcd4-cac7-43b4-990b-a139d62a1eb2/operationresults/eyJqb2JJZCI6IlJFU09VUkNFR1JPVVBERUxFVElPTkpPQi1SR05BTUU6MkRQUzQ1OTMtV0VTVFVTMiIsImpvYkxvY2F0aW9uIjoid2VzdHVzMiJ9?api-version=2016-02-01",
      "EncodedRequestUri": "L3N1YnNjcmlwdGlvbnMvNTVmM2RjZDQtY2FjNy00M2I0LTk5MGItYTEzOWQ2MmExZWIyL29wZXJhdGlvbnJlc3VsdHMvZXlKcWIySkpaQ0k2SWxKRlUwOVZVa05GUjFKUFZWQkVSVXhGVkVsUFRrcFBRaTFTUjA1QlRVVTZNa1JRVXpRMU9UTXRWMFZUVkZWVE1pSXNJbXB2WWt4dlkyRjBhVzl1SWpvaWQyVnpkSFZ6TWlKOT9hcGktdmVyc2lvbj0yMDE2LTAyLTAx",
      "RequestMethod": "GET",
      "RequestBody": "",
      "RequestHeaders": {
        "x-ms-version": [
          "2016-02-01"
        ],
        "User-Agent": [
          "Microsoft.Azure.Management.Resources.ResourceManagementClient/2.0.0.0"
        ]
      },
      "ResponseBody": "",
      "ResponseHeaders": {
        "Content-Length": [
          "0"
        ],
        "Expires": [
          "-1"
        ],
        "Pragma": [
          "no-cache"
        ],
        "x-ms-ratelimit-remaining-subscription-reads": [
          "14973"
        ],
        "x-ms-request-id": [
          "3b0d6530-eff3-42cb-8372-223272d02553"
        ],
        "x-ms-correlation-request-id": [
          "3b0d6530-eff3-42cb-8372-223272d02553"
        ],
        "x-ms-routing-request-id": [
          "WESTUS2:20171208T193849Z:3b0d6530-eff3-42cb-8372-223272d02553"
        ],
        "Strict-Transport-Security": [
          "max-age=31536000; includeSubDomains"
        ],
        "Cache-Control": [
          "no-cache"
        ],
        "Date": [
          "Fri, 08 Dec 2017 19:38:49 GMT"
        ]
      },
      "StatusCode": 200
    }
  ],
  "Names": {
    "": [
      "ps5314",
      "ps8934",
      "ps4593"
    ]
  },
  "Variables": {
    "SubscriptionId": "55f3dcd4-cac7-43b4-990b-a139d62a1eb2"
  }
}