{
  "Entries": [
    {
      "RequestUri": "/subscriptions/55f3dcd4-cac7-43b4-990b-a139d62a1eb2/resourcegroups/RGName-ps4411?api-version=2016-02-01",
      "EncodedRequestUri": "L3N1YnNjcmlwdGlvbnMvNTVmM2RjZDQtY2FjNy00M2I0LTk5MGItYTEzOWQ2MmExZWIyL3Jlc291cmNlZ3JvdXBzL1JHTmFtZS1wczQ0MTE/YXBpLXZlcnNpb249MjAxNi0wMi0wMQ==",
      "RequestMethod": "PUT",
      "RequestBody": "{\r\n  \"location\": \"westus2\"\r\n}",
      "RequestHeaders": {
        "Content-Type": [
          "application/json; charset=utf-8"
        ],
        "Content-Length": [
          "29"
        ],
        "User-Agent": [
          "Microsoft.Azure.Management.Resources.ResourceManagementClient/2.0.0.0"
        ]
      },
      "ResponseBody": "{\r\n  \"id\": \"/subscriptions/55f3dcd4-cac7-43b4-990b-a139d62a1eb2/resourceGroups/RGName-ps4411\",\r\n  \"name\": \"RGName-ps4411\",\r\n  \"location\": \"westus2\",\r\n  \"properties\": {\r\n    \"provisioningState\": \"Succeeded\"\r\n  }\r\n}",
      "ResponseHeaders": {
        "Content-Length": [
          "180"
        ],
        "Content-Type": [
          "application/json; charset=utf-8"
        ],
        "Expires": [
          "-1"
        ],
        "Pragma": [
          "no-cache"
        ],
        "x-ms-ratelimit-remaining-subscription-writes": [
          "1199"
        ],
        "x-ms-request-id": [
          "d98354a0-863f-49c7-925e-45072b7843d8"
        ],
        "x-ms-correlation-request-id": [
          "d98354a0-863f-49c7-925e-45072b7843d8"
        ],
        "x-ms-routing-request-id": [
          "WESTUS2:20180521T215729Z:d98354a0-863f-49c7-925e-45072b7843d8"
        ],
        "Strict-Transport-Security": [
          "max-age=31536000; includeSubDomains"
        ],
        "X-Content-Type-Options": [
          "nosniff"
        ],
        "Cache-Control": [
          "no-cache"
        ],
        "Date": [
          "Mon, 21 May 2018 21:57:28 GMT"
        ]
      },
      "StatusCode": 201
    },
    {
      "RequestUri": "//subscriptions/55f3dcd4-cac7-43b4-990b-a139d62a1eb2/resourceGroups/RGName-ps4411/providers/Microsoft.EventGrid/eventSubscriptions/EventSubscription-ps7241?api-version=2018-05-01-preview",
      "EncodedRequestUri": "Ly9zdWJzY3JpcHRpb25zLzU1ZjNkY2Q0LWNhYzctNDNiNC05OTBiLWExMzlkNjJhMWViMi9yZXNvdXJjZUdyb3Vwcy9SR05hbWUtcHM0NDExL3Byb3ZpZGVycy9NaWNyb3NvZnQuRXZlbnRHcmlkL2V2ZW50U3Vic2NyaXB0aW9ucy9FdmVudFN1YnNjcmlwdGlvbi1wczcyNDE/YXBpLXZlcnNpb249MjAxOC0wNS0wMS1wcmV2aWV3",
      "RequestMethod": "PUT",
      "RequestBody": "{\r\n  \"properties\": {\r\n    \"destination\": {\r\n      \"endpointType\": \"WebHook\",\r\n      \"properties\": {\r\n        \"endpointUrl\": \"https://eventgridrunnerfunction.azurewebsites.net/api/HttpTriggerCSharp1?code=VbOalRw5qWMltR57RaCn6BaeQqELvPfC/ad0k/kjv6yCe0JLIsLYaw==\"\r\n      }\r\n    },\r\n    \"filter\": {\r\n      \"includedEventTypes\": [\r\n        \"All\"\r\n      ],\r\n      \"isSubjectCaseSensitive\": false\r\n    },\r\n    \"labels\": [\r\n      \"Finance\",\r\n      \"HR\"\r\n    ],\r\n    \"eventDeliverySchema\": \"InputEventSchema\"\r\n  }\r\n}",
      "RequestHeaders": {
        "Content-Type": [
          "application/json; charset=utf-8"
        ],
        "Content-Length": [
          "507"
        ],
        "x-ms-client-request-id": [
          "3c107fd2-cb26-4e4c-af67-10a21616323b"
        ],
        "accept-language": [
          "en-US"
        ],
        "User-Agent": [
          "FxVersion/4.7.3101.0",
          "OSName/Windows10Enterprise",
          "OSVersion/6.3.17134",
          "Microsoft.Azure.Management.EventGrid.EventGridManagementClient/2.0.0.0"
        ]
      },
      "ResponseBody": "{\r\n  \"properties\": {\r\n    \"topic\": \"/subscriptions/55f3dcd4-cac7-43b4-990b-a139d62a1eb2/resourceGroups/rgname-ps4411\",\r\n    \"provisioningState\": \"Creating\",\r\n    \"destination\": {\r\n      \"properties\": {\r\n        \"endpointUrl\": null,\r\n        \"endpointBaseUrl\": \"https://eventgridrunnerfunction.azurewebsites.net/api/HttpTriggerCSharp1\"\r\n      },\r\n      \"endpointType\": \"WebHook\"\r\n    },\r\n    \"filter\": {\r\n      \"includedEventTypes\": [\r\n        \"All\"\r\n      ]\r\n    },\r\n    \"labels\": [\r\n      \"Finance\",\r\n      \"HR\"\r\n    ],\r\n    \"eventDeliverySchema\": \"InputEventSchema\"\r\n  },\r\n  \"id\": \"/subscriptions/55f3dcd4-cac7-43b4-990b-a139d62a1eb2/resourceGroups/RGName-ps4411/providers/Microsoft.EventGrid/eventSubscriptions/EventSubscription-ps7241\",\r\n  \"name\": \"EventSubscription-ps7241\",\r\n  \"type\": \"Microsoft.EventGrid/eventSubscriptions\"\r\n}",
      "ResponseHeaders": {
        "Content-Length": [
          "657"
        ],
        "Content-Type": [
          "application/json; charset=utf-8"
        ],
        "Expires": [
          "-1"
        ],
        "Pragma": [
          "no-cache"
        ],
        "Retry-After": [
          "10"
        ],
        "Strict-Transport-Security": [
          "max-age=31536000; includeSubDomains"
        ],
        "Azure-AsyncOperation": [
          "https://management.azure.com:443/subscriptions/55f3dcd4-cac7-43b4-990b-a139d62a1eb2/providers/Microsoft.EventGrid/operationsStatus/B1212591-4C37-4FA5-83FC-6B58E947F0B4?api-version=2018-05-01-preview"
        ],
        "x-ms-request-id": [
          "98fdd4f7-a15e-48a2-b3b1-bf8f3b035eb6"
        ],
        "x-ms-ratelimit-remaining-subscription-writes": [
          "1199"
        ],
        "x-ms-correlation-request-id": [
          "f5be3e9f-5234-4468-b7f3-8e701cff150b"
        ],
        "x-ms-routing-request-id": [
          "WESTUS2:20180521T215731Z:f5be3e9f-5234-4468-b7f3-8e701cff150b"
        ],
        "X-Content-Type-Options": [
          "nosniff"
        ],
        "Cache-Control": [
          "no-cache"
        ],
        "Date": [
          "Mon, 21 May 2018 21:57:31 GMT"
        ],
        "Server": [
          "Microsoft-HTTPAPI/2.0"
        ]
      },
      "StatusCode": 201
    },
    {
      "RequestUri": "/subscriptions/55f3dcd4-cac7-43b4-990b-a139d62a1eb2/providers/Microsoft.EventGrid/operationsStatus/B1212591-4C37-4FA5-83FC-6B58E947F0B4?api-version=2018-05-01-preview",
      "EncodedRequestUri": "L3N1YnNjcmlwdGlvbnMvNTVmM2RjZDQtY2FjNy00M2I0LTk5MGItYTEzOWQ2MmExZWIyL3Byb3ZpZGVycy9NaWNyb3NvZnQuRXZlbnRHcmlkL29wZXJhdGlvbnNTdGF0dXMvQjEyMTI1OTEtNEMzNy00RkE1LTgzRkMtNkI1OEU5NDdGMEI0P2FwaS12ZXJzaW9uPTIwMTgtMDUtMDEtcHJldmlldw==",
      "RequestMethod": "GET",
      "RequestBody": "",
      "RequestHeaders": {
        "User-Agent": [
          "FxVersion/4.7.3101.0",
          "OSName/Windows10Enterprise",
          "OSVersion/6.3.17134",
          "Microsoft.Azure.Management.EventGrid.EventGridManagementClient/2.0.0.0"
        ]
      },
      "ResponseBody": "{\r\n  \"id\": \"https://management.azure.com/subscriptions/55f3dcd4-cac7-43b4-990b-a139d62a1eb2/providers/Microsoft.EventGrid/operationsStatus/B1212591-4C37-4FA5-83FC-6B58E947F0B4?api-version=2018-05-01-preview\",\r\n  \"name\": \"b1212591-4c37-4fa5-83fc-6b58e947f0b4\",\r\n  \"status\": \"Succeeded\"\r\n}",
      "ResponseHeaders": {
        "Content-Length": [
          "270"
        ],
        "Content-Type": [
          "application/json; charset=utf-8"
        ],
        "Expires": [
          "-1"
        ],
        "Pragma": [
          "no-cache"
        ],
        "Strict-Transport-Security": [
          "max-age=31536000; includeSubDomains"
        ],
        "x-ms-request-id": [
          "112e0875-33ed-403d-a3dd-873c8d968dc5"
        ],
        "x-ms-ratelimit-remaining-subscription-reads": [
          "14999"
        ],
        "x-ms-correlation-request-id": [
          "ba5f9945-6ee5-41ee-b7eb-69ec721a8346"
        ],
        "x-ms-routing-request-id": [
          "WESTUS2:20180521T215741Z:ba5f9945-6ee5-41ee-b7eb-69ec721a8346"
        ],
        "X-Content-Type-Options": [
          "nosniff"
        ],
        "Cache-Control": [
          "no-cache"
        ],
        "Date": [
          "Mon, 21 May 2018 21:57:41 GMT"
        ],
        "Server": [
          "Microsoft-HTTPAPI/2.0"
        ]
      },
      "StatusCode": 200
    },
    {
      "RequestUri": "//subscriptions/55f3dcd4-cac7-43b4-990b-a139d62a1eb2/resourceGroups/RGName-ps4411/providers/Microsoft.EventGrid/eventSubscriptions/EventSubscription-ps7241?api-version=2018-05-01-preview",
      "EncodedRequestUri": "Ly9zdWJzY3JpcHRpb25zLzU1ZjNkY2Q0LWNhYzctNDNiNC05OTBiLWExMzlkNjJhMWViMi9yZXNvdXJjZUdyb3Vwcy9SR05hbWUtcHM0NDExL3Byb3ZpZGVycy9NaWNyb3NvZnQuRXZlbnRHcmlkL2V2ZW50U3Vic2NyaXB0aW9ucy9FdmVudFN1YnNjcmlwdGlvbi1wczcyNDE/YXBpLXZlcnNpb249MjAxOC0wNS0wMS1wcmV2aWV3",
      "RequestMethod": "GET",
      "RequestBody": "",
      "RequestHeaders": {
        "User-Agent": [
          "FxVersion/4.7.3101.0",
          "OSName/Windows10Enterprise",
          "OSVersion/6.3.17134",
          "Microsoft.Azure.Management.EventGrid.EventGridManagementClient/2.0.0.0"
        ]
      },
      "ResponseBody": "{\r\n  \"properties\": {\r\n    \"topic\": \"/subscriptions/55f3dcd4-cac7-43b4-990b-a139d62a1eb2/resourceGroups/rgname-ps4411\",\r\n    \"provisioningState\": \"Succeeded\",\r\n    \"destination\": {\r\n      \"properties\": {\r\n        \"endpointUrl\": null,\r\n        \"endpointBaseUrl\": \"https://eventgridrunnerfunction.azurewebsites.net/api/HttpTriggerCSharp1\"\r\n      },\r\n      \"endpointType\": \"WebHook\"\r\n    },\r\n    \"filter\": {\r\n      \"subjectBeginsWith\": \"\",\r\n      \"subjectEndsWith\": \"\",\r\n      \"includedEventTypes\": [\r\n        \"All\"\r\n      ]\r\n    },\r\n    \"labels\": [\r\n      \"Finance\",\r\n      \"HR\"\r\n    ],\r\n    \"eventDeliverySchema\": \"InputEventSchema\"\r\n  },\r\n  \"id\": \"/subscriptions/55f3dcd4-cac7-43b4-990b-a139d62a1eb2/resourceGroups/RGName-ps4411/providers/Microsoft.EventGrid/eventSubscriptions/EventSubscription-ps7241\",\r\n  \"name\": \"EventSubscription-ps7241\",\r\n  \"type\": \"Microsoft.EventGrid/eventSubscriptions\"\r\n}",
      "ResponseHeaders": {
        "Content-Length": [
          "702"
        ],
        "Content-Type": [
          "application/json; charset=utf-8"
        ],
        "Expires": [
          "-1"
        ],
        "Pragma": [
          "no-cache"
        ],
        "Strict-Transport-Security": [
          "max-age=31536000; includeSubDomains"
        ],
        "x-ms-request-id": [
          "e254e159-e055-4308-91b4-57944f979fa8"
        ],
        "x-ms-ratelimit-remaining-subscription-reads": [
          "14998"
        ],
        "x-ms-correlation-request-id": [
          "d5429192-ffb4-4346-a326-6a1238c7013c"
        ],
        "x-ms-routing-request-id": [
          "WESTUS2:20180521T215741Z:d5429192-ffb4-4346-a326-6a1238c7013c"
        ],
        "X-Content-Type-Options": [
          "nosniff"
        ],
        "Cache-Control": [
          "no-cache"
        ],
        "Date": [
          "Mon, 21 May 2018 21:57:41 GMT"
        ],
        "Server": [
          "Microsoft-HTTPAPI/2.0"
        ]
      },
      "StatusCode": 200
    },
    {
      "RequestUri": "//subscriptions/55f3dcd4-cac7-43b4-990b-a139d62a1eb2/resourceGroups/RGName-ps4411/providers/Microsoft.EventGrid/eventSubscriptions/EventSubscription-ps7241?api-version=2018-05-01-preview",
      "EncodedRequestUri": "Ly9zdWJzY3JpcHRpb25zLzU1ZjNkY2Q0LWNhYzctNDNiNC05OTBiLWExMzlkNjJhMWViMi9yZXNvdXJjZUdyb3Vwcy9SR05hbWUtcHM0NDExL3Byb3ZpZGVycy9NaWNyb3NvZnQuRXZlbnRHcmlkL2V2ZW50U3Vic2NyaXB0aW9ucy9FdmVudFN1YnNjcmlwdGlvbi1wczcyNDE/YXBpLXZlcnNpb249MjAxOC0wNS0wMS1wcmV2aWV3",
      "RequestMethod": "GET",
      "RequestBody": "",
      "RequestHeaders": {
        "x-ms-client-request-id": [
          "536268fb-1cff-4c69-a292-cefa1ac57599"
        ],
        "accept-language": [
          "en-US"
        ],
        "User-Agent": [
          "FxVersion/4.7.3101.0",
          "OSName/Windows10Enterprise",
          "OSVersion/6.3.17134",
          "Microsoft.Azure.Management.EventGrid.EventGridManagementClient/2.0.0.0"
        ]
      },
      "ResponseBody": "{\r\n  \"properties\": {\r\n    \"topic\": \"/subscriptions/55f3dcd4-cac7-43b4-990b-a139d62a1eb2/resourceGroups/rgname-ps4411\",\r\n    \"provisioningState\": \"Succeeded\",\r\n    \"destination\": {\r\n      \"properties\": {\r\n        \"endpointUrl\": null,\r\n        \"endpointBaseUrl\": \"https://eventgridrunnerfunction.azurewebsites.net/api/HttpTriggerCSharp1\"\r\n      },\r\n      \"endpointType\": \"WebHook\"\r\n    },\r\n    \"filter\": {\r\n      \"subjectBeginsWith\": \"\",\r\n      \"subjectEndsWith\": \"\",\r\n      \"includedEventTypes\": [\r\n        \"All\"\r\n      ]\r\n    },\r\n    \"labels\": [\r\n      \"Finance\",\r\n      \"HR\"\r\n    ],\r\n    \"eventDeliverySchema\": \"InputEventSchema\"\r\n  },\r\n  \"id\": \"/subscriptions/55f3dcd4-cac7-43b4-990b-a139d62a1eb2/resourceGroups/RGName-ps4411/providers/Microsoft.EventGrid/eventSubscriptions/EventSubscription-ps7241\",\r\n  \"name\": \"EventSubscription-ps7241\",\r\n  \"type\": \"Microsoft.EventGrid/eventSubscriptions\"\r\n}",
      "ResponseHeaders": {
        "Content-Length": [
          "702"
        ],
        "Content-Type": [
          "application/json; charset=utf-8"
        ],
        "Expires": [
          "-1"
        ],
        "Pragma": [
          "no-cache"
        ],
        "Strict-Transport-Security": [
          "max-age=31536000; includeSubDomains"
        ],
        "x-ms-request-id": [
          "63e872b6-3bc5-4192-8883-e9ea62832048"
        ],
        "x-ms-ratelimit-remaining-subscription-reads": [
          "14995"
        ],
        "x-ms-correlation-request-id": [
          "b011b754-1543-4781-a5db-71263b1a8648"
        ],
        "x-ms-routing-request-id": [
          "WESTUS2:20180521T215752Z:b011b754-1543-4781-a5db-71263b1a8648"
        ],
        "X-Content-Type-Options": [
          "nosniff"
        ],
        "Cache-Control": [
          "no-cache"
        ],
        "Date": [
          "Mon, 21 May 2018 21:57:52 GMT"
        ],
        "Server": [
          "Microsoft-HTTPAPI/2.0"
        ]
      },
      "StatusCode": 200
    },
    {
      "RequestUri": "//subscriptions/55f3dcd4-cac7-43b4-990b-a139d62a1eb2/resourceGroups/RGName-ps4411/providers/Microsoft.EventGrid/eventSubscriptions/EventSubscription-ps9416?api-version=2018-05-01-preview",
      "EncodedRequestUri": "Ly9zdWJzY3JpcHRpb25zLzU1ZjNkY2Q0LWNhYzctNDNiNC05OTBiLWExMzlkNjJhMWViMi9yZXNvdXJjZUdyb3Vwcy9SR05hbWUtcHM0NDExL3Byb3ZpZGVycy9NaWNyb3NvZnQuRXZlbnRHcmlkL2V2ZW50U3Vic2NyaXB0aW9ucy9FdmVudFN1YnNjcmlwdGlvbi1wczk0MTY/YXBpLXZlcnNpb249MjAxOC0wNS0wMS1wcmV2aWV3",
      "RequestMethod": "PUT",
      "RequestBody": "{\r\n  \"properties\": {\r\n    \"destination\": {\r\n      \"endpointType\": \"WebHook\",\r\n      \"properties\": {\r\n        \"endpointUrl\": \"https://eventgridrunnerfunction.azurewebsites.net/api/HttpTriggerCSharp1?code=VbOalRw5qWMltR57RaCn6BaeQqELvPfC/ad0k/kjv6yCe0JLIsLYaw==\"\r\n      }\r\n    },\r\n    \"filter\": {\r\n      \"includedEventTypes\": [\r\n        \"Microsoft.Resources.ResourceWriteFailure\",\r\n        \"Microsoft.Resources.ResourceWriteSuccess\"\r\n      ],\r\n      \"isSubjectCaseSensitive\": false\r\n    },\r\n    \"eventDeliverySchema\": \"InputEventSchema\"\r\n  }\r\n}",
      "RequestHeaders": {
        "Content-Type": [
          "application/json; charset=utf-8"
        ],
        "Content-Length": [
          "542"
        ],
        "x-ms-client-request-id": [
          "2efde848-c60c-4227-b84c-8f072033a9f4"
        ],
        "accept-language": [
          "en-US"
        ],
        "User-Agent": [
          "FxVersion/4.7.3101.0",
          "OSName/Windows10Enterprise",
          "OSVersion/6.3.17134",
          "Microsoft.Azure.Management.EventGrid.EventGridManagementClient/2.0.0.0"
        ]
      },
      "ResponseBody": "{\r\n  \"properties\": {\r\n    \"topic\": \"/subscriptions/55f3dcd4-cac7-43b4-990b-a139d62a1eb2/resourceGroups/rgname-ps4411\",\r\n    \"provisioningState\": \"Creating\",\r\n    \"destination\": {\r\n      \"properties\": {\r\n        \"endpointUrl\": null,\r\n        \"endpointBaseUrl\": \"https://eventgridrunnerfunction.azurewebsites.net/api/HttpTriggerCSharp1\"\r\n      },\r\n      \"endpointType\": \"WebHook\"\r\n    },\r\n    \"filter\": {\r\n      \"includedEventTypes\": [\r\n        \"Microsoft.Resources.ResourceWriteFailure\",\r\n        \"Microsoft.Resources.ResourceWriteSuccess\"\r\n      ]\r\n    },\r\n    \"labels\": null,\r\n    \"eventDeliverySchema\": \"InputEventSchema\"\r\n  },\r\n  \"id\": \"/subscriptions/55f3dcd4-cac7-43b4-990b-a139d62a1eb2/resourceGroups/RGName-ps4411/providers/Microsoft.EventGrid/eventSubscriptions/EventSubscription-ps9416\",\r\n  \"name\": \"EventSubscription-ps9416\",\r\n  \"type\": \"Microsoft.EventGrid/eventSubscriptions\"\r\n}",
      "ResponseHeaders": {
        "Content-Length": [
          "725"
        ],
        "Content-Type": [
          "application/json; charset=utf-8"
        ],
        "Expires": [
          "-1"
        ],
        "Pragma": [
          "no-cache"
        ],
        "Retry-After": [
          "10"
        ],
        "Strict-Transport-Security": [
          "max-age=31536000; includeSubDomains"
        ],
        "Azure-AsyncOperation": [
          "https://management.azure.com:443/subscriptions/55f3dcd4-cac7-43b4-990b-a139d62a1eb2/providers/Microsoft.EventGrid/operationsStatus/3B53C563-9F33-4550-B400-1F9363D1E3AC?api-version=2018-05-01-preview"
        ],
        "x-ms-request-id": [
          "1116e588-5f28-46b4-b903-e3c1cf7913d4"
        ],
        "x-ms-ratelimit-remaining-subscription-writes": [
          "1198"
        ],
        "x-ms-correlation-request-id": [
          "0be30a3c-7294-4383-9496-1ae78b4ebd82"
        ],
        "x-ms-routing-request-id": [
          "WESTUS2:20180521T215742Z:0be30a3c-7294-4383-9496-1ae78b4ebd82"
        ],
        "X-Content-Type-Options": [
          "nosniff"
        ],
        "Cache-Control": [
          "no-cache"
        ],
        "Date": [
          "Mon, 21 May 2018 21:57:42 GMT"
        ],
        "Server": [
          "Microsoft-HTTPAPI/2.0"
        ]
      },
      "StatusCode": 201
    },
    {
      "RequestUri": "/subscriptions/55f3dcd4-cac7-43b4-990b-a139d62a1eb2/providers/Microsoft.EventGrid/operationsStatus/3B53C563-9F33-4550-B400-1F9363D1E3AC?api-version=2018-05-01-preview",
      "EncodedRequestUri": "L3N1YnNjcmlwdGlvbnMvNTVmM2RjZDQtY2FjNy00M2I0LTk5MGItYTEzOWQ2MmExZWIyL3Byb3ZpZGVycy9NaWNyb3NvZnQuRXZlbnRHcmlkL29wZXJhdGlvbnNTdGF0dXMvM0I1M0M1NjMtOUYzMy00NTUwLUI0MDAtMUY5MzYzRDFFM0FDP2FwaS12ZXJzaW9uPTIwMTgtMDUtMDEtcHJldmlldw==",
      "RequestMethod": "GET",
      "RequestBody": "",
      "RequestHeaders": {
        "User-Agent": [
          "FxVersion/4.7.3101.0",
          "OSName/Windows10Enterprise",
          "OSVersion/6.3.17134",
          "Microsoft.Azure.Management.EventGrid.EventGridManagementClient/2.0.0.0"
        ]
      },
      "ResponseBody": "{\r\n  \"id\": \"https://management.azure.com/subscriptions/55f3dcd4-cac7-43b4-990b-a139d62a1eb2/providers/Microsoft.EventGrid/operationsStatus/3B53C563-9F33-4550-B400-1F9363D1E3AC?api-version=2018-05-01-preview\",\r\n  \"name\": \"3b53c563-9f33-4550-b400-1f9363d1e3ac\",\r\n  \"status\": \"Succeeded\"\r\n}",
      "ResponseHeaders": {
        "Content-Length": [
          "270"
        ],
        "Content-Type": [
          "application/json; charset=utf-8"
        ],
        "Expires": [
          "-1"
        ],
        "Pragma": [
          "no-cache"
        ],
        "Strict-Transport-Security": [
          "max-age=31536000; includeSubDomains"
        ],
        "x-ms-request-id": [
          "e3fa1c0f-52e5-4ff8-ad9a-a253c697439d"
        ],
        "x-ms-ratelimit-remaining-subscription-reads": [
          "14997"
        ],
        "x-ms-correlation-request-id": [
          "04f43eb5-5e2a-43a5-831b-bf0ad61c287f"
        ],
        "x-ms-routing-request-id": [
          "WESTUS2:20180521T215752Z:04f43eb5-5e2a-43a5-831b-bf0ad61c287f"
        ],
        "X-Content-Type-Options": [
          "nosniff"
        ],
        "Cache-Control": [
          "no-cache"
        ],
        "Date": [
          "Mon, 21 May 2018 21:57:52 GMT"
        ],
        "Server": [
          "Microsoft-HTTPAPI/2.0"
        ]
      },
      "StatusCode": 200
    },
    {
      "RequestUri": "//subscriptions/55f3dcd4-cac7-43b4-990b-a139d62a1eb2/resourceGroups/RGName-ps4411/providers/Microsoft.EventGrid/eventSubscriptions/EventSubscription-ps9416?api-version=2018-05-01-preview",
      "EncodedRequestUri": "Ly9zdWJzY3JpcHRpb25zLzU1ZjNkY2Q0LWNhYzctNDNiNC05OTBiLWExMzlkNjJhMWViMi9yZXNvdXJjZUdyb3Vwcy9SR05hbWUtcHM0NDExL3Byb3ZpZGVycy9NaWNyb3NvZnQuRXZlbnRHcmlkL2V2ZW50U3Vic2NyaXB0aW9ucy9FdmVudFN1YnNjcmlwdGlvbi1wczk0MTY/YXBpLXZlcnNpb249MjAxOC0wNS0wMS1wcmV2aWV3",
      "RequestMethod": "GET",
      "RequestBody": "",
      "RequestHeaders": {
        "User-Agent": [
          "FxVersion/4.7.3101.0",
          "OSName/Windows10Enterprise",
          "OSVersion/6.3.17134",
          "Microsoft.Azure.Management.EventGrid.EventGridManagementClient/2.0.0.0"
        ]
      },
      "ResponseBody": "{\r\n  \"properties\": {\r\n    \"topic\": \"/subscriptions/55f3dcd4-cac7-43b4-990b-a139d62a1eb2/resourceGroups/rgname-ps4411\",\r\n    \"provisioningState\": \"Succeeded\",\r\n    \"destination\": {\r\n      \"properties\": {\r\n        \"endpointUrl\": null,\r\n        \"endpointBaseUrl\": \"https://eventgridrunnerfunction.azurewebsites.net/api/HttpTriggerCSharp1\"\r\n      },\r\n      \"endpointType\": \"WebHook\"\r\n    },\r\n    \"filter\": {\r\n      \"subjectBeginsWith\": \"\",\r\n      \"subjectEndsWith\": \"\",\r\n      \"includedEventTypes\": [\r\n        \"Microsoft.Resources.ResourceWriteFailure\",\r\n        \"Microsoft.Resources.ResourceWriteSuccess\"\r\n      ]\r\n    },\r\n    \"labels\": null,\r\n    \"eventDeliverySchema\": \"InputEventSchema\"\r\n  },\r\n  \"id\": \"/subscriptions/55f3dcd4-cac7-43b4-990b-a139d62a1eb2/resourceGroups/RGName-ps4411/providers/Microsoft.EventGrid/eventSubscriptions/EventSubscription-ps9416\",\r\n  \"name\": \"EventSubscription-ps9416\",\r\n  \"type\": \"Microsoft.EventGrid/eventSubscriptions\"\r\n}",
      "ResponseHeaders": {
        "Content-Length": [
          "770"
        ],
        "Content-Type": [
          "application/json; charset=utf-8"
        ],
        "Expires": [
          "-1"
        ],
        "Pragma": [
          "no-cache"
        ],
        "Strict-Transport-Security": [
          "max-age=31536000; includeSubDomains"
        ],
        "x-ms-request-id": [
          "27ed8e14-f766-4e3f-b038-3fc6b5b0360f"
        ],
        "x-ms-ratelimit-remaining-subscription-reads": [
          "14996"
        ],
        "x-ms-correlation-request-id": [
          "b1da34a7-a9f8-4f47-96b2-e6e5910a48da"
        ],
        "x-ms-routing-request-id": [
          "WESTUS2:20180521T215752Z:b1da34a7-a9f8-4f47-96b2-e6e5910a48da"
        ],
        "X-Content-Type-Options": [
          "nosniff"
        ],
        "Cache-Control": [
          "no-cache"
        ],
        "Date": [
          "Mon, 21 May 2018 21:57:52 GMT"
        ],
        "Server": [
          "Microsoft-HTTPAPI/2.0"
        ]
      },
      "StatusCode": 200
    },
    {
      "RequestUri": "//subscriptions/55f3dcd4-cac7-43b4-990b-a139d62a1eb2/resourceGroups/RGName-ps4411/providers/Microsoft.EventGrid/eventSubscriptions/EventSubscription-ps7241/getFullUrl?api-version=2018-05-01-preview",
      "EncodedRequestUri": "Ly9zdWJzY3JpcHRpb25zLzU1ZjNkY2Q0LWNhYzctNDNiNC05OTBiLWExMzlkNjJhMWViMi9yZXNvdXJjZUdyb3Vwcy9SR05hbWUtcHM0NDExL3Byb3ZpZGVycy9NaWNyb3NvZnQuRXZlbnRHcmlkL2V2ZW50U3Vic2NyaXB0aW9ucy9FdmVudFN1YnNjcmlwdGlvbi1wczcyNDEvZ2V0RnVsbFVybD9hcGktdmVyc2lvbj0yMDE4LTA1LTAxLXByZXZpZXc=",
      "RequestMethod": "POST",
      "RequestBody": "",
      "RequestHeaders": {
        "x-ms-client-request-id": [
          "79667e68-0cd4-4202-9376-9f1ba1e52dd7"
        ],
        "accept-language": [
          "en-US"
        ],
        "User-Agent": [
          "FxVersion/4.7.3101.0",
          "OSName/Windows10Enterprise",
          "OSVersion/6.3.17134",
          "Microsoft.Azure.Management.EventGrid.EventGridManagementClient/2.0.0.0"
        ]
      },
      "ResponseBody": "{\r\n  \"endpointUrl\": \"https://eventgridrunnerfunction.azurewebsites.net/api/HttpTriggerCSharp1?code=VbOalRw5qWMltR57RaCn6BaeQqELvPfC/ad0k/kjv6yCe0JLIsLYaw==\"\r\n}",
      "ResponseHeaders": {
        "Content-Length": [
          "152"
        ],
        "Content-Type": [
          "application/json; charset=utf-8"
        ],
        "Expires": [
          "-1"
        ],
        "Pragma": [
          "no-cache"
        ],
        "Strict-Transport-Security": [
          "max-age=31536000; includeSubDomains"
        ],
        "x-ms-request-id": [
          "4bbd3a87-794a-4866-9d7f-32d7a1697c46"
        ],
        "x-ms-ratelimit-remaining-subscription-writes": [
          "1197"
        ],
        "x-ms-correlation-request-id": [
          "c10f8b07-8ef7-41fd-8f79-35af7be966b4"
        ],
        "x-ms-routing-request-id": [
          "WESTUS2:20180521T215753Z:c10f8b07-8ef7-41fd-8f79-35af7be966b4"
        ],
        "X-Content-Type-Options": [
          "nosniff"
        ],
        "Cache-Control": [
          "no-cache"
        ],
        "Date": [
          "Mon, 21 May 2018 21:57:52 GMT"
        ],
        "Server": [
          "Microsoft-HTTPAPI/2.0"
        ]
      },
      "StatusCode": 200
    },
    {
      "RequestUri": "/subscriptions/55f3dcd4-cac7-43b4-990b-a139d62a1eb2/resourceGroups/RGName-ps4411/providers/Microsoft.EventGrid/eventSubscriptions?api-version=2018-05-01-preview",
      "EncodedRequestUri": "L3N1YnNjcmlwdGlvbnMvNTVmM2RjZDQtY2FjNy00M2I0LTk5MGItYTEzOWQ2MmExZWIyL3Jlc291cmNlR3JvdXBzL1JHTmFtZS1wczQ0MTEvcHJvdmlkZXJzL01pY3Jvc29mdC5FdmVudEdyaWQvZXZlbnRTdWJzY3JpcHRpb25zP2FwaS12ZXJzaW9uPTIwMTgtMDUtMDEtcHJldmlldw==",
      "RequestMethod": "GET",
      "RequestBody": "",
      "RequestHeaders": {
        "x-ms-client-request-id": [
          "e5e541f6-9c0e-4f91-bc8d-2c462e9c393a"
        ],
        "accept-language": [
          "en-US"
        ],
        "User-Agent": [
          "FxVersion/4.7.3101.0",
          "OSName/Windows10Enterprise",
          "OSVersion/6.3.17134",
          "Microsoft.Azure.Management.EventGrid.EventGridManagementClient/2.0.0.0"
        ]
      },
      "ResponseBody": "{\r\n  \"value\": [\r\n    {\r\n      \"properties\": {\r\n        \"topic\": \"/subscriptions/55f3dcd4-cac7-43b4-990b-a139d62a1eb2/resourceGroups/rgname-ps4411\",\r\n        \"provisioningState\": \"Succeeded\",\r\n        \"destination\": {\r\n          \"properties\": {\r\n            \"endpointUrl\": null,\r\n            \"endpointBaseUrl\": \"https://eventgridrunnerfunction.azurewebsites.net/api/HttpTriggerCSharp1\"\r\n          },\r\n          \"endpointType\": \"WebHook\"\r\n        },\r\n        \"filter\": {\r\n          \"subjectBeginsWith\": \"\",\r\n          \"subjectEndsWith\": \"\",\r\n          \"includedEventTypes\": [\r\n            \"All\"\r\n          ]\r\n        },\r\n        \"labels\": [\r\n          \"Finance\",\r\n          \"HR\"\r\n        ],\r\n        \"eventDeliverySchema\": \"InputEventSchema\"\r\n      },\r\n      \"id\": \"/subscriptions/55f3dcd4-cac7-43b4-990b-a139d62a1eb2/resourceGroups/RGName-ps4411/providers/Microsoft.EventGrid/eventSubscriptions/EventSubscription-ps7241\",\r\n      \"name\": \"EventSubscription-ps7241\",\r\n      \"type\": \"Microsoft.EventGrid/eventSubscriptions\"\r\n    },\r\n    {\r\n      \"properties\": {\r\n        \"topic\": \"/subscriptions/55f3dcd4-cac7-43b4-990b-a139d62a1eb2/resourceGroups/rgname-ps4411\",\r\n        \"provisioningState\": \"Succeeded\",\r\n        \"destination\": {\r\n          \"properties\": {\r\n            \"endpointUrl\": null,\r\n            \"endpointBaseUrl\": \"https://eventgridrunnerfunction.azurewebsites.net/api/HttpTriggerCSharp1\"\r\n          },\r\n          \"endpointType\": \"WebHook\"\r\n        },\r\n        \"filter\": {\r\n          \"subjectBeginsWith\": \"\",\r\n          \"subjectEndsWith\": \"\",\r\n          \"includedEventTypes\": [\r\n            \"Microsoft.Resources.ResourceWriteFailure\",\r\n            \"Microsoft.Resources.ResourceWriteSuccess\"\r\n          ]\r\n        },\r\n        \"labels\": null,\r\n        \"eventDeliverySchema\": \"InputEventSchema\"\r\n      },\r\n      \"id\": \"/subscriptions/55f3dcd4-cac7-43b4-990b-a139d62a1eb2/resourceGroups/RGName-ps4411/providers/Microsoft.EventGrid/eventSubscriptions/EventSubscription-ps9416\",\r\n      \"name\": \"EventSubscription-ps9416\",\r\n      \"type\": \"Microsoft.EventGrid/eventSubscriptions\"\r\n    }\r\n  ]\r\n}",
      "ResponseHeaders": {
        "Content-Length": [
          "1485"
        ],
        "Content-Type": [
          "application/json; charset=utf-8"
        ],
        "Expires": [
          "-1"
        ],
        "Pragma": [
          "no-cache"
        ],
        "Strict-Transport-Security": [
          "max-age=31536000; includeSubDomains"
        ],
        "x-ms-request-id": [
          "b0915d13-7425-45b5-b19c-087bf7a45e90"
        ],
        "x-ms-ratelimit-remaining-subscription-reads": [
          "14994"
        ],
        "x-ms-correlation-request-id": [
          "b01ce92a-9bc2-478f-a7dd-083b4b6c6e78"
        ],
        "x-ms-routing-request-id": [
          "WESTUS2:20180521T215753Z:b01ce92a-9bc2-478f-a7dd-083b4b6c6e78"
        ],
        "X-Content-Type-Options": [
          "nosniff"
        ],
        "Cache-Control": [
          "no-cache"
        ],
        "Date": [
          "Mon, 21 May 2018 21:57:52 GMT"
        ],
        "Server": [
          "Microsoft-HTTPAPI/2.0"
        ]
      },
      "StatusCode": 200
    },
    {
      "RequestUri": "/subscriptions/55f3dcd4-cac7-43b4-990b-a139d62a1eb2/resourceGroups/RGName-ps4411/providers/Microsoft.EventGrid/eventSubscriptions?api-version=2018-05-01-preview",
      "EncodedRequestUri": "L3N1YnNjcmlwdGlvbnMvNTVmM2RjZDQtY2FjNy00M2I0LTk5MGItYTEzOWQ2MmExZWIyL3Jlc291cmNlR3JvdXBzL1JHTmFtZS1wczQ0MTEvcHJvdmlkZXJzL01pY3Jvc29mdC5FdmVudEdyaWQvZXZlbnRTdWJzY3JpcHRpb25zP2FwaS12ZXJzaW9uPTIwMTgtMDUtMDEtcHJldmlldw==",
      "RequestMethod": "GET",
      "RequestBody": "",
      "RequestHeaders": {
        "x-ms-client-request-id": [
          "b6eae8b8-9ff2-4b4b-8159-cf3c9fb61aa7"
        ],
        "accept-language": [
          "en-US"
        ],
        "User-Agent": [
          "FxVersion/4.7.3101.0",
          "OSName/Windows10Enterprise",
          "OSVersion/6.3.17134",
          "Microsoft.Azure.Management.EventGrid.EventGridManagementClient/2.0.0.0"
        ]
      },
      "ResponseBody": "{\r\n  \"value\": []\r\n}",
      "ResponseHeaders": {
        "Content-Length": [
          "12"
        ],
        "Content-Type": [
          "application/json; charset=utf-8"
        ],
        "Expires": [
          "-1"
        ],
        "Pragma": [
          "no-cache"
        ],
        "Strict-Transport-Security": [
          "max-age=31536000; includeSubDomains"
        ],
        "x-ms-request-id": [
          "26fec58f-3ed4-4cd3-b57e-f9d4c02fe477"
        ],
        "x-ms-ratelimit-remaining-subscription-reads": [
          "14989"
        ],
        "x-ms-correlation-request-id": [
          "f2311210-9e5d-433b-84a7-798d81c2e62f"
        ],
        "x-ms-routing-request-id": [
          "WESTUS2:20180521T215814Z:f2311210-9e5d-433b-84a7-798d81c2e62f"
        ],
        "X-Content-Type-Options": [
          "nosniff"
        ],
        "Cache-Control": [
          "no-cache"
        ],
        "Date": [
          "Mon, 21 May 2018 21:58:14 GMT"
        ],
        "Server": [
          "Microsoft-HTTPAPI/2.0"
        ]
      },
      "StatusCode": 200
    },
    {
      "RequestUri": "//subscriptions/55f3dcd4-cac7-43b4-990b-a139d62a1eb2/resourceGroups/RGName-ps4411/providers/Microsoft.EventGrid/eventSubscriptions/EventSubscription-ps7241?api-version=2018-05-01-preview",
      "EncodedRequestUri": "Ly9zdWJzY3JpcHRpb25zLzU1ZjNkY2Q0LWNhYzctNDNiNC05OTBiLWExMzlkNjJhMWViMi9yZXNvdXJjZUdyb3Vwcy9SR05hbWUtcHM0NDExL3Byb3ZpZGVycy9NaWNyb3NvZnQuRXZlbnRHcmlkL2V2ZW50U3Vic2NyaXB0aW9ucy9FdmVudFN1YnNjcmlwdGlvbi1wczcyNDE/YXBpLXZlcnNpb249MjAxOC0wNS0wMS1wcmV2aWV3",
      "RequestMethod": "DELETE",
      "RequestBody": "",
      "RequestHeaders": {
        "x-ms-client-request-id": [
          "761dcf6c-962c-4526-82ea-a37c2bbef53f"
        ],
        "accept-language": [
          "en-US"
        ],
        "User-Agent": [
          "FxVersion/4.7.3101.0",
          "OSName/Windows10Enterprise",
          "OSVersion/6.3.17134",
          "Microsoft.Azure.Management.EventGrid.EventGridManagementClient/2.0.0.0"
        ]
      },
      "ResponseBody": "",
      "ResponseHeaders": {
        "Content-Length": [
          "0"
        ],
        "Expires": [
          "-1"
        ],
        "Pragma": [
          "no-cache"
        ],
        "Retry-After": [
          "10"
        ],
        "Strict-Transport-Security": [
          "max-age=31536000; includeSubDomains"
        ],
        "x-ms-ratelimit-remaining-subscription-deletes": [
          "14999"
        ],
        "x-ms-request-id": [
          "0a2c2580-7de2-497c-a72d-3a4c262714c7"
        ],
        "x-ms-correlation-request-id": [
          "0a2c2580-7de2-497c-a72d-3a4c262714c7"
        ],
        "x-ms-routing-request-id": [
          "WESTUS2:20180521T215753Z:0a2c2580-7de2-497c-a72d-3a4c262714c7"
        ],
        "X-Content-Type-Options": [
          "nosniff"
        ],
        "Cache-Control": [
          "no-cache"
        ],
        "Date": [
          "Mon, 21 May 2018 21:57:53 GMT"
        ],
        "Location": [
          "https://management.azure.com/subscriptions/55f3dcd4-cac7-43b4-990b-a139d62a1eb2/providers/Microsoft.EventGrid/operationResults/F8C29F21-7206-4E2B-B828-8D528A3E06CE?api-version=2018-05-01-preview"
        ],
        "Server": [
          "Microsoft-HTTPAPI/2.0"
        ]
      },
      "StatusCode": 202
    },
    {
      "RequestUri": "/subscriptions/55f3dcd4-cac7-43b4-990b-a139d62a1eb2/providers/Microsoft.EventGrid/operationResults/F8C29F21-7206-4E2B-B828-8D528A3E06CE?api-version=2018-05-01-preview",
      "EncodedRequestUri": "L3N1YnNjcmlwdGlvbnMvNTVmM2RjZDQtY2FjNy00M2I0LTk5MGItYTEzOWQ2MmExZWIyL3Byb3ZpZGVycy9NaWNyb3NvZnQuRXZlbnRHcmlkL29wZXJhdGlvblJlc3VsdHMvRjhDMjlGMjEtNzIwNi00RTJCLUI4MjgtOEQ1MjhBM0UwNkNFP2FwaS12ZXJzaW9uPTIwMTgtMDUtMDEtcHJldmlldw==",
      "RequestMethod": "GET",
      "RequestBody": "",
      "RequestHeaders": {
        "User-Agent": [
          "FxVersion/4.7.3101.0",
          "OSName/Windows10Enterprise",
          "OSVersion/6.3.17134",
          "Microsoft.Azure.Management.EventGrid.EventGridManagementClient/2.0.0.0"
        ]
      },
      "ResponseBody": "",
      "ResponseHeaders": {
        "Content-Length": [
          "0"
        ],
        "Expires": [
          "-1"
        ],
        "Pragma": [
          "no-cache"
        ],
        "Strict-Transport-Security": [
          "max-age=31536000; includeSubDomains"
        ],
        "x-ms-request-id": [
          "0e13652d-3676-450b-8a45-e21b2a1d21d1"
        ],
        "x-ms-ratelimit-remaining-subscription-reads": [
          "14993"
        ],
        "x-ms-correlation-request-id": [
          "69cfd876-a703-40c2-b6c5-1ffa239c49fb"
        ],
        "x-ms-routing-request-id": [
          "WESTUS2:20180521T215804Z:69cfd876-a703-40c2-b6c5-1ffa239c49fb"
        ],
        "X-Content-Type-Options": [
          "nosniff"
        ],
        "Cache-Control": [
          "no-cache"
        ],
        "Date": [
          "Mon, 21 May 2018 21:58:03 GMT"
        ],
        "Server": [
          "Microsoft-HTTPAPI/2.0"
        ]
      },
      "StatusCode": 200
    },
    {
      "RequestUri": "/subscriptions/55f3dcd4-cac7-43b4-990b-a139d62a1eb2/providers/Microsoft.EventGrid/operationResults/F8C29F21-7206-4E2B-B828-8D528A3E06CE?api-version=2018-05-01-preview",
      "EncodedRequestUri": "L3N1YnNjcmlwdGlvbnMvNTVmM2RjZDQtY2FjNy00M2I0LTk5MGItYTEzOWQ2MmExZWIyL3Byb3ZpZGVycy9NaWNyb3NvZnQuRXZlbnRHcmlkL29wZXJhdGlvblJlc3VsdHMvRjhDMjlGMjEtNzIwNi00RTJCLUI4MjgtOEQ1MjhBM0UwNkNFP2FwaS12ZXJzaW9uPTIwMTgtMDUtMDEtcHJldmlldw==",
      "RequestMethod": "GET",
      "RequestBody": "",
      "RequestHeaders": {
        "User-Agent": [
          "FxVersion/4.7.3101.0",
          "OSName/Windows10Enterprise",
          "OSVersion/6.3.17134",
          "Microsoft.Azure.Management.EventGrid.EventGridManagementClient/2.0.0.0"
        ]
      },
      "ResponseBody": "",
      "ResponseHeaders": {
        "Content-Length": [
          "0"
        ],
        "Expires": [
          "-1"
        ],
        "Pragma": [
          "no-cache"
        ],
        "Strict-Transport-Security": [
          "max-age=31536000; includeSubDomains"
        ],
        "x-ms-request-id": [
          "e6f0a412-5b48-48e6-a5d6-25b57d0905d6"
        ],
        "x-ms-ratelimit-remaining-subscription-reads": [
          "14992"
        ],
        "x-ms-correlation-request-id": [
          "7db5ed05-14fd-4a20-abfc-1ff7870d9453"
        ],
        "x-ms-routing-request-id": [
          "WESTUS2:20180521T215804Z:7db5ed05-14fd-4a20-abfc-1ff7870d9453"
        ],
        "X-Content-Type-Options": [
          "nosniff"
        ],
        "Cache-Control": [
          "no-cache"
        ],
        "Date": [
          "Mon, 21 May 2018 21:58:03 GMT"
        ],
        "Server": [
          "Microsoft-HTTPAPI/2.0"
        ]
      },
      "StatusCode": 200
    },
    {
      "RequestUri": "//subscriptions/55f3dcd4-cac7-43b4-990b-a139d62a1eb2/resourceGroups/RGName-ps4411/providers/Microsoft.EventGrid/eventSubscriptions/EventSubscription-ps9416?api-version=2018-05-01-preview",
      "EncodedRequestUri": "Ly9zdWJzY3JpcHRpb25zLzU1ZjNkY2Q0LWNhYzctNDNiNC05OTBiLWExMzlkNjJhMWViMi9yZXNvdXJjZUdyb3Vwcy9SR05hbWUtcHM0NDExL3Byb3ZpZGVycy9NaWNyb3NvZnQuRXZlbnRHcmlkL2V2ZW50U3Vic2NyaXB0aW9ucy9FdmVudFN1YnNjcmlwdGlvbi1wczk0MTY/YXBpLXZlcnNpb249MjAxOC0wNS0wMS1wcmV2aWV3",
      "RequestMethod": "DELETE",
      "RequestBody": "",
      "RequestHeaders": {
        "x-ms-client-request-id": [
          "291f4f81-f5a6-4793-ac60-aaa3247cbda7"
        ],
        "accept-language": [
          "en-US"
        ],
        "User-Agent": [
          "FxVersion/4.7.3101.0",
          "OSName/Windows10Enterprise",
          "OSVersion/6.3.17134",
          "Microsoft.Azure.Management.EventGrid.EventGridManagementClient/2.0.0.0"
        ]
      },
      "ResponseBody": "",
      "ResponseHeaders": {
        "Content-Length": [
          "0"
        ],
        "Expires": [
          "-1"
        ],
        "Pragma": [
          "no-cache"
        ],
        "Retry-After": [
          "10"
        ],
        "Strict-Transport-Security": [
          "max-age=31536000; includeSubDomains"
        ],
        "x-ms-ratelimit-remaining-subscription-deletes": [
          "14998"
        ],
        "x-ms-request-id": [
          "d61249df-0c87-4140-a416-2b7de367a050"
        ],
        "x-ms-correlation-request-id": [
          "d61249df-0c87-4140-a416-2b7de367a050"
        ],
        "x-ms-routing-request-id": [
          "WESTUS2:20180521T215804Z:d61249df-0c87-4140-a416-2b7de367a050"
        ],
        "X-Content-Type-Options": [
          "nosniff"
        ],
        "Cache-Control": [
          "no-cache"
        ],
        "Date": [
          "Mon, 21 May 2018 21:58:03 GMT"
        ],
        "Location": [
          "https://management.azure.com/subscriptions/55f3dcd4-cac7-43b4-990b-a139d62a1eb2/providers/Microsoft.EventGrid/operationResults/071F5DFD-A0C2-444A-9677-589271E49FCD?api-version=2018-05-01-preview"
        ],
        "Server": [
          "Microsoft-HTTPAPI/2.0"
        ]
      },
      "StatusCode": 202
    },
    {
      "RequestUri": "/subscriptions/55f3dcd4-cac7-43b4-990b-a139d62a1eb2/providers/Microsoft.EventGrid/operationResults/071F5DFD-A0C2-444A-9677-589271E49FCD?api-version=2018-05-01-preview",
      "EncodedRequestUri": "L3N1YnNjcmlwdGlvbnMvNTVmM2RjZDQtY2FjNy00M2I0LTk5MGItYTEzOWQ2MmExZWIyL3Byb3ZpZGVycy9NaWNyb3NvZnQuRXZlbnRHcmlkL29wZXJhdGlvblJlc3VsdHMvMDcxRjVERkQtQTBDMi00NDRBLTk2NzctNTg5MjcxRTQ5RkNEP2FwaS12ZXJzaW9uPTIwMTgtMDUtMDEtcHJldmlldw==",
      "RequestMethod": "GET",
      "RequestBody": "",
      "RequestHeaders": {
        "User-Agent": [
          "FxVersion/4.7.3101.0",
          "OSName/Windows10Enterprise",
          "OSVersion/6.3.17134",
          "Microsoft.Azure.Management.EventGrid.EventGridManagementClient/2.0.0.0"
        ]
      },
      "ResponseBody": "",
      "ResponseHeaders": {
        "Content-Length": [
          "0"
        ],
        "Expires": [
          "-1"
        ],
        "Pragma": [
          "no-cache"
        ],
        "Strict-Transport-Security": [
          "max-age=31536000; includeSubDomains"
        ],
        "x-ms-request-id": [
          "bcbf20f0-f5a5-4b93-9a96-922c135d26b4"
        ],
        "x-ms-ratelimit-remaining-subscription-reads": [
          "14991"
        ],
        "x-ms-correlation-request-id": [
          "eb0ac8b9-bdfc-4828-80d1-be7cd835bfd6"
        ],
        "x-ms-routing-request-id": [
          "WESTUS2:20180521T215814Z:eb0ac8b9-bdfc-4828-80d1-be7cd835bfd6"
        ],
        "X-Content-Type-Options": [
          "nosniff"
        ],
        "Cache-Control": [
          "no-cache"
        ],
        "Date": [
          "Mon, 21 May 2018 21:58:14 GMT"
        ],
        "Server": [
          "Microsoft-HTTPAPI/2.0"
        ]
      },
      "StatusCode": 200
    },
    {
      "RequestUri": "/subscriptions/55f3dcd4-cac7-43b4-990b-a139d62a1eb2/providers/Microsoft.EventGrid/operationResults/071F5DFD-A0C2-444A-9677-589271E49FCD?api-version=2018-05-01-preview",
      "EncodedRequestUri": "L3N1YnNjcmlwdGlvbnMvNTVmM2RjZDQtY2FjNy00M2I0LTk5MGItYTEzOWQ2MmExZWIyL3Byb3ZpZGVycy9NaWNyb3NvZnQuRXZlbnRHcmlkL29wZXJhdGlvblJlc3VsdHMvMDcxRjVERkQtQTBDMi00NDRBLTk2NzctNTg5MjcxRTQ5RkNEP2FwaS12ZXJzaW9uPTIwMTgtMDUtMDEtcHJldmlldw==",
      "RequestMethod": "GET",
      "RequestBody": "",
      "RequestHeaders": {
        "User-Agent": [
          "FxVersion/4.7.3101.0",
          "OSName/Windows10Enterprise",
          "OSVersion/6.3.17134",
          "Microsoft.Azure.Management.EventGrid.EventGridManagementClient/2.0.0.0"
        ]
      },
      "ResponseBody": "",
      "ResponseHeaders": {
        "Content-Length": [
          "0"
        ],
        "Expires": [
          "-1"
        ],
        "Pragma": [
          "no-cache"
        ],
        "Strict-Transport-Security": [
          "max-age=31536000; includeSubDomains"
        ],
        "x-ms-request-id": [
          "4726d20e-0e63-4d07-a485-b7be2c2292d9"
        ],
        "x-ms-ratelimit-remaining-subscription-reads": [
          "14990"
        ],
        "x-ms-correlation-request-id": [
          "2e783419-81c9-4747-a603-441b4ed66b08"
        ],
        "x-ms-routing-request-id": [
          "WESTUS2:20180521T215814Z:2e783419-81c9-4747-a603-441b4ed66b08"
        ],
        "X-Content-Type-Options": [
          "nosniff"
        ],
        "Cache-Control": [
          "no-cache"
        ],
        "Date": [
          "Mon, 21 May 2018 21:58:14 GMT"
        ],
        "Server": [
          "Microsoft-HTTPAPI/2.0"
        ]
      },
      "StatusCode": 200
    },
    {
      "RequestUri": "/subscriptions/55f3dcd4-cac7-43b4-990b-a139d62a1eb2/resourcegroups/RGName-ps4411?api-version=2016-02-01",
      "EncodedRequestUri": "L3N1YnNjcmlwdGlvbnMvNTVmM2RjZDQtY2FjNy00M2I0LTk5MGItYTEzOWQ2MmExZWIyL3Jlc291cmNlZ3JvdXBzL1JHTmFtZS1wczQ0MTE/YXBpLXZlcnNpb249MjAxNi0wMi0wMQ==",
      "RequestMethod": "DELETE",
      "RequestBody": "",
      "RequestHeaders": {
        "User-Agent": [
          "Microsoft.Azure.Management.Resources.ResourceManagementClient/2.0.0.0"
        ]
      },
      "ResponseBody": "",
      "ResponseHeaders": {
        "Content-Length": [
          "0"
        ],
        "Expires": [
          "-1"
        ],
        "Pragma": [
          "no-cache"
        ],
        "Retry-After": [
          "15"
        ],
        "x-ms-ratelimit-remaining-subscription-deletes": [
          "14999"
        ],
        "x-ms-request-id": [
          "8cf915a6-bc19-48e6-a200-bd45e0789840"
        ],
        "x-ms-correlation-request-id": [
          "8cf915a6-bc19-48e6-a200-bd45e0789840"
        ],
        "x-ms-routing-request-id": [
          "WESTUS2:20180521T215815Z:8cf915a6-bc19-48e6-a200-bd45e0789840"
        ],
        "Strict-Transport-Security": [
          "max-age=31536000; includeSubDomains"
        ],
        "X-Content-Type-Options": [
          "nosniff"
        ],
        "Cache-Control": [
          "no-cache"
        ],
        "Date": [
          "Mon, 21 May 2018 21:58:14 GMT"
        ],
        "Location": [
          "https://management.azure.com/subscriptions/55f3dcd4-cac7-43b4-990b-a139d62a1eb2/operationresults/eyJqb2JJZCI6IlJFU09VUkNFR1JPVVBERUxFVElPTkpPQi1SR05BTUU6MkRQUzQ0MTEtV0VTVFVTMiIsImpvYkxvY2F0aW9uIjoid2VzdHVzMiJ9?api-version=2016-02-01"
        ]
      },
      "StatusCode": 202
    },
    {
      "RequestUri": "/subscriptions/55f3dcd4-cac7-43b4-990b-a139d62a1eb2/operationresults/eyJqb2JJZCI6IlJFU09VUkNFR1JPVVBERUxFVElPTkpPQi1SR05BTUU6MkRQUzQ0MTEtV0VTVFVTMiIsImpvYkxvY2F0aW9uIjoid2VzdHVzMiJ9?api-version=2016-02-01",
      "EncodedRequestUri": "L3N1YnNjcmlwdGlvbnMvNTVmM2RjZDQtY2FjNy00M2I0LTk5MGItYTEzOWQ2MmExZWIyL29wZXJhdGlvbnJlc3VsdHMvZXlKcWIySkpaQ0k2SWxKRlUwOVZVa05GUjFKUFZWQkVSVXhGVkVsUFRrcFBRaTFTUjA1QlRVVTZNa1JRVXpRME1URXRWMFZUVkZWVE1pSXNJbXB2WWt4dlkyRjBhVzl1SWpvaWQyVnpkSFZ6TWlKOT9hcGktdmVyc2lvbj0yMDE2LTAyLTAx",
      "RequestMethod": "GET",
      "RequestBody": "",
      "RequestHeaders": {
        "x-ms-version": [
          "2016-02-01"
        ],
        "User-Agent": [
          "Microsoft.Azure.Management.Resources.ResourceManagementClient/2.0.0.0"
        ]
      },
      "ResponseBody": "",
      "ResponseHeaders": {
        "Content-Length": [
          "0"
        ],
        "Expires": [
          "-1"
        ],
        "Pragma": [
          "no-cache"
        ],
        "Retry-After": [
          "15"
        ],
        "x-ms-ratelimit-remaining-subscription-reads": [
          "14999"
        ],
        "x-ms-request-id": [
          "65fbc218-df7a-4b57-8145-85a9da3261aa"
        ],
        "x-ms-correlation-request-id": [
          "65fbc218-df7a-4b57-8145-85a9da3261aa"
        ],
        "x-ms-routing-request-id": [
          "WESTUS2:20180521T215815Z:65fbc218-df7a-4b57-8145-85a9da3261aa"
        ],
        "Strict-Transport-Security": [
          "max-age=31536000; includeSubDomains"
        ],
        "X-Content-Type-Options": [
          "nosniff"
        ],
        "Cache-Control": [
          "no-cache"
        ],
        "Date": [
          "Mon, 21 May 2018 21:58:14 GMT"
        ],
        "Location": [
          "https://management.azure.com/subscriptions/55f3dcd4-cac7-43b4-990b-a139d62a1eb2/operationresults/eyJqb2JJZCI6IlJFU09VUkNFR1JPVVBERUxFVElPTkpPQi1SR05BTUU6MkRQUzQ0MTEtV0VTVFVTMiIsImpvYkxvY2F0aW9uIjoid2VzdHVzMiJ9?api-version=2016-02-01"
        ]
      },
      "StatusCode": 202
    },
    {
      "RequestUri": "/subscriptions/55f3dcd4-cac7-43b4-990b-a139d62a1eb2/operationresults/eyJqb2JJZCI6IlJFU09VUkNFR1JPVVBERUxFVElPTkpPQi1SR05BTUU6MkRQUzQ0MTEtV0VTVFVTMiIsImpvYkxvY2F0aW9uIjoid2VzdHVzMiJ9?api-version=2016-02-01",
      "EncodedRequestUri": "L3N1YnNjcmlwdGlvbnMvNTVmM2RjZDQtY2FjNy00M2I0LTk5MGItYTEzOWQ2MmExZWIyL29wZXJhdGlvbnJlc3VsdHMvZXlKcWIySkpaQ0k2SWxKRlUwOVZVa05GUjFKUFZWQkVSVXhGVkVsUFRrcFBRaTFTUjA1QlRVVTZNa1JRVXpRME1URXRWMFZUVkZWVE1pSXNJbXB2WWt4dlkyRjBhVzl1SWpvaWQyVnpkSFZ6TWlKOT9hcGktdmVyc2lvbj0yMDE2LTAyLTAx",
      "RequestMethod": "GET",
      "RequestBody": "",
      "RequestHeaders": {
        "x-ms-version": [
          "2016-02-01"
        ],
        "User-Agent": [
          "Microsoft.Azure.Management.Resources.ResourceManagementClient/2.0.0.0"
        ]
      },
      "ResponseBody": "",
      "ResponseHeaders": {
        "Content-Length": [
          "0"
        ],
        "Expires": [
          "-1"
        ],
        "Pragma": [
          "no-cache"
        ],
        "Retry-After": [
          "15"
        ],
        "x-ms-ratelimit-remaining-subscription-reads": [
          "14998"
        ],
        "x-ms-request-id": [
          "bb6e4a34-8547-44f2-a63e-30b2e5a2daf3"
        ],
        "x-ms-correlation-request-id": [
          "bb6e4a34-8547-44f2-a63e-30b2e5a2daf3"
        ],
        "x-ms-routing-request-id": [
          "WESTUS2:20180521T215830Z:bb6e4a34-8547-44f2-a63e-30b2e5a2daf3"
        ],
        "Strict-Transport-Security": [
          "max-age=31536000; includeSubDomains"
        ],
        "X-Content-Type-Options": [
          "nosniff"
        ],
        "Cache-Control": [
          "no-cache"
        ],
        "Date": [
          "Mon, 21 May 2018 21:58:30 GMT"
        ],
        "Location": [
          "https://management.azure.com/subscriptions/55f3dcd4-cac7-43b4-990b-a139d62a1eb2/operationresults/eyJqb2JJZCI6IlJFU09VUkNFR1JPVVBERUxFVElPTkpPQi1SR05BTUU6MkRQUzQ0MTEtV0VTVFVTMiIsImpvYkxvY2F0aW9uIjoid2VzdHVzMiJ9?api-version=2016-02-01"
        ]
      },
      "StatusCode": 202
    },
    {
      "RequestUri": "/subscriptions/55f3dcd4-cac7-43b4-990b-a139d62a1eb2/operationresults/eyJqb2JJZCI6IlJFU09VUkNFR1JPVVBERUxFVElPTkpPQi1SR05BTUU6MkRQUzQ0MTEtV0VTVFVTMiIsImpvYkxvY2F0aW9uIjoid2VzdHVzMiJ9?api-version=2016-02-01",
      "EncodedRequestUri": "L3N1YnNjcmlwdGlvbnMvNTVmM2RjZDQtY2FjNy00M2I0LTk5MGItYTEzOWQ2MmExZWIyL29wZXJhdGlvbnJlc3VsdHMvZXlKcWIySkpaQ0k2SWxKRlUwOVZVa05GUjFKUFZWQkVSVXhGVkVsUFRrcFBRaTFTUjA1QlRVVTZNa1JRVXpRME1URXRWMFZUVkZWVE1pSXNJbXB2WWt4dlkyRjBhVzl1SWpvaWQyVnpkSFZ6TWlKOT9hcGktdmVyc2lvbj0yMDE2LTAyLTAx",
      "RequestMethod": "GET",
      "RequestBody": "",
      "RequestHeaders": {
        "x-ms-version": [
          "2016-02-01"
        ],
        "User-Agent": [
          "Microsoft.Azure.Management.Resources.ResourceManagementClient/2.0.0.0"
        ]
      },
      "ResponseBody": "",
      "ResponseHeaders": {
        "Content-Length": [
          "0"
        ],
        "Expires": [
          "-1"
        ],
        "Pragma": [
          "no-cache"
        ],
        "Retry-After": [
          "15"
        ],
        "x-ms-ratelimit-remaining-subscription-reads": [
          "14997"
        ],
        "x-ms-request-id": [
          "5f43a45e-40cf-4e89-9972-b5e668d98275"
        ],
        "x-ms-correlation-request-id": [
          "5f43a45e-40cf-4e89-9972-b5e668d98275"
        ],
        "x-ms-routing-request-id": [
          "WESTUS2:20180521T215845Z:5f43a45e-40cf-4e89-9972-b5e668d98275"
        ],
        "Strict-Transport-Security": [
          "max-age=31536000; includeSubDomains"
        ],
        "X-Content-Type-Options": [
          "nosniff"
        ],
        "Cache-Control": [
          "no-cache"
        ],
        "Date": [
          "Mon, 21 May 2018 21:58:45 GMT"
        ],
        "Location": [
          "https://management.azure.com/subscriptions/55f3dcd4-cac7-43b4-990b-a139d62a1eb2/operationresults/eyJqb2JJZCI6IlJFU09VUkNFR1JPVVBERUxFVElPTkpPQi1SR05BTUU6MkRQUzQ0MTEtV0VTVFVTMiIsImpvYkxvY2F0aW9uIjoid2VzdHVzMiJ9?api-version=2016-02-01"
        ]
      },
      "StatusCode": 202
    },
    {
      "RequestUri": "/subscriptions/55f3dcd4-cac7-43b4-990b-a139d62a1eb2/operationresults/eyJqb2JJZCI6IlJFU09VUkNFR1JPVVBERUxFVElPTkpPQi1SR05BTUU6MkRQUzQ0MTEtV0VTVFVTMiIsImpvYkxvY2F0aW9uIjoid2VzdHVzMiJ9?api-version=2016-02-01",
      "EncodedRequestUri": "L3N1YnNjcmlwdGlvbnMvNTVmM2RjZDQtY2FjNy00M2I0LTk5MGItYTEzOWQ2MmExZWIyL29wZXJhdGlvbnJlc3VsdHMvZXlKcWIySkpaQ0k2SWxKRlUwOVZVa05GUjFKUFZWQkVSVXhGVkVsUFRrcFBRaTFTUjA1QlRVVTZNa1JRVXpRME1URXRWMFZUVkZWVE1pSXNJbXB2WWt4dlkyRjBhVzl1SWpvaWQyVnpkSFZ6TWlKOT9hcGktdmVyc2lvbj0yMDE2LTAyLTAx",
      "RequestMethod": "GET",
      "RequestBody": "",
      "RequestHeaders": {
        "x-ms-version": [
          "2016-02-01"
        ],
        "User-Agent": [
          "Microsoft.Azure.Management.Resources.ResourceManagementClient/2.0.0.0"
        ]
      },
      "ResponseBody": "",
      "ResponseHeaders": {
        "Content-Length": [
          "0"
        ],
        "Expires": [
          "-1"
        ],
        "Pragma": [
          "no-cache"
        ],
        "x-ms-ratelimit-remaining-subscription-reads": [
          "14996"
        ],
        "x-ms-request-id": [
          "4eec7401-2239-431e-b600-e8f4279003c5"
        ],
        "x-ms-correlation-request-id": [
          "4eec7401-2239-431e-b600-e8f4279003c5"
        ],
        "x-ms-routing-request-id": [
          "WESTUS2:20180521T215900Z:4eec7401-2239-431e-b600-e8f4279003c5"
        ],
        "Strict-Transport-Security": [
          "max-age=31536000; includeSubDomains"
        ],
        "X-Content-Type-Options": [
          "nosniff"
        ],
        "Cache-Control": [
          "no-cache"
        ],
        "Date": [
          "Mon, 21 May 2018 21:58:59 GMT"
        ]
      },
      "StatusCode": 200
    }
  ],
  "Names": {
    "": [
      "ps7241",
      "ps9416",
      "ps4411"
    ]
  },
  "Variables": {
    "SubscriptionId": "55f3dcd4-cac7-43b4-990b-a139d62a1eb2"
  }
}