{
  "Entries": [
    {
      "RequestUri": "/subscriptions/53d9063d-87ae-4ea8-be90-3686c3b8669f/providers/Microsoft.DataLakeAnalytics/register?api-version=2016-02-01",
      "EncodedRequestUri": "L3N1YnNjcmlwdGlvbnMvNTNkOTA2M2QtODdhZS00ZWE4LWJlOTAtMzY4NmMzYjg2NjlmL3Byb3ZpZGVycy9NaWNyb3NvZnQuRGF0YUxha2VBbmFseXRpY3MvcmVnaXN0ZXI/YXBpLXZlcnNpb249MjAxNi0wMi0wMQ==",
      "RequestMethod": "POST",
      "RequestBody": "",
      "RequestHeaders": {
        "User-Agent": [
          "Microsoft.Azure.Management.Resources.ResourceManagementClient/2.0.0.0"
        ]
      },
      "ResponseBody": "{\r\n  \"id\": \"/subscriptions/53d9063d-87ae-4ea8-be90-3686c3b8669f/providers/Microsoft.DataLakeAnalytics\",\r\n  \"namespace\": \"Microsoft.DataLakeAnalytics\",\r\n  \"resourceTypes\": [\r\n    {\r\n      \"resourceType\": \"accounts\",\r\n      \"locations\": [\r\n        \"East US 2\"\r\n      ],\r\n      \"apiVersions\": [\r\n        \"2016-11-01\",\r\n        \"2015-10-01-preview\"\r\n      ],\r\n      \"capabilities\": \"CrossResourceGroupResourceMove, CrossSubscriptionResourceMove\"\r\n    },\r\n    {\r\n      \"resourceType\": \"accounts/dataLakeStoreAccounts\",\r\n      \"locations\": [\r\n        \"East US 2\"\r\n      ],\r\n      \"apiVersions\": [\r\n        \"2016-11-01\",\r\n        \"2015-10-01-preview\"\r\n      ]\r\n    },\r\n    {\r\n      \"resourceType\": \"accounts/storageAccounts\",\r\n      \"locations\": [\r\n        \"East US 2\"\r\n      ],\r\n      \"apiVersions\": [\r\n        \"2016-11-01\",\r\n        \"2015-10-01-preview\"\r\n      ]\r\n    },\r\n    {\r\n      \"resourceType\": \"accounts/storageAccounts/containers\",\r\n      \"locations\": [\r\n        \"East US 2\"\r\n      ],\r\n      \"apiVersions\": [\r\n        \"2016-11-01\",\r\n        \"2015-10-01-preview\"\r\n      ]\r\n    },\r\n    {\r\n      \"resourceType\": \"accounts/storageAccounts/containers/listSasTokens\",\r\n      \"locations\": [\r\n        \"East US 2\"\r\n      ],\r\n      \"apiVersions\": [\r\n        \"2016-11-01\",\r\n        \"2015-10-01-preview\"\r\n      ]\r\n    },\r\n    {\r\n      \"resourceType\": \"locations\",\r\n      \"locations\": [],\r\n      \"apiVersions\": [\r\n        \"2016-11-01\",\r\n        \"2015-10-01-preview\"\r\n      ]\r\n    },\r\n    {\r\n      \"resourceType\": \"locations/operationresults\",\r\n      \"locations\": [],\r\n      \"apiVersions\": [\r\n        \"2016-11-01\",\r\n        \"2015-10-01-preview\"\r\n      ]\r\n    },\r\n    {\r\n      \"resourceType\": \"locations/checkNameAvailability\",\r\n      \"locations\": [],\r\n      \"apiVersions\": [\r\n        \"2016-11-01\",\r\n        \"2015-10-01-preview\"\r\n      ]\r\n    },\r\n    {\r\n      \"resourceType\": \"locations/capability\",\r\n      \"locations\": [],\r\n      \"apiVersions\": [\r\n        \"2016-11-01\",\r\n        \"2015-10-01-preview\"\r\n      ]\r\n    },\r\n    {\r\n      \"resourceType\": \"operations\",\r\n      \"locations\": [],\r\n      \"apiVersions\": [\r\n        \"2016-11-01\",\r\n        \"2015-10-01-preview\"\r\n      ]\r\n    }\r\n  ],\r\n  \"registrationState\": \"Registered\"\r\n}",
      "ResponseHeaders": {
        "Content-Length": [
          "1417"
        ],
        "Content-Type": [
          "application/json; charset=utf-8"
        ],
        "Expires": [
          "-1"
        ],
        "Pragma": [
          "no-cache"
        ],
        "x-ms-ratelimit-remaining-subscription-writes": [
          "1199"
        ],
        "x-ms-request-id": [
          "abf5dc8e-0546-4a8f-95e5-0ad7d4ff2e54"
        ],
        "x-ms-correlation-request-id": [
          "abf5dc8e-0546-4a8f-95e5-0ad7d4ff2e54"
        ],
        "x-ms-routing-request-id": [
          "WESTUS2:20161027T024847Z:abf5dc8e-0546-4a8f-95e5-0ad7d4ff2e54"
        ],
        "Strict-Transport-Security": [
          "max-age=31536000; includeSubDomains"
        ],
        "Cache-Control": [
          "no-cache"
        ],
        "Date": [
          "Thu, 27 Oct 2016 02:48:47 GMT"
        ]
      },
      "StatusCode": 200
    },
    {
      "RequestUri": "/subscriptions/53d9063d-87ae-4ea8-be90-3686c3b8669f/providers/Microsoft.DataLakeAnalytics?api-version=2016-02-01",
      "EncodedRequestUri": "L3N1YnNjcmlwdGlvbnMvNTNkOTA2M2QtODdhZS00ZWE4LWJlOTAtMzY4NmMzYjg2NjlmL3Byb3ZpZGVycy9NaWNyb3NvZnQuRGF0YUxha2VBbmFseXRpY3M/YXBpLXZlcnNpb249MjAxNi0wMi0wMQ==",
      "RequestMethod": "GET",
      "RequestBody": "",
      "RequestHeaders": {
        "User-Agent": [
          "Microsoft.Azure.Management.Resources.ResourceManagementClient/2.0.0.0"
        ]
      },
      "ResponseBody": "{\r\n  \"id\": \"/subscriptions/53d9063d-87ae-4ea8-be90-3686c3b8669f/providers/Microsoft.DataLakeAnalytics\",\r\n  \"namespace\": \"Microsoft.DataLakeAnalytics\",\r\n  \"resourceTypes\": [\r\n    {\r\n      \"resourceType\": \"accounts\",\r\n      \"locations\": [\r\n        \"East US 2\"\r\n      ],\r\n      \"apiVersions\": [\r\n        \"2016-11-01\",\r\n        \"2015-10-01-preview\"\r\n      ],\r\n      \"capabilities\": \"CrossResourceGroupResourceMove, CrossSubscriptionResourceMove\"\r\n    },\r\n    {\r\n      \"resourceType\": \"accounts/dataLakeStoreAccounts\",\r\n      \"locations\": [\r\n        \"East US 2\"\r\n      ],\r\n      \"apiVersions\": [\r\n        \"2016-11-01\",\r\n        \"2015-10-01-preview\"\r\n      ]\r\n    },\r\n    {\r\n      \"resourceType\": \"accounts/storageAccounts\",\r\n      \"locations\": [\r\n        \"East US 2\"\r\n      ],\r\n      \"apiVersions\": [\r\n        \"2016-11-01\",\r\n        \"2015-10-01-preview\"\r\n      ]\r\n    },\r\n    {\r\n      \"resourceType\": \"accounts/storageAccounts/containers\",\r\n      \"locations\": [\r\n        \"East US 2\"\r\n      ],\r\n      \"apiVersions\": [\r\n        \"2016-11-01\",\r\n        \"2015-10-01-preview\"\r\n      ]\r\n    },\r\n    {\r\n      \"resourceType\": \"accounts/storageAccounts/containers/listSasTokens\",\r\n      \"locations\": [\r\n        \"East US 2\"\r\n      ],\r\n      \"apiVersions\": [\r\n        \"2016-11-01\",\r\n        \"2015-10-01-preview\"\r\n      ]\r\n    },\r\n    {\r\n      \"resourceType\": \"locations\",\r\n      \"locations\": [],\r\n      \"apiVersions\": [\r\n        \"2016-11-01\",\r\n        \"2015-10-01-preview\"\r\n      ]\r\n    },\r\n    {\r\n      \"resourceType\": \"locations/operationresults\",\r\n      \"locations\": [],\r\n      \"apiVersions\": [\r\n        \"2016-11-01\",\r\n        \"2015-10-01-preview\"\r\n      ]\r\n    },\r\n    {\r\n      \"resourceType\": \"locations/checkNameAvailability\",\r\n      \"locations\": [],\r\n      \"apiVersions\": [\r\n        \"2016-11-01\",\r\n        \"2015-10-01-preview\"\r\n      ]\r\n    },\r\n    {\r\n      \"resourceType\": \"locations/capability\",\r\n      \"locations\": [],\r\n      \"apiVersions\": [\r\n        \"2016-11-01\",\r\n        \"2015-10-01-preview\"\r\n      ]\r\n    },\r\n    {\r\n      \"resourceType\": \"operations\",\r\n      \"locations\": [],\r\n      \"apiVersions\": [\r\n        \"2016-11-01\",\r\n        \"2015-10-01-preview\"\r\n      ]\r\n    }\r\n  ],\r\n  \"registrationState\": \"Registered\"\r\n}",
      "ResponseHeaders": {
        "Content-Length": [
          "1417"
        ],
        "Content-Type": [
          "application/json; charset=utf-8"
        ],
        "Expires": [
          "-1"
        ],
        "Pragma": [
          "no-cache"
        ],
        "x-ms-ratelimit-remaining-subscription-reads": [
          "14999"
        ],
        "x-ms-request-id": [
          "db3253e2-5378-4521-aae4-e8e2563fdcec"
        ],
        "x-ms-correlation-request-id": [
          "db3253e2-5378-4521-aae4-e8e2563fdcec"
        ],
        "x-ms-routing-request-id": [
          "WESTUS2:20161027T024847Z:db3253e2-5378-4521-aae4-e8e2563fdcec"
        ],
        "Strict-Transport-Security": [
          "max-age=31536000; includeSubDomains"
        ],
        "Cache-Control": [
          "no-cache"
        ],
        "Date": [
          "Thu, 27 Oct 2016 02:48:47 GMT"
        ]
      },
      "StatusCode": 200
    },
    {
      "RequestUri": "/subscriptions/53d9063d-87ae-4ea8-be90-3686c3b8669f/resourcegroups/onesdk4184?api-version=2016-02-01",
      "EncodedRequestUri": "L3N1YnNjcmlwdGlvbnMvNTNkOTA2M2QtODdhZS00ZWE4LWJlOTAtMzY4NmMzYjg2NjlmL3Jlc291cmNlZ3JvdXBzL29uZXNkazQxODQ/YXBpLXZlcnNpb249MjAxNi0wMi0wMQ==",
      "RequestMethod": "PUT",
      "RequestBody": "{\r\n  \"location\": \"East US 2\"\r\n}",
      "RequestHeaders": {
        "Content-Type": [
          "application/json; charset=utf-8"
        ],
        "Content-Length": [
          "31"
        ],
        "User-Agent": [
          "Microsoft.Azure.Management.Resources.ResourceManagementClient/2.0.0.0"
        ]
      },
      "ResponseBody": "{\r\n  \"id\": \"/subscriptions/53d9063d-87ae-4ea8-be90-3686c3b8669f/resourceGroups/onesdk4184\",\r\n  \"name\": \"onesdk4184\",\r\n  \"location\": \"eastus2\",\r\n  \"properties\": {\r\n    \"provisioningState\": \"Succeeded\"\r\n  }\r\n}",
      "ResponseHeaders": {
        "Content-Length": [
          "174"
        ],
        "Content-Type": [
          "application/json; charset=utf-8"
        ],
        "Expires": [
          "-1"
        ],
        "Pragma": [
          "no-cache"
        ],
        "x-ms-ratelimit-remaining-subscription-writes": [
          "1198"
        ],
        "x-ms-request-id": [
          "30e22af0-7c42-4351-be0a-c0079d9b6bf8"
        ],
        "x-ms-correlation-request-id": [
          "30e22af0-7c42-4351-be0a-c0079d9b6bf8"
        ],
        "x-ms-routing-request-id": [
          "WESTUS2:20161027T024850Z:30e22af0-7c42-4351-be0a-c0079d9b6bf8"
        ],
        "Strict-Transport-Security": [
          "max-age=31536000; includeSubDomains"
        ],
        "Cache-Control": [
          "no-cache"
        ],
        "Date": [
          "Thu, 27 Oct 2016 02:48:49 GMT"
        ]
      },
      "StatusCode": 201
    },
    {
      "RequestUri": "/subscriptions/53d9063d-87ae-4ea8-be90-3686c3b8669f/resourceGroups/onesdk4184/providers/Microsoft.DataLakeStore/accounts/onesdk8943?api-version=2016-11-01",
      "EncodedRequestUri": "L3N1YnNjcmlwdGlvbnMvNTNkOTA2M2QtODdhZS00ZWE4LWJlOTAtMzY4NmMzYjg2NjlmL3Jlc291cmNlR3JvdXBzL29uZXNkazQxODQvcHJvdmlkZXJzL01pY3Jvc29mdC5EYXRhTGFrZVN0b3JlL2FjY291bnRzL29uZXNkazg5NDM/YXBpLXZlcnNpb249MjAxNi0xMS0wMQ==",
      "RequestMethod": "GET",
      "RequestBody": "",
      "RequestHeaders": {
        "x-ms-client-request-id": [
          "bdbe1bac-a0f8-4715-a98d-bea3846557c3"
        ],
        "accept-language": [
          "en-US"
        ],
        "User-Agent": [
          "Microsoft.Azure.Management.DataLake.Store.DataLakeStoreAccountManagementClient/0.12.8-preview"
        ]
      },
      "ResponseBody": "{\r\n  \"error\": {\r\n    \"code\": \"ResourceNotFound\",\r\n    \"message\": \"The Resource 'Microsoft.DataLakeStore/accounts/onesdk8943' under resource group 'onesdk4184' was not found.\"\r\n  }\r\n}",
      "ResponseHeaders": {
        "Content-Length": [
          "157"
        ],
        "Content-Type": [
          "application/json; charset=utf-8"
        ],
        "Expires": [
          "-1"
        ],
        "Pragma": [
          "no-cache"
        ],
        "x-ms-failure-cause": [
          "gateway"
        ],
        "x-ms-request-id": [
          "91ecf0b3-81d2-4738-a711-0808b2ff5677"
        ],
        "x-ms-correlation-request-id": [
          "91ecf0b3-81d2-4738-a711-0808b2ff5677"
        ],
        "x-ms-routing-request-id": [
          "WESTUS2:20161027T024850Z:91ecf0b3-81d2-4738-a711-0808b2ff5677"
        ],
        "Strict-Transport-Security": [
          "max-age=31536000; includeSubDomains"
        ],
        "Cache-Control": [
          "no-cache"
        ],
        "Date": [
          "Thu, 27 Oct 2016 02:48:50 GMT"
        ]
      },
      "StatusCode": 404
    },
    {
      "RequestUri": "/subscriptions/53d9063d-87ae-4ea8-be90-3686c3b8669f/resourceGroups/onesdk4184/providers/Microsoft.DataLakeStore/accounts/onesdk8943?api-version=2016-11-01",
      "EncodedRequestUri": "L3N1YnNjcmlwdGlvbnMvNTNkOTA2M2QtODdhZS00ZWE4LWJlOTAtMzY4NmMzYjg2NjlmL3Jlc291cmNlR3JvdXBzL29uZXNkazQxODQvcHJvdmlkZXJzL01pY3Jvc29mdC5EYXRhTGFrZVN0b3JlL2FjY291bnRzL29uZXNkazg5NDM/YXBpLXZlcnNpb249MjAxNi0xMS0wMQ==",
      "RequestMethod": "GET",
      "RequestBody": "",
      "RequestHeaders": {
        "x-ms-client-request-id": [
          "5c3ea91f-4ee6-4654-9d5d-cbbd2b921c73"
        ],
        "accept-language": [
          "en-US"
        ],
        "User-Agent": [
          "Microsoft.Azure.Management.DataLake.Store.DataLakeStoreAccountManagementClient/0.12.8-preview"
        ]
      },
      "ResponseBody": "{\r\n  \"error\": {\r\n    \"code\": \"ResourceNotFound\",\r\n    \"message\": \"The Resource 'Microsoft.DataLakeStore/accounts/onesdk8943' under resource group 'onesdk4184' was not found.\"\r\n  }\r\n}",
      "ResponseHeaders": {
        "Content-Length": [
          "157"
        ],
        "Content-Type": [
          "application/json; charset=utf-8"
        ],
        "Expires": [
          "-1"
        ],
        "Pragma": [
          "no-cache"
        ],
        "x-ms-failure-cause": [
          "gateway"
        ],
        "x-ms-request-id": [
          "9bf96260-bad1-4243-ad81-9273f1769b2a"
        ],
        "x-ms-correlation-request-id": [
          "9bf96260-bad1-4243-ad81-9273f1769b2a"
        ],
        "x-ms-routing-request-id": [
          "WESTUS2:20161027T024850Z:9bf96260-bad1-4243-ad81-9273f1769b2a"
        ],
        "Strict-Transport-Security": [
          "max-age=31536000; includeSubDomains"
        ],
        "Cache-Control": [
          "no-cache"
        ],
        "Date": [
          "Thu, 27 Oct 2016 02:48:50 GMT"
        ]
      },
      "StatusCode": 404
    },
    {
      "RequestUri": "/subscriptions/53d9063d-87ae-4ea8-be90-3686c3b8669f/resourceGroups/onesdk4184/providers/Microsoft.DataLakeStore/accounts/onesdk8943?api-version=2016-11-01",
      "EncodedRequestUri": "L3N1YnNjcmlwdGlvbnMvNTNkOTA2M2QtODdhZS00ZWE4LWJlOTAtMzY4NmMzYjg2NjlmL3Jlc291cmNlR3JvdXBzL29uZXNkazQxODQvcHJvdmlkZXJzL01pY3Jvc29mdC5EYXRhTGFrZVN0b3JlL2FjY291bnRzL29uZXNkazg5NDM/YXBpLXZlcnNpb249MjAxNi0xMS0wMQ==",
      "RequestMethod": "GET",
      "RequestBody": "",
      "RequestHeaders": {
        "User-Agent": [
          "Microsoft.Azure.Management.DataLake.Store.DataLakeStoreAccountManagementClient/0.12.8-preview"
        ]
      },
      "ResponseBody": "{\r\n  \"properties\": {\r\n    \"firewallState\": \"Disabled\",\r\n    \"firewallRules\": [],\r\n    \"trustedIdProviderState\": \"Disabled\",\r\n    \"trustedIdProviders\": [],\r\n    \"encryptionConfig\": {},\r\n    \"provisioningState\": \"Succeeded\",\r\n    \"state\": \"Active\",\r\n    \"endpoint\": \"onesdk8943.azuredatalakestore.net\",\r\n    \"accountId\": \"0ddaad23-8dba-4152-86af-36b84f950146\",\r\n    \"creationTime\": \"2016-10-27T02:48:54.4685503Z\",\r\n    \"lastModifiedTime\": \"2016-10-27T02:48:54.4685503Z\"\r\n  },\r\n  \"location\": \"East US 2\",\r\n  \"tags\": {},\r\n  \"id\": \"/subscriptions/53d9063d-87ae-4ea8-be90-3686c3b8669f/resourceGroups/onesdk4184/providers/Microsoft.DataLakeStore/accounts/onesdk8943\",\r\n  \"name\": \"onesdk8943\",\r\n  \"type\": \"Microsoft.DataLakeStore/accounts\"\r\n}",
      "ResponseHeaders": {
        "Content-Length": [
          "621"
        ],
        "Content-Type": [
          "application/json"
        ],
        "Expires": [
          "-1"
        ],
        "Pragma": [
          "no-cache"
        ],
        "x-ms-request-id": [
          "7137a836-c8b6-4867-89f3-136520928aff"
        ],
        "X-Content-Type-Options": [
          "nosniff"
        ],
        "x-ms-ratelimit-remaining-subscription-reads": [
          "14999"
        ],
        "x-ms-correlation-request-id": [
          "421c1663-7193-4112-a8c7-0729ecd1ad62"
        ],
        "x-ms-routing-request-id": [
          "WESTUS2:20161027T024924Z:421c1663-7193-4112-a8c7-0729ecd1ad62"
        ],
        "Strict-Transport-Security": [
          "max-age=31536000; includeSubDomains"
        ],
        "Connection": [
          "close"
        ],
        "Cache-Control": [
          "no-cache"
        ],
        "Date": [
          "Thu, 27 Oct 2016 02:49:23 GMT"
        ],
        "Server": [
          "Microsoft-IIS/8.5"
        ],
        "X-AspNet-Version": [
          "4.0.30319"
        ],
        "X-Powered-By": [
          "ASP.NET"
        ]
      },
      "StatusCode": 200
    },
    {
      "RequestUri": "/subscriptions/53d9063d-87ae-4ea8-be90-3686c3b8669f/resourceGroups/onesdk4184/providers/Microsoft.DataLakeStore/accounts/onesdk8943?api-version=2016-11-01",
      "EncodedRequestUri": "L3N1YnNjcmlwdGlvbnMvNTNkOTA2M2QtODdhZS00ZWE4LWJlOTAtMzY4NmMzYjg2NjlmL3Jlc291cmNlR3JvdXBzL29uZXNkazQxODQvcHJvdmlkZXJzL01pY3Jvc29mdC5EYXRhTGFrZVN0b3JlL2FjY291bnRzL29uZXNkazg5NDM/YXBpLXZlcnNpb249MjAxNi0xMS0wMQ==",
      "RequestMethod": "GET",
      "RequestBody": "",
      "RequestHeaders": {
        "x-ms-client-request-id": [
          "d541cd3c-d380-4f97-a98c-4fd16094c526"
        ],
        "accept-language": [
          "en-US"
        ],
        "User-Agent": [
          "Microsoft.Azure.Management.DataLake.Store.DataLakeStoreAccountManagementClient/0.12.8-preview"
        ]
      },
      "ResponseBody": "{\r\n  \"properties\": {\r\n    \"firewallState\": \"Disabled\",\r\n    \"firewallRules\": [],\r\n    \"trustedIdProviderState\": \"Disabled\",\r\n    \"trustedIdProviders\": [],\r\n    \"encryptionConfig\": {},\r\n    \"provisioningState\": \"Succeeded\",\r\n    \"state\": \"Active\",\r\n    \"endpoint\": \"onesdk8943.azuredatalakestore.net\",\r\n    \"accountId\": \"0ddaad23-8dba-4152-86af-36b84f950146\",\r\n    \"creationTime\": \"2016-10-27T02:48:54.4685503Z\",\r\n    \"lastModifiedTime\": \"2016-10-27T02:48:54.4685503Z\"\r\n  },\r\n  \"location\": \"East US 2\",\r\n  \"tags\": {},\r\n  \"id\": \"/subscriptions/53d9063d-87ae-4ea8-be90-3686c3b8669f/resourceGroups/onesdk4184/providers/Microsoft.DataLakeStore/accounts/onesdk8943\",\r\n  \"name\": \"onesdk8943\",\r\n  \"type\": \"Microsoft.DataLakeStore/accounts\"\r\n}",
      "ResponseHeaders": {
        "Content-Length": [
          "621"
        ],
        "Content-Type": [
          "application/json"
        ],
        "Expires": [
          "-1"
        ],
        "Pragma": [
          "no-cache"
        ],
        "x-ms-request-id": [
          "5aab4702-58d0-486d-aba4-eb9e42488123"
        ],
        "X-Content-Type-Options": [
          "nosniff"
        ],
        "x-ms-ratelimit-remaining-subscription-reads": [
          "14999"
        ],
        "x-ms-correlation-request-id": [
          "4585a9fb-51e9-44e7-821c-1e4d88cab6bc"
        ],
        "x-ms-routing-request-id": [
          "CENTRALUS:20161027T025309Z:4585a9fb-51e9-44e7-821c-1e4d88cab6bc"
        ],
        "Strict-Transport-Security": [
          "max-age=31536000; includeSubDomains"
        ],
        "Connection": [
          "close"
        ],
        "Cache-Control": [
          "no-cache"
        ],
        "Date": [
          "Thu, 27 Oct 2016 02:53:09 GMT"
        ],
        "Server": [
          "Microsoft-IIS/8.5"
        ],
        "X-AspNet-Version": [
          "4.0.30319"
        ],
        "X-Powered-By": [
          "ASP.NET"
        ]
      },
      "StatusCode": 200
    },
    {
      "RequestUri": "/subscriptions/53d9063d-87ae-4ea8-be90-3686c3b8669f/resourceGroups/onesdk4184/providers/Microsoft.DataLakeStore/accounts/onesdk8943?api-version=2016-11-01",
      "EncodedRequestUri": "L3N1YnNjcmlwdGlvbnMvNTNkOTA2M2QtODdhZS00ZWE4LWJlOTAtMzY4NmMzYjg2NjlmL3Jlc291cmNlR3JvdXBzL29uZXNkazQxODQvcHJvdmlkZXJzL01pY3Jvc29mdC5EYXRhTGFrZVN0b3JlL2FjY291bnRzL29uZXNkazg5NDM/YXBpLXZlcnNpb249MjAxNi0xMS0wMQ==",
      "RequestMethod": "PUT",
      "RequestBody": "{\r\n  \"location\": \"East US 2\",\r\n  \"name\": \"onesdk8943\",\r\n  \"tags\": {},\r\n  \"properties\": {}\r\n}",
      "RequestHeaders": {
        "Content-Type": [
          "application/json; charset=utf-8"
        ],
        "Content-Length": [
          "92"
        ],
        "x-ms-client-request-id": [
          "f010c87c-df3b-460d-a49a-9fff8aa57ec7"
        ],
        "accept-language": [
          "en-US"
        ],
        "User-Agent": [
          "Microsoft.Azure.Management.DataLake.Store.DataLakeStoreAccountManagementClient/0.12.8-preview"
        ]
      },
      "ResponseBody": "{\r\n  \"properties\": {\r\n    \"provisioningState\": \"Creating\",\r\n    \"state\": null,\r\n    \"endpoint\": null,\r\n    \"accountId\": \"0ddaad23-8dba-4152-86af-36b84f950146\",\r\n    \"creationTime\": null,\r\n    \"lastModifiedTime\": null\r\n  },\r\n  \"location\": \"East US 2\",\r\n  \"tags\": {},\r\n  \"id\": \"/subscriptions/53d9063d-87ae-4ea8-be90-3686c3b8669f/resourceGroups/onesdk4184/providers/Microsoft.DataLakeStore/accounts/onesdk8943\",\r\n  \"name\": \"onesdk8943\",\r\n  \"type\": \"Microsoft.DataLakeStore/accounts\"\r\n}",
      "ResponseHeaders": {
        "Content-Length": [
          "405"
        ],
        "Content-Type": [
          "application/json"
        ],
        "Expires": [
          "-1"
        ],
        "Pragma": [
          "no-cache"
        ],
        "Retry-After": [
          "10"
        ],
        "Azure-AsyncOperation": [
          "https://management.azure.com/subscriptions/53d9063d-87ae-4ea8-be90-3686c3b8669f/providers/Microsoft.DataLakeStore/locations/EastUS2/operationResults/0ddaad23-8dba-4152-86af-36b84f9501460?api-version=2016-11-01&expanded=true"
        ],
        "x-ms-request-id": [
          "8bf19123-a4cd-40aa-95fe-833bc0a9f47e"
        ],
        "X-Content-Type-Options": [
          "nosniff"
        ],
        "x-ms-ratelimit-remaining-subscription-writes": [
          "1199"
        ],
        "x-ms-correlation-request-id": [
          "0f751495-536a-4307-8f16-53d856776bb5"
        ],
        "x-ms-routing-request-id": [
          "WESTUS2:20161027T024853Z:0f751495-536a-4307-8f16-53d856776bb5"
        ],
        "Strict-Transport-Security": [
          "max-age=31536000; includeSubDomains"
        ],
        "Connection": [
          "close"
        ],
        "Cache-Control": [
          "no-cache"
        ],
        "Date": [
          "Thu, 27 Oct 2016 02:48:52 GMT"
        ],
        "Location": [
          "https://management.azure.com/subscriptions/53d9063d-87ae-4ea8-be90-3686c3b8669f/resourcegroups/onesdk4184/providers/Microsoft.DataLakeStore/accounts/onesdk8943/operationresults/0?api-version=2016-11-01"
        ],
        "Server": [
          "Microsoft-IIS/8.5"
        ],
        "X-AspNet-Version": [
          "4.0.30319"
        ],
        "X-Powered-By": [
          "ASP.NET"
        ]
      },
      "StatusCode": 201
    },
    {
      "RequestUri": "/subscriptions/53d9063d-87ae-4ea8-be90-3686c3b8669f/providers/Microsoft.DataLakeStore/locations/EastUS2/operationResults/0ddaad23-8dba-4152-86af-36b84f9501460?api-version=2016-11-01&expanded=true",
      "EncodedRequestUri": "L3N1YnNjcmlwdGlvbnMvNTNkOTA2M2QtODdhZS00ZWE4LWJlOTAtMzY4NmMzYjg2NjlmL3Byb3ZpZGVycy9NaWNyb3NvZnQuRGF0YUxha2VTdG9yZS9sb2NhdGlvbnMvRWFzdFVTMi9vcGVyYXRpb25SZXN1bHRzLzBkZGFhZDIzLThkYmEtNDE1Mi04NmFmLTM2Yjg0Zjk1MDE0NjA/YXBpLXZlcnNpb249MjAxNi0xMS0wMSZleHBhbmRlZD10cnVl",
      "RequestMethod": "GET",
      "RequestBody": "",
      "RequestHeaders": {
        "User-Agent": [
          "Microsoft.Azure.Management.DataLake.Store.DataLakeStoreAccountManagementClient/0.12.8-preview"
        ]
      },
      "ResponseBody": "{\r\n  \"status\": \"Succeeded\"\r\n}",
      "ResponseHeaders": {
        "Content-Length": [
          "22"
        ],
        "Content-Type": [
          "application/json"
        ],
        "Expires": [
          "-1"
        ],
        "Pragma": [
          "no-cache"
        ],
        "x-ms-request-id": [
          "4774422f-dc0b-4edd-a97e-76fb23cb7b17"
        ],
        "X-Content-Type-Options": [
          "nosniff"
        ],
        "x-ms-ratelimit-remaining-subscription-reads": [
          "14999"
        ],
        "x-ms-correlation-request-id": [
          "1df141de-0fdf-4258-93c5-e432bbf76bf3"
        ],
        "x-ms-routing-request-id": [
          "WESTUS2:20161027T024923Z:1df141de-0fdf-4258-93c5-e432bbf76bf3"
        ],
        "Strict-Transport-Security": [
          "max-age=31536000; includeSubDomains"
        ],
        "Connection": [
          "close"
        ],
        "Cache-Control": [
          "no-cache"
        ],
        "Date": [
          "Thu, 27 Oct 2016 02:49:23 GMT"
        ],
        "Server": [
          "Microsoft-IIS/8.5"
        ],
        "X-AspNet-Version": [
          "4.0.30319"
        ],
        "X-Powered-By": [
          "ASP.NET"
        ]
      },
      "StatusCode": 200
    },
    {
      "RequestUri": "/subscriptions/53d9063d-87ae-4ea8-be90-3686c3b8669f/resourceGroups/onesdk4184/providers/Microsoft.DataLakeAnalytics/accounts/onesdk7589?api-version=2016-11-01",
      "EncodedRequestUri": "L3N1YnNjcmlwdGlvbnMvNTNkOTA2M2QtODdhZS00ZWE4LWJlOTAtMzY4NmMzYjg2NjlmL3Jlc291cmNlR3JvdXBzL29uZXNkazQxODQvcHJvdmlkZXJzL01pY3Jvc29mdC5EYXRhTGFrZUFuYWx5dGljcy9hY2NvdW50cy9vbmVzZGs3NTg5P2FwaS12ZXJzaW9uPTIwMTYtMTEtMDE=",
      "RequestMethod": "GET",
      "RequestBody": "",
      "RequestHeaders": {
        "x-ms-client-request-id": [
          "33bb4136-22c7-44f8-8d8e-8f2f2cab962e"
        ],
        "accept-language": [
          "en-US"
        ],
        "User-Agent": [
          "Microsoft.Azure.Management.DataLake.Analytics.DataLakeAnalyticsAccountManagementClient/0.12.6-preview"
        ]
      },
      "ResponseBody": "{\r\n  \"error\": {\r\n    \"code\": \"ResourceNotFound\",\r\n    \"message\": \"The Resource 'Microsoft.DataLakeAnalytics/accounts/onesdk7589' under resource group 'onesdk4184' was not found.\"\r\n  }\r\n}",
      "ResponseHeaders": {
        "Content-Length": [
          "161"
        ],
        "Content-Type": [
          "application/json; charset=utf-8"
        ],
        "Expires": [
          "-1"
        ],
        "Pragma": [
          "no-cache"
        ],
        "x-ms-failure-cause": [
          "gateway"
        ],
        "x-ms-request-id": [
          "41e1f2b6-b3e0-4539-bd38-c1200dcb4985"
        ],
        "x-ms-correlation-request-id": [
          "41e1f2b6-b3e0-4539-bd38-c1200dcb4985"
        ],
        "x-ms-routing-request-id": [
          "WESTUS2:20161027T024924Z:41e1f2b6-b3e0-4539-bd38-c1200dcb4985"
        ],
        "Strict-Transport-Security": [
          "max-age=31536000; includeSubDomains"
        ],
        "Cache-Control": [
          "no-cache"
        ],
        "Date": [
          "Thu, 27 Oct 2016 02:49:24 GMT"
        ]
      },
      "StatusCode": 404
    },
    {
      "RequestUri": "/subscriptions/53d9063d-87ae-4ea8-be90-3686c3b8669f/resourceGroups/onesdk4184/providers/Microsoft.DataLakeAnalytics/accounts/onesdk7589?api-version=2016-11-01",
      "EncodedRequestUri": "L3N1YnNjcmlwdGlvbnMvNTNkOTA2M2QtODdhZS00ZWE4LWJlOTAtMzY4NmMzYjg2NjlmL3Jlc291cmNlR3JvdXBzL29uZXNkazQxODQvcHJvdmlkZXJzL01pY3Jvc29mdC5EYXRhTGFrZUFuYWx5dGljcy9hY2NvdW50cy9vbmVzZGs3NTg5P2FwaS12ZXJzaW9uPTIwMTYtMTEtMDE=",
      "RequestMethod": "GET",
      "RequestBody": "",
      "RequestHeaders": {
        "x-ms-client-request-id": [
          "2eaaa6d3-6556-45eb-9170-8d4670fb7093"
        ],
        "accept-language": [
          "en-US"
        ],
        "User-Agent": [
          "Microsoft.Azure.Management.DataLake.Analytics.DataLakeAnalyticsAccountManagementClient/0.12.6-preview"
        ]
      },
      "ResponseBody": "{\r\n  \"error\": {\r\n    \"code\": \"ResourceNotFound\",\r\n    \"message\": \"The Resource 'Microsoft.DataLakeAnalytics/accounts/onesdk7589' under resource group 'onesdk4184' was not found.\"\r\n  }\r\n}",
      "ResponseHeaders": {
        "Content-Length": [
          "161"
        ],
        "Content-Type": [
          "application/json; charset=utf-8"
        ],
        "Expires": [
          "-1"
        ],
        "Pragma": [
          "no-cache"
        ],
        "x-ms-failure-cause": [
          "gateway"
        ],
        "x-ms-request-id": [
          "d2be40ec-7335-44a1-9f46-4926c3a11017"
        ],
        "x-ms-correlation-request-id": [
          "d2be40ec-7335-44a1-9f46-4926c3a11017"
        ],
        "x-ms-routing-request-id": [
          "WESTUS2:20161027T024925Z:d2be40ec-7335-44a1-9f46-4926c3a11017"
        ],
        "Strict-Transport-Security": [
          "max-age=31536000; includeSubDomains"
        ],
        "Cache-Control": [
          "no-cache"
        ],
        "Date": [
          "Thu, 27 Oct 2016 02:49:24 GMT"
        ]
      },
      "StatusCode": 404
    },
    {
      "RequestUri": "/subscriptions/53d9063d-87ae-4ea8-be90-3686c3b8669f/resourceGroups/onesdk4184/providers/Microsoft.DataLakeAnalytics/accounts/onesdk7589?api-version=2016-11-01",
      "EncodedRequestUri": "L3N1YnNjcmlwdGlvbnMvNTNkOTA2M2QtODdhZS00ZWE4LWJlOTAtMzY4NmMzYjg2NjlmL3Jlc291cmNlR3JvdXBzL29uZXNkazQxODQvcHJvdmlkZXJzL01pY3Jvc29mdC5EYXRhTGFrZUFuYWx5dGljcy9hY2NvdW50cy9vbmVzZGs3NTg5P2FwaS12ZXJzaW9uPTIwMTYtMTEtMDE=",
      "RequestMethod": "GET",
      "RequestBody": "",
      "RequestHeaders": {
        "User-Agent": [
          "Microsoft.Azure.Management.DataLake.Analytics.DataLakeAnalyticsAccountManagementClient/0.12.6-preview"
        ]
      },
      "ResponseBody": "{\r\n  \"properties\": {\r\n    \"defaultDataLakeStoreAccount\": \"onesdk8943\",\r\n    \"dataLakeStoreAccounts\": [\r\n      {\r\n        \"properties\": {\r\n          \"suffix\": \"azuredatalakestore.net\"\r\n        },\r\n        \"name\": \"onesdk8943\"\r\n      }\r\n    ],\r\n    \"storageAccounts\": [],\r\n    \"maxDegreeOfParallelism\": 120,\r\n    \"maxJobCount\": 10,\r\n    \"systemMaxDegreeOfParallelism\": 120,\r\n    \"systemMaxJobCount\": 20,\r\n    \"queryStoreRetention\": 30,\r\n    \"hiveMetastores\": [],\r\n    \"provisioningState\": \"Succeeded\",\r\n    \"state\": \"Active\",\r\n    \"endpoint\": \"onesdk7589.azuredatalakeanalytics.net\",\r\n    \"accountId\": \"63309e0c-7bbc-4fc7-9d1b-92e33fb14736\",\r\n    \"creationTime\": \"2016-10-27T02:49:29.930959Z\",\r\n    \"lastModifiedTime\": \"2016-10-27T02:49:29.930959Z\"\r\n  },\r\n  \"location\": \"East US 2\",\r\n  \"tags\": {},\r\n  \"id\": \"/subscriptions/53d9063d-87ae-4ea8-be90-3686c3b8669f/resourceGroups/onesdk4184/providers/Microsoft.DataLakeAnalytics/accounts/onesdk7589\",\r\n  \"name\": \"onesdk7589\",\r\n  \"type\": \"Microsoft.DataLakeAnalytics/accounts\"\r\n}",
      "ResponseHeaders": {
        "Content-Length": [
          "813"
        ],
        "Content-Type": [
          "application/json"
        ],
        "Expires": [
          "-1"
        ],
        "Pragma": [
          "no-cache"
        ],
        "x-ms-request-id": [
          "d1185c8f-b891-4dd0-b605-ee97e6c1b1c0"
        ],
        "X-Content-Type-Options": [
          "nosniff"
        ],
        "x-ms-ratelimit-remaining-subscription-reads": [
          "14998"
        ],
        "x-ms-correlation-request-id": [
          "842d57f4-7df0-44f2-a5f1-b4f237403512"
        ],
        "x-ms-routing-request-id": [
          "WESTUS2:20161027T024958Z:842d57f4-7df0-44f2-a5f1-b4f237403512"
        ],
        "Strict-Transport-Security": [
          "max-age=31536000; includeSubDomains"
        ],
        "Connection": [
          "close"
        ],
        "Cache-Control": [
          "no-cache"
        ],
        "Date": [
          "Thu, 27 Oct 2016 02:49:57 GMT"
        ],
        "Server": [
          "Microsoft-IIS/8.5"
        ],
        "X-AspNet-Version": [
          "4.0.30319"
        ],
        "X-Powered-By": [
          "ASP.NET"
        ]
      },
      "StatusCode": 200
    },
    {
      "RequestUri": "/subscriptions/53d9063d-87ae-4ea8-be90-3686c3b8669f/resourceGroups/onesdk4184/providers/Microsoft.DataLakeAnalytics/accounts/onesdk7589?api-version=2016-11-01",
      "EncodedRequestUri": "L3N1YnNjcmlwdGlvbnMvNTNkOTA2M2QtODdhZS00ZWE4LWJlOTAtMzY4NmMzYjg2NjlmL3Jlc291cmNlR3JvdXBzL29uZXNkazQxODQvcHJvdmlkZXJzL01pY3Jvc29mdC5EYXRhTGFrZUFuYWx5dGljcy9hY2NvdW50cy9vbmVzZGs3NTg5P2FwaS12ZXJzaW9uPTIwMTYtMTEtMDE=",
      "RequestMethod": "GET",
      "RequestBody": "",
      "RequestHeaders": {
        "x-ms-client-request-id": [
          "33d886ab-ca8e-450b-a343-138c1a965659"
        ],
        "accept-language": [
          "en-US"
        ],
        "User-Agent": [
          "Microsoft.Azure.Management.DataLake.Analytics.DataLakeAnalyticsAccountManagementClient/0.12.6-preview"
        ]
      },
      "ResponseBody": "{\r\n  \"properties\": {\r\n    \"defaultDataLakeStoreAccount\": \"onesdk8943\",\r\n    \"dataLakeStoreAccounts\": [\r\n      {\r\n        \"properties\": {\r\n          \"suffix\": \"azuredatalakestore.net\"\r\n        },\r\n        \"name\": \"onesdk8943\"\r\n      }\r\n    ],\r\n    \"storageAccounts\": [],\r\n    \"maxDegreeOfParallelism\": 120,\r\n    \"maxJobCount\": 10,\r\n    \"systemMaxDegreeOfParallelism\": 120,\r\n    \"systemMaxJobCount\": 20,\r\n    \"queryStoreRetention\": 30,\r\n    \"hiveMetastores\": [],\r\n    \"provisioningState\": \"Succeeded\",\r\n    \"state\": \"Active\",\r\n    \"endpoint\": \"onesdk7589.azuredatalakeanalytics.net\",\r\n    \"accountId\": \"63309e0c-7bbc-4fc7-9d1b-92e33fb14736\",\r\n    \"creationTime\": \"2016-10-27T02:49:29.930959Z\",\r\n    \"lastModifiedTime\": \"2016-10-27T02:49:29.930959Z\"\r\n  },\r\n  \"location\": \"East US 2\",\r\n  \"tags\": {},\r\n  \"id\": \"/subscriptions/53d9063d-87ae-4ea8-be90-3686c3b8669f/resourceGroups/onesdk4184/providers/Microsoft.DataLakeAnalytics/accounts/onesdk7589\",\r\n  \"name\": \"onesdk7589\",\r\n  \"type\": \"Microsoft.DataLakeAnalytics/accounts\"\r\n}",
      "ResponseHeaders": {
        "Content-Length": [
          "813"
        ],
        "Content-Type": [
          "application/json"
        ],
        "Expires": [
          "-1"
        ],
        "Pragma": [
          "no-cache"
        ],
        "x-ms-request-id": [
          "c94aa526-5764-439b-bddc-bf4481a562c3"
        ],
        "X-Content-Type-Options": [
          "nosniff"
        ],
        "x-ms-ratelimit-remaining-subscription-reads": [
          "14999"
        ],
        "x-ms-correlation-request-id": [
          "728d117d-8500-4261-8584-1441cd4d9b4a"
        ],
        "x-ms-routing-request-id": [
          "WESTUS2:20161027T024958Z:728d117d-8500-4261-8584-1441cd4d9b4a"
        ],
        "Strict-Transport-Security": [
          "max-age=31536000; includeSubDomains"
        ],
        "Connection": [
          "close"
        ],
        "Cache-Control": [
          "no-cache"
        ],
        "Date": [
          "Thu, 27 Oct 2016 02:49:58 GMT"
        ],
        "Server": [
          "Microsoft-IIS/8.5"
        ],
        "X-AspNet-Version": [
          "4.0.30319"
        ],
        "X-Powered-By": [
          "ASP.NET"
        ]
      },
      "StatusCode": 200
    },
    {
      "RequestUri": "/subscriptions/53d9063d-87ae-4ea8-be90-3686c3b8669f/resourceGroups/onesdk4184/providers/Microsoft.DataLakeAnalytics/accounts/onesdk7589?api-version=2016-11-01",
      "EncodedRequestUri": "L3N1YnNjcmlwdGlvbnMvNTNkOTA2M2QtODdhZS00ZWE4LWJlOTAtMzY4NmMzYjg2NjlmL3Jlc291cmNlR3JvdXBzL29uZXNkazQxODQvcHJvdmlkZXJzL01pY3Jvc29mdC5EYXRhTGFrZUFuYWx5dGljcy9hY2NvdW50cy9vbmVzZGs3NTg5P2FwaS12ZXJzaW9uPTIwMTYtMTEtMDE=",
      "RequestMethod": "GET",
      "RequestBody": "",
      "RequestHeaders": {
        "x-ms-client-request-id": [
          "64fd7367-d493-4a22-8864-65d62a895274"
        ],
        "accept-language": [
          "en-US"
        ],
        "User-Agent": [
          "Microsoft.Azure.Management.DataLake.Analytics.DataLakeAnalyticsAccountManagementClient/0.12.6-preview"
        ]
      },
      "ResponseBody": "{\r\n  \"properties\": {\r\n    \"defaultDataLakeStoreAccount\": \"onesdk8943\",\r\n    \"dataLakeStoreAccounts\": [\r\n      {\r\n        \"properties\": {\r\n          \"suffix\": \"azuredatalakestore.net\"\r\n        },\r\n        \"name\": \"onesdk8943\"\r\n      }\r\n    ],\r\n    \"storageAccounts\": [],\r\n    \"maxDegreeOfParallelism\": 120,\r\n    \"maxJobCount\": 10,\r\n    \"systemMaxDegreeOfParallelism\": 120,\r\n    \"systemMaxJobCount\": 20,\r\n    \"queryStoreRetention\": 30,\r\n    \"hiveMetastores\": [],\r\n    \"provisioningState\": \"Succeeded\",\r\n    \"state\": \"Active\",\r\n    \"endpoint\": \"onesdk7589.azuredatalakeanalytics.net\",\r\n    \"accountId\": \"63309e0c-7bbc-4fc7-9d1b-92e33fb14736\",\r\n    \"creationTime\": \"2016-10-27T02:49:29.930959Z\",\r\n    \"lastModifiedTime\": \"2016-10-27T02:49:29.930959Z\"\r\n  },\r\n  \"location\": \"East US 2\",\r\n  \"tags\": {},\r\n  \"id\": \"/subscriptions/53d9063d-87ae-4ea8-be90-3686c3b8669f/resourceGroups/onesdk4184/providers/Microsoft.DataLakeAnalytics/accounts/onesdk7589\",\r\n  \"name\": \"onesdk7589\",\r\n  \"type\": \"Microsoft.DataLakeAnalytics/accounts\"\r\n}",
      "ResponseHeaders": {
        "Content-Length": [
          "813"
        ],
        "Content-Type": [
          "application/json"
        ],
        "Expires": [
          "-1"
        ],
        "Pragma": [
          "no-cache"
        ],
        "x-ms-request-id": [
          "d21b1e3a-9fa0-429a-bb05-5470179843ea"
        ],
        "X-Content-Type-Options": [
          "nosniff"
        ],
        "x-ms-ratelimit-remaining-subscription-reads": [
          "14999"
        ],
        "x-ms-correlation-request-id": [
          "57166171-752d-401e-b1e0-21d020b697c8"
        ],
        "x-ms-routing-request-id": [
          "CENTRALUS:20161027T025234Z:57166171-752d-401e-b1e0-21d020b697c8"
        ],
        "Strict-Transport-Security": [
          "max-age=31536000; includeSubDomains"
        ],
        "Connection": [
          "close"
        ],
        "Cache-Control": [
          "no-cache"
        ],
        "Date": [
          "Thu, 27 Oct 2016 02:52:34 GMT"
        ],
        "Server": [
          "Microsoft-IIS/8.5"
        ],
        "X-AspNet-Version": [
          "4.0.30319"
        ],
        "X-Powered-By": [
          "ASP.NET"
        ]
      },
      "StatusCode": 200
    },
    {
      "RequestUri": "/subscriptions/53d9063d-87ae-4ea8-be90-3686c3b8669f/resourceGroups/onesdk4184/providers/Microsoft.DataLakeAnalytics/accounts/onesdk7589?api-version=2016-11-01",
      "EncodedRequestUri": "L3N1YnNjcmlwdGlvbnMvNTNkOTA2M2QtODdhZS00ZWE4LWJlOTAtMzY4NmMzYjg2NjlmL3Jlc291cmNlR3JvdXBzL29uZXNkazQxODQvcHJvdmlkZXJzL01pY3Jvc29mdC5EYXRhTGFrZUFuYWx5dGljcy9hY2NvdW50cy9vbmVzZGs3NTg5P2FwaS12ZXJzaW9uPTIwMTYtMTEtMDE=",
      "RequestMethod": "GET",
      "RequestBody": "",
      "RequestHeaders": {
        "x-ms-client-request-id": [
          "80390af4-1bbd-466e-a645-3ac385cfb437"
        ],
        "accept-language": [
          "en-US"
        ],
        "User-Agent": [
          "Microsoft.Azure.Management.DataLake.Analytics.DataLakeAnalyticsAccountManagementClient/0.12.6-preview"
        ]
      },
      "ResponseBody": "{\r\n  \"error\": {\r\n    \"code\": \"ResourceNotFound\",\r\n    \"message\": \"The Resource 'Microsoft.DataLakeAnalytics/accounts/onesdk7589' under resource group 'onesdk4184' was not found.\"\r\n  }\r\n}",
      "ResponseHeaders": {
        "Content-Length": [
          "161"
        ],
        "Content-Type": [
          "application/json; charset=utf-8"
        ],
        "Expires": [
          "-1"
        ],
        "Pragma": [
          "no-cache"
        ],
        "x-ms-failure-cause": [
          "gateway"
        ],
        "x-ms-request-id": [
          "df488e6b-69b4-4051-a3ab-063c3bf688bf"
        ],
        "x-ms-correlation-request-id": [
          "df488e6b-69b4-4051-a3ab-063c3bf688bf"
        ],
        "x-ms-routing-request-id": [
          "CENTRALUS:20161027T025308Z:df488e6b-69b4-4051-a3ab-063c3bf688bf"
        ],
        "Strict-Transport-Security": [
          "max-age=31536000; includeSubDomains"
        ],
        "Cache-Control": [
          "no-cache"
        ],
        "Date": [
          "Thu, 27 Oct 2016 02:53:08 GMT"
        ]
      },
      "StatusCode": 404
    },
    {
      "RequestUri": "/subscriptions/53d9063d-87ae-4ea8-be90-3686c3b8669f/resourceGroups/onesdk4184/providers/Microsoft.DataLakeAnalytics/accounts/onesdk7589?api-version=2016-11-01",
      "EncodedRequestUri": "L3N1YnNjcmlwdGlvbnMvNTNkOTA2M2QtODdhZS00ZWE4LWJlOTAtMzY4NmMzYjg2NjlmL3Jlc291cmNlR3JvdXBzL29uZXNkazQxODQvcHJvdmlkZXJzL01pY3Jvc29mdC5EYXRhTGFrZUFuYWx5dGljcy9hY2NvdW50cy9vbmVzZGs3NTg5P2FwaS12ZXJzaW9uPTIwMTYtMTEtMDE=",
      "RequestMethod": "GET",
      "RequestBody": "",
      "RequestHeaders": {
        "x-ms-client-request-id": [
          "edb1fea8-c8ef-4619-90d9-4d624ab8c11d"
        ],
        "accept-language": [
          "en-US"
        ],
        "User-Agent": [
          "Microsoft.Azure.Management.DataLake.Analytics.DataLakeAnalyticsAccountManagementClient/0.12.6-preview"
        ]
      },
      "ResponseBody": "{\r\n  \"error\": {\r\n    \"code\": \"ResourceNotFound\",\r\n    \"message\": \"The Resource 'Microsoft.DataLakeAnalytics/accounts/onesdk7589' under resource group 'onesdk4184' was not found.\"\r\n  }\r\n}",
      "ResponseHeaders": {
        "Content-Length": [
          "161"
        ],
        "Content-Type": [
          "application/json; charset=utf-8"
        ],
        "Expires": [
          "-1"
        ],
        "Pragma": [
          "no-cache"
        ],
        "x-ms-failure-cause": [
          "gateway"
        ],
        "x-ms-request-id": [
          "e307ee78-c52a-432d-a1ad-ae7f009a11db"
        ],
        "x-ms-correlation-request-id": [
          "e307ee78-c52a-432d-a1ad-ae7f009a11db"
        ],
        "x-ms-routing-request-id": [
          "CENTRALUS:20161027T025309Z:e307ee78-c52a-432d-a1ad-ae7f009a11db"
        ],
        "Strict-Transport-Security": [
          "max-age=31536000; includeSubDomains"
        ],
        "Cache-Control": [
          "no-cache"
        ],
        "Date": [
          "Thu, 27 Oct 2016 02:53:08 GMT"
        ]
      },
      "StatusCode": 404
    },
    {
      "RequestUri": "/subscriptions/53d9063d-87ae-4ea8-be90-3686c3b8669f/resourceGroups/onesdk4184/providers/Microsoft.DataLakeAnalytics/accounts/onesdk7589?api-version=2016-11-01",
      "EncodedRequestUri": "L3N1YnNjcmlwdGlvbnMvNTNkOTA2M2QtODdhZS00ZWE4LWJlOTAtMzY4NmMzYjg2NjlmL3Jlc291cmNlR3JvdXBzL29uZXNkazQxODQvcHJvdmlkZXJzL01pY3Jvc29mdC5EYXRhTGFrZUFuYWx5dGljcy9hY2NvdW50cy9vbmVzZGs3NTg5P2FwaS12ZXJzaW9uPTIwMTYtMTEtMDE=",
      "RequestMethod": "PUT",
      "RequestBody": "{\r\n  \"location\": \"East US 2\",\r\n  \"name\": \"onesdk7589\",\r\n  \"tags\": {},\r\n  \"properties\": {\r\n    \"defaultDataLakeStoreAccount\": \"onesdk8943\",\r\n    \"dataLakeStoreAccounts\": [\r\n      {\r\n        \"name\": \"onesdk8943\"\r\n      }\r\n    ]\r\n  }\r\n}",
      "RequestHeaders": {
        "Content-Type": [
          "application/json; charset=utf-8"
        ],
        "Content-Length": [
          "233"
        ],
        "x-ms-client-request-id": [
          "fe5cab23-edba-4486-a709-72a45a34a610"
        ],
        "accept-language": [
          "en-US"
        ],
        "User-Agent": [
          "Microsoft.Azure.Management.DataLake.Analytics.DataLakeAnalyticsAccountManagementClient/0.12.6-preview"
        ]
      },
      "ResponseBody": "{\r\n  \"properties\": {\r\n    \"defaultDataLakeStoreAccount\": \"onesdk8943\",\r\n    \"dataLakeStoreAccounts\": [\r\n      {\r\n        \"properties\": {\r\n          \"suffix\": \"azuredatalakestore.net\"\r\n        },\r\n        \"name\": \"onesdk8943\"\r\n      }\r\n    ],\r\n    \"provisioningState\": \"Creating\",\r\n    \"state\": null,\r\n    \"endpoint\": null,\r\n    \"accountId\": \"63309e0c-7bbc-4fc7-9d1b-92e33fb14736\",\r\n    \"creationTime\": null,\r\n    \"lastModifiedTime\": null\r\n  },\r\n  \"location\": \"East US 2\",\r\n  \"tags\": {},\r\n  \"id\": \"/subscriptions/53d9063d-87ae-4ea8-be90-3686c3b8669f/resourceGroups/onesdk4184/providers/Microsoft.DataLakeAnalytics/accounts/onesdk7589\",\r\n  \"name\": \"onesdk7589\",\r\n  \"type\": \"Microsoft.DataLakeAnalytics/accounts\"\r\n}",
      "ResponseHeaders": {
        "Content-Length": [
          "553"
        ],
        "Content-Type": [
          "application/json"
        ],
        "Expires": [
          "-1"
        ],
        "Pragma": [
          "no-cache"
        ],
        "Retry-After": [
          "10"
        ],
        "Azure-AsyncOperation": [
          "https://management.azure.com/subscriptions/53d9063d-87ae-4ea8-be90-3686c3b8669f/providers/Microsoft.DataLakeAnalytics/locations/EastUS2/operationResults/63309e0c-7bbc-4fc7-9d1b-92e33fb147360?api-version=2016-11-01&expanded=true"
        ],
        "x-ms-request-id": [
          "512766cb-e5eb-408a-be8f-0a8439aef0c6"
        ],
        "X-Content-Type-Options": [
          "nosniff"
        ],
        "x-ms-ratelimit-remaining-subscription-writes": [
          "1199"
        ],
        "x-ms-correlation-request-id": [
          "32be5b9e-8a96-4181-8b2b-34437dc54995"
        ],
        "x-ms-routing-request-id": [
          "WESTUS2:20161027T024927Z:32be5b9e-8a96-4181-8b2b-34437dc54995"
        ],
        "Strict-Transport-Security": [
          "max-age=31536000; includeSubDomains"
        ],
        "Connection": [
          "close"
        ],
        "Cache-Control": [
          "no-cache"
        ],
        "Date": [
          "Thu, 27 Oct 2016 02:49:26 GMT"
        ],
        "Location": [
          "https://management.azure.com/subscriptions/53d9063d-87ae-4ea8-be90-3686c3b8669f/resourcegroups/onesdk4184/providers/Microsoft.DataLakeAnalytics/accounts/onesdk7589/operationresults/0?api-version=2016-11-01"
        ],
        "Server": [
          "Microsoft-IIS/8.5"
        ],
        "X-AspNet-Version": [
          "4.0.30319"
        ],
        "X-Powered-By": [
          "ASP.NET"
        ]
      },
      "StatusCode": 201
    },
    {
      "RequestUri": "/subscriptions/53d9063d-87ae-4ea8-be90-3686c3b8669f/providers/Microsoft.DataLakeAnalytics/locations/EastUS2/operationResults/63309e0c-7bbc-4fc7-9d1b-92e33fb147360?api-version=2016-11-01&expanded=true",
      "EncodedRequestUri": "L3N1YnNjcmlwdGlvbnMvNTNkOTA2M2QtODdhZS00ZWE4LWJlOTAtMzY4NmMzYjg2NjlmL3Byb3ZpZGVycy9NaWNyb3NvZnQuRGF0YUxha2VBbmFseXRpY3MvbG9jYXRpb25zL0Vhc3RVUzIvb3BlcmF0aW9uUmVzdWx0cy82MzMwOWUwYy03YmJjLTRmYzctOWQxYi05MmUzM2ZiMTQ3MzYwP2FwaS12ZXJzaW9uPTIwMTYtMTEtMDEmZXhwYW5kZWQ9dHJ1ZQ==",
      "RequestMethod": "GET",
      "RequestBody": "",
      "RequestHeaders": {
        "User-Agent": [
          "Microsoft.Azure.Management.DataLake.Analytics.DataLakeAnalyticsAccountManagementClient/0.12.6-preview"
        ]
      },
      "ResponseBody": "{\r\n  \"status\": \"Succeeded\"\r\n}",
      "ResponseHeaders": {
        "Content-Length": [
          "22"
        ],
        "Content-Type": [
          "application/json"
        ],
        "Expires": [
          "-1"
        ],
        "Pragma": [
          "no-cache"
        ],
        "x-ms-request-id": [
          "fe932ff0-d211-4ce9-acbb-f4eb6c984d99"
        ],
        "X-Content-Type-Options": [
          "nosniff"
        ],
        "x-ms-ratelimit-remaining-subscription-reads": [
          "14999"
        ],
        "x-ms-correlation-request-id": [
          "eb170e96-6617-4f48-9b69-4b53a0b13d02"
        ],
        "x-ms-routing-request-id": [
          "WESTUS2:20161027T024957Z:eb170e96-6617-4f48-9b69-4b53a0b13d02"
        ],
        "Strict-Transport-Security": [
          "max-age=31536000; includeSubDomains"
        ],
        "Connection": [
          "close"
        ],
        "Cache-Control": [
          "no-cache"
        ],
        "Date": [
          "Thu, 27 Oct 2016 02:49:57 GMT"
        ],
        "Server": [
          "Microsoft-IIS/8.5"
        ],
        "X-AspNet-Version": [
          "4.0.30319"
        ],
        "X-Powered-By": [
          "ASP.NET"
        ]
      },
      "StatusCode": 200
    },
    {
      "RequestUri": "/Jobs/ee63d1b6-5f59-4a60-93a6-ce06a690f40b?api-version=2016-11-01",
      "EncodedRequestUri": "L0pvYnMvZWU2M2QxYjYtNWY1OS00YTYwLTkzYTYtY2UwNmE2OTBmNDBiP2FwaS12ZXJzaW9uPTIwMTYtMTEtMDE=",
      "RequestMethod": "PUT",
      "RequestBody": "{\r\n  \"jobId\": \"ee63d1b6-5f59-4a60-93a6-ce06a690f40b\",\r\n  \"name\": \"TestJob\",\r\n  \"type\": \"USql\",\r\n  \"degreeOfParallelism\": 1,\r\n  \"priority\": 1000,\r\n  \"properties\": {\r\n    \"type\": \"USql\",\r\n    \"script\": \"DROP DATABASE IF EXISTS foo; CREATE DATABASE foo;\"\r\n  }\r\n}",
      "RequestHeaders": {
        "Content-Type": [
          "application/json; charset=utf-8"
        ],
        "Content-Length": [
          "259"
        ],
        "x-ms-client-request-id": [
          "e49a36f8-8b0a-4d1e-ab71-2c2c9223d69b"
        ],
        "accept-language": [
          "en-US"
        ],
        "User-Agent": [
          "Microsoft.Azure.Management.DataLake.Analytics.DataLakeAnalyticsJobManagementClient/0.12.6-preview"
        ]
      },
      "ResponseBody": "{\r\n  \"jobId\": \"ee63d1b6-5f59-4a60-93a6-ce06a690f40b\",\r\n  \"name\": \"TestJob\",\r\n  \"type\": \"USql\",\r\n  \"submitter\": \"adlsvc01@benwgoldoutlook.onmicrosoft.com\",\r\n  \"degreeOfParallelism\": 1,\r\n  \"priority\": 1000,\r\n  \"submitTime\": \"2016-10-26T19:52:33.0349559-07:00\",\r\n  \"state\": \"Compiling\",\r\n  \"result\": \"Succeeded\",\r\n  \"stateAuditRecords\": [\r\n    {\r\n      \"newState\": \"New\",\r\n      \"timeStamp\": \"2016-10-26T19:52:33.0349559-07:00\",\r\n      \"details\": \"userName:;submitMachine:N/A\"\r\n    }\r\n  ],\r\n  \"properties\": {\r\n    \"owner\": \"adlsvc01@benwgoldoutlook.onmicrosoft.com\",\r\n    \"resources\": [],\r\n    \"runtimeVersion\": \"default\",\r\n    \"rootProcessNodeId\": \"00000000-0000-0000-0000-000000000000\",\r\n    \"algebraFilePath\": \"adl://onesdk8943.azuredatalakestore.net/system/jobservice/jobs/Usql/2016/10/27/02/52/ee63d1b6-5f59-4a60-93a6-ce06a690f40b/algebra.xml\",\r\n    \"compileMode\": \"Semantic\",\r\n    \"errorSource\": \"Unknown\",\r\n    \"totalCompilationTime\": \"PT0S\",\r\n    \"totalPausedTime\": \"PT0S\",\r\n    \"totalQueuedTime\": \"PT0S\",\r\n    \"totalRunningTime\": \"PT0S\",\r\n    \"type\": \"USql\"\r\n  }\r\n}",
      "ResponseHeaders": {
        "Content-Type": [
          "application/json; charset=utf-8"
        ],
        "Expires": [
          "-1"
        ],
        "Transfer-Encoding": [
          "chunked"
        ],
        "x-ms-request-id": [
          "c80488ce-206d-4995-a42a-84acf3cb4e78"
        ],
        "X-Content-Type-Options": [
          "nosniff"
        ],
        "Strict-Transport-Security": [
          "max-age=15724800; includeSubDomains"
        ],
        "Cache-Control": [
          "no-store, no-cache, max-age=0, private"
        ],
        "Date": [
          "Thu, 27 Oct 2016 02:52:32 GMT"
        ]
      },
      "StatusCode": 200
    },
    {
      "RequestUri": "/Jobs/ee63d1b6-5f59-4a60-93a6-ce06a690f40b/CancelJob?api-version=2016-11-01",
      "EncodedRequestUri": "L0pvYnMvZWU2M2QxYjYtNWY1OS00YTYwLTkzYTYtY2UwNmE2OTBmNDBiL0NhbmNlbEpvYj9hcGktdmVyc2lvbj0yMDE2LTExLTAx",
      "RequestMethod": "POST",
      "RequestBody": "",
      "RequestHeaders": {
        "x-ms-client-request-id": [
          "a1749d57-f433-4894-ac95-436636dc8f25"
        ],
        "accept-language": [
          "en-US"
        ],
        "User-Agent": [
          "Microsoft.Azure.Management.DataLake.Analytics.DataLakeAnalyticsJobManagementClient/0.12.6-preview"
        ]
      },
      "ResponseBody": "",
      "ResponseHeaders": {
        "Expires": [
          "-1"
        ],
        "Transfer-Encoding": [
          "chunked"
        ],
        "x-ms-request-id": [
          "f3932cba-92e0-4d9c-ae70-7e73bee75fe8"
        ],
        "X-Content-Type-Options": [
          "nosniff"
        ],
        "Strict-Transport-Security": [
          "max-age=15724800; includeSubDomains"
        ],
        "Cache-Control": [
          "no-store, no-cache, max-age=0, private"
        ],
        "Date": [
          "Thu, 27 Oct 2016 02:52:33 GMT"
        ]
      },
      "StatusCode": 200
    },
    {
      "RequestUri": "/Jobs/ee63d1b6-5f59-4a60-93a6-ce06a690f40b?api-version=2016-11-01",
      "EncodedRequestUri": "L0pvYnMvZWU2M2QxYjYtNWY1OS00YTYwLTkzYTYtY2UwNmE2OTBmNDBiP2FwaS12ZXJzaW9uPTIwMTYtMTEtMDE=",
      "RequestMethod": "GET",
      "RequestBody": "",
      "RequestHeaders": {
        "x-ms-client-request-id": [
          "9f5a7582-58ac-4603-99fa-eb437bab22de"
        ],
        "accept-language": [
          "en-US"
        ],
        "User-Agent": [
          "Microsoft.Azure.Management.DataLake.Analytics.DataLakeAnalyticsJobManagementClient/0.12.6-preview"
        ]
      },
      "ResponseBody": "{\r\n  \"jobId\": \"ee63d1b6-5f59-4a60-93a6-ce06a690f40b\",\r\n  \"name\": \"TestJob\",\r\n  \"type\": \"USql\",\r\n  \"submitter\": \"adlsvc01@benwgoldoutlook.onmicrosoft.com\",\r\n  \"degreeOfParallelism\": 1,\r\n  \"priority\": 1000,\r\n  \"submitTime\": \"2016-10-26T19:52:33.0349559-07:00\",\r\n  \"endTime\": \"2016-10-26T19:52:33.5662152-07:00\",\r\n  \"state\": \"Ended\",\r\n  \"result\": \"Cancelled\",\r\n  \"errorMessage\": [\r\n    {\r\n      \"errorId\": \"I_USER_CJS_CANCELEDBYUSER\",\r\n      \"name\": \"CANCELED_BY_USER\",\r\n      \"severity\": \"Info\",\r\n      \"source\": \"User\",\r\n      \"component\": \"CJS\",\r\n      \"message\": \"Job was cancelled.\",\r\n      \"details\": \"\",\r\n      \"description\": \"Job was cancelled by adlsvc01@benwgoldoutlook.onmicrosoft.com.\",\r\n      \"resolution\": \"\",\r\n      \"helpLink\": \"\",\r\n      \"innerError\": null\r\n    }\r\n  ],\r\n  \"stateAuditRecords\": [\r\n    {\r\n      \"newState\": \"New\",\r\n      \"timeStamp\": \"2016-10-26T19:52:33.0349559-07:00\",\r\n      \"details\": \"userName:;submitMachine:N/A\"\r\n    },\r\n    {\r\n      \"newState\": \"Compiling\",\r\n      \"timeStamp\": \"2016-10-26T19:52:33.3630903-07:00\",\r\n      \"details\": \"CcsAttempts:1;Status:Dispatched\"\r\n    },\r\n    {\r\n      \"newState\": \"Ended\",\r\n      \"timeStamp\": \"2016-10-26T19:52:33.5662152-07:00\",\r\n      \"details\": \"result:CanceledByUser\"\r\n    }\r\n  ],\r\n  \"properties\": {\r\n    \"owner\": \"adlsvc01@benwgoldoutlook.onmicrosoft.com\",\r\n    \"resources\": [\r\n      {\r\n        \"name\": \"Profile\",\r\n        \"resourcePath\": \"adl://onesdk8943.azuredatalakestore.net/system/jobservice/jobs/Usql/2016/10/27/02/52/ee63d1b6-5f59-4a60-93a6-ce06a690f40b/profile\",\r\n        \"type\": \"StatisticsResource\"\r\n      },\r\n      {\r\n        \"name\": \"__ScopeRuntimeStatistics__.xml\",\r\n        \"resourcePath\": \"adl://onesdk8943.azuredatalakestore.net/system/jobservice/jobs/Usql/2016/10/27/02/52/ee63d1b6-5f59-4a60-93a6-ce06a690f40b/__ScopeRuntimeStatistics__.xml\",\r\n        \"type\": \"StatisticsResource\"\r\n      }\r\n    ],\r\n    \"runtimeVersion\": \"default\",\r\n    \"rootProcessNodeId\": \"00000000-0000-0000-0000-000000000000\",\r\n    \"script\": \"DROP DATABASE IF EXISTS foo; CREATE DATABASE foo;\",\r\n    \"algebraFilePath\": \"adl://onesdk8943.azuredatalakestore.net/system/jobservice/jobs/Usql/2016/10/27/02/52/ee63d1b6-5f59-4a60-93a6-ce06a690f40b/algebra.xml\",\r\n    \"compileMode\": \"Semantic\",\r\n    \"errorSource\": \"UserError\",\r\n    \"totalCompilationTime\": \"PT0.2031249S\",\r\n    \"totalPausedTime\": \"PT0S\",\r\n    \"totalQueuedTime\": \"PT0S\",\r\n    \"totalRunningTime\": \"PT0S\",\r\n    \"type\": \"USql\"\r\n  }\r\n}",
      "ResponseHeaders": {
        "Content-Type": [
          "application/json; charset=utf-8"
        ],
        "Expires": [
          "-1"
        ],
        "Transfer-Encoding": [
          "chunked"
        ],
        "x-ms-request-id": [
          "f2e7f0aa-a0f4-4294-b57e-890ff67fe5bf"
        ],
        "X-Content-Type-Options": [
          "nosniff"
        ],
        "Strict-Transport-Security": [
          "max-age=15724800; includeSubDomains"
        ],
        "Cache-Control": [
          "no-store, no-cache, max-age=0, private"
        ],
        "Date": [
          "Thu, 27 Oct 2016 02:52:33 GMT"
        ]
      },
      "StatusCode": 200
    },
    {
      "RequestUri": "/Jobs?$filter=submitTime%20ge%20datetimeoffset'2016-10-27T02:44:29.9309590%2B00:00'&api-version=2016-11-01",
      "EncodedRequestUri": "L0pvYnM/JGZpbHRlcj1zdWJtaXRUaW1lJTIwZ2UlMjBkYXRldGltZW9mZnNldCcyMDE2LTEwLTI3VDAyJTNBNDQlM0EyOS45MzA5NTkwJTJCMDAlM0EwMCcmYXBpLXZlcnNpb249MjAxNi0xMS0wMQ==",
      "RequestMethod": "GET",
      "RequestBody": "",
      "RequestHeaders": {
        "x-ms-client-request-id": [
          "bae075b0-20f7-46b8-9b51-90fb3a0c02b7"
        ],
        "accept-language": [
          "en-US"
        ],
        "User-Agent": [
          "Microsoft.Azure.Management.DataLake.Analytics.DataLakeAnalyticsJobManagementClient/0.12.6-preview"
        ]
      },
      "ResponseBody": "{\r\n  \"value\": [\r\n    {\r\n      \"jobId\": \"ee63d1b6-5f59-4a60-93a6-ce06a690f40b\",\r\n      \"name\": \"TestJob\",\r\n      \"type\": \"USql\",\r\n      \"submitter\": \"adlsvc01@benwgoldoutlook.onmicrosoft.com\",\r\n      \"degreeOfParallelism\": 1,\r\n      \"priority\": 1000,\r\n      \"submitTime\": \"2016-10-26T19:52:33.0349559-07:00\",\r\n      \"endTime\": \"2016-10-26T19:52:33.5662152-07:00\",\r\n      \"state\": \"Ended\",\r\n      \"result\": \"Cancelled\"\r\n    }\r\n  ]\r\n}",
      "ResponseHeaders": {
        "Content-Type": [
          "application/json; charset=utf-8"
        ],
        "Expires": [
          "-1"
        ],
        "Transfer-Encoding": [
          "chunked"
        ],
        "x-ms-request-id": [
          "a07e88ba-9784-4e8b-bfc2-8bf7e5703390"
        ],
        "X-Content-Type-Options": [
          "nosniff"
        ],
        "Strict-Transport-Security": [
          "max-age=15724800; includeSubDomains"
        ],
        "Cache-Control": [
          "no-store, no-cache, max-age=0, private"
        ],
        "Date": [
          "Thu, 27 Oct 2016 02:52:33 GMT"
        ]
      },
      "StatusCode": 200
    },
    {
      "RequestUri": "/Jobs?$filter=submitTime%20lt%20datetimeoffset'2016-10-27T02:54:29.9309590%2B00:00'&api-version=2016-11-01",
      "EncodedRequestUri": "L0pvYnM/JGZpbHRlcj1zdWJtaXRUaW1lJTIwbHQlMjBkYXRldGltZW9mZnNldCcyMDE2LTEwLTI3VDAyJTNBNTQlM0EyOS45MzA5NTkwJTJCMDAlM0EwMCcmYXBpLXZlcnNpb249MjAxNi0xMS0wMQ==",
      "RequestMethod": "GET",
      "RequestBody": "",
      "RequestHeaders": {
        "x-ms-client-request-id": [
          "87d93ba5-f97d-47ab-b2b6-312589a16726"
        ],
        "accept-language": [
          "en-US"
        ],
        "User-Agent": [
          "Microsoft.Azure.Management.DataLake.Analytics.DataLakeAnalyticsJobManagementClient/0.12.6-preview"
        ]
      },
      "ResponseBody": "{\r\n  \"value\": [\r\n    {\r\n      \"jobId\": \"ee63d1b6-5f59-4a60-93a6-ce06a690f40b\",\r\n      \"name\": \"TestJob\",\r\n      \"type\": \"USql\",\r\n      \"submitter\": \"adlsvc01@benwgoldoutlook.onmicrosoft.com\",\r\n      \"degreeOfParallelism\": 1,\r\n      \"priority\": 1000,\r\n      \"submitTime\": \"2016-10-26T19:52:33.0349559-07:00\",\r\n      \"endTime\": \"2016-10-26T19:52:33.5662152-07:00\",\r\n      \"state\": \"Ended\",\r\n      \"result\": \"Cancelled\"\r\n    }\r\n  ]\r\n}",
      "ResponseHeaders": {
        "Content-Type": [
          "application/json; charset=utf-8"
        ],
        "Expires": [
          "-1"
        ],
        "Transfer-Encoding": [
          "chunked"
        ],
        "x-ms-request-id": [
          "fd709d1d-6acc-4a77-9739-b35a4791108b"
        ],
        "X-Content-Type-Options": [
          "nosniff"
        ],
        "Strict-Transport-Security": [
          "max-age=15724800; includeSubDomains"
        ],
        "Cache-Control": [
          "no-store, no-cache, max-age=0, private"
        ],
        "Date": [
          "Thu, 27 Oct 2016 02:52:33 GMT"
        ]
      },
      "StatusCode": 200
    },
    {
      "RequestUri": "/subscriptions/53d9063d-87ae-4ea8-be90-3686c3b8669f/resourceGroups/onesdk4184/providers/Microsoft.DataLakeAnalytics/accounts/onesdk7589?api-version=2016-11-01",
      "EncodedRequestUri": "L3N1YnNjcmlwdGlvbnMvNTNkOTA2M2QtODdhZS00ZWE4LWJlOTAtMzY4NmMzYjg2NjlmL3Jlc291cmNlR3JvdXBzL29uZXNkazQxODQvcHJvdmlkZXJzL01pY3Jvc29mdC5EYXRhTGFrZUFuYWx5dGljcy9hY2NvdW50cy9vbmVzZGs3NTg5P2FwaS12ZXJzaW9uPTIwMTYtMTEtMDE=",
      "RequestMethod": "DELETE",
      "RequestBody": "",
      "RequestHeaders": {
        "x-ms-client-request-id": [
          "753fac7e-3728-4132-b6ee-7824aa839512"
        ],
        "accept-language": [
          "en-US"
        ],
        "User-Agent": [
          "Microsoft.Azure.Management.DataLake.Analytics.DataLakeAnalyticsAccountManagementClient/0.12.6-preview"
        ]
      },
      "ResponseBody": "",
      "ResponseHeaders": {
        "Content-Length": [
          "0"
        ],
        "Expires": [
          "-1"
        ],
        "Pragma": [
          "no-cache"
        ],
        "Retry-After": [
          "10"
        ],
        "Azure-AsyncOperation": [
          "https://management.azure.com/subscriptions/53d9063d-87ae-4ea8-be90-3686c3b8669f/providers/Microsoft.DataLakeAnalytics/locations/EastUS2/operationResults/63309e0c-7bbc-4fc7-9d1b-92e33fb147361?api-version=2016-11-01&expanded=true"
        ],
        "x-ms-request-id": [
          "e18ff4a3-b1f8-4dc9-9e38-979df636fe7e"
        ],
        "x-ms-ratelimit-remaining-subscription-writes": [
          "1199"
        ],
        "x-ms-correlation-request-id": [
          "45f611ca-7a01-419a-add6-1ba554104251"
        ],
        "x-ms-routing-request-id": [
          "CENTRALUS:20161027T025237Z:45f611ca-7a01-419a-add6-1ba554104251"
        ],
        "Strict-Transport-Security": [
          "max-age=31536000; includeSubDomains"
        ],
        "Connection": [
          "close"
        ],
        "Cache-Control": [
          "no-cache"
        ],
        "Date": [
          "Thu, 27 Oct 2016 02:52:37 GMT"
        ],
        "Location": [
          "https://management.azure.com/subscriptions/53d9063d-87ae-4ea8-be90-3686c3b8669f/resourcegroups/onesdk4184/providers/Microsoft.DataLakeAnalytics/accounts/onesdk7589/operationresults/1?api-version=2016-11-01"
        ],
        "Server": [
          "Microsoft-IIS/8.5"
        ],
        "X-AspNet-Version": [
          "4.0.30319"
        ],
        "X-Powered-By": [
          "ASP.NET"
        ]
      },
      "StatusCode": 202
    },
    {
      "RequestUri": "/subscriptions/53d9063d-87ae-4ea8-be90-3686c3b8669f/providers/Microsoft.DataLakeAnalytics/locations/EastUS2/operationResults/63309e0c-7bbc-4fc7-9d1b-92e33fb147361?api-version=2016-11-01&expanded=true",
      "EncodedRequestUri": "L3N1YnNjcmlwdGlvbnMvNTNkOTA2M2QtODdhZS00ZWE4LWJlOTAtMzY4NmMzYjg2NjlmL3Byb3ZpZGVycy9NaWNyb3NvZnQuRGF0YUxha2VBbmFseXRpY3MvbG9jYXRpb25zL0Vhc3RVUzIvb3BlcmF0aW9uUmVzdWx0cy82MzMwOWUwYy03YmJjLTRmYzctOWQxYi05MmUzM2ZiMTQ3MzYxP2FwaS12ZXJzaW9uPTIwMTYtMTEtMDEmZXhwYW5kZWQ9dHJ1ZQ==",
      "RequestMethod": "GET",
      "RequestBody": "",
      "RequestHeaders": {
        "User-Agent": [
          "Microsoft.Azure.Management.DataLake.Analytics.DataLakeAnalyticsAccountManagementClient/0.12.6-preview"
        ]
      },
      "ResponseBody": "{\r\n  \"status\": \"Succeeded\"\r\n}",
      "ResponseHeaders": {
        "Content-Length": [
          "22"
        ],
        "Content-Type": [
          "application/json"
        ],
        "Expires": [
          "-1"
        ],
        "Pragma": [
          "no-cache"
        ],
        "x-ms-request-id": [
          "f1cee073-cf42-49de-aa12-f87b0135c5a7"
        ],
        "X-Content-Type-Options": [
          "nosniff"
        ],
        "x-ms-ratelimit-remaining-subscription-reads": [
          "14999"
        ],
        "x-ms-correlation-request-id": [
          "5279212b-78ca-41ef-8341-841d1b5ba8d9"
        ],
        "x-ms-routing-request-id": [
          "CENTRALUS:20161027T025308Z:5279212b-78ca-41ef-8341-841d1b5ba8d9"
        ],
        "Strict-Transport-Security": [
          "max-age=31536000; includeSubDomains"
        ],
        "Connection": [
          "close"
        ],
        "Cache-Control": [
          "no-cache"
        ],
        "Date": [
          "Thu, 27 Oct 2016 02:53:08 GMT"
        ],
        "Server": [
          "Microsoft-IIS/8.5"
        ],
        "X-AspNet-Version": [
          "4.0.30319"
        ],
        "X-Powered-By": [
          "ASP.NET"
        ]
      },
      "StatusCode": 200
    },
    {
      "RequestUri": "/subscriptions/53d9063d-87ae-4ea8-be90-3686c3b8669f/resourceGroups/onesdk4184/providers/Microsoft.DataLakeStore/accounts/onesdk8943?api-version=2016-11-01",
      "EncodedRequestUri": "L3N1YnNjcmlwdGlvbnMvNTNkOTA2M2QtODdhZS00ZWE4LWJlOTAtMzY4NmMzYjg2NjlmL3Jlc291cmNlR3JvdXBzL29uZXNkazQxODQvcHJvdmlkZXJzL01pY3Jvc29mdC5EYXRhTGFrZVN0b3JlL2FjY291bnRzL29uZXNkazg5NDM/YXBpLXZlcnNpb249MjAxNi0xMS0wMQ==",
      "RequestMethod": "DELETE",
      "RequestBody": "",
      "RequestHeaders": {
        "x-ms-client-request-id": [
          "4e164ad1-5ef9-4f14-8407-9cbb8448a32a"
        ],
        "accept-language": [
          "en-US"
        ],
        "User-Agent": [
          "Microsoft.Azure.Management.DataLake.Store.DataLakeStoreAccountManagementClient/0.12.8-preview"
        ]
      },
      "ResponseBody": "",
      "ResponseHeaders": {
        "Content-Length": [
          "0"
        ],
        "Expires": [
          "-1"
        ],
        "Pragma": [
          "no-cache"
        ],
        "x-ms-request-id": [
          "4c938fdd-2060-4840-b649-7e8abe04fede"
        ],
        "x-ms-ratelimit-remaining-subscription-writes": [
          "1199"
        ],
        "x-ms-correlation-request-id": [
          "b8296428-e735-4ed1-9721-dbad6914344e"
        ],
        "x-ms-routing-request-id": [
          "CENTRALUS:20161027T025311Z:b8296428-e735-4ed1-9721-dbad6914344e"
        ],
        "Strict-Transport-Security": [
          "max-age=31536000; includeSubDomains"
        ],
        "Connection": [
          "close"
        ],
        "Cache-Control": [
          "no-cache"
        ],
        "Date": [
          "Thu, 27 Oct 2016 02:53:10 GMT"
        ],
        "Server": [
          "Microsoft-IIS/8.5"
        ],
        "X-AspNet-Version": [
          "4.0.30319"
        ],
        "X-Powered-By": [
          "ASP.NET"
        ]
      },
      "StatusCode": 200
    },
    {
      "RequestUri": "/subscriptions/53d9063d-87ae-4ea8-be90-3686c3b8669f/resourcegroups/onesdk4184?api-version=2016-02-01",
      "EncodedRequestUri": "L3N1YnNjcmlwdGlvbnMvNTNkOTA2M2QtODdhZS00ZWE4LWJlOTAtMzY4NmMzYjg2NjlmL3Jlc291cmNlZ3JvdXBzL29uZXNkazQxODQ/YXBpLXZlcnNpb249MjAxNi0wMi0wMQ==",
      "RequestMethod": "DELETE",
      "RequestBody": "",
      "RequestHeaders": {
        "User-Agent": [
          "Microsoft.Azure.Management.Resources.ResourceManagementClient/2.0.0.0"
        ]
      },
      "ResponseBody": "",
      "ResponseHeaders": {
        "Content-Length": [
          "0"
        ],
        "Expires": [
          "-1"
        ],
        "Pragma": [
          "no-cache"
        ],
        "Retry-After": [
          "15"
        ],
        "x-ms-ratelimit-remaining-subscription-writes": [
          "1199"
        ],
        "x-ms-request-id": [
          "9dba5774-c119-4a9c-b5e9-6baf2b5a8748"
        ],
        "x-ms-correlation-request-id": [
          "9dba5774-c119-4a9c-b5e9-6baf2b5a8748"
        ],
        "x-ms-routing-request-id": [
          "CENTRALUS:20161027T025312Z:9dba5774-c119-4a9c-b5e9-6baf2b5a8748"
        ],
        "Strict-Transport-Security": [
          "max-age=31536000; includeSubDomains"
        ],
        "Cache-Control": [
          "no-cache"
        ],
        "Date": [
          "Thu, 27 Oct 2016 02:53:12 GMT"
        ],
        "Location": [
          "https://management.azure.com/subscriptions/53d9063d-87ae-4ea8-be90-3686c3b8669f/operationresults/eyJqb2JJZCI6IlJFU09VUkNFR1JPVVBERUxFVElPTkpPQi1PTkVTREs0MTg0LUVBU1RVUzIiLCJqb2JMb2NhdGlvbiI6ImVhc3R1czIifQ?api-version=2016-02-01"
        ]
      },
      "StatusCode": 202
    },
    {
      "RequestUri": "/subscriptions/53d9063d-87ae-4ea8-be90-3686c3b8669f/operationresults/eyJqb2JJZCI6IlJFU09VUkNFR1JPVVBERUxFVElPTkpPQi1PTkVTREs0MTg0LUVBU1RVUzIiLCJqb2JMb2NhdGlvbiI6ImVhc3R1czIifQ?api-version=2016-02-01",
      "EncodedRequestUri": "L3N1YnNjcmlwdGlvbnMvNTNkOTA2M2QtODdhZS00ZWE4LWJlOTAtMzY4NmMzYjg2NjlmL29wZXJhdGlvbnJlc3VsdHMvZXlKcWIySkpaQ0k2SWxKRlUwOVZVa05GUjFKUFZWQkVSVXhGVkVsUFRrcFBRaTFQVGtWVFJFczBNVGcwTFVWQlUxUlZVeklpTENKcWIySk1iMk5oZEdsdmJpSTZJbVZoYzNSMWN6SWlmUT9hcGktdmVyc2lvbj0yMDE2LTAyLTAx",
      "RequestMethod": "GET",
      "RequestBody": "",
      "RequestHeaders": {
        "x-ms-version": [
          "2016-02-01"
        ],
        "User-Agent": [
          "Microsoft.Azure.Management.Resources.ResourceManagementClient/2.0.0.0"
        ]
      },
      "ResponseBody": "",
      "ResponseHeaders": {
        "Content-Length": [
          "0"
        ],
        "Expires": [
          "-1"
        ],
        "Pragma": [
          "no-cache"
        ],
        "Retry-After": [
          "15"
        ],
        "x-ms-ratelimit-remaining-subscription-reads": [
          "14999"
        ],
        "x-ms-request-id": [
          "910e7040-4246-4b06-99ad-0ea1dce342b5"
        ],
        "x-ms-correlation-request-id": [
          "910e7040-4246-4b06-99ad-0ea1dce342b5"
        ],
        "x-ms-routing-request-id": [
          "CENTRALUS:20161027T025312Z:910e7040-4246-4b06-99ad-0ea1dce342b5"
        ],
        "Strict-Transport-Security": [
          "max-age=31536000; includeSubDomains"
        ],
        "Cache-Control": [
          "no-cache"
        ],
        "Date": [
          "Thu, 27 Oct 2016 02:53:12 GMT"
        ],
        "Location": [
          "https://management.azure.com/subscriptions/53d9063d-87ae-4ea8-be90-3686c3b8669f/operationresults/eyJqb2JJZCI6IlJFU09VUkNFR1JPVVBERUxFVElPTkpPQi1PTkVTREs0MTg0LUVBU1RVUzIiLCJqb2JMb2NhdGlvbiI6ImVhc3R1czIifQ?api-version=2016-02-01"
        ]
      },
      "StatusCode": 202
    },
    {
      "RequestUri": "/subscriptions/53d9063d-87ae-4ea8-be90-3686c3b8669f/operationresults/eyJqb2JJZCI6IlJFU09VUkNFR1JPVVBERUxFVElPTkpPQi1PTkVTREs0MTg0LUVBU1RVUzIiLCJqb2JMb2NhdGlvbiI6ImVhc3R1czIifQ?api-version=2016-02-01",
      "EncodedRequestUri": "L3N1YnNjcmlwdGlvbnMvNTNkOTA2M2QtODdhZS00ZWE4LWJlOTAtMzY4NmMzYjg2NjlmL29wZXJhdGlvbnJlc3VsdHMvZXlKcWIySkpaQ0k2SWxKRlUwOVZVa05GUjFKUFZWQkVSVXhGVkVsUFRrcFBRaTFQVGtWVFJFczBNVGcwTFVWQlUxUlZVeklpTENKcWIySk1iMk5oZEdsdmJpSTZJbVZoYzNSMWN6SWlmUT9hcGktdmVyc2lvbj0yMDE2LTAyLTAx",
      "RequestMethod": "GET",
      "RequestBody": "",
      "RequestHeaders": {
        "x-ms-version": [
          "2016-02-01"
        ],
        "User-Agent": [
          "Microsoft.Azure.Management.Resources.ResourceManagementClient/2.0.0.0"
        ]
      },
      "ResponseBody": "",
      "ResponseHeaders": {
        "Content-Length": [
          "0"
        ],
        "Expires": [
          "-1"
        ],
        "Pragma": [
          "no-cache"
        ],
        "Retry-After": [
          "15"
        ],
        "x-ms-ratelimit-remaining-subscription-reads": [
          "14998"
        ],
        "x-ms-request-id": [
          "81fa9d5e-db3f-4e38-8023-89239ce5f841"
        ],
        "x-ms-correlation-request-id": [
          "81fa9d5e-db3f-4e38-8023-89239ce5f841"
        ],
        "x-ms-routing-request-id": [
          "CENTRALUS:20161027T025327Z:81fa9d5e-db3f-4e38-8023-89239ce5f841"
        ],
        "Strict-Transport-Security": [
          "max-age=31536000; includeSubDomains"
        ],
        "Cache-Control": [
          "no-cache"
        ],
        "Date": [
          "Thu, 27 Oct 2016 02:53:27 GMT"
        ],
        "Location": [
          "https://management.azure.com/subscriptions/53d9063d-87ae-4ea8-be90-3686c3b8669f/operationresults/eyJqb2JJZCI6IlJFU09VUkNFR1JPVVBERUxFVElPTkpPQi1PTkVTREs0MTg0LUVBU1RVUzIiLCJqb2JMb2NhdGlvbiI6ImVhc3R1czIifQ?api-version=2016-02-01"
        ]
      },
      "StatusCode": 202
    },
    {
      "RequestUri": "/subscriptions/53d9063d-87ae-4ea8-be90-3686c3b8669f/operationresults/eyJqb2JJZCI6IlJFU09VUkNFR1JPVVBERUxFVElPTkpPQi1PTkVTREs0MTg0LUVBU1RVUzIiLCJqb2JMb2NhdGlvbiI6ImVhc3R1czIifQ?api-version=2016-02-01",
      "EncodedRequestUri": "L3N1YnNjcmlwdGlvbnMvNTNkOTA2M2QtODdhZS00ZWE4LWJlOTAtMzY4NmMzYjg2NjlmL29wZXJhdGlvbnJlc3VsdHMvZXlKcWIySkpaQ0k2SWxKRlUwOVZVa05GUjFKUFZWQkVSVXhGVkVsUFRrcFBRaTFQVGtWVFJFczBNVGcwTFVWQlUxUlZVeklpTENKcWIySk1iMk5oZEdsdmJpSTZJbVZoYzNSMWN6SWlmUT9hcGktdmVyc2lvbj0yMDE2LTAyLTAx",
      "RequestMethod": "GET",
      "RequestBody": "",
      "RequestHeaders": {
        "x-ms-version": [
          "2016-02-01"
        ],
        "User-Agent": [
          "Microsoft.Azure.Management.Resources.ResourceManagementClient/2.0.0.0"
        ]
      },
      "ResponseBody": "",
      "ResponseHeaders": {
        "Content-Length": [
          "0"
        ],
        "Expires": [
          "-1"
        ],
        "Pragma": [
          "no-cache"
        ],
        "Retry-After": [
          "15"
        ],
        "x-ms-ratelimit-remaining-subscription-reads": [
          "14997"
        ],
        "x-ms-request-id": [
          "5a458c96-37dd-4038-907f-65da23d22f9c"
        ],
        "x-ms-correlation-request-id": [
          "5a458c96-37dd-4038-907f-65da23d22f9c"
        ],
        "x-ms-routing-request-id": [
          "CENTRALUS:20161027T025342Z:5a458c96-37dd-4038-907f-65da23d22f9c"
        ],
        "Strict-Transport-Security": [
          "max-age=31536000; includeSubDomains"
        ],
        "Cache-Control": [
          "no-cache"
        ],
        "Date": [
          "Thu, 27 Oct 2016 02:53:42 GMT"
        ],
        "Location": [
          "https://management.azure.com/subscriptions/53d9063d-87ae-4ea8-be90-3686c3b8669f/operationresults/eyJqb2JJZCI6IlJFU09VUkNFR1JPVVBERUxFVElPTkpPQi1PTkVTREs0MTg0LUVBU1RVUzIiLCJqb2JMb2NhdGlvbiI6ImVhc3R1czIifQ?api-version=2016-02-01"
        ]
      },
      "StatusCode": 202
    },
    {
      "RequestUri": "/subscriptions/53d9063d-87ae-4ea8-be90-3686c3b8669f/operationresults/eyJqb2JJZCI6IlJFU09VUkNFR1JPVVBERUxFVElPTkpPQi1PTkVTREs0MTg0LUVBU1RVUzIiLCJqb2JMb2NhdGlvbiI6ImVhc3R1czIifQ?api-version=2016-02-01",
      "EncodedRequestUri": "L3N1YnNjcmlwdGlvbnMvNTNkOTA2M2QtODdhZS00ZWE4LWJlOTAtMzY4NmMzYjg2NjlmL29wZXJhdGlvbnJlc3VsdHMvZXlKcWIySkpaQ0k2SWxKRlUwOVZVa05GUjFKUFZWQkVSVXhGVkVsUFRrcFBRaTFQVGtWVFJFczBNVGcwTFVWQlUxUlZVeklpTENKcWIySk1iMk5oZEdsdmJpSTZJbVZoYzNSMWN6SWlmUT9hcGktdmVyc2lvbj0yMDE2LTAyLTAx",
      "RequestMethod": "GET",
      "RequestBody": "",
      "RequestHeaders": {
        "x-ms-version": [
          "2016-02-01"
        ],
        "User-Agent": [
          "Microsoft.Azure.Management.Resources.ResourceManagementClient/2.0.0.0"
        ]
      },
      "ResponseBody": "",
      "ResponseHeaders": {
        "Content-Length": [
          "0"
        ],
        "Expires": [
          "-1"
        ],
        "Pragma": [
          "no-cache"
        ],
        "x-ms-ratelimit-remaining-subscription-reads": [
          "14996"
        ],
        "x-ms-request-id": [
          "4a5ac262-6175-4392-838d-678db5c4d9b6"
        ],
        "x-ms-correlation-request-id": [
          "4a5ac262-6175-4392-838d-678db5c4d9b6"
        ],
        "x-ms-routing-request-id": [
          "CENTRALUS:20161027T025358Z:4a5ac262-6175-4392-838d-678db5c4d9b6"
        ],
        "Strict-Transport-Security": [
          "max-age=31536000; includeSubDomains"
        ],
        "Cache-Control": [
          "no-cache"
        ],
        "Date": [
          "Thu, 27 Oct 2016 02:53:57 GMT"
        ]
      },
      "StatusCode": 200
    }
  ],
  "Names": {
    "": [
      "onesdk4184",
      "onesdk7589",
      "onesdk8943"
    ],
    "jobTest02": [
      "ee63d1b6-5f59-4a60-93a6-ce06a690f40b"
    ]
  },
  "Variables": {
    "SubscriptionId": "53d9063d-87ae-4ea8-be90-3686c3b8669f"
  }
}