{
  "Entries": [
    {
      "RequestUri": "/subscriptions/aeb5b02a-0f18-45a4-86d6-81808115cacf/resourcegroups/ps7258?api-version=2016-09-01",
      "EncodedRequestUri": "L3N1YnNjcmlwdGlvbnMvYWViNWIwMmEtMGYxOC00NWE0LTg2ZDYtODE4MDgxMTVjYWNmL3Jlc291cmNlZ3JvdXBzL3BzNzI1OD9hcGktdmVyc2lvbj0yMDE2LTA5LTAx",
      "RequestMethod": "PUT",
      "RequestHeaders": {
        "x-ms-client-request-id": [
          "3c5a37bf-5005-4153-adb6-02847b34934a"
        ],
        "Accept-Language": [
          "en-US"
        ],
        "User-Agent": [
          "FxVersion/4.700.22.36202",
          "OSName/Windows",
          "OSVersion/Microsoft.Windows.10.0.19044",
          "Microsoft.Azure.Management.Internal.Resources.ResourceManagementClient/1.3.59"
        ],
        "Content-Type": [
          "application/json; charset=utf-8"
        ],
        "Content-Length": [
          "78"
        ]
      },
      "RequestBody": "{\r\n  \"location\": \"eastus2euap\",\r\n  \"tags\": {\r\n    \"testtag\": \"testval\"\r\n  }\r\n}",
      "ResponseHeaders": {
        "Cache-Control": [
          "no-cache"
        ],
        "Pragma": [
          "no-cache"
        ],
        "x-ms-ratelimit-remaining-subscription-writes": [
          "1199"
        ],
        "x-ms-request-id": [
          "7bfe0f97-453f-4a0c-9afa-34741ece74aa"
        ],
        "x-ms-correlation-request-id": [
          "7bfe0f97-453f-4a0c-9afa-34741ece74aa"
        ],
        "x-ms-routing-request-id": [
          "SOUTHCENTRALUS:20220824T225538Z:7bfe0f97-453f-4a0c-9afa-34741ece74aa"
        ],
        "Strict-Transport-Security": [
          "max-age=31536000; includeSubDomains"
        ],
        "X-Content-Type-Options": [
          "nosniff"
        ],
        "Date": [
          "Wed, 24 Aug 2022 22:55:38 GMT"
        ],
        "Content-Length": [
          "381"
        ],
        "Content-Type": [
          "application/json; charset=utf-8"
        ],
        "Expires": [
          "-1"
        ]
      },
      "ResponseBody": "{\r\n  \"id\": \"/subscriptions/aeb5b02a-0f18-45a4-86d6-81808115cacf/resourceGroups/ps7258\",\r\n  \"name\": \"ps7258\",\r\n  \"location\": \"eastus2euap\",\r\n  \"tags\": {\r\n    \"testtag\": \"testval\",\r\n    \"AdminEmail\": \"cnfwoncall@microsoft.com\",\r\n    \"AlertDaysBeforeDeletion\": \"5\",\r\n    \"Created\": \"2022-08-24T22:55:38.1170319Z\",\r\n    \"CreationDate\": \"2022-08-24T22:55:38.1170211Z\",\r\n    \"DaysUntilDeletion\": \"20\"\r\n  },\r\n  \"properties\": {\r\n    \"provisioningState\": \"Succeeded\"\r\n  }\r\n}",
      "StatusCode": 201
    },
    {
      "RequestUri": "/subscriptions/aeb5b02a-0f18-45a4-86d6-81808115cacf/resourceGroups/ps7258/providers/Microsoft.Network/azureFirewalls/ps3837?api-version=2022-01-01",
      "EncodedRequestUri": "L3N1YnNjcmlwdGlvbnMvYWViNWIwMmEtMGYxOC00NWE0LTg2ZDYtODE4MDgxMTVjYWNmL3Jlc291cmNlR3JvdXBzL3BzNzI1OC9wcm92aWRlcnMvTWljcm9zb2Z0Lk5ldHdvcmsvYXp1cmVGaXJld2FsbHMvcHMzODM3P2FwaS12ZXJzaW9uPTIwMjItMDEtMDE=",
      "RequestMethod": "GET",
      "RequestHeaders": {
        "x-ms-client-request-id": [
          "5b74cc8f-fa6b-42ae-8e05-88c94367fc91"
        ],
        "Accept-Language": [
          "en-US"
        ],
        "User-Agent": [
          "FxVersion/4.700.22.36202",
          "OSName/Windows",
          "OSVersion/Microsoft.Windows.10.0.19044",
          "Microsoft.Azure.Management.Network.NetworkManagementClient/23.0.0.0"
        ]
      },
      "RequestBody": "",
      "ResponseHeaders": {
        "Cache-Control": [
          "no-cache"
        ],
        "Pragma": [
          "no-cache"
        ],
        "x-ms-failure-cause": [
          "gateway"
        ],
        "x-ms-request-id": [
          "7486ff94-5155-44d3-a157-53c2ead87ff0"
        ],
        "x-ms-correlation-request-id": [
          "7486ff94-5155-44d3-a157-53c2ead87ff0"
        ],
        "x-ms-routing-request-id": [
          "SOUTHCENTRALUS:20220824T225539Z:7486ff94-5155-44d3-a157-53c2ead87ff0"
        ],
        "Strict-Transport-Security": [
          "max-age=31536000; includeSubDomains"
        ],
        "X-Content-Type-Options": [
          "nosniff"
        ],
        "Date": [
          "Wed, 24 Aug 2022 22:55:39 GMT"
        ],
        "Content-Type": [
          "application/json; charset=utf-8"
        ],
        "Expires": [
          "-1"
        ],
        "Content-Length": [
          "217"
        ]
      },
      "ResponseBody": "{\r\n  \"error\": {\r\n    \"code\": \"ResourceNotFound\",\r\n    \"message\": \"The Resource 'Microsoft.Network/azureFirewalls/ps3837' under resource group 'ps7258' was not found. For more details please go to https://aka.ms/ARMResourceNotFoundFix\"\r\n  }\r\n}",
      "StatusCode": 404
    },
    {
      "RequestUri": "/subscriptions/aeb5b02a-0f18-45a4-86d6-81808115cacf/resourceGroups/ps7258/providers/Microsoft.Network/azureFirewalls/ps3837?api-version=2022-01-01",
      "EncodedRequestUri": "L3N1YnNjcmlwdGlvbnMvYWViNWIwMmEtMGYxOC00NWE0LTg2ZDYtODE4MDgxMTVjYWNmL3Jlc291cmNlR3JvdXBzL3BzNzI1OC9wcm92aWRlcnMvTWljcm9zb2Z0Lk5ldHdvcmsvYXp1cmVGaXJld2FsbHMvcHMzODM3P2FwaS12ZXJzaW9uPTIwMjItMDEtMDE=",
      "RequestMethod": "GET",
      "RequestHeaders": {
        "x-ms-client-request-id": [
          "5b74cc8f-fa6b-42ae-8e05-88c94367fc91"
        ],
        "User-Agent": [
          "FxVersion/4.700.22.36202",
          "OSName/Windows",
          "OSVersion/Microsoft.Windows.10.0.19044",
          "Microsoft.Azure.Management.Network.NetworkManagementClient/23.0.0.0"
        ]
      },
      "RequestBody": "",
      "ResponseHeaders": {
        "Cache-Control": [
          "no-cache"
        ],
        "Pragma": [
          "no-cache"
        ],
        "ETag": [
          "W/\"090a68a2-7023-4a5f-a2f5-b6a3f3edbbb0\""
        ],
        "x-ms-request-id": [
          "5dcbaf6a-3ea3-41b2-a009-18bf033daf04"
        ],
        "x-ms-correlation-request-id": [
          "49e7238c-e853-428d-bd2c-bb3e7109afc7"
        ],
        "x-ms-arm-service-request-id": [
          "7693854d-7aa8-487a-9d2f-c452394a6959"
        ],
        "Strict-Transport-Security": [
          "max-age=31536000; includeSubDomains"
        ],
        "Server": [
          "Microsoft-HTTPAPI/2.0",
          "Microsoft-HTTPAPI/2.0"
        ],
        "x-ms-ratelimit-remaining-subscription-reads": [
          "11997"
        ],
        "x-ms-routing-request-id": [
          "SOUTHCENTRALUS:20220824T225555Z:49e7238c-e853-428d-bd2c-bb3e7109afc7"
        ],
        "X-Content-Type-Options": [
          "nosniff"
        ],
        "Date": [
          "Wed, 24 Aug 2022 22:55:55 GMT"
        ],
        "Content-Length": [
          "575"
        ],
        "Content-Type": [
          "application/json; charset=utf-8"
        ],
        "Expires": [
          "-1"
        ]
      },
      "ResponseBody": "{\r\n  \"name\": \"ps3837\",\r\n  \"id\": \"/subscriptions/aeb5b02a-0f18-45a4-86d6-81808115cacf/resourceGroups/ps7258/providers/Microsoft.Network/azureFirewalls/ps3837\",\r\n  \"etag\": \"W/\\\"090a68a2-7023-4a5f-a2f5-b6a3f3edbbb0\\\"\",\r\n  \"type\": \"Microsoft.Network/azureFirewalls\",\r\n  \"location\": \"eastus2euap\",\r\n  \"properties\": {\r\n    \"provisioningState\": \"Succeeded\",\r\n    \"sku\": {\r\n      \"name\": \"AZFW_Hub\",\r\n      \"tier\": \"Standard\"\r\n    },\r\n    \"additionalProperties\": {},\r\n    \"hubIPAddresses\": {\r\n      \"publicIPs\": {\r\n        \"addresses\": [],\r\n        \"count\": 2\r\n      }\r\n    }\r\n  }\r\n}",
      "StatusCode": 200
    },
    {
      "RequestUri": "/subscriptions/aeb5b02a-0f18-45a4-86d6-81808115cacf/resourceGroups/ps7258/providers/Microsoft.Network/azureFirewalls/ps3837?api-version=2022-01-01",
      "EncodedRequestUri": "L3N1YnNjcmlwdGlvbnMvYWViNWIwMmEtMGYxOC00NWE0LTg2ZDYtODE4MDgxMTVjYWNmL3Jlc291cmNlR3JvdXBzL3BzNzI1OC9wcm92aWRlcnMvTWljcm9zb2Z0Lk5ldHdvcmsvYXp1cmVGaXJld2FsbHMvcHMzODM3P2FwaS12ZXJzaW9uPTIwMjItMDEtMDE=",
      "RequestMethod": "GET",
      "RequestHeaders": {
        "x-ms-client-request-id": [
          "5b74cc8f-fa6b-42ae-8e05-88c94367fc91"
        ],
        "Accept-Language": [
          "en-US"
        ],
        "User-Agent": [
          "FxVersion/4.700.22.36202",
          "OSName/Windows",
          "OSVersion/Microsoft.Windows.10.0.19044",
          "Microsoft.Azure.Management.Network.NetworkManagementClient/23.0.0.0"
        ]
      },
      "RequestBody": "",
      "ResponseHeaders": {
        "Cache-Control": [
          "no-cache"
        ],
        "Pragma": [
          "no-cache"
        ],
        "ETag": [
          "W/\"090a68a2-7023-4a5f-a2f5-b6a3f3edbbb0\""
        ],
        "x-ms-request-id": [
          "1b594361-0267-496e-9170-83fdf93ac028"
        ],
        "x-ms-correlation-request-id": [
          "8f67fc37-679c-4fec-b9f9-8f5a23c42ea9"
        ],
        "x-ms-arm-service-request-id": [
          "7b6f7c27-accc-417a-aed0-113134c3a63e"
        ],
        "Strict-Transport-Security": [
          "max-age=31536000; includeSubDomains"
        ],
        "Server": [
          "Microsoft-HTTPAPI/2.0",
          "Microsoft-HTTPAPI/2.0"
        ],
        "x-ms-ratelimit-remaining-subscription-reads": [
          "11996"
        ],
        "x-ms-routing-request-id": [
          "SOUTHCENTRALUS:20220824T225555Z:8f67fc37-679c-4fec-b9f9-8f5a23c42ea9"
        ],
        "X-Content-Type-Options": [
          "nosniff"
        ],
        "Date": [
          "Wed, 24 Aug 2022 22:55:55 GMT"
        ],
        "Content-Length": [
          "575"
        ],
        "Content-Type": [
          "application/json; charset=utf-8"
        ],
        "Expires": [
          "-1"
        ]
      },
      "ResponseBody": "{\r\n  \"name\": \"ps3837\",\r\n  \"id\": \"/subscriptions/aeb5b02a-0f18-45a4-86d6-81808115cacf/resourceGroups/ps7258/providers/Microsoft.Network/azureFirewalls/ps3837\",\r\n  \"etag\": \"W/\\\"090a68a2-7023-4a5f-a2f5-b6a3f3edbbb0\\\"\",\r\n  \"type\": \"Microsoft.Network/azureFirewalls\",\r\n  \"location\": \"eastus2euap\",\r\n  \"properties\": {\r\n    \"provisioningState\": \"Succeeded\",\r\n    \"sku\": {\r\n      \"name\": \"AZFW_Hub\",\r\n      \"tier\": \"Standard\"\r\n    },\r\n    \"additionalProperties\": {},\r\n    \"hubIPAddresses\": {\r\n      \"publicIPs\": {\r\n        \"addresses\": [],\r\n        \"count\": 2\r\n      }\r\n    }\r\n  }\r\n}",
      "StatusCode": 200
    },
    {
      "RequestUri": "/subscriptions/aeb5b02a-0f18-45a4-86d6-81808115cacf/resourceGroups/ps7258/providers/Microsoft.Network/azureFirewalls/ps3837?api-version=2022-01-01",
      "EncodedRequestUri": "L3N1YnNjcmlwdGlvbnMvYWViNWIwMmEtMGYxOC00NWE0LTg2ZDYtODE4MDgxMTVjYWNmL3Jlc291cmNlR3JvdXBzL3BzNzI1OC9wcm92aWRlcnMvTWljcm9zb2Z0Lk5ldHdvcmsvYXp1cmVGaXJld2FsbHMvcHMzODM3P2FwaS12ZXJzaW9uPTIwMjItMDEtMDE=",
      "RequestMethod": "GET",
      "RequestHeaders": {
        "x-ms-client-request-id": [
          "09065166-8496-4e3a-bca5-a82a083b3078"
        ],
        "Accept-Language": [
          "en-US"
        ],
        "User-Agent": [
          "FxVersion/4.700.22.36202",
          "OSName/Windows",
          "OSVersion/Microsoft.Windows.10.0.19044",
          "Microsoft.Azure.Management.Network.NetworkManagementClient/23.0.0.0"
        ]
      },
      "RequestBody": "",
      "ResponseHeaders": {
        "Cache-Control": [
          "no-cache"
        ],
        "Pragma": [
          "no-cache"
        ],
        "ETag": [
          "W/\"090a68a2-7023-4a5f-a2f5-b6a3f3edbbb0\""
        ],
        "x-ms-request-id": [
          "249c6608-17eb-4791-b8ec-95a1d8c3ceda"
        ],
        "x-ms-correlation-request-id": [
          "3fbe14cb-990b-4fbe-8114-b4dfec30807c"
        ],
        "x-ms-arm-service-request-id": [
          "4ef5e161-1aa5-4a6b-8c63-5e13d5ee8a37"
        ],
        "Strict-Transport-Security": [
          "max-age=31536000; includeSubDomains"
        ],
        "Server": [
          "Microsoft-HTTPAPI/2.0",
          "Microsoft-HTTPAPI/2.0"
        ],
        "x-ms-ratelimit-remaining-subscription-reads": [
          "11999"
        ],
        "x-ms-routing-request-id": [
          "SOUTHCENTRALUS:20220824T225556Z:3fbe14cb-990b-4fbe-8114-b4dfec30807c"
        ],
        "X-Content-Type-Options": [
          "nosniff"
        ],
        "Date": [
          "Wed, 24 Aug 2022 22:55:56 GMT"
        ],
        "Content-Length": [
          "575"
        ],
        "Content-Type": [
          "application/json; charset=utf-8"
        ],
        "Expires": [
          "-1"
        ]
      },
      "ResponseBody": "{\r\n  \"name\": \"ps3837\",\r\n  \"id\": \"/subscriptions/aeb5b02a-0f18-45a4-86d6-81808115cacf/resourceGroups/ps7258/providers/Microsoft.Network/azureFirewalls/ps3837\",\r\n  \"etag\": \"W/\\\"090a68a2-7023-4a5f-a2f5-b6a3f3edbbb0\\\"\",\r\n  \"type\": \"Microsoft.Network/azureFirewalls\",\r\n  \"location\": \"eastus2euap\",\r\n  \"properties\": {\r\n    \"provisioningState\": \"Succeeded\",\r\n    \"sku\": {\r\n      \"name\": \"AZFW_Hub\",\r\n      \"tier\": \"Standard\"\r\n    },\r\n    \"additionalProperties\": {},\r\n    \"hubIPAddresses\": {\r\n      \"publicIPs\": {\r\n        \"addresses\": [],\r\n        \"count\": 2\r\n      }\r\n    }\r\n  }\r\n}",
      "StatusCode": 200
    },
    {
      "RequestUri": "/subscriptions/aeb5b02a-0f18-45a4-86d6-81808115cacf/resourceGroups/ps7258/providers/Microsoft.Network/azureFirewalls/ps3837?api-version=2022-01-01",
      "EncodedRequestUri": "L3N1YnNjcmlwdGlvbnMvYWViNWIwMmEtMGYxOC00NWE0LTg2ZDYtODE4MDgxMTVjYWNmL3Jlc291cmNlR3JvdXBzL3BzNzI1OC9wcm92aWRlcnMvTWljcm9zb2Z0Lk5ldHdvcmsvYXp1cmVGaXJld2FsbHMvcHMzODM3P2FwaS12ZXJzaW9uPTIwMjItMDEtMDE=",
      "RequestMethod": "PUT",
      "RequestHeaders": {
        "x-ms-client-request-id": [
          "5b74cc8f-fa6b-42ae-8e05-88c94367fc91"
        ],
        "Accept-Language": [
          "en-US"
        ],
        "User-Agent": [
          "FxVersion/4.700.22.36202",
          "OSName/Windows",
          "OSVersion/Microsoft.Windows.10.0.19044",
          "Microsoft.Azure.Management.Network.NetworkManagementClient/23.0.0.0"
        ],
        "Content-Type": [
          "application/json; charset=utf-8"
        ],
        "Content-Length": [
          "425"
        ]
      },
      "RequestBody": "{\r\n  \"properties\": {\r\n    \"applicationRuleCollections\": [],\r\n    \"natRuleCollections\": [],\r\n    \"networkRuleCollections\": [],\r\n    \"ipConfigurations\": [],\r\n    \"hubIPAddresses\": {\r\n      \"publicIPs\": {\r\n        \"addresses\": [],\r\n        \"count\": 2\r\n      }\r\n    },\r\n    \"sku\": {\r\n      \"name\": \"AZFW_Hub\",\r\n      \"tier\": \"Standard\"\r\n    },\r\n    \"additionalProperties\": {}\r\n  },\r\n  \"zones\": [],\r\n  \"location\": \"eastus2euap\"\r\n}",
      "ResponseHeaders": {
        "Cache-Control": [
          "no-cache"
        ],
        "Pragma": [
          "no-cache"
        ],
        "Retry-After": [
          "10"
        ],
        "x-ms-request-id": [
          "3c90d00b-8e43-48b6-9df6-b9503ee957cb"
        ],
        "Azure-AsyncOperation": [
          "https://management.azure.com/subscriptions/aeb5b02a-0f18-45a4-86d6-81808115cacf/providers/Microsoft.Network/locations/eastus2euap/operations/3c90d00b-8e43-48b6-9df6-b9503ee957cb?api-version=2022-01-01"
        ],
        "x-ms-correlation-request-id": [
          "4fff5849-061a-4502-b3bf-b97ef222da21"
        ],
        "Azure-AsyncNotification": [
          "Enabled"
        ],
        "x-ms-arm-service-request-id": [
          "34b9e069-0e83-4afb-80ba-369c183bd522"
        ],
        "Strict-Transport-Security": [
          "max-age=31536000; includeSubDomains"
        ],
        "Server": [
          "Microsoft-HTTPAPI/2.0",
          "Microsoft-HTTPAPI/2.0"
        ],
        "x-ms-ratelimit-remaining-subscription-writes": [
          "1199"
        ],
        "x-ms-routing-request-id": [
          "SOUTHCENTRALUS:20220824T225545Z:4fff5849-061a-4502-b3bf-b97ef222da21"
        ],
        "X-Content-Type-Options": [
          "nosniff"
        ],
        "Date": [
          "Wed, 24 Aug 2022 22:55:45 GMT"
        ],
        "Content-Length": [
          "574"
        ],
        "Content-Type": [
          "application/json; charset=utf-8"
        ],
        "Expires": [
          "-1"
        ]
      },
      "ResponseBody": "{\r\n  \"name\": \"ps3837\",\r\n  \"id\": \"/subscriptions/aeb5b02a-0f18-45a4-86d6-81808115cacf/resourceGroups/ps7258/providers/Microsoft.Network/azureFirewalls/ps3837\",\r\n  \"etag\": \"W/\\\"ad96b0db-3caa-433e-8ca0-fbdb804bcb37\\\"\",\r\n  \"type\": \"Microsoft.Network/azureFirewalls\",\r\n  \"location\": \"eastus2euap\",\r\n  \"properties\": {\r\n    \"provisioningState\": \"Updating\",\r\n    \"sku\": {\r\n      \"name\": \"AZFW_Hub\",\r\n      \"tier\": \"Standard\"\r\n    },\r\n    \"additionalProperties\": {},\r\n    \"hubIPAddresses\": {\r\n      \"publicIPs\": {\r\n        \"addresses\": [],\r\n        \"count\": 2\r\n      }\r\n    }\r\n  }\r\n}",
      "StatusCode": 201
    },
    {
      "RequestUri": "/subscriptions/aeb5b02a-0f18-45a4-86d6-81808115cacf/providers/Microsoft.Network/locations/eastus2euap/operations/3c90d00b-8e43-48b6-9df6-b9503ee957cb?api-version=2022-01-01",
      "EncodedRequestUri": "L3N1YnNjcmlwdGlvbnMvYWViNWIwMmEtMGYxOC00NWE0LTg2ZDYtODE4MDgxMTVjYWNmL3Byb3ZpZGVycy9NaWNyb3NvZnQuTmV0d29yay9sb2NhdGlvbnMvZWFzdHVzMmV1YXAvb3BlcmF0aW9ucy8zYzkwZDAwYi04ZTQzLTQ4YjYtOWRmNi1iOTUwM2VlOTU3Y2I/YXBpLXZlcnNpb249MjAyMi0wMS0wMQ==",
      "RequestMethod": "GET",
      "RequestHeaders": {
        "x-ms-client-request-id": [
          "5b74cc8f-fa6b-42ae-8e05-88c94367fc91"
        ],
        "User-Agent": [
          "FxVersion/4.700.22.36202",
          "OSName/Windows",
          "OSVersion/Microsoft.Windows.10.0.19044",
          "Microsoft.Azure.Management.Network.NetworkManagementClient/23.0.0.0"
        ]
      },
      "RequestBody": "",
      "ResponseHeaders": {
        "Cache-Control": [
          "no-cache"
        ],
        "Pragma": [
          "no-cache"
        ],
        "x-ms-request-id": [
          "058ef0e9-646b-429d-b1a9-e797d11ef05f"
        ],
        "x-ms-correlation-request-id": [
          "5188f0ca-a517-43fe-b38f-6397c6ba9a99"
        ],
        "x-ms-arm-service-request-id": [
          "64190df2-4002-459e-a56e-e2d1b75784d9"
        ],
        "Strict-Transport-Security": [
          "max-age=31536000; includeSubDomains"
        ],
        "Server": [
          "Microsoft-HTTPAPI/2.0",
          "Microsoft-HTTPAPI/2.0"
        ],
        "x-ms-ratelimit-remaining-subscription-reads": [
          "11998"
        ],
        "x-ms-routing-request-id": [
          "SOUTHCENTRALUS:20220824T225555Z:5188f0ca-a517-43fe-b38f-6397c6ba9a99"
        ],
        "X-Content-Type-Options": [
          "nosniff"
        ],
        "Date": [
          "Wed, 24 Aug 2022 22:55:55 GMT"
        ],
        "Content-Length": [
          "29"
        ],
        "Content-Type": [
          "application/json; charset=utf-8"
        ],
        "Expires": [
          "-1"
        ]
      },
      "ResponseBody": "{\r\n  \"status\": \"Succeeded\"\r\n}",
      "StatusCode": 200
    },
    {
      "RequestUri": "/subscriptions/aeb5b02a-0f18-45a4-86d6-81808115cacf/resourcegroups/ps7258?api-version=2016-09-01",
      "EncodedRequestUri": "L3N1YnNjcmlwdGlvbnMvYWViNWIwMmEtMGYxOC00NWE0LTg2ZDYtODE4MDgxMTVjYWNmL3Jlc291cmNlZ3JvdXBzL3BzNzI1OD9hcGktdmVyc2lvbj0yMDE2LTA5LTAx",
      "RequestMethod": "DELETE",
      "RequestHeaders": {
        "x-ms-client-request-id": [
          "7d5122f9-ca94-4257-9b69-ce4a024d19bf"
        ],
        "Accept-Language": [
          "en-US"
        ],
        "User-Agent": [
          "FxVersion/4.700.22.36202",
          "OSName/Windows",
          "OSVersion/Microsoft.Windows.10.0.19044",
          "Microsoft.Azure.Management.Internal.Resources.ResourceManagementClient/1.3.59"
        ]
      },
      "RequestBody": "",
      "ResponseHeaders": {
        "Cache-Control": [
          "no-cache"
        ],
        "Pragma": [
          "no-cache"
        ],
        "Location": [
          "https://management.azure.com/subscriptions/aeb5b02a-0f18-45a4-86d6-81808115cacf/operationresults/eyJqb2JJZCI6IlJFU09VUkNFR1JPVVBERUxFVElPTkpPQi1QUzcyNTgtRUFTVFVTMkVVQVAiLCJqb2JMb2NhdGlvbiI6ImVhc3R1czJldWFwIn0?api-version=2016-09-01"
        ],
        "Retry-After": [
          "15"
        ],
        "x-ms-ratelimit-remaining-subscription-deletes": [
          "14999"
        ],
        "x-ms-request-id": [
          "8c64b49b-749d-485e-913a-834101ebdb61"
        ],
        "x-ms-correlation-request-id": [
          "8c64b49b-749d-485e-913a-834101ebdb61"
        ],
        "x-ms-routing-request-id": [
          "SOUTHCENTRALUS:20220824T225559Z:8c64b49b-749d-485e-913a-834101ebdb61"
        ],
        "Strict-Transport-Security": [
          "max-age=31536000; includeSubDomains"
        ],
        "X-Content-Type-Options": [
          "nosniff"
        ],
        "Date": [
          "Wed, 24 Aug 2022 22:55:58 GMT"
        ],
        "Expires": [
          "-1"
        ],
        "Content-Length": [
          "0"
        ]
      },
      "ResponseBody": "",
      "StatusCode": 202
    },
    {
      "RequestUri": "/subscriptions/aeb5b02a-0f18-45a4-86d6-81808115cacf/operationresults/eyJqb2JJZCI6IlJFU09VUkNFR1JPVVBERUxFVElPTkpPQi1QUzcyNTgtRUFTVFVTMkVVQVAiLCJqb2JMb2NhdGlvbiI6ImVhc3R1czJldWFwIn0?api-version=2016-09-01",
      "EncodedRequestUri": "L3N1YnNjcmlwdGlvbnMvYWViNWIwMmEtMGYxOC00NWE0LTg2ZDYtODE4MDgxMTVjYWNmL29wZXJhdGlvbnJlc3VsdHMvZXlKcWIySkpaQ0k2SWxKRlUwOVZVa05GUjFKUFZWQkVSVXhGVkVsUFRrcFBRaTFRVXpjeU5UZ3RSVUZUVkZWVE1rVlZRVkFpTENKcWIySk1iMk5oZEdsdmJpSTZJbVZoYzNSMWN6SmxkV0Z3SW4wP2FwaS12ZXJzaW9uPTIwMTYtMDktMDE=",
      "RequestMethod": "GET",
      "RequestHeaders": {
        "User-Agent": [
          "FxVersion/4.700.22.36202",
          "OSName/Windows",
          "OSVersion/Microsoft.Windows.10.0.19044",
          "Microsoft.Azure.Management.Internal.Resources.ResourceManagementClient/1.3.59"
        ]
      },
      "RequestBody": "",
      "ResponseHeaders": {
        "Cache-Control": [
          "no-cache"
        ],
        "Pragma": [
          "no-cache"
        ],
        "Location": [
          "https://management.azure.com/subscriptions/aeb5b02a-0f18-45a4-86d6-81808115cacf/operationresults/eyJqb2JJZCI6IlJFU09VUkNFR1JPVVBERUxFVElPTkpPQi1QUzcyNTgtRUFTVFVTMkVVQVAiLCJqb2JMb2NhdGlvbiI6ImVhc3R1czJldWFwIn0?api-version=2016-09-01"
        ],
        "Retry-After": [
          "15"
        ],
        "x-ms-ratelimit-remaining-subscription-reads": [
          "11999"
        ],
        "x-ms-request-id": [
          "b4e1e7d0-a207-4942-a644-c6bba8e2eea0"
        ],
        "x-ms-correlation-request-id": [
          "b4e1e7d0-a207-4942-a644-c6bba8e2eea0"
        ],
        "x-ms-routing-request-id": [
          "SOUTHCENTRALUS:20220824T225614Z:b4e1e7d0-a207-4942-a644-c6bba8e2eea0"
        ],
        "Strict-Transport-Security": [
          "max-age=31536000; includeSubDomains"
        ],
        "X-Content-Type-Options": [
          "nosniff"
        ],
        "Date": [
          "Wed, 24 Aug 2022 22:56:13 GMT"
        ],
        "Expires": [
          "-1"
        ],
        "Content-Length": [
          "0"
        ]
      },
      "ResponseBody": "",
      "StatusCode": 202
    },
    {
      "RequestUri": "/subscriptions/aeb5b02a-0f18-45a4-86d6-81808115cacf/operationresults/eyJqb2JJZCI6IlJFU09VUkNFR1JPVVBERUxFVElPTkpPQi1QUzcyNTgtRUFTVFVTMkVVQVAiLCJqb2JMb2NhdGlvbiI6ImVhc3R1czJldWFwIn0?api-version=2016-09-01",
      "EncodedRequestUri": "L3N1YnNjcmlwdGlvbnMvYWViNWIwMmEtMGYxOC00NWE0LTg2ZDYtODE4MDgxMTVjYWNmL29wZXJhdGlvbnJlc3VsdHMvZXlKcWIySkpaQ0k2SWxKRlUwOVZVa05GUjFKUFZWQkVSVXhGVkVsUFRrcFBRaTFRVXpjeU5UZ3RSVUZUVkZWVE1rVlZRVkFpTENKcWIySk1iMk5oZEdsdmJpSTZJbVZoYzNSMWN6SmxkV0Z3SW4wP2FwaS12ZXJzaW9uPTIwMTYtMDktMDE=",
      "RequestMethod": "GET",
      "RequestHeaders": {
        "User-Agent": [
          "FxVersion/4.700.22.36202",
          "OSName/Windows",
          "OSVersion/Microsoft.Windows.10.0.19044",
          "Microsoft.Azure.Management.Internal.Resources.ResourceManagementClient/1.3.59"
        ]
      },
      "RequestBody": "",
      "ResponseHeaders": {
        "Cache-Control": [
          "no-cache"
        ],
        "Pragma": [
          "no-cache"
        ],
        "Location": [
          "https://management.azure.com/subscriptions/aeb5b02a-0f18-45a4-86d6-81808115cacf/operationresults/eyJqb2JJZCI6IlJFU09VUkNFR1JPVVBERUxFVElPTkpPQi1QUzcyNTgtRUFTVFVTMkVVQVAiLCJqb2JMb2NhdGlvbiI6ImVhc3R1czJldWFwIn0?api-version=2016-09-01"
        ],
        "Retry-After": [
          "15"
        ],
        "x-ms-ratelimit-remaining-subscription-reads": [
          "11998"
        ],
        "x-ms-request-id": [
          "2ea2affd-b96b-4060-9436-7572505cf25c"
        ],
        "x-ms-correlation-request-id": [
          "2ea2affd-b96b-4060-9436-7572505cf25c"
        ],
        "x-ms-routing-request-id": [
          "SOUTHCENTRALUS:20220824T225629Z:2ea2affd-b96b-4060-9436-7572505cf25c"
        ],
        "Strict-Transport-Security": [
          "max-age=31536000; includeSubDomains"
        ],
        "X-Content-Type-Options": [
          "nosniff"
        ],
        "Date": [
          "Wed, 24 Aug 2022 22:56:28 GMT"
        ],
        "Expires": [
          "-1"
        ],
        "Content-Length": [
          "0"
        ]
      },
      "ResponseBody": "",
      "StatusCode": 202
    },
    {
      "RequestUri": "/subscriptions/aeb5b02a-0f18-45a4-86d6-81808115cacf/operationresults/eyJqb2JJZCI6IlJFU09VUkNFR1JPVVBERUxFVElPTkpPQi1QUzcyNTgtRUFTVFVTMkVVQVAiLCJqb2JMb2NhdGlvbiI6ImVhc3R1czJldWFwIn0?api-version=2016-09-01",
      "EncodedRequestUri": "L3N1YnNjcmlwdGlvbnMvYWViNWIwMmEtMGYxOC00NWE0LTg2ZDYtODE4MDgxMTVjYWNmL29wZXJhdGlvbnJlc3VsdHMvZXlKcWIySkpaQ0k2SWxKRlUwOVZVa05GUjFKUFZWQkVSVXhGVkVsUFRrcFBRaTFRVXpjeU5UZ3RSVUZUVkZWVE1rVlZRVkFpTENKcWIySk1iMk5oZEdsdmJpSTZJbVZoYzNSMWN6SmxkV0Z3SW4wP2FwaS12ZXJzaW9uPTIwMTYtMDktMDE=",
      "RequestMethod": "GET",
      "RequestHeaders": {
        "User-Agent": [
          "FxVersion/4.700.22.36202",
          "OSName/Windows",
          "OSVersion/Microsoft.Windows.10.0.19044",
          "Microsoft.Azure.Management.Internal.Resources.ResourceManagementClient/1.3.59"
        ]
      },
      "RequestBody": "",
      "ResponseHeaders": {
        "Cache-Control": [
          "no-cache"
        ],
        "Pragma": [
          "no-cache"
        ],
        "Location": [
          "https://management.azure.com/subscriptions/aeb5b02a-0f18-45a4-86d6-81808115cacf/operationresults/eyJqb2JJZCI6IlJFU09VUkNFR1JPVVBERUxFVElPTkpPQi1QUzcyNTgtRUFTVFVTMkVVQVAiLCJqb2JMb2NhdGlvbiI6ImVhc3R1czJldWFwIn0?api-version=2016-09-01"
        ],
        "Retry-After": [
          "15"
        ],
        "x-ms-ratelimit-remaining-subscription-reads": [
          "11997"
        ],
        "x-ms-request-id": [
          "cfb4ed16-d755-4f04-ac96-d52b4fe1e909"
        ],
        "x-ms-correlation-request-id": [
          "cfb4ed16-d755-4f04-ac96-d52b4fe1e909"
        ],
        "x-ms-routing-request-id": [
          "SOUTHCENTRALUS:20220824T225644Z:cfb4ed16-d755-4f04-ac96-d52b4fe1e909"
        ],
        "Strict-Transport-Security": [
          "max-age=31536000; includeSubDomains"
        ],
        "X-Content-Type-Options": [
          "nosniff"
        ],
        "Date": [
          "Wed, 24 Aug 2022 22:56:44 GMT"
        ],
        "Expires": [
          "-1"
        ],
        "Content-Length": [
          "0"
        ]
      },
      "ResponseBody": "",
      "StatusCode": 202
    },
    {
      "RequestUri": "/subscriptions/aeb5b02a-0f18-45a4-86d6-81808115cacf/operationresults/eyJqb2JJZCI6IlJFU09VUkNFR1JPVVBERUxFVElPTkpPQi1QUzcyNTgtRUFTVFVTMkVVQVAiLCJqb2JMb2NhdGlvbiI6ImVhc3R1czJldWFwIn0?api-version=2016-09-01",
      "EncodedRequestUri": "L3N1YnNjcmlwdGlvbnMvYWViNWIwMmEtMGYxOC00NWE0LTg2ZDYtODE4MDgxMTVjYWNmL29wZXJhdGlvbnJlc3VsdHMvZXlKcWIySkpaQ0k2SWxKRlUwOVZVa05GUjFKUFZWQkVSVXhGVkVsUFRrcFBRaTFRVXpjeU5UZ3RSVUZUVkZWVE1rVlZRVkFpTENKcWIySk1iMk5oZEdsdmJpSTZJbVZoYzNSMWN6SmxkV0Z3SW4wP2FwaS12ZXJzaW9uPTIwMTYtMDktMDE=",
      "RequestMethod": "GET",
      "RequestHeaders": {
        "User-Agent": [
          "FxVersion/4.700.22.36202",
          "OSName/Windows",
          "OSVersion/Microsoft.Windows.10.0.19044",
          "Microsoft.Azure.Management.Internal.Resources.ResourceManagementClient/1.3.59"
        ]
      },
      "RequestBody": "",
      "ResponseHeaders": {
        "Cache-Control": [
          "no-cache"
        ],
        "Pragma": [
          "no-cache"
        ],
        "Location": [
          "https://management.azure.com/subscriptions/aeb5b02a-0f18-45a4-86d6-81808115cacf/operationresults/eyJqb2JJZCI6IlJFU09VUkNFR1JPVVBERUxFVElPTkpPQi1QUzcyNTgtRUFTVFVTMkVVQVAiLCJqb2JMb2NhdGlvbiI6ImVhc3R1czJldWFwIn0?api-version=2016-09-01"
        ],
        "Retry-After": [
          "15"
        ],
        "x-ms-ratelimit-remaining-subscription-reads": [
          "11996"
        ],
        "x-ms-request-id": [
          "d0b2547e-98a4-43dc-b794-620e1f1d4421"
        ],
        "x-ms-correlation-request-id": [
          "d0b2547e-98a4-43dc-b794-620e1f1d4421"
        ],
        "x-ms-routing-request-id": [
          "SOUTHCENTRALUS:20220824T225659Z:d0b2547e-98a4-43dc-b794-620e1f1d4421"
        ],
        "Strict-Transport-Security": [
          "max-age=31536000; includeSubDomains"
        ],
        "X-Content-Type-Options": [
          "nosniff"
        ],
        "Date": [
          "Wed, 24 Aug 2022 22:56:59 GMT"
        ],
        "Expires": [
          "-1"
        ],
        "Content-Length": [
          "0"
        ]
      },
      "ResponseBody": "",
      "StatusCode": 202
    },
    {
      "RequestUri": "/subscriptions/aeb5b02a-0f18-45a4-86d6-81808115cacf/operationresults/eyJqb2JJZCI6IlJFU09VUkNFR1JPVVBERUxFVElPTkpPQi1QUzcyNTgtRUFTVFVTMkVVQVAiLCJqb2JMb2NhdGlvbiI6ImVhc3R1czJldWFwIn0?api-version=2016-09-01",
      "EncodedRequestUri": "L3N1YnNjcmlwdGlvbnMvYWViNWIwMmEtMGYxOC00NWE0LTg2ZDYtODE4MDgxMTVjYWNmL29wZXJhdGlvbnJlc3VsdHMvZXlKcWIySkpaQ0k2SWxKRlUwOVZVa05GUjFKUFZWQkVSVXhGVkVsUFRrcFBRaTFRVXpjeU5UZ3RSVUZUVkZWVE1rVlZRVkFpTENKcWIySk1iMk5oZEdsdmJpSTZJbVZoYzNSMWN6SmxkV0Z3SW4wP2FwaS12ZXJzaW9uPTIwMTYtMDktMDE=",
      "RequestMethod": "GET",
      "RequestHeaders": {
        "User-Agent": [
          "FxVersion/4.700.22.36202",
          "OSName/Windows",
          "OSVersion/Microsoft.Windows.10.0.19044",
          "Microsoft.Azure.Management.Internal.Resources.ResourceManagementClient/1.3.59"
        ]
      },
      "RequestBody": "",
      "ResponseHeaders": {
        "Cache-Control": [
          "no-cache"
        ],
        "Pragma": [
          "no-cache"
        ],
        "x-ms-ratelimit-remaining-subscription-reads": [
          "11995"
        ],
        "x-ms-request-id": [
          "345370b9-0b7d-46b7-96c8-246a92f01e0e"
        ],
        "x-ms-correlation-request-id": [
          "345370b9-0b7d-46b7-96c8-246a92f01e0e"
        ],
        "x-ms-routing-request-id": [
          "SOUTHCENTRALUS:20220824T225714Z:345370b9-0b7d-46b7-96c8-246a92f01e0e"
        ],
        "Strict-Transport-Security": [
          "max-age=31536000; includeSubDomains"
        ],
        "X-Content-Type-Options": [
          "nosniff"
        ],
        "Date": [
          "Wed, 24 Aug 2022 22:57:14 GMT"
        ],
        "Expires": [
          "-1"
        ],
        "Content-Length": [
          "0"
        ]
      },
      "ResponseBody": "",
      "StatusCode": 200
    },
    {
      "RequestUri": "/subscriptions/aeb5b02a-0f18-45a4-86d6-81808115cacf/operationresults/eyJqb2JJZCI6IlJFU09VUkNFR1JPVVBERUxFVElPTkpPQi1QUzcyNTgtRUFTVFVTMkVVQVAiLCJqb2JMb2NhdGlvbiI6ImVhc3R1czJldWFwIn0?api-version=2016-09-01",
      "EncodedRequestUri": "L3N1YnNjcmlwdGlvbnMvYWViNWIwMmEtMGYxOC00NWE0LTg2ZDYtODE4MDgxMTVjYWNmL29wZXJhdGlvbnJlc3VsdHMvZXlKcWIySkpaQ0k2SWxKRlUwOVZVa05GUjFKUFZWQkVSVXhGVkVsUFRrcFBRaTFRVXpjeU5UZ3RSVUZUVkZWVE1rVlZRVkFpTENKcWIySk1iMk5oZEdsdmJpSTZJbVZoYzNSMWN6SmxkV0Z3SW4wP2FwaS12ZXJzaW9uPTIwMTYtMDktMDE=",
      "RequestMethod": "GET",
      "RequestHeaders": {
        "User-Agent": [
          "FxVersion/4.700.22.36202",
          "OSName/Windows",
          "OSVersion/Microsoft.Windows.10.0.19044",
          "Microsoft.Azure.Management.Internal.Resources.ResourceManagementClient/1.3.59"
        ]
      },
      "RequestBody": "",
      "ResponseHeaders": {
        "Cache-Control": [
          "no-cache"
        ],
        "Pragma": [
          "no-cache"
        ],
        "x-ms-ratelimit-remaining-subscription-reads": [
          "11994"
        ],
        "x-ms-request-id": [
          "8aad7f73-0f03-405e-af3c-cb42ac529036"
        ],
        "x-ms-correlation-request-id": [
          "8aad7f73-0f03-405e-af3c-cb42ac529036"
        ],
        "x-ms-routing-request-id": [
          "SOUTHCENTRALUS:20220824T225714Z:8aad7f73-0f03-405e-af3c-cb42ac529036"
        ],
        "Strict-Transport-Security": [
          "max-age=31536000; includeSubDomains"
        ],
        "X-Content-Type-Options": [
          "nosniff"
        ],
        "Date": [
          "Wed, 24 Aug 2022 22:57:14 GMT"
        ],
        "Expires": [
          "-1"
        ],
        "Content-Length": [
          "0"
        ]
      },
      "ResponseBody": "",
      "StatusCode": 200
    }
  ],
  "Names": {
    "Test-AzureFirewallVirtualHubMultiPublicIPCRUD": [
      "ps7258",
      "ps3837",
      "ps2462",
      "ps2828"
    ]
  },
  "Variables": {
    "SubscriptionId": "aeb5b02a-0f18-45a4-86d6-81808115cacf"
  }
}