{
  "Entries": [
    {
      "RequestUri": "/subscriptions/2c647056-bab2-4175-b172-493ff049eb29/resourcegroups/ps3726?api-version=2016-09-01",
      "EncodedRequestUri": "L3N1YnNjcmlwdGlvbnMvMmM2NDcwNTYtYmFiMi00MTc1LWIxNzItNDkzZmYwNDllYjI5L3Jlc291cmNlZ3JvdXBzL3BzMzcyNj9hcGktdmVyc2lvbj0yMDE2LTA5LTAx",
      "RequestMethod": "PUT",
      "RequestBody": "{\r\n  \"location\": \"East US 2 EUAP\"\r\n}",
      "RequestHeaders": {
        "x-ms-client-request-id": [
          "574f4dbb-32e3-4c80-aabe-067039ea6de6"
        ],
        "Accept-Language": [
          "en-US"
        ],
        "User-Agent": [
          "FxVersion/4.6.29916.01",
          "OSName/Windows",
          "OSVersion/Microsoft.Windows.10.0.14393.",
          "Microsoft.Azure.Management.Internal.Resources.ResourceManagementClient/1.3.32"
        ],
        "Content-Type": [
          "application/json; charset=utf-8"
        ],
        "Content-Length": [
          "36"
        ]
      },
      "ResponseHeaders": {
        "Cache-Control": [
          "no-cache"
        ],
        "Pragma": [
          "no-cache"
        ],
        "x-ms-ratelimit-remaining-subscription-writes": [
          "1199"
        ],
        "x-ms-request-id": [
          "16dece92-be00-48a5-8914-c4f59d837e4f"
        ],
        "x-ms-correlation-request-id": [
          "16dece92-be00-48a5-8914-c4f59d837e4f"
        ],
        "x-ms-routing-request-id": [
          "WESTCENTRALUS:20210516T232018Z:16dece92-be00-48a5-8914-c4f59d837e4f"
        ],
        "Strict-Transport-Security": [
          "max-age=31536000; includeSubDomains"
        ],
        "X-Content-Type-Options": [
          "nosniff"
        ],
        "Date": [
          "Sun, 16 May 2021 23:20:18 GMT"
        ],
        "Content-Length": [
          "170"
        ],
        "Content-Type": [
          "application/json; charset=utf-8"
        ],
        "Expires": [
          "-1"
        ]
      },
      "ResponseBody": "{\r\n  \"id\": \"/subscriptions/2c647056-bab2-4175-b172-493ff049eb29/resourceGroups/ps3726\",\r\n  \"name\": \"ps3726\",\r\n  \"location\": \"eastus2euap\",\r\n  \"properties\": {\r\n    \"provisioningState\": \"Succeeded\"\r\n  }\r\n}",
      "StatusCode": 201
    },
    {
      "RequestUri": "/subscriptions/2c647056-bab2-4175-b172-493ff049eb29/resourceGroups/ps3726/providers/Microsoft.Sql/servers/ps3799?api-version=2020-11-01-preview",
      "EncodedRequestUri": "L3N1YnNjcmlwdGlvbnMvMmM2NDcwNTYtYmFiMi00MTc1LWIxNzItNDkzZmYwNDllYjI5L3Jlc291cmNlR3JvdXBzL3BzMzcyNi9wcm92aWRlcnMvTWljcm9zb2Z0LlNxbC9zZXJ2ZXJzL3BzMzc5OT9hcGktdmVyc2lvbj0yMDIwLTExLTAxLXByZXZpZXc=",
      "RequestMethod": "GET",
      "RequestBody": "",
      "RequestHeaders": {
        "x-ms-client-request-id": [
          "6d4d3fd0-0649-4bf7-be81-04b844414915"
        ],
        "Accept-Language": [
          "en-US"
        ],
        "User-Agent": [
          "FxVersion/4.6.29916.01",
          "OSName/Windows",
          "OSVersion/Microsoft.Windows.10.0.14393.",
          "Microsoft.Azure.Management.Sql.SqlManagementClient/1.52.0.0"
        ]
      },
      "ResponseHeaders": {
        "Cache-Control": [
          "no-cache"
        ],
        "Pragma": [
          "no-cache"
        ],
        "x-ms-failure-cause": [
          "gateway"
        ],
        "x-ms-request-id": [
          "cf75c195-59ca-4544-9347-e2189015ee74"
        ],
        "x-ms-correlation-request-id": [
          "cf75c195-59ca-4544-9347-e2189015ee74"
        ],
        "x-ms-routing-request-id": [
          "WESTUS:20210516T232019Z:cf75c195-59ca-4544-9347-e2189015ee74"
        ],
        "Strict-Transport-Security": [
          "max-age=31536000; includeSubDomains"
        ],
        "X-Content-Type-Options": [
          "nosniff"
        ],
        "Date": [
          "Sun, 16 May 2021 23:20:18 GMT"
        ],
        "Content-Type": [
          "application/json; charset=utf-8"
        ],
        "Expires": [
          "-1"
        ],
        "Content-Length": [
          "206"
        ]
      },
      "ResponseBody": "{\r\n  \"error\": {\r\n    \"code\": \"ResourceNotFound\",\r\n    \"message\": \"The Resource 'Microsoft.Sql/servers/ps3799' under resource group 'ps3726' was not found. For more details please go to https://aka.ms/ARMResourceNotFoundFix\"\r\n  }\r\n}",
      "StatusCode": 404
    },
    {
      "RequestUri": "/subscriptions/2c647056-bab2-4175-b172-493ff049eb29/resourceGroups/ps3726/providers/Microsoft.Sql/servers/ps3799?api-version=2020-11-01-preview",
      "EncodedRequestUri": "L3N1YnNjcmlwdGlvbnMvMmM2NDcwNTYtYmFiMi00MTc1LWIxNzItNDkzZmYwNDllYjI5L3Jlc291cmNlR3JvdXBzL3BzMzcyNi9wcm92aWRlcnMvTWljcm9zb2Z0LlNxbC9zZXJ2ZXJzL3BzMzc5OT9hcGktdmVyc2lvbj0yMDIwLTExLTAxLXByZXZpZXc=",
      "RequestMethod": "GET",
      "RequestBody": "",
      "RequestHeaders": {
        "x-ms-client-request-id": [
          "6d4d3fd0-0649-4bf7-be81-04b844414915"
        ],
        "User-Agent": [
          "FxVersion/4.6.29916.01",
          "OSName/Windows",
          "OSVersion/Microsoft.Windows.10.0.14393.",
          "Microsoft.Azure.Management.Sql.SqlManagementClient/1.52.0.0"
        ]
      },
      "ResponseHeaders": {
        "Cache-Control": [
          "no-cache"
        ],
        "Pragma": [
          "no-cache"
        ],
        "x-ms-request-id": [
          "c38a6a8b-9c7c-49ff-a522-c7d79bcc4deb"
        ],
        "Server": [
          "Microsoft-HTTPAPI/2.0"
        ],
        "x-ms-ratelimit-remaining-subscription-reads": [
          "11990"
        ],
        "x-ms-correlation-request-id": [
          "61230bee-f262-457e-b771-bf9bab99a63a"
        ],
        "x-ms-routing-request-id": [
          "WESTUS:20210516T232128Z:61230bee-f262-457e-b771-bf9bab99a63a"
        ],
        "Strict-Transport-Security": [
          "max-age=31536000; includeSubDomains"
        ],
        "X-Content-Type-Options": [
          "nosniff"
        ],
        "Date": [
          "Sun, 16 May 2021 23:21:28 GMT"
        ],
        "Content-Length": [
          "413"
        ],
        "Content-Type": [
          "application/json; charset=utf-8"
        ],
        "Expires": [
          "-1"
        ]
      },
      "ResponseBody": "{\r\n  \"kind\": \"v12.0\",\r\n  \"properties\": {\r\n    \"administratorLogin\": \"testusername\",\r\n    \"version\": \"12.0\",\r\n    \"state\": \"Ready\",\r\n    \"fullyQualifiedDomainName\": \"ps3799.database.windows.net\",\r\n    \"privateEndpointConnections\": [],\r\n    \"publicNetworkAccess\": \"Enabled\"\r\n  },\r\n  \"location\": \"eastus2euap\",\r\n  \"id\": \"/subscriptions/2c647056-bab2-4175-b172-493ff049eb29/resourceGroups/ps3726/providers/Microsoft.Sql/servers/ps3799\",\r\n  \"name\": \"ps3799\",\r\n  \"type\": \"Microsoft.Sql/servers\"\r\n}",
      "StatusCode": 200
    },
    {
      "RequestUri": "/subscriptions/2c647056-bab2-4175-b172-493ff049eb29/resourceGroups/ps3726/providers/Microsoft.Sql/servers/ps3799?api-version=2020-11-01-preview",
      "EncodedRequestUri": "L3N1YnNjcmlwdGlvbnMvMmM2NDcwNTYtYmFiMi00MTc1LWIxNzItNDkzZmYwNDllYjI5L3Jlc291cmNlR3JvdXBzL3BzMzcyNi9wcm92aWRlcnMvTWljcm9zb2Z0LlNxbC9zZXJ2ZXJzL3BzMzc5OT9hcGktdmVyc2lvbj0yMDIwLTExLTAxLXByZXZpZXc=",
      "RequestMethod": "PUT",
      "RequestBody": "{\r\n  \"properties\": {\r\n    \"administratorLogin\": \"testusername\",\r\n    \"administratorLoginPassword\": \"t357ingP@s5w0rd!\"\r\n  },\r\n  \"location\": \"East US 2 EUAP\"\r\n}",
      "RequestHeaders": {
        "x-ms-client-request-id": [
          "6d4d3fd0-0649-4bf7-be81-04b844414915"
        ],
        "Accept-Language": [
          "en-US"
        ],
        "User-Agent": [
          "FxVersion/4.6.29916.01",
          "OSName/Windows",
          "OSVersion/Microsoft.Windows.10.0.14393.",
          "Microsoft.Azure.Management.Sql.SqlManagementClient/1.52.0.0"
        ],
        "Content-Type": [
          "application/json; charset=utf-8"
        ],
        "Content-Length": [
          "158"
        ]
      },
      "ResponseHeaders": {
        "Cache-Control": [
          "no-cache"
        ],
        "Pragma": [
          "no-cache"
        ],
        "Location": [
          "https://management.azure.com/subscriptions/2c647056-bab2-4175-b172-493ff049eb29/resourceGroups/ps3726/providers/Microsoft.Sql/locations/eastus2euap/serverOperationResults/d2d2934c-d4c3-43d5-b830-8abce4ceb8b1?api-version=2020-11-01-preview"
        ],
        "Retry-After": [
          "1"
        ],
        "Azure-AsyncOperation": [
          "https://management.azure.com/subscriptions/2c647056-bab2-4175-b172-493ff049eb29/resourceGroups/ps3726/providers/Microsoft.Sql/locations/eastus2euap/serverAzureAsyncOperation/d2d2934c-d4c3-43d5-b830-8abce4ceb8b1?api-version=2020-11-01-preview"
        ],
        "x-ms-request-id": [
          "d2d2934c-d4c3-43d5-b830-8abce4ceb8b1"
        ],
        "Server": [
          "Microsoft-HTTPAPI/2.0"
        ],
        "x-ms-ratelimit-remaining-subscription-writes": [
          "1199"
        ],
        "x-ms-correlation-request-id": [
          "c8cd51ee-38b3-4bf2-aca7-69653bf66776"
        ],
        "x-ms-routing-request-id": [
          "WESTUS:20210516T232022Z:c8cd51ee-38b3-4bf2-aca7-69653bf66776"
        ],
        "Strict-Transport-Security": [
          "max-age=31536000; includeSubDomains"
        ],
        "X-Content-Type-Options": [
          "nosniff"
        ],
        "Date": [
          "Sun, 16 May 2021 23:20:21 GMT"
        ],
        "Content-Length": [
          "73"
        ],
        "Content-Type": [
          "application/json; charset=utf-8"
        ],
        "Expires": [
          "-1"
        ]
      },
      "ResponseBody": "{\r\n  \"operation\": \"UpsertLogicalServer\",\r\n  \"startTime\": \"2021-05-16T23:20:22.29Z\"\r\n}",
      "StatusCode": 202
    },
    {
      "RequestUri": "/subscriptions/2c647056-bab2-4175-b172-493ff049eb29/resourceGroups/ps3726/providers/Microsoft.Sql/locations/eastus2euap/serverAzureAsyncOperation/d2d2934c-d4c3-43d5-b830-8abce4ceb8b1?api-version=2020-11-01-preview",
      "EncodedRequestUri": "L3N1YnNjcmlwdGlvbnMvMmM2NDcwNTYtYmFiMi00MTc1LWIxNzItNDkzZmYwNDllYjI5L3Jlc291cmNlR3JvdXBzL3BzMzcyNi9wcm92aWRlcnMvTWljcm9zb2Z0LlNxbC9sb2NhdGlvbnMvZWFzdHVzMmV1YXAvc2VydmVyQXp1cmVBc3luY09wZXJhdGlvbi9kMmQyOTM0Yy1kNGMzLTQzZDUtYjgzMC04YWJjZTRjZWI4YjE/YXBpLXZlcnNpb249MjAyMC0xMS0wMS1wcmV2aWV3",
      "RequestMethod": "GET",
      "RequestBody": "",
      "RequestHeaders": {
        "x-ms-client-request-id": [
          "6d4d3fd0-0649-4bf7-be81-04b844414915"
        ],
        "User-Agent": [
          "FxVersion/4.6.29916.01",
          "OSName/Windows",
          "OSVersion/Microsoft.Windows.10.0.14393.",
          "Microsoft.Azure.Management.Sql.SqlManagementClient/1.52.0.0"
        ]
      },
      "ResponseHeaders": {
        "Cache-Control": [
          "no-cache"
        ],
        "Pragma": [
          "no-cache"
        ],
        "Retry-After": [
          "1"
        ],
        "x-ms-request-id": [
          "fee08eef-9e4e-47d5-9f7f-29c90ddf20f5"
        ],
        "Server": [
          "Microsoft-HTTPAPI/2.0"
        ],
        "x-ms-ratelimit-remaining-subscription-reads": [
          "11998"
        ],
        "x-ms-correlation-request-id": [
          "110a9786-533e-4e8a-8f33-1ce85b9159d5"
        ],
        "x-ms-routing-request-id": [
          "WESTUS:20210516T232023Z:110a9786-533e-4e8a-8f33-1ce85b9159d5"
        ],
        "Strict-Transport-Security": [
          "max-age=31536000; includeSubDomains"
        ],
        "X-Content-Type-Options": [
          "nosniff"
        ],
        "Date": [
          "Sun, 16 May 2021 23:20:22 GMT"
        ],
        "Content-Length": [
          "107"
        ],
        "Content-Type": [
          "application/json; charset=utf-8"
        ],
        "Expires": [
          "-1"
        ]
      },
      "ResponseBody": "{\r\n  \"name\": \"d2d2934c-d4c3-43d5-b830-8abce4ceb8b1\",\r\n  \"status\": \"InProgress\",\r\n  \"startTime\": \"2021-05-16T23:20:22.29Z\"\r\n}",
      "StatusCode": 200
    },
    {
      "RequestUri": "/subscriptions/2c647056-bab2-4175-b172-493ff049eb29/resourceGroups/ps3726/providers/Microsoft.Sql/locations/eastus2euap/serverAzureAsyncOperation/d2d2934c-d4c3-43d5-b830-8abce4ceb8b1?api-version=2020-11-01-preview",
      "EncodedRequestUri": "L3N1YnNjcmlwdGlvbnMvMmM2NDcwNTYtYmFiMi00MTc1LWIxNzItNDkzZmYwNDllYjI5L3Jlc291cmNlR3JvdXBzL3BzMzcyNi9wcm92aWRlcnMvTWljcm9zb2Z0LlNxbC9sb2NhdGlvbnMvZWFzdHVzMmV1YXAvc2VydmVyQXp1cmVBc3luY09wZXJhdGlvbi9kMmQyOTM0Yy1kNGMzLTQzZDUtYjgzMC04YWJjZTRjZWI4YjE/YXBpLXZlcnNpb249MjAyMC0xMS0wMS1wcmV2aWV3",
      "RequestMethod": "GET",
      "RequestBody": "",
      "RequestHeaders": {
        "x-ms-client-request-id": [
          "6d4d3fd0-0649-4bf7-be81-04b844414915"
        ],
        "User-Agent": [
          "FxVersion/4.6.29916.01",
          "OSName/Windows",
          "OSVersion/Microsoft.Windows.10.0.14393.",
          "Microsoft.Azure.Management.Sql.SqlManagementClient/1.52.0.0"
        ]
      },
      "ResponseHeaders": {
        "Cache-Control": [
          "no-cache"
        ],
        "Pragma": [
          "no-cache"
        ],
        "Retry-After": [
          "1"
        ],
        "x-ms-request-id": [
          "6317c496-dcea-4a55-942c-38aa25433dec"
        ],
        "Server": [
          "Microsoft-HTTPAPI/2.0"
        ],
        "x-ms-ratelimit-remaining-subscription-reads": [
          "11997"
        ],
        "x-ms-correlation-request-id": [
          "5bf26998-6c96-4e81-ae67-705fdb9888cb"
        ],
        "x-ms-routing-request-id": [
          "WESTUS:20210516T232024Z:5bf26998-6c96-4e81-ae67-705fdb9888cb"
        ],
        "Strict-Transport-Security": [
          "max-age=31536000; includeSubDomains"
        ],
        "X-Content-Type-Options": [
          "nosniff"
        ],
        "Date": [
          "Sun, 16 May 2021 23:20:23 GMT"
        ],
        "Content-Length": [
          "107"
        ],
        "Content-Type": [
          "application/json; charset=utf-8"
        ],
        "Expires": [
          "-1"
        ]
      },
      "ResponseBody": "{\r\n  \"name\": \"d2d2934c-d4c3-43d5-b830-8abce4ceb8b1\",\r\n  \"status\": \"InProgress\",\r\n  \"startTime\": \"2021-05-16T23:20:22.29Z\"\r\n}",
      "StatusCode": 200
    },
    {
      "RequestUri": "/subscriptions/2c647056-bab2-4175-b172-493ff049eb29/resourceGroups/ps3726/providers/Microsoft.Sql/locations/eastus2euap/serverAzureAsyncOperation/d2d2934c-d4c3-43d5-b830-8abce4ceb8b1?api-version=2020-11-01-preview",
      "EncodedRequestUri": "L3N1YnNjcmlwdGlvbnMvMmM2NDcwNTYtYmFiMi00MTc1LWIxNzItNDkzZmYwNDllYjI5L3Jlc291cmNlR3JvdXBzL3BzMzcyNi9wcm92aWRlcnMvTWljcm9zb2Z0LlNxbC9sb2NhdGlvbnMvZWFzdHVzMmV1YXAvc2VydmVyQXp1cmVBc3luY09wZXJhdGlvbi9kMmQyOTM0Yy1kNGMzLTQzZDUtYjgzMC04YWJjZTRjZWI4YjE/YXBpLXZlcnNpb249MjAyMC0xMS0wMS1wcmV2aWV3",
      "RequestMethod": "GET",
      "RequestBody": "",
      "RequestHeaders": {
        "x-ms-client-request-id": [
          "6d4d3fd0-0649-4bf7-be81-04b844414915"
        ],
        "User-Agent": [
          "FxVersion/4.6.29916.01",
          "OSName/Windows",
          "OSVersion/Microsoft.Windows.10.0.14393.",
          "Microsoft.Azure.Management.Sql.SqlManagementClient/1.52.0.0"
        ]
      },
      "ResponseHeaders": {
        "Cache-Control": [
          "no-cache"
        ],
        "Pragma": [
          "no-cache"
        ],
        "Retry-After": [
          "1"
        ],
        "x-ms-request-id": [
          "a91e1739-510b-42c6-b4f9-6bc17c8392b5"
        ],
        "Server": [
          "Microsoft-HTTPAPI/2.0"
        ],
        "x-ms-ratelimit-remaining-subscription-reads": [
          "11996"
        ],
        "x-ms-correlation-request-id": [
          "600ae491-7af7-49e9-a0d5-3eb1b3f7bb61"
        ],
        "x-ms-routing-request-id": [
          "WESTUS:20210516T232025Z:600ae491-7af7-49e9-a0d5-3eb1b3f7bb61"
        ],
        "Strict-Transport-Security": [
          "max-age=31536000; includeSubDomains"
        ],
        "X-Content-Type-Options": [
          "nosniff"
        ],
        "Date": [
          "Sun, 16 May 2021 23:20:24 GMT"
        ],
        "Content-Length": [
          "107"
        ],
        "Content-Type": [
          "application/json; charset=utf-8"
        ],
        "Expires": [
          "-1"
        ]
      },
      "ResponseBody": "{\r\n  \"name\": \"d2d2934c-d4c3-43d5-b830-8abce4ceb8b1\",\r\n  \"status\": \"InProgress\",\r\n  \"startTime\": \"2021-05-16T23:20:22.29Z\"\r\n}",
      "StatusCode": 200
    },
    {
      "RequestUri": "/subscriptions/2c647056-bab2-4175-b172-493ff049eb29/resourceGroups/ps3726/providers/Microsoft.Sql/locations/eastus2euap/serverAzureAsyncOperation/d2d2934c-d4c3-43d5-b830-8abce4ceb8b1?api-version=2020-11-01-preview",
      "EncodedRequestUri": "L3N1YnNjcmlwdGlvbnMvMmM2NDcwNTYtYmFiMi00MTc1LWIxNzItNDkzZmYwNDllYjI5L3Jlc291cmNlR3JvdXBzL3BzMzcyNi9wcm92aWRlcnMvTWljcm9zb2Z0LlNxbC9sb2NhdGlvbnMvZWFzdHVzMmV1YXAvc2VydmVyQXp1cmVBc3luY09wZXJhdGlvbi9kMmQyOTM0Yy1kNGMzLTQzZDUtYjgzMC04YWJjZTRjZWI4YjE/YXBpLXZlcnNpb249MjAyMC0xMS0wMS1wcmV2aWV3",
      "RequestMethod": "GET",
      "RequestBody": "",
      "RequestHeaders": {
        "x-ms-client-request-id": [
          "6d4d3fd0-0649-4bf7-be81-04b844414915"
        ],
        "User-Agent": [
          "FxVersion/4.6.29916.01",
          "OSName/Windows",
          "OSVersion/Microsoft.Windows.10.0.14393.",
          "Microsoft.Azure.Management.Sql.SqlManagementClient/1.52.0.0"
        ]
      },
      "ResponseHeaders": {
        "Cache-Control": [
          "no-cache"
        ],
        "Pragma": [
          "no-cache"
        ],
        "Retry-After": [
          "1"
        ],
        "x-ms-request-id": [
          "bc9dd904-d6d8-4248-bfb4-16bffea45ee2"
        ],
        "Server": [
          "Microsoft-HTTPAPI/2.0"
        ],
        "x-ms-ratelimit-remaining-subscription-reads": [
          "11995"
        ],
        "x-ms-correlation-request-id": [
          "e3926de7-9425-48d4-a1b1-d93da8c1d6ac"
        ],
        "x-ms-routing-request-id": [
          "WESTUS:20210516T232026Z:e3926de7-9425-48d4-a1b1-d93da8c1d6ac"
        ],
        "Strict-Transport-Security": [
          "max-age=31536000; includeSubDomains"
        ],
        "X-Content-Type-Options": [
          "nosniff"
        ],
        "Date": [
          "Sun, 16 May 2021 23:20:26 GMT"
        ],
        "Content-Length": [
          "107"
        ],
        "Content-Type": [
          "application/json; charset=utf-8"
        ],
        "Expires": [
          "-1"
        ]
      },
      "ResponseBody": "{\r\n  \"name\": \"d2d2934c-d4c3-43d5-b830-8abce4ceb8b1\",\r\n  \"status\": \"InProgress\",\r\n  \"startTime\": \"2021-05-16T23:20:22.29Z\"\r\n}",
      "StatusCode": 200
    },
    {
      "RequestUri": "/subscriptions/2c647056-bab2-4175-b172-493ff049eb29/resourceGroups/ps3726/providers/Microsoft.Sql/locations/eastus2euap/serverAzureAsyncOperation/d2d2934c-d4c3-43d5-b830-8abce4ceb8b1?api-version=2020-11-01-preview",
      "EncodedRequestUri": "L3N1YnNjcmlwdGlvbnMvMmM2NDcwNTYtYmFiMi00MTc1LWIxNzItNDkzZmYwNDllYjI5L3Jlc291cmNlR3JvdXBzL3BzMzcyNi9wcm92aWRlcnMvTWljcm9zb2Z0LlNxbC9sb2NhdGlvbnMvZWFzdHVzMmV1YXAvc2VydmVyQXp1cmVBc3luY09wZXJhdGlvbi9kMmQyOTM0Yy1kNGMzLTQzZDUtYjgzMC04YWJjZTRjZWI4YjE/YXBpLXZlcnNpb249MjAyMC0xMS0wMS1wcmV2aWV3",
      "RequestMethod": "GET",
      "RequestBody": "",
      "RequestHeaders": {
        "x-ms-client-request-id": [
          "6d4d3fd0-0649-4bf7-be81-04b844414915"
        ],
        "User-Agent": [
          "FxVersion/4.6.29916.01",
          "OSName/Windows",
          "OSVersion/Microsoft.Windows.10.0.14393.",
          "Microsoft.Azure.Management.Sql.SqlManagementClient/1.52.0.0"
        ]
      },
      "ResponseHeaders": {
        "Cache-Control": [
          "no-cache"
        ],
        "Pragma": [
          "no-cache"
        ],
        "Retry-After": [
          "20"
        ],
        "x-ms-request-id": [
          "ce6315a4-2657-4eea-87be-18cc2be6b937"
        ],
        "Server": [
          "Microsoft-HTTPAPI/2.0"
        ],
        "x-ms-ratelimit-remaining-subscription-reads": [
          "11994"
        ],
        "x-ms-correlation-request-id": [
          "1db8711b-fc8c-49f0-a67f-ff19dd69ad9f"
        ],
        "x-ms-routing-request-id": [
          "WESTUS:20210516T232028Z:1db8711b-fc8c-49f0-a67f-ff19dd69ad9f"
        ],
        "Strict-Transport-Security": [
          "max-age=31536000; includeSubDomains"
        ],
        "X-Content-Type-Options": [
          "nosniff"
        ],
        "Date": [
          "Sun, 16 May 2021 23:20:27 GMT"
        ],
        "Content-Length": [
          "107"
        ],
        "Content-Type": [
          "application/json; charset=utf-8"
        ],
        "Expires": [
          "-1"
        ]
      },
      "ResponseBody": "{\r\n  \"name\": \"d2d2934c-d4c3-43d5-b830-8abce4ceb8b1\",\r\n  \"status\": \"InProgress\",\r\n  \"startTime\": \"2021-05-16T23:20:22.29Z\"\r\n}",
      "StatusCode": 200
    },
    {
      "RequestUri": "/subscriptions/2c647056-bab2-4175-b172-493ff049eb29/resourceGroups/ps3726/providers/Microsoft.Sql/locations/eastus2euap/serverAzureAsyncOperation/d2d2934c-d4c3-43d5-b830-8abce4ceb8b1?api-version=2020-11-01-preview",
      "EncodedRequestUri": "L3N1YnNjcmlwdGlvbnMvMmM2NDcwNTYtYmFiMi00MTc1LWIxNzItNDkzZmYwNDllYjI5L3Jlc291cmNlR3JvdXBzL3BzMzcyNi9wcm92aWRlcnMvTWljcm9zb2Z0LlNxbC9sb2NhdGlvbnMvZWFzdHVzMmV1YXAvc2VydmVyQXp1cmVBc3luY09wZXJhdGlvbi9kMmQyOTM0Yy1kNGMzLTQzZDUtYjgzMC04YWJjZTRjZWI4YjE/YXBpLXZlcnNpb249MjAyMC0xMS0wMS1wcmV2aWV3",
      "RequestMethod": "GET",
      "RequestBody": "",
      "RequestHeaders": {
        "x-ms-client-request-id": [
          "6d4d3fd0-0649-4bf7-be81-04b844414915"
        ],
        "User-Agent": [
          "FxVersion/4.6.29916.01",
          "OSName/Windows",
          "OSVersion/Microsoft.Windows.10.0.14393.",
          "Microsoft.Azure.Management.Sql.SqlManagementClient/1.52.0.0"
        ]
      },
      "ResponseHeaders": {
        "Cache-Control": [
          "no-cache"
        ],
        "Pragma": [
          "no-cache"
        ],
        "Retry-After": [
          "20"
        ],
        "x-ms-request-id": [
          "049f11fa-c9ff-4632-b9f2-1ab8eb097059"
        ],
        "Server": [
          "Microsoft-HTTPAPI/2.0"
        ],
        "x-ms-ratelimit-remaining-subscription-reads": [
          "11993"
        ],
        "x-ms-correlation-request-id": [
          "6c4e6115-7a46-43ae-bdf2-939880a77b46"
        ],
        "x-ms-routing-request-id": [
          "WESTUS:20210516T232048Z:6c4e6115-7a46-43ae-bdf2-939880a77b46"
        ],
        "Strict-Transport-Security": [
          "max-age=31536000; includeSubDomains"
        ],
        "X-Content-Type-Options": [
          "nosniff"
        ],
        "Date": [
          "Sun, 16 May 2021 23:20:47 GMT"
        ],
        "Content-Length": [
          "107"
        ],
        "Content-Type": [
          "application/json; charset=utf-8"
        ],
        "Expires": [
          "-1"
        ]
      },
      "ResponseBody": "{\r\n  \"name\": \"d2d2934c-d4c3-43d5-b830-8abce4ceb8b1\",\r\n  \"status\": \"InProgress\",\r\n  \"startTime\": \"2021-05-16T23:20:22.29Z\"\r\n}",
      "StatusCode": 200
    },
    {
      "RequestUri": "/subscriptions/2c647056-bab2-4175-b172-493ff049eb29/resourceGroups/ps3726/providers/Microsoft.Sql/locations/eastus2euap/serverAzureAsyncOperation/d2d2934c-d4c3-43d5-b830-8abce4ceb8b1?api-version=2020-11-01-preview",
      "EncodedRequestUri": "L3N1YnNjcmlwdGlvbnMvMmM2NDcwNTYtYmFiMi00MTc1LWIxNzItNDkzZmYwNDllYjI5L3Jlc291cmNlR3JvdXBzL3BzMzcyNi9wcm92aWRlcnMvTWljcm9zb2Z0LlNxbC9sb2NhdGlvbnMvZWFzdHVzMmV1YXAvc2VydmVyQXp1cmVBc3luY09wZXJhdGlvbi9kMmQyOTM0Yy1kNGMzLTQzZDUtYjgzMC04YWJjZTRjZWI4YjE/YXBpLXZlcnNpb249MjAyMC0xMS0wMS1wcmV2aWV3",
      "RequestMethod": "GET",
      "RequestBody": "",
      "RequestHeaders": {
        "x-ms-client-request-id": [
          "6d4d3fd0-0649-4bf7-be81-04b844414915"
        ],
        "User-Agent": [
          "FxVersion/4.6.29916.01",
          "OSName/Windows",
          "OSVersion/Microsoft.Windows.10.0.14393.",
          "Microsoft.Azure.Management.Sql.SqlManagementClient/1.52.0.0"
        ]
      },
      "ResponseHeaders": {
        "Cache-Control": [
          "no-cache"
        ],
        "Pragma": [
          "no-cache"
        ],
        "Retry-After": [
          "20"
        ],
        "x-ms-request-id": [
          "ffdb5925-9565-452d-b1ca-50669fc3f4a2"
        ],
        "Server": [
          "Microsoft-HTTPAPI/2.0"
        ],
        "x-ms-ratelimit-remaining-subscription-reads": [
          "11992"
        ],
        "x-ms-correlation-request-id": [
          "6d266da0-6ada-4400-a985-a2740c67bbdd"
        ],
        "x-ms-routing-request-id": [
          "WESTUS:20210516T232108Z:6d266da0-6ada-4400-a985-a2740c67bbdd"
        ],
        "Strict-Transport-Security": [
          "max-age=31536000; includeSubDomains"
        ],
        "X-Content-Type-Options": [
          "nosniff"
        ],
        "Date": [
          "Sun, 16 May 2021 23:21:07 GMT"
        ],
        "Content-Length": [
          "107"
        ],
        "Content-Type": [
          "application/json; charset=utf-8"
        ],
        "Expires": [
          "-1"
        ]
      },
      "ResponseBody": "{\r\n  \"name\": \"d2d2934c-d4c3-43d5-b830-8abce4ceb8b1\",\r\n  \"status\": \"InProgress\",\r\n  \"startTime\": \"2021-05-16T23:20:22.29Z\"\r\n}",
      "StatusCode": 200
    },
    {
      "RequestUri": "/subscriptions/2c647056-bab2-4175-b172-493ff049eb29/resourceGroups/ps3726/providers/Microsoft.Sql/locations/eastus2euap/serverAzureAsyncOperation/d2d2934c-d4c3-43d5-b830-8abce4ceb8b1?api-version=2020-11-01-preview",
      "EncodedRequestUri": "L3N1YnNjcmlwdGlvbnMvMmM2NDcwNTYtYmFiMi00MTc1LWIxNzItNDkzZmYwNDllYjI5L3Jlc291cmNlR3JvdXBzL3BzMzcyNi9wcm92aWRlcnMvTWljcm9zb2Z0LlNxbC9sb2NhdGlvbnMvZWFzdHVzMmV1YXAvc2VydmVyQXp1cmVBc3luY09wZXJhdGlvbi9kMmQyOTM0Yy1kNGMzLTQzZDUtYjgzMC04YWJjZTRjZWI4YjE/YXBpLXZlcnNpb249MjAyMC0xMS0wMS1wcmV2aWV3",
      "RequestMethod": "GET",
      "RequestBody": "",
      "RequestHeaders": {
        "x-ms-client-request-id": [
          "6d4d3fd0-0649-4bf7-be81-04b844414915"
        ],
        "User-Agent": [
          "FxVersion/4.6.29916.01",
          "OSName/Windows",
          "OSVersion/Microsoft.Windows.10.0.14393.",
          "Microsoft.Azure.Management.Sql.SqlManagementClient/1.52.0.0"
        ]
      },
      "ResponseHeaders": {
        "Cache-Control": [
          "no-cache"
        ],
        "Pragma": [
          "no-cache"
        ],
        "Retry-After": [
          "15"
        ],
        "x-ms-request-id": [
          "2ddbeaab-a50c-4ca8-800b-b0c063f5f389"
        ],
        "Server": [
          "Microsoft-HTTPAPI/2.0"
        ],
        "x-ms-ratelimit-remaining-subscription-reads": [
          "11991"
        ],
        "x-ms-correlation-request-id": [
          "4d1d4464-0e79-4e27-ad0f-6a232aa23f00"
        ],
        "x-ms-routing-request-id": [
          "WESTUS:20210516T232128Z:4d1d4464-0e79-4e27-ad0f-6a232aa23f00"
        ],
        "Strict-Transport-Security": [
          "max-age=31536000; includeSubDomains"
        ],
        "X-Content-Type-Options": [
          "nosniff"
        ],
        "Date": [
          "Sun, 16 May 2021 23:21:27 GMT"
        ],
        "Content-Length": [
          "106"
        ],
        "Content-Type": [
          "application/json; charset=utf-8"
        ],
        "Expires": [
          "-1"
        ]
      },
      "ResponseBody": "{\r\n  \"name\": \"d2d2934c-d4c3-43d5-b830-8abce4ceb8b1\",\r\n  \"status\": \"Succeeded\",\r\n  \"startTime\": \"2021-05-16T23:20:22.29Z\"\r\n}",
      "StatusCode": 200
    },
    {
      "RequestUri": "/subscriptions/2c647056-bab2-4175-b172-493ff049eb29/resourceGroups/ps3726/providers/Microsoft.Sql/servers/ps3799/dnsAliases/ps4067?api-version=2020-11-01-preview",
      "EncodedRequestUri": "L3N1YnNjcmlwdGlvbnMvMmM2NDcwNTYtYmFiMi00MTc1LWIxNzItNDkzZmYwNDllYjI5L3Jlc291cmNlR3JvdXBzL3BzMzcyNi9wcm92aWRlcnMvTWljcm9zb2Z0LlNxbC9zZXJ2ZXJzL3BzMzc5OS9kbnNBbGlhc2VzL3BzNDA2Nz9hcGktdmVyc2lvbj0yMDIwLTExLTAxLXByZXZpZXc=",
      "RequestMethod": "GET",
      "RequestBody": "",
      "RequestHeaders": {
        "x-ms-client-request-id": [
          "7cc1ca3e-3111-4678-94c7-212cce35ec94"
        ],
        "Accept-Language": [
          "en-US"
        ],
        "User-Agent": [
          "FxVersion/4.6.29916.01",
          "OSName/Windows",
          "OSVersion/Microsoft.Windows.10.0.14393.",
          "Microsoft.Azure.Management.Sql.SqlManagementClient/1.52.0.0"
        ]
      },
      "ResponseHeaders": {
        "Cache-Control": [
          "no-cache"
        ],
        "Pragma": [
          "no-cache"
        ],
        "x-ms-request-id": [
          "f293ca79-04b7-43ca-99f7-f8be2e4b4a12"
        ],
        "Server": [
          "Microsoft-HTTPAPI/2.0"
        ],
        "x-ms-ratelimit-remaining-subscription-reads": [
          "11989"
        ],
        "x-ms-correlation-request-id": [
          "a647d5ba-da66-497a-99a7-b7992404c186"
        ],
        "x-ms-routing-request-id": [
          "WESTUS:20210516T232128Z:a647d5ba-da66-497a-99a7-b7992404c186"
        ],
        "Strict-Transport-Security": [
          "max-age=31536000; includeSubDomains"
        ],
        "X-Content-Type-Options": [
          "nosniff"
        ],
        "Date": [
          "Sun, 16 May 2021 23:21:28 GMT"
        ],
        "Content-Length": [
          "149"
        ],
        "Content-Type": [
          "application/json; charset=utf-8"
        ],
        "Expires": [
          "-1"
        ]
      },
      "ResponseBody": "{\r\n  \"error\": {\r\n    \"code\": \"ResourceNotFound\",\r\n    \"message\": \"The requested resource of type 'Microsoft.Sql/servers/dnsAliases' with name 'ps4067' was not found.\"\r\n  }\r\n}",
      "StatusCode": 404
    },
    {
      "RequestUri": "/subscriptions/2c647056-bab2-4175-b172-493ff049eb29/resourceGroups/ps3726/providers/Microsoft.Sql/servers/ps3799/dnsAliases/ps4067?api-version=2020-11-01-preview",
      "EncodedRequestUri": "L3N1YnNjcmlwdGlvbnMvMmM2NDcwNTYtYmFiMi00MTc1LWIxNzItNDkzZmYwNDllYjI5L3Jlc291cmNlR3JvdXBzL3BzMzcyNi9wcm92aWRlcnMvTWljcm9zb2Z0LlNxbC9zZXJ2ZXJzL3BzMzc5OS9kbnNBbGlhc2VzL3BzNDA2Nz9hcGktdmVyc2lvbj0yMDIwLTExLTAxLXByZXZpZXc=",
      "RequestMethod": "GET",
      "RequestBody": "",
      "RequestHeaders": {
        "User-Agent": [
          "FxVersion/4.6.29916.01",
          "OSName/Windows",
          "OSVersion/Microsoft.Windows.10.0.14393.",
          "Microsoft.Azure.Management.Sql.SqlManagementClient/1.52.0.0"
        ]
      },
      "ResponseHeaders": {
        "Cache-Control": [
          "no-cache"
        ],
        "Pragma": [
          "no-cache"
        ],
        "x-ms-request-id": [
          "f0dd014c-7474-4096-a303-e3c1b2fd3255"
        ],
        "Server": [
          "Microsoft-HTTPAPI/2.0"
        ],
        "x-ms-ratelimit-remaining-subscription-reads": [
          "11987"
        ],
        "x-ms-correlation-request-id": [
          "4b632fc4-b329-4f3d-8b0e-d75d7cb0393d"
        ],
        "x-ms-routing-request-id": [
          "WESTUS:20210516T232131Z:4b632fc4-b329-4f3d-8b0e-d75d7cb0393d"
        ],
        "Strict-Transport-Security": [
          "max-age=31536000; includeSubDomains"
        ],
        "X-Content-Type-Options": [
          "nosniff"
        ],
        "Date": [
          "Sun, 16 May 2021 23:21:30 GMT"
        ],
        "Content-Length": [
          "259"
        ],
        "Content-Type": [
          "application/json; charset=utf-8"
        ],
        "Expires": [
          "-1"
        ]
      },
      "ResponseBody": "{\r\n  \"properties\": {\r\n    \"azureDnsRecord\": \"ps4067.database.windows.net\"\r\n  },\r\n  \"id\": \"/subscriptions/2c647056-bab2-4175-b172-493ff049eb29/resourceGroups/ps3726/providers/Microsoft.Sql/servers/ps3799/dnsAliases/ps4067\",\r\n  \"name\": \"ps4067\",\r\n  \"type\": \"Microsoft.Sql/servers/dnsAliases\"\r\n}",
      "StatusCode": 200
    },
    {
      "RequestUri": "/subscriptions/2c647056-bab2-4175-b172-493ff049eb29/resourceGroups/ps3726/providers/Microsoft.Sql/servers/ps3799/dnsAliases/ps4067?api-version=2020-11-01-preview",
      "EncodedRequestUri": "L3N1YnNjcmlwdGlvbnMvMmM2NDcwNTYtYmFiMi00MTc1LWIxNzItNDkzZmYwNDllYjI5L3Jlc291cmNlR3JvdXBzL3BzMzcyNi9wcm92aWRlcnMvTWljcm9zb2Z0LlNxbC9zZXJ2ZXJzL3BzMzc5OS9kbnNBbGlhc2VzL3BzNDA2Nz9hcGktdmVyc2lvbj0yMDIwLTExLTAxLXByZXZpZXc=",
      "RequestMethod": "PUT",
      "RequestBody": "",
      "RequestHeaders": {
        "x-ms-client-request-id": [
          "1dfce104-01bf-4fe6-8413-630a1ac96cda"
        ],
        "Accept-Language": [
          "en-US"
        ],
        "User-Agent": [
          "FxVersion/4.6.29916.01",
          "OSName/Windows",
          "OSVersion/Microsoft.Windows.10.0.14393.",
          "Microsoft.Azure.Management.Sql.SqlManagementClient/1.52.0.0"
        ]
      },
      "ResponseHeaders": {
        "Cache-Control": [
          "no-cache"
        ],
        "Pragma": [
          "no-cache"
        ],
        "Location": [
          "https://management.azure.com/subscriptions/2c647056-bab2-4175-b172-493ff049eb29/providers/Microsoft.Sql/locations/eastus2euap/dnsAliasOperationResults/8d3e33a2-a558-4433-a499-09f4cc040072?api-version=2020-11-01-preview"
        ],
        "Retry-After": [
          "1"
        ],
        "Azure-AsyncOperation": [
          "https://management.azure.com/subscriptions/2c647056-bab2-4175-b172-493ff049eb29/providers/Microsoft.Sql/locations/eastus2euap/dnsAliasAsyncOperation/8d3e33a2-a558-4433-a499-09f4cc040072?api-version=2020-11-01-preview"
        ],
        "x-ms-request-id": [
          "0dfa22b8-0018-433e-a690-19412a0c80e8"
        ],
        "Server": [
          "Microsoft-HTTPAPI/2.0"
        ],
        "x-ms-ratelimit-remaining-subscription-writes": [
          "1198"
        ],
        "x-ms-correlation-request-id": [
          "b41e4f58-7769-4d97-8986-6c71aa645fc3"
        ],
        "x-ms-routing-request-id": [
          "WESTUS:20210516T232129Z:b41e4f58-7769-4d97-8986-6c71aa645fc3"
        ],
        "Strict-Transport-Security": [
          "max-age=31536000; includeSubDomains"
        ],
        "X-Content-Type-Options": [
          "nosniff"
        ],
        "Date": [
          "Sun, 16 May 2021 23:21:29 GMT"
        ],
        "Content-Length": [
          "75"
        ],
        "Content-Type": [
          "application/json; charset=utf-8"
        ],
        "Expires": [
          "-1"
        ]
      },
      "ResponseBody": "{\r\n  \"operation\": \"CreateServerDnsAlias\",\r\n  \"startTime\": \"2021-05-16T23:21:28.793Z\"\r\n}",
      "StatusCode": 202
    },
    {
      "RequestUri": "/subscriptions/2c647056-bab2-4175-b172-493ff049eb29/providers/Microsoft.Sql/locations/eastus2euap/dnsAliasAsyncOperation/8d3e33a2-a558-4433-a499-09f4cc040072?api-version=2020-11-01-preview",
      "EncodedRequestUri": "L3N1YnNjcmlwdGlvbnMvMmM2NDcwNTYtYmFiMi00MTc1LWIxNzItNDkzZmYwNDllYjI5L3Byb3ZpZGVycy9NaWNyb3NvZnQuU3FsL2xvY2F0aW9ucy9lYXN0dXMyZXVhcC9kbnNBbGlhc0FzeW5jT3BlcmF0aW9uLzhkM2UzM2EyLWE1NTgtNDQzMy1hNDk5LTA5ZjRjYzA0MDA3Mj9hcGktdmVyc2lvbj0yMDIwLTExLTAxLXByZXZpZXc=",
      "RequestMethod": "GET",
      "RequestBody": "",
      "RequestHeaders": {
        "User-Agent": [
          "FxVersion/4.6.29916.01",
          "OSName/Windows",
          "OSVersion/Microsoft.Windows.10.0.14393.",
          "Microsoft.Azure.Management.Sql.SqlManagementClient/1.52.0.0"
        ]
      },
      "ResponseHeaders": {
        "Cache-Control": [
          "no-cache"
        ],
        "Pragma": [
          "no-cache"
        ],
        "Retry-After": [
          "15"
        ],
        "x-ms-request-id": [
          "e02bd47b-81e3-4dc3-a1be-6dcb6637d7a3"
        ],
        "Server": [
          "Microsoft-HTTPAPI/2.0"
        ],
        "x-ms-ratelimit-remaining-subscription-reads": [
          "11988"
        ],
        "x-ms-correlation-request-id": [
          "ff73a47e-7597-42cb-8e58-3a1cf1bc227f"
        ],
        "x-ms-routing-request-id": [
          "WESTUS:20210516T232130Z:ff73a47e-7597-42cb-8e58-3a1cf1bc227f"
        ],
        "Strict-Transport-Security": [
          "max-age=31536000; includeSubDomains"
        ],
        "X-Content-Type-Options": [
          "nosniff"
        ],
        "Date": [
          "Sun, 16 May 2021 23:21:30 GMT"
        ],
        "Content-Length": [
          "107"
        ],
        "Content-Type": [
          "application/json; charset=utf-8"
        ],
        "Expires": [
          "-1"
        ]
      },
      "ResponseBody": "{\r\n  \"name\": \"8d3e33a2-a558-4433-a499-09f4cc040072\",\r\n  \"status\": \"Succeeded\",\r\n  \"startTime\": \"2021-05-16T23:21:28.793Z\"\r\n}",
      "StatusCode": 200
    },
    {
      "RequestUri": "/subscriptions/2c647056-bab2-4175-b172-493ff049eb29/resourcegroups/ps3726?api-version=2016-09-01",
      "EncodedRequestUri": "L3N1YnNjcmlwdGlvbnMvMmM2NDcwNTYtYmFiMi00MTc1LWIxNzItNDkzZmYwNDllYjI5L3Jlc291cmNlZ3JvdXBzL3BzMzcyNj9hcGktdmVyc2lvbj0yMDE2LTA5LTAx",
      "RequestMethod": "DELETE",
      "RequestBody": "",
      "RequestHeaders": {
        "x-ms-client-request-id": [
          "f44f41e8-1779-4553-90c2-845b53da2320"
        ],
        "Accept-Language": [
          "en-US"
        ],
        "User-Agent": [
          "FxVersion/4.6.29916.01",
          "OSName/Windows",
          "OSVersion/Microsoft.Windows.10.0.14393.",
          "Microsoft.Azure.Management.Internal.Resources.ResourceManagementClient/1.3.32"
        ]
      },
      "ResponseHeaders": {
        "Cache-Control": [
          "no-cache"
        ],
        "Pragma": [
          "no-cache"
        ],
        "Location": [
          "https://management.azure.com/subscriptions/2c647056-bab2-4175-b172-493ff049eb29/operationresults/eyJqb2JJZCI6IlJFU09VUkNFR1JPVVBERUxFVElPTkpPQi1QUzM3MjYtRUFTVFVTMkVVQVAiLCJqb2JMb2NhdGlvbiI6ImVhc3R1czJldWFwIn0?api-version=2016-09-01"
        ],
        "Retry-After": [
          "15"
        ],
        "x-ms-ratelimit-remaining-subscription-deletes": [
          "14999"
        ],
        "x-ms-request-id": [
          "0ce7e15c-152a-4021-9257-8c1886040ab5"
        ],
        "x-ms-correlation-request-id": [
          "0ce7e15c-152a-4021-9257-8c1886040ab5"
        ],
        "x-ms-routing-request-id": [
          "WESTCENTRALUS:20210516T232132Z:0ce7e15c-152a-4021-9257-8c1886040ab5"
        ],
        "Strict-Transport-Security": [
          "max-age=31536000; includeSubDomains"
        ],
        "X-Content-Type-Options": [
          "nosniff"
        ],
        "Date": [
          "Sun, 16 May 2021 23:21:31 GMT"
        ],
        "Expires": [
          "-1"
        ],
        "Content-Length": [
          "0"
        ]
      },
      "ResponseBody": "",
      "StatusCode": 202
    },
    {
      "RequestUri": "/subscriptions/2c647056-bab2-4175-b172-493ff049eb29/operationresults/eyJqb2JJZCI6IlJFU09VUkNFR1JPVVBERUxFVElPTkpPQi1QUzM3MjYtRUFTVFVTMkVVQVAiLCJqb2JMb2NhdGlvbiI6ImVhc3R1czJldWFwIn0?api-version=2016-09-01",
      "EncodedRequestUri": "L3N1YnNjcmlwdGlvbnMvMmM2NDcwNTYtYmFiMi00MTc1LWIxNzItNDkzZmYwNDllYjI5L29wZXJhdGlvbnJlc3VsdHMvZXlKcWIySkpaQ0k2SWxKRlUwOVZVa05GUjFKUFZWQkVSVXhGVkVsUFRrcFBRaTFRVXpNM01qWXRSVUZUVkZWVE1rVlZRVkFpTENKcWIySk1iMk5oZEdsdmJpSTZJbVZoYzNSMWN6SmxkV0Z3SW4wP2FwaS12ZXJzaW9uPTIwMTYtMDktMDE=",
      "RequestMethod": "GET",
      "RequestBody": "",
      "RequestHeaders": {
        "User-Agent": [
          "FxVersion/4.6.29916.01",
          "OSName/Windows",
          "OSVersion/Microsoft.Windows.10.0.14393.",
          "Microsoft.Azure.Management.Internal.Resources.ResourceManagementClient/1.3.32"
        ]
      },
      "ResponseHeaders": {
        "Cache-Control": [
          "no-cache"
        ],
        "Pragma": [
          "no-cache"
        ],
        "Location": [
          "https://management.azure.com/subscriptions/2c647056-bab2-4175-b172-493ff049eb29/operationresults/eyJqb2JJZCI6IlJFU09VUkNFR1JPVVBERUxFVElPTkpPQi1QUzM3MjYtRUFTVFVTMkVVQVAiLCJqb2JMb2NhdGlvbiI6ImVhc3R1czJldWFwIn0?api-version=2016-09-01"
        ],
        "Retry-After": [
          "15"
        ],
        "x-ms-ratelimit-remaining-subscription-reads": [
          "11999"
        ],
        "x-ms-request-id": [
          "24d714e6-67bf-4d5a-85b5-2f1ea9e94f76"
        ],
        "x-ms-correlation-request-id": [
          "24d714e6-67bf-4d5a-85b5-2f1ea9e94f76"
        ],
        "x-ms-routing-request-id": [
          "WESTCENTRALUS:20210516T232147Z:24d714e6-67bf-4d5a-85b5-2f1ea9e94f76"
        ],
        "Strict-Transport-Security": [
          "max-age=31536000; includeSubDomains"
        ],
        "X-Content-Type-Options": [
          "nosniff"
        ],
        "Date": [
          "Sun, 16 May 2021 23:21:46 GMT"
        ],
        "Expires": [
          "-1"
        ],
        "Content-Length": [
          "0"
        ]
      },
      "ResponseBody": "",
      "StatusCode": 202
    },
    {
      "RequestUri": "/subscriptions/2c647056-bab2-4175-b172-493ff049eb29/operationresults/eyJqb2JJZCI6IlJFU09VUkNFR1JPVVBERUxFVElPTkpPQi1QUzM3MjYtRUFTVFVTMkVVQVAiLCJqb2JMb2NhdGlvbiI6ImVhc3R1czJldWFwIn0?api-version=2016-09-01",
      "EncodedRequestUri": "L3N1YnNjcmlwdGlvbnMvMmM2NDcwNTYtYmFiMi00MTc1LWIxNzItNDkzZmYwNDllYjI5L29wZXJhdGlvbnJlc3VsdHMvZXlKcWIySkpaQ0k2SWxKRlUwOVZVa05GUjFKUFZWQkVSVXhGVkVsUFRrcFBRaTFRVXpNM01qWXRSVUZUVkZWVE1rVlZRVkFpTENKcWIySk1iMk5oZEdsdmJpSTZJbVZoYzNSMWN6SmxkV0Z3SW4wP2FwaS12ZXJzaW9uPTIwMTYtMDktMDE=",
      "RequestMethod": "GET",
      "RequestBody": "",
      "RequestHeaders": {
        "User-Agent": [
          "FxVersion/4.6.29916.01",
          "OSName/Windows",
          "OSVersion/Microsoft.Windows.10.0.14393.",
          "Microsoft.Azure.Management.Internal.Resources.ResourceManagementClient/1.3.32"
        ]
      },
      "ResponseHeaders": {
        "Cache-Control": [
          "no-cache"
        ],
        "Pragma": [
          "no-cache"
        ],
        "Location": [
          "https://management.azure.com/subscriptions/2c647056-bab2-4175-b172-493ff049eb29/operationresults/eyJqb2JJZCI6IlJFU09VUkNFR1JPVVBERUxFVElPTkpPQi1QUzM3MjYtRUFTVFVTMkVVQVAiLCJqb2JMb2NhdGlvbiI6ImVhc3R1czJldWFwIn0?api-version=2016-09-01"
        ],
        "Retry-After": [
          "15"
        ],
        "x-ms-ratelimit-remaining-subscription-reads": [
          "11998"
        ],
        "x-ms-request-id": [
          "5b1f8539-519c-4faa-903a-393002b9eb2d"
        ],
        "x-ms-correlation-request-id": [
          "5b1f8539-519c-4faa-903a-393002b9eb2d"
        ],
        "x-ms-routing-request-id": [
          "WESTCENTRALUS:20210516T232202Z:5b1f8539-519c-4faa-903a-393002b9eb2d"
        ],
        "Strict-Transport-Security": [
          "max-age=31536000; includeSubDomains"
        ],
        "X-Content-Type-Options": [
          "nosniff"
        ],
        "Date": [
          "Sun, 16 May 2021 23:22:01 GMT"
        ],
        "Expires": [
          "-1"
        ],
        "Content-Length": [
          "0"
        ]
      },
      "ResponseBody": "",
      "StatusCode": 202
    },
    {
      "RequestUri": "/subscriptions/2c647056-bab2-4175-b172-493ff049eb29/operationresults/eyJqb2JJZCI6IlJFU09VUkNFR1JPVVBERUxFVElPTkpPQi1QUzM3MjYtRUFTVFVTMkVVQVAiLCJqb2JMb2NhdGlvbiI6ImVhc3R1czJldWFwIn0?api-version=2016-09-01",
      "EncodedRequestUri": "L3N1YnNjcmlwdGlvbnMvMmM2NDcwNTYtYmFiMi00MTc1LWIxNzItNDkzZmYwNDllYjI5L29wZXJhdGlvbnJlc3VsdHMvZXlKcWIySkpaQ0k2SWxKRlUwOVZVa05GUjFKUFZWQkVSVXhGVkVsUFRrcFBRaTFRVXpNM01qWXRSVUZUVkZWVE1rVlZRVkFpTENKcWIySk1iMk5oZEdsdmJpSTZJbVZoYzNSMWN6SmxkV0Z3SW4wP2FwaS12ZXJzaW9uPTIwMTYtMDktMDE=",
      "RequestMethod": "GET",
      "RequestBody": "",
      "RequestHeaders": {
        "User-Agent": [
          "FxVersion/4.6.29916.01",
          "OSName/Windows",
          "OSVersion/Microsoft.Windows.10.0.14393.",
          "Microsoft.Azure.Management.Internal.Resources.ResourceManagementClient/1.3.32"
        ]
      },
      "ResponseHeaders": {
        "Cache-Control": [
          "no-cache"
        ],
        "Pragma": [
          "no-cache"
        ],
        "Location": [
          "https://management.azure.com/subscriptions/2c647056-bab2-4175-b172-493ff049eb29/operationresults/eyJqb2JJZCI6IlJFU09VUkNFR1JPVVBERUxFVElPTkpPQi1QUzM3MjYtRUFTVFVTMkVVQVAiLCJqb2JMb2NhdGlvbiI6ImVhc3R1czJldWFwIn0?api-version=2016-09-01"
        ],
        "Retry-After": [
          "15"
        ],
        "x-ms-ratelimit-remaining-subscription-reads": [
          "11997"
        ],
        "x-ms-request-id": [
          "313439da-ab9c-4138-8571-3f01684c708c"
        ],
        "x-ms-correlation-request-id": [
          "313439da-ab9c-4138-8571-3f01684c708c"
        ],
        "x-ms-routing-request-id": [
          "WESTCENTRALUS:20210516T232217Z:313439da-ab9c-4138-8571-3f01684c708c"
        ],
        "Strict-Transport-Security": [
          "max-age=31536000; includeSubDomains"
        ],
        "X-Content-Type-Options": [
          "nosniff"
        ],
        "Date": [
          "Sun, 16 May 2021 23:22:17 GMT"
        ],
        "Expires": [
          "-1"
        ],
        "Content-Length": [
          "0"
        ]
      },
      "ResponseBody": "",
      "StatusCode": 202
    },
    {
      "RequestUri": "/subscriptions/2c647056-bab2-4175-b172-493ff049eb29/operationresults/eyJqb2JJZCI6IlJFU09VUkNFR1JPVVBERUxFVElPTkpPQi1QUzM3MjYtRUFTVFVTMkVVQVAiLCJqb2JMb2NhdGlvbiI6ImVhc3R1czJldWFwIn0?api-version=2016-09-01",
      "EncodedRequestUri": "L3N1YnNjcmlwdGlvbnMvMmM2NDcwNTYtYmFiMi00MTc1LWIxNzItNDkzZmYwNDllYjI5L29wZXJhdGlvbnJlc3VsdHMvZXlKcWIySkpaQ0k2SWxKRlUwOVZVa05GUjFKUFZWQkVSVXhGVkVsUFRrcFBRaTFRVXpNM01qWXRSVUZUVkZWVE1rVlZRVkFpTENKcWIySk1iMk5oZEdsdmJpSTZJbVZoYzNSMWN6SmxkV0Z3SW4wP2FwaS12ZXJzaW9uPTIwMTYtMDktMDE=",
      "RequestMethod": "GET",
      "RequestBody": "",
      "RequestHeaders": {
        "User-Agent": [
          "FxVersion/4.6.29916.01",
          "OSName/Windows",
          "OSVersion/Microsoft.Windows.10.0.14393.",
          "Microsoft.Azure.Management.Internal.Resources.ResourceManagementClient/1.3.32"
        ]
      },
      "ResponseHeaders": {
        "Cache-Control": [
          "no-cache"
        ],
        "Pragma": [
          "no-cache"
        ],
        "Location": [
          "https://management.azure.com/subscriptions/2c647056-bab2-4175-b172-493ff049eb29/operationresults/eyJqb2JJZCI6IlJFU09VUkNFR1JPVVBERUxFVElPTkpPQi1QUzM3MjYtRUFTVFVTMkVVQVAiLCJqb2JMb2NhdGlvbiI6ImVhc3R1czJldWFwIn0?api-version=2016-09-01"
        ],
        "Retry-After": [
          "15"
        ],
        "x-ms-ratelimit-remaining-subscription-reads": [
          "11996"
        ],
        "x-ms-request-id": [
          "e3f83def-e4df-4b47-8784-e411b399587f"
        ],
        "x-ms-correlation-request-id": [
          "e3f83def-e4df-4b47-8784-e411b399587f"
        ],
        "x-ms-routing-request-id": [
          "WESTCENTRALUS:20210516T232232Z:e3f83def-e4df-4b47-8784-e411b399587f"
        ],
        "Strict-Transport-Security": [
          "max-age=31536000; includeSubDomains"
        ],
        "X-Content-Type-Options": [
          "nosniff"
        ],
        "Date": [
          "Sun, 16 May 2021 23:22:32 GMT"
        ],
        "Expires": [
          "-1"
        ],
        "Content-Length": [
          "0"
        ]
      },
      "ResponseBody": "",
      "StatusCode": 202
    },
    {
      "RequestUri": "/subscriptions/2c647056-bab2-4175-b172-493ff049eb29/operationresults/eyJqb2JJZCI6IlJFU09VUkNFR1JPVVBERUxFVElPTkpPQi1QUzM3MjYtRUFTVFVTMkVVQVAiLCJqb2JMb2NhdGlvbiI6ImVhc3R1czJldWFwIn0?api-version=2016-09-01",
      "EncodedRequestUri": "L3N1YnNjcmlwdGlvbnMvMmM2NDcwNTYtYmFiMi00MTc1LWIxNzItNDkzZmYwNDllYjI5L29wZXJhdGlvbnJlc3VsdHMvZXlKcWIySkpaQ0k2SWxKRlUwOVZVa05GUjFKUFZWQkVSVXhGVkVsUFRrcFBRaTFRVXpNM01qWXRSVUZUVkZWVE1rVlZRVkFpTENKcWIySk1iMk5oZEdsdmJpSTZJbVZoYzNSMWN6SmxkV0Z3SW4wP2FwaS12ZXJzaW9uPTIwMTYtMDktMDE=",
      "RequestMethod": "GET",
      "RequestBody": "",
      "RequestHeaders": {
        "User-Agent": [
          "FxVersion/4.6.29916.01",
          "OSName/Windows",
          "OSVersion/Microsoft.Windows.10.0.14393.",
          "Microsoft.Azure.Management.Internal.Resources.ResourceManagementClient/1.3.32"
        ]
      },
      "ResponseHeaders": {
        "Cache-Control": [
          "no-cache"
        ],
        "Pragma": [
          "no-cache"
        ],
        "Location": [
          "https://management.azure.com/subscriptions/2c647056-bab2-4175-b172-493ff049eb29/operationresults/eyJqb2JJZCI6IlJFU09VUkNFR1JPVVBERUxFVElPTkpPQi1QUzM3MjYtRUFTVFVTMkVVQVAiLCJqb2JMb2NhdGlvbiI6ImVhc3R1czJldWFwIn0?api-version=2016-09-01"
        ],
        "Retry-After": [
          "15"
        ],
        "x-ms-ratelimit-remaining-subscription-reads": [
          "11995"
        ],
        "x-ms-request-id": [
          "390974a5-5fa2-445a-8f31-50c741ad8a41"
        ],
        "x-ms-correlation-request-id": [
          "390974a5-5fa2-445a-8f31-50c741ad8a41"
        ],
        "x-ms-routing-request-id": [
          "WESTCENTRALUS:20210516T232247Z:390974a5-5fa2-445a-8f31-50c741ad8a41"
        ],
        "Strict-Transport-Security": [
          "max-age=31536000; includeSubDomains"
        ],
        "X-Content-Type-Options": [
          "nosniff"
        ],
        "Date": [
          "Sun, 16 May 2021 23:22:47 GMT"
        ],
        "Expires": [
          "-1"
        ],
        "Content-Length": [
          "0"
        ]
      },
      "ResponseBody": "",
      "StatusCode": 202
    },
    {
      "RequestUri": "/subscriptions/2c647056-bab2-4175-b172-493ff049eb29/operationresults/eyJqb2JJZCI6IlJFU09VUkNFR1JPVVBERUxFVElPTkpPQi1QUzM3MjYtRUFTVFVTMkVVQVAiLCJqb2JMb2NhdGlvbiI6ImVhc3R1czJldWFwIn0?api-version=2016-09-01",
      "EncodedRequestUri": "L3N1YnNjcmlwdGlvbnMvMmM2NDcwNTYtYmFiMi00MTc1LWIxNzItNDkzZmYwNDllYjI5L29wZXJhdGlvbnJlc3VsdHMvZXlKcWIySkpaQ0k2SWxKRlUwOVZVa05GUjFKUFZWQkVSVXhGVkVsUFRrcFBRaTFRVXpNM01qWXRSVUZUVkZWVE1rVlZRVkFpTENKcWIySk1iMk5oZEdsdmJpSTZJbVZoYzNSMWN6SmxkV0Z3SW4wP2FwaS12ZXJzaW9uPTIwMTYtMDktMDE=",
      "RequestMethod": "GET",
      "RequestBody": "",
      "RequestHeaders": {
        "User-Agent": [
          "FxVersion/4.6.29916.01",
          "OSName/Windows",
          "OSVersion/Microsoft.Windows.10.0.14393.",
          "Microsoft.Azure.Management.Internal.Resources.ResourceManagementClient/1.3.32"
        ]
      },
      "ResponseHeaders": {
        "Cache-Control": [
          "no-cache"
        ],
        "Pragma": [
          "no-cache"
        ],
        "Location": [
          "https://management.azure.com/subscriptions/2c647056-bab2-4175-b172-493ff049eb29/operationresults/eyJqb2JJZCI6IlJFU09VUkNFR1JPVVBERUxFVElPTkpPQi1QUzM3MjYtRUFTVFVTMkVVQVAiLCJqb2JMb2NhdGlvbiI6ImVhc3R1czJldWFwIn0?api-version=2016-09-01"
        ],
        "Retry-After": [
          "15"
        ],
        "x-ms-ratelimit-remaining-subscription-reads": [
          "11994"
        ],
        "x-ms-request-id": [
          "9ed0c129-3a3c-4380-8524-0e1bca60bfb0"
        ],
        "x-ms-correlation-request-id": [
          "9ed0c129-3a3c-4380-8524-0e1bca60bfb0"
        ],
        "x-ms-routing-request-id": [
          "WESTCENTRALUS:20210516T232303Z:9ed0c129-3a3c-4380-8524-0e1bca60bfb0"
        ],
        "Strict-Transport-Security": [
          "max-age=31536000; includeSubDomains"
        ],
        "X-Content-Type-Options": [
          "nosniff"
        ],
        "Date": [
          "Sun, 16 May 2021 23:23:02 GMT"
        ],
        "Expires": [
          "-1"
        ],
        "Content-Length": [
          "0"
        ]
      },
      "ResponseBody": "",
      "StatusCode": 202
    },
    {
      "RequestUri": "/subscriptions/2c647056-bab2-4175-b172-493ff049eb29/operationresults/eyJqb2JJZCI6IlJFU09VUkNFR1JPVVBERUxFVElPTkpPQi1QUzM3MjYtRUFTVFVTMkVVQVAiLCJqb2JMb2NhdGlvbiI6ImVhc3R1czJldWFwIn0?api-version=2016-09-01",
      "EncodedRequestUri": "L3N1YnNjcmlwdGlvbnMvMmM2NDcwNTYtYmFiMi00MTc1LWIxNzItNDkzZmYwNDllYjI5L29wZXJhdGlvbnJlc3VsdHMvZXlKcWIySkpaQ0k2SWxKRlUwOVZVa05GUjFKUFZWQkVSVXhGVkVsUFRrcFBRaTFRVXpNM01qWXRSVUZUVkZWVE1rVlZRVkFpTENKcWIySk1iMk5oZEdsdmJpSTZJbVZoYzNSMWN6SmxkV0Z3SW4wP2FwaS12ZXJzaW9uPTIwMTYtMDktMDE=",
      "RequestMethod": "GET",
      "RequestBody": "",
      "RequestHeaders": {
        "User-Agent": [
          "FxVersion/4.6.29916.01",
          "OSName/Windows",
          "OSVersion/Microsoft.Windows.10.0.14393.",
          "Microsoft.Azure.Management.Internal.Resources.ResourceManagementClient/1.3.32"
        ]
      },
      "ResponseHeaders": {
        "Cache-Control": [
          "no-cache"
        ],
        "Pragma": [
          "no-cache"
        ],
        "x-ms-ratelimit-remaining-subscription-reads": [
          "11993"
        ],
        "x-ms-request-id": [
          "8d256207-26bc-4617-b03b-3c75f6b75b31"
        ],
        "x-ms-correlation-request-id": [
          "8d256207-26bc-4617-b03b-3c75f6b75b31"
        ],
        "x-ms-routing-request-id": [
          "WESTCENTRALUS:20210516T232318Z:8d256207-26bc-4617-b03b-3c75f6b75b31"
        ],
        "Strict-Transport-Security": [
          "max-age=31536000; includeSubDomains"
        ],
        "X-Content-Type-Options": [
          "nosniff"
        ],
        "Date": [
          "Sun, 16 May 2021 23:23:17 GMT"
        ],
        "Expires": [
          "-1"
        ],
        "Content-Length": [
          "0"
        ]
      },
      "ResponseBody": "",
      "StatusCode": 200
    },
    {
      "RequestUri": "/subscriptions/2c647056-bab2-4175-b172-493ff049eb29/operationresults/eyJqb2JJZCI6IlJFU09VUkNFR1JPVVBERUxFVElPTkpPQi1QUzM3MjYtRUFTVFVTMkVVQVAiLCJqb2JMb2NhdGlvbiI6ImVhc3R1czJldWFwIn0?api-version=2016-09-01",
      "EncodedRequestUri": "L3N1YnNjcmlwdGlvbnMvMmM2NDcwNTYtYmFiMi00MTc1LWIxNzItNDkzZmYwNDllYjI5L29wZXJhdGlvbnJlc3VsdHMvZXlKcWIySkpaQ0k2SWxKRlUwOVZVa05GUjFKUFZWQkVSVXhGVkVsUFRrcFBRaTFRVXpNM01qWXRSVUZUVkZWVE1rVlZRVkFpTENKcWIySk1iMk5oZEdsdmJpSTZJbVZoYzNSMWN6SmxkV0Z3SW4wP2FwaS12ZXJzaW9uPTIwMTYtMDktMDE=",
      "RequestMethod": "GET",
      "RequestBody": "",
      "RequestHeaders": {
        "User-Agent": [
          "FxVersion/4.6.29916.01",
          "OSName/Windows",
          "OSVersion/Microsoft.Windows.10.0.14393.",
          "Microsoft.Azure.Management.Internal.Resources.ResourceManagementClient/1.3.32"
        ]
      },
      "ResponseHeaders": {
        "Cache-Control": [
          "no-cache"
        ],
        "Pragma": [
          "no-cache"
        ],
        "x-ms-ratelimit-remaining-subscription-reads": [
          "11992"
        ],
        "x-ms-request-id": [
          "3528db63-fbc4-4399-b414-bb85904ea34b"
        ],
        "x-ms-correlation-request-id": [
          "3528db63-fbc4-4399-b414-bb85904ea34b"
        ],
        "x-ms-routing-request-id": [
          "WESTCENTRALUS:20210516T232318Z:3528db63-fbc4-4399-b414-bb85904ea34b"
        ],
        "Strict-Transport-Security": [
          "max-age=31536000; includeSubDomains"
        ],
        "X-Content-Type-Options": [
          "nosniff"
        ],
        "Date": [
          "Sun, 16 May 2021 23:23:17 GMT"
        ],
        "Expires": [
          "-1"
        ],
        "Content-Length": [
          "0"
        ]
      },
      "ResponseBody": "",
      "StatusCode": 200
    }
  ],
  "Names": {
    "Test-CreateServerDNSAlias": [
      "ps3726",
      "ps3799",
      "ps4067"
    ]
  },
  "Variables": {
    "SubscriptionId": "2c647056-bab2-4175-b172-493ff049eb29"
  }
}