{
  "Entries": [
    {
      "RequestUri": "/subscriptions/6926fc75-ce7d-4c9e-a87f-c4e38c594eb5/resourcegroups/ps490?api-version=2016-09-01",
      "EncodedRequestUri": "L3N1YnNjcmlwdGlvbnMvNjkyNmZjNzUtY2U3ZC00YzllLWE4N2YtYzRlMzhjNTk0ZWI1L3Jlc291cmNlZ3JvdXBzL3BzNDkwP2FwaS12ZXJzaW9uPTIwMTYtMDktMDE=",
      "RequestMethod": "PUT",
      "RequestBody": "{\r\n  \"location\": \"West Central US\"\r\n}",
      "RequestHeaders": {
        "x-ms-client-request-id": [
          "6e114885-dd1a-4a02-b186-3b458edb6020"
        ],
        "accept-language": [
          "en-US"
        ],
        "User-Agent": [
          "FxVersion/4.7.3190.0",
          "OSName/Windows",
          "OSVersion/6.2.9200.0",
          "Microsoft.Azure.Management.Internal.Resources.ResourceManagementClient/4.1.0"
        ],
        "Content-Type": [
          "application/json; charset=utf-8"
        ],
        "Content-Length": [
          "37"
        ]
      },
      "ResponseHeaders": {
        "Pragma": [
          "no-cache"
        ],
        "x-ms-ratelimit-remaining-subscription-writes": [
          "1199"
        ],
        "x-ms-request-id": [
          "59823f62-5e3e-4111-83e6-d41d30106713"
        ],
        "x-ms-correlation-request-id": [
          "59823f62-5e3e-4111-83e6-d41d30106713"
        ],
        "x-ms-routing-request-id": [
          "WESTUS2:20181122T090826Z:59823f62-5e3e-4111-83e6-d41d30106713"
        ],
        "Strict-Transport-Security": [
          "max-age=31536000; includeSubDomains"
        ],
        "X-Content-Type-Options": [
          "nosniff"
        ],
        "Cache-Control": [
          "no-cache"
        ],
        "Date": [
          "Thu, 22 Nov 2018 09:08:25 GMT"
        ],
        "Content-Length": [
          "170"
        ],
        "Content-Type": [
          "application/json; charset=utf-8"
        ],
        "Expires": [
          "-1"
        ]
      },
      "ResponseBody": "{\r\n  \"id\": \"/subscriptions/6926fc75-ce7d-4c9e-a87f-c4e38c594eb5/resourceGroups/ps490\",\r\n  \"name\": \"ps490\",\r\n  \"location\": \"westcentralus\",\r\n  \"properties\": {\r\n    \"provisioningState\": \"Succeeded\"\r\n  }\r\n}",
      "StatusCode": 201
    },
    {
      "RequestUri": "/subscriptions/6926fc75-ce7d-4c9e-a87f-c4e38c594eb5/providers/Microsoft.Network/networkWatchers?api-version=2018-10-01",
      "EncodedRequestUri": "L3N1YnNjcmlwdGlvbnMvNjkyNmZjNzUtY2U3ZC00YzllLWE4N2YtYzRlMzhjNTk0ZWI1L3Byb3ZpZGVycy9NaWNyb3NvZnQuTmV0d29yay9uZXR3b3JrV2F0Y2hlcnM/YXBpLXZlcnNpb249MjAxOC0xMC0wMQ==",
      "RequestMethod": "GET",
      "RequestBody": "",
      "RequestHeaders": {
        "x-ms-client-request-id": [
          "5ed03cf6-59dd-4a52-94fe-7289a0853547"
        ],
        "accept-language": [
          "en-US"
        ],
        "User-Agent": [
          "FxVersion/4.7.3190.0",
          "OSName/Windows",
          "OSVersion/6.2.9200.0",
          "Microsoft.Azure.Management.Network.NetworkManagementClient/21.0.0.0"
        ]
      },
      "ResponseHeaders": {
        "Pragma": [
          "no-cache"
        ],
        "x-ms-original-request-ids": [
          "8f228363-cc8d-4908-b192-211d191b635e",
          "7a213991-ae1e-4030-8722-bcfd734222b8"
        ],
        "x-ms-ratelimit-remaining-subscription-reads": [
          "11999"
        ],
        "x-ms-request-id": [
          "f28aa4f5-f983-47a7-881c-476477a66cbb"
        ],
        "x-ms-correlation-request-id": [
          "f28aa4f5-f983-47a7-881c-476477a66cbb"
        ],
        "x-ms-routing-request-id": [
          "WESTUS2:20181122T090826Z:f28aa4f5-f983-47a7-881c-476477a66cbb"
        ],
        "Strict-Transport-Security": [
          "max-age=31536000; includeSubDomains"
        ],
        "X-Content-Type-Options": [
          "nosniff"
        ],
        "Cache-Control": [
          "no-cache"
        ],
        "Date": [
          "Thu, 22 Nov 2018 09:08:26 GMT"
        ],
        "Content-Length": [
          "774"
        ],
        "Content-Type": [
          "application/json; charset=utf-8"
        ],
        "Expires": [
          "-1"
        ]
      },
      "ResponseBody": "{\r\n  \"value\": [\r\n    {\r\n      \"name\": \"ps3459\",\r\n      \"id\": \"/subscriptions/6926fc75-ce7d-4c9e-a87f-c4e38c594eb5/resourceGroups/ps8763/providers/Microsoft.Network/networkWatchers/ps3459\",\r\n      \"etag\": \"W/\\\"774632c2-f607-4737-b8ee-3ef0a5a93ed6\\\"\",\r\n      \"type\": \"Microsoft.Network/networkWatchers\",\r\n      \"location\": \"eastus\",\r\n      \"properties\": {\r\n        \"provisioningState\": \"Succeeded\",\r\n        \"flowLogs\": [],\r\n        \"runningOperationIds\": []\r\n      }\r\n    },\r\n    {\r\n      \"name\": \"NetworkWatcher_centraluseuap\",\r\n      \"id\": \"/subscriptions/6926fc75-ce7d-4c9e-a87f-c4e38c594eb5/resourceGroups/NetworkWatcherRG/providers/Microsoft.Network/networkWatchers/NetworkWatcher_centraluseuap\",\r\n      \"etag\": \"W/\\\"c5905db9-7832-4f08-871f-fb1cddbcaadf\\\"\",\r\n      \"type\": \"Microsoft.Network/networkWatchers\",\r\n      \"location\": \"centraluseuap\",\r\n      \"properties\": {\r\n        \"provisioningState\": \"Succeeded\",\r\n        \"flowLogs\": [],\r\n        \"runningOperationIds\": []\r\n      }\r\n    }\r\n  ]\r\n}",
      "StatusCode": 200
    },
    {
      "RequestUri": "/subscriptions/6926fc75-ce7d-4c9e-a87f-c4e38c594eb5/providers/Microsoft.Network/networkWatchers?api-version=2018-10-01",
      "EncodedRequestUri": "L3N1YnNjcmlwdGlvbnMvNjkyNmZjNzUtY2U3ZC00YzllLWE4N2YtYzRlMzhjNTk0ZWI1L3Byb3ZpZGVycy9NaWNyb3NvZnQuTmV0d29yay9uZXR3b3JrV2F0Y2hlcnM/YXBpLXZlcnNpb249MjAxOC0xMC0wMQ==",
      "RequestMethod": "GET",
      "RequestBody": "",
      "RequestHeaders": {
        "x-ms-client-request-id": [
          "e566c058-2273-47f3-a6a7-9598a7ef70c7"
        ],
        "accept-language": [
          "en-US"
        ],
        "User-Agent": [
          "FxVersion/4.7.3190.0",
          "OSName/Windows",
          "OSVersion/6.2.9200.0",
          "Microsoft.Azure.Management.Network.NetworkManagementClient/21.0.0.0"
        ]
      },
      "ResponseHeaders": {
        "Pragma": [
          "no-cache"
        ],
        "x-ms-original-request-ids": [
          "8c8cac0b-e7eb-4a3d-95b2-fc1f233f08bd",
          "cb20e94a-4e75-428b-a6b9-e0002e4f0610",
          "3fef7fbc-7cd7-4e88-a7db-901f7e0ae37a"
        ],
        "x-ms-ratelimit-remaining-subscription-reads": [
          "11994"
        ],
        "x-ms-request-id": [
          "d6cb30c6-0c34-475a-a079-8a06dda28e04"
        ],
        "x-ms-correlation-request-id": [
          "d6cb30c6-0c34-475a-a079-8a06dda28e04"
        ],
        "x-ms-routing-request-id": [
          "WESTUS2:20181122T090828Z:d6cb30c6-0c34-475a-a079-8a06dda28e04"
        ],
        "Strict-Transport-Security": [
          "max-age=31536000; includeSubDomains"
        ],
        "X-Content-Type-Options": [
          "nosniff"
        ],
        "Cache-Control": [
          "no-cache"
        ],
        "Date": [
          "Thu, 22 Nov 2018 09:08:27 GMT"
        ],
        "Content-Length": [
          "1172"
        ],
        "Content-Type": [
          "application/json; charset=utf-8"
        ],
        "Expires": [
          "-1"
        ]
      },
      "ResponseBody": "{\r\n  \"value\": [\r\n    {\r\n      \"name\": \"ps3459\",\r\n      \"id\": \"/subscriptions/6926fc75-ce7d-4c9e-a87f-c4e38c594eb5/resourceGroups/ps8763/providers/Microsoft.Network/networkWatchers/ps3459\",\r\n      \"etag\": \"W/\\\"774632c2-f607-4737-b8ee-3ef0a5a93ed6\\\"\",\r\n      \"type\": \"Microsoft.Network/networkWatchers\",\r\n      \"location\": \"eastus\",\r\n      \"properties\": {\r\n        \"provisioningState\": \"Succeeded\",\r\n        \"flowLogs\": [],\r\n        \"runningOperationIds\": []\r\n      }\r\n    },\r\n    {\r\n      \"name\": \"ps5788\",\r\n      \"id\": \"/subscriptions/6926fc75-ce7d-4c9e-a87f-c4e38c594eb5/resourceGroups/ps490/providers/Microsoft.Network/networkWatchers/ps5788\",\r\n      \"etag\": \"W/\\\"bfb1c2e5-ac72-4096-9930-6a182817b265\\\"\",\r\n      \"type\": \"Microsoft.Network/networkWatchers\",\r\n      \"location\": \"westcentralus\",\r\n      \"tags\": {\r\n        \"key1\": \"value1\",\r\n        \"key2\": \"value2\"\r\n      },\r\n      \"properties\": {\r\n        \"provisioningState\": \"Succeeded\",\r\n        \"flowLogs\": [],\r\n        \"runningOperationIds\": []\r\n      }\r\n    },\r\n    {\r\n      \"name\": \"NetworkWatcher_centraluseuap\",\r\n      \"id\": \"/subscriptions/6926fc75-ce7d-4c9e-a87f-c4e38c594eb5/resourceGroups/NetworkWatcherRG/providers/Microsoft.Network/networkWatchers/NetworkWatcher_centraluseuap\",\r\n      \"etag\": \"W/\\\"c5905db9-7832-4f08-871f-fb1cddbcaadf\\\"\",\r\n      \"type\": \"Microsoft.Network/networkWatchers\",\r\n      \"location\": \"centraluseuap\",\r\n      \"properties\": {\r\n        \"provisioningState\": \"Succeeded\",\r\n        \"flowLogs\": [],\r\n        \"runningOperationIds\": []\r\n      }\r\n    }\r\n  ]\r\n}",
      "StatusCode": 200
    },
    {
      "RequestUri": "/subscriptions/6926fc75-ce7d-4c9e-a87f-c4e38c594eb5/resourceGroups/ps490/providers/Microsoft.Network/networkWatchers/ps5788?api-version=2018-10-01",
      "EncodedRequestUri": "L3N1YnNjcmlwdGlvbnMvNjkyNmZjNzUtY2U3ZC00YzllLWE4N2YtYzRlMzhjNTk0ZWI1L3Jlc291cmNlR3JvdXBzL3BzNDkwL3Byb3ZpZGVycy9NaWNyb3NvZnQuTmV0d29yay9uZXR3b3JrV2F0Y2hlcnMvcHM1Nzg4P2FwaS12ZXJzaW9uPTIwMTgtMTAtMDE=",
      "RequestMethod": "GET",
      "RequestBody": "",
      "RequestHeaders": {
        "x-ms-client-request-id": [
          "3b71d247-5bbc-4dd2-a687-705455de1159"
        ],
        "accept-language": [
          "en-US"
        ],
        "User-Agent": [
          "FxVersion/4.7.3190.0",
          "OSName/Windows",
          "OSVersion/6.2.9200.0",
          "Microsoft.Azure.Management.Network.NetworkManagementClient/21.0.0.0"
        ]
      },
      "ResponseHeaders": {
        "Pragma": [
          "no-cache"
        ],
        "x-ms-failure-cause": [
          "gateway"
        ],
        "x-ms-request-id": [
          "a9dd54d6-ca19-49f8-9a15-5dac06f3c354"
        ],
        "x-ms-correlation-request-id": [
          "a9dd54d6-ca19-49f8-9a15-5dac06f3c354"
        ],
        "x-ms-routing-request-id": [
          "WESTUS2:20181122T090826Z:a9dd54d6-ca19-49f8-9a15-5dac06f3c354"
        ],
        "Strict-Transport-Security": [
          "max-age=31536000; includeSubDomains"
        ],
        "X-Content-Type-Options": [
          "nosniff"
        ],
        "Cache-Control": [
          "no-cache"
        ],
        "Date": [
          "Thu, 22 Nov 2018 09:08:26 GMT"
        ],
        "Content-Length": [
          "149"
        ],
        "Content-Type": [
          "application/json; charset=utf-8"
        ],
        "Expires": [
          "-1"
        ]
      },
      "ResponseBody": "{\r\n  \"error\": {\r\n    \"code\": \"ResourceNotFound\",\r\n    \"message\": \"The Resource 'Microsoft.Network/networkWatchers/ps5788' under resource group 'ps490' was not found.\"\r\n  }\r\n}",
      "StatusCode": 404
    },
    {
      "RequestUri": "/subscriptions/6926fc75-ce7d-4c9e-a87f-c4e38c594eb5/resourceGroups/ps490/providers/Microsoft.Network/networkWatchers/ps5788?api-version=2018-10-01",
      "EncodedRequestUri": "L3N1YnNjcmlwdGlvbnMvNjkyNmZjNzUtY2U3ZC00YzllLWE4N2YtYzRlMzhjNTk0ZWI1L3Jlc291cmNlR3JvdXBzL3BzNDkwL3Byb3ZpZGVycy9NaWNyb3NvZnQuTmV0d29yay9uZXR3b3JrV2F0Y2hlcnMvcHM1Nzg4P2FwaS12ZXJzaW9uPTIwMTgtMTAtMDE=",
      "RequestMethod": "GET",
      "RequestBody": "",
      "RequestHeaders": {
        "x-ms-client-request-id": [
          "ff35721f-7859-4df0-8e45-424199f90c65"
        ],
        "accept-language": [
          "en-US"
        ],
        "User-Agent": [
          "FxVersion/4.7.3190.0",
          "OSName/Windows",
          "OSVersion/6.2.9200.0",
          "Microsoft.Azure.Management.Network.NetworkManagementClient/21.0.0.0"
        ]
      },
      "ResponseHeaders": {
        "Pragma": [
          "no-cache"
        ],
        "x-ms-request-id": [
          "04469458-e110-4f00-9c07-bb9580e4db9c"
        ],
        "x-ms-correlation-request-id": [
          "d3adbe8a-e59f-4d19-bf87-ed3df482ca8e"
        ],
        "Strict-Transport-Security": [
          "max-age=31536000; includeSubDomains"
        ],
        "Cache-Control": [
          "no-cache"
        ],
        "ETag": [
          "W/\"bfb1c2e5-ac72-4096-9930-6a182817b265\""
        ],
        "Server": [
          "Microsoft-HTTPAPI/2.0",
          "Microsoft-HTTPAPI/2.0"
        ],
        "x-ms-ratelimit-remaining-subscription-reads": [
          "11997"
        ],
        "x-ms-routing-request-id": [
          "WESTUS2:20181122T090827Z:d3adbe8a-e59f-4d19-bf87-ed3df482ca8e"
        ],
        "X-Content-Type-Options": [
          "nosniff"
        ],
        "Date": [
          "Thu, 22 Nov 2018 09:08:27 GMT"
        ],
        "Content-Length": [
          "477"
        ],
        "Content-Type": [
          "application/json; charset=utf-8"
        ],
        "Expires": [
          "-1"
        ]
      },
      "ResponseBody": "{\r\n  \"name\": \"ps5788\",\r\n  \"id\": \"/subscriptions/6926fc75-ce7d-4c9e-a87f-c4e38c594eb5/resourceGroups/ps490/providers/Microsoft.Network/networkWatchers/ps5788\",\r\n  \"etag\": \"W/\\\"bfb1c2e5-ac72-4096-9930-6a182817b265\\\"\",\r\n  \"type\": \"Microsoft.Network/networkWatchers\",\r\n  \"location\": \"westcentralus\",\r\n  \"tags\": {\r\n    \"key1\": \"value1\",\r\n    \"key2\": \"value2\"\r\n  },\r\n  \"properties\": {\r\n    \"provisioningState\": \"Succeeded\",\r\n    \"flowLogs\": [],\r\n    \"runningOperationIds\": []\r\n  }\r\n}",
      "StatusCode": 200
    },
    {
      "RequestUri": "/subscriptions/6926fc75-ce7d-4c9e-a87f-c4e38c594eb5/resourceGroups/ps490/providers/Microsoft.Network/networkWatchers/ps5788?api-version=2018-10-01",
      "EncodedRequestUri": "L3N1YnNjcmlwdGlvbnMvNjkyNmZjNzUtY2U3ZC00YzllLWE4N2YtYzRlMzhjNTk0ZWI1L3Jlc291cmNlR3JvdXBzL3BzNDkwL3Byb3ZpZGVycy9NaWNyb3NvZnQuTmV0d29yay9uZXR3b3JrV2F0Y2hlcnMvcHM1Nzg4P2FwaS12ZXJzaW9uPTIwMTgtMTAtMDE=",
      "RequestMethod": "GET",
      "RequestBody": "",
      "RequestHeaders": {
        "x-ms-client-request-id": [
          "9534b4f8-86a1-4d33-876f-ac7c8eba465d"
        ],
        "accept-language": [
          "en-US"
        ],
        "User-Agent": [
          "FxVersion/4.7.3190.0",
          "OSName/Windows",
          "OSVersion/6.2.9200.0",
          "Microsoft.Azure.Management.Network.NetworkManagementClient/21.0.0.0"
        ]
      },
      "ResponseHeaders": {
        "Pragma": [
          "no-cache"
        ],
        "x-ms-request-id": [
          "5d32a79c-f005-4257-bb36-e71dbdaf1c54"
        ],
        "x-ms-correlation-request-id": [
          "01ec9600-5060-4c20-9023-1b363b461aed"
        ],
        "Strict-Transport-Security": [
          "max-age=31536000; includeSubDomains"
        ],
        "Cache-Control": [
          "no-cache"
        ],
        "ETag": [
          "W/\"bfb1c2e5-ac72-4096-9930-6a182817b265\""
        ],
        "Server": [
          "Microsoft-HTTPAPI/2.0",
          "Microsoft-HTTPAPI/2.0"
        ],
        "x-ms-ratelimit-remaining-subscription-reads": [
          "11996"
        ],
        "x-ms-routing-request-id": [
          "WESTUS2:20181122T090827Z:01ec9600-5060-4c20-9023-1b363b461aed"
        ],
        "X-Content-Type-Options": [
          "nosniff"
        ],
        "Date": [
          "Thu, 22 Nov 2018 09:08:27 GMT"
        ],
        "Content-Length": [
          "477"
        ],
        "Content-Type": [
          "application/json; charset=utf-8"
        ],
        "Expires": [
          "-1"
        ]
      },
      "ResponseBody": "{\r\n  \"name\": \"ps5788\",\r\n  \"id\": \"/subscriptions/6926fc75-ce7d-4c9e-a87f-c4e38c594eb5/resourceGroups/ps490/providers/Microsoft.Network/networkWatchers/ps5788\",\r\n  \"etag\": \"W/\\\"bfb1c2e5-ac72-4096-9930-6a182817b265\\\"\",\r\n  \"type\": \"Microsoft.Network/networkWatchers\",\r\n  \"location\": \"westcentralus\",\r\n  \"tags\": {\r\n    \"key1\": \"value1\",\r\n    \"key2\": \"value2\"\r\n  },\r\n  \"properties\": {\r\n    \"provisioningState\": \"Succeeded\",\r\n    \"flowLogs\": [],\r\n    \"runningOperationIds\": []\r\n  }\r\n}",
      "StatusCode": 200
    },
    {
      "RequestUri": "/subscriptions/6926fc75-ce7d-4c9e-a87f-c4e38c594eb5/resourceGroups/ps490/providers/Microsoft.Network/networkWatchers/ps5788?api-version=2018-10-01",
      "EncodedRequestUri": "L3N1YnNjcmlwdGlvbnMvNjkyNmZjNzUtY2U3ZC00YzllLWE4N2YtYzRlMzhjNTk0ZWI1L3Jlc291cmNlR3JvdXBzL3BzNDkwL3Byb3ZpZGVycy9NaWNyb3NvZnQuTmV0d29yay9uZXR3b3JrV2F0Y2hlcnMvcHM1Nzg4P2FwaS12ZXJzaW9uPTIwMTgtMTAtMDE=",
      "RequestMethod": "PUT",
      "RequestBody": "{\r\n  \"location\": \"westcentralus\",\r\n  \"tags\": {\r\n    \"key1\": \"value1\",\r\n    \"key2\": \"value2\"\r\n  }\r\n}",
      "RequestHeaders": {
        "x-ms-client-request-id": [
          "2daa375b-5af8-4d52-b2d3-1e75cc2fecdb"
        ],
        "accept-language": [
          "en-US"
        ],
        "User-Agent": [
          "FxVersion/4.7.3190.0",
          "OSName/Windows",
          "OSVersion/6.2.9200.0",
          "Microsoft.Azure.Management.Network.NetworkManagementClient/21.0.0.0"
        ],
        "Content-Type": [
          "application/json; charset=utf-8"
        ],
        "Content-Length": [
          "99"
        ]
      },
      "ResponseHeaders": {
        "Pragma": [
          "no-cache"
        ],
        "x-ms-request-id": [
          "aa7abf21-176c-473b-be97-b310364a7336"
        ],
        "Azure-AsyncOperation": [
          "https://management.azure.com/subscriptions/6926fc75-ce7d-4c9e-a87f-c4e38c594eb5/providers/Microsoft.Network/locations/westcentralus/operations/aa7abf21-176c-473b-be97-b310364a7336?api-version=2018-10-01"
        ],
        "x-ms-correlation-request-id": [
          "a0ab9906-3573-4bfc-8e2f-2b33236cf593"
        ],
        "Strict-Transport-Security": [
          "max-age=31536000; includeSubDomains"
        ],
        "Cache-Control": [
          "no-cache"
        ],
        "Server": [
          "Microsoft-HTTPAPI/2.0",
          "Microsoft-HTTPAPI/2.0"
        ],
        "x-ms-ratelimit-remaining-subscription-writes": [
          "1199"
        ],
        "x-ms-routing-request-id": [
          "WESTUS2:20181122T090827Z:a0ab9906-3573-4bfc-8e2f-2b33236cf593"
        ],
        "X-Content-Type-Options": [
          "nosniff"
        ],
        "Date": [
          "Thu, 22 Nov 2018 09:08:27 GMT"
        ],
        "Content-Length": [
          "477"
        ],
        "Content-Type": [
          "application/json; charset=utf-8"
        ],
        "Expires": [
          "-1"
        ]
      },
      "ResponseBody": "{\r\n  \"name\": \"ps5788\",\r\n  \"id\": \"/subscriptions/6926fc75-ce7d-4c9e-a87f-c4e38c594eb5/resourceGroups/ps490/providers/Microsoft.Network/networkWatchers/ps5788\",\r\n  \"etag\": \"W/\\\"fd0be6d6-aa18-460f-acfb-48bcf86ec7fd\\\"\",\r\n  \"type\": \"Microsoft.Network/networkWatchers\",\r\n  \"location\": \"westcentralus\",\r\n  \"tags\": {\r\n    \"key1\": \"value1\",\r\n    \"key2\": \"value2\"\r\n  },\r\n  \"properties\": {\r\n    \"provisioningState\": \"Succeeded\",\r\n    \"flowLogs\": [],\r\n    \"runningOperationIds\": []\r\n  }\r\n}",
      "StatusCode": 201
    },
    {
      "RequestUri": "/subscriptions/6926fc75-ce7d-4c9e-a87f-c4e38c594eb5/resourceGroups/ps490/providers/Microsoft.Network/networkWatchers?api-version=2018-10-01",
      "EncodedRequestUri": "L3N1YnNjcmlwdGlvbnMvNjkyNmZjNzUtY2U3ZC00YzllLWE4N2YtYzRlMzhjNTk0ZWI1L3Jlc291cmNlR3JvdXBzL3BzNDkwL3Byb3ZpZGVycy9NaWNyb3NvZnQuTmV0d29yay9uZXR3b3JrV2F0Y2hlcnM/YXBpLXZlcnNpb249MjAxOC0xMC0wMQ==",
      "RequestMethod": "GET",
      "RequestBody": "",
      "RequestHeaders": {
        "x-ms-client-request-id": [
          "e82d86f0-ea76-4b1d-985b-67cbf0db06f1"
        ],
        "accept-language": [
          "en-US"
        ],
        "User-Agent": [
          "FxVersion/4.7.3190.0",
          "OSName/Windows",
          "OSVersion/6.2.9200.0",
          "Microsoft.Azure.Management.Network.NetworkManagementClient/21.0.0.0"
        ]
      },
      "ResponseHeaders": {
        "Pragma": [
          "no-cache"
        ],
        "x-ms-request-id": [
          "278e5ad8-ed49-4536-9796-7511af9335c2"
        ],
        "x-ms-correlation-request-id": [
          "c90ab01b-2709-4726-a785-29631405156e"
        ],
        "Strict-Transport-Security": [
          "max-age=31536000; includeSubDomains"
        ],
        "Cache-Control": [
          "no-cache"
        ],
        "Server": [
          "Microsoft-HTTPAPI/2.0",
          "Microsoft-HTTPAPI/2.0"
        ],
        "x-ms-ratelimit-remaining-subscription-reads": [
          "11995"
        ],
        "x-ms-routing-request-id": [
          "WESTUS2:20181122T090827Z:c90ab01b-2709-4726-a785-29631405156e"
        ],
        "X-Content-Type-Options": [
          "nosniff"
        ],
        "Date": [
          "Thu, 22 Nov 2018 09:08:27 GMT"
        ],
        "Content-Length": [
          "566"
        ],
        "Content-Type": [
          "application/json; charset=utf-8"
        ],
        "Expires": [
          "-1"
        ]
      },
      "ResponseBody": "{\r\n  \"value\": [\r\n    {\r\n      \"name\": \"ps5788\",\r\n      \"id\": \"/subscriptions/6926fc75-ce7d-4c9e-a87f-c4e38c594eb5/resourceGroups/ps490/providers/Microsoft.Network/networkWatchers/ps5788\",\r\n      \"etag\": \"W/\\\"bfb1c2e5-ac72-4096-9930-6a182817b265\\\"\",\r\n      \"type\": \"Microsoft.Network/networkWatchers\",\r\n      \"location\": \"westcentralus\",\r\n      \"tags\": {\r\n        \"key1\": \"value1\",\r\n        \"key2\": \"value2\"\r\n      },\r\n      \"properties\": {\r\n        \"provisioningState\": \"Succeeded\",\r\n        \"flowLogs\": [],\r\n        \"runningOperationIds\": []\r\n      }\r\n    }\r\n  ]\r\n}",
      "StatusCode": 200
    },
    {
      "RequestUri": "/subscriptions/6926fc75-ce7d-4c9e-a87f-c4e38c594eb5/resourceGroups/ps490/providers/Microsoft.Network/networkWatchers?api-version=2018-10-01",
      "EncodedRequestUri": "L3N1YnNjcmlwdGlvbnMvNjkyNmZjNzUtY2U3ZC00YzllLWE4N2YtYzRlMzhjNTk0ZWI1L3Jlc291cmNlR3JvdXBzL3BzNDkwL3Byb3ZpZGVycy9NaWNyb3NvZnQuTmV0d29yay9uZXR3b3JrV2F0Y2hlcnM/YXBpLXZlcnNpb249MjAxOC0xMC0wMQ==",
      "RequestMethod": "GET",
      "RequestBody": "",
      "RequestHeaders": {
        "x-ms-client-request-id": [
          "331c05ee-3a6c-438b-8c15-c76f208c35b9"
        ],
        "accept-language": [
          "en-US"
        ],
        "User-Agent": [
          "FxVersion/4.7.3190.0",
          "OSName/Windows",
          "OSVersion/6.2.9200.0",
          "Microsoft.Azure.Management.Network.NetworkManagementClient/21.0.0.0"
        ]
      },
      "ResponseHeaders": {
        "Pragma": [
          "no-cache"
        ],
        "x-ms-request-id": [
          "c3d362f4-9e40-49c5-9c5c-398520987934"
        ],
        "x-ms-correlation-request-id": [
          "d508d3e3-79e6-41f7-b08a-54bdd9f8162b"
        ],
        "Strict-Transport-Security": [
          "max-age=31536000; includeSubDomains"
        ],
        "Cache-Control": [
          "no-cache"
        ],
        "Server": [
          "Microsoft-HTTPAPI/2.0",
          "Microsoft-HTTPAPI/2.0"
        ],
        "x-ms-ratelimit-remaining-subscription-reads": [
          "11991"
        ],
        "x-ms-routing-request-id": [
          "WESTUS2:20181122T090838Z:d508d3e3-79e6-41f7-b08a-54bdd9f8162b"
        ],
        "X-Content-Type-Options": [
          "nosniff"
        ],
        "Date": [
          "Thu, 22 Nov 2018 09:08:38 GMT"
        ],
        "Content-Length": [
          "19"
        ],
        "Content-Type": [
          "application/json; charset=utf-8"
        ],
        "Expires": [
          "-1"
        ]
      },
      "ResponseBody": "{\r\n  \"value\": []\r\n}",
      "StatusCode": 200
    },
    {
      "RequestUri": "/subscriptions/6926fc75-ce7d-4c9e-a87f-c4e38c594eb5/resourceGroups/ps490/providers/Microsoft.Network/networkWatchers/ps5788?api-version=2018-10-01",
      "EncodedRequestUri": "L3N1YnNjcmlwdGlvbnMvNjkyNmZjNzUtY2U3ZC00YzllLWE4N2YtYzRlMzhjNTk0ZWI1L3Jlc291cmNlR3JvdXBzL3BzNDkwL3Byb3ZpZGVycy9NaWNyb3NvZnQuTmV0d29yay9uZXR3b3JrV2F0Y2hlcnMvcHM1Nzg4P2FwaS12ZXJzaW9uPTIwMTgtMTAtMDE=",
      "RequestMethod": "DELETE",
      "RequestBody": "",
      "RequestHeaders": {
        "x-ms-client-request-id": [
          "419f7f27-15cf-4019-9ea7-4a1913e0176a"
        ],
        "accept-language": [
          "en-US"
        ],
        "User-Agent": [
          "FxVersion/4.7.3190.0",
          "OSName/Windows",
          "OSVersion/6.2.9200.0",
          "Microsoft.Azure.Management.Network.NetworkManagementClient/21.0.0.0"
        ]
      },
      "ResponseHeaders": {
        "Pragma": [
          "no-cache"
        ],
        "Retry-After": [
          "10"
        ],
        "x-ms-request-id": [
          "f054e2c7-8c2b-4680-9028-672533c69550"
        ],
        "Azure-AsyncOperation": [
          "https://management.azure.com/subscriptions/6926fc75-ce7d-4c9e-a87f-c4e38c594eb5/providers/Microsoft.Network/locations/westcentralus/operations/f054e2c7-8c2b-4680-9028-672533c69550?api-version=2018-10-01"
        ],
        "x-ms-correlation-request-id": [
          "e951ff70-c631-4b76-84ef-bf5d4689d39b"
        ],
        "Strict-Transport-Security": [
          "max-age=31536000; includeSubDomains"
        ],
        "Cache-Control": [
          "no-cache"
        ],
        "Location": [
          "https://management.azure.com/subscriptions/6926fc75-ce7d-4c9e-a87f-c4e38c594eb5/providers/Microsoft.Network/locations/westcentralus/operationResults/f054e2c7-8c2b-4680-9028-672533c69550?api-version=2018-10-01"
        ],
        "Server": [
          "Microsoft-HTTPAPI/2.0",
          "Microsoft-HTTPAPI/2.0"
        ],
        "x-ms-ratelimit-remaining-subscription-deletes": [
          "14999"
        ],
        "x-ms-routing-request-id": [
          "WESTUS2:20181122T090828Z:e951ff70-c631-4b76-84ef-bf5d4689d39b"
        ],
        "X-Content-Type-Options": [
          "nosniff"
        ],
        "Date": [
          "Thu, 22 Nov 2018 09:08:28 GMT"
        ],
        "Content-Length": [
          "0"
        ],
        "Expires": [
          "-1"
        ]
      },
      "ResponseBody": "",
      "StatusCode": 202
    },
    {
      "RequestUri": "/subscriptions/6926fc75-ce7d-4c9e-a87f-c4e38c594eb5/providers/Microsoft.Network/locations/westcentralus/operations/f054e2c7-8c2b-4680-9028-672533c69550?api-version=2018-10-01",
      "EncodedRequestUri": "L3N1YnNjcmlwdGlvbnMvNjkyNmZjNzUtY2U3ZC00YzllLWE4N2YtYzRlMzhjNTk0ZWI1L3Byb3ZpZGVycy9NaWNyb3NvZnQuTmV0d29yay9sb2NhdGlvbnMvd2VzdGNlbnRyYWx1cy9vcGVyYXRpb25zL2YwNTRlMmM3LThjMmItNDY4MC05MDI4LTY3MjUzM2M2OTU1MD9hcGktdmVyc2lvbj0yMDE4LTEwLTAx",
      "RequestMethod": "GET",
      "RequestBody": "",
      "RequestHeaders": {
        "User-Agent": [
          "FxVersion/4.7.3190.0",
          "OSName/Windows",
          "OSVersion/6.2.9200.0",
          "Microsoft.Azure.Management.Network.NetworkManagementClient/21.0.0.0"
        ]
      },
      "ResponseHeaders": {
        "Pragma": [
          "no-cache"
        ],
        "x-ms-request-id": [
          "610d63a3-3f89-49a3-a995-242ff272d103"
        ],
        "x-ms-correlation-request-id": [
          "10c47eda-5463-4036-bb67-1955e1d86fe7"
        ],
        "Strict-Transport-Security": [
          "max-age=31536000; includeSubDomains"
        ],
        "Cache-Control": [
          "no-cache"
        ],
        "Server": [
          "Microsoft-HTTPAPI/2.0",
          "Microsoft-HTTPAPI/2.0"
        ],
        "x-ms-ratelimit-remaining-subscription-reads": [
          "11993"
        ],
        "x-ms-routing-request-id": [
          "WESTUS2:20181122T090838Z:10c47eda-5463-4036-bb67-1955e1d86fe7"
        ],
        "X-Content-Type-Options": [
          "nosniff"
        ],
        "Date": [
          "Thu, 22 Nov 2018 09:08:38 GMT"
        ],
        "Content-Length": [
          "29"
        ],
        "Content-Type": [
          "application/json; charset=utf-8"
        ],
        "Expires": [
          "-1"
        ]
      },
      "ResponseBody": "{\r\n  \"status\": \"Succeeded\"\r\n}",
      "StatusCode": 200
    },
    {
      "RequestUri": "/subscriptions/6926fc75-ce7d-4c9e-a87f-c4e38c594eb5/providers/Microsoft.Network/locations/westcentralus/operationResults/f054e2c7-8c2b-4680-9028-672533c69550?api-version=2018-10-01",
      "EncodedRequestUri": "L3N1YnNjcmlwdGlvbnMvNjkyNmZjNzUtY2U3ZC00YzllLWE4N2YtYzRlMzhjNTk0ZWI1L3Byb3ZpZGVycy9NaWNyb3NvZnQuTmV0d29yay9sb2NhdGlvbnMvd2VzdGNlbnRyYWx1cy9vcGVyYXRpb25SZXN1bHRzL2YwNTRlMmM3LThjMmItNDY4MC05MDI4LTY3MjUzM2M2OTU1MD9hcGktdmVyc2lvbj0yMDE4LTEwLTAx",
      "RequestMethod": "GET",
      "RequestBody": "",
      "RequestHeaders": {
        "User-Agent": [
          "FxVersion/4.7.3190.0",
          "OSName/Windows",
          "OSVersion/6.2.9200.0",
          "Microsoft.Azure.Management.Network.NetworkManagementClient/21.0.0.0"
        ]
      },
      "ResponseHeaders": {
        "Pragma": [
          "no-cache"
        ],
        "x-ms-request-id": [
          "f054e2c7-8c2b-4680-9028-672533c69550"
        ],
        "Azure-AsyncOperation": [
          "https://management.azure.com/subscriptions/6926fc75-ce7d-4c9e-a87f-c4e38c594eb5/providers/Microsoft.Network/locations/westcentralus/operations/f054e2c7-8c2b-4680-9028-672533c69550?api-version=2018-10-01"
        ],
        "x-ms-correlation-request-id": [
          "e951ff70-c631-4b76-84ef-bf5d4689d39b"
        ],
        "Strict-Transport-Security": [
          "max-age=31536000; includeSubDomains"
        ],
        "Cache-Control": [
          "no-cache"
        ],
        "Location": [
          "https://management.azure.com/subscriptions/6926fc75-ce7d-4c9e-a87f-c4e38c594eb5/providers/Microsoft.Network/locations/westcentralus/operationResults/f054e2c7-8c2b-4680-9028-672533c69550?api-version=2018-10-01"
        ],
        "Server": [
          "Microsoft-HTTPAPI/2.0",
          "Microsoft-HTTPAPI/2.0"
        ],
        "x-ms-ratelimit-remaining-subscription-reads": [
          "11992"
        ],
        "x-ms-routing-request-id": [
          "WESTUS2:20181122T090838Z:78aa0463-a5d7-412c-807a-fb1d41b2d487"
        ],
        "X-Content-Type-Options": [
          "nosniff"
        ],
        "Date": [
          "Thu, 22 Nov 2018 09:08:38 GMT"
        ],
        "Content-Type": [
          "application/json; charset=utf-8"
        ],
        "Expires": [
          "-1"
        ]
      },
      "ResponseBody": "",
      "StatusCode": 204
    },
    {
      "RequestUri": "/subscriptions/6926fc75-ce7d-4c9e-a87f-c4e38c594eb5/resourcegroups/ps490?api-version=2016-09-01",
      "EncodedRequestUri": "L3N1YnNjcmlwdGlvbnMvNjkyNmZjNzUtY2U3ZC00YzllLWE4N2YtYzRlMzhjNTk0ZWI1L3Jlc291cmNlZ3JvdXBzL3BzNDkwP2FwaS12ZXJzaW9uPTIwMTYtMDktMDE=",
      "RequestMethod": "DELETE",
      "RequestBody": "",
      "RequestHeaders": {
        "x-ms-client-request-id": [
          "2973c8a2-11f8-4512-b50f-ebaea936bcd7"
        ],
        "accept-language": [
          "en-US"
        ],
        "User-Agent": [
          "FxVersion/4.7.3190.0",
          "OSName/Windows",
          "OSVersion/6.2.9200.0",
          "Microsoft.Azure.Management.Internal.Resources.ResourceManagementClient/4.1.0"
        ]
      },
      "ResponseHeaders": {
        "Pragma": [
          "no-cache"
        ],
        "Retry-After": [
          "15"
        ],
        "x-ms-ratelimit-remaining-subscription-deletes": [
          "14999"
        ],
        "x-ms-request-id": [
          "a4ae5470-9ae5-4a79-9e9c-bf39034a1acd"
        ],
        "x-ms-correlation-request-id": [
          "a4ae5470-9ae5-4a79-9e9c-bf39034a1acd"
        ],
        "x-ms-routing-request-id": [
          "WESTUS2:20181122T090839Z:a4ae5470-9ae5-4a79-9e9c-bf39034a1acd"
        ],
        "Strict-Transport-Security": [
          "max-age=31536000; includeSubDomains"
        ],
        "X-Content-Type-Options": [
          "nosniff"
        ],
        "Cache-Control": [
          "no-cache"
        ],
        "Date": [
          "Thu, 22 Nov 2018 09:08:38 GMT"
        ],
        "Location": [
          "https://management.azure.com/subscriptions/6926fc75-ce7d-4c9e-a87f-c4e38c594eb5/operationresults/eyJqb2JJZCI6IlJFU09VUkNFR1JPVVBERUxFVElPTkpPQi1QUzQ5MC1XRVNUQ0VOVFJBTFVTIiwiam9iTG9jYXRpb24iOiJ3ZXN0Y2VudHJhbHVzIn0?api-version=2016-09-01"
        ],
        "Content-Length": [
          "0"
        ],
        "Expires": [
          "-1"
        ]
      },
      "ResponseBody": "",
      "StatusCode": 202
    },
    {
      "RequestUri": "/subscriptions/6926fc75-ce7d-4c9e-a87f-c4e38c594eb5/operationresults/eyJqb2JJZCI6IlJFU09VUkNFR1JPVVBERUxFVElPTkpPQi1QUzQ5MC1XRVNUQ0VOVFJBTFVTIiwiam9iTG9jYXRpb24iOiJ3ZXN0Y2VudHJhbHVzIn0?api-version=2016-09-01",
      "EncodedRequestUri": "L3N1YnNjcmlwdGlvbnMvNjkyNmZjNzUtY2U3ZC00YzllLWE4N2YtYzRlMzhjNTk0ZWI1L29wZXJhdGlvbnJlc3VsdHMvZXlKcWIySkpaQ0k2SWxKRlUwOVZVa05GUjFKUFZWQkVSVXhGVkVsUFRrcFBRaTFRVXpRNU1DMVhSVk5VUTBWT1ZGSkJURlZUSWl3aWFtOWlURzlqWVhScGIyNGlPaUozWlhOMFkyVnVkSEpoYkhWekluMD9hcGktdmVyc2lvbj0yMDE2LTA5LTAx",
      "RequestMethod": "GET",
      "RequestBody": "",
      "RequestHeaders": {
        "User-Agent": [
          "FxVersion/4.7.3190.0",
          "OSName/Windows",
          "OSVersion/6.2.9200.0",
          "Microsoft.Azure.Management.Internal.Resources.ResourceManagementClient/4.1.0"
        ]
      },
      "ResponseHeaders": {
        "Pragma": [
          "no-cache"
        ],
        "Retry-After": [
          "15"
        ],
        "x-ms-ratelimit-remaining-subscription-reads": [
          "11999"
        ],
        "x-ms-request-id": [
          "a2cd5fcb-d72f-48e1-8a96-2aceb33b52c0"
        ],
        "x-ms-correlation-request-id": [
          "a2cd5fcb-d72f-48e1-8a96-2aceb33b52c0"
        ],
        "x-ms-routing-request-id": [
          "WESTUS2:20181122T090854Z:a2cd5fcb-d72f-48e1-8a96-2aceb33b52c0"
        ],
        "Strict-Transport-Security": [
          "max-age=31536000; includeSubDomains"
        ],
        "X-Content-Type-Options": [
          "nosniff"
        ],
        "Cache-Control": [
          "no-cache"
        ],
        "Date": [
          "Thu, 22 Nov 2018 09:08:53 GMT"
        ],
        "Location": [
          "https://management.azure.com/subscriptions/6926fc75-ce7d-4c9e-a87f-c4e38c594eb5/operationresults/eyJqb2JJZCI6IlJFU09VUkNFR1JPVVBERUxFVElPTkpPQi1QUzQ5MC1XRVNUQ0VOVFJBTFVTIiwiam9iTG9jYXRpb24iOiJ3ZXN0Y2VudHJhbHVzIn0?api-version=2016-09-01"
        ],
        "Content-Length": [
          "0"
        ],
        "Expires": [
          "-1"
        ]
      },
      "ResponseBody": "",
      "StatusCode": 202
    },
    {
      "RequestUri": "/subscriptions/6926fc75-ce7d-4c9e-a87f-c4e38c594eb5/operationresults/eyJqb2JJZCI6IlJFU09VUkNFR1JPVVBERUxFVElPTkpPQi1QUzQ5MC1XRVNUQ0VOVFJBTFVTIiwiam9iTG9jYXRpb24iOiJ3ZXN0Y2VudHJhbHVzIn0?api-version=2016-09-01",
      "EncodedRequestUri": "L3N1YnNjcmlwdGlvbnMvNjkyNmZjNzUtY2U3ZC00YzllLWE4N2YtYzRlMzhjNTk0ZWI1L29wZXJhdGlvbnJlc3VsdHMvZXlKcWIySkpaQ0k2SWxKRlUwOVZVa05GUjFKUFZWQkVSVXhGVkVsUFRrcFBRaTFRVXpRNU1DMVhSVk5VUTBWT1ZGSkJURlZUSWl3aWFtOWlURzlqWVhScGIyNGlPaUozWlhOMFkyVnVkSEpoYkhWekluMD9hcGktdmVyc2lvbj0yMDE2LTA5LTAx",
      "RequestMethod": "GET",
      "RequestBody": "",
      "RequestHeaders": {
        "User-Agent": [
          "FxVersion/4.7.3190.0",
          "OSName/Windows",
          "OSVersion/6.2.9200.0",
          "Microsoft.Azure.Management.Internal.Resources.ResourceManagementClient/4.1.0"
        ]
      },
      "ResponseHeaders": {
        "Pragma": [
          "no-cache"
        ],
        "Retry-After": [
          "15"
        ],
        "x-ms-ratelimit-remaining-subscription-reads": [
          "11998"
        ],
        "x-ms-request-id": [
          "17eef132-39b9-4dc0-8bf4-2643f6b7f2f2"
        ],
        "x-ms-correlation-request-id": [
          "17eef132-39b9-4dc0-8bf4-2643f6b7f2f2"
        ],
        "x-ms-routing-request-id": [
          "WESTUS2:20181122T090909Z:17eef132-39b9-4dc0-8bf4-2643f6b7f2f2"
        ],
        "Strict-Transport-Security": [
          "max-age=31536000; includeSubDomains"
        ],
        "X-Content-Type-Options": [
          "nosniff"
        ],
        "Cache-Control": [
          "no-cache"
        ],
        "Date": [
          "Thu, 22 Nov 2018 09:09:09 GMT"
        ],
        "Location": [
          "https://management.azure.com/subscriptions/6926fc75-ce7d-4c9e-a87f-c4e38c594eb5/operationresults/eyJqb2JJZCI6IlJFU09VUkNFR1JPVVBERUxFVElPTkpPQi1QUzQ5MC1XRVNUQ0VOVFJBTFVTIiwiam9iTG9jYXRpb24iOiJ3ZXN0Y2VudHJhbHVzIn0?api-version=2016-09-01"
        ],
        "Content-Length": [
          "0"
        ],
        "Expires": [
          "-1"
        ]
      },
      "ResponseBody": "",
      "StatusCode": 202
    },
    {
      "RequestUri": "/subscriptions/6926fc75-ce7d-4c9e-a87f-c4e38c594eb5/operationresults/eyJqb2JJZCI6IlJFU09VUkNFR1JPVVBERUxFVElPTkpPQi1QUzQ5MC1XRVNUQ0VOVFJBTFVTIiwiam9iTG9jYXRpb24iOiJ3ZXN0Y2VudHJhbHVzIn0?api-version=2016-09-01",
      "EncodedRequestUri": "L3N1YnNjcmlwdGlvbnMvNjkyNmZjNzUtY2U3ZC00YzllLWE4N2YtYzRlMzhjNTk0ZWI1L29wZXJhdGlvbnJlc3VsdHMvZXlKcWIySkpaQ0k2SWxKRlUwOVZVa05GUjFKUFZWQkVSVXhGVkVsUFRrcFBRaTFRVXpRNU1DMVhSVk5VUTBWT1ZGSkJURlZUSWl3aWFtOWlURzlqWVhScGIyNGlPaUozWlhOMFkyVnVkSEpoYkhWekluMD9hcGktdmVyc2lvbj0yMDE2LTA5LTAx",
      "RequestMethod": "GET",
      "RequestBody": "",
      "RequestHeaders": {
        "User-Agent": [
          "FxVersion/4.7.3190.0",
          "OSName/Windows",
          "OSVersion/6.2.9200.0",
          "Microsoft.Azure.Management.Internal.Resources.ResourceManagementClient/4.1.0"
        ]
      },
      "ResponseHeaders": {
        "Pragma": [
          "no-cache"
        ],
        "x-ms-ratelimit-remaining-subscription-reads": [
          "11997"
        ],
        "x-ms-request-id": [
          "54c9b095-29fe-46e7-b3d2-b6c7cf89cdac"
        ],
        "x-ms-correlation-request-id": [
          "54c9b095-29fe-46e7-b3d2-b6c7cf89cdac"
        ],
        "x-ms-routing-request-id": [
          "WESTUS2:20181122T090924Z:54c9b095-29fe-46e7-b3d2-b6c7cf89cdac"
        ],
        "Strict-Transport-Security": [
          "max-age=31536000; includeSubDomains"
        ],
        "X-Content-Type-Options": [
          "nosniff"
        ],
        "Cache-Control": [
          "no-cache"
        ],
        "Date": [
          "Thu, 22 Nov 2018 09:09:24 GMT"
        ],
        "Content-Length": [
          "0"
        ],
        "Expires": [
          "-1"
        ]
      },
      "ResponseBody": "",
      "StatusCode": 200
    },
    {
      "RequestUri": "/subscriptions/6926fc75-ce7d-4c9e-a87f-c4e38c594eb5/operationresults/eyJqb2JJZCI6IlJFU09VUkNFR1JPVVBERUxFVElPTkpPQi1QUzQ5MC1XRVNUQ0VOVFJBTFVTIiwiam9iTG9jYXRpb24iOiJ3ZXN0Y2VudHJhbHVzIn0?api-version=2016-09-01",
      "EncodedRequestUri": "L3N1YnNjcmlwdGlvbnMvNjkyNmZjNzUtY2U3ZC00YzllLWE4N2YtYzRlMzhjNTk0ZWI1L29wZXJhdGlvbnJlc3VsdHMvZXlKcWIySkpaQ0k2SWxKRlUwOVZVa05GUjFKUFZWQkVSVXhGVkVsUFRrcFBRaTFRVXpRNU1DMVhSVk5VUTBWT1ZGSkJURlZUSWl3aWFtOWlURzlqWVhScGIyNGlPaUozWlhOMFkyVnVkSEpoYkhWekluMD9hcGktdmVyc2lvbj0yMDE2LTA5LTAx",
      "RequestMethod": "GET",
      "RequestBody": "",
      "RequestHeaders": {
        "User-Agent": [
          "FxVersion/4.7.3190.0",
          "OSName/Windows",
          "OSVersion/6.2.9200.0",
          "Microsoft.Azure.Management.Internal.Resources.ResourceManagementClient/4.1.0"
        ]
      },
      "ResponseHeaders": {
        "Pragma": [
          "no-cache"
        ],
        "x-ms-ratelimit-remaining-subscription-reads": [
          "11996"
        ],
        "x-ms-request-id": [
          "122d4511-a4d5-4fe3-8280-f280bf222498"
        ],
        "x-ms-correlation-request-id": [
          "122d4511-a4d5-4fe3-8280-f280bf222498"
        ],
        "x-ms-routing-request-id": [
          "WESTUS2:20181122T090924Z:122d4511-a4d5-4fe3-8280-f280bf222498"
        ],
        "Strict-Transport-Security": [
          "max-age=31536000; includeSubDomains"
        ],
        "X-Content-Type-Options": [
          "nosniff"
        ],
        "Cache-Control": [
          "no-cache"
        ],
        "Date": [
          "Thu, 22 Nov 2018 09:09:24 GMT"
        ],
        "Content-Length": [
          "0"
        ],
        "Expires": [
          "-1"
        ]
      },
      "ResponseBody": "",
      "StatusCode": 200
    }
  ],
  "Names": {
    "Test-NetworkWatcherCRUD": [
      "ps490",
      "ps5788"
    ]
  },
  "Variables": {
    "SubscriptionId": "6926fc75-ce7d-4c9e-a87f-c4e38c594eb5"
  }
}