{
  "Entries": [
    {
      "RequestUri": "/subscriptions/6926fc75-ce7d-4c9e-a87f-c4e38c594eb5/resourcegroups/ps4330?api-version=2016-02-01",
      "EncodedRequestUri": "L3N1YnNjcmlwdGlvbnMvNjkyNmZjNzUtY2U3ZC00YzllLWE4N2YtYzRlMzhjNTk0ZWI1L3Jlc291cmNlZ3JvdXBzL3BzNDMzMD9hcGktdmVyc2lvbj0yMDE2LTAyLTAx",
      "RequestMethod": "PUT",
      "RequestBody": "{\r\n  \"location\": \"West US\"\r\n}",
      "RequestHeaders": {
        "Content-Type": [
          "application/json; charset=utf-8"
        ],
        "Content-Length": [
          "29"
        ],
        "User-Agent": [
          "Microsoft.Azure.Management.Resources.ResourceManagementClient/2.0.0.0"
        ]
      },
      "ResponseBody": "{\r\n  \"id\": \"/subscriptions/6926fc75-ce7d-4c9e-a87f-c4e38c594eb5/resourceGroups/ps4330\",\r\n  \"name\": \"ps4330\",\r\n  \"location\": \"westus\",\r\n  \"properties\": {\r\n    \"provisioningState\": \"Succeeded\"\r\n  }\r\n}",
      "ResponseHeaders": {
        "Content-Length": [
          "165"
        ],
        "Content-Type": [
          "application/json; charset=utf-8"
        ],
        "Expires": [
          "-1"
        ],
        "Pragma": [
          "no-cache"
        ],
        "x-ms-ratelimit-remaining-subscription-writes": [
          "1199"
        ],
        "x-ms-request-id": [
          "0bdf725b-36dc-4401-b4bd-85c92ccdcf0b"
        ],
        "x-ms-correlation-request-id": [
          "0bdf725b-36dc-4401-b4bd-85c92ccdcf0b"
        ],
        "x-ms-routing-request-id": [
          "WESTUS2:20180221T040148Z:0bdf725b-36dc-4401-b4bd-85c92ccdcf0b"
        ],
        "Strict-Transport-Security": [
          "max-age=31536000; includeSubDomains"
        ],
        "Cache-Control": [
          "no-cache"
        ],
        "Date": [
          "Wed, 21 Feb 2018 04:01:47 GMT"
        ]
      },
      "StatusCode": 201
    },
    {
      "RequestUri": "/subscriptions/6926fc75-ce7d-4c9e-a87f-c4e38c594eb5/resourceGroups/ps4330/providers/Microsoft.Network/networkWatchers/ps5903?api-version=2017-11-01",
      "EncodedRequestUri": "L3N1YnNjcmlwdGlvbnMvNjkyNmZjNzUtY2U3ZC00YzllLWE4N2YtYzRlMzhjNTk0ZWI1L3Jlc291cmNlR3JvdXBzL3BzNDMzMC9wcm92aWRlcnMvTWljcm9zb2Z0Lk5ldHdvcmsvbmV0d29ya1dhdGNoZXJzL3BzNTkwMz9hcGktdmVyc2lvbj0yMDE3LTExLTAx",
      "RequestMethod": "GET",
      "RequestBody": "",
      "RequestHeaders": {
        "x-ms-client-request-id": [
          "9b6b0be6-db87-425c-9d9d-23481c8e2c38"
        ],
        "accept-language": [
          "en-US"
        ],
        "User-Agent": [
          "FxVersion/4.7.2115.0",
          "OSName/Windows10Enterprise",
          "OSVersion/6.3.15063",
          "Microsoft.Azure.Management.Network.NetworkManagementClient/17.0.0.0"
        ]
      },
      "ResponseBody": "{\r\n  \"error\": {\r\n    \"code\": \"ResourceNotFound\",\r\n    \"message\": \"The Resource 'Microsoft.Network/networkWatchers/ps5903' under resource group 'ps4330' was not found.\"\r\n  }\r\n}",
      "ResponseHeaders": {
        "Content-Length": [
          "150"
        ],
        "Content-Type": [
          "application/json; charset=utf-8"
        ],
        "Expires": [
          "-1"
        ],
        "Pragma": [
          "no-cache"
        ],
        "x-ms-failure-cause": [
          "gateway"
        ],
        "x-ms-request-id": [
          "e321daba-f4ce-41cf-99ef-66a4c75f4bee"
        ],
        "x-ms-correlation-request-id": [
          "e321daba-f4ce-41cf-99ef-66a4c75f4bee"
        ],
        "x-ms-routing-request-id": [
          "WESTUS2:20180221T040147Z:e321daba-f4ce-41cf-99ef-66a4c75f4bee"
        ],
        "Strict-Transport-Security": [
          "max-age=31536000; includeSubDomains"
        ],
        "Cache-Control": [
          "no-cache"
        ],
        "Date": [
          "Wed, 21 Feb 2018 04:01:47 GMT"
        ]
      },
      "StatusCode": 404
    },
    {
      "RequestUri": "/subscriptions/6926fc75-ce7d-4c9e-a87f-c4e38c594eb5/resourceGroups/ps4330/providers/Microsoft.Network/networkWatchers/ps5903?api-version=2017-11-01",
      "EncodedRequestUri": "L3N1YnNjcmlwdGlvbnMvNjkyNmZjNzUtY2U3ZC00YzllLWE4N2YtYzRlMzhjNTk0ZWI1L3Jlc291cmNlR3JvdXBzL3BzNDMzMC9wcm92aWRlcnMvTWljcm9zb2Z0Lk5ldHdvcmsvbmV0d29ya1dhdGNoZXJzL3BzNTkwMz9hcGktdmVyc2lvbj0yMDE3LTExLTAx",
      "RequestMethod": "GET",
      "RequestBody": "",
      "RequestHeaders": {
        "x-ms-client-request-id": [
          "f0106889-3d3c-4638-8b26-7c383e3a5dc6"
        ],
        "accept-language": [
          "en-US"
        ],
        "User-Agent": [
          "FxVersion/4.7.2115.0",
          "OSName/Windows10Enterprise",
          "OSVersion/6.3.15063",
          "Microsoft.Azure.Management.Network.NetworkManagementClient/17.0.0.0"
        ]
      },
      "ResponseBody": "{\r\n  \"name\": \"ps5903\",\r\n  \"id\": \"/subscriptions/6926fc75-ce7d-4c9e-a87f-c4e38c594eb5/resourceGroups/ps4330/providers/Microsoft.Network/networkWatchers/ps5903\",\r\n  \"etag\": \"W/\\\"6d309f84-5c20-44e0-8217-15d9145ca68e\\\"\",\r\n  \"type\": \"Microsoft.Network/networkWatchers\",\r\n  \"location\": \"westus\",\r\n  \"tags\": {\r\n    \"key1\": \"value1\",\r\n    \"key2\": \"value2\"\r\n  },\r\n  \"properties\": {\r\n    \"provisioningState\": \"Succeeded\",\r\n    \"runningOperationIds\": []\r\n  }\r\n}",
      "ResponseHeaders": {
        "Content-Length": [
          "450"
        ],
        "Content-Type": [
          "application/json; charset=utf-8"
        ],
        "Expires": [
          "-1"
        ],
        "Pragma": [
          "no-cache"
        ],
        "x-ms-request-id": [
          "07bde4d5-2cbb-4c0d-a928-7673e3e73564"
        ],
        "Strict-Transport-Security": [
          "max-age=31536000; includeSubDomains"
        ],
        "Cache-Control": [
          "no-cache"
        ],
        "ETag": [
          "W/\"6d309f84-5c20-44e0-8217-15d9145ca68e\""
        ],
        "Server": [
          "Microsoft-HTTPAPI/2.0",
          "Microsoft-HTTPAPI/2.0"
        ],
        "x-ms-ratelimit-remaining-subscription-reads": [
          "14997"
        ],
        "x-ms-correlation-request-id": [
          "ffe4c16e-4463-46e5-bab5-4ea56a84077f"
        ],
        "x-ms-routing-request-id": [
          "WESTUS2:20180221T040150Z:ffe4c16e-4463-46e5-bab5-4ea56a84077f"
        ],
        "Date": [
          "Wed, 21 Feb 2018 04:01:49 GMT"
        ]
      },
      "StatusCode": 200
    },
    {
      "RequestUri": "/subscriptions/6926fc75-ce7d-4c9e-a87f-c4e38c594eb5/resourceGroups/ps4330/providers/Microsoft.Network/networkWatchers/ps5903?api-version=2017-11-01",
      "EncodedRequestUri": "L3N1YnNjcmlwdGlvbnMvNjkyNmZjNzUtY2U3ZC00YzllLWE4N2YtYzRlMzhjNTk0ZWI1L3Jlc291cmNlR3JvdXBzL3BzNDMzMC9wcm92aWRlcnMvTWljcm9zb2Z0Lk5ldHdvcmsvbmV0d29ya1dhdGNoZXJzL3BzNTkwMz9hcGktdmVyc2lvbj0yMDE3LTExLTAx",
      "RequestMethod": "GET",
      "RequestBody": "",
      "RequestHeaders": {
        "x-ms-client-request-id": [
          "b2b3dc7c-1fb9-45f3-9485-f8be1020ccb1"
        ],
        "accept-language": [
          "en-US"
        ],
        "User-Agent": [
          "FxVersion/4.7.2115.0",
          "OSName/Windows10Enterprise",
          "OSVersion/6.3.15063",
          "Microsoft.Azure.Management.Network.NetworkManagementClient/17.0.0.0"
        ]
      },
      "ResponseBody": "{\r\n  \"name\": \"ps5903\",\r\n  \"id\": \"/subscriptions/6926fc75-ce7d-4c9e-a87f-c4e38c594eb5/resourceGroups/ps4330/providers/Microsoft.Network/networkWatchers/ps5903\",\r\n  \"etag\": \"W/\\\"6d309f84-5c20-44e0-8217-15d9145ca68e\\\"\",\r\n  \"type\": \"Microsoft.Network/networkWatchers\",\r\n  \"location\": \"westus\",\r\n  \"tags\": {\r\n    \"key1\": \"value1\",\r\n    \"key2\": \"value2\"\r\n  },\r\n  \"properties\": {\r\n    \"provisioningState\": \"Succeeded\",\r\n    \"runningOperationIds\": []\r\n  }\r\n}",
      "ResponseHeaders": {
        "Content-Length": [
          "450"
        ],
        "Content-Type": [
          "application/json; charset=utf-8"
        ],
        "Expires": [
          "-1"
        ],
        "Pragma": [
          "no-cache"
        ],
        "x-ms-request-id": [
          "1a13274a-03b1-4b01-9a1c-6eea62860e6f"
        ],
        "Strict-Transport-Security": [
          "max-age=31536000; includeSubDomains"
        ],
        "Cache-Control": [
          "no-cache"
        ],
        "ETag": [
          "W/\"6d309f84-5c20-44e0-8217-15d9145ca68e\""
        ],
        "Server": [
          "Microsoft-HTTPAPI/2.0",
          "Microsoft-HTTPAPI/2.0"
        ],
        "x-ms-ratelimit-remaining-subscription-reads": [
          "14996"
        ],
        "x-ms-correlation-request-id": [
          "f57e3e31-65a5-46cd-bc34-e597d6656293"
        ],
        "x-ms-routing-request-id": [
          "WESTUS2:20180221T040150Z:f57e3e31-65a5-46cd-bc34-e597d6656293"
        ],
        "Date": [
          "Wed, 21 Feb 2018 04:01:49 GMT"
        ]
      },
      "StatusCode": 200
    },
    {
      "RequestUri": "/subscriptions/6926fc75-ce7d-4c9e-a87f-c4e38c594eb5/resourceGroups/ps4330/providers/Microsoft.Network/networkWatchers/ps5903?api-version=2017-11-01",
      "EncodedRequestUri": "L3N1YnNjcmlwdGlvbnMvNjkyNmZjNzUtY2U3ZC00YzllLWE4N2YtYzRlMzhjNTk0ZWI1L3Jlc291cmNlR3JvdXBzL3BzNDMzMC9wcm92aWRlcnMvTWljcm9zb2Z0Lk5ldHdvcmsvbmV0d29ya1dhdGNoZXJzL3BzNTkwMz9hcGktdmVyc2lvbj0yMDE3LTExLTAx",
      "RequestMethod": "PUT",
      "RequestBody": "{\r\n  \"location\": \"westus\",\r\n  \"tags\": {\r\n    \"key1\": \"value1\",\r\n    \"key2\": \"value2\"\r\n  }\r\n}",
      "RequestHeaders": {
        "Content-Type": [
          "application/json; charset=utf-8"
        ],
        "Content-Length": [
          "92"
        ],
        "x-ms-client-request-id": [
          "2900c540-6c78-4985-ab54-44b96362a8b6"
        ],
        "accept-language": [
          "en-US"
        ],
        "User-Agent": [
          "FxVersion/4.7.2115.0",
          "OSName/Windows10Enterprise",
          "OSVersion/6.3.15063",
          "Microsoft.Azure.Management.Network.NetworkManagementClient/17.0.0.0"
        ]
      },
      "ResponseBody": "{\r\n  \"name\": \"ps5903\",\r\n  \"id\": \"/subscriptions/6926fc75-ce7d-4c9e-a87f-c4e38c594eb5/resourceGroups/ps4330/providers/Microsoft.Network/networkWatchers/ps5903\",\r\n  \"etag\": \"W/\\\"6d309f84-5c20-44e0-8217-15d9145ca68e\\\"\",\r\n  \"type\": \"Microsoft.Network/networkWatchers\",\r\n  \"location\": \"westus\",\r\n  \"tags\": {\r\n    \"key1\": \"value1\",\r\n    \"key2\": \"value2\"\r\n  },\r\n  \"properties\": {\r\n    \"provisioningState\": \"Succeeded\",\r\n    \"runningOperationIds\": []\r\n  }\r\n}",
      "ResponseHeaders": {
        "Content-Length": [
          "450"
        ],
        "Content-Type": [
          "application/json; charset=utf-8"
        ],
        "Expires": [
          "-1"
        ],
        "Pragma": [
          "no-cache"
        ],
        "x-ms-request-id": [
          "b4dfd70e-7c6e-40f2-bdc2-4666644841b5"
        ],
        "Azure-AsyncOperation": [
          "https://management.azure.com/subscriptions/6926fc75-ce7d-4c9e-a87f-c4e38c594eb5/providers/Microsoft.Network/locations/westus.validation/operations/b4dfd70e-7c6e-40f2-bdc2-4666644841b5?api-version=2017-11-01"
        ],
        "Strict-Transport-Security": [
          "max-age=31536000; includeSubDomains"
        ],
        "Cache-Control": [
          "no-cache"
        ],
        "Server": [
          "Microsoft-HTTPAPI/2.0",
          "Microsoft-HTTPAPI/2.0"
        ],
        "x-ms-ratelimit-remaining-subscription-writes": [
          "1199"
        ],
        "x-ms-correlation-request-id": [
          "2e992084-17e7-4d59-9573-d8daeb9dc1a9"
        ],
        "x-ms-routing-request-id": [
          "WESTUS2:20180221T040149Z:2e992084-17e7-4d59-9573-d8daeb9dc1a9"
        ],
        "Date": [
          "Wed, 21 Feb 2018 04:01:49 GMT"
        ]
      },
      "StatusCode": 201
    },
    {
      "RequestUri": "/subscriptions/6926fc75-ce7d-4c9e-a87f-c4e38c594eb5/resourceGroups/ps4330/providers/Microsoft.Network/networkWatchers?api-version=2017-11-01",
      "EncodedRequestUri": "L3N1YnNjcmlwdGlvbnMvNjkyNmZjNzUtY2U3ZC00YzllLWE4N2YtYzRlMzhjNTk0ZWI1L3Jlc291cmNlR3JvdXBzL3BzNDMzMC9wcm92aWRlcnMvTWljcm9zb2Z0Lk5ldHdvcmsvbmV0d29ya1dhdGNoZXJzP2FwaS12ZXJzaW9uPTIwMTctMTEtMDE=",
      "RequestMethod": "GET",
      "RequestBody": "",
      "RequestHeaders": {
        "x-ms-client-request-id": [
          "3a34ad03-ea14-4e08-9b9f-a894478ea2df"
        ],
        "accept-language": [
          "en-US"
        ],
        "User-Agent": [
          "FxVersion/4.7.2115.0",
          "OSName/Windows10Enterprise",
          "OSVersion/6.3.15063",
          "Microsoft.Azure.Management.Network.NetworkManagementClient/17.0.0.0"
        ]
      },
      "ResponseBody": "{\r\n  \"value\": [\r\n    {\r\n      \"name\": \"ps5903\",\r\n      \"id\": \"/subscriptions/6926fc75-ce7d-4c9e-a87f-c4e38c594eb5/resourceGroups/ps4330/providers/Microsoft.Network/networkWatchers/ps5903\",\r\n      \"etag\": \"W/\\\"6d309f84-5c20-44e0-8217-15d9145ca68e\\\"\",\r\n      \"type\": \"Microsoft.Network/networkWatchers\",\r\n      \"location\": \"westus\",\r\n      \"tags\": {\r\n        \"key1\": \"value1\",\r\n        \"key2\": \"value2\"\r\n      },\r\n      \"properties\": {\r\n        \"provisioningState\": \"Succeeded\",\r\n        \"runningOperationIds\": []\r\n      }\r\n    }\r\n  ]\r\n}",
      "ResponseHeaders": {
        "Content-Length": [
          "535"
        ],
        "Content-Type": [
          "application/json; charset=utf-8"
        ],
        "Expires": [
          "-1"
        ],
        "Pragma": [
          "no-cache"
        ],
        "x-ms-request-id": [
          "8bc5447b-7ca0-4f61-9bce-8cdc908fd120"
        ],
        "Strict-Transport-Security": [
          "max-age=31536000; includeSubDomains"
        ],
        "Cache-Control": [
          "no-cache"
        ],
        "Server": [
          "Microsoft-HTTPAPI/2.0",
          "Microsoft-HTTPAPI/2.0"
        ],
        "x-ms-ratelimit-remaining-subscription-reads": [
          "14995"
        ],
        "x-ms-correlation-request-id": [
          "6c262488-7568-4aa6-bc8b-5e3bac8af324"
        ],
        "x-ms-routing-request-id": [
          "WESTUS2:20180221T040150Z:6c262488-7568-4aa6-bc8b-5e3bac8af324"
        ],
        "Date": [
          "Wed, 21 Feb 2018 04:01:50 GMT"
        ]
      },
      "StatusCode": 200
    },
    {
      "RequestUri": "/subscriptions/6926fc75-ce7d-4c9e-a87f-c4e38c594eb5/resourceGroups/ps4330/providers/Microsoft.Network/networkWatchers?api-version=2017-11-01",
      "EncodedRequestUri": "L3N1YnNjcmlwdGlvbnMvNjkyNmZjNzUtY2U3ZC00YzllLWE4N2YtYzRlMzhjNTk0ZWI1L3Jlc291cmNlR3JvdXBzL3BzNDMzMC9wcm92aWRlcnMvTWljcm9zb2Z0Lk5ldHdvcmsvbmV0d29ya1dhdGNoZXJzP2FwaS12ZXJzaW9uPTIwMTctMTEtMDE=",
      "RequestMethod": "GET",
      "RequestBody": "",
      "RequestHeaders": {
        "x-ms-client-request-id": [
          "b534b0c7-60ec-4bcb-b71d-483c7e900049"
        ],
        "accept-language": [
          "en-US"
        ],
        "User-Agent": [
          "FxVersion/4.7.2115.0",
          "OSName/Windows10Enterprise",
          "OSVersion/6.3.15063",
          "Microsoft.Azure.Management.Network.NetworkManagementClient/17.0.0.0"
        ]
      },
      "ResponseBody": "{\r\n  \"value\": []\r\n}",
      "ResponseHeaders": {
        "Content-Length": [
          "19"
        ],
        "Content-Type": [
          "application/json; charset=utf-8"
        ],
        "Expires": [
          "-1"
        ],
        "Pragma": [
          "no-cache"
        ],
        "x-ms-request-id": [
          "436e976b-df84-4e09-8251-cc7364f22fcc"
        ],
        "Strict-Transport-Security": [
          "max-age=31536000; includeSubDomains"
        ],
        "Cache-Control": [
          "no-cache"
        ],
        "Server": [
          "Microsoft-HTTPAPI/2.0",
          "Microsoft-HTTPAPI/2.0"
        ],
        "x-ms-ratelimit-remaining-subscription-reads": [
          "14992"
        ],
        "x-ms-correlation-request-id": [
          "90469d89-4dd1-428d-88ae-d90a249cb110"
        ],
        "x-ms-routing-request-id": [
          "WESTUS2:20180221T040213Z:90469d89-4dd1-428d-88ae-d90a249cb110"
        ],
        "Date": [
          "Wed, 21 Feb 2018 04:02:12 GMT"
        ]
      },
      "StatusCode": 200
    },
    {
      "RequestUri": "/subscriptions/6926fc75-ce7d-4c9e-a87f-c4e38c594eb5/providers/Microsoft.Network/networkWatchers?api-version=2017-11-01",
      "EncodedRequestUri": "L3N1YnNjcmlwdGlvbnMvNjkyNmZjNzUtY2U3ZC00YzllLWE4N2YtYzRlMzhjNTk0ZWI1L3Byb3ZpZGVycy9NaWNyb3NvZnQuTmV0d29yay9uZXR3b3JrV2F0Y2hlcnM/YXBpLXZlcnNpb249MjAxNy0xMS0wMQ==",
      "RequestMethod": "GET",
      "RequestBody": "",
      "RequestHeaders": {
        "x-ms-client-request-id": [
          "4491fae2-8e0d-4327-a88f-8c04bab9d987"
        ],
        "accept-language": [
          "en-US"
        ],
        "User-Agent": [
          "FxVersion/4.7.2115.0",
          "OSName/Windows10Enterprise",
          "OSVersion/6.3.15063",
          "Microsoft.Azure.Management.Network.NetworkManagementClient/17.0.0.0"
        ]
      },
      "ResponseBody": "{\r\n  \"value\": [\r\n    {\r\n      \"name\": \"NetworkWatcher_eastus\",\r\n      \"id\": \"/subscriptions/6926fc75-ce7d-4c9e-a87f-c4e38c594eb5/resourceGroups/NetworkWatcherRG/providers/Microsoft.Network/networkWatchers/NetworkWatcher_eastus\",\r\n      \"etag\": \"W/\\\"2a30c19f-b2f1-4a8a-9f08-e4432e44ab03\\\"\",\r\n      \"type\": \"Microsoft.Network/networkWatchers\",\r\n      \"location\": \"eastus\",\r\n      \"properties\": {\r\n        \"provisioningState\": \"Succeeded\",\r\n        \"runningOperationIds\": []\r\n      }\r\n    },\r\n    {\r\n      \"name\": \"NetworkWatcher_northeurope\",\r\n      \"id\": \"/subscriptions/6926fc75-ce7d-4c9e-a87f-c4e38c594eb5/resourceGroups/NetworkWatcherRG/providers/Microsoft.Network/networkWatchers/NetworkWatcher_northeurope\",\r\n      \"etag\": \"W/\\\"d45e61ec-f7e1-4947-9765-d59457a5a1a4\\\"\",\r\n      \"type\": \"Microsoft.Network/networkWatchers\",\r\n      \"location\": \"northeurope\",\r\n      \"properties\": {\r\n        \"provisioningState\": \"Succeeded\",\r\n        \"runningOperationIds\": []\r\n      }\r\n    },\r\n    {\r\n      \"name\": \"NetworkWatcher_westeurope\",\r\n      \"id\": \"/subscriptions/6926fc75-ce7d-4c9e-a87f-c4e38c594eb5/resourceGroups/NetworkWatcherRG/providers/Microsoft.Network/networkWatchers/NetworkWatcher_westeurope\",\r\n      \"etag\": \"W/\\\"91c6d409-e47a-4adf-a936-329cb997041e\\\"\",\r\n      \"type\": \"Microsoft.Network/networkWatchers\",\r\n      \"location\": \"westeurope\",\r\n      \"properties\": {\r\n        \"provisioningState\": \"Succeeded\",\r\n        \"runningOperationIds\": []\r\n      }\r\n    },\r\n    {\r\n      \"name\": \"NetworkWatcher_eastasia\",\r\n      \"id\": \"/subscriptions/6926fc75-ce7d-4c9e-a87f-c4e38c594eb5/resourceGroups/NetworkWatcherRG/providers/Microsoft.Network/networkWatchers/NetworkWatcher_eastasia\",\r\n      \"etag\": \"W/\\\"f8a64bdd-2d01-4286-86e9-b197fcb9da72\\\"\",\r\n      \"type\": \"Microsoft.Network/networkWatchers\",\r\n      \"location\": \"eastasia\",\r\n      \"properties\": {\r\n        \"provisioningState\": \"Succeeded\",\r\n        \"runningOperationIds\": []\r\n      }\r\n    },\r\n    {\r\n      \"name\": \"NetworkWatcher_southeastasia\",\r\n      \"id\": \"/subscriptions/6926fc75-ce7d-4c9e-a87f-c4e38c594eb5/resourceGroups/NetworkWatcherRG/providers/Microsoft.Network/networkWatchers/NetworkWatcher_southeastasia\",\r\n      \"etag\": \"W/\\\"2332f2ad-3927-4fa2-9d92-c64d6e907b57\\\"\",\r\n      \"type\": \"Microsoft.Network/networkWatchers\",\r\n      \"location\": \"southeastasia\",\r\n      \"properties\": {\r\n        \"provisioningState\": \"Succeeded\",\r\n        \"runningOperationIds\": []\r\n      }\r\n    },\r\n    {\r\n      \"name\": \"NetworkWatcher_northcentralus\",\r\n      \"id\": \"/subscriptions/6926fc75-ce7d-4c9e-a87f-c4e38c594eb5/resourceGroups/NetworkWatcherRG/providers/Microsoft.Network/networkWatchers/NetworkWatcher_northcentralus\",\r\n      \"etag\": \"W/\\\"b2888e67-84e7-4fcf-8909-7f71eadca486\\\"\",\r\n      \"type\": \"Microsoft.Network/networkWatchers\",\r\n      \"location\": \"northcentralus\",\r\n      \"tags\": {\r\n        \"key1\": \"value1\",\r\n        \"key2\": \"value2\"\r\n      },\r\n      \"properties\": {\r\n        \"provisioningState\": \"Succeeded\",\r\n        \"runningOperationIds\": []\r\n      }\r\n    },\r\n    {\r\n      \"name\": \"NetworkWatcher_southcentralus\",\r\n      \"id\": \"/subscriptions/6926fc75-ce7d-4c9e-a87f-c4e38c594eb5/resourceGroups/NetworkWatcherRG/providers/Microsoft.Network/networkWatchers/NetworkWatcher_southcentralus\",\r\n      \"etag\": \"W/\\\"aa0f8e1c-a113-4808-8c64-36845b60a2cb\\\"\",\r\n      \"type\": \"Microsoft.Network/networkWatchers\",\r\n      \"location\": \"southcentralus\",\r\n      \"properties\": {\r\n        \"provisioningState\": \"Succeeded\",\r\n        \"runningOperationIds\": []\r\n      }\r\n    },\r\n    {\r\n      \"name\": \"NetworkWatcher_centralus\",\r\n      \"id\": \"/subscriptions/6926fc75-ce7d-4c9e-a87f-c4e38c594eb5/resourceGroups/NetworkWatcherRG/providers/Microsoft.Network/networkWatchers/NetworkWatcher_centralus\",\r\n      \"etag\": \"W/\\\"b014a779-e148-4e52-b4a1-49f1cf03eecc\\\"\",\r\n      \"type\": \"Microsoft.Network/networkWatchers\",\r\n      \"location\": \"centralus\",\r\n      \"properties\": {\r\n        \"provisioningState\": \"Succeeded\",\r\n        \"runningOperationIds\": []\r\n      }\r\n    },\r\n    {\r\n      \"name\": \"NetworkWatcher_eastus2\",\r\n      \"id\": \"/subscriptions/6926fc75-ce7d-4c9e-a87f-c4e38c594eb5/resourceGroups/NetworkWatcherRG/providers/Microsoft.Network/networkWatchers/NetworkWatcher_eastus2\",\r\n      \"etag\": \"W/\\\"e5727ff6-4a52-4e3b-9163-2da9583dd9f1\\\"\",\r\n      \"type\": \"Microsoft.Network/networkWatchers\",\r\n      \"location\": \"eastus2\",\r\n      \"properties\": {\r\n        \"provisioningState\": \"Succeeded\",\r\n        \"runningOperationIds\": []\r\n      }\r\n    },\r\n    {\r\n      \"name\": \"NetworkWatcher_japaneast\",\r\n      \"id\": \"/subscriptions/6926fc75-ce7d-4c9e-a87f-c4e38c594eb5/resourceGroups/NetworkWatcherRG/providers/Microsoft.Network/networkWatchers/NetworkWatcher_japaneast\",\r\n      \"etag\": \"W/\\\"e276194d-9655-4f6a-ba78-acd66e1021cb\\\"\",\r\n      \"type\": \"Microsoft.Network/networkWatchers\",\r\n      \"location\": \"japaneast\",\r\n      \"properties\": {\r\n        \"provisioningState\": \"Succeeded\",\r\n        \"runningOperationIds\": []\r\n      }\r\n    },\r\n    {\r\n      \"name\": \"NetworkWatcher_japanwest\",\r\n      \"id\": \"/subscriptions/6926fc75-ce7d-4c9e-a87f-c4e38c594eb5/resourceGroups/NetworkWatcherRG/providers/Microsoft.Network/networkWatchers/NetworkWatcher_japanwest\",\r\n      \"etag\": \"W/\\\"a50dc902-1ecb-4652-acef-29f64602996d\\\"\",\r\n      \"type\": \"Microsoft.Network/networkWatchers\",\r\n      \"location\": \"japanwest\",\r\n      \"properties\": {\r\n        \"provisioningState\": \"Succeeded\",\r\n        \"runningOperationIds\": []\r\n      }\r\n    },\r\n    {\r\n      \"name\": \"NetworkWatcher_brazilsouth\",\r\n      \"id\": \"/subscriptions/6926fc75-ce7d-4c9e-a87f-c4e38c594eb5/resourceGroups/NetworkWatcherRG/providers/Microsoft.Network/networkWatchers/NetworkWatcher_brazilsouth\",\r\n      \"etag\": \"W/\\\"ef685334-70e1-4063-bbd3-e1c784e3aacc\\\"\",\r\n      \"type\": \"Microsoft.Network/networkWatchers\",\r\n      \"location\": \"brazilsouth\",\r\n      \"properties\": {\r\n        \"provisioningState\": \"Succeeded\",\r\n        \"runningOperationIds\": []\r\n      }\r\n    },\r\n    {\r\n      \"name\": \"NetworkWatcher_australiaeast\",\r\n      \"id\": \"/subscriptions/6926fc75-ce7d-4c9e-a87f-c4e38c594eb5/resourceGroups/NetworkWatcherRG/providers/Microsoft.Network/networkWatchers/NetworkWatcher_australiaeast\",\r\n      \"etag\": \"W/\\\"9a842855-a4d3-4d74-9c38-5b4643418ffa\\\"\",\r\n      \"type\": \"Microsoft.Network/networkWatchers\",\r\n      \"location\": \"australiaeast\",\r\n      \"properties\": {\r\n        \"provisioningState\": \"Succeeded\",\r\n        \"runningOperationIds\": []\r\n      }\r\n    },\r\n    {\r\n      \"name\": \"NetworkWatcher_australiasoutheast\",\r\n      \"id\": \"/subscriptions/6926fc75-ce7d-4c9e-a87f-c4e38c594eb5/resourceGroups/NetworkWatcherRG/providers/Microsoft.Network/networkWatchers/NetworkWatcher_australiasoutheast\",\r\n      \"etag\": \"W/\\\"78465d3e-16c5-4283-bd77-4f0d43ab20a0\\\"\",\r\n      \"type\": \"Microsoft.Network/networkWatchers\",\r\n      \"location\": \"australiasoutheast\",\r\n      \"properties\": {\r\n        \"provisioningState\": \"Succeeded\",\r\n        \"runningOperationIds\": []\r\n      }\r\n    },\r\n    {\r\n      \"name\": \"NetworkWatcher_centralindia\",\r\n      \"id\": \"/subscriptions/6926fc75-ce7d-4c9e-a87f-c4e38c594eb5/resourceGroups/NetworkWatcherRG/providers/Microsoft.Network/networkWatchers/NetworkWatcher_centralindia\",\r\n      \"etag\": \"W/\\\"b68c6e8d-f685-43dd-b13c-13299ca3cf84\\\"\",\r\n      \"type\": \"Microsoft.Network/networkWatchers\",\r\n      \"location\": \"centralindia\",\r\n      \"properties\": {\r\n        \"provisioningState\": \"Succeeded\",\r\n        \"runningOperationIds\": []\r\n      }\r\n    },\r\n    {\r\n      \"name\": \"NetworkWatcher_southindia\",\r\n      \"id\": \"/subscriptions/6926fc75-ce7d-4c9e-a87f-c4e38c594eb5/resourceGroups/NetworkWatcherRG/providers/Microsoft.Network/networkWatchers/NetworkWatcher_southindia\",\r\n      \"etag\": \"W/\\\"63d5dbb6-c4dc-416d-8753-180d8875b189\\\"\",\r\n      \"type\": \"Microsoft.Network/networkWatchers\",\r\n      \"location\": \"southindia\",\r\n      \"properties\": {\r\n        \"provisioningState\": \"Succeeded\",\r\n        \"runningOperationIds\": []\r\n      }\r\n    },\r\n    {\r\n      \"name\": \"NetworkWatcher_westindia\",\r\n      \"id\": \"/subscriptions/6926fc75-ce7d-4c9e-a87f-c4e38c594eb5/resourceGroups/NetworkWatcherRG/providers/Microsoft.Network/networkWatchers/NetworkWatcher_westindia\",\r\n      \"etag\": \"W/\\\"f42948cb-4725-4ad1-82f1-0a66729002ad\\\"\",\r\n      \"type\": \"Microsoft.Network/networkWatchers\",\r\n      \"location\": \"westindia\",\r\n      \"properties\": {\r\n        \"provisioningState\": \"Succeeded\",\r\n        \"runningOperationIds\": []\r\n      }\r\n    },\r\n    {\r\n      \"name\": \"NetworkWatcher_canadacentral\",\r\n      \"id\": \"/subscriptions/6926fc75-ce7d-4c9e-a87f-c4e38c594eb5/resourceGroups/NetworkWatcherRG/providers/Microsoft.Network/networkWatchers/NetworkWatcher_canadacentral\",\r\n      \"etag\": \"W/\\\"f3b08f0b-bc18-4395-bdf5-0d2f3ffea08d\\\"\",\r\n      \"type\": \"Microsoft.Network/networkWatchers\",\r\n      \"location\": \"canadacentral\",\r\n      \"properties\": {\r\n        \"provisioningState\": \"Succeeded\",\r\n        \"runningOperationIds\": []\r\n      }\r\n    },\r\n    {\r\n      \"name\": \"NetworkWatcher_canadaeast\",\r\n      \"id\": \"/subscriptions/6926fc75-ce7d-4c9e-a87f-c4e38c594eb5/resourceGroups/NetworkWatcherRG/providers/Microsoft.Network/networkWatchers/NetworkWatcher_canadaeast\",\r\n      \"etag\": \"W/\\\"56766a89-21b2-4959-9839-9b2b983e5e1d\\\"\",\r\n      \"type\": \"Microsoft.Network/networkWatchers\",\r\n      \"location\": \"canadaeast\",\r\n      \"properties\": {\r\n        \"provisioningState\": \"Succeeded\",\r\n        \"runningOperationIds\": []\r\n      }\r\n    },\r\n    {\r\n      \"name\": \"NetworkWatcher_westcentralus\",\r\n      \"id\": \"/subscriptions/6926fc75-ce7d-4c9e-a87f-c4e38c594eb5/resourceGroups/NetworkWatcherRG/providers/Microsoft.Network/networkWatchers/NetworkWatcher_westcentralus\",\r\n      \"etag\": \"W/\\\"e99eb291-ccf6-433c-b1bd-74602e068670\\\"\",\r\n      \"type\": \"Microsoft.Network/networkWatchers\",\r\n      \"location\": \"westcentralus\",\r\n      \"properties\": {\r\n        \"provisioningState\": \"Succeeded\",\r\n        \"runningOperationIds\": []\r\n      }\r\n    },\r\n    {\r\n      \"name\": \"NetworkWatcher_westus2\",\r\n      \"id\": \"/subscriptions/6926fc75-ce7d-4c9e-a87f-c4e38c594eb5/resourceGroups/NetworkWatcherRG/providers/Microsoft.Network/networkWatchers/NetworkWatcher_westus2\",\r\n      \"etag\": \"W/\\\"dd3f7f9b-10dc-45e4-a295-66ef39f28514\\\"\",\r\n      \"type\": \"Microsoft.Network/networkWatchers\",\r\n      \"location\": \"westus2\",\r\n      \"properties\": {\r\n        \"provisioningState\": \"Succeeded\",\r\n        \"runningOperationIds\": []\r\n      }\r\n    },\r\n    {\r\n      \"name\": \"NetworkWatcher_ukwest\",\r\n      \"id\": \"/subscriptions/6926fc75-ce7d-4c9e-a87f-c4e38c594eb5/resourceGroups/NetworkWatcherRG/providers/Microsoft.Network/networkWatchers/NetworkWatcher_ukwest\",\r\n      \"etag\": \"W/\\\"32261319-7d32-47fd-9c5d-9328d96338f3\\\"\",\r\n      \"type\": \"Microsoft.Network/networkWatchers\",\r\n      \"location\": \"ukwest\",\r\n      \"properties\": {\r\n        \"provisioningState\": \"Succeeded\",\r\n        \"runningOperationIds\": []\r\n      }\r\n    },\r\n    {\r\n      \"name\": \"NetworkWatcher_uksouth\",\r\n      \"id\": \"/subscriptions/6926fc75-ce7d-4c9e-a87f-c4e38c594eb5/resourceGroups/NetworkWatcherRG/providers/Microsoft.Network/networkWatchers/NetworkWatcher_uksouth\",\r\n      \"etag\": \"W/\\\"f7528d35-cfaa-4dbe-8a9e-3cf9c96a4b3d\\\"\",\r\n      \"type\": \"Microsoft.Network/networkWatchers\",\r\n      \"location\": \"uksouth\",\r\n      \"properties\": {\r\n        \"provisioningState\": \"Succeeded\",\r\n        \"runningOperationIds\": []\r\n      }\r\n    },\r\n    {\r\n      \"name\": \"NetworkWatcher_koreacentral\",\r\n      \"id\": \"/subscriptions/6926fc75-ce7d-4c9e-a87f-c4e38c594eb5/resourceGroups/NetworkWatcherRG/providers/Microsoft.Network/networkWatchers/NetworkWatcher_koreacentral\",\r\n      \"etag\": \"W/\\\"153db511-58a2-448e-9a8b-97dfd349d3ac\\\"\",\r\n      \"type\": \"Microsoft.Network/networkWatchers\",\r\n      \"location\": \"koreacentral\",\r\n      \"properties\": {\r\n        \"provisioningState\": \"Succeeded\",\r\n        \"runningOperationIds\": []\r\n      }\r\n    },\r\n    {\r\n      \"name\": \"NetworkWatcher_koreasouth\",\r\n      \"id\": \"/subscriptions/6926fc75-ce7d-4c9e-a87f-c4e38c594eb5/resourceGroups/NetworkWatcherRG/providers/Microsoft.Network/networkWatchers/NetworkWatcher_koreasouth\",\r\n      \"etag\": \"W/\\\"cc44dfbd-4c95-4911-b08b-508da2bc0884\\\"\",\r\n      \"type\": \"Microsoft.Network/networkWatchers\",\r\n      \"location\": \"koreasouth\",\r\n      \"properties\": {\r\n        \"provisioningState\": \"Succeeded\",\r\n        \"runningOperationIds\": []\r\n      }\r\n    },\r\n    {\r\n      \"name\": \"ps5903\",\r\n      \"id\": \"/subscriptions/6926fc75-ce7d-4c9e-a87f-c4e38c594eb5/resourceGroups/ps4330/providers/Microsoft.Network/networkWatchers/ps5903\",\r\n      \"etag\": \"W/\\\"6d309f84-5c20-44e0-8217-15d9145ca68e\\\"\",\r\n      \"type\": \"Microsoft.Network/networkWatchers\",\r\n      \"location\": \"westus\",\r\n      \"tags\": {\r\n        \"key1\": \"value1\",\r\n        \"key2\": \"value2\"\r\n      },\r\n      \"properties\": {\r\n        \"provisioningState\": \"Succeeded\",\r\n        \"runningOperationIds\": []\r\n      }\r\n    },\r\n    {\r\n      \"name\": \"NetworkWatcher_centraluseuap\",\r\n      \"id\": \"/subscriptions/6926fc75-ce7d-4c9e-a87f-c4e38c594eb5/resourceGroups/NetworkWatcherRG/providers/Microsoft.Network/networkWatchers/NetworkWatcher_centraluseuap\",\r\n      \"etag\": \"W/\\\"055a02c8-dcec-4773-8c6b-6b0b414147dd\\\"\",\r\n      \"type\": \"Microsoft.Network/networkWatchers\",\r\n      \"location\": \"centraluseuap\",\r\n      \"properties\": {\r\n        \"provisioningState\": \"Succeeded\",\r\n        \"runningOperationIds\": []\r\n      }\r\n    },\r\n    {\r\n      \"name\": \"NetworkWatcher_eastus2euap\",\r\n      \"id\": \"/subscriptions/6926fc75-ce7d-4c9e-a87f-c4e38c594eb5/resourceGroups/NetworkWatcherRG/providers/Microsoft.Network/networkWatchers/NetworkWatcher_eastus2euap\",\r\n      \"etag\": \"W/\\\"c5986f9a-c9e2-4148-a00b-6f0417d132d5\\\"\",\r\n      \"type\": \"Microsoft.Network/networkWatchers\",\r\n      \"location\": \"eastus2euap\",\r\n      \"properties\": {\r\n        \"provisioningState\": \"Succeeded\",\r\n        \"runningOperationIds\": []\r\n      }\r\n    }\r\n  ]\r\n}",
      "ResponseHeaders": {
        "Content-Length": [
          "10978"
        ],
        "Content-Type": [
          "application/json; charset=utf-8"
        ],
        "Expires": [
          "-1"
        ],
        "Pragma": [
          "no-cache"
        ],
        "x-ms-original-request-ids": [
          "8b7ec849-7ef5-4c13-b0c6-32afbfe24547",
          "c5a655ce-233e-4f85-bfbf-36d45e4c1ee9",
          "ce83e213-556d-43b5-a116-8e8fc58da6f1",
          "8fab10cd-4641-4069-88da-9b55739632b7",
          "0059c1b6-1081-455e-b8b1-21de1719b4b2",
          "0e204f0c-793b-4a2e-9760-5f249948ae3b",
          "089f7571-0c26-4fe3-9234-c2d9319fe7a5",
          "a450cf54-a530-4e52-8e76-d06d31ab1587",
          "d99913cd-85a2-49ec-accf-c57d8235190b",
          "98b827d8-cf7a-4c34-a5b2-83430b989d20",
          "8e77e243-4851-42e2-8b77-084c258508ff",
          "5cb7eb25-3fa3-4e3e-9326-f188895049cc",
          "df4255b9-cff0-416c-ad46-b7c88e7bf782",
          "006e7c41-de84-4388-9ffa-fa8a4bc01a4d",
          "8cb0992e-a0f0-4a60-b447-043d107bf04d",
          "5085d4e9-dd26-4c19-b6d9-0a0b12ee65b7",
          "5d582b8e-fd87-478c-902a-4c44ff21778a",
          "7e5434e0-f732-4109-9f23-6faf66d5d352",
          "6f32278b-d535-4d07-a832-103a17e9b16c",
          "bf228381-0fe2-43f3-bc16-664aa6aba604",
          "9daaba10-005a-4442-8e69-a74fb3225d50",
          "9004779e-c660-4b4d-aebb-990ce2b77088",
          "c0523719-1544-43dd-85ff-c221d8193642",
          "f2975a55-c42d-4b9f-ac50-5067f084fe70",
          "90348b15-4c58-4901-abe1-5adc974836c4",
          "62cd4e70-cabe-4e8a-8fe3-cc0e75461417",
          "ac3e1b01-1be0-4630-90e9-3d591b7d266f",
          "27ab2bca-cdcd-4033-b7a3-1d834f5760f8"
        ],
        "x-ms-ratelimit-remaining-subscription-reads": [
          "14994"
        ],
        "x-ms-request-id": [
          "a83d0314-af6a-4d8e-b088-b93b62823d20"
        ],
        "x-ms-correlation-request-id": [
          "a83d0314-af6a-4d8e-b088-b93b62823d20"
        ],
        "x-ms-routing-request-id": [
          "WESTUS2:20180221T040202Z:a83d0314-af6a-4d8e-b088-b93b62823d20"
        ],
        "Strict-Transport-Security": [
          "max-age=31536000; includeSubDomains"
        ],
        "Cache-Control": [
          "no-cache"
        ],
        "Date": [
          "Wed, 21 Feb 2018 04:02:02 GMT"
        ]
      },
      "StatusCode": 200
    },
    {
      "RequestUri": "/subscriptions/6926fc75-ce7d-4c9e-a87f-c4e38c594eb5/resourceGroups/ps4330/providers/Microsoft.Network/networkWatchers/ps5903?api-version=2017-11-01",
      "EncodedRequestUri": "L3N1YnNjcmlwdGlvbnMvNjkyNmZjNzUtY2U3ZC00YzllLWE4N2YtYzRlMzhjNTk0ZWI1L3Jlc291cmNlR3JvdXBzL3BzNDMzMC9wcm92aWRlcnMvTWljcm9zb2Z0Lk5ldHdvcmsvbmV0d29ya1dhdGNoZXJzL3BzNTkwMz9hcGktdmVyc2lvbj0yMDE3LTExLTAx",
      "RequestMethod": "DELETE",
      "RequestBody": "",
      "RequestHeaders": {
        "x-ms-client-request-id": [
          "cb31c41a-7b5e-4990-80c9-11665169df0b"
        ],
        "accept-language": [
          "en-US"
        ],
        "User-Agent": [
          "FxVersion/4.7.2115.0",
          "OSName/Windows10Enterprise",
          "OSVersion/6.3.15063",
          "Microsoft.Azure.Management.Network.NetworkManagementClient/17.0.0.0"
        ]
      },
      "ResponseBody": "",
      "ResponseHeaders": {
        "Content-Length": [
          "0"
        ],
        "Expires": [
          "-1"
        ],
        "Pragma": [
          "no-cache"
        ],
        "Retry-After": [
          "10"
        ],
        "x-ms-request-id": [
          "6be7c495-b5cc-447a-bfa1-a2270f8bf17f"
        ],
        "Azure-AsyncOperation": [
          "https://management.azure.com/subscriptions/6926fc75-ce7d-4c9e-a87f-c4e38c594eb5/providers/Microsoft.Network/locations/westus.validation/operations/6be7c495-b5cc-447a-bfa1-a2270f8bf17f?api-version=2017-11-01"
        ],
        "Strict-Transport-Security": [
          "max-age=31536000; includeSubDomains"
        ],
        "Cache-Control": [
          "no-cache"
        ],
        "Location": [
          "https://management.azure.com/subscriptions/6926fc75-ce7d-4c9e-a87f-c4e38c594eb5/providers/Microsoft.Network/locations/westus.validation/operationResults/6be7c495-b5cc-447a-bfa1-a2270f8bf17f?api-version=2017-11-01"
        ],
        "Server": [
          "Microsoft-HTTPAPI/2.0",
          "Microsoft-HTTPAPI/2.0"
        ],
        "x-ms-ratelimit-remaining-subscription-writes": [
          "1198"
        ],
        "x-ms-correlation-request-id": [
          "fbc6bcea-67f1-4d2a-a34a-a6e5d2ea245f"
        ],
        "x-ms-routing-request-id": [
          "WESTUS2:20180221T040203Z:fbc6bcea-67f1-4d2a-a34a-a6e5d2ea245f"
        ],
        "Date": [
          "Wed, 21 Feb 2018 04:02:02 GMT"
        ]
      },
      "StatusCode": 202
    },
    {
      "RequestUri": "/subscriptions/6926fc75-ce7d-4c9e-a87f-c4e38c594eb5/providers/Microsoft.Network/locations/westus.validation/operations/6be7c495-b5cc-447a-bfa1-a2270f8bf17f?api-version=2017-11-01",
      "EncodedRequestUri": "L3N1YnNjcmlwdGlvbnMvNjkyNmZjNzUtY2U3ZC00YzllLWE4N2YtYzRlMzhjNTk0ZWI1L3Byb3ZpZGVycy9NaWNyb3NvZnQuTmV0d29yay9sb2NhdGlvbnMvd2VzdHVzLnZhbGlkYXRpb24vb3BlcmF0aW9ucy82YmU3YzQ5NS1iNWNjLTQ0N2EtYmZhMS1hMjI3MGY4YmYxN2Y/YXBpLXZlcnNpb249MjAxNy0xMS0wMQ==",
      "RequestMethod": "GET",
      "RequestBody": "",
      "RequestHeaders": {
        "User-Agent": [
          "FxVersion/4.7.2115.0",
          "OSName/Windows10Enterprise",
          "OSVersion/6.3.15063",
          "Microsoft.Azure.Management.Network.NetworkManagementClient/17.0.0.0"
        ]
      },
      "ResponseBody": "{\r\n  \"status\": \"Succeeded\"\r\n}",
      "ResponseHeaders": {
        "Content-Length": [
          "29"
        ],
        "Content-Type": [
          "application/json; charset=utf-8"
        ],
        "Expires": [
          "-1"
        ],
        "Pragma": [
          "no-cache"
        ],
        "x-ms-request-id": [
          "d4bb039c-8bb8-4b85-b386-5301ff4db7b8"
        ],
        "Strict-Transport-Security": [
          "max-age=31536000; includeSubDomains"
        ],
        "Cache-Control": [
          "no-cache"
        ],
        "Server": [
          "Microsoft-HTTPAPI/2.0",
          "Microsoft-HTTPAPI/2.0"
        ],
        "x-ms-ratelimit-remaining-subscription-reads": [
          "14993"
        ],
        "x-ms-correlation-request-id": [
          "f3661c3c-b259-4056-9996-f6ab012d4d99"
        ],
        "x-ms-routing-request-id": [
          "WESTUS2:20180221T040213Z:f3661c3c-b259-4056-9996-f6ab012d4d99"
        ],
        "Date": [
          "Wed, 21 Feb 2018 04:02:12 GMT"
        ]
      },
      "StatusCode": 200
    },
    {
      "RequestUri": "/subscriptions/6926fc75-ce7d-4c9e-a87f-c4e38c594eb5/resourcegroups/ps4330?api-version=2016-02-01",
      "EncodedRequestUri": "L3N1YnNjcmlwdGlvbnMvNjkyNmZjNzUtY2U3ZC00YzllLWE4N2YtYzRlMzhjNTk0ZWI1L3Jlc291cmNlZ3JvdXBzL3BzNDMzMD9hcGktdmVyc2lvbj0yMDE2LTAyLTAx",
      "RequestMethod": "DELETE",
      "RequestBody": "",
      "RequestHeaders": {
        "User-Agent": [
          "Microsoft.Azure.Management.Resources.ResourceManagementClient/2.0.0.0"
        ]
      },
      "ResponseBody": "",
      "ResponseHeaders": {
        "Content-Length": [
          "0"
        ],
        "Expires": [
          "-1"
        ],
        "Pragma": [
          "no-cache"
        ],
        "Retry-After": [
          "15"
        ],
        "x-ms-ratelimit-remaining-subscription-writes": [
          "1198"
        ],
        "x-ms-request-id": [
          "bfeb0983-b206-4c2e-8b04-fcbaf3f7b1f6"
        ],
        "x-ms-correlation-request-id": [
          "bfeb0983-b206-4c2e-8b04-fcbaf3f7b1f6"
        ],
        "x-ms-routing-request-id": [
          "WESTUS2:20180221T040215Z:bfeb0983-b206-4c2e-8b04-fcbaf3f7b1f6"
        ],
        "Strict-Transport-Security": [
          "max-age=31536000; includeSubDomains"
        ],
        "Cache-Control": [
          "no-cache"
        ],
        "Date": [
          "Wed, 21 Feb 2018 04:02:14 GMT"
        ],
        "Location": [
          "https://management.azure.com/subscriptions/6926fc75-ce7d-4c9e-a87f-c4e38c594eb5/operationresults/eyJqb2JJZCI6IlJFU09VUkNFR1JPVVBERUxFVElPTkpPQi1QUzQzMzAtV0VTVFVTIiwiam9iTG9jYXRpb24iOiJ3ZXN0dXMifQ?api-version=2016-02-01"
        ]
      },
      "StatusCode": 202
    },
    {
      "RequestUri": "/subscriptions/6926fc75-ce7d-4c9e-a87f-c4e38c594eb5/operationresults/eyJqb2JJZCI6IlJFU09VUkNFR1JPVVBERUxFVElPTkpPQi1QUzQzMzAtV0VTVFVTIiwiam9iTG9jYXRpb24iOiJ3ZXN0dXMifQ?api-version=2016-02-01",
      "EncodedRequestUri": "L3N1YnNjcmlwdGlvbnMvNjkyNmZjNzUtY2U3ZC00YzllLWE4N2YtYzRlMzhjNTk0ZWI1L29wZXJhdGlvbnJlc3VsdHMvZXlKcWIySkpaQ0k2SWxKRlUwOVZVa05GUjFKUFZWQkVSVXhGVkVsUFRrcFBRaTFRVXpRek16QXRWMFZUVkZWVElpd2lhbTlpVEc5allYUnBiMjRpT2lKM1pYTjBkWE1pZlE/YXBpLXZlcnNpb249MjAxNi0wMi0wMQ==",
      "RequestMethod": "GET",
      "RequestBody": "",
      "RequestHeaders": {
        "x-ms-version": [
          "2016-02-01"
        ],
        "User-Agent": [
          "Microsoft.Azure.Management.Resources.ResourceManagementClient/2.0.0.0"
        ]
      },
      "ResponseBody": "",
      "ResponseHeaders": {
        "Content-Length": [
          "0"
        ],
        "Expires": [
          "-1"
        ],
        "Pragma": [
          "no-cache"
        ],
        "Retry-After": [
          "15"
        ],
        "x-ms-ratelimit-remaining-subscription-reads": [
          "14988"
        ],
        "x-ms-request-id": [
          "2b5bb20a-3be3-46e8-b3e0-c8b27fe2dafc"
        ],
        "x-ms-correlation-request-id": [
          "2b5bb20a-3be3-46e8-b3e0-c8b27fe2dafc"
        ],
        "x-ms-routing-request-id": [
          "WESTUS2:20180221T040215Z:2b5bb20a-3be3-46e8-b3e0-c8b27fe2dafc"
        ],
        "Strict-Transport-Security": [
          "max-age=31536000; includeSubDomains"
        ],
        "Cache-Control": [
          "no-cache"
        ],
        "Date": [
          "Wed, 21 Feb 2018 04:02:14 GMT"
        ],
        "Location": [
          "https://management.azure.com/subscriptions/6926fc75-ce7d-4c9e-a87f-c4e38c594eb5/operationresults/eyJqb2JJZCI6IlJFU09VUkNFR1JPVVBERUxFVElPTkpPQi1QUzQzMzAtV0VTVFVTIiwiam9iTG9jYXRpb24iOiJ3ZXN0dXMifQ?api-version=2016-02-01"
        ]
      },
      "StatusCode": 202
    },
    {
      "RequestUri": "/subscriptions/6926fc75-ce7d-4c9e-a87f-c4e38c594eb5/operationresults/eyJqb2JJZCI6IlJFU09VUkNFR1JPVVBERUxFVElPTkpPQi1QUzQzMzAtV0VTVFVTIiwiam9iTG9jYXRpb24iOiJ3ZXN0dXMifQ?api-version=2016-02-01",
      "EncodedRequestUri": "L3N1YnNjcmlwdGlvbnMvNjkyNmZjNzUtY2U3ZC00YzllLWE4N2YtYzRlMzhjNTk0ZWI1L29wZXJhdGlvbnJlc3VsdHMvZXlKcWIySkpaQ0k2SWxKRlUwOVZVa05GUjFKUFZWQkVSVXhGVkVsUFRrcFBRaTFRVXpRek16QXRWMFZUVkZWVElpd2lhbTlpVEc5allYUnBiMjRpT2lKM1pYTjBkWE1pZlE/YXBpLXZlcnNpb249MjAxNi0wMi0wMQ==",
      "RequestMethod": "GET",
      "RequestBody": "",
      "RequestHeaders": {
        "x-ms-version": [
          "2016-02-01"
        ],
        "User-Agent": [
          "Microsoft.Azure.Management.Resources.ResourceManagementClient/2.0.0.0"
        ]
      },
      "ResponseBody": "",
      "ResponseHeaders": {
        "Content-Length": [
          "0"
        ],
        "Expires": [
          "-1"
        ],
        "Pragma": [
          "no-cache"
        ],
        "Retry-After": [
          "15"
        ],
        "x-ms-ratelimit-remaining-subscription-reads": [
          "14987"
        ],
        "x-ms-request-id": [
          "91f89a0b-3a01-4d48-8687-fe032fffcd8f"
        ],
        "x-ms-correlation-request-id": [
          "91f89a0b-3a01-4d48-8687-fe032fffcd8f"
        ],
        "x-ms-routing-request-id": [
          "WESTUS2:20180221T040230Z:91f89a0b-3a01-4d48-8687-fe032fffcd8f"
        ],
        "Strict-Transport-Security": [
          "max-age=31536000; includeSubDomains"
        ],
        "Cache-Control": [
          "no-cache"
        ],
        "Date": [
          "Wed, 21 Feb 2018 04:02:30 GMT"
        ],
        "Location": [
          "https://management.azure.com/subscriptions/6926fc75-ce7d-4c9e-a87f-c4e38c594eb5/operationresults/eyJqb2JJZCI6IlJFU09VUkNFR1JPVVBERUxFVElPTkpPQi1QUzQzMzAtV0VTVFVTIiwiam9iTG9jYXRpb24iOiJ3ZXN0dXMifQ?api-version=2016-02-01"
        ]
      },
      "StatusCode": 202
    },
    {
      "RequestUri": "/subscriptions/6926fc75-ce7d-4c9e-a87f-c4e38c594eb5/operationresults/eyJqb2JJZCI6IlJFU09VUkNFR1JPVVBERUxFVElPTkpPQi1QUzQzMzAtV0VTVFVTIiwiam9iTG9jYXRpb24iOiJ3ZXN0dXMifQ?api-version=2016-02-01",
      "EncodedRequestUri": "L3N1YnNjcmlwdGlvbnMvNjkyNmZjNzUtY2U3ZC00YzllLWE4N2YtYzRlMzhjNTk0ZWI1L29wZXJhdGlvbnJlc3VsdHMvZXlKcWIySkpaQ0k2SWxKRlUwOVZVa05GUjFKUFZWQkVSVXhGVkVsUFRrcFBRaTFRVXpRek16QXRWMFZUVkZWVElpd2lhbTlpVEc5allYUnBiMjRpT2lKM1pYTjBkWE1pZlE/YXBpLXZlcnNpb249MjAxNi0wMi0wMQ==",
      "RequestMethod": "GET",
      "RequestBody": "",
      "RequestHeaders": {
        "x-ms-version": [
          "2016-02-01"
        ],
        "User-Agent": [
          "Microsoft.Azure.Management.Resources.ResourceManagementClient/2.0.0.0"
        ]
      },
      "ResponseBody": "",
      "ResponseHeaders": {
        "Content-Length": [
          "0"
        ],
        "Expires": [
          "-1"
        ],
        "Pragma": [
          "no-cache"
        ],
        "Retry-After": [
          "15"
        ],
        "x-ms-ratelimit-remaining-subscription-reads": [
          "14986"
        ],
        "x-ms-request-id": [
          "cf8fccc2-65cd-446e-bb64-e663ecc84110"
        ],
        "x-ms-correlation-request-id": [
          "cf8fccc2-65cd-446e-bb64-e663ecc84110"
        ],
        "x-ms-routing-request-id": [
          "WESTUS2:20180221T040245Z:cf8fccc2-65cd-446e-bb64-e663ecc84110"
        ],
        "Strict-Transport-Security": [
          "max-age=31536000; includeSubDomains"
        ],
        "Cache-Control": [
          "no-cache"
        ],
        "Date": [
          "Wed, 21 Feb 2018 04:02:45 GMT"
        ],
        "Location": [
          "https://management.azure.com/subscriptions/6926fc75-ce7d-4c9e-a87f-c4e38c594eb5/operationresults/eyJqb2JJZCI6IlJFU09VUkNFR1JPVVBERUxFVElPTkpPQi1QUzQzMzAtV0VTVFVTIiwiam9iTG9jYXRpb24iOiJ3ZXN0dXMifQ?api-version=2016-02-01"
        ]
      },
      "StatusCode": 202
    },
    {
      "RequestUri": "/subscriptions/6926fc75-ce7d-4c9e-a87f-c4e38c594eb5/operationresults/eyJqb2JJZCI6IlJFU09VUkNFR1JPVVBERUxFVElPTkpPQi1QUzQzMzAtV0VTVFVTIiwiam9iTG9jYXRpb24iOiJ3ZXN0dXMifQ?api-version=2016-02-01",
      "EncodedRequestUri": "L3N1YnNjcmlwdGlvbnMvNjkyNmZjNzUtY2U3ZC00YzllLWE4N2YtYzRlMzhjNTk0ZWI1L29wZXJhdGlvbnJlc3VsdHMvZXlKcWIySkpaQ0k2SWxKRlUwOVZVa05GUjFKUFZWQkVSVXhGVkVsUFRrcFBRaTFRVXpRek16QXRWMFZUVkZWVElpd2lhbTlpVEc5allYUnBiMjRpT2lKM1pYTjBkWE1pZlE/YXBpLXZlcnNpb249MjAxNi0wMi0wMQ==",
      "RequestMethod": "GET",
      "RequestBody": "",
      "RequestHeaders": {
        "x-ms-version": [
          "2016-02-01"
        ],
        "User-Agent": [
          "Microsoft.Azure.Management.Resources.ResourceManagementClient/2.0.0.0"
        ]
      },
      "ResponseBody": "",
      "ResponseHeaders": {
        "Content-Length": [
          "0"
        ],
        "Expires": [
          "-1"
        ],
        "Pragma": [
          "no-cache"
        ],
        "x-ms-ratelimit-remaining-subscription-reads": [
          "14985"
        ],
        "x-ms-request-id": [
          "efcd1630-bfcf-402e-8bc8-5acf515aab98"
        ],
        "x-ms-correlation-request-id": [
          "efcd1630-bfcf-402e-8bc8-5acf515aab98"
        ],
        "x-ms-routing-request-id": [
          "WESTUS2:20180221T040301Z:efcd1630-bfcf-402e-8bc8-5acf515aab98"
        ],
        "Strict-Transport-Security": [
          "max-age=31536000; includeSubDomains"
        ],
        "Cache-Control": [
          "no-cache"
        ],
        "Date": [
          "Wed, 21 Feb 2018 04:03:00 GMT"
        ]
      },
      "StatusCode": 200
    }
  ],
  "Names": {
    "Test-NetworkWatcherCRUD": [
      "ps4330",
      "ps5903"
    ]
  },
  "Variables": {
    "SubscriptionId": "6926fc75-ce7d-4c9e-a87f-c4e38c594eb5"
  }
}