{
  "Entries": [
    {
      "RequestUri": "/subscriptions/b36cdf46-b75d-4dc2-9fe1-1296ee8c623d/resourceGroups/ps1cluster/providers/Microsoft.ServiceFabric/clusters/ps1cluster?api-version=2016-09-01",
      "EncodedRequestUri": "L3N1YnNjcmlwdGlvbnMvYjM2Y2RmNDYtYjc1ZC00ZGMyLTlmZTEtMTI5NmVlOGM2MjNkL3Jlc291cmNlR3JvdXBzL3BzMWNsdXN0ZXIvcHJvdmlkZXJzL01pY3Jvc29mdC5TZXJ2aWNlRmFicmljL2NsdXN0ZXJzL3BzMWNsdXN0ZXI/YXBpLXZlcnNpb249MjAxNi0wOS0wMQ==",
      "RequestMethod": "GET",
      "RequestBody": "",
      "RequestHeaders": {
        "x-ms-client-request-id": [
          "1ba9ffb9-6408-43c3-b31e-f9ea40a99a86"
        ],
        "accept-language": [
          "en-US"
        ],
        "User-Agent": [
          "FxVersion/4.6.1637.0",
          "OSName/Windows_10_Enterprise",
          "OSVersion/6.3.14393",
          "Microsoft.Azure.Management.ServiceFabric.ServiceFabricManagementClient/1.0.0-preview"
        ]
      },
      "ResponseBody": "{\r\n  \"type\": \"Microsoft.ServiceFabric/clusters\",\r\n  \"location\": \"South Central US\",\r\n  \"id\": \"/subscriptions/b36cdf46-b75d-4dc2-9fe1-1296ee8c623d/resourcegroups/ps1cluster/providers/Microsoft.ServiceFabric/clusters/ps1cluster\",\r\n  \"name\": \"ps1cluster\",\r\n  \"tags\": {},\r\n  \"etag\": \"W/\\\"636288152862979132\\\"\",\r\n  \"properties\": {\r\n    \"provisioningState\": \"Succeeded\",\r\n    \"clusterId\": \"8f025d74-853b-42e2-9f64-81497c0778ed\",\r\n    \"clusterCodeVersion\": \"5.6.180.9494\",\r\n    \"clusterState\": \"Ready\",\r\n    \"managementEndpoint\": \"https://ps1cluster.southcentralus.cloudapp.azure.com:19080\",\r\n    \"clusterEndpoint\": \"https://warp-test-winfabrp-southcentralus.trafficmanager.net/runtime/clusters/8f025d74-853b-42e2-9f64-81497c0778ed\",\r\n    \"certificate\": {\r\n      \"thumbprint\": \"7870EF2BA976B108E97F90FC9E8B5E3D22ED7748\",\r\n      \"x509StoreName\": \"My\"\r\n    },\r\n    \"clientCertificateThumbprints\": [],\r\n    \"clientCertificateCommonNames\": [],\r\n    \"fabricSettings\": [\r\n      {\r\n        \"name\": \"Security\",\r\n        \"parameters\": [\r\n          {\r\n            \"name\": \"ClusterProtectionLevel\",\r\n            \"value\": \"EncryptAndSign\"\r\n          }\r\n        ]\r\n      },\r\n      {\r\n        \"name\": \"NamingService\",\r\n        \"parameters\": [\r\n          {\r\n            \"name\": \"MaxFileOperationTimeout\",\r\n            \"value\": \"5000\"\r\n          }\r\n        ]\r\n      }\r\n    ],\r\n    \"upgradeDescription\": {\r\n      \"overrideUserUpgradePolicy\": false,\r\n      \"forceRestart\": false,\r\n      \"upgradeReplicaSetCheckTimeout\": \"00:00:01\",\r\n      \"healthCheckWaitDuration\": \"00:00:01\",\r\n      \"healthCheckStableDuration\": \"00:00:01\",\r\n      \"healthCheckRetryTimeout\": \"00:00:00\",\r\n      \"upgradeTimeout\": \"01:00:00\",\r\n      \"upgradeDomainTimeout\": \"01:00:00\"\r\n    },\r\n    \"diagnosticsStorageAccountConfig\": {\r\n      \"storageAccountName\": \"pyaiewshwwfa42\",\r\n      \"protectedAccountKeyName\": \"StorageAccountKey1\",\r\n      \"blobEndpoint\": \"https://pyaiewshwwfa42.blob.core.windows.net/\",\r\n      \"queueEndpoint\": \"https://pyaiewshwwfa42.queue.core.windows.net/\",\r\n      \"tableEndpoint\": \"https://pyaiewshwwfa42.table.core.windows.net/\"\r\n    },\r\n    \"nodeTypes\": [\r\n      {\r\n        \"name\": \"nt1vm\",\r\n        \"clientConnectionEndpointPort\": 19000,\r\n        \"httpGatewayEndpointPort\": 19080,\r\n        \"applicationPorts\": {\r\n          \"startPort\": 20000,\r\n          \"endPort\": 30000\r\n        },\r\n        \"ephemeralPorts\": {\r\n          \"startPort\": 49152,\r\n          \"endPort\": 65534\r\n        },\r\n        \"isPrimary\": true,\r\n        \"vmInstanceCount\": 1,\r\n        \"durabilityLevel\": \"Bronze\"\r\n      }\r\n    ],\r\n    \"vmImage\": \"Windows\",\r\n    \"reliabilityLevel\": \"None\",\r\n    \"upgradeMode\": \"Automatic\",\r\n    \"availableClusterVersions\": [\r\n      {\r\n        \"codeVersion\": \"5.4.145.9494\",\r\n        \"supportExpiryUtc\": \"2017-05-10T00:00:00\",\r\n        \"environment\": \"Windows\"\r\n      },\r\n      {\r\n        \"codeVersion\": \"5.4.164.9494\",\r\n        \"supportExpiryUtc\": \"2017-05-10T00:00:00\",\r\n        \"environment\": \"Windows\"\r\n      },\r\n      {\r\n        \"codeVersion\": \"5.5.216.0\",\r\n        \"supportExpiryUtc\": \"9999-12-31T23:59:59.9999999\",\r\n        \"environment\": \"Windows\"\r\n      },\r\n      {\r\n        \"codeVersion\": \"5.5.219.0\",\r\n        \"supportExpiryUtc\": \"9999-12-31T23:59:59.9999999\",\r\n        \"environment\": \"Windows\"\r\n      },\r\n      {\r\n        \"codeVersion\": \"5.5.232.0\",\r\n        \"supportExpiryUtc\": \"9999-12-31T23:59:59.9999999\",\r\n        \"environment\": \"Windows\"\r\n      },\r\n      {\r\n        \"codeVersion\": \"5.6.180.9494\",\r\n        \"supportExpiryUtc\": \"9999-12-31T23:59:59.9999999\",\r\n        \"environment\": \"Windows\"\r\n      }\r\n    ]\r\n  }\r\n}",
      "ResponseHeaders": {
        "Content-Length": [
          "3601"
        ],
        "Content-Type": [
          "application/json"
        ],
        "Expires": [
          "-1"
        ],
        "Pragma": [
          "no-cache"
        ],
        "Strict-Transport-Security": [
          "max-age=31536000; includeSubDomains"
        ],
        "X-Content-Type-Options": [
          "nosniff"
        ],
        "x-ms-ratelimit-remaining-subscription-reads": [
          "14918"
        ],
        "x-ms-request-id": [
          "30fa9b27-f4e8-419a-8e8b-b7a3a8905778"
        ],
        "x-ms-correlation-request-id": [
          "30fa9b27-f4e8-419a-8e8b-b7a3a8905778"
        ],
        "x-ms-routing-request-id": [
          "WESTUS2:20170426T152951Z:30fa9b27-f4e8-419a-8e8b-b7a3a8905778"
        ],
        "Cache-Control": [
          "no-cache"
        ],
        "Date": [
          "Wed, 26 Apr 2017 15:29:51 GMT"
        ],
        "Server": [
          "Microsoft-HTTPAPI/2.0,Microsoft-HTTPAPI/2.0 Microsoft-HTTPAPI/2.0"
        ]
      },
      "StatusCode": 200
    },
    {
      "RequestUri": "/subscriptions/b36cdf46-b75d-4dc2-9fe1-1296ee8c623d/resourceGroups/ps1cluster/providers/Microsoft.ServiceFabric/clusters/ps1cluster?api-version=2016-09-01",
      "EncodedRequestUri": "L3N1YnNjcmlwdGlvbnMvYjM2Y2RmNDYtYjc1ZC00ZGMyLTlmZTEtMTI5NmVlOGM2MjNkL3Jlc291cmNlR3JvdXBzL3BzMWNsdXN0ZXIvcHJvdmlkZXJzL01pY3Jvc29mdC5TZXJ2aWNlRmFicmljL2NsdXN0ZXJzL3BzMWNsdXN0ZXI/YXBpLXZlcnNpb249MjAxNi0wOS0wMQ==",
      "RequestMethod": "GET",
      "RequestBody": "",
      "RequestHeaders": {
        "x-ms-client-request-id": [
          "aaf08dfd-7a02-4c38-88ac-4baa7059b6d8"
        ],
        "accept-language": [
          "en-US"
        ],
        "User-Agent": [
          "FxVersion/4.6.1637.0",
          "OSName/Windows_10_Enterprise",
          "OSVersion/6.3.14393",
          "Microsoft.Azure.Management.ServiceFabric.ServiceFabricManagementClient/1.0.0-preview"
        ]
      },
      "ResponseBody": "{\r\n  \"type\": \"Microsoft.ServiceFabric/clusters\",\r\n  \"location\": \"South Central US\",\r\n  \"id\": \"/subscriptions/b36cdf46-b75d-4dc2-9fe1-1296ee8c623d/resourcegroups/ps1cluster/providers/Microsoft.ServiceFabric/clusters/ps1cluster\",\r\n  \"name\": \"ps1cluster\",\r\n  \"tags\": {},\r\n  \"etag\": \"W/\\\"636288152862979132\\\"\",\r\n  \"properties\": {\r\n    \"provisioningState\": \"Succeeded\",\r\n    \"clusterId\": \"8f025d74-853b-42e2-9f64-81497c0778ed\",\r\n    \"clusterCodeVersion\": \"5.6.180.9494\",\r\n    \"clusterState\": \"Ready\",\r\n    \"managementEndpoint\": \"https://ps1cluster.southcentralus.cloudapp.azure.com:19080\",\r\n    \"clusterEndpoint\": \"https://warp-test-winfabrp-southcentralus.trafficmanager.net/runtime/clusters/8f025d74-853b-42e2-9f64-81497c0778ed\",\r\n    \"certificate\": {\r\n      \"thumbprint\": \"7870EF2BA976B108E97F90FC9E8B5E3D22ED7748\",\r\n      \"x509StoreName\": \"My\"\r\n    },\r\n    \"clientCertificateThumbprints\": [],\r\n    \"clientCertificateCommonNames\": [],\r\n    \"fabricSettings\": [\r\n      {\r\n        \"name\": \"Security\",\r\n        \"parameters\": [\r\n          {\r\n            \"name\": \"ClusterProtectionLevel\",\r\n            \"value\": \"EncryptAndSign\"\r\n          }\r\n        ]\r\n      },\r\n      {\r\n        \"name\": \"NamingService\",\r\n        \"parameters\": [\r\n          {\r\n            \"name\": \"MaxFileOperationTimeout\",\r\n            \"value\": \"5000\"\r\n          }\r\n        ]\r\n      }\r\n    ],\r\n    \"upgradeDescription\": {\r\n      \"overrideUserUpgradePolicy\": false,\r\n      \"forceRestart\": false,\r\n      \"upgradeReplicaSetCheckTimeout\": \"00:00:01\",\r\n      \"healthCheckWaitDuration\": \"00:00:01\",\r\n      \"healthCheckStableDuration\": \"00:00:01\",\r\n      \"healthCheckRetryTimeout\": \"00:00:00\",\r\n      \"upgradeTimeout\": \"01:00:00\",\r\n      \"upgradeDomainTimeout\": \"01:00:00\"\r\n    },\r\n    \"diagnosticsStorageAccountConfig\": {\r\n      \"storageAccountName\": \"pyaiewshwwfa42\",\r\n      \"protectedAccountKeyName\": \"StorageAccountKey1\",\r\n      \"blobEndpoint\": \"https://pyaiewshwwfa42.blob.core.windows.net/\",\r\n      \"queueEndpoint\": \"https://pyaiewshwwfa42.queue.core.windows.net/\",\r\n      \"tableEndpoint\": \"https://pyaiewshwwfa42.table.core.windows.net/\"\r\n    },\r\n    \"nodeTypes\": [\r\n      {\r\n        \"name\": \"nt1vm\",\r\n        \"clientConnectionEndpointPort\": 19000,\r\n        \"httpGatewayEndpointPort\": 19080,\r\n        \"applicationPorts\": {\r\n          \"startPort\": 20000,\r\n          \"endPort\": 30000\r\n        },\r\n        \"ephemeralPorts\": {\r\n          \"startPort\": 49152,\r\n          \"endPort\": 65534\r\n        },\r\n        \"isPrimary\": true,\r\n        \"vmInstanceCount\": 1,\r\n        \"durabilityLevel\": \"Bronze\"\r\n      }\r\n    ],\r\n    \"vmImage\": \"Windows\",\r\n    \"reliabilityLevel\": \"None\",\r\n    \"upgradeMode\": \"Automatic\",\r\n    \"availableClusterVersions\": [\r\n      {\r\n        \"codeVersion\": \"5.4.145.9494\",\r\n        \"supportExpiryUtc\": \"2017-05-10T00:00:00\",\r\n        \"environment\": \"Windows\"\r\n      },\r\n      {\r\n        \"codeVersion\": \"5.4.164.9494\",\r\n        \"supportExpiryUtc\": \"2017-05-10T00:00:00\",\r\n        \"environment\": \"Windows\"\r\n      },\r\n      {\r\n        \"codeVersion\": \"5.5.216.0\",\r\n        \"supportExpiryUtc\": \"9999-12-31T23:59:59.9999999\",\r\n        \"environment\": \"Windows\"\r\n      },\r\n      {\r\n        \"codeVersion\": \"5.5.219.0\",\r\n        \"supportExpiryUtc\": \"9999-12-31T23:59:59.9999999\",\r\n        \"environment\": \"Windows\"\r\n      },\r\n      {\r\n        \"codeVersion\": \"5.5.232.0\",\r\n        \"supportExpiryUtc\": \"9999-12-31T23:59:59.9999999\",\r\n        \"environment\": \"Windows\"\r\n      },\r\n      {\r\n        \"codeVersion\": \"5.6.180.9494\",\r\n        \"supportExpiryUtc\": \"9999-12-31T23:59:59.9999999\",\r\n        \"environment\": \"Windows\"\r\n      }\r\n    ]\r\n  }\r\n}",
      "ResponseHeaders": {
        "Content-Length": [
          "3601"
        ],
        "Content-Type": [
          "application/json"
        ],
        "Expires": [
          "-1"
        ],
        "Pragma": [
          "no-cache"
        ],
        "Strict-Transport-Security": [
          "max-age=31536000; includeSubDomains"
        ],
        "X-Content-Type-Options": [
          "nosniff"
        ],
        "x-ms-ratelimit-remaining-subscription-reads": [
          "14917"
        ],
        "x-ms-request-id": [
          "b8fa6214-a84b-49cb-b48d-cc228c672f6c"
        ],
        "x-ms-correlation-request-id": [
          "b8fa6214-a84b-49cb-b48d-cc228c672f6c"
        ],
        "x-ms-routing-request-id": [
          "WESTUS2:20170426T152952Z:b8fa6214-a84b-49cb-b48d-cc228c672f6c"
        ],
        "Cache-Control": [
          "no-cache"
        ],
        "Date": [
          "Wed, 26 Apr 2017 15:29:51 GMT"
        ],
        "Server": [
          "Microsoft-HTTPAPI/2.0,Microsoft-HTTPAPI/2.0 Microsoft-HTTPAPI/2.0"
        ]
      },
      "StatusCode": 200
    },
    {
      "RequestUri": "/subscriptions/b36cdf46-b75d-4dc2-9fe1-1296ee8c623d/resourceGroups/ps1cluster/providers/Microsoft.ServiceFabric/clusters/ps1cluster?api-version=2016-09-01",
      "EncodedRequestUri": "L3N1YnNjcmlwdGlvbnMvYjM2Y2RmNDYtYjc1ZC00ZGMyLTlmZTEtMTI5NmVlOGM2MjNkL3Jlc291cmNlR3JvdXBzL3BzMWNsdXN0ZXIvcHJvdmlkZXJzL01pY3Jvc29mdC5TZXJ2aWNlRmFicmljL2NsdXN0ZXJzL3BzMWNsdXN0ZXI/YXBpLXZlcnNpb249MjAxNi0wOS0wMQ==",
      "RequestMethod": "GET",
      "RequestBody": "",
      "RequestHeaders": {
        "User-Agent": [
          "FxVersion/4.6.1637.0",
          "OSName/Windows_10_Enterprise",
          "OSVersion/6.3.14393",
          "Microsoft.Azure.Management.ServiceFabric.ServiceFabricManagementClient/1.0.0-preview"
        ]
      },
      "ResponseBody": "{\r\n  \"type\": \"Microsoft.ServiceFabric/clusters\",\r\n  \"location\": \"South Central US\",\r\n  \"id\": \"/subscriptions/b36cdf46-b75d-4dc2-9fe1-1296ee8c623d/resourcegroups/ps1cluster/providers/Microsoft.ServiceFabric/clusters/ps1cluster\",\r\n  \"name\": \"ps1cluster\",\r\n  \"tags\": {},\r\n  \"etag\": \"W/\\\"636288152862979133\\\"\",\r\n  \"properties\": {\r\n    \"provisioningState\": \"Succeeded\",\r\n    \"clusterId\": \"8f025d74-853b-42e2-9f64-81497c0778ed\",\r\n    \"clusterCodeVersion\": \"5.6.180.9494\",\r\n    \"clusterState\": \"Ready\",\r\n    \"managementEndpoint\": \"https://ps1cluster.southcentralus.cloudapp.azure.com:19080\",\r\n    \"clusterEndpoint\": \"https://warp-test-winfabrp-southcentralus.trafficmanager.net/runtime/clusters/8f025d74-853b-42e2-9f64-81497c0778ed\",\r\n    \"certificate\": {\r\n      \"thumbprint\": \"7870EF2BA976B108E97F90FC9E8B5E3D22ED7748\",\r\n      \"x509StoreName\": \"My\"\r\n    },\r\n    \"clientCertificateThumbprints\": [],\r\n    \"clientCertificateCommonNames\": [],\r\n    \"fabricSettings\": [\r\n      {\r\n        \"name\": \"Security\",\r\n        \"parameters\": [\r\n          {\r\n            \"name\": \"ClusterProtectionLevel\",\r\n            \"value\": \"EncryptAndSign\"\r\n          }\r\n        ]\r\n      },\r\n      {\r\n        \"name\": \"NamingService\",\r\n        \"parameters\": []\r\n      }\r\n    ],\r\n    \"upgradeDescription\": {\r\n      \"overrideUserUpgradePolicy\": false,\r\n      \"forceRestart\": false,\r\n      \"upgradeReplicaSetCheckTimeout\": \"00:00:01\",\r\n      \"healthCheckWaitDuration\": \"00:00:01\",\r\n      \"healthCheckStableDuration\": \"00:00:01\",\r\n      \"healthCheckRetryTimeout\": \"00:00:00\",\r\n      \"upgradeTimeout\": \"01:00:00\",\r\n      \"upgradeDomainTimeout\": \"01:00:00\"\r\n    },\r\n    \"diagnosticsStorageAccountConfig\": {\r\n      \"storageAccountName\": \"pyaiewshwwfa42\",\r\n      \"protectedAccountKeyName\": \"StorageAccountKey1\",\r\n      \"blobEndpoint\": \"https://pyaiewshwwfa42.blob.core.windows.net/\",\r\n      \"queueEndpoint\": \"https://pyaiewshwwfa42.queue.core.windows.net/\",\r\n      \"tableEndpoint\": \"https://pyaiewshwwfa42.table.core.windows.net/\"\r\n    },\r\n    \"nodeTypes\": [\r\n      {\r\n        \"name\": \"nt1vm\",\r\n        \"clientConnectionEndpointPort\": 19000,\r\n        \"httpGatewayEndpointPort\": 19080,\r\n        \"applicationPorts\": {\r\n          \"startPort\": 20000,\r\n          \"endPort\": 30000\r\n        },\r\n        \"ephemeralPorts\": {\r\n          \"startPort\": 49152,\r\n          \"endPort\": 65534\r\n        },\r\n        \"isPrimary\": true,\r\n        \"vmInstanceCount\": 1,\r\n        \"durabilityLevel\": \"Bronze\"\r\n      }\r\n    ],\r\n    \"vmImage\": \"Windows\",\r\n    \"reliabilityLevel\": \"None\",\r\n    \"upgradeMode\": \"Automatic\",\r\n    \"availableClusterVersions\": [\r\n      {\r\n        \"codeVersion\": \"5.4.145.9494\",\r\n        \"supportExpiryUtc\": \"2017-05-10T00:00:00\",\r\n        \"environment\": \"Windows\"\r\n      },\r\n      {\r\n        \"codeVersion\": \"5.4.164.9494\",\r\n        \"supportExpiryUtc\": \"2017-05-10T00:00:00\",\r\n        \"environment\": \"Windows\"\r\n      },\r\n      {\r\n        \"codeVersion\": \"5.5.216.0\",\r\n        \"supportExpiryUtc\": \"9999-12-31T23:59:59.9999999\",\r\n        \"environment\": \"Windows\"\r\n      },\r\n      {\r\n        \"codeVersion\": \"5.5.219.0\",\r\n        \"supportExpiryUtc\": \"9999-12-31T23:59:59.9999999\",\r\n        \"environment\": \"Windows\"\r\n      },\r\n      {\r\n        \"codeVersion\": \"5.5.232.0\",\r\n        \"supportExpiryUtc\": \"9999-12-31T23:59:59.9999999\",\r\n        \"environment\": \"Windows\"\r\n      },\r\n      {\r\n        \"codeVersion\": \"5.6.180.9494\",\r\n        \"supportExpiryUtc\": \"9999-12-31T23:59:59.9999999\",\r\n        \"environment\": \"Windows\"\r\n      }\r\n    ]\r\n  }\r\n}",
      "ResponseHeaders": {
        "Content-Length": [
          "3488"
        ],
        "Content-Type": [
          "application/json"
        ],
        "Expires": [
          "-1"
        ],
        "Pragma": [
          "no-cache"
        ],
        "Strict-Transport-Security": [
          "max-age=31536000; includeSubDomains"
        ],
        "X-Content-Type-Options": [
          "nosniff"
        ],
        "x-ms-ratelimit-remaining-subscription-reads": [
          "14911"
        ],
        "x-ms-request-id": [
          "cd28283b-1d44-4b66-bf77-15683d3f0894"
        ],
        "x-ms-correlation-request-id": [
          "cd28283b-1d44-4b66-bf77-15683d3f0894"
        ],
        "x-ms-routing-request-id": [
          "WESTUS2:20170426T153225Z:cd28283b-1d44-4b66-bf77-15683d3f0894"
        ],
        "Cache-Control": [
          "no-cache"
        ],
        "Date": [
          "Wed, 26 Apr 2017 15:32:25 GMT"
        ],
        "Server": [
          "Microsoft-HTTPAPI/2.0,Microsoft-HTTPAPI/2.0 Microsoft-HTTPAPI/2.0"
        ]
      },
      "StatusCode": 200
    },
    {
      "RequestUri": "/subscriptions/b36cdf46-b75d-4dc2-9fe1-1296ee8c623d/resourceGroups/ps1cluster/providers/Microsoft.ServiceFabric/clusters/ps1cluster?api-version=2016-09-01",
      "EncodedRequestUri": "L3N1YnNjcmlwdGlvbnMvYjM2Y2RmNDYtYjc1ZC00ZGMyLTlmZTEtMTI5NmVlOGM2MjNkL3Jlc291cmNlR3JvdXBzL3BzMWNsdXN0ZXIvcHJvdmlkZXJzL01pY3Jvc29mdC5TZXJ2aWNlRmFicmljL2NsdXN0ZXJzL3BzMWNsdXN0ZXI/YXBpLXZlcnNpb249MjAxNi0wOS0wMQ==",
      "RequestMethod": "GET",
      "RequestBody": "",
      "RequestHeaders": {
        "x-ms-client-request-id": [
          "30e50075-15e8-4a97-bec7-6eb9f896ee73"
        ],
        "accept-language": [
          "en-US"
        ],
        "User-Agent": [
          "FxVersion/4.6.1637.0",
          "OSName/Windows_10_Enterprise",
          "OSVersion/6.3.14393",
          "Microsoft.Azure.Management.ServiceFabric.ServiceFabricManagementClient/1.0.0-preview"
        ]
      },
      "ResponseBody": "{\r\n  \"type\": \"Microsoft.ServiceFabric/clusters\",\r\n  \"location\": \"South Central US\",\r\n  \"id\": \"/subscriptions/b36cdf46-b75d-4dc2-9fe1-1296ee8c623d/resourcegroups/ps1cluster/providers/Microsoft.ServiceFabric/clusters/ps1cluster\",\r\n  \"name\": \"ps1cluster\",\r\n  \"tags\": {},\r\n  \"etag\": \"W/\\\"636288152862979133\\\"\",\r\n  \"properties\": {\r\n    \"provisioningState\": \"Succeeded\",\r\n    \"clusterId\": \"8f025d74-853b-42e2-9f64-81497c0778ed\",\r\n    \"clusterCodeVersion\": \"5.6.180.9494\",\r\n    \"clusterState\": \"Ready\",\r\n    \"managementEndpoint\": \"https://ps1cluster.southcentralus.cloudapp.azure.com:19080\",\r\n    \"clusterEndpoint\": \"https://warp-test-winfabrp-southcentralus.trafficmanager.net/runtime/clusters/8f025d74-853b-42e2-9f64-81497c0778ed\",\r\n    \"certificate\": {\r\n      \"thumbprint\": \"7870EF2BA976B108E97F90FC9E8B5E3D22ED7748\",\r\n      \"x509StoreName\": \"My\"\r\n    },\r\n    \"clientCertificateThumbprints\": [],\r\n    \"clientCertificateCommonNames\": [],\r\n    \"fabricSettings\": [\r\n      {\r\n        \"name\": \"Security\",\r\n        \"parameters\": [\r\n          {\r\n            \"name\": \"ClusterProtectionLevel\",\r\n            \"value\": \"EncryptAndSign\"\r\n          }\r\n        ]\r\n      },\r\n      {\r\n        \"name\": \"NamingService\",\r\n        \"parameters\": []\r\n      }\r\n    ],\r\n    \"upgradeDescription\": {\r\n      \"overrideUserUpgradePolicy\": false,\r\n      \"forceRestart\": false,\r\n      \"upgradeReplicaSetCheckTimeout\": \"00:00:01\",\r\n      \"healthCheckWaitDuration\": \"00:00:01\",\r\n      \"healthCheckStableDuration\": \"00:00:01\",\r\n      \"healthCheckRetryTimeout\": \"00:00:00\",\r\n      \"upgradeTimeout\": \"01:00:00\",\r\n      \"upgradeDomainTimeout\": \"01:00:00\"\r\n    },\r\n    \"diagnosticsStorageAccountConfig\": {\r\n      \"storageAccountName\": \"pyaiewshwwfa42\",\r\n      \"protectedAccountKeyName\": \"StorageAccountKey1\",\r\n      \"blobEndpoint\": \"https://pyaiewshwwfa42.blob.core.windows.net/\",\r\n      \"queueEndpoint\": \"https://pyaiewshwwfa42.queue.core.windows.net/\",\r\n      \"tableEndpoint\": \"https://pyaiewshwwfa42.table.core.windows.net/\"\r\n    },\r\n    \"nodeTypes\": [\r\n      {\r\n        \"name\": \"nt1vm\",\r\n        \"clientConnectionEndpointPort\": 19000,\r\n        \"httpGatewayEndpointPort\": 19080,\r\n        \"applicationPorts\": {\r\n          \"startPort\": 20000,\r\n          \"endPort\": 30000\r\n        },\r\n        \"ephemeralPorts\": {\r\n          \"startPort\": 49152,\r\n          \"endPort\": 65534\r\n        },\r\n        \"isPrimary\": true,\r\n        \"vmInstanceCount\": 1,\r\n        \"durabilityLevel\": \"Bronze\"\r\n      }\r\n    ],\r\n    \"vmImage\": \"Windows\",\r\n    \"reliabilityLevel\": \"None\",\r\n    \"upgradeMode\": \"Automatic\",\r\n    \"availableClusterVersions\": [\r\n      {\r\n        \"codeVersion\": \"5.4.145.9494\",\r\n        \"supportExpiryUtc\": \"2017-05-10T00:00:00\",\r\n        \"environment\": \"Windows\"\r\n      },\r\n      {\r\n        \"codeVersion\": \"5.4.164.9494\",\r\n        \"supportExpiryUtc\": \"2017-05-10T00:00:00\",\r\n        \"environment\": \"Windows\"\r\n      },\r\n      {\r\n        \"codeVersion\": \"5.5.216.0\",\r\n        \"supportExpiryUtc\": \"9999-12-31T23:59:59.9999999\",\r\n        \"environment\": \"Windows\"\r\n      },\r\n      {\r\n        \"codeVersion\": \"5.5.219.0\",\r\n        \"supportExpiryUtc\": \"9999-12-31T23:59:59.9999999\",\r\n        \"environment\": \"Windows\"\r\n      },\r\n      {\r\n        \"codeVersion\": \"5.5.232.0\",\r\n        \"supportExpiryUtc\": \"9999-12-31T23:59:59.9999999\",\r\n        \"environment\": \"Windows\"\r\n      },\r\n      {\r\n        \"codeVersion\": \"5.6.180.9494\",\r\n        \"supportExpiryUtc\": \"9999-12-31T23:59:59.9999999\",\r\n        \"environment\": \"Windows\"\r\n      }\r\n    ]\r\n  }\r\n}",
      "ResponseHeaders": {
        "Content-Length": [
          "3488"
        ],
        "Content-Type": [
          "application/json"
        ],
        "Expires": [
          "-1"
        ],
        "Pragma": [
          "no-cache"
        ],
        "Strict-Transport-Security": [
          "max-age=31536000; includeSubDomains"
        ],
        "X-Content-Type-Options": [
          "nosniff"
        ],
        "x-ms-ratelimit-remaining-subscription-reads": [
          "14907"
        ],
        "x-ms-request-id": [
          "d7a6f531-ffc3-46ba-b9d7-f3796545f3f3"
        ],
        "x-ms-correlation-request-id": [
          "d7a6f531-ffc3-46ba-b9d7-f3796545f3f3"
        ],
        "x-ms-routing-request-id": [
          "WESTUS2:20170426T153345Z:d7a6f531-ffc3-46ba-b9d7-f3796545f3f3"
        ],
        "Cache-Control": [
          "no-cache"
        ],
        "Date": [
          "Wed, 26 Apr 2017 15:33:44 GMT"
        ],
        "Server": [
          "Microsoft-HTTPAPI/2.0,Microsoft-HTTPAPI/2.0 Microsoft-HTTPAPI/2.0"
        ]
      },
      "StatusCode": 200
    },
    {
      "RequestUri": "/subscriptions/b36cdf46-b75d-4dc2-9fe1-1296ee8c623d/resourceGroups/ps1cluster/providers/Microsoft.ServiceFabric/clusters/ps1cluster?api-version=2016-09-01",
      "EncodedRequestUri": "L3N1YnNjcmlwdGlvbnMvYjM2Y2RmNDYtYjc1ZC00ZGMyLTlmZTEtMTI5NmVlOGM2MjNkL3Jlc291cmNlR3JvdXBzL3BzMWNsdXN0ZXIvcHJvdmlkZXJzL01pY3Jvc29mdC5TZXJ2aWNlRmFicmljL2NsdXN0ZXJzL3BzMWNsdXN0ZXI/YXBpLXZlcnNpb249MjAxNi0wOS0wMQ==",
      "RequestMethod": "PATCH",
      "RequestBody": "{\r\n  \"properties\": {\r\n    \"fabricSettings\": [\r\n      {\r\n        \"name\": \"Security\",\r\n        \"parameters\": [\r\n          {\r\n            \"name\": \"ClusterProtectionLevel\",\r\n            \"value\": \"EncryptAndSign\"\r\n          }\r\n        ]\r\n      },\r\n      {\r\n        \"name\": \"NamingService\",\r\n        \"parameters\": []\r\n      }\r\n    ],\r\n    \"upgradeDescription\": {\r\n      \"upgradeReplicaSetCheckTimeout\": \"00:00:01\",\r\n      \"healthCheckWaitDuration\": \"00:00:01\",\r\n      \"healthCheckStableDuration\": \"00:00:01\",\r\n      \"upgradeTimeout\": \"01:00:00\",\r\n      \"upgradeDomainTimeout\": \"01:00:00\"\r\n    }\r\n  }\r\n}",
      "RequestHeaders": {
        "Content-Type": [
          "application/json; charset=utf-8"
        ],
        "Content-Length": [
          "596"
        ],
        "x-ms-client-request-id": [
          "01527855-e230-420b-9298-13c8135b814e"
        ],
        "accept-language": [
          "en-US"
        ],
        "User-Agent": [
          "FxVersion/4.6.1637.0",
          "OSName/Windows_10_Enterprise",
          "OSVersion/6.3.14393",
          "Microsoft.Azure.Management.ServiceFabric.ServiceFabricManagementClient/1.0.0-preview"
        ]
      },
      "ResponseBody": "{\r\n  \"type\": \"Microsoft.ServiceFabric/clusters\",\r\n  \"location\": \"South Central US\",\r\n  \"id\": \"/subscriptions/b36cdf46-b75d-4dc2-9fe1-1296ee8c623d/resourcegroups/ps1cluster/providers/Microsoft.ServiceFabric/clusters/ps1cluster\",\r\n  \"name\": \"ps1cluster\",\r\n  \"tags\": {},\r\n  \"etag\": \"W/\\\"636288152862979133\\\"\",\r\n  \"properties\": {\r\n    \"provisioningState\": \"Updating\",\r\n    \"clusterId\": \"8f025d74-853b-42e2-9f64-81497c0778ed\",\r\n    \"clusterCodeVersion\": \"5.6.180.9494\",\r\n    \"clusterState\": \"UpdatingUserConfiguration\",\r\n    \"managementEndpoint\": \"https://ps1cluster.southcentralus.cloudapp.azure.com:19080\",\r\n    \"clusterEndpoint\": \"https://warp-test-winfabrp-southcentralus.trafficmanager.net/runtime/clusters/8f025d74-853b-42e2-9f64-81497c0778ed\",\r\n    \"certificate\": {\r\n      \"thumbprint\": \"7870EF2BA976B108E97F90FC9E8B5E3D22ED7748\",\r\n      \"x509StoreName\": \"My\"\r\n    },\r\n    \"clientCertificateThumbprints\": [],\r\n    \"clientCertificateCommonNames\": [],\r\n    \"fabricSettings\": [\r\n      {\r\n        \"name\": \"Security\",\r\n        \"parameters\": [\r\n          {\r\n            \"name\": \"ClusterProtectionLevel\",\r\n            \"value\": \"EncryptAndSign\"\r\n          }\r\n        ]\r\n      },\r\n      {\r\n        \"name\": \"NamingService\",\r\n        \"parameters\": [\r\n          {\r\n            \"name\": \"MaxFileOperationTimeout\",\r\n            \"value\": \"5000\"\r\n          }\r\n        ]\r\n      }\r\n    ],\r\n    \"upgradeDescription\": {\r\n      \"overrideUserUpgradePolicy\": false,\r\n      \"forceRestart\": false,\r\n      \"upgradeReplicaSetCheckTimeout\": \"00:00:01\",\r\n      \"healthCheckWaitDuration\": \"00:00:01\",\r\n      \"healthCheckStableDuration\": \"00:00:01\",\r\n      \"healthCheckRetryTimeout\": \"00:00:00\",\r\n      \"upgradeTimeout\": \"01:00:00\",\r\n      \"upgradeDomainTimeout\": \"01:00:00\"\r\n    },\r\n    \"diagnosticsStorageAccountConfig\": {\r\n      \"storageAccountName\": \"pyaiewshwwfa42\",\r\n      \"protectedAccountKeyName\": \"StorageAccountKey1\",\r\n      \"blobEndpoint\": \"https://pyaiewshwwfa42.blob.core.windows.net/\",\r\n      \"queueEndpoint\": \"https://pyaiewshwwfa42.queue.core.windows.net/\",\r\n      \"tableEndpoint\": \"https://pyaiewshwwfa42.table.core.windows.net/\"\r\n    },\r\n    \"nodeTypes\": [\r\n      {\r\n        \"name\": \"nt1vm\",\r\n        \"clientConnectionEndpointPort\": 19000,\r\n        \"httpGatewayEndpointPort\": 19080,\r\n        \"applicationPorts\": {\r\n          \"startPort\": 20000,\r\n          \"endPort\": 30000\r\n        },\r\n        \"ephemeralPorts\": {\r\n          \"startPort\": 49152,\r\n          \"endPort\": 65534\r\n        },\r\n        \"isPrimary\": true,\r\n        \"vmInstanceCount\": 1,\r\n        \"durabilityLevel\": \"Bronze\"\r\n      }\r\n    ],\r\n    \"vmImage\": \"Windows\",\r\n    \"reliabilityLevel\": \"None\",\r\n    \"upgradeMode\": \"Automatic\",\r\n    \"availableClusterVersions\": [\r\n      {\r\n        \"codeVersion\": \"5.4.145.9494\",\r\n        \"supportExpiryUtc\": \"2017-05-10T00:00:00\",\r\n        \"environment\": \"Windows\"\r\n      },\r\n      {\r\n        \"codeVersion\": \"5.4.164.9494\",\r\n        \"supportExpiryUtc\": \"2017-05-10T00:00:00\",\r\n        \"environment\": \"Windows\"\r\n      },\r\n      {\r\n        \"codeVersion\": \"5.5.216.0\",\r\n        \"supportExpiryUtc\": \"9999-12-31T23:59:59.9999999\",\r\n        \"environment\": \"Windows\"\r\n      },\r\n      {\r\n        \"codeVersion\": \"5.5.219.0\",\r\n        \"supportExpiryUtc\": \"9999-12-31T23:59:59.9999999\",\r\n        \"environment\": \"Windows\"\r\n      },\r\n      {\r\n        \"codeVersion\": \"5.5.232.0\",\r\n        \"supportExpiryUtc\": \"9999-12-31T23:59:59.9999999\",\r\n        \"environment\": \"Windows\"\r\n      },\r\n      {\r\n        \"codeVersion\": \"5.6.180.9494\",\r\n        \"supportExpiryUtc\": \"9999-12-31T23:59:59.9999999\",\r\n        \"environment\": \"Windows\"\r\n      }\r\n    ]\r\n  }\r\n}",
      "ResponseHeaders": {
        "Content-Length": [
          "3620"
        ],
        "Content-Type": [
          "application/json"
        ],
        "Expires": [
          "-1"
        ],
        "Pragma": [
          "no-cache"
        ],
        "Retry-After": [
          "10"
        ],
        "Azure-AsyncOperation": [
          "https://management.azure.com:443/subscriptions/b36cdf46-b75d-4dc2-9fe1-1296ee8c623d/providers/Microsoft.ServiceFabric/locations/southcentralus/operations/e3602827-ded3-407a-828e-603b79a46f5f?api-version=2016-09-01&Experiment=local"
        ],
        "Strict-Transport-Security": [
          "max-age=31536000; includeSubDomains"
        ],
        "X-Content-Type-Options": [
          "nosniff"
        ],
        "x-ms-ratelimit-remaining-subscription-writes": [
          "1199"
        ],
        "x-ms-request-id": [
          "01b51dfc-261a-44fb-819a-b15a5cc75de2"
        ],
        "x-ms-correlation-request-id": [
          "01b51dfc-261a-44fb-819a-b15a5cc75de2"
        ],
        "x-ms-routing-request-id": [
          "WESTUS2:20170426T152952Z:01b51dfc-261a-44fb-819a-b15a5cc75de2"
        ],
        "Cache-Control": [
          "no-cache"
        ],
        "Date": [
          "Wed, 26 Apr 2017 15:29:52 GMT"
        ],
        "Location": [
          "https://management.azure.com/subscriptions/b36cdf46-b75d-4dc2-9fe1-1296ee8c623d/providers/Microsoft.ServiceFabric/locations/southcentralus/operationResults/e3602827-ded3-407a-828e-603b79a46f5f?api-version=2016-09-01&Experiment=local"
        ],
        "Server": [
          "Microsoft-HTTPAPI/2.0,Microsoft-HTTPAPI/2.0 Microsoft-HTTPAPI/2.0 Microsoft-HTTPAPI/2.0"
        ]
      },
      "StatusCode": 202
    },
    {
      "RequestUri": "/subscriptions/b36cdf46-b75d-4dc2-9fe1-1296ee8c623d/providers/Microsoft.ServiceFabric/locations/southcentralus/operations/e3602827-ded3-407a-828e-603b79a46f5f?api-version=2016-09-01&Experiment=local",
      "EncodedRequestUri": "L3N1YnNjcmlwdGlvbnMvYjM2Y2RmNDYtYjc1ZC00ZGMyLTlmZTEtMTI5NmVlOGM2MjNkL3Byb3ZpZGVycy9NaWNyb3NvZnQuU2VydmljZUZhYnJpYy9sb2NhdGlvbnMvc291dGhjZW50cmFsdXMvb3BlcmF0aW9ucy9lMzYwMjgyNy1kZWQzLTQwN2EtODI4ZS02MDNiNzlhNDZmNWY/YXBpLXZlcnNpb249MjAxNi0wOS0wMSZFeHBlcmltZW50PWxvY2Fs",
      "RequestMethod": "GET",
      "RequestBody": "",
      "RequestHeaders": {
        "User-Agent": [
          "FxVersion/4.6.1637.0",
          "OSName/Windows_10_Enterprise",
          "OSVersion/6.3.14393",
          "Microsoft.Azure.Management.ServiceFabric.ServiceFabricManagementClient/1.0.0-preview"
        ]
      },
      "ResponseBody": "{\r\n  \"id\": \"/subscriptions/b36cdf46-b75d-4dc2-9fe1-1296ee8c623d/providers/Microsoft.ServiceFabric/locations/southcentralus/operations/e3602827-ded3-407a-828e-603b79a46f5f\",\r\n  \"name\": \"e3602827-ded3-407a-828e-603b79a46f5f\",\r\n  \"status\": \"Created\",\r\n  \"startTime\": \"2017-04-26T15:29:52.4548681Z\",\r\n  \"endTime\": \"0001-01-01T00:00:00\",\r\n  \"percentComplete\": 0.0\r\n}",
      "ResponseHeaders": {
        "Content-Length": [
          "361"
        ],
        "Content-Type": [
          "application/json"
        ],
        "Expires": [
          "-1"
        ],
        "Pragma": [
          "no-cache"
        ],
        "Strict-Transport-Security": [
          "max-age=31536000; includeSubDomains"
        ],
        "X-Content-Type-Options": [
          "nosniff"
        ],
        "x-ms-ratelimit-remaining-subscription-reads": [
          "14916"
        ],
        "x-ms-request-id": [
          "d3ca24bb-1fd1-4c5a-8433-7859dadbb55e"
        ],
        "x-ms-correlation-request-id": [
          "d3ca24bb-1fd1-4c5a-8433-7859dadbb55e"
        ],
        "x-ms-routing-request-id": [
          "WESTUS2:20170426T153023Z:d3ca24bb-1fd1-4c5a-8433-7859dadbb55e"
        ],
        "Cache-Control": [
          "no-cache"
        ],
        "Date": [
          "Wed, 26 Apr 2017 15:30:23 GMT"
        ],
        "Server": [
          "Microsoft-HTTPAPI/2.0,Microsoft-HTTPAPI/2.0 Microsoft-HTTPAPI/2.0"
        ]
      },
      "StatusCode": 200
    },
    {
      "RequestUri": "/subscriptions/b36cdf46-b75d-4dc2-9fe1-1296ee8c623d/providers/Microsoft.ServiceFabric/locations/southcentralus/operations/e3602827-ded3-407a-828e-603b79a46f5f?api-version=2016-09-01&Experiment=local",
      "EncodedRequestUri": "L3N1YnNjcmlwdGlvbnMvYjM2Y2RmNDYtYjc1ZC00ZGMyLTlmZTEtMTI5NmVlOGM2MjNkL3Byb3ZpZGVycy9NaWNyb3NvZnQuU2VydmljZUZhYnJpYy9sb2NhdGlvbnMvc291dGhjZW50cmFsdXMvb3BlcmF0aW9ucy9lMzYwMjgyNy1kZWQzLTQwN2EtODI4ZS02MDNiNzlhNDZmNWY/YXBpLXZlcnNpb249MjAxNi0wOS0wMSZFeHBlcmltZW50PWxvY2Fs",
      "RequestMethod": "GET",
      "RequestBody": "",
      "RequestHeaders": {
        "User-Agent": [
          "FxVersion/4.6.1637.0",
          "OSName/Windows_10_Enterprise",
          "OSVersion/6.3.14393",
          "Microsoft.Azure.Management.ServiceFabric.ServiceFabricManagementClient/1.0.0-preview"
        ]
      },
      "ResponseBody": "{\r\n  \"id\": \"/subscriptions/b36cdf46-b75d-4dc2-9fe1-1296ee8c623d/providers/Microsoft.ServiceFabric/locations/southcentralus/operations/e3602827-ded3-407a-828e-603b79a46f5f\",\r\n  \"name\": \"e3602827-ded3-407a-828e-603b79a46f5f\",\r\n  \"status\": \"Created\",\r\n  \"startTime\": \"2017-04-26T15:29:52.4548681Z\",\r\n  \"endTime\": \"0001-01-01T00:00:00\",\r\n  \"percentComplete\": 0.0\r\n}",
      "ResponseHeaders": {
        "Content-Length": [
          "361"
        ],
        "Content-Type": [
          "application/json"
        ],
        "Expires": [
          "-1"
        ],
        "Pragma": [
          "no-cache"
        ],
        "Strict-Transport-Security": [
          "max-age=31536000; includeSubDomains"
        ],
        "X-Content-Type-Options": [
          "nosniff"
        ],
        "x-ms-ratelimit-remaining-subscription-reads": [
          "14915"
        ],
        "x-ms-request-id": [
          "172bf21b-af73-4d17-b825-aa55279e3466"
        ],
        "x-ms-correlation-request-id": [
          "172bf21b-af73-4d17-b825-aa55279e3466"
        ],
        "x-ms-routing-request-id": [
          "WESTUS2:20170426T153053Z:172bf21b-af73-4d17-b825-aa55279e3466"
        ],
        "Cache-Control": [
          "no-cache"
        ],
        "Date": [
          "Wed, 26 Apr 2017 15:30:53 GMT"
        ],
        "Server": [
          "Microsoft-HTTPAPI/2.0,Microsoft-HTTPAPI/2.0 Microsoft-HTTPAPI/2.0"
        ]
      },
      "StatusCode": 200
    },
    {
      "RequestUri": "/subscriptions/b36cdf46-b75d-4dc2-9fe1-1296ee8c623d/providers/Microsoft.ServiceFabric/locations/southcentralus/operations/e3602827-ded3-407a-828e-603b79a46f5f?api-version=2016-09-01&Experiment=local",
      "EncodedRequestUri": "L3N1YnNjcmlwdGlvbnMvYjM2Y2RmNDYtYjc1ZC00ZGMyLTlmZTEtMTI5NmVlOGM2MjNkL3Byb3ZpZGVycy9NaWNyb3NvZnQuU2VydmljZUZhYnJpYy9sb2NhdGlvbnMvc291dGhjZW50cmFsdXMvb3BlcmF0aW9ucy9lMzYwMjgyNy1kZWQzLTQwN2EtODI4ZS02MDNiNzlhNDZmNWY/YXBpLXZlcnNpb249MjAxNi0wOS0wMSZFeHBlcmltZW50PWxvY2Fs",
      "RequestMethod": "GET",
      "RequestBody": "",
      "RequestHeaders": {
        "User-Agent": [
          "FxVersion/4.6.1637.0",
          "OSName/Windows_10_Enterprise",
          "OSVersion/6.3.14393",
          "Microsoft.Azure.Management.ServiceFabric.ServiceFabricManagementClient/1.0.0-preview"
        ]
      },
      "ResponseBody": "{\r\n  \"id\": \"/subscriptions/b36cdf46-b75d-4dc2-9fe1-1296ee8c623d/providers/Microsoft.ServiceFabric/locations/southcentralus/operations/e3602827-ded3-407a-828e-603b79a46f5f\",\r\n  \"name\": \"e3602827-ded3-407a-828e-603b79a46f5f\",\r\n  \"status\": \"Created\",\r\n  \"startTime\": \"2017-04-26T15:29:52.4548681Z\",\r\n  \"endTime\": \"0001-01-01T00:00:00\",\r\n  \"percentComplete\": 0.0\r\n}",
      "ResponseHeaders": {
        "Content-Length": [
          "361"
        ],
        "Content-Type": [
          "application/json"
        ],
        "Expires": [
          "-1"
        ],
        "Pragma": [
          "no-cache"
        ],
        "Strict-Transport-Security": [
          "max-age=31536000; includeSubDomains"
        ],
        "X-Content-Type-Options": [
          "nosniff"
        ],
        "x-ms-ratelimit-remaining-subscription-reads": [
          "14914"
        ],
        "x-ms-request-id": [
          "bfb5f53e-f29a-481a-8f18-8713fb7e4be0"
        ],
        "x-ms-correlation-request-id": [
          "bfb5f53e-f29a-481a-8f18-8713fb7e4be0"
        ],
        "x-ms-routing-request-id": [
          "WESTUS2:20170426T153124Z:bfb5f53e-f29a-481a-8f18-8713fb7e4be0"
        ],
        "Cache-Control": [
          "no-cache"
        ],
        "Date": [
          "Wed, 26 Apr 2017 15:31:23 GMT"
        ],
        "Server": [
          "Microsoft-HTTPAPI/2.0,Microsoft-HTTPAPI/2.0 Microsoft-HTTPAPI/2.0"
        ]
      },
      "StatusCode": 200
    },
    {
      "RequestUri": "/subscriptions/b36cdf46-b75d-4dc2-9fe1-1296ee8c623d/providers/Microsoft.ServiceFabric/locations/southcentralus/operations/e3602827-ded3-407a-828e-603b79a46f5f?api-version=2016-09-01&Experiment=local",
      "EncodedRequestUri": "L3N1YnNjcmlwdGlvbnMvYjM2Y2RmNDYtYjc1ZC00ZGMyLTlmZTEtMTI5NmVlOGM2MjNkL3Byb3ZpZGVycy9NaWNyb3NvZnQuU2VydmljZUZhYnJpYy9sb2NhdGlvbnMvc291dGhjZW50cmFsdXMvb3BlcmF0aW9ucy9lMzYwMjgyNy1kZWQzLTQwN2EtODI4ZS02MDNiNzlhNDZmNWY/YXBpLXZlcnNpb249MjAxNi0wOS0wMSZFeHBlcmltZW50PWxvY2Fs",
      "RequestMethod": "GET",
      "RequestBody": "",
      "RequestHeaders": {
        "User-Agent": [
          "FxVersion/4.6.1637.0",
          "OSName/Windows_10_Enterprise",
          "OSVersion/6.3.14393",
          "Microsoft.Azure.Management.ServiceFabric.ServiceFabricManagementClient/1.0.0-preview"
        ]
      },
      "ResponseBody": "{\r\n  \"id\": \"/subscriptions/b36cdf46-b75d-4dc2-9fe1-1296ee8c623d/providers/Microsoft.ServiceFabric/locations/southcentralus/operations/e3602827-ded3-407a-828e-603b79a46f5f\",\r\n  \"name\": \"e3602827-ded3-407a-828e-603b79a46f5f\",\r\n  \"status\": \"Created\",\r\n  \"startTime\": \"2017-04-26T15:29:52.4548681Z\",\r\n  \"endTime\": \"0001-01-01T00:00:00\",\r\n  \"percentComplete\": 0.0\r\n}",
      "ResponseHeaders": {
        "Content-Length": [
          "361"
        ],
        "Content-Type": [
          "application/json"
        ],
        "Expires": [
          "-1"
        ],
        "Pragma": [
          "no-cache"
        ],
        "Strict-Transport-Security": [
          "max-age=31536000; includeSubDomains"
        ],
        "X-Content-Type-Options": [
          "nosniff"
        ],
        "x-ms-ratelimit-remaining-subscription-reads": [
          "14913"
        ],
        "x-ms-request-id": [
          "1be42585-caa0-4f55-8d59-2e90667351ed"
        ],
        "x-ms-correlation-request-id": [
          "1be42585-caa0-4f55-8d59-2e90667351ed"
        ],
        "x-ms-routing-request-id": [
          "WESTUS2:20170426T153154Z:1be42585-caa0-4f55-8d59-2e90667351ed"
        ],
        "Cache-Control": [
          "no-cache"
        ],
        "Date": [
          "Wed, 26 Apr 2017 15:31:54 GMT"
        ],
        "Server": [
          "Microsoft-HTTPAPI/2.0,Microsoft-HTTPAPI/2.0 Microsoft-HTTPAPI/2.0"
        ]
      },
      "StatusCode": 200
    },
    {
      "RequestUri": "/subscriptions/b36cdf46-b75d-4dc2-9fe1-1296ee8c623d/providers/Microsoft.ServiceFabric/locations/southcentralus/operations/e3602827-ded3-407a-828e-603b79a46f5f?api-version=2016-09-01&Experiment=local",
      "EncodedRequestUri": "L3N1YnNjcmlwdGlvbnMvYjM2Y2RmNDYtYjc1ZC00ZGMyLTlmZTEtMTI5NmVlOGM2MjNkL3Byb3ZpZGVycy9NaWNyb3NvZnQuU2VydmljZUZhYnJpYy9sb2NhdGlvbnMvc291dGhjZW50cmFsdXMvb3BlcmF0aW9ucy9lMzYwMjgyNy1kZWQzLTQwN2EtODI4ZS02MDNiNzlhNDZmNWY/YXBpLXZlcnNpb249MjAxNi0wOS0wMSZFeHBlcmltZW50PWxvY2Fs",
      "RequestMethod": "GET",
      "RequestBody": "",
      "RequestHeaders": {
        "User-Agent": [
          "FxVersion/4.6.1637.0",
          "OSName/Windows_10_Enterprise",
          "OSVersion/6.3.14393",
          "Microsoft.Azure.Management.ServiceFabric.ServiceFabricManagementClient/1.0.0-preview"
        ]
      },
      "ResponseBody": "{\r\n  \"id\": \"/subscriptions/b36cdf46-b75d-4dc2-9fe1-1296ee8c623d/providers/Microsoft.ServiceFabric/locations/southcentralus/operations/e3602827-ded3-407a-828e-603b79a46f5f\",\r\n  \"name\": \"e3602827-ded3-407a-828e-603b79a46f5f\",\r\n  \"status\": \"Succeeded\",\r\n  \"startTime\": \"2017-04-26T15:29:52.4548681Z\",\r\n  \"endTime\": \"2017-04-26T15:32:07.1083036Z\",\r\n  \"percentComplete\": 0.0\r\n}",
      "ResponseHeaders": {
        "Content-Length": [
          "372"
        ],
        "Content-Type": [
          "application/json"
        ],
        "Expires": [
          "-1"
        ],
        "Pragma": [
          "no-cache"
        ],
        "Strict-Transport-Security": [
          "max-age=31536000; includeSubDomains"
        ],
        "X-Content-Type-Options": [
          "nosniff"
        ],
        "x-ms-ratelimit-remaining-subscription-reads": [
          "14912"
        ],
        "x-ms-request-id": [
          "de24920b-8b96-419c-a73c-931dcd7f2eb9"
        ],
        "x-ms-correlation-request-id": [
          "de24920b-8b96-419c-a73c-931dcd7f2eb9"
        ],
        "x-ms-routing-request-id": [
          "WESTUS2:20170426T153224Z:de24920b-8b96-419c-a73c-931dcd7f2eb9"
        ],
        "Cache-Control": [
          "no-cache"
        ],
        "Date": [
          "Wed, 26 Apr 2017 15:32:24 GMT"
        ],
        "Server": [
          "Microsoft-HTTPAPI/2.0,Microsoft-HTTPAPI/2.0 Microsoft-HTTPAPI/2.0"
        ]
      },
      "StatusCode": 200
    }
  ],
  "Names": {},
  "Variables": {
    "SubscriptionId": "b36cdf46-b75d-4dc2-9fe1-1296ee8c623d",
    "User": "06c05d48-5b15-4e10-a47f-005ba1ea40d4",
    "TenantId": "72f988bf-86f1-41af-91ab-2d7cd011db47"
  }
}