{
  "Entries": [
    {
      "RequestUri": "/subscriptions/b36cdf46-b75d-4dc2-9fe1-1296ee8c623d/resourceGroups/ps1cluster/providers/Microsoft.ServiceFabric/clusters/ps1cluster?api-version=2016-09-01",
      "EncodedRequestUri": "L3N1YnNjcmlwdGlvbnMvYjM2Y2RmNDYtYjc1ZC00ZGMyLTlmZTEtMTI5NmVlOGM2MjNkL3Jlc291cmNlR3JvdXBzL3BzMWNsdXN0ZXIvcHJvdmlkZXJzL01pY3Jvc29mdC5TZXJ2aWNlRmFicmljL2NsdXN0ZXJzL3BzMWNsdXN0ZXI/YXBpLXZlcnNpb249MjAxNi0wOS0wMQ==",
      "RequestMethod": "GET",
      "RequestBody": "",
      "RequestHeaders": {
        "x-ms-client-request-id": [
          "9bb0a6ba-7931-4702-9334-38c7d9ecc576"
        ],
        "accept-language": [
          "en-US"
        ],
        "User-Agent": [
          "FxVersion/4.6.1637.0",
          "OSName/Windows_10_Enterprise",
          "OSVersion/6.3.14393",
          "Microsoft.Azure.Management.ServiceFabric.ServiceFabricManagementClient/1.0.0-preview"
        ]
      },
      "ResponseBody": "{\r\n  \"type\": \"Microsoft.ServiceFabric/clusters\",\r\n  \"location\": \"South Central US\",\r\n  \"id\": \"/subscriptions/b36cdf46-b75d-4dc2-9fe1-1296ee8c623d/resourcegroups/ps1cluster/providers/Microsoft.ServiceFabric/clusters/ps1cluster\",\r\n  \"name\": \"ps1cluster\",\r\n  \"tags\": {},\r\n  \"etag\": \"W/\\\"636288152862979140\\\"\",\r\n  \"properties\": {\r\n    \"provisioningState\": \"Succeeded\",\r\n    \"clusterId\": \"8f025d74-853b-42e2-9f64-81497c0778ed\",\r\n    \"clusterCodeVersion\": \"5.6.180.9494\",\r\n    \"clusterState\": \"Ready\",\r\n    \"managementEndpoint\": \"https://ps1cluster.southcentralus.cloudapp.azure.com:19080\",\r\n    \"clusterEndpoint\": \"https://warp-test-winfabrp-southcentralus.trafficmanager.net/runtime/clusters/8f025d74-853b-42e2-9f64-81497c0778ed\",\r\n    \"certificate\": {\r\n      \"thumbprint\": \"7870EF2BA976B108E97F90FC9E8B5E3D22ED7748\",\r\n      \"x509StoreName\": \"My\"\r\n    },\r\n    \"clientCertificateThumbprints\": [],\r\n    \"clientCertificateCommonNames\": [],\r\n    \"fabricSettings\": [],\r\n    \"upgradeDescription\": {\r\n      \"overrideUserUpgradePolicy\": false,\r\n      \"forceRestart\": false,\r\n      \"upgradeReplicaSetCheckTimeout\": \"00:00:01\",\r\n      \"healthCheckWaitDuration\": \"00:00:01\",\r\n      \"healthCheckStableDuration\": \"00:00:01\",\r\n      \"healthCheckRetryTimeout\": \"00:00:00\",\r\n      \"upgradeTimeout\": \"01:00:00\",\r\n      \"upgradeDomainTimeout\": \"01:00:00\"\r\n    },\r\n    \"diagnosticsStorageAccountConfig\": {\r\n      \"storageAccountName\": \"pyaiewshwwfa42\",\r\n      \"protectedAccountKeyName\": \"StorageAccountKey1\",\r\n      \"blobEndpoint\": \"https://pyaiewshwwfa42.blob.core.windows.net/\",\r\n      \"queueEndpoint\": \"https://pyaiewshwwfa42.queue.core.windows.net/\",\r\n      \"tableEndpoint\": \"https://pyaiewshwwfa42.table.core.windows.net/\"\r\n    },\r\n    \"nodeTypes\": [\r\n      {\r\n        \"name\": \"nt1vm\",\r\n        \"clientConnectionEndpointPort\": 19000,\r\n        \"httpGatewayEndpointPort\": 19080,\r\n        \"applicationPorts\": {\r\n          \"startPort\": 20000,\r\n          \"endPort\": 30000\r\n        },\r\n        \"ephemeralPorts\": {\r\n          \"startPort\": 49152,\r\n          \"endPort\": 65534\r\n        },\r\n        \"isPrimary\": true,\r\n        \"vmInstanceCount\": 1,\r\n        \"durabilityLevel\": \"Bronze\"\r\n      },\r\n      {\r\n        \"name\": \"nnt1\",\r\n        \"clientConnectionEndpointPort\": 19000,\r\n        \"httpGatewayEndpointPort\": 19080,\r\n        \"applicationPorts\": {\r\n          \"startPort\": 20000,\r\n          \"endPort\": 30000\r\n        },\r\n        \"ephemeralPorts\": {\r\n          \"startPort\": 49152,\r\n          \"endPort\": 65534\r\n        },\r\n        \"isPrimary\": false,\r\n        \"vmInstanceCount\": 1,\r\n        \"durabilityLevel\": \"Bronze\"\r\n      }\r\n    ],\r\n    \"vmImage\": \"Windows\",\r\n    \"reliabilityLevel\": \"None\",\r\n    \"upgradeMode\": \"Automatic\",\r\n    \"availableClusterVersions\": [\r\n      {\r\n        \"codeVersion\": \"5.4.145.9494\",\r\n        \"supportExpiryUtc\": \"2017-05-10T00:00:00\",\r\n        \"environment\": \"Windows\"\r\n      },\r\n      {\r\n        \"codeVersion\": \"5.4.164.9494\",\r\n        \"supportExpiryUtc\": \"2017-05-10T00:00:00\",\r\n        \"environment\": \"Windows\"\r\n      },\r\n      {\r\n        \"codeVersion\": \"5.5.216.0\",\r\n        \"supportExpiryUtc\": \"9999-12-31T23:59:59.9999999\",\r\n        \"environment\": \"Windows\"\r\n      },\r\n      {\r\n        \"codeVersion\": \"5.5.219.0\",\r\n        \"supportExpiryUtc\": \"9999-12-31T23:59:59.9999999\",\r\n        \"environment\": \"Windows\"\r\n      },\r\n      {\r\n        \"codeVersion\": \"5.5.232.0\",\r\n        \"supportExpiryUtc\": \"9999-12-31T23:59:59.9999999\",\r\n        \"environment\": \"Windows\"\r\n      },\r\n      {\r\n        \"codeVersion\": \"5.6.180.9494\",\r\n        \"supportExpiryUtc\": \"9999-12-31T23:59:59.9999999\",\r\n        \"environment\": \"Windows\"\r\n      }\r\n    ]\r\n  }\r\n}",
      "ResponseHeaders": {
        "Content-Length": [
          "3642"
        ],
        "Content-Type": [
          "application/json"
        ],
        "Expires": [
          "-1"
        ],
        "Pragma": [
          "no-cache"
        ],
        "Strict-Transport-Security": [
          "max-age=31536000; includeSubDomains"
        ],
        "X-Content-Type-Options": [
          "nosniff"
        ],
        "x-ms-ratelimit-remaining-subscription-reads": [
          "14891"
        ],
        "x-ms-request-id": [
          "6ce83b89-18d6-4b82-83ee-9b1df7e26ab2"
        ],
        "x-ms-correlation-request-id": [
          "6ce83b89-18d6-4b82-83ee-9b1df7e26ab2"
        ],
        "x-ms-routing-request-id": [
          "WESTUS2:20170426T165642Z:6ce83b89-18d6-4b82-83ee-9b1df7e26ab2"
        ],
        "Cache-Control": [
          "no-cache"
        ],
        "Date": [
          "Wed, 26 Apr 2017 16:56:42 GMT"
        ],
        "Server": [
          "Microsoft-HTTPAPI/2.0,Microsoft-HTTPAPI/2.0 Microsoft-HTTPAPI/2.0"
        ]
      },
      "StatusCode": 200
    },
    {
      "RequestUri": "/subscriptions/b36cdf46-b75d-4dc2-9fe1-1296ee8c623d/resourceGroups/ps1cluster/providers/Microsoft.ServiceFabric/clusters/ps1cluster?api-version=2016-09-01",
      "EncodedRequestUri": "L3N1YnNjcmlwdGlvbnMvYjM2Y2RmNDYtYjc1ZC00ZGMyLTlmZTEtMTI5NmVlOGM2MjNkL3Jlc291cmNlR3JvdXBzL3BzMWNsdXN0ZXIvcHJvdmlkZXJzL01pY3Jvc29mdC5TZXJ2aWNlRmFicmljL2NsdXN0ZXJzL3BzMWNsdXN0ZXI/YXBpLXZlcnNpb249MjAxNi0wOS0wMQ==",
      "RequestMethod": "GET",
      "RequestBody": "",
      "RequestHeaders": {
        "x-ms-client-request-id": [
          "76f00cde-aa47-4492-8356-89ae012b2cde"
        ],
        "accept-language": [
          "en-US"
        ],
        "User-Agent": [
          "FxVersion/4.6.1637.0",
          "OSName/Windows_10_Enterprise",
          "OSVersion/6.3.14393",
          "Microsoft.Azure.Management.ServiceFabric.ServiceFabricManagementClient/1.0.0-preview"
        ]
      },
      "ResponseBody": "{\r\n  \"type\": \"Microsoft.ServiceFabric/clusters\",\r\n  \"location\": \"South Central US\",\r\n  \"id\": \"/subscriptions/b36cdf46-b75d-4dc2-9fe1-1296ee8c623d/resourcegroups/ps1cluster/providers/Microsoft.ServiceFabric/clusters/ps1cluster\",\r\n  \"name\": \"ps1cluster\",\r\n  \"tags\": {},\r\n  \"etag\": \"W/\\\"636288152862979140\\\"\",\r\n  \"properties\": {\r\n    \"provisioningState\": \"Succeeded\",\r\n    \"clusterId\": \"8f025d74-853b-42e2-9f64-81497c0778ed\",\r\n    \"clusterCodeVersion\": \"5.6.180.9494\",\r\n    \"clusterState\": \"Ready\",\r\n    \"managementEndpoint\": \"https://ps1cluster.southcentralus.cloudapp.azure.com:19080\",\r\n    \"clusterEndpoint\": \"https://warp-test-winfabrp-southcentralus.trafficmanager.net/runtime/clusters/8f025d74-853b-42e2-9f64-81497c0778ed\",\r\n    \"certificate\": {\r\n      \"thumbprint\": \"7870EF2BA976B108E97F90FC9E8B5E3D22ED7748\",\r\n      \"x509StoreName\": \"My\"\r\n    },\r\n    \"clientCertificateThumbprints\": [],\r\n    \"clientCertificateCommonNames\": [],\r\n    \"fabricSettings\": [],\r\n    \"upgradeDescription\": {\r\n      \"overrideUserUpgradePolicy\": false,\r\n      \"forceRestart\": false,\r\n      \"upgradeReplicaSetCheckTimeout\": \"00:00:01\",\r\n      \"healthCheckWaitDuration\": \"00:00:01\",\r\n      \"healthCheckStableDuration\": \"00:00:01\",\r\n      \"healthCheckRetryTimeout\": \"00:00:00\",\r\n      \"upgradeTimeout\": \"01:00:00\",\r\n      \"upgradeDomainTimeout\": \"01:00:00\"\r\n    },\r\n    \"diagnosticsStorageAccountConfig\": {\r\n      \"storageAccountName\": \"pyaiewshwwfa42\",\r\n      \"protectedAccountKeyName\": \"StorageAccountKey1\",\r\n      \"blobEndpoint\": \"https://pyaiewshwwfa42.blob.core.windows.net/\",\r\n      \"queueEndpoint\": \"https://pyaiewshwwfa42.queue.core.windows.net/\",\r\n      \"tableEndpoint\": \"https://pyaiewshwwfa42.table.core.windows.net/\"\r\n    },\r\n    \"nodeTypes\": [\r\n      {\r\n        \"name\": \"nt1vm\",\r\n        \"clientConnectionEndpointPort\": 19000,\r\n        \"httpGatewayEndpointPort\": 19080,\r\n        \"applicationPorts\": {\r\n          \"startPort\": 20000,\r\n          \"endPort\": 30000\r\n        },\r\n        \"ephemeralPorts\": {\r\n          \"startPort\": 49152,\r\n          \"endPort\": 65534\r\n        },\r\n        \"isPrimary\": true,\r\n        \"vmInstanceCount\": 1,\r\n        \"durabilityLevel\": \"Bronze\"\r\n      },\r\n      {\r\n        \"name\": \"nnt1\",\r\n        \"clientConnectionEndpointPort\": 19000,\r\n        \"httpGatewayEndpointPort\": 19080,\r\n        \"applicationPorts\": {\r\n          \"startPort\": 20000,\r\n          \"endPort\": 30000\r\n        },\r\n        \"ephemeralPorts\": {\r\n          \"startPort\": 49152,\r\n          \"endPort\": 65534\r\n        },\r\n        \"isPrimary\": false,\r\n        \"vmInstanceCount\": 1,\r\n        \"durabilityLevel\": \"Bronze\"\r\n      }\r\n    ],\r\n    \"vmImage\": \"Windows\",\r\n    \"reliabilityLevel\": \"None\",\r\n    \"upgradeMode\": \"Automatic\",\r\n    \"availableClusterVersions\": [\r\n      {\r\n        \"codeVersion\": \"5.4.145.9494\",\r\n        \"supportExpiryUtc\": \"2017-05-10T00:00:00\",\r\n        \"environment\": \"Windows\"\r\n      },\r\n      {\r\n        \"codeVersion\": \"5.4.164.9494\",\r\n        \"supportExpiryUtc\": \"2017-05-10T00:00:00\",\r\n        \"environment\": \"Windows\"\r\n      },\r\n      {\r\n        \"codeVersion\": \"5.5.216.0\",\r\n        \"supportExpiryUtc\": \"9999-12-31T23:59:59.9999999\",\r\n        \"environment\": \"Windows\"\r\n      },\r\n      {\r\n        \"codeVersion\": \"5.5.219.0\",\r\n        \"supportExpiryUtc\": \"9999-12-31T23:59:59.9999999\",\r\n        \"environment\": \"Windows\"\r\n      },\r\n      {\r\n        \"codeVersion\": \"5.5.232.0\",\r\n        \"supportExpiryUtc\": \"9999-12-31T23:59:59.9999999\",\r\n        \"environment\": \"Windows\"\r\n      },\r\n      {\r\n        \"codeVersion\": \"5.6.180.9494\",\r\n        \"supportExpiryUtc\": \"9999-12-31T23:59:59.9999999\",\r\n        \"environment\": \"Windows\"\r\n      }\r\n    ]\r\n  }\r\n}",
      "ResponseHeaders": {
        "Content-Length": [
          "3642"
        ],
        "Content-Type": [
          "application/json"
        ],
        "Expires": [
          "-1"
        ],
        "Pragma": [
          "no-cache"
        ],
        "Strict-Transport-Security": [
          "max-age=31536000; includeSubDomains"
        ],
        "X-Content-Type-Options": [
          "nosniff"
        ],
        "x-ms-ratelimit-remaining-subscription-reads": [
          "14936"
        ],
        "x-ms-request-id": [
          "9b8720c0-40f6-4cc5-bff2-4a56d8a204cd"
        ],
        "x-ms-correlation-request-id": [
          "9b8720c0-40f6-4cc5-bff2-4a56d8a204cd"
        ],
        "x-ms-routing-request-id": [
          "WESTUS2:20170426T165643Z:9b8720c0-40f6-4cc5-bff2-4a56d8a204cd"
        ],
        "Cache-Control": [
          "no-cache"
        ],
        "Date": [
          "Wed, 26 Apr 2017 16:56:43 GMT"
        ],
        "Server": [
          "Microsoft-HTTPAPI/2.0,Microsoft-HTTPAPI/2.0 Microsoft-HTTPAPI/2.0"
        ]
      },
      "StatusCode": 200
    },
    {
      "RequestUri": "/subscriptions/b36cdf46-b75d-4dc2-9fe1-1296ee8c623d/resourceGroups/ps1cluster/providers/Microsoft.ServiceFabric/clusters/ps1cluster?api-version=2016-09-01",
      "EncodedRequestUri": "L3N1YnNjcmlwdGlvbnMvYjM2Y2RmNDYtYjc1ZC00ZGMyLTlmZTEtMTI5NmVlOGM2MjNkL3Jlc291cmNlR3JvdXBzL3BzMWNsdXN0ZXIvcHJvdmlkZXJzL01pY3Jvc29mdC5TZXJ2aWNlRmFicmljL2NsdXN0ZXJzL3BzMWNsdXN0ZXI/YXBpLXZlcnNpb249MjAxNi0wOS0wMQ==",
      "RequestMethod": "GET",
      "RequestBody": "",
      "RequestHeaders": {
        "x-ms-client-request-id": [
          "64213455-a40e-4c2f-acba-fbc976b87e5c"
        ],
        "accept-language": [
          "en-US"
        ],
        "User-Agent": [
          "FxVersion/4.6.1637.0",
          "OSName/Windows_10_Enterprise",
          "OSVersion/6.3.14393",
          "Microsoft.Azure.Management.ServiceFabric.ServiceFabricManagementClient/1.0.0-preview"
        ]
      },
      "ResponseBody": "{\r\n  \"type\": \"Microsoft.ServiceFabric/clusters\",\r\n  \"location\": \"South Central US\",\r\n  \"id\": \"/subscriptions/b36cdf46-b75d-4dc2-9fe1-1296ee8c623d/resourcegroups/ps1cluster/providers/Microsoft.ServiceFabric/clusters/ps1cluster\",\r\n  \"name\": \"ps1cluster\",\r\n  \"tags\": {},\r\n  \"etag\": \"W/\\\"636288152862979140\\\"\",\r\n  \"properties\": {\r\n    \"provisioningState\": \"Succeeded\",\r\n    \"clusterId\": \"8f025d74-853b-42e2-9f64-81497c0778ed\",\r\n    \"clusterCodeVersion\": \"5.6.180.9494\",\r\n    \"clusterState\": \"Ready\",\r\n    \"managementEndpoint\": \"https://ps1cluster.southcentralus.cloudapp.azure.com:19080\",\r\n    \"clusterEndpoint\": \"https://warp-test-winfabrp-southcentralus.trafficmanager.net/runtime/clusters/8f025d74-853b-42e2-9f64-81497c0778ed\",\r\n    \"certificate\": {\r\n      \"thumbprint\": \"7870EF2BA976B108E97F90FC9E8B5E3D22ED7748\",\r\n      \"x509StoreName\": \"My\"\r\n    },\r\n    \"clientCertificateThumbprints\": [],\r\n    \"clientCertificateCommonNames\": [],\r\n    \"fabricSettings\": [],\r\n    \"upgradeDescription\": {\r\n      \"overrideUserUpgradePolicy\": false,\r\n      \"forceRestart\": false,\r\n      \"upgradeReplicaSetCheckTimeout\": \"00:00:01\",\r\n      \"healthCheckWaitDuration\": \"00:00:01\",\r\n      \"healthCheckStableDuration\": \"00:00:01\",\r\n      \"healthCheckRetryTimeout\": \"00:00:00\",\r\n      \"upgradeTimeout\": \"01:00:00\",\r\n      \"upgradeDomainTimeout\": \"01:00:00\"\r\n    },\r\n    \"diagnosticsStorageAccountConfig\": {\r\n      \"storageAccountName\": \"pyaiewshwwfa42\",\r\n      \"protectedAccountKeyName\": \"StorageAccountKey1\",\r\n      \"blobEndpoint\": \"https://pyaiewshwwfa42.blob.core.windows.net/\",\r\n      \"queueEndpoint\": \"https://pyaiewshwwfa42.queue.core.windows.net/\",\r\n      \"tableEndpoint\": \"https://pyaiewshwwfa42.table.core.windows.net/\"\r\n    },\r\n    \"nodeTypes\": [\r\n      {\r\n        \"name\": \"nt1vm\",\r\n        \"clientConnectionEndpointPort\": 19000,\r\n        \"httpGatewayEndpointPort\": 19080,\r\n        \"applicationPorts\": {\r\n          \"startPort\": 20000,\r\n          \"endPort\": 30000\r\n        },\r\n        \"ephemeralPorts\": {\r\n          \"startPort\": 49152,\r\n          \"endPort\": 65534\r\n        },\r\n        \"isPrimary\": true,\r\n        \"vmInstanceCount\": 1,\r\n        \"durabilityLevel\": \"Bronze\"\r\n      },\r\n      {\r\n        \"name\": \"nnt1\",\r\n        \"clientConnectionEndpointPort\": 19000,\r\n        \"httpGatewayEndpointPort\": 19080,\r\n        \"applicationPorts\": {\r\n          \"startPort\": 20000,\r\n          \"endPort\": 30000\r\n        },\r\n        \"ephemeralPorts\": {\r\n          \"startPort\": 49152,\r\n          \"endPort\": 65534\r\n        },\r\n        \"isPrimary\": false,\r\n        \"vmInstanceCount\": 1,\r\n        \"durabilityLevel\": \"Bronze\"\r\n      }\r\n    ],\r\n    \"vmImage\": \"Windows\",\r\n    \"reliabilityLevel\": \"None\",\r\n    \"upgradeMode\": \"Automatic\",\r\n    \"availableClusterVersions\": [\r\n      {\r\n        \"codeVersion\": \"5.4.145.9494\",\r\n        \"supportExpiryUtc\": \"2017-05-10T00:00:00\",\r\n        \"environment\": \"Windows\"\r\n      },\r\n      {\r\n        \"codeVersion\": \"5.4.164.9494\",\r\n        \"supportExpiryUtc\": \"2017-05-10T00:00:00\",\r\n        \"environment\": \"Windows\"\r\n      },\r\n      {\r\n        \"codeVersion\": \"5.5.216.0\",\r\n        \"supportExpiryUtc\": \"9999-12-31T23:59:59.9999999\",\r\n        \"environment\": \"Windows\"\r\n      },\r\n      {\r\n        \"codeVersion\": \"5.5.219.0\",\r\n        \"supportExpiryUtc\": \"9999-12-31T23:59:59.9999999\",\r\n        \"environment\": \"Windows\"\r\n      },\r\n      {\r\n        \"codeVersion\": \"5.5.232.0\",\r\n        \"supportExpiryUtc\": \"9999-12-31T23:59:59.9999999\",\r\n        \"environment\": \"Windows\"\r\n      },\r\n      {\r\n        \"codeVersion\": \"5.6.180.9494\",\r\n        \"supportExpiryUtc\": \"9999-12-31T23:59:59.9999999\",\r\n        \"environment\": \"Windows\"\r\n      }\r\n    ]\r\n  }\r\n}",
      "ResponseHeaders": {
        "Content-Length": [
          "3642"
        ],
        "Content-Type": [
          "application/json"
        ],
        "Expires": [
          "-1"
        ],
        "Pragma": [
          "no-cache"
        ],
        "Strict-Transport-Security": [
          "max-age=31536000; includeSubDomains"
        ],
        "X-Content-Type-Options": [
          "nosniff"
        ],
        "x-ms-ratelimit-remaining-subscription-reads": [
          "14935"
        ],
        "x-ms-request-id": [
          "3abe8850-f664-4419-b11d-9270ecac1532"
        ],
        "x-ms-correlation-request-id": [
          "3abe8850-f664-4419-b11d-9270ecac1532"
        ],
        "x-ms-routing-request-id": [
          "WESTUS2:20170426T165644Z:3abe8850-f664-4419-b11d-9270ecac1532"
        ],
        "Cache-Control": [
          "no-cache"
        ],
        "Date": [
          "Wed, 26 Apr 2017 16:56:43 GMT"
        ],
        "Server": [
          "Microsoft-HTTPAPI/2.0,Microsoft-HTTPAPI/2.0 Microsoft-HTTPAPI/2.0"
        ]
      },
      "StatusCode": 200
    },
    {
      "RequestUri": "/subscriptions/b36cdf46-b75d-4dc2-9fe1-1296ee8c623d/resourceGroups/ps1cluster/providers/Microsoft.Compute/virtualMachineScaleSets/nnt1?api-version=2016-04-30-preview",
      "EncodedRequestUri": "L3N1YnNjcmlwdGlvbnMvYjM2Y2RmNDYtYjc1ZC00ZGMyLTlmZTEtMTI5NmVlOGM2MjNkL3Jlc291cmNlR3JvdXBzL3BzMWNsdXN0ZXIvcHJvdmlkZXJzL01pY3Jvc29mdC5Db21wdXRlL3ZpcnR1YWxNYWNoaW5lU2NhbGVTZXRzL25udDE/YXBpLXZlcnNpb249MjAxNi0wNC0zMC1wcmV2aWV3",
      "RequestMethod": "GET",
      "RequestBody": "",
      "RequestHeaders": {
        "x-ms-client-request-id": [
          "c57712e5-42eb-4cc0-92f7-34d078a37c40"
        ],
        "accept-language": [
          "en-US"
        ],
        "User-Agent": [
          "FxVersion/4.6.1637.0",
          "OSName/Windows_10_Enterprise",
          "OSVersion/6.3.14393",
          "Microsoft.Azure.Management.Compute.ComputeManagementClient/14.1.0-prerelease"
        ]
      },
      "ResponseBody": "{\r\n  \"sku\": {\r\n    \"name\": \"Standard_D1_v2\",\r\n    \"tier\": \"Standard\",\r\n    \"capacity\": 1\r\n  },\r\n  \"properties\": {\r\n    \"singlePlacementGroup\": true,\r\n    \"upgradePolicy\": {\r\n      \"mode\": \"Automatic\"\r\n    },\r\n    \"virtualMachineProfile\": {\r\n      \"osProfile\": {\r\n        \"computerNamePrefix\": \"nnt1\",\r\n        \"adminUsername\": \"username\",\r\n        \"windowsConfiguration\": {\r\n          \"provisionVMAgent\": true,\r\n          \"enableAutomaticUpdates\": true\r\n        },\r\n        \"secrets\": [\r\n          {\r\n            \"sourceVault\": {\r\n              \"id\": \"/subscriptions/b36cdf46-b75d-4dc2-9fe1-1296ee8c623d/resourceGroups/ps1cluster/providers/Microsoft.KeyVault/vaults/ps1cluster\"\r\n            },\r\n            \"vaultCertificates\": [\r\n              {\r\n                \"certificateUrl\": \"https://ps1cluster.vault.azure.net:443/secrets/ps1cluster20170426075109/5465ea0ca853420d8fd4d9e6b5e2c8eb\",\r\n                \"certificateStore\": \"My\"\r\n              }\r\n            ]\r\n          },\r\n          {\r\n            \"sourceVault\": {\r\n              \"id\": \"/subscriptions/b36cdf46-b75d-4dc2-9fe1-1296ee8c623d/resourceGroups/kvps/providers/Microsoft.KeyVault/vaults/kvps\"\r\n            },\r\n            \"vaultCertificates\": [\r\n              {\r\n                \"certificateUrl\": \"https://kvps.vault.azure.net:443/secrets/kvpsrg/6202d05ec08c4767911ddf0613c2b1e8\",\r\n                \"certificateStore\": \"my\"\r\n              }\r\n            ]\r\n          }\r\n        ]\r\n      },\r\n      \"storageProfile\": {\r\n        \"osDisk\": {\r\n          \"vhdContainers\": [\r\n            \"https://powershelltest1.blob.core.windows.net/vhd\"\r\n          ],\r\n          \"name\": \"vmssosdisk\",\r\n          \"createOption\": \"FromImage\",\r\n          \"caching\": \"ReadOnly\"\r\n        },\r\n        \"imageReference\": {\r\n          \"publisher\": \"MicrosoftWindowsServer\",\r\n          \"offer\": \"WindowsServer\",\r\n          \"sku\": \"2012-R2-Datacenter\",\r\n          \"version\": \"latest\"\r\n        }\r\n      },\r\n      \"networkProfile\": {\r\n        \"networkInterfaceConfigurations\": [\r\n          {\r\n            \"name\": \"NIC-nnt1-2\",\r\n            \"properties\": {\r\n              \"primary\": true,\r\n              \"ipConfigurations\": [\r\n                {\r\n                  \"name\": \"Nic-2\",\r\n                  \"properties\": {\r\n                    \"subnet\": {\r\n                      \"id\": \"/subscriptions/b36cdf46-b75d-4dc2-9fe1-1296ee8c623d/resourceGroups/ps1cluster/providers/Microsoft.Network/virtualNetworks/VNet/subnets/Subnet-nnt1-1\"\r\n                    },\r\n                    \"loadBalancerBackendAddressPools\": [\r\n                      {\r\n                        \"id\": \"/subscriptions/b36cdf46-b75d-4dc2-9fe1-1296ee8c623d/resourceGroups/ps1cluster/providers/Microsoft.Network/loadBalancers/LB-ps1cluster-nnt188/backendAddressPools/LoadBalancerBEAddressPool\"\r\n                      }\r\n                    ],\r\n                    \"loadBalancerInboundNatPools\": [\r\n                      {\r\n                        \"id\": \"/subscriptions/b36cdf46-b75d-4dc2-9fe1-1296ee8c623d/resourceGroups/ps1cluster/providers/Microsoft.Network/loadBalancers/LB-ps1cluster-nnt188/inboundNatPools/LoadBalancerBEAddressNatPool\"\r\n                      }\r\n                    ]\r\n                  }\r\n                }\r\n              ]\r\n            }\r\n          }\r\n        ]\r\n      },\r\n      \"extensionProfile\": {\r\n        \"extensions\": [\r\n          {\r\n            \"properties\": {\r\n              \"publisher\": \"Microsoft.Azure.ServiceFabric\",\r\n              \"type\": \"ServiceFabricNode\",\r\n              \"typeHandlerVersion\": \"1.0\",\r\n              \"autoUpgradeMinorVersion\": false,\r\n              \"settings\": {\r\n                \"clusterEndpoint\": \"https://warp-test-winfabrp-southcentralus.trafficmanager.net/runtime/clusters/8f025d74-853b-42e2-9f64-81497c0778ed\",\r\n                \"nodeTypeRef\": \"nnt1\",\r\n                \"dataPath\": \"D:\\\\\\\\SvcFab\",\r\n                \"durabilityLevel\": \"Bronze\",\r\n                \"nicPrefixOverride\": \"10.0.1.0/24\",\r\n                \"certificate\": {\r\n                  \"thumbprint\": \"7870EF2BA976B108E97F90FC9E8B5E3D22ED7748\",\r\n                  \"x509StoreName\": \"My\"\r\n                },\r\n                \"certificateSecondary\": {\r\n                  \"thumbprint\": \"2394F562BF05258059FE32C0D7C63024EAD13096\",\r\n                  \"x509StoreName\": \"my\"\r\n                }\r\n              }\r\n            },\r\n            \"name\": \"nnt1_ServiceFabricNode\"\r\n          },\r\n          {\r\n            \"properties\": {\r\n              \"publisher\": \"Microsoft.Azure.Diagnostics\",\r\n              \"type\": \"IaaSDiagnostics\",\r\n              \"typeHandlerVersion\": \"1.5\",\r\n              \"autoUpgradeMinorVersion\": true,\r\n              \"settings\": {\r\n                \"WadCfg\": {\r\n                  \"DiagnosticMonitorConfiguration\": {\r\n                    \"overallQuotaInMB\": \"50000\",\r\n                    \"EtwProviders\": {\r\n                      \"EtwEventSourceProviderConfiguration\": [\r\n                        {\r\n                          \"provider\": \"Microsoft-ServiceFabric-Actors\",\r\n                          \"scheduledTransferKeywordFilter\": \"1\",\r\n                          \"scheduledTransferPeriod\": \"PT5M\",\r\n                          \"DefaultEvents\": {\r\n                            \"eventDestination\": \"ServiceFabricReliableActorEventTable\"\r\n                          }\r\n                        },\r\n                        {\r\n                          \"provider\": \"Microsoft-ServiceFabric-Services\",\r\n                          \"scheduledTransferPeriod\": \"PT5M\",\r\n                          \"DefaultEvents\": {\r\n                            \"eventDestination\": \"ServiceFabricReliableServiceEventTable\"\r\n                          }\r\n                        }\r\n                      ],\r\n                      \"EtwManifestProviderConfiguration\": [\r\n                        {\r\n                          \"provider\": \"cbd93bc2-71e5-4566-b3a7-595d8eeca6e8\",\r\n                          \"scheduledTransferLogLevelFilter\": \"Information\",\r\n                          \"scheduledTransferKeywordFilter\": \"4611686018427387904\",\r\n                          \"scheduledTransferPeriod\": \"PT5M\",\r\n                          \"DefaultEvents\": {\r\n                            \"eventDestination\": \"ServiceFabricSystemEventTable\"\r\n                          }\r\n                        }\r\n                      ]\r\n                    }\r\n                  }\r\n                },\r\n                \"StorageAccount\": \"pyaiewshwwfa43\"\r\n              }\r\n            },\r\n            \"name\": \"nnt1_VMDiagnosticsVmExt\"\r\n          }\r\n        ]\r\n      }\r\n    },\r\n    \"provisioningState\": \"Succeeded\",\r\n    \"overprovision\": false,\r\n    \"uniqueId\": \"e0e6b9e1-8090-4c3c-9b3b-0679cf529cc4\"\r\n  },\r\n  \"type\": \"Microsoft.Compute/virtualMachineScaleSets\",\r\n  \"location\": \"southcentralus\",\r\n  \"tags\": {\r\n    \"clusterName\": \"ps1cluster\",\r\n    \"resourceType\": \"Service Fabric\"\r\n  },\r\n  \"id\": \"/subscriptions/b36cdf46-b75d-4dc2-9fe1-1296ee8c623d/resourceGroups/ps1cluster/providers/Microsoft.Compute/virtualMachineScaleSets/nnt1\",\r\n  \"name\": \"nnt1\"\r\n}",
      "ResponseHeaders": {
        "Content-Length": [
          "5221"
        ],
        "Content-Type": [
          "application/json; charset=utf-8"
        ],
        "Expires": [
          "-1"
        ],
        "Pragma": [
          "no-cache"
        ],
        "Strict-Transport-Security": [
          "max-age=31536000; includeSubDomains"
        ],
        "x-ms-served-by": [
          "21342711-3fe4-472c-9e3e-64c224a8ae1e_131332981730559549"
        ],
        "x-ms-request-id": [
          "d08b7982-fd78-40dd-92e7-0b2b8a6f3edb"
        ],
        "Cache-Control": [
          "no-cache"
        ],
        "Server": [
          "Microsoft-HTTPAPI/2.0",
          "Microsoft-HTTPAPI/2.0"
        ],
        "x-ms-ratelimit-remaining-subscription-reads": [
          "14937"
        ],
        "x-ms-correlation-request-id": [
          "327e1180-de87-4a19-8649-0fc9a31a3683"
        ],
        "x-ms-routing-request-id": [
          "WESTUS2:20170426T165643Z:327e1180-de87-4a19-8649-0fc9a31a3683"
        ],
        "Date": [
          "Wed, 26 Apr 2017 16:56:43 GMT"
        ]
      },
      "StatusCode": 200
    },
    {
      "RequestUri": "/subscriptions/b36cdf46-b75d-4dc2-9fe1-1296ee8c623d/resourceGroups/ps1cluster/providers/Microsoft.Compute/virtualMachineScaleSets?api-version=2016-04-30-preview",
      "EncodedRequestUri": "L3N1YnNjcmlwdGlvbnMvYjM2Y2RmNDYtYjc1ZC00ZGMyLTlmZTEtMTI5NmVlOGM2MjNkL3Jlc291cmNlR3JvdXBzL3BzMWNsdXN0ZXIvcHJvdmlkZXJzL01pY3Jvc29mdC5Db21wdXRlL3ZpcnR1YWxNYWNoaW5lU2NhbGVTZXRzP2FwaS12ZXJzaW9uPTIwMTYtMDQtMzAtcHJldmlldw==",
      "RequestMethod": "GET",
      "RequestBody": "",
      "RequestHeaders": {
        "x-ms-client-request-id": [
          "77305946-41f8-47ed-89a6-452bae5fade5"
        ],
        "accept-language": [
          "en-US"
        ],
        "User-Agent": [
          "FxVersion/4.6.1637.0",
          "OSName/Windows_10_Enterprise",
          "OSVersion/6.3.14393",
          "Microsoft.Azure.Management.Compute.ComputeManagementClient/14.1.0-prerelease"
        ]
      },
      "ResponseBody": "{\r\n  \"value\": [\r\n    {\r\n      \"sku\": {\r\n        \"name\": \"Standard_D1_v2\",\r\n        \"tier\": \"Standard\",\r\n        \"capacity\": 1\r\n      },\r\n      \"properties\": {\r\n        \"singlePlacementGroup\": true,\r\n        \"upgradePolicy\": {\r\n          \"mode\": \"Automatic\"\r\n        },\r\n        \"virtualMachineProfile\": {\r\n          \"osProfile\": {\r\n            \"computerNamePrefix\": \"nnt1\",\r\n            \"adminUsername\": \"username\",\r\n            \"windowsConfiguration\": {\r\n              \"provisionVMAgent\": true,\r\n              \"enableAutomaticUpdates\": true\r\n            },\r\n            \"secrets\": [\r\n              {\r\n                \"sourceVault\": {\r\n                  \"id\": \"/subscriptions/b36cdf46-b75d-4dc2-9fe1-1296ee8c623d/resourceGroups/ps1cluster/providers/Microsoft.KeyVault/vaults/ps1cluster\"\r\n                },\r\n                \"vaultCertificates\": [\r\n                  {\r\n                    \"certificateUrl\": \"https://ps1cluster.vault.azure.net:443/secrets/ps1cluster20170426075109/5465ea0ca853420d8fd4d9e6b5e2c8eb\",\r\n                    \"certificateStore\": \"My\"\r\n                  }\r\n                ]\r\n              },\r\n              {\r\n                \"sourceVault\": {\r\n                  \"id\": \"/subscriptions/b36cdf46-b75d-4dc2-9fe1-1296ee8c623d/resourceGroups/kvps/providers/Microsoft.KeyVault/vaults/kvps\"\r\n                },\r\n                \"vaultCertificates\": [\r\n                  {\r\n                    \"certificateUrl\": \"https://kvps.vault.azure.net:443/secrets/kvpsrg/6202d05ec08c4767911ddf0613c2b1e8\",\r\n                    \"certificateStore\": \"my\"\r\n                  }\r\n                ]\r\n              }\r\n            ]\r\n          },\r\n          \"storageProfile\": {\r\n            \"osDisk\": {\r\n              \"vhdContainers\": [\r\n                \"https://powershelltest1.blob.core.windows.net/vhd\"\r\n              ],\r\n              \"name\": \"vmssosdisk\",\r\n              \"createOption\": \"FromImage\",\r\n              \"caching\": \"ReadOnly\"\r\n            },\r\n            \"imageReference\": {\r\n              \"publisher\": \"MicrosoftWindowsServer\",\r\n              \"offer\": \"WindowsServer\",\r\n              \"sku\": \"2012-R2-Datacenter\",\r\n              \"version\": \"latest\"\r\n            }\r\n          },\r\n          \"networkProfile\": {\r\n            \"networkInterfaceConfigurations\": [\r\n              {\r\n                \"name\": \"NIC-nnt1-2\",\r\n                \"properties\": {\r\n                  \"primary\": true,\r\n                  \"ipConfigurations\": [\r\n                    {\r\n                      \"name\": \"Nic-2\",\r\n                      \"properties\": {\r\n                        \"subnet\": {\r\n                          \"id\": \"/subscriptions/b36cdf46-b75d-4dc2-9fe1-1296ee8c623d/resourceGroups/ps1cluster/providers/Microsoft.Network/virtualNetworks/VNet/subnets/Subnet-nnt1-1\"\r\n                        },\r\n                        \"loadBalancerBackendAddressPools\": [\r\n                          {\r\n                            \"id\": \"/subscriptions/b36cdf46-b75d-4dc2-9fe1-1296ee8c623d/resourceGroups/ps1cluster/providers/Microsoft.Network/loadBalancers/LB-ps1cluster-nnt188/backendAddressPools/LoadBalancerBEAddressPool\"\r\n                          }\r\n                        ],\r\n                        \"loadBalancerInboundNatPools\": [\r\n                          {\r\n                            \"id\": \"/subscriptions/b36cdf46-b75d-4dc2-9fe1-1296ee8c623d/resourceGroups/ps1cluster/providers/Microsoft.Network/loadBalancers/LB-ps1cluster-nnt188/inboundNatPools/LoadBalancerBEAddressNatPool\"\r\n                          }\r\n                        ]\r\n                      }\r\n                    }\r\n                  ]\r\n                }\r\n              }\r\n            ]\r\n          },\r\n          \"extensionProfile\": {\r\n            \"extensions\": [\r\n              {\r\n                \"properties\": {\r\n                  \"publisher\": \"Microsoft.Azure.ServiceFabric\",\r\n                  \"type\": \"ServiceFabricNode\",\r\n                  \"typeHandlerVersion\": \"1.0\",\r\n                  \"autoUpgradeMinorVersion\": false,\r\n                  \"settings\": {\r\n                    \"clusterEndpoint\": \"https://warp-test-winfabrp-southcentralus.trafficmanager.net/runtime/clusters/8f025d74-853b-42e2-9f64-81497c0778ed\",\r\n                    \"nodeTypeRef\": \"nnt1\",\r\n                    \"dataPath\": \"D:\\\\\\\\SvcFab\",\r\n                    \"durabilityLevel\": \"Bronze\",\r\n                    \"nicPrefixOverride\": \"10.0.1.0/24\",\r\n                    \"certificate\": {\r\n                      \"thumbprint\": \"7870EF2BA976B108E97F90FC9E8B5E3D22ED7748\",\r\n                      \"x509StoreName\": \"My\"\r\n                    },\r\n                    \"certificateSecondary\": {\r\n                      \"thumbprint\": \"2394F562BF05258059FE32C0D7C63024EAD13096\",\r\n                      \"x509StoreName\": \"my\"\r\n                    }\r\n                  }\r\n                },\r\n                \"name\": \"nnt1_ServiceFabricNode\"\r\n              },\r\n              {\r\n                \"properties\": {\r\n                  \"publisher\": \"Microsoft.Azure.Diagnostics\",\r\n                  \"type\": \"IaaSDiagnostics\",\r\n                  \"typeHandlerVersion\": \"1.5\",\r\n                  \"autoUpgradeMinorVersion\": true,\r\n                  \"settings\": {\r\n                    \"WadCfg\": {\r\n                      \"DiagnosticMonitorConfiguration\": {\r\n                        \"overallQuotaInMB\": \"50000\",\r\n                        \"EtwProviders\": {\r\n                          \"EtwEventSourceProviderConfiguration\": [\r\n                            {\r\n                              \"provider\": \"Microsoft-ServiceFabric-Actors\",\r\n                              \"scheduledTransferKeywordFilter\": \"1\",\r\n                              \"scheduledTransferPeriod\": \"PT5M\",\r\n                              \"DefaultEvents\": {\r\n                                \"eventDestination\": \"ServiceFabricReliableActorEventTable\"\r\n                              }\r\n                            },\r\n                            {\r\n                              \"provider\": \"Microsoft-ServiceFabric-Services\",\r\n                              \"scheduledTransferPeriod\": \"PT5M\",\r\n                              \"DefaultEvents\": {\r\n                                \"eventDestination\": \"ServiceFabricReliableServiceEventTable\"\r\n                              }\r\n                            }\r\n                          ],\r\n                          \"EtwManifestProviderConfiguration\": [\r\n                            {\r\n                              \"provider\": \"cbd93bc2-71e5-4566-b3a7-595d8eeca6e8\",\r\n                              \"scheduledTransferLogLevelFilter\": \"Information\",\r\n                              \"scheduledTransferKeywordFilter\": \"4611686018427387904\",\r\n                              \"scheduledTransferPeriod\": \"PT5M\",\r\n                              \"DefaultEvents\": {\r\n                                \"eventDestination\": \"ServiceFabricSystemEventTable\"\r\n                              }\r\n                            }\r\n                          ]\r\n                        }\r\n                      }\r\n                    },\r\n                    \"StorageAccount\": \"pyaiewshwwfa43\"\r\n                  }\r\n                },\r\n                \"name\": \"nnt1_VMDiagnosticsVmExt\"\r\n              }\r\n            ]\r\n          }\r\n        },\r\n        \"provisioningState\": \"Succeeded\",\r\n        \"overprovision\": false,\r\n        \"uniqueId\": \"e0e6b9e1-8090-4c3c-9b3b-0679cf529cc4\"\r\n      },\r\n      \"type\": \"Microsoft.Compute/virtualMachineScaleSets\",\r\n      \"location\": \"southcentralus\",\r\n      \"tags\": {\r\n        \"clusterName\": \"ps1cluster\",\r\n        \"resourceType\": \"Service Fabric\"\r\n      },\r\n      \"id\": \"/subscriptions/b36cdf46-b75d-4dc2-9fe1-1296ee8c623d/resourceGroups/ps1cluster/providers/Microsoft.Compute/virtualMachineScaleSets/nnt1\",\r\n      \"name\": \"nnt1\"\r\n    },\r\n    {\r\n      \"sku\": {\r\n        \"name\": \"Standard_D2\",\r\n        \"tier\": \"Standard\",\r\n        \"capacity\": 1\r\n      },\r\n      \"properties\": {\r\n        \"singlePlacementGroup\": true,\r\n        \"upgradePolicy\": {\r\n          \"mode\": \"Automatic\"\r\n        },\r\n        \"virtualMachineProfile\": {\r\n          \"osProfile\": {\r\n            \"computerNamePrefix\": \"nt1vm\",\r\n            \"adminUsername\": \"adminuser\",\r\n            \"windowsConfiguration\": {\r\n              \"provisionVMAgent\": true,\r\n              \"enableAutomaticUpdates\": true\r\n            },\r\n            \"secrets\": [\r\n              {\r\n                \"sourceVault\": {\r\n                  \"id\": \"/subscriptions/b36cdf46-b75d-4dc2-9fe1-1296ee8c623d/resourceGroups/ps1cluster/providers/Microsoft.KeyVault/vaults/ps1cluster\"\r\n                },\r\n                \"vaultCertificates\": [\r\n                  {\r\n                    \"certificateUrl\": \"https://ps1cluster.vault.azure.net:443/secrets/ps1cluster20170426075109/5465ea0ca853420d8fd4d9e6b5e2c8eb\",\r\n                    \"certificateStore\": \"My\"\r\n                  }\r\n                ]\r\n              },\r\n              {\r\n                \"sourceVault\": {\r\n                  \"id\": \"/subscriptions/b36cdf46-b75d-4dc2-9fe1-1296ee8c623d/resourceGroups/kvps/providers/Microsoft.KeyVault/vaults/kvps\"\r\n                },\r\n                \"vaultCertificates\": [\r\n                  {\r\n                    \"certificateUrl\": \"https://kvps.vault.azure.net:443/secrets/kvpsrg/6202d05ec08c4767911ddf0613c2b1e8\",\r\n                    \"certificateStore\": \"my\"\r\n                  }\r\n                ]\r\n              }\r\n            ]\r\n          },\r\n          \"storageProfile\": {\r\n            \"osDisk\": {\r\n              \"vhdContainers\": [\r\n                \"https://pyaiewshwwfa4100.blob.core.windows.net/vhds\",\r\n                \"https://pyaiewshwwfa4101.blob.core.windows.net/vhds\",\r\n                \"https://pyaiewshwwfa4102.blob.core.windows.net/vhds\",\r\n                \"https://pyaiewshwwfa4103.blob.core.windows.net/vhds\",\r\n                \"https://pyaiewshwwfa4104.blob.core.windows.net/vhds\"\r\n              ],\r\n              \"name\": \"vmssosdisk\",\r\n              \"createOption\": \"FromImage\",\r\n              \"caching\": \"ReadOnly\"\r\n            },\r\n            \"imageReference\": {\r\n              \"publisher\": \"MicrosoftWindowsServer\",\r\n              \"offer\": \"WindowsServer\",\r\n              \"sku\": \"2012-R2-Datacenter\",\r\n              \"version\": \"latest\"\r\n            }\r\n          },\r\n          \"networkProfile\": {\r\n            \"networkInterfaceConfigurations\": [\r\n              {\r\n                \"name\": \"NIC-0\",\r\n                \"properties\": {\r\n                  \"primary\": true,\r\n                  \"ipConfigurations\": [\r\n                    {\r\n                      \"name\": \"NIC-0\",\r\n                      \"properties\": {\r\n                        \"subnet\": {\r\n                          \"id\": \"/subscriptions/b36cdf46-b75d-4dc2-9fe1-1296ee8c623d/resourceGroups/ps1cluster/providers/Microsoft.Network/virtualNetworks/VNet/subnets/Subnet-0\"\r\n                        },\r\n                        \"loadBalancerBackendAddressPools\": [\r\n                          {\r\n                            \"id\": \"/subscriptions/b36cdf46-b75d-4dc2-9fe1-1296ee8c623d/resourceGroups/ps1cluster/providers/Microsoft.Network/loadBalancers/LB-ps1cluster-nt1vm/backendAddressPools/LoadBalancerBEAddressPool\"\r\n                          }\r\n                        ],\r\n                        \"loadBalancerInboundNatPools\": [\r\n                          {\r\n                            \"id\": \"/subscriptions/b36cdf46-b75d-4dc2-9fe1-1296ee8c623d/resourceGroups/ps1cluster/providers/Microsoft.Network/loadBalancers/LB-ps1cluster-nt1vm/inboundNatPools/LoadBalancerBEAddressNatPool\"\r\n                          }\r\n                        ]\r\n                      }\r\n                    }\r\n                  ]\r\n                }\r\n              }\r\n            ]\r\n          },\r\n          \"extensionProfile\": {\r\n            \"extensions\": [\r\n              {\r\n                \"properties\": {\r\n                  \"publisher\": \"Microsoft.Azure.ServiceFabric\",\r\n                  \"type\": \"ServiceFabricNode\",\r\n                  \"typeHandlerVersion\": \"1.0\",\r\n                  \"autoUpgradeMinorVersion\": false,\r\n                  \"settings\": {\r\n                    \"clusterEndpoint\": \"https://warp-test-winfabrp-southcentralus.trafficmanager.net/runtime/clusters/8f025d74-853b-42e2-9f64-81497c0778ed\",\r\n                    \"nodeTypeRef\": \"nt1vm\",\r\n                    \"dataPath\": \"D:\\\\\\\\SvcFab\",\r\n                    \"durabilityLevel\": \"Bronze\",\r\n                    \"nicPrefixOverride\": \"10.0.0.0/24\",\r\n                    \"certificate\": {\r\n                      \"thumbprint\": \"7870EF2BA976B108E97F90FC9E8B5E3D22ED7748\",\r\n                      \"x509StoreName\": \"My\"\r\n                    },\r\n                    \"certificateSecondary\": {\r\n                      \"thumbprint\": \"2394F562BF05258059FE32C0D7C63024EAD13096\",\r\n                      \"x509StoreName\": \"my\"\r\n                    }\r\n                  }\r\n                },\r\n                \"name\": \"ServiceFabricNodeVmExt_vmNodeType0Name\"\r\n              },\r\n              {\r\n                \"properties\": {\r\n                  \"publisher\": \"Microsoft.Azure.Diagnostics\",\r\n                  \"type\": \"IaaSDiagnostics\",\r\n                  \"typeHandlerVersion\": \"1.5\",\r\n                  \"autoUpgradeMinorVersion\": true,\r\n                  \"settings\": {\r\n                    \"WadCfg\": {\r\n                      \"DiagnosticMonitorConfiguration\": {\r\n                        \"overallQuotaInMB\": \"50000\",\r\n                        \"EtwProviders\": {\r\n                          \"EtwEventSourceProviderConfiguration\": [\r\n                            {\r\n                              \"provider\": \"Microsoft-ServiceFabric-Actors\",\r\n                              \"scheduledTransferKeywordFilter\": \"1\",\r\n                              \"scheduledTransferPeriod\": \"PT5M\",\r\n                              \"DefaultEvents\": {\r\n                                \"eventDestination\": \"ServiceFabricReliableActorEventTable\"\r\n                              }\r\n                            },\r\n                            {\r\n                              \"provider\": \"Microsoft-ServiceFabric-Services\",\r\n                              \"scheduledTransferPeriod\": \"PT5M\",\r\n                              \"DefaultEvents\": {\r\n                                \"eventDestination\": \"ServiceFabricReliableServiceEventTable\"\r\n                              }\r\n                            }\r\n                          ],\r\n                          \"EtwManifestProviderConfiguration\": [\r\n                            {\r\n                              \"provider\": \"cbd93bc2-71e5-4566-b3a7-595d8eeca6e8\",\r\n                              \"scheduledTransferLogLevelFilter\": \"Information\",\r\n                              \"scheduledTransferKeywordFilter\": \"4611686018427387904\",\r\n                              \"scheduledTransferPeriod\": \"PT5M\",\r\n                              \"DefaultEvents\": {\r\n                                \"eventDestination\": \"ServiceFabricSystemEventTable\"\r\n                              }\r\n                            }\r\n                          ]\r\n                        }\r\n                      }\r\n                    },\r\n                    \"StorageAccount\": \"pyaiewshwwfa43\"\r\n                  }\r\n                },\r\n                \"name\": \"VMDiagnosticsVmExt_vmNodeType0Name\"\r\n              }\r\n            ]\r\n          }\r\n        },\r\n        \"provisioningState\": \"Succeeded\",\r\n        \"overprovision\": false,\r\n        \"uniqueId\": \"fba2b0cc-a78a-4de3-8bb7-1612862371e5\"\r\n      },\r\n      \"type\": \"Microsoft.Compute/virtualMachineScaleSets\",\r\n      \"location\": \"southcentralus\",\r\n      \"tags\": {\r\n        \"resourceType\": \"Service Fabric\",\r\n        \"clusterName\": \"ps1cluster\"\r\n      },\r\n      \"id\": \"/subscriptions/b36cdf46-b75d-4dc2-9fe1-1296ee8c623d/resourceGroups/ps1cluster/providers/Microsoft.Compute/virtualMachineScaleSets/nt1vm\",\r\n      \"name\": \"nt1vm\"\r\n    }\r\n  ]\r\n}",
      "ResponseHeaders": {
        "Content-Length": [
          "11569"
        ],
        "Content-Type": [
          "application/json; charset=utf-8"
        ],
        "Expires": [
          "-1"
        ],
        "Pragma": [
          "no-cache"
        ],
        "Strict-Transport-Security": [
          "max-age=31536000; includeSubDomains"
        ],
        "x-ms-served-by": [
          "21342711-3fe4-472c-9e3e-64c224a8ae1e_131332981730559549"
        ],
        "x-ms-request-id": [
          "5242bb0d-fe08-48b9-87ee-e707c11e6463"
        ],
        "Cache-Control": [
          "no-cache"
        ],
        "Server": [
          "Microsoft-HTTPAPI/2.0",
          "Microsoft-HTTPAPI/2.0"
        ],
        "x-ms-ratelimit-remaining-subscription-reads": [
          "14934"
        ],
        "x-ms-correlation-request-id": [
          "c1e2d35a-07c2-46b2-b4b5-cd46121f51bd"
        ],
        "x-ms-routing-request-id": [
          "WESTUS2:20170426T165644Z:c1e2d35a-07c2-46b2-b4b5-cd46121f51bd"
        ],
        "Date": [
          "Wed, 26 Apr 2017 16:56:44 GMT"
        ]
      },
      "StatusCode": 200
    }
  ],
  "Names": {},
  "Variables": {
    "SubscriptionId": "b36cdf46-b75d-4dc2-9fe1-1296ee8c623d",
    "User": "06c05d48-5b15-4e10-a47f-005ba1ea40d4",
    "TenantId": "72f988bf-86f1-41af-91ab-2d7cd011db47"
  }
}