{
  "Entries": [
    {
      "RequestUri": "/subscriptions/fb3a3d6b-44c8-44f5-88c9-b20917c9b96b/resourcegroups/onesdk5512?api-version=2016-02-01",
      "EncodedRequestUri": "L3N1YnNjcmlwdGlvbnMvZmIzYTNkNmItNDRjOC00NGY1LTg4YzktYjIwOTE3YzliOTZiL3Jlc291cmNlZ3JvdXBzL29uZXNkazU1MTI/YXBpLXZlcnNpb249MjAxNi0wMi0wMQ==",
      "RequestMethod": "HEAD",
      "RequestBody": "",
      "RequestHeaders": {
        "x-ms-client-request-id": [
          "9e42fd6d-2178-447a-96fa-e22a7819d6e9"
        ],
        "accept-language": [
          "en-US"
        ],
        "User-Agent": [
          "Microsoft.Azure.Management.ResourceManager.ResourceManagementClient/1.0.0.0"
        ]
      },
      "ResponseBody": "",
      "ResponseHeaders": {
        "Content-Length": [
          "102"
        ],
        "Content-Type": [
          "application/json; charset=utf-8"
        ],
        "Expires": [
          "-1"
        ],
        "Pragma": [
          "no-cache"
        ],
        "x-ms-failure-cause": [
          "gateway"
        ],
        "x-ms-ratelimit-remaining-subscription-reads": [
          "14988"
        ],
        "x-ms-request-id": [
          "d9b0cbec-530c-4607-847e-58ca0af42a14"
        ],
        "x-ms-correlation-request-id": [
          "d9b0cbec-530c-4607-847e-58ca0af42a14"
        ],
        "x-ms-routing-request-id": [
          "WESTUS:20160617T044112Z:d9b0cbec-530c-4607-847e-58ca0af42a14"
        ],
        "Strict-Transport-Security": [
          "max-age=31536000; includeSubDomains"
        ],
        "Cache-Control": [
          "no-cache"
        ],
        "Date": [
          "Fri, 17 Jun 2016 04:41:12 GMT"
        ]
      },
      "StatusCode": 404
    },
    {
      "RequestUri": "/subscriptions/fb3a3d6b-44c8-44f5-88c9-b20917c9b96b/resourcegroups/onesdk5512?api-version=2016-02-01",
      "EncodedRequestUri": "L3N1YnNjcmlwdGlvbnMvZmIzYTNkNmItNDRjOC00NGY1LTg4YzktYjIwOTE3YzliOTZiL3Jlc291cmNlZ3JvdXBzL29uZXNkazU1MTI/YXBpLXZlcnNpb249MjAxNi0wMi0wMQ==",
      "RequestMethod": "HEAD",
      "RequestBody": "",
      "RequestHeaders": {
        "x-ms-client-request-id": [
          "cfcd52f5-1e65-49e2-a41f-0bcb9c6388b3"
        ],
        "accept-language": [
          "en-US"
        ],
        "User-Agent": [
          "Microsoft.Azure.Management.ResourceManager.ResourceManagementClient/1.0.0.0"
        ]
      },
      "ResponseBody": "",
      "ResponseHeaders": {
        "Content-Length": [
          "0"
        ],
        "Expires": [
          "-1"
        ],
        "Pragma": [
          "no-cache"
        ],
        "x-ms-ratelimit-remaining-subscription-reads": [
          "14976"
        ],
        "x-ms-request-id": [
          "31420a50-606b-4489-81de-c511e0a33487"
        ],
        "x-ms-correlation-request-id": [
          "31420a50-606b-4489-81de-c511e0a33487"
        ],
        "x-ms-routing-request-id": [
          "WESTUS:20160617T044233Z:31420a50-606b-4489-81de-c511e0a33487"
        ],
        "Strict-Transport-Security": [
          "max-age=31536000; includeSubDomains"
        ],
        "Cache-Control": [
          "no-cache"
        ],
        "Date": [
          "Fri, 17 Jun 2016 04:42:32 GMT"
        ]
      },
      "StatusCode": 204
    },
    {
      "RequestUri": "/subscriptions/fb3a3d6b-44c8-44f5-88c9-b20917c9b96b/resourcegroups/onesdk5512?api-version=2016-02-01",
      "EncodedRequestUri": "L3N1YnNjcmlwdGlvbnMvZmIzYTNkNmItNDRjOC00NGY1LTg4YzktYjIwOTE3YzliOTZiL3Jlc291cmNlZ3JvdXBzL29uZXNkazU1MTI/YXBpLXZlcnNpb249MjAxNi0wMi0wMQ==",
      "RequestMethod": "PUT",
      "RequestBody": "{\r\n  \"location\": \"EastUS\"\r\n}",
      "RequestHeaders": {
        "Content-Type": [
          "application/json; charset=utf-8"
        ],
        "Content-Length": [
          "28"
        ],
        "x-ms-client-request-id": [
          "7bda7b1b-9aae-48d4-b198-7965ba94f222"
        ],
        "accept-language": [
          "en-US"
        ],
        "User-Agent": [
          "Microsoft.Azure.Management.ResourceManager.ResourceManagementClient/1.0.0.0"
        ]
      },
      "ResponseBody": "{\r\n  \"id\": \"/subscriptions/fb3a3d6b-44c8-44f5-88c9-b20917c9b96b/resourceGroups/onesdk5512\",\r\n  \"name\": \"onesdk5512\",\r\n  \"location\": \"eastus\",\r\n  \"properties\": {\r\n    \"provisioningState\": \"Succeeded\"\r\n  }\r\n}",
      "ResponseHeaders": {
        "Content-Length": [
          "173"
        ],
        "Content-Type": [
          "application/json; charset=utf-8"
        ],
        "Expires": [
          "-1"
        ],
        "Pragma": [
          "no-cache"
        ],
        "x-ms-ratelimit-remaining-subscription-writes": [
          "1195"
        ],
        "x-ms-request-id": [
          "ac894610-2d68-43b0-928e-ddf897094b01"
        ],
        "x-ms-correlation-request-id": [
          "ac894610-2d68-43b0-928e-ddf897094b01"
        ],
        "x-ms-routing-request-id": [
          "WESTUS:20160617T044113Z:ac894610-2d68-43b0-928e-ddf897094b01"
        ],
        "Strict-Transport-Security": [
          "max-age=31536000; includeSubDomains"
        ],
        "Cache-Control": [
          "no-cache"
        ],
        "Date": [
          "Fri, 17 Jun 2016 04:41:12 GMT"
        ]
      },
      "StatusCode": 201
    },
    {
      "RequestUri": "/subscriptions/fb3a3d6b-44c8-44f5-88c9-b20917c9b96b/resourcegroups/onesdk5512/providers/Microsoft.Resources/deployments/onesdk7013/validate?api-version=2016-02-01",
      "EncodedRequestUri": "L3N1YnNjcmlwdGlvbnMvZmIzYTNkNmItNDRjOC00NGY1LTg4YzktYjIwOTE3YzliOTZiL3Jlc291cmNlZ3JvdXBzL29uZXNkazU1MTIvcHJvdmlkZXJzL01pY3Jvc29mdC5SZXNvdXJjZXMvZGVwbG95bWVudHMvb25lc2RrNzAxMy92YWxpZGF0ZT9hcGktdmVyc2lvbj0yMDE2LTAyLTAx",
      "RequestMethod": "POST",
      "RequestBody": "{\r\n  \"properties\": {\r\n    \"template\": {\r\n      \"$schema\": \"http://schema.management.azure.com/schemas/2015-01-01/deploymentTemplate.json#\",\r\n      \"contentVersion\": \"1.0.0.0\",\r\n      \"parameters\": {\r\n        \"appSku\": {\r\n          \"type\": \"object\",\r\n          \"allowedValues\": [\r\n            {\r\n              \"code\": \"f1\",\r\n              \"name\": \"Free\"\r\n            },\r\n            {\r\n              \"code\": \"f2\",\r\n              \"name\": \"Shared\"\r\n            },\r\n            {\r\n              \"code\": \"f3\",\r\n              \"name\": {\r\n                \"major\": \"Official\",\r\n                \"minor\": \"1.0\"\r\n              }\r\n            }\r\n          ],\r\n          \"defaultValue\": {\r\n            \"code\": \"f1\",\r\n            \"name\": \"Free\"\r\n          }\r\n        },\r\n        \"servicePlan\": {\r\n          \"type\": \"string\"\r\n        },\r\n        \"ranks\": {\r\n          \"type\": \"array\",\r\n          \"allowedValues\": [\r\n            [\r\n              \"a\",\r\n              \"b\"\r\n            ],\r\n            [\r\n              \"c\",\r\n              \"d\"\r\n            ],\r\n            [\r\n              \"d\",\r\n              \"e\",\r\n              \"f\"\r\n            ]\r\n          ],\r\n          \"defaultValue\": [\r\n            \"a\",\r\n            \"b\"\r\n          ]\r\n        }\r\n      },\r\n      \"variables\": {},\r\n      \"resources\": [\r\n        {\r\n          \"type\": \"Microsoft.Storage/storageAccounts\",\r\n          \"name\": \"[concat('tianotest010', parameters('appSku').code, parameters('ranks')[0])]\",\r\n          \"apiVersion\": \"2015-06-15\",\r\n          \"location\": \"[resourceGroup().location]\",\r\n          \"properties\": {\r\n            \"accountType\": \"Standard_LRS\"\r\n          }\r\n        }\r\n      ],\r\n      \"outputs\": {}\r\n    },\r\n    \"parameters\": {\r\n      \"servicePlan\": {\r\n        \"value\": \"myplan\"\r\n      },\r\n      \"ranks\": {\r\n        \"value\": [\r\n          \"c\",\r\n          \"d\"\r\n        ]\r\n      },\r\n      \"appSku\": {\r\n        \"value\": {\r\n          \"code\": \"f2\",\r\n          \"name\": \"Shared\"\r\n        }\r\n      }\r\n    },\r\n    \"mode\": \"Incremental\"\r\n  }\r\n}",
      "RequestHeaders": {
        "Content-Type": [
          "application/json; charset=utf-8"
        ],
        "Content-Length": [
          "2002"
        ],
        "x-ms-client-request-id": [
          "b8e50adf-2d0b-49c8-84ab-a0df395fd96b"
        ],
        "accept-language": [
          "en-US"
        ],
        "User-Agent": [
          "Microsoft.Azure.Management.ResourceManager.ResourceManagementClient/1.0.0.0"
        ]
      },
      "ResponseBody": "{\r\n  \"id\": \"/subscriptions/fb3a3d6b-44c8-44f5-88c9-b20917c9b96b/resourceGroups/onesdk5512/providers/Microsoft.Resources/deployments/onesdk7013\",\r\n  \"name\": \"onesdk7013\",\r\n  \"properties\": {\r\n    \"parameters\": {\r\n      \"appSku\": {\r\n        \"type\": \"Object\",\r\n        \"value\": {\r\n          \"code\": \"f2\",\r\n          \"name\": \"Shared\"\r\n        }\r\n      },\r\n      \"servicePlan\": {\r\n        \"type\": \"String\",\r\n        \"value\": \"myplan\"\r\n      },\r\n      \"ranks\": {\r\n        \"type\": \"Array\",\r\n        \"value\": [\r\n          \"c\",\r\n          \"d\"\r\n        ]\r\n      }\r\n    },\r\n    \"mode\": \"Incremental\",\r\n    \"provisioningState\": \"Accepted\",\r\n    \"timestamp\": \"2016-06-17T04:41:13.9453199Z\",\r\n    \"duration\": \"PT0S\",\r\n    \"correlationId\": \"a7b3a3a2-2d2b-45b2-9a61-0148d7506da8\",\r\n    \"providers\": [\r\n      {\r\n        \"namespace\": \"Microsoft.Storage\",\r\n        \"resourceTypes\": [\r\n          {\r\n            \"resourceType\": \"storageAccounts\",\r\n            \"locations\": [\r\n              \"eastus\"\r\n            ]\r\n          }\r\n        ]\r\n      }\r\n    ],\r\n    \"dependencies\": [],\r\n    \"validatedResources\": [\r\n      {\r\n        \"apiVersion\": \"2015-06-15\",\r\n        \"id\": \"/subscriptions/fb3a3d6b-44c8-44f5-88c9-b20917c9b96b/resourceGroups/onesdk5512/providers/Microsoft.Storage/storageAccounts/tianotest010f2c\",\r\n        \"name\": \"tianotest010f2c\",\r\n        \"type\": \"Microsoft.Storage/storageAccounts\",\r\n        \"location\": \"eastus\",\r\n        \"properties\": {\r\n          \"accountType\": \"Standard_LRS\"\r\n        }\r\n      }\r\n    ]\r\n  }\r\n}",
      "ResponseHeaders": {
        "Content-Length": [
          "984"
        ],
        "Content-Type": [
          "application/json; charset=utf-8"
        ],
        "Expires": [
          "-1"
        ],
        "Pragma": [
          "no-cache"
        ],
        "x-ms-ratelimit-remaining-subscription-writes": [
          "1194"
        ],
        "x-ms-request-id": [
          "a7b3a3a2-2d2b-45b2-9a61-0148d7506da8"
        ],
        "x-ms-correlation-request-id": [
          "a7b3a3a2-2d2b-45b2-9a61-0148d7506da8"
        ],
        "x-ms-routing-request-id": [
          "WESTUS:20160617T044114Z:a7b3a3a2-2d2b-45b2-9a61-0148d7506da8"
        ],
        "Strict-Transport-Security": [
          "max-age=31536000; includeSubDomains"
        ],
        "Cache-Control": [
          "no-cache"
        ],
        "Date": [
          "Fri, 17 Jun 2016 04:41:13 GMT"
        ]
      },
      "StatusCode": 200
    },
    {
      "RequestUri": "/subscriptions/fb3a3d6b-44c8-44f5-88c9-b20917c9b96b/resourcegroups/onesdk5512/providers/Microsoft.Resources/deployments/onesdk7013?api-version=2016-02-01",
      "EncodedRequestUri": "L3N1YnNjcmlwdGlvbnMvZmIzYTNkNmItNDRjOC00NGY1LTg4YzktYjIwOTE3YzliOTZiL3Jlc291cmNlZ3JvdXBzL29uZXNkazU1MTIvcHJvdmlkZXJzL01pY3Jvc29mdC5SZXNvdXJjZXMvZGVwbG95bWVudHMvb25lc2RrNzAxMz9hcGktdmVyc2lvbj0yMDE2LTAyLTAx",
      "RequestMethod": "PUT",
      "RequestBody": "{\r\n  \"properties\": {\r\n    \"template\": {\r\n      \"$schema\": \"http://schema.management.azure.com/schemas/2015-01-01/deploymentTemplate.json#\",\r\n      \"contentVersion\": \"1.0.0.0\",\r\n      \"parameters\": {\r\n        \"appSku\": {\r\n          \"type\": \"object\",\r\n          \"allowedValues\": [\r\n            {\r\n              \"code\": \"f1\",\r\n              \"name\": \"Free\"\r\n            },\r\n            {\r\n              \"code\": \"f2\",\r\n              \"name\": \"Shared\"\r\n            },\r\n            {\r\n              \"code\": \"f3\",\r\n              \"name\": {\r\n                \"major\": \"Official\",\r\n                \"minor\": \"1.0\"\r\n              }\r\n            }\r\n          ],\r\n          \"defaultValue\": {\r\n            \"code\": \"f1\",\r\n            \"name\": \"Free\"\r\n          }\r\n        },\r\n        \"servicePlan\": {\r\n          \"type\": \"string\"\r\n        },\r\n        \"ranks\": {\r\n          \"type\": \"array\",\r\n          \"allowedValues\": [\r\n            [\r\n              \"a\",\r\n              \"b\"\r\n            ],\r\n            [\r\n              \"c\",\r\n              \"d\"\r\n            ],\r\n            [\r\n              \"d\",\r\n              \"e\",\r\n              \"f\"\r\n            ]\r\n          ],\r\n          \"defaultValue\": [\r\n            \"a\",\r\n            \"b\"\r\n          ]\r\n        }\r\n      },\r\n      \"variables\": {},\r\n      \"resources\": [\r\n        {\r\n          \"type\": \"Microsoft.Storage/storageAccounts\",\r\n          \"name\": \"[concat('tianotest010', parameters('appSku').code, parameters('ranks')[0])]\",\r\n          \"apiVersion\": \"2015-06-15\",\r\n          \"location\": \"[resourceGroup().location]\",\r\n          \"properties\": {\r\n            \"accountType\": \"Standard_LRS\"\r\n          }\r\n        }\r\n      ],\r\n      \"outputs\": {}\r\n    },\r\n    \"parameters\": {\r\n      \"servicePlan\": {\r\n        \"value\": \"myplan\"\r\n      },\r\n      \"ranks\": {\r\n        \"value\": [\r\n          \"c\",\r\n          \"d\"\r\n        ]\r\n      },\r\n      \"appSku\": {\r\n        \"value\": {\r\n          \"code\": \"f2\",\r\n          \"name\": \"Shared\"\r\n        }\r\n      }\r\n    },\r\n    \"mode\": \"Incremental\"\r\n  }\r\n}",
      "RequestHeaders": {
        "Content-Type": [
          "application/json; charset=utf-8"
        ],
        "Content-Length": [
          "2002"
        ],
        "x-ms-client-request-id": [
          "d56cfb35-fbd8-4c95-b4df-474fe9cf14b4"
        ],
        "accept-language": [
          "en-US"
        ],
        "User-Agent": [
          "Microsoft.Azure.Management.ResourceManager.ResourceManagementClient/1.0.0.0"
        ]
      },
      "ResponseBody": "{\r\n  \"id\": \"/subscriptions/fb3a3d6b-44c8-44f5-88c9-b20917c9b96b/resourceGroups/onesdk5512/providers/Microsoft.Resources/deployments/onesdk7013\",\r\n  \"name\": \"onesdk7013\",\r\n  \"properties\": {\r\n    \"parameters\": {\r\n      \"appSku\": {\r\n        \"type\": \"Object\",\r\n        \"value\": {\r\n          \"code\": \"f2\",\r\n          \"name\": \"Shared\"\r\n        }\r\n      },\r\n      \"servicePlan\": {\r\n        \"type\": \"String\",\r\n        \"value\": \"myplan\"\r\n      },\r\n      \"ranks\": {\r\n        \"type\": \"Array\",\r\n        \"value\": [\r\n          \"c\",\r\n          \"d\"\r\n        ]\r\n      }\r\n    },\r\n    \"mode\": \"Incremental\",\r\n    \"provisioningState\": \"Accepted\",\r\n    \"timestamp\": \"2016-06-17T04:41:15.137852Z\",\r\n    \"duration\": \"PT0.6315304S\",\r\n    \"correlationId\": \"b19325ae-50d8-4521-b488-99062f53d11a\",\r\n    \"providers\": [\r\n      {\r\n        \"namespace\": \"Microsoft.Storage\",\r\n        \"resourceTypes\": [\r\n          {\r\n            \"resourceType\": \"storageAccounts\",\r\n            \"locations\": [\r\n              \"eastus\"\r\n            ]\r\n          }\r\n        ]\r\n      }\r\n    ],\r\n    \"dependencies\": []\r\n  }\r\n}",
      "ResponseHeaders": {
        "Content-Length": [
          "663"
        ],
        "Content-Type": [
          "application/json; charset=utf-8"
        ],
        "Expires": [
          "-1"
        ],
        "Pragma": [
          "no-cache"
        ],
        "Azure-AsyncOperation": [
          "https://management.azure.com/subscriptions/fb3a3d6b-44c8-44f5-88c9-b20917c9b96b/resourcegroups/onesdk5512/providers/Microsoft.Resources/deployments/onesdk7013/operationStatuses/08587354684109713036?api-version=2016-02-01"
        ],
        "x-ms-ratelimit-remaining-subscription-writes": [
          "1193"
        ],
        "x-ms-request-id": [
          "b19325ae-50d8-4521-b488-99062f53d11a"
        ],
        "x-ms-correlation-request-id": [
          "b19325ae-50d8-4521-b488-99062f53d11a"
        ],
        "x-ms-routing-request-id": [
          "WESTUS:20160617T044115Z:b19325ae-50d8-4521-b488-99062f53d11a"
        ],
        "Strict-Transport-Security": [
          "max-age=31536000; includeSubDomains"
        ],
        "Cache-Control": [
          "no-cache"
        ],
        "Date": [
          "Fri, 17 Jun 2016 04:41:14 GMT"
        ]
      },
      "StatusCode": 201
    },
    {
      "RequestUri": "/subscriptions/fb3a3d6b-44c8-44f5-88c9-b20917c9b96b/resourcegroups/onesdk5512/deployments/onesdk7013/operations?api-version=2016-02-01",
      "EncodedRequestUri": "L3N1YnNjcmlwdGlvbnMvZmIzYTNkNmItNDRjOC00NGY1LTg4YzktYjIwOTE3YzliOTZiL3Jlc291cmNlZ3JvdXBzL29uZXNkazU1MTIvZGVwbG95bWVudHMvb25lc2RrNzAxMy9vcGVyYXRpb25zP2FwaS12ZXJzaW9uPTIwMTYtMDItMDE=",
      "RequestMethod": "GET",
      "RequestBody": "",
      "RequestHeaders": {
        "x-ms-client-request-id": [
          "3240c898-c6fa-4177-9573-2c1871c3b832"
        ],
        "accept-language": [
          "en-US"
        ],
        "User-Agent": [
          "Microsoft.Azure.Management.ResourceManager.ResourceManagementClient/1.0.0.0"
        ]
      },
      "ResponseBody": "{\r\n  \"value\": [\r\n    {\r\n      \"id\": \"/subscriptions/fb3a3d6b-44c8-44f5-88c9-b20917c9b96b/resourceGroups/onesdk5512/providers/Microsoft.Resources/deployments/onesdk7013/operations/8D52E225E330DBA7\",\r\n      \"operationId\": \"8D52E225E330DBA7\",\r\n      \"properties\": {\r\n        \"provisioningOperation\": \"Create\",\r\n        \"provisioningState\": \"Running\",\r\n        \"timestamp\": \"2016-06-17T04:41:19.064177Z\",\r\n        \"duration\": \"PT2.8353277S\",\r\n        \"trackingId\": \"3b8c9138-3958-4b7d-b173-9346470ba94a\",\r\n        \"serviceRequestId\": \"b19325ae-50d8-4521-b488-99062f53d11a\",\r\n        \"statusCode\": \"Accepted\",\r\n        \"targetResource\": {\r\n          \"id\": \"/subscriptions/fb3a3d6b-44c8-44f5-88c9-b20917c9b96b/resourceGroups/onesdk5512/providers/Microsoft.Storage/storageAccounts/tianotest010f2c\",\r\n          \"resourceType\": \"Microsoft.Storage/storageAccounts\",\r\n          \"resourceName\": \"tianotest010f2c\"\r\n        }\r\n      }\r\n    }\r\n  ]\r\n}",
      "ResponseHeaders": {
        "Content-Length": [
          "740"
        ],
        "Content-Type": [
          "application/json; charset=utf-8"
        ],
        "Expires": [
          "-1"
        ],
        "Pragma": [
          "no-cache"
        ],
        "x-ms-ratelimit-remaining-subscription-reads": [
          "14987"
        ],
        "x-ms-request-id": [
          "7532c9ad-5577-453c-b44b-d938f8e89594"
        ],
        "x-ms-correlation-request-id": [
          "7532c9ad-5577-453c-b44b-d938f8e89594"
        ],
        "x-ms-routing-request-id": [
          "WESTUS:20160617T044120Z:7532c9ad-5577-453c-b44b-d938f8e89594"
        ],
        "Strict-Transport-Security": [
          "max-age=31536000; includeSubDomains"
        ],
        "Cache-Control": [
          "no-cache"
        ],
        "Date": [
          "Fri, 17 Jun 2016 04:41:20 GMT"
        ]
      },
      "StatusCode": 200
    },
    {
      "RequestUri": "/subscriptions/fb3a3d6b-44c8-44f5-88c9-b20917c9b96b/resourcegroups/onesdk5512/deployments/onesdk7013/operations?api-version=2016-02-01",
      "EncodedRequestUri": "L3N1YnNjcmlwdGlvbnMvZmIzYTNkNmItNDRjOC00NGY1LTg4YzktYjIwOTE3YzliOTZiL3Jlc291cmNlZ3JvdXBzL29uZXNkazU1MTIvZGVwbG95bWVudHMvb25lc2RrNzAxMy9vcGVyYXRpb25zP2FwaS12ZXJzaW9uPTIwMTYtMDItMDE=",
      "RequestMethod": "GET",
      "RequestBody": "",
      "RequestHeaders": {
        "x-ms-client-request-id": [
          "f502ec4b-a78b-4c5c-8fc9-42bcb04feff5"
        ],
        "accept-language": [
          "en-US"
        ],
        "User-Agent": [
          "Microsoft.Azure.Management.ResourceManager.ResourceManagementClient/1.0.0.0"
        ]
      },
      "ResponseBody": "{\r\n  \"value\": [\r\n    {\r\n      \"id\": \"/subscriptions/fb3a3d6b-44c8-44f5-88c9-b20917c9b96b/resourceGroups/onesdk5512/providers/Microsoft.Resources/deployments/onesdk7013/operations/8D52E225E330DBA7\",\r\n      \"operationId\": \"8D52E225E330DBA7\",\r\n      \"properties\": {\r\n        \"provisioningOperation\": \"Create\",\r\n        \"provisioningState\": \"Running\",\r\n        \"timestamp\": \"2016-06-17T04:41:19.064177Z\",\r\n        \"duration\": \"PT2.8353277S\",\r\n        \"trackingId\": \"3b8c9138-3958-4b7d-b173-9346470ba94a\",\r\n        \"serviceRequestId\": \"b19325ae-50d8-4521-b488-99062f53d11a\",\r\n        \"statusCode\": \"Accepted\",\r\n        \"targetResource\": {\r\n          \"id\": \"/subscriptions/fb3a3d6b-44c8-44f5-88c9-b20917c9b96b/resourceGroups/onesdk5512/providers/Microsoft.Storage/storageAccounts/tianotest010f2c\",\r\n          \"resourceType\": \"Microsoft.Storage/storageAccounts\",\r\n          \"resourceName\": \"tianotest010f2c\"\r\n        }\r\n      }\r\n    }\r\n  ]\r\n}",
      "ResponseHeaders": {
        "Content-Length": [
          "740"
        ],
        "Content-Type": [
          "application/json; charset=utf-8"
        ],
        "Expires": [
          "-1"
        ],
        "Pragma": [
          "no-cache"
        ],
        "x-ms-ratelimit-remaining-subscription-reads": [
          "14985"
        ],
        "x-ms-request-id": [
          "cfceb599-fb56-4bd8-a95b-653418851699"
        ],
        "x-ms-correlation-request-id": [
          "cfceb599-fb56-4bd8-a95b-653418851699"
        ],
        "x-ms-routing-request-id": [
          "WESTUS:20160617T044131Z:cfceb599-fb56-4bd8-a95b-653418851699"
        ],
        "Strict-Transport-Security": [
          "max-age=31536000; includeSubDomains"
        ],
        "Cache-Control": [
          "no-cache"
        ],
        "Date": [
          "Fri, 17 Jun 2016 04:41:30 GMT"
        ]
      },
      "StatusCode": 200
    },
    {
      "RequestUri": "/subscriptions/fb3a3d6b-44c8-44f5-88c9-b20917c9b96b/resourcegroups/onesdk5512/deployments/onesdk7013/operations?api-version=2016-02-01",
      "EncodedRequestUri": "L3N1YnNjcmlwdGlvbnMvZmIzYTNkNmItNDRjOC00NGY1LTg4YzktYjIwOTE3YzliOTZiL3Jlc291cmNlZ3JvdXBzL29uZXNkazU1MTIvZGVwbG95bWVudHMvb25lc2RrNzAxMy9vcGVyYXRpb25zP2FwaS12ZXJzaW9uPTIwMTYtMDItMDE=",
      "RequestMethod": "GET",
      "RequestBody": "",
      "RequestHeaders": {
        "x-ms-client-request-id": [
          "3a615e4f-cc9d-4393-bde5-2f91af6b61f7"
        ],
        "accept-language": [
          "en-US"
        ],
        "User-Agent": [
          "Microsoft.Azure.Management.ResourceManager.ResourceManagementClient/1.0.0.0"
        ]
      },
      "ResponseBody": "{\r\n  \"value\": [\r\n    {\r\n      \"id\": \"/subscriptions/fb3a3d6b-44c8-44f5-88c9-b20917c9b96b/resourceGroups/onesdk5512/providers/Microsoft.Resources/deployments/onesdk7013/operations/8D52E225E330DBA7\",\r\n      \"operationId\": \"8D52E225E330DBA7\",\r\n      \"properties\": {\r\n        \"provisioningOperation\": \"Create\",\r\n        \"provisioningState\": \"Running\",\r\n        \"timestamp\": \"2016-06-17T04:41:45.2120539Z\",\r\n        \"duration\": \"PT28.9832046S\",\r\n        \"trackingId\": \"dea6c47b-a9fe-440b-950a-bbb07f28e1a2\",\r\n        \"serviceRequestId\": \"b19325ae-50d8-4521-b488-99062f53d11a\",\r\n        \"statusCode\": \"OK\",\r\n        \"targetResource\": {\r\n          \"id\": \"/subscriptions/fb3a3d6b-44c8-44f5-88c9-b20917c9b96b/resourceGroups/onesdk5512/providers/Microsoft.Storage/storageAccounts/tianotest010f2c\",\r\n          \"resourceType\": \"Microsoft.Storage/storageAccounts\",\r\n          \"resourceName\": \"tianotest010f2c\"\r\n        }\r\n      }\r\n    }\r\n  ]\r\n}",
      "ResponseHeaders": {
        "Content-Length": [
          "736"
        ],
        "Content-Type": [
          "application/json; charset=utf-8"
        ],
        "Expires": [
          "-1"
        ],
        "Pragma": [
          "no-cache"
        ],
        "x-ms-ratelimit-remaining-subscription-reads": [
          "14983"
        ],
        "x-ms-request-id": [
          "4fcde6a3-5f79-4730-865a-58a90ed9182c"
        ],
        "x-ms-correlation-request-id": [
          "4fcde6a3-5f79-4730-865a-58a90ed9182c"
        ],
        "x-ms-routing-request-id": [
          "WESTUS:20160617T044146Z:4fcde6a3-5f79-4730-865a-58a90ed9182c"
        ],
        "Strict-Transport-Security": [
          "max-age=31536000; includeSubDomains"
        ],
        "Cache-Control": [
          "no-cache"
        ],
        "Date": [
          "Fri, 17 Jun 2016 04:41:45 GMT"
        ]
      },
      "StatusCode": 200
    },
    {
      "RequestUri": "/subscriptions/fb3a3d6b-44c8-44f5-88c9-b20917c9b96b/resourcegroups/onesdk5512/deployments/onesdk7013/operations?api-version=2016-02-01",
      "EncodedRequestUri": "L3N1YnNjcmlwdGlvbnMvZmIzYTNkNmItNDRjOC00NGY1LTg4YzktYjIwOTE3YzliOTZiL3Jlc291cmNlZ3JvdXBzL29uZXNkazU1MTIvZGVwbG95bWVudHMvb25lc2RrNzAxMy9vcGVyYXRpb25zP2FwaS12ZXJzaW9uPTIwMTYtMDItMDE=",
      "RequestMethod": "GET",
      "RequestBody": "",
      "RequestHeaders": {
        "x-ms-client-request-id": [
          "3760763a-1f2c-4885-8f01-bce27bf2dfd4"
        ],
        "accept-language": [
          "en-US"
        ],
        "User-Agent": [
          "Microsoft.Azure.Management.ResourceManager.ResourceManagementClient/1.0.0.0"
        ]
      },
      "ResponseBody": "{\r\n  \"value\": [\r\n    {\r\n      \"id\": \"/subscriptions/fb3a3d6b-44c8-44f5-88c9-b20917c9b96b/resourceGroups/onesdk5512/providers/Microsoft.Resources/deployments/onesdk7013/operations/8D52E225E330DBA7\",\r\n      \"operationId\": \"8D52E225E330DBA7\",\r\n      \"properties\": {\r\n        \"provisioningOperation\": \"Create\",\r\n        \"provisioningState\": \"Running\",\r\n        \"timestamp\": \"2016-06-17T04:42:04.4644027Z\",\r\n        \"duration\": \"PT48.2355534S\",\r\n        \"trackingId\": \"30a3cdb4-67f3-4814-a872-ec242c691802\",\r\n        \"serviceRequestId\": \"b19325ae-50d8-4521-b488-99062f53d11a\",\r\n        \"statusCode\": \"OK\",\r\n        \"targetResource\": {\r\n          \"id\": \"/subscriptions/fb3a3d6b-44c8-44f5-88c9-b20917c9b96b/resourceGroups/onesdk5512/providers/Microsoft.Storage/storageAccounts/tianotest010f2c\",\r\n          \"resourceType\": \"Microsoft.Storage/storageAccounts\",\r\n          \"resourceName\": \"tianotest010f2c\"\r\n        }\r\n      }\r\n    }\r\n  ]\r\n}",
      "ResponseHeaders": {
        "Content-Length": [
          "736"
        ],
        "Content-Type": [
          "application/json; charset=utf-8"
        ],
        "Expires": [
          "-1"
        ],
        "Pragma": [
          "no-cache"
        ],
        "x-ms-ratelimit-remaining-subscription-reads": [
          "14981"
        ],
        "x-ms-request-id": [
          "36699d15-a53f-4f47-b4d8-30e0892939bf"
        ],
        "x-ms-correlation-request-id": [
          "36699d15-a53f-4f47-b4d8-30e0892939bf"
        ],
        "x-ms-routing-request-id": [
          "WESTUS:20160617T044207Z:36699d15-a53f-4f47-b4d8-30e0892939bf"
        ],
        "Strict-Transport-Security": [
          "max-age=31536000; includeSubDomains"
        ],
        "Cache-Control": [
          "no-cache"
        ],
        "Date": [
          "Fri, 17 Jun 2016 04:42:06 GMT"
        ]
      },
      "StatusCode": 200
    },
    {
      "RequestUri": "/subscriptions/fb3a3d6b-44c8-44f5-88c9-b20917c9b96b/resourcegroups/onesdk5512/deployments/onesdk7013/operations?api-version=2016-02-01",
      "EncodedRequestUri": "L3N1YnNjcmlwdGlvbnMvZmIzYTNkNmItNDRjOC00NGY1LTg4YzktYjIwOTE3YzliOTZiL3Jlc291cmNlZ3JvdXBzL29uZXNkazU1MTIvZGVwbG95bWVudHMvb25lc2RrNzAxMy9vcGVyYXRpb25zP2FwaS12ZXJzaW9uPTIwMTYtMDItMDE=",
      "RequestMethod": "GET",
      "RequestBody": "",
      "RequestHeaders": {
        "x-ms-client-request-id": [
          "27f474a8-7a9b-458b-931c-06f1cb9df86a"
        ],
        "accept-language": [
          "en-US"
        ],
        "User-Agent": [
          "Microsoft.Azure.Management.ResourceManager.ResourceManagementClient/1.0.0.0"
        ]
      },
      "ResponseBody": "{\r\n  \"value\": [\r\n    {\r\n      \"id\": \"/subscriptions/fb3a3d6b-44c8-44f5-88c9-b20917c9b96b/resourceGroups/onesdk5512/providers/Microsoft.Resources/deployments/onesdk7013/operations/8D52E225E330DBA7\",\r\n      \"operationId\": \"8D52E225E330DBA7\",\r\n      \"properties\": {\r\n        \"provisioningOperation\": \"Create\",\r\n        \"provisioningState\": \"Succeeded\",\r\n        \"timestamp\": \"2016-06-17T04:42:10.7503871Z\",\r\n        \"duration\": \"PT54.5215378S\",\r\n        \"trackingId\": \"b6b7d49d-c1af-4b35-b853-d075867ea651\",\r\n        \"serviceRequestId\": \"b19325ae-50d8-4521-b488-99062f53d11a\",\r\n        \"statusCode\": \"OK\",\r\n        \"targetResource\": {\r\n          \"id\": \"/subscriptions/fb3a3d6b-44c8-44f5-88c9-b20917c9b96b/resourceGroups/onesdk5512/providers/Microsoft.Storage/storageAccounts/tianotest010f2c\",\r\n          \"resourceType\": \"Microsoft.Storage/storageAccounts\",\r\n          \"resourceName\": \"tianotest010f2c\"\r\n        }\r\n      }\r\n    },\r\n    {\r\n      \"id\": \"/subscriptions/fb3a3d6b-44c8-44f5-88c9-b20917c9b96b/resourceGroups/onesdk5512/providers/Microsoft.Resources/deployments/onesdk7013/operations/08587354684109713036\",\r\n      \"operationId\": \"08587354684109713036\",\r\n      \"properties\": {\r\n        \"provisioningOperation\": \"EvaluateDeploymentOutput\",\r\n        \"provisioningState\": \"Succeeded\",\r\n        \"timestamp\": \"2016-06-17T04:42:10.9697015Z\",\r\n        \"duration\": \"PT0.1496542S\",\r\n        \"trackingId\": \"a4cef25f-c052-4766-916a-631b081d50e6\",\r\n        \"statusCode\": \"OK\",\r\n        \"statusMessage\": null\r\n      }\r\n    }\r\n  ]\r\n}",
      "ResponseHeaders": {
        "Content-Length": [
          "1205"
        ],
        "Content-Type": [
          "application/json; charset=utf-8"
        ],
        "Expires": [
          "-1"
        ],
        "Pragma": [
          "no-cache"
        ],
        "x-ms-ratelimit-remaining-subscription-reads": [
          "14979"
        ],
        "x-ms-request-id": [
          "dc8b4e13-56c1-43a6-9628-523e6a5088d1"
        ],
        "x-ms-correlation-request-id": [
          "dc8b4e13-56c1-43a6-9628-523e6a5088d1"
        ],
        "x-ms-routing-request-id": [
          "WESTUS:20160617T044232Z:dc8b4e13-56c1-43a6-9628-523e6a5088d1"
        ],
        "Strict-Transport-Security": [
          "max-age=31536000; includeSubDomains"
        ],
        "Cache-Control": [
          "no-cache"
        ],
        "Date": [
          "Fri, 17 Jun 2016 04:42:32 GMT"
        ]
      },
      "StatusCode": 200
    },
    {
      "RequestUri": "/subscriptions/fb3a3d6b-44c8-44f5-88c9-b20917c9b96b/resourcegroups/onesdk5512/providers/Microsoft.Resources/deployments/onesdk7013?api-version=2016-02-01",
      "EncodedRequestUri": "L3N1YnNjcmlwdGlvbnMvZmIzYTNkNmItNDRjOC00NGY1LTg4YzktYjIwOTE3YzliOTZiL3Jlc291cmNlZ3JvdXBzL29uZXNkazU1MTIvcHJvdmlkZXJzL01pY3Jvc29mdC5SZXNvdXJjZXMvZGVwbG95bWVudHMvb25lc2RrNzAxMz9hcGktdmVyc2lvbj0yMDE2LTAyLTAx",
      "RequestMethod": "GET",
      "RequestBody": "",
      "RequestHeaders": {
        "x-ms-client-request-id": [
          "3956a0b1-21c4-4c4d-9038-f9cb6aa811b0"
        ],
        "accept-language": [
          "en-US"
        ],
        "User-Agent": [
          "Microsoft.Azure.Management.ResourceManager.ResourceManagementClient/1.0.0.0"
        ]
      },
      "ResponseBody": "{\r\n  \"id\": \"/subscriptions/fb3a3d6b-44c8-44f5-88c9-b20917c9b96b/resourceGroups/onesdk5512/providers/Microsoft.Resources/deployments/onesdk7013\",\r\n  \"name\": \"onesdk7013\",\r\n  \"properties\": {\r\n    \"parameters\": {\r\n      \"appSku\": {\r\n        \"type\": \"Object\",\r\n        \"value\": {\r\n          \"code\": \"f2\",\r\n          \"name\": \"Shared\"\r\n        }\r\n      },\r\n      \"servicePlan\": {\r\n        \"type\": \"String\",\r\n        \"value\": \"myplan\"\r\n      },\r\n      \"ranks\": {\r\n        \"type\": \"Array\",\r\n        \"value\": [\r\n          \"c\",\r\n          \"d\"\r\n        ]\r\n      }\r\n    },\r\n    \"mode\": \"Incremental\",\r\n    \"provisioningState\": \"Running\",\r\n    \"timestamp\": \"2016-06-17T04:41:16.1084807Z\",\r\n    \"duration\": \"PT1.6021591S\",\r\n    \"correlationId\": \"b19325ae-50d8-4521-b488-99062f53d11a\",\r\n    \"providers\": [\r\n      {\r\n        \"namespace\": \"Microsoft.Storage\",\r\n        \"resourceTypes\": [\r\n          {\r\n            \"resourceType\": \"storageAccounts\",\r\n            \"locations\": [\r\n              \"eastus\"\r\n            ]\r\n          }\r\n        ]\r\n      }\r\n    ],\r\n    \"dependencies\": []\r\n  }\r\n}",
      "ResponseHeaders": {
        "Content-Length": [
          "663"
        ],
        "Content-Type": [
          "application/json; charset=utf-8"
        ],
        "Expires": [
          "-1"
        ],
        "Pragma": [
          "no-cache"
        ],
        "x-ms-ratelimit-remaining-subscription-reads": [
          "14986"
        ],
        "x-ms-request-id": [
          "af34f35b-faf8-464f-ab63-d5af372b4819"
        ],
        "x-ms-correlation-request-id": [
          "af34f35b-faf8-464f-ab63-d5af372b4819"
        ],
        "x-ms-routing-request-id": [
          "WESTUS:20160617T044120Z:af34f35b-faf8-464f-ab63-d5af372b4819"
        ],
        "Strict-Transport-Security": [
          "max-age=31536000; includeSubDomains"
        ],
        "Cache-Control": [
          "no-cache"
        ],
        "Date": [
          "Fri, 17 Jun 2016 04:41:20 GMT"
        ]
      },
      "StatusCode": 200
    },
    {
      "RequestUri": "/subscriptions/fb3a3d6b-44c8-44f5-88c9-b20917c9b96b/resourcegroups/onesdk5512/providers/Microsoft.Resources/deployments/onesdk7013?api-version=2016-02-01",
      "EncodedRequestUri": "L3N1YnNjcmlwdGlvbnMvZmIzYTNkNmItNDRjOC00NGY1LTg4YzktYjIwOTE3YzliOTZiL3Jlc291cmNlZ3JvdXBzL29uZXNkazU1MTIvcHJvdmlkZXJzL01pY3Jvc29mdC5SZXNvdXJjZXMvZGVwbG95bWVudHMvb25lc2RrNzAxMz9hcGktdmVyc2lvbj0yMDE2LTAyLTAx",
      "RequestMethod": "GET",
      "RequestBody": "",
      "RequestHeaders": {
        "x-ms-client-request-id": [
          "02f9eee2-45b6-481d-ab8c-0014cdfc9307"
        ],
        "accept-language": [
          "en-US"
        ],
        "User-Agent": [
          "Microsoft.Azure.Management.ResourceManager.ResourceManagementClient/1.0.0.0"
        ]
      },
      "ResponseBody": "{\r\n  \"id\": \"/subscriptions/fb3a3d6b-44c8-44f5-88c9-b20917c9b96b/resourceGroups/onesdk5512/providers/Microsoft.Resources/deployments/onesdk7013\",\r\n  \"name\": \"onesdk7013\",\r\n  \"properties\": {\r\n    \"parameters\": {\r\n      \"appSku\": {\r\n        \"type\": \"Object\",\r\n        \"value\": {\r\n          \"code\": \"f2\",\r\n          \"name\": \"Shared\"\r\n        }\r\n      },\r\n      \"servicePlan\": {\r\n        \"type\": \"String\",\r\n        \"value\": \"myplan\"\r\n      },\r\n      \"ranks\": {\r\n        \"type\": \"Array\",\r\n        \"value\": [\r\n          \"c\",\r\n          \"d\"\r\n        ]\r\n      }\r\n    },\r\n    \"mode\": \"Incremental\",\r\n    \"provisioningState\": \"Running\",\r\n    \"timestamp\": \"2016-06-17T04:41:16.1084807Z\",\r\n    \"duration\": \"PT1.6021591S\",\r\n    \"correlationId\": \"b19325ae-50d8-4521-b488-99062f53d11a\",\r\n    \"providers\": [\r\n      {\r\n        \"namespace\": \"Microsoft.Storage\",\r\n        \"resourceTypes\": [\r\n          {\r\n            \"resourceType\": \"storageAccounts\",\r\n            \"locations\": [\r\n              \"eastus\"\r\n            ]\r\n          }\r\n        ]\r\n      }\r\n    ],\r\n    \"dependencies\": []\r\n  }\r\n}",
      "ResponseHeaders": {
        "Content-Length": [
          "663"
        ],
        "Content-Type": [
          "application/json; charset=utf-8"
        ],
        "Expires": [
          "-1"
        ],
        "Pragma": [
          "no-cache"
        ],
        "x-ms-ratelimit-remaining-subscription-reads": [
          "14984"
        ],
        "x-ms-request-id": [
          "bcc5c33e-d3c7-4bf3-a8bf-dc5ae523ebd0"
        ],
        "x-ms-correlation-request-id": [
          "bcc5c33e-d3c7-4bf3-a8bf-dc5ae523ebd0"
        ],
        "x-ms-routing-request-id": [
          "WESTUS:20160617T044131Z:bcc5c33e-d3c7-4bf3-a8bf-dc5ae523ebd0"
        ],
        "Strict-Transport-Security": [
          "max-age=31536000; includeSubDomains"
        ],
        "Cache-Control": [
          "no-cache"
        ],
        "Date": [
          "Fri, 17 Jun 2016 04:41:30 GMT"
        ]
      },
      "StatusCode": 200
    },
    {
      "RequestUri": "/subscriptions/fb3a3d6b-44c8-44f5-88c9-b20917c9b96b/resourcegroups/onesdk5512/providers/Microsoft.Resources/deployments/onesdk7013?api-version=2016-02-01",
      "EncodedRequestUri": "L3N1YnNjcmlwdGlvbnMvZmIzYTNkNmItNDRjOC00NGY1LTg4YzktYjIwOTE3YzliOTZiL3Jlc291cmNlZ3JvdXBzL29uZXNkazU1MTIvcHJvdmlkZXJzL01pY3Jvc29mdC5SZXNvdXJjZXMvZGVwbG95bWVudHMvb25lc2RrNzAxMz9hcGktdmVyc2lvbj0yMDE2LTAyLTAx",
      "RequestMethod": "GET",
      "RequestBody": "",
      "RequestHeaders": {
        "x-ms-client-request-id": [
          "d359fa1c-d3ca-4d63-a889-beb5febdc848"
        ],
        "accept-language": [
          "en-US"
        ],
        "User-Agent": [
          "Microsoft.Azure.Management.ResourceManager.ResourceManagementClient/1.0.0.0"
        ]
      },
      "ResponseBody": "{\r\n  \"id\": \"/subscriptions/fb3a3d6b-44c8-44f5-88c9-b20917c9b96b/resourceGroups/onesdk5512/providers/Microsoft.Resources/deployments/onesdk7013\",\r\n  \"name\": \"onesdk7013\",\r\n  \"properties\": {\r\n    \"parameters\": {\r\n      \"appSku\": {\r\n        \"type\": \"Object\",\r\n        \"value\": {\r\n          \"code\": \"f2\",\r\n          \"name\": \"Shared\"\r\n        }\r\n      },\r\n      \"servicePlan\": {\r\n        \"type\": \"String\",\r\n        \"value\": \"myplan\"\r\n      },\r\n      \"ranks\": {\r\n        \"type\": \"Array\",\r\n        \"value\": [\r\n          \"c\",\r\n          \"d\"\r\n        ]\r\n      }\r\n    },\r\n    \"mode\": \"Incremental\",\r\n    \"provisioningState\": \"Running\",\r\n    \"timestamp\": \"2016-06-17T04:41:16.1084807Z\",\r\n    \"duration\": \"PT1.6021591S\",\r\n    \"correlationId\": \"b19325ae-50d8-4521-b488-99062f53d11a\",\r\n    \"providers\": [\r\n      {\r\n        \"namespace\": \"Microsoft.Storage\",\r\n        \"resourceTypes\": [\r\n          {\r\n            \"resourceType\": \"storageAccounts\",\r\n            \"locations\": [\r\n              \"eastus\"\r\n            ]\r\n          }\r\n        ]\r\n      }\r\n    ],\r\n    \"dependencies\": []\r\n  }\r\n}",
      "ResponseHeaders": {
        "Content-Length": [
          "663"
        ],
        "Content-Type": [
          "application/json; charset=utf-8"
        ],
        "Expires": [
          "-1"
        ],
        "Pragma": [
          "no-cache"
        ],
        "x-ms-ratelimit-remaining-subscription-reads": [
          "14982"
        ],
        "x-ms-request-id": [
          "2d97f5fe-f314-4967-bc0c-0d1bf668b51b"
        ],
        "x-ms-correlation-request-id": [
          "2d97f5fe-f314-4967-bc0c-0d1bf668b51b"
        ],
        "x-ms-routing-request-id": [
          "WESTUS:20160617T044146Z:2d97f5fe-f314-4967-bc0c-0d1bf668b51b"
        ],
        "Strict-Transport-Security": [
          "max-age=31536000; includeSubDomains"
        ],
        "Cache-Control": [
          "no-cache"
        ],
        "Date": [
          "Fri, 17 Jun 2016 04:41:45 GMT"
        ]
      },
      "StatusCode": 200
    },
    {
      "RequestUri": "/subscriptions/fb3a3d6b-44c8-44f5-88c9-b20917c9b96b/resourcegroups/onesdk5512/providers/Microsoft.Resources/deployments/onesdk7013?api-version=2016-02-01",
      "EncodedRequestUri": "L3N1YnNjcmlwdGlvbnMvZmIzYTNkNmItNDRjOC00NGY1LTg4YzktYjIwOTE3YzliOTZiL3Jlc291cmNlZ3JvdXBzL29uZXNkazU1MTIvcHJvdmlkZXJzL01pY3Jvc29mdC5SZXNvdXJjZXMvZGVwbG95bWVudHMvb25lc2RrNzAxMz9hcGktdmVyc2lvbj0yMDE2LTAyLTAx",
      "RequestMethod": "GET",
      "RequestBody": "",
      "RequestHeaders": {
        "x-ms-client-request-id": [
          "979dcdac-5fa9-4fde-b0c1-2029f4528f22"
        ],
        "accept-language": [
          "en-US"
        ],
        "User-Agent": [
          "Microsoft.Azure.Management.ResourceManager.ResourceManagementClient/1.0.0.0"
        ]
      },
      "ResponseBody": "{\r\n  \"id\": \"/subscriptions/fb3a3d6b-44c8-44f5-88c9-b20917c9b96b/resourceGroups/onesdk5512/providers/Microsoft.Resources/deployments/onesdk7013\",\r\n  \"name\": \"onesdk7013\",\r\n  \"properties\": {\r\n    \"parameters\": {\r\n      \"appSku\": {\r\n        \"type\": \"Object\",\r\n        \"value\": {\r\n          \"code\": \"f2\",\r\n          \"name\": \"Shared\"\r\n        }\r\n      },\r\n      \"servicePlan\": {\r\n        \"type\": \"String\",\r\n        \"value\": \"myplan\"\r\n      },\r\n      \"ranks\": {\r\n        \"type\": \"Array\",\r\n        \"value\": [\r\n          \"c\",\r\n          \"d\"\r\n        ]\r\n      }\r\n    },\r\n    \"mode\": \"Incremental\",\r\n    \"provisioningState\": \"Running\",\r\n    \"timestamp\": \"2016-06-17T04:41:16.1084807Z\",\r\n    \"duration\": \"PT1.6021591S\",\r\n    \"correlationId\": \"b19325ae-50d8-4521-b488-99062f53d11a\",\r\n    \"providers\": [\r\n      {\r\n        \"namespace\": \"Microsoft.Storage\",\r\n        \"resourceTypes\": [\r\n          {\r\n            \"resourceType\": \"storageAccounts\",\r\n            \"locations\": [\r\n              \"eastus\"\r\n            ]\r\n          }\r\n        ]\r\n      }\r\n    ],\r\n    \"dependencies\": []\r\n  }\r\n}",
      "ResponseHeaders": {
        "Content-Length": [
          "663"
        ],
        "Content-Type": [
          "application/json; charset=utf-8"
        ],
        "Expires": [
          "-1"
        ],
        "Pragma": [
          "no-cache"
        ],
        "x-ms-ratelimit-remaining-subscription-reads": [
          "14980"
        ],
        "x-ms-request-id": [
          "f1c99df0-fb9c-4b4b-a376-ec4dff55abf0"
        ],
        "x-ms-correlation-request-id": [
          "f1c99df0-fb9c-4b4b-a376-ec4dff55abf0"
        ],
        "x-ms-routing-request-id": [
          "WESTUS:20160617T044207Z:f1c99df0-fb9c-4b4b-a376-ec4dff55abf0"
        ],
        "Strict-Transport-Security": [
          "max-age=31536000; includeSubDomains"
        ],
        "Cache-Control": [
          "no-cache"
        ],
        "Date": [
          "Fri, 17 Jun 2016 04:42:06 GMT"
        ]
      },
      "StatusCode": 200
    },
    {
      "RequestUri": "/subscriptions/fb3a3d6b-44c8-44f5-88c9-b20917c9b96b/resourcegroups/onesdk5512/providers/Microsoft.Resources/deployments/onesdk7013?api-version=2016-02-01",
      "EncodedRequestUri": "L3N1YnNjcmlwdGlvbnMvZmIzYTNkNmItNDRjOC00NGY1LTg4YzktYjIwOTE3YzliOTZiL3Jlc291cmNlZ3JvdXBzL29uZXNkazU1MTIvcHJvdmlkZXJzL01pY3Jvc29mdC5SZXNvdXJjZXMvZGVwbG95bWVudHMvb25lc2RrNzAxMz9hcGktdmVyc2lvbj0yMDE2LTAyLTAx",
      "RequestMethod": "GET",
      "RequestBody": "",
      "RequestHeaders": {
        "x-ms-client-request-id": [
          "05f40efe-f385-4076-bf71-fead8f7d9900"
        ],
        "accept-language": [
          "en-US"
        ],
        "User-Agent": [
          "Microsoft.Azure.Management.ResourceManager.ResourceManagementClient/1.0.0.0"
        ]
      },
      "ResponseBody": "{\r\n  \"id\": \"/subscriptions/fb3a3d6b-44c8-44f5-88c9-b20917c9b96b/resourceGroups/onesdk5512/providers/Microsoft.Resources/deployments/onesdk7013\",\r\n  \"name\": \"onesdk7013\",\r\n  \"properties\": {\r\n    \"parameters\": {\r\n      \"appSku\": {\r\n        \"type\": \"Object\",\r\n        \"value\": {\r\n          \"code\": \"f2\",\r\n          \"name\": \"Shared\"\r\n        }\r\n      },\r\n      \"servicePlan\": {\r\n        \"type\": \"String\",\r\n        \"value\": \"myplan\"\r\n      },\r\n      \"ranks\": {\r\n        \"type\": \"Array\",\r\n        \"value\": [\r\n          \"c\",\r\n          \"d\"\r\n        ]\r\n      }\r\n    },\r\n    \"mode\": \"Incremental\",\r\n    \"provisioningState\": \"Succeeded\",\r\n    \"timestamp\": \"2016-06-17T04:42:11.0018453Z\",\r\n    \"duration\": \"PT56.4955237S\",\r\n    \"correlationId\": \"b19325ae-50d8-4521-b488-99062f53d11a\",\r\n    \"providers\": [\r\n      {\r\n        \"namespace\": \"Microsoft.Storage\",\r\n        \"resourceTypes\": [\r\n          {\r\n            \"resourceType\": \"storageAccounts\",\r\n            \"locations\": [\r\n              \"eastus\"\r\n            ]\r\n          }\r\n        ]\r\n      }\r\n    ],\r\n    \"dependencies\": [],\r\n    \"outputs\": {},\r\n    \"outputResources\": [\r\n      {\r\n        \"id\": \"Microsoft.Storage/storageAccounts/tianotest010f2c\"\r\n      }\r\n    ]\r\n  }\r\n}",
      "ResponseHeaders": {
        "Content-Length": [
          "758"
        ],
        "Content-Type": [
          "application/json; charset=utf-8"
        ],
        "Expires": [
          "-1"
        ],
        "Pragma": [
          "no-cache"
        ],
        "x-ms-ratelimit-remaining-subscription-reads": [
          "14978"
        ],
        "x-ms-request-id": [
          "5492c28b-0ad8-4ec8-91e5-a04e21e62217"
        ],
        "x-ms-correlation-request-id": [
          "5492c28b-0ad8-4ec8-91e5-a04e21e62217"
        ],
        "x-ms-routing-request-id": [
          "WESTUS:20160617T044232Z:5492c28b-0ad8-4ec8-91e5-a04e21e62217"
        ],
        "Strict-Transport-Security": [
          "max-age=31536000; includeSubDomains"
        ],
        "Cache-Control": [
          "no-cache"
        ],
        "Date": [
          "Fri, 17 Jun 2016 04:42:32 GMT"
        ]
      },
      "StatusCode": 200
    },
    {
      "RequestUri": "/subscriptions/fb3a3d6b-44c8-44f5-88c9-b20917c9b96b/resourcegroups/onesdk5512/providers/Microsoft.Resources/deployments/onesdk7013?api-version=2016-02-01",
      "EncodedRequestUri": "L3N1YnNjcmlwdGlvbnMvZmIzYTNkNmItNDRjOC00NGY1LTg4YzktYjIwOTE3YzliOTZiL3Jlc291cmNlZ3JvdXBzL29uZXNkazU1MTIvcHJvdmlkZXJzL01pY3Jvc29mdC5SZXNvdXJjZXMvZGVwbG95bWVudHMvb25lc2RrNzAxMz9hcGktdmVyc2lvbj0yMDE2LTAyLTAx",
      "RequestMethod": "GET",
      "RequestBody": "",
      "RequestHeaders": {
        "x-ms-client-request-id": [
          "4035bcaf-c7e4-47e3-861d-71a8f7e4e55e"
        ],
        "accept-language": [
          "en-US"
        ],
        "User-Agent": [
          "Microsoft.Azure.Management.ResourceManager.ResourceManagementClient/1.0.0.0"
        ]
      },
      "ResponseBody": "{\r\n  \"id\": \"/subscriptions/fb3a3d6b-44c8-44f5-88c9-b20917c9b96b/resourceGroups/onesdk5512/providers/Microsoft.Resources/deployments/onesdk7013\",\r\n  \"name\": \"onesdk7013\",\r\n  \"properties\": {\r\n    \"parameters\": {\r\n      \"appSku\": {\r\n        \"type\": \"Object\",\r\n        \"value\": {\r\n          \"code\": \"f2\",\r\n          \"name\": \"Shared\"\r\n        }\r\n      },\r\n      \"servicePlan\": {\r\n        \"type\": \"String\",\r\n        \"value\": \"myplan\"\r\n      },\r\n      \"ranks\": {\r\n        \"type\": \"Array\",\r\n        \"value\": [\r\n          \"c\",\r\n          \"d\"\r\n        ]\r\n      }\r\n    },\r\n    \"mode\": \"Incremental\",\r\n    \"provisioningState\": \"Succeeded\",\r\n    \"timestamp\": \"2016-06-17T04:42:11.0018453Z\",\r\n    \"duration\": \"PT56.4955237S\",\r\n    \"correlationId\": \"b19325ae-50d8-4521-b488-99062f53d11a\",\r\n    \"providers\": [\r\n      {\r\n        \"namespace\": \"Microsoft.Storage\",\r\n        \"resourceTypes\": [\r\n          {\r\n            \"resourceType\": \"storageAccounts\",\r\n            \"locations\": [\r\n              \"eastus\"\r\n            ]\r\n          }\r\n        ]\r\n      }\r\n    ],\r\n    \"dependencies\": [],\r\n    \"outputs\": {},\r\n    \"outputResources\": [\r\n      {\r\n        \"id\": \"Microsoft.Storage/storageAccounts/tianotest010f2c\"\r\n      }\r\n    ]\r\n  }\r\n}",
      "ResponseHeaders": {
        "Content-Length": [
          "758"
        ],
        "Content-Type": [
          "application/json; charset=utf-8"
        ],
        "Expires": [
          "-1"
        ],
        "Pragma": [
          "no-cache"
        ],
        "x-ms-ratelimit-remaining-subscription-reads": [
          "14977"
        ],
        "x-ms-request-id": [
          "8588651b-ad18-479e-903e-092932fbf53d"
        ],
        "x-ms-correlation-request-id": [
          "8588651b-ad18-479e-903e-092932fbf53d"
        ],
        "x-ms-routing-request-id": [
          "WESTUS:20160617T044232Z:8588651b-ad18-479e-903e-092932fbf53d"
        ],
        "Strict-Transport-Security": [
          "max-age=31536000; includeSubDomains"
        ],
        "Cache-Control": [
          "no-cache"
        ],
        "Date": [
          "Fri, 17 Jun 2016 04:42:32 GMT"
        ]
      },
      "StatusCode": 200
    },
    {
      "RequestUri": "/subscriptions/fb3a3d6b-44c8-44f5-88c9-b20917c9b96b/resourcegroups/onesdk5512?api-version=2016-02-01",
      "EncodedRequestUri": "L3N1YnNjcmlwdGlvbnMvZmIzYTNkNmItNDRjOC00NGY1LTg4YzktYjIwOTE3YzliOTZiL3Jlc291cmNlZ3JvdXBzL29uZXNkazU1MTI/YXBpLXZlcnNpb249MjAxNi0wMi0wMQ==",
      "RequestMethod": "DELETE",
      "RequestBody": "",
      "RequestHeaders": {
        "x-ms-client-request-id": [
          "5eb855ad-cd20-45b1-879b-e254a5bf82d0"
        ],
        "accept-language": [
          "en-US"
        ],
        "User-Agent": [
          "Microsoft.Azure.Management.ResourceManager.ResourceManagementClient/1.0.0.0"
        ]
      },
      "ResponseBody": "",
      "ResponseHeaders": {
        "Content-Length": [
          "0"
        ],
        "Expires": [
          "-1"
        ],
        "Pragma": [
          "no-cache"
        ],
        "Retry-After": [
          "15"
        ],
        "x-ms-ratelimit-remaining-subscription-writes": [
          "1192"
        ],
        "x-ms-request-id": [
          "af85d104-9e97-4ec6-855d-9c90d1c27ef1"
        ],
        "x-ms-correlation-request-id": [
          "af85d104-9e97-4ec6-855d-9c90d1c27ef1"
        ],
        "x-ms-routing-request-id": [
          "WESTUS:20160617T044234Z:af85d104-9e97-4ec6-855d-9c90d1c27ef1"
        ],
        "Strict-Transport-Security": [
          "max-age=31536000; includeSubDomains"
        ],
        "Cache-Control": [
          "no-cache"
        ],
        "Date": [
          "Fri, 17 Jun 2016 04:42:34 GMT"
        ],
        "Location": [
          "https://management.azure.com/subscriptions/fb3a3d6b-44c8-44f5-88c9-b20917c9b96b/operationresults/eyJqb2JJZCI6IlJFU09VUkNFR1JPVVBERUxFVElPTkpPQi1PTkVTREs1NTEyLUVBU1RVUyIsImpvYkxvY2F0aW9uIjoiZWFzdHVzIn0?api-version=2016-02-01"
        ]
      },
      "StatusCode": 202
    },
    {
      "RequestUri": "/subscriptions/fb3a3d6b-44c8-44f5-88c9-b20917c9b96b/operationresults/eyJqb2JJZCI6IlJFU09VUkNFR1JPVVBERUxFVElPTkpPQi1PTkVTREs1NTEyLUVBU1RVUyIsImpvYkxvY2F0aW9uIjoiZWFzdHVzIn0?api-version=2016-02-01",
      "EncodedRequestUri": "L3N1YnNjcmlwdGlvbnMvZmIzYTNkNmItNDRjOC00NGY1LTg4YzktYjIwOTE3YzliOTZiL29wZXJhdGlvbnJlc3VsdHMvZXlKcWIySkpaQ0k2SWxKRlUwOVZVa05GUjFKUFZWQkVSVXhGVkVsUFRrcFBRaTFQVGtWVFJFczFOVEV5TFVWQlUxUlZVeUlzSW1wdllreHZZMkYwYVc5dUlqb2laV0Z6ZEhWekluMD9hcGktdmVyc2lvbj0yMDE2LTAyLTAx",
      "RequestMethod": "GET",
      "RequestBody": "",
      "RequestHeaders": {
        "User-Agent": [
          "Microsoft.Azure.Management.ResourceManager.ResourceManagementClient/1.0.0.0"
        ]
      },
      "ResponseBody": "",
      "ResponseHeaders": {
        "Content-Length": [
          "0"
        ],
        "Expires": [
          "-1"
        ],
        "Pragma": [
          "no-cache"
        ],
        "Retry-After": [
          "15"
        ],
        "x-ms-ratelimit-remaining-subscription-reads": [
          "14975"
        ],
        "x-ms-request-id": [
          "7ca61c47-b6bc-471c-93fc-48f18d64f019"
        ],
        "x-ms-correlation-request-id": [
          "7ca61c47-b6bc-471c-93fc-48f18d64f019"
        ],
        "x-ms-routing-request-id": [
          "WESTUS:20160617T044304Z:7ca61c47-b6bc-471c-93fc-48f18d64f019"
        ],
        "Strict-Transport-Security": [
          "max-age=31536000; includeSubDomains"
        ],
        "Cache-Control": [
          "no-cache"
        ],
        "Date": [
          "Fri, 17 Jun 2016 04:43:03 GMT"
        ],
        "Location": [
          "https://management.azure.com/subscriptions/fb3a3d6b-44c8-44f5-88c9-b20917c9b96b/operationresults/eyJqb2JJZCI6IlJFU09VUkNFR1JPVVBERUxFVElPTkpPQi1PTkVTREs1NTEyLUVBU1RVUyIsImpvYkxvY2F0aW9uIjoiZWFzdHVzIn0?api-version=2016-02-01"
        ]
      },
      "StatusCode": 202
    },
    {
      "RequestUri": "/subscriptions/fb3a3d6b-44c8-44f5-88c9-b20917c9b96b/operationresults/eyJqb2JJZCI6IlJFU09VUkNFR1JPVVBERUxFVElPTkpPQi1PTkVTREs1NTEyLUVBU1RVUyIsImpvYkxvY2F0aW9uIjoiZWFzdHVzIn0?api-version=2016-02-01",
      "EncodedRequestUri": "L3N1YnNjcmlwdGlvbnMvZmIzYTNkNmItNDRjOC00NGY1LTg4YzktYjIwOTE3YzliOTZiL29wZXJhdGlvbnJlc3VsdHMvZXlKcWIySkpaQ0k2SWxKRlUwOVZVa05GUjFKUFZWQkVSVXhGVkVsUFRrcFBRaTFQVGtWVFJFczFOVEV5TFVWQlUxUlZVeUlzSW1wdllreHZZMkYwYVc5dUlqb2laV0Z6ZEhWekluMD9hcGktdmVyc2lvbj0yMDE2LTAyLTAx",
      "RequestMethod": "GET",
      "RequestBody": "",
      "RequestHeaders": {
        "User-Agent": [
          "Microsoft.Azure.Management.ResourceManager.ResourceManagementClient/1.0.0.0"
        ]
      },
      "ResponseBody": "",
      "ResponseHeaders": {
        "Content-Length": [
          "0"
        ],
        "Expires": [
          "-1"
        ],
        "Pragma": [
          "no-cache"
        ],
        "Retry-After": [
          "15"
        ],
        "x-ms-ratelimit-remaining-subscription-reads": [
          "14974"
        ],
        "x-ms-request-id": [
          "27f74e40-c035-4d14-8f3f-f5d60b31a597"
        ],
        "x-ms-correlation-request-id": [
          "27f74e40-c035-4d14-8f3f-f5d60b31a597"
        ],
        "x-ms-routing-request-id": [
          "WESTUS:20160617T044334Z:27f74e40-c035-4d14-8f3f-f5d60b31a597"
        ],
        "Strict-Transport-Security": [
          "max-age=31536000; includeSubDomains"
        ],
        "Cache-Control": [
          "no-cache"
        ],
        "Date": [
          "Fri, 17 Jun 2016 04:43:33 GMT"
        ],
        "Location": [
          "https://management.azure.com/subscriptions/fb3a3d6b-44c8-44f5-88c9-b20917c9b96b/operationresults/eyJqb2JJZCI6IlJFU09VUkNFR1JPVVBERUxFVElPTkpPQi1PTkVTREs1NTEyLUVBU1RVUyIsImpvYkxvY2F0aW9uIjoiZWFzdHVzIn0?api-version=2016-02-01"
        ]
      },
      "StatusCode": 202
    },
    {
      "RequestUri": "/subscriptions/fb3a3d6b-44c8-44f5-88c9-b20917c9b96b/operationresults/eyJqb2JJZCI6IlJFU09VUkNFR1JPVVBERUxFVElPTkpPQi1PTkVTREs1NTEyLUVBU1RVUyIsImpvYkxvY2F0aW9uIjoiZWFzdHVzIn0?api-version=2016-02-01",
      "EncodedRequestUri": "L3N1YnNjcmlwdGlvbnMvZmIzYTNkNmItNDRjOC00NGY1LTg4YzktYjIwOTE3YzliOTZiL29wZXJhdGlvbnJlc3VsdHMvZXlKcWIySkpaQ0k2SWxKRlUwOVZVa05GUjFKUFZWQkVSVXhGVkVsUFRrcFBRaTFQVGtWVFJFczFOVEV5TFVWQlUxUlZVeUlzSW1wdllreHZZMkYwYVc5dUlqb2laV0Z6ZEhWekluMD9hcGktdmVyc2lvbj0yMDE2LTAyLTAx",
      "RequestMethod": "GET",
      "RequestBody": "",
      "RequestHeaders": {
        "User-Agent": [
          "Microsoft.Azure.Management.ResourceManager.ResourceManagementClient/1.0.0.0"
        ]
      },
      "ResponseBody": "",
      "ResponseHeaders": {
        "Content-Length": [
          "0"
        ],
        "Expires": [
          "-1"
        ],
        "Pragma": [
          "no-cache"
        ],
        "Retry-After": [
          "15"
        ],
        "x-ms-ratelimit-remaining-subscription-reads": [
          "14973"
        ],
        "x-ms-request-id": [
          "f209174d-ed79-4bdb-9fa4-97fb020a8d0f"
        ],
        "x-ms-correlation-request-id": [
          "f209174d-ed79-4bdb-9fa4-97fb020a8d0f"
        ],
        "x-ms-routing-request-id": [
          "WESTUS:20160617T044404Z:f209174d-ed79-4bdb-9fa4-97fb020a8d0f"
        ],
        "Strict-Transport-Security": [
          "max-age=31536000; includeSubDomains"
        ],
        "Cache-Control": [
          "no-cache"
        ],
        "Date": [
          "Fri, 17 Jun 2016 04:44:03 GMT"
        ],
        "Location": [
          "https://management.azure.com/subscriptions/fb3a3d6b-44c8-44f5-88c9-b20917c9b96b/operationresults/eyJqb2JJZCI6IlJFU09VUkNFR1JPVVBERUxFVElPTkpPQi1PTkVTREs1NTEyLUVBU1RVUyIsImpvYkxvY2F0aW9uIjoiZWFzdHVzIn0?api-version=2016-02-01"
        ]
      },
      "StatusCode": 202
    },
    {
      "RequestUri": "/subscriptions/fb3a3d6b-44c8-44f5-88c9-b20917c9b96b/operationresults/eyJqb2JJZCI6IlJFU09VUkNFR1JPVVBERUxFVElPTkpPQi1PTkVTREs1NTEyLUVBU1RVUyIsImpvYkxvY2F0aW9uIjoiZWFzdHVzIn0?api-version=2016-02-01",
      "EncodedRequestUri": "L3N1YnNjcmlwdGlvbnMvZmIzYTNkNmItNDRjOC00NGY1LTg4YzktYjIwOTE3YzliOTZiL29wZXJhdGlvbnJlc3VsdHMvZXlKcWIySkpaQ0k2SWxKRlUwOVZVa05GUjFKUFZWQkVSVXhGVkVsUFRrcFBRaTFQVGtWVFJFczFOVEV5TFVWQlUxUlZVeUlzSW1wdllreHZZMkYwYVc5dUlqb2laV0Z6ZEhWekluMD9hcGktdmVyc2lvbj0yMDE2LTAyLTAx",
      "RequestMethod": "GET",
      "RequestBody": "",
      "RequestHeaders": {
        "User-Agent": [
          "Microsoft.Azure.Management.ResourceManager.ResourceManagementClient/1.0.0.0"
        ]
      },
      "ResponseBody": "",
      "ResponseHeaders": {
        "Content-Length": [
          "0"
        ],
        "Expires": [
          "-1"
        ],
        "Pragma": [
          "no-cache"
        ],
        "x-ms-ratelimit-remaining-subscription-reads": [
          "14972"
        ],
        "x-ms-request-id": [
          "defd99d8-d93c-4c6a-98b3-8c7703f89216"
        ],
        "x-ms-correlation-request-id": [
          "defd99d8-d93c-4c6a-98b3-8c7703f89216"
        ],
        "x-ms-routing-request-id": [
          "WESTUS:20160617T044434Z:defd99d8-d93c-4c6a-98b3-8c7703f89216"
        ],
        "Strict-Transport-Security": [
          "max-age=31536000; includeSubDomains"
        ],
        "Cache-Control": [
          "no-cache"
        ],
        "Date": [
          "Fri, 17 Jun 2016 04:44:33 GMT"
        ]
      },
      "StatusCode": 200
    }
  ],
  "Names": {
    "Test-NewDeploymentWithComplexPramaters": [
      "onesdk5512",
      "onesdk7013"
    ]
  },
  "Variables": {
    "SubscriptionId": "fb3a3d6b-44c8-44f5-88c9-b20917c9b96b",
    "TenantId": "72f988bf-86f1-41af-91ab-2d7cd011db47",
    "Domain": "microsoft.com"
  }
}