{
  "Entries": [
    {
      "RequestUri": "/subscriptions/fb3a3d6b-44c8-44f5-88c9-b20917c9b96b/resourcegroups/onesdk4937?api-version=2016-07-01",
      "EncodedRequestUri": "L3N1YnNjcmlwdGlvbnMvZmIzYTNkNmItNDRjOC00NGY1LTg4YzktYjIwOTE3YzliOTZiL3Jlc291cmNlZ3JvdXBzL29uZXNkazQ5Mzc/YXBpLXZlcnNpb249MjAxNi0wNy0wMQ==",
      "RequestMethod": "HEAD",
      "RequestBody": "",
      "RequestHeaders": {
        "x-ms-client-request-id": [
          "a42f5501-62cb-40b2-84e9-004e80435f5d"
        ],
        "accept-language": [
          "en-US"
        ],
        "User-Agent": [
          "Microsoft.Azure.Management.ResourceManager.ResourceManagementClient/1.1.5-preview"
        ]
      },
      "ResponseBody": "",
      "ResponseHeaders": {
        "Content-Length": [
          "102"
        ],
        "Content-Type": [
          "application/json; charset=utf-8"
        ],
        "Expires": [
          "-1"
        ],
        "Pragma": [
          "no-cache"
        ],
        "x-ms-failure-cause": [
          "gateway"
        ],
        "x-ms-ratelimit-remaining-subscription-reads": [
          "14998"
        ],
        "x-ms-request-id": [
          "ee9291cb-2bf7-4cfb-92b0-7077e554fd86"
        ],
        "x-ms-correlation-request-id": [
          "ee9291cb-2bf7-4cfb-92b0-7077e554fd86"
        ],
        "x-ms-routing-request-id": [
          "CENTRALUS:20160826T213633Z:ee9291cb-2bf7-4cfb-92b0-7077e554fd86"
        ],
        "Strict-Transport-Security": [
          "max-age=31536000; includeSubDomains"
        ],
        "Cache-Control": [
          "no-cache"
        ],
        "Date": [
          "Fri, 26 Aug 2016 21:36:32 GMT"
        ]
      },
      "StatusCode": 404
    },
    {
      "RequestUri": "/subscriptions/fb3a3d6b-44c8-44f5-88c9-b20917c9b96b/resourcegroups/onesdk4937?api-version=2016-07-01",
      "EncodedRequestUri": "L3N1YnNjcmlwdGlvbnMvZmIzYTNkNmItNDRjOC00NGY1LTg4YzktYjIwOTE3YzliOTZiL3Jlc291cmNlZ3JvdXBzL29uZXNkazQ5Mzc/YXBpLXZlcnNpb249MjAxNi0wNy0wMQ==",
      "RequestMethod": "HEAD",
      "RequestBody": "",
      "RequestHeaders": {
        "x-ms-client-request-id": [
          "6110c001-13c0-4849-bbc1-0b180a8b3018"
        ],
        "accept-language": [
          "en-US"
        ],
        "User-Agent": [
          "Microsoft.Azure.Management.ResourceManager.ResourceManagementClient/1.1.5-preview"
        ]
      },
      "ResponseBody": "",
      "ResponseHeaders": {
        "Content-Length": [
          "0"
        ],
        "Expires": [
          "-1"
        ],
        "Pragma": [
          "no-cache"
        ],
        "x-ms-ratelimit-remaining-subscription-reads": [
          "14980"
        ],
        "x-ms-request-id": [
          "4bc73eb4-1f7d-4072-947d-b03965b61e23"
        ],
        "x-ms-correlation-request-id": [
          "4bc73eb4-1f7d-4072-947d-b03965b61e23"
        ],
        "x-ms-routing-request-id": [
          "CENTRALUS:20160826T213728Z:4bc73eb4-1f7d-4072-947d-b03965b61e23"
        ],
        "Strict-Transport-Security": [
          "max-age=31536000; includeSubDomains"
        ],
        "Cache-Control": [
          "no-cache"
        ],
        "Date": [
          "Fri, 26 Aug 2016 21:37:28 GMT"
        ]
      },
      "StatusCode": 204
    },
    {
      "RequestUri": "/subscriptions/fb3a3d6b-44c8-44f5-88c9-b20917c9b96b/resourcegroups/onesdk4937?api-version=2016-07-01",
      "EncodedRequestUri": "L3N1YnNjcmlwdGlvbnMvZmIzYTNkNmItNDRjOC00NGY1LTg4YzktYjIwOTE3YzliOTZiL3Jlc291cmNlZ3JvdXBzL29uZXNkazQ5Mzc/YXBpLXZlcnNpb249MjAxNi0wNy0wMQ==",
      "RequestMethod": "PUT",
      "RequestBody": "{\r\n  \"location\": \"EastUS\"\r\n}",
      "RequestHeaders": {
        "Content-Type": [
          "application/json; charset=utf-8"
        ],
        "Content-Length": [
          "28"
        ],
        "x-ms-client-request-id": [
          "271f2b46-ec2d-4155-8ff2-258333a7608e"
        ],
        "accept-language": [
          "en-US"
        ],
        "User-Agent": [
          "Microsoft.Azure.Management.ResourceManager.ResourceManagementClient/1.1.5-preview"
        ]
      },
      "ResponseBody": "{\r\n  \"id\": \"/subscriptions/fb3a3d6b-44c8-44f5-88c9-b20917c9b96b/resourceGroups/onesdk4937\",\r\n  \"name\": \"onesdk4937\",\r\n  \"location\": \"eastus\",\r\n  \"properties\": {\r\n    \"provisioningState\": \"Succeeded\"\r\n  }\r\n}",
      "ResponseHeaders": {
        "Content-Length": [
          "173"
        ],
        "Content-Type": [
          "application/json; charset=utf-8"
        ],
        "Expires": [
          "-1"
        ],
        "Pragma": [
          "no-cache"
        ],
        "x-ms-ratelimit-remaining-subscription-writes": [
          "1198"
        ],
        "x-ms-request-id": [
          "0a1dc0e1-e996-4a63-9107-187f908144e2"
        ],
        "x-ms-correlation-request-id": [
          "0a1dc0e1-e996-4a63-9107-187f908144e2"
        ],
        "x-ms-routing-request-id": [
          "CENTRALUS:20160826T213633Z:0a1dc0e1-e996-4a63-9107-187f908144e2"
        ],
        "Strict-Transport-Security": [
          "max-age=31536000; includeSubDomains"
        ],
        "Cache-Control": [
          "no-cache"
        ],
        "Date": [
          "Fri, 26 Aug 2016 21:36:33 GMT"
        ]
      },
      "StatusCode": 201
    },
    {
      "RequestUri": "/subscriptions/fb3a3d6b-44c8-44f5-88c9-b20917c9b96b/resourcegroups/onesdk4937/providers/Microsoft.Resources/deployments/onesdk253/validate?api-version=2016-07-01",
      "EncodedRequestUri": "L3N1YnNjcmlwdGlvbnMvZmIzYTNkNmItNDRjOC00NGY1LTg4YzktYjIwOTE3YzliOTZiL3Jlc291cmNlZ3JvdXBzL29uZXNkazQ5MzcvcHJvdmlkZXJzL01pY3Jvc29mdC5SZXNvdXJjZXMvZGVwbG95bWVudHMvb25lc2RrMjUzL3ZhbGlkYXRlP2FwaS12ZXJzaW9uPTIwMTYtMDctMDE=",
      "RequestMethod": "POST",
      "RequestBody": "{\r\n  \"properties\": {\r\n    \"template\": {\r\n      \"$schema\": \"https://schema.management.azure.com/schemas/2015-01-01/deploymentTemplate.json#\",\r\n      \"contentVersion\": \"1.0.0.0\",\r\n      \"parameters\": {\r\n        \"StorageAccountName\": {\r\n          \"type\": \"String\"\r\n        }\r\n      },\r\n      \"variables\": {\r\n        \"templatelink\": \"https://raw.githubusercontent.com/vivsriaus/armtemplates/master/newStorageAccount.json\"\r\n      },\r\n      \"resources\": [\r\n        {\r\n          \"apiVersion\": \"2015-01-01\",\r\n          \"name\": \"nestedTemplate\",\r\n          \"type\": \"Microsoft.Resources/deployments\",\r\n          \"properties\": {\r\n            \"mode\": \"incremental\",\r\n            \"templateLink\": {\r\n              \"uri\": \"[variables('templatelink')]\",\r\n              \"contentVersion\": \"1.0.0.0\"\r\n            },\r\n            \"parameters\": {\r\n              \"StorageAccountName\": {\r\n                \"value\": \"[parameters('StorageAccountName')]\"\r\n              }\r\n            }\r\n          }\r\n        }\r\n      ]\r\n    },\r\n    \"parameters\": {\r\n      \"StorageAccountName\": {\r\n        \"value\": \"testvivek52f323kdd255555\"\r\n      }\r\n    },\r\n    \"mode\": \"Incremental\"\r\n  }\r\n}",
      "RequestHeaders": {
        "Content-Type": [
          "application/json; charset=utf-8"
        ],
        "Content-Length": [
          "1149"
        ],
        "x-ms-client-request-id": [
          "f1b955ba-9e83-49c8-94f7-75fd2244515a"
        ],
        "accept-language": [
          "en-US"
        ],
        "User-Agent": [
          "Microsoft.Azure.Management.ResourceManager.ResourceManagementClient/1.1.5-preview"
        ]
      },
      "ResponseBody": "{\r\n  \"id\": \"/subscriptions/fb3a3d6b-44c8-44f5-88c9-b20917c9b96b/resourceGroups/onesdk4937/providers/Microsoft.Resources/deployments/onesdk253\",\r\n  \"name\": \"onesdk253\",\r\n  \"properties\": {\r\n    \"parameters\": {\r\n      \"storageAccountName\": {\r\n        \"type\": \"String\",\r\n        \"value\": \"testvivek52f323kdd255555\"\r\n      }\r\n    },\r\n    \"mode\": \"Incremental\",\r\n    \"provisioningState\": \"Accepted\",\r\n    \"timestamp\": \"2016-08-26T21:36:34.1510349Z\",\r\n    \"duration\": \"PT0S\",\r\n    \"correlationId\": \"0aa49a8c-77b9-4868-9fe4-fdc76c7c10b3\",\r\n    \"providers\": [\r\n      {\r\n        \"namespace\": \"Microsoft.Resources\",\r\n        \"resourceTypes\": [\r\n          {\r\n            \"resourceType\": \"deployments\",\r\n            \"locations\": [\r\n              null\r\n            ]\r\n          }\r\n        ]\r\n      }\r\n    ],\r\n    \"dependencies\": [],\r\n    \"validatedResources\": [\r\n      {\r\n        \"apiVersion\": \"2015-06-15\",\r\n        \"id\": \"/subscriptions/fb3a3d6b-44c8-44f5-88c9-b20917c9b96b/resourceGroups/onesdk4937/providers/Microsoft.Storage/storageAccounts/testvivek52f323kdd255555\",\r\n        \"name\": \"testvivek52f323kdd255555\",\r\n        \"type\": \"Microsoft.Storage/storageAccounts\",\r\n        \"location\": \"East US\",\r\n        \"properties\": {\r\n          \"accountType\": \"Standard_LRS\"\r\n        }\r\n      }\r\n    ]\r\n  }\r\n}",
      "ResponseHeaders": {
        "Content-Length": [
          "912"
        ],
        "Content-Type": [
          "application/json; charset=utf-8"
        ],
        "Expires": [
          "-1"
        ],
        "Pragma": [
          "no-cache"
        ],
        "x-ms-ratelimit-remaining-subscription-writes": [
          "1197"
        ],
        "x-ms-request-id": [
          "0aa49a8c-77b9-4868-9fe4-fdc76c7c10b3"
        ],
        "x-ms-correlation-request-id": [
          "0aa49a8c-77b9-4868-9fe4-fdc76c7c10b3"
        ],
        "x-ms-routing-request-id": [
          "CENTRALUS:20160826T213634Z:0aa49a8c-77b9-4868-9fe4-fdc76c7c10b3"
        ],
        "Strict-Transport-Security": [
          "max-age=31536000; includeSubDomains"
        ],
        "Cache-Control": [
          "no-cache"
        ],
        "Date": [
          "Fri, 26 Aug 2016 21:36:34 GMT"
        ]
      },
      "StatusCode": 200
    },
    {
      "RequestUri": "/subscriptions/fb3a3d6b-44c8-44f5-88c9-b20917c9b96b/resourcegroups/onesdk4937/providers/Microsoft.Resources/deployments/onesdk253?api-version=2016-07-01",
      "EncodedRequestUri": "L3N1YnNjcmlwdGlvbnMvZmIzYTNkNmItNDRjOC00NGY1LTg4YzktYjIwOTE3YzliOTZiL3Jlc291cmNlZ3JvdXBzL29uZXNkazQ5MzcvcHJvdmlkZXJzL01pY3Jvc29mdC5SZXNvdXJjZXMvZGVwbG95bWVudHMvb25lc2RrMjUzP2FwaS12ZXJzaW9uPTIwMTYtMDctMDE=",
      "RequestMethod": "PUT",
      "RequestBody": "{\r\n  \"properties\": {\r\n    \"template\": {\r\n      \"$schema\": \"https://schema.management.azure.com/schemas/2015-01-01/deploymentTemplate.json#\",\r\n      \"contentVersion\": \"1.0.0.0\",\r\n      \"parameters\": {\r\n        \"StorageAccountName\": {\r\n          \"type\": \"String\"\r\n        }\r\n      },\r\n      \"variables\": {\r\n        \"templatelink\": \"https://raw.githubusercontent.com/vivsriaus/armtemplates/master/newStorageAccount.json\"\r\n      },\r\n      \"resources\": [\r\n        {\r\n          \"apiVersion\": \"2015-01-01\",\r\n          \"name\": \"nestedTemplate\",\r\n          \"type\": \"Microsoft.Resources/deployments\",\r\n          \"properties\": {\r\n            \"mode\": \"incremental\",\r\n            \"templateLink\": {\r\n              \"uri\": \"[variables('templatelink')]\",\r\n              \"contentVersion\": \"1.0.0.0\"\r\n            },\r\n            \"parameters\": {\r\n              \"StorageAccountName\": {\r\n                \"value\": \"[parameters('StorageAccountName')]\"\r\n              }\r\n            }\r\n          }\r\n        }\r\n      ]\r\n    },\r\n    \"parameters\": {\r\n      \"StorageAccountName\": {\r\n        \"value\": \"testvivek52f323kdd255555\"\r\n      }\r\n    },\r\n    \"mode\": \"Incremental\"\r\n  }\r\n}",
      "RequestHeaders": {
        "Content-Type": [
          "application/json; charset=utf-8"
        ],
        "Content-Length": [
          "1149"
        ],
        "x-ms-client-request-id": [
          "5a8343f9-3e25-4c16-8eb7-a08c0cac28d4"
        ],
        "accept-language": [
          "en-US"
        ],
        "User-Agent": [
          "Microsoft.Azure.Management.ResourceManager.ResourceManagementClient/1.1.5-preview"
        ]
      },
      "ResponseBody": "{\r\n  \"id\": \"/subscriptions/fb3a3d6b-44c8-44f5-88c9-b20917c9b96b/resourceGroups/onesdk4937/providers/Microsoft.Resources/deployments/onesdk253\",\r\n  \"name\": \"onesdk253\",\r\n  \"properties\": {\r\n    \"parameters\": {\r\n      \"storageAccountName\": {\r\n        \"type\": \"String\",\r\n        \"value\": \"testvivek52f323kdd255555\"\r\n      }\r\n    },\r\n    \"mode\": \"Incremental\",\r\n    \"provisioningState\": \"Accepted\",\r\n    \"timestamp\": \"2016-08-26T21:36:35.4729192Z\",\r\n    \"duration\": \"PT0.2969892S\",\r\n    \"correlationId\": \"6a2b35e9-b99b-448e-b016-a7f721c5a30c\",\r\n    \"providers\": [\r\n      {\r\n        \"namespace\": \"Microsoft.Resources\",\r\n        \"resourceTypes\": [\r\n          {\r\n            \"resourceType\": \"deployments\",\r\n            \"locations\": [\r\n              null\r\n            ]\r\n          }\r\n        ]\r\n      }\r\n    ],\r\n    \"dependencies\": []\r\n  }\r\n}",
      "ResponseHeaders": {
        "Content-Length": [
          "573"
        ],
        "Content-Type": [
          "application/json; charset=utf-8"
        ],
        "Expires": [
          "-1"
        ],
        "Pragma": [
          "no-cache"
        ],
        "Azure-AsyncOperation": [
          "https://management.azure.com/subscriptions/fb3a3d6b-44c8-44f5-88c9-b20917c9b96b/resourcegroups/onesdk4937/providers/Microsoft.Resources/deployments/onesdk253/operationStatuses/08587293594903016865?api-version=2016-07-01"
        ],
        "x-ms-ratelimit-remaining-subscription-writes": [
          "1196"
        ],
        "x-ms-request-id": [
          "6a2b35e9-b99b-448e-b016-a7f721c5a30c"
        ],
        "x-ms-correlation-request-id": [
          "6a2b35e9-b99b-448e-b016-a7f721c5a30c"
        ],
        "x-ms-routing-request-id": [
          "CENTRALUS:20160826T213635Z:6a2b35e9-b99b-448e-b016-a7f721c5a30c"
        ],
        "Strict-Transport-Security": [
          "max-age=31536000; includeSubDomains"
        ],
        "Cache-Control": [
          "no-cache"
        ],
        "Date": [
          "Fri, 26 Aug 2016 21:36:35 GMT"
        ]
      },
      "StatusCode": 201
    },
    {
      "RequestUri": "/subscriptions/fb3a3d6b-44c8-44f5-88c9-b20917c9b96b/resourcegroups/onesdk4937/deployments/onesdk253/operations?api-version=2016-07-01",
      "EncodedRequestUri": "L3N1YnNjcmlwdGlvbnMvZmIzYTNkNmItNDRjOC00NGY1LTg4YzktYjIwOTE3YzliOTZiL3Jlc291cmNlZ3JvdXBzL29uZXNkazQ5MzcvZGVwbG95bWVudHMvb25lc2RrMjUzL29wZXJhdGlvbnM/YXBpLXZlcnNpb249MjAxNi0wNy0wMQ==",
      "RequestMethod": "GET",
      "RequestBody": "",
      "RequestHeaders": {
        "x-ms-client-request-id": [
          "e6491499-8877-4dd5-ba63-c3f8b1bc553e"
        ],
        "accept-language": [
          "en-US"
        ],
        "User-Agent": [
          "Microsoft.Azure.Management.ResourceManager.ResourceManagementClient/1.1.5-preview"
        ]
      },
      "ResponseBody": "{\r\n  \"value\": [\r\n    {\r\n      \"id\": \"/subscriptions/fb3a3d6b-44c8-44f5-88c9-b20917c9b96b/resourceGroups/onesdk4937/providers/Microsoft.Resources/deployments/onesdk253/operations/7F0AD818959E9DA3\",\r\n      \"operationId\": \"7F0AD818959E9DA3\",\r\n      \"properties\": {\r\n        \"provisioningOperation\": \"Create\",\r\n        \"provisioningState\": \"Running\",\r\n        \"timestamp\": \"2016-08-26T21:36:37.7133323Z\",\r\n        \"duration\": \"PT1.5946246S\",\r\n        \"trackingId\": \"2326edee-6538-41d2-996c-5318f7da67bd\",\r\n        \"serviceRequestId\": \"3c4e8c6e-bb45-43d1-95e1-ba598cc41704\",\r\n        \"statusCode\": \"Created\",\r\n        \"targetResource\": {\r\n          \"id\": \"/subscriptions/fb3a3d6b-44c8-44f5-88c9-b20917c9b96b/resourceGroups/onesdk4937/providers/Microsoft.Resources/deployments/nestedTemplate\",\r\n          \"resourceType\": \"Microsoft.Resources/deployments\",\r\n          \"resourceName\": \"nestedTemplate\"\r\n        }\r\n      }\r\n    }\r\n  ]\r\n}",
      "ResponseHeaders": {
        "Content-Length": [
          "733"
        ],
        "Content-Type": [
          "application/json; charset=utf-8"
        ],
        "Expires": [
          "-1"
        ],
        "Pragma": [
          "no-cache"
        ],
        "x-ms-ratelimit-remaining-subscription-reads": [
          "14997"
        ],
        "x-ms-request-id": [
          "a0259b8d-8133-4c01-b16d-6634be28df9b"
        ],
        "x-ms-correlation-request-id": [
          "a0259b8d-8133-4c01-b16d-6634be28df9b"
        ],
        "x-ms-routing-request-id": [
          "CENTRALUS:20160826T213640Z:a0259b8d-8133-4c01-b16d-6634be28df9b"
        ],
        "Strict-Transport-Security": [
          "max-age=31536000; includeSubDomains"
        ],
        "Cache-Control": [
          "no-cache"
        ],
        "Date": [
          "Fri, 26 Aug 2016 21:36:40 GMT"
        ]
      },
      "StatusCode": 200
    },
    {
      "RequestUri": "/subscriptions/fb3a3d6b-44c8-44f5-88c9-b20917c9b96b/resourcegroups/onesdk4937/deployments/onesdk253/operations?api-version=2016-07-01",
      "EncodedRequestUri": "L3N1YnNjcmlwdGlvbnMvZmIzYTNkNmItNDRjOC00NGY1LTg4YzktYjIwOTE3YzliOTZiL3Jlc291cmNlZ3JvdXBzL29uZXNkazQ5MzcvZGVwbG95bWVudHMvb25lc2RrMjUzL29wZXJhdGlvbnM/YXBpLXZlcnNpb249MjAxNi0wNy0wMQ==",
      "RequestMethod": "GET",
      "RequestBody": "",
      "RequestHeaders": {
        "x-ms-client-request-id": [
          "0fc1472f-2466-4aa3-b719-2b95cb8f22a9"
        ],
        "accept-language": [
          "en-US"
        ],
        "User-Agent": [
          "Microsoft.Azure.Management.ResourceManager.ResourceManagementClient/1.1.5-preview"
        ]
      },
      "ResponseBody": "{\r\n  \"value\": [\r\n    {\r\n      \"id\": \"/subscriptions/fb3a3d6b-44c8-44f5-88c9-b20917c9b96b/resourceGroups/onesdk4937/providers/Microsoft.Resources/deployments/onesdk253/operations/7F0AD818959E9DA3\",\r\n      \"operationId\": \"7F0AD818959E9DA3\",\r\n      \"properties\": {\r\n        \"provisioningOperation\": \"Create\",\r\n        \"provisioningState\": \"Running\",\r\n        \"timestamp\": \"2016-08-26T21:36:48.5087277Z\",\r\n        \"duration\": \"PT12.39002S\",\r\n        \"trackingId\": \"ba6adfed-44e8-4274-809d-49431ed07a4a\",\r\n        \"serviceRequestId\": \"3c4e8c6e-bb45-43d1-95e1-ba598cc41704\",\r\n        \"statusCode\": \"Created\",\r\n        \"targetResource\": {\r\n          \"id\": \"/subscriptions/fb3a3d6b-44c8-44f5-88c9-b20917c9b96b/resourceGroups/onesdk4937/providers/Microsoft.Resources/deployments/nestedTemplate\",\r\n          \"resourceType\": \"Microsoft.Resources/deployments\",\r\n          \"resourceName\": \"nestedTemplate\"\r\n        }\r\n      }\r\n    }\r\n  ]\r\n}",
      "ResponseHeaders": {
        "Content-Length": [
          "732"
        ],
        "Content-Type": [
          "application/json; charset=utf-8"
        ],
        "Expires": [
          "-1"
        ],
        "Pragma": [
          "no-cache"
        ],
        "x-ms-ratelimit-remaining-subscription-reads": [
          "14993"
        ],
        "x-ms-request-id": [
          "66621815-2414-4a50-b1d8-5bf601e5b39e"
        ],
        "x-ms-correlation-request-id": [
          "66621815-2414-4a50-b1d8-5bf601e5b39e"
        ],
        "x-ms-routing-request-id": [
          "CENTRALUS:20160826T213651Z:66621815-2414-4a50-b1d8-5bf601e5b39e"
        ],
        "Strict-Transport-Security": [
          "max-age=31536000; includeSubDomains"
        ],
        "Cache-Control": [
          "no-cache"
        ],
        "Date": [
          "Fri, 26 Aug 2016 21:36:51 GMT"
        ]
      },
      "StatusCode": 200
    },
    {
      "RequestUri": "/subscriptions/fb3a3d6b-44c8-44f5-88c9-b20917c9b96b/resourcegroups/onesdk4937/deployments/onesdk253/operations?api-version=2016-07-01",
      "EncodedRequestUri": "L3N1YnNjcmlwdGlvbnMvZmIzYTNkNmItNDRjOC00NGY1LTg4YzktYjIwOTE3YzliOTZiL3Jlc291cmNlZ3JvdXBzL29uZXNkazQ5MzcvZGVwbG95bWVudHMvb25lc2RrMjUzL29wZXJhdGlvbnM/YXBpLXZlcnNpb249MjAxNi0wNy0wMQ==",
      "RequestMethod": "GET",
      "RequestBody": "",
      "RequestHeaders": {
        "x-ms-client-request-id": [
          "c3982e86-dc90-4df0-bb46-068c286e8dad"
        ],
        "accept-language": [
          "en-US"
        ],
        "User-Agent": [
          "Microsoft.Azure.Management.ResourceManager.ResourceManagementClient/1.1.5-preview"
        ]
      },
      "ResponseBody": "{\r\n  \"value\": [\r\n    {\r\n      \"id\": \"/subscriptions/fb3a3d6b-44c8-44f5-88c9-b20917c9b96b/resourceGroups/onesdk4937/providers/Microsoft.Resources/deployments/onesdk253/operations/7F0AD818959E9DA3\",\r\n      \"operationId\": \"7F0AD818959E9DA3\",\r\n      \"properties\": {\r\n        \"provisioningOperation\": \"Create\",\r\n        \"provisioningState\": \"Running\",\r\n        \"timestamp\": \"2016-08-26T21:37:02.1477581Z\",\r\n        \"duration\": \"PT26.0290504S\",\r\n        \"trackingId\": \"d07b5712-85f5-40e6-b34e-eada7875495a\",\r\n        \"serviceRequestId\": \"3c4e8c6e-bb45-43d1-95e1-ba598cc41704\",\r\n        \"statusCode\": \"Created\",\r\n        \"targetResource\": {\r\n          \"id\": \"/subscriptions/fb3a3d6b-44c8-44f5-88c9-b20917c9b96b/resourceGroups/onesdk4937/providers/Microsoft.Resources/deployments/nestedTemplate\",\r\n          \"resourceType\": \"Microsoft.Resources/deployments\",\r\n          \"resourceName\": \"nestedTemplate\"\r\n        }\r\n      }\r\n    }\r\n  ]\r\n}",
      "ResponseHeaders": {
        "Content-Length": [
          "734"
        ],
        "Content-Type": [
          "application/json; charset=utf-8"
        ],
        "Expires": [
          "-1"
        ],
        "Pragma": [
          "no-cache"
        ],
        "x-ms-ratelimit-remaining-subscription-reads": [
          "14989"
        ],
        "x-ms-request-id": [
          "b664b91b-72df-4412-aad9-51f60e407cd7"
        ],
        "x-ms-correlation-request-id": [
          "b664b91b-72df-4412-aad9-51f60e407cd7"
        ],
        "x-ms-routing-request-id": [
          "CENTRALUS:20160826T213707Z:b664b91b-72df-4412-aad9-51f60e407cd7"
        ],
        "Strict-Transport-Security": [
          "max-age=31536000; includeSubDomains"
        ],
        "Cache-Control": [
          "no-cache"
        ],
        "Date": [
          "Fri, 26 Aug 2016 21:37:06 GMT"
        ]
      },
      "StatusCode": 200
    },
    {
      "RequestUri": "/subscriptions/fb3a3d6b-44c8-44f5-88c9-b20917c9b96b/resourcegroups/onesdk4937/deployments/onesdk253/operations?api-version=2016-07-01",
      "EncodedRequestUri": "L3N1YnNjcmlwdGlvbnMvZmIzYTNkNmItNDRjOC00NGY1LTg4YzktYjIwOTE3YzliOTZiL3Jlc291cmNlZ3JvdXBzL29uZXNkazQ5MzcvZGVwbG95bWVudHMvb25lc2RrMjUzL29wZXJhdGlvbnM/YXBpLXZlcnNpb249MjAxNi0wNy0wMQ==",
      "RequestMethod": "GET",
      "RequestBody": "",
      "RequestHeaders": {
        "x-ms-client-request-id": [
          "ee2901ef-dd16-46c9-ac75-f4f0d5351b02"
        ],
        "accept-language": [
          "en-US"
        ],
        "User-Agent": [
          "Microsoft.Azure.Management.ResourceManager.ResourceManagementClient/1.1.5-preview"
        ]
      },
      "ResponseBody": "{\r\n  \"value\": [\r\n    {\r\n      \"id\": \"/subscriptions/fb3a3d6b-44c8-44f5-88c9-b20917c9b96b/resourceGroups/onesdk4937/providers/Microsoft.Resources/deployments/onesdk253/operations/7F0AD818959E9DA3\",\r\n      \"operationId\": \"7F0AD818959E9DA3\",\r\n      \"properties\": {\r\n        \"provisioningOperation\": \"Create\",\r\n        \"provisioningState\": \"Succeeded\",\r\n        \"timestamp\": \"2016-08-26T21:37:19.4030801Z\",\r\n        \"duration\": \"PT43.2843724S\",\r\n        \"trackingId\": \"7915c9a4-c0c5-4ad5-959b-7b67efddffad\",\r\n        \"serviceRequestId\": \"3c4e8c6e-bb45-43d1-95e1-ba598cc41704\",\r\n        \"statusCode\": \"OK\",\r\n        \"targetResource\": {\r\n          \"id\": \"/subscriptions/fb3a3d6b-44c8-44f5-88c9-b20917c9b96b/resourceGroups/onesdk4937/providers/Microsoft.Resources/deployments/nestedTemplate\",\r\n          \"resourceType\": \"Microsoft.Resources/deployments\",\r\n          \"resourceName\": \"nestedTemplate\"\r\n        }\r\n      }\r\n    },\r\n    {\r\n      \"id\": \"/subscriptions/fb3a3d6b-44c8-44f5-88c9-b20917c9b96b/resourceGroups/onesdk4937/providers/Microsoft.Resources/deployments/onesdk253/operations/08587293594903016865\",\r\n      \"operationId\": \"08587293594903016865\",\r\n      \"properties\": {\r\n        \"provisioningOperation\": \"EvaluateDeploymentOutput\",\r\n        \"provisioningState\": \"Succeeded\",\r\n        \"timestamp\": \"2016-08-26T21:37:19.9318738Z\",\r\n        \"duration\": \"PT0.4170627S\",\r\n        \"trackingId\": \"0a22bcc5-2401-447a-b763-0f2c141a2d57\",\r\n        \"statusCode\": \"OK\",\r\n        \"statusMessage\": null\r\n      }\r\n    }\r\n  ]\r\n}",
      "ResponseHeaders": {
        "Content-Length": [
          "1197"
        ],
        "Content-Type": [
          "application/json; charset=utf-8"
        ],
        "Expires": [
          "-1"
        ],
        "Pragma": [
          "no-cache"
        ],
        "x-ms-ratelimit-remaining-subscription-reads": [
          "14985"
        ],
        "x-ms-request-id": [
          "91bdba0f-2228-4a36-bf7a-e32eeb25160a"
        ],
        "x-ms-correlation-request-id": [
          "91bdba0f-2228-4a36-bf7a-e32eeb25160a"
        ],
        "x-ms-routing-request-id": [
          "CENTRALUS:20160826T213728Z:91bdba0f-2228-4a36-bf7a-e32eeb25160a"
        ],
        "Strict-Transport-Security": [
          "max-age=31536000; includeSubDomains"
        ],
        "Cache-Control": [
          "no-cache"
        ],
        "Date": [
          "Fri, 26 Aug 2016 21:37:27 GMT"
        ]
      },
      "StatusCode": 200
    },
    {
      "RequestUri": "/subscriptions/fb3a3d6b-44c8-44f5-88c9-b20917c9b96b/resourcegroups/onesdk4937/providers/Microsoft.Resources/deployments/nestedTemplate?api-version=2016-07-01",
      "EncodedRequestUri": "L3N1YnNjcmlwdGlvbnMvZmIzYTNkNmItNDRjOC00NGY1LTg4YzktYjIwOTE3YzliOTZiL3Jlc291cmNlZ3JvdXBzL29uZXNkazQ5MzcvcHJvdmlkZXJzL01pY3Jvc29mdC5SZXNvdXJjZXMvZGVwbG95bWVudHMvbmVzdGVkVGVtcGxhdGU/YXBpLXZlcnNpb249MjAxNi0wNy0wMQ==",
      "RequestMethod": "HEAD",
      "RequestBody": "",
      "RequestHeaders": {
        "x-ms-client-request-id": [
          "018c6a73-cab9-4cb5-a5a1-75e7caae842b"
        ],
        "accept-language": [
          "en-US"
        ],
        "User-Agent": [
          "Microsoft.Azure.Management.ResourceManager.ResourceManagementClient/1.1.5-preview"
        ]
      },
      "ResponseBody": "",
      "ResponseHeaders": {
        "Content-Length": [
          "0"
        ],
        "Expires": [
          "-1"
        ],
        "Pragma": [
          "no-cache"
        ],
        "x-ms-ratelimit-remaining-subscription-reads": [
          "14996"
        ],
        "x-ms-request-id": [
          "88e1c1e6-87a5-4d5d-b79b-4a0c3596a604"
        ],
        "x-ms-correlation-request-id": [
          "88e1c1e6-87a5-4d5d-b79b-4a0c3596a604"
        ],
        "x-ms-routing-request-id": [
          "CENTRALUS:20160826T213640Z:88e1c1e6-87a5-4d5d-b79b-4a0c3596a604"
        ],
        "Strict-Transport-Security": [
          "max-age=31536000; includeSubDomains"
        ],
        "Cache-Control": [
          "no-cache"
        ],
        "Date": [
          "Fri, 26 Aug 2016 21:36:40 GMT"
        ]
      },
      "StatusCode": 204
    },
    {
      "RequestUri": "/subscriptions/fb3a3d6b-44c8-44f5-88c9-b20917c9b96b/resourcegroups/onesdk4937/providers/Microsoft.Resources/deployments/nestedTemplate?api-version=2016-07-01",
      "EncodedRequestUri": "L3N1YnNjcmlwdGlvbnMvZmIzYTNkNmItNDRjOC00NGY1LTg4YzktYjIwOTE3YzliOTZiL3Jlc291cmNlZ3JvdXBzL29uZXNkazQ5MzcvcHJvdmlkZXJzL01pY3Jvc29mdC5SZXNvdXJjZXMvZGVwbG95bWVudHMvbmVzdGVkVGVtcGxhdGU/YXBpLXZlcnNpb249MjAxNi0wNy0wMQ==",
      "RequestMethod": "HEAD",
      "RequestBody": "",
      "RequestHeaders": {
        "x-ms-client-request-id": [
          "0e48e292-cea4-48bf-b78a-d9c0da3495cb"
        ],
        "accept-language": [
          "en-US"
        ],
        "User-Agent": [
          "Microsoft.Azure.Management.ResourceManager.ResourceManagementClient/1.1.5-preview"
        ]
      },
      "ResponseBody": "",
      "ResponseHeaders": {
        "Content-Length": [
          "0"
        ],
        "Expires": [
          "-1"
        ],
        "Pragma": [
          "no-cache"
        ],
        "x-ms-ratelimit-remaining-subscription-reads": [
          "14992"
        ],
        "x-ms-request-id": [
          "61a9f319-9160-4ab9-bd3f-b70d182f9c2a"
        ],
        "x-ms-correlation-request-id": [
          "61a9f319-9160-4ab9-bd3f-b70d182f9c2a"
        ],
        "x-ms-routing-request-id": [
          "CENTRALUS:20160826T213651Z:61a9f319-9160-4ab9-bd3f-b70d182f9c2a"
        ],
        "Strict-Transport-Security": [
          "max-age=31536000; includeSubDomains"
        ],
        "Cache-Control": [
          "no-cache"
        ],
        "Date": [
          "Fri, 26 Aug 2016 21:36:51 GMT"
        ]
      },
      "StatusCode": 204
    },
    {
      "RequestUri": "/subscriptions/fb3a3d6b-44c8-44f5-88c9-b20917c9b96b/resourcegroups/onesdk4937/providers/Microsoft.Resources/deployments/nestedTemplate?api-version=2016-07-01",
      "EncodedRequestUri": "L3N1YnNjcmlwdGlvbnMvZmIzYTNkNmItNDRjOC00NGY1LTg4YzktYjIwOTE3YzliOTZiL3Jlc291cmNlZ3JvdXBzL29uZXNkazQ5MzcvcHJvdmlkZXJzL01pY3Jvc29mdC5SZXNvdXJjZXMvZGVwbG95bWVudHMvbmVzdGVkVGVtcGxhdGU/YXBpLXZlcnNpb249MjAxNi0wNy0wMQ==",
      "RequestMethod": "HEAD",
      "RequestBody": "",
      "RequestHeaders": {
        "x-ms-client-request-id": [
          "06dff19b-a873-4177-9cb7-f9d58d6350cc"
        ],
        "accept-language": [
          "en-US"
        ],
        "User-Agent": [
          "Microsoft.Azure.Management.ResourceManager.ResourceManagementClient/1.1.5-preview"
        ]
      },
      "ResponseBody": "",
      "ResponseHeaders": {
        "Content-Length": [
          "0"
        ],
        "Expires": [
          "-1"
        ],
        "Pragma": [
          "no-cache"
        ],
        "x-ms-ratelimit-remaining-subscription-reads": [
          "14988"
        ],
        "x-ms-request-id": [
          "2651982f-ff92-483f-acfc-acf869815487"
        ],
        "x-ms-correlation-request-id": [
          "2651982f-ff92-483f-acfc-acf869815487"
        ],
        "x-ms-routing-request-id": [
          "CENTRALUS:20160826T213707Z:2651982f-ff92-483f-acfc-acf869815487"
        ],
        "Strict-Transport-Security": [
          "max-age=31536000; includeSubDomains"
        ],
        "Cache-Control": [
          "no-cache"
        ],
        "Date": [
          "Fri, 26 Aug 2016 21:37:07 GMT"
        ]
      },
      "StatusCode": 204
    },
    {
      "RequestUri": "/subscriptions/fb3a3d6b-44c8-44f5-88c9-b20917c9b96b/resourcegroups/onesdk4937/providers/Microsoft.Resources/deployments/nestedTemplate?api-version=2016-07-01",
      "EncodedRequestUri": "L3N1YnNjcmlwdGlvbnMvZmIzYTNkNmItNDRjOC00NGY1LTg4YzktYjIwOTE3YzliOTZiL3Jlc291cmNlZ3JvdXBzL29uZXNkazQ5MzcvcHJvdmlkZXJzL01pY3Jvc29mdC5SZXNvdXJjZXMvZGVwbG95bWVudHMvbmVzdGVkVGVtcGxhdGU/YXBpLXZlcnNpb249MjAxNi0wNy0wMQ==",
      "RequestMethod": "HEAD",
      "RequestBody": "",
      "RequestHeaders": {
        "x-ms-client-request-id": [
          "d5e39a71-76ec-454a-a18a-74d18f5ad133"
        ],
        "accept-language": [
          "en-US"
        ],
        "User-Agent": [
          "Microsoft.Azure.Management.ResourceManager.ResourceManagementClient/1.1.5-preview"
        ]
      },
      "ResponseBody": "",
      "ResponseHeaders": {
        "Content-Length": [
          "0"
        ],
        "Expires": [
          "-1"
        ],
        "Pragma": [
          "no-cache"
        ],
        "x-ms-ratelimit-remaining-subscription-reads": [
          "14984"
        ],
        "x-ms-request-id": [
          "49fd5077-fa19-47db-883b-0a6f3a6235af"
        ],
        "x-ms-correlation-request-id": [
          "49fd5077-fa19-47db-883b-0a6f3a6235af"
        ],
        "x-ms-routing-request-id": [
          "CENTRALUS:20160826T213728Z:49fd5077-fa19-47db-883b-0a6f3a6235af"
        ],
        "Strict-Transport-Security": [
          "max-age=31536000; includeSubDomains"
        ],
        "Cache-Control": [
          "no-cache"
        ],
        "Date": [
          "Fri, 26 Aug 2016 21:37:27 GMT"
        ]
      },
      "StatusCode": 204
    },
    {
      "RequestUri": "/subscriptions/fb3a3d6b-44c8-44f5-88c9-b20917c9b96b/resourcegroups/onesdk4937/deployments/nestedTemplate/operations?api-version=2016-07-01",
      "EncodedRequestUri": "L3N1YnNjcmlwdGlvbnMvZmIzYTNkNmItNDRjOC00NGY1LTg4YzktYjIwOTE3YzliOTZiL3Jlc291cmNlZ3JvdXBzL29uZXNkazQ5MzcvZGVwbG95bWVudHMvbmVzdGVkVGVtcGxhdGUvb3BlcmF0aW9ucz9hcGktdmVyc2lvbj0yMDE2LTA3LTAx",
      "RequestMethod": "GET",
      "RequestBody": "",
      "RequestHeaders": {
        "x-ms-client-request-id": [
          "52ac0a3b-8648-4271-ac0c-3745cf82878a"
        ],
        "accept-language": [
          "en-US"
        ],
        "User-Agent": [
          "Microsoft.Azure.Management.ResourceManager.ResourceManagementClient/1.1.5-preview"
        ]
      },
      "ResponseBody": "{\r\n  \"value\": [\r\n    {\r\n      \"id\": \"/subscriptions/fb3a3d6b-44c8-44f5-88c9-b20917c9b96b/resourceGroups/onesdk4937/providers/Microsoft.Resources/deployments/nestedTemplate/operations/43A1001DD474323B\",\r\n      \"operationId\": \"43A1001DD474323B\",\r\n      \"properties\": {\r\n        \"provisioningOperation\": \"Create\",\r\n        \"provisioningState\": \"Running\",\r\n        \"timestamp\": \"2016-08-26T21:36:41.2804022Z\",\r\n        \"duration\": \"PT3.791676S\",\r\n        \"trackingId\": \"9d861871-dd19-46be-aa5b-d216caa387fb\",\r\n        \"serviceRequestId\": \"6a2b35e9-b99b-448e-b016-a7f721c5a30c\",\r\n        \"statusCode\": \"Accepted\",\r\n        \"targetResource\": {\r\n          \"id\": \"/subscriptions/fb3a3d6b-44c8-44f5-88c9-b20917c9b96b/resourceGroups/onesdk4937/providers/Microsoft.Storage/storageAccounts/testvivek52f323kdd255555\",\r\n          \"resourceType\": \"Microsoft.Storage/storageAccounts\",\r\n          \"resourceName\": \"testvivek52f323kdd255555\"\r\n        }\r\n      }\r\n    }\r\n  ]\r\n}",
      "ResponseHeaders": {
        "Content-Length": [
          "762"
        ],
        "Content-Type": [
          "application/json; charset=utf-8"
        ],
        "Expires": [
          "-1"
        ],
        "Pragma": [
          "no-cache"
        ],
        "x-ms-ratelimit-remaining-subscription-reads": [
          "14995"
        ],
        "x-ms-request-id": [
          "9dfe7cb5-1578-4856-a467-55d59bd5624a"
        ],
        "x-ms-correlation-request-id": [
          "9dfe7cb5-1578-4856-a467-55d59bd5624a"
        ],
        "x-ms-routing-request-id": [
          "CENTRALUS:20160826T213641Z:9dfe7cb5-1578-4856-a467-55d59bd5624a"
        ],
        "Strict-Transport-Security": [
          "max-age=31536000; includeSubDomains"
        ],
        "Cache-Control": [
          "no-cache"
        ],
        "Date": [
          "Fri, 26 Aug 2016 21:36:40 GMT"
        ]
      },
      "StatusCode": 200
    },
    {
      "RequestUri": "/subscriptions/fb3a3d6b-44c8-44f5-88c9-b20917c9b96b/resourcegroups/onesdk4937/deployments/nestedTemplate/operations?api-version=2016-07-01",
      "EncodedRequestUri": "L3N1YnNjcmlwdGlvbnMvZmIzYTNkNmItNDRjOC00NGY1LTg4YzktYjIwOTE3YzliOTZiL3Jlc291cmNlZ3JvdXBzL29uZXNkazQ5MzcvZGVwbG95bWVudHMvbmVzdGVkVGVtcGxhdGUvb3BlcmF0aW9ucz9hcGktdmVyc2lvbj0yMDE2LTA3LTAx",
      "RequestMethod": "GET",
      "RequestBody": "",
      "RequestHeaders": {
        "x-ms-client-request-id": [
          "a1ec9e1f-bb26-4444-bfe0-483235a6dec6"
        ],
        "accept-language": [
          "en-US"
        ],
        "User-Agent": [
          "Microsoft.Azure.Management.ResourceManager.ResourceManagementClient/1.1.5-preview"
        ]
      },
      "ResponseBody": "{\r\n  \"value\": [\r\n    {\r\n      \"id\": \"/subscriptions/fb3a3d6b-44c8-44f5-88c9-b20917c9b96b/resourceGroups/onesdk4937/providers/Microsoft.Resources/deployments/nestedTemplate/operations/43A1001DD474323B\",\r\n      \"operationId\": \"43A1001DD474323B\",\r\n      \"properties\": {\r\n        \"provisioningOperation\": \"Create\",\r\n        \"provisioningState\": \"Running\",\r\n        \"timestamp\": \"2016-08-26T21:36:41.2804022Z\",\r\n        \"duration\": \"PT3.791676S\",\r\n        \"trackingId\": \"9d861871-dd19-46be-aa5b-d216caa387fb\",\r\n        \"serviceRequestId\": \"6a2b35e9-b99b-448e-b016-a7f721c5a30c\",\r\n        \"statusCode\": \"Accepted\",\r\n        \"targetResource\": {\r\n          \"id\": \"/subscriptions/fb3a3d6b-44c8-44f5-88c9-b20917c9b96b/resourceGroups/onesdk4937/providers/Microsoft.Storage/storageAccounts/testvivek52f323kdd255555\",\r\n          \"resourceType\": \"Microsoft.Storage/storageAccounts\",\r\n          \"resourceName\": \"testvivek52f323kdd255555\"\r\n        }\r\n      }\r\n    }\r\n  ]\r\n}",
      "ResponseHeaders": {
        "Content-Length": [
          "762"
        ],
        "Content-Type": [
          "application/json; charset=utf-8"
        ],
        "Expires": [
          "-1"
        ],
        "Pragma": [
          "no-cache"
        ],
        "x-ms-ratelimit-remaining-subscription-reads": [
          "14991"
        ],
        "x-ms-request-id": [
          "bf79a340-9111-450d-b119-90c3711aeb3f"
        ],
        "x-ms-correlation-request-id": [
          "bf79a340-9111-450d-b119-90c3711aeb3f"
        ],
        "x-ms-routing-request-id": [
          "CENTRALUS:20160826T213651Z:bf79a340-9111-450d-b119-90c3711aeb3f"
        ],
        "Strict-Transport-Security": [
          "max-age=31536000; includeSubDomains"
        ],
        "Cache-Control": [
          "no-cache"
        ],
        "Date": [
          "Fri, 26 Aug 2016 21:36:51 GMT"
        ]
      },
      "StatusCode": 200
    },
    {
      "RequestUri": "/subscriptions/fb3a3d6b-44c8-44f5-88c9-b20917c9b96b/resourcegroups/onesdk4937/deployments/nestedTemplate/operations?api-version=2016-07-01",
      "EncodedRequestUri": "L3N1YnNjcmlwdGlvbnMvZmIzYTNkNmItNDRjOC00NGY1LTg4YzktYjIwOTE3YzliOTZiL3Jlc291cmNlZ3JvdXBzL29uZXNkazQ5MzcvZGVwbG95bWVudHMvbmVzdGVkVGVtcGxhdGUvb3BlcmF0aW9ucz9hcGktdmVyc2lvbj0yMDE2LTA3LTAx",
      "RequestMethod": "GET",
      "RequestBody": "",
      "RequestHeaders": {
        "x-ms-client-request-id": [
          "5263650a-a812-4edc-a877-c58d9827d6bd"
        ],
        "accept-language": [
          "en-US"
        ],
        "User-Agent": [
          "Microsoft.Azure.Management.ResourceManager.ResourceManagementClient/1.1.5-preview"
        ]
      },
      "ResponseBody": "{\r\n  \"value\": [\r\n    {\r\n      \"id\": \"/subscriptions/fb3a3d6b-44c8-44f5-88c9-b20917c9b96b/resourceGroups/onesdk4937/providers/Microsoft.Resources/deployments/nestedTemplate/operations/43A1001DD474323B\",\r\n      \"operationId\": \"43A1001DD474323B\",\r\n      \"properties\": {\r\n        \"provisioningOperation\": \"Create\",\r\n        \"provisioningState\": \"Running\",\r\n        \"timestamp\": \"2016-08-26T21:36:41.2804022Z\",\r\n        \"duration\": \"PT3.791676S\",\r\n        \"trackingId\": \"9d861871-dd19-46be-aa5b-d216caa387fb\",\r\n        \"serviceRequestId\": \"6a2b35e9-b99b-448e-b016-a7f721c5a30c\",\r\n        \"statusCode\": \"Accepted\",\r\n        \"targetResource\": {\r\n          \"id\": \"/subscriptions/fb3a3d6b-44c8-44f5-88c9-b20917c9b96b/resourceGroups/onesdk4937/providers/Microsoft.Storage/storageAccounts/testvivek52f323kdd255555\",\r\n          \"resourceType\": \"Microsoft.Storage/storageAccounts\",\r\n          \"resourceName\": \"testvivek52f323kdd255555\"\r\n        }\r\n      }\r\n    }\r\n  ]\r\n}",
      "ResponseHeaders": {
        "Content-Length": [
          "762"
        ],
        "Content-Type": [
          "application/json; charset=utf-8"
        ],
        "Expires": [
          "-1"
        ],
        "Pragma": [
          "no-cache"
        ],
        "x-ms-ratelimit-remaining-subscription-reads": [
          "14987"
        ],
        "x-ms-request-id": [
          "a7280012-c13c-4bb2-b212-35c2c5c8816d"
        ],
        "x-ms-correlation-request-id": [
          "a7280012-c13c-4bb2-b212-35c2c5c8816d"
        ],
        "x-ms-routing-request-id": [
          "CENTRALUS:20160826T213707Z:a7280012-c13c-4bb2-b212-35c2c5c8816d"
        ],
        "Strict-Transport-Security": [
          "max-age=31536000; includeSubDomains"
        ],
        "Cache-Control": [
          "no-cache"
        ],
        "Date": [
          "Fri, 26 Aug 2016 21:37:07 GMT"
        ]
      },
      "StatusCode": 200
    },
    {
      "RequestUri": "/subscriptions/fb3a3d6b-44c8-44f5-88c9-b20917c9b96b/resourcegroups/onesdk4937/deployments/nestedTemplate/operations?api-version=2016-07-01",
      "EncodedRequestUri": "L3N1YnNjcmlwdGlvbnMvZmIzYTNkNmItNDRjOC00NGY1LTg4YzktYjIwOTE3YzliOTZiL3Jlc291cmNlZ3JvdXBzL29uZXNkazQ5MzcvZGVwbG95bWVudHMvbmVzdGVkVGVtcGxhdGUvb3BlcmF0aW9ucz9hcGktdmVyc2lvbj0yMDE2LTA3LTAx",
      "RequestMethod": "GET",
      "RequestBody": "",
      "RequestHeaders": {
        "x-ms-client-request-id": [
          "7d11535b-f07f-4cc0-b70d-1f8de3e59a81"
        ],
        "accept-language": [
          "en-US"
        ],
        "User-Agent": [
          "Microsoft.Azure.Management.ResourceManager.ResourceManagementClient/1.1.5-preview"
        ]
      },
      "ResponseBody": "{\r\n  \"value\": [\r\n    {\r\n      \"id\": \"/subscriptions/fb3a3d6b-44c8-44f5-88c9-b20917c9b96b/resourceGroups/onesdk4937/providers/Microsoft.Resources/deployments/nestedTemplate/operations/5101176AA8C2C174\",\r\n      \"operationId\": \"5101176AA8C2C174\",\r\n      \"properties\": {\r\n        \"provisioningOperation\": \"Read\",\r\n        \"provisioningState\": \"Succeeded\",\r\n        \"timestamp\": \"2016-08-26T21:37:10.2694088Z\",\r\n        \"duration\": \"PT0.5743745S\",\r\n        \"trackingId\": \"e49715f0-e61b-4400-986d-45d2d11ba785\",\r\n        \"statusCode\": \"OK\",\r\n        \"targetResource\": {\r\n          \"id\": \"/subscriptions/fb3a3d6b-44c8-44f5-88c9-b20917c9b96b/resourceGroups/onesdk4937/providers/Microsoft.Storage/storageAccounts/testvivek52f323kdd255555\",\r\n          \"resourceType\": \"Microsoft.Storage/storageAccounts\",\r\n          \"resourceName\": \"testvivek52f323kdd255555\",\r\n          \"apiVersion\": \"2016-01-01\"\r\n        }\r\n      }\r\n    },\r\n    {\r\n      \"id\": \"/subscriptions/fb3a3d6b-44c8-44f5-88c9-b20917c9b96b/resourceGroups/onesdk4937/providers/Microsoft.Resources/deployments/nestedTemplate/operations/43A1001DD474323B\",\r\n      \"operationId\": \"43A1001DD474323B\",\r\n      \"properties\": {\r\n        \"provisioningOperation\": \"Create\",\r\n        \"provisioningState\": \"Succeeded\",\r\n        \"timestamp\": \"2016-08-26T21:37:09.5393622Z\",\r\n        \"duration\": \"PT32.050636S\",\r\n        \"trackingId\": \"7125dce8-33d4-4c36-a2af-203a1de67664\",\r\n        \"serviceRequestId\": \"6a2b35e9-b99b-448e-b016-a7f721c5a30c\",\r\n        \"statusCode\": \"OK\",\r\n        \"targetResource\": {\r\n          \"id\": \"/subscriptions/fb3a3d6b-44c8-44f5-88c9-b20917c9b96b/resourceGroups/onesdk4937/providers/Microsoft.Storage/storageAccounts/testvivek52f323kdd255555\",\r\n          \"resourceType\": \"Microsoft.Storage/storageAccounts\",\r\n          \"resourceName\": \"testvivek52f323kdd255555\"\r\n        }\r\n      }\r\n    }\r\n  ]\r\n}",
      "ResponseHeaders": {
        "Content-Length": [
          "1473"
        ],
        "Content-Type": [
          "application/json; charset=utf-8"
        ],
        "Expires": [
          "-1"
        ],
        "Pragma": [
          "no-cache"
        ],
        "x-ms-ratelimit-remaining-subscription-reads": [
          "14983"
        ],
        "x-ms-request-id": [
          "f4160764-cc7e-4af0-9541-9155268fc1ac"
        ],
        "x-ms-correlation-request-id": [
          "f4160764-cc7e-4af0-9541-9155268fc1ac"
        ],
        "x-ms-routing-request-id": [
          "CENTRALUS:20160826T213728Z:f4160764-cc7e-4af0-9541-9155268fc1ac"
        ],
        "Strict-Transport-Security": [
          "max-age=31536000; includeSubDomains"
        ],
        "Cache-Control": [
          "no-cache"
        ],
        "Date": [
          "Fri, 26 Aug 2016 21:37:28 GMT"
        ]
      },
      "StatusCode": 200
    },
    {
      "RequestUri": "/subscriptions/fb3a3d6b-44c8-44f5-88c9-b20917c9b96b/resourcegroups/onesdk4937/providers/Microsoft.Resources/deployments/onesdk253?api-version=2016-07-01",
      "EncodedRequestUri": "L3N1YnNjcmlwdGlvbnMvZmIzYTNkNmItNDRjOC00NGY1LTg4YzktYjIwOTE3YzliOTZiL3Jlc291cmNlZ3JvdXBzL29uZXNkazQ5MzcvcHJvdmlkZXJzL01pY3Jvc29mdC5SZXNvdXJjZXMvZGVwbG95bWVudHMvb25lc2RrMjUzP2FwaS12ZXJzaW9uPTIwMTYtMDctMDE=",
      "RequestMethod": "GET",
      "RequestBody": "",
      "RequestHeaders": {
        "x-ms-client-request-id": [
          "2ee7bffb-cb5c-46dc-9b2b-9c485a197074"
        ],
        "accept-language": [
          "en-US"
        ],
        "User-Agent": [
          "Microsoft.Azure.Management.ResourceManager.ResourceManagementClient/1.1.5-preview"
        ]
      },
      "ResponseBody": "{\r\n  \"id\": \"/subscriptions/fb3a3d6b-44c8-44f5-88c9-b20917c9b96b/resourceGroups/onesdk4937/providers/Microsoft.Resources/deployments/onesdk253\",\r\n  \"name\": \"onesdk253\",\r\n  \"properties\": {\r\n    \"parameters\": {\r\n      \"storageAccountName\": {\r\n        \"type\": \"String\",\r\n        \"value\": \"testvivek52f323kdd255555\"\r\n      }\r\n    },\r\n    \"mode\": \"Incremental\",\r\n    \"provisioningState\": \"Running\",\r\n    \"timestamp\": \"2016-08-26T21:36:35.971855Z\",\r\n    \"duration\": \"PT0.795925S\",\r\n    \"correlationId\": \"6a2b35e9-b99b-448e-b016-a7f721c5a30c\",\r\n    \"providers\": [\r\n      {\r\n        \"namespace\": \"Microsoft.Resources\",\r\n        \"resourceTypes\": [\r\n          {\r\n            \"resourceType\": \"deployments\",\r\n            \"locations\": [\r\n              null\r\n            ]\r\n          }\r\n        ]\r\n      }\r\n    ],\r\n    \"dependencies\": []\r\n  }\r\n}",
      "ResponseHeaders": {
        "Content-Length": [
          "570"
        ],
        "Content-Type": [
          "application/json; charset=utf-8"
        ],
        "Expires": [
          "-1"
        ],
        "Pragma": [
          "no-cache"
        ],
        "x-ms-ratelimit-remaining-subscription-reads": [
          "14994"
        ],
        "x-ms-request-id": [
          "61a10b09-80a2-4cdf-8fd3-94bef0b5d492"
        ],
        "x-ms-correlation-request-id": [
          "61a10b09-80a2-4cdf-8fd3-94bef0b5d492"
        ],
        "x-ms-routing-request-id": [
          "CENTRALUS:20160826T213641Z:61a10b09-80a2-4cdf-8fd3-94bef0b5d492"
        ],
        "Strict-Transport-Security": [
          "max-age=31536000; includeSubDomains"
        ],
        "Cache-Control": [
          "no-cache"
        ],
        "Date": [
          "Fri, 26 Aug 2016 21:36:41 GMT"
        ]
      },
      "StatusCode": 200
    },
    {
      "RequestUri": "/subscriptions/fb3a3d6b-44c8-44f5-88c9-b20917c9b96b/resourcegroups/onesdk4937/providers/Microsoft.Resources/deployments/onesdk253?api-version=2016-07-01",
      "EncodedRequestUri": "L3N1YnNjcmlwdGlvbnMvZmIzYTNkNmItNDRjOC00NGY1LTg4YzktYjIwOTE3YzliOTZiL3Jlc291cmNlZ3JvdXBzL29uZXNkazQ5MzcvcHJvdmlkZXJzL01pY3Jvc29mdC5SZXNvdXJjZXMvZGVwbG95bWVudHMvb25lc2RrMjUzP2FwaS12ZXJzaW9uPTIwMTYtMDctMDE=",
      "RequestMethod": "GET",
      "RequestBody": "",
      "RequestHeaders": {
        "x-ms-client-request-id": [
          "104e492e-ea77-47d2-847e-3c5c73d09ded"
        ],
        "accept-language": [
          "en-US"
        ],
        "User-Agent": [
          "Microsoft.Azure.Management.ResourceManager.ResourceManagementClient/1.1.5-preview"
        ]
      },
      "ResponseBody": "{\r\n  \"id\": \"/subscriptions/fb3a3d6b-44c8-44f5-88c9-b20917c9b96b/resourceGroups/onesdk4937/providers/Microsoft.Resources/deployments/onesdk253\",\r\n  \"name\": \"onesdk253\",\r\n  \"properties\": {\r\n    \"parameters\": {\r\n      \"storageAccountName\": {\r\n        \"type\": \"String\",\r\n        \"value\": \"testvivek52f323kdd255555\"\r\n      }\r\n    },\r\n    \"mode\": \"Incremental\",\r\n    \"provisioningState\": \"Running\",\r\n    \"timestamp\": \"2016-08-26T21:36:35.971855Z\",\r\n    \"duration\": \"PT0.795925S\",\r\n    \"correlationId\": \"6a2b35e9-b99b-448e-b016-a7f721c5a30c\",\r\n    \"providers\": [\r\n      {\r\n        \"namespace\": \"Microsoft.Resources\",\r\n        \"resourceTypes\": [\r\n          {\r\n            \"resourceType\": \"deployments\",\r\n            \"locations\": [\r\n              null\r\n            ]\r\n          }\r\n        ]\r\n      }\r\n    ],\r\n    \"dependencies\": []\r\n  }\r\n}",
      "ResponseHeaders": {
        "Content-Length": [
          "570"
        ],
        "Content-Type": [
          "application/json; charset=utf-8"
        ],
        "Expires": [
          "-1"
        ],
        "Pragma": [
          "no-cache"
        ],
        "x-ms-ratelimit-remaining-subscription-reads": [
          "14990"
        ],
        "x-ms-request-id": [
          "b2e16256-8529-48a7-9e07-f0a2045c9605"
        ],
        "x-ms-correlation-request-id": [
          "b2e16256-8529-48a7-9e07-f0a2045c9605"
        ],
        "x-ms-routing-request-id": [
          "CENTRALUS:20160826T213652Z:b2e16256-8529-48a7-9e07-f0a2045c9605"
        ],
        "Strict-Transport-Security": [
          "max-age=31536000; includeSubDomains"
        ],
        "Cache-Control": [
          "no-cache"
        ],
        "Date": [
          "Fri, 26 Aug 2016 21:36:51 GMT"
        ]
      },
      "StatusCode": 200
    },
    {
      "RequestUri": "/subscriptions/fb3a3d6b-44c8-44f5-88c9-b20917c9b96b/resourcegroups/onesdk4937/providers/Microsoft.Resources/deployments/onesdk253?api-version=2016-07-01",
      "EncodedRequestUri": "L3N1YnNjcmlwdGlvbnMvZmIzYTNkNmItNDRjOC00NGY1LTg4YzktYjIwOTE3YzliOTZiL3Jlc291cmNlZ3JvdXBzL29uZXNkazQ5MzcvcHJvdmlkZXJzL01pY3Jvc29mdC5SZXNvdXJjZXMvZGVwbG95bWVudHMvb25lc2RrMjUzP2FwaS12ZXJzaW9uPTIwMTYtMDctMDE=",
      "RequestMethod": "GET",
      "RequestBody": "",
      "RequestHeaders": {
        "x-ms-client-request-id": [
          "5fe0776b-b749-4a2a-972c-dcc77b593cf7"
        ],
        "accept-language": [
          "en-US"
        ],
        "User-Agent": [
          "Microsoft.Azure.Management.ResourceManager.ResourceManagementClient/1.1.5-preview"
        ]
      },
      "ResponseBody": "{\r\n  \"id\": \"/subscriptions/fb3a3d6b-44c8-44f5-88c9-b20917c9b96b/resourceGroups/onesdk4937/providers/Microsoft.Resources/deployments/onesdk253\",\r\n  \"name\": \"onesdk253\",\r\n  \"properties\": {\r\n    \"parameters\": {\r\n      \"storageAccountName\": {\r\n        \"type\": \"String\",\r\n        \"value\": \"testvivek52f323kdd255555\"\r\n      }\r\n    },\r\n    \"mode\": \"Incremental\",\r\n    \"provisioningState\": \"Running\",\r\n    \"timestamp\": \"2016-08-26T21:36:35.971855Z\",\r\n    \"duration\": \"PT0.795925S\",\r\n    \"correlationId\": \"6a2b35e9-b99b-448e-b016-a7f721c5a30c\",\r\n    \"providers\": [\r\n      {\r\n        \"namespace\": \"Microsoft.Resources\",\r\n        \"resourceTypes\": [\r\n          {\r\n            \"resourceType\": \"deployments\",\r\n            \"locations\": [\r\n              null\r\n            ]\r\n          }\r\n        ]\r\n      }\r\n    ],\r\n    \"dependencies\": []\r\n  }\r\n}",
      "ResponseHeaders": {
        "Content-Length": [
          "570"
        ],
        "Content-Type": [
          "application/json; charset=utf-8"
        ],
        "Expires": [
          "-1"
        ],
        "Pragma": [
          "no-cache"
        ],
        "x-ms-ratelimit-remaining-subscription-reads": [
          "14986"
        ],
        "x-ms-request-id": [
          "5a75ebdd-7d76-49ce-b413-068af10fbfb4"
        ],
        "x-ms-correlation-request-id": [
          "5a75ebdd-7d76-49ce-b413-068af10fbfb4"
        ],
        "x-ms-routing-request-id": [
          "CENTRALUS:20160826T213707Z:5a75ebdd-7d76-49ce-b413-068af10fbfb4"
        ],
        "Strict-Transport-Security": [
          "max-age=31536000; includeSubDomains"
        ],
        "Cache-Control": [
          "no-cache"
        ],
        "Date": [
          "Fri, 26 Aug 2016 21:37:07 GMT"
        ]
      },
      "StatusCode": 200
    },
    {
      "RequestUri": "/subscriptions/fb3a3d6b-44c8-44f5-88c9-b20917c9b96b/resourcegroups/onesdk4937/providers/Microsoft.Resources/deployments/onesdk253?api-version=2016-07-01",
      "EncodedRequestUri": "L3N1YnNjcmlwdGlvbnMvZmIzYTNkNmItNDRjOC00NGY1LTg4YzktYjIwOTE3YzliOTZiL3Jlc291cmNlZ3JvdXBzL29uZXNkazQ5MzcvcHJvdmlkZXJzL01pY3Jvc29mdC5SZXNvdXJjZXMvZGVwbG95bWVudHMvb25lc2RrMjUzP2FwaS12ZXJzaW9uPTIwMTYtMDctMDE=",
      "RequestMethod": "GET",
      "RequestBody": "",
      "RequestHeaders": {
        "x-ms-client-request-id": [
          "403cd5b3-99f9-4b2e-af64-1ae75554410d"
        ],
        "accept-language": [
          "en-US"
        ],
        "User-Agent": [
          "Microsoft.Azure.Management.ResourceManager.ResourceManagementClient/1.1.5-preview"
        ]
      },
      "ResponseBody": "{\r\n  \"id\": \"/subscriptions/fb3a3d6b-44c8-44f5-88c9-b20917c9b96b/resourceGroups/onesdk4937/providers/Microsoft.Resources/deployments/onesdk253\",\r\n  \"name\": \"onesdk253\",\r\n  \"properties\": {\r\n    \"parameters\": {\r\n      \"storageAccountName\": {\r\n        \"type\": \"String\",\r\n        \"value\": \"testvivek52f323kdd255555\"\r\n      }\r\n    },\r\n    \"mode\": \"Incremental\",\r\n    \"provisioningState\": \"Succeeded\",\r\n    \"timestamp\": \"2016-08-26T21:37:19.9756393Z\",\r\n    \"duration\": \"PT44.7997093S\",\r\n    \"correlationId\": \"6a2b35e9-b99b-448e-b016-a7f721c5a30c\",\r\n    \"providers\": [\r\n      {\r\n        \"namespace\": \"Microsoft.Resources\",\r\n        \"resourceTypes\": [\r\n          {\r\n            \"resourceType\": \"deployments\",\r\n            \"locations\": [\r\n              null\r\n            ]\r\n          }\r\n        ]\r\n      }\r\n    ],\r\n    \"dependencies\": [],\r\n    \"outputResources\": [\r\n      {\r\n        \"id\": \"Microsoft.Storage/storageAccounts/testvivek52f323kdd255555\"\r\n      }\r\n    ]\r\n  }\r\n}",
      "ResponseHeaders": {
        "Content-Length": [
          "663"
        ],
        "Content-Type": [
          "application/json; charset=utf-8"
        ],
        "Expires": [
          "-1"
        ],
        "Pragma": [
          "no-cache"
        ],
        "x-ms-ratelimit-remaining-subscription-reads": [
          "14982"
        ],
        "x-ms-request-id": [
          "507774a5-564c-4a7f-b966-e0e8fe17ba9b"
        ],
        "x-ms-correlation-request-id": [
          "507774a5-564c-4a7f-b966-e0e8fe17ba9b"
        ],
        "x-ms-routing-request-id": [
          "CENTRALUS:20160826T213728Z:507774a5-564c-4a7f-b966-e0e8fe17ba9b"
        ],
        "Strict-Transport-Security": [
          "max-age=31536000; includeSubDomains"
        ],
        "Cache-Control": [
          "no-cache"
        ],
        "Date": [
          "Fri, 26 Aug 2016 21:37:28 GMT"
        ]
      },
      "StatusCode": 200
    },
    {
      "RequestUri": "/subscriptions/fb3a3d6b-44c8-44f5-88c9-b20917c9b96b/resourcegroups/onesdk4937/providers/Microsoft.Resources/deployments/onesdk253?api-version=2016-07-01",
      "EncodedRequestUri": "L3N1YnNjcmlwdGlvbnMvZmIzYTNkNmItNDRjOC00NGY1LTg4YzktYjIwOTE3YzliOTZiL3Jlc291cmNlZ3JvdXBzL29uZXNkazQ5MzcvcHJvdmlkZXJzL01pY3Jvc29mdC5SZXNvdXJjZXMvZGVwbG95bWVudHMvb25lc2RrMjUzP2FwaS12ZXJzaW9uPTIwMTYtMDctMDE=",
      "RequestMethod": "GET",
      "RequestBody": "",
      "RequestHeaders": {
        "x-ms-client-request-id": [
          "8108b8ed-c65a-45a8-9cde-114cf1bce0c3"
        ],
        "accept-language": [
          "en-US"
        ],
        "User-Agent": [
          "Microsoft.Azure.Management.ResourceManager.ResourceManagementClient/1.1.5-preview"
        ]
      },
      "ResponseBody": "{\r\n  \"id\": \"/subscriptions/fb3a3d6b-44c8-44f5-88c9-b20917c9b96b/resourceGroups/onesdk4937/providers/Microsoft.Resources/deployments/onesdk253\",\r\n  \"name\": \"onesdk253\",\r\n  \"properties\": {\r\n    \"parameters\": {\r\n      \"storageAccountName\": {\r\n        \"type\": \"String\",\r\n        \"value\": \"testvivek52f323kdd255555\"\r\n      }\r\n    },\r\n    \"mode\": \"Incremental\",\r\n    \"provisioningState\": \"Succeeded\",\r\n    \"timestamp\": \"2016-08-26T21:37:19.9756393Z\",\r\n    \"duration\": \"PT44.7997093S\",\r\n    \"correlationId\": \"6a2b35e9-b99b-448e-b016-a7f721c5a30c\",\r\n    \"providers\": [\r\n      {\r\n        \"namespace\": \"Microsoft.Resources\",\r\n        \"resourceTypes\": [\r\n          {\r\n            \"resourceType\": \"deployments\",\r\n            \"locations\": [\r\n              null\r\n            ]\r\n          }\r\n        ]\r\n      }\r\n    ],\r\n    \"dependencies\": [],\r\n    \"outputResources\": [\r\n      {\r\n        \"id\": \"Microsoft.Storage/storageAccounts/testvivek52f323kdd255555\"\r\n      }\r\n    ]\r\n  }\r\n}",
      "ResponseHeaders": {
        "Content-Length": [
          "663"
        ],
        "Content-Type": [
          "application/json; charset=utf-8"
        ],
        "Expires": [
          "-1"
        ],
        "Pragma": [
          "no-cache"
        ],
        "x-ms-ratelimit-remaining-subscription-reads": [
          "14981"
        ],
        "x-ms-request-id": [
          "950e4c55-c420-4317-b602-eebb72cd6f65"
        ],
        "x-ms-correlation-request-id": [
          "950e4c55-c420-4317-b602-eebb72cd6f65"
        ],
        "x-ms-routing-request-id": [
          "CENTRALUS:20160826T213728Z:950e4c55-c420-4317-b602-eebb72cd6f65"
        ],
        "Strict-Transport-Security": [
          "max-age=31536000; includeSubDomains"
        ],
        "Cache-Control": [
          "no-cache"
        ],
        "Date": [
          "Fri, 26 Aug 2016 21:37:28 GMT"
        ]
      },
      "StatusCode": 200
    },
    {
      "RequestUri": "/subscriptions/fb3a3d6b-44c8-44f5-88c9-b20917c9b96b/resourcegroups/onesdk4937?api-version=2016-07-01",
      "EncodedRequestUri": "L3N1YnNjcmlwdGlvbnMvZmIzYTNkNmItNDRjOC00NGY1LTg4YzktYjIwOTE3YzliOTZiL3Jlc291cmNlZ3JvdXBzL29uZXNkazQ5Mzc/YXBpLXZlcnNpb249MjAxNi0wNy0wMQ==",
      "RequestMethod": "DELETE",
      "RequestBody": "",
      "RequestHeaders": {
        "x-ms-client-request-id": [
          "5584b682-8d12-4e0c-ad3a-59feb03fd902"
        ],
        "accept-language": [
          "en-US"
        ],
        "User-Agent": [
          "Microsoft.Azure.Management.ResourceManager.ResourceManagementClient/1.1.5-preview"
        ]
      },
      "ResponseBody": "",
      "ResponseHeaders": {
        "Content-Length": [
          "0"
        ],
        "Expires": [
          "-1"
        ],
        "Pragma": [
          "no-cache"
        ],
        "Retry-After": [
          "15"
        ],
        "x-ms-ratelimit-remaining-subscription-writes": [
          "1195"
        ],
        "x-ms-request-id": [
          "fa067f58-2595-439b-9ff3-3e1127f52fd3"
        ],
        "x-ms-correlation-request-id": [
          "fa067f58-2595-439b-9ff3-3e1127f52fd3"
        ],
        "x-ms-routing-request-id": [
          "CENTRALUS:20160826T213729Z:fa067f58-2595-439b-9ff3-3e1127f52fd3"
        ],
        "Strict-Transport-Security": [
          "max-age=31536000; includeSubDomains"
        ],
        "Cache-Control": [
          "no-cache"
        ],
        "Date": [
          "Fri, 26 Aug 2016 21:37:29 GMT"
        ],
        "Location": [
          "https://management.azure.com/subscriptions/fb3a3d6b-44c8-44f5-88c9-b20917c9b96b/operationresults/eyJqb2JJZCI6IlJFU09VUkNFR1JPVVBERUxFVElPTkpPQi1PTkVTREs0OTM3LUVBU1RVUyIsImpvYkxvY2F0aW9uIjoiZWFzdHVzIn0?api-version=2016-07-01"
        ]
      },
      "StatusCode": 202
    },
    {
      "RequestUri": "/subscriptions/fb3a3d6b-44c8-44f5-88c9-b20917c9b96b/operationresults/eyJqb2JJZCI6IlJFU09VUkNFR1JPVVBERUxFVElPTkpPQi1PTkVTREs0OTM3LUVBU1RVUyIsImpvYkxvY2F0aW9uIjoiZWFzdHVzIn0?api-version=2016-07-01",
      "EncodedRequestUri": "L3N1YnNjcmlwdGlvbnMvZmIzYTNkNmItNDRjOC00NGY1LTg4YzktYjIwOTE3YzliOTZiL29wZXJhdGlvbnJlc3VsdHMvZXlKcWIySkpaQ0k2SWxKRlUwOVZVa05GUjFKUFZWQkVSVXhGVkVsUFRrcFBRaTFQVGtWVFJFczBPVE0zTFVWQlUxUlZVeUlzSW1wdllreHZZMkYwYVc5dUlqb2laV0Z6ZEhWekluMD9hcGktdmVyc2lvbj0yMDE2LTA3LTAx",
      "RequestMethod": "GET",
      "RequestBody": "",
      "RequestHeaders": {
        "User-Agent": [
          "Microsoft.Azure.Management.ResourceManager.ResourceManagementClient/1.1.5-preview"
        ]
      },
      "ResponseBody": "",
      "ResponseHeaders": {
        "Content-Length": [
          "0"
        ],
        "Expires": [
          "-1"
        ],
        "Pragma": [
          "no-cache"
        ],
        "Retry-After": [
          "15"
        ],
        "x-ms-ratelimit-remaining-subscription-reads": [
          "14979"
        ],
        "x-ms-request-id": [
          "96dfca36-e515-481d-a2f2-20a6bb513a29"
        ],
        "x-ms-correlation-request-id": [
          "96dfca36-e515-481d-a2f2-20a6bb513a29"
        ],
        "x-ms-routing-request-id": [
          "CENTRALUS:20160826T213759Z:96dfca36-e515-481d-a2f2-20a6bb513a29"
        ],
        "Strict-Transport-Security": [
          "max-age=31536000; includeSubDomains"
        ],
        "Cache-Control": [
          "no-cache"
        ],
        "Date": [
          "Fri, 26 Aug 2016 21:37:59 GMT"
        ],
        "Location": [
          "https://management.azure.com/subscriptions/fb3a3d6b-44c8-44f5-88c9-b20917c9b96b/operationresults/eyJqb2JJZCI6IlJFU09VUkNFR1JPVVBERUxFVElPTkpPQi1PTkVTREs0OTM3LUVBU1RVUyIsImpvYkxvY2F0aW9uIjoiZWFzdHVzIn0?api-version=2016-07-01"
        ]
      },
      "StatusCode": 202
    },
    {
      "RequestUri": "/subscriptions/fb3a3d6b-44c8-44f5-88c9-b20917c9b96b/operationresults/eyJqb2JJZCI6IlJFU09VUkNFR1JPVVBERUxFVElPTkpPQi1PTkVTREs0OTM3LUVBU1RVUyIsImpvYkxvY2F0aW9uIjoiZWFzdHVzIn0?api-version=2016-07-01",
      "EncodedRequestUri": "L3N1YnNjcmlwdGlvbnMvZmIzYTNkNmItNDRjOC00NGY1LTg4YzktYjIwOTE3YzliOTZiL29wZXJhdGlvbnJlc3VsdHMvZXlKcWIySkpaQ0k2SWxKRlUwOVZVa05GUjFKUFZWQkVSVXhGVkVsUFRrcFBRaTFQVGtWVFJFczBPVE0zTFVWQlUxUlZVeUlzSW1wdllreHZZMkYwYVc5dUlqb2laV0Z6ZEhWekluMD9hcGktdmVyc2lvbj0yMDE2LTA3LTAx",
      "RequestMethod": "GET",
      "RequestBody": "",
      "RequestHeaders": {
        "User-Agent": [
          "Microsoft.Azure.Management.ResourceManager.ResourceManagementClient/1.1.5-preview"
        ]
      },
      "ResponseBody": "",
      "ResponseHeaders": {
        "Content-Length": [
          "0"
        ],
        "Expires": [
          "-1"
        ],
        "Pragma": [
          "no-cache"
        ],
        "Retry-After": [
          "15"
        ],
        "x-ms-ratelimit-remaining-subscription-reads": [
          "14978"
        ],
        "x-ms-request-id": [
          "c000ac3a-c52a-4f1a-bba9-794d0cf54206"
        ],
        "x-ms-correlation-request-id": [
          "c000ac3a-c52a-4f1a-bba9-794d0cf54206"
        ],
        "x-ms-routing-request-id": [
          "CENTRALUS:20160826T213829Z:c000ac3a-c52a-4f1a-bba9-794d0cf54206"
        ],
        "Strict-Transport-Security": [
          "max-age=31536000; includeSubDomains"
        ],
        "Cache-Control": [
          "no-cache"
        ],
        "Date": [
          "Fri, 26 Aug 2016 21:38:29 GMT"
        ],
        "Location": [
          "https://management.azure.com/subscriptions/fb3a3d6b-44c8-44f5-88c9-b20917c9b96b/operationresults/eyJqb2JJZCI6IlJFU09VUkNFR1JPVVBERUxFVElPTkpPQi1PTkVTREs0OTM3LUVBU1RVUyIsImpvYkxvY2F0aW9uIjoiZWFzdHVzIn0?api-version=2016-07-01"
        ]
      },
      "StatusCode": 202
    },
    {
      "RequestUri": "/subscriptions/fb3a3d6b-44c8-44f5-88c9-b20917c9b96b/operationresults/eyJqb2JJZCI6IlJFU09VUkNFR1JPVVBERUxFVElPTkpPQi1PTkVTREs0OTM3LUVBU1RVUyIsImpvYkxvY2F0aW9uIjoiZWFzdHVzIn0?api-version=2016-07-01",
      "EncodedRequestUri": "L3N1YnNjcmlwdGlvbnMvZmIzYTNkNmItNDRjOC00NGY1LTg4YzktYjIwOTE3YzliOTZiL29wZXJhdGlvbnJlc3VsdHMvZXlKcWIySkpaQ0k2SWxKRlUwOVZVa05GUjFKUFZWQkVSVXhGVkVsUFRrcFBRaTFQVGtWVFJFczBPVE0zTFVWQlUxUlZVeUlzSW1wdllreHZZMkYwYVc5dUlqb2laV0Z6ZEhWekluMD9hcGktdmVyc2lvbj0yMDE2LTA3LTAx",
      "RequestMethod": "GET",
      "RequestBody": "",
      "RequestHeaders": {
        "User-Agent": [
          "Microsoft.Azure.Management.ResourceManager.ResourceManagementClient/1.1.5-preview"
        ]
      },
      "ResponseBody": "",
      "ResponseHeaders": {
        "Content-Length": [
          "0"
        ],
        "Expires": [
          "-1"
        ],
        "Pragma": [
          "no-cache"
        ],
        "Retry-After": [
          "15"
        ],
        "x-ms-ratelimit-remaining-subscription-reads": [
          "14977"
        ],
        "x-ms-request-id": [
          "3ec57b46-3426-4604-9495-7d7e5c47fa70"
        ],
        "x-ms-correlation-request-id": [
          "3ec57b46-3426-4604-9495-7d7e5c47fa70"
        ],
        "x-ms-routing-request-id": [
          "CENTRALUS:20160826T213900Z:3ec57b46-3426-4604-9495-7d7e5c47fa70"
        ],
        "Strict-Transport-Security": [
          "max-age=31536000; includeSubDomains"
        ],
        "Cache-Control": [
          "no-cache"
        ],
        "Date": [
          "Fri, 26 Aug 2016 21:38:59 GMT"
        ],
        "Location": [
          "https://management.azure.com/subscriptions/fb3a3d6b-44c8-44f5-88c9-b20917c9b96b/operationresults/eyJqb2JJZCI6IlJFU09VUkNFR1JPVVBERUxFVElPTkpPQi1PTkVTREs0OTM3LUVBU1RVUyIsImpvYkxvY2F0aW9uIjoiZWFzdHVzIn0?api-version=2016-07-01"
        ]
      },
      "StatusCode": 202
    },
    {
      "RequestUri": "/subscriptions/fb3a3d6b-44c8-44f5-88c9-b20917c9b96b/operationresults/eyJqb2JJZCI6IlJFU09VUkNFR1JPVVBERUxFVElPTkpPQi1PTkVTREs0OTM3LUVBU1RVUyIsImpvYkxvY2F0aW9uIjoiZWFzdHVzIn0?api-version=2016-07-01",
      "EncodedRequestUri": "L3N1YnNjcmlwdGlvbnMvZmIzYTNkNmItNDRjOC00NGY1LTg4YzktYjIwOTE3YzliOTZiL29wZXJhdGlvbnJlc3VsdHMvZXlKcWIySkpaQ0k2SWxKRlUwOVZVa05GUjFKUFZWQkVSVXhGVkVsUFRrcFBRaTFQVGtWVFJFczBPVE0zTFVWQlUxUlZVeUlzSW1wdllreHZZMkYwYVc5dUlqb2laV0Z6ZEhWekluMD9hcGktdmVyc2lvbj0yMDE2LTA3LTAx",
      "RequestMethod": "GET",
      "RequestBody": "",
      "RequestHeaders": {
        "User-Agent": [
          "Microsoft.Azure.Management.ResourceManager.ResourceManagementClient/1.1.5-preview"
        ]
      },
      "ResponseBody": "",
      "ResponseHeaders": {
        "Content-Length": [
          "0"
        ],
        "Expires": [
          "-1"
        ],
        "Pragma": [
          "no-cache"
        ],
        "x-ms-ratelimit-remaining-subscription-reads": [
          "14976"
        ],
        "x-ms-request-id": [
          "4027aaa3-646f-4eae-a8b2-1011e8039737"
        ],
        "x-ms-correlation-request-id": [
          "4027aaa3-646f-4eae-a8b2-1011e8039737"
        ],
        "x-ms-routing-request-id": [
          "CENTRALUS:20160826T213930Z:4027aaa3-646f-4eae-a8b2-1011e8039737"
        ],
        "Strict-Transport-Security": [
          "max-age=31536000; includeSubDomains"
        ],
        "Cache-Control": [
          "no-cache"
        ],
        "Date": [
          "Fri, 26 Aug 2016 21:39:30 GMT"
        ]
      },
      "StatusCode": 200
    }
  ],
  "Names": {
    "Test-NestedDeploymentFromTemplateFile": [
      "onesdk4937",
      "onesdk253"
    ]
  },
  "Variables": {
    "SubscriptionId": "fb3a3d6b-44c8-44f5-88c9-b20917c9b96b",
    "TenantId": "72f988bf-86f1-41af-91ab-2d7cd011db47",
    "Domain": "microsoft.com"
  }
}