{
  "Remove-AzConnectedMachineExtension+[NoContext]+Create, Set, Get and Delete an extension+$PUT+https://management.azure.com/subscriptions/e6fe6705-4c9c-4b54-81d2-e455780e20b8/resourceGroups/test-az-powershell-rg-oexvhm/providers/Microsoft.HybridCompute/machines/utsg1i/extensions/customScript?api-version=2021-05-20+1": {
    "Request": {
      "Method": "PUT",
      "RequestUri": "https://management.azure.com/subscriptions/e6fe6705-4c9c-4b54-81d2-e455780e20b8/resourceGroups/test-az-powershell-rg-oexvhm/providers/Microsoft.HybridCompute/machines/utsg1i/extensions/customScript?api-version=2021-05-20",
      "Content": "{\r\n  \"location\": \"eastus2euap\",\r\n  \"properties\": {\r\n    \"publisher\": \"Microsoft.Compute\",\r\n    \"type\": \"CustomScriptExtension\",\r\n    \"typeHandlerVersion\": \"1.10.10\",\r\n    \"settings\": {\r\n      \"CommandToExecute\": \"dir\"\r\n    }\r\n  }\r\n}",
      "isContentBase64": false,
      "Headers": {
      },
      "ContentHeaders": {
        "Content-Type": [ "application/json" ],
        "Content-Length": [ "232" ]
      }
    },
    "Response": {
      "StatusCode": 202,
      "Headers": {
        "Cache-Control": [ "no-cache" ],
        "Pragma": [ "no-cache" ],
        "Location": [ "https://management.azure.com/subscriptions/e6fe6705-4c9c-4b54-81d2-e455780e20b8/providers/Microsoft.HybridCompute/locations/eastus2euap/operationresults/a5929dc5-e510-4e72-8533-c8eb888bb759?api-version=2021-05-20" ],
        "Retry-After": [ "300" ],
        "Strict-Transport-Security": [ "max-age=31536000; includeSubDomains" ],
        "x-ms-request-id": [ "4fefeab2-5718-4d48-acf0-e45289f40dc2" ],
        "Azure-AsyncOperation": [ "https://management.azure.com/subscriptions/e6fe6705-4c9c-4b54-81d2-e455780e20b8/providers/Microsoft.HybridCompute/locations/eastus2euap/operationstatus/a5929dc5-e510-4e72-8533-c8eb888bb759?api-version=2021-05-20" ],
        "Server": [ "Kestrel" ],
        "x-ms-ratelimit-remaining-subscription-resource-requests": [ "319" ],
        "x-ms-correlation-request-id": [ "b6074c5c-79f2-4318-95ae-a83df5797527" ],
        "x-ms-routing-request-id": [ "WESTUS2:20211101T231208Z:b6074c5c-79f2-4318-95ae-a83df5797527" ],
        "X-Content-Type-Options": [ "nosniff" ],
        "Date": [ "Mon, 01 Nov 2021 23:12:08 GMT" ]
      },
      "ContentHeaders": {
        "Content-Type": [ "application/json" ],
        "Expires": [ "-1" ],
        "Content-Length": [ "0" ]
      },
      "Content": null,
      "isContentBase64": false
    }
  },
  "Remove-AzConnectedMachineExtension+[NoContext]+Create, Set, Get and Delete an extension+$GET+https://management.azure.com/subscriptions/e6fe6705-4c9c-4b54-81d2-e455780e20b8/providers/Microsoft.HybridCompute/locations/eastus2euap/operationstatus/a5929dc5-e510-4e72-8533-c8eb888bb759?api-version=2021-05-20+2": {
    "Request": {
      "Method": "GET",
      "RequestUri": "https://management.azure.com/subscriptions/e6fe6705-4c9c-4b54-81d2-e455780e20b8/providers/Microsoft.HybridCompute/locations/eastus2euap/operationstatus/a5929dc5-e510-4e72-8533-c8eb888bb759?api-version=2021-05-20",
      "Content": null,
      "isContentBase64": false,
      "Headers": {
        "Authorization": [ "[Filtered]" ],
        "x-ms-unique-id": [ "63" ],
        "x-ms-client-request-id": [ "0560f554-c0cb-4c82-8af1-51c3a52d368b" ],
        "CommandName": [ "New-AzConnectedMachineExtension" ],
        "FullCommandName": [ "New-AzConnectedMachineExtension_CreateExpanded" ],
        "ParameterSetName": [ "__AllParameterSets" ],
        "User-Agent": [ "AzurePowershell/Az4.0.0-preview" ]
      },
      "ContentHeaders": {
      }
    },
    "Response": {
      "StatusCode": 200,
      "Headers": {
        "Cache-Control": [ "no-cache" ],
        "Pragma": [ "no-cache" ],
        "Location": [ "https://management.azure.com/subscriptions/e6fe6705-4c9c-4b54-81d2-e455780e20b8/providers/Microsoft.HybridCompute/locations/eastus2euap/operationresults/a5929dc5-e510-4e72-8533-c8eb888bb759?api-version=2021-05-20" ],
        "Retry-After": [ "120" ],
        "x-ms-ratelimit-remaining-subscription-reads": [ "11999" ],
        "Strict-Transport-Security": [ "max-age=31536000; includeSubDomains" ],
        "x-ms-request-id": [ "2bebaf9c-ccc4-4bd6-b00f-c7490ef9a497" ],
        "Azure-AsyncOperation": [ "https://management.azure.com/subscriptions/e6fe6705-4c9c-4b54-81d2-e455780e20b8/providers/Microsoft.HybridCompute/locations/eastus2euap/operationstatus/a5929dc5-e510-4e72-8533-c8eb888bb759?api-version=2021-05-20" ],
        "Server": [ "Kestrel" ],
        "x-ms-correlation-request-id": [ "87c15c45-babc-4bd7-8290-09b6570ded46" ],
        "x-ms-routing-request-id": [ "WESTUS2:20211101T231709Z:87c15c45-babc-4bd7-8290-09b6570ded46" ],
        "X-Content-Type-Options": [ "nosniff" ],
        "Date": [ "Mon, 01 Nov 2021 23:17:08 GMT" ]
      },
      "ContentHeaders": {
        "Content-Length": [ "111" ],
        "Content-Type": [ "application/json; charset=utf-8" ],
        "Expires": [ "-1" ]
      },
      "Content": "{\"name\":\"a5929dc5-e510-4e72-8533-c8eb888bb759\",\"status\":\"InProgress\",\"startTime\":\"2021-11-01T23:12:08.650614Z\"}",
      "isContentBase64": false
    }
  },
  "Remove-AzConnectedMachineExtension+[NoContext]+Create, Set, Get and Delete an extension+$GET+https://management.azure.com/subscriptions/e6fe6705-4c9c-4b54-81d2-e455780e20b8/providers/Microsoft.HybridCompute/locations/eastus2euap/operationstatus/a5929dc5-e510-4e72-8533-c8eb888bb759?api-version=2021-05-20+3": {
    "Request": {
      "Method": "GET",
      "RequestUri": "https://management.azure.com/subscriptions/e6fe6705-4c9c-4b54-81d2-e455780e20b8/providers/Microsoft.HybridCompute/locations/eastus2euap/operationstatus/a5929dc5-e510-4e72-8533-c8eb888bb759?api-version=2021-05-20",
      "Content": null,
      "isContentBase64": false,
      "Headers": {
        "Authorization": [ "[Filtered]" ],
        "x-ms-unique-id": [ "64" ],
        "x-ms-client-request-id": [ "0560f554-c0cb-4c82-8af1-51c3a52d368b" ],
        "CommandName": [ "New-AzConnectedMachineExtension" ],
        "FullCommandName": [ "New-AzConnectedMachineExtension_CreateExpanded" ],
        "ParameterSetName": [ "__AllParameterSets" ],
        "User-Agent": [ "AzurePowershell/Az4.0.0-preview" ]
      },
      "ContentHeaders": {
      }
    },
    "Response": {
      "StatusCode": 200,
      "Headers": {
        "Cache-Control": [ "no-cache" ],
        "Pragma": [ "no-cache" ],
        "x-ms-ratelimit-remaining-subscription-reads": [ "11999" ],
        "Strict-Transport-Security": [ "max-age=31536000; includeSubDomains" ],
        "x-ms-request-id": [ "fca0ae54-287c-4aad-9b77-1b3bce4c420e" ],
        "Server": [ "Kestrel" ],
        "x-ms-correlation-request-id": [ "47e6ffd0-df0f-4d55-b9b1-499cde13d72c" ],
        "x-ms-routing-request-id": [ "WESTUS2:20211101T231949Z:47e6ffd0-df0f-4d55-b9b1-499cde13d72c" ],
        "X-Content-Type-Options": [ "nosniff" ],
        "Date": [ "Mon, 01 Nov 2021 23:19:49 GMT" ]
      },
      "ContentHeaders": {
        "Content-Length": [ "1237" ],
        "Content-Type": [ "application/json; charset=utf-8" ],
        "Expires": [ "-1" ]
      },
      "Content": "{\"name\":\"a5929dc5-e510-4e72-8533-c8eb888bb759\",\"status\":\"Succeeded\",\"startTime\":\"2021-11-01T23:12:08.650614Z\",\"properties\":{\"id\":\"/subscriptions/e6fe6705-4c9c-4b54-81d2-e455780e20b8/resourceGroups/test-az-powershell-rg-oexvhm/providers/Microsoft.HybridCompute/machines/utsg1i/extensions/customScript\",\"name\":\"customScript\",\"location\":\"eastus2euap\",\"type\":\"Microsoft.HybridCompute/machines/extensions\",\"properties\":{\"publisher\":\"Microsoft.Compute\",\"type\":\"CustomScriptExtension\",\"typeHandlerVersion\":\"1.10.10\",\"autoUpgradeMinorVersion\":false,\"enableAutomaticUpgrade\":false,\"settings\":{\"CommandToExecute\":\"dir\"},\"provisioningState\":\"Succeeded\",\"instanceView\":{\"name\":\"customScript\",\"type\":\"CustomScriptExtension\",\"typeHandlerVersion\":\"1.10.10\",\"status\":{\"code\":\"success\",\"level\":\"Information\",\"message\":\"Extension Message: Command execution finished, StdOut:  Volume in drive C is OSDisk\\r\\n Volume Serial Number is F46A-FB88\\r\\n\\r\\n Directory of C:\\\\Packages\\\\Plugins\\\\Microsoft.Compute.CustomScriptExtension\\\\1.10.10\\\\Downloads\\\\0\\r\\n\\r\\n11/01/2021  04:16 PM    \u003cDIR\u003e          .\\r\\n11/01/2021  04:16 PM    \u003cDIR\u003e          ..\\r\\n               0 File(s)              0 bytes\\r\\n               2 Dir(s)  480,403,763,200 bytes free\\r\\n\"}}}}}",
      "isContentBase64": false
    }
  },
  "Remove-AzConnectedMachineExtension+[NoContext]+Create, Set, Get and Delete an extension+$GET+https://management.azure.com/subscriptions/e6fe6705-4c9c-4b54-81d2-e455780e20b8/resourceGroups/test-az-powershell-rg-oexvhm/providers/Microsoft.HybridCompute/machines/utsg1i/extensions/customScript?api-version=2021-05-20+4": {
    "Request": {
      "Method": "GET",
      "RequestUri": "https://management.azure.com/subscriptions/e6fe6705-4c9c-4b54-81d2-e455780e20b8/resourceGroups/test-az-powershell-rg-oexvhm/providers/Microsoft.HybridCompute/machines/utsg1i/extensions/customScript?api-version=2021-05-20",
      "Content": null,
      "isContentBase64": false,
      "Headers": {
        "Authorization": [ "[Filtered]" ],
        "x-ms-unique-id": [ "65" ],
        "x-ms-client-request-id": [ "0560f554-c0cb-4c82-8af1-51c3a52d368b" ],
        "CommandName": [ "New-AzConnectedMachineExtension" ],
        "FullCommandName": [ "New-AzConnectedMachineExtension_CreateExpanded" ],
        "ParameterSetName": [ "__AllParameterSets" ],
        "User-Agent": [ "AzurePowershell/Az4.0.0-preview" ]
      },
      "ContentHeaders": {
      }
    },
    "Response": {
      "StatusCode": 200,
      "Headers": {
        "Cache-Control": [ "no-cache" ],
        "Pragma": [ "no-cache" ],
        "x-ms-ratelimit-remaining-subscription-reads": [ "11998" ],
        "Strict-Transport-Security": [ "max-age=31536000; includeSubDomains" ],
        "x-ms-request-id": [ "806c0b0e-498f-48e2-8cf5-4caebca174a7" ],
        "Server": [ "Kestrel" ],
        "x-ms-correlation-request-id": [ "521014f5-55a0-4dd5-a2a5-cde80ce62aa0" ],
        "x-ms-routing-request-id": [ "WESTUS2:20211101T231950Z:521014f5-55a0-4dd5-a2a5-cde80ce62aa0" ],
        "X-Content-Type-Options": [ "nosniff" ],
        "Date": [ "Mon, 01 Nov 2021 23:19:49 GMT" ]
      },
      "ContentHeaders": {
        "Content-Length": [ "1113" ],
        "Content-Type": [ "application/json; charset=utf-8" ],
        "Expires": [ "-1" ]
      },
      "Content": "{\"id\":\"/subscriptions/e6fe6705-4c9c-4b54-81d2-e455780e20b8/resourceGroups/test-az-powershell-rg-oexvhm/providers/Microsoft.HybridCompute/machines/utsg1i/extensions/customScript\",\"name\":\"customScript\",\"type\":\"Microsoft.HybridCompute/machines/extensions\",\"location\":\"eastus2euap\",\"properties\":{\"publisher\":\"Microsoft.Compute\",\"type\":\"CustomScriptExtension\",\"typeHandlerVersion\":\"1.10.10\",\"autoUpgradeMinorVersion\":false,\"enableAutomaticUpgrade\":false,\"settings\":{\"CommandToExecute\":\"dir\"},\"provisioningState\":\"Succeeded\",\"instanceView\":{\"name\":\"customScript\",\"type\":\"CustomScriptExtension\",\"typeHandlerVersion\":\"1.10.10\",\"status\":{\"code\":\"success\",\"level\":\"Information\",\"message\":\"Extension Message: Command execution finished, StdOut:  Volume in drive C is OSDisk\\r\\n Volume Serial Number is F46A-FB88\\r\\n\\r\\n Directory of C:\\\\Packages\\\\Plugins\\\\Microsoft.Compute.CustomScriptExtension\\\\1.10.10\\\\Downloads\\\\0\\r\\n\\r\\n11/01/2021  04:16 PM    \u003cDIR\u003e          .\\r\\n11/01/2021  04:16 PM    \u003cDIR\u003e          ..\\r\\n               0 File(s)              0 bytes\\r\\n               2 Dir(s)  480,403,763,200 bytes free\\r\\n\"}}}}",
      "isContentBase64": false
    }
  },
  "Remove-AzConnectedMachineExtension+[NoContext]+Create, Set, Get and Delete an extension+$PUT+https://management.azure.com/subscriptions/e6fe6705-4c9c-4b54-81d2-e455780e20b8/resourceGroups/test-az-powershell-rg-oexvhm/providers/Microsoft.HybridCompute/machines/utsg1i/extensions/dependency?api-version=2021-05-20+5": {
    "Request": {
      "Method": "PUT",
      "RequestUri": "https://management.azure.com/subscriptions/e6fe6705-4c9c-4b54-81d2-e455780e20b8/resourceGroups/test-az-powershell-rg-oexvhm/providers/Microsoft.HybridCompute/machines/utsg1i/extensions/dependency?api-version=2021-05-20",
      "Content": "{\r\n  \"location\": \"eastus2euap\",\r\n  \"properties\": {\r\n    \"publisher\": \"Microsoft.Azure.Monitoring.DependencyAgent\",\r\n    \"type\": \"DependencyAgentWindows\"\r\n  }\r\n}",
      "isContentBase64": false,
      "Headers": {
      },
      "ContentHeaders": {
        "Content-Type": [ "application/json" ],
        "Content-Length": [ "160" ]
      }
    },
    "Response": {
      "StatusCode": 202,
      "Headers": {
        "Cache-Control": [ "no-cache" ],
        "Pragma": [ "no-cache" ],
        "Location": [ "https://management.azure.com/subscriptions/e6fe6705-4c9c-4b54-81d2-e455780e20b8/providers/Microsoft.HybridCompute/locations/eastus2euap/operationresults/3c88276a-eb3b-4ff4-b4c6-ccda7e87a85a?api-version=2021-05-20" ],
        "Retry-After": [ "300" ],
        "Strict-Transport-Security": [ "max-age=31536000; includeSubDomains" ],
        "x-ms-request-id": [ "3984f5ee-1b5d-4823-bbde-00fff421971e" ],
        "Azure-AsyncOperation": [ "https://management.azure.com/subscriptions/e6fe6705-4c9c-4b54-81d2-e455780e20b8/providers/Microsoft.HybridCompute/locations/eastus2euap/operationstatus/3c88276a-eb3b-4ff4-b4c6-ccda7e87a85a?api-version=2021-05-20" ],
        "Server": [ "Kestrel" ],
        "x-ms-ratelimit-remaining-subscription-resource-requests": [ "319" ],
        "x-ms-correlation-request-id": [ "dbb9727a-f8a9-4013-9f79-01f56a168ac5" ],
        "x-ms-routing-request-id": [ "WESTUS2:20211101T231955Z:dbb9727a-f8a9-4013-9f79-01f56a168ac5" ],
        "X-Content-Type-Options": [ "nosniff" ],
        "Date": [ "Mon, 01 Nov 2021 23:19:55 GMT" ]
      },
      "ContentHeaders": {
        "Content-Type": [ "application/json" ],
        "Expires": [ "-1" ],
        "Content-Length": [ "0" ]
      },
      "Content": null,
      "isContentBase64": false
    }
  },
  "Remove-AzConnectedMachineExtension+[NoContext]+Create, Set, Get and Delete an extension+$GET+https://management.azure.com/subscriptions/e6fe6705-4c9c-4b54-81d2-e455780e20b8/providers/Microsoft.HybridCompute/locations/eastus2euap/operationstatus/3c88276a-eb3b-4ff4-b4c6-ccda7e87a85a?api-version=2021-05-20+6": {
    "Request": {
      "Method": "GET",
      "RequestUri": "https://management.azure.com/subscriptions/e6fe6705-4c9c-4b54-81d2-e455780e20b8/providers/Microsoft.HybridCompute/locations/eastus2euap/operationstatus/3c88276a-eb3b-4ff4-b4c6-ccda7e87a85a?api-version=2021-05-20",
      "Content": null,
      "isContentBase64": false,
      "Headers": {
        "Authorization": [ "[Filtered]" ],
        "x-ms-unique-id": [ "67" ],
        "x-ms-client-request-id": [ "f4f0a0d9-34b4-4fa8-a39c-f367e1ad05c8" ],
        "CommandName": [ "New-AzConnectedMachineExtension" ],
        "FullCommandName": [ "New-AzConnectedMachineExtension_CreateExpanded" ],
        "ParameterSetName": [ "__AllParameterSets" ],
        "User-Agent": [ "AzurePowershell/Az4.0.0-preview" ]
      },
      "ContentHeaders": {
      }
    },
    "Response": {
      "StatusCode": 200,
      "Headers": {
        "Cache-Control": [ "no-cache" ],
        "Pragma": [ "no-cache" ],
        "x-ms-ratelimit-remaining-subscription-reads": [ "11999" ],
        "Strict-Transport-Security": [ "max-age=31536000; includeSubDomains" ],
        "x-ms-request-id": [ "b585fb61-abcd-4274-ab2d-9cc45ab4046e" ],
        "Server": [ "Kestrel" ],
        "x-ms-correlation-request-id": [ "6c1e0e18-cb3b-4c3d-8242-2347a3be8e11" ],
        "x-ms-routing-request-id": [ "WESTUS2:20211101T232456Z:6c1e0e18-cb3b-4c3d-8242-2347a3be8e11" ],
        "X-Content-Type-Options": [ "nosniff" ],
        "Date": [ "Mon, 01 Nov 2021 23:24:56 GMT" ]
      },
      "ContentHeaders": {
        "Content-Length": [ "830" ],
        "Content-Type": [ "application/json; charset=utf-8" ],
        "Expires": [ "-1" ]
      },
      "Content": "{\"name\":\"3c88276a-eb3b-4ff4-b4c6-ccda7e87a85a\",\"status\":\"Succeeded\",\"startTime\":\"2021-11-01T23:19:55.6403563Z\",\"properties\":{\"id\":\"/subscriptions/e6fe6705-4c9c-4b54-81d2-e455780e20b8/resourceGroups/test-az-powershell-rg-oexvhm/providers/Microsoft.HybridCompute/machines/utsg1i/extensions/dependency\",\"name\":\"dependency\",\"location\":\"eastus2euap\",\"type\":\"Microsoft.HybridCompute/machines/extensions\",\"properties\":{\"publisher\":\"Microsoft.Azure.Monitoring.DependencyAgent\",\"type\":\"DependencyAgentWindows\",\"typeHandlerVersion\":\"9.10.11.17500\",\"autoUpgradeMinorVersion\":false,\"enableAutomaticUpgrade\":false,\"provisioningState\":\"Succeeded\",\"instanceView\":{\"name\":\"dependency\",\"type\":\"DependencyAgentWindows\",\"typeHandlerVersion\":\"9.10.11.17500\",\"status\":{\"code\":\"success\",\"level\":\"Information\",\"message\":\"Extension Message: success\"}}}}}",
      "isContentBase64": false
    }
  },
  "Remove-AzConnectedMachineExtension+[NoContext]+Create, Set, Get and Delete an extension+$GET+https://management.azure.com/subscriptions/e6fe6705-4c9c-4b54-81d2-e455780e20b8/resourceGroups/test-az-powershell-rg-oexvhm/providers/Microsoft.HybridCompute/machines/utsg1i/extensions/dependency?api-version=2021-05-20+7": {
    "Request": {
      "Method": "GET",
      "RequestUri": "https://management.azure.com/subscriptions/e6fe6705-4c9c-4b54-81d2-e455780e20b8/resourceGroups/test-az-powershell-rg-oexvhm/providers/Microsoft.HybridCompute/machines/utsg1i/extensions/dependency?api-version=2021-05-20",
      "Content": null,
      "isContentBase64": false,
      "Headers": {
        "Authorization": [ "[Filtered]" ],
        "x-ms-unique-id": [ "68" ],
        "x-ms-client-request-id": [ "f4f0a0d9-34b4-4fa8-a39c-f367e1ad05c8" ],
        "CommandName": [ "New-AzConnectedMachineExtension" ],
        "FullCommandName": [ "New-AzConnectedMachineExtension_CreateExpanded" ],
        "ParameterSetName": [ "__AllParameterSets" ],
        "User-Agent": [ "AzurePowershell/Az4.0.0-preview" ]
      },
      "ContentHeaders": {
      }
    },
    "Response": {
      "StatusCode": 200,
      "Headers": {
        "Cache-Control": [ "no-cache" ],
        "Pragma": [ "no-cache" ],
        "x-ms-ratelimit-remaining-subscription-reads": [ "11998" ],
        "Strict-Transport-Security": [ "max-age=31536000; includeSubDomains" ],
        "x-ms-request-id": [ "7fe0547f-97cc-46ac-a9d7-7afb92b9644d" ],
        "Server": [ "Kestrel" ],
        "x-ms-correlation-request-id": [ "097464fe-74be-4744-bb6f-20dedeacfda3" ],
        "x-ms-routing-request-id": [ "WESTUS2:20211101T232457Z:097464fe-74be-4744-bb6f-20dedeacfda3" ],
        "X-Content-Type-Options": [ "nosniff" ],
        "Date": [ "Mon, 01 Nov 2021 23:24:56 GMT" ]
      },
      "ContentHeaders": {
        "Content-Length": [ "705" ],
        "Content-Type": [ "application/json; charset=utf-8" ],
        "Expires": [ "-1" ]
      },
      "Content": "{\"id\":\"/subscriptions/e6fe6705-4c9c-4b54-81d2-e455780e20b8/resourceGroups/test-az-powershell-rg-oexvhm/providers/Microsoft.HybridCompute/machines/utsg1i/extensions/dependency\",\"name\":\"dependency\",\"type\":\"Microsoft.HybridCompute/machines/extensions\",\"location\":\"eastus2euap\",\"properties\":{\"publisher\":\"Microsoft.Azure.Monitoring.DependencyAgent\",\"type\":\"DependencyAgentWindows\",\"typeHandlerVersion\":\"9.10.11.17500\",\"autoUpgradeMinorVersion\":false,\"enableAutomaticUpgrade\":false,\"provisioningState\":\"Succeeded\",\"instanceView\":{\"name\":\"dependency\",\"type\":\"DependencyAgentWindows\",\"typeHandlerVersion\":\"9.10.11.17500\",\"status\":{\"code\":\"success\",\"level\":\"Information\",\"message\":\"Extension Message: success\"}}}}",
      "isContentBase64": false
    }
  },
  "Remove-AzConnectedMachineExtension+[NoContext]+Create, Set, Get and Delete an extension+$GET+https://management.azure.com/subscriptions/e6fe6705-4c9c-4b54-81d2-e455780e20b8/resourceGroups/test-az-powershell-rg-oexvhm/providers/Microsoft.HybridCompute/machines/utsg1i/extensions?api-version=2021-05-20+8": {
    "Request": {
      "Method": "GET",
      "RequestUri": "https://management.azure.com/subscriptions/e6fe6705-4c9c-4b54-81d2-e455780e20b8/resourceGroups/test-az-powershell-rg-oexvhm/providers/Microsoft.HybridCompute/machines/utsg1i/extensions?api-version=2021-05-20",
      "Content": null,
      "isContentBase64": false,
      "Headers": {
        "x-ms-unique-id": [ "69" ],
        "x-ms-client-request-id": [ "fb66429a-19b3-420b-a0fc-eb2c4730eb35" ],
        "CommandName": [ "Get-AzConnectedMachineExtension" ],
        "FullCommandName": [ "Get-AzConnectedMachineExtension_List" ],
        "ParameterSetName": [ "__AllParameterSets" ],
        "User-Agent": [ "AzurePowershell/Az4.0.0-preview" ],
        "Authorization": [ "[Filtered]" ]
      },
      "ContentHeaders": {
      }
    },
    "Response": {
      "StatusCode": 200,
      "Headers": {
        "Cache-Control": [ "no-cache" ],
        "Pragma": [ "no-cache" ],
        "x-ms-ratelimit-remaining-subscription-reads": [ "11997" ],
        "Strict-Transport-Security": [ "max-age=31536000; includeSubDomains" ],
        "x-ms-request-id": [ "3f753d01-002e-411f-a96c-8876a9d92643" ],
        "Server": [ "Kestrel" ],
        "x-ms-correlation-request-id": [ "6914410b-1e87-44e5-9ca5-3c743789bcc8" ],
        "x-ms-routing-request-id": [ "WESTUS2:20211101T232458Z:6914410b-1e87-44e5-9ca5-3c743789bcc8" ],
        "X-Content-Type-Options": [ "nosniff" ],
        "Date": [ "Mon, 01 Nov 2021 23:24:58 GMT" ]
      },
      "ContentHeaders": {
        "Content-Length": [ "1831" ],
        "Content-Type": [ "application/json; charset=utf-8" ],
        "Expires": [ "-1" ]
      },
      "Content": "{\"value\":[{\"id\":\"/subscriptions/e6fe6705-4c9c-4b54-81d2-e455780e20b8/resourceGroups/test-az-powershell-rg-oexvhm/providers/Microsoft.HybridCompute/machines/utsg1i/extensions/customScript\",\"name\":\"customScript\",\"location\":\"eastus2euap\",\"type\":\"Microsoft.HybridCompute/machines/extensions\",\"properties\":{\"publisher\":\"Microsoft.Compute\",\"type\":\"CustomScriptExtension\",\"typeHandlerVersion\":\"1.10.10\",\"autoUpgradeMinorVersion\":false,\"enableAutomaticUpgrade\":false,\"settings\":{\"CommandToExecute\":\"dir\"},\"provisioningState\":\"Succeeded\",\"instanceView\":{\"name\":\"customScript\",\"type\":\"CustomScriptExtension\",\"typeHandlerVersion\":\"1.10.10\",\"status\":{\"code\":\"success\",\"level\":\"Information\",\"message\":\"Extension Message: Command execution finished, StdOut:  Volume in drive C is OSDisk\\r\\n Volume Serial Number is F46A-FB88\\r\\n\\r\\n Directory of C:\\\\Packages\\\\Plugins\\\\Microsoft.Compute.CustomScriptExtension\\\\1.10.10\\\\Downloads\\\\0\\r\\n\\r\\n11/01/2021  04:16 PM    \u003cDIR\u003e          .\\r\\n11/01/2021  04:16 PM    \u003cDIR\u003e          ..\\r\\n               0 File(s)              0 bytes\\r\\n               2 Dir(s)  480,403,763,200 bytes free\\r\\n\"}}}},{\"id\":\"/subscriptions/e6fe6705-4c9c-4b54-81d2-e455780e20b8/resourceGroups/test-az-powershell-rg-oexvhm/providers/Microsoft.HybridCompute/machines/utsg1i/extensions/dependency\",\"name\":\"dependency\",\"location\":\"eastus2euap\",\"type\":\"Microsoft.HybridCompute/machines/extensions\",\"properties\":{\"publisher\":\"Microsoft.Azure.Monitoring.DependencyAgent\",\"type\":\"DependencyAgentWindows\",\"typeHandlerVersion\":\"9.10.11.17500\",\"autoUpgradeMinorVersion\":false,\"enableAutomaticUpgrade\":false,\"provisioningState\":\"Succeeded\",\"instanceView\":{\"name\":\"dependency\",\"type\":\"DependencyAgentWindows\",\"typeHandlerVersion\":\"9.10.11.17500\",\"status\":{\"code\":\"success\",\"level\":\"Information\",\"message\":\"Extension Message: success\"}}}}]}",
      "isContentBase64": false
    }
  },
  "Remove-AzConnectedMachineExtension+[NoContext]+Create, Set, Get and Delete an extension+$PUT+https://management.azure.com/subscriptions/e6fe6705-4c9c-4b54-81d2-e455780e20b8/resourceGroups/test-az-powershell-rg-oexvhm/providers/Microsoft.HybridCompute/machines/utsg1i/extensions/customScript?api-version=2021-05-20+9": {
    "Request": {
      "Method": "PUT",
      "RequestUri": "https://management.azure.com/subscriptions/e6fe6705-4c9c-4b54-81d2-e455780e20b8/resourceGroups/test-az-powershell-rg-oexvhm/providers/Microsoft.HybridCompute/machines/utsg1i/extensions/customScript?api-version=2021-05-20",
      "Content": "{\r\n  \"location\": \"eastus2euap\",\r\n  \"properties\": {\r\n    \"publisher\": \"Microsoft.Compute\",\r\n    \"type\": \"CustomScriptExtension\",\r\n    \"typeHandlerVersion\": \"1.10.10\",\r\n    \"settings\": {\r\n      \"commandToExecute\": \"powershell.exe ls\"\r\n    }\r\n  }\r\n}",
      "isContentBase64": false,
      "Headers": {
      },
      "ContentHeaders": {
        "Content-Type": [ "application/json" ],
        "Content-Length": [ "246" ]
      }
    },
    "Response": {
      "StatusCode": 202,
      "Headers": {
        "Cache-Control": [ "no-cache" ],
        "Pragma": [ "no-cache" ],
        "Location": [ "https://management.azure.com/subscriptions/e6fe6705-4c9c-4b54-81d2-e455780e20b8/providers/Microsoft.HybridCompute/locations/eastus2euap/operationresults/8856a343-43bc-460a-913f-9624ecd6f0cc?api-version=2021-05-20" ],
        "Retry-After": [ "300" ],
        "Strict-Transport-Security": [ "max-age=31536000; includeSubDomains" ],
        "x-ms-request-id": [ "e493c1bb-3592-49e9-b883-46458775450e" ],
        "Azure-AsyncOperation": [ "https://management.azure.com/subscriptions/e6fe6705-4c9c-4b54-81d2-e455780e20b8/providers/Microsoft.HybridCompute/locations/eastus2euap/operationstatus/8856a343-43bc-460a-913f-9624ecd6f0cc?api-version=2021-05-20" ],
        "Server": [ "Kestrel" ],
        "x-ms-ratelimit-remaining-subscription-resource-requests": [ "319" ],
        "x-ms-correlation-request-id": [ "2d348721-b3fa-40d3-9e5a-8a65dcedc801" ],
        "x-ms-routing-request-id": [ "WESTUS2:20211101T232500Z:2d348721-b3fa-40d3-9e5a-8a65dcedc801" ],
        "X-Content-Type-Options": [ "nosniff" ],
        "Date": [ "Mon, 01 Nov 2021 23:24:59 GMT" ]
      },
      "ContentHeaders": {
        "Content-Type": [ "application/json" ],
        "Expires": [ "-1" ],
        "Content-Length": [ "0" ]
      },
      "Content": null,
      "isContentBase64": false
    }
  },
  "Remove-AzConnectedMachineExtension+[NoContext]+Create, Set, Get and Delete an extension+$GET+https://management.azure.com/subscriptions/e6fe6705-4c9c-4b54-81d2-e455780e20b8/providers/Microsoft.HybridCompute/locations/eastus2euap/operationstatus/8856a343-43bc-460a-913f-9624ecd6f0cc?api-version=2021-05-20+10": {
    "Request": {
      "Method": "GET",
      "RequestUri": "https://management.azure.com/subscriptions/e6fe6705-4c9c-4b54-81d2-e455780e20b8/providers/Microsoft.HybridCompute/locations/eastus2euap/operationstatus/8856a343-43bc-460a-913f-9624ecd6f0cc?api-version=2021-05-20",
      "Content": null,
      "isContentBase64": false,
      "Headers": {
        "Authorization": [ "[Filtered]" ],
        "x-ms-unique-id": [ "71" ],
        "x-ms-client-request-id": [ "0d228b36-1034-4c3e-9895-191c243b426c" ],
        "CommandName": [ "Set-AzConnectedMachineExtension" ],
        "FullCommandName": [ "Set-AzConnectedMachineExtension_UpdateExpanded" ],
        "ParameterSetName": [ "__AllParameterSets" ],
        "User-Agent": [ "AzurePowershell/Az4.0.0-preview" ]
      },
      "ContentHeaders": {
      }
    },
    "Response": {
      "StatusCode": 200,
      "Headers": {
        "Cache-Control": [ "no-cache" ],
        "Pragma": [ "no-cache" ],
        "x-ms-ratelimit-remaining-subscription-reads": [ "11999" ],
        "Strict-Transport-Security": [ "max-age=31536000; includeSubDomains" ],
        "x-ms-request-id": [ "f6fda16d-99e0-4499-a4c2-5c413c8ff5db" ],
        "Server": [ "Kestrel" ],
        "x-ms-correlation-request-id": [ "81b6de4a-d0bf-44ae-bb50-6c334c3df2ed" ],
        "x-ms-routing-request-id": [ "WESTUS2:20211101T233000Z:81b6de4a-d0bf-44ae-bb50-6c334c3df2ed" ],
        "X-Content-Type-Options": [ "nosniff" ],
        "Date": [ "Mon, 01 Nov 2021 23:30:00 GMT" ]
      },
      "ContentHeaders": {
        "Content-Length": [ "868" ],
        "Content-Type": [ "application/json; charset=utf-8" ],
        "Expires": [ "-1" ]
      },
      "Content": "{\"name\":\"8856a343-43bc-460a-913f-9624ecd6f0cc\",\"status\":\"Succeeded\",\"startTime\":\"2021-11-01T23:24:59.9576169Z\",\"properties\":{\"id\":\"/subscriptions/e6fe6705-4c9c-4b54-81d2-e455780e20b8/resourceGroups/test-az-powershell-rg-oexvhm/providers/Microsoft.HybridCompute/machines/utsg1i/extensions/customScript\",\"name\":\"customScript\",\"location\":\"eastus2euap\",\"type\":\"Microsoft.HybridCompute/machines/extensions\",\"properties\":{\"publisher\":\"Microsoft.Compute\",\"type\":\"CustomScriptExtension\",\"typeHandlerVersion\":\"1.10.10\",\"autoUpgradeMinorVersion\":false,\"enableAutomaticUpgrade\":false,\"settings\":{\"commandToExecute\":\"powershell.exe ls\"},\"provisioningState\":\"Succeeded\",\"instanceView\":{\"name\":\"customScript\",\"type\":\"CustomScriptExtension\",\"typeHandlerVersion\":\"1.10.10\",\"status\":{\"code\":\"success\",\"level\":\"Information\",\"message\":\"Extension Message: Command execution finished\"}}}}}",
      "isContentBase64": false
    }
  },
  "Remove-AzConnectedMachineExtension+[NoContext]+Create, Set, Get and Delete an extension+$GET+https://management.azure.com/subscriptions/e6fe6705-4c9c-4b54-81d2-e455780e20b8/resourceGroups/test-az-powershell-rg-oexvhm/providers/Microsoft.HybridCompute/machines/utsg1i/extensions/customScript?api-version=2021-05-20+11": {
    "Request": {
      "Method": "GET",
      "RequestUri": "https://management.azure.com/subscriptions/e6fe6705-4c9c-4b54-81d2-e455780e20b8/resourceGroups/test-az-powershell-rg-oexvhm/providers/Microsoft.HybridCompute/machines/utsg1i/extensions/customScript?api-version=2021-05-20",
      "Content": null,
      "isContentBase64": false,
      "Headers": {
        "Authorization": [ "[Filtered]" ],
        "x-ms-unique-id": [ "72" ],
        "x-ms-client-request-id": [ "0d228b36-1034-4c3e-9895-191c243b426c" ],
        "CommandName": [ "Set-AzConnectedMachineExtension" ],
        "FullCommandName": [ "Set-AzConnectedMachineExtension_UpdateExpanded" ],
        "ParameterSetName": [ "__AllParameterSets" ],
        "User-Agent": [ "AzurePowershell/Az4.0.0-preview" ]
      },
      "ContentHeaders": {
      }
    },
    "Response": {
      "StatusCode": 200,
      "Headers": {
        "Cache-Control": [ "no-cache" ],
        "Pragma": [ "no-cache" ],
        "x-ms-ratelimit-remaining-subscription-reads": [ "11998" ],
        "Strict-Transport-Security": [ "max-age=31536000; includeSubDomains" ],
        "x-ms-request-id": [ "6998d374-af7c-44eb-987f-9155437d0bad" ],
        "Server": [ "Kestrel" ],
        "x-ms-correlation-request-id": [ "29dd4f5a-e5ff-4816-a473-027ba1bc4c6b" ],
        "x-ms-routing-request-id": [ "WESTUS2:20211101T233001Z:29dd4f5a-e5ff-4816-a473-027ba1bc4c6b" ],
        "X-Content-Type-Options": [ "nosniff" ],
        "Date": [ "Mon, 01 Nov 2021 23:30:00 GMT" ]
      },
      "ContentHeaders": {
        "Content-Length": [ "743" ],
        "Content-Type": [ "application/json; charset=utf-8" ],
        "Expires": [ "-1" ]
      },
      "Content": "{\"id\":\"/subscriptions/e6fe6705-4c9c-4b54-81d2-e455780e20b8/resourceGroups/test-az-powershell-rg-oexvhm/providers/Microsoft.HybridCompute/machines/utsg1i/extensions/customScript\",\"name\":\"customScript\",\"type\":\"Microsoft.HybridCompute/machines/extensions\",\"location\":\"eastus2euap\",\"properties\":{\"publisher\":\"Microsoft.Compute\",\"type\":\"CustomScriptExtension\",\"typeHandlerVersion\":\"1.10.10\",\"autoUpgradeMinorVersion\":false,\"enableAutomaticUpgrade\":false,\"settings\":{\"commandToExecute\":\"powershell.exe ls\"},\"provisioningState\":\"Succeeded\",\"instanceView\":{\"name\":\"customScript\",\"type\":\"CustomScriptExtension\",\"typeHandlerVersion\":\"1.10.10\",\"status\":{\"code\":\"success\",\"level\":\"Information\",\"message\":\"Extension Message: Command execution finished\"}}}}",
      "isContentBase64": false
    }
  },
  "Remove-AzConnectedMachineExtension+[NoContext]+Create, Set, Get and Delete an extension+$POST+https://management.azure.com/subscriptions/e6fe6705-4c9c-4b54-81d2-e455780e20b8/resourceGroups/test-az-powershell-rg-oexvhm/providers/Microsoft.HybridCompute/machines/utsg1i/upgradeExtensions?api-version=2021-05-20+12": {
    "Request": {
      "Method": "POST",
      "RequestUri": "https://management.azure.com/subscriptions/e6fe6705-4c9c-4b54-81d2-e455780e20b8/resourceGroups/test-az-powershell-rg-oexvhm/providers/Microsoft.HybridCompute/machines/utsg1i/upgradeExtensions?api-version=2021-05-20",
      "Content": "{\r\n  \"extensionTargets\": {\r\n    \"Microsoft.Compute.CustomScriptExtension\": {\r\n      \"targetVersion\": \"1.10.12\"\r\n    }\r\n  }\r\n}",
      "isContentBase64": false,
      "Headers": {
      },
      "ContentHeaders": {
        "Content-Type": [ "application/json" ],
        "Content-Length": [ "125" ]
      }
    },
    "Response": {
      "StatusCode": 202,
      "Headers": {
        "Cache-Control": [ "no-cache" ],
        "Pragma": [ "no-cache" ],
        "Location": [ "https://management.azure.com/subscriptions/e6fe6705-4c9c-4b54-81d2-e455780e20b8/providers/Microsoft.HybridCompute/locations/eastus2euap/operationresults/53ba06ce-38f5-43ba-9475-4d050552b2f0?api-version=2021-05-20" ],
        "Retry-After": [ "300" ],
        "Strict-Transport-Security": [ "max-age=31536000; includeSubDomains" ],
        "x-ms-request-id": [ "d90b649e-c03a-44b7-9605-c6dedf27c88d" ],
        "Azure-AsyncOperation": [ "https://management.azure.com/subscriptions/e6fe6705-4c9c-4b54-81d2-e455780e20b8/providers/Microsoft.HybridCompute/locations/eastus2euap/operationstatus/53ba06ce-38f5-43ba-9475-4d050552b2f0?api-version=2021-05-20" ],
        "Server": [ "Kestrel" ],
        "x-ms-ratelimit-remaining-subscription-writes": [ "1199" ],
        "x-ms-correlation-request-id": [ "31bf0517-bf0d-45d8-90e4-c3a30f8ecaf9" ],
        "x-ms-routing-request-id": [ "WESTUS2:20211101T233002Z:31bf0517-bf0d-45d8-90e4-c3a30f8ecaf9" ],
        "X-Content-Type-Options": [ "nosniff" ],
        "Date": [ "Mon, 01 Nov 2021 23:30:01 GMT" ]
      },
      "ContentHeaders": {
        "Content-Type": [ "application/json" ],
        "Expires": [ "-1" ],
        "Content-Length": [ "0" ]
      },
      "Content": null,
      "isContentBase64": false
    }
  },
  "Remove-AzConnectedMachineExtension+[NoContext]+Create, Set, Get and Delete an extension+$GET+https://management.azure.com/subscriptions/e6fe6705-4c9c-4b54-81d2-e455780e20b8/providers/Microsoft.HybridCompute/locations/eastus2euap/operationstatus/53ba06ce-38f5-43ba-9475-4d050552b2f0?api-version=2021-05-20+13": {
    "Request": {
      "Method": "GET",
      "RequestUri": "https://management.azure.com/subscriptions/e6fe6705-4c9c-4b54-81d2-e455780e20b8/providers/Microsoft.HybridCompute/locations/eastus2euap/operationstatus/53ba06ce-38f5-43ba-9475-4d050552b2f0?api-version=2021-05-20",
      "Content": null,
      "isContentBase64": false,
      "Headers": {
        "Authorization": [ "[Filtered]" ],
        "x-ms-unique-id": [ "74" ],
        "x-ms-client-request-id": [ "5245694c-3eaa-4c5c-97bc-e62585dd81d1" ],
        "CommandName": [ "Update-AzConnectedExtension" ],
        "FullCommandName": [ "Update-AzConnectedExtension_UpgradeExpanded" ],
        "ParameterSetName": [ "__AllParameterSets" ],
        "User-Agent": [ "AzurePowershell/Az4.0.0-preview" ]
      },
      "ContentHeaders": {
      }
    },
    "Response": {
      "StatusCode": 200,
      "Headers": {
        "Cache-Control": [ "no-cache" ],
        "Pragma": [ "no-cache" ],
        "x-ms-ratelimit-remaining-subscription-reads": [ "11999" ],
        "Strict-Transport-Security": [ "max-age=31536000; includeSubDomains" ],
        "x-ms-request-id": [ "562e993f-06c6-4343-b20b-6f78778467a0" ],
        "Server": [ "Kestrel" ],
        "x-ms-correlation-request-id": [ "362de146-e0e1-44c8-b421-caf3f731b337" ],
        "x-ms-routing-request-id": [ "WESTUS2:20211101T233503Z:362de146-e0e1-44c8-b421-caf3f731b337" ],
        "X-Content-Type-Options": [ "nosniff" ],
        "Date": [ "Mon, 01 Nov 2021 23:35:03 GMT" ]
      },
      "ContentHeaders": {
        "Content-Length": [ "818" ],
        "Content-Type": [ "application/json; charset=utf-8" ],
        "Expires": [ "-1" ]
      },
      "Content": "{\"name\":\"53ba06ce-38f5-43ba-9475-4d050552b2f0\",\"status\":\"Succeeded\",\"startTime\":\"2021-11-01T23:30:02.4000184Z\",\"properties\":[{\"id\":\"/subscriptions/e6fe6705-4c9c-4b54-81d2-e455780e20b8/resourceGroups/test-az-powershell-rg-oexvhm/providers/Microsoft.HybridCompute/machines/utsg1i/extensions/customScript\",\"name\":\"customScript\",\"type\":\"Microsoft.HybridCompute/machines/extensions\",\"location\":\"eastus2euap\",\"properties\":{\"publisher\":\"Microsoft.Compute\",\"type\":\"CustomScriptExtension\",\"typeHandlerVersion\":\"1.10.12\",\"autoUpgradeMinorVersion\":false,\"enableAutomaticUpgrade\":false,\"provisioningState\":\"Succeeded\",\"instanceView\":{\"name\":\"customScript\",\"type\":\"CustomScriptExtension\",\"typeHandlerVersion\":\"1.10.12\",\"status\":{\"code\":\"success\",\"level\":\"Information\",\"message\":\"Extension Message: Command execution finished\"}}}}]}",
      "isContentBase64": false
    }
  },
  "Remove-AzConnectedMachineExtension+[NoContext]+Create, Set, Get and Delete an extension+$GET+https://management.azure.com/subscriptions/e6fe6705-4c9c-4b54-81d2-e455780e20b8/providers/Microsoft.HybridCompute/locations/eastus2euap/operationresults/53ba06ce-38f5-43ba-9475-4d050552b2f0?api-version=2021-05-20+14": {
    "Request": {
      "Method": "GET",
      "RequestUri": "https://management.azure.com/subscriptions/e6fe6705-4c9c-4b54-81d2-e455780e20b8/providers/Microsoft.HybridCompute/locations/eastus2euap/operationresults/53ba06ce-38f5-43ba-9475-4d050552b2f0?api-version=2021-05-20",
      "Content": null,
      "isContentBase64": false,
      "Headers": {
        "Authorization": [ "[Filtered]" ],
        "x-ms-unique-id": [ "75" ],
        "x-ms-client-request-id": [ "5245694c-3eaa-4c5c-97bc-e62585dd81d1" ],
        "CommandName": [ "Update-AzConnectedExtension" ],
        "FullCommandName": [ "Update-AzConnectedExtension_UpgradeExpanded" ],
        "ParameterSetName": [ "__AllParameterSets" ],
        "User-Agent": [ "AzurePowershell/Az4.0.0-preview" ]
      },
      "ContentHeaders": {
      }
    },
    "Response": {
      "StatusCode": 200,
      "Headers": {
        "Cache-Control": [ "no-cache" ],
        "Pragma": [ "no-cache" ],
        "Strict-Transport-Security": [ "max-age=31536000; includeSubDomains" ],
        "x-ms-request-id": [ "de864965-9553-403d-aa3b-d25a5aca07a7" ],
        "Server": [ "Kestrel" ],
        "x-ms-ratelimit-remaining-subscription-reads": [ "11998" ],
        "x-ms-correlation-request-id": [ "adb2421b-b5d7-48a1-8eb7-ded233d17ee2" ],
        "x-ms-routing-request-id": [ "WESTUS2:20211101T233503Z:adb2421b-b5d7-48a1-8eb7-ded233d17ee2" ],
        "X-Content-Type-Options": [ "nosniff" ],
        "Date": [ "Mon, 01 Nov 2021 23:35:03 GMT" ]
      },
      "ContentHeaders": {
        "Content-Length": [ "693" ],
        "Content-Type": [ "application/json" ],
        "Expires": [ "-1" ]
      },
      "Content": "[{\"id\":\"/subscriptions/e6fe6705-4c9c-4b54-81d2-e455780e20b8/resourceGroups/test-az-powershell-rg-oexvhm/providers/Microsoft.HybridCompute/machines/utsg1i/extensions/customScript\",\"name\":\"customScript\",\"type\":\"Microsoft.HybridCompute/machines/extensions\",\"location\":\"eastus2euap\",\"properties\":{\"publisher\":\"Microsoft.Compute\",\"type\":\"CustomScriptExtension\",\"typeHandlerVersion\":\"1.10.12\",\"autoUpgradeMinorVersion\":false,\"enableAutomaticUpgrade\":false,\"provisioningState\":\"Succeeded\",\"instanceView\":{\"name\":\"customScript\",\"type\":\"CustomScriptExtension\",\"typeHandlerVersion\":\"1.10.12\",\"status\":{\"code\":\"success\",\"level\":\"Information\",\"message\":\"Extension Message: Command execution finished\"}}}}]",
      "isContentBase64": false
    }
  },
  "Remove-AzConnectedMachineExtension+[NoContext]+Create, Set, Get and Delete an extension+$GET+https://management.azure.com/subscriptions/e6fe6705-4c9c-4b54-81d2-e455780e20b8/resourceGroups/test-az-powershell-rg-oexvhm/providers/Microsoft.HybridCompute/machines/utsg1i/extensions/customScript?api-version=2021-05-20+15": {
    "Request": {
      "Method": "GET",
      "RequestUri": "https://management.azure.com/subscriptions/e6fe6705-4c9c-4b54-81d2-e455780e20b8/resourceGroups/test-az-powershell-rg-oexvhm/providers/Microsoft.HybridCompute/machines/utsg1i/extensions/customScript?api-version=2021-05-20",
      "Content": null,
      "isContentBase64": false,
      "Headers": {
        "x-ms-unique-id": [ "76" ],
        "x-ms-client-request-id": [ "052bc868-36a1-4f92-912e-2d20f88e5d00" ],
        "CommandName": [ "Get-AzConnectedMachineExtension" ],
        "FullCommandName": [ "Get-AzConnectedMachineExtension_Get" ],
        "ParameterSetName": [ "__AllParameterSets" ],
        "User-Agent": [ "AzurePowershell/Az4.0.0-preview" ],
        "Authorization": [ "[Filtered]" ]
      },
      "ContentHeaders": {
      }
    },
    "Response": {
      "StatusCode": 200,
      "Headers": {
        "Cache-Control": [ "no-cache" ],
        "Pragma": [ "no-cache" ],
        "x-ms-ratelimit-remaining-subscription-reads": [ "11997" ],
        "Strict-Transport-Security": [ "max-age=31536000; includeSubDomains" ],
        "x-ms-request-id": [ "2a48a4ef-078d-4fae-a8cf-9ca11da27def" ],
        "Server": [ "Kestrel" ],
        "x-ms-correlation-request-id": [ "6b3b9bde-ccbf-445f-bafa-ac6bdf59b96c" ],
        "x-ms-routing-request-id": [ "WESTUS2:20211101T233504Z:6b3b9bde-ccbf-445f-bafa-ac6bdf59b96c" ],
        "X-Content-Type-Options": [ "nosniff" ],
        "Date": [ "Mon, 01 Nov 2021 23:35:04 GMT" ]
      },
      "ContentHeaders": {
        "Content-Length": [ "691" ],
        "Content-Type": [ "application/json; charset=utf-8" ],
        "Expires": [ "-1" ]
      },
      "Content": "{\"id\":\"/subscriptions/e6fe6705-4c9c-4b54-81d2-e455780e20b8/resourceGroups/test-az-powershell-rg-oexvhm/providers/Microsoft.HybridCompute/machines/utsg1i/extensions/customScript\",\"name\":\"customScript\",\"type\":\"Microsoft.HybridCompute/machines/extensions\",\"location\":\"eastus2euap\",\"properties\":{\"publisher\":\"Microsoft.Compute\",\"type\":\"CustomScriptExtension\",\"typeHandlerVersion\":\"1.10.12\",\"autoUpgradeMinorVersion\":false,\"enableAutomaticUpgrade\":false,\"provisioningState\":\"Succeeded\",\"instanceView\":{\"name\":\"customScript\",\"type\":\"CustomScriptExtension\",\"typeHandlerVersion\":\"1.10.12\",\"status\":{\"code\":\"success\",\"level\":\"Information\",\"message\":\"Extension Message: Command execution finished\"}}}}",
      "isContentBase64": false
    }
  },
  "Remove-AzConnectedMachineExtension+[NoContext]+Create, Set, Get and Delete an extension+$DELETE+https://management.azure.com/subscriptions/e6fe6705-4c9c-4b54-81d2-e455780e20b8/resourceGroups/test-az-powershell-rg-oexvhm/providers/Microsoft.HybridCompute/machines/utsg1i/extensions/customScript?api-version=2021-05-20+16": {
    "Request": {
      "Method": "DELETE",
      "RequestUri": "https://management.azure.com/subscriptions/e6fe6705-4c9c-4b54-81d2-e455780e20b8/resourceGroups/test-az-powershell-rg-oexvhm/providers/Microsoft.HybridCompute/machines/utsg1i/extensions/customScript?api-version=2021-05-20",
      "Content": null,
      "isContentBase64": false,
      "Headers": {
        "x-ms-unique-id": [ "77" ],
        "x-ms-client-request-id": [ "45ee8839-2d74-421b-b38b-62687f1c3033" ],
        "CommandName": [ "Remove-AzConnectedMachineExtension" ],
        "FullCommandName": [ "Remove-AzConnectedMachineExtension_Delete" ],
        "ParameterSetName": [ "__AllParameterSets" ],
        "User-Agent": [ "AzurePowershell/Az4.0.0-preview" ],
        "Authorization": [ "[Filtered]" ]
      },
      "ContentHeaders": {
      }
    },
    "Response": {
      "StatusCode": 202,
      "Headers": {
        "Cache-Control": [ "no-cache" ],
        "Pragma": [ "no-cache" ],
        "Location": [ "https://management.azure.com/subscriptions/e6fe6705-4c9c-4b54-81d2-e455780e20b8/providers/Microsoft.HybridCompute/locations/eastus2euap/operationresults/c2ee1c24-1b1d-4233-9110-0546033f58a4?api-version=2021-05-20" ],
        "Retry-After": [ "300" ],
        "Strict-Transport-Security": [ "max-age=31536000; includeSubDomains" ],
        "x-ms-request-id": [ "aed2bd90-9adc-4163-82de-e017a64dee86" ],
        "Azure-AsyncOperation": [ "https://management.azure.com/subscriptions/e6fe6705-4c9c-4b54-81d2-e455780e20b8/providers/Microsoft.HybridCompute/locations/eastus2euap/operationstatus/c2ee1c24-1b1d-4233-9110-0546033f58a4?api-version=2021-05-20" ],
        "Server": [ "Kestrel" ],
        "x-ms-ratelimit-remaining-subscription-deletes": [ "14998" ],
        "x-ms-correlation-request-id": [ "59ec742b-b689-4c5b-9ef1-f306d760eecc" ],
        "x-ms-routing-request-id": [ "WESTUS2:20211101T233507Z:59ec742b-b689-4c5b-9ef1-f306d760eecc" ],
        "X-Content-Type-Options": [ "nosniff" ],
        "Date": [ "Mon, 01 Nov 2021 23:35:06 GMT" ]
      },
      "ContentHeaders": {
        "Content-Type": [ "application/json" ],
        "Expires": [ "-1" ],
        "Content-Length": [ "0" ]
      },
      "Content": null,
      "isContentBase64": false
    }
  },
  "Remove-AzConnectedMachineExtension+[NoContext]+Create, Set, Get and Delete an extension+$GET+https://management.azure.com/subscriptions/e6fe6705-4c9c-4b54-81d2-e455780e20b8/providers/Microsoft.HybridCompute/locations/eastus2euap/operationstatus/c2ee1c24-1b1d-4233-9110-0546033f58a4?api-version=2021-05-20+17": {
    "Request": {
      "Method": "GET",
      "RequestUri": "https://management.azure.com/subscriptions/e6fe6705-4c9c-4b54-81d2-e455780e20b8/providers/Microsoft.HybridCompute/locations/eastus2euap/operationstatus/c2ee1c24-1b1d-4233-9110-0546033f58a4?api-version=2021-05-20",
      "Content": null,
      "isContentBase64": false,
      "Headers": {
        "Authorization": [ "[Filtered]" ],
        "x-ms-unique-id": [ "78" ],
        "x-ms-client-request-id": [ "45ee8839-2d74-421b-b38b-62687f1c3033" ],
        "CommandName": [ "Remove-AzConnectedMachineExtension" ],
        "FullCommandName": [ "Remove-AzConnectedMachineExtension_Delete" ],
        "ParameterSetName": [ "__AllParameterSets" ],
        "User-Agent": [ "AzurePowershell/Az4.0.0-preview" ]
      },
      "ContentHeaders": {
      }
    },
    "Response": {
      "StatusCode": 200,
      "Headers": {
        "Cache-Control": [ "no-cache" ],
        "Pragma": [ "no-cache" ],
        "x-ms-ratelimit-remaining-subscription-reads": [ "11999" ],
        "Strict-Transport-Security": [ "max-age=31536000; includeSubDomains" ],
        "x-ms-request-id": [ "b7904877-93a7-4f11-a6f3-4c78857b799d" ],
        "Server": [ "Kestrel" ],
        "x-ms-correlation-request-id": [ "75c9ca9a-924f-4960-81ec-50e7eec4da5f" ],
        "x-ms-routing-request-id": [ "WESTUS2:20211101T234007Z:75c9ca9a-924f-4960-81ec-50e7eec4da5f" ],
        "X-Content-Type-Options": [ "nosniff" ],
        "Date": [ "Mon, 01 Nov 2021 23:40:07 GMT" ]
      },
      "ContentHeaders": {
        "Content-Length": [ "111" ],
        "Content-Type": [ "application/json; charset=utf-8" ],
        "Expires": [ "-1" ]
      },
      "Content": "{\"name\":\"c2ee1c24-1b1d-4233-9110-0546033f58a4\",\"status\":\"Succeeded\",\"startTime\":\"2021-11-01T23:35:06.9212328Z\"}",
      "isContentBase64": false
    }
  },
  "Remove-AzConnectedMachineExtension+[NoContext]+Create, Set, Get and Delete an extension+$GET+https://management.azure.com/subscriptions/e6fe6705-4c9c-4b54-81d2-e455780e20b8/providers/Microsoft.HybridCompute/locations/eastus2euap/operationresults/c2ee1c24-1b1d-4233-9110-0546033f58a4?api-version=2021-05-20+18": {
    "Request": {
      "Method": "GET",
      "RequestUri": "https://management.azure.com/subscriptions/e6fe6705-4c9c-4b54-81d2-e455780e20b8/providers/Microsoft.HybridCompute/locations/eastus2euap/operationresults/c2ee1c24-1b1d-4233-9110-0546033f58a4?api-version=2021-05-20",
      "Content": null,
      "isContentBase64": false,
      "Headers": {
        "Authorization": [ "[Filtered]" ],
        "x-ms-unique-id": [ "79" ],
        "x-ms-client-request-id": [ "45ee8839-2d74-421b-b38b-62687f1c3033" ],
        "CommandName": [ "Remove-AzConnectedMachineExtension" ],
        "FullCommandName": [ "Remove-AzConnectedMachineExtension_Delete" ],
        "ParameterSetName": [ "__AllParameterSets" ],
        "User-Agent": [ "AzurePowershell/Az4.0.0-preview" ]
      },
      "ContentHeaders": {
      }
    },
    "Response": {
      "StatusCode": 200,
      "Headers": {
        "Cache-Control": [ "no-cache" ],
        "Pragma": [ "no-cache" ],
        "Strict-Transport-Security": [ "max-age=31536000; includeSubDomains" ],
        "x-ms-request-id": [ "33ef470b-5b04-4e4e-9056-df9d15fdbb55" ],
        "Server": [ "Kestrel" ],
        "x-ms-ratelimit-remaining-subscription-reads": [ "11998" ],
        "x-ms-correlation-request-id": [ "ce2b6af5-5cb6-44f1-a198-6aab68894693" ],
        "x-ms-routing-request-id": [ "WESTUS2:20211101T234008Z:ce2b6af5-5cb6-44f1-a198-6aab68894693" ],
        "X-Content-Type-Options": [ "nosniff" ],
        "Date": [ "Mon, 01 Nov 2021 23:40:08 GMT" ]
      },
      "ContentHeaders": {
        "Content-Type": [ "application/json" ],
        "Expires": [ "-1" ],
        "Content-Length": [ "0" ]
      },
      "Content": null,
      "isContentBase64": false
    }
  },
  "Remove-AzConnectedMachineExtension+[NoContext]+Create, Set, Get and Delete an extension+$GET+https://management.azure.com/subscriptions/e6fe6705-4c9c-4b54-81d2-e455780e20b8/resourceGroups/test-az-powershell-rg-oexvhm/providers/Microsoft.HybridCompute/machines/utsg1i/extensions/customScript?api-version=2021-05-20+19": {
    "Request": {
      "Method": "GET",
      "RequestUri": "https://management.azure.com/subscriptions/e6fe6705-4c9c-4b54-81d2-e455780e20b8/resourceGroups/test-az-powershell-rg-oexvhm/providers/Microsoft.HybridCompute/machines/utsg1i/extensions/customScript?api-version=2021-05-20",
      "Content": null,
      "isContentBase64": false,
      "Headers": {
        "x-ms-unique-id": [ "80" ],
        "x-ms-client-request-id": [ "818c4a35-64a5-4d39-93bc-590cb23ef9bb" ],
        "CommandName": [ "Get-AzConnectedMachineExtension" ],
        "FullCommandName": [ "Get-AzConnectedMachineExtension_Get" ],
        "ParameterSetName": [ "__AllParameterSets" ],
        "User-Agent": [ "AzurePowershell/Az4.0.0-preview" ],
        "Authorization": [ "[Filtered]" ]
      },
      "ContentHeaders": {
      }
    },
    "Response": {
      "StatusCode": 404,
      "Headers": {
        "Cache-Control": [ "no-cache" ],
        "Pragma": [ "no-cache" ],
        "x-ms-failure-cause": [ "gateway" ],
        "x-ms-request-id": [ "0cdc734e-4a67-4a4b-b13d-1f459336fe4a" ],
        "x-ms-correlation-request-id": [ "0cdc734e-4a67-4a4b-b13d-1f459336fe4a" ],
        "x-ms-routing-request-id": [ "WESTUS2:20211101T234009Z:0cdc734e-4a67-4a4b-b13d-1f459336fe4a" ],
        "Strict-Transport-Security": [ "max-age=31536000; includeSubDomains" ],
        "X-Content-Type-Options": [ "nosniff" ],
        "Date": [ "Mon, 01 Nov 2021 23:40:09 GMT" ]
      },
      "ContentHeaders": {
        "Content-Type": [ "application/json; charset=utf-8" ],
        "Expires": [ "-1" ],
        "Content-Length": [ "263" ]
      },
      "Content": "{\"error\":{\"code\":\"ResourceNotFound\",\"message\":\"The Resource \u0027Microsoft.HybridCompute/machines/utsg1i/extensions/customScript\u0027 under resource group \u0027test-az-powershell-rg-oexvhm\u0027 was not found. For more details please go to https://aka.ms/ARMResourceNotFoundFix\"}}",
      "isContentBase64": false
    }
  },
  "Remove-AzConnectedMachineExtension+[NoContext]+Create, Set, Get and Delete an extension+$DELETE+https://management.azure.com/subscriptions/e6fe6705-4c9c-4b54-81d2-e455780e20b8/resourceGroups/test-az-powershell-rg-oexvhm/providers/Microsoft.HybridCompute/machines/utsg1i/extensions/dependency?api-version=2021-05-20+20": {
    "Request": {
      "Method": "DELETE",
      "RequestUri": "https://management.azure.com/subscriptions/e6fe6705-4c9c-4b54-81d2-e455780e20b8/resourceGroups/test-az-powershell-rg-oexvhm/providers/Microsoft.HybridCompute/machines/utsg1i/extensions/dependency?api-version=2021-05-20",
      "Content": null,
      "isContentBase64": false,
      "Headers": {
        "x-ms-unique-id": [ "81" ],
        "x-ms-client-request-id": [ "36a5e5f4-33bd-4edd-b4b2-aa3e0779f562" ],
        "CommandName": [ "Remove-AzConnectedMachineExtension" ],
        "FullCommandName": [ "Remove-AzConnectedMachineExtension_Delete" ],
        "ParameterSetName": [ "__AllParameterSets" ],
        "User-Agent": [ "AzurePowershell/Az4.0.0-preview" ],
        "Authorization": [ "[Filtered]" ]
      },
      "ContentHeaders": {
      }
    },
    "Response": {
      "StatusCode": 202,
      "Headers": {
        "Cache-Control": [ "no-cache" ],
        "Pragma": [ "no-cache" ],
        "Location": [ "https://management.azure.com/subscriptions/e6fe6705-4c9c-4b54-81d2-e455780e20b8/providers/Microsoft.HybridCompute/locations/eastus2euap/operationresults/88e7cfba-0f00-4df5-aa75-57c05ef0867f?api-version=2021-05-20" ],
        "Retry-After": [ "300" ],
        "Strict-Transport-Security": [ "max-age=31536000; includeSubDomains" ],
        "x-ms-request-id": [ "12b2c400-10cb-4773-9e29-6592f8d591bf" ],
        "Azure-AsyncOperation": [ "https://management.azure.com/subscriptions/e6fe6705-4c9c-4b54-81d2-e455780e20b8/providers/Microsoft.HybridCompute/locations/eastus2euap/operationstatus/88e7cfba-0f00-4df5-aa75-57c05ef0867f?api-version=2021-05-20" ],
        "Server": [ "Kestrel" ],
        "x-ms-ratelimit-remaining-subscription-deletes": [ "14999" ],
        "x-ms-correlation-request-id": [ "2be334bf-6fe8-47d2-a1d2-178de83c2f7c" ],
        "x-ms-routing-request-id": [ "WESTUS2:20211101T234010Z:2be334bf-6fe8-47d2-a1d2-178de83c2f7c" ],
        "X-Content-Type-Options": [ "nosniff" ],
        "Date": [ "Mon, 01 Nov 2021 23:40:10 GMT" ]
      },
      "ContentHeaders": {
        "Content-Type": [ "application/json" ],
        "Expires": [ "-1" ],
        "Content-Length": [ "0" ]
      },
      "Content": null,
      "isContentBase64": false
    }
  },
  "Remove-AzConnectedMachineExtension+[NoContext]+Create, Set, Get and Delete an extension+$GET+https://management.azure.com/subscriptions/e6fe6705-4c9c-4b54-81d2-e455780e20b8/providers/Microsoft.HybridCompute/locations/eastus2euap/operationstatus/88e7cfba-0f00-4df5-aa75-57c05ef0867f?api-version=2021-05-20+21": {
    "Request": {
      "Method": "GET",
      "RequestUri": "https://management.azure.com/subscriptions/e6fe6705-4c9c-4b54-81d2-e455780e20b8/providers/Microsoft.HybridCompute/locations/eastus2euap/operationstatus/88e7cfba-0f00-4df5-aa75-57c05ef0867f?api-version=2021-05-20",
      "Content": null,
      "isContentBase64": false,
      "Headers": {
        "Authorization": [ "[Filtered]" ],
        "x-ms-unique-id": [ "82" ],
        "x-ms-client-request-id": [ "36a5e5f4-33bd-4edd-b4b2-aa3e0779f562" ],
        "CommandName": [ "Remove-AzConnectedMachineExtension" ],
        "FullCommandName": [ "Remove-AzConnectedMachineExtension_Delete" ],
        "ParameterSetName": [ "__AllParameterSets" ],
        "User-Agent": [ "AzurePowershell/Az4.0.0-preview" ]
      },
      "ContentHeaders": {
      }
    },
    "Response": {
      "StatusCode": 200,
      "Headers": {
        "Cache-Control": [ "no-cache" ],
        "Pragma": [ "no-cache" ],
        "x-ms-ratelimit-remaining-subscription-reads": [ "11999" ],
        "Strict-Transport-Security": [ "max-age=31536000; includeSubDomains" ],
        "x-ms-request-id": [ "057264a3-f92e-4234-8c31-6adafb5c3ad8" ],
        "Server": [ "Kestrel" ],
        "x-ms-correlation-request-id": [ "d23f4a35-8ce3-4c92-aa6e-5017eda1c543" ],
        "x-ms-routing-request-id": [ "WESTUS2:20211101T234511Z:d23f4a35-8ce3-4c92-aa6e-5017eda1c543" ],
        "X-Content-Type-Options": [ "nosniff" ],
        "Date": [ "Mon, 01 Nov 2021 23:45:10 GMT" ]
      },
      "ContentHeaders": {
        "Content-Length": [ "111" ],
        "Content-Type": [ "application/json; charset=utf-8" ],
        "Expires": [ "-1" ]
      },
      "Content": "{\"name\":\"88e7cfba-0f00-4df5-aa75-57c05ef0867f\",\"status\":\"Succeeded\",\"startTime\":\"2021-11-01T23:40:10.4466513Z\"}",
      "isContentBase64": false
    }
  },
  "Remove-AzConnectedMachineExtension+[NoContext]+Create, Set, Get and Delete an extension+$GET+https://management.azure.com/subscriptions/e6fe6705-4c9c-4b54-81d2-e455780e20b8/providers/Microsoft.HybridCompute/locations/eastus2euap/operationresults/88e7cfba-0f00-4df5-aa75-57c05ef0867f?api-version=2021-05-20+22": {
    "Request": {
      "Method": "GET",
      "RequestUri": "https://management.azure.com/subscriptions/e6fe6705-4c9c-4b54-81d2-e455780e20b8/providers/Microsoft.HybridCompute/locations/eastus2euap/operationresults/88e7cfba-0f00-4df5-aa75-57c05ef0867f?api-version=2021-05-20",
      "Content": null,
      "isContentBase64": false,
      "Headers": {
        "Authorization": [ "[Filtered]" ],
        "x-ms-unique-id": [ "83" ],
        "x-ms-client-request-id": [ "36a5e5f4-33bd-4edd-b4b2-aa3e0779f562" ],
        "CommandName": [ "Remove-AzConnectedMachineExtension" ],
        "FullCommandName": [ "Remove-AzConnectedMachineExtension_Delete" ],
        "ParameterSetName": [ "__AllParameterSets" ],
        "User-Agent": [ "AzurePowershell/Az4.0.0-preview" ]
      },
      "ContentHeaders": {
      }
    },
    "Response": {
      "StatusCode": 200,
      "Headers": {
        "Cache-Control": [ "no-cache" ],
        "Pragma": [ "no-cache" ],
        "Strict-Transport-Security": [ "max-age=31536000; includeSubDomains" ],
        "x-ms-request-id": [ "3b6afd21-0f1b-4b17-85d4-642e26acb628" ],
        "Server": [ "Kestrel" ],
        "x-ms-ratelimit-remaining-subscription-reads": [ "11998" ],
        "x-ms-correlation-request-id": [ "dca7887c-904c-4f1c-9168-59704f442d37" ],
        "x-ms-routing-request-id": [ "WESTUS2:20211101T234511Z:dca7887c-904c-4f1c-9168-59704f442d37" ],
        "X-Content-Type-Options": [ "nosniff" ],
        "Date": [ "Mon, 01 Nov 2021 23:45:10 GMT" ]
      },
      "ContentHeaders": {
        "Content-Type": [ "application/json" ],
        "Expires": [ "-1" ],
        "Content-Length": [ "0" ]
      },
      "Content": null,
      "isContentBase64": false
    }
  },
  "Remove-AzConnectedMachineExtension+[NoContext]+Create, Set, Get and Delete an extension+$GET+https://management.azure.com/subscriptions/e6fe6705-4c9c-4b54-81d2-e455780e20b8/resourceGroups/test-az-powershell-rg-oexvhm/providers/Microsoft.HybridCompute/machines/utsg1i/extensions/dependency?api-version=2021-05-20+23": {
    "Request": {
      "Method": "GET",
      "RequestUri": "https://management.azure.com/subscriptions/e6fe6705-4c9c-4b54-81d2-e455780e20b8/resourceGroups/test-az-powershell-rg-oexvhm/providers/Microsoft.HybridCompute/machines/utsg1i/extensions/dependency?api-version=2021-05-20",
      "Content": null,
      "isContentBase64": false,
      "Headers": {
        "x-ms-unique-id": [ "84" ],
        "x-ms-client-request-id": [ "da59cc8c-b2b4-4786-ace9-3107cc18a4d3" ],
        "CommandName": [ "Get-AzConnectedMachineExtension" ],
        "FullCommandName": [ "Get-AzConnectedMachineExtension_Get" ],
        "ParameterSetName": [ "__AllParameterSets" ],
        "User-Agent": [ "AzurePowershell/Az4.0.0-preview" ],
        "Authorization": [ "[Filtered]" ]
      },
      "ContentHeaders": {
      }
    },
    "Response": {
      "StatusCode": 404,
      "Headers": {
        "Cache-Control": [ "no-cache" ],
        "Pragma": [ "no-cache" ],
        "x-ms-failure-cause": [ "gateway" ],
        "x-ms-request-id": [ "352f27f5-3e78-461b-a257-0adfb5660962" ],
        "x-ms-correlation-request-id": [ "352f27f5-3e78-461b-a257-0adfb5660962" ],
        "x-ms-routing-request-id": [ "WESTUS2:20211101T234513Z:352f27f5-3e78-461b-a257-0adfb5660962" ],
        "Strict-Transport-Security": [ "max-age=31536000; includeSubDomains" ],
        "X-Content-Type-Options": [ "nosniff" ],
        "Date": [ "Mon, 01 Nov 2021 23:45:12 GMT" ]
      },
      "ContentHeaders": {
        "Content-Type": [ "application/json; charset=utf-8" ],
        "Expires": [ "-1" ],
        "Content-Length": [ "261" ]
      },
      "Content": "{\"error\":{\"code\":\"ResourceNotFound\",\"message\":\"The Resource \u0027Microsoft.HybridCompute/machines/utsg1i/extensions/dependency\u0027 under resource group \u0027test-az-powershell-rg-oexvhm\u0027 was not found. For more details please go to https://aka.ms/ARMResourceNotFoundFix\"}}",
      "isContentBase64": false
    }
  }
}