{
  "Update-AzConnectedMachineExtension+[NoContext]+UpdateExpanded parameter set+$PATCH+https://management.azure.com/subscriptions/e6fe6705-4c9c-4b54-81d2-e455780e20b8/resourceGroups/az-sdk-test-powershell-rg-r38fjm/providers/Microsoft.HybridCompute/machines/uh4qgr/extensions/custom1?api-version=2022-03-10+1": {
    "Request": {
      "Method": "PATCH",
      "RequestUri": "https://management.azure.com/subscriptions/e6fe6705-4c9c-4b54-81d2-e455780e20b8/resourceGroups/az-sdk-test-powershell-rg-r38fjm/providers/Microsoft.HybridCompute/machines/uh4qgr/extensions/custom1?api-version=2022-03-10",
      "Content": "{\r\n  \"properties\": {\r\n    \"settings\": {\r\n      \"commandToExecute\": \"hostname\"\r\n    }\r\n  }\r\n}",
      "isContentBase64": false,
      "Headers": {
      },
      "ContentHeaders": {
        "Content-Type": [ "application/json" ],
        "Content-Length": [ "92" ]
      }
    },
    "Response": {
      "StatusCode": 202,
      "Headers": {
        "Cache-Control": [ "no-cache" ],
        "Pragma": [ "no-cache" ],
        "Location": [ "https://management.azure.com/subscriptions/e6fe6705-4c9c-4b54-81d2-e455780e20b8/providers/Microsoft.HybridCompute/locations/eastus2euap/operationresults/22a9e427-110e-49f3-a34d-1f1e498c5d9f?api-version=2022-03-10" ],
        "Retry-After": [ "300" ],
        "Strict-Transport-Security": [ "max-age=31536000; includeSubDomains" ],
        "x-ms-request-id": [ "adeda2ac-df16-4622-bfde-0367dd669965" ],
        "Azure-AsyncOperation": [ "https://management.azure.com/subscriptions/e6fe6705-4c9c-4b54-81d2-e455780e20b8/providers/Microsoft.HybridCompute/locations/eastus2euap/operationstatus/22a9e427-110e-49f3-a34d-1f1e498c5d9f?api-version=2022-03-10" ],
        "Server": [ "Kestrel" ],
        "x-ms-ratelimit-remaining-subscription-resource-requests": [ "319" ],
        "x-ms-correlation-request-id": [ "727f7922-f17f-4776-b944-fb86fc141af2" ],
        "x-ms-routing-request-id": [ "WESTUS:20220503T233259Z:727f7922-f17f-4776-b944-fb86fc141af2" ],
        "X-Content-Type-Options": [ "nosniff" ],
        "Date": [ "Tue, 03 May 2022 23:32:59 GMT" ]
      },
      "ContentHeaders": {
        "Content-Type": [ "application/json" ],
        "Expires": [ "-1" ],
        "Content-Length": [ "0" ]
      },
      "Content": null,
      "isContentBase64": false
    }
  },
  "Update-AzConnectedMachineExtension+[NoContext]+UpdateExpanded parameter set+$GET+https://management.azure.com/subscriptions/e6fe6705-4c9c-4b54-81d2-e455780e20b8/providers/Microsoft.HybridCompute/locations/eastus2euap/operationstatus/22a9e427-110e-49f3-a34d-1f1e498c5d9f?api-version=2022-03-10+2": {
    "Request": {
      "Method": "GET",
      "RequestUri": "https://management.azure.com/subscriptions/e6fe6705-4c9c-4b54-81d2-e455780e20b8/providers/Microsoft.HybridCompute/locations/eastus2euap/operationstatus/22a9e427-110e-49f3-a34d-1f1e498c5d9f?api-version=2022-03-10",
      "Content": null,
      "isContentBase64": false,
      "Headers": {
        "Authorization": [ "[Filtered]" ],
        "x-ms-unique-id": [ "68" ],
        "x-ms-client-request-id": [ "6e05efe5-f2f3-4460-bb12-6db36a114028" ],
        "CommandName": [ "Update-AzConnectedMachineExtension" ],
        "FullCommandName": [ "Update-AzConnectedMachineExtension_UpdateExpanded" ],
        "ParameterSetName": [ "__AllParameterSets" ],
        "User-Agent": [ "AzurePowershell/v0.0.0", "PSVersion/v7.2.2", "Az.ConnectedMachine/0.4.0" ]
      },
      "ContentHeaders": {
      }
    },
    "Response": {
      "StatusCode": 200,
      "Headers": {
        "Cache-Control": [ "no-cache" ],
        "Pragma": [ "no-cache" ],
        "x-ms-ratelimit-remaining-subscription-reads": [ "11998" ],
        "Strict-Transport-Security": [ "max-age=31536000; includeSubDomains" ],
        "x-ms-request-id": [ "7dc9499a-bc1d-41d4-84f0-8a51168f1852" ],
        "Server": [ "Kestrel" ],
        "x-ms-correlation-request-id": [ "58961f3b-0897-42c2-b740-6f9dab61e06e" ],
        "x-ms-routing-request-id": [ "WESTUS:20220503T233800Z:58961f3b-0897-42c2-b740-6f9dab61e06e" ],
        "X-Content-Type-Options": [ "nosniff" ],
        "Date": [ "Tue, 03 May 2022 23:37:59 GMT" ]
      },
      "ContentHeaders": {
        "Content-Length": [ "876" ],
        "Content-Type": [ "application/json; charset=utf-8" ],
        "Expires": [ "-1" ]
      },
      "Content": "{\"name\":\"22a9e427-110e-49f3-a34d-1f1e498c5d9f\",\"status\":\"Succeeded\",\"startTime\":\"2022-05-03T23:32:59.8935782Z\",\"properties\":{\"id\":\"/subscriptions/e6fe6705-4c9c-4b54-81d2-e455780e20b8/resourceGroups/az-sdk-test-powershell-rg-r38fjm/providers/Microsoft.HybridCompute/machines/uh4qgr/extensions/custom1\",\"name\":\"custom1\",\"location\":\"eastus2euap\",\"type\":\"Microsoft.HybridCompute/machines/extensions\",\"properties\":{\"publisher\":\"Microsoft.Compute\",\"type\":\"CustomScriptExtension\",\"typeHandlerVersion\":\"1.10.10\",\"autoUpgradeMinorVersion\":false,\"enableAutomaticUpgrade\":true,\"settings\":{\"commandToExecute\":\"hostname\"},\"provisioningState\":\"Succeeded\",\"instanceView\":{\"name\":\"custom1\",\"type\":\"CustomScriptExtension\",\"typeHandlerVersion\":\"1.10.10\",\"status\":{\"code\":\"success\",\"level\":\"Information\",\"message\":\"Extension Message: Command execution finished, StdOut: DorothysSurface\\r\\n\"}}}}}",
      "isContentBase64": false
    }
  },
  "Update-AzConnectedMachineExtension+[NoContext]+UpdateExpanded parameter set+$GET+https://management.azure.com/subscriptions/e6fe6705-4c9c-4b54-81d2-e455780e20b8/resourceGroups/az-sdk-test-powershell-rg-r38fjm/providers/Microsoft.HybridCompute/machines/uh4qgr/extensions/custom1?api-version=2022-03-10+3": {
    "Request": {
      "Method": "GET",
      "RequestUri": "https://management.azure.com/subscriptions/e6fe6705-4c9c-4b54-81d2-e455780e20b8/resourceGroups/az-sdk-test-powershell-rg-r38fjm/providers/Microsoft.HybridCompute/machines/uh4qgr/extensions/custom1?api-version=2022-03-10",
      "Content": null,
      "isContentBase64": false,
      "Headers": {
        "Authorization": [ "[Filtered]" ],
        "x-ms-unique-id": [ "69" ],
        "x-ms-client-request-id": [ "6e05efe5-f2f3-4460-bb12-6db36a114028" ],
        "CommandName": [ "Update-AzConnectedMachineExtension" ],
        "FullCommandName": [ "Update-AzConnectedMachineExtension_UpdateExpanded" ],
        "ParameterSetName": [ "__AllParameterSets" ],
        "User-Agent": [ "AzurePowershell/v0.0.0", "PSVersion/v7.2.2", "Az.ConnectedMachine/0.4.0" ]
      },
      "ContentHeaders": {
      }
    },
    "Response": {
      "StatusCode": 200,
      "Headers": {
        "Cache-Control": [ "no-cache" ],
        "Pragma": [ "no-cache" ],
        "x-ms-ratelimit-remaining-subscription-reads": [ "11997" ],
        "Strict-Transport-Security": [ "max-age=31536000; includeSubDomains" ],
        "x-ms-request-id": [ "a3ae3e69-7101-4de2-9176-af1e5b58e554" ],
        "Server": [ "Kestrel" ],
        "x-ms-correlation-request-id": [ "cf6acdf6-980e-4c0f-8a41-d5077d9cc4c7" ],
        "x-ms-routing-request-id": [ "WESTUS:20220503T233800Z:cf6acdf6-980e-4c0f-8a41-d5077d9cc4c7" ],
        "X-Content-Type-Options": [ "nosniff" ],
        "Date": [ "Tue, 03 May 2022 23:37:59 GMT" ]
      },
      "ContentHeaders": {
        "Content-Length": [ "751" ],
        "Content-Type": [ "application/json; charset=utf-8" ],
        "Expires": [ "-1" ]
      },
      "Content": "{\"id\":\"/subscriptions/e6fe6705-4c9c-4b54-81d2-e455780e20b8/resourceGroups/az-sdk-test-powershell-rg-r38fjm/providers/Microsoft.HybridCompute/machines/uh4qgr/extensions/custom1\",\"name\":\"custom1\",\"type\":\"Microsoft.HybridCompute/machines/extensions\",\"location\":\"eastus2euap\",\"properties\":{\"publisher\":\"Microsoft.Compute\",\"type\":\"CustomScriptExtension\",\"typeHandlerVersion\":\"1.10.10\",\"autoUpgradeMinorVersion\":false,\"enableAutomaticUpgrade\":true,\"settings\":{\"commandToExecute\":\"hostname\"},\"provisioningState\":\"Succeeded\",\"instanceView\":{\"name\":\"custom1\",\"type\":\"CustomScriptExtension\",\"typeHandlerVersion\":\"1.10.10\",\"status\":{\"code\":\"success\",\"level\":\"Information\",\"message\":\"Extension Message: Command execution finished, StdOut: DorothysSurface\\r\\n\"}}}}",
      "isContentBase64": false
    }
  },
  "Update-AzConnectedMachineExtension+[NoContext]+Update parameter set+$GET+https://management.azure.com/subscriptions/e6fe6705-4c9c-4b54-81d2-e455780e20b8/resourceGroups/az-sdk-test-powershell-rg-r38fjm/providers/Microsoft.HybridCompute/machines/uh4qgr/extensions/custom1?api-version=2022-03-10+1": {
    "Request": {
      "Method": "GET",
      "RequestUri": "https://management.azure.com/subscriptions/e6fe6705-4c9c-4b54-81d2-e455780e20b8/resourceGroups/az-sdk-test-powershell-rg-r38fjm/providers/Microsoft.HybridCompute/machines/uh4qgr/extensions/custom1?api-version=2022-03-10",
      "Content": null,
      "isContentBase64": false,
      "Headers": {
        "x-ms-unique-id": [ "70" ],
        "x-ms-client-request-id": [ "95f411cf-9ed2-4fce-a503-e6c5b1fe346c" ],
        "CommandName": [ "Get-AzConnectedMachineExtension" ],
        "FullCommandName": [ "Get-AzConnectedMachineExtension_Get" ],
        "ParameterSetName": [ "__AllParameterSets" ],
        "User-Agent": [ "AzurePowershell/v0.0.0", "PSVersion/v7.2.2", "Az.ConnectedMachine/0.4.0" ],
        "Authorization": [ "[Filtered]" ]
      },
      "ContentHeaders": {
      }
    },
    "Response": {
      "StatusCode": 200,
      "Headers": {
        "Cache-Control": [ "no-cache" ],
        "Pragma": [ "no-cache" ],
        "x-ms-ratelimit-remaining-subscription-reads": [ "11996" ],
        "Strict-Transport-Security": [ "max-age=31536000; includeSubDomains" ],
        "x-ms-request-id": [ "dcc3c8a3-14c5-4e23-8c72-d644768db75b" ],
        "Server": [ "Kestrel" ],
        "x-ms-correlation-request-id": [ "e3cca366-7721-4afe-a018-e9e667c717b3" ],
        "x-ms-routing-request-id": [ "WESTUS:20220503T233801Z:e3cca366-7721-4afe-a018-e9e667c717b3" ],
        "X-Content-Type-Options": [ "nosniff" ],
        "Date": [ "Tue, 03 May 2022 23:38:01 GMT" ]
      },
      "ContentHeaders": {
        "Content-Length": [ "751" ],
        "Content-Type": [ "application/json; charset=utf-8" ],
        "Expires": [ "-1" ]
      },
      "Content": "{\"id\":\"/subscriptions/e6fe6705-4c9c-4b54-81d2-e455780e20b8/resourceGroups/az-sdk-test-powershell-rg-r38fjm/providers/Microsoft.HybridCompute/machines/uh4qgr/extensions/custom1\",\"name\":\"custom1\",\"type\":\"Microsoft.HybridCompute/machines/extensions\",\"location\":\"eastus2euap\",\"properties\":{\"publisher\":\"Microsoft.Compute\",\"type\":\"CustomScriptExtension\",\"typeHandlerVersion\":\"1.10.10\",\"autoUpgradeMinorVersion\":false,\"enableAutomaticUpgrade\":true,\"settings\":{\"commandToExecute\":\"hostname\"},\"provisioningState\":\"Succeeded\",\"instanceView\":{\"name\":\"custom1\",\"type\":\"CustomScriptExtension\",\"typeHandlerVersion\":\"1.10.10\",\"status\":{\"code\":\"success\",\"level\":\"Information\",\"message\":\"Extension Message: Command execution finished, StdOut: DorothysSurface\\r\\n\"}}}}",
      "isContentBase64": false
    }
  },
  "Update-AzConnectedMachineExtension+[NoContext]+Update parameter set+$PATCH+https://management.azure.com/subscriptions/e6fe6705-4c9c-4b54-81d2-e455780e20b8/resourceGroups/az-sdk-test-powershell-rg-r38fjm/providers/Microsoft.HybridCompute/machines/uh4qgr/extensions/custom1?api-version=2022-03-10+2": {
    "Request": {
      "Method": "PATCH",
      "RequestUri": "https://management.azure.com/subscriptions/e6fe6705-4c9c-4b54-81d2-e455780e20b8/resourceGroups/az-sdk-test-powershell-rg-r38fjm/providers/Microsoft.HybridCompute/machines/uh4qgr/extensions/custom1?api-version=2022-03-10",
      "Content": "{\r\n  \"properties\": {\r\n    \"publisher\": \"Microsoft.Compute\",\r\n    \"type\": \"CustomScriptExtension\",\r\n    \"enableAutomaticUpgrade\": true,\r\n    \"autoUpgradeMinorVersion\": false,\r\n    \"settings\": {\r\n      \"commandToExecute\": \"powershell.exe echo hi\"\r\n    }\r\n  },\r\n  \"type\": \"Microsoft.HybridCompute/machines/extensions\",\r\n  \"location\": \"eastus2euap\",\r\n  \"name\": \"custom1\",\r\n  \"id\": \"/subscriptions/e6fe6705-4c9c-4b54-81d2-e455780e20b8/resourceGroups/az-sdk-test-powershell-rg-r38fjm/providers/Microsoft.HybridCompute/machines/uh4qgr/extensions/custom1\"\r\n}",
      "isContentBase64": false,
      "Headers": {
      },
      "ContentHeaders": {
        "Content-Type": [ "application/json" ],
        "Content-Length": [ "550" ]
      }
    },
    "Response": {
      "StatusCode": 202,
      "Headers": {
        "Cache-Control": [ "no-cache" ],
        "Pragma": [ "no-cache" ],
        "Location": [ "https://management.azure.com/subscriptions/e6fe6705-4c9c-4b54-81d2-e455780e20b8/providers/Microsoft.HybridCompute/locations/eastus2euap/operationresults/086ab802-3e71-4b93-9502-a5f365895726?api-version=2022-03-10" ],
        "Retry-After": [ "300" ],
        "Strict-Transport-Security": [ "max-age=31536000; includeSubDomains" ],
        "x-ms-request-id": [ "c68eb14f-eed5-4b24-9c17-a86f2651d070" ],
        "Azure-AsyncOperation": [ "https://management.azure.com/subscriptions/e6fe6705-4c9c-4b54-81d2-e455780e20b8/providers/Microsoft.HybridCompute/locations/eastus2euap/operationstatus/086ab802-3e71-4b93-9502-a5f365895726?api-version=2022-03-10" ],
        "Server": [ "Kestrel" ],
        "x-ms-ratelimit-remaining-subscription-resource-requests": [ "319" ],
        "x-ms-correlation-request-id": [ "e020a33b-93c6-4a45-b774-342e6cbfbe81" ],
        "x-ms-routing-request-id": [ "WESTUS:20220503T233802Z:e020a33b-93c6-4a45-b774-342e6cbfbe81" ],
        "X-Content-Type-Options": [ "nosniff" ],
        "Date": [ "Tue, 03 May 2022 23:38:02 GMT" ]
      },
      "ContentHeaders": {
        "Content-Type": [ "application/json" ],
        "Expires": [ "-1" ],
        "Content-Length": [ "0" ]
      },
      "Content": null,
      "isContentBase64": false
    }
  },
  "Update-AzConnectedMachineExtension+[NoContext]+Update parameter set+$GET+https://management.azure.com/subscriptions/e6fe6705-4c9c-4b54-81d2-e455780e20b8/providers/Microsoft.HybridCompute/locations/eastus2euap/operationstatus/086ab802-3e71-4b93-9502-a5f365895726?api-version=2022-03-10+3": {
    "Request": {
      "Method": "GET",
      "RequestUri": "https://management.azure.com/subscriptions/e6fe6705-4c9c-4b54-81d2-e455780e20b8/providers/Microsoft.HybridCompute/locations/eastus2euap/operationstatus/086ab802-3e71-4b93-9502-a5f365895726?api-version=2022-03-10",
      "Content": null,
      "isContentBase64": false,
      "Headers": {
        "Authorization": [ "[Filtered]" ],
        "x-ms-unique-id": [ "72" ],
        "x-ms-client-request-id": [ "cdfc2615-7dcd-48a7-a853-2d2129f38350" ],
        "CommandName": [ "Update-AzConnectedMachineExtension" ],
        "FullCommandName": [ "Update-AzConnectedMachineExtension_Update" ],
        "ParameterSetName": [ "__AllParameterSets" ],
        "User-Agent": [ "AzurePowershell/v0.0.0", "PSVersion/v7.2.2", "Az.ConnectedMachine/0.4.0" ]
      },
      "ContentHeaders": {
      }
    },
    "Response": {
      "StatusCode": 200,
      "Headers": {
        "Cache-Control": [ "no-cache" ],
        "Pragma": [ "no-cache" ],
        "x-ms-ratelimit-remaining-subscription-reads": [ "11999" ],
        "Strict-Transport-Security": [ "max-age=31536000; includeSubDomains" ],
        "x-ms-request-id": [ "31cf1419-3c63-4a37-b531-d4aac7467ea9" ],
        "Server": [ "Kestrel" ],
        "x-ms-correlation-request-id": [ "5e66535a-f25c-4f0e-827d-839dcec3a9fa" ],
        "x-ms-routing-request-id": [ "WESTUS:20220503T234302Z:5e66535a-f25c-4f0e-827d-839dcec3a9fa" ],
        "X-Content-Type-Options": [ "nosniff" ],
        "Date": [ "Tue, 03 May 2022 23:43:01 GMT" ]
      },
      "ContentHeaders": {
        "Content-Length": [ "877" ],
        "Content-Type": [ "application/json; charset=utf-8" ],
        "Expires": [ "-1" ]
      },
      "Content": "{\"name\":\"086ab802-3e71-4b93-9502-a5f365895726\",\"status\":\"Succeeded\",\"startTime\":\"2022-05-03T23:38:02.0591258Z\",\"properties\":{\"id\":\"/subscriptions/e6fe6705-4c9c-4b54-81d2-e455780e20b8/resourceGroups/az-sdk-test-powershell-rg-r38fjm/providers/Microsoft.HybridCompute/machines/uh4qgr/extensions/custom1\",\"name\":\"custom1\",\"location\":\"eastus2euap\",\"type\":\"Microsoft.HybridCompute/machines/extensions\",\"properties\":{\"publisher\":\"Microsoft.Compute\",\"type\":\"CustomScriptExtension\",\"typeHandlerVersion\":\"1.10.10\",\"autoUpgradeMinorVersion\":false,\"enableAutomaticUpgrade\":true,\"settings\":{\"commandToExecute\":\"powershell.exe echo hi\"},\"provisioningState\":\"Succeeded\",\"instanceView\":{\"name\":\"custom1\",\"type\":\"CustomScriptExtension\",\"typeHandlerVersion\":\"1.10.10\",\"status\":{\"code\":\"success\",\"level\":\"Information\",\"message\":\"Extension Message: Command execution finished, StdOut: hi\\r\\n\"}}}}}",
      "isContentBase64": false
    }
  },
  "Update-AzConnectedMachineExtension+[NoContext]+Update parameter set+$GET+https://management.azure.com/subscriptions/e6fe6705-4c9c-4b54-81d2-e455780e20b8/resourceGroups/az-sdk-test-powershell-rg-r38fjm/providers/Microsoft.HybridCompute/machines/uh4qgr/extensions/custom1?api-version=2022-03-10+4": {
    "Request": {
      "Method": "GET",
      "RequestUri": "https://management.azure.com/subscriptions/e6fe6705-4c9c-4b54-81d2-e455780e20b8/resourceGroups/az-sdk-test-powershell-rg-r38fjm/providers/Microsoft.HybridCompute/machines/uh4qgr/extensions/custom1?api-version=2022-03-10",
      "Content": null,
      "isContentBase64": false,
      "Headers": {
        "Authorization": [ "[Filtered]" ],
        "x-ms-unique-id": [ "73" ],
        "x-ms-client-request-id": [ "cdfc2615-7dcd-48a7-a853-2d2129f38350" ],
        "CommandName": [ "Update-AzConnectedMachineExtension" ],
        "FullCommandName": [ "Update-AzConnectedMachineExtension_Update" ],
        "ParameterSetName": [ "__AllParameterSets" ],
        "User-Agent": [ "AzurePowershell/v0.0.0", "PSVersion/v7.2.2", "Az.ConnectedMachine/0.4.0" ]
      },
      "ContentHeaders": {
      }
    },
    "Response": {
      "StatusCode": 200,
      "Headers": {
        "Cache-Control": [ "no-cache" ],
        "Pragma": [ "no-cache" ],
        "x-ms-ratelimit-remaining-subscription-reads": [ "11998" ],
        "Strict-Transport-Security": [ "max-age=31536000; includeSubDomains" ],
        "x-ms-request-id": [ "d7c7360b-9667-4c2e-a41d-68e940373a28" ],
        "Server": [ "Kestrel" ],
        "x-ms-correlation-request-id": [ "3c1a3b96-f2b8-4e7f-bc36-18d9d5e5b54d" ],
        "x-ms-routing-request-id": [ "WESTUS:20220503T234302Z:3c1a3b96-f2b8-4e7f-bc36-18d9d5e5b54d" ],
        "X-Content-Type-Options": [ "nosniff" ],
        "Date": [ "Tue, 03 May 2022 23:43:02 GMT" ]
      },
      "ContentHeaders": {
        "Content-Length": [ "752" ],
        "Content-Type": [ "application/json; charset=utf-8" ],
        "Expires": [ "-1" ]
      },
      "Content": "{\"id\":\"/subscriptions/e6fe6705-4c9c-4b54-81d2-e455780e20b8/resourceGroups/az-sdk-test-powershell-rg-r38fjm/providers/Microsoft.HybridCompute/machines/uh4qgr/extensions/custom1\",\"name\":\"custom1\",\"type\":\"Microsoft.HybridCompute/machines/extensions\",\"location\":\"eastus2euap\",\"properties\":{\"publisher\":\"Microsoft.Compute\",\"type\":\"CustomScriptExtension\",\"typeHandlerVersion\":\"1.10.10\",\"autoUpgradeMinorVersion\":false,\"enableAutomaticUpgrade\":true,\"settings\":{\"commandToExecute\":\"powershell.exe echo hi\"},\"provisioningState\":\"Succeeded\",\"instanceView\":{\"name\":\"custom1\",\"type\":\"CustomScriptExtension\",\"typeHandlerVersion\":\"1.10.10\",\"status\":{\"code\":\"success\",\"level\":\"Information\",\"message\":\"Extension Message: Command execution finished, StdOut: hi\\r\\n\"}}}}",
      "isContentBase64": false
    }
  },
  "Update-AzConnectedMachineExtension+[NoContext]+UpdateViaIdentityExpanded parameter set+$GET+https://management.azure.com/subscriptions/e6fe6705-4c9c-4b54-81d2-e455780e20b8/resourceGroups/az-sdk-test-powershell-rg-r38fjm/providers/Microsoft.HybridCompute/machines/uh4qgr/extensions/custom1?api-version=2022-03-10+1": {
    "Request": {
      "Method": "GET",
      "RequestUri": "https://management.azure.com/subscriptions/e6fe6705-4c9c-4b54-81d2-e455780e20b8/resourceGroups/az-sdk-test-powershell-rg-r38fjm/providers/Microsoft.HybridCompute/machines/uh4qgr/extensions/custom1?api-version=2022-03-10",
      "Content": null,
      "isContentBase64": false,
      "Headers": {
        "x-ms-unique-id": [ "74" ],
        "x-ms-client-request-id": [ "36fe3bf3-8276-4e1e-834b-846ea212b1a2" ],
        "CommandName": [ "Get-AzConnectedMachineExtension" ],
        "FullCommandName": [ "Get-AzConnectedMachineExtension_Get" ],
        "ParameterSetName": [ "__AllParameterSets" ],
        "User-Agent": [ "AzurePowershell/v0.0.0", "PSVersion/v7.2.2", "Az.ConnectedMachine/0.4.0" ],
        "Authorization": [ "[Filtered]" ]
      },
      "ContentHeaders": {
      }
    },
    "Response": {
      "StatusCode": 200,
      "Headers": {
        "Cache-Control": [ "no-cache" ],
        "Pragma": [ "no-cache" ],
        "x-ms-ratelimit-remaining-subscription-reads": [ "11997" ],
        "Strict-Transport-Security": [ "max-age=31536000; includeSubDomains" ],
        "x-ms-request-id": [ "94497b33-7604-4693-8b22-f6134a31f807" ],
        "Server": [ "Kestrel" ],
        "x-ms-correlation-request-id": [ "dc950a31-bc52-464f-8d0a-34bddc3b2d95" ],
        "x-ms-routing-request-id": [ "WESTUS:20220503T234303Z:dc950a31-bc52-464f-8d0a-34bddc3b2d95" ],
        "X-Content-Type-Options": [ "nosniff" ],
        "Date": [ "Tue, 03 May 2022 23:43:02 GMT" ]
      },
      "ContentHeaders": {
        "Content-Length": [ "752" ],
        "Content-Type": [ "application/json; charset=utf-8" ],
        "Expires": [ "-1" ]
      },
      "Content": "{\"id\":\"/subscriptions/e6fe6705-4c9c-4b54-81d2-e455780e20b8/resourceGroups/az-sdk-test-powershell-rg-r38fjm/providers/Microsoft.HybridCompute/machines/uh4qgr/extensions/custom1\",\"name\":\"custom1\",\"type\":\"Microsoft.HybridCompute/machines/extensions\",\"location\":\"eastus2euap\",\"properties\":{\"publisher\":\"Microsoft.Compute\",\"type\":\"CustomScriptExtension\",\"typeHandlerVersion\":\"1.10.10\",\"autoUpgradeMinorVersion\":false,\"enableAutomaticUpgrade\":true,\"settings\":{\"commandToExecute\":\"powershell.exe echo hi\"},\"provisioningState\":\"Succeeded\",\"instanceView\":{\"name\":\"custom1\",\"type\":\"CustomScriptExtension\",\"typeHandlerVersion\":\"1.10.10\",\"status\":{\"code\":\"success\",\"level\":\"Information\",\"message\":\"Extension Message: Command execution finished, StdOut: hi\\r\\n\"}}}}",
      "isContentBase64": false
    }
  },
  "Update-AzConnectedMachineExtension+[NoContext]+UpdateViaIdentityExpanded parameter set+$PATCH+https://management.azure.com/subscriptions/e6fe6705-4c9c-4b54-81d2-e455780e20b8/resourceGroups/az-sdk-test-powershell-rg-r38fjm/providers/Microsoft.HybridCompute/machines/uh4qgr/extensions/custom1?api-version=2022-03-10+2": {
    "Request": {
      "Method": "PATCH",
      "RequestUri": "https://management.azure.com/subscriptions/e6fe6705-4c9c-4b54-81d2-e455780e20b8/resourceGroups/az-sdk-test-powershell-rg-r38fjm/providers/Microsoft.HybridCompute/machines/uh4qgr/extensions/custom1?api-version=2022-03-10",
      "Content": "{\r\n  \"properties\": {\r\n    \"settings\": {\r\n      \"commandToExecute\": \"powershell.exe pwd\"\r\n    }\r\n  }\r\n}",
      "isContentBase64": false,
      "Headers": {
      },
      "ContentHeaders": {
        "Content-Type": [ "application/json" ],
        "Content-Length": [ "102" ]
      }
    },
    "Response": {
      "StatusCode": 202,
      "Headers": {
        "Cache-Control": [ "no-cache" ],
        "Pragma": [ "no-cache" ],
        "Location": [ "https://management.azure.com/subscriptions/e6fe6705-4c9c-4b54-81d2-e455780e20b8/providers/Microsoft.HybridCompute/locations/eastus2euap/operationresults/4408a652-e36e-4232-8047-9f2968e09eaf?api-version=2022-03-10" ],
        "Retry-After": [ "300" ],
        "Strict-Transport-Security": [ "max-age=31536000; includeSubDomains" ],
        "x-ms-request-id": [ "b9c4cbf1-5d00-408c-8a76-3af77c0fa157" ],
        "Azure-AsyncOperation": [ "https://management.azure.com/subscriptions/e6fe6705-4c9c-4b54-81d2-e455780e20b8/providers/Microsoft.HybridCompute/locations/eastus2euap/operationstatus/4408a652-e36e-4232-8047-9f2968e09eaf?api-version=2022-03-10" ],
        "Server": [ "Kestrel" ],
        "x-ms-ratelimit-remaining-subscription-resource-requests": [ "319" ],
        "x-ms-correlation-request-id": [ "3cd7d309-61d1-46b6-9678-1105d5eed2f7" ],
        "x-ms-routing-request-id": [ "WESTUS:20220503T234304Z:3cd7d309-61d1-46b6-9678-1105d5eed2f7" ],
        "X-Content-Type-Options": [ "nosniff" ],
        "Date": [ "Tue, 03 May 2022 23:43:04 GMT" ]
      },
      "ContentHeaders": {
        "Content-Type": [ "application/json" ],
        "Expires": [ "-1" ],
        "Content-Length": [ "0" ]
      },
      "Content": null,
      "isContentBase64": false
    }
  },
  "Update-AzConnectedMachineExtension+[NoContext]+UpdateViaIdentityExpanded parameter set+$GET+https://management.azure.com/subscriptions/e6fe6705-4c9c-4b54-81d2-e455780e20b8/providers/Microsoft.HybridCompute/locations/eastus2euap/operationstatus/4408a652-e36e-4232-8047-9f2968e09eaf?api-version=2022-03-10+3": {
    "Request": {
      "Method": "GET",
      "RequestUri": "https://management.azure.com/subscriptions/e6fe6705-4c9c-4b54-81d2-e455780e20b8/providers/Microsoft.HybridCompute/locations/eastus2euap/operationstatus/4408a652-e36e-4232-8047-9f2968e09eaf?api-version=2022-03-10",
      "Content": null,
      "isContentBase64": false,
      "Headers": {
        "Authorization": [ "[Filtered]" ],
        "x-ms-unique-id": [ "76" ],
        "x-ms-client-request-id": [ "a2c1222d-23fb-4c80-b2ba-1f1419fa10c0" ],
        "CommandName": [ "Update-AzConnectedMachineExtension" ],
        "FullCommandName": [ "Update-AzConnectedMachineExtension_UpdateViaIdentityExpanded" ],
        "ParameterSetName": [ "__AllParameterSets" ],
        "User-Agent": [ "AzurePowershell/v0.0.0", "PSVersion/v7.2.2", "Az.ConnectedMachine/0.4.0" ]
      },
      "ContentHeaders": {
      }
    },
    "Response": {
      "StatusCode": 200,
      "Headers": {
        "Cache-Control": [ "no-cache" ],
        "Pragma": [ "no-cache" ],
        "x-ms-ratelimit-remaining-subscription-reads": [ "11999" ],
        "Strict-Transport-Security": [ "max-age=31536000; includeSubDomains" ],
        "x-ms-request-id": [ "3ceb2f77-cb02-4396-bac7-9bceff11bc96" ],
        "Server": [ "Kestrel" ],
        "x-ms-correlation-request-id": [ "9bf02ddd-c477-4c4c-9e41-efee25bd6b66" ],
        "x-ms-routing-request-id": [ "WESTUS:20220503T234804Z:9bf02ddd-c477-4c4c-9e41-efee25bd6b66" ],
        "X-Content-Type-Options": [ "nosniff" ],
        "Date": [ "Tue, 03 May 2022 23:48:04 GMT" ]
      },
      "ContentHeaders": {
        "Content-Length": [ "1134" ],
        "Content-Type": [ "application/json; charset=utf-8" ],
        "Expires": [ "-1" ]
      },
      "Content": "{\"name\":\"4408a652-e36e-4232-8047-9f2968e09eaf\",\"status\":\"Succeeded\",\"startTime\":\"2022-05-03T23:43:04.3443402Z\",\"properties\":{\"id\":\"/subscriptions/e6fe6705-4c9c-4b54-81d2-e455780e20b8/resourceGroups/az-sdk-test-powershell-rg-r38fjm/providers/Microsoft.HybridCompute/machines/uh4qgr/extensions/custom1\",\"name\":\"custom1\",\"location\":\"eastus2euap\",\"type\":\"Microsoft.HybridCompute/machines/extensions\",\"properties\":{\"publisher\":\"Microsoft.Compute\",\"type\":\"CustomScriptExtension\",\"typeHandlerVersion\":\"1.10.10\",\"autoUpgradeMinorVersion\":false,\"enableAutomaticUpgrade\":true,\"settings\":{\"commandToExecute\":\"powershell.exe pwd\"},\"provisioningState\":\"Succeeded\",\"instanceView\":{\"name\":\"custom1\",\"type\":\"CustomScriptExtension\",\"typeHandlerVersion\":\"1.10.10\",\"status\":{\"code\":\"success\",\"level\":\"Information\",\"message\":\"Extension Message: Command execution finished, StdOut: \\r\\nPath                                                                           \\r\\n----                                                                           \\r\\nC:\\\\Packages\\\\Plugins\\\\Microsoft.Compute.CustomScriptExtension\\\\1.10.10\\\\Downloads\\\\3\\r\\n\\r\\n\\r\\n\"}}}}}",
      "isContentBase64": false
    }
  },
  "Update-AzConnectedMachineExtension+[NoContext]+UpdateViaIdentityExpanded parameter set+$GET+https://management.azure.com/subscriptions/e6fe6705-4c9c-4b54-81d2-e455780e20b8/resourceGroups/az-sdk-test-powershell-rg-r38fjm/providers/Microsoft.HybridCompute/machines/uh4qgr/extensions/custom1?api-version=2022-03-10+4": {
    "Request": {
      "Method": "GET",
      "RequestUri": "https://management.azure.com/subscriptions/e6fe6705-4c9c-4b54-81d2-e455780e20b8/resourceGroups/az-sdk-test-powershell-rg-r38fjm/providers/Microsoft.HybridCompute/machines/uh4qgr/extensions/custom1?api-version=2022-03-10",
      "Content": null,
      "isContentBase64": false,
      "Headers": {
        "Authorization": [ "[Filtered]" ],
        "x-ms-unique-id": [ "77" ],
        "x-ms-client-request-id": [ "a2c1222d-23fb-4c80-b2ba-1f1419fa10c0" ],
        "CommandName": [ "Update-AzConnectedMachineExtension" ],
        "FullCommandName": [ "Update-AzConnectedMachineExtension_UpdateViaIdentityExpanded" ],
        "ParameterSetName": [ "__AllParameterSets" ],
        "User-Agent": [ "AzurePowershell/v0.0.0", "PSVersion/v7.2.2", "Az.ConnectedMachine/0.4.0" ]
      },
      "ContentHeaders": {
      }
    },
    "Response": {
      "StatusCode": 200,
      "Headers": {
        "Cache-Control": [ "no-cache" ],
        "Pragma": [ "no-cache" ],
        "x-ms-ratelimit-remaining-subscription-reads": [ "11998" ],
        "Strict-Transport-Security": [ "max-age=31536000; includeSubDomains" ],
        "x-ms-request-id": [ "9bb863b6-bf0c-4635-a16d-e852a1d1c3bb" ],
        "Server": [ "Kestrel" ],
        "x-ms-correlation-request-id": [ "740a6476-72cc-43ac-90aa-e58fb7c89783" ],
        "x-ms-routing-request-id": [ "WESTUS:20220503T234805Z:740a6476-72cc-43ac-90aa-e58fb7c89783" ],
        "X-Content-Type-Options": [ "nosniff" ],
        "Date": [ "Tue, 03 May 2022 23:48:05 GMT" ]
      },
      "ContentHeaders": {
        "Content-Length": [ "1009" ],
        "Content-Type": [ "application/json; charset=utf-8" ],
        "Expires": [ "-1" ]
      },
      "Content": "{\"id\":\"/subscriptions/e6fe6705-4c9c-4b54-81d2-e455780e20b8/resourceGroups/az-sdk-test-powershell-rg-r38fjm/providers/Microsoft.HybridCompute/machines/uh4qgr/extensions/custom1\",\"name\":\"custom1\",\"type\":\"Microsoft.HybridCompute/machines/extensions\",\"location\":\"eastus2euap\",\"properties\":{\"publisher\":\"Microsoft.Compute\",\"type\":\"CustomScriptExtension\",\"typeHandlerVersion\":\"1.10.10\",\"autoUpgradeMinorVersion\":false,\"enableAutomaticUpgrade\":true,\"settings\":{\"commandToExecute\":\"powershell.exe pwd\"},\"provisioningState\":\"Succeeded\",\"instanceView\":{\"name\":\"custom1\",\"type\":\"CustomScriptExtension\",\"typeHandlerVersion\":\"1.10.10\",\"status\":{\"code\":\"success\",\"level\":\"Information\",\"message\":\"Extension Message: Command execution finished, StdOut: \\r\\nPath                                                                           \\r\\n----                                                                           \\r\\nC:\\\\Packages\\\\Plugins\\\\Microsoft.Compute.CustomScriptExtension\\\\1.10.10\\\\Downloads\\\\3\\r\\n\\r\\n\\r\\n\"}}}}",
      "isContentBase64": false
    }
  },
  "Update-AzConnectedMachineExtension+[NoContext]+UpdateViaIdentity parameter set+$GET+https://management.azure.com/subscriptions/e6fe6705-4c9c-4b54-81d2-e455780e20b8/resourceGroups/az-sdk-test-powershell-rg-r38fjm/providers/Microsoft.HybridCompute/machines/uh4qgr/extensions/custom1?api-version=2022-03-10+1": {
    "Request": {
      "Method": "GET",
      "RequestUri": "https://management.azure.com/subscriptions/e6fe6705-4c9c-4b54-81d2-e455780e20b8/resourceGroups/az-sdk-test-powershell-rg-r38fjm/providers/Microsoft.HybridCompute/machines/uh4qgr/extensions/custom1?api-version=2022-03-10",
      "Content": null,
      "isContentBase64": false,
      "Headers": {
        "x-ms-unique-id": [ "78" ],
        "x-ms-client-request-id": [ "ebe4c3c4-ab4b-4d67-8a35-6916cfbe6d6d" ],
        "CommandName": [ "Get-AzConnectedMachineExtension" ],
        "FullCommandName": [ "Get-AzConnectedMachineExtension_Get" ],
        "ParameterSetName": [ "__AllParameterSets" ],
        "User-Agent": [ "AzurePowershell/v0.0.0", "PSVersion/v7.2.2", "Az.ConnectedMachine/0.4.0" ],
        "Authorization": [ "[Filtered]" ]
      },
      "ContentHeaders": {
      }
    },
    "Response": {
      "StatusCode": 200,
      "Headers": {
        "Cache-Control": [ "no-cache" ],
        "Pragma": [ "no-cache" ],
        "x-ms-ratelimit-remaining-subscription-reads": [ "11997" ],
        "Strict-Transport-Security": [ "max-age=31536000; includeSubDomains" ],
        "x-ms-request-id": [ "0e1fcd3c-1d48-4823-b677-89861d5e0a54" ],
        "Server": [ "Kestrel" ],
        "x-ms-correlation-request-id": [ "d9d9cf8e-2049-4b7e-b621-d8bf16be4fe1" ],
        "x-ms-routing-request-id": [ "WESTUS:20220503T234805Z:d9d9cf8e-2049-4b7e-b621-d8bf16be4fe1" ],
        "X-Content-Type-Options": [ "nosniff" ],
        "Date": [ "Tue, 03 May 2022 23:48:05 GMT" ]
      },
      "ContentHeaders": {
        "Content-Length": [ "1009" ],
        "Content-Type": [ "application/json; charset=utf-8" ],
        "Expires": [ "-1" ]
      },
      "Content": "{\"id\":\"/subscriptions/e6fe6705-4c9c-4b54-81d2-e455780e20b8/resourceGroups/az-sdk-test-powershell-rg-r38fjm/providers/Microsoft.HybridCompute/machines/uh4qgr/extensions/custom1\",\"name\":\"custom1\",\"type\":\"Microsoft.HybridCompute/machines/extensions\",\"location\":\"eastus2euap\",\"properties\":{\"publisher\":\"Microsoft.Compute\",\"type\":\"CustomScriptExtension\",\"typeHandlerVersion\":\"1.10.10\",\"autoUpgradeMinorVersion\":false,\"enableAutomaticUpgrade\":true,\"settings\":{\"commandToExecute\":\"powershell.exe pwd\"},\"provisioningState\":\"Succeeded\",\"instanceView\":{\"name\":\"custom1\",\"type\":\"CustomScriptExtension\",\"typeHandlerVersion\":\"1.10.10\",\"status\":{\"code\":\"success\",\"level\":\"Information\",\"message\":\"Extension Message: Command execution finished, StdOut: \\r\\nPath                                                                           \\r\\n----                                                                           \\r\\nC:\\\\Packages\\\\Plugins\\\\Microsoft.Compute.CustomScriptExtension\\\\1.10.10\\\\Downloads\\\\3\\r\\n\\r\\n\\r\\n\"}}}}",
      "isContentBase64": false
    }
  },
  "Update-AzConnectedMachineExtension+[NoContext]+UpdateViaIdentity parameter set+$PATCH+https://management.azure.com/subscriptions/e6fe6705-4c9c-4b54-81d2-e455780e20b8/resourceGroups/az-sdk-test-powershell-rg-r38fjm/providers/Microsoft.HybridCompute/machines/uh4qgr/extensions/custom1?api-version=2022-03-10+2": {
    "Request": {
      "Method": "PATCH",
      "RequestUri": "https://management.azure.com/subscriptions/e6fe6705-4c9c-4b54-81d2-e455780e20b8/resourceGroups/az-sdk-test-powershell-rg-r38fjm/providers/Microsoft.HybridCompute/machines/uh4qgr/extensions/custom1?api-version=2022-03-10",
      "Content": "{\r\n  \"properties\": {\r\n    \"publisher\": \"Microsoft.Compute\",\r\n    \"type\": \"CustomScriptExtension\",\r\n    \"enableAutomaticUpgrade\": true,\r\n    \"autoUpgradeMinorVersion\": false,\r\n    \"settings\": {\r\n      \"commandToExecute\": \"powershell.exe man\"\r\n    }\r\n  },\r\n  \"type\": \"Microsoft.HybridCompute/machines/extensions\",\r\n  \"location\": \"eastus2euap\",\r\n  \"name\": \"custom1\",\r\n  \"id\": \"/subscriptions/e6fe6705-4c9c-4b54-81d2-e455780e20b8/resourceGroups/az-sdk-test-powershell-rg-r38fjm/providers/Microsoft.HybridCompute/machines/uh4qgr/extensions/custom1\"\r\n}",
      "isContentBase64": false,
      "Headers": {
      },
      "ContentHeaders": {
        "Content-Type": [ "application/json" ],
        "Content-Length": [ "546" ]
      }
    },
    "Response": {
      "StatusCode": 202,
      "Headers": {
        "Cache-Control": [ "no-cache" ],
        "Pragma": [ "no-cache" ],
        "Location": [ "https://management.azure.com/subscriptions/e6fe6705-4c9c-4b54-81d2-e455780e20b8/providers/Microsoft.HybridCompute/locations/eastus2euap/operationresults/821b6608-8583-4ec8-8a1f-18a2f8c8d78a?api-version=2022-03-10" ],
        "Retry-After": [ "300" ],
        "Strict-Transport-Security": [ "max-age=31536000; includeSubDomains" ],
        "x-ms-request-id": [ "eecb1937-30d4-4ec8-a4a6-83abe07d0ef0" ],
        "Azure-AsyncOperation": [ "https://management.azure.com/subscriptions/e6fe6705-4c9c-4b54-81d2-e455780e20b8/providers/Microsoft.HybridCompute/locations/eastus2euap/operationstatus/821b6608-8583-4ec8-8a1f-18a2f8c8d78a?api-version=2022-03-10" ],
        "Server": [ "Kestrel" ],
        "x-ms-ratelimit-remaining-subscription-resource-requests": [ "319" ],
        "x-ms-correlation-request-id": [ "cb11f69b-61a6-46e1-b8fb-30de939f4a01" ],
        "x-ms-routing-request-id": [ "WESTUS:20220503T234806Z:cb11f69b-61a6-46e1-b8fb-30de939f4a01" ],
        "X-Content-Type-Options": [ "nosniff" ],
        "Date": [ "Tue, 03 May 2022 23:48:06 GMT" ]
      },
      "ContentHeaders": {
        "Content-Type": [ "application/json" ],
        "Expires": [ "-1" ],
        "Content-Length": [ "0" ]
      },
      "Content": null,
      "isContentBase64": false
    }
  },
  "Update-AzConnectedMachineExtension+[NoContext]+UpdateViaIdentity parameter set+$GET+https://management.azure.com/subscriptions/e6fe6705-4c9c-4b54-81d2-e455780e20b8/providers/Microsoft.HybridCompute/locations/eastus2euap/operationstatus/821b6608-8583-4ec8-8a1f-18a2f8c8d78a?api-version=2022-03-10+3": {
    "Request": {
      "Method": "GET",
      "RequestUri": "https://management.azure.com/subscriptions/e6fe6705-4c9c-4b54-81d2-e455780e20b8/providers/Microsoft.HybridCompute/locations/eastus2euap/operationstatus/821b6608-8583-4ec8-8a1f-18a2f8c8d78a?api-version=2022-03-10",
      "Content": null,
      "isContentBase64": false,
      "Headers": {
        "Authorization": [ "[Filtered]" ],
        "x-ms-unique-id": [ "80" ],
        "x-ms-client-request-id": [ "9ec68bbd-de76-410e-b755-90bce0a5b22d" ],
        "CommandName": [ "Update-AzConnectedMachineExtension" ],
        "FullCommandName": [ "Update-AzConnectedMachineExtension_UpdateViaIdentity" ],
        "ParameterSetName": [ "__AllParameterSets" ],
        "User-Agent": [ "AzurePowershell/v0.0.0", "PSVersion/v7.2.2", "Az.ConnectedMachine/0.4.0" ]
      },
      "ContentHeaders": {
      }
    },
    "Response": {
      "StatusCode": 200,
      "Headers": {
        "Cache-Control": [ "no-cache" ],
        "Pragma": [ "no-cache" ],
        "x-ms-ratelimit-remaining-subscription-reads": [ "11999" ],
        "Strict-Transport-Security": [ "max-age=31536000; includeSubDomains" ],
        "x-ms-request-id": [ "b2b0043a-411f-415a-8bac-58f584f679c0" ],
        "Server": [ "Kestrel" ],
        "x-ms-correlation-request-id": [ "aff703d9-42d0-40e8-9f21-04e71e3fe8c8" ],
        "x-ms-routing-request-id": [ "WESTUS:20220503T235307Z:aff703d9-42d0-40e8-9f21-04e71e3fe8c8" ],
        "X-Content-Type-Options": [ "nosniff" ],
        "Date": [ "Tue, 03 May 2022 23:53:06 GMT" ]
      },
      "ContentHeaders": {
        "Content-Length": [ "4670" ],
        "Content-Type": [ "application/json; charset=utf-8" ],
        "Expires": [ "-1" ]
      },
      "Content": "{\"name\":\"821b6608-8583-4ec8-8a1f-18a2f8c8d78a\",\"status\":\"Succeeded\",\"startTime\":\"2022-05-03T23:48:06.6551663Z\",\"properties\":{\"id\":\"/subscriptions/e6fe6705-4c9c-4b54-81d2-e455780e20b8/resourceGroups/az-sdk-test-powershell-rg-r38fjm/providers/Microsoft.HybridCompute/machines/uh4qgr/extensions/custom1\",\"name\":\"custom1\",\"location\":\"eastus2euap\",\"type\":\"Microsoft.HybridCompute/machines/extensions\",\"properties\":{\"publisher\":\"Microsoft.Compute\",\"type\":\"CustomScriptExtension\",\"typeHandlerVersion\":\"1.10.10\",\"autoUpgradeMinorVersion\":false,\"enableAutomaticUpgrade\":true,\"settings\":{\"commandToExecute\":\"powershell.exe man\"},\"provisioningState\":\"Succeeded\",\"instanceView\":{\"name\":\"custom1\",\"type\":\"CustomScriptExtension\",\"typeHandlerVersion\":\"1.10.10\",\"status\":{\"code\":\"success\",\"level\":\"Information\",\"message\":\"Extension Message: Command execution finished, StdOut: \\r\\nTOPIC\\r\\n    Windows PowerShell Help System\\r\\n\\r\\nSHORT DESCRIPTION\\r\\n    Displays help about Windows PowerShell cmdlets and concepts. \\r\\n\\r\\nLONG DESCRIPTION\\r\\n    Windows PowerShell Help describes Windows PowerShell cmdlets,\\r\\n    functions, scripts, and modules, and explains concepts, including\\r\\n    the elements of the Windows PowerShell language.\\r\\n\\r\\n    Windows PowerShell does not include help files, but you can read the\\r\\n    help topics online, or use the Update-Help cmdlet to download help files\\r\\n    to your computer and then use the Get-Help cmdlet to display the help\\r\\n    topics at the command line.\\r\\n\\r\\n    You can also use the Update-Help cmdlet to download updated help files\\r\\n    as they are released so that your local help content is never obsolete. \\r\\n\\r\\n    Without help files, Get-Help displays auto-generated help for cmdlets, \\r\\n    functions, and scripts.\\r\\n\\r\\n\\r\\n  ONLINE HELP    \\r\\n    You can find help for Windows PowerShell online in the TechNet Library\\r\\n    beginning at http://go.microsoft.com/fwlink/?LinkID=108518. \\r\\n\\r\\n    To open online help for any cmdlet or function, type:\\r\\n\\r\\n        Get-Help \u003ccmdlet-name\u003e -Online    \\r\\n\\r\\n  UPDATE-HELP\\r\\n    To download and install help files on your computer:\\r\\n\\r\\n       1. Start Windows PowerShell with the \\\"Run as administrator\\\" option.\\r\\n       2. Type:\\r\\n\\r\\n          Update-Help\\r\\n\\r\\n    After the help files are installed, you can use the Get-Help cmdlet to\\r\\n    display the help topics. You can also use the Update-Help cmdlet to\\r\\n    download updated help files so that your local help files are always\\r\\n    up-to-date.\\r\\n    \\r\\n    For more information about the Update-Help cmdlet, type:\\r\\n\\r\\n       Get-Help Update-Help -Online\\r\\n\\r\\n    or go to: http://go.microsoft.com/fwlink/?LinkID=210614\\r\\n\\r\\n\\r\\n  GET-HELP\\r\\n    The Get-Help cmdlet displays help at the command line from content in\\r\\n    help files on your computer. Without help files, Get-Help displays basic\\r\\n    help about cmdlets and functions. You can also use Get-Help to display\\r\\n    online help for cmdlets and functions.\\r\\n\\r\\n    To get help for a cmdlet, type:\\r\\n\\r\\n        Get-Help \u003ccmdlet-name\u003e\\r\\n    \\r\\n    To get online help, type:\\r\\n   \\r\\n        Get-Help \u003ccmdlet-name\u003e -Online    \\r\\n\\r\\n    The titles of conceptual topics begin with \\\"About_\\\".\\r\\n    To get help for a concept or language element, type:\\r\\n\\r\\n        Get-Help About_\u003ctopic-name\u003e\\r\\n\\r\\n    To search for a word or phrase in all help files, type:\\r\\n\\r\\n        Get-Help \u003csearch-term\u003e\\r\\n\\r\\n    For more information about the Get-Help cmdlet, type:\\r\\n\\r\\n        Get-Help Get-Help -Online\\r\\n\\r\\n    or go to: http://go.microsoft.com/fwlink/?LinkID=113316\\r\\n\\r\\n\\r\\n  EXAMPLES:\\r\\n      Save-Help              : Download help files from the Internet and saves\\r\\n                               them on a file share.\\r\\n      Update-Help            : Downloads and installs help files from the\\r\\n                               Internet or a file share.\\r\\n      Get-Help Get-Process   : Displays help about the Get-Process cmdlet.   \\r\\n      Get-Help Get-Process -Online\\r\\n                             : Opens online help for the Get-Process cmdlet.                            \\r\\n      Help Get-Process       : Displays help about Get-Process one page at a time.\\r\\n      Get-Process -?         : Displays help about the Get-Process cmdlet.      \\r\\n      Get-Help About_Modules : Displays help about Windows PowerShell modules.\\r\\n      Get-Help remoting      : Searches the help topics for the word \\\"remoting.\\\"\\r\\n\\r\\n  SEE ALSO:\\r\\n      about_Updatable_Help\\r\\n      Get-Help\\r\\n      Save-Help\\r\\n      Update-Help\\r\\n\\r\\n\\r\\n\\r\\n\\r\\n\\r\\n\\r\\n\\r\\n\\r\\n\\r\\n\\r\\n\\r\\n\\r\\n\\r\\n\\r\\n\"}}}}}",
      "isContentBase64": false
    }
  },
  "Update-AzConnectedMachineExtension+[NoContext]+UpdateViaIdentity parameter set+$GET+https://management.azure.com/subscriptions/e6fe6705-4c9c-4b54-81d2-e455780e20b8/resourceGroups/az-sdk-test-powershell-rg-r38fjm/providers/Microsoft.HybridCompute/machines/uh4qgr/extensions/custom1?api-version=2022-03-10+4": {
    "Request": {
      "Method": "GET",
      "RequestUri": "https://management.azure.com/subscriptions/e6fe6705-4c9c-4b54-81d2-e455780e20b8/resourceGroups/az-sdk-test-powershell-rg-r38fjm/providers/Microsoft.HybridCompute/machines/uh4qgr/extensions/custom1?api-version=2022-03-10",
      "Content": null,
      "isContentBase64": false,
      "Headers": {
        "Authorization": [ "[Filtered]" ],
        "x-ms-unique-id": [ "81" ],
        "x-ms-client-request-id": [ "9ec68bbd-de76-410e-b755-90bce0a5b22d" ],
        "CommandName": [ "Update-AzConnectedMachineExtension" ],
        "FullCommandName": [ "Update-AzConnectedMachineExtension_UpdateViaIdentity" ],
        "ParameterSetName": [ "__AllParameterSets" ],
        "User-Agent": [ "AzurePowershell/v0.0.0", "PSVersion/v7.2.2", "Az.ConnectedMachine/0.4.0" ]
      },
      "ContentHeaders": {
      }
    },
    "Response": {
      "StatusCode": 200,
      "Headers": {
        "Cache-Control": [ "no-cache" ],
        "Pragma": [ "no-cache" ],
        "x-ms-ratelimit-remaining-subscription-reads": [ "11998" ],
        "Strict-Transport-Security": [ "max-age=31536000; includeSubDomains" ],
        "x-ms-request-id": [ "16a22c8c-9d37-41a5-8f29-72ec65f84058" ],
        "Server": [ "Kestrel" ],
        "x-ms-correlation-request-id": [ "42a71f0b-bc1e-4eb7-9b9b-54500e438a1b" ],
        "x-ms-routing-request-id": [ "WESTUS:20220503T235307Z:42a71f0b-bc1e-4eb7-9b9b-54500e438a1b" ],
        "X-Content-Type-Options": [ "nosniff" ],
        "Date": [ "Tue, 03 May 2022 23:53:07 GMT" ]
      },
      "ContentHeaders": {
        "Content-Length": [ "4545" ],
        "Content-Type": [ "application/json; charset=utf-8" ],
        "Expires": [ "-1" ]
      },
      "Content": "{\"id\":\"/subscriptions/e6fe6705-4c9c-4b54-81d2-e455780e20b8/resourceGroups/az-sdk-test-powershell-rg-r38fjm/providers/Microsoft.HybridCompute/machines/uh4qgr/extensions/custom1\",\"name\":\"custom1\",\"type\":\"Microsoft.HybridCompute/machines/extensions\",\"location\":\"eastus2euap\",\"properties\":{\"publisher\":\"Microsoft.Compute\",\"type\":\"CustomScriptExtension\",\"typeHandlerVersion\":\"1.10.10\",\"autoUpgradeMinorVersion\":false,\"enableAutomaticUpgrade\":true,\"settings\":{\"commandToExecute\":\"powershell.exe man\"},\"provisioningState\":\"Succeeded\",\"instanceView\":{\"name\":\"custom1\",\"type\":\"CustomScriptExtension\",\"typeHandlerVersion\":\"1.10.10\",\"status\":{\"code\":\"success\",\"level\":\"Information\",\"message\":\"Extension Message: Command execution finished, StdOut: \\r\\nTOPIC\\r\\n    Windows PowerShell Help System\\r\\n\\r\\nSHORT DESCRIPTION\\r\\n    Displays help about Windows PowerShell cmdlets and concepts. \\r\\n\\r\\nLONG DESCRIPTION\\r\\n    Windows PowerShell Help describes Windows PowerShell cmdlets,\\r\\n    functions, scripts, and modules, and explains concepts, including\\r\\n    the elements of the Windows PowerShell language.\\r\\n\\r\\n    Windows PowerShell does not include help files, but you can read the\\r\\n    help topics online, or use the Update-Help cmdlet to download help files\\r\\n    to your computer and then use the Get-Help cmdlet to display the help\\r\\n    topics at the command line.\\r\\n\\r\\n    You can also use the Update-Help cmdlet to download updated help files\\r\\n    as they are released so that your local help content is never obsolete. \\r\\n\\r\\n    Without help files, Get-Help displays auto-generated help for cmdlets, \\r\\n    functions, and scripts.\\r\\n\\r\\n\\r\\n  ONLINE HELP    \\r\\n    You can find help for Windows PowerShell online in the TechNet Library\\r\\n    beginning at http://go.microsoft.com/fwlink/?LinkID=108518. \\r\\n\\r\\n    To open online help for any cmdlet or function, type:\\r\\n\\r\\n        Get-Help \u003ccmdlet-name\u003e -Online    \\r\\n\\r\\n  UPDATE-HELP\\r\\n    To download and install help files on your computer:\\r\\n\\r\\n       1. Start Windows PowerShell with the \\\"Run as administrator\\\" option.\\r\\n       2. Type:\\r\\n\\r\\n          Update-Help\\r\\n\\r\\n    After the help files are installed, you can use the Get-Help cmdlet to\\r\\n    display the help topics. You can also use the Update-Help cmdlet to\\r\\n    download updated help files so that your local help files are always\\r\\n    up-to-date.\\r\\n    \\r\\n    For more information about the Update-Help cmdlet, type:\\r\\n\\r\\n       Get-Help Update-Help -Online\\r\\n\\r\\n    or go to: http://go.microsoft.com/fwlink/?LinkID=210614\\r\\n\\r\\n\\r\\n  GET-HELP\\r\\n    The Get-Help cmdlet displays help at the command line from content in\\r\\n    help files on your computer. Without help files, Get-Help displays basic\\r\\n    help about cmdlets and functions. You can also use Get-Help to display\\r\\n    online help for cmdlets and functions.\\r\\n\\r\\n    To get help for a cmdlet, type:\\r\\n\\r\\n        Get-Help \u003ccmdlet-name\u003e\\r\\n    \\r\\n    To get online help, type:\\r\\n   \\r\\n        Get-Help \u003ccmdlet-name\u003e -Online    \\r\\n\\r\\n    The titles of conceptual topics begin with \\\"About_\\\".\\r\\n    To get help for a concept or language element, type:\\r\\n\\r\\n        Get-Help About_\u003ctopic-name\u003e\\r\\n\\r\\n    To search for a word or phrase in all help files, type:\\r\\n\\r\\n        Get-Help \u003csearch-term\u003e\\r\\n\\r\\n    For more information about the Get-Help cmdlet, type:\\r\\n\\r\\n        Get-Help Get-Help -Online\\r\\n\\r\\n    or go to: http://go.microsoft.com/fwlink/?LinkID=113316\\r\\n\\r\\n\\r\\n  EXAMPLES:\\r\\n      Save-Help              : Download help files from the Internet and saves\\r\\n                               them on a file share.\\r\\n      Update-Help            : Downloads and installs help files from the\\r\\n                               Internet or a file share.\\r\\n      Get-Help Get-Process   : Displays help about the Get-Process cmdlet.   \\r\\n      Get-Help Get-Process -Online\\r\\n                             : Opens online help for the Get-Process cmdlet.                            \\r\\n      Help Get-Process       : Displays help about Get-Process one page at a time.\\r\\n      Get-Process -?         : Displays help about the Get-Process cmdlet.      \\r\\n      Get-Help About_Modules : Displays help about Windows PowerShell modules.\\r\\n      Get-Help remoting      : Searches the help topics for the word \\\"remoting.\\\"\\r\\n\\r\\n  SEE ALSO:\\r\\n      about_Updatable_Help\\r\\n      Get-Help\\r\\n      Save-Help\\r\\n      Update-Help\\r\\n\\r\\n\\r\\n\\r\\n\\r\\n\\r\\n\\r\\n\\r\\n\\r\\n\\r\\n\\r\\n\\r\\n\\r\\n\\r\\n\\r\\n\"}}}}",
      "isContentBase64": false
    }
  }
}