{
  "Restart-AzContainerGroupRegularPriority+[NoContext]+Restart+$POST+https://management.azure.com/subscriptions/da28f5e5-aa45-46fe-90c8-053ca49ab4b5/resourceGroups/test-rgct2wp/providers/Microsoft.ContainerInstance/containerGroups/test-cgzoyea/restart?api-version=2022-10-01-preview+1": {
    "Request": {
      "Method": "POST",
      "RequestUri": "https://management.azure.com/subscriptions/da28f5e5-aa45-46fe-90c8-053ca49ab4b5/resourceGroups/test-rgct2wp/providers/Microsoft.ContainerInstance/containerGroups/test-cgzoyea/restart?api-version=2022-10-01-preview",
      "Content": null,
      "isContentBase64": false,
      "Headers": {
        "x-ms-unique-id": [ "90" ],
        "x-ms-client-request-id": [ "e8cbd838-6110-4241-863b-a5ca45413999" ],
        "CommandName": [ "Restart-AzContainerGroup" ],
        "FullCommandName": [ "Restart-AzContainerGroup_Restart" ],
        "ParameterSetName": [ "__AllParameterSets" ],
        "User-Agent": [ "AzurePowershell/v0.0.0", "PSVersion/v7.1.3", "Az.ContainerInstance/1.0.3" ],
        "Authorization": [ "[Filtered]" ]
      },
      "ContentHeaders": {
      }
    },
    "Response": {
      "StatusCode": 204,
      "Headers": {
        "Cache-Control": [ "no-cache" ],
        "Pragma": [ "no-cache" ],
        "Azure-AsyncOperation": [ "https://management.azure.com/subscriptions/da28f5e5-aa45-46fe-90c8-053ca49ab4b5/providers/Microsoft.ContainerInstance/locations/eastus/operations/89711357-57ff-40ca-b96b-501f544236f9?api-version=2018-06-01" ],
        "x-ms-request-id": [ "eastus:89711357-57ff-40ca-b96b-501f544236f9" ],
        "x-ms-ratelimit-remaining-subscription-writes": [ "1195" ],
        "x-ms-correlation-request-id": [ "7b173730-9674-4c54-9514-aa39f27d89bb" ],
        "x-ms-routing-request-id": [ "WESTUS2:20230216T234338Z:7b173730-9674-4c54-9514-aa39f27d89bb" ],
        "Strict-Transport-Security": [ "max-age=31536000; includeSubDomains" ],
        "X-Content-Type-Options": [ "nosniff" ],
        "Date": [ "Thu, 16 Feb 2023 23:43:38 GMT" ]
      },
      "ContentHeaders": {
        "Expires": [ "-1" ]
      },
      "Content": null,
      "isContentBase64": false
    }
  },
  "Restart-AzContainerGroupRegularPriority+[NoContext]+RestartViaIdentity+$GET+https://management.azure.com/subscriptions/da28f5e5-aa45-46fe-90c8-053ca49ab4b5/resourceGroups/test-rgct2wp/providers/Microsoft.ContainerInstance/containerGroups/test-cgzoyea?api-version=2022-10-01-preview+1": {
    "Request": {
      "Method": "GET",
      "RequestUri": "https://management.azure.com/subscriptions/da28f5e5-aa45-46fe-90c8-053ca49ab4b5/resourceGroups/test-rgct2wp/providers/Microsoft.ContainerInstance/containerGroups/test-cgzoyea?api-version=2022-10-01-preview",
      "Content": null,
      "isContentBase64": false,
      "Headers": {
        "x-ms-unique-id": [ "91" ],
        "x-ms-client-request-id": [ "2a85cbde-7cb4-4fca-9ef5-35b4f29df535" ],
        "CommandName": [ "Get-AzContainerGroup" ],
        "FullCommandName": [ "Get-AzContainerGroup_Get" ],
        "ParameterSetName": [ "__AllParameterSets" ],
        "User-Agent": [ "AzurePowershell/v0.0.0", "PSVersion/v7.1.3", "Az.ContainerInstance/1.0.3" ],
        "Authorization": [ "[Filtered]" ]
      },
      "ContentHeaders": {
      }
    },
    "Response": {
      "StatusCode": 200,
      "Headers": {
        "Cache-Control": [ "no-cache" ],
        "Pragma": [ "no-cache" ],
        "Vary": [ "Accept-Encoding" ],
        "x-ms-request-id": [ "eastus:91333db9-b95d-4c1f-b025-a7a6c394731e" ],
        "x-ms-ratelimit-remaining-subscription-reads": [ "11993" ],
        "x-ms-correlation-request-id": [ "1d06707a-19f4-4041-b352-4b0d86e6066a" ],
        "x-ms-routing-request-id": [ "WESTUS2:20230216T234339Z:1d06707a-19f4-4041-b352-4b0d86e6066a" ],
        "Strict-Transport-Security": [ "max-age=31536000; includeSubDomains" ],
        "X-Content-Type-Options": [ "nosniff" ],
        "Date": [ "Thu, 16 Feb 2023 23:43:38 GMT" ]
      },
      "ContentHeaders": {
        "Content-Length": [ "1368" ],
        "Content-Type": [ "application/json; charset=utf-8" ],
        "Expires": [ "-1" ]
      },
      "Content": "{\"properties\":{\"sku\":\"Standard\",\"provisioningState\":\"Updating\",\"containers\":[{\"name\":\"1\",\"properties\":{\"image\":\"nginx\",\"ports\":[{\"port\":80}],\"environmentVariables\":[],\"instanceView\":{\"restartCount\":0,\"currentState\":{\"state\":\"Running\",\"startTime\":\"2023-02-16T23:14:37.912Z\",\"detailStatus\":\"\"},\"events\":[{\"count\":1,\"firstTimestamp\":\"2023-02-16T23:14:27Z\",\"lastTimestamp\":\"2023-02-16T23:14:27Z\",\"name\":\"Pulling\",\"message\":\"pulling image \\\"nginx@sha256:7f797701ded5055676d656f11071f84e2888548a2e7ed12a4977c28ef6114b17\\\"\",\"type\":\"Normal\"},{\"count\":1,\"firstTimestamp\":\"2023-02-16T23:14:28Z\",\"lastTimestamp\":\"2023-02-16T23:14:28Z\",\"name\":\"Pulled\",\"message\":\"Successfully pulled image \\\"nginx@sha256:7f797701ded5055676d656f11071f84e2888548a2e7ed12a4977c28ef6114b17\\\"\",\"type\":\"Normal\"},{\"count\":1,\"firstTimestamp\":\"2023-02-16T23:14:37Z\",\"lastTimestamp\":\"2023-02-16T23:14:37Z\",\"name\":\"Started\",\"message\":\"Started container\",\"type\":\"Normal\"}]},\"resources\":{\"requests\":{\"memoryInGB\":1.5,\"cpu\":1.0}}}}],\"initContainers\":[],\"osType\":\"Linux\",\"instanceView\":{\"events\":[],\"state\":\"Running\"},\"priority\":\"Regular\"},\"id\":\"/subscriptions/da28f5e5-aa45-46fe-90c8-053ca49ab4b5/resourceGroups/test-rgct2wp/providers/Microsoft.ContainerInstance/containerGroups/test-cgzoyea\",\"name\":\"test-cgzoyea\",\"type\":\"Microsoft.ContainerInstance/containerGroups\",\"location\":\"eastus\",\"tags\":{\"key\":\"value\"}}",
      "isContentBase64": false
    }
  },
  "Restart-AzContainerGroupRegularPriority+[NoContext]+RestartViaIdentity+$POST+https://management.azure.com/subscriptions/da28f5e5-aa45-46fe-90c8-053ca49ab4b5/resourceGroups/test-rgct2wp/providers/Microsoft.ContainerInstance/containerGroups/test-cgzoyea/restart?api-version=2022-10-01-preview+2": {
    "Request": {
      "Method": "POST",
      "RequestUri": "https://management.azure.com/subscriptions/da28f5e5-aa45-46fe-90c8-053ca49ab4b5/resourceGroups/test-rgct2wp/providers/Microsoft.ContainerInstance/containerGroups/test-cgzoyea/restart?api-version=2022-10-01-preview",
      "Content": null,
      "isContentBase64": false,
      "Headers": {
        "x-ms-unique-id": [ "92" ],
        "x-ms-client-request-id": [ "7e2855f9-4119-4cc5-8bd8-85b9abd7a760" ],
        "CommandName": [ "Restart-AzContainerGroup" ],
        "FullCommandName": [ "Restart-AzContainerGroup_RestartViaIdentity" ],
        "ParameterSetName": [ "__AllParameterSets" ],
        "User-Agent": [ "AzurePowershell/v0.0.0", "PSVersion/v7.1.3", "Az.ContainerInstance/1.0.3" ],
        "Authorization": [ "[Filtered]" ]
      },
      "ContentHeaders": {
      }
    },
    "Response": {
      "StatusCode": 204,
      "Headers": {
        "Cache-Control": [ "no-cache" ],
        "Pragma": [ "no-cache" ],
        "Azure-AsyncOperation": [ "https://management.azure.com/subscriptions/da28f5e5-aa45-46fe-90c8-053ca49ab4b5/providers/Microsoft.ContainerInstance/locations/eastus/operations/4aed4ae4-2ae7-4d9e-9ae2-30861440d73b?api-version=2018-06-01" ],
        "x-ms-request-id": [ "eastus:4aed4ae4-2ae7-4d9e-9ae2-30861440d73b" ],
        "x-ms-ratelimit-remaining-subscription-writes": [ "1194" ],
        "x-ms-correlation-request-id": [ "1b4d7b8f-09ee-474b-9da5-52b8c0627db7" ],
        "x-ms-routing-request-id": [ "WESTUS2:20230216T234339Z:1b4d7b8f-09ee-474b-9da5-52b8c0627db7" ],
        "Strict-Transport-Security": [ "max-age=31536000; includeSubDomains" ],
        "X-Content-Type-Options": [ "nosniff" ],
        "Date": [ "Thu, 16 Feb 2023 23:43:39 GMT" ]
      },
      "ContentHeaders": {
        "Expires": [ "-1" ]
      },
      "Content": null,
      "isContentBase64": false
    }
  }
}