{
  "Remove-AzEventHubConsumerGroup+[NoContext]+Delete+$PUT+https://management.azure.com/subscriptions/326100e2-f69d-4268-8503-075374f62b6e/resourceGroups/resourceGroupAutorestk3bhao/providers/Microsoft.EventHub/namespaces/namespaceNamezf7q9d/eventhubs/eventHub7trc2l/consumergroups/consumerGroup?api-version=2022-01-01-preview+1": {
    "Request": {
      "Method": "PUT",
      "RequestUri": "https://management.azure.com/subscriptions/326100e2-f69d-4268-8503-075374f62b6e/resourceGroups/resourceGroupAutorestk3bhao/providers/Microsoft.EventHub/namespaces/namespaceNamezf7q9d/eventhubs/eventHub7trc2l/consumergroups/consumerGroup?api-version=2022-01-01-preview",
      "Content": "{\n}",
      "isContentBase64": false,
      "Headers": {
      },
      "ContentHeaders": {
        "Content-Type": [ "application/json" ],
        "Content-Length": [ "3" ]
      }
    },
    "Response": {
      "StatusCode": 200,
      "Headers": {
        "Cache-Control": [ "no-cache" ],
        "Pragma": [ "no-cache" ],
        "Server": [ "Microsoft-HTTPAPI/2.0" ],
        "x-ms-ratelimit-remaining-subscription-writes": [ "1179" ],
        "x-ms-request-id": [ "e6124824-2992-439c-823c-9b5d0328077b" ],
        "x-ms-correlation-request-id": [ "e6124824-2992-439c-823c-9b5d0328077b" ],
        "x-ms-routing-request-id": [ "KOREACENTRAL:20220911T174528Z:e6124824-2992-439c-823c-9b5d0328077b" ],
        "Strict-Transport-Security": [ "max-age=31536000; includeSubDomains" ],
        "X-Content-Type-Options": [ "nosniff" ],
        "Date": [ "Sun, 11 Sep 2022 17:45:28 GMT" ]
      },
      "ContentHeaders": {
        "Content-Length": [ "425" ],
        "Content-Type": [ "application/json; charset=utf-8" ],
        "Expires": [ "-1" ]
      },
      "Content": "{\"id\":\"/subscriptions/326100e2-f69d-4268-8503-075374f62b6e/resourceGroups/resourceGroupAutorestk3bhao/providers/Microsoft.EventHub/namespaces/namespaceNamezf7q9d/eventhubs/eventHub7trc2l/consumergroups/consumerGroup\",\"name\":\"consumerGroup\",\"type\":\"Microsoft.EventHub/Namespaces/EventHubs/ConsumerGroups\",\"location\":\"eastus\",\"properties\":{\"createdAt\":\"2022-09-11T17:45:28.4791277Z\",\"updatedAt\":\"2022-09-11T17:45:28.4791277Z\"}}",
      "isContentBase64": false
    }
  },
  "Remove-AzEventHubConsumerGroup+[NoContext]+Delete+$DELETE+https://management.azure.com/subscriptions/326100e2-f69d-4268-8503-075374f62b6e/resourceGroups/resourceGroupAutorestk3bhao/providers/Microsoft.EventHub/namespaces/namespaceNamezf7q9d/eventhubs/eventHub7trc2l/consumergroups/consumerGroup?api-version=2022-01-01-preview+2": {
    "Request": {
      "Method": "DELETE",
      "RequestUri": "https://management.azure.com/subscriptions/326100e2-f69d-4268-8503-075374f62b6e/resourceGroups/resourceGroupAutorestk3bhao/providers/Microsoft.EventHub/namespaces/namespaceNamezf7q9d/eventhubs/eventHub7trc2l/consumergroups/consumerGroup?api-version=2022-01-01-preview",
      "Content": null,
      "isContentBase64": false,
      "Headers": {
        "x-ms-unique-id": [ "240" ],
        "x-ms-client-request-id": [ "6cbc65aa-5077-4997-b7f1-6b520801e455" ],
        "CommandName": [ "Remove-AzEventHubConsumerGroup" ],
        "FullCommandName": [ "Remove-AzEventHubConsumerGroup_Delete" ],
        "ParameterSetName": [ "__AllParameterSets" ],
        "User-Agent": [ "AzurePowershell/v0.0.0", "PSVersion/v7.1.3", "Az.EventHub/0.1.0" ],
        "Authorization": [ "[Filtered]" ]
      },
      "ContentHeaders": {
      }
    },
    "Response": {
      "StatusCode": 200,
      "Headers": {
        "Cache-Control": [ "no-cache" ],
        "Pragma": [ "no-cache" ],
        "Server": [ "Microsoft-HTTPAPI/2.0" ],
        "x-ms-ratelimit-remaining-subscription-deletes": [ "14990" ],
        "x-ms-request-id": [ "b585dd26-4fdf-4940-af7e-1e0efdce3de5" ],
        "x-ms-correlation-request-id": [ "b585dd26-4fdf-4940-af7e-1e0efdce3de5" ],
        "x-ms-routing-request-id": [ "KOREACENTRAL:20220911T174529Z:b585dd26-4fdf-4940-af7e-1e0efdce3de5" ],
        "Strict-Transport-Security": [ "max-age=31536000; includeSubDomains" ],
        "X-Content-Type-Options": [ "nosniff" ],
        "Date": [ "Sun, 11 Sep 2022 17:45:28 GMT" ]
      },
      "ContentHeaders": {
        "Expires": [ "-1" ],
        "Content-Length": [ "0" ]
      },
      "Content": null,
      "isContentBase64": false
    }
  },
  "Remove-AzEventHubConsumerGroup+[NoContext]+Delete+$GET+https://management.azure.com/subscriptions/326100e2-f69d-4268-8503-075374f62b6e/resourceGroups/resourceGroupAutorestk3bhao/providers/Microsoft.EventHub/namespaces/namespaceNamezf7q9d/eventhubs/eventHub7trc2l/consumergroups/consumerGroup?api-version=2022-01-01-preview+3": {
    "Request": {
      "Method": "GET",
      "RequestUri": "https://management.azure.com/subscriptions/326100e2-f69d-4268-8503-075374f62b6e/resourceGroups/resourceGroupAutorestk3bhao/providers/Microsoft.EventHub/namespaces/namespaceNamezf7q9d/eventhubs/eventHub7trc2l/consumergroups/consumerGroup?api-version=2022-01-01-preview",
      "Content": null,
      "isContentBase64": false,
      "Headers": {
        "x-ms-unique-id": [ "241" ],
        "x-ms-client-request-id": [ "c2534de4-b84d-415e-b636-90149f098f53" ],
        "CommandName": [ "Get-AzEventHubConsumerGroup" ],
        "FullCommandName": [ "Get-AzEventHubConsumerGroup_Get" ],
        "ParameterSetName": [ "__AllParameterSets" ],
        "User-Agent": [ "AzurePowershell/v0.0.0", "PSVersion/v7.1.3", "Az.EventHub/0.1.0" ],
        "Authorization": [ "[Filtered]" ]
      },
      "ContentHeaders": {
      }
    },
    "Response": {
      "StatusCode": 404,
      "Headers": {
        "Cache-Control": [ "no-cache" ],
        "Pragma": [ "no-cache" ],
        "Server": [ "Microsoft-HTTPAPI/2.0" ],
        "x-ms-ratelimit-remaining-subscription-reads": [ "11828" ],
        "x-ms-request-id": [ "fb8d02d9-5b0f-4327-a81c-eb9025c2e426" ],
        "x-ms-correlation-request-id": [ "fb8d02d9-5b0f-4327-a81c-eb9025c2e426" ],
        "x-ms-routing-request-id": [ "KOREACENTRAL:20220911T174533Z:fb8d02d9-5b0f-4327-a81c-eb9025c2e426" ],
        "Strict-Transport-Security": [ "max-age=31536000; includeSubDomains" ],
        "X-Content-Type-Options": [ "nosniff" ],
        "Date": [ "Sun, 11 Sep 2022 17:45:33 GMT" ]
      },
      "ContentHeaders": {
        "Content-Length": [ "84" ],
        "Content-Type": [ "application/json" ],
        "Expires": [ "-1" ]
      },
      "Content": "{\"error\":{\"code\":\"ConsumerGroupNotFound\",\"message\":\"Consumer Group does not exist\"}}",
      "isContentBase64": false
    }
  },
  "Remove-AzEventHubConsumerGroup+[NoContext]+DeleteViaIdentity+$PUT+https://management.azure.com/subscriptions/326100e2-f69d-4268-8503-075374f62b6e/resourceGroups/resourceGroupAutorestk3bhao/providers/Microsoft.EventHub/namespaces/namespaceNamezf7q9d/eventhubs/eventHub7trc2l/consumergroups/consumerGroup?api-version=2022-01-01-preview+1": {
    "Request": {
      "Method": "PUT",
      "RequestUri": "https://management.azure.com/subscriptions/326100e2-f69d-4268-8503-075374f62b6e/resourceGroups/resourceGroupAutorestk3bhao/providers/Microsoft.EventHub/namespaces/namespaceNamezf7q9d/eventhubs/eventHub7trc2l/consumergroups/consumerGroup?api-version=2022-01-01-preview",
      "Content": "{\n}",
      "isContentBase64": false,
      "Headers": {
      },
      "ContentHeaders": {
        "Content-Type": [ "application/json" ],
        "Content-Length": [ "3" ]
      }
    },
    "Response": {
      "StatusCode": 200,
      "Headers": {
        "Cache-Control": [ "no-cache" ],
        "Pragma": [ "no-cache" ],
        "Server": [ "Microsoft-HTTPAPI/2.0" ],
        "x-ms-ratelimit-remaining-subscription-writes": [ "1178" ],
        "x-ms-request-id": [ "e9472242-c1c1-4901-bf19-743cdb2c194d" ],
        "x-ms-correlation-request-id": [ "e9472242-c1c1-4901-bf19-743cdb2c194d" ],
        "x-ms-routing-request-id": [ "KOREACENTRAL:20220911T174535Z:e9472242-c1c1-4901-bf19-743cdb2c194d" ],
        "Strict-Transport-Security": [ "max-age=31536000; includeSubDomains" ],
        "X-Content-Type-Options": [ "nosniff" ],
        "Date": [ "Sun, 11 Sep 2022 17:45:34 GMT" ]
      },
      "ContentHeaders": {
        "Content-Length": [ "425" ],
        "Content-Type": [ "application/json; charset=utf-8" ],
        "Expires": [ "-1" ]
      },
      "Content": "{\"id\":\"/subscriptions/326100e2-f69d-4268-8503-075374f62b6e/resourceGroups/resourceGroupAutorestk3bhao/providers/Microsoft.EventHub/namespaces/namespaceNamezf7q9d/eventhubs/eventHub7trc2l/consumergroups/consumerGroup\",\"name\":\"consumerGroup\",\"type\":\"Microsoft.EventHub/Namespaces/EventHubs/ConsumerGroups\",\"location\":\"eastus\",\"properties\":{\"createdAt\":\"2022-09-11T17:45:35.1666174Z\",\"updatedAt\":\"2022-09-11T17:45:35.1666174Z\"}}",
      "isContentBase64": false
    }
  },
  "Remove-AzEventHubConsumerGroup+[NoContext]+DeleteViaIdentity+$DELETE+https://management.azure.com/subscriptions/326100e2-f69d-4268-8503-075374f62b6e/resourceGroups/resourceGroupAutorestk3bhao/providers/Microsoft.EventHub/namespaces/namespaceNamezf7q9d/eventhubs/eventHub7trc2l/consumergroups/consumerGroup?api-version=2022-01-01-preview+2": {
    "Request": {
      "Method": "DELETE",
      "RequestUri": "https://management.azure.com/subscriptions/326100e2-f69d-4268-8503-075374f62b6e/resourceGroups/resourceGroupAutorestk3bhao/providers/Microsoft.EventHub/namespaces/namespaceNamezf7q9d/eventhubs/eventHub7trc2l/consumergroups/consumerGroup?api-version=2022-01-01-preview",
      "Content": null,
      "isContentBase64": false,
      "Headers": {
        "x-ms-unique-id": [ "243" ],
        "x-ms-client-request-id": [ "5c676e49-fa54-4699-ab37-fa1007ce463e" ],
        "CommandName": [ "Remove-AzEventHubConsumerGroup" ],
        "FullCommandName": [ "Remove-AzEventHubConsumerGroup_DeleteViaIdentity" ],
        "ParameterSetName": [ "__AllParameterSets" ],
        "User-Agent": [ "AzurePowershell/v0.0.0", "PSVersion/v7.1.3", "Az.EventHub/0.1.0" ],
        "Authorization": [ "[Filtered]" ]
      },
      "ContentHeaders": {
      }
    },
    "Response": {
      "StatusCode": 200,
      "Headers": {
        "Cache-Control": [ "no-cache" ],
        "Pragma": [ "no-cache" ],
        "Server": [ "Microsoft-HTTPAPI/2.0" ],
        "x-ms-ratelimit-remaining-subscription-deletes": [ "14989" ],
        "x-ms-request-id": [ "b1c3548d-0344-4b22-984f-5334256dc3bc" ],
        "x-ms-correlation-request-id": [ "b1c3548d-0344-4b22-984f-5334256dc3bc" ],
        "x-ms-routing-request-id": [ "KOREACENTRAL:20220911T174536Z:b1c3548d-0344-4b22-984f-5334256dc3bc" ],
        "Strict-Transport-Security": [ "max-age=31536000; includeSubDomains" ],
        "X-Content-Type-Options": [ "nosniff" ],
        "Date": [ "Sun, 11 Sep 2022 17:45:35 GMT" ]
      },
      "ContentHeaders": {
        "Expires": [ "-1" ],
        "Content-Length": [ "0" ]
      },
      "Content": null,
      "isContentBase64": false
    }
  },
  "Remove-AzEventHubConsumerGroup+[NoContext]+DeleteViaIdentity+$GET+https://management.azure.com/subscriptions/326100e2-f69d-4268-8503-075374f62b6e/resourceGroups/resourceGroupAutorestk3bhao/providers/Microsoft.EventHub/namespaces/namespaceNamezf7q9d/eventhubs/eventHub7trc2l/consumergroups/consumerGroup?api-version=2022-01-01-preview+3": {
    "Request": {
      "Method": "GET",
      "RequestUri": "https://management.azure.com/subscriptions/326100e2-f69d-4268-8503-075374f62b6e/resourceGroups/resourceGroupAutorestk3bhao/providers/Microsoft.EventHub/namespaces/namespaceNamezf7q9d/eventhubs/eventHub7trc2l/consumergroups/consumerGroup?api-version=2022-01-01-preview",
      "Content": null,
      "isContentBase64": false,
      "Headers": {
        "x-ms-unique-id": [ "244" ],
        "x-ms-client-request-id": [ "1b036a08-56b3-4f54-8d62-6ef097c592bd" ],
        "CommandName": [ "Get-AzEventHubConsumerGroup" ],
        "FullCommandName": [ "Get-AzEventHubConsumerGroup_GetViaIdentity" ],
        "ParameterSetName": [ "__AllParameterSets" ],
        "User-Agent": [ "AzurePowershell/v0.0.0", "PSVersion/v7.1.3", "Az.EventHub/0.1.0" ],
        "Authorization": [ "[Filtered]" ]
      },
      "ContentHeaders": {
      }
    },
    "Response": {
      "StatusCode": 404,
      "Headers": {
        "Cache-Control": [ "no-cache" ],
        "Pragma": [ "no-cache" ],
        "Server": [ "Microsoft-HTTPAPI/2.0" ],
        "x-ms-ratelimit-remaining-subscription-reads": [ "11827" ],
        "x-ms-request-id": [ "910e33ff-8d87-4357-88c3-bd9ed58ce5f3" ],
        "x-ms-correlation-request-id": [ "910e33ff-8d87-4357-88c3-bd9ed58ce5f3" ],
        "x-ms-routing-request-id": [ "KOREACENTRAL:20220911T174537Z:910e33ff-8d87-4357-88c3-bd9ed58ce5f3" ],
        "Strict-Transport-Security": [ "max-age=31536000; includeSubDomains" ],
        "X-Content-Type-Options": [ "nosniff" ],
        "Date": [ "Sun, 11 Sep 2022 17:45:36 GMT" ]
      },
      "ContentHeaders": {
        "Content-Length": [ "84" ],
        "Content-Type": [ "application/json" ],
        "Expires": [ "-1" ]
      },
      "Content": "{\"error\":{\"code\":\"ConsumerGroupNotFound\",\"message\":\"Consumer Group does not exist\"}}",
      "isContentBase64": false
    }
  }
}