{
  "Entries": [
    {
      "RequestUri": "/cca24ec8-99b5-4aa7-9ff6-486e886f304c/services/storageservices",
      "EncodedRequestUri": "L2NjYTI0ZWM4LTk5YjUtNGFhNy05ZmY2LTQ4NmU4ODZmMzA0Yy9zZXJ2aWNlcy9zdG9yYWdlc2VydmljZXM=",
      "RequestMethod": "POST",
      "RequestBody": "<CreateStorageServiceInput xmlns=\"http://schemas.microsoft.com/windowsazure\">\r\n  <ServiceName>auditcmdlets191</ServiceName>\r\n  <Description p2:nil=\"true\" xmlns:p2=\"http://www.w3.org/2001/XMLSchema-instance\" />\r\n  <Label>YXVkaXRjbWRsZXRzMTkx</Label>\r\n  <Location>West US</Location>\r\n  <AccountType>Standard_GRS</AccountType>\r\n</CreateStorageServiceInput>",
      "RequestHeaders": {
        "Content-Type": [
          "application/xml"
        ],
        "Content-Length": [
          "353"
        ],
        "x-ms-version": [
          "2014-10-01"
        ],
        "User-Agent": [
          "Microsoft.WindowsAzure.Management.Storage.StorageManagementClient/5.0.0.0"
        ]
      },
      "ResponseBody": "",
      "ResponseHeaders": {
        "Content-Length": [
          "0"
        ],
        "x-ms-servedbyregion": [
          "ussouth2"
        ],
        "x-ms-request-id": [
          "ecee6c88cca57b65a91bb9877df5cc52"
        ],
        "Cache-Control": [
          "no-cache"
        ],
        "Date": [
          "Sun, 01 Mar 2015 16:51:21 GMT"
        ],
        "Location": [
          "https://management.core.windows.net/subscriptions/cca24ec8-99b5-4aa7-9ff6-486e886f304c/storage/auditcmdlets191"
        ],
        "Server": [
          "1.0.6198.196",
          "(rd_rdfe_stable.150225-1815)",
          "Microsoft-HTTPAPI/2.0"
        ]
      },
      "StatusCode": 202
    },
    {
      "RequestUri": "/cca24ec8-99b5-4aa7-9ff6-486e886f304c/operations/ecee6c88cca57b65a91bb9877df5cc52",
      "EncodedRequestUri": "L2NjYTI0ZWM4LTk5YjUtNGFhNy05ZmY2LTQ4NmU4ODZmMzA0Yy9vcGVyYXRpb25zL2VjZWU2Yzg4Y2NhNTdiNjVhOTFiYjk4NzdkZjVjYzUy",
      "RequestMethod": "GET",
      "RequestBody": "",
      "RequestHeaders": {
        "x-ms-version": [
          "2014-10-01"
        ],
        "User-Agent": [
          "Microsoft.WindowsAzure.Management.Storage.StorageManagementClient/5.0.0.0"
        ]
      },
      "ResponseBody": "<Operation xmlns=\"http://schemas.microsoft.com/windowsazure\" xmlns:i=\"http://www.w3.org/2001/XMLSchema-instance\">\r\n  <ID>ecee6c88-cca5-7b65-a91b-b9877df5cc52</ID>\r\n  <Status>InProgress</Status>\r\n</Operation>",
      "ResponseHeaders": {
        "Content-Length": [
          "197"
        ],
        "Content-Type": [
          "application/xml; charset=utf-8"
        ],
        "x-ms-servedbyregion": [
          "ussouth2"
        ],
        "x-ms-request-id": [
          "876713f072d171c0b2c887d417ea0698"
        ],
        "Cache-Control": [
          "no-cache"
        ],
        "Date": [
          "Sun, 01 Mar 2015 16:51:21 GMT"
        ],
        "Server": [
          "1.0.6198.196",
          "(rd_rdfe_stable.150225-1815)",
          "Microsoft-HTTPAPI/2.0"
        ]
      },
      "StatusCode": 200
    },
    {
      "RequestUri": "/cca24ec8-99b5-4aa7-9ff6-486e886f304c/operations/ecee6c88cca57b65a91bb9877df5cc52",
      "EncodedRequestUri": "L2NjYTI0ZWM4LTk5YjUtNGFhNy05ZmY2LTQ4NmU4ODZmMzA0Yy9vcGVyYXRpb25zL2VjZWU2Yzg4Y2NhNTdiNjVhOTFiYjk4NzdkZjVjYzUy",
      "RequestMethod": "GET",
      "RequestBody": "",
      "RequestHeaders": {
        "x-ms-version": [
          "2014-10-01"
        ],
        "User-Agent": [
          "Microsoft.WindowsAzure.Management.Storage.StorageManagementClient/5.0.0.0"
        ]
      },
      "ResponseBody": "<Operation xmlns=\"http://schemas.microsoft.com/windowsazure\" xmlns:i=\"http://www.w3.org/2001/XMLSchema-instance\">\r\n  <ID>ecee6c88-cca5-7b65-a91b-b9877df5cc52</ID>\r\n  <Status>Succeeded</Status>\r\n  <HttpStatusCode>200</HttpStatusCode>\r\n</Operation>",
      "ResponseHeaders": {
        "Content-Length": [
          "232"
        ],
        "Content-Type": [
          "application/xml; charset=utf-8"
        ],
        "x-ms-servedbyregion": [
          "ussouth2"
        ],
        "x-ms-request-id": [
          "99915cb82b977e618d4711a8eca20b7b"
        ],
        "Cache-Control": [
          "no-cache"
        ],
        "Date": [
          "Sun, 01 Mar 2015 16:51:51 GMT"
        ],
        "Server": [
          "1.0.6198.196",
          "(rd_rdfe_stable.150225-1815)",
          "Microsoft-HTTPAPI/2.0"
        ]
      },
      "StatusCode": 200
    },
    {
      "RequestUri": "/subscriptions/cca24ec8-99b5-4aa7-9ff6-486e886f304c/resourcegroups/sql-audit-cmdlet-test-rg191?api-version=2014-04-01-preview",
      "EncodedRequestUri": "L3N1YnNjcmlwdGlvbnMvY2NhMjRlYzgtOTliNS00YWE3LTlmZjYtNDg2ZTg4NmYzMDRjL3Jlc291cmNlZ3JvdXBzL3NxbC1hdWRpdC1jbWRsZXQtdGVzdC1yZzE5MT9hcGktdmVyc2lvbj0yMDE0LTA0LTAxLXByZXZpZXc=",
      "RequestMethod": "HEAD",
      "RequestBody": "",
      "RequestHeaders": {
        "User-Agent": [
          "Microsoft.Azure.Management.Resources.ResourceManagementClient/2.0.0.0"
        ]
      },
      "ResponseBody": "",
      "ResponseHeaders": {
        "Content-Length": [
          "119"
        ],
        "Content-Type": [
          "application/json; charset=utf-8"
        ],
        "Expires": [
          "-1"
        ],
        "Pragma": [
          "no-cache"
        ],
        "x-ms-ratelimit-remaining-subscription-reads": [
          "31998"
        ],
        "x-ms-request-id": [
          "f65d68b6-4412-4c70-b691-574cc6b24c09"
        ],
        "x-ms-correlation-request-id": [
          "f65d68b6-4412-4c70-b691-574cc6b24c09"
        ],
        "x-ms-routing-request-id": [
          "NORTHEUROPE:20150301T165152Z:f65d68b6-4412-4c70-b691-574cc6b24c09"
        ],
        "Strict-Transport-Security": [
          "max-age=31536000; includeSubDomains"
        ],
        "Cache-Control": [
          "no-cache"
        ],
        "Date": [
          "Sun, 01 Mar 2015 16:51:52 GMT"
        ]
      },
      "StatusCode": 404
    },
    {
      "RequestUri": "/subscriptions/cca24ec8-99b5-4aa7-9ff6-486e886f304c/resourcegroups/sql-audit-cmdlet-test-rg191?api-version=2014-04-01-preview",
      "EncodedRequestUri": "L3N1YnNjcmlwdGlvbnMvY2NhMjRlYzgtOTliNS00YWE3LTlmZjYtNDg2ZTg4NmYzMDRjL3Jlc291cmNlZ3JvdXBzL3NxbC1hdWRpdC1jbWRsZXQtdGVzdC1yZzE5MT9hcGktdmVyc2lvbj0yMDE0LTA0LTAxLXByZXZpZXc=",
      "RequestMethod": "PUT",
      "RequestBody": "{\r\n  \"location\": \"West US\"\r\n}",
      "RequestHeaders": {
        "Content-Type": [
          "application/json; charset=utf-8"
        ],
        "Content-Length": [
          "29"
        ],
        "User-Agent": [
          "Microsoft.Azure.Management.Resources.ResourceManagementClient/2.0.0.0"
        ]
      },
      "ResponseBody": "{\r\n  \"id\": \"/subscriptions/cca24ec8-99b5-4aa7-9ff6-486e886f304c/resourceGroups/sql-audit-cmdlet-test-rg191\",\r\n  \"name\": \"sql-audit-cmdlet-test-rg191\",\r\n  \"location\": \"westus\",\r\n  \"properties\": {\r\n    \"provisioningState\": \"Succeeded\"\r\n  }\r\n}",
      "ResponseHeaders": {
        "Content-Length": [
          "207"
        ],
        "Content-Type": [
          "application/json; charset=utf-8"
        ],
        "Expires": [
          "-1"
        ],
        "Pragma": [
          "no-cache"
        ],
        "x-ms-ratelimit-remaining-subscription-writes": [
          "1198"
        ],
        "x-ms-request-id": [
          "f1cf82c9-2c33-4856-ba14-14b08243bf0b"
        ],
        "x-ms-correlation-request-id": [
          "f1cf82c9-2c33-4856-ba14-14b08243bf0b"
        ],
        "x-ms-routing-request-id": [
          "NORTHEUROPE:20150301T165154Z:f1cf82c9-2c33-4856-ba14-14b08243bf0b"
        ],
        "Strict-Transport-Security": [
          "max-age=31536000; includeSubDomains"
        ],
        "Cache-Control": [
          "no-cache"
        ],
        "Date": [
          "Sun, 01 Mar 2015 16:51:54 GMT"
        ]
      },
      "StatusCode": 201
    },
    {
      "RequestUri": "/subscriptions/cca24ec8-99b5-4aa7-9ff6-486e886f304c/resourcegroups/sql-audit-cmdlet-test-rg191/deployments/sql-audit-test-env-setup/validate?&api-version=2014-04-01-preview",
      "EncodedRequestUri": "L3N1YnNjcmlwdGlvbnMvY2NhMjRlYzgtOTliNS00YWE3LTlmZjYtNDg2ZTg4NmYzMDRjL3Jlc291cmNlZ3JvdXBzL3NxbC1hdWRpdC1jbWRsZXQtdGVzdC1yZzE5MS9kZXBsb3ltZW50cy9zcWwtYXVkaXQtdGVzdC1lbnYtc2V0dXAvdmFsaWRhdGU/JmFwaS12ZXJzaW9uPTIwMTQtMDQtMDEtcHJldmlldw==",
      "RequestMethod": "POST",
      "RequestBody": "{\r\n  \"properties\": {\r\n    \"template\": {\r\n      \"$schema\": \"http://schemas.management.azure.com/deploymentTemplate?api-version=2014-04-01-preview\",\r\n      \"contentVersion\": \"1.0.0.0\",\r\n      \"parameters\": {\r\n        \"administratorLogin\": {\r\n          \"type\": \"string\",\r\n          \"defaultValue\": \"testlogin\"\r\n        },\r\n        \"administratorLoginPassword\": {\r\n          \"type\": \"securestring\",\r\n          \"defaultValue\": \"testp@ssMakingIt1007Longer\"\r\n        },\r\n        \"collation\": {\r\n          \"type\": \"string\",\r\n          \"defaultValue\": \"SQL_Latin1_General_CP1_CI_AS\"\r\n        },\r\n        \"databaseName\": {\r\n          \"type\": \"string\"\r\n        },\r\n        \"edition\": {\r\n          \"type\": \"string\",\r\n          \"defaultValue\": \"Basic\"\r\n        },\r\n        \"configuredServiceLevelObjectiveId\": {\r\n          \"type\": \"string\",\r\n          \"defaultValue\": \"910b4fcb-8a29-4c3e-958f-f7ba794388b2\"\r\n        },\r\n        \"EnvLocation\": {\r\n          \"type\": \"string\"\r\n        },\r\n        \"serverName\": {\r\n          \"type\": \"string\"\r\n        }\r\n      },\r\n      \"resources\": [\r\n        {\r\n          \"apiVersion\": \"2.0\",\r\n          \"location\": \"[parameters('EnvLocation')]\",\r\n          \"name\": \"[parameters('serverName')]\",\r\n          \"properties\": {\r\n            \"administratorLogin\": \"[parameters('administratorLogin')]\",\r\n            \"administratorLoginPassword\": \"[parameters('administratorLoginPassword')]\"\r\n          },\r\n          \"resources\": [\r\n            {\r\n              \"apiVersion\": \"2.0\",\r\n              \"dependsOn\": [\r\n                \"[concat('Microsoft.Sql/servers/', parameters('serverName'))]\"\r\n              ],\r\n              \"location\": \"[parameters('EnvLocation')]\",\r\n              \"name\": \"[parameters('databaseName')]\",\r\n              \"properties\": {\r\n                \"collation\": \"[parameters('collation')]\",\r\n                \"edition\": \"[parameters('edition')]\",\r\n                \"maxSizeBytes\": \"1073741824\"\r\n              },\r\n              \"type\": \"databases\"\r\n            }\r\n          ],\r\n          \"type\": \"Microsoft.Sql/servers\"\r\n        }\r\n      ]\r\n    },\r\n    \"parameters\": {\r\n      \"databaseName\": {\r\n        \"value\": \"sql-audit-cmdlet-db191\"\r\n      },\r\n      \"serverName\": {\r\n        \"value\": \"sql-audit-cmdlet-server191\"\r\n      },\r\n      \"EnvLocation\": {\r\n        \"value\": \"West US\"\r\n      }\r\n    },\r\n    \"mode\": \"Incremental\"\r\n  }\r\n}",
      "RequestHeaders": {
        "Content-Type": [
          "application/json; charset=utf-8"
        ],
        "Content-Length": [
          "2360"
        ],
        "User-Agent": [
          "Microsoft.Azure.Management.Resources.ResourceManagementClient/2.0.0.0"
        ]
      },
      "ResponseBody": "{\r\n  \"id\": \"/subscriptions/cca24ec8-99b5-4aa7-9ff6-486e886f304c/resourceGroups/sql-audit-cmdlet-test-rg191/deployments/sql-audit-test-env-setup\",\r\n  \"name\": \"sql-audit-test-env-setup\",\r\n  \"properties\": {\r\n    \"parameters\": {\r\n      \"administratorLogin\": {\r\n        \"type\": \"String\",\r\n        \"value\": \"testlogin\"\r\n      },\r\n      \"administratorLoginPassword\": {\r\n        \"type\": \"SecureString\"\r\n      },\r\n      \"collation\": {\r\n        \"type\": \"String\",\r\n        \"value\": \"SQL_Latin1_General_CP1_CI_AS\"\r\n      },\r\n      \"databaseName\": {\r\n        \"type\": \"String\",\r\n        \"value\": \"sql-audit-cmdlet-db191\"\r\n      },\r\n      \"edition\": {\r\n        \"type\": \"String\",\r\n        \"value\": \"Basic\"\r\n      },\r\n      \"configuredServiceLevelObjectiveId\": {\r\n        \"type\": \"String\",\r\n        \"value\": \"910b4fcb-8a29-4c3e-958f-f7ba794388b2\"\r\n      },\r\n      \"envLocation\": {\r\n        \"type\": \"String\",\r\n        \"value\": \"West US\"\r\n      },\r\n      \"serverName\": {\r\n        \"type\": \"String\",\r\n        \"value\": \"sql-audit-cmdlet-server191\"\r\n      }\r\n    },\r\n    \"mode\": \"Incremental\",\r\n    \"provisioningState\": \"Accepted\",\r\n    \"timestamp\": \"2015-03-01T16:51:55.5770911Z\",\r\n    \"duration\": \"PT0S\",\r\n    \"correlationId\": \"d4371bff-031d-441f-97cf-fd611db7fdea\",\r\n    \"providers\": [\r\n      {\r\n        \"namespace\": \"Microsoft.Sql\",\r\n        \"resourceTypes\": [\r\n          {\r\n            \"resourceType\": \"servers\",\r\n            \"locations\": [\r\n              \"westus\"\r\n            ]\r\n          },\r\n          {\r\n            \"resourceType\": \"servers/databases\",\r\n            \"locations\": [\r\n              \"westus\"\r\n            ]\r\n          }\r\n        ]\r\n      }\r\n    ],\r\n    \"dependencies\": [\r\n      {\r\n        \"dependsOn\": [\r\n          {\r\n            \"id\": \"/subscriptions/cca24ec8-99b5-4aa7-9ff6-486e886f304c/resourceGroups/sql-audit-cmdlet-test-rg191/providers/Microsoft.Sql/servers/sql-audit-cmdlet-server191\",\r\n            \"resourceType\": \"Microsoft.Sql/servers\",\r\n            \"resourceName\": \"sql-audit-cmdlet-server191\"\r\n          }\r\n        ],\r\n        \"id\": \"/subscriptions/cca24ec8-99b5-4aa7-9ff6-486e886f304c/resourceGroups/sql-audit-cmdlet-test-rg191/providers/Microsoft.Sql/servers/sql-audit-cmdlet-server191/databases/sql-audit-cmdlet-db191\",\r\n        \"resourceType\": \"Microsoft.Sql/servers/databases\",\r\n        \"resourceName\": \"sql-audit-cmdlet-server191/sql-audit-cmdlet-db191\"\r\n      }\r\n    ]\r\n  }\r\n}",
      "ResponseHeaders": {
        "Content-Length": [
          "1643"
        ],
        "Content-Type": [
          "application/json; charset=utf-8"
        ],
        "Expires": [
          "-1"
        ],
        "Pragma": [
          "no-cache"
        ],
        "x-ms-ratelimit-remaining-subscription-writes": [
          "1197"
        ],
        "x-ms-request-id": [
          "d4371bff-031d-441f-97cf-fd611db7fdea"
        ],
        "x-ms-correlation-request-id": [
          "d4371bff-031d-441f-97cf-fd611db7fdea"
        ],
        "x-ms-routing-request-id": [
          "NORTHEUROPE:20150301T165155Z:d4371bff-031d-441f-97cf-fd611db7fdea"
        ],
        "Strict-Transport-Security": [
          "max-age=31536000; includeSubDomains"
        ],
        "Cache-Control": [
          "no-cache"
        ],
        "Date": [
          "Sun, 01 Mar 2015 16:51:55 GMT"
        ]
      },
      "StatusCode": 200
    },
    {
      "RequestUri": "/subscriptions/cca24ec8-99b5-4aa7-9ff6-486e886f304c/resourcegroups/sql-audit-cmdlet-test-rg191/deployments/sql-audit-test-env-setup?api-version=2014-04-01-preview",
      "EncodedRequestUri": "L3N1YnNjcmlwdGlvbnMvY2NhMjRlYzgtOTliNS00YWE3LTlmZjYtNDg2ZTg4NmYzMDRjL3Jlc291cmNlZ3JvdXBzL3NxbC1hdWRpdC1jbWRsZXQtdGVzdC1yZzE5MS9kZXBsb3ltZW50cy9zcWwtYXVkaXQtdGVzdC1lbnYtc2V0dXA/YXBpLXZlcnNpb249MjAxNC0wNC0wMS1wcmV2aWV3",
      "RequestMethod": "PUT",
      "RequestBody": "{\r\n  \"properties\": {\r\n    \"template\": {\r\n      \"$schema\": \"http://schemas.management.azure.com/deploymentTemplate?api-version=2014-04-01-preview\",\r\n      \"contentVersion\": \"1.0.0.0\",\r\n      \"parameters\": {\r\n        \"administratorLogin\": {\r\n          \"type\": \"string\",\r\n          \"defaultValue\": \"testlogin\"\r\n        },\r\n        \"administratorLoginPassword\": {\r\n          \"type\": \"securestring\",\r\n          \"defaultValue\": \"testp@ssMakingIt1007Longer\"\r\n        },\r\n        \"collation\": {\r\n          \"type\": \"string\",\r\n          \"defaultValue\": \"SQL_Latin1_General_CP1_CI_AS\"\r\n        },\r\n        \"databaseName\": {\r\n          \"type\": \"string\"\r\n        },\r\n        \"edition\": {\r\n          \"type\": \"string\",\r\n          \"defaultValue\": \"Basic\"\r\n        },\r\n        \"configuredServiceLevelObjectiveId\": {\r\n          \"type\": \"string\",\r\n          \"defaultValue\": \"910b4fcb-8a29-4c3e-958f-f7ba794388b2\"\r\n        },\r\n        \"EnvLocation\": {\r\n          \"type\": \"string\"\r\n        },\r\n        \"serverName\": {\r\n          \"type\": \"string\"\r\n        }\r\n      },\r\n      \"resources\": [\r\n        {\r\n          \"apiVersion\": \"2.0\",\r\n          \"location\": \"[parameters('EnvLocation')]\",\r\n          \"name\": \"[parameters('serverName')]\",\r\n          \"properties\": {\r\n            \"administratorLogin\": \"[parameters('administratorLogin')]\",\r\n            \"administratorLoginPassword\": \"[parameters('administratorLoginPassword')]\"\r\n          },\r\n          \"resources\": [\r\n            {\r\n              \"apiVersion\": \"2.0\",\r\n              \"dependsOn\": [\r\n                \"[concat('Microsoft.Sql/servers/', parameters('serverName'))]\"\r\n              ],\r\n              \"location\": \"[parameters('EnvLocation')]\",\r\n              \"name\": \"[parameters('databaseName')]\",\r\n              \"properties\": {\r\n                \"collation\": \"[parameters('collation')]\",\r\n                \"edition\": \"[parameters('edition')]\",\r\n                \"maxSizeBytes\": \"1073741824\"\r\n              },\r\n              \"type\": \"databases\"\r\n            }\r\n          ],\r\n          \"type\": \"Microsoft.Sql/servers\"\r\n        }\r\n      ]\r\n    },\r\n    \"parameters\": {\r\n      \"databaseName\": {\r\n        \"value\": \"sql-audit-cmdlet-db191\"\r\n      },\r\n      \"serverName\": {\r\n        \"value\": \"sql-audit-cmdlet-server191\"\r\n      },\r\n      \"EnvLocation\": {\r\n        \"value\": \"West US\"\r\n      }\r\n    },\r\n    \"mode\": \"Incremental\"\r\n  }\r\n}",
      "RequestHeaders": {
        "Content-Type": [
          "application/json; charset=utf-8"
        ],
        "Content-Length": [
          "2360"
        ],
        "User-Agent": [
          "Microsoft.Azure.Management.Resources.ResourceManagementClient/2.0.0.0"
        ]
      },
      "ResponseBody": "{\r\n  \"id\": \"/subscriptions/cca24ec8-99b5-4aa7-9ff6-486e886f304c/resourceGroups/sql-audit-cmdlet-test-rg191/deployments/sql-audit-test-env-setup\",\r\n  \"name\": \"sql-audit-test-env-setup\",\r\n  \"properties\": {\r\n    \"parameters\": {\r\n      \"administratorLogin\": {\r\n        \"type\": \"String\",\r\n        \"value\": \"testlogin\"\r\n      },\r\n      \"administratorLoginPassword\": {\r\n        \"type\": \"SecureString\"\r\n      },\r\n      \"collation\": {\r\n        \"type\": \"String\",\r\n        \"value\": \"SQL_Latin1_General_CP1_CI_AS\"\r\n      },\r\n      \"databaseName\": {\r\n        \"type\": \"String\",\r\n        \"value\": \"sql-audit-cmdlet-db191\"\r\n      },\r\n      \"edition\": {\r\n        \"type\": \"String\",\r\n        \"value\": \"Basic\"\r\n      },\r\n      \"configuredServiceLevelObjectiveId\": {\r\n        \"type\": \"String\",\r\n        \"value\": \"910b4fcb-8a29-4c3e-958f-f7ba794388b2\"\r\n      },\r\n      \"envLocation\": {\r\n        \"type\": \"String\",\r\n        \"value\": \"West US\"\r\n      },\r\n      \"serverName\": {\r\n        \"type\": \"String\",\r\n        \"value\": \"sql-audit-cmdlet-server191\"\r\n      }\r\n    },\r\n    \"mode\": \"Incremental\",\r\n    \"provisioningState\": \"Accepted\",\r\n    \"timestamp\": \"2015-03-01T16:51:57.6835705Z\",\r\n    \"duration\": \"PT1.2828784S\",\r\n    \"correlationId\": \"32006dc9-bcad-42ab-b06b-d93f42f385fd\",\r\n    \"providers\": [\r\n      {\r\n        \"namespace\": \"Microsoft.Sql\",\r\n        \"resourceTypes\": [\r\n          {\r\n            \"resourceType\": \"servers\",\r\n            \"locations\": [\r\n              \"westus\"\r\n            ]\r\n          },\r\n          {\r\n            \"resourceType\": \"servers/databases\",\r\n            \"locations\": [\r\n              \"westus\"\r\n            ]\r\n          }\r\n        ]\r\n      }\r\n    ],\r\n    \"dependencies\": [\r\n      {\r\n        \"dependsOn\": [\r\n          {\r\n            \"id\": \"/subscriptions/cca24ec8-99b5-4aa7-9ff6-486e886f304c/resourceGroups/sql-audit-cmdlet-test-rg191/providers/Microsoft.Sql/servers/sql-audit-cmdlet-server191\",\r\n            \"resourceType\": \"Microsoft.Sql/servers\",\r\n            \"resourceName\": \"sql-audit-cmdlet-server191\"\r\n          }\r\n        ],\r\n        \"id\": \"/subscriptions/cca24ec8-99b5-4aa7-9ff6-486e886f304c/resourceGroups/sql-audit-cmdlet-test-rg191/providers/Microsoft.Sql/servers/sql-audit-cmdlet-server191/databases/sql-audit-cmdlet-db191\",\r\n        \"resourceType\": \"Microsoft.Sql/servers/databases\",\r\n        \"resourceName\": \"sql-audit-cmdlet-server191/sql-audit-cmdlet-db191\"\r\n      }\r\n    ]\r\n  }\r\n}",
      "ResponseHeaders": {
        "Content-Length": [
          "1651"
        ],
        "Content-Type": [
          "application/json; charset=utf-8"
        ],
        "Expires": [
          "-1"
        ],
        "Pragma": [
          "no-cache"
        ],
        "x-ms-ratelimit-remaining-subscription-writes": [
          "1196"
        ],
        "x-ms-request-id": [
          "32006dc9-bcad-42ab-b06b-d93f42f385fd"
        ],
        "x-ms-correlation-request-id": [
          "32006dc9-bcad-42ab-b06b-d93f42f385fd"
        ],
        "x-ms-routing-request-id": [
          "NORTHEUROPE:20150301T165158Z:32006dc9-bcad-42ab-b06b-d93f42f385fd"
        ],
        "Strict-Transport-Security": [
          "max-age=31536000; includeSubDomains"
        ],
        "Cache-Control": [
          "no-cache"
        ],
        "Date": [
          "Sun, 01 Mar 2015 16:51:58 GMT"
        ]
      },
      "StatusCode": 201
    },
    {
      "RequestUri": "/subscriptions/cca24ec8-99b5-4aa7-9ff6-486e886f304c/resourcegroups/sql-audit-cmdlet-test-rg191/deployments/sql-audit-test-env-setup/operations?&api-version=2014-04-01-preview",
      "EncodedRequestUri": "L3N1YnNjcmlwdGlvbnMvY2NhMjRlYzgtOTliNS00YWE3LTlmZjYtNDg2ZTg4NmYzMDRjL3Jlc291cmNlZ3JvdXBzL3NxbC1hdWRpdC1jbWRsZXQtdGVzdC1yZzE5MS9kZXBsb3ltZW50cy9zcWwtYXVkaXQtdGVzdC1lbnYtc2V0dXAvb3BlcmF0aW9ucz8mYXBpLXZlcnNpb249MjAxNC0wNC0wMS1wcmV2aWV3",
      "RequestMethod": "GET",
      "RequestBody": "",
      "RequestHeaders": {
        "User-Agent": [
          "Microsoft.Azure.Management.Resources.ResourceManagementClient/2.0.0.0"
        ]
      },
      "ResponseBody": "{\r\n  \"value\": []\r\n}",
      "ResponseHeaders": {
        "Content-Length": [
          "12"
        ],
        "Content-Type": [
          "application/json; charset=utf-8"
        ],
        "Expires": [
          "-1"
        ],
        "Pragma": [
          "no-cache"
        ],
        "x-ms-ratelimit-remaining-subscription-reads": [
          "31997"
        ],
        "x-ms-request-id": [
          "b3a96c04-550c-44d3-a210-822abf4dfc9a"
        ],
        "x-ms-correlation-request-id": [
          "b3a96c04-550c-44d3-a210-822abf4dfc9a"
        ],
        "x-ms-routing-request-id": [
          "NORTHEUROPE:20150301T165158Z:b3a96c04-550c-44d3-a210-822abf4dfc9a"
        ],
        "Strict-Transport-Security": [
          "max-age=31536000; includeSubDomains"
        ],
        "Cache-Control": [
          "no-cache"
        ],
        "Date": [
          "Sun, 01 Mar 2015 16:51:58 GMT"
        ]
      },
      "StatusCode": 200
    },
    {
      "RequestUri": "/subscriptions/cca24ec8-99b5-4aa7-9ff6-486e886f304c/resourcegroups/sql-audit-cmdlet-test-rg191/deployments/sql-audit-test-env-setup/operations?&api-version=2014-04-01-preview",
      "EncodedRequestUri": "L3N1YnNjcmlwdGlvbnMvY2NhMjRlYzgtOTliNS00YWE3LTlmZjYtNDg2ZTg4NmYzMDRjL3Jlc291cmNlZ3JvdXBzL3NxbC1hdWRpdC1jbWRsZXQtdGVzdC1yZzE5MS9kZXBsb3ltZW50cy9zcWwtYXVkaXQtdGVzdC1lbnYtc2V0dXAvb3BlcmF0aW9ucz8mYXBpLXZlcnNpb249MjAxNC0wNC0wMS1wcmV2aWV3",
      "RequestMethod": "GET",
      "RequestBody": "",
      "RequestHeaders": {
        "User-Agent": [
          "Microsoft.Azure.Management.Resources.ResourceManagementClient/2.0.0.0"
        ]
      },
      "ResponseBody": "{\r\n  \"value\": []\r\n}",
      "ResponseHeaders": {
        "Content-Length": [
          "12"
        ],
        "Content-Type": [
          "application/json; charset=utf-8"
        ],
        "Expires": [
          "-1"
        ],
        "Pragma": [
          "no-cache"
        ],
        "x-ms-ratelimit-remaining-subscription-reads": [
          "31995"
        ],
        "x-ms-request-id": [
          "dd9c28bf-5563-421b-8266-fb2bb3d29eb6"
        ],
        "x-ms-correlation-request-id": [
          "dd9c28bf-5563-421b-8266-fb2bb3d29eb6"
        ],
        "x-ms-routing-request-id": [
          "NORTHEUROPE:20150301T165201Z:dd9c28bf-5563-421b-8266-fb2bb3d29eb6"
        ],
        "Strict-Transport-Security": [
          "max-age=31536000; includeSubDomains"
        ],
        "Cache-Control": [
          "no-cache"
        ],
        "Date": [
          "Sun, 01 Mar 2015 16:52:01 GMT"
        ]
      },
      "StatusCode": 200
    },
    {
      "RequestUri": "/subscriptions/cca24ec8-99b5-4aa7-9ff6-486e886f304c/resourcegroups/sql-audit-cmdlet-test-rg191/deployments/sql-audit-test-env-setup/operations?&api-version=2014-04-01-preview",
      "EncodedRequestUri": "L3N1YnNjcmlwdGlvbnMvY2NhMjRlYzgtOTliNS00YWE3LTlmZjYtNDg2ZTg4NmYzMDRjL3Jlc291cmNlZ3JvdXBzL3NxbC1hdWRpdC1jbWRsZXQtdGVzdC1yZzE5MS9kZXBsb3ltZW50cy9zcWwtYXVkaXQtdGVzdC1lbnYtc2V0dXAvb3BlcmF0aW9ucz8mYXBpLXZlcnNpb249MjAxNC0wNC0wMS1wcmV2aWV3",
      "RequestMethod": "GET",
      "RequestBody": "",
      "RequestHeaders": {
        "User-Agent": [
          "Microsoft.Azure.Management.Resources.ResourceManagementClient/2.0.0.0"
        ]
      },
      "ResponseBody": "{\r\n  \"value\": []\r\n}",
      "ResponseHeaders": {
        "Content-Length": [
          "12"
        ],
        "Content-Type": [
          "application/json; charset=utf-8"
        ],
        "Expires": [
          "-1"
        ],
        "Pragma": [
          "no-cache"
        ],
        "x-ms-ratelimit-remaining-subscription-reads": [
          "31993"
        ],
        "x-ms-request-id": [
          "bef6de48-9824-4db2-96e3-8868fb062143"
        ],
        "x-ms-correlation-request-id": [
          "bef6de48-9824-4db2-96e3-8868fb062143"
        ],
        "x-ms-routing-request-id": [
          "NORTHEUROPE:20150301T165204Z:bef6de48-9824-4db2-96e3-8868fb062143"
        ],
        "Strict-Transport-Security": [
          "max-age=31536000; includeSubDomains"
        ],
        "Cache-Control": [
          "no-cache"
        ],
        "Date": [
          "Sun, 01 Mar 2015 16:52:04 GMT"
        ]
      },
      "StatusCode": 200
    },
    {
      "RequestUri": "/subscriptions/cca24ec8-99b5-4aa7-9ff6-486e886f304c/resourcegroups/sql-audit-cmdlet-test-rg191/deployments/sql-audit-test-env-setup/operations?&api-version=2014-04-01-preview",
      "EncodedRequestUri": "L3N1YnNjcmlwdGlvbnMvY2NhMjRlYzgtOTliNS00YWE3LTlmZjYtNDg2ZTg4NmYzMDRjL3Jlc291cmNlZ3JvdXBzL3NxbC1hdWRpdC1jbWRsZXQtdGVzdC1yZzE5MS9kZXBsb3ltZW50cy9zcWwtYXVkaXQtdGVzdC1lbnYtc2V0dXAvb3BlcmF0aW9ucz8mYXBpLXZlcnNpb249MjAxNC0wNC0wMS1wcmV2aWV3",
      "RequestMethod": "GET",
      "RequestBody": "",
      "RequestHeaders": {
        "User-Agent": [
          "Microsoft.Azure.Management.Resources.ResourceManagementClient/2.0.0.0"
        ]
      },
      "ResponseBody": "{\r\n  \"value\": [\r\n    {\r\n      \"id\": \"/subscriptions/cca24ec8-99b5-4aa7-9ff6-486e886f304c/resourceGroups/sql-audit-cmdlet-test-rg191/deployments/sql-audit-test-env-setup/operations/CF637863FD2FEB77\",\r\n      \"operationId\": \"CF637863FD2FEB77\",\r\n      \"properties\": {\r\n        \"provisioningState\": \"Succeeded\",\r\n        \"timestamp\": \"2015-03-01T16:52:06.2629599Z\",\r\n        \"duration\": \"PT6.6375478S\",\r\n        \"trackingId\": \"d718da0d-f4b0-4294-b569-d46837221307\",\r\n        \"statusCode\": \"Created\",\r\n        \"targetResource\": {\r\n          \"id\": \"/subscriptions/cca24ec8-99b5-4aa7-9ff6-486e886f304c/resourceGroups/sql-audit-cmdlet-test-rg191/providers/Microsoft.Sql/servers/sql-audit-cmdlet-server191\",\r\n          \"resourceType\": \"Microsoft.Sql/servers\",\r\n          \"resourceName\": \"sql-audit-cmdlet-server191\"\r\n        }\r\n      }\r\n    }\r\n  ]\r\n}",
      "ResponseHeaders": {
        "Content-Length": [
          "667"
        ],
        "Content-Type": [
          "application/json; charset=utf-8"
        ],
        "Expires": [
          "-1"
        ],
        "Pragma": [
          "no-cache"
        ],
        "x-ms-ratelimit-remaining-subscription-reads": [
          "31991"
        ],
        "x-ms-request-id": [
          "3f572e4e-aafe-4800-b8c4-4688ce618bc7"
        ],
        "x-ms-correlation-request-id": [
          "3f572e4e-aafe-4800-b8c4-4688ce618bc7"
        ],
        "x-ms-routing-request-id": [
          "NORTHEUROPE:20150301T165207Z:3f572e4e-aafe-4800-b8c4-4688ce618bc7"
        ],
        "Strict-Transport-Security": [
          "max-age=31536000; includeSubDomains"
        ],
        "Cache-Control": [
          "no-cache"
        ],
        "Date": [
          "Sun, 01 Mar 2015 16:52:07 GMT"
        ]
      },
      "StatusCode": 200
    },
    {
      "RequestUri": "/subscriptions/cca24ec8-99b5-4aa7-9ff6-486e886f304c/resourcegroups/sql-audit-cmdlet-test-rg191/deployments/sql-audit-test-env-setup/operations?&api-version=2014-04-01-preview",
      "EncodedRequestUri": "L3N1YnNjcmlwdGlvbnMvY2NhMjRlYzgtOTliNS00YWE3LTlmZjYtNDg2ZTg4NmYzMDRjL3Jlc291cmNlZ3JvdXBzL3NxbC1hdWRpdC1jbWRsZXQtdGVzdC1yZzE5MS9kZXBsb3ltZW50cy9zcWwtYXVkaXQtdGVzdC1lbnYtc2V0dXAvb3BlcmF0aW9ucz8mYXBpLXZlcnNpb249MjAxNC0wNC0wMS1wcmV2aWV3",
      "RequestMethod": "GET",
      "RequestBody": "",
      "RequestHeaders": {
        "User-Agent": [
          "Microsoft.Azure.Management.Resources.ResourceManagementClient/2.0.0.0"
        ]
      },
      "ResponseBody": "{\r\n  \"value\": [\r\n    {\r\n      \"id\": \"/subscriptions/cca24ec8-99b5-4aa7-9ff6-486e886f304c/resourceGroups/sql-audit-cmdlet-test-rg191/deployments/sql-audit-test-env-setup/operations/CF637863FD2FEB77\",\r\n      \"operationId\": \"CF637863FD2FEB77\",\r\n      \"properties\": {\r\n        \"provisioningState\": \"Succeeded\",\r\n        \"timestamp\": \"2015-03-01T16:52:06.2629599Z\",\r\n        \"duration\": \"PT6.6375478S\",\r\n        \"trackingId\": \"d718da0d-f4b0-4294-b569-d46837221307\",\r\n        \"statusCode\": \"Created\",\r\n        \"targetResource\": {\r\n          \"id\": \"/subscriptions/cca24ec8-99b5-4aa7-9ff6-486e886f304c/resourceGroups/sql-audit-cmdlet-test-rg191/providers/Microsoft.Sql/servers/sql-audit-cmdlet-server191\",\r\n          \"resourceType\": \"Microsoft.Sql/servers\",\r\n          \"resourceName\": \"sql-audit-cmdlet-server191\"\r\n        }\r\n      }\r\n    }\r\n  ]\r\n}",
      "ResponseHeaders": {
        "Content-Length": [
          "667"
        ],
        "Content-Type": [
          "application/json; charset=utf-8"
        ],
        "Expires": [
          "-1"
        ],
        "Pragma": [
          "no-cache"
        ],
        "x-ms-ratelimit-remaining-subscription-reads": [
          "31989"
        ],
        "x-ms-request-id": [
          "939f888c-2b00-4478-91c7-92107d39d72f"
        ],
        "x-ms-correlation-request-id": [
          "939f888c-2b00-4478-91c7-92107d39d72f"
        ],
        "x-ms-routing-request-id": [
          "NORTHEUROPE:20150301T165211Z:939f888c-2b00-4478-91c7-92107d39d72f"
        ],
        "Strict-Transport-Security": [
          "max-age=31536000; includeSubDomains"
        ],
        "Cache-Control": [
          "no-cache"
        ],
        "Date": [
          "Sun, 01 Mar 2015 16:52:11 GMT"
        ]
      },
      "StatusCode": 200
    },
    {
      "RequestUri": "/subscriptions/cca24ec8-99b5-4aa7-9ff6-486e886f304c/resourcegroups/sql-audit-cmdlet-test-rg191/deployments/sql-audit-test-env-setup/operations?&api-version=2014-04-01-preview",
      "EncodedRequestUri": "L3N1YnNjcmlwdGlvbnMvY2NhMjRlYzgtOTliNS00YWE3LTlmZjYtNDg2ZTg4NmYzMDRjL3Jlc291cmNlZ3JvdXBzL3NxbC1hdWRpdC1jbWRsZXQtdGVzdC1yZzE5MS9kZXBsb3ltZW50cy9zcWwtYXVkaXQtdGVzdC1lbnYtc2V0dXAvb3BlcmF0aW9ucz8mYXBpLXZlcnNpb249MjAxNC0wNC0wMS1wcmV2aWV3",
      "RequestMethod": "GET",
      "RequestBody": "",
      "RequestHeaders": {
        "User-Agent": [
          "Microsoft.Azure.Management.Resources.ResourceManagementClient/2.0.0.0"
        ]
      },
      "ResponseBody": "{\r\n  \"value\": [\r\n    {\r\n      \"id\": \"/subscriptions/cca24ec8-99b5-4aa7-9ff6-486e886f304c/resourceGroups/sql-audit-cmdlet-test-rg191/deployments/sql-audit-test-env-setup/operations/A031536E3EB0C966\",\r\n      \"operationId\": \"A031536E3EB0C966\",\r\n      \"properties\": {\r\n        \"provisioningState\": \"Succeeded\",\r\n        \"timestamp\": \"2015-03-01T16:52:11.4372483Z\",\r\n        \"duration\": \"PT4.6411945S\",\r\n        \"trackingId\": \"9ce39b1c-0880-4289-b2ed-550f610bea9c\",\r\n        \"statusCode\": \"Created\",\r\n        \"targetResource\": {\r\n          \"id\": \"/subscriptions/cca24ec8-99b5-4aa7-9ff6-486e886f304c/resourceGroups/sql-audit-cmdlet-test-rg191/providers/Microsoft.Sql/servers/sql-audit-cmdlet-server191/databases/sql-audit-cmdlet-db191\",\r\n          \"resourceType\": \"Microsoft.Sql/servers/databases\",\r\n          \"resourceName\": \"sql-audit-cmdlet-server191/sql-audit-cmdlet-db191\"\r\n        }\r\n      }\r\n    },\r\n    {\r\n      \"id\": \"/subscriptions/cca24ec8-99b5-4aa7-9ff6-486e886f304c/resourceGroups/sql-audit-cmdlet-test-rg191/deployments/sql-audit-test-env-setup/operations/CF637863FD2FEB77\",\r\n      \"operationId\": \"CF637863FD2FEB77\",\r\n      \"properties\": {\r\n        \"provisioningState\": \"Succeeded\",\r\n        \"timestamp\": \"2015-03-01T16:52:06.2629599Z\",\r\n        \"duration\": \"PT6.6375478S\",\r\n        \"trackingId\": \"d718da0d-f4b0-4294-b569-d46837221307\",\r\n        \"statusCode\": \"Created\",\r\n        \"targetResource\": {\r\n          \"id\": \"/subscriptions/cca24ec8-99b5-4aa7-9ff6-486e886f304c/resourceGroups/sql-audit-cmdlet-test-rg191/providers/Microsoft.Sql/servers/sql-audit-cmdlet-server191\",\r\n          \"resourceType\": \"Microsoft.Sql/servers\",\r\n          \"resourceName\": \"sql-audit-cmdlet-server191\"\r\n        }\r\n      }\r\n    }\r\n  ]\r\n}",
      "ResponseHeaders": {
        "Content-Length": [
          "1389"
        ],
        "Content-Type": [
          "application/json; charset=utf-8"
        ],
        "Expires": [
          "-1"
        ],
        "Pragma": [
          "no-cache"
        ],
        "x-ms-ratelimit-remaining-subscription-reads": [
          "31987"
        ],
        "x-ms-request-id": [
          "ce3ee902-8dc2-4480-ab93-04397c8defce"
        ],
        "x-ms-correlation-request-id": [
          "ce3ee902-8dc2-4480-ab93-04397c8defce"
        ],
        "x-ms-routing-request-id": [
          "NORTHEUROPE:20150301T165214Z:ce3ee902-8dc2-4480-ab93-04397c8defce"
        ],
        "Strict-Transport-Security": [
          "max-age=31536000; includeSubDomains"
        ],
        "Cache-Control": [
          "no-cache"
        ],
        "Date": [
          "Sun, 01 Mar 2015 16:52:13 GMT"
        ]
      },
      "StatusCode": 200
    },
    {
      "RequestUri": "/subscriptions/cca24ec8-99b5-4aa7-9ff6-486e886f304c/resourcegroups/sql-audit-cmdlet-test-rg191/deployments/sql-audit-test-env-setup?api-version=2014-04-01-preview",
      "EncodedRequestUri": "L3N1YnNjcmlwdGlvbnMvY2NhMjRlYzgtOTliNS00YWE3LTlmZjYtNDg2ZTg4NmYzMDRjL3Jlc291cmNlZ3JvdXBzL3NxbC1hdWRpdC1jbWRsZXQtdGVzdC1yZzE5MS9kZXBsb3ltZW50cy9zcWwtYXVkaXQtdGVzdC1lbnYtc2V0dXA/YXBpLXZlcnNpb249MjAxNC0wNC0wMS1wcmV2aWV3",
      "RequestMethod": "GET",
      "RequestBody": "",
      "RequestHeaders": {
        "User-Agent": [
          "Microsoft.Azure.Management.Resources.ResourceManagementClient/2.0.0.0"
        ]
      },
      "ResponseBody": "{\r\n  \"id\": \"/subscriptions/cca24ec8-99b5-4aa7-9ff6-486e886f304c/resourceGroups/sql-audit-cmdlet-test-rg191/deployments/sql-audit-test-env-setup\",\r\n  \"name\": \"sql-audit-test-env-setup\",\r\n  \"properties\": {\r\n    \"parameters\": {\r\n      \"administratorLogin\": {\r\n        \"type\": \"String\",\r\n        \"value\": \"testlogin\"\r\n      },\r\n      \"administratorLoginPassword\": {\r\n        \"type\": \"SecureString\"\r\n      },\r\n      \"collation\": {\r\n        \"type\": \"String\",\r\n        \"value\": \"SQL_Latin1_General_CP1_CI_AS\"\r\n      },\r\n      \"databaseName\": {\r\n        \"type\": \"String\",\r\n        \"value\": \"sql-audit-cmdlet-db191\"\r\n      },\r\n      \"edition\": {\r\n        \"type\": \"String\",\r\n        \"value\": \"Basic\"\r\n      },\r\n      \"configuredServiceLevelObjectiveId\": {\r\n        \"type\": \"String\",\r\n        \"value\": \"910b4fcb-8a29-4c3e-958f-f7ba794388b2\"\r\n      },\r\n      \"envLocation\": {\r\n        \"type\": \"String\",\r\n        \"value\": \"West US\"\r\n      },\r\n      \"serverName\": {\r\n        \"type\": \"String\",\r\n        \"value\": \"sql-audit-cmdlet-server191\"\r\n      }\r\n    },\r\n    \"mode\": \"Incremental\",\r\n    \"provisioningState\": \"Accepted\",\r\n    \"timestamp\": \"2015-03-01T16:51:57.6835705Z\",\r\n    \"duration\": \"PT1.2828784S\",\r\n    \"correlationId\": \"32006dc9-bcad-42ab-b06b-d93f42f385fd\",\r\n    \"providers\": [\r\n      {\r\n        \"namespace\": \"Microsoft.Sql\",\r\n        \"resourceTypes\": [\r\n          {\r\n            \"resourceType\": \"servers\",\r\n            \"locations\": [\r\n              \"westus\"\r\n            ]\r\n          },\r\n          {\r\n            \"resourceType\": \"servers/databases\",\r\n            \"locations\": [\r\n              \"westus\"\r\n            ]\r\n          }\r\n        ]\r\n      }\r\n    ],\r\n    \"dependencies\": [\r\n      {\r\n        \"dependsOn\": [\r\n          {\r\n            \"id\": \"/subscriptions/cca24ec8-99b5-4aa7-9ff6-486e886f304c/resourceGroups/sql-audit-cmdlet-test-rg191/providers/Microsoft.Sql/servers/sql-audit-cmdlet-server191\",\r\n            \"resourceType\": \"Microsoft.Sql/servers\",\r\n            \"resourceName\": \"sql-audit-cmdlet-server191\"\r\n          }\r\n        ],\r\n        \"id\": \"/subscriptions/cca24ec8-99b5-4aa7-9ff6-486e886f304c/resourceGroups/sql-audit-cmdlet-test-rg191/providers/Microsoft.Sql/servers/sql-audit-cmdlet-server191/databases/sql-audit-cmdlet-db191\",\r\n        \"resourceType\": \"Microsoft.Sql/servers/databases\",\r\n        \"resourceName\": \"sql-audit-cmdlet-server191/sql-audit-cmdlet-db191\"\r\n      }\r\n    ]\r\n  }\r\n}",
      "ResponseHeaders": {
        "Content-Length": [
          "1651"
        ],
        "Content-Type": [
          "application/json; charset=utf-8"
        ],
        "Expires": [
          "-1"
        ],
        "Pragma": [
          "no-cache"
        ],
        "x-ms-ratelimit-remaining-subscription-reads": [
          "31996"
        ],
        "x-ms-request-id": [
          "18321158-b7a8-43ba-8805-98c8ef14a94a"
        ],
        "x-ms-correlation-request-id": [
          "18321158-b7a8-43ba-8805-98c8ef14a94a"
        ],
        "x-ms-routing-request-id": [
          "NORTHEUROPE:20150301T165159Z:18321158-b7a8-43ba-8805-98c8ef14a94a"
        ],
        "Strict-Transport-Security": [
          "max-age=31536000; includeSubDomains"
        ],
        "Cache-Control": [
          "no-cache"
        ],
        "Date": [
          "Sun, 01 Mar 2015 16:51:59 GMT"
        ]
      },
      "StatusCode": 200
    },
    {
      "RequestUri": "/subscriptions/cca24ec8-99b5-4aa7-9ff6-486e886f304c/resourcegroups/sql-audit-cmdlet-test-rg191/deployments/sql-audit-test-env-setup?api-version=2014-04-01-preview",
      "EncodedRequestUri": "L3N1YnNjcmlwdGlvbnMvY2NhMjRlYzgtOTliNS00YWE3LTlmZjYtNDg2ZTg4NmYzMDRjL3Jlc291cmNlZ3JvdXBzL3NxbC1hdWRpdC1jbWRsZXQtdGVzdC1yZzE5MS9kZXBsb3ltZW50cy9zcWwtYXVkaXQtdGVzdC1lbnYtc2V0dXA/YXBpLXZlcnNpb249MjAxNC0wNC0wMS1wcmV2aWV3",
      "RequestMethod": "GET",
      "RequestBody": "",
      "RequestHeaders": {
        "User-Agent": [
          "Microsoft.Azure.Management.Resources.ResourceManagementClient/2.0.0.0"
        ]
      },
      "ResponseBody": "{\r\n  \"id\": \"/subscriptions/cca24ec8-99b5-4aa7-9ff6-486e886f304c/resourceGroups/sql-audit-cmdlet-test-rg191/deployments/sql-audit-test-env-setup\",\r\n  \"name\": \"sql-audit-test-env-setup\",\r\n  \"properties\": {\r\n    \"parameters\": {\r\n      \"administratorLogin\": {\r\n        \"type\": \"String\",\r\n        \"value\": \"testlogin\"\r\n      },\r\n      \"administratorLoginPassword\": {\r\n        \"type\": \"SecureString\"\r\n      },\r\n      \"collation\": {\r\n        \"type\": \"String\",\r\n        \"value\": \"SQL_Latin1_General_CP1_CI_AS\"\r\n      },\r\n      \"databaseName\": {\r\n        \"type\": \"String\",\r\n        \"value\": \"sql-audit-cmdlet-db191\"\r\n      },\r\n      \"edition\": {\r\n        \"type\": \"String\",\r\n        \"value\": \"Basic\"\r\n      },\r\n      \"configuredServiceLevelObjectiveId\": {\r\n        \"type\": \"String\",\r\n        \"value\": \"910b4fcb-8a29-4c3e-958f-f7ba794388b2\"\r\n      },\r\n      \"envLocation\": {\r\n        \"type\": \"String\",\r\n        \"value\": \"West US\"\r\n      },\r\n      \"serverName\": {\r\n        \"type\": \"String\",\r\n        \"value\": \"sql-audit-cmdlet-server191\"\r\n      }\r\n    },\r\n    \"mode\": \"Incremental\",\r\n    \"provisioningState\": \"Running\",\r\n    \"timestamp\": \"2015-03-01T16:51:59.5720296Z\",\r\n    \"duration\": \"PT3.1713375S\",\r\n    \"correlationId\": \"32006dc9-bcad-42ab-b06b-d93f42f385fd\",\r\n    \"providers\": [\r\n      {\r\n        \"namespace\": \"Microsoft.Sql\",\r\n        \"resourceTypes\": [\r\n          {\r\n            \"resourceType\": \"servers\",\r\n            \"locations\": [\r\n              \"westus\"\r\n            ]\r\n          },\r\n          {\r\n            \"resourceType\": \"servers/databases\",\r\n            \"locations\": [\r\n              \"westus\"\r\n            ]\r\n          }\r\n        ]\r\n      }\r\n    ],\r\n    \"dependencies\": [\r\n      {\r\n        \"dependsOn\": [\r\n          {\r\n            \"id\": \"/subscriptions/cca24ec8-99b5-4aa7-9ff6-486e886f304c/resourceGroups/sql-audit-cmdlet-test-rg191/providers/Microsoft.Sql/servers/sql-audit-cmdlet-server191\",\r\n            \"resourceType\": \"Microsoft.Sql/servers\",\r\n            \"resourceName\": \"sql-audit-cmdlet-server191\"\r\n          }\r\n        ],\r\n        \"id\": \"/subscriptions/cca24ec8-99b5-4aa7-9ff6-486e886f304c/resourceGroups/sql-audit-cmdlet-test-rg191/providers/Microsoft.Sql/servers/sql-audit-cmdlet-server191/databases/sql-audit-cmdlet-db191\",\r\n        \"resourceType\": \"Microsoft.Sql/servers/databases\",\r\n        \"resourceName\": \"sql-audit-cmdlet-server191/sql-audit-cmdlet-db191\"\r\n      }\r\n    ]\r\n  }\r\n}",
      "ResponseHeaders": {
        "Content-Length": [
          "1650"
        ],
        "Content-Type": [
          "application/json; charset=utf-8"
        ],
        "Expires": [
          "-1"
        ],
        "Pragma": [
          "no-cache"
        ],
        "x-ms-ratelimit-remaining-subscription-reads": [
          "31994"
        ],
        "x-ms-request-id": [
          "0841d4be-1828-40fa-8a57-183f1ae4371d"
        ],
        "x-ms-correlation-request-id": [
          "0841d4be-1828-40fa-8a57-183f1ae4371d"
        ],
        "x-ms-routing-request-id": [
          "NORTHEUROPE:20150301T165202Z:0841d4be-1828-40fa-8a57-183f1ae4371d"
        ],
        "Strict-Transport-Security": [
          "max-age=31536000; includeSubDomains"
        ],
        "Cache-Control": [
          "no-cache"
        ],
        "Date": [
          "Sun, 01 Mar 2015 16:52:01 GMT"
        ]
      },
      "StatusCode": 200
    },
    {
      "RequestUri": "/subscriptions/cca24ec8-99b5-4aa7-9ff6-486e886f304c/resourcegroups/sql-audit-cmdlet-test-rg191/deployments/sql-audit-test-env-setup?api-version=2014-04-01-preview",
      "EncodedRequestUri": "L3N1YnNjcmlwdGlvbnMvY2NhMjRlYzgtOTliNS00YWE3LTlmZjYtNDg2ZTg4NmYzMDRjL3Jlc291cmNlZ3JvdXBzL3NxbC1hdWRpdC1jbWRsZXQtdGVzdC1yZzE5MS9kZXBsb3ltZW50cy9zcWwtYXVkaXQtdGVzdC1lbnYtc2V0dXA/YXBpLXZlcnNpb249MjAxNC0wNC0wMS1wcmV2aWV3",
      "RequestMethod": "GET",
      "RequestBody": "",
      "RequestHeaders": {
        "User-Agent": [
          "Microsoft.Azure.Management.Resources.ResourceManagementClient/2.0.0.0"
        ]
      },
      "ResponseBody": "{\r\n  \"id\": \"/subscriptions/cca24ec8-99b5-4aa7-9ff6-486e886f304c/resourceGroups/sql-audit-cmdlet-test-rg191/deployments/sql-audit-test-env-setup\",\r\n  \"name\": \"sql-audit-test-env-setup\",\r\n  \"properties\": {\r\n    \"parameters\": {\r\n      \"administratorLogin\": {\r\n        \"type\": \"String\",\r\n        \"value\": \"testlogin\"\r\n      },\r\n      \"administratorLoginPassword\": {\r\n        \"type\": \"SecureString\"\r\n      },\r\n      \"collation\": {\r\n        \"type\": \"String\",\r\n        \"value\": \"SQL_Latin1_General_CP1_CI_AS\"\r\n      },\r\n      \"databaseName\": {\r\n        \"type\": \"String\",\r\n        \"value\": \"sql-audit-cmdlet-db191\"\r\n      },\r\n      \"edition\": {\r\n        \"type\": \"String\",\r\n        \"value\": \"Basic\"\r\n      },\r\n      \"configuredServiceLevelObjectiveId\": {\r\n        \"type\": \"String\",\r\n        \"value\": \"910b4fcb-8a29-4c3e-958f-f7ba794388b2\"\r\n      },\r\n      \"envLocation\": {\r\n        \"type\": \"String\",\r\n        \"value\": \"West US\"\r\n      },\r\n      \"serverName\": {\r\n        \"type\": \"String\",\r\n        \"value\": \"sql-audit-cmdlet-server191\"\r\n      }\r\n    },\r\n    \"mode\": \"Incremental\",\r\n    \"provisioningState\": \"Running\",\r\n    \"timestamp\": \"2015-03-01T16:51:59.5720296Z\",\r\n    \"duration\": \"PT3.1713375S\",\r\n    \"correlationId\": \"32006dc9-bcad-42ab-b06b-d93f42f385fd\",\r\n    \"providers\": [\r\n      {\r\n        \"namespace\": \"Microsoft.Sql\",\r\n        \"resourceTypes\": [\r\n          {\r\n            \"resourceType\": \"servers\",\r\n            \"locations\": [\r\n              \"westus\"\r\n            ]\r\n          },\r\n          {\r\n            \"resourceType\": \"servers/databases\",\r\n            \"locations\": [\r\n              \"westus\"\r\n            ]\r\n          }\r\n        ]\r\n      }\r\n    ],\r\n    \"dependencies\": [\r\n      {\r\n        \"dependsOn\": [\r\n          {\r\n            \"id\": \"/subscriptions/cca24ec8-99b5-4aa7-9ff6-486e886f304c/resourceGroups/sql-audit-cmdlet-test-rg191/providers/Microsoft.Sql/servers/sql-audit-cmdlet-server191\",\r\n            \"resourceType\": \"Microsoft.Sql/servers\",\r\n            \"resourceName\": \"sql-audit-cmdlet-server191\"\r\n          }\r\n        ],\r\n        \"id\": \"/subscriptions/cca24ec8-99b5-4aa7-9ff6-486e886f304c/resourceGroups/sql-audit-cmdlet-test-rg191/providers/Microsoft.Sql/servers/sql-audit-cmdlet-server191/databases/sql-audit-cmdlet-db191\",\r\n        \"resourceType\": \"Microsoft.Sql/servers/databases\",\r\n        \"resourceName\": \"sql-audit-cmdlet-server191/sql-audit-cmdlet-db191\"\r\n      }\r\n    ]\r\n  }\r\n}",
      "ResponseHeaders": {
        "Content-Length": [
          "1650"
        ],
        "Content-Type": [
          "application/json; charset=utf-8"
        ],
        "Expires": [
          "-1"
        ],
        "Pragma": [
          "no-cache"
        ],
        "x-ms-ratelimit-remaining-subscription-reads": [
          "31992"
        ],
        "x-ms-request-id": [
          "f7cecc83-0c0c-449b-81a5-daece64e7a0c"
        ],
        "x-ms-correlation-request-id": [
          "f7cecc83-0c0c-449b-81a5-daece64e7a0c"
        ],
        "x-ms-routing-request-id": [
          "NORTHEUROPE:20150301T165205Z:f7cecc83-0c0c-449b-81a5-daece64e7a0c"
        ],
        "Strict-Transport-Security": [
          "max-age=31536000; includeSubDomains"
        ],
        "Cache-Control": [
          "no-cache"
        ],
        "Date": [
          "Sun, 01 Mar 2015 16:52:04 GMT"
        ]
      },
      "StatusCode": 200
    },
    {
      "RequestUri": "/subscriptions/cca24ec8-99b5-4aa7-9ff6-486e886f304c/resourcegroups/sql-audit-cmdlet-test-rg191/deployments/sql-audit-test-env-setup?api-version=2014-04-01-preview",
      "EncodedRequestUri": "L3N1YnNjcmlwdGlvbnMvY2NhMjRlYzgtOTliNS00YWE3LTlmZjYtNDg2ZTg4NmYzMDRjL3Jlc291cmNlZ3JvdXBzL3NxbC1hdWRpdC1jbWRsZXQtdGVzdC1yZzE5MS9kZXBsb3ltZW50cy9zcWwtYXVkaXQtdGVzdC1lbnYtc2V0dXA/YXBpLXZlcnNpb249MjAxNC0wNC0wMS1wcmV2aWV3",
      "RequestMethod": "GET",
      "RequestBody": "",
      "RequestHeaders": {
        "User-Agent": [
          "Microsoft.Azure.Management.Resources.ResourceManagementClient/2.0.0.0"
        ]
      },
      "ResponseBody": "{\r\n  \"id\": \"/subscriptions/cca24ec8-99b5-4aa7-9ff6-486e886f304c/resourceGroups/sql-audit-cmdlet-test-rg191/deployments/sql-audit-test-env-setup\",\r\n  \"name\": \"sql-audit-test-env-setup\",\r\n  \"properties\": {\r\n    \"parameters\": {\r\n      \"administratorLogin\": {\r\n        \"type\": \"String\",\r\n        \"value\": \"testlogin\"\r\n      },\r\n      \"administratorLoginPassword\": {\r\n        \"type\": \"SecureString\"\r\n      },\r\n      \"collation\": {\r\n        \"type\": \"String\",\r\n        \"value\": \"SQL_Latin1_General_CP1_CI_AS\"\r\n      },\r\n      \"databaseName\": {\r\n        \"type\": \"String\",\r\n        \"value\": \"sql-audit-cmdlet-db191\"\r\n      },\r\n      \"edition\": {\r\n        \"type\": \"String\",\r\n        \"value\": \"Basic\"\r\n      },\r\n      \"configuredServiceLevelObjectiveId\": {\r\n        \"type\": \"String\",\r\n        \"value\": \"910b4fcb-8a29-4c3e-958f-f7ba794388b2\"\r\n      },\r\n      \"envLocation\": {\r\n        \"type\": \"String\",\r\n        \"value\": \"West US\"\r\n      },\r\n      \"serverName\": {\r\n        \"type\": \"String\",\r\n        \"value\": \"sql-audit-cmdlet-server191\"\r\n      }\r\n    },\r\n    \"mode\": \"Incremental\",\r\n    \"provisioningState\": \"Running\",\r\n    \"timestamp\": \"2015-03-01T16:51:59.5720296Z\",\r\n    \"duration\": \"PT3.1713375S\",\r\n    \"correlationId\": \"32006dc9-bcad-42ab-b06b-d93f42f385fd\",\r\n    \"providers\": [\r\n      {\r\n        \"namespace\": \"Microsoft.Sql\",\r\n        \"resourceTypes\": [\r\n          {\r\n            \"resourceType\": \"servers\",\r\n            \"locations\": [\r\n              \"westus\"\r\n            ]\r\n          },\r\n          {\r\n            \"resourceType\": \"servers/databases\",\r\n            \"locations\": [\r\n              \"westus\"\r\n            ]\r\n          }\r\n        ]\r\n      }\r\n    ],\r\n    \"dependencies\": [\r\n      {\r\n        \"dependsOn\": [\r\n          {\r\n            \"id\": \"/subscriptions/cca24ec8-99b5-4aa7-9ff6-486e886f304c/resourceGroups/sql-audit-cmdlet-test-rg191/providers/Microsoft.Sql/servers/sql-audit-cmdlet-server191\",\r\n            \"resourceType\": \"Microsoft.Sql/servers\",\r\n            \"resourceName\": \"sql-audit-cmdlet-server191\"\r\n          }\r\n        ],\r\n        \"id\": \"/subscriptions/cca24ec8-99b5-4aa7-9ff6-486e886f304c/resourceGroups/sql-audit-cmdlet-test-rg191/providers/Microsoft.Sql/servers/sql-audit-cmdlet-server191/databases/sql-audit-cmdlet-db191\",\r\n        \"resourceType\": \"Microsoft.Sql/servers/databases\",\r\n        \"resourceName\": \"sql-audit-cmdlet-server191/sql-audit-cmdlet-db191\"\r\n      }\r\n    ]\r\n  }\r\n}",
      "ResponseHeaders": {
        "Content-Length": [
          "1650"
        ],
        "Content-Type": [
          "application/json; charset=utf-8"
        ],
        "Expires": [
          "-1"
        ],
        "Pragma": [
          "no-cache"
        ],
        "x-ms-ratelimit-remaining-subscription-reads": [
          "31990"
        ],
        "x-ms-request-id": [
          "8026b88a-22fc-4bb0-8446-c74e45d1fc87"
        ],
        "x-ms-correlation-request-id": [
          "8026b88a-22fc-4bb0-8446-c74e45d1fc87"
        ],
        "x-ms-routing-request-id": [
          "NORTHEUROPE:20150301T165208Z:8026b88a-22fc-4bb0-8446-c74e45d1fc87"
        ],
        "Strict-Transport-Security": [
          "max-age=31536000; includeSubDomains"
        ],
        "Cache-Control": [
          "no-cache"
        ],
        "Date": [
          "Sun, 01 Mar 2015 16:52:07 GMT"
        ]
      },
      "StatusCode": 200
    },
    {
      "RequestUri": "/subscriptions/cca24ec8-99b5-4aa7-9ff6-486e886f304c/resourcegroups/sql-audit-cmdlet-test-rg191/deployments/sql-audit-test-env-setup?api-version=2014-04-01-preview",
      "EncodedRequestUri": "L3N1YnNjcmlwdGlvbnMvY2NhMjRlYzgtOTliNS00YWE3LTlmZjYtNDg2ZTg4NmYzMDRjL3Jlc291cmNlZ3JvdXBzL3NxbC1hdWRpdC1jbWRsZXQtdGVzdC1yZzE5MS9kZXBsb3ltZW50cy9zcWwtYXVkaXQtdGVzdC1lbnYtc2V0dXA/YXBpLXZlcnNpb249MjAxNC0wNC0wMS1wcmV2aWV3",
      "RequestMethod": "GET",
      "RequestBody": "",
      "RequestHeaders": {
        "User-Agent": [
          "Microsoft.Azure.Management.Resources.ResourceManagementClient/2.0.0.0"
        ]
      },
      "ResponseBody": "{\r\n  \"id\": \"/subscriptions/cca24ec8-99b5-4aa7-9ff6-486e886f304c/resourceGroups/sql-audit-cmdlet-test-rg191/deployments/sql-audit-test-env-setup\",\r\n  \"name\": \"sql-audit-test-env-setup\",\r\n  \"properties\": {\r\n    \"parameters\": {\r\n      \"administratorLogin\": {\r\n        \"type\": \"String\",\r\n        \"value\": \"testlogin\"\r\n      },\r\n      \"administratorLoginPassword\": {\r\n        \"type\": \"SecureString\"\r\n      },\r\n      \"collation\": {\r\n        \"type\": \"String\",\r\n        \"value\": \"SQL_Latin1_General_CP1_CI_AS\"\r\n      },\r\n      \"databaseName\": {\r\n        \"type\": \"String\",\r\n        \"value\": \"sql-audit-cmdlet-db191\"\r\n      },\r\n      \"edition\": {\r\n        \"type\": \"String\",\r\n        \"value\": \"Basic\"\r\n      },\r\n      \"configuredServiceLevelObjectiveId\": {\r\n        \"type\": \"String\",\r\n        \"value\": \"910b4fcb-8a29-4c3e-958f-f7ba794388b2\"\r\n      },\r\n      \"envLocation\": {\r\n        \"type\": \"String\",\r\n        \"value\": \"West US\"\r\n      },\r\n      \"serverName\": {\r\n        \"type\": \"String\",\r\n        \"value\": \"sql-audit-cmdlet-server191\"\r\n      }\r\n    },\r\n    \"mode\": \"Incremental\",\r\n    \"provisioningState\": \"Running\",\r\n    \"timestamp\": \"2015-03-01T16:51:59.5720296Z\",\r\n    \"duration\": \"PT3.1713375S\",\r\n    \"correlationId\": \"32006dc9-bcad-42ab-b06b-d93f42f385fd\",\r\n    \"providers\": [\r\n      {\r\n        \"namespace\": \"Microsoft.Sql\",\r\n        \"resourceTypes\": [\r\n          {\r\n            \"resourceType\": \"servers\",\r\n            \"locations\": [\r\n              \"westus\"\r\n            ]\r\n          },\r\n          {\r\n            \"resourceType\": \"servers/databases\",\r\n            \"locations\": [\r\n              \"westus\"\r\n            ]\r\n          }\r\n        ]\r\n      }\r\n    ],\r\n    \"dependencies\": [\r\n      {\r\n        \"dependsOn\": [\r\n          {\r\n            \"id\": \"/subscriptions/cca24ec8-99b5-4aa7-9ff6-486e886f304c/resourceGroups/sql-audit-cmdlet-test-rg191/providers/Microsoft.Sql/servers/sql-audit-cmdlet-server191\",\r\n            \"resourceType\": \"Microsoft.Sql/servers\",\r\n            \"resourceName\": \"sql-audit-cmdlet-server191\"\r\n          }\r\n        ],\r\n        \"id\": \"/subscriptions/cca24ec8-99b5-4aa7-9ff6-486e886f304c/resourceGroups/sql-audit-cmdlet-test-rg191/providers/Microsoft.Sql/servers/sql-audit-cmdlet-server191/databases/sql-audit-cmdlet-db191\",\r\n        \"resourceType\": \"Microsoft.Sql/servers/databases\",\r\n        \"resourceName\": \"sql-audit-cmdlet-server191/sql-audit-cmdlet-db191\"\r\n      }\r\n    ]\r\n  }\r\n}",
      "ResponseHeaders": {
        "Content-Length": [
          "1650"
        ],
        "Content-Type": [
          "application/json; charset=utf-8"
        ],
        "Expires": [
          "-1"
        ],
        "Pragma": [
          "no-cache"
        ],
        "x-ms-ratelimit-remaining-subscription-reads": [
          "31988"
        ],
        "x-ms-request-id": [
          "43c3d88c-7188-48a1-85c5-d500bbff971e"
        ],
        "x-ms-correlation-request-id": [
          "43c3d88c-7188-48a1-85c5-d500bbff971e"
        ],
        "x-ms-routing-request-id": [
          "NORTHEUROPE:20150301T165211Z:43c3d88c-7188-48a1-85c5-d500bbff971e"
        ],
        "Strict-Transport-Security": [
          "max-age=31536000; includeSubDomains"
        ],
        "Cache-Control": [
          "no-cache"
        ],
        "Date": [
          "Sun, 01 Mar 2015 16:52:11 GMT"
        ]
      },
      "StatusCode": 200
    },
    {
      "RequestUri": "/subscriptions/cca24ec8-99b5-4aa7-9ff6-486e886f304c/resourcegroups/sql-audit-cmdlet-test-rg191/deployments/sql-audit-test-env-setup?api-version=2014-04-01-preview",
      "EncodedRequestUri": "L3N1YnNjcmlwdGlvbnMvY2NhMjRlYzgtOTliNS00YWE3LTlmZjYtNDg2ZTg4NmYzMDRjL3Jlc291cmNlZ3JvdXBzL3NxbC1hdWRpdC1jbWRsZXQtdGVzdC1yZzE5MS9kZXBsb3ltZW50cy9zcWwtYXVkaXQtdGVzdC1lbnYtc2V0dXA/YXBpLXZlcnNpb249MjAxNC0wNC0wMS1wcmV2aWV3",
      "RequestMethod": "GET",
      "RequestBody": "",
      "RequestHeaders": {
        "User-Agent": [
          "Microsoft.Azure.Management.Resources.ResourceManagementClient/2.0.0.0"
        ]
      },
      "ResponseBody": "{\r\n  \"id\": \"/subscriptions/cca24ec8-99b5-4aa7-9ff6-486e886f304c/resourceGroups/sql-audit-cmdlet-test-rg191/deployments/sql-audit-test-env-setup\",\r\n  \"name\": \"sql-audit-test-env-setup\",\r\n  \"properties\": {\r\n    \"parameters\": {\r\n      \"administratorLogin\": {\r\n        \"type\": \"String\",\r\n        \"value\": \"testlogin\"\r\n      },\r\n      \"administratorLoginPassword\": {\r\n        \"type\": \"SecureString\"\r\n      },\r\n      \"collation\": {\r\n        \"type\": \"String\",\r\n        \"value\": \"SQL_Latin1_General_CP1_CI_AS\"\r\n      },\r\n      \"databaseName\": {\r\n        \"type\": \"String\",\r\n        \"value\": \"sql-audit-cmdlet-db191\"\r\n      },\r\n      \"edition\": {\r\n        \"type\": \"String\",\r\n        \"value\": \"Basic\"\r\n      },\r\n      \"configuredServiceLevelObjectiveId\": {\r\n        \"type\": \"String\",\r\n        \"value\": \"910b4fcb-8a29-4c3e-958f-f7ba794388b2\"\r\n      },\r\n      \"envLocation\": {\r\n        \"type\": \"String\",\r\n        \"value\": \"West US\"\r\n      },\r\n      \"serverName\": {\r\n        \"type\": \"String\",\r\n        \"value\": \"sql-audit-cmdlet-server191\"\r\n      }\r\n    },\r\n    \"mode\": \"Incremental\",\r\n    \"provisioningState\": \"Succeeded\",\r\n    \"timestamp\": \"2015-03-01T16:52:12.0960635Z\",\r\n    \"duration\": \"PT15.6953714S\",\r\n    \"correlationId\": \"32006dc9-bcad-42ab-b06b-d93f42f385fd\",\r\n    \"providers\": [\r\n      {\r\n        \"namespace\": \"Microsoft.Sql\",\r\n        \"resourceTypes\": [\r\n          {\r\n            \"resourceType\": \"servers\",\r\n            \"locations\": [\r\n              \"westus\"\r\n            ]\r\n          },\r\n          {\r\n            \"resourceType\": \"servers/databases\",\r\n            \"locations\": [\r\n              \"westus\"\r\n            ]\r\n          }\r\n        ]\r\n      }\r\n    ],\r\n    \"dependencies\": [\r\n      {\r\n        \"dependsOn\": [\r\n          {\r\n            \"id\": \"/subscriptions/cca24ec8-99b5-4aa7-9ff6-486e886f304c/resourceGroups/sql-audit-cmdlet-test-rg191/providers/Microsoft.Sql/servers/sql-audit-cmdlet-server191\",\r\n            \"resourceType\": \"Microsoft.Sql/servers\",\r\n            \"resourceName\": \"sql-audit-cmdlet-server191\"\r\n          }\r\n        ],\r\n        \"id\": \"/subscriptions/cca24ec8-99b5-4aa7-9ff6-486e886f304c/resourceGroups/sql-audit-cmdlet-test-rg191/providers/Microsoft.Sql/servers/sql-audit-cmdlet-server191/databases/sql-audit-cmdlet-db191\",\r\n        \"resourceType\": \"Microsoft.Sql/servers/databases\",\r\n        \"resourceName\": \"sql-audit-cmdlet-server191/sql-audit-cmdlet-db191\"\r\n      }\r\n    ]\r\n  }\r\n}",
      "ResponseHeaders": {
        "Content-Length": [
          "1653"
        ],
        "Content-Type": [
          "application/json; charset=utf-8"
        ],
        "Expires": [
          "-1"
        ],
        "Pragma": [
          "no-cache"
        ],
        "x-ms-ratelimit-remaining-subscription-reads": [
          "31986"
        ],
        "x-ms-request-id": [
          "3dbd2921-5158-42aa-b108-11bd056f192e"
        ],
        "x-ms-correlation-request-id": [
          "3dbd2921-5158-42aa-b108-11bd056f192e"
        ],
        "x-ms-routing-request-id": [
          "NORTHEUROPE:20150301T165215Z:3dbd2921-5158-42aa-b108-11bd056f192e"
        ],
        "Strict-Transport-Security": [
          "max-age=31536000; includeSubDomains"
        ],
        "Cache-Control": [
          "no-cache"
        ],
        "Date": [
          "Sun, 01 Mar 2015 16:52:15 GMT"
        ]
      },
      "StatusCode": 200
    },
    {
      "RequestUri": "/subscriptions/cca24ec8-99b5-4aa7-9ff6-486e886f304c/resourceGroups/sql-audit-cmdlet-test-rg191/resources?&api-version=2014-04-01-preview",
      "EncodedRequestUri": "L3N1YnNjcmlwdGlvbnMvY2NhMjRlYzgtOTliNS00YWE3LTlmZjYtNDg2ZTg4NmYzMDRjL3Jlc291cmNlR3JvdXBzL3NxbC1hdWRpdC1jbWRsZXQtdGVzdC1yZzE5MS9yZXNvdXJjZXM/JmFwaS12ZXJzaW9uPTIwMTQtMDQtMDEtcHJldmlldw==",
      "RequestMethod": "GET",
      "RequestBody": "",
      "RequestHeaders": {
        "User-Agent": [
          "Microsoft.Azure.Management.Resources.ResourceManagementClient/2.0.0.0"
        ]
      },
      "ResponseBody": "{\r\n  \"value\": [\r\n    {\r\n      \"id\": \"/subscriptions/cca24ec8-99b5-4aa7-9ff6-486e886f304c/resourceGroups/sql-audit-cmdlet-test-rg191/providers/Microsoft.Sql/servers/sql-audit-cmdlet-server191\",\r\n      \"name\": \"sql-audit-cmdlet-server191\",\r\n      \"type\": \"Microsoft.Sql/servers\",\r\n      \"location\": \"westus\"\r\n    },\r\n    {\r\n      \"id\": \"/subscriptions/cca24ec8-99b5-4aa7-9ff6-486e886f304c/resourceGroups/sql-audit-cmdlet-test-rg191/providers/Microsoft.Sql/servers/sql-audit-cmdlet-server191/databases/sql-audit-cmdlet-db191\",\r\n      \"name\": \"sql-audit-cmdlet-server191/sql-audit-cmdlet-db191\",\r\n      \"type\": \"Microsoft.Sql/servers/databases\",\r\n      \"location\": \"westus\"\r\n    }\r\n  ]\r\n}",
      "ResponseHeaders": {
        "Content-Length": [
          "577"
        ],
        "Content-Type": [
          "application/json; charset=utf-8"
        ],
        "Expires": [
          "-1"
        ],
        "Pragma": [
          "no-cache"
        ],
        "x-ms-ratelimit-remaining-subscription-reads": [
          "31985"
        ],
        "x-ms-request-id": [
          "5e40735d-22cb-4215-8bd5-abf71427d3fd"
        ],
        "x-ms-correlation-request-id": [
          "5e40735d-22cb-4215-8bd5-abf71427d3fd"
        ],
        "x-ms-routing-request-id": [
          "NORTHEUROPE:20150301T165217Z:5e40735d-22cb-4215-8bd5-abf71427d3fd"
        ],
        "Strict-Transport-Security": [
          "max-age=31536000; includeSubDomains"
        ],
        "Cache-Control": [
          "no-cache"
        ],
        "Date": [
          "Sun, 01 Mar 2015 16:52:16 GMT"
        ]
      },
      "StatusCode": 200
    },
    {
      "RequestUri": "/subscriptions/cca24ec8-99b5-4aa7-9ff6-486e886f304c/resourcegroups/sql-audit-cmdlet-test-rg191/providers/Microsoft.Authorization/permissions?api-version=2014-07-01-preview",
      "EncodedRequestUri": "L3N1YnNjcmlwdGlvbnMvY2NhMjRlYzgtOTliNS00YWE3LTlmZjYtNDg2ZTg4NmYzMDRjL3Jlc291cmNlZ3JvdXBzL3NxbC1hdWRpdC1jbWRsZXQtdGVzdC1yZzE5MS9wcm92aWRlcnMvTWljcm9zb2Z0LkF1dGhvcml6YXRpb24vcGVybWlzc2lvbnM/YXBpLXZlcnNpb249MjAxNC0wNy0wMS1wcmV2aWV3",
      "RequestMethod": "GET",
      "RequestBody": "",
      "RequestHeaders": {
        "User-Agent": [
          "Microsoft.Azure.Management.Authorization.AuthorizationManagementClient/0.9.0.0"
        ]
      },
      "ResponseBody": "{\r\n  \"value\": [\r\n    {\r\n      \"actions\": [\r\n        \"*\"\r\n      ],\r\n      \"notActions\": []\r\n    }\r\n  ]\r\n}",
      "ResponseHeaders": {
        "Content-Length": [
          "45"
        ],
        "Content-Type": [
          "application/json; charset=utf-8"
        ],
        "Expires": [
          "-1"
        ],
        "Pragma": [
          "no-cache"
        ],
        "Vary": [
          "Accept-Encoding"
        ],
        "x-ms-request-id": [
          "westeurope:e009fa88-8616-4a0b-aa23-9a3d6bfd8aac"
        ],
        "x-ms-ratelimit-remaining-subscription-reads": [
          "31984"
        ],
        "x-ms-correlation-request-id": [
          "8bac8049-4338-4fc1-9f43-c353942fc827"
        ],
        "x-ms-routing-request-id": [
          "NORTHEUROPE:20150301T165218Z:8bac8049-4338-4fc1-9f43-c353942fc827"
        ],
        "Strict-Transport-Security": [
          "max-age=31536000; includeSubDomains"
        ],
        "Cache-Control": [
          "no-cache"
        ],
        "Date": [
          "Sun, 01 Mar 2015 16:52:18 GMT"
        ]
      },
      "StatusCode": 200
    },
    {
      "RequestUri": "/subscriptions/cca24ec8-99b5-4aa7-9ff6-486e886f304c/resourceGroups/NONEXISTING-RG/providers/Microsoft.Sql/servers/sql-audit-cmdlet-server191/auditingPolicies/Default?api-version=2014-04-01",
      "EncodedRequestUri": "L3N1YnNjcmlwdGlvbnMvY2NhMjRlYzgtOTliNS00YWE3LTlmZjYtNDg2ZTg4NmYzMDRjL3Jlc291cmNlR3JvdXBzL05PTkVYSVNUSU5HLVJHL3Byb3ZpZGVycy9NaWNyb3NvZnQuU3FsL3NlcnZlcnMvc3FsLWF1ZGl0LWNtZGxldC1zZXJ2ZXIxOTEvYXVkaXRpbmdQb2xpY2llcy9EZWZhdWx0P2FwaS12ZXJzaW9uPTIwMTQtMDQtMDE=",
      "RequestMethod": "GET",
      "RequestBody": "",
      "RequestHeaders": {
        "User-Agent": [
          "Microsoft.Azure.Management.Sql.SqlManagementClient/0.9.0.0"
        ],
        "x-ms-client-request-id": [
          "3ab83d28-7e4c-4e39-9e9f-6e53818a85dd"
        ]
      },
      "ResponseBody": "{\r\n  \"error\": {\r\n    \"code\": \"ResourceGroupNotFound\",\r\n    \"message\": \"Resource group 'NONEXISTING-RG' could not be found.\"\r\n  }\r\n}",
      "ResponseHeaders": {
        "Content-Length": [
          "106"
        ],
        "Content-Type": [
          "application/json; charset=utf-8"
        ],
        "Expires": [
          "-1"
        ],
        "Pragma": [
          "no-cache"
        ],
        "x-ms-request-id": [
          "f7ddbffc-ca7c-47c8-a4dd-13e023ecae05"
        ],
        "x-ms-correlation-request-id": [
          "f7ddbffc-ca7c-47c8-a4dd-13e023ecae05"
        ],
        "x-ms-routing-request-id": [
          "NORTHEUROPE:20150301T165219Z:f7ddbffc-ca7c-47c8-a4dd-13e023ecae05"
        ],
        "Strict-Transport-Security": [
          "max-age=31536000; includeSubDomains"
        ],
        "Cache-Control": [
          "no-cache"
        ],
        "Date": [
          "Sun, 01 Mar 2015 16:52:18 GMT"
        ]
      },
      "StatusCode": 404
    },
    {
      "RequestUri": "/subscriptions/cca24ec8-99b5-4aa7-9ff6-486e886f304c/resourceGroups/NONEXISTING-RG/providers/Microsoft.Sql/servers/sql-audit-cmdlet-server191/auditingPolicies/Default?api-version=2014-04-01",
      "EncodedRequestUri": "L3N1YnNjcmlwdGlvbnMvY2NhMjRlYzgtOTliNS00YWE3LTlmZjYtNDg2ZTg4NmYzMDRjL3Jlc291cmNlR3JvdXBzL05PTkVYSVNUSU5HLVJHL3Byb3ZpZGVycy9NaWNyb3NvZnQuU3FsL3NlcnZlcnMvc3FsLWF1ZGl0LWNtZGxldC1zZXJ2ZXIxOTEvYXVkaXRpbmdQb2xpY2llcy9EZWZhdWx0P2FwaS12ZXJzaW9uPTIwMTQtMDQtMDE=",
      "RequestMethod": "GET",
      "RequestBody": "",
      "RequestHeaders": {
        "User-Agent": [
          "Microsoft.Azure.Management.Sql.SqlManagementClient/0.9.0.0"
        ],
        "x-ms-client-request-id": [
          "1d0e6e6e-47cb-40be-a7cb-41413dd27adc"
        ]
      },
      "ResponseBody": "{\r\n  \"error\": {\r\n    \"code\": \"ResourceGroupNotFound\",\r\n    \"message\": \"Resource group 'NONEXISTING-RG' could not be found.\"\r\n  }\r\n}",
      "ResponseHeaders": {
        "Content-Length": [
          "106"
        ],
        "Content-Type": [
          "application/json; charset=utf-8"
        ],
        "Expires": [
          "-1"
        ],
        "Pragma": [
          "no-cache"
        ],
        "x-ms-request-id": [
          "169a920c-1561-4bb5-95f2-0cfa538c001d"
        ],
        "x-ms-correlation-request-id": [
          "169a920c-1561-4bb5-95f2-0cfa538c001d"
        ],
        "x-ms-routing-request-id": [
          "NORTHEUROPE:20150301T165220Z:169a920c-1561-4bb5-95f2-0cfa538c001d"
        ],
        "Strict-Transport-Security": [
          "max-age=31536000; includeSubDomains"
        ],
        "Cache-Control": [
          "no-cache"
        ],
        "Date": [
          "Sun, 01 Mar 2015 16:52:20 GMT"
        ]
      },
      "StatusCode": 404
    },
    {
      "RequestUri": "/subscriptions/cca24ec8-99b5-4aa7-9ff6-486e886f304c/resourceGroups/sql-audit-cmdlet-test-rg191/providers/Microsoft.Sql/servers/NONEXISTING-SERVER/auditingPolicies/Default?api-version=2014-04-01",
      "EncodedRequestUri": "L3N1YnNjcmlwdGlvbnMvY2NhMjRlYzgtOTliNS00YWE3LTlmZjYtNDg2ZTg4NmYzMDRjL3Jlc291cmNlR3JvdXBzL3NxbC1hdWRpdC1jbWRsZXQtdGVzdC1yZzE5MS9wcm92aWRlcnMvTWljcm9zb2Z0LlNxbC9zZXJ2ZXJzL05PTkVYSVNUSU5HLVNFUlZFUi9hdWRpdGluZ1BvbGljaWVzL0RlZmF1bHQ/YXBpLXZlcnNpb249MjAxNC0wNC0wMQ==",
      "RequestMethod": "GET",
      "RequestBody": "",
      "RequestHeaders": {
        "User-Agent": [
          "Microsoft.Azure.Management.Sql.SqlManagementClient/0.9.0.0"
        ],
        "x-ms-client-request-id": [
          "8dc3d67b-bf80-41cc-8c85-9982b0923fc1"
        ]
      },
      "ResponseBody": "{\r\n  \"error\": {\r\n    \"code\": \"ParentResourceNotFound\",\r\n    \"message\": \"Can not create nested resource. Parent resource 'NONEXISTING-SERVER' not found.\"\r\n  }\r\n}",
      "ResponseHeaders": {
        "Content-Length": [
          "135"
        ],
        "Content-Type": [
          "application/json; charset=utf-8"
        ],
        "Expires": [
          "-1"
        ],
        "Pragma": [
          "no-cache"
        ],
        "x-ms-request-id": [
          "0cd78cbb-6bb0-4c38-beda-fc136f9d2f61"
        ],
        "x-ms-correlation-request-id": [
          "0cd78cbb-6bb0-4c38-beda-fc136f9d2f61"
        ],
        "x-ms-routing-request-id": [
          "NORTHEUROPE:20150301T165220Z:0cd78cbb-6bb0-4c38-beda-fc136f9d2f61"
        ],
        "Strict-Transport-Security": [
          "max-age=31536000; includeSubDomains"
        ],
        "Cache-Control": [
          "no-cache"
        ],
        "Date": [
          "Sun, 01 Mar 2015 16:52:20 GMT"
        ]
      },
      "StatusCode": 404
    },
    {
      "RequestUri": "/subscriptions/cca24ec8-99b5-4aa7-9ff6-486e886f304c/resourceGroups/sql-audit-cmdlet-test-rg191/providers/Microsoft.Sql/servers/NONEXISTING-SERVER/auditingPolicies/Default?api-version=2014-04-01",
      "EncodedRequestUri": "L3N1YnNjcmlwdGlvbnMvY2NhMjRlYzgtOTliNS00YWE3LTlmZjYtNDg2ZTg4NmYzMDRjL3Jlc291cmNlR3JvdXBzL3NxbC1hdWRpdC1jbWRsZXQtdGVzdC1yZzE5MS9wcm92aWRlcnMvTWljcm9zb2Z0LlNxbC9zZXJ2ZXJzL05PTkVYSVNUSU5HLVNFUlZFUi9hdWRpdGluZ1BvbGljaWVzL0RlZmF1bHQ/YXBpLXZlcnNpb249MjAxNC0wNC0wMQ==",
      "RequestMethod": "GET",
      "RequestBody": "",
      "RequestHeaders": {
        "User-Agent": [
          "Microsoft.Azure.Management.Sql.SqlManagementClient/0.9.0.0"
        ],
        "x-ms-client-request-id": [
          "bd4be982-8af1-4dc1-b653-88f4ef3da316"
        ]
      },
      "ResponseBody": "{\r\n  \"error\": {\r\n    \"code\": \"ParentResourceNotFound\",\r\n    \"message\": \"Can not create nested resource. Parent resource 'NONEXISTING-SERVER' not found.\"\r\n  }\r\n}",
      "ResponseHeaders": {
        "Content-Length": [
          "135"
        ],
        "Content-Type": [
          "application/json; charset=utf-8"
        ],
        "Expires": [
          "-1"
        ],
        "Pragma": [
          "no-cache"
        ],
        "x-ms-request-id": [
          "f5601bc9-a66d-4da2-9e83-041e8cb63a41"
        ],
        "x-ms-correlation-request-id": [
          "f5601bc9-a66d-4da2-9e83-041e8cb63a41"
        ],
        "x-ms-routing-request-id": [
          "NORTHEUROPE:20150301T165220Z:f5601bc9-a66d-4da2-9e83-041e8cb63a41"
        ],
        "Strict-Transport-Security": [
          "max-age=31536000; includeSubDomains"
        ],
        "Cache-Control": [
          "no-cache"
        ],
        "Date": [
          "Sun, 01 Mar 2015 16:52:20 GMT"
        ]
      },
      "StatusCode": 404
    },
    {
      "RequestUri": "/cca24ec8-99b5-4aa7-9ff6-486e886f304c/services/storageservices/auditcmdlets191",
      "EncodedRequestUri": "L2NjYTI0ZWM4LTk5YjUtNGFhNy05ZmY2LTQ4NmU4ODZmMzA0Yy9zZXJ2aWNlcy9zdG9yYWdlc2VydmljZXMvYXVkaXRjbWRsZXRzMTkx",
      "RequestMethod": "DELETE",
      "RequestBody": "",
      "RequestHeaders": {
        "x-ms-version": [
          "2014-10-01"
        ],
        "User-Agent": [
          "Microsoft.WindowsAzure.Management.Storage.StorageManagementClient/5.0.0.0"
        ]
      },
      "ResponseBody": "",
      "ResponseHeaders": {
        "Content-Length": [
          "0"
        ],
        "x-ms-servedbyregion": [
          "ussouth2"
        ],
        "x-ms-request-id": [
          "a9564b4220ae7273b09cbace52f37e29"
        ],
        "Cache-Control": [
          "no-cache"
        ],
        "Date": [
          "Sun, 01 Mar 2015 16:52:22 GMT"
        ],
        "Server": [
          "1.0.6198.196",
          "(rd_rdfe_stable.150225-1815)",
          "Microsoft-HTTPAPI/2.0"
        ]
      },
      "StatusCode": 200
    },
    {
      "RequestUri": "/cca24ec8-99b5-4aa7-9ff6-486e886f304c/operations/a9564b4220ae7273b09cbace52f37e29",
      "EncodedRequestUri": "L2NjYTI0ZWM4LTk5YjUtNGFhNy05ZmY2LTQ4NmU4ODZmMzA0Yy9vcGVyYXRpb25zL2E5NTY0YjQyMjBhZTcyNzNiMDljYmFjZTUyZjM3ZTI5",
      "RequestMethod": "GET",
      "RequestBody": "",
      "RequestHeaders": {
        "x-ms-version": [
          "2014-10-01"
        ],
        "User-Agent": [
          "Microsoft.WindowsAzure.Management.ManagementClient/4.0.0.0"
        ]
      },
      "ResponseBody": "<Operation xmlns=\"http://schemas.microsoft.com/windowsazure\" xmlns:i=\"http://www.w3.org/2001/XMLSchema-instance\">\r\n  <ID>a9564b42-20ae-7273-b09c-bace52f37e29</ID>\r\n  <Status>Succeeded</Status>\r\n  <HttpStatusCode>200</HttpStatusCode>\r\n</Operation>",
      "ResponseHeaders": {
        "Content-Length": [
          "232"
        ],
        "Content-Type": [
          "application/xml; charset=utf-8"
        ],
        "x-ms-servedbyregion": [
          "ussouth2"
        ],
        "x-ms-request-id": [
          "8ae0166f365c7bdd8e0bd5c3bff966eb"
        ],
        "Cache-Control": [
          "no-cache"
        ],
        "Date": [
          "Sun, 01 Mar 2015 16:52:24 GMT"
        ],
        "Server": [
          "1.0.6198.196",
          "(rd_rdfe_stable.150225-1815)",
          "Microsoft-HTTPAPI/2.0"
        ]
      },
      "StatusCode": 200
    }
  ],
  "Names": {},
  "Variables": {
    "SubscriptionId": "cca24ec8-99b5-4aa7-9ff6-486e886f304c"
  }
}