{
  "Entries": [
    {
      "RequestUri": "/cca24ec8-99b5-4aa7-9ff6-486e886f304c/services/storageservices",
      "EncodedRequestUri": "L2NjYTI0ZWM4LTk5YjUtNGFhNy05ZmY2LTQ4NmU4ODZmMzA0Yy9zZXJ2aWNlcy9zdG9yYWdlc2VydmljZXM=",
      "RequestMethod": "POST",
      "RequestBody": "<CreateStorageServiceInput xmlns=\"http://schemas.microsoft.com/windowsazure\">\r\n  <ServiceName>auditcmdlets801</ServiceName>\r\n  <Description p2:nil=\"true\" xmlns:p2=\"http://www.w3.org/2001/XMLSchema-instance\" />\r\n  <Label>YXVkaXRjbWRsZXRzODAx</Label>\r\n  <Location>West US</Location>\r\n  <AccountType>Standard_GRS</AccountType>\r\n</CreateStorageServiceInput>",
      "RequestHeaders": {
        "Content-Type": [
          "application/xml"
        ],
        "Content-Length": [
          "353"
        ],
        "x-ms-version": [
          "2014-10-01"
        ],
        "User-Agent": [
          "Microsoft.WindowsAzure.Management.Storage.StorageManagementClient/5.0.0.0"
        ]
      },
      "ResponseBody": "",
      "ResponseHeaders": {
        "Content-Length": [
          "0"
        ],
        "x-ms-servedbyregion": [
          "ussouth3"
        ],
        "x-ms-request-id": [
          "1ad45bf24436c897afa21b12bf3b309d"
        ],
        "Cache-Control": [
          "no-cache"
        ],
        "Date": [
          "Mon, 13 Jul 2015 12:55:38 GMT"
        ],
        "Location": [
          "https://management.core.windows.net/subscriptions/cca24ec8-99b5-4aa7-9ff6-486e886f304c/storage/auditcmdlets801"
        ],
        "Server": [
          "1.0.6198.243",
          "(rd_rdfe_stable.150618-1025)",
          "Microsoft-HTTPAPI/2.0"
        ]
      },
      "StatusCode": 202
    },
    {
      "RequestUri": "/cca24ec8-99b5-4aa7-9ff6-486e886f304c/operations/1ad45bf24436c897afa21b12bf3b309d",
      "EncodedRequestUri": "L2NjYTI0ZWM4LTk5YjUtNGFhNy05ZmY2LTQ4NmU4ODZmMzA0Yy9vcGVyYXRpb25zLzFhZDQ1YmYyNDQzNmM4OTdhZmEyMWIxMmJmM2IzMDlk",
      "RequestMethod": "GET",
      "RequestBody": "",
      "RequestHeaders": {
        "x-ms-version": [
          "2014-10-01"
        ],
        "User-Agent": [
          "Microsoft.WindowsAzure.Management.Storage.StorageManagementClient/5.0.0.0"
        ]
      },
      "ResponseBody": "<Operation xmlns=\"http://schemas.microsoft.com/windowsazure\" xmlns:i=\"http://www.w3.org/2001/XMLSchema-instance\">\r\n  <ID>1ad45bf2-4436-c897-afa2-1b12bf3b309d</ID>\r\n  <Status>InProgress</Status>\r\n</Operation>",
      "ResponseHeaders": {
        "Content-Length": [
          "197"
        ],
        "Content-Type": [
          "application/xml; charset=utf-8"
        ],
        "x-ms-servedbyregion": [
          "ussouth3"
        ],
        "x-ms-request-id": [
          "4cacb7093145c0129bbcdab3acc231a2"
        ],
        "Cache-Control": [
          "no-cache"
        ],
        "Date": [
          "Mon, 13 Jul 2015 12:55:38 GMT"
        ],
        "Server": [
          "1.0.6198.243",
          "(rd_rdfe_stable.150618-1025)",
          "Microsoft-HTTPAPI/2.0"
        ]
      },
      "StatusCode": 200
    },
    {
      "RequestUri": "/cca24ec8-99b5-4aa7-9ff6-486e886f304c/operations/1ad45bf24436c897afa21b12bf3b309d",
      "EncodedRequestUri": "L2NjYTI0ZWM4LTk5YjUtNGFhNy05ZmY2LTQ4NmU4ODZmMzA0Yy9vcGVyYXRpb25zLzFhZDQ1YmYyNDQzNmM4OTdhZmEyMWIxMmJmM2IzMDlk",
      "RequestMethod": "GET",
      "RequestBody": "",
      "RequestHeaders": {
        "x-ms-version": [
          "2014-10-01"
        ],
        "User-Agent": [
          "Microsoft.WindowsAzure.Management.Storage.StorageManagementClient/5.0.0.0"
        ]
      },
      "ResponseBody": "<Operation xmlns=\"http://schemas.microsoft.com/windowsazure\" xmlns:i=\"http://www.w3.org/2001/XMLSchema-instance\">\r\n  <ID>1ad45bf2-4436-c897-afa2-1b12bf3b309d</ID>\r\n  <Status>InProgress</Status>\r\n</Operation>",
      "ResponseHeaders": {
        "Content-Length": [
          "197"
        ],
        "Content-Type": [
          "application/xml; charset=utf-8"
        ],
        "x-ms-servedbyregion": [
          "ussouth3"
        ],
        "x-ms-request-id": [
          "0fe16e464d86ca5a989d0ffefb2d50dd"
        ],
        "Cache-Control": [
          "no-cache"
        ],
        "Date": [
          "Mon, 13 Jul 2015 12:56:09 GMT"
        ],
        "Server": [
          "1.0.6198.243",
          "(rd_rdfe_stable.150618-1025)",
          "Microsoft-HTTPAPI/2.0"
        ]
      },
      "StatusCode": 200
    },
    {
      "RequestUri": "/cca24ec8-99b5-4aa7-9ff6-486e886f304c/operations/1ad45bf24436c897afa21b12bf3b309d",
      "EncodedRequestUri": "L2NjYTI0ZWM4LTk5YjUtNGFhNy05ZmY2LTQ4NmU4ODZmMzA0Yy9vcGVyYXRpb25zLzFhZDQ1YmYyNDQzNmM4OTdhZmEyMWIxMmJmM2IzMDlk",
      "RequestMethod": "GET",
      "RequestBody": "",
      "RequestHeaders": {
        "x-ms-version": [
          "2014-10-01"
        ],
        "User-Agent": [
          "Microsoft.WindowsAzure.Management.Storage.StorageManagementClient/5.0.0.0"
        ]
      },
      "ResponseBody": "<Operation xmlns=\"http://schemas.microsoft.com/windowsazure\" xmlns:i=\"http://www.w3.org/2001/XMLSchema-instance\">\r\n  <ID>1ad45bf2-4436-c897-afa2-1b12bf3b309d</ID>\r\n  <Status>Succeeded</Status>\r\n  <HttpStatusCode>200</HttpStatusCode>\r\n</Operation>",
      "ResponseHeaders": {
        "Content-Length": [
          "232"
        ],
        "Content-Type": [
          "application/xml; charset=utf-8"
        ],
        "x-ms-servedbyregion": [
          "ussouth3"
        ],
        "x-ms-request-id": [
          "9fb78519d61fc7f8a3631a8eca56c80a"
        ],
        "Cache-Control": [
          "no-cache"
        ],
        "Date": [
          "Mon, 13 Jul 2015 12:56:39 GMT"
        ],
        "Server": [
          "1.0.6198.243",
          "(rd_rdfe_stable.150618-1025)",
          "Microsoft-HTTPAPI/2.0"
        ]
      },
      "StatusCode": 200
    },
    {
      "RequestUri": "/subscriptions/cca24ec8-99b5-4aa7-9ff6-486e886f304c/resourcegroups/sql-audit-cmdlet-test-rg801?api-version=2014-04-01-preview",
      "EncodedRequestUri": "L3N1YnNjcmlwdGlvbnMvY2NhMjRlYzgtOTliNS00YWE3LTlmZjYtNDg2ZTg4NmYzMDRjL3Jlc291cmNlZ3JvdXBzL3NxbC1hdWRpdC1jbWRsZXQtdGVzdC1yZzgwMT9hcGktdmVyc2lvbj0yMDE0LTA0LTAxLXByZXZpZXc=",
      "RequestMethod": "HEAD",
      "RequestBody": "",
      "RequestHeaders": {
        "User-Agent": [
          "Microsoft.Azure.Management.Resources.ResourceManagementClient/2.0.0.0"
        ]
      },
      "ResponseBody": "",
      "ResponseHeaders": {
        "Content-Length": [
          "119"
        ],
        "Content-Type": [
          "application/json; charset=utf-8"
        ],
        "Expires": [
          "-1"
        ],
        "Pragma": [
          "no-cache"
        ],
        "x-ms-failure-cause": [
          "gateway"
        ],
        "x-ms-ratelimit-remaining-subscription-reads": [
          "14877"
        ],
        "x-ms-request-id": [
          "de46ddcd-4e5e-45de-b2ea-242625a631b6"
        ],
        "x-ms-correlation-request-id": [
          "de46ddcd-4e5e-45de-b2ea-242625a631b6"
        ],
        "x-ms-routing-request-id": [
          "WESTEUROPE:20150713T125640Z:de46ddcd-4e5e-45de-b2ea-242625a631b6"
        ],
        "Strict-Transport-Security": [
          "max-age=31536000; includeSubDomains"
        ],
        "Cache-Control": [
          "no-cache"
        ],
        "Date": [
          "Mon, 13 Jul 2015 12:56:40 GMT"
        ]
      },
      "StatusCode": 404
    },
    {
      "RequestUri": "/subscriptions/cca24ec8-99b5-4aa7-9ff6-486e886f304c/resourcegroups/sql-audit-cmdlet-test-rg801?api-version=2014-04-01-preview",
      "EncodedRequestUri": "L3N1YnNjcmlwdGlvbnMvY2NhMjRlYzgtOTliNS00YWE3LTlmZjYtNDg2ZTg4NmYzMDRjL3Jlc291cmNlZ3JvdXBzL3NxbC1hdWRpdC1jbWRsZXQtdGVzdC1yZzgwMT9hcGktdmVyc2lvbj0yMDE0LTA0LTAxLXByZXZpZXc=",
      "RequestMethod": "PUT",
      "RequestBody": "{\r\n  \"location\": \"West US\"\r\n}",
      "RequestHeaders": {
        "Content-Type": [
          "application/json; charset=utf-8"
        ],
        "Content-Length": [
          "29"
        ],
        "User-Agent": [
          "Microsoft.Azure.Management.Resources.ResourceManagementClient/2.0.0.0"
        ]
      },
      "ResponseBody": "{\r\n  \"id\": \"/subscriptions/cca24ec8-99b5-4aa7-9ff6-486e886f304c/resourceGroups/sql-audit-cmdlet-test-rg801\",\r\n  \"name\": \"sql-audit-cmdlet-test-rg801\",\r\n  \"location\": \"westus\",\r\n  \"properties\": {\r\n    \"provisioningState\": \"Succeeded\"\r\n  }\r\n}",
      "ResponseHeaders": {
        "Content-Length": [
          "207"
        ],
        "Content-Type": [
          "application/json; charset=utf-8"
        ],
        "Expires": [
          "-1"
        ],
        "Pragma": [
          "no-cache"
        ],
        "x-ms-ratelimit-remaining-subscription-writes": [
          "1178"
        ],
        "x-ms-request-id": [
          "af68b804-334c-4e7d-9087-b3b81ff8fc62"
        ],
        "x-ms-correlation-request-id": [
          "af68b804-334c-4e7d-9087-b3b81ff8fc62"
        ],
        "x-ms-routing-request-id": [
          "WESTEUROPE:20150713T125642Z:af68b804-334c-4e7d-9087-b3b81ff8fc62"
        ],
        "Strict-Transport-Security": [
          "max-age=31536000; includeSubDomains"
        ],
        "Cache-Control": [
          "no-cache"
        ],
        "Date": [
          "Mon, 13 Jul 2015 12:56:41 GMT"
        ]
      },
      "StatusCode": 201
    },
    {
      "RequestUri": "/subscriptions/cca24ec8-99b5-4aa7-9ff6-486e886f304c/resourcegroups/sql-audit-cmdlet-test-rg801/deployments/sql-audit-test-env-setup/validate?api-version=2014-04-01-preview",
      "EncodedRequestUri": "L3N1YnNjcmlwdGlvbnMvY2NhMjRlYzgtOTliNS00YWE3LTlmZjYtNDg2ZTg4NmYzMDRjL3Jlc291cmNlZ3JvdXBzL3NxbC1hdWRpdC1jbWRsZXQtdGVzdC1yZzgwMS9kZXBsb3ltZW50cy9zcWwtYXVkaXQtdGVzdC1lbnYtc2V0dXAvdmFsaWRhdGU/YXBpLXZlcnNpb249MjAxNC0wNC0wMS1wcmV2aWV3",
      "RequestMethod": "POST",
      "RequestBody": "{\r\n  \"properties\": {\r\n    \"template\": {\r\n      \"$schema\": \"http://schemas.management.azure.com/deploymentTemplate?api-version=2014-04-01-preview\",\r\n      \"contentVersion\": \"1.0.0.0\",\r\n      \"parameters\": {\r\n        \"administratorLogin\": {\r\n          \"type\": \"string\",\r\n          \"defaultValue\": \"testlogin\"\r\n        },\r\n        \"administratorLoginPassword\": {\r\n          \"type\": \"securestring\",\r\n          \"defaultValue\": \"testp@ssMakingIt1007Longer\"\r\n        },\r\n        \"collation\": {\r\n          \"type\": \"string\",\r\n          \"defaultValue\": \"SQL_Latin1_General_CP1_CI_AS\"\r\n        },\r\n        \"databaseName\": {\r\n          \"type\": \"string\"\r\n        },\r\n        \"edition\": {\r\n          \"type\": \"string\",\r\n          \"defaultValue\": \"Basic\"\r\n        },\r\n        \"configuredServiceLevelObjectiveId\": {\r\n          \"type\": \"string\",\r\n          \"defaultValue\": \"910b4fcb-8a29-4c3e-958f-f7ba794388b2\"\r\n        },\r\n        \"EnvLocation\": {\r\n          \"type\": \"string\"\r\n        },\r\n        \"serverName\": {\r\n          \"type\": \"string\"\r\n        }\r\n      },\r\n      \"resources\": [\r\n        {\r\n          \"apiVersion\": \"2.0\",\r\n          \"location\": \"[parameters('EnvLocation')]\",\r\n          \"name\": \"[parameters('serverName')]\",\r\n          \"properties\": {\r\n            \"administratorLogin\": \"[parameters('administratorLogin')]\",\r\n            \"administratorLoginPassword\": \"[parameters('administratorLoginPassword')]\"\r\n          },\r\n          \"resources\": [\r\n            {\r\n              \"apiVersion\": \"2.0\",\r\n              \"dependsOn\": [\r\n                \"[concat('Microsoft.Sql/servers/', parameters('serverName'))]\"\r\n              ],\r\n              \"location\": \"[parameters('EnvLocation')]\",\r\n              \"name\": \"[parameters('databaseName')]\",\r\n              \"properties\": {\r\n                \"collation\": \"[parameters('collation')]\",\r\n                \"edition\": \"[parameters('edition')]\",\r\n                \"maxSizeBytes\": \"1073741824\"\r\n              },\r\n              \"type\": \"databases\"\r\n            }\r\n          ],\r\n          \"type\": \"Microsoft.Sql/servers\"\r\n        }\r\n      ]\r\n    },\r\n    \"parameters\": {\r\n      \"databaseName\": {\r\n        \"value\": \"sql-audit-cmdlet-db801\"\r\n      },\r\n      \"serverName\": {\r\n        \"value\": \"sql-audit-cmdlet-server801\"\r\n      },\r\n      \"EnvLocation\": {\r\n        \"value\": \"West US\"\r\n      }\r\n    },\r\n    \"mode\": \"Incremental\"\r\n  }\r\n}",
      "RequestHeaders": {
        "Content-Type": [
          "application/json; charset=utf-8"
        ],
        "Content-Length": [
          "2360"
        ],
        "User-Agent": [
          "Microsoft.Azure.Management.Resources.ResourceManagementClient/2.0.0.0"
        ]
      },
      "ResponseBody": "{\r\n  \"id\": \"/subscriptions/cca24ec8-99b5-4aa7-9ff6-486e886f304c/resourceGroups/sql-audit-cmdlet-test-rg801/deployments/sql-audit-test-env-setup\",\r\n  \"name\": \"sql-audit-test-env-setup\",\r\n  \"properties\": {\r\n    \"parameters\": {\r\n      \"administratorLogin\": {\r\n        \"type\": \"String\",\r\n        \"value\": \"testlogin\"\r\n      },\r\n      \"administratorLoginPassword\": {\r\n        \"type\": \"SecureString\"\r\n      },\r\n      \"collation\": {\r\n        \"type\": \"String\",\r\n        \"value\": \"SQL_Latin1_General_CP1_CI_AS\"\r\n      },\r\n      \"databaseName\": {\r\n        \"type\": \"String\",\r\n        \"value\": \"sql-audit-cmdlet-db801\"\r\n      },\r\n      \"edition\": {\r\n        \"type\": \"String\",\r\n        \"value\": \"Basic\"\r\n      },\r\n      \"configuredServiceLevelObjectiveId\": {\r\n        \"type\": \"String\",\r\n        \"value\": \"910b4fcb-8a29-4c3e-958f-f7ba794388b2\"\r\n      },\r\n      \"envLocation\": {\r\n        \"type\": \"String\",\r\n        \"value\": \"West US\"\r\n      },\r\n      \"serverName\": {\r\n        \"type\": \"String\",\r\n        \"value\": \"sql-audit-cmdlet-server801\"\r\n      }\r\n    },\r\n    \"mode\": \"Incremental\",\r\n    \"provisioningState\": \"Accepted\",\r\n    \"timestamp\": \"2015-07-13T12:56:43.1335673Z\",\r\n    \"duration\": \"PT0S\",\r\n    \"correlationId\": \"13122305-e7ad-44f7-9387-d9dbe7d5be99\",\r\n    \"providers\": [\r\n      {\r\n        \"namespace\": \"Microsoft.Sql\",\r\n        \"resourceTypes\": [\r\n          {\r\n            \"resourceType\": \"servers\",\r\n            \"locations\": [\r\n              \"westus\"\r\n            ]\r\n          },\r\n          {\r\n            \"resourceType\": \"servers/databases\",\r\n            \"locations\": [\r\n              \"westus\"\r\n            ]\r\n          }\r\n        ]\r\n      }\r\n    ],\r\n    \"dependencies\": [\r\n      {\r\n        \"dependsOn\": [\r\n          {\r\n            \"id\": \"/subscriptions/cca24ec8-99b5-4aa7-9ff6-486e886f304c/resourceGroups/sql-audit-cmdlet-test-rg801/providers/Microsoft.Sql/servers/sql-audit-cmdlet-server801\",\r\n            \"resourceType\": \"Microsoft.Sql/servers\",\r\n            \"resourceName\": \"sql-audit-cmdlet-server801\"\r\n          }\r\n        ],\r\n        \"id\": \"/subscriptions/cca24ec8-99b5-4aa7-9ff6-486e886f304c/resourceGroups/sql-audit-cmdlet-test-rg801/providers/Microsoft.Sql/servers/sql-audit-cmdlet-server801/databases/sql-audit-cmdlet-db801\",\r\n        \"resourceType\": \"Microsoft.Sql/servers/databases\",\r\n        \"resourceName\": \"sql-audit-cmdlet-server801/sql-audit-cmdlet-db801\"\r\n      }\r\n    ]\r\n  }\r\n}",
      "ResponseHeaders": {
        "Content-Length": [
          "1643"
        ],
        "Content-Type": [
          "application/json; charset=utf-8"
        ],
        "Expires": [
          "-1"
        ],
        "Pragma": [
          "no-cache"
        ],
        "x-ms-ratelimit-remaining-subscription-writes": [
          "1177"
        ],
        "x-ms-request-id": [
          "13122305-e7ad-44f7-9387-d9dbe7d5be99"
        ],
        "x-ms-correlation-request-id": [
          "13122305-e7ad-44f7-9387-d9dbe7d5be99"
        ],
        "x-ms-routing-request-id": [
          "WESTEUROPE:20150713T125643Z:13122305-e7ad-44f7-9387-d9dbe7d5be99"
        ],
        "Strict-Transport-Security": [
          "max-age=31536000; includeSubDomains"
        ],
        "Cache-Control": [
          "no-cache"
        ],
        "Date": [
          "Mon, 13 Jul 2015 12:56:42 GMT"
        ]
      },
      "StatusCode": 200
    },
    {
      "RequestUri": "/subscriptions/cca24ec8-99b5-4aa7-9ff6-486e886f304c/resourcegroups/sql-audit-cmdlet-test-rg801/deployments/sql-audit-test-env-setup?api-version=2014-04-01-preview",
      "EncodedRequestUri": "L3N1YnNjcmlwdGlvbnMvY2NhMjRlYzgtOTliNS00YWE3LTlmZjYtNDg2ZTg4NmYzMDRjL3Jlc291cmNlZ3JvdXBzL3NxbC1hdWRpdC1jbWRsZXQtdGVzdC1yZzgwMS9kZXBsb3ltZW50cy9zcWwtYXVkaXQtdGVzdC1lbnYtc2V0dXA/YXBpLXZlcnNpb249MjAxNC0wNC0wMS1wcmV2aWV3",
      "RequestMethod": "PUT",
      "RequestBody": "{\r\n  \"properties\": {\r\n    \"template\": {\r\n      \"$schema\": \"http://schemas.management.azure.com/deploymentTemplate?api-version=2014-04-01-preview\",\r\n      \"contentVersion\": \"1.0.0.0\",\r\n      \"parameters\": {\r\n        \"administratorLogin\": {\r\n          \"type\": \"string\",\r\n          \"defaultValue\": \"testlogin\"\r\n        },\r\n        \"administratorLoginPassword\": {\r\n          \"type\": \"securestring\",\r\n          \"defaultValue\": \"testp@ssMakingIt1007Longer\"\r\n        },\r\n        \"collation\": {\r\n          \"type\": \"string\",\r\n          \"defaultValue\": \"SQL_Latin1_General_CP1_CI_AS\"\r\n        },\r\n        \"databaseName\": {\r\n          \"type\": \"string\"\r\n        },\r\n        \"edition\": {\r\n          \"type\": \"string\",\r\n          \"defaultValue\": \"Basic\"\r\n        },\r\n        \"configuredServiceLevelObjectiveId\": {\r\n          \"type\": \"string\",\r\n          \"defaultValue\": \"910b4fcb-8a29-4c3e-958f-f7ba794388b2\"\r\n        },\r\n        \"EnvLocation\": {\r\n          \"type\": \"string\"\r\n        },\r\n        \"serverName\": {\r\n          \"type\": \"string\"\r\n        }\r\n      },\r\n      \"resources\": [\r\n        {\r\n          \"apiVersion\": \"2.0\",\r\n          \"location\": \"[parameters('EnvLocation')]\",\r\n          \"name\": \"[parameters('serverName')]\",\r\n          \"properties\": {\r\n            \"administratorLogin\": \"[parameters('administratorLogin')]\",\r\n            \"administratorLoginPassword\": \"[parameters('administratorLoginPassword')]\"\r\n          },\r\n          \"resources\": [\r\n            {\r\n              \"apiVersion\": \"2.0\",\r\n              \"dependsOn\": [\r\n                \"[concat('Microsoft.Sql/servers/', parameters('serverName'))]\"\r\n              ],\r\n              \"location\": \"[parameters('EnvLocation')]\",\r\n              \"name\": \"[parameters('databaseName')]\",\r\n              \"properties\": {\r\n                \"collation\": \"[parameters('collation')]\",\r\n                \"edition\": \"[parameters('edition')]\",\r\n                \"maxSizeBytes\": \"1073741824\"\r\n              },\r\n              \"type\": \"databases\"\r\n            }\r\n          ],\r\n          \"type\": \"Microsoft.Sql/servers\"\r\n        }\r\n      ]\r\n    },\r\n    \"parameters\": {\r\n      \"databaseName\": {\r\n        \"value\": \"sql-audit-cmdlet-db801\"\r\n      },\r\n      \"serverName\": {\r\n        \"value\": \"sql-audit-cmdlet-server801\"\r\n      },\r\n      \"EnvLocation\": {\r\n        \"value\": \"West US\"\r\n      }\r\n    },\r\n    \"mode\": \"Incremental\"\r\n  }\r\n}",
      "RequestHeaders": {
        "Content-Type": [
          "application/json; charset=utf-8"
        ],
        "Content-Length": [
          "2360"
        ],
        "User-Agent": [
          "Microsoft.Azure.Management.Resources.ResourceManagementClient/2.0.0.0"
        ]
      },
      "ResponseBody": "{\r\n  \"id\": \"/subscriptions/cca24ec8-99b5-4aa7-9ff6-486e886f304c/resourceGroups/sql-audit-cmdlet-test-rg801/deployments/sql-audit-test-env-setup\",\r\n  \"name\": \"sql-audit-test-env-setup\",\r\n  \"properties\": {\r\n    \"parameters\": {\r\n      \"administratorLogin\": {\r\n        \"type\": \"String\",\r\n        \"value\": \"testlogin\"\r\n      },\r\n      \"administratorLoginPassword\": {\r\n        \"type\": \"SecureString\"\r\n      },\r\n      \"collation\": {\r\n        \"type\": \"String\",\r\n        \"value\": \"SQL_Latin1_General_CP1_CI_AS\"\r\n      },\r\n      \"databaseName\": {\r\n        \"type\": \"String\",\r\n        \"value\": \"sql-audit-cmdlet-db801\"\r\n      },\r\n      \"edition\": {\r\n        \"type\": \"String\",\r\n        \"value\": \"Basic\"\r\n      },\r\n      \"configuredServiceLevelObjectiveId\": {\r\n        \"type\": \"String\",\r\n        \"value\": \"910b4fcb-8a29-4c3e-958f-f7ba794388b2\"\r\n      },\r\n      \"envLocation\": {\r\n        \"type\": \"String\",\r\n        \"value\": \"West US\"\r\n      },\r\n      \"serverName\": {\r\n        \"type\": \"String\",\r\n        \"value\": \"sql-audit-cmdlet-server801\"\r\n      }\r\n    },\r\n    \"mode\": \"Incremental\",\r\n    \"provisioningState\": \"Accepted\",\r\n    \"timestamp\": \"2015-07-13T12:56:45.1676199Z\",\r\n    \"duration\": \"PT1.1990539S\",\r\n    \"correlationId\": \"ed822674-27da-4aab-9719-e6ff7a7bddd4\",\r\n    \"providers\": [\r\n      {\r\n        \"namespace\": \"Microsoft.Sql\",\r\n        \"resourceTypes\": [\r\n          {\r\n            \"resourceType\": \"servers\",\r\n            \"locations\": [\r\n              \"westus\"\r\n            ]\r\n          },\r\n          {\r\n            \"resourceType\": \"servers/databases\",\r\n            \"locations\": [\r\n              \"westus\"\r\n            ]\r\n          }\r\n        ]\r\n      }\r\n    ],\r\n    \"dependencies\": [\r\n      {\r\n        \"dependsOn\": [\r\n          {\r\n            \"id\": \"/subscriptions/cca24ec8-99b5-4aa7-9ff6-486e886f304c/resourceGroups/sql-audit-cmdlet-test-rg801/providers/Microsoft.Sql/servers/sql-audit-cmdlet-server801\",\r\n            \"resourceType\": \"Microsoft.Sql/servers\",\r\n            \"resourceName\": \"sql-audit-cmdlet-server801\"\r\n          }\r\n        ],\r\n        \"id\": \"/subscriptions/cca24ec8-99b5-4aa7-9ff6-486e886f304c/resourceGroups/sql-audit-cmdlet-test-rg801/providers/Microsoft.Sql/servers/sql-audit-cmdlet-server801/databases/sql-audit-cmdlet-db801\",\r\n        \"resourceType\": \"Microsoft.Sql/servers/databases\",\r\n        \"resourceName\": \"sql-audit-cmdlet-server801/sql-audit-cmdlet-db801\"\r\n      }\r\n    ]\r\n  }\r\n}",
      "ResponseHeaders": {
        "Content-Length": [
          "1651"
        ],
        "Content-Type": [
          "application/json; charset=utf-8"
        ],
        "Expires": [
          "-1"
        ],
        "Pragma": [
          "no-cache"
        ],
        "x-ms-ratelimit-remaining-subscription-writes": [
          "1176"
        ],
        "x-ms-request-id": [
          "ed822674-27da-4aab-9719-e6ff7a7bddd4"
        ],
        "x-ms-correlation-request-id": [
          "ed822674-27da-4aab-9719-e6ff7a7bddd4"
        ],
        "x-ms-routing-request-id": [
          "WESTEUROPE:20150713T125645Z:ed822674-27da-4aab-9719-e6ff7a7bddd4"
        ],
        "Strict-Transport-Security": [
          "max-age=31536000; includeSubDomains"
        ],
        "Cache-Control": [
          "no-cache"
        ],
        "Date": [
          "Mon, 13 Jul 2015 12:56:45 GMT"
        ]
      },
      "StatusCode": 201
    },
    {
      "RequestUri": "/subscriptions/cca24ec8-99b5-4aa7-9ff6-486e886f304c/resourcegroups/sql-audit-cmdlet-test-rg801/deployments/sql-audit-test-env-setup/operations?api-version=2014-04-01-preview",
      "EncodedRequestUri": "L3N1YnNjcmlwdGlvbnMvY2NhMjRlYzgtOTliNS00YWE3LTlmZjYtNDg2ZTg4NmYzMDRjL3Jlc291cmNlZ3JvdXBzL3NxbC1hdWRpdC1jbWRsZXQtdGVzdC1yZzgwMS9kZXBsb3ltZW50cy9zcWwtYXVkaXQtdGVzdC1lbnYtc2V0dXAvb3BlcmF0aW9ucz9hcGktdmVyc2lvbj0yMDE0LTA0LTAxLXByZXZpZXc=",
      "RequestMethod": "GET",
      "RequestBody": "",
      "RequestHeaders": {
        "User-Agent": [
          "Microsoft.Azure.Management.Resources.ResourceManagementClient/2.0.0.0"
        ]
      },
      "ResponseBody": "{\r\n  \"value\": []\r\n}",
      "ResponseHeaders": {
        "Content-Length": [
          "12"
        ],
        "Content-Type": [
          "application/json; charset=utf-8"
        ],
        "Expires": [
          "-1"
        ],
        "Pragma": [
          "no-cache"
        ],
        "x-ms-ratelimit-remaining-subscription-reads": [
          "14876"
        ],
        "x-ms-request-id": [
          "31690048-a252-416f-aecf-51682d7861b2"
        ],
        "x-ms-correlation-request-id": [
          "31690048-a252-416f-aecf-51682d7861b2"
        ],
        "x-ms-routing-request-id": [
          "WESTEUROPE:20150713T125646Z:31690048-a252-416f-aecf-51682d7861b2"
        ],
        "Strict-Transport-Security": [
          "max-age=31536000; includeSubDomains"
        ],
        "Cache-Control": [
          "no-cache"
        ],
        "Date": [
          "Mon, 13 Jul 2015 12:56:45 GMT"
        ]
      },
      "StatusCode": 200
    },
    {
      "RequestUri": "/subscriptions/cca24ec8-99b5-4aa7-9ff6-486e886f304c/resourcegroups/sql-audit-cmdlet-test-rg801/deployments/sql-audit-test-env-setup/operations?api-version=2014-04-01-preview",
      "EncodedRequestUri": "L3N1YnNjcmlwdGlvbnMvY2NhMjRlYzgtOTliNS00YWE3LTlmZjYtNDg2ZTg4NmYzMDRjL3Jlc291cmNlZ3JvdXBzL3NxbC1hdWRpdC1jbWRsZXQtdGVzdC1yZzgwMS9kZXBsb3ltZW50cy9zcWwtYXVkaXQtdGVzdC1lbnYtc2V0dXAvb3BlcmF0aW9ucz9hcGktdmVyc2lvbj0yMDE0LTA0LTAxLXByZXZpZXc=",
      "RequestMethod": "GET",
      "RequestBody": "",
      "RequestHeaders": {
        "User-Agent": [
          "Microsoft.Azure.Management.Resources.ResourceManagementClient/2.0.0.0"
        ]
      },
      "ResponseBody": "{\r\n  \"value\": []\r\n}",
      "ResponseHeaders": {
        "Content-Length": [
          "12"
        ],
        "Content-Type": [
          "application/json; charset=utf-8"
        ],
        "Expires": [
          "-1"
        ],
        "Pragma": [
          "no-cache"
        ],
        "x-ms-ratelimit-remaining-subscription-reads": [
          "14874"
        ],
        "x-ms-request-id": [
          "f78f16c2-1f3a-42a7-b6d5-317cc785e795"
        ],
        "x-ms-correlation-request-id": [
          "f78f16c2-1f3a-42a7-b6d5-317cc785e795"
        ],
        "x-ms-routing-request-id": [
          "WESTEUROPE:20150713T125649Z:f78f16c2-1f3a-42a7-b6d5-317cc785e795"
        ],
        "Strict-Transport-Security": [
          "max-age=31536000; includeSubDomains"
        ],
        "Cache-Control": [
          "no-cache"
        ],
        "Date": [
          "Mon, 13 Jul 2015 12:56:48 GMT"
        ]
      },
      "StatusCode": 200
    },
    {
      "RequestUri": "/subscriptions/cca24ec8-99b5-4aa7-9ff6-486e886f304c/resourcegroups/sql-audit-cmdlet-test-rg801/deployments/sql-audit-test-env-setup/operations?api-version=2014-04-01-preview",
      "EncodedRequestUri": "L3N1YnNjcmlwdGlvbnMvY2NhMjRlYzgtOTliNS00YWE3LTlmZjYtNDg2ZTg4NmYzMDRjL3Jlc291cmNlZ3JvdXBzL3NxbC1hdWRpdC1jbWRsZXQtdGVzdC1yZzgwMS9kZXBsb3ltZW50cy9zcWwtYXVkaXQtdGVzdC1lbnYtc2V0dXAvb3BlcmF0aW9ucz9hcGktdmVyc2lvbj0yMDE0LTA0LTAxLXByZXZpZXc=",
      "RequestMethod": "GET",
      "RequestBody": "",
      "RequestHeaders": {
        "User-Agent": [
          "Microsoft.Azure.Management.Resources.ResourceManagementClient/2.0.0.0"
        ]
      },
      "ResponseBody": "{\r\n  \"value\": []\r\n}",
      "ResponseHeaders": {
        "Content-Length": [
          "12"
        ],
        "Content-Type": [
          "application/json; charset=utf-8"
        ],
        "Expires": [
          "-1"
        ],
        "Pragma": [
          "no-cache"
        ],
        "x-ms-ratelimit-remaining-subscription-reads": [
          "14872"
        ],
        "x-ms-request-id": [
          "78238981-55e5-4f39-9d23-c82510e0d265"
        ],
        "x-ms-correlation-request-id": [
          "78238981-55e5-4f39-9d23-c82510e0d265"
        ],
        "x-ms-routing-request-id": [
          "WESTEUROPE:20150713T125652Z:78238981-55e5-4f39-9d23-c82510e0d265"
        ],
        "Strict-Transport-Security": [
          "max-age=31536000; includeSubDomains"
        ],
        "Cache-Control": [
          "no-cache"
        ],
        "Date": [
          "Mon, 13 Jul 2015 12:56:51 GMT"
        ]
      },
      "StatusCode": 200
    },
    {
      "RequestUri": "/subscriptions/cca24ec8-99b5-4aa7-9ff6-486e886f304c/resourcegroups/sql-audit-cmdlet-test-rg801/deployments/sql-audit-test-env-setup/operations?api-version=2014-04-01-preview",
      "EncodedRequestUri": "L3N1YnNjcmlwdGlvbnMvY2NhMjRlYzgtOTliNS00YWE3LTlmZjYtNDg2ZTg4NmYzMDRjL3Jlc291cmNlZ3JvdXBzL3NxbC1hdWRpdC1jbWRsZXQtdGVzdC1yZzgwMS9kZXBsb3ltZW50cy9zcWwtYXVkaXQtdGVzdC1lbnYtc2V0dXAvb3BlcmF0aW9ucz9hcGktdmVyc2lvbj0yMDE0LTA0LTAxLXByZXZpZXc=",
      "RequestMethod": "GET",
      "RequestBody": "",
      "RequestHeaders": {
        "User-Agent": [
          "Microsoft.Azure.Management.Resources.ResourceManagementClient/2.0.0.0"
        ]
      },
      "ResponseBody": "{\r\n  \"value\": []\r\n}",
      "ResponseHeaders": {
        "Content-Length": [
          "12"
        ],
        "Content-Type": [
          "application/json; charset=utf-8"
        ],
        "Expires": [
          "-1"
        ],
        "Pragma": [
          "no-cache"
        ],
        "x-ms-ratelimit-remaining-subscription-reads": [
          "14870"
        ],
        "x-ms-request-id": [
          "396265ed-65cc-4d3b-96f8-1db9d6cce263"
        ],
        "x-ms-correlation-request-id": [
          "396265ed-65cc-4d3b-96f8-1db9d6cce263"
        ],
        "x-ms-routing-request-id": [
          "WESTEUROPE:20150713T125655Z:396265ed-65cc-4d3b-96f8-1db9d6cce263"
        ],
        "Strict-Transport-Security": [
          "max-age=31536000; includeSubDomains"
        ],
        "Cache-Control": [
          "no-cache"
        ],
        "Date": [
          "Mon, 13 Jul 2015 12:56:54 GMT"
        ]
      },
      "StatusCode": 200
    },
    {
      "RequestUri": "/subscriptions/cca24ec8-99b5-4aa7-9ff6-486e886f304c/resourcegroups/sql-audit-cmdlet-test-rg801/deployments/sql-audit-test-env-setup/operations?api-version=2014-04-01-preview",
      "EncodedRequestUri": "L3N1YnNjcmlwdGlvbnMvY2NhMjRlYzgtOTliNS00YWE3LTlmZjYtNDg2ZTg4NmYzMDRjL3Jlc291cmNlZ3JvdXBzL3NxbC1hdWRpdC1jbWRsZXQtdGVzdC1yZzgwMS9kZXBsb3ltZW50cy9zcWwtYXVkaXQtdGVzdC1lbnYtc2V0dXAvb3BlcmF0aW9ucz9hcGktdmVyc2lvbj0yMDE0LTA0LTAxLXByZXZpZXc=",
      "RequestMethod": "GET",
      "RequestBody": "",
      "RequestHeaders": {
        "User-Agent": [
          "Microsoft.Azure.Management.Resources.ResourceManagementClient/2.0.0.0"
        ]
      },
      "ResponseBody": "{\r\n  \"value\": []\r\n}",
      "ResponseHeaders": {
        "Content-Length": [
          "12"
        ],
        "Content-Type": [
          "application/json; charset=utf-8"
        ],
        "Expires": [
          "-1"
        ],
        "Pragma": [
          "no-cache"
        ],
        "x-ms-ratelimit-remaining-subscription-reads": [
          "14868"
        ],
        "x-ms-request-id": [
          "f5f4bdf9-97a8-4161-b717-1c550a2e3719"
        ],
        "x-ms-correlation-request-id": [
          "f5f4bdf9-97a8-4161-b717-1c550a2e3719"
        ],
        "x-ms-routing-request-id": [
          "WESTEUROPE:20150713T125658Z:f5f4bdf9-97a8-4161-b717-1c550a2e3719"
        ],
        "Strict-Transport-Security": [
          "max-age=31536000; includeSubDomains"
        ],
        "Cache-Control": [
          "no-cache"
        ],
        "Date": [
          "Mon, 13 Jul 2015 12:56:57 GMT"
        ]
      },
      "StatusCode": 200
    },
    {
      "RequestUri": "/subscriptions/cca24ec8-99b5-4aa7-9ff6-486e886f304c/resourcegroups/sql-audit-cmdlet-test-rg801/deployments/sql-audit-test-env-setup/operations?api-version=2014-04-01-preview",
      "EncodedRequestUri": "L3N1YnNjcmlwdGlvbnMvY2NhMjRlYzgtOTliNS00YWE3LTlmZjYtNDg2ZTg4NmYzMDRjL3Jlc291cmNlZ3JvdXBzL3NxbC1hdWRpdC1jbWRsZXQtdGVzdC1yZzgwMS9kZXBsb3ltZW50cy9zcWwtYXVkaXQtdGVzdC1lbnYtc2V0dXAvb3BlcmF0aW9ucz9hcGktdmVyc2lvbj0yMDE0LTA0LTAxLXByZXZpZXc=",
      "RequestMethod": "GET",
      "RequestBody": "",
      "RequestHeaders": {
        "User-Agent": [
          "Microsoft.Azure.Management.Resources.ResourceManagementClient/2.0.0.0"
        ]
      },
      "ResponseBody": "{\r\n  \"value\": [\r\n    {\r\n      \"id\": \"/subscriptions/cca24ec8-99b5-4aa7-9ff6-486e886f304c/resourceGroups/sql-audit-cmdlet-test-rg801/deployments/sql-audit-test-env-setup/operations/BC8F02D5C0856B66\",\r\n      \"operationId\": \"BC8F02D5C0856B66\",\r\n      \"properties\": {\r\n        \"provisioningState\": \"Succeeded\",\r\n        \"timestamp\": \"2015-07-13T12:56:59.4499546Z\",\r\n        \"duration\": \"PT12.6100292S\",\r\n        \"trackingId\": \"00a98ae2-643b-439f-b0fe-fa9b60d8e2e4\",\r\n        \"statusCode\": \"Created\",\r\n        \"targetResource\": {\r\n          \"id\": \"/subscriptions/cca24ec8-99b5-4aa7-9ff6-486e886f304c/resourceGroups/sql-audit-cmdlet-test-rg801/providers/Microsoft.Sql/servers/sql-audit-cmdlet-server801\",\r\n          \"resourceType\": \"Microsoft.Sql/servers\",\r\n          \"resourceName\": \"sql-audit-cmdlet-server801\"\r\n        }\r\n      }\r\n    }\r\n  ]\r\n}",
      "ResponseHeaders": {
        "Content-Length": [
          "668"
        ],
        "Content-Type": [
          "application/json; charset=utf-8"
        ],
        "Expires": [
          "-1"
        ],
        "Pragma": [
          "no-cache"
        ],
        "x-ms-ratelimit-remaining-subscription-reads": [
          "14865"
        ],
        "x-ms-request-id": [
          "ba35aba0-d23c-4361-ba94-815019231b9a"
        ],
        "x-ms-correlation-request-id": [
          "ba35aba0-d23c-4361-ba94-815019231b9a"
        ],
        "x-ms-routing-request-id": [
          "WESTEUROPE:20150713T125701Z:ba35aba0-d23c-4361-ba94-815019231b9a"
        ],
        "Strict-Transport-Security": [
          "max-age=31536000; includeSubDomains"
        ],
        "Cache-Control": [
          "no-cache"
        ],
        "Date": [
          "Mon, 13 Jul 2015 12:57:00 GMT"
        ]
      },
      "StatusCode": 200
    },
    {
      "RequestUri": "/subscriptions/cca24ec8-99b5-4aa7-9ff6-486e886f304c/resourcegroups/sql-audit-cmdlet-test-rg801/deployments/sql-audit-test-env-setup/operations?api-version=2014-04-01-preview",
      "EncodedRequestUri": "L3N1YnNjcmlwdGlvbnMvY2NhMjRlYzgtOTliNS00YWE3LTlmZjYtNDg2ZTg4NmYzMDRjL3Jlc291cmNlZ3JvdXBzL3NxbC1hdWRpdC1jbWRsZXQtdGVzdC1yZzgwMS9kZXBsb3ltZW50cy9zcWwtYXVkaXQtdGVzdC1lbnYtc2V0dXAvb3BlcmF0aW9ucz9hcGktdmVyc2lvbj0yMDE0LTA0LTAxLXByZXZpZXc=",
      "RequestMethod": "GET",
      "RequestBody": "",
      "RequestHeaders": {
        "User-Agent": [
          "Microsoft.Azure.Management.Resources.ResourceManagementClient/2.0.0.0"
        ]
      },
      "ResponseBody": "{\r\n  \"value\": [\r\n    {\r\n      \"id\": \"/subscriptions/cca24ec8-99b5-4aa7-9ff6-486e886f304c/resourceGroups/sql-audit-cmdlet-test-rg801/deployments/sql-audit-test-env-setup/operations/BC8F02D5C0856B66\",\r\n      \"operationId\": \"BC8F02D5C0856B66\",\r\n      \"properties\": {\r\n        \"provisioningState\": \"Succeeded\",\r\n        \"timestamp\": \"2015-07-13T12:56:59.4499546Z\",\r\n        \"duration\": \"PT12.6100292S\",\r\n        \"trackingId\": \"00a98ae2-643b-439f-b0fe-fa9b60d8e2e4\",\r\n        \"statusCode\": \"Created\",\r\n        \"targetResource\": {\r\n          \"id\": \"/subscriptions/cca24ec8-99b5-4aa7-9ff6-486e886f304c/resourceGroups/sql-audit-cmdlet-test-rg801/providers/Microsoft.Sql/servers/sql-audit-cmdlet-server801\",\r\n          \"resourceType\": \"Microsoft.Sql/servers\",\r\n          \"resourceName\": \"sql-audit-cmdlet-server801\"\r\n        }\r\n      }\r\n    }\r\n  ]\r\n}",
      "ResponseHeaders": {
        "Content-Length": [
          "668"
        ],
        "Content-Type": [
          "application/json; charset=utf-8"
        ],
        "Expires": [
          "-1"
        ],
        "Pragma": [
          "no-cache"
        ],
        "x-ms-ratelimit-remaining-subscription-reads": [
          "14863"
        ],
        "x-ms-request-id": [
          "d5d89dd2-ceb3-4d8f-a66f-85ccbdf47ea4"
        ],
        "x-ms-correlation-request-id": [
          "d5d89dd2-ceb3-4d8f-a66f-85ccbdf47ea4"
        ],
        "x-ms-routing-request-id": [
          "WESTEUROPE:20150713T125704Z:d5d89dd2-ceb3-4d8f-a66f-85ccbdf47ea4"
        ],
        "Strict-Transport-Security": [
          "max-age=31536000; includeSubDomains"
        ],
        "Cache-Control": [
          "no-cache"
        ],
        "Date": [
          "Mon, 13 Jul 2015 12:57:03 GMT"
        ]
      },
      "StatusCode": 200
    },
    {
      "RequestUri": "/subscriptions/cca24ec8-99b5-4aa7-9ff6-486e886f304c/resourcegroups/sql-audit-cmdlet-test-rg801/deployments/sql-audit-test-env-setup/operations?api-version=2014-04-01-preview",
      "EncodedRequestUri": "L3N1YnNjcmlwdGlvbnMvY2NhMjRlYzgtOTliNS00YWE3LTlmZjYtNDg2ZTg4NmYzMDRjL3Jlc291cmNlZ3JvdXBzL3NxbC1hdWRpdC1jbWRsZXQtdGVzdC1yZzgwMS9kZXBsb3ltZW50cy9zcWwtYXVkaXQtdGVzdC1lbnYtc2V0dXAvb3BlcmF0aW9ucz9hcGktdmVyc2lvbj0yMDE0LTA0LTAxLXByZXZpZXc=",
      "RequestMethod": "GET",
      "RequestBody": "",
      "RequestHeaders": {
        "User-Agent": [
          "Microsoft.Azure.Management.Resources.ResourceManagementClient/2.0.0.0"
        ]
      },
      "ResponseBody": "{\r\n  \"value\": [\r\n    {\r\n      \"id\": \"/subscriptions/cca24ec8-99b5-4aa7-9ff6-486e886f304c/resourceGroups/sql-audit-cmdlet-test-rg801/deployments/sql-audit-test-env-setup/operations/BC8F02D5C0856B66\",\r\n      \"operationId\": \"BC8F02D5C0856B66\",\r\n      \"properties\": {\r\n        \"provisioningState\": \"Succeeded\",\r\n        \"timestamp\": \"2015-07-13T12:56:59.4499546Z\",\r\n        \"duration\": \"PT12.6100292S\",\r\n        \"trackingId\": \"00a98ae2-643b-439f-b0fe-fa9b60d8e2e4\",\r\n        \"statusCode\": \"Created\",\r\n        \"targetResource\": {\r\n          \"id\": \"/subscriptions/cca24ec8-99b5-4aa7-9ff6-486e886f304c/resourceGroups/sql-audit-cmdlet-test-rg801/providers/Microsoft.Sql/servers/sql-audit-cmdlet-server801\",\r\n          \"resourceType\": \"Microsoft.Sql/servers\",\r\n          \"resourceName\": \"sql-audit-cmdlet-server801\"\r\n        }\r\n      }\r\n    }\r\n  ]\r\n}",
      "ResponseHeaders": {
        "Content-Length": [
          "668"
        ],
        "Content-Type": [
          "application/json; charset=utf-8"
        ],
        "Expires": [
          "-1"
        ],
        "Pragma": [
          "no-cache"
        ],
        "x-ms-ratelimit-remaining-subscription-reads": [
          "14861"
        ],
        "x-ms-request-id": [
          "32f1074c-9f8b-468f-8345-b51060bca689"
        ],
        "x-ms-correlation-request-id": [
          "32f1074c-9f8b-468f-8345-b51060bca689"
        ],
        "x-ms-routing-request-id": [
          "WESTEUROPE:20150713T125707Z:32f1074c-9f8b-468f-8345-b51060bca689"
        ],
        "Strict-Transport-Security": [
          "max-age=31536000; includeSubDomains"
        ],
        "Cache-Control": [
          "no-cache"
        ],
        "Date": [
          "Mon, 13 Jul 2015 12:57:06 GMT"
        ]
      },
      "StatusCode": 200
    },
    {
      "RequestUri": "/subscriptions/cca24ec8-99b5-4aa7-9ff6-486e886f304c/resourcegroups/sql-audit-cmdlet-test-rg801/deployments/sql-audit-test-env-setup/operations?api-version=2014-04-01-preview",
      "EncodedRequestUri": "L3N1YnNjcmlwdGlvbnMvY2NhMjRlYzgtOTliNS00YWE3LTlmZjYtNDg2ZTg4NmYzMDRjL3Jlc291cmNlZ3JvdXBzL3NxbC1hdWRpdC1jbWRsZXQtdGVzdC1yZzgwMS9kZXBsb3ltZW50cy9zcWwtYXVkaXQtdGVzdC1lbnYtc2V0dXAvb3BlcmF0aW9ucz9hcGktdmVyc2lvbj0yMDE0LTA0LTAxLXByZXZpZXc=",
      "RequestMethod": "GET",
      "RequestBody": "",
      "RequestHeaders": {
        "User-Agent": [
          "Microsoft.Azure.Management.Resources.ResourceManagementClient/2.0.0.0"
        ]
      },
      "ResponseBody": "{\r\n  \"value\": [\r\n    {\r\n      \"id\": \"/subscriptions/cca24ec8-99b5-4aa7-9ff6-486e886f304c/resourceGroups/sql-audit-cmdlet-test-rg801/deployments/sql-audit-test-env-setup/operations/950B6A4B4675DD5F\",\r\n      \"operationId\": \"950B6A4B4675DD5F\",\r\n      \"properties\": {\r\n        \"provisioningState\": \"Succeeded\",\r\n        \"timestamp\": \"2015-07-13T12:57:08.3732524Z\",\r\n        \"duration\": \"PT7.9314995S\",\r\n        \"trackingId\": \"42a535eb-03d8-45b6-950e-530a884b188d\",\r\n        \"statusCode\": \"Created\",\r\n        \"targetResource\": {\r\n          \"id\": \"/subscriptions/cca24ec8-99b5-4aa7-9ff6-486e886f304c/resourceGroups/sql-audit-cmdlet-test-rg801/providers/Microsoft.Sql/servers/sql-audit-cmdlet-server801/databases/sql-audit-cmdlet-db801\",\r\n          \"resourceType\": \"Microsoft.Sql/servers/databases\",\r\n          \"resourceName\": \"sql-audit-cmdlet-server801/sql-audit-cmdlet-db801\"\r\n        }\r\n      }\r\n    },\r\n    {\r\n      \"id\": \"/subscriptions/cca24ec8-99b5-4aa7-9ff6-486e886f304c/resourceGroups/sql-audit-cmdlet-test-rg801/deployments/sql-audit-test-env-setup/operations/BC8F02D5C0856B66\",\r\n      \"operationId\": \"BC8F02D5C0856B66\",\r\n      \"properties\": {\r\n        \"provisioningState\": \"Succeeded\",\r\n        \"timestamp\": \"2015-07-13T12:56:59.4499546Z\",\r\n        \"duration\": \"PT12.6100292S\",\r\n        \"trackingId\": \"00a98ae2-643b-439f-b0fe-fa9b60d8e2e4\",\r\n        \"statusCode\": \"Created\",\r\n        \"targetResource\": {\r\n          \"id\": \"/subscriptions/cca24ec8-99b5-4aa7-9ff6-486e886f304c/resourceGroups/sql-audit-cmdlet-test-rg801/providers/Microsoft.Sql/servers/sql-audit-cmdlet-server801\",\r\n          \"resourceType\": \"Microsoft.Sql/servers\",\r\n          \"resourceName\": \"sql-audit-cmdlet-server801\"\r\n        }\r\n      }\r\n    }\r\n  ]\r\n}",
      "ResponseHeaders": {
        "Content-Length": [
          "1390"
        ],
        "Content-Type": [
          "application/json; charset=utf-8"
        ],
        "Expires": [
          "-1"
        ],
        "Pragma": [
          "no-cache"
        ],
        "x-ms-ratelimit-remaining-subscription-reads": [
          "14859"
        ],
        "x-ms-request-id": [
          "da058c44-5443-4769-9fa6-74181e456c46"
        ],
        "x-ms-correlation-request-id": [
          "da058c44-5443-4769-9fa6-74181e456c46"
        ],
        "x-ms-routing-request-id": [
          "WESTEUROPE:20150713T125710Z:da058c44-5443-4769-9fa6-74181e456c46"
        ],
        "Strict-Transport-Security": [
          "max-age=31536000; includeSubDomains"
        ],
        "Cache-Control": [
          "no-cache"
        ],
        "Date": [
          "Mon, 13 Jul 2015 12:57:10 GMT"
        ]
      },
      "StatusCode": 200
    },
    {
      "RequestUri": "/subscriptions/cca24ec8-99b5-4aa7-9ff6-486e886f304c/resourcegroups/sql-audit-cmdlet-test-rg801/deployments/sql-audit-test-env-setup/operations?api-version=2014-04-01-preview",
      "EncodedRequestUri": "L3N1YnNjcmlwdGlvbnMvY2NhMjRlYzgtOTliNS00YWE3LTlmZjYtNDg2ZTg4NmYzMDRjL3Jlc291cmNlZ3JvdXBzL3NxbC1hdWRpdC1jbWRsZXQtdGVzdC1yZzgwMS9kZXBsb3ltZW50cy9zcWwtYXVkaXQtdGVzdC1lbnYtc2V0dXAvb3BlcmF0aW9ucz9hcGktdmVyc2lvbj0yMDE0LTA0LTAxLXByZXZpZXc=",
      "RequestMethod": "GET",
      "RequestBody": "",
      "RequestHeaders": {
        "User-Agent": [
          "Microsoft.Azure.Management.Resources.ResourceManagementClient/2.0.0.0"
        ]
      },
      "ResponseBody": "{\r\n  \"value\": [\r\n    {\r\n      \"id\": \"/subscriptions/cca24ec8-99b5-4aa7-9ff6-486e886f304c/resourceGroups/sql-audit-cmdlet-test-rg801/deployments/sql-audit-test-env-setup/operations/950B6A4B4675DD5F\",\r\n      \"operationId\": \"950B6A4B4675DD5F\",\r\n      \"properties\": {\r\n        \"provisioningState\": \"Succeeded\",\r\n        \"timestamp\": \"2015-07-13T12:57:08.3732524Z\",\r\n        \"duration\": \"PT7.9314995S\",\r\n        \"trackingId\": \"42a535eb-03d8-45b6-950e-530a884b188d\",\r\n        \"statusCode\": \"Created\",\r\n        \"targetResource\": {\r\n          \"id\": \"/subscriptions/cca24ec8-99b5-4aa7-9ff6-486e886f304c/resourceGroups/sql-audit-cmdlet-test-rg801/providers/Microsoft.Sql/servers/sql-audit-cmdlet-server801/databases/sql-audit-cmdlet-db801\",\r\n          \"resourceType\": \"Microsoft.Sql/servers/databases\",\r\n          \"resourceName\": \"sql-audit-cmdlet-server801/sql-audit-cmdlet-db801\"\r\n        }\r\n      }\r\n    },\r\n    {\r\n      \"id\": \"/subscriptions/cca24ec8-99b5-4aa7-9ff6-486e886f304c/resourceGroups/sql-audit-cmdlet-test-rg801/deployments/sql-audit-test-env-setup/operations/BC8F02D5C0856B66\",\r\n      \"operationId\": \"BC8F02D5C0856B66\",\r\n      \"properties\": {\r\n        \"provisioningState\": \"Succeeded\",\r\n        \"timestamp\": \"2015-07-13T12:56:59.4499546Z\",\r\n        \"duration\": \"PT12.6100292S\",\r\n        \"trackingId\": \"00a98ae2-643b-439f-b0fe-fa9b60d8e2e4\",\r\n        \"statusCode\": \"Created\",\r\n        \"targetResource\": {\r\n          \"id\": \"/subscriptions/cca24ec8-99b5-4aa7-9ff6-486e886f304c/resourceGroups/sql-audit-cmdlet-test-rg801/providers/Microsoft.Sql/servers/sql-audit-cmdlet-server801\",\r\n          \"resourceType\": \"Microsoft.Sql/servers\",\r\n          \"resourceName\": \"sql-audit-cmdlet-server801\"\r\n        }\r\n      }\r\n    }\r\n  ]\r\n}",
      "ResponseHeaders": {
        "Content-Length": [
          "1390"
        ],
        "Content-Type": [
          "application/json; charset=utf-8"
        ],
        "Expires": [
          "-1"
        ],
        "Pragma": [
          "no-cache"
        ],
        "x-ms-ratelimit-remaining-subscription-reads": [
          "14856"
        ],
        "x-ms-request-id": [
          "1bcb8a1e-92bd-4919-bbcc-b4f4aab5ae25"
        ],
        "x-ms-correlation-request-id": [
          "1bcb8a1e-92bd-4919-bbcc-b4f4aab5ae25"
        ],
        "x-ms-routing-request-id": [
          "WESTEUROPE:20150713T125713Z:1bcb8a1e-92bd-4919-bbcc-b4f4aab5ae25"
        ],
        "Strict-Transport-Security": [
          "max-age=31536000; includeSubDomains"
        ],
        "Cache-Control": [
          "no-cache"
        ],
        "Date": [
          "Mon, 13 Jul 2015 12:57:13 GMT"
        ]
      },
      "StatusCode": 200
    },
    {
      "RequestUri": "/subscriptions/cca24ec8-99b5-4aa7-9ff6-486e886f304c/resourcegroups/sql-audit-cmdlet-test-rg801/deployments/sql-audit-test-env-setup?api-version=2014-04-01-preview",
      "EncodedRequestUri": "L3N1YnNjcmlwdGlvbnMvY2NhMjRlYzgtOTliNS00YWE3LTlmZjYtNDg2ZTg4NmYzMDRjL3Jlc291cmNlZ3JvdXBzL3NxbC1hdWRpdC1jbWRsZXQtdGVzdC1yZzgwMS9kZXBsb3ltZW50cy9zcWwtYXVkaXQtdGVzdC1lbnYtc2V0dXA/YXBpLXZlcnNpb249MjAxNC0wNC0wMS1wcmV2aWV3",
      "RequestMethod": "GET",
      "RequestBody": "",
      "RequestHeaders": {
        "User-Agent": [
          "Microsoft.Azure.Management.Resources.ResourceManagementClient/2.0.0.0"
        ]
      },
      "ResponseBody": "{\r\n  \"id\": \"/subscriptions/cca24ec8-99b5-4aa7-9ff6-486e886f304c/resourceGroups/sql-audit-cmdlet-test-rg801/deployments/sql-audit-test-env-setup\",\r\n  \"name\": \"sql-audit-test-env-setup\",\r\n  \"properties\": {\r\n    \"parameters\": {\r\n      \"administratorLogin\": {\r\n        \"type\": \"String\",\r\n        \"value\": \"testlogin\"\r\n      },\r\n      \"administratorLoginPassword\": {\r\n        \"type\": \"SecureString\"\r\n      },\r\n      \"collation\": {\r\n        \"type\": \"String\",\r\n        \"value\": \"SQL_Latin1_General_CP1_CI_AS\"\r\n      },\r\n      \"databaseName\": {\r\n        \"type\": \"String\",\r\n        \"value\": \"sql-audit-cmdlet-db801\"\r\n      },\r\n      \"edition\": {\r\n        \"type\": \"String\",\r\n        \"value\": \"Basic\"\r\n      },\r\n      \"configuredServiceLevelObjectiveId\": {\r\n        \"type\": \"String\",\r\n        \"value\": \"910b4fcb-8a29-4c3e-958f-f7ba794388b2\"\r\n      },\r\n      \"envLocation\": {\r\n        \"type\": \"String\",\r\n        \"value\": \"West US\"\r\n      },\r\n      \"serverName\": {\r\n        \"type\": \"String\",\r\n        \"value\": \"sql-audit-cmdlet-server801\"\r\n      }\r\n    },\r\n    \"mode\": \"Incremental\",\r\n    \"provisioningState\": \"Accepted\",\r\n    \"timestamp\": \"2015-07-13T12:56:45.1676199Z\",\r\n    \"duration\": \"PT1.1990539S\",\r\n    \"correlationId\": \"ed822674-27da-4aab-9719-e6ff7a7bddd4\",\r\n    \"providers\": [\r\n      {\r\n        \"namespace\": \"Microsoft.Sql\",\r\n        \"resourceTypes\": [\r\n          {\r\n            \"resourceType\": \"servers\",\r\n            \"locations\": [\r\n              \"westus\"\r\n            ]\r\n          },\r\n          {\r\n            \"resourceType\": \"servers/databases\",\r\n            \"locations\": [\r\n              \"westus\"\r\n            ]\r\n          }\r\n        ]\r\n      }\r\n    ],\r\n    \"dependencies\": [\r\n      {\r\n        \"dependsOn\": [\r\n          {\r\n            \"id\": \"/subscriptions/cca24ec8-99b5-4aa7-9ff6-486e886f304c/resourceGroups/sql-audit-cmdlet-test-rg801/providers/Microsoft.Sql/servers/sql-audit-cmdlet-server801\",\r\n            \"resourceType\": \"Microsoft.Sql/servers\",\r\n            \"resourceName\": \"sql-audit-cmdlet-server801\"\r\n          }\r\n        ],\r\n        \"id\": \"/subscriptions/cca24ec8-99b5-4aa7-9ff6-486e886f304c/resourceGroups/sql-audit-cmdlet-test-rg801/providers/Microsoft.Sql/servers/sql-audit-cmdlet-server801/databases/sql-audit-cmdlet-db801\",\r\n        \"resourceType\": \"Microsoft.Sql/servers/databases\",\r\n        \"resourceName\": \"sql-audit-cmdlet-server801/sql-audit-cmdlet-db801\"\r\n      }\r\n    ]\r\n  }\r\n}",
      "ResponseHeaders": {
        "Content-Length": [
          "1651"
        ],
        "Content-Type": [
          "application/json; charset=utf-8"
        ],
        "Expires": [
          "-1"
        ],
        "Pragma": [
          "no-cache"
        ],
        "x-ms-ratelimit-remaining-subscription-reads": [
          "14875"
        ],
        "x-ms-request-id": [
          "619e88a8-66ac-4558-97df-555511dd8663"
        ],
        "x-ms-correlation-request-id": [
          "619e88a8-66ac-4558-97df-555511dd8663"
        ],
        "x-ms-routing-request-id": [
          "WESTEUROPE:20150713T125646Z:619e88a8-66ac-4558-97df-555511dd8663"
        ],
        "Strict-Transport-Security": [
          "max-age=31536000; includeSubDomains"
        ],
        "Cache-Control": [
          "no-cache"
        ],
        "Date": [
          "Mon, 13 Jul 2015 12:56:46 GMT"
        ]
      },
      "StatusCode": 200
    },
    {
      "RequestUri": "/subscriptions/cca24ec8-99b5-4aa7-9ff6-486e886f304c/resourcegroups/sql-audit-cmdlet-test-rg801/deployments/sql-audit-test-env-setup?api-version=2014-04-01-preview",
      "EncodedRequestUri": "L3N1YnNjcmlwdGlvbnMvY2NhMjRlYzgtOTliNS00YWE3LTlmZjYtNDg2ZTg4NmYzMDRjL3Jlc291cmNlZ3JvdXBzL3NxbC1hdWRpdC1jbWRsZXQtdGVzdC1yZzgwMS9kZXBsb3ltZW50cy9zcWwtYXVkaXQtdGVzdC1lbnYtc2V0dXA/YXBpLXZlcnNpb249MjAxNC0wNC0wMS1wcmV2aWV3",
      "RequestMethod": "GET",
      "RequestBody": "",
      "RequestHeaders": {
        "User-Agent": [
          "Microsoft.Azure.Management.Resources.ResourceManagementClient/2.0.0.0"
        ]
      },
      "ResponseBody": "{\r\n  \"id\": \"/subscriptions/cca24ec8-99b5-4aa7-9ff6-486e886f304c/resourceGroups/sql-audit-cmdlet-test-rg801/deployments/sql-audit-test-env-setup\",\r\n  \"name\": \"sql-audit-test-env-setup\",\r\n  \"properties\": {\r\n    \"parameters\": {\r\n      \"administratorLogin\": {\r\n        \"type\": \"String\",\r\n        \"value\": \"testlogin\"\r\n      },\r\n      \"administratorLoginPassword\": {\r\n        \"type\": \"SecureString\"\r\n      },\r\n      \"collation\": {\r\n        \"type\": \"String\",\r\n        \"value\": \"SQL_Latin1_General_CP1_CI_AS\"\r\n      },\r\n      \"databaseName\": {\r\n        \"type\": \"String\",\r\n        \"value\": \"sql-audit-cmdlet-db801\"\r\n      },\r\n      \"edition\": {\r\n        \"type\": \"String\",\r\n        \"value\": \"Basic\"\r\n      },\r\n      \"configuredServiceLevelObjectiveId\": {\r\n        \"type\": \"String\",\r\n        \"value\": \"910b4fcb-8a29-4c3e-958f-f7ba794388b2\"\r\n      },\r\n      \"envLocation\": {\r\n        \"type\": \"String\",\r\n        \"value\": \"West US\"\r\n      },\r\n      \"serverName\": {\r\n        \"type\": \"String\",\r\n        \"value\": \"sql-audit-cmdlet-server801\"\r\n      }\r\n    },\r\n    \"mode\": \"Incremental\",\r\n    \"provisioningState\": \"Running\",\r\n    \"timestamp\": \"2015-07-13T12:56:46.6950201Z\",\r\n    \"duration\": \"PT2.7264541S\",\r\n    \"correlationId\": \"ed822674-27da-4aab-9719-e6ff7a7bddd4\",\r\n    \"providers\": [\r\n      {\r\n        \"namespace\": \"Microsoft.Sql\",\r\n        \"resourceTypes\": [\r\n          {\r\n            \"resourceType\": \"servers\",\r\n            \"locations\": [\r\n              \"westus\"\r\n            ]\r\n          },\r\n          {\r\n            \"resourceType\": \"servers/databases\",\r\n            \"locations\": [\r\n              \"westus\"\r\n            ]\r\n          }\r\n        ]\r\n      }\r\n    ],\r\n    \"dependencies\": [\r\n      {\r\n        \"dependsOn\": [\r\n          {\r\n            \"id\": \"/subscriptions/cca24ec8-99b5-4aa7-9ff6-486e886f304c/resourceGroups/sql-audit-cmdlet-test-rg801/providers/Microsoft.Sql/servers/sql-audit-cmdlet-server801\",\r\n            \"resourceType\": \"Microsoft.Sql/servers\",\r\n            \"resourceName\": \"sql-audit-cmdlet-server801\"\r\n          }\r\n        ],\r\n        \"id\": \"/subscriptions/cca24ec8-99b5-4aa7-9ff6-486e886f304c/resourceGroups/sql-audit-cmdlet-test-rg801/providers/Microsoft.Sql/servers/sql-audit-cmdlet-server801/databases/sql-audit-cmdlet-db801\",\r\n        \"resourceType\": \"Microsoft.Sql/servers/databases\",\r\n        \"resourceName\": \"sql-audit-cmdlet-server801/sql-audit-cmdlet-db801\"\r\n      }\r\n    ]\r\n  }\r\n}",
      "ResponseHeaders": {
        "Content-Length": [
          "1650"
        ],
        "Content-Type": [
          "application/json; charset=utf-8"
        ],
        "Expires": [
          "-1"
        ],
        "Pragma": [
          "no-cache"
        ],
        "x-ms-ratelimit-remaining-subscription-reads": [
          "14873"
        ],
        "x-ms-request-id": [
          "d20ca69a-e0d9-4395-a094-b5c7830d27ad"
        ],
        "x-ms-correlation-request-id": [
          "d20ca69a-e0d9-4395-a094-b5c7830d27ad"
        ],
        "x-ms-routing-request-id": [
          "WESTEUROPE:20150713T125649Z:d20ca69a-e0d9-4395-a094-b5c7830d27ad"
        ],
        "Strict-Transport-Security": [
          "max-age=31536000; includeSubDomains"
        ],
        "Cache-Control": [
          "no-cache"
        ],
        "Date": [
          "Mon, 13 Jul 2015 12:56:48 GMT"
        ]
      },
      "StatusCode": 200
    },
    {
      "RequestUri": "/subscriptions/cca24ec8-99b5-4aa7-9ff6-486e886f304c/resourcegroups/sql-audit-cmdlet-test-rg801/deployments/sql-audit-test-env-setup?api-version=2014-04-01-preview",
      "EncodedRequestUri": "L3N1YnNjcmlwdGlvbnMvY2NhMjRlYzgtOTliNS00YWE3LTlmZjYtNDg2ZTg4NmYzMDRjL3Jlc291cmNlZ3JvdXBzL3NxbC1hdWRpdC1jbWRsZXQtdGVzdC1yZzgwMS9kZXBsb3ltZW50cy9zcWwtYXVkaXQtdGVzdC1lbnYtc2V0dXA/YXBpLXZlcnNpb249MjAxNC0wNC0wMS1wcmV2aWV3",
      "RequestMethod": "GET",
      "RequestBody": "",
      "RequestHeaders": {
        "User-Agent": [
          "Microsoft.Azure.Management.Resources.ResourceManagementClient/2.0.0.0"
        ]
      },
      "ResponseBody": "{\r\n  \"id\": \"/subscriptions/cca24ec8-99b5-4aa7-9ff6-486e886f304c/resourceGroups/sql-audit-cmdlet-test-rg801/deployments/sql-audit-test-env-setup\",\r\n  \"name\": \"sql-audit-test-env-setup\",\r\n  \"properties\": {\r\n    \"parameters\": {\r\n      \"administratorLogin\": {\r\n        \"type\": \"String\",\r\n        \"value\": \"testlogin\"\r\n      },\r\n      \"administratorLoginPassword\": {\r\n        \"type\": \"SecureString\"\r\n      },\r\n      \"collation\": {\r\n        \"type\": \"String\",\r\n        \"value\": \"SQL_Latin1_General_CP1_CI_AS\"\r\n      },\r\n      \"databaseName\": {\r\n        \"type\": \"String\",\r\n        \"value\": \"sql-audit-cmdlet-db801\"\r\n      },\r\n      \"edition\": {\r\n        \"type\": \"String\",\r\n        \"value\": \"Basic\"\r\n      },\r\n      \"configuredServiceLevelObjectiveId\": {\r\n        \"type\": \"String\",\r\n        \"value\": \"910b4fcb-8a29-4c3e-958f-f7ba794388b2\"\r\n      },\r\n      \"envLocation\": {\r\n        \"type\": \"String\",\r\n        \"value\": \"West US\"\r\n      },\r\n      \"serverName\": {\r\n        \"type\": \"String\",\r\n        \"value\": \"sql-audit-cmdlet-server801\"\r\n      }\r\n    },\r\n    \"mode\": \"Incremental\",\r\n    \"provisioningState\": \"Running\",\r\n    \"timestamp\": \"2015-07-13T12:56:46.6950201Z\",\r\n    \"duration\": \"PT2.7264541S\",\r\n    \"correlationId\": \"ed822674-27da-4aab-9719-e6ff7a7bddd4\",\r\n    \"providers\": [\r\n      {\r\n        \"namespace\": \"Microsoft.Sql\",\r\n        \"resourceTypes\": [\r\n          {\r\n            \"resourceType\": \"servers\",\r\n            \"locations\": [\r\n              \"westus\"\r\n            ]\r\n          },\r\n          {\r\n            \"resourceType\": \"servers/databases\",\r\n            \"locations\": [\r\n              \"westus\"\r\n            ]\r\n          }\r\n        ]\r\n      }\r\n    ],\r\n    \"dependencies\": [\r\n      {\r\n        \"dependsOn\": [\r\n          {\r\n            \"id\": \"/subscriptions/cca24ec8-99b5-4aa7-9ff6-486e886f304c/resourceGroups/sql-audit-cmdlet-test-rg801/providers/Microsoft.Sql/servers/sql-audit-cmdlet-server801\",\r\n            \"resourceType\": \"Microsoft.Sql/servers\",\r\n            \"resourceName\": \"sql-audit-cmdlet-server801\"\r\n          }\r\n        ],\r\n        \"id\": \"/subscriptions/cca24ec8-99b5-4aa7-9ff6-486e886f304c/resourceGroups/sql-audit-cmdlet-test-rg801/providers/Microsoft.Sql/servers/sql-audit-cmdlet-server801/databases/sql-audit-cmdlet-db801\",\r\n        \"resourceType\": \"Microsoft.Sql/servers/databases\",\r\n        \"resourceName\": \"sql-audit-cmdlet-server801/sql-audit-cmdlet-db801\"\r\n      }\r\n    ]\r\n  }\r\n}",
      "ResponseHeaders": {
        "Content-Length": [
          "1650"
        ],
        "Content-Type": [
          "application/json; charset=utf-8"
        ],
        "Expires": [
          "-1"
        ],
        "Pragma": [
          "no-cache"
        ],
        "x-ms-ratelimit-remaining-subscription-reads": [
          "14871"
        ],
        "x-ms-request-id": [
          "15a74fbc-fb77-48a9-a47e-79b3255a1c87"
        ],
        "x-ms-correlation-request-id": [
          "15a74fbc-fb77-48a9-a47e-79b3255a1c87"
        ],
        "x-ms-routing-request-id": [
          "WESTEUROPE:20150713T125652Z:15a74fbc-fb77-48a9-a47e-79b3255a1c87"
        ],
        "Strict-Transport-Security": [
          "max-age=31536000; includeSubDomains"
        ],
        "Cache-Control": [
          "no-cache"
        ],
        "Date": [
          "Mon, 13 Jul 2015 12:56:51 GMT"
        ]
      },
      "StatusCode": 200
    },
    {
      "RequestUri": "/subscriptions/cca24ec8-99b5-4aa7-9ff6-486e886f304c/resourcegroups/sql-audit-cmdlet-test-rg801/deployments/sql-audit-test-env-setup?api-version=2014-04-01-preview",
      "EncodedRequestUri": "L3N1YnNjcmlwdGlvbnMvY2NhMjRlYzgtOTliNS00YWE3LTlmZjYtNDg2ZTg4NmYzMDRjL3Jlc291cmNlZ3JvdXBzL3NxbC1hdWRpdC1jbWRsZXQtdGVzdC1yZzgwMS9kZXBsb3ltZW50cy9zcWwtYXVkaXQtdGVzdC1lbnYtc2V0dXA/YXBpLXZlcnNpb249MjAxNC0wNC0wMS1wcmV2aWV3",
      "RequestMethod": "GET",
      "RequestBody": "",
      "RequestHeaders": {
        "User-Agent": [
          "Microsoft.Azure.Management.Resources.ResourceManagementClient/2.0.0.0"
        ]
      },
      "ResponseBody": "{\r\n  \"id\": \"/subscriptions/cca24ec8-99b5-4aa7-9ff6-486e886f304c/resourceGroups/sql-audit-cmdlet-test-rg801/deployments/sql-audit-test-env-setup\",\r\n  \"name\": \"sql-audit-test-env-setup\",\r\n  \"properties\": {\r\n    \"parameters\": {\r\n      \"administratorLogin\": {\r\n        \"type\": \"String\",\r\n        \"value\": \"testlogin\"\r\n      },\r\n      \"administratorLoginPassword\": {\r\n        \"type\": \"SecureString\"\r\n      },\r\n      \"collation\": {\r\n        \"type\": \"String\",\r\n        \"value\": \"SQL_Latin1_General_CP1_CI_AS\"\r\n      },\r\n      \"databaseName\": {\r\n        \"type\": \"String\",\r\n        \"value\": \"sql-audit-cmdlet-db801\"\r\n      },\r\n      \"edition\": {\r\n        \"type\": \"String\",\r\n        \"value\": \"Basic\"\r\n      },\r\n      \"configuredServiceLevelObjectiveId\": {\r\n        \"type\": \"String\",\r\n        \"value\": \"910b4fcb-8a29-4c3e-958f-f7ba794388b2\"\r\n      },\r\n      \"envLocation\": {\r\n        \"type\": \"String\",\r\n        \"value\": \"West US\"\r\n      },\r\n      \"serverName\": {\r\n        \"type\": \"String\",\r\n        \"value\": \"sql-audit-cmdlet-server801\"\r\n      }\r\n    },\r\n    \"mode\": \"Incremental\",\r\n    \"provisioningState\": \"Running\",\r\n    \"timestamp\": \"2015-07-13T12:56:46.6950201Z\",\r\n    \"duration\": \"PT2.7264541S\",\r\n    \"correlationId\": \"ed822674-27da-4aab-9719-e6ff7a7bddd4\",\r\n    \"providers\": [\r\n      {\r\n        \"namespace\": \"Microsoft.Sql\",\r\n        \"resourceTypes\": [\r\n          {\r\n            \"resourceType\": \"servers\",\r\n            \"locations\": [\r\n              \"westus\"\r\n            ]\r\n          },\r\n          {\r\n            \"resourceType\": \"servers/databases\",\r\n            \"locations\": [\r\n              \"westus\"\r\n            ]\r\n          }\r\n        ]\r\n      }\r\n    ],\r\n    \"dependencies\": [\r\n      {\r\n        \"dependsOn\": [\r\n          {\r\n            \"id\": \"/subscriptions/cca24ec8-99b5-4aa7-9ff6-486e886f304c/resourceGroups/sql-audit-cmdlet-test-rg801/providers/Microsoft.Sql/servers/sql-audit-cmdlet-server801\",\r\n            \"resourceType\": \"Microsoft.Sql/servers\",\r\n            \"resourceName\": \"sql-audit-cmdlet-server801\"\r\n          }\r\n        ],\r\n        \"id\": \"/subscriptions/cca24ec8-99b5-4aa7-9ff6-486e886f304c/resourceGroups/sql-audit-cmdlet-test-rg801/providers/Microsoft.Sql/servers/sql-audit-cmdlet-server801/databases/sql-audit-cmdlet-db801\",\r\n        \"resourceType\": \"Microsoft.Sql/servers/databases\",\r\n        \"resourceName\": \"sql-audit-cmdlet-server801/sql-audit-cmdlet-db801\"\r\n      }\r\n    ]\r\n  }\r\n}",
      "ResponseHeaders": {
        "Content-Length": [
          "1650"
        ],
        "Content-Type": [
          "application/json; charset=utf-8"
        ],
        "Expires": [
          "-1"
        ],
        "Pragma": [
          "no-cache"
        ],
        "x-ms-ratelimit-remaining-subscription-reads": [
          "14869"
        ],
        "x-ms-request-id": [
          "e6737e37-ccf5-4bf1-b783-7caa8ce84df7"
        ],
        "x-ms-correlation-request-id": [
          "e6737e37-ccf5-4bf1-b783-7caa8ce84df7"
        ],
        "x-ms-routing-request-id": [
          "WESTEUROPE:20150713T125655Z:e6737e37-ccf5-4bf1-b783-7caa8ce84df7"
        ],
        "Strict-Transport-Security": [
          "max-age=31536000; includeSubDomains"
        ],
        "Cache-Control": [
          "no-cache"
        ],
        "Date": [
          "Mon, 13 Jul 2015 12:56:54 GMT"
        ]
      },
      "StatusCode": 200
    },
    {
      "RequestUri": "/subscriptions/cca24ec8-99b5-4aa7-9ff6-486e886f304c/resourcegroups/sql-audit-cmdlet-test-rg801/deployments/sql-audit-test-env-setup?api-version=2014-04-01-preview",
      "EncodedRequestUri": "L3N1YnNjcmlwdGlvbnMvY2NhMjRlYzgtOTliNS00YWE3LTlmZjYtNDg2ZTg4NmYzMDRjL3Jlc291cmNlZ3JvdXBzL3NxbC1hdWRpdC1jbWRsZXQtdGVzdC1yZzgwMS9kZXBsb3ltZW50cy9zcWwtYXVkaXQtdGVzdC1lbnYtc2V0dXA/YXBpLXZlcnNpb249MjAxNC0wNC0wMS1wcmV2aWV3",
      "RequestMethod": "GET",
      "RequestBody": "",
      "RequestHeaders": {
        "User-Agent": [
          "Microsoft.Azure.Management.Resources.ResourceManagementClient/2.0.0.0"
        ]
      },
      "ResponseBody": "{\r\n  \"id\": \"/subscriptions/cca24ec8-99b5-4aa7-9ff6-486e886f304c/resourceGroups/sql-audit-cmdlet-test-rg801/deployments/sql-audit-test-env-setup\",\r\n  \"name\": \"sql-audit-test-env-setup\",\r\n  \"properties\": {\r\n    \"parameters\": {\r\n      \"administratorLogin\": {\r\n        \"type\": \"String\",\r\n        \"value\": \"testlogin\"\r\n      },\r\n      \"administratorLoginPassword\": {\r\n        \"type\": \"SecureString\"\r\n      },\r\n      \"collation\": {\r\n        \"type\": \"String\",\r\n        \"value\": \"SQL_Latin1_General_CP1_CI_AS\"\r\n      },\r\n      \"databaseName\": {\r\n        \"type\": \"String\",\r\n        \"value\": \"sql-audit-cmdlet-db801\"\r\n      },\r\n      \"edition\": {\r\n        \"type\": \"String\",\r\n        \"value\": \"Basic\"\r\n      },\r\n      \"configuredServiceLevelObjectiveId\": {\r\n        \"type\": \"String\",\r\n        \"value\": \"910b4fcb-8a29-4c3e-958f-f7ba794388b2\"\r\n      },\r\n      \"envLocation\": {\r\n        \"type\": \"String\",\r\n        \"value\": \"West US\"\r\n      },\r\n      \"serverName\": {\r\n        \"type\": \"String\",\r\n        \"value\": \"sql-audit-cmdlet-server801\"\r\n      }\r\n    },\r\n    \"mode\": \"Incremental\",\r\n    \"provisioningState\": \"Running\",\r\n    \"timestamp\": \"2015-07-13T12:56:46.6950201Z\",\r\n    \"duration\": \"PT2.7264541S\",\r\n    \"correlationId\": \"ed822674-27da-4aab-9719-e6ff7a7bddd4\",\r\n    \"providers\": [\r\n      {\r\n        \"namespace\": \"Microsoft.Sql\",\r\n        \"resourceTypes\": [\r\n          {\r\n            \"resourceType\": \"servers\",\r\n            \"locations\": [\r\n              \"westus\"\r\n            ]\r\n          },\r\n          {\r\n            \"resourceType\": \"servers/databases\",\r\n            \"locations\": [\r\n              \"westus\"\r\n            ]\r\n          }\r\n        ]\r\n      }\r\n    ],\r\n    \"dependencies\": [\r\n      {\r\n        \"dependsOn\": [\r\n          {\r\n            \"id\": \"/subscriptions/cca24ec8-99b5-4aa7-9ff6-486e886f304c/resourceGroups/sql-audit-cmdlet-test-rg801/providers/Microsoft.Sql/servers/sql-audit-cmdlet-server801\",\r\n            \"resourceType\": \"Microsoft.Sql/servers\",\r\n            \"resourceName\": \"sql-audit-cmdlet-server801\"\r\n          }\r\n        ],\r\n        \"id\": \"/subscriptions/cca24ec8-99b5-4aa7-9ff6-486e886f304c/resourceGroups/sql-audit-cmdlet-test-rg801/providers/Microsoft.Sql/servers/sql-audit-cmdlet-server801/databases/sql-audit-cmdlet-db801\",\r\n        \"resourceType\": \"Microsoft.Sql/servers/databases\",\r\n        \"resourceName\": \"sql-audit-cmdlet-server801/sql-audit-cmdlet-db801\"\r\n      }\r\n    ]\r\n  }\r\n}",
      "ResponseHeaders": {
        "Content-Length": [
          "1650"
        ],
        "Content-Type": [
          "application/json; charset=utf-8"
        ],
        "Expires": [
          "-1"
        ],
        "Pragma": [
          "no-cache"
        ],
        "x-ms-ratelimit-remaining-subscription-reads": [
          "14867"
        ],
        "x-ms-request-id": [
          "25a489fb-9163-41a8-b261-f85344251013"
        ],
        "x-ms-correlation-request-id": [
          "25a489fb-9163-41a8-b261-f85344251013"
        ],
        "x-ms-routing-request-id": [
          "WESTEUROPE:20150713T125658Z:25a489fb-9163-41a8-b261-f85344251013"
        ],
        "Strict-Transport-Security": [
          "max-age=31536000; includeSubDomains"
        ],
        "Cache-Control": [
          "no-cache"
        ],
        "Date": [
          "Mon, 13 Jul 2015 12:56:57 GMT"
        ]
      },
      "StatusCode": 200
    },
    {
      "RequestUri": "/subscriptions/cca24ec8-99b5-4aa7-9ff6-486e886f304c/resourcegroups/sql-audit-cmdlet-test-rg801/deployments/sql-audit-test-env-setup?api-version=2014-04-01-preview",
      "EncodedRequestUri": "L3N1YnNjcmlwdGlvbnMvY2NhMjRlYzgtOTliNS00YWE3LTlmZjYtNDg2ZTg4NmYzMDRjL3Jlc291cmNlZ3JvdXBzL3NxbC1hdWRpdC1jbWRsZXQtdGVzdC1yZzgwMS9kZXBsb3ltZW50cy9zcWwtYXVkaXQtdGVzdC1lbnYtc2V0dXA/YXBpLXZlcnNpb249MjAxNC0wNC0wMS1wcmV2aWV3",
      "RequestMethod": "GET",
      "RequestBody": "",
      "RequestHeaders": {
        "User-Agent": [
          "Microsoft.Azure.Management.Resources.ResourceManagementClient/2.0.0.0"
        ]
      },
      "ResponseBody": "{\r\n  \"id\": \"/subscriptions/cca24ec8-99b5-4aa7-9ff6-486e886f304c/resourceGroups/sql-audit-cmdlet-test-rg801/deployments/sql-audit-test-env-setup\",\r\n  \"name\": \"sql-audit-test-env-setup\",\r\n  \"properties\": {\r\n    \"parameters\": {\r\n      \"administratorLogin\": {\r\n        \"type\": \"String\",\r\n        \"value\": \"testlogin\"\r\n      },\r\n      \"administratorLoginPassword\": {\r\n        \"type\": \"SecureString\"\r\n      },\r\n      \"collation\": {\r\n        \"type\": \"String\",\r\n        \"value\": \"SQL_Latin1_General_CP1_CI_AS\"\r\n      },\r\n      \"databaseName\": {\r\n        \"type\": \"String\",\r\n        \"value\": \"sql-audit-cmdlet-db801\"\r\n      },\r\n      \"edition\": {\r\n        \"type\": \"String\",\r\n        \"value\": \"Basic\"\r\n      },\r\n      \"configuredServiceLevelObjectiveId\": {\r\n        \"type\": \"String\",\r\n        \"value\": \"910b4fcb-8a29-4c3e-958f-f7ba794388b2\"\r\n      },\r\n      \"envLocation\": {\r\n        \"type\": \"String\",\r\n        \"value\": \"West US\"\r\n      },\r\n      \"serverName\": {\r\n        \"type\": \"String\",\r\n        \"value\": \"sql-audit-cmdlet-server801\"\r\n      }\r\n    },\r\n    \"mode\": \"Incremental\",\r\n    \"provisioningState\": \"Running\",\r\n    \"timestamp\": \"2015-07-13T12:56:46.6950201Z\",\r\n    \"duration\": \"PT2.7264541S\",\r\n    \"correlationId\": \"ed822674-27da-4aab-9719-e6ff7a7bddd4\",\r\n    \"providers\": [\r\n      {\r\n        \"namespace\": \"Microsoft.Sql\",\r\n        \"resourceTypes\": [\r\n          {\r\n            \"resourceType\": \"servers\",\r\n            \"locations\": [\r\n              \"westus\"\r\n            ]\r\n          },\r\n          {\r\n            \"resourceType\": \"servers/databases\",\r\n            \"locations\": [\r\n              \"westus\"\r\n            ]\r\n          }\r\n        ]\r\n      }\r\n    ],\r\n    \"dependencies\": [\r\n      {\r\n        \"dependsOn\": [\r\n          {\r\n            \"id\": \"/subscriptions/cca24ec8-99b5-4aa7-9ff6-486e886f304c/resourceGroups/sql-audit-cmdlet-test-rg801/providers/Microsoft.Sql/servers/sql-audit-cmdlet-server801\",\r\n            \"resourceType\": \"Microsoft.Sql/servers\",\r\n            \"resourceName\": \"sql-audit-cmdlet-server801\"\r\n          }\r\n        ],\r\n        \"id\": \"/subscriptions/cca24ec8-99b5-4aa7-9ff6-486e886f304c/resourceGroups/sql-audit-cmdlet-test-rg801/providers/Microsoft.Sql/servers/sql-audit-cmdlet-server801/databases/sql-audit-cmdlet-db801\",\r\n        \"resourceType\": \"Microsoft.Sql/servers/databases\",\r\n        \"resourceName\": \"sql-audit-cmdlet-server801/sql-audit-cmdlet-db801\"\r\n      }\r\n    ]\r\n  }\r\n}",
      "ResponseHeaders": {
        "Content-Length": [
          "1650"
        ],
        "Content-Type": [
          "application/json; charset=utf-8"
        ],
        "Expires": [
          "-1"
        ],
        "Pragma": [
          "no-cache"
        ],
        "x-ms-ratelimit-remaining-subscription-reads": [
          "14864"
        ],
        "x-ms-request-id": [
          "713b45c8-5545-4e7c-91fb-2b36c946fb52"
        ],
        "x-ms-correlation-request-id": [
          "713b45c8-5545-4e7c-91fb-2b36c946fb52"
        ],
        "x-ms-routing-request-id": [
          "WESTEUROPE:20150713T125701Z:713b45c8-5545-4e7c-91fb-2b36c946fb52"
        ],
        "Strict-Transport-Security": [
          "max-age=31536000; includeSubDomains"
        ],
        "Cache-Control": [
          "no-cache"
        ],
        "Date": [
          "Mon, 13 Jul 2015 12:57:00 GMT"
        ]
      },
      "StatusCode": 200
    },
    {
      "RequestUri": "/subscriptions/cca24ec8-99b5-4aa7-9ff6-486e886f304c/resourcegroups/sql-audit-cmdlet-test-rg801/deployments/sql-audit-test-env-setup?api-version=2014-04-01-preview",
      "EncodedRequestUri": "L3N1YnNjcmlwdGlvbnMvY2NhMjRlYzgtOTliNS00YWE3LTlmZjYtNDg2ZTg4NmYzMDRjL3Jlc291cmNlZ3JvdXBzL3NxbC1hdWRpdC1jbWRsZXQtdGVzdC1yZzgwMS9kZXBsb3ltZW50cy9zcWwtYXVkaXQtdGVzdC1lbnYtc2V0dXA/YXBpLXZlcnNpb249MjAxNC0wNC0wMS1wcmV2aWV3",
      "RequestMethod": "GET",
      "RequestBody": "",
      "RequestHeaders": {
        "User-Agent": [
          "Microsoft.Azure.Management.Resources.ResourceManagementClient/2.0.0.0"
        ]
      },
      "ResponseBody": "{\r\n  \"id\": \"/subscriptions/cca24ec8-99b5-4aa7-9ff6-486e886f304c/resourceGroups/sql-audit-cmdlet-test-rg801/deployments/sql-audit-test-env-setup\",\r\n  \"name\": \"sql-audit-test-env-setup\",\r\n  \"properties\": {\r\n    \"parameters\": {\r\n      \"administratorLogin\": {\r\n        \"type\": \"String\",\r\n        \"value\": \"testlogin\"\r\n      },\r\n      \"administratorLoginPassword\": {\r\n        \"type\": \"SecureString\"\r\n      },\r\n      \"collation\": {\r\n        \"type\": \"String\",\r\n        \"value\": \"SQL_Latin1_General_CP1_CI_AS\"\r\n      },\r\n      \"databaseName\": {\r\n        \"type\": \"String\",\r\n        \"value\": \"sql-audit-cmdlet-db801\"\r\n      },\r\n      \"edition\": {\r\n        \"type\": \"String\",\r\n        \"value\": \"Basic\"\r\n      },\r\n      \"configuredServiceLevelObjectiveId\": {\r\n        \"type\": \"String\",\r\n        \"value\": \"910b4fcb-8a29-4c3e-958f-f7ba794388b2\"\r\n      },\r\n      \"envLocation\": {\r\n        \"type\": \"String\",\r\n        \"value\": \"West US\"\r\n      },\r\n      \"serverName\": {\r\n        \"type\": \"String\",\r\n        \"value\": \"sql-audit-cmdlet-server801\"\r\n      }\r\n    },\r\n    \"mode\": \"Incremental\",\r\n    \"provisioningState\": \"Running\",\r\n    \"timestamp\": \"2015-07-13T12:56:46.6950201Z\",\r\n    \"duration\": \"PT2.7264541S\",\r\n    \"correlationId\": \"ed822674-27da-4aab-9719-e6ff7a7bddd4\",\r\n    \"providers\": [\r\n      {\r\n        \"namespace\": \"Microsoft.Sql\",\r\n        \"resourceTypes\": [\r\n          {\r\n            \"resourceType\": \"servers\",\r\n            \"locations\": [\r\n              \"westus\"\r\n            ]\r\n          },\r\n          {\r\n            \"resourceType\": \"servers/databases\",\r\n            \"locations\": [\r\n              \"westus\"\r\n            ]\r\n          }\r\n        ]\r\n      }\r\n    ],\r\n    \"dependencies\": [\r\n      {\r\n        \"dependsOn\": [\r\n          {\r\n            \"id\": \"/subscriptions/cca24ec8-99b5-4aa7-9ff6-486e886f304c/resourceGroups/sql-audit-cmdlet-test-rg801/providers/Microsoft.Sql/servers/sql-audit-cmdlet-server801\",\r\n            \"resourceType\": \"Microsoft.Sql/servers\",\r\n            \"resourceName\": \"sql-audit-cmdlet-server801\"\r\n          }\r\n        ],\r\n        \"id\": \"/subscriptions/cca24ec8-99b5-4aa7-9ff6-486e886f304c/resourceGroups/sql-audit-cmdlet-test-rg801/providers/Microsoft.Sql/servers/sql-audit-cmdlet-server801/databases/sql-audit-cmdlet-db801\",\r\n        \"resourceType\": \"Microsoft.Sql/servers/databases\",\r\n        \"resourceName\": \"sql-audit-cmdlet-server801/sql-audit-cmdlet-db801\"\r\n      }\r\n    ]\r\n  }\r\n}",
      "ResponseHeaders": {
        "Content-Length": [
          "1650"
        ],
        "Content-Type": [
          "application/json; charset=utf-8"
        ],
        "Expires": [
          "-1"
        ],
        "Pragma": [
          "no-cache"
        ],
        "x-ms-ratelimit-remaining-subscription-reads": [
          "14862"
        ],
        "x-ms-request-id": [
          "577ff0d4-28e3-402e-a22d-a3f3ad925102"
        ],
        "x-ms-correlation-request-id": [
          "577ff0d4-28e3-402e-a22d-a3f3ad925102"
        ],
        "x-ms-routing-request-id": [
          "WESTEUROPE:20150713T125704Z:577ff0d4-28e3-402e-a22d-a3f3ad925102"
        ],
        "Strict-Transport-Security": [
          "max-age=31536000; includeSubDomains"
        ],
        "Cache-Control": [
          "no-cache"
        ],
        "Date": [
          "Mon, 13 Jul 2015 12:57:03 GMT"
        ]
      },
      "StatusCode": 200
    },
    {
      "RequestUri": "/subscriptions/cca24ec8-99b5-4aa7-9ff6-486e886f304c/resourcegroups/sql-audit-cmdlet-test-rg801/deployments/sql-audit-test-env-setup?api-version=2014-04-01-preview",
      "EncodedRequestUri": "L3N1YnNjcmlwdGlvbnMvY2NhMjRlYzgtOTliNS00YWE3LTlmZjYtNDg2ZTg4NmYzMDRjL3Jlc291cmNlZ3JvdXBzL3NxbC1hdWRpdC1jbWRsZXQtdGVzdC1yZzgwMS9kZXBsb3ltZW50cy9zcWwtYXVkaXQtdGVzdC1lbnYtc2V0dXA/YXBpLXZlcnNpb249MjAxNC0wNC0wMS1wcmV2aWV3",
      "RequestMethod": "GET",
      "RequestBody": "",
      "RequestHeaders": {
        "User-Agent": [
          "Microsoft.Azure.Management.Resources.ResourceManagementClient/2.0.0.0"
        ]
      },
      "ResponseBody": "{\r\n  \"id\": \"/subscriptions/cca24ec8-99b5-4aa7-9ff6-486e886f304c/resourceGroups/sql-audit-cmdlet-test-rg801/deployments/sql-audit-test-env-setup\",\r\n  \"name\": \"sql-audit-test-env-setup\",\r\n  \"properties\": {\r\n    \"parameters\": {\r\n      \"administratorLogin\": {\r\n        \"type\": \"String\",\r\n        \"value\": \"testlogin\"\r\n      },\r\n      \"administratorLoginPassword\": {\r\n        \"type\": \"SecureString\"\r\n      },\r\n      \"collation\": {\r\n        \"type\": \"String\",\r\n        \"value\": \"SQL_Latin1_General_CP1_CI_AS\"\r\n      },\r\n      \"databaseName\": {\r\n        \"type\": \"String\",\r\n        \"value\": \"sql-audit-cmdlet-db801\"\r\n      },\r\n      \"edition\": {\r\n        \"type\": \"String\",\r\n        \"value\": \"Basic\"\r\n      },\r\n      \"configuredServiceLevelObjectiveId\": {\r\n        \"type\": \"String\",\r\n        \"value\": \"910b4fcb-8a29-4c3e-958f-f7ba794388b2\"\r\n      },\r\n      \"envLocation\": {\r\n        \"type\": \"String\",\r\n        \"value\": \"West US\"\r\n      },\r\n      \"serverName\": {\r\n        \"type\": \"String\",\r\n        \"value\": \"sql-audit-cmdlet-server801\"\r\n      }\r\n    },\r\n    \"mode\": \"Incremental\",\r\n    \"provisioningState\": \"Running\",\r\n    \"timestamp\": \"2015-07-13T12:56:46.6950201Z\",\r\n    \"duration\": \"PT2.7264541S\",\r\n    \"correlationId\": \"ed822674-27da-4aab-9719-e6ff7a7bddd4\",\r\n    \"providers\": [\r\n      {\r\n        \"namespace\": \"Microsoft.Sql\",\r\n        \"resourceTypes\": [\r\n          {\r\n            \"resourceType\": \"servers\",\r\n            \"locations\": [\r\n              \"westus\"\r\n            ]\r\n          },\r\n          {\r\n            \"resourceType\": \"servers/databases\",\r\n            \"locations\": [\r\n              \"westus\"\r\n            ]\r\n          }\r\n        ]\r\n      }\r\n    ],\r\n    \"dependencies\": [\r\n      {\r\n        \"dependsOn\": [\r\n          {\r\n            \"id\": \"/subscriptions/cca24ec8-99b5-4aa7-9ff6-486e886f304c/resourceGroups/sql-audit-cmdlet-test-rg801/providers/Microsoft.Sql/servers/sql-audit-cmdlet-server801\",\r\n            \"resourceType\": \"Microsoft.Sql/servers\",\r\n            \"resourceName\": \"sql-audit-cmdlet-server801\"\r\n          }\r\n        ],\r\n        \"id\": \"/subscriptions/cca24ec8-99b5-4aa7-9ff6-486e886f304c/resourceGroups/sql-audit-cmdlet-test-rg801/providers/Microsoft.Sql/servers/sql-audit-cmdlet-server801/databases/sql-audit-cmdlet-db801\",\r\n        \"resourceType\": \"Microsoft.Sql/servers/databases\",\r\n        \"resourceName\": \"sql-audit-cmdlet-server801/sql-audit-cmdlet-db801\"\r\n      }\r\n    ]\r\n  }\r\n}",
      "ResponseHeaders": {
        "Content-Length": [
          "1650"
        ],
        "Content-Type": [
          "application/json; charset=utf-8"
        ],
        "Expires": [
          "-1"
        ],
        "Pragma": [
          "no-cache"
        ],
        "x-ms-ratelimit-remaining-subscription-reads": [
          "14860"
        ],
        "x-ms-request-id": [
          "a343dcc5-30bf-4595-9385-2c89cac6919d"
        ],
        "x-ms-correlation-request-id": [
          "a343dcc5-30bf-4595-9385-2c89cac6919d"
        ],
        "x-ms-routing-request-id": [
          "WESTEUROPE:20150713T125707Z:a343dcc5-30bf-4595-9385-2c89cac6919d"
        ],
        "Strict-Transport-Security": [
          "max-age=31536000; includeSubDomains"
        ],
        "Cache-Control": [
          "no-cache"
        ],
        "Date": [
          "Mon, 13 Jul 2015 12:57:06 GMT"
        ]
      },
      "StatusCode": 200
    },
    {
      "RequestUri": "/subscriptions/cca24ec8-99b5-4aa7-9ff6-486e886f304c/resourcegroups/sql-audit-cmdlet-test-rg801/deployments/sql-audit-test-env-setup?api-version=2014-04-01-preview",
      "EncodedRequestUri": "L3N1YnNjcmlwdGlvbnMvY2NhMjRlYzgtOTliNS00YWE3LTlmZjYtNDg2ZTg4NmYzMDRjL3Jlc291cmNlZ3JvdXBzL3NxbC1hdWRpdC1jbWRsZXQtdGVzdC1yZzgwMS9kZXBsb3ltZW50cy9zcWwtYXVkaXQtdGVzdC1lbnYtc2V0dXA/YXBpLXZlcnNpb249MjAxNC0wNC0wMS1wcmV2aWV3",
      "RequestMethod": "GET",
      "RequestBody": "",
      "RequestHeaders": {
        "User-Agent": [
          "Microsoft.Azure.Management.Resources.ResourceManagementClient/2.0.0.0"
        ]
      },
      "ResponseBody": "{\r\n  \"id\": \"/subscriptions/cca24ec8-99b5-4aa7-9ff6-486e886f304c/resourceGroups/sql-audit-cmdlet-test-rg801/deployments/sql-audit-test-env-setup\",\r\n  \"name\": \"sql-audit-test-env-setup\",\r\n  \"properties\": {\r\n    \"parameters\": {\r\n      \"administratorLogin\": {\r\n        \"type\": \"String\",\r\n        \"value\": \"testlogin\"\r\n      },\r\n      \"administratorLoginPassword\": {\r\n        \"type\": \"SecureString\"\r\n      },\r\n      \"collation\": {\r\n        \"type\": \"String\",\r\n        \"value\": \"SQL_Latin1_General_CP1_CI_AS\"\r\n      },\r\n      \"databaseName\": {\r\n        \"type\": \"String\",\r\n        \"value\": \"sql-audit-cmdlet-db801\"\r\n      },\r\n      \"edition\": {\r\n        \"type\": \"String\",\r\n        \"value\": \"Basic\"\r\n      },\r\n      \"configuredServiceLevelObjectiveId\": {\r\n        \"type\": \"String\",\r\n        \"value\": \"910b4fcb-8a29-4c3e-958f-f7ba794388b2\"\r\n      },\r\n      \"envLocation\": {\r\n        \"type\": \"String\",\r\n        \"value\": \"West US\"\r\n      },\r\n      \"serverName\": {\r\n        \"type\": \"String\",\r\n        \"value\": \"sql-audit-cmdlet-server801\"\r\n      }\r\n    },\r\n    \"mode\": \"Incremental\",\r\n    \"provisioningState\": \"Running\",\r\n    \"timestamp\": \"2015-07-13T12:56:46.6950201Z\",\r\n    \"duration\": \"PT2.7264541S\",\r\n    \"correlationId\": \"ed822674-27da-4aab-9719-e6ff7a7bddd4\",\r\n    \"providers\": [\r\n      {\r\n        \"namespace\": \"Microsoft.Sql\",\r\n        \"resourceTypes\": [\r\n          {\r\n            \"resourceType\": \"servers\",\r\n            \"locations\": [\r\n              \"westus\"\r\n            ]\r\n          },\r\n          {\r\n            \"resourceType\": \"servers/databases\",\r\n            \"locations\": [\r\n              \"westus\"\r\n            ]\r\n          }\r\n        ]\r\n      }\r\n    ],\r\n    \"dependencies\": [\r\n      {\r\n        \"dependsOn\": [\r\n          {\r\n            \"id\": \"/subscriptions/cca24ec8-99b5-4aa7-9ff6-486e886f304c/resourceGroups/sql-audit-cmdlet-test-rg801/providers/Microsoft.Sql/servers/sql-audit-cmdlet-server801\",\r\n            \"resourceType\": \"Microsoft.Sql/servers\",\r\n            \"resourceName\": \"sql-audit-cmdlet-server801\"\r\n          }\r\n        ],\r\n        \"id\": \"/subscriptions/cca24ec8-99b5-4aa7-9ff6-486e886f304c/resourceGroups/sql-audit-cmdlet-test-rg801/providers/Microsoft.Sql/servers/sql-audit-cmdlet-server801/databases/sql-audit-cmdlet-db801\",\r\n        \"resourceType\": \"Microsoft.Sql/servers/databases\",\r\n        \"resourceName\": \"sql-audit-cmdlet-server801/sql-audit-cmdlet-db801\"\r\n      }\r\n    ]\r\n  }\r\n}",
      "ResponseHeaders": {
        "Content-Length": [
          "1650"
        ],
        "Content-Type": [
          "application/json; charset=utf-8"
        ],
        "Expires": [
          "-1"
        ],
        "Pragma": [
          "no-cache"
        ],
        "x-ms-ratelimit-remaining-subscription-reads": [
          "14858"
        ],
        "x-ms-request-id": [
          "319bd875-1240-4d4a-b892-5e538e471192"
        ],
        "x-ms-correlation-request-id": [
          "319bd875-1240-4d4a-b892-5e538e471192"
        ],
        "x-ms-routing-request-id": [
          "WESTEUROPE:20150713T125710Z:319bd875-1240-4d4a-b892-5e538e471192"
        ],
        "Strict-Transport-Security": [
          "max-age=31536000; includeSubDomains"
        ],
        "Cache-Control": [
          "no-cache"
        ],
        "Date": [
          "Mon, 13 Jul 2015 12:57:10 GMT"
        ]
      },
      "StatusCode": 200
    },
    {
      "RequestUri": "/subscriptions/cca24ec8-99b5-4aa7-9ff6-486e886f304c/resourcegroups/sql-audit-cmdlet-test-rg801/deployments/sql-audit-test-env-setup?api-version=2014-04-01-preview",
      "EncodedRequestUri": "L3N1YnNjcmlwdGlvbnMvY2NhMjRlYzgtOTliNS00YWE3LTlmZjYtNDg2ZTg4NmYzMDRjL3Jlc291cmNlZ3JvdXBzL3NxbC1hdWRpdC1jbWRsZXQtdGVzdC1yZzgwMS9kZXBsb3ltZW50cy9zcWwtYXVkaXQtdGVzdC1lbnYtc2V0dXA/YXBpLXZlcnNpb249MjAxNC0wNC0wMS1wcmV2aWV3",
      "RequestMethod": "GET",
      "RequestBody": "",
      "RequestHeaders": {
        "User-Agent": [
          "Microsoft.Azure.Management.Resources.ResourceManagementClient/2.0.0.0"
        ]
      },
      "ResponseBody": "{\r\n  \"id\": \"/subscriptions/cca24ec8-99b5-4aa7-9ff6-486e886f304c/resourceGroups/sql-audit-cmdlet-test-rg801/deployments/sql-audit-test-env-setup\",\r\n  \"name\": \"sql-audit-test-env-setup\",\r\n  \"properties\": {\r\n    \"parameters\": {\r\n      \"administratorLogin\": {\r\n        \"type\": \"String\",\r\n        \"value\": \"testlogin\"\r\n      },\r\n      \"administratorLoginPassword\": {\r\n        \"type\": \"SecureString\"\r\n      },\r\n      \"collation\": {\r\n        \"type\": \"String\",\r\n        \"value\": \"SQL_Latin1_General_CP1_CI_AS\"\r\n      },\r\n      \"databaseName\": {\r\n        \"type\": \"String\",\r\n        \"value\": \"sql-audit-cmdlet-db801\"\r\n      },\r\n      \"edition\": {\r\n        \"type\": \"String\",\r\n        \"value\": \"Basic\"\r\n      },\r\n      \"configuredServiceLevelObjectiveId\": {\r\n        \"type\": \"String\",\r\n        \"value\": \"910b4fcb-8a29-4c3e-958f-f7ba794388b2\"\r\n      },\r\n      \"envLocation\": {\r\n        \"type\": \"String\",\r\n        \"value\": \"West US\"\r\n      },\r\n      \"serverName\": {\r\n        \"type\": \"String\",\r\n        \"value\": \"sql-audit-cmdlet-server801\"\r\n      }\r\n    },\r\n    \"mode\": \"Incremental\",\r\n    \"provisioningState\": \"Succeeded\",\r\n    \"timestamp\": \"2015-07-13T12:57:11.6067698Z\",\r\n    \"duration\": \"PT27.6382038S\",\r\n    \"correlationId\": \"ed822674-27da-4aab-9719-e6ff7a7bddd4\",\r\n    \"providers\": [\r\n      {\r\n        \"namespace\": \"Microsoft.Sql\",\r\n        \"resourceTypes\": [\r\n          {\r\n            \"resourceType\": \"servers\",\r\n            \"locations\": [\r\n              \"westus\"\r\n            ]\r\n          },\r\n          {\r\n            \"resourceType\": \"servers/databases\",\r\n            \"locations\": [\r\n              \"westus\"\r\n            ]\r\n          }\r\n        ]\r\n      }\r\n    ],\r\n    \"dependencies\": [\r\n      {\r\n        \"dependsOn\": [\r\n          {\r\n            \"id\": \"/subscriptions/cca24ec8-99b5-4aa7-9ff6-486e886f304c/resourceGroups/sql-audit-cmdlet-test-rg801/providers/Microsoft.Sql/servers/sql-audit-cmdlet-server801\",\r\n            \"resourceType\": \"Microsoft.Sql/servers\",\r\n            \"resourceName\": \"sql-audit-cmdlet-server801\"\r\n          }\r\n        ],\r\n        \"id\": \"/subscriptions/cca24ec8-99b5-4aa7-9ff6-486e886f304c/resourceGroups/sql-audit-cmdlet-test-rg801/providers/Microsoft.Sql/servers/sql-audit-cmdlet-server801/databases/sql-audit-cmdlet-db801\",\r\n        \"resourceType\": \"Microsoft.Sql/servers/databases\",\r\n        \"resourceName\": \"sql-audit-cmdlet-server801/sql-audit-cmdlet-db801\"\r\n      }\r\n    ],\r\n    \"outputResources\": [\r\n      {\r\n        \"id\": \"Microsoft.Sql/servers/sql-audit-cmdlet-server801\"\r\n      },\r\n      {\r\n        \"id\": \"Microsoft.Sql/servers/sql-audit-cmdlet-server801/databases/sql-audit-cmdlet-db801\"\r\n      }\r\n    ]\r\n  }\r\n}",
      "ResponseHeaders": {
        "Content-Length": [
          "1822"
        ],
        "Content-Type": [
          "application/json; charset=utf-8"
        ],
        "Expires": [
          "-1"
        ],
        "Pragma": [
          "no-cache"
        ],
        "x-ms-ratelimit-remaining-subscription-reads": [
          "14855"
        ],
        "x-ms-request-id": [
          "256f2403-9491-423d-bada-da18d0726494"
        ],
        "x-ms-correlation-request-id": [
          "256f2403-9491-423d-bada-da18d0726494"
        ],
        "x-ms-routing-request-id": [
          "WESTEUROPE:20150713T125713Z:256f2403-9491-423d-bada-da18d0726494"
        ],
        "Strict-Transport-Security": [
          "max-age=31536000; includeSubDomains"
        ],
        "Cache-Control": [
          "no-cache"
        ],
        "Date": [
          "Mon, 13 Jul 2015 12:57:13 GMT"
        ]
      },
      "StatusCode": 200
    },
    {
      "RequestUri": "/subscriptions/cca24ec8-99b5-4aa7-9ff6-486e886f304c/resourceGroups/sql-audit-cmdlet-test-rg801/resources?api-version=2014-04-01-preview",
      "EncodedRequestUri": "L3N1YnNjcmlwdGlvbnMvY2NhMjRlYzgtOTliNS00YWE3LTlmZjYtNDg2ZTg4NmYzMDRjL3Jlc291cmNlR3JvdXBzL3NxbC1hdWRpdC1jbWRsZXQtdGVzdC1yZzgwMS9yZXNvdXJjZXM/YXBpLXZlcnNpb249MjAxNC0wNC0wMS1wcmV2aWV3",
      "RequestMethod": "GET",
      "RequestBody": "",
      "RequestHeaders": {
        "User-Agent": [
          "Microsoft.Azure.Management.Resources.ResourceManagementClient/2.0.0.0"
        ]
      },
      "ResponseBody": "{\r\n  \"value\": [\r\n    {\r\n      \"id\": \"/subscriptions/cca24ec8-99b5-4aa7-9ff6-486e886f304c/resourceGroups/sql-audit-cmdlet-test-rg801/providers/Microsoft.Sql/servers/sql-audit-cmdlet-server801\",\r\n      \"name\": \"sql-audit-cmdlet-server801\",\r\n      \"type\": \"Microsoft.Sql/servers\",\r\n      \"kind\": \"v2.0\",\r\n      \"location\": \"westus\"\r\n    },\r\n    {\r\n      \"id\": \"/subscriptions/cca24ec8-99b5-4aa7-9ff6-486e886f304c/resourceGroups/sql-audit-cmdlet-test-rg801/providers/Microsoft.Sql/servers/sql-audit-cmdlet-server801/databases/sql-audit-cmdlet-db801\",\r\n      \"name\": \"sql-audit-cmdlet-server801/sql-audit-cmdlet-db801\",\r\n      \"type\": \"Microsoft.Sql/servers/databases\",\r\n      \"kind\": \"v2.0,user\",\r\n      \"location\": \"westus\"\r\n    }\r\n  ]\r\n}",
      "ResponseHeaders": {
        "Content-Length": [
          "610"
        ],
        "Content-Type": [
          "application/json; charset=utf-8"
        ],
        "Expires": [
          "-1"
        ],
        "Pragma": [
          "no-cache"
        ],
        "x-ms-ratelimit-remaining-subscription-reads": [
          "14854"
        ],
        "x-ms-request-id": [
          "8845f745-7069-4828-b7bc-f9983ecdcd7a"
        ],
        "x-ms-correlation-request-id": [
          "8845f745-7069-4828-b7bc-f9983ecdcd7a"
        ],
        "x-ms-routing-request-id": [
          "WESTEUROPE:20150713T125716Z:8845f745-7069-4828-b7bc-f9983ecdcd7a"
        ],
        "Strict-Transport-Security": [
          "max-age=31536000; includeSubDomains"
        ],
        "Cache-Control": [
          "no-cache"
        ],
        "Date": [
          "Mon, 13 Jul 2015 12:57:15 GMT"
        ]
      },
      "StatusCode": 200
    },
    {
      "RequestUri": "/subscriptions/cca24ec8-99b5-4aa7-9ff6-486e886f304c/resourcegroups/sql-audit-cmdlet-test-rg801/providers/Microsoft.Authorization/permissions?api-version=2014-07-01-preview",
      "EncodedRequestUri": "L3N1YnNjcmlwdGlvbnMvY2NhMjRlYzgtOTliNS00YWE3LTlmZjYtNDg2ZTg4NmYzMDRjL3Jlc291cmNlZ3JvdXBzL3NxbC1hdWRpdC1jbWRsZXQtdGVzdC1yZzgwMS9wcm92aWRlcnMvTWljcm9zb2Z0LkF1dGhvcml6YXRpb24vcGVybWlzc2lvbnM/YXBpLXZlcnNpb249MjAxNC0wNy0wMS1wcmV2aWV3",
      "RequestMethod": "GET",
      "RequestBody": "",
      "RequestHeaders": {
        "User-Agent": [
          "Microsoft.Azure.Management.Authorization.AuthorizationManagementClient/0.9.0.0"
        ]
      },
      "ResponseBody": "{\r\n  \"value\": [\r\n    {\r\n      \"actions\": [\r\n        \"*\"\r\n      ],\r\n      \"notActions\": []\r\n    }\r\n  ]\r\n}",
      "ResponseHeaders": {
        "Content-Length": [
          "45"
        ],
        "Content-Type": [
          "application/json; charset=utf-8"
        ],
        "Expires": [
          "-1"
        ],
        "Pragma": [
          "no-cache"
        ],
        "Vary": [
          "Accept-Encoding"
        ],
        "x-ms-request-id": [
          "westeurope:1b75d73b-02ce-4e86-b17c-857bb89d3c53"
        ],
        "x-ms-ratelimit-remaining-subscription-reads": [
          "14843"
        ],
        "x-ms-correlation-request-id": [
          "2ca5b3b7-97a8-433c-b63c-f5ae7ef0fbc4"
        ],
        "x-ms-routing-request-id": [
          "WESTEUROPE:20150713T125717Z:2ca5b3b7-97a8-433c-b63c-f5ae7ef0fbc4"
        ],
        "Strict-Transport-Security": [
          "max-age=31536000; includeSubDomains"
        ],
        "Cache-Control": [
          "no-cache"
        ],
        "Date": [
          "Mon, 13 Jul 2015 12:57:16 GMT"
        ]
      },
      "StatusCode": 200
    },
    {
      "RequestUri": "/subscriptions/cca24ec8-99b5-4aa7-9ff6-486e886f304c/resourceGroups/sql-audit-cmdlet-test-rg801/providers/Microsoft.Sql/servers/sql-audit-cmdlet-server801/auditingPolicies/Default?api-version=2014-04-01",
      "EncodedRequestUri": "L3N1YnNjcmlwdGlvbnMvY2NhMjRlYzgtOTliNS00YWE3LTlmZjYtNDg2ZTg4NmYzMDRjL3Jlc291cmNlR3JvdXBzL3NxbC1hdWRpdC1jbWRsZXQtdGVzdC1yZzgwMS9wcm92aWRlcnMvTWljcm9zb2Z0LlNxbC9zZXJ2ZXJzL3NxbC1hdWRpdC1jbWRsZXQtc2VydmVyODAxL2F1ZGl0aW5nUG9saWNpZXMvRGVmYXVsdD9hcGktdmVyc2lvbj0yMDE0LTA0LTAx",
      "RequestMethod": "GET",
      "RequestBody": "",
      "RequestHeaders": {
        "User-Agent": [
          "Microsoft.Azure.Management.Sql.SqlManagementClient/0.9.0.0"
        ],
        "x-ms-client-request-id": [
          "17099320-5cf4-4dba-9d79-f96372f1cdb7"
        ]
      },
      "ResponseBody": "{\r\n  \"id\": \"/subscriptions/cca24ec8-99b5-4aa7-9ff6-486e886f304c/resourceGroups/sql-audit-cmdlet-test-rg801/providers/Microsoft.Sql/servers/sql-audit-cmdlet-server801/auditingPolicies/Default\",\r\n  \"name\": \"Default\",\r\n  \"type\": \"Microsoft.Sql/servers/auditingPolicies\",\r\n  \"location\": \"West US\",\r\n  \"properties\": {\r\n    \"auditingState\": \"New\",\r\n    \"eventTypesToAudit\": \"PlainSQL_Success,PlainSQL_Failure,ParameterizedSQL_Success,ParameterizedSQL_Failure,StoredProcedure_Success,StoredProcedure_Failure,Login_Success,Login_Failure,TransactionManagement_Success,TransactionManagement_Failure\",\r\n    \"storageAccountName\": null,\r\n    \"auditLogsTableName\": \"Sqlauditcmdletserver801\",\r\n    \"storageAccountKey\": null,\r\n    \"storageAccountSecondaryKey\": null,\r\n    \"storageTableEndpoint\": null,\r\n    \"storageAccountResourceGroupName\": null,\r\n    \"storageAccountSubscriptionId\": null,\r\n    \"retentionDays\": \"0\"\r\n  }\r\n}",
      "ResponseHeaders": {
        "Content-Length": [
          "807"
        ],
        "Content-Type": [
          "application/json; odata=minimalmetadata; streaming=true; charset=utf-8"
        ],
        "x-ms-request-id": [
          "60a85f1c-2a1e-4532-b7ad-88bcb66bcea0"
        ],
        "X-Content-Type-Options": [
          "nosniff"
        ],
        "DataServiceVersion": [
          "3.0;"
        ],
        "x-ms-ratelimit-remaining-subscription-reads": [
          "14776"
        ],
        "x-ms-correlation-request-id": [
          "0ec1ae8c-78f1-4163-8d45-75d2a162ee59"
        ],
        "x-ms-routing-request-id": [
          "WESTEUROPE:20150713T125718Z:0ec1ae8c-78f1-4163-8d45-75d2a162ee59"
        ],
        "Strict-Transport-Security": [
          "max-age=31536000; includeSubDomains"
        ],
        "Cache-Control": [
          "no-store, no-cache"
        ],
        "Date": [
          "Mon, 13 Jul 2015 12:57:18 GMT"
        ],
        "Server": [
          "Microsoft-HTTPAPI/2.0"
        ]
      },
      "StatusCode": 200
    },
    {
      "RequestUri": "/subscriptions/cca24ec8-99b5-4aa7-9ff6-486e886f304c/resourceGroups/sql-audit-cmdlet-test-rg801/providers/Microsoft.Sql/servers/sql-audit-cmdlet-server801/auditingPolicies/Default?api-version=2014-04-01",
      "EncodedRequestUri": "L3N1YnNjcmlwdGlvbnMvY2NhMjRlYzgtOTliNS00YWE3LTlmZjYtNDg2ZTg4NmYzMDRjL3Jlc291cmNlR3JvdXBzL3NxbC1hdWRpdC1jbWRsZXQtdGVzdC1yZzgwMS9wcm92aWRlcnMvTWljcm9zb2Z0LlNxbC9zZXJ2ZXJzL3NxbC1hdWRpdC1jbWRsZXQtc2VydmVyODAxL2F1ZGl0aW5nUG9saWNpZXMvRGVmYXVsdD9hcGktdmVyc2lvbj0yMDE0LTA0LTAx",
      "RequestMethod": "GET",
      "RequestBody": "",
      "RequestHeaders": {
        "User-Agent": [
          "Microsoft.Azure.Management.Sql.SqlManagementClient/0.9.0.0"
        ],
        "x-ms-client-request-id": [
          "43c44f77-b40f-488e-aadc-0c8a73e620b6"
        ]
      },
      "ResponseBody": "{\r\n  \"id\": \"/subscriptions/cca24ec8-99b5-4aa7-9ff6-486e886f304c/resourceGroups/sql-audit-cmdlet-test-rg801/providers/Microsoft.Sql/servers/sql-audit-cmdlet-server801/auditingPolicies/Default\",\r\n  \"name\": \"Default\",\r\n  \"type\": \"Microsoft.Sql/servers/auditingPolicies\",\r\n  \"location\": \"West US\",\r\n  \"properties\": {\r\n    \"auditingState\": \"Enabled\",\r\n    \"eventTypesToAudit\": \"PlainSQL_Success,PlainSQL_Failure,ParameterizedSQL_Success,ParameterizedSQL_Failure,StoredProcedure_Success,StoredProcedure_Failure,Login_Success,Login_Failure,TransactionManagement_Success,TransactionManagement_Failure\",\r\n    \"storageAccountName\": \"auditcmdlets801\",\r\n    \"auditLogsTableName\": \"Sqlauditcmdletserver801\",\r\n    \"storageAccountKey\": \"********\",\r\n    \"storageAccountSecondaryKey\": null,\r\n    \"storageTableEndpoint\": \"https://auditcmdlets801.table.core.windows.net/\",\r\n    \"storageAccountResourceGroupName\": \"Default-Storage-WestUS\",\r\n    \"storageAccountSubscriptionId\": \"cca24ec8-99b5-4aa7-9ff6-486e886f304c\",\r\n    \"retentionDays\": \"0\"\r\n  }\r\n}",
      "ResponseHeaders": {
        "Content-Length": [
          "929"
        ],
        "Content-Type": [
          "application/json; odata=minimalmetadata; streaming=true; charset=utf-8"
        ],
        "x-ms-request-id": [
          "3f9097b3-6a92-4074-8416-081cdd878632"
        ],
        "X-Content-Type-Options": [
          "nosniff"
        ],
        "DataServiceVersion": [
          "3.0;"
        ],
        "x-ms-ratelimit-remaining-subscription-reads": [
          "14775"
        ],
        "x-ms-correlation-request-id": [
          "4bbe3df0-1d50-4851-a1f8-06cfda2094de"
        ],
        "x-ms-routing-request-id": [
          "WESTEUROPE:20150713T125722Z:4bbe3df0-1d50-4851-a1f8-06cfda2094de"
        ],
        "Strict-Transport-Security": [
          "max-age=31536000; includeSubDomains"
        ],
        "Cache-Control": [
          "no-store, no-cache"
        ],
        "Date": [
          "Mon, 13 Jul 2015 12:57:22 GMT"
        ],
        "Server": [
          "Microsoft-HTTPAPI/2.0"
        ]
      },
      "StatusCode": 200
    },
    {
      "RequestUri": "/subscriptions/cca24ec8-99b5-4aa7-9ff6-486e886f304c/resourceGroups/sql-audit-cmdlet-test-rg801/providers/Microsoft.Sql/servers/sql-audit-cmdlet-server801/auditingPolicies/Default?api-version=2014-04-01",
      "EncodedRequestUri": "L3N1YnNjcmlwdGlvbnMvY2NhMjRlYzgtOTliNS00YWE3LTlmZjYtNDg2ZTg4NmYzMDRjL3Jlc291cmNlR3JvdXBzL3NxbC1hdWRpdC1jbWRsZXQtdGVzdC1yZzgwMS9wcm92aWRlcnMvTWljcm9zb2Z0LlNxbC9zZXJ2ZXJzL3NxbC1hdWRpdC1jbWRsZXQtc2VydmVyODAxL2F1ZGl0aW5nUG9saWNpZXMvRGVmYXVsdD9hcGktdmVyc2lvbj0yMDE0LTA0LTAx",
      "RequestMethod": "GET",
      "RequestBody": "",
      "RequestHeaders": {
        "User-Agent": [
          "Microsoft.Azure.Management.Sql.SqlManagementClient/0.9.0.0"
        ],
        "x-ms-client-request-id": [
          "13772e3e-ff89-4278-94c0-7f41b9e917ba"
        ]
      },
      "ResponseBody": "{\r\n  \"id\": \"/subscriptions/cca24ec8-99b5-4aa7-9ff6-486e886f304c/resourceGroups/sql-audit-cmdlet-test-rg801/providers/Microsoft.Sql/servers/sql-audit-cmdlet-server801/auditingPolicies/Default\",\r\n  \"name\": \"Default\",\r\n  \"type\": \"Microsoft.Sql/servers/auditingPolicies\",\r\n  \"location\": \"West US\",\r\n  \"properties\": {\r\n    \"auditingState\": \"Enabled\",\r\n    \"eventTypesToAudit\": \"PlainSQL_Success,PlainSQL_Failure,ParameterizedSQL_Success,ParameterizedSQL_Failure,StoredProcedure_Success,StoredProcedure_Failure,Login_Success,Login_Failure,TransactionManagement_Success,TransactionManagement_Failure\",\r\n    \"storageAccountName\": \"auditcmdlets801\",\r\n    \"auditLogsTableName\": \"Sqlauditcmdletserver801\",\r\n    \"storageAccountKey\": \"********\",\r\n    \"storageAccountSecondaryKey\": null,\r\n    \"storageTableEndpoint\": \"https://auditcmdlets801.table.core.windows.net/\",\r\n    \"storageAccountResourceGroupName\": \"Default-Storage-WestUS\",\r\n    \"storageAccountSubscriptionId\": \"cca24ec8-99b5-4aa7-9ff6-486e886f304c\",\r\n    \"retentionDays\": \"0\"\r\n  }\r\n}",
      "ResponseHeaders": {
        "Content-Length": [
          "929"
        ],
        "Content-Type": [
          "application/json; odata=minimalmetadata; streaming=true; charset=utf-8"
        ],
        "x-ms-request-id": [
          "ea0bb897-9f56-4240-993a-fb3524d0648b"
        ],
        "X-Content-Type-Options": [
          "nosniff"
        ],
        "DataServiceVersion": [
          "3.0;"
        ],
        "x-ms-ratelimit-remaining-subscription-reads": [
          "14774"
        ],
        "x-ms-correlation-request-id": [
          "82d17613-d39b-40b4-b0cf-ec8b57765b74"
        ],
        "x-ms-routing-request-id": [
          "WESTEUROPE:20150713T125724Z:82d17613-d39b-40b4-b0cf-ec8b57765b74"
        ],
        "Strict-Transport-Security": [
          "max-age=31536000; includeSubDomains"
        ],
        "Cache-Control": [
          "no-store, no-cache"
        ],
        "Date": [
          "Mon, 13 Jul 2015 12:57:23 GMT"
        ],
        "Server": [
          "Microsoft-HTTPAPI/2.0"
        ]
      },
      "StatusCode": 200
    },
    {
      "RequestUri": "/subscriptions/cca24ec8-99b5-4aa7-9ff6-486e886f304c/resourceGroups/sql-audit-cmdlet-test-rg801/providers/Microsoft.Sql/servers/sql-audit-cmdlet-server801/auditingPolicies/Default?api-version=2014-04-01",
      "EncodedRequestUri": "L3N1YnNjcmlwdGlvbnMvY2NhMjRlYzgtOTliNS00YWE3LTlmZjYtNDg2ZTg4NmYzMDRjL3Jlc291cmNlR3JvdXBzL3NxbC1hdWRpdC1jbWRsZXQtdGVzdC1yZzgwMS9wcm92aWRlcnMvTWljcm9zb2Z0LlNxbC9zZXJ2ZXJzL3NxbC1hdWRpdC1jbWRsZXQtc2VydmVyODAxL2F1ZGl0aW5nUG9saWNpZXMvRGVmYXVsdD9hcGktdmVyc2lvbj0yMDE0LTA0LTAx",
      "RequestMethod": "GET",
      "RequestBody": "",
      "RequestHeaders": {
        "User-Agent": [
          "Microsoft.Azure.Management.Sql.SqlManagementClient/0.9.0.0"
        ],
        "x-ms-client-request-id": [
          "ebc24a46-884d-4a78-a385-809d92f2f4c1"
        ]
      },
      "ResponseBody": "{\r\n  \"id\": \"/subscriptions/cca24ec8-99b5-4aa7-9ff6-486e886f304c/resourceGroups/sql-audit-cmdlet-test-rg801/providers/Microsoft.Sql/servers/sql-audit-cmdlet-server801/auditingPolicies/Default\",\r\n  \"name\": \"Default\",\r\n  \"type\": \"Microsoft.Sql/servers/auditingPolicies\",\r\n  \"location\": \"West US\",\r\n  \"properties\": {\r\n    \"auditingState\": \"Enabled\",\r\n    \"eventTypesToAudit\": \"PlainSQL_Success,PlainSQL_Failure,ParameterizedSQL_Success,ParameterizedSQL_Failure,StoredProcedure_Success,StoredProcedure_Failure,Login_Success,Login_Failure,TransactionManagement_Success,TransactionManagement_Failure\",\r\n    \"storageAccountName\": \"auditcmdlets801\",\r\n    \"auditLogsTableName\": \"Sqlauditcmdletserver801\",\r\n    \"storageAccountKey\": \"********\",\r\n    \"storageAccountSecondaryKey\": null,\r\n    \"storageTableEndpoint\": \"https://auditcmdlets801.table.core.windows.net/\",\r\n    \"storageAccountResourceGroupName\": \"Default-Storage-WestUS\",\r\n    \"storageAccountSubscriptionId\": \"cca24ec8-99b5-4aa7-9ff6-486e886f304c\",\r\n    \"retentionDays\": \"0\"\r\n  }\r\n}",
      "ResponseHeaders": {
        "Content-Length": [
          "929"
        ],
        "Content-Type": [
          "application/json; odata=minimalmetadata; streaming=true; charset=utf-8"
        ],
        "x-ms-request-id": [
          "8224d17c-8bfb-4e21-8065-4c50da08e060"
        ],
        "X-Content-Type-Options": [
          "nosniff"
        ],
        "DataServiceVersion": [
          "3.0;"
        ],
        "x-ms-ratelimit-remaining-subscription-reads": [
          "14772"
        ],
        "x-ms-correlation-request-id": [
          "17d41dc1-7a29-401d-bddc-cc26386b0c77"
        ],
        "x-ms-routing-request-id": [
          "WESTEUROPE:20150713T125727Z:17d41dc1-7a29-401d-bddc-cc26386b0c77"
        ],
        "Strict-Transport-Security": [
          "max-age=31536000; includeSubDomains"
        ],
        "Cache-Control": [
          "no-store, no-cache"
        ],
        "Date": [
          "Mon, 13 Jul 2015 12:57:27 GMT"
        ],
        "Server": [
          "Microsoft-HTTPAPI/2.0"
        ]
      },
      "StatusCode": 200
    },
    {
      "RequestUri": "/subscriptions/cca24ec8-99b5-4aa7-9ff6-486e886f304c/resourceGroups/sql-audit-cmdlet-test-rg801/providers/Microsoft.Sql/servers/sql-audit-cmdlet-server801/auditingPolicies/Default?api-version=2014-04-01",
      "EncodedRequestUri": "L3N1YnNjcmlwdGlvbnMvY2NhMjRlYzgtOTliNS00YWE3LTlmZjYtNDg2ZTg4NmYzMDRjL3Jlc291cmNlR3JvdXBzL3NxbC1hdWRpdC1jbWRsZXQtdGVzdC1yZzgwMS9wcm92aWRlcnMvTWljcm9zb2Z0LlNxbC9zZXJ2ZXJzL3NxbC1hdWRpdC1jbWRsZXQtc2VydmVyODAxL2F1ZGl0aW5nUG9saWNpZXMvRGVmYXVsdD9hcGktdmVyc2lvbj0yMDE0LTA0LTAx",
      "RequestMethod": "GET",
      "RequestBody": "",
      "RequestHeaders": {
        "User-Agent": [
          "Microsoft.Azure.Management.Sql.SqlManagementClient/0.9.0.0"
        ],
        "x-ms-client-request-id": [
          "319251c9-8fd7-4a9b-bb2e-9a03d9cfc501"
        ]
      },
      "ResponseBody": "{\r\n  \"id\": \"/subscriptions/cca24ec8-99b5-4aa7-9ff6-486e886f304c/resourceGroups/sql-audit-cmdlet-test-rg801/providers/Microsoft.Sql/servers/sql-audit-cmdlet-server801/auditingPolicies/Default\",\r\n  \"name\": \"Default\",\r\n  \"type\": \"Microsoft.Sql/servers/auditingPolicies\",\r\n  \"location\": \"West US\",\r\n  \"properties\": {\r\n    \"auditingState\": \"Enabled\",\r\n    \"eventTypesToAudit\": \"PlainSQL_Success,PlainSQL_Failure,ParameterizedSQL_Success,ParameterizedSQL_Failure,StoredProcedure_Success,StoredProcedure_Failure,Login_Success,Login_Failure,TransactionManagement_Success,TransactionManagement_Failure\",\r\n    \"storageAccountName\": \"auditcmdlets801\",\r\n    \"auditLogsTableName\": \"Sqlauditcmdletserver801\",\r\n    \"storageAccountKey\": \"********\",\r\n    \"storageAccountSecondaryKey\": null,\r\n    \"storageTableEndpoint\": \"https://auditcmdlets801.table.core.windows.net/\",\r\n    \"storageAccountResourceGroupName\": \"Default-Storage-WestUS\",\r\n    \"storageAccountSubscriptionId\": \"cca24ec8-99b5-4aa7-9ff6-486e886f304c\",\r\n    \"retentionDays\": \"0\"\r\n  }\r\n}",
      "ResponseHeaders": {
        "Content-Length": [
          "929"
        ],
        "Content-Type": [
          "application/json; odata=minimalmetadata; streaming=true; charset=utf-8"
        ],
        "x-ms-request-id": [
          "d7062a0c-1842-4f5f-86cf-05c2c990c91f"
        ],
        "X-Content-Type-Options": [
          "nosniff"
        ],
        "DataServiceVersion": [
          "3.0;"
        ],
        "x-ms-ratelimit-remaining-subscription-reads": [
          "14771"
        ],
        "x-ms-correlation-request-id": [
          "6bb7e2be-e0a0-42d4-9602-20626b218793"
        ],
        "x-ms-routing-request-id": [
          "WESTEUROPE:20150713T125729Z:6bb7e2be-e0a0-42d4-9602-20626b218793"
        ],
        "Strict-Transport-Security": [
          "max-age=31536000; includeSubDomains"
        ],
        "Cache-Control": [
          "no-store, no-cache"
        ],
        "Date": [
          "Mon, 13 Jul 2015 12:57:28 GMT"
        ],
        "Server": [
          "Microsoft-HTTPAPI/2.0"
        ]
      },
      "StatusCode": 200
    },
    {
      "RequestUri": "/subscriptions/cca24ec8-99b5-4aa7-9ff6-486e886f304c/resourceGroups/sql-audit-cmdlet-test-rg801/providers/Microsoft.Sql/servers/sql-audit-cmdlet-server801/auditingPolicies/Default?api-version=2014-04-01",
      "EncodedRequestUri": "L3N1YnNjcmlwdGlvbnMvY2NhMjRlYzgtOTliNS00YWE3LTlmZjYtNDg2ZTg4NmYzMDRjL3Jlc291cmNlR3JvdXBzL3NxbC1hdWRpdC1jbWRsZXQtdGVzdC1yZzgwMS9wcm92aWRlcnMvTWljcm9zb2Z0LlNxbC9zZXJ2ZXJzL3NxbC1hdWRpdC1jbWRsZXQtc2VydmVyODAxL2F1ZGl0aW5nUG9saWNpZXMvRGVmYXVsdD9hcGktdmVyc2lvbj0yMDE0LTA0LTAx",
      "RequestMethod": "GET",
      "RequestBody": "",
      "RequestHeaders": {
        "User-Agent": [
          "Microsoft.Azure.Management.Sql.SqlManagementClient/0.9.0.0"
        ],
        "x-ms-client-request-id": [
          "01f674c6-9c86-46d6-aa12-9db0d1e4eb0f"
        ]
      },
      "ResponseBody": "{\r\n  \"id\": \"/subscriptions/cca24ec8-99b5-4aa7-9ff6-486e886f304c/resourceGroups/sql-audit-cmdlet-test-rg801/providers/Microsoft.Sql/servers/sql-audit-cmdlet-server801/auditingPolicies/Default\",\r\n  \"name\": \"Default\",\r\n  \"type\": \"Microsoft.Sql/servers/auditingPolicies\",\r\n  \"location\": \"West US\",\r\n  \"properties\": {\r\n    \"auditingState\": \"Enabled\",\r\n    \"eventTypesToAudit\": \"\",\r\n    \"storageAccountName\": \"auditcmdlets801\",\r\n    \"auditLogsTableName\": \"Sqlauditcmdletserver801\",\r\n    \"storageAccountKey\": \"********\",\r\n    \"storageAccountSecondaryKey\": null,\r\n    \"storageTableEndpoint\": \"https://auditcmdlets801.table.core.windows.net/\",\r\n    \"storageAccountResourceGroupName\": \"Default-Storage-WestUS\",\r\n    \"storageAccountSubscriptionId\": \"cca24ec8-99b5-4aa7-9ff6-486e886f304c\",\r\n    \"retentionDays\": \"0\"\r\n  }\r\n}",
      "ResponseHeaders": {
        "Content-Length": [
          "710"
        ],
        "Content-Type": [
          "application/json; odata=minimalmetadata; streaming=true; charset=utf-8"
        ],
        "x-ms-request-id": [
          "69471a22-cac5-4247-ad9d-cd1983063256"
        ],
        "X-Content-Type-Options": [
          "nosniff"
        ],
        "DataServiceVersion": [
          "3.0;"
        ],
        "x-ms-ratelimit-remaining-subscription-reads": [
          "14770"
        ],
        "x-ms-correlation-request-id": [
          "f1b1b7e1-b714-4eec-9d92-2c12efb050d6"
        ],
        "x-ms-routing-request-id": [
          "WESTEUROPE:20150713T125733Z:f1b1b7e1-b714-4eec-9d92-2c12efb050d6"
        ],
        "Strict-Transport-Security": [
          "max-age=31536000; includeSubDomains"
        ],
        "Cache-Control": [
          "no-store, no-cache"
        ],
        "Date": [
          "Mon, 13 Jul 2015 12:57:32 GMT"
        ],
        "Server": [
          "Microsoft-HTTPAPI/2.0"
        ]
      },
      "StatusCode": 200
    },
    {
      "RequestUri": "/subscriptions/cca24ec8-99b5-4aa7-9ff6-486e886f304c/resourceGroups/sql-audit-cmdlet-test-rg801/providers/Microsoft.Sql/servers/sql-audit-cmdlet-server801/auditingPolicies/Default?api-version=2014-04-01",
      "EncodedRequestUri": "L3N1YnNjcmlwdGlvbnMvY2NhMjRlYzgtOTliNS00YWE3LTlmZjYtNDg2ZTg4NmYzMDRjL3Jlc291cmNlR3JvdXBzL3NxbC1hdWRpdC1jbWRsZXQtdGVzdC1yZzgwMS9wcm92aWRlcnMvTWljcm9zb2Z0LlNxbC9zZXJ2ZXJzL3NxbC1hdWRpdC1jbWRsZXQtc2VydmVyODAxL2F1ZGl0aW5nUG9saWNpZXMvRGVmYXVsdD9hcGktdmVyc2lvbj0yMDE0LTA0LTAx",
      "RequestMethod": "GET",
      "RequestBody": "",
      "RequestHeaders": {
        "User-Agent": [
          "Microsoft.Azure.Management.Sql.SqlManagementClient/0.9.0.0"
        ],
        "x-ms-client-request-id": [
          "69ddbcd1-f827-448c-b265-c8ad65e3fe93"
        ]
      },
      "ResponseBody": "{\r\n  \"id\": \"/subscriptions/cca24ec8-99b5-4aa7-9ff6-486e886f304c/resourceGroups/sql-audit-cmdlet-test-rg801/providers/Microsoft.Sql/servers/sql-audit-cmdlet-server801/auditingPolicies/Default\",\r\n  \"name\": \"Default\",\r\n  \"type\": \"Microsoft.Sql/servers/auditingPolicies\",\r\n  \"location\": \"West US\",\r\n  \"properties\": {\r\n    \"auditingState\": \"Enabled\",\r\n    \"eventTypesToAudit\": \"\",\r\n    \"storageAccountName\": \"auditcmdlets801\",\r\n    \"auditLogsTableName\": \"Sqlauditcmdletserver801\",\r\n    \"storageAccountKey\": \"********\",\r\n    \"storageAccountSecondaryKey\": null,\r\n    \"storageTableEndpoint\": \"https://auditcmdlets801.table.core.windows.net/\",\r\n    \"storageAccountResourceGroupName\": \"Default-Storage-WestUS\",\r\n    \"storageAccountSubscriptionId\": \"cca24ec8-99b5-4aa7-9ff6-486e886f304c\",\r\n    \"retentionDays\": \"0\"\r\n  }\r\n}",
      "ResponseHeaders": {
        "Content-Length": [
          "710"
        ],
        "Content-Type": [
          "application/json; odata=minimalmetadata; streaming=true; charset=utf-8"
        ],
        "x-ms-request-id": [
          "41e0fd21-ed60-4eb0-96d4-1a3c1dbfab5e"
        ],
        "X-Content-Type-Options": [
          "nosniff"
        ],
        "DataServiceVersion": [
          "3.0;"
        ],
        "x-ms-ratelimit-remaining-subscription-reads": [
          "14769"
        ],
        "x-ms-correlation-request-id": [
          "f20c6d61-d666-4102-8a42-5338e6a5f33a"
        ],
        "x-ms-routing-request-id": [
          "WESTEUROPE:20150713T125734Z:f20c6d61-d666-4102-8a42-5338e6a5f33a"
        ],
        "Strict-Transport-Security": [
          "max-age=31536000; includeSubDomains"
        ],
        "Cache-Control": [
          "no-store, no-cache"
        ],
        "Date": [
          "Mon, 13 Jul 2015 12:57:33 GMT"
        ],
        "Server": [
          "Microsoft-HTTPAPI/2.0"
        ]
      },
      "StatusCode": 200
    },
    {
      "RequestUri": "/subscriptions/cca24ec8-99b5-4aa7-9ff6-486e886f304c/resourceGroups/sql-audit-cmdlet-test-rg801/providers/Microsoft.Sql/servers/sql-audit-cmdlet-server801/auditingPolicies/Default?api-version=2014-04-01",
      "EncodedRequestUri": "L3N1YnNjcmlwdGlvbnMvY2NhMjRlYzgtOTliNS00YWE3LTlmZjYtNDg2ZTg4NmYzMDRjL3Jlc291cmNlR3JvdXBzL3NxbC1hdWRpdC1jbWRsZXQtdGVzdC1yZzgwMS9wcm92aWRlcnMvTWljcm9zb2Z0LlNxbC9zZXJ2ZXJzL3NxbC1hdWRpdC1jbWRsZXQtc2VydmVyODAxL2F1ZGl0aW5nUG9saWNpZXMvRGVmYXVsdD9hcGktdmVyc2lvbj0yMDE0LTA0LTAx",
      "RequestMethod": "GET",
      "RequestBody": "",
      "RequestHeaders": {
        "User-Agent": [
          "Microsoft.Azure.Management.Sql.SqlManagementClient/0.9.0.0"
        ],
        "x-ms-client-request-id": [
          "f77f513c-6aa6-4719-96a4-4f8bbf693f25"
        ]
      },
      "ResponseBody": "{\r\n  \"id\": \"/subscriptions/cca24ec8-99b5-4aa7-9ff6-486e886f304c/resourceGroups/sql-audit-cmdlet-test-rg801/providers/Microsoft.Sql/servers/sql-audit-cmdlet-server801/auditingPolicies/Default\",\r\n  \"name\": \"Default\",\r\n  \"type\": \"Microsoft.Sql/servers/auditingPolicies\",\r\n  \"location\": \"West US\",\r\n  \"properties\": {\r\n    \"auditingState\": \"Enabled\",\r\n    \"eventTypesToAudit\": \"\",\r\n    \"storageAccountName\": \"auditcmdlets801\",\r\n    \"auditLogsTableName\": \"Sqlauditcmdletserver801\",\r\n    \"storageAccountKey\": \"********\",\r\n    \"storageAccountSecondaryKey\": null,\r\n    \"storageTableEndpoint\": \"https://auditcmdlets801.table.core.windows.net/\",\r\n    \"storageAccountResourceGroupName\": \"Default-Storage-WestUS\",\r\n    \"storageAccountSubscriptionId\": \"cca24ec8-99b5-4aa7-9ff6-486e886f304c\",\r\n    \"retentionDays\": \"0\"\r\n  }\r\n}",
      "ResponseHeaders": {
        "Content-Length": [
          "710"
        ],
        "Content-Type": [
          "application/json; odata=minimalmetadata; streaming=true; charset=utf-8"
        ],
        "x-ms-request-id": [
          "b92687ab-fda9-426f-8272-5e304388091e"
        ],
        "X-Content-Type-Options": [
          "nosniff"
        ],
        "DataServiceVersion": [
          "3.0;"
        ],
        "x-ms-ratelimit-remaining-subscription-reads": [
          "14768"
        ],
        "x-ms-correlation-request-id": [
          "a2840fdc-f7e8-4c48-a122-d962388d4d07"
        ],
        "x-ms-routing-request-id": [
          "WESTEUROPE:20150713T125738Z:a2840fdc-f7e8-4c48-a122-d962388d4d07"
        ],
        "Strict-Transport-Security": [
          "max-age=31536000; includeSubDomains"
        ],
        "Cache-Control": [
          "no-store, no-cache"
        ],
        "Date": [
          "Mon, 13 Jul 2015 12:57:37 GMT"
        ],
        "Server": [
          "Microsoft-HTTPAPI/2.0"
        ]
      },
      "StatusCode": 200
    },
    {
      "RequestUri": "/subscriptions/cca24ec8-99b5-4aa7-9ff6-486e886f304c/resourceGroups/sql-audit-cmdlet-test-rg801/providers/Microsoft.Sql/servers/sql-audit-cmdlet-server801/auditingPolicies/Default?api-version=2014-04-01",
      "EncodedRequestUri": "L3N1YnNjcmlwdGlvbnMvY2NhMjRlYzgtOTliNS00YWE3LTlmZjYtNDg2ZTg4NmYzMDRjL3Jlc291cmNlR3JvdXBzL3NxbC1hdWRpdC1jbWRsZXQtdGVzdC1yZzgwMS9wcm92aWRlcnMvTWljcm9zb2Z0LlNxbC9zZXJ2ZXJzL3NxbC1hdWRpdC1jbWRsZXQtc2VydmVyODAxL2F1ZGl0aW5nUG9saWNpZXMvRGVmYXVsdD9hcGktdmVyc2lvbj0yMDE0LTA0LTAx",
      "RequestMethod": "GET",
      "RequestBody": "",
      "RequestHeaders": {
        "User-Agent": [
          "Microsoft.Azure.Management.Sql.SqlManagementClient/0.9.0.0"
        ],
        "x-ms-client-request-id": [
          "87bd6655-4a5e-4de7-ac11-d840dffe3f81"
        ]
      },
      "ResponseBody": "{\r\n  \"id\": \"/subscriptions/cca24ec8-99b5-4aa7-9ff6-486e886f304c/resourceGroups/sql-audit-cmdlet-test-rg801/providers/Microsoft.Sql/servers/sql-audit-cmdlet-server801/auditingPolicies/Default\",\r\n  \"name\": \"Default\",\r\n  \"type\": \"Microsoft.Sql/servers/auditingPolicies\",\r\n  \"location\": \"West US\",\r\n  \"properties\": {\r\n    \"auditingState\": \"Enabled\",\r\n    \"eventTypesToAudit\": \"\",\r\n    \"storageAccountName\": \"auditcmdlets801\",\r\n    \"auditLogsTableName\": \"Sqlauditcmdletserver801\",\r\n    \"storageAccountKey\": \"********\",\r\n    \"storageAccountSecondaryKey\": null,\r\n    \"storageTableEndpoint\": \"https://auditcmdlets801.table.core.windows.net/\",\r\n    \"storageAccountResourceGroupName\": \"Default-Storage-WestUS\",\r\n    \"storageAccountSubscriptionId\": \"cca24ec8-99b5-4aa7-9ff6-486e886f304c\",\r\n    \"retentionDays\": \"0\"\r\n  }\r\n}",
      "ResponseHeaders": {
        "Content-Length": [
          "710"
        ],
        "Content-Type": [
          "application/json; odata=minimalmetadata; streaming=true; charset=utf-8"
        ],
        "x-ms-request-id": [
          "703cd64b-bc91-4f0f-b26d-e655746e9245"
        ],
        "X-Content-Type-Options": [
          "nosniff"
        ],
        "DataServiceVersion": [
          "3.0;"
        ],
        "x-ms-ratelimit-remaining-subscription-reads": [
          "14767"
        ],
        "x-ms-correlation-request-id": [
          "d1ca1467-9eaf-49ad-ab54-88d43a73b8b7"
        ],
        "x-ms-routing-request-id": [
          "WESTEUROPE:20150713T125739Z:d1ca1467-9eaf-49ad-ab54-88d43a73b8b7"
        ],
        "Strict-Transport-Security": [
          "max-age=31536000; includeSubDomains"
        ],
        "Cache-Control": [
          "no-store, no-cache"
        ],
        "Date": [
          "Mon, 13 Jul 2015 12:57:38 GMT"
        ],
        "Server": [
          "Microsoft-HTTPAPI/2.0"
        ]
      },
      "StatusCode": 200
    },
    {
      "RequestUri": "/subscriptions/cca24ec8-99b5-4aa7-9ff6-486e886f304c/resourceGroups/sql-audit-cmdlet-test-rg801/providers/Microsoft.Sql/servers/sql-audit-cmdlet-server801/auditingPolicies/Default?api-version=2014-04-01",
      "EncodedRequestUri": "L3N1YnNjcmlwdGlvbnMvY2NhMjRlYzgtOTliNS00YWE3LTlmZjYtNDg2ZTg4NmYzMDRjL3Jlc291cmNlR3JvdXBzL3NxbC1hdWRpdC1jbWRsZXQtdGVzdC1yZzgwMS9wcm92aWRlcnMvTWljcm9zb2Z0LlNxbC9zZXJ2ZXJzL3NxbC1hdWRpdC1jbWRsZXQtc2VydmVyODAxL2F1ZGl0aW5nUG9saWNpZXMvRGVmYXVsdD9hcGktdmVyc2lvbj0yMDE0LTA0LTAx",
      "RequestMethod": "GET",
      "RequestBody": "",
      "RequestHeaders": {
        "User-Agent": [
          "Microsoft.Azure.Management.Sql.SqlManagementClient/0.9.0.0"
        ],
        "x-ms-client-request-id": [
          "a96098d7-ef97-414f-ac41-b8433393d7a2"
        ]
      },
      "ResponseBody": "{\r\n  \"id\": \"/subscriptions/cca24ec8-99b5-4aa7-9ff6-486e886f304c/resourceGroups/sql-audit-cmdlet-test-rg801/providers/Microsoft.Sql/servers/sql-audit-cmdlet-server801/auditingPolicies/Default\",\r\n  \"name\": \"Default\",\r\n  \"type\": \"Microsoft.Sql/servers/auditingPolicies\",\r\n  \"location\": \"West US\",\r\n  \"properties\": {\r\n    \"auditingState\": \"Enabled\",\r\n    \"eventTypesToAudit\": \"\",\r\n    \"storageAccountName\": \"auditcmdlets801\",\r\n    \"auditLogsTableName\": \"Sqlauditcmdletserver801\",\r\n    \"storageAccountKey\": \"********\",\r\n    \"storageAccountSecondaryKey\": null,\r\n    \"storageTableEndpoint\": \"https://auditcmdlets801.table.core.windows.net/\",\r\n    \"storageAccountResourceGroupName\": \"Default-Storage-WestUS\",\r\n    \"storageAccountSubscriptionId\": \"cca24ec8-99b5-4aa7-9ff6-486e886f304c\",\r\n    \"retentionDays\": \"0\"\r\n  }\r\n}",
      "ResponseHeaders": {
        "Content-Length": [
          "710"
        ],
        "Content-Type": [
          "application/json; odata=minimalmetadata; streaming=true; charset=utf-8"
        ],
        "x-ms-request-id": [
          "0201c1f1-e8d0-4bc3-9a05-3bf92ab8a066"
        ],
        "X-Content-Type-Options": [
          "nosniff"
        ],
        "DataServiceVersion": [
          "3.0;"
        ],
        "x-ms-ratelimit-remaining-subscription-reads": [
          "14766"
        ],
        "x-ms-correlation-request-id": [
          "a2fa13ee-85a4-4284-b65d-1e023b659b83"
        ],
        "x-ms-routing-request-id": [
          "WESTEUROPE:20150713T125740Z:a2fa13ee-85a4-4284-b65d-1e023b659b83"
        ],
        "Strict-Transport-Security": [
          "max-age=31536000; includeSubDomains"
        ],
        "Cache-Control": [
          "no-store, no-cache"
        ],
        "Date": [
          "Mon, 13 Jul 2015 12:57:39 GMT"
        ],
        "Server": [
          "Microsoft-HTTPAPI/2.0"
        ]
      },
      "StatusCode": 200
    },
    {
      "RequestUri": "/subscriptions/cca24ec8-99b5-4aa7-9ff6-486e886f304c/resourceGroups/sql-audit-cmdlet-test-rg801/providers/Microsoft.Sql/servers/sql-audit-cmdlet-server801/auditingPolicies/Default?api-version=2014-04-01",
      "EncodedRequestUri": "L3N1YnNjcmlwdGlvbnMvY2NhMjRlYzgtOTliNS00YWE3LTlmZjYtNDg2ZTg4NmYzMDRjL3Jlc291cmNlR3JvdXBzL3NxbC1hdWRpdC1jbWRsZXQtdGVzdC1yZzgwMS9wcm92aWRlcnMvTWljcm9zb2Z0LlNxbC9zZXJ2ZXJzL3NxbC1hdWRpdC1jbWRsZXQtc2VydmVyODAxL2F1ZGl0aW5nUG9saWNpZXMvRGVmYXVsdD9hcGktdmVyc2lvbj0yMDE0LTA0LTAx",
      "RequestMethod": "GET",
      "RequestBody": "",
      "RequestHeaders": {
        "User-Agent": [
          "Microsoft.Azure.Management.Sql.SqlManagementClient/0.9.0.0"
        ],
        "x-ms-client-request-id": [
          "60e18321-bcde-40e2-a434-f5767054187a"
        ]
      },
      "ResponseBody": "{\r\n  \"id\": \"/subscriptions/cca24ec8-99b5-4aa7-9ff6-486e886f304c/resourceGroups/sql-audit-cmdlet-test-rg801/providers/Microsoft.Sql/servers/sql-audit-cmdlet-server801/auditingPolicies/Default\",\r\n  \"name\": \"Default\",\r\n  \"type\": \"Microsoft.Sql/servers/auditingPolicies\",\r\n  \"location\": \"West US\",\r\n  \"properties\": {\r\n    \"auditingState\": \"Enabled\",\r\n    \"eventTypesToAudit\": \"\",\r\n    \"storageAccountName\": \"auditcmdlets801\",\r\n    \"auditLogsTableName\": \"Sqlauditcmdletserver801\",\r\n    \"storageAccountKey\": \"********\",\r\n    \"storageAccountSecondaryKey\": null,\r\n    \"storageTableEndpoint\": \"https://auditcmdlets801.table.core.windows.net/\",\r\n    \"storageAccountResourceGroupName\": \"Default-Storage-WestUS\",\r\n    \"storageAccountSubscriptionId\": \"cca24ec8-99b5-4aa7-9ff6-486e886f304c\",\r\n    \"retentionDays\": \"0\"\r\n  }\r\n}",
      "ResponseHeaders": {
        "Content-Length": [
          "710"
        ],
        "Content-Type": [
          "application/json; odata=minimalmetadata; streaming=true; charset=utf-8"
        ],
        "x-ms-request-id": [
          "c22af49b-89a6-4889-abc9-835c01393633"
        ],
        "X-Content-Type-Options": [
          "nosniff"
        ],
        "DataServiceVersion": [
          "3.0;"
        ],
        "x-ms-ratelimit-remaining-subscription-reads": [
          "14765"
        ],
        "x-ms-correlation-request-id": [
          "41201acb-f178-4dbd-806b-a6a8261ebd22"
        ],
        "x-ms-routing-request-id": [
          "WESTEUROPE:20150713T125741Z:41201acb-f178-4dbd-806b-a6a8261ebd22"
        ],
        "Strict-Transport-Security": [
          "max-age=31536000; includeSubDomains"
        ],
        "Cache-Control": [
          "no-store, no-cache"
        ],
        "Date": [
          "Mon, 13 Jul 2015 12:57:41 GMT"
        ],
        "Server": [
          "Microsoft-HTTPAPI/2.0"
        ]
      },
      "StatusCode": 200
    },
    {
      "RequestUri": "/subscriptions/cca24ec8-99b5-4aa7-9ff6-486e886f304c/resourceGroups/sql-audit-cmdlet-test-rg801/providers/Microsoft.Sql/servers/sql-audit-cmdlet-server801/auditingPolicies/Default?api-version=2014-04-01",
      "EncodedRequestUri": "L3N1YnNjcmlwdGlvbnMvY2NhMjRlYzgtOTliNS00YWE3LTlmZjYtNDg2ZTg4NmYzMDRjL3Jlc291cmNlR3JvdXBzL3NxbC1hdWRpdC1jbWRsZXQtdGVzdC1yZzgwMS9wcm92aWRlcnMvTWljcm9zb2Z0LlNxbC9zZXJ2ZXJzL3NxbC1hdWRpdC1jbWRsZXQtc2VydmVyODAxL2F1ZGl0aW5nUG9saWNpZXMvRGVmYXVsdD9hcGktdmVyc2lvbj0yMDE0LTA0LTAx",
      "RequestMethod": "GET",
      "RequestBody": "",
      "RequestHeaders": {
        "User-Agent": [
          "Microsoft.Azure.Management.Sql.SqlManagementClient/0.9.0.0"
        ],
        "x-ms-client-request-id": [
          "db5b996b-a9d7-40b7-a79a-b9b1309702e8"
        ]
      },
      "ResponseBody": "{\r\n  \"id\": \"/subscriptions/cca24ec8-99b5-4aa7-9ff6-486e886f304c/resourceGroups/sql-audit-cmdlet-test-rg801/providers/Microsoft.Sql/servers/sql-audit-cmdlet-server801/auditingPolicies/Default\",\r\n  \"name\": \"Default\",\r\n  \"type\": \"Microsoft.Sql/servers/auditingPolicies\",\r\n  \"location\": \"West US\",\r\n  \"properties\": {\r\n    \"auditingState\": \"Enabled\",\r\n    \"eventTypesToAudit\": \"\",\r\n    \"storageAccountName\": \"auditcmdlets801\",\r\n    \"auditLogsTableName\": \"Sqlauditcmdletserver801\",\r\n    \"storageAccountKey\": \"********\",\r\n    \"storageAccountSecondaryKey\": null,\r\n    \"storageTableEndpoint\": \"https://auditcmdlets801.table.core.windows.net/\",\r\n    \"storageAccountResourceGroupName\": \"Default-Storage-WestUS\",\r\n    \"storageAccountSubscriptionId\": \"cca24ec8-99b5-4aa7-9ff6-486e886f304c\",\r\n    \"retentionDays\": \"0\"\r\n  }\r\n}",
      "ResponseHeaders": {
        "Content-Length": [
          "710"
        ],
        "Content-Type": [
          "application/json; odata=minimalmetadata; streaming=true; charset=utf-8"
        ],
        "x-ms-request-id": [
          "4f3865ad-bbac-4a39-b381-069d50c84cc3"
        ],
        "X-Content-Type-Options": [
          "nosniff"
        ],
        "DataServiceVersion": [
          "3.0;"
        ],
        "x-ms-ratelimit-remaining-subscription-reads": [
          "14764"
        ],
        "x-ms-correlation-request-id": [
          "505a1c29-8fcc-41ec-9f8b-55d237dafbce"
        ],
        "x-ms-routing-request-id": [
          "WESTEUROPE:20150713T125743Z:505a1c29-8fcc-41ec-9f8b-55d237dafbce"
        ],
        "Strict-Transport-Security": [
          "max-age=31536000; includeSubDomains"
        ],
        "Cache-Control": [
          "no-store, no-cache"
        ],
        "Date": [
          "Mon, 13 Jul 2015 12:57:43 GMT"
        ],
        "Server": [
          "Microsoft-HTTPAPI/2.0"
        ]
      },
      "StatusCode": 200
    },
    {
      "RequestUri": "/subscriptions/cca24ec8-99b5-4aa7-9ff6-486e886f304c/resources?$filter=resourceType%20eq%20'Microsoft.ClassicStorage%2FstorageAccounts'&api-version=2014-04-01-preview",
      "EncodedRequestUri": "L3N1YnNjcmlwdGlvbnMvY2NhMjRlYzgtOTliNS00YWE3LTlmZjYtNDg2ZTg4NmYzMDRjL3Jlc291cmNlcz8kZmlsdGVyPXJlc291cmNlVHlwZSUyMGVxJTIwJ01pY3Jvc29mdC5DbGFzc2ljU3RvcmFnZSUyRnN0b3JhZ2VBY2NvdW50cycmYXBpLXZlcnNpb249MjAxNC0wNC0wMS1wcmV2aWV3",
      "RequestMethod": "GET",
      "RequestBody": "",
      "RequestHeaders": {
        "User-Agent": [
          "Microsoft.Azure.Management.Resources.ResourceManagementClient/2.0.0.0"
        ]
      },
      "ResponseBody": "{\r\n  \"value\": [\r\n    {\r\n      \"id\": \"/subscriptions/cca24ec8-99b5-4aa7-9ff6-486e886f304c/resourceGroups/cmdletssignoffgroup1/providers/Microsoft.ClassicStorage/storageAccounts/yoavfpowerbi\",\r\n      \"name\": \"yoavfpowerbi\",\r\n      \"type\": \"Microsoft.ClassicStorage/storageAccounts\",\r\n      \"location\": \"westus\"\r\n    },\r\n    {\r\n      \"id\": \"/subscriptions/cca24ec8-99b5-4aa7-9ff6-486e886f304c/resourceGroups/Default-Storage-EastAsia/providers/Microsoft.ClassicStorage/storageAccounts/portalvhdsq8lmr4qtzkxb5\",\r\n      \"name\": \"portalvhdsq8lmr4qtzkxb5\",\r\n      \"type\": \"Microsoft.ClassicStorage/storageAccounts\",\r\n      \"location\": \"eastasia\"\r\n    },\r\n    {\r\n      \"id\": \"/subscriptions/cca24ec8-99b5-4aa7-9ff6-486e886f304c/resourceGroups/Default-Storage-EastUS/providers/Microsoft.ClassicStorage/storageAccounts/lianastorage2\",\r\n      \"name\": \"lianastorage2\",\r\n      \"type\": \"Microsoft.ClassicStorage/storageAccounts\",\r\n      \"location\": \"eastus\"\r\n    },\r\n    {\r\n      \"id\": \"/subscriptions/cca24ec8-99b5-4aa7-9ff6-486e886f304c/resourceGroups/Default-Storage-EastUS/providers/Microsoft.ClassicStorage/storageAccounts/portalvhdsb85hb194sjzz\",\r\n      \"name\": \"portalvhdsb85hb194sjzz\",\r\n      \"type\": \"Microsoft.ClassicStorage/storageAccounts\",\r\n      \"location\": \"eastus\"\r\n    },\r\n    {\r\n      \"id\": \"/subscriptions/cca24ec8-99b5-4aa7-9ff6-486e886f304c/resourceGroups/Default-Storage-EastUS2/providers/Microsoft.ClassicStorage/storageAccounts/portalvhdsv934j7szk9sg7\",\r\n      \"name\": \"portalvhdsv934j7szk9sg7\",\r\n      \"type\": \"Microsoft.ClassicStorage/storageAccounts\",\r\n      \"location\": \"eastus2\"\r\n    },\r\n    {\r\n      \"id\": \"/subscriptions/cca24ec8-99b5-4aa7-9ff6-486e886f304c/resourceGroups/Default-Storage-WestEurope/providers/Microsoft.ClassicStorage/storageAccounts/alexumauditlogsstorage\",\r\n      \"name\": \"alexumauditlogsstorage\",\r\n      \"type\": \"Microsoft.ClassicStorage/storageAccounts\",\r\n      \"location\": \"westeurope\"\r\n    },\r\n    {\r\n      \"id\": \"/subscriptions/cca24ec8-99b5-4aa7-9ff6-486e886f304c/resourceGroups/Default-Storage-WestEurope/providers/Microsoft.ClassicStorage/storageAccounts/nadavhauditlogsstorage\",\r\n      \"name\": \"nadavhauditlogsstorage\",\r\n      \"type\": \"Microsoft.ClassicStorage/storageAccounts\",\r\n      \"location\": \"westeurope\"\r\n    },\r\n    {\r\n      \"id\": \"/subscriptions/cca24ec8-99b5-4aa7-9ff6-486e886f304c/resourceGroups/Default-Storage-WestEurope/providers/Microsoft.ClassicStorage/storageAccounts/ofirtest\",\r\n      \"name\": \"ofirtest\",\r\n      \"type\": \"Microsoft.ClassicStorage/storageAccounts\",\r\n      \"location\": \"westeurope\"\r\n    },\r\n    {\r\n      \"id\": \"/subscriptions/cca24ec8-99b5-4aa7-9ff6-486e886f304c/resourceGroups/Default-Storage-WestEurope/providers/Microsoft.ClassicStorage/storageAccounts/portalvhdsy8wcm73x2bh2j\",\r\n      \"name\": \"portalvhdsy8wcm73x2bh2j\",\r\n      \"type\": \"Microsoft.ClassicStorage/storageAccounts\",\r\n      \"location\": \"westeurope\"\r\n    },\r\n    {\r\n      \"id\": \"/subscriptions/cca24ec8-99b5-4aa7-9ff6-486e886f304c/resourceGroups/Default-Storage-WestEurope/providers/Microsoft.ClassicStorage/storageAccounts/rambrachteststorage\",\r\n      \"name\": \"rambrachteststorage\",\r\n      \"type\": \"Microsoft.ClassicStorage/storageAccounts\",\r\n      \"location\": \"westeurope\"\r\n    },\r\n    {\r\n      \"id\": \"/subscriptions/cca24ec8-99b5-4aa7-9ff6-486e886f304c/resourceGroups/Default-Storage-WestUS/providers/Microsoft.ClassicStorage/storageAccounts/auditcmdlets801\",\r\n      \"name\": \"auditcmdlets801\",\r\n      \"type\": \"Microsoft.ClassicStorage/storageAccounts\",\r\n      \"location\": \"westus\"\r\n    },\r\n    {\r\n      \"id\": \"/subscriptions/cca24ec8-99b5-4aa7-9ff6-486e886f304c/resourceGroups/Default-Storage-WestUS/providers/Microsoft.ClassicStorage/storageAccounts/portalvhdsf7kj9rfzv9wn7\",\r\n      \"name\": \"portalvhdsf7kj9rfzv9wn7\",\r\n      \"type\": \"Microsoft.ClassicStorage/storageAccounts\",\r\n      \"location\": \"westus\"\r\n    },\r\n    {\r\n      \"id\": \"/subscriptions/cca24ec8-99b5-4aa7-9ff6-486e886f304c/resourceGroups/Default-Storage-WestUS/providers/Microsoft.ClassicStorage/storageAccounts/yrubincmdletstest\",\r\n      \"name\": \"yrubincmdletstest\",\r\n      \"type\": \"Microsoft.ClassicStorage/storageAccounts\",\r\n      \"location\": \"westus\"\r\n    }\r\n  ]\r\n}",
      "ResponseHeaders": {
        "Content-Length": [
          "3542"
        ],
        "Content-Type": [
          "application/json; charset=utf-8"
        ],
        "Expires": [
          "-1"
        ],
        "Pragma": [
          "no-cache"
        ],
        "x-ms-ratelimit-remaining-subscription-reads": [
          "14853"
        ],
        "x-ms-request-id": [
          "89023df0-2f67-45db-a796-dbf2844ab8c8"
        ],
        "x-ms-correlation-request-id": [
          "89023df0-2f67-45db-a796-dbf2844ab8c8"
        ],
        "x-ms-routing-request-id": [
          "WESTEUROPE:20150713T125718Z:89023df0-2f67-45db-a796-dbf2844ab8c8"
        ],
        "Strict-Transport-Security": [
          "max-age=31536000; includeSubDomains"
        ],
        "Cache-Control": [
          "no-cache"
        ],
        "Date": [
          "Mon, 13 Jul 2015 12:57:18 GMT"
        ]
      },
      "StatusCode": 200
    },
    {
      "RequestUri": "/cca24ec8-99b5-4aa7-9ff6-486e886f304c/services/storageservices/auditcmdlets801",
      "EncodedRequestUri": "L2NjYTI0ZWM4LTk5YjUtNGFhNy05ZmY2LTQ4NmU4ODZmMzA0Yy9zZXJ2aWNlcy9zdG9yYWdlc2VydmljZXMvYXVkaXRjbWRsZXRzODAx",
      "RequestMethod": "GET",
      "RequestBody": "",
      "RequestHeaders": {
        "x-ms-version": [
          "2014-10-01"
        ],
        "User-Agent": [
          "Microsoft.WindowsAzure.Management.Storage.StorageManagementClient/5.0.0.0"
        ]
      },
      "ResponseBody": "<StorageService xmlns=\"http://schemas.microsoft.com/windowsazure\" xmlns:i=\"http://www.w3.org/2001/XMLSchema-instance\">\r\n  <Url>https://management.core.windows.net/cca24ec8-99b5-4aa7-9ff6-486e886f304c/services/storageservices/auditcmdlets801</Url>\r\n  <ServiceName>auditcmdlets801</ServiceName>\r\n  <StorageServiceProperties>\r\n    <Description i:nil=\"true\" />\r\n    <Location>West US</Location>\r\n    <Label>YXVkaXRjbWRsZXRzODAx</Label>\r\n    <Status>Created</Status>\r\n    <Endpoints>\r\n      <Endpoint>https://auditcmdlets801.blob.core.windows.net/</Endpoint>\r\n      <Endpoint>https://auditcmdlets801.queue.core.windows.net/</Endpoint>\r\n      <Endpoint>https://auditcmdlets801.table.core.windows.net/</Endpoint>\r\n    </Endpoints>\r\n    <GeoPrimaryRegion>West US</GeoPrimaryRegion>\r\n    <StatusOfPrimary>Available</StatusOfPrimary>\r\n    <GeoSecondaryRegion>East US</GeoSecondaryRegion>\r\n    <StatusOfSecondary>Available</StatusOfSecondary>\r\n    <CreationTime>2015-07-13T12:55:38Z</CreationTime>\r\n    <CustomDomains />\r\n    <AccountType>Standard_GRS</AccountType>\r\n  </StorageServiceProperties>\r\n  <ExtendedProperties>\r\n    <ExtendedProperty>\r\n      <Name>ResourceGroup</Name>\r\n      <Value>Default-Storage-WestUS</Value>\r\n    </ExtendedProperty>\r\n    <ExtendedProperty>\r\n      <Name>ResourceLocation</Name>\r\n      <Value>West US</Value>\r\n    </ExtendedProperty>\r\n  </ExtendedProperties>\r\n  <Capabilities>\r\n    <Capability>PersistentVMRole</Capability>\r\n  </Capabilities>\r\n</StorageService>",
      "ResponseHeaders": {
        "Content-Length": [
          "1281"
        ],
        "Content-Type": [
          "application/xml; charset=utf-8"
        ],
        "x-ms-servedbyregion": [
          "ussouth3"
        ],
        "x-ms-request-id": [
          "e173c0ff2917cb46b3682365dbf48d85"
        ],
        "Cache-Control": [
          "no-cache"
        ],
        "Date": [
          "Mon, 13 Jul 2015 12:57:18 GMT"
        ],
        "Server": [
          "1.0.6198.243",
          "(rd_rdfe_stable.150618-1025)",
          "Microsoft-HTTPAPI/2.0"
        ]
      },
      "StatusCode": 200
    },
    {
      "RequestUri": "/subscriptions/cca24ec8-99b5-4aa7-9ff6-486e886f304c/resourceGroups/Default-Storage-WestUS/providers/Microsoft.ClassicStorage/storageAccounts/auditcmdlets801/listKeys?api-version=2014-06-01",
      "EncodedRequestUri": "L3N1YnNjcmlwdGlvbnMvY2NhMjRlYzgtOTliNS00YWE3LTlmZjYtNDg2ZTg4NmYzMDRjL3Jlc291cmNlR3JvdXBzL0RlZmF1bHQtU3RvcmFnZS1XZXN0VVMvcHJvdmlkZXJzL01pY3Jvc29mdC5DbGFzc2ljU3RvcmFnZS9zdG9yYWdlQWNjb3VudHMvYXVkaXRjbWRsZXRzODAxL2xpc3RLZXlzP2FwaS12ZXJzaW9uPTIwMTQtMDYtMDE=",
      "RequestMethod": "POST",
      "RequestBody": "",
      "RequestHeaders": {
        "User-Agent": [
          "Microsoft.Azure.Management.Sql.SqlManagementClient/0.9.0.0"
        ],
        "x-ms-client-request-id": [
          "none"
        ]
      },
      "ResponseBody": "{\r\n  \"primaryKey\": \"w8J3b1HYKATcUyKxzpI/wjWft13BWP/1hqUTxi1l2WJPZDhNn/H097rg+qRXoiQm2L/1E79EEsenAIc+SoPBFg==\",\r\n  \"secondaryKey\": \"QBUXU9Fd3gHO2yxdbtAaCieF9pJKpdmIUZ8hii6ZV1SHQgfxIvxbLSq/5xKgVlsAR/EqdRZS6PiKSuVJ7oXNtQ==\"\r\n}",
      "ResponseHeaders": {
        "Content-Length": [
          "211"
        ],
        "Content-Type": [
          "application/json; charset=utf-8"
        ],
        "Expires": [
          "-1"
        ],
        "Pragma": [
          "no-cache"
        ],
        "Vary": [
          "Accept-Encoding"
        ],
        "x-ms-request-id": [
          "southcentralus:2f3af641-eee7-4466-ae5a-aaeb0bebf324"
        ],
        "x-ms-ratelimit-remaining-subscription-writes": [
          "1185"
        ],
        "x-ms-correlation-request-id": [
          "67ac0b89-1529-4d26-8681-7c0539f02d22"
        ],
        "x-ms-routing-request-id": [
          "WESTEUROPE:20150713T125719Z:67ac0b89-1529-4d26-8681-7c0539f02d22"
        ],
        "Strict-Transport-Security": [
          "max-age=31536000; includeSubDomains"
        ],
        "Cache-Control": [
          "no-cache"
        ],
        "Date": [
          "Mon, 13 Jul 2015 12:57:19 GMT"
        ]
      },
      "StatusCode": 200
    },
    {
      "RequestUri": "/subscriptions/cca24ec8-99b5-4aa7-9ff6-486e886f304c/resourceGroups/Default-Storage-WestUS/providers/Microsoft.ClassicStorage/storageAccounts/auditcmdlets801/listKeys?api-version=2014-06-01",
      "EncodedRequestUri": "L3N1YnNjcmlwdGlvbnMvY2NhMjRlYzgtOTliNS00YWE3LTlmZjYtNDg2ZTg4NmYzMDRjL3Jlc291cmNlR3JvdXBzL0RlZmF1bHQtU3RvcmFnZS1XZXN0VVMvcHJvdmlkZXJzL01pY3Jvc29mdC5DbGFzc2ljU3RvcmFnZS9zdG9yYWdlQWNjb3VudHMvYXVkaXRjbWRsZXRzODAxL2xpc3RLZXlzP2FwaS12ZXJzaW9uPTIwMTQtMDYtMDE=",
      "RequestMethod": "POST",
      "RequestBody": "",
      "RequestHeaders": {
        "User-Agent": [
          "Microsoft.Azure.Management.Sql.SqlManagementClient/0.9.0.0"
        ],
        "x-ms-client-request-id": [
          "none"
        ]
      },
      "ResponseBody": "{\r\n  \"primaryKey\": \"w8J3b1HYKATcUyKxzpI/wjWft13BWP/1hqUTxi1l2WJPZDhNn/H097rg+qRXoiQm2L/1E79EEsenAIc+SoPBFg==\",\r\n  \"secondaryKey\": \"QBUXU9Fd3gHO2yxdbtAaCieF9pJKpdmIUZ8hii6ZV1SHQgfxIvxbLSq/5xKgVlsAR/EqdRZS6PiKSuVJ7oXNtQ==\"\r\n}",
      "ResponseHeaders": {
        "Content-Length": [
          "211"
        ],
        "Content-Type": [
          "application/json; charset=utf-8"
        ],
        "Expires": [
          "-1"
        ],
        "Pragma": [
          "no-cache"
        ],
        "Vary": [
          "Accept-Encoding"
        ],
        "x-ms-request-id": [
          "southcentralus:45978028-aebd-4091-868d-e47a5d556bd2"
        ],
        "x-ms-ratelimit-remaining-subscription-writes": [
          "1183"
        ],
        "x-ms-correlation-request-id": [
          "69befee9-f05d-4a48-a2e7-6e88f22d0bed"
        ],
        "x-ms-routing-request-id": [
          "WESTEUROPE:20150713T125724Z:69befee9-f05d-4a48-a2e7-6e88f22d0bed"
        ],
        "Strict-Transport-Security": [
          "max-age=31536000; includeSubDomains"
        ],
        "Cache-Control": [
          "no-cache"
        ],
        "Date": [
          "Mon, 13 Jul 2015 12:57:24 GMT"
        ]
      },
      "StatusCode": 200
    },
    {
      "RequestUri": "/subscriptions/cca24ec8-99b5-4aa7-9ff6-486e886f304c/resourceGroups/Default-Storage-WestUS/providers/Microsoft.ClassicStorage/storageAccounts/auditcmdlets801/listKeys?api-version=2014-06-01",
      "EncodedRequestUri": "L3N1YnNjcmlwdGlvbnMvY2NhMjRlYzgtOTliNS00YWE3LTlmZjYtNDg2ZTg4NmYzMDRjL3Jlc291cmNlR3JvdXBzL0RlZmF1bHQtU3RvcmFnZS1XZXN0VVMvcHJvdmlkZXJzL01pY3Jvc29mdC5DbGFzc2ljU3RvcmFnZS9zdG9yYWdlQWNjb3VudHMvYXVkaXRjbWRsZXRzODAxL2xpc3RLZXlzP2FwaS12ZXJzaW9uPTIwMTQtMDYtMDE=",
      "RequestMethod": "POST",
      "RequestBody": "",
      "RequestHeaders": {
        "User-Agent": [
          "Microsoft.Azure.Management.Sql.SqlManagementClient/0.9.0.0"
        ],
        "x-ms-client-request-id": [
          "none"
        ]
      },
      "ResponseBody": "{\r\n  \"primaryKey\": \"w8J3b1HYKATcUyKxzpI/wjWft13BWP/1hqUTxi1l2WJPZDhNn/H097rg+qRXoiQm2L/1E79EEsenAIc+SoPBFg==\",\r\n  \"secondaryKey\": \"QBUXU9Fd3gHO2yxdbtAaCieF9pJKpdmIUZ8hii6ZV1SHQgfxIvxbLSq/5xKgVlsAR/EqdRZS6PiKSuVJ7oXNtQ==\"\r\n}",
      "ResponseHeaders": {
        "Content-Length": [
          "211"
        ],
        "Content-Type": [
          "application/json; charset=utf-8"
        ],
        "Expires": [
          "-1"
        ],
        "Pragma": [
          "no-cache"
        ],
        "Vary": [
          "Accept-Encoding"
        ],
        "x-ms-request-id": [
          "southcentralus:895faa60-37b6-4536-8c10-808781228479"
        ],
        "x-ms-ratelimit-remaining-subscription-writes": [
          "1181"
        ],
        "x-ms-correlation-request-id": [
          "ed7a174f-a7bf-428f-a980-07c9b4b95d89"
        ],
        "x-ms-routing-request-id": [
          "WESTEUROPE:20150713T125729Z:ed7a174f-a7bf-428f-a980-07c9b4b95d89"
        ],
        "Strict-Transport-Security": [
          "max-age=31536000; includeSubDomains"
        ],
        "Cache-Control": [
          "no-cache"
        ],
        "Date": [
          "Mon, 13 Jul 2015 12:57:29 GMT"
        ]
      },
      "StatusCode": 200
    },
    {
      "RequestUri": "/subscriptions/cca24ec8-99b5-4aa7-9ff6-486e886f304c/resourceGroups/Default-Storage-WestUS/providers/Microsoft.ClassicStorage/storageAccounts/auditcmdlets801/listKeys?api-version=2014-06-01",
      "EncodedRequestUri": "L3N1YnNjcmlwdGlvbnMvY2NhMjRlYzgtOTliNS00YWE3LTlmZjYtNDg2ZTg4NmYzMDRjL3Jlc291cmNlR3JvdXBzL0RlZmF1bHQtU3RvcmFnZS1XZXN0VVMvcHJvdmlkZXJzL01pY3Jvc29mdC5DbGFzc2ljU3RvcmFnZS9zdG9yYWdlQWNjb3VudHMvYXVkaXRjbWRsZXRzODAxL2xpc3RLZXlzP2FwaS12ZXJzaW9uPTIwMTQtMDYtMDE=",
      "RequestMethod": "POST",
      "RequestBody": "",
      "RequestHeaders": {
        "User-Agent": [
          "Microsoft.Azure.Management.Sql.SqlManagementClient/0.9.0.0"
        ],
        "x-ms-client-request-id": [
          "none"
        ]
      },
      "ResponseBody": "{\r\n  \"primaryKey\": \"w8J3b1HYKATcUyKxzpI/wjWft13BWP/1hqUTxi1l2WJPZDhNn/H097rg+qRXoiQm2L/1E79EEsenAIc+SoPBFg==\",\r\n  \"secondaryKey\": \"QBUXU9Fd3gHO2yxdbtAaCieF9pJKpdmIUZ8hii6ZV1SHQgfxIvxbLSq/5xKgVlsAR/EqdRZS6PiKSuVJ7oXNtQ==\"\r\n}",
      "ResponseHeaders": {
        "Content-Length": [
          "211"
        ],
        "Content-Type": [
          "application/json; charset=utf-8"
        ],
        "Expires": [
          "-1"
        ],
        "Pragma": [
          "no-cache"
        ],
        "Vary": [
          "Accept-Encoding"
        ],
        "x-ms-request-id": [
          "southcentralus:835a29fc-88f9-4c9a-909a-7aa1d6f5db5d"
        ],
        "x-ms-ratelimit-remaining-subscription-writes": [
          "1179"
        ],
        "x-ms-correlation-request-id": [
          "28cf0b7c-51d1-4c2c-994a-e52e043f2ba1"
        ],
        "x-ms-routing-request-id": [
          "WESTEUROPE:20150713T125735Z:28cf0b7c-51d1-4c2c-994a-e52e043f2ba1"
        ],
        "Strict-Transport-Security": [
          "max-age=31536000; includeSubDomains"
        ],
        "Cache-Control": [
          "no-cache"
        ],
        "Date": [
          "Mon, 13 Jul 2015 12:57:34 GMT"
        ]
      },
      "StatusCode": 200
    },
    {
      "RequestUri": "/subscriptions/cca24ec8-99b5-4aa7-9ff6-486e886f304c/resourceGroups/sql-audit-cmdlet-test-rg801/providers/Microsoft.Sql/servers/sql-audit-cmdlet-server801/auditingPolicies/Default?api-version=2014-04-01",
      "EncodedRequestUri": "L3N1YnNjcmlwdGlvbnMvY2NhMjRlYzgtOTliNS00YWE3LTlmZjYtNDg2ZTg4NmYzMDRjL3Jlc291cmNlR3JvdXBzL3NxbC1hdWRpdC1jbWRsZXQtdGVzdC1yZzgwMS9wcm92aWRlcnMvTWljcm9zb2Z0LlNxbC9zZXJ2ZXJzL3NxbC1hdWRpdC1jbWRsZXQtc2VydmVyODAxL2F1ZGl0aW5nUG9saWNpZXMvRGVmYXVsdD9hcGktdmVyc2lvbj0yMDE0LTA0LTAx",
      "RequestMethod": "PUT",
      "RequestBody": "{\r\n  \"properties\": {\r\n    \"auditingState\": \"Enabled\",\r\n    \"eventTypesToAudit\": \"PlainSQL_Success,PlainSQL_Failure,ParameterizedSQL_Success,ParameterizedSQL_Failure,StoredProcedure_Success,StoredProcedure_Failure,Login_Success,Login_Failure,TransactionManagement_Success,TransactionManagement_Failure\",\r\n    \"storageAccountName\": \"auditcmdlets801\",\r\n    \"storageAccountKey\": \"w8J3b1HYKATcUyKxzpI/wjWft13BWP/1hqUTxi1l2WJPZDhNn/H097rg+qRXoiQm2L/1E79EEsenAIc+SoPBFg==\",\r\n    \"storageTableEndpoint\": \"https://auditcmdlets801.table.core.windows.net/\",\r\n    \"storageAccountResourceGroupName\": \"Default-Storage-WestUS\",\r\n    \"storageAccountSubscriptionId\": \"cca24ec8-99b5-4aa7-9ff6-486e886f304c\",\r\n    \"retentionDays\": \"0\",\r\n    \"auditLogsTableName\": \"Sqlauditcmdletserver801\"\r\n  }\r\n}",
      "RequestHeaders": {
        "Content-Type": [
          "application/json; charset=utf-8"
        ],
        "Content-Length": [
          "777"
        ],
        "User-Agent": [
          "Microsoft.Azure.Management.Sql.SqlManagementClient/0.9.0.0"
        ],
        "x-ms-client-request-id": [
          "17099320-5cf4-4dba-9d79-f96372f1cdb7"
        ]
      },
      "ResponseBody": "{\r\n  \"id\": \"/subscriptions/cca24ec8-99b5-4aa7-9ff6-486e886f304c/resourceGroups/sql-audit-cmdlet-test-rg801/providers/Microsoft.Sql/servers/sql-audit-cmdlet-server801/auditingPolicies/Default\",\r\n  \"name\": \"Default\",\r\n  \"type\": \"Microsoft.Sql/servers/auditingPolicies\",\r\n  \"location\": null,\r\n  \"properties\": {\r\n    \"auditingState\": \"Enabled\",\r\n    \"eventTypesToAudit\": \"PlainSQL_Success,PlainSQL_Failure,ParameterizedSQL_Success,ParameterizedSQL_Failure,StoredProcedure_Success,StoredProcedure_Failure,Login_Success,Login_Failure,TransactionManagement_Success,TransactionManagement_Failure\",\r\n    \"storageAccountName\": \"auditcmdlets801\",\r\n    \"auditLogsTableName\": \"Sqlauditcmdletserver801\",\r\n    \"storageAccountKey\": \"w8J3b1HYKATcUyKxzpI/wjWft13BWP/1hqUTxi1l2WJPZDhNn/H097rg+qRXoiQm2L/1E79EEsenAIc+SoPBFg==\",\r\n    \"storageAccountSecondaryKey\": null,\r\n    \"storageTableEndpoint\": \"https://auditcmdlets801.table.core.windows.net/\",\r\n    \"storageAccountResourceGroupName\": \"Default-Storage-WestUS\",\r\n    \"storageAccountSubscriptionId\": \"cca24ec8-99b5-4aa7-9ff6-486e886f304c\",\r\n    \"retentionDays\": \"0\"\r\n  }\r\n}",
      "ResponseHeaders": {
        "Content-Length": [
          "1004"
        ],
        "Content-Type": [
          "application/json; odata=minimalmetadata; streaming=true; charset=utf-8"
        ],
        "x-ms-request-id": [
          "92b96938-a72f-42a2-bdcb-caed7ca13909"
        ],
        "X-Content-Type-Options": [
          "nosniff"
        ],
        "Preference-Applied": [
          "return-content"
        ],
        "DataServiceVersion": [
          "3.0;"
        ],
        "x-ms-ratelimit-remaining-subscription-writes": [
          "1184"
        ],
        "x-ms-correlation-request-id": [
          "60063ad3-99c1-40ec-b106-a0467a21ed96"
        ],
        "x-ms-routing-request-id": [
          "WESTEUROPE:20150713T125721Z:60063ad3-99c1-40ec-b106-a0467a21ed96"
        ],
        "Strict-Transport-Security": [
          "max-age=31536000; includeSubDomains"
        ],
        "Cache-Control": [
          "no-store, no-cache"
        ],
        "Date": [
          "Mon, 13 Jul 2015 12:57:20 GMT"
        ],
        "Server": [
          "Microsoft-HTTPAPI/2.0"
        ]
      },
      "StatusCode": 200
    },
    {
      "RequestUri": "/subscriptions/cca24ec8-99b5-4aa7-9ff6-486e886f304c/resourceGroups/sql-audit-cmdlet-test-rg801/providers/Microsoft.Sql/servers/sql-audit-cmdlet-server801/auditingPolicies/Default?api-version=2014-04-01",
      "EncodedRequestUri": "L3N1YnNjcmlwdGlvbnMvY2NhMjRlYzgtOTliNS00YWE3LTlmZjYtNDg2ZTg4NmYzMDRjL3Jlc291cmNlR3JvdXBzL3NxbC1hdWRpdC1jbWRsZXQtdGVzdC1yZzgwMS9wcm92aWRlcnMvTWljcm9zb2Z0LlNxbC9zZXJ2ZXJzL3NxbC1hdWRpdC1jbWRsZXQtc2VydmVyODAxL2F1ZGl0aW5nUG9saWNpZXMvRGVmYXVsdD9hcGktdmVyc2lvbj0yMDE0LTA0LTAx",
      "RequestMethod": "PUT",
      "RequestBody": "{\r\n  \"properties\": {\r\n    \"auditingState\": \"Enabled\",\r\n    \"eventTypesToAudit\": \"PlainSQL_Success,PlainSQL_Failure,ParameterizedSQL_Success,ParameterizedSQL_Failure,StoredProcedure_Success,StoredProcedure_Failure,Login_Success,Login_Failure,TransactionManagement_Success,TransactionManagement_Failure\",\r\n    \"storageAccountName\": \"auditcmdlets801\",\r\n    \"storageAccountKey\": \"w8J3b1HYKATcUyKxzpI/wjWft13BWP/1hqUTxi1l2WJPZDhNn/H097rg+qRXoiQm2L/1E79EEsenAIc+SoPBFg==\",\r\n    \"storageTableEndpoint\": \"https://auditcmdlets801.table.core.windows.net/\",\r\n    \"storageAccountResourceGroupName\": \"Default-Storage-WestUS\",\r\n    \"storageAccountSubscriptionId\": \"cca24ec8-99b5-4aa7-9ff6-486e886f304c\",\r\n    \"retentionDays\": \"0\",\r\n    \"auditLogsTableName\": \"Sqlauditcmdletserver801\"\r\n  }\r\n}",
      "RequestHeaders": {
        "Content-Type": [
          "application/json; charset=utf-8"
        ],
        "Content-Length": [
          "777"
        ],
        "User-Agent": [
          "Microsoft.Azure.Management.Sql.SqlManagementClient/0.9.0.0"
        ],
        "x-ms-client-request-id": [
          "13772e3e-ff89-4278-94c0-7f41b9e917ba"
        ]
      },
      "ResponseBody": "{\r\n  \"id\": \"/subscriptions/cca24ec8-99b5-4aa7-9ff6-486e886f304c/resourceGroups/sql-audit-cmdlet-test-rg801/providers/Microsoft.Sql/servers/sql-audit-cmdlet-server801/auditingPolicies/Default\",\r\n  \"name\": \"Default\",\r\n  \"type\": \"Microsoft.Sql/servers/auditingPolicies\",\r\n  \"location\": null,\r\n  \"properties\": {\r\n    \"auditingState\": \"Enabled\",\r\n    \"eventTypesToAudit\": \"PlainSQL_Success,PlainSQL_Failure,ParameterizedSQL_Success,ParameterizedSQL_Failure,StoredProcedure_Success,StoredProcedure_Failure,Login_Success,Login_Failure,TransactionManagement_Success,TransactionManagement_Failure\",\r\n    \"storageAccountName\": \"auditcmdlets801\",\r\n    \"auditLogsTableName\": \"Sqlauditcmdletserver801\",\r\n    \"storageAccountKey\": \"w8J3b1HYKATcUyKxzpI/wjWft13BWP/1hqUTxi1l2WJPZDhNn/H097rg+qRXoiQm2L/1E79EEsenAIc+SoPBFg==\",\r\n    \"storageAccountSecondaryKey\": null,\r\n    \"storageTableEndpoint\": \"https://auditcmdlets801.table.core.windows.net/\",\r\n    \"storageAccountResourceGroupName\": \"Default-Storage-WestUS\",\r\n    \"storageAccountSubscriptionId\": \"cca24ec8-99b5-4aa7-9ff6-486e886f304c\",\r\n    \"retentionDays\": \"0\"\r\n  }\r\n}",
      "ResponseHeaders": {
        "Content-Length": [
          "1004"
        ],
        "Content-Type": [
          "application/json; odata=minimalmetadata; streaming=true; charset=utf-8"
        ],
        "x-ms-request-id": [
          "34d27165-c22a-404e-9a92-8a23ee6fd72e"
        ],
        "X-Content-Type-Options": [
          "nosniff"
        ],
        "Preference-Applied": [
          "return-content"
        ],
        "DataServiceVersion": [
          "3.0;"
        ],
        "x-ms-ratelimit-remaining-subscription-writes": [
          "1182"
        ],
        "x-ms-correlation-request-id": [
          "534cf5c7-daa9-4374-bbb3-0b4c4e1a7d97"
        ],
        "x-ms-routing-request-id": [
          "WESTEUROPE:20150713T125726Z:534cf5c7-daa9-4374-bbb3-0b4c4e1a7d97"
        ],
        "Strict-Transport-Security": [
          "max-age=31536000; includeSubDomains"
        ],
        "Cache-Control": [
          "no-store, no-cache"
        ],
        "Date": [
          "Mon, 13 Jul 2015 12:57:25 GMT"
        ],
        "Server": [
          "Microsoft-HTTPAPI/2.0"
        ]
      },
      "StatusCode": 200
    },
    {
      "RequestUri": "/subscriptions/cca24ec8-99b5-4aa7-9ff6-486e886f304c/resourceGroups/sql-audit-cmdlet-test-rg801/providers/Microsoft.Sql/servers/sql-audit-cmdlet-server801/auditingPolicies/Default?api-version=2014-04-01",
      "EncodedRequestUri": "L3N1YnNjcmlwdGlvbnMvY2NhMjRlYzgtOTliNS00YWE3LTlmZjYtNDg2ZTg4NmYzMDRjL3Jlc291cmNlR3JvdXBzL3NxbC1hdWRpdC1jbWRsZXQtdGVzdC1yZzgwMS9wcm92aWRlcnMvTWljcm9zb2Z0LlNxbC9zZXJ2ZXJzL3NxbC1hdWRpdC1jbWRsZXQtc2VydmVyODAxL2F1ZGl0aW5nUG9saWNpZXMvRGVmYXVsdD9hcGktdmVyc2lvbj0yMDE0LTA0LTAx",
      "RequestMethod": "PUT",
      "RequestBody": "{\r\n  \"properties\": {\r\n    \"auditingState\": \"Enabled\",\r\n    \"eventTypesToAudit\": \"\",\r\n    \"storageAccountName\": \"auditcmdlets801\",\r\n    \"storageAccountKey\": \"w8J3b1HYKATcUyKxzpI/wjWft13BWP/1hqUTxi1l2WJPZDhNn/H097rg+qRXoiQm2L/1E79EEsenAIc+SoPBFg==\",\r\n    \"storageTableEndpoint\": \"https://auditcmdlets801.table.core.windows.net/\",\r\n    \"storageAccountResourceGroupName\": \"Default-Storage-WestUS\",\r\n    \"storageAccountSubscriptionId\": \"cca24ec8-99b5-4aa7-9ff6-486e886f304c\",\r\n    \"retentionDays\": \"0\",\r\n    \"auditLogsTableName\": \"Sqlauditcmdletserver801\"\r\n  }\r\n}",
      "RequestHeaders": {
        "Content-Type": [
          "application/json; charset=utf-8"
        ],
        "Content-Length": [
          "558"
        ],
        "User-Agent": [
          "Microsoft.Azure.Management.Sql.SqlManagementClient/0.9.0.0"
        ],
        "x-ms-client-request-id": [
          "319251c9-8fd7-4a9b-bb2e-9a03d9cfc501"
        ]
      },
      "ResponseBody": "{\r\n  \"id\": \"/subscriptions/cca24ec8-99b5-4aa7-9ff6-486e886f304c/resourceGroups/sql-audit-cmdlet-test-rg801/providers/Microsoft.Sql/servers/sql-audit-cmdlet-server801/auditingPolicies/Default\",\r\n  \"name\": \"Default\",\r\n  \"type\": \"Microsoft.Sql/servers/auditingPolicies\",\r\n  \"location\": null,\r\n  \"properties\": {\r\n    \"auditingState\": \"Enabled\",\r\n    \"eventTypesToAudit\": \"\",\r\n    \"storageAccountName\": \"auditcmdlets801\",\r\n    \"auditLogsTableName\": \"Sqlauditcmdletserver801\",\r\n    \"storageAccountKey\": \"w8J3b1HYKATcUyKxzpI/wjWft13BWP/1hqUTxi1l2WJPZDhNn/H097rg+qRXoiQm2L/1E79EEsenAIc+SoPBFg==\",\r\n    \"storageAccountSecondaryKey\": null,\r\n    \"storageTableEndpoint\": \"https://auditcmdlets801.table.core.windows.net/\",\r\n    \"storageAccountResourceGroupName\": \"Default-Storage-WestUS\",\r\n    \"storageAccountSubscriptionId\": \"cca24ec8-99b5-4aa7-9ff6-486e886f304c\",\r\n    \"retentionDays\": \"0\"\r\n  }\r\n}",
      "ResponseHeaders": {
        "Content-Length": [
          "785"
        ],
        "Content-Type": [
          "application/json; odata=minimalmetadata; streaming=true; charset=utf-8"
        ],
        "x-ms-request-id": [
          "d2d08f11-460e-4216-9e19-d92f22adbad7"
        ],
        "X-Content-Type-Options": [
          "nosniff"
        ],
        "Preference-Applied": [
          "return-content"
        ],
        "DataServiceVersion": [
          "3.0;"
        ],
        "x-ms-ratelimit-remaining-subscription-writes": [
          "1180"
        ],
        "x-ms-correlation-request-id": [
          "7f80d3a3-f09d-4e5e-8ba9-b7b718534d02"
        ],
        "x-ms-routing-request-id": [
          "WESTEUROPE:20150713T125731Z:7f80d3a3-f09d-4e5e-8ba9-b7b718534d02"
        ],
        "Strict-Transport-Security": [
          "max-age=31536000; includeSubDomains"
        ],
        "Cache-Control": [
          "no-store, no-cache"
        ],
        "Date": [
          "Mon, 13 Jul 2015 12:57:31 GMT"
        ],
        "Server": [
          "Microsoft-HTTPAPI/2.0"
        ]
      },
      "StatusCode": 200
    },
    {
      "RequestUri": "/subscriptions/cca24ec8-99b5-4aa7-9ff6-486e886f304c/resourceGroups/sql-audit-cmdlet-test-rg801/providers/Microsoft.Sql/servers/sql-audit-cmdlet-server801/auditingPolicies/Default?api-version=2014-04-01",
      "EncodedRequestUri": "L3N1YnNjcmlwdGlvbnMvY2NhMjRlYzgtOTliNS00YWE3LTlmZjYtNDg2ZTg4NmYzMDRjL3Jlc291cmNlR3JvdXBzL3NxbC1hdWRpdC1jbWRsZXQtdGVzdC1yZzgwMS9wcm92aWRlcnMvTWljcm9zb2Z0LlNxbC9zZXJ2ZXJzL3NxbC1hdWRpdC1jbWRsZXQtc2VydmVyODAxL2F1ZGl0aW5nUG9saWNpZXMvRGVmYXVsdD9hcGktdmVyc2lvbj0yMDE0LTA0LTAx",
      "RequestMethod": "PUT",
      "RequestBody": "{\r\n  \"properties\": {\r\n    \"auditingState\": \"Enabled\",\r\n    \"eventTypesToAudit\": \"\",\r\n    \"storageAccountName\": \"auditcmdlets801\",\r\n    \"storageAccountKey\": \"w8J3b1HYKATcUyKxzpI/wjWft13BWP/1hqUTxi1l2WJPZDhNn/H097rg+qRXoiQm2L/1E79EEsenAIc+SoPBFg==\",\r\n    \"storageTableEndpoint\": \"https://auditcmdlets801.table.core.windows.net/\",\r\n    \"storageAccountResourceGroupName\": \"Default-Storage-WestUS\",\r\n    \"storageAccountSubscriptionId\": \"cca24ec8-99b5-4aa7-9ff6-486e886f304c\",\r\n    \"retentionDays\": \"0\",\r\n    \"auditLogsTableName\": \"Sqlauditcmdletserver801\"\r\n  }\r\n}",
      "RequestHeaders": {
        "Content-Type": [
          "application/json; charset=utf-8"
        ],
        "Content-Length": [
          "558"
        ],
        "User-Agent": [
          "Microsoft.Azure.Management.Sql.SqlManagementClient/0.9.0.0"
        ],
        "x-ms-client-request-id": [
          "69ddbcd1-f827-448c-b265-c8ad65e3fe93"
        ]
      },
      "ResponseBody": "{\r\n  \"id\": \"/subscriptions/cca24ec8-99b5-4aa7-9ff6-486e886f304c/resourceGroups/sql-audit-cmdlet-test-rg801/providers/Microsoft.Sql/servers/sql-audit-cmdlet-server801/auditingPolicies/Default\",\r\n  \"name\": \"Default\",\r\n  \"type\": \"Microsoft.Sql/servers/auditingPolicies\",\r\n  \"location\": null,\r\n  \"properties\": {\r\n    \"auditingState\": \"Enabled\",\r\n    \"eventTypesToAudit\": \"\",\r\n    \"storageAccountName\": \"auditcmdlets801\",\r\n    \"auditLogsTableName\": \"Sqlauditcmdletserver801\",\r\n    \"storageAccountKey\": \"w8J3b1HYKATcUyKxzpI/wjWft13BWP/1hqUTxi1l2WJPZDhNn/H097rg+qRXoiQm2L/1E79EEsenAIc+SoPBFg==\",\r\n    \"storageAccountSecondaryKey\": null,\r\n    \"storageTableEndpoint\": \"https://auditcmdlets801.table.core.windows.net/\",\r\n    \"storageAccountResourceGroupName\": \"Default-Storage-WestUS\",\r\n    \"storageAccountSubscriptionId\": \"cca24ec8-99b5-4aa7-9ff6-486e886f304c\",\r\n    \"retentionDays\": \"0\"\r\n  }\r\n}",
      "ResponseHeaders": {
        "Content-Length": [
          "785"
        ],
        "Content-Type": [
          "application/json; odata=minimalmetadata; streaming=true; charset=utf-8"
        ],
        "x-ms-request-id": [
          "d242d881-31ca-48a6-8504-ffa6bbf483f6"
        ],
        "X-Content-Type-Options": [
          "nosniff"
        ],
        "Preference-Applied": [
          "return-content"
        ],
        "DataServiceVersion": [
          "3.0;"
        ],
        "x-ms-ratelimit-remaining-subscription-writes": [
          "1178"
        ],
        "x-ms-correlation-request-id": [
          "3e8d0948-bf32-4b29-bcb6-2e076ae13052"
        ],
        "x-ms-routing-request-id": [
          "WESTEUROPE:20150713T125736Z:3e8d0948-bf32-4b29-bcb6-2e076ae13052"
        ],
        "Strict-Transport-Security": [
          "max-age=31536000; includeSubDomains"
        ],
        "Cache-Control": [
          "no-store, no-cache"
        ],
        "Date": [
          "Mon, 13 Jul 2015 12:57:35 GMT"
        ],
        "Server": [
          "Microsoft-HTTPAPI/2.0"
        ]
      },
      "StatusCode": 200
    },
    {
      "RequestUri": "/cca24ec8-99b5-4aa7-9ff6-486e886f304c/services/storageservices/auditcmdlets801",
      "EncodedRequestUri": "L2NjYTI0ZWM4LTk5YjUtNGFhNy05ZmY2LTQ4NmU4ODZmMzA0Yy9zZXJ2aWNlcy9zdG9yYWdlc2VydmljZXMvYXVkaXRjbWRsZXRzODAx",
      "RequestMethod": "DELETE",
      "RequestBody": "",
      "RequestHeaders": {
        "x-ms-version": [
          "2014-10-01"
        ],
        "User-Agent": [
          "Microsoft.WindowsAzure.Management.Storage.StorageManagementClient/5.0.0.0"
        ]
      },
      "ResponseBody": "",
      "ResponseHeaders": {
        "Content-Length": [
          "0"
        ],
        "x-ms-servedbyregion": [
          "ussouth3"
        ],
        "x-ms-request-id": [
          "a009b39dde34c8f8921378e0f0c4f129"
        ],
        "Cache-Control": [
          "no-cache"
        ],
        "Date": [
          "Mon, 13 Jul 2015 12:57:46 GMT"
        ],
        "Server": [
          "1.0.6198.243",
          "(rd_rdfe_stable.150618-1025)",
          "Microsoft-HTTPAPI/2.0"
        ]
      },
      "StatusCode": 200
    },
    {
      "RequestUri": "/cca24ec8-99b5-4aa7-9ff6-486e886f304c/operations/a009b39dde34c8f8921378e0f0c4f129",
      "EncodedRequestUri": "L2NjYTI0ZWM4LTk5YjUtNGFhNy05ZmY2LTQ4NmU4ODZmMzA0Yy9vcGVyYXRpb25zL2EwMDliMzlkZGUzNGM4Zjg5MjEzNzhlMGYwYzRmMTI5",
      "RequestMethod": "GET",
      "RequestBody": "",
      "RequestHeaders": {
        "x-ms-version": [
          "2014-10-01"
        ],
        "User-Agent": [
          "Microsoft.WindowsAzure.Management.ManagementClient/4.0.0.0"
        ]
      },
      "ResponseBody": "<Operation xmlns=\"http://schemas.microsoft.com/windowsazure\" xmlns:i=\"http://www.w3.org/2001/XMLSchema-instance\">\r\n  <ID>a009b39d-de34-c8f8-9213-78e0f0c4f129</ID>\r\n  <Status>Succeeded</Status>\r\n  <HttpStatusCode>200</HttpStatusCode>\r\n</Operation>",
      "ResponseHeaders": {
        "Content-Length": [
          "232"
        ],
        "Content-Type": [
          "application/xml; charset=utf-8"
        ],
        "x-ms-servedbyregion": [
          "ussouth3"
        ],
        "x-ms-request-id": [
          "f627b2fc06a7cb819b86cd40649c0c24"
        ],
        "Cache-Control": [
          "no-cache"
        ],
        "Date": [
          "Mon, 13 Jul 2015 12:57:48 GMT"
        ],
        "Server": [
          "1.0.6198.243",
          "(rd_rdfe_stable.150618-1025)",
          "Microsoft-HTTPAPI/2.0"
        ]
      },
      "StatusCode": 200
    }
  ],
  "Names": {},
  "Variables": {
    "SubscriptionId": "cca24ec8-99b5-4aa7-9ff6-486e886f304c"
  }
}