{
  "Entries": [
    {
      "RequestUri": "/subscriptions/0e5a46b1-de0b-4ec3-a5d7-dda908b4e076/resourcegroups/ps7181?api-version=2016-09-01",
      "EncodedRequestUri": "L3N1YnNjcmlwdGlvbnMvMGU1YTQ2YjEtZGUwYi00ZWMzLWE1ZDctZGRhOTA4YjRlMDc2L3Jlc291cmNlZ3JvdXBzL3BzNzE4MT9hcGktdmVyc2lvbj0yMDE2LTA5LTAx",
      "RequestMethod": "PUT",
      "RequestBody": "{\r\n  \"location\": \"West US\"\r\n}",
      "RequestHeaders": {
        "x-ms-client-request-id": [
          "caca4108-42eb-4543-b96e-50df1b9fd455"
        ],
        "Accept-Language": [
          "en-US"
        ],
        "User-Agent": [
          "FxVersion/4.6.27019.06",
          "OSName/Windows",
          "OSVersion/Microsoft.Windows.10.0.17763.",
          "Microsoft.Azure.Management.Internal.Resources.ResourceManagementClient/1.1.17"
        ],
        "Content-Type": [
          "application/json; charset=utf-8"
        ],
        "Content-Length": [
          "29"
        ]
      },
      "ResponseHeaders": {
        "Cache-Control": [
          "no-cache"
        ],
        "Pragma": [
          "no-cache"
        ],
        "x-ms-ratelimit-remaining-subscription-writes": [
          "1192"
        ],
        "x-ms-request-id": [
          "7faf5be7-74f2-4d06-a91f-af56dabb43e7"
        ],
        "x-ms-correlation-request-id": [
          "7faf5be7-74f2-4d06-a91f-af56dabb43e7"
        ],
        "x-ms-routing-request-id": [
          "NORTHEUROPE:20190308T220646Z:7faf5be7-74f2-4d06-a91f-af56dabb43e7"
        ],
        "Strict-Transport-Security": [
          "max-age=31536000; includeSubDomains"
        ],
        "X-Content-Type-Options": [
          "nosniff"
        ],
        "Date": [
          "Fri, 08 Mar 2019 22:06:46 GMT"
        ],
        "Content-Length": [
          "165"
        ],
        "Content-Type": [
          "application/json; charset=utf-8"
        ],
        "Expires": [
          "-1"
        ]
      },
      "ResponseBody": "{\r\n  \"id\": \"/subscriptions/0e5a46b1-de0b-4ec3-a5d7-dda908b4e076/resourceGroups/ps7181\",\r\n  \"name\": \"ps7181\",\r\n  \"location\": \"westus\",\r\n  \"properties\": {\r\n    \"provisioningState\": \"Succeeded\"\r\n  }\r\n}",
      "StatusCode": 201
    },
    {
      "RequestUri": "/subscriptions/0e5a46b1-de0b-4ec3-a5d7-dda908b4e076/resourceGroups/ps7181/providers/Microsoft.Network/privateDnsZones/ps7334.pstest.test?api-version=2018-09-01",
      "EncodedRequestUri": "L3N1YnNjcmlwdGlvbnMvMGU1YTQ2YjEtZGUwYi00ZWMzLWE1ZDctZGRhOTA4YjRlMDc2L3Jlc291cmNlR3JvdXBzL3BzNzE4MS9wcm92aWRlcnMvTWljcm9zb2Z0Lk5ldHdvcmsvcHJpdmF0ZURuc1pvbmVzL3BzNzMzNC5wc3Rlc3QudGVzdD9hcGktdmVyc2lvbj0yMDE4LTA5LTAx",
      "RequestMethod": "PUT",
      "RequestBody": "{\r\n  \"location\": \"global\"\r\n}",
      "RequestHeaders": {
        "x-ms-client-request-id": [
          "833d97b4-6fe6-485e-a535-7ab5048edcf2"
        ],
        "If-None-Match": [
          "*"
        ],
        "Accept-Language": [
          "en-US"
        ],
        "User-Agent": [
          "FxVersion/4.6.27019.06",
          "OSName/Windows",
          "OSVersion/Microsoft.Windows.10.0.17763.",
          "Microsoft.Azure.Management.PrivateDns.PrivateDnsManagementClient/1.0.0.0"
        ],
        "Content-Type": [
          "application/json; charset=utf-8"
        ],
        "Content-Length": [
          "28"
        ]
      },
      "ResponseHeaders": {
        "Cache-Control": [
          "private"
        ],
        "Location": [
          "https://api-dogfood.resources.windows-int.net/subscriptions/0e5a46b1-de0b-4ec3-a5d7-dda908b4e076/resourceGroups/ps7181/providers/Microsoft.Network/privateDnsOperationResults/RnJvbnRFbmRBc3luY09wZXJhdGlvbjtVcHNlcnRQcml2YXRlRG5zWm9uZTsxMWZkZDNjOS02MzVmLTQ5ZjUtOTEwYy1iZjk3NzVkMTEwNmI=?api-version=2018-09-01"
        ],
        "Retry-After": [
          "3"
        ],
        "X-Content-Type-Options": [
          "nosniff"
        ],
        "Strict-Transport-Security": [
          "max-age=31536000; includeSubDomains"
        ],
        "Azure-AsyncOperation": [
          "https://api-dogfood.resources.windows-int.net:443/subscriptions/0e5a46b1-de0b-4ec3-a5d7-dda908b4e076/resourceGroups/ps7181/providers/Microsoft.Network/privateDnsOperationStatuses/RnJvbnRFbmRBc3luY09wZXJhdGlvbjtVcHNlcnRQcml2YXRlRG5zWm9uZTsxMWZkZDNjOS02MzVmLTQ5ZjUtOTEwYy1iZjk3NzVkMTEwNmI=?api-version=2018-09-01"
        ],
        "x-ms-request-id": [
          "833d97b4-6fe6-485e-a535-7ab5048edcf2"
        ],
        "Server": [
          "Microsoft-IIS/10.0"
        ],
        "X-AspNet-Version": [
          "4.0.30319"
        ],
        "X-Powered-By": [
          "ASP.NET"
        ],
        "x-ms-ratelimit-remaining-subscription-resource-requests": [
          "11992"
        ],
        "x-ms-correlation-request-id": [
          "8e531489-7fc2-4041-b973-511e45a70911"
        ],
        "x-ms-routing-request-id": [
          "NORTHEUROPE:20190308T220648Z:8e531489-7fc2-4041-b973-511e45a70911"
        ],
        "Date": [
          "Fri, 08 Mar 2019 22:06:48 GMT"
        ],
        "Content-Length": [
          "2"
        ],
        "Content-Type": [
          "application/json; charset=utf-8"
        ]
      },
      "ResponseBody": "{}",
      "StatusCode": 202
    },
    {
      "RequestUri": "/subscriptions/0e5a46b1-de0b-4ec3-a5d7-dda908b4e076/resourceGroups/ps7181/providers/Microsoft.Network/privateDnsOperationStatuses/RnJvbnRFbmRBc3luY09wZXJhdGlvbjtVcHNlcnRQcml2YXRlRG5zWm9uZTsxMWZkZDNjOS02MzVmLTQ5ZjUtOTEwYy1iZjk3NzVkMTEwNmI=?api-version=2018-09-01",
      "EncodedRequestUri": "L3N1YnNjcmlwdGlvbnMvMGU1YTQ2YjEtZGUwYi00ZWMzLWE1ZDctZGRhOTA4YjRlMDc2L3Jlc291cmNlR3JvdXBzL3BzNzE4MS9wcm92aWRlcnMvTWljcm9zb2Z0Lk5ldHdvcmsvcHJpdmF0ZURuc09wZXJhdGlvblN0YXR1c2VzL1JuSnZiblJGYm1SQmMzbHVZMDl3WlhKaGRHbHZianRWY0hObGNuUlFjbWwyWVhSbFJHNXpXbTl1WlRzeE1XWmtaRE5qT1MwMk16Vm1MVFE1WmpVdE9URXdZeTFpWmprM056VmtNVEV3Tm1JPT9hcGktdmVyc2lvbj0yMDE4LTA5LTAx",
      "RequestMethod": "GET",
      "RequestBody": "",
      "RequestHeaders": {
        "User-Agent": [
          "FxVersion/4.6.27019.06",
          "OSName/Windows",
          "OSVersion/Microsoft.Windows.10.0.17763.",
          "Microsoft.Azure.Management.PrivateDns.PrivateDnsManagementClient/1.0.0.0"
        ]
      },
      "ResponseHeaders": {
        "Cache-Control": [
          "private"
        ],
        "Location": [
          "https://api-dogfood.resources.windows-int.net/subscriptions/0e5a46b1-de0b-4ec3-a5d7-dda908b4e076/resourceGroups/ps7181/providers/Microsoft.Network/privateDnsOperationResults/RnJvbnRFbmRBc3luY09wZXJhdGlvbjtVcHNlcnRQcml2YXRlRG5zWm9uZTsxMWZkZDNjOS02MzVmLTQ5ZjUtOTEwYy1iZjk3NzVkMTEwNmI=?api-version=2018-09-01"
        ],
        "Retry-After": [
          "3"
        ],
        "X-Content-Type-Options": [
          "nosniff"
        ],
        "Strict-Transport-Security": [
          "max-age=31536000; includeSubDomains"
        ],
        "Azure-AsyncOperation": [
          "https://api-dogfood.resources.windows-int.net:443/subscriptions/0e5a46b1-de0b-4ec3-a5d7-dda908b4e076/resourceGroups/ps7181/providers/Microsoft.Network/privateDnsOperationStatuses/RnJvbnRFbmRBc3luY09wZXJhdGlvbjtVcHNlcnRQcml2YXRlRG5zWm9uZTsxMWZkZDNjOS02MzVmLTQ5ZjUtOTEwYy1iZjk3NzVkMTEwNmI=?api-version=2018-09-01"
        ],
        "x-ms-request-id": [
          "b5d0f810-c46f-486d-8293-f2c0b0ad4f96"
        ],
        "Server": [
          "Microsoft-IIS/10.0"
        ],
        "X-AspNet-Version": [
          "4.0.30319"
        ],
        "X-Powered-By": [
          "ASP.NET"
        ],
        "x-ms-ratelimit-remaining-subscription-resource-requests": [
          "11948"
        ],
        "x-ms-correlation-request-id": [
          "e057e419-1bad-4bb2-9706-c1f566f55d49"
        ],
        "x-ms-routing-request-id": [
          "NORTHEUROPE:20190308T220651Z:e057e419-1bad-4bb2-9706-c1f566f55d49"
        ],
        "Date": [
          "Fri, 08 Mar 2019 22:06:51 GMT"
        ],
        "Content-Length": [
          "23"
        ],
        "Content-Type": [
          "application/json; charset=utf-8"
        ]
      },
      "ResponseBody": "{\r\n  \"status\": \"InProgress\"\r\n}",
      "StatusCode": 202
    },
    {
      "RequestUri": "/subscriptions/0e5a46b1-de0b-4ec3-a5d7-dda908b4e076/resourceGroups/ps7181/providers/Microsoft.Network/privateDnsOperationStatuses/RnJvbnRFbmRBc3luY09wZXJhdGlvbjtVcHNlcnRQcml2YXRlRG5zWm9uZTsxMWZkZDNjOS02MzVmLTQ5ZjUtOTEwYy1iZjk3NzVkMTEwNmI=?api-version=2018-09-01",
      "EncodedRequestUri": "L3N1YnNjcmlwdGlvbnMvMGU1YTQ2YjEtZGUwYi00ZWMzLWE1ZDctZGRhOTA4YjRlMDc2L3Jlc291cmNlR3JvdXBzL3BzNzE4MS9wcm92aWRlcnMvTWljcm9zb2Z0Lk5ldHdvcmsvcHJpdmF0ZURuc09wZXJhdGlvblN0YXR1c2VzL1JuSnZiblJGYm1SQmMzbHVZMDl3WlhKaGRHbHZianRWY0hObGNuUlFjbWwyWVhSbFJHNXpXbTl1WlRzeE1XWmtaRE5qT1MwMk16Vm1MVFE1WmpVdE9URXdZeTFpWmprM056VmtNVEV3Tm1JPT9hcGktdmVyc2lvbj0yMDE4LTA5LTAx",
      "RequestMethod": "GET",
      "RequestBody": "",
      "RequestHeaders": {
        "User-Agent": [
          "FxVersion/4.6.27019.06",
          "OSName/Windows",
          "OSVersion/Microsoft.Windows.10.0.17763.",
          "Microsoft.Azure.Management.PrivateDns.PrivateDnsManagementClient/1.0.0.0"
        ]
      },
      "ResponseHeaders": {
        "Cache-Control": [
          "private"
        ],
        "Location": [
          "https://api-dogfood.resources.windows-int.net/subscriptions/0e5a46b1-de0b-4ec3-a5d7-dda908b4e076/resourceGroups/ps7181/providers/Microsoft.Network/privateDnsOperationResults/RnJvbnRFbmRBc3luY09wZXJhdGlvbjtVcHNlcnRQcml2YXRlRG5zWm9uZTsxMWZkZDNjOS02MzVmLTQ5ZjUtOTEwYy1iZjk3NzVkMTEwNmI=?api-version=2018-09-01"
        ],
        "Retry-After": [
          "3"
        ],
        "X-Content-Type-Options": [
          "nosniff"
        ],
        "Strict-Transport-Security": [
          "max-age=31536000; includeSubDomains"
        ],
        "Azure-AsyncOperation": [
          "https://api-dogfood.resources.windows-int.net:443/subscriptions/0e5a46b1-de0b-4ec3-a5d7-dda908b4e076/resourceGroups/ps7181/providers/Microsoft.Network/privateDnsOperationStatuses/RnJvbnRFbmRBc3luY09wZXJhdGlvbjtVcHNlcnRQcml2YXRlRG5zWm9uZTsxMWZkZDNjOS02MzVmLTQ5ZjUtOTEwYy1iZjk3NzVkMTEwNmI=?api-version=2018-09-01"
        ],
        "x-ms-request-id": [
          "58a56cce-240d-4c2d-af91-656236779b40"
        ],
        "Server": [
          "Microsoft-IIS/10.0"
        ],
        "X-AspNet-Version": [
          "4.0.30319"
        ],
        "X-Powered-By": [
          "ASP.NET"
        ],
        "x-ms-ratelimit-remaining-subscription-resource-requests": [
          "11947"
        ],
        "x-ms-correlation-request-id": [
          "79adc825-2668-40c8-9c4d-5a68966a9dc1"
        ],
        "x-ms-routing-request-id": [
          "NORTHEUROPE:20190308T220654Z:79adc825-2668-40c8-9c4d-5a68966a9dc1"
        ],
        "Date": [
          "Fri, 08 Mar 2019 22:06:54 GMT"
        ],
        "Content-Length": [
          "23"
        ],
        "Content-Type": [
          "application/json; charset=utf-8"
        ]
      },
      "ResponseBody": "{\r\n  \"status\": \"InProgress\"\r\n}",
      "StatusCode": 202
    },
    {
      "RequestUri": "/subscriptions/0e5a46b1-de0b-4ec3-a5d7-dda908b4e076/resourceGroups/ps7181/providers/Microsoft.Network/privateDnsOperationStatuses/RnJvbnRFbmRBc3luY09wZXJhdGlvbjtVcHNlcnRQcml2YXRlRG5zWm9uZTsxMWZkZDNjOS02MzVmLTQ5ZjUtOTEwYy1iZjk3NzVkMTEwNmI=?api-version=2018-09-01",
      "EncodedRequestUri": "L3N1YnNjcmlwdGlvbnMvMGU1YTQ2YjEtZGUwYi00ZWMzLWE1ZDctZGRhOTA4YjRlMDc2L3Jlc291cmNlR3JvdXBzL3BzNzE4MS9wcm92aWRlcnMvTWljcm9zb2Z0Lk5ldHdvcmsvcHJpdmF0ZURuc09wZXJhdGlvblN0YXR1c2VzL1JuSnZiblJGYm1SQmMzbHVZMDl3WlhKaGRHbHZianRWY0hObGNuUlFjbWwyWVhSbFJHNXpXbTl1WlRzeE1XWmtaRE5qT1MwMk16Vm1MVFE1WmpVdE9URXdZeTFpWmprM056VmtNVEV3Tm1JPT9hcGktdmVyc2lvbj0yMDE4LTA5LTAx",
      "RequestMethod": "GET",
      "RequestBody": "",
      "RequestHeaders": {
        "User-Agent": [
          "FxVersion/4.6.27019.06",
          "OSName/Windows",
          "OSVersion/Microsoft.Windows.10.0.17763.",
          "Microsoft.Azure.Management.PrivateDns.PrivateDnsManagementClient/1.0.0.0"
        ]
      },
      "ResponseHeaders": {
        "Cache-Control": [
          "private"
        ],
        "Location": [
          "https://api-dogfood.resources.windows-int.net/subscriptions/0e5a46b1-de0b-4ec3-a5d7-dda908b4e076/resourceGroups/ps7181/providers/Microsoft.Network/privateDnsOperationResults/RnJvbnRFbmRBc3luY09wZXJhdGlvbjtVcHNlcnRQcml2YXRlRG5zWm9uZTsxMWZkZDNjOS02MzVmLTQ5ZjUtOTEwYy1iZjk3NzVkMTEwNmI=?api-version=2018-09-01"
        ],
        "Retry-After": [
          "3"
        ],
        "X-Content-Type-Options": [
          "nosniff"
        ],
        "Strict-Transport-Security": [
          "max-age=31536000; includeSubDomains"
        ],
        "Azure-AsyncOperation": [
          "https://api-dogfood.resources.windows-int.net:443/subscriptions/0e5a46b1-de0b-4ec3-a5d7-dda908b4e076/resourceGroups/ps7181/providers/Microsoft.Network/privateDnsOperationStatuses/RnJvbnRFbmRBc3luY09wZXJhdGlvbjtVcHNlcnRQcml2YXRlRG5zWm9uZTsxMWZkZDNjOS02MzVmLTQ5ZjUtOTEwYy1iZjk3NzVkMTEwNmI=?api-version=2018-09-01"
        ],
        "x-ms-request-id": [
          "f476a3c7-6c9f-49c0-a984-6449a6d0e2da"
        ],
        "Server": [
          "Microsoft-IIS/10.0"
        ],
        "X-AspNet-Version": [
          "4.0.30319"
        ],
        "X-Powered-By": [
          "ASP.NET"
        ],
        "x-ms-ratelimit-remaining-subscription-resource-requests": [
          "11946"
        ],
        "x-ms-correlation-request-id": [
          "76e53716-f337-48f6-9cca-9ee4de0fc127"
        ],
        "x-ms-routing-request-id": [
          "NORTHEUROPE:20190308T220657Z:76e53716-f337-48f6-9cca-9ee4de0fc127"
        ],
        "Date": [
          "Fri, 08 Mar 2019 22:06:57 GMT"
        ],
        "Content-Length": [
          "23"
        ],
        "Content-Type": [
          "application/json; charset=utf-8"
        ]
      },
      "ResponseBody": "{\r\n  \"status\": \"InProgress\"\r\n}",
      "StatusCode": 202
    },
    {
      "RequestUri": "/subscriptions/0e5a46b1-de0b-4ec3-a5d7-dda908b4e076/resourceGroups/ps7181/providers/Microsoft.Network/privateDnsOperationStatuses/RnJvbnRFbmRBc3luY09wZXJhdGlvbjtVcHNlcnRQcml2YXRlRG5zWm9uZTsxMWZkZDNjOS02MzVmLTQ5ZjUtOTEwYy1iZjk3NzVkMTEwNmI=?api-version=2018-09-01",
      "EncodedRequestUri": "L3N1YnNjcmlwdGlvbnMvMGU1YTQ2YjEtZGUwYi00ZWMzLWE1ZDctZGRhOTA4YjRlMDc2L3Jlc291cmNlR3JvdXBzL3BzNzE4MS9wcm92aWRlcnMvTWljcm9zb2Z0Lk5ldHdvcmsvcHJpdmF0ZURuc09wZXJhdGlvblN0YXR1c2VzL1JuSnZiblJGYm1SQmMzbHVZMDl3WlhKaGRHbHZianRWY0hObGNuUlFjbWwyWVhSbFJHNXpXbTl1WlRzeE1XWmtaRE5qT1MwMk16Vm1MVFE1WmpVdE9URXdZeTFpWmprM056VmtNVEV3Tm1JPT9hcGktdmVyc2lvbj0yMDE4LTA5LTAx",
      "RequestMethod": "GET",
      "RequestBody": "",
      "RequestHeaders": {
        "User-Agent": [
          "FxVersion/4.6.27019.06",
          "OSName/Windows",
          "OSVersion/Microsoft.Windows.10.0.17763.",
          "Microsoft.Azure.Management.PrivateDns.PrivateDnsManagementClient/1.0.0.0"
        ]
      },
      "ResponseHeaders": {
        "Cache-Control": [
          "private"
        ],
        "Location": [
          "https://api-dogfood.resources.windows-int.net/subscriptions/0e5a46b1-de0b-4ec3-a5d7-dda908b4e076/resourceGroups/ps7181/providers/Microsoft.Network/privateDnsOperationResults/RnJvbnRFbmRBc3luY09wZXJhdGlvbjtVcHNlcnRQcml2YXRlRG5zWm9uZTsxMWZkZDNjOS02MzVmLTQ5ZjUtOTEwYy1iZjk3NzVkMTEwNmI=?api-version=2018-09-01"
        ],
        "Retry-After": [
          "3"
        ],
        "X-Content-Type-Options": [
          "nosniff"
        ],
        "Strict-Transport-Security": [
          "max-age=31536000; includeSubDomains"
        ],
        "Azure-AsyncOperation": [
          "https://api-dogfood.resources.windows-int.net:443/subscriptions/0e5a46b1-de0b-4ec3-a5d7-dda908b4e076/resourceGroups/ps7181/providers/Microsoft.Network/privateDnsOperationStatuses/RnJvbnRFbmRBc3luY09wZXJhdGlvbjtVcHNlcnRQcml2YXRlRG5zWm9uZTsxMWZkZDNjOS02MzVmLTQ5ZjUtOTEwYy1iZjk3NzVkMTEwNmI=?api-version=2018-09-01"
        ],
        "x-ms-request-id": [
          "5db24f7e-02bd-42c5-9903-158de83d21c8"
        ],
        "Server": [
          "Microsoft-IIS/10.0"
        ],
        "X-AspNet-Version": [
          "4.0.30319"
        ],
        "X-Powered-By": [
          "ASP.NET"
        ],
        "x-ms-ratelimit-remaining-subscription-resource-requests": [
          "11945"
        ],
        "x-ms-correlation-request-id": [
          "890a7bf2-4844-4529-b8bb-09b4ff1ddbaf"
        ],
        "x-ms-routing-request-id": [
          "NORTHEUROPE:20190308T220701Z:890a7bf2-4844-4529-b8bb-09b4ff1ddbaf"
        ],
        "Date": [
          "Fri, 08 Mar 2019 22:07:00 GMT"
        ],
        "Content-Length": [
          "23"
        ],
        "Content-Type": [
          "application/json; charset=utf-8"
        ]
      },
      "ResponseBody": "{\r\n  \"status\": \"InProgress\"\r\n}",
      "StatusCode": 202
    },
    {
      "RequestUri": "/subscriptions/0e5a46b1-de0b-4ec3-a5d7-dda908b4e076/resourceGroups/ps7181/providers/Microsoft.Network/privateDnsOperationStatuses/RnJvbnRFbmRBc3luY09wZXJhdGlvbjtVcHNlcnRQcml2YXRlRG5zWm9uZTsxMWZkZDNjOS02MzVmLTQ5ZjUtOTEwYy1iZjk3NzVkMTEwNmI=?api-version=2018-09-01",
      "EncodedRequestUri": "L3N1YnNjcmlwdGlvbnMvMGU1YTQ2YjEtZGUwYi00ZWMzLWE1ZDctZGRhOTA4YjRlMDc2L3Jlc291cmNlR3JvdXBzL3BzNzE4MS9wcm92aWRlcnMvTWljcm9zb2Z0Lk5ldHdvcmsvcHJpdmF0ZURuc09wZXJhdGlvblN0YXR1c2VzL1JuSnZiblJGYm1SQmMzbHVZMDl3WlhKaGRHbHZianRWY0hObGNuUlFjbWwyWVhSbFJHNXpXbTl1WlRzeE1XWmtaRE5qT1MwMk16Vm1MVFE1WmpVdE9URXdZeTFpWmprM056VmtNVEV3Tm1JPT9hcGktdmVyc2lvbj0yMDE4LTA5LTAx",
      "RequestMethod": "GET",
      "RequestBody": "",
      "RequestHeaders": {
        "User-Agent": [
          "FxVersion/4.6.27019.06",
          "OSName/Windows",
          "OSVersion/Microsoft.Windows.10.0.17763.",
          "Microsoft.Azure.Management.PrivateDns.PrivateDnsManagementClient/1.0.0.0"
        ]
      },
      "ResponseHeaders": {
        "Cache-Control": [
          "private"
        ],
        "X-Content-Type-Options": [
          "nosniff"
        ],
        "Strict-Transport-Security": [
          "max-age=31536000; includeSubDomains"
        ],
        "x-ms-request-id": [
          "c695e349-4314-4bad-a196-914040b839b3"
        ],
        "Server": [
          "Microsoft-IIS/10.0"
        ],
        "X-AspNet-Version": [
          "4.0.30319"
        ],
        "X-Powered-By": [
          "ASP.NET"
        ],
        "x-ms-ratelimit-remaining-subscription-resource-requests": [
          "11944"
        ],
        "x-ms-correlation-request-id": [
          "22a801a0-97f3-44b7-b97e-35650de00b9e"
        ],
        "x-ms-routing-request-id": [
          "NORTHEUROPE:20190308T220704Z:22a801a0-97f3-44b7-b97e-35650de00b9e"
        ],
        "Date": [
          "Fri, 08 Mar 2019 22:07:04 GMT"
        ],
        "Content-Length": [
          "22"
        ],
        "Content-Type": [
          "application/json; charset=utf-8"
        ]
      },
      "ResponseBody": "{\r\n  \"status\": \"Succeeded\"\r\n}",
      "StatusCode": 200
    },
    {
      "RequestUri": "/subscriptions/0e5a46b1-de0b-4ec3-a5d7-dda908b4e076/resourceGroups/ps7181/providers/Microsoft.Network/privateDnsZones/ps7334.pstest.test?api-version=2018-09-01",
      "EncodedRequestUri": "L3N1YnNjcmlwdGlvbnMvMGU1YTQ2YjEtZGUwYi00ZWMzLWE1ZDctZGRhOTA4YjRlMDc2L3Jlc291cmNlR3JvdXBzL3BzNzE4MS9wcm92aWRlcnMvTWljcm9zb2Z0Lk5ldHdvcmsvcHJpdmF0ZURuc1pvbmVzL3BzNzMzNC5wc3Rlc3QudGVzdD9hcGktdmVyc2lvbj0yMDE4LTA5LTAx",
      "RequestMethod": "GET",
      "RequestBody": "",
      "RequestHeaders": {
        "User-Agent": [
          "FxVersion/4.6.27019.06",
          "OSName/Windows",
          "OSVersion/Microsoft.Windows.10.0.17763.",
          "Microsoft.Azure.Management.PrivateDns.PrivateDnsManagementClient/1.0.0.0"
        ]
      },
      "ResponseHeaders": {
        "Cache-Control": [
          "private"
        ],
        "ETag": [
          "07885584-69a3-4722-8dac-60066db38331"
        ],
        "X-Content-Type-Options": [
          "nosniff"
        ],
        "Strict-Transport-Security": [
          "max-age=31536000; includeSubDomains"
        ],
        "x-ms-request-id": [
          "c12e4e1a-6d90-4518-beda-5108a32934a2"
        ],
        "Server": [
          "Microsoft-IIS/10.0"
        ],
        "X-AspNet-Version": [
          "4.0.30319"
        ],
        "X-Powered-By": [
          "ASP.NET"
        ],
        "x-ms-ratelimit-remaining-subscription-resource-requests": [
          "11986"
        ],
        "x-ms-correlation-request-id": [
          "c3ec490c-8f36-4c8c-87f7-466b87ae0395"
        ],
        "x-ms-routing-request-id": [
          "NORTHEUROPE:20190308T220704Z:c3ec490c-8f36-4c8c-87f7-466b87ae0395"
        ],
        "Date": [
          "Fri, 08 Mar 2019 22:07:04 GMT"
        ],
        "Content-Length": [
          "557"
        ],
        "Content-Type": [
          "application/json; charset=utf-8"
        ]
      },
      "ResponseBody": "{\r\n  \"id\": \"/subscriptions/0e5a46b1-de0b-4ec3-a5d7-dda908b4e076/resourceGroups/ps7181/providers/Microsoft.Network/privateDnsZones/ps7334.pstest.test\",\r\n  \"name\": \"ps7334.pstest.test\",\r\n  \"type\": \"Microsoft.Network/privateDnsZones\",\r\n  \"etag\": \"07885584-69a3-4722-8dac-60066db38331\",\r\n  \"location\": \"global\",\r\n  \"properties\": {\r\n    \"maxNumberOfRecordSets\": 5000,\r\n    \"maxNumberOfVirtualNetworkLinks\": 10,\r\n    \"maxNumberOfVirtualNetworkLinksWithRegistration\": 1,\r\n    \"numberOfRecordSets\": 1,\r\n    \"numberOfVirtualNetworkLinks\": 0,\r\n    \"numberOfVirtualNetworkLinksWithRegistration\": 0,\r\n    \"provisioningState\": \"Succeeded\"\r\n  }\r\n}",
      "StatusCode": 200
    },
    {
      "RequestUri": "/subscriptions/0e5a46b1-de0b-4ec3-a5d7-dda908b4e076/resourceGroups/ps7181/providers/Microsoft.Network/privateDnsZones/ps7334.pstest.test?api-version=2018-09-01",
      "EncodedRequestUri": "L3N1YnNjcmlwdGlvbnMvMGU1YTQ2YjEtZGUwYi00ZWMzLWE1ZDctZGRhOTA4YjRlMDc2L3Jlc291cmNlR3JvdXBzL3BzNzE4MS9wcm92aWRlcnMvTWljcm9zb2Z0Lk5ldHdvcmsvcHJpdmF0ZURuc1pvbmVzL3BzNzMzNC5wc3Rlc3QudGVzdD9hcGktdmVyc2lvbj0yMDE4LTA5LTAx",
      "RequestMethod": "GET",
      "RequestBody": "",
      "RequestHeaders": {
        "x-ms-client-request-id": [
          "fe700547-983e-4886-89a8-0a32c2b57692"
        ],
        "Accept-Language": [
          "en-US"
        ],
        "User-Agent": [
          "FxVersion/4.6.27019.06",
          "OSName/Windows",
          "OSVersion/Microsoft.Windows.10.0.17763.",
          "Microsoft.Azure.Management.PrivateDns.PrivateDnsManagementClient/1.0.0.0"
        ]
      },
      "ResponseHeaders": {
        "Cache-Control": [
          "private"
        ],
        "ETag": [
          "07885584-69a3-4722-8dac-60066db38331"
        ],
        "X-Content-Type-Options": [
          "nosniff"
        ],
        "Strict-Transport-Security": [
          "max-age=31536000; includeSubDomains"
        ],
        "x-ms-request-id": [
          "fe700547-983e-4886-89a8-0a32c2b57692"
        ],
        "Server": [
          "Microsoft-IIS/10.0"
        ],
        "X-AspNet-Version": [
          "4.0.30319"
        ],
        "X-Powered-By": [
          "ASP.NET"
        ],
        "x-ms-ratelimit-remaining-subscription-resource-requests": [
          "11985"
        ],
        "x-ms-correlation-request-id": [
          "5043ba38-1bd5-4c0e-bf13-fd3e54f34b1c"
        ],
        "x-ms-routing-request-id": [
          "NORTHEUROPE:20190308T220706Z:5043ba38-1bd5-4c0e-bf13-fd3e54f34b1c"
        ],
        "Date": [
          "Fri, 08 Mar 2019 22:07:06 GMT"
        ],
        "Content-Length": [
          "557"
        ],
        "Content-Type": [
          "application/json; charset=utf-8"
        ]
      },
      "ResponseBody": "{\r\n  \"id\": \"/subscriptions/0e5a46b1-de0b-4ec3-a5d7-dda908b4e076/resourceGroups/ps7181/providers/Microsoft.Network/privateDnsZones/ps7334.pstest.test\",\r\n  \"name\": \"ps7334.pstest.test\",\r\n  \"type\": \"Microsoft.Network/privateDnsZones\",\r\n  \"etag\": \"07885584-69a3-4722-8dac-60066db38331\",\r\n  \"location\": \"global\",\r\n  \"properties\": {\r\n    \"maxNumberOfRecordSets\": 5000,\r\n    \"maxNumberOfVirtualNetworkLinks\": 10,\r\n    \"maxNumberOfVirtualNetworkLinksWithRegistration\": 1,\r\n    \"numberOfRecordSets\": 1,\r\n    \"numberOfVirtualNetworkLinks\": 0,\r\n    \"numberOfVirtualNetworkLinksWithRegistration\": 0,\r\n    \"provisioningState\": \"Succeeded\"\r\n  }\r\n}",
      "StatusCode": 200
    },
    {
      "RequestUri": "/subscriptions/0e5a46b1-de0b-4ec3-a5d7-dda908b4e076/resourceGroups/ps7181/providers/Microsoft.Network/privateDnsZones/ps7334.pstest.test/A/ps7536?api-version=2018-09-01",
      "EncodedRequestUri": "L3N1YnNjcmlwdGlvbnMvMGU1YTQ2YjEtZGUwYi00ZWMzLWE1ZDctZGRhOTA4YjRlMDc2L3Jlc291cmNlR3JvdXBzL3BzNzE4MS9wcm92aWRlcnMvTWljcm9zb2Z0Lk5ldHdvcmsvcHJpdmF0ZURuc1pvbmVzL3BzNzMzNC5wc3Rlc3QudGVzdC9BL3BzNzUzNj9hcGktdmVyc2lvbj0yMDE4LTA5LTAx",
      "RequestMethod": "PUT",
      "RequestBody": "{\r\n  \"properties\": {\r\n    \"ttl\": 100,\r\n    \"aRecords\": []\r\n  }\r\n}",
      "RequestHeaders": {
        "x-ms-client-request-id": [
          "93e4dbda-cbb6-4362-b033-c51f2443c020"
        ],
        "If-None-Match": [
          "*"
        ],
        "Accept-Language": [
          "en-US"
        ],
        "User-Agent": [
          "FxVersion/4.6.27019.06",
          "OSName/Windows",
          "OSVersion/Microsoft.Windows.10.0.17763.",
          "Microsoft.Azure.Management.PrivateDns.PrivateDnsManagementClient/1.0.0.0"
        ],
        "Content-Type": [
          "application/json; charset=utf-8"
        ],
        "Content-Length": [
          "65"
        ]
      },
      "ResponseHeaders": {
        "Cache-Control": [
          "private"
        ],
        "ETag": [
          "fa90c8a6-d298-40cc-b0de-76b9bbbe5323"
        ],
        "X-Content-Type-Options": [
          "nosniff"
        ],
        "Strict-Transport-Security": [
          "max-age=31536000; includeSubDomains"
        ],
        "x-ms-request-id": [
          "93e4dbda-cbb6-4362-b033-c51f2443c020"
        ],
        "Server": [
          "Microsoft-IIS/10.0"
        ],
        "X-AspNet-Version": [
          "4.0.30319"
        ],
        "X-Powered-By": [
          "ASP.NET"
        ],
        "x-ms-ratelimit-remaining-subscription-resource-requests": [
          "11997"
        ],
        "x-ms-correlation-request-id": [
          "e70921a4-d4a9-4675-8abd-2bce6c832c8d"
        ],
        "x-ms-routing-request-id": [
          "NORTHEUROPE:20190308T220705Z:e70921a4-d4a9-4675-8abd-2bce6c832c8d"
        ],
        "Date": [
          "Fri, 08 Mar 2019 22:07:05 GMT"
        ],
        "Content-Length": [
          "348"
        ],
        "Content-Type": [
          "application/json; charset=utf-8"
        ]
      },
      "ResponseBody": "{\r\n  \"id\": \"/subscriptions/0e5a46b1-de0b-4ec3-a5d7-dda908b4e076/resourceGroups/ps7181/providers/Microsoft.Network/privateDnsZones/ps7334.pstest.test/A/ps7536\",\r\n  \"name\": \"ps7536\",\r\n  \"type\": \"Microsoft.Network/privateDnsZones/A\",\r\n  \"etag\": \"fa90c8a6-d298-40cc-b0de-76b9bbbe5323\",\r\n  \"properties\": {\r\n    \"fqdn\": \"ps7536.ps7334.pstest.test.\",\r\n    \"ttl\": 100,\r\n    \"aRecords\": []\r\n  }\r\n}",
      "StatusCode": 201
    },
    {
      "RequestUri": "/subscriptions/0e5a46b1-de0b-4ec3-a5d7-dda908b4e076/resourceGroups/ps7181/providers/Microsoft.Network/privateDnsZones/ps7334.pstest.test/A/ps7536?api-version=2018-09-01",
      "EncodedRequestUri": "L3N1YnNjcmlwdGlvbnMvMGU1YTQ2YjEtZGUwYi00ZWMzLWE1ZDctZGRhOTA4YjRlMDc2L3Jlc291cmNlR3JvdXBzL3BzNzE4MS9wcm92aWRlcnMvTWljcm9zb2Z0Lk5ldHdvcmsvcHJpdmF0ZURuc1pvbmVzL3BzNzMzNC5wc3Rlc3QudGVzdC9BL3BzNzUzNj9hcGktdmVyc2lvbj0yMDE4LTA5LTAx",
      "RequestMethod": "PUT",
      "RequestBody": "{\r\n  \"properties\": {\r\n    \"ttl\": 100,\r\n    \"aRecords\": [\r\n      {\r\n        \"ipv4Address\": \"2.2.2.2\"\r\n      }\r\n    ]\r\n  }\r\n}",
      "RequestHeaders": {
        "x-ms-client-request-id": [
          "65207c46-e1ba-4f12-96d8-7907ac6d76f2"
        ],
        "If-Match": [
          "fa90c8a6-d298-40cc-b0de-76b9bbbe5323"
        ],
        "Accept-Language": [
          "en-US"
        ],
        "User-Agent": [
          "FxVersion/4.6.27019.06",
          "OSName/Windows",
          "OSVersion/Microsoft.Windows.10.0.17763.",
          "Microsoft.Azure.Management.PrivateDns.PrivateDnsManagementClient/1.0.0.0"
        ],
        "Content-Type": [
          "application/json; charset=utf-8"
        ],
        "Content-Length": [
          "123"
        ]
      },
      "ResponseHeaders": {
        "Cache-Control": [
          "private"
        ],
        "ETag": [
          "874a3193-ebad-42b8-9fc2-f3e8d6cb22f4"
        ],
        "X-Content-Type-Options": [
          "nosniff"
        ],
        "Strict-Transport-Security": [
          "max-age=31536000; includeSubDomains"
        ],
        "x-ms-request-id": [
          "65207c46-e1ba-4f12-96d8-7907ac6d76f2"
        ],
        "Server": [
          "Microsoft-IIS/10.0"
        ],
        "X-AspNet-Version": [
          "4.0.30319"
        ],
        "X-Powered-By": [
          "ASP.NET"
        ],
        "x-ms-ratelimit-remaining-subscription-resource-requests": [
          "11996"
        ],
        "x-ms-correlation-request-id": [
          "dbf89b95-df64-40b8-abfb-490b34ba419b"
        ],
        "x-ms-routing-request-id": [
          "NORTHEUROPE:20190308T220705Z:dbf89b95-df64-40b8-abfb-490b34ba419b"
        ],
        "Date": [
          "Fri, 08 Mar 2019 22:07:05 GMT"
        ],
        "Content-Length": [
          "373"
        ],
        "Content-Type": [
          "application/json; charset=utf-8"
        ]
      },
      "ResponseBody": "{\r\n  \"id\": \"/subscriptions/0e5a46b1-de0b-4ec3-a5d7-dda908b4e076/resourceGroups/ps7181/providers/Microsoft.Network/privateDnsZones/ps7334.pstest.test/A/ps7536\",\r\n  \"name\": \"ps7536\",\r\n  \"type\": \"Microsoft.Network/privateDnsZones/A\",\r\n  \"etag\": \"874a3193-ebad-42b8-9fc2-f3e8d6cb22f4\",\r\n  \"properties\": {\r\n    \"fqdn\": \"ps7536.ps7334.pstest.test.\",\r\n    \"ttl\": 100,\r\n    \"aRecords\": [\r\n      {\r\n        \"ipv4Address\": \"2.2.2.2\"\r\n      }\r\n    ]\r\n  }\r\n}",
      "StatusCode": 200
    },
    {
      "RequestUri": "/subscriptions/0e5a46b1-de0b-4ec3-a5d7-dda908b4e076/resourceGroups/ps7181/providers/Microsoft.Network/privateDnsZones/ps7334.pstest.test/A/ps7536?api-version=2018-09-01",
      "EncodedRequestUri": "L3N1YnNjcmlwdGlvbnMvMGU1YTQ2YjEtZGUwYi00ZWMzLWE1ZDctZGRhOTA4YjRlMDc2L3Jlc291cmNlR3JvdXBzL3BzNzE4MS9wcm92aWRlcnMvTWljcm9zb2Z0Lk5ldHdvcmsvcHJpdmF0ZURuc1pvbmVzL3BzNzMzNC5wc3Rlc3QudGVzdC9BL3BzNzUzNj9hcGktdmVyc2lvbj0yMDE4LTA5LTAx",
      "RequestMethod": "GET",
      "RequestBody": "",
      "RequestHeaders": {
        "x-ms-client-request-id": [
          "82e642c7-4e16-4a05-b47c-0eea56d1279c"
        ],
        "Accept-Language": [
          "en-US"
        ],
        "User-Agent": [
          "FxVersion/4.6.27019.06",
          "OSName/Windows",
          "OSVersion/Microsoft.Windows.10.0.17763.",
          "Microsoft.Azure.Management.PrivateDns.PrivateDnsManagementClient/1.0.0.0"
        ]
      },
      "ResponseHeaders": {
        "Cache-Control": [
          "private"
        ],
        "ETag": [
          "fa90c8a6-d298-40cc-b0de-76b9bbbe5323"
        ],
        "X-Content-Type-Options": [
          "nosniff"
        ],
        "Strict-Transport-Security": [
          "max-age=31536000; includeSubDomains"
        ],
        "x-ms-request-id": [
          "82e642c7-4e16-4a05-b47c-0eea56d1279c"
        ],
        "Server": [
          "Microsoft-IIS/10.0"
        ],
        "X-AspNet-Version": [
          "4.0.30319"
        ],
        "X-Powered-By": [
          "ASP.NET"
        ],
        "x-ms-ratelimit-remaining-subscription-resource-requests": [
          "11995"
        ],
        "x-ms-correlation-request-id": [
          "a1173404-9b73-4d94-9a35-58b531070ea8"
        ],
        "x-ms-routing-request-id": [
          "NORTHEUROPE:20190308T220705Z:a1173404-9b73-4d94-9a35-58b531070ea8"
        ],
        "Date": [
          "Fri, 08 Mar 2019 22:07:05 GMT"
        ],
        "Content-Length": [
          "348"
        ],
        "Content-Type": [
          "application/json; charset=utf-8"
        ]
      },
      "ResponseBody": "{\r\n  \"id\": \"/subscriptions/0e5a46b1-de0b-4ec3-a5d7-dda908b4e076/resourceGroups/ps7181/providers/Microsoft.Network/privateDnsZones/ps7334.pstest.test/A/ps7536\",\r\n  \"name\": \"ps7536\",\r\n  \"type\": \"Microsoft.Network/privateDnsZones/A\",\r\n  \"etag\": \"fa90c8a6-d298-40cc-b0de-76b9bbbe5323\",\r\n  \"properties\": {\r\n    \"fqdn\": \"ps7536.ps7334.pstest.test.\",\r\n    \"ttl\": 100,\r\n    \"aRecords\": []\r\n  }\r\n}",
      "StatusCode": 200
    },
    {
      "RequestUri": "/subscriptions/0e5a46b1-de0b-4ec3-a5d7-dda908b4e076/resourceGroups/ps7181/providers/Microsoft.Network/privateDnsZones/ps7334.pstest.test/A/ps7536?api-version=2018-09-01",
      "EncodedRequestUri": "L3N1YnNjcmlwdGlvbnMvMGU1YTQ2YjEtZGUwYi00ZWMzLWE1ZDctZGRhOTA4YjRlMDc2L3Jlc291cmNlR3JvdXBzL3BzNzE4MS9wcm92aWRlcnMvTWljcm9zb2Z0Lk5ldHdvcmsvcHJpdmF0ZURuc1pvbmVzL3BzNzMzNC5wc3Rlc3QudGVzdC9BL3BzNzUzNj9hcGktdmVyc2lvbj0yMDE4LTA5LTAx",
      "RequestMethod": "GET",
      "RequestBody": "",
      "RequestHeaders": {
        "x-ms-client-request-id": [
          "3bdc1407-e485-4c39-8ad8-1d14a2287529"
        ],
        "Accept-Language": [
          "en-US"
        ],
        "User-Agent": [
          "FxVersion/4.6.27019.06",
          "OSName/Windows",
          "OSVersion/Microsoft.Windows.10.0.17763.",
          "Microsoft.Azure.Management.PrivateDns.PrivateDnsManagementClient/1.0.0.0"
        ]
      },
      "ResponseHeaders": {
        "Cache-Control": [
          "private"
        ],
        "ETag": [
          "874a3193-ebad-42b8-9fc2-f3e8d6cb22f4"
        ],
        "X-Content-Type-Options": [
          "nosniff"
        ],
        "Strict-Transport-Security": [
          "max-age=31536000; includeSubDomains"
        ],
        "x-ms-request-id": [
          "3bdc1407-e485-4c39-8ad8-1d14a2287529"
        ],
        "Server": [
          "Microsoft-IIS/10.0"
        ],
        "X-AspNet-Version": [
          "4.0.30319"
        ],
        "X-Powered-By": [
          "ASP.NET"
        ],
        "x-ms-ratelimit-remaining-subscription-resource-requests": [
          "11994"
        ],
        "x-ms-correlation-request-id": [
          "328efc99-d765-40ac-83f0-4803bca89963"
        ],
        "x-ms-routing-request-id": [
          "NORTHEUROPE:20190308T220705Z:328efc99-d765-40ac-83f0-4803bca89963"
        ],
        "Date": [
          "Fri, 08 Mar 2019 22:07:05 GMT"
        ],
        "Content-Length": [
          "373"
        ],
        "Content-Type": [
          "application/json; charset=utf-8"
        ]
      },
      "ResponseBody": "{\r\n  \"id\": \"/subscriptions/0e5a46b1-de0b-4ec3-a5d7-dda908b4e076/resourceGroups/ps7181/providers/Microsoft.Network/privateDnsZones/ps7334.pstest.test/A/ps7536\",\r\n  \"name\": \"ps7536\",\r\n  \"type\": \"Microsoft.Network/privateDnsZones/A\",\r\n  \"etag\": \"874a3193-ebad-42b8-9fc2-f3e8d6cb22f4\",\r\n  \"properties\": {\r\n    \"fqdn\": \"ps7536.ps7334.pstest.test.\",\r\n    \"ttl\": 100,\r\n    \"aRecords\": [\r\n      {\r\n        \"ipv4Address\": \"2.2.2.2\"\r\n      }\r\n    ]\r\n  }\r\n}",
      "StatusCode": 200
    },
    {
      "RequestUri": "/subscriptions/0e5a46b1-de0b-4ec3-a5d7-dda908b4e076/resourceGroups/ps7181/providers/Microsoft.Network/privateDnsZones/ps7334.pstest.test/A?api-version=2018-09-01",
      "EncodedRequestUri": "L3N1YnNjcmlwdGlvbnMvMGU1YTQ2YjEtZGUwYi00ZWMzLWE1ZDctZGRhOTA4YjRlMDc2L3Jlc291cmNlR3JvdXBzL3BzNzE4MS9wcm92aWRlcnMvTWljcm9zb2Z0Lk5ldHdvcmsvcHJpdmF0ZURuc1pvbmVzL3BzNzMzNC5wc3Rlc3QudGVzdC9BP2FwaS12ZXJzaW9uPTIwMTgtMDktMDE=",
      "RequestMethod": "GET",
      "RequestBody": "",
      "RequestHeaders": {
        "x-ms-client-request-id": [
          "e434172b-330e-4ea9-b6cc-a9ca4976e402"
        ],
        "Accept-Language": [
          "en-US"
        ],
        "User-Agent": [
          "FxVersion/4.6.27019.06",
          "OSName/Windows",
          "OSVersion/Microsoft.Windows.10.0.17763.",
          "Microsoft.Azure.Management.PrivateDns.PrivateDnsManagementClient/1.0.0.0"
        ]
      },
      "ResponseHeaders": {
        "Cache-Control": [
          "private"
        ],
        "X-Content-Type-Options": [
          "nosniff"
        ],
        "Strict-Transport-Security": [
          "max-age=31536000; includeSubDomains"
        ],
        "x-ms-request-id": [
          "e434172b-330e-4ea9-b6cc-a9ca4976e402"
        ],
        "Server": [
          "Microsoft-IIS/10.0"
        ],
        "X-AspNet-Version": [
          "4.0.30319"
        ],
        "X-Powered-By": [
          "ASP.NET"
        ],
        "x-ms-ratelimit-remaining-subscription-resource-requests": [
          "11993"
        ],
        "x-ms-correlation-request-id": [
          "3a066258-179e-445f-984b-12f874f55f02"
        ],
        "x-ms-routing-request-id": [
          "NORTHEUROPE:20190308T220706Z:3a066258-179e-445f-984b-12f874f55f02"
        ],
        "Date": [
          "Fri, 08 Mar 2019 22:07:06 GMT"
        ],
        "Content-Length": [
          "385"
        ],
        "Content-Type": [
          "application/json; charset=utf-8"
        ]
      },
      "ResponseBody": "{\r\n  \"value\": [\r\n    {\r\n      \"id\": \"/subscriptions/0e5a46b1-de0b-4ec3-a5d7-dda908b4e076/resourceGroups/ps7181/providers/Microsoft.Network/privateDnsZones/ps7334.pstest.test/A/ps7536\",\r\n      \"name\": \"ps7536\",\r\n      \"type\": \"Microsoft.Network/privateDnsZones/A\",\r\n      \"etag\": \"874a3193-ebad-42b8-9fc2-f3e8d6cb22f4\",\r\n      \"properties\": {\r\n        \"fqdn\": \"ps7536.ps7334.pstest.test.\",\r\n        \"ttl\": 100,\r\n        \"aRecords\": [\r\n          {\r\n            \"ipv4Address\": \"2.2.2.2\"\r\n          }\r\n        ]\r\n      }\r\n    }\r\n  ]\r\n}",
      "StatusCode": 200
    },
    {
      "RequestUri": "/subscriptions/0e5a46b1-de0b-4ec3-a5d7-dda908b4e076/resourceGroups/ps7181/providers/Microsoft.Network/privateDnsZones/ps7334.pstest.test/A/ps7536?api-version=2018-09-01",
      "EncodedRequestUri": "L3N1YnNjcmlwdGlvbnMvMGU1YTQ2YjEtZGUwYi00ZWMzLWE1ZDctZGRhOTA4YjRlMDc2L3Jlc291cmNlR3JvdXBzL3BzNzE4MS9wcm92aWRlcnMvTWljcm9zb2Z0Lk5ldHdvcmsvcHJpdmF0ZURuc1pvbmVzL3BzNzMzNC5wc3Rlc3QudGVzdC9BL3BzNzUzNj9hcGktdmVyc2lvbj0yMDE4LTA5LTAx",
      "RequestMethod": "DELETE",
      "RequestBody": "",
      "RequestHeaders": {
        "x-ms-client-request-id": [
          "a50b4299-33cc-4fd7-95ac-2fd0dfb8adfd"
        ],
        "If-Match": [
          "874a3193-ebad-42b8-9fc2-f3e8d6cb22f4"
        ],
        "Accept-Language": [
          "en-US"
        ],
        "User-Agent": [
          "FxVersion/4.6.27019.06",
          "OSName/Windows",
          "OSVersion/Microsoft.Windows.10.0.17763.",
          "Microsoft.Azure.Management.PrivateDns.PrivateDnsManagementClient/1.0.0.0"
        ]
      },
      "ResponseHeaders": {
        "Cache-Control": [
          "private"
        ],
        "X-Content-Type-Options": [
          "nosniff"
        ],
        "Strict-Transport-Security": [
          "max-age=31536000; includeSubDomains"
        ],
        "x-ms-request-id": [
          "a50b4299-33cc-4fd7-95ac-2fd0dfb8adfd"
        ],
        "Server": [
          "Microsoft-IIS/10.0"
        ],
        "X-AspNet-Version": [
          "4.0.30319"
        ],
        "X-Powered-By": [
          "ASP.NET"
        ],
        "x-ms-ratelimit-remaining-subscription-resource-requests": [
          "11998"
        ],
        "x-ms-correlation-request-id": [
          "535a6a13-ec09-43b5-b01d-1afdd8704117"
        ],
        "x-ms-routing-request-id": [
          "NORTHEUROPE:20190308T220706Z:535a6a13-ec09-43b5-b01d-1afdd8704117"
        ],
        "Date": [
          "Fri, 08 Mar 2019 22:07:06 GMT"
        ],
        "Content-Length": [
          "0"
        ]
      },
      "ResponseBody": "",
      "StatusCode": 200
    },
    {
      "RequestUri": "/subscriptions/0e5a46b1-de0b-4ec3-a5d7-dda908b4e076/resourceGroups/ps7181/providers/Microsoft.Network/privateDnsZones/ps7334.pstest.test?api-version=2018-09-01",
      "EncodedRequestUri": "L3N1YnNjcmlwdGlvbnMvMGU1YTQ2YjEtZGUwYi00ZWMzLWE1ZDctZGRhOTA4YjRlMDc2L3Jlc291cmNlR3JvdXBzL3BzNzE4MS9wcm92aWRlcnMvTWljcm9zb2Z0Lk5ldHdvcmsvcHJpdmF0ZURuc1pvbmVzL3BzNzMzNC5wc3Rlc3QudGVzdD9hcGktdmVyc2lvbj0yMDE4LTA5LTAx",
      "RequestMethod": "DELETE",
      "RequestBody": "",
      "RequestHeaders": {
        "x-ms-client-request-id": [
          "ff5ff07c-8d2e-4a5c-9939-ebf80652cab6"
        ],
        "If-Match": [
          "*"
        ],
        "Accept-Language": [
          "en-US"
        ],
        "User-Agent": [
          "FxVersion/4.6.27019.06",
          "OSName/Windows",
          "OSVersion/Microsoft.Windows.10.0.17763.",
          "Microsoft.Azure.Management.PrivateDns.PrivateDnsManagementClient/1.0.0.0"
        ]
      },
      "ResponseHeaders": {
        "Cache-Control": [
          "private"
        ],
        "Location": [
          "https://api-dogfood.resources.windows-int.net/subscriptions/0e5a46b1-de0b-4ec3-a5d7-dda908b4e076/resourceGroups/ps7181/providers/Microsoft.Network/privateDnsOperationResults/RnJvbnRFbmRBc3luY09wZXJhdGlvbjtEZWxldGVQcml2YXRlRG5zWm9uZTtlMzZhNmE1My02MWZhLTQyOGItYTQ4ZC1mOGE2MTQ5ZTE2N2I=?api-version=2018-09-01"
        ],
        "Retry-After": [
          "3"
        ],
        "X-Content-Type-Options": [
          "nosniff"
        ],
        "Strict-Transport-Security": [
          "max-age=31536000; includeSubDomains"
        ],
        "Azure-AsyncOperation": [
          "https://api-dogfood.resources.windows-int.net:443/subscriptions/0e5a46b1-de0b-4ec3-a5d7-dda908b4e076/resourceGroups/ps7181/providers/Microsoft.Network/privateDnsOperationStatuses/RnJvbnRFbmRBc3luY09wZXJhdGlvbjtEZWxldGVQcml2YXRlRG5zWm9uZTtlMzZhNmE1My02MWZhLTQyOGItYTQ4ZC1mOGE2MTQ5ZTE2N2I=?api-version=2018-09-01"
        ],
        "x-ms-request-id": [
          "ff5ff07c-8d2e-4a5c-9939-ebf80652cab6"
        ],
        "Server": [
          "Microsoft-IIS/10.0"
        ],
        "X-AspNet-Version": [
          "4.0.30319"
        ],
        "X-Powered-By": [
          "ASP.NET"
        ],
        "x-ms-ratelimit-remaining-subscription-resource-requests": [
          "11992"
        ],
        "x-ms-correlation-request-id": [
          "e08e7da9-7a25-4c4d-8de5-e69e239660e0"
        ],
        "x-ms-routing-request-id": [
          "NORTHEUROPE:20190308T220707Z:e08e7da9-7a25-4c4d-8de5-e69e239660e0"
        ],
        "Date": [
          "Fri, 08 Mar 2019 22:07:07 GMT"
        ],
        "Content-Length": [
          "0"
        ]
      },
      "ResponseBody": "",
      "StatusCode": 202
    },
    {
      "RequestUri": "/subscriptions/0e5a46b1-de0b-4ec3-a5d7-dda908b4e076/resourceGroups/ps7181/providers/Microsoft.Network/privateDnsOperationStatuses/RnJvbnRFbmRBc3luY09wZXJhdGlvbjtEZWxldGVQcml2YXRlRG5zWm9uZTtlMzZhNmE1My02MWZhLTQyOGItYTQ4ZC1mOGE2MTQ5ZTE2N2I=?api-version=2018-09-01",
      "EncodedRequestUri": "L3N1YnNjcmlwdGlvbnMvMGU1YTQ2YjEtZGUwYi00ZWMzLWE1ZDctZGRhOTA4YjRlMDc2L3Jlc291cmNlR3JvdXBzL3BzNzE4MS9wcm92aWRlcnMvTWljcm9zb2Z0Lk5ldHdvcmsvcHJpdmF0ZURuc09wZXJhdGlvblN0YXR1c2VzL1JuSnZiblJGYm1SQmMzbHVZMDl3WlhKaGRHbHZianRFWld4bGRHVlFjbWwyWVhSbFJHNXpXbTl1WlR0bE16WmhObUUxTXkwMk1XWmhMVFF5T0dJdFlUUTRaQzFtT0dFMk1UUTVaVEUyTjJJPT9hcGktdmVyc2lvbj0yMDE4LTA5LTAx",
      "RequestMethod": "GET",
      "RequestBody": "",
      "RequestHeaders": {
        "User-Agent": [
          "FxVersion/4.6.27019.06",
          "OSName/Windows",
          "OSVersion/Microsoft.Windows.10.0.17763.",
          "Microsoft.Azure.Management.PrivateDns.PrivateDnsManagementClient/1.0.0.0"
        ]
      },
      "ResponseHeaders": {
        "Cache-Control": [
          "private"
        ],
        "X-Content-Type-Options": [
          "nosniff"
        ],
        "Strict-Transport-Security": [
          "max-age=31536000; includeSubDomains"
        ],
        "x-ms-request-id": [
          "80d60f46-089f-44ae-b4ab-4128b812d116"
        ],
        "Server": [
          "Microsoft-IIS/10.0"
        ],
        "X-AspNet-Version": [
          "4.0.30319"
        ],
        "X-Powered-By": [
          "ASP.NET"
        ],
        "x-ms-ratelimit-remaining-subscription-resource-requests": [
          "11943"
        ],
        "x-ms-correlation-request-id": [
          "15445c85-1774-48bd-b9f1-b540d41b00b5"
        ],
        "x-ms-routing-request-id": [
          "NORTHEUROPE:20190308T220710Z:15445c85-1774-48bd-b9f1-b540d41b00b5"
        ],
        "Date": [
          "Fri, 08 Mar 2019 22:07:10 GMT"
        ],
        "Content-Length": [
          "22"
        ],
        "Content-Type": [
          "application/json; charset=utf-8"
        ]
      },
      "ResponseBody": "{\r\n  \"status\": \"Succeeded\"\r\n}",
      "StatusCode": 200
    },
    {
      "RequestUri": "/subscriptions/0e5a46b1-de0b-4ec3-a5d7-dda908b4e076/resourceGroups/ps7181/providers/Microsoft.Network/privateDnsOperationResults/RnJvbnRFbmRBc3luY09wZXJhdGlvbjtEZWxldGVQcml2YXRlRG5zWm9uZTtlMzZhNmE1My02MWZhLTQyOGItYTQ4ZC1mOGE2MTQ5ZTE2N2I=?api-version=2018-09-01",
      "EncodedRequestUri": "L3N1YnNjcmlwdGlvbnMvMGU1YTQ2YjEtZGUwYi00ZWMzLWE1ZDctZGRhOTA4YjRlMDc2L3Jlc291cmNlR3JvdXBzL3BzNzE4MS9wcm92aWRlcnMvTWljcm9zb2Z0Lk5ldHdvcmsvcHJpdmF0ZURuc09wZXJhdGlvblJlc3VsdHMvUm5KdmJuUkZibVJCYzNsdVkwOXdaWEpoZEdsdmJqdEVaV3hsZEdWUWNtbDJZWFJsUkc1eldtOXVaVHRsTXpaaE5tRTFNeTAyTVdaaExUUXlPR0l0WVRRNFpDMW1PR0UyTVRRNVpURTJOMkk9P2FwaS12ZXJzaW9uPTIwMTgtMDktMDE=",
      "RequestMethod": "GET",
      "RequestBody": "",
      "RequestHeaders": {
        "User-Agent": [
          "FxVersion/4.6.27019.06",
          "OSName/Windows",
          "OSVersion/Microsoft.Windows.10.0.17763.",
          "Microsoft.Azure.Management.PrivateDns.PrivateDnsManagementClient/1.0.0.0"
        ]
      },
      "ResponseHeaders": {
        "Cache-Control": [
          "private"
        ],
        "X-Content-Type-Options": [
          "nosniff"
        ],
        "Strict-Transport-Security": [
          "max-age=31536000; includeSubDomains"
        ],
        "x-ms-request-id": [
          "bf018d32-b5d1-4eeb-adb3-c9283107b5f9"
        ],
        "Server": [
          "Microsoft-IIS/10.0"
        ],
        "X-AspNet-Version": [
          "4.0.30319"
        ],
        "X-Powered-By": [
          "ASP.NET"
        ],
        "x-ms-ratelimit-remaining-subscription-resource-requests": [
          "11992"
        ],
        "x-ms-correlation-request-id": [
          "f002a301-d354-4a0e-9bd0-7732a4e5dd4b"
        ],
        "x-ms-routing-request-id": [
          "NORTHEUROPE:20190308T220710Z:f002a301-d354-4a0e-9bd0-7732a4e5dd4b"
        ],
        "Date": [
          "Fri, 08 Mar 2019 22:07:10 GMT"
        ],
        "Content-Length": [
          "2"
        ],
        "Content-Type": [
          "application/json; charset=utf-8"
        ]
      },
      "ResponseBody": "{}",
      "StatusCode": 200
    },
    {
      "RequestUri": "/subscriptions/0e5a46b1-de0b-4ec3-a5d7-dda908b4e076/resourcegroups/ps7181?api-version=2016-09-01",
      "EncodedRequestUri": "L3N1YnNjcmlwdGlvbnMvMGU1YTQ2YjEtZGUwYi00ZWMzLWE1ZDctZGRhOTA4YjRlMDc2L3Jlc291cmNlZ3JvdXBzL3BzNzE4MT9hcGktdmVyc2lvbj0yMDE2LTA5LTAx",
      "RequestMethod": "DELETE",
      "RequestBody": "",
      "RequestHeaders": {
        "x-ms-client-request-id": [
          "e3bf05ea-9bec-460d-a604-47fcdeca42e9"
        ],
        "Accept-Language": [
          "en-US"
        ],
        "User-Agent": [
          "FxVersion/4.6.27019.06",
          "OSName/Windows",
          "OSVersion/Microsoft.Windows.10.0.17763.",
          "Microsoft.Azure.Management.Internal.Resources.ResourceManagementClient/1.1.17"
        ]
      },
      "ResponseHeaders": {
        "Cache-Control": [
          "no-cache"
        ],
        "Pragma": [
          "no-cache"
        ],
        "Location": [
          "https://api-dogfood.resources.windows-int.net/subscriptions/0e5a46b1-de0b-4ec3-a5d7-dda908b4e076/operationresults/eyJqb2JJZCI6IlJFU09VUkNFR1JPVVBERUxFVElPTkpPQi1QUzcxODEtV0VTVFVTIiwiam9iTG9jYXRpb24iOiJ3ZXN0dXMifQ?api-version=2016-09-01"
        ],
        "Retry-After": [
          "15"
        ],
        "x-ms-ratelimit-remaining-subscription-deletes": [
          "14986"
        ],
        "x-ms-request-id": [
          "2a30c162-aad5-41b0-97bb-58b5e0c853e6"
        ],
        "x-ms-correlation-request-id": [
          "2a30c162-aad5-41b0-97bb-58b5e0c853e6"
        ],
        "x-ms-routing-request-id": [
          "NORTHEUROPE:20190308T220712Z:2a30c162-aad5-41b0-97bb-58b5e0c853e6"
        ],
        "Strict-Transport-Security": [
          "max-age=31536000; includeSubDomains"
        ],
        "X-Content-Type-Options": [
          "nosniff"
        ],
        "Date": [
          "Fri, 08 Mar 2019 22:07:11 GMT"
        ],
        "Expires": [
          "-1"
        ],
        "Content-Length": [
          "0"
        ]
      },
      "ResponseBody": "",
      "StatusCode": 202
    },
    {
      "RequestUri": "/subscriptions/0e5a46b1-de0b-4ec3-a5d7-dda908b4e076/operationresults/eyJqb2JJZCI6IlJFU09VUkNFR1JPVVBERUxFVElPTkpPQi1QUzcxODEtV0VTVFVTIiwiam9iTG9jYXRpb24iOiJ3ZXN0dXMifQ?api-version=2016-09-01",
      "EncodedRequestUri": "L3N1YnNjcmlwdGlvbnMvMGU1YTQ2YjEtZGUwYi00ZWMzLWE1ZDctZGRhOTA4YjRlMDc2L29wZXJhdGlvbnJlc3VsdHMvZXlKcWIySkpaQ0k2SWxKRlUwOVZVa05GUjFKUFZWQkVSVXhGVkVsUFRrcFBRaTFRVXpjeE9ERXRWMFZUVkZWVElpd2lhbTlpVEc5allYUnBiMjRpT2lKM1pYTjBkWE1pZlE/YXBpLXZlcnNpb249MjAxNi0wOS0wMQ==",
      "RequestMethod": "GET",
      "RequestBody": "",
      "RequestHeaders": {
        "User-Agent": [
          "FxVersion/4.6.27019.06",
          "OSName/Windows",
          "OSVersion/Microsoft.Windows.10.0.17763.",
          "Microsoft.Azure.Management.Internal.Resources.ResourceManagementClient/1.1.17"
        ]
      },
      "ResponseHeaders": {
        "Cache-Control": [
          "no-cache"
        ],
        "Pragma": [
          "no-cache"
        ],
        "Location": [
          "https://api-dogfood.resources.windows-int.net/subscriptions/0e5a46b1-de0b-4ec3-a5d7-dda908b4e076/operationresults/eyJqb2JJZCI6IlJFU09VUkNFR1JPVVBERUxFVElPTkpPQi1QUzcxODEtV0VTVFVTIiwiam9iTG9jYXRpb24iOiJ3ZXN0dXMifQ?api-version=2016-09-01"
        ],
        "Retry-After": [
          "15"
        ],
        "x-ms-ratelimit-remaining-subscription-reads": [
          "14967"
        ],
        "x-ms-request-id": [
          "c18f51a8-d4dd-4177-887c-5a8c4b1c5283"
        ],
        "x-ms-correlation-request-id": [
          "c18f51a8-d4dd-4177-887c-5a8c4b1c5283"
        ],
        "x-ms-routing-request-id": [
          "NORTHEUROPE:20190308T220727Z:c18f51a8-d4dd-4177-887c-5a8c4b1c5283"
        ],
        "Strict-Transport-Security": [
          "max-age=31536000; includeSubDomains"
        ],
        "X-Content-Type-Options": [
          "nosniff"
        ],
        "Date": [
          "Fri, 08 Mar 2019 22:07:27 GMT"
        ],
        "Expires": [
          "-1"
        ],
        "Content-Length": [
          "0"
        ]
      },
      "ResponseBody": "",
      "StatusCode": 202
    },
    {
      "RequestUri": "/subscriptions/0e5a46b1-de0b-4ec3-a5d7-dda908b4e076/operationresults/eyJqb2JJZCI6IlJFU09VUkNFR1JPVVBERUxFVElPTkpPQi1QUzcxODEtV0VTVFVTIiwiam9iTG9jYXRpb24iOiJ3ZXN0dXMifQ?api-version=2016-09-01",
      "EncodedRequestUri": "L3N1YnNjcmlwdGlvbnMvMGU1YTQ2YjEtZGUwYi00ZWMzLWE1ZDctZGRhOTA4YjRlMDc2L29wZXJhdGlvbnJlc3VsdHMvZXlKcWIySkpaQ0k2SWxKRlUwOVZVa05GUjFKUFZWQkVSVXhGVkVsUFRrcFBRaTFRVXpjeE9ERXRWMFZUVkZWVElpd2lhbTlpVEc5allYUnBiMjRpT2lKM1pYTjBkWE1pZlE/YXBpLXZlcnNpb249MjAxNi0wOS0wMQ==",
      "RequestMethod": "GET",
      "RequestBody": "",
      "RequestHeaders": {
        "User-Agent": [
          "FxVersion/4.6.27019.06",
          "OSName/Windows",
          "OSVersion/Microsoft.Windows.10.0.17763.",
          "Microsoft.Azure.Management.Internal.Resources.ResourceManagementClient/1.1.17"
        ]
      },
      "ResponseHeaders": {
        "Cache-Control": [
          "no-cache"
        ],
        "Pragma": [
          "no-cache"
        ],
        "Location": [
          "https://api-dogfood.resources.windows-int.net/subscriptions/0e5a46b1-de0b-4ec3-a5d7-dda908b4e076/operationresults/eyJqb2JJZCI6IlJFU09VUkNFR1JPVVBERUxFVElPTkpPQi1QUzcxODEtV0VTVFVTIiwiam9iTG9jYXRpb24iOiJ3ZXN0dXMifQ?api-version=2016-09-01"
        ],
        "Retry-After": [
          "15"
        ],
        "x-ms-ratelimit-remaining-subscription-reads": [
          "14966"
        ],
        "x-ms-request-id": [
          "9246c45e-ea05-4c3d-8c2c-c2970ee17972"
        ],
        "x-ms-correlation-request-id": [
          "9246c45e-ea05-4c3d-8c2c-c2970ee17972"
        ],
        "x-ms-routing-request-id": [
          "NORTHEUROPE:20190308T220743Z:9246c45e-ea05-4c3d-8c2c-c2970ee17972"
        ],
        "Strict-Transport-Security": [
          "max-age=31536000; includeSubDomains"
        ],
        "X-Content-Type-Options": [
          "nosniff"
        ],
        "Date": [
          "Fri, 08 Mar 2019 22:07:42 GMT"
        ],
        "Expires": [
          "-1"
        ],
        "Content-Length": [
          "0"
        ]
      },
      "ResponseBody": "",
      "StatusCode": 202
    },
    {
      "RequestUri": "/subscriptions/0e5a46b1-de0b-4ec3-a5d7-dda908b4e076/operationresults/eyJqb2JJZCI6IlJFU09VUkNFR1JPVVBERUxFVElPTkpPQi1QUzcxODEtV0VTVFVTIiwiam9iTG9jYXRpb24iOiJ3ZXN0dXMifQ?api-version=2016-09-01",
      "EncodedRequestUri": "L3N1YnNjcmlwdGlvbnMvMGU1YTQ2YjEtZGUwYi00ZWMzLWE1ZDctZGRhOTA4YjRlMDc2L29wZXJhdGlvbnJlc3VsdHMvZXlKcWIySkpaQ0k2SWxKRlUwOVZVa05GUjFKUFZWQkVSVXhGVkVsUFRrcFBRaTFRVXpjeE9ERXRWMFZUVkZWVElpd2lhbTlpVEc5allYUnBiMjRpT2lKM1pYTjBkWE1pZlE/YXBpLXZlcnNpb249MjAxNi0wOS0wMQ==",
      "RequestMethod": "GET",
      "RequestBody": "",
      "RequestHeaders": {
        "User-Agent": [
          "FxVersion/4.6.27019.06",
          "OSName/Windows",
          "OSVersion/Microsoft.Windows.10.0.17763.",
          "Microsoft.Azure.Management.Internal.Resources.ResourceManagementClient/1.1.17"
        ]
      },
      "ResponseHeaders": {
        "Cache-Control": [
          "no-cache"
        ],
        "Pragma": [
          "no-cache"
        ],
        "x-ms-ratelimit-remaining-subscription-reads": [
          "14965"
        ],
        "x-ms-request-id": [
          "572d09b1-68d8-4d04-abbc-a7a7185cd452"
        ],
        "x-ms-correlation-request-id": [
          "572d09b1-68d8-4d04-abbc-a7a7185cd452"
        ],
        "x-ms-routing-request-id": [
          "NORTHEUROPE:20190308T220758Z:572d09b1-68d8-4d04-abbc-a7a7185cd452"
        ],
        "Strict-Transport-Security": [
          "max-age=31536000; includeSubDomains"
        ],
        "X-Content-Type-Options": [
          "nosniff"
        ],
        "Date": [
          "Fri, 08 Mar 2019 22:07:58 GMT"
        ],
        "Expires": [
          "-1"
        ],
        "Content-Length": [
          "0"
        ]
      },
      "ResponseBody": "",
      "StatusCode": 200
    },
    {
      "RequestUri": "/subscriptions/0e5a46b1-de0b-4ec3-a5d7-dda908b4e076/operationresults/eyJqb2JJZCI6IlJFU09VUkNFR1JPVVBERUxFVElPTkpPQi1QUzcxODEtV0VTVFVTIiwiam9iTG9jYXRpb24iOiJ3ZXN0dXMifQ?api-version=2016-09-01",
      "EncodedRequestUri": "L3N1YnNjcmlwdGlvbnMvMGU1YTQ2YjEtZGUwYi00ZWMzLWE1ZDctZGRhOTA4YjRlMDc2L29wZXJhdGlvbnJlc3VsdHMvZXlKcWIySkpaQ0k2SWxKRlUwOVZVa05GUjFKUFZWQkVSVXhGVkVsUFRrcFBRaTFRVXpjeE9ERXRWMFZUVkZWVElpd2lhbTlpVEc5allYUnBiMjRpT2lKM1pYTjBkWE1pZlE/YXBpLXZlcnNpb249MjAxNi0wOS0wMQ==",
      "RequestMethod": "GET",
      "RequestBody": "",
      "RequestHeaders": {
        "User-Agent": [
          "FxVersion/4.6.27019.06",
          "OSName/Windows",
          "OSVersion/Microsoft.Windows.10.0.17763.",
          "Microsoft.Azure.Management.Internal.Resources.ResourceManagementClient/1.1.17"
        ]
      },
      "ResponseHeaders": {
        "Cache-Control": [
          "no-cache"
        ],
        "Pragma": [
          "no-cache"
        ],
        "x-ms-ratelimit-remaining-subscription-reads": [
          "14964"
        ],
        "x-ms-request-id": [
          "89e4a881-430f-466e-8bc2-2aa043ccb759"
        ],
        "x-ms-correlation-request-id": [
          "89e4a881-430f-466e-8bc2-2aa043ccb759"
        ],
        "x-ms-routing-request-id": [
          "NORTHEUROPE:20190308T220758Z:89e4a881-430f-466e-8bc2-2aa043ccb759"
        ],
        "Strict-Transport-Security": [
          "max-age=31536000; includeSubDomains"
        ],
        "X-Content-Type-Options": [
          "nosniff"
        ],
        "Date": [
          "Fri, 08 Mar 2019 22:07:58 GMT"
        ],
        "Expires": [
          "-1"
        ],
        "Content-Length": [
          "0"
        ]
      },
      "ResponseBody": "",
      "StatusCode": 200
    }
  ],
  "Names": {
    "Test-RecordSetA": [
      "ps7334",
      "ps7536",
      "ps7181"
    ]
  },
  "Variables": {
    "SubscriptionId": "0e5a46b1-de0b-4ec3-a5d7-dda908b4e076"
  }
}