{
  "Entries": [
    {
      "RequestUri": "/subscriptions/0e5a46b1-de0b-4ec3-a5d7-dda908b4e076/resourcegroups/ps4101?api-version=2016-09-01",
      "EncodedRequestUri": "L3N1YnNjcmlwdGlvbnMvMGU1YTQ2YjEtZGUwYi00ZWMzLWE1ZDctZGRhOTA4YjRlMDc2L3Jlc291cmNlZ3JvdXBzL3BzNDEwMT9hcGktdmVyc2lvbj0yMDE2LTA5LTAx",
      "RequestMethod": "PUT",
      "RequestBody": "{\r\n  \"location\": \"West US\"\r\n}",
      "RequestHeaders": {
        "x-ms-client-request-id": [
          "d6157d76-5162-4405-a0f8-31af357c87b6"
        ],
        "Accept-Language": [
          "en-US"
        ],
        "User-Agent": [
          "FxVersion/4.6.27019.06",
          "OSName/Windows",
          "OSVersion/Microsoft.Windows.10.0.17763.",
          "Microsoft.Azure.Management.Internal.Resources.ResourceManagementClient/1.1.17"
        ],
        "Content-Type": [
          "application/json; charset=utf-8"
        ],
        "Content-Length": [
          "29"
        ]
      },
      "ResponseHeaders": {
        "Cache-Control": [
          "no-cache"
        ],
        "Pragma": [
          "no-cache"
        ],
        "x-ms-ratelimit-remaining-subscription-writes": [
          "1196"
        ],
        "x-ms-request-id": [
          "e380b2b1-f3ce-4c61-9a5c-d9f71b399dcd"
        ],
        "x-ms-correlation-request-id": [
          "e380b2b1-f3ce-4c61-9a5c-d9f71b399dcd"
        ],
        "x-ms-routing-request-id": [
          "NORTHEUROPE:20190308T214616Z:e380b2b1-f3ce-4c61-9a5c-d9f71b399dcd"
        ],
        "Strict-Transport-Security": [
          "max-age=31536000; includeSubDomains"
        ],
        "X-Content-Type-Options": [
          "nosniff"
        ],
        "Date": [
          "Fri, 08 Mar 2019 21:46:15 GMT"
        ],
        "Content-Length": [
          "165"
        ],
        "Content-Type": [
          "application/json; charset=utf-8"
        ],
        "Expires": [
          "-1"
        ]
      },
      "ResponseBody": "{\r\n  \"id\": \"/subscriptions/0e5a46b1-de0b-4ec3-a5d7-dda908b4e076/resourceGroups/ps4101\",\r\n  \"name\": \"ps4101\",\r\n  \"location\": \"westus\",\r\n  \"properties\": {\r\n    \"provisioningState\": \"Succeeded\"\r\n  }\r\n}",
      "StatusCode": 201
    },
    {
      "RequestUri": "/subscriptions/0e5a46b1-de0b-4ec3-a5d7-dda908b4e076/resourceGroups/ps4101/providers/Microsoft.Network/privateDnsZones/ps6343.pstest.test?api-version=2018-09-01",
      "EncodedRequestUri": "L3N1YnNjcmlwdGlvbnMvMGU1YTQ2YjEtZGUwYi00ZWMzLWE1ZDctZGRhOTA4YjRlMDc2L3Jlc291cmNlR3JvdXBzL3BzNDEwMS9wcm92aWRlcnMvTWljcm9zb2Z0Lk5ldHdvcmsvcHJpdmF0ZURuc1pvbmVzL3BzNjM0My5wc3Rlc3QudGVzdD9hcGktdmVyc2lvbj0yMDE4LTA5LTAx",
      "RequestMethod": "PUT",
      "RequestBody": "{\r\n  \"location\": \"global\"\r\n}",
      "RequestHeaders": {
        "x-ms-client-request-id": [
          "79c929ab-55ab-45cb-b0b4-7e69d853750d"
        ],
        "If-None-Match": [
          "*"
        ],
        "Accept-Language": [
          "en-US"
        ],
        "User-Agent": [
          "FxVersion/4.6.27019.06",
          "OSName/Windows",
          "OSVersion/Microsoft.Windows.10.0.17763.",
          "Microsoft.Azure.Management.PrivateDns.PrivateDnsManagementClient/1.0.0.0"
        ],
        "Content-Type": [
          "application/json; charset=utf-8"
        ],
        "Content-Length": [
          "28"
        ]
      },
      "ResponseHeaders": {
        "Cache-Control": [
          "private"
        ],
        "Location": [
          "https://api-dogfood.resources.windows-int.net/subscriptions/0e5a46b1-de0b-4ec3-a5d7-dda908b4e076/resourceGroups/ps4101/providers/Microsoft.Network/privateDnsOperationResults/RnJvbnRFbmRBc3luY09wZXJhdGlvbjtVcHNlcnRQcml2YXRlRG5zWm9uZTs4Y2MyOGYzNi04NmY1LTQwOTUtYTIyYi0yNGQ1NGU4OWU5ODE=?api-version=2018-09-01"
        ],
        "Retry-After": [
          "3"
        ],
        "X-Content-Type-Options": [
          "nosniff"
        ],
        "Strict-Transport-Security": [
          "max-age=31536000; includeSubDomains"
        ],
        "Azure-AsyncOperation": [
          "https://api-dogfood.resources.windows-int.net:443/subscriptions/0e5a46b1-de0b-4ec3-a5d7-dda908b4e076/resourceGroups/ps4101/providers/Microsoft.Network/privateDnsOperationStatuses/RnJvbnRFbmRBc3luY09wZXJhdGlvbjtVcHNlcnRQcml2YXRlRG5zWm9uZTs4Y2MyOGYzNi04NmY1LTQwOTUtYTIyYi0yNGQ1NGU4OWU5ODE=?api-version=2018-09-01"
        ],
        "x-ms-request-id": [
          "79c929ab-55ab-45cb-b0b4-7e69d853750d"
        ],
        "Server": [
          "Microsoft-IIS/10.0"
        ],
        "X-AspNet-Version": [
          "4.0.30319"
        ],
        "X-Powered-By": [
          "ASP.NET"
        ],
        "x-ms-ratelimit-remaining-subscription-resource-requests": [
          "11996"
        ],
        "x-ms-correlation-request-id": [
          "1cad577c-0d80-438c-89f4-ac51899defd8"
        ],
        "x-ms-routing-request-id": [
          "NORTHEUROPE:20190308T214617Z:1cad577c-0d80-438c-89f4-ac51899defd8"
        ],
        "Date": [
          "Fri, 08 Mar 2019 21:46:17 GMT"
        ],
        "Content-Length": [
          "2"
        ],
        "Content-Type": [
          "application/json; charset=utf-8"
        ]
      },
      "ResponseBody": "{}",
      "StatusCode": 202
    },
    {
      "RequestUri": "/subscriptions/0e5a46b1-de0b-4ec3-a5d7-dda908b4e076/resourceGroups/ps4101/providers/Microsoft.Network/privateDnsOperationStatuses/RnJvbnRFbmRBc3luY09wZXJhdGlvbjtVcHNlcnRQcml2YXRlRG5zWm9uZTs4Y2MyOGYzNi04NmY1LTQwOTUtYTIyYi0yNGQ1NGU4OWU5ODE=?api-version=2018-09-01",
      "EncodedRequestUri": "L3N1YnNjcmlwdGlvbnMvMGU1YTQ2YjEtZGUwYi00ZWMzLWE1ZDctZGRhOTA4YjRlMDc2L3Jlc291cmNlR3JvdXBzL3BzNDEwMS9wcm92aWRlcnMvTWljcm9zb2Z0Lk5ldHdvcmsvcHJpdmF0ZURuc09wZXJhdGlvblN0YXR1c2VzL1JuSnZiblJGYm1SQmMzbHVZMDl3WlhKaGRHbHZianRWY0hObGNuUlFjbWwyWVhSbFJHNXpXbTl1WlRzNFkyTXlPR1l6TmkwNE5tWTFMVFF3T1RVdFlUSXlZaTB5TkdRMU5HVTRPV1U1T0RFPT9hcGktdmVyc2lvbj0yMDE4LTA5LTAx",
      "RequestMethod": "GET",
      "RequestBody": "",
      "RequestHeaders": {
        "User-Agent": [
          "FxVersion/4.6.27019.06",
          "OSName/Windows",
          "OSVersion/Microsoft.Windows.10.0.17763.",
          "Microsoft.Azure.Management.PrivateDns.PrivateDnsManagementClient/1.0.0.0"
        ]
      },
      "ResponseHeaders": {
        "Cache-Control": [
          "private"
        ],
        "Location": [
          "https://api-dogfood.resources.windows-int.net/subscriptions/0e5a46b1-de0b-4ec3-a5d7-dda908b4e076/resourceGroups/ps4101/providers/Microsoft.Network/privateDnsOperationResults/RnJvbnRFbmRBc3luY09wZXJhdGlvbjtVcHNlcnRQcml2YXRlRG5zWm9uZTs4Y2MyOGYzNi04NmY1LTQwOTUtYTIyYi0yNGQ1NGU4OWU5ODE=?api-version=2018-09-01"
        ],
        "Retry-After": [
          "3"
        ],
        "X-Content-Type-Options": [
          "nosniff"
        ],
        "Strict-Transport-Security": [
          "max-age=31536000; includeSubDomains"
        ],
        "Azure-AsyncOperation": [
          "https://api-dogfood.resources.windows-int.net:443/subscriptions/0e5a46b1-de0b-4ec3-a5d7-dda908b4e076/resourceGroups/ps4101/providers/Microsoft.Network/privateDnsOperationStatuses/RnJvbnRFbmRBc3luY09wZXJhdGlvbjtVcHNlcnRQcml2YXRlRG5zWm9uZTs4Y2MyOGYzNi04NmY1LTQwOTUtYTIyYi0yNGQ1NGU4OWU5ODE=?api-version=2018-09-01"
        ],
        "x-ms-request-id": [
          "7a8a211b-6d02-4ad2-b2df-9f719af9570d"
        ],
        "Server": [
          "Microsoft-IIS/10.0"
        ],
        "X-AspNet-Version": [
          "4.0.30319"
        ],
        "X-Powered-By": [
          "ASP.NET"
        ],
        "x-ms-ratelimit-remaining-subscription-resource-requests": [
          "11979"
        ],
        "x-ms-correlation-request-id": [
          "8aae45a6-cdc4-4c61-b7d0-4d9d9fb0ab33"
        ],
        "x-ms-routing-request-id": [
          "NORTHEUROPE:20190308T214621Z:8aae45a6-cdc4-4c61-b7d0-4d9d9fb0ab33"
        ],
        "Date": [
          "Fri, 08 Mar 2019 21:46:20 GMT"
        ],
        "Content-Length": [
          "23"
        ],
        "Content-Type": [
          "application/json; charset=utf-8"
        ]
      },
      "ResponseBody": "{\r\n  \"status\": \"InProgress\"\r\n}",
      "StatusCode": 202
    },
    {
      "RequestUri": "/subscriptions/0e5a46b1-de0b-4ec3-a5d7-dda908b4e076/resourceGroups/ps4101/providers/Microsoft.Network/privateDnsOperationStatuses/RnJvbnRFbmRBc3luY09wZXJhdGlvbjtVcHNlcnRQcml2YXRlRG5zWm9uZTs4Y2MyOGYzNi04NmY1LTQwOTUtYTIyYi0yNGQ1NGU4OWU5ODE=?api-version=2018-09-01",
      "EncodedRequestUri": "L3N1YnNjcmlwdGlvbnMvMGU1YTQ2YjEtZGUwYi00ZWMzLWE1ZDctZGRhOTA4YjRlMDc2L3Jlc291cmNlR3JvdXBzL3BzNDEwMS9wcm92aWRlcnMvTWljcm9zb2Z0Lk5ldHdvcmsvcHJpdmF0ZURuc09wZXJhdGlvblN0YXR1c2VzL1JuSnZiblJGYm1SQmMzbHVZMDl3WlhKaGRHbHZianRWY0hObGNuUlFjbWwyWVhSbFJHNXpXbTl1WlRzNFkyTXlPR1l6TmkwNE5tWTFMVFF3T1RVdFlUSXlZaTB5TkdRMU5HVTRPV1U1T0RFPT9hcGktdmVyc2lvbj0yMDE4LTA5LTAx",
      "RequestMethod": "GET",
      "RequestBody": "",
      "RequestHeaders": {
        "User-Agent": [
          "FxVersion/4.6.27019.06",
          "OSName/Windows",
          "OSVersion/Microsoft.Windows.10.0.17763.",
          "Microsoft.Azure.Management.PrivateDns.PrivateDnsManagementClient/1.0.0.0"
        ]
      },
      "ResponseHeaders": {
        "Cache-Control": [
          "private"
        ],
        "Location": [
          "https://api-dogfood.resources.windows-int.net/subscriptions/0e5a46b1-de0b-4ec3-a5d7-dda908b4e076/resourceGroups/ps4101/providers/Microsoft.Network/privateDnsOperationResults/RnJvbnRFbmRBc3luY09wZXJhdGlvbjtVcHNlcnRQcml2YXRlRG5zWm9uZTs4Y2MyOGYzNi04NmY1LTQwOTUtYTIyYi0yNGQ1NGU4OWU5ODE=?api-version=2018-09-01"
        ],
        "Retry-After": [
          "3"
        ],
        "X-Content-Type-Options": [
          "nosniff"
        ],
        "Strict-Transport-Security": [
          "max-age=31536000; includeSubDomains"
        ],
        "Azure-AsyncOperation": [
          "https://api-dogfood.resources.windows-int.net:443/subscriptions/0e5a46b1-de0b-4ec3-a5d7-dda908b4e076/resourceGroups/ps4101/providers/Microsoft.Network/privateDnsOperationStatuses/RnJvbnRFbmRBc3luY09wZXJhdGlvbjtVcHNlcnRQcml2YXRlRG5zWm9uZTs4Y2MyOGYzNi04NmY1LTQwOTUtYTIyYi0yNGQ1NGU4OWU5ODE=?api-version=2018-09-01"
        ],
        "x-ms-request-id": [
          "69d56875-b607-4921-8308-572e16ad2c2e"
        ],
        "Server": [
          "Microsoft-IIS/10.0"
        ],
        "X-AspNet-Version": [
          "4.0.30319"
        ],
        "X-Powered-By": [
          "ASP.NET"
        ],
        "x-ms-ratelimit-remaining-subscription-resource-requests": [
          "11978"
        ],
        "x-ms-correlation-request-id": [
          "35deb375-e8ff-4b81-8d14-e44b506521ff"
        ],
        "x-ms-routing-request-id": [
          "NORTHEUROPE:20190308T214624Z:35deb375-e8ff-4b81-8d14-e44b506521ff"
        ],
        "Date": [
          "Fri, 08 Mar 2019 21:46:24 GMT"
        ],
        "Content-Length": [
          "23"
        ],
        "Content-Type": [
          "application/json; charset=utf-8"
        ]
      },
      "ResponseBody": "{\r\n  \"status\": \"InProgress\"\r\n}",
      "StatusCode": 202
    },
    {
      "RequestUri": "/subscriptions/0e5a46b1-de0b-4ec3-a5d7-dda908b4e076/resourceGroups/ps4101/providers/Microsoft.Network/privateDnsOperationStatuses/RnJvbnRFbmRBc3luY09wZXJhdGlvbjtVcHNlcnRQcml2YXRlRG5zWm9uZTs4Y2MyOGYzNi04NmY1LTQwOTUtYTIyYi0yNGQ1NGU4OWU5ODE=?api-version=2018-09-01",
      "EncodedRequestUri": "L3N1YnNjcmlwdGlvbnMvMGU1YTQ2YjEtZGUwYi00ZWMzLWE1ZDctZGRhOTA4YjRlMDc2L3Jlc291cmNlR3JvdXBzL3BzNDEwMS9wcm92aWRlcnMvTWljcm9zb2Z0Lk5ldHdvcmsvcHJpdmF0ZURuc09wZXJhdGlvblN0YXR1c2VzL1JuSnZiblJGYm1SQmMzbHVZMDl3WlhKaGRHbHZianRWY0hObGNuUlFjbWwyWVhSbFJHNXpXbTl1WlRzNFkyTXlPR1l6TmkwNE5tWTFMVFF3T1RVdFlUSXlZaTB5TkdRMU5HVTRPV1U1T0RFPT9hcGktdmVyc2lvbj0yMDE4LTA5LTAx",
      "RequestMethod": "GET",
      "RequestBody": "",
      "RequestHeaders": {
        "User-Agent": [
          "FxVersion/4.6.27019.06",
          "OSName/Windows",
          "OSVersion/Microsoft.Windows.10.0.17763.",
          "Microsoft.Azure.Management.PrivateDns.PrivateDnsManagementClient/1.0.0.0"
        ]
      },
      "ResponseHeaders": {
        "Cache-Control": [
          "private"
        ],
        "Location": [
          "https://api-dogfood.resources.windows-int.net/subscriptions/0e5a46b1-de0b-4ec3-a5d7-dda908b4e076/resourceGroups/ps4101/providers/Microsoft.Network/privateDnsOperationResults/RnJvbnRFbmRBc3luY09wZXJhdGlvbjtVcHNlcnRQcml2YXRlRG5zWm9uZTs4Y2MyOGYzNi04NmY1LTQwOTUtYTIyYi0yNGQ1NGU4OWU5ODE=?api-version=2018-09-01"
        ],
        "Retry-After": [
          "3"
        ],
        "X-Content-Type-Options": [
          "nosniff"
        ],
        "Strict-Transport-Security": [
          "max-age=31536000; includeSubDomains"
        ],
        "Azure-AsyncOperation": [
          "https://api-dogfood.resources.windows-int.net:443/subscriptions/0e5a46b1-de0b-4ec3-a5d7-dda908b4e076/resourceGroups/ps4101/providers/Microsoft.Network/privateDnsOperationStatuses/RnJvbnRFbmRBc3luY09wZXJhdGlvbjtVcHNlcnRQcml2YXRlRG5zWm9uZTs4Y2MyOGYzNi04NmY1LTQwOTUtYTIyYi0yNGQ1NGU4OWU5ODE=?api-version=2018-09-01"
        ],
        "x-ms-request-id": [
          "611d107a-dabc-4078-9c49-0ced2d53bc9f"
        ],
        "Server": [
          "Microsoft-IIS/10.0"
        ],
        "X-AspNet-Version": [
          "4.0.30319"
        ],
        "X-Powered-By": [
          "ASP.NET"
        ],
        "x-ms-ratelimit-remaining-subscription-resource-requests": [
          "11977"
        ],
        "x-ms-correlation-request-id": [
          "b5c734e6-b252-4903-b9e7-3111fb463b47"
        ],
        "x-ms-routing-request-id": [
          "NORTHEUROPE:20190308T214627Z:b5c734e6-b252-4903-b9e7-3111fb463b47"
        ],
        "Date": [
          "Fri, 08 Mar 2019 21:46:27 GMT"
        ],
        "Content-Length": [
          "23"
        ],
        "Content-Type": [
          "application/json; charset=utf-8"
        ]
      },
      "ResponseBody": "{\r\n  \"status\": \"InProgress\"\r\n}",
      "StatusCode": 202
    },
    {
      "RequestUri": "/subscriptions/0e5a46b1-de0b-4ec3-a5d7-dda908b4e076/resourceGroups/ps4101/providers/Microsoft.Network/privateDnsOperationStatuses/RnJvbnRFbmRBc3luY09wZXJhdGlvbjtVcHNlcnRQcml2YXRlRG5zWm9uZTs4Y2MyOGYzNi04NmY1LTQwOTUtYTIyYi0yNGQ1NGU4OWU5ODE=?api-version=2018-09-01",
      "EncodedRequestUri": "L3N1YnNjcmlwdGlvbnMvMGU1YTQ2YjEtZGUwYi00ZWMzLWE1ZDctZGRhOTA4YjRlMDc2L3Jlc291cmNlR3JvdXBzL3BzNDEwMS9wcm92aWRlcnMvTWljcm9zb2Z0Lk5ldHdvcmsvcHJpdmF0ZURuc09wZXJhdGlvblN0YXR1c2VzL1JuSnZiblJGYm1SQmMzbHVZMDl3WlhKaGRHbHZianRWY0hObGNuUlFjbWwyWVhSbFJHNXpXbTl1WlRzNFkyTXlPR1l6TmkwNE5tWTFMVFF3T1RVdFlUSXlZaTB5TkdRMU5HVTRPV1U1T0RFPT9hcGktdmVyc2lvbj0yMDE4LTA5LTAx",
      "RequestMethod": "GET",
      "RequestBody": "",
      "RequestHeaders": {
        "User-Agent": [
          "FxVersion/4.6.27019.06",
          "OSName/Windows",
          "OSVersion/Microsoft.Windows.10.0.17763.",
          "Microsoft.Azure.Management.PrivateDns.PrivateDnsManagementClient/1.0.0.0"
        ]
      },
      "ResponseHeaders": {
        "Cache-Control": [
          "private"
        ],
        "Location": [
          "https://api-dogfood.resources.windows-int.net/subscriptions/0e5a46b1-de0b-4ec3-a5d7-dda908b4e076/resourceGroups/ps4101/providers/Microsoft.Network/privateDnsOperationResults/RnJvbnRFbmRBc3luY09wZXJhdGlvbjtVcHNlcnRQcml2YXRlRG5zWm9uZTs4Y2MyOGYzNi04NmY1LTQwOTUtYTIyYi0yNGQ1NGU4OWU5ODE=?api-version=2018-09-01"
        ],
        "Retry-After": [
          "3"
        ],
        "X-Content-Type-Options": [
          "nosniff"
        ],
        "Strict-Transport-Security": [
          "max-age=31536000; includeSubDomains"
        ],
        "Azure-AsyncOperation": [
          "https://api-dogfood.resources.windows-int.net:443/subscriptions/0e5a46b1-de0b-4ec3-a5d7-dda908b4e076/resourceGroups/ps4101/providers/Microsoft.Network/privateDnsOperationStatuses/RnJvbnRFbmRBc3luY09wZXJhdGlvbjtVcHNlcnRQcml2YXRlRG5zWm9uZTs4Y2MyOGYzNi04NmY1LTQwOTUtYTIyYi0yNGQ1NGU4OWU5ODE=?api-version=2018-09-01"
        ],
        "x-ms-request-id": [
          "51a740c7-72c2-4098-a1f0-a351dcd60df1"
        ],
        "Server": [
          "Microsoft-IIS/10.0"
        ],
        "X-AspNet-Version": [
          "4.0.30319"
        ],
        "X-Powered-By": [
          "ASP.NET"
        ],
        "x-ms-ratelimit-remaining-subscription-resource-requests": [
          "11976"
        ],
        "x-ms-correlation-request-id": [
          "b19b550e-5d67-458d-b516-4fef42b5e1ac"
        ],
        "x-ms-routing-request-id": [
          "NORTHEUROPE:20190308T214630Z:b19b550e-5d67-458d-b516-4fef42b5e1ac"
        ],
        "Date": [
          "Fri, 08 Mar 2019 21:46:30 GMT"
        ],
        "Content-Length": [
          "23"
        ],
        "Content-Type": [
          "application/json; charset=utf-8"
        ]
      },
      "ResponseBody": "{\r\n  \"status\": \"InProgress\"\r\n}",
      "StatusCode": 202
    },
    {
      "RequestUri": "/subscriptions/0e5a46b1-de0b-4ec3-a5d7-dda908b4e076/resourceGroups/ps4101/providers/Microsoft.Network/privateDnsOperationStatuses/RnJvbnRFbmRBc3luY09wZXJhdGlvbjtVcHNlcnRQcml2YXRlRG5zWm9uZTs4Y2MyOGYzNi04NmY1LTQwOTUtYTIyYi0yNGQ1NGU4OWU5ODE=?api-version=2018-09-01",
      "EncodedRequestUri": "L3N1YnNjcmlwdGlvbnMvMGU1YTQ2YjEtZGUwYi00ZWMzLWE1ZDctZGRhOTA4YjRlMDc2L3Jlc291cmNlR3JvdXBzL3BzNDEwMS9wcm92aWRlcnMvTWljcm9zb2Z0Lk5ldHdvcmsvcHJpdmF0ZURuc09wZXJhdGlvblN0YXR1c2VzL1JuSnZiblJGYm1SQmMzbHVZMDl3WlhKaGRHbHZianRWY0hObGNuUlFjbWwyWVhSbFJHNXpXbTl1WlRzNFkyTXlPR1l6TmkwNE5tWTFMVFF3T1RVdFlUSXlZaTB5TkdRMU5HVTRPV1U1T0RFPT9hcGktdmVyc2lvbj0yMDE4LTA5LTAx",
      "RequestMethod": "GET",
      "RequestBody": "",
      "RequestHeaders": {
        "User-Agent": [
          "FxVersion/4.6.27019.06",
          "OSName/Windows",
          "OSVersion/Microsoft.Windows.10.0.17763.",
          "Microsoft.Azure.Management.PrivateDns.PrivateDnsManagementClient/1.0.0.0"
        ]
      },
      "ResponseHeaders": {
        "Cache-Control": [
          "private"
        ],
        "Location": [
          "https://api-dogfood.resources.windows-int.net/subscriptions/0e5a46b1-de0b-4ec3-a5d7-dda908b4e076/resourceGroups/ps4101/providers/Microsoft.Network/privateDnsOperationResults/RnJvbnRFbmRBc3luY09wZXJhdGlvbjtVcHNlcnRQcml2YXRlRG5zWm9uZTs4Y2MyOGYzNi04NmY1LTQwOTUtYTIyYi0yNGQ1NGU4OWU5ODE=?api-version=2018-09-01"
        ],
        "Retry-After": [
          "3"
        ],
        "X-Content-Type-Options": [
          "nosniff"
        ],
        "Strict-Transport-Security": [
          "max-age=31536000; includeSubDomains"
        ],
        "Azure-AsyncOperation": [
          "https://api-dogfood.resources.windows-int.net:443/subscriptions/0e5a46b1-de0b-4ec3-a5d7-dda908b4e076/resourceGroups/ps4101/providers/Microsoft.Network/privateDnsOperationStatuses/RnJvbnRFbmRBc3luY09wZXJhdGlvbjtVcHNlcnRQcml2YXRlRG5zWm9uZTs4Y2MyOGYzNi04NmY1LTQwOTUtYTIyYi0yNGQ1NGU4OWU5ODE=?api-version=2018-09-01"
        ],
        "x-ms-request-id": [
          "f226d916-aef2-4064-b86c-bed76a455fbf"
        ],
        "Server": [
          "Microsoft-IIS/10.0"
        ],
        "X-AspNet-Version": [
          "4.0.30319"
        ],
        "X-Powered-By": [
          "ASP.NET"
        ],
        "x-ms-ratelimit-remaining-subscription-resource-requests": [
          "11975"
        ],
        "x-ms-correlation-request-id": [
          "de7fabbd-93a8-4f1c-8ac6-2fd7d623f466"
        ],
        "x-ms-routing-request-id": [
          "NORTHEUROPE:20190308T214634Z:de7fabbd-93a8-4f1c-8ac6-2fd7d623f466"
        ],
        "Date": [
          "Fri, 08 Mar 2019 21:46:33 GMT"
        ],
        "Content-Length": [
          "23"
        ],
        "Content-Type": [
          "application/json; charset=utf-8"
        ]
      },
      "ResponseBody": "{\r\n  \"status\": \"InProgress\"\r\n}",
      "StatusCode": 202
    },
    {
      "RequestUri": "/subscriptions/0e5a46b1-de0b-4ec3-a5d7-dda908b4e076/resourceGroups/ps4101/providers/Microsoft.Network/privateDnsOperationStatuses/RnJvbnRFbmRBc3luY09wZXJhdGlvbjtVcHNlcnRQcml2YXRlRG5zWm9uZTs4Y2MyOGYzNi04NmY1LTQwOTUtYTIyYi0yNGQ1NGU4OWU5ODE=?api-version=2018-09-01",
      "EncodedRequestUri": "L3N1YnNjcmlwdGlvbnMvMGU1YTQ2YjEtZGUwYi00ZWMzLWE1ZDctZGRhOTA4YjRlMDc2L3Jlc291cmNlR3JvdXBzL3BzNDEwMS9wcm92aWRlcnMvTWljcm9zb2Z0Lk5ldHdvcmsvcHJpdmF0ZURuc09wZXJhdGlvblN0YXR1c2VzL1JuSnZiblJGYm1SQmMzbHVZMDl3WlhKaGRHbHZianRWY0hObGNuUlFjbWwyWVhSbFJHNXpXbTl1WlRzNFkyTXlPR1l6TmkwNE5tWTFMVFF3T1RVdFlUSXlZaTB5TkdRMU5HVTRPV1U1T0RFPT9hcGktdmVyc2lvbj0yMDE4LTA5LTAx",
      "RequestMethod": "GET",
      "RequestBody": "",
      "RequestHeaders": {
        "User-Agent": [
          "FxVersion/4.6.27019.06",
          "OSName/Windows",
          "OSVersion/Microsoft.Windows.10.0.17763.",
          "Microsoft.Azure.Management.PrivateDns.PrivateDnsManagementClient/1.0.0.0"
        ]
      },
      "ResponseHeaders": {
        "Cache-Control": [
          "private"
        ],
        "X-Content-Type-Options": [
          "nosniff"
        ],
        "Strict-Transport-Security": [
          "max-age=31536000; includeSubDomains"
        ],
        "x-ms-request-id": [
          "c0fb7094-48e0-4590-9677-b9b07e9a7b3f"
        ],
        "Server": [
          "Microsoft-IIS/10.0"
        ],
        "X-AspNet-Version": [
          "4.0.30319"
        ],
        "X-Powered-By": [
          "ASP.NET"
        ],
        "x-ms-ratelimit-remaining-subscription-resource-requests": [
          "11974"
        ],
        "x-ms-correlation-request-id": [
          "0d51899d-5005-4b2f-a4ef-a83af288f426"
        ],
        "x-ms-routing-request-id": [
          "NORTHEUROPE:20190308T214637Z:0d51899d-5005-4b2f-a4ef-a83af288f426"
        ],
        "Date": [
          "Fri, 08 Mar 2019 21:46:36 GMT"
        ],
        "Content-Length": [
          "22"
        ],
        "Content-Type": [
          "application/json; charset=utf-8"
        ]
      },
      "ResponseBody": "{\r\n  \"status\": \"Succeeded\"\r\n}",
      "StatusCode": 200
    },
    {
      "RequestUri": "/subscriptions/0e5a46b1-de0b-4ec3-a5d7-dda908b4e076/resourceGroups/ps4101/providers/Microsoft.Network/privateDnsZones/ps6343.pstest.test?api-version=2018-09-01",
      "EncodedRequestUri": "L3N1YnNjcmlwdGlvbnMvMGU1YTQ2YjEtZGUwYi00ZWMzLWE1ZDctZGRhOTA4YjRlMDc2L3Jlc291cmNlR3JvdXBzL3BzNDEwMS9wcm92aWRlcnMvTWljcm9zb2Z0Lk5ldHdvcmsvcHJpdmF0ZURuc1pvbmVzL3BzNjM0My5wc3Rlc3QudGVzdD9hcGktdmVyc2lvbj0yMDE4LTA5LTAx",
      "RequestMethod": "GET",
      "RequestBody": "",
      "RequestHeaders": {
        "User-Agent": [
          "FxVersion/4.6.27019.06",
          "OSName/Windows",
          "OSVersion/Microsoft.Windows.10.0.17763.",
          "Microsoft.Azure.Management.PrivateDns.PrivateDnsManagementClient/1.0.0.0"
        ]
      },
      "ResponseHeaders": {
        "Cache-Control": [
          "private"
        ],
        "ETag": [
          "8062dd03-1fe3-4b63-88e7-b5e812b51a4a"
        ],
        "X-Content-Type-Options": [
          "nosniff"
        ],
        "Strict-Transport-Security": [
          "max-age=31536000; includeSubDomains"
        ],
        "x-ms-request-id": [
          "c5018875-8178-4f64-821c-a7a4ce24d4bf"
        ],
        "Server": [
          "Microsoft-IIS/10.0"
        ],
        "X-AspNet-Version": [
          "4.0.30319"
        ],
        "X-Powered-By": [
          "ASP.NET"
        ],
        "x-ms-ratelimit-remaining-subscription-resource-requests": [
          "11993"
        ],
        "x-ms-correlation-request-id": [
          "c4843928-8468-4734-8c50-f40baecde785"
        ],
        "x-ms-routing-request-id": [
          "NORTHEUROPE:20190308T214637Z:c4843928-8468-4734-8c50-f40baecde785"
        ],
        "Date": [
          "Fri, 08 Mar 2019 21:46:36 GMT"
        ],
        "Content-Length": [
          "557"
        ],
        "Content-Type": [
          "application/json; charset=utf-8"
        ]
      },
      "ResponseBody": "{\r\n  \"id\": \"/subscriptions/0e5a46b1-de0b-4ec3-a5d7-dda908b4e076/resourceGroups/ps4101/providers/Microsoft.Network/privateDnsZones/ps6343.pstest.test\",\r\n  \"name\": \"ps6343.pstest.test\",\r\n  \"type\": \"Microsoft.Network/privateDnsZones\",\r\n  \"etag\": \"8062dd03-1fe3-4b63-88e7-b5e812b51a4a\",\r\n  \"location\": \"global\",\r\n  \"properties\": {\r\n    \"maxNumberOfRecordSets\": 5000,\r\n    \"maxNumberOfVirtualNetworkLinks\": 10,\r\n    \"maxNumberOfVirtualNetworkLinksWithRegistration\": 1,\r\n    \"numberOfRecordSets\": 1,\r\n    \"numberOfVirtualNetworkLinks\": 0,\r\n    \"numberOfVirtualNetworkLinksWithRegistration\": 0,\r\n    \"provisioningState\": \"Succeeded\"\r\n  }\r\n}",
      "StatusCode": 200
    },
    {
      "RequestUri": "/subscriptions/0e5a46b1-de0b-4ec3-a5d7-dda908b4e076/resourceGroups/ps4101/providers/Microsoft.Network/privateDnsZones/ps6343.pstest.test?api-version=2018-09-01",
      "EncodedRequestUri": "L3N1YnNjcmlwdGlvbnMvMGU1YTQ2YjEtZGUwYi00ZWMzLWE1ZDctZGRhOTA4YjRlMDc2L3Jlc291cmNlR3JvdXBzL3BzNDEwMS9wcm92aWRlcnMvTWljcm9zb2Z0Lk5ldHdvcmsvcHJpdmF0ZURuc1pvbmVzL3BzNjM0My5wc3Rlc3QudGVzdD9hcGktdmVyc2lvbj0yMDE4LTA5LTAx",
      "RequestMethod": "GET",
      "RequestBody": "",
      "RequestHeaders": {
        "x-ms-client-request-id": [
          "3620eb6a-d5f7-49c4-a64c-bcd7a74c5239"
        ],
        "Accept-Language": [
          "en-US"
        ],
        "User-Agent": [
          "FxVersion/4.6.27019.06",
          "OSName/Windows",
          "OSVersion/Microsoft.Windows.10.0.17763.",
          "Microsoft.Azure.Management.PrivateDns.PrivateDnsManagementClient/1.0.0.0"
        ]
      },
      "ResponseHeaders": {
        "Cache-Control": [
          "private"
        ],
        "ETag": [
          "8062dd03-1fe3-4b63-88e7-b5e812b51a4a"
        ],
        "X-Content-Type-Options": [
          "nosniff"
        ],
        "Strict-Transport-Security": [
          "max-age=31536000; includeSubDomains"
        ],
        "x-ms-request-id": [
          "3620eb6a-d5f7-49c4-a64c-bcd7a74c5239"
        ],
        "Server": [
          "Microsoft-IIS/10.0"
        ],
        "X-AspNet-Version": [
          "4.0.30319"
        ],
        "X-Powered-By": [
          "ASP.NET"
        ],
        "x-ms-ratelimit-remaining-subscription-resource-requests": [
          "11992"
        ],
        "x-ms-correlation-request-id": [
          "30f3e440-171b-41bc-b53f-2807fc5cb11e"
        ],
        "x-ms-routing-request-id": [
          "NORTHEUROPE:20190308T214640Z:30f3e440-171b-41bc-b53f-2807fc5cb11e"
        ],
        "Date": [
          "Fri, 08 Mar 2019 21:46:40 GMT"
        ],
        "Content-Length": [
          "557"
        ],
        "Content-Type": [
          "application/json; charset=utf-8"
        ]
      },
      "ResponseBody": "{\r\n  \"id\": \"/subscriptions/0e5a46b1-de0b-4ec3-a5d7-dda908b4e076/resourceGroups/ps4101/providers/Microsoft.Network/privateDnsZones/ps6343.pstest.test\",\r\n  \"name\": \"ps6343.pstest.test\",\r\n  \"type\": \"Microsoft.Network/privateDnsZones\",\r\n  \"etag\": \"8062dd03-1fe3-4b63-88e7-b5e812b51a4a\",\r\n  \"location\": \"global\",\r\n  \"properties\": {\r\n    \"maxNumberOfRecordSets\": 5000,\r\n    \"maxNumberOfVirtualNetworkLinks\": 10,\r\n    \"maxNumberOfVirtualNetworkLinksWithRegistration\": 1,\r\n    \"numberOfRecordSets\": 1,\r\n    \"numberOfVirtualNetworkLinks\": 0,\r\n    \"numberOfVirtualNetworkLinksWithRegistration\": 0,\r\n    \"provisioningState\": \"Succeeded\"\r\n  }\r\n}",
      "StatusCode": 200
    },
    {
      "RequestUri": "/subscriptions/0e5a46b1-de0b-4ec3-a5d7-dda908b4e076/resourceGroups/ps4101/providers/Microsoft.Network/privateDnsZones/ps6343.pstest.test/SRV/ps6494?api-version=2018-09-01",
      "EncodedRequestUri": "L3N1YnNjcmlwdGlvbnMvMGU1YTQ2YjEtZGUwYi00ZWMzLWE1ZDctZGRhOTA4YjRlMDc2L3Jlc291cmNlR3JvdXBzL3BzNDEwMS9wcm92aWRlcnMvTWljcm9zb2Z0Lk5ldHdvcmsvcHJpdmF0ZURuc1pvbmVzL3BzNjM0My5wc3Rlc3QudGVzdC9TUlYvcHM2NDk0P2FwaS12ZXJzaW9uPTIwMTgtMDktMDE=",
      "RequestMethod": "PUT",
      "RequestBody": "{\r\n  \"properties\": {\r\n    \"ttl\": 100,\r\n    \"srvRecords\": []\r\n  }\r\n}",
      "RequestHeaders": {
        "x-ms-client-request-id": [
          "161a0856-b6b1-44ac-8634-1df71fe7dc76"
        ],
        "If-None-Match": [
          "*"
        ],
        "Accept-Language": [
          "en-US"
        ],
        "User-Agent": [
          "FxVersion/4.6.27019.06",
          "OSName/Windows",
          "OSVersion/Microsoft.Windows.10.0.17763.",
          "Microsoft.Azure.Management.PrivateDns.PrivateDnsManagementClient/1.0.0.0"
        ],
        "Content-Type": [
          "application/json; charset=utf-8"
        ],
        "Content-Length": [
          "67"
        ]
      },
      "ResponseHeaders": {
        "Cache-Control": [
          "private"
        ],
        "ETag": [
          "305a79fb-486e-4bdd-8767-3fcb053f9814"
        ],
        "X-Content-Type-Options": [
          "nosniff"
        ],
        "Strict-Transport-Security": [
          "max-age=31536000; includeSubDomains"
        ],
        "x-ms-request-id": [
          "161a0856-b6b1-44ac-8634-1df71fe7dc76"
        ],
        "Server": [
          "Microsoft-IIS/10.0"
        ],
        "X-AspNet-Version": [
          "4.0.30319"
        ],
        "X-Powered-By": [
          "ASP.NET"
        ],
        "x-ms-ratelimit-remaining-subscription-resource-requests": [
          "11999"
        ],
        "x-ms-correlation-request-id": [
          "a6a46b4a-b56e-4281-a60e-14630c758c62"
        ],
        "x-ms-routing-request-id": [
          "NORTHEUROPE:20190308T214638Z:a6a46b4a-b56e-4281-a60e-14630c758c62"
        ],
        "Date": [
          "Fri, 08 Mar 2019 21:46:37 GMT"
        ],
        "Content-Length": [
          "354"
        ],
        "Content-Type": [
          "application/json; charset=utf-8"
        ]
      },
      "ResponseBody": "{\r\n  \"id\": \"/subscriptions/0e5a46b1-de0b-4ec3-a5d7-dda908b4e076/resourceGroups/ps4101/providers/Microsoft.Network/privateDnsZones/ps6343.pstest.test/SRV/ps6494\",\r\n  \"name\": \"ps6494\",\r\n  \"type\": \"Microsoft.Network/privateDnsZones/SRV\",\r\n  \"etag\": \"305a79fb-486e-4bdd-8767-3fcb053f9814\",\r\n  \"properties\": {\r\n    \"fqdn\": \"ps6494.ps6343.pstest.test.\",\r\n    \"ttl\": 100,\r\n    \"srvRecords\": []\r\n  }\r\n}",
      "StatusCode": 201
    },
    {
      "RequestUri": "/subscriptions/0e5a46b1-de0b-4ec3-a5d7-dda908b4e076/resourceGroups/ps4101/providers/Microsoft.Network/privateDnsZones/ps6343.pstest.test/SRV/ps6494?api-version=2018-09-01",
      "EncodedRequestUri": "L3N1YnNjcmlwdGlvbnMvMGU1YTQ2YjEtZGUwYi00ZWMzLWE1ZDctZGRhOTA4YjRlMDc2L3Jlc291cmNlR3JvdXBzL3BzNDEwMS9wcm92aWRlcnMvTWljcm9zb2Z0Lk5ldHdvcmsvcHJpdmF0ZURuc1pvbmVzL3BzNjM0My5wc3Rlc3QudGVzdC9TUlYvcHM2NDk0P2FwaS12ZXJzaW9uPTIwMTgtMDktMDE=",
      "RequestMethod": "PUT",
      "RequestBody": "{\r\n  \"properties\": {\r\n    \"ttl\": 100,\r\n    \"srvRecords\": [\r\n      {\r\n        \"priority\": 1,\r\n        \"weight\": 5,\r\n        \"port\": 53,\r\n        \"target\": \"ns1.example.com\"\r\n      }\r\n    ]\r\n  }\r\n}",
      "RequestHeaders": {
        "x-ms-client-request-id": [
          "7fa0fbcb-26b3-4e45-bd32-1d39d975c851"
        ],
        "If-Match": [
          "305a79fb-486e-4bdd-8767-3fcb053f9814"
        ],
        "Accept-Language": [
          "en-US"
        ],
        "User-Agent": [
          "FxVersion/4.6.27019.06",
          "OSName/Windows",
          "OSVersion/Microsoft.Windows.10.0.17763.",
          "Microsoft.Azure.Management.PrivateDns.PrivateDnsManagementClient/1.0.0.0"
        ],
        "Content-Type": [
          "application/json; charset=utf-8"
        ],
        "Content-Length": [
          "195"
        ]
      },
      "ResponseHeaders": {
        "Cache-Control": [
          "private"
        ],
        "ETag": [
          "e7c900b9-46ee-489a-8125-45e5465f7dc0"
        ],
        "X-Content-Type-Options": [
          "nosniff"
        ],
        "Strict-Transport-Security": [
          "max-age=31536000; includeSubDomains"
        ],
        "x-ms-request-id": [
          "7fa0fbcb-26b3-4e45-bd32-1d39d975c851"
        ],
        "Server": [
          "Microsoft-IIS/10.0"
        ],
        "X-AspNet-Version": [
          "4.0.30319"
        ],
        "X-Powered-By": [
          "ASP.NET"
        ],
        "x-ms-ratelimit-remaining-subscription-resource-requests": [
          "11998"
        ],
        "x-ms-correlation-request-id": [
          "cb8ba93f-a6fd-4236-a633-9d16cff4b1ca"
        ],
        "x-ms-routing-request-id": [
          "NORTHEUROPE:20190308T214638Z:cb8ba93f-a6fd-4236-a633-9d16cff4b1ca"
        ],
        "Date": [
          "Fri, 08 Mar 2019 21:46:38 GMT"
        ],
        "Content-Length": [
          "416"
        ],
        "Content-Type": [
          "application/json; charset=utf-8"
        ]
      },
      "ResponseBody": "{\r\n  \"id\": \"/subscriptions/0e5a46b1-de0b-4ec3-a5d7-dda908b4e076/resourceGroups/ps4101/providers/Microsoft.Network/privateDnsZones/ps6343.pstest.test/SRV/ps6494\",\r\n  \"name\": \"ps6494\",\r\n  \"type\": \"Microsoft.Network/privateDnsZones/SRV\",\r\n  \"etag\": \"e7c900b9-46ee-489a-8125-45e5465f7dc0\",\r\n  \"properties\": {\r\n    \"fqdn\": \"ps6494.ps6343.pstest.test.\",\r\n    \"ttl\": 100,\r\n    \"srvRecords\": [\r\n      {\r\n        \"port\": 53,\r\n        \"priority\": 1,\r\n        \"target\": \"ns1.example.com\",\r\n        \"weight\": 5\r\n      }\r\n    ]\r\n  }\r\n}",
      "StatusCode": 200
    },
    {
      "RequestUri": "/subscriptions/0e5a46b1-de0b-4ec3-a5d7-dda908b4e076/resourceGroups/ps4101/providers/Microsoft.Network/privateDnsZones/ps6343.pstest.test/SRV/ps6494?api-version=2018-09-01",
      "EncodedRequestUri": "L3N1YnNjcmlwdGlvbnMvMGU1YTQ2YjEtZGUwYi00ZWMzLWE1ZDctZGRhOTA4YjRlMDc2L3Jlc291cmNlR3JvdXBzL3BzNDEwMS9wcm92aWRlcnMvTWljcm9zb2Z0Lk5ldHdvcmsvcHJpdmF0ZURuc1pvbmVzL3BzNjM0My5wc3Rlc3QudGVzdC9TUlYvcHM2NDk0P2FwaS12ZXJzaW9uPTIwMTgtMDktMDE=",
      "RequestMethod": "GET",
      "RequestBody": "",
      "RequestHeaders": {
        "x-ms-client-request-id": [
          "86378e09-554d-4c15-8652-b14fbfdf9615"
        ],
        "Accept-Language": [
          "en-US"
        ],
        "User-Agent": [
          "FxVersion/4.6.27019.06",
          "OSName/Windows",
          "OSVersion/Microsoft.Windows.10.0.17763.",
          "Microsoft.Azure.Management.PrivateDns.PrivateDnsManagementClient/1.0.0.0"
        ]
      },
      "ResponseHeaders": {
        "Cache-Control": [
          "private"
        ],
        "ETag": [
          "305a79fb-486e-4bdd-8767-3fcb053f9814"
        ],
        "X-Content-Type-Options": [
          "nosniff"
        ],
        "Strict-Transport-Security": [
          "max-age=31536000; includeSubDomains"
        ],
        "x-ms-request-id": [
          "86378e09-554d-4c15-8652-b14fbfdf9615"
        ],
        "Server": [
          "Microsoft-IIS/10.0"
        ],
        "X-AspNet-Version": [
          "4.0.30319"
        ],
        "X-Powered-By": [
          "ASP.NET"
        ],
        "x-ms-ratelimit-remaining-subscription-resource-requests": [
          "11999"
        ],
        "x-ms-correlation-request-id": [
          "1bb4befb-300e-4fa5-bf92-7c623b1c2621"
        ],
        "x-ms-routing-request-id": [
          "NORTHEUROPE:20190308T214638Z:1bb4befb-300e-4fa5-bf92-7c623b1c2621"
        ],
        "Date": [
          "Fri, 08 Mar 2019 21:46:37 GMT"
        ],
        "Content-Length": [
          "354"
        ],
        "Content-Type": [
          "application/json; charset=utf-8"
        ]
      },
      "ResponseBody": "{\r\n  \"id\": \"/subscriptions/0e5a46b1-de0b-4ec3-a5d7-dda908b4e076/resourceGroups/ps4101/providers/Microsoft.Network/privateDnsZones/ps6343.pstest.test/SRV/ps6494\",\r\n  \"name\": \"ps6494\",\r\n  \"type\": \"Microsoft.Network/privateDnsZones/SRV\",\r\n  \"etag\": \"305a79fb-486e-4bdd-8767-3fcb053f9814\",\r\n  \"properties\": {\r\n    \"fqdn\": \"ps6494.ps6343.pstest.test.\",\r\n    \"ttl\": 100,\r\n    \"srvRecords\": []\r\n  }\r\n}",
      "StatusCode": 200
    },
    {
      "RequestUri": "/subscriptions/0e5a46b1-de0b-4ec3-a5d7-dda908b4e076/resourceGroups/ps4101/providers/Microsoft.Network/privateDnsZones/ps6343.pstest.test/SRV/ps6494?api-version=2018-09-01",
      "EncodedRequestUri": "L3N1YnNjcmlwdGlvbnMvMGU1YTQ2YjEtZGUwYi00ZWMzLWE1ZDctZGRhOTA4YjRlMDc2L3Jlc291cmNlR3JvdXBzL3BzNDEwMS9wcm92aWRlcnMvTWljcm9zb2Z0Lk5ldHdvcmsvcHJpdmF0ZURuc1pvbmVzL3BzNjM0My5wc3Rlc3QudGVzdC9TUlYvcHM2NDk0P2FwaS12ZXJzaW9uPTIwMTgtMDktMDE=",
      "RequestMethod": "GET",
      "RequestBody": "",
      "RequestHeaders": {
        "x-ms-client-request-id": [
          "8b5758ac-17dd-4145-b615-a982de447821"
        ],
        "Accept-Language": [
          "en-US"
        ],
        "User-Agent": [
          "FxVersion/4.6.27019.06",
          "OSName/Windows",
          "OSVersion/Microsoft.Windows.10.0.17763.",
          "Microsoft.Azure.Management.PrivateDns.PrivateDnsManagementClient/1.0.0.0"
        ]
      },
      "ResponseHeaders": {
        "Cache-Control": [
          "private"
        ],
        "ETag": [
          "e7c900b9-46ee-489a-8125-45e5465f7dc0"
        ],
        "X-Content-Type-Options": [
          "nosniff"
        ],
        "Strict-Transport-Security": [
          "max-age=31536000; includeSubDomains"
        ],
        "x-ms-request-id": [
          "8b5758ac-17dd-4145-b615-a982de447821"
        ],
        "Server": [
          "Microsoft-IIS/10.0"
        ],
        "X-AspNet-Version": [
          "4.0.30319"
        ],
        "X-Powered-By": [
          "ASP.NET"
        ],
        "x-ms-ratelimit-remaining-subscription-resource-requests": [
          "11998"
        ],
        "x-ms-correlation-request-id": [
          "c583c1f0-dfe1-4cd6-bc83-481ddb619e48"
        ],
        "x-ms-routing-request-id": [
          "NORTHEUROPE:20190308T214639Z:c583c1f0-dfe1-4cd6-bc83-481ddb619e48"
        ],
        "Date": [
          "Fri, 08 Mar 2019 21:46:38 GMT"
        ],
        "Content-Length": [
          "416"
        ],
        "Content-Type": [
          "application/json; charset=utf-8"
        ]
      },
      "ResponseBody": "{\r\n  \"id\": \"/subscriptions/0e5a46b1-de0b-4ec3-a5d7-dda908b4e076/resourceGroups/ps4101/providers/Microsoft.Network/privateDnsZones/ps6343.pstest.test/SRV/ps6494\",\r\n  \"name\": \"ps6494\",\r\n  \"type\": \"Microsoft.Network/privateDnsZones/SRV\",\r\n  \"etag\": \"e7c900b9-46ee-489a-8125-45e5465f7dc0\",\r\n  \"properties\": {\r\n    \"fqdn\": \"ps6494.ps6343.pstest.test.\",\r\n    \"ttl\": 100,\r\n    \"srvRecords\": [\r\n      {\r\n        \"port\": 53,\r\n        \"priority\": 1,\r\n        \"target\": \"ns1.example.com\",\r\n        \"weight\": 5\r\n      }\r\n    ]\r\n  }\r\n}",
      "StatusCode": 200
    },
    {
      "RequestUri": "/subscriptions/0e5a46b1-de0b-4ec3-a5d7-dda908b4e076/resourceGroups/ps4101/providers/Microsoft.Network/privateDnsZones/ps6343.pstest.test/SRV?api-version=2018-09-01",
      "EncodedRequestUri": "L3N1YnNjcmlwdGlvbnMvMGU1YTQ2YjEtZGUwYi00ZWMzLWE1ZDctZGRhOTA4YjRlMDc2L3Jlc291cmNlR3JvdXBzL3BzNDEwMS9wcm92aWRlcnMvTWljcm9zb2Z0Lk5ldHdvcmsvcHJpdmF0ZURuc1pvbmVzL3BzNjM0My5wc3Rlc3QudGVzdC9TUlY/YXBpLXZlcnNpb249MjAxOC0wOS0wMQ==",
      "RequestMethod": "GET",
      "RequestBody": "",
      "RequestHeaders": {
        "x-ms-client-request-id": [
          "70f97ac4-9327-437f-a46c-dabcef7a703f"
        ],
        "Accept-Language": [
          "en-US"
        ],
        "User-Agent": [
          "FxVersion/4.6.27019.06",
          "OSName/Windows",
          "OSVersion/Microsoft.Windows.10.0.17763.",
          "Microsoft.Azure.Management.PrivateDns.PrivateDnsManagementClient/1.0.0.0"
        ]
      },
      "ResponseHeaders": {
        "Cache-Control": [
          "private"
        ],
        "X-Content-Type-Options": [
          "nosniff"
        ],
        "Strict-Transport-Security": [
          "max-age=31536000; includeSubDomains"
        ],
        "x-ms-request-id": [
          "70f97ac4-9327-437f-a46c-dabcef7a703f"
        ],
        "Server": [
          "Microsoft-IIS/10.0"
        ],
        "X-AspNet-Version": [
          "4.0.30319"
        ],
        "X-Powered-By": [
          "ASP.NET"
        ],
        "x-ms-ratelimit-remaining-subscription-resource-requests": [
          "11997"
        ],
        "x-ms-correlation-request-id": [
          "8f7fa0de-4e05-412c-b8fe-5155514fa4b5"
        ],
        "x-ms-routing-request-id": [
          "NORTHEUROPE:20190308T214639Z:8f7fa0de-4e05-412c-b8fe-5155514fa4b5"
        ],
        "Date": [
          "Fri, 08 Mar 2019 21:46:38 GMT"
        ],
        "Content-Length": [
          "428"
        ],
        "Content-Type": [
          "application/json; charset=utf-8"
        ]
      },
      "ResponseBody": "{\r\n  \"value\": [\r\n    {\r\n      \"id\": \"/subscriptions/0e5a46b1-de0b-4ec3-a5d7-dda908b4e076/resourceGroups/ps4101/providers/Microsoft.Network/privateDnsZones/ps6343.pstest.test/SRV/ps6494\",\r\n      \"name\": \"ps6494\",\r\n      \"type\": \"Microsoft.Network/privateDnsZones/SRV\",\r\n      \"etag\": \"e7c900b9-46ee-489a-8125-45e5465f7dc0\",\r\n      \"properties\": {\r\n        \"fqdn\": \"ps6494.ps6343.pstest.test.\",\r\n        \"ttl\": 100,\r\n        \"srvRecords\": [\r\n          {\r\n            \"port\": 53,\r\n            \"priority\": 1,\r\n            \"target\": \"ns1.example.com\",\r\n            \"weight\": 5\r\n          }\r\n        ]\r\n      }\r\n    }\r\n  ]\r\n}",
      "StatusCode": 200
    },
    {
      "RequestUri": "/subscriptions/0e5a46b1-de0b-4ec3-a5d7-dda908b4e076/resourceGroups/ps4101/providers/Microsoft.Network/privateDnsZones/ps6343.pstest.test/SRV/ps6494?api-version=2018-09-01",
      "EncodedRequestUri": "L3N1YnNjcmlwdGlvbnMvMGU1YTQ2YjEtZGUwYi00ZWMzLWE1ZDctZGRhOTA4YjRlMDc2L3Jlc291cmNlR3JvdXBzL3BzNDEwMS9wcm92aWRlcnMvTWljcm9zb2Z0Lk5ldHdvcmsvcHJpdmF0ZURuc1pvbmVzL3BzNjM0My5wc3Rlc3QudGVzdC9TUlYvcHM2NDk0P2FwaS12ZXJzaW9uPTIwMTgtMDktMDE=",
      "RequestMethod": "DELETE",
      "RequestBody": "",
      "RequestHeaders": {
        "x-ms-client-request-id": [
          "1843ebe0-a62c-4871-bf8c-88b483af5695"
        ],
        "If-Match": [
          "e7c900b9-46ee-489a-8125-45e5465f7dc0"
        ],
        "Accept-Language": [
          "en-US"
        ],
        "User-Agent": [
          "FxVersion/4.6.27019.06",
          "OSName/Windows",
          "OSVersion/Microsoft.Windows.10.0.17763.",
          "Microsoft.Azure.Management.PrivateDns.PrivateDnsManagementClient/1.0.0.0"
        ]
      },
      "ResponseHeaders": {
        "Cache-Control": [
          "private"
        ],
        "X-Content-Type-Options": [
          "nosniff"
        ],
        "Strict-Transport-Security": [
          "max-age=31536000; includeSubDomains"
        ],
        "x-ms-request-id": [
          "1843ebe0-a62c-4871-bf8c-88b483af5695"
        ],
        "Server": [
          "Microsoft-IIS/10.0"
        ],
        "X-AspNet-Version": [
          "4.0.30319"
        ],
        "X-Powered-By": [
          "ASP.NET"
        ],
        "x-ms-ratelimit-remaining-subscription-resource-requests": [
          "11999"
        ],
        "x-ms-correlation-request-id": [
          "3ad5db83-6972-4520-b7e0-b6a73b245e73"
        ],
        "x-ms-routing-request-id": [
          "NORTHEUROPE:20190308T214640Z:3ad5db83-6972-4520-b7e0-b6a73b245e73"
        ],
        "Date": [
          "Fri, 08 Mar 2019 21:46:40 GMT"
        ],
        "Content-Length": [
          "0"
        ]
      },
      "ResponseBody": "",
      "StatusCode": 200
    },
    {
      "RequestUri": "/subscriptions/0e5a46b1-de0b-4ec3-a5d7-dda908b4e076/resourceGroups/ps4101/providers/Microsoft.Network/privateDnsZones/ps6343.pstest.test?api-version=2018-09-01",
      "EncodedRequestUri": "L3N1YnNjcmlwdGlvbnMvMGU1YTQ2YjEtZGUwYi00ZWMzLWE1ZDctZGRhOTA4YjRlMDc2L3Jlc291cmNlR3JvdXBzL3BzNDEwMS9wcm92aWRlcnMvTWljcm9zb2Z0Lk5ldHdvcmsvcHJpdmF0ZURuc1pvbmVzL3BzNjM0My5wc3Rlc3QudGVzdD9hcGktdmVyc2lvbj0yMDE4LTA5LTAx",
      "RequestMethod": "DELETE",
      "RequestBody": "",
      "RequestHeaders": {
        "x-ms-client-request-id": [
          "9db8667a-0d73-4520-86e1-807810928f28"
        ],
        "If-Match": [
          "*"
        ],
        "Accept-Language": [
          "en-US"
        ],
        "User-Agent": [
          "FxVersion/4.6.27019.06",
          "OSName/Windows",
          "OSVersion/Microsoft.Windows.10.0.17763.",
          "Microsoft.Azure.Management.PrivateDns.PrivateDnsManagementClient/1.0.0.0"
        ]
      },
      "ResponseHeaders": {
        "Cache-Control": [
          "private"
        ],
        "Location": [
          "https://api-dogfood.resources.windows-int.net/subscriptions/0e5a46b1-de0b-4ec3-a5d7-dda908b4e076/resourceGroups/ps4101/providers/Microsoft.Network/privateDnsOperationResults/RnJvbnRFbmRBc3luY09wZXJhdGlvbjtEZWxldGVQcml2YXRlRG5zWm9uZTsyOTRkZTFjYy1lMjQ2LTQwYjItODEzNy01NzMwNGZlN2MwZmM=?api-version=2018-09-01"
        ],
        "Retry-After": [
          "3"
        ],
        "X-Content-Type-Options": [
          "nosniff"
        ],
        "Strict-Transport-Security": [
          "max-age=31536000; includeSubDomains"
        ],
        "Azure-AsyncOperation": [
          "https://api-dogfood.resources.windows-int.net:443/subscriptions/0e5a46b1-de0b-4ec3-a5d7-dda908b4e076/resourceGroups/ps4101/providers/Microsoft.Network/privateDnsOperationStatuses/RnJvbnRFbmRBc3luY09wZXJhdGlvbjtEZWxldGVQcml2YXRlRG5zWm9uZTsyOTRkZTFjYy1lMjQ2LTQwYjItODEzNy01NzMwNGZlN2MwZmM=?api-version=2018-09-01"
        ],
        "x-ms-request-id": [
          "9db8667a-0d73-4520-86e1-807810928f28"
        ],
        "Server": [
          "Microsoft-IIS/10.0"
        ],
        "X-AspNet-Version": [
          "4.0.30319"
        ],
        "X-Powered-By": [
          "ASP.NET"
        ],
        "x-ms-ratelimit-remaining-subscription-resource-requests": [
          "11996"
        ],
        "x-ms-correlation-request-id": [
          "85320569-cec0-4d77-af73-9981a1c46619"
        ],
        "x-ms-routing-request-id": [
          "NORTHEUROPE:20190308T214640Z:85320569-cec0-4d77-af73-9981a1c46619"
        ],
        "Date": [
          "Fri, 08 Mar 2019 21:46:40 GMT"
        ],
        "Content-Length": [
          "0"
        ]
      },
      "ResponseBody": "",
      "StatusCode": 202
    },
    {
      "RequestUri": "/subscriptions/0e5a46b1-de0b-4ec3-a5d7-dda908b4e076/resourceGroups/ps4101/providers/Microsoft.Network/privateDnsOperationStatuses/RnJvbnRFbmRBc3luY09wZXJhdGlvbjtEZWxldGVQcml2YXRlRG5zWm9uZTsyOTRkZTFjYy1lMjQ2LTQwYjItODEzNy01NzMwNGZlN2MwZmM=?api-version=2018-09-01",
      "EncodedRequestUri": "L3N1YnNjcmlwdGlvbnMvMGU1YTQ2YjEtZGUwYi00ZWMzLWE1ZDctZGRhOTA4YjRlMDc2L3Jlc291cmNlR3JvdXBzL3BzNDEwMS9wcm92aWRlcnMvTWljcm9zb2Z0Lk5ldHdvcmsvcHJpdmF0ZURuc09wZXJhdGlvblN0YXR1c2VzL1JuSnZiblJGYm1SQmMzbHVZMDl3WlhKaGRHbHZianRFWld4bGRHVlFjbWwyWVhSbFJHNXpXbTl1WlRzeU9UUmtaVEZqWXkxbE1qUTJMVFF3WWpJdE9ERXpOeTAxTnpNd05HWmxOMk13Wm1NPT9hcGktdmVyc2lvbj0yMDE4LTA5LTAx",
      "RequestMethod": "GET",
      "RequestBody": "",
      "RequestHeaders": {
        "User-Agent": [
          "FxVersion/4.6.27019.06",
          "OSName/Windows",
          "OSVersion/Microsoft.Windows.10.0.17763.",
          "Microsoft.Azure.Management.PrivateDns.PrivateDnsManagementClient/1.0.0.0"
        ]
      },
      "ResponseHeaders": {
        "Cache-Control": [
          "private"
        ],
        "Location": [
          "https://api-dogfood.resources.windows-int.net/subscriptions/0e5a46b1-de0b-4ec3-a5d7-dda908b4e076/resourceGroups/ps4101/providers/Microsoft.Network/privateDnsOperationResults/RnJvbnRFbmRBc3luY09wZXJhdGlvbjtEZWxldGVQcml2YXRlRG5zWm9uZTsyOTRkZTFjYy1lMjQ2LTQwYjItODEzNy01NzMwNGZlN2MwZmM=?api-version=2018-09-01"
        ],
        "Retry-After": [
          "3"
        ],
        "X-Content-Type-Options": [
          "nosniff"
        ],
        "Strict-Transport-Security": [
          "max-age=31536000; includeSubDomains"
        ],
        "Azure-AsyncOperation": [
          "https://api-dogfood.resources.windows-int.net:443/subscriptions/0e5a46b1-de0b-4ec3-a5d7-dda908b4e076/resourceGroups/ps4101/providers/Microsoft.Network/privateDnsOperationStatuses/RnJvbnRFbmRBc3luY09wZXJhdGlvbjtEZWxldGVQcml2YXRlRG5zWm9uZTsyOTRkZTFjYy1lMjQ2LTQwYjItODEzNy01NzMwNGZlN2MwZmM=?api-version=2018-09-01"
        ],
        "x-ms-request-id": [
          "63e730d9-80c7-4603-bbaa-85c99dfa607c"
        ],
        "Server": [
          "Microsoft-IIS/10.0"
        ],
        "X-AspNet-Version": [
          "4.0.30319"
        ],
        "X-Powered-By": [
          "ASP.NET"
        ],
        "x-ms-ratelimit-remaining-subscription-resource-requests": [
          "11973"
        ],
        "x-ms-correlation-request-id": [
          "7cd7bf06-e3fb-46fd-96a6-0e7ca052783b"
        ],
        "x-ms-routing-request-id": [
          "NORTHEUROPE:20190308T214644Z:7cd7bf06-e3fb-46fd-96a6-0e7ca052783b"
        ],
        "Date": [
          "Fri, 08 Mar 2019 21:46:43 GMT"
        ],
        "Content-Length": [
          "23"
        ],
        "Content-Type": [
          "application/json; charset=utf-8"
        ]
      },
      "ResponseBody": "{\r\n  \"status\": \"InProgress\"\r\n}",
      "StatusCode": 202
    },
    {
      "RequestUri": "/subscriptions/0e5a46b1-de0b-4ec3-a5d7-dda908b4e076/resourceGroups/ps4101/providers/Microsoft.Network/privateDnsOperationStatuses/RnJvbnRFbmRBc3luY09wZXJhdGlvbjtEZWxldGVQcml2YXRlRG5zWm9uZTsyOTRkZTFjYy1lMjQ2LTQwYjItODEzNy01NzMwNGZlN2MwZmM=?api-version=2018-09-01",
      "EncodedRequestUri": "L3N1YnNjcmlwdGlvbnMvMGU1YTQ2YjEtZGUwYi00ZWMzLWE1ZDctZGRhOTA4YjRlMDc2L3Jlc291cmNlR3JvdXBzL3BzNDEwMS9wcm92aWRlcnMvTWljcm9zb2Z0Lk5ldHdvcmsvcHJpdmF0ZURuc09wZXJhdGlvblN0YXR1c2VzL1JuSnZiblJGYm1SQmMzbHVZMDl3WlhKaGRHbHZianRFWld4bGRHVlFjbWwyWVhSbFJHNXpXbTl1WlRzeU9UUmtaVEZqWXkxbE1qUTJMVFF3WWpJdE9ERXpOeTAxTnpNd05HWmxOMk13Wm1NPT9hcGktdmVyc2lvbj0yMDE4LTA5LTAx",
      "RequestMethod": "GET",
      "RequestBody": "",
      "RequestHeaders": {
        "User-Agent": [
          "FxVersion/4.6.27019.06",
          "OSName/Windows",
          "OSVersion/Microsoft.Windows.10.0.17763.",
          "Microsoft.Azure.Management.PrivateDns.PrivateDnsManagementClient/1.0.0.0"
        ]
      },
      "ResponseHeaders": {
        "Cache-Control": [
          "private"
        ],
        "X-Content-Type-Options": [
          "nosniff"
        ],
        "Strict-Transport-Security": [
          "max-age=31536000; includeSubDomains"
        ],
        "x-ms-request-id": [
          "24aaab73-0e20-40be-8b8b-1db167716ed4"
        ],
        "Server": [
          "Microsoft-IIS/10.0"
        ],
        "X-AspNet-Version": [
          "4.0.30319"
        ],
        "X-Powered-By": [
          "ASP.NET"
        ],
        "x-ms-ratelimit-remaining-subscription-resource-requests": [
          "11972"
        ],
        "x-ms-correlation-request-id": [
          "be4c42db-95b0-4f82-8c1b-4bd35360d22e"
        ],
        "x-ms-routing-request-id": [
          "NORTHEUROPE:20190308T214647Z:be4c42db-95b0-4f82-8c1b-4bd35360d22e"
        ],
        "Date": [
          "Fri, 08 Mar 2019 21:46:47 GMT"
        ],
        "Content-Length": [
          "22"
        ],
        "Content-Type": [
          "application/json; charset=utf-8"
        ]
      },
      "ResponseBody": "{\r\n  \"status\": \"Succeeded\"\r\n}",
      "StatusCode": 200
    },
    {
      "RequestUri": "/subscriptions/0e5a46b1-de0b-4ec3-a5d7-dda908b4e076/resourceGroups/ps4101/providers/Microsoft.Network/privateDnsOperationResults/RnJvbnRFbmRBc3luY09wZXJhdGlvbjtEZWxldGVQcml2YXRlRG5zWm9uZTsyOTRkZTFjYy1lMjQ2LTQwYjItODEzNy01NzMwNGZlN2MwZmM=?api-version=2018-09-01",
      "EncodedRequestUri": "L3N1YnNjcmlwdGlvbnMvMGU1YTQ2YjEtZGUwYi00ZWMzLWE1ZDctZGRhOTA4YjRlMDc2L3Jlc291cmNlR3JvdXBzL3BzNDEwMS9wcm92aWRlcnMvTWljcm9zb2Z0Lk5ldHdvcmsvcHJpdmF0ZURuc09wZXJhdGlvblJlc3VsdHMvUm5KdmJuUkZibVJCYzNsdVkwOXdaWEpoZEdsdmJqdEVaV3hsZEdWUWNtbDJZWFJsUkc1eldtOXVaVHN5T1RSa1pURmpZeTFsTWpRMkxUUXdZakl0T0RFek55MDFOek13TkdabE4yTXdabU09P2FwaS12ZXJzaW9uPTIwMTgtMDktMDE=",
      "RequestMethod": "GET",
      "RequestBody": "",
      "RequestHeaders": {
        "User-Agent": [
          "FxVersion/4.6.27019.06",
          "OSName/Windows",
          "OSVersion/Microsoft.Windows.10.0.17763.",
          "Microsoft.Azure.Management.PrivateDns.PrivateDnsManagementClient/1.0.0.0"
        ]
      },
      "ResponseHeaders": {
        "Cache-Control": [
          "private"
        ],
        "X-Content-Type-Options": [
          "nosniff"
        ],
        "Strict-Transport-Security": [
          "max-age=31536000; includeSubDomains"
        ],
        "x-ms-request-id": [
          "4dfce399-286f-4f9a-b17b-b148afea0a4c"
        ],
        "Server": [
          "Microsoft-IIS/10.0"
        ],
        "X-AspNet-Version": [
          "4.0.30319"
        ],
        "X-Powered-By": [
          "ASP.NET"
        ],
        "x-ms-ratelimit-remaining-subscription-resource-requests": [
          "11996"
        ],
        "x-ms-correlation-request-id": [
          "4fd41472-86ca-4d35-a39e-a9e33d4d349e"
        ],
        "x-ms-routing-request-id": [
          "NORTHEUROPE:20190308T214647Z:4fd41472-86ca-4d35-a39e-a9e33d4d349e"
        ],
        "Date": [
          "Fri, 08 Mar 2019 21:46:47 GMT"
        ],
        "Content-Length": [
          "2"
        ],
        "Content-Type": [
          "application/json; charset=utf-8"
        ]
      },
      "ResponseBody": "{}",
      "StatusCode": 200
    },
    {
      "RequestUri": "/subscriptions/0e5a46b1-de0b-4ec3-a5d7-dda908b4e076/resourcegroups/ps4101?api-version=2016-09-01",
      "EncodedRequestUri": "L3N1YnNjcmlwdGlvbnMvMGU1YTQ2YjEtZGUwYi00ZWMzLWE1ZDctZGRhOTA4YjRlMDc2L3Jlc291cmNlZ3JvdXBzL3BzNDEwMT9hcGktdmVyc2lvbj0yMDE2LTA5LTAx",
      "RequestMethod": "DELETE",
      "RequestBody": "",
      "RequestHeaders": {
        "x-ms-client-request-id": [
          "a84df647-d6b4-40f8-8990-aba3c3f4aead"
        ],
        "Accept-Language": [
          "en-US"
        ],
        "User-Agent": [
          "FxVersion/4.6.27019.06",
          "OSName/Windows",
          "OSVersion/Microsoft.Windows.10.0.17763.",
          "Microsoft.Azure.Management.Internal.Resources.ResourceManagementClient/1.1.17"
        ]
      },
      "ResponseHeaders": {
        "Cache-Control": [
          "no-cache"
        ],
        "Pragma": [
          "no-cache"
        ],
        "Location": [
          "https://api-dogfood.resources.windows-int.net/subscriptions/0e5a46b1-de0b-4ec3-a5d7-dda908b4e076/operationresults/eyJqb2JJZCI6IlJFU09VUkNFR1JPVVBERUxFVElPTkpPQi1QUzQxMDEtV0VTVFVTIiwiam9iTG9jYXRpb24iOiJ3ZXN0dXMifQ?api-version=2016-09-01"
        ],
        "Retry-After": [
          "15"
        ],
        "x-ms-ratelimit-remaining-subscription-deletes": [
          "14991"
        ],
        "x-ms-request-id": [
          "d10fb2fa-3d7e-4564-92f3-2a16994b3d54"
        ],
        "x-ms-correlation-request-id": [
          "d10fb2fa-3d7e-4564-92f3-2a16994b3d54"
        ],
        "x-ms-routing-request-id": [
          "NORTHEUROPE:20190308T214649Z:d10fb2fa-3d7e-4564-92f3-2a16994b3d54"
        ],
        "Strict-Transport-Security": [
          "max-age=31536000; includeSubDomains"
        ],
        "X-Content-Type-Options": [
          "nosniff"
        ],
        "Date": [
          "Fri, 08 Mar 2019 21:46:49 GMT"
        ],
        "Expires": [
          "-1"
        ],
        "Content-Length": [
          "0"
        ]
      },
      "ResponseBody": "",
      "StatusCode": 202
    },
    {
      "RequestUri": "/subscriptions/0e5a46b1-de0b-4ec3-a5d7-dda908b4e076/operationresults/eyJqb2JJZCI6IlJFU09VUkNFR1JPVVBERUxFVElPTkpPQi1QUzQxMDEtV0VTVFVTIiwiam9iTG9jYXRpb24iOiJ3ZXN0dXMifQ?api-version=2016-09-01",
      "EncodedRequestUri": "L3N1YnNjcmlwdGlvbnMvMGU1YTQ2YjEtZGUwYi00ZWMzLWE1ZDctZGRhOTA4YjRlMDc2L29wZXJhdGlvbnJlc3VsdHMvZXlKcWIySkpaQ0k2SWxKRlUwOVZVa05GUjFKUFZWQkVSVXhGVkVsUFRrcFBRaTFRVXpReE1ERXRWMFZUVkZWVElpd2lhbTlpVEc5allYUnBiMjRpT2lKM1pYTjBkWE1pZlE/YXBpLXZlcnNpb249MjAxNi0wOS0wMQ==",
      "RequestMethod": "GET",
      "RequestBody": "",
      "RequestHeaders": {
        "User-Agent": [
          "FxVersion/4.6.27019.06",
          "OSName/Windows",
          "OSVersion/Microsoft.Windows.10.0.17763.",
          "Microsoft.Azure.Management.Internal.Resources.ResourceManagementClient/1.1.17"
        ]
      },
      "ResponseHeaders": {
        "Cache-Control": [
          "no-cache"
        ],
        "Pragma": [
          "no-cache"
        ],
        "Location": [
          "https://api-dogfood.resources.windows-int.net/subscriptions/0e5a46b1-de0b-4ec3-a5d7-dda908b4e076/operationresults/eyJqb2JJZCI6IlJFU09VUkNFR1JPVVBERUxFVElPTkpPQi1QUzQxMDEtV0VTVFVTIiwiam9iTG9jYXRpb24iOiJ3ZXN0dXMifQ?api-version=2016-09-01"
        ],
        "Retry-After": [
          "15"
        ],
        "x-ms-ratelimit-remaining-subscription-reads": [
          "14987"
        ],
        "x-ms-request-id": [
          "433bb0ef-1fac-469b-b981-a6cde86d24e8"
        ],
        "x-ms-correlation-request-id": [
          "433bb0ef-1fac-469b-b981-a6cde86d24e8"
        ],
        "x-ms-routing-request-id": [
          "NORTHEUROPE:20190308T214704Z:433bb0ef-1fac-469b-b981-a6cde86d24e8"
        ],
        "Strict-Transport-Security": [
          "max-age=31536000; includeSubDomains"
        ],
        "X-Content-Type-Options": [
          "nosniff"
        ],
        "Date": [
          "Fri, 08 Mar 2019 21:47:03 GMT"
        ],
        "Expires": [
          "-1"
        ],
        "Content-Length": [
          "0"
        ]
      },
      "ResponseBody": "",
      "StatusCode": 202
    },
    {
      "RequestUri": "/subscriptions/0e5a46b1-de0b-4ec3-a5d7-dda908b4e076/operationresults/eyJqb2JJZCI6IlJFU09VUkNFR1JPVVBERUxFVElPTkpPQi1QUzQxMDEtV0VTVFVTIiwiam9iTG9jYXRpb24iOiJ3ZXN0dXMifQ?api-version=2016-09-01",
      "EncodedRequestUri": "L3N1YnNjcmlwdGlvbnMvMGU1YTQ2YjEtZGUwYi00ZWMzLWE1ZDctZGRhOTA4YjRlMDc2L29wZXJhdGlvbnJlc3VsdHMvZXlKcWIySkpaQ0k2SWxKRlUwOVZVa05GUjFKUFZWQkVSVXhGVkVsUFRrcFBRaTFRVXpReE1ERXRWMFZUVkZWVElpd2lhbTlpVEc5allYUnBiMjRpT2lKM1pYTjBkWE1pZlE/YXBpLXZlcnNpb249MjAxNi0wOS0wMQ==",
      "RequestMethod": "GET",
      "RequestBody": "",
      "RequestHeaders": {
        "User-Agent": [
          "FxVersion/4.6.27019.06",
          "OSName/Windows",
          "OSVersion/Microsoft.Windows.10.0.17763.",
          "Microsoft.Azure.Management.Internal.Resources.ResourceManagementClient/1.1.17"
        ]
      },
      "ResponseHeaders": {
        "Cache-Control": [
          "no-cache"
        ],
        "Pragma": [
          "no-cache"
        ],
        "x-ms-ratelimit-remaining-subscription-reads": [
          "14986"
        ],
        "x-ms-request-id": [
          "184f1920-587c-4099-b2b2-3661d82559f4"
        ],
        "x-ms-correlation-request-id": [
          "184f1920-587c-4099-b2b2-3661d82559f4"
        ],
        "x-ms-routing-request-id": [
          "NORTHEUROPE:20190308T214719Z:184f1920-587c-4099-b2b2-3661d82559f4"
        ],
        "Strict-Transport-Security": [
          "max-age=31536000; includeSubDomains"
        ],
        "X-Content-Type-Options": [
          "nosniff"
        ],
        "Date": [
          "Fri, 08 Mar 2019 21:47:19 GMT"
        ],
        "Expires": [
          "-1"
        ],
        "Content-Length": [
          "0"
        ]
      },
      "ResponseBody": "",
      "StatusCode": 200
    },
    {
      "RequestUri": "/subscriptions/0e5a46b1-de0b-4ec3-a5d7-dda908b4e076/operationresults/eyJqb2JJZCI6IlJFU09VUkNFR1JPVVBERUxFVElPTkpPQi1QUzQxMDEtV0VTVFVTIiwiam9iTG9jYXRpb24iOiJ3ZXN0dXMifQ?api-version=2016-09-01",
      "EncodedRequestUri": "L3N1YnNjcmlwdGlvbnMvMGU1YTQ2YjEtZGUwYi00ZWMzLWE1ZDctZGRhOTA4YjRlMDc2L29wZXJhdGlvbnJlc3VsdHMvZXlKcWIySkpaQ0k2SWxKRlUwOVZVa05GUjFKUFZWQkVSVXhGVkVsUFRrcFBRaTFRVXpReE1ERXRWMFZUVkZWVElpd2lhbTlpVEc5allYUnBiMjRpT2lKM1pYTjBkWE1pZlE/YXBpLXZlcnNpb249MjAxNi0wOS0wMQ==",
      "RequestMethod": "GET",
      "RequestBody": "",
      "RequestHeaders": {
        "User-Agent": [
          "FxVersion/4.6.27019.06",
          "OSName/Windows",
          "OSVersion/Microsoft.Windows.10.0.17763.",
          "Microsoft.Azure.Management.Internal.Resources.ResourceManagementClient/1.1.17"
        ]
      },
      "ResponseHeaders": {
        "Cache-Control": [
          "no-cache"
        ],
        "Pragma": [
          "no-cache"
        ],
        "x-ms-ratelimit-remaining-subscription-reads": [
          "14985"
        ],
        "x-ms-request-id": [
          "d8076687-0ac8-4194-8fe1-99276f50f9d8"
        ],
        "x-ms-correlation-request-id": [
          "d8076687-0ac8-4194-8fe1-99276f50f9d8"
        ],
        "x-ms-routing-request-id": [
          "NORTHEUROPE:20190308T214720Z:d8076687-0ac8-4194-8fe1-99276f50f9d8"
        ],
        "Strict-Transport-Security": [
          "max-age=31536000; includeSubDomains"
        ],
        "X-Content-Type-Options": [
          "nosniff"
        ],
        "Date": [
          "Fri, 08 Mar 2019 21:47:19 GMT"
        ],
        "Expires": [
          "-1"
        ],
        "Content-Length": [
          "0"
        ]
      },
      "ResponseBody": "",
      "StatusCode": 200
    }
  ],
  "Names": {
    "Test-RecordSetSRV": [
      "ps6343",
      "ps6494",
      "ps4101"
    ]
  },
  "Variables": {
    "SubscriptionId": "0e5a46b1-de0b-4ec3-a5d7-dda908b4e076"
  }
}