{
  "Entries": [
    {
      "RequestUri": "/subscriptions/947d47b4-7883-4bb9-9d85-c5e8e2f572ce/resourcegroups/ps7915?api-version=2016-09-01",
      "EncodedRequestUri": "L3N1YnNjcmlwdGlvbnMvOTQ3ZDQ3YjQtNzg4My00YmI5LTlkODUtYzVlOGUyZjU3MmNlL3Jlc291cmNlZ3JvdXBzL3BzNzkxNT9hcGktdmVyc2lvbj0yMDE2LTA5LTAx",
      "RequestMethod": "PUT",
      "RequestBody": "{\r\n  \"location\": \"West US\"\r\n}",
      "RequestHeaders": {
        "x-ms-client-request-id": [
          "79ca6650-a853-4657-b6f6-13b84a4a8db1"
        ],
        "Accept-Language": [
          "en-US"
        ],
        "User-Agent": [
          "FxVersion/4.6.27617.04",
          "OSName/Windows",
          "OSVersion/Microsoft.Windows.10.0.18362.",
          "Microsoft.Azure.Management.Internal.Resources.ResourceManagementClient/1.3.1"
        ],
        "Content-Type": [
          "application/json; charset=utf-8"
        ],
        "Content-Length": [
          "29"
        ]
      },
      "ResponseHeaders": {
        "Cache-Control": [
          "no-cache"
        ],
        "Pragma": [
          "no-cache"
        ],
        "x-ms-ratelimit-remaining-subscription-writes": [
          "1149"
        ],
        "x-ms-request-id": [
          "abad418f-09c4-42d3-923c-706d031cd3e9"
        ],
        "x-ms-correlation-request-id": [
          "abad418f-09c4-42d3-923c-706d031cd3e9"
        ],
        "x-ms-routing-request-id": [
          "BRAZILUS:20190715T090649Z:abad418f-09c4-42d3-923c-706d031cd3e9"
        ],
        "Strict-Transport-Security": [
          "max-age=31536000; includeSubDomains"
        ],
        "X-Content-Type-Options": [
          "nosniff"
        ],
        "Date": [
          "Mon, 15 Jul 2019 09:06:49 GMT"
        ],
        "Content-Length": [
          "165"
        ],
        "Content-Type": [
          "application/json; charset=utf-8"
        ],
        "Expires": [
          "-1"
        ]
      },
      "ResponseBody": "{\r\n  \"id\": \"/subscriptions/947d47b4-7883-4bb9-9d85-c5e8e2f572ce/resourceGroups/ps7915\",\r\n  \"name\": \"ps7915\",\r\n  \"location\": \"westus\",\r\n  \"properties\": {\r\n    \"provisioningState\": \"Succeeded\"\r\n  }\r\n}",
      "StatusCode": 201
    },
    {
      "RequestUri": "/subscriptions/947d47b4-7883-4bb9-9d85-c5e8e2f572ce/resourceGroups/ps7915/providers/Microsoft.Network/privateDnsZones/ps7941.pstest.test?api-version=2018-09-01",
      "EncodedRequestUri": "L3N1YnNjcmlwdGlvbnMvOTQ3ZDQ3YjQtNzg4My00YmI5LTlkODUtYzVlOGUyZjU3MmNlL3Jlc291cmNlR3JvdXBzL3BzNzkxNS9wcm92aWRlcnMvTWljcm9zb2Z0Lk5ldHdvcmsvcHJpdmF0ZURuc1pvbmVzL3BzNzk0MS5wc3Rlc3QudGVzdD9hcGktdmVyc2lvbj0yMDE4LTA5LTAx",
      "RequestMethod": "PUT",
      "RequestBody": "{\r\n  \"location\": \"global\"\r\n}",
      "RequestHeaders": {
        "x-ms-client-request-id": [
          "f0167771-ba1e-43f7-9a1a-644f02516492"
        ],
        "If-None-Match": [
          "*"
        ],
        "Accept-Language": [
          "en-US"
        ],
        "User-Agent": [
          "FxVersion/4.6.27617.04",
          "OSName/Windows",
          "OSVersion/Microsoft.Windows.10.0.18362.",
          "Microsoft.Azure.Management.PrivateDns.PrivateDnsManagementClient/0.8.0.0"
        ],
        "Content-Type": [
          "application/json; charset=utf-8"
        ],
        "Content-Length": [
          "28"
        ]
      },
      "ResponseHeaders": {
        "Cache-Control": [
          "private"
        ],
        "Location": [
          "https://brazilus.management.azure.com/subscriptions/947d47b4-7883-4bb9-9d85-c5e8e2f572ce/resourceGroups/ps7915/providers/Microsoft.Network/privateDnsOperationResults/RnJvbnRFbmRBc3luY09wZXJhdGlvbjtVcHNlcnRQcml2YXRlRG5zWm9uZTswYjgwZjZjYy0xMjI3LTRmMjctYmMwZS1mNGEyYzdlMmRhNmQ=?api-version=2018-09-01"
        ],
        "Retry-After": [
          "10"
        ],
        "X-Content-Type-Options": [
          "nosniff"
        ],
        "Strict-Transport-Security": [
          "max-age=31536000; includeSubDomains"
        ],
        "Azure-AsyncOperation": [
          "https://brazilus.management.azure.com:443/subscriptions/947d47b4-7883-4bb9-9d85-c5e8e2f572ce/resourceGroups/ps7915/providers/Microsoft.Network/privateDnsOperationStatuses/RnJvbnRFbmRBc3luY09wZXJhdGlvbjtVcHNlcnRQcml2YXRlRG5zWm9uZTswYjgwZjZjYy0xMjI3LTRmMjctYmMwZS1mNGEyYzdlMmRhNmQ=?api-version=2018-09-01"
        ],
        "x-ms-request-id": [
          "f0167771-ba1e-43f7-9a1a-644f02516492"
        ],
        "Server": [
          "Microsoft-IIS/10.0"
        ],
        "X-AspNet-Version": [
          "4.0.30319"
        ],
        "X-Powered-By": [
          "ASP.NET"
        ],
        "x-ms-ratelimit-remaining-subscription-resource-requests": [
          "11998"
        ],
        "x-ms-correlation-request-id": [
          "01144d9f-d6aa-446d-8bf9-a2a6ca6bb395"
        ],
        "x-ms-routing-request-id": [
          "BRAZILUS:20190715T090651Z:01144d9f-d6aa-446d-8bf9-a2a6ca6bb395"
        ],
        "Date": [
          "Mon, 15 Jul 2019 09:06:51 GMT"
        ],
        "Content-Length": [
          "2"
        ],
        "Content-Type": [
          "application/json; charset=utf-8"
        ]
      },
      "ResponseBody": "{}",
      "StatusCode": 202
    },
    {
      "RequestUri": "/subscriptions/947d47b4-7883-4bb9-9d85-c5e8e2f572ce/resourceGroups/ps7915/providers/Microsoft.Network/privateDnsOperationStatuses/RnJvbnRFbmRBc3luY09wZXJhdGlvbjtVcHNlcnRQcml2YXRlRG5zWm9uZTswYjgwZjZjYy0xMjI3LTRmMjctYmMwZS1mNGEyYzdlMmRhNmQ=?api-version=2018-09-01",
      "EncodedRequestUri": "L3N1YnNjcmlwdGlvbnMvOTQ3ZDQ3YjQtNzg4My00YmI5LTlkODUtYzVlOGUyZjU3MmNlL3Jlc291cmNlR3JvdXBzL3BzNzkxNS9wcm92aWRlcnMvTWljcm9zb2Z0Lk5ldHdvcmsvcHJpdmF0ZURuc09wZXJhdGlvblN0YXR1c2VzL1JuSnZiblJGYm1SQmMzbHVZMDl3WlhKaGRHbHZianRWY0hObGNuUlFjbWwyWVhSbFJHNXpXbTl1WlRzd1lqZ3daalpqWXkweE1qSTNMVFJtTWpjdFltTXdaUzFtTkdFeVl6ZGxNbVJoTm1RPT9hcGktdmVyc2lvbj0yMDE4LTA5LTAx",
      "RequestMethod": "GET",
      "RequestBody": "",
      "RequestHeaders": {
        "User-Agent": [
          "FxVersion/4.6.27617.04",
          "OSName/Windows",
          "OSVersion/Microsoft.Windows.10.0.18362.",
          "Microsoft.Azure.Management.PrivateDns.PrivateDnsManagementClient/0.8.0.0"
        ]
      },
      "ResponseHeaders": {
        "Cache-Control": [
          "private"
        ],
        "Location": [
          "https://brazilus.management.azure.com/subscriptions/947d47b4-7883-4bb9-9d85-c5e8e2f572ce/resourceGroups/ps7915/providers/Microsoft.Network/privateDnsOperationResults/RnJvbnRFbmRBc3luY09wZXJhdGlvbjtVcHNlcnRQcml2YXRlRG5zWm9uZTswYjgwZjZjYy0xMjI3LTRmMjctYmMwZS1mNGEyYzdlMmRhNmQ=?api-version=2018-09-01"
        ],
        "Retry-After": [
          "10"
        ],
        "X-Content-Type-Options": [
          "nosniff"
        ],
        "Strict-Transport-Security": [
          "max-age=31536000; includeSubDomains"
        ],
        "Azure-AsyncOperation": [
          "https://brazilus.management.azure.com:443/subscriptions/947d47b4-7883-4bb9-9d85-c5e8e2f572ce/resourceGroups/ps7915/providers/Microsoft.Network/privateDnsOperationStatuses/RnJvbnRFbmRBc3luY09wZXJhdGlvbjtVcHNlcnRQcml2YXRlRG5zWm9uZTswYjgwZjZjYy0xMjI3LTRmMjctYmMwZS1mNGEyYzdlMmRhNmQ=?api-version=2018-09-01"
        ],
        "x-ms-request-id": [
          "cfbed7d2-2572-4fc4-815d-c71905cb3edc"
        ],
        "Server": [
          "Microsoft-IIS/10.0"
        ],
        "X-AspNet-Version": [
          "4.0.30319"
        ],
        "X-Powered-By": [
          "ASP.NET"
        ],
        "x-ms-ratelimit-remaining-subscription-resource-requests": [
          "11996"
        ],
        "x-ms-correlation-request-id": [
          "3ed92cf1-7e12-42f6-b1b6-e609d86d885c"
        ],
        "x-ms-routing-request-id": [
          "BRAZILUS:20190715T090701Z:3ed92cf1-7e12-42f6-b1b6-e609d86d885c"
        ],
        "Date": [
          "Mon, 15 Jul 2019 09:07:01 GMT"
        ],
        "Content-Length": [
          "23"
        ],
        "Content-Type": [
          "application/json; charset=utf-8"
        ]
      },
      "ResponseBody": "{\r\n  \"status\": \"InProgress\"\r\n}",
      "StatusCode": 202
    },
    {
      "RequestUri": "/subscriptions/947d47b4-7883-4bb9-9d85-c5e8e2f572ce/resourceGroups/ps7915/providers/Microsoft.Network/privateDnsOperationStatuses/RnJvbnRFbmRBc3luY09wZXJhdGlvbjtVcHNlcnRQcml2YXRlRG5zWm9uZTswYjgwZjZjYy0xMjI3LTRmMjctYmMwZS1mNGEyYzdlMmRhNmQ=?api-version=2018-09-01",
      "EncodedRequestUri": "L3N1YnNjcmlwdGlvbnMvOTQ3ZDQ3YjQtNzg4My00YmI5LTlkODUtYzVlOGUyZjU3MmNlL3Jlc291cmNlR3JvdXBzL3BzNzkxNS9wcm92aWRlcnMvTWljcm9zb2Z0Lk5ldHdvcmsvcHJpdmF0ZURuc09wZXJhdGlvblN0YXR1c2VzL1JuSnZiblJGYm1SQmMzbHVZMDl3WlhKaGRHbHZianRWY0hObGNuUlFjbWwyWVhSbFJHNXpXbTl1WlRzd1lqZ3daalpqWXkweE1qSTNMVFJtTWpjdFltTXdaUzFtTkdFeVl6ZGxNbVJoTm1RPT9hcGktdmVyc2lvbj0yMDE4LTA5LTAx",
      "RequestMethod": "GET",
      "RequestBody": "",
      "RequestHeaders": {
        "User-Agent": [
          "FxVersion/4.6.27617.04",
          "OSName/Windows",
          "OSVersion/Microsoft.Windows.10.0.18362.",
          "Microsoft.Azure.Management.PrivateDns.PrivateDnsManagementClient/0.8.0.0"
        ]
      },
      "ResponseHeaders": {
        "Cache-Control": [
          "private"
        ],
        "X-Content-Type-Options": [
          "nosniff"
        ],
        "Strict-Transport-Security": [
          "max-age=31536000; includeSubDomains"
        ],
        "x-ms-request-id": [
          "9c9d157a-0cc0-4698-bc50-f4bf0c835fa9"
        ],
        "Server": [
          "Microsoft-IIS/10.0"
        ],
        "X-AspNet-Version": [
          "4.0.30319"
        ],
        "X-Powered-By": [
          "ASP.NET"
        ],
        "x-ms-ratelimit-remaining-subscription-resource-requests": [
          "11995"
        ],
        "x-ms-correlation-request-id": [
          "5de7d538-0840-4667-b0a2-b824c3635ca5"
        ],
        "x-ms-routing-request-id": [
          "BRAZILUS:20190715T090711Z:5de7d538-0840-4667-b0a2-b824c3635ca5"
        ],
        "Date": [
          "Mon, 15 Jul 2019 09:07:11 GMT"
        ],
        "Content-Length": [
          "22"
        ],
        "Content-Type": [
          "application/json; charset=utf-8"
        ]
      },
      "ResponseBody": "{\r\n  \"status\": \"Succeeded\"\r\n}",
      "StatusCode": 200
    },
    {
      "RequestUri": "/subscriptions/947d47b4-7883-4bb9-9d85-c5e8e2f572ce/resourceGroups/ps7915/providers/Microsoft.Network/privateDnsZones/ps7941.pstest.test?api-version=2018-09-01",
      "EncodedRequestUri": "L3N1YnNjcmlwdGlvbnMvOTQ3ZDQ3YjQtNzg4My00YmI5LTlkODUtYzVlOGUyZjU3MmNlL3Jlc291cmNlR3JvdXBzL3BzNzkxNS9wcm92aWRlcnMvTWljcm9zb2Z0Lk5ldHdvcmsvcHJpdmF0ZURuc1pvbmVzL3BzNzk0MS5wc3Rlc3QudGVzdD9hcGktdmVyc2lvbj0yMDE4LTA5LTAx",
      "RequestMethod": "GET",
      "RequestBody": "",
      "RequestHeaders": {
        "User-Agent": [
          "FxVersion/4.6.27617.04",
          "OSName/Windows",
          "OSVersion/Microsoft.Windows.10.0.18362.",
          "Microsoft.Azure.Management.PrivateDns.PrivateDnsManagementClient/0.8.0.0"
        ]
      },
      "ResponseHeaders": {
        "Cache-Control": [
          "private"
        ],
        "ETag": [
          "999fca09-8969-4640-98f4-8e8f22081ad5"
        ],
        "X-Content-Type-Options": [
          "nosniff"
        ],
        "Strict-Transport-Security": [
          "max-age=31536000; includeSubDomains"
        ],
        "x-ms-request-id": [
          "c6ee1b1e-926a-449d-986b-3f7e8390332c"
        ],
        "Server": [
          "Microsoft-IIS/10.0"
        ],
        "X-AspNet-Version": [
          "4.0.30319"
        ],
        "X-Powered-By": [
          "ASP.NET"
        ],
        "x-ms-ratelimit-remaining-subscription-resource-requests": [
          "11997"
        ],
        "x-ms-correlation-request-id": [
          "aec1b460-f677-42c2-bcbe-23d5eeec1250"
        ],
        "x-ms-routing-request-id": [
          "BRAZILUS:20190715T090711Z:aec1b460-f677-42c2-bcbe-23d5eeec1250"
        ],
        "Date": [
          "Mon, 15 Jul 2019 09:07:11 GMT"
        ],
        "Content-Length": [
          "562"
        ],
        "Content-Type": [
          "application/json; charset=utf-8"
        ]
      },
      "ResponseBody": "{\r\n  \"id\": \"/subscriptions/947d47b4-7883-4bb9-9d85-c5e8e2f572ce/resourceGroups/ps7915/providers/Microsoft.Network/privateDnsZones/ps7941.pstest.test\",\r\n  \"name\": \"ps7941.pstest.test\",\r\n  \"type\": \"Microsoft.Network/privateDnsZones\",\r\n  \"etag\": \"999fca09-8969-4640-98f4-8e8f22081ad5\",\r\n  \"location\": \"global\",\r\n  \"properties\": {\r\n    \"maxNumberOfRecordSets\": 25000,\r\n    \"maxNumberOfVirtualNetworkLinks\": 1000,\r\n    \"maxNumberOfVirtualNetworkLinksWithRegistration\": 100,\r\n    \"numberOfRecordSets\": 1,\r\n    \"numberOfVirtualNetworkLinks\": 0,\r\n    \"numberOfVirtualNetworkLinksWithRegistration\": 0,\r\n    \"provisioningState\": \"Succeeded\"\r\n  }\r\n}",
      "StatusCode": 200
    },
    {
      "RequestUri": "/subscriptions/947d47b4-7883-4bb9-9d85-c5e8e2f572ce/resourceGroups/ps7915/providers/Microsoft.Network/privateDnsZones/ps7941.pstest.test?api-version=2018-09-01",
      "EncodedRequestUri": "L3N1YnNjcmlwdGlvbnMvOTQ3ZDQ3YjQtNzg4My00YmI5LTlkODUtYzVlOGUyZjU3MmNlL3Jlc291cmNlR3JvdXBzL3BzNzkxNS9wcm92aWRlcnMvTWljcm9zb2Z0Lk5ldHdvcmsvcHJpdmF0ZURuc1pvbmVzL3BzNzk0MS5wc3Rlc3QudGVzdD9hcGktdmVyc2lvbj0yMDE4LTA5LTAx",
      "RequestMethod": "GET",
      "RequestBody": "",
      "RequestHeaders": {
        "x-ms-client-request-id": [
          "523757cd-8c4c-45b4-b36f-3c8e68317e8c"
        ],
        "Accept-Language": [
          "en-US"
        ],
        "User-Agent": [
          "FxVersion/4.6.27617.04",
          "OSName/Windows",
          "OSVersion/Microsoft.Windows.10.0.18362.",
          "Microsoft.Azure.Management.PrivateDns.PrivateDnsManagementClient/0.8.0.0"
        ]
      },
      "ResponseHeaders": {
        "Cache-Control": [
          "private"
        ],
        "ETag": [
          "999fca09-8969-4640-98f4-8e8f22081ad5"
        ],
        "X-Content-Type-Options": [
          "nosniff"
        ],
        "Strict-Transport-Security": [
          "max-age=31536000; includeSubDomains"
        ],
        "x-ms-request-id": [
          "523757cd-8c4c-45b4-b36f-3c8e68317e8c"
        ],
        "Server": [
          "Microsoft-IIS/10.0"
        ],
        "X-AspNet-Version": [
          "4.0.30319"
        ],
        "X-Powered-By": [
          "ASP.NET"
        ],
        "x-ms-ratelimit-remaining-subscription-resource-requests": [
          "11996"
        ],
        "x-ms-correlation-request-id": [
          "e604fcf0-60f6-4c28-b386-343d042a07ad"
        ],
        "x-ms-routing-request-id": [
          "BRAZILUS:20190715T090715Z:e604fcf0-60f6-4c28-b386-343d042a07ad"
        ],
        "Date": [
          "Mon, 15 Jul 2019 09:07:15 GMT"
        ],
        "Content-Length": [
          "562"
        ],
        "Content-Type": [
          "application/json; charset=utf-8"
        ]
      },
      "ResponseBody": "{\r\n  \"id\": \"/subscriptions/947d47b4-7883-4bb9-9d85-c5e8e2f572ce/resourceGroups/ps7915/providers/Microsoft.Network/privateDnsZones/ps7941.pstest.test\",\r\n  \"name\": \"ps7941.pstest.test\",\r\n  \"type\": \"Microsoft.Network/privateDnsZones\",\r\n  \"etag\": \"999fca09-8969-4640-98f4-8e8f22081ad5\",\r\n  \"location\": \"global\",\r\n  \"properties\": {\r\n    \"maxNumberOfRecordSets\": 25000,\r\n    \"maxNumberOfVirtualNetworkLinks\": 1000,\r\n    \"maxNumberOfVirtualNetworkLinksWithRegistration\": 100,\r\n    \"numberOfRecordSets\": 1,\r\n    \"numberOfVirtualNetworkLinks\": 0,\r\n    \"numberOfVirtualNetworkLinksWithRegistration\": 0,\r\n    \"provisioningState\": \"Succeeded\"\r\n  }\r\n}",
      "StatusCode": 200
    },
    {
      "RequestUri": "/subscriptions/947d47b4-7883-4bb9-9d85-c5e8e2f572ce/resourceGroups/ps7915/providers/Microsoft.Network/privateDnsZones/ps7941.pstest.test/AAAA/ps5583?api-version=2018-09-01",
      "EncodedRequestUri": "L3N1YnNjcmlwdGlvbnMvOTQ3ZDQ3YjQtNzg4My00YmI5LTlkODUtYzVlOGUyZjU3MmNlL3Jlc291cmNlR3JvdXBzL3BzNzkxNS9wcm92aWRlcnMvTWljcm9zb2Z0Lk5ldHdvcmsvcHJpdmF0ZURuc1pvbmVzL3BzNzk0MS5wc3Rlc3QudGVzdC9BQUFBL3BzNTU4Mz9hcGktdmVyc2lvbj0yMDE4LTA5LTAx",
      "RequestMethod": "PUT",
      "RequestBody": "{\r\n  \"properties\": {\r\n    \"ttl\": 100,\r\n    \"aaaaRecords\": []\r\n  }\r\n}",
      "RequestHeaders": {
        "x-ms-client-request-id": [
          "181b3800-c06f-447a-ab17-334156e01abb"
        ],
        "If-None-Match": [
          "*"
        ],
        "Accept-Language": [
          "en-US"
        ],
        "User-Agent": [
          "FxVersion/4.6.27617.04",
          "OSName/Windows",
          "OSVersion/Microsoft.Windows.10.0.18362.",
          "Microsoft.Azure.Management.PrivateDns.PrivateDnsManagementClient/0.8.0.0"
        ],
        "Content-Type": [
          "application/json; charset=utf-8"
        ],
        "Content-Length": [
          "68"
        ]
      },
      "ResponseHeaders": {
        "Cache-Control": [
          "private"
        ],
        "ETag": [
          "fdb45f76-6d69-49c3-a4ad-5b4475e07a19"
        ],
        "X-Content-Type-Options": [
          "nosniff"
        ],
        "Strict-Transport-Security": [
          "max-age=31536000; includeSubDomains"
        ],
        "x-ms-request-id": [
          "181b3800-c06f-447a-ab17-334156e01abb"
        ],
        "Server": [
          "Microsoft-IIS/10.0"
        ],
        "X-AspNet-Version": [
          "4.0.30319"
        ],
        "X-Powered-By": [
          "ASP.NET"
        ],
        "x-ms-ratelimit-remaining-subscription-resource-requests": [
          "11999"
        ],
        "x-ms-correlation-request-id": [
          "d0350895-4f2c-4dd2-a5ba-cdf5538a8121"
        ],
        "x-ms-routing-request-id": [
          "BRAZILUS:20190715T090713Z:d0350895-4f2c-4dd2-a5ba-cdf5538a8121"
        ],
        "Date": [
          "Mon, 15 Jul 2019 09:07:12 GMT"
        ],
        "Content-Length": [
          "382"
        ],
        "Content-Type": [
          "application/json; charset=utf-8"
        ]
      },
      "ResponseBody": "{\r\n  \"id\": \"/subscriptions/947d47b4-7883-4bb9-9d85-c5e8e2f572ce/resourceGroups/ps7915/providers/Microsoft.Network/privateDnsZones/ps7941.pstest.test/AAAA/ps5583\",\r\n  \"name\": \"ps5583\",\r\n  \"type\": \"Microsoft.Network/privateDnsZones/AAAA\",\r\n  \"etag\": \"fdb45f76-6d69-49c3-a4ad-5b4475e07a19\",\r\n  \"properties\": {\r\n    \"fqdn\": \"ps5583.ps7941.pstest.test.\",\r\n    \"ttl\": 100,\r\n    \"aaaaRecords\": [],\r\n    \"isAutoRegistered\": false\r\n  }\r\n}",
      "StatusCode": 201
    },
    {
      "RequestUri": "/subscriptions/947d47b4-7883-4bb9-9d85-c5e8e2f572ce/resourceGroups/ps7915/providers/Microsoft.Network/privateDnsZones/ps7941.pstest.test/AAAA/ps5583?api-version=2018-09-01",
      "EncodedRequestUri": "L3N1YnNjcmlwdGlvbnMvOTQ3ZDQ3YjQtNzg4My00YmI5LTlkODUtYzVlOGUyZjU3MmNlL3Jlc291cmNlR3JvdXBzL3BzNzkxNS9wcm92aWRlcnMvTWljcm9zb2Z0Lk5ldHdvcmsvcHJpdmF0ZURuc1pvbmVzL3BzNzk0MS5wc3Rlc3QudGVzdC9BQUFBL3BzNTU4Mz9hcGktdmVyc2lvbj0yMDE4LTA5LTAx",
      "RequestMethod": "PUT",
      "RequestBody": "{\r\n  \"properties\": {\r\n    \"ttl\": 100,\r\n    \"aaaaRecords\": []\r\n  }\r\n}",
      "RequestHeaders": {
        "x-ms-client-request-id": [
          "1d91d2ef-13e5-4418-89e8-4b2f6aaafcd8"
        ],
        "If-Match": [
          "gibberish"
        ],
        "Accept-Language": [
          "en-US"
        ],
        "User-Agent": [
          "FxVersion/4.6.27617.04",
          "OSName/Windows",
          "OSVersion/Microsoft.Windows.10.0.18362.",
          "Microsoft.Azure.Management.PrivateDns.PrivateDnsManagementClient/0.8.0.0"
        ],
        "Content-Type": [
          "application/json; charset=utf-8"
        ],
        "Content-Length": [
          "68"
        ]
      },
      "ResponseHeaders": {
        "Cache-Control": [
          "private"
        ],
        "X-Content-Type-Options": [
          "nosniff"
        ],
        "Strict-Transport-Security": [
          "max-age=31536000; includeSubDomains"
        ],
        "x-ms-request-id": [
          "1d91d2ef-13e5-4418-89e8-4b2f6aaafcd8"
        ],
        "Server": [
          "Microsoft-IIS/10.0"
        ],
        "X-AspNet-Version": [
          "4.0.30319"
        ],
        "X-Powered-By": [
          "ASP.NET"
        ],
        "x-ms-ratelimit-remaining-subscription-resource-requests": [
          "11998"
        ],
        "x-ms-correlation-request-id": [
          "d6a13395-9494-4547-b16b-9d606ac6b15f"
        ],
        "x-ms-routing-request-id": [
          "BRAZILUS:20190715T090713Z:d6a13395-9494-4547-b16b-9d606ac6b15f"
        ],
        "Date": [
          "Mon, 15 Jul 2019 09:07:12 GMT"
        ],
        "Content-Length": [
          "98"
        ],
        "Content-Type": [
          "application/json; charset=utf-8"
        ]
      },
      "ResponseBody": "{\r\n  \"code\": \"PreconditionFailed\",\r\n  \"message\": \"The Record set ps5583 has been modified (etag mismatch).\"\r\n}",
      "StatusCode": 412
    },
    {
      "RequestUri": "/subscriptions/947d47b4-7883-4bb9-9d85-c5e8e2f572ce/resourceGroups/ps7915/providers/Microsoft.Network/privateDnsZones/ps7941.pstest.test/AAAA/ps5583?api-version=2018-09-01",
      "EncodedRequestUri": "L3N1YnNjcmlwdGlvbnMvOTQ3ZDQ3YjQtNzg4My00YmI5LTlkODUtYzVlOGUyZjU3MmNlL3Jlc291cmNlR3JvdXBzL3BzNzkxNS9wcm92aWRlcnMvTWljcm9zb2Z0Lk5ldHdvcmsvcHJpdmF0ZURuc1pvbmVzL3BzNzk0MS5wc3Rlc3QudGVzdC9BQUFBL3BzNTU4Mz9hcGktdmVyc2lvbj0yMDE4LTA5LTAx",
      "RequestMethod": "PUT",
      "RequestBody": "{\r\n  \"properties\": {\r\n    \"ttl\": 100,\r\n    \"aaaaRecords\": []\r\n  }\r\n}",
      "RequestHeaders": {
        "x-ms-client-request-id": [
          "9bc4dd16-0113-46b5-9d6b-cf644633bc68"
        ],
        "If-Match": [
          "*"
        ],
        "Accept-Language": [
          "en-US"
        ],
        "User-Agent": [
          "FxVersion/4.6.27617.04",
          "OSName/Windows",
          "OSVersion/Microsoft.Windows.10.0.18362.",
          "Microsoft.Azure.Management.PrivateDns.PrivateDnsManagementClient/0.8.0.0"
        ],
        "Content-Type": [
          "application/json; charset=utf-8"
        ],
        "Content-Length": [
          "68"
        ]
      },
      "ResponseHeaders": {
        "Cache-Control": [
          "private"
        ],
        "ETag": [
          "34e98aae-3248-4c71-ac45-c4ec6b07fa8f"
        ],
        "X-Content-Type-Options": [
          "nosniff"
        ],
        "Strict-Transport-Security": [
          "max-age=31536000; includeSubDomains"
        ],
        "x-ms-request-id": [
          "9bc4dd16-0113-46b5-9d6b-cf644633bc68"
        ],
        "Server": [
          "Microsoft-IIS/10.0"
        ],
        "X-AspNet-Version": [
          "4.0.30319"
        ],
        "X-Powered-By": [
          "ASP.NET"
        ],
        "x-ms-ratelimit-remaining-subscription-resource-requests": [
          "11997"
        ],
        "x-ms-correlation-request-id": [
          "7fde9881-a0a0-438c-9633-25675570acb3"
        ],
        "x-ms-routing-request-id": [
          "BRAZILUS:20190715T090714Z:7fde9881-a0a0-438c-9633-25675570acb3"
        ],
        "Date": [
          "Mon, 15 Jul 2019 09:07:13 GMT"
        ],
        "Content-Length": [
          "382"
        ],
        "Content-Type": [
          "application/json; charset=utf-8"
        ]
      },
      "ResponseBody": "{\r\n  \"id\": \"/subscriptions/947d47b4-7883-4bb9-9d85-c5e8e2f572ce/resourceGroups/ps7915/providers/Microsoft.Network/privateDnsZones/ps7941.pstest.test/AAAA/ps5583\",\r\n  \"name\": \"ps5583\",\r\n  \"type\": \"Microsoft.Network/privateDnsZones/AAAA\",\r\n  \"etag\": \"34e98aae-3248-4c71-ac45-c4ec6b07fa8f\",\r\n  \"properties\": {\r\n    \"fqdn\": \"ps5583.ps7941.pstest.test.\",\r\n    \"ttl\": 100,\r\n    \"aaaaRecords\": [],\r\n    \"isAutoRegistered\": false\r\n  }\r\n}",
      "StatusCode": 200
    },
    {
      "RequestUri": "/subscriptions/947d47b4-7883-4bb9-9d85-c5e8e2f572ce/resourceGroups/ps7915/providers/Microsoft.Network/privateDnsZones/ps7941.pstest.test/AAAA/ps5583?api-version=2018-09-01",
      "EncodedRequestUri": "L3N1YnNjcmlwdGlvbnMvOTQ3ZDQ3YjQtNzg4My00YmI5LTlkODUtYzVlOGUyZjU3MmNlL3Jlc291cmNlR3JvdXBzL3BzNzkxNS9wcm92aWRlcnMvTWljcm9zb2Z0Lk5ldHdvcmsvcHJpdmF0ZURuc1pvbmVzL3BzNzk0MS5wc3Rlc3QudGVzdC9BQUFBL3BzNTU4Mz9hcGktdmVyc2lvbj0yMDE4LTA5LTAx",
      "RequestMethod": "GET",
      "RequestBody": "",
      "RequestHeaders": {
        "x-ms-client-request-id": [
          "94f23659-3e02-463f-8193-f0df1c0840c1"
        ],
        "Accept-Language": [
          "en-US"
        ],
        "User-Agent": [
          "FxVersion/4.6.27617.04",
          "OSName/Windows",
          "OSVersion/Microsoft.Windows.10.0.18362.",
          "Microsoft.Azure.Management.PrivateDns.PrivateDnsManagementClient/0.8.0.0"
        ]
      },
      "ResponseHeaders": {
        "Cache-Control": [
          "private"
        ],
        "ETag": [
          "fdb45f76-6d69-49c3-a4ad-5b4475e07a19"
        ],
        "X-Content-Type-Options": [
          "nosniff"
        ],
        "Strict-Transport-Security": [
          "max-age=31536000; includeSubDomains"
        ],
        "x-ms-request-id": [
          "94f23659-3e02-463f-8193-f0df1c0840c1"
        ],
        "Server": [
          "Microsoft-IIS/10.0"
        ],
        "X-AspNet-Version": [
          "4.0.30319"
        ],
        "X-Powered-By": [
          "ASP.NET"
        ],
        "x-ms-ratelimit-remaining-subscription-resource-requests": [
          "11999"
        ],
        "x-ms-correlation-request-id": [
          "7b3e93dd-0a79-47a1-a204-471fa0bb1110"
        ],
        "x-ms-routing-request-id": [
          "BRAZILUS:20190715T090713Z:7b3e93dd-0a79-47a1-a204-471fa0bb1110"
        ],
        "Date": [
          "Mon, 15 Jul 2019 09:07:12 GMT"
        ],
        "Content-Length": [
          "382"
        ],
        "Content-Type": [
          "application/json; charset=utf-8"
        ]
      },
      "ResponseBody": "{\r\n  \"id\": \"/subscriptions/947d47b4-7883-4bb9-9d85-c5e8e2f572ce/resourceGroups/ps7915/providers/Microsoft.Network/privateDnsZones/ps7941.pstest.test/AAAA/ps5583\",\r\n  \"name\": \"ps5583\",\r\n  \"type\": \"Microsoft.Network/privateDnsZones/AAAA\",\r\n  \"etag\": \"fdb45f76-6d69-49c3-a4ad-5b4475e07a19\",\r\n  \"properties\": {\r\n    \"fqdn\": \"ps5583.ps7941.pstest.test.\",\r\n    \"ttl\": 100,\r\n    \"aaaaRecords\": [],\r\n    \"isAutoRegistered\": false\r\n  }\r\n}",
      "StatusCode": 200
    },
    {
      "RequestUri": "/subscriptions/947d47b4-7883-4bb9-9d85-c5e8e2f572ce/resourceGroups/ps7915/providers/Microsoft.Network/privateDnsZones/ps7941.pstest.test/AAAA/ps5583?api-version=2018-09-01",
      "EncodedRequestUri": "L3N1YnNjcmlwdGlvbnMvOTQ3ZDQ3YjQtNzg4My00YmI5LTlkODUtYzVlOGUyZjU3MmNlL3Jlc291cmNlR3JvdXBzL3BzNzkxNS9wcm92aWRlcnMvTWljcm9zb2Z0Lk5ldHdvcmsvcHJpdmF0ZURuc1pvbmVzL3BzNzk0MS5wc3Rlc3QudGVzdC9BQUFBL3BzNTU4Mz9hcGktdmVyc2lvbj0yMDE4LTA5LTAx",
      "RequestMethod": "GET",
      "RequestBody": "",
      "RequestHeaders": {
        "x-ms-client-request-id": [
          "373793ae-878b-4e1f-9c1e-f0f3bf0767a9"
        ],
        "Accept-Language": [
          "en-US"
        ],
        "User-Agent": [
          "FxVersion/4.6.27617.04",
          "OSName/Windows",
          "OSVersion/Microsoft.Windows.10.0.18362.",
          "Microsoft.Azure.Management.PrivateDns.PrivateDnsManagementClient/0.8.0.0"
        ]
      },
      "ResponseHeaders": {
        "Cache-Control": [
          "private"
        ],
        "ETag": [
          "fdb45f76-6d69-49c3-a4ad-5b4475e07a19"
        ],
        "X-Content-Type-Options": [
          "nosniff"
        ],
        "Strict-Transport-Security": [
          "max-age=31536000; includeSubDomains"
        ],
        "x-ms-request-id": [
          "373793ae-878b-4e1f-9c1e-f0f3bf0767a9"
        ],
        "Server": [
          "Microsoft-IIS/10.0"
        ],
        "X-AspNet-Version": [
          "4.0.30319"
        ],
        "X-Powered-By": [
          "ASP.NET"
        ],
        "x-ms-ratelimit-remaining-subscription-resource-requests": [
          "11998"
        ],
        "x-ms-correlation-request-id": [
          "94d67057-350d-4c5d-89c2-a03e9927ecb7"
        ],
        "x-ms-routing-request-id": [
          "BRAZILUS:20190715T090713Z:94d67057-350d-4c5d-89c2-a03e9927ecb7"
        ],
        "Date": [
          "Mon, 15 Jul 2019 09:07:13 GMT"
        ],
        "Content-Length": [
          "382"
        ],
        "Content-Type": [
          "application/json; charset=utf-8"
        ]
      },
      "ResponseBody": "{\r\n  \"id\": \"/subscriptions/947d47b4-7883-4bb9-9d85-c5e8e2f572ce/resourceGroups/ps7915/providers/Microsoft.Network/privateDnsZones/ps7941.pstest.test/AAAA/ps5583\",\r\n  \"name\": \"ps5583\",\r\n  \"type\": \"Microsoft.Network/privateDnsZones/AAAA\",\r\n  \"etag\": \"fdb45f76-6d69-49c3-a4ad-5b4475e07a19\",\r\n  \"properties\": {\r\n    \"fqdn\": \"ps5583.ps7941.pstest.test.\",\r\n    \"ttl\": 100,\r\n    \"aaaaRecords\": [],\r\n    \"isAutoRegistered\": false\r\n  }\r\n}",
      "StatusCode": 200
    },
    {
      "RequestUri": "/subscriptions/947d47b4-7883-4bb9-9d85-c5e8e2f572ce/resourceGroups/ps7915/providers/Microsoft.Network/privateDnsZones/ps7941.pstest.test/AAAA/ps5583?api-version=2018-09-01",
      "EncodedRequestUri": "L3N1YnNjcmlwdGlvbnMvOTQ3ZDQ3YjQtNzg4My00YmI5LTlkODUtYzVlOGUyZjU3MmNlL3Jlc291cmNlR3JvdXBzL3BzNzkxNS9wcm92aWRlcnMvTWljcm9zb2Z0Lk5ldHdvcmsvcHJpdmF0ZURuc1pvbmVzL3BzNzk0MS5wc3Rlc3QudGVzdC9BQUFBL3BzNTU4Mz9hcGktdmVyc2lvbj0yMDE4LTA5LTAx",
      "RequestMethod": "DELETE",
      "RequestBody": "",
      "RequestHeaders": {
        "x-ms-client-request-id": [
          "e40204f6-dd59-4501-827f-da37b4e4e277"
        ],
        "If-Match": [
          "gibberish"
        ],
        "Accept-Language": [
          "en-US"
        ],
        "User-Agent": [
          "FxVersion/4.6.27617.04",
          "OSName/Windows",
          "OSVersion/Microsoft.Windows.10.0.18362.",
          "Microsoft.Azure.Management.PrivateDns.PrivateDnsManagementClient/0.8.0.0"
        ]
      },
      "ResponseHeaders": {
        "Cache-Control": [
          "private"
        ],
        "X-Content-Type-Options": [
          "nosniff"
        ],
        "Strict-Transport-Security": [
          "max-age=31536000; includeSubDomains"
        ],
        "x-ms-request-id": [
          "e40204f6-dd59-4501-827f-da37b4e4e277"
        ],
        "Server": [
          "Microsoft-IIS/10.0"
        ],
        "X-AspNet-Version": [
          "4.0.30319"
        ],
        "X-Powered-By": [
          "ASP.NET"
        ],
        "x-ms-ratelimit-remaining-subscription-resource-requests": [
          "11999"
        ],
        "x-ms-correlation-request-id": [
          "c0ee06eb-749a-4909-969e-31bb24d33a2d"
        ],
        "x-ms-routing-request-id": [
          "BRAZILUS:20190715T090714Z:c0ee06eb-749a-4909-969e-31bb24d33a2d"
        ],
        "Date": [
          "Mon, 15 Jul 2019 09:07:13 GMT"
        ],
        "Content-Length": [
          "98"
        ],
        "Content-Type": [
          "application/json; charset=utf-8"
        ]
      },
      "ResponseBody": "{\r\n  \"code\": \"PreconditionFailed\",\r\n  \"message\": \"The Record set ps5583 has been modified (etag mismatch).\"\r\n}",
      "StatusCode": 412
    },
    {
      "RequestUri": "/subscriptions/947d47b4-7883-4bb9-9d85-c5e8e2f572ce/resourceGroups/ps7915/providers/Microsoft.Network/privateDnsZones/ps7941.pstest.test/AAAA/ps5583?api-version=2018-09-01",
      "EncodedRequestUri": "L3N1YnNjcmlwdGlvbnMvOTQ3ZDQ3YjQtNzg4My00YmI5LTlkODUtYzVlOGUyZjU3MmNlL3Jlc291cmNlR3JvdXBzL3BzNzkxNS9wcm92aWRlcnMvTWljcm9zb2Z0Lk5ldHdvcmsvcHJpdmF0ZURuc1pvbmVzL3BzNzk0MS5wc3Rlc3QudGVzdC9BQUFBL3BzNTU4Mz9hcGktdmVyc2lvbj0yMDE4LTA5LTAx",
      "RequestMethod": "DELETE",
      "RequestBody": "",
      "RequestHeaders": {
        "x-ms-client-request-id": [
          "7be63902-8e2e-4f23-9931-a8a2306d6ace"
        ],
        "If-Match": [
          "*"
        ],
        "Accept-Language": [
          "en-US"
        ],
        "User-Agent": [
          "FxVersion/4.6.27617.04",
          "OSName/Windows",
          "OSVersion/Microsoft.Windows.10.0.18362.",
          "Microsoft.Azure.Management.PrivateDns.PrivateDnsManagementClient/0.8.0.0"
        ]
      },
      "ResponseHeaders": {
        "Cache-Control": [
          "private"
        ],
        "X-Content-Type-Options": [
          "nosniff"
        ],
        "Strict-Transport-Security": [
          "max-age=31536000; includeSubDomains"
        ],
        "x-ms-request-id": [
          "7be63902-8e2e-4f23-9931-a8a2306d6ace"
        ],
        "Server": [
          "Microsoft-IIS/10.0"
        ],
        "X-AspNet-Version": [
          "4.0.30319"
        ],
        "X-Powered-By": [
          "ASP.NET"
        ],
        "x-ms-ratelimit-remaining-subscription-resource-requests": [
          "11998"
        ],
        "x-ms-correlation-request-id": [
          "8efcc076-c029-4d83-a232-ba5fb1b3d001"
        ],
        "x-ms-routing-request-id": [
          "BRAZILUS:20190715T090715Z:8efcc076-c029-4d83-a232-ba5fb1b3d001"
        ],
        "Date": [
          "Mon, 15 Jul 2019 09:07:15 GMT"
        ],
        "Content-Length": [
          "0"
        ]
      },
      "ResponseBody": "",
      "StatusCode": 200
    },
    {
      "RequestUri": "/subscriptions/947d47b4-7883-4bb9-9d85-c5e8e2f572ce/resourceGroups/ps7915/providers/Microsoft.Network/privateDnsZones/ps7941.pstest.test?api-version=2018-09-01",
      "EncodedRequestUri": "L3N1YnNjcmlwdGlvbnMvOTQ3ZDQ3YjQtNzg4My00YmI5LTlkODUtYzVlOGUyZjU3MmNlL3Jlc291cmNlR3JvdXBzL3BzNzkxNS9wcm92aWRlcnMvTWljcm9zb2Z0Lk5ldHdvcmsvcHJpdmF0ZURuc1pvbmVzL3BzNzk0MS5wc3Rlc3QudGVzdD9hcGktdmVyc2lvbj0yMDE4LTA5LTAx",
      "RequestMethod": "DELETE",
      "RequestBody": "",
      "RequestHeaders": {
        "x-ms-client-request-id": [
          "736905fb-53b8-4531-b199-cdcbfe7f3bdd"
        ],
        "If-Match": [
          "*"
        ],
        "Accept-Language": [
          "en-US"
        ],
        "User-Agent": [
          "FxVersion/4.6.27617.04",
          "OSName/Windows",
          "OSVersion/Microsoft.Windows.10.0.18362.",
          "Microsoft.Azure.Management.PrivateDns.PrivateDnsManagementClient/0.8.0.0"
        ]
      },
      "ResponseHeaders": {
        "Cache-Control": [
          "private"
        ],
        "Location": [
          "https://brazilus.management.azure.com/subscriptions/947d47b4-7883-4bb9-9d85-c5e8e2f572ce/resourceGroups/ps7915/providers/Microsoft.Network/privateDnsOperationResults/RnJvbnRFbmRBc3luY09wZXJhdGlvbjtEZWxldGVQcml2YXRlRG5zWm9uZTs4MDBjMjdmOC02NzQ0LTQ5ZjItYmQxMS1lZTgyOGM1N2ZmMTE=?api-version=2018-09-01"
        ],
        "Retry-After": [
          "10"
        ],
        "X-Content-Type-Options": [
          "nosniff"
        ],
        "Strict-Transport-Security": [
          "max-age=31536000; includeSubDomains"
        ],
        "Azure-AsyncOperation": [
          "https://brazilus.management.azure.com:443/subscriptions/947d47b4-7883-4bb9-9d85-c5e8e2f572ce/resourceGroups/ps7915/providers/Microsoft.Network/privateDnsOperationStatuses/RnJvbnRFbmRBc3luY09wZXJhdGlvbjtEZWxldGVQcml2YXRlRG5zWm9uZTs4MDBjMjdmOC02NzQ0LTQ5ZjItYmQxMS1lZTgyOGM1N2ZmMTE=?api-version=2018-09-01"
        ],
        "x-ms-request-id": [
          "736905fb-53b8-4531-b199-cdcbfe7f3bdd"
        ],
        "Server": [
          "Microsoft-IIS/10.0"
        ],
        "X-AspNet-Version": [
          "4.0.30319"
        ],
        "X-Powered-By": [
          "ASP.NET"
        ],
        "x-ms-ratelimit-remaining-subscription-resource-requests": [
          "11998"
        ],
        "x-ms-correlation-request-id": [
          "9455f195-855e-4d7f-94a9-01c37303a389"
        ],
        "x-ms-routing-request-id": [
          "BRAZILUS:20190715T090716Z:9455f195-855e-4d7f-94a9-01c37303a389"
        ],
        "Date": [
          "Mon, 15 Jul 2019 09:07:16 GMT"
        ],
        "Content-Length": [
          "0"
        ]
      },
      "ResponseBody": "",
      "StatusCode": 202
    },
    {
      "RequestUri": "/subscriptions/947d47b4-7883-4bb9-9d85-c5e8e2f572ce/resourceGroups/ps7915/providers/Microsoft.Network/privateDnsOperationStatuses/RnJvbnRFbmRBc3luY09wZXJhdGlvbjtEZWxldGVQcml2YXRlRG5zWm9uZTs4MDBjMjdmOC02NzQ0LTQ5ZjItYmQxMS1lZTgyOGM1N2ZmMTE=?api-version=2018-09-01",
      "EncodedRequestUri": "L3N1YnNjcmlwdGlvbnMvOTQ3ZDQ3YjQtNzg4My00YmI5LTlkODUtYzVlOGUyZjU3MmNlL3Jlc291cmNlR3JvdXBzL3BzNzkxNS9wcm92aWRlcnMvTWljcm9zb2Z0Lk5ldHdvcmsvcHJpdmF0ZURuc09wZXJhdGlvblN0YXR1c2VzL1JuSnZiblJGYm1SQmMzbHVZMDl3WlhKaGRHbHZianRFWld4bGRHVlFjbWwyWVhSbFJHNXpXbTl1WlRzNE1EQmpNamRtT0MwMk56UTBMVFE1WmpJdFltUXhNUzFsWlRneU9HTTFOMlptTVRFPT9hcGktdmVyc2lvbj0yMDE4LTA5LTAx",
      "RequestMethod": "GET",
      "RequestBody": "",
      "RequestHeaders": {
        "User-Agent": [
          "FxVersion/4.6.27617.04",
          "OSName/Windows",
          "OSVersion/Microsoft.Windows.10.0.18362.",
          "Microsoft.Azure.Management.PrivateDns.PrivateDnsManagementClient/0.8.0.0"
        ]
      },
      "ResponseHeaders": {
        "Cache-Control": [
          "private"
        ],
        "Location": [
          "https://brazilus.management.azure.com/subscriptions/947d47b4-7883-4bb9-9d85-c5e8e2f572ce/resourceGroups/ps7915/providers/Microsoft.Network/privateDnsOperationResults/RnJvbnRFbmRBc3luY09wZXJhdGlvbjtEZWxldGVQcml2YXRlRG5zWm9uZTs4MDBjMjdmOC02NzQ0LTQ5ZjItYmQxMS1lZTgyOGM1N2ZmMTE=?api-version=2018-09-01"
        ],
        "Retry-After": [
          "10"
        ],
        "X-Content-Type-Options": [
          "nosniff"
        ],
        "Strict-Transport-Security": [
          "max-age=31536000; includeSubDomains"
        ],
        "Azure-AsyncOperation": [
          "https://brazilus.management.azure.com:443/subscriptions/947d47b4-7883-4bb9-9d85-c5e8e2f572ce/resourceGroups/ps7915/providers/Microsoft.Network/privateDnsOperationStatuses/RnJvbnRFbmRBc3luY09wZXJhdGlvbjtEZWxldGVQcml2YXRlRG5zWm9uZTs4MDBjMjdmOC02NzQ0LTQ5ZjItYmQxMS1lZTgyOGM1N2ZmMTE=?api-version=2018-09-01"
        ],
        "x-ms-request-id": [
          "a1fdd0bf-7826-45d2-9057-bc744739c56f"
        ],
        "Server": [
          "Microsoft-IIS/10.0"
        ],
        "X-AspNet-Version": [
          "4.0.30319"
        ],
        "X-Powered-By": [
          "ASP.NET"
        ],
        "x-ms-ratelimit-remaining-subscription-resource-requests": [
          "11994"
        ],
        "x-ms-correlation-request-id": [
          "4578f1ed-712d-4173-9166-1985c36237ce"
        ],
        "x-ms-routing-request-id": [
          "BRAZILUS:20190715T090727Z:4578f1ed-712d-4173-9166-1985c36237ce"
        ],
        "Date": [
          "Mon, 15 Jul 2019 09:07:26 GMT"
        ],
        "Content-Length": [
          "23"
        ],
        "Content-Type": [
          "application/json; charset=utf-8"
        ]
      },
      "ResponseBody": "{\r\n  \"status\": \"InProgress\"\r\n}",
      "StatusCode": 202
    },
    {
      "RequestUri": "/subscriptions/947d47b4-7883-4bb9-9d85-c5e8e2f572ce/resourceGroups/ps7915/providers/Microsoft.Network/privateDnsOperationStatuses/RnJvbnRFbmRBc3luY09wZXJhdGlvbjtEZWxldGVQcml2YXRlRG5zWm9uZTs4MDBjMjdmOC02NzQ0LTQ5ZjItYmQxMS1lZTgyOGM1N2ZmMTE=?api-version=2018-09-01",
      "EncodedRequestUri": "L3N1YnNjcmlwdGlvbnMvOTQ3ZDQ3YjQtNzg4My00YmI5LTlkODUtYzVlOGUyZjU3MmNlL3Jlc291cmNlR3JvdXBzL3BzNzkxNS9wcm92aWRlcnMvTWljcm9zb2Z0Lk5ldHdvcmsvcHJpdmF0ZURuc09wZXJhdGlvblN0YXR1c2VzL1JuSnZiblJGYm1SQmMzbHVZMDl3WlhKaGRHbHZianRFWld4bGRHVlFjbWwyWVhSbFJHNXpXbTl1WlRzNE1EQmpNamRtT0MwMk56UTBMVFE1WmpJdFltUXhNUzFsWlRneU9HTTFOMlptTVRFPT9hcGktdmVyc2lvbj0yMDE4LTA5LTAx",
      "RequestMethod": "GET",
      "RequestBody": "",
      "RequestHeaders": {
        "User-Agent": [
          "FxVersion/4.6.27617.04",
          "OSName/Windows",
          "OSVersion/Microsoft.Windows.10.0.18362.",
          "Microsoft.Azure.Management.PrivateDns.PrivateDnsManagementClient/0.8.0.0"
        ]
      },
      "ResponseHeaders": {
        "Cache-Control": [
          "private"
        ],
        "X-Content-Type-Options": [
          "nosniff"
        ],
        "Strict-Transport-Security": [
          "max-age=31536000; includeSubDomains"
        ],
        "x-ms-request-id": [
          "539df4a8-a906-488c-ba00-e91291c36b19"
        ],
        "Server": [
          "Microsoft-IIS/10.0"
        ],
        "X-AspNet-Version": [
          "4.0.30319"
        ],
        "X-Powered-By": [
          "ASP.NET"
        ],
        "x-ms-ratelimit-remaining-subscription-resource-requests": [
          "11993"
        ],
        "x-ms-correlation-request-id": [
          "be32c0fd-e312-4017-b9f0-f000a85c4571"
        ],
        "x-ms-routing-request-id": [
          "BRAZILUS:20190715T090737Z:be32c0fd-e312-4017-b9f0-f000a85c4571"
        ],
        "Date": [
          "Mon, 15 Jul 2019 09:07:37 GMT"
        ],
        "Content-Length": [
          "22"
        ],
        "Content-Type": [
          "application/json; charset=utf-8"
        ]
      },
      "ResponseBody": "{\r\n  \"status\": \"Succeeded\"\r\n}",
      "StatusCode": 200
    },
    {
      "RequestUri": "/subscriptions/947d47b4-7883-4bb9-9d85-c5e8e2f572ce/resourceGroups/ps7915/providers/Microsoft.Network/privateDnsOperationResults/RnJvbnRFbmRBc3luY09wZXJhdGlvbjtEZWxldGVQcml2YXRlRG5zWm9uZTs4MDBjMjdmOC02NzQ0LTQ5ZjItYmQxMS1lZTgyOGM1N2ZmMTE=?api-version=2018-09-01",
      "EncodedRequestUri": "L3N1YnNjcmlwdGlvbnMvOTQ3ZDQ3YjQtNzg4My00YmI5LTlkODUtYzVlOGUyZjU3MmNlL3Jlc291cmNlR3JvdXBzL3BzNzkxNS9wcm92aWRlcnMvTWljcm9zb2Z0Lk5ldHdvcmsvcHJpdmF0ZURuc09wZXJhdGlvblJlc3VsdHMvUm5KdmJuUkZibVJCYzNsdVkwOXdaWEpoZEdsdmJqdEVaV3hsZEdWUWNtbDJZWFJsUkc1eldtOXVaVHM0TURCak1qZG1PQzAyTnpRMExUUTVaakl0WW1ReE1TMWxaVGd5T0dNMU4yWm1NVEU9P2FwaS12ZXJzaW9uPTIwMTgtMDktMDE=",
      "RequestMethod": "GET",
      "RequestBody": "",
      "RequestHeaders": {
        "User-Agent": [
          "FxVersion/4.6.27617.04",
          "OSName/Windows",
          "OSVersion/Microsoft.Windows.10.0.18362.",
          "Microsoft.Azure.Management.PrivateDns.PrivateDnsManagementClient/0.8.0.0"
        ]
      },
      "ResponseHeaders": {
        "Cache-Control": [
          "private"
        ],
        "X-Content-Type-Options": [
          "nosniff"
        ],
        "Strict-Transport-Security": [
          "max-age=31536000; includeSubDomains"
        ],
        "x-ms-request-id": [
          "fbfa6a82-6d16-48c5-831f-ece07582ae7a"
        ],
        "Server": [
          "Microsoft-IIS/10.0"
        ],
        "X-AspNet-Version": [
          "4.0.30319"
        ],
        "X-Powered-By": [
          "ASP.NET"
        ],
        "x-ms-ratelimit-remaining-subscription-resource-requests": [
          "11998"
        ],
        "x-ms-correlation-request-id": [
          "d9d86f5c-fa42-4141-ad3f-e061b02cafa1"
        ],
        "x-ms-routing-request-id": [
          "BRAZILUS:20190715T090737Z:d9d86f5c-fa42-4141-ad3f-e061b02cafa1"
        ],
        "Date": [
          "Mon, 15 Jul 2019 09:07:37 GMT"
        ],
        "Content-Length": [
          "2"
        ],
        "Content-Type": [
          "application/json; charset=utf-8"
        ]
      },
      "ResponseBody": "{}",
      "StatusCode": 200
    },
    {
      "RequestUri": "/subscriptions/947d47b4-7883-4bb9-9d85-c5e8e2f572ce/resourcegroups/ps7915?api-version=2016-09-01",
      "EncodedRequestUri": "L3N1YnNjcmlwdGlvbnMvOTQ3ZDQ3YjQtNzg4My00YmI5LTlkODUtYzVlOGUyZjU3MmNlL3Jlc291cmNlZ3JvdXBzL3BzNzkxNT9hcGktdmVyc2lvbj0yMDE2LTA5LTAx",
      "RequestMethod": "DELETE",
      "RequestBody": "",
      "RequestHeaders": {
        "x-ms-client-request-id": [
          "5ed5028b-76b6-40ad-a34f-ecd188575c72"
        ],
        "Accept-Language": [
          "en-US"
        ],
        "User-Agent": [
          "FxVersion/4.6.27617.04",
          "OSName/Windows",
          "OSVersion/Microsoft.Windows.10.0.18362.",
          "Microsoft.Azure.Management.Internal.Resources.ResourceManagementClient/1.3.1"
        ]
      },
      "ResponseHeaders": {
        "Cache-Control": [
          "no-cache"
        ],
        "Pragma": [
          "no-cache"
        ],
        "Location": [
          "https://brazilus.management.azure.com/subscriptions/947d47b4-7883-4bb9-9d85-c5e8e2f572ce/operationresults/eyJqb2JJZCI6IlJFU09VUkNFR1JPVVBERUxFVElPTkpPQi1QUzc5MTUtV0VTVFVTIiwiam9iTG9jYXRpb24iOiJ3ZXN0dXMifQ?api-version=2016-09-01"
        ],
        "Retry-After": [
          "15"
        ],
        "x-ms-ratelimit-remaining-subscription-deletes": [
          "14962"
        ],
        "x-ms-request-id": [
          "95e90a56-844f-4d3f-8708-0703d705bbcf"
        ],
        "x-ms-correlation-request-id": [
          "95e90a56-844f-4d3f-8708-0703d705bbcf"
        ],
        "x-ms-routing-request-id": [
          "BRAZILUS:20190715T090738Z:95e90a56-844f-4d3f-8708-0703d705bbcf"
        ],
        "Strict-Transport-Security": [
          "max-age=31536000; includeSubDomains"
        ],
        "X-Content-Type-Options": [
          "nosniff"
        ],
        "Date": [
          "Mon, 15 Jul 2019 09:07:38 GMT"
        ],
        "Expires": [
          "-1"
        ],
        "Content-Length": [
          "0"
        ]
      },
      "ResponseBody": "",
      "StatusCode": 202
    },
    {
      "RequestUri": "/subscriptions/947d47b4-7883-4bb9-9d85-c5e8e2f572ce/operationresults/eyJqb2JJZCI6IlJFU09VUkNFR1JPVVBERUxFVElPTkpPQi1QUzc5MTUtV0VTVFVTIiwiam9iTG9jYXRpb24iOiJ3ZXN0dXMifQ?api-version=2016-09-01",
      "EncodedRequestUri": "L3N1YnNjcmlwdGlvbnMvOTQ3ZDQ3YjQtNzg4My00YmI5LTlkODUtYzVlOGUyZjU3MmNlL29wZXJhdGlvbnJlc3VsdHMvZXlKcWIySkpaQ0k2SWxKRlUwOVZVa05GUjFKUFZWQkVSVXhGVkVsUFRrcFBRaTFRVXpjNU1UVXRWMFZUVkZWVElpd2lhbTlpVEc5allYUnBiMjRpT2lKM1pYTjBkWE1pZlE/YXBpLXZlcnNpb249MjAxNi0wOS0wMQ==",
      "RequestMethod": "GET",
      "RequestBody": "",
      "RequestHeaders": {
        "User-Agent": [
          "FxVersion/4.6.27617.04",
          "OSName/Windows",
          "OSVersion/Microsoft.Windows.10.0.18362.",
          "Microsoft.Azure.Management.Internal.Resources.ResourceManagementClient/1.3.1"
        ]
      },
      "ResponseHeaders": {
        "Cache-Control": [
          "no-cache"
        ],
        "Pragma": [
          "no-cache"
        ],
        "Location": [
          "https://brazilus.management.azure.com/subscriptions/947d47b4-7883-4bb9-9d85-c5e8e2f572ce/operationresults/eyJqb2JJZCI6IlJFU09VUkNFR1JPVVBERUxFVElPTkpPQi1QUzc5MTUtV0VTVFVTIiwiam9iTG9jYXRpb24iOiJ3ZXN0dXMifQ?api-version=2016-09-01"
        ],
        "Retry-After": [
          "15"
        ],
        "x-ms-ratelimit-remaining-subscription-reads": [
          "11762"
        ],
        "x-ms-request-id": [
          "46a1e00c-c828-43c1-8b6e-42bb64791dc6"
        ],
        "x-ms-correlation-request-id": [
          "46a1e00c-c828-43c1-8b6e-42bb64791dc6"
        ],
        "x-ms-routing-request-id": [
          "BRAZILUS:20190715T090753Z:46a1e00c-c828-43c1-8b6e-42bb64791dc6"
        ],
        "Strict-Transport-Security": [
          "max-age=31536000; includeSubDomains"
        ],
        "X-Content-Type-Options": [
          "nosniff"
        ],
        "Date": [
          "Mon, 15 Jul 2019 09:07:53 GMT"
        ],
        "Expires": [
          "-1"
        ],
        "Content-Length": [
          "0"
        ]
      },
      "ResponseBody": "",
      "StatusCode": 202
    },
    {
      "RequestUri": "/subscriptions/947d47b4-7883-4bb9-9d85-c5e8e2f572ce/operationresults/eyJqb2JJZCI6IlJFU09VUkNFR1JPVVBERUxFVElPTkpPQi1QUzc5MTUtV0VTVFVTIiwiam9iTG9jYXRpb24iOiJ3ZXN0dXMifQ?api-version=2016-09-01",
      "EncodedRequestUri": "L3N1YnNjcmlwdGlvbnMvOTQ3ZDQ3YjQtNzg4My00YmI5LTlkODUtYzVlOGUyZjU3MmNlL29wZXJhdGlvbnJlc3VsdHMvZXlKcWIySkpaQ0k2SWxKRlUwOVZVa05GUjFKUFZWQkVSVXhGVkVsUFRrcFBRaTFRVXpjNU1UVXRWMFZUVkZWVElpd2lhbTlpVEc5allYUnBiMjRpT2lKM1pYTjBkWE1pZlE/YXBpLXZlcnNpb249MjAxNi0wOS0wMQ==",
      "RequestMethod": "GET",
      "RequestBody": "",
      "RequestHeaders": {
        "User-Agent": [
          "FxVersion/4.6.27617.04",
          "OSName/Windows",
          "OSVersion/Microsoft.Windows.10.0.18362.",
          "Microsoft.Azure.Management.Internal.Resources.ResourceManagementClient/1.3.1"
        ]
      },
      "ResponseHeaders": {
        "Cache-Control": [
          "no-cache"
        ],
        "Pragma": [
          "no-cache"
        ],
        "Location": [
          "https://brazilus.management.azure.com/subscriptions/947d47b4-7883-4bb9-9d85-c5e8e2f572ce/operationresults/eyJqb2JJZCI6IlJFU09VUkNFR1JPVVBERUxFVElPTkpPQi1QUzc5MTUtV0VTVFVTIiwiam9iTG9jYXRpb24iOiJ3ZXN0dXMifQ?api-version=2016-09-01"
        ],
        "Retry-After": [
          "15"
        ],
        "x-ms-ratelimit-remaining-subscription-reads": [
          "11761"
        ],
        "x-ms-request-id": [
          "aec578d3-51c5-446c-a02a-f2215ff6ba18"
        ],
        "x-ms-correlation-request-id": [
          "aec578d3-51c5-446c-a02a-f2215ff6ba18"
        ],
        "x-ms-routing-request-id": [
          "BRAZILUS:20190715T090809Z:aec578d3-51c5-446c-a02a-f2215ff6ba18"
        ],
        "Strict-Transport-Security": [
          "max-age=31536000; includeSubDomains"
        ],
        "X-Content-Type-Options": [
          "nosniff"
        ],
        "Date": [
          "Mon, 15 Jul 2019 09:08:08 GMT"
        ],
        "Expires": [
          "-1"
        ],
        "Content-Length": [
          "0"
        ]
      },
      "ResponseBody": "",
      "StatusCode": 202
    },
    {
      "RequestUri": "/subscriptions/947d47b4-7883-4bb9-9d85-c5e8e2f572ce/operationresults/eyJqb2JJZCI6IlJFU09VUkNFR1JPVVBERUxFVElPTkpPQi1QUzc5MTUtV0VTVFVTIiwiam9iTG9jYXRpb24iOiJ3ZXN0dXMifQ?api-version=2016-09-01",
      "EncodedRequestUri": "L3N1YnNjcmlwdGlvbnMvOTQ3ZDQ3YjQtNzg4My00YmI5LTlkODUtYzVlOGUyZjU3MmNlL29wZXJhdGlvbnJlc3VsdHMvZXlKcWIySkpaQ0k2SWxKRlUwOVZVa05GUjFKUFZWQkVSVXhGVkVsUFRrcFBRaTFRVXpjNU1UVXRWMFZUVkZWVElpd2lhbTlpVEc5allYUnBiMjRpT2lKM1pYTjBkWE1pZlE/YXBpLXZlcnNpb249MjAxNi0wOS0wMQ==",
      "RequestMethod": "GET",
      "RequestBody": "",
      "RequestHeaders": {
        "User-Agent": [
          "FxVersion/4.6.27617.04",
          "OSName/Windows",
          "OSVersion/Microsoft.Windows.10.0.18362.",
          "Microsoft.Azure.Management.Internal.Resources.ResourceManagementClient/1.3.1"
        ]
      },
      "ResponseHeaders": {
        "Cache-Control": [
          "no-cache"
        ],
        "Pragma": [
          "no-cache"
        ],
        "x-ms-ratelimit-remaining-subscription-reads": [
          "11760"
        ],
        "x-ms-request-id": [
          "5b8223bd-1b17-4ede-81ce-4f9ebf919a53"
        ],
        "x-ms-correlation-request-id": [
          "5b8223bd-1b17-4ede-81ce-4f9ebf919a53"
        ],
        "x-ms-routing-request-id": [
          "BRAZILUS:20190715T090824Z:5b8223bd-1b17-4ede-81ce-4f9ebf919a53"
        ],
        "Strict-Transport-Security": [
          "max-age=31536000; includeSubDomains"
        ],
        "X-Content-Type-Options": [
          "nosniff"
        ],
        "Date": [
          "Mon, 15 Jul 2019 09:08:24 GMT"
        ],
        "Expires": [
          "-1"
        ],
        "Content-Length": [
          "0"
        ]
      },
      "ResponseBody": "",
      "StatusCode": 200
    },
    {
      "RequestUri": "/subscriptions/947d47b4-7883-4bb9-9d85-c5e8e2f572ce/operationresults/eyJqb2JJZCI6IlJFU09VUkNFR1JPVVBERUxFVElPTkpPQi1QUzc5MTUtV0VTVFVTIiwiam9iTG9jYXRpb24iOiJ3ZXN0dXMifQ?api-version=2016-09-01",
      "EncodedRequestUri": "L3N1YnNjcmlwdGlvbnMvOTQ3ZDQ3YjQtNzg4My00YmI5LTlkODUtYzVlOGUyZjU3MmNlL29wZXJhdGlvbnJlc3VsdHMvZXlKcWIySkpaQ0k2SWxKRlUwOVZVa05GUjFKUFZWQkVSVXhGVkVsUFRrcFBRaTFRVXpjNU1UVXRWMFZUVkZWVElpd2lhbTlpVEc5allYUnBiMjRpT2lKM1pYTjBkWE1pZlE/YXBpLXZlcnNpb249MjAxNi0wOS0wMQ==",
      "RequestMethod": "GET",
      "RequestBody": "",
      "RequestHeaders": {
        "User-Agent": [
          "FxVersion/4.6.27617.04",
          "OSName/Windows",
          "OSVersion/Microsoft.Windows.10.0.18362.",
          "Microsoft.Azure.Management.Internal.Resources.ResourceManagementClient/1.3.1"
        ]
      },
      "ResponseHeaders": {
        "Cache-Control": [
          "no-cache"
        ],
        "Pragma": [
          "no-cache"
        ],
        "x-ms-ratelimit-remaining-subscription-reads": [
          "11759"
        ],
        "x-ms-request-id": [
          "d38f31d1-55cf-45a0-8b61-ba5f19cdb414"
        ],
        "x-ms-correlation-request-id": [
          "d38f31d1-55cf-45a0-8b61-ba5f19cdb414"
        ],
        "x-ms-routing-request-id": [
          "BRAZILUS:20190715T090824Z:d38f31d1-55cf-45a0-8b61-ba5f19cdb414"
        ],
        "Strict-Transport-Security": [
          "max-age=31536000; includeSubDomains"
        ],
        "X-Content-Type-Options": [
          "nosniff"
        ],
        "Date": [
          "Mon, 15 Jul 2019 09:08:24 GMT"
        ],
        "Expires": [
          "-1"
        ],
        "Content-Length": [
          "0"
        ]
      },
      "ResponseBody": "",
      "StatusCode": 200
    }
  ],
  "Names": {
    "Test-RecordSetEtagMismatch": [
      "ps7941",
      "ps5583",
      "ps7915"
    ]
  },
  "Variables": {
    "SubscriptionId": "947d47b4-7883-4bb9-9d85-c5e8e2f572ce"
  }
}