{
  "Entries": [
    {
      "RequestUri": "/subscriptions/876407bb-5bd3-45c4-9c07-cd74a964b2fc/resourcegroups/onesdk1276?api-version=2016-02-01",
      "EncodedRequestUri": "L3N1YnNjcmlwdGlvbnMvODc2NDA3YmItNWJkMy00NWM0LTljMDctY2Q3NGE5NjRiMmZjL3Jlc291cmNlZ3JvdXBzL29uZXNkazEyNzY/YXBpLXZlcnNpb249MjAxNi0wMi0wMQ==",
      "RequestMethod": "PUT",
      "RequestBody": "{\r\n  \"location\": \"West Europe\"\r\n}",
      "RequestHeaders": {
        "Content-Type": [
          "application/json; charset=utf-8"
        ],
        "Content-Length": [
          "33"
        ],
        "User-Agent": [
          "Microsoft.Azure.Management.Resources.ResourceManagementClient/2.0.0.0"
        ]
      },
      "ResponseBody": "{\r\n  \"id\": \"/subscriptions/876407bb-5bd3-45c4-9c07-cd74a964b2fc/resourceGroups/onesdk1276\",\r\n  \"name\": \"onesdk1276\",\r\n  \"location\": \"westeurope\",\r\n  \"properties\": {\r\n    \"provisioningState\": \"Succeeded\"\r\n  }\r\n}",
      "ResponseHeaders": {
        "Content-Length": [
          "177"
        ],
        "Content-Type": [
          "application/json; charset=utf-8"
        ],
        "Expires": [
          "-1"
        ],
        "Pragma": [
          "no-cache"
        ],
        "x-ms-ratelimit-remaining-subscription-writes": [
          "1094"
        ],
        "x-ms-request-id": [
          "ec3a74f0-a54b-4f4a-a466-f18a029b56be"
        ],
        "x-ms-correlation-request-id": [
          "ec3a74f0-a54b-4f4a-a466-f18a029b56be"
        ],
        "x-ms-routing-request-id": [
          "CENTRALUS:20170915T043755Z:ec3a74f0-a54b-4f4a-a466-f18a029b56be"
        ],
        "Strict-Transport-Security": [
          "max-age=31536000; includeSubDomains"
        ],
        "Cache-Control": [
          "no-cache"
        ],
        "Date": [
          "Fri, 15 Sep 2017 04:37:54 GMT"
        ]
      },
      "StatusCode": 201
    },
    {
      "RequestUri": "/subscriptions/876407bb-5bd3-45c4-9c07-cd74a964b2fc/resourceGroups/onesdk1276/providers/Microsoft.DataFactory/factories/onesdk8743?api-version=2017-09-01-preview",
      "EncodedRequestUri": "L3N1YnNjcmlwdGlvbnMvODc2NDA3YmItNWJkMy00NWM0LTljMDctY2Q3NGE5NjRiMmZjL3Jlc291cmNlR3JvdXBzL29uZXNkazEyNzYvcHJvdmlkZXJzL01pY3Jvc29mdC5EYXRhRmFjdG9yeS9mYWN0b3JpZXMvb25lc2RrODc0Mz9hcGktdmVyc2lvbj0yMDE3LTA5LTAxLXByZXZpZXc=",
      "RequestMethod": "PUT",
      "RequestBody": "{\r\n  \"identity\": {\r\n    \"type\": \"SystemAssigned\"\r\n  },\r\n  \"location\": \"West Europe\",\r\n  \"tags\": {}\r\n}",
      "RequestHeaders": {
        "Content-Type": [
          "application/json; charset=utf-8"
        ],
        "Content-Length": [
          "101"
        ],
        "x-ms-client-request-id": [
          "c911cb8a-22e4-4573-9e3f-90b84ccbad09"
        ],
        "accept-language": [
          "en-US"
        ],
        "User-Agent": [
          "FxVersion/4.7.2102.0",
          "OSName/Windows10Enterprise",
          "OSVersion/6.3.15063",
          "Microsoft.Azure.Management.DataFactory.DataFactoryManagementClient/0.1.0.0"
        ]
      },
      "ResponseBody": "{\r\n  \"name\": \"onesdk8743\",\r\n  \"tags\": {},\r\n  \"properties\": {\r\n    \"provisioningState\": \"Succeeded\",\r\n    \"loggingStorageAccountKey\": \"**********\",\r\n    \"createTime\": \"2017-09-15T04:38:00.9931366Z\",\r\n    \"version\": \"2017-09-01-preview\"\r\n  },\r\n  \"identity\": {\r\n    \"type\": \"SystemAssigned\",\r\n    \"principalId\": \"71c5950d-4d75-4d3e-8a6e-b0ac94722a62\",\r\n    \"tenantId\": \"033a6772-e760-4454-991a-35bd0f091e2e\"\r\n  },\r\n  \"id\": \"/subscriptions/876407bb-5bd3-45c4-9c07-cd74a964b2fc/resourceGroups/onesdk1276/providers/Microsoft.DataFactory/factories/onesdk8743\",\r\n  \"type\": \"Microsoft.DataFactory/factories\",\r\n  \"location\": \"West Europe\"\r\n}",
      "ResponseHeaders": {
        "Content-Length": [
          "537"
        ],
        "Content-Type": [
          "application/json; charset=utf-8"
        ],
        "Expires": [
          "-1"
        ],
        "Pragma": [
          "no-cache"
        ],
        "x-ms-request-id": [
          "22276e4e-b78e-46c6-8b26-47cc70d1c1ac"
        ],
        "Strict-Transport-Security": [
          "max-age=31536000; includeSubDomains"
        ],
        "X-Content-Type-Options": [
          "nosniff"
        ],
        "x-ms-ratelimit-remaining-subscription-writes": [
          "1076"
        ],
        "x-ms-correlation-request-id": [
          "97c7673d-c946-4b0b-a600-106c7354c965"
        ],
        "x-ms-routing-request-id": [
          "CENTRALUS:20170915T043802Z:97c7673d-c946-4b0b-a600-106c7354c965"
        ],
        "Cache-Control": [
          "no-cache"
        ],
        "Date": [
          "Fri, 15 Sep 2017 04:38:02 GMT"
        ],
        "Server": [
          "Microsoft-IIS/8.5"
        ],
        "X-Powered-By": [
          "ASP.NET"
        ]
      },
      "StatusCode": 200
    },
    {
      "RequestUri": "/subscriptions/876407bb-5bd3-45c4-9c07-cd74a964b2fc/resourceGroups/onesdk1276/providers/Microsoft.DataFactory/factories/onesdk8743/linkedservices/foo1?api-version=2017-09-01-preview",
      "EncodedRequestUri": "L3N1YnNjcmlwdGlvbnMvODc2NDA3YmItNWJkMy00NWM0LTljMDctY2Q3NGE5NjRiMmZjL3Jlc291cmNlR3JvdXBzL29uZXNkazEyNzYvcHJvdmlkZXJzL01pY3Jvc29mdC5EYXRhRmFjdG9yeS9mYWN0b3JpZXMvb25lc2RrODc0My9saW5rZWRzZXJ2aWNlcy9mb28xP2FwaS12ZXJzaW9uPTIwMTctMDktMDEtcHJldmlldw==",
      "RequestMethod": "PUT",
      "RequestBody": "{\r\n  \"properties\": {\r\n    \"type\": \"AzureStorage\",\r\n    \"typeProperties\": {\r\n      \"connectionString\": {\r\n        \"type\": \"SecureString\",\r\n        \"value\": \"myfakeconnectionstring\"\r\n      }\r\n    }\r\n  }\r\n}",
      "RequestHeaders": {
        "Content-Type": [
          "application/json; charset=utf-8"
        ],
        "Content-Length": [
          "203"
        ],
        "x-ms-client-request-id": [
          "3ae43347-f052-4e1b-a41a-03d06f7e6819"
        ],
        "accept-language": [
          "en-US"
        ],
        "User-Agent": [
          "FxVersion/4.7.2102.0",
          "OSName/Windows10Enterprise",
          "OSVersion/6.3.15063",
          "Microsoft.Azure.Management.DataFactory.DataFactoryManagementClient/0.1.0.0"
        ]
      },
      "ResponseBody": "{\r\n  \"id\": \"/subscriptions/876407bb-5bd3-45c4-9c07-cd74a964b2fc/resourceGroups/onesdk1276/providers/Microsoft.DataFactory/factories/onesdk8743/linkedservices/foo1\",\r\n  \"name\": \"foo1\",\r\n  \"properties\": {\r\n    \"type\": \"AzureStorage\",\r\n    \"typeProperties\": {\r\n      \"connectionString\": {\r\n        \"type\": \"SecureString\",\r\n        \"value\": \"**********\"\r\n      }\r\n    }\r\n  },\r\n  \"etag\": \"00000264-0000-0000-0000-59bb59290000\"\r\n}",
      "ResponseHeaders": {
        "Content-Length": [
          "339"
        ],
        "Content-Type": [
          "application/json; charset=utf-8"
        ],
        "Expires": [
          "-1"
        ],
        "Pragma": [
          "no-cache"
        ],
        "x-ms-request-id": [
          "59fbc335-3d44-4cc2-8224-861a83cf4598"
        ],
        "Strict-Transport-Security": [
          "max-age=31536000; includeSubDomains"
        ],
        "X-Content-Type-Options": [
          "nosniff"
        ],
        "x-ms-ratelimit-remaining-subscription-writes": [
          "1073"
        ],
        "x-ms-correlation-request-id": [
          "03be7e3a-07bd-49d7-8e58-f5e6c9563b9a"
        ],
        "x-ms-routing-request-id": [
          "CENTRALUS:20170915T043803Z:03be7e3a-07bd-49d7-8e58-f5e6c9563b9a"
        ],
        "Cache-Control": [
          "no-cache"
        ],
        "Date": [
          "Fri, 15 Sep 2017 04:38:03 GMT"
        ],
        "Server": [
          "Microsoft-IIS/8.5"
        ],
        "X-Powered-By": [
          "ASP.NET"
        ]
      },
      "StatusCode": 200
    },
    {
      "RequestUri": "/subscriptions/876407bb-5bd3-45c4-9c07-cd74a964b2fc/resourceGroups/onesdk1276/providers/Microsoft.DataFactory/factories/onesdk8743/datasets/foo2?api-version=2017-09-01-preview",
      "EncodedRequestUri": "L3N1YnNjcmlwdGlvbnMvODc2NDA3YmItNWJkMy00NWM0LTljMDctY2Q3NGE5NjRiMmZjL3Jlc291cmNlR3JvdXBzL29uZXNkazEyNzYvcHJvdmlkZXJzL01pY3Jvc29mdC5EYXRhRmFjdG9yeS9mYWN0b3JpZXMvb25lc2RrODc0My9kYXRhc2V0cy9mb28yP2FwaS12ZXJzaW9uPTIwMTctMDktMDEtcHJldmlldw==",
      "RequestMethod": "PUT",
      "RequestBody": "{\r\n  \"properties\": {\r\n    \"type\": \"CustomDataset\",\r\n    \"typeProperties\": {\r\n      \"tableName\": \"myTable\"\r\n    },\r\n    \"linkedServiceName\": {\r\n      \"type\": \"LinkedServiceReference\",\r\n      \"referenceName\": \"foo1\"\r\n    }\r\n  }\r\n}",
      "RequestHeaders": {
        "Content-Type": [
          "application/json; charset=utf-8"
        ],
        "Content-Length": [
          "228"
        ],
        "x-ms-client-request-id": [
          "e15e8c22-1909-4310-9d25-50bae4d87182"
        ],
        "accept-language": [
          "en-US"
        ],
        "User-Agent": [
          "FxVersion/4.7.2102.0",
          "OSName/Windows10Enterprise",
          "OSVersion/6.3.15063",
          "Microsoft.Azure.Management.DataFactory.DataFactoryManagementClient/0.1.0.0"
        ]
      },
      "ResponseBody": "{\r\n  \"id\": \"/subscriptions/876407bb-5bd3-45c4-9c07-cd74a964b2fc/resourceGroups/onesdk1276/providers/Microsoft.DataFactory/factories/onesdk8743/datasets/foo2\",\r\n  \"name\": \"foo2\",\r\n  \"properties\": {\r\n    \"type\": \"CustomDataset\",\r\n    \"typeProperties\": {\r\n      \"tableName\": \"myTable\"\r\n    },\r\n    \"linkedServiceName\": {\r\n      \"type\": \"LinkedServiceReference\",\r\n      \"referenceName\": \"foo1\"\r\n    }\r\n  },\r\n  \"etag\": \"00000364-0000-0000-0000-59bb592a0000\"\r\n}",
      "ResponseHeaders": {
        "Content-Length": [
          "369"
        ],
        "Content-Type": [
          "application/json; charset=utf-8"
        ],
        "Expires": [
          "-1"
        ],
        "Pragma": [
          "no-cache"
        ],
        "x-ms-request-id": [
          "9fc27cf5-69d0-45af-95cb-bcace30c0111"
        ],
        "Strict-Transport-Security": [
          "max-age=31536000; includeSubDomains"
        ],
        "X-Content-Type-Options": [
          "nosniff"
        ],
        "x-ms-ratelimit-remaining-subscription-writes": [
          "1072"
        ],
        "x-ms-correlation-request-id": [
          "75808f55-bd87-427e-865b-bbd69d837b0e"
        ],
        "x-ms-routing-request-id": [
          "CENTRALUS:20170915T043804Z:75808f55-bd87-427e-865b-bbd69d837b0e"
        ],
        "Cache-Control": [
          "no-cache"
        ],
        "Date": [
          "Fri, 15 Sep 2017 04:38:03 GMT"
        ],
        "Server": [
          "Microsoft-IIS/8.5"
        ],
        "X-Powered-By": [
          "ASP.NET"
        ]
      },
      "StatusCode": 200
    },
    {
      "RequestUri": "/subscriptions/876407bb-5bd3-45c4-9c07-cd74a964b2fc/resourceGroups/onesdk1276/providers/Microsoft.DataFactory/factories/onesdk8743/datasets/foo2?api-version=2017-09-01-preview",
      "EncodedRequestUri": "L3N1YnNjcmlwdGlvbnMvODc2NDA3YmItNWJkMy00NWM0LTljMDctY2Q3NGE5NjRiMmZjL3Jlc291cmNlR3JvdXBzL29uZXNkazEyNzYvcHJvdmlkZXJzL01pY3Jvc29mdC5EYXRhRmFjdG9yeS9mYWN0b3JpZXMvb25lc2RrODc0My9kYXRhc2V0cy9mb28yP2FwaS12ZXJzaW9uPTIwMTctMDktMDEtcHJldmlldw==",
      "RequestMethod": "GET",
      "RequestBody": "",
      "RequestHeaders": {
        "x-ms-client-request-id": [
          "84b28896-69db-4ec5-962f-d5e73c6e447c"
        ],
        "accept-language": [
          "en-US"
        ],
        "User-Agent": [
          "FxVersion/4.7.2102.0",
          "OSName/Windows10Enterprise",
          "OSVersion/6.3.15063",
          "Microsoft.Azure.Management.DataFactory.DataFactoryManagementClient/0.1.0.0"
        ]
      },
      "ResponseBody": "{\r\n  \"id\": \"/subscriptions/876407bb-5bd3-45c4-9c07-cd74a964b2fc/resourceGroups/onesdk1276/providers/Microsoft.DataFactory/factories/onesdk8743/datasets/foo2\",\r\n  \"name\": \"foo2\",\r\n  \"properties\": {\r\n    \"type\": \"CustomDataset\",\r\n    \"typeProperties\": {\r\n      \"tableName\": \"myTable\"\r\n    },\r\n    \"linkedServiceName\": {\r\n      \"type\": \"LinkedServiceReference\",\r\n      \"referenceName\": \"foo1\"\r\n    }\r\n  },\r\n  \"etag\": \"00000364-0000-0000-0000-59bb592a0000\"\r\n}",
      "ResponseHeaders": {
        "Content-Length": [
          "369"
        ],
        "Content-Type": [
          "application/json; charset=utf-8"
        ],
        "Expires": [
          "-1"
        ],
        "Pragma": [
          "no-cache"
        ],
        "x-ms-request-id": [
          "dd43f17c-30b1-4513-a691-0dae1466d050"
        ],
        "Strict-Transport-Security": [
          "max-age=31536000; includeSubDomains"
        ],
        "X-Content-Type-Options": [
          "nosniff"
        ],
        "x-ms-ratelimit-remaining-subscription-reads": [
          "14722"
        ],
        "x-ms-correlation-request-id": [
          "f97c2385-c444-404a-bdbc-46fcd65116fb"
        ],
        "x-ms-routing-request-id": [
          "CENTRALUS:20170915T043804Z:f97c2385-c444-404a-bdbc-46fcd65116fb"
        ],
        "Cache-Control": [
          "no-cache"
        ],
        "Date": [
          "Fri, 15 Sep 2017 04:38:03 GMT"
        ],
        "Server": [
          "Microsoft-IIS/8.5"
        ],
        "X-Powered-By": [
          "ASP.NET"
        ]
      },
      "StatusCode": 200
    },
    {
      "RequestUri": "/subscriptions/876407bb-5bd3-45c4-9c07-cd74a964b2fc/resourceGroups/onesdk1276/providers/Microsoft.DataFactory/factories/onesdk8743/datasets/foo2?api-version=2017-09-01-preview",
      "EncodedRequestUri": "L3N1YnNjcmlwdGlvbnMvODc2NDA3YmItNWJkMy00NWM0LTljMDctY2Q3NGE5NjRiMmZjL3Jlc291cmNlR3JvdXBzL29uZXNkazEyNzYvcHJvdmlkZXJzL01pY3Jvc29mdC5EYXRhRmFjdG9yeS9mYWN0b3JpZXMvb25lc2RrODc0My9kYXRhc2V0cy9mb28yP2FwaS12ZXJzaW9uPTIwMTctMDktMDEtcHJldmlldw==",
      "RequestMethod": "DELETE",
      "RequestBody": "",
      "RequestHeaders": {
        "x-ms-client-request-id": [
          "78d49570-fbc2-4cbe-bfec-47495c6534ad"
        ],
        "accept-language": [
          "en-US"
        ],
        "User-Agent": [
          "FxVersion/4.7.2102.0",
          "OSName/Windows10Enterprise",
          "OSVersion/6.3.15063",
          "Microsoft.Azure.Management.DataFactory.DataFactoryManagementClient/0.1.0.0"
        ]
      },
      "ResponseBody": "",
      "ResponseHeaders": {
        "Content-Length": [
          "0"
        ],
        "Expires": [
          "-1"
        ],
        "Pragma": [
          "no-cache"
        ],
        "x-ms-request-id": [
          "8de994e2-6993-4ede-a36e-2a6fc8a1a030"
        ],
        "Strict-Transport-Security": [
          "max-age=31536000; includeSubDomains"
        ],
        "X-Content-Type-Options": [
          "nosniff"
        ],
        "x-ms-ratelimit-remaining-subscription-writes": [
          "1071"
        ],
        "x-ms-correlation-request-id": [
          "7faee9e2-2929-4e2c-9b9e-d992bdc731f8"
        ],
        "x-ms-routing-request-id": [
          "CENTRALUS:20170915T043804Z:7faee9e2-2929-4e2c-9b9e-d992bdc731f8"
        ],
        "Cache-Control": [
          "no-cache"
        ],
        "Date": [
          "Fri, 15 Sep 2017 04:38:04 GMT"
        ],
        "Server": [
          "Microsoft-IIS/8.5"
        ],
        "X-Powered-By": [
          "ASP.NET"
        ]
      },
      "StatusCode": 200
    },
    {
      "RequestUri": "/subscriptions/876407bb-5bd3-45c4-9c07-cd74a964b2fc/resourceGroups/onesdk1276/providers/Microsoft.DataFactory/factories/onesdk8743?api-version=2017-09-01-preview",
      "EncodedRequestUri": "L3N1YnNjcmlwdGlvbnMvODc2NDA3YmItNWJkMy00NWM0LTljMDctY2Q3NGE5NjRiMmZjL3Jlc291cmNlR3JvdXBzL29uZXNkazEyNzYvcHJvdmlkZXJzL01pY3Jvc29mdC5EYXRhRmFjdG9yeS9mYWN0b3JpZXMvb25lc2RrODc0Mz9hcGktdmVyc2lvbj0yMDE3LTA5LTAxLXByZXZpZXc=",
      "RequestMethod": "DELETE",
      "RequestBody": "",
      "RequestHeaders": {
        "x-ms-client-request-id": [
          "65056d7e-cbe4-4731-ab2f-b461506807cf"
        ],
        "accept-language": [
          "en-US"
        ],
        "User-Agent": [
          "FxVersion/4.7.2102.0",
          "OSName/Windows10Enterprise",
          "OSVersion/6.3.15063",
          "Microsoft.Azure.Management.DataFactory.DataFactoryManagementClient/0.1.0.0"
        ]
      },
      "ResponseBody": "",
      "ResponseHeaders": {
        "Content-Length": [
          "0"
        ],
        "Expires": [
          "-1"
        ],
        "Pragma": [
          "no-cache"
        ],
        "x-ms-request-id": [
          "3525168c-29de-48cf-8530-19a2de3185b5"
        ],
        "Strict-Transport-Security": [
          "max-age=31536000; includeSubDomains"
        ],
        "X-Content-Type-Options": [
          "nosniff"
        ],
        "x-ms-ratelimit-remaining-subscription-writes": [
          "1070"
        ],
        "x-ms-correlation-request-id": [
          "28508a0c-1e01-4883-86d7-cdeacbe3b818"
        ],
        "x-ms-routing-request-id": [
          "CENTRALUS:20170915T043806Z:28508a0c-1e01-4883-86d7-cdeacbe3b818"
        ],
        "Cache-Control": [
          "no-cache"
        ],
        "Date": [
          "Fri, 15 Sep 2017 04:38:06 GMT"
        ],
        "Server": [
          "Microsoft-IIS/8.5"
        ],
        "X-Powered-By": [
          "ASP.NET"
        ]
      },
      "StatusCode": 200
    }
  ],
  "Names": {
    "Test-Dataset": [
      "onesdk8743",
      "onesdk1276"
    ]
  },
  "Variables": {
    "SubscriptionId": "876407bb-5bd3-45c4-9c07-cd74a964b2fc"
  }
}