{
  "Entries": [
    {
      "RequestUri": "/subscriptions/4d368445-cbb1-42a7-97a6-6850ab99f48e/resourcegroups/pstestrg4847?api-version=2014-04-01-preview",
      "EncodedRequestUri": "L3N1YnNjcmlwdGlvbnMvNGQzNjg0NDUtY2JiMS00MmE3LTk3YTYtNjg1MGFiOTlmNDhlL3Jlc291cmNlZ3JvdXBzL3BzdGVzdHJnNDg0Nz9hcGktdmVyc2lvbj0yMDE0LTA0LTAxLXByZXZpZXc=",
      "RequestMethod": "HEAD",
      "RequestBody": "",
      "RequestHeaders": {
        "User-Agent": [
          "Microsoft.Azure.Management.Resources.ResourceManagementClient/2.0.0.0"
        ]
      },
      "ResponseBody": "",
      "ResponseHeaders": {
        "Content-Length": [
          "104"
        ],
        "Content-Type": [
          "application/json; charset=utf-8"
        ],
        "Expires": [
          "-1"
        ],
        "Pragma": [
          "no-cache"
        ],
        "x-ms-failure-cause": [
          "gateway"
        ],
        "x-ms-ratelimit-remaining-subscription-reads": [
          "31987"
        ],
        "x-ms-request-id": [
          "1d05bcb0-b315-4f4e-b62d-9cbb53bcc702"
        ],
        "x-ms-correlation-request-id": [
          "1d05bcb0-b315-4f4e-b62d-9cbb53bcc702"
        ],
        "x-ms-routing-request-id": [
          "WESTUS:20150429T004544Z:1d05bcb0-b315-4f4e-b62d-9cbb53bcc702"
        ],
        "Strict-Transport-Security": [
          "max-age=31536000; includeSubDomains"
        ],
        "Cache-Control": [
          "no-cache"
        ],
        "Date": [
          "Wed, 29 Apr 2015 00:45:44 GMT"
        ]
      },
      "StatusCode": 404
    },
    {
      "RequestUri": "/subscriptions/4d368445-cbb1-42a7-97a6-6850ab99f48e/resourcegroups/pstestrg4847?api-version=2014-04-01-preview",
      "EncodedRequestUri": "L3N1YnNjcmlwdGlvbnMvNGQzNjg0NDUtY2JiMS00MmE3LTk3YTYtNjg1MGFiOTlmNDhlL3Jlc291cmNlZ3JvdXBzL3BzdGVzdHJnNDg0Nz9hcGktdmVyc2lvbj0yMDE0LTA0LTAxLXByZXZpZXc=",
      "RequestMethod": "HEAD",
      "RequestBody": "",
      "RequestHeaders": {
        "User-Agent": [
          "Microsoft.Azure.Management.Resources.ResourceManagementClient/2.0.0.0"
        ]
      },
      "ResponseBody": "",
      "ResponseHeaders": {
        "Content-Length": [
          "0"
        ],
        "Expires": [
          "-1"
        ],
        "Pragma": [
          "no-cache"
        ],
        "x-ms-ratelimit-remaining-subscription-reads": [
          "31985"
        ],
        "x-ms-request-id": [
          "05d31bfd-6ff5-4960-b472-b7680b23293d"
        ],
        "x-ms-correlation-request-id": [
          "05d31bfd-6ff5-4960-b472-b7680b23293d"
        ],
        "x-ms-routing-request-id": [
          "WESTUS:20150429T004616Z:05d31bfd-6ff5-4960-b472-b7680b23293d"
        ],
        "Strict-Transport-Security": [
          "max-age=31536000; includeSubDomains"
        ],
        "Cache-Control": [
          "no-cache"
        ],
        "Date": [
          "Wed, 29 Apr 2015 00:46:16 GMT"
        ]
      },
      "StatusCode": 204
    },
    {
      "RequestUri": "/subscriptions/4d368445-cbb1-42a7-97a6-6850ab99f48e/resourcegroups/pstestrg4847?api-version=2014-04-01-preview",
      "EncodedRequestUri": "L3N1YnNjcmlwdGlvbnMvNGQzNjg0NDUtY2JiMS00MmE3LTk3YTYtNjg1MGFiOTlmNDhlL3Jlc291cmNlZ3JvdXBzL3BzdGVzdHJnNDg0Nz9hcGktdmVyc2lvbj0yMDE0LTA0LTAxLXByZXZpZXc=",
      "RequestMethod": "PUT",
      "RequestBody": "{\r\n  \"location\": \"West US\"\r\n}",
      "RequestHeaders": {
        "Content-Type": [
          "application/json; charset=utf-8"
        ],
        "Content-Length": [
          "29"
        ],
        "User-Agent": [
          "Microsoft.Azure.Management.Resources.ResourceManagementClient/2.0.0.0"
        ]
      },
      "ResponseBody": "{\r\n  \"id\": \"/subscriptions/4d368445-cbb1-42a7-97a6-6850ab99f48e/resourceGroups/pstestrg4847\",\r\n  \"name\": \"pstestrg4847\",\r\n  \"location\": \"westus\",\r\n  \"properties\": {\r\n    \"provisioningState\": \"Succeeded\"\r\n  }\r\n}",
      "ResponseHeaders": {
        "Content-Length": [
          "177"
        ],
        "Content-Type": [
          "application/json; charset=utf-8"
        ],
        "Expires": [
          "-1"
        ],
        "Pragma": [
          "no-cache"
        ],
        "x-ms-ratelimit-remaining-subscription-writes": [
          "1186"
        ],
        "x-ms-request-id": [
          "c3bca717-98d6-4831-b292-4ee802c3bfa6"
        ],
        "x-ms-correlation-request-id": [
          "c3bca717-98d6-4831-b292-4ee802c3bfa6"
        ],
        "x-ms-routing-request-id": [
          "WESTUS:20150429T004544Z:c3bca717-98d6-4831-b292-4ee802c3bfa6"
        ],
        "Strict-Transport-Security": [
          "max-age=31536000; includeSubDomains"
        ],
        "Cache-Control": [
          "no-cache"
        ],
        "Date": [
          "Wed, 29 Apr 2015 00:45:44 GMT"
        ]
      },
      "StatusCode": 201
    },
    {
      "RequestUri": "/subscriptions/4d368445-cbb1-42a7-97a6-6850ab99f48e/resourceGroups/pstestrg4847/resources?api-version=2014-04-01-preview",
      "EncodedRequestUri": "L3N1YnNjcmlwdGlvbnMvNGQzNjg0NDUtY2JiMS00MmE3LTk3YTYtNjg1MGFiOTlmNDhlL3Jlc291cmNlR3JvdXBzL3BzdGVzdHJnNDg0Ny9yZXNvdXJjZXM/YXBpLXZlcnNpb249MjAxNC0wNC0wMS1wcmV2aWV3",
      "RequestMethod": "GET",
      "RequestBody": "",
      "RequestHeaders": {
        "User-Agent": [
          "Microsoft.Azure.Management.Resources.ResourceManagementClient/2.0.0.0"
        ]
      },
      "ResponseBody": "{\r\n  \"value\": []\r\n}",
      "ResponseHeaders": {
        "Content-Length": [
          "12"
        ],
        "Content-Type": [
          "application/json; charset=utf-8"
        ],
        "Expires": [
          "-1"
        ],
        "Pragma": [
          "no-cache"
        ],
        "x-ms-ratelimit-remaining-subscription-reads": [
          "31986"
        ],
        "x-ms-request-id": [
          "28ff80fd-9ffa-450a-bcf5-73a0d52ffac0"
        ],
        "x-ms-correlation-request-id": [
          "28ff80fd-9ffa-450a-bcf5-73a0d52ffac0"
        ],
        "x-ms-routing-request-id": [
          "WESTUS:20150429T004544Z:28ff80fd-9ffa-450a-bcf5-73a0d52ffac0"
        ],
        "Strict-Transport-Security": [
          "max-age=31536000; includeSubDomains"
        ],
        "Cache-Control": [
          "no-cache"
        ],
        "Date": [
          "Wed, 29 Apr 2015 00:45:44 GMT"
        ]
      },
      "StatusCode": 200
    },
    {
      "RequestUri": "/subscriptions/4d368445-cbb1-42a7-97a6-6850ab99f48e/resourcegroups/pstestrg4847/providers/Microsoft.Authorization/permissions?api-version=2014-07-01-preview",
      "EncodedRequestUri": "L3N1YnNjcmlwdGlvbnMvNGQzNjg0NDUtY2JiMS00MmE3LTk3YTYtNjg1MGFiOTlmNDhlL3Jlc291cmNlZ3JvdXBzL3BzdGVzdHJnNDg0Ny9wcm92aWRlcnMvTWljcm9zb2Z0LkF1dGhvcml6YXRpb24vcGVybWlzc2lvbnM/YXBpLXZlcnNpb249MjAxNC0wNy0wMS1wcmV2aWV3",
      "RequestMethod": "GET",
      "RequestBody": "",
      "RequestHeaders": {
        "User-Agent": [
          "Microsoft.Azure.Management.Authorization.AuthorizationManagementClient/0.9.0.0"
        ]
      },
      "ResponseBody": "{\r\n  \"value\": [\r\n    {\r\n      \"actions\": [\r\n        \"*\"\r\n      ],\r\n      \"notActions\": []\r\n    }\r\n  ]\r\n}",
      "ResponseHeaders": {
        "Content-Length": [
          "45"
        ],
        "Content-Type": [
          "application/json; charset=utf-8"
        ],
        "Expires": [
          "-1"
        ],
        "Pragma": [
          "no-cache"
        ],
        "Vary": [
          "Accept-Encoding"
        ],
        "x-ms-request-id": [
          "westus:0354edea-da17-4e09-8e73-69c7e1a3908a"
        ],
        "x-ms-ratelimit-remaining-subscription-reads": [
          "31974"
        ],
        "x-ms-correlation-request-id": [
          "f1815861-cab1-4363-a2f5-83ffb80fb607"
        ],
        "x-ms-routing-request-id": [
          "WESTUS:20150429T004546Z:f1815861-cab1-4363-a2f5-83ffb80fb607"
        ],
        "Strict-Transport-Security": [
          "max-age=31536000; includeSubDomains"
        ],
        "Cache-Control": [
          "no-cache"
        ],
        "Date": [
          "Wed, 29 Apr 2015 00:45:45 GMT"
        ]
      },
      "StatusCode": 200
    },
    {
      "RequestUri": "/subscriptions/4d368445-cbb1-42a7-97a6-6850ab99f48e/resourceGroups/pstestrg4847/providers/Microsoft.Storage/storageAccounts/stopstestrg4847?api-version=2015-05-01-preview",
      "EncodedRequestUri": "L3N1YnNjcmlwdGlvbnMvNGQzNjg0NDUtY2JiMS00MmE3LTk3YTYtNjg1MGFiOTlmNDhlL3Jlc291cmNlR3JvdXBzL3BzdGVzdHJnNDg0Ny9wcm92aWRlcnMvTWljcm9zb2Z0LlN0b3JhZ2Uvc3RvcmFnZUFjY291bnRzL3N0b3BzdGVzdHJnNDg0Nz9hcGktdmVyc2lvbj0yMDE1LTA1LTAxLXByZXZpZXc=",
      "RequestMethod": "PUT",
      "RequestBody": "{\r\n  \"location\": \"West US\",\r\n  \"properties\": {\r\n    \"accountType\": \"Standard_GRS\"\r\n  }\r\n}",
      "RequestHeaders": {
        "Content-Type": [
          "application/json"
        ],
        "Content-Length": [
          "89"
        ],
        "x-ms-client-request-id": [
          "731bbffc-4387-4ef0-9f3c-5aa6049a8621"
        ],
        "User-Agent": [
          "Microsoft.Azure.Management.Storage.StorageManagementClient/2.0.0.0"
        ]
      },
      "ResponseBody": "null",
      "ResponseHeaders": {
        "Content-Length": [
          "4"
        ],
        "Content-Type": [
          "application/json; charset=utf-8"
        ],
        "Expires": [
          "-1"
        ],
        "Pragma": [
          "no-cache"
        ],
        "Retry-After": [
          "25"
        ],
        "x-ms-request-id": [
          "66ec367f-0955-44b5-8845-020f08961650"
        ],
        "Cache-Control": [
          "no-cache"
        ],
        "Location": [
          "https://management.azure.com/subscriptions/4d368445-cbb1-42a7-97a6-6850ab99f48e/providers/Microsoft.Storage/operations/66ec367f-0955-44b5-8845-020f08961650?monitor=true&api-version=2015-05-01-preview"
        ],
        "Server": [
          "Microsoft-HTTPAPI/2.0",
          "Microsoft-HTTPAPI/2.0"
        ],
        "x-ms-ratelimit-remaining-subscription-writes": [
          "1192"
        ],
        "x-ms-correlation-request-id": [
          "9c512c56-e455-4368-8bce-1203dcde0260"
        ],
        "x-ms-routing-request-id": [
          "WESTUS:20150429T004542Z:9c512c56-e455-4368-8bce-1203dcde0260"
        ],
        "Strict-Transport-Security": [
          "max-age=31536000; includeSubDomains"
        ],
        "Date": [
          "Wed, 29 Apr 2015 00:45:41 GMT"
        ]
      },
      "StatusCode": 202
    },
    {
      "RequestUri": "/subscriptions/4d368445-cbb1-42a7-97a6-6850ab99f48e/providers/Microsoft.Storage/operations/66ec367f-0955-44b5-8845-020f08961650?monitor=true&api-version=2015-05-01-preview",
      "EncodedRequestUri": "L3N1YnNjcmlwdGlvbnMvNGQzNjg0NDUtY2JiMS00MmE3LTk3YTYtNjg1MGFiOTlmNDhlL3Byb3ZpZGVycy9NaWNyb3NvZnQuU3RvcmFnZS9vcGVyYXRpb25zLzY2ZWMzNjdmLTA5NTUtNDRiNS04ODQ1LTAyMGYwODk2MTY1MD9tb25pdG9yPXRydWUmYXBpLXZlcnNpb249MjAxNS0wNS0wMS1wcmV2aWV3",
      "RequestMethod": "GET",
      "RequestBody": "",
      "RequestHeaders": {
        "x-ms-client-request-id": [
          "eeb18a26-5141-4b52-bcd5-457ad92648d7"
        ],
        "User-Agent": [
          "Microsoft.Azure.Management.Storage.StorageManagementClient/2.0.0.0"
        ]
      },
      "ResponseBody": "null",
      "ResponseHeaders": {
        "Content-Length": [
          "4"
        ],
        "Content-Type": [
          "application/json; charset=utf-8"
        ],
        "Expires": [
          "-1"
        ],
        "Pragma": [
          "no-cache"
        ],
        "Retry-After": [
          "25"
        ],
        "x-ms-request-id": [
          "77568f13-74a8-4317-b8f8-ee189b82c99c"
        ],
        "Cache-Control": [
          "no-cache"
        ],
        "Location": [
          "https://management.azure.com/subscriptions/4d368445-cbb1-42a7-97a6-6850ab99f48e/providers/Microsoft.Storage/operations/66ec367f-0955-44b5-8845-020f08961650?monitor=true&api-version=2015-05-01-preview"
        ],
        "Server": [
          "Microsoft-HTTPAPI/2.0",
          "Microsoft-HTTPAPI/2.0"
        ],
        "x-ms-ratelimit-remaining-subscription-reads": [
          "31987"
        ],
        "x-ms-correlation-request-id": [
          "0e02a7aa-9e9f-47c8-87fe-8f3c78f9ade1"
        ],
        "x-ms-routing-request-id": [
          "WESTUS:20150429T004542Z:0e02a7aa-9e9f-47c8-87fe-8f3c78f9ade1"
        ],
        "Strict-Transport-Security": [
          "max-age=31536000; includeSubDomains"
        ],
        "Date": [
          "Wed, 29 Apr 2015 00:45:42 GMT"
        ]
      },
      "StatusCode": 202
    },
    {
      "RequestUri": "/subscriptions/4d368445-cbb1-42a7-97a6-6850ab99f48e/providers/Microsoft.Storage/operations/66ec367f-0955-44b5-8845-020f08961650?monitor=true&api-version=2015-05-01-preview",
      "EncodedRequestUri": "L3N1YnNjcmlwdGlvbnMvNGQzNjg0NDUtY2JiMS00MmE3LTk3YTYtNjg1MGFiOTlmNDhlL3Byb3ZpZGVycy9NaWNyb3NvZnQuU3RvcmFnZS9vcGVyYXRpb25zLzY2ZWMzNjdmLTA5NTUtNDRiNS04ODQ1LTAyMGYwODk2MTY1MD9tb25pdG9yPXRydWUmYXBpLXZlcnNpb249MjAxNS0wNS0wMS1wcmV2aWV3",
      "RequestMethod": "GET",
      "RequestBody": "",
      "RequestHeaders": {
        "x-ms-client-request-id": [
          "5368532e-5805-48d3-ab53-8d2e5a8a1cc8"
        ],
        "User-Agent": [
          "Microsoft.Azure.Management.Storage.StorageManagementClient/2.0.0.0"
        ]
      },
      "ResponseBody": "{\r\n  \"properties\": {\r\n    \"accountType\": \"Standard_GRS\"\r\n  },\r\n  \"location\": \"West US\"\r\n}",
      "ResponseHeaders": {
        "Content-Length": [
          "66"
        ],
        "Content-Type": [
          "application/json; charset=utf-8"
        ],
        "Expires": [
          "-1"
        ],
        "Pragma": [
          "no-cache"
        ],
        "x-ms-request-id": [
          "636e1ab8-ee8c-4ae4-b089-fa1552d89323"
        ],
        "Cache-Control": [
          "no-cache"
        ],
        "Server": [
          "Microsoft-HTTPAPI/2.0",
          "Microsoft-HTTPAPI/2.0"
        ],
        "x-ms-ratelimit-remaining-subscription-reads": [
          "31986"
        ],
        "x-ms-correlation-request-id": [
          "54ff79ab-6d02-403f-a734-ba176dd87118"
        ],
        "x-ms-routing-request-id": [
          "WESTUS:20150429T004607Z:54ff79ab-6d02-403f-a734-ba176dd87118"
        ],
        "Strict-Transport-Security": [
          "max-age=31536000; includeSubDomains"
        ],
        "Date": [
          "Wed, 29 Apr 2015 00:46:07 GMT"
        ]
      },
      "StatusCode": 200
    },
    {
      "RequestUri": "/subscriptions/4d368445-cbb1-42a7-97a6-6850ab99f48e/resourceGroups/pstestrg4847/providers/Microsoft.Storage/storageAccounts/stopstestrg4847?api-version=2015-05-01-preview",
      "EncodedRequestUri": "L3N1YnNjcmlwdGlvbnMvNGQzNjg0NDUtY2JiMS00MmE3LTk3YTYtNjg1MGFiOTlmNDhlL3Jlc291cmNlR3JvdXBzL3BzdGVzdHJnNDg0Ny9wcm92aWRlcnMvTWljcm9zb2Z0LlN0b3JhZ2Uvc3RvcmFnZUFjY291bnRzL3N0b3BzdGVzdHJnNDg0Nz9hcGktdmVyc2lvbj0yMDE1LTA1LTAxLXByZXZpZXc=",
      "RequestMethod": "GET",
      "RequestBody": "",
      "RequestHeaders": {
        "x-ms-client-request-id": [
          "ab1d8816-503b-4129-8fa6-fe9958153c1d"
        ],
        "User-Agent": [
          "Microsoft.Azure.Management.Storage.StorageManagementClient/2.0.0.0"
        ]
      },
      "ResponseBody": "{\r\n  \"id\": \"/subscriptions/4d368445-cbb1-42a7-97a6-6850ab99f48e/resourceGroups/pstestrg4847/providers/Microsoft.Storage/storageAccounts/stopstestrg4847\",\r\n  \"name\": \"stopstestrg4847\",\r\n  \"location\": \"West US\",\r\n  \"type\": \"Microsoft.Storage/storageAccounts\",\r\n  \"properties\": {\r\n    \"provisioningState\": \"Succeeded\",\r\n    \"accountType\": \"Standard_GRS\",\r\n    \"primaryEndpoints\": {\r\n      \"blob\": \"https://stopstestrg4847.blob.core.windows.net/\",\r\n      \"queue\": \"https://stopstestrg4847.queue.core.windows.net/\",\r\n      \"table\": \"https://stopstestrg4847.table.core.windows.net/\"\r\n    },\r\n    \"primaryLocation\": \"West US\",\r\n    \"statusOfPrimary\": \"Available\",\r\n    \"secondaryLocation\": \"East US\",\r\n    \"statusOfSecondary\": \"Available\",\r\n    \"creationTime\": \"2015-04-29T00:45:33.6685865Z\"\r\n  }\r\n}",
      "ResponseHeaders": {
        "Content-Length": [
          "672"
        ],
        "Content-Type": [
          "application/json; charset=utf-8"
        ],
        "Expires": [
          "-1"
        ],
        "Pragma": [
          "no-cache"
        ],
        "x-ms-request-id": [
          "ef4ce27c-6917-414b-ab0b-a2c93ad1297c"
        ],
        "Cache-Control": [
          "no-cache"
        ],
        "Server": [
          "Microsoft-HTTPAPI/2.0",
          "Microsoft-HTTPAPI/2.0"
        ],
        "x-ms-ratelimit-remaining-subscription-reads": [
          "31985"
        ],
        "x-ms-correlation-request-id": [
          "eccb8d60-98d7-48e0-8c2a-afb111ea43db"
        ],
        "x-ms-routing-request-id": [
          "WESTUS:20150429T004607Z:eccb8d60-98d7-48e0-8c2a-afb111ea43db"
        ],
        "Strict-Transport-Security": [
          "max-age=31536000; includeSubDomains"
        ],
        "Date": [
          "Wed, 29 Apr 2015 00:46:07 GMT"
        ]
      },
      "StatusCode": 200
    },
    {
      "RequestUri": "/subscriptions/4d368445-cbb1-42a7-97a6-6850ab99f48e/resourceGroups/pstestrg4847/providers/Microsoft.Storage/storageAccounts/stopstestrg4847?api-version=2015-05-01-preview",
      "EncodedRequestUri": "L3N1YnNjcmlwdGlvbnMvNGQzNjg0NDUtY2JiMS00MmE3LTk3YTYtNjg1MGFiOTlmNDhlL3Jlc291cmNlR3JvdXBzL3BzdGVzdHJnNDg0Ny9wcm92aWRlcnMvTWljcm9zb2Z0LlN0b3JhZ2Uvc3RvcmFnZUFjY291bnRzL3N0b3BzdGVzdHJnNDg0Nz9hcGktdmVyc2lvbj0yMDE1LTA1LTAxLXByZXZpZXc=",
      "RequestMethod": "DELETE",
      "RequestBody": "",
      "RequestHeaders": {
        "x-ms-client-request-id": [
          "3356f0dd-fa13-42a2-b0e4-aa19f7b10b14"
        ],
        "User-Agent": [
          "Microsoft.Azure.Management.Storage.StorageManagementClient/2.0.0.0"
        ]
      },
      "ResponseBody": "",
      "ResponseHeaders": {
        "Content-Length": [
          "0"
        ],
        "Expires": [
          "-1"
        ],
        "Pragma": [
          "no-cache"
        ],
        "x-ms-request-id": [
          "64500944-1ca7-4585-a2b5-107c94a004b3"
        ],
        "Cache-Control": [
          "no-cache"
        ],
        "Server": [
          "Microsoft-HTTPAPI/2.0",
          "Microsoft-HTTPAPI/2.0"
        ],
        "x-ms-ratelimit-remaining-subscription-writes": [
          "1191"
        ],
        "x-ms-correlation-request-id": [
          "22c1df59-877e-4a9c-9f2d-3fcdf9a9bc46"
        ],
        "x-ms-routing-request-id": [
          "WESTUS:20150429T004609Z:22c1df59-877e-4a9c-9f2d-3fcdf9a9bc46"
        ],
        "Strict-Transport-Security": [
          "max-age=31536000; includeSubDomains"
        ],
        "Date": [
          "Wed, 29 Apr 2015 00:46:08 GMT"
        ]
      },
      "StatusCode": 200
    },
    {
      "RequestUri": "/subscriptions/4d368445-cbb1-42a7-97a6-6850ab99f48e/resourcegroups/pstestrg4847?api-version=2014-04-01-preview",
      "EncodedRequestUri": "L3N1YnNjcmlwdGlvbnMvNGQzNjg0NDUtY2JiMS00MmE3LTk3YTYtNjg1MGFiOTlmNDhlL3Jlc291cmNlZ3JvdXBzL3BzdGVzdHJnNDg0Nz9hcGktdmVyc2lvbj0yMDE0LTA0LTAxLXByZXZpZXc=",
      "RequestMethod": "DELETE",
      "RequestBody": "",
      "RequestHeaders": {
        "User-Agent": [
          "Microsoft.Azure.Management.Resources.ResourceManagementClient/2.0.0.0"
        ]
      },
      "ResponseBody": "",
      "ResponseHeaders": {
        "Content-Length": [
          "0"
        ],
        "Expires": [
          "-1"
        ],
        "Pragma": [
          "no-cache"
        ],
        "Retry-After": [
          "15"
        ],
        "x-ms-ratelimit-remaining-subscription-writes": [
          "1185"
        ],
        "x-ms-request-id": [
          "5fe438d6-c7c2-4dde-913a-257ff3dc00af"
        ],
        "x-ms-correlation-request-id": [
          "5fe438d6-c7c2-4dde-913a-257ff3dc00af"
        ],
        "x-ms-routing-request-id": [
          "WESTUS:20150429T004616Z:5fe438d6-c7c2-4dde-913a-257ff3dc00af"
        ],
        "Strict-Transport-Security": [
          "max-age=31536000; includeSubDomains"
        ],
        "Cache-Control": [
          "no-cache"
        ],
        "Date": [
          "Wed, 29 Apr 2015 00:46:16 GMT"
        ],
        "Location": [
          "https://management.azure.com/subscriptions/4d368445-cbb1-42a7-97a6-6850ab99f48e/operationresults/eyJqb2JJZCI6IlJFU09VUkNFR1JPVVBERUxFVElPTkpPQi1QU1RFU1RSRzQ4NDctV0VTVFVTIiwiam9iTG9jYXRpb24iOiJ3ZXN0dXMifQ?api-version=2014-04-01-preview"
        ]
      },
      "StatusCode": 202
    },
    {
      "RequestUri": "/subscriptions/4d368445-cbb1-42a7-97a6-6850ab99f48e/operationresults/eyJqb2JJZCI6IlJFU09VUkNFR1JPVVBERUxFVElPTkpPQi1QU1RFU1RSRzQ4NDctV0VTVFVTIiwiam9iTG9jYXRpb24iOiJ3ZXN0dXMifQ?api-version=2014-04-01-preview",
      "EncodedRequestUri": "L3N1YnNjcmlwdGlvbnMvNGQzNjg0NDUtY2JiMS00MmE3LTk3YTYtNjg1MGFiOTlmNDhlL29wZXJhdGlvbnJlc3VsdHMvZXlKcWIySkpaQ0k2SWxKRlUwOVZVa05GUjFKUFZWQkVSVXhGVkVsUFRrcFBRaTFRVTFSRlUxUlNSelE0TkRjdFYwVlRWRlZUSWl3aWFtOWlURzlqWVhScGIyNGlPaUozWlhOMGRYTWlmUT9hcGktdmVyc2lvbj0yMDE0LTA0LTAxLXByZXZpZXc=",
      "RequestMethod": "GET",
      "RequestBody": "",
      "RequestHeaders": {
        "x-ms-version": [
          "2014-04-01-preview"
        ],
        "User-Agent": [
          "Microsoft.Azure.Management.Resources.ResourceManagementClient/2.0.0.0"
        ]
      },
      "ResponseBody": "",
      "ResponseHeaders": {
        "Content-Length": [
          "0"
        ],
        "Expires": [
          "-1"
        ],
        "Pragma": [
          "no-cache"
        ],
        "Retry-After": [
          "15"
        ],
        "x-ms-ratelimit-remaining-subscription-reads": [
          "31984"
        ],
        "x-ms-request-id": [
          "61f8e4c7-a34f-482c-8e5d-a958b0faed86"
        ],
        "x-ms-correlation-request-id": [
          "61f8e4c7-a34f-482c-8e5d-a958b0faed86"
        ],
        "x-ms-routing-request-id": [
          "WESTUS:20150429T004616Z:61f8e4c7-a34f-482c-8e5d-a958b0faed86"
        ],
        "Strict-Transport-Security": [
          "max-age=31536000; includeSubDomains"
        ],
        "Cache-Control": [
          "no-cache"
        ],
        "Date": [
          "Wed, 29 Apr 2015 00:46:16 GMT"
        ],
        "Location": [
          "https://management.azure.com/subscriptions/4d368445-cbb1-42a7-97a6-6850ab99f48e/operationresults/eyJqb2JJZCI6IlJFU09VUkNFR1JPVVBERUxFVElPTkpPQi1QU1RFU1RSRzQ4NDctV0VTVFVTIiwiam9iTG9jYXRpb24iOiJ3ZXN0dXMifQ?api-version=2014-04-01-preview"
        ]
      },
      "StatusCode": 202
    },
    {
      "RequestUri": "/subscriptions/4d368445-cbb1-42a7-97a6-6850ab99f48e/operationresults/eyJqb2JJZCI6IlJFU09VUkNFR1JPVVBERUxFVElPTkpPQi1QU1RFU1RSRzQ4NDctV0VTVFVTIiwiam9iTG9jYXRpb24iOiJ3ZXN0dXMifQ?api-version=2014-04-01-preview",
      "EncodedRequestUri": "L3N1YnNjcmlwdGlvbnMvNGQzNjg0NDUtY2JiMS00MmE3LTk3YTYtNjg1MGFiOTlmNDhlL29wZXJhdGlvbnJlc3VsdHMvZXlKcWIySkpaQ0k2SWxKRlUwOVZVa05GUjFKUFZWQkVSVXhGVkVsUFRrcFBRaTFRVTFSRlUxUlNSelE0TkRjdFYwVlRWRlZUSWl3aWFtOWlURzlqWVhScGIyNGlPaUozWlhOMGRYTWlmUT9hcGktdmVyc2lvbj0yMDE0LTA0LTAxLXByZXZpZXc=",
      "RequestMethod": "GET",
      "RequestBody": "",
      "RequestHeaders": {
        "x-ms-version": [
          "2014-04-01-preview"
        ],
        "User-Agent": [
          "Microsoft.Azure.Management.Resources.ResourceManagementClient/2.0.0.0"
        ]
      },
      "ResponseBody": "",
      "ResponseHeaders": {
        "Content-Length": [
          "0"
        ],
        "Expires": [
          "-1"
        ],
        "Pragma": [
          "no-cache"
        ],
        "Retry-After": [
          "15"
        ],
        "x-ms-ratelimit-remaining-subscription-reads": [
          "31983"
        ],
        "x-ms-request-id": [
          "188a2cdb-18c3-4e67-a8dd-41387c83e111"
        ],
        "x-ms-correlation-request-id": [
          "188a2cdb-18c3-4e67-a8dd-41387c83e111"
        ],
        "x-ms-routing-request-id": [
          "WESTUS:20150429T004632Z:188a2cdb-18c3-4e67-a8dd-41387c83e111"
        ],
        "Strict-Transport-Security": [
          "max-age=31536000; includeSubDomains"
        ],
        "Cache-Control": [
          "no-cache"
        ],
        "Date": [
          "Wed, 29 Apr 2015 00:46:31 GMT"
        ],
        "Location": [
          "https://management.azure.com/subscriptions/4d368445-cbb1-42a7-97a6-6850ab99f48e/operationresults/eyJqb2JJZCI6IlJFU09VUkNFR1JPVVBERUxFVElPTkpPQi1QU1RFU1RSRzQ4NDctV0VTVFVTIiwiam9iTG9jYXRpb24iOiJ3ZXN0dXMifQ?api-version=2014-04-01-preview"
        ]
      },
      "StatusCode": 202
    },
    {
      "RequestUri": "/subscriptions/4d368445-cbb1-42a7-97a6-6850ab99f48e/operationresults/eyJqb2JJZCI6IlJFU09VUkNFR1JPVVBERUxFVElPTkpPQi1QU1RFU1RSRzQ4NDctV0VTVFVTIiwiam9iTG9jYXRpb24iOiJ3ZXN0dXMifQ?api-version=2014-04-01-preview",
      "EncodedRequestUri": "L3N1YnNjcmlwdGlvbnMvNGQzNjg0NDUtY2JiMS00MmE3LTk3YTYtNjg1MGFiOTlmNDhlL29wZXJhdGlvbnJlc3VsdHMvZXlKcWIySkpaQ0k2SWxKRlUwOVZVa05GUjFKUFZWQkVSVXhGVkVsUFRrcFBRaTFRVTFSRlUxUlNSelE0TkRjdFYwVlRWRlZUSWl3aWFtOWlURzlqWVhScGIyNGlPaUozWlhOMGRYTWlmUT9hcGktdmVyc2lvbj0yMDE0LTA0LTAxLXByZXZpZXc=",
      "RequestMethod": "GET",
      "RequestBody": "",
      "RequestHeaders": {
        "x-ms-version": [
          "2014-04-01-preview"
        ],
        "User-Agent": [
          "Microsoft.Azure.Management.Resources.ResourceManagementClient/2.0.0.0"
        ]
      },
      "ResponseBody": "",
      "ResponseHeaders": {
        "Content-Length": [
          "0"
        ],
        "Expires": [
          "-1"
        ],
        "Pragma": [
          "no-cache"
        ],
        "Retry-After": [
          "15"
        ],
        "x-ms-ratelimit-remaining-subscription-reads": [
          "31982"
        ],
        "x-ms-request-id": [
          "ef13c9e4-adbf-47b5-a121-2033a7c8cc58"
        ],
        "x-ms-correlation-request-id": [
          "ef13c9e4-adbf-47b5-a121-2033a7c8cc58"
        ],
        "x-ms-routing-request-id": [
          "WESTUS:20150429T004647Z:ef13c9e4-adbf-47b5-a121-2033a7c8cc58"
        ],
        "Strict-Transport-Security": [
          "max-age=31536000; includeSubDomains"
        ],
        "Cache-Control": [
          "no-cache"
        ],
        "Date": [
          "Wed, 29 Apr 2015 00:46:46 GMT"
        ],
        "Location": [
          "https://management.azure.com/subscriptions/4d368445-cbb1-42a7-97a6-6850ab99f48e/operationresults/eyJqb2JJZCI6IlJFU09VUkNFR1JPVVBERUxFVElPTkpPQi1QU1RFU1RSRzQ4NDctV0VTVFVTIiwiam9iTG9jYXRpb24iOiJ3ZXN0dXMifQ?api-version=2014-04-01-preview"
        ]
      },
      "StatusCode": 202
    },
    {
      "RequestUri": "/subscriptions/4d368445-cbb1-42a7-97a6-6850ab99f48e/operationresults/eyJqb2JJZCI6IlJFU09VUkNFR1JPVVBERUxFVElPTkpPQi1QU1RFU1RSRzQ4NDctV0VTVFVTIiwiam9iTG9jYXRpb24iOiJ3ZXN0dXMifQ?api-version=2014-04-01-preview",
      "EncodedRequestUri": "L3N1YnNjcmlwdGlvbnMvNGQzNjg0NDUtY2JiMS00MmE3LTk3YTYtNjg1MGFiOTlmNDhlL29wZXJhdGlvbnJlc3VsdHMvZXlKcWIySkpaQ0k2SWxKRlUwOVZVa05GUjFKUFZWQkVSVXhGVkVsUFRrcFBRaTFRVTFSRlUxUlNSelE0TkRjdFYwVlRWRlZUSWl3aWFtOWlURzlqWVhScGIyNGlPaUozWlhOMGRYTWlmUT9hcGktdmVyc2lvbj0yMDE0LTA0LTAxLXByZXZpZXc=",
      "RequestMethod": "GET",
      "RequestBody": "",
      "RequestHeaders": {
        "x-ms-version": [
          "2014-04-01-preview"
        ],
        "User-Agent": [
          "Microsoft.Azure.Management.Resources.ResourceManagementClient/2.0.0.0"
        ]
      },
      "ResponseBody": "",
      "ResponseHeaders": {
        "Content-Length": [
          "0"
        ],
        "Expires": [
          "-1"
        ],
        "Pragma": [
          "no-cache"
        ],
        "Retry-After": [
          "15"
        ],
        "x-ms-ratelimit-remaining-subscription-reads": [
          "31981"
        ],
        "x-ms-request-id": [
          "7f284010-ad1b-40ba-b93e-47f967957dfa"
        ],
        "x-ms-correlation-request-id": [
          "7f284010-ad1b-40ba-b93e-47f967957dfa"
        ],
        "x-ms-routing-request-id": [
          "WESTUS:20150429T004702Z:7f284010-ad1b-40ba-b93e-47f967957dfa"
        ],
        "Strict-Transport-Security": [
          "max-age=31536000; includeSubDomains"
        ],
        "Cache-Control": [
          "no-cache"
        ],
        "Date": [
          "Wed, 29 Apr 2015 00:47:01 GMT"
        ],
        "Location": [
          "https://management.azure.com/subscriptions/4d368445-cbb1-42a7-97a6-6850ab99f48e/operationresults/eyJqb2JJZCI6IlJFU09VUkNFR1JPVVBERUxFVElPTkpPQi1QU1RFU1RSRzQ4NDctV0VTVFVTIiwiam9iTG9jYXRpb24iOiJ3ZXN0dXMifQ?api-version=2014-04-01-preview"
        ]
      },
      "StatusCode": 202
    },
    {
      "RequestUri": "/subscriptions/4d368445-cbb1-42a7-97a6-6850ab99f48e/operationresults/eyJqb2JJZCI6IlJFU09VUkNFR1JPVVBERUxFVElPTkpPQi1QU1RFU1RSRzQ4NDctV0VTVFVTIiwiam9iTG9jYXRpb24iOiJ3ZXN0dXMifQ?api-version=2014-04-01-preview",
      "EncodedRequestUri": "L3N1YnNjcmlwdGlvbnMvNGQzNjg0NDUtY2JiMS00MmE3LTk3YTYtNjg1MGFiOTlmNDhlL29wZXJhdGlvbnJlc3VsdHMvZXlKcWIySkpaQ0k2SWxKRlUwOVZVa05GUjFKUFZWQkVSVXhGVkVsUFRrcFBRaTFRVTFSRlUxUlNSelE0TkRjdFYwVlRWRlZUSWl3aWFtOWlURzlqWVhScGIyNGlPaUozWlhOMGRYTWlmUT9hcGktdmVyc2lvbj0yMDE0LTA0LTAxLXByZXZpZXc=",
      "RequestMethod": "GET",
      "RequestBody": "",
      "RequestHeaders": {
        "x-ms-version": [
          "2014-04-01-preview"
        ],
        "User-Agent": [
          "Microsoft.Azure.Management.Resources.ResourceManagementClient/2.0.0.0"
        ]
      },
      "ResponseBody": "",
      "ResponseHeaders": {
        "Content-Length": [
          "0"
        ],
        "Expires": [
          "-1"
        ],
        "Pragma": [
          "no-cache"
        ],
        "x-ms-ratelimit-remaining-subscription-reads": [
          "31980"
        ],
        "x-ms-request-id": [
          "55963228-cfa9-4abd-b39e-df42b94a9c49"
        ],
        "x-ms-correlation-request-id": [
          "55963228-cfa9-4abd-b39e-df42b94a9c49"
        ],
        "x-ms-routing-request-id": [
          "WESTUS:20150429T004717Z:55963228-cfa9-4abd-b39e-df42b94a9c49"
        ],
        "Strict-Transport-Security": [
          "max-age=31536000; includeSubDomains"
        ],
        "Cache-Control": [
          "no-cache"
        ],
        "Date": [
          "Wed, 29 Apr 2015 00:47:16 GMT"
        ]
      },
      "StatusCode": 200
    }
  ],
  "Names": {
    "Test-RemoveAzureStorageAccount": [
      "pstestrg4847"
    ]
  },
  "Variables": {
    "SubscriptionId": "4d368445-cbb1-42a7-97a6-6850ab99f48e",
    "TenantId": "72f988bf-86f1-41af-91ab-2d7cd011db47",
    "Domain": "microsoft.com"
  }
}