{
  "Entries": [
    {
      "RequestUri": "/subscriptions/05b5dd1c-793d-41de-be9f-6f9ed142f695/resourcegroups/ps3353?api-version=2016-09-01",
      "EncodedRequestUri": "L3N1YnNjcmlwdGlvbnMvMDViNWRkMWMtNzkzZC00MWRlLWJlOWYtNmY5ZWQxNDJmNjk1L3Jlc291cmNlZ3JvdXBzL3BzMzM1Mz9hcGktdmVyc2lvbj0yMDE2LTA5LTAx",
      "RequestMethod": "PUT",
      "RequestBody": "{\r\n  \"location\": \"WestUS\"\r\n}",
      "RequestHeaders": {
        "x-ms-client-request-id": [
          "03989936-c610-43ae-b355-70cf5a29f830"
        ],
        "Accept-Language": [
          "en-US"
        ],
        "User-Agent": [
          "FxVersion/4.6.27617.04",
          "OSName/Windows",
          "OSVersion/Microsoft.Windows.10.0.18362.",
          "Microsoft.Azure.Management.Internal.Resources.ResourceManagementClient/1.3.1"
        ],
        "Content-Type": [
          "application/json; charset=utf-8"
        ],
        "Content-Length": [
          "28"
        ]
      },
      "ResponseHeaders": {
        "Cache-Control": [
          "no-cache"
        ],
        "Pragma": [
          "no-cache"
        ],
        "x-ms-ratelimit-remaining-subscription-writes": [
          "1196"
        ],
        "x-ms-request-id": [
          "64ab7de4-72f3-468c-809b-c5236eac3909"
        ],
        "x-ms-correlation-request-id": [
          "64ab7de4-72f3-468c-809b-c5236eac3909"
        ],
        "x-ms-routing-request-id": [
          "SOUTHINDIA:20190718T070529Z:64ab7de4-72f3-468c-809b-c5236eac3909"
        ],
        "Strict-Transport-Security": [
          "max-age=31536000; includeSubDomains"
        ],
        "X-Content-Type-Options": [
          "nosniff"
        ],
        "Date": [
          "Thu, 18 Jul 2019 07:05:28 GMT"
        ],
        "Content-Length": [
          "165"
        ],
        "Content-Type": [
          "application/json; charset=utf-8"
        ],
        "Expires": [
          "-1"
        ]
      },
      "ResponseBody": "{\r\n  \"id\": \"/subscriptions/05b5dd1c-793d-41de-be9f-6f9ed142f695/resourceGroups/ps3353\",\r\n  \"name\": \"ps3353\",\r\n  \"location\": \"westus\",\r\n  \"properties\": {\r\n    \"provisioningState\": \"Succeeded\"\r\n  }\r\n}",
      "StatusCode": 201
    },
    {
      "RequestUri": "/subscriptions/05b5dd1c-793d-41de-be9f-6f9ed142f695/resourceGroups/ps3353/providers/Microsoft.Storage/storageAccounts/ps6725?api-version=2017-10-01",
      "EncodedRequestUri": "L3N1YnNjcmlwdGlvbnMvMDViNWRkMWMtNzkzZC00MWRlLWJlOWYtNmY5ZWQxNDJmNjk1L3Jlc291cmNlR3JvdXBzL3BzMzM1My9wcm92aWRlcnMvTWljcm9zb2Z0LlN0b3JhZ2Uvc3RvcmFnZUFjY291bnRzL3BzNjcyNT9hcGktdmVyc2lvbj0yMDE3LTEwLTAx",
      "RequestMethod": "PUT",
      "RequestBody": "{\r\n  \"sku\": {\r\n    \"name\": \"Standard_LRS\"\r\n  },\r\n  \"kind\": \"Storage\",\r\n  \"location\": \"WestUS\"\r\n}",
      "RequestHeaders": {
        "x-ms-client-request-id": [
          "4eec9138-0a39-433f-bc65-3088c6684019"
        ],
        "Accept-Language": [
          "en-US"
        ],
        "User-Agent": [
          "FxVersion/4.6.27617.04",
          "OSName/Windows",
          "OSVersion/Microsoft.Windows.10.0.18362.",
          "Microsoft.Azure.Management.Storage.Version2017.10.01.StorageManagementClient/1.3.1"
        ],
        "Content-Type": [
          "application/json; charset=utf-8"
        ],
        "Content-Length": [
          "96"
        ]
      },
      "ResponseHeaders": {
        "Cache-Control": [
          "no-cache"
        ],
        "Pragma": [
          "no-cache"
        ],
        "Location": [
          "https://management.azure.com/subscriptions/05b5dd1c-793d-41de-be9f-6f9ed142f695/providers/Microsoft.Storage/locations/westus/asyncoperations/33ceb296-638c-474c-92e5-0d78f8905886?monitor=true&api-version=2017-10-01"
        ],
        "Retry-After": [
          "17"
        ],
        "x-ms-request-id": [
          "33ceb296-638c-474c-92e5-0d78f8905886"
        ],
        "Strict-Transport-Security": [
          "max-age=31536000; includeSubDomains"
        ],
        "Server": [
          "Microsoft-Azure-Storage-Resource-Provider/1.0,Microsoft-HTTPAPI/2.0 Microsoft-HTTPAPI/2.0"
        ],
        "x-ms-ratelimit-remaining-subscription-writes": [
          "1197"
        ],
        "x-ms-correlation-request-id": [
          "10777797-f7f1-4352-b60b-598e62e0bff0"
        ],
        "x-ms-routing-request-id": [
          "SOUTHINDIA:20190718T070531Z:10777797-f7f1-4352-b60b-598e62e0bff0"
        ],
        "X-Content-Type-Options": [
          "nosniff"
        ],
        "Date": [
          "Thu, 18 Jul 2019 07:05:31 GMT"
        ],
        "Content-Type": [
          "text/plain; charset=utf-8"
        ],
        "Expires": [
          "-1"
        ],
        "Content-Length": [
          "0"
        ]
      },
      "ResponseBody": "",
      "StatusCode": 202
    },
    {
      "RequestUri": "/subscriptions/05b5dd1c-793d-41de-be9f-6f9ed142f695/providers/Microsoft.Storage/locations/westus/asyncoperations/33ceb296-638c-474c-92e5-0d78f8905886?monitor=true&api-version=2017-10-01",
      "EncodedRequestUri": "L3N1YnNjcmlwdGlvbnMvMDViNWRkMWMtNzkzZC00MWRlLWJlOWYtNmY5ZWQxNDJmNjk1L3Byb3ZpZGVycy9NaWNyb3NvZnQuU3RvcmFnZS9sb2NhdGlvbnMvd2VzdHVzL2FzeW5jb3BlcmF0aW9ucy8zM2NlYjI5Ni02MzhjLTQ3NGMtOTJlNS0wZDc4Zjg5MDU4ODY/bW9uaXRvcj10cnVlJmFwaS12ZXJzaW9uPTIwMTctMTAtMDE=",
      "RequestMethod": "GET",
      "RequestBody": "",
      "RequestHeaders": {
        "User-Agent": [
          "FxVersion/4.6.27617.04",
          "OSName/Windows",
          "OSVersion/Microsoft.Windows.10.0.18362.",
          "Microsoft.Azure.Management.Storage.Version2017.10.01.StorageManagementClient/1.3.1"
        ]
      },
      "ResponseHeaders": {
        "Cache-Control": [
          "no-cache"
        ],
        "Pragma": [
          "no-cache"
        ],
        "x-ms-request-id": [
          "5aafde62-c13b-47af-aa00-d7ea4025b291"
        ],
        "Strict-Transport-Security": [
          "max-age=31536000; includeSubDomains"
        ],
        "Server": [
          "Microsoft-Azure-Storage-Resource-Provider/1.0,Microsoft-HTTPAPI/2.0 Microsoft-HTTPAPI/2.0"
        ],
        "x-ms-ratelimit-remaining-subscription-reads": [
          "11972"
        ],
        "x-ms-correlation-request-id": [
          "92b51865-bee5-49df-abf5-f0f1bb7b0167"
        ],
        "x-ms-routing-request-id": [
          "SOUTHINDIA:20190718T070548Z:92b51865-bee5-49df-abf5-f0f1bb7b0167"
        ],
        "X-Content-Type-Options": [
          "nosniff"
        ],
        "Date": [
          "Thu, 18 Jul 2019 07:05:48 GMT"
        ],
        "Content-Length": [
          "992"
        ],
        "Content-Type": [
          "application/json"
        ],
        "Expires": [
          "-1"
        ]
      },
      "ResponseBody": "{\r\n  \"sku\": {\r\n    \"name\": \"Standard_LRS\",\r\n    \"tier\": \"Standard\"\r\n  },\r\n  \"kind\": \"Storage\",\r\n  \"id\": \"/subscriptions/05b5dd1c-793d-41de-be9f-6f9ed142f695/resourceGroups/ps3353/providers/Microsoft.Storage/storageAccounts/ps6725\",\r\n  \"name\": \"ps6725\",\r\n  \"type\": \"Microsoft.Storage/storageAccounts\",\r\n  \"location\": \"westus\",\r\n  \"tags\": {},\r\n  \"properties\": {\r\n    \"networkAcls\": {\r\n      \"bypass\": \"AzureServices\",\r\n      \"virtualNetworkRules\": [],\r\n      \"ipRules\": [],\r\n      \"defaultAction\": \"Allow\"\r\n    },\r\n    \"supportsHttpsTrafficOnly\": false,\r\n    \"encryption\": {\r\n      \"services\": {\r\n        \"file\": {\r\n          \"enabled\": true,\r\n          \"lastEnabledTime\": \"2019-07-18T07:05:30.7843808Z\"\r\n        },\r\n        \"blob\": {\r\n          \"enabled\": true,\r\n          \"lastEnabledTime\": \"2019-07-18T07:05:30.7843808Z\"\r\n        }\r\n      },\r\n      \"keySource\": \"Microsoft.Storage\"\r\n    },\r\n    \"provisioningState\": \"Succeeded\",\r\n    \"creationTime\": \"2019-07-18T07:05:30.6437724Z\",\r\n    \"primaryEndpoints\": {\r\n      \"blob\": \"https://ps6725.blob.core.windows.net/\",\r\n      \"queue\": \"https://ps6725.queue.core.windows.net/\",\r\n      \"table\": \"https://ps6725.table.core.windows.net/\",\r\n      \"file\": \"https://ps6725.file.core.windows.net/\"\r\n    },\r\n    \"primaryLocation\": \"westus\",\r\n    \"statusOfPrimary\": \"available\"\r\n  }\r\n}",
      "StatusCode": 200
    },
    {
      "RequestUri": "/subscriptions/05b5dd1c-793d-41de-be9f-6f9ed142f695/providers/Microsoft.DataBox/locations/WestUS/validateAddress?api-version=2018-01-01",
      "EncodedRequestUri": "L3N1YnNjcmlwdGlvbnMvMDViNWRkMWMtNzkzZC00MWRlLWJlOWYtNmY5ZWQxNDJmNjk1L3Byb3ZpZGVycy9NaWNyb3NvZnQuRGF0YUJveC9sb2NhdGlvbnMvV2VzdFVTL3ZhbGlkYXRlQWRkcmVzcz9hcGktdmVyc2lvbj0yMDE4LTAxLTAx",
      "RequestMethod": "POST",
      "RequestBody": "{\r\n  \"shippingAddress\": {\r\n    \"streetAddress1\": \"16 TOWNSEND ST\",\r\n    \"city\": \"San Francisco\",\r\n    \"stateOrProvince\": \"CA\",\r\n    \"country\": \"US\",\r\n    \"postalCode\": \"94107\",\r\n    \"addressType\": \"None\"\r\n  },\r\n  \"deviceType\": \"DataBox\"\r\n}",
      "RequestHeaders": {
        "x-ms-client-request-id": [
          "e6ab5722-0af3-430c-9fc6-79d871aa72c4"
        ],
        "Accept-Language": [
          "en-US"
        ],
        "User-Agent": [
          "FxVersion/4.6.27617.04",
          "OSName/Windows",
          "OSVersion/Microsoft.Windows.10.0.18362.",
          "Microsoft.Azure.Management.DataBox.DataBoxManagementClient/1.0.0"
        ],
        "Content-Type": [
          "application/json; charset=utf-8"
        ],
        "Content-Length": [
          "239"
        ]
      },
      "ResponseHeaders": {
        "Cache-Control": [
          "no-cache"
        ],
        "Pragma": [
          "no-cache"
        ],
        "X-Content-Type-Options": [
          "nosniff"
        ],
        "x-ms-request-id": [
          "c9c0f655-98da-44b3-b034-7c808c5a8e4c"
        ],
        "x-ms-client-request-id": [
          "e6ab5722-0af3-430c-9fc6-79d871aa72c4"
        ],
        "X-Powered-By": [
          "ASP.NET"
        ],
        "x-ms-ratelimit-remaining-subscription-writes": [
          "1196"
        ],
        "x-ms-correlation-request-id": [
          "cebedb4c-58ac-4be2-ab91-4f97f8d1a358"
        ],
        "x-ms-routing-request-id": [
          "SOUTHINDIA:20190718T070550Z:cebedb4c-58ac-4be2-ab91-4f97f8d1a358"
        ],
        "Strict-Transport-Security": [
          "max-age=31536000; includeSubDomains"
        ],
        "Date": [
          "Thu, 18 Jul 2019 07:05:49 GMT"
        ],
        "Content-Length": [
          "422"
        ],
        "Content-Type": [
          "application/json; charset=utf-8"
        ],
        "Expires": [
          "-1"
        ]
      },
      "ResponseBody": "{\r\n  \"properties\": {\r\n    \"validationStatus\": \"Valid\",\r\n    \"alternateAddresses\": [\r\n      {\r\n        \"streetAddress1\": \"16 TOWNSEND ST\",\r\n        \"streetAddress2\": \"\",\r\n        \"streetAddress3\": \"\",\r\n        \"city\": \"SAN FRANCISCO\",\r\n        \"stateOrProvince\": \"CA\",\r\n        \"country\": \"US\",\r\n        \"postalCode\": \"94107\",\r\n        \"addressType\": \"None\"\r\n      }\r\n    ],\r\n    \"validationType\": \"ValidateAddress\"\r\n  }\r\n}",
      "StatusCode": 200
    },
    {
      "RequestUri": "/subscriptions/05b5dd1c-793d-41de-be9f-6f9ed142f695/resourceGroups/ps3353/providers/Microsoft.DataBox/jobs/ps7082?api-version=2018-01-01",
      "EncodedRequestUri": "L3N1YnNjcmlwdGlvbnMvMDViNWRkMWMtNzkzZC00MWRlLWJlOWYtNmY5ZWQxNDJmNjk1L3Jlc291cmNlR3JvdXBzL3BzMzM1My9wcm92aWRlcnMvTWljcm9zb2Z0LkRhdGFCb3gvam9icy9wczcwODI/YXBpLXZlcnNpb249MjAxOC0wMS0wMQ==",
      "RequestMethod": "PUT",
      "RequestBody": "{\r\n  \"properties\": {\r\n    \"details\": {\r\n      \"jobDetailsType\": \"DataBox\",\r\n      \"contactDetails\": {\r\n        \"contactName\": \"Random\",\r\n        \"phone\": \"1234567891\",\r\n        \"emailList\": [\r\n          \"abc@outlook.com\"\r\n        ]\r\n      },\r\n      \"shippingAddress\": {\r\n        \"streetAddress1\": \"16 TOWNSEND ST\",\r\n        \"city\": \"San Francisco\",\r\n        \"stateOrProvince\": \"CA\",\r\n        \"country\": \"US\",\r\n        \"postalCode\": \"94107\",\r\n        \"addressType\": \"None\"\r\n      },\r\n      \"destinationAccountDetails\": [\r\n        {\r\n          \"accountId\": \"/subscriptions/05b5dd1c-793d-41de-be9f-6f9ed142f695/resourceGroups/ps3353/providers/Microsoft.Storage/storageAccounts/ps6725\"\r\n        }\r\n      ]\r\n    }\r\n  },\r\n  \"location\": \"WestUS\",\r\n  \"sku\": {\r\n    \"name\": \"DataBox\"\r\n  }\r\n}",
      "RequestHeaders": {
        "x-ms-client-request-id": [
          "c3dc26de-b7cd-4e16-a274-48b0001c4e13"
        ],
        "Accept-Language": [
          "en-US"
        ],
        "User-Agent": [
          "FxVersion/4.6.27617.04",
          "OSName/Windows",
          "OSVersion/Microsoft.Windows.10.0.18362.",
          "Microsoft.Azure.Management.DataBox.DataBoxManagementClient/1.0.0"
        ],
        "Content-Type": [
          "application/json; charset=utf-8"
        ],
        "Content-Length": [
          "782"
        ]
      },
      "ResponseHeaders": {
        "Cache-Control": [
          "no-cache"
        ],
        "Pragma": [
          "no-cache"
        ],
        "Location": [
          "https://management.azure.com/subscriptions/05b5dd1c-793d-41de-be9f-6f9ed142f695/providers/Microsoft.DataBox/locations/WestUS/operationResults/758d0e62-6a5e-4715-9a59-013456989f9a?api-version=2018-01-01"
        ],
        "Retry-After": [
          "10"
        ],
        "X-Content-Type-Options": [
          "nosniff"
        ],
        "x-ms-request-id": [
          "1b30c5aa-3fc2-405f-b955-c30ed342fa4c"
        ],
        "x-ms-client-request-id": [
          "c3dc26de-b7cd-4e16-a274-48b0001c4e13"
        ],
        "X-Powered-By": [
          "ASP.NET"
        ],
        "x-ms-ratelimit-remaining-subscription-writes": [
          "1198"
        ],
        "x-ms-correlation-request-id": [
          "9025fef6-a81d-4277-8d93-a17bbdee4185"
        ],
        "x-ms-routing-request-id": [
          "SOUTHINDIA:20190718T070553Z:9025fef6-a81d-4277-8d93-a17bbdee4185"
        ],
        "Strict-Transport-Security": [
          "max-age=31536000; includeSubDomains"
        ],
        "Date": [
          "Thu, 18 Jul 2019 07:05:53 GMT"
        ],
        "Expires": [
          "-1"
        ],
        "Content-Length": [
          "0"
        ]
      },
      "ResponseBody": "",
      "StatusCode": 202
    },
    {
      "RequestUri": "/subscriptions/05b5dd1c-793d-41de-be9f-6f9ed142f695/providers/Microsoft.DataBox/locations/WestUS/operationResults/758d0e62-6a5e-4715-9a59-013456989f9a?api-version=2018-01-01",
      "EncodedRequestUri": "L3N1YnNjcmlwdGlvbnMvMDViNWRkMWMtNzkzZC00MWRlLWJlOWYtNmY5ZWQxNDJmNjk1L3Byb3ZpZGVycy9NaWNyb3NvZnQuRGF0YUJveC9sb2NhdGlvbnMvV2VzdFVTL29wZXJhdGlvblJlc3VsdHMvNzU4ZDBlNjItNmE1ZS00NzE1LTlhNTktMDEzNDU2OTg5ZjlhP2FwaS12ZXJzaW9uPTIwMTgtMDEtMDE=",
      "RequestMethod": "GET",
      "RequestBody": "",
      "RequestHeaders": {
        "User-Agent": [
          "FxVersion/4.6.27617.04",
          "OSName/Windows",
          "OSVersion/Microsoft.Windows.10.0.18362.",
          "Microsoft.Azure.Management.DataBox.DataBoxManagementClient/1.0.0"
        ]
      },
      "ResponseHeaders": {
        "Cache-Control": [
          "no-cache"
        ],
        "Pragma": [
          "no-cache"
        ],
        "Location": [
          "https://management.azure.com/subscriptions/05b5dd1c-793d-41de-be9f-6f9ed142f695/resourceGroups/ps3353/providers/Microsoft.DataBox/jobs/ps7082?api-version=2018-01-01"
        ],
        "Retry-After": [
          "10"
        ],
        "X-Content-Type-Options": [
          "nosniff"
        ],
        "x-ms-request-id": [
          "46032ecc-02ec-4f50-9299-f5d11b8e487c"
        ],
        "x-ms-client-request-id": [
          "16f88a34-f317-4065-9b52-64a37195112c"
        ],
        "x-ms-ratelimit-remaining-subscription-reads": [
          "11987"
        ],
        "X-Powered-By": [
          "ASP.NET"
        ],
        "x-ms-correlation-request-id": [
          "4ccc37ff-d7d7-4fe2-a452-2b3c1b0844a1"
        ],
        "x-ms-routing-request-id": [
          "SOUTHINDIA:20190718T070604Z:4ccc37ff-d7d7-4fe2-a452-2b3c1b0844a1"
        ],
        "Strict-Transport-Security": [
          "max-age=31536000; includeSubDomains"
        ],
        "Date": [
          "Thu, 18 Jul 2019 07:06:03 GMT"
        ],
        "Expires": [
          "-1"
        ],
        "Content-Length": [
          "0"
        ]
      },
      "ResponseBody": "",
      "StatusCode": 202
    },
    {
      "RequestUri": "/subscriptions/05b5dd1c-793d-41de-be9f-6f9ed142f695/resourceGroups/ps3353/providers/Microsoft.DataBox/jobs/ps7082?api-version=2018-01-01",
      "EncodedRequestUri": "L3N1YnNjcmlwdGlvbnMvMDViNWRkMWMtNzkzZC00MWRlLWJlOWYtNmY5ZWQxNDJmNjk1L3Jlc291cmNlR3JvdXBzL3BzMzM1My9wcm92aWRlcnMvTWljcm9zb2Z0LkRhdGFCb3gvam9icy9wczcwODI/YXBpLXZlcnNpb249MjAxOC0wMS0wMQ==",
      "RequestMethod": "GET",
      "RequestBody": "",
      "RequestHeaders": {
        "User-Agent": [
          "FxVersion/4.6.27617.04",
          "OSName/Windows",
          "OSVersion/Microsoft.Windows.10.0.18362.",
          "Microsoft.Azure.Management.DataBox.DataBoxManagementClient/1.0.0"
        ]
      },
      "ResponseHeaders": {
        "Cache-Control": [
          "no-cache"
        ],
        "Pragma": [
          "no-cache"
        ],
        "X-Content-Type-Options": [
          "nosniff"
        ],
        "x-ms-request-id": [
          "cb19633f-e98d-4875-b642-a5ffd2f5dff3"
        ],
        "x-ms-client-request-id": [
          "184e90a9-bbc6-4a29-b583-0e51593fbdb2"
        ],
        "X-Powered-By": [
          "ASP.NET"
        ],
        "x-ms-ratelimit-remaining-subscription-reads": [
          "11986"
        ],
        "x-ms-correlation-request-id": [
          "791f7d61-1522-4fc4-952b-6dddccfd16aa"
        ],
        "x-ms-routing-request-id": [
          "SOUTHINDIA:20190718T070615Z:791f7d61-1522-4fc4-952b-6dddccfd16aa"
        ],
        "Strict-Transport-Security": [
          "max-age=31536000; includeSubDomains"
        ],
        "Date": [
          "Thu, 18 Jul 2019 07:06:15 GMT"
        ],
        "Content-Length": [
          "474"
        ],
        "Content-Type": [
          "application/json; charset=utf-8"
        ],
        "Expires": [
          "-1"
        ]
      },
      "ResponseBody": "{\r\n  \"properties\": {\r\n    \"isCancellable\": true,\r\n    \"isDeletable\": false,\r\n    \"isShippingAddressEditable\": true,\r\n    \"status\": \"DeviceOrdered\",\r\n    \"startTime\": \"2019-07-18T12:35:53.6476899+05:30\"\r\n  },\r\n  \"location\": \"westus\",\r\n  \"tags\": {},\r\n  \"sku\": {\r\n    \"name\": \"DataBox\"\r\n  },\r\n  \"name\": \"ps7082\",\r\n  \"id\": \"/subscriptions/05b5dd1c-793d-41de-be9f-6f9ed142f695/resourceGroups/ps3353/providers/Microsoft.DataBox/jobs/ps7082\",\r\n  \"type\": \"Microsoft.DataBox/jobs\"\r\n}",
      "StatusCode": 200
    },
    {
      "RequestUri": "/subscriptions/05b5dd1c-793d-41de-be9f-6f9ed142f695/resourceGroups/ps3353/providers/Microsoft.DataBox/jobs/ps7082/listCredentials?api-version=2018-01-01",
      "EncodedRequestUri": "L3N1YnNjcmlwdGlvbnMvMDViNWRkMWMtNzkzZC00MWRlLWJlOWYtNmY5ZWQxNDJmNjk1L3Jlc291cmNlR3JvdXBzL3BzMzM1My9wcm92aWRlcnMvTWljcm9zb2Z0LkRhdGFCb3gvam9icy9wczcwODIvbGlzdENyZWRlbnRpYWxzP2FwaS12ZXJzaW9uPTIwMTgtMDEtMDE=",
      "RequestMethod": "POST",
      "RequestBody": "",
      "RequestHeaders": {
        "x-ms-client-request-id": [
          "5b93a634-fa19-4dce-87be-4c6aa55a884b"
        ],
        "Accept-Language": [
          "en-US"
        ],
        "User-Agent": [
          "FxVersion/4.6.27617.04",
          "OSName/Windows",
          "OSVersion/Microsoft.Windows.10.0.18362.",
          "Microsoft.Azure.Management.DataBox.DataBoxManagementClient/1.0.0"
        ]
      },
      "ResponseHeaders": {
        "Cache-Control": [
          "no-cache"
        ],
        "Pragma": [
          "no-cache"
        ],
        "X-Content-Type-Options": [
          "nosniff"
        ],
        "x-ms-request-id": [
          "5e259b73-5dcf-44d2-907e-777a20898d85"
        ],
        "x-ms-client-request-id": [
          "5b93a634-fa19-4dce-87be-4c6aa55a884b"
        ],
        "X-Powered-By": [
          "ASP.NET"
        ],
        "x-ms-ratelimit-remaining-subscription-writes": [
          "1195"
        ],
        "x-ms-correlation-request-id": [
          "4e0f184b-2cee-43c4-9548-b92a16e5d9a8"
        ],
        "x-ms-routing-request-id": [
          "SOUTHINDIA:20190718T070616Z:4e0f184b-2cee-43c4-9548-b92a16e5d9a8"
        ],
        "Strict-Transport-Security": [
          "max-age=31536000; includeSubDomains"
        ],
        "Date": [
          "Thu, 18 Jul 2019 07:06:15 GMT"
        ],
        "Content-Length": [
          "200"
        ],
        "Content-Type": [
          "application/json; charset=utf-8"
        ],
        "Expires": [
          "-1"
        ]
      },
      "ResponseBody": "{\r\n  \"error\": {\r\n    \"code\": \"SsemUserErrorSecretsNotGenerated\",\r\n    \"message\": \"Secrets are not yet generated.\\r\\nRetry the operation in a few minutes.\",\r\n    \"details\": [\r\n      null\r\n    ]\r\n  }\r\n}",
      "StatusCode": 400
    },
    {
      "RequestUri": "/subscriptions/05b5dd1c-793d-41de-be9f-6f9ed142f695/resourceGroups/ps3353/providers/Microsoft.DataBox/jobs/ps7082/cancel?api-version=2018-01-01",
      "EncodedRequestUri": "L3N1YnNjcmlwdGlvbnMvMDViNWRkMWMtNzkzZC00MWRlLWJlOWYtNmY5ZWQxNDJmNjk1L3Jlc291cmNlR3JvdXBzL3BzMzM1My9wcm92aWRlcnMvTWljcm9zb2Z0LkRhdGFCb3gvam9icy9wczcwODIvY2FuY2VsP2FwaS12ZXJzaW9uPTIwMTgtMDEtMDE=",
      "RequestMethod": "POST",
      "RequestBody": "{\r\n  \"reason\": \"Random\"\r\n}",
      "RequestHeaders": {
        "x-ms-client-request-id": [
          "4b28c0e4-2683-4e05-b7c7-758351e02e9f"
        ],
        "Accept-Language": [
          "en-US"
        ],
        "User-Agent": [
          "FxVersion/4.6.27617.04",
          "OSName/Windows",
          "OSVersion/Microsoft.Windows.10.0.18362.",
          "Microsoft.Azure.Management.DataBox.DataBoxManagementClient/1.0.0"
        ],
        "Content-Type": [
          "application/json; charset=utf-8"
        ],
        "Content-Length": [
          "26"
        ]
      },
      "ResponseHeaders": {
        "Cache-Control": [
          "no-cache"
        ],
        "Pragma": [
          "no-cache"
        ],
        "X-Content-Type-Options": [
          "nosniff"
        ],
        "x-ms-request-id": [
          "d9ca11cf-4879-40bb-ad25-44ab5412641e"
        ],
        "x-ms-client-request-id": [
          "4b28c0e4-2683-4e05-b7c7-758351e02e9f"
        ],
        "X-Powered-By": [
          "ASP.NET"
        ],
        "x-ms-ratelimit-remaining-subscription-writes": [
          "1194"
        ],
        "x-ms-correlation-request-id": [
          "5b5a7276-d1c6-4453-b6e9-23affb59a30d"
        ],
        "x-ms-routing-request-id": [
          "SOUTHINDIA:20190718T070616Z:5b5a7276-d1c6-4453-b6e9-23affb59a30d"
        ],
        "Strict-Transport-Security": [
          "max-age=31536000; includeSubDomains"
        ],
        "Date": [
          "Thu, 18 Jul 2019 07:06:16 GMT"
        ],
        "Expires": [
          "-1"
        ]
      },
      "ResponseBody": "",
      "StatusCode": 204
    },
    {
      "RequestUri": "/subscriptions/05b5dd1c-793d-41de-be9f-6f9ed142f695/resourceGroups/ps3353/providers/Microsoft.DataBox/jobs/ps7082?api-version=2018-01-01",
      "EncodedRequestUri": "L3N1YnNjcmlwdGlvbnMvMDViNWRkMWMtNzkzZC00MWRlLWJlOWYtNmY5ZWQxNDJmNjk1L3Jlc291cmNlR3JvdXBzL3BzMzM1My9wcm92aWRlcnMvTWljcm9zb2Z0LkRhdGFCb3gvam9icy9wczcwODI/YXBpLXZlcnNpb249MjAxOC0wMS0wMQ==",
      "RequestMethod": "DELETE",
      "RequestBody": "",
      "RequestHeaders": {
        "x-ms-client-request-id": [
          "bcbe8c7a-72b3-4016-b613-3e580756c246"
        ],
        "Accept-Language": [
          "en-US"
        ],
        "User-Agent": [
          "FxVersion/4.6.27617.04",
          "OSName/Windows",
          "OSVersion/Microsoft.Windows.10.0.18362.",
          "Microsoft.Azure.Management.DataBox.DataBoxManagementClient/1.0.0"
        ]
      },
      "ResponseHeaders": {
        "Cache-Control": [
          "no-cache"
        ],
        "Pragma": [
          "no-cache"
        ],
        "Location": [
          "https://management.azure.com/subscriptions/05b5dd1c-793d-41de-be9f-6f9ed142f695/providers/Microsoft.DataBox/locations/westus/operationResults/758d0e62-6a5e-4715-9a59-013456989f9a-deleteorder?api-version=2018-01-01"
        ],
        "Retry-After": [
          "10"
        ],
        "X-Content-Type-Options": [
          "nosniff"
        ],
        "x-ms-request-id": [
          "2b6a7978-0c93-4442-a130-a6e407a87bf8"
        ],
        "x-ms-client-request-id": [
          "bcbe8c7a-72b3-4016-b613-3e580756c246"
        ],
        "X-Powered-By": [
          "ASP.NET"
        ],
        "x-ms-ratelimit-remaining-subscription-deletes": [
          "14998"
        ],
        "x-ms-correlation-request-id": [
          "a2013406-9be5-4edb-a64b-9d00db15da17"
        ],
        "x-ms-routing-request-id": [
          "SOUTHINDIA:20190718T070617Z:a2013406-9be5-4edb-a64b-9d00db15da17"
        ],
        "Strict-Transport-Security": [
          "max-age=31536000; includeSubDomains"
        ],
        "Date": [
          "Thu, 18 Jul 2019 07:06:17 GMT"
        ],
        "Expires": [
          "-1"
        ],
        "Content-Length": [
          "0"
        ]
      },
      "ResponseBody": "",
      "StatusCode": 202
    },
    {
      "RequestUri": "/subscriptions/05b5dd1c-793d-41de-be9f-6f9ed142f695/providers/Microsoft.DataBox/locations/westus/operationResults/758d0e62-6a5e-4715-9a59-013456989f9a-deleteorder?api-version=2018-01-01",
      "EncodedRequestUri": "L3N1YnNjcmlwdGlvbnMvMDViNWRkMWMtNzkzZC00MWRlLWJlOWYtNmY5ZWQxNDJmNjk1L3Byb3ZpZGVycy9NaWNyb3NvZnQuRGF0YUJveC9sb2NhdGlvbnMvd2VzdHVzL29wZXJhdGlvblJlc3VsdHMvNzU4ZDBlNjItNmE1ZS00NzE1LTlhNTktMDEzNDU2OTg5ZjlhLWRlbGV0ZW9yZGVyP2FwaS12ZXJzaW9uPTIwMTgtMDEtMDE=",
      "RequestMethod": "GET",
      "RequestBody": "",
      "RequestHeaders": {
        "User-Agent": [
          "FxVersion/4.6.27617.04",
          "OSName/Windows",
          "OSVersion/Microsoft.Windows.10.0.18362.",
          "Microsoft.Azure.Management.DataBox.DataBoxManagementClient/1.0.0"
        ]
      },
      "ResponseHeaders": {
        "Cache-Control": [
          "no-cache"
        ],
        "Pragma": [
          "no-cache"
        ],
        "Location": [
          "https://management.azure.com/subscriptions/05b5dd1c-793d-41de-be9f-6f9ed142f695/providers/Microsoft.DataBox/locations/westus/operationResults/758d0e62-6a5e-4715-9a59-013456989f9a-deleteorder?api-version=2018-01-01"
        ],
        "Retry-After": [
          "10"
        ],
        "X-Content-Type-Options": [
          "nosniff"
        ],
        "x-ms-request-id": [
          "e6a36200-0512-49b0-bddc-95b6038faba3"
        ],
        "x-ms-client-request-id": [
          "e53449ba-877c-4120-a85e-d2dee8137163"
        ],
        "X-Powered-By": [
          "ASP.NET"
        ],
        "x-ms-ratelimit-remaining-subscription-reads": [
          "11985"
        ],
        "x-ms-correlation-request-id": [
          "a6e6879d-03fd-4ce9-b965-d7ba405401e8"
        ],
        "x-ms-routing-request-id": [
          "SOUTHINDIA:20190718T070627Z:a6e6879d-03fd-4ce9-b965-d7ba405401e8"
        ],
        "Strict-Transport-Security": [
          "max-age=31536000; includeSubDomains"
        ],
        "Date": [
          "Thu, 18 Jul 2019 07:06:27 GMT"
        ],
        "Expires": [
          "-1"
        ],
        "Content-Length": [
          "0"
        ]
      },
      "ResponseBody": "",
      "StatusCode": 202
    },
    {
      "RequestUri": "/subscriptions/05b5dd1c-793d-41de-be9f-6f9ed142f695/providers/Microsoft.DataBox/locations/westus/operationResults/758d0e62-6a5e-4715-9a59-013456989f9a-deleteorder?api-version=2018-01-01",
      "EncodedRequestUri": "L3N1YnNjcmlwdGlvbnMvMDViNWRkMWMtNzkzZC00MWRlLWJlOWYtNmY5ZWQxNDJmNjk1L3Byb3ZpZGVycy9NaWNyb3NvZnQuRGF0YUJveC9sb2NhdGlvbnMvd2VzdHVzL29wZXJhdGlvblJlc3VsdHMvNzU4ZDBlNjItNmE1ZS00NzE1LTlhNTktMDEzNDU2OTg5ZjlhLWRlbGV0ZW9yZGVyP2FwaS12ZXJzaW9uPTIwMTgtMDEtMDE=",
      "RequestMethod": "GET",
      "RequestBody": "",
      "RequestHeaders": {
        "User-Agent": [
          "FxVersion/4.6.27617.04",
          "OSName/Windows",
          "OSVersion/Microsoft.Windows.10.0.18362.",
          "Microsoft.Azure.Management.DataBox.DataBoxManagementClient/1.0.0"
        ]
      },
      "ResponseHeaders": {
        "Cache-Control": [
          "no-cache"
        ],
        "Pragma": [
          "no-cache"
        ],
        "Location": [
          "https://management.azure.com/subscriptions/05b5dd1c-793d-41de-be9f-6f9ed142f695/providers/Microsoft.DataBox/locations/westus/operationResults/758d0e62-6a5e-4715-9a59-013456989f9a-deleteorder?api-version=2018-01-01"
        ],
        "Retry-After": [
          "10"
        ],
        "X-Content-Type-Options": [
          "nosniff"
        ],
        "x-ms-request-id": [
          "d678ee80-a7f1-46c3-8f8a-00acd6ffeaf4"
        ],
        "x-ms-client-request-id": [
          "68f731bb-4639-41b9-a9c1-e51cef1063c3"
        ],
        "X-Powered-By": [
          "ASP.NET"
        ],
        "x-ms-ratelimit-remaining-subscription-reads": [
          "11984"
        ],
        "x-ms-correlation-request-id": [
          "14518fd3-92e5-4acb-a635-4021ffd2329f"
        ],
        "x-ms-routing-request-id": [
          "SOUTHINDIA:20190718T070638Z:14518fd3-92e5-4acb-a635-4021ffd2329f"
        ],
        "Strict-Transport-Security": [
          "max-age=31536000; includeSubDomains"
        ],
        "Date": [
          "Thu, 18 Jul 2019 07:06:37 GMT"
        ],
        "Expires": [
          "-1"
        ],
        "Content-Length": [
          "0"
        ]
      },
      "ResponseBody": "",
      "StatusCode": 202
    },
    {
      "RequestUri": "/subscriptions/05b5dd1c-793d-41de-be9f-6f9ed142f695/providers/Microsoft.DataBox/locations/westus/operationResults/758d0e62-6a5e-4715-9a59-013456989f9a-deleteorder?api-version=2018-01-01",
      "EncodedRequestUri": "L3N1YnNjcmlwdGlvbnMvMDViNWRkMWMtNzkzZC00MWRlLWJlOWYtNmY5ZWQxNDJmNjk1L3Byb3ZpZGVycy9NaWNyb3NvZnQuRGF0YUJveC9sb2NhdGlvbnMvd2VzdHVzL29wZXJhdGlvblJlc3VsdHMvNzU4ZDBlNjItNmE1ZS00NzE1LTlhNTktMDEzNDU2OTg5ZjlhLWRlbGV0ZW9yZGVyP2FwaS12ZXJzaW9uPTIwMTgtMDEtMDE=",
      "RequestMethod": "GET",
      "RequestBody": "",
      "RequestHeaders": {
        "User-Agent": [
          "FxVersion/4.6.27617.04",
          "OSName/Windows",
          "OSVersion/Microsoft.Windows.10.0.18362.",
          "Microsoft.Azure.Management.DataBox.DataBoxManagementClient/1.0.0"
        ]
      },
      "ResponseHeaders": {
        "Cache-Control": [
          "no-cache"
        ],
        "Pragma": [
          "no-cache"
        ],
        "Location": [
          "https://management.azure.com/subscriptions/05b5dd1c-793d-41de-be9f-6f9ed142f695/providers/Microsoft.DataBox/locations/westus/operationResults/758d0e62-6a5e-4715-9a59-013456989f9a-deleteorder?api-version=2018-01-01"
        ],
        "Retry-After": [
          "10"
        ],
        "X-Content-Type-Options": [
          "nosniff"
        ],
        "x-ms-request-id": [
          "73775102-75d8-47a8-9fb6-6e411a198fa9"
        ],
        "x-ms-client-request-id": [
          "f2be51fa-90cb-45de-8d2c-9e261be80c2c"
        ],
        "X-Powered-By": [
          "ASP.NET"
        ],
        "x-ms-ratelimit-remaining-subscription-reads": [
          "11983"
        ],
        "x-ms-correlation-request-id": [
          "96d941d8-0f30-4ad6-9313-a43b289bcb86"
        ],
        "x-ms-routing-request-id": [
          "SOUTHINDIA:20190718T070648Z:96d941d8-0f30-4ad6-9313-a43b289bcb86"
        ],
        "Strict-Transport-Security": [
          "max-age=31536000; includeSubDomains"
        ],
        "Date": [
          "Thu, 18 Jul 2019 07:06:48 GMT"
        ],
        "Expires": [
          "-1"
        ],
        "Content-Length": [
          "0"
        ]
      },
      "ResponseBody": "",
      "StatusCode": 202
    },
    {
      "RequestUri": "/subscriptions/05b5dd1c-793d-41de-be9f-6f9ed142f695/providers/Microsoft.DataBox/locations/westus/operationResults/758d0e62-6a5e-4715-9a59-013456989f9a-deleteorder?api-version=2018-01-01",
      "EncodedRequestUri": "L3N1YnNjcmlwdGlvbnMvMDViNWRkMWMtNzkzZC00MWRlLWJlOWYtNmY5ZWQxNDJmNjk1L3Byb3ZpZGVycy9NaWNyb3NvZnQuRGF0YUJveC9sb2NhdGlvbnMvd2VzdHVzL29wZXJhdGlvblJlc3VsdHMvNzU4ZDBlNjItNmE1ZS00NzE1LTlhNTktMDEzNDU2OTg5ZjlhLWRlbGV0ZW9yZGVyP2FwaS12ZXJzaW9uPTIwMTgtMDEtMDE=",
      "RequestMethod": "GET",
      "RequestBody": "",
      "RequestHeaders": {
        "User-Agent": [
          "FxVersion/4.6.27617.04",
          "OSName/Windows",
          "OSVersion/Microsoft.Windows.10.0.18362.",
          "Microsoft.Azure.Management.DataBox.DataBoxManagementClient/1.0.0"
        ]
      },
      "ResponseHeaders": {
        "Cache-Control": [
          "no-cache"
        ],
        "Pragma": [
          "no-cache"
        ],
        "Location": [
          "https://management.azure.com/subscriptions/05b5dd1c-793d-41de-be9f-6f9ed142f695/providers/Microsoft.DataBox/locations/westus/operationResults/758d0e62-6a5e-4715-9a59-013456989f9a-deleteorder?api-version=2018-01-01"
        ],
        "Retry-After": [
          "10"
        ],
        "X-Content-Type-Options": [
          "nosniff"
        ],
        "x-ms-request-id": [
          "d8017bae-4b16-4b08-8ebe-831946a99e0f"
        ],
        "x-ms-client-request-id": [
          "91e7dac0-cadd-4ad7-944f-fbb3d3687a6c"
        ],
        "X-Powered-By": [
          "ASP.NET"
        ],
        "x-ms-ratelimit-remaining-subscription-reads": [
          "11982"
        ],
        "x-ms-correlation-request-id": [
          "23bc4227-4969-4012-a35d-32921fe074dc"
        ],
        "x-ms-routing-request-id": [
          "SOUTHINDIA:20190718T070658Z:23bc4227-4969-4012-a35d-32921fe074dc"
        ],
        "Strict-Transport-Security": [
          "max-age=31536000; includeSubDomains"
        ],
        "Date": [
          "Thu, 18 Jul 2019 07:06:58 GMT"
        ],
        "Expires": [
          "-1"
        ],
        "Content-Length": [
          "0"
        ]
      },
      "ResponseBody": "",
      "StatusCode": 202
    },
    {
      "RequestUri": "/subscriptions/05b5dd1c-793d-41de-be9f-6f9ed142f695/providers/Microsoft.DataBox/locations/westus/operationResults/758d0e62-6a5e-4715-9a59-013456989f9a-deleteorder?api-version=2018-01-01",
      "EncodedRequestUri": "L3N1YnNjcmlwdGlvbnMvMDViNWRkMWMtNzkzZC00MWRlLWJlOWYtNmY5ZWQxNDJmNjk1L3Byb3ZpZGVycy9NaWNyb3NvZnQuRGF0YUJveC9sb2NhdGlvbnMvd2VzdHVzL29wZXJhdGlvblJlc3VsdHMvNzU4ZDBlNjItNmE1ZS00NzE1LTlhNTktMDEzNDU2OTg5ZjlhLWRlbGV0ZW9yZGVyP2FwaS12ZXJzaW9uPTIwMTgtMDEtMDE=",
      "RequestMethod": "GET",
      "RequestBody": "",
      "RequestHeaders": {
        "User-Agent": [
          "FxVersion/4.6.27617.04",
          "OSName/Windows",
          "OSVersion/Microsoft.Windows.10.0.18362.",
          "Microsoft.Azure.Management.DataBox.DataBoxManagementClient/1.0.0"
        ]
      },
      "ResponseHeaders": {
        "Cache-Control": [
          "no-cache"
        ],
        "Pragma": [
          "no-cache"
        ],
        "Location": [
          "https://management.azure.com/subscriptions/05b5dd1c-793d-41de-be9f-6f9ed142f695/providers/Microsoft.DataBox/locations/westus/operationResults/758d0e62-6a5e-4715-9a59-013456989f9a-deleteorder?api-version=2018-01-01"
        ],
        "Retry-After": [
          "10"
        ],
        "X-Content-Type-Options": [
          "nosniff"
        ],
        "x-ms-request-id": [
          "ec4de66e-f7a1-4483-af3c-33613a7dd864"
        ],
        "x-ms-client-request-id": [
          "0991a8a9-06fe-4104-b56e-8ab18ea35334"
        ],
        "X-Powered-By": [
          "ASP.NET"
        ],
        "x-ms-ratelimit-remaining-subscription-reads": [
          "11981"
        ],
        "x-ms-correlation-request-id": [
          "d6fd255f-feb5-4c52-b846-802608199dc2"
        ],
        "x-ms-routing-request-id": [
          "SOUTHINDIA:20190718T070709Z:d6fd255f-feb5-4c52-b846-802608199dc2"
        ],
        "Strict-Transport-Security": [
          "max-age=31536000; includeSubDomains"
        ],
        "Date": [
          "Thu, 18 Jul 2019 07:07:08 GMT"
        ],
        "Expires": [
          "-1"
        ],
        "Content-Length": [
          "0"
        ]
      },
      "ResponseBody": "",
      "StatusCode": 202
    },
    {
      "RequestUri": "/subscriptions/05b5dd1c-793d-41de-be9f-6f9ed142f695/providers/Microsoft.DataBox/locations/westus/operationResults/758d0e62-6a5e-4715-9a59-013456989f9a-deleteorder?api-version=2018-01-01",
      "EncodedRequestUri": "L3N1YnNjcmlwdGlvbnMvMDViNWRkMWMtNzkzZC00MWRlLWJlOWYtNmY5ZWQxNDJmNjk1L3Byb3ZpZGVycy9NaWNyb3NvZnQuRGF0YUJveC9sb2NhdGlvbnMvd2VzdHVzL29wZXJhdGlvblJlc3VsdHMvNzU4ZDBlNjItNmE1ZS00NzE1LTlhNTktMDEzNDU2OTg5ZjlhLWRlbGV0ZW9yZGVyP2FwaS12ZXJzaW9uPTIwMTgtMDEtMDE=",
      "RequestMethod": "GET",
      "RequestBody": "",
      "RequestHeaders": {
        "User-Agent": [
          "FxVersion/4.6.27617.04",
          "OSName/Windows",
          "OSVersion/Microsoft.Windows.10.0.18362.",
          "Microsoft.Azure.Management.DataBox.DataBoxManagementClient/1.0.0"
        ]
      },
      "ResponseHeaders": {
        "Cache-Control": [
          "no-cache"
        ],
        "Pragma": [
          "no-cache"
        ],
        "Location": [
          "https://management.azure.com/subscriptions/05b5dd1c-793d-41de-be9f-6f9ed142f695/providers/Microsoft.DataBox/locations/westus/operationResults/758d0e62-6a5e-4715-9a59-013456989f9a-deleteorder?api-version=2018-01-01"
        ],
        "Retry-After": [
          "10"
        ],
        "X-Content-Type-Options": [
          "nosniff"
        ],
        "x-ms-request-id": [
          "090607cd-1e22-458b-8d62-ba0b7779ca99"
        ],
        "x-ms-client-request-id": [
          "805e86c4-23f7-4740-82b6-024eea260b15"
        ],
        "X-Powered-By": [
          "ASP.NET"
        ],
        "x-ms-ratelimit-remaining-subscription-reads": [
          "11980"
        ],
        "x-ms-correlation-request-id": [
          "d17d37b2-4b2a-40a5-b76b-a1143dd766ed"
        ],
        "x-ms-routing-request-id": [
          "SOUTHINDIA:20190718T070719Z:d17d37b2-4b2a-40a5-b76b-a1143dd766ed"
        ],
        "Strict-Transport-Security": [
          "max-age=31536000; includeSubDomains"
        ],
        "Date": [
          "Thu, 18 Jul 2019 07:07:18 GMT"
        ],
        "Expires": [
          "-1"
        ],
        "Content-Length": [
          "0"
        ]
      },
      "ResponseBody": "",
      "StatusCode": 202
    },
    {
      "RequestUri": "/subscriptions/05b5dd1c-793d-41de-be9f-6f9ed142f695/providers/Microsoft.DataBox/locations/westus/operationResults/758d0e62-6a5e-4715-9a59-013456989f9a-deleteorder?api-version=2018-01-01",
      "EncodedRequestUri": "L3N1YnNjcmlwdGlvbnMvMDViNWRkMWMtNzkzZC00MWRlLWJlOWYtNmY5ZWQxNDJmNjk1L3Byb3ZpZGVycy9NaWNyb3NvZnQuRGF0YUJveC9sb2NhdGlvbnMvd2VzdHVzL29wZXJhdGlvblJlc3VsdHMvNzU4ZDBlNjItNmE1ZS00NzE1LTlhNTktMDEzNDU2OTg5ZjlhLWRlbGV0ZW9yZGVyP2FwaS12ZXJzaW9uPTIwMTgtMDEtMDE=",
      "RequestMethod": "GET",
      "RequestBody": "",
      "RequestHeaders": {
        "User-Agent": [
          "FxVersion/4.6.27617.04",
          "OSName/Windows",
          "OSVersion/Microsoft.Windows.10.0.18362.",
          "Microsoft.Azure.Management.DataBox.DataBoxManagementClient/1.0.0"
        ]
      },
      "ResponseHeaders": {
        "Cache-Control": [
          "no-cache"
        ],
        "Pragma": [
          "no-cache"
        ],
        "Location": [
          "https://management.azure.com/subscriptions/05b5dd1c-793d-41de-be9f-6f9ed142f695/providers/Microsoft.DataBox/locations/westus/operationResults/758d0e62-6a5e-4715-9a59-013456989f9a-deleteorder?api-version=2018-01-01"
        ],
        "Retry-After": [
          "10"
        ],
        "X-Content-Type-Options": [
          "nosniff"
        ],
        "x-ms-request-id": [
          "cb7f94b2-6426-41c1-9d1f-21bf03207330"
        ],
        "x-ms-client-request-id": [
          "302818f6-e14f-4a31-934b-9c06ec0d2fb7"
        ],
        "x-ms-ratelimit-remaining-subscription-reads": [
          "11979"
        ],
        "X-Powered-By": [
          "ASP.NET"
        ],
        "x-ms-correlation-request-id": [
          "7d0279b8-d118-4018-bc35-e12c3f335d5b"
        ],
        "x-ms-routing-request-id": [
          "SOUTHINDIA:20190718T070729Z:7d0279b8-d118-4018-bc35-e12c3f335d5b"
        ],
        "Strict-Transport-Security": [
          "max-age=31536000; includeSubDomains"
        ],
        "Date": [
          "Thu, 18 Jul 2019 07:07:29 GMT"
        ],
        "Expires": [
          "-1"
        ],
        "Content-Length": [
          "0"
        ]
      },
      "ResponseBody": "",
      "StatusCode": 202
    },
    {
      "RequestUri": "/subscriptions/05b5dd1c-793d-41de-be9f-6f9ed142f695/providers/Microsoft.DataBox/locations/westus/operationResults/758d0e62-6a5e-4715-9a59-013456989f9a-deleteorder?api-version=2018-01-01",
      "EncodedRequestUri": "L3N1YnNjcmlwdGlvbnMvMDViNWRkMWMtNzkzZC00MWRlLWJlOWYtNmY5ZWQxNDJmNjk1L3Byb3ZpZGVycy9NaWNyb3NvZnQuRGF0YUJveC9sb2NhdGlvbnMvd2VzdHVzL29wZXJhdGlvblJlc3VsdHMvNzU4ZDBlNjItNmE1ZS00NzE1LTlhNTktMDEzNDU2OTg5ZjlhLWRlbGV0ZW9yZGVyP2FwaS12ZXJzaW9uPTIwMTgtMDEtMDE=",
      "RequestMethod": "GET",
      "RequestBody": "",
      "RequestHeaders": {
        "User-Agent": [
          "FxVersion/4.6.27617.04",
          "OSName/Windows",
          "OSVersion/Microsoft.Windows.10.0.18362.",
          "Microsoft.Azure.Management.DataBox.DataBoxManagementClient/1.0.0"
        ]
      },
      "ResponseHeaders": {
        "Cache-Control": [
          "no-cache"
        ],
        "Pragma": [
          "no-cache"
        ],
        "X-Content-Type-Options": [
          "nosniff"
        ],
        "x-ms-request-id": [
          "f8f05896-7a6a-4331-9167-79e964c9ad17"
        ],
        "x-ms-client-request-id": [
          "74f4df2e-dcdb-46ca-9787-229ee297ff3e"
        ],
        "X-Powered-By": [
          "ASP.NET"
        ],
        "x-ms-ratelimit-remaining-subscription-reads": [
          "11978"
        ],
        "x-ms-correlation-request-id": [
          "85ff915b-3d7d-42f4-b2e7-21d93535b55c"
        ],
        "x-ms-routing-request-id": [
          "SOUTHINDIA:20190718T070740Z:85ff915b-3d7d-42f4-b2e7-21d93535b55c"
        ],
        "Strict-Transport-Security": [
          "max-age=31536000; includeSubDomains"
        ],
        "Date": [
          "Thu, 18 Jul 2019 07:07:40 GMT"
        ],
        "Expires": [
          "-1"
        ]
      },
      "ResponseBody": "",
      "StatusCode": 204
    },
    {
      "RequestUri": "/subscriptions/05b5dd1c-793d-41de-be9f-6f9ed142f695/providers/Microsoft.DataBox/locations/westus/operationResults/758d0e62-6a5e-4715-9a59-013456989f9a-deleteorder?api-version=2018-01-01",
      "EncodedRequestUri": "L3N1YnNjcmlwdGlvbnMvMDViNWRkMWMtNzkzZC00MWRlLWJlOWYtNmY5ZWQxNDJmNjk1L3Byb3ZpZGVycy9NaWNyb3NvZnQuRGF0YUJveC9sb2NhdGlvbnMvd2VzdHVzL29wZXJhdGlvblJlc3VsdHMvNzU4ZDBlNjItNmE1ZS00NzE1LTlhNTktMDEzNDU2OTg5ZjlhLWRlbGV0ZW9yZGVyP2FwaS12ZXJzaW9uPTIwMTgtMDEtMDE=",
      "RequestMethod": "GET",
      "RequestBody": "",
      "RequestHeaders": {
        "User-Agent": [
          "FxVersion/4.6.27617.04",
          "OSName/Windows",
          "OSVersion/Microsoft.Windows.10.0.18362.",
          "Microsoft.Azure.Management.DataBox.DataBoxManagementClient/1.0.0"
        ]
      },
      "ResponseHeaders": {
        "Cache-Control": [
          "no-cache"
        ],
        "Pragma": [
          "no-cache"
        ],
        "X-Content-Type-Options": [
          "nosniff"
        ],
        "x-ms-request-id": [
          "7ee63081-c9f6-4af1-824b-eb6607c29d9f"
        ],
        "x-ms-client-request-id": [
          "ab1378ab-a6be-46f3-9744-c6be0672eac8"
        ],
        "X-Powered-By": [
          "ASP.NET"
        ],
        "x-ms-ratelimit-remaining-subscription-reads": [
          "11977"
        ],
        "x-ms-correlation-request-id": [
          "bbe7347b-a44d-4adf-bb09-245eeebd55ea"
        ],
        "x-ms-routing-request-id": [
          "SOUTHINDIA:20190718T070741Z:bbe7347b-a44d-4adf-bb09-245eeebd55ea"
        ],
        "Strict-Transport-Security": [
          "max-age=31536000; includeSubDomains"
        ],
        "Date": [
          "Thu, 18 Jul 2019 07:07:40 GMT"
        ],
        "Expires": [
          "-1"
        ]
      },
      "ResponseBody": "",
      "StatusCode": 204
    },
    {
      "RequestUri": "/subscriptions/05b5dd1c-793d-41de-be9f-6f9ed142f695/resourceGroups/ps3353/providers/Microsoft.Storage/storageAccounts/ps6725?api-version=2017-10-01",
      "EncodedRequestUri": "L3N1YnNjcmlwdGlvbnMvMDViNWRkMWMtNzkzZC00MWRlLWJlOWYtNmY5ZWQxNDJmNjk1L3Jlc291cmNlR3JvdXBzL3BzMzM1My9wcm92aWRlcnMvTWljcm9zb2Z0LlN0b3JhZ2Uvc3RvcmFnZUFjY291bnRzL3BzNjcyNT9hcGktdmVyc2lvbj0yMDE3LTEwLTAx",
      "RequestMethod": "DELETE",
      "RequestBody": "",
      "RequestHeaders": {
        "x-ms-client-request-id": [
          "37f3d4ca-0e16-4ce7-8863-15b4f34c5f98"
        ],
        "Accept-Language": [
          "en-US"
        ],
        "User-Agent": [
          "FxVersion/4.6.27617.04",
          "OSName/Windows",
          "OSVersion/Microsoft.Windows.10.0.18362.",
          "Microsoft.Azure.Management.Storage.Version2017.10.01.StorageManagementClient/1.3.1"
        ]
      },
      "ResponseHeaders": {
        "Cache-Control": [
          "no-cache"
        ],
        "Pragma": [
          "no-cache"
        ],
        "x-ms-request-id": [
          "ff5999e5-b6d3-4119-8b91-c6a85619fac0"
        ],
        "Strict-Transport-Security": [
          "max-age=31536000; includeSubDomains"
        ],
        "x-ms-ratelimit-remaining-subscription-deletes": [
          "14996"
        ],
        "Server": [
          "Microsoft-Azure-Storage-Resource-Provider/1.0,Microsoft-HTTPAPI/2.0 Microsoft-HTTPAPI/2.0"
        ],
        "x-ms-correlation-request-id": [
          "026dea56-16a5-4e76-bfcd-1e85390c0bba"
        ],
        "x-ms-routing-request-id": [
          "SOUTHINDIA:20190718T070744Z:026dea56-16a5-4e76-bfcd-1e85390c0bba"
        ],
        "X-Content-Type-Options": [
          "nosniff"
        ],
        "Date": [
          "Thu, 18 Jul 2019 07:07:44 GMT"
        ],
        "Content-Type": [
          "text/plain; charset=utf-8"
        ],
        "Expires": [
          "-1"
        ],
        "Content-Length": [
          "0"
        ]
      },
      "ResponseBody": "",
      "StatusCode": 200
    }
  ],
  "Names": {
    "Test-GetCredentialForNewlyCreatedJob": [
      "ps7082",
      "ps3353",
      "ps6725"
    ]
  },
  "Variables": {
    "SubscriptionId": "05b5dd1c-793d-41de-be9f-6f9ed142f695"
  }
}