{
  "Entries": [
    {
      "RequestUri": "/subscriptions/947d47b4-7883-4bb9-9d85-c5e8e2f572ce/resourcegroups/ps4438?api-version=2016-09-01",
      "EncodedRequestUri": "L3N1YnNjcmlwdGlvbnMvOTQ3ZDQ3YjQtNzg4My00YmI5LTlkODUtYzVlOGUyZjU3MmNlL3Jlc291cmNlZ3JvdXBzL3BzNDQzOD9hcGktdmVyc2lvbj0yMDE2LTA5LTAx",
      "RequestMethod": "PUT",
      "RequestBody": "{\r\n  \"location\": \"West US\"\r\n}",
      "RequestHeaders": {
        "Content-Type": [
          "application/json; charset=utf-8"
        ],
        "Content-Length": [
          "29"
        ],
        "x-ms-client-request-id": [
          "3347c484-91b7-4dc9-966d-9e18d98736a2"
        ],
        "accept-language": [
          "en-US"
        ],
        "User-Agent": [
          "FxVersion/4.7.3130.0",
          "OSName/Windows8.1Enterprise",
          "OSVersion/6.3.9600",
          "Microsoft.Azure.Management.Internal.Resources.ResourceManagementClient/4.1.0"
        ]
      },
      "ResponseBody": "{\r\n  \"id\": \"/subscriptions/947d47b4-7883-4bb9-9d85-c5e8e2f572ce/resourceGroups/ps4438\",\r\n  \"name\": \"ps4438\",\r\n  \"location\": \"westus\",\r\n  \"properties\": {\r\n    \"provisioningState\": \"Succeeded\"\r\n  }\r\n}",
      "ResponseHeaders": {
        "Content-Length": [
          "165"
        ],
        "Content-Type": [
          "application/json; charset=utf-8"
        ],
        "Expires": [
          "-1"
        ],
        "Pragma": [
          "no-cache"
        ],
        "x-ms-ratelimit-remaining-subscription-writes": [
          "1199"
        ],
        "x-ms-request-id": [
          "120d127f-2368-4f0f-9d81-6ed8198f9eea"
        ],
        "x-ms-correlation-request-id": [
          "120d127f-2368-4f0f-9d81-6ed8198f9eea"
        ],
        "x-ms-routing-request-id": [
          "UKSOUTH2:20180813T141208Z:120d127f-2368-4f0f-9d81-6ed8198f9eea"
        ],
        "Strict-Transport-Security": [
          "max-age=31536000; includeSubDomains"
        ],
        "X-Content-Type-Options": [
          "nosniff"
        ],
        "Cache-Control": [
          "no-cache"
        ],
        "Date": [
          "Mon, 13 Aug 2018 14:12:08 GMT"
        ]
      },
      "StatusCode": 201
    },
    {
      "RequestUri": "/subscriptions/947d47b4-7883-4bb9-9d85-c5e8e2f572ce/resourceGroups/ps4438/providers/Microsoft.Network/networkWatchers/ps8865?api-version=2018-07-01",
      "EncodedRequestUri": "L3N1YnNjcmlwdGlvbnMvOTQ3ZDQ3YjQtNzg4My00YmI5LTlkODUtYzVlOGUyZjU3MmNlL3Jlc291cmNlR3JvdXBzL3BzNDQzOC9wcm92aWRlcnMvTWljcm9zb2Z0Lk5ldHdvcmsvbmV0d29ya1dhdGNoZXJzL3BzODg2NT9hcGktdmVyc2lvbj0yMDE4LTA3LTAx",
      "RequestMethod": "GET",
      "RequestBody": "",
      "RequestHeaders": {
        "x-ms-client-request-id": [
          "7b1e538a-1e07-42bd-bc9a-5aec657f641e"
        ],
        "accept-language": [
          "en-US"
        ],
        "User-Agent": [
          "FxVersion/4.7.3130.0",
          "OSName/Windows8.1Enterprise",
          "OSVersion/6.3.9600",
          "Microsoft.Azure.Management.Network.NetworkManagementClient/19.1.0.0"
        ]
      },
      "ResponseBody": "{\r\n  \"error\": {\r\n    \"code\": \"ResourceNotFound\",\r\n    \"message\": \"The Resource 'Microsoft.Network/networkWatchers/ps8865' under resource group 'ps4438' was not found.\"\r\n  }\r\n}",
      "ResponseHeaders": {
        "Content-Length": [
          "150"
        ],
        "Content-Type": [
          "application/json; charset=utf-8"
        ],
        "Expires": [
          "-1"
        ],
        "Pragma": [
          "no-cache"
        ],
        "x-ms-failure-cause": [
          "gateway"
        ],
        "x-ms-request-id": [
          "ba1cdafe-5eaa-47ca-b3a5-d8a2689ad03a"
        ],
        "x-ms-correlation-request-id": [
          "ba1cdafe-5eaa-47ca-b3a5-d8a2689ad03a"
        ],
        "x-ms-routing-request-id": [
          "UKSOUTH2:20180813T141209Z:ba1cdafe-5eaa-47ca-b3a5-d8a2689ad03a"
        ],
        "Strict-Transport-Security": [
          "max-age=31536000; includeSubDomains"
        ],
        "X-Content-Type-Options": [
          "nosniff"
        ],
        "Cache-Control": [
          "no-cache"
        ],
        "Date": [
          "Mon, 13 Aug 2018 14:12:08 GMT"
        ]
      },
      "StatusCode": 404
    },
    {
      "RequestUri": "/subscriptions/947d47b4-7883-4bb9-9d85-c5e8e2f572ce/resourceGroups/ps4438/providers/Microsoft.Network/networkWatchers/ps8865?api-version=2018-07-01",
      "EncodedRequestUri": "L3N1YnNjcmlwdGlvbnMvOTQ3ZDQ3YjQtNzg4My00YmI5LTlkODUtYzVlOGUyZjU3MmNlL3Jlc291cmNlR3JvdXBzL3BzNDQzOC9wcm92aWRlcnMvTWljcm9zb2Z0Lk5ldHdvcmsvbmV0d29ya1dhdGNoZXJzL3BzODg2NT9hcGktdmVyc2lvbj0yMDE4LTA3LTAx",
      "RequestMethod": "GET",
      "RequestBody": "",
      "RequestHeaders": {
        "x-ms-client-request-id": [
          "6dd9b8e1-f006-4e63-9df4-9ae420a0a3ff"
        ],
        "accept-language": [
          "en-US"
        ],
        "User-Agent": [
          "FxVersion/4.7.3130.0",
          "OSName/Windows8.1Enterprise",
          "OSVersion/6.3.9600",
          "Microsoft.Azure.Management.Network.NetworkManagementClient/19.1.0.0"
        ]
      },
      "ResponseBody": "{\r\n  \"name\": \"ps8865\",\r\n  \"id\": \"/subscriptions/947d47b4-7883-4bb9-9d85-c5e8e2f572ce/resourceGroups/ps4438/providers/Microsoft.Network/networkWatchers/ps8865\",\r\n  \"etag\": \"W/\\\"89af89e3-8fca-4638-9a1b-5dc220c3d382\\\"\",\r\n  \"type\": \"Microsoft.Network/networkWatchers\",\r\n  \"location\": \"westcentralus\",\r\n  \"tags\": {\r\n    \"key1\": \"value1\",\r\n    \"key2\": \"value2\"\r\n  },\r\n  \"properties\": {\r\n    \"provisioningState\": \"Succeeded\",\r\n    \"flowLogs\": [],\r\n    \"runningOperationIds\": []\r\n  }\r\n}",
      "ResponseHeaders": {
        "Content-Length": [
          "478"
        ],
        "Content-Type": [
          "application/json; charset=utf-8"
        ],
        "Expires": [
          "-1"
        ],
        "Pragma": [
          "no-cache"
        ],
        "x-ms-request-id": [
          "dc45d6e0-70da-4f93-9647-0ff3fadf5a29"
        ],
        "x-ms-correlation-request-id": [
          "d9f4e6bb-5d68-4a1c-bf65-6309423583cd"
        ],
        "Strict-Transport-Security": [
          "max-age=31536000; includeSubDomains"
        ],
        "Cache-Control": [
          "no-cache"
        ],
        "ETag": [
          "W/\"89af89e3-8fca-4638-9a1b-5dc220c3d382\""
        ],
        "Server": [
          "Microsoft-HTTPAPI/2.0",
          "Microsoft-HTTPAPI/2.0"
        ],
        "x-ms-ratelimit-remaining-subscription-reads": [
          "14990"
        ],
        "x-ms-routing-request-id": [
          "UKSOUTH2:20180813T141213Z:d9f4e6bb-5d68-4a1c-bf65-6309423583cd"
        ],
        "X-Content-Type-Options": [
          "nosniff"
        ],
        "Date": [
          "Mon, 13 Aug 2018 14:12:12 GMT"
        ]
      },
      "StatusCode": 200
    },
    {
      "RequestUri": "/subscriptions/947d47b4-7883-4bb9-9d85-c5e8e2f572ce/resourceGroups/ps4438/providers/Microsoft.Network/networkWatchers/ps8865?api-version=2018-07-01",
      "EncodedRequestUri": "L3N1YnNjcmlwdGlvbnMvOTQ3ZDQ3YjQtNzg4My00YmI5LTlkODUtYzVlOGUyZjU3MmNlL3Jlc291cmNlR3JvdXBzL3BzNDQzOC9wcm92aWRlcnMvTWljcm9zb2Z0Lk5ldHdvcmsvbmV0d29ya1dhdGNoZXJzL3BzODg2NT9hcGktdmVyc2lvbj0yMDE4LTA3LTAx",
      "RequestMethod": "PUT",
      "RequestBody": "{\r\n  \"location\": \"westcentralus\",\r\n  \"tags\": {\r\n    \"key1\": \"value1\",\r\n    \"key2\": \"value2\"\r\n  }\r\n}",
      "RequestHeaders": {
        "Content-Type": [
          "application/json; charset=utf-8"
        ],
        "Content-Length": [
          "99"
        ],
        "x-ms-client-request-id": [
          "5292fa81-7284-458b-8549-7405d59a1e9e"
        ],
        "accept-language": [
          "en-US"
        ],
        "User-Agent": [
          "FxVersion/4.7.3130.0",
          "OSName/Windows8.1Enterprise",
          "OSVersion/6.3.9600",
          "Microsoft.Azure.Management.Network.NetworkManagementClient/19.1.0.0"
        ]
      },
      "ResponseBody": "{\r\n  \"name\": \"ps8865\",\r\n  \"id\": \"/subscriptions/947d47b4-7883-4bb9-9d85-c5e8e2f572ce/resourceGroups/ps4438/providers/Microsoft.Network/networkWatchers/ps8865\",\r\n  \"etag\": \"W/\\\"36be0ce3-e12c-4521-81c4-b0041e275896\\\"\",\r\n  \"type\": \"Microsoft.Network/networkWatchers\",\r\n  \"location\": \"westcentralus\",\r\n  \"tags\": {\r\n    \"key1\": \"value1\",\r\n    \"key2\": \"value2\"\r\n  },\r\n  \"properties\": {\r\n    \"provisioningState\": \"Succeeded\",\r\n    \"flowLogs\": [],\r\n    \"runningOperationIds\": []\r\n  }\r\n}",
      "ResponseHeaders": {
        "Content-Length": [
          "478"
        ],
        "Content-Type": [
          "application/json; charset=utf-8"
        ],
        "Expires": [
          "-1"
        ],
        "Pragma": [
          "no-cache"
        ],
        "x-ms-request-id": [
          "245acb7f-1afe-402a-b629-a9b4dbb23faf"
        ],
        "Azure-AsyncOperation": [
          "https://management.azure.com/subscriptions/947d47b4-7883-4bb9-9d85-c5e8e2f572ce/providers/Microsoft.Network/locations/westcentralus/operations/245acb7f-1afe-402a-b629-a9b4dbb23faf?api-version=2018-07-01"
        ],
        "x-ms-correlation-request-id": [
          "c118048b-5d62-4f4a-a4f7-cc256f1d93cd"
        ],
        "Strict-Transport-Security": [
          "max-age=31536000; includeSubDomains"
        ],
        "Cache-Control": [
          "no-cache"
        ],
        "Server": [
          "Microsoft-HTTPAPI/2.0",
          "Microsoft-HTTPAPI/2.0"
        ],
        "x-ms-ratelimit-remaining-subscription-writes": [
          "1198"
        ],
        "x-ms-routing-request-id": [
          "UKSOUTH2:20180813T141213Z:c118048b-5d62-4f4a-a4f7-cc256f1d93cd"
        ],
        "X-Content-Type-Options": [
          "nosniff"
        ],
        "Date": [
          "Mon, 13 Aug 2018 14:12:12 GMT"
        ]
      },
      "StatusCode": 201
    },
    {
      "RequestUri": "/subscriptions/947d47b4-7883-4bb9-9d85-c5e8e2f572ce/resourceGroups/ps4438/providers/Microsoft.Network/networkWatchers/ps8865/availableProvidersList?api-version=2018-07-01",
      "EncodedRequestUri": "L3N1YnNjcmlwdGlvbnMvOTQ3ZDQ3YjQtNzg4My00YmI5LTlkODUtYzVlOGUyZjU3MmNlL3Jlc291cmNlR3JvdXBzL3BzNDQzOC9wcm92aWRlcnMvTWljcm9zb2Z0Lk5ldHdvcmsvbmV0d29ya1dhdGNoZXJzL3BzODg2NS9hdmFpbGFibGVQcm92aWRlcnNMaXN0P2FwaS12ZXJzaW9uPTIwMTgtMDctMDE=",
      "RequestMethod": "POST",
      "RequestBody": "{\r\n  \"azureLocations\": [\r\n    \"West US\"\r\n  ],\r\n  \"country\": \"United States\"\r\n}",
      "RequestHeaders": {
        "Content-Type": [
          "application/json; charset=utf-8"
        ],
        "Content-Length": [
          "78"
        ],
        "x-ms-client-request-id": [
          "51a70011-55cf-4ced-9be9-178747fb7a07"
        ],
        "accept-language": [
          "en-US"
        ],
        "User-Agent": [
          "FxVersion/4.7.3130.0",
          "OSName/Windows8.1Enterprise",
          "OSVersion/6.3.9600",
          "Microsoft.Azure.Management.Network.NetworkManagementClient/19.1.0.0"
        ]
      },
      "ResponseBody": "{\r\n  \"countries\": [\r\n    {\r\n      \"countryName\": \"United States\",\r\n      \"providers\": [\r\n        \"AT&T Services, Inc. - ASN 7018\",\r\n        \"Charter Communications - ASN 20115\",\r\n        \"Cogent Communications - ASN 174\",\r\n        \"Comcast Cable Communications, LLC - ASN 7922\",\r\n        \"Cox Communications Inc. - ASN 22773\",\r\n        \"Frontier Communications of America, Inc. - ASN 5650\",\r\n        \"Google Fiber Inc. - ASN 16591\",\r\n        \"Level 3 Communications, Inc. (GBLX) - ASN 3549\",\r\n        \"Level 3 Parent, LLC - ASN 3356\",\r\n        \"Mediacom Communications Corp - ASN 30036\",\r\n        \"PenTeleData Inc. - ASN 3737\",\r\n        \"Qwest Communications Company, LLC - ASN 209\",\r\n        \"Suddenlink Communications - ASN 19108\",\r\n        \"Time Warner Cable Internet LLC - ASN 10796\",\r\n        \"Time Warner Cable Internet LLC - ASN 11351\",\r\n        \"Time Warner Cable Internet LLC - ASN 11426\",\r\n        \"Time Warner Cable Internet LLC - ASN 11427\",\r\n        \"Time Warner Cable Internet LLC - ASN 12271\",\r\n        \"Verizon Business/UUnet - ASN 701\",\r\n        \"WideOpenWest Finance LLC - ASN 12083\",\r\n        \"Windstream Communications LLC - ASN 7029\"\r\n      ],\r\n      \"states\": [\r\n        {\r\n          \"stateName\": \"arizona\",\r\n          \"providers\": [\r\n            \"Cox Communications Inc. - ASN 22773\",\r\n            \"Qwest Communications Company, LLC - ASN 209\"\r\n          ],\r\n          \"cities\": []\r\n        },\r\n        {\r\n          \"stateName\": \"california\",\r\n          \"providers\": [\r\n            \"AT&T Services, Inc. - ASN 7018\",\r\n            \"Charter Communications - ASN 20115\",\r\n            \"Comcast Cable Communications, LLC - ASN 7922\",\r\n            \"Cox Communications Inc. - ASN 22773\",\r\n            \"Frontier Communications of America, Inc. - ASN 5650\"\r\n          ],\r\n          \"cities\": []\r\n        },\r\n        {\r\n          \"stateName\": \"colorado\",\r\n          \"providers\": [\r\n            \"Comcast Cable Communications, LLC - ASN 7922\",\r\n            \"Qwest Communications Company, LLC - ASN 209\"\r\n          ],\r\n          \"cities\": []\r\n        },\r\n        {\r\n          \"stateName\": \"florida\",\r\n          \"providers\": [\r\n            \"AT&T Services, Inc. - ASN 7018\",\r\n            \"Comcast Cable Communications, LLC - ASN 7922\",\r\n            \"Frontier Communications of America, Inc. - ASN 5650\"\r\n          ],\r\n          \"cities\": []\r\n        },\r\n        {\r\n          \"stateName\": \"georgia\",\r\n          \"providers\": [\r\n            \"AT&T Services, Inc. - ASN 7018\",\r\n            \"Comcast Cable Communications, LLC - ASN 7922\"\r\n          ],\r\n          \"cities\": []\r\n        },\r\n        {\r\n          \"stateName\": \"illinois\",\r\n          \"providers\": [\r\n            \"AT&T Services, Inc. - ASN 7018\",\r\n            \"Comcast Cable Communications, LLC - ASN 7922\"\r\n          ],\r\n          \"cities\": []\r\n        },\r\n        {\r\n          \"stateName\": \"indiana\",\r\n          \"providers\": [\r\n            \"Comcast Cable Communications, LLC - ASN 7922\"\r\n          ],\r\n          \"cities\": []\r\n        },\r\n        {\r\n          \"stateName\": \"kentucky\",\r\n          \"providers\": [\r\n            \"Time Warner Cable Internet LLC - ASN 10796\"\r\n          ],\r\n          \"cities\": []\r\n        },\r\n        {\r\n          \"stateName\": \"maryland\",\r\n          \"providers\": [\r\n            \"Comcast Cable Communications, LLC - ASN 7922\",\r\n            \"Verizon Business/UUnet - ASN 701\"\r\n          ],\r\n          \"cities\": []\r\n        },\r\n        {\r\n          \"stateName\": \"massachusetts\",\r\n          \"providers\": [\r\n            \"Comcast Cable Communications, LLC - ASN 7922\",\r\n            \"Verizon Business/UUnet - ASN 701\"\r\n          ],\r\n          \"cities\": []\r\n        },\r\n        {\r\n          \"stateName\": \"michigan\",\r\n          \"providers\": [\r\n            \"AT&T Services, Inc. - ASN 7018\",\r\n            \"Charter Communications - ASN 20115\",\r\n            \"Comcast Cable Communications, LLC - ASN 7922\"\r\n          ],\r\n          \"cities\": []\r\n        },\r\n        {\r\n          \"stateName\": \"minnesota\",\r\n          \"providers\": [\r\n            \"Comcast Cable Communications, LLC - ASN 7922\"\r\n          ],\r\n          \"cities\": []\r\n        },\r\n        {\r\n          \"stateName\": \"missouri\",\r\n          \"providers\": [\r\n            \"AT&T Services, Inc. - ASN 7018\",\r\n            \"Charter Communications - ASN 20115\"\r\n          ],\r\n          \"cities\": []\r\n        },\r\n        {\r\n          \"stateName\": \"nevada\",\r\n          \"providers\": [\r\n            \"Cox Communications Inc. - ASN 22773\"\r\n          ],\r\n          \"cities\": []\r\n        },\r\n        {\r\n          \"stateName\": \"new jersey\",\r\n          \"providers\": [\r\n            \"Comcast Cable Communications, LLC - ASN 7922\",\r\n            \"Verizon Business/UUnet - ASN 701\"\r\n          ],\r\n          \"cities\": []\r\n        },\r\n        {\r\n          \"stateName\": \"new york\",\r\n          \"providers\": [\r\n            \"Time Warner Cable Internet LLC - ASN 11351\",\r\n            \"Time Warner Cable Internet LLC - ASN 12271\",\r\n            \"Verizon Business/UUnet - ASN 701\"\r\n          ],\r\n          \"cities\": [\r\n            {\r\n              \"cityName\": \"new york\",\r\n              \"providers\": [\r\n                \"Time Warner Cable Internet LLC - ASN 12271\"\r\n              ]\r\n            }\r\n          ]\r\n        },\r\n        {\r\n          \"stateName\": \"north carolina\",\r\n          \"providers\": [\r\n            \"Time Warner Cable Internet LLC - ASN 11426\"\r\n          ],\r\n          \"cities\": []\r\n        },\r\n        {\r\n          \"stateName\": \"ohio\",\r\n          \"providers\": [\r\n            \"AT&T Services, Inc. - ASN 7018\",\r\n            \"Time Warner Cable Internet LLC - ASN 10796\"\r\n          ],\r\n          \"cities\": []\r\n        },\r\n        {\r\n          \"stateName\": \"oklahoma\",\r\n          \"providers\": [\r\n            \"AT&T Services, Inc. - ASN 7018\",\r\n            \"Cox Communications Inc. - ASN 22773\"\r\n          ],\r\n          \"cities\": [\r\n            {\r\n              \"cityName\": \"oklahoma city\",\r\n              \"providers\": [\r\n                \"AT&T Services, Inc. - ASN 7018\"\r\n              ]\r\n            }\r\n          ]\r\n        },\r\n        {\r\n          \"stateName\": \"oregon\",\r\n          \"providers\": [\r\n            \"Comcast Cable Communications, LLC - ASN 7922\"\r\n          ],\r\n          \"cities\": []\r\n        },\r\n        {\r\n          \"stateName\": \"pennsylvania\",\r\n          \"providers\": [\r\n            \"Comcast Cable Communications, LLC - ASN 7922\",\r\n            \"PenTeleData Inc. - ASN 3737\",\r\n            \"Verizon Business/UUnet - ASN 701\"\r\n          ],\r\n          \"cities\": []\r\n        },\r\n        {\r\n          \"stateName\": \"tennessee\",\r\n          \"providers\": [\r\n            \"Comcast Cable Communications, LLC - ASN 7922\"\r\n          ],\r\n          \"cities\": []\r\n        },\r\n        {\r\n          \"stateName\": \"texas\",\r\n          \"providers\": [\r\n            \"AT&T Services, Inc. - ASN 7018\",\r\n            \"Comcast Cable Communications, LLC - ASN 7922\",\r\n            \"Frontier Communications of America, Inc. - ASN 5650\",\r\n            \"Suddenlink Communications - ASN 19108\",\r\n            \"Time Warner Cable Internet LLC - ASN 11427\"\r\n          ],\r\n          \"cities\": [\r\n            {\r\n              \"cityName\": \"houston\",\r\n              \"providers\": [\r\n                \"Comcast Cable Communications, LLC - ASN 7922\"\r\n              ]\r\n            }\r\n          ]\r\n        },\r\n        {\r\n          \"stateName\": \"virginia\",\r\n          \"providers\": [\r\n            \"Comcast Cable Communications, LLC - ASN 7922\",\r\n            \"Cox Communications Inc. - ASN 22773\",\r\n            \"Verizon Business/UUnet - ASN 701\"\r\n          ],\r\n          \"cities\": []\r\n        },\r\n        {\r\n          \"stateName\": \"washington\",\r\n          \"providers\": [\r\n            \"Comcast Cable Communications, LLC - ASN 7922\"\r\n          ],\r\n          \"cities\": []\r\n        },\r\n        {\r\n          \"stateName\": \"wisconsin\",\r\n          \"providers\": [\r\n            \"Charter Communications - ASN 20115\",\r\n            \"Time Warner Cable Internet LLC - ASN 10796\"\r\n          ],\r\n          \"cities\": []\r\n        }\r\n      ]\r\n    }\r\n  ]\r\n}",
      "ResponseHeaders": {
        "Content-Length": [
          "8004"
        ],
        "Content-Type": [
          "application/json; charset=utf-8"
        ],
        "Expires": [
          "-1"
        ],
        "Pragma": [
          "no-cache"
        ],
        "x-ms-request-id": [
          "d73b5fe8-9b7c-4219-98f3-7aeeb8e25dc8"
        ],
        "x-ms-correlation-request-id": [
          "c9d2eeab-e1d4-4405-96e5-97a5329b1f60"
        ],
        "Strict-Transport-Security": [
          "max-age=31536000; includeSubDomains"
        ],
        "Cache-Control": [
          "no-cache"
        ],
        "Location": [
          "https://management.azure.com/subscriptions/947d47b4-7883-4bb9-9d85-c5e8e2f572ce/providers/Microsoft.Network/locations/westcentralus/operationResults/d73b5fe8-9b7c-4219-98f3-7aeeb8e25dc8?api-version=2018-07-01"
        ],
        "Server": [
          "Microsoft-HTTPAPI/2.0",
          "Microsoft-HTTPAPI/2.0"
        ],
        "x-ms-ratelimit-remaining-subscription-writes": [
          "1197"
        ],
        "x-ms-routing-request-id": [
          "UKSOUTH2:20180813T141214Z:c9d2eeab-e1d4-4405-96e5-97a5329b1f60"
        ],
        "X-Content-Type-Options": [
          "nosniff"
        ],
        "Date": [
          "Mon, 13 Aug 2018 14:12:13 GMT"
        ]
      },
      "StatusCode": 200
    },
    {
      "RequestUri": "/subscriptions/947d47b4-7883-4bb9-9d85-c5e8e2f572ce/resourceGroups/ps4438/providers/Microsoft.Network/networkWatchers/ps8865/availableProvidersList?api-version=2018-07-01",
      "EncodedRequestUri": "L3N1YnNjcmlwdGlvbnMvOTQ3ZDQ3YjQtNzg4My00YmI5LTlkODUtYzVlOGUyZjU3MmNlL3Jlc291cmNlR3JvdXBzL3BzNDQzOC9wcm92aWRlcnMvTWljcm9zb2Z0Lk5ldHdvcmsvbmV0d29ya1dhdGNoZXJzL3BzODg2NS9hdmFpbGFibGVQcm92aWRlcnNMaXN0P2FwaS12ZXJzaW9uPTIwMTgtMDctMDE=",
      "RequestMethod": "POST",
      "RequestBody": "{\r\n  \"azureLocations\": [\r\n    \"West US\"\r\n  ],\r\n  \"country\": \"United States\",\r\n  \"state\": \"washington\"\r\n}",
      "RequestHeaders": {
        "Content-Type": [
          "application/json; charset=utf-8"
        ],
        "Content-Length": [
          "104"
        ],
        "x-ms-client-request-id": [
          "a601ec38-f521-4fd2-b06c-2a6fffd8c4cf"
        ],
        "accept-language": [
          "en-US"
        ],
        "User-Agent": [
          "FxVersion/4.7.3130.0",
          "OSName/Windows8.1Enterprise",
          "OSVersion/6.3.9600",
          "Microsoft.Azure.Management.Network.NetworkManagementClient/19.1.0.0"
        ]
      },
      "ResponseBody": "{\r\n  \"countries\": [\r\n    {\r\n      \"countryName\": \"United States\",\r\n      \"states\": [\r\n        {\r\n          \"stateName\": \"washington\",\r\n          \"providers\": [\r\n            \"Comcast Cable Communications, LLC - ASN 7922\"\r\n          ],\r\n          \"cities\": []\r\n        }\r\n      ]\r\n    }\r\n  ]\r\n}",
      "ResponseHeaders": {
        "Content-Length": [
          "292"
        ],
        "Content-Type": [
          "application/json; charset=utf-8"
        ],
        "Expires": [
          "-1"
        ],
        "Pragma": [
          "no-cache"
        ],
        "x-ms-request-id": [
          "13e08896-9f4a-46af-a8b9-9443dc38a294"
        ],
        "x-ms-correlation-request-id": [
          "466067aa-d5ee-4f9f-b7f4-21258c3ad6ad"
        ],
        "Strict-Transport-Security": [
          "max-age=31536000; includeSubDomains"
        ],
        "Cache-Control": [
          "no-cache"
        ],
        "Location": [
          "https://management.azure.com/subscriptions/947d47b4-7883-4bb9-9d85-c5e8e2f572ce/providers/Microsoft.Network/locations/westcentralus/operationResults/13e08896-9f4a-46af-a8b9-9443dc38a294?api-version=2018-07-01"
        ],
        "Server": [
          "Microsoft-HTTPAPI/2.0",
          "Microsoft-HTTPAPI/2.0"
        ],
        "x-ms-ratelimit-remaining-subscription-writes": [
          "1196"
        ],
        "x-ms-routing-request-id": [
          "UKSOUTH2:20180813T141215Z:466067aa-d5ee-4f9f-b7f4-21258c3ad6ad"
        ],
        "X-Content-Type-Options": [
          "nosniff"
        ],
        "Date": [
          "Mon, 13 Aug 2018 14:12:14 GMT"
        ]
      },
      "StatusCode": 200
    },
    {
      "RequestUri": "/subscriptions/947d47b4-7883-4bb9-9d85-c5e8e2f572ce/resourceGroups/ps4438/providers/Microsoft.Network/networkWatchers/ps8865/availableProvidersList?api-version=2018-07-01",
      "EncodedRequestUri": "L3N1YnNjcmlwdGlvbnMvOTQ3ZDQ3YjQtNzg4My00YmI5LTlkODUtYzVlOGUyZjU3MmNlL3Jlc291cmNlR3JvdXBzL3BzNDQzOC9wcm92aWRlcnMvTWljcm9zb2Z0Lk5ldHdvcmsvbmV0d29ya1dhdGNoZXJzL3BzODg2NS9hdmFpbGFibGVQcm92aWRlcnNMaXN0P2FwaS12ZXJzaW9uPTIwMTgtMDctMDE=",
      "RequestMethod": "POST",
      "RequestBody": "{\r\n  \"azureLocations\": [\r\n    \"West US\"\r\n  ],\r\n  \"country\": \"United States\",\r\n  \"state\": \"washington\",\r\n  \"city\": \"seattle\"\r\n}",
      "RequestHeaders": {
        "Content-Type": [
          "application/json; charset=utf-8"
        ],
        "Content-Length": [
          "126"
        ],
        "x-ms-client-request-id": [
          "f731a92d-da64-4be7-a300-f455164c9e11"
        ],
        "accept-language": [
          "en-US"
        ],
        "User-Agent": [
          "FxVersion/4.7.3130.0",
          "OSName/Windows8.1Enterprise",
          "OSVersion/6.3.9600",
          "Microsoft.Azure.Management.Network.NetworkManagementClient/19.1.0.0"
        ]
      },
      "ResponseBody": "{\r\n  \"countries\": []\r\n}",
      "ResponseHeaders": {
        "Content-Length": [
          "23"
        ],
        "Content-Type": [
          "application/json; charset=utf-8"
        ],
        "Expires": [
          "-1"
        ],
        "Pragma": [
          "no-cache"
        ],
        "x-ms-request-id": [
          "469d2670-2568-45a7-8f1d-c79bd990d52c"
        ],
        "x-ms-correlation-request-id": [
          "f7ea8c39-9d1a-4bbb-ae4b-08481e6b2fdf"
        ],
        "Strict-Transport-Security": [
          "max-age=31536000; includeSubDomains"
        ],
        "Cache-Control": [
          "no-cache"
        ],
        "Location": [
          "https://management.azure.com/subscriptions/947d47b4-7883-4bb9-9d85-c5e8e2f572ce/providers/Microsoft.Network/locations/westcentralus/operationResults/469d2670-2568-45a7-8f1d-c79bd990d52c?api-version=2018-07-01"
        ],
        "Server": [
          "Microsoft-HTTPAPI/2.0",
          "Microsoft-HTTPAPI/2.0"
        ],
        "x-ms-ratelimit-remaining-subscription-writes": [
          "1195"
        ],
        "x-ms-routing-request-id": [
          "UKSOUTH2:20180813T141216Z:f7ea8c39-9d1a-4bbb-ae4b-08481e6b2fdf"
        ],
        "X-Content-Type-Options": [
          "nosniff"
        ],
        "Date": [
          "Mon, 13 Aug 2018 14:12:15 GMT"
        ]
      },
      "StatusCode": 200
    },
    {
      "RequestUri": "/subscriptions/947d47b4-7883-4bb9-9d85-c5e8e2f572ce/resourcegroups/ps4438?api-version=2016-09-01",
      "EncodedRequestUri": "L3N1YnNjcmlwdGlvbnMvOTQ3ZDQ3YjQtNzg4My00YmI5LTlkODUtYzVlOGUyZjU3MmNlL3Jlc291cmNlZ3JvdXBzL3BzNDQzOD9hcGktdmVyc2lvbj0yMDE2LTA5LTAx",
      "RequestMethod": "DELETE",
      "RequestBody": "",
      "RequestHeaders": {
        "x-ms-client-request-id": [
          "c77b0c6e-4ced-4c37-99b2-856b871207ac"
        ],
        "accept-language": [
          "en-US"
        ],
        "User-Agent": [
          "FxVersion/4.7.3130.0",
          "OSName/Windows8.1Enterprise",
          "OSVersion/6.3.9600",
          "Microsoft.Azure.Management.Internal.Resources.ResourceManagementClient/4.1.0"
        ]
      },
      "ResponseBody": "",
      "ResponseHeaders": {
        "Content-Length": [
          "0"
        ],
        "Expires": [
          "-1"
        ],
        "Pragma": [
          "no-cache"
        ],
        "Retry-After": [
          "15"
        ],
        "x-ms-ratelimit-remaining-subscription-deletes": [
          "14999"
        ],
        "x-ms-request-id": [
          "376b77d5-7734-44c5-9d53-fe1cfba9fbae"
        ],
        "x-ms-correlation-request-id": [
          "376b77d5-7734-44c5-9d53-fe1cfba9fbae"
        ],
        "x-ms-routing-request-id": [
          "UKSOUTH2:20180813T141219Z:376b77d5-7734-44c5-9d53-fe1cfba9fbae"
        ],
        "Strict-Transport-Security": [
          "max-age=31536000; includeSubDomains"
        ],
        "X-Content-Type-Options": [
          "nosniff"
        ],
        "Cache-Control": [
          "no-cache"
        ],
        "Date": [
          "Mon, 13 Aug 2018 14:12:18 GMT"
        ],
        "Location": [
          "https://management.azure.com/subscriptions/947d47b4-7883-4bb9-9d85-c5e8e2f572ce/operationresults/eyJqb2JJZCI6IlJFU09VUkNFR1JPVVBERUxFVElPTkpPQi1QUzQ0MzgtV0VTVFVTIiwiam9iTG9jYXRpb24iOiJ3ZXN0dXMifQ?api-version=2016-09-01"
        ]
      },
      "StatusCode": 202
    },
    {
      "RequestUri": "/subscriptions/947d47b4-7883-4bb9-9d85-c5e8e2f572ce/operationresults/eyJqb2JJZCI6IlJFU09VUkNFR1JPVVBERUxFVElPTkpPQi1QUzQ0MzgtV0VTVFVTIiwiam9iTG9jYXRpb24iOiJ3ZXN0dXMifQ?api-version=2016-09-01",
      "EncodedRequestUri": "L3N1YnNjcmlwdGlvbnMvOTQ3ZDQ3YjQtNzg4My00YmI5LTlkODUtYzVlOGUyZjU3MmNlL29wZXJhdGlvbnJlc3VsdHMvZXlKcWIySkpaQ0k2SWxKRlUwOVZVa05GUjFKUFZWQkVSVXhGVkVsUFRrcFBRaTFRVXpRME16Z3RWMFZUVkZWVElpd2lhbTlpVEc5allYUnBiMjRpT2lKM1pYTjBkWE1pZlE/YXBpLXZlcnNpb249MjAxNi0wOS0wMQ==",
      "RequestMethod": "GET",
      "RequestBody": "",
      "RequestHeaders": {
        "User-Agent": [
          "FxVersion/4.7.3130.0",
          "OSName/Windows8.1Enterprise",
          "OSVersion/6.3.9600",
          "Microsoft.Azure.Management.Internal.Resources.ResourceManagementClient/4.1.0"
        ]
      },
      "ResponseBody": "",
      "ResponseHeaders": {
        "Content-Length": [
          "0"
        ],
        "Expires": [
          "-1"
        ],
        "Pragma": [
          "no-cache"
        ],
        "Retry-After": [
          "15"
        ],
        "x-ms-ratelimit-remaining-subscription-reads": [
          "14999"
        ],
        "x-ms-request-id": [
          "f833f393-0639-478b-8837-740b674d6fc8"
        ],
        "x-ms-correlation-request-id": [
          "f833f393-0639-478b-8837-740b674d6fc8"
        ],
        "x-ms-routing-request-id": [
          "UKSOUTH2:20180813T141234Z:f833f393-0639-478b-8837-740b674d6fc8"
        ],
        "Strict-Transport-Security": [
          "max-age=31536000; includeSubDomains"
        ],
        "X-Content-Type-Options": [
          "nosniff"
        ],
        "Cache-Control": [
          "no-cache"
        ],
        "Date": [
          "Mon, 13 Aug 2018 14:12:34 GMT"
        ],
        "Location": [
          "https://management.azure.com/subscriptions/947d47b4-7883-4bb9-9d85-c5e8e2f572ce/operationresults/eyJqb2JJZCI6IlJFU09VUkNFR1JPVVBERUxFVElPTkpPQi1QUzQ0MzgtV0VTVFVTIiwiam9iTG9jYXRpb24iOiJ3ZXN0dXMifQ?api-version=2016-09-01"
        ]
      },
      "StatusCode": 202
    },
    {
      "RequestUri": "/subscriptions/947d47b4-7883-4bb9-9d85-c5e8e2f572ce/operationresults/eyJqb2JJZCI6IlJFU09VUkNFR1JPVVBERUxFVElPTkpPQi1QUzQ0MzgtV0VTVFVTIiwiam9iTG9jYXRpb24iOiJ3ZXN0dXMifQ?api-version=2016-09-01",
      "EncodedRequestUri": "L3N1YnNjcmlwdGlvbnMvOTQ3ZDQ3YjQtNzg4My00YmI5LTlkODUtYzVlOGUyZjU3MmNlL29wZXJhdGlvbnJlc3VsdHMvZXlKcWIySkpaQ0k2SWxKRlUwOVZVa05GUjFKUFZWQkVSVXhGVkVsUFRrcFBRaTFRVXpRME16Z3RWMFZUVkZWVElpd2lhbTlpVEc5allYUnBiMjRpT2lKM1pYTjBkWE1pZlE/YXBpLXZlcnNpb249MjAxNi0wOS0wMQ==",
      "RequestMethod": "GET",
      "RequestBody": "",
      "RequestHeaders": {
        "User-Agent": [
          "FxVersion/4.7.3130.0",
          "OSName/Windows8.1Enterprise",
          "OSVersion/6.3.9600",
          "Microsoft.Azure.Management.Internal.Resources.ResourceManagementClient/4.1.0"
        ]
      },
      "ResponseBody": "",
      "ResponseHeaders": {
        "Content-Length": [
          "0"
        ],
        "Expires": [
          "-1"
        ],
        "Pragma": [
          "no-cache"
        ],
        "Retry-After": [
          "15"
        ],
        "x-ms-ratelimit-remaining-subscription-reads": [
          "14998"
        ],
        "x-ms-request-id": [
          "62b84403-1a1f-418d-a062-117e642c7bae"
        ],
        "x-ms-correlation-request-id": [
          "62b84403-1a1f-418d-a062-117e642c7bae"
        ],
        "x-ms-routing-request-id": [
          "UKSOUTH2:20180813T141249Z:62b84403-1a1f-418d-a062-117e642c7bae"
        ],
        "Strict-Transport-Security": [
          "max-age=31536000; includeSubDomains"
        ],
        "X-Content-Type-Options": [
          "nosniff"
        ],
        "Cache-Control": [
          "no-cache"
        ],
        "Date": [
          "Mon, 13 Aug 2018 14:12:48 GMT"
        ],
        "Location": [
          "https://management.azure.com/subscriptions/947d47b4-7883-4bb9-9d85-c5e8e2f572ce/operationresults/eyJqb2JJZCI6IlJFU09VUkNFR1JPVVBERUxFVElPTkpPQi1QUzQ0MzgtV0VTVFVTIiwiam9iTG9jYXRpb24iOiJ3ZXN0dXMifQ?api-version=2016-09-01"
        ]
      },
      "StatusCode": 202
    },
    {
      "RequestUri": "/subscriptions/947d47b4-7883-4bb9-9d85-c5e8e2f572ce/operationresults/eyJqb2JJZCI6IlJFU09VUkNFR1JPVVBERUxFVElPTkpPQi1QUzQ0MzgtV0VTVFVTIiwiam9iTG9jYXRpb24iOiJ3ZXN0dXMifQ?api-version=2016-09-01",
      "EncodedRequestUri": "L3N1YnNjcmlwdGlvbnMvOTQ3ZDQ3YjQtNzg4My00YmI5LTlkODUtYzVlOGUyZjU3MmNlL29wZXJhdGlvbnJlc3VsdHMvZXlKcWIySkpaQ0k2SWxKRlUwOVZVa05GUjFKUFZWQkVSVXhGVkVsUFRrcFBRaTFRVXpRME16Z3RWMFZUVkZWVElpd2lhbTlpVEc5allYUnBiMjRpT2lKM1pYTjBkWE1pZlE/YXBpLXZlcnNpb249MjAxNi0wOS0wMQ==",
      "RequestMethod": "GET",
      "RequestBody": "",
      "RequestHeaders": {
        "User-Agent": [
          "FxVersion/4.7.3130.0",
          "OSName/Windows8.1Enterprise",
          "OSVersion/6.3.9600",
          "Microsoft.Azure.Management.Internal.Resources.ResourceManagementClient/4.1.0"
        ]
      },
      "ResponseBody": "",
      "ResponseHeaders": {
        "Content-Length": [
          "0"
        ],
        "Expires": [
          "-1"
        ],
        "Pragma": [
          "no-cache"
        ],
        "Retry-After": [
          "15"
        ],
        "x-ms-ratelimit-remaining-subscription-reads": [
          "14997"
        ],
        "x-ms-request-id": [
          "5d3d6a46-30a2-4d13-a39d-0dee7fae2b15"
        ],
        "x-ms-correlation-request-id": [
          "5d3d6a46-30a2-4d13-a39d-0dee7fae2b15"
        ],
        "x-ms-routing-request-id": [
          "UKSOUTH2:20180813T141305Z:5d3d6a46-30a2-4d13-a39d-0dee7fae2b15"
        ],
        "Strict-Transport-Security": [
          "max-age=31536000; includeSubDomains"
        ],
        "X-Content-Type-Options": [
          "nosniff"
        ],
        "Cache-Control": [
          "no-cache"
        ],
        "Date": [
          "Mon, 13 Aug 2018 14:13:05 GMT"
        ],
        "Location": [
          "https://management.azure.com/subscriptions/947d47b4-7883-4bb9-9d85-c5e8e2f572ce/operationresults/eyJqb2JJZCI6IlJFU09VUkNFR1JPVVBERUxFVElPTkpPQi1QUzQ0MzgtV0VTVFVTIiwiam9iTG9jYXRpb24iOiJ3ZXN0dXMifQ?api-version=2016-09-01"
        ]
      },
      "StatusCode": 202
    },
    {
      "RequestUri": "/subscriptions/947d47b4-7883-4bb9-9d85-c5e8e2f572ce/operationresults/eyJqb2JJZCI6IlJFU09VUkNFR1JPVVBERUxFVElPTkpPQi1QUzQ0MzgtV0VTVFVTIiwiam9iTG9jYXRpb24iOiJ3ZXN0dXMifQ?api-version=2016-09-01",
      "EncodedRequestUri": "L3N1YnNjcmlwdGlvbnMvOTQ3ZDQ3YjQtNzg4My00YmI5LTlkODUtYzVlOGUyZjU3MmNlL29wZXJhdGlvbnJlc3VsdHMvZXlKcWIySkpaQ0k2SWxKRlUwOVZVa05GUjFKUFZWQkVSVXhGVkVsUFRrcFBRaTFRVXpRME16Z3RWMFZUVkZWVElpd2lhbTlpVEc5allYUnBiMjRpT2lKM1pYTjBkWE1pZlE/YXBpLXZlcnNpb249MjAxNi0wOS0wMQ==",
      "RequestMethod": "GET",
      "RequestBody": "",
      "RequestHeaders": {
        "User-Agent": [
          "FxVersion/4.7.3130.0",
          "OSName/Windows8.1Enterprise",
          "OSVersion/6.3.9600",
          "Microsoft.Azure.Management.Internal.Resources.ResourceManagementClient/4.1.0"
        ]
      },
      "ResponseBody": "",
      "ResponseHeaders": {
        "Content-Length": [
          "0"
        ],
        "Expires": [
          "-1"
        ],
        "Pragma": [
          "no-cache"
        ],
        "Retry-After": [
          "15"
        ],
        "x-ms-ratelimit-remaining-subscription-reads": [
          "14996"
        ],
        "x-ms-request-id": [
          "09cc54d7-1fa7-4f34-b9c7-89e1efa4e5d5"
        ],
        "x-ms-correlation-request-id": [
          "09cc54d7-1fa7-4f34-b9c7-89e1efa4e5d5"
        ],
        "x-ms-routing-request-id": [
          "UKSOUTH2:20180813T141320Z:09cc54d7-1fa7-4f34-b9c7-89e1efa4e5d5"
        ],
        "Strict-Transport-Security": [
          "max-age=31536000; includeSubDomains"
        ],
        "X-Content-Type-Options": [
          "nosniff"
        ],
        "Cache-Control": [
          "no-cache"
        ],
        "Date": [
          "Mon, 13 Aug 2018 14:13:20 GMT"
        ],
        "Location": [
          "https://management.azure.com/subscriptions/947d47b4-7883-4bb9-9d85-c5e8e2f572ce/operationresults/eyJqb2JJZCI6IlJFU09VUkNFR1JPVVBERUxFVElPTkpPQi1QUzQ0MzgtV0VTVFVTIiwiam9iTG9jYXRpb24iOiJ3ZXN0dXMifQ?api-version=2016-09-01"
        ]
      },
      "StatusCode": 202
    },
    {
      "RequestUri": "/subscriptions/947d47b4-7883-4bb9-9d85-c5e8e2f572ce/operationresults/eyJqb2JJZCI6IlJFU09VUkNFR1JPVVBERUxFVElPTkpPQi1QUzQ0MzgtV0VTVFVTIiwiam9iTG9jYXRpb24iOiJ3ZXN0dXMifQ?api-version=2016-09-01",
      "EncodedRequestUri": "L3N1YnNjcmlwdGlvbnMvOTQ3ZDQ3YjQtNzg4My00YmI5LTlkODUtYzVlOGUyZjU3MmNlL29wZXJhdGlvbnJlc3VsdHMvZXlKcWIySkpaQ0k2SWxKRlUwOVZVa05GUjFKUFZWQkVSVXhGVkVsUFRrcFBRaTFRVXpRME16Z3RWMFZUVkZWVElpd2lhbTlpVEc5allYUnBiMjRpT2lKM1pYTjBkWE1pZlE/YXBpLXZlcnNpb249MjAxNi0wOS0wMQ==",
      "RequestMethod": "GET",
      "RequestBody": "",
      "RequestHeaders": {
        "User-Agent": [
          "FxVersion/4.7.3130.0",
          "OSName/Windows8.1Enterprise",
          "OSVersion/6.3.9600",
          "Microsoft.Azure.Management.Internal.Resources.ResourceManagementClient/4.1.0"
        ]
      },
      "ResponseBody": "",
      "ResponseHeaders": {
        "Content-Length": [
          "0"
        ],
        "Expires": [
          "-1"
        ],
        "Pragma": [
          "no-cache"
        ],
        "Retry-After": [
          "15"
        ],
        "x-ms-ratelimit-remaining-subscription-reads": [
          "14995"
        ],
        "x-ms-request-id": [
          "1d829a63-fe14-4139-864a-7243470c4284"
        ],
        "x-ms-correlation-request-id": [
          "1d829a63-fe14-4139-864a-7243470c4284"
        ],
        "x-ms-routing-request-id": [
          "UKSOUTH2:20180813T141335Z:1d829a63-fe14-4139-864a-7243470c4284"
        ],
        "Strict-Transport-Security": [
          "max-age=31536000; includeSubDomains"
        ],
        "X-Content-Type-Options": [
          "nosniff"
        ],
        "Cache-Control": [
          "no-cache"
        ],
        "Date": [
          "Mon, 13 Aug 2018 14:13:35 GMT"
        ],
        "Location": [
          "https://management.azure.com/subscriptions/947d47b4-7883-4bb9-9d85-c5e8e2f572ce/operationresults/eyJqb2JJZCI6IlJFU09VUkNFR1JPVVBERUxFVElPTkpPQi1QUzQ0MzgtV0VTVFVTIiwiam9iTG9jYXRpb24iOiJ3ZXN0dXMifQ?api-version=2016-09-01"
        ]
      },
      "StatusCode": 202
    },
    {
      "RequestUri": "/subscriptions/947d47b4-7883-4bb9-9d85-c5e8e2f572ce/operationresults/eyJqb2JJZCI6IlJFU09VUkNFR1JPVVBERUxFVElPTkpPQi1QUzQ0MzgtV0VTVFVTIiwiam9iTG9jYXRpb24iOiJ3ZXN0dXMifQ?api-version=2016-09-01",
      "EncodedRequestUri": "L3N1YnNjcmlwdGlvbnMvOTQ3ZDQ3YjQtNzg4My00YmI5LTlkODUtYzVlOGUyZjU3MmNlL29wZXJhdGlvbnJlc3VsdHMvZXlKcWIySkpaQ0k2SWxKRlUwOVZVa05GUjFKUFZWQkVSVXhGVkVsUFRrcFBRaTFRVXpRME16Z3RWMFZUVkZWVElpd2lhbTlpVEc5allYUnBiMjRpT2lKM1pYTjBkWE1pZlE/YXBpLXZlcnNpb249MjAxNi0wOS0wMQ==",
      "RequestMethod": "GET",
      "RequestBody": "",
      "RequestHeaders": {
        "User-Agent": [
          "FxVersion/4.7.3130.0",
          "OSName/Windows8.1Enterprise",
          "OSVersion/6.3.9600",
          "Microsoft.Azure.Management.Internal.Resources.ResourceManagementClient/4.1.0"
        ]
      },
      "ResponseBody": "",
      "ResponseHeaders": {
        "Content-Length": [
          "0"
        ],
        "Expires": [
          "-1"
        ],
        "Pragma": [
          "no-cache"
        ],
        "Retry-After": [
          "15"
        ],
        "x-ms-ratelimit-remaining-subscription-reads": [
          "14994"
        ],
        "x-ms-request-id": [
          "6e08e30d-74a0-4046-8540-d336d42af37c"
        ],
        "x-ms-correlation-request-id": [
          "6e08e30d-74a0-4046-8540-d336d42af37c"
        ],
        "x-ms-routing-request-id": [
          "UKSOUTH2:20180813T141351Z:6e08e30d-74a0-4046-8540-d336d42af37c"
        ],
        "Strict-Transport-Security": [
          "max-age=31536000; includeSubDomains"
        ],
        "X-Content-Type-Options": [
          "nosniff"
        ],
        "Cache-Control": [
          "no-cache"
        ],
        "Date": [
          "Mon, 13 Aug 2018 14:13:51 GMT"
        ],
        "Location": [
          "https://management.azure.com/subscriptions/947d47b4-7883-4bb9-9d85-c5e8e2f572ce/operationresults/eyJqb2JJZCI6IlJFU09VUkNFR1JPVVBERUxFVElPTkpPQi1QUzQ0MzgtV0VTVFVTIiwiam9iTG9jYXRpb24iOiJ3ZXN0dXMifQ?api-version=2016-09-01"
        ]
      },
      "StatusCode": 202
    },
    {
      "RequestUri": "/subscriptions/947d47b4-7883-4bb9-9d85-c5e8e2f572ce/operationresults/eyJqb2JJZCI6IlJFU09VUkNFR1JPVVBERUxFVElPTkpPQi1QUzQ0MzgtV0VTVFVTIiwiam9iTG9jYXRpb24iOiJ3ZXN0dXMifQ?api-version=2016-09-01",
      "EncodedRequestUri": "L3N1YnNjcmlwdGlvbnMvOTQ3ZDQ3YjQtNzg4My00YmI5LTlkODUtYzVlOGUyZjU3MmNlL29wZXJhdGlvbnJlc3VsdHMvZXlKcWIySkpaQ0k2SWxKRlUwOVZVa05GUjFKUFZWQkVSVXhGVkVsUFRrcFBRaTFRVXpRME16Z3RWMFZUVkZWVElpd2lhbTlpVEc5allYUnBiMjRpT2lKM1pYTjBkWE1pZlE/YXBpLXZlcnNpb249MjAxNi0wOS0wMQ==",
      "RequestMethod": "GET",
      "RequestBody": "",
      "RequestHeaders": {
        "User-Agent": [
          "FxVersion/4.7.3130.0",
          "OSName/Windows8.1Enterprise",
          "OSVersion/6.3.9600",
          "Microsoft.Azure.Management.Internal.Resources.ResourceManagementClient/4.1.0"
        ]
      },
      "ResponseBody": "",
      "ResponseHeaders": {
        "Content-Length": [
          "0"
        ],
        "Expires": [
          "-1"
        ],
        "Pragma": [
          "no-cache"
        ],
        "x-ms-ratelimit-remaining-subscription-reads": [
          "14993"
        ],
        "x-ms-request-id": [
          "7f8c1ab7-42f0-4024-b029-0d6a1ad6ba3f"
        ],
        "x-ms-correlation-request-id": [
          "7f8c1ab7-42f0-4024-b029-0d6a1ad6ba3f"
        ],
        "x-ms-routing-request-id": [
          "UKSOUTH2:20180813T141406Z:7f8c1ab7-42f0-4024-b029-0d6a1ad6ba3f"
        ],
        "Strict-Transport-Security": [
          "max-age=31536000; includeSubDomains"
        ],
        "X-Content-Type-Options": [
          "nosniff"
        ],
        "Cache-Control": [
          "no-cache"
        ],
        "Date": [
          "Mon, 13 Aug 2018 14:14:06 GMT"
        ]
      },
      "StatusCode": 200
    },
    {
      "RequestUri": "/subscriptions/947d47b4-7883-4bb9-9d85-c5e8e2f572ce/operationresults/eyJqb2JJZCI6IlJFU09VUkNFR1JPVVBERUxFVElPTkpPQi1QUzQ0MzgtV0VTVFVTIiwiam9iTG9jYXRpb24iOiJ3ZXN0dXMifQ?api-version=2016-09-01",
      "EncodedRequestUri": "L3N1YnNjcmlwdGlvbnMvOTQ3ZDQ3YjQtNzg4My00YmI5LTlkODUtYzVlOGUyZjU3MmNlL29wZXJhdGlvbnJlc3VsdHMvZXlKcWIySkpaQ0k2SWxKRlUwOVZVa05GUjFKUFZWQkVSVXhGVkVsUFRrcFBRaTFRVXpRME16Z3RWMFZUVkZWVElpd2lhbTlpVEc5allYUnBiMjRpT2lKM1pYTjBkWE1pZlE/YXBpLXZlcnNpb249MjAxNi0wOS0wMQ==",
      "RequestMethod": "GET",
      "RequestBody": "",
      "RequestHeaders": {
        "User-Agent": [
          "FxVersion/4.7.3130.0",
          "OSName/Windows8.1Enterprise",
          "OSVersion/6.3.9600",
          "Microsoft.Azure.Management.Internal.Resources.ResourceManagementClient/4.1.0"
        ]
      },
      "ResponseBody": "",
      "ResponseHeaders": {
        "Content-Length": [
          "0"
        ],
        "Expires": [
          "-1"
        ],
        "Pragma": [
          "no-cache"
        ],
        "x-ms-ratelimit-remaining-subscription-reads": [
          "14992"
        ],
        "x-ms-request-id": [
          "af6581cb-8f8f-439a-beff-7b10277bf958"
        ],
        "x-ms-correlation-request-id": [
          "af6581cb-8f8f-439a-beff-7b10277bf958"
        ],
        "x-ms-routing-request-id": [
          "UKSOUTH2:20180813T141407Z:af6581cb-8f8f-439a-beff-7b10277bf958"
        ],
        "Strict-Transport-Security": [
          "max-age=31536000; includeSubDomains"
        ],
        "X-Content-Type-Options": [
          "nosniff"
        ],
        "Cache-Control": [
          "no-cache"
        ],
        "Date": [
          "Mon, 13 Aug 2018 14:14:06 GMT"
        ]
      },
      "StatusCode": 200
    }
  ],
  "Names": {
    "Test-ProvidersList": [
      "ps4438",
      "ps8865"
    ]
  },
  "Variables": {
    "SubscriptionId": "947d47b4-7883-4bb9-9d85-c5e8e2f572ce"
  }
}