{
  "Entries": [
    {
      "RequestUri": "/subscriptions/c9cbd920-c00c-427c-852b-8aaf38badaeb/resourcegroups/ps2384?api-version=2016-02-01",
      "EncodedRequestUri": "L3N1YnNjcmlwdGlvbnMvYzljYmQ5MjAtYzAwYy00MjdjLTg1MmItOGFhZjM4YmFkYWViL3Jlc291cmNlZ3JvdXBzL3BzMjM4ND9hcGktdmVyc2lvbj0yMDE2LTAyLTAx",
      "RequestMethod": "PUT",
      "RequestBody": "{\r\n  \"location\": \"West US\"\r\n}",
      "RequestHeaders": {
        "Content-Type": [
          "application/json; charset=utf-8"
        ],
        "Content-Length": [
          "29"
        ],
        "User-Agent": [
          "Microsoft.Azure.Management.Resources.ResourceManagementClient/2.0.0.0"
        ]
      },
      "ResponseBody": "{\r\n  \"id\": \"/subscriptions/c9cbd920-c00c-427c-852b-8aaf38badaeb/resourceGroups/ps2384\",\r\n  \"name\": \"ps2384\",\r\n  \"location\": \"westus\",\r\n  \"properties\": {\r\n    \"provisioningState\": \"Succeeded\"\r\n  }\r\n}",
      "ResponseHeaders": {
        "Content-Length": [
          "165"
        ],
        "Content-Type": [
          "application/json; charset=utf-8"
        ],
        "Expires": [
          "-1"
        ],
        "Pragma": [
          "no-cache"
        ],
        "x-ms-ratelimit-remaining-subscription-writes": [
          "1195"
        ],
        "x-ms-request-id": [
          "bcc89222-6622-4046-b5d5-d96b0251dc8c"
        ],
        "x-ms-correlation-request-id": [
          "bcc89222-6622-4046-b5d5-d96b0251dc8c"
        ],
        "x-ms-routing-request-id": [
          "WESTUS2:20180504T120252Z:bcc89222-6622-4046-b5d5-d96b0251dc8c"
        ],
        "Strict-Transport-Security": [
          "max-age=31536000; includeSubDomains"
        ],
        "X-Content-Type-Options": [
          "nosniff"
        ],
        "Cache-Control": [
          "no-cache"
        ],
        "Date": [
          "Fri, 04 May 2018 12:02:52 GMT"
        ]
      },
      "StatusCode": 201
    },
    {
      "RequestUri": "/subscriptions/c9cbd920-c00c-427c-852b-8aaf38badaeb/resourceGroups/ps2384/providers/Microsoft.Network/networkWatchers/ps7558?api-version=2018-04-01",
      "EncodedRequestUri": "L3N1YnNjcmlwdGlvbnMvYzljYmQ5MjAtYzAwYy00MjdjLTg1MmItOGFhZjM4YmFkYWViL3Jlc291cmNlR3JvdXBzL3BzMjM4NC9wcm92aWRlcnMvTWljcm9zb2Z0Lk5ldHdvcmsvbmV0d29ya1dhdGNoZXJzL3BzNzU1OD9hcGktdmVyc2lvbj0yMDE4LTA0LTAx",
      "RequestMethod": "GET",
      "RequestBody": "",
      "RequestHeaders": {
        "x-ms-client-request-id": [
          "861f992f-4508-4f72-8368-434a06afcb34"
        ],
        "accept-language": [
          "en-US"
        ],
        "User-Agent": [
          "FxVersion/4.7.2633.0",
          "OSName/Windows10Enterprise",
          "OSVersion/6.3.16299",
          "Microsoft.Azure.Management.Network.NetworkManagementClient/19.0.0.0"
        ]
      },
      "ResponseBody": "{\r\n  \"error\": {\r\n    \"code\": \"ResourceNotFound\",\r\n    \"message\": \"The Resource 'Microsoft.Network/networkWatchers/ps7558' under resource group 'ps2384' was not found.\"\r\n  }\r\n}",
      "ResponseHeaders": {
        "Content-Length": [
          "150"
        ],
        "Content-Type": [
          "application/json; charset=utf-8"
        ],
        "Expires": [
          "-1"
        ],
        "Pragma": [
          "no-cache"
        ],
        "x-ms-failure-cause": [
          "gateway"
        ],
        "x-ms-request-id": [
          "1871f504-4b7d-40e4-83bc-c52ae87e4c85"
        ],
        "x-ms-correlation-request-id": [
          "1871f504-4b7d-40e4-83bc-c52ae87e4c85"
        ],
        "x-ms-routing-request-id": [
          "WESTUS2:20180504T120252Z:1871f504-4b7d-40e4-83bc-c52ae87e4c85"
        ],
        "Strict-Transport-Security": [
          "max-age=31536000; includeSubDomains"
        ],
        "X-Content-Type-Options": [
          "nosniff"
        ],
        "Cache-Control": [
          "no-cache"
        ],
        "Date": [
          "Fri, 04 May 2018 12:02:51 GMT"
        ]
      },
      "StatusCode": 404
    },
    {
      "RequestUri": "/subscriptions/c9cbd920-c00c-427c-852b-8aaf38badaeb/resourceGroups/ps2384/providers/Microsoft.Network/networkWatchers/ps7558?api-version=2018-04-01",
      "EncodedRequestUri": "L3N1YnNjcmlwdGlvbnMvYzljYmQ5MjAtYzAwYy00MjdjLTg1MmItOGFhZjM4YmFkYWViL3Jlc291cmNlR3JvdXBzL3BzMjM4NC9wcm92aWRlcnMvTWljcm9zb2Z0Lk5ldHdvcmsvbmV0d29ya1dhdGNoZXJzL3BzNzU1OD9hcGktdmVyc2lvbj0yMDE4LTA0LTAx",
      "RequestMethod": "GET",
      "RequestBody": "",
      "RequestHeaders": {
        "x-ms-client-request-id": [
          "07aec27b-43db-4c7a-b296-64fbe92ddb47"
        ],
        "accept-language": [
          "en-US"
        ],
        "User-Agent": [
          "FxVersion/4.7.2633.0",
          "OSName/Windows10Enterprise",
          "OSVersion/6.3.16299",
          "Microsoft.Azure.Management.Network.NetworkManagementClient/19.0.0.0"
        ]
      },
      "ResponseBody": "{\r\n  \"name\": \"ps7558\",\r\n  \"id\": \"/subscriptions/c9cbd920-c00c-427c-852b-8aaf38badaeb/resourceGroups/ps2384/providers/Microsoft.Network/networkWatchers/ps7558\",\r\n  \"etag\": \"W/\\\"a8a2e0e0-c42b-49e8-a295-c65c8275428f\\\"\",\r\n  \"type\": \"Microsoft.Network/networkWatchers\",\r\n  \"location\": \"westcentralus\",\r\n  \"tags\": {\r\n    \"key1\": \"value1\",\r\n    \"key2\": \"value2\"\r\n  },\r\n  \"properties\": {\r\n    \"provisioningState\": \"Succeeded\",\r\n    \"runningOperationIds\": []\r\n  }\r\n}",
      "ResponseHeaders": {
        "Content-Length": [
          "457"
        ],
        "Content-Type": [
          "application/json; charset=utf-8"
        ],
        "Expires": [
          "-1"
        ],
        "Pragma": [
          "no-cache"
        ],
        "x-ms-request-id": [
          "22d22c37-f550-4079-91e9-0bf36a09fad5"
        ],
        "Strict-Transport-Security": [
          "max-age=31536000; includeSubDomains"
        ],
        "Cache-Control": [
          "no-cache"
        ],
        "ETag": [
          "W/\"a8a2e0e0-c42b-49e8-a295-c65c8275428f\""
        ],
        "Server": [
          "Microsoft-HTTPAPI/2.0",
          "Microsoft-HTTPAPI/2.0"
        ],
        "x-ms-ratelimit-remaining-subscription-reads": [
          "14961"
        ],
        "x-ms-correlation-request-id": [
          "717729e7-3087-4b6d-8109-f7b549104724"
        ],
        "x-ms-routing-request-id": [
          "WESTUS2:20180504T120253Z:717729e7-3087-4b6d-8109-f7b549104724"
        ],
        "X-Content-Type-Options": [
          "nosniff"
        ],
        "Date": [
          "Fri, 04 May 2018 12:02:52 GMT"
        ]
      },
      "StatusCode": 200
    },
    {
      "RequestUri": "/subscriptions/c9cbd920-c00c-427c-852b-8aaf38badaeb/resourceGroups/ps2384/providers/Microsoft.Network/networkWatchers/ps7558?api-version=2018-04-01",
      "EncodedRequestUri": "L3N1YnNjcmlwdGlvbnMvYzljYmQ5MjAtYzAwYy00MjdjLTg1MmItOGFhZjM4YmFkYWViL3Jlc291cmNlR3JvdXBzL3BzMjM4NC9wcm92aWRlcnMvTWljcm9zb2Z0Lk5ldHdvcmsvbmV0d29ya1dhdGNoZXJzL3BzNzU1OD9hcGktdmVyc2lvbj0yMDE4LTA0LTAx",
      "RequestMethod": "PUT",
      "RequestBody": "{\r\n  \"location\": \"westcentralus\",\r\n  \"tags\": {\r\n    \"key1\": \"value1\",\r\n    \"key2\": \"value2\"\r\n  }\r\n}",
      "RequestHeaders": {
        "Content-Type": [
          "application/json; charset=utf-8"
        ],
        "Content-Length": [
          "99"
        ],
        "x-ms-client-request-id": [
          "45ed21bf-9e4a-4809-a2d5-8e7a9a3b47df"
        ],
        "accept-language": [
          "en-US"
        ],
        "User-Agent": [
          "FxVersion/4.7.2633.0",
          "OSName/Windows10Enterprise",
          "OSVersion/6.3.16299",
          "Microsoft.Azure.Management.Network.NetworkManagementClient/19.0.0.0"
        ]
      },
      "ResponseBody": "{\r\n  \"name\": \"ps7558\",\r\n  \"id\": \"/subscriptions/c9cbd920-c00c-427c-852b-8aaf38badaeb/resourceGroups/ps2384/providers/Microsoft.Network/networkWatchers/ps7558\",\r\n  \"etag\": \"W/\\\"a8a2e0e0-c42b-49e8-a295-c65c8275428f\\\"\",\r\n  \"type\": \"Microsoft.Network/networkWatchers\",\r\n  \"location\": \"westcentralus\",\r\n  \"tags\": {\r\n    \"key1\": \"value1\",\r\n    \"key2\": \"value2\"\r\n  },\r\n  \"properties\": {\r\n    \"provisioningState\": \"Succeeded\",\r\n    \"runningOperationIds\": []\r\n  }\r\n}",
      "ResponseHeaders": {
        "Content-Length": [
          "457"
        ],
        "Content-Type": [
          "application/json; charset=utf-8"
        ],
        "Expires": [
          "-1"
        ],
        "Pragma": [
          "no-cache"
        ],
        "x-ms-request-id": [
          "47d243b1-60af-4e95-a862-416fb5a90531"
        ],
        "Azure-AsyncOperation": [
          "https://management.azure.com/subscriptions/c9cbd920-c00c-427c-852b-8aaf38badaeb/providers/Microsoft.Network/locations/westcentralus/operations/47d243b1-60af-4e95-a862-416fb5a90531?api-version=2018-04-01"
        ],
        "Strict-Transport-Security": [
          "max-age=31536000; includeSubDomains"
        ],
        "Cache-Control": [
          "no-cache"
        ],
        "Server": [
          "Microsoft-HTTPAPI/2.0",
          "Microsoft-HTTPAPI/2.0"
        ],
        "x-ms-ratelimit-remaining-subscription-writes": [
          "1191"
        ],
        "x-ms-correlation-request-id": [
          "f88e934c-24c9-4b14-8430-0f970ddb1241"
        ],
        "x-ms-routing-request-id": [
          "WESTUS2:20180504T120253Z:f88e934c-24c9-4b14-8430-0f970ddb1241"
        ],
        "X-Content-Type-Options": [
          "nosniff"
        ],
        "Date": [
          "Fri, 04 May 2018 12:02:52 GMT"
        ]
      },
      "StatusCode": 201
    },
    {
      "RequestUri": "/subscriptions/c9cbd920-c00c-427c-852b-8aaf38badaeb/resourceGroups/ps2384/providers/Microsoft.Network/networkWatchers/ps7558/availableProvidersList?api-version=2018-04-01",
      "EncodedRequestUri": "L3N1YnNjcmlwdGlvbnMvYzljYmQ5MjAtYzAwYy00MjdjLTg1MmItOGFhZjM4YmFkYWViL3Jlc291cmNlR3JvdXBzL3BzMjM4NC9wcm92aWRlcnMvTWljcm9zb2Z0Lk5ldHdvcmsvbmV0d29ya1dhdGNoZXJzL3BzNzU1OC9hdmFpbGFibGVQcm92aWRlcnNMaXN0P2FwaS12ZXJzaW9uPTIwMTgtMDQtMDE=",
      "RequestMethod": "POST",
      "RequestBody": "{\r\n  \"azureLocations\": [\r\n    \"West US\"\r\n  ],\r\n  \"country\": \"United States\"\r\n}",
      "RequestHeaders": {
        "Content-Type": [
          "application/json; charset=utf-8"
        ],
        "Content-Length": [
          "78"
        ],
        "x-ms-client-request-id": [
          "936ed325-af1e-46e8-8353-0dd8c04ab7c3"
        ],
        "accept-language": [
          "en-US"
        ],
        "User-Agent": [
          "FxVersion/4.7.2633.0",
          "OSName/Windows10Enterprise",
          "OSVersion/6.3.16299",
          "Microsoft.Azure.Management.Network.NetworkManagementClient/19.0.0.0"
        ]
      },
      "ResponseBody": "{\r\n  \"countries\": [\r\n    {\r\n      \"countryName\": \"United States\",\r\n      \"providers\": [\r\n        \"AT&T Services, Inc. - ASN 7018\",\r\n        \"Alibaba (China) Technology Co., Ltd. - ASN 45102\",\r\n        \"CABLE ONE, INC. - ASN 11492\",\r\n        \"California State University, Office of the Chancellor - ASN 2152\",\r\n        \"CenturyTel Internet Holdings, Inc. - ASN 22561\",\r\n        \"Charter Communications - ASN 20115\",\r\n        \"Charter Communications - ASN 33588\",\r\n        \"Cincinnati Bell Telephone Company LLC - ASN 6181\",\r\n        \"Cogent Communications - ASN 174\",\r\n        \"Comcast Cable Communications, LLC - ASN 7922\",\r\n        \"Cox Communications Inc. - ASN 22773\",\r\n        \"Frontier Communications of America, Inc. - ASN 5650\",\r\n        \"Google Fiber Inc. - ASN 16591\",\r\n        \"Level 3 Communications, Inc. (GBLX) - ASN 3549\",\r\n        \"Level 3 Parent, LLC - ASN 3356\",\r\n        \"MCI Communications Services, Inc. d/b/a Verizon Business - ASN 2828\",\r\n        \"MCNC - ASN 81\",\r\n        \"Mediacom Communications Corp - ASN 30036\",\r\n        \"PenTeleData Inc. - ASN 3737\",\r\n        \"Qwest Communications Company, LLC - ASN 209\",\r\n        \"RCN - ASN 6079\",\r\n        \"Spirit Communications - ASN 2711\",\r\n        \"Suddenlink Communications - ASN 19108\",\r\n        \"TDS TELECOM - ASN 4181\",\r\n        \"Time Warner Cable Internet LLC - ASN 10796\",\r\n        \"Time Warner Cable Internet LLC - ASN 11351\",\r\n        \"Time Warner Cable Internet LLC - ASN 11426\",\r\n        \"Time Warner Cable Internet LLC - ASN 11427\",\r\n        \"Time Warner Cable Internet LLC - ASN 12271\",\r\n        \"Time Warner Cable Internet LLC - ASN 20001\",\r\n        \"Verizon Business/UUnet - ASN 701\",\r\n        \"WideOpenWest Finance LLC - ASN 12083\",\r\n        \"Windstream Communications LLC - ASN 7029\",\r\n        \"Zayo Bandwidth - ASN 6461\",\r\n        \"vanoppen.biz LLC - ASN 11404\"\r\n      ],\r\n      \"states\": [\r\n        {\r\n          \"stateName\": \"alabama\",\r\n          \"providers\": [\r\n            \"AT&T Services, Inc. - ASN 7018\",\r\n            \"Charter Communications - ASN 20115\"\r\n          ],\r\n          \"cities\": []\r\n        },\r\n        {\r\n          \"stateName\": \"arizona\",\r\n          \"providers\": [\r\n            \"Cox Communications Inc. - ASN 22773\",\r\n            \"Qwest Communications Company, LLC - ASN 209\"\r\n          ],\r\n          \"cities\": [\r\n            {\r\n              \"cityName\": \"phoenix\",\r\n              \"providers\": [\r\n                \"Cox Communications Inc. - ASN 22773\",\r\n                \"Qwest Communications Company, LLC - ASN 209\"\r\n              ]\r\n            }\r\n          ]\r\n        },\r\n        {\r\n          \"stateName\": \"california\",\r\n          \"providers\": [\r\n            \"AT&T Services, Inc. - ASN 7018\",\r\n            \"Alibaba (China) Technology Co., Ltd. - ASN 45102\",\r\n            \"California State University, Office of the Chancellor - ASN 2152\",\r\n            \"Charter Communications - ASN 20115\",\r\n            \"Comcast Cable Communications, LLC - ASN 7922\",\r\n            \"Cox Communications Inc. - ASN 22773\",\r\n            \"Frontier Communications of America, Inc. - ASN 5650\",\r\n            \"Time Warner Cable Internet LLC - ASN 20001\"\r\n          ],\r\n          \"cities\": [\r\n            {\r\n              \"cityName\": \"los angeles\",\r\n              \"providers\": [\r\n                \"Time Warner Cable Internet LLC - ASN 20001\"\r\n              ]\r\n            },\r\n            {\r\n              \"cityName\": \"san bernardino\",\r\n              \"providers\": [\r\n                \"AT&T Services, Inc. - ASN 7018\"\r\n              ]\r\n            },\r\n            {\r\n              \"cityName\": \"san mateo\",\r\n              \"providers\": [\r\n                \"Alibaba (China) Technology Co., Ltd. - ASN 45102\"\r\n              ]\r\n            },\r\n            {\r\n              \"cityName\": \"stockton\",\r\n              \"providers\": [\r\n                \"AT&T Services, Inc. - ASN 7018\"\r\n              ]\r\n            }\r\n          ]\r\n        },\r\n        {\r\n          \"stateName\": \"colorado\",\r\n          \"providers\": [\r\n            \"Comcast Cable Communications, LLC - ASN 7922\",\r\n            \"Qwest Communications Company, LLC - ASN 209\"\r\n          ],\r\n          \"cities\": []\r\n        },\r\n        {\r\n          \"stateName\": \"connecticut\",\r\n          \"providers\": [\r\n            \"Comcast Cable Communications, LLC - ASN 7922\"\r\n          ],\r\n          \"cities\": []\r\n        },\r\n        {\r\n          \"stateName\": \"florida\",\r\n          \"providers\": [\r\n            \"AT&T Services, Inc. - ASN 7018\",\r\n            \"Comcast Cable Communications, LLC - ASN 7922\",\r\n            \"Frontier Communications of America, Inc. - ASN 5650\",\r\n            \"Qwest Communications Company, LLC - ASN 209\"\r\n          ],\r\n          \"cities\": [\r\n            {\r\n              \"cityName\": \"miami\",\r\n              \"providers\": [\r\n                \"Comcast Cable Communications, LLC - ASN 7922\"\r\n              ]\r\n            }\r\n          ]\r\n        },\r\n        {\r\n          \"stateName\": \"georgia\",\r\n          \"providers\": [\r\n            \"AT&T Services, Inc. - ASN 7018\",\r\n            \"Charter Communications - ASN 20115\",\r\n            \"Comcast Cable Communications, LLC - ASN 7922\",\r\n            \"Windstream Communications LLC - ASN 7029\"\r\n          ],\r\n          \"cities\": []\r\n        },\r\n        {\r\n          \"stateName\": \"hawaii\",\r\n          \"providers\": [\r\n            \"Time Warner Cable Internet LLC - ASN 20001\"\r\n          ],\r\n          \"cities\": []\r\n        },\r\n        {\r\n          \"stateName\": \"illinois\",\r\n          \"providers\": [\r\n            \"AT&T Services, Inc. - ASN 7018\",\r\n            \"Comcast Cable Communications, LLC - ASN 7922\"\r\n          ],\r\n          \"cities\": [\r\n            {\r\n              \"cityName\": \"chicago\",\r\n              \"providers\": [\r\n                \"Comcast Cable Communications, LLC - ASN 7922\"\r\n              ]\r\n            },\r\n            {\r\n              \"cityName\": \"elmhurst\",\r\n              \"providers\": [\r\n                \"AT&T Services, Inc. - ASN 7018\"\r\n              ]\r\n            }\r\n          ]\r\n        },\r\n        {\r\n          \"stateName\": \"indiana\",\r\n          \"providers\": [\r\n            \"AT&T Services, Inc. - ASN 7018\",\r\n            \"Comcast Cable Communications, LLC - ASN 7922\"\r\n          ],\r\n          \"cities\": []\r\n        },\r\n        {\r\n          \"stateName\": \"iowa\",\r\n          \"providers\": [\r\n            \"Mediacom Communications Corp - ASN 30036\"\r\n          ],\r\n          \"cities\": []\r\n        },\r\n        {\r\n          \"stateName\": \"kentucky\",\r\n          \"providers\": [\r\n            \"Time Warner Cable Internet LLC - ASN 10796\"\r\n          ],\r\n          \"cities\": []\r\n        },\r\n        {\r\n          \"stateName\": \"louisiana\",\r\n          \"providers\": [\r\n            \"AT&T Services, Inc. - ASN 7018\",\r\n            \"Cox Communications Inc. - ASN 22773\"\r\n          ],\r\n          \"cities\": []\r\n        },\r\n        {\r\n          \"stateName\": \"maine\",\r\n          \"providers\": [\r\n            \"Time Warner Cable Internet LLC - ASN 11351\"\r\n          ],\r\n          \"cities\": []\r\n        },\r\n        {\r\n          \"stateName\": \"maryland\",\r\n          \"providers\": [\r\n            \"Comcast Cable Communications, LLC - ASN 7922\",\r\n            \"Verizon Business/UUnet - ASN 701\"\r\n          ],\r\n          \"cities\": []\r\n        },\r\n        {\r\n          \"stateName\": \"massachusetts\",\r\n          \"providers\": [\r\n            \"Comcast Cable Communications, LLC - ASN 7922\",\r\n            \"Verizon Business/UUnet - ASN 701\"\r\n          ],\r\n          \"cities\": [\r\n            {\r\n              \"cityName\": \"ashland\",\r\n              \"providers\": [\r\n                \"Comcast Cable Communications, LLC - ASN 7922\"\r\n              ]\r\n            }\r\n          ]\r\n        },\r\n        {\r\n          \"stateName\": \"michigan\",\r\n          \"providers\": [\r\n            \"AT&T Services, Inc. - ASN 7018\",\r\n            \"Charter Communications - ASN 20115\",\r\n            \"Comcast Cable Communications, LLC - ASN 7922\"\r\n          ],\r\n          \"cities\": [\r\n            {\r\n              \"cityName\": \"dearborn\",\r\n              \"providers\": [\r\n                \"Comcast Cable Communications, LLC - ASN 7922\"\r\n              ]\r\n            }\r\n          ]\r\n        },\r\n        {\r\n          \"stateName\": \"minnesota\",\r\n          \"providers\": [\r\n            \"Comcast Cable Communications, LLC - ASN 7922\",\r\n            \"Qwest Communications Company, LLC - ASN 209\"\r\n          ],\r\n          \"cities\": []\r\n        },\r\n        {\r\n          \"stateName\": \"mississippi\",\r\n          \"providers\": [\r\n            \"AT&T Services, Inc. - ASN 7018\"\r\n          ],\r\n          \"cities\": []\r\n        },\r\n        {\r\n          \"stateName\": \"missouri\",\r\n          \"providers\": [\r\n            \"AT&T Services, Inc. - ASN 7018\",\r\n            \"Charter Communications - ASN 20115\"\r\n          ],\r\n          \"cities\": []\r\n        },\r\n        {\r\n          \"stateName\": \"nevada\",\r\n          \"providers\": [\r\n            \"Cox Communications Inc. - ASN 22773\"\r\n          ],\r\n          \"cities\": [\r\n            {\r\n              \"cityName\": \"las vegas\",\r\n              \"providers\": [\r\n                \"Cox Communications Inc. - ASN 22773\"\r\n              ]\r\n            }\r\n          ]\r\n        },\r\n        {\r\n          \"stateName\": \"new hampshire\",\r\n          \"providers\": [\r\n            \"Comcast Cable Communications, LLC - ASN 7922\"\r\n          ],\r\n          \"cities\": []\r\n        },\r\n        {\r\n          \"stateName\": \"new jersey\",\r\n          \"providers\": [\r\n            \"Comcast Cable Communications, LLC - ASN 7922\",\r\n            \"Verizon Business/UUnet - ASN 701\"\r\n          ],\r\n          \"cities\": []\r\n        },\r\n        {\r\n          \"stateName\": \"new mexico\",\r\n          \"providers\": [\r\n            \"Comcast Cable Communications, LLC - ASN 7922\"\r\n          ],\r\n          \"cities\": []\r\n        },\r\n        {\r\n          \"stateName\": \"new york\",\r\n          \"providers\": [\r\n            \"Time Warner Cable Internet LLC - ASN 11351\",\r\n            \"Time Warner Cable Internet LLC - ASN 12271\",\r\n            \"Verizon Business/UUnet - ASN 701\"\r\n          ],\r\n          \"cities\": [\r\n            {\r\n              \"cityName\": \"new york\",\r\n              \"providers\": [\r\n                \"Time Warner Cable Internet LLC - ASN 12271\"\r\n              ]\r\n            },\r\n            {\r\n              \"cityName\": \"rochester\",\r\n              \"providers\": [\r\n                \"Time Warner Cable Internet LLC - ASN 11351\"\r\n              ]\r\n            },\r\n            {\r\n              \"cityName\": \"wantagh\",\r\n              \"providers\": [\r\n                \"Verizon Business/UUnet - ASN 701\"\r\n              ]\r\n            },\r\n            {\r\n              \"cityName\": \"webster\",\r\n              \"providers\": [\r\n                \"Time Warner Cable Internet LLC - ASN 11351\"\r\n              ]\r\n            }\r\n          ]\r\n        },\r\n        {\r\n          \"stateName\": \"north carolina\",\r\n          \"providers\": [\r\n            \"AT&T Services, Inc. - ASN 7018\",\r\n            \"MCNC - ASN 81\",\r\n            \"Time Warner Cable Internet LLC - ASN 11426\"\r\n          ],\r\n          \"cities\": []\r\n        },\r\n        {\r\n          \"stateName\": \"ohio\",\r\n          \"providers\": [\r\n            \"AT&T Services, Inc. - ASN 7018\",\r\n            \"Cincinnati Bell Telephone Company LLC - ASN 6181\",\r\n            \"Time Warner Cable Internet LLC - ASN 10796\"\r\n          ],\r\n          \"cities\": []\r\n        },\r\n        {\r\n          \"stateName\": \"oklahoma\",\r\n          \"providers\": [\r\n            \"AT&T Services, Inc. - ASN 7018\",\r\n            \"Cox Communications Inc. - ASN 22773\"\r\n          ],\r\n          \"cities\": []\r\n        },\r\n        {\r\n          \"stateName\": \"oregon\",\r\n          \"providers\": [\r\n            \"Comcast Cable Communications, LLC - ASN 7922\"\r\n          ],\r\n          \"cities\": []\r\n        },\r\n        {\r\n          \"stateName\": \"pennsylvania\",\r\n          \"providers\": [\r\n            \"Comcast Cable Communications, LLC - ASN 7922\",\r\n            \"PenTeleData Inc. - ASN 3737\",\r\n            \"Verizon Business/UUnet - ASN 701\"\r\n          ],\r\n          \"cities\": [\r\n            {\r\n              \"cityName\": \"philadelphia\",\r\n              \"providers\": [\r\n                \"Comcast Cable Communications, LLC - ASN 7922\"\r\n              ]\r\n            }\r\n          ]\r\n        },\r\n        {\r\n          \"stateName\": \"south carolina\",\r\n          \"providers\": [\r\n            \"Charter Communications - ASN 20115\",\r\n            \"Spirit Communications - ASN 2711\",\r\n            \"Time Warner Cable Internet LLC - ASN 11426\"\r\n          ],\r\n          \"cities\": [\r\n            {\r\n              \"cityName\": \"aiken\",\r\n              \"providers\": [\r\n                \"Spirit Communications - ASN 2711\"\r\n              ]\r\n            },\r\n            {\r\n              \"cityName\": \"warrenville\",\r\n              \"providers\": [\r\n                \"Spirit Communications - ASN 2711\"\r\n              ]\r\n            }\r\n          ]\r\n        },\r\n        {\r\n          \"stateName\": \"tennessee\",\r\n          \"providers\": [\r\n            \"AT&T Services, Inc. - ASN 7018\",\r\n            \"Charter Communications - ASN 20115\",\r\n            \"Comcast Cable Communications, LLC - ASN 7922\"\r\n          ],\r\n          \"cities\": [\r\n            {\r\n              \"cityName\": \"memphis\",\r\n              \"providers\": [\r\n                \"AT&T Services, Inc. - ASN 7018\"\r\n              ]\r\n            }\r\n          ]\r\n        },\r\n        {\r\n          \"stateName\": \"texas\",\r\n          \"providers\": [\r\n            \"AT&T Services, Inc. - ASN 7018\",\r\n            \"Charter Communications - ASN 20115\",\r\n            \"Comcast Cable Communications, LLC - ASN 7922\",\r\n            \"Frontier Communications of America, Inc. - ASN 5650\",\r\n            \"Suddenlink Communications - ASN 19108\",\r\n            \"Time Warner Cable Internet LLC - ASN 11427\"\r\n          ],\r\n          \"cities\": [\r\n            {\r\n              \"cityName\": \"austin\",\r\n              \"providers\": [\r\n                \"Time Warner Cable Internet LLC - ASN 11427\"\r\n              ]\r\n            },\r\n            {\r\n              \"cityName\": \"houston\",\r\n              \"providers\": [\r\n                \"AT&T Services, Inc. - ASN 7018\",\r\n                \"Comcast Cable Communications, LLC - ASN 7922\"\r\n              ]\r\n            },\r\n            {\r\n              \"cityName\": \"san antonio\",\r\n              \"providers\": [\r\n                \"Time Warner Cable Internet LLC - ASN 11427\"\r\n              ]\r\n            }\r\n          ]\r\n        },\r\n        {\r\n          \"stateName\": \"utah\",\r\n          \"providers\": [\r\n            \"Comcast Cable Communications, LLC - ASN 7922\"\r\n          ],\r\n          \"cities\": []\r\n        },\r\n        {\r\n          \"stateName\": \"virginia\",\r\n          \"providers\": [\r\n            \"Comcast Cable Communications, LLC - ASN 7922\",\r\n            \"Cox Communications Inc. - ASN 22773\",\r\n            \"Verizon Business/UUnet - ASN 701\"\r\n          ],\r\n          \"cities\": []\r\n        },\r\n        {\r\n          \"stateName\": \"washington\",\r\n          \"providers\": [\r\n            \"Comcast Cable Communications, LLC - ASN 7922\",\r\n            \"Qwest Communications Company, LLC - ASN 209\"\r\n          ],\r\n          \"cities\": [\r\n            {\r\n              \"cityName\": \"seattle\",\r\n              \"providers\": [\r\n                \"Comcast Cable Communications, LLC - ASN 7922\"\r\n              ]\r\n            }\r\n          ]\r\n        },\r\n        {\r\n          \"stateName\": \"wisconsin\",\r\n          \"providers\": [\r\n            \"AT&T Services, Inc. - ASN 7018\",\r\n            \"Charter Communications - ASN 20115\",\r\n            \"Time Warner Cable Internet LLC - ASN 10796\"\r\n          ],\r\n          \"cities\": []\r\n        }\r\n      ]\r\n    }\r\n  ]\r\n}",
      "ResponseHeaders": {
        "Content-Length": [
          "15489"
        ],
        "Content-Type": [
          "application/json; charset=utf-8"
        ],
        "Expires": [
          "-1"
        ],
        "Pragma": [
          "no-cache"
        ],
        "x-ms-request-id": [
          "636942b1-6fc7-49af-ad25-5d42b6dfdfbe"
        ],
        "Strict-Transport-Security": [
          "max-age=31536000; includeSubDomains"
        ],
        "Cache-Control": [
          "no-cache"
        ],
        "Location": [
          "https://management.azure.com/subscriptions/c9cbd920-c00c-427c-852b-8aaf38badaeb/providers/Microsoft.Network/locations/westcentralus/operationResults/636942b1-6fc7-49af-ad25-5d42b6dfdfbe?api-version=2018-04-01"
        ],
        "Server": [
          "Microsoft-HTTPAPI/2.0",
          "Microsoft-HTTPAPI/2.0"
        ],
        "x-ms-ratelimit-remaining-subscription-writes": [
          "1190"
        ],
        "x-ms-correlation-request-id": [
          "c948fb7f-05c8-4443-8918-500d2db7126b"
        ],
        "x-ms-routing-request-id": [
          "WESTUS2:20180504T120254Z:c948fb7f-05c8-4443-8918-500d2db7126b"
        ],
        "X-Content-Type-Options": [
          "nosniff"
        ],
        "Date": [
          "Fri, 04 May 2018 12:02:53 GMT"
        ]
      },
      "StatusCode": 200
    },
    {
      "RequestUri": "/subscriptions/c9cbd920-c00c-427c-852b-8aaf38badaeb/resourceGroups/ps2384/providers/Microsoft.Network/networkWatchers/ps7558/availableProvidersList?api-version=2018-04-01",
      "EncodedRequestUri": "L3N1YnNjcmlwdGlvbnMvYzljYmQ5MjAtYzAwYy00MjdjLTg1MmItOGFhZjM4YmFkYWViL3Jlc291cmNlR3JvdXBzL3BzMjM4NC9wcm92aWRlcnMvTWljcm9zb2Z0Lk5ldHdvcmsvbmV0d29ya1dhdGNoZXJzL3BzNzU1OC9hdmFpbGFibGVQcm92aWRlcnNMaXN0P2FwaS12ZXJzaW9uPTIwMTgtMDQtMDE=",
      "RequestMethod": "POST",
      "RequestBody": "{\r\n  \"azureLocations\": [\r\n    \"West US\"\r\n  ],\r\n  \"country\": \"United States\",\r\n  \"state\": \"washington\"\r\n}",
      "RequestHeaders": {
        "Content-Type": [
          "application/json; charset=utf-8"
        ],
        "Content-Length": [
          "104"
        ],
        "x-ms-client-request-id": [
          "46e83e51-3b77-435d-b76c-d3b1adb7e4fa"
        ],
        "accept-language": [
          "en-US"
        ],
        "User-Agent": [
          "FxVersion/4.7.2633.0",
          "OSName/Windows10Enterprise",
          "OSVersion/6.3.16299",
          "Microsoft.Azure.Management.Network.NetworkManagementClient/19.0.0.0"
        ]
      },
      "ResponseBody": "{\r\n  \"countries\": [\r\n    {\r\n      \"countryName\": \"United States\",\r\n      \"states\": [\r\n        {\r\n          \"stateName\": \"washington\",\r\n          \"providers\": [\r\n            \"Comcast Cable Communications, LLC - ASN 7922\",\r\n            \"Qwest Communications Company, LLC - ASN 209\"\r\n          ],\r\n          \"cities\": [\r\n            {\r\n              \"cityName\": \"seattle\",\r\n              \"providers\": [\r\n                \"Comcast Cable Communications, LLC - ASN 7922\"\r\n              ]\r\n            }\r\n          ]\r\n        }\r\n      ]\r\n    }\r\n  ]\r\n}",
      "ResponseHeaders": {
        "Content-Length": [
          "543"
        ],
        "Content-Type": [
          "application/json; charset=utf-8"
        ],
        "Expires": [
          "-1"
        ],
        "Pragma": [
          "no-cache"
        ],
        "x-ms-request-id": [
          "1c9f479b-c8d1-4ee1-8c04-4919b06747d1"
        ],
        "Strict-Transport-Security": [
          "max-age=31536000; includeSubDomains"
        ],
        "Cache-Control": [
          "no-cache"
        ],
        "Location": [
          "https://management.azure.com/subscriptions/c9cbd920-c00c-427c-852b-8aaf38badaeb/providers/Microsoft.Network/locations/westcentralus/operationResults/1c9f479b-c8d1-4ee1-8c04-4919b06747d1?api-version=2018-04-01"
        ],
        "Server": [
          "Microsoft-HTTPAPI/2.0",
          "Microsoft-HTTPAPI/2.0"
        ],
        "x-ms-ratelimit-remaining-subscription-writes": [
          "1189"
        ],
        "x-ms-correlation-request-id": [
          "87f7d778-5f77-4a82-a073-be74c2ae64a5"
        ],
        "x-ms-routing-request-id": [
          "WESTUS2:20180504T120254Z:87f7d778-5f77-4a82-a073-be74c2ae64a5"
        ],
        "X-Content-Type-Options": [
          "nosniff"
        ],
        "Date": [
          "Fri, 04 May 2018 12:02:53 GMT"
        ]
      },
      "StatusCode": 200
    },
    {
      "RequestUri": "/subscriptions/c9cbd920-c00c-427c-852b-8aaf38badaeb/resourceGroups/ps2384/providers/Microsoft.Network/networkWatchers/ps7558/availableProvidersList?api-version=2018-04-01",
      "EncodedRequestUri": "L3N1YnNjcmlwdGlvbnMvYzljYmQ5MjAtYzAwYy00MjdjLTg1MmItOGFhZjM4YmFkYWViL3Jlc291cmNlR3JvdXBzL3BzMjM4NC9wcm92aWRlcnMvTWljcm9zb2Z0Lk5ldHdvcmsvbmV0d29ya1dhdGNoZXJzL3BzNzU1OC9hdmFpbGFibGVQcm92aWRlcnNMaXN0P2FwaS12ZXJzaW9uPTIwMTgtMDQtMDE=",
      "RequestMethod": "POST",
      "RequestBody": "{\r\n  \"azureLocations\": [\r\n    \"West US\"\r\n  ],\r\n  \"country\": \"United States\",\r\n  \"state\": \"washington\",\r\n  \"city\": \"seattle\"\r\n}",
      "RequestHeaders": {
        "Content-Type": [
          "application/json; charset=utf-8"
        ],
        "Content-Length": [
          "126"
        ],
        "x-ms-client-request-id": [
          "7aaa39a9-9d82-4b0b-8932-a717e37e3695"
        ],
        "accept-language": [
          "en-US"
        ],
        "User-Agent": [
          "FxVersion/4.7.2633.0",
          "OSName/Windows10Enterprise",
          "OSVersion/6.3.16299",
          "Microsoft.Azure.Management.Network.NetworkManagementClient/19.0.0.0"
        ]
      },
      "ResponseBody": "{\r\n  \"countries\": [\r\n    {\r\n      \"countryName\": \"United States\",\r\n      \"states\": [\r\n        {\r\n          \"stateName\": \"washington\",\r\n          \"cities\": [\r\n            {\r\n              \"cityName\": \"seattle\",\r\n              \"providers\": [\r\n                \"Comcast Cable Communications, LLC - ASN 7922\"\r\n              ]\r\n            }\r\n          ]\r\n        }\r\n      ]\r\n    }\r\n  ]\r\n}",
      "ResponseHeaders": {
        "Content-Length": [
          "383"
        ],
        "Content-Type": [
          "application/json; charset=utf-8"
        ],
        "Expires": [
          "-1"
        ],
        "Pragma": [
          "no-cache"
        ],
        "x-ms-request-id": [
          "622913bd-53dc-41b2-b74d-890307217a44"
        ],
        "Strict-Transport-Security": [
          "max-age=31536000; includeSubDomains"
        ],
        "Cache-Control": [
          "no-cache"
        ],
        "Location": [
          "https://management.azure.com/subscriptions/c9cbd920-c00c-427c-852b-8aaf38badaeb/providers/Microsoft.Network/locations/westcentralus/operationResults/622913bd-53dc-41b2-b74d-890307217a44?api-version=2018-04-01"
        ],
        "Server": [
          "Microsoft-HTTPAPI/2.0",
          "Microsoft-HTTPAPI/2.0"
        ],
        "x-ms-ratelimit-remaining-subscription-writes": [
          "1188"
        ],
        "x-ms-correlation-request-id": [
          "e5d95858-50aa-4283-b589-a65e04d0de04"
        ],
        "x-ms-routing-request-id": [
          "WESTUS2:20180504T120255Z:e5d95858-50aa-4283-b589-a65e04d0de04"
        ],
        "X-Content-Type-Options": [
          "nosniff"
        ],
        "Date": [
          "Fri, 04 May 2018 12:02:55 GMT"
        ]
      },
      "StatusCode": 200
    },
    {
      "RequestUri": "/subscriptions/c9cbd920-c00c-427c-852b-8aaf38badaeb/resourcegroups/ps2384?api-version=2016-02-01",
      "EncodedRequestUri": "L3N1YnNjcmlwdGlvbnMvYzljYmQ5MjAtYzAwYy00MjdjLTg1MmItOGFhZjM4YmFkYWViL3Jlc291cmNlZ3JvdXBzL3BzMjM4ND9hcGktdmVyc2lvbj0yMDE2LTAyLTAx",
      "RequestMethod": "DELETE",
      "RequestBody": "",
      "RequestHeaders": {
        "User-Agent": [
          "Microsoft.Azure.Management.Resources.ResourceManagementClient/2.0.0.0"
        ]
      },
      "ResponseBody": "",
      "ResponseHeaders": {
        "Content-Length": [
          "0"
        ],
        "Expires": [
          "-1"
        ],
        "Pragma": [
          "no-cache"
        ],
        "Retry-After": [
          "15"
        ],
        "x-ms-ratelimit-remaining-subscription-writes": [
          "1194"
        ],
        "x-ms-request-id": [
          "8e7e162b-4b03-4ff6-89bc-e5683b9e4649"
        ],
        "x-ms-correlation-request-id": [
          "8e7e162b-4b03-4ff6-89bc-e5683b9e4649"
        ],
        "x-ms-routing-request-id": [
          "WESTUS2:20180504T120255Z:8e7e162b-4b03-4ff6-89bc-e5683b9e4649"
        ],
        "Strict-Transport-Security": [
          "max-age=31536000; includeSubDomains"
        ],
        "X-Content-Type-Options": [
          "nosniff"
        ],
        "Cache-Control": [
          "no-cache"
        ],
        "Date": [
          "Fri, 04 May 2018 12:02:55 GMT"
        ],
        "Location": [
          "https://management.azure.com/subscriptions/c9cbd920-c00c-427c-852b-8aaf38badaeb/operationresults/eyJqb2JJZCI6IlJFU09VUkNFR1JPVVBERUxFVElPTkpPQi1QUzIzODQtV0VTVFVTIiwiam9iTG9jYXRpb24iOiJ3ZXN0dXMifQ?api-version=2016-02-01"
        ]
      },
      "StatusCode": 202
    },
    {
      "RequestUri": "/subscriptions/c9cbd920-c00c-427c-852b-8aaf38badaeb/operationresults/eyJqb2JJZCI6IlJFU09VUkNFR1JPVVBERUxFVElPTkpPQi1QUzIzODQtV0VTVFVTIiwiam9iTG9jYXRpb24iOiJ3ZXN0dXMifQ?api-version=2016-02-01",
      "EncodedRequestUri": "L3N1YnNjcmlwdGlvbnMvYzljYmQ5MjAtYzAwYy00MjdjLTg1MmItOGFhZjM4YmFkYWViL29wZXJhdGlvbnJlc3VsdHMvZXlKcWIySkpaQ0k2SWxKRlUwOVZVa05GUjFKUFZWQkVSVXhGVkVsUFRrcFBRaTFRVXpJek9EUXRWMFZUVkZWVElpd2lhbTlpVEc5allYUnBiMjRpT2lKM1pYTjBkWE1pZlE/YXBpLXZlcnNpb249MjAxNi0wMi0wMQ==",
      "RequestMethod": "GET",
      "RequestBody": "",
      "RequestHeaders": {
        "x-ms-version": [
          "2016-02-01"
        ],
        "User-Agent": [
          "Microsoft.Azure.Management.Resources.ResourceManagementClient/2.0.0.0"
        ]
      },
      "ResponseBody": "",
      "ResponseHeaders": {
        "Content-Length": [
          "0"
        ],
        "Expires": [
          "-1"
        ],
        "Pragma": [
          "no-cache"
        ],
        "Retry-After": [
          "15"
        ],
        "x-ms-ratelimit-remaining-subscription-reads": [
          "14986"
        ],
        "x-ms-request-id": [
          "7ba31809-9538-4a53-b73f-83d46b387b5e"
        ],
        "x-ms-correlation-request-id": [
          "7ba31809-9538-4a53-b73f-83d46b387b5e"
        ],
        "x-ms-routing-request-id": [
          "WESTUS2:20180504T120255Z:7ba31809-9538-4a53-b73f-83d46b387b5e"
        ],
        "Strict-Transport-Security": [
          "max-age=31536000; includeSubDomains"
        ],
        "X-Content-Type-Options": [
          "nosniff"
        ],
        "Cache-Control": [
          "no-cache"
        ],
        "Date": [
          "Fri, 04 May 2018 12:02:55 GMT"
        ],
        "Location": [
          "https://management.azure.com/subscriptions/c9cbd920-c00c-427c-852b-8aaf38badaeb/operationresults/eyJqb2JJZCI6IlJFU09VUkNFR1JPVVBERUxFVElPTkpPQi1QUzIzODQtV0VTVFVTIiwiam9iTG9jYXRpb24iOiJ3ZXN0dXMifQ?api-version=2016-02-01"
        ]
      },
      "StatusCode": 202
    },
    {
      "RequestUri": "/subscriptions/c9cbd920-c00c-427c-852b-8aaf38badaeb/operationresults/eyJqb2JJZCI6IlJFU09VUkNFR1JPVVBERUxFVElPTkpPQi1QUzIzODQtV0VTVFVTIiwiam9iTG9jYXRpb24iOiJ3ZXN0dXMifQ?api-version=2016-02-01",
      "EncodedRequestUri": "L3N1YnNjcmlwdGlvbnMvYzljYmQ5MjAtYzAwYy00MjdjLTg1MmItOGFhZjM4YmFkYWViL29wZXJhdGlvbnJlc3VsdHMvZXlKcWIySkpaQ0k2SWxKRlUwOVZVa05GUjFKUFZWQkVSVXhGVkVsUFRrcFBRaTFRVXpJek9EUXRWMFZUVkZWVElpd2lhbTlpVEc5allYUnBiMjRpT2lKM1pYTjBkWE1pZlE/YXBpLXZlcnNpb249MjAxNi0wMi0wMQ==",
      "RequestMethod": "GET",
      "RequestBody": "",
      "RequestHeaders": {
        "x-ms-version": [
          "2016-02-01"
        ],
        "User-Agent": [
          "Microsoft.Azure.Management.Resources.ResourceManagementClient/2.0.0.0"
        ]
      },
      "ResponseBody": "",
      "ResponseHeaders": {
        "Content-Length": [
          "0"
        ],
        "Expires": [
          "-1"
        ],
        "Pragma": [
          "no-cache"
        ],
        "Retry-After": [
          "15"
        ],
        "x-ms-ratelimit-remaining-subscription-reads": [
          "14985"
        ],
        "x-ms-request-id": [
          "5298af2e-26d1-4267-ba0b-476908b62dd2"
        ],
        "x-ms-correlation-request-id": [
          "5298af2e-26d1-4267-ba0b-476908b62dd2"
        ],
        "x-ms-routing-request-id": [
          "WESTUS2:20180504T120310Z:5298af2e-26d1-4267-ba0b-476908b62dd2"
        ],
        "Strict-Transport-Security": [
          "max-age=31536000; includeSubDomains"
        ],
        "X-Content-Type-Options": [
          "nosniff"
        ],
        "Cache-Control": [
          "no-cache"
        ],
        "Date": [
          "Fri, 04 May 2018 12:03:10 GMT"
        ],
        "Location": [
          "https://management.azure.com/subscriptions/c9cbd920-c00c-427c-852b-8aaf38badaeb/operationresults/eyJqb2JJZCI6IlJFU09VUkNFR1JPVVBERUxFVElPTkpPQi1QUzIzODQtV0VTVFVTIiwiam9iTG9jYXRpb24iOiJ3ZXN0dXMifQ?api-version=2016-02-01"
        ]
      },
      "StatusCode": 202
    },
    {
      "RequestUri": "/subscriptions/c9cbd920-c00c-427c-852b-8aaf38badaeb/operationresults/eyJqb2JJZCI6IlJFU09VUkNFR1JPVVBERUxFVElPTkpPQi1QUzIzODQtV0VTVFVTIiwiam9iTG9jYXRpb24iOiJ3ZXN0dXMifQ?api-version=2016-02-01",
      "EncodedRequestUri": "L3N1YnNjcmlwdGlvbnMvYzljYmQ5MjAtYzAwYy00MjdjLTg1MmItOGFhZjM4YmFkYWViL29wZXJhdGlvbnJlc3VsdHMvZXlKcWIySkpaQ0k2SWxKRlUwOVZVa05GUjFKUFZWQkVSVXhGVkVsUFRrcFBRaTFRVXpJek9EUXRWMFZUVkZWVElpd2lhbTlpVEc5allYUnBiMjRpT2lKM1pYTjBkWE1pZlE/YXBpLXZlcnNpb249MjAxNi0wMi0wMQ==",
      "RequestMethod": "GET",
      "RequestBody": "",
      "RequestHeaders": {
        "x-ms-version": [
          "2016-02-01"
        ],
        "User-Agent": [
          "Microsoft.Azure.Management.Resources.ResourceManagementClient/2.0.0.0"
        ]
      },
      "ResponseBody": "",
      "ResponseHeaders": {
        "Content-Length": [
          "0"
        ],
        "Expires": [
          "-1"
        ],
        "Pragma": [
          "no-cache"
        ],
        "Retry-After": [
          "15"
        ],
        "x-ms-ratelimit-remaining-subscription-reads": [
          "14984"
        ],
        "x-ms-request-id": [
          "d1dcf8e4-4f98-42df-a914-9a90591732d4"
        ],
        "x-ms-correlation-request-id": [
          "d1dcf8e4-4f98-42df-a914-9a90591732d4"
        ],
        "x-ms-routing-request-id": [
          "WESTUS2:20180504T120325Z:d1dcf8e4-4f98-42df-a914-9a90591732d4"
        ],
        "Strict-Transport-Security": [
          "max-age=31536000; includeSubDomains"
        ],
        "X-Content-Type-Options": [
          "nosniff"
        ],
        "Cache-Control": [
          "no-cache"
        ],
        "Date": [
          "Fri, 04 May 2018 12:03:25 GMT"
        ],
        "Location": [
          "https://management.azure.com/subscriptions/c9cbd920-c00c-427c-852b-8aaf38badaeb/operationresults/eyJqb2JJZCI6IlJFU09VUkNFR1JPVVBERUxFVElPTkpPQi1QUzIzODQtV0VTVFVTIiwiam9iTG9jYXRpb24iOiJ3ZXN0dXMifQ?api-version=2016-02-01"
        ]
      },
      "StatusCode": 202
    },
    {
      "RequestUri": "/subscriptions/c9cbd920-c00c-427c-852b-8aaf38badaeb/operationresults/eyJqb2JJZCI6IlJFU09VUkNFR1JPVVBERUxFVElPTkpPQi1QUzIzODQtV0VTVFVTIiwiam9iTG9jYXRpb24iOiJ3ZXN0dXMifQ?api-version=2016-02-01",
      "EncodedRequestUri": "L3N1YnNjcmlwdGlvbnMvYzljYmQ5MjAtYzAwYy00MjdjLTg1MmItOGFhZjM4YmFkYWViL29wZXJhdGlvbnJlc3VsdHMvZXlKcWIySkpaQ0k2SWxKRlUwOVZVa05GUjFKUFZWQkVSVXhGVkVsUFRrcFBRaTFRVXpJek9EUXRWMFZUVkZWVElpd2lhbTlpVEc5allYUnBiMjRpT2lKM1pYTjBkWE1pZlE/YXBpLXZlcnNpb249MjAxNi0wMi0wMQ==",
      "RequestMethod": "GET",
      "RequestBody": "",
      "RequestHeaders": {
        "x-ms-version": [
          "2016-02-01"
        ],
        "User-Agent": [
          "Microsoft.Azure.Management.Resources.ResourceManagementClient/2.0.0.0"
        ]
      },
      "ResponseBody": "",
      "ResponseHeaders": {
        "Content-Length": [
          "0"
        ],
        "Expires": [
          "-1"
        ],
        "Pragma": [
          "no-cache"
        ],
        "Retry-After": [
          "15"
        ],
        "x-ms-ratelimit-remaining-subscription-reads": [
          "14983"
        ],
        "x-ms-request-id": [
          "fc867e6b-49b1-4c95-a469-861be5891f59"
        ],
        "x-ms-correlation-request-id": [
          "fc867e6b-49b1-4c95-a469-861be5891f59"
        ],
        "x-ms-routing-request-id": [
          "WESTUS2:20180504T120341Z:fc867e6b-49b1-4c95-a469-861be5891f59"
        ],
        "Strict-Transport-Security": [
          "max-age=31536000; includeSubDomains"
        ],
        "X-Content-Type-Options": [
          "nosniff"
        ],
        "Cache-Control": [
          "no-cache"
        ],
        "Date": [
          "Fri, 04 May 2018 12:03:40 GMT"
        ],
        "Location": [
          "https://management.azure.com/subscriptions/c9cbd920-c00c-427c-852b-8aaf38badaeb/operationresults/eyJqb2JJZCI6IlJFU09VUkNFR1JPVVBERUxFVElPTkpPQi1QUzIzODQtV0VTVFVTIiwiam9iTG9jYXRpb24iOiJ3ZXN0dXMifQ?api-version=2016-02-01"
        ]
      },
      "StatusCode": 202
    },
    {
      "RequestUri": "/subscriptions/c9cbd920-c00c-427c-852b-8aaf38badaeb/operationresults/eyJqb2JJZCI6IlJFU09VUkNFR1JPVVBERUxFVElPTkpPQi1QUzIzODQtV0VTVFVTIiwiam9iTG9jYXRpb24iOiJ3ZXN0dXMifQ?api-version=2016-02-01",
      "EncodedRequestUri": "L3N1YnNjcmlwdGlvbnMvYzljYmQ5MjAtYzAwYy00MjdjLTg1MmItOGFhZjM4YmFkYWViL29wZXJhdGlvbnJlc3VsdHMvZXlKcWIySkpaQ0k2SWxKRlUwOVZVa05GUjFKUFZWQkVSVXhGVkVsUFRrcFBRaTFRVXpJek9EUXRWMFZUVkZWVElpd2lhbTlpVEc5allYUnBiMjRpT2lKM1pYTjBkWE1pZlE/YXBpLXZlcnNpb249MjAxNi0wMi0wMQ==",
      "RequestMethod": "GET",
      "RequestBody": "",
      "RequestHeaders": {
        "x-ms-version": [
          "2016-02-01"
        ],
        "User-Agent": [
          "Microsoft.Azure.Management.Resources.ResourceManagementClient/2.0.0.0"
        ]
      },
      "ResponseBody": "",
      "ResponseHeaders": {
        "Content-Length": [
          "0"
        ],
        "Expires": [
          "-1"
        ],
        "Pragma": [
          "no-cache"
        ],
        "Retry-After": [
          "15"
        ],
        "x-ms-ratelimit-remaining-subscription-reads": [
          "14982"
        ],
        "x-ms-request-id": [
          "83637e2c-9ba3-498c-b5cb-2c79eaba547c"
        ],
        "x-ms-correlation-request-id": [
          "83637e2c-9ba3-498c-b5cb-2c79eaba547c"
        ],
        "x-ms-routing-request-id": [
          "WESTUS2:20180504T120356Z:83637e2c-9ba3-498c-b5cb-2c79eaba547c"
        ],
        "Strict-Transport-Security": [
          "max-age=31536000; includeSubDomains"
        ],
        "X-Content-Type-Options": [
          "nosniff"
        ],
        "Cache-Control": [
          "no-cache"
        ],
        "Date": [
          "Fri, 04 May 2018 12:03:55 GMT"
        ],
        "Location": [
          "https://management.azure.com/subscriptions/c9cbd920-c00c-427c-852b-8aaf38badaeb/operationresults/eyJqb2JJZCI6IlJFU09VUkNFR1JPVVBERUxFVElPTkpPQi1QUzIzODQtV0VTVFVTIiwiam9iTG9jYXRpb24iOiJ3ZXN0dXMifQ?api-version=2016-02-01"
        ]
      },
      "StatusCode": 202
    },
    {
      "RequestUri": "/subscriptions/c9cbd920-c00c-427c-852b-8aaf38badaeb/operationresults/eyJqb2JJZCI6IlJFU09VUkNFR1JPVVBERUxFVElPTkpPQi1QUzIzODQtV0VTVFVTIiwiam9iTG9jYXRpb24iOiJ3ZXN0dXMifQ?api-version=2016-02-01",
      "EncodedRequestUri": "L3N1YnNjcmlwdGlvbnMvYzljYmQ5MjAtYzAwYy00MjdjLTg1MmItOGFhZjM4YmFkYWViL29wZXJhdGlvbnJlc3VsdHMvZXlKcWIySkpaQ0k2SWxKRlUwOVZVa05GUjFKUFZWQkVSVXhGVkVsUFRrcFBRaTFRVXpJek9EUXRWMFZUVkZWVElpd2lhbTlpVEc5allYUnBiMjRpT2lKM1pYTjBkWE1pZlE/YXBpLXZlcnNpb249MjAxNi0wMi0wMQ==",
      "RequestMethod": "GET",
      "RequestBody": "",
      "RequestHeaders": {
        "x-ms-version": [
          "2016-02-01"
        ],
        "User-Agent": [
          "Microsoft.Azure.Management.Resources.ResourceManagementClient/2.0.0.0"
        ]
      },
      "ResponseBody": "",
      "ResponseHeaders": {
        "Content-Length": [
          "0"
        ],
        "Expires": [
          "-1"
        ],
        "Pragma": [
          "no-cache"
        ],
        "Retry-After": [
          "15"
        ],
        "x-ms-ratelimit-remaining-subscription-reads": [
          "14981"
        ],
        "x-ms-request-id": [
          "15564050-ac54-4aca-b2e9-bac190ef9b37"
        ],
        "x-ms-correlation-request-id": [
          "15564050-ac54-4aca-b2e9-bac190ef9b37"
        ],
        "x-ms-routing-request-id": [
          "WESTUS2:20180504T120411Z:15564050-ac54-4aca-b2e9-bac190ef9b37"
        ],
        "Strict-Transport-Security": [
          "max-age=31536000; includeSubDomains"
        ],
        "X-Content-Type-Options": [
          "nosniff"
        ],
        "Cache-Control": [
          "no-cache"
        ],
        "Date": [
          "Fri, 04 May 2018 12:04:10 GMT"
        ],
        "Location": [
          "https://management.azure.com/subscriptions/c9cbd920-c00c-427c-852b-8aaf38badaeb/operationresults/eyJqb2JJZCI6IlJFU09VUkNFR1JPVVBERUxFVElPTkpPQi1QUzIzODQtV0VTVFVTIiwiam9iTG9jYXRpb24iOiJ3ZXN0dXMifQ?api-version=2016-02-01"
        ]
      },
      "StatusCode": 202
    },
    {
      "RequestUri": "/subscriptions/c9cbd920-c00c-427c-852b-8aaf38badaeb/operationresults/eyJqb2JJZCI6IlJFU09VUkNFR1JPVVBERUxFVElPTkpPQi1QUzIzODQtV0VTVFVTIiwiam9iTG9jYXRpb24iOiJ3ZXN0dXMifQ?api-version=2016-02-01",
      "EncodedRequestUri": "L3N1YnNjcmlwdGlvbnMvYzljYmQ5MjAtYzAwYy00MjdjLTg1MmItOGFhZjM4YmFkYWViL29wZXJhdGlvbnJlc3VsdHMvZXlKcWIySkpaQ0k2SWxKRlUwOVZVa05GUjFKUFZWQkVSVXhGVkVsUFRrcFBRaTFRVXpJek9EUXRWMFZUVkZWVElpd2lhbTlpVEc5allYUnBiMjRpT2lKM1pYTjBkWE1pZlE/YXBpLXZlcnNpb249MjAxNi0wMi0wMQ==",
      "RequestMethod": "GET",
      "RequestBody": "",
      "RequestHeaders": {
        "x-ms-version": [
          "2016-02-01"
        ],
        "User-Agent": [
          "Microsoft.Azure.Management.Resources.ResourceManagementClient/2.0.0.0"
        ]
      },
      "ResponseBody": "",
      "ResponseHeaders": {
        "Content-Length": [
          "0"
        ],
        "Expires": [
          "-1"
        ],
        "Pragma": [
          "no-cache"
        ],
        "Retry-After": [
          "15"
        ],
        "x-ms-ratelimit-remaining-subscription-reads": [
          "14980"
        ],
        "x-ms-request-id": [
          "b4d1c3fd-fac3-40cc-bc77-8da1da481cdf"
        ],
        "x-ms-correlation-request-id": [
          "b4d1c3fd-fac3-40cc-bc77-8da1da481cdf"
        ],
        "x-ms-routing-request-id": [
          "WESTUS2:20180504T120426Z:b4d1c3fd-fac3-40cc-bc77-8da1da481cdf"
        ],
        "Strict-Transport-Security": [
          "max-age=31536000; includeSubDomains"
        ],
        "X-Content-Type-Options": [
          "nosniff"
        ],
        "Cache-Control": [
          "no-cache"
        ],
        "Date": [
          "Fri, 04 May 2018 12:04:26 GMT"
        ],
        "Location": [
          "https://management.azure.com/subscriptions/c9cbd920-c00c-427c-852b-8aaf38badaeb/operationresults/eyJqb2JJZCI6IlJFU09VUkNFR1JPVVBERUxFVElPTkpPQi1QUzIzODQtV0VTVFVTIiwiam9iTG9jYXRpb24iOiJ3ZXN0dXMifQ?api-version=2016-02-01"
        ]
      },
      "StatusCode": 202
    },
    {
      "RequestUri": "/subscriptions/c9cbd920-c00c-427c-852b-8aaf38badaeb/operationresults/eyJqb2JJZCI6IlJFU09VUkNFR1JPVVBERUxFVElPTkpPQi1QUzIzODQtV0VTVFVTIiwiam9iTG9jYXRpb24iOiJ3ZXN0dXMifQ?api-version=2016-02-01",
      "EncodedRequestUri": "L3N1YnNjcmlwdGlvbnMvYzljYmQ5MjAtYzAwYy00MjdjLTg1MmItOGFhZjM4YmFkYWViL29wZXJhdGlvbnJlc3VsdHMvZXlKcWIySkpaQ0k2SWxKRlUwOVZVa05GUjFKUFZWQkVSVXhGVkVsUFRrcFBRaTFRVXpJek9EUXRWMFZUVkZWVElpd2lhbTlpVEc5allYUnBiMjRpT2lKM1pYTjBkWE1pZlE/YXBpLXZlcnNpb249MjAxNi0wMi0wMQ==",
      "RequestMethod": "GET",
      "RequestBody": "",
      "RequestHeaders": {
        "x-ms-version": [
          "2016-02-01"
        ],
        "User-Agent": [
          "Microsoft.Azure.Management.Resources.ResourceManagementClient/2.0.0.0"
        ]
      },
      "ResponseBody": "",
      "ResponseHeaders": {
        "Content-Length": [
          "0"
        ],
        "Expires": [
          "-1"
        ],
        "Pragma": [
          "no-cache"
        ],
        "x-ms-ratelimit-remaining-subscription-reads": [
          "14979"
        ],
        "x-ms-request-id": [
          "2f5e2729-6da1-456b-925a-ed3bd447e75b"
        ],
        "x-ms-correlation-request-id": [
          "2f5e2729-6da1-456b-925a-ed3bd447e75b"
        ],
        "x-ms-routing-request-id": [
          "WESTUS2:20180504T120441Z:2f5e2729-6da1-456b-925a-ed3bd447e75b"
        ],
        "Strict-Transport-Security": [
          "max-age=31536000; includeSubDomains"
        ],
        "X-Content-Type-Options": [
          "nosniff"
        ],
        "Cache-Control": [
          "no-cache"
        ],
        "Date": [
          "Fri, 04 May 2018 12:04:41 GMT"
        ]
      },
      "StatusCode": 200
    }
  ],
  "Names": {
    "Test-ProvidersList": [
      "ps2384",
      "ps7558"
    ]
  },
  "Variables": {
    "SubscriptionId": "c9cbd920-c00c-427c-852b-8aaf38badaeb"
  }
}