{
  "Entries": [
    {
      "RequestUri": "/v1.0/users/e9da4467-12ff-4334-8179-c99abf0ffd5a",
      "EncodedRequestUri": "L3YxLjAvdXNlcnMvZTlkYTQ0NjctMTJmZi00MzM0LTgxNzktYzk5YWJmMGZmZDVh",
      "RequestMethod": "GET",
      "RequestHeaders": {
        "x-ms-client-request-id": [
          "55d5b579-2871-481c-b0a4-8d22c67a5f7c"
        ],
        "Accept-Language": [
          "en-US"
        ],
        "User-Agent": [
          "FxVersion/6.0.2523.51912",
          "OSName/Windows",
          "OSVersion/Microsoft.Windows.10.0.23606",
          "Microsoft.Azure.Commands.Common.MSGraph.Version1.0.MicrosoftGraphClient/1.3.86"
        ]
      },
      "RequestBody": "",
      "ResponseHeaders": {
        "Date": [
          "Tue, 19 Dec 2023 05:58:38 GMT"
        ],
        "Transfer-Encoding": [
          "chunked"
        ],
        "Connection": [
          "keep-alive"
        ],
        "Cache-Control": [
          "no-cache"
        ],
        "Strict-Transport-Security": [
          "max-age=31536000"
        ],
        "request-id": [
          "ab20a4bb-b5a5-47c9-bfe9-46e2f5119f71"
        ],
        "client-request-id": [
          "ab20a4bb-b5a5-47c9-bfe9-46e2f5119f71"
        ],
        "x-ms-ags-diagnostic": [
          "{\"ServerInfo\":{\"DataCenter\":\"West US 2\",\"Slice\":\"E\",\"Ring\":\"1\",\"ScaleUnit\":\"005\",\"RoleInstance\":\"MWH0EPF0009ACB3\"}}"
        ],
        "x-ms-resource-unit": [
          "1"
        ],
        "OData-Version": [
          "4.0"
        ],
        "X-Cache": [
          "CONFIG_NOCACHE"
        ],
        "Content-Type": [
          "application/json; odata.metadata=minimal; odata.streaming=true; IEEE754Compatible=false; charset=utf-8"
        ],
        "Retry-After": [
          "0"
        ]
      },
      "ResponseBody": "{\r\n  \"@odata.context\": \"https://graph.microsoft.com/v1.0/$metadata#users/$entity\",\r\n  \"businessPhones\": [],\r\n  \"displayName\": \"powershell-testmember\",\r\n  \"givenName\": null,\r\n  \"jobTitle\": null,\r\n  \"mail\": null,\r\n  \"mobilePhone\": null,\r\n  \"officeLocation\": null,\r\n  \"preferredLanguage\": null,\r\n  \"surname\": null,\r\n  \"userPrincipalName\": \"powershell-testmember@rbacCliTest.onmicrosoft.com\",\r\n  \"id\": \"e9da4467-12ff-4334-8179-c99abf0ffd5a\"\r\n}",
      "StatusCode": 200
    },
    {
      "RequestUri": "//subscriptions/4004a9fd-d58e-48dc-aeb2-4a4aec58606f/resourceGroups/PowershellTest/providers/Microsoft.Authorization/roleDefinitions?$filter=roleName%20eq%20'Reader'&api-version=2022-05-01-preview",
      "EncodedRequestUri": "Ly9zdWJzY3JpcHRpb25zLzQwMDRhOWZkLWQ1OGUtNDhkYy1hZWIyLTRhNGFlYzU4NjA2Zi9yZXNvdXJjZUdyb3Vwcy9Qb3dlcnNoZWxsVGVzdC9wcm92aWRlcnMvTWljcm9zb2Z0LkF1dGhvcml6YXRpb24vcm9sZURlZmluaXRpb25zPyRmaWx0ZXI9cm9sZU5hbWUlMjBlcSUyMCdSZWFkZXInJmFwaS12ZXJzaW9uPTIwMjItMDUtMDEtcHJldmlldw==",
      "RequestMethod": "GET",
      "RequestHeaders": {
        "x-ms-client-request-id": [
          "6563ae6c-40ce-49bc-81c3-470ed19287a3"
        ],
        "Accept-Language": [
          "en-US"
        ],
        "User-Agent": [
          "FxVersion/6.0.2523.51912",
          "OSName/Windows",
          "OSVersion/Microsoft.Windows.10.0.23606",
          "Microsoft.Azure.Management.Authorization.AuthorizationManagementClient/6.12.0"
        ]
      },
      "RequestBody": "",
      "ResponseHeaders": {
        "Cache-Control": [
          "no-cache"
        ],
        "Pragma": [
          "no-cache"
        ],
        "x-ms-request-id": [
          "0a6244bf-6e21-4841-9def-8116fc175add"
        ],
        "X-Content-Type-Options": [
          "nosniff"
        ],
        "Strict-Transport-Security": [
          "max-age=31536000; includeSubDomains"
        ],
        "Set-Cookie": [
          "x-ms-gateway-slice=Production; path=/; secure; samesite=none; httponly"
        ],
        "x-ms-ratelimit-remaining-subscription-reads": [
          "11999"
        ],
        "x-ms-correlation-request-id": [
          "73012ec0-e929-468f-8d91-c5851159deb1"
        ],
        "x-ms-routing-request-id": [
          "WESTUS2:20231219T055839Z:73012ec0-e929-468f-8d91-c5851159deb1"
        ],
        "Date": [
          "Tue, 19 Dec 2023 05:58:38 GMT"
        ],
        "Content-Length": [
          "627"
        ],
        "Content-Type": [
          "application/json; charset=utf-8"
        ],
        "Expires": [
          "-1"
        ],
        "Retry-After": [
          "0"
        ]
      },
      "ResponseBody": "{\r\n  \"value\": [\r\n    {\r\n      \"properties\": {\r\n        \"roleName\": \"Reader\",\r\n        \"type\": \"BuiltInRole\",\r\n        \"description\": \"View all resources, but does not allow you to make any changes.\",\r\n        \"assignableScopes\": [\r\n          \"/\"\r\n        ],\r\n        \"permissions\": [\r\n          {\r\n            \"actions\": [\r\n              \"*/read\"\r\n            ],\r\n            \"notActions\": [],\r\n            \"dataActions\": [],\r\n            \"notDataActions\": []\r\n          }\r\n        ],\r\n        \"createdOn\": \"2015-02-02T21:55:09.8806423Z\",\r\n        \"updatedOn\": \"2021-11-11T20:13:47.8628684Z\",\r\n        \"createdBy\": null,\r\n        \"updatedBy\": null\r\n      },\r\n      \"id\": \"/subscriptions/4004a9fd-d58e-48dc-aeb2-4a4aec58606f/providers/Microsoft.Authorization/roleDefinitions/acdd72a7-3385-48ef-bd42-f606fba81ae7\",\r\n      \"type\": \"Microsoft.Authorization/roleDefinitions\",\r\n      \"name\": \"acdd72a7-3385-48ef-bd42-f606fba81ae7\"\r\n    }\r\n  ]\r\n}",
      "StatusCode": 200
    },
    {
      "RequestUri": "//subscriptions/4004a9fd-d58e-48dc-aeb2-4a4aec58606f/resourceGroups/PowershellTest/providers/Microsoft.Authorization/roleAssignments/50fd727d-d1af-44ef-9a32-2431b835605e?api-version=2020-08-01-preview",
      "EncodedRequestUri": "Ly9zdWJzY3JpcHRpb25zLzQwMDRhOWZkLWQ1OGUtNDhkYy1hZWIyLTRhNGFlYzU4NjA2Zi9yZXNvdXJjZUdyb3Vwcy9Qb3dlcnNoZWxsVGVzdC9wcm92aWRlcnMvTWljcm9zb2Z0LkF1dGhvcml6YXRpb24vcm9sZUFzc2lnbm1lbnRzLzUwZmQ3MjdkLWQxYWYtNDRlZi05YTMyLTI0MzFiODM1NjA1ZT9hcGktdmVyc2lvbj0yMDIwLTA4LTAxLXByZXZpZXc=",
      "RequestMethod": "PUT",
      "RequestHeaders": {
        "x-ms-client-request-id": [
          "144256d3-6a8c-430d-8d27-05e388f14aae"
        ],
        "Accept-Language": [
          "en-US"
        ],
        "User-Agent": [
          "FxVersion/6.0.2523.51912",
          "OSName/Windows",
          "OSVersion/Microsoft.Windows.10.0.23606",
          "Microsoft.Azure.Management.Authorization.AuthorizationManagementClient/6.12.0"
        ],
        "Content-Type": [
          "application/json; charset=utf-8"
        ],
        "Content-Length": [
          "314"
        ]
      },
      "RequestBody": "{\r\n  \"properties\": {\r\n    \"principalType\": \"User\",\r\n    \"roleDefinitionId\": \"/subscriptions/4004a9fd-d58e-48dc-aeb2-4a4aec58606f/resourceGroups/PowershellTest/providers/Microsoft.Authorization/roleDefinitions/acdd72a7-3385-48ef-bd42-f606fba81ae7\",\r\n    \"principalId\": \"e9da4467-12ff-4334-8179-c99abf0ffd5a\"\r\n  }\r\n}",
      "ResponseHeaders": {
        "Cache-Control": [
          "no-cache"
        ],
        "Pragma": [
          "no-cache"
        ],
        "x-ms-request-id": [
          "76e525ea-ddc5-4535-88ee-a26cc3477fda"
        ],
        "X-Content-Type-Options": [
          "nosniff"
        ],
        "Strict-Transport-Security": [
          "max-age=31536000; includeSubDomains"
        ],
        "x-ms-ratelimit-remaining-subscription-writes": [
          "1199"
        ],
        "x-ms-correlation-request-id": [
          "d342eb54-7847-443b-a65f-1efcd0c2831f"
        ],
        "x-ms-routing-request-id": [
          "WESTUS2:20231219T055844Z:d342eb54-7847-443b-a65f-1efcd0c2831f"
        ],
        "Date": [
          "Tue, 19 Dec 2023 05:58:44 GMT"
        ],
        "Content-Length": [
          "891"
        ],
        "Content-Type": [
          "application/json; charset=utf-8"
        ],
        "Expires": [
          "-1"
        ],
        "Retry-After": [
          "0"
        ]
      },
      "ResponseBody": "{\r\n  \"properties\": {\r\n    \"roleDefinitionId\": \"/subscriptions/4004a9fd-d58e-48dc-aeb2-4a4aec58606f/providers/Microsoft.Authorization/roleDefinitions/acdd72a7-3385-48ef-bd42-f606fba81ae7\",\r\n    \"principalId\": \"e9da4467-12ff-4334-8179-c99abf0ffd5a\",\r\n    \"principalType\": \"User\",\r\n    \"scope\": \"/subscriptions/4004a9fd-d58e-48dc-aeb2-4a4aec58606f/resourceGroups/PowershellTest\",\r\n    \"condition\": null,\r\n    \"conditionVersion\": null,\r\n    \"createdOn\": \"2023-12-19T05:58:39.3092116Z\",\r\n    \"updatedOn\": \"2023-12-19T05:58:40.5062346Z\",\r\n    \"createdBy\": null,\r\n    \"updatedBy\": \"f2dc21ac-702a-4bde-a4ce-146edf751d81\",\r\n    \"canDelegate\": false,\r\n    \"delegatedManagedIdentityResourceId\": null,\r\n    \"description\": null\r\n  },\r\n  \"id\": \"/subscriptions/4004a9fd-d58e-48dc-aeb2-4a4aec58606f/resourceGroups/PowershellTest/providers/Microsoft.Authorization/roleAssignments/50fd727d-d1af-44ef-9a32-2431b835605e\",\r\n  \"type\": \"Microsoft.Authorization/roleAssignments\",\r\n  \"name\": \"50fd727d-d1af-44ef-9a32-2431b835605e\"\r\n}",
      "StatusCode": 201
    },
    {
      "RequestUri": "//subscriptions/4004a9fd-d58e-48dc-aeb2-4a4aec58606f/providers/Microsoft.Authorization/roleDefinitions/acdd72a7-3385-48ef-bd42-f606fba81ae7?api-version=2022-05-01-preview",
      "EncodedRequestUri": "Ly9zdWJzY3JpcHRpb25zLzQwMDRhOWZkLWQ1OGUtNDhkYy1hZWIyLTRhNGFlYzU4NjA2Zi9wcm92aWRlcnMvTWljcm9zb2Z0LkF1dGhvcml6YXRpb24vcm9sZURlZmluaXRpb25zL2FjZGQ3MmE3LTMzODUtNDhlZi1iZDQyLWY2MDZmYmE4MWFlNz9hcGktdmVyc2lvbj0yMDIyLTA1LTAxLXByZXZpZXc=",
      "RequestMethod": "GET",
      "RequestHeaders": {
        "x-ms-client-request-id": [
          "2ad2af0d-2af2-49dc-a708-e89d11d1a28d"
        ],
        "Accept-Language": [
          "en-US"
        ],
        "User-Agent": [
          "FxVersion/6.0.2523.51912",
          "OSName/Windows",
          "OSVersion/Microsoft.Windows.10.0.23606",
          "Microsoft.Azure.Management.Authorization.AuthorizationManagementClient/6.12.0"
        ]
      },
      "RequestBody": "",
      "ResponseHeaders": {
        "Cache-Control": [
          "no-cache"
        ],
        "Pragma": [
          "no-cache"
        ],
        "x-ms-request-id": [
          "9ba02a04-54e8-4d03-af70-ebfd0ebc9d22"
        ],
        "X-Content-Type-Options": [
          "nosniff"
        ],
        "Strict-Transport-Security": [
          "max-age=31536000; includeSubDomains"
        ],
        "x-ms-ratelimit-remaining-subscription-reads": [
          "11998"
        ],
        "x-ms-correlation-request-id": [
          "9817079c-32d7-4736-a4e4-65930c4c27b6"
        ],
        "x-ms-routing-request-id": [
          "WESTUS2:20231219T055844Z:9817079c-32d7-4736-a4e4-65930c4c27b6"
        ],
        "Date": [
          "Tue, 19 Dec 2023 05:58:44 GMT"
        ],
        "Content-Length": [
          "615"
        ],
        "Content-Type": [
          "application/json; charset=utf-8"
        ],
        "Expires": [
          "-1"
        ],
        "Retry-After": [
          "0"
        ]
      },
      "ResponseBody": "{\r\n  \"properties\": {\r\n    \"roleName\": \"Reader\",\r\n    \"type\": \"BuiltInRole\",\r\n    \"description\": \"View all resources, but does not allow you to make any changes.\",\r\n    \"assignableScopes\": [\r\n      \"/\"\r\n    ],\r\n    \"permissions\": [\r\n      {\r\n        \"actions\": [\r\n          \"*/read\"\r\n        ],\r\n        \"notActions\": [],\r\n        \"dataActions\": [],\r\n        \"notDataActions\": []\r\n      }\r\n    ],\r\n    \"createdOn\": \"2015-02-02T21:55:09.8806423Z\",\r\n    \"updatedOn\": \"2021-11-11T20:13:47.8628684Z\",\r\n    \"createdBy\": null,\r\n    \"updatedBy\": null\r\n  },\r\n  \"id\": \"/subscriptions/4004a9fd-d58e-48dc-aeb2-4a4aec58606f/providers/Microsoft.Authorization/roleDefinitions/acdd72a7-3385-48ef-bd42-f606fba81ae7\",\r\n  \"type\": \"Microsoft.Authorization/roleDefinitions\",\r\n  \"name\": \"acdd72a7-3385-48ef-bd42-f606fba81ae7\"\r\n}",
      "StatusCode": 200
    },
    {
      "RequestUri": "/v1.0/directoryObjects/e9da4467-12ff-4334-8179-c99abf0ffd5a",
      "EncodedRequestUri": "L3YxLjAvZGlyZWN0b3J5T2JqZWN0cy9lOWRhNDQ2Ny0xMmZmLTQzMzQtODE3OS1jOTlhYmYwZmZkNWE=",
      "RequestMethod": "GET",
      "RequestHeaders": {
        "x-ms-client-request-id": [
          "10fd914c-a815-42d0-8e8e-1cde5c582fc2"
        ],
        "Accept-Language": [
          "en-US"
        ],
        "User-Agent": [
          "FxVersion/6.0.2523.51912",
          "OSName/Windows",
          "OSVersion/Microsoft.Windows.10.0.23606",
          "Microsoft.Azure.Commands.Common.MSGraph.Version1.0.MicrosoftGraphClient/1.3.86"
        ]
      },
      "RequestBody": "",
      "ResponseHeaders": {
        "Date": [
          "Tue, 19 Dec 2023 05:58:45 GMT"
        ],
        "Transfer-Encoding": [
          "chunked"
        ],
        "Connection": [
          "keep-alive"
        ],
        "Cache-Control": [
          "no-cache"
        ],
        "Strict-Transport-Security": [
          "max-age=31536000"
        ],
        "request-id": [
          "ff31a6a5-4cb0-489a-9ebc-65c8024242da"
        ],
        "client-request-id": [
          "ff31a6a5-4cb0-489a-9ebc-65c8024242da"
        ],
        "x-ms-ags-diagnostic": [
          "{\"ServerInfo\":{\"DataCenter\":\"West US 2\",\"Slice\":\"E\",\"Ring\":\"1\",\"ScaleUnit\":\"005\",\"RoleInstance\":\"MWH0EPF0009ACB3\"}}"
        ],
        "x-ms-resource-unit": [
          "1"
        ],
        "OData-Version": [
          "4.0"
        ],
        "X-Cache": [
          "CONFIG_NOCACHE"
        ],
        "Content-Type": [
          "application/json; odata.metadata=minimal; odata.streaming=true; IEEE754Compatible=false; charset=utf-8"
        ],
        "Retry-After": [
          "0"
        ]
      },
      "ResponseBody": "{\r\n  \"@odata.context\": \"https://graph.microsoft.com/v1.0/$metadata#directoryObjects/$entity\",\r\n  \"@odata.type\": \"#microsoft.graph.user\",\r\n  \"id\": \"e9da4467-12ff-4334-8179-c99abf0ffd5a\",\r\n  \"businessPhones\": [],\r\n  \"displayName\": \"powershell-testmember\",\r\n  \"givenName\": null,\r\n  \"jobTitle\": null,\r\n  \"mail\": null,\r\n  \"mobilePhone\": null,\r\n  \"officeLocation\": null,\r\n  \"preferredLanguage\": null,\r\n  \"surname\": null,\r\n  \"userPrincipalName\": \"powershell-testmember@rbacCliTest.onmicrosoft.com\"\r\n}",
      "StatusCode": 200
    },
    {
      "RequestUri": "/v1.0/directoryObjects/e9da4467-12ff-4334-8179-c99abf0ffd5a",
      "EncodedRequestUri": "L3YxLjAvZGlyZWN0b3J5T2JqZWN0cy9lOWRhNDQ2Ny0xMmZmLTQzMzQtODE3OS1jOTlhYmYwZmZkNWE=",
      "RequestMethod": "GET",
      "RequestHeaders": {
        "x-ms-client-request-id": [
          "cae8fc6d-e0f0-430c-8091-864c35e3b4ac"
        ],
        "Accept-Language": [
          "en-US"
        ],
        "User-Agent": [
          "FxVersion/6.0.2523.51912",
          "OSName/Windows",
          "OSVersion/Microsoft.Windows.10.0.23606",
          "Microsoft.Azure.Commands.Common.MSGraph.Version1.0.MicrosoftGraphClient/1.3.86"
        ]
      },
      "RequestBody": "",
      "ResponseHeaders": {
        "Date": [
          "Tue, 19 Dec 2023 05:58:45 GMT"
        ],
        "Transfer-Encoding": [
          "chunked"
        ],
        "Connection": [
          "keep-alive"
        ],
        "Cache-Control": [
          "no-cache"
        ],
        "Strict-Transport-Security": [
          "max-age=31536000"
        ],
        "request-id": [
          "4677d576-273c-4d12-8228-50089a4e5c6e"
        ],
        "client-request-id": [
          "4677d576-273c-4d12-8228-50089a4e5c6e"
        ],
        "x-ms-ags-diagnostic": [
          "{\"ServerInfo\":{\"DataCenter\":\"West US 2\",\"Slice\":\"E\",\"Ring\":\"1\",\"ScaleUnit\":\"005\",\"RoleInstance\":\"MWH0EPF0009ACB3\"}}"
        ],
        "x-ms-resource-unit": [
          "1"
        ],
        "OData-Version": [
          "4.0"
        ],
        "X-Cache": [
          "CONFIG_NOCACHE"
        ],
        "Content-Type": [
          "application/json; odata.metadata=minimal; odata.streaming=true; IEEE754Compatible=false; charset=utf-8"
        ],
        "Retry-After": [
          "0"
        ]
      },
      "ResponseBody": "{\r\n  \"@odata.context\": \"https://graph.microsoft.com/v1.0/$metadata#directoryObjects/$entity\",\r\n  \"@odata.type\": \"#microsoft.graph.user\",\r\n  \"id\": \"e9da4467-12ff-4334-8179-c99abf0ffd5a\",\r\n  \"businessPhones\": [],\r\n  \"displayName\": \"powershell-testmember\",\r\n  \"givenName\": null,\r\n  \"jobTitle\": null,\r\n  \"mail\": null,\r\n  \"mobilePhone\": null,\r\n  \"officeLocation\": null,\r\n  \"preferredLanguage\": null,\r\n  \"surname\": null,\r\n  \"userPrincipalName\": \"powershell-testmember@rbacCliTest.onmicrosoft.com\"\r\n}",
      "StatusCode": 200
    },
    {
      "RequestUri": "//subscriptions/4004a9fd-d58e-48dc-aeb2-4a4aec58606f/resourceGroups/PowershellTest/providers/Microsoft.Authorization/roleAssignments?$filter=principalId%20eq%20'e9da4467-12ff-4334-8179-c99abf0ffd5a'&api-version=2020-08-01-preview",
      "EncodedRequestUri": "Ly9zdWJzY3JpcHRpb25zLzQwMDRhOWZkLWQ1OGUtNDhkYy1hZWIyLTRhNGFlYzU4NjA2Zi9yZXNvdXJjZUdyb3Vwcy9Qb3dlcnNoZWxsVGVzdC9wcm92aWRlcnMvTWljcm9zb2Z0LkF1dGhvcml6YXRpb24vcm9sZUFzc2lnbm1lbnRzPyRmaWx0ZXI9cHJpbmNpcGFsSWQlMjBlcSUyMCdlOWRhNDQ2Ny0xMmZmLTQzMzQtODE3OS1jOTlhYmYwZmZkNWEnJmFwaS12ZXJzaW9uPTIwMjAtMDgtMDEtcHJldmlldw==",
      "RequestMethod": "GET",
      "RequestHeaders": {
        "x-ms-client-request-id": [
          "cae8fc6d-e0f0-430c-8091-864c35e3b4ac"
        ],
        "Accept-Language": [
          "en-US"
        ],
        "User-Agent": [
          "FxVersion/6.0.2523.51912",
          "OSName/Windows",
          "OSVersion/Microsoft.Windows.10.0.23606",
          "Microsoft.Azure.Management.Authorization.AuthorizationManagementClient/6.12.0"
        ]
      },
      "RequestBody": "",
      "ResponseHeaders": {
        "Cache-Control": [
          "no-cache"
        ],
        "Pragma": [
          "no-cache"
        ],
        "x-ms-request-id": [
          "09af677d-d222-41ee-b400-492328788ea3"
        ],
        "X-Content-Type-Options": [
          "nosniff"
        ],
        "Strict-Transport-Security": [
          "max-age=31536000; includeSubDomains"
        ],
        "Set-Cookie": [
          "x-ms-gateway-slice=Production; path=/; secure; samesite=none; httponly"
        ],
        "x-ms-ratelimit-remaining-subscription-reads": [
          "11999"
        ],
        "x-ms-correlation-request-id": [
          "ef53782f-4d02-494d-b0a7-123609258590"
        ],
        "x-ms-routing-request-id": [
          "WESTUS2:20231219T055845Z:ef53782f-4d02-494d-b0a7-123609258590"
        ],
        "Date": [
          "Tue, 19 Dec 2023 05:58:44 GMT"
        ],
        "Content-Length": [
          "937"
        ],
        "Content-Type": [
          "application/json; charset=utf-8"
        ],
        "Expires": [
          "-1"
        ],
        "Retry-After": [
          "0"
        ]
      },
      "ResponseBody": "{\r\n  \"value\": [\r\n    {\r\n      \"properties\": {\r\n        \"roleDefinitionId\": \"/subscriptions/4004a9fd-d58e-48dc-aeb2-4a4aec58606f/providers/Microsoft.Authorization/roleDefinitions/acdd72a7-3385-48ef-bd42-f606fba81ae7\",\r\n        \"principalId\": \"e9da4467-12ff-4334-8179-c99abf0ffd5a\",\r\n        \"principalType\": \"User\",\r\n        \"scope\": \"/subscriptions/4004a9fd-d58e-48dc-aeb2-4a4aec58606f/resourceGroups/PowershellTest\",\r\n        \"condition\": null,\r\n        \"conditionVersion\": null,\r\n        \"createdOn\": \"2023-12-19T05:58:40.7212361Z\",\r\n        \"updatedOn\": \"2023-12-19T05:58:40.7212361Z\",\r\n        \"createdBy\": \"f2dc21ac-702a-4bde-a4ce-146edf751d81\",\r\n        \"updatedBy\": \"f2dc21ac-702a-4bde-a4ce-146edf751d81\",\r\n        \"canDelegate\": false,\r\n        \"delegatedManagedIdentityResourceId\": null,\r\n        \"description\": null\r\n      },\r\n      \"id\": \"/subscriptions/4004a9fd-d58e-48dc-aeb2-4a4aec58606f/resourceGroups/PowershellTest/providers/Microsoft.Authorization/roleAssignments/50fd727d-d1af-44ef-9a32-2431b835605e\",\r\n      \"type\": \"Microsoft.Authorization/roleAssignments\",\r\n      \"name\": \"50fd727d-d1af-44ef-9a32-2431b835605e\"\r\n    }\r\n  ]\r\n}",
      "StatusCode": 200
    },
    {
      "RequestUri": "//subscriptions/4004a9fd-d58e-48dc-aeb2-4a4aec58606f/resourceGroups/PowershellTest/providers/Microsoft.Authorization/roleAssignments?$filter=principalId%20eq%20'e9da4467-12ff-4334-8179-c99abf0ffd5a'&api-version=2020-08-01-preview",
      "EncodedRequestUri": "Ly9zdWJzY3JpcHRpb25zLzQwMDRhOWZkLWQ1OGUtNDhkYy1hZWIyLTRhNGFlYzU4NjA2Zi9yZXNvdXJjZUdyb3Vwcy9Qb3dlcnNoZWxsVGVzdC9wcm92aWRlcnMvTWljcm9zb2Z0LkF1dGhvcml6YXRpb24vcm9sZUFzc2lnbm1lbnRzPyRmaWx0ZXI9cHJpbmNpcGFsSWQlMjBlcSUyMCdlOWRhNDQ2Ny0xMmZmLTQzMzQtODE3OS1jOTlhYmYwZmZkNWEnJmFwaS12ZXJzaW9uPTIwMjAtMDgtMDEtcHJldmlldw==",
      "RequestMethod": "GET",
      "RequestHeaders": {
        "x-ms-client-request-id": [
          "51749089-8716-444a-8a69-499058ffda10"
        ],
        "Accept-Language": [
          "en-US"
        ],
        "User-Agent": [
          "FxVersion/6.0.2523.51912",
          "OSName/Windows",
          "OSVersion/Microsoft.Windows.10.0.23606",
          "Microsoft.Azure.Management.Authorization.AuthorizationManagementClient/6.12.0"
        ]
      },
      "RequestBody": "",
      "ResponseHeaders": {
        "Cache-Control": [
          "no-cache"
        ],
        "Pragma": [
          "no-cache"
        ],
        "x-ms-request-id": [
          "a81ff9d7-32fc-45fc-82ea-81a391789985"
        ],
        "X-Content-Type-Options": [
          "nosniff"
        ],
        "Strict-Transport-Security": [
          "max-age=31536000; includeSubDomains"
        ],
        "Set-Cookie": [
          "x-ms-gateway-slice=Production; path=/; secure; samesite=none; httponly"
        ],
        "x-ms-ratelimit-remaining-subscription-reads": [
          "11999"
        ],
        "x-ms-correlation-request-id": [
          "9f5a47d5-edc2-4031-9d96-dcf6feb81885"
        ],
        "x-ms-routing-request-id": [
          "WESTUS2:20231219T055850Z:9f5a47d5-edc2-4031-9d96-dcf6feb81885"
        ],
        "Date": [
          "Tue, 19 Dec 2023 05:58:49 GMT"
        ],
        "Content-Length": [
          "12"
        ],
        "Content-Type": [
          "application/json; charset=utf-8"
        ],
        "Expires": [
          "-1"
        ],
        "Retry-After": [
          "0"
        ]
      },
      "ResponseBody": "{\r\n  \"value\": []\r\n}",
      "StatusCode": 200
    },
    {
      "RequestUri": "//subscriptions/4004a9fd-d58e-48dc-aeb2-4a4aec58606f/resourceGroups/PowershellTest/providers/Microsoft.Authorization/roleDefinitions/acdd72a7-3385-48ef-bd42-f606fba81ae7?api-version=2022-05-01-preview",
      "EncodedRequestUri": "Ly9zdWJzY3JpcHRpb25zLzQwMDRhOWZkLWQ1OGUtNDhkYy1hZWIyLTRhNGFlYzU4NjA2Zi9yZXNvdXJjZUdyb3Vwcy9Qb3dlcnNoZWxsVGVzdC9wcm92aWRlcnMvTWljcm9zb2Z0LkF1dGhvcml6YXRpb24vcm9sZURlZmluaXRpb25zL2FjZGQ3MmE3LTMzODUtNDhlZi1iZDQyLWY2MDZmYmE4MWFlNz9hcGktdmVyc2lvbj0yMDIyLTA1LTAxLXByZXZpZXc=",
      "RequestMethod": "GET",
      "RequestHeaders": {
        "x-ms-client-request-id": [
          "cae8fc6d-e0f0-430c-8091-864c35e3b4ac"
        ],
        "Accept-Language": [
          "en-US"
        ],
        "User-Agent": [
          "FxVersion/6.0.2523.51912",
          "OSName/Windows",
          "OSVersion/Microsoft.Windows.10.0.23606",
          "Microsoft.Azure.Management.Authorization.AuthorizationManagementClient/6.12.0"
        ]
      },
      "RequestBody": "",
      "ResponseHeaders": {
        "Cache-Control": [
          "no-cache"
        ],
        "Pragma": [
          "no-cache"
        ],
        "x-ms-request-id": [
          "78e9c06e-8694-4a25-b7a7-e0f15481646c"
        ],
        "X-Content-Type-Options": [
          "nosniff"
        ],
        "Strict-Transport-Security": [
          "max-age=31536000; includeSubDomains"
        ],
        "x-ms-ratelimit-remaining-subscription-reads": [
          "11998"
        ],
        "x-ms-correlation-request-id": [
          "876b6aec-55b8-47d3-953b-e447095a9070"
        ],
        "x-ms-routing-request-id": [
          "WESTUS2:20231219T055845Z:876b6aec-55b8-47d3-953b-e447095a9070"
        ],
        "Date": [
          "Tue, 19 Dec 2023 05:58:44 GMT"
        ],
        "Content-Length": [
          "615"
        ],
        "Content-Type": [
          "application/json; charset=utf-8"
        ],
        "Expires": [
          "-1"
        ],
        "Retry-After": [
          "0"
        ]
      },
      "ResponseBody": "{\r\n  \"properties\": {\r\n    \"roleName\": \"Reader\",\r\n    \"type\": \"BuiltInRole\",\r\n    \"description\": \"View all resources, but does not allow you to make any changes.\",\r\n    \"assignableScopes\": [\r\n      \"/\"\r\n    ],\r\n    \"permissions\": [\r\n      {\r\n        \"actions\": [\r\n          \"*/read\"\r\n        ],\r\n        \"notActions\": [],\r\n        \"dataActions\": [],\r\n        \"notDataActions\": []\r\n      }\r\n    ],\r\n    \"createdOn\": \"2015-02-02T21:55:09.8806423Z\",\r\n    \"updatedOn\": \"2021-11-11T20:13:47.8628684Z\",\r\n    \"createdBy\": null,\r\n    \"updatedBy\": null\r\n  },\r\n  \"id\": \"/subscriptions/4004a9fd-d58e-48dc-aeb2-4a4aec58606f/providers/Microsoft.Authorization/roleDefinitions/acdd72a7-3385-48ef-bd42-f606fba81ae7\",\r\n  \"type\": \"Microsoft.Authorization/roleDefinitions\",\r\n  \"name\": \"acdd72a7-3385-48ef-bd42-f606fba81ae7\"\r\n}",
      "StatusCode": 200
    },
    {
      "RequestUri": "//subscriptions/4004a9fd-d58e-48dc-aeb2-4a4aec58606f/resourceGroups/PowershellTest/providers/Microsoft.Authorization/roleAssignments/50fd727d-d1af-44ef-9a32-2431b835605e?api-version=2020-08-01-preview",
      "EncodedRequestUri": "Ly9zdWJzY3JpcHRpb25zLzQwMDRhOWZkLWQ1OGUtNDhkYy1hZWIyLTRhNGFlYzU4NjA2Zi9yZXNvdXJjZUdyb3Vwcy9Qb3dlcnNoZWxsVGVzdC9wcm92aWRlcnMvTWljcm9zb2Z0LkF1dGhvcml6YXRpb24vcm9sZUFzc2lnbm1lbnRzLzUwZmQ3MjdkLWQxYWYtNDRlZi05YTMyLTI0MzFiODM1NjA1ZT9hcGktdmVyc2lvbj0yMDIwLTA4LTAxLXByZXZpZXc=",
      "RequestMethod": "DELETE",
      "RequestHeaders": {
        "x-ms-client-request-id": [
          "cae8fc6d-e0f0-430c-8091-864c35e3b4ac"
        ],
        "Accept-Language": [
          "en-US"
        ],
        "User-Agent": [
          "FxVersion/6.0.2523.51912",
          "OSName/Windows",
          "OSVersion/Microsoft.Windows.10.0.23606",
          "Microsoft.Azure.Management.Authorization.AuthorizationManagementClient/6.12.0"
        ]
      },
      "RequestBody": "",
      "ResponseHeaders": {
        "Cache-Control": [
          "no-cache"
        ],
        "Pragma": [
          "no-cache"
        ],
        "x-ms-request-id": [
          "af15a162-b879-4d9f-8f4a-5baf8952771a"
        ],
        "X-Content-Type-Options": [
          "nosniff"
        ],
        "Strict-Transport-Security": [
          "max-age=31536000; includeSubDomains"
        ],
        "x-ms-ratelimit-remaining-subscription-deletes": [
          "14999"
        ],
        "x-ms-correlation-request-id": [
          "3486df7b-2b95-4ae8-8d88-bbdea4821e0f"
        ],
        "x-ms-routing-request-id": [
          "WESTUS2:20231219T055850Z:3486df7b-2b95-4ae8-8d88-bbdea4821e0f"
        ],
        "Date": [
          "Tue, 19 Dec 2023 05:58:49 GMT"
        ],
        "Content-Length": [
          "925"
        ],
        "Content-Type": [
          "application/json; charset=utf-8"
        ],
        "Expires": [
          "-1"
        ],
        "Retry-After": [
          "0"
        ]
      },
      "ResponseBody": "{\r\n  \"properties\": {\r\n    \"roleDefinitionId\": \"/subscriptions/4004a9fd-d58e-48dc-aeb2-4a4aec58606f/providers/Microsoft.Authorization/roleDefinitions/acdd72a7-3385-48ef-bd42-f606fba81ae7\",\r\n    \"principalId\": \"e9da4467-12ff-4334-8179-c99abf0ffd5a\",\r\n    \"principalType\": \"User\",\r\n    \"scope\": \"/subscriptions/4004a9fd-d58e-48dc-aeb2-4a4aec58606f/resourceGroups/PowershellTest\",\r\n    \"condition\": null,\r\n    \"conditionVersion\": null,\r\n    \"createdOn\": \"2023-12-19T05:58:40.7212361Z\",\r\n    \"updatedOn\": \"2023-12-19T05:58:45.8943826Z\",\r\n    \"createdBy\": \"f2dc21ac-702a-4bde-a4ce-146edf751d81\",\r\n    \"updatedBy\": \"f2dc21ac-702a-4bde-a4ce-146edf751d81\",\r\n    \"canDelegate\": false,\r\n    \"delegatedManagedIdentityResourceId\": null,\r\n    \"description\": null\r\n  },\r\n  \"id\": \"/subscriptions/4004a9fd-d58e-48dc-aeb2-4a4aec58606f/resourceGroups/PowershellTest/providers/Microsoft.Authorization/roleAssignments/50fd727d-d1af-44ef-9a32-2431b835605e\",\r\n  \"type\": \"Microsoft.Authorization/roleAssignments\",\r\n  \"name\": \"50fd727d-d1af-44ef-9a32-2431b835605e\"\r\n}",
      "StatusCode": 200
    }
  ],
  "Names": {},
  "Variables": {
    "SubscriptionId": "4004a9fd-d58e-48dc-aeb2-4a4aec58606f"
  }
}