{
  "Entries": [
    {
      "RequestUri": "/subscriptions/11d5f159-a21d-4a6c-8053-c3aae30057cf/providers/Microsoft.Resources?api-version=2016-09-01",
      "EncodedRequestUri": "L3N1YnNjcmlwdGlvbnMvMTFkNWYxNTktYTIxZC00YTZjLTgwNTMtYzNhYWUzMDA1N2NmL3Byb3ZpZGVycy9NaWNyb3NvZnQuUmVzb3VyY2VzP2FwaS12ZXJzaW9uPTIwMTYtMDktMDE=",
      "RequestMethod": "GET",
      "RequestBody": "",
      "RequestHeaders": {
        "x-ms-client-request-id": [
          "4a788d5c-834a-40ff-a92e-edbf90d551f9"
        ],
        "Accept-Language": [
          "en-US"
        ],
        "User-Agent": [
          "FxVersion/4.6.27019.06",
          "OSName/Windows",
          "OSVersion/Microsoft.Windows.10.0.17763.",
          "Microsoft.Azure.Management.Internal.Resources.ResourceManagementClient/1.1.13"
        ]
      },
      "ResponseHeaders": {
        "Cache-Control": [
          "no-cache"
        ],
        "Pragma": [
          "no-cache"
        ],
        "x-ms-ratelimit-remaining-subscription-reads": [
          "11999"
        ],
        "x-ms-request-id": [
          "c340f7fc-1c0f-40d7-aa52-918fb82d6fec"
        ],
        "x-ms-correlation-request-id": [
          "c340f7fc-1c0f-40d7-aa52-918fb82d6fec"
        ],
        "x-ms-routing-request-id": [
          "UKSOUTH:20190125T122050Z:c340f7fc-1c0f-40d7-aa52-918fb82d6fec"
        ],
        "Strict-Transport-Security": [
          "max-age=31536000; includeSubDomains"
        ],
        "X-Content-Type-Options": [
          "nosniff"
        ],
        "Date": [
          "Fri, 25 Jan 2019 12:20:50 GMT"
        ],
        "Content-Type": [
          "application/json; charset=utf-8"
        ],
        "Expires": [
          "-1"
        ],
        "Content-Length": [
          "7355"
        ]
      },
      "ResponseBody": "{\r\n  \"id\": \"/subscriptions/11d5f159-a21d-4a6c-8053-c3aae30057cf/providers/Microsoft.Resources\",\r\n  \"namespace\": \"Microsoft.Resources\",\r\n  \"resourceTypes\": [\r\n    {\r\n      \"resourceType\": \"tenants\",\r\n      \"locations\": [],\r\n      \"apiVersions\": [\r\n        \"2018-11-01\",\r\n        \"2018-09-01\",\r\n        \"2018-08-01\",\r\n        \"2018-07-01\",\r\n        \"2018-05-01\",\r\n        \"2018-02-01\",\r\n        \"2018-01-01\",\r\n        \"2017-08-01\",\r\n        \"2017-06-01\",\r\n        \"2017-05-10\",\r\n        \"2017-05-01\",\r\n        \"2017-03-01\",\r\n        \"2016-09-01\",\r\n        \"2016-07-01\",\r\n        \"2016-06-01\",\r\n        \"2016-02-01\",\r\n        \"2015-11-01\",\r\n        \"2015-01-01\",\r\n        \"2014-04-01-preview\"\r\n      ]\r\n    },\r\n    {\r\n      \"resourceType\": \"locations\",\r\n      \"locations\": [],\r\n      \"apiVersions\": [\r\n        \"2018-11-01\",\r\n        \"2018-09-01\",\r\n        \"2018-08-01\",\r\n        \"2018-07-01\",\r\n        \"2018-05-01\",\r\n        \"2018-02-01\",\r\n        \"2018-01-01\",\r\n        \"2017-08-01\",\r\n        \"2017-06-01\",\r\n        \"2017-05-10\",\r\n        \"2017-05-01\",\r\n        \"2017-03-01\",\r\n        \"2016-09-01\",\r\n        \"2016-07-01\",\r\n        \"2016-06-01\",\r\n        \"2016-02-01\",\r\n        \"2015-11-01\",\r\n        \"2015-01-01\",\r\n        \"2014-04-01-preview\"\r\n      ]\r\n    },\r\n    {\r\n      \"resourceType\": \"notifyResourceJobs\",\r\n      \"locations\": [],\r\n      \"apiVersions\": [\r\n        \"2018-02-01\"\r\n      ]\r\n    },\r\n    {\r\n      \"resourceType\": \"checkPolicyCompliance\",\r\n      \"locations\": [],\r\n      \"apiVersions\": [\r\n        \"2018-11-01\",\r\n        \"2018-09-01\",\r\n        \"2018-08-01\",\r\n        \"2018-07-01\",\r\n        \"2018-05-01\",\r\n        \"2018-02-01\",\r\n        \"2018-01-01\",\r\n        \"2017-08-01\",\r\n        \"2017-06-01\",\r\n        \"2017-05-10\",\r\n        \"2017-05-01\",\r\n        \"2017-03-01\",\r\n        \"2016-09-01\",\r\n        \"2016-07-01\",\r\n        \"2016-06-01\",\r\n        \"2016-02-01\",\r\n        \"2015-11-01\",\r\n        \"2015-01-01\",\r\n        \"2014-04-01-preview\"\r\n      ]\r\n    },\r\n    {\r\n      \"resourceType\": \"providers\",\r\n      \"locations\": [],\r\n      \"apiVersions\": [\r\n        \"2018-11-01\",\r\n        \"2018-09-01\",\r\n        \"2018-08-01\",\r\n        \"2018-07-01\",\r\n        \"2018-05-01\",\r\n        \"2018-02-01\",\r\n        \"2018-01-01\",\r\n        \"2017-08-01\",\r\n        \"2017-06-01\",\r\n        \"2017-05-10\",\r\n        \"2017-05-01\",\r\n        \"2017-03-01\",\r\n        \"2016-09-01\",\r\n        \"2016-07-01\",\r\n        \"2016-06-01\",\r\n        \"2016-02-01\",\r\n        \"2015-11-01\",\r\n        \"2015-01-01\",\r\n        \"2014-04-01-preview\"\r\n      ]\r\n    },\r\n    {\r\n      \"resourceType\": \"checkresourcename\",\r\n      \"locations\": [],\r\n      \"apiVersions\": [\r\n        \"2018-11-01\",\r\n        \"2018-09-01\",\r\n        \"2018-08-01\",\r\n        \"2018-07-01\",\r\n        \"2018-05-01\",\r\n        \"2018-02-01\",\r\n        \"2018-01-01\",\r\n        \"2017-08-01\",\r\n        \"2017-06-01\",\r\n        \"2017-05-10\",\r\n        \"2017-05-01\",\r\n        \"2017-03-01\",\r\n        \"2016-09-01\",\r\n        \"2016-07-01\",\r\n        \"2016-06-01\",\r\n        \"2016-02-01\",\r\n        \"2015-11-01\",\r\n        \"2015-01-01\",\r\n        \"2014-04-01-preview\"\r\n      ]\r\n    },\r\n    {\r\n      \"resourceType\": \"resources\",\r\n      \"locations\": [],\r\n      \"apiVersions\": [\r\n        \"2018-11-01\",\r\n        \"2018-09-01\",\r\n        \"2018-08-01\",\r\n        \"2018-07-01\",\r\n        \"2018-05-01\",\r\n        \"2018-02-01\",\r\n        \"2018-01-01\",\r\n        \"2017-08-01\",\r\n        \"2017-06-01\",\r\n        \"2017-05-10\",\r\n        \"2017-05-01\",\r\n        \"2017-03-01\",\r\n        \"2016-09-01\",\r\n        \"2016-07-01\",\r\n        \"2016-06-01\",\r\n        \"2016-02-01\",\r\n        \"2015-11-01\",\r\n        \"2015-01-01\",\r\n        \"2014-04-01-preview\"\r\n      ]\r\n    },\r\n    {\r\n      \"resourceType\": \"subscriptions\",\r\n      \"locations\": [],\r\n      \"apiVersions\": [\r\n        \"2018-11-01\",\r\n        \"2018-09-01\",\r\n        \"2018-08-01\",\r\n        \"2018-07-01\",\r\n        \"2018-05-01\",\r\n        \"2018-02-01\",\r\n        \"2018-01-01\",\r\n        \"2017-08-01\",\r\n        \"2017-06-01\",\r\n        \"2017-05-10\",\r\n        \"2017-05-01\",\r\n        \"2017-03-01\",\r\n        \"2016-09-01\",\r\n        \"2016-07-01\",\r\n        \"2016-06-01\",\r\n        \"2016-02-01\",\r\n        \"2015-11-01\",\r\n        \"2015-01-01\",\r\n        \"2014-04-01-preview\"\r\n      ]\r\n    },\r\n    {\r\n      \"resourceType\": \"subscriptions/resources\",\r\n      \"locations\": [],\r\n      \"apiVersions\": [\r\n        \"2018-11-01\",\r\n        \"2018-09-01\",\r\n        \"2018-08-01\",\r\n        \"2018-07-01\",\r\n        \"2018-05-01\",\r\n        \"2018-02-01\",\r\n        \"2018-01-01\",\r\n        \"2017-08-01\",\r\n        \"2017-06-01\",\r\n        \"2017-05-10\",\r\n        \"2017-05-01\",\r\n        \"2017-03-01\",\r\n        \"2016-09-01\",\r\n        \"2016-07-01\",\r\n        \"2016-06-01\",\r\n        \"2016-02-01\",\r\n        \"2015-11-01\",\r\n        \"2015-01-01\",\r\n        \"2014-04-01-preview\"\r\n      ]\r\n    },\r\n    {\r\n      \"resourceType\": \"subscriptions/providers\",\r\n      \"locations\": [],\r\n      \"apiVersions\": [\r\n        \"2018-11-01\",\r\n        \"2018-09-01\",\r\n        \"2018-08-01\",\r\n        \"2018-07-01\",\r\n        \"2018-05-01\",\r\n        \"2018-02-01\",\r\n        \"2018-01-01\",\r\n        \"2017-08-01\",\r\n        \"2017-06-01\",\r\n        \"2017-05-10\",\r\n        \"2017-05-01\",\r\n        \"2017-03-01\",\r\n        \"2016-09-01\",\r\n        \"2016-07-01\",\r\n        \"2016-06-01\",\r\n        \"2016-02-01\",\r\n        \"2015-11-01\",\r\n        \"2015-01-01\",\r\n        \"2014-04-01-preview\"\r\n      ]\r\n    },\r\n    {\r\n      \"resourceType\": \"subscriptions/operationresults\",\r\n      \"locations\": [],\r\n      \"apiVersions\": [\r\n        \"2018-11-01\",\r\n        \"2018-09-01\",\r\n        \"2018-08-01\",\r\n        \"2018-07-01\",\r\n        \"2018-05-01\",\r\n        \"2018-02-01\",\r\n        \"2018-01-01\",\r\n        \"2017-08-01\",\r\n        \"2017-06-01\",\r\n        \"2017-05-10\",\r\n        \"2017-05-01\",\r\n        \"2017-03-01\",\r\n        \"2016-09-01\",\r\n        \"2016-07-01\",\r\n        \"2016-06-01\",\r\n        \"2016-02-01\",\r\n        \"2015-11-01\",\r\n        \"2015-01-01\",\r\n        \"2014-04-01-preview\"\r\n      ]\r\n    },\r\n    {\r\n      \"resourceType\": \"resourceGroups\",\r\n      \"locations\": [\r\n        \"Central US\",\r\n        \"East Asia\",\r\n        \"Southeast Asia\",\r\n        \"East US\",\r\n        \"East US 2\",\r\n        \"West US\",\r\n        \"West US 2\",\r\n        \"North Central US\",\r\n        \"South Central US\",\r\n        \"West Central US\",\r\n        \"North Europe\",\r\n        \"West Europe\",\r\n        \"Japan East\",\r\n        \"Japan West\",\r\n        \"Brazil South\",\r\n        \"Australia Southeast\",\r\n        \"Australia East\",\r\n        \"West India\",\r\n        \"South India\",\r\n        \"Central India\",\r\n        \"Canada Central\",\r\n        \"Canada East\",\r\n        \"UK South\",\r\n        \"UK West\",\r\n        \"Korea Central\",\r\n        \"Korea South\",\r\n        \"France Central\",\r\n        \"East US 2 EUAP\",\r\n        \"Central US EUAP\"\r\n      ],\r\n      \"apiVersions\": [\r\n        \"2018-11-01\",\r\n        \"2018-09-01\",\r\n        \"2018-08-01\",\r\n        \"2018-07-01\",\r\n        \"2018-05-01\",\r\n        \"2018-02-01\",\r\n        \"2018-01-01\",\r\n        \"2017-08-01\",\r\n        \"2017-06-01\",\r\n        \"2017-05-10\",\r\n        \"2017-05-01\",\r\n        \"2017-03-01\",\r\n        \"2016-09-01\",\r\n        \"2016-07-01\",\r\n        \"2016-06-01\",\r\n        \"2016-02-01\",\r\n        \"2015-11-01\",\r\n        \"2015-01-01\",\r\n        \"2014-04-01-preview\"\r\n      ]\r\n    },\r\n    {\r\n      \"resourceType\": \"subscriptions/resourceGroups\",\r\n      \"locations\": [\r\n        \"Central US\",\r\n        \"East Asia\",\r\n        \"Southeast Asia\",\r\n        \"East US\",\r\n        \"East US 2\",\r\n        \"West US\",\r\n        \"West US 2\",\r\n        \"North Central US\",\r\n        \"South Central US\",\r\n        \"West Central US\",\r\n        \"North Europe\",\r\n        \"West Europe\",\r\n        \"Japan East\",\r\n        \"Japan West\",\r\n        \"Brazil South\",\r\n        \"Australia Southeast\",\r\n        \"Australia East\",\r\n        \"West India\",\r\n        \"South India\",\r\n        \"Central India\",\r\n        \"Canada Central\",\r\n        \"Canada East\",\r\n        \"UK South\",\r\n        \"UK West\",\r\n        \"Korea Central\",\r\n        \"Korea South\",\r\n        \"France Central\",\r\n        \"East US 2 EUAP\",\r\n        \"Central US EUAP\"\r\n      ],\r\n      \"apiVersions\": [\r\n        \"2018-11-01\",\r\n        \"2018-09-01\",\r\n        \"2018-08-01\",\r\n        \"2018-07-01\",\r\n        \"2018-05-01\",\r\n        \"2018-02-01\",\r\n        \"2018-01-01\",\r\n        \"2017-08-01\",\r\n        \"2017-06-01\",\r\n        \"2017-05-10\",\r\n        \"2017-05-01\",\r\n        \"2017-03-01\",\r\n        \"2016-09-01\",\r\n        \"2016-07-01\",\r\n        \"2016-06-01\",\r\n        \"2016-02-01\",\r\n        \"2015-11-01\",\r\n        \"2015-01-01\",\r\n        \"2014-04-01-preview\"\r\n      ]\r\n    },\r\n    {\r\n      \"resourceType\": \"subscriptions/resourcegroups/resources\",\r\n      \"locations\": [],\r\n      \"apiVersions\": [\r\n        \"2018-11-01\",\r\n        \"2018-09-01\",\r\n        \"2018-08-01\",\r\n        \"2018-07-01\",\r\n        \"2018-05-01\",\r\n        \"2018-02-01\",\r\n        \"2018-01-01\",\r\n        \"2017-08-01\",\r\n        \"2017-06-01\",\r\n        \"2017-05-10\",\r\n        \"2017-05-01\",\r\n        \"2017-03-01\",\r\n        \"2016-09-01\",\r\n        \"2016-07-01\",\r\n        \"2016-06-01\",\r\n        \"2016-02-01\",\r\n        \"2015-11-01\",\r\n        \"2015-01-01\",\r\n        \"2014-04-01-preview\"\r\n      ]\r\n    },\r\n    {\r\n      \"resourceType\": \"subscriptions/locations\",\r\n      \"locations\": [],\r\n      \"apiVersions\": [\r\n        \"2018-11-01\",\r\n        \"2018-09-01\",\r\n        \"2018-08-01\",\r\n        \"2018-07-01\",\r\n        \"2018-05-01\",\r\n        \"2018-02-01\",\r\n        \"2018-01-01\",\r\n        \"2017-08-01\",\r\n        \"2017-06-01\",\r\n        \"2017-05-10\",\r\n        \"2017-05-01\",\r\n        \"2017-03-01\",\r\n        \"2016-09-01\",\r\n        \"2016-07-01\",\r\n        \"2016-06-01\",\r\n        \"2016-02-01\",\r\n        \"2015-11-01\",\r\n        \"2015-01-01\",\r\n        \"2014-04-01-preview\"\r\n      ]\r\n    },\r\n    {\r\n      \"resourceType\": \"subscriptions/tagnames\",\r\n      \"locations\": [],\r\n      \"apiVersions\": [\r\n        \"2018-11-01\",\r\n        \"2018-09-01\",\r\n        \"2018-08-01\",\r\n        \"2018-07-01\",\r\n        \"2018-05-01\",\r\n        \"2018-02-01\",\r\n        \"2018-01-01\",\r\n        \"2017-08-01\",\r\n        \"2017-06-01\",\r\n        \"2017-05-10\",\r\n        \"2017-05-01\",\r\n        \"2017-03-01\",\r\n        \"2016-09-01\",\r\n        \"2016-07-01\",\r\n        \"2016-06-01\",\r\n        \"2016-02-01\",\r\n        \"2015-11-01\",\r\n        \"2015-01-01\",\r\n        \"2014-04-01-preview\"\r\n      ]\r\n    },\r\n    {\r\n      \"resourceType\": \"subscriptions/tagNames/tagValues\",\r\n      \"locations\": [],\r\n      \"apiVersions\": [\r\n        \"2018-11-01\",\r\n        \"2018-09-01\",\r\n        \"2018-08-01\",\r\n        \"2018-07-01\",\r\n        \"2018-05-01\",\r\n        \"2018-02-01\",\r\n        \"2018-01-01\",\r\n        \"2017-08-01\",\r\n        \"2017-06-01\",\r\n        \"2017-05-10\",\r\n        \"2017-05-01\",\r\n        \"2017-03-01\",\r\n        \"2016-09-01\",\r\n        \"2016-07-01\",\r\n        \"2016-06-01\",\r\n        \"2016-02-01\",\r\n        \"2015-11-01\",\r\n        \"2015-01-01\",\r\n        \"2014-04-01-preview\"\r\n      ]\r\n    },\r\n    {\r\n      \"resourceType\": \"deployments\",\r\n      \"locations\": [],\r\n      \"apiVersions\": [\r\n        \"2018-11-01\",\r\n        \"2018-09-01\",\r\n        \"2018-08-01\",\r\n        \"2018-07-01\",\r\n        \"2018-05-01\",\r\n        \"2018-02-01\",\r\n        \"2018-01-01\",\r\n        \"2017-08-01\",\r\n        \"2017-06-01\",\r\n        \"2017-05-10\",\r\n        \"2017-05-01\",\r\n        \"2017-03-01\",\r\n        \"2016-09-01\",\r\n        \"2016-07-01\",\r\n        \"2016-06-01\",\r\n        \"2016-02-01\",\r\n        \"2015-11-01\",\r\n        \"2015-01-01\",\r\n        \"2014-04-01-preview\"\r\n      ]\r\n    },\r\n    {\r\n      \"resourceType\": \"deployments/operations\",\r\n      \"locations\": [],\r\n      \"apiVersions\": [\r\n        \"2018-11-01\",\r\n        \"2018-09-01\",\r\n        \"2018-08-01\",\r\n        \"2018-07-01\",\r\n        \"2018-05-01\",\r\n        \"2018-02-01\",\r\n        \"2018-01-01\",\r\n        \"2017-08-01\",\r\n        \"2017-06-01\",\r\n        \"2017-05-10\",\r\n        \"2017-05-01\",\r\n        \"2017-03-01\",\r\n        \"2016-09-01\",\r\n        \"2016-07-01\",\r\n        \"2016-06-01\",\r\n        \"2016-02-01\",\r\n        \"2015-11-01\",\r\n        \"2015-01-01\",\r\n        \"2014-04-01-preview\"\r\n      ]\r\n    },\r\n    {\r\n      \"resourceType\": \"links\",\r\n      \"locations\": [],\r\n      \"apiVersions\": [\r\n        \"2018-11-01\",\r\n        \"2018-09-01\",\r\n        \"2018-08-01\",\r\n        \"2018-07-01\",\r\n        \"2018-05-01\",\r\n        \"2018-02-01\",\r\n        \"2018-01-01\",\r\n        \"2017-08-01\",\r\n        \"2017-06-01\",\r\n        \"2017-05-10\",\r\n        \"2017-05-01\",\r\n        \"2017-03-01\",\r\n        \"2016-09-01\",\r\n        \"2016-07-01\",\r\n        \"2016-06-01\",\r\n        \"2016-02-01\",\r\n        \"2015-11-01\",\r\n        \"2015-01-01\",\r\n        \"2014-04-01-preview\"\r\n      ]\r\n    },\r\n    {\r\n      \"resourceType\": \"operations\",\r\n      \"locations\": [],\r\n      \"apiVersions\": [\r\n        \"2015-01-01\"\r\n      ]\r\n    }\r\n  ],\r\n  \"registrationState\": \"Registered\"\r\n}",
      "StatusCode": 200
    },
    {
      "RequestUri": "/subscriptions/11d5f159-a21d-4a6c-8053-c3aae30057cf/providers/Microsoft.Kusto?api-version=2016-09-01",
      "EncodedRequestUri": "L3N1YnNjcmlwdGlvbnMvMTFkNWYxNTktYTIxZC00YTZjLTgwNTMtYzNhYWUzMDA1N2NmL3Byb3ZpZGVycy9NaWNyb3NvZnQuS3VzdG8/YXBpLXZlcnNpb249MjAxNi0wOS0wMQ==",
      "RequestMethod": "GET",
      "RequestBody": "",
      "RequestHeaders": {
        "x-ms-client-request-id": [
          "91a4c757-5509-42c5-9755-95f87fcf8baf"
        ],
        "Accept-Language": [
          "en-US"
        ],
        "User-Agent": [
          "FxVersion/4.6.27019.06",
          "OSName/Windows",
          "OSVersion/Microsoft.Windows.10.0.17763.",
          "Microsoft.Azure.Management.Internal.Resources.ResourceManagementClient/1.1.13"
        ]
      },
      "ResponseHeaders": {
        "Cache-Control": [
          "no-cache"
        ],
        "Pragma": [
          "no-cache"
        ],
        "x-ms-ratelimit-remaining-subscription-reads": [
          "11998"
        ],
        "x-ms-request-id": [
          "403a3c7c-ff81-41c4-a867-1e30bc2a8cd0"
        ],
        "x-ms-correlation-request-id": [
          "403a3c7c-ff81-41c4-a867-1e30bc2a8cd0"
        ],
        "x-ms-routing-request-id": [
          "UKSOUTH:20190125T122050Z:403a3c7c-ff81-41c4-a867-1e30bc2a8cd0"
        ],
        "Strict-Transport-Security": [
          "max-age=31536000; includeSubDomains"
        ],
        "X-Content-Type-Options": [
          "nosniff"
        ],
        "Date": [
          "Fri, 25 Jan 2019 12:20:50 GMT"
        ],
        "Content-Type": [
          "application/json; charset=utf-8"
        ],
        "Expires": [
          "-1"
        ],
        "Content-Length": [
          "3660"
        ]
      },
      "ResponseBody": "{\r\n  \"id\": \"/subscriptions/11d5f159-a21d-4a6c-8053-c3aae30057cf/providers/Microsoft.Kusto\",\r\n  \"namespace\": \"Microsoft.Kusto\",\r\n  \"authorizations\": [\r\n    {\r\n      \"applicationId\": \"2746ea77-4702-4b45-80ca-3c97e680e8b7\",\r\n      \"roleDefinitionId\": \"dd9d4347-f397-45f2-b538-85f21c90037c\"\r\n    }\r\n  ],\r\n  \"resourceTypes\": [\r\n    {\r\n      \"resourceType\": \"clusters\",\r\n      \"locations\": [\r\n        \"Central US\",\r\n        \"West Europe\",\r\n        \"North Europe\",\r\n        \"East US 2\",\r\n        \"West US\",\r\n        \"Southeast Asia\",\r\n        \"East US\",\r\n        \"West US 2\",\r\n        \"South Central US\",\r\n        \"North Central US\",\r\n        \"East Asia\",\r\n        \"Japan East\",\r\n        \"Canada Central\",\r\n        \"UK South\",\r\n        \"Australia East\",\r\n        \"Brazil South\",\r\n        \"Japan West\",\r\n        \"South India\",\r\n        \"Central India\",\r\n        \"West India\",\r\n        \"Canada East\",\r\n        \"Korea Central\",\r\n        \"France Central\",\r\n        \"UK West\",\r\n        \"Korea South\",\r\n        \"France South\",\r\n        \"Australia Southeast\"\r\n      ],\r\n      \"apiVersions\": [\r\n        \"2018-09-07-preview\",\r\n        \"2017-09-07-privatepreview\"\r\n      ],\r\n      \"capabilities\": \"CrossResourceGroupResourceMove, CrossSubscriptionResourceMove\"\r\n    },\r\n    {\r\n      \"resourceType\": \"clusters/databases\",\r\n      \"locations\": [\r\n        \"Central US\",\r\n        \"West Europe\",\r\n        \"North Europe\",\r\n        \"East US 2\",\r\n        \"West US\",\r\n        \"Southeast Asia\",\r\n        \"East US\",\r\n        \"West US 2\",\r\n        \"South Central US\",\r\n        \"North Central US\",\r\n        \"East Asia\",\r\n        \"Japan East\",\r\n        \"Canada Central\",\r\n        \"UK South\",\r\n        \"Australia East\",\r\n        \"Brazil South\",\r\n        \"Japan West\",\r\n        \"South India\",\r\n        \"Central India\",\r\n        \"West India\",\r\n        \"Canada East\",\r\n        \"Korea Central\",\r\n        \"France Central\",\r\n        \"UK West\",\r\n        \"Korea South\",\r\n        \"France South\",\r\n        \"Australia Southeast\"\r\n      ],\r\n      \"apiVersions\": [\r\n        \"2018-09-07-preview\",\r\n        \"2017-09-07-privatepreview\"\r\n      ]\r\n    },\r\n    {\r\n      \"resourceType\": \"clusters/databases/eventhubconnections\",\r\n      \"locations\": [\r\n        \"Central US\",\r\n        \"West Europe\",\r\n        \"North Europe\",\r\n        \"East US 2\",\r\n        \"West US\",\r\n        \"Southeast Asia\",\r\n        \"East US\",\r\n        \"West US 2\",\r\n        \"South Central US\",\r\n        \"North Central US\",\r\n        \"East Asia\",\r\n        \"Japan East\",\r\n        \"Canada Central\",\r\n        \"UK South\",\r\n        \"Australia East\",\r\n        \"Brazil South\",\r\n        \"Japan West\",\r\n        \"South India\",\r\n        \"Central India\",\r\n        \"West India\",\r\n        \"Canada East\",\r\n        \"Korea Central\",\r\n        \"France Central\",\r\n        \"UK West\",\r\n        \"Korea South\",\r\n        \"France South\",\r\n        \"Australia Southeast\"\r\n      ],\r\n      \"apiVersions\": [\r\n        \"2018-09-07-preview\",\r\n        \"2017-09-07-privatepreview\"\r\n      ]\r\n    },\r\n    {\r\n      \"resourceType\": \"clusters/databases/dataconnections\",\r\n      \"locations\": [\r\n        \"Central US\",\r\n        \"West Europe\",\r\n        \"North Europe\",\r\n        \"East US 2\",\r\n        \"West US\",\r\n        \"Southeast Asia\",\r\n        \"East US\",\r\n        \"West US 2\",\r\n        \"South Central US\",\r\n        \"North Central US\",\r\n        \"East Asia\",\r\n        \"Japan East\",\r\n        \"Canada Central\",\r\n        \"UK South\",\r\n        \"Australia East\",\r\n        \"Brazil South\",\r\n        \"Japan West\",\r\n        \"South India\",\r\n        \"Central India\",\r\n        \"West India\",\r\n        \"Canada East\",\r\n        \"Korea Central\",\r\n        \"France Central\",\r\n        \"UK West\",\r\n        \"Korea South\",\r\n        \"France South\",\r\n        \"Australia Southeast\"\r\n      ],\r\n      \"apiVersions\": [\r\n        \"2018-09-07-preview\",\r\n        \"2017-09-07-privatepreview\"\r\n      ]\r\n    },\r\n    {\r\n      \"resourceType\": \"locations/operationResults\",\r\n      \"locations\": [\r\n        \"Central US\",\r\n        \"West Europe\",\r\n        \"North Europe\",\r\n        \"East US 2\",\r\n        \"West US\",\r\n        \"Southeast Asia\",\r\n        \"East US\",\r\n        \"West US 2\",\r\n        \"South Central US\",\r\n        \"North Central US\",\r\n        \"East Asia\",\r\n        \"Japan East\",\r\n        \"Canada Central\",\r\n        \"UK South\",\r\n        \"Australia East\",\r\n        \"Brazil South\",\r\n        \"Japan West\",\r\n        \"South India\",\r\n        \"Central India\",\r\n        \"West India\",\r\n        \"Canada East\",\r\n        \"Korea Central\",\r\n        \"France Central\",\r\n        \"UK West\",\r\n        \"Korea South\",\r\n        \"France South\",\r\n        \"Australia Southeast\"\r\n      ],\r\n      \"apiVersions\": [\r\n        \"2018-09-07-preview\",\r\n        \"2017-09-07-privatepreview\"\r\n      ]\r\n    },\r\n    {\r\n      \"resourceType\": \"locations\",\r\n      \"locations\": [],\r\n      \"apiVersions\": [\r\n        \"2018-09-07-preview\",\r\n        \"2017-09-07-privatepreview\"\r\n      ]\r\n    },\r\n    {\r\n      \"resourceType\": \"locations/checkNameAvailability\",\r\n      \"locations\": [\r\n        \"Central US\",\r\n        \"West Europe\",\r\n        \"North Europe\",\r\n        \"East US 2\",\r\n        \"West US\",\r\n        \"Southeast Asia\",\r\n        \"East US\",\r\n        \"West US 2\",\r\n        \"South Central US\",\r\n        \"North Central US\",\r\n        \"East Asia\",\r\n        \"Japan East\",\r\n        \"Canada Central\",\r\n        \"UK South\",\r\n        \"Australia East\",\r\n        \"Brazil South\",\r\n        \"Japan West\",\r\n        \"South India\",\r\n        \"Central India\",\r\n        \"West India\",\r\n        \"Canada East\",\r\n        \"Korea Central\",\r\n        \"France Central\",\r\n        \"UK West\",\r\n        \"Korea South\",\r\n        \"France South\",\r\n        \"Australia Southeast\"\r\n      ],\r\n      \"apiVersions\": [\r\n        \"2018-09-07-preview\"\r\n      ]\r\n    },\r\n    {\r\n      \"resourceType\": \"operations\",\r\n      \"locations\": [],\r\n      \"apiVersions\": [\r\n        \"2018-09-07-preview\",\r\n        \"2017-09-07-privatepreview\"\r\n      ]\r\n    }\r\n  ],\r\n  \"registrationState\": \"Registered\"\r\n}",
      "StatusCode": 200
    },
    {
      "RequestUri": "/subscriptions/11d5f159-a21d-4a6c-8053-c3aae30057cf/resourcegroups/ps9365?api-version=2016-09-01",
      "EncodedRequestUri": "L3N1YnNjcmlwdGlvbnMvMTFkNWYxNTktYTIxZC00YTZjLTgwNTMtYzNhYWUzMDA1N2NmL3Jlc291cmNlZ3JvdXBzL3BzOTM2NT9hcGktdmVyc2lvbj0yMDE2LTA5LTAx",
      "RequestMethod": "PUT",
      "RequestBody": "{\r\n  \"location\": \"Central US\"\r\n}",
      "RequestHeaders": {
        "x-ms-client-request-id": [
          "6fb9e61c-9556-4ae2-9f35-676678fadd1e"
        ],
        "Accept-Language": [
          "en-US"
        ],
        "User-Agent": [
          "FxVersion/4.6.27019.06",
          "OSName/Windows",
          "OSVersion/Microsoft.Windows.10.0.17763.",
          "Microsoft.Azure.Management.Internal.Resources.ResourceManagementClient/1.1.13"
        ],
        "Content-Type": [
          "application/json; charset=utf-8"
        ],
        "Content-Length": [
          "32"
        ]
      },
      "ResponseHeaders": {
        "Cache-Control": [
          "no-cache"
        ],
        "Pragma": [
          "no-cache"
        ],
        "x-ms-ratelimit-remaining-subscription-writes": [
          "1199"
        ],
        "x-ms-request-id": [
          "50fd1260-3953-4c88-a1c3-91b2cf32cd68"
        ],
        "x-ms-correlation-request-id": [
          "50fd1260-3953-4c88-a1c3-91b2cf32cd68"
        ],
        "x-ms-routing-request-id": [
          "UKSOUTH:20190125T122053Z:50fd1260-3953-4c88-a1c3-91b2cf32cd68"
        ],
        "Strict-Transport-Security": [
          "max-age=31536000; includeSubDomains"
        ],
        "X-Content-Type-Options": [
          "nosniff"
        ],
        "Date": [
          "Fri, 25 Jan 2019 12:20:53 GMT"
        ],
        "Content-Length": [
          "168"
        ],
        "Content-Type": [
          "application/json; charset=utf-8"
        ],
        "Expires": [
          "-1"
        ]
      },
      "ResponseBody": "{\r\n  \"id\": \"/subscriptions/11d5f159-a21d-4a6c-8053-c3aae30057cf/resourceGroups/ps9365\",\r\n  \"name\": \"ps9365\",\r\n  \"location\": \"centralus\",\r\n  \"properties\": {\r\n    \"provisioningState\": \"Succeeded\"\r\n  }\r\n}",
      "StatusCode": 201
    },
    {
      "RequestUri": "/subscriptions/11d5f159-a21d-4a6c-8053-c3aae30057cf/providers/Microsoft.Kusto/locations/West%20US/checkNameAvailability?api-version=2018-09-07-preview",
      "EncodedRequestUri": "L3N1YnNjcmlwdGlvbnMvMTFkNWYxNTktYTIxZC00YTZjLTgwNTMtYzNhYWUzMDA1N2NmL3Byb3ZpZGVycy9NaWNyb3NvZnQuS3VzdG8vbG9jYXRpb25zL1dlc3QlMjBVUy9jaGVja05hbWVBdmFpbGFiaWxpdHk/YXBpLXZlcnNpb249MjAxOC0wOS0wNy1wcmV2aWV3",
      "RequestMethod": "POST",
      "RequestBody": "{\r\n  \"name\": \"ps5105\",\r\n  \"type\": \"Microsoft.Kusto/clusters\"\r\n}",
      "RequestHeaders": {
        "x-ms-client-request-id": [
          "3ca60e46-22f3-4f75-9cdc-a7e5a011ce47"
        ],
        "Accept-Language": [
          "en-US"
        ],
        "User-Agent": [
          "FxVersion/4.6.27019.06",
          "OSName/Windows",
          "OSVersion/Microsoft.Windows.10.0.17763.",
          "Microsoft.Azure.Management.Kusto.KustoManagementClient/0.9.0.0"
        ],
        "Content-Type": [
          "application/json; charset=utf-8"
        ],
        "Content-Length": [
          "63"
        ]
      },
      "ResponseHeaders": {
        "Cache-Control": [
          "no-cache"
        ],
        "Pragma": [
          "no-cache"
        ],
        "Vary": [
          "Accept-Encoding"
        ],
        "x-ms-ratelimit-remaining-subscription-writes": [
          "1199"
        ],
        "x-ms-request-id": [
          "07eecab8-8e90-4b78-ba09-964f551a1b07"
        ],
        "Set-Cookie": [
          "ARRAffinity=feff4bb9075f81d2c76660b0f1646298084904ca249f0dc7ee8954d4b09d1a4f;Path=/;HttpOnly;Domain=rp-kustorpwus-website.azurewebsites.net"
        ],
        "X-Powered-By": [
          "ASP.NET"
        ],
        "x-ms-correlation-request-id": [
          "8249aa3b-3d15-42c6-80f1-c3c8569e5dca"
        ],
        "x-ms-routing-request-id": [
          "UKSOUTH:20190125T122055Z:8249aa3b-3d15-42c6-80f1-c3c8569e5dca"
        ],
        "Strict-Transport-Security": [
          "max-age=31536000; includeSubDomains"
        ],
        "X-Content-Type-Options": [
          "nosniff"
        ],
        "Date": [
          "Fri, 25 Jan 2019 12:20:55 GMT"
        ],
        "Content-Length": [
          "51"
        ],
        "Content-Type": [
          "application/json; charset=utf-8"
        ],
        "Expires": [
          "-1"
        ]
      },
      "ResponseBody": "{\r\n  \"name\": \"ps5105\",\r\n  \"nameAvailable\": true,\r\n  \"message\": \"\"\r\n}",
      "StatusCode": 200
    },
    {
      "RequestUri": "/subscriptions/11d5f159-a21d-4a6c-8053-c3aae30057cf/providers/Microsoft.Kusto/locations/West%20US/checkNameAvailability?api-version=2018-09-07-preview",
      "EncodedRequestUri": "L3N1YnNjcmlwdGlvbnMvMTFkNWYxNTktYTIxZC00YTZjLTgwNTMtYzNhYWUzMDA1N2NmL3Byb3ZpZGVycy9NaWNyb3NvZnQuS3VzdG8vbG9jYXRpb25zL1dlc3QlMjBVUy9jaGVja05hbWVBdmFpbGFiaWxpdHk/YXBpLXZlcnNpb249MjAxOC0wOS0wNy1wcmV2aWV3",
      "RequestMethod": "POST",
      "RequestBody": "{\r\n  \"name\": \"ps5105\",\r\n  \"type\": \"Microsoft.Kusto/clusters\"\r\n}",
      "RequestHeaders": {
        "x-ms-client-request-id": [
          "bd7d9fa9-8e02-46c4-b34e-500f0bccbcb7"
        ],
        "Accept-Language": [
          "en-US"
        ],
        "User-Agent": [
          "FxVersion/4.6.27019.06",
          "OSName/Windows",
          "OSVersion/Microsoft.Windows.10.0.17763.",
          "Microsoft.Azure.Management.Kusto.KustoManagementClient/0.9.0.0"
        ],
        "Content-Type": [
          "application/json; charset=utf-8"
        ],
        "Content-Length": [
          "63"
        ]
      },
      "ResponseHeaders": {
        "Cache-Control": [
          "no-cache"
        ],
        "Pragma": [
          "no-cache"
        ],
        "Vary": [
          "Accept-Encoding"
        ],
        "x-ms-ratelimit-remaining-subscription-writes": [
          "1198"
        ],
        "x-ms-request-id": [
          "a26a53e4-acb7-4d60-9d6d-1b60a81b5058"
        ],
        "Set-Cookie": [
          "ARRAffinity=feff4bb9075f81d2c76660b0f1646298084904ca249f0dc7ee8954d4b09d1a4f;Path=/;HttpOnly;Domain=rp-kustorpwus-website.azurewebsites.net"
        ],
        "X-Powered-By": [
          "ASP.NET"
        ],
        "x-ms-correlation-request-id": [
          "a7e91b13-e48b-4f86-9974-30a95c7dc7d0"
        ],
        "x-ms-routing-request-id": [
          "UKSOUTH:20190125T122908Z:a7e91b13-e48b-4f86-9974-30a95c7dc7d0"
        ],
        "Strict-Transport-Security": [
          "max-age=31536000; includeSubDomains"
        ],
        "X-Content-Type-Options": [
          "nosniff"
        ],
        "Date": [
          "Fri, 25 Jan 2019 12:29:08 GMT"
        ],
        "Content-Length": [
          "132"
        ],
        "Content-Type": [
          "application/json; charset=utf-8"
        ],
        "Expires": [
          "-1"
        ]
      },
      "ResponseBody": "{\r\n  \"name\": \"ps5105\",\r\n  \"nameAvailable\": false,\r\n  \"message\": \"Name 'ps5105' with type Engine is already taken. Please specify a different name\"\r\n}",
      "StatusCode": 200
    },
    {
      "RequestUri": "/subscriptions/11d5f159-a21d-4a6c-8053-c3aae30057cf/resourceGroups/ps9365/providers/Microsoft.Kusto/clusters/ps5105?api-version=2018-09-07-preview",
      "EncodedRequestUri": "L3N1YnNjcmlwdGlvbnMvMTFkNWYxNTktYTIxZC00YTZjLTgwNTMtYzNhYWUzMDA1N2NmL3Jlc291cmNlR3JvdXBzL3BzOTM2NS9wcm92aWRlcnMvTWljcm9zb2Z0Lkt1c3RvL2NsdXN0ZXJzL3BzNTEwNT9hcGktdmVyc2lvbj0yMDE4LTA5LTA3LXByZXZpZXc=",
      "RequestMethod": "GET",
      "RequestBody": "",
      "RequestHeaders": {
        "x-ms-client-request-id": [
          "5e0cd712-d18d-47c4-a3a8-652a41b635b4"
        ],
        "Accept-Language": [
          "en-US"
        ],
        "User-Agent": [
          "FxVersion/4.6.27019.06",
          "OSName/Windows",
          "OSVersion/Microsoft.Windows.10.0.17763.",
          "Microsoft.Azure.Management.Kusto.KustoManagementClient/0.9.0.0"
        ]
      },
      "ResponseHeaders": {
        "Cache-Control": [
          "no-cache"
        ],
        "Pragma": [
          "no-cache"
        ],
        "x-ms-failure-cause": [
          "gateway"
        ],
        "x-ms-request-id": [
          "c390cac2-8e68-487a-9770-27477ac38077"
        ],
        "x-ms-correlation-request-id": [
          "c390cac2-8e68-487a-9770-27477ac38077"
        ],
        "x-ms-routing-request-id": [
          "UKSOUTH:20190125T122056Z:c390cac2-8e68-487a-9770-27477ac38077"
        ],
        "Strict-Transport-Security": [
          "max-age=31536000; includeSubDomains"
        ],
        "X-Content-Type-Options": [
          "nosniff"
        ],
        "Date": [
          "Fri, 25 Jan 2019 12:20:55 GMT"
        ],
        "Content-Type": [
          "application/json; charset=utf-8"
        ],
        "Expires": [
          "-1"
        ],
        "Content-Length": [
          "141"
        ]
      },
      "ResponseBody": "{\r\n  \"error\": {\r\n    \"code\": \"ResourceNotFound\",\r\n    \"message\": \"The Resource 'Microsoft.Kusto/clusters/ps5105' under resource group 'ps9365' was not found.\"\r\n  }\r\n}",
      "StatusCode": 404
    },
    {
      "RequestUri": "/subscriptions/11d5f159-a21d-4a6c-8053-c3aae30057cf/resourceGroups/ps9365/providers/Microsoft.Kusto/clusters/ps5105?api-version=2018-09-07-preview",
      "EncodedRequestUri": "L3N1YnNjcmlwdGlvbnMvMTFkNWYxNTktYTIxZC00YTZjLTgwNTMtYzNhYWUzMDA1N2NmL3Jlc291cmNlR3JvdXBzL3BzOTM2NS9wcm92aWRlcnMvTWljcm9zb2Z0Lkt1c3RvL2NsdXN0ZXJzL3BzNTEwNT9hcGktdmVyc2lvbj0yMDE4LTA5LTA3LXByZXZpZXc=",
      "RequestMethod": "GET",
      "RequestBody": "",
      "RequestHeaders": {
        "User-Agent": [
          "FxVersion/4.6.27019.06",
          "OSName/Windows",
          "OSVersion/Microsoft.Windows.10.0.17763.",
          "Microsoft.Azure.Management.Kusto.KustoManagementClient/0.9.0.0"
        ]
      },
      "ResponseHeaders": {
        "Cache-Control": [
          "no-cache"
        ],
        "Pragma": [
          "no-cache"
        ],
        "ETag": [
          "\"\""
        ],
        "Vary": [
          "Accept-Encoding"
        ],
        "x-ms-ratelimit-remaining-subscription-resource-requests": [
          "298"
        ],
        "x-ms-request-id": [
          "8c665bf9-2233-4682-9c7e-be93e58945b7"
        ],
        "Set-Cookie": [
          "ARRAffinity=feff4bb9075f81d2c76660b0f1646298084904ca249f0dc7ee8954d4b09d1a4f;Path=/;HttpOnly;Domain=rp-kustorpwus-website.azurewebsites.net"
        ],
        "X-Powered-By": [
          "ASP.NET"
        ],
        "x-ms-correlation-request-id": [
          "96da38db-4b12-4846-8940-aa520ba3c057"
        ],
        "x-ms-routing-request-id": [
          "UKSOUTH:20190125T122907Z:96da38db-4b12-4846-8940-aa520ba3c057"
        ],
        "Strict-Transport-Security": [
          "max-age=31536000; includeSubDomains"
        ],
        "X-Content-Type-Options": [
          "nosniff"
        ],
        "Date": [
          "Fri, 25 Jan 2019 12:29:07 GMT"
        ],
        "Content-Length": [
          "571"
        ],
        "Content-Type": [
          "application/json; charset=utf-8"
        ],
        "Expires": [
          "-1"
        ]
      },
      "ResponseBody": "{\r\n  \"id\": \"/subscriptions/11d5f159-a21d-4a6c-8053-c3aae30057cf/resourceGroups/ps9365/providers/Microsoft.Kusto/Clusters/ps5105\",\r\n  \"name\": \"ps5105\",\r\n  \"type\": \"Microsoft.Kusto/Clusters\",\r\n  \"etag\": \"\\\"\\\"\",\r\n  \"location\": \"West US\",\r\n  \"sku\": {\r\n    \"name\": \"D13_v2\",\r\n    \"tier\": \"Standard\",\r\n    \"capacity\": 2\r\n  },\r\n  \"tags\": {},\r\n  \"properties\": {\r\n    \"state\": \"Running\",\r\n    \"queryUri\": \"https://ps5105.westus.kusto.windows.net\",\r\n    \"uri\": \"https://ps5105.westus.kusto.windows.net\",\r\n    \"dataIngestionUri\": \"https://ingest-ps5105.westus.kusto.windows.net\",\r\n    \"trustedExternalTenants\": [],\r\n    \"virtualNetworkConfiguration\": null,\r\n    \"provisioningState\": \"Succeeded\"\r\n  }\r\n}",
      "StatusCode": 200
    },
    {
      "RequestUri": "/subscriptions/11d5f159-a21d-4a6c-8053-c3aae30057cf/resourceGroups/ps9365/providers/Microsoft.Kusto/clusters/ps5105?api-version=2018-09-07-preview",
      "EncodedRequestUri": "L3N1YnNjcmlwdGlvbnMvMTFkNWYxNTktYTIxZC00YTZjLTgwNTMtYzNhYWUzMDA1N2NmL3Jlc291cmNlR3JvdXBzL3BzOTM2NS9wcm92aWRlcnMvTWljcm9zb2Z0Lkt1c3RvL2NsdXN0ZXJzL3BzNTEwNT9hcGktdmVyc2lvbj0yMDE4LTA5LTA3LXByZXZpZXc=",
      "RequestMethod": "GET",
      "RequestBody": "",
      "RequestHeaders": {
        "x-ms-client-request-id": [
          "cfdeb452-3409-440d-8d7a-6000fc127c22"
        ],
        "Accept-Language": [
          "en-US"
        ],
        "User-Agent": [
          "FxVersion/4.6.27019.06",
          "OSName/Windows",
          "OSVersion/Microsoft.Windows.10.0.17763.",
          "Microsoft.Azure.Management.Kusto.KustoManagementClient/0.9.0.0"
        ]
      },
      "ResponseHeaders": {
        "Cache-Control": [
          "no-cache"
        ],
        "Pragma": [
          "no-cache"
        ],
        "ETag": [
          "\"\""
        ],
        "Vary": [
          "Accept-Encoding"
        ],
        "x-ms-ratelimit-remaining-subscription-resource-requests": [
          "297"
        ],
        "x-ms-request-id": [
          "071752b5-25dc-41cd-9f01-6147488bd6f5"
        ],
        "Set-Cookie": [
          "ARRAffinity=feff4bb9075f81d2c76660b0f1646298084904ca249f0dc7ee8954d4b09d1a4f;Path=/;HttpOnly;Domain=rp-kustorpwus-website.azurewebsites.net"
        ],
        "X-Powered-By": [
          "ASP.NET"
        ],
        "x-ms-correlation-request-id": [
          "d83105d7-bc1f-4ead-bc13-93f860c38a62"
        ],
        "x-ms-routing-request-id": [
          "UKSOUTH:20190125T122909Z:d83105d7-bc1f-4ead-bc13-93f860c38a62"
        ],
        "Strict-Transport-Security": [
          "max-age=31536000; includeSubDomains"
        ],
        "X-Content-Type-Options": [
          "nosniff"
        ],
        "Date": [
          "Fri, 25 Jan 2019 12:29:08 GMT"
        ],
        "Content-Length": [
          "571"
        ],
        "Content-Type": [
          "application/json; charset=utf-8"
        ],
        "Expires": [
          "-1"
        ]
      },
      "ResponseBody": "{\r\n  \"id\": \"/subscriptions/11d5f159-a21d-4a6c-8053-c3aae30057cf/resourceGroups/ps9365/providers/Microsoft.Kusto/Clusters/ps5105\",\r\n  \"name\": \"ps5105\",\r\n  \"type\": \"Microsoft.Kusto/Clusters\",\r\n  \"etag\": \"\\\"\\\"\",\r\n  \"location\": \"West US\",\r\n  \"sku\": {\r\n    \"name\": \"D13_v2\",\r\n    \"tier\": \"Standard\",\r\n    \"capacity\": 2\r\n  },\r\n  \"tags\": {},\r\n  \"properties\": {\r\n    \"state\": \"Running\",\r\n    \"queryUri\": \"https://ps5105.westus.kusto.windows.net\",\r\n    \"uri\": \"https://ps5105.westus.kusto.windows.net\",\r\n    \"dataIngestionUri\": \"https://ingest-ps5105.westus.kusto.windows.net\",\r\n    \"trustedExternalTenants\": [],\r\n    \"virtualNetworkConfiguration\": null,\r\n    \"provisioningState\": \"Succeeded\"\r\n  }\r\n}",
      "StatusCode": 200
    },
    {
      "RequestUri": "/subscriptions/11d5f159-a21d-4a6c-8053-c3aae30057cf/resourceGroups/ps9365/providers/Microsoft.Kusto/clusters/ps5105?api-version=2018-09-07-preview",
      "EncodedRequestUri": "L3N1YnNjcmlwdGlvbnMvMTFkNWYxNTktYTIxZC00YTZjLTgwNTMtYzNhYWUzMDA1N2NmL3Jlc291cmNlR3JvdXBzL3BzOTM2NS9wcm92aWRlcnMvTWljcm9zb2Z0Lkt1c3RvL2NsdXN0ZXJzL3BzNTEwNT9hcGktdmVyc2lvbj0yMDE4LTA5LTA3LXByZXZpZXc=",
      "RequestMethod": "PUT",
      "RequestBody": "{\r\n  \"sku\": {\r\n    \"name\": \"D13_v2\",\r\n    \"tier\": \"Standard\"\r\n  },\r\n  \"location\": \"West US\"\r\n}",
      "RequestHeaders": {
        "x-ms-client-request-id": [
          "e1c82627-01df-4316-98ab-7a39d2d6a50c"
        ],
        "Accept-Language": [
          "en-US"
        ],
        "User-Agent": [
          "FxVersion/4.6.27019.06",
          "OSName/Windows",
          "OSVersion/Microsoft.Windows.10.0.17763.",
          "Microsoft.Azure.Management.Kusto.KustoManagementClient/0.9.0.0"
        ],
        "Content-Type": [
          "application/json; charset=utf-8"
        ],
        "Content-Length": [
          "94"
        ]
      },
      "ResponseHeaders": {
        "Cache-Control": [
          "no-cache"
        ],
        "Pragma": [
          "no-cache"
        ],
        "ETag": [
          "\"\""
        ],
        "x-ms-request-id": [
          "54f6638b-1c81-45d3-a10c-d42040db0a50"
        ],
        "Azure-AsyncOperation": [
          "https://management.azure.com/subscriptions/11d5f159-a21d-4a6c-8053-c3aae30057cf/providers/Microsoft.Kusto/locations/West US/operationResults/d2e43e35-55a3-4345-8ab1-9c35ffc628c7?api-version=2018-09-07-preview"
        ],
        "Set-Cookie": [
          "ARRAffinity=feff4bb9075f81d2c76660b0f1646298084904ca249f0dc7ee8954d4b09d1a4f;Path=/;HttpOnly;Domain=rp-kustorpwus-website.azurewebsites.net"
        ],
        "X-Powered-By": [
          "ASP.NET"
        ],
        "x-ms-ratelimit-remaining-subscription-resource-requests": [
          "199"
        ],
        "x-ms-correlation-request-id": [
          "e3b4eb7f-ac89-47ff-ba8a-9c12f049a6aa"
        ],
        "x-ms-routing-request-id": [
          "UKSOUTH:20190125T122100Z:e3b4eb7f-ac89-47ff-ba8a-9c12f049a6aa"
        ],
        "Strict-Transport-Security": [
          "max-age=31536000; includeSubDomains"
        ],
        "X-Content-Type-Options": [
          "nosniff"
        ],
        "Date": [
          "Fri, 25 Jan 2019 12:20:59 GMT"
        ],
        "Content-Length": [
          "432"
        ],
        "Content-Type": [
          "application/json; charset=utf-8"
        ],
        "Expires": [
          "-1"
        ]
      },
      "ResponseBody": "{\r\n  \"id\": \"/subscriptions/11d5f159-a21d-4a6c-8053-c3aae30057cf/resourceGroups/ps9365/providers/Microsoft.Kusto/Clusters/ps5105\",\r\n  \"name\": \"ps5105\",\r\n  \"type\": \"Microsoft.Kusto/Clusters\",\r\n  \"etag\": \"\\\"\\\"\",\r\n  \"location\": \"West US\",\r\n  \"sku\": {\r\n    \"name\": \"D13_v2\",\r\n    \"tier\": \"Standard\"\r\n  },\r\n  \"properties\": {\r\n    \"state\": \"Creating\",\r\n    \"queryUri\": null,\r\n    \"uri\": null,\r\n    \"dataIngestionUri\": null,\r\n    \"trustedExternalTenants\": null,\r\n    \"virtualNetworkConfiguration\": null,\r\n    \"provisioningState\": \"Creating\"\r\n  }\r\n}",
      "StatusCode": 201
    },
    {
      "RequestUri": "/subscriptions/11d5f159-a21d-4a6c-8053-c3aae30057cf/providers/Microsoft.Kusto/locations/West%20US/operationResults/d2e43e35-55a3-4345-8ab1-9c35ffc628c7?api-version=2018-09-07-preview",
      "EncodedRequestUri": "L3N1YnNjcmlwdGlvbnMvMTFkNWYxNTktYTIxZC00YTZjLTgwNTMtYzNhYWUzMDA1N2NmL3Byb3ZpZGVycy9NaWNyb3NvZnQuS3VzdG8vbG9jYXRpb25zL1dlc3QlMjBVUy9vcGVyYXRpb25SZXN1bHRzL2QyZTQzZTM1LTU1YTMtNDM0NS04YWIxLTljMzVmZmM2MjhjNz9hcGktdmVyc2lvbj0yMDE4LTA5LTA3LXByZXZpZXc=",
      "RequestMethod": "GET",
      "RequestBody": "",
      "RequestHeaders": {
        "User-Agent": [
          "FxVersion/4.6.27019.06",
          "OSName/Windows",
          "OSVersion/Microsoft.Windows.10.0.17763.",
          "Microsoft.Azure.Management.Kusto.KustoManagementClient/0.9.0.0"
        ]
      },
      "ResponseHeaders": {
        "Cache-Control": [
          "no-cache"
        ],
        "Pragma": [
          "no-cache"
        ],
        "Vary": [
          "Accept-Encoding"
        ],
        "x-ms-ratelimit-remaining-subscription-resource-requests": [
          "299"
        ],
        "x-ms-request-id": [
          "ca1b7723-8b5e-4ffa-9cfa-99ee96728285"
        ],
        "Set-Cookie": [
          "ARRAffinity=feff4bb9075f81d2c76660b0f1646298084904ca249f0dc7ee8954d4b09d1a4f;Path=/;HttpOnly;Domain=rp-kustorpwus-website.azurewebsites.net"
        ],
        "X-Powered-By": [
          "ASP.NET"
        ],
        "x-ms-correlation-request-id": [
          "d0913b27-0654-4f9e-ad05-bdd2765bc7d6"
        ],
        "x-ms-routing-request-id": [
          "UKSOUTH:20190125T122130Z:d0913b27-0654-4f9e-ad05-bdd2765bc7d6"
        ],
        "Strict-Transport-Security": [
          "max-age=31536000; includeSubDomains"
        ],
        "X-Content-Type-Options": [
          "nosniff"
        ],
        "Date": [
          "Fri, 25 Jan 2019 12:21:29 GMT"
        ],
        "Content-Length": [
          "462"
        ],
        "Content-Type": [
          "application/json; charset=utf-8"
        ],
        "Expires": [
          "-1"
        ]
      },
      "ResponseBody": "{\r\n  \"id\": \"/subscriptions/11d5f159-a21d-4a6c-8053-c3aae30057cf/providers/Microsoft.Kusto/locations/West US/operationresults/d2e43e35-55a3-4345-8ab1-9c35ffc628c7\",\r\n  \"name\": \"d2e43e35-55a3-4345-8ab1-9c35ffc628c7\",\r\n  \"status\": \"Running\",\r\n  \"startTime\": \"2019-01-25T12:20:59.4061596Z\",\r\n  \"endTime\": \"2019-01-25T12:20:59.4061596Z\",\r\n  \"percentComplete\": 0.5,\r\n  \"properties\": {\r\n    \"OperationKind\": \"ClusterCreate\",\r\n    \"RootActivityId\": \"3f0b97f2-c760-4a72-8907-5f40096522df\",\r\n    \"provisioningState\": \"Running\"\r\n  }\r\n}",
      "StatusCode": 200
    },
    {
      "RequestUri": "/subscriptions/11d5f159-a21d-4a6c-8053-c3aae30057cf/providers/Microsoft.Kusto/locations/West%20US/operationResults/d2e43e35-55a3-4345-8ab1-9c35ffc628c7?api-version=2018-09-07-preview",
      "EncodedRequestUri": "L3N1YnNjcmlwdGlvbnMvMTFkNWYxNTktYTIxZC00YTZjLTgwNTMtYzNhYWUzMDA1N2NmL3Byb3ZpZGVycy9NaWNyb3NvZnQuS3VzdG8vbG9jYXRpb25zL1dlc3QlMjBVUy9vcGVyYXRpb25SZXN1bHRzL2QyZTQzZTM1LTU1YTMtNDM0NS04YWIxLTljMzVmZmM2MjhjNz9hcGktdmVyc2lvbj0yMDE4LTA5LTA3LXByZXZpZXc=",
      "RequestMethod": "GET",
      "RequestBody": "",
      "RequestHeaders": {
        "User-Agent": [
          "FxVersion/4.6.27019.06",
          "OSName/Windows",
          "OSVersion/Microsoft.Windows.10.0.17763.",
          "Microsoft.Azure.Management.Kusto.KustoManagementClient/0.9.0.0"
        ]
      },
      "ResponseHeaders": {
        "Cache-Control": [
          "no-cache"
        ],
        "Pragma": [
          "no-cache"
        ],
        "Vary": [
          "Accept-Encoding"
        ],
        "x-ms-ratelimit-remaining-subscription-resource-requests": [
          "298"
        ],
        "x-ms-request-id": [
          "5fc598c7-e34b-47d7-bd72-8ab78112e001"
        ],
        "Set-Cookie": [
          "ARRAffinity=feff4bb9075f81d2c76660b0f1646298084904ca249f0dc7ee8954d4b09d1a4f;Path=/;HttpOnly;Domain=rp-kustorpwus-website.azurewebsites.net"
        ],
        "X-Powered-By": [
          "ASP.NET"
        ],
        "x-ms-correlation-request-id": [
          "b2552542-0b08-480f-bffc-332de5c80aab"
        ],
        "x-ms-routing-request-id": [
          "UKSOUTH:20190125T122200Z:b2552542-0b08-480f-bffc-332de5c80aab"
        ],
        "Strict-Transport-Security": [
          "max-age=31536000; includeSubDomains"
        ],
        "X-Content-Type-Options": [
          "nosniff"
        ],
        "Date": [
          "Fri, 25 Jan 2019 12:22:00 GMT"
        ],
        "Content-Length": [
          "462"
        ],
        "Content-Type": [
          "application/json; charset=utf-8"
        ],
        "Expires": [
          "-1"
        ]
      },
      "ResponseBody": "{\r\n  \"id\": \"/subscriptions/11d5f159-a21d-4a6c-8053-c3aae30057cf/providers/Microsoft.Kusto/locations/West US/operationresults/d2e43e35-55a3-4345-8ab1-9c35ffc628c7\",\r\n  \"name\": \"d2e43e35-55a3-4345-8ab1-9c35ffc628c7\",\r\n  \"status\": \"Running\",\r\n  \"startTime\": \"2019-01-25T12:20:59.4061596Z\",\r\n  \"endTime\": \"2019-01-25T12:20:59.4061596Z\",\r\n  \"percentComplete\": 0.5,\r\n  \"properties\": {\r\n    \"OperationKind\": \"ClusterCreate\",\r\n    \"RootActivityId\": \"3f0b97f2-c760-4a72-8907-5f40096522df\",\r\n    \"provisioningState\": \"Running\"\r\n  }\r\n}",
      "StatusCode": 200
    },
    {
      "RequestUri": "/subscriptions/11d5f159-a21d-4a6c-8053-c3aae30057cf/providers/Microsoft.Kusto/locations/West%20US/operationResults/d2e43e35-55a3-4345-8ab1-9c35ffc628c7?api-version=2018-09-07-preview",
      "EncodedRequestUri": "L3N1YnNjcmlwdGlvbnMvMTFkNWYxNTktYTIxZC00YTZjLTgwNTMtYzNhYWUzMDA1N2NmL3Byb3ZpZGVycy9NaWNyb3NvZnQuS3VzdG8vbG9jYXRpb25zL1dlc3QlMjBVUy9vcGVyYXRpb25SZXN1bHRzL2QyZTQzZTM1LTU1YTMtNDM0NS04YWIxLTljMzVmZmM2MjhjNz9hcGktdmVyc2lvbj0yMDE4LTA5LTA3LXByZXZpZXc=",
      "RequestMethod": "GET",
      "RequestBody": "",
      "RequestHeaders": {
        "User-Agent": [
          "FxVersion/4.6.27019.06",
          "OSName/Windows",
          "OSVersion/Microsoft.Windows.10.0.17763.",
          "Microsoft.Azure.Management.Kusto.KustoManagementClient/0.9.0.0"
        ]
      },
      "ResponseHeaders": {
        "Cache-Control": [
          "no-cache"
        ],
        "Pragma": [
          "no-cache"
        ],
        "Vary": [
          "Accept-Encoding"
        ],
        "x-ms-correlation-request-id": [
          "5d27eb52-2bf2-4ba6-a61d-201c924dcbdf"
        ],
        "x-ms-request-id": [
          "8470e917-0ec7-4cfd-8c0a-a0e6e8e457cb"
        ],
        "x-ms-ratelimit-remaining-subscription-resource-requests": [
          "297"
        ],
        "Set-Cookie": [
          "ARRAffinity=feff4bb9075f81d2c76660b0f1646298084904ca249f0dc7ee8954d4b09d1a4f;Path=/;HttpOnly;Domain=rp-kustorpwus-website.azurewebsites.net"
        ],
        "X-Powered-By": [
          "ASP.NET"
        ],
        "x-ms-routing-request-id": [
          "UKSOUTH:20190125T122230Z:5d27eb52-2bf2-4ba6-a61d-201c924dcbdf"
        ],
        "Strict-Transport-Security": [
          "max-age=31536000; includeSubDomains"
        ],
        "X-Content-Type-Options": [
          "nosniff"
        ],
        "Date": [
          "Fri, 25 Jan 2019 12:22:30 GMT"
        ],
        "Content-Length": [
          "462"
        ],
        "Content-Type": [
          "application/json; charset=utf-8"
        ],
        "Expires": [
          "-1"
        ]
      },
      "ResponseBody": "{\r\n  \"id\": \"/subscriptions/11d5f159-a21d-4a6c-8053-c3aae30057cf/providers/Microsoft.Kusto/locations/West US/operationresults/d2e43e35-55a3-4345-8ab1-9c35ffc628c7\",\r\n  \"name\": \"d2e43e35-55a3-4345-8ab1-9c35ffc628c7\",\r\n  \"status\": \"Running\",\r\n  \"startTime\": \"2019-01-25T12:20:59.4061596Z\",\r\n  \"endTime\": \"2019-01-25T12:20:59.4061596Z\",\r\n  \"percentComplete\": 0.5,\r\n  \"properties\": {\r\n    \"OperationKind\": \"ClusterCreate\",\r\n    \"RootActivityId\": \"3f0b97f2-c760-4a72-8907-5f40096522df\",\r\n    \"provisioningState\": \"Running\"\r\n  }\r\n}",
      "StatusCode": 200
    },
    {
      "RequestUri": "/subscriptions/11d5f159-a21d-4a6c-8053-c3aae30057cf/providers/Microsoft.Kusto/locations/West%20US/operationResults/d2e43e35-55a3-4345-8ab1-9c35ffc628c7?api-version=2018-09-07-preview",
      "EncodedRequestUri": "L3N1YnNjcmlwdGlvbnMvMTFkNWYxNTktYTIxZC00YTZjLTgwNTMtYzNhYWUzMDA1N2NmL3Byb3ZpZGVycy9NaWNyb3NvZnQuS3VzdG8vbG9jYXRpb25zL1dlc3QlMjBVUy9vcGVyYXRpb25SZXN1bHRzL2QyZTQzZTM1LTU1YTMtNDM0NS04YWIxLTljMzVmZmM2MjhjNz9hcGktdmVyc2lvbj0yMDE4LTA5LTA3LXByZXZpZXc=",
      "RequestMethod": "GET",
      "RequestBody": "",
      "RequestHeaders": {
        "User-Agent": [
          "FxVersion/4.6.27019.06",
          "OSName/Windows",
          "OSVersion/Microsoft.Windows.10.0.17763.",
          "Microsoft.Azure.Management.Kusto.KustoManagementClient/0.9.0.0"
        ]
      },
      "ResponseHeaders": {
        "Cache-Control": [
          "no-cache"
        ],
        "Pragma": [
          "no-cache"
        ],
        "Vary": [
          "Accept-Encoding"
        ],
        "x-ms-ratelimit-remaining-subscription-resource-requests": [
          "296"
        ],
        "x-ms-request-id": [
          "d1a0da88-a081-4ddc-a52e-8822ba9a7358"
        ],
        "Set-Cookie": [
          "ARRAffinity=feff4bb9075f81d2c76660b0f1646298084904ca249f0dc7ee8954d4b09d1a4f;Path=/;HttpOnly;Domain=rp-kustorpwus-website.azurewebsites.net"
        ],
        "X-Powered-By": [
          "ASP.NET"
        ],
        "x-ms-correlation-request-id": [
          "136d87bc-32b3-44f8-ad76-5439fdb8c80e"
        ],
        "x-ms-routing-request-id": [
          "UKSOUTH:20190125T122301Z:136d87bc-32b3-44f8-ad76-5439fdb8c80e"
        ],
        "Strict-Transport-Security": [
          "max-age=31536000; includeSubDomains"
        ],
        "X-Content-Type-Options": [
          "nosniff"
        ],
        "Date": [
          "Fri, 25 Jan 2019 12:23:01 GMT"
        ],
        "Content-Length": [
          "462"
        ],
        "Content-Type": [
          "application/json; charset=utf-8"
        ],
        "Expires": [
          "-1"
        ]
      },
      "ResponseBody": "{\r\n  \"id\": \"/subscriptions/11d5f159-a21d-4a6c-8053-c3aae30057cf/providers/Microsoft.Kusto/locations/West US/operationresults/d2e43e35-55a3-4345-8ab1-9c35ffc628c7\",\r\n  \"name\": \"d2e43e35-55a3-4345-8ab1-9c35ffc628c7\",\r\n  \"status\": \"Running\",\r\n  \"startTime\": \"2019-01-25T12:20:59.4061596Z\",\r\n  \"endTime\": \"2019-01-25T12:20:59.4061596Z\",\r\n  \"percentComplete\": 0.5,\r\n  \"properties\": {\r\n    \"OperationKind\": \"ClusterCreate\",\r\n    \"RootActivityId\": \"3f0b97f2-c760-4a72-8907-5f40096522df\",\r\n    \"provisioningState\": \"Running\"\r\n  }\r\n}",
      "StatusCode": 200
    },
    {
      "RequestUri": "/subscriptions/11d5f159-a21d-4a6c-8053-c3aae30057cf/providers/Microsoft.Kusto/locations/West%20US/operationResults/d2e43e35-55a3-4345-8ab1-9c35ffc628c7?api-version=2018-09-07-preview",
      "EncodedRequestUri": "L3N1YnNjcmlwdGlvbnMvMTFkNWYxNTktYTIxZC00YTZjLTgwNTMtYzNhYWUzMDA1N2NmL3Byb3ZpZGVycy9NaWNyb3NvZnQuS3VzdG8vbG9jYXRpb25zL1dlc3QlMjBVUy9vcGVyYXRpb25SZXN1bHRzL2QyZTQzZTM1LTU1YTMtNDM0NS04YWIxLTljMzVmZmM2MjhjNz9hcGktdmVyc2lvbj0yMDE4LTA5LTA3LXByZXZpZXc=",
      "RequestMethod": "GET",
      "RequestBody": "",
      "RequestHeaders": {
        "User-Agent": [
          "FxVersion/4.6.27019.06",
          "OSName/Windows",
          "OSVersion/Microsoft.Windows.10.0.17763.",
          "Microsoft.Azure.Management.Kusto.KustoManagementClient/0.9.0.0"
        ]
      },
      "ResponseHeaders": {
        "Cache-Control": [
          "no-cache"
        ],
        "Pragma": [
          "no-cache"
        ],
        "Vary": [
          "Accept-Encoding"
        ],
        "x-ms-ratelimit-remaining-subscription-resource-requests": [
          "295"
        ],
        "x-ms-request-id": [
          "e86f828a-8553-4e38-858b-e02a78dd5ee3"
        ],
        "Set-Cookie": [
          "ARRAffinity=feff4bb9075f81d2c76660b0f1646298084904ca249f0dc7ee8954d4b09d1a4f;Path=/;HttpOnly;Domain=rp-kustorpwus-website.azurewebsites.net"
        ],
        "X-Powered-By": [
          "ASP.NET"
        ],
        "x-ms-correlation-request-id": [
          "cf7e9f63-f4cf-40cb-b37a-0cee3ef83dac"
        ],
        "x-ms-routing-request-id": [
          "UKSOUTH:20190125T122332Z:cf7e9f63-f4cf-40cb-b37a-0cee3ef83dac"
        ],
        "Strict-Transport-Security": [
          "max-age=31536000; includeSubDomains"
        ],
        "X-Content-Type-Options": [
          "nosniff"
        ],
        "Date": [
          "Fri, 25 Jan 2019 12:23:31 GMT"
        ],
        "Content-Length": [
          "462"
        ],
        "Content-Type": [
          "application/json; charset=utf-8"
        ],
        "Expires": [
          "-1"
        ]
      },
      "ResponseBody": "{\r\n  \"id\": \"/subscriptions/11d5f159-a21d-4a6c-8053-c3aae30057cf/providers/Microsoft.Kusto/locations/West US/operationresults/d2e43e35-55a3-4345-8ab1-9c35ffc628c7\",\r\n  \"name\": \"d2e43e35-55a3-4345-8ab1-9c35ffc628c7\",\r\n  \"status\": \"Running\",\r\n  \"startTime\": \"2019-01-25T12:20:59.4061596Z\",\r\n  \"endTime\": \"2019-01-25T12:20:59.4061596Z\",\r\n  \"percentComplete\": 0.5,\r\n  \"properties\": {\r\n    \"OperationKind\": \"ClusterCreate\",\r\n    \"RootActivityId\": \"3f0b97f2-c760-4a72-8907-5f40096522df\",\r\n    \"provisioningState\": \"Running\"\r\n  }\r\n}",
      "StatusCode": 200
    },
    {
      "RequestUri": "/subscriptions/11d5f159-a21d-4a6c-8053-c3aae30057cf/providers/Microsoft.Kusto/locations/West%20US/operationResults/d2e43e35-55a3-4345-8ab1-9c35ffc628c7?api-version=2018-09-07-preview",
      "EncodedRequestUri": "L3N1YnNjcmlwdGlvbnMvMTFkNWYxNTktYTIxZC00YTZjLTgwNTMtYzNhYWUzMDA1N2NmL3Byb3ZpZGVycy9NaWNyb3NvZnQuS3VzdG8vbG9jYXRpb25zL1dlc3QlMjBVUy9vcGVyYXRpb25SZXN1bHRzL2QyZTQzZTM1LTU1YTMtNDM0NS04YWIxLTljMzVmZmM2MjhjNz9hcGktdmVyc2lvbj0yMDE4LTA5LTA3LXByZXZpZXc=",
      "RequestMethod": "GET",
      "RequestBody": "",
      "RequestHeaders": {
        "User-Agent": [
          "FxVersion/4.6.27019.06",
          "OSName/Windows",
          "OSVersion/Microsoft.Windows.10.0.17763.",
          "Microsoft.Azure.Management.Kusto.KustoManagementClient/0.9.0.0"
        ]
      },
      "ResponseHeaders": {
        "Cache-Control": [
          "no-cache"
        ],
        "Pragma": [
          "no-cache"
        ],
        "Vary": [
          "Accept-Encoding"
        ],
        "x-ms-ratelimit-remaining-subscription-resource-requests": [
          "294"
        ],
        "x-ms-request-id": [
          "c982aa50-8aed-4965-b2dd-b46c0fc7cc20"
        ],
        "Set-Cookie": [
          "ARRAffinity=feff4bb9075f81d2c76660b0f1646298084904ca249f0dc7ee8954d4b09d1a4f;Path=/;HttpOnly;Domain=rp-kustorpwus-website.azurewebsites.net"
        ],
        "X-Powered-By": [
          "ASP.NET"
        ],
        "x-ms-correlation-request-id": [
          "592b66fc-30b9-49dd-b574-028dd1841795"
        ],
        "x-ms-routing-request-id": [
          "UKSOUTH:20190125T122402Z:592b66fc-30b9-49dd-b574-028dd1841795"
        ],
        "Strict-Transport-Security": [
          "max-age=31536000; includeSubDomains"
        ],
        "X-Content-Type-Options": [
          "nosniff"
        ],
        "Date": [
          "Fri, 25 Jan 2019 12:24:02 GMT"
        ],
        "Content-Length": [
          "462"
        ],
        "Content-Type": [
          "application/json; charset=utf-8"
        ],
        "Expires": [
          "-1"
        ]
      },
      "ResponseBody": "{\r\n  \"id\": \"/subscriptions/11d5f159-a21d-4a6c-8053-c3aae30057cf/providers/Microsoft.Kusto/locations/West US/operationresults/d2e43e35-55a3-4345-8ab1-9c35ffc628c7\",\r\n  \"name\": \"d2e43e35-55a3-4345-8ab1-9c35ffc628c7\",\r\n  \"status\": \"Running\",\r\n  \"startTime\": \"2019-01-25T12:20:59.4061596Z\",\r\n  \"endTime\": \"2019-01-25T12:20:59.4061596Z\",\r\n  \"percentComplete\": 0.5,\r\n  \"properties\": {\r\n    \"OperationKind\": \"ClusterCreate\",\r\n    \"RootActivityId\": \"3f0b97f2-c760-4a72-8907-5f40096522df\",\r\n    \"provisioningState\": \"Running\"\r\n  }\r\n}",
      "StatusCode": 200
    },
    {
      "RequestUri": "/subscriptions/11d5f159-a21d-4a6c-8053-c3aae30057cf/providers/Microsoft.Kusto/locations/West%20US/operationResults/d2e43e35-55a3-4345-8ab1-9c35ffc628c7?api-version=2018-09-07-preview",
      "EncodedRequestUri": "L3N1YnNjcmlwdGlvbnMvMTFkNWYxNTktYTIxZC00YTZjLTgwNTMtYzNhYWUzMDA1N2NmL3Byb3ZpZGVycy9NaWNyb3NvZnQuS3VzdG8vbG9jYXRpb25zL1dlc3QlMjBVUy9vcGVyYXRpb25SZXN1bHRzL2QyZTQzZTM1LTU1YTMtNDM0NS04YWIxLTljMzVmZmM2MjhjNz9hcGktdmVyc2lvbj0yMDE4LTA5LTA3LXByZXZpZXc=",
      "RequestMethod": "GET",
      "RequestBody": "",
      "RequestHeaders": {
        "User-Agent": [
          "FxVersion/4.6.27019.06",
          "OSName/Windows",
          "OSVersion/Microsoft.Windows.10.0.17763.",
          "Microsoft.Azure.Management.Kusto.KustoManagementClient/0.9.0.0"
        ]
      },
      "ResponseHeaders": {
        "Cache-Control": [
          "no-cache"
        ],
        "Pragma": [
          "no-cache"
        ],
        "Vary": [
          "Accept-Encoding"
        ],
        "x-ms-correlation-request-id": [
          "ea1b8dd7-5c67-4c0d-94c4-3e50ee06230b"
        ],
        "x-ms-request-id": [
          "ebe44dd9-5a37-44c5-b874-6a3aaa358c29"
        ],
        "x-ms-ratelimit-remaining-subscription-resource-requests": [
          "293"
        ],
        "Set-Cookie": [
          "ARRAffinity=feff4bb9075f81d2c76660b0f1646298084904ca249f0dc7ee8954d4b09d1a4f;Path=/;HttpOnly;Domain=rp-kustorpwus-website.azurewebsites.net"
        ],
        "X-Powered-By": [
          "ASP.NET"
        ],
        "x-ms-routing-request-id": [
          "UKSOUTH:20190125T122432Z:ea1b8dd7-5c67-4c0d-94c4-3e50ee06230b"
        ],
        "Strict-Transport-Security": [
          "max-age=31536000; includeSubDomains"
        ],
        "X-Content-Type-Options": [
          "nosniff"
        ],
        "Date": [
          "Fri, 25 Jan 2019 12:24:32 GMT"
        ],
        "Content-Length": [
          "462"
        ],
        "Content-Type": [
          "application/json; charset=utf-8"
        ],
        "Expires": [
          "-1"
        ]
      },
      "ResponseBody": "{\r\n  \"id\": \"/subscriptions/11d5f159-a21d-4a6c-8053-c3aae30057cf/providers/Microsoft.Kusto/locations/West US/operationresults/d2e43e35-55a3-4345-8ab1-9c35ffc628c7\",\r\n  \"name\": \"d2e43e35-55a3-4345-8ab1-9c35ffc628c7\",\r\n  \"status\": \"Running\",\r\n  \"startTime\": \"2019-01-25T12:20:59.4061596Z\",\r\n  \"endTime\": \"2019-01-25T12:20:59.4061596Z\",\r\n  \"percentComplete\": 0.5,\r\n  \"properties\": {\r\n    \"OperationKind\": \"ClusterCreate\",\r\n    \"RootActivityId\": \"3f0b97f2-c760-4a72-8907-5f40096522df\",\r\n    \"provisioningState\": \"Running\"\r\n  }\r\n}",
      "StatusCode": 200
    },
    {
      "RequestUri": "/subscriptions/11d5f159-a21d-4a6c-8053-c3aae30057cf/providers/Microsoft.Kusto/locations/West%20US/operationResults/d2e43e35-55a3-4345-8ab1-9c35ffc628c7?api-version=2018-09-07-preview",
      "EncodedRequestUri": "L3N1YnNjcmlwdGlvbnMvMTFkNWYxNTktYTIxZC00YTZjLTgwNTMtYzNhYWUzMDA1N2NmL3Byb3ZpZGVycy9NaWNyb3NvZnQuS3VzdG8vbG9jYXRpb25zL1dlc3QlMjBVUy9vcGVyYXRpb25SZXN1bHRzL2QyZTQzZTM1LTU1YTMtNDM0NS04YWIxLTljMzVmZmM2MjhjNz9hcGktdmVyc2lvbj0yMDE4LTA5LTA3LXByZXZpZXc=",
      "RequestMethod": "GET",
      "RequestBody": "",
      "RequestHeaders": {
        "User-Agent": [
          "FxVersion/4.6.27019.06",
          "OSName/Windows",
          "OSVersion/Microsoft.Windows.10.0.17763.",
          "Microsoft.Azure.Management.Kusto.KustoManagementClient/0.9.0.0"
        ]
      },
      "ResponseHeaders": {
        "Cache-Control": [
          "no-cache"
        ],
        "Pragma": [
          "no-cache"
        ],
        "Vary": [
          "Accept-Encoding"
        ],
        "x-ms-ratelimit-remaining-subscription-resource-requests": [
          "292"
        ],
        "x-ms-request-id": [
          "631cc84b-5881-43ab-8ba8-e5c9d96eb343"
        ],
        "Set-Cookie": [
          "ARRAffinity=feff4bb9075f81d2c76660b0f1646298084904ca249f0dc7ee8954d4b09d1a4f;Path=/;HttpOnly;Domain=rp-kustorpwus-website.azurewebsites.net"
        ],
        "X-Powered-By": [
          "ASP.NET"
        ],
        "x-ms-correlation-request-id": [
          "2d8d249c-74ce-4ec9-8fd1-f37755dbffae"
        ],
        "x-ms-routing-request-id": [
          "UKSOUTH:20190125T122503Z:2d8d249c-74ce-4ec9-8fd1-f37755dbffae"
        ],
        "Strict-Transport-Security": [
          "max-age=31536000; includeSubDomains"
        ],
        "X-Content-Type-Options": [
          "nosniff"
        ],
        "Date": [
          "Fri, 25 Jan 2019 12:25:03 GMT"
        ],
        "Content-Length": [
          "462"
        ],
        "Content-Type": [
          "application/json; charset=utf-8"
        ],
        "Expires": [
          "-1"
        ]
      },
      "ResponseBody": "{\r\n  \"id\": \"/subscriptions/11d5f159-a21d-4a6c-8053-c3aae30057cf/providers/Microsoft.Kusto/locations/West US/operationresults/d2e43e35-55a3-4345-8ab1-9c35ffc628c7\",\r\n  \"name\": \"d2e43e35-55a3-4345-8ab1-9c35ffc628c7\",\r\n  \"status\": \"Running\",\r\n  \"startTime\": \"2019-01-25T12:20:59.4061596Z\",\r\n  \"endTime\": \"2019-01-25T12:20:59.4061596Z\",\r\n  \"percentComplete\": 0.5,\r\n  \"properties\": {\r\n    \"OperationKind\": \"ClusterCreate\",\r\n    \"RootActivityId\": \"3f0b97f2-c760-4a72-8907-5f40096522df\",\r\n    \"provisioningState\": \"Running\"\r\n  }\r\n}",
      "StatusCode": 200
    },
    {
      "RequestUri": "/subscriptions/11d5f159-a21d-4a6c-8053-c3aae30057cf/providers/Microsoft.Kusto/locations/West%20US/operationResults/d2e43e35-55a3-4345-8ab1-9c35ffc628c7?api-version=2018-09-07-preview",
      "EncodedRequestUri": "L3N1YnNjcmlwdGlvbnMvMTFkNWYxNTktYTIxZC00YTZjLTgwNTMtYzNhYWUzMDA1N2NmL3Byb3ZpZGVycy9NaWNyb3NvZnQuS3VzdG8vbG9jYXRpb25zL1dlc3QlMjBVUy9vcGVyYXRpb25SZXN1bHRzL2QyZTQzZTM1LTU1YTMtNDM0NS04YWIxLTljMzVmZmM2MjhjNz9hcGktdmVyc2lvbj0yMDE4LTA5LTA3LXByZXZpZXc=",
      "RequestMethod": "GET",
      "RequestBody": "",
      "RequestHeaders": {
        "User-Agent": [
          "FxVersion/4.6.27019.06",
          "OSName/Windows",
          "OSVersion/Microsoft.Windows.10.0.17763.",
          "Microsoft.Azure.Management.Kusto.KustoManagementClient/0.9.0.0"
        ]
      },
      "ResponseHeaders": {
        "Cache-Control": [
          "no-cache"
        ],
        "Pragma": [
          "no-cache"
        ],
        "Vary": [
          "Accept-Encoding"
        ],
        "x-ms-ratelimit-remaining-subscription-resource-requests": [
          "291"
        ],
        "x-ms-request-id": [
          "8c2630e8-33e5-4465-8849-4470acd1b4af"
        ],
        "Set-Cookie": [
          "ARRAffinity=feff4bb9075f81d2c76660b0f1646298084904ca249f0dc7ee8954d4b09d1a4f;Path=/;HttpOnly;Domain=rp-kustorpwus-website.azurewebsites.net"
        ],
        "X-Powered-By": [
          "ASP.NET"
        ],
        "x-ms-correlation-request-id": [
          "d7a182ae-cddc-4d27-a3d0-0905bd615004"
        ],
        "x-ms-routing-request-id": [
          "UKSOUTH:20190125T122534Z:d7a182ae-cddc-4d27-a3d0-0905bd615004"
        ],
        "Strict-Transport-Security": [
          "max-age=31536000; includeSubDomains"
        ],
        "X-Content-Type-Options": [
          "nosniff"
        ],
        "Date": [
          "Fri, 25 Jan 2019 12:25:33 GMT"
        ],
        "Content-Length": [
          "462"
        ],
        "Content-Type": [
          "application/json; charset=utf-8"
        ],
        "Expires": [
          "-1"
        ]
      },
      "ResponseBody": "{\r\n  \"id\": \"/subscriptions/11d5f159-a21d-4a6c-8053-c3aae30057cf/providers/Microsoft.Kusto/locations/West US/operationresults/d2e43e35-55a3-4345-8ab1-9c35ffc628c7\",\r\n  \"name\": \"d2e43e35-55a3-4345-8ab1-9c35ffc628c7\",\r\n  \"status\": \"Running\",\r\n  \"startTime\": \"2019-01-25T12:20:59.4061596Z\",\r\n  \"endTime\": \"2019-01-25T12:20:59.4061596Z\",\r\n  \"percentComplete\": 0.5,\r\n  \"properties\": {\r\n    \"OperationKind\": \"ClusterCreate\",\r\n    \"RootActivityId\": \"3f0b97f2-c760-4a72-8907-5f40096522df\",\r\n    \"provisioningState\": \"Running\"\r\n  }\r\n}",
      "StatusCode": 200
    },
    {
      "RequestUri": "/subscriptions/11d5f159-a21d-4a6c-8053-c3aae30057cf/providers/Microsoft.Kusto/locations/West%20US/operationResults/d2e43e35-55a3-4345-8ab1-9c35ffc628c7?api-version=2018-09-07-preview",
      "EncodedRequestUri": "L3N1YnNjcmlwdGlvbnMvMTFkNWYxNTktYTIxZC00YTZjLTgwNTMtYzNhYWUzMDA1N2NmL3Byb3ZpZGVycy9NaWNyb3NvZnQuS3VzdG8vbG9jYXRpb25zL1dlc3QlMjBVUy9vcGVyYXRpb25SZXN1bHRzL2QyZTQzZTM1LTU1YTMtNDM0NS04YWIxLTljMzVmZmM2MjhjNz9hcGktdmVyc2lvbj0yMDE4LTA5LTA3LXByZXZpZXc=",
      "RequestMethod": "GET",
      "RequestBody": "",
      "RequestHeaders": {
        "User-Agent": [
          "FxVersion/4.6.27019.06",
          "OSName/Windows",
          "OSVersion/Microsoft.Windows.10.0.17763.",
          "Microsoft.Azure.Management.Kusto.KustoManagementClient/0.9.0.0"
        ]
      },
      "ResponseHeaders": {
        "Cache-Control": [
          "no-cache"
        ],
        "Pragma": [
          "no-cache"
        ],
        "Vary": [
          "Accept-Encoding"
        ],
        "x-ms-ratelimit-remaining-subscription-resource-requests": [
          "290"
        ],
        "x-ms-request-id": [
          "4af5b764-1c08-4f24-9217-fc89adba0efb"
        ],
        "Set-Cookie": [
          "ARRAffinity=feff4bb9075f81d2c76660b0f1646298084904ca249f0dc7ee8954d4b09d1a4f;Path=/;HttpOnly;Domain=rp-kustorpwus-website.azurewebsites.net"
        ],
        "X-Powered-By": [
          "ASP.NET"
        ],
        "x-ms-correlation-request-id": [
          "4b3af8a6-d055-4735-bcba-24e5bdde6d34"
        ],
        "x-ms-routing-request-id": [
          "UKSOUTH:20190125T122604Z:4b3af8a6-d055-4735-bcba-24e5bdde6d34"
        ],
        "Strict-Transport-Security": [
          "max-age=31536000; includeSubDomains"
        ],
        "X-Content-Type-Options": [
          "nosniff"
        ],
        "Date": [
          "Fri, 25 Jan 2019 12:26:03 GMT"
        ],
        "Content-Length": [
          "462"
        ],
        "Content-Type": [
          "application/json; charset=utf-8"
        ],
        "Expires": [
          "-1"
        ]
      },
      "ResponseBody": "{\r\n  \"id\": \"/subscriptions/11d5f159-a21d-4a6c-8053-c3aae30057cf/providers/Microsoft.Kusto/locations/West US/operationresults/d2e43e35-55a3-4345-8ab1-9c35ffc628c7\",\r\n  \"name\": \"d2e43e35-55a3-4345-8ab1-9c35ffc628c7\",\r\n  \"status\": \"Running\",\r\n  \"startTime\": \"2019-01-25T12:20:59.4061596Z\",\r\n  \"endTime\": \"2019-01-25T12:20:59.4061596Z\",\r\n  \"percentComplete\": 0.5,\r\n  \"properties\": {\r\n    \"OperationKind\": \"ClusterCreate\",\r\n    \"RootActivityId\": \"3f0b97f2-c760-4a72-8907-5f40096522df\",\r\n    \"provisioningState\": \"Running\"\r\n  }\r\n}",
      "StatusCode": 200
    },
    {
      "RequestUri": "/subscriptions/11d5f159-a21d-4a6c-8053-c3aae30057cf/providers/Microsoft.Kusto/locations/West%20US/operationResults/d2e43e35-55a3-4345-8ab1-9c35ffc628c7?api-version=2018-09-07-preview",
      "EncodedRequestUri": "L3N1YnNjcmlwdGlvbnMvMTFkNWYxNTktYTIxZC00YTZjLTgwNTMtYzNhYWUzMDA1N2NmL3Byb3ZpZGVycy9NaWNyb3NvZnQuS3VzdG8vbG9jYXRpb25zL1dlc3QlMjBVUy9vcGVyYXRpb25SZXN1bHRzL2QyZTQzZTM1LTU1YTMtNDM0NS04YWIxLTljMzVmZmM2MjhjNz9hcGktdmVyc2lvbj0yMDE4LTA5LTA3LXByZXZpZXc=",
      "RequestMethod": "GET",
      "RequestBody": "",
      "RequestHeaders": {
        "User-Agent": [
          "FxVersion/4.6.27019.06",
          "OSName/Windows",
          "OSVersion/Microsoft.Windows.10.0.17763.",
          "Microsoft.Azure.Management.Kusto.KustoManagementClient/0.9.0.0"
        ]
      },
      "ResponseHeaders": {
        "Cache-Control": [
          "no-cache"
        ],
        "Pragma": [
          "no-cache"
        ],
        "Vary": [
          "Accept-Encoding"
        ],
        "x-ms-correlation-request-id": [
          "849f3fe3-4c35-468e-a2f4-9d72371d7863"
        ],
        "x-ms-request-id": [
          "b207076b-47e1-416d-bc97-0a4973b4a79e"
        ],
        "x-ms-ratelimit-remaining-subscription-resource-requests": [
          "289"
        ],
        "Set-Cookie": [
          "ARRAffinity=feff4bb9075f81d2c76660b0f1646298084904ca249f0dc7ee8954d4b09d1a4f;Path=/;HttpOnly;Domain=rp-kustorpwus-website.azurewebsites.net"
        ],
        "X-Powered-By": [
          "ASP.NET"
        ],
        "x-ms-routing-request-id": [
          "UKSOUTH:20190125T122634Z:849f3fe3-4c35-468e-a2f4-9d72371d7863"
        ],
        "Strict-Transport-Security": [
          "max-age=31536000; includeSubDomains"
        ],
        "X-Content-Type-Options": [
          "nosniff"
        ],
        "Date": [
          "Fri, 25 Jan 2019 12:26:34 GMT"
        ],
        "Content-Length": [
          "462"
        ],
        "Content-Type": [
          "application/json; charset=utf-8"
        ],
        "Expires": [
          "-1"
        ]
      },
      "ResponseBody": "{\r\n  \"id\": \"/subscriptions/11d5f159-a21d-4a6c-8053-c3aae30057cf/providers/Microsoft.Kusto/locations/West US/operationresults/d2e43e35-55a3-4345-8ab1-9c35ffc628c7\",\r\n  \"name\": \"d2e43e35-55a3-4345-8ab1-9c35ffc628c7\",\r\n  \"status\": \"Running\",\r\n  \"startTime\": \"2019-01-25T12:20:59.4061596Z\",\r\n  \"endTime\": \"2019-01-25T12:20:59.4061596Z\",\r\n  \"percentComplete\": 0.5,\r\n  \"properties\": {\r\n    \"OperationKind\": \"ClusterCreate\",\r\n    \"RootActivityId\": \"3f0b97f2-c760-4a72-8907-5f40096522df\",\r\n    \"provisioningState\": \"Running\"\r\n  }\r\n}",
      "StatusCode": 200
    },
    {
      "RequestUri": "/subscriptions/11d5f159-a21d-4a6c-8053-c3aae30057cf/providers/Microsoft.Kusto/locations/West%20US/operationResults/d2e43e35-55a3-4345-8ab1-9c35ffc628c7?api-version=2018-09-07-preview",
      "EncodedRequestUri": "L3N1YnNjcmlwdGlvbnMvMTFkNWYxNTktYTIxZC00YTZjLTgwNTMtYzNhYWUzMDA1N2NmL3Byb3ZpZGVycy9NaWNyb3NvZnQuS3VzdG8vbG9jYXRpb25zL1dlc3QlMjBVUy9vcGVyYXRpb25SZXN1bHRzL2QyZTQzZTM1LTU1YTMtNDM0NS04YWIxLTljMzVmZmM2MjhjNz9hcGktdmVyc2lvbj0yMDE4LTA5LTA3LXByZXZpZXc=",
      "RequestMethod": "GET",
      "RequestBody": "",
      "RequestHeaders": {
        "User-Agent": [
          "FxVersion/4.6.27019.06",
          "OSName/Windows",
          "OSVersion/Microsoft.Windows.10.0.17763.",
          "Microsoft.Azure.Management.Kusto.KustoManagementClient/0.9.0.0"
        ]
      },
      "ResponseHeaders": {
        "Cache-Control": [
          "no-cache"
        ],
        "Pragma": [
          "no-cache"
        ],
        "Vary": [
          "Accept-Encoding"
        ],
        "x-ms-ratelimit-remaining-subscription-resource-requests": [
          "288"
        ],
        "x-ms-request-id": [
          "c37b43f8-b176-446e-93c5-c62c1488f40d"
        ],
        "Set-Cookie": [
          "ARRAffinity=feff4bb9075f81d2c76660b0f1646298084904ca249f0dc7ee8954d4b09d1a4f;Path=/;HttpOnly;Domain=rp-kustorpwus-website.azurewebsites.net"
        ],
        "X-Powered-By": [
          "ASP.NET"
        ],
        "x-ms-correlation-request-id": [
          "51c01c41-8f6a-48f3-9feb-1849f98350be"
        ],
        "x-ms-routing-request-id": [
          "UKSOUTH:20190125T122705Z:51c01c41-8f6a-48f3-9feb-1849f98350be"
        ],
        "Strict-Transport-Security": [
          "max-age=31536000; includeSubDomains"
        ],
        "X-Content-Type-Options": [
          "nosniff"
        ],
        "Date": [
          "Fri, 25 Jan 2019 12:27:05 GMT"
        ],
        "Content-Length": [
          "462"
        ],
        "Content-Type": [
          "application/json; charset=utf-8"
        ],
        "Expires": [
          "-1"
        ]
      },
      "ResponseBody": "{\r\n  \"id\": \"/subscriptions/11d5f159-a21d-4a6c-8053-c3aae30057cf/providers/Microsoft.Kusto/locations/West US/operationresults/d2e43e35-55a3-4345-8ab1-9c35ffc628c7\",\r\n  \"name\": \"d2e43e35-55a3-4345-8ab1-9c35ffc628c7\",\r\n  \"status\": \"Running\",\r\n  \"startTime\": \"2019-01-25T12:20:59.4061596Z\",\r\n  \"endTime\": \"2019-01-25T12:20:59.4061596Z\",\r\n  \"percentComplete\": 0.5,\r\n  \"properties\": {\r\n    \"OperationKind\": \"ClusterCreate\",\r\n    \"RootActivityId\": \"3f0b97f2-c760-4a72-8907-5f40096522df\",\r\n    \"provisioningState\": \"Running\"\r\n  }\r\n}",
      "StatusCode": 200
    },
    {
      "RequestUri": "/subscriptions/11d5f159-a21d-4a6c-8053-c3aae30057cf/providers/Microsoft.Kusto/locations/West%20US/operationResults/d2e43e35-55a3-4345-8ab1-9c35ffc628c7?api-version=2018-09-07-preview",
      "EncodedRequestUri": "L3N1YnNjcmlwdGlvbnMvMTFkNWYxNTktYTIxZC00YTZjLTgwNTMtYzNhYWUzMDA1N2NmL3Byb3ZpZGVycy9NaWNyb3NvZnQuS3VzdG8vbG9jYXRpb25zL1dlc3QlMjBVUy9vcGVyYXRpb25SZXN1bHRzL2QyZTQzZTM1LTU1YTMtNDM0NS04YWIxLTljMzVmZmM2MjhjNz9hcGktdmVyc2lvbj0yMDE4LTA5LTA3LXByZXZpZXc=",
      "RequestMethod": "GET",
      "RequestBody": "",
      "RequestHeaders": {
        "User-Agent": [
          "FxVersion/4.6.27019.06",
          "OSName/Windows",
          "OSVersion/Microsoft.Windows.10.0.17763.",
          "Microsoft.Azure.Management.Kusto.KustoManagementClient/0.9.0.0"
        ]
      },
      "ResponseHeaders": {
        "Cache-Control": [
          "no-cache"
        ],
        "Pragma": [
          "no-cache"
        ],
        "Vary": [
          "Accept-Encoding"
        ],
        "x-ms-ratelimit-remaining-subscription-resource-requests": [
          "287"
        ],
        "x-ms-request-id": [
          "5849403c-5048-476f-ad0d-1333de74726c"
        ],
        "Set-Cookie": [
          "ARRAffinity=feff4bb9075f81d2c76660b0f1646298084904ca249f0dc7ee8954d4b09d1a4f;Path=/;HttpOnly;Domain=rp-kustorpwus-website.azurewebsites.net"
        ],
        "X-Powered-By": [
          "ASP.NET"
        ],
        "x-ms-correlation-request-id": [
          "b50e4bc0-8d46-482f-899f-e2b7389c22fc"
        ],
        "x-ms-routing-request-id": [
          "UKSOUTH:20190125T122735Z:b50e4bc0-8d46-482f-899f-e2b7389c22fc"
        ],
        "Strict-Transport-Security": [
          "max-age=31536000; includeSubDomains"
        ],
        "X-Content-Type-Options": [
          "nosniff"
        ],
        "Date": [
          "Fri, 25 Jan 2019 12:27:35 GMT"
        ],
        "Content-Length": [
          "462"
        ],
        "Content-Type": [
          "application/json; charset=utf-8"
        ],
        "Expires": [
          "-1"
        ]
      },
      "ResponseBody": "{\r\n  \"id\": \"/subscriptions/11d5f159-a21d-4a6c-8053-c3aae30057cf/providers/Microsoft.Kusto/locations/West US/operationresults/d2e43e35-55a3-4345-8ab1-9c35ffc628c7\",\r\n  \"name\": \"d2e43e35-55a3-4345-8ab1-9c35ffc628c7\",\r\n  \"status\": \"Running\",\r\n  \"startTime\": \"2019-01-25T12:20:59.4061596Z\",\r\n  \"endTime\": \"2019-01-25T12:20:59.4061596Z\",\r\n  \"percentComplete\": 0.5,\r\n  \"properties\": {\r\n    \"OperationKind\": \"ClusterCreate\",\r\n    \"RootActivityId\": \"3f0b97f2-c760-4a72-8907-5f40096522df\",\r\n    \"provisioningState\": \"Running\"\r\n  }\r\n}",
      "StatusCode": 200
    },
    {
      "RequestUri": "/subscriptions/11d5f159-a21d-4a6c-8053-c3aae30057cf/providers/Microsoft.Kusto/locations/West%20US/operationResults/d2e43e35-55a3-4345-8ab1-9c35ffc628c7?api-version=2018-09-07-preview",
      "EncodedRequestUri": "L3N1YnNjcmlwdGlvbnMvMTFkNWYxNTktYTIxZC00YTZjLTgwNTMtYzNhYWUzMDA1N2NmL3Byb3ZpZGVycy9NaWNyb3NvZnQuS3VzdG8vbG9jYXRpb25zL1dlc3QlMjBVUy9vcGVyYXRpb25SZXN1bHRzL2QyZTQzZTM1LTU1YTMtNDM0NS04YWIxLTljMzVmZmM2MjhjNz9hcGktdmVyc2lvbj0yMDE4LTA5LTA3LXByZXZpZXc=",
      "RequestMethod": "GET",
      "RequestBody": "",
      "RequestHeaders": {
        "User-Agent": [
          "FxVersion/4.6.27019.06",
          "OSName/Windows",
          "OSVersion/Microsoft.Windows.10.0.17763.",
          "Microsoft.Azure.Management.Kusto.KustoManagementClient/0.9.0.0"
        ]
      },
      "ResponseHeaders": {
        "Cache-Control": [
          "no-cache"
        ],
        "Pragma": [
          "no-cache"
        ],
        "Vary": [
          "Accept-Encoding"
        ],
        "x-ms-ratelimit-remaining-subscription-resource-requests": [
          "286"
        ],
        "x-ms-request-id": [
          "84f0b16a-66c9-47e2-84ed-4d67b6964b6f"
        ],
        "Set-Cookie": [
          "ARRAffinity=feff4bb9075f81d2c76660b0f1646298084904ca249f0dc7ee8954d4b09d1a4f;Path=/;HttpOnly;Domain=rp-kustorpwus-website.azurewebsites.net"
        ],
        "X-Powered-By": [
          "ASP.NET"
        ],
        "x-ms-correlation-request-id": [
          "a8ad246f-d127-4bba-822c-0d93ca2420fe"
        ],
        "x-ms-routing-request-id": [
          "UKSOUTH:20190125T122806Z:a8ad246f-d127-4bba-822c-0d93ca2420fe"
        ],
        "Strict-Transport-Security": [
          "max-age=31536000; includeSubDomains"
        ],
        "X-Content-Type-Options": [
          "nosniff"
        ],
        "Date": [
          "Fri, 25 Jan 2019 12:28:05 GMT"
        ],
        "Content-Length": [
          "462"
        ],
        "Content-Type": [
          "application/json; charset=utf-8"
        ],
        "Expires": [
          "-1"
        ]
      },
      "ResponseBody": "{\r\n  \"id\": \"/subscriptions/11d5f159-a21d-4a6c-8053-c3aae30057cf/providers/Microsoft.Kusto/locations/West US/operationresults/d2e43e35-55a3-4345-8ab1-9c35ffc628c7\",\r\n  \"name\": \"d2e43e35-55a3-4345-8ab1-9c35ffc628c7\",\r\n  \"status\": \"Running\",\r\n  \"startTime\": \"2019-01-25T12:20:59.4061596Z\",\r\n  \"endTime\": \"2019-01-25T12:20:59.4061596Z\",\r\n  \"percentComplete\": 0.5,\r\n  \"properties\": {\r\n    \"OperationKind\": \"ClusterCreate\",\r\n    \"RootActivityId\": \"3f0b97f2-c760-4a72-8907-5f40096522df\",\r\n    \"provisioningState\": \"Running\"\r\n  }\r\n}",
      "StatusCode": 200
    },
    {
      "RequestUri": "/subscriptions/11d5f159-a21d-4a6c-8053-c3aae30057cf/providers/Microsoft.Kusto/locations/West%20US/operationResults/d2e43e35-55a3-4345-8ab1-9c35ffc628c7?api-version=2018-09-07-preview",
      "EncodedRequestUri": "L3N1YnNjcmlwdGlvbnMvMTFkNWYxNTktYTIxZC00YTZjLTgwNTMtYzNhYWUzMDA1N2NmL3Byb3ZpZGVycy9NaWNyb3NvZnQuS3VzdG8vbG9jYXRpb25zL1dlc3QlMjBVUy9vcGVyYXRpb25SZXN1bHRzL2QyZTQzZTM1LTU1YTMtNDM0NS04YWIxLTljMzVmZmM2MjhjNz9hcGktdmVyc2lvbj0yMDE4LTA5LTA3LXByZXZpZXc=",
      "RequestMethod": "GET",
      "RequestBody": "",
      "RequestHeaders": {
        "User-Agent": [
          "FxVersion/4.6.27019.06",
          "OSName/Windows",
          "OSVersion/Microsoft.Windows.10.0.17763.",
          "Microsoft.Azure.Management.Kusto.KustoManagementClient/0.9.0.0"
        ]
      },
      "ResponseHeaders": {
        "Cache-Control": [
          "no-cache"
        ],
        "Pragma": [
          "no-cache"
        ],
        "Vary": [
          "Accept-Encoding"
        ],
        "x-ms-correlation-request-id": [
          "6c2267f1-b49b-47f0-81d6-3890d5904a6b"
        ],
        "x-ms-request-id": [
          "e884c6d6-df4b-43f0-973b-ad34c69a4890"
        ],
        "x-ms-ratelimit-remaining-subscription-resource-requests": [
          "285"
        ],
        "Set-Cookie": [
          "ARRAffinity=feff4bb9075f81d2c76660b0f1646298084904ca249f0dc7ee8954d4b09d1a4f;Path=/;HttpOnly;Domain=rp-kustorpwus-website.azurewebsites.net"
        ],
        "X-Powered-By": [
          "ASP.NET"
        ],
        "x-ms-routing-request-id": [
          "UKSOUTH:20190125T122836Z:6c2267f1-b49b-47f0-81d6-3890d5904a6b"
        ],
        "Strict-Transport-Security": [
          "max-age=31536000; includeSubDomains"
        ],
        "X-Content-Type-Options": [
          "nosniff"
        ],
        "Date": [
          "Fri, 25 Jan 2019 12:28:35 GMT"
        ],
        "Content-Length": [
          "462"
        ],
        "Content-Type": [
          "application/json; charset=utf-8"
        ],
        "Expires": [
          "-1"
        ]
      },
      "ResponseBody": "{\r\n  \"id\": \"/subscriptions/11d5f159-a21d-4a6c-8053-c3aae30057cf/providers/Microsoft.Kusto/locations/West US/operationresults/d2e43e35-55a3-4345-8ab1-9c35ffc628c7\",\r\n  \"name\": \"d2e43e35-55a3-4345-8ab1-9c35ffc628c7\",\r\n  \"status\": \"Running\",\r\n  \"startTime\": \"2019-01-25T12:20:59.4061596Z\",\r\n  \"endTime\": \"2019-01-25T12:20:59.4061596Z\",\r\n  \"percentComplete\": 0.5,\r\n  \"properties\": {\r\n    \"OperationKind\": \"ClusterCreate\",\r\n    \"RootActivityId\": \"3f0b97f2-c760-4a72-8907-5f40096522df\",\r\n    \"provisioningState\": \"Running\"\r\n  }\r\n}",
      "StatusCode": 200
    },
    {
      "RequestUri": "/subscriptions/11d5f159-a21d-4a6c-8053-c3aae30057cf/providers/Microsoft.Kusto/locations/West%20US/operationResults/d2e43e35-55a3-4345-8ab1-9c35ffc628c7?api-version=2018-09-07-preview",
      "EncodedRequestUri": "L3N1YnNjcmlwdGlvbnMvMTFkNWYxNTktYTIxZC00YTZjLTgwNTMtYzNhYWUzMDA1N2NmL3Byb3ZpZGVycy9NaWNyb3NvZnQuS3VzdG8vbG9jYXRpb25zL1dlc3QlMjBVUy9vcGVyYXRpb25SZXN1bHRzL2QyZTQzZTM1LTU1YTMtNDM0NS04YWIxLTljMzVmZmM2MjhjNz9hcGktdmVyc2lvbj0yMDE4LTA5LTA3LXByZXZpZXc=",
      "RequestMethod": "GET",
      "RequestBody": "",
      "RequestHeaders": {
        "User-Agent": [
          "FxVersion/4.6.27019.06",
          "OSName/Windows",
          "OSVersion/Microsoft.Windows.10.0.17763.",
          "Microsoft.Azure.Management.Kusto.KustoManagementClient/0.9.0.0"
        ]
      },
      "ResponseHeaders": {
        "Cache-Control": [
          "no-cache"
        ],
        "Pragma": [
          "no-cache"
        ],
        "Vary": [
          "Accept-Encoding"
        ],
        "x-ms-ratelimit-remaining-subscription-resource-requests": [
          "284"
        ],
        "x-ms-request-id": [
          "79508660-df49-4f01-a903-6a0e3d952542"
        ],
        "Set-Cookie": [
          "ARRAffinity=feff4bb9075f81d2c76660b0f1646298084904ca249f0dc7ee8954d4b09d1a4f;Path=/;HttpOnly;Domain=rp-kustorpwus-website.azurewebsites.net"
        ],
        "X-Powered-By": [
          "ASP.NET"
        ],
        "x-ms-correlation-request-id": [
          "7f54261c-4bb0-44a4-9718-ad259fdfa5e2"
        ],
        "x-ms-routing-request-id": [
          "UKSOUTH:20190125T122907Z:7f54261c-4bb0-44a4-9718-ad259fdfa5e2"
        ],
        "Strict-Transport-Security": [
          "max-age=31536000; includeSubDomains"
        ],
        "X-Content-Type-Options": [
          "nosniff"
        ],
        "Date": [
          "Fri, 25 Jan 2019 12:29:06 GMT"
        ],
        "Content-Length": [
          "466"
        ],
        "Content-Type": [
          "application/json; charset=utf-8"
        ],
        "Expires": [
          "-1"
        ]
      },
      "ResponseBody": "{\r\n  \"id\": \"/subscriptions/11d5f159-a21d-4a6c-8053-c3aae30057cf/providers/Microsoft.Kusto/locations/West US/operationresults/d2e43e35-55a3-4345-8ab1-9c35ffc628c7\",\r\n  \"name\": \"d2e43e35-55a3-4345-8ab1-9c35ffc628c7\",\r\n  \"status\": \"Succeeded\",\r\n  \"startTime\": \"2019-01-25T12:20:59.4061596Z\",\r\n  \"endTime\": \"2019-01-25T12:29:02.9427448Z\",\r\n  \"percentComplete\": 1.0,\r\n  \"properties\": {\r\n    \"OperationKind\": \"ClusterCreate\",\r\n    \"RootActivityId\": \"3f0b97f2-c760-4a72-8907-5f40096522df\",\r\n    \"provisioningState\": \"Succeeded\"\r\n  }\r\n}",
      "StatusCode": 200
    },
    {
      "RequestUri": "/subscriptions/11d5f159-a21d-4a6c-8053-c3aae30057cf/resourceGroups/ps9365/providers/Microsoft.Kusto/clusters/ps5105?api-version=2018-09-07-preview",
      "EncodedRequestUri": "L3N1YnNjcmlwdGlvbnMvMTFkNWYxNTktYTIxZC00YTZjLTgwNTMtYzNhYWUzMDA1N2NmL3Jlc291cmNlR3JvdXBzL3BzOTM2NS9wcm92aWRlcnMvTWljcm9zb2Z0Lkt1c3RvL2NsdXN0ZXJzL3BzNTEwNT9hcGktdmVyc2lvbj0yMDE4LTA5LTA3LXByZXZpZXc=",
      "RequestMethod": "DELETE",
      "RequestBody": "",
      "RequestHeaders": {
        "x-ms-client-request-id": [
          "07c464d4-7b06-42de-ac07-7d8f11d598ae"
        ],
        "Accept-Language": [
          "en-US"
        ],
        "User-Agent": [
          "FxVersion/4.6.27019.06",
          "OSName/Windows",
          "OSVersion/Microsoft.Windows.10.0.17763.",
          "Microsoft.Azure.Management.Kusto.KustoManagementClient/0.9.0.0"
        ]
      },
      "ResponseHeaders": {
        "Cache-Control": [
          "no-cache"
        ],
        "Pragma": [
          "no-cache"
        ],
        "Location": [
          "https://management.azure.com/subscriptions/11d5f159-a21d-4a6c-8053-c3aae30057cf/providers/Microsoft.Kusto/locations/West%20US/operationResults/1cd47922-39ec-4575-931b-119088653915?api-version=2018-09-07-preview&operationResultResponseType=Location"
        ],
        "Azure-AsyncOperation": [
          "https://management.azure.com/subscriptions/11d5f159-a21d-4a6c-8053-c3aae30057cf/providers/Microsoft.Kusto/locations/West US/operationResults/1cd47922-39ec-4575-931b-119088653915?api-version=2018-09-07-preview"
        ],
        "Set-Cookie": [
          "ARRAffinity=feff4bb9075f81d2c76660b0f1646298084904ca249f0dc7ee8954d4b09d1a4f;Path=/;HttpOnly;Domain=rp-kustorpwus-website.azurewebsites.net"
        ],
        "X-Powered-By": [
          "ASP.NET"
        ],
        "x-ms-ratelimit-remaining-subscription-deletes": [
          "14999"
        ],
        "x-ms-request-id": [
          "b0bf6142-c23e-41f3-8084-2fa0849827fd"
        ],
        "x-ms-correlation-request-id": [
          "b0bf6142-c23e-41f3-8084-2fa0849827fd"
        ],
        "x-ms-routing-request-id": [
          "UKSOUTH:20190125T122910Z:b0bf6142-c23e-41f3-8084-2fa0849827fd"
        ],
        "Strict-Transport-Security": [
          "max-age=31536000; includeSubDomains"
        ],
        "X-Content-Type-Options": [
          "nosniff"
        ],
        "Date": [
          "Fri, 25 Jan 2019 12:29:09 GMT"
        ],
        "Expires": [
          "-1"
        ],
        "Content-Length": [
          "0"
        ]
      },
      "ResponseBody": "",
      "StatusCode": 202
    },
    {
      "RequestUri": "/subscriptions/11d5f159-a21d-4a6c-8053-c3aae30057cf/providers/Microsoft.Kusto/locations/West%20US/operationResults/1cd47922-39ec-4575-931b-119088653915?api-version=2018-09-07-preview",
      "EncodedRequestUri": "L3N1YnNjcmlwdGlvbnMvMTFkNWYxNTktYTIxZC00YTZjLTgwNTMtYzNhYWUzMDA1N2NmL3Byb3ZpZGVycy9NaWNyb3NvZnQuS3VzdG8vbG9jYXRpb25zL1dlc3QlMjBVUy9vcGVyYXRpb25SZXN1bHRzLzFjZDQ3OTIyLTM5ZWMtNDU3NS05MzFiLTExOTA4ODY1MzkxNT9hcGktdmVyc2lvbj0yMDE4LTA5LTA3LXByZXZpZXc=",
      "RequestMethod": "GET",
      "RequestBody": "",
      "RequestHeaders": {
        "User-Agent": [
          "FxVersion/4.6.27019.06",
          "OSName/Windows",
          "OSVersion/Microsoft.Windows.10.0.17763.",
          "Microsoft.Azure.Management.Kusto.KustoManagementClient/0.9.0.0"
        ]
      },
      "ResponseHeaders": {
        "Cache-Control": [
          "no-cache"
        ],
        "Pragma": [
          "no-cache"
        ],
        "Vary": [
          "Accept-Encoding"
        ],
        "x-ms-ratelimit-remaining-subscription-resource-requests": [
          "283"
        ],
        "x-ms-request-id": [
          "67c6b7ae-1a0c-4178-8ba2-9a3eb4b9d458"
        ],
        "Set-Cookie": [
          "ARRAffinity=feff4bb9075f81d2c76660b0f1646298084904ca249f0dc7ee8954d4b09d1a4f;Path=/;HttpOnly;Domain=rp-kustorpwus-website.azurewebsites.net"
        ],
        "X-Powered-By": [
          "ASP.NET"
        ],
        "x-ms-correlation-request-id": [
          "2b143313-e22d-4091-899a-005fb1fdb44b"
        ],
        "x-ms-routing-request-id": [
          "UKSOUTH:20190125T122940Z:2b143313-e22d-4091-899a-005fb1fdb44b"
        ],
        "Strict-Transport-Security": [
          "max-age=31536000; includeSubDomains"
        ],
        "X-Content-Type-Options": [
          "nosniff"
        ],
        "Date": [
          "Fri, 25 Jan 2019 12:29:39 GMT"
        ],
        "Content-Length": [
          "460"
        ],
        "Content-Type": [
          "application/json; charset=utf-8"
        ],
        "Expires": [
          "-1"
        ]
      },
      "ResponseBody": "{\r\n  \"id\": \"/subscriptions/11d5f159-a21d-4a6c-8053-c3aae30057cf/providers/Microsoft.Kusto/locations/West US/operationresults/1cd47922-39ec-4575-931b-119088653915\",\r\n  \"name\": \"1cd47922-39ec-4575-931b-119088653915\",\r\n  \"status\": \"Running\",\r\n  \"startTime\": \"2019-01-25T12:29:10.067749Z\",\r\n  \"endTime\": \"2019-01-25T12:29:10.067749Z\",\r\n  \"percentComplete\": 0.5,\r\n  \"properties\": {\r\n    \"OperationKind\": \"ClusterDelete\",\r\n    \"RootActivityId\": \"871eb0dc-6f7e-48e5-83c0-098dd3ad3ae6\",\r\n    \"provisioningState\": \"Running\"\r\n  }\r\n}",
      "StatusCode": 200
    },
    {
      "RequestUri": "/subscriptions/11d5f159-a21d-4a6c-8053-c3aae30057cf/providers/Microsoft.Kusto/locations/West%20US/operationResults/1cd47922-39ec-4575-931b-119088653915?api-version=2018-09-07-preview",
      "EncodedRequestUri": "L3N1YnNjcmlwdGlvbnMvMTFkNWYxNTktYTIxZC00YTZjLTgwNTMtYzNhYWUzMDA1N2NmL3Byb3ZpZGVycy9NaWNyb3NvZnQuS3VzdG8vbG9jYXRpb25zL1dlc3QlMjBVUy9vcGVyYXRpb25SZXN1bHRzLzFjZDQ3OTIyLTM5ZWMtNDU3NS05MzFiLTExOTA4ODY1MzkxNT9hcGktdmVyc2lvbj0yMDE4LTA5LTA3LXByZXZpZXc=",
      "RequestMethod": "GET",
      "RequestBody": "",
      "RequestHeaders": {
        "User-Agent": [
          "FxVersion/4.6.27019.06",
          "OSName/Windows",
          "OSVersion/Microsoft.Windows.10.0.17763.",
          "Microsoft.Azure.Management.Kusto.KustoManagementClient/0.9.0.0"
        ]
      },
      "ResponseHeaders": {
        "Cache-Control": [
          "no-cache"
        ],
        "Pragma": [
          "no-cache"
        ],
        "Vary": [
          "Accept-Encoding"
        ],
        "x-ms-ratelimit-remaining-subscription-resource-requests": [
          "289"
        ],
        "x-ms-request-id": [
          "f68aa498-b680-450c-83bf-5c7ede1bacbc"
        ],
        "Set-Cookie": [
          "ARRAffinity=feff4bb9075f81d2c76660b0f1646298084904ca249f0dc7ee8954d4b09d1a4f;Path=/;HttpOnly;Domain=rp-kustorpwus-website.azurewebsites.net"
        ],
        "X-Powered-By": [
          "ASP.NET"
        ],
        "x-ms-correlation-request-id": [
          "90f47898-f2a3-4ecb-b741-4f0c5238556d"
        ],
        "x-ms-routing-request-id": [
          "UKSOUTH:20190125T123010Z:90f47898-f2a3-4ecb-b741-4f0c5238556d"
        ],
        "Strict-Transport-Security": [
          "max-age=31536000; includeSubDomains"
        ],
        "X-Content-Type-Options": [
          "nosniff"
        ],
        "Date": [
          "Fri, 25 Jan 2019 12:30:10 GMT"
        ],
        "Content-Length": [
          "460"
        ],
        "Content-Type": [
          "application/json; charset=utf-8"
        ],
        "Expires": [
          "-1"
        ]
      },
      "ResponseBody": "{\r\n  \"id\": \"/subscriptions/11d5f159-a21d-4a6c-8053-c3aae30057cf/providers/Microsoft.Kusto/locations/West US/operationresults/1cd47922-39ec-4575-931b-119088653915\",\r\n  \"name\": \"1cd47922-39ec-4575-931b-119088653915\",\r\n  \"status\": \"Running\",\r\n  \"startTime\": \"2019-01-25T12:29:10.067749Z\",\r\n  \"endTime\": \"2019-01-25T12:29:10.067749Z\",\r\n  \"percentComplete\": 0.5,\r\n  \"properties\": {\r\n    \"OperationKind\": \"ClusterDelete\",\r\n    \"RootActivityId\": \"871eb0dc-6f7e-48e5-83c0-098dd3ad3ae6\",\r\n    \"provisioningState\": \"Running\"\r\n  }\r\n}",
      "StatusCode": 200
    },
    {
      "RequestUri": "/subscriptions/11d5f159-a21d-4a6c-8053-c3aae30057cf/providers/Microsoft.Kusto/locations/West%20US/operationResults/1cd47922-39ec-4575-931b-119088653915?api-version=2018-09-07-preview",
      "EncodedRequestUri": "L3N1YnNjcmlwdGlvbnMvMTFkNWYxNTktYTIxZC00YTZjLTgwNTMtYzNhYWUzMDA1N2NmL3Byb3ZpZGVycy9NaWNyb3NvZnQuS3VzdG8vbG9jYXRpb25zL1dlc3QlMjBVUy9vcGVyYXRpb25SZXN1bHRzLzFjZDQ3OTIyLTM5ZWMtNDU3NS05MzFiLTExOTA4ODY1MzkxNT9hcGktdmVyc2lvbj0yMDE4LTA5LTA3LXByZXZpZXc=",
      "RequestMethod": "GET",
      "RequestBody": "",
      "RequestHeaders": {
        "User-Agent": [
          "FxVersion/4.6.27019.06",
          "OSName/Windows",
          "OSVersion/Microsoft.Windows.10.0.17763.",
          "Microsoft.Azure.Management.Kusto.KustoManagementClient/0.9.0.0"
        ]
      },
      "ResponseHeaders": {
        "Cache-Control": [
          "no-cache"
        ],
        "Pragma": [
          "no-cache"
        ],
        "Vary": [
          "Accept-Encoding"
        ],
        "x-ms-correlation-request-id": [
          "2bfab240-f9ab-4147-9386-c04a4580d936"
        ],
        "x-ms-request-id": [
          "941e3a59-7549-4de3-a61a-01295b00aa20"
        ],
        "x-ms-ratelimit-remaining-subscription-resource-requests": [
          "288"
        ],
        "Set-Cookie": [
          "ARRAffinity=feff4bb9075f81d2c76660b0f1646298084904ca249f0dc7ee8954d4b09d1a4f;Path=/;HttpOnly;Domain=rp-kustorpwus-website.azurewebsites.net"
        ],
        "X-Powered-By": [
          "ASP.NET"
        ],
        "x-ms-routing-request-id": [
          "UKSOUTH:20190125T123040Z:2bfab240-f9ab-4147-9386-c04a4580d936"
        ],
        "Strict-Transport-Security": [
          "max-age=31536000; includeSubDomains"
        ],
        "X-Content-Type-Options": [
          "nosniff"
        ],
        "Date": [
          "Fri, 25 Jan 2019 12:30:40 GMT"
        ],
        "Content-Length": [
          "460"
        ],
        "Content-Type": [
          "application/json; charset=utf-8"
        ],
        "Expires": [
          "-1"
        ]
      },
      "ResponseBody": "{\r\n  \"id\": \"/subscriptions/11d5f159-a21d-4a6c-8053-c3aae30057cf/providers/Microsoft.Kusto/locations/West US/operationresults/1cd47922-39ec-4575-931b-119088653915\",\r\n  \"name\": \"1cd47922-39ec-4575-931b-119088653915\",\r\n  \"status\": \"Running\",\r\n  \"startTime\": \"2019-01-25T12:29:10.067749Z\",\r\n  \"endTime\": \"2019-01-25T12:29:10.067749Z\",\r\n  \"percentComplete\": 0.5,\r\n  \"properties\": {\r\n    \"OperationKind\": \"ClusterDelete\",\r\n    \"RootActivityId\": \"871eb0dc-6f7e-48e5-83c0-098dd3ad3ae6\",\r\n    \"provisioningState\": \"Running\"\r\n  }\r\n}",
      "StatusCode": 200
    },
    {
      "RequestUri": "/subscriptions/11d5f159-a21d-4a6c-8053-c3aae30057cf/providers/Microsoft.Kusto/locations/West%20US/operationResults/1cd47922-39ec-4575-931b-119088653915?api-version=2018-09-07-preview",
      "EncodedRequestUri": "L3N1YnNjcmlwdGlvbnMvMTFkNWYxNTktYTIxZC00YTZjLTgwNTMtYzNhYWUzMDA1N2NmL3Byb3ZpZGVycy9NaWNyb3NvZnQuS3VzdG8vbG9jYXRpb25zL1dlc3QlMjBVUy9vcGVyYXRpb25SZXN1bHRzLzFjZDQ3OTIyLTM5ZWMtNDU3NS05MzFiLTExOTA4ODY1MzkxNT9hcGktdmVyc2lvbj0yMDE4LTA5LTA3LXByZXZpZXc=",
      "RequestMethod": "GET",
      "RequestBody": "",
      "RequestHeaders": {
        "User-Agent": [
          "FxVersion/4.6.27019.06",
          "OSName/Windows",
          "OSVersion/Microsoft.Windows.10.0.17763.",
          "Microsoft.Azure.Management.Kusto.KustoManagementClient/0.9.0.0"
        ]
      },
      "ResponseHeaders": {
        "Cache-Control": [
          "no-cache"
        ],
        "Pragma": [
          "no-cache"
        ],
        "Vary": [
          "Accept-Encoding"
        ],
        "x-ms-ratelimit-remaining-subscription-resource-requests": [
          "287"
        ],
        "x-ms-request-id": [
          "3c1b0bc5-2850-4ff2-9d22-d1524d38d6c1"
        ],
        "Set-Cookie": [
          "ARRAffinity=feff4bb9075f81d2c76660b0f1646298084904ca249f0dc7ee8954d4b09d1a4f;Path=/;HttpOnly;Domain=rp-kustorpwus-website.azurewebsites.net"
        ],
        "X-Powered-By": [
          "ASP.NET"
        ],
        "x-ms-correlation-request-id": [
          "00e93608-dd73-4921-81e7-6446c8561d42"
        ],
        "x-ms-routing-request-id": [
          "UKSOUTH:20190125T123111Z:00e93608-dd73-4921-81e7-6446c8561d42"
        ],
        "Strict-Transport-Security": [
          "max-age=31536000; includeSubDomains"
        ],
        "X-Content-Type-Options": [
          "nosniff"
        ],
        "Date": [
          "Fri, 25 Jan 2019 12:31:11 GMT"
        ],
        "Content-Length": [
          "460"
        ],
        "Content-Type": [
          "application/json; charset=utf-8"
        ],
        "Expires": [
          "-1"
        ]
      },
      "ResponseBody": "{\r\n  \"id\": \"/subscriptions/11d5f159-a21d-4a6c-8053-c3aae30057cf/providers/Microsoft.Kusto/locations/West US/operationresults/1cd47922-39ec-4575-931b-119088653915\",\r\n  \"name\": \"1cd47922-39ec-4575-931b-119088653915\",\r\n  \"status\": \"Running\",\r\n  \"startTime\": \"2019-01-25T12:29:10.067749Z\",\r\n  \"endTime\": \"2019-01-25T12:29:10.067749Z\",\r\n  \"percentComplete\": 0.5,\r\n  \"properties\": {\r\n    \"OperationKind\": \"ClusterDelete\",\r\n    \"RootActivityId\": \"871eb0dc-6f7e-48e5-83c0-098dd3ad3ae6\",\r\n    \"provisioningState\": \"Running\"\r\n  }\r\n}",
      "StatusCode": 200
    },
    {
      "RequestUri": "/subscriptions/11d5f159-a21d-4a6c-8053-c3aae30057cf/providers/Microsoft.Kusto/locations/West%20US/operationResults/1cd47922-39ec-4575-931b-119088653915?api-version=2018-09-07-preview",
      "EncodedRequestUri": "L3N1YnNjcmlwdGlvbnMvMTFkNWYxNTktYTIxZC00YTZjLTgwNTMtYzNhYWUzMDA1N2NmL3Byb3ZpZGVycy9NaWNyb3NvZnQuS3VzdG8vbG9jYXRpb25zL1dlc3QlMjBVUy9vcGVyYXRpb25SZXN1bHRzLzFjZDQ3OTIyLTM5ZWMtNDU3NS05MzFiLTExOTA4ODY1MzkxNT9hcGktdmVyc2lvbj0yMDE4LTA5LTA3LXByZXZpZXc=",
      "RequestMethod": "GET",
      "RequestBody": "",
      "RequestHeaders": {
        "User-Agent": [
          "FxVersion/4.6.27019.06",
          "OSName/Windows",
          "OSVersion/Microsoft.Windows.10.0.17763.",
          "Microsoft.Azure.Management.Kusto.KustoManagementClient/0.9.0.0"
        ]
      },
      "ResponseHeaders": {
        "Cache-Control": [
          "no-cache"
        ],
        "Pragma": [
          "no-cache"
        ],
        "Vary": [
          "Accept-Encoding"
        ],
        "x-ms-ratelimit-remaining-subscription-resource-requests": [
          "286"
        ],
        "x-ms-request-id": [
          "ea674e22-dccc-475b-97a0-df079f31ae5e"
        ],
        "Set-Cookie": [
          "ARRAffinity=feff4bb9075f81d2c76660b0f1646298084904ca249f0dc7ee8954d4b09d1a4f;Path=/;HttpOnly;Domain=rp-kustorpwus-website.azurewebsites.net"
        ],
        "X-Powered-By": [
          "ASP.NET"
        ],
        "x-ms-correlation-request-id": [
          "2a0bda59-ebf0-47d8-ba92-9ea65e41c70d"
        ],
        "x-ms-routing-request-id": [
          "UKSOUTH:20190125T123142Z:2a0bda59-ebf0-47d8-ba92-9ea65e41c70d"
        ],
        "Strict-Transport-Security": [
          "max-age=31536000; includeSubDomains"
        ],
        "X-Content-Type-Options": [
          "nosniff"
        ],
        "Date": [
          "Fri, 25 Jan 2019 12:31:42 GMT"
        ],
        "Content-Length": [
          "460"
        ],
        "Content-Type": [
          "application/json; charset=utf-8"
        ],
        "Expires": [
          "-1"
        ]
      },
      "ResponseBody": "{\r\n  \"id\": \"/subscriptions/11d5f159-a21d-4a6c-8053-c3aae30057cf/providers/Microsoft.Kusto/locations/West US/operationresults/1cd47922-39ec-4575-931b-119088653915\",\r\n  \"name\": \"1cd47922-39ec-4575-931b-119088653915\",\r\n  \"status\": \"Running\",\r\n  \"startTime\": \"2019-01-25T12:29:10.067749Z\",\r\n  \"endTime\": \"2019-01-25T12:29:10.067749Z\",\r\n  \"percentComplete\": 0.5,\r\n  \"properties\": {\r\n    \"OperationKind\": \"ClusterDelete\",\r\n    \"RootActivityId\": \"871eb0dc-6f7e-48e5-83c0-098dd3ad3ae6\",\r\n    \"provisioningState\": \"Running\"\r\n  }\r\n}",
      "StatusCode": 200
    },
    {
      "RequestUri": "/subscriptions/11d5f159-a21d-4a6c-8053-c3aae30057cf/providers/Microsoft.Kusto/locations/West%20US/operationResults/1cd47922-39ec-4575-931b-119088653915?api-version=2018-09-07-preview",
      "EncodedRequestUri": "L3N1YnNjcmlwdGlvbnMvMTFkNWYxNTktYTIxZC00YTZjLTgwNTMtYzNhYWUzMDA1N2NmL3Byb3ZpZGVycy9NaWNyb3NvZnQuS3VzdG8vbG9jYXRpb25zL1dlc3QlMjBVUy9vcGVyYXRpb25SZXN1bHRzLzFjZDQ3OTIyLTM5ZWMtNDU3NS05MzFiLTExOTA4ODY1MzkxNT9hcGktdmVyc2lvbj0yMDE4LTA5LTA3LXByZXZpZXc=",
      "RequestMethod": "GET",
      "RequestBody": "",
      "RequestHeaders": {
        "User-Agent": [
          "FxVersion/4.6.27019.06",
          "OSName/Windows",
          "OSVersion/Microsoft.Windows.10.0.17763.",
          "Microsoft.Azure.Management.Kusto.KustoManagementClient/0.9.0.0"
        ]
      },
      "ResponseHeaders": {
        "Cache-Control": [
          "no-cache"
        ],
        "Pragma": [
          "no-cache"
        ],
        "Vary": [
          "Accept-Encoding"
        ],
        "x-ms-ratelimit-remaining-subscription-resource-requests": [
          "285"
        ],
        "x-ms-request-id": [
          "8f5545bb-d6fe-446d-8ed4-b0bccaa03e28"
        ],
        "Set-Cookie": [
          "ARRAffinity=feff4bb9075f81d2c76660b0f1646298084904ca249f0dc7ee8954d4b09d1a4f;Path=/;HttpOnly;Domain=rp-kustorpwus-website.azurewebsites.net"
        ],
        "X-Powered-By": [
          "ASP.NET"
        ],
        "x-ms-correlation-request-id": [
          "dbe1a49c-61fc-4961-b902-d259d2746eb9"
        ],
        "x-ms-routing-request-id": [
          "UKSOUTH:20190125T123212Z:dbe1a49c-61fc-4961-b902-d259d2746eb9"
        ],
        "Strict-Transport-Security": [
          "max-age=31536000; includeSubDomains"
        ],
        "X-Content-Type-Options": [
          "nosniff"
        ],
        "Date": [
          "Fri, 25 Jan 2019 12:32:11 GMT"
        ],
        "Content-Length": [
          "460"
        ],
        "Content-Type": [
          "application/json; charset=utf-8"
        ],
        "Expires": [
          "-1"
        ]
      },
      "ResponseBody": "{\r\n  \"id\": \"/subscriptions/11d5f159-a21d-4a6c-8053-c3aae30057cf/providers/Microsoft.Kusto/locations/West US/operationresults/1cd47922-39ec-4575-931b-119088653915\",\r\n  \"name\": \"1cd47922-39ec-4575-931b-119088653915\",\r\n  \"status\": \"Running\",\r\n  \"startTime\": \"2019-01-25T12:29:10.067749Z\",\r\n  \"endTime\": \"2019-01-25T12:29:10.067749Z\",\r\n  \"percentComplete\": 0.5,\r\n  \"properties\": {\r\n    \"OperationKind\": \"ClusterDelete\",\r\n    \"RootActivityId\": \"871eb0dc-6f7e-48e5-83c0-098dd3ad3ae6\",\r\n    \"provisioningState\": \"Running\"\r\n  }\r\n}",
      "StatusCode": 200
    },
    {
      "RequestUri": "/subscriptions/11d5f159-a21d-4a6c-8053-c3aae30057cf/providers/Microsoft.Kusto/locations/West%20US/operationResults/1cd47922-39ec-4575-931b-119088653915?api-version=2018-09-07-preview",
      "EncodedRequestUri": "L3N1YnNjcmlwdGlvbnMvMTFkNWYxNTktYTIxZC00YTZjLTgwNTMtYzNhYWUzMDA1N2NmL3Byb3ZpZGVycy9NaWNyb3NvZnQuS3VzdG8vbG9jYXRpb25zL1dlc3QlMjBVUy9vcGVyYXRpb25SZXN1bHRzLzFjZDQ3OTIyLTM5ZWMtNDU3NS05MzFiLTExOTA4ODY1MzkxNT9hcGktdmVyc2lvbj0yMDE4LTA5LTA3LXByZXZpZXc=",
      "RequestMethod": "GET",
      "RequestBody": "",
      "RequestHeaders": {
        "User-Agent": [
          "FxVersion/4.6.27019.06",
          "OSName/Windows",
          "OSVersion/Microsoft.Windows.10.0.17763.",
          "Microsoft.Azure.Management.Kusto.KustoManagementClient/0.9.0.0"
        ]
      },
      "ResponseHeaders": {
        "Cache-Control": [
          "no-cache"
        ],
        "Pragma": [
          "no-cache"
        ],
        "Vary": [
          "Accept-Encoding"
        ],
        "x-ms-ratelimit-remaining-subscription-resource-requests": [
          "299"
        ],
        "x-ms-request-id": [
          "bd6b3e7d-d858-4121-9409-d6110e04c6a8"
        ],
        "Set-Cookie": [
          "ARRAffinity=feff4bb9075f81d2c76660b0f1646298084904ca249f0dc7ee8954d4b09d1a4f;Path=/;HttpOnly;Domain=rp-kustorpwus-website.azurewebsites.net"
        ],
        "X-Powered-By": [
          "ASP.NET"
        ],
        "x-ms-correlation-request-id": [
          "acc79561-e9ed-41e4-a80e-e08a481769a2"
        ],
        "x-ms-routing-request-id": [
          "UKSOUTH:20190125T123243Z:acc79561-e9ed-41e4-a80e-e08a481769a2"
        ],
        "Strict-Transport-Security": [
          "max-age=31536000; includeSubDomains"
        ],
        "X-Content-Type-Options": [
          "nosniff"
        ],
        "Date": [
          "Fri, 25 Jan 2019 12:32:43 GMT"
        ],
        "Content-Length": [
          "460"
        ],
        "Content-Type": [
          "application/json; charset=utf-8"
        ],
        "Expires": [
          "-1"
        ]
      },
      "ResponseBody": "{\r\n  \"id\": \"/subscriptions/11d5f159-a21d-4a6c-8053-c3aae30057cf/providers/Microsoft.Kusto/locations/West US/operationresults/1cd47922-39ec-4575-931b-119088653915\",\r\n  \"name\": \"1cd47922-39ec-4575-931b-119088653915\",\r\n  \"status\": \"Running\",\r\n  \"startTime\": \"2019-01-25T12:29:10.067749Z\",\r\n  \"endTime\": \"2019-01-25T12:29:10.067749Z\",\r\n  \"percentComplete\": 0.5,\r\n  \"properties\": {\r\n    \"OperationKind\": \"ClusterDelete\",\r\n    \"RootActivityId\": \"871eb0dc-6f7e-48e5-83c0-098dd3ad3ae6\",\r\n    \"provisioningState\": \"Running\"\r\n  }\r\n}",
      "StatusCode": 200
    },
    {
      "RequestUri": "/subscriptions/11d5f159-a21d-4a6c-8053-c3aae30057cf/providers/Microsoft.Kusto/locations/West%20US/operationResults/1cd47922-39ec-4575-931b-119088653915?api-version=2018-09-07-preview",
      "EncodedRequestUri": "L3N1YnNjcmlwdGlvbnMvMTFkNWYxNTktYTIxZC00YTZjLTgwNTMtYzNhYWUzMDA1N2NmL3Byb3ZpZGVycy9NaWNyb3NvZnQuS3VzdG8vbG9jYXRpb25zL1dlc3QlMjBVUy9vcGVyYXRpb25SZXN1bHRzLzFjZDQ3OTIyLTM5ZWMtNDU3NS05MzFiLTExOTA4ODY1MzkxNT9hcGktdmVyc2lvbj0yMDE4LTA5LTA3LXByZXZpZXc=",
      "RequestMethod": "GET",
      "RequestBody": "",
      "RequestHeaders": {
        "User-Agent": [
          "FxVersion/4.6.27019.06",
          "OSName/Windows",
          "OSVersion/Microsoft.Windows.10.0.17763.",
          "Microsoft.Azure.Management.Kusto.KustoManagementClient/0.9.0.0"
        ]
      },
      "ResponseHeaders": {
        "Cache-Control": [
          "no-cache"
        ],
        "Pragma": [
          "no-cache"
        ],
        "Vary": [
          "Accept-Encoding"
        ],
        "x-ms-ratelimit-remaining-subscription-resource-requests": [
          "298"
        ],
        "x-ms-request-id": [
          "994275b5-d734-4d12-92cf-e3a4118ea884"
        ],
        "Set-Cookie": [
          "ARRAffinity=feff4bb9075f81d2c76660b0f1646298084904ca249f0dc7ee8954d4b09d1a4f;Path=/;HttpOnly;Domain=rp-kustorpwus-website.azurewebsites.net"
        ],
        "X-Powered-By": [
          "ASP.NET"
        ],
        "x-ms-correlation-request-id": [
          "c9fbcd39-2192-4da5-b6aa-8dbb3f631546"
        ],
        "x-ms-routing-request-id": [
          "UKSOUTH:20190125T123314Z:c9fbcd39-2192-4da5-b6aa-8dbb3f631546"
        ],
        "Strict-Transport-Security": [
          "max-age=31536000; includeSubDomains"
        ],
        "X-Content-Type-Options": [
          "nosniff"
        ],
        "Date": [
          "Fri, 25 Jan 2019 12:33:13 GMT"
        ],
        "Content-Length": [
          "460"
        ],
        "Content-Type": [
          "application/json; charset=utf-8"
        ],
        "Expires": [
          "-1"
        ]
      },
      "ResponseBody": "{\r\n  \"id\": \"/subscriptions/11d5f159-a21d-4a6c-8053-c3aae30057cf/providers/Microsoft.Kusto/locations/West US/operationresults/1cd47922-39ec-4575-931b-119088653915\",\r\n  \"name\": \"1cd47922-39ec-4575-931b-119088653915\",\r\n  \"status\": \"Running\",\r\n  \"startTime\": \"2019-01-25T12:29:10.067749Z\",\r\n  \"endTime\": \"2019-01-25T12:29:10.067749Z\",\r\n  \"percentComplete\": 0.5,\r\n  \"properties\": {\r\n    \"OperationKind\": \"ClusterDelete\",\r\n    \"RootActivityId\": \"871eb0dc-6f7e-48e5-83c0-098dd3ad3ae6\",\r\n    \"provisioningState\": \"Running\"\r\n  }\r\n}",
      "StatusCode": 200
    },
    {
      "RequestUri": "/subscriptions/11d5f159-a21d-4a6c-8053-c3aae30057cf/providers/Microsoft.Kusto/locations/West%20US/operationResults/1cd47922-39ec-4575-931b-119088653915?api-version=2018-09-07-preview",
      "EncodedRequestUri": "L3N1YnNjcmlwdGlvbnMvMTFkNWYxNTktYTIxZC00YTZjLTgwNTMtYzNhYWUzMDA1N2NmL3Byb3ZpZGVycy9NaWNyb3NvZnQuS3VzdG8vbG9jYXRpb25zL1dlc3QlMjBVUy9vcGVyYXRpb25SZXN1bHRzLzFjZDQ3OTIyLTM5ZWMtNDU3NS05MzFiLTExOTA4ODY1MzkxNT9hcGktdmVyc2lvbj0yMDE4LTA5LTA3LXByZXZpZXc=",
      "RequestMethod": "GET",
      "RequestBody": "",
      "RequestHeaders": {
        "User-Agent": [
          "FxVersion/4.6.27019.06",
          "OSName/Windows",
          "OSVersion/Microsoft.Windows.10.0.17763.",
          "Microsoft.Azure.Management.Kusto.KustoManagementClient/0.9.0.0"
        ]
      },
      "ResponseHeaders": {
        "Cache-Control": [
          "no-cache"
        ],
        "Pragma": [
          "no-cache"
        ],
        "Vary": [
          "Accept-Encoding"
        ],
        "x-ms-correlation-request-id": [
          "65d57dde-16ea-41ee-bcfe-ba38f8bb8745"
        ],
        "x-ms-request-id": [
          "ae8a24dd-fd68-49e5-8ceb-06cef2f7f41a"
        ],
        "x-ms-ratelimit-remaining-subscription-resource-requests": [
          "297"
        ],
        "Set-Cookie": [
          "ARRAffinity=feff4bb9075f81d2c76660b0f1646298084904ca249f0dc7ee8954d4b09d1a4f;Path=/;HttpOnly;Domain=rp-kustorpwus-website.azurewebsites.net"
        ],
        "X-Powered-By": [
          "ASP.NET"
        ],
        "x-ms-routing-request-id": [
          "UKSOUTH:20190125T123344Z:65d57dde-16ea-41ee-bcfe-ba38f8bb8745"
        ],
        "Strict-Transport-Security": [
          "max-age=31536000; includeSubDomains"
        ],
        "X-Content-Type-Options": [
          "nosniff"
        ],
        "Date": [
          "Fri, 25 Jan 2019 12:33:44 GMT"
        ],
        "Content-Length": [
          "460"
        ],
        "Content-Type": [
          "application/json; charset=utf-8"
        ],
        "Expires": [
          "-1"
        ]
      },
      "ResponseBody": "{\r\n  \"id\": \"/subscriptions/11d5f159-a21d-4a6c-8053-c3aae30057cf/providers/Microsoft.Kusto/locations/West US/operationresults/1cd47922-39ec-4575-931b-119088653915\",\r\n  \"name\": \"1cd47922-39ec-4575-931b-119088653915\",\r\n  \"status\": \"Running\",\r\n  \"startTime\": \"2019-01-25T12:29:10.067749Z\",\r\n  \"endTime\": \"2019-01-25T12:29:10.067749Z\",\r\n  \"percentComplete\": 0.5,\r\n  \"properties\": {\r\n    \"OperationKind\": \"ClusterDelete\",\r\n    \"RootActivityId\": \"871eb0dc-6f7e-48e5-83c0-098dd3ad3ae6\",\r\n    \"provisioningState\": \"Running\"\r\n  }\r\n}",
      "StatusCode": 200
    },
    {
      "RequestUri": "/subscriptions/11d5f159-a21d-4a6c-8053-c3aae30057cf/providers/Microsoft.Kusto/locations/West%20US/operationResults/1cd47922-39ec-4575-931b-119088653915?api-version=2018-09-07-preview",
      "EncodedRequestUri": "L3N1YnNjcmlwdGlvbnMvMTFkNWYxNTktYTIxZC00YTZjLTgwNTMtYzNhYWUzMDA1N2NmL3Byb3ZpZGVycy9NaWNyb3NvZnQuS3VzdG8vbG9jYXRpb25zL1dlc3QlMjBVUy9vcGVyYXRpb25SZXN1bHRzLzFjZDQ3OTIyLTM5ZWMtNDU3NS05MzFiLTExOTA4ODY1MzkxNT9hcGktdmVyc2lvbj0yMDE4LTA5LTA3LXByZXZpZXc=",
      "RequestMethod": "GET",
      "RequestBody": "",
      "RequestHeaders": {
        "User-Agent": [
          "FxVersion/4.6.27019.06",
          "OSName/Windows",
          "OSVersion/Microsoft.Windows.10.0.17763.",
          "Microsoft.Azure.Management.Kusto.KustoManagementClient/0.9.0.0"
        ]
      },
      "ResponseHeaders": {
        "Cache-Control": [
          "no-cache"
        ],
        "Pragma": [
          "no-cache"
        ],
        "Vary": [
          "Accept-Encoding"
        ],
        "x-ms-ratelimit-remaining-subscription-resource-requests": [
          "296"
        ],
        "x-ms-request-id": [
          "ac7ce0df-fcbc-4ddc-a4d9-25e9fa65ae26"
        ],
        "Set-Cookie": [
          "ARRAffinity=feff4bb9075f81d2c76660b0f1646298084904ca249f0dc7ee8954d4b09d1a4f;Path=/;HttpOnly;Domain=rp-kustorpwus-website.azurewebsites.net"
        ],
        "X-Powered-By": [
          "ASP.NET"
        ],
        "x-ms-correlation-request-id": [
          "17008800-975e-4870-8bd5-030dd6d0e8f8"
        ],
        "x-ms-routing-request-id": [
          "UKSOUTH:20190125T123415Z:17008800-975e-4870-8bd5-030dd6d0e8f8"
        ],
        "Strict-Transport-Security": [
          "max-age=31536000; includeSubDomains"
        ],
        "X-Content-Type-Options": [
          "nosniff"
        ],
        "Date": [
          "Fri, 25 Jan 2019 12:34:14 GMT"
        ],
        "Content-Length": [
          "465"
        ],
        "Content-Type": [
          "application/json; charset=utf-8"
        ],
        "Expires": [
          "-1"
        ]
      },
      "ResponseBody": "{\r\n  \"id\": \"/subscriptions/11d5f159-a21d-4a6c-8053-c3aae30057cf/providers/Microsoft.Kusto/locations/West US/operationresults/1cd47922-39ec-4575-931b-119088653915\",\r\n  \"name\": \"1cd47922-39ec-4575-931b-119088653915\",\r\n  \"status\": \"Succeeded\",\r\n  \"startTime\": \"2019-01-25T12:29:10.067749Z\",\r\n  \"endTime\": \"2019-01-25T12:34:07.2880644Z\",\r\n  \"percentComplete\": 1.0,\r\n  \"properties\": {\r\n    \"OperationKind\": \"ClusterDelete\",\r\n    \"RootActivityId\": \"871eb0dc-6f7e-48e5-83c0-098dd3ad3ae6\",\r\n    \"provisioningState\": \"Succeeded\"\r\n  }\r\n}",
      "StatusCode": 200
    },
    {
      "RequestUri": "/subscriptions/11d5f159-a21d-4a6c-8053-c3aae30057cf/providers/Microsoft.Kusto/locations/West%20US/operationResults/1cd47922-39ec-4575-931b-119088653915?api-version=2018-09-07-preview&operationResultResponseType=Location",
      "EncodedRequestUri": "L3N1YnNjcmlwdGlvbnMvMTFkNWYxNTktYTIxZC00YTZjLTgwNTMtYzNhYWUzMDA1N2NmL3Byb3ZpZGVycy9NaWNyb3NvZnQuS3VzdG8vbG9jYXRpb25zL1dlc3QlMjBVUy9vcGVyYXRpb25SZXN1bHRzLzFjZDQ3OTIyLTM5ZWMtNDU3NS05MzFiLTExOTA4ODY1MzkxNT9hcGktdmVyc2lvbj0yMDE4LTA5LTA3LXByZXZpZXcmb3BlcmF0aW9uUmVzdWx0UmVzcG9uc2VUeXBlPUxvY2F0aW9u",
      "RequestMethod": "GET",
      "RequestBody": "",
      "RequestHeaders": {
        "User-Agent": [
          "FxVersion/4.6.27019.06",
          "OSName/Windows",
          "OSVersion/Microsoft.Windows.10.0.17763.",
          "Microsoft.Azure.Management.Kusto.KustoManagementClient/0.9.0.0"
        ]
      },
      "ResponseHeaders": {
        "Cache-Control": [
          "no-cache"
        ],
        "Pragma": [
          "no-cache"
        ],
        "Vary": [
          "Accept-Encoding"
        ],
        "x-ms-ratelimit-remaining-subscription-resource-requests": [
          "295"
        ],
        "x-ms-request-id": [
          "8324fc44-88d9-40cc-9385-f42756d958c2"
        ],
        "Set-Cookie": [
          "ARRAffinity=feff4bb9075f81d2c76660b0f1646298084904ca249f0dc7ee8954d4b09d1a4f;Path=/;HttpOnly;Domain=rp-kustorpwus-website.azurewebsites.net"
        ],
        "X-Powered-By": [
          "ASP.NET"
        ],
        "x-ms-correlation-request-id": [
          "fc1bb0e4-6123-489e-bc20-7f2b29b8fd87"
        ],
        "x-ms-routing-request-id": [
          "UKSOUTH:20190125T123415Z:fc1bb0e4-6123-489e-bc20-7f2b29b8fd87"
        ],
        "Strict-Transport-Security": [
          "max-age=31536000; includeSubDomains"
        ],
        "X-Content-Type-Options": [
          "nosniff"
        ],
        "Date": [
          "Fri, 25 Jan 2019 12:34:14 GMT"
        ],
        "Content-Length": [
          "11"
        ],
        "Content-Type": [
          "application/json; charset=utf-8"
        ],
        "Expires": [
          "-1"
        ]
      },
      "ResponseBody": "\"Completed\"",
      "StatusCode": 200
    },
    {
      "RequestUri": "/subscriptions/11d5f159-a21d-4a6c-8053-c3aae30057cf/resourcegroups/ps9365?api-version=2016-09-01",
      "EncodedRequestUri": "L3N1YnNjcmlwdGlvbnMvMTFkNWYxNTktYTIxZC00YTZjLTgwNTMtYzNhYWUzMDA1N2NmL3Jlc291cmNlZ3JvdXBzL3BzOTM2NT9hcGktdmVyc2lvbj0yMDE2LTA5LTAx",
      "RequestMethod": "DELETE",
      "RequestBody": "",
      "RequestHeaders": {
        "x-ms-client-request-id": [
          "273d0c39-0879-4b51-a373-e06cb6e7a246"
        ],
        "Accept-Language": [
          "en-US"
        ],
        "User-Agent": [
          "FxVersion/4.6.27019.06",
          "OSName/Windows",
          "OSVersion/Microsoft.Windows.10.0.17763.",
          "Microsoft.Azure.Management.Internal.Resources.ResourceManagementClient/1.1.13"
        ]
      },
      "ResponseHeaders": {
        "Cache-Control": [
          "no-cache"
        ],
        "Pragma": [
          "no-cache"
        ],
        "Location": [
          "https://management.azure.com/subscriptions/11d5f159-a21d-4a6c-8053-c3aae30057cf/operationresults/eyJqb2JJZCI6IlJFU09VUkNFR1JPVVBERUxFVElPTkpPQi1QUzkzNjUtQ0VOVFJBTFVTIiwiam9iTG9jYXRpb24iOiJjZW50cmFsdXMifQ?api-version=2016-09-01"
        ],
        "Retry-After": [
          "15"
        ],
        "x-ms-ratelimit-remaining-subscription-deletes": [
          "14999"
        ],
        "x-ms-request-id": [
          "c14c4822-333a-458a-8396-761437a34351"
        ],
        "x-ms-correlation-request-id": [
          "c14c4822-333a-458a-8396-761437a34351"
        ],
        "x-ms-routing-request-id": [
          "UKSOUTH:20190125T123418Z:c14c4822-333a-458a-8396-761437a34351"
        ],
        "Strict-Transport-Security": [
          "max-age=31536000; includeSubDomains"
        ],
        "X-Content-Type-Options": [
          "nosniff"
        ],
        "Date": [
          "Fri, 25 Jan 2019 12:34:17 GMT"
        ],
        "Expires": [
          "-1"
        ],
        "Content-Length": [
          "0"
        ]
      },
      "ResponseBody": "",
      "StatusCode": 202
    },
    {
      "RequestUri": "/subscriptions/11d5f159-a21d-4a6c-8053-c3aae30057cf/operationresults/eyJqb2JJZCI6IlJFU09VUkNFR1JPVVBERUxFVElPTkpPQi1QUzkzNjUtQ0VOVFJBTFVTIiwiam9iTG9jYXRpb24iOiJjZW50cmFsdXMifQ?api-version=2016-09-01",
      "EncodedRequestUri": "L3N1YnNjcmlwdGlvbnMvMTFkNWYxNTktYTIxZC00YTZjLTgwNTMtYzNhYWUzMDA1N2NmL29wZXJhdGlvbnJlc3VsdHMvZXlKcWIySkpaQ0k2SWxKRlUwOVZVa05GUjFKUFZWQkVSVXhGVkVsUFRrcFBRaTFRVXprek5qVXRRMFZPVkZKQlRGVlRJaXdpYW05aVRHOWpZWFJwYjI0aU9pSmpaVzUwY21Gc2RYTWlmUT9hcGktdmVyc2lvbj0yMDE2LTA5LTAx",
      "RequestMethod": "GET",
      "RequestBody": "",
      "RequestHeaders": {
        "User-Agent": [
          "FxVersion/4.6.27019.06",
          "OSName/Windows",
          "OSVersion/Microsoft.Windows.10.0.17763.",
          "Microsoft.Azure.Management.Internal.Resources.ResourceManagementClient/1.1.13"
        ]
      },
      "ResponseHeaders": {
        "Cache-Control": [
          "no-cache"
        ],
        "Pragma": [
          "no-cache"
        ],
        "Location": [
          "https://management.azure.com/subscriptions/11d5f159-a21d-4a6c-8053-c3aae30057cf/operationresults/eyJqb2JJZCI6IlJFU09VUkNFR1JPVVBERUxFVElPTkpPQi1QUzkzNjUtQ0VOVFJBTFVTIiwiam9iTG9jYXRpb24iOiJjZW50cmFsdXMifQ?api-version=2016-09-01"
        ],
        "Retry-After": [
          "15"
        ],
        "x-ms-ratelimit-remaining-subscription-reads": [
          "11999"
        ],
        "x-ms-request-id": [
          "3e383656-4d49-47f5-8ccb-1d63a8c33c18"
        ],
        "x-ms-correlation-request-id": [
          "3e383656-4d49-47f5-8ccb-1d63a8c33c18"
        ],
        "x-ms-routing-request-id": [
          "UKSOUTH:20190125T123433Z:3e383656-4d49-47f5-8ccb-1d63a8c33c18"
        ],
        "Strict-Transport-Security": [
          "max-age=31536000; includeSubDomains"
        ],
        "X-Content-Type-Options": [
          "nosniff"
        ],
        "Date": [
          "Fri, 25 Jan 2019 12:34:32 GMT"
        ],
        "Expires": [
          "-1"
        ],
        "Content-Length": [
          "0"
        ]
      },
      "ResponseBody": "",
      "StatusCode": 202
    },
    {
      "RequestUri": "/subscriptions/11d5f159-a21d-4a6c-8053-c3aae30057cf/operationresults/eyJqb2JJZCI6IlJFU09VUkNFR1JPVVBERUxFVElPTkpPQi1QUzkzNjUtQ0VOVFJBTFVTIiwiam9iTG9jYXRpb24iOiJjZW50cmFsdXMifQ?api-version=2016-09-01",
      "EncodedRequestUri": "L3N1YnNjcmlwdGlvbnMvMTFkNWYxNTktYTIxZC00YTZjLTgwNTMtYzNhYWUzMDA1N2NmL29wZXJhdGlvbnJlc3VsdHMvZXlKcWIySkpaQ0k2SWxKRlUwOVZVa05GUjFKUFZWQkVSVXhGVkVsUFRrcFBRaTFRVXprek5qVXRRMFZPVkZKQlRGVlRJaXdpYW05aVRHOWpZWFJwYjI0aU9pSmpaVzUwY21Gc2RYTWlmUT9hcGktdmVyc2lvbj0yMDE2LTA5LTAx",
      "RequestMethod": "GET",
      "RequestBody": "",
      "RequestHeaders": {
        "User-Agent": [
          "FxVersion/4.6.27019.06",
          "OSName/Windows",
          "OSVersion/Microsoft.Windows.10.0.17763.",
          "Microsoft.Azure.Management.Internal.Resources.ResourceManagementClient/1.1.13"
        ]
      },
      "ResponseHeaders": {
        "Cache-Control": [
          "no-cache"
        ],
        "Pragma": [
          "no-cache"
        ],
        "Location": [
          "https://management.azure.com/subscriptions/11d5f159-a21d-4a6c-8053-c3aae30057cf/operationresults/eyJqb2JJZCI6IlJFU09VUkNFR1JPVVBERUxFVElPTkpPQi1QUzkzNjUtQ0VOVFJBTFVTIiwiam9iTG9jYXRpb24iOiJjZW50cmFsdXMifQ?api-version=2016-09-01"
        ],
        "Retry-After": [
          "15"
        ],
        "x-ms-ratelimit-remaining-subscription-reads": [
          "11998"
        ],
        "x-ms-request-id": [
          "9b7abcc2-7943-4723-a251-7238947ba86b"
        ],
        "x-ms-correlation-request-id": [
          "9b7abcc2-7943-4723-a251-7238947ba86b"
        ],
        "x-ms-routing-request-id": [
          "UKSOUTH:20190125T123448Z:9b7abcc2-7943-4723-a251-7238947ba86b"
        ],
        "Strict-Transport-Security": [
          "max-age=31536000; includeSubDomains"
        ],
        "X-Content-Type-Options": [
          "nosniff"
        ],
        "Date": [
          "Fri, 25 Jan 2019 12:34:48 GMT"
        ],
        "Expires": [
          "-1"
        ],
        "Content-Length": [
          "0"
        ]
      },
      "ResponseBody": "",
      "StatusCode": 202
    },
    {
      "RequestUri": "/subscriptions/11d5f159-a21d-4a6c-8053-c3aae30057cf/operationresults/eyJqb2JJZCI6IlJFU09VUkNFR1JPVVBERUxFVElPTkpPQi1QUzkzNjUtQ0VOVFJBTFVTIiwiam9iTG9jYXRpb24iOiJjZW50cmFsdXMifQ?api-version=2016-09-01",
      "EncodedRequestUri": "L3N1YnNjcmlwdGlvbnMvMTFkNWYxNTktYTIxZC00YTZjLTgwNTMtYzNhYWUzMDA1N2NmL29wZXJhdGlvbnJlc3VsdHMvZXlKcWIySkpaQ0k2SWxKRlUwOVZVa05GUjFKUFZWQkVSVXhGVkVsUFRrcFBRaTFRVXprek5qVXRRMFZPVkZKQlRGVlRJaXdpYW05aVRHOWpZWFJwYjI0aU9pSmpaVzUwY21Gc2RYTWlmUT9hcGktdmVyc2lvbj0yMDE2LTA5LTAx",
      "RequestMethod": "GET",
      "RequestBody": "",
      "RequestHeaders": {
        "User-Agent": [
          "FxVersion/4.6.27019.06",
          "OSName/Windows",
          "OSVersion/Microsoft.Windows.10.0.17763.",
          "Microsoft.Azure.Management.Internal.Resources.ResourceManagementClient/1.1.13"
        ]
      },
      "ResponseHeaders": {
        "Cache-Control": [
          "no-cache"
        ],
        "Pragma": [
          "no-cache"
        ],
        "x-ms-ratelimit-remaining-subscription-reads": [
          "11997"
        ],
        "x-ms-request-id": [
          "759563d2-6a77-4e66-950c-634ed398c7cf"
        ],
        "x-ms-correlation-request-id": [
          "759563d2-6a77-4e66-950c-634ed398c7cf"
        ],
        "x-ms-routing-request-id": [
          "UKSOUTH:20190125T123504Z:759563d2-6a77-4e66-950c-634ed398c7cf"
        ],
        "Strict-Transport-Security": [
          "max-age=31536000; includeSubDomains"
        ],
        "X-Content-Type-Options": [
          "nosniff"
        ],
        "Date": [
          "Fri, 25 Jan 2019 12:35:03 GMT"
        ],
        "Expires": [
          "-1"
        ],
        "Content-Length": [
          "0"
        ]
      },
      "ResponseBody": "",
      "StatusCode": 200
    },
    {
      "RequestUri": "/subscriptions/11d5f159-a21d-4a6c-8053-c3aae30057cf/operationresults/eyJqb2JJZCI6IlJFU09VUkNFR1JPVVBERUxFVElPTkpPQi1QUzkzNjUtQ0VOVFJBTFVTIiwiam9iTG9jYXRpb24iOiJjZW50cmFsdXMifQ?api-version=2016-09-01",
      "EncodedRequestUri": "L3N1YnNjcmlwdGlvbnMvMTFkNWYxNTktYTIxZC00YTZjLTgwNTMtYzNhYWUzMDA1N2NmL29wZXJhdGlvbnJlc3VsdHMvZXlKcWIySkpaQ0k2SWxKRlUwOVZVa05GUjFKUFZWQkVSVXhGVkVsUFRrcFBRaTFRVXprek5qVXRRMFZPVkZKQlRGVlRJaXdpYW05aVRHOWpZWFJwYjI0aU9pSmpaVzUwY21Gc2RYTWlmUT9hcGktdmVyc2lvbj0yMDE2LTA5LTAx",
      "RequestMethod": "GET",
      "RequestBody": "",
      "RequestHeaders": {
        "User-Agent": [
          "FxVersion/4.6.27019.06",
          "OSName/Windows",
          "OSVersion/Microsoft.Windows.10.0.17763.",
          "Microsoft.Azure.Management.Internal.Resources.ResourceManagementClient/1.1.13"
        ]
      },
      "ResponseHeaders": {
        "Cache-Control": [
          "no-cache"
        ],
        "Pragma": [
          "no-cache"
        ],
        "x-ms-ratelimit-remaining-subscription-reads": [
          "11996"
        ],
        "x-ms-request-id": [
          "84b21467-b800-49c2-92d3-bce251a0c78b"
        ],
        "x-ms-correlation-request-id": [
          "84b21467-b800-49c2-92d3-bce251a0c78b"
        ],
        "x-ms-routing-request-id": [
          "UKSOUTH:20190125T123504Z:84b21467-b800-49c2-92d3-bce251a0c78b"
        ],
        "Strict-Transport-Security": [
          "max-age=31536000; includeSubDomains"
        ],
        "X-Content-Type-Options": [
          "nosniff"
        ],
        "Date": [
          "Fri, 25 Jan 2019 12:35:03 GMT"
        ],
        "Expires": [
          "-1"
        ],
        "Content-Length": [
          "0"
        ]
      },
      "ResponseBody": "",
      "StatusCode": 200
    }
  ],
  "Names": {
    "Test-KustoClusterName": [
      "ps9365",
      "ps5105"
    ]
  },
  "Variables": {
    "SubscriptionId": "11d5f159-a21d-4a6c-8053-c3aae30057cf"
  }
}