{
  "New/Update-AzStorageMoverAzSmbFileShareEndpoint+[NoContext]+Create and update+$PUT+https://management.azure.com/subscriptions/b6b34ad8-ca89-4f85-beb7-c2ec13702dac/resourceGroups/choudharysumovetest/providers/Microsoft.StorageMover/storageMovers/testStoMover1gv4kubhz/endpoints/fseendpoint1gv4kubhz?api-version=2025-07-01+1": {
    "Request": {
      "Method": "PUT",
      "RequestUri": "https://management.azure.com/subscriptions/b6b34ad8-ca89-4f85-beb7-c2ec13702dac/resourceGroups/choudharysumovetest/providers/Microsoft.StorageMover/storageMovers/testStoMover1gv4kubhz/endpoints/fseendpoint1gv4kubhz?api-version=2025-07-01",
      "Content": "{\r\n  \"properties\": {\r\n    \"endpointType\": \"AzureStorageSmbFileShare\",\r\n    \"description\": \"New smb file share endpoint\",\r\n    \"storageAccountResourceId\": \"/subscriptions/b6b34ad8-ca89-4f85-beb7-c2ec13702dac/resourceGroups/choudharysumovetest/providers/Microsoft.Storage/storageAccounts/storaccgv4kubhz\",\r\n    \"fileShareName\": \"testfs\"\r\n  }\r\n}",
      "isContentBase64": false,
      "Headers": {
      },
      "ContentHeaders": {
        "Content-Type": [ "application/json" ],
        "Content-Length": [ "342" ]
      }
    },
    "Response": {
      "StatusCode": 200,
      "Headers": {
        "Cache-Control": [ "no-cache" ],
        "Pragma": [ "no-cache" ],
        "ETag": [ "\"0500526b-0000-3300-0000-68b1a23b0000\"" ],
        "x-ms-operation-identifier": [ "tenantId=72f988bf-86f1-41af-91ab-2d7cd011db47,objectId=ade47690-3254-48fb-af97-0c4da9dd127c/eastus2euap/f1d13145-614e-40b9-9ae1-fa53f76c2854" ],
        "x-ms-providerhub-traffic": [ "True" ],
        "mise-correlation-id": [ "f57e09a8-85d3-4119-af3f-698fd606ec7b" ],
        "x-ms-request-id": [ "924868b9-78a1-492f-8509-faa8ead9b1a4" ],
        "x-ms-correlation-request-id": [ "68efec6a-496e-4e19-8a20-46d71bf9be1c" ],
        "x-ms-throttling-version": [ "v2" ],
        "x-ms-ratelimit-remaining-subscription-writes": [ "798" ],
        "x-ms-routing-request-id": [ "EASTUS2EUAP:20250829T125107Z:68efec6a-496e-4e19-8a20-46d71bf9be1c" ],
        "Strict-Transport-Security": [ "max-age=31536000; includeSubDomains" ],
        "X-Content-Type-Options": [ "nosniff" ],
        "X-Cache": [ "CONFIG_NOCACHE" ],
        "X-MSEdge-Ref": [ "Ref A: 3DBBA9C08DAB4E30A86E0F87925CB12B Ref B: PNQ231110906036 Ref C: 2025-08-29T12:51:06Z" ],
        "Date": [ "Fri, 29 Aug 2025 12:51:07 GMT" ]
      },
      "ContentHeaders": {
        "Content-Length": [ "853" ],
        "Content-Type": [ "application/json; charset=utf-8" ],
        "Expires": [ "-1" ]
      },
      "Content": "{\"id\":\"/subscriptions/b6b34ad8-ca89-4f85-beb7-c2ec13702dac/resourceGroups/choudharysumovetest/providers/Microsoft.StorageMover/storageMovers/testStoMover1gv4kubhz/endpoints/fseendpoint1gv4kubhz\",\"name\":\"fseendpoint1gv4kubhz\",\"type\":\"microsoft.storagemover/storagemovers/endpoints\",\"systemData\":{\"createdBy\":\"choudharysu@microsoft.com\",\"createdByType\":\"User\",\"createdAt\":\"2025-08-29T12:51:07.10489Z\",\"lastModifiedBy\":\"choudharysu@microsoft.com\",\"lastModifiedByType\":\"User\",\"lastModifiedAt\":\"2025-08-29T12:51:07.10489Z\"},\"properties\":{\"storageAccountResourceId\":\"/subscriptions/b6b34ad8-ca89-4f85-beb7-c2ec13702dac/resourceGroups/choudharysumovetest/providers/Microsoft.Storage/storageAccounts/storaccgv4kubhz\",\"fileShareName\":\"testfs\",\"endpointType\":\"AzureStorageSmbFileShare\",\"description\":\"New smb file share endpoint\",\"provisioningState\":\"Succeeded\"}}",
      "isContentBase64": false
    }
  },
  "New/Update-AzStorageMoverAzSmbFileShareEndpoint+[NoContext]+Create and update+$PUT+https://management.azure.com/subscriptions/b6b34ad8-ca89-4f85-beb7-c2ec13702dac/resourceGroups/choudharysumovetest/providers/Microsoft.StorageMover/storageMovers/testStoMover1gv4kubhz/endpoints/fseendpoint2gv4kubhz?api-version=2025-07-01+2": {
    "Request": {
      "Method": "PUT",
      "RequestUri": "https://management.azure.com/subscriptions/b6b34ad8-ca89-4f85-beb7-c2ec13702dac/resourceGroups/choudharysumovetest/providers/Microsoft.StorageMover/storageMovers/testStoMover1gv4kubhz/endpoints/fseendpoint2gv4kubhz?api-version=2025-07-01",
      "Content": "{\r\n  \"properties\": {\r\n    \"endpointType\": \"AzureStorageSmbFileShare\",\r\n    \"description\": \"New smb file share endpoint\",\r\n    \"storageAccountResourceId\": \"/subscriptions/b6b34ad8-ca89-4f85-beb7-c2ec13702dac/resourceGroups/choudharysumovetest/providers/Microsoft.Storage/storageAccounts/storaccgv4kubhz\",\r\n    \"fileShareName\": \"testfs\"\r\n  }\r\n}",
      "isContentBase64": false,
      "Headers": {
      },
      "ContentHeaders": {
        "Content-Type": [ "application/json" ],
        "Content-Length": [ "342" ]
      }
    },
    "Response": {
      "StatusCode": 200,
      "Headers": {
        "Cache-Control": [ "no-cache" ],
        "Pragma": [ "no-cache" ],
        "ETag": [ "\"0500586b-0000-3300-0000-68b1a23c0000\"" ],
        "x-ms-operation-identifier": [ "tenantId=72f988bf-86f1-41af-91ab-2d7cd011db47,objectId=ade47690-3254-48fb-af97-0c4da9dd127c/eastus2euap/cde7d0e9-2235-4353-b1cf-2128c689d924" ],
        "x-ms-providerhub-traffic": [ "True" ],
        "mise-correlation-id": [ "66626f77-3e7e-4710-b024-b63873e85b47" ],
        "x-ms-request-id": [ "f6c06abc-ca77-40b0-84ba-adb05ebd7574" ],
        "x-ms-correlation-request-id": [ "eb77df78-0a61-4a01-8592-0c196ef9ac31" ],
        "x-ms-throttling-version": [ "v2" ],
        "x-ms-ratelimit-remaining-subscription-writes": [ "799" ],
        "x-ms-routing-request-id": [ "EASTUS2EUAP:20250829T125108Z:eb77df78-0a61-4a01-8592-0c196ef9ac31" ],
        "Strict-Transport-Security": [ "max-age=31536000; includeSubDomains" ],
        "X-Content-Type-Options": [ "nosniff" ],
        "X-Cache": [ "CONFIG_NOCACHE" ],
        "X-MSEdge-Ref": [ "Ref A: AD8A5336D8BE4516B97B13F597A0A9F8 Ref B: PNQ231110906036 Ref C: 2025-08-29T12:51:07Z" ],
        "Date": [ "Fri, 29 Aug 2025 12:51:08 GMT" ]
      },
      "ContentHeaders": {
        "Content-Length": [ "857" ],
        "Content-Type": [ "application/json; charset=utf-8" ],
        "Expires": [ "-1" ]
      },
      "Content": "{\"id\":\"/subscriptions/b6b34ad8-ca89-4f85-beb7-c2ec13702dac/resourceGroups/choudharysumovetest/providers/Microsoft.StorageMover/storageMovers/testStoMover1gv4kubhz/endpoints/fseendpoint2gv4kubhz\",\"name\":\"fseendpoint2gv4kubhz\",\"type\":\"microsoft.storagemover/storagemovers/endpoints\",\"systemData\":{\"createdBy\":\"choudharysu@microsoft.com\",\"createdByType\":\"User\",\"createdAt\":\"2025-08-29T12:51:08.2815553Z\",\"lastModifiedBy\":\"choudharysu@microsoft.com\",\"lastModifiedByType\":\"User\",\"lastModifiedAt\":\"2025-08-29T12:51:08.2815553Z\"},\"properties\":{\"storageAccountResourceId\":\"/subscriptions/b6b34ad8-ca89-4f85-beb7-c2ec13702dac/resourceGroups/choudharysumovetest/providers/Microsoft.Storage/storageAccounts/storaccgv4kubhz\",\"fileShareName\":\"testfs\",\"endpointType\":\"AzureStorageSmbFileShare\",\"description\":\"New smb file share endpoint\",\"provisioningState\":\"Succeeded\"}}",
      "isContentBase64": false
    }
  },
  "New/Update-AzStorageMoverAzSmbFileShareEndpoint+[NoContext]+Create and update+$GET+https://management.azure.com/subscriptions/b6b34ad8-ca89-4f85-beb7-c2ec13702dac/resourceGroups/choudharysumovetest/providers/Microsoft.StorageMover/storageMovers/testStoMover1gv4kubhz/endpoints/fseendpoint1gv4kubhz?api-version=2025-07-01+3": {
    "Request": {
      "Method": "GET",
      "RequestUri": "https://eastus2euap.management.azure.com/subscriptions/b6b34ad8-ca89-4f85-beb7-c2ec13702dac/resourceGroups/choudharysumovetest/providers/Microsoft.StorageMover/storageMovers/testStoMover1gv4kubhz/endpoints/fseendpoint1gv4kubhz?api-version=2025-07-01",
      "Content": null,
      "isContentBase64": false,
      "Headers": {
        "x-ms-unique-id": [ "29" ],
        "x-ms-client-request-id": [ "afac4d1b-60b9-4d30-833e-f5368dacbdd0" ],
        "CommandName": [ "Get-AzStorageMoverEndpoint" ],
        "FullCommandName": [ "Get-AzStorageMoverEndpoint_Get" ],
        "ParameterSetName": [ "__AllParameterSets" ],
        "User-Agent": [ "AzurePowershell/v12.2.0", "PSVersion/v7.5.2", "Az.StorageMover/1.5.0" ],
        "Authorization": [ "[Filtered]" ]
      },
      "ContentHeaders": {
      }
    },
    "Response": {
      "StatusCode": 200,
      "Headers": {
        "Cache-Control": [ "no-cache" ],
        "Pragma": [ "no-cache" ],
        "ETag": [ "\"0500526b-0000-3300-0000-68b1a23b0000\"" ],
        "x-ms-operation-identifier": [ "tenantId=72f988bf-86f1-41af-91ab-2d7cd011db47,objectId=ade47690-3254-48fb-af97-0c4da9dd127c/eastus2euap/0fe85177-5c5a-400e-9b6f-c562f3cc0c77" ],
        "x-ms-providerhub-traffic": [ "True" ],
        "x-ms-request-id": [ "6731a8a8-400d-41a8-904c-cbbbe216889d" ],
        "x-ms-correlation-request-id": [ "1f94cf89-dd1a-4b3b-90fe-7a535a8ba1ec" ],
        "x-ms-throttling-version": [ "v2" ],
        "x-ms-ratelimit-remaining-subscription-reads": [ "1097" ],
        "x-ms-routing-request-id": [ "EASTUS2EUAP:20250829T125109Z:1f94cf89-dd1a-4b3b-90fe-7a535a8ba1ec" ],
        "Strict-Transport-Security": [ "max-age=31536000; includeSubDomains" ],
        "X-Content-Type-Options": [ "nosniff" ],
        "X-Cache": [ "CONFIG_NOCACHE" ],
        "X-MSEdge-Ref": [ "Ref A: A4C50BCC621C4292970DC60372A7956E Ref B: PNQ231110906036 Ref C: 2025-08-29T12:51:08Z" ],
        "Date": [ "Fri, 29 Aug 2025 12:51:08 GMT" ]
      },
      "ContentHeaders": {
        "Content-Length": [ "853" ],
        "Content-Type": [ "application/json; charset=utf-8" ],
        "Expires": [ "-1" ]
      },
      "Content": "{\"id\":\"/subscriptions/b6b34ad8-ca89-4f85-beb7-c2ec13702dac/resourceGroups/choudharysumovetest/providers/Microsoft.StorageMover/storageMovers/testStoMover1gv4kubhz/endpoints/fseendpoint1gv4kubhz\",\"name\":\"fseendpoint1gv4kubhz\",\"type\":\"microsoft.storagemover/storagemovers/endpoints\",\"systemData\":{\"createdBy\":\"choudharysu@microsoft.com\",\"createdByType\":\"User\",\"createdAt\":\"2025-08-29T12:51:07.10489Z\",\"lastModifiedBy\":\"choudharysu@microsoft.com\",\"lastModifiedByType\":\"User\",\"lastModifiedAt\":\"2025-08-29T12:51:07.10489Z\"},\"properties\":{\"storageAccountResourceId\":\"/subscriptions/b6b34ad8-ca89-4f85-beb7-c2ec13702dac/resourceGroups/choudharysumovetest/providers/Microsoft.Storage/storageAccounts/storaccgv4kubhz\",\"fileShareName\":\"testfs\",\"endpointType\":\"AzureStorageSmbFileShare\",\"description\":\"New smb file share endpoint\",\"provisioningState\":\"Succeeded\"}}",
      "isContentBase64": false
    }
  },
  "New/Update-AzStorageMoverAzSmbFileShareEndpoint+[NoContext]+Create and update+$GET+https://management.azure.com/subscriptions/b6b34ad8-ca89-4f85-beb7-c2ec13702dac/resourceGroups/choudharysumovetest/providers/Microsoft.StorageMover/storageMovers/testStoMover1gv4kubhz/endpoints/fseendpoint2gv4kubhz?api-version=2025-07-01+4": {
    "Request": {
      "Method": "GET",
      "RequestUri": "https://eastus2euap.management.azure.com/subscriptions/b6b34ad8-ca89-4f85-beb7-c2ec13702dac/resourceGroups/choudharysumovetest/providers/Microsoft.StorageMover/storageMovers/testStoMover1gv4kubhz/endpoints/fseendpoint2gv4kubhz?api-version=2025-07-01",
      "Content": null,
      "isContentBase64": false,
      "Headers": {
        "x-ms-unique-id": [ "30" ],
        "x-ms-client-request-id": [ "3714ee11-a559-4b9b-838d-ed684d72eb6e" ],
        "CommandName": [ "Get-AzStorageMoverEndpoint" ],
        "FullCommandName": [ "Get-AzStorageMoverEndpoint_Get" ],
        "ParameterSetName": [ "__AllParameterSets" ],
        "User-Agent": [ "AzurePowershell/v12.2.0", "PSVersion/v7.5.2", "Az.StorageMover/1.5.0" ],
        "Authorization": [ "[Filtered]" ]
      },
      "ContentHeaders": {
      }
    },
    "Response": {
      "StatusCode": 200,
      "Headers": {
        "Cache-Control": [ "no-cache" ],
        "Pragma": [ "no-cache" ],
        "ETag": [ "\"0500586b-0000-3300-0000-68b1a23c0000\"" ],
        "x-ms-operation-identifier": [ "tenantId=72f988bf-86f1-41af-91ab-2d7cd011db47,objectId=ade47690-3254-48fb-af97-0c4da9dd127c/eastus2euap/f9e26141-be68-4d1c-800e-731d6844db47" ],
        "x-ms-providerhub-traffic": [ "True" ],
        "x-ms-request-id": [ "712f1e32-ff17-4ec5-97de-01e52641af6f" ],
        "x-ms-correlation-request-id": [ "2bf421b1-3096-40d9-8369-8e83320e1ee3" ],
        "x-ms-throttling-version": [ "v2" ],
        "x-ms-ratelimit-remaining-subscription-reads": [ "1099" ],
        "x-ms-routing-request-id": [ "EASTUS2EUAP:20250829T125109Z:2bf421b1-3096-40d9-8369-8e83320e1ee3" ],
        "Strict-Transport-Security": [ "max-age=31536000; includeSubDomains" ],
        "X-Content-Type-Options": [ "nosniff" ],
        "X-Cache": [ "CONFIG_NOCACHE" ],
        "X-MSEdge-Ref": [ "Ref A: 7EB2737A47F74DE2A86195B203F653D5 Ref B: PNQ231110906036 Ref C: 2025-08-29T12:51:09Z" ],
        "Date": [ "Fri, 29 Aug 2025 12:51:09 GMT" ]
      },
      "ContentHeaders": {
        "Content-Length": [ "857" ],
        "Content-Type": [ "application/json; charset=utf-8" ],
        "Expires": [ "-1" ]
      },
      "Content": "{\"id\":\"/subscriptions/b6b34ad8-ca89-4f85-beb7-c2ec13702dac/resourceGroups/choudharysumovetest/providers/Microsoft.StorageMover/storageMovers/testStoMover1gv4kubhz/endpoints/fseendpoint2gv4kubhz\",\"name\":\"fseendpoint2gv4kubhz\",\"type\":\"microsoft.storagemover/storagemovers/endpoints\",\"systemData\":{\"createdBy\":\"choudharysu@microsoft.com\",\"createdByType\":\"User\",\"createdAt\":\"2025-08-29T12:51:08.2815553Z\",\"lastModifiedBy\":\"choudharysu@microsoft.com\",\"lastModifiedByType\":\"User\",\"lastModifiedAt\":\"2025-08-29T12:51:08.2815553Z\"},\"properties\":{\"storageAccountResourceId\":\"/subscriptions/b6b34ad8-ca89-4f85-beb7-c2ec13702dac/resourceGroups/choudharysumovetest/providers/Microsoft.Storage/storageAccounts/storaccgv4kubhz\",\"fileShareName\":\"testfs\",\"endpointType\":\"AzureStorageSmbFileShare\",\"description\":\"New smb file share endpoint\",\"provisioningState\":\"Succeeded\"}}",
      "isContentBase64": false
    }
  },
  "New/Update-AzStorageMoverAzSmbFileShareEndpoint+[NoContext]+Create and update+$PATCH+https://management.azure.com/subscriptions/b6b34ad8-ca89-4f85-beb7-c2ec13702dac/resourceGroups/choudharysumovetest/providers/Microsoft.StorageMover/storageMovers/testStoMover1gv4kubhz/endpoints/fseendpoint1gv4kubhz?api-version=2025-07-01+5": {
    "Request": {
      "Method": "PATCH",
      "RequestUri": "https://management.azure.com/subscriptions/b6b34ad8-ca89-4f85-beb7-c2ec13702dac/resourceGroups/choudharysumovetest/providers/Microsoft.StorageMover/storageMovers/testStoMover1gv4kubhz/endpoints/fseendpoint1gv4kubhz?api-version=2025-07-01",
      "Content": "{\r\n  \"properties\": {\r\n    \"endpointType\": \"AzureStorageSmbFileShare\",\r\n    \"description\": \"updated file share endpoint\"\r\n  }\r\n}",
      "isContentBase64": false,
      "Headers": {
      },
      "ContentHeaders": {
        "Content-Type": [ "application/json" ],
        "Content-Length": [ "127" ]
      }
    },
    "Response": {
      "StatusCode": 200,
      "Headers": {
        "Cache-Control": [ "no-cache" ],
        "Pragma": [ "no-cache" ],
        "ETag": [ "\"0500676b-0000-3300-0000-68b1a23e0000\"" ],
        "x-ms-operation-identifier": [ "tenantId=72f988bf-86f1-41af-91ab-2d7cd011db47,objectId=ade47690-3254-48fb-af97-0c4da9dd127c/eastus2euap/f1ae4e72-7d67-4585-ad42-1bd828e1f017" ],
        "x-ms-providerhub-traffic": [ "True" ],
        "mise-correlation-id": [ "362e2716-8f06-4878-b31a-2ac118bf3d08" ],
        "x-ms-request-id": [ "5fed3dc8-36c1-4b3b-8637-007745dbac60" ],
        "x-ms-correlation-request-id": [ "20b8cca8-da13-4507-86a2-9a99287319f6" ],
        "x-ms-throttling-version": [ "v2" ],
        "x-ms-ratelimit-remaining-subscription-writes": [ "798" ],
        "x-ms-routing-request-id": [ "EASTUS2EUAP:20250829T125110Z:20b8cca8-da13-4507-86a2-9a99287319f6" ],
        "Strict-Transport-Security": [ "max-age=31536000; includeSubDomains" ],
        "X-Content-Type-Options": [ "nosniff" ],
        "X-Cache": [ "CONFIG_NOCACHE" ],
        "X-MSEdge-Ref": [ "Ref A: A2B5B31F293C41258DA66296DAAA9966 Ref B: PNQ231110906036 Ref C: 2025-08-29T12:51:09Z" ],
        "Date": [ "Fri, 29 Aug 2025 12:51:09 GMT" ]
      },
      "ContentHeaders": {
        "Content-Length": [ "855" ],
        "Content-Type": [ "application/json; charset=utf-8" ],
        "Expires": [ "-1" ]
      },
      "Content": "{\"id\":\"/subscriptions/b6b34ad8-ca89-4f85-beb7-c2ec13702dac/resourceGroups/choudharysumovetest/providers/Microsoft.StorageMover/storageMovers/testStoMover1gv4kubhz/endpoints/fseendpoint1gv4kubhz\",\"name\":\"fseendpoint1gv4kubhz\",\"type\":\"microsoft.storagemover/storagemovers/endpoints\",\"systemData\":{\"createdBy\":\"choudharysu@microsoft.com\",\"createdByType\":\"User\",\"createdAt\":\"2025-08-29T12:51:07.10489Z\",\"lastModifiedBy\":\"choudharysu@microsoft.com\",\"lastModifiedByType\":\"User\",\"lastModifiedAt\":\"2025-08-29T12:51:09.8908605Z\"},\"properties\":{\"storageAccountResourceId\":\"/subscriptions/b6b34ad8-ca89-4f85-beb7-c2ec13702dac/resourceGroups/choudharysumovetest/providers/Microsoft.Storage/storageAccounts/storaccgv4kubhz\",\"fileShareName\":\"testfs\",\"endpointType\":\"AzureStorageSmbFileShare\",\"description\":\"updated file share endpoint\",\"provisioningState\":\"Succeeded\"}}",
      "isContentBase64": false
    }
  },
  "New/Update-AzStorageMoverAzSmbFileShareEndpoint+[NoContext]+Create and update+$PATCH+https://management.azure.com/subscriptions/b6b34ad8-ca89-4f85-beb7-c2ec13702dac/resourceGroups/choudharysumovetest/providers/Microsoft.StorageMover/storageMovers/testStoMover1gv4kubhz/endpoints/fseendpoint2gv4kubhz?api-version=2025-07-01+6": {
    "Request": {
      "Method": "PATCH",
      "RequestUri": "https://management.azure.com/subscriptions/b6b34ad8-ca89-4f85-beb7-c2ec13702dac/resourceGroups/choudharysumovetest/providers/Microsoft.StorageMover/storageMovers/testStoMover1gv4kubhz/endpoints/fseendpoint2gv4kubhz?api-version=2025-07-01",
      "Content": "{\r\n  \"properties\": {\r\n    \"endpointType\": \"AzureStorageSmbFileShare\",\r\n    \"description\": \"updated file share endpoint\"\r\n  }\r\n}",
      "isContentBase64": false,
      "Headers": {
      },
      "ContentHeaders": {
        "Content-Type": [ "application/json" ],
        "Content-Length": [ "127" ]
      }
    },
    "Response": {
      "StatusCode": 200,
      "Headers": {
        "Cache-Control": [ "no-cache" ],
        "Pragma": [ "no-cache" ],
        "ETag": [ "\"05006d6b-0000-3300-0000-68b1a23f0000\"" ],
        "x-ms-operation-identifier": [ "tenantId=72f988bf-86f1-41af-91ab-2d7cd011db47,objectId=ade47690-3254-48fb-af97-0c4da9dd127c/eastus2euap/ce37a617-5f39-417f-ad09-e4dc9bcbc454" ],
        "x-ms-providerhub-traffic": [ "True" ],
        "mise-correlation-id": [ "d07e6669-9960-41d1-a16c-95f5a1e8b1e7" ],
        "x-ms-request-id": [ "634bc90f-cffd-4c67-ba0b-9c01f8da2ae9" ],
        "x-ms-correlation-request-id": [ "88bfc276-05bb-4ef2-853d-d013dff23575" ],
        "x-ms-throttling-version": [ "v2" ],
        "x-ms-ratelimit-remaining-subscription-writes": [ "798" ],
        "x-ms-routing-request-id": [ "EASTUS2EUAP:20250829T125111Z:88bfc276-05bb-4ef2-853d-d013dff23575" ],
        "Strict-Transport-Security": [ "max-age=31536000; includeSubDomains" ],
        "X-Content-Type-Options": [ "nosniff" ],
        "X-Cache": [ "CONFIG_NOCACHE" ],
        "X-MSEdge-Ref": [ "Ref A: 7E2EECD43E194A75B55CB240A6007A5F Ref B: PNQ231110906036 Ref C: 2025-08-29T12:51:10Z" ],
        "Date": [ "Fri, 29 Aug 2025 12:51:10 GMT" ]
      },
      "ContentHeaders": {
        "Content-Length": [ "856" ],
        "Content-Type": [ "application/json; charset=utf-8" ],
        "Expires": [ "-1" ]
      },
      "Content": "{\"id\":\"/subscriptions/b6b34ad8-ca89-4f85-beb7-c2ec13702dac/resourceGroups/choudharysumovetest/providers/Microsoft.StorageMover/storageMovers/testStoMover1gv4kubhz/endpoints/fseendpoint2gv4kubhz\",\"name\":\"fseendpoint2gv4kubhz\",\"type\":\"microsoft.storagemover/storagemovers/endpoints\",\"systemData\":{\"createdBy\":\"choudharysu@microsoft.com\",\"createdByType\":\"User\",\"createdAt\":\"2025-08-29T12:51:08.2815553Z\",\"lastModifiedBy\":\"choudharysu@microsoft.com\",\"lastModifiedByType\":\"User\",\"lastModifiedAt\":\"2025-08-29T12:51:10.779937Z\"},\"properties\":{\"storageAccountResourceId\":\"/subscriptions/b6b34ad8-ca89-4f85-beb7-c2ec13702dac/resourceGroups/choudharysumovetest/providers/Microsoft.Storage/storageAccounts/storaccgv4kubhz\",\"fileShareName\":\"testfs\",\"endpointType\":\"AzureStorageSmbFileShare\",\"description\":\"updated file share endpoint\",\"provisioningState\":\"Succeeded\"}}",
      "isContentBase64": false
    }
  },
  "New/Update-AzStorageMoverAzSmbFileShareEndpoint+[NoContext]+Create and update+$GET+https://management.azure.com/subscriptions/b6b34ad8-ca89-4f85-beb7-c2ec13702dac/resourceGroups/choudharysumovetest/providers/Microsoft.StorageMover/storageMovers/testStoMover1gv4kubhz/endpoints/fseendpoint1gv4kubhz?api-version=2025-07-01+7": {
    "Request": {
      "Method": "GET",
      "RequestUri": "https://eastus2euap.management.azure.com/subscriptions/b6b34ad8-ca89-4f85-beb7-c2ec13702dac/resourceGroups/choudharysumovetest/providers/Microsoft.StorageMover/storageMovers/testStoMover1gv4kubhz/endpoints/fseendpoint1gv4kubhz?api-version=2025-07-01",
      "Content": null,
      "isContentBase64": false,
      "Headers": {
        "x-ms-unique-id": [ "33" ],
        "x-ms-client-request-id": [ "d0286ba6-22f7-42e8-abfe-a582aa7f7040" ],
        "CommandName": [ "Get-AzStorageMoverEndpoint" ],
        "FullCommandName": [ "Get-AzStorageMoverEndpoint_Get" ],
        "ParameterSetName": [ "__AllParameterSets" ],
        "User-Agent": [ "AzurePowershell/v12.2.0", "PSVersion/v7.5.2", "Az.StorageMover/1.5.0" ],
        "Authorization": [ "[Filtered]" ]
      },
      "ContentHeaders": {
      }
    },
    "Response": {
      "StatusCode": 200,
      "Headers": {
        "Cache-Control": [ "no-cache" ],
        "Pragma": [ "no-cache" ],
        "ETag": [ "\"0500676b-0000-3300-0000-68b1a23e0000\"" ],
        "x-ms-operation-identifier": [ "tenantId=72f988bf-86f1-41af-91ab-2d7cd011db47,objectId=ade47690-3254-48fb-af97-0c4da9dd127c/eastus2euap/e8e3ed6b-2f67-4ac9-82ff-64b87ff1a1d0" ],
        "x-ms-providerhub-traffic": [ "True" ],
        "x-ms-request-id": [ "fda862c8-59c2-41aa-8703-e6af57f5ff10" ],
        "x-ms-correlation-request-id": [ "bc0c75b8-40c1-44b4-b69d-368ff61f90e2" ],
        "x-ms-throttling-version": [ "v2" ],
        "x-ms-ratelimit-remaining-subscription-reads": [ "1096" ],
        "x-ms-routing-request-id": [ "EASTUS2EUAP:20250829T125111Z:bc0c75b8-40c1-44b4-b69d-368ff61f90e2" ],
        "Strict-Transport-Security": [ "max-age=31536000; includeSubDomains" ],
        "X-Content-Type-Options": [ "nosniff" ],
        "X-Cache": [ "CONFIG_NOCACHE" ],
        "X-MSEdge-Ref": [ "Ref A: BAA3335274CF41F3A3DEE8A8FECB31D0 Ref B: PNQ231110906036 Ref C: 2025-08-29T12:51:11Z" ],
        "Date": [ "Fri, 29 Aug 2025 12:51:11 GMT" ]
      },
      "ContentHeaders": {
        "Content-Length": [ "855" ],
        "Content-Type": [ "application/json; charset=utf-8" ],
        "Expires": [ "-1" ]
      },
      "Content": "{\"id\":\"/subscriptions/b6b34ad8-ca89-4f85-beb7-c2ec13702dac/resourceGroups/choudharysumovetest/providers/Microsoft.StorageMover/storageMovers/testStoMover1gv4kubhz/endpoints/fseendpoint1gv4kubhz\",\"name\":\"fseendpoint1gv4kubhz\",\"type\":\"microsoft.storagemover/storagemovers/endpoints\",\"systemData\":{\"createdBy\":\"choudharysu@microsoft.com\",\"createdByType\":\"User\",\"createdAt\":\"2025-08-29T12:51:07.10489Z\",\"lastModifiedBy\":\"choudharysu@microsoft.com\",\"lastModifiedByType\":\"User\",\"lastModifiedAt\":\"2025-08-29T12:51:09.8908605Z\"},\"properties\":{\"storageAccountResourceId\":\"/subscriptions/b6b34ad8-ca89-4f85-beb7-c2ec13702dac/resourceGroups/choudharysumovetest/providers/Microsoft.Storage/storageAccounts/storaccgv4kubhz\",\"fileShareName\":\"testfs\",\"endpointType\":\"AzureStorageSmbFileShare\",\"description\":\"updated file share endpoint\",\"provisioningState\":\"Succeeded\"}}",
      "isContentBase64": false
    }
  },
  "New/Update-AzStorageMoverAzSmbFileShareEndpoint+[NoContext]+Create and update+$GET+https://management.azure.com/subscriptions/b6b34ad8-ca89-4f85-beb7-c2ec13702dac/resourceGroups/choudharysumovetest/providers/Microsoft.StorageMover/storageMovers/testStoMover1gv4kubhz/endpoints/fseendpoint2gv4kubhz?api-version=2025-07-01+8": {
    "Request": {
      "Method": "GET",
      "RequestUri": "https://eastus2euap.management.azure.com/subscriptions/b6b34ad8-ca89-4f85-beb7-c2ec13702dac/resourceGroups/choudharysumovetest/providers/Microsoft.StorageMover/storageMovers/testStoMover1gv4kubhz/endpoints/fseendpoint2gv4kubhz?api-version=2025-07-01",
      "Content": null,
      "isContentBase64": false,
      "Headers": {
        "x-ms-unique-id": [ "34" ],
        "x-ms-client-request-id": [ "86bccc5f-30d6-486b-9ef3-239a6d7882ff" ],
        "CommandName": [ "Get-AzStorageMoverEndpoint" ],
        "FullCommandName": [ "Get-AzStorageMoverEndpoint_Get" ],
        "ParameterSetName": [ "__AllParameterSets" ],
        "User-Agent": [ "AzurePowershell/v12.2.0", "PSVersion/v7.5.2", "Az.StorageMover/1.5.0" ],
        "Authorization": [ "[Filtered]" ]
      },
      "ContentHeaders": {
      }
    },
    "Response": {
      "StatusCode": 200,
      "Headers": {
        "Cache-Control": [ "no-cache" ],
        "Pragma": [ "no-cache" ],
        "ETag": [ "\"05006d6b-0000-3300-0000-68b1a23f0000\"" ],
        "x-ms-operation-identifier": [ "tenantId=72f988bf-86f1-41af-91ab-2d7cd011db47,objectId=ade47690-3254-48fb-af97-0c4da9dd127c/eastus2euap/41b24f5c-6456-42d7-8f60-c8aa1f8adc0c" ],
        "x-ms-providerhub-traffic": [ "True" ],
        "x-ms-request-id": [ "698788b0-50e8-40fe-98c8-cc9ff676abef" ],
        "x-ms-correlation-request-id": [ "cbda3537-14fa-463f-a200-3d9f21561483" ],
        "x-ms-throttling-version": [ "v2" ],
        "x-ms-ratelimit-remaining-subscription-reads": [ "1098" ],
        "x-ms-routing-request-id": [ "EASTUS2EUAP:20250829T125111Z:cbda3537-14fa-463f-a200-3d9f21561483" ],
        "Strict-Transport-Security": [ "max-age=31536000; includeSubDomains" ],
        "X-Content-Type-Options": [ "nosniff" ],
        "X-Cache": [ "CONFIG_NOCACHE" ],
        "X-MSEdge-Ref": [ "Ref A: B816839677964D288ABF94DA5183A92E Ref B: PNQ231110906036 Ref C: 2025-08-29T12:51:11Z" ],
        "Date": [ "Fri, 29 Aug 2025 12:51:11 GMT" ]
      },
      "ContentHeaders": {
        "Content-Length": [ "856" ],
        "Content-Type": [ "application/json; charset=utf-8" ],
        "Expires": [ "-1" ]
      },
      "Content": "{\"id\":\"/subscriptions/b6b34ad8-ca89-4f85-beb7-c2ec13702dac/resourceGroups/choudharysumovetest/providers/Microsoft.StorageMover/storageMovers/testStoMover1gv4kubhz/endpoints/fseendpoint2gv4kubhz\",\"name\":\"fseendpoint2gv4kubhz\",\"type\":\"microsoft.storagemover/storagemovers/endpoints\",\"systemData\":{\"createdBy\":\"choudharysu@microsoft.com\",\"createdByType\":\"User\",\"createdAt\":\"2025-08-29T12:51:08.2815553Z\",\"lastModifiedBy\":\"choudharysu@microsoft.com\",\"lastModifiedByType\":\"User\",\"lastModifiedAt\":\"2025-08-29T12:51:10.779937Z\"},\"properties\":{\"storageAccountResourceId\":\"/subscriptions/b6b34ad8-ca89-4f85-beb7-c2ec13702dac/resourceGroups/choudharysumovetest/providers/Microsoft.Storage/storageAccounts/storaccgv4kubhz\",\"fileShareName\":\"testfs\",\"endpointType\":\"AzureStorageSmbFileShare\",\"description\":\"updated file share endpoint\",\"provisioningState\":\"Succeeded\"}}",
      "isContentBase64": false
    }
  }
}