{
  "New/Update-AzStorageMoverAzSmbFileShareEndpoint+[NoContext]+Create and update+$PUT+https://management.azure.com/subscriptions/b6b34ad8-ca89-4f85-beb7-c2ec13702dac/resourceGroups/choudharysutest/providers/Microsoft.StorageMover/storageMovers/testStoMover1y8nedf6x/endpoints/fseendpoint1y8nedf6x?api-version=2025-07-01+1": {
    "Request": {
      "Method": "PUT",
      "RequestUri": "https://management.azure.com/subscriptions/b6b34ad8-ca89-4f85-beb7-c2ec13702dac/resourceGroups/choudharysutest/providers/Microsoft.StorageMover/storageMovers/testStoMover1y8nedf6x/endpoints/fseendpoint1y8nedf6x?api-version=2025-07-01",
      "Content": "{\r\n  \"properties\": {\r\n    \"endpointType\": \"AzureStorageSmbFileShare\",\r\n    \"description\": \"New smb file share endpoint\",\r\n    \"storageAccountResourceId\": \"/subscriptions/b6b34ad8-ca89-4f85-beb7-c2ec13702dac/resourceGroups/choudharysutest/providers/Microsoft.Storage/storageAccounts/storaccy8nedf6x\",\r\n    \"fileShareName\": \"testfs\"\r\n  }\r\n}",
      "isContentBase64": false,
      "Headers": {
      },
      "ContentHeaders": {
        "Content-Type": [ "application/json" ],
        "Content-Length": [ "338" ]
      }
    },
    "Response": {
      "StatusCode": 200,
      "Headers": {
        "Cache-Control": [ "no-cache" ],
        "Pragma": [ "no-cache" ],
        "ETag": [ "\"1f006e7a-0000-3300-0000-68cd2c980000\"" ],
        "x-ms-operation-identifier": [ "tenantId=72f988bf-86f1-41af-91ab-2d7cd011db47,objectId=ade47690-3254-48fb-af97-0c4da9dd127c/centraluseuap/23b0e0fd-b60b-480c-85e8-1ab8ef37ca78" ],
        "x-ms-providerhub-traffic": [ "True" ],
        "mise-correlation-id": [ "bbe76752-e169-40b4-ad6f-8aecd9d62862" ],
        "x-ms-request-id": [ "4774dfc5-5748-4f38-8a52-3eef16fdb352" ],
        "x-ms-correlation-request-id": [ "22e5169e-828b-4a39-a5f1-7b89be2e6ef0" ],
        "x-ms-throttling-version": [ "v2" ],
        "x-ms-ratelimit-remaining-subscription-writes": [ "799" ],
        "x-ms-routing-request-id": [ "CENTRALUSEUAP:20250919T101240Z:22e5169e-828b-4a39-a5f1-7b89be2e6ef0" ],
        "Strict-Transport-Security": [ "max-age=31536000; includeSubDomains" ],
        "X-Content-Type-Options": [ "nosniff" ],
        "X-Cache": [ "CONFIG_NOCACHE" ],
        "X-MSEdge-Ref": [ "Ref A: B73564E0C80345ED9CB62D30158D4177 Ref B: MAA201060515011 Ref C: 2025-09-19T10:12:39Z" ],
        "Date": [ "Fri, 19 Sep 2025 10:12:39 GMT" ]
      },
      "ContentHeaders": {
        "Content-Length": [ "849" ],
        "Content-Type": [ "application/json; charset=utf-8" ],
        "Expires": [ "-1" ]
      },
      "Content": "{\"id\":\"/subscriptions/b6b34ad8-ca89-4f85-beb7-c2ec13702dac/resourceGroups/choudharysutest/providers/Microsoft.StorageMover/storageMovers/testStoMover1y8nedf6x/endpoints/fseendpoint1y8nedf6x\",\"name\":\"fseendpoint1y8nedf6x\",\"type\":\"microsoft.storagemover/storagemovers/endpoints\",\"systemData\":{\"createdBy\":\"choudharysu@microsoft.com\",\"createdByType\":\"User\",\"createdAt\":\"2025-09-19T10:12:40.0848079Z\",\"lastModifiedBy\":\"choudharysu@microsoft.com\",\"lastModifiedByType\":\"User\",\"lastModifiedAt\":\"2025-09-19T10:12:40.0848079Z\"},\"properties\":{\"storageAccountResourceId\":\"/subscriptions/b6b34ad8-ca89-4f85-beb7-c2ec13702dac/resourceGroups/choudharysutest/providers/Microsoft.Storage/storageAccounts/storaccy8nedf6x\",\"fileShareName\":\"testfs\",\"endpointType\":\"AzureStorageSmbFileShare\",\"description\":\"New smb file share endpoint\",\"provisioningState\":\"Succeeded\"}}",
      "isContentBase64": false
    }
  },
  "New/Update-AzStorageMoverAzSmbFileShareEndpoint+[NoContext]+Create and update+$PUT+https://management.azure.com/subscriptions/b6b34ad8-ca89-4f85-beb7-c2ec13702dac/resourceGroups/choudharysutest/providers/Microsoft.StorageMover/storageMovers/testStoMover1y8nedf6x/endpoints/fseendpoint2y8nedf6x?api-version=2025-07-01+2": {
    "Request": {
      "Method": "PUT",
      "RequestUri": "https://management.azure.com/subscriptions/b6b34ad8-ca89-4f85-beb7-c2ec13702dac/resourceGroups/choudharysutest/providers/Microsoft.StorageMover/storageMovers/testStoMover1y8nedf6x/endpoints/fseendpoint2y8nedf6x?api-version=2025-07-01",
      "Content": "{\r\n  \"properties\": {\r\n    \"endpointType\": \"AzureStorageSmbFileShare\",\r\n    \"description\": \"New smb file share endpoint\",\r\n    \"storageAccountResourceId\": \"/subscriptions/b6b34ad8-ca89-4f85-beb7-c2ec13702dac/resourceGroups/choudharysutest/providers/Microsoft.Storage/storageAccounts/storaccy8nedf6x\",\r\n    \"fileShareName\": \"testfs\"\r\n  }\r\n}",
      "isContentBase64": false,
      "Headers": {
      },
      "ContentHeaders": {
        "Content-Type": [ "application/json" ],
        "Content-Length": [ "338" ]
      }
    },
    "Response": {
      "StatusCode": 200,
      "Headers": {
        "Cache-Control": [ "no-cache" ],
        "Pragma": [ "no-cache" ],
        "ETag": [ "\"1f00747a-0000-3300-0000-68cd2c990000\"" ],
        "x-ms-operation-identifier": [ "tenantId=72f988bf-86f1-41af-91ab-2d7cd011db47,objectId=ade47690-3254-48fb-af97-0c4da9dd127c/centraluseuap/21908bf4-468f-49e5-815f-e4e08ad80f81" ],
        "x-ms-providerhub-traffic": [ "True" ],
        "mise-correlation-id": [ "636e016d-14ab-40ba-86a2-3d2ed21fce50" ],
        "x-ms-request-id": [ "d9ef1a85-2337-479c-9e6d-f818534c8f86" ],
        "x-ms-correlation-request-id": [ "dae7dea9-8721-4b0b-8ead-87578ee6f713" ],
        "x-ms-throttling-version": [ "v2" ],
        "x-ms-ratelimit-remaining-subscription-writes": [ "799" ],
        "x-ms-routing-request-id": [ "CENTRALUSEUAP:20250919T101241Z:dae7dea9-8721-4b0b-8ead-87578ee6f713" ],
        "Strict-Transport-Security": [ "max-age=31536000; includeSubDomains" ],
        "X-Content-Type-Options": [ "nosniff" ],
        "X-Cache": [ "CONFIG_NOCACHE" ],
        "X-MSEdge-Ref": [ "Ref A: 2BC6CD7744F8492E82E7E5DFEDBE34C4 Ref B: MAA201060515011 Ref C: 2025-09-19T10:12:40Z" ],
        "Date": [ "Fri, 19 Sep 2025 10:12:40 GMT" ]
      },
      "ContentHeaders": {
        "Content-Length": [ "849" ],
        "Content-Type": [ "application/json; charset=utf-8" ],
        "Expires": [ "-1" ]
      },
      "Content": "{\"id\":\"/subscriptions/b6b34ad8-ca89-4f85-beb7-c2ec13702dac/resourceGroups/choudharysutest/providers/Microsoft.StorageMover/storageMovers/testStoMover1y8nedf6x/endpoints/fseendpoint2y8nedf6x\",\"name\":\"fseendpoint2y8nedf6x\",\"type\":\"microsoft.storagemover/storagemovers/endpoints\",\"systemData\":{\"createdBy\":\"choudharysu@microsoft.com\",\"createdByType\":\"User\",\"createdAt\":\"2025-09-19T10:12:41.1996122Z\",\"lastModifiedBy\":\"choudharysu@microsoft.com\",\"lastModifiedByType\":\"User\",\"lastModifiedAt\":\"2025-09-19T10:12:41.1996122Z\"},\"properties\":{\"storageAccountResourceId\":\"/subscriptions/b6b34ad8-ca89-4f85-beb7-c2ec13702dac/resourceGroups/choudharysutest/providers/Microsoft.Storage/storageAccounts/storaccy8nedf6x\",\"fileShareName\":\"testfs\",\"endpointType\":\"AzureStorageSmbFileShare\",\"description\":\"New smb file share endpoint\",\"provisioningState\":\"Succeeded\"}}",
      "isContentBase64": false
    }
  },
  "New/Update-AzStorageMoverAzSmbFileShareEndpoint+[NoContext]+Create and update+$GET+https://management.azure.com/subscriptions/b6b34ad8-ca89-4f85-beb7-c2ec13702dac/resourceGroups/choudharysutest/providers/Microsoft.StorageMover/storageMovers/testStoMover1y8nedf6x/endpoints/fseendpoint1y8nedf6x?api-version=2025-07-01+3": {
    "Request": {
      "Method": "GET",
      "RequestUri": "https://centraluseuap.management.azure.com/subscriptions/b6b34ad8-ca89-4f85-beb7-c2ec13702dac/resourceGroups/choudharysutest/providers/Microsoft.StorageMover/storageMovers/testStoMover1y8nedf6x/endpoints/fseendpoint1y8nedf6x?api-version=2025-07-01",
      "Content": null,
      "isContentBase64": false,
      "Headers": {
        "x-ms-unique-id": [ "29" ],
        "x-ms-client-request-id": [ "8867b97d-7b9c-47fa-ad53-ddcf712a2f5e" ],
        "CommandName": [ "Get-AzStorageMoverEndpoint" ],
        "FullCommandName": [ "Get-AzStorageMoverEndpoint_Get" ],
        "ParameterSetName": [ "__AllParameterSets" ],
        "User-Agent": [ "AzurePowershell/v12.2.0", "PSVersion/v7.5.3", "Az.StorageMover/0.1.0" ],
        "Authorization": [ "[Filtered]" ]
      },
      "ContentHeaders": {
      }
    },
    "Response": {
      "StatusCode": 200,
      "Headers": {
        "Cache-Control": [ "no-cache" ],
        "Pragma": [ "no-cache" ],
        "ETag": [ "\"1f006e7a-0000-3300-0000-68cd2c980000\"" ],
        "x-ms-operation-identifier": [ "tenantId=72f988bf-86f1-41af-91ab-2d7cd011db47,objectId=ade47690-3254-48fb-af97-0c4da9dd127c/centraluseuap/ff2b3282-71fc-4188-ad1c-48650b14a043" ],
        "x-ms-providerhub-traffic": [ "True" ],
        "x-ms-request-id": [ "01930661-b3c7-4c09-bd60-de5447e0500b" ],
        "x-ms-correlation-request-id": [ "94d4c238-8c94-46c4-88f5-4b6d4285ff7c" ],
        "x-ms-throttling-version": [ "v2" ],
        "x-ms-ratelimit-remaining-subscription-reads": [ "1099" ],
        "x-ms-routing-request-id": [ "CENTRALUSEUAP:20250919T101242Z:94d4c238-8c94-46c4-88f5-4b6d4285ff7c" ],
        "Strict-Transport-Security": [ "max-age=31536000; includeSubDomains" ],
        "X-Content-Type-Options": [ "nosniff" ],
        "X-Cache": [ "CONFIG_NOCACHE" ],
        "X-MSEdge-Ref": [ "Ref A: D288407C9475451EA8644BF11BB75AFD Ref B: MAA201060515011 Ref C: 2025-09-19T10:12:41Z" ],
        "Date": [ "Fri, 19 Sep 2025 10:12:41 GMT" ]
      },
      "ContentHeaders": {
        "Content-Length": [ "849" ],
        "Content-Type": [ "application/json; charset=utf-8" ],
        "Expires": [ "-1" ]
      },
      "Content": "{\"id\":\"/subscriptions/b6b34ad8-ca89-4f85-beb7-c2ec13702dac/resourceGroups/choudharysutest/providers/Microsoft.StorageMover/storageMovers/testStoMover1y8nedf6x/endpoints/fseendpoint1y8nedf6x\",\"name\":\"fseendpoint1y8nedf6x\",\"type\":\"microsoft.storagemover/storagemovers/endpoints\",\"systemData\":{\"createdBy\":\"choudharysu@microsoft.com\",\"createdByType\":\"User\",\"createdAt\":\"2025-09-19T10:12:40.0848079Z\",\"lastModifiedBy\":\"choudharysu@microsoft.com\",\"lastModifiedByType\":\"User\",\"lastModifiedAt\":\"2025-09-19T10:12:40.0848079Z\"},\"properties\":{\"storageAccountResourceId\":\"/subscriptions/b6b34ad8-ca89-4f85-beb7-c2ec13702dac/resourceGroups/choudharysutest/providers/Microsoft.Storage/storageAccounts/storaccy8nedf6x\",\"fileShareName\":\"testfs\",\"endpointType\":\"AzureStorageSmbFileShare\",\"description\":\"New smb file share endpoint\",\"provisioningState\":\"Succeeded\"}}",
      "isContentBase64": false
    }
  },
  "New/Update-AzStorageMoverAzSmbFileShareEndpoint+[NoContext]+Create and update+$GET+https://management.azure.com/subscriptions/b6b34ad8-ca89-4f85-beb7-c2ec13702dac/resourceGroups/choudharysutest/providers/Microsoft.StorageMover/storageMovers/testStoMover1y8nedf6x/endpoints/fseendpoint2y8nedf6x?api-version=2025-07-01+4": {
    "Request": {
      "Method": "GET",
      "RequestUri": "https://centraluseuap.management.azure.com/subscriptions/b6b34ad8-ca89-4f85-beb7-c2ec13702dac/resourceGroups/choudharysutest/providers/Microsoft.StorageMover/storageMovers/testStoMover1y8nedf6x/endpoints/fseendpoint2y8nedf6x?api-version=2025-07-01",
      "Content": null,
      "isContentBase64": false,
      "Headers": {
        "x-ms-unique-id": [ "30" ],
        "x-ms-client-request-id": [ "f9eeb8f6-9c4d-4105-8cdc-626830b6c789" ],
        "CommandName": [ "Get-AzStorageMoverEndpoint" ],
        "FullCommandName": [ "Get-AzStorageMoverEndpoint_Get" ],
        "ParameterSetName": [ "__AllParameterSets" ],
        "User-Agent": [ "AzurePowershell/v12.2.0", "PSVersion/v7.5.3", "Az.StorageMover/0.1.0" ],
        "Authorization": [ "[Filtered]" ]
      },
      "ContentHeaders": {
      }
    },
    "Response": {
      "StatusCode": 200,
      "Headers": {
        "Cache-Control": [ "no-cache" ],
        "Pragma": [ "no-cache" ],
        "ETag": [ "\"1f00747a-0000-3300-0000-68cd2c990000\"" ],
        "x-ms-operation-identifier": [ "tenantId=72f988bf-86f1-41af-91ab-2d7cd011db47,objectId=ade47690-3254-48fb-af97-0c4da9dd127c/centraluseuap/bf97e986-0534-40b8-b2de-f89dfcce6ff0" ],
        "x-ms-providerhub-traffic": [ "True" ],
        "x-ms-request-id": [ "2ffa94f3-4b86-4477-bb86-79b6013ade8b" ],
        "x-ms-correlation-request-id": [ "f77f8284-8231-4901-a501-23f86c22ee94" ],
        "x-ms-throttling-version": [ "v2" ],
        "x-ms-ratelimit-remaining-subscription-reads": [ "1098" ],
        "x-ms-routing-request-id": [ "CENTRALUSEUAP:20250919T101242Z:f77f8284-8231-4901-a501-23f86c22ee94" ],
        "Strict-Transport-Security": [ "max-age=31536000; includeSubDomains" ],
        "X-Content-Type-Options": [ "nosniff" ],
        "X-Cache": [ "CONFIG_NOCACHE" ],
        "X-MSEdge-Ref": [ "Ref A: 934946E339BF434B8269D48EC77CF7A5 Ref B: MAA201060515011 Ref C: 2025-09-19T10:12:42Z" ],
        "Date": [ "Fri, 19 Sep 2025 10:12:42 GMT" ]
      },
      "ContentHeaders": {
        "Content-Length": [ "849" ],
        "Content-Type": [ "application/json; charset=utf-8" ],
        "Expires": [ "-1" ]
      },
      "Content": "{\"id\":\"/subscriptions/b6b34ad8-ca89-4f85-beb7-c2ec13702dac/resourceGroups/choudharysutest/providers/Microsoft.StorageMover/storageMovers/testStoMover1y8nedf6x/endpoints/fseendpoint2y8nedf6x\",\"name\":\"fseendpoint2y8nedf6x\",\"type\":\"microsoft.storagemover/storagemovers/endpoints\",\"systemData\":{\"createdBy\":\"choudharysu@microsoft.com\",\"createdByType\":\"User\",\"createdAt\":\"2025-09-19T10:12:41.1996122Z\",\"lastModifiedBy\":\"choudharysu@microsoft.com\",\"lastModifiedByType\":\"User\",\"lastModifiedAt\":\"2025-09-19T10:12:41.1996122Z\"},\"properties\":{\"storageAccountResourceId\":\"/subscriptions/b6b34ad8-ca89-4f85-beb7-c2ec13702dac/resourceGroups/choudharysutest/providers/Microsoft.Storage/storageAccounts/storaccy8nedf6x\",\"fileShareName\":\"testfs\",\"endpointType\":\"AzureStorageSmbFileShare\",\"description\":\"New smb file share endpoint\",\"provisioningState\":\"Succeeded\"}}",
      "isContentBase64": false
    }
  },
  "New/Update-AzStorageMoverAzSmbFileShareEndpoint+[NoContext]+Create and update+$PATCH+https://management.azure.com/subscriptions/b6b34ad8-ca89-4f85-beb7-c2ec13702dac/resourceGroups/choudharysutest/providers/Microsoft.StorageMover/storageMovers/testStoMover1y8nedf6x/endpoints/fseendpoint1y8nedf6x?api-version=2025-07-01+5": {
    "Request": {
      "Method": "PATCH",
      "RequestUri": "https://management.azure.com/subscriptions/b6b34ad8-ca89-4f85-beb7-c2ec13702dac/resourceGroups/choudharysutest/providers/Microsoft.StorageMover/storageMovers/testStoMover1y8nedf6x/endpoints/fseendpoint1y8nedf6x?api-version=2025-07-01",
      "Content": "{\r\n  \"properties\": {\r\n    \"endpointType\": \"AzureStorageSmbFileShare\",\r\n    \"description\": \"updated file share endpoint\"\r\n  }\r\n}",
      "isContentBase64": false,
      "Headers": {
      },
      "ContentHeaders": {
        "Content-Type": [ "application/json" ],
        "Content-Length": [ "127" ]
      }
    },
    "Response": {
      "StatusCode": 200,
      "Headers": {
        "Cache-Control": [ "no-cache" ],
        "Pragma": [ "no-cache" ],
        "ETag": [ "\"1f007a7a-0000-3300-0000-68cd2c9b0000\"" ],
        "x-ms-operation-identifier": [ "tenantId=72f988bf-86f1-41af-91ab-2d7cd011db47,objectId=ade47690-3254-48fb-af97-0c4da9dd127c/centraluseuap/95396442-fa86-4d30-8053-e377f1ab8834" ],
        "x-ms-providerhub-traffic": [ "True" ],
        "mise-correlation-id": [ "87cf5694-57cb-41ec-8abc-f079f08ca1cf" ],
        "x-ms-request-id": [ "c7902875-7d33-4086-8d2c-8337d11bdf14" ],
        "x-ms-correlation-request-id": [ "503fdebd-5287-40b4-8c82-6d88ddeac27c" ],
        "x-ms-throttling-version": [ "v2" ],
        "x-ms-ratelimit-remaining-subscription-writes": [ "798" ],
        "x-ms-routing-request-id": [ "CENTRALUSEUAP:20250919T101243Z:503fdebd-5287-40b4-8c82-6d88ddeac27c" ],
        "Strict-Transport-Security": [ "max-age=31536000; includeSubDomains" ],
        "X-Content-Type-Options": [ "nosniff" ],
        "X-Cache": [ "CONFIG_NOCACHE" ],
        "X-MSEdge-Ref": [ "Ref A: A0BCDA012D56421F9659E139B28728F3 Ref B: MAA201060515011 Ref C: 2025-09-19T10:12:43Z" ],
        "Date": [ "Fri, 19 Sep 2025 10:12:43 GMT" ]
      },
      "ContentHeaders": {
        "Content-Length": [ "849" ],
        "Content-Type": [ "application/json; charset=utf-8" ],
        "Expires": [ "-1" ]
      },
      "Content": "{\"id\":\"/subscriptions/b6b34ad8-ca89-4f85-beb7-c2ec13702dac/resourceGroups/choudharysutest/providers/Microsoft.StorageMover/storageMovers/testStoMover1y8nedf6x/endpoints/fseendpoint1y8nedf6x\",\"name\":\"fseendpoint1y8nedf6x\",\"type\":\"microsoft.storagemover/storagemovers/endpoints\",\"systemData\":{\"createdBy\":\"choudharysu@microsoft.com\",\"createdByType\":\"User\",\"createdAt\":\"2025-09-19T10:12:40.0848079Z\",\"lastModifiedBy\":\"choudharysu@microsoft.com\",\"lastModifiedByType\":\"User\",\"lastModifiedAt\":\"2025-09-19T10:12:43.4591721Z\"},\"properties\":{\"storageAccountResourceId\":\"/subscriptions/b6b34ad8-ca89-4f85-beb7-c2ec13702dac/resourceGroups/choudharysutest/providers/Microsoft.Storage/storageAccounts/storaccy8nedf6x\",\"fileShareName\":\"testfs\",\"endpointType\":\"AzureStorageSmbFileShare\",\"description\":\"updated file share endpoint\",\"provisioningState\":\"Succeeded\"}}",
      "isContentBase64": false
    }
  },
  "New/Update-AzStorageMoverAzSmbFileShareEndpoint+[NoContext]+Create and update+$PATCH+https://management.azure.com/subscriptions/b6b34ad8-ca89-4f85-beb7-c2ec13702dac/resourceGroups/choudharysutest/providers/Microsoft.StorageMover/storageMovers/testStoMover1y8nedf6x/endpoints/fseendpoint2y8nedf6x?api-version=2025-07-01+6": {
    "Request": {
      "Method": "PATCH",
      "RequestUri": "https://management.azure.com/subscriptions/b6b34ad8-ca89-4f85-beb7-c2ec13702dac/resourceGroups/choudharysutest/providers/Microsoft.StorageMover/storageMovers/testStoMover1y8nedf6x/endpoints/fseendpoint2y8nedf6x?api-version=2025-07-01",
      "Content": "{\r\n  \"properties\": {\r\n    \"endpointType\": \"AzureStorageSmbFileShare\",\r\n    \"description\": \"updated file share endpoint\"\r\n  }\r\n}",
      "isContentBase64": false,
      "Headers": {
      },
      "ContentHeaders": {
        "Content-Type": [ "application/json" ],
        "Content-Length": [ "127" ]
      }
    },
    "Response": {
      "StatusCode": 200,
      "Headers": {
        "Cache-Control": [ "no-cache" ],
        "Pragma": [ "no-cache" ],
        "ETag": [ "\"1f007b7a-0000-3300-0000-68cd2c9c0000\"" ],
        "x-ms-operation-identifier": [ "tenantId=72f988bf-86f1-41af-91ab-2d7cd011db47,objectId=ade47690-3254-48fb-af97-0c4da9dd127c/centraluseuap/3b73cbe3-7dcd-40bf-be5c-b1c3204606bd" ],
        "x-ms-providerhub-traffic": [ "True" ],
        "mise-correlation-id": [ "d87ee825-4a07-4999-ac39-a98ea439e16f" ],
        "x-ms-request-id": [ "f897d2e0-5b78-4e08-b04a-c6d841fe45d4" ],
        "x-ms-correlation-request-id": [ "71f04341-6d1a-4821-93d0-e656aada1ece" ],
        "x-ms-throttling-version": [ "v2" ],
        "x-ms-ratelimit-remaining-subscription-writes": [ "798" ],
        "x-ms-routing-request-id": [ "CENTRALUSEUAP:20250919T101244Z:71f04341-6d1a-4821-93d0-e656aada1ece" ],
        "Strict-Transport-Security": [ "max-age=31536000; includeSubDomains" ],
        "X-Content-Type-Options": [ "nosniff" ],
        "X-Cache": [ "CONFIG_NOCACHE" ],
        "X-MSEdge-Ref": [ "Ref A: 9D27C7BAFD50488992BF34258134A47D Ref B: MAA201060515011 Ref C: 2025-09-19T10:12:44Z" ],
        "Date": [ "Fri, 19 Sep 2025 10:12:44 GMT" ]
      },
      "ContentHeaders": {
        "Content-Length": [ "849" ],
        "Content-Type": [ "application/json; charset=utf-8" ],
        "Expires": [ "-1" ]
      },
      "Content": "{\"id\":\"/subscriptions/b6b34ad8-ca89-4f85-beb7-c2ec13702dac/resourceGroups/choudharysutest/providers/Microsoft.StorageMover/storageMovers/testStoMover1y8nedf6x/endpoints/fseendpoint2y8nedf6x\",\"name\":\"fseendpoint2y8nedf6x\",\"type\":\"microsoft.storagemover/storagemovers/endpoints\",\"systemData\":{\"createdBy\":\"choudharysu@microsoft.com\",\"createdByType\":\"User\",\"createdAt\":\"2025-09-19T10:12:41.1996122Z\",\"lastModifiedBy\":\"choudharysu@microsoft.com\",\"lastModifiedByType\":\"User\",\"lastModifiedAt\":\"2025-09-19T10:12:44.4808765Z\"},\"properties\":{\"storageAccountResourceId\":\"/subscriptions/b6b34ad8-ca89-4f85-beb7-c2ec13702dac/resourceGroups/choudharysutest/providers/Microsoft.Storage/storageAccounts/storaccy8nedf6x\",\"fileShareName\":\"testfs\",\"endpointType\":\"AzureStorageSmbFileShare\",\"description\":\"updated file share endpoint\",\"provisioningState\":\"Succeeded\"}}",
      "isContentBase64": false
    }
  },
  "New/Update-AzStorageMoverAzSmbFileShareEndpoint+[NoContext]+Create and update+$GET+https://management.azure.com/subscriptions/b6b34ad8-ca89-4f85-beb7-c2ec13702dac/resourceGroups/choudharysutest/providers/Microsoft.StorageMover/storageMovers/testStoMover1y8nedf6x/endpoints/fseendpoint1y8nedf6x?api-version=2025-07-01+7": {
    "Request": {
      "Method": "GET",
      "RequestUri": "https://centraluseuap.management.azure.com/subscriptions/b6b34ad8-ca89-4f85-beb7-c2ec13702dac/resourceGroups/choudharysutest/providers/Microsoft.StorageMover/storageMovers/testStoMover1y8nedf6x/endpoints/fseendpoint1y8nedf6x?api-version=2025-07-01",
      "Content": null,
      "isContentBase64": false,
      "Headers": {
        "x-ms-unique-id": [ "33" ],
        "x-ms-client-request-id": [ "958e9877-ad98-464c-9a42-89defa080133" ],
        "CommandName": [ "Get-AzStorageMoverEndpoint" ],
        "FullCommandName": [ "Get-AzStorageMoverEndpoint_Get" ],
        "ParameterSetName": [ "__AllParameterSets" ],
        "User-Agent": [ "AzurePowershell/v12.2.0", "PSVersion/v7.5.3", "Az.StorageMover/0.1.0" ],
        "Authorization": [ "[Filtered]" ]
      },
      "ContentHeaders": {
      }
    },
    "Response": {
      "StatusCode": 200,
      "Headers": {
        "Cache-Control": [ "no-cache" ],
        "Pragma": [ "no-cache" ],
        "ETag": [ "\"1f007a7a-0000-3300-0000-68cd2c9b0000\"" ],
        "x-ms-operation-identifier": [ "tenantId=72f988bf-86f1-41af-91ab-2d7cd011db47,objectId=ade47690-3254-48fb-af97-0c4da9dd127c/centraluseuap/b1aefbea-9b2b-45a0-8dc2-6c44dddbba74" ],
        "x-ms-providerhub-traffic": [ "True" ],
        "x-ms-request-id": [ "1991becf-e679-4ef8-86b8-e004ebde389b" ],
        "x-ms-correlation-request-id": [ "4292e60c-8097-44fc-81fb-421028238f60" ],
        "x-ms-throttling-version": [ "v2" ],
        "x-ms-ratelimit-remaining-subscription-reads": [ "1098" ],
        "x-ms-routing-request-id": [ "CENTRALUSEUAP:20250919T101245Z:4292e60c-8097-44fc-81fb-421028238f60" ],
        "Strict-Transport-Security": [ "max-age=31536000; includeSubDomains" ],
        "X-Content-Type-Options": [ "nosniff" ],
        "X-Cache": [ "CONFIG_NOCACHE" ],
        "X-MSEdge-Ref": [ "Ref A: D782DDD3ED354B999E52A2DE0EDC2D03 Ref B: MAA201060515011 Ref C: 2025-09-19T10:12:45Z" ],
        "Date": [ "Fri, 19 Sep 2025 10:12:44 GMT" ]
      },
      "ContentHeaders": {
        "Content-Length": [ "849" ],
        "Content-Type": [ "application/json; charset=utf-8" ],
        "Expires": [ "-1" ]
      },
      "Content": "{\"id\":\"/subscriptions/b6b34ad8-ca89-4f85-beb7-c2ec13702dac/resourceGroups/choudharysutest/providers/Microsoft.StorageMover/storageMovers/testStoMover1y8nedf6x/endpoints/fseendpoint1y8nedf6x\",\"name\":\"fseendpoint1y8nedf6x\",\"type\":\"microsoft.storagemover/storagemovers/endpoints\",\"systemData\":{\"createdBy\":\"choudharysu@microsoft.com\",\"createdByType\":\"User\",\"createdAt\":\"2025-09-19T10:12:40.0848079Z\",\"lastModifiedBy\":\"choudharysu@microsoft.com\",\"lastModifiedByType\":\"User\",\"lastModifiedAt\":\"2025-09-19T10:12:43.4591721Z\"},\"properties\":{\"storageAccountResourceId\":\"/subscriptions/b6b34ad8-ca89-4f85-beb7-c2ec13702dac/resourceGroups/choudharysutest/providers/Microsoft.Storage/storageAccounts/storaccy8nedf6x\",\"fileShareName\":\"testfs\",\"endpointType\":\"AzureStorageSmbFileShare\",\"description\":\"updated file share endpoint\",\"provisioningState\":\"Succeeded\"}}",
      "isContentBase64": false
    }
  },
  "New/Update-AzStorageMoverAzSmbFileShareEndpoint+[NoContext]+Create and update+$GET+https://management.azure.com/subscriptions/b6b34ad8-ca89-4f85-beb7-c2ec13702dac/resourceGroups/choudharysutest/providers/Microsoft.StorageMover/storageMovers/testStoMover1y8nedf6x/endpoints/fseendpoint2y8nedf6x?api-version=2025-07-01+8": {
    "Request": {
      "Method": "GET",
      "RequestUri": "https://centraluseuap.management.azure.com/subscriptions/b6b34ad8-ca89-4f85-beb7-c2ec13702dac/resourceGroups/choudharysutest/providers/Microsoft.StorageMover/storageMovers/testStoMover1y8nedf6x/endpoints/fseendpoint2y8nedf6x?api-version=2025-07-01",
      "Content": null,
      "isContentBase64": false,
      "Headers": {
        "x-ms-unique-id": [ "34" ],
        "x-ms-client-request-id": [ "b0bf0437-688a-439f-9d20-7e995ebc1552" ],
        "CommandName": [ "Get-AzStorageMoverEndpoint" ],
        "FullCommandName": [ "Get-AzStorageMoverEndpoint_Get" ],
        "ParameterSetName": [ "__AllParameterSets" ],
        "User-Agent": [ "AzurePowershell/v12.2.0", "PSVersion/v7.5.3", "Az.StorageMover/0.1.0" ],
        "Authorization": [ "[Filtered]" ]
      },
      "ContentHeaders": {
      }
    },
    "Response": {
      "StatusCode": 200,
      "Headers": {
        "Cache-Control": [ "no-cache" ],
        "Pragma": [ "no-cache" ],
        "ETag": [ "\"1f007b7a-0000-3300-0000-68cd2c9c0000\"" ],
        "x-ms-operation-identifier": [ "tenantId=72f988bf-86f1-41af-91ab-2d7cd011db47,objectId=ade47690-3254-48fb-af97-0c4da9dd127c/centraluseuap/e5e3da94-51b9-4cdb-9d0c-ca1a84e52196" ],
        "x-ms-providerhub-traffic": [ "True" ],
        "x-ms-request-id": [ "cb01f0eb-33e9-400b-ad77-4c784bedfe03" ],
        "x-ms-correlation-request-id": [ "9f7527eb-e990-4ef4-b073-70332205ea98" ],
        "x-ms-throttling-version": [ "v2" ],
        "x-ms-ratelimit-remaining-subscription-reads": [ "1097" ],
        "x-ms-routing-request-id": [ "CENTRALUSEUAP:20250919T101246Z:9f7527eb-e990-4ef4-b073-70332205ea98" ],
        "Strict-Transport-Security": [ "max-age=31536000; includeSubDomains" ],
        "X-Content-Type-Options": [ "nosniff" ],
        "X-Cache": [ "CONFIG_NOCACHE" ],
        "X-MSEdge-Ref": [ "Ref A: 341D7E9CA3AB4499AAECB0C5D3196BEB Ref B: MAA201060515011 Ref C: 2025-09-19T10:12:45Z" ],
        "Date": [ "Fri, 19 Sep 2025 10:12:45 GMT" ]
      },
      "ContentHeaders": {
        "Content-Length": [ "849" ],
        "Content-Type": [ "application/json; charset=utf-8" ],
        "Expires": [ "-1" ]
      },
      "Content": "{\"id\":\"/subscriptions/b6b34ad8-ca89-4f85-beb7-c2ec13702dac/resourceGroups/choudharysutest/providers/Microsoft.StorageMover/storageMovers/testStoMover1y8nedf6x/endpoints/fseendpoint2y8nedf6x\",\"name\":\"fseendpoint2y8nedf6x\",\"type\":\"microsoft.storagemover/storagemovers/endpoints\",\"systemData\":{\"createdBy\":\"choudharysu@microsoft.com\",\"createdByType\":\"User\",\"createdAt\":\"2025-09-19T10:12:41.1996122Z\",\"lastModifiedBy\":\"choudharysu@microsoft.com\",\"lastModifiedByType\":\"User\",\"lastModifiedAt\":\"2025-09-19T10:12:44.4808765Z\"},\"properties\":{\"storageAccountResourceId\":\"/subscriptions/b6b34ad8-ca89-4f85-beb7-c2ec13702dac/resourceGroups/choudharysutest/providers/Microsoft.Storage/storageAccounts/storaccy8nedf6x\",\"fileShareName\":\"testfs\",\"endpointType\":\"AzureStorageSmbFileShare\",\"description\":\"updated file share endpoint\",\"provisioningState\":\"Succeeded\"}}",
      "isContentBase64": false
    }
  }
}