{
  "Remove-AzConfidentialLedger+[NoContext]+Delete+$PUT+https://management.azure.com/subscriptions/027da7f8-2fc6-46d4-9be9-560706b60fec/resourceGroups/aclpwsh-rg-cdeb346/providers/Microsoft.ConfidentialLedger/ledgers/pwsh-remove-af9c2k?api-version=2021-05-13-preview+1": {
    "Request": {
      "Method": "PUT",
      "RequestUri": "https://management.azure.com/subscriptions/027da7f8-2fc6-46d4-9be9-560706b60fec/resourceGroups/aclpwsh-rg-cdeb346/providers/Microsoft.ConfidentialLedger/ledgers/pwsh-remove-af9c2k?api-version=2021-05-13-preview",
      "Content": "{\n  \"location\": \"eastus\",\n  \"tags\": {\n    \"Tag0\": \"additional properties 0\"\n  },\n  \"properties\": {\n    \"ledgerType\": \"Public\",\n    \"aadBasedSecurityPrincipals\": [\n      {\n        \"principalId\": \"34621747-6fc8-4771-a2eb-72f31c461f2e\",\n        \"tenantId\": \"bce123b9-2b7b-4975-8360-5ca0b9b1cd08\",\n        \"ledgerRoleName\": \"Administrator\"\n      }\n    ],\n    \"certBasedSecurityPrincipals\": [\n      {\n        \"cert\": \"-----BEGIN CERTIFICATE-----MIIBsjCCATigAwIBAgIUZWIbyG79TniQLd2UxJuU74tqrKcwCgYIKoZIzj0EAwMwEDEOMAwGA1UEAwwFdXNlcjAwHhcNMjEwMzE2MTgwNjExWhcNMjIwMzE2MTgwNjExWjAQMQ4wDAYDVQQDDAV1c2VyMDB2MBAGByqGSM49AgEGBSuBBAAiA2IABBiWSo/j8EFit7aUMm5lF+lUmCu+IgfnpFD+7QMgLKtxRJ3aGSqgS/GpqcYVGddnODtSarNE/HyGKUFUolLPQ5ybHcouUk0kyfA7XMeSoUA4lBz63Wha8wmXo+NdBRo39qNTMFEwHQYDVR0OBBYEFPtuhrwgGjDFHeUUT4nGsXaZn69KMB8GA1UdIwQYMBaAFPtuhrwgGjDFHeUUT4nGsXaZn69KMA8GA1UdEwEB/wQFMAMBAf8wCgYIKoZIzj0EAwMDaAAwZQIxAOnozm2CyqRwSSQLls5r+mUHRGRyXHXwYtM4Dcst/VEZdmS9fqvHRCHbjUlO/+HNfgIwMWZ4FmsjD3wnPxONOm9YdVn/PRD7SsPRPbOjwBiE4EBGaHDsLjYAGDSGi7NJnSkA-----END CERTIFICATE-----\",\n        \"ledgerRoleName\": \"Reader\"\n      }\n    ]\n  }\n}",
      "isContentBase64": false,
      "Headers": {
      },
      "ContentHeaders": {
        "Content-Type": [ "application/json" ],
        "Content-Length": [ "1106" ]
      }
    },
    "Response": {
      "StatusCode": 201,
      "Headers": {
        "Cache-Control": [ "no-cache" ],
        "Pragma": [ "no-cache" ],
        "ETag": [ "\"c70055db-0000-0100-0000-62055c580000\"" ],
        "x-ms-ratelimit-remaining-subscription-writes": [ "1197" ],
        "x-ms-providerhub-traffic": [ "True" ],
        "x-ms-correlation-request-id": [ "49b27e2e-d704-45f2-a69f-0450eb2d1fea" ],
        "x-ms-client-request-id": [ "89f22bce-6e9e-4e41-af23-6f3c3bf7c8fb" ],
        "x-ms-machineName": [ "controlplane-5fd6c9fd47-8p2fg" ],
        "x-ms-image-digest": [ "sha256:072a8d3f13b0f1b3594e0e0c376a19a69d4912941a94b993081f114ff087fb33" ],
        "x-ms-image-tag": [ "1.0.01866.313-e2d5b19c4f5da26cec69ac62d20ff8ceaf396f0a" ],
        "x-ms-async-operation-timeout": [ "PT10M" ],
        "Azure-AsyncOperation": [ "https://management.azure.com/providers/Microsoft.ConfidentialLedger/locations/EASTUS/operationStatuses/b226d064-a05e-47c0-83d1-5ad34d9867cf*64C2F5AF6774E66B46F7D9FC2BD7003C8F87B8E45118A8D8F16F643A1F57A787?api-version=2021-05-13-preview" ],
        "x-ms-request-id": [ "b226d064-a05e-47c0-83d1-5ad34d9867cf" ],
        "x-ms-routing-request-id": [ "WESTUS2:20220210T184129Z:49b27e2e-d704-45f2-a69f-0450eb2d1fea" ],
        "Strict-Transport-Security": [ "max-age=31536000; includeSubDomains" ],
        "X-Content-Type-Options": [ "nosniff" ],
        "Date": [ "Thu, 10 Feb 2022 18:41:29 GMT" ]
      },
      "ContentHeaders": {
        "Content-Length": [ "1706" ],
        "Content-Type": [ "application/json; charset=utf-8" ],
        "Expires": [ "-1" ]
      },
      "Content": "{\"id\":\"/subscriptions/027da7f8-2fc6-46d4-9be9-560706b60fec/resourceGroups/aclpwsh-rg-cdeb346/providers/Microsoft.ConfidentialLedger/ledgers/pwsh-remove-af9c2k\",\"name\":\"pwsh-remove-af9c2k\",\"type\":\"microsoft.confidentialledger/ledgers\",\"location\":\"eastus\",\"tags\":{\"Tag0\":\"additional properties 0\"},\"systemData\":{\"createdBy\":\"lyshi@microsoft.com\",\"createdByType\":\"User\",\"createdAt\":\"2022-02-10T18:41:23.3229358Z\",\"lastModifiedBy\":\"lyshi@microsoft.com\",\"lastModifiedByType\":\"User\",\"lastModifiedAt\":\"2022-02-10T18:41:23.3229358Z\"},\"properties\":{\"ledgerName\":\"pwsh-remove-af9c2k\",\"ledgerType\":\"Public\",\"aadBasedSecurityPrincipals\":[{\"principalId\":\"34621747-6fc8-4771-a2eb-72f31c461f2e\",\"tenantId\":\"bce123b9-2b7b-4975-8360-5ca0b9b1cd08\",\"ledgerRoleName\":\"Administrator\"},{\"principalId\":\"480f0db4-5580-44c3-b7a4-0b90304e1960\",\"tenantId\":\"72f988bf-86f1-41af-91ab-2d7cd011db47\",\"ledgerRoleName\":\"Administrator\"}],\"certBasedSecurityPrincipals\":[{\"cert\":\"-----BEGIN CERTIFICATE-----MIIBsjCCATigAwIBAgIUZWIbyG79TniQLd2UxJuU74tqrKcwCgYIKoZIzj0EAwMwEDEOMAwGA1UEAwwFdXNlcjAwHhcNMjEwMzE2MTgwNjExWhcNMjIwMzE2MTgwNjExWjAQMQ4wDAYDVQQDDAV1c2VyMDB2MBAGByqGSM49AgEGBSuBBAAiA2IABBiWSo/j8EFit7aUMm5lF+lUmCu+IgfnpFD+7QMgLKtxRJ3aGSqgS/GpqcYVGddnODtSarNE/HyGKUFUolLPQ5ybHcouUk0kyfA7XMeSoUA4lBz63Wha8wmXo+NdBRo39qNTMFEwHQYDVR0OBBYEFPtuhrwgGjDFHeUUT4nGsXaZn69KMB8GA1UdIwQYMBaAFPtuhrwgGjDFHeUUT4nGsXaZn69KMA8GA1UdEwEB/wQFMAMBAf8wCgYIKoZIzj0EAwMDaAAwZQIxAOnozm2CyqRwSSQLls5r+mUHRGRyXHXwYtM4Dcst/VEZdmS9fqvHRCHbjUlO/+HNfgIwMWZ4FmsjD3wnPxONOm9YdVn/PRD7SsPRPbOjwBiE4EBGaHDsLjYAGDSGi7NJnSkA-----END CERTIFICATE-----\",\"ledgerRoleName\":\"Reader\"}],\"ledgerInternalNamespace\":\"ed6d5919-6364-44e9-9744-fb8ff1b8aede\",\"provisioningState\":\"Accepted\"}}",
      "isContentBase64": false
    }
  },
  "Remove-AzConfidentialLedger+[NoContext]+Delete+$GET+https://management.azure.com/providers/Microsoft.ConfidentialLedger/locations/EASTUS/operationStatuses/b226d064-a05e-47c0-83d1-5ad34d9867cf*64C2F5AF6774E66B46F7D9FC2BD7003C8F87B8E45118A8D8F16F643A1F57A787?api-version=2021-05-13-preview+2": {
    "Request": {
      "Method": "GET",
      "RequestUri": "https://management.azure.com/providers/Microsoft.ConfidentialLedger/locations/EASTUS/operationStatuses/b226d064-a05e-47c0-83d1-5ad34d9867cf*64C2F5AF6774E66B46F7D9FC2BD7003C8F87B8E45118A8D8F16F643A1F57A787?api-version=2021-05-13-preview",
      "Content": null,
      "isContentBase64": false,
      "Headers": {
        "Authorization": [ "[Filtered]" ],
        "x-ms-unique-id": [ "36" ],
        "x-ms-client-request-id": [ "9396de03-eecb-4a60-b11f-c4221573d949" ],
        "CommandName": [ "New-AzConfidentialLedger" ],
        "FullCommandName": [ "New-AzConfidentialLedger_CreateExpanded" ],
        "ParameterSetName": [ "__AllParameterSets" ],
        "User-Agent": [ "AzurePowershell/Az4.0.0-preview" ]
      },
      "ContentHeaders": {
      }
    },
    "Response": {
      "StatusCode": 200,
      "Headers": {
        "Cache-Control": [ "no-cache" ],
        "Pragma": [ "no-cache" ],
        "ETag": [ "\"9b015e2e-0000-0100-0000-62055c540000\"" ],
        "x-ms-ratelimit-remaining-tenant-reads": [ "11977" ],
        "x-ms-routing-request-id": [ "WESTUS2:20220210T184159Z:bd2f5c33-5c40-49c1-b1e4-ee9d86330a20" ],
        "x-ms-request-id": [ "689f62fa-976c-4cd3-ae4e-36d038105f8f" ],
        "x-ms-correlation-request-id": [ "bd2f5c33-5c40-49c1-b1e4-ee9d86330a20" ],
        "Strict-Transport-Security": [ "max-age=31536000; includeSubDomains" ],
        "X-Content-Type-Options": [ "nosniff" ],
        "Date": [ "Thu, 10 Feb 2022 18:41:59 GMT" ]
      },
      "ContentHeaders": {
        "Content-Length": [ "525" ],
        "Content-Type": [ "application/json; charset=utf-8" ],
        "Expires": [ "-1" ]
      },
      "Content": "{\"id\":\"/providers/Microsoft.ConfidentialLedger/locations/EASTUS/operationStatuses/b226d064-a05e-47c0-83d1-5ad34d9867cf*64C2F5AF6774E66B46F7D9FC2BD7003C8F87B8E45118A8D8F16F643A1F57A787\",\"name\":\"b226d064-a05e-47c0-83d1-5ad34d9867cf*64C2F5AF6774E66B46F7D9FC2BD7003C8F87B8E45118A8D8F16F643A1F57A787\",\"resourceId\":\"/subscriptions/027da7f8-2fc6-46d4-9be9-560706b60fec/resourceGroups/aclpwsh-rg-cdeb346/providers/Microsoft.ConfidentialLedger/ledgers/pwsh-remove-af9c2k\",\"status\":\"Accepted\",\"startTime\":\"2022-02-10T18:41:24.407566Z\"}",
      "isContentBase64": false
    }
  },
  "Remove-AzConfidentialLedger+[NoContext]+Delete+$GET+https://management.azure.com/providers/Microsoft.ConfidentialLedger/locations/EASTUS/operationStatuses/b226d064-a05e-47c0-83d1-5ad34d9867cf*64C2F5AF6774E66B46F7D9FC2BD7003C8F87B8E45118A8D8F16F643A1F57A787?api-version=2021-05-13-preview+3": {
    "Request": {
      "Method": "GET",
      "RequestUri": "https://management.azure.com/providers/Microsoft.ConfidentialLedger/locations/EASTUS/operationStatuses/b226d064-a05e-47c0-83d1-5ad34d9867cf*64C2F5AF6774E66B46F7D9FC2BD7003C8F87B8E45118A8D8F16F643A1F57A787?api-version=2021-05-13-preview",
      "Content": null,
      "isContentBase64": false,
      "Headers": {
        "Authorization": [ "[Filtered]" ],
        "x-ms-unique-id": [ "37" ],
        "x-ms-client-request-id": [ "9396de03-eecb-4a60-b11f-c4221573d949" ],
        "CommandName": [ "New-AzConfidentialLedger" ],
        "FullCommandName": [ "New-AzConfidentialLedger_CreateExpanded" ],
        "ParameterSetName": [ "__AllParameterSets" ],
        "User-Agent": [ "AzurePowershell/Az4.0.0-preview" ]
      },
      "ContentHeaders": {
      }
    },
    "Response": {
      "StatusCode": 200,
      "Headers": {
        "Cache-Control": [ "no-cache" ],
        "Pragma": [ "no-cache" ],
        "ETag": [ "\"9b015e2e-0000-0100-0000-62055c540000\"" ],
        "x-ms-ratelimit-remaining-tenant-reads": [ "11976" ],
        "x-ms-request-id": [ "f18184e2-8bc3-48e2-80dc-34cbc6abc563" ],
        "x-ms-correlation-request-id": [ "c843ce70-4fee-4eac-89ef-61ba356a9eb7" ],
        "x-ms-routing-request-id": [ "WESTUS2:20220210T184230Z:c843ce70-4fee-4eac-89ef-61ba356a9eb7" ],
        "Strict-Transport-Security": [ "max-age=31536000; includeSubDomains" ],
        "X-Content-Type-Options": [ "nosniff" ],
        "Date": [ "Thu, 10 Feb 2022 18:42:29 GMT" ]
      },
      "ContentHeaders": {
        "Content-Length": [ "525" ],
        "Content-Type": [ "application/json; charset=utf-8" ],
        "Expires": [ "-1" ]
      },
      "Content": "{\"id\":\"/providers/Microsoft.ConfidentialLedger/locations/EASTUS/operationStatuses/b226d064-a05e-47c0-83d1-5ad34d9867cf*64C2F5AF6774E66B46F7D9FC2BD7003C8F87B8E45118A8D8F16F643A1F57A787\",\"name\":\"b226d064-a05e-47c0-83d1-5ad34d9867cf*64C2F5AF6774E66B46F7D9FC2BD7003C8F87B8E45118A8D8F16F643A1F57A787\",\"resourceId\":\"/subscriptions/027da7f8-2fc6-46d4-9be9-560706b60fec/resourceGroups/aclpwsh-rg-cdeb346/providers/Microsoft.ConfidentialLedger/ledgers/pwsh-remove-af9c2k\",\"status\":\"Accepted\",\"startTime\":\"2022-02-10T18:41:24.407566Z\"}",
      "isContentBase64": false
    }
  },
  "Remove-AzConfidentialLedger+[NoContext]+Delete+$GET+https://management.azure.com/providers/Microsoft.ConfidentialLedger/locations/EASTUS/operationStatuses/b226d064-a05e-47c0-83d1-5ad34d9867cf*64C2F5AF6774E66B46F7D9FC2BD7003C8F87B8E45118A8D8F16F643A1F57A787?api-version=2021-05-13-preview+4": {
    "Request": {
      "Method": "GET",
      "RequestUri": "https://management.azure.com/providers/Microsoft.ConfidentialLedger/locations/EASTUS/operationStatuses/b226d064-a05e-47c0-83d1-5ad34d9867cf*64C2F5AF6774E66B46F7D9FC2BD7003C8F87B8E45118A8D8F16F643A1F57A787?api-version=2021-05-13-preview",
      "Content": null,
      "isContentBase64": false,
      "Headers": {
        "Authorization": [ "[Filtered]" ],
        "x-ms-unique-id": [ "38" ],
        "x-ms-client-request-id": [ "9396de03-eecb-4a60-b11f-c4221573d949" ],
        "CommandName": [ "New-AzConfidentialLedger" ],
        "FullCommandName": [ "New-AzConfidentialLedger_CreateExpanded" ],
        "ParameterSetName": [ "__AllParameterSets" ],
        "User-Agent": [ "AzurePowershell/Az4.0.0-preview" ]
      },
      "ContentHeaders": {
      }
    },
    "Response": {
      "StatusCode": 200,
      "Headers": {
        "Cache-Control": [ "no-cache" ],
        "Pragma": [ "no-cache" ],
        "ETag": [ "\"9b015e2e-0000-0100-0000-62055c540000\"" ],
        "x-ms-ratelimit-remaining-tenant-reads": [ "11975" ],
        "x-ms-request-id": [ "3f6e1f9e-5e69-4e51-a5ea-ef62ea41dffb" ],
        "x-ms-correlation-request-id": [ "4e8a9b34-0b37-4b5e-a18e-c8456f85c7c4" ],
        "x-ms-routing-request-id": [ "WESTUS2:20220210T184300Z:4e8a9b34-0b37-4b5e-a18e-c8456f85c7c4" ],
        "Strict-Transport-Security": [ "max-age=31536000; includeSubDomains" ],
        "X-Content-Type-Options": [ "nosniff" ],
        "Date": [ "Thu, 10 Feb 2022 18:42:59 GMT" ]
      },
      "ContentHeaders": {
        "Content-Length": [ "525" ],
        "Content-Type": [ "application/json; charset=utf-8" ],
        "Expires": [ "-1" ]
      },
      "Content": "{\"id\":\"/providers/Microsoft.ConfidentialLedger/locations/EASTUS/operationStatuses/b226d064-a05e-47c0-83d1-5ad34d9867cf*64C2F5AF6774E66B46F7D9FC2BD7003C8F87B8E45118A8D8F16F643A1F57A787\",\"name\":\"b226d064-a05e-47c0-83d1-5ad34d9867cf*64C2F5AF6774E66B46F7D9FC2BD7003C8F87B8E45118A8D8F16F643A1F57A787\",\"resourceId\":\"/subscriptions/027da7f8-2fc6-46d4-9be9-560706b60fec/resourceGroups/aclpwsh-rg-cdeb346/providers/Microsoft.ConfidentialLedger/ledgers/pwsh-remove-af9c2k\",\"status\":\"Accepted\",\"startTime\":\"2022-02-10T18:41:24.407566Z\"}",
      "isContentBase64": false
    }
  },
  "Remove-AzConfidentialLedger+[NoContext]+Delete+$GET+https://management.azure.com/providers/Microsoft.ConfidentialLedger/locations/EASTUS/operationStatuses/b226d064-a05e-47c0-83d1-5ad34d9867cf*64C2F5AF6774E66B46F7D9FC2BD7003C8F87B8E45118A8D8F16F643A1F57A787?api-version=2021-05-13-preview+5": {
    "Request": {
      "Method": "GET",
      "RequestUri": "https://management.azure.com/providers/Microsoft.ConfidentialLedger/locations/EASTUS/operationStatuses/b226d064-a05e-47c0-83d1-5ad34d9867cf*64C2F5AF6774E66B46F7D9FC2BD7003C8F87B8E45118A8D8F16F643A1F57A787?api-version=2021-05-13-preview",
      "Content": null,
      "isContentBase64": false,
      "Headers": {
        "Authorization": [ "[Filtered]" ],
        "x-ms-unique-id": [ "39" ],
        "x-ms-client-request-id": [ "9396de03-eecb-4a60-b11f-c4221573d949" ],
        "CommandName": [ "New-AzConfidentialLedger" ],
        "FullCommandName": [ "New-AzConfidentialLedger_CreateExpanded" ],
        "ParameterSetName": [ "__AllParameterSets" ],
        "User-Agent": [ "AzurePowershell/Az4.0.0-preview" ]
      },
      "ContentHeaders": {
      }
    },
    "Response": {
      "StatusCode": 200,
      "Headers": {
        "Cache-Control": [ "no-cache" ],
        "Pragma": [ "no-cache" ],
        "ETag": [ "\"9b015e2e-0000-0100-0000-62055c540000\"" ],
        "x-ms-ratelimit-remaining-tenant-reads": [ "11974" ],
        "x-ms-request-id": [ "287a3db3-08d0-4dde-ab7b-cee66a19b1af" ],
        "x-ms-correlation-request-id": [ "a596d895-d542-43f2-b411-ab424cdbc425" ],
        "x-ms-routing-request-id": [ "WESTUS2:20220210T184330Z:a596d895-d542-43f2-b411-ab424cdbc425" ],
        "Strict-Transport-Security": [ "max-age=31536000; includeSubDomains" ],
        "X-Content-Type-Options": [ "nosniff" ],
        "Date": [ "Thu, 10 Feb 2022 18:43:29 GMT" ]
      },
      "ContentHeaders": {
        "Content-Length": [ "525" ],
        "Content-Type": [ "application/json; charset=utf-8" ],
        "Expires": [ "-1" ]
      },
      "Content": "{\"id\":\"/providers/Microsoft.ConfidentialLedger/locations/EASTUS/operationStatuses/b226d064-a05e-47c0-83d1-5ad34d9867cf*64C2F5AF6774E66B46F7D9FC2BD7003C8F87B8E45118A8D8F16F643A1F57A787\",\"name\":\"b226d064-a05e-47c0-83d1-5ad34d9867cf*64C2F5AF6774E66B46F7D9FC2BD7003C8F87B8E45118A8D8F16F643A1F57A787\",\"resourceId\":\"/subscriptions/027da7f8-2fc6-46d4-9be9-560706b60fec/resourceGroups/aclpwsh-rg-cdeb346/providers/Microsoft.ConfidentialLedger/ledgers/pwsh-remove-af9c2k\",\"status\":\"Accepted\",\"startTime\":\"2022-02-10T18:41:24.407566Z\"}",
      "isContentBase64": false
    }
  },
  "Remove-AzConfidentialLedger+[NoContext]+Delete+$GET+https://management.azure.com/providers/Microsoft.ConfidentialLedger/locations/EASTUS/operationStatuses/b226d064-a05e-47c0-83d1-5ad34d9867cf*64C2F5AF6774E66B46F7D9FC2BD7003C8F87B8E45118A8D8F16F643A1F57A787?api-version=2021-05-13-preview+6": {
    "Request": {
      "Method": "GET",
      "RequestUri": "https://management.azure.com/providers/Microsoft.ConfidentialLedger/locations/EASTUS/operationStatuses/b226d064-a05e-47c0-83d1-5ad34d9867cf*64C2F5AF6774E66B46F7D9FC2BD7003C8F87B8E45118A8D8F16F643A1F57A787?api-version=2021-05-13-preview",
      "Content": null,
      "isContentBase64": false,
      "Headers": {
        "Authorization": [ "[Filtered]" ],
        "x-ms-unique-id": [ "40" ],
        "x-ms-client-request-id": [ "9396de03-eecb-4a60-b11f-c4221573d949" ],
        "CommandName": [ "New-AzConfidentialLedger" ],
        "FullCommandName": [ "New-AzConfidentialLedger_CreateExpanded" ],
        "ParameterSetName": [ "__AllParameterSets" ],
        "User-Agent": [ "AzurePowershell/Az4.0.0-preview" ]
      },
      "ContentHeaders": {
      }
    },
    "Response": {
      "StatusCode": 200,
      "Headers": {
        "Cache-Control": [ "no-cache" ],
        "Pragma": [ "no-cache" ],
        "ETag": [ "\"9b015e2e-0000-0100-0000-62055c540000\"" ],
        "x-ms-ratelimit-remaining-tenant-reads": [ "11973" ],
        "x-ms-request-id": [ "15120985-c3b6-4448-bad9-ad552819b949" ],
        "x-ms-correlation-request-id": [ "699928f0-b0e4-4f72-ae90-0bf494a1d239" ],
        "x-ms-routing-request-id": [ "WESTUS2:20220210T184400Z:699928f0-b0e4-4f72-ae90-0bf494a1d239" ],
        "Strict-Transport-Security": [ "max-age=31536000; includeSubDomains" ],
        "X-Content-Type-Options": [ "nosniff" ],
        "Date": [ "Thu, 10 Feb 2022 18:44:00 GMT" ]
      },
      "ContentHeaders": {
        "Content-Length": [ "525" ],
        "Content-Type": [ "application/json; charset=utf-8" ],
        "Expires": [ "-1" ]
      },
      "Content": "{\"id\":\"/providers/Microsoft.ConfidentialLedger/locations/EASTUS/operationStatuses/b226d064-a05e-47c0-83d1-5ad34d9867cf*64C2F5AF6774E66B46F7D9FC2BD7003C8F87B8E45118A8D8F16F643A1F57A787\",\"name\":\"b226d064-a05e-47c0-83d1-5ad34d9867cf*64C2F5AF6774E66B46F7D9FC2BD7003C8F87B8E45118A8D8F16F643A1F57A787\",\"resourceId\":\"/subscriptions/027da7f8-2fc6-46d4-9be9-560706b60fec/resourceGroups/aclpwsh-rg-cdeb346/providers/Microsoft.ConfidentialLedger/ledgers/pwsh-remove-af9c2k\",\"status\":\"Accepted\",\"startTime\":\"2022-02-10T18:41:24.407566Z\"}",
      "isContentBase64": false
    }
  },
  "Remove-AzConfidentialLedger+[NoContext]+Delete+$GET+https://management.azure.com/providers/Microsoft.ConfidentialLedger/locations/EASTUS/operationStatuses/b226d064-a05e-47c0-83d1-5ad34d9867cf*64C2F5AF6774E66B46F7D9FC2BD7003C8F87B8E45118A8D8F16F643A1F57A787?api-version=2021-05-13-preview+7": {
    "Request": {
      "Method": "GET",
      "RequestUri": "https://management.azure.com/providers/Microsoft.ConfidentialLedger/locations/EASTUS/operationStatuses/b226d064-a05e-47c0-83d1-5ad34d9867cf*64C2F5AF6774E66B46F7D9FC2BD7003C8F87B8E45118A8D8F16F643A1F57A787?api-version=2021-05-13-preview",
      "Content": null,
      "isContentBase64": false,
      "Headers": {
        "Authorization": [ "[Filtered]" ],
        "x-ms-unique-id": [ "41" ],
        "x-ms-client-request-id": [ "9396de03-eecb-4a60-b11f-c4221573d949" ],
        "CommandName": [ "New-AzConfidentialLedger" ],
        "FullCommandName": [ "New-AzConfidentialLedger_CreateExpanded" ],
        "ParameterSetName": [ "__AllParameterSets" ],
        "User-Agent": [ "AzurePowershell/Az4.0.0-preview" ]
      },
      "ContentHeaders": {
      }
    },
    "Response": {
      "StatusCode": 200,
      "Headers": {
        "Cache-Control": [ "no-cache" ],
        "Pragma": [ "no-cache" ],
        "ETag": [ "\"9b019a30-0000-0100-0000-62055cf50000\"" ],
        "x-ms-ratelimit-remaining-tenant-reads": [ "11972" ],
        "x-ms-request-id": [ "bbf28d64-d912-4028-a3ee-4b92a79c1a8e" ],
        "x-ms-correlation-request-id": [ "29514253-bf32-4b06-968c-d4b6f8f06b17" ],
        "x-ms-routing-request-id": [ "WESTUS2:20220210T184430Z:29514253-bf32-4b06-968c-d4b6f8f06b17" ],
        "Strict-Transport-Security": [ "max-age=31536000; includeSubDomains" ],
        "X-Content-Type-Options": [ "nosniff" ],
        "Date": [ "Thu, 10 Feb 2022 18:44:30 GMT" ]
      },
      "ContentHeaders": {
        "Content-Length": [ "1924" ],
        "Content-Type": [ "application/json; charset=utf-8" ],
        "Expires": [ "-1" ]
      },
      "Content": "{\"id\":\"/providers/Microsoft.ConfidentialLedger/locations/EASTUS/operationStatuses/b226d064-a05e-47c0-83d1-5ad34d9867cf*64C2F5AF6774E66B46F7D9FC2BD7003C8F87B8E45118A8D8F16F643A1F57A787\",\"name\":\"b226d064-a05e-47c0-83d1-5ad34d9867cf*64C2F5AF6774E66B46F7D9FC2BD7003C8F87B8E45118A8D8F16F643A1F57A787\",\"resourceId\":\"/subscriptions/027da7f8-2fc6-46d4-9be9-560706b60fec/resourceGroups/aclpwsh-rg-cdeb346/providers/Microsoft.ConfidentialLedger/ledgers/pwsh-remove-af9c2k\",\"status\":\"Succeeded\",\"startTime\":\"2022-02-10T18:41:24.407566Z\",\"endTime\":\"2022-02-10T18:44:05.0549283Z\",\"properties\":{\"LedgerName\":\"pwsh-remove-af9c2k\",\"LedgerUri\":\"https://pwsh-remove-af9c2k.confidential-ledger.azure.com\",\"IdentityServiceUri\":\"https://identity.confidential-ledger.core.azure.com/ledgerIdentity/pwsh-remove-af9c2k\",\"LedgerStorageAccount\":null,\"LedgerType\":\"Public\",\"AadBasedSecurityPrincipals\":[{\"PrincipalId\":\"34621747-6fc8-4771-a2eb-72f31c461f2e\",\"TenantId\":\"bce123b9-2b7b-4975-8360-5ca0b9b1cd08\",\"LedgerRoleName\":\"Administrator\"},{\"PrincipalId\":\"480f0db4-5580-44c3-b7a4-0b90304e1960\",\"TenantId\":\"72f988bf-86f1-41af-91ab-2d7cd011db47\",\"LedgerRoleName\":\"Administrator\"}],\"CertBasedSecurityPrincipals\":[{\"Cert\":\"-----BEGIN CERTIFICATE-----MIIBsjCCATigAwIBAgIUZWIbyG79TniQLd2UxJuU74tqrKcwCgYIKoZIzj0EAwMwEDEOMAwGA1UEAwwFdXNlcjAwHhcNMjEwMzE2MTgwNjExWhcNMjIwMzE2MTgwNjExWjAQMQ4wDAYDVQQDDAV1c2VyMDB2MBAGByqGSM49AgEGBSuBBAAiA2IABBiWSo/j8EFit7aUMm5lF+lUmCu+IgfnpFD+7QMgLKtxRJ3aGSqgS/GpqcYVGddnODtSarNE/HyGKUFUolLPQ5ybHcouUk0kyfA7XMeSoUA4lBz63Wha8wmXo+NdBRo39qNTMFEwHQYDVR0OBBYEFPtuhrwgGjDFHeUUT4nGsXaZn69KMB8GA1UdIwQYMBaAFPtuhrwgGjDFHeUUT4nGsXaZn69KMA8GA1UdEwEB/wQFMAMBAf8wCgYIKoZIzj0EAwMDaAAwZQIxAOnozm2CyqRwSSQLls5r+mUHRGRyXHXwYtM4Dcst/VEZdmS9fqvHRCHbjUlO/+HNfgIwMWZ4FmsjD3wnPxONOm9YdVn/PRD7SsPRPbOjwBiE4EBGaHDsLjYAGDSGi7NJnSkA-----END CERTIFICATE-----\",\"LedgerRoleName\":\"Reader\"}],\"LedgerInternalNamespace\":\"ed6d5919-6364-44e9-9744-fb8ff1b8aede\"}}",
      "isContentBase64": false
    }
  },
  "Remove-AzConfidentialLedger+[NoContext]+Delete+$GET+https://management.azure.com/subscriptions/027da7f8-2fc6-46d4-9be9-560706b60fec/resourceGroups/aclpwsh-rg-cdeb346/providers/Microsoft.ConfidentialLedger/ledgers/pwsh-remove-af9c2k?api-version=2021-05-13-preview+8": {
    "Request": {
      "Method": "GET",
      "RequestUri": "https://management.azure.com/subscriptions/027da7f8-2fc6-46d4-9be9-560706b60fec/resourceGroups/aclpwsh-rg-cdeb346/providers/Microsoft.ConfidentialLedger/ledgers/pwsh-remove-af9c2k?api-version=2021-05-13-preview",
      "Content": null,
      "isContentBase64": false,
      "Headers": {
        "Authorization": [ "[Filtered]" ],
        "x-ms-unique-id": [ "42" ],
        "x-ms-client-request-id": [ "9396de03-eecb-4a60-b11f-c4221573d949" ],
        "CommandName": [ "New-AzConfidentialLedger" ],
        "FullCommandName": [ "New-AzConfidentialLedger_CreateExpanded" ],
        "ParameterSetName": [ "__AllParameterSets" ],
        "User-Agent": [ "AzurePowershell/Az4.0.0-preview" ]
      },
      "ContentHeaders": {
      }
    },
    "Response": {
      "StatusCode": 200,
      "Headers": {
        "Cache-Control": [ "no-cache" ],
        "Pragma": [ "no-cache" ],
        "ETag": [ "\"c7004be5-0000-0100-0000-62055cf50000\"" ],
        "x-ms-ratelimit-remaining-subscription-reads": [ "11991" ],
        "x-ms-providerhub-traffic": [ "True" ],
        "x-ms-correlation-request-id": [ "bd3dae1c-85f2-4431-8bd1-703abbe6442c" ],
        "x-ms-client-request-id": [ "fa19877d-51f7-4393-a51b-1e7e9d4d313b" ],
        "x-ms-machineName": [ "controlplane-5fd6c9fd47-8p2fg" ],
        "x-ms-image-digest": [ "sha256:072a8d3f13b0f1b3594e0e0c376a19a69d4912941a94b993081f114ff087fb33" ],
        "x-ms-image-tag": [ "1.0.01866.313-e2d5b19c4f5da26cec69ac62d20ff8ceaf396f0a" ],
        "x-ms-request-id": [ "17bc39e6-dd3a-4af2-9e0b-dfe18b6f4f35" ],
        "x-ms-routing-request-id": [ "WESTUS2:20220210T184430Z:bd3dae1c-85f2-4431-8bd1-703abbe6442c" ],
        "Strict-Transport-Security": [ "max-age=31536000; includeSubDomains" ],
        "X-Content-Type-Options": [ "nosniff" ],
        "Date": [ "Thu, 10 Feb 2022 18:44:30 GMT" ]
      },
      "ContentHeaders": {
        "Content-Length": [ "1625" ],
        "Content-Type": [ "application/json; charset=utf-8" ],
        "Expires": [ "-1" ]
      },
      "Content": "{\"id\":\"/subscriptions/027da7f8-2fc6-46d4-9be9-560706b60fec/resourceGroups/aclpwsh-rg-cdeb346/providers/Microsoft.ConfidentialLedger/Ledgers/pwsh-remove-af9c2k\",\"name\":\"pwsh-remove-af9c2k\",\"type\":\"Microsoft.ConfidentialLedger/Ledgers\",\"location\":\"eastus\",\"tags\":{\"Tag0\":\"additional properties 0\"},\"properties\":{\"ledgerName\":\"pwsh-remove-af9c2k\",\"ledgerUri\":\"https://pwsh-remove-af9c2k.confidential-ledger.azure.com\",\"identityServiceUri\":\"https://identity.confidential-ledger.core.azure.com/ledgerIdentity/pwsh-remove-af9c2k\",\"ledgerType\":\"Public\",\"aadBasedSecurityPrincipals\":[{\"principalId\":\"34621747-6fc8-4771-a2eb-72f31c461f2e\",\"tenantId\":\"bce123b9-2b7b-4975-8360-5ca0b9b1cd08\",\"ledgerRoleName\":\"Administrator\"},{\"principalId\":\"480f0db4-5580-44c3-b7a4-0b90304e1960\",\"tenantId\":\"72f988bf-86f1-41af-91ab-2d7cd011db47\",\"ledgerRoleName\":\"Administrator\"}],\"certBasedSecurityPrincipals\":[{\"cert\":\"-----BEGIN CERTIFICATE-----MIIBsjCCATigAwIBAgIUZWIbyG79TniQLd2UxJuU74tqrKcwCgYIKoZIzj0EAwMwEDEOMAwGA1UEAwwFdXNlcjAwHhcNMjEwMzE2MTgwNjExWhcNMjIwMzE2MTgwNjExWjAQMQ4wDAYDVQQDDAV1c2VyMDB2MBAGByqGSM49AgEGBSuBBAAiA2IABBiWSo/j8EFit7aUMm5lF+lUmCu+IgfnpFD+7QMgLKtxRJ3aGSqgS/GpqcYVGddnODtSarNE/HyGKUFUolLPQ5ybHcouUk0kyfA7XMeSoUA4lBz63Wha8wmXo+NdBRo39qNTMFEwHQYDVR0OBBYEFPtuhrwgGjDFHeUUT4nGsXaZn69KMB8GA1UdIwQYMBaAFPtuhrwgGjDFHeUUT4nGsXaZn69KMA8GA1UdEwEB/wQFMAMBAf8wCgYIKoZIzj0EAwMDaAAwZQIxAOnozm2CyqRwSSQLls5r+mUHRGRyXHXwYtM4Dcst/VEZdmS9fqvHRCHbjUlO/+HNfgIwMWZ4FmsjD3wnPxONOm9YdVn/PRD7SsPRPbOjwBiE4EBGaHDsLjYAGDSGi7NJnSkA-----END CERTIFICATE-----\",\"ledgerRoleName\":\"Reader\"}],\"ledgerInternalNamespace\":\"ed6d5919-6364-44e9-9744-fb8ff1b8aede\"}}",
      "isContentBase64": false
    }
  },
  "Remove-AzConfidentialLedger+[NoContext]+Delete+$DELETE+https://management.azure.com/subscriptions/027da7f8-2fc6-46d4-9be9-560706b60fec/resourceGroups/aclpwsh-rg-cdeb346/providers/Microsoft.ConfidentialLedger/ledgers/pwsh-remove-af9c2k?api-version=2021-05-13-preview+9": {
    "Request": {
      "Method": "DELETE",
      "RequestUri": "https://management.azure.com/subscriptions/027da7f8-2fc6-46d4-9be9-560706b60fec/resourceGroups/aclpwsh-rg-cdeb346/providers/Microsoft.ConfidentialLedger/ledgers/pwsh-remove-af9c2k?api-version=2021-05-13-preview",
      "Content": null,
      "isContentBase64": false,
      "Headers": {
        "x-ms-unique-id": [ "43" ],
        "x-ms-client-request-id": [ "a81a81da-bf5a-4090-be8c-cfe89b348c7d" ],
        "CommandName": [ "Remove-AzConfidentialLedger" ],
        "FullCommandName": [ "Remove-AzConfidentialLedger_Delete" ],
        "ParameterSetName": [ "__AllParameterSets" ],
        "User-Agent": [ "AzurePowershell/Az4.0.0-preview" ],
        "Authorization": [ "[Filtered]" ]
      },
      "ContentHeaders": {
      }
    },
    "Response": {
      "StatusCode": 202,
      "Headers": {
        "Cache-Control": [ "no-cache" ],
        "Pragma": [ "no-cache" ],
        "ETag": [ "\"c700b5e6-0000-0100-0000-62055d0f0000\"" ],
        "Location": [ "https://management.azure.com/providers/Microsoft.ConfidentialLedger/locations/EASTUS/operationStatuses/3d40e592-4077-435c-943c-d8128dddd34d*64C2F5AF6774E66B46F7D9FC2BD7003C8F87B8E45118A8D8F16F643A1F57A787?api-version=2021-05-13-preview" ],
        "x-ms-ratelimit-remaining-subscription-deletes": [ "14998" ],
        "x-ms-providerhub-traffic": [ "True" ],
        "x-ms-correlation-request-id": [ "0ee8abaa-acbd-42b7-8b3e-b9e5f1d29485" ],
        "x-ms-client-request-id": [ "07e543d8-e0f0-4d8c-92c9-e7a4e240d796" ],
        "x-ms-machineName": [ "controlplane-5fd6c9fd47-8p2fg" ],
        "x-ms-image-digest": [ "sha256:072a8d3f13b0f1b3594e0e0c376a19a69d4912941a94b993081f114ff087fb33" ],
        "x-ms-image-tag": [ "1.0.01866.313-e2d5b19c4f5da26cec69ac62d20ff8ceaf396f0a" ],
        "x-ms-async-operation-timeout": [ "PT5M" ],
        "Azure-AsyncOperation": [ "https://management.azure.com/providers/Microsoft.ConfidentialLedger/locations/EASTUS/operationStatuses/3d40e592-4077-435c-943c-d8128dddd34d*64C2F5AF6774E66B46F7D9FC2BD7003C8F87B8E45118A8D8F16F643A1F57A787?api-version=2021-05-13-preview" ],
        "x-ms-request-id": [ "3d40e592-4077-435c-943c-d8128dddd34d" ],
        "x-ms-routing-request-id": [ "WESTUS2:20220210T184431Z:0ee8abaa-acbd-42b7-8b3e-b9e5f1d29485" ],
        "Strict-Transport-Security": [ "max-age=31536000; includeSubDomains" ],
        "X-Content-Type-Options": [ "nosniff" ],
        "Date": [ "Thu, 10 Feb 2022 18:44:31 GMT" ]
      },
      "ContentHeaders": {
        "Content-Length": [ "4" ],
        "Content-Type": [ "application/json; charset=utf-8" ],
        "Expires": [ "-1" ]
      },
      "Content": "bnVsbA==",
      "isContentBase64": false
    }
  },
  "Remove-AzConfidentialLedger+[NoContext]+Delete+$GET+https://management.azure.com/providers/Microsoft.ConfidentialLedger/locations/EASTUS/operationStatuses/3d40e592-4077-435c-943c-d8128dddd34d*64C2F5AF6774E66B46F7D9FC2BD7003C8F87B8E45118A8D8F16F643A1F57A787?api-version=2021-05-13-preview+10": {
    "Request": {
      "Method": "GET",
      "RequestUri": "https://management.azure.com/providers/Microsoft.ConfidentialLedger/locations/EASTUS/operationStatuses/3d40e592-4077-435c-943c-d8128dddd34d*64C2F5AF6774E66B46F7D9FC2BD7003C8F87B8E45118A8D8F16F643A1F57A787?api-version=2021-05-13-preview",
      "Content": null,
      "isContentBase64": false,
      "Headers": {
        "Authorization": [ "[Filtered]" ],
        "x-ms-unique-id": [ "44" ],
        "x-ms-client-request-id": [ "a81a81da-bf5a-4090-be8c-cfe89b348c7d" ],
        "CommandName": [ "Remove-AzConfidentialLedger" ],
        "FullCommandName": [ "Remove-AzConfidentialLedger_Delete" ],
        "ParameterSetName": [ "__AllParameterSets" ],
        "User-Agent": [ "AzurePowershell/Az4.0.0-preview" ]
      },
      "ContentHeaders": {
      }
    },
    "Response": {
      "StatusCode": 202,
      "Headers": {
        "Cache-Control": [ "no-cache" ],
        "Pragma": [ "no-cache" ],
        "ETag": [ "\"9b010231-0000-0100-0000-62055d0f0000\"" ],
        "x-ms-ratelimit-remaining-tenant-reads": [ "11971" ],
        "x-ms-request-id": [ "e30835a6-c6fc-4161-be13-707594334ed2" ],
        "x-ms-correlation-request-id": [ "ba78ad54-9f12-47b4-b605-b2ca0f118b34" ],
        "x-ms-routing-request-id": [ "WESTUS2:20220210T184501Z:ba78ad54-9f12-47b4-b605-b2ca0f118b34" ],
        "Strict-Transport-Security": [ "max-age=31536000; includeSubDomains" ],
        "X-Content-Type-Options": [ "nosniff" ],
        "Date": [ "Thu, 10 Feb 2022 18:45:00 GMT" ]
      },
      "ContentHeaders": {
        "Content-Length": [ "526" ],
        "Content-Type": [ "application/json; charset=utf-8" ],
        "Expires": [ "-1" ]
      },
      "Content": "{\"id\":\"/providers/Microsoft.ConfidentialLedger/locations/EASTUS/operationStatuses/3d40e592-4077-435c-943c-d8128dddd34d*64C2F5AF6774E66B46F7D9FC2BD7003C8F87B8E45118A8D8F16F643A1F57A787\",\"name\":\"3d40e592-4077-435c-943c-d8128dddd34d*64C2F5AF6774E66B46F7D9FC2BD7003C8F87B8E45118A8D8F16F643A1F57A787\",\"resourceId\":\"/subscriptions/027da7f8-2fc6-46d4-9be9-560706b60fec/resourceGroups/aclpwsh-rg-cdeb346/providers/Microsoft.ConfidentialLedger/ledgers/pwsh-remove-af9c2k\",\"status\":\"Deleting\",\"startTime\":\"2022-02-10T18:44:31.3676186Z\"}",
      "isContentBase64": false
    }
  },
  "Remove-AzConfidentialLedger+[NoContext]+Delete+$GET+https://management.azure.com/providers/Microsoft.ConfidentialLedger/locations/EASTUS/operationStatuses/3d40e592-4077-435c-943c-d8128dddd34d*64C2F5AF6774E66B46F7D9FC2BD7003C8F87B8E45118A8D8F16F643A1F57A787?api-version=2021-05-13-preview+11": {
    "Request": {
      "Method": "GET",
      "RequestUri": "https://management.azure.com/providers/Microsoft.ConfidentialLedger/locations/EASTUS/operationStatuses/3d40e592-4077-435c-943c-d8128dddd34d*64C2F5AF6774E66B46F7D9FC2BD7003C8F87B8E45118A8D8F16F643A1F57A787?api-version=2021-05-13-preview",
      "Content": null,
      "isContentBase64": false,
      "Headers": {
        "Authorization": [ "[Filtered]" ],
        "x-ms-unique-id": [ "45" ],
        "x-ms-client-request-id": [ "a81a81da-bf5a-4090-be8c-cfe89b348c7d" ],
        "CommandName": [ "Remove-AzConfidentialLedger" ],
        "FullCommandName": [ "Remove-AzConfidentialLedger_Delete" ],
        "ParameterSetName": [ "__AllParameterSets" ],
        "User-Agent": [ "AzurePowershell/Az4.0.0-preview" ]
      },
      "ContentHeaders": {
      }
    },
    "Response": {
      "StatusCode": 202,
      "Headers": {
        "Cache-Control": [ "no-cache" ],
        "Pragma": [ "no-cache" ],
        "ETag": [ "\"9b010231-0000-0100-0000-62055d0f0000\"" ],
        "x-ms-ratelimit-remaining-tenant-reads": [ "11970" ],
        "x-ms-request-id": [ "4df1e29b-8956-424a-bcbc-fb38fbb6a858" ],
        "x-ms-correlation-request-id": [ "2a9823fa-eaf2-4bb1-8aee-5dd684843c24" ],
        "x-ms-routing-request-id": [ "WESTUS2:20220210T184531Z:2a9823fa-eaf2-4bb1-8aee-5dd684843c24" ],
        "Strict-Transport-Security": [ "max-age=31536000; includeSubDomains" ],
        "X-Content-Type-Options": [ "nosniff" ],
        "Date": [ "Thu, 10 Feb 2022 18:45:30 GMT" ]
      },
      "ContentHeaders": {
        "Content-Length": [ "526" ],
        "Content-Type": [ "application/json; charset=utf-8" ],
        "Expires": [ "-1" ]
      },
      "Content": "{\"id\":\"/providers/Microsoft.ConfidentialLedger/locations/EASTUS/operationStatuses/3d40e592-4077-435c-943c-d8128dddd34d*64C2F5AF6774E66B46F7D9FC2BD7003C8F87B8E45118A8D8F16F643A1F57A787\",\"name\":\"3d40e592-4077-435c-943c-d8128dddd34d*64C2F5AF6774E66B46F7D9FC2BD7003C8F87B8E45118A8D8F16F643A1F57A787\",\"resourceId\":\"/subscriptions/027da7f8-2fc6-46d4-9be9-560706b60fec/resourceGroups/aclpwsh-rg-cdeb346/providers/Microsoft.ConfidentialLedger/ledgers/pwsh-remove-af9c2k\",\"status\":\"Deleting\",\"startTime\":\"2022-02-10T18:44:31.3676186Z\"}",
      "isContentBase64": false
    }
  },
  "Remove-AzConfidentialLedger+[NoContext]+Delete+$GET+https://management.azure.com/providers/Microsoft.ConfidentialLedger/locations/EASTUS/operationStatuses/3d40e592-4077-435c-943c-d8128dddd34d*64C2F5AF6774E66B46F7D9FC2BD7003C8F87B8E45118A8D8F16F643A1F57A787?api-version=2021-05-13-preview+12": {
    "Request": {
      "Method": "GET",
      "RequestUri": "https://management.azure.com/providers/Microsoft.ConfidentialLedger/locations/EASTUS/operationStatuses/3d40e592-4077-435c-943c-d8128dddd34d*64C2F5AF6774E66B46F7D9FC2BD7003C8F87B8E45118A8D8F16F643A1F57A787?api-version=2021-05-13-preview",
      "Content": null,
      "isContentBase64": false,
      "Headers": {
        "Authorization": [ "[Filtered]" ],
        "x-ms-unique-id": [ "46" ],
        "x-ms-client-request-id": [ "a81a81da-bf5a-4090-be8c-cfe89b348c7d" ],
        "CommandName": [ "Remove-AzConfidentialLedger" ],
        "FullCommandName": [ "Remove-AzConfidentialLedger_Delete" ],
        "ParameterSetName": [ "__AllParameterSets" ],
        "User-Agent": [ "AzurePowershell/Az4.0.0-preview" ]
      },
      "ContentHeaders": {
      }
    },
    "Response": {
      "StatusCode": 202,
      "Headers": {
        "Cache-Control": [ "no-cache" ],
        "Pragma": [ "no-cache" ],
        "ETag": [ "\"9b010231-0000-0100-0000-62055d0f0000\"" ],
        "x-ms-ratelimit-remaining-tenant-reads": [ "11969" ],
        "x-ms-request-id": [ "85e5d91d-50c6-4aef-bbe8-1ffbecc68344" ],
        "x-ms-correlation-request-id": [ "45d58b8e-d6e6-414c-8974-f1d9c7677cab" ],
        "x-ms-routing-request-id": [ "WESTUS2:20220210T184601Z:45d58b8e-d6e6-414c-8974-f1d9c7677cab" ],
        "Strict-Transport-Security": [ "max-age=31536000; includeSubDomains" ],
        "X-Content-Type-Options": [ "nosniff" ],
        "Date": [ "Thu, 10 Feb 2022 18:46:01 GMT" ]
      },
      "ContentHeaders": {
        "Content-Length": [ "526" ],
        "Content-Type": [ "application/json; charset=utf-8" ],
        "Expires": [ "-1" ]
      },
      "Content": "{\"id\":\"/providers/Microsoft.ConfidentialLedger/locations/EASTUS/operationStatuses/3d40e592-4077-435c-943c-d8128dddd34d*64C2F5AF6774E66B46F7D9FC2BD7003C8F87B8E45118A8D8F16F643A1F57A787\",\"name\":\"3d40e592-4077-435c-943c-d8128dddd34d*64C2F5AF6774E66B46F7D9FC2BD7003C8F87B8E45118A8D8F16F643A1F57A787\",\"resourceId\":\"/subscriptions/027da7f8-2fc6-46d4-9be9-560706b60fec/resourceGroups/aclpwsh-rg-cdeb346/providers/Microsoft.ConfidentialLedger/ledgers/pwsh-remove-af9c2k\",\"status\":\"Deleting\",\"startTime\":\"2022-02-10T18:44:31.3676186Z\"}",
      "isContentBase64": false
    }
  },
  "Remove-AzConfidentialLedger+[NoContext]+Delete+$GET+https://management.azure.com/providers/Microsoft.ConfidentialLedger/locations/EASTUS/operationStatuses/3d40e592-4077-435c-943c-d8128dddd34d*64C2F5AF6774E66B46F7D9FC2BD7003C8F87B8E45118A8D8F16F643A1F57A787?api-version=2021-05-13-preview+13": {
    "Request": {
      "Method": "GET",
      "RequestUri": "https://management.azure.com/providers/Microsoft.ConfidentialLedger/locations/EASTUS/operationStatuses/3d40e592-4077-435c-943c-d8128dddd34d*64C2F5AF6774E66B46F7D9FC2BD7003C8F87B8E45118A8D8F16F643A1F57A787?api-version=2021-05-13-preview",
      "Content": null,
      "isContentBase64": false,
      "Headers": {
        "Authorization": [ "[Filtered]" ],
        "x-ms-unique-id": [ "47" ],
        "x-ms-client-request-id": [ "a81a81da-bf5a-4090-be8c-cfe89b348c7d" ],
        "CommandName": [ "Remove-AzConfidentialLedger" ],
        "FullCommandName": [ "Remove-AzConfidentialLedger_Delete" ],
        "ParameterSetName": [ "__AllParameterSets" ],
        "User-Agent": [ "AzurePowershell/Az4.0.0-preview" ]
      },
      "ContentHeaders": {
      }
    },
    "Response": {
      "StatusCode": 202,
      "Headers": {
        "Cache-Control": [ "no-cache" ],
        "Pragma": [ "no-cache" ],
        "ETag": [ "\"9b010231-0000-0100-0000-62055d0f0000\"" ],
        "x-ms-ratelimit-remaining-tenant-reads": [ "11968" ],
        "x-ms-request-id": [ "edafede6-1aa0-4afa-a46f-4007d3470973" ],
        "x-ms-correlation-request-id": [ "a0955c20-3a32-4755-90de-4f6f5b4944c7" ],
        "x-ms-routing-request-id": [ "WESTUS2:20220210T184631Z:a0955c20-3a32-4755-90de-4f6f5b4944c7" ],
        "Strict-Transport-Security": [ "max-age=31536000; includeSubDomains" ],
        "X-Content-Type-Options": [ "nosniff" ],
        "Date": [ "Thu, 10 Feb 2022 18:46:31 GMT" ]
      },
      "ContentHeaders": {
        "Content-Length": [ "526" ],
        "Content-Type": [ "application/json; charset=utf-8" ],
        "Expires": [ "-1" ]
      },
      "Content": "{\"id\":\"/providers/Microsoft.ConfidentialLedger/locations/EASTUS/operationStatuses/3d40e592-4077-435c-943c-d8128dddd34d*64C2F5AF6774E66B46F7D9FC2BD7003C8F87B8E45118A8D8F16F643A1F57A787\",\"name\":\"3d40e592-4077-435c-943c-d8128dddd34d*64C2F5AF6774E66B46F7D9FC2BD7003C8F87B8E45118A8D8F16F643A1F57A787\",\"resourceId\":\"/subscriptions/027da7f8-2fc6-46d4-9be9-560706b60fec/resourceGroups/aclpwsh-rg-cdeb346/providers/Microsoft.ConfidentialLedger/ledgers/pwsh-remove-af9c2k\",\"status\":\"Deleting\",\"startTime\":\"2022-02-10T18:44:31.3676186Z\"}",
      "isContentBase64": false
    }
  },
  "Remove-AzConfidentialLedger+[NoContext]+Delete+$GET+https://management.azure.com/providers/Microsoft.ConfidentialLedger/locations/EASTUS/operationStatuses/3d40e592-4077-435c-943c-d8128dddd34d*64C2F5AF6774E66B46F7D9FC2BD7003C8F87B8E45118A8D8F16F643A1F57A787?api-version=2021-05-13-preview+14": {
    "Request": {
      "Method": "GET",
      "RequestUri": "https://management.azure.com/providers/Microsoft.ConfidentialLedger/locations/EASTUS/operationStatuses/3d40e592-4077-435c-943c-d8128dddd34d*64C2F5AF6774E66B46F7D9FC2BD7003C8F87B8E45118A8D8F16F643A1F57A787?api-version=2021-05-13-preview",
      "Content": null,
      "isContentBase64": false,
      "Headers": {
        "Authorization": [ "[Filtered]" ],
        "x-ms-unique-id": [ "48" ],
        "x-ms-client-request-id": [ "a81a81da-bf5a-4090-be8c-cfe89b348c7d" ],
        "CommandName": [ "Remove-AzConfidentialLedger" ],
        "FullCommandName": [ "Remove-AzConfidentialLedger_Delete" ],
        "ParameterSetName": [ "__AllParameterSets" ],
        "User-Agent": [ "AzurePowershell/Az4.0.0-preview" ]
      },
      "ContentHeaders": {
      }
    },
    "Response": {
      "StatusCode": 202,
      "Headers": {
        "Cache-Control": [ "no-cache" ],
        "Pragma": [ "no-cache" ],
        "ETag": [ "\"9b010231-0000-0100-0000-62055d0f0000\"" ],
        "x-ms-ratelimit-remaining-tenant-reads": [ "11967" ],
        "x-ms-request-id": [ "136ea13b-cc6a-4cb4-9275-a7954cfeb196" ],
        "x-ms-correlation-request-id": [ "30146a58-c29b-473f-915e-df7c44055abb" ],
        "x-ms-routing-request-id": [ "WESTUS2:20220210T184702Z:30146a58-c29b-473f-915e-df7c44055abb" ],
        "Strict-Transport-Security": [ "max-age=31536000; includeSubDomains" ],
        "X-Content-Type-Options": [ "nosniff" ],
        "Date": [ "Thu, 10 Feb 2022 18:47:01 GMT" ]
      },
      "ContentHeaders": {
        "Content-Length": [ "526" ],
        "Content-Type": [ "application/json; charset=utf-8" ],
        "Expires": [ "-1" ]
      },
      "Content": "{\"id\":\"/providers/Microsoft.ConfidentialLedger/locations/EASTUS/operationStatuses/3d40e592-4077-435c-943c-d8128dddd34d*64C2F5AF6774E66B46F7D9FC2BD7003C8F87B8E45118A8D8F16F643A1F57A787\",\"name\":\"3d40e592-4077-435c-943c-d8128dddd34d*64C2F5AF6774E66B46F7D9FC2BD7003C8F87B8E45118A8D8F16F643A1F57A787\",\"resourceId\":\"/subscriptions/027da7f8-2fc6-46d4-9be9-560706b60fec/resourceGroups/aclpwsh-rg-cdeb346/providers/Microsoft.ConfidentialLedger/ledgers/pwsh-remove-af9c2k\",\"status\":\"Deleting\",\"startTime\":\"2022-02-10T18:44:31.3676186Z\"}",
      "isContentBase64": false
    }
  },
  "Remove-AzConfidentialLedger+[NoContext]+Delete+$GET+https://management.azure.com/providers/Microsoft.ConfidentialLedger/locations/EASTUS/operationStatuses/3d40e592-4077-435c-943c-d8128dddd34d*64C2F5AF6774E66B46F7D9FC2BD7003C8F87B8E45118A8D8F16F643A1F57A787?api-version=2021-05-13-preview+15": {
    "Request": {
      "Method": "GET",
      "RequestUri": "https://management.azure.com/providers/Microsoft.ConfidentialLedger/locations/EASTUS/operationStatuses/3d40e592-4077-435c-943c-d8128dddd34d*64C2F5AF6774E66B46F7D9FC2BD7003C8F87B8E45118A8D8F16F643A1F57A787?api-version=2021-05-13-preview",
      "Content": null,
      "isContentBase64": false,
      "Headers": {
        "Authorization": [ "[Filtered]" ],
        "x-ms-unique-id": [ "49" ],
        "x-ms-client-request-id": [ "a81a81da-bf5a-4090-be8c-cfe89b348c7d" ],
        "CommandName": [ "Remove-AzConfidentialLedger" ],
        "FullCommandName": [ "Remove-AzConfidentialLedger_Delete" ],
        "ParameterSetName": [ "__AllParameterSets" ],
        "User-Agent": [ "AzurePowershell/Az4.0.0-preview" ]
      },
      "ContentHeaders": {
      }
    },
    "Response": {
      "StatusCode": 202,
      "Headers": {
        "Cache-Control": [ "no-cache" ],
        "Pragma": [ "no-cache" ],
        "ETag": [ "\"9b010231-0000-0100-0000-62055d0f0000\"" ],
        "x-ms-ratelimit-remaining-tenant-reads": [ "11966" ],
        "x-ms-request-id": [ "5bf6a3ef-3ba7-4873-ae7e-0a48d1d90dde" ],
        "x-ms-correlation-request-id": [ "8134bec5-1968-42c1-b843-47798a485d35" ],
        "x-ms-routing-request-id": [ "WESTUS2:20220210T184732Z:8134bec5-1968-42c1-b843-47798a485d35" ],
        "Strict-Transport-Security": [ "max-age=31536000; includeSubDomains" ],
        "X-Content-Type-Options": [ "nosniff" ],
        "Date": [ "Thu, 10 Feb 2022 18:47:31 GMT" ]
      },
      "ContentHeaders": {
        "Content-Length": [ "526" ],
        "Content-Type": [ "application/json; charset=utf-8" ],
        "Expires": [ "-1" ]
      },
      "Content": "{\"id\":\"/providers/Microsoft.ConfidentialLedger/locations/EASTUS/operationStatuses/3d40e592-4077-435c-943c-d8128dddd34d*64C2F5AF6774E66B46F7D9FC2BD7003C8F87B8E45118A8D8F16F643A1F57A787\",\"name\":\"3d40e592-4077-435c-943c-d8128dddd34d*64C2F5AF6774E66B46F7D9FC2BD7003C8F87B8E45118A8D8F16F643A1F57A787\",\"resourceId\":\"/subscriptions/027da7f8-2fc6-46d4-9be9-560706b60fec/resourceGroups/aclpwsh-rg-cdeb346/providers/Microsoft.ConfidentialLedger/ledgers/pwsh-remove-af9c2k\",\"status\":\"Deleting\",\"startTime\":\"2022-02-10T18:44:31.3676186Z\"}",
      "isContentBase64": false
    }
  },
  "Remove-AzConfidentialLedger+[NoContext]+Delete+$GET+https://management.azure.com/providers/Microsoft.ConfidentialLedger/locations/EASTUS/operationStatuses/3d40e592-4077-435c-943c-d8128dddd34d*64C2F5AF6774E66B46F7D9FC2BD7003C8F87B8E45118A8D8F16F643A1F57A787?api-version=2021-05-13-preview+16": {
    "Request": {
      "Method": "GET",
      "RequestUri": "https://management.azure.com/providers/Microsoft.ConfidentialLedger/locations/EASTUS/operationStatuses/3d40e592-4077-435c-943c-d8128dddd34d*64C2F5AF6774E66B46F7D9FC2BD7003C8F87B8E45118A8D8F16F643A1F57A787?api-version=2021-05-13-preview",
      "Content": null,
      "isContentBase64": false,
      "Headers": {
        "Authorization": [ "[Filtered]" ],
        "x-ms-unique-id": [ "50" ],
        "x-ms-client-request-id": [ "a81a81da-bf5a-4090-be8c-cfe89b348c7d" ],
        "CommandName": [ "Remove-AzConfidentialLedger" ],
        "FullCommandName": [ "Remove-AzConfidentialLedger_Delete" ],
        "ParameterSetName": [ "__AllParameterSets" ],
        "User-Agent": [ "AzurePowershell/Az4.0.0-preview" ]
      },
      "ContentHeaders": {
      }
    },
    "Response": {
      "StatusCode": 202,
      "Headers": {
        "Cache-Control": [ "no-cache" ],
        "Pragma": [ "no-cache" ],
        "ETag": [ "\"9b010231-0000-0100-0000-62055d0f0000\"" ],
        "x-ms-ratelimit-remaining-tenant-reads": [ "11965" ],
        "x-ms-request-id": [ "7c1299c1-8097-4271-8d6b-33eccfa476d3" ],
        "x-ms-correlation-request-id": [ "aeceb46b-3b2f-4823-8cfa-c42dcbce12b7" ],
        "x-ms-routing-request-id": [ "WESTUS2:20220210T184802Z:aeceb46b-3b2f-4823-8cfa-c42dcbce12b7" ],
        "Strict-Transport-Security": [ "max-age=31536000; includeSubDomains" ],
        "X-Content-Type-Options": [ "nosniff" ],
        "Date": [ "Thu, 10 Feb 2022 18:48:01 GMT" ]
      },
      "ContentHeaders": {
        "Content-Length": [ "526" ],
        "Content-Type": [ "application/json; charset=utf-8" ],
        "Expires": [ "-1" ]
      },
      "Content": "{\"id\":\"/providers/Microsoft.ConfidentialLedger/locations/EASTUS/operationStatuses/3d40e592-4077-435c-943c-d8128dddd34d*64C2F5AF6774E66B46F7D9FC2BD7003C8F87B8E45118A8D8F16F643A1F57A787\",\"name\":\"3d40e592-4077-435c-943c-d8128dddd34d*64C2F5AF6774E66B46F7D9FC2BD7003C8F87B8E45118A8D8F16F643A1F57A787\",\"resourceId\":\"/subscriptions/027da7f8-2fc6-46d4-9be9-560706b60fec/resourceGroups/aclpwsh-rg-cdeb346/providers/Microsoft.ConfidentialLedger/ledgers/pwsh-remove-af9c2k\",\"status\":\"Deleting\",\"startTime\":\"2022-02-10T18:44:31.3676186Z\"}",
      "isContentBase64": false
    }
  },
  "Remove-AzConfidentialLedger+[NoContext]+Delete+$GET+https://management.azure.com/providers/Microsoft.ConfidentialLedger/locations/EASTUS/operationStatuses/3d40e592-4077-435c-943c-d8128dddd34d*64C2F5AF6774E66B46F7D9FC2BD7003C8F87B8E45118A8D8F16F643A1F57A787?api-version=2021-05-13-preview+17": {
    "Request": {
      "Method": "GET",
      "RequestUri": "https://management.azure.com/providers/Microsoft.ConfidentialLedger/locations/EASTUS/operationStatuses/3d40e592-4077-435c-943c-d8128dddd34d*64C2F5AF6774E66B46F7D9FC2BD7003C8F87B8E45118A8D8F16F643A1F57A787?api-version=2021-05-13-preview",
      "Content": null,
      "isContentBase64": false,
      "Headers": {
        "Authorization": [ "[Filtered]" ],
        "x-ms-unique-id": [ "51" ],
        "x-ms-client-request-id": [ "a81a81da-bf5a-4090-be8c-cfe89b348c7d" ],
        "CommandName": [ "Remove-AzConfidentialLedger" ],
        "FullCommandName": [ "Remove-AzConfidentialLedger_Delete" ],
        "ParameterSetName": [ "__AllParameterSets" ],
        "User-Agent": [ "AzurePowershell/Az4.0.0-preview" ]
      },
      "ContentHeaders": {
      }
    },
    "Response": {
      "StatusCode": 202,
      "Headers": {
        "Cache-Control": [ "no-cache" ],
        "Pragma": [ "no-cache" ],
        "ETag": [ "\"9b010231-0000-0100-0000-62055d0f0000\"" ],
        "x-ms-ratelimit-remaining-tenant-reads": [ "11964" ],
        "x-ms-routing-request-id": [ "WESTUS2:20220210T184832Z:62fcfb05-8fb7-4e57-bb25-f7d559f964a2" ],
        "x-ms-request-id": [ "b24501d7-369f-484f-a3d6-dcbbaab9e2cc" ],
        "x-ms-correlation-request-id": [ "62fcfb05-8fb7-4e57-bb25-f7d559f964a2" ],
        "Strict-Transport-Security": [ "max-age=31536000; includeSubDomains" ],
        "X-Content-Type-Options": [ "nosniff" ],
        "Date": [ "Thu, 10 Feb 2022 18:48:32 GMT" ]
      },
      "ContentHeaders": {
        "Content-Length": [ "526" ],
        "Content-Type": [ "application/json; charset=utf-8" ],
        "Expires": [ "-1" ]
      },
      "Content": "{\"id\":\"/providers/Microsoft.ConfidentialLedger/locations/EASTUS/operationStatuses/3d40e592-4077-435c-943c-d8128dddd34d*64C2F5AF6774E66B46F7D9FC2BD7003C8F87B8E45118A8D8F16F643A1F57A787\",\"name\":\"3d40e592-4077-435c-943c-d8128dddd34d*64C2F5AF6774E66B46F7D9FC2BD7003C8F87B8E45118A8D8F16F643A1F57A787\",\"resourceId\":\"/subscriptions/027da7f8-2fc6-46d4-9be9-560706b60fec/resourceGroups/aclpwsh-rg-cdeb346/providers/Microsoft.ConfidentialLedger/ledgers/pwsh-remove-af9c2k\",\"status\":\"Deleting\",\"startTime\":\"2022-02-10T18:44:31.3676186Z\"}",
      "isContentBase64": false
    }
  },
  "Remove-AzConfidentialLedger+[NoContext]+Delete+$GET+https://management.azure.com/providers/Microsoft.ConfidentialLedger/locations/EASTUS/operationStatuses/3d40e592-4077-435c-943c-d8128dddd34d*64C2F5AF6774E66B46F7D9FC2BD7003C8F87B8E45118A8D8F16F643A1F57A787?api-version=2021-05-13-preview+18": {
    "Request": {
      "Method": "GET",
      "RequestUri": "https://management.azure.com/providers/Microsoft.ConfidentialLedger/locations/EASTUS/operationStatuses/3d40e592-4077-435c-943c-d8128dddd34d*64C2F5AF6774E66B46F7D9FC2BD7003C8F87B8E45118A8D8F16F643A1F57A787?api-version=2021-05-13-preview",
      "Content": null,
      "isContentBase64": false,
      "Headers": {
        "Authorization": [ "[Filtered]" ],
        "x-ms-unique-id": [ "52" ],
        "x-ms-client-request-id": [ "a81a81da-bf5a-4090-be8c-cfe89b348c7d" ],
        "CommandName": [ "Remove-AzConfidentialLedger" ],
        "FullCommandName": [ "Remove-AzConfidentialLedger_Delete" ],
        "ParameterSetName": [ "__AllParameterSets" ],
        "User-Agent": [ "AzurePowershell/Az4.0.0-preview" ]
      },
      "ContentHeaders": {
      }
    },
    "Response": {
      "StatusCode": 200,
      "Headers": {
        "Cache-Control": [ "no-cache" ],
        "Pragma": [ "no-cache" ],
        "ETag": [ "\"9b01eb34-0000-0100-0000-62055e0c0000\"" ],
        "x-ms-ratelimit-remaining-tenant-reads": [ "11963" ],
        "x-ms-request-id": [ "de2c1c21-cb54-4ac0-b8fa-8776ced5f4c2" ],
        "x-ms-correlation-request-id": [ "33fe5938-68fd-4c70-b41f-32d3b7b3bc39" ],
        "x-ms-routing-request-id": [ "WESTUS2:20220210T184902Z:33fe5938-68fd-4c70-b41f-32d3b7b3bc39" ],
        "Strict-Transport-Security": [ "max-age=31536000; includeSubDomains" ],
        "X-Content-Type-Options": [ "nosniff" ],
        "Date": [ "Thu, 10 Feb 2022 18:49:02 GMT" ]
      },
      "ContentHeaders": {
        "Content-Length": [ "1924" ],
        "Content-Type": [ "application/json; charset=utf-8" ],
        "Expires": [ "-1" ]
      },
      "Content": "{\"id\":\"/providers/Microsoft.ConfidentialLedger/locations/EASTUS/operationStatuses/3d40e592-4077-435c-943c-d8128dddd34d*64C2F5AF6774E66B46F7D9FC2BD7003C8F87B8E45118A8D8F16F643A1F57A787\",\"name\":\"3d40e592-4077-435c-943c-d8128dddd34d*64C2F5AF6774E66B46F7D9FC2BD7003C8F87B8E45118A8D8F16F643A1F57A787\",\"resourceId\":\"/subscriptions/027da7f8-2fc6-46d4-9be9-560706b60fec/resourceGroups/aclpwsh-rg-cdeb346/providers/Microsoft.ConfidentialLedger/ledgers/pwsh-remove-af9c2k\",\"status\":\"Succeeded\",\"startTime\":\"2022-02-10T18:44:31.3676186Z\",\"endTime\":\"2022-02-10T18:48:44.489304Z\",\"properties\":{\"LedgerName\":\"pwsh-remove-af9c2k\",\"LedgerUri\":\"https://pwsh-remove-af9c2k.confidential-ledger.azure.com\",\"IdentityServiceUri\":\"https://identity.confidential-ledger.core.azure.com/ledgerIdentity/pwsh-remove-af9c2k\",\"LedgerStorageAccount\":null,\"LedgerType\":\"Public\",\"AadBasedSecurityPrincipals\":[{\"PrincipalId\":\"34621747-6fc8-4771-a2eb-72f31c461f2e\",\"TenantId\":\"bce123b9-2b7b-4975-8360-5ca0b9b1cd08\",\"LedgerRoleName\":\"Administrator\"},{\"PrincipalId\":\"480f0db4-5580-44c3-b7a4-0b90304e1960\",\"TenantId\":\"72f988bf-86f1-41af-91ab-2d7cd011db47\",\"LedgerRoleName\":\"Administrator\"}],\"CertBasedSecurityPrincipals\":[{\"Cert\":\"-----BEGIN CERTIFICATE-----MIIBsjCCATigAwIBAgIUZWIbyG79TniQLd2UxJuU74tqrKcwCgYIKoZIzj0EAwMwEDEOMAwGA1UEAwwFdXNlcjAwHhcNMjEwMzE2MTgwNjExWhcNMjIwMzE2MTgwNjExWjAQMQ4wDAYDVQQDDAV1c2VyMDB2MBAGByqGSM49AgEGBSuBBAAiA2IABBiWSo/j8EFit7aUMm5lF+lUmCu+IgfnpFD+7QMgLKtxRJ3aGSqgS/GpqcYVGddnODtSarNE/HyGKUFUolLPQ5ybHcouUk0kyfA7XMeSoUA4lBz63Wha8wmXo+NdBRo39qNTMFEwHQYDVR0OBBYEFPtuhrwgGjDFHeUUT4nGsXaZn69KMB8GA1UdIwQYMBaAFPtuhrwgGjDFHeUUT4nGsXaZn69KMA8GA1UdEwEB/wQFMAMBAf8wCgYIKoZIzj0EAwMDaAAwZQIxAOnozm2CyqRwSSQLls5r+mUHRGRyXHXwYtM4Dcst/VEZdmS9fqvHRCHbjUlO/+HNfgIwMWZ4FmsjD3wnPxONOm9YdVn/PRD7SsPRPbOjwBiE4EBGaHDsLjYAGDSGi7NJnSkA-----END CERTIFICATE-----\",\"LedgerRoleName\":\"Reader\"}],\"LedgerInternalNamespace\":\"ed6d5919-6364-44e9-9744-fb8ff1b8aede\"}}",
      "isContentBase64": false
    }
  },
  "Remove-AzConfidentialLedger+[NoContext]+Delete+$GET+https://management.azure.com/providers/Microsoft.ConfidentialLedger/locations/EASTUS/operationStatuses/3d40e592-4077-435c-943c-d8128dddd34d*64C2F5AF6774E66B46F7D9FC2BD7003C8F87B8E45118A8D8F16F643A1F57A787?api-version=2021-05-13-preview+19": {
    "Request": {
      "Method": "GET",
      "RequestUri": "https://management.azure.com/providers/Microsoft.ConfidentialLedger/locations/EASTUS/operationStatuses/3d40e592-4077-435c-943c-d8128dddd34d*64C2F5AF6774E66B46F7D9FC2BD7003C8F87B8E45118A8D8F16F643A1F57A787?api-version=2021-05-13-preview",
      "Content": null,
      "isContentBase64": false,
      "Headers": {
        "Authorization": [ "[Filtered]" ],
        "x-ms-unique-id": [ "53" ],
        "x-ms-client-request-id": [ "a81a81da-bf5a-4090-be8c-cfe89b348c7d" ],
        "CommandName": [ "Remove-AzConfidentialLedger" ],
        "FullCommandName": [ "Remove-AzConfidentialLedger_Delete" ],
        "ParameterSetName": [ "__AllParameterSets" ],
        "User-Agent": [ "AzurePowershell/Az4.0.0-preview" ]
      },
      "ContentHeaders": {
      }
    },
    "Response": {
      "StatusCode": 200,
      "Headers": {
        "Cache-Control": [ "no-cache" ],
        "Pragma": [ "no-cache" ],
        "ETag": [ "\"9b01eb34-0000-0100-0000-62055e0c0000\"" ],
        "x-ms-ratelimit-remaining-tenant-reads": [ "11962" ],
        "x-ms-request-id": [ "d85a405c-470e-461d-a782-c2a9ce5e6e27" ],
        "x-ms-correlation-request-id": [ "7ed5fcaf-9cc3-4b1d-8bae-ac97bcdbf927" ],
        "x-ms-routing-request-id": [ "WESTUS2:20220210T184903Z:7ed5fcaf-9cc3-4b1d-8bae-ac97bcdbf927" ],
        "Strict-Transport-Security": [ "max-age=31536000; includeSubDomains" ],
        "X-Content-Type-Options": [ "nosniff" ],
        "Date": [ "Thu, 10 Feb 2022 18:49:02 GMT" ]
      },
      "ContentHeaders": {
        "Content-Length": [ "1924" ],
        "Content-Type": [ "application/json; charset=utf-8" ],
        "Expires": [ "-1" ]
      },
      "Content": "{\"id\":\"/providers/Microsoft.ConfidentialLedger/locations/EASTUS/operationStatuses/3d40e592-4077-435c-943c-d8128dddd34d*64C2F5AF6774E66B46F7D9FC2BD7003C8F87B8E45118A8D8F16F643A1F57A787\",\"name\":\"3d40e592-4077-435c-943c-d8128dddd34d*64C2F5AF6774E66B46F7D9FC2BD7003C8F87B8E45118A8D8F16F643A1F57A787\",\"resourceId\":\"/subscriptions/027da7f8-2fc6-46d4-9be9-560706b60fec/resourceGroups/aclpwsh-rg-cdeb346/providers/Microsoft.ConfidentialLedger/ledgers/pwsh-remove-af9c2k\",\"status\":\"Succeeded\",\"startTime\":\"2022-02-10T18:44:31.3676186Z\",\"endTime\":\"2022-02-10T18:48:44.489304Z\",\"properties\":{\"LedgerName\":\"pwsh-remove-af9c2k\",\"LedgerUri\":\"https://pwsh-remove-af9c2k.confidential-ledger.azure.com\",\"IdentityServiceUri\":\"https://identity.confidential-ledger.core.azure.com/ledgerIdentity/pwsh-remove-af9c2k\",\"LedgerStorageAccount\":null,\"LedgerType\":\"Public\",\"AadBasedSecurityPrincipals\":[{\"PrincipalId\":\"34621747-6fc8-4771-a2eb-72f31c461f2e\",\"TenantId\":\"bce123b9-2b7b-4975-8360-5ca0b9b1cd08\",\"LedgerRoleName\":\"Administrator\"},{\"PrincipalId\":\"480f0db4-5580-44c3-b7a4-0b90304e1960\",\"TenantId\":\"72f988bf-86f1-41af-91ab-2d7cd011db47\",\"LedgerRoleName\":\"Administrator\"}],\"CertBasedSecurityPrincipals\":[{\"Cert\":\"-----BEGIN CERTIFICATE-----MIIBsjCCATigAwIBAgIUZWIbyG79TniQLd2UxJuU74tqrKcwCgYIKoZIzj0EAwMwEDEOMAwGA1UEAwwFdXNlcjAwHhcNMjEwMzE2MTgwNjExWhcNMjIwMzE2MTgwNjExWjAQMQ4wDAYDVQQDDAV1c2VyMDB2MBAGByqGSM49AgEGBSuBBAAiA2IABBiWSo/j8EFit7aUMm5lF+lUmCu+IgfnpFD+7QMgLKtxRJ3aGSqgS/GpqcYVGddnODtSarNE/HyGKUFUolLPQ5ybHcouUk0kyfA7XMeSoUA4lBz63Wha8wmXo+NdBRo39qNTMFEwHQYDVR0OBBYEFPtuhrwgGjDFHeUUT4nGsXaZn69KMB8GA1UdIwQYMBaAFPtuhrwgGjDFHeUUT4nGsXaZn69KMA8GA1UdEwEB/wQFMAMBAf8wCgYIKoZIzj0EAwMDaAAwZQIxAOnozm2CyqRwSSQLls5r+mUHRGRyXHXwYtM4Dcst/VEZdmS9fqvHRCHbjUlO/+HNfgIwMWZ4FmsjD3wnPxONOm9YdVn/PRD7SsPRPbOjwBiE4EBGaHDsLjYAGDSGi7NJnSkA-----END CERTIFICATE-----\",\"LedgerRoleName\":\"Reader\"}],\"LedgerInternalNamespace\":\"ed6d5919-6364-44e9-9744-fb8ff1b8aede\"}}",
      "isContentBase64": false
    }
  },
  "Remove-AzConfidentialLedger+[NoContext]+Delete+$GET+https://management.azure.com/subscriptions/027da7f8-2fc6-46d4-9be9-560706b60fec/resourceGroups/aclpwsh-rg-cdeb346/providers/Microsoft.ConfidentialLedger/ledgers?api-version=2021-05-13-preview+20": {
    "Request": {
      "Method": "GET",
      "RequestUri": "https://management.azure.com/subscriptions/027da7f8-2fc6-46d4-9be9-560706b60fec/resourceGroups/aclpwsh-rg-cdeb346/providers/Microsoft.ConfidentialLedger/ledgers?api-version=2021-05-13-preview",
      "Content": null,
      "isContentBase64": false,
      "Headers": {
        "x-ms-unique-id": [ "54" ],
        "x-ms-client-request-id": [ "e948757d-af8d-4adf-a6cd-f4feab66fcb6" ],
        "CommandName": [ "Get-AzConfidentialLedger" ],
        "FullCommandName": [ "Get-AzConfidentialLedger_List" ],
        "ParameterSetName": [ "__AllParameterSets" ],
        "User-Agent": [ "AzurePowershell/Az4.0.0-preview" ],
        "Authorization": [ "[Filtered]" ]
      },
      "ContentHeaders": {
      }
    },
    "Response": {
      "StatusCode": 200,
      "Headers": {
        "Cache-Control": [ "no-cache" ],
        "Pragma": [ "no-cache" ],
        "x-ms-original-request-ids": [ "3efe3225-1b4f-48b1-9fba-108249a46d47", "59607a80-f8d2-4c29-945b-8021fd0aa169", "bb13c999-d8a5-43dd-88f3-6dacf711b0cd", "8e7b11a8-506c-4840-a6ef-aee4a3515084" ],
        "x-ms-ratelimit-remaining-subscription-reads": [ "11990" ],
        "x-ms-request-id": [ "10bb78e7-c228-474f-9294-3040dc168568" ],
        "x-ms-correlation-request-id": [ "10bb78e7-c228-474f-9294-3040dc168568" ],
        "x-ms-routing-request-id": [ "WESTUS2:20220210T184904Z:10bb78e7-c228-474f-9294-3040dc168568" ],
        "Strict-Transport-Security": [ "max-age=31536000; includeSubDomains" ],
        "X-Content-Type-Options": [ "nosniff" ],
        "Date": [ "Thu, 10 Feb 2022 18:49:03 GMT" ]
      },
      "ContentHeaders": {
        "Content-Type": [ "application/json; charset=utf-8" ],
        "Expires": [ "-1" ],
        "Content-Length": [ "1637" ]
      },
      "Content": "{\"value\":[{\"id\":\"/subscriptions/027da7f8-2fc6-46d4-9be9-560706b60fec/resourceGroups/aclpwsh-rg-cdeb346/providers/Microsoft.ConfidentialLedger/Ledgers/pwsh-xyr1iozn65wkl\",\"name\":\"pwsh-xyr1iozn65wkl\",\"type\":\"Microsoft.ConfidentialLedger/Ledgers\",\"location\":\"eastus\",\"tags\":{\"Tag0\":\"additional properties 0\"},\"properties\":{\"ledgerName\":\"pwsh-xyr1iozn65wkl\",\"ledgerUri\":\"https://pwsh-xyr1iozn65wkl.confidential-ledger.azure.com\",\"identityServiceUri\":\"https://identity.confidential-ledger.core.azure.com/ledgerIdentity/pwsh-xyr1iozn65wkl\",\"ledgerType\":\"Public\",\"aadBasedSecurityPrincipals\":[{\"principalId\":\"34621747-6fc8-4771-a2eb-72f31c461f2e\",\"tenantId\":\"bce123b9-2b7b-4975-8360-5ca0b9b1cd08\",\"ledgerRoleName\":\"Administrator\"},{\"principalId\":\"480f0db4-5580-44c3-b7a4-0b90304e1960\",\"tenantId\":\"72f988bf-86f1-41af-91ab-2d7cd011db47\",\"ledgerRoleName\":\"Administrator\"}],\"certBasedSecurityPrincipals\":[{\"cert\":\"-----BEGIN CERTIFICATE-----MIIBsjCCATigAwIBAgIUZWIbyG79TniQLd2UxJuU74tqrKcwCgYIKoZIzj0EAwMwEDEOMAwGA1UEAwwFdXNlcjAwHhcNMjEwMzE2MTgwNjExWhcNMjIwMzE2MTgwNjExWjAQMQ4wDAYDVQQDDAV1c2VyMDB2MBAGByqGSM49AgEGBSuBBAAiA2IABBiWSo/j8EFit7aUMm5lF+lUmCu+IgfnpFD+7QMgLKtxRJ3aGSqgS/GpqcYVGddnODtSarNE/HyGKUFUolLPQ5ybHcouUk0kyfA7XMeSoUA4lBz63Wha8wmXo+NdBRo39qNTMFEwHQYDVR0OBBYEFPtuhrwgGjDFHeUUT4nGsXaZn69KMB8GA1UdIwQYMBaAFPtuhrwgGjDFHeUUT4nGsXaZn69KMA8GA1UdEwEB/wQFMAMBAf8wCgYIKoZIzj0EAwMDaAAwZQIxAOnozm2CyqRwSSQLls5r+mUHRGRyXHXwYtM4Dcst/VEZdmS9fqvHRCHbjUlO/+HNfgIwMWZ4FmsjD3wnPxONOm9YdVn/PRD7SsPRPbOjwBiE4EBGaHDsLjYAGDSGi7NJnSkA-----END CERTIFICATE-----\",\"ledgerRoleName\":\"Reader\"}],\"ledgerInternalNamespace\":\"3cddb0da-2947-47ad-9fc9-2002c35c29e5\"}}]}",
      "isContentBase64": false
    }
  },
  "Remove-AzConfidentialLedger+[NoContext]+DeleteViaIdentity+$PUT+https://management.azure.com/subscriptions/027da7f8-2fc6-46d4-9be9-560706b60fec/resourceGroups/aclpwsh-rg-cdeb346/providers/Microsoft.ConfidentialLedger/ledgers/pwsh-remove-af9c2k?api-version=2021-05-13-preview+1": {
    "Request": {
      "Method": "PUT",
      "RequestUri": "https://management.azure.com/subscriptions/027da7f8-2fc6-46d4-9be9-560706b60fec/resourceGroups/aclpwsh-rg-cdeb346/providers/Microsoft.ConfidentialLedger/ledgers/pwsh-remove-af9c2k?api-version=2021-05-13-preview",
      "Content": "{\n  \"location\": \"eastus\",\n  \"tags\": {\n    \"Tag0\": \"additional properties 0\"\n  },\n  \"properties\": {\n    \"ledgerType\": \"Public\",\n    \"aadBasedSecurityPrincipals\": [\n      {\n        \"principalId\": \"34621747-6fc8-4771-a2eb-72f31c461f2e\",\n        \"tenantId\": \"bce123b9-2b7b-4975-8360-5ca0b9b1cd08\",\n        \"ledgerRoleName\": \"Administrator\"\n      }\n    ],\n    \"certBasedSecurityPrincipals\": [\n      {\n        \"cert\": \"-----BEGIN CERTIFICATE-----MIIBsjCCATigAwIBAgIUZWIbyG79TniQLd2UxJuU74tqrKcwCgYIKoZIzj0EAwMwEDEOMAwGA1UEAwwFdXNlcjAwHhcNMjEwMzE2MTgwNjExWhcNMjIwMzE2MTgwNjExWjAQMQ4wDAYDVQQDDAV1c2VyMDB2MBAGByqGSM49AgEGBSuBBAAiA2IABBiWSo/j8EFit7aUMm5lF+lUmCu+IgfnpFD+7QMgLKtxRJ3aGSqgS/GpqcYVGddnODtSarNE/HyGKUFUolLPQ5ybHcouUk0kyfA7XMeSoUA4lBz63Wha8wmXo+NdBRo39qNTMFEwHQYDVR0OBBYEFPtuhrwgGjDFHeUUT4nGsXaZn69KMB8GA1UdIwQYMBaAFPtuhrwgGjDFHeUUT4nGsXaZn69KMA8GA1UdEwEB/wQFMAMBAf8wCgYIKoZIzj0EAwMDaAAwZQIxAOnozm2CyqRwSSQLls5r+mUHRGRyXHXwYtM4Dcst/VEZdmS9fqvHRCHbjUlO/+HNfgIwMWZ4FmsjD3wnPxONOm9YdVn/PRD7SsPRPbOjwBiE4EBGaHDsLjYAGDSGi7NJnSkA-----END CERTIFICATE-----\",\n        \"ledgerRoleName\": \"Reader\"\n      }\n    ]\n  }\n}",
      "isContentBase64": false,
      "Headers": {
      },
      "ContentHeaders": {
        "Content-Type": [ "application/json" ],
        "Content-Length": [ "1106" ]
      }
    },
    "Response": {
      "StatusCode": 201,
      "Headers": {
        "Cache-Control": [ "no-cache" ],
        "Pragma": [ "no-cache" ],
        "ETag": [ "\"c700d4f6-0000-0100-0000-62055e280000\"" ],
        "x-ms-ratelimit-remaining-subscription-writes": [ "1196" ],
        "x-ms-providerhub-traffic": [ "True" ],
        "x-ms-correlation-request-id": [ "a0d35c17-f873-486b-84ed-5da3ec0622ce" ],
        "x-ms-client-request-id": [ "4d4248ea-54fa-4c8f-897c-8a597343ada3" ],
        "x-ms-machineName": [ "controlplane-5fd6c9fd47-8p2fg" ],
        "x-ms-image-digest": [ "sha256:072a8d3f13b0f1b3594e0e0c376a19a69d4912941a94b993081f114ff087fb33" ],
        "x-ms-image-tag": [ "1.0.01866.313-e2d5b19c4f5da26cec69ac62d20ff8ceaf396f0a" ],
        "x-ms-async-operation-timeout": [ "PT10M" ],
        "Azure-AsyncOperation": [ "https://management.azure.com/providers/Microsoft.ConfidentialLedger/locations/EASTUS/operationStatuses/7dc9eeea-2508-4bf8-a258-4c5e2911b1a8*64C2F5AF6774E66B46F7D9FC2BD7003C8F87B8E45118A8D8F16F643A1F57A787?api-version=2021-05-13-preview" ],
        "x-ms-request-id": [ "7dc9eeea-2508-4bf8-a258-4c5e2911b1a8" ],
        "x-ms-routing-request-id": [ "WESTUS2:20220210T184912Z:a0d35c17-f873-486b-84ed-5da3ec0622ce" ],
        "Strict-Transport-Security": [ "max-age=31536000; includeSubDomains" ],
        "X-Content-Type-Options": [ "nosniff" ],
        "Date": [ "Thu, 10 Feb 2022 18:49:12 GMT" ]
      },
      "ContentHeaders": {
        "Content-Length": [ "1706" ],
        "Content-Type": [ "application/json; charset=utf-8" ],
        "Expires": [ "-1" ]
      },
      "Content": "{\"id\":\"/subscriptions/027da7f8-2fc6-46d4-9be9-560706b60fec/resourceGroups/aclpwsh-rg-cdeb346/providers/Microsoft.ConfidentialLedger/ledgers/pwsh-remove-af9c2k\",\"name\":\"pwsh-remove-af9c2k\",\"type\":\"microsoft.confidentialledger/ledgers\",\"location\":\"eastus\",\"tags\":{\"Tag0\":\"additional properties 0\"},\"systemData\":{\"createdBy\":\"lyshi@microsoft.com\",\"createdByType\":\"User\",\"createdAt\":\"2022-02-10T18:49:04.8460952Z\",\"lastModifiedBy\":\"lyshi@microsoft.com\",\"lastModifiedByType\":\"User\",\"lastModifiedAt\":\"2022-02-10T18:49:04.8460952Z\"},\"properties\":{\"ledgerName\":\"pwsh-remove-af9c2k\",\"ledgerType\":\"Public\",\"aadBasedSecurityPrincipals\":[{\"principalId\":\"34621747-6fc8-4771-a2eb-72f31c461f2e\",\"tenantId\":\"bce123b9-2b7b-4975-8360-5ca0b9b1cd08\",\"ledgerRoleName\":\"Administrator\"},{\"principalId\":\"480f0db4-5580-44c3-b7a4-0b90304e1960\",\"tenantId\":\"72f988bf-86f1-41af-91ab-2d7cd011db47\",\"ledgerRoleName\":\"Administrator\"}],\"certBasedSecurityPrincipals\":[{\"cert\":\"-----BEGIN CERTIFICATE-----MIIBsjCCATigAwIBAgIUZWIbyG79TniQLd2UxJuU74tqrKcwCgYIKoZIzj0EAwMwEDEOMAwGA1UEAwwFdXNlcjAwHhcNMjEwMzE2MTgwNjExWhcNMjIwMzE2MTgwNjExWjAQMQ4wDAYDVQQDDAV1c2VyMDB2MBAGByqGSM49AgEGBSuBBAAiA2IABBiWSo/j8EFit7aUMm5lF+lUmCu+IgfnpFD+7QMgLKtxRJ3aGSqgS/GpqcYVGddnODtSarNE/HyGKUFUolLPQ5ybHcouUk0kyfA7XMeSoUA4lBz63Wha8wmXo+NdBRo39qNTMFEwHQYDVR0OBBYEFPtuhrwgGjDFHeUUT4nGsXaZn69KMB8GA1UdIwQYMBaAFPtuhrwgGjDFHeUUT4nGsXaZn69KMA8GA1UdEwEB/wQFMAMBAf8wCgYIKoZIzj0EAwMDaAAwZQIxAOnozm2CyqRwSSQLls5r+mUHRGRyXHXwYtM4Dcst/VEZdmS9fqvHRCHbjUlO/+HNfgIwMWZ4FmsjD3wnPxONOm9YdVn/PRD7SsPRPbOjwBiE4EBGaHDsLjYAGDSGi7NJnSkA-----END CERTIFICATE-----\",\"ledgerRoleName\":\"Reader\"}],\"ledgerInternalNamespace\":\"8bb4f573-1ab2-47f2-be09-3511d3344b94\",\"provisioningState\":\"Accepted\"}}",
      "isContentBase64": false
    }
  },
  "Remove-AzConfidentialLedger+[NoContext]+DeleteViaIdentity+$GET+https://management.azure.com/providers/Microsoft.ConfidentialLedger/locations/EASTUS/operationStatuses/7dc9eeea-2508-4bf8-a258-4c5e2911b1a8*64C2F5AF6774E66B46F7D9FC2BD7003C8F87B8E45118A8D8F16F643A1F57A787?api-version=2021-05-13-preview+2": {
    "Request": {
      "Method": "GET",
      "RequestUri": "https://management.azure.com/providers/Microsoft.ConfidentialLedger/locations/EASTUS/operationStatuses/7dc9eeea-2508-4bf8-a258-4c5e2911b1a8*64C2F5AF6774E66B46F7D9FC2BD7003C8F87B8E45118A8D8F16F643A1F57A787?api-version=2021-05-13-preview",
      "Content": null,
      "isContentBase64": false,
      "Headers": {
        "Authorization": [ "[Filtered]" ],
        "x-ms-unique-id": [ "56" ],
        "x-ms-client-request-id": [ "812d0c00-3d2b-4dc7-8dec-2188807bec92" ],
        "CommandName": [ "New-AzConfidentialLedger" ],
        "FullCommandName": [ "New-AzConfidentialLedger_CreateExpanded" ],
        "ParameterSetName": [ "__AllParameterSets" ],
        "User-Agent": [ "AzurePowershell/Az4.0.0-preview" ]
      },
      "ContentHeaders": {
      }
    },
    "Response": {
      "StatusCode": 200,
      "Headers": {
        "Cache-Control": [ "no-cache" ],
        "Pragma": [ "no-cache" ],
        "ETag": [ "\"9b018535-0000-0100-0000-62055e210000\"" ],
        "x-ms-ratelimit-remaining-tenant-reads": [ "11961" ],
        "x-ms-request-id": [ "bd1b996d-8de3-4a61-9e4f-74e5886eab3f" ],
        "x-ms-correlation-request-id": [ "3f03012c-033e-41ba-80cc-1e6a03765e38" ],
        "x-ms-routing-request-id": [ "WESTUS2:20220210T184942Z:3f03012c-033e-41ba-80cc-1e6a03765e38" ],
        "Strict-Transport-Security": [ "max-age=31536000; includeSubDomains" ],
        "X-Content-Type-Options": [ "nosniff" ],
        "Date": [ "Thu, 10 Feb 2022 18:49:42 GMT" ]
      },
      "ContentHeaders": {
        "Content-Length": [ "526" ],
        "Content-Type": [ "application/json; charset=utf-8" ],
        "Expires": [ "-1" ]
      },
      "Content": "{\"id\":\"/providers/Microsoft.ConfidentialLedger/locations/EASTUS/operationStatuses/7dc9eeea-2508-4bf8-a258-4c5e2911b1a8*64C2F5AF6774E66B46F7D9FC2BD7003C8F87B8E45118A8D8F16F643A1F57A787\",\"name\":\"7dc9eeea-2508-4bf8-a258-4c5e2911b1a8*64C2F5AF6774E66B46F7D9FC2BD7003C8F87B8E45118A8D8F16F643A1F57A787\",\"resourceId\":\"/subscriptions/027da7f8-2fc6-46d4-9be9-560706b60fec/resourceGroups/aclpwsh-rg-cdeb346/providers/Microsoft.ConfidentialLedger/ledgers/pwsh-remove-af9c2k\",\"status\":\"Accepted\",\"startTime\":\"2022-02-10T18:49:05.9295996Z\"}",
      "isContentBase64": false
    }
  },
  "Remove-AzConfidentialLedger+[NoContext]+DeleteViaIdentity+$GET+https://management.azure.com/providers/Microsoft.ConfidentialLedger/locations/EASTUS/operationStatuses/7dc9eeea-2508-4bf8-a258-4c5e2911b1a8*64C2F5AF6774E66B46F7D9FC2BD7003C8F87B8E45118A8D8F16F643A1F57A787?api-version=2021-05-13-preview+3": {
    "Request": {
      "Method": "GET",
      "RequestUri": "https://management.azure.com/providers/Microsoft.ConfidentialLedger/locations/EASTUS/operationStatuses/7dc9eeea-2508-4bf8-a258-4c5e2911b1a8*64C2F5AF6774E66B46F7D9FC2BD7003C8F87B8E45118A8D8F16F643A1F57A787?api-version=2021-05-13-preview",
      "Content": null,
      "isContentBase64": false,
      "Headers": {
        "Authorization": [ "[Filtered]" ],
        "x-ms-unique-id": [ "57" ],
        "x-ms-client-request-id": [ "812d0c00-3d2b-4dc7-8dec-2188807bec92" ],
        "CommandName": [ "New-AzConfidentialLedger" ],
        "FullCommandName": [ "New-AzConfidentialLedger_CreateExpanded" ],
        "ParameterSetName": [ "__AllParameterSets" ],
        "User-Agent": [ "AzurePowershell/Az4.0.0-preview" ]
      },
      "ContentHeaders": {
      }
    },
    "Response": {
      "StatusCode": 200,
      "Headers": {
        "Cache-Control": [ "no-cache" ],
        "Pragma": [ "no-cache" ],
        "ETag": [ "\"9b018535-0000-0100-0000-62055e210000\"" ],
        "x-ms-ratelimit-remaining-tenant-reads": [ "11960" ],
        "x-ms-request-id": [ "b6a23ca7-6058-47e1-b2da-e1a95d487aef" ],
        "x-ms-correlation-request-id": [ "8a0f61db-5b54-4054-8877-c2b2903e54d1" ],
        "x-ms-routing-request-id": [ "WESTUS2:20220210T185012Z:8a0f61db-5b54-4054-8877-c2b2903e54d1" ],
        "Strict-Transport-Security": [ "max-age=31536000; includeSubDomains" ],
        "X-Content-Type-Options": [ "nosniff" ],
        "Date": [ "Thu, 10 Feb 2022 18:50:12 GMT" ]
      },
      "ContentHeaders": {
        "Content-Length": [ "526" ],
        "Content-Type": [ "application/json; charset=utf-8" ],
        "Expires": [ "-1" ]
      },
      "Content": "{\"id\":\"/providers/Microsoft.ConfidentialLedger/locations/EASTUS/operationStatuses/7dc9eeea-2508-4bf8-a258-4c5e2911b1a8*64C2F5AF6774E66B46F7D9FC2BD7003C8F87B8E45118A8D8F16F643A1F57A787\",\"name\":\"7dc9eeea-2508-4bf8-a258-4c5e2911b1a8*64C2F5AF6774E66B46F7D9FC2BD7003C8F87B8E45118A8D8F16F643A1F57A787\",\"resourceId\":\"/subscriptions/027da7f8-2fc6-46d4-9be9-560706b60fec/resourceGroups/aclpwsh-rg-cdeb346/providers/Microsoft.ConfidentialLedger/ledgers/pwsh-remove-af9c2k\",\"status\":\"Accepted\",\"startTime\":\"2022-02-10T18:49:05.9295996Z\"}",
      "isContentBase64": false
    }
  },
  "Remove-AzConfidentialLedger+[NoContext]+DeleteViaIdentity+$GET+https://management.azure.com/providers/Microsoft.ConfidentialLedger/locations/EASTUS/operationStatuses/7dc9eeea-2508-4bf8-a258-4c5e2911b1a8*64C2F5AF6774E66B46F7D9FC2BD7003C8F87B8E45118A8D8F16F643A1F57A787?api-version=2021-05-13-preview+4": {
    "Request": {
      "Method": "GET",
      "RequestUri": "https://management.azure.com/providers/Microsoft.ConfidentialLedger/locations/EASTUS/operationStatuses/7dc9eeea-2508-4bf8-a258-4c5e2911b1a8*64C2F5AF6774E66B46F7D9FC2BD7003C8F87B8E45118A8D8F16F643A1F57A787?api-version=2021-05-13-preview",
      "Content": null,
      "isContentBase64": false,
      "Headers": {
        "Authorization": [ "[Filtered]" ],
        "x-ms-unique-id": [ "58" ],
        "x-ms-client-request-id": [ "812d0c00-3d2b-4dc7-8dec-2188807bec92" ],
        "CommandName": [ "New-AzConfidentialLedger" ],
        "FullCommandName": [ "New-AzConfidentialLedger_CreateExpanded" ],
        "ParameterSetName": [ "__AllParameterSets" ],
        "User-Agent": [ "AzurePowershell/Az4.0.0-preview" ]
      },
      "ContentHeaders": {
      }
    },
    "Response": {
      "StatusCode": 200,
      "Headers": {
        "Cache-Control": [ "no-cache" ],
        "Pragma": [ "no-cache" ],
        "ETag": [ "\"9b018535-0000-0100-0000-62055e210000\"" ],
        "x-ms-ratelimit-remaining-tenant-reads": [ "11959" ],
        "x-ms-request-id": [ "6f788a9f-1425-4538-9850-cb2db0a78b8f" ],
        "x-ms-correlation-request-id": [ "ef0c932e-053b-4378-b562-df21ebebc310" ],
        "x-ms-routing-request-id": [ "WESTUS2:20220210T185043Z:ef0c932e-053b-4378-b562-df21ebebc310" ],
        "Strict-Transport-Security": [ "max-age=31536000; includeSubDomains" ],
        "X-Content-Type-Options": [ "nosniff" ],
        "Date": [ "Thu, 10 Feb 2022 18:50:42 GMT" ]
      },
      "ContentHeaders": {
        "Content-Length": [ "526" ],
        "Content-Type": [ "application/json; charset=utf-8" ],
        "Expires": [ "-1" ]
      },
      "Content": "{\"id\":\"/providers/Microsoft.ConfidentialLedger/locations/EASTUS/operationStatuses/7dc9eeea-2508-4bf8-a258-4c5e2911b1a8*64C2F5AF6774E66B46F7D9FC2BD7003C8F87B8E45118A8D8F16F643A1F57A787\",\"name\":\"7dc9eeea-2508-4bf8-a258-4c5e2911b1a8*64C2F5AF6774E66B46F7D9FC2BD7003C8F87B8E45118A8D8F16F643A1F57A787\",\"resourceId\":\"/subscriptions/027da7f8-2fc6-46d4-9be9-560706b60fec/resourceGroups/aclpwsh-rg-cdeb346/providers/Microsoft.ConfidentialLedger/ledgers/pwsh-remove-af9c2k\",\"status\":\"Accepted\",\"startTime\":\"2022-02-10T18:49:05.9295996Z\"}",
      "isContentBase64": false
    }
  },
  "Remove-AzConfidentialLedger+[NoContext]+DeleteViaIdentity+$GET+https://management.azure.com/providers/Microsoft.ConfidentialLedger/locations/EASTUS/operationStatuses/7dc9eeea-2508-4bf8-a258-4c5e2911b1a8*64C2F5AF6774E66B46F7D9FC2BD7003C8F87B8E45118A8D8F16F643A1F57A787?api-version=2021-05-13-preview+5": {
    "Request": {
      "Method": "GET",
      "RequestUri": "https://management.azure.com/providers/Microsoft.ConfidentialLedger/locations/EASTUS/operationStatuses/7dc9eeea-2508-4bf8-a258-4c5e2911b1a8*64C2F5AF6774E66B46F7D9FC2BD7003C8F87B8E45118A8D8F16F643A1F57A787?api-version=2021-05-13-preview",
      "Content": null,
      "isContentBase64": false,
      "Headers": {
        "Authorization": [ "[Filtered]" ],
        "x-ms-unique-id": [ "59" ],
        "x-ms-client-request-id": [ "812d0c00-3d2b-4dc7-8dec-2188807bec92" ],
        "CommandName": [ "New-AzConfidentialLedger" ],
        "FullCommandName": [ "New-AzConfidentialLedger_CreateExpanded" ],
        "ParameterSetName": [ "__AllParameterSets" ],
        "User-Agent": [ "AzurePowershell/Az4.0.0-preview" ]
      },
      "ContentHeaders": {
      }
    },
    "Response": {
      "StatusCode": 200,
      "Headers": {
        "Cache-Control": [ "no-cache" ],
        "Pragma": [ "no-cache" ],
        "ETag": [ "\"9b018535-0000-0100-0000-62055e210000\"" ],
        "x-ms-ratelimit-remaining-tenant-reads": [ "11958" ],
        "x-ms-request-id": [ "0a64e883-3003-42b8-8f6a-f1879a05ec69" ],
        "x-ms-correlation-request-id": [ "e7df1059-a8db-4f0b-81f2-3be7f42ddb00" ],
        "x-ms-routing-request-id": [ "WESTUS2:20220210T185113Z:e7df1059-a8db-4f0b-81f2-3be7f42ddb00" ],
        "Strict-Transport-Security": [ "max-age=31536000; includeSubDomains" ],
        "X-Content-Type-Options": [ "nosniff" ],
        "Date": [ "Thu, 10 Feb 2022 18:51:13 GMT" ]
      },
      "ContentHeaders": {
        "Content-Length": [ "526" ],
        "Content-Type": [ "application/json; charset=utf-8" ],
        "Expires": [ "-1" ]
      },
      "Content": "{\"id\":\"/providers/Microsoft.ConfidentialLedger/locations/EASTUS/operationStatuses/7dc9eeea-2508-4bf8-a258-4c5e2911b1a8*64C2F5AF6774E66B46F7D9FC2BD7003C8F87B8E45118A8D8F16F643A1F57A787\",\"name\":\"7dc9eeea-2508-4bf8-a258-4c5e2911b1a8*64C2F5AF6774E66B46F7D9FC2BD7003C8F87B8E45118A8D8F16F643A1F57A787\",\"resourceId\":\"/subscriptions/027da7f8-2fc6-46d4-9be9-560706b60fec/resourceGroups/aclpwsh-rg-cdeb346/providers/Microsoft.ConfidentialLedger/ledgers/pwsh-remove-af9c2k\",\"status\":\"Accepted\",\"startTime\":\"2022-02-10T18:49:05.9295996Z\"}",
      "isContentBase64": false
    }
  },
  "Remove-AzConfidentialLedger+[NoContext]+DeleteViaIdentity+$GET+https://management.azure.com/providers/Microsoft.ConfidentialLedger/locations/EASTUS/operationStatuses/7dc9eeea-2508-4bf8-a258-4c5e2911b1a8*64C2F5AF6774E66B46F7D9FC2BD7003C8F87B8E45118A8D8F16F643A1F57A787?api-version=2021-05-13-preview+6": {
    "Request": {
      "Method": "GET",
      "RequestUri": "https://management.azure.com/providers/Microsoft.ConfidentialLedger/locations/EASTUS/operationStatuses/7dc9eeea-2508-4bf8-a258-4c5e2911b1a8*64C2F5AF6774E66B46F7D9FC2BD7003C8F87B8E45118A8D8F16F643A1F57A787?api-version=2021-05-13-preview",
      "Content": null,
      "isContentBase64": false,
      "Headers": {
        "Authorization": [ "[Filtered]" ],
        "x-ms-unique-id": [ "60" ],
        "x-ms-client-request-id": [ "812d0c00-3d2b-4dc7-8dec-2188807bec92" ],
        "CommandName": [ "New-AzConfidentialLedger" ],
        "FullCommandName": [ "New-AzConfidentialLedger_CreateExpanded" ],
        "ParameterSetName": [ "__AllParameterSets" ],
        "User-Agent": [ "AzurePowershell/Az4.0.0-preview" ]
      },
      "ContentHeaders": {
      }
    },
    "Response": {
      "StatusCode": 200,
      "Headers": {
        "Cache-Control": [ "no-cache" ],
        "Pragma": [ "no-cache" ],
        "ETag": [ "\"9b018535-0000-0100-0000-62055e210000\"" ],
        "x-ms-ratelimit-remaining-tenant-reads": [ "11957" ],
        "x-ms-request-id": [ "bbb392fe-faa9-4fee-8689-c5673973e69d" ],
        "x-ms-correlation-request-id": [ "4408e659-843a-469e-92ba-4391c05677d5" ],
        "x-ms-routing-request-id": [ "WESTUS2:20220210T185143Z:4408e659-843a-469e-92ba-4391c05677d5" ],
        "Strict-Transport-Security": [ "max-age=31536000; includeSubDomains" ],
        "X-Content-Type-Options": [ "nosniff" ],
        "Date": [ "Thu, 10 Feb 2022 18:51:43 GMT" ]
      },
      "ContentHeaders": {
        "Content-Length": [ "526" ],
        "Content-Type": [ "application/json; charset=utf-8" ],
        "Expires": [ "-1" ]
      },
      "Content": "{\"id\":\"/providers/Microsoft.ConfidentialLedger/locations/EASTUS/operationStatuses/7dc9eeea-2508-4bf8-a258-4c5e2911b1a8*64C2F5AF6774E66B46F7D9FC2BD7003C8F87B8E45118A8D8F16F643A1F57A787\",\"name\":\"7dc9eeea-2508-4bf8-a258-4c5e2911b1a8*64C2F5AF6774E66B46F7D9FC2BD7003C8F87B8E45118A8D8F16F643A1F57A787\",\"resourceId\":\"/subscriptions/027da7f8-2fc6-46d4-9be9-560706b60fec/resourceGroups/aclpwsh-rg-cdeb346/providers/Microsoft.ConfidentialLedger/ledgers/pwsh-remove-af9c2k\",\"status\":\"Accepted\",\"startTime\":\"2022-02-10T18:49:05.9295996Z\"}",
      "isContentBase64": false
    }
  },
  "Remove-AzConfidentialLedger+[NoContext]+DeleteViaIdentity+$GET+https://management.azure.com/providers/Microsoft.ConfidentialLedger/locations/EASTUS/operationStatuses/7dc9eeea-2508-4bf8-a258-4c5e2911b1a8*64C2F5AF6774E66B46F7D9FC2BD7003C8F87B8E45118A8D8F16F643A1F57A787?api-version=2021-05-13-preview+7": {
    "Request": {
      "Method": "GET",
      "RequestUri": "https://management.azure.com/providers/Microsoft.ConfidentialLedger/locations/EASTUS/operationStatuses/7dc9eeea-2508-4bf8-a258-4c5e2911b1a8*64C2F5AF6774E66B46F7D9FC2BD7003C8F87B8E45118A8D8F16F643A1F57A787?api-version=2021-05-13-preview",
      "Content": null,
      "isContentBase64": false,
      "Headers": {
        "Authorization": [ "[Filtered]" ],
        "x-ms-unique-id": [ "61" ],
        "x-ms-client-request-id": [ "812d0c00-3d2b-4dc7-8dec-2188807bec92" ],
        "CommandName": [ "New-AzConfidentialLedger" ],
        "FullCommandName": [ "New-AzConfidentialLedger_CreateExpanded" ],
        "ParameterSetName": [ "__AllParameterSets" ],
        "User-Agent": [ "AzurePowershell/Az4.0.0-preview" ]
      },
      "ContentHeaders": {
      }
    },
    "Response": {
      "StatusCode": 200,
      "Headers": {
        "Cache-Control": [ "no-cache" ],
        "Pragma": [ "no-cache" ],
        "ETag": [ "\"9b017638-0000-0100-0000-62055ed80000\"" ],
        "x-ms-ratelimit-remaining-tenant-reads": [ "11956" ],
        "x-ms-request-id": [ "85dd6521-4695-428d-b674-f1c911297f3e" ],
        "x-ms-correlation-request-id": [ "3aa6d2cf-baf4-42ea-8d33-279b9b9a03e4" ],
        "x-ms-routing-request-id": [ "WESTUS2:20220210T185213Z:3aa6d2cf-baf4-42ea-8d33-279b9b9a03e4" ],
        "Strict-Transport-Security": [ "max-age=31536000; includeSubDomains" ],
        "X-Content-Type-Options": [ "nosniff" ],
        "Date": [ "Thu, 10 Feb 2022 18:52:13 GMT" ]
      },
      "ContentHeaders": {
        "Content-Length": [ "1925" ],
        "Content-Type": [ "application/json; charset=utf-8" ],
        "Expires": [ "-1" ]
      },
      "Content": "{\"id\":\"/providers/Microsoft.ConfidentialLedger/locations/EASTUS/operationStatuses/7dc9eeea-2508-4bf8-a258-4c5e2911b1a8*64C2F5AF6774E66B46F7D9FC2BD7003C8F87B8E45118A8D8F16F643A1F57A787\",\"name\":\"7dc9eeea-2508-4bf8-a258-4c5e2911b1a8*64C2F5AF6774E66B46F7D9FC2BD7003C8F87B8E45118A8D8F16F643A1F57A787\",\"resourceId\":\"/subscriptions/027da7f8-2fc6-46d4-9be9-560706b60fec/resourceGroups/aclpwsh-rg-cdeb346/providers/Microsoft.ConfidentialLedger/ledgers/pwsh-remove-af9c2k\",\"status\":\"Succeeded\",\"startTime\":\"2022-02-10T18:49:05.9295996Z\",\"endTime\":\"2022-02-10T18:52:08.8915729Z\",\"properties\":{\"LedgerName\":\"pwsh-remove-af9c2k\",\"LedgerUri\":\"https://pwsh-remove-af9c2k.confidential-ledger.azure.com\",\"IdentityServiceUri\":\"https://identity.confidential-ledger.core.azure.com/ledgerIdentity/pwsh-remove-af9c2k\",\"LedgerStorageAccount\":null,\"LedgerType\":\"Public\",\"AadBasedSecurityPrincipals\":[{\"PrincipalId\":\"34621747-6fc8-4771-a2eb-72f31c461f2e\",\"TenantId\":\"bce123b9-2b7b-4975-8360-5ca0b9b1cd08\",\"LedgerRoleName\":\"Administrator\"},{\"PrincipalId\":\"480f0db4-5580-44c3-b7a4-0b90304e1960\",\"TenantId\":\"72f988bf-86f1-41af-91ab-2d7cd011db47\",\"LedgerRoleName\":\"Administrator\"}],\"CertBasedSecurityPrincipals\":[{\"Cert\":\"-----BEGIN CERTIFICATE-----MIIBsjCCATigAwIBAgIUZWIbyG79TniQLd2UxJuU74tqrKcwCgYIKoZIzj0EAwMwEDEOMAwGA1UEAwwFdXNlcjAwHhcNMjEwMzE2MTgwNjExWhcNMjIwMzE2MTgwNjExWjAQMQ4wDAYDVQQDDAV1c2VyMDB2MBAGByqGSM49AgEGBSuBBAAiA2IABBiWSo/j8EFit7aUMm5lF+lUmCu+IgfnpFD+7QMgLKtxRJ3aGSqgS/GpqcYVGddnODtSarNE/HyGKUFUolLPQ5ybHcouUk0kyfA7XMeSoUA4lBz63Wha8wmXo+NdBRo39qNTMFEwHQYDVR0OBBYEFPtuhrwgGjDFHeUUT4nGsXaZn69KMB8GA1UdIwQYMBaAFPtuhrwgGjDFHeUUT4nGsXaZn69KMA8GA1UdEwEB/wQFMAMBAf8wCgYIKoZIzj0EAwMDaAAwZQIxAOnozm2CyqRwSSQLls5r+mUHRGRyXHXwYtM4Dcst/VEZdmS9fqvHRCHbjUlO/+HNfgIwMWZ4FmsjD3wnPxONOm9YdVn/PRD7SsPRPbOjwBiE4EBGaHDsLjYAGDSGi7NJnSkA-----END CERTIFICATE-----\",\"LedgerRoleName\":\"Reader\"}],\"LedgerInternalNamespace\":\"8bb4f573-1ab2-47f2-be09-3511d3344b94\"}}",
      "isContentBase64": false
    }
  },
  "Remove-AzConfidentialLedger+[NoContext]+DeleteViaIdentity+$GET+https://management.azure.com/subscriptions/027da7f8-2fc6-46d4-9be9-560706b60fec/resourceGroups/aclpwsh-rg-cdeb346/providers/Microsoft.ConfidentialLedger/ledgers/pwsh-remove-af9c2k?api-version=2021-05-13-preview+8": {
    "Request": {
      "Method": "GET",
      "RequestUri": "https://management.azure.com/subscriptions/027da7f8-2fc6-46d4-9be9-560706b60fec/resourceGroups/aclpwsh-rg-cdeb346/providers/Microsoft.ConfidentialLedger/ledgers/pwsh-remove-af9c2k?api-version=2021-05-13-preview",
      "Content": null,
      "isContentBase64": false,
      "Headers": {
        "Authorization": [ "[Filtered]" ],
        "x-ms-unique-id": [ "62" ],
        "x-ms-client-request-id": [ "812d0c00-3d2b-4dc7-8dec-2188807bec92" ],
        "CommandName": [ "New-AzConfidentialLedger" ],
        "FullCommandName": [ "New-AzConfidentialLedger_CreateExpanded" ],
        "ParameterSetName": [ "__AllParameterSets" ],
        "User-Agent": [ "AzurePowershell/Az4.0.0-preview" ]
      },
      "ContentHeaders": {
      }
    },
    "Response": {
      "StatusCode": 200,
      "Headers": {
        "Cache-Control": [ "no-cache" ],
        "Pragma": [ "no-cache" ],
        "ETag": [ "\"c8009b00-0000-0100-0000-62055ed80000\"" ],
        "x-ms-ratelimit-remaining-subscription-reads": [ "11989" ],
        "x-ms-providerhub-traffic": [ "True" ],
        "x-ms-correlation-request-id": [ "637d2aee-02c1-41aa-adf6-532c3c84924a" ],
        "x-ms-client-request-id": [ "628fe2d5-ccb7-4592-aab6-a49bd32df616" ],
        "x-ms-machineName": [ "controlplane-5fd6c9fd47-8p2fg" ],
        "x-ms-image-digest": [ "sha256:072a8d3f13b0f1b3594e0e0c376a19a69d4912941a94b993081f114ff087fb33" ],
        "x-ms-image-tag": [ "1.0.01866.313-e2d5b19c4f5da26cec69ac62d20ff8ceaf396f0a" ],
        "x-ms-request-id": [ "7b574d76-239a-42ce-8049-97bc4c2b78ed" ],
        "x-ms-routing-request-id": [ "WESTUS2:20220210T185213Z:637d2aee-02c1-41aa-adf6-532c3c84924a" ],
        "Strict-Transport-Security": [ "max-age=31536000; includeSubDomains" ],
        "X-Content-Type-Options": [ "nosniff" ],
        "Date": [ "Thu, 10 Feb 2022 18:52:13 GMT" ]
      },
      "ContentHeaders": {
        "Content-Length": [ "1625" ],
        "Content-Type": [ "application/json; charset=utf-8" ],
        "Expires": [ "-1" ]
      },
      "Content": "{\"id\":\"/subscriptions/027da7f8-2fc6-46d4-9be9-560706b60fec/resourceGroups/aclpwsh-rg-cdeb346/providers/Microsoft.ConfidentialLedger/Ledgers/pwsh-remove-af9c2k\",\"name\":\"pwsh-remove-af9c2k\",\"type\":\"Microsoft.ConfidentialLedger/Ledgers\",\"location\":\"eastus\",\"tags\":{\"Tag0\":\"additional properties 0\"},\"properties\":{\"ledgerName\":\"pwsh-remove-af9c2k\",\"ledgerUri\":\"https://pwsh-remove-af9c2k.confidential-ledger.azure.com\",\"identityServiceUri\":\"https://identity.confidential-ledger.core.azure.com/ledgerIdentity/pwsh-remove-af9c2k\",\"ledgerType\":\"Public\",\"aadBasedSecurityPrincipals\":[{\"principalId\":\"34621747-6fc8-4771-a2eb-72f31c461f2e\",\"tenantId\":\"bce123b9-2b7b-4975-8360-5ca0b9b1cd08\",\"ledgerRoleName\":\"Administrator\"},{\"principalId\":\"480f0db4-5580-44c3-b7a4-0b90304e1960\",\"tenantId\":\"72f988bf-86f1-41af-91ab-2d7cd011db47\",\"ledgerRoleName\":\"Administrator\"}],\"certBasedSecurityPrincipals\":[{\"cert\":\"-----BEGIN CERTIFICATE-----MIIBsjCCATigAwIBAgIUZWIbyG79TniQLd2UxJuU74tqrKcwCgYIKoZIzj0EAwMwEDEOMAwGA1UEAwwFdXNlcjAwHhcNMjEwMzE2MTgwNjExWhcNMjIwMzE2MTgwNjExWjAQMQ4wDAYDVQQDDAV1c2VyMDB2MBAGByqGSM49AgEGBSuBBAAiA2IABBiWSo/j8EFit7aUMm5lF+lUmCu+IgfnpFD+7QMgLKtxRJ3aGSqgS/GpqcYVGddnODtSarNE/HyGKUFUolLPQ5ybHcouUk0kyfA7XMeSoUA4lBz63Wha8wmXo+NdBRo39qNTMFEwHQYDVR0OBBYEFPtuhrwgGjDFHeUUT4nGsXaZn69KMB8GA1UdIwQYMBaAFPtuhrwgGjDFHeUUT4nGsXaZn69KMA8GA1UdEwEB/wQFMAMBAf8wCgYIKoZIzj0EAwMDaAAwZQIxAOnozm2CyqRwSSQLls5r+mUHRGRyXHXwYtM4Dcst/VEZdmS9fqvHRCHbjUlO/+HNfgIwMWZ4FmsjD3wnPxONOm9YdVn/PRD7SsPRPbOjwBiE4EBGaHDsLjYAGDSGi7NJnSkA-----END CERTIFICATE-----\",\"ledgerRoleName\":\"Reader\"}],\"ledgerInternalNamespace\":\"8bb4f573-1ab2-47f2-be09-3511d3344b94\"}}",
      "isContentBase64": false
    }
  },
  "Remove-AzConfidentialLedger+[NoContext]+DeleteViaIdentity+$DELETE+https://management.azure.com/subscriptions/027da7f8-2fc6-46d4-9be9-560706b60fec/resourceGroups/aclpwsh-rg-cdeb346/providers/Microsoft.ConfidentialLedger/ledgers/pwsh-remove-af9c2k?api-version=2021-05-13-preview+9": {
    "Request": {
      "Method": "DELETE",
      "RequestUri": "https://management.azure.com/subscriptions/027da7f8-2fc6-46d4-9be9-560706b60fec/resourceGroups/aclpwsh-rg-cdeb346/providers/Microsoft.ConfidentialLedger/ledgers/pwsh-remove-af9c2k?api-version=2021-05-13-preview",
      "Content": null,
      "isContentBase64": false,
      "Headers": {
        "x-ms-unique-id": [ "63" ],
        "x-ms-client-request-id": [ "a4e61fdf-3cca-471a-9873-1c77bab983aa" ],
        "CommandName": [ "Remove-AzConfidentialLedger" ],
        "FullCommandName": [ "Remove-AzConfidentialLedger_DeleteViaIdentity" ],
        "ParameterSetName": [ "__AllParameterSets" ],
        "User-Agent": [ "AzurePowershell/Az4.0.0-preview" ],
        "Authorization": [ "[Filtered]" ]
      },
      "ContentHeaders": {
      }
    },
    "Response": {
      "StatusCode": 202,
      "Headers": {
        "Cache-Control": [ "no-cache" ],
        "Pragma": [ "no-cache" ],
        "ETag": [ "\"c800fa00-0000-0100-0000-62055ede0000\"" ],
        "Location": [ "https://management.azure.com/providers/Microsoft.ConfidentialLedger/locations/EASTUS/operationStatuses/8fad1339-2a6d-4b85-aded-dbff57d4eb9d*64C2F5AF6774E66B46F7D9FC2BD7003C8F87B8E45118A8D8F16F643A1F57A787?api-version=2021-05-13-preview" ],
        "x-ms-ratelimit-remaining-subscription-deletes": [ "14997" ],
        "x-ms-providerhub-traffic": [ "True" ],
        "x-ms-correlation-request-id": [ "dc2124a6-74a4-4876-a998-fbcecf60d198" ],
        "x-ms-client-request-id": [ "412036b2-8d71-47ff-86e5-d8406abcb959" ],
        "x-ms-machineName": [ "controlplane-5fd6c9fd47-8p2fg" ],
        "x-ms-image-digest": [ "sha256:072a8d3f13b0f1b3594e0e0c376a19a69d4912941a94b993081f114ff087fb33" ],
        "x-ms-image-tag": [ "1.0.01866.313-e2d5b19c4f5da26cec69ac62d20ff8ceaf396f0a" ],
        "x-ms-async-operation-timeout": [ "PT5M" ],
        "Azure-AsyncOperation": [ "https://management.azure.com/providers/Microsoft.ConfidentialLedger/locations/EASTUS/operationStatuses/8fad1339-2a6d-4b85-aded-dbff57d4eb9d*64C2F5AF6774E66B46F7D9FC2BD7003C8F87B8E45118A8D8F16F643A1F57A787?api-version=2021-05-13-preview" ],
        "x-ms-request-id": [ "8fad1339-2a6d-4b85-aded-dbff57d4eb9d" ],
        "x-ms-routing-request-id": [ "WESTUS2:20220210T185214Z:dc2124a6-74a4-4876-a998-fbcecf60d198" ],
        "Strict-Transport-Security": [ "max-age=31536000; includeSubDomains" ],
        "X-Content-Type-Options": [ "nosniff" ],
        "Date": [ "Thu, 10 Feb 2022 18:52:13 GMT" ]
      },
      "ContentHeaders": {
        "Content-Length": [ "4" ],
        "Content-Type": [ "application/json; charset=utf-8" ],
        "Expires": [ "-1" ]
      },
      "Content": "bnVsbA==",
      "isContentBase64": false
    }
  },
  "Remove-AzConfidentialLedger+[NoContext]+DeleteViaIdentity+$GET+https://management.azure.com/providers/Microsoft.ConfidentialLedger/locations/EASTUS/operationStatuses/8fad1339-2a6d-4b85-aded-dbff57d4eb9d*64C2F5AF6774E66B46F7D9FC2BD7003C8F87B8E45118A8D8F16F643A1F57A787?api-version=2021-05-13-preview+10": {
    "Request": {
      "Method": "GET",
      "RequestUri": "https://management.azure.com/providers/Microsoft.ConfidentialLedger/locations/EASTUS/operationStatuses/8fad1339-2a6d-4b85-aded-dbff57d4eb9d*64C2F5AF6774E66B46F7D9FC2BD7003C8F87B8E45118A8D8F16F643A1F57A787?api-version=2021-05-13-preview",
      "Content": null,
      "isContentBase64": false,
      "Headers": {
        "Authorization": [ "[Filtered]" ],
        "x-ms-unique-id": [ "64" ],
        "x-ms-client-request-id": [ "a4e61fdf-3cca-471a-9873-1c77bab983aa" ],
        "CommandName": [ "Remove-AzConfidentialLedger" ],
        "FullCommandName": [ "Remove-AzConfidentialLedger_DeleteViaIdentity" ],
        "ParameterSetName": [ "__AllParameterSets" ],
        "User-Agent": [ "AzurePowershell/Az4.0.0-preview" ]
      },
      "ContentHeaders": {
      }
    },
    "Response": {
      "StatusCode": 202,
      "Headers": {
        "Cache-Control": [ "no-cache" ],
        "Pragma": [ "no-cache" ],
        "ETag": [ "\"9b018e38-0000-0100-0000-62055ede0000\"" ],
        "x-ms-ratelimit-remaining-tenant-reads": [ "11955" ],
        "x-ms-request-id": [ "99cd0c62-ecd3-483e-9f2d-3ebd669e9a4b" ],
        "x-ms-correlation-request-id": [ "aabe5c7c-935a-4a1d-9175-760418ac587d" ],
        "x-ms-routing-request-id": [ "WESTUS2:20220210T185244Z:aabe5c7c-935a-4a1d-9175-760418ac587d" ],
        "Strict-Transport-Security": [ "max-age=31536000; includeSubDomains" ],
        "X-Content-Type-Options": [ "nosniff" ],
        "Date": [ "Thu, 10 Feb 2022 18:52:43 GMT" ]
      },
      "ContentHeaders": {
        "Content-Length": [ "525" ],
        "Content-Type": [ "application/json; charset=utf-8" ],
        "Expires": [ "-1" ]
      },
      "Content": "{\"id\":\"/providers/Microsoft.ConfidentialLedger/locations/EASTUS/operationStatuses/8fad1339-2a6d-4b85-aded-dbff57d4eb9d*64C2F5AF6774E66B46F7D9FC2BD7003C8F87B8E45118A8D8F16F643A1F57A787\",\"name\":\"8fad1339-2a6d-4b85-aded-dbff57d4eb9d*64C2F5AF6774E66B46F7D9FC2BD7003C8F87B8E45118A8D8F16F643A1F57A787\",\"resourceId\":\"/subscriptions/027da7f8-2fc6-46d4-9be9-560706b60fec/resourceGroups/aclpwsh-rg-cdeb346/providers/Microsoft.ConfidentialLedger/ledgers/pwsh-remove-af9c2k\",\"status\":\"Deleting\",\"startTime\":\"2022-02-10T18:52:14.263144Z\"}",
      "isContentBase64": false
    }
  },
  "Remove-AzConfidentialLedger+[NoContext]+DeleteViaIdentity+$GET+https://management.azure.com/providers/Microsoft.ConfidentialLedger/locations/EASTUS/operationStatuses/8fad1339-2a6d-4b85-aded-dbff57d4eb9d*64C2F5AF6774E66B46F7D9FC2BD7003C8F87B8E45118A8D8F16F643A1F57A787?api-version=2021-05-13-preview+11": {
    "Request": {
      "Method": "GET",
      "RequestUri": "https://management.azure.com/providers/Microsoft.ConfidentialLedger/locations/EASTUS/operationStatuses/8fad1339-2a6d-4b85-aded-dbff57d4eb9d*64C2F5AF6774E66B46F7D9FC2BD7003C8F87B8E45118A8D8F16F643A1F57A787?api-version=2021-05-13-preview",
      "Content": null,
      "isContentBase64": false,
      "Headers": {
        "Authorization": [ "[Filtered]" ],
        "x-ms-unique-id": [ "65" ],
        "x-ms-client-request-id": [ "a4e61fdf-3cca-471a-9873-1c77bab983aa" ],
        "CommandName": [ "Remove-AzConfidentialLedger" ],
        "FullCommandName": [ "Remove-AzConfidentialLedger_DeleteViaIdentity" ],
        "ParameterSetName": [ "__AllParameterSets" ],
        "User-Agent": [ "AzurePowershell/Az4.0.0-preview" ]
      },
      "ContentHeaders": {
      }
    },
    "Response": {
      "StatusCode": 202,
      "Headers": {
        "Cache-Control": [ "no-cache" ],
        "Pragma": [ "no-cache" ],
        "ETag": [ "\"9b018e38-0000-0100-0000-62055ede0000\"" ],
        "x-ms-ratelimit-remaining-tenant-reads": [ "11954" ],
        "x-ms-request-id": [ "f56f9775-9803-4f85-b0b1-15e41ad16877" ],
        "x-ms-correlation-request-id": [ "77bdb051-fbdc-4a14-a9c9-b88da4f44c7d" ],
        "x-ms-routing-request-id": [ "WESTUS2:20220210T185314Z:77bdb051-fbdc-4a14-a9c9-b88da4f44c7d" ],
        "Strict-Transport-Security": [ "max-age=31536000; includeSubDomains" ],
        "X-Content-Type-Options": [ "nosniff" ],
        "Date": [ "Thu, 10 Feb 2022 18:53:13 GMT" ]
      },
      "ContentHeaders": {
        "Content-Length": [ "525" ],
        "Content-Type": [ "application/json; charset=utf-8" ],
        "Expires": [ "-1" ]
      },
      "Content": "{\"id\":\"/providers/Microsoft.ConfidentialLedger/locations/EASTUS/operationStatuses/8fad1339-2a6d-4b85-aded-dbff57d4eb9d*64C2F5AF6774E66B46F7D9FC2BD7003C8F87B8E45118A8D8F16F643A1F57A787\",\"name\":\"8fad1339-2a6d-4b85-aded-dbff57d4eb9d*64C2F5AF6774E66B46F7D9FC2BD7003C8F87B8E45118A8D8F16F643A1F57A787\",\"resourceId\":\"/subscriptions/027da7f8-2fc6-46d4-9be9-560706b60fec/resourceGroups/aclpwsh-rg-cdeb346/providers/Microsoft.ConfidentialLedger/ledgers/pwsh-remove-af9c2k\",\"status\":\"Deleting\",\"startTime\":\"2022-02-10T18:52:14.263144Z\"}",
      "isContentBase64": false
    }
  },
  "Remove-AzConfidentialLedger+[NoContext]+DeleteViaIdentity+$GET+https://management.azure.com/providers/Microsoft.ConfidentialLedger/locations/EASTUS/operationStatuses/8fad1339-2a6d-4b85-aded-dbff57d4eb9d*64C2F5AF6774E66B46F7D9FC2BD7003C8F87B8E45118A8D8F16F643A1F57A787?api-version=2021-05-13-preview+12": {
    "Request": {
      "Method": "GET",
      "RequestUri": "https://management.azure.com/providers/Microsoft.ConfidentialLedger/locations/EASTUS/operationStatuses/8fad1339-2a6d-4b85-aded-dbff57d4eb9d*64C2F5AF6774E66B46F7D9FC2BD7003C8F87B8E45118A8D8F16F643A1F57A787?api-version=2021-05-13-preview",
      "Content": null,
      "isContentBase64": false,
      "Headers": {
        "Authorization": [ "[Filtered]" ],
        "x-ms-unique-id": [ "66" ],
        "x-ms-client-request-id": [ "a4e61fdf-3cca-471a-9873-1c77bab983aa" ],
        "CommandName": [ "Remove-AzConfidentialLedger" ],
        "FullCommandName": [ "Remove-AzConfidentialLedger_DeleteViaIdentity" ],
        "ParameterSetName": [ "__AllParameterSets" ],
        "User-Agent": [ "AzurePowershell/Az4.0.0-preview" ]
      },
      "ContentHeaders": {
      }
    },
    "Response": {
      "StatusCode": 202,
      "Headers": {
        "Cache-Control": [ "no-cache" ],
        "Pragma": [ "no-cache" ],
        "ETag": [ "\"9b018e38-0000-0100-0000-62055ede0000\"" ],
        "x-ms-ratelimit-remaining-tenant-reads": [ "11953" ],
        "x-ms-request-id": [ "6f972aaa-ce62-4dbf-ab34-2abf179c2fce" ],
        "x-ms-correlation-request-id": [ "2cc327ad-8b1b-4052-b208-ec7874bb54a9" ],
        "x-ms-routing-request-id": [ "WESTUS2:20220210T185344Z:2cc327ad-8b1b-4052-b208-ec7874bb54a9" ],
        "Strict-Transport-Security": [ "max-age=31536000; includeSubDomains" ],
        "X-Content-Type-Options": [ "nosniff" ],
        "Date": [ "Thu, 10 Feb 2022 18:53:44 GMT" ]
      },
      "ContentHeaders": {
        "Content-Length": [ "525" ],
        "Content-Type": [ "application/json; charset=utf-8" ],
        "Expires": [ "-1" ]
      },
      "Content": "{\"id\":\"/providers/Microsoft.ConfidentialLedger/locations/EASTUS/operationStatuses/8fad1339-2a6d-4b85-aded-dbff57d4eb9d*64C2F5AF6774E66B46F7D9FC2BD7003C8F87B8E45118A8D8F16F643A1F57A787\",\"name\":\"8fad1339-2a6d-4b85-aded-dbff57d4eb9d*64C2F5AF6774E66B46F7D9FC2BD7003C8F87B8E45118A8D8F16F643A1F57A787\",\"resourceId\":\"/subscriptions/027da7f8-2fc6-46d4-9be9-560706b60fec/resourceGroups/aclpwsh-rg-cdeb346/providers/Microsoft.ConfidentialLedger/ledgers/pwsh-remove-af9c2k\",\"status\":\"Deleting\",\"startTime\":\"2022-02-10T18:52:14.263144Z\"}",
      "isContentBase64": false
    }
  },
  "Remove-AzConfidentialLedger+[NoContext]+DeleteViaIdentity+$GET+https://management.azure.com/providers/Microsoft.ConfidentialLedger/locations/EASTUS/operationStatuses/8fad1339-2a6d-4b85-aded-dbff57d4eb9d*64C2F5AF6774E66B46F7D9FC2BD7003C8F87B8E45118A8D8F16F643A1F57A787?api-version=2021-05-13-preview+13": {
    "Request": {
      "Method": "GET",
      "RequestUri": "https://management.azure.com/providers/Microsoft.ConfidentialLedger/locations/EASTUS/operationStatuses/8fad1339-2a6d-4b85-aded-dbff57d4eb9d*64C2F5AF6774E66B46F7D9FC2BD7003C8F87B8E45118A8D8F16F643A1F57A787?api-version=2021-05-13-preview",
      "Content": null,
      "isContentBase64": false,
      "Headers": {
        "Authorization": [ "[Filtered]" ],
        "x-ms-unique-id": [ "67" ],
        "x-ms-client-request-id": [ "a4e61fdf-3cca-471a-9873-1c77bab983aa" ],
        "CommandName": [ "Remove-AzConfidentialLedger" ],
        "FullCommandName": [ "Remove-AzConfidentialLedger_DeleteViaIdentity" ],
        "ParameterSetName": [ "__AllParameterSets" ],
        "User-Agent": [ "AzurePowershell/Az4.0.0-preview" ]
      },
      "ContentHeaders": {
      }
    },
    "Response": {
      "StatusCode": 202,
      "Headers": {
        "Cache-Control": [ "no-cache" ],
        "Pragma": [ "no-cache" ],
        "ETag": [ "\"9b018e38-0000-0100-0000-62055ede0000\"" ],
        "x-ms-ratelimit-remaining-tenant-reads": [ "11952" ],
        "x-ms-request-id": [ "30410cc6-6e4d-4bae-a9a7-2462b3aebf37" ],
        "x-ms-correlation-request-id": [ "a6e159a9-9dd3-4679-8444-c0bb03f45b9d" ],
        "x-ms-routing-request-id": [ "WESTUS2:20220210T185414Z:a6e159a9-9dd3-4679-8444-c0bb03f45b9d" ],
        "Strict-Transport-Security": [ "max-age=31536000; includeSubDomains" ],
        "X-Content-Type-Options": [ "nosniff" ],
        "Date": [ "Thu, 10 Feb 2022 18:54:14 GMT" ]
      },
      "ContentHeaders": {
        "Content-Length": [ "525" ],
        "Content-Type": [ "application/json; charset=utf-8" ],
        "Expires": [ "-1" ]
      },
      "Content": "{\"id\":\"/providers/Microsoft.ConfidentialLedger/locations/EASTUS/operationStatuses/8fad1339-2a6d-4b85-aded-dbff57d4eb9d*64C2F5AF6774E66B46F7D9FC2BD7003C8F87B8E45118A8D8F16F643A1F57A787\",\"name\":\"8fad1339-2a6d-4b85-aded-dbff57d4eb9d*64C2F5AF6774E66B46F7D9FC2BD7003C8F87B8E45118A8D8F16F643A1F57A787\",\"resourceId\":\"/subscriptions/027da7f8-2fc6-46d4-9be9-560706b60fec/resourceGroups/aclpwsh-rg-cdeb346/providers/Microsoft.ConfidentialLedger/ledgers/pwsh-remove-af9c2k\",\"status\":\"Deleting\",\"startTime\":\"2022-02-10T18:52:14.263144Z\"}",
      "isContentBase64": false
    }
  },
  "Remove-AzConfidentialLedger+[NoContext]+DeleteViaIdentity+$GET+https://management.azure.com/providers/Microsoft.ConfidentialLedger/locations/EASTUS/operationStatuses/8fad1339-2a6d-4b85-aded-dbff57d4eb9d*64C2F5AF6774E66B46F7D9FC2BD7003C8F87B8E45118A8D8F16F643A1F57A787?api-version=2021-05-13-preview+14": {
    "Request": {
      "Method": "GET",
      "RequestUri": "https://management.azure.com/providers/Microsoft.ConfidentialLedger/locations/EASTUS/operationStatuses/8fad1339-2a6d-4b85-aded-dbff57d4eb9d*64C2F5AF6774E66B46F7D9FC2BD7003C8F87B8E45118A8D8F16F643A1F57A787?api-version=2021-05-13-preview",
      "Content": null,
      "isContentBase64": false,
      "Headers": {
        "Authorization": [ "[Filtered]" ],
        "x-ms-unique-id": [ "68" ],
        "x-ms-client-request-id": [ "a4e61fdf-3cca-471a-9873-1c77bab983aa" ],
        "CommandName": [ "Remove-AzConfidentialLedger" ],
        "FullCommandName": [ "Remove-AzConfidentialLedger_DeleteViaIdentity" ],
        "ParameterSetName": [ "__AllParameterSets" ],
        "User-Agent": [ "AzurePowershell/Az4.0.0-preview" ]
      },
      "ContentHeaders": {
      }
    },
    "Response": {
      "StatusCode": 202,
      "Headers": {
        "Cache-Control": [ "no-cache" ],
        "Pragma": [ "no-cache" ],
        "ETag": [ "\"9b018e38-0000-0100-0000-62055ede0000\"" ],
        "x-ms-ratelimit-remaining-tenant-reads": [ "11951" ],
        "x-ms-routing-request-id": [ "WESTUS2:20220210T185445Z:ef45c2d9-b078-4f8d-ad30-625e738cb358" ],
        "x-ms-request-id": [ "72ac4763-15be-4f4f-9cac-41496eb60d48" ],
        "x-ms-correlation-request-id": [ "ef45c2d9-b078-4f8d-ad30-625e738cb358" ],
        "Strict-Transport-Security": [ "max-age=31536000; includeSubDomains" ],
        "X-Content-Type-Options": [ "nosniff" ],
        "Date": [ "Thu, 10 Feb 2022 18:54:44 GMT" ]
      },
      "ContentHeaders": {
        "Content-Length": [ "525" ],
        "Content-Type": [ "application/json; charset=utf-8" ],
        "Expires": [ "-1" ]
      },
      "Content": "{\"id\":\"/providers/Microsoft.ConfidentialLedger/locations/EASTUS/operationStatuses/8fad1339-2a6d-4b85-aded-dbff57d4eb9d*64C2F5AF6774E66B46F7D9FC2BD7003C8F87B8E45118A8D8F16F643A1F57A787\",\"name\":\"8fad1339-2a6d-4b85-aded-dbff57d4eb9d*64C2F5AF6774E66B46F7D9FC2BD7003C8F87B8E45118A8D8F16F643A1F57A787\",\"resourceId\":\"/subscriptions/027da7f8-2fc6-46d4-9be9-560706b60fec/resourceGroups/aclpwsh-rg-cdeb346/providers/Microsoft.ConfidentialLedger/ledgers/pwsh-remove-af9c2k\",\"status\":\"Deleting\",\"startTime\":\"2022-02-10T18:52:14.263144Z\"}",
      "isContentBase64": false
    }
  },
  "Remove-AzConfidentialLedger+[NoContext]+DeleteViaIdentity+$GET+https://management.azure.com/providers/Microsoft.ConfidentialLedger/locations/EASTUS/operationStatuses/8fad1339-2a6d-4b85-aded-dbff57d4eb9d*64C2F5AF6774E66B46F7D9FC2BD7003C8F87B8E45118A8D8F16F643A1F57A787?api-version=2021-05-13-preview+15": {
    "Request": {
      "Method": "GET",
      "RequestUri": "https://management.azure.com/providers/Microsoft.ConfidentialLedger/locations/EASTUS/operationStatuses/8fad1339-2a6d-4b85-aded-dbff57d4eb9d*64C2F5AF6774E66B46F7D9FC2BD7003C8F87B8E45118A8D8F16F643A1F57A787?api-version=2021-05-13-preview",
      "Content": null,
      "isContentBase64": false,
      "Headers": {
        "Authorization": [ "[Filtered]" ],
        "x-ms-unique-id": [ "69" ],
        "x-ms-client-request-id": [ "a4e61fdf-3cca-471a-9873-1c77bab983aa" ],
        "CommandName": [ "Remove-AzConfidentialLedger" ],
        "FullCommandName": [ "Remove-AzConfidentialLedger_DeleteViaIdentity" ],
        "ParameterSetName": [ "__AllParameterSets" ],
        "User-Agent": [ "AzurePowershell/Az4.0.0-preview" ]
      },
      "ContentHeaders": {
      }
    },
    "Response": {
      "StatusCode": 202,
      "Headers": {
        "Cache-Control": [ "no-cache" ],
        "Pragma": [ "no-cache" ],
        "ETag": [ "\"9b018e38-0000-0100-0000-62055ede0000\"" ],
        "x-ms-ratelimit-remaining-tenant-reads": [ "11950" ],
        "x-ms-request-id": [ "1a8dd21c-839c-4632-8cd7-84d3d3e522f9" ],
        "x-ms-correlation-request-id": [ "335bf26d-e74e-4286-ab41-998d9cd1b440" ],
        "x-ms-routing-request-id": [ "WESTUS2:20220210T185515Z:335bf26d-e74e-4286-ab41-998d9cd1b440" ],
        "Strict-Transport-Security": [ "max-age=31536000; includeSubDomains" ],
        "X-Content-Type-Options": [ "nosniff" ],
        "Date": [ "Thu, 10 Feb 2022 18:55:15 GMT" ]
      },
      "ContentHeaders": {
        "Content-Length": [ "525" ],
        "Content-Type": [ "application/json; charset=utf-8" ],
        "Expires": [ "-1" ]
      },
      "Content": "{\"id\":\"/providers/Microsoft.ConfidentialLedger/locations/EASTUS/operationStatuses/8fad1339-2a6d-4b85-aded-dbff57d4eb9d*64C2F5AF6774E66B46F7D9FC2BD7003C8F87B8E45118A8D8F16F643A1F57A787\",\"name\":\"8fad1339-2a6d-4b85-aded-dbff57d4eb9d*64C2F5AF6774E66B46F7D9FC2BD7003C8F87B8E45118A8D8F16F643A1F57A787\",\"resourceId\":\"/subscriptions/027da7f8-2fc6-46d4-9be9-560706b60fec/resourceGroups/aclpwsh-rg-cdeb346/providers/Microsoft.ConfidentialLedger/ledgers/pwsh-remove-af9c2k\",\"status\":\"Deleting\",\"startTime\":\"2022-02-10T18:52:14.263144Z\"}",
      "isContentBase64": false
    }
  },
  "Remove-AzConfidentialLedger+[NoContext]+DeleteViaIdentity+$GET+https://management.azure.com/providers/Microsoft.ConfidentialLedger/locations/EASTUS/operationStatuses/8fad1339-2a6d-4b85-aded-dbff57d4eb9d*64C2F5AF6774E66B46F7D9FC2BD7003C8F87B8E45118A8D8F16F643A1F57A787?api-version=2021-05-13-preview+16": {
    "Request": {
      "Method": "GET",
      "RequestUri": "https://management.azure.com/providers/Microsoft.ConfidentialLedger/locations/EASTUS/operationStatuses/8fad1339-2a6d-4b85-aded-dbff57d4eb9d*64C2F5AF6774E66B46F7D9FC2BD7003C8F87B8E45118A8D8F16F643A1F57A787?api-version=2021-05-13-preview",
      "Content": null,
      "isContentBase64": false,
      "Headers": {
        "Authorization": [ "[Filtered]" ],
        "x-ms-unique-id": [ "70" ],
        "x-ms-client-request-id": [ "a4e61fdf-3cca-471a-9873-1c77bab983aa" ],
        "CommandName": [ "Remove-AzConfidentialLedger" ],
        "FullCommandName": [ "Remove-AzConfidentialLedger_DeleteViaIdentity" ],
        "ParameterSetName": [ "__AllParameterSets" ],
        "User-Agent": [ "AzurePowershell/Az4.0.0-preview" ]
      },
      "ContentHeaders": {
      }
    },
    "Response": {
      "StatusCode": 202,
      "Headers": {
        "Cache-Control": [ "no-cache" ],
        "Pragma": [ "no-cache" ],
        "ETag": [ "\"9b018e38-0000-0100-0000-62055ede0000\"" ],
        "x-ms-ratelimit-remaining-tenant-reads": [ "11949" ],
        "x-ms-request-id": [ "6cfa2c5d-360d-43cf-982a-7baa0fbeaa56" ],
        "x-ms-correlation-request-id": [ "01c912e1-0151-4095-b8fa-5a9d965fa06d" ],
        "x-ms-routing-request-id": [ "WESTUS2:20220210T185545Z:01c912e1-0151-4095-b8fa-5a9d965fa06d" ],
        "Strict-Transport-Security": [ "max-age=31536000; includeSubDomains" ],
        "X-Content-Type-Options": [ "nosniff" ],
        "Date": [ "Thu, 10 Feb 2022 18:55:45 GMT" ]
      },
      "ContentHeaders": {
        "Content-Length": [ "525" ],
        "Content-Type": [ "application/json; charset=utf-8" ],
        "Expires": [ "-1" ]
      },
      "Content": "{\"id\":\"/providers/Microsoft.ConfidentialLedger/locations/EASTUS/operationStatuses/8fad1339-2a6d-4b85-aded-dbff57d4eb9d*64C2F5AF6774E66B46F7D9FC2BD7003C8F87B8E45118A8D8F16F643A1F57A787\",\"name\":\"8fad1339-2a6d-4b85-aded-dbff57d4eb9d*64C2F5AF6774E66B46F7D9FC2BD7003C8F87B8E45118A8D8F16F643A1F57A787\",\"resourceId\":\"/subscriptions/027da7f8-2fc6-46d4-9be9-560706b60fec/resourceGroups/aclpwsh-rg-cdeb346/providers/Microsoft.ConfidentialLedger/ledgers/pwsh-remove-af9c2k\",\"status\":\"Deleting\",\"startTime\":\"2022-02-10T18:52:14.263144Z\"}",
      "isContentBase64": false
    }
  },
  "Remove-AzConfidentialLedger+[NoContext]+DeleteViaIdentity+$GET+https://management.azure.com/providers/Microsoft.ConfidentialLedger/locations/EASTUS/operationStatuses/8fad1339-2a6d-4b85-aded-dbff57d4eb9d*64C2F5AF6774E66B46F7D9FC2BD7003C8F87B8E45118A8D8F16F643A1F57A787?api-version=2021-05-13-preview+17": {
    "Request": {
      "Method": "GET",
      "RequestUri": "https://management.azure.com/providers/Microsoft.ConfidentialLedger/locations/EASTUS/operationStatuses/8fad1339-2a6d-4b85-aded-dbff57d4eb9d*64C2F5AF6774E66B46F7D9FC2BD7003C8F87B8E45118A8D8F16F643A1F57A787?api-version=2021-05-13-preview",
      "Content": null,
      "isContentBase64": false,
      "Headers": {
        "Authorization": [ "[Filtered]" ],
        "x-ms-unique-id": [ "71" ],
        "x-ms-client-request-id": [ "a4e61fdf-3cca-471a-9873-1c77bab983aa" ],
        "CommandName": [ "Remove-AzConfidentialLedger" ],
        "FullCommandName": [ "Remove-AzConfidentialLedger_DeleteViaIdentity" ],
        "ParameterSetName": [ "__AllParameterSets" ],
        "User-Agent": [ "AzurePowershell/Az4.0.0-preview" ]
      },
      "ContentHeaders": {
      }
    },
    "Response": {
      "StatusCode": 202,
      "Headers": {
        "Cache-Control": [ "no-cache" ],
        "Pragma": [ "no-cache" ],
        "ETag": [ "\"9b018e38-0000-0100-0000-62055ede0000\"" ],
        "x-ms-ratelimit-remaining-tenant-reads": [ "11948" ],
        "x-ms-request-id": [ "5d52840d-a3f8-4cdc-9149-130cc5ebb653" ],
        "x-ms-correlation-request-id": [ "ac2681a4-606b-474c-aa0e-15efcdbe62a5" ],
        "x-ms-routing-request-id": [ "WESTUS2:20220210T185615Z:ac2681a4-606b-474c-aa0e-15efcdbe62a5" ],
        "Strict-Transport-Security": [ "max-age=31536000; includeSubDomains" ],
        "X-Content-Type-Options": [ "nosniff" ],
        "Date": [ "Thu, 10 Feb 2022 18:56:15 GMT" ]
      },
      "ContentHeaders": {
        "Content-Length": [ "525" ],
        "Content-Type": [ "application/json; charset=utf-8" ],
        "Expires": [ "-1" ]
      },
      "Content": "{\"id\":\"/providers/Microsoft.ConfidentialLedger/locations/EASTUS/operationStatuses/8fad1339-2a6d-4b85-aded-dbff57d4eb9d*64C2F5AF6774E66B46F7D9FC2BD7003C8F87B8E45118A8D8F16F643A1F57A787\",\"name\":\"8fad1339-2a6d-4b85-aded-dbff57d4eb9d*64C2F5AF6774E66B46F7D9FC2BD7003C8F87B8E45118A8D8F16F643A1F57A787\",\"resourceId\":\"/subscriptions/027da7f8-2fc6-46d4-9be9-560706b60fec/resourceGroups/aclpwsh-rg-cdeb346/providers/Microsoft.ConfidentialLedger/ledgers/pwsh-remove-af9c2k\",\"status\":\"Deleting\",\"startTime\":\"2022-02-10T18:52:14.263144Z\"}",
      "isContentBase64": false
    }
  },
  "Remove-AzConfidentialLedger+[NoContext]+DeleteViaIdentity+$GET+https://management.azure.com/providers/Microsoft.ConfidentialLedger/locations/EASTUS/operationStatuses/8fad1339-2a6d-4b85-aded-dbff57d4eb9d*64C2F5AF6774E66B46F7D9FC2BD7003C8F87B8E45118A8D8F16F643A1F57A787?api-version=2021-05-13-preview+18": {
    "Request": {
      "Method": "GET",
      "RequestUri": "https://management.azure.com/providers/Microsoft.ConfidentialLedger/locations/EASTUS/operationStatuses/8fad1339-2a6d-4b85-aded-dbff57d4eb9d*64C2F5AF6774E66B46F7D9FC2BD7003C8F87B8E45118A8D8F16F643A1F57A787?api-version=2021-05-13-preview",
      "Content": null,
      "isContentBase64": false,
      "Headers": {
        "Authorization": [ "[Filtered]" ],
        "x-ms-unique-id": [ "72" ],
        "x-ms-client-request-id": [ "a4e61fdf-3cca-471a-9873-1c77bab983aa" ],
        "CommandName": [ "Remove-AzConfidentialLedger" ],
        "FullCommandName": [ "Remove-AzConfidentialLedger_DeleteViaIdentity" ],
        "ParameterSetName": [ "__AllParameterSets" ],
        "User-Agent": [ "AzurePowershell/Az4.0.0-preview" ]
      },
      "ContentHeaders": {
      }
    },
    "Response": {
      "StatusCode": 200,
      "Headers": {
        "Cache-Control": [ "no-cache" ],
        "Pragma": [ "no-cache" ],
        "ETag": [ "\"9b01523b-0000-0100-0000-62055fd50000\"" ],
        "x-ms-ratelimit-remaining-tenant-reads": [ "11947" ],
        "x-ms-request-id": [ "fc7fa90a-e20d-4a8e-9ff4-47bb3cff6dc9" ],
        "x-ms-correlation-request-id": [ "28362bb3-186f-441c-8632-d545c9af503c" ],
        "x-ms-routing-request-id": [ "WESTUS2:20220210T185645Z:28362bb3-186f-441c-8632-d545c9af503c" ],
        "Strict-Transport-Security": [ "max-age=31536000; includeSubDomains" ],
        "X-Content-Type-Options": [ "nosniff" ],
        "Date": [ "Thu, 10 Feb 2022 18:56:45 GMT" ]
      },
      "ContentHeaders": {
        "Content-Length": [ "1924" ],
        "Content-Type": [ "application/json; charset=utf-8" ],
        "Expires": [ "-1" ]
      },
      "Content": "{\"id\":\"/providers/Microsoft.ConfidentialLedger/locations/EASTUS/operationStatuses/8fad1339-2a6d-4b85-aded-dbff57d4eb9d*64C2F5AF6774E66B46F7D9FC2BD7003C8F87B8E45118A8D8F16F643A1F57A787\",\"name\":\"8fad1339-2a6d-4b85-aded-dbff57d4eb9d*64C2F5AF6774E66B46F7D9FC2BD7003C8F87B8E45118A8D8F16F643A1F57A787\",\"resourceId\":\"/subscriptions/027da7f8-2fc6-46d4-9be9-560706b60fec/resourceGroups/aclpwsh-rg-cdeb346/providers/Microsoft.ConfidentialLedger/ledgers/pwsh-remove-af9c2k\",\"status\":\"Succeeded\",\"startTime\":\"2022-02-10T18:52:14.263144Z\",\"endTime\":\"2022-02-10T18:56:21.9459803Z\",\"properties\":{\"LedgerName\":\"pwsh-remove-af9c2k\",\"LedgerUri\":\"https://pwsh-remove-af9c2k.confidential-ledger.azure.com\",\"IdentityServiceUri\":\"https://identity.confidential-ledger.core.azure.com/ledgerIdentity/pwsh-remove-af9c2k\",\"LedgerStorageAccount\":null,\"LedgerType\":\"Public\",\"AadBasedSecurityPrincipals\":[{\"PrincipalId\":\"34621747-6fc8-4771-a2eb-72f31c461f2e\",\"TenantId\":\"bce123b9-2b7b-4975-8360-5ca0b9b1cd08\",\"LedgerRoleName\":\"Administrator\"},{\"PrincipalId\":\"480f0db4-5580-44c3-b7a4-0b90304e1960\",\"TenantId\":\"72f988bf-86f1-41af-91ab-2d7cd011db47\",\"LedgerRoleName\":\"Administrator\"}],\"CertBasedSecurityPrincipals\":[{\"Cert\":\"-----BEGIN CERTIFICATE-----MIIBsjCCATigAwIBAgIUZWIbyG79TniQLd2UxJuU74tqrKcwCgYIKoZIzj0EAwMwEDEOMAwGA1UEAwwFdXNlcjAwHhcNMjEwMzE2MTgwNjExWhcNMjIwMzE2MTgwNjExWjAQMQ4wDAYDVQQDDAV1c2VyMDB2MBAGByqGSM49AgEGBSuBBAAiA2IABBiWSo/j8EFit7aUMm5lF+lUmCu+IgfnpFD+7QMgLKtxRJ3aGSqgS/GpqcYVGddnODtSarNE/HyGKUFUolLPQ5ybHcouUk0kyfA7XMeSoUA4lBz63Wha8wmXo+NdBRo39qNTMFEwHQYDVR0OBBYEFPtuhrwgGjDFHeUUT4nGsXaZn69KMB8GA1UdIwQYMBaAFPtuhrwgGjDFHeUUT4nGsXaZn69KMA8GA1UdEwEB/wQFMAMBAf8wCgYIKoZIzj0EAwMDaAAwZQIxAOnozm2CyqRwSSQLls5r+mUHRGRyXHXwYtM4Dcst/VEZdmS9fqvHRCHbjUlO/+HNfgIwMWZ4FmsjD3wnPxONOm9YdVn/PRD7SsPRPbOjwBiE4EBGaHDsLjYAGDSGi7NJnSkA-----END CERTIFICATE-----\",\"LedgerRoleName\":\"Reader\"}],\"LedgerInternalNamespace\":\"8bb4f573-1ab2-47f2-be09-3511d3344b94\"}}",
      "isContentBase64": false
    }
  },
  "Remove-AzConfidentialLedger+[NoContext]+DeleteViaIdentity+$GET+https://management.azure.com/providers/Microsoft.ConfidentialLedger/locations/EASTUS/operationStatuses/8fad1339-2a6d-4b85-aded-dbff57d4eb9d*64C2F5AF6774E66B46F7D9FC2BD7003C8F87B8E45118A8D8F16F643A1F57A787?api-version=2021-05-13-preview+19": {
    "Request": {
      "Method": "GET",
      "RequestUri": "https://management.azure.com/providers/Microsoft.ConfidentialLedger/locations/EASTUS/operationStatuses/8fad1339-2a6d-4b85-aded-dbff57d4eb9d*64C2F5AF6774E66B46F7D9FC2BD7003C8F87B8E45118A8D8F16F643A1F57A787?api-version=2021-05-13-preview",
      "Content": null,
      "isContentBase64": false,
      "Headers": {
        "Authorization": [ "[Filtered]" ],
        "x-ms-unique-id": [ "73" ],
        "x-ms-client-request-id": [ "a4e61fdf-3cca-471a-9873-1c77bab983aa" ],
        "CommandName": [ "Remove-AzConfidentialLedger" ],
        "FullCommandName": [ "Remove-AzConfidentialLedger_DeleteViaIdentity" ],
        "ParameterSetName": [ "__AllParameterSets" ],
        "User-Agent": [ "AzurePowershell/Az4.0.0-preview" ]
      },
      "ContentHeaders": {
      }
    },
    "Response": {
      "StatusCode": 200,
      "Headers": {
        "Cache-Control": [ "no-cache" ],
        "Pragma": [ "no-cache" ],
        "ETag": [ "\"9b01523b-0000-0100-0000-62055fd50000\"" ],
        "x-ms-ratelimit-remaining-tenant-reads": [ "11946" ],
        "x-ms-request-id": [ "57eccbc1-94f2-4ba2-8735-723bed234408" ],
        "x-ms-correlation-request-id": [ "4e63b5cb-f53b-431a-8711-5c4e6f919168" ],
        "x-ms-routing-request-id": [ "WESTUS2:20220210T185646Z:4e63b5cb-f53b-431a-8711-5c4e6f919168" ],
        "Strict-Transport-Security": [ "max-age=31536000; includeSubDomains" ],
        "X-Content-Type-Options": [ "nosniff" ],
        "Date": [ "Thu, 10 Feb 2022 18:56:45 GMT" ]
      },
      "ContentHeaders": {
        "Content-Length": [ "1924" ],
        "Content-Type": [ "application/json; charset=utf-8" ],
        "Expires": [ "-1" ]
      },
      "Content": "{\"id\":\"/providers/Microsoft.ConfidentialLedger/locations/EASTUS/operationStatuses/8fad1339-2a6d-4b85-aded-dbff57d4eb9d*64C2F5AF6774E66B46F7D9FC2BD7003C8F87B8E45118A8D8F16F643A1F57A787\",\"name\":\"8fad1339-2a6d-4b85-aded-dbff57d4eb9d*64C2F5AF6774E66B46F7D9FC2BD7003C8F87B8E45118A8D8F16F643A1F57A787\",\"resourceId\":\"/subscriptions/027da7f8-2fc6-46d4-9be9-560706b60fec/resourceGroups/aclpwsh-rg-cdeb346/providers/Microsoft.ConfidentialLedger/ledgers/pwsh-remove-af9c2k\",\"status\":\"Succeeded\",\"startTime\":\"2022-02-10T18:52:14.263144Z\",\"endTime\":\"2022-02-10T18:56:21.9459803Z\",\"properties\":{\"LedgerName\":\"pwsh-remove-af9c2k\",\"LedgerUri\":\"https://pwsh-remove-af9c2k.confidential-ledger.azure.com\",\"IdentityServiceUri\":\"https://identity.confidential-ledger.core.azure.com/ledgerIdentity/pwsh-remove-af9c2k\",\"LedgerStorageAccount\":null,\"LedgerType\":\"Public\",\"AadBasedSecurityPrincipals\":[{\"PrincipalId\":\"34621747-6fc8-4771-a2eb-72f31c461f2e\",\"TenantId\":\"bce123b9-2b7b-4975-8360-5ca0b9b1cd08\",\"LedgerRoleName\":\"Administrator\"},{\"PrincipalId\":\"480f0db4-5580-44c3-b7a4-0b90304e1960\",\"TenantId\":\"72f988bf-86f1-41af-91ab-2d7cd011db47\",\"LedgerRoleName\":\"Administrator\"}],\"CertBasedSecurityPrincipals\":[{\"Cert\":\"-----BEGIN CERTIFICATE-----MIIBsjCCATigAwIBAgIUZWIbyG79TniQLd2UxJuU74tqrKcwCgYIKoZIzj0EAwMwEDEOMAwGA1UEAwwFdXNlcjAwHhcNMjEwMzE2MTgwNjExWhcNMjIwMzE2MTgwNjExWjAQMQ4wDAYDVQQDDAV1c2VyMDB2MBAGByqGSM49AgEGBSuBBAAiA2IABBiWSo/j8EFit7aUMm5lF+lUmCu+IgfnpFD+7QMgLKtxRJ3aGSqgS/GpqcYVGddnODtSarNE/HyGKUFUolLPQ5ybHcouUk0kyfA7XMeSoUA4lBz63Wha8wmXo+NdBRo39qNTMFEwHQYDVR0OBBYEFPtuhrwgGjDFHeUUT4nGsXaZn69KMB8GA1UdIwQYMBaAFPtuhrwgGjDFHeUUT4nGsXaZn69KMA8GA1UdEwEB/wQFMAMBAf8wCgYIKoZIzj0EAwMDaAAwZQIxAOnozm2CyqRwSSQLls5r+mUHRGRyXHXwYtM4Dcst/VEZdmS9fqvHRCHbjUlO/+HNfgIwMWZ4FmsjD3wnPxONOm9YdVn/PRD7SsPRPbOjwBiE4EBGaHDsLjYAGDSGi7NJnSkA-----END CERTIFICATE-----\",\"LedgerRoleName\":\"Reader\"}],\"LedgerInternalNamespace\":\"8bb4f573-1ab2-47f2-be09-3511d3344b94\"}}",
      "isContentBase64": false
    }
  },
  "Remove-AzConfidentialLedger+[NoContext]+DeleteViaIdentity+$GET+https://management.azure.com/subscriptions/027da7f8-2fc6-46d4-9be9-560706b60fec/resourceGroups/aclpwsh-rg-cdeb346/providers/Microsoft.ConfidentialLedger/ledgers?api-version=2021-05-13-preview+20": {
    "Request": {
      "Method": "GET",
      "RequestUri": "https://management.azure.com/subscriptions/027da7f8-2fc6-46d4-9be9-560706b60fec/resourceGroups/aclpwsh-rg-cdeb346/providers/Microsoft.ConfidentialLedger/ledgers?api-version=2021-05-13-preview",
      "Content": null,
      "isContentBase64": false,
      "Headers": {
        "x-ms-unique-id": [ "74" ],
        "x-ms-client-request-id": [ "c0898765-c317-4bee-90ff-ca79716c9cf5" ],
        "CommandName": [ "Get-AzConfidentialLedger" ],
        "FullCommandName": [ "Get-AzConfidentialLedger_List" ],
        "ParameterSetName": [ "__AllParameterSets" ],
        "User-Agent": [ "AzurePowershell/Az4.0.0-preview" ],
        "Authorization": [ "[Filtered]" ]
      },
      "ContentHeaders": {
      }
    },
    "Response": {
      "StatusCode": 200,
      "Headers": {
        "Cache-Control": [ "no-cache" ],
        "Pragma": [ "no-cache" ],
        "x-ms-original-request-ids": [ "e6ae611e-f569-486d-98f2-3d345aa4be67", "bbcbfb25-79c4-438a-b54d-5d66b7738f10", "5ef653c8-66e1-45f6-9308-84d75ce5e438", "88d857a2-4932-430e-846e-9cc477a98ef6" ],
        "x-ms-ratelimit-remaining-subscription-reads": [ "11988" ],
        "x-ms-request-id": [ "19b01614-c13e-4358-b651-38901ccd7a9a" ],
        "x-ms-correlation-request-id": [ "19b01614-c13e-4358-b651-38901ccd7a9a" ],
        "x-ms-routing-request-id": [ "WESTUS2:20220210T185647Z:19b01614-c13e-4358-b651-38901ccd7a9a" ],
        "Strict-Transport-Security": [ "max-age=31536000; includeSubDomains" ],
        "X-Content-Type-Options": [ "nosniff" ],
        "Date": [ "Thu, 10 Feb 2022 18:56:47 GMT" ]
      },
      "ContentHeaders": {
        "Content-Type": [ "application/json; charset=utf-8" ],
        "Expires": [ "-1" ],
        "Content-Length": [ "1637" ]
      },
      "Content": "{\"value\":[{\"id\":\"/subscriptions/027da7f8-2fc6-46d4-9be9-560706b60fec/resourceGroups/aclpwsh-rg-cdeb346/providers/Microsoft.ConfidentialLedger/Ledgers/pwsh-xyr1iozn65wkl\",\"name\":\"pwsh-xyr1iozn65wkl\",\"type\":\"Microsoft.ConfidentialLedger/Ledgers\",\"location\":\"eastus\",\"tags\":{\"Tag0\":\"additional properties 0\"},\"properties\":{\"ledgerName\":\"pwsh-xyr1iozn65wkl\",\"ledgerUri\":\"https://pwsh-xyr1iozn65wkl.confidential-ledger.azure.com\",\"identityServiceUri\":\"https://identity.confidential-ledger.core.azure.com/ledgerIdentity/pwsh-xyr1iozn65wkl\",\"ledgerType\":\"Public\",\"aadBasedSecurityPrincipals\":[{\"principalId\":\"34621747-6fc8-4771-a2eb-72f31c461f2e\",\"tenantId\":\"bce123b9-2b7b-4975-8360-5ca0b9b1cd08\",\"ledgerRoleName\":\"Administrator\"},{\"principalId\":\"480f0db4-5580-44c3-b7a4-0b90304e1960\",\"tenantId\":\"72f988bf-86f1-41af-91ab-2d7cd011db47\",\"ledgerRoleName\":\"Administrator\"}],\"certBasedSecurityPrincipals\":[{\"cert\":\"-----BEGIN CERTIFICATE-----MIIBsjCCATigAwIBAgIUZWIbyG79TniQLd2UxJuU74tqrKcwCgYIKoZIzj0EAwMwEDEOMAwGA1UEAwwFdXNlcjAwHhcNMjEwMzE2MTgwNjExWhcNMjIwMzE2MTgwNjExWjAQMQ4wDAYDVQQDDAV1c2VyMDB2MBAGByqGSM49AgEGBSuBBAAiA2IABBiWSo/j8EFit7aUMm5lF+lUmCu+IgfnpFD+7QMgLKtxRJ3aGSqgS/GpqcYVGddnODtSarNE/HyGKUFUolLPQ5ybHcouUk0kyfA7XMeSoUA4lBz63Wha8wmXo+NdBRo39qNTMFEwHQYDVR0OBBYEFPtuhrwgGjDFHeUUT4nGsXaZn69KMB8GA1UdIwQYMBaAFPtuhrwgGjDFHeUUT4nGsXaZn69KMA8GA1UdEwEB/wQFMAMBAf8wCgYIKoZIzj0EAwMDaAAwZQIxAOnozm2CyqRwSSQLls5r+mUHRGRyXHXwYtM4Dcst/VEZdmS9fqvHRCHbjUlO/+HNfgIwMWZ4FmsjD3wnPxONOm9YdVn/PRD7SsPRPbOjwBiE4EBGaHDsLjYAGDSGi7NJnSkA-----END CERTIFICATE-----\",\"ledgerRoleName\":\"Reader\"}],\"ledgerInternalNamespace\":\"3cddb0da-2947-47ad-9fc9-2002c35c29e5\"}}]}",
      "isContentBase64": false
    }
  }
}