{
  "Entries": [
    {
      "RequestUri": "/subscriptions/f782b158-10b8-4a42-b9e4-f7fbaf769f35/resourcegroups/ps6953?api-version=2016-09-01",
      "EncodedRequestUri": "L3N1YnNjcmlwdGlvbnMvZjc4MmIxNTgtMTBiOC00YTQyLWI5ZTQtZjdmYmFmNzY5ZjM1L3Jlc291cmNlZ3JvdXBzL3BzNjk1Mz9hcGktdmVyc2lvbj0yMDE2LTA5LTAx",
      "RequestMethod": "PUT",
      "RequestBody": "{\r\n  \"location\": \"WestUS\"\r\n}",
      "RequestHeaders": {
        "x-ms-client-request-id": [
          "3c230317-9366-4fb6-ba9d-622c32065183"
        ],
        "Accept-Language": [
          "en-US"
        ],
        "User-Agent": [
          "FxVersion/4.6.28928.01",
          "OSName/Windows",
          "OSVersion/Microsoft.Windows.10.0.18363.",
          "Microsoft.Azure.Management.Internal.Resources.ResourceManagementClient/1.3.17"
        ],
        "Content-Type": [
          "application/json; charset=utf-8"
        ],
        "Content-Length": [
          "28"
        ]
      },
      "ResponseHeaders": {
        "Cache-Control": [
          "no-cache"
        ],
        "Pragma": [
          "no-cache"
        ],
        "x-ms-ratelimit-remaining-subscription-writes": [
          "1199"
        ],
        "x-ms-request-id": [
          "3e6baab9-64bf-4278-ac50-0bf3035984ce"
        ],
        "x-ms-correlation-request-id": [
          "3e6baab9-64bf-4278-ac50-0bf3035984ce"
        ],
        "x-ms-routing-request-id": [
          "WESTUS:20200703T001604Z:3e6baab9-64bf-4278-ac50-0bf3035984ce"
        ],
        "Strict-Transport-Security": [
          "max-age=31536000; includeSubDomains"
        ],
        "X-Content-Type-Options": [
          "nosniff"
        ],
        "Date": [
          "Fri, 03 Jul 2020 00:16:03 GMT"
        ],
        "Content-Length": [
          "165"
        ],
        "Content-Type": [
          "application/json; charset=utf-8"
        ],
        "Expires": [
          "-1"
        ]
      },
      "ResponseBody": "{\r\n  \"id\": \"/subscriptions/f782b158-10b8-4a42-b9e4-f7fbaf769f35/resourceGroups/ps6953\",\r\n  \"name\": \"ps6953\",\r\n  \"location\": \"westus\",\r\n  \"properties\": {\r\n    \"provisioningState\": \"Succeeded\"\r\n  }\r\n}",
      "StatusCode": 201
    },
    {
      "RequestUri": "/subscriptions/f782b158-10b8-4a42-b9e4-f7fbaf769f35/resourceGroups/ps6953/providers/Microsoft.Attestation/attestationProviders/ps2354?api-version=2018-09-01-preview",
      "EncodedRequestUri": "L3N1YnNjcmlwdGlvbnMvZjc4MmIxNTgtMTBiOC00YTQyLWI5ZTQtZjdmYmFmNzY5ZjM1L3Jlc291cmNlR3JvdXBzL3BzNjk1My9wcm92aWRlcnMvTWljcm9zb2Z0LkF0dGVzdGF0aW9uL2F0dGVzdGF0aW9uUHJvdmlkZXJzL3BzMjM1ND9hcGktdmVyc2lvbj0yMDE4LTA5LTAxLXByZXZpZXc=",
      "RequestMethod": "PUT",
      "RequestBody": "{\r\n  \"location\": \"East US\",\r\n  \"properties\": {}\r\n}",
      "RequestHeaders": {
        "x-ms-client-request-id": [
          "7770e6a4-ac35-49ea-bff4-d2c22ddb917a"
        ],
        "Accept-Language": [
          "en-US"
        ],
        "User-Agent": [
          "FxVersion/4.6.28928.01",
          "OSName/Windows",
          "OSVersion/Microsoft.Windows.10.0.18363.",
          "Microsoft.Azure.Management.Attestation.AttestationManagementClient/0.12.0.0"
        ],
        "Content-Type": [
          "application/json; charset=utf-8"
        ],
        "Content-Length": [
          "50"
        ]
      },
      "ResponseHeaders": {
        "Cache-Control": [
          "no-cache"
        ],
        "Pragma": [
          "no-cache"
        ],
        "Location": [
          "https://ps2354.eus.test.attest.azure.net/"
        ],
        "x-ms-ratelimit-remaining-subscription-writes": [
          "1196"
        ],
        "x-ms-request-id": [
          "00-d5745fef18b3c4f6804ac15bf4f0af23-0000000000000000-00"
        ],
        "x-ms-maa-service-version": [
          "1.10.01279.0001"
        ],
        "Server": [
          "Kestrel"
        ],
        "x-ms-correlation-request-id": [
          "d8481aca-f2b6-4845-ba10-38a7be3d3c9f"
        ],
        "x-ms-routing-request-id": [
          "WESTUS:20200703T001607Z:d8481aca-f2b6-4845-ba10-38a7be3d3c9f"
        ],
        "Strict-Transport-Security": [
          "max-age=31536000; includeSubDomains"
        ],
        "X-Content-Type-Options": [
          "nosniff"
        ],
        "Date": [
          "Fri, 03 Jul 2020 00:16:07 GMT"
        ],
        "Content-Length": [
          "349"
        ],
        "Content-Type": [
          "application/json; charset=utf-8"
        ],
        "Expires": [
          "-1"
        ]
      },
      "ResponseBody": "{\r\n  \"id\": \"/subscriptions/f782b158-10b8-4a42-b9e4-f7fbaf769f35/resourceGroups/ps6953/providers/Microsoft.Attestation/attestationProviders/ps2354\",\r\n  \"name\": \"ps2354\",\r\n  \"type\": \"Microsoft.Attestation/attestationProviders\",\r\n  \"location\": \"East US\",\r\n  \"tags\": null,\r\n  \"properties\": {\r\n    \"trustModel\": \"AAD\",\r\n    \"status\": \"Ready\",\r\n    \"attestUri\": \"https://ps2354.eus.test.attest.azure.net\"\r\n  }\r\n}",
      "StatusCode": 201
    },
    {
      "RequestUri": "/subscriptions/f782b158-10b8-4a42-b9e4-f7fbaf769f35/resourceGroups/ps6953/providers/Microsoft.Attestation/attestationProviders/ps2354?api-version=2018-09-01-preview",
      "EncodedRequestUri": "L3N1YnNjcmlwdGlvbnMvZjc4MmIxNTgtMTBiOC00YTQyLWI5ZTQtZjdmYmFmNzY5ZjM1L3Jlc291cmNlR3JvdXBzL3BzNjk1My9wcm92aWRlcnMvTWljcm9zb2Z0LkF0dGVzdGF0aW9uL2F0dGVzdGF0aW9uUHJvdmlkZXJzL3BzMjM1ND9hcGktdmVyc2lvbj0yMDE4LTA5LTAxLXByZXZpZXc=",
      "RequestMethod": "GET",
      "RequestBody": "",
      "RequestHeaders": {
        "x-ms-client-request-id": [
          "d7f7862a-15da-41f0-a85c-19eab6760519"
        ],
        "Accept-Language": [
          "en-US"
        ],
        "User-Agent": [
          "FxVersion/4.6.28928.01",
          "OSName/Windows",
          "OSVersion/Microsoft.Windows.10.0.18363.",
          "Microsoft.Azure.Management.Attestation.AttestationManagementClient/0.12.0.0"
        ]
      },
      "ResponseHeaders": {
        "Cache-Control": [
          "no-cache"
        ],
        "Pragma": [
          "no-cache"
        ],
        "x-ms-ratelimit-remaining-subscription-reads": [
          "11999"
        ],
        "x-ms-request-id": [
          "00-a2fdc857eba7e18262ca5a3e0242ad4d-0000000000000000-00"
        ],
        "x-ms-maa-service-version": [
          "1.10.01279.0001"
        ],
        "Server": [
          "Kestrel"
        ],
        "x-ms-correlation-request-id": [
          "b964fa53-ce3c-41b1-86a4-4a16548cb898"
        ],
        "x-ms-routing-request-id": [
          "WESTUS:20200703T001607Z:b964fa53-ce3c-41b1-86a4-4a16548cb898"
        ],
        "Strict-Transport-Security": [
          "max-age=31536000; includeSubDomains"
        ],
        "X-Content-Type-Options": [
          "nosniff"
        ],
        "Date": [
          "Fri, 03 Jul 2020 00:16:07 GMT"
        ],
        "Content-Length": [
          "349"
        ],
        "Content-Type": [
          "application/json; charset=utf-8"
        ],
        "Expires": [
          "-1"
        ]
      },
      "ResponseBody": "{\r\n  \"id\": \"/subscriptions/f782b158-10b8-4a42-b9e4-f7fbaf769f35/resourceGroups/ps6953/providers/Microsoft.Attestation/attestationProviders/ps2354\",\r\n  \"name\": \"ps2354\",\r\n  \"type\": \"Microsoft.Attestation/attestationProviders\",\r\n  \"location\": \"East US\",\r\n  \"tags\": null,\r\n  \"properties\": {\r\n    \"trustModel\": \"AAD\",\r\n    \"status\": \"Ready\",\r\n    \"attestUri\": \"https://ps2354.eus.test.attest.azure.net\"\r\n  }\r\n}",
      "StatusCode": 200
    },
    {
      "RequestUri": "/subscriptions/f782b158-10b8-4a42-b9e4-f7fbaf769f35/resourcegroups/ps6953?api-version=2016-09-01",
      "EncodedRequestUri": "L3N1YnNjcmlwdGlvbnMvZjc4MmIxNTgtMTBiOC00YTQyLWI5ZTQtZjdmYmFmNzY5ZjM1L3Jlc291cmNlZ3JvdXBzL3BzNjk1Mz9hcGktdmVyc2lvbj0yMDE2LTA5LTAx",
      "RequestMethod": "DELETE",
      "RequestBody": "",
      "RequestHeaders": {
        "x-ms-client-request-id": [
          "86050179-857a-40b7-ab7d-5c6879fb56f8"
        ],
        "Accept-Language": [
          "en-US"
        ],
        "User-Agent": [
          "FxVersion/4.6.28928.01",
          "OSName/Windows",
          "OSVersion/Microsoft.Windows.10.0.18363.",
          "Microsoft.Azure.Management.Internal.Resources.ResourceManagementClient/1.3.17"
        ]
      },
      "ResponseHeaders": {
        "Cache-Control": [
          "no-cache"
        ],
        "Pragma": [
          "no-cache"
        ],
        "Location": [
          "https://management.azure.com/subscriptions/f782b158-10b8-4a42-b9e4-f7fbaf769f35/operationresults/eyJqb2JJZCI6IlJFU09VUkNFR1JPVVBERUxFVElPTkpPQi1QUzY5NTMtV0VTVFVTIiwiam9iTG9jYXRpb24iOiJ3ZXN0dXMifQ?api-version=2016-09-01"
        ],
        "Retry-After": [
          "15"
        ],
        "x-ms-ratelimit-remaining-subscription-deletes": [
          "14999"
        ],
        "x-ms-request-id": [
          "ffad0f5f-75cd-4409-b874-bb42191bb296"
        ],
        "x-ms-correlation-request-id": [
          "ffad0f5f-75cd-4409-b874-bb42191bb296"
        ],
        "x-ms-routing-request-id": [
          "WESTUS:20200703T001607Z:ffad0f5f-75cd-4409-b874-bb42191bb296"
        ],
        "Strict-Transport-Security": [
          "max-age=31536000; includeSubDomains"
        ],
        "X-Content-Type-Options": [
          "nosniff"
        ],
        "Date": [
          "Fri, 03 Jul 2020 00:16:06 GMT"
        ],
        "Expires": [
          "-1"
        ],
        "Content-Length": [
          "0"
        ]
      },
      "ResponseBody": "",
      "StatusCode": 202
    },
    {
      "RequestUri": "/subscriptions/f782b158-10b8-4a42-b9e4-f7fbaf769f35/operationresults/eyJqb2JJZCI6IlJFU09VUkNFR1JPVVBERUxFVElPTkpPQi1QUzY5NTMtV0VTVFVTIiwiam9iTG9jYXRpb24iOiJ3ZXN0dXMifQ?api-version=2016-09-01",
      "EncodedRequestUri": "L3N1YnNjcmlwdGlvbnMvZjc4MmIxNTgtMTBiOC00YTQyLWI5ZTQtZjdmYmFmNzY5ZjM1L29wZXJhdGlvbnJlc3VsdHMvZXlKcWIySkpaQ0k2SWxKRlUwOVZVa05GUjFKUFZWQkVSVXhGVkVsUFRrcFBRaTFRVXpZNU5UTXRWMFZUVkZWVElpd2lhbTlpVEc5allYUnBiMjRpT2lKM1pYTjBkWE1pZlE/YXBpLXZlcnNpb249MjAxNi0wOS0wMQ==",
      "RequestMethod": "GET",
      "RequestBody": "",
      "RequestHeaders": {
        "User-Agent": [
          "FxVersion/4.6.28928.01",
          "OSName/Windows",
          "OSVersion/Microsoft.Windows.10.0.18363.",
          "Microsoft.Azure.Management.Internal.Resources.ResourceManagementClient/1.3.17"
        ]
      },
      "ResponseHeaders": {
        "Cache-Control": [
          "no-cache"
        ],
        "Pragma": [
          "no-cache"
        ],
        "Location": [
          "https://management.azure.com/subscriptions/f782b158-10b8-4a42-b9e4-f7fbaf769f35/operationresults/eyJqb2JJZCI6IlJFU09VUkNFR1JPVVBERUxFVElPTkpPQi1QUzY5NTMtV0VTVFVTIiwiam9iTG9jYXRpb24iOiJ3ZXN0dXMifQ?api-version=2016-09-01"
        ],
        "Retry-After": [
          "15"
        ],
        "x-ms-ratelimit-remaining-subscription-reads": [
          "11999"
        ],
        "x-ms-request-id": [
          "51a89c83-4829-42f4-a55c-2b2afd895c4f"
        ],
        "x-ms-correlation-request-id": [
          "51a89c83-4829-42f4-a55c-2b2afd895c4f"
        ],
        "x-ms-routing-request-id": [
          "WESTUS:20200703T001622Z:51a89c83-4829-42f4-a55c-2b2afd895c4f"
        ],
        "Strict-Transport-Security": [
          "max-age=31536000; includeSubDomains"
        ],
        "X-Content-Type-Options": [
          "nosniff"
        ],
        "Date": [
          "Fri, 03 Jul 2020 00:16:21 GMT"
        ],
        "Expires": [
          "-1"
        ],
        "Content-Length": [
          "0"
        ]
      },
      "ResponseBody": "",
      "StatusCode": 202
    },
    {
      "RequestUri": "/subscriptions/f782b158-10b8-4a42-b9e4-f7fbaf769f35/operationresults/eyJqb2JJZCI6IlJFU09VUkNFR1JPVVBERUxFVElPTkpPQi1QUzY5NTMtV0VTVFVTIiwiam9iTG9jYXRpb24iOiJ3ZXN0dXMifQ?api-version=2016-09-01",
      "EncodedRequestUri": "L3N1YnNjcmlwdGlvbnMvZjc4MmIxNTgtMTBiOC00YTQyLWI5ZTQtZjdmYmFmNzY5ZjM1L29wZXJhdGlvbnJlc3VsdHMvZXlKcWIySkpaQ0k2SWxKRlUwOVZVa05GUjFKUFZWQkVSVXhGVkVsUFRrcFBRaTFRVXpZNU5UTXRWMFZUVkZWVElpd2lhbTlpVEc5allYUnBiMjRpT2lKM1pYTjBkWE1pZlE/YXBpLXZlcnNpb249MjAxNi0wOS0wMQ==",
      "RequestMethod": "GET",
      "RequestBody": "",
      "RequestHeaders": {
        "User-Agent": [
          "FxVersion/4.6.28928.01",
          "OSName/Windows",
          "OSVersion/Microsoft.Windows.10.0.18363.",
          "Microsoft.Azure.Management.Internal.Resources.ResourceManagementClient/1.3.17"
        ]
      },
      "ResponseHeaders": {
        "Cache-Control": [
          "no-cache"
        ],
        "Pragma": [
          "no-cache"
        ],
        "Location": [
          "https://management.azure.com/subscriptions/f782b158-10b8-4a42-b9e4-f7fbaf769f35/operationresults/eyJqb2JJZCI6IlJFU09VUkNFR1JPVVBERUxFVElPTkpPQi1QUzY5NTMtV0VTVFVTIiwiam9iTG9jYXRpb24iOiJ3ZXN0dXMifQ?api-version=2016-09-01"
        ],
        "Retry-After": [
          "15"
        ],
        "x-ms-ratelimit-remaining-subscription-reads": [
          "11998"
        ],
        "x-ms-request-id": [
          "e53dd8ad-a634-474b-959e-743906e9125a"
        ],
        "x-ms-correlation-request-id": [
          "e53dd8ad-a634-474b-959e-743906e9125a"
        ],
        "x-ms-routing-request-id": [
          "WESTUS:20200703T001637Z:e53dd8ad-a634-474b-959e-743906e9125a"
        ],
        "Strict-Transport-Security": [
          "max-age=31536000; includeSubDomains"
        ],
        "X-Content-Type-Options": [
          "nosniff"
        ],
        "Date": [
          "Fri, 03 Jul 2020 00:16:37 GMT"
        ],
        "Expires": [
          "-1"
        ],
        "Content-Length": [
          "0"
        ]
      },
      "ResponseBody": "",
      "StatusCode": 202
    },
    {
      "RequestUri": "/subscriptions/f782b158-10b8-4a42-b9e4-f7fbaf769f35/operationresults/eyJqb2JJZCI6IlJFU09VUkNFR1JPVVBERUxFVElPTkpPQi1QUzY5NTMtV0VTVFVTIiwiam9iTG9jYXRpb24iOiJ3ZXN0dXMifQ?api-version=2016-09-01",
      "EncodedRequestUri": "L3N1YnNjcmlwdGlvbnMvZjc4MmIxNTgtMTBiOC00YTQyLWI5ZTQtZjdmYmFmNzY5ZjM1L29wZXJhdGlvbnJlc3VsdHMvZXlKcWIySkpaQ0k2SWxKRlUwOVZVa05GUjFKUFZWQkVSVXhGVkVsUFRrcFBRaTFRVXpZNU5UTXRWMFZUVkZWVElpd2lhbTlpVEc5allYUnBiMjRpT2lKM1pYTjBkWE1pZlE/YXBpLXZlcnNpb249MjAxNi0wOS0wMQ==",
      "RequestMethod": "GET",
      "RequestBody": "",
      "RequestHeaders": {
        "User-Agent": [
          "FxVersion/4.6.28928.01",
          "OSName/Windows",
          "OSVersion/Microsoft.Windows.10.0.18363.",
          "Microsoft.Azure.Management.Internal.Resources.ResourceManagementClient/1.3.17"
        ]
      },
      "ResponseHeaders": {
        "Cache-Control": [
          "no-cache"
        ],
        "Pragma": [
          "no-cache"
        ],
        "Location": [
          "https://management.azure.com/subscriptions/f782b158-10b8-4a42-b9e4-f7fbaf769f35/operationresults/eyJqb2JJZCI6IlJFU09VUkNFR1JPVVBERUxFVElPTkpPQi1QUzY5NTMtV0VTVFVTIiwiam9iTG9jYXRpb24iOiJ3ZXN0dXMifQ?api-version=2016-09-01"
        ],
        "Retry-After": [
          "15"
        ],
        "x-ms-ratelimit-remaining-subscription-reads": [
          "11997"
        ],
        "x-ms-request-id": [
          "cb36cefe-e13b-4dc3-9c48-9513997efc60"
        ],
        "x-ms-correlation-request-id": [
          "cb36cefe-e13b-4dc3-9c48-9513997efc60"
        ],
        "x-ms-routing-request-id": [
          "WESTUS:20200703T001652Z:cb36cefe-e13b-4dc3-9c48-9513997efc60"
        ],
        "Strict-Transport-Security": [
          "max-age=31536000; includeSubDomains"
        ],
        "X-Content-Type-Options": [
          "nosniff"
        ],
        "Date": [
          "Fri, 03 Jul 2020 00:16:52 GMT"
        ],
        "Expires": [
          "-1"
        ],
        "Content-Length": [
          "0"
        ]
      },
      "ResponseBody": "",
      "StatusCode": 202
    },
    {
      "RequestUri": "/subscriptions/f782b158-10b8-4a42-b9e4-f7fbaf769f35/operationresults/eyJqb2JJZCI6IlJFU09VUkNFR1JPVVBERUxFVElPTkpPQi1QUzY5NTMtV0VTVFVTIiwiam9iTG9jYXRpb24iOiJ3ZXN0dXMifQ?api-version=2016-09-01",
      "EncodedRequestUri": "L3N1YnNjcmlwdGlvbnMvZjc4MmIxNTgtMTBiOC00YTQyLWI5ZTQtZjdmYmFmNzY5ZjM1L29wZXJhdGlvbnJlc3VsdHMvZXlKcWIySkpaQ0k2SWxKRlUwOVZVa05GUjFKUFZWQkVSVXhGVkVsUFRrcFBRaTFRVXpZNU5UTXRWMFZUVkZWVElpd2lhbTlpVEc5allYUnBiMjRpT2lKM1pYTjBkWE1pZlE/YXBpLXZlcnNpb249MjAxNi0wOS0wMQ==",
      "RequestMethod": "GET",
      "RequestBody": "",
      "RequestHeaders": {
        "User-Agent": [
          "FxVersion/4.6.28928.01",
          "OSName/Windows",
          "OSVersion/Microsoft.Windows.10.0.18363.",
          "Microsoft.Azure.Management.Internal.Resources.ResourceManagementClient/1.3.17"
        ]
      },
      "ResponseHeaders": {
        "Cache-Control": [
          "no-cache"
        ],
        "Pragma": [
          "no-cache"
        ],
        "Location": [
          "https://management.azure.com/subscriptions/f782b158-10b8-4a42-b9e4-f7fbaf769f35/operationresults/eyJqb2JJZCI6IlJFU09VUkNFR1JPVVBERUxFVElPTkpPQi1QUzY5NTMtV0VTVFVTIiwiam9iTG9jYXRpb24iOiJ3ZXN0dXMifQ?api-version=2016-09-01"
        ],
        "Retry-After": [
          "15"
        ],
        "x-ms-ratelimit-remaining-subscription-reads": [
          "11996"
        ],
        "x-ms-request-id": [
          "5785c0f5-70e3-430e-8504-0b3534f59e5a"
        ],
        "x-ms-correlation-request-id": [
          "5785c0f5-70e3-430e-8504-0b3534f59e5a"
        ],
        "x-ms-routing-request-id": [
          "WESTUS:20200703T001707Z:5785c0f5-70e3-430e-8504-0b3534f59e5a"
        ],
        "Strict-Transport-Security": [
          "max-age=31536000; includeSubDomains"
        ],
        "X-Content-Type-Options": [
          "nosniff"
        ],
        "Date": [
          "Fri, 03 Jul 2020 00:17:07 GMT"
        ],
        "Expires": [
          "-1"
        ],
        "Content-Length": [
          "0"
        ]
      },
      "ResponseBody": "",
      "StatusCode": 202
    },
    {
      "RequestUri": "/subscriptions/f782b158-10b8-4a42-b9e4-f7fbaf769f35/operationresults/eyJqb2JJZCI6IlJFU09VUkNFR1JPVVBERUxFVElPTkpPQi1QUzY5NTMtV0VTVFVTIiwiam9iTG9jYXRpb24iOiJ3ZXN0dXMifQ?api-version=2016-09-01",
      "EncodedRequestUri": "L3N1YnNjcmlwdGlvbnMvZjc4MmIxNTgtMTBiOC00YTQyLWI5ZTQtZjdmYmFmNzY5ZjM1L29wZXJhdGlvbnJlc3VsdHMvZXlKcWIySkpaQ0k2SWxKRlUwOVZVa05GUjFKUFZWQkVSVXhGVkVsUFRrcFBRaTFRVXpZNU5UTXRWMFZUVkZWVElpd2lhbTlpVEc5allYUnBiMjRpT2lKM1pYTjBkWE1pZlE/YXBpLXZlcnNpb249MjAxNi0wOS0wMQ==",
      "RequestMethod": "GET",
      "RequestBody": "",
      "RequestHeaders": {
        "User-Agent": [
          "FxVersion/4.6.28928.01",
          "OSName/Windows",
          "OSVersion/Microsoft.Windows.10.0.18363.",
          "Microsoft.Azure.Management.Internal.Resources.ResourceManagementClient/1.3.17"
        ]
      },
      "ResponseHeaders": {
        "Cache-Control": [
          "no-cache"
        ],
        "Pragma": [
          "no-cache"
        ],
        "Location": [
          "https://management.azure.com/subscriptions/f782b158-10b8-4a42-b9e4-f7fbaf769f35/operationresults/eyJqb2JJZCI6IlJFU09VUkNFR1JPVVBERUxFVElPTkpPQi1QUzY5NTMtV0VTVFVTIiwiam9iTG9jYXRpb24iOiJ3ZXN0dXMifQ?api-version=2016-09-01"
        ],
        "Retry-After": [
          "15"
        ],
        "x-ms-ratelimit-remaining-subscription-reads": [
          "11995"
        ],
        "x-ms-request-id": [
          "04361d1a-a869-45ee-8503-bac46ecd9538"
        ],
        "x-ms-correlation-request-id": [
          "04361d1a-a869-45ee-8503-bac46ecd9538"
        ],
        "x-ms-routing-request-id": [
          "WESTUS:20200703T001722Z:04361d1a-a869-45ee-8503-bac46ecd9538"
        ],
        "Strict-Transport-Security": [
          "max-age=31536000; includeSubDomains"
        ],
        "X-Content-Type-Options": [
          "nosniff"
        ],
        "Date": [
          "Fri, 03 Jul 2020 00:17:22 GMT"
        ],
        "Expires": [
          "-1"
        ],
        "Content-Length": [
          "0"
        ]
      },
      "ResponseBody": "",
      "StatusCode": 202
    },
    {
      "RequestUri": "/subscriptions/f782b158-10b8-4a42-b9e4-f7fbaf769f35/operationresults/eyJqb2JJZCI6IlJFU09VUkNFR1JPVVBERUxFVElPTkpPQi1QUzY5NTMtV0VTVFVTIiwiam9iTG9jYXRpb24iOiJ3ZXN0dXMifQ?api-version=2016-09-01",
      "EncodedRequestUri": "L3N1YnNjcmlwdGlvbnMvZjc4MmIxNTgtMTBiOC00YTQyLWI5ZTQtZjdmYmFmNzY5ZjM1L29wZXJhdGlvbnJlc3VsdHMvZXlKcWIySkpaQ0k2SWxKRlUwOVZVa05GUjFKUFZWQkVSVXhGVkVsUFRrcFBRaTFRVXpZNU5UTXRWMFZUVkZWVElpd2lhbTlpVEc5allYUnBiMjRpT2lKM1pYTjBkWE1pZlE/YXBpLXZlcnNpb249MjAxNi0wOS0wMQ==",
      "RequestMethod": "GET",
      "RequestBody": "",
      "RequestHeaders": {
        "User-Agent": [
          "FxVersion/4.6.28928.01",
          "OSName/Windows",
          "OSVersion/Microsoft.Windows.10.0.18363.",
          "Microsoft.Azure.Management.Internal.Resources.ResourceManagementClient/1.3.17"
        ]
      },
      "ResponseHeaders": {
        "Cache-Control": [
          "no-cache"
        ],
        "Pragma": [
          "no-cache"
        ],
        "Location": [
          "https://management.azure.com/subscriptions/f782b158-10b8-4a42-b9e4-f7fbaf769f35/operationresults/eyJqb2JJZCI6IlJFU09VUkNFR1JPVVBERUxFVElPTkpPQi1QUzY5NTMtV0VTVFVTIiwiam9iTG9jYXRpb24iOiJ3ZXN0dXMifQ?api-version=2016-09-01"
        ],
        "Retry-After": [
          "15"
        ],
        "x-ms-ratelimit-remaining-subscription-reads": [
          "11994"
        ],
        "x-ms-request-id": [
          "d3a71555-c2eb-4ea1-b734-fabd434cf8af"
        ],
        "x-ms-correlation-request-id": [
          "d3a71555-c2eb-4ea1-b734-fabd434cf8af"
        ],
        "x-ms-routing-request-id": [
          "WESTUS:20200703T001737Z:d3a71555-c2eb-4ea1-b734-fabd434cf8af"
        ],
        "Strict-Transport-Security": [
          "max-age=31536000; includeSubDomains"
        ],
        "X-Content-Type-Options": [
          "nosniff"
        ],
        "Date": [
          "Fri, 03 Jul 2020 00:17:37 GMT"
        ],
        "Expires": [
          "-1"
        ],
        "Content-Length": [
          "0"
        ]
      },
      "ResponseBody": "",
      "StatusCode": 202
    },
    {
      "RequestUri": "/subscriptions/f782b158-10b8-4a42-b9e4-f7fbaf769f35/operationresults/eyJqb2JJZCI6IlJFU09VUkNFR1JPVVBERUxFVElPTkpPQi1QUzY5NTMtV0VTVFVTIiwiam9iTG9jYXRpb24iOiJ3ZXN0dXMifQ?api-version=2016-09-01",
      "EncodedRequestUri": "L3N1YnNjcmlwdGlvbnMvZjc4MmIxNTgtMTBiOC00YTQyLWI5ZTQtZjdmYmFmNzY5ZjM1L29wZXJhdGlvbnJlc3VsdHMvZXlKcWIySkpaQ0k2SWxKRlUwOVZVa05GUjFKUFZWQkVSVXhGVkVsUFRrcFBRaTFRVXpZNU5UTXRWMFZUVkZWVElpd2lhbTlpVEc5allYUnBiMjRpT2lKM1pYTjBkWE1pZlE/YXBpLXZlcnNpb249MjAxNi0wOS0wMQ==",
      "RequestMethod": "GET",
      "RequestBody": "",
      "RequestHeaders": {
        "User-Agent": [
          "FxVersion/4.6.28928.01",
          "OSName/Windows",
          "OSVersion/Microsoft.Windows.10.0.18363.",
          "Microsoft.Azure.Management.Internal.Resources.ResourceManagementClient/1.3.17"
        ]
      },
      "ResponseHeaders": {
        "Cache-Control": [
          "no-cache"
        ],
        "Pragma": [
          "no-cache"
        ],
        "x-ms-ratelimit-remaining-subscription-reads": [
          "11993"
        ],
        "x-ms-request-id": [
          "c6773690-9f27-40ba-b8a6-8de03708f592"
        ],
        "x-ms-correlation-request-id": [
          "c6773690-9f27-40ba-b8a6-8de03708f592"
        ],
        "x-ms-routing-request-id": [
          "WESTUS:20200703T001752Z:c6773690-9f27-40ba-b8a6-8de03708f592"
        ],
        "Strict-Transport-Security": [
          "max-age=31536000; includeSubDomains"
        ],
        "X-Content-Type-Options": [
          "nosniff"
        ],
        "Date": [
          "Fri, 03 Jul 2020 00:17:52 GMT"
        ],
        "Expires": [
          "-1"
        ],
        "Content-Length": [
          "0"
        ]
      },
      "ResponseBody": "",
      "StatusCode": 200
    },
    {
      "RequestUri": "/subscriptions/f782b158-10b8-4a42-b9e4-f7fbaf769f35/operationresults/eyJqb2JJZCI6IlJFU09VUkNFR1JPVVBERUxFVElPTkpPQi1QUzY5NTMtV0VTVFVTIiwiam9iTG9jYXRpb24iOiJ3ZXN0dXMifQ?api-version=2016-09-01",
      "EncodedRequestUri": "L3N1YnNjcmlwdGlvbnMvZjc4MmIxNTgtMTBiOC00YTQyLWI5ZTQtZjdmYmFmNzY5ZjM1L29wZXJhdGlvbnJlc3VsdHMvZXlKcWIySkpaQ0k2SWxKRlUwOVZVa05GUjFKUFZWQkVSVXhGVkVsUFRrcFBRaTFRVXpZNU5UTXRWMFZUVkZWVElpd2lhbTlpVEc5allYUnBiMjRpT2lKM1pYTjBkWE1pZlE/YXBpLXZlcnNpb249MjAxNi0wOS0wMQ==",
      "RequestMethod": "GET",
      "RequestBody": "",
      "RequestHeaders": {
        "User-Agent": [
          "FxVersion/4.6.28928.01",
          "OSName/Windows",
          "OSVersion/Microsoft.Windows.10.0.18363.",
          "Microsoft.Azure.Management.Internal.Resources.ResourceManagementClient/1.3.17"
        ]
      },
      "ResponseHeaders": {
        "Cache-Control": [
          "no-cache"
        ],
        "Pragma": [
          "no-cache"
        ],
        "x-ms-ratelimit-remaining-subscription-reads": [
          "11992"
        ],
        "x-ms-request-id": [
          "5e4f255e-1a60-4d9c-bee8-7fbdbac870ab"
        ],
        "x-ms-correlation-request-id": [
          "5e4f255e-1a60-4d9c-bee8-7fbdbac870ab"
        ],
        "x-ms-routing-request-id": [
          "WESTUS:20200703T001752Z:5e4f255e-1a60-4d9c-bee8-7fbdbac870ab"
        ],
        "Strict-Transport-Security": [
          "max-age=31536000; includeSubDomains"
        ],
        "X-Content-Type-Options": [
          "nosniff"
        ],
        "Date": [
          "Fri, 03 Jul 2020 00:17:52 GMT"
        ],
        "Expires": [
          "-1"
        ],
        "Content-Length": [
          "0"
        ]
      },
      "ResponseBody": "",
      "StatusCode": 200
    }
  ],
  "Names": {
    "Test-GetAttestation": [
      "ps2354",
      "ps6953"
    ]
  },
  "Variables": {
    "SubscriptionId": "f782b158-10b8-4a42-b9e4-f7fbaf769f35"
  }
}