{
  "Entries": [
    {
      "RequestUri": "/subscriptions/f782b158-10b8-4a42-b9e4-f7fbaf769f35/resourcegroups/ps9281?api-version=2016-09-01",
      "EncodedRequestUri": "L3N1YnNjcmlwdGlvbnMvZjc4MmIxNTgtMTBiOC00YTQyLWI5ZTQtZjdmYmFmNzY5ZjM1L3Jlc291cmNlZ3JvdXBzL3BzOTI4MT9hcGktdmVyc2lvbj0yMDE2LTA5LTAx",
      "RequestMethod": "PUT",
      "RequestBody": "{\r\n  \"location\": \"WestUS\"\r\n}",
      "RequestHeaders": {
        "x-ms-client-request-id": [
          "deb7f0c5-1799-4b2e-bdc4-40dc4f07071b"
        ],
        "Accept-Language": [
          "en-US"
        ],
        "User-Agent": [
          "FxVersion/4.6.28928.01",
          "OSName/Windows",
          "OSVersion/Microsoft.Windows.10.0.18363.",
          "Microsoft.Azure.Management.Internal.Resources.ResourceManagementClient/1.3.17"
        ],
        "Content-Type": [
          "application/json; charset=utf-8"
        ],
        "Content-Length": [
          "28"
        ]
      },
      "ResponseHeaders": {
        "Cache-Control": [
          "no-cache"
        ],
        "Pragma": [
          "no-cache"
        ],
        "x-ms-ratelimit-remaining-subscription-writes": [
          "1199"
        ],
        "x-ms-request-id": [
          "f5d2a804-5e06-46b4-b683-917c61ee286a"
        ],
        "x-ms-correlation-request-id": [
          "f5d2a804-5e06-46b4-b683-917c61ee286a"
        ],
        "x-ms-routing-request-id": [
          "WESTUS:20200703T124448Z:f5d2a804-5e06-46b4-b683-917c61ee286a"
        ],
        "Strict-Transport-Security": [
          "max-age=31536000; includeSubDomains"
        ],
        "X-Content-Type-Options": [
          "nosniff"
        ],
        "Date": [
          "Fri, 03 Jul 2020 12:44:47 GMT"
        ],
        "Content-Length": [
          "165"
        ],
        "Content-Type": [
          "application/json; charset=utf-8"
        ],
        "Expires": [
          "-1"
        ]
      },
      "ResponseBody": "{\r\n  \"id\": \"/subscriptions/f782b158-10b8-4a42-b9e4-f7fbaf769f35/resourceGroups/ps9281\",\r\n  \"name\": \"ps9281\",\r\n  \"location\": \"westus\",\r\n  \"properties\": {\r\n    \"provisioningState\": \"Succeeded\"\r\n  }\r\n}",
      "StatusCode": 201
    },
    {
      "RequestUri": "/subscriptions/f782b158-10b8-4a42-b9e4-f7fbaf769f35/resourceGroups/ps9281/providers/Microsoft.Attestation/attestationProviders/ps3834?api-version=2018-09-01-preview",
      "EncodedRequestUri": "L3N1YnNjcmlwdGlvbnMvZjc4MmIxNTgtMTBiOC00YTQyLWI5ZTQtZjdmYmFmNzY5ZjM1L3Jlc291cmNlR3JvdXBzL3BzOTI4MS9wcm92aWRlcnMvTWljcm9zb2Z0LkF0dGVzdGF0aW9uL2F0dGVzdGF0aW9uUHJvdmlkZXJzL3BzMzgzND9hcGktdmVyc2lvbj0yMDE4LTA5LTAxLXByZXZpZXc=",
      "RequestMethod": "PUT",
      "RequestBody": "{\r\n  \"location\": \"East US\",\r\n  \"properties\": {}\r\n}",
      "RequestHeaders": {
        "x-ms-client-request-id": [
          "093a622e-ece9-4938-b062-eaf3d724ab5f"
        ],
        "Accept-Language": [
          "en-US"
        ],
        "User-Agent": [
          "FxVersion/4.6.28928.01",
          "OSName/Windows",
          "OSVersion/Microsoft.Windows.10.0.18363.",
          "Microsoft.Azure.Management.Attestation.AttestationManagementClient/0.12.0.0"
        ],
        "Content-Type": [
          "application/json; charset=utf-8"
        ],
        "Content-Length": [
          "50"
        ]
      },
      "ResponseHeaders": {
        "Cache-Control": [
          "no-cache"
        ],
        "Pragma": [
          "no-cache"
        ],
        "Location": [
          "https://ps3834.eus.test.attest.azure.net/"
        ],
        "x-ms-ratelimit-remaining-subscription-writes": [
          "1199"
        ],
        "x-ms-request-id": [
          "00-da8d3351fc293d602580bff04558b3c1-0000000000000000-00"
        ],
        "x-ms-maa-service-version": [
          "1.10.01279.0001"
        ],
        "Server": [
          "Kestrel"
        ],
        "x-ms-correlation-request-id": [
          "a9506115-8f02-4aad-8723-5f415bb333bd"
        ],
        "x-ms-routing-request-id": [
          "WESTUS:20200703T124452Z:a9506115-8f02-4aad-8723-5f415bb333bd"
        ],
        "Strict-Transport-Security": [
          "max-age=31536000; includeSubDomains"
        ],
        "X-Content-Type-Options": [
          "nosniff"
        ],
        "Date": [
          "Fri, 03 Jul 2020 12:44:51 GMT"
        ],
        "Content-Length": [
          "349"
        ],
        "Content-Type": [
          "application/json; charset=utf-8"
        ],
        "Expires": [
          "-1"
        ]
      },
      "ResponseBody": "{\r\n  \"id\": \"/subscriptions/f782b158-10b8-4a42-b9e4-f7fbaf769f35/resourceGroups/ps9281/providers/Microsoft.Attestation/attestationProviders/ps3834\",\r\n  \"name\": \"ps3834\",\r\n  \"type\": \"Microsoft.Attestation/attestationProviders\",\r\n  \"location\": \"East US\",\r\n  \"tags\": null,\r\n  \"properties\": {\r\n    \"trustModel\": \"AAD\",\r\n    \"status\": \"Ready\",\r\n    \"attestUri\": \"https://ps3834.eus.test.attest.azure.net\"\r\n  }\r\n}",
      "StatusCode": 201
    },
    {
      "RequestUri": "/subscriptions/f782b158-10b8-4a42-b9e4-f7fbaf769f35/resourceGroups/ps9281/providers/Microsoft.Attestation/attestationProviders/ps3834?api-version=2018-09-01-preview",
      "EncodedRequestUri": "L3N1YnNjcmlwdGlvbnMvZjc4MmIxNTgtMTBiOC00YTQyLWI5ZTQtZjdmYmFmNzY5ZjM1L3Jlc291cmNlR3JvdXBzL3BzOTI4MS9wcm92aWRlcnMvTWljcm9zb2Z0LkF0dGVzdGF0aW9uL2F0dGVzdGF0aW9uUHJvdmlkZXJzL3BzMzgzND9hcGktdmVyc2lvbj0yMDE4LTA5LTAxLXByZXZpZXc=",
      "RequestMethod": "GET",
      "RequestBody": "",
      "RequestHeaders": {
        "x-ms-client-request-id": [
          "ccec742a-b11f-4986-b1e4-acb37b0fdc14"
        ],
        "Accept-Language": [
          "en-US"
        ],
        "User-Agent": [
          "FxVersion/4.6.28928.01",
          "OSName/Windows",
          "OSVersion/Microsoft.Windows.10.0.18363.",
          "Microsoft.Azure.Management.Attestation.AttestationManagementClient/0.12.0.0"
        ]
      },
      "ResponseHeaders": {
        "Cache-Control": [
          "no-cache"
        ],
        "Pragma": [
          "no-cache"
        ],
        "x-ms-ratelimit-remaining-subscription-reads": [
          "11999"
        ],
        "x-ms-request-id": [
          "00-bcb32aae8497b460866550af59dd02d3-0000000000000000-00"
        ],
        "x-ms-maa-service-version": [
          "1.10.01279.0001"
        ],
        "Server": [
          "Kestrel"
        ],
        "x-ms-correlation-request-id": [
          "7cd8fcc0-8032-4904-830f-860d1a168585"
        ],
        "x-ms-routing-request-id": [
          "WESTUS:20200703T124452Z:7cd8fcc0-8032-4904-830f-860d1a168585"
        ],
        "Strict-Transport-Security": [
          "max-age=31536000; includeSubDomains"
        ],
        "X-Content-Type-Options": [
          "nosniff"
        ],
        "Date": [
          "Fri, 03 Jul 2020 12:44:51 GMT"
        ],
        "Content-Length": [
          "349"
        ],
        "Content-Type": [
          "application/json; charset=utf-8"
        ],
        "Expires": [
          "-1"
        ]
      },
      "ResponseBody": "{\r\n  \"id\": \"/subscriptions/f782b158-10b8-4a42-b9e4-f7fbaf769f35/resourceGroups/ps9281/providers/Microsoft.Attestation/attestationProviders/ps3834\",\r\n  \"name\": \"ps3834\",\r\n  \"type\": \"Microsoft.Attestation/attestationProviders\",\r\n  \"location\": \"East US\",\r\n  \"tags\": null,\r\n  \"properties\": {\r\n    \"trustModel\": \"AAD\",\r\n    \"status\": \"Ready\",\r\n    \"attestUri\": \"https://ps3834.eus.test.attest.azure.net\"\r\n  }\r\n}",
      "StatusCode": 200
    },
    {
      "RequestUri": "/subscriptions/f782b158-10b8-4a42-b9e4-f7fbaf769f35/resourcegroups/ps9281?api-version=2016-09-01",
      "EncodedRequestUri": "L3N1YnNjcmlwdGlvbnMvZjc4MmIxNTgtMTBiOC00YTQyLWI5ZTQtZjdmYmFmNzY5ZjM1L3Jlc291cmNlZ3JvdXBzL3BzOTI4MT9hcGktdmVyc2lvbj0yMDE2LTA5LTAx",
      "RequestMethod": "DELETE",
      "RequestBody": "",
      "RequestHeaders": {
        "x-ms-client-request-id": [
          "f21bf2b0-fa58-4e5a-b6ba-d9f5dc0d79d8"
        ],
        "Accept-Language": [
          "en-US"
        ],
        "User-Agent": [
          "FxVersion/4.6.28928.01",
          "OSName/Windows",
          "OSVersion/Microsoft.Windows.10.0.18363.",
          "Microsoft.Azure.Management.Internal.Resources.ResourceManagementClient/1.3.17"
        ]
      },
      "ResponseHeaders": {
        "Cache-Control": [
          "no-cache"
        ],
        "Pragma": [
          "no-cache"
        ],
        "Location": [
          "https://management.azure.com/subscriptions/f782b158-10b8-4a42-b9e4-f7fbaf769f35/operationresults/eyJqb2JJZCI6IlJFU09VUkNFR1JPVVBERUxFVElPTkpPQi1QUzkyODEtV0VTVFVTIiwiam9iTG9jYXRpb24iOiJ3ZXN0dXMifQ?api-version=2016-09-01"
        ],
        "Retry-After": [
          "15"
        ],
        "x-ms-ratelimit-remaining-subscription-deletes": [
          "14999"
        ],
        "x-ms-request-id": [
          "7124c61e-cd27-4291-a333-c70637ce8ca5"
        ],
        "x-ms-correlation-request-id": [
          "7124c61e-cd27-4291-a333-c70637ce8ca5"
        ],
        "x-ms-routing-request-id": [
          "WESTUS:20200703T124452Z:7124c61e-cd27-4291-a333-c70637ce8ca5"
        ],
        "Strict-Transport-Security": [
          "max-age=31536000; includeSubDomains"
        ],
        "X-Content-Type-Options": [
          "nosniff"
        ],
        "Date": [
          "Fri, 03 Jul 2020 12:44:52 GMT"
        ],
        "Expires": [
          "-1"
        ],
        "Content-Length": [
          "0"
        ]
      },
      "ResponseBody": "",
      "StatusCode": 202
    },
    {
      "RequestUri": "/subscriptions/f782b158-10b8-4a42-b9e4-f7fbaf769f35/operationresults/eyJqb2JJZCI6IlJFU09VUkNFR1JPVVBERUxFVElPTkpPQi1QUzkyODEtV0VTVFVTIiwiam9iTG9jYXRpb24iOiJ3ZXN0dXMifQ?api-version=2016-09-01",
      "EncodedRequestUri": "L3N1YnNjcmlwdGlvbnMvZjc4MmIxNTgtMTBiOC00YTQyLWI5ZTQtZjdmYmFmNzY5ZjM1L29wZXJhdGlvbnJlc3VsdHMvZXlKcWIySkpaQ0k2SWxKRlUwOVZVa05GUjFKUFZWQkVSVXhGVkVsUFRrcFBRaTFRVXpreU9ERXRWMFZUVkZWVElpd2lhbTlpVEc5allYUnBiMjRpT2lKM1pYTjBkWE1pZlE/YXBpLXZlcnNpb249MjAxNi0wOS0wMQ==",
      "RequestMethod": "GET",
      "RequestBody": "",
      "RequestHeaders": {
        "User-Agent": [
          "FxVersion/4.6.28928.01",
          "OSName/Windows",
          "OSVersion/Microsoft.Windows.10.0.18363.",
          "Microsoft.Azure.Management.Internal.Resources.ResourceManagementClient/1.3.17"
        ]
      },
      "ResponseHeaders": {
        "Cache-Control": [
          "no-cache"
        ],
        "Pragma": [
          "no-cache"
        ],
        "Location": [
          "https://management.azure.com/subscriptions/f782b158-10b8-4a42-b9e4-f7fbaf769f35/operationresults/eyJqb2JJZCI6IlJFU09VUkNFR1JPVVBERUxFVElPTkpPQi1QUzkyODEtV0VTVFVTIiwiam9iTG9jYXRpb24iOiJ3ZXN0dXMifQ?api-version=2016-09-01"
        ],
        "Retry-After": [
          "15"
        ],
        "x-ms-ratelimit-remaining-subscription-reads": [
          "11999"
        ],
        "x-ms-request-id": [
          "ee285a47-9c5b-4eef-a589-4d5ad23fe139"
        ],
        "x-ms-correlation-request-id": [
          "ee285a47-9c5b-4eef-a589-4d5ad23fe139"
        ],
        "x-ms-routing-request-id": [
          "WESTUS:20200703T124507Z:ee285a47-9c5b-4eef-a589-4d5ad23fe139"
        ],
        "Strict-Transport-Security": [
          "max-age=31536000; includeSubDomains"
        ],
        "X-Content-Type-Options": [
          "nosniff"
        ],
        "Date": [
          "Fri, 03 Jul 2020 12:45:07 GMT"
        ],
        "Expires": [
          "-1"
        ],
        "Content-Length": [
          "0"
        ]
      },
      "ResponseBody": "",
      "StatusCode": 202
    },
    {
      "RequestUri": "/subscriptions/f782b158-10b8-4a42-b9e4-f7fbaf769f35/operationresults/eyJqb2JJZCI6IlJFU09VUkNFR1JPVVBERUxFVElPTkpPQi1QUzkyODEtV0VTVFVTIiwiam9iTG9jYXRpb24iOiJ3ZXN0dXMifQ?api-version=2016-09-01",
      "EncodedRequestUri": "L3N1YnNjcmlwdGlvbnMvZjc4MmIxNTgtMTBiOC00YTQyLWI5ZTQtZjdmYmFmNzY5ZjM1L29wZXJhdGlvbnJlc3VsdHMvZXlKcWIySkpaQ0k2SWxKRlUwOVZVa05GUjFKUFZWQkVSVXhGVkVsUFRrcFBRaTFRVXpreU9ERXRWMFZUVkZWVElpd2lhbTlpVEc5allYUnBiMjRpT2lKM1pYTjBkWE1pZlE/YXBpLXZlcnNpb249MjAxNi0wOS0wMQ==",
      "RequestMethod": "GET",
      "RequestBody": "",
      "RequestHeaders": {
        "User-Agent": [
          "FxVersion/4.6.28928.01",
          "OSName/Windows",
          "OSVersion/Microsoft.Windows.10.0.18363.",
          "Microsoft.Azure.Management.Internal.Resources.ResourceManagementClient/1.3.17"
        ]
      },
      "ResponseHeaders": {
        "Cache-Control": [
          "no-cache"
        ],
        "Pragma": [
          "no-cache"
        ],
        "Location": [
          "https://management.azure.com/subscriptions/f782b158-10b8-4a42-b9e4-f7fbaf769f35/operationresults/eyJqb2JJZCI6IlJFU09VUkNFR1JPVVBERUxFVElPTkpPQi1QUzkyODEtV0VTVFVTIiwiam9iTG9jYXRpb24iOiJ3ZXN0dXMifQ?api-version=2016-09-01"
        ],
        "Retry-After": [
          "15"
        ],
        "x-ms-ratelimit-remaining-subscription-reads": [
          "11998"
        ],
        "x-ms-request-id": [
          "163d9ea9-e8b8-4ffd-aa65-0f7acff49273"
        ],
        "x-ms-correlation-request-id": [
          "163d9ea9-e8b8-4ffd-aa65-0f7acff49273"
        ],
        "x-ms-routing-request-id": [
          "WESTUS:20200703T124522Z:163d9ea9-e8b8-4ffd-aa65-0f7acff49273"
        ],
        "Strict-Transport-Security": [
          "max-age=31536000; includeSubDomains"
        ],
        "X-Content-Type-Options": [
          "nosniff"
        ],
        "Date": [
          "Fri, 03 Jul 2020 12:45:22 GMT"
        ],
        "Expires": [
          "-1"
        ],
        "Content-Length": [
          "0"
        ]
      },
      "ResponseBody": "",
      "StatusCode": 202
    },
    {
      "RequestUri": "/subscriptions/f782b158-10b8-4a42-b9e4-f7fbaf769f35/operationresults/eyJqb2JJZCI6IlJFU09VUkNFR1JPVVBERUxFVElPTkpPQi1QUzkyODEtV0VTVFVTIiwiam9iTG9jYXRpb24iOiJ3ZXN0dXMifQ?api-version=2016-09-01",
      "EncodedRequestUri": "L3N1YnNjcmlwdGlvbnMvZjc4MmIxNTgtMTBiOC00YTQyLWI5ZTQtZjdmYmFmNzY5ZjM1L29wZXJhdGlvbnJlc3VsdHMvZXlKcWIySkpaQ0k2SWxKRlUwOVZVa05GUjFKUFZWQkVSVXhGVkVsUFRrcFBRaTFRVXpreU9ERXRWMFZUVkZWVElpd2lhbTlpVEc5allYUnBiMjRpT2lKM1pYTjBkWE1pZlE/YXBpLXZlcnNpb249MjAxNi0wOS0wMQ==",
      "RequestMethod": "GET",
      "RequestBody": "",
      "RequestHeaders": {
        "User-Agent": [
          "FxVersion/4.6.28928.01",
          "OSName/Windows",
          "OSVersion/Microsoft.Windows.10.0.18363.",
          "Microsoft.Azure.Management.Internal.Resources.ResourceManagementClient/1.3.17"
        ]
      },
      "ResponseHeaders": {
        "Cache-Control": [
          "no-cache"
        ],
        "Pragma": [
          "no-cache"
        ],
        "Location": [
          "https://management.azure.com/subscriptions/f782b158-10b8-4a42-b9e4-f7fbaf769f35/operationresults/eyJqb2JJZCI6IlJFU09VUkNFR1JPVVBERUxFVElPTkpPQi1QUzkyODEtV0VTVFVTIiwiam9iTG9jYXRpb24iOiJ3ZXN0dXMifQ?api-version=2016-09-01"
        ],
        "Retry-After": [
          "15"
        ],
        "x-ms-ratelimit-remaining-subscription-reads": [
          "11997"
        ],
        "x-ms-request-id": [
          "c2a1cc47-54af-4af1-bec3-83726e2fcd01"
        ],
        "x-ms-correlation-request-id": [
          "c2a1cc47-54af-4af1-bec3-83726e2fcd01"
        ],
        "x-ms-routing-request-id": [
          "WESTUS:20200703T124538Z:c2a1cc47-54af-4af1-bec3-83726e2fcd01"
        ],
        "Strict-Transport-Security": [
          "max-age=31536000; includeSubDomains"
        ],
        "X-Content-Type-Options": [
          "nosniff"
        ],
        "Date": [
          "Fri, 03 Jul 2020 12:45:37 GMT"
        ],
        "Expires": [
          "-1"
        ],
        "Content-Length": [
          "0"
        ]
      },
      "ResponseBody": "",
      "StatusCode": 202
    },
    {
      "RequestUri": "/subscriptions/f782b158-10b8-4a42-b9e4-f7fbaf769f35/operationresults/eyJqb2JJZCI6IlJFU09VUkNFR1JPVVBERUxFVElPTkpPQi1QUzkyODEtV0VTVFVTIiwiam9iTG9jYXRpb24iOiJ3ZXN0dXMifQ?api-version=2016-09-01",
      "EncodedRequestUri": "L3N1YnNjcmlwdGlvbnMvZjc4MmIxNTgtMTBiOC00YTQyLWI5ZTQtZjdmYmFmNzY5ZjM1L29wZXJhdGlvbnJlc3VsdHMvZXlKcWIySkpaQ0k2SWxKRlUwOVZVa05GUjFKUFZWQkVSVXhGVkVsUFRrcFBRaTFRVXpreU9ERXRWMFZUVkZWVElpd2lhbTlpVEc5allYUnBiMjRpT2lKM1pYTjBkWE1pZlE/YXBpLXZlcnNpb249MjAxNi0wOS0wMQ==",
      "RequestMethod": "GET",
      "RequestBody": "",
      "RequestHeaders": {
        "User-Agent": [
          "FxVersion/4.6.28928.01",
          "OSName/Windows",
          "OSVersion/Microsoft.Windows.10.0.18363.",
          "Microsoft.Azure.Management.Internal.Resources.ResourceManagementClient/1.3.17"
        ]
      },
      "ResponseHeaders": {
        "Cache-Control": [
          "no-cache"
        ],
        "Pragma": [
          "no-cache"
        ],
        "Location": [
          "https://management.azure.com/subscriptions/f782b158-10b8-4a42-b9e4-f7fbaf769f35/operationresults/eyJqb2JJZCI6IlJFU09VUkNFR1JPVVBERUxFVElPTkpPQi1QUzkyODEtV0VTVFVTIiwiam9iTG9jYXRpb24iOiJ3ZXN0dXMifQ?api-version=2016-09-01"
        ],
        "Retry-After": [
          "15"
        ],
        "x-ms-ratelimit-remaining-subscription-reads": [
          "11996"
        ],
        "x-ms-request-id": [
          "1cfc860a-9339-4dbb-819b-aa4428d81d0e"
        ],
        "x-ms-correlation-request-id": [
          "1cfc860a-9339-4dbb-819b-aa4428d81d0e"
        ],
        "x-ms-routing-request-id": [
          "WESTUS:20200703T124553Z:1cfc860a-9339-4dbb-819b-aa4428d81d0e"
        ],
        "Strict-Transport-Security": [
          "max-age=31536000; includeSubDomains"
        ],
        "X-Content-Type-Options": [
          "nosniff"
        ],
        "Date": [
          "Fri, 03 Jul 2020 12:45:52 GMT"
        ],
        "Expires": [
          "-1"
        ],
        "Content-Length": [
          "0"
        ]
      },
      "ResponseBody": "",
      "StatusCode": 202
    },
    {
      "RequestUri": "/subscriptions/f782b158-10b8-4a42-b9e4-f7fbaf769f35/operationresults/eyJqb2JJZCI6IlJFU09VUkNFR1JPVVBERUxFVElPTkpPQi1QUzkyODEtV0VTVFVTIiwiam9iTG9jYXRpb24iOiJ3ZXN0dXMifQ?api-version=2016-09-01",
      "EncodedRequestUri": "L3N1YnNjcmlwdGlvbnMvZjc4MmIxNTgtMTBiOC00YTQyLWI5ZTQtZjdmYmFmNzY5ZjM1L29wZXJhdGlvbnJlc3VsdHMvZXlKcWIySkpaQ0k2SWxKRlUwOVZVa05GUjFKUFZWQkVSVXhGVkVsUFRrcFBRaTFRVXpreU9ERXRWMFZUVkZWVElpd2lhbTlpVEc5allYUnBiMjRpT2lKM1pYTjBkWE1pZlE/YXBpLXZlcnNpb249MjAxNi0wOS0wMQ==",
      "RequestMethod": "GET",
      "RequestBody": "",
      "RequestHeaders": {
        "User-Agent": [
          "FxVersion/4.6.28928.01",
          "OSName/Windows",
          "OSVersion/Microsoft.Windows.10.0.18363.",
          "Microsoft.Azure.Management.Internal.Resources.ResourceManagementClient/1.3.17"
        ]
      },
      "ResponseHeaders": {
        "Cache-Control": [
          "no-cache"
        ],
        "Pragma": [
          "no-cache"
        ],
        "Location": [
          "https://management.azure.com/subscriptions/f782b158-10b8-4a42-b9e4-f7fbaf769f35/operationresults/eyJqb2JJZCI6IlJFU09VUkNFR1JPVVBERUxFVElPTkpPQi1QUzkyODEtV0VTVFVTIiwiam9iTG9jYXRpb24iOiJ3ZXN0dXMifQ?api-version=2016-09-01"
        ],
        "Retry-After": [
          "15"
        ],
        "x-ms-ratelimit-remaining-subscription-reads": [
          "11995"
        ],
        "x-ms-request-id": [
          "c0d11349-46cb-422c-a17c-0c870e316a31"
        ],
        "x-ms-correlation-request-id": [
          "c0d11349-46cb-422c-a17c-0c870e316a31"
        ],
        "x-ms-routing-request-id": [
          "WESTUS:20200703T124608Z:c0d11349-46cb-422c-a17c-0c870e316a31"
        ],
        "Strict-Transport-Security": [
          "max-age=31536000; includeSubDomains"
        ],
        "X-Content-Type-Options": [
          "nosniff"
        ],
        "Date": [
          "Fri, 03 Jul 2020 12:46:07 GMT"
        ],
        "Expires": [
          "-1"
        ],
        "Content-Length": [
          "0"
        ]
      },
      "ResponseBody": "",
      "StatusCode": 202
    },
    {
      "RequestUri": "/subscriptions/f782b158-10b8-4a42-b9e4-f7fbaf769f35/operationresults/eyJqb2JJZCI6IlJFU09VUkNFR1JPVVBERUxFVElPTkpPQi1QUzkyODEtV0VTVFVTIiwiam9iTG9jYXRpb24iOiJ3ZXN0dXMifQ?api-version=2016-09-01",
      "EncodedRequestUri": "L3N1YnNjcmlwdGlvbnMvZjc4MmIxNTgtMTBiOC00YTQyLWI5ZTQtZjdmYmFmNzY5ZjM1L29wZXJhdGlvbnJlc3VsdHMvZXlKcWIySkpaQ0k2SWxKRlUwOVZVa05GUjFKUFZWQkVSVXhGVkVsUFRrcFBRaTFRVXpreU9ERXRWMFZUVkZWVElpd2lhbTlpVEc5allYUnBiMjRpT2lKM1pYTjBkWE1pZlE/YXBpLXZlcnNpb249MjAxNi0wOS0wMQ==",
      "RequestMethod": "GET",
      "RequestBody": "",
      "RequestHeaders": {
        "User-Agent": [
          "FxVersion/4.6.28928.01",
          "OSName/Windows",
          "OSVersion/Microsoft.Windows.10.0.18363.",
          "Microsoft.Azure.Management.Internal.Resources.ResourceManagementClient/1.3.17"
        ]
      },
      "ResponseHeaders": {
        "Cache-Control": [
          "no-cache"
        ],
        "Pragma": [
          "no-cache"
        ],
        "Location": [
          "https://management.azure.com/subscriptions/f782b158-10b8-4a42-b9e4-f7fbaf769f35/operationresults/eyJqb2JJZCI6IlJFU09VUkNFR1JPVVBERUxFVElPTkpPQi1QUzkyODEtV0VTVFVTIiwiam9iTG9jYXRpb24iOiJ3ZXN0dXMifQ?api-version=2016-09-01"
        ],
        "Retry-After": [
          "15"
        ],
        "x-ms-ratelimit-remaining-subscription-reads": [
          "11994"
        ],
        "x-ms-request-id": [
          "5f58cc29-f16e-4c6e-87b9-2b3a578aa8ea"
        ],
        "x-ms-correlation-request-id": [
          "5f58cc29-f16e-4c6e-87b9-2b3a578aa8ea"
        ],
        "x-ms-routing-request-id": [
          "WESTUS:20200703T124623Z:5f58cc29-f16e-4c6e-87b9-2b3a578aa8ea"
        ],
        "Strict-Transport-Security": [
          "max-age=31536000; includeSubDomains"
        ],
        "X-Content-Type-Options": [
          "nosniff"
        ],
        "Date": [
          "Fri, 03 Jul 2020 12:46:22 GMT"
        ],
        "Expires": [
          "-1"
        ],
        "Content-Length": [
          "0"
        ]
      },
      "ResponseBody": "",
      "StatusCode": 202
    },
    {
      "RequestUri": "/subscriptions/f782b158-10b8-4a42-b9e4-f7fbaf769f35/operationresults/eyJqb2JJZCI6IlJFU09VUkNFR1JPVVBERUxFVElPTkpPQi1QUzkyODEtV0VTVFVTIiwiam9iTG9jYXRpb24iOiJ3ZXN0dXMifQ?api-version=2016-09-01",
      "EncodedRequestUri": "L3N1YnNjcmlwdGlvbnMvZjc4MmIxNTgtMTBiOC00YTQyLWI5ZTQtZjdmYmFmNzY5ZjM1L29wZXJhdGlvbnJlc3VsdHMvZXlKcWIySkpaQ0k2SWxKRlUwOVZVa05GUjFKUFZWQkVSVXhGVkVsUFRrcFBRaTFRVXpreU9ERXRWMFZUVkZWVElpd2lhbTlpVEc5allYUnBiMjRpT2lKM1pYTjBkWE1pZlE/YXBpLXZlcnNpb249MjAxNi0wOS0wMQ==",
      "RequestMethod": "GET",
      "RequestBody": "",
      "RequestHeaders": {
        "User-Agent": [
          "FxVersion/4.6.28928.01",
          "OSName/Windows",
          "OSVersion/Microsoft.Windows.10.0.18363.",
          "Microsoft.Azure.Management.Internal.Resources.ResourceManagementClient/1.3.17"
        ]
      },
      "ResponseHeaders": {
        "Cache-Control": [
          "no-cache"
        ],
        "Pragma": [
          "no-cache"
        ],
        "x-ms-ratelimit-remaining-subscription-reads": [
          "11993"
        ],
        "x-ms-request-id": [
          "addb8b94-cea4-4a91-9548-dcad777fcf82"
        ],
        "x-ms-correlation-request-id": [
          "addb8b94-cea4-4a91-9548-dcad777fcf82"
        ],
        "x-ms-routing-request-id": [
          "WESTUS:20200703T124638Z:addb8b94-cea4-4a91-9548-dcad777fcf82"
        ],
        "Strict-Transport-Security": [
          "max-age=31536000; includeSubDomains"
        ],
        "X-Content-Type-Options": [
          "nosniff"
        ],
        "Date": [
          "Fri, 03 Jul 2020 12:46:37 GMT"
        ],
        "Expires": [
          "-1"
        ],
        "Content-Length": [
          "0"
        ]
      },
      "ResponseBody": "",
      "StatusCode": 200
    },
    {
      "RequestUri": "/subscriptions/f782b158-10b8-4a42-b9e4-f7fbaf769f35/operationresults/eyJqb2JJZCI6IlJFU09VUkNFR1JPVVBERUxFVElPTkpPQi1QUzkyODEtV0VTVFVTIiwiam9iTG9jYXRpb24iOiJ3ZXN0dXMifQ?api-version=2016-09-01",
      "EncodedRequestUri": "L3N1YnNjcmlwdGlvbnMvZjc4MmIxNTgtMTBiOC00YTQyLWI5ZTQtZjdmYmFmNzY5ZjM1L29wZXJhdGlvbnJlc3VsdHMvZXlKcWIySkpaQ0k2SWxKRlUwOVZVa05GUjFKUFZWQkVSVXhGVkVsUFRrcFBRaTFRVXpreU9ERXRWMFZUVkZWVElpd2lhbTlpVEc5allYUnBiMjRpT2lKM1pYTjBkWE1pZlE/YXBpLXZlcnNpb249MjAxNi0wOS0wMQ==",
      "RequestMethod": "GET",
      "RequestBody": "",
      "RequestHeaders": {
        "User-Agent": [
          "FxVersion/4.6.28928.01",
          "OSName/Windows",
          "OSVersion/Microsoft.Windows.10.0.18363.",
          "Microsoft.Azure.Management.Internal.Resources.ResourceManagementClient/1.3.17"
        ]
      },
      "ResponseHeaders": {
        "Cache-Control": [
          "no-cache"
        ],
        "Pragma": [
          "no-cache"
        ],
        "x-ms-ratelimit-remaining-subscription-reads": [
          "11992"
        ],
        "x-ms-request-id": [
          "e5409d80-f7a4-40ce-ba7a-c73344b27ac7"
        ],
        "x-ms-correlation-request-id": [
          "e5409d80-f7a4-40ce-ba7a-c73344b27ac7"
        ],
        "x-ms-routing-request-id": [
          "WESTUS:20200703T124638Z:e5409d80-f7a4-40ce-ba7a-c73344b27ac7"
        ],
        "Strict-Transport-Security": [
          "max-age=31536000; includeSubDomains"
        ],
        "X-Content-Type-Options": [
          "nosniff"
        ],
        "Date": [
          "Fri, 03 Jul 2020 12:46:37 GMT"
        ],
        "Expires": [
          "-1"
        ],
        "Content-Length": [
          "0"
        ]
      },
      "ResponseBody": "",
      "StatusCode": 200
    }
  ],
  "Names": {
    "Test-GetAttestation": [
      "ps3834",
      "ps9281"
    ]
  },
  "Variables": {
    "SubscriptionId": "f782b158-10b8-4a42-b9e4-f7fbaf769f35"
  }
}