{
  "Entries": [
    {
      "RequestUri": "/subscriptions/8fbd19e9-e8e0-4224-89f6-b1d5d86fb4c4/resourcegroups/onesdk1788?api-version=2016-02-01",
      "EncodedRequestUri": "L3N1YnNjcmlwdGlvbnMvOGZiZDE5ZTktZThlMC00MjI0LTg5ZjYtYjFkNWQ4NmZiNGM0L3Jlc291cmNlZ3JvdXBzL29uZXNkazE3ODg/YXBpLXZlcnNpb249MjAxNi0wMi0wMQ==",
      "RequestMethod": "PUT",
      "RequestBody": "{\r\n  \"location\": \"West US\"\r\n}",
      "RequestHeaders": {
        "Content-Type": [
          "application/json; charset=utf-8"
        ],
        "Content-Length": [
          "29"
        ],
        "User-Agent": [
          "Microsoft.Azure.Management.Resources.ResourceManagementClient/2.0.0.0"
        ]
      },
      "ResponseBody": "{\r\n  \"id\": \"/subscriptions/8fbd19e9-e8e0-4224-89f6-b1d5d86fb4c4/resourceGroups/onesdk1788\",\r\n  \"name\": \"onesdk1788\",\r\n  \"location\": \"westus\",\r\n  \"properties\": {\r\n    \"provisioningState\": \"Succeeded\"\r\n  }\r\n}",
      "ResponseHeaders": {
        "Content-Length": [
          "173"
        ],
        "Content-Type": [
          "application/json; charset=utf-8"
        ],
        "Expires": [
          "-1"
        ],
        "Pragma": [
          "no-cache"
        ],
        "x-ms-ratelimit-remaining-subscription-writes": [
          "1199"
        ],
        "x-ms-request-id": [
          "c2deec68-258b-483b-90c6-82a33f57f767"
        ],
        "x-ms-correlation-request-id": [
          "c2deec68-258b-483b-90c6-82a33f57f767"
        ],
        "x-ms-routing-request-id": [
          "WESTUS2:20161104T222254Z:c2deec68-258b-483b-90c6-82a33f57f767"
        ],
        "Strict-Transport-Security": [
          "max-age=31536000; includeSubDomains"
        ],
        "Cache-Control": [
          "no-cache"
        ],
        "Date": [
          "Fri, 04 Nov 2016 22:22:54 GMT"
        ]
      },
      "StatusCode": 201
    },
    {
      "RequestUri": "/subscriptions/8fbd19e9-e8e0-4224-89f6-b1d5d86fb4c4/providers/Microsoft.Cdn/profiles?api-version=2016-10-02",
      "EncodedRequestUri": "L3N1YnNjcmlwdGlvbnMvOGZiZDE5ZTktZThlMC00MjI0LTg5ZjYtYjFkNWQ4NmZiNGM0L3Byb3ZpZGVycy9NaWNyb3NvZnQuQ2RuL3Byb2ZpbGVzP2FwaS12ZXJzaW9uPTIwMTYtMTAtMDI=",
      "RequestMethod": "GET",
      "RequestBody": "",
      "RequestHeaders": {
        "x-ms-client-request-id": [
          "cc85e53f-1ca7-4053-a808-42a9917eda28"
        ],
        "accept-language": [
          "en-US"
        ],
        "User-Agent": [
          "Microsoft.Azure.Management.Cdn.CdnManagementClient/2.0.0"
        ]
      },
      "ResponseBody": "{\r\n  \"value\": [\r\n    {\r\n      \"name\": \"onesdk8649\",\r\n      \"id\": \"/subscriptions/8fbd19e9-e8e0-4224-89f6-b1d5d86fb4c4/resourcegroups/onesdk5636/providers/Microsoft.Cdn/profiles/onesdk8649\",\r\n      \"type\": \"Microsoft.Cdn/profiles\",\r\n      \"tags\": {\r\n        \"tag2\": \"value2\",\r\n        \"tag1\": \"value1\"\r\n      },\r\n      \"location\": \"EastUs\",\r\n      \"sku\": {\r\n        \"name\": \"Standard_Akamai\"\r\n      },\r\n      \"properties\": {\r\n        \"provisioningState\": \"Succeeded\",\r\n        \"resourceState\": \"Active\"\r\n      }\r\n    },\r\n    {\r\n      \"name\": \"onesdk8958\",\r\n      \"id\": \"/subscriptions/8fbd19e9-e8e0-4224-89f6-b1d5d86fb4c4/resourcegroups/onesdk8738/providers/Microsoft.Cdn/profiles/onesdk8958\",\r\n      \"type\": \"Microsoft.Cdn/profiles\",\r\n      \"tags\": {\r\n        \"tag2\": \"value2\",\r\n        \"tag1\": \"value1\"\r\n      },\r\n      \"location\": \"EastUs\",\r\n      \"sku\": {\r\n        \"name\": \"Standard_Akamai\"\r\n      },\r\n      \"properties\": {\r\n        \"provisioningState\": \"Succeeded\",\r\n        \"resourceState\": \"Active\"\r\n      }\r\n    },\r\n    {\r\n      \"name\": \"onesdk1961\",\r\n      \"id\": \"/subscriptions/8fbd19e9-e8e0-4224-89f6-b1d5d86fb4c4/resourcegroups/onesdk5146/providers/Microsoft.Cdn/profiles/onesdk1961\",\r\n      \"type\": \"Microsoft.Cdn/profiles\",\r\n      \"tags\": {\r\n        \"tag2\": \"value2\",\r\n        \"tag1\": \"value1\"\r\n      },\r\n      \"location\": \"EastUs\",\r\n      \"sku\": {\r\n        \"name\": \"Standard_Akamai\"\r\n      },\r\n      \"properties\": {\r\n        \"provisioningState\": \"Succeeded\",\r\n        \"resourceState\": \"Active\"\r\n      }\r\n    }\r\n  ]\r\n}",
      "ResponseHeaders": {
        "Content-Length": [
          "1278"
        ],
        "Content-Type": [
          "application/json; odata.metadata=minimal; odata.streaming=true"
        ],
        "Expires": [
          "-1"
        ],
        "Pragma": [
          "no-cache"
        ],
        "x-ms-request-id": [
          "c2cac80c-83c6-4259-81fc-87888a263bf7"
        ],
        "x-ms-client-request-id": [
          "cc85e53f-1ca7-4053-a808-42a9917eda28"
        ],
        "OData-Version": [
          "4.0"
        ],
        "Strict-Transport-Security": [
          "max-age=31536000; includeSubDomains"
        ],
        "x-ms-ratelimit-remaining-subscription-reads": [
          "14981"
        ],
        "x-ms-correlation-request-id": [
          "b3ac0995-6c95-4146-954c-3151e00040db"
        ],
        "x-ms-routing-request-id": [
          "WESTUS2:20161104T222255Z:b3ac0995-6c95-4146-954c-3151e00040db"
        ],
        "Cache-Control": [
          "no-cache"
        ],
        "Date": [
          "Fri, 04 Nov 2016 22:22:54 GMT"
        ],
        "Server": [
          "Microsoft-IIS/8.5"
        ],
        "X-AspNet-Version": [
          "4.0.30319"
        ],
        "X-Powered-By": [
          "ASP.NET"
        ]
      },
      "StatusCode": 200
    },
    {
      "RequestUri": "/subscriptions/8fbd19e9-e8e0-4224-89f6-b1d5d86fb4c4/resourceGroups/onesdk1788/providers/Microsoft.Cdn/profiles/onesdk2397?api-version=2016-10-02",
      "EncodedRequestUri": "L3N1YnNjcmlwdGlvbnMvOGZiZDE5ZTktZThlMC00MjI0LTg5ZjYtYjFkNWQ4NmZiNGM0L3Jlc291cmNlR3JvdXBzL29uZXNkazE3ODgvcHJvdmlkZXJzL01pY3Jvc29mdC5DZG4vcHJvZmlsZXMvb25lc2RrMjM5Nz9hcGktdmVyc2lvbj0yMDE2LTEwLTAy",
      "RequestMethod": "PUT",
      "RequestBody": "{\r\n  \"sku\": {\r\n    \"name\": \"Standard_Verizon\"\r\n  },\r\n  \"location\": \"EastUS\"\r\n}",
      "RequestHeaders": {
        "Content-Type": [
          "application/json; charset=utf-8"
        ],
        "Content-Length": [
          "78"
        ],
        "x-ms-client-request-id": [
          "27a93933-808d-4341-a626-e1f1d16ac6cb"
        ],
        "accept-language": [
          "en-US"
        ],
        "User-Agent": [
          "Microsoft.Azure.Management.Cdn.CdnManagementClient/2.0.0"
        ]
      },
      "ResponseBody": "{\r\n  \"name\": \"onesdk2397\",\r\n  \"id\": \"/subscriptions/8fbd19e9-e8e0-4224-89f6-b1d5d86fb4c4/resourcegroups/onesdk1788/providers/Microsoft.Cdn/profiles/onesdk2397\",\r\n  \"type\": \"Microsoft.Cdn/profiles\",\r\n  \"tags\": {},\r\n  \"location\": \"EastUs\",\r\n  \"sku\": {\r\n    \"name\": \"Standard_Verizon\"\r\n  },\r\n  \"properties\": {\r\n    \"provisioningState\": \"Creating\",\r\n    \"resourceState\": \"Creating\"\r\n  }\r\n}",
      "ResponseHeaders": {
        "Content-Length": [
          "355"
        ],
        "Content-Type": [
          "application/json; odata.metadata=minimal"
        ],
        "Expires": [
          "-1"
        ],
        "Pragma": [
          "no-cache"
        ],
        "Retry-After": [
          "10"
        ],
        "x-ms-request-id": [
          "b8468ab2-c442-4eab-8500-23e1b67527e6"
        ],
        "x-ms-client-request-id": [
          "27a93933-808d-4341-a626-e1f1d16ac6cb"
        ],
        "Azure-AsyncOperation": [
          "https://management.azure.com/subscriptions/8fbd19e9-e8e0-4224-89f6-b1d5d86fb4c4/resourcegroups/onesdk1788/providers/Microsoft.Cdn/operationresults/5be2c018-e5b7-47d9-93db-db0bcfd2b2ea?api-version=2016-10-02"
        ],
        "OData-Version": [
          "4.0"
        ],
        "Strict-Transport-Security": [
          "max-age=31536000; includeSubDomains"
        ],
        "x-ms-ratelimit-remaining-subscription-writes": [
          "1194"
        ],
        "x-ms-correlation-request-id": [
          "9d66dda6-5364-4f1d-ad8b-eca1a4905a03"
        ],
        "x-ms-routing-request-id": [
          "WESTUS2:20161104T222257Z:9d66dda6-5364-4f1d-ad8b-eca1a4905a03"
        ],
        "Cache-Control": [
          "no-cache"
        ],
        "Date": [
          "Fri, 04 Nov 2016 22:22:56 GMT"
        ],
        "Server": [
          "Microsoft-IIS/8.5"
        ],
        "X-AspNet-Version": [
          "4.0.30319"
        ],
        "X-Powered-By": [
          "ASP.NET"
        ]
      },
      "StatusCode": 201
    },
    {
      "RequestUri": "/subscriptions/8fbd19e9-e8e0-4224-89f6-b1d5d86fb4c4/resourcegroups/onesdk1788/providers/Microsoft.Cdn/operationresults/5be2c018-e5b7-47d9-93db-db0bcfd2b2ea?api-version=2016-10-02",
      "EncodedRequestUri": "L3N1YnNjcmlwdGlvbnMvOGZiZDE5ZTktZThlMC00MjI0LTg5ZjYtYjFkNWQ4NmZiNGM0L3Jlc291cmNlZ3JvdXBzL29uZXNkazE3ODgvcHJvdmlkZXJzL01pY3Jvc29mdC5DZG4vb3BlcmF0aW9ucmVzdWx0cy81YmUyYzAxOC1lNWI3LTQ3ZDktOTNkYi1kYjBiY2ZkMmIyZWE/YXBpLXZlcnNpb249MjAxNi0xMC0wMg==",
      "RequestMethod": "GET",
      "RequestBody": "",
      "RequestHeaders": {
        "User-Agent": [
          "Microsoft.Azure.Management.Cdn.CdnManagementClient/2.0.0"
        ]
      },
      "ResponseBody": "{\r\n  \"status\": \"Succeeded\",\r\n  \"error\": {\r\n    \"code\": \"None\",\r\n    \"message\": null\r\n  }\r\n}",
      "ResponseHeaders": {
        "Content-Length": [
          "77"
        ],
        "Content-Type": [
          "application/json; odata.metadata=minimal; odata.streaming=true"
        ],
        "Expires": [
          "-1"
        ],
        "Pragma": [
          "no-cache"
        ],
        "x-ms-request-id": [
          "497ed3c6-2be2-480c-b802-61bdb05a38d6"
        ],
        "x-ms-client-request-id": [
          "d126db31-ffc6-42e6-ae07-eb3a634de3a8"
        ],
        "OData-Version": [
          "4.0"
        ],
        "Strict-Transport-Security": [
          "max-age=31536000; includeSubDomains"
        ],
        "x-ms-ratelimit-remaining-subscription-reads": [
          "14980"
        ],
        "x-ms-correlation-request-id": [
          "7f3300d0-30a7-41b0-9a3d-79a96f17d4ac"
        ],
        "x-ms-routing-request-id": [
          "WESTUS2:20161104T222327Z:7f3300d0-30a7-41b0-9a3d-79a96f17d4ac"
        ],
        "Cache-Control": [
          "no-cache"
        ],
        "Date": [
          "Fri, 04 Nov 2016 22:23:27 GMT"
        ],
        "Server": [
          "Microsoft-IIS/8.5"
        ],
        "X-AspNet-Version": [
          "4.0.30319"
        ],
        "X-Powered-By": [
          "ASP.NET"
        ]
      },
      "StatusCode": 200
    },
    {
      "RequestUri": "/subscriptions/8fbd19e9-e8e0-4224-89f6-b1d5d86fb4c4/resourceGroups/onesdk1788/providers/Microsoft.Cdn/profiles/onesdk2397?api-version=2016-10-02",
      "EncodedRequestUri": "L3N1YnNjcmlwdGlvbnMvOGZiZDE5ZTktZThlMC00MjI0LTg5ZjYtYjFkNWQ4NmZiNGM0L3Jlc291cmNlR3JvdXBzL29uZXNkazE3ODgvcHJvdmlkZXJzL01pY3Jvc29mdC5DZG4vcHJvZmlsZXMvb25lc2RrMjM5Nz9hcGktdmVyc2lvbj0yMDE2LTEwLTAy",
      "RequestMethod": "GET",
      "RequestBody": "",
      "RequestHeaders": {
        "User-Agent": [
          "Microsoft.Azure.Management.Cdn.CdnManagementClient/2.0.0"
        ]
      },
      "ResponseBody": "{\r\n  \"name\": \"onesdk2397\",\r\n  \"id\": \"/subscriptions/8fbd19e9-e8e0-4224-89f6-b1d5d86fb4c4/resourcegroups/onesdk1788/providers/Microsoft.Cdn/profiles/onesdk2397\",\r\n  \"type\": \"Microsoft.Cdn/profiles\",\r\n  \"tags\": {},\r\n  \"location\": \"EastUs\",\r\n  \"sku\": {\r\n    \"name\": \"Standard_Verizon\"\r\n  },\r\n  \"properties\": {\r\n    \"provisioningState\": \"Succeeded\",\r\n    \"resourceState\": \"Active\"\r\n  }\r\n}",
      "ResponseHeaders": {
        "Content-Length": [
          "354"
        ],
        "Content-Type": [
          "application/json; odata.metadata=minimal; odata.streaming=true"
        ],
        "Expires": [
          "-1"
        ],
        "Pragma": [
          "no-cache"
        ],
        "x-ms-request-id": [
          "fe8ad0d4-5fde-42ab-b158-3ffdceb2c81c"
        ],
        "x-ms-client-request-id": [
          "c4583cad-501e-44a9-ab07-9d463d419869"
        ],
        "OData-Version": [
          "4.0"
        ],
        "Strict-Transport-Security": [
          "max-age=31536000; includeSubDomains"
        ],
        "x-ms-ratelimit-remaining-subscription-reads": [
          "14979"
        ],
        "x-ms-correlation-request-id": [
          "75902e68-de39-4a18-982a-c49e0f272d30"
        ],
        "x-ms-routing-request-id": [
          "WESTUS2:20161104T222327Z:75902e68-de39-4a18-982a-c49e0f272d30"
        ],
        "Cache-Control": [
          "no-cache"
        ],
        "Date": [
          "Fri, 04 Nov 2016 22:23:27 GMT"
        ],
        "Server": [
          "Microsoft-IIS/8.5"
        ],
        "X-AspNet-Version": [
          "4.0.30319"
        ],
        "X-Powered-By": [
          "ASP.NET"
        ]
      },
      "StatusCode": 200
    },
    {
      "RequestUri": "/providers/Microsoft.Cdn/checkNameAvailability?api-version=2016-10-02",
      "EncodedRequestUri": "L3Byb3ZpZGVycy9NaWNyb3NvZnQuQ2RuL2NoZWNrTmFtZUF2YWlsYWJpbGl0eT9hcGktdmVyc2lvbj0yMDE2LTEwLTAy",
      "RequestMethod": "POST",
      "RequestBody": "{\r\n  \"name\": \"onesdk1711\",\r\n  \"type\": \"Microsoft.Cdn/Profiles/Endpoints\"\r\n}",
      "RequestHeaders": {
        "Content-Type": [
          "application/json; charset=utf-8"
        ],
        "Content-Length": [
          "75"
        ],
        "x-ms-client-request-id": [
          "8152656f-0c22-4863-9906-27d4aebe1858"
        ],
        "accept-language": [
          "en-US"
        ],
        "User-Agent": [
          "Microsoft.Azure.Management.Cdn.CdnManagementClient/2.0.0"
        ]
      },
      "ResponseBody": "{\r\n  \"NameAvailable\": true,\r\n  \"Reason\": null,\r\n  \"Message\": null\r\n}",
      "ResponseHeaders": {
        "Content-Length": [
          "51"
        ],
        "Content-Type": [
          "application/json; charset=utf-8"
        ],
        "Expires": [
          "-1"
        ],
        "Pragma": [
          "no-cache"
        ],
        "x-ms-request-id": [
          "7cc0ef29-1e26-40d9-b71e-f005a54676ef"
        ],
        "x-ms-client-request-id": [
          "8152656f-0c22-4863-9906-27d4aebe1858"
        ],
        "Strict-Transport-Security": [
          "max-age=31536000; includeSubDomains"
        ],
        "x-ms-ratelimit-remaining-tenant-writes": [
          "1199"
        ],
        "x-ms-correlation-request-id": [
          "fc0b7569-769d-4873-ba71-eb59294c450b"
        ],
        "x-ms-routing-request-id": [
          "WESTUS2:20161104T222329Z:fc0b7569-769d-4873-ba71-eb59294c450b"
        ],
        "Cache-Control": [
          "no-cache"
        ],
        "Date": [
          "Fri, 04 Nov 2016 22:23:28 GMT"
        ],
        "Server": [
          "Microsoft-IIS/8.5"
        ],
        "X-AspNet-Version": [
          "4.0.30319"
        ],
        "X-Powered-By": [
          "ASP.NET"
        ]
      },
      "StatusCode": 200
    },
    {
      "RequestUri": "/subscriptions/8fbd19e9-e8e0-4224-89f6-b1d5d86fb4c4/resourceGroups/onesdk1788/providers/Microsoft.Cdn/profiles/onesdk2397/endpoints/onesdk1711?api-version=2016-10-02",
      "EncodedRequestUri": "L3N1YnNjcmlwdGlvbnMvOGZiZDE5ZTktZThlMC00MjI0LTg5ZjYtYjFkNWQ4NmZiNGM0L3Jlc291cmNlR3JvdXBzL29uZXNkazE3ODgvcHJvdmlkZXJzL01pY3Jvc29mdC5DZG4vcHJvZmlsZXMvb25lc2RrMjM5Ny9lbmRwb2ludHMvb25lc2RrMTcxMT9hcGktdmVyc2lvbj0yMDE2LTEwLTAy",
      "RequestMethod": "PUT",
      "RequestBody": "{\r\n  \"properties\": {\r\n    \"origins\": [\r\n      {\r\n        \"name\": \"onesdk2002\",\r\n        \"properties\": {\r\n          \"hostName\": \"www.microsoft.com\",\r\n          \"httpPort\": 80\r\n        }\r\n      }\r\n    ]\r\n  },\r\n  \"location\": \"EastUS\"\r\n}",
      "RequestHeaders": {
        "Content-Type": [
          "application/json; charset=utf-8"
        ],
        "Content-Length": [
          "233"
        ],
        "x-ms-client-request-id": [
          "c3e487c2-b59b-4bd2-b0d7-4f09dbb11b9b"
        ],
        "accept-language": [
          "en-US"
        ],
        "User-Agent": [
          "Microsoft.Azure.Management.Cdn.CdnManagementClient/2.0.0"
        ]
      },
      "ResponseBody": "{\r\n  \"name\": \"onesdk1711\",\r\n  \"id\": \"/subscriptions/8fbd19e9-e8e0-4224-89f6-b1d5d86fb4c4/resourcegroups/onesdk1788/providers/Microsoft.Cdn/profiles/onesdk2397/endpoints/onesdk1711\",\r\n  \"type\": \"Microsoft.Cdn/profiles/endpoints\",\r\n  \"tags\": {},\r\n  \"location\": \"EastUs\",\r\n  \"properties\": {\r\n    \"hostName\": \"onesdk1711.azureedge.net\",\r\n    \"originHostHeader\": null,\r\n    \"provisioningState\": \"Creating\",\r\n    \"resourceState\": \"Creating\",\r\n    \"isHttpAllowed\": true,\r\n    \"isHttpsAllowed\": true,\r\n    \"queryStringCachingBehavior\": \"IgnoreQueryString\",\r\n    \"originPath\": null,\r\n    \"origins\": [\r\n      {\r\n        \"name\": \"onesdk2002\",\r\n        \"properties\": {\r\n          \"hostName\": \"www.microsoft.com\",\r\n          \"httpPort\": 80,\r\n          \"httpsPort\": null\r\n        }\r\n      }\r\n    ],\r\n    \"customDomains\": [],\r\n    \"contentTypesToCompress\": [],\r\n    \"isCompressionEnabled\": false,\r\n    \"optimizationType\": null,\r\n    \"geoFilters\": []\r\n  }\r\n}",
      "ResponseHeaders": {
        "Content-Length": [
          "837"
        ],
        "Content-Type": [
          "application/json; odata.metadata=minimal"
        ],
        "Expires": [
          "-1"
        ],
        "Pragma": [
          "no-cache"
        ],
        "Retry-After": [
          "10"
        ],
        "x-ms-request-id": [
          "791aee13-964b-4b68-bfe6-2a079337a0b5"
        ],
        "x-ms-client-request-id": [
          "c3e487c2-b59b-4bd2-b0d7-4f09dbb11b9b"
        ],
        "Azure-AsyncOperation": [
          "https://management.azure.com/subscriptions/8fbd19e9-e8e0-4224-89f6-b1d5d86fb4c4/resourcegroups/onesdk1788/providers/Microsoft.Cdn/operationresults/adbf6bb6-ff34-4bcc-b508-74da4c9579bf?api-version=2016-10-02"
        ],
        "OData-Version": [
          "4.0"
        ],
        "Strict-Transport-Security": [
          "max-age=31536000; includeSubDomains"
        ],
        "x-ms-ratelimit-remaining-subscription-writes": [
          "1193"
        ],
        "x-ms-correlation-request-id": [
          "15e1163a-4605-4fc1-ac99-a7eafad7f3b0"
        ],
        "x-ms-routing-request-id": [
          "WESTUS2:20161104T222331Z:15e1163a-4605-4fc1-ac99-a7eafad7f3b0"
        ],
        "Cache-Control": [
          "no-cache"
        ],
        "Date": [
          "Fri, 04 Nov 2016 22:23:31 GMT"
        ],
        "Server": [
          "Microsoft-IIS/8.5"
        ],
        "X-AspNet-Version": [
          "4.0.30319"
        ],
        "X-Powered-By": [
          "ASP.NET"
        ]
      },
      "StatusCode": 201
    },
    {
      "RequestUri": "/subscriptions/8fbd19e9-e8e0-4224-89f6-b1d5d86fb4c4/resourcegroups/onesdk1788/providers/Microsoft.Cdn/operationresults/adbf6bb6-ff34-4bcc-b508-74da4c9579bf?api-version=2016-10-02",
      "EncodedRequestUri": "L3N1YnNjcmlwdGlvbnMvOGZiZDE5ZTktZThlMC00MjI0LTg5ZjYtYjFkNWQ4NmZiNGM0L3Jlc291cmNlZ3JvdXBzL29uZXNkazE3ODgvcHJvdmlkZXJzL01pY3Jvc29mdC5DZG4vb3BlcmF0aW9ucmVzdWx0cy9hZGJmNmJiNi1mZjM0LTRiY2MtYjUwOC03NGRhNGM5NTc5YmY/YXBpLXZlcnNpb249MjAxNi0xMC0wMg==",
      "RequestMethod": "GET",
      "RequestBody": "",
      "RequestHeaders": {
        "User-Agent": [
          "Microsoft.Azure.Management.Cdn.CdnManagementClient/2.0.0"
        ]
      },
      "ResponseBody": "{\r\n  \"status\": \"Succeeded\",\r\n  \"error\": {\r\n    \"code\": \"None\",\r\n    \"message\": null\r\n  }\r\n}",
      "ResponseHeaders": {
        "Content-Length": [
          "77"
        ],
        "Content-Type": [
          "application/json; odata.metadata=minimal; odata.streaming=true"
        ],
        "Expires": [
          "-1"
        ],
        "Pragma": [
          "no-cache"
        ],
        "x-ms-request-id": [
          "69ede4d6-2b78-4bd4-9be9-c46ccef74b29"
        ],
        "x-ms-client-request-id": [
          "cadeb9f5-d39b-419c-9287-a35d1d073004"
        ],
        "OData-Version": [
          "4.0"
        ],
        "Strict-Transport-Security": [
          "max-age=31536000; includeSubDomains"
        ],
        "x-ms-ratelimit-remaining-subscription-reads": [
          "14978"
        ],
        "x-ms-correlation-request-id": [
          "6138a4d4-365b-4e0b-8ae4-672d0c48f438"
        ],
        "x-ms-routing-request-id": [
          "WESTUS2:20161104T222402Z:6138a4d4-365b-4e0b-8ae4-672d0c48f438"
        ],
        "Cache-Control": [
          "no-cache"
        ],
        "Date": [
          "Fri, 04 Nov 2016 22:24:01 GMT"
        ],
        "Server": [
          "Microsoft-IIS/8.5"
        ],
        "X-AspNet-Version": [
          "4.0.30319"
        ],
        "X-Powered-By": [
          "ASP.NET"
        ]
      },
      "StatusCode": 200
    },
    {
      "RequestUri": "/subscriptions/8fbd19e9-e8e0-4224-89f6-b1d5d86fb4c4/resourceGroups/onesdk1788/providers/Microsoft.Cdn/profiles/onesdk2397/endpoints/onesdk1711?api-version=2016-10-02",
      "EncodedRequestUri": "L3N1YnNjcmlwdGlvbnMvOGZiZDE5ZTktZThlMC00MjI0LTg5ZjYtYjFkNWQ4NmZiNGM0L3Jlc291cmNlR3JvdXBzL29uZXNkazE3ODgvcHJvdmlkZXJzL01pY3Jvc29mdC5DZG4vcHJvZmlsZXMvb25lc2RrMjM5Ny9lbmRwb2ludHMvb25lc2RrMTcxMT9hcGktdmVyc2lvbj0yMDE2LTEwLTAy",
      "RequestMethod": "GET",
      "RequestBody": "",
      "RequestHeaders": {
        "User-Agent": [
          "Microsoft.Azure.Management.Cdn.CdnManagementClient/2.0.0"
        ]
      },
      "ResponseBody": "{\r\n  \"name\": \"onesdk1711\",\r\n  \"id\": \"/subscriptions/8fbd19e9-e8e0-4224-89f6-b1d5d86fb4c4/resourcegroups/onesdk1788/providers/Microsoft.Cdn/profiles/onesdk2397/endpoints/onesdk1711\",\r\n  \"type\": \"Microsoft.Cdn/profiles/endpoints\",\r\n  \"tags\": {},\r\n  \"location\": \"EastUs\",\r\n  \"properties\": {\r\n    \"hostName\": \"onesdk1711.azureedge.net\",\r\n    \"originHostHeader\": null,\r\n    \"provisioningState\": \"Succeeded\",\r\n    \"resourceState\": \"Running\",\r\n    \"isHttpAllowed\": true,\r\n    \"isHttpsAllowed\": true,\r\n    \"queryStringCachingBehavior\": \"IgnoreQueryString\",\r\n    \"originPath\": null,\r\n    \"origins\": [\r\n      {\r\n        \"name\": \"onesdk2002\",\r\n        \"properties\": {\r\n          \"hostName\": \"www.microsoft.com\",\r\n          \"httpPort\": 80,\r\n          \"httpsPort\": null\r\n        }\r\n      }\r\n    ],\r\n    \"customDomains\": [],\r\n    \"contentTypesToCompress\": [],\r\n    \"isCompressionEnabled\": false,\r\n    \"optimizationType\": null,\r\n    \"geoFilters\": []\r\n  }\r\n}",
      "ResponseHeaders": {
        "Content-Length": [
          "837"
        ],
        "Content-Type": [
          "application/json; odata.metadata=minimal; odata.streaming=true"
        ],
        "Expires": [
          "-1"
        ],
        "Pragma": [
          "no-cache"
        ],
        "x-ms-request-id": [
          "098ba1fb-2c31-4d41-82db-ca0cfc322413"
        ],
        "x-ms-client-request-id": [
          "262e0e69-ce5c-4fb4-ba95-6cc82460f6c6"
        ],
        "OData-Version": [
          "4.0"
        ],
        "Strict-Transport-Security": [
          "max-age=31536000; includeSubDomains"
        ],
        "x-ms-ratelimit-remaining-subscription-reads": [
          "14977"
        ],
        "x-ms-correlation-request-id": [
          "0d73e4d2-385e-43b1-9214-f6e774ac5b3a"
        ],
        "x-ms-routing-request-id": [
          "WESTUS2:20161104T222402Z:0d73e4d2-385e-43b1-9214-f6e774ac5b3a"
        ],
        "Cache-Control": [
          "no-cache"
        ],
        "Date": [
          "Fri, 04 Nov 2016 22:24:02 GMT"
        ],
        "Server": [
          "Microsoft-IIS/8.5"
        ],
        "X-AspNet-Version": [
          "4.0.30319"
        ],
        "X-Powered-By": [
          "ASP.NET"
        ]
      },
      "StatusCode": 200
    },
    {
      "RequestUri": "/subscriptions/8fbd19e9-e8e0-4224-89f6-b1d5d86fb4c4/resourceGroups/onesdk1788/providers/Microsoft.Cdn/profiles/onesdk2397/endpoints/onesdk1711/stop?api-version=2016-10-02",
      "EncodedRequestUri": "L3N1YnNjcmlwdGlvbnMvOGZiZDE5ZTktZThlMC00MjI0LTg5ZjYtYjFkNWQ4NmZiNGM0L3Jlc291cmNlR3JvdXBzL29uZXNkazE3ODgvcHJvdmlkZXJzL01pY3Jvc29mdC5DZG4vcHJvZmlsZXMvb25lc2RrMjM5Ny9lbmRwb2ludHMvb25lc2RrMTcxMS9zdG9wP2FwaS12ZXJzaW9uPTIwMTYtMTAtMDI=",
      "RequestMethod": "POST",
      "RequestBody": "",
      "RequestHeaders": {
        "x-ms-client-request-id": [
          "790e218c-6090-45f1-9819-302205315719"
        ],
        "accept-language": [
          "en-US"
        ],
        "User-Agent": [
          "Microsoft.Azure.Management.Cdn.CdnManagementClient/2.0.0"
        ]
      },
      "ResponseBody": "{\r\n  \"hostName\": \"onesdk1711.azureedge.net\",\r\n  \"originHostHeader\": null,\r\n  \"provisioningState\": \"Succeeded\",\r\n  \"resourceState\": \"Stopping\",\r\n  \"isHttpAllowed\": true,\r\n  \"isHttpsAllowed\": true,\r\n  \"queryStringCachingBehavior\": \"IgnoreQueryString\",\r\n  \"originPath\": null,\r\n  \"origins\": [\r\n    {\r\n      \"name\": \"onesdk2002\",\r\n      \"properties\": {\r\n        \"hostName\": \"www.microsoft.com\",\r\n        \"httpPort\": 80,\r\n        \"httpsPort\": null\r\n      }\r\n    }\r\n  ],\r\n  \"customDomains\": [],\r\n  \"contentTypesToCompress\": [],\r\n  \"isCompressionEnabled\": false,\r\n  \"optimizationType\": null,\r\n  \"geoFilters\": []\r\n}",
      "ResponseHeaders": {
        "Content-Length": [
          "537"
        ],
        "Content-Type": [
          "application/json; odata.metadata=minimal; odata.streaming=true"
        ],
        "Expires": [
          "-1"
        ],
        "Pragma": [
          "no-cache"
        ],
        "Retry-After": [
          "10"
        ],
        "x-ms-request-id": [
          "23e0b4d2-a48f-40b1-88e2-470ad349f7b7"
        ],
        "x-ms-client-request-id": [
          "790e218c-6090-45f1-9819-302205315719"
        ],
        "Azure-AsyncOperation": [
          "https://management.azure.com/subscriptions/8fbd19e9-e8e0-4224-89f6-b1d5d86fb4c4/resourcegroups/onesdk1788/providers/Microsoft.Cdn/operationresults/c94dd597-65a4-427d-b0ac-d2b600361207?api-version=2016-10-02"
        ],
        "OData-Version": [
          "4.0"
        ],
        "Strict-Transport-Security": [
          "max-age=31536000; includeSubDomains"
        ],
        "x-ms-ratelimit-remaining-subscription-writes": [
          "1192"
        ],
        "x-ms-correlation-request-id": [
          "86846cab-3d5c-41b6-bf35-8af7d79fe4a8"
        ],
        "x-ms-routing-request-id": [
          "WESTUS2:20161104T222402Z:86846cab-3d5c-41b6-bf35-8af7d79fe4a8"
        ],
        "Cache-Control": [
          "no-cache"
        ],
        "Date": [
          "Fri, 04 Nov 2016 22:24:02 GMT"
        ],
        "Location": [
          "https://management.azure.com/subscriptions/8fbd19e9-e8e0-4224-89f6-b1d5d86fb4c4/resourcegroups/onesdk1788/providers/Microsoft.Cdn/operationresults/c94dd597-65a4-427d-b0ac-d2b600361207/profileresults/onesdk2397/endpointresults/onesdk1711?api-version=2016-10-02"
        ],
        "Server": [
          "Microsoft-IIS/8.5"
        ],
        "X-AspNet-Version": [
          "4.0.30319"
        ],
        "X-Powered-By": [
          "ASP.NET"
        ]
      },
      "StatusCode": 202
    },
    {
      "RequestUri": "/subscriptions/8fbd19e9-e8e0-4224-89f6-b1d5d86fb4c4/resourcegroups/onesdk1788/providers/Microsoft.Cdn/operationresults/c94dd597-65a4-427d-b0ac-d2b600361207?api-version=2016-10-02",
      "EncodedRequestUri": "L3N1YnNjcmlwdGlvbnMvOGZiZDE5ZTktZThlMC00MjI0LTg5ZjYtYjFkNWQ4NmZiNGM0L3Jlc291cmNlZ3JvdXBzL29uZXNkazE3ODgvcHJvdmlkZXJzL01pY3Jvc29mdC5DZG4vb3BlcmF0aW9ucmVzdWx0cy9jOTRkZDU5Ny02NWE0LTQyN2QtYjBhYy1kMmI2MDAzNjEyMDc/YXBpLXZlcnNpb249MjAxNi0xMC0wMg==",
      "RequestMethod": "GET",
      "RequestBody": "",
      "RequestHeaders": {
        "User-Agent": [
          "Microsoft.Azure.Management.Cdn.CdnManagementClient/2.0.0"
        ]
      },
      "ResponseBody": "{\r\n  \"status\": \"Succeeded\",\r\n  \"error\": {\r\n    \"code\": \"None\",\r\n    \"message\": null\r\n  }\r\n}",
      "ResponseHeaders": {
        "Content-Length": [
          "77"
        ],
        "Content-Type": [
          "application/json; odata.metadata=minimal; odata.streaming=true"
        ],
        "Expires": [
          "-1"
        ],
        "Pragma": [
          "no-cache"
        ],
        "x-ms-request-id": [
          "e80a20bd-d9e1-4b07-8f29-cba0fb52cf6c"
        ],
        "x-ms-client-request-id": [
          "e9e4fa37-6fb2-4e3f-ad48-baa335be4da5"
        ],
        "OData-Version": [
          "4.0"
        ],
        "Strict-Transport-Security": [
          "max-age=31536000; includeSubDomains"
        ],
        "x-ms-ratelimit-remaining-subscription-reads": [
          "14975"
        ],
        "x-ms-correlation-request-id": [
          "e843ab00-9a11-47ce-b282-61e1bdc30020"
        ],
        "x-ms-routing-request-id": [
          "WESTUS2:20161104T222433Z:e843ab00-9a11-47ce-b282-61e1bdc30020"
        ],
        "Cache-Control": [
          "no-cache"
        ],
        "Date": [
          "Fri, 04 Nov 2016 22:24:32 GMT"
        ],
        "Server": [
          "Microsoft-IIS/8.5"
        ],
        "X-AspNet-Version": [
          "4.0.30319"
        ],
        "X-Powered-By": [
          "ASP.NET"
        ]
      },
      "StatusCode": 200
    },
    {
      "RequestUri": "/subscriptions/8fbd19e9-e8e0-4224-89f6-b1d5d86fb4c4/resourceGroups/onesdk1788/providers/Microsoft.Cdn/profiles/onesdk2397/endpoints/onesdk1711/origins/onesdk2002?api-version=2016-10-02",
      "EncodedRequestUri": "L3N1YnNjcmlwdGlvbnMvOGZiZDE5ZTktZThlMC00MjI0LTg5ZjYtYjFkNWQ4NmZiNGM0L3Jlc291cmNlR3JvdXBzL29uZXNkazE3ODgvcHJvdmlkZXJzL01pY3Jvc29mdC5DZG4vcHJvZmlsZXMvb25lc2RrMjM5Ny9lbmRwb2ludHMvb25lc2RrMTcxMS9vcmlnaW5zL29uZXNkazIwMDI/YXBpLXZlcnNpb249MjAxNi0xMC0wMg==",
      "RequestMethod": "GET",
      "RequestBody": "",
      "RequestHeaders": {
        "x-ms-client-request-id": [
          "542a6fc8-41c9-46c0-bb8f-4169a96f1ad1"
        ],
        "accept-language": [
          "en-US"
        ],
        "User-Agent": [
          "Microsoft.Azure.Management.Cdn.CdnManagementClient/2.0.0"
        ]
      },
      "ResponseBody": "{\r\n  \"name\": \"onesdk2002\",\r\n  \"id\": \"/subscriptions/8fbd19e9-e8e0-4224-89f6-b1d5d86fb4c4/resourcegroups/onesdk1788/providers/Microsoft.Cdn/profiles/onesdk2397/endpoints/onesdk1711/origins/onesdk2002\",\r\n  \"type\": \"Microsoft.Cdn/profiles/endpoints/origins\",\r\n  \"properties\": {\r\n    \"provisioningState\": \"Succeeded\",\r\n    \"resourceState\": \"Active\",\r\n    \"hostName\": \"www.microsoft.com\",\r\n    \"httpPort\": 80,\r\n    \"httpsPort\": null\r\n  }\r\n}",
      "ResponseHeaders": {
        "Content-Length": [
          "390"
        ],
        "Content-Type": [
          "application/json; odata.metadata=minimal; odata.streaming=true"
        ],
        "Expires": [
          "-1"
        ],
        "Pragma": [
          "no-cache"
        ],
        "x-ms-request-id": [
          "657fc55f-16c6-4e6a-9e7c-c90d93e63f3e"
        ],
        "x-ms-client-request-id": [
          "542a6fc8-41c9-46c0-bb8f-4169a96f1ad1"
        ],
        "OData-Version": [
          "4.0"
        ],
        "Strict-Transport-Security": [
          "max-age=31536000; includeSubDomains"
        ],
        "x-ms-ratelimit-remaining-subscription-reads": [
          "14974"
        ],
        "x-ms-correlation-request-id": [
          "8f76c187-bb2c-4183-94e7-6d870c773b49"
        ],
        "x-ms-routing-request-id": [
          "WESTUS2:20161104T222433Z:8f76c187-bb2c-4183-94e7-6d870c773b49"
        ],
        "Cache-Control": [
          "no-cache"
        ],
        "Date": [
          "Fri, 04 Nov 2016 22:24:32 GMT"
        ],
        "Server": [
          "Microsoft-IIS/8.5"
        ],
        "X-AspNet-Version": [
          "4.0.30319"
        ],
        "X-Powered-By": [
          "ASP.NET"
        ]
      },
      "StatusCode": 200
    },
    {
      "RequestUri": "/subscriptions/8fbd19e9-e8e0-4224-89f6-b1d5d86fb4c4/resourceGroups/onesdk1788/providers/Microsoft.Cdn/profiles/onesdk2397/endpoints/onesdk1711/origins/onesdk2002?api-version=2016-10-02",
      "EncodedRequestUri": "L3N1YnNjcmlwdGlvbnMvOGZiZDE5ZTktZThlMC00MjI0LTg5ZjYtYjFkNWQ4NmZiNGM0L3Jlc291cmNlR3JvdXBzL29uZXNkazE3ODgvcHJvdmlkZXJzL01pY3Jvc29mdC5DZG4vcHJvZmlsZXMvb25lc2RrMjM5Ny9lbmRwb2ludHMvb25lc2RrMTcxMS9vcmlnaW5zL29uZXNkazIwMDI/YXBpLXZlcnNpb249MjAxNi0xMC0wMg==",
      "RequestMethod": "PATCH",
      "RequestBody": "{\r\n  \"properties\": {\r\n    \"hostName\": \"www.azure.com\",\r\n    \"httpPort\": 789,\r\n    \"httpsPort\": 456\r\n  }\r\n}",
      "RequestHeaders": {
        "Content-Type": [
          "application/json; charset=utf-8"
        ],
        "Content-Length": [
          "106"
        ],
        "x-ms-client-request-id": [
          "a4622c80-9f8d-47f3-9116-5617be8f4ef5"
        ],
        "accept-language": [
          "en-US"
        ],
        "User-Agent": [
          "Microsoft.Azure.Management.Cdn.CdnManagementClient/2.0.0"
        ]
      },
      "ResponseBody": "{\r\n  \"name\": \"onesdk2002\",\r\n  \"id\": \"/subscriptions/8fbd19e9-e8e0-4224-89f6-b1d5d86fb4c4/resourcegroups/onesdk1788/providers/Microsoft.Cdn/profiles/onesdk2397/endpoints/onesdk1711/origins/onesdk2002\",\r\n  \"type\": \"Microsoft.Cdn/profiles/endpoints/origins\",\r\n  \"properties\": {\r\n    \"provisioningState\": \"Succeeded\",\r\n    \"resourceState\": \"Active\",\r\n    \"hostName\": \"www.azure.com\",\r\n    \"httpPort\": 789,\r\n    \"httpsPort\": 456\r\n  }\r\n}",
      "ResponseHeaders": {
        "Content-Length": [
          "386"
        ],
        "Content-Type": [
          "application/json; odata.metadata=minimal"
        ],
        "Expires": [
          "-1"
        ],
        "Pragma": [
          "no-cache"
        ],
        "x-ms-request-id": [
          "572fc899-63ac-48c4-afa0-3c7ee1d7e82c"
        ],
        "x-ms-client-request-id": [
          "a4622c80-9f8d-47f3-9116-5617be8f4ef5"
        ],
        "OData-Version": [
          "4.0"
        ],
        "Strict-Transport-Security": [
          "max-age=31536000; includeSubDomains"
        ],
        "x-ms-ratelimit-remaining-subscription-writes": [
          "1191"
        ],
        "x-ms-correlation-request-id": [
          "5f5c5f77-3b5e-4acc-92d3-d4f7ed5e4159"
        ],
        "x-ms-routing-request-id": [
          "WESTUS2:20161104T222434Z:5f5c5f77-3b5e-4acc-92d3-d4f7ed5e4159"
        ],
        "Cache-Control": [
          "no-cache"
        ],
        "Date": [
          "Fri, 04 Nov 2016 22:24:33 GMT"
        ],
        "Server": [
          "Microsoft-IIS/8.5"
        ],
        "X-AspNet-Version": [
          "4.0.30319"
        ],
        "X-Powered-By": [
          "ASP.NET"
        ]
      },
      "StatusCode": 200
    },
    {
      "RequestUri": "/subscriptions/8fbd19e9-e8e0-4224-89f6-b1d5d86fb4c4/resourcegroups/onesdk1788?api-version=2016-02-01",
      "EncodedRequestUri": "L3N1YnNjcmlwdGlvbnMvOGZiZDE5ZTktZThlMC00MjI0LTg5ZjYtYjFkNWQ4NmZiNGM0L3Jlc291cmNlZ3JvdXBzL29uZXNkazE3ODg/YXBpLXZlcnNpb249MjAxNi0wMi0wMQ==",
      "RequestMethod": "DELETE",
      "RequestBody": "",
      "RequestHeaders": {
        "User-Agent": [
          "Microsoft.Azure.Management.Resources.ResourceManagementClient/2.0.0.0"
        ]
      },
      "ResponseBody": "",
      "ResponseHeaders": {
        "Content-Length": [
          "0"
        ],
        "Expires": [
          "-1"
        ],
        "Pragma": [
          "no-cache"
        ],
        "Retry-After": [
          "15"
        ],
        "x-ms-ratelimit-remaining-subscription-writes": [
          "1198"
        ],
        "x-ms-request-id": [
          "ba33d644-6617-44fc-8d47-40f9b229670e"
        ],
        "x-ms-correlation-request-id": [
          "ba33d644-6617-44fc-8d47-40f9b229670e"
        ],
        "x-ms-routing-request-id": [
          "WESTUS2:20161104T222435Z:ba33d644-6617-44fc-8d47-40f9b229670e"
        ],
        "Strict-Transport-Security": [
          "max-age=31536000; includeSubDomains"
        ],
        "Cache-Control": [
          "no-cache"
        ],
        "Date": [
          "Fri, 04 Nov 2016 22:24:34 GMT"
        ],
        "Location": [
          "https://management.azure.com/subscriptions/8fbd19e9-e8e0-4224-89f6-b1d5d86fb4c4/operationresults/eyJqb2JJZCI6IlJFU09VUkNFR1JPVVBERUxFVElPTkpPQi1PTkVTREsxNzg4LVdFU1RVUyIsImpvYkxvY2F0aW9uIjoid2VzdHVzIn0?api-version=2016-02-01"
        ]
      },
      "StatusCode": 202
    },
    {
      "RequestUri": "/subscriptions/8fbd19e9-e8e0-4224-89f6-b1d5d86fb4c4/operationresults/eyJqb2JJZCI6IlJFU09VUkNFR1JPVVBERUxFVElPTkpPQi1PTkVTREsxNzg4LVdFU1RVUyIsImpvYkxvY2F0aW9uIjoid2VzdHVzIn0?api-version=2016-02-01",
      "EncodedRequestUri": "L3N1YnNjcmlwdGlvbnMvOGZiZDE5ZTktZThlMC00MjI0LTg5ZjYtYjFkNWQ4NmZiNGM0L29wZXJhdGlvbnJlc3VsdHMvZXlKcWIySkpaQ0k2SWxKRlUwOVZVa05GUjFKUFZWQkVSVXhGVkVsUFRrcFBRaTFQVGtWVFJFc3hOemc0TFZkRlUxUlZVeUlzSW1wdllreHZZMkYwYVc5dUlqb2lkMlZ6ZEhWekluMD9hcGktdmVyc2lvbj0yMDE2LTAyLTAx",
      "RequestMethod": "GET",
      "RequestBody": "",
      "RequestHeaders": {
        "x-ms-version": [
          "2016-02-01"
        ],
        "User-Agent": [
          "Microsoft.Azure.Management.Resources.ResourceManagementClient/2.0.0.0"
        ]
      },
      "ResponseBody": "",
      "ResponseHeaders": {
        "Content-Length": [
          "0"
        ],
        "Expires": [
          "-1"
        ],
        "Pragma": [
          "no-cache"
        ],
        "Retry-After": [
          "15"
        ],
        "x-ms-ratelimit-remaining-subscription-reads": [
          "14997"
        ],
        "x-ms-request-id": [
          "fb315668-4c38-4605-893d-d46971ce6aaf"
        ],
        "x-ms-correlation-request-id": [
          "fb315668-4c38-4605-893d-d46971ce6aaf"
        ],
        "x-ms-routing-request-id": [
          "WESTUS2:20161104T222435Z:fb315668-4c38-4605-893d-d46971ce6aaf"
        ],
        "Strict-Transport-Security": [
          "max-age=31536000; includeSubDomains"
        ],
        "Cache-Control": [
          "no-cache"
        ],
        "Date": [
          "Fri, 04 Nov 2016 22:24:34 GMT"
        ],
        "Location": [
          "https://management.azure.com/subscriptions/8fbd19e9-e8e0-4224-89f6-b1d5d86fb4c4/operationresults/eyJqb2JJZCI6IlJFU09VUkNFR1JPVVBERUxFVElPTkpPQi1PTkVTREsxNzg4LVdFU1RVUyIsImpvYkxvY2F0aW9uIjoid2VzdHVzIn0?api-version=2016-02-01"
        ]
      },
      "StatusCode": 202
    },
    {
      "RequestUri": "/subscriptions/8fbd19e9-e8e0-4224-89f6-b1d5d86fb4c4/operationresults/eyJqb2JJZCI6IlJFU09VUkNFR1JPVVBERUxFVElPTkpPQi1PTkVTREsxNzg4LVdFU1RVUyIsImpvYkxvY2F0aW9uIjoid2VzdHVzIn0?api-version=2016-02-01",
      "EncodedRequestUri": "L3N1YnNjcmlwdGlvbnMvOGZiZDE5ZTktZThlMC00MjI0LTg5ZjYtYjFkNWQ4NmZiNGM0L29wZXJhdGlvbnJlc3VsdHMvZXlKcWIySkpaQ0k2SWxKRlUwOVZVa05GUjFKUFZWQkVSVXhGVkVsUFRrcFBRaTFQVGtWVFJFc3hOemc0TFZkRlUxUlZVeUlzSW1wdllreHZZMkYwYVc5dUlqb2lkMlZ6ZEhWekluMD9hcGktdmVyc2lvbj0yMDE2LTAyLTAx",
      "RequestMethod": "GET",
      "RequestBody": "",
      "RequestHeaders": {
        "x-ms-version": [
          "2016-02-01"
        ],
        "User-Agent": [
          "Microsoft.Azure.Management.Resources.ResourceManagementClient/2.0.0.0"
        ]
      },
      "ResponseBody": "",
      "ResponseHeaders": {
        "Content-Length": [
          "0"
        ],
        "Expires": [
          "-1"
        ],
        "Pragma": [
          "no-cache"
        ],
        "Retry-After": [
          "15"
        ],
        "x-ms-ratelimit-remaining-subscription-reads": [
          "14996"
        ],
        "x-ms-request-id": [
          "6d2e60cb-a907-419c-aa97-d3bc38bc6d61"
        ],
        "x-ms-correlation-request-id": [
          "6d2e60cb-a907-419c-aa97-d3bc38bc6d61"
        ],
        "x-ms-routing-request-id": [
          "WESTUS2:20161104T222450Z:6d2e60cb-a907-419c-aa97-d3bc38bc6d61"
        ],
        "Strict-Transport-Security": [
          "max-age=31536000; includeSubDomains"
        ],
        "Cache-Control": [
          "no-cache"
        ],
        "Date": [
          "Fri, 04 Nov 2016 22:24:49 GMT"
        ],
        "Location": [
          "https://management.azure.com/subscriptions/8fbd19e9-e8e0-4224-89f6-b1d5d86fb4c4/operationresults/eyJqb2JJZCI6IlJFU09VUkNFR1JPVVBERUxFVElPTkpPQi1PTkVTREsxNzg4LVdFU1RVUyIsImpvYkxvY2F0aW9uIjoid2VzdHVzIn0?api-version=2016-02-01"
        ]
      },
      "StatusCode": 202
    },
    {
      "RequestUri": "/subscriptions/8fbd19e9-e8e0-4224-89f6-b1d5d86fb4c4/operationresults/eyJqb2JJZCI6IlJFU09VUkNFR1JPVVBERUxFVElPTkpPQi1PTkVTREsxNzg4LVdFU1RVUyIsImpvYkxvY2F0aW9uIjoid2VzdHVzIn0?api-version=2016-02-01",
      "EncodedRequestUri": "L3N1YnNjcmlwdGlvbnMvOGZiZDE5ZTktZThlMC00MjI0LTg5ZjYtYjFkNWQ4NmZiNGM0L29wZXJhdGlvbnJlc3VsdHMvZXlKcWIySkpaQ0k2SWxKRlUwOVZVa05GUjFKUFZWQkVSVXhGVkVsUFRrcFBRaTFQVGtWVFJFc3hOemc0TFZkRlUxUlZVeUlzSW1wdllreHZZMkYwYVc5dUlqb2lkMlZ6ZEhWekluMD9hcGktdmVyc2lvbj0yMDE2LTAyLTAx",
      "RequestMethod": "GET",
      "RequestBody": "",
      "RequestHeaders": {
        "x-ms-version": [
          "2016-02-01"
        ],
        "User-Agent": [
          "Microsoft.Azure.Management.Resources.ResourceManagementClient/2.0.0.0"
        ]
      },
      "ResponseBody": "",
      "ResponseHeaders": {
        "Content-Length": [
          "0"
        ],
        "Expires": [
          "-1"
        ],
        "Pragma": [
          "no-cache"
        ],
        "Retry-After": [
          "15"
        ],
        "x-ms-ratelimit-remaining-subscription-reads": [
          "14995"
        ],
        "x-ms-request-id": [
          "04d9d5a7-90c2-4dab-ba32-5bc9814fcaf9"
        ],
        "x-ms-correlation-request-id": [
          "04d9d5a7-90c2-4dab-ba32-5bc9814fcaf9"
        ],
        "x-ms-routing-request-id": [
          "WESTUS2:20161104T222505Z:04d9d5a7-90c2-4dab-ba32-5bc9814fcaf9"
        ],
        "Strict-Transport-Security": [
          "max-age=31536000; includeSubDomains"
        ],
        "Cache-Control": [
          "no-cache"
        ],
        "Date": [
          "Fri, 04 Nov 2016 22:25:05 GMT"
        ],
        "Location": [
          "https://management.azure.com/subscriptions/8fbd19e9-e8e0-4224-89f6-b1d5d86fb4c4/operationresults/eyJqb2JJZCI6IlJFU09VUkNFR1JPVVBERUxFVElPTkpPQi1PTkVTREsxNzg4LVdFU1RVUyIsImpvYkxvY2F0aW9uIjoid2VzdHVzIn0?api-version=2016-02-01"
        ]
      },
      "StatusCode": 202
    },
    {
      "RequestUri": "/subscriptions/8fbd19e9-e8e0-4224-89f6-b1d5d86fb4c4/operationresults/eyJqb2JJZCI6IlJFU09VUkNFR1JPVVBERUxFVElPTkpPQi1PTkVTREsxNzg4LVdFU1RVUyIsImpvYkxvY2F0aW9uIjoid2VzdHVzIn0?api-version=2016-02-01",
      "EncodedRequestUri": "L3N1YnNjcmlwdGlvbnMvOGZiZDE5ZTktZThlMC00MjI0LTg5ZjYtYjFkNWQ4NmZiNGM0L29wZXJhdGlvbnJlc3VsdHMvZXlKcWIySkpaQ0k2SWxKRlUwOVZVa05GUjFKUFZWQkVSVXhGVkVsUFRrcFBRaTFQVGtWVFJFc3hOemc0TFZkRlUxUlZVeUlzSW1wdllreHZZMkYwYVc5dUlqb2lkMlZ6ZEhWekluMD9hcGktdmVyc2lvbj0yMDE2LTAyLTAx",
      "RequestMethod": "GET",
      "RequestBody": "",
      "RequestHeaders": {
        "x-ms-version": [
          "2016-02-01"
        ],
        "User-Agent": [
          "Microsoft.Azure.Management.Resources.ResourceManagementClient/2.0.0.0"
        ]
      },
      "ResponseBody": "",
      "ResponseHeaders": {
        "Content-Length": [
          "0"
        ],
        "Expires": [
          "-1"
        ],
        "Pragma": [
          "no-cache"
        ],
        "Retry-After": [
          "15"
        ],
        "x-ms-ratelimit-remaining-subscription-reads": [
          "14994"
        ],
        "x-ms-request-id": [
          "65492655-ebbf-44f2-8ede-15b6def2ec39"
        ],
        "x-ms-correlation-request-id": [
          "65492655-ebbf-44f2-8ede-15b6def2ec39"
        ],
        "x-ms-routing-request-id": [
          "WESTUS2:20161104T222520Z:65492655-ebbf-44f2-8ede-15b6def2ec39"
        ],
        "Strict-Transport-Security": [
          "max-age=31536000; includeSubDomains"
        ],
        "Cache-Control": [
          "no-cache"
        ],
        "Date": [
          "Fri, 04 Nov 2016 22:25:20 GMT"
        ],
        "Location": [
          "https://management.azure.com/subscriptions/8fbd19e9-e8e0-4224-89f6-b1d5d86fb4c4/operationresults/eyJqb2JJZCI6IlJFU09VUkNFR1JPVVBERUxFVElPTkpPQi1PTkVTREsxNzg4LVdFU1RVUyIsImpvYkxvY2F0aW9uIjoid2VzdHVzIn0?api-version=2016-02-01"
        ]
      },
      "StatusCode": 202
    },
    {
      "RequestUri": "/subscriptions/8fbd19e9-e8e0-4224-89f6-b1d5d86fb4c4/operationresults/eyJqb2JJZCI6IlJFU09VUkNFR1JPVVBERUxFVElPTkpPQi1PTkVTREsxNzg4LVdFU1RVUyIsImpvYkxvY2F0aW9uIjoid2VzdHVzIn0?api-version=2016-02-01",
      "EncodedRequestUri": "L3N1YnNjcmlwdGlvbnMvOGZiZDE5ZTktZThlMC00MjI0LTg5ZjYtYjFkNWQ4NmZiNGM0L29wZXJhdGlvbnJlc3VsdHMvZXlKcWIySkpaQ0k2SWxKRlUwOVZVa05GUjFKUFZWQkVSVXhGVkVsUFRrcFBRaTFQVGtWVFJFc3hOemc0TFZkRlUxUlZVeUlzSW1wdllreHZZMkYwYVc5dUlqb2lkMlZ6ZEhWekluMD9hcGktdmVyc2lvbj0yMDE2LTAyLTAx",
      "RequestMethod": "GET",
      "RequestBody": "",
      "RequestHeaders": {
        "x-ms-version": [
          "2016-02-01"
        ],
        "User-Agent": [
          "Microsoft.Azure.Management.Resources.ResourceManagementClient/2.0.0.0"
        ]
      },
      "ResponseBody": "",
      "ResponseHeaders": {
        "Content-Length": [
          "0"
        ],
        "Expires": [
          "-1"
        ],
        "Pragma": [
          "no-cache"
        ],
        "Retry-After": [
          "15"
        ],
        "x-ms-ratelimit-remaining-subscription-reads": [
          "14993"
        ],
        "x-ms-request-id": [
          "ced039bb-035b-419b-94d8-e534b1053e38"
        ],
        "x-ms-correlation-request-id": [
          "ced039bb-035b-419b-94d8-e534b1053e38"
        ],
        "x-ms-routing-request-id": [
          "WESTUS2:20161104T222535Z:ced039bb-035b-419b-94d8-e534b1053e38"
        ],
        "Strict-Transport-Security": [
          "max-age=31536000; includeSubDomains"
        ],
        "Cache-Control": [
          "no-cache"
        ],
        "Date": [
          "Fri, 04 Nov 2016 22:25:35 GMT"
        ],
        "Location": [
          "https://management.azure.com/subscriptions/8fbd19e9-e8e0-4224-89f6-b1d5d86fb4c4/operationresults/eyJqb2JJZCI6IlJFU09VUkNFR1JPVVBERUxFVElPTkpPQi1PTkVTREsxNzg4LVdFU1RVUyIsImpvYkxvY2F0aW9uIjoid2VzdHVzIn0?api-version=2016-02-01"
        ]
      },
      "StatusCode": 202
    },
    {
      "RequestUri": "/subscriptions/8fbd19e9-e8e0-4224-89f6-b1d5d86fb4c4/operationresults/eyJqb2JJZCI6IlJFU09VUkNFR1JPVVBERUxFVElPTkpPQi1PTkVTREsxNzg4LVdFU1RVUyIsImpvYkxvY2F0aW9uIjoid2VzdHVzIn0?api-version=2016-02-01",
      "EncodedRequestUri": "L3N1YnNjcmlwdGlvbnMvOGZiZDE5ZTktZThlMC00MjI0LTg5ZjYtYjFkNWQ4NmZiNGM0L29wZXJhdGlvbnJlc3VsdHMvZXlKcWIySkpaQ0k2SWxKRlUwOVZVa05GUjFKUFZWQkVSVXhGVkVsUFRrcFBRaTFQVGtWVFJFc3hOemc0TFZkRlUxUlZVeUlzSW1wdllreHZZMkYwYVc5dUlqb2lkMlZ6ZEhWekluMD9hcGktdmVyc2lvbj0yMDE2LTAyLTAx",
      "RequestMethod": "GET",
      "RequestBody": "",
      "RequestHeaders": {
        "x-ms-version": [
          "2016-02-01"
        ],
        "User-Agent": [
          "Microsoft.Azure.Management.Resources.ResourceManagementClient/2.0.0.0"
        ]
      },
      "ResponseBody": "",
      "ResponseHeaders": {
        "Content-Length": [
          "0"
        ],
        "Expires": [
          "-1"
        ],
        "Pragma": [
          "no-cache"
        ],
        "Retry-After": [
          "15"
        ],
        "x-ms-ratelimit-remaining-subscription-reads": [
          "14992"
        ],
        "x-ms-request-id": [
          "51b3973d-7062-4850-81e4-bc388365a5dd"
        ],
        "x-ms-correlation-request-id": [
          "51b3973d-7062-4850-81e4-bc388365a5dd"
        ],
        "x-ms-routing-request-id": [
          "WESTUS2:20161104T222551Z:51b3973d-7062-4850-81e4-bc388365a5dd"
        ],
        "Strict-Transport-Security": [
          "max-age=31536000; includeSubDomains"
        ],
        "Cache-Control": [
          "no-cache"
        ],
        "Date": [
          "Fri, 04 Nov 2016 22:25:50 GMT"
        ],
        "Location": [
          "https://management.azure.com/subscriptions/8fbd19e9-e8e0-4224-89f6-b1d5d86fb4c4/operationresults/eyJqb2JJZCI6IlJFU09VUkNFR1JPVVBERUxFVElPTkpPQi1PTkVTREsxNzg4LVdFU1RVUyIsImpvYkxvY2F0aW9uIjoid2VzdHVzIn0?api-version=2016-02-01"
        ]
      },
      "StatusCode": 202
    },
    {
      "RequestUri": "/subscriptions/8fbd19e9-e8e0-4224-89f6-b1d5d86fb4c4/operationresults/eyJqb2JJZCI6IlJFU09VUkNFR1JPVVBERUxFVElPTkpPQi1PTkVTREsxNzg4LVdFU1RVUyIsImpvYkxvY2F0aW9uIjoid2VzdHVzIn0?api-version=2016-02-01",
      "EncodedRequestUri": "L3N1YnNjcmlwdGlvbnMvOGZiZDE5ZTktZThlMC00MjI0LTg5ZjYtYjFkNWQ4NmZiNGM0L29wZXJhdGlvbnJlc3VsdHMvZXlKcWIySkpaQ0k2SWxKRlUwOVZVa05GUjFKUFZWQkVSVXhGVkVsUFRrcFBRaTFQVGtWVFJFc3hOemc0TFZkRlUxUlZVeUlzSW1wdllreHZZMkYwYVc5dUlqb2lkMlZ6ZEhWekluMD9hcGktdmVyc2lvbj0yMDE2LTAyLTAx",
      "RequestMethod": "GET",
      "RequestBody": "",
      "RequestHeaders": {
        "x-ms-version": [
          "2016-02-01"
        ],
        "User-Agent": [
          "Microsoft.Azure.Management.Resources.ResourceManagementClient/2.0.0.0"
        ]
      },
      "ResponseBody": "",
      "ResponseHeaders": {
        "Content-Length": [
          "0"
        ],
        "Expires": [
          "-1"
        ],
        "Pragma": [
          "no-cache"
        ],
        "Retry-After": [
          "15"
        ],
        "x-ms-ratelimit-remaining-subscription-reads": [
          "14991"
        ],
        "x-ms-request-id": [
          "456f3ac7-db16-4272-8775-431cd1d26054"
        ],
        "x-ms-correlation-request-id": [
          "456f3ac7-db16-4272-8775-431cd1d26054"
        ],
        "x-ms-routing-request-id": [
          "WESTUS2:20161104T222606Z:456f3ac7-db16-4272-8775-431cd1d26054"
        ],
        "Strict-Transport-Security": [
          "max-age=31536000; includeSubDomains"
        ],
        "Cache-Control": [
          "no-cache"
        ],
        "Date": [
          "Fri, 04 Nov 2016 22:26:05 GMT"
        ],
        "Location": [
          "https://management.azure.com/subscriptions/8fbd19e9-e8e0-4224-89f6-b1d5d86fb4c4/operationresults/eyJqb2JJZCI6IlJFU09VUkNFR1JPVVBERUxFVElPTkpPQi1PTkVTREsxNzg4LVdFU1RVUyIsImpvYkxvY2F0aW9uIjoid2VzdHVzIn0?api-version=2016-02-01"
        ]
      },
      "StatusCode": 202
    },
    {
      "RequestUri": "/subscriptions/8fbd19e9-e8e0-4224-89f6-b1d5d86fb4c4/operationresults/eyJqb2JJZCI6IlJFU09VUkNFR1JPVVBERUxFVElPTkpPQi1PTkVTREsxNzg4LVdFU1RVUyIsImpvYkxvY2F0aW9uIjoid2VzdHVzIn0?api-version=2016-02-01",
      "EncodedRequestUri": "L3N1YnNjcmlwdGlvbnMvOGZiZDE5ZTktZThlMC00MjI0LTg5ZjYtYjFkNWQ4NmZiNGM0L29wZXJhdGlvbnJlc3VsdHMvZXlKcWIySkpaQ0k2SWxKRlUwOVZVa05GUjFKUFZWQkVSVXhGVkVsUFRrcFBRaTFQVGtWVFJFc3hOemc0TFZkRlUxUlZVeUlzSW1wdllreHZZMkYwYVc5dUlqb2lkMlZ6ZEhWekluMD9hcGktdmVyc2lvbj0yMDE2LTAyLTAx",
      "RequestMethod": "GET",
      "RequestBody": "",
      "RequestHeaders": {
        "x-ms-version": [
          "2016-02-01"
        ],
        "User-Agent": [
          "Microsoft.Azure.Management.Resources.ResourceManagementClient/2.0.0.0"
        ]
      },
      "ResponseBody": "",
      "ResponseHeaders": {
        "Content-Length": [
          "0"
        ],
        "Expires": [
          "-1"
        ],
        "Pragma": [
          "no-cache"
        ],
        "x-ms-ratelimit-remaining-subscription-reads": [
          "14990"
        ],
        "x-ms-request-id": [
          "eaf01dd5-6390-422f-a98a-f74c803706c3"
        ],
        "x-ms-correlation-request-id": [
          "eaf01dd5-6390-422f-a98a-f74c803706c3"
        ],
        "x-ms-routing-request-id": [
          "WESTUS2:20161104T222621Z:eaf01dd5-6390-422f-a98a-f74c803706c3"
        ],
        "Strict-Transport-Security": [
          "max-age=31536000; includeSubDomains"
        ],
        "Cache-Control": [
          "no-cache"
        ],
        "Date": [
          "Fri, 04 Nov 2016 22:26:20 GMT"
        ]
      },
      "StatusCode": 200
    }
  ],
  "Names": {
    "Test-OriginGetSetWithStoppedEndpoint": [
      "onesdk2397",
      "onesdk1788",
      "onesdk1711",
      "onesdk2002"
    ]
  },
  "Variables": {
    "SubscriptionId": "8fbd19e9-e8e0-4224-89f6-b1d5d86fb4c4"
  }
}