{
  "GetPolicyAssignment+[NoContext]+Get-AzPolicyAssignment+$GET+https://management.azure.com/subscriptions/edb2c18a-04d6-49e9-bc72-e23852f507ad/providers/Microsoft.Authorization/policyAssignments?$filter=atScope()\u0026api-version=2023-04-01+1": {
    "Request": {
      "Method": "GET",
      "RequestUri": "https://management.azure.com/subscriptions/edb2c18a-04d6-49e9-bc72-e23852f507ad/providers/Microsoft.Authorization/policyAssignments?$filter=atScope()\u0026api-version=2023-04-01",
      "Content": null,
      "isContentBase64": false,
      "Headers": {
        "x-ms-unique-id": [ "931" ],
        "x-ms-client-request-id": [ "dfb09b21-c2e1-4cc5-b4c4-094fe5c58769" ],
        "CommandName": [ "\u0026" ],
        "FullCommandName": [ "Get-AzPolicyAssignment_List3" ],
        "ParameterSetName": [ "__AllParameterSets" ],
        "User-Agent": [ "AzurePowershell/v11.0.0", "PSVersion/v7.4.1", "Az.Policy/0.1.1" ],
        "Authorization": [ "[Filtered]" ]
      },
      "ContentHeaders": {
      }
    },
    "Response": {
      "StatusCode": 200,
      "Headers": {
        "Cache-Control": [ "no-cache" ],
        "Pragma": [ "no-cache" ],
        "Strict-Transport-Security": [ "max-age=31536000; includeSubDomains" ],
        "x-ms-ratelimit-remaining-subscription-reads": [ "11993" ],
        "x-ms-request-id": [ "33da129a-babf-4941-bb63-3c26b0f67b7a" ],
        "x-ms-correlation-request-id": [ "33da129a-babf-4941-bb63-3c26b0f67b7a" ],
        "x-ms-routing-request-id": [ "WESTUS2:20240306T020544Z:33da129a-babf-4941-bb63-3c26b0f67b7a" ],
        "X-Content-Type-Options": [ "nosniff" ],
        "X-Cache": [ "CONFIG_NOCACHE" ],
        "X-MSEdge-Ref": [ "Ref A: 7114F2A64B89464ABB2E0D6AC0B8EE71 Ref B: CO6AA3150220053 Ref C: 2024-03-06T02:05:44Z" ],
        "Date": [ "Wed, 06 Mar 2024 02:05:43 GMT" ]
      },
      "ContentHeaders": {
        "Content-Length": [ "13924" ],
        "Content-Type": [ "application/json; charset=utf-8" ],
        "Expires": [ "-1" ]
      },
      "Content": "{\"value\":[{\"properties\":{\"displayName\":\"App Service apps should have local authentication methods disabled for FTP deployments\",\"policyDefinitionId\":\"/providers/Microsoft.Authorization/policyDefinitions/871b205b-57cf-4e1e-a234-492616998bf7\",\"definitionVersion\":\"1.*.*\",\"scope\":\"/providers/microsoft.management/managementgroups/72f988bf-86f1-41af-91ab-2d7cd011db47\",\"metadata\":{\"createdBy\":\"6a7863b1-49b0-41e5-b70e-242201f6e5b8\",\"createdOn\":\"2023-04-20T23:39:51.0887005Z\",\"updatedBy\":null,\"updatedOn\":null},\"enforcementMode\":\"Default\"},\"id\":\"/providers/microsoft.management/managementgroups/72f988bf-86f1-41af-91ab-2d7cd011db47/providers/Microsoft.Authorization/policyAssignments/5a11252257f8411\",\"type\":\"Microsoft.Authorization/policyAssignments\",\"name\":\"5a11252257f8411\",\"systemData\":{\"createdBy\":\"SC-wp401@microsoft.com\",\"createdByType\":\"User\",\"createdAt\":\"2023-04-20T23:39:51.0293826Z\",\"lastModifiedBy\":\"SC-wp401@microsoft.com\",\"lastModifiedByType\":\"User\",\"lastModifiedAt\":\"2023-04-20T23:39:51.0293826Z\"}},{\"properties\":{\"displayName\":\"App Service app slots should have local authentication methods disabled for FTP deployments\",\"policyDefinitionId\":\"/providers/Microsoft.Authorization/policyDefinitions/ec71c0bc-6a45-4b1f-9587-80dc83e6898c\",\"definitionVersion\":\"1.*.*\",\"scope\":\"/providers/microsoft.management/managementgroups/72f988bf-86f1-41af-91ab-2d7cd011db47\",\"metadata\":{\"createdBy\":\"6a7863b1-49b0-41e5-b70e-242201f6e5b8\",\"createdOn\":\"2023-04-20T23:46:14.3195728Z\",\"updatedBy\":null,\"updatedOn\":null},\"enforcementMode\":\"Default\"},\"id\":\"/providers/microsoft.management/managementgroups/72f988bf-86f1-41af-91ab-2d7cd011db47/providers/Microsoft.Authorization/policyAssignments/baa55f59929449b\",\"type\":\"Microsoft.Authorization/policyAssignments\",\"name\":\"baa55f59929449b\",\"systemData\":{\"createdBy\":\"SC-wp401@microsoft.com\",\"createdByType\":\"User\",\"createdAt\":\"2023-04-20T23:46:14.284484Z\",\"lastModifiedBy\":\"SC-wp401@microsoft.com\",\"lastModifiedByType\":\"User\",\"lastModifiedAt\":\"2023-04-20T23:46:14.284484Z\"}},{\"properties\":{\"displayName\":\"App Service app slots should have local authentication methods disabled for SCM site deployments\",\"policyDefinitionId\":\"/providers/Microsoft.Authorization/policyDefinitions/847ef871-e2fe-4e6e-907e-4adbf71de5cf\",\"definitionVersion\":\"1.*.*\",\"scope\":\"/providers/microsoft.management/managementgroups/72f988bf-86f1-41af-91ab-2d7cd011db47\",\"metadata\":{\"createdBy\":\"6a7863b1-49b0-41e5-b70e-242201f6e5b8\",\"createdOn\":\"2023-04-20T23:46:33.2991452Z\",\"updatedBy\":null,\"updatedOn\":null},\"enforcementMode\":\"Default\"},\"id\":\"/providers/microsoft.management/managementgroups/72f988bf-86f1-41af-91ab-2d7cd011db47/providers/Microsoft.Authorization/policyAssignments/4608d85244b844b\",\"type\":\"Microsoft.Authorization/policyAssignments\",\"name\":\"4608d85244b844b\",\"systemData\":{\"createdBy\":\"SC-wp401@microsoft.com\",\"createdByType\":\"User\",\"createdAt\":\"2023-04-20T23:46:33.2613353Z\",\"lastModifiedBy\":\"SC-wp401@microsoft.com\",\"lastModifiedByType\":\"User\",\"lastModifiedAt\":\"2023-04-20T23:46:33.2613353Z\"}},{\"properties\":{\"displayName\":\"App Service apps should have local authentication methods disabled for SCM site deployments\",\"policyDefinitionId\":\"/providers/Microsoft.Authorization/policyDefinitions/aede300b-d67f-480a-ae26-4b3dfb1a1fdc\",\"definitionVersion\":\"1.*.*\",\"scope\":\"/providers/microsoft.management/managementgroups/72f988bf-86f1-41af-91ab-2d7cd011db47\",\"metadata\":{\"createdBy\":\"6a7863b1-49b0-41e5-b70e-242201f6e5b8\",\"createdOn\":\"2023-04-20T23:46:59.3510701Z\",\"updatedBy\":null,\"updatedOn\":null},\"enforcementMode\":\"Default\"},\"id\":\"/providers/microsoft.management/managementgroups/72f988bf-86f1-41af-91ab-2d7cd011db47/providers/Microsoft.Authorization/policyAssignments/8b5eeefe772b4a3\",\"type\":\"Microsoft.Authorization/policyAssignments\",\"name\":\"8b5eeefe772b4a3\",\"systemData\":{\"createdBy\":\"SC-wp401@microsoft.com\",\"createdByType\":\"User\",\"createdAt\":\"2023-04-20T23:46:59.3138673Z\",\"lastModifiedBy\":\"SC-wp401@microsoft.com\",\"lastModifiedByType\":\"User\",\"lastModifiedAt\":\"2023-04-20T23:46:59.3138673Z\"}},{\"identity\":{\"type\":\"UserAssigned\",\"userAssignedIdentities\":{\"/subscriptions/016c59e7-b9c0-4635-adbf-88c003b9d545/resourcegroups/Identities/providers/Microsoft.ManagedIdentity/userAssignedIdentities/cloudgovremediationwebcontributor\":{\"principalId\":\"2dd1ea73-4024-489e-83a4-45cb3e962f69\",\"clientId\":\"9af16176-9a0a-40a9-9850-fb5c0c4d0847\"}}},\"properties\":{\"displayName\":\"Configure App Service app to disable local authentication for FTP deployments and SCM sites\",\"policyDefinitionId\":\"/providers/Microsoft.Management/managementGroups/72f988bf-86f1-41af-91ab-2d7cd011db47/providers/Microsoft.Authorization/policySetDefinitions/CloudGov_WebAuth_FtpScm\",\"definitionVersion\":\"1.*.*\",\"scope\":\"/providers/Microsoft.Management/managementGroups/72f988bf-86f1-41af-91ab-2d7cd011db47\",\"notScopes\":[\"/providers/Microsoft.Management/managementGroups/cc1750fe-984c-4839-9870-7357641d49ee\"],\"parameters\":{\"skipTag\":{\"value\":\"SkipBPCP\"},\"effect\":{\"value\":\"DeployIfNotExists\"}},\"description\":\"The deployment connections make the transmitted data/code vulnerable to network attacks. Basic authentication is being disabled centrally for all internal applications to improve security posture. For more information navigate to https://eng.ms/cid/f05c4f52-a18d-45a3-87b2-b5d7cf0e5270/fid/6a39d57a2c596d043b5f18e2995b23da0bbc0fab4d1fa0952d0b767f864e2695. If an incident is related to the following policy, please open an IcM incident via https://portal.microsofticm.com/imp/v3/incidents/details/383328883/home\",\"metadata\":{\"assignedBy\":\"Cloud Governance\",\"createdBy\":\"fa00c2de-57d5-4527-9254-4d513f482d0a\",\"createdOn\":\"2023-05-04T20:15:16.8937639Z\",\"updatedBy\":\"fa00c2de-57d5-4527-9254-4d513f482d0a\",\"updatedOn\":\"2023-06-14T20:43:04.0924622Z\",\"parameterScopes\":{}},\"enforcementMode\":\"Default\",\"nonComplianceMessages\":[{\"message\":\"The resource has not complaint Basic Authentication configurations. If following policy is blocking your actions that have a valid security and business reason to remain non compliant, please add \u0027SkipBPCP\u0027 tagName with any value on your Web App. Make sure to follow up with an official exemption request via https://forms.office.com/pages/responsepage.aspx?id=v4j5cvGGr0GRqy180BHbR9EtRz46cDVGn585Xp39USZUODk2QVBSWU9CMFpSN0NVOElWSFY5WlBaSy4u\"}],\"resourceSelectors\":[],\"overrides\":[]},\"id\":\"/providers/Microsoft.Management/managementGroups/72f988bf-86f1-41af-91ab-2d7cd011db47/providers/Microsoft.Authorization/policyAssignments/CloudGov_WebAuth_FtpScm\",\"type\":\"Microsoft.Authorization/policyAssignments\",\"name\":\"CloudGov_WebAuth_FtpScm\",\"location\":\"eastus\",\"systemData\":{\"createdBy\":\"SC-yo37@microsoft.com\",\"createdByType\":\"User\",\"createdAt\":\"2023-05-04T20:15:15.8937864Z\",\"lastModifiedBy\":\"SC-yo37@microsoft.com\",\"lastModifiedByType\":\"User\",\"lastModifiedAt\":\"2023-06-14T20:43:03.6669341Z\"}},{\"identity\":{\"type\":\"UserAssigned\",\"userAssignedIdentities\":{\"/subscriptions/016c59e7-b9c0-4635-adbf-88c003b9d545/resourcegroups/Identities/providers/Microsoft.ManagedIdentity/userAssignedIdentities/cloudgovremediationsecadmin\":{\"principalId\":\"cf2265bb-8d4f-4ca9-ae95-fc5bb25aa339\",\"clientId\":\"1681edd0-20cb-4b04-ac27-c810cf52dc17\"}}},\"properties\":{\"displayName\":\"Enable 3 Azure Defender plans in Microsoft Defender for Cloud regards to KR51 project\",\"policyDefinitionId\":\"/providers/Microsoft.Management/managementGroups/72f988bf-86f1-41af-91ab-2d7cd011db47/providers/Microsoft.Authorization/policySetDefinitions/CloudGov_MsDefenderCloud\",\"definitionVersion\":\"1.*.*\",\"scope\":\"/providers/Microsoft.Management/managementGroups/72f988bf-86f1-41af-91ab-2d7cd011db47\",\"notScopes\":[\"/providers/Microsoft.Management/managementGroups/CnAIOrchestrationServicePublicCorpprod\",\"/providers/Microsoft.Management/managementGroups/CnAIHoldingManagementGroupPublicCorp\",\"/providers/Microsoft.Management/managementGroups/manage12\",\"/providers/Microsoft.Management/managementGroups/a7ade9d2-d557-4382-a1c1-eb44a72fb214\"],\"description\":\"MDC is a CSPM and CWPP for all of your Azure/on-premises/multicloud resources. It fills vital needs as you manage the security of your resources and workloads in the cloud and on-premises. For more information, identify the Control Name in \u0027Protections and Remediations\u0027 table from https://aka.ms/cloudgov-policies-and-remediations. If an incident is related to following policy, please open an IcM incident via https://portal.microsofticm.com/imp/v3/incidents/create?tmpl=e2042\",\"metadata\":{\"assignedBy\":\"Cloud Governance\",\"createdBy\":\"0cf7b301-43f3-4b77-8fa3-533ef1ad19fa\",\"createdOn\":\"2024-01-17T18:08:42.7749971Z\",\"updatedBy\":\"0cf7b301-43f3-4b77-8fa3-533ef1ad19fa\",\"updatedOn\":\"2024-02-01T19:21:57.7120067Z\"},\"enforcementMode\":\"Default\",\"nonComplianceMessages\":[{\"message\":\"This configuration is not compliant.  Please refer to \u0027Remediation scenarios\u0027 from https://aka.ms/cloudgov-policies-and-remediations for more details.\"}],\"resourceSelectors\":[],\"overrides\":[]},\"id\":\"/providers/Microsoft.Management/managementGroups/72f988bf-86f1-41af-91ab-2d7cd011db47/providers/Microsoft.Authorization/policyAssignments/CloudGov_MsDefenderCloud\",\"type\":\"Microsoft.Authorization/policyAssignments\",\"name\":\"CloudGov_MsDefenderCloud\",\"location\":\"eastus\",\"systemData\":{\"createdBy\":\"sc-an693@microsoft.com\",\"createdByType\":\"User\",\"createdAt\":\"2024-01-17T18:08:42.3197613Z\",\"lastModifiedBy\":\"sc-an693@microsoft.com\",\"lastModifiedByType\":\"User\",\"lastModifiedAt\":\"2024-02-01T19:21:57.4790221Z\"}},{\"properties\":{\"displayName\":\"Block WVD creation (aka.ms/avdblock)\",\"policyDefinitionId\":\"/providers/Microsoft.Management/managementGroups/72f988bf-86f1-41af-91ab-2d7cd011db47/providers/Microsoft.Authorization/policyDefinitions/Deny WVD creation\",\"definitionVersion\":\"1.*.*\",\"scope\":\"/providers/Microsoft.Management/managementGroups/72f988bf-86f1-41af-91ab-2d7cd011db47\",\"notScopes\":[\"/providers/Microsoft.Management/managementGroups/595d008b-0e4c-41f8-af09-254420fd7571\",\"/providers/Microsoft.Management/managementGroups/64cd7b97-58e0-44d3-832b-55657739bde3\",\"/providers/Microsoft.Management/managementGroups/6a8d5cf2-21ba-4c40-b3df-d271a7053ac1\",\"/providers/Microsoft.Management/managementGroups/9ce3369a-545b-cfba-c329-3631400b552f\",\"/providers/Microsoft.Management/managementGroups/CloudPCMSFTSubscriptions\",\"/providers/Microsoft.Management/managementGroups/MSFT-DSRE-ISO-IAM\",\"/subscriptions/007ee280-d2d4-46c2-8504-0fddd121c219\",\"/subscriptions/03564a44-5aef-4331-b282-f30eec8c48c9\",\"/subscriptions/3ae2e9a4-54bd-459f-8211-6f920ecd52c4\",\"/subscriptions/618f7b25-b146-4c0e-a21b-2f1c67e78648\",\"/subscriptions/7b7593ca-92d5-4e89-8cdb-ab6212795535\",\"/subscriptions/b845979f-8603-49c4-819d-8a347f663159\",\"/subscriptions/ca36f55a-a366-46b0-bbfd-67c26cb4e8f0\",\"/subscriptions/cd84031b-67ef-43be-b0aa-45093719be08\",\"/subscriptions/fa12a77e-015c-46d0-b1c1-235d7549346f\"],\"description\":\"https://aka.ms/AVDblock\",\"metadata\":{\"createdBy\":\"7f1579a6-c648-43a1-ac1e-0c3020dd9b8e\",\"createdOn\":\"2020-11-17T19:41:36.3082667Z\",\"updatedBy\":\"7f1579a6-c648-43a1-ac1e-0c3020dd9b8e\",\"updatedOn\":\"2023-03-09T20:51:37.6178649Z\"},\"enforcementMode\":\"Default\"},\"id\":\"/providers/Microsoft.Management/managementGroups/72f988bf-86f1-41af-91ab-2d7cd011db47/providers/Microsoft.Authorization/policyAssignments/Block WVD creation\",\"type\":\"Microsoft.Authorization/policyAssignments\",\"name\":\"Block WVD creation\",\"systemData\":{\"lastModifiedBy\":\"sc-ze057@microsoft.com\",\"lastModifiedByType\":\"User\",\"lastModifiedAt\":\"2023-03-09T20:51:37.628398Z\"}},{\"identity\":{\"principalId\":\"de569224-4c32-4d4f-9a8a-d026361e2a20\",\"tenantId\":\"72f988bf-86f1-41af-91ab-2d7cd011db47\",\"type\":\"SystemAssigned\"},\"properties\":{\"displayName\":\"tony-test-modifyDenyMG\",\"policyDefinitionId\":\"/providers/Microsoft.Management/managementGroups/AzGovPerfTest/providers/Microsoft.Authorization/policyDefinitions/0489d72b-93a9-4632-8ec3-d9e20fba600a\",\"definitionVersion\":\"1.*.*\",\"scope\":\"/providers/Microsoft.Management/managementGroups/AzGovPerfTest\",\"notScopes\":[],\"parameters\":{\"tagName\":{\"value\":\"test\"}},\"metadata\":{\"assignedBy\":\"Tony Chen\",\"parameterScopes\":{},\"createdBy\":\"2e246f32-0d94-48a6-a899-e01cbe4c82a0\",\"createdOn\":\"2024-01-18T19:30:53.4456674Z\",\"updatedBy\":\"55899cf9-827a-4788-bed4-c0d5c16f943a\",\"updatedOn\":\"2024-02-23T19:47:34.9663592Z\"},\"enforcementMode\":\"Default\",\"nonComplianceMessages\":[],\"resourceSelectors\":[],\"overrides\":[]},\"id\":\"/providers/Microsoft.Management/managementGroups/AzGovPerfTest/providers/Microsoft.Authorization/policyAssignments/e4d662572b4f40409eed77e8\",\"type\":\"Microsoft.Authorization/policyAssignments\",\"name\":\"e4d662572b4f40409eed77e8\",\"location\":\"eastus\",\"systemData\":{\"createdBy\":\"qingyechen@microsoft.com\",\"createdByType\":\"User\",\"createdAt\":\"2024-01-18T19:30:52.6490143Z\",\"lastModifiedBy\":\"varunkum@microsoft.com\",\"lastModifiedByType\":\"User\",\"lastModifiedAt\":\"2024-02-23T19:47:34.7843087Z\"}},{\"properties\":{\"displayName\":\"IcM-413516148\",\"policyDefinitionId\":\"/subscriptions/edb2c18a-04d6-49e9-bc72-e23852f507ad/providers/Microsoft.Authorization/policyDefinitions/2baf7f68-7f74-45cc-beaa-dc9de40be3ef\",\"definitionVersion\":\"1.*.*\",\"scope\":\"/subscriptions/edb2c18a-04d6-49e9-bc72-e23852f507ad\",\"notScopes\":[],\"parameters\":{},\"description\":\"Repro for IcM 413516148\",\"metadata\":{\"assignedBy\":\"Chris Stackhouse\",\"parameterScopes\":{},\"createdBy\":\"3d826307-2481-45a0-a271-bcf9333f914a\",\"createdOn\":\"2023-08-12T00:45:35.2640788Z\",\"updatedBy\":null,\"updatedOn\":null},\"enforcementMode\":\"Default\",\"nonComplianceMessages\":[],\"resourceSelectors\":[],\"overrides\":[]},\"id\":\"/subscriptions/edb2c18a-04d6-49e9-bc72-e23852f507ad/providers/Microsoft.Authorization/policyAssignments/21eb5353068a4525b9472686\",\"type\":\"Microsoft.Authorization/policyAssignments\",\"name\":\"21eb5353068a4525b9472686\",\"systemData\":{\"createdBy\":\"cstack@ntdev.microsoft.com\",\"createdByType\":\"User\",\"createdAt\":\"2023-08-12T00:45:35.1616594Z\",\"lastModifiedBy\":\"cstack@ntdev.microsoft.com\",\"lastModifiedByType\":\"User\",\"lastModifiedAt\":\"2023-08-12T00:45:35.1616594Z\"}}]}",
      "isContentBase64": false
    }
  },
  "GetPolicyAssignment+[NoContext]+Get-AzPolicyAssignment -Name+$GET+https://management.azure.com//subscriptions/edb2c18a-04d6-49e9-bc72-e23852f507ad/providers/Microsoft.Authorization/policyAssignments/someName?api-version=2023-04-01+1": {
    "Request": {
      "Method": "GET",
      "RequestUri": "https://management.azure.com//subscriptions/edb2c18a-04d6-49e9-bc72-e23852f507ad/providers/Microsoft.Authorization/policyAssignments/someName?api-version=2023-04-01",
      "Content": null,
      "isContentBase64": false,
      "Headers": {
        "x-ms-unique-id": [ "932" ],
        "x-ms-client-request-id": [ "b1d85bbf-c2f8-48f6-b7ad-3109dd065597" ],
        "CommandName": [ "\u0026" ],
        "FullCommandName": [ "Get-AzPolicyAssignment_Get" ],
        "ParameterSetName": [ "__AllParameterSets" ],
        "User-Agent": [ "AzurePowershell/v11.0.0", "PSVersion/v7.4.1", "Az.Policy/0.1.1" ],
        "Authorization": [ "[Filtered]" ]
      },
      "ContentHeaders": {
      }
    },
    "Response": {
      "StatusCode": 404,
      "Headers": {
        "Cache-Control": [ "no-store, no-cache" ],
        "Pragma": [ "no-cache" ],
        "x-ms-ratelimit-remaining-subscription-reads": [ "11994" ],
        "x-ms-request-id": [ "5ab0b383-a1a2-4071-9d9f-2fb284ed4779" ],
        "x-ms-correlation-request-id": [ "5ab0b383-a1a2-4071-9d9f-2fb284ed4779" ],
        "x-ms-routing-request-id": [ "WESTUS2:20240306T020545Z:5ab0b383-a1a2-4071-9d9f-2fb284ed4779" ],
        "Strict-Transport-Security": [ "max-age=31536000; includeSubDomains" ],
        "X-Content-Type-Options": [ "nosniff" ],
        "X-Cache": [ "CONFIG_NOCACHE" ],
        "X-MSEdge-Ref": [ "Ref A: E4544545A3B34AB281AA73891525E22E Ref B: CO6AA3150220053 Ref C: 2024-03-06T02:05:45Z" ],
        "Date": [ "Wed, 06 Mar 2024 02:05:45 GMT" ]
      },
      "ContentHeaders": {
        "Content-Length": [ "104" ],
        "Content-Type": [ "application/json" ],
        "Expires": [ "-1" ]
      },
      "Content": "{\"error\":{\"code\":\"PolicyAssignmentNotFound\",\"message\":\"The policy assignment \u0027someName\u0027 is not found.\"}}",
      "isContentBase64": false
    }
  },
  "GetPolicyAssignment+[NoContext]+Get-AzPolicyAssignment -Name -Scope+$GET+https://management.azure.com//subscriptions/edb2c18a-04d6-49e9-bc72-e23852f507ad/providers/Microsoft.Authorization/policyAssignments/someName?api-version=2023-04-01+1": {
    "Request": {
      "Method": "GET",
      "RequestUri": "https://management.azure.com//subscriptions/edb2c18a-04d6-49e9-bc72-e23852f507ad/providers/Microsoft.Authorization/policyAssignments/someName?api-version=2023-04-01",
      "Content": null,
      "isContentBase64": false,
      "Headers": {
        "x-ms-unique-id": [ "933" ],
        "x-ms-client-request-id": [ "de622800-bdcf-4759-ab6f-33c6cb748cdd" ],
        "CommandName": [ "\u0026" ],
        "FullCommandName": [ "Get-AzPolicyAssignment_Get" ],
        "ParameterSetName": [ "__AllParameterSets" ],
        "User-Agent": [ "AzurePowershell/v11.0.0", "PSVersion/v7.4.1", "Az.Policy/0.1.1" ],
        "Authorization": [ "[Filtered]" ]
      },
      "ContentHeaders": {
      }
    },
    "Response": {
      "StatusCode": 404,
      "Headers": {
        "Cache-Control": [ "no-store, no-cache" ],
        "Pragma": [ "no-cache" ],
        "x-ms-ratelimit-remaining-subscription-reads": [ "11997" ],
        "x-ms-request-id": [ "d7ae5909-3f8c-494b-91fc-44bb720df9ee" ],
        "x-ms-correlation-request-id": [ "d7ae5909-3f8c-494b-91fc-44bb720df9ee" ],
        "x-ms-routing-request-id": [ "WESTUS2:20240306T020546Z:d7ae5909-3f8c-494b-91fc-44bb720df9ee" ],
        "Strict-Transport-Security": [ "max-age=31536000; includeSubDomains" ],
        "X-Content-Type-Options": [ "nosniff" ],
        "X-Cache": [ "CONFIG_NOCACHE" ],
        "X-MSEdge-Ref": [ "Ref A: 3165A774C7EB414EABFBF006C7618BB3 Ref B: CO6AA3150220053 Ref C: 2024-03-06T02:05:46Z" ],
        "Date": [ "Wed, 06 Mar 2024 02:05:45 GMT" ]
      },
      "ContentHeaders": {
        "Content-Length": [ "104" ],
        "Content-Type": [ "application/json" ],
        "Expires": [ "-1" ]
      },
      "Content": "{\"error\":{\"code\":\"PolicyAssignmentNotFound\",\"message\":\"The policy assignment \u0027someName\u0027 is not found.\"}}",
      "isContentBase64": false
    }
  },
  "GetPolicyAssignment+[NoContext]+Get-AzPolicyAssignment -Scope+$GET+https://management.azure.com/subscriptions/edb2c18a-04d6-49e9-bc72-e23852f507ad/providers/Microsoft.Authorization/policyAssignments?$filter=atScope()\u0026api-version=2023-04-01+1": {
    "Request": {
      "Method": "GET",
      "RequestUri": "https://management.azure.com/subscriptions/edb2c18a-04d6-49e9-bc72-e23852f507ad/providers/Microsoft.Authorization/policyAssignments?$filter=atScope()\u0026api-version=2023-04-01",
      "Content": null,
      "isContentBase64": false,
      "Headers": {
        "x-ms-unique-id": [ "934" ],
        "x-ms-client-request-id": [ "21abe40c-3bf5-4e8e-8412-68ad054755b4" ],
        "CommandName": [ "\u0026" ],
        "FullCommandName": [ "Get-AzPolicyAssignment_List3" ],
        "ParameterSetName": [ "__AllParameterSets" ],
        "User-Agent": [ "AzurePowershell/v11.0.0", "PSVersion/v7.4.1", "Az.Policy/0.1.1" ],
        "Authorization": [ "[Filtered]" ]
      },
      "ContentHeaders": {
      }
    },
    "Response": {
      "StatusCode": 200,
      "Headers": {
        "Cache-Control": [ "no-cache" ],
        "Pragma": [ "no-cache" ],
        "Strict-Transport-Security": [ "max-age=31536000; includeSubDomains" ],
        "x-ms-ratelimit-remaining-subscription-reads": [ "11997" ],
        "x-ms-request-id": [ "47f2b664-e83f-4a1e-9a7d-e8ea4b1dafd8" ],
        "x-ms-correlation-request-id": [ "47f2b664-e83f-4a1e-9a7d-e8ea4b1dafd8" ],
        "x-ms-routing-request-id": [ "WESTUS2:20240306T020546Z:47f2b664-e83f-4a1e-9a7d-e8ea4b1dafd8" ],
        "X-Content-Type-Options": [ "nosniff" ],
        "X-Cache": [ "CONFIG_NOCACHE" ],
        "X-MSEdge-Ref": [ "Ref A: A822530960EA472FB0EC387634396654 Ref B: CO6AA3150220053 Ref C: 2024-03-06T02:05:46Z" ],
        "Date": [ "Wed, 06 Mar 2024 02:05:46 GMT" ]
      },
      "ContentHeaders": {
        "Content-Length": [ "13924" ],
        "Content-Type": [ "application/json; charset=utf-8" ],
        "Expires": [ "-1" ]
      },
      "Content": "{\"value\":[{\"properties\":{\"displayName\":\"App Service apps should have local authentication methods disabled for FTP deployments\",\"policyDefinitionId\":\"/providers/Microsoft.Authorization/policyDefinitions/871b205b-57cf-4e1e-a234-492616998bf7\",\"definitionVersion\":\"1.*.*\",\"scope\":\"/providers/microsoft.management/managementgroups/72f988bf-86f1-41af-91ab-2d7cd011db47\",\"metadata\":{\"createdBy\":\"6a7863b1-49b0-41e5-b70e-242201f6e5b8\",\"createdOn\":\"2023-04-20T23:39:51.0887005Z\",\"updatedBy\":null,\"updatedOn\":null},\"enforcementMode\":\"Default\"},\"id\":\"/providers/microsoft.management/managementgroups/72f988bf-86f1-41af-91ab-2d7cd011db47/providers/Microsoft.Authorization/policyAssignments/5a11252257f8411\",\"type\":\"Microsoft.Authorization/policyAssignments\",\"name\":\"5a11252257f8411\",\"systemData\":{\"createdBy\":\"SC-wp401@microsoft.com\",\"createdByType\":\"User\",\"createdAt\":\"2023-04-20T23:39:51.0293826Z\",\"lastModifiedBy\":\"SC-wp401@microsoft.com\",\"lastModifiedByType\":\"User\",\"lastModifiedAt\":\"2023-04-20T23:39:51.0293826Z\"}},{\"properties\":{\"displayName\":\"App Service app slots should have local authentication methods disabled for FTP deployments\",\"policyDefinitionId\":\"/providers/Microsoft.Authorization/policyDefinitions/ec71c0bc-6a45-4b1f-9587-80dc83e6898c\",\"definitionVersion\":\"1.*.*\",\"scope\":\"/providers/microsoft.management/managementgroups/72f988bf-86f1-41af-91ab-2d7cd011db47\",\"metadata\":{\"createdBy\":\"6a7863b1-49b0-41e5-b70e-242201f6e5b8\",\"createdOn\":\"2023-04-20T23:46:14.3195728Z\",\"updatedBy\":null,\"updatedOn\":null},\"enforcementMode\":\"Default\"},\"id\":\"/providers/microsoft.management/managementgroups/72f988bf-86f1-41af-91ab-2d7cd011db47/providers/Microsoft.Authorization/policyAssignments/baa55f59929449b\",\"type\":\"Microsoft.Authorization/policyAssignments\",\"name\":\"baa55f59929449b\",\"systemData\":{\"createdBy\":\"SC-wp401@microsoft.com\",\"createdByType\":\"User\",\"createdAt\":\"2023-04-20T23:46:14.284484Z\",\"lastModifiedBy\":\"SC-wp401@microsoft.com\",\"lastModifiedByType\":\"User\",\"lastModifiedAt\":\"2023-04-20T23:46:14.284484Z\"}},{\"properties\":{\"displayName\":\"App Service app slots should have local authentication methods disabled for SCM site deployments\",\"policyDefinitionId\":\"/providers/Microsoft.Authorization/policyDefinitions/847ef871-e2fe-4e6e-907e-4adbf71de5cf\",\"definitionVersion\":\"1.*.*\",\"scope\":\"/providers/microsoft.management/managementgroups/72f988bf-86f1-41af-91ab-2d7cd011db47\",\"metadata\":{\"createdBy\":\"6a7863b1-49b0-41e5-b70e-242201f6e5b8\",\"createdOn\":\"2023-04-20T23:46:33.2991452Z\",\"updatedBy\":null,\"updatedOn\":null},\"enforcementMode\":\"Default\"},\"id\":\"/providers/microsoft.management/managementgroups/72f988bf-86f1-41af-91ab-2d7cd011db47/providers/Microsoft.Authorization/policyAssignments/4608d85244b844b\",\"type\":\"Microsoft.Authorization/policyAssignments\",\"name\":\"4608d85244b844b\",\"systemData\":{\"createdBy\":\"SC-wp401@microsoft.com\",\"createdByType\":\"User\",\"createdAt\":\"2023-04-20T23:46:33.2613353Z\",\"lastModifiedBy\":\"SC-wp401@microsoft.com\",\"lastModifiedByType\":\"User\",\"lastModifiedAt\":\"2023-04-20T23:46:33.2613353Z\"}},{\"properties\":{\"displayName\":\"App Service apps should have local authentication methods disabled for SCM site deployments\",\"policyDefinitionId\":\"/providers/Microsoft.Authorization/policyDefinitions/aede300b-d67f-480a-ae26-4b3dfb1a1fdc\",\"definitionVersion\":\"1.*.*\",\"scope\":\"/providers/microsoft.management/managementgroups/72f988bf-86f1-41af-91ab-2d7cd011db47\",\"metadata\":{\"createdBy\":\"6a7863b1-49b0-41e5-b70e-242201f6e5b8\",\"createdOn\":\"2023-04-20T23:46:59.3510701Z\",\"updatedBy\":null,\"updatedOn\":null},\"enforcementMode\":\"Default\"},\"id\":\"/providers/microsoft.management/managementgroups/72f988bf-86f1-41af-91ab-2d7cd011db47/providers/Microsoft.Authorization/policyAssignments/8b5eeefe772b4a3\",\"type\":\"Microsoft.Authorization/policyAssignments\",\"name\":\"8b5eeefe772b4a3\",\"systemData\":{\"createdBy\":\"SC-wp401@microsoft.com\",\"createdByType\":\"User\",\"createdAt\":\"2023-04-20T23:46:59.3138673Z\",\"lastModifiedBy\":\"SC-wp401@microsoft.com\",\"lastModifiedByType\":\"User\",\"lastModifiedAt\":\"2023-04-20T23:46:59.3138673Z\"}},{\"identity\":{\"type\":\"UserAssigned\",\"userAssignedIdentities\":{\"/subscriptions/016c59e7-b9c0-4635-adbf-88c003b9d545/resourcegroups/Identities/providers/Microsoft.ManagedIdentity/userAssignedIdentities/cloudgovremediationwebcontributor\":{\"principalId\":\"2dd1ea73-4024-489e-83a4-45cb3e962f69\",\"clientId\":\"9af16176-9a0a-40a9-9850-fb5c0c4d0847\"}}},\"properties\":{\"displayName\":\"Configure App Service app to disable local authentication for FTP deployments and SCM sites\",\"policyDefinitionId\":\"/providers/Microsoft.Management/managementGroups/72f988bf-86f1-41af-91ab-2d7cd011db47/providers/Microsoft.Authorization/policySetDefinitions/CloudGov_WebAuth_FtpScm\",\"definitionVersion\":\"1.*.*\",\"scope\":\"/providers/Microsoft.Management/managementGroups/72f988bf-86f1-41af-91ab-2d7cd011db47\",\"notScopes\":[\"/providers/Microsoft.Management/managementGroups/cc1750fe-984c-4839-9870-7357641d49ee\"],\"parameters\":{\"skipTag\":{\"value\":\"SkipBPCP\"},\"effect\":{\"value\":\"DeployIfNotExists\"}},\"description\":\"The deployment connections make the transmitted data/code vulnerable to network attacks. Basic authentication is being disabled centrally for all internal applications to improve security posture. For more information navigate to https://eng.ms/cid/f05c4f52-a18d-45a3-87b2-b5d7cf0e5270/fid/6a39d57a2c596d043b5f18e2995b23da0bbc0fab4d1fa0952d0b767f864e2695. If an incident is related to the following policy, please open an IcM incident via https://portal.microsofticm.com/imp/v3/incidents/details/383328883/home\",\"metadata\":{\"assignedBy\":\"Cloud Governance\",\"createdBy\":\"fa00c2de-57d5-4527-9254-4d513f482d0a\",\"createdOn\":\"2023-05-04T20:15:16.8937639Z\",\"updatedBy\":\"fa00c2de-57d5-4527-9254-4d513f482d0a\",\"updatedOn\":\"2023-06-14T20:43:04.0924622Z\",\"parameterScopes\":{}},\"enforcementMode\":\"Default\",\"nonComplianceMessages\":[{\"message\":\"The resource has not complaint Basic Authentication configurations. If following policy is blocking your actions that have a valid security and business reason to remain non compliant, please add \u0027SkipBPCP\u0027 tagName with any value on your Web App. Make sure to follow up with an official exemption request via https://forms.office.com/pages/responsepage.aspx?id=v4j5cvGGr0GRqy180BHbR9EtRz46cDVGn585Xp39USZUODk2QVBSWU9CMFpSN0NVOElWSFY5WlBaSy4u\"}],\"resourceSelectors\":[],\"overrides\":[]},\"id\":\"/providers/Microsoft.Management/managementGroups/72f988bf-86f1-41af-91ab-2d7cd011db47/providers/Microsoft.Authorization/policyAssignments/CloudGov_WebAuth_FtpScm\",\"type\":\"Microsoft.Authorization/policyAssignments\",\"name\":\"CloudGov_WebAuth_FtpScm\",\"location\":\"eastus\",\"systemData\":{\"createdBy\":\"SC-yo37@microsoft.com\",\"createdByType\":\"User\",\"createdAt\":\"2023-05-04T20:15:15.8937864Z\",\"lastModifiedBy\":\"SC-yo37@microsoft.com\",\"lastModifiedByType\":\"User\",\"lastModifiedAt\":\"2023-06-14T20:43:03.6669341Z\"}},{\"identity\":{\"type\":\"UserAssigned\",\"userAssignedIdentities\":{\"/subscriptions/016c59e7-b9c0-4635-adbf-88c003b9d545/resourcegroups/Identities/providers/Microsoft.ManagedIdentity/userAssignedIdentities/cloudgovremediationsecadmin\":{\"principalId\":\"cf2265bb-8d4f-4ca9-ae95-fc5bb25aa339\",\"clientId\":\"1681edd0-20cb-4b04-ac27-c810cf52dc17\"}}},\"properties\":{\"displayName\":\"Enable 3 Azure Defender plans in Microsoft Defender for Cloud regards to KR51 project\",\"policyDefinitionId\":\"/providers/Microsoft.Management/managementGroups/72f988bf-86f1-41af-91ab-2d7cd011db47/providers/Microsoft.Authorization/policySetDefinitions/CloudGov_MsDefenderCloud\",\"definitionVersion\":\"1.*.*\",\"scope\":\"/providers/Microsoft.Management/managementGroups/72f988bf-86f1-41af-91ab-2d7cd011db47\",\"notScopes\":[\"/providers/Microsoft.Management/managementGroups/CnAIOrchestrationServicePublicCorpprod\",\"/providers/Microsoft.Management/managementGroups/CnAIHoldingManagementGroupPublicCorp\",\"/providers/Microsoft.Management/managementGroups/manage12\",\"/providers/Microsoft.Management/managementGroups/a7ade9d2-d557-4382-a1c1-eb44a72fb214\"],\"description\":\"MDC is a CSPM and CWPP for all of your Azure/on-premises/multicloud resources. It fills vital needs as you manage the security of your resources and workloads in the cloud and on-premises. For more information, identify the Control Name in \u0027Protections and Remediations\u0027 table from https://aka.ms/cloudgov-policies-and-remediations. If an incident is related to following policy, please open an IcM incident via https://portal.microsofticm.com/imp/v3/incidents/create?tmpl=e2042\",\"metadata\":{\"assignedBy\":\"Cloud Governance\",\"createdBy\":\"0cf7b301-43f3-4b77-8fa3-533ef1ad19fa\",\"createdOn\":\"2024-01-17T18:08:42.7749971Z\",\"updatedBy\":\"0cf7b301-43f3-4b77-8fa3-533ef1ad19fa\",\"updatedOn\":\"2024-02-01T19:21:57.7120067Z\"},\"enforcementMode\":\"Default\",\"nonComplianceMessages\":[{\"message\":\"This configuration is not compliant.  Please refer to \u0027Remediation scenarios\u0027 from https://aka.ms/cloudgov-policies-and-remediations for more details.\"}],\"resourceSelectors\":[],\"overrides\":[]},\"id\":\"/providers/Microsoft.Management/managementGroups/72f988bf-86f1-41af-91ab-2d7cd011db47/providers/Microsoft.Authorization/policyAssignments/CloudGov_MsDefenderCloud\",\"type\":\"Microsoft.Authorization/policyAssignments\",\"name\":\"CloudGov_MsDefenderCloud\",\"location\":\"eastus\",\"systemData\":{\"createdBy\":\"sc-an693@microsoft.com\",\"createdByType\":\"User\",\"createdAt\":\"2024-01-17T18:08:42.3197613Z\",\"lastModifiedBy\":\"sc-an693@microsoft.com\",\"lastModifiedByType\":\"User\",\"lastModifiedAt\":\"2024-02-01T19:21:57.4790221Z\"}},{\"properties\":{\"displayName\":\"Block WVD creation (aka.ms/avdblock)\",\"policyDefinitionId\":\"/providers/Microsoft.Management/managementGroups/72f988bf-86f1-41af-91ab-2d7cd011db47/providers/Microsoft.Authorization/policyDefinitions/Deny WVD creation\",\"definitionVersion\":\"1.*.*\",\"scope\":\"/providers/Microsoft.Management/managementGroups/72f988bf-86f1-41af-91ab-2d7cd011db47\",\"notScopes\":[\"/providers/Microsoft.Management/managementGroups/595d008b-0e4c-41f8-af09-254420fd7571\",\"/providers/Microsoft.Management/managementGroups/64cd7b97-58e0-44d3-832b-55657739bde3\",\"/providers/Microsoft.Management/managementGroups/6a8d5cf2-21ba-4c40-b3df-d271a7053ac1\",\"/providers/Microsoft.Management/managementGroups/9ce3369a-545b-cfba-c329-3631400b552f\",\"/providers/Microsoft.Management/managementGroups/CloudPCMSFTSubscriptions\",\"/providers/Microsoft.Management/managementGroups/MSFT-DSRE-ISO-IAM\",\"/subscriptions/007ee280-d2d4-46c2-8504-0fddd121c219\",\"/subscriptions/03564a44-5aef-4331-b282-f30eec8c48c9\",\"/subscriptions/3ae2e9a4-54bd-459f-8211-6f920ecd52c4\",\"/subscriptions/618f7b25-b146-4c0e-a21b-2f1c67e78648\",\"/subscriptions/7b7593ca-92d5-4e89-8cdb-ab6212795535\",\"/subscriptions/b845979f-8603-49c4-819d-8a347f663159\",\"/subscriptions/ca36f55a-a366-46b0-bbfd-67c26cb4e8f0\",\"/subscriptions/cd84031b-67ef-43be-b0aa-45093719be08\",\"/subscriptions/fa12a77e-015c-46d0-b1c1-235d7549346f\"],\"description\":\"https://aka.ms/AVDblock\",\"metadata\":{\"createdBy\":\"7f1579a6-c648-43a1-ac1e-0c3020dd9b8e\",\"createdOn\":\"2020-11-17T19:41:36.3082667Z\",\"updatedBy\":\"7f1579a6-c648-43a1-ac1e-0c3020dd9b8e\",\"updatedOn\":\"2023-03-09T20:51:37.6178649Z\"},\"enforcementMode\":\"Default\"},\"id\":\"/providers/Microsoft.Management/managementGroups/72f988bf-86f1-41af-91ab-2d7cd011db47/providers/Microsoft.Authorization/policyAssignments/Block WVD creation\",\"type\":\"Microsoft.Authorization/policyAssignments\",\"name\":\"Block WVD creation\",\"systemData\":{\"lastModifiedBy\":\"sc-ze057@microsoft.com\",\"lastModifiedByType\":\"User\",\"lastModifiedAt\":\"2023-03-09T20:51:37.628398Z\"}},{\"identity\":{\"principalId\":\"de569224-4c32-4d4f-9a8a-d026361e2a20\",\"tenantId\":\"72f988bf-86f1-41af-91ab-2d7cd011db47\",\"type\":\"SystemAssigned\"},\"properties\":{\"displayName\":\"tony-test-modifyDenyMG\",\"policyDefinitionId\":\"/providers/Microsoft.Management/managementGroups/AzGovPerfTest/providers/Microsoft.Authorization/policyDefinitions/0489d72b-93a9-4632-8ec3-d9e20fba600a\",\"definitionVersion\":\"1.*.*\",\"scope\":\"/providers/Microsoft.Management/managementGroups/AzGovPerfTest\",\"notScopes\":[],\"parameters\":{\"tagName\":{\"value\":\"test\"}},\"metadata\":{\"assignedBy\":\"Tony Chen\",\"parameterScopes\":{},\"createdBy\":\"2e246f32-0d94-48a6-a899-e01cbe4c82a0\",\"createdOn\":\"2024-01-18T19:30:53.4456674Z\",\"updatedBy\":\"55899cf9-827a-4788-bed4-c0d5c16f943a\",\"updatedOn\":\"2024-02-23T19:47:34.9663592Z\"},\"enforcementMode\":\"Default\",\"nonComplianceMessages\":[],\"resourceSelectors\":[],\"overrides\":[]},\"id\":\"/providers/Microsoft.Management/managementGroups/AzGovPerfTest/providers/Microsoft.Authorization/policyAssignments/e4d662572b4f40409eed77e8\",\"type\":\"Microsoft.Authorization/policyAssignments\",\"name\":\"e4d662572b4f40409eed77e8\",\"location\":\"eastus\",\"systemData\":{\"createdBy\":\"qingyechen@microsoft.com\",\"createdByType\":\"User\",\"createdAt\":\"2024-01-18T19:30:52.6490143Z\",\"lastModifiedBy\":\"varunkum@microsoft.com\",\"lastModifiedByType\":\"User\",\"lastModifiedAt\":\"2024-02-23T19:47:34.7843087Z\"}},{\"properties\":{\"displayName\":\"IcM-413516148\",\"policyDefinitionId\":\"/subscriptions/edb2c18a-04d6-49e9-bc72-e23852f507ad/providers/Microsoft.Authorization/policyDefinitions/2baf7f68-7f74-45cc-beaa-dc9de40be3ef\",\"definitionVersion\":\"1.*.*\",\"scope\":\"/subscriptions/edb2c18a-04d6-49e9-bc72-e23852f507ad\",\"notScopes\":[],\"parameters\":{},\"description\":\"Repro for IcM 413516148\",\"metadata\":{\"assignedBy\":\"Chris Stackhouse\",\"parameterScopes\":{},\"createdBy\":\"3d826307-2481-45a0-a271-bcf9333f914a\",\"createdOn\":\"2023-08-12T00:45:35.2640788Z\",\"updatedBy\":null,\"updatedOn\":null},\"enforcementMode\":\"Default\",\"nonComplianceMessages\":[],\"resourceSelectors\":[],\"overrides\":[]},\"id\":\"/subscriptions/edb2c18a-04d6-49e9-bc72-e23852f507ad/providers/Microsoft.Authorization/policyAssignments/21eb5353068a4525b9472686\",\"type\":\"Microsoft.Authorization/policyAssignments\",\"name\":\"21eb5353068a4525b9472686\",\"systemData\":{\"createdBy\":\"cstack@ntdev.microsoft.com\",\"createdByType\":\"User\",\"createdAt\":\"2023-08-12T00:45:35.1616594Z\",\"lastModifiedBy\":\"cstack@ntdev.microsoft.com\",\"lastModifiedByType\":\"User\",\"lastModifiedAt\":\"2023-08-12T00:45:35.1616594Z\"}}]}",
      "isContentBase64": false
    }
  },
  "GetPolicyAssignment+[NoContext]+Get-AzPolicyAssignment -Scope \u003cMGScope\u003e+$GET+https://management.azure.com/providers/Microsoft.Management/managementGroups/someManagementGroup/providers/Microsoft.Authorization/policyAssignments?$filter=atScope()\u0026api-version=2023-04-01+1": {
    "Request": {
      "Method": "GET",
      "RequestUri": "https://management.azure.com/providers/Microsoft.Management/managementGroups/someManagementGroup/providers/Microsoft.Authorization/policyAssignments?$filter=atScope()\u0026api-version=2023-04-01",
      "Content": null,
      "isContentBase64": false,
      "Headers": {
        "x-ms-unique-id": [ "935" ],
        "x-ms-client-request-id": [ "bcfafca0-9c88-4384-ac7c-a2e581d21427" ],
        "CommandName": [ "\u0026" ],
        "FullCommandName": [ "Get-AzPolicyAssignment_List2" ],
        "ParameterSetName": [ "__AllParameterSets" ],
        "User-Agent": [ "AzurePowershell/v11.0.0", "PSVersion/v7.4.1", "Az.Policy/0.1.1" ],
        "Authorization": [ "[Filtered]" ]
      },
      "ContentHeaders": {
      }
    },
    "Response": {
      "StatusCode": 403,
      "Headers": {
        "Cache-Control": [ "no-cache" ],
        "Pragma": [ "no-cache" ],
        "x-ms-failure-cause": [ "gateway" ],
        "x-ms-request-id": [ "8e7faabf-80da-4fdd-ad65-62f0c2b7d625" ],
        "x-ms-correlation-request-id": [ "8e7faabf-80da-4fdd-ad65-62f0c2b7d625" ],
        "x-ms-routing-request-id": [ "WESTUS2:20240306T020546Z:8e7faabf-80da-4fdd-ad65-62f0c2b7d625" ],
        "Strict-Transport-Security": [ "max-age=31536000; includeSubDomains" ],
        "X-Content-Type-Options": [ "nosniff" ],
        "X-Cache": [ "CONFIG_NOCACHE" ],
        "X-MSEdge-Ref": [ "Ref A: DB96736C0DDD42FDA30CD37BC3AE0DDD Ref B: CO6AA3150220053 Ref C: 2024-03-06T02:05:46Z" ],
        "Date": [ "Wed, 06 Mar 2024 02:05:46 GMT" ]
      },
      "ContentHeaders": {
        "Content-Length": [ "447" ],
        "Content-Type": [ "application/json; charset=utf-8" ],
        "Expires": [ "-1" ]
      },
      "Content": "{\"error\":{\"code\":\"AuthorizationFailed\",\"message\":\"The client \u0027cstack@ntdev.microsoft.com\u0027 with object id \u00273d826307-2481-45a0-a271-bcf9333f914a\u0027 does not have authorization to perform action \u0027Microsoft.Authorization/policyAssignments/read\u0027 over scope \u0027/providers/Microsoft.Management/managementGroups/someManagementGroup/providers/Microsoft.Authorization\u0027 or the scope is invalid. If access was recently granted, please refresh your credentials.\"}}",
      "isContentBase64": false
    }
  },
  "GetPolicyAssignment+[NoContext]+Get-AzPolicyAssignment -Scope -PolicyDefinitionId+$GET+https://management.azure.com/subscriptions/edb2c18a-04d6-49e9-bc72-e23852f507ad/providers/Microsoft.Authorization/policyAssignments?$filter=policyDefinitionId eq \u0027someId\u0027\u0026api-version=2023-04-01+1": {
    "Request": {
      "Method": "GET",
      "RequestUri": "https://management.azure.com/subscriptions/edb2c18a-04d6-49e9-bc72-e23852f507ad/providers/Microsoft.Authorization/policyAssignments?$filter=policyDefinitionId%20eq%20\u0027someId\u0027\u0026api-version=2023-04-01",
      "Content": null,
      "isContentBase64": false,
      "Headers": {
        "x-ms-unique-id": [ "936" ],
        "x-ms-client-request-id": [ "35c1e41a-d664-40a9-9e70-a5857fc8760e" ],
        "CommandName": [ "\u0026" ],
        "FullCommandName": [ "Get-AzPolicyAssignment_List3" ],
        "ParameterSetName": [ "__AllParameterSets" ],
        "User-Agent": [ "AzurePowershell/v11.0.0", "PSVersion/v7.4.1", "Az.Policy/0.1.1" ],
        "Authorization": [ "[Filtered]" ]
      },
      "ContentHeaders": {
      }
    },
    "Response": {
      "StatusCode": 200,
      "Headers": {
        "Cache-Control": [ "no-cache" ],
        "Pragma": [ "no-cache" ],
        "Strict-Transport-Security": [ "max-age=31536000; includeSubDomains" ],
        "x-ms-ratelimit-remaining-subscription-reads": [ "11995" ],
        "x-ms-request-id": [ "12c5cfa7-238c-4222-9393-1420b262f6ca" ],
        "x-ms-correlation-request-id": [ "12c5cfa7-238c-4222-9393-1420b262f6ca" ],
        "x-ms-routing-request-id": [ "WESTUS2:20240306T020547Z:12c5cfa7-238c-4222-9393-1420b262f6ca" ],
        "X-Content-Type-Options": [ "nosniff" ],
        "X-Cache": [ "CONFIG_NOCACHE" ],
        "X-MSEdge-Ref": [ "Ref A: 20B2686A905D440DB447E8FD597D15E9 Ref B: CO6AA3150220053 Ref C: 2024-03-06T02:05:47Z" ],
        "Date": [ "Wed, 06 Mar 2024 02:05:47 GMT" ]
      },
      "ContentHeaders": {
        "Content-Length": [ "12" ],
        "Content-Type": [ "application/json; charset=utf-8" ],
        "Expires": [ "-1" ]
      },
      "Content": "{\"value\":[]}",
      "isContentBase64": false
    }
  },
  "GetPolicyAssignment+[NoContext]+Get-AzPolicyAssignment -Scope \u003cMGScope\u003e -PolicyDefinitionId+$GET+https://management.azure.com/providers/Microsoft.Management/managementGroups/someManagementGroup/providers/Microsoft.Authorization/policyAssignments?$filter=policyDefinitionId eq \u0027someId\u0027\u0026api-version=2023-04-01+1": {
    "Request": {
      "Method": "GET",
      "RequestUri": "https://management.azure.com/providers/Microsoft.Management/managementGroups/someManagementGroup/providers/Microsoft.Authorization/policyAssignments?$filter=policyDefinitionId%20eq%20\u0027someId\u0027\u0026api-version=2023-04-01",
      "Content": null,
      "isContentBase64": false,
      "Headers": {
        "x-ms-unique-id": [ "937" ],
        "x-ms-client-request-id": [ "74056ee0-530c-4aaa-89f6-b773c7e62d0b" ],
        "CommandName": [ "\u0026" ],
        "FullCommandName": [ "Get-AzPolicyAssignment_List2" ],
        "ParameterSetName": [ "__AllParameterSets" ],
        "User-Agent": [ "AzurePowershell/v11.0.0", "PSVersion/v7.4.1", "Az.Policy/0.1.1" ],
        "Authorization": [ "[Filtered]" ]
      },
      "ContentHeaders": {
      }
    },
    "Response": {
      "StatusCode": 403,
      "Headers": {
        "Cache-Control": [ "no-cache" ],
        "Pragma": [ "no-cache" ],
        "x-ms-failure-cause": [ "gateway" ],
        "x-ms-request-id": [ "b277f2cf-27fe-4813-9a62-ad8a573e0fff" ],
        "x-ms-correlation-request-id": [ "b277f2cf-27fe-4813-9a62-ad8a573e0fff" ],
        "x-ms-routing-request-id": [ "WESTUS2:20240306T020547Z:b277f2cf-27fe-4813-9a62-ad8a573e0fff" ],
        "Strict-Transport-Security": [ "max-age=31536000; includeSubDomains" ],
        "X-Content-Type-Options": [ "nosniff" ],
        "X-Cache": [ "CONFIG_NOCACHE" ],
        "X-MSEdge-Ref": [ "Ref A: 227F2B0D710E4387B8C2433F4AA12942 Ref B: CO6AA3150220053 Ref C: 2024-03-06T02:05:47Z" ],
        "Date": [ "Wed, 06 Mar 2024 02:05:47 GMT" ]
      },
      "ContentHeaders": {
        "Content-Length": [ "447" ],
        "Content-Type": [ "application/json; charset=utf-8" ],
        "Expires": [ "-1" ]
      },
      "Content": "{\"error\":{\"code\":\"AuthorizationFailed\",\"message\":\"The client \u0027cstack@ntdev.microsoft.com\u0027 with object id \u00273d826307-2481-45a0-a271-bcf9333f914a\u0027 does not have authorization to perform action \u0027Microsoft.Authorization/policyAssignments/read\u0027 over scope \u0027/providers/Microsoft.Management/managementGroups/someManagementGroup/providers/Microsoft.Authorization\u0027 or the scope is invalid. If access was recently granted, please refresh your credentials.\"}}",
      "isContentBase64": false
    }
  },
  "GetPolicyAssignment+[NoContext]+Get-AzPolicyAssignment -Scope -IncludeDescendent+$GET+https://management.azure.com/subscriptions/edb2c18a-04d6-49e9-bc72-e23852f507ad/providers/Microsoft.Authorization/policyAssignments?api-version=2023-04-01+1": {
    "Request": {
      "Method": "GET",
      "RequestUri": "https://management.azure.com/subscriptions/edb2c18a-04d6-49e9-bc72-e23852f507ad/providers/Microsoft.Authorization/policyAssignments?api-version=2023-04-01",
      "Content": null,
      "isContentBase64": false,
      "Headers": {
        "x-ms-unique-id": [ "938" ],
        "x-ms-client-request-id": [ "64dd7110-a010-4d0e-b703-1edc418cf21f" ],
        "CommandName": [ "\u0026" ],
        "FullCommandName": [ "Get-AzPolicyAssignment_List3" ],
        "ParameterSetName": [ "__AllParameterSets" ],
        "User-Agent": [ "AzurePowershell/v11.0.0", "PSVersion/v7.4.1", "Az.Policy/0.1.1" ],
        "Authorization": [ "[Filtered]" ]
      },
      "ContentHeaders": {
      }
    },
    "Response": {
      "StatusCode": 200,
      "Headers": {
        "Cache-Control": [ "no-cache" ],
        "Pragma": [ "no-cache" ],
        "Strict-Transport-Security": [ "max-age=31536000; includeSubDomains" ],
        "x-ms-ratelimit-remaining-subscription-reads": [ "11997" ],
        "x-ms-request-id": [ "63d6c29b-d057-4c7a-a765-3a0e983e414f" ],
        "x-ms-correlation-request-id": [ "63d6c29b-d057-4c7a-a765-3a0e983e414f" ],
        "x-ms-routing-request-id": [ "WESTUS2:20240306T020548Z:63d6c29b-d057-4c7a-a765-3a0e983e414f" ],
        "X-Content-Type-Options": [ "nosniff" ],
        "X-Cache": [ "CONFIG_NOCACHE" ],
        "X-MSEdge-Ref": [ "Ref A: EF50565F1B7A412F80D5F8979CB6F789 Ref B: CO6AA3150220053 Ref C: 2024-03-06T02:05:48Z" ],
        "Date": [ "Wed, 06 Mar 2024 02:05:48 GMT" ]
      },
      "ContentHeaders": {
        "Content-Length": [ "13924" ],
        "Content-Type": [ "application/json; charset=utf-8" ],
        "Expires": [ "-1" ]
      },
      "Content": "{\"value\":[{\"properties\":{\"displayName\":\"IcM-413516148\",\"policyDefinitionId\":\"/subscriptions/edb2c18a-04d6-49e9-bc72-e23852f507ad/providers/Microsoft.Authorization/policyDefinitions/2baf7f68-7f74-45cc-beaa-dc9de40be3ef\",\"definitionVersion\":\"1.*.*\",\"scope\":\"/subscriptions/edb2c18a-04d6-49e9-bc72-e23852f507ad\",\"notScopes\":[],\"parameters\":{},\"description\":\"Repro for IcM 413516148\",\"metadata\":{\"assignedBy\":\"Chris Stackhouse\",\"parameterScopes\":{},\"createdBy\":\"3d826307-2481-45a0-a271-bcf9333f914a\",\"createdOn\":\"2023-08-12T00:45:35.2640788Z\",\"updatedBy\":null,\"updatedOn\":null},\"enforcementMode\":\"Default\",\"nonComplianceMessages\":[],\"resourceSelectors\":[],\"overrides\":[]},\"id\":\"/subscriptions/edb2c18a-04d6-49e9-bc72-e23852f507ad/providers/Microsoft.Authorization/policyAssignments/21eb5353068a4525b9472686\",\"type\":\"Microsoft.Authorization/policyAssignments\",\"name\":\"21eb5353068a4525b9472686\",\"systemData\":{\"createdBy\":\"cstack@ntdev.microsoft.com\",\"createdByType\":\"User\",\"createdAt\":\"2023-08-12T00:45:35.1616594Z\",\"lastModifiedBy\":\"cstack@ntdev.microsoft.com\",\"lastModifiedByType\":\"User\",\"lastModifiedAt\":\"2023-08-12T00:45:35.1616594Z\"}},{\"properties\":{\"displayName\":\"App Service apps should have local authentication methods disabled for FTP deployments\",\"policyDefinitionId\":\"/providers/Microsoft.Authorization/policyDefinitions/871b205b-57cf-4e1e-a234-492616998bf7\",\"definitionVersion\":\"1.*.*\",\"scope\":\"/providers/microsoft.management/managementgroups/72f988bf-86f1-41af-91ab-2d7cd011db47\",\"metadata\":{\"createdBy\":\"6a7863b1-49b0-41e5-b70e-242201f6e5b8\",\"createdOn\":\"2023-04-20T23:39:51.0887005Z\",\"updatedBy\":null,\"updatedOn\":null},\"enforcementMode\":\"Default\"},\"id\":\"/providers/microsoft.management/managementgroups/72f988bf-86f1-41af-91ab-2d7cd011db47/providers/Microsoft.Authorization/policyAssignments/5a11252257f8411\",\"type\":\"Microsoft.Authorization/policyAssignments\",\"name\":\"5a11252257f8411\",\"systemData\":{\"createdBy\":\"SC-wp401@microsoft.com\",\"createdByType\":\"User\",\"createdAt\":\"2023-04-20T23:39:51.0293826Z\",\"lastModifiedBy\":\"SC-wp401@microsoft.com\",\"lastModifiedByType\":\"User\",\"lastModifiedAt\":\"2023-04-20T23:39:51.0293826Z\"}},{\"properties\":{\"displayName\":\"App Service app slots should have local authentication methods disabled for FTP deployments\",\"policyDefinitionId\":\"/providers/Microsoft.Authorization/policyDefinitions/ec71c0bc-6a45-4b1f-9587-80dc83e6898c\",\"definitionVersion\":\"1.*.*\",\"scope\":\"/providers/microsoft.management/managementgroups/72f988bf-86f1-41af-91ab-2d7cd011db47\",\"metadata\":{\"createdBy\":\"6a7863b1-49b0-41e5-b70e-242201f6e5b8\",\"createdOn\":\"2023-04-20T23:46:14.3195728Z\",\"updatedBy\":null,\"updatedOn\":null},\"enforcementMode\":\"Default\"},\"id\":\"/providers/microsoft.management/managementgroups/72f988bf-86f1-41af-91ab-2d7cd011db47/providers/Microsoft.Authorization/policyAssignments/baa55f59929449b\",\"type\":\"Microsoft.Authorization/policyAssignments\",\"name\":\"baa55f59929449b\",\"systemData\":{\"createdBy\":\"SC-wp401@microsoft.com\",\"createdByType\":\"User\",\"createdAt\":\"2023-04-20T23:46:14.284484Z\",\"lastModifiedBy\":\"SC-wp401@microsoft.com\",\"lastModifiedByType\":\"User\",\"lastModifiedAt\":\"2023-04-20T23:46:14.284484Z\"}},{\"properties\":{\"displayName\":\"App Service app slots should have local authentication methods disabled for SCM site deployments\",\"policyDefinitionId\":\"/providers/Microsoft.Authorization/policyDefinitions/847ef871-e2fe-4e6e-907e-4adbf71de5cf\",\"definitionVersion\":\"1.*.*\",\"scope\":\"/providers/microsoft.management/managementgroups/72f988bf-86f1-41af-91ab-2d7cd011db47\",\"metadata\":{\"createdBy\":\"6a7863b1-49b0-41e5-b70e-242201f6e5b8\",\"createdOn\":\"2023-04-20T23:46:33.2991452Z\",\"updatedBy\":null,\"updatedOn\":null},\"enforcementMode\":\"Default\"},\"id\":\"/providers/microsoft.management/managementgroups/72f988bf-86f1-41af-91ab-2d7cd011db47/providers/Microsoft.Authorization/policyAssignments/4608d85244b844b\",\"type\":\"Microsoft.Authorization/policyAssignments\",\"name\":\"4608d85244b844b\",\"systemData\":{\"createdBy\":\"SC-wp401@microsoft.com\",\"createdByType\":\"User\",\"createdAt\":\"2023-04-20T23:46:33.2613353Z\",\"lastModifiedBy\":\"SC-wp401@microsoft.com\",\"lastModifiedByType\":\"User\",\"lastModifiedAt\":\"2023-04-20T23:46:33.2613353Z\"}},{\"properties\":{\"displayName\":\"App Service apps should have local authentication methods disabled for SCM site deployments\",\"policyDefinitionId\":\"/providers/Microsoft.Authorization/policyDefinitions/aede300b-d67f-480a-ae26-4b3dfb1a1fdc\",\"definitionVersion\":\"1.*.*\",\"scope\":\"/providers/microsoft.management/managementgroups/72f988bf-86f1-41af-91ab-2d7cd011db47\",\"metadata\":{\"createdBy\":\"6a7863b1-49b0-41e5-b70e-242201f6e5b8\",\"createdOn\":\"2023-04-20T23:46:59.3510701Z\",\"updatedBy\":null,\"updatedOn\":null},\"enforcementMode\":\"Default\"},\"id\":\"/providers/microsoft.management/managementgroups/72f988bf-86f1-41af-91ab-2d7cd011db47/providers/Microsoft.Authorization/policyAssignments/8b5eeefe772b4a3\",\"type\":\"Microsoft.Authorization/policyAssignments\",\"name\":\"8b5eeefe772b4a3\",\"systemData\":{\"createdBy\":\"SC-wp401@microsoft.com\",\"createdByType\":\"User\",\"createdAt\":\"2023-04-20T23:46:59.3138673Z\",\"lastModifiedBy\":\"SC-wp401@microsoft.com\",\"lastModifiedByType\":\"User\",\"lastModifiedAt\":\"2023-04-20T23:46:59.3138673Z\"}},{\"identity\":{\"type\":\"UserAssigned\",\"userAssignedIdentities\":{\"/subscriptions/016c59e7-b9c0-4635-adbf-88c003b9d545/resourcegroups/Identities/providers/Microsoft.ManagedIdentity/userAssignedIdentities/cloudgovremediationwebcontributor\":{\"principalId\":\"2dd1ea73-4024-489e-83a4-45cb3e962f69\",\"clientId\":\"9af16176-9a0a-40a9-9850-fb5c0c4d0847\"}}},\"properties\":{\"displayName\":\"Configure App Service app to disable local authentication for FTP deployments and SCM sites\",\"policyDefinitionId\":\"/providers/Microsoft.Management/managementGroups/72f988bf-86f1-41af-91ab-2d7cd011db47/providers/Microsoft.Authorization/policySetDefinitions/CloudGov_WebAuth_FtpScm\",\"definitionVersion\":\"1.*.*\",\"scope\":\"/providers/Microsoft.Management/managementGroups/72f988bf-86f1-41af-91ab-2d7cd011db47\",\"notScopes\":[\"/providers/Microsoft.Management/managementGroups/cc1750fe-984c-4839-9870-7357641d49ee\"],\"parameters\":{\"skipTag\":{\"value\":\"SkipBPCP\"},\"effect\":{\"value\":\"DeployIfNotExists\"}},\"description\":\"The deployment connections make the transmitted data/code vulnerable to network attacks. Basic authentication is being disabled centrally for all internal applications to improve security posture. For more information navigate to https://eng.ms/cid/f05c4f52-a18d-45a3-87b2-b5d7cf0e5270/fid/6a39d57a2c596d043b5f18e2995b23da0bbc0fab4d1fa0952d0b767f864e2695. If an incident is related to the following policy, please open an IcM incident via https://portal.microsofticm.com/imp/v3/incidents/details/383328883/home\",\"metadata\":{\"assignedBy\":\"Cloud Governance\",\"createdBy\":\"fa00c2de-57d5-4527-9254-4d513f482d0a\",\"createdOn\":\"2023-05-04T20:15:16.8937639Z\",\"updatedBy\":\"fa00c2de-57d5-4527-9254-4d513f482d0a\",\"updatedOn\":\"2023-06-14T20:43:04.0924622Z\",\"parameterScopes\":{}},\"enforcementMode\":\"Default\",\"nonComplianceMessages\":[{\"message\":\"The resource has not complaint Basic Authentication configurations. If following policy is blocking your actions that have a valid security and business reason to remain non compliant, please add \u0027SkipBPCP\u0027 tagName with any value on your Web App. Make sure to follow up with an official exemption request via https://forms.office.com/pages/responsepage.aspx?id=v4j5cvGGr0GRqy180BHbR9EtRz46cDVGn585Xp39USZUODk2QVBSWU9CMFpSN0NVOElWSFY5WlBaSy4u\"}],\"resourceSelectors\":[],\"overrides\":[]},\"id\":\"/providers/Microsoft.Management/managementGroups/72f988bf-86f1-41af-91ab-2d7cd011db47/providers/Microsoft.Authorization/policyAssignments/CloudGov_WebAuth_FtpScm\",\"type\":\"Microsoft.Authorization/policyAssignments\",\"name\":\"CloudGov_WebAuth_FtpScm\",\"location\":\"eastus\",\"systemData\":{\"createdBy\":\"SC-yo37@microsoft.com\",\"createdByType\":\"User\",\"createdAt\":\"2023-05-04T20:15:15.8937864Z\",\"lastModifiedBy\":\"SC-yo37@microsoft.com\",\"lastModifiedByType\":\"User\",\"lastModifiedAt\":\"2023-06-14T20:43:03.6669341Z\"}},{\"identity\":{\"type\":\"UserAssigned\",\"userAssignedIdentities\":{\"/subscriptions/016c59e7-b9c0-4635-adbf-88c003b9d545/resourcegroups/Identities/providers/Microsoft.ManagedIdentity/userAssignedIdentities/cloudgovremediationsecadmin\":{\"principalId\":\"cf2265bb-8d4f-4ca9-ae95-fc5bb25aa339\",\"clientId\":\"1681edd0-20cb-4b04-ac27-c810cf52dc17\"}}},\"properties\":{\"displayName\":\"Enable 3 Azure Defender plans in Microsoft Defender for Cloud regards to KR51 project\",\"policyDefinitionId\":\"/providers/Microsoft.Management/managementGroups/72f988bf-86f1-41af-91ab-2d7cd011db47/providers/Microsoft.Authorization/policySetDefinitions/CloudGov_MsDefenderCloud\",\"definitionVersion\":\"1.*.*\",\"scope\":\"/providers/Microsoft.Management/managementGroups/72f988bf-86f1-41af-91ab-2d7cd011db47\",\"notScopes\":[\"/providers/Microsoft.Management/managementGroups/CnAIOrchestrationServicePublicCorpprod\",\"/providers/Microsoft.Management/managementGroups/CnAIHoldingManagementGroupPublicCorp\",\"/providers/Microsoft.Management/managementGroups/manage12\",\"/providers/Microsoft.Management/managementGroups/a7ade9d2-d557-4382-a1c1-eb44a72fb214\"],\"description\":\"MDC is a CSPM and CWPP for all of your Azure/on-premises/multicloud resources. It fills vital needs as you manage the security of your resources and workloads in the cloud and on-premises. For more information, identify the Control Name in \u0027Protections and Remediations\u0027 table from https://aka.ms/cloudgov-policies-and-remediations. If an incident is related to following policy, please open an IcM incident via https://portal.microsofticm.com/imp/v3/incidents/create?tmpl=e2042\",\"metadata\":{\"assignedBy\":\"Cloud Governance\",\"createdBy\":\"0cf7b301-43f3-4b77-8fa3-533ef1ad19fa\",\"createdOn\":\"2024-01-17T18:08:42.7749971Z\",\"updatedBy\":\"0cf7b301-43f3-4b77-8fa3-533ef1ad19fa\",\"updatedOn\":\"2024-02-01T19:21:57.7120067Z\"},\"enforcementMode\":\"Default\",\"nonComplianceMessages\":[{\"message\":\"This configuration is not compliant.  Please refer to \u0027Remediation scenarios\u0027 from https://aka.ms/cloudgov-policies-and-remediations for more details.\"}],\"resourceSelectors\":[],\"overrides\":[]},\"id\":\"/providers/Microsoft.Management/managementGroups/72f988bf-86f1-41af-91ab-2d7cd011db47/providers/Microsoft.Authorization/policyAssignments/CloudGov_MsDefenderCloud\",\"type\":\"Microsoft.Authorization/policyAssignments\",\"name\":\"CloudGov_MsDefenderCloud\",\"location\":\"eastus\",\"systemData\":{\"createdBy\":\"sc-an693@microsoft.com\",\"createdByType\":\"User\",\"createdAt\":\"2024-01-17T18:08:42.3197613Z\",\"lastModifiedBy\":\"sc-an693@microsoft.com\",\"lastModifiedByType\":\"User\",\"lastModifiedAt\":\"2024-02-01T19:21:57.4790221Z\"}},{\"properties\":{\"displayName\":\"Block WVD creation (aka.ms/avdblock)\",\"policyDefinitionId\":\"/providers/Microsoft.Management/managementGroups/72f988bf-86f1-41af-91ab-2d7cd011db47/providers/Microsoft.Authorization/policyDefinitions/Deny WVD creation\",\"definitionVersion\":\"1.*.*\",\"scope\":\"/providers/Microsoft.Management/managementGroups/72f988bf-86f1-41af-91ab-2d7cd011db47\",\"notScopes\":[\"/providers/Microsoft.Management/managementGroups/595d008b-0e4c-41f8-af09-254420fd7571\",\"/providers/Microsoft.Management/managementGroups/64cd7b97-58e0-44d3-832b-55657739bde3\",\"/providers/Microsoft.Management/managementGroups/6a8d5cf2-21ba-4c40-b3df-d271a7053ac1\",\"/providers/Microsoft.Management/managementGroups/9ce3369a-545b-cfba-c329-3631400b552f\",\"/providers/Microsoft.Management/managementGroups/CloudPCMSFTSubscriptions\",\"/providers/Microsoft.Management/managementGroups/MSFT-DSRE-ISO-IAM\",\"/subscriptions/007ee280-d2d4-46c2-8504-0fddd121c219\",\"/subscriptions/03564a44-5aef-4331-b282-f30eec8c48c9\",\"/subscriptions/3ae2e9a4-54bd-459f-8211-6f920ecd52c4\",\"/subscriptions/618f7b25-b146-4c0e-a21b-2f1c67e78648\",\"/subscriptions/7b7593ca-92d5-4e89-8cdb-ab6212795535\",\"/subscriptions/b845979f-8603-49c4-819d-8a347f663159\",\"/subscriptions/ca36f55a-a366-46b0-bbfd-67c26cb4e8f0\",\"/subscriptions/cd84031b-67ef-43be-b0aa-45093719be08\",\"/subscriptions/fa12a77e-015c-46d0-b1c1-235d7549346f\"],\"description\":\"https://aka.ms/AVDblock\",\"metadata\":{\"createdBy\":\"7f1579a6-c648-43a1-ac1e-0c3020dd9b8e\",\"createdOn\":\"2020-11-17T19:41:36.3082667Z\",\"updatedBy\":\"7f1579a6-c648-43a1-ac1e-0c3020dd9b8e\",\"updatedOn\":\"2023-03-09T20:51:37.6178649Z\"},\"enforcementMode\":\"Default\"},\"id\":\"/providers/Microsoft.Management/managementGroups/72f988bf-86f1-41af-91ab-2d7cd011db47/providers/Microsoft.Authorization/policyAssignments/Block WVD creation\",\"type\":\"Microsoft.Authorization/policyAssignments\",\"name\":\"Block WVD creation\",\"systemData\":{\"lastModifiedBy\":\"sc-ze057@microsoft.com\",\"lastModifiedByType\":\"User\",\"lastModifiedAt\":\"2023-03-09T20:51:37.628398Z\"}},{\"identity\":{\"principalId\":\"de569224-4c32-4d4f-9a8a-d026361e2a20\",\"tenantId\":\"72f988bf-86f1-41af-91ab-2d7cd011db47\",\"type\":\"SystemAssigned\"},\"properties\":{\"displayName\":\"tony-test-modifyDenyMG\",\"policyDefinitionId\":\"/providers/Microsoft.Management/managementGroups/AzGovPerfTest/providers/Microsoft.Authorization/policyDefinitions/0489d72b-93a9-4632-8ec3-d9e20fba600a\",\"definitionVersion\":\"1.*.*\",\"scope\":\"/providers/Microsoft.Management/managementGroups/AzGovPerfTest\",\"notScopes\":[],\"parameters\":{\"tagName\":{\"value\":\"test\"}},\"metadata\":{\"assignedBy\":\"Tony Chen\",\"parameterScopes\":{},\"createdBy\":\"2e246f32-0d94-48a6-a899-e01cbe4c82a0\",\"createdOn\":\"2024-01-18T19:30:53.4456674Z\",\"updatedBy\":\"55899cf9-827a-4788-bed4-c0d5c16f943a\",\"updatedOn\":\"2024-02-23T19:47:34.9663592Z\"},\"enforcementMode\":\"Default\",\"nonComplianceMessages\":[],\"resourceSelectors\":[],\"overrides\":[]},\"id\":\"/providers/Microsoft.Management/managementGroups/AzGovPerfTest/providers/Microsoft.Authorization/policyAssignments/e4d662572b4f40409eed77e8\",\"type\":\"Microsoft.Authorization/policyAssignments\",\"name\":\"e4d662572b4f40409eed77e8\",\"location\":\"eastus\",\"systemData\":{\"createdBy\":\"qingyechen@microsoft.com\",\"createdByType\":\"User\",\"createdAt\":\"2024-01-18T19:30:52.6490143Z\",\"lastModifiedBy\":\"varunkum@microsoft.com\",\"lastModifiedByType\":\"User\",\"lastModifiedAt\":\"2024-02-23T19:47:34.7843087Z\"}}]}",
      "isContentBase64": false
    }
  },
  "GetPolicyAssignment+[NoContext]+Get-AzPolicyAssignment -Id+$GET+https://management.azure.com//subscriptions/edb2c18a-04d6-49e9-bc72-e23852f507ad/providers/Microsoft.Authorization/policyAssignments/someName?api-version=2023-04-01+1": {
    "Request": {
      "Method": "GET",
      "RequestUri": "https://management.azure.com//subscriptions/edb2c18a-04d6-49e9-bc72-e23852f507ad/providers/Microsoft.Authorization/policyAssignments/someName?api-version=2023-04-01",
      "Content": null,
      "isContentBase64": false,
      "Headers": {
        "x-ms-unique-id": [ "939" ],
        "x-ms-client-request-id": [ "009e6a9e-5ff6-4266-a4b2-f3f9e94f2ffe" ],
        "CommandName": [ "\u0026" ],
        "FullCommandName": [ "Get-AzPolicyAssignment_Get1" ],
        "ParameterSetName": [ "__AllParameterSets" ],
        "User-Agent": [ "AzurePowershell/v11.0.0", "PSVersion/v7.4.1", "Az.Policy/0.1.1" ],
        "Authorization": [ "[Filtered]" ]
      },
      "ContentHeaders": {
      }
    },
    "Response": {
      "StatusCode": 404,
      "Headers": {
        "Cache-Control": [ "no-store, no-cache" ],
        "Pragma": [ "no-cache" ],
        "x-ms-ratelimit-remaining-subscription-reads": [ "11997" ],
        "x-ms-request-id": [ "1e54deba-d2c1-4c3e-a757-8ddcf02177c4" ],
        "x-ms-correlation-request-id": [ "1e54deba-d2c1-4c3e-a757-8ddcf02177c4" ],
        "x-ms-routing-request-id": [ "WESTUS2:20240306T020549Z:1e54deba-d2c1-4c3e-a757-8ddcf02177c4" ],
        "Strict-Transport-Security": [ "max-age=31536000; includeSubDomains" ],
        "X-Content-Type-Options": [ "nosniff" ],
        "X-Cache": [ "CONFIG_NOCACHE" ],
        "X-MSEdge-Ref": [ "Ref A: 65A8230B418F40EFB34702961FDF027D Ref B: CO6AA3150220053 Ref C: 2024-03-06T02:05:49Z" ],
        "Date": [ "Wed, 06 Mar 2024 02:05:48 GMT" ]
      },
      "ContentHeaders": {
        "Content-Length": [ "104" ],
        "Content-Type": [ "application/json" ],
        "Expires": [ "-1" ]
      },
      "Content": "{\"error\":{\"code\":\"PolicyAssignmentNotFound\",\"message\":\"The policy assignment \u0027someName\u0027 is not found.\"}}",
      "isContentBase64": false
    }
  },
  "GetPolicyAssignment+[NoContext]+Get-AzPolicyAssignment -PolicyDefinitionId+$GET+https://management.azure.com/subscriptions/edb2c18a-04d6-49e9-bc72-e23852f507ad/providers/Microsoft.Authorization/policyAssignments?$filter=policyDefinitionId eq \u0027someId\u0027\u0026api-version=2023-04-01+1": {
    "Request": {
      "Method": "GET",
      "RequestUri": "https://management.azure.com/subscriptions/edb2c18a-04d6-49e9-bc72-e23852f507ad/providers/Microsoft.Authorization/policyAssignments?$filter=policyDefinitionId%20eq%20\u0027someId\u0027\u0026api-version=2023-04-01",
      "Content": null,
      "isContentBase64": false,
      "Headers": {
        "x-ms-unique-id": [ "940" ],
        "x-ms-client-request-id": [ "1bd30c7d-3a22-464c-9ceb-7392de4d16ef" ],
        "CommandName": [ "\u0026" ],
        "FullCommandName": [ "Get-AzPolicyAssignment_List3" ],
        "ParameterSetName": [ "__AllParameterSets" ],
        "User-Agent": [ "AzurePowershell/v11.0.0", "PSVersion/v7.4.1", "Az.Policy/0.1.1" ],
        "Authorization": [ "[Filtered]" ]
      },
      "ContentHeaders": {
      }
    },
    "Response": {
      "StatusCode": 200,
      "Headers": {
        "Cache-Control": [ "no-cache" ],
        "Pragma": [ "no-cache" ],
        "Strict-Transport-Security": [ "max-age=31536000; includeSubDomains" ],
        "x-ms-ratelimit-remaining-subscription-reads": [ "11995" ],
        "x-ms-request-id": [ "7af9296f-7d72-42a3-aac3-41615943fa98" ],
        "x-ms-correlation-request-id": [ "7af9296f-7d72-42a3-aac3-41615943fa98" ],
        "x-ms-routing-request-id": [ "WESTUS2:20240306T020549Z:7af9296f-7d72-42a3-aac3-41615943fa98" ],
        "X-Content-Type-Options": [ "nosniff" ],
        "X-Cache": [ "CONFIG_NOCACHE" ],
        "X-MSEdge-Ref": [ "Ref A: CEE92007EFB94645B1AD1EF4E24D1A48 Ref B: CO6AA3150220053 Ref C: 2024-03-06T02:05:49Z" ],
        "Date": [ "Wed, 06 Mar 2024 02:05:49 GMT" ]
      },
      "ContentHeaders": {
        "Content-Length": [ "12" ],
        "Content-Type": [ "application/json; charset=utf-8" ],
        "Expires": [ "-1" ]
      },
      "Content": "{\"value\":[]}",
      "isContentBase64": false
    }
  },
  "GetPolicyAssignment+[NoContext]+Get-AzPolicyAssignment -IncludeDescendent+$GET+https://management.azure.com/subscriptions/edb2c18a-04d6-49e9-bc72-e23852f507ad/providers/Microsoft.Authorization/policyAssignments?api-version=2023-04-01+1": {
    "Request": {
      "Method": "GET",
      "RequestUri": "https://management.azure.com/subscriptions/edb2c18a-04d6-49e9-bc72-e23852f507ad/providers/Microsoft.Authorization/policyAssignments?api-version=2023-04-01",
      "Content": null,
      "isContentBase64": false,
      "Headers": {
        "x-ms-unique-id": [ "941" ],
        "x-ms-client-request-id": [ "0cf568ed-196e-4639-b5b7-52b5a5e659d1" ],
        "CommandName": [ "\u0026" ],
        "FullCommandName": [ "Get-AzPolicyAssignment_List3" ],
        "ParameterSetName": [ "__AllParameterSets" ],
        "User-Agent": [ "AzurePowershell/v11.0.0", "PSVersion/v7.4.1", "Az.Policy/0.1.1" ],
        "Authorization": [ "[Filtered]" ]
      },
      "ContentHeaders": {
      }
    },
    "Response": {
      "StatusCode": 200,
      "Headers": {
        "Cache-Control": [ "no-cache" ],
        "Pragma": [ "no-cache" ],
        "Strict-Transport-Security": [ "max-age=31536000; includeSubDomains" ],
        "x-ms-ratelimit-remaining-subscription-reads": [ "11993" ],
        "x-ms-request-id": [ "cbe15850-617c-4b5f-95e1-81bc5233e160" ],
        "x-ms-correlation-request-id": [ "cbe15850-617c-4b5f-95e1-81bc5233e160" ],
        "x-ms-routing-request-id": [ "WESTUS2:20240306T020550Z:cbe15850-617c-4b5f-95e1-81bc5233e160" ],
        "X-Content-Type-Options": [ "nosniff" ],
        "X-Cache": [ "CONFIG_NOCACHE" ],
        "X-MSEdge-Ref": [ "Ref A: 9E5EBB2B32D24883A0DC3A7E241A0E30 Ref B: CO6AA3150220053 Ref C: 2024-03-06T02:05:50Z" ],
        "Date": [ "Wed, 06 Mar 2024 02:05:49 GMT" ]
      },
      "ContentHeaders": {
        "Content-Length": [ "13924" ],
        "Content-Type": [ "application/json; charset=utf-8" ],
        "Expires": [ "-1" ]
      },
      "Content": "{\"value\":[{\"properties\":{\"displayName\":\"IcM-413516148\",\"policyDefinitionId\":\"/subscriptions/edb2c18a-04d6-49e9-bc72-e23852f507ad/providers/Microsoft.Authorization/policyDefinitions/2baf7f68-7f74-45cc-beaa-dc9de40be3ef\",\"definitionVersion\":\"1.*.*\",\"scope\":\"/subscriptions/edb2c18a-04d6-49e9-bc72-e23852f507ad\",\"notScopes\":[],\"parameters\":{},\"description\":\"Repro for IcM 413516148\",\"metadata\":{\"assignedBy\":\"Chris Stackhouse\",\"parameterScopes\":{},\"createdBy\":\"3d826307-2481-45a0-a271-bcf9333f914a\",\"createdOn\":\"2023-08-12T00:45:35.2640788Z\",\"updatedBy\":null,\"updatedOn\":null},\"enforcementMode\":\"Default\",\"nonComplianceMessages\":[],\"resourceSelectors\":[],\"overrides\":[]},\"id\":\"/subscriptions/edb2c18a-04d6-49e9-bc72-e23852f507ad/providers/Microsoft.Authorization/policyAssignments/21eb5353068a4525b9472686\",\"type\":\"Microsoft.Authorization/policyAssignments\",\"name\":\"21eb5353068a4525b9472686\",\"systemData\":{\"createdBy\":\"cstack@ntdev.microsoft.com\",\"createdByType\":\"User\",\"createdAt\":\"2023-08-12T00:45:35.1616594Z\",\"lastModifiedBy\":\"cstack@ntdev.microsoft.com\",\"lastModifiedByType\":\"User\",\"lastModifiedAt\":\"2023-08-12T00:45:35.1616594Z\"}},{\"properties\":{\"displayName\":\"App Service apps should have local authentication methods disabled for FTP deployments\",\"policyDefinitionId\":\"/providers/Microsoft.Authorization/policyDefinitions/871b205b-57cf-4e1e-a234-492616998bf7\",\"definitionVersion\":\"1.*.*\",\"scope\":\"/providers/microsoft.management/managementgroups/72f988bf-86f1-41af-91ab-2d7cd011db47\",\"metadata\":{\"createdBy\":\"6a7863b1-49b0-41e5-b70e-242201f6e5b8\",\"createdOn\":\"2023-04-20T23:39:51.0887005Z\",\"updatedBy\":null,\"updatedOn\":null},\"enforcementMode\":\"Default\"},\"id\":\"/providers/microsoft.management/managementgroups/72f988bf-86f1-41af-91ab-2d7cd011db47/providers/Microsoft.Authorization/policyAssignments/5a11252257f8411\",\"type\":\"Microsoft.Authorization/policyAssignments\",\"name\":\"5a11252257f8411\",\"systemData\":{\"createdBy\":\"SC-wp401@microsoft.com\",\"createdByType\":\"User\",\"createdAt\":\"2023-04-20T23:39:51.0293826Z\",\"lastModifiedBy\":\"SC-wp401@microsoft.com\",\"lastModifiedByType\":\"User\",\"lastModifiedAt\":\"2023-04-20T23:39:51.0293826Z\"}},{\"properties\":{\"displayName\":\"App Service app slots should have local authentication methods disabled for FTP deployments\",\"policyDefinitionId\":\"/providers/Microsoft.Authorization/policyDefinitions/ec71c0bc-6a45-4b1f-9587-80dc83e6898c\",\"definitionVersion\":\"1.*.*\",\"scope\":\"/providers/microsoft.management/managementgroups/72f988bf-86f1-41af-91ab-2d7cd011db47\",\"metadata\":{\"createdBy\":\"6a7863b1-49b0-41e5-b70e-242201f6e5b8\",\"createdOn\":\"2023-04-20T23:46:14.3195728Z\",\"updatedBy\":null,\"updatedOn\":null},\"enforcementMode\":\"Default\"},\"id\":\"/providers/microsoft.management/managementgroups/72f988bf-86f1-41af-91ab-2d7cd011db47/providers/Microsoft.Authorization/policyAssignments/baa55f59929449b\",\"type\":\"Microsoft.Authorization/policyAssignments\",\"name\":\"baa55f59929449b\",\"systemData\":{\"createdBy\":\"SC-wp401@microsoft.com\",\"createdByType\":\"User\",\"createdAt\":\"2023-04-20T23:46:14.284484Z\",\"lastModifiedBy\":\"SC-wp401@microsoft.com\",\"lastModifiedByType\":\"User\",\"lastModifiedAt\":\"2023-04-20T23:46:14.284484Z\"}},{\"properties\":{\"displayName\":\"App Service app slots should have local authentication methods disabled for SCM site deployments\",\"policyDefinitionId\":\"/providers/Microsoft.Authorization/policyDefinitions/847ef871-e2fe-4e6e-907e-4adbf71de5cf\",\"definitionVersion\":\"1.*.*\",\"scope\":\"/providers/microsoft.management/managementgroups/72f988bf-86f1-41af-91ab-2d7cd011db47\",\"metadata\":{\"createdBy\":\"6a7863b1-49b0-41e5-b70e-242201f6e5b8\",\"createdOn\":\"2023-04-20T23:46:33.2991452Z\",\"updatedBy\":null,\"updatedOn\":null},\"enforcementMode\":\"Default\"},\"id\":\"/providers/microsoft.management/managementgroups/72f988bf-86f1-41af-91ab-2d7cd011db47/providers/Microsoft.Authorization/policyAssignments/4608d85244b844b\",\"type\":\"Microsoft.Authorization/policyAssignments\",\"name\":\"4608d85244b844b\",\"systemData\":{\"createdBy\":\"SC-wp401@microsoft.com\",\"createdByType\":\"User\",\"createdAt\":\"2023-04-20T23:46:33.2613353Z\",\"lastModifiedBy\":\"SC-wp401@microsoft.com\",\"lastModifiedByType\":\"User\",\"lastModifiedAt\":\"2023-04-20T23:46:33.2613353Z\"}},{\"properties\":{\"displayName\":\"App Service apps should have local authentication methods disabled for SCM site deployments\",\"policyDefinitionId\":\"/providers/Microsoft.Authorization/policyDefinitions/aede300b-d67f-480a-ae26-4b3dfb1a1fdc\",\"definitionVersion\":\"1.*.*\",\"scope\":\"/providers/microsoft.management/managementgroups/72f988bf-86f1-41af-91ab-2d7cd011db47\",\"metadata\":{\"createdBy\":\"6a7863b1-49b0-41e5-b70e-242201f6e5b8\",\"createdOn\":\"2023-04-20T23:46:59.3510701Z\",\"updatedBy\":null,\"updatedOn\":null},\"enforcementMode\":\"Default\"},\"id\":\"/providers/microsoft.management/managementgroups/72f988bf-86f1-41af-91ab-2d7cd011db47/providers/Microsoft.Authorization/policyAssignments/8b5eeefe772b4a3\",\"type\":\"Microsoft.Authorization/policyAssignments\",\"name\":\"8b5eeefe772b4a3\",\"systemData\":{\"createdBy\":\"SC-wp401@microsoft.com\",\"createdByType\":\"User\",\"createdAt\":\"2023-04-20T23:46:59.3138673Z\",\"lastModifiedBy\":\"SC-wp401@microsoft.com\",\"lastModifiedByType\":\"User\",\"lastModifiedAt\":\"2023-04-20T23:46:59.3138673Z\"}},{\"identity\":{\"type\":\"UserAssigned\",\"userAssignedIdentities\":{\"/subscriptions/016c59e7-b9c0-4635-adbf-88c003b9d545/resourcegroups/Identities/providers/Microsoft.ManagedIdentity/userAssignedIdentities/cloudgovremediationwebcontributor\":{\"principalId\":\"2dd1ea73-4024-489e-83a4-45cb3e962f69\",\"clientId\":\"9af16176-9a0a-40a9-9850-fb5c0c4d0847\"}}},\"properties\":{\"displayName\":\"Configure App Service app to disable local authentication for FTP deployments and SCM sites\",\"policyDefinitionId\":\"/providers/Microsoft.Management/managementGroups/72f988bf-86f1-41af-91ab-2d7cd011db47/providers/Microsoft.Authorization/policySetDefinitions/CloudGov_WebAuth_FtpScm\",\"definitionVersion\":\"1.*.*\",\"scope\":\"/providers/Microsoft.Management/managementGroups/72f988bf-86f1-41af-91ab-2d7cd011db47\",\"notScopes\":[\"/providers/Microsoft.Management/managementGroups/cc1750fe-984c-4839-9870-7357641d49ee\"],\"parameters\":{\"skipTag\":{\"value\":\"SkipBPCP\"},\"effect\":{\"value\":\"DeployIfNotExists\"}},\"description\":\"The deployment connections make the transmitted data/code vulnerable to network attacks. Basic authentication is being disabled centrally for all internal applications to improve security posture. For more information navigate to https://eng.ms/cid/f05c4f52-a18d-45a3-87b2-b5d7cf0e5270/fid/6a39d57a2c596d043b5f18e2995b23da0bbc0fab4d1fa0952d0b767f864e2695. If an incident is related to the following policy, please open an IcM incident via https://portal.microsofticm.com/imp/v3/incidents/details/383328883/home\",\"metadata\":{\"assignedBy\":\"Cloud Governance\",\"createdBy\":\"fa00c2de-57d5-4527-9254-4d513f482d0a\",\"createdOn\":\"2023-05-04T20:15:16.8937639Z\",\"updatedBy\":\"fa00c2de-57d5-4527-9254-4d513f482d0a\",\"updatedOn\":\"2023-06-14T20:43:04.0924622Z\",\"parameterScopes\":{}},\"enforcementMode\":\"Default\",\"nonComplianceMessages\":[{\"message\":\"The resource has not complaint Basic Authentication configurations. If following policy is blocking your actions that have a valid security and business reason to remain non compliant, please add \u0027SkipBPCP\u0027 tagName with any value on your Web App. Make sure to follow up with an official exemption request via https://forms.office.com/pages/responsepage.aspx?id=v4j5cvGGr0GRqy180BHbR9EtRz46cDVGn585Xp39USZUODk2QVBSWU9CMFpSN0NVOElWSFY5WlBaSy4u\"}],\"resourceSelectors\":[],\"overrides\":[]},\"id\":\"/providers/Microsoft.Management/managementGroups/72f988bf-86f1-41af-91ab-2d7cd011db47/providers/Microsoft.Authorization/policyAssignments/CloudGov_WebAuth_FtpScm\",\"type\":\"Microsoft.Authorization/policyAssignments\",\"name\":\"CloudGov_WebAuth_FtpScm\",\"location\":\"eastus\",\"systemData\":{\"createdBy\":\"SC-yo37@microsoft.com\",\"createdByType\":\"User\",\"createdAt\":\"2023-05-04T20:15:15.8937864Z\",\"lastModifiedBy\":\"SC-yo37@microsoft.com\",\"lastModifiedByType\":\"User\",\"lastModifiedAt\":\"2023-06-14T20:43:03.6669341Z\"}},{\"identity\":{\"type\":\"UserAssigned\",\"userAssignedIdentities\":{\"/subscriptions/016c59e7-b9c0-4635-adbf-88c003b9d545/resourcegroups/Identities/providers/Microsoft.ManagedIdentity/userAssignedIdentities/cloudgovremediationsecadmin\":{\"principalId\":\"cf2265bb-8d4f-4ca9-ae95-fc5bb25aa339\",\"clientId\":\"1681edd0-20cb-4b04-ac27-c810cf52dc17\"}}},\"properties\":{\"displayName\":\"Enable 3 Azure Defender plans in Microsoft Defender for Cloud regards to KR51 project\",\"policyDefinitionId\":\"/providers/Microsoft.Management/managementGroups/72f988bf-86f1-41af-91ab-2d7cd011db47/providers/Microsoft.Authorization/policySetDefinitions/CloudGov_MsDefenderCloud\",\"definitionVersion\":\"1.*.*\",\"scope\":\"/providers/Microsoft.Management/managementGroups/72f988bf-86f1-41af-91ab-2d7cd011db47\",\"notScopes\":[\"/providers/Microsoft.Management/managementGroups/CnAIOrchestrationServicePublicCorpprod\",\"/providers/Microsoft.Management/managementGroups/CnAIHoldingManagementGroupPublicCorp\",\"/providers/Microsoft.Management/managementGroups/manage12\",\"/providers/Microsoft.Management/managementGroups/a7ade9d2-d557-4382-a1c1-eb44a72fb214\"],\"description\":\"MDC is a CSPM and CWPP for all of your Azure/on-premises/multicloud resources. It fills vital needs as you manage the security of your resources and workloads in the cloud and on-premises. For more information, identify the Control Name in \u0027Protections and Remediations\u0027 table from https://aka.ms/cloudgov-policies-and-remediations. If an incident is related to following policy, please open an IcM incident via https://portal.microsofticm.com/imp/v3/incidents/create?tmpl=e2042\",\"metadata\":{\"assignedBy\":\"Cloud Governance\",\"createdBy\":\"0cf7b301-43f3-4b77-8fa3-533ef1ad19fa\",\"createdOn\":\"2024-01-17T18:08:42.7749971Z\",\"updatedBy\":\"0cf7b301-43f3-4b77-8fa3-533ef1ad19fa\",\"updatedOn\":\"2024-02-01T19:21:57.7120067Z\"},\"enforcementMode\":\"Default\",\"nonComplianceMessages\":[{\"message\":\"This configuration is not compliant.  Please refer to \u0027Remediation scenarios\u0027 from https://aka.ms/cloudgov-policies-and-remediations for more details.\"}],\"resourceSelectors\":[],\"overrides\":[]},\"id\":\"/providers/Microsoft.Management/managementGroups/72f988bf-86f1-41af-91ab-2d7cd011db47/providers/Microsoft.Authorization/policyAssignments/CloudGov_MsDefenderCloud\",\"type\":\"Microsoft.Authorization/policyAssignments\",\"name\":\"CloudGov_MsDefenderCloud\",\"location\":\"eastus\",\"systemData\":{\"createdBy\":\"sc-an693@microsoft.com\",\"createdByType\":\"User\",\"createdAt\":\"2024-01-17T18:08:42.3197613Z\",\"lastModifiedBy\":\"sc-an693@microsoft.com\",\"lastModifiedByType\":\"User\",\"lastModifiedAt\":\"2024-02-01T19:21:57.4790221Z\"}},{\"properties\":{\"displayName\":\"Block WVD creation (aka.ms/avdblock)\",\"policyDefinitionId\":\"/providers/Microsoft.Management/managementGroups/72f988bf-86f1-41af-91ab-2d7cd011db47/providers/Microsoft.Authorization/policyDefinitions/Deny WVD creation\",\"definitionVersion\":\"1.*.*\",\"scope\":\"/providers/Microsoft.Management/managementGroups/72f988bf-86f1-41af-91ab-2d7cd011db47\",\"notScopes\":[\"/providers/Microsoft.Management/managementGroups/595d008b-0e4c-41f8-af09-254420fd7571\",\"/providers/Microsoft.Management/managementGroups/64cd7b97-58e0-44d3-832b-55657739bde3\",\"/providers/Microsoft.Management/managementGroups/6a8d5cf2-21ba-4c40-b3df-d271a7053ac1\",\"/providers/Microsoft.Management/managementGroups/9ce3369a-545b-cfba-c329-3631400b552f\",\"/providers/Microsoft.Management/managementGroups/CloudPCMSFTSubscriptions\",\"/providers/Microsoft.Management/managementGroups/MSFT-DSRE-ISO-IAM\",\"/subscriptions/007ee280-d2d4-46c2-8504-0fddd121c219\",\"/subscriptions/03564a44-5aef-4331-b282-f30eec8c48c9\",\"/subscriptions/3ae2e9a4-54bd-459f-8211-6f920ecd52c4\",\"/subscriptions/618f7b25-b146-4c0e-a21b-2f1c67e78648\",\"/subscriptions/7b7593ca-92d5-4e89-8cdb-ab6212795535\",\"/subscriptions/b845979f-8603-49c4-819d-8a347f663159\",\"/subscriptions/ca36f55a-a366-46b0-bbfd-67c26cb4e8f0\",\"/subscriptions/cd84031b-67ef-43be-b0aa-45093719be08\",\"/subscriptions/fa12a77e-015c-46d0-b1c1-235d7549346f\"],\"description\":\"https://aka.ms/AVDblock\",\"metadata\":{\"createdBy\":\"7f1579a6-c648-43a1-ac1e-0c3020dd9b8e\",\"createdOn\":\"2020-11-17T19:41:36.3082667Z\",\"updatedBy\":\"7f1579a6-c648-43a1-ac1e-0c3020dd9b8e\",\"updatedOn\":\"2023-03-09T20:51:37.6178649Z\"},\"enforcementMode\":\"Default\"},\"id\":\"/providers/Microsoft.Management/managementGroups/72f988bf-86f1-41af-91ab-2d7cd011db47/providers/Microsoft.Authorization/policyAssignments/Block WVD creation\",\"type\":\"Microsoft.Authorization/policyAssignments\",\"name\":\"Block WVD creation\",\"systemData\":{\"lastModifiedBy\":\"sc-ze057@microsoft.com\",\"lastModifiedByType\":\"User\",\"lastModifiedAt\":\"2023-03-09T20:51:37.628398Z\"}},{\"identity\":{\"principalId\":\"de569224-4c32-4d4f-9a8a-d026361e2a20\",\"tenantId\":\"72f988bf-86f1-41af-91ab-2d7cd011db47\",\"type\":\"SystemAssigned\"},\"properties\":{\"displayName\":\"tony-test-modifyDenyMG\",\"policyDefinitionId\":\"/providers/Microsoft.Management/managementGroups/AzGovPerfTest/providers/Microsoft.Authorization/policyDefinitions/0489d72b-93a9-4632-8ec3-d9e20fba600a\",\"definitionVersion\":\"1.*.*\",\"scope\":\"/providers/Microsoft.Management/managementGroups/AzGovPerfTest\",\"notScopes\":[],\"parameters\":{\"tagName\":{\"value\":\"test\"}},\"metadata\":{\"assignedBy\":\"Tony Chen\",\"parameterScopes\":{},\"createdBy\":\"2e246f32-0d94-48a6-a899-e01cbe4c82a0\",\"createdOn\":\"2024-01-18T19:30:53.4456674Z\",\"updatedBy\":\"55899cf9-827a-4788-bed4-c0d5c16f943a\",\"updatedOn\":\"2024-02-23T19:47:34.9663592Z\"},\"enforcementMode\":\"Default\",\"nonComplianceMessages\":[],\"resourceSelectors\":[],\"overrides\":[]},\"id\":\"/providers/Microsoft.Management/managementGroups/AzGovPerfTest/providers/Microsoft.Authorization/policyAssignments/e4d662572b4f40409eed77e8\",\"type\":\"Microsoft.Authorization/policyAssignments\",\"name\":\"e4d662572b4f40409eed77e8\",\"location\":\"eastus\",\"systemData\":{\"createdBy\":\"qingyechen@microsoft.com\",\"createdByType\":\"User\",\"createdAt\":\"2024-01-18T19:30:52.6490143Z\",\"lastModifiedBy\":\"varunkum@microsoft.com\",\"lastModifiedByType\":\"User\",\"lastModifiedAt\":\"2024-02-23T19:47:34.7843087Z\"}}]}",
      "isContentBase64": false
    }
  }
}