{
  "GetPolicyExemption+[NoContext]+Get-AzPolicyExemption+$GET+https://management.azure.com/subscriptions/edb2c18a-04d6-49e9-bc72-e23852f507ad/providers/Microsoft.Authorization/policyExemptions?$filter=atScope()\u0026api-version=2022-07-01-preview+1": {
    "Request": {
      "Method": "GET",
      "RequestUri": "https://management.azure.com/subscriptions/edb2c18a-04d6-49e9-bc72-e23852f507ad/providers/Microsoft.Authorization/policyExemptions?$filter=atScope()\u0026api-version=2022-07-01-preview",
      "Content": null,
      "isContentBase64": false,
      "Headers": {
        "x-ms-unique-id": [ "513" ],
        "x-ms-client-request-id": [ "6dbd1d3d-e15a-4590-9bd9-9678c974b4d8" ],
        "CommandName": [ "\u0026" ],
        "FullCommandName": [ "Get-AzPolicyExemption_List" ],
        "ParameterSetName": [ "__AllParameterSets" ],
        "User-Agent": [ "AzurePowershell/v11.0.0", "PSVersion/v7.4.2", "Az.Policy/0.1.1" ],
        "Authorization": [ "[Filtered]" ]
      },
      "ContentHeaders": {
      }
    },
    "Response": {
      "StatusCode": 200,
      "Headers": {
        "Cache-Control": [ "no-cache" ],
        "Pragma": [ "no-cache" ],
        "Strict-Transport-Security": [ "max-age=31536000; includeSubDomains" ],
        "x-ms-throttling-version": [ "v1" ],
        "x-ms-ratelimit-remaining-subscription-reads": [ "11999" ],
        "x-ms-request-id": [ "e9212bcf-2cbd-431c-a2f0-41be56435f8b" ],
        "x-ms-correlation-request-id": [ "e9212bcf-2cbd-431c-a2f0-41be56435f8b" ],
        "x-ms-routing-request-id": [ "WESTUS2:20240606T223244Z:e9212bcf-2cbd-431c-a2f0-41be56435f8b" ],
        "X-Content-Type-Options": [ "nosniff" ],
        "X-Cache": [ "CONFIG_NOCACHE" ],
        "X-MSEdge-Ref": [ "Ref A: AC71D630665147B3BC1324A4F8D963F7 Ref B: CO6AA3150219021 Ref C: 2024-06-06T22:32:44Z" ],
        "Date": [ "Thu, 06 Jun 2024 22:32:44 GMT" ]
      },
      "ContentHeaders": {
        "Content-Length": [ "2621" ],
        "Content-Type": [ "application/json; charset=utf-8" ],
        "Expires": [ "-1" ]
      },
      "Content": "{\"value\":[{\"properties\":{\"policyAssignmentId\":\"/providers/Microsoft.Management/managementGroups/AzGovPerfTest/providers/Microsoft.Authorization/policyAssignments/e4d662572b4f40409eed77e8\",\"policyDefinitionReferenceIds\":[],\"exemptionCategory\":\"Mitigated\",\"displayName\":\"Azure Governance Performance Test - tony-test-modifyDenyMG\",\"description\":\"\",\"expiresOn\":\"2024-02-10T08:00:00Z\",\"resourceSelectors\":[],\"metadata\":{}},\"id\":\"/providers/Microsoft.Management/managementGroups/AzGovPerfTest/providers/Microsoft.Authorization/policyExemptions/411d2dfc3efb44bc89510bf3\",\"type\":\"Microsoft.Authorization/policyExemptions\",\"name\":\"411d2dfc3efb44bc89510bf3\",\"systemData\":{\"createdBy\":\"qingyechen@microsoft.com\",\"createdByType\":\"User\",\"createdAt\":\"2024-01-18T19:32:04.6336364Z\",\"lastModifiedBy\":\"qingyechen@microsoft.com\",\"lastModifiedByType\":\"User\",\"lastModifiedAt\":\"2024-02-01T05:41:56.656852Z\"}},{\"properties\":{\"policyAssignmentId\":\"/providers/Microsoft.Management/managementGroups/AzGovPerfTest/providers/Microsoft.Authorization/policyAssignments/46aec00d695c4c83b704a532\",\"policyDefinitionReferenceIds\":[],\"exemptionCategory\":\"Waiver\",\"displayName\":\"Azure Governance Performance Test - robga keyvault location\",\"description\":\"\",\"resourceSelectors\":[{\"name\":\"1\",\"selectors\":[{\"kind\":\"resourceLocation\",\"in\":[\"westus\"]}]}],\"metadata\":{}},\"id\":\"/providers/Microsoft.Management/managementGroups/AzGovPerfTest/providers/Microsoft.Authorization/policyExemptions/949bf29bfc4d493da3d53e91\",\"type\":\"Microsoft.Authorization/policyExemptions\",\"name\":\"949bf29bfc4d493da3d53e91\",\"systemData\":{\"createdBy\":\"robga@microsoft.com\",\"createdByType\":\"User\",\"createdAt\":\"2024-06-06T17:03:40.4464856Z\",\"lastModifiedBy\":\"robga@microsoft.com\",\"lastModifiedByType\":\"User\",\"lastModifiedAt\":\"2024-06-06T17:27:21.7158092Z\"}},{\"properties\":{\"policyAssignmentId\":\"/providers/Microsoft.Management/managementGroups/AzGovPerfTest/providers/Microsoft.Authorization/policyAssignments/c691bb62817b40fda56c1b77\",\"policyDefinitionReferenceIds\":[],\"exemptionCategory\":\"Waiver\",\"displayName\":\"Azure Governance Performance Test - qingye-test-exemptionOnMG\",\"resourceSelectors\":[],\"metadata\":{}},\"id\":\"/providers/Microsoft.Management/managementGroups/AzGovPerfTest/providers/Microsoft.Authorization/policyExemptions/dcfaaf0f40374736afbffed9\",\"type\":\"Microsoft.Authorization/policyExemptions\",\"name\":\"dcfaaf0f40374736afbffed9\",\"systemData\":{\"createdBy\":\"qingyechen@microsoft.com\",\"createdByType\":\"User\",\"createdAt\":\"2023-06-27T17:08:45.1562625Z\",\"lastModifiedBy\":\"qingyechen@microsoft.com\",\"lastModifiedByType\":\"User\",\"lastModifiedAt\":\"2023-06-27T17:08:45.1562625Z\"}}]}",
      "isContentBase64": false
    }
  },
  "GetPolicyExemption+[NoContext]+Get-AzPolicyExemption -Name+$GET+https://management.azure.com//subscriptions/edb2c18a-04d6-49e9-bc72-e23852f507ad/providers/Microsoft.Authorization/policyExemptions/someName?api-version=2022-07-01-preview+1": {
    "Request": {
      "Method": "GET",
      "RequestUri": "https://management.azure.com//subscriptions/edb2c18a-04d6-49e9-bc72-e23852f507ad/providers/Microsoft.Authorization/policyExemptions/someName?api-version=2022-07-01-preview",
      "Content": null,
      "isContentBase64": false,
      "Headers": {
        "x-ms-unique-id": [ "514" ],
        "x-ms-client-request-id": [ "9c397339-1230-4382-a927-8a64f0764601" ],
        "CommandName": [ "\u0026" ],
        "FullCommandName": [ "Get-AzPolicyExemption_Get" ],
        "ParameterSetName": [ "__AllParameterSets" ],
        "User-Agent": [ "AzurePowershell/v11.0.0", "PSVersion/v7.4.2", "Az.Policy/0.1.1" ],
        "Authorization": [ "[Filtered]" ]
      },
      "ContentHeaders": {
      }
    },
    "Response": {
      "StatusCode": 404,
      "Headers": {
        "Cache-Control": [ "no-store, no-cache" ],
        "Pragma": [ "no-cache" ],
        "x-ms-throttling-version": [ "v1" ],
        "x-ms-ratelimit-remaining-subscription-reads": [ "11997" ],
        "x-ms-request-id": [ "87d1e281-5461-431b-a892-11d2648ff9e3" ],
        "x-ms-correlation-request-id": [ "87d1e281-5461-431b-a892-11d2648ff9e3" ],
        "x-ms-routing-request-id": [ "WESTUS2:20240606T223244Z:87d1e281-5461-431b-a892-11d2648ff9e3" ],
        "Strict-Transport-Security": [ "max-age=31536000; includeSubDomains" ],
        "X-Content-Type-Options": [ "nosniff" ],
        "X-Cache": [ "CONFIG_NOCACHE" ],
        "X-MSEdge-Ref": [ "Ref A: 88753CE94C964676BE108823CBBB16CB Ref B: CO6AA3150219021 Ref C: 2024-06-06T22:32:44Z" ],
        "Date": [ "Thu, 06 Jun 2024 22:32:44 GMT" ]
      },
      "ContentHeaders": {
        "Content-Length": [ "108" ],
        "Content-Type": [ "application/json" ],
        "Expires": [ "-1" ]
      },
      "Content": "{\"error\":{\"code\":\"PolicyExemptionNotFound\",\"message\":\"The policy exemption \u0027someName\u0027 could not be found.\"}}",
      "isContentBase64": false
    }
  },
  "GetPolicyExemption+[NoContext]+Get-AzPolicyExemption -Name -Scope+$GET+https://management.azure.com//subscriptions/edb2c18a-04d6-49e9-bc72-e23852f507ad/providers/Microsoft.Authorization/policyExemptions/someName?api-version=2022-07-01-preview+1": {
    "Request": {
      "Method": "GET",
      "RequestUri": "https://management.azure.com//subscriptions/edb2c18a-04d6-49e9-bc72-e23852f507ad/providers/Microsoft.Authorization/policyExemptions/someName?api-version=2022-07-01-preview",
      "Content": null,
      "isContentBase64": false,
      "Headers": {
        "x-ms-unique-id": [ "515" ],
        "x-ms-client-request-id": [ "043ddc1c-0f01-4ef7-a6b3-ef48534d1588" ],
        "CommandName": [ "\u0026" ],
        "FullCommandName": [ "Get-AzPolicyExemption_Get" ],
        "ParameterSetName": [ "__AllParameterSets" ],
        "User-Agent": [ "AzurePowershell/v11.0.0", "PSVersion/v7.4.2", "Az.Policy/0.1.1" ],
        "Authorization": [ "[Filtered]" ]
      },
      "ContentHeaders": {
      }
    },
    "Response": {
      "StatusCode": 404,
      "Headers": {
        "Cache-Control": [ "no-store, no-cache" ],
        "Pragma": [ "no-cache" ],
        "x-ms-throttling-version": [ "v1" ],
        "x-ms-ratelimit-remaining-subscription-reads": [ "11996" ],
        "x-ms-request-id": [ "3538e175-25de-4e2d-ad46-9a8bee51d4d9" ],
        "x-ms-correlation-request-id": [ "3538e175-25de-4e2d-ad46-9a8bee51d4d9" ],
        "x-ms-routing-request-id": [ "WESTUS2:20240606T223244Z:3538e175-25de-4e2d-ad46-9a8bee51d4d9" ],
        "Strict-Transport-Security": [ "max-age=31536000; includeSubDomains" ],
        "X-Content-Type-Options": [ "nosniff" ],
        "X-Cache": [ "CONFIG_NOCACHE" ],
        "X-MSEdge-Ref": [ "Ref A: BB320F5D382347FBBA1964020A8BFA8D Ref B: CO6AA3150219021 Ref C: 2024-06-06T22:32:44Z" ],
        "Date": [ "Thu, 06 Jun 2024 22:32:44 GMT" ]
      },
      "ContentHeaders": {
        "Content-Length": [ "108" ],
        "Content-Type": [ "application/json" ],
        "Expires": [ "-1" ]
      },
      "Content": "{\"error\":{\"code\":\"PolicyExemptionNotFound\",\"message\":\"The policy exemption \u0027someName\u0027 could not be found.\"}}",
      "isContentBase64": false
    }
  },
  "GetPolicyExemption+[NoContext]+Get-AzPolicyExemption -Name -PolicyAssignmentIdFilter+$GET+https://management.azure.com//subscriptions/edb2c18a-04d6-49e9-bc72-e23852f507ad/providers/Microsoft.Authorization/policyExemptions/someName?api-version=2022-07-01-preview+1": {
    "Request": {
      "Method": "GET",
      "RequestUri": "https://management.azure.com//subscriptions/edb2c18a-04d6-49e9-bc72-e23852f507ad/providers/Microsoft.Authorization/policyExemptions/someName?api-version=2022-07-01-preview",
      "Content": null,
      "isContentBase64": false,
      "Headers": {
        "x-ms-unique-id": [ "516" ],
        "x-ms-client-request-id": [ "3c89f11b-1ff9-4c97-b075-e153876a84ac" ],
        "CommandName": [ "\u0026" ],
        "FullCommandName": [ "Get-AzPolicyExemption_Get" ],
        "ParameterSetName": [ "__AllParameterSets" ],
        "User-Agent": [ "AzurePowershell/v11.0.0", "PSVersion/v7.4.2", "Az.Policy/0.1.1" ],
        "Authorization": [ "[Filtered]" ]
      },
      "ContentHeaders": {
      }
    },
    "Response": {
      "StatusCode": 404,
      "Headers": {
        "Cache-Control": [ "no-store, no-cache" ],
        "Pragma": [ "no-cache" ],
        "x-ms-throttling-version": [ "v1" ],
        "x-ms-ratelimit-remaining-subscription-reads": [ "11995" ],
        "x-ms-request-id": [ "54f27fe8-d78c-4ce9-9216-3907d3d3e83c" ],
        "x-ms-correlation-request-id": [ "54f27fe8-d78c-4ce9-9216-3907d3d3e83c" ],
        "x-ms-routing-request-id": [ "WESTUS2:20240606T223245Z:54f27fe8-d78c-4ce9-9216-3907d3d3e83c" ],
        "Strict-Transport-Security": [ "max-age=31536000; includeSubDomains" ],
        "X-Content-Type-Options": [ "nosniff" ],
        "X-Cache": [ "CONFIG_NOCACHE" ],
        "X-MSEdge-Ref": [ "Ref A: 22F6E5BF3B9F467DB0289116E0F82747 Ref B: CO6AA3150219021 Ref C: 2024-06-06T22:32:45Z" ],
        "Date": [ "Thu, 06 Jun 2024 22:32:45 GMT" ]
      },
      "ContentHeaders": {
        "Content-Length": [ "108" ],
        "Content-Type": [ "application/json" ],
        "Expires": [ "-1" ]
      },
      "Content": "{\"error\":{\"code\":\"PolicyExemptionNotFound\",\"message\":\"The policy exemption \u0027someName\u0027 could not be found.\"}}",
      "isContentBase64": false
    }
  },
  "GetPolicyExemption+[NoContext]+Get-AzPolicyExemption -Name -Scope -PolicyAssignmentIdFilter+$GET+https://management.azure.com/someScope/providers/Microsoft.Authorization/policyExemptions/someName?api-version=2022-07-01-preview+1": {
    "Request": {
      "Method": "GET",
      "RequestUri": "https://management.azure.com/someScope/providers/Microsoft.Authorization/policyExemptions/someName?api-version=2022-07-01-preview",
      "Content": null,
      "isContentBase64": false,
      "Headers": {
        "x-ms-unique-id": [ "517" ],
        "x-ms-client-request-id": [ "2f3e792d-93ab-4cb0-8bd9-f54f290714af" ],
        "CommandName": [ "\u0026" ],
        "FullCommandName": [ "Get-AzPolicyExemption_Get" ],
        "ParameterSetName": [ "__AllParameterSets" ],
        "User-Agent": [ "AzurePowershell/v11.0.0", "PSVersion/v7.4.2", "Az.Policy/0.1.1" ],
        "Authorization": [ "[Filtered]" ]
      },
      "ContentHeaders": {
      }
    },
    "Response": {
      "StatusCode": 404,
      "Headers": {
        "Cache-Control": [ "no-cache" ],
        "Pragma": [ "no-cache" ],
        "x-ms-failure-cause": [ "gateway" ],
        "x-ms-request-id": [ "cac3b765-9c1e-4ab9-9b94-6870ddcbeb32" ],
        "x-ms-correlation-request-id": [ "cac3b765-9c1e-4ab9-9b94-6870ddcbeb32" ],
        "x-ms-routing-request-id": [ "WESTUS2:20240606T223246Z:cac3b765-9c1e-4ab9-9b94-6870ddcbeb32" ],
        "Strict-Transport-Security": [ "max-age=31536000; includeSubDomains" ],
        "X-Content-Type-Options": [ "nosniff" ],
        "X-Cache": [ "CONFIG_NOCACHE" ],
        "X-MSEdge-Ref": [ "Ref A: 078F0DA8D4594D10BB585D34417B785C Ref B: CO6AA3150219021 Ref C: 2024-06-06T22:32:46Z" ],
        "Date": [ "Thu, 06 Jun 2024 22:32:46 GMT" ]
      },
      "ContentHeaders": {
        "Content-Length": [ "135" ],
        "Content-Type": [ "application/json; charset=utf-8" ],
        "Expires": [ "-1" ]
      },
      "Content": "{\"error\":{\"code\":\"MissingSubscription\",\"message\":\"The request did not have a subscription or a valid tenant level resource provider.\"}}",
      "isContentBase64": false
    }
  },
  "GetPolicyExemption+[NoContext]+Get-AzPolicyExemption -Scope+$GET+https://management.azure.com/subscriptions/edb2c18a-04d6-49e9-bc72-e23852f507ad/providers/Microsoft.Authorization/policyExemptions?$filter=atScope()\u0026api-version=2022-07-01-preview+1": {
    "Request": {
      "Method": "GET",
      "RequestUri": "https://management.azure.com/subscriptions/edb2c18a-04d6-49e9-bc72-e23852f507ad/providers/Microsoft.Authorization/policyExemptions?$filter=atScope()\u0026api-version=2022-07-01-preview",
      "Content": null,
      "isContentBase64": false,
      "Headers": {
        "x-ms-unique-id": [ "518" ],
        "x-ms-client-request-id": [ "69e99b7d-c959-4196-bebd-c6d50d6fac75" ],
        "CommandName": [ "\u0026" ],
        "FullCommandName": [ "Get-AzPolicyExemption_List" ],
        "ParameterSetName": [ "__AllParameterSets" ],
        "User-Agent": [ "AzurePowershell/v11.0.0", "PSVersion/v7.4.2", "Az.Policy/0.1.1" ],
        "Authorization": [ "[Filtered]" ]
      },
      "ContentHeaders": {
      }
    },
    "Response": {
      "StatusCode": 200,
      "Headers": {
        "Cache-Control": [ "no-cache" ],
        "Pragma": [ "no-cache" ],
        "Strict-Transport-Security": [ "max-age=31536000; includeSubDomains" ],
        "x-ms-throttling-version": [ "v1" ],
        "x-ms-ratelimit-remaining-subscription-reads": [ "11998" ],
        "x-ms-request-id": [ "75c093aa-4908-4a51-8a40-87e723c76f81" ],
        "x-ms-correlation-request-id": [ "75c093aa-4908-4a51-8a40-87e723c76f81" ],
        "x-ms-routing-request-id": [ "WESTUS2:20240606T223247Z:75c093aa-4908-4a51-8a40-87e723c76f81" ],
        "X-Content-Type-Options": [ "nosniff" ],
        "X-Cache": [ "CONFIG_NOCACHE" ],
        "X-MSEdge-Ref": [ "Ref A: 4844897875774C678A7653A50A478A1F Ref B: CO6AA3150219021 Ref C: 2024-06-06T22:32:47Z" ],
        "Date": [ "Thu, 06 Jun 2024 22:32:47 GMT" ]
      },
      "ContentHeaders": {
        "Content-Length": [ "2621" ],
        "Content-Type": [ "application/json; charset=utf-8" ],
        "Expires": [ "-1" ]
      },
      "Content": "{\"value\":[{\"properties\":{\"policyAssignmentId\":\"/providers/Microsoft.Management/managementGroups/AzGovPerfTest/providers/Microsoft.Authorization/policyAssignments/e4d662572b4f40409eed77e8\",\"policyDefinitionReferenceIds\":[],\"exemptionCategory\":\"Mitigated\",\"displayName\":\"Azure Governance Performance Test - tony-test-modifyDenyMG\",\"description\":\"\",\"expiresOn\":\"2024-02-10T08:00:00Z\",\"resourceSelectors\":[],\"metadata\":{}},\"id\":\"/providers/Microsoft.Management/managementGroups/AzGovPerfTest/providers/Microsoft.Authorization/policyExemptions/411d2dfc3efb44bc89510bf3\",\"type\":\"Microsoft.Authorization/policyExemptions\",\"name\":\"411d2dfc3efb44bc89510bf3\",\"systemData\":{\"createdBy\":\"qingyechen@microsoft.com\",\"createdByType\":\"User\",\"createdAt\":\"2024-01-18T19:32:04.6336364Z\",\"lastModifiedBy\":\"qingyechen@microsoft.com\",\"lastModifiedByType\":\"User\",\"lastModifiedAt\":\"2024-02-01T05:41:56.656852Z\"}},{\"properties\":{\"policyAssignmentId\":\"/providers/Microsoft.Management/managementGroups/AzGovPerfTest/providers/Microsoft.Authorization/policyAssignments/46aec00d695c4c83b704a532\",\"policyDefinitionReferenceIds\":[],\"exemptionCategory\":\"Waiver\",\"displayName\":\"Azure Governance Performance Test - robga keyvault location\",\"description\":\"\",\"resourceSelectors\":[{\"name\":\"1\",\"selectors\":[{\"kind\":\"resourceLocation\",\"in\":[\"westus\"]}]}],\"metadata\":{}},\"id\":\"/providers/Microsoft.Management/managementGroups/AzGovPerfTest/providers/Microsoft.Authorization/policyExemptions/949bf29bfc4d493da3d53e91\",\"type\":\"Microsoft.Authorization/policyExemptions\",\"name\":\"949bf29bfc4d493da3d53e91\",\"systemData\":{\"createdBy\":\"robga@microsoft.com\",\"createdByType\":\"User\",\"createdAt\":\"2024-06-06T17:03:40.4464856Z\",\"lastModifiedBy\":\"robga@microsoft.com\",\"lastModifiedByType\":\"User\",\"lastModifiedAt\":\"2024-06-06T17:27:21.7158092Z\"}},{\"properties\":{\"policyAssignmentId\":\"/providers/Microsoft.Management/managementGroups/AzGovPerfTest/providers/Microsoft.Authorization/policyAssignments/c691bb62817b40fda56c1b77\",\"policyDefinitionReferenceIds\":[],\"exemptionCategory\":\"Waiver\",\"displayName\":\"Azure Governance Performance Test - qingye-test-exemptionOnMG\",\"resourceSelectors\":[],\"metadata\":{}},\"id\":\"/providers/Microsoft.Management/managementGroups/AzGovPerfTest/providers/Microsoft.Authorization/policyExemptions/dcfaaf0f40374736afbffed9\",\"type\":\"Microsoft.Authorization/policyExemptions\",\"name\":\"dcfaaf0f40374736afbffed9\",\"systemData\":{\"createdBy\":\"qingyechen@microsoft.com\",\"createdByType\":\"User\",\"createdAt\":\"2023-06-27T17:08:45.1562625Z\",\"lastModifiedBy\":\"qingyechen@microsoft.com\",\"lastModifiedByType\":\"User\",\"lastModifiedAt\":\"2023-06-27T17:08:45.1562625Z\"}}]}",
      "isContentBase64": false
    }
  },
  "GetPolicyExemption+[NoContext]+Get-AzPolicyExemption -Scope -PolicyAssignmentIdFilter+$GET+https://management.azure.com/subscriptions/edb2c18a-04d6-49e9-bc72-e23852f507ad/providers/Microsoft.Authorization/policyExemptions?$filter=policyAssignmentId eq \u0027someId\u0027\u0026api-version=2022-07-01-preview+1": {
    "Request": {
      "Method": "GET",
      "RequestUri": "https://management.azure.com/subscriptions/edb2c18a-04d6-49e9-bc72-e23852f507ad/providers/Microsoft.Authorization/policyExemptions?$filter=policyAssignmentId%20eq%20\u0027someId\u0027\u0026api-version=2022-07-01-preview",
      "Content": null,
      "isContentBase64": false,
      "Headers": {
        "x-ms-unique-id": [ "519" ],
        "x-ms-client-request-id": [ "f13526cd-cab2-4c1c-990c-705771c252ae" ],
        "CommandName": [ "\u0026" ],
        "FullCommandName": [ "Get-AzPolicyExemption_List" ],
        "ParameterSetName": [ "__AllParameterSets" ],
        "User-Agent": [ "AzurePowershell/v11.0.0", "PSVersion/v7.4.2", "Az.Policy/0.1.1" ],
        "Authorization": [ "[Filtered]" ]
      },
      "ContentHeaders": {
      }
    },
    "Response": {
      "StatusCode": 200,
      "Headers": {
        "Cache-Control": [ "no-cache" ],
        "Pragma": [ "no-cache" ],
        "Strict-Transport-Security": [ "max-age=31536000; includeSubDomains" ],
        "x-ms-throttling-version": [ "v1" ],
        "x-ms-ratelimit-remaining-subscription-reads": [ "11992" ],
        "x-ms-request-id": [ "0abee6cb-c9c9-4af4-887d-44769e968ed7" ],
        "x-ms-correlation-request-id": [ "0abee6cb-c9c9-4af4-887d-44769e968ed7" ],
        "x-ms-routing-request-id": [ "WESTUS2:20240606T223247Z:0abee6cb-c9c9-4af4-887d-44769e968ed7" ],
        "X-Content-Type-Options": [ "nosniff" ],
        "X-Cache": [ "CONFIG_NOCACHE" ],
        "X-MSEdge-Ref": [ "Ref A: B7419BA825594CB4A5A101E6649BC1ED Ref B: CO6AA3150219021 Ref C: 2024-06-06T22:32:47Z" ],
        "Date": [ "Thu, 06 Jun 2024 22:32:47 GMT" ]
      },
      "ContentHeaders": {
        "Content-Length": [ "12" ],
        "Content-Type": [ "application/json; charset=utf-8" ],
        "Expires": [ "-1" ]
      },
      "Content": "{\"value\":[]}",
      "isContentBase64": false
    }
  },
  "GetPolicyExemption+[NoContext]+Get-AzPolicyExemption -Scope -IncludeDescendent+$GET+https://management.azure.com/subscriptions/edb2c18a-04d6-49e9-bc72-e23852f507ad/providers/Microsoft.Authorization/policyExemptions?api-version=2022-07-01-preview+1": {
    "Request": {
      "Method": "GET",
      "RequestUri": "https://management.azure.com/subscriptions/edb2c18a-04d6-49e9-bc72-e23852f507ad/providers/Microsoft.Authorization/policyExemptions?api-version=2022-07-01-preview",
      "Content": null,
      "isContentBase64": false,
      "Headers": {
        "x-ms-unique-id": [ "520" ],
        "x-ms-client-request-id": [ "aed81579-e607-469d-a0ce-5db88822f1c5" ],
        "CommandName": [ "\u0026" ],
        "FullCommandName": [ "Get-AzPolicyExemption_List" ],
        "ParameterSetName": [ "__AllParameterSets" ],
        "User-Agent": [ "AzurePowershell/v11.0.0", "PSVersion/v7.4.2", "Az.Policy/0.1.1" ],
        "Authorization": [ "[Filtered]" ]
      },
      "ContentHeaders": {
      }
    },
    "Response": {
      "StatusCode": 200,
      "Headers": {
        "Cache-Control": [ "no-cache" ],
        "Pragma": [ "no-cache" ],
        "Strict-Transport-Security": [ "max-age=31536000; includeSubDomains" ],
        "x-ms-throttling-version": [ "v1" ],
        "x-ms-ratelimit-remaining-subscription-reads": [ "11996" ],
        "x-ms-request-id": [ "e4482666-efe3-4eff-91ad-76408323cbf5" ],
        "x-ms-correlation-request-id": [ "e4482666-efe3-4eff-91ad-76408323cbf5" ],
        "x-ms-routing-request-id": [ "WESTUS2:20240606T223247Z:e4482666-efe3-4eff-91ad-76408323cbf5" ],
        "X-Content-Type-Options": [ "nosniff" ],
        "X-Cache": [ "CONFIG_NOCACHE" ],
        "X-MSEdge-Ref": [ "Ref A: 62B20120759245419371E175BE3BC267 Ref B: CO6AA3150219021 Ref C: 2024-06-06T22:32:47Z" ],
        "Date": [ "Thu, 06 Jun 2024 22:32:47 GMT" ]
      },
      "ContentHeaders": {
        "Content-Length": [ "2621" ],
        "Content-Type": [ "application/json; charset=utf-8" ],
        "Expires": [ "-1" ]
      },
      "Content": "{\"value\":[{\"properties\":{\"policyAssignmentId\":\"/providers/Microsoft.Management/managementGroups/AzGovPerfTest/providers/Microsoft.Authorization/policyAssignments/e4d662572b4f40409eed77e8\",\"policyDefinitionReferenceIds\":[],\"exemptionCategory\":\"Mitigated\",\"displayName\":\"Azure Governance Performance Test - tony-test-modifyDenyMG\",\"description\":\"\",\"expiresOn\":\"2024-02-10T08:00:00Z\",\"resourceSelectors\":[],\"metadata\":{}},\"id\":\"/providers/Microsoft.Management/managementGroups/AzGovPerfTest/providers/Microsoft.Authorization/policyExemptions/411d2dfc3efb44bc89510bf3\",\"type\":\"Microsoft.Authorization/policyExemptions\",\"name\":\"411d2dfc3efb44bc89510bf3\",\"systemData\":{\"createdBy\":\"qingyechen@microsoft.com\",\"createdByType\":\"User\",\"createdAt\":\"2024-01-18T19:32:04.6336364Z\",\"lastModifiedBy\":\"qingyechen@microsoft.com\",\"lastModifiedByType\":\"User\",\"lastModifiedAt\":\"2024-02-01T05:41:56.656852Z\"}},{\"properties\":{\"policyAssignmentId\":\"/providers/Microsoft.Management/managementGroups/AzGovPerfTest/providers/Microsoft.Authorization/policyAssignments/46aec00d695c4c83b704a532\",\"policyDefinitionReferenceIds\":[],\"exemptionCategory\":\"Waiver\",\"displayName\":\"Azure Governance Performance Test - robga keyvault location\",\"description\":\"\",\"resourceSelectors\":[{\"name\":\"1\",\"selectors\":[{\"kind\":\"resourceLocation\",\"in\":[\"westus\"]}]}],\"metadata\":{}},\"id\":\"/providers/Microsoft.Management/managementGroups/AzGovPerfTest/providers/Microsoft.Authorization/policyExemptions/949bf29bfc4d493da3d53e91\",\"type\":\"Microsoft.Authorization/policyExemptions\",\"name\":\"949bf29bfc4d493da3d53e91\",\"systemData\":{\"createdBy\":\"robga@microsoft.com\",\"createdByType\":\"User\",\"createdAt\":\"2024-06-06T17:03:40.4464856Z\",\"lastModifiedBy\":\"robga@microsoft.com\",\"lastModifiedByType\":\"User\",\"lastModifiedAt\":\"2024-06-06T17:27:21.7158092Z\"}},{\"properties\":{\"policyAssignmentId\":\"/providers/Microsoft.Management/managementGroups/AzGovPerfTest/providers/Microsoft.Authorization/policyAssignments/c691bb62817b40fda56c1b77\",\"policyDefinitionReferenceIds\":[],\"exemptionCategory\":\"Waiver\",\"displayName\":\"Azure Governance Performance Test - qingye-test-exemptionOnMG\",\"resourceSelectors\":[],\"metadata\":{}},\"id\":\"/providers/Microsoft.Management/managementGroups/AzGovPerfTest/providers/Microsoft.Authorization/policyExemptions/dcfaaf0f40374736afbffed9\",\"type\":\"Microsoft.Authorization/policyExemptions\",\"name\":\"dcfaaf0f40374736afbffed9\",\"systemData\":{\"createdBy\":\"qingyechen@microsoft.com\",\"createdByType\":\"User\",\"createdAt\":\"2023-06-27T17:08:45.1562625Z\",\"lastModifiedBy\":\"qingyechen@microsoft.com\",\"lastModifiedByType\":\"User\",\"lastModifiedAt\":\"2023-06-27T17:08:45.1562625Z\"}}]}",
      "isContentBase64": false
    }
  },
  "GetPolicyExemption+[NoContext]+Get-AzPolicyExemption -Id+$GET+https://management.azure.com//subscriptions/edb2c18a-04d6-49e9-bc72-e23852f507ad/providers/Microsoft.Authorization/policyExemptions/someName?api-version=2022-07-01-preview+1": {
    "Request": {
      "Method": "GET",
      "RequestUri": "https://management.azure.com//subscriptions/edb2c18a-04d6-49e9-bc72-e23852f507ad/providers/Microsoft.Authorization/policyExemptions/someName?api-version=2022-07-01-preview",
      "Content": null,
      "isContentBase64": false,
      "Headers": {
        "x-ms-unique-id": [ "521" ],
        "x-ms-client-request-id": [ "9e28fc22-d1d7-4a69-8a5c-239c41421f6b" ],
        "CommandName": [ "\u0026" ],
        "FullCommandName": [ "Get-AzPolicyExemption_Get" ],
        "ParameterSetName": [ "__AllParameterSets" ],
        "User-Agent": [ "AzurePowershell/v11.0.0", "PSVersion/v7.4.2", "Az.Policy/0.1.1" ],
        "Authorization": [ "[Filtered]" ]
      },
      "ContentHeaders": {
      }
    },
    "Response": {
      "StatusCode": 404,
      "Headers": {
        "Cache-Control": [ "no-store, no-cache" ],
        "Pragma": [ "no-cache" ],
        "x-ms-throttling-version": [ "v1" ],
        "x-ms-ratelimit-remaining-subscription-reads": [ "11995" ],
        "x-ms-request-id": [ "dcbfd45b-0719-4051-965f-172cb3a348a0" ],
        "x-ms-correlation-request-id": [ "dcbfd45b-0719-4051-965f-172cb3a348a0" ],
        "x-ms-routing-request-id": [ "WESTUS2:20240606T223247Z:dcbfd45b-0719-4051-965f-172cb3a348a0" ],
        "Strict-Transport-Security": [ "max-age=31536000; includeSubDomains" ],
        "X-Content-Type-Options": [ "nosniff" ],
        "X-Cache": [ "CONFIG_NOCACHE" ],
        "X-MSEdge-Ref": [ "Ref A: BE5483E4F8A74FCAB5E2540495EDF33A Ref B: CO6AA3150219021 Ref C: 2024-06-06T22:32:47Z" ],
        "Date": [ "Thu, 06 Jun 2024 22:32:47 GMT" ]
      },
      "ContentHeaders": {
        "Content-Length": [ "108" ],
        "Content-Type": [ "application/json" ],
        "Expires": [ "-1" ]
      },
      "Content": "{\"error\":{\"code\":\"PolicyExemptionNotFound\",\"message\":\"The policy exemption \u0027someName\u0027 could not be found.\"}}",
      "isContentBase64": false
    }
  },
  "GetPolicyExemption+[NoContext]+Get-AzPolicyExemption -PolicyAssignmentIdFilter+$GET+https://management.azure.com/subscriptions/edb2c18a-04d6-49e9-bc72-e23852f507ad/providers/Microsoft.Authorization/policyExemptions?$filter=policyAssignmentId eq \u0027someId\u0027\u0026api-version=2022-07-01-preview+1": {
    "Request": {
      "Method": "GET",
      "RequestUri": "https://management.azure.com/subscriptions/edb2c18a-04d6-49e9-bc72-e23852f507ad/providers/Microsoft.Authorization/policyExemptions?$filter=policyAssignmentId%20eq%20\u0027someId\u0027\u0026api-version=2022-07-01-preview",
      "Content": null,
      "isContentBase64": false,
      "Headers": {
        "x-ms-unique-id": [ "522" ],
        "x-ms-client-request-id": [ "2bb0372d-2975-4bec-9924-79367c5aee25" ],
        "CommandName": [ "\u0026" ],
        "FullCommandName": [ "Get-AzPolicyExemption_List" ],
        "ParameterSetName": [ "__AllParameterSets" ],
        "User-Agent": [ "AzurePowershell/v11.0.0", "PSVersion/v7.4.2", "Az.Policy/0.1.1" ],
        "Authorization": [ "[Filtered]" ]
      },
      "ContentHeaders": {
      }
    },
    "Response": {
      "StatusCode": 200,
      "Headers": {
        "Cache-Control": [ "no-cache" ],
        "Pragma": [ "no-cache" ],
        "Strict-Transport-Security": [ "max-age=31536000; includeSubDomains" ],
        "x-ms-throttling-version": [ "v1" ],
        "x-ms-ratelimit-remaining-subscription-reads": [ "11995" ],
        "x-ms-request-id": [ "5e7a25cd-09a0-461c-839e-c9ba5de8aca2" ],
        "x-ms-correlation-request-id": [ "5e7a25cd-09a0-461c-839e-c9ba5de8aca2" ],
        "x-ms-routing-request-id": [ "WESTUS2:20240606T223249Z:5e7a25cd-09a0-461c-839e-c9ba5de8aca2" ],
        "X-Content-Type-Options": [ "nosniff" ],
        "X-Cache": [ "CONFIG_NOCACHE" ],
        "X-MSEdge-Ref": [ "Ref A: 911DDAF8E9774B6F88CFBF58E4C89434 Ref B: CO6AA3150219021 Ref C: 2024-06-06T22:32:48Z" ],
        "Date": [ "Thu, 06 Jun 2024 22:32:48 GMT" ]
      },
      "ContentHeaders": {
        "Content-Length": [ "12" ],
        "Content-Type": [ "application/json; charset=utf-8" ],
        "Expires": [ "-1" ]
      },
      "Content": "{\"value\":[]}",
      "isContentBase64": false
    }
  },
  "GetPolicyExemption+[NoContext]+Get-AzPolicyExemption -IncludeDescendent+$GET+https://management.azure.com/subscriptions/edb2c18a-04d6-49e9-bc72-e23852f507ad/providers/Microsoft.Authorization/policyExemptions?api-version=2022-07-01-preview+1": {
    "Request": {
      "Method": "GET",
      "RequestUri": "https://management.azure.com/subscriptions/edb2c18a-04d6-49e9-bc72-e23852f507ad/providers/Microsoft.Authorization/policyExemptions?api-version=2022-07-01-preview",
      "Content": null,
      "isContentBase64": false,
      "Headers": {
        "x-ms-unique-id": [ "523" ],
        "x-ms-client-request-id": [ "3e09cb38-a70a-4590-af98-f9ba061894bc" ],
        "CommandName": [ "\u0026" ],
        "FullCommandName": [ "Get-AzPolicyExemption_List" ],
        "ParameterSetName": [ "__AllParameterSets" ],
        "User-Agent": [ "AzurePowershell/v11.0.0", "PSVersion/v7.4.2", "Az.Policy/0.1.1" ],
        "Authorization": [ "[Filtered]" ]
      },
      "ContentHeaders": {
      }
    },
    "Response": {
      "StatusCode": 200,
      "Headers": {
        "Cache-Control": [ "no-cache" ],
        "Pragma": [ "no-cache" ],
        "Strict-Transport-Security": [ "max-age=31536000; includeSubDomains" ],
        "x-ms-throttling-version": [ "v1" ],
        "x-ms-ratelimit-remaining-subscription-reads": [ "11994" ],
        "x-ms-request-id": [ "308ba132-86ed-435b-aff3-18ca7212c808" ],
        "x-ms-correlation-request-id": [ "308ba132-86ed-435b-aff3-18ca7212c808" ],
        "x-ms-routing-request-id": [ "WESTUS2:20240606T223249Z:308ba132-86ed-435b-aff3-18ca7212c808" ],
        "X-Content-Type-Options": [ "nosniff" ],
        "X-Cache": [ "CONFIG_NOCACHE" ],
        "X-MSEdge-Ref": [ "Ref A: F18060C35A4E43A09538CDADEFC1CA98 Ref B: CO6AA3150219021 Ref C: 2024-06-06T22:32:49Z" ],
        "Date": [ "Thu, 06 Jun 2024 22:32:48 GMT" ]
      },
      "ContentHeaders": {
        "Content-Length": [ "2621" ],
        "Content-Type": [ "application/json; charset=utf-8" ],
        "Expires": [ "-1" ]
      },
      "Content": "{\"value\":[{\"properties\":{\"policyAssignmentId\":\"/providers/Microsoft.Management/managementGroups/AzGovPerfTest/providers/Microsoft.Authorization/policyAssignments/e4d662572b4f40409eed77e8\",\"policyDefinitionReferenceIds\":[],\"exemptionCategory\":\"Mitigated\",\"displayName\":\"Azure Governance Performance Test - tony-test-modifyDenyMG\",\"description\":\"\",\"expiresOn\":\"2024-02-10T08:00:00Z\",\"resourceSelectors\":[],\"metadata\":{}},\"id\":\"/providers/Microsoft.Management/managementGroups/AzGovPerfTest/providers/Microsoft.Authorization/policyExemptions/411d2dfc3efb44bc89510bf3\",\"type\":\"Microsoft.Authorization/policyExemptions\",\"name\":\"411d2dfc3efb44bc89510bf3\",\"systemData\":{\"createdBy\":\"qingyechen@microsoft.com\",\"createdByType\":\"User\",\"createdAt\":\"2024-01-18T19:32:04.6336364Z\",\"lastModifiedBy\":\"qingyechen@microsoft.com\",\"lastModifiedByType\":\"User\",\"lastModifiedAt\":\"2024-02-01T05:41:56.656852Z\"}},{\"properties\":{\"policyAssignmentId\":\"/providers/Microsoft.Management/managementGroups/AzGovPerfTest/providers/Microsoft.Authorization/policyAssignments/46aec00d695c4c83b704a532\",\"policyDefinitionReferenceIds\":[],\"exemptionCategory\":\"Waiver\",\"displayName\":\"Azure Governance Performance Test - robga keyvault location\",\"description\":\"\",\"resourceSelectors\":[{\"name\":\"1\",\"selectors\":[{\"kind\":\"resourceLocation\",\"in\":[\"westus\"]}]}],\"metadata\":{}},\"id\":\"/providers/Microsoft.Management/managementGroups/AzGovPerfTest/providers/Microsoft.Authorization/policyExemptions/949bf29bfc4d493da3d53e91\",\"type\":\"Microsoft.Authorization/policyExemptions\",\"name\":\"949bf29bfc4d493da3d53e91\",\"systemData\":{\"createdBy\":\"robga@microsoft.com\",\"createdByType\":\"User\",\"createdAt\":\"2024-06-06T17:03:40.4464856Z\",\"lastModifiedBy\":\"robga@microsoft.com\",\"lastModifiedByType\":\"User\",\"lastModifiedAt\":\"2024-06-06T17:27:21.7158092Z\"}},{\"properties\":{\"policyAssignmentId\":\"/providers/Microsoft.Management/managementGroups/AzGovPerfTest/providers/Microsoft.Authorization/policyAssignments/c691bb62817b40fda56c1b77\",\"policyDefinitionReferenceIds\":[],\"exemptionCategory\":\"Waiver\",\"displayName\":\"Azure Governance Performance Test - qingye-test-exemptionOnMG\",\"resourceSelectors\":[],\"metadata\":{}},\"id\":\"/providers/Microsoft.Management/managementGroups/AzGovPerfTest/providers/Microsoft.Authorization/policyExemptions/dcfaaf0f40374736afbffed9\",\"type\":\"Microsoft.Authorization/policyExemptions\",\"name\":\"dcfaaf0f40374736afbffed9\",\"systemData\":{\"createdBy\":\"qingyechen@microsoft.com\",\"createdByType\":\"User\",\"createdAt\":\"2023-06-27T17:08:45.1562625Z\",\"lastModifiedBy\":\"qingyechen@microsoft.com\",\"lastModifiedByType\":\"User\",\"lastModifiedAt\":\"2023-06-27T17:08:45.1562625Z\"}}]}",
      "isContentBase64": false
    }
  }
}