{
  "PolicyExemptionCRUDAtManagementGroup+[NoContext]+[NoScenario]+$GET+https://management.azure.com/providers/Microsoft.Authorization/policyDefinitions/0a914e76-4921-4c19-b460-a2d36003525a?api-version=2023-04-01+1": {
    "Request": {
      "Method": "GET",
      "RequestUri": "https://management.azure.com/providers/Microsoft.Authorization/policyDefinitions/0a914e76-4921-4c19-b460-a2d36003525a?api-version=2023-04-01",
      "Content": null,
      "isContentBase64": false,
      "Headers": {
        "x-ms-unique-id": [ "1282" ],
        "x-ms-client-request-id": [ "d774c454-5e67-406f-bd62-5dd3e6e0b767" ],
        "CommandName": [ "\u0026" ],
        "FullCommandName": [ "Get-AzPolicyDefinitionBuilt_GetViaIdentity" ],
        "ParameterSetName": [ "__AllParameterSets" ],
        "User-Agent": [ "AzurePowershell/v11.0.0", "PSVersion/v7.4.1", "Az.Policy/0.1.1" ],
        "Authorization": [ "[Filtered]" ]
      },
      "ContentHeaders": {
      }
    },
    "Response": {
      "StatusCode": 200,
      "Headers": {
        "Cache-Control": [ "no-cache" ],
        "Pragma": [ "no-cache" ],
        "Strict-Transport-Security": [ "max-age=31536000; includeSubDomains" ],
        "x-ms-ratelimit-remaining-tenant-reads": [ "11995" ],
        "x-ms-request-id": [ "a6a13431-21f6-45fe-b640-887ce36b1326" ],
        "x-ms-correlation-request-id": [ "a6a13431-21f6-45fe-b640-887ce36b1326" ],
        "x-ms-routing-request-id": [ "WESTUS2:20240326T005253Z:a6a13431-21f6-45fe-b640-887ce36b1326" ],
        "X-Content-Type-Options": [ "nosniff" ],
        "X-Cache": [ "CONFIG_NOCACHE" ],
        "X-MSEdge-Ref": [ "Ref A: 4E55E9BE4DF0497088E06092A4B78585 Ref B: CO6AA3150218029 Ref C: 2024-03-26T00:52:53Z" ],
        "Date": [ "Tue, 26 Mar 2024 00:52:52 GMT" ]
      },
      "ContentHeaders": {
        "Content-Length": [ "660" ],
        "Content-Type": [ "application/json; charset=utf-8" ],
        "Expires": [ "-1" ]
      },
      "Content": "{\"properties\":{\"displayName\":\"Audit resource location matches resource group location\",\"policyType\":\"BuiltIn\",\"mode\":\"Indexed\",\"description\":\"Audit that the resource location matches its resource group location\",\"metadata\":{\"version\":\"2.0.0\",\"category\":\"General\"},\"version\":\"2.0.0\",\"policyRule\":{\"if\":{\"allOf\":[{\"field\":\"location\",\"notEquals\":\"[resourcegroup().location]\"},{\"field\":\"location\",\"notEquals\":\"global\"}]},\"then\":{\"effect\":\"audit\"}},\"versions\":[\"2.0.0\"]},\"id\":\"/providers/Microsoft.Authorization/policyDefinitions/0a914e76-4921-4c19-b460-a2d36003525a\",\"type\":\"Microsoft.Authorization/policyDefinitions\",\"name\":\"0a914e76-4921-4c19-b460-a2d36003525a\"}",
      "isContentBase64": false
    }
  },
  "PolicyExemptionCRUDAtManagementGroup+[NoContext]+[NoScenario]+$PUT+https://management.azure.com//providers/Microsoft.Management/managementGroups/AzGovPerfTest/providers/Microsoft.Authorization/policyAssignments/ps01141CEAPolicyExemptio?api-version=2023-04-01+2": {
    "Request": {
      "Method": "PUT",
      "RequestUri": "https://management.azure.com//providers/Microsoft.Management/managementGroups/AzGovPerfTest/providers/Microsoft.Authorization/policyAssignments/ps01141CEAPolicyExemptio?api-version=2023-04-01",
      "Content": "{\r\n  \"properties\": {\r\n    \"displayName\": \"Unit test junk: sorry for littering. Please delete me!\",\r\n    \"policyDefinitionId\": \"/providers/Microsoft.Authorization/policyDefinitions/0a914e76-4921-4c19-b460-a2d36003525a\"\r\n  }\r\n}",
      "isContentBase64": false,
      "Headers": {
      },
      "ContentHeaders": {
        "Content-Type": [ "application/json" ],
        "Content-Length": [ "225" ]
      }
    },
    "Response": {
      "StatusCode": 201,
      "Headers": {
        "Cache-Control": [ "no-cache" ],
        "Pragma": [ "no-cache" ],
        "Strict-Transport-Security": [ "max-age=31536000; includeSubDomains" ],
        "x-ms-ratelimit-remaining-tenant-writes": [ "1199" ],
        "x-ms-request-id": [ "c4f7d73d-b103-4649-8919-8e31f3c4d117" ],
        "x-ms-correlation-request-id": [ "c4f7d73d-b103-4649-8919-8e31f3c4d117" ],
        "x-ms-routing-request-id": [ "WESTUS2:20240326T005253Z:c4f7d73d-b103-4649-8919-8e31f3c4d117" ],
        "X-Content-Type-Options": [ "nosniff" ],
        "X-Cache": [ "CONFIG_NOCACHE" ],
        "X-MSEdge-Ref": [ "Ref A: 2A6BFA0913CF443BA2DF18D11C8B5B30 Ref B: CO6AA3150218029 Ref C: 2024-03-26T00:52:53Z" ],
        "Date": [ "Tue, 26 Mar 2024 00:52:53 GMT" ]
      },
      "ContentHeaders": {
        "Content-Length": [ "946" ],
        "Content-Type": [ "application/json; charset=utf-8" ],
        "Expires": [ "-1" ]
      },
      "Content": "{\"properties\":{\"displayName\":\"Unit test junk: sorry for littering. Please delete me!\",\"policyDefinitionId\":\"/providers/Microsoft.Authorization/policyDefinitions/0a914e76-4921-4c19-b460-a2d36003525a\",\"definitionVersion\":\"2.*.*\",\"scope\":\"/providers/Microsoft.Management/managementGroups/AzGovPerfTest\",\"metadata\":{\"createdBy\":\"3d826307-2481-45a0-a271-bcf9333f914a\",\"createdOn\":\"2024-03-26T00:52:53.6370659Z\",\"updatedBy\":null,\"updatedOn\":null},\"enforcementMode\":\"Default\"},\"id\":\"/providers/Microsoft.Management/managementGroups/AzGovPerfTest/providers/Microsoft.Authorization/policyAssignments/ps01141CEAPolicyExemptio\",\"type\":\"Microsoft.Authorization/policyAssignments\",\"name\":\"ps01141CEAPolicyExemptio\",\"systemData\":{\"createdBy\":\"cstack@ntdev.microsoft.com\",\"createdByType\":\"User\",\"createdAt\":\"2024-03-26T00:52:53.6079475Z\",\"lastModifiedBy\":\"cstack@ntdev.microsoft.com\",\"lastModifiedByType\":\"User\",\"lastModifiedAt\":\"2024-03-26T00:52:53.6079475Z\"}}",
      "isContentBase64": false
    }
  },
  "PolicyExemptionCRUDAtManagementGroup+[NoContext]+[NoScenario]+$PUT+https://management.azure.com//providers/Microsoft.Management/managementGroups/AzGovPerfTest/providers/Microsoft.Authorization/policyExemptions/ps02141CEAPolicyExemptio?api-version=2022-07-01-preview+3": {
    "Request": {
      "Method": "PUT",
      "RequestUri": "https://management.azure.com//providers/Microsoft.Management/managementGroups/AzGovPerfTest/providers/Microsoft.Authorization/policyExemptions/ps02141CEAPolicyExemptio?api-version=2022-07-01-preview",
      "Content": "{\r\n  \"properties\": {\r\n    \"policyAssignmentId\": \"/providers/Microsoft.Management/managementGroups/AzGovPerfTest/providers/Microsoft.Authorization/policyAssignments/ps01141CEAPolicyExemptio\",\r\n    \"exemptionCategory\": \"Waiver\",\r\n    \"expiresOn\": \"3021-03-09T07:30:10.0000000Z\",\r\n    \"displayName\": \"Unit test junk: sorry for littering. Please delete me!\",\r\n    \"description\": \"Unit test junk: sorry for littering. Please delete me!\",\r\n    \"metadata\": {\r\n      \"testName\": \"testValue\"\r\n    }\r\n  }\r\n}",
      "isContentBase64": false,
      "Headers": {
      },
      "ContentHeaders": {
        "Content-Type": [ "application/json" ],
        "Content-Length": [ "497" ]
      }
    },
    "Response": {
      "StatusCode": 201,
      "Headers": {
        "Cache-Control": [ "no-cache" ],
        "Pragma": [ "no-cache" ],
        "Strict-Transport-Security": [ "max-age=31536000; includeSubDomains" ],
        "x-ms-ratelimit-remaining-tenant-writes": [ "1199" ],
        "x-ms-request-id": [ "a2300105-a589-4501-b509-7849f1f24b65" ],
        "x-ms-correlation-request-id": [ "a2300105-a589-4501-b509-7849f1f24b65" ],
        "x-ms-routing-request-id": [ "WESTUS2:20240326T005254Z:a2300105-a589-4501-b509-7849f1f24b65" ],
        "X-Content-Type-Options": [ "nosniff" ],
        "X-Cache": [ "CONFIG_NOCACHE" ],
        "X-MSEdge-Ref": [ "Ref A: 7C193B609A264F67AA44029E62151C83 Ref B: CO6AA3150218029 Ref C: 2024-03-26T00:52:53Z" ],
        "Date": [ "Tue, 26 Mar 2024 00:52:53 GMT" ]
      },
      "ContentHeaders": {
        "Content-Length": [ "895" ],
        "Content-Type": [ "application/json; charset=utf-8" ],
        "Expires": [ "-1" ]
      },
      "Content": "{\"properties\":{\"policyAssignmentId\":\"/providers/Microsoft.Management/managementGroups/AzGovPerfTest/providers/Microsoft.Authorization/policyAssignments/ps01141CEAPolicyExemptio\",\"exemptionCategory\":\"Waiver\",\"displayName\":\"Unit test junk: sorry for littering. Please delete me!\",\"description\":\"Unit test junk: sorry for littering. Please delete me!\",\"expiresOn\":\"3021-03-09T07:30:10Z\",\"metadata\":{\"testName\":\"testValue\"}},\"id\":\"/providers/Microsoft.Management/managementGroups/AzGovPerfTest/providers/Microsoft.Authorization/policyExemptions/ps02141CEAPolicyExemptio\",\"type\":\"Microsoft.Authorization/policyExemptions\",\"name\":\"ps02141CEAPolicyExemptio\",\"systemData\":{\"createdBy\":\"cstack@ntdev.microsoft.com\",\"createdByType\":\"User\",\"createdAt\":\"2024-03-26T00:52:54.0390624Z\",\"lastModifiedBy\":\"cstack@ntdev.microsoft.com\",\"lastModifiedByType\":\"User\",\"lastModifiedAt\":\"2024-03-26T00:52:54.0390624Z\"}}",
      "isContentBase64": false
    }
  },
  "PolicyExemptionCRUDAtManagementGroup+[NoContext]+Update policy exemption at MG level+$PUT+https://management.azure.com//providers/Microsoft.Management/managementGroups/AzGovPerfTest/providers/Microsoft.Authorization/policyExemptions/ps02141CEAPolicyExemptio?api-version=2022-07-01-preview+1": {
    "Request": {
      "Method": "PUT",
      "RequestUri": "https://management.azure.com//providers/Microsoft.Management/managementGroups/AzGovPerfTest/providers/Microsoft.Authorization/policyExemptions/ps02141CEAPolicyExemptio?api-version=2022-07-01-preview",
      "Content": "{\r\n  \"properties\": {\r\n    \"policyAssignmentId\": \"/providers/Microsoft.Management/managementGroups/AzGovPerfTest/providers/Microsoft.Authorization/policyAssignments/ps01141CEAPolicyExemptio\",\r\n    \"exemptionCategory\": \"Mitigated\",\r\n    \"expiresOn\": \"3021-03-10T07:30:10.0000000Z\",\r\n    \"displayName\": \"testDisplay\"\r\n  }\r\n}",
      "isContentBase64": false,
      "Headers": {
      },
      "ContentHeaders": {
        "Content-Type": [ "application/json" ],
        "Content-Length": [ "321" ]
      }
    },
    "Response": {
      "StatusCode": 200,
      "Headers": {
        "Cache-Control": [ "no-cache" ],
        "Pragma": [ "no-cache" ],
        "Strict-Transport-Security": [ "max-age=31536000; includeSubDomains" ],
        "x-ms-ratelimit-remaining-tenant-writes": [ "1199" ],
        "x-ms-request-id": [ "f9f5d5dc-1383-4752-8a3f-bbfee6afee9a" ],
        "x-ms-correlation-request-id": [ "f9f5d5dc-1383-4752-8a3f-bbfee6afee9a" ],
        "x-ms-routing-request-id": [ "WESTUS2:20240326T005255Z:f9f5d5dc-1383-4752-8a3f-bbfee6afee9a" ],
        "X-Content-Type-Options": [ "nosniff" ],
        "X-Cache": [ "CONFIG_NOCACHE" ],
        "X-MSEdge-Ref": [ "Ref A: 45AB233C69E741E99B0C8248362FCE06 Ref B: CO6AA3150218029 Ref C: 2024-03-26T00:52:54Z" ],
        "Date": [ "Tue, 26 Mar 2024 00:52:54 GMT" ]
      },
      "ContentHeaders": {
        "Content-Length": [ "748" ],
        "Content-Type": [ "application/json; charset=utf-8" ],
        "Expires": [ "-1" ]
      },
      "Content": "{\"properties\":{\"policyAssignmentId\":\"/providers/Microsoft.Management/managementGroups/AzGovPerfTest/providers/Microsoft.Authorization/policyAssignments/ps01141CEAPolicyExemptio\",\"exemptionCategory\":\"Mitigated\",\"displayName\":\"testDisplay\",\"expiresOn\":\"3021-03-10T07:30:10Z\"},\"id\":\"/providers/Microsoft.Management/managementGroups/AzGovPerfTest/providers/Microsoft.Authorization/policyExemptions/ps02141CEAPolicyExemptio\",\"type\":\"Microsoft.Authorization/policyExemptions\",\"name\":\"ps02141CEAPolicyExemptio\",\"systemData\":{\"createdBy\":\"cstack@ntdev.microsoft.com\",\"createdByType\":\"User\",\"createdAt\":\"2024-03-26T00:52:54.0390624Z\",\"lastModifiedBy\":\"cstack@ntdev.microsoft.com\",\"lastModifiedByType\":\"User\",\"lastModifiedAt\":\"2024-03-26T00:52:54.6299079Z\"}}",
      "isContentBase64": false
    }
  },
  "PolicyExemptionCRUDAtManagementGroup+[NoContext]+Update policy exemption at MG level to clear expiration+$PUT+https://management.azure.com//providers/Microsoft.Management/managementGroups/AzGovPerfTest/providers/Microsoft.Authorization/policyExemptions/ps02141CEAPolicyExemptio?api-version=2022-07-01-preview+1": {
    "Request": {
      "Method": "PUT",
      "RequestUri": "https://management.azure.com//providers/Microsoft.Management/managementGroups/AzGovPerfTest/providers/Microsoft.Authorization/policyExemptions/ps02141CEAPolicyExemptio?api-version=2022-07-01-preview",
      "Content": "{\r\n  \"properties\": {\r\n    \"policyAssignmentId\": \"/providers/Microsoft.Management/managementGroups/AzGovPerfTest/providers/Microsoft.Authorization/policyAssignments/ps01141CEAPolicyExemptio\",\r\n    \"exemptionCategory\": \"Mitigated\"\r\n  }\r\n}",
      "isContentBase64": false,
      "Headers": {
      },
      "ContentHeaders": {
        "Content-Type": [ "application/json" ],
        "Content-Length": [ "236" ]
      }
    },
    "Response": {
      "StatusCode": 200,
      "Headers": {
        "Cache-Control": [ "no-cache" ],
        "Pragma": [ "no-cache" ],
        "Strict-Transport-Security": [ "max-age=31536000; includeSubDomains" ],
        "x-ms-ratelimit-remaining-tenant-writes": [ "1199" ],
        "x-ms-request-id": [ "56c98bdc-5628-417f-841a-9c378e74876a" ],
        "x-ms-correlation-request-id": [ "56c98bdc-5628-417f-841a-9c378e74876a" ],
        "x-ms-routing-request-id": [ "WESTUS2:20240326T005255Z:56c98bdc-5628-417f-841a-9c378e74876a" ],
        "X-Content-Type-Options": [ "nosniff" ],
        "X-Cache": [ "CONFIG_NOCACHE" ],
        "X-MSEdge-Ref": [ "Ref A: FAF8674D2D8A4771862137DBB74AE19C Ref B: CO6AA3150218029 Ref C: 2024-03-26T00:52:55Z" ],
        "Date": [ "Tue, 26 Mar 2024 00:52:55 GMT" ]
      },
      "ContentHeaders": {
        "Content-Length": [ "685" ],
        "Content-Type": [ "application/json; charset=utf-8" ],
        "Expires": [ "-1" ]
      },
      "Content": "{\"properties\":{\"policyAssignmentId\":\"/providers/Microsoft.Management/managementGroups/AzGovPerfTest/providers/Microsoft.Authorization/policyAssignments/ps01141CEAPolicyExemptio\",\"exemptionCategory\":\"Mitigated\"},\"id\":\"/providers/Microsoft.Management/managementGroups/AzGovPerfTest/providers/Microsoft.Authorization/policyExemptions/ps02141CEAPolicyExemptio\",\"type\":\"Microsoft.Authorization/policyExemptions\",\"name\":\"ps02141CEAPolicyExemptio\",\"systemData\":{\"createdBy\":\"cstack@ntdev.microsoft.com\",\"createdByType\":\"User\",\"createdAt\":\"2024-03-26T00:52:54.0390624Z\",\"lastModifiedBy\":\"cstack@ntdev.microsoft.com\",\"lastModifiedByType\":\"User\",\"lastModifiedAt\":\"2024-03-26T00:52:55.3852743Z\"}}",
      "isContentBase64": false
    }
  },
  "PolicyExemptionCRUDAtManagementGroup+[NoContext]+List policy exemptions at MG level+$PUT+https://management.azure.com//providers/Microsoft.Management/managementGroups/AzGovPerfTest/providers/Microsoft.Authorization/policyExemptions/ps03141CEAPolicyExemptio?api-version=2022-07-01-preview+1": {
    "Request": {
      "Method": "PUT",
      "RequestUri": "https://management.azure.com//providers/Microsoft.Management/managementGroups/AzGovPerfTest/providers/Microsoft.Authorization/policyExemptions/ps03141CEAPolicyExemptio?api-version=2022-07-01-preview",
      "Content": "{\r\n  \"properties\": {\r\n    \"policyAssignmentId\": \"/providers/Microsoft.Management/managementGroups/AzGovPerfTest/providers/Microsoft.Authorization/policyAssignments/ps01141CEAPolicyExemptio\",\r\n    \"exemptionCategory\": \"Mitigated\",\r\n    \"expiresOn\": \"3021-03-10T07:30:10.0000000Z\"\r\n  }\r\n}",
      "isContentBase64": false,
      "Headers": {
      },
      "ContentHeaders": {
        "Content-Type": [ "application/json" ],
        "Content-Length": [ "286" ]
      }
    },
    "Response": {
      "StatusCode": 201,
      "Headers": {
        "Cache-Control": [ "no-cache" ],
        "Pragma": [ "no-cache" ],
        "Strict-Transport-Security": [ "max-age=31536000; includeSubDomains" ],
        "x-ms-ratelimit-remaining-tenant-writes": [ "1199" ],
        "x-ms-request-id": [ "ef4cf139-050d-4114-bc19-0f88fa2e0ab6" ],
        "x-ms-correlation-request-id": [ "ef4cf139-050d-4114-bc19-0f88fa2e0ab6" ],
        "x-ms-routing-request-id": [ "WESTUS2:20240326T005256Z:ef4cf139-050d-4114-bc19-0f88fa2e0ab6" ],
        "X-Content-Type-Options": [ "nosniff" ],
        "X-Cache": [ "CONFIG_NOCACHE" ],
        "X-MSEdge-Ref": [ "Ref A: E107BF893BB54B08ADC9318706643A68 Ref B: CO6AA3150218029 Ref C: 2024-03-26T00:52:56Z" ],
        "Date": [ "Tue, 26 Mar 2024 00:52:55 GMT" ]
      },
      "ContentHeaders": {
        "Content-Length": [ "720" ],
        "Content-Type": [ "application/json; charset=utf-8" ],
        "Expires": [ "-1" ]
      },
      "Content": "{\"properties\":{\"policyAssignmentId\":\"/providers/Microsoft.Management/managementGroups/AzGovPerfTest/providers/Microsoft.Authorization/policyAssignments/ps01141CEAPolicyExemptio\",\"exemptionCategory\":\"Mitigated\",\"expiresOn\":\"3021-03-10T07:30:10Z\"},\"id\":\"/providers/Microsoft.Management/managementGroups/AzGovPerfTest/providers/Microsoft.Authorization/policyExemptions/ps03141CEAPolicyExemptio\",\"type\":\"Microsoft.Authorization/policyExemptions\",\"name\":\"ps03141CEAPolicyExemptio\",\"systemData\":{\"createdBy\":\"cstack@ntdev.microsoft.com\",\"createdByType\":\"User\",\"createdAt\":\"2024-03-26T00:52:56.0805905Z\",\"lastModifiedBy\":\"cstack@ntdev.microsoft.com\",\"lastModifiedByType\":\"User\",\"lastModifiedAt\":\"2024-03-26T00:52:56.0805905Z\"}}",
      "isContentBase64": false
    }
  },
  "PolicyExemptionCRUDAtManagementGroup+[NoContext]+List policy exemptions at MG level+$GET+https://management.azure.com/providers/Microsoft.Management/managementGroups/AzGovPerfTest/providers/Microsoft.Authorization/policyExemptions?$filter=atScope()\u0026api-version=2022-07-01-preview+2": {
    "Request": {
      "Method": "GET",
      "RequestUri": "https://management.azure.com/providers/Microsoft.Management/managementGroups/AzGovPerfTest/providers/Microsoft.Authorization/policyExemptions?$filter=atScope()\u0026api-version=2022-07-01-preview",
      "Content": null,
      "isContentBase64": false,
      "Headers": {
        "x-ms-unique-id": [ "1290" ],
        "x-ms-client-request-id": [ "892bf91a-d0fe-4010-a252-16b4ec50a1dd" ],
        "CommandName": [ "\u0026" ],
        "FullCommandName": [ "Get-AzPolicyExemption_List3" ],
        "ParameterSetName": [ "__AllParameterSets" ],
        "User-Agent": [ "AzurePowershell/v11.0.0", "PSVersion/v7.4.1", "Az.Policy/0.1.1" ],
        "Authorization": [ "[Filtered]" ]
      },
      "ContentHeaders": {
      }
    },
    "Response": {
      "StatusCode": 200,
      "Headers": {
        "Cache-Control": [ "no-cache" ],
        "Pragma": [ "no-cache" ],
        "Strict-Transport-Security": [ "max-age=31536000; includeSubDomains" ],
        "x-ms-ratelimit-remaining-tenant-reads": [ "11998" ],
        "x-ms-request-id": [ "243c7690-47c1-4618-8092-fb1ad456a17c" ],
        "x-ms-correlation-request-id": [ "243c7690-47c1-4618-8092-fb1ad456a17c" ],
        "x-ms-routing-request-id": [ "WESTUS2:20240326T005256Z:243c7690-47c1-4618-8092-fb1ad456a17c" ],
        "X-Content-Type-Options": [ "nosniff" ],
        "X-Cache": [ "CONFIG_NOCACHE" ],
        "X-MSEdge-Ref": [ "Ref A: DF60FD3EEF17424F90AE70708476BDB2 Ref B: CO6AA3150218029 Ref C: 2024-03-26T00:52:56Z" ],
        "Date": [ "Tue, 26 Mar 2024 00:52:55 GMT" ]
      },
      "ContentHeaders": {
        "Content-Length": [ "3125" ],
        "Content-Type": [ "application/json; charset=utf-8" ],
        "Expires": [ "-1" ]
      },
      "Content": "{\"value\":[{\"properties\":{\"policyAssignmentId\":\"/providers/Microsoft.Management/managementGroups/AzGovPerfTest/providers/Microsoft.Authorization/policyAssignments/e4d662572b4f40409eed77e8\",\"policyDefinitionReferenceIds\":[],\"exemptionCategory\":\"Mitigated\",\"displayName\":\"Azure Governance Performance Test - tony-test-modifyDenyMG\",\"description\":\"\",\"expiresOn\":\"2024-02-10T08:00:00Z\",\"resourceSelectors\":[],\"metadata\":{}},\"id\":\"/providers/Microsoft.Management/managementGroups/AzGovPerfTest/providers/Microsoft.Authorization/policyExemptions/411d2dfc3efb44bc89510bf3\",\"type\":\"Microsoft.Authorization/policyExemptions\",\"name\":\"411d2dfc3efb44bc89510bf3\",\"systemData\":{\"createdBy\":\"qingyechen@microsoft.com\",\"createdByType\":\"User\",\"createdAt\":\"2024-01-18T19:32:04.6336364Z\",\"lastModifiedBy\":\"qingyechen@microsoft.com\",\"lastModifiedByType\":\"User\",\"lastModifiedAt\":\"2024-02-01T05:41:56.656852Z\"}},{\"properties\":{\"policyAssignmentId\":\"/providers/Microsoft.Management/managementGroups/AzGovPerfTest/providers/Microsoft.Authorization/policyAssignments/ps01141CEAPolicyExemptio\",\"exemptionCategory\":\"Mitigated\"},\"id\":\"/providers/Microsoft.Management/managementGroups/AzGovPerfTest/providers/Microsoft.Authorization/policyExemptions/ps02141CEAPolicyExemptio\",\"type\":\"Microsoft.Authorization/policyExemptions\",\"name\":\"ps02141CEAPolicyExemptio\",\"systemData\":{\"createdBy\":\"cstack@ntdev.microsoft.com\",\"createdByType\":\"User\",\"createdAt\":\"2024-03-26T00:52:54.0390624Z\",\"lastModifiedBy\":\"cstack@ntdev.microsoft.com\",\"lastModifiedByType\":\"User\",\"lastModifiedAt\":\"2024-03-26T00:52:55.3852743Z\"}},{\"properties\":{\"policyAssignmentId\":\"/providers/Microsoft.Management/managementGroups/AzGovPerfTest/providers/Microsoft.Authorization/policyAssignments/ps01141CEAPolicyExemptio\",\"exemptionCategory\":\"Mitigated\",\"expiresOn\":\"3021-03-10T07:30:10Z\"},\"id\":\"/providers/Microsoft.Management/managementGroups/AzGovPerfTest/providers/Microsoft.Authorization/policyExemptions/ps03141CEAPolicyExemptio\",\"type\":\"Microsoft.Authorization/policyExemptions\",\"name\":\"ps03141CEAPolicyExemptio\",\"systemData\":{\"createdBy\":\"cstack@ntdev.microsoft.com\",\"createdByType\":\"User\",\"createdAt\":\"2024-03-26T00:52:56.0805905Z\",\"lastModifiedBy\":\"cstack@ntdev.microsoft.com\",\"lastModifiedByType\":\"User\",\"lastModifiedAt\":\"2024-03-26T00:52:56.0805905Z\"}},{\"properties\":{\"policyAssignmentId\":\"/providers/Microsoft.Management/managementGroups/AzGovPerfTest/providers/Microsoft.Authorization/policyAssignments/c691bb62817b40fda56c1b77\",\"policyDefinitionReferenceIds\":[],\"exemptionCategory\":\"Waiver\",\"displayName\":\"Azure Governance Performance Test - qingye-test-exemptionOnMG\",\"resourceSelectors\":[],\"metadata\":{}},\"id\":\"/providers/Microsoft.Management/managementGroups/AzGovPerfTest/providers/Microsoft.Authorization/policyExemptions/dcfaaf0f40374736afbffed9\",\"type\":\"Microsoft.Authorization/policyExemptions\",\"name\":\"dcfaaf0f40374736afbffed9\",\"systemData\":{\"createdBy\":\"qingyechen@microsoft.com\",\"createdByType\":\"User\",\"createdAt\":\"2023-06-27T17:08:45.1562625Z\",\"lastModifiedBy\":\"qingyechen@microsoft.com\",\"lastModifiedByType\":\"User\",\"lastModifiedAt\":\"2023-06-27T17:08:45.1562625Z\"}}]}",
      "isContentBase64": false
    }
  },
  "PolicyExemptionCRUDAtManagementGroup+[NoContext]+[NoScenario]+$DELETE+https://management.azure.com//providers/Microsoft.Management/managementGroups/AzGovPerfTest/providers/Microsoft.Authorization/policyExemptions/ps02141CEAPolicyExemptio?api-version=2022-07-01-preview+3": {
    "Request": {
      "Method": "DELETE",
      "RequestUri": "https://management.azure.com//providers/Microsoft.Management/managementGroups/AzGovPerfTest/providers/Microsoft.Authorization/policyExemptions/ps02141CEAPolicyExemptio?api-version=2022-07-01-preview",
      "Content": null,
      "isContentBase64": false,
      "Headers": {
        "x-ms-unique-id": [ "1291" ],
        "x-ms-client-request-id": [ "81d63cc6-a620-4524-8fbf-3e7314466cca" ],
        "CommandName": [ "\u0026" ],
        "FullCommandName": [ "Remove-AzPolicyExemption_Delete" ],
        "ParameterSetName": [ "__AllParameterSets" ],
        "User-Agent": [ "AzurePowershell/v11.0.0", "PSVersion/v7.4.1", "Az.Policy/0.1.1" ],
        "Authorization": [ "[Filtered]" ]
      },
      "ContentHeaders": {
      }
    },
    "Response": {
      "StatusCode": 200,
      "Headers": {
        "Cache-Control": [ "no-cache" ],
        "Pragma": [ "no-cache" ],
        "Strict-Transport-Security": [ "max-age=31536000; includeSubDomains" ],
        "x-ms-ratelimit-remaining-tenant-deletes": [ "14999" ],
        "x-ms-request-id": [ "d6d318e8-890d-42d4-b314-e55b189456e1" ],
        "x-ms-correlation-request-id": [ "d6d318e8-890d-42d4-b314-e55b189456e1" ],
        "x-ms-routing-request-id": [ "WESTUS2:20240326T005256Z:d6d318e8-890d-42d4-b314-e55b189456e1" ],
        "X-Content-Type-Options": [ "nosniff" ],
        "X-Cache": [ "CONFIG_NOCACHE" ],
        "X-MSEdge-Ref": [ "Ref A: 06816E43569C4B95931D15FA7DF4B107 Ref B: CO6AA3150218029 Ref C: 2024-03-26T00:52:56Z" ],
        "Date": [ "Tue, 26 Mar 2024 00:52:56 GMT" ]
      },
      "ContentHeaders": {
        "Content-Length": [ "685" ],
        "Content-Type": [ "application/json; charset=utf-8" ],
        "Expires": [ "-1" ]
      },
      "Content": "{\"properties\":{\"policyAssignmentId\":\"/providers/Microsoft.Management/managementGroups/AzGovPerfTest/providers/Microsoft.Authorization/policyAssignments/ps01141CEAPolicyExemptio\",\"exemptionCategory\":\"Mitigated\"},\"id\":\"/providers/Microsoft.Management/managementGroups/AzGovPerfTest/providers/Microsoft.Authorization/policyExemptions/ps02141CEAPolicyExemptio\",\"type\":\"Microsoft.Authorization/policyExemptions\",\"name\":\"ps02141CEAPolicyExemptio\",\"systemData\":{\"createdBy\":\"cstack@ntdev.microsoft.com\",\"createdByType\":\"User\",\"createdAt\":\"2024-03-26T00:52:54.0390624Z\",\"lastModifiedBy\":\"cstack@ntdev.microsoft.com\",\"lastModifiedByType\":\"User\",\"lastModifiedAt\":\"2024-03-26T00:52:55.3852743Z\"}}",
      "isContentBase64": false
    }
  },
  "PolicyExemptionCRUDAtManagementGroup+[NoContext]+[NoScenario]+$DELETE+https://management.azure.com//providers/Microsoft.Management/managementGroups/AzGovPerfTest/providers/Microsoft.Authorization/policyExemptions/ps03141CEAPolicyExemptio?api-version=2022-07-01-preview+4": {
    "Request": {
      "Method": "DELETE",
      "RequestUri": "https://management.azure.com//providers/Microsoft.Management/managementGroups/AzGovPerfTest/providers/Microsoft.Authorization/policyExemptions/ps03141CEAPolicyExemptio?api-version=2022-07-01-preview",
      "Content": null,
      "isContentBase64": false,
      "Headers": {
        "x-ms-unique-id": [ "1292" ],
        "x-ms-client-request-id": [ "3c1391b8-16d4-4335-92b1-a4bfd1ea4cdf" ],
        "CommandName": [ "\u0026" ],
        "FullCommandName": [ "Remove-AzPolicyExemption_Delete" ],
        "ParameterSetName": [ "__AllParameterSets" ],
        "User-Agent": [ "AzurePowershell/v11.0.0", "PSVersion/v7.4.1", "Az.Policy/0.1.1" ],
        "Authorization": [ "[Filtered]" ]
      },
      "ContentHeaders": {
      }
    },
    "Response": {
      "StatusCode": 200,
      "Headers": {
        "Cache-Control": [ "no-cache" ],
        "Pragma": [ "no-cache" ],
        "Strict-Transport-Security": [ "max-age=31536000; includeSubDomains" ],
        "x-ms-ratelimit-remaining-tenant-deletes": [ "14999" ],
        "x-ms-request-id": [ "f0256193-6720-4e53-a5fa-936122ceb253" ],
        "x-ms-correlation-request-id": [ "f0256193-6720-4e53-a5fa-936122ceb253" ],
        "x-ms-routing-request-id": [ "WESTUS2:20240326T005257Z:f0256193-6720-4e53-a5fa-936122ceb253" ],
        "X-Content-Type-Options": [ "nosniff" ],
        "X-Cache": [ "CONFIG_NOCACHE" ],
        "X-MSEdge-Ref": [ "Ref A: 45976D6765844303B0D105AEE77E3D80 Ref B: CO6AA3150218029 Ref C: 2024-03-26T00:52:56Z" ],
        "Date": [ "Tue, 26 Mar 2024 00:52:56 GMT" ]
      },
      "ContentHeaders": {
        "Content-Length": [ "720" ],
        "Content-Type": [ "application/json; charset=utf-8" ],
        "Expires": [ "-1" ]
      },
      "Content": "{\"properties\":{\"policyAssignmentId\":\"/providers/Microsoft.Management/managementGroups/AzGovPerfTest/providers/Microsoft.Authorization/policyAssignments/ps01141CEAPolicyExemptio\",\"exemptionCategory\":\"Mitigated\",\"expiresOn\":\"3021-03-10T07:30:10Z\"},\"id\":\"/providers/Microsoft.Management/managementGroups/AzGovPerfTest/providers/Microsoft.Authorization/policyExemptions/ps03141CEAPolicyExemptio\",\"type\":\"Microsoft.Authorization/policyExemptions\",\"name\":\"ps03141CEAPolicyExemptio\",\"systemData\":{\"createdBy\":\"cstack@ntdev.microsoft.com\",\"createdByType\":\"User\",\"createdAt\":\"2024-03-26T00:52:56.0805905Z\",\"lastModifiedBy\":\"cstack@ntdev.microsoft.com\",\"lastModifiedByType\":\"User\",\"lastModifiedAt\":\"2024-03-26T00:52:56.0805905Z\"}}",
      "isContentBase64": false
    }
  },
  "PolicyExemptionCRUDAtManagementGroup+[NoContext]+[NoScenario]+$DELETE+https://management.azure.com//providers/Microsoft.Management/managementGroups/AzGovPerfTest/providers/Microsoft.Authorization/policyAssignments/ps01141CEAPolicyExemptio?api-version=2023-04-01+5": {
    "Request": {
      "Method": "DELETE",
      "RequestUri": "https://management.azure.com//providers/Microsoft.Management/managementGroups/AzGovPerfTest/providers/Microsoft.Authorization/policyAssignments/ps01141CEAPolicyExemptio?api-version=2023-04-01",
      "Content": null,
      "isContentBase64": false,
      "Headers": {
        "x-ms-unique-id": [ "1293" ],
        "x-ms-client-request-id": [ "4a81af16-3532-44f6-83a0-8d0f8d3cde48" ],
        "CommandName": [ "\u0026" ],
        "FullCommandName": [ "Remove-AzPolicyAssignment_Delete" ],
        "ParameterSetName": [ "__AllParameterSets" ],
        "User-Agent": [ "AzurePowershell/v11.0.0", "PSVersion/v7.4.1", "Az.Policy/0.1.1" ],
        "Authorization": [ "[Filtered]" ]
      },
      "ContentHeaders": {
      }
    },
    "Response": {
      "StatusCode": 200,
      "Headers": {
        "Cache-Control": [ "no-cache" ],
        "Pragma": [ "no-cache" ],
        "Strict-Transport-Security": [ "max-age=31536000; includeSubDomains" ],
        "x-ms-ratelimit-remaining-tenant-deletes": [ "14998" ],
        "x-ms-request-id": [ "fd172f03-a35f-4354-a94a-590cb3552f84" ],
        "x-ms-correlation-request-id": [ "fd172f03-a35f-4354-a94a-590cb3552f84" ],
        "x-ms-routing-request-id": [ "WESTUS2:20240326T005257Z:fd172f03-a35f-4354-a94a-590cb3552f84" ],
        "X-Content-Type-Options": [ "nosniff" ],
        "X-Cache": [ "CONFIG_NOCACHE" ],
        "X-MSEdge-Ref": [ "Ref A: 339CC17F08AA439F882B77773AF63F3B Ref B: CO6AA3150218029 Ref C: 2024-03-26T00:52:57Z" ],
        "Date": [ "Tue, 26 Mar 2024 00:52:57 GMT" ]
      },
      "ContentHeaders": {
        "Content-Length": [ "946" ],
        "Content-Type": [ "application/json; charset=utf-8" ],
        "Expires": [ "-1" ]
      },
      "Content": "{\"properties\":{\"displayName\":\"Unit test junk: sorry for littering. Please delete me!\",\"policyDefinitionId\":\"/providers/Microsoft.Authorization/policyDefinitions/0a914e76-4921-4c19-b460-a2d36003525a\",\"definitionVersion\":\"2.*.*\",\"scope\":\"/providers/Microsoft.Management/managementGroups/AzGovPerfTest\",\"metadata\":{\"createdBy\":\"3d826307-2481-45a0-a271-bcf9333f914a\",\"createdOn\":\"2024-03-26T00:52:53.6370659Z\",\"updatedBy\":null,\"updatedOn\":null},\"enforcementMode\":\"Default\"},\"id\":\"/providers/Microsoft.Management/managementGroups/AzGovPerfTest/providers/Microsoft.Authorization/policyAssignments/ps01141CEAPolicyExemptio\",\"type\":\"Microsoft.Authorization/policyAssignments\",\"name\":\"ps01141CEAPolicyExemptio\",\"systemData\":{\"createdBy\":\"cstack@ntdev.microsoft.com\",\"createdByType\":\"User\",\"createdAt\":\"2024-03-26T00:52:53.6079475Z\",\"lastModifiedBy\":\"cstack@ntdev.microsoft.com\",\"lastModifiedByType\":\"User\",\"lastModifiedAt\":\"2024-03-26T00:52:53.6079475Z\"}}",
      "isContentBase64": false
    }
  }
}