{
  "PolicyDefinitionVersionWithParameters+[NoContext]+make a policy definition with parameters on the command line+$DELETE+https://management.azure.com/subscriptions/e5a130f3-57fd-46b6-9c55-03d21a853935/providers/Microsoft.Authorization/policyDefinitions/psPolicyDefinitionVersionWithParameters01?api-version=2025-03-01+1": {
    "Request": {
      "Method": "DELETE",
      "RequestUri": "https://management.azure.com/subscriptions/e5a130f3-57fd-46b6-9c55-03d21a853935/providers/Microsoft.Authorization/policyDefinitions/psPolicyDefinitionVersionWithParameters01?api-version=2025-03-01",
      "Content": null,
      "isContentBase64": false,
      "Headers": {
        "x-ms-unique-id": [ "247" ],
        "x-ms-client-request-id": [ "038727ec-7420-4bbe-86bd-3e0263fb46f8" ],
        "CommandName": [ "\u0026" ],
        "FullCommandName": [ "Remove-AzPolicyDefinition_Delete" ],
        "ParameterSetName": [ "__AllParameterSets" ],
        "User-Agent": [ "AzurePowershell/v0.0.0", "PSVersion/v7.5.4", "Az.Policy/9.0.0" ],
        "Authorization": [ "[Filtered]" ]
      },
      "ContentHeaders": {
      }
    },
    "Response": {
      "StatusCode": 204,
      "Headers": {
        "Cache-Control": [ "no-cache" ],
        "Pragma": [ "no-cache" ],
        "Strict-Transport-Security": [ "max-age=31536000; includeSubDomains" ],
        "x-ms-operation-identifier": [ "tenantId=72f988bf-86f1-41af-91ab-2d7cd011db47,objectId=638d92d9-ae3b-4f1d-be91-382dcc631f82/westus2/697708aa-d2e2-45dc-9555-b2d7945e7a07" ],
        "x-ms-ratelimit-remaining-subscription-deletes": [ "799" ],
        "x-ms-ratelimit-remaining-subscription-global-deletes": [ "11999" ],
        "x-ms-request-id": [ "e8be2f5c-8f61-450f-aa9d-c28f3b2a606a" ],
        "x-ms-correlation-request-id": [ "e8be2f5c-8f61-450f-aa9d-c28f3b2a606a" ],
        "x-ms-routing-request-id": [ "WESTUS2:20260127T002728Z:e8be2f5c-8f61-450f-aa9d-c28f3b2a606a" ],
        "X-Content-Type-Options": [ "nosniff" ],
        "X-Cache": [ "CONFIG_NOCACHE" ],
        "X-MSEdge-Ref": [ "Ref A: 37705C1666584FB885AB648888A8DAB5 Ref B: MWH011020808034 Ref C: 2026-01-27T00:27:28Z" ],
        "Date": [ "Tue, 27 Jan 2026 00:27:28 GMT" ]
      },
      "ContentHeaders": {
        "Expires": [ "-1" ]
      },
      "Content": null,
      "isContentBase64": false
    }
  },
  "PolicyDefinitionVersionWithParameters+[NoContext]+make a policy definition with parameters on the command line+$PUT+https://management.azure.com/subscriptions/e5a130f3-57fd-46b6-9c55-03d21a853935/providers/Microsoft.Authorization/policyDefinitions/psPolicyDefinitionVersionWithParameters01?api-version=2025-03-01+2": {
    "Request": {
      "Method": "PUT",
      "RequestUri": "https://management.azure.com/subscriptions/e5a130f3-57fd-46b6-9c55-03d21a853935/providers/Microsoft.Authorization/policyDefinitions/psPolicyDefinitionVersionWithParameters01?api-version=2025-03-01",
      "Content": "{\r\n  \"properties\": {\r\n    \"mode\": \"All\",\r\n    \"description\": \"Unit test junk: sorry for littering. Please delete me!\",\r\n    \"policyRule\": {\r\n      \"if\": {\r\n        \"not\": {\r\n          \"field\": \"location\",\r\n          \"in\": \"[parameters(\\u0027listOfAllowedLocations\\u0027)]\"\r\n        }\r\n      },\r\n      \"then\": {\r\n        \"effect\": \"[parameters(\\u0027effectParam\\u0027)]\"\r\n      }\r\n    },\r\n    \"parameters\": {\r\n      \"listOfAllowedLocations\": {\r\n        \"type\": \"array\",\r\n        \"metadata\": {\r\n          \"description\": \"An array of permitted locations for resources.\",\r\n          \"strongType\": \"location\",\r\n          \"displayName\": \"List of locations\"\r\n        }\r\n      },\r\n      \"effectParam\": {\r\n        \"type\": \"string\",\r\n        \"defaultValue\": \"deny\"\r\n      }\r\n    },\r\n    \"version\": \"2.0.1\"\r\n  }\r\n}",
      "isContentBase64": false,
      "Headers": {
      },
      "ContentHeaders": {
        "Content-Type": [ "application/json" ],
        "Content-Length": [ "803" ]
      }
    },
    "Response": {
      "StatusCode": 201,
      "Headers": {
        "Cache-Control": [ "no-cache" ],
        "Pragma": [ "no-cache" ],
        "Strict-Transport-Security": [ "max-age=31536000; includeSubDomains" ],
        "x-ms-operation-identifier": [ "tenantId=72f988bf-86f1-41af-91ab-2d7cd011db47,objectId=638d92d9-ae3b-4f1d-be91-382dcc631f82/westus2/6fa468ea-6f1b-47ad-a59b-6a43ad6253c7" ],
        "x-ms-ratelimit-remaining-subscription-writes": [ "799" ],
        "x-ms-ratelimit-remaining-subscription-global-writes": [ "11999" ],
        "x-ms-request-id": [ "61b84d8d-2617-4365-a426-9003d19dff1a" ],
        "x-ms-correlation-request-id": [ "61b84d8d-2617-4365-a426-9003d19dff1a" ],
        "x-ms-routing-request-id": [ "WESTUS2:20260127T002729Z:61b84d8d-2617-4365-a426-9003d19dff1a" ],
        "X-Content-Type-Options": [ "nosniff" ],
        "X-Cache": [ "CONFIG_NOCACHE" ],
        "X-MSEdge-Ref": [ "Ref A: DA5F2FE874F94446A83F0E2E63E1D6D5 Ref B: MWH011020808034 Ref C: 2026-01-27T00:27:29Z" ],
        "Date": [ "Tue, 27 Jan 2026 00:27:29 GMT" ]
      },
      "ContentHeaders": {
        "Content-Length": [ "1185" ],
        "Content-Type": [ "application/json; charset=utf-8" ],
        "Expires": [ "-1" ]
      },
      "Content": "{\"properties\":{\"policyType\":\"Custom\",\"mode\":\"All\",\"description\":\"Unit test junk: sorry for littering. Please delete me!\",\"metadata\":{\"createdBy\":\"638d92d9-ae3b-4f1d-be91-382dcc631f82\",\"createdOn\":\"2026-01-27T00:27:29.2000448Z\",\"updatedBy\":null,\"updatedOn\":null},\"version\":\"2.0.1\",\"parameters\":{\"listOfAllowedLocations\":{\"type\":\"array\",\"metadata\":{\"description\":\"An array of permitted locations for resources.\",\"strongType\":\"location\",\"displayName\":\"List of locations\"}},\"effectParam\":{\"type\":\"string\",\"defaultValue\":\"deny\"}},\"policyRule\":{\"if\":{\"not\":{\"field\":\"location\",\"in\":\"[parameters(\u0027listOfAllowedLocations\u0027)]\"}},\"then\":{\"effect\":\"[parameters(\u0027effectParam\u0027)]\"}},\"versions\":[\"2.0.1\"]},\"id\":\"/subscriptions/e5a130f3-57fd-46b6-9c55-03d21a853935/providers/Microsoft.Authorization/policyDefinitions/psPolicyDefinitionVersionWithParameters01\",\"type\":\"Microsoft.Authorization/policyDefinitions\",\"name\":\"psPolicyDefinitionVersionWithParameters01\",\"systemData\":{\"createdBy\":\"zhaocelina@microsoft.com\",\"createdByType\":\"User\",\"createdAt\":\"2026-01-27T00:27:29.1710288Z\",\"lastModifiedBy\":\"zhaocelina@microsoft.com\",\"lastModifiedByType\":\"User\",\"lastModifiedAt\":\"2026-01-27T00:27:29.1710288Z\"}}",
      "isContentBase64": false
    }
  },
  "PolicyDefinitionVersionWithParameters+[NoContext]+make a policy definition with parameters on the command line+$GET+https://management.azure.com/subscriptions/e5a130f3-57fd-46b6-9c55-03d21a853935/providers/Microsoft.Authorization/policyDefinitions/psPolicyDefinitionVersionWithParameters01?api-version=2025-03-01+3": {
    "Request": {
      "Method": "GET",
      "RequestUri": "https://management.azure.com/subscriptions/e5a130f3-57fd-46b6-9c55-03d21a853935/providers/Microsoft.Authorization/policyDefinitions/psPolicyDefinitionVersionWithParameters01?api-version=2025-03-01",
      "Content": null,
      "isContentBase64": false,
      "Headers": {
        "x-ms-unique-id": [ "249" ],
        "x-ms-client-request-id": [ "fb1d77c2-9849-4dd2-8928-7b3f722314e5" ],
        "CommandName": [ "\u0026" ],
        "FullCommandName": [ "Get-AzPolicyDefinition_Get" ],
        "ParameterSetName": [ "__AllParameterSets" ],
        "User-Agent": [ "AzurePowershell/v0.0.0", "PSVersion/v7.5.4", "Az.Policy/9.0.0" ],
        "Authorization": [ "[Filtered]" ]
      },
      "ContentHeaders": {
      }
    },
    "Response": {
      "StatusCode": 200,
      "Headers": {
        "Cache-Control": [ "no-cache" ],
        "Pragma": [ "no-cache" ],
        "Strict-Transport-Security": [ "max-age=31536000; includeSubDomains" ],
        "x-ms-operation-identifier": [ "tenantId=72f988bf-86f1-41af-91ab-2d7cd011db47,objectId=638d92d9-ae3b-4f1d-be91-382dcc631f82/westus2/9f4a7a88-ec6c-4851-a362-fd75ef1f4be6" ],
        "x-ms-ratelimit-remaining-subscription-reads": [ "1099" ],
        "x-ms-ratelimit-remaining-subscription-global-reads": [ "16499" ],
        "x-ms-request-id": [ "053b107f-05c2-4fce-a292-c83a35a40317" ],
        "x-ms-correlation-request-id": [ "053b107f-05c2-4fce-a292-c83a35a40317" ],
        "x-ms-routing-request-id": [ "WESTUS2:20260127T002730Z:053b107f-05c2-4fce-a292-c83a35a40317" ],
        "X-Content-Type-Options": [ "nosniff" ],
        "X-Cache": [ "CONFIG_NOCACHE" ],
        "X-MSEdge-Ref": [ "Ref A: BEAC8DDE5EB14EA7AFDF0EE37D2AE38E Ref B: MWH011020808034 Ref C: 2026-01-27T00:27:29Z" ],
        "Date": [ "Tue, 27 Jan 2026 00:27:29 GMT" ]
      },
      "ContentHeaders": {
        "Content-Length": [ "1185" ],
        "Content-Type": [ "application/json; charset=utf-8" ],
        "Expires": [ "-1" ]
      },
      "Content": "{\"properties\":{\"policyType\":\"Custom\",\"mode\":\"All\",\"description\":\"Unit test junk: sorry for littering. Please delete me!\",\"metadata\":{\"createdBy\":\"638d92d9-ae3b-4f1d-be91-382dcc631f82\",\"createdOn\":\"2026-01-27T00:27:29.2000448Z\",\"updatedBy\":null,\"updatedOn\":null},\"version\":\"2.0.1\",\"parameters\":{\"listOfAllowedLocations\":{\"type\":\"array\",\"metadata\":{\"description\":\"An array of permitted locations for resources.\",\"strongType\":\"location\",\"displayName\":\"List of locations\"}},\"effectParam\":{\"type\":\"string\",\"defaultValue\":\"deny\"}},\"policyRule\":{\"if\":{\"not\":{\"field\":\"location\",\"in\":\"[parameters(\u0027listOfAllowedLocations\u0027)]\"}},\"then\":{\"effect\":\"[parameters(\u0027effectParam\u0027)]\"}},\"versions\":[\"2.0.1\"]},\"id\":\"/subscriptions/e5a130f3-57fd-46b6-9c55-03d21a853935/providers/Microsoft.Authorization/policyDefinitions/psPolicyDefinitionVersionWithParameters01\",\"type\":\"Microsoft.Authorization/policyDefinitions\",\"name\":\"psPolicyDefinitionVersionWithParameters01\",\"systemData\":{\"createdBy\":\"zhaocelina@microsoft.com\",\"createdByType\":\"User\",\"createdAt\":\"2026-01-27T00:27:29.1710288Z\",\"lastModifiedBy\":\"zhaocelina@microsoft.com\",\"lastModifiedByType\":\"User\",\"lastModifiedAt\":\"2026-01-27T00:27:29.1710288Z\"}}",
      "isContentBase64": false
    }
  },
  "PolicyDefinitionVersionWithParameters+[NoContext]+make a policy definition version with parameters from a file+$PUT+https://management.azure.com/subscriptions/e5a130f3-57fd-46b6-9c55-03d21a853935/providers/Microsoft.Authorization/policyDefinitions/psPolicyDefinitionVersionWithParameters01/versions/1.0.0?api-version=2025-03-01+1": {
    "Request": {
      "Method": "PUT",
      "RequestUri": "https://management.azure.com/subscriptions/e5a130f3-57fd-46b6-9c55-03d21a853935/providers/Microsoft.Authorization/policyDefinitions/psPolicyDefinitionVersionWithParameters01/versions/1.0.0?api-version=2025-03-01",
      "Content": "{\r\n  \"properties\": {\r\n    \"mode\": \"All\",\r\n    \"description\": \"Unit test junk: sorry for littering. Please delete me!\",\r\n    \"policyRule\": {\r\n      \"if\": {\r\n        \"not\": {\r\n          \"field\": \"location\",\r\n          \"in\": \"[parameters(\\u0027listOfAllowedLocations\\u0027)]\"\r\n        }\r\n      },\r\n      \"then\": {\r\n        \"effect\": \"[parameters(\\u0027effectParam\\u0027)]\"\r\n      }\r\n    },\r\n    \"parameters\": {\r\n      \"listOfAllowedLocations\": {\r\n        \"type\": \"array\",\r\n        \"metadata\": {\r\n          \"description\": \"An array of permitted locations for resources.\",\r\n          \"strongType\": \"location\",\r\n          \"displayName\": \"List of locations\"\r\n        }\r\n      },\r\n      \"effectParam\": {\r\n        \"type\": \"string\",\r\n        \"defaultValue\": \"Deny\",\r\n        \"allowedValues\": [ \"Deny\", \"Disabled\" ],\r\n        \"metadata\": {\r\n          \"description\": \"The effect of the policy\",\r\n          \"displayName\": \"Policy Effect\"\r\n        }\r\n      }\r\n    },\r\n    \"version\": \"1.0.0\"\r\n  }\r\n}",
      "isContentBase64": false,
      "Headers": {
      },
      "ContentHeaders": {
        "Content-Type": [ "application/json" ],
        "Content-Length": [ "984" ]
      }
    },
    "Response": {
      "StatusCode": 201,
      "Headers": {
        "Cache-Control": [ "no-cache" ],
        "Pragma": [ "no-cache" ],
        "Strict-Transport-Security": [ "max-age=31536000; includeSubDomains" ],
        "x-ms-operation-identifier": [ "tenantId=72f988bf-86f1-41af-91ab-2d7cd011db47,objectId=638d92d9-ae3b-4f1d-be91-382dcc631f82/westus2/4d875e9f-bac1-4f38-8bae-ffce818cccb6" ],
        "x-ms-ratelimit-remaining-subscription-writes": [ "799" ],
        "x-ms-ratelimit-remaining-subscription-global-writes": [ "11999" ],
        "x-ms-request-id": [ "5f2f3099-83af-41d7-982f-4e377d0dacb1" ],
        "x-ms-correlation-request-id": [ "5f2f3099-83af-41d7-982f-4e377d0dacb1" ],
        "x-ms-routing-request-id": [ "WESTUS2:20260127T002731Z:5f2f3099-83af-41d7-982f-4e377d0dacb1" ],
        "X-Content-Type-Options": [ "nosniff" ],
        "X-Cache": [ "CONFIG_NOCACHE" ],
        "X-MSEdge-Ref": [ "Ref A: 2A27B247B7BB4FE7BD659CF67FBEF776 Ref B: MWH011020808034 Ref C: 2026-01-27T00:27:30Z" ],
        "Date": [ "Tue, 27 Jan 2026 00:27:30 GMT" ]
      },
      "ContentHeaders": {
        "Content-Length": [ "1272" ],
        "Content-Type": [ "application/json; charset=utf-8" ],
        "Expires": [ "-1" ]
      },
      "Content": "{\"properties\":{\"policyType\":\"Custom\",\"mode\":\"All\",\"description\":\"Unit test junk: sorry for littering. Please delete me!\",\"metadata\":{\"createdBy\":\"638d92d9-ae3b-4f1d-be91-382dcc631f82\",\"createdOn\":\"2026-01-27T00:27:30.7121859Z\",\"updatedBy\":null,\"updatedOn\":null},\"version\":\"1.0.0\",\"parameters\":{\"listOfAllowedLocations\":{\"type\":\"array\",\"metadata\":{\"description\":\"An array of permitted locations for resources.\",\"strongType\":\"location\",\"displayName\":\"List of locations\"}},\"effectParam\":{\"type\":\"string\",\"metadata\":{\"description\":\"The effect of the policy\",\"displayName\":\"Policy Effect\"},\"allowedValues\":[\"Deny\",\"Disabled\"],\"defaultValue\":\"Deny\"}},\"policyRule\":{\"if\":{\"not\":{\"field\":\"location\",\"in\":\"[parameters(\u0027listOfAllowedLocations\u0027)]\"}},\"then\":{\"effect\":\"[parameters(\u0027effectParam\u0027)]\"}}},\"id\":\"/subscriptions/e5a130f3-57fd-46b6-9c55-03d21a853935/providers/Microsoft.Authorization/policyDefinitions/psPolicyDefinitionVersionWithParameters01/versions/1.0.0\",\"type\":\"Microsoft.Authorization/policyDefinitions/versions\",\"name\":\"1.0.0\",\"systemData\":{\"createdBy\":\"zhaocelina@microsoft.com\",\"createdByType\":\"User\",\"createdAt\":\"2026-01-27T00:27:30.6956217Z\",\"lastModifiedBy\":\"zhaocelina@microsoft.com\",\"lastModifiedByType\":\"User\",\"lastModifiedAt\":\"2026-01-27T00:27:30.6956217Z\"}}",
      "isContentBase64": false
    }
  },
  "PolicyDefinitionVersionWithParameters+[NoContext]+make a policy definition version with parameters from a file+$GET+https://management.azure.com/subscriptions/e5a130f3-57fd-46b6-9c55-03d21a853935/providers/Microsoft.Authorization/policyDefinitions/psPolicyDefinitionVersionWithParameters01/versions/1.0.0?api-version=2025-03-01+2": {
    "Request": {
      "Method": "GET",
      "RequestUri": "https://management.azure.com/subscriptions/e5a130f3-57fd-46b6-9c55-03d21a853935/providers/Microsoft.Authorization/policyDefinitions/psPolicyDefinitionVersionWithParameters01/versions/1.0.0?api-version=2025-03-01",
      "Content": null,
      "isContentBase64": false,
      "Headers": {
        "x-ms-unique-id": [ "251" ],
        "x-ms-client-request-id": [ "761fb2ae-7d56-4ceb-ac3a-8231b5d14cb0" ],
        "CommandName": [ "\u0026" ],
        "FullCommandName": [ "Get-AzPolicyDefinitionVersion_Get" ],
        "ParameterSetName": [ "__AllParameterSets" ],
        "User-Agent": [ "AzurePowershell/v0.0.0", "PSVersion/v7.5.4", "Az.Policy/9.0.0" ],
        "Authorization": [ "[Filtered]" ]
      },
      "ContentHeaders": {
      }
    },
    "Response": {
      "StatusCode": 200,
      "Headers": {
        "Cache-Control": [ "no-cache" ],
        "Pragma": [ "no-cache" ],
        "Strict-Transport-Security": [ "max-age=31536000; includeSubDomains" ],
        "x-ms-operation-identifier": [ "tenantId=72f988bf-86f1-41af-91ab-2d7cd011db47,objectId=638d92d9-ae3b-4f1d-be91-382dcc631f82/westus2/4818b591-09e6-451f-b426-f8d1f2f3c316" ],
        "x-ms-ratelimit-remaining-subscription-reads": [ "1099" ],
        "x-ms-ratelimit-remaining-subscription-global-reads": [ "16499" ],
        "x-ms-request-id": [ "576eaec4-97f4-4194-86c0-9c42da395b58" ],
        "x-ms-correlation-request-id": [ "576eaec4-97f4-4194-86c0-9c42da395b58" ],
        "x-ms-routing-request-id": [ "WESTUS2:20260127T002731Z:576eaec4-97f4-4194-86c0-9c42da395b58" ],
        "X-Content-Type-Options": [ "nosniff" ],
        "X-Cache": [ "CONFIG_NOCACHE" ],
        "X-MSEdge-Ref": [ "Ref A: C3A11BE91FB542FFA1061A7AD9B36EC7 Ref B: MWH011020808034 Ref C: 2026-01-27T00:27:31Z" ],
        "Date": [ "Tue, 27 Jan 2026 00:27:31 GMT" ]
      },
      "ContentHeaders": {
        "Content-Length": [ "1272" ],
        "Content-Type": [ "application/json; charset=utf-8" ],
        "Expires": [ "-1" ]
      },
      "Content": "{\"properties\":{\"policyType\":\"Custom\",\"mode\":\"All\",\"description\":\"Unit test junk: sorry for littering. Please delete me!\",\"metadata\":{\"createdBy\":\"638d92d9-ae3b-4f1d-be91-382dcc631f82\",\"createdOn\":\"2026-01-27T00:27:30.7121859Z\",\"updatedBy\":null,\"updatedOn\":null},\"version\":\"1.0.0\",\"parameters\":{\"listOfAllowedLocations\":{\"type\":\"array\",\"metadata\":{\"description\":\"An array of permitted locations for resources.\",\"strongType\":\"location\",\"displayName\":\"List of locations\"}},\"effectParam\":{\"type\":\"string\",\"metadata\":{\"description\":\"The effect of the policy\",\"displayName\":\"Policy Effect\"},\"allowedValues\":[\"Deny\",\"Disabled\"],\"defaultValue\":\"Deny\"}},\"policyRule\":{\"if\":{\"not\":{\"field\":\"location\",\"in\":\"[parameters(\u0027listOfAllowedLocations\u0027)]\"}},\"then\":{\"effect\":\"[parameters(\u0027effectParam\u0027)]\"}}},\"id\":\"/subscriptions/e5a130f3-57fd-46b6-9c55-03d21a853935/providers/Microsoft.Authorization/policyDefinitions/psPolicyDefinitionVersionWithParameters01/versions/1.0.0\",\"type\":\"Microsoft.Authorization/policyDefinitions/versions\",\"name\":\"1.0.0\",\"systemData\":{\"createdBy\":\"zhaocelina@microsoft.com\",\"createdByType\":\"User\",\"createdAt\":\"2026-01-27T00:27:30.6956217Z\",\"lastModifiedBy\":\"zhaocelina@microsoft.com\",\"lastModifiedByType\":\"User\",\"lastModifiedAt\":\"2026-01-27T00:27:30.6956217Z\"}}",
      "isContentBase64": false
    }
  },
  "PolicyDefinitionVersionWithParameters+[NoContext]+make a policy definition version with parameters on the command line+$PUT+https://management.azure.com/subscriptions/e5a130f3-57fd-46b6-9c55-03d21a853935/providers/Microsoft.Authorization/policyDefinitions/psPolicyDefinitionVersionWithParameters01/versions/1.3.0-preview?api-version=2025-03-01+1": {
    "Request": {
      "Method": "PUT",
      "RequestUri": "https://management.azure.com/subscriptions/e5a130f3-57fd-46b6-9c55-03d21a853935/providers/Microsoft.Authorization/policyDefinitions/psPolicyDefinitionVersionWithParameters01/versions/1.3.0-preview?api-version=2025-03-01",
      "Content": "{\r\n  \"properties\": {\r\n    \"mode\": \"All\",\r\n    \"description\": \"Unit test junk: sorry for littering. Please delete me!\",\r\n    \"policyRule\": {\r\n      \"if\": {\r\n        \"not\": {\r\n          \"field\": \"location\",\r\n          \"in\": \"[parameters(\\u0027listOfAllowedLocations\\u0027)]\"\r\n        }\r\n      },\r\n      \"then\": {\r\n        \"effect\": \"[parameters(\\u0027effectParam\\u0027)]\"\r\n      }\r\n    },\r\n    \"parameters\": {\r\n      \"listOfAllowedLocations\": {\r\n        \"type\": \"array\",\r\n        \"metadata\": {\r\n          \"description\": \"An array of permitted locations for resources.\",\r\n          \"strongType\": \"location\",\r\n          \"displayName\": \"List of locations\"\r\n        }\r\n      },\r\n      \"effectParam\": {\r\n        \"type\": \"string\",\r\n        \"defaultValue\": \"deny\"\r\n      }\r\n    },\r\n    \"version\": \"1.3.0-preview\"\r\n  }\r\n}",
      "isContentBase64": false,
      "Headers": {
      },
      "ContentHeaders": {
        "Content-Type": [ "application/json" ],
        "Content-Length": [ "811" ]
      }
    },
    "Response": {
      "StatusCode": 201,
      "Headers": {
        "Cache-Control": [ "no-cache" ],
        "Pragma": [ "no-cache" ],
        "Strict-Transport-Security": [ "max-age=31536000; includeSubDomains" ],
        "x-ms-operation-identifier": [ "tenantId=72f988bf-86f1-41af-91ab-2d7cd011db47,objectId=638d92d9-ae3b-4f1d-be91-382dcc631f82/westus2/1dc8cd6a-392f-46ae-8928-5dd5f565014c" ],
        "x-ms-ratelimit-remaining-subscription-writes": [ "799" ],
        "x-ms-ratelimit-remaining-subscription-global-writes": [ "11999" ],
        "x-ms-request-id": [ "bf97fae0-6124-46a3-8af4-a4c3c858c981" ],
        "x-ms-correlation-request-id": [ "bf97fae0-6124-46a3-8af4-a4c3c858c981" ],
        "x-ms-routing-request-id": [ "WESTUS2:20260127T002732Z:bf97fae0-6124-46a3-8af4-a4c3c858c981" ],
        "X-Content-Type-Options": [ "nosniff" ],
        "X-Cache": [ "CONFIG_NOCACHE" ],
        "X-MSEdge-Ref": [ "Ref A: 897517C47CBD418B9553F9972A76B35F Ref B: MWH011020808034 Ref C: 2026-01-27T00:27:31Z" ],
        "Date": [ "Tue, 27 Jan 2026 00:27:32 GMT" ]
      },
      "ContentHeaders": {
        "Content-Length": [ "1172" ],
        "Content-Type": [ "application/json; charset=utf-8" ],
        "Expires": [ "-1" ]
      },
      "Content": "{\"properties\":{\"policyType\":\"Custom\",\"mode\":\"All\",\"description\":\"Unit test junk: sorry for littering. Please delete me!\",\"metadata\":{\"createdBy\":\"638d92d9-ae3b-4f1d-be91-382dcc631f82\",\"createdOn\":\"2026-01-27T00:27:31.9846228Z\",\"updatedBy\":null,\"updatedOn\":null},\"version\":\"1.3.0-preview\",\"parameters\":{\"listOfAllowedLocations\":{\"type\":\"array\",\"metadata\":{\"description\":\"An array of permitted locations for resources.\",\"strongType\":\"location\",\"displayName\":\"List of locations\"}},\"effectParam\":{\"type\":\"string\",\"defaultValue\":\"deny\"}},\"policyRule\":{\"if\":{\"not\":{\"field\":\"location\",\"in\":\"[parameters(\u0027listOfAllowedLocations\u0027)]\"}},\"then\":{\"effect\":\"[parameters(\u0027effectParam\u0027)]\"}}},\"id\":\"/subscriptions/e5a130f3-57fd-46b6-9c55-03d21a853935/providers/Microsoft.Authorization/policyDefinitions/psPolicyDefinitionVersionWithParameters01/versions/1.3.0-preview\",\"type\":\"Microsoft.Authorization/policyDefinitions/versions\",\"name\":\"1.3.0-preview\",\"systemData\":{\"createdBy\":\"zhaocelina@microsoft.com\",\"createdByType\":\"User\",\"createdAt\":\"2026-01-27T00:27:31.93556Z\",\"lastModifiedBy\":\"zhaocelina@microsoft.com\",\"lastModifiedByType\":\"User\",\"lastModifiedAt\":\"2026-01-27T00:27:31.93556Z\"}}",
      "isContentBase64": false
    }
  },
  "PolicyDefinitionVersionWithParameters+[NoContext]+make a policy definition version with parameters on the command line+$GET+https://management.azure.com/subscriptions/e5a130f3-57fd-46b6-9c55-03d21a853935/providers/Microsoft.Authorization/policyDefinitions/psPolicyDefinitionVersionWithParameters01/versions/1.3.0-preview?api-version=2025-03-01+2": {
    "Request": {
      "Method": "GET",
      "RequestUri": "https://management.azure.com/subscriptions/e5a130f3-57fd-46b6-9c55-03d21a853935/providers/Microsoft.Authorization/policyDefinitions/psPolicyDefinitionVersionWithParameters01/versions/1.3.0-preview?api-version=2025-03-01",
      "Content": null,
      "isContentBase64": false,
      "Headers": {
        "x-ms-unique-id": [ "253" ],
        "x-ms-client-request-id": [ "b670c08a-d707-46df-aa6b-1d612622041f" ],
        "CommandName": [ "\u0026" ],
        "FullCommandName": [ "Get-AzPolicyDefinitionVersion_Get" ],
        "ParameterSetName": [ "__AllParameterSets" ],
        "User-Agent": [ "AzurePowershell/v0.0.0", "PSVersion/v7.5.4", "Az.Policy/9.0.0" ],
        "Authorization": [ "[Filtered]" ]
      },
      "ContentHeaders": {
      }
    },
    "Response": {
      "StatusCode": 200,
      "Headers": {
        "Cache-Control": [ "no-cache" ],
        "Pragma": [ "no-cache" ],
        "Strict-Transport-Security": [ "max-age=31536000; includeSubDomains" ],
        "x-ms-operation-identifier": [ "tenantId=72f988bf-86f1-41af-91ab-2d7cd011db47,objectId=638d92d9-ae3b-4f1d-be91-382dcc631f82/westus2/92e338a9-90dd-4f85-80cd-f87becca7fdb" ],
        "x-ms-ratelimit-remaining-subscription-reads": [ "1099" ],
        "x-ms-ratelimit-remaining-subscription-global-reads": [ "16499" ],
        "x-ms-request-id": [ "9dfb5c8c-2e00-431c-9150-769d5ce68117" ],
        "x-ms-correlation-request-id": [ "9dfb5c8c-2e00-431c-9150-769d5ce68117" ],
        "x-ms-routing-request-id": [ "WESTUS2:20260127T002732Z:9dfb5c8c-2e00-431c-9150-769d5ce68117" ],
        "X-Content-Type-Options": [ "nosniff" ],
        "X-Cache": [ "CONFIG_NOCACHE" ],
        "X-MSEdge-Ref": [ "Ref A: 13DDC648EA43424991A6E9FDE7ED044D Ref B: MWH011020808034 Ref C: 2026-01-27T00:27:32Z" ],
        "Date": [ "Tue, 27 Jan 2026 00:27:32 GMT" ]
      },
      "ContentHeaders": {
        "Content-Length": [ "1172" ],
        "Content-Type": [ "application/json; charset=utf-8" ],
        "Expires": [ "-1" ]
      },
      "Content": "{\"properties\":{\"policyType\":\"Custom\",\"mode\":\"All\",\"description\":\"Unit test junk: sorry for littering. Please delete me!\",\"metadata\":{\"createdBy\":\"638d92d9-ae3b-4f1d-be91-382dcc631f82\",\"createdOn\":\"2026-01-27T00:27:31.9846228Z\",\"updatedBy\":null,\"updatedOn\":null},\"version\":\"1.3.0-preview\",\"parameters\":{\"listOfAllowedLocations\":{\"type\":\"array\",\"metadata\":{\"description\":\"An array of permitted locations for resources.\",\"strongType\":\"location\",\"displayName\":\"List of locations\"}},\"effectParam\":{\"type\":\"string\",\"defaultValue\":\"deny\"}},\"policyRule\":{\"if\":{\"not\":{\"field\":\"location\",\"in\":\"[parameters(\u0027listOfAllowedLocations\u0027)]\"}},\"then\":{\"effect\":\"[parameters(\u0027effectParam\u0027)]\"}}},\"id\":\"/subscriptions/e5a130f3-57fd-46b6-9c55-03d21a853935/providers/Microsoft.Authorization/policyDefinitions/psPolicyDefinitionVersionWithParameters01/versions/1.3.0-preview\",\"type\":\"Microsoft.Authorization/policyDefinitions/versions\",\"name\":\"1.3.0-preview\",\"systemData\":{\"createdBy\":\"zhaocelina@microsoft.com\",\"createdByType\":\"User\",\"createdAt\":\"2026-01-27T00:27:31.93556Z\",\"lastModifiedBy\":\"zhaocelina@microsoft.com\",\"lastModifiedByType\":\"User\",\"lastModifiedAt\":\"2026-01-27T00:27:31.93556Z\"}}",
      "isContentBase64": false
    }
  },
  "PolicyDefinitionVersionWithParameters+[NoContext]+[NoScenario]+$DELETE+https://management.azure.com/subscriptions/e5a130f3-57fd-46b6-9c55-03d21a853935/providers/Microsoft.Authorization/policyDefinitions/psPolicyDefinitionVersionWithParameters01?api-version=2025-03-01+3": {
    "Request": {
      "Method": "DELETE",
      "RequestUri": "https://management.azure.com/subscriptions/e5a130f3-57fd-46b6-9c55-03d21a853935/providers/Microsoft.Authorization/policyDefinitions/psPolicyDefinitionVersionWithParameters01?api-version=2025-03-01",
      "Content": null,
      "isContentBase64": false,
      "Headers": {
        "x-ms-unique-id": [ "254" ],
        "x-ms-client-request-id": [ "b9537c00-eac2-418c-a979-b43af5751c2e" ],
        "CommandName": [ "\u0026" ],
        "FullCommandName": [ "Remove-AzPolicyDefinition_Delete" ],
        "ParameterSetName": [ "__AllParameterSets" ],
        "User-Agent": [ "AzurePowershell/v0.0.0", "PSVersion/v7.5.4", "Az.Policy/9.0.0" ],
        "Authorization": [ "[Filtered]" ]
      },
      "ContentHeaders": {
      }
    },
    "Response": {
      "StatusCode": 200,
      "Headers": {
        "Cache-Control": [ "no-cache" ],
        "Pragma": [ "no-cache" ],
        "Strict-Transport-Security": [ "max-age=31536000; includeSubDomains" ],
        "x-ms-operation-identifier": [ "tenantId=72f988bf-86f1-41af-91ab-2d7cd011db47,objectId=638d92d9-ae3b-4f1d-be91-382dcc631f82/westus2/c0f9a9be-7a75-4318-bf5c-ae7ef84e33b1" ],
        "x-ms-ratelimit-remaining-subscription-deletes": [ "799" ],
        "x-ms-ratelimit-remaining-subscription-global-deletes": [ "11999" ],
        "x-ms-request-id": [ "253ee509-b53e-43a2-a968-337c843ef63f" ],
        "x-ms-correlation-request-id": [ "253ee509-b53e-43a2-a968-337c843ef63f" ],
        "x-ms-routing-request-id": [ "WESTUS2:20260127T002733Z:253ee509-b53e-43a2-a968-337c843ef63f" ],
        "X-Content-Type-Options": [ "nosniff" ],
        "X-Cache": [ "CONFIG_NOCACHE" ],
        "X-MSEdge-Ref": [ "Ref A: AB24CD78713F47BEB4A6107D9E00A0A0 Ref B: MWH011020808034 Ref C: 2026-01-27T00:27:32Z" ],
        "Date": [ "Tue, 27 Jan 2026 00:27:33 GMT" ]
      },
      "ContentHeaders": {
        "Content-Length": [ "1209" ],
        "Content-Type": [ "application/json; charset=utf-8" ],
        "Expires": [ "-1" ]
      },
      "Content": "{\"properties\":{\"policyType\":\"Custom\",\"mode\":\"All\",\"description\":\"Unit test junk: sorry for littering. Please delete me!\",\"metadata\":{\"createdBy\":\"638d92d9-ae3b-4f1d-be91-382dcc631f82\",\"createdOn\":\"2026-01-27T00:27:29.2000448Z\",\"updatedBy\":null,\"updatedOn\":null},\"version\":\"2.0.1\",\"parameters\":{\"listOfAllowedLocations\":{\"type\":\"array\",\"metadata\":{\"description\":\"An array of permitted locations for resources.\",\"strongType\":\"location\",\"displayName\":\"List of locations\"}},\"effectParam\":{\"type\":\"string\",\"defaultValue\":\"deny\"}},\"policyRule\":{\"if\":{\"not\":{\"field\":\"location\",\"in\":\"[parameters(\u0027listOfAllowedLocations\u0027)]\"}},\"then\":{\"effect\":\"[parameters(\u0027effectParam\u0027)]\"}},\"versions\":[\"2.0.1\",\"1.3.0-preview\",\"1.0.0\"]},\"id\":\"/subscriptions/e5a130f3-57fd-46b6-9c55-03d21a853935/providers/Microsoft.Authorization/policyDefinitions/psPolicyDefinitionVersionWithParameters01\",\"type\":\"Microsoft.Authorization/policyDefinitions\",\"name\":\"psPolicyDefinitionVersionWithParameters01\",\"systemData\":{\"createdBy\":\"zhaocelina@microsoft.com\",\"createdByType\":\"User\",\"createdAt\":\"2026-01-27T00:27:29.1710288Z\",\"lastModifiedBy\":\"zhaocelina@microsoft.com\",\"lastModifiedByType\":\"User\",\"lastModifiedAt\":\"2026-01-27T00:27:29.1710288Z\"}}",
      "isContentBase64": false
    }
  }
}