{
  "PolicyDefinitionWithComplexParameters+[NoContext]+make test definition with complex parameters from a file+$PUT+https://management.azure.com/subscriptions/e5a130f3-57fd-46b6-9c55-03d21a853935/providers/Microsoft.Authorization/policyDefinitions/psPolicyDefinitionWithComplexParameters01?api-version=2025-03-01+1": {
    "Request": {
      "Method": "PUT",
      "RequestUri": "https://management.azure.com/subscriptions/e5a130f3-57fd-46b6-9c55-03d21a853935/providers/Microsoft.Authorization/policyDefinitions/psPolicyDefinitionWithComplexParameters01?api-version=2025-03-01",
      "Content": "{\r\n  \"properties\": {\r\n    \"policyType\": \"Custom\",\r\n    \"mode\": \"Microsoft.Kubernetes.Data\",\r\n    \"displayName\": \"Kubernetes cluster containers should only use allowed images\",\r\n    \"description\": \"Cloned from built-in DP policy: febd0533-8e55-448f-b837-bd0e06f16469\",\r\n    \"policyRule\": {\r\n      \"if\": {\r\n        \"field\": \"type\",\r\n        \"in\": [ \"Microsoft.Kubernetes/connectedClusters\", \"Microsoft.ContainerService/managedClusters\" ]\r\n      },\r\n      \"then\": {\r\n        \"effect\": \"[parameters(\\u0027effect\\u0027)]\",\r\n        \"details\": {\r\n          \"warn\": \"[parameters(\\u0027warn\\u0027)]\",\r\n          \"templateInfo\": {\r\n            \"sourceType\": \"PublicURL\",\r\n            \"url\": \"https://store.policy.core.windows.net/kubernetes/container-allowed-images/v2/template.yaml\"\r\n          },\r\n          \"apiGroups\": [ \"\" ],\r\n          \"kinds\": [ \"Pod\" ],\r\n          \"excludedNamespaces\": \"[parameters(\\u0027excludedNamespaces\\u0027)]\",\r\n          \"namespaces\": \"[parameters(\\u0027namespaces\\u0027)]\",\r\n          \"labelSelector\": \"[parameters(\\u0027labelSelector\\u0027)]\",\r\n          \"values\": {\r\n            \"imageRegex\": \"[parameters(\\u0027allowedContainerImagesRegex\\u0027)]\",\r\n            \"excludedContainers\": \"[parameters(\\u0027excludedContainers\\u0027)]\"\r\n          }\r\n        }\r\n      }\r\n    },\r\n    \"metadata\": {\r\n      \"version\": \"9.2.0\",\r\n      \"category\": \"Kubernetes\"\r\n    },\r\n    \"parameters\": {\r\n      \"warn\": {\r\n        \"type\": \"Boolean\",\r\n        \"metadata\": {\r\n          \"displayName\": \"Warn\",\r\n          \"description\": \"Whether or not to return warnings back to the user in the kubectl cli\"\r\n        },\r\n        \"allowedValues\": [ true, false ],\r\n        \"defaultValue\": false\r\n      },\r\n      \"effect\": {\r\n        \"type\": \"String\",\r\n        \"metadata\": {\r\n          \"displayName\": \"Effect\",\r\n          \"description\": \"\\u0027Audit\\u0027 allows a non-compliant resource to be created, but flags it as non-compliant. \\u0027Deny\\u0027 blocks the resource creation. \\u0027Disable\\u0027 turns off the policy.\",\r\n          \"portalReview\": true\r\n        },\r\n        \"allowedValues\": [ \"audit\", \"Audit\", \"deny\", \"Deny\", \"disabled\", \"Disabled\" ],\r\n        \"defaultValue\": \"Deny\"\r\n      },\r\n      \"excludedNamespaces\": {\r\n        \"type\": \"Array\",\r\n        \"metadata\": {\r\n          \"displayName\": \"Namespace exclusions\",\r\n          \"description\": \"List of Kubernetes namespaces to exclude from policy evaluation. System namespaces \\\"kube-system\\\", \\\"gatekeeper-system\\\" and \\\"azure-arc\\\" are always excluded by design. \\\"azure-extensions-usage-system\\\" is optional to remove.\"\r\n        },\r\n        \"defaultValue\": [ \"kube-system\", \"gatekeeper-system\", \"azure-arc\", \"azure-extensions-usage-system\" ]\r\n      },\r\n      \"namespaces\": {\r\n        \"type\": \"Array\",\r\n        \"metadata\": {\r\n          \"displayName\": \"Namespace inclusions\",\r\n          \"description\": \"List of Kubernetes namespaces to only include in policy evaluation. An empty list means the policy is applied to all resources in all namespaces.\"\r\n        },\r\n        \"defaultValue\": [ ]\r\n      },\r\n      \"labelSelector\": {\r\n        \"type\": \"Object\",\r\n        \"metadata\": {\r\n          \"displayName\": \"Kubernetes label selector\",\r\n          \"description\": \"Label query to select Kubernetes resources for policy evaluation. An empty label selector matches all Kubernetes resources.\"\r\n        },\r\n        \"defaultValue\": {\r\n        },\r\n        \"schema\": {\r\n          \"description\": \"A label selector is a label query over a set of resources. The result of matchLabels and matchExpressions are ANDed. An empty label selector matches all resources.\",\r\n          \"type\": \"object\",\r\n          \"properties\": {\r\n            \"matchLabels\": {\r\n              \"description\": \"matchLabels is a map of {key,value} pairs.\",\r\n              \"type\": \"object\",\r\n              \"additionalProperties\": {\r\n                \"type\": \"string\"\r\n              },\r\n              \"minProperties\": 1\r\n            },\r\n            \"matchExpressions\": {\r\n              \"description\": \"matchExpressions is a list of values, a key, and an operator.\",\r\n              \"type\": \"array\",\r\n              \"items\": {\r\n                \"type\": \"object\",\r\n                \"properties\": {\r\n                  \"key\": {\r\n                    \"description\": \"key is the label key that the selector applies to.\",\r\n                    \"type\": \"string\"\r\n                  },\r\n                  \"operator\": {\r\n                    \"description\": \"operator represents a key\\u0027s relationship to a set of values.\",\r\n                    \"type\": \"string\",\r\n                    \"enum\": [ \"In\", \"NotIn\", \"Exists\", \"DoesNotExist\" ]\r\n                  },\r\n                  \"values\": {\r\n                    \"description\": \"values is an array of string values. If the operator is In or NotIn, the values array must be non-empty. If the operator is Exists or DoesNotExist, the values array must be empty.\",\r\n                    \"type\": \"array\",\r\n                    \"items\": {\r\n                      \"type\": \"string\"\r\n                    }\r\n                  }\r\n                },\r\n                \"required\": [ \"key\", \"operator\" ],\r\n                \"additionalProperties\": false\r\n              },\r\n              \"minItems\": 1\r\n            }\r\n          },\r\n          \"additionalProperties\": false\r\n        }\r\n      },\r\n      \"allowedContainerImagesRegex\": {\r\n        \"type\": \"String\",\r\n        \"metadata\": {\r\n          \"displayName\": \"Allowed registry or registries regex\",\r\n          \"description\": \"The RegEx rule used to match allowed container image field in a Kubernetes cluster. For example, to allow any Azure Container Registry image by matching partial path: ^[^\\\\/]+\\\\.azurecr\\\\.io\\\\/.+$ and for multiple registries: ^([^\\\\/]+\\\\.azurecr\\\\.io|registry\\\\.io)\\\\/.+$\",\r\n          \"portalReview\": true\r\n        }\r\n      },\r\n      \"excludedContainers\": {\r\n        \"type\": \"Array\",\r\n        \"metadata\": {\r\n          \"displayName\": \"Containers exclusions\",\r\n          \"description\": \"The list of InitContainers and Containers to exclude from policy evaluation. The identify is the name of container. Use an empty list to apply this policy to all containers in all namespaces.\"\r\n        },\r\n        \"defaultValue\": [ ]\r\n      }\r\n    }\r\n  }\r\n}",
      "isContentBase64": false,
      "Headers": {
      },
      "ContentHeaders": {
        "Content-Type": [ "application/json" ],
        "Content-Length": [ "6238" ]
      }
    },
    "Response": {
      "StatusCode": 201,
      "Headers": {
        "Cache-Control": [ "no-cache" ],
        "Pragma": [ "no-cache" ],
        "Strict-Transport-Security": [ "max-age=31536000; includeSubDomains" ],
        "x-ms-operation-identifier": [ "tenantId=72f988bf-86f1-41af-91ab-2d7cd011db47,objectId=638d92d9-ae3b-4f1d-be91-382dcc631f82/centralus/3f903b93-7cce-4e29-8178-98d02bf13f3a" ],
        "x-ms-ratelimit-remaining-subscription-writes": [ "799" ],
        "x-ms-ratelimit-remaining-subscription-global-writes": [ "11999" ],
        "x-ms-request-id": [ "499e57a6-8e8e-40c1-b996-3df13dae6bf3" ],
        "x-ms-correlation-request-id": [ "499e57a6-8e8e-40c1-b996-3df13dae6bf3" ],
        "x-ms-routing-request-id": [ "CENTRALUS:20260128T065852Z:499e57a6-8e8e-40c1-b996-3df13dae6bf3" ],
        "X-Content-Type-Options": [ "nosniff" ],
        "X-Cache": [ "CONFIG_NOCACHE" ],
        "X-MSEdge-Ref": [ "Ref A: C00D82ECA37C49C4B873AB52028DD4B3 Ref B: MWH011020807054 Ref C: 2026-01-28T06:58:51Z" ],
        "Date": [ "Wed, 28 Jan 2026 06:58:51 GMT" ]
      },
      "ContentHeaders": {
        "Content-Length": [ "4964" ],
        "Content-Type": [ "application/json; charset=utf-8" ],
        "Expires": [ "-1" ]
      },
      "Content": "{\"properties\":{\"displayName\":\"Kubernetes cluster containers should only use allowed images\",\"policyType\":\"Custom\",\"mode\":\"Microsoft.Kubernetes.Data\",\"description\":\"Cloned from built-in DP policy: febd0533-8e55-448f-b837-bd0e06f16469\",\"metadata\":{\"version\":\"9.2.0\",\"category\":\"Kubernetes\",\"createdBy\":\"638d92d9-ae3b-4f1d-be91-382dcc631f82\",\"createdOn\":\"2026-01-28T06:58:51.9632412Z\",\"updatedBy\":null,\"updatedOn\":null},\"version\":\"1.0.0\",\"parameters\":{\"warn\":{\"type\":\"Boolean\",\"metadata\":{\"displayName\":\"Warn\",\"description\":\"Whether or not to return warnings back to the user in the kubectl cli\"},\"allowedValues\":[true,false],\"defaultValue\":false},\"effect\":{\"type\":\"String\",\"metadata\":{\"displayName\":\"Effect\",\"description\":\"\u0027Audit\u0027 allows a non-compliant resource to be created, but flags it as non-compliant. \u0027Deny\u0027 blocks the resource creation. \u0027Disable\u0027 turns off the policy.\",\"portalReview\":true},\"allowedValues\":[\"audit\",\"Audit\",\"deny\",\"Deny\",\"disabled\",\"Disabled\"],\"defaultValue\":\"Deny\"},\"excludedNamespaces\":{\"type\":\"Array\",\"metadata\":{\"displayName\":\"Namespace exclusions\",\"description\":\"List of Kubernetes namespaces to exclude from policy evaluation. System namespaces \\\"kube-system\\\", \\\"gatekeeper-system\\\" and \\\"azure-arc\\\" are always excluded by design. \\\"azure-extensions-usage-system\\\" is optional to remove.\"},\"defaultValue\":[\"kube-system\",\"gatekeeper-system\",\"azure-arc\",\"azure-extensions-usage-system\"]},\"namespaces\":{\"type\":\"Array\",\"metadata\":{\"displayName\":\"Namespace inclusions\",\"description\":\"List of Kubernetes namespaces to only include in policy evaluation. An empty list means the policy is applied to all resources in all namespaces.\"},\"defaultValue\":[]},\"labelSelector\":{\"type\":\"Object\",\"metadata\":{\"displayName\":\"Kubernetes label selector\",\"description\":\"Label query to select Kubernetes resources for policy evaluation. An empty label selector matches all Kubernetes resources.\"},\"defaultValue\":{},\"schema\":{\"description\":\"A label selector is a label query over a set of resources. The result of matchLabels and matchExpressions are ANDed. An empty label selector matches all resources.\",\"type\":\"object\",\"properties\":{\"matchLabels\":{\"description\":\"matchLabels is a map of {key,value} pairs.\",\"type\":\"object\",\"additionalProperties\":{\"type\":\"string\"},\"minProperties\":1},\"matchExpressions\":{\"description\":\"matchExpressions is a list of values, a key, and an operator.\",\"type\":\"array\",\"items\":{\"type\":\"object\",\"properties\":{\"key\":{\"description\":\"key is the label key that the selector applies to.\",\"type\":\"string\"},\"operator\":{\"description\":\"operator represents a key\u0027s relationship to a set of values.\",\"type\":\"string\",\"enum\":[\"In\",\"NotIn\",\"Exists\",\"DoesNotExist\"]},\"values\":{\"description\":\"values is an array of string values. If the operator is In or NotIn, the values array must be non-empty. If the operator is Exists or DoesNotExist, the values array must be empty.\",\"type\":\"array\",\"items\":{\"type\":\"string\"}}},\"required\":[\"key\",\"operator\"],\"additionalProperties\":false},\"minItems\":1}},\"additionalProperties\":false}},\"allowedContainerImagesRegex\":{\"type\":\"String\",\"metadata\":{\"displayName\":\"Allowed registry or registries regex\",\"description\":\"The RegEx rule used to match allowed container image field in a Kubernetes cluster. For example, to allow any Azure Container Registry image by matching partial path: ^[^\\\\/]+\\\\.azurecr\\\\.io\\\\/.+$ and for multiple registries: ^([^\\\\/]+\\\\.azurecr\\\\.io|registry\\\\.io)\\\\/.+$\",\"portalReview\":true}},\"excludedContainers\":{\"type\":\"Array\",\"metadata\":{\"displayName\":\"Containers exclusions\",\"description\":\"The list of InitContainers and Containers to exclude from policy evaluation. The identify is the name of container. Use an empty list to apply this policy to all containers in all namespaces.\"},\"defaultValue\":[]}},\"policyRule\":{\"if\":{\"field\":\"type\",\"in\":[\"Microsoft.Kubernetes/connectedClusters\",\"Microsoft.ContainerService/managedClusters\"]},\"then\":{\"effect\":\"[parameters(\u0027effect\u0027)]\",\"details\":{\"warn\":\"[parameters(\u0027warn\u0027)]\",\"templateInfo\":{\"sourceType\":\"PublicURL\",\"url\":\"https://store.policy.core.windows.net/kubernetes/container-allowed-images/v2/template.yaml\"},\"apiGroups\":[\"\"],\"kinds\":[\"Pod\"],\"excludedNamespaces\":\"[parameters(\u0027excludedNamespaces\u0027)]\",\"namespaces\":\"[parameters(\u0027namespaces\u0027)]\",\"labelSelector\":\"[parameters(\u0027labelSelector\u0027)]\",\"values\":{\"imageRegex\":\"[parameters(\u0027allowedContainerImagesRegex\u0027)]\",\"excludedContainers\":\"[parameters(\u0027excludedContainers\u0027)]\"}}}},\"versions\":[\"1.0.0\"]},\"id\":\"/subscriptions/e5a130f3-57fd-46b6-9c55-03d21a853935/providers/Microsoft.Authorization/policyDefinitions/psPolicyDefinitionWithComplexParameters01\",\"type\":\"Microsoft.Authorization/policyDefinitions\",\"name\":\"psPolicyDefinitionWithComplexParameters01\",\"systemData\":{\"createdBy\":\"zhaocelina@microsoft.com\",\"createdByType\":\"User\",\"createdAt\":\"2026-01-28T06:58:51.4536879Z\",\"lastModifiedBy\":\"zhaocelina@microsoft.com\",\"lastModifiedByType\":\"User\",\"lastModifiedAt\":\"2026-01-28T06:58:51.4536879Z\"}}",
      "isContentBase64": false
    }
  },
  "PolicyDefinitionWithComplexParameters+[NoContext]+make test definition with complex parameters from a file+$GET+https://management.azure.com/subscriptions/e5a130f3-57fd-46b6-9c55-03d21a853935/providers/Microsoft.Authorization/policyDefinitions/psPolicyDefinitionWithComplexParameters01?api-version=2025-03-01+2": {
    "Request": {
      "Method": "GET",
      "RequestUri": "https://management.azure.com/subscriptions/e5a130f3-57fd-46b6-9c55-03d21a853935/providers/Microsoft.Authorization/policyDefinitions/psPolicyDefinitionWithComplexParameters01?api-version=2025-03-01",
      "Content": null,
      "isContentBase64": false,
      "Headers": {
        "x-ms-unique-id": [ "259" ],
        "x-ms-client-request-id": [ "0c391e50-f2aa-46c8-84b0-40018c9bb2c8" ],
        "CommandName": [ "\u0026" ],
        "FullCommandName": [ "Get-AzPolicyDefinition_Get" ],
        "ParameterSetName": [ "__AllParameterSets" ],
        "User-Agent": [ "AzurePowershell/v0.0.0", "PSVersion/v7.5.4", "Az.Policy/9.0.0" ],
        "Authorization": [ "[Filtered]" ]
      },
      "ContentHeaders": {
      }
    },
    "Response": {
      "StatusCode": 200,
      "Headers": {
        "Cache-Control": [ "no-cache" ],
        "Pragma": [ "no-cache" ],
        "Strict-Transport-Security": [ "max-age=31536000; includeSubDomains" ],
        "x-ms-operation-identifier": [ "tenantId=72f988bf-86f1-41af-91ab-2d7cd011db47,objectId=638d92d9-ae3b-4f1d-be91-382dcc631f82/westus/ed72ab0d-4546-4302-90b5-28c22ffb4f89" ],
        "x-ms-ratelimit-remaining-subscription-reads": [ "1099" ],
        "x-ms-ratelimit-remaining-subscription-global-reads": [ "16499" ],
        "x-ms-request-id": [ "eba8d0d1-529f-4f24-a539-b49dda55affb" ],
        "x-ms-correlation-request-id": [ "eba8d0d1-529f-4f24-a539-b49dda55affb" ],
        "x-ms-routing-request-id": [ "WESTUS:20260128T065852Z:eba8d0d1-529f-4f24-a539-b49dda55affb" ],
        "X-Content-Type-Options": [ "nosniff" ],
        "X-Cache": [ "CONFIG_NOCACHE" ],
        "X-MSEdge-Ref": [ "Ref A: F8992F5DE5E84D38AD2267BD59751335 Ref B: MWH011020807054 Ref C: 2026-01-28T06:58:52Z" ],
        "Date": [ "Wed, 28 Jan 2026 06:58:51 GMT" ]
      },
      "ContentHeaders": {
        "Content-Length": [ "4964" ],
        "Content-Type": [ "application/json; charset=utf-8" ],
        "Expires": [ "-1" ]
      },
      "Content": "{\"properties\":{\"displayName\":\"Kubernetes cluster containers should only use allowed images\",\"policyType\":\"Custom\",\"mode\":\"Microsoft.Kubernetes.Data\",\"description\":\"Cloned from built-in DP policy: febd0533-8e55-448f-b837-bd0e06f16469\",\"metadata\":{\"version\":\"9.2.0\",\"category\":\"Kubernetes\",\"createdBy\":\"638d92d9-ae3b-4f1d-be91-382dcc631f82\",\"createdOn\":\"2026-01-28T06:58:51.9632412Z\",\"updatedBy\":null,\"updatedOn\":null},\"version\":\"1.0.0\",\"parameters\":{\"warn\":{\"type\":\"Boolean\",\"metadata\":{\"displayName\":\"Warn\",\"description\":\"Whether or not to return warnings back to the user in the kubectl cli\"},\"allowedValues\":[true,false],\"defaultValue\":false},\"effect\":{\"type\":\"String\",\"metadata\":{\"displayName\":\"Effect\",\"description\":\"\u0027Audit\u0027 allows a non-compliant resource to be created, but flags it as non-compliant. \u0027Deny\u0027 blocks the resource creation. \u0027Disable\u0027 turns off the policy.\",\"portalReview\":true},\"allowedValues\":[\"audit\",\"Audit\",\"deny\",\"Deny\",\"disabled\",\"Disabled\"],\"defaultValue\":\"Deny\"},\"excludedNamespaces\":{\"type\":\"Array\",\"metadata\":{\"displayName\":\"Namespace exclusions\",\"description\":\"List of Kubernetes namespaces to exclude from policy evaluation. System namespaces \\\"kube-system\\\", \\\"gatekeeper-system\\\" and \\\"azure-arc\\\" are always excluded by design. \\\"azure-extensions-usage-system\\\" is optional to remove.\"},\"defaultValue\":[\"kube-system\",\"gatekeeper-system\",\"azure-arc\",\"azure-extensions-usage-system\"]},\"namespaces\":{\"type\":\"Array\",\"metadata\":{\"displayName\":\"Namespace inclusions\",\"description\":\"List of Kubernetes namespaces to only include in policy evaluation. An empty list means the policy is applied to all resources in all namespaces.\"},\"defaultValue\":[]},\"labelSelector\":{\"type\":\"Object\",\"metadata\":{\"displayName\":\"Kubernetes label selector\",\"description\":\"Label query to select Kubernetes resources for policy evaluation. An empty label selector matches all Kubernetes resources.\"},\"defaultValue\":{},\"schema\":{\"description\":\"A label selector is a label query over a set of resources. The result of matchLabels and matchExpressions are ANDed. An empty label selector matches all resources.\",\"type\":\"object\",\"properties\":{\"matchLabels\":{\"description\":\"matchLabels is a map of {key,value} pairs.\",\"type\":\"object\",\"additionalProperties\":{\"type\":\"string\"},\"minProperties\":1},\"matchExpressions\":{\"description\":\"matchExpressions is a list of values, a key, and an operator.\",\"type\":\"array\",\"items\":{\"type\":\"object\",\"properties\":{\"key\":{\"description\":\"key is the label key that the selector applies to.\",\"type\":\"string\"},\"operator\":{\"description\":\"operator represents a key\u0027s relationship to a set of values.\",\"type\":\"string\",\"enum\":[\"In\",\"NotIn\",\"Exists\",\"DoesNotExist\"]},\"values\":{\"description\":\"values is an array of string values. If the operator is In or NotIn, the values array must be non-empty. If the operator is Exists or DoesNotExist, the values array must be empty.\",\"type\":\"array\",\"items\":{\"type\":\"string\"}}},\"required\":[\"key\",\"operator\"],\"additionalProperties\":false},\"minItems\":1}},\"additionalProperties\":false}},\"allowedContainerImagesRegex\":{\"type\":\"String\",\"metadata\":{\"displayName\":\"Allowed registry or registries regex\",\"description\":\"The RegEx rule used to match allowed container image field in a Kubernetes cluster. For example, to allow any Azure Container Registry image by matching partial path: ^[^\\\\/]+\\\\.azurecr\\\\.io\\\\/.+$ and for multiple registries: ^([^\\\\/]+\\\\.azurecr\\\\.io|registry\\\\.io)\\\\/.+$\",\"portalReview\":true}},\"excludedContainers\":{\"type\":\"Array\",\"metadata\":{\"displayName\":\"Containers exclusions\",\"description\":\"The list of InitContainers and Containers to exclude from policy evaluation. The identify is the name of container. Use an empty list to apply this policy to all containers in all namespaces.\"},\"defaultValue\":[]}},\"policyRule\":{\"if\":{\"field\":\"type\",\"in\":[\"Microsoft.Kubernetes/connectedClusters\",\"Microsoft.ContainerService/managedClusters\"]},\"then\":{\"effect\":\"[parameters(\u0027effect\u0027)]\",\"details\":{\"warn\":\"[parameters(\u0027warn\u0027)]\",\"templateInfo\":{\"sourceType\":\"PublicURL\",\"url\":\"https://store.policy.core.windows.net/kubernetes/container-allowed-images/v2/template.yaml\"},\"apiGroups\":[\"\"],\"kinds\":[\"Pod\"],\"excludedNamespaces\":\"[parameters(\u0027excludedNamespaces\u0027)]\",\"namespaces\":\"[parameters(\u0027namespaces\u0027)]\",\"labelSelector\":\"[parameters(\u0027labelSelector\u0027)]\",\"values\":{\"imageRegex\":\"[parameters(\u0027allowedContainerImagesRegex\u0027)]\",\"excludedContainers\":\"[parameters(\u0027excludedContainers\u0027)]\"}}}},\"versions\":[\"1.0.0\"]},\"id\":\"/subscriptions/e5a130f3-57fd-46b6-9c55-03d21a853935/providers/Microsoft.Authorization/policyDefinitions/psPolicyDefinitionWithComplexParameters01\",\"type\":\"Microsoft.Authorization/policyDefinitions\",\"name\":\"psPolicyDefinitionWithComplexParameters01\",\"systemData\":{\"createdBy\":\"zhaocelina@microsoft.com\",\"createdByType\":\"User\",\"createdAt\":\"2026-01-28T06:58:51.4536879Z\",\"lastModifiedBy\":\"zhaocelina@microsoft.com\",\"lastModifiedByType\":\"User\",\"lastModifiedAt\":\"2026-01-28T06:58:51.4536879Z\"}}",
      "isContentBase64": false
    }
  },
  "PolicyDefinitionWithComplexParameters+[NoContext]+make a policy assignment with complex parameters on the command line+$GET+https://management.azure.com/subscriptions/e5a130f3-57fd-46b6-9c55-03d21a853935/providers/Microsoft.Authorization/policyDefinitions/psPolicyDefinitionWithComplexParameters01?api-version=2025-03-01+1": {
    "Request": {
      "Method": "GET",
      "RequestUri": "https://management.azure.com/subscriptions/e5a130f3-57fd-46b6-9c55-03d21a853935/providers/Microsoft.Authorization/policyDefinitions/psPolicyDefinitionWithComplexParameters01?api-version=2025-03-01",
      "Content": null,
      "isContentBase64": false,
      "Headers": {
        "x-ms-unique-id": [ "260" ],
        "x-ms-client-request-id": [ "80cb6678-43dc-43aa-bf17-1cde75015e4d" ],
        "CommandName": [ "\u0026" ],
        "FullCommandName": [ "Get-AzPolicyDefinition_Get" ],
        "ParameterSetName": [ "__AllParameterSets" ],
        "User-Agent": [ "AzurePowershell/v0.0.0", "PSVersion/v7.5.4", "Az.Policy/9.0.0" ],
        "Authorization": [ "[Filtered]" ]
      },
      "ContentHeaders": {
      }
    },
    "Response": {
      "StatusCode": 200,
      "Headers": {
        "Cache-Control": [ "no-cache" ],
        "Pragma": [ "no-cache" ],
        "Strict-Transport-Security": [ "max-age=31536000; includeSubDomains" ],
        "x-ms-operation-identifier": [ "tenantId=72f988bf-86f1-41af-91ab-2d7cd011db47,objectId=638d92d9-ae3b-4f1d-be91-382dcc631f82/westus/bcd341d4-7e72-431a-9135-d21add7ff3a3" ],
        "x-ms-ratelimit-remaining-subscription-reads": [ "1099" ],
        "x-ms-ratelimit-remaining-subscription-global-reads": [ "16499" ],
        "x-ms-request-id": [ "6a49f9f0-0ae5-4b41-8e90-ebf4b4014160" ],
        "x-ms-correlation-request-id": [ "6a49f9f0-0ae5-4b41-8e90-ebf4b4014160" ],
        "x-ms-routing-request-id": [ "WESTUS:20260128T065853Z:6a49f9f0-0ae5-4b41-8e90-ebf4b4014160" ],
        "X-Content-Type-Options": [ "nosniff" ],
        "X-Cache": [ "CONFIG_NOCACHE" ],
        "X-MSEdge-Ref": [ "Ref A: 59F7B9B586BE42DBA86FBFA05B97F938 Ref B: MWH011020807054 Ref C: 2026-01-28T06:58:53Z" ],
        "Date": [ "Wed, 28 Jan 2026 06:58:52 GMT" ]
      },
      "ContentHeaders": {
        "Content-Length": [ "4964" ],
        "Content-Type": [ "application/json; charset=utf-8" ],
        "Expires": [ "-1" ]
      },
      "Content": "{\"properties\":{\"displayName\":\"Kubernetes cluster containers should only use allowed images\",\"policyType\":\"Custom\",\"mode\":\"Microsoft.Kubernetes.Data\",\"description\":\"Cloned from built-in DP policy: febd0533-8e55-448f-b837-bd0e06f16469\",\"metadata\":{\"version\":\"9.2.0\",\"category\":\"Kubernetes\",\"createdBy\":\"638d92d9-ae3b-4f1d-be91-382dcc631f82\",\"createdOn\":\"2026-01-28T06:58:51.9632412Z\",\"updatedBy\":null,\"updatedOn\":null},\"version\":\"1.0.0\",\"parameters\":{\"warn\":{\"type\":\"Boolean\",\"metadata\":{\"displayName\":\"Warn\",\"description\":\"Whether or not to return warnings back to the user in the kubectl cli\"},\"allowedValues\":[true,false],\"defaultValue\":false},\"effect\":{\"type\":\"String\",\"metadata\":{\"displayName\":\"Effect\",\"description\":\"\u0027Audit\u0027 allows a non-compliant resource to be created, but flags it as non-compliant. \u0027Deny\u0027 blocks the resource creation. \u0027Disable\u0027 turns off the policy.\",\"portalReview\":true},\"allowedValues\":[\"audit\",\"Audit\",\"deny\",\"Deny\",\"disabled\",\"Disabled\"],\"defaultValue\":\"Deny\"},\"excludedNamespaces\":{\"type\":\"Array\",\"metadata\":{\"displayName\":\"Namespace exclusions\",\"description\":\"List of Kubernetes namespaces to exclude from policy evaluation. System namespaces \\\"kube-system\\\", \\\"gatekeeper-system\\\" and \\\"azure-arc\\\" are always excluded by design. \\\"azure-extensions-usage-system\\\" is optional to remove.\"},\"defaultValue\":[\"kube-system\",\"gatekeeper-system\",\"azure-arc\",\"azure-extensions-usage-system\"]},\"namespaces\":{\"type\":\"Array\",\"metadata\":{\"displayName\":\"Namespace inclusions\",\"description\":\"List of Kubernetes namespaces to only include in policy evaluation. An empty list means the policy is applied to all resources in all namespaces.\"},\"defaultValue\":[]},\"labelSelector\":{\"type\":\"Object\",\"metadata\":{\"displayName\":\"Kubernetes label selector\",\"description\":\"Label query to select Kubernetes resources for policy evaluation. An empty label selector matches all Kubernetes resources.\"},\"defaultValue\":{},\"schema\":{\"description\":\"A label selector is a label query over a set of resources. The result of matchLabels and matchExpressions are ANDed. An empty label selector matches all resources.\",\"type\":\"object\",\"properties\":{\"matchLabels\":{\"description\":\"matchLabels is a map of {key,value} pairs.\",\"type\":\"object\",\"additionalProperties\":{\"type\":\"string\"},\"minProperties\":1},\"matchExpressions\":{\"description\":\"matchExpressions is a list of values, a key, and an operator.\",\"type\":\"array\",\"items\":{\"type\":\"object\",\"properties\":{\"key\":{\"description\":\"key is the label key that the selector applies to.\",\"type\":\"string\"},\"operator\":{\"description\":\"operator represents a key\u0027s relationship to a set of values.\",\"type\":\"string\",\"enum\":[\"In\",\"NotIn\",\"Exists\",\"DoesNotExist\"]},\"values\":{\"description\":\"values is an array of string values. If the operator is In or NotIn, the values array must be non-empty. If the operator is Exists or DoesNotExist, the values array must be empty.\",\"type\":\"array\",\"items\":{\"type\":\"string\"}}},\"required\":[\"key\",\"operator\"],\"additionalProperties\":false},\"minItems\":1}},\"additionalProperties\":false}},\"allowedContainerImagesRegex\":{\"type\":\"String\",\"metadata\":{\"displayName\":\"Allowed registry or registries regex\",\"description\":\"The RegEx rule used to match allowed container image field in a Kubernetes cluster. For example, to allow any Azure Container Registry image by matching partial path: ^[^\\\\/]+\\\\.azurecr\\\\.io\\\\/.+$ and for multiple registries: ^([^\\\\/]+\\\\.azurecr\\\\.io|registry\\\\.io)\\\\/.+$\",\"portalReview\":true}},\"excludedContainers\":{\"type\":\"Array\",\"metadata\":{\"displayName\":\"Containers exclusions\",\"description\":\"The list of InitContainers and Containers to exclude from policy evaluation. The identify is the name of container. Use an empty list to apply this policy to all containers in all namespaces.\"},\"defaultValue\":[]}},\"policyRule\":{\"if\":{\"field\":\"type\",\"in\":[\"Microsoft.Kubernetes/connectedClusters\",\"Microsoft.ContainerService/managedClusters\"]},\"then\":{\"effect\":\"[parameters(\u0027effect\u0027)]\",\"details\":{\"warn\":\"[parameters(\u0027warn\u0027)]\",\"templateInfo\":{\"sourceType\":\"PublicURL\",\"url\":\"https://store.policy.core.windows.net/kubernetes/container-allowed-images/v2/template.yaml\"},\"apiGroups\":[\"\"],\"kinds\":[\"Pod\"],\"excludedNamespaces\":\"[parameters(\u0027excludedNamespaces\u0027)]\",\"namespaces\":\"[parameters(\u0027namespaces\u0027)]\",\"labelSelector\":\"[parameters(\u0027labelSelector\u0027)]\",\"values\":{\"imageRegex\":\"[parameters(\u0027allowedContainerImagesRegex\u0027)]\",\"excludedContainers\":\"[parameters(\u0027excludedContainers\u0027)]\"}}}},\"versions\":[\"1.0.0\"]},\"id\":\"/subscriptions/e5a130f3-57fd-46b6-9c55-03d21a853935/providers/Microsoft.Authorization/policyDefinitions/psPolicyDefinitionWithComplexParameters01\",\"type\":\"Microsoft.Authorization/policyDefinitions\",\"name\":\"psPolicyDefinitionWithComplexParameters01\",\"systemData\":{\"createdBy\":\"zhaocelina@microsoft.com\",\"createdByType\":\"User\",\"createdAt\":\"2026-01-28T06:58:51.4536879Z\",\"lastModifiedBy\":\"zhaocelina@microsoft.com\",\"lastModifiedByType\":\"User\",\"lastModifiedAt\":\"2026-01-28T06:58:51.4536879Z\"}}",
      "isContentBase64": false
    }
  },
  "PolicyDefinitionWithComplexParameters+[NoContext]+make a policy assignment with complex parameters on the command line+$PUT+https://management.azure.com//subscriptions/e5a130f3-57fd-46b6-9c55-03d21a853935/providers/Microsoft.Authorization/policyAssignments/psPolicyDefinitionWithComplexParameters03?api-version=2025-03-01+2": {
    "Request": {
      "Method": "PUT",
      "RequestUri": "https://management.azure.com//subscriptions/e5a130f3-57fd-46b6-9c55-03d21a853935/providers/Microsoft.Authorization/policyAssignments/psPolicyDefinitionWithComplexParameters03?api-version=2025-03-01",
      "Content": "{\r\n  \"properties\": {\r\n    \"displayName\": \"Kubernetes cluster containers should only use allowed images\",\r\n    \"policyDefinitionId\": \"/subscriptions/e5a130f3-57fd-46b6-9c55-03d21a853935/providers/Microsoft.Authorization/policyDefinitions/psPolicyDefinitionWithComplexParameters01\",\r\n    \"parameters\": {\r\n      \"namespaces\": {\r\n        \"value\": [ \"namespace1\", \"namespace2\" ]\r\n      },\r\n      \"warn\": {\r\n        \"value\": true\r\n      },\r\n      \"labelSelector\": {\r\n        \"value\": {\r\n          \"matchLabels\": {\r\n            \"label1\": \"don\\u0027t label me\",\r\n            \"label2\": \"another label\"\r\n          },\r\n          \"matchExpressions\": [\r\n            {\r\n              \"operator\": \"NotIn\",\r\n              \"key\": \"thing1\",\r\n              \"values\": [ \"thing2\", \"thing3\", \"thing4\" ]\r\n            },\r\n            {\r\n              \"operator\": \"In\",\r\n              \"key\": \"thing2\",\r\n              \"values\": [ \"thing2\" ]\r\n            }\r\n          ]\r\n        }\r\n      },\r\n      \"excludedContainers\": {\r\n        \"value\": [ ]\r\n      },\r\n      \"excludedNamespaces\": {\r\n        \"value\": [ \"uh-oh\", \"no-way\" ]\r\n      },\r\n      \"allowedContainerImagesRegex\": {\r\n        \"value\": \"regex1\"\r\n      },\r\n      \"effect\": {\r\n        \"value\": \"Audit\"\r\n      }\r\n    },\r\n    \"description\": \"Cloned from built-in DP policy: febd0533-8e55-448f-b837-bd0e06f16469\",\r\n    \"metadata\": {\r\n      \"createdOn\": \"01/28/2026 06:58:51\",\r\n      \"version\": \"9.2.0\",\r\n      \"category\": \"Kubernetes\",\r\n      \"createdBy\": \"638d92d9-ae3b-4f1d-be91-382dcc631f82\"\r\n    }\r\n  }\r\n}",
      "isContentBase64": false,
      "Headers": {
      },
      "ContentHeaders": {
        "Content-Type": [ "application/json" ],
        "Content-Length": [ "1534" ]
      }
    },
    "Response": {
      "StatusCode": 201,
      "Headers": {
        "Cache-Control": [ "no-cache" ],
        "Pragma": [ "no-cache" ],
        "Strict-Transport-Security": [ "max-age=31536000; includeSubDomains" ],
        "x-ms-operation-identifier": [ "tenantId=72f988bf-86f1-41af-91ab-2d7cd011db47,objectId=638d92d9-ae3b-4f1d-be91-382dcc631f82/westus2/99ffc261-cf59-4c19-88ef-81520c12dc8b" ],
        "x-ms-ratelimit-remaining-subscription-writes": [ "799" ],
        "x-ms-ratelimit-remaining-subscription-global-writes": [ "11999" ],
        "x-ms-request-id": [ "859fb29c-2c93-4876-89d2-0b67a95d774c" ],
        "x-ms-correlation-request-id": [ "859fb29c-2c93-4876-89d2-0b67a95d774c" ],
        "x-ms-routing-request-id": [ "WESTUS2:20260128T065854Z:859fb29c-2c93-4876-89d2-0b67a95d774c" ],
        "X-Content-Type-Options": [ "nosniff" ],
        "X-Cache": [ "CONFIG_NOCACHE" ],
        "X-MSEdge-Ref": [ "Ref A: 226522964F4949209563D941AD3530A0 Ref B: MWH011020807054 Ref C: 2026-01-28T06:58:53Z" ],
        "Date": [ "Wed, 28 Jan 2026 06:58:53 GMT" ]
      },
      "ContentHeaders": {
        "Content-Length": [ "1686" ],
        "Content-Type": [ "application/json; charset=utf-8" ],
        "Expires": [ "-1" ]
      },
      "Content": "{\"properties\":{\"displayName\":\"Kubernetes cluster containers should only use allowed images\",\"policyDefinitionId\":\"/subscriptions/e5a130f3-57fd-46b6-9c55-03d21a853935/providers/Microsoft.Authorization/policyDefinitions/psPolicyDefinitionWithComplexParameters01\",\"definitionVersion\":\"1.*.*\",\"scope\":\"/subscriptions/e5a130f3-57fd-46b6-9c55-03d21a853935\",\"parameters\":{\"namespaces\":{\"value\":[\"namespace1\",\"namespace2\"]},\"warn\":{\"value\":true},\"labelSelector\":{\"value\":{\"matchLabels\":{\"label1\":\"don\u0027t label me\",\"label2\":\"another label\"},\"matchExpressions\":[{\"operator\":\"NotIn\",\"key\":\"thing1\",\"values\":[\"thing2\",\"thing3\",\"thing4\"]},{\"operator\":\"In\",\"key\":\"thing2\",\"values\":[\"thing2\"]}]}},\"excludedContainers\":{\"value\":[]},\"excludedNamespaces\":{\"value\":[\"uh-oh\",\"no-way\"]},\"allowedContainerImagesRegex\":{\"value\":\"regex1\"},\"effect\":{\"value\":\"Audit\"}},\"description\":\"Cloned from built-in DP policy: febd0533-8e55-448f-b837-bd0e06f16469\",\"metadata\":{\"createdOn\":\"2026-01-28T06:58:54.0925731Z\",\"version\":\"9.2.0\",\"category\":\"Kubernetes\",\"createdBy\":\"638d92d9-ae3b-4f1d-be91-382dcc631f82\",\"updatedBy\":null,\"updatedOn\":null},\"enforcementMode\":\"Default\",\"instanceId\":\"3b9a8b7a-a0b0-461f-9283-29e88627ef02\"},\"id\":\"/subscriptions/e5a130f3-57fd-46b6-9c55-03d21a853935/providers/Microsoft.Authorization/policyAssignments/psPolicyDefinitionWithComplexParameters03\",\"type\":\"Microsoft.Authorization/policyAssignments\",\"name\":\"psPolicyDefinitionWithComplexParameters03\",\"systemData\":{\"createdBy\":\"zhaocelina@microsoft.com\",\"createdByType\":\"User\",\"createdAt\":\"2026-01-28T06:58:54.0670948Z\",\"lastModifiedBy\":\"zhaocelina@microsoft.com\",\"lastModifiedByType\":\"User\",\"lastModifiedAt\":\"2026-01-28T06:58:54.0670948Z\"}}",
      "isContentBase64": false
    }
  },
  "PolicyDefinitionWithComplexParameters+[NoContext]+make a policy assignment with complex parameters on the command line+$GET+https://management.azure.com//subscriptions/e5a130f3-57fd-46b6-9c55-03d21a853935/providers/Microsoft.Authorization/policyAssignments/psPolicyDefinitionWithComplexParameters03?api-version=2025-03-01+3": {
    "Request": {
      "Method": "GET",
      "RequestUri": "https://management.azure.com//subscriptions/e5a130f3-57fd-46b6-9c55-03d21a853935/providers/Microsoft.Authorization/policyAssignments/psPolicyDefinitionWithComplexParameters03?api-version=2025-03-01",
      "Content": null,
      "isContentBase64": false,
      "Headers": {
        "x-ms-unique-id": [ "262" ],
        "x-ms-client-request-id": [ "5d087996-1435-4183-b40d-2777a8f5fc4a" ],
        "CommandName": [ "\u0026" ],
        "FullCommandName": [ "Get-AzPolicyAssignment_Get" ],
        "ParameterSetName": [ "__AllParameterSets" ],
        "User-Agent": [ "AzurePowershell/v0.0.0", "PSVersion/v7.5.4", "Az.Policy/9.0.0" ],
        "Authorization": [ "[Filtered]" ]
      },
      "ContentHeaders": {
      }
    },
    "Response": {
      "StatusCode": 200,
      "Headers": {
        "Cache-Control": [ "no-cache" ],
        "Pragma": [ "no-cache" ],
        "Strict-Transport-Security": [ "max-age=31536000; includeSubDomains" ],
        "x-ms-operation-identifier": [ "tenantId=72f988bf-86f1-41af-91ab-2d7cd011db47,objectId=638d92d9-ae3b-4f1d-be91-382dcc631f82/centralus/d91948bf-f441-4fc8-a324-467b5f3e3345" ],
        "x-ms-ratelimit-remaining-subscription-reads": [ "1099" ],
        "x-ms-ratelimit-remaining-subscription-global-reads": [ "16499" ],
        "x-ms-request-id": [ "2f60b397-8499-4436-b07c-4ff16d1db25c" ],
        "x-ms-correlation-request-id": [ "2f60b397-8499-4436-b07c-4ff16d1db25c" ],
        "x-ms-routing-request-id": [ "CENTRALUS:20260128T065854Z:2f60b397-8499-4436-b07c-4ff16d1db25c" ],
        "X-Content-Type-Options": [ "nosniff" ],
        "X-Cache": [ "CONFIG_NOCACHE" ],
        "X-MSEdge-Ref": [ "Ref A: C2366A4173994A89A9D5355C9BE54762 Ref B: MWH011020807054 Ref C: 2026-01-28T06:58:54Z" ],
        "Date": [ "Wed, 28 Jan 2026 06:58:53 GMT" ]
      },
      "ContentHeaders": {
        "Content-Length": [ "1686" ],
        "Content-Type": [ "application/json; charset=utf-8" ],
        "Expires": [ "-1" ]
      },
      "Content": "{\"properties\":{\"displayName\":\"Kubernetes cluster containers should only use allowed images\",\"policyDefinitionId\":\"/subscriptions/e5a130f3-57fd-46b6-9c55-03d21a853935/providers/Microsoft.Authorization/policyDefinitions/psPolicyDefinitionWithComplexParameters01\",\"definitionVersion\":\"1.*.*\",\"scope\":\"/subscriptions/e5a130f3-57fd-46b6-9c55-03d21a853935\",\"parameters\":{\"namespaces\":{\"value\":[\"namespace1\",\"namespace2\"]},\"warn\":{\"value\":true},\"labelSelector\":{\"value\":{\"matchLabels\":{\"label1\":\"don\u0027t label me\",\"label2\":\"another label\"},\"matchExpressions\":[{\"operator\":\"NotIn\",\"key\":\"thing1\",\"values\":[\"thing2\",\"thing3\",\"thing4\"]},{\"operator\":\"In\",\"key\":\"thing2\",\"values\":[\"thing2\"]}]}},\"excludedContainers\":{\"value\":[]},\"excludedNamespaces\":{\"value\":[\"uh-oh\",\"no-way\"]},\"allowedContainerImagesRegex\":{\"value\":\"regex1\"},\"effect\":{\"value\":\"Audit\"}},\"description\":\"Cloned from built-in DP policy: febd0533-8e55-448f-b837-bd0e06f16469\",\"metadata\":{\"createdOn\":\"2026-01-28T06:58:54.0925731Z\",\"version\":\"9.2.0\",\"category\":\"Kubernetes\",\"createdBy\":\"638d92d9-ae3b-4f1d-be91-382dcc631f82\",\"updatedBy\":null,\"updatedOn\":null},\"enforcementMode\":\"Default\",\"instanceId\":\"3b9a8b7a-a0b0-461f-9283-29e88627ef02\"},\"id\":\"/subscriptions/e5a130f3-57fd-46b6-9c55-03d21a853935/providers/Microsoft.Authorization/policyAssignments/psPolicyDefinitionWithComplexParameters03\",\"type\":\"Microsoft.Authorization/policyAssignments\",\"name\":\"psPolicyDefinitionWithComplexParameters03\",\"systemData\":{\"createdBy\":\"zhaocelina@microsoft.com\",\"createdByType\":\"User\",\"createdAt\":\"2026-01-28T06:58:54.0670948Z\",\"lastModifiedBy\":\"zhaocelina@microsoft.com\",\"lastModifiedByType\":\"User\",\"lastModifiedAt\":\"2026-01-28T06:58:54.0670948Z\"}}",
      "isContentBase64": false
    }
  },
  "PolicyDefinitionWithComplexParameters+[NoContext]+make test definition with complex parameters including null value from a file+$PUT+https://management.azure.com/subscriptions/e5a130f3-57fd-46b6-9c55-03d21a853935/providers/Microsoft.Authorization/policyDefinitions/psPolicyDefinitionWithComplexParameters02?api-version=2025-03-01+1": {
    "Request": {
      "Method": "PUT",
      "RequestUri": "https://management.azure.com/subscriptions/e5a130f3-57fd-46b6-9c55-03d21a853935/providers/Microsoft.Authorization/policyDefinitions/psPolicyDefinitionWithComplexParameters02?api-version=2025-03-01",
      "Content": "{\r\n  \"properties\": {\r\n    \"mode\": \"All\",\r\n    \"policyRule\": {\r\n      \"if\": {\r\n        \"allOf\": [\r\n          {\r\n            \"field\": \"type\",\r\n            \"equals\": \"Microsoft.Compute/virtualMachines\"\r\n          },\r\n          {\r\n            \"anyof\": [\r\n              {\r\n                \"field\": \"Microsoft.Compute/virtualMachines/diagnosticsProfile.bootDiagnostics.storageUri\",\r\n                \"exists\": true\r\n              },\r\n              {\r\n                \"field\": \"Microsoft.Compute/virtualMachines/diagnosticsProfile.bootDiagnostics.enabled\",\r\n                \"notEquals\": true\r\n              }\r\n            ]\r\n          }\r\n        ]\r\n      },\r\n      \"then\": {\r\n        \"effect\": \"[parameters(\\u0027effect\\u0027)]\",\r\n        \"details\": {\r\n          \"conflictEffect\": \"audit\",\r\n          \"roleDefinitionIds\": [ \"/providers/Microsoft.Authorization/roleDefinitions/9980e02c-c2be-4d73-94e8-173b1dc7cf3c\" ],\r\n          \"operations\": [\r\n            {\r\n              \"operation\": \"addOrReplace\",\r\n              \"field\": \"Microsoft.Compute/virtualMachines/diagnosticsProfile.bootDiagnostics.storageUri\",\r\n              \"value\": null\r\n            },\r\n            {\r\n              \"operation\": \"addOrReplace\",\r\n              \"field\": \"Microsoft.Compute/virtualMachines/diagnosticsProfile.bootDiagnostics.enabled\",\r\n              \"value\": true\r\n            }\r\n          ]\r\n        }\r\n      }\r\n    },\r\n    \"parameters\": {\r\n      \"effect\": {\r\n        \"type\": \"String\",\r\n        \"metadata\": {\r\n          \"displayName\": \"Effect\",\r\n          \"description\": \"\\u0027Audit\\u0027 allows a non-compliant resource to be created, but flags it as non-compliant. \\u0027Deny\\u0027 blocks the resource creation. \\u0027Disable\\u0027 turns off the policy.\",\r\n          \"portalReview\": true\r\n        },\r\n        \"allowedValues\": [ \"audit\", \"Audit\", \"deny\", \"Deny\", \"disabled\", \"Disabled\" ],\r\n        \"defaultValue\": \"Deny\"\r\n      }\r\n    }\r\n  }\r\n}",
      "isContentBase64": false,
      "Headers": {
      },
      "ContentHeaders": {
        "Content-Type": [ "application/json" ],
        "Content-Length": [ "1922" ]
      }
    },
    "Response": {
      "StatusCode": 201,
      "Headers": {
        "Cache-Control": [ "no-cache" ],
        "Pragma": [ "no-cache" ],
        "Strict-Transport-Security": [ "max-age=31536000; includeSubDomains" ],
        "x-ms-operation-identifier": [ "tenantId=72f988bf-86f1-41af-91ab-2d7cd011db47,objectId=638d92d9-ae3b-4f1d-be91-382dcc631f82/westus2/956f67ec-00b2-41a0-a1ff-c8ee50826af2" ],
        "x-ms-ratelimit-remaining-subscription-writes": [ "799" ],
        "x-ms-ratelimit-remaining-subscription-global-writes": [ "11999" ],
        "x-ms-request-id": [ "7cc7f8a7-a995-42d7-b3eb-8baa9510688d" ],
        "x-ms-correlation-request-id": [ "7cc7f8a7-a995-42d7-b3eb-8baa9510688d" ],
        "x-ms-routing-request-id": [ "WESTUS2:20260128T065855Z:7cc7f8a7-a995-42d7-b3eb-8baa9510688d" ],
        "X-Content-Type-Options": [ "nosniff" ],
        "X-Cache": [ "CONFIG_NOCACHE" ],
        "X-MSEdge-Ref": [ "Ref A: 52D95FD197FC4DD6A1CBB311CE3BEA75 Ref B: MWH011020807054 Ref C: 2026-01-28T06:58:55Z" ],
        "Date": [ "Wed, 28 Jan 2026 06:58:54 GMT" ]
      },
      "ContentHeaders": {
        "Content-Length": [ "1873" ],
        "Content-Type": [ "application/json; charset=utf-8" ],
        "Expires": [ "-1" ]
      },
      "Content": "{\"properties\":{\"policyType\":\"Custom\",\"mode\":\"All\",\"metadata\":{\"createdBy\":\"638d92d9-ae3b-4f1d-be91-382dcc631f82\",\"createdOn\":\"2026-01-28T06:58:55.1762259Z\",\"updatedBy\":null,\"updatedOn\":null},\"version\":\"1.0.0\",\"parameters\":{\"effect\":{\"type\":\"String\",\"metadata\":{\"displayName\":\"Effect\",\"description\":\"\u0027Audit\u0027 allows a non-compliant resource to be created, but flags it as non-compliant. \u0027Deny\u0027 blocks the resource creation. \u0027Disable\u0027 turns off the policy.\",\"portalReview\":true},\"allowedValues\":[\"audit\",\"Audit\",\"deny\",\"Deny\",\"disabled\",\"Disabled\"],\"defaultValue\":\"Deny\"}},\"policyRule\":{\"if\":{\"allOf\":[{\"field\":\"type\",\"equals\":\"Microsoft.Compute/virtualMachines\"},{\"anyof\":[{\"field\":\"Microsoft.Compute/virtualMachines/diagnosticsProfile.bootDiagnostics.storageUri\",\"exists\":true},{\"field\":\"Microsoft.Compute/virtualMachines/diagnosticsProfile.bootDiagnostics.enabled\",\"notEquals\":true}]}]},\"then\":{\"effect\":\"[parameters(\u0027effect\u0027)]\",\"details\":{\"conflictEffect\":\"audit\",\"roleDefinitionIds\":[\"/providers/Microsoft.Authorization/roleDefinitions/9980e02c-c2be-4d73-94e8-173b1dc7cf3c\"],\"operations\":[{\"operation\":\"addOrReplace\",\"field\":\"Microsoft.Compute/virtualMachines/diagnosticsProfile.bootDiagnostics.storageUri\",\"value\":null},{\"operation\":\"addOrReplace\",\"field\":\"Microsoft.Compute/virtualMachines/diagnosticsProfile.bootDiagnostics.enabled\",\"value\":true}]}}},\"versions\":[\"1.0.0\"]},\"id\":\"/subscriptions/e5a130f3-57fd-46b6-9c55-03d21a853935/providers/Microsoft.Authorization/policyDefinitions/psPolicyDefinitionWithComplexParameters02\",\"type\":\"Microsoft.Authorization/policyDefinitions\",\"name\":\"psPolicyDefinitionWithComplexParameters02\",\"systemData\":{\"createdBy\":\"zhaocelina@microsoft.com\",\"createdByType\":\"User\",\"createdAt\":\"2026-01-28T06:58:55.1566519Z\",\"lastModifiedBy\":\"zhaocelina@microsoft.com\",\"lastModifiedByType\":\"User\",\"lastModifiedAt\":\"2026-01-28T06:58:55.1566519Z\"}}",
      "isContentBase64": false
    }
  },
  "PolicyDefinitionWithComplexParameters+[NoContext]+make test definition with complex parameters including null value from a file+$GET+https://management.azure.com/subscriptions/e5a130f3-57fd-46b6-9c55-03d21a853935/providers/Microsoft.Authorization/policyDefinitions/psPolicyDefinitionWithComplexParameters02?api-version=2025-03-01+2": {
    "Request": {
      "Method": "GET",
      "RequestUri": "https://management.azure.com/subscriptions/e5a130f3-57fd-46b6-9c55-03d21a853935/providers/Microsoft.Authorization/policyDefinitions/psPolicyDefinitionWithComplexParameters02?api-version=2025-03-01",
      "Content": null,
      "isContentBase64": false,
      "Headers": {
        "x-ms-unique-id": [ "264" ],
        "x-ms-client-request-id": [ "b6bc0fcf-de59-49aa-8192-d6e593f303c0" ],
        "CommandName": [ "\u0026" ],
        "FullCommandName": [ "Get-AzPolicyDefinition_Get" ],
        "ParameterSetName": [ "__AllParameterSets" ],
        "User-Agent": [ "AzurePowershell/v0.0.0", "PSVersion/v7.5.4", "Az.Policy/9.0.0" ],
        "Authorization": [ "[Filtered]" ]
      },
      "ContentHeaders": {
      }
    },
    "Response": {
      "StatusCode": 200,
      "Headers": {
        "Cache-Control": [ "no-cache" ],
        "Pragma": [ "no-cache" ],
        "Strict-Transport-Security": [ "max-age=31536000; includeSubDomains" ],
        "x-ms-operation-identifier": [ "tenantId=72f988bf-86f1-41af-91ab-2d7cd011db47,objectId=638d92d9-ae3b-4f1d-be91-382dcc631f82/westus/8b1a53a2-f009-4fb8-a0bd-60b2327e10f1" ],
        "x-ms-ratelimit-remaining-subscription-reads": [ "1099" ],
        "x-ms-ratelimit-remaining-subscription-global-reads": [ "16499" ],
        "x-ms-request-id": [ "7cc3de1b-5f13-4643-b836-057136757b47" ],
        "x-ms-correlation-request-id": [ "7cc3de1b-5f13-4643-b836-057136757b47" ],
        "x-ms-routing-request-id": [ "WESTUS:20260128T065855Z:7cc3de1b-5f13-4643-b836-057136757b47" ],
        "X-Content-Type-Options": [ "nosniff" ],
        "X-Cache": [ "CONFIG_NOCACHE" ],
        "X-MSEdge-Ref": [ "Ref A: 16137D6D2A794016ACFC8512C1D1227F Ref B: MWH011020807054 Ref C: 2026-01-28T06:58:55Z" ],
        "Date": [ "Wed, 28 Jan 2026 06:58:54 GMT" ]
      },
      "ContentHeaders": {
        "Content-Length": [ "1873" ],
        "Content-Type": [ "application/json; charset=utf-8" ],
        "Expires": [ "-1" ]
      },
      "Content": "{\"properties\":{\"policyType\":\"Custom\",\"mode\":\"All\",\"metadata\":{\"createdBy\":\"638d92d9-ae3b-4f1d-be91-382dcc631f82\",\"createdOn\":\"2026-01-28T06:58:55.1762259Z\",\"updatedBy\":null,\"updatedOn\":null},\"version\":\"1.0.0\",\"parameters\":{\"effect\":{\"type\":\"String\",\"metadata\":{\"displayName\":\"Effect\",\"description\":\"\u0027Audit\u0027 allows a non-compliant resource to be created, but flags it as non-compliant. \u0027Deny\u0027 blocks the resource creation. \u0027Disable\u0027 turns off the policy.\",\"portalReview\":true},\"allowedValues\":[\"audit\",\"Audit\",\"deny\",\"Deny\",\"disabled\",\"Disabled\"],\"defaultValue\":\"Deny\"}},\"policyRule\":{\"if\":{\"allOf\":[{\"field\":\"type\",\"equals\":\"Microsoft.Compute/virtualMachines\"},{\"anyof\":[{\"field\":\"Microsoft.Compute/virtualMachines/diagnosticsProfile.bootDiagnostics.storageUri\",\"exists\":true},{\"field\":\"Microsoft.Compute/virtualMachines/diagnosticsProfile.bootDiagnostics.enabled\",\"notEquals\":true}]}]},\"then\":{\"effect\":\"[parameters(\u0027effect\u0027)]\",\"details\":{\"conflictEffect\":\"audit\",\"roleDefinitionIds\":[\"/providers/Microsoft.Authorization/roleDefinitions/9980e02c-c2be-4d73-94e8-173b1dc7cf3c\"],\"operations\":[{\"operation\":\"addOrReplace\",\"field\":\"Microsoft.Compute/virtualMachines/diagnosticsProfile.bootDiagnostics.storageUri\",\"value\":null},{\"operation\":\"addOrReplace\",\"field\":\"Microsoft.Compute/virtualMachines/diagnosticsProfile.bootDiagnostics.enabled\",\"value\":true}]}}},\"versions\":[\"1.0.0\"]},\"id\":\"/subscriptions/e5a130f3-57fd-46b6-9c55-03d21a853935/providers/Microsoft.Authorization/policyDefinitions/psPolicyDefinitionWithComplexParameters02\",\"type\":\"Microsoft.Authorization/policyDefinitions\",\"name\":\"psPolicyDefinitionWithComplexParameters02\",\"systemData\":{\"createdBy\":\"zhaocelina@microsoft.com\",\"createdByType\":\"User\",\"createdAt\":\"2026-01-28T06:58:55.1566519Z\",\"lastModifiedBy\":\"zhaocelina@microsoft.com\",\"lastModifiedByType\":\"User\",\"lastModifiedAt\":\"2026-01-28T06:58:55.1566519Z\"}}",
      "isContentBase64": false
    }
  },
  "PolicyDefinitionWithComplexParameters+[NoContext]+[NoScenario]+$DELETE+https://management.azure.com//subscriptions/e5a130f3-57fd-46b6-9c55-03d21a853935/providers/Microsoft.Authorization/policyAssignments/psPolicyDefinitionWithComplexParameters03?api-version=2025-03-01+3": {
    "Request": {
      "Method": "DELETE",
      "RequestUri": "https://management.azure.com//subscriptions/e5a130f3-57fd-46b6-9c55-03d21a853935/providers/Microsoft.Authorization/policyAssignments/psPolicyDefinitionWithComplexParameters03?api-version=2025-03-01",
      "Content": null,
      "isContentBase64": false,
      "Headers": {
        "x-ms-unique-id": [ "265" ],
        "x-ms-client-request-id": [ "ef670173-bde2-4740-9d41-26ecc2ee317c" ],
        "CommandName": [ "\u0026" ],
        "FullCommandName": [ "Remove-AzPolicyAssignment_Delete" ],
        "ParameterSetName": [ "__AllParameterSets" ],
        "User-Agent": [ "AzurePowershell/v0.0.0", "PSVersion/v7.5.4", "Az.Policy/9.0.0" ],
        "Authorization": [ "[Filtered]" ]
      },
      "ContentHeaders": {
      }
    },
    "Response": {
      "StatusCode": 200,
      "Headers": {
        "Cache-Control": [ "no-cache" ],
        "Pragma": [ "no-cache" ],
        "Strict-Transport-Security": [ "max-age=31536000; includeSubDomains" ],
        "x-ms-operation-identifier": [ "tenantId=72f988bf-86f1-41af-91ab-2d7cd011db47,objectId=638d92d9-ae3b-4f1d-be91-382dcc631f82/westus/3221f259-8585-428f-96f5-42381b760af6" ],
        "x-ms-ratelimit-remaining-subscription-deletes": [ "799" ],
        "x-ms-ratelimit-remaining-subscription-global-deletes": [ "11999" ],
        "x-ms-request-id": [ "0742a06d-0d42-4dfe-9337-48a058f741df" ],
        "x-ms-correlation-request-id": [ "0742a06d-0d42-4dfe-9337-48a058f741df" ],
        "x-ms-routing-request-id": [ "WESTUS:20260128T065856Z:0742a06d-0d42-4dfe-9337-48a058f741df" ],
        "X-Content-Type-Options": [ "nosniff" ],
        "X-Cache": [ "CONFIG_NOCACHE" ],
        "X-MSEdge-Ref": [ "Ref A: C52AA832478944D5AF1DCDF5B903D466 Ref B: MWH011020807054 Ref C: 2026-01-28T06:58:55Z" ],
        "Date": [ "Wed, 28 Jan 2026 06:58:55 GMT" ]
      },
      "ContentHeaders": {
        "Content-Length": [ "1686" ],
        "Content-Type": [ "application/json; charset=utf-8" ],
        "Expires": [ "-1" ]
      },
      "Content": "{\"properties\":{\"displayName\":\"Kubernetes cluster containers should only use allowed images\",\"policyDefinitionId\":\"/subscriptions/e5a130f3-57fd-46b6-9c55-03d21a853935/providers/Microsoft.Authorization/policyDefinitions/psPolicyDefinitionWithComplexParameters01\",\"definitionVersion\":\"1.*.*\",\"scope\":\"/subscriptions/e5a130f3-57fd-46b6-9c55-03d21a853935\",\"parameters\":{\"namespaces\":{\"value\":[\"namespace1\",\"namespace2\"]},\"warn\":{\"value\":true},\"labelSelector\":{\"value\":{\"matchLabels\":{\"label1\":\"don\u0027t label me\",\"label2\":\"another label\"},\"matchExpressions\":[{\"operator\":\"NotIn\",\"key\":\"thing1\",\"values\":[\"thing2\",\"thing3\",\"thing4\"]},{\"operator\":\"In\",\"key\":\"thing2\",\"values\":[\"thing2\"]}]}},\"excludedContainers\":{\"value\":[]},\"excludedNamespaces\":{\"value\":[\"uh-oh\",\"no-way\"]},\"allowedContainerImagesRegex\":{\"value\":\"regex1\"},\"effect\":{\"value\":\"Audit\"}},\"description\":\"Cloned from built-in DP policy: febd0533-8e55-448f-b837-bd0e06f16469\",\"metadata\":{\"createdOn\":\"2026-01-28T06:58:54.0925731Z\",\"version\":\"9.2.0\",\"category\":\"Kubernetes\",\"createdBy\":\"638d92d9-ae3b-4f1d-be91-382dcc631f82\",\"updatedBy\":null,\"updatedOn\":null},\"enforcementMode\":\"Default\",\"instanceId\":\"3b9a8b7a-a0b0-461f-9283-29e88627ef02\"},\"id\":\"/subscriptions/e5a130f3-57fd-46b6-9c55-03d21a853935/providers/Microsoft.Authorization/policyAssignments/psPolicyDefinitionWithComplexParameters03\",\"type\":\"Microsoft.Authorization/policyAssignments\",\"name\":\"psPolicyDefinitionWithComplexParameters03\",\"systemData\":{\"createdBy\":\"zhaocelina@microsoft.com\",\"createdByType\":\"User\",\"createdAt\":\"2026-01-28T06:58:54.0670948Z\",\"lastModifiedBy\":\"zhaocelina@microsoft.com\",\"lastModifiedByType\":\"User\",\"lastModifiedAt\":\"2026-01-28T06:58:54.0670948Z\"}}",
      "isContentBase64": false
    }
  },
  "PolicyDefinitionWithComplexParameters+[NoContext]+[NoScenario]+$DELETE+https://management.azure.com/subscriptions/e5a130f3-57fd-46b6-9c55-03d21a853935/providers/Microsoft.Authorization/policyDefinitions/psPolicyDefinitionWithComplexParameters01?api-version=2025-03-01+4": {
    "Request": {
      "Method": "DELETE",
      "RequestUri": "https://management.azure.com/subscriptions/e5a130f3-57fd-46b6-9c55-03d21a853935/providers/Microsoft.Authorization/policyDefinitions/psPolicyDefinitionWithComplexParameters01?api-version=2025-03-01",
      "Content": null,
      "isContentBase64": false,
      "Headers": {
        "x-ms-unique-id": [ "266" ],
        "x-ms-client-request-id": [ "d03257e5-7a8c-4055-b372-5dc4b62252ba" ],
        "CommandName": [ "\u0026" ],
        "FullCommandName": [ "Remove-AzPolicyDefinition_Delete" ],
        "ParameterSetName": [ "__AllParameterSets" ],
        "User-Agent": [ "AzurePowershell/v0.0.0", "PSVersion/v7.5.4", "Az.Policy/9.0.0" ],
        "Authorization": [ "[Filtered]" ]
      },
      "ContentHeaders": {
      }
    },
    "Response": {
      "StatusCode": 200,
      "Headers": {
        "Cache-Control": [ "no-cache" ],
        "Pragma": [ "no-cache" ],
        "Strict-Transport-Security": [ "max-age=31536000; includeSubDomains" ],
        "x-ms-operation-identifier": [ "tenantId=72f988bf-86f1-41af-91ab-2d7cd011db47,objectId=638d92d9-ae3b-4f1d-be91-382dcc631f82/westus/c5961201-3e52-433c-ab10-f08cd46f4e6a" ],
        "x-ms-ratelimit-remaining-subscription-deletes": [ "799" ],
        "x-ms-ratelimit-remaining-subscription-global-deletes": [ "11999" ],
        "x-ms-request-id": [ "7b06d793-af5b-4646-9899-34f3f6ab909e" ],
        "x-ms-correlation-request-id": [ "7b06d793-af5b-4646-9899-34f3f6ab909e" ],
        "x-ms-routing-request-id": [ "WESTUS:20260128T065856Z:7b06d793-af5b-4646-9899-34f3f6ab909e" ],
        "X-Content-Type-Options": [ "nosniff" ],
        "X-Cache": [ "CONFIG_NOCACHE" ],
        "X-MSEdge-Ref": [ "Ref A: 1E46AEC7F9E24EF9934626F73A461C91 Ref B: MWH011020807054 Ref C: 2026-01-28T06:58:56Z" ],
        "Date": [ "Wed, 28 Jan 2026 06:58:56 GMT" ]
      },
      "ContentHeaders": {
        "Content-Length": [ "4964" ],
        "Content-Type": [ "application/json; charset=utf-8" ],
        "Expires": [ "-1" ]
      },
      "Content": "{\"properties\":{\"displayName\":\"Kubernetes cluster containers should only use allowed images\",\"policyType\":\"Custom\",\"mode\":\"Microsoft.Kubernetes.Data\",\"description\":\"Cloned from built-in DP policy: febd0533-8e55-448f-b837-bd0e06f16469\",\"metadata\":{\"version\":\"9.2.0\",\"category\":\"Kubernetes\",\"createdBy\":\"638d92d9-ae3b-4f1d-be91-382dcc631f82\",\"createdOn\":\"2026-01-28T06:58:51.9632412Z\",\"updatedBy\":null,\"updatedOn\":null},\"version\":\"1.0.0\",\"parameters\":{\"warn\":{\"type\":\"Boolean\",\"metadata\":{\"displayName\":\"Warn\",\"description\":\"Whether or not to return warnings back to the user in the kubectl cli\"},\"allowedValues\":[true,false],\"defaultValue\":false},\"effect\":{\"type\":\"String\",\"metadata\":{\"displayName\":\"Effect\",\"description\":\"\u0027Audit\u0027 allows a non-compliant resource to be created, but flags it as non-compliant. \u0027Deny\u0027 blocks the resource creation. \u0027Disable\u0027 turns off the policy.\",\"portalReview\":true},\"allowedValues\":[\"audit\",\"Audit\",\"deny\",\"Deny\",\"disabled\",\"Disabled\"],\"defaultValue\":\"Deny\"},\"excludedNamespaces\":{\"type\":\"Array\",\"metadata\":{\"displayName\":\"Namespace exclusions\",\"description\":\"List of Kubernetes namespaces to exclude from policy evaluation. System namespaces \\\"kube-system\\\", \\\"gatekeeper-system\\\" and \\\"azure-arc\\\" are always excluded by design. \\\"azure-extensions-usage-system\\\" is optional to remove.\"},\"defaultValue\":[\"kube-system\",\"gatekeeper-system\",\"azure-arc\",\"azure-extensions-usage-system\"]},\"namespaces\":{\"type\":\"Array\",\"metadata\":{\"displayName\":\"Namespace inclusions\",\"description\":\"List of Kubernetes namespaces to only include in policy evaluation. An empty list means the policy is applied to all resources in all namespaces.\"},\"defaultValue\":[]},\"labelSelector\":{\"type\":\"Object\",\"metadata\":{\"displayName\":\"Kubernetes label selector\",\"description\":\"Label query to select Kubernetes resources for policy evaluation. An empty label selector matches all Kubernetes resources.\"},\"defaultValue\":{},\"schema\":{\"description\":\"A label selector is a label query over a set of resources. The result of matchLabels and matchExpressions are ANDed. An empty label selector matches all resources.\",\"type\":\"object\",\"properties\":{\"matchLabels\":{\"description\":\"matchLabels is a map of {key,value} pairs.\",\"type\":\"object\",\"additionalProperties\":{\"type\":\"string\"},\"minProperties\":1},\"matchExpressions\":{\"description\":\"matchExpressions is a list of values, a key, and an operator.\",\"type\":\"array\",\"items\":{\"type\":\"object\",\"properties\":{\"key\":{\"description\":\"key is the label key that the selector applies to.\",\"type\":\"string\"},\"operator\":{\"description\":\"operator represents a key\u0027s relationship to a set of values.\",\"type\":\"string\",\"enum\":[\"In\",\"NotIn\",\"Exists\",\"DoesNotExist\"]},\"values\":{\"description\":\"values is an array of string values. If the operator is In or NotIn, the values array must be non-empty. If the operator is Exists or DoesNotExist, the values array must be empty.\",\"type\":\"array\",\"items\":{\"type\":\"string\"}}},\"required\":[\"key\",\"operator\"],\"additionalProperties\":false},\"minItems\":1}},\"additionalProperties\":false}},\"allowedContainerImagesRegex\":{\"type\":\"String\",\"metadata\":{\"displayName\":\"Allowed registry or registries regex\",\"description\":\"The RegEx rule used to match allowed container image field in a Kubernetes cluster. For example, to allow any Azure Container Registry image by matching partial path: ^[^\\\\/]+\\\\.azurecr\\\\.io\\\\/.+$ and for multiple registries: ^([^\\\\/]+\\\\.azurecr\\\\.io|registry\\\\.io)\\\\/.+$\",\"portalReview\":true}},\"excludedContainers\":{\"type\":\"Array\",\"metadata\":{\"displayName\":\"Containers exclusions\",\"description\":\"The list of InitContainers and Containers to exclude from policy evaluation. The identify is the name of container. Use an empty list to apply this policy to all containers in all namespaces.\"},\"defaultValue\":[]}},\"policyRule\":{\"if\":{\"field\":\"type\",\"in\":[\"Microsoft.Kubernetes/connectedClusters\",\"Microsoft.ContainerService/managedClusters\"]},\"then\":{\"effect\":\"[parameters(\u0027effect\u0027)]\",\"details\":{\"warn\":\"[parameters(\u0027warn\u0027)]\",\"templateInfo\":{\"sourceType\":\"PublicURL\",\"url\":\"https://store.policy.core.windows.net/kubernetes/container-allowed-images/v2/template.yaml\"},\"apiGroups\":[\"\"],\"kinds\":[\"Pod\"],\"excludedNamespaces\":\"[parameters(\u0027excludedNamespaces\u0027)]\",\"namespaces\":\"[parameters(\u0027namespaces\u0027)]\",\"labelSelector\":\"[parameters(\u0027labelSelector\u0027)]\",\"values\":{\"imageRegex\":\"[parameters(\u0027allowedContainerImagesRegex\u0027)]\",\"excludedContainers\":\"[parameters(\u0027excludedContainers\u0027)]\"}}}},\"versions\":[\"1.0.0\"]},\"id\":\"/subscriptions/e5a130f3-57fd-46b6-9c55-03d21a853935/providers/Microsoft.Authorization/policyDefinitions/psPolicyDefinitionWithComplexParameters01\",\"type\":\"Microsoft.Authorization/policyDefinitions\",\"name\":\"psPolicyDefinitionWithComplexParameters01\",\"systemData\":{\"createdBy\":\"zhaocelina@microsoft.com\",\"createdByType\":\"User\",\"createdAt\":\"2026-01-28T06:58:51.4536879Z\",\"lastModifiedBy\":\"zhaocelina@microsoft.com\",\"lastModifiedByType\":\"User\",\"lastModifiedAt\":\"2026-01-28T06:58:51.4536879Z\"}}",
      "isContentBase64": false
    }
  },
  "PolicyDefinitionWithComplexParameters+[NoContext]+[NoScenario]+$DELETE+https://management.azure.com/subscriptions/e5a130f3-57fd-46b6-9c55-03d21a853935/providers/Microsoft.Authorization/policyDefinitions/psPolicyDefinitionWithComplexParameters02?api-version=2025-03-01+5": {
    "Request": {
      "Method": "DELETE",
      "RequestUri": "https://management.azure.com/subscriptions/e5a130f3-57fd-46b6-9c55-03d21a853935/providers/Microsoft.Authorization/policyDefinitions/psPolicyDefinitionWithComplexParameters02?api-version=2025-03-01",
      "Content": null,
      "isContentBase64": false,
      "Headers": {
        "x-ms-unique-id": [ "267" ],
        "x-ms-client-request-id": [ "621b0d28-1d8a-4bb5-8b0c-6a451588b34b" ],
        "CommandName": [ "\u0026" ],
        "FullCommandName": [ "Remove-AzPolicyDefinition_Delete" ],
        "ParameterSetName": [ "__AllParameterSets" ],
        "User-Agent": [ "AzurePowershell/v0.0.0", "PSVersion/v7.5.4", "Az.Policy/9.0.0" ],
        "Authorization": [ "[Filtered]" ]
      },
      "ContentHeaders": {
      }
    },
    "Response": {
      "StatusCode": 200,
      "Headers": {
        "Cache-Control": [ "no-cache" ],
        "Pragma": [ "no-cache" ],
        "Strict-Transport-Security": [ "max-age=31536000; includeSubDomains" ],
        "x-ms-operation-identifier": [ "tenantId=72f988bf-86f1-41af-91ab-2d7cd011db47,objectId=638d92d9-ae3b-4f1d-be91-382dcc631f82/centralus/c63f8bcb-ea16-4f4c-9d02-73bd2068a610" ],
        "x-ms-ratelimit-remaining-subscription-deletes": [ "799" ],
        "x-ms-ratelimit-remaining-subscription-global-deletes": [ "11999" ],
        "x-ms-request-id": [ "419b38a7-1ec1-4320-bca3-bd4d9b626b58" ],
        "x-ms-correlation-request-id": [ "419b38a7-1ec1-4320-bca3-bd4d9b626b58" ],
        "x-ms-routing-request-id": [ "CENTRALUS:20260128T065857Z:419b38a7-1ec1-4320-bca3-bd4d9b626b58" ],
        "X-Content-Type-Options": [ "nosniff" ],
        "X-Cache": [ "CONFIG_NOCACHE" ],
        "X-MSEdge-Ref": [ "Ref A: 3C248F8AA83C4609A643682F391A7CE2 Ref B: MWH011020807054 Ref C: 2026-01-28T06:58:57Z" ],
        "Date": [ "Wed, 28 Jan 2026 06:58:56 GMT" ]
      },
      "ContentHeaders": {
        "Content-Length": [ "1873" ],
        "Content-Type": [ "application/json; charset=utf-8" ],
        "Expires": [ "-1" ]
      },
      "Content": "{\"properties\":{\"policyType\":\"Custom\",\"mode\":\"All\",\"metadata\":{\"createdBy\":\"638d92d9-ae3b-4f1d-be91-382dcc631f82\",\"createdOn\":\"2026-01-28T06:58:55.1762259Z\",\"updatedBy\":null,\"updatedOn\":null},\"version\":\"1.0.0\",\"parameters\":{\"effect\":{\"type\":\"String\",\"metadata\":{\"displayName\":\"Effect\",\"description\":\"\u0027Audit\u0027 allows a non-compliant resource to be created, but flags it as non-compliant. \u0027Deny\u0027 blocks the resource creation. \u0027Disable\u0027 turns off the policy.\",\"portalReview\":true},\"allowedValues\":[\"audit\",\"Audit\",\"deny\",\"Deny\",\"disabled\",\"Disabled\"],\"defaultValue\":\"Deny\"}},\"policyRule\":{\"if\":{\"allOf\":[{\"field\":\"type\",\"equals\":\"Microsoft.Compute/virtualMachines\"},{\"anyof\":[{\"field\":\"Microsoft.Compute/virtualMachines/diagnosticsProfile.bootDiagnostics.storageUri\",\"exists\":true},{\"field\":\"Microsoft.Compute/virtualMachines/diagnosticsProfile.bootDiagnostics.enabled\",\"notEquals\":true}]}]},\"then\":{\"effect\":\"[parameters(\u0027effect\u0027)]\",\"details\":{\"conflictEffect\":\"audit\",\"roleDefinitionIds\":[\"/providers/Microsoft.Authorization/roleDefinitions/9980e02c-c2be-4d73-94e8-173b1dc7cf3c\"],\"operations\":[{\"operation\":\"addOrReplace\",\"field\":\"Microsoft.Compute/virtualMachines/diagnosticsProfile.bootDiagnostics.storageUri\",\"value\":null},{\"operation\":\"addOrReplace\",\"field\":\"Microsoft.Compute/virtualMachines/diagnosticsProfile.bootDiagnostics.enabled\",\"value\":true}]}}},\"versions\":[\"1.0.0\"]},\"id\":\"/subscriptions/e5a130f3-57fd-46b6-9c55-03d21a853935/providers/Microsoft.Authorization/policyDefinitions/psPolicyDefinitionWithComplexParameters02\",\"type\":\"Microsoft.Authorization/policyDefinitions\",\"name\":\"psPolicyDefinitionWithComplexParameters02\",\"systemData\":{\"createdBy\":\"zhaocelina@microsoft.com\",\"createdByType\":\"User\",\"createdAt\":\"2026-01-28T06:58:55.1566519Z\",\"lastModifiedBy\":\"zhaocelina@microsoft.com\",\"lastModifiedByType\":\"User\",\"lastModifiedAt\":\"2026-01-28T06:58:55.1566519Z\"}}",
      "isContentBase64": false
    }
  }
}