{
  "PolicyDefinitionWithFullObject+[NoContext]+Make a policy definition using full object from a file+$PUT+https://management.azure.com/subscriptions/edb2c18a-04d6-49e9-bc72-e23852f507ad/providers/Microsoft.Authorization/policyDefinitions/psPolicyDefinitionWithFullObject01?api-version=2023-04-01+1": {
    "Request": {
      "Method": "PUT",
      "RequestUri": "https://management.azure.com/subscriptions/edb2c18a-04d6-49e9-bc72-e23852f507ad/providers/Microsoft.Authorization/policyDefinitions/psPolicyDefinitionWithFullObject01?api-version=2023-04-01",
      "Content": "{\r\n  \"properties\": {\r\n    \"policyType\": \"Custom\",\r\n    \"mode\": \"Indexed\",\r\n    \"displayName\": \"Fake test policy\",\r\n    \"description\": \"Sample fake test policy for unit tests.\",\r\n    \"policyRule\": {\r\n      \"if\": {\r\n        \"not\": {\r\n          \"field\": \"location\",\r\n          \"in\": \"[parameters(\\u0027listOfAllowedLocations\\u0027)]\"\r\n        }\r\n      },\r\n      \"then\": {\r\n        \"effect\": \"[parameters(\\u0027effectParam\\u0027)]\"\r\n      }\r\n    },\r\n    \"metadata\": {\r\n      \"category\": \"Unit Test\",\r\n      \"createdBy\": \"3d826307-2481-45a0-a271-bcf9333f914a\",\r\n      \"createdOn\": \"2019-05-29T00:57:15Z\",\r\n      \"updatedBy\": \"3d826307-2481-45a0-a271-bcf9333f914a\",\r\n      \"updatedOn\": \"2019-06-20T19:08:27Z\"\r\n    },\r\n    \"parameters\": {\r\n      \"listOfAllowedLocations\": {\r\n        \"type\": \"array\",\r\n        \"defaultValue\": [ \"westus\" ],\r\n        \"metadata\": {\r\n          \"description\": \"An array of permitted locations for resources.\",\r\n          \"strongType\": \"location\",\r\n          \"displayName\": \"List of locations\"\r\n        }\r\n      },\r\n      \"effectParam\": {\r\n        \"type\": \"string\",\r\n        \"defaultValue\": \"Deny\",\r\n        \"allowedValues\": [ \"Deny\", \"Disabled\" ],\r\n        \"metadata\": {\r\n          \"description\": \"The effect of the policy\",\r\n          \"displayName\": \"Policy Effect\"\r\n        }\r\n      }\r\n    }\r\n  }\r\n}",
      "isContentBase64": false,
      "Headers": {
      },
      "ContentHeaders": {
        "Content-Type": [ "application/json" ],
        "Content-Length": [ "1322" ]
      }
    },
    "Response": {
      "StatusCode": 201,
      "Headers": {
        "Cache-Control": [ "no-cache" ],
        "Pragma": [ "no-cache" ],
        "Strict-Transport-Security": [ "max-age=31536000; includeSubDomains" ],
        "x-ms-ratelimit-remaining-subscription-writes": [ "1198" ],
        "x-ms-request-id": [ "7930332d-ed25-46c1-baef-3771fd5a574d" ],
        "x-ms-correlation-request-id": [ "7930332d-ed25-46c1-baef-3771fd5a574d" ],
        "x-ms-routing-request-id": [ "WESTUS2:20240402T010619Z:7930332d-ed25-46c1-baef-3771fd5a574d" ],
        "X-Content-Type-Options": [ "nosniff" ],
        "X-Cache": [ "CONFIG_NOCACHE" ],
        "X-MSEdge-Ref": [ "Ref A: 13E297073C7A4BC7A7D932DD4D1EE1A2 Ref B: CO6AA3150220011 Ref C: 2024-04-02T01:06:18Z" ],
        "Date": [ "Tue, 02 Apr 2024 01:06:18 GMT" ]
      },
      "ContentHeaders": {
        "Content-Length": [ "1366" ],
        "Content-Type": [ "application/json; charset=utf-8" ],
        "Expires": [ "-1" ]
      },
      "Content": "{\"properties\":{\"displayName\":\"Fake test policy\",\"policyType\":\"Custom\",\"mode\":\"Indexed\",\"description\":\"Sample fake test policy for unit tests.\",\"metadata\":{\"category\":\"Unit Test\",\"createdBy\":\"3d826307-2481-45a0-a271-bcf9333f914a\",\"createdOn\":\"2024-04-02T01:06:18.7759717Z\",\"updatedBy\":null,\"updatedOn\":null},\"version\":\"1.0.0\",\"parameters\":{\"listOfAllowedLocations\":{\"type\":\"array\",\"metadata\":{\"description\":\"An array of permitted locations for resources.\",\"strongType\":\"location\",\"displayName\":\"List of locations\"},\"defaultValue\":[\"westus\"]},\"effectParam\":{\"type\":\"string\",\"metadata\":{\"description\":\"The effect of the policy\",\"displayName\":\"Policy Effect\"},\"allowedValues\":[\"Deny\",\"Disabled\"],\"defaultValue\":\"Deny\"}},\"policyRule\":{\"if\":{\"not\":{\"field\":\"location\",\"in\":\"[parameters(\u0027listOfAllowedLocations\u0027)]\"}},\"then\":{\"effect\":\"[parameters(\u0027effectParam\u0027)]\"}},\"versions\":[\"1.0.0\"]},\"id\":\"/subscriptions/edb2c18a-04d6-49e9-bc72-e23852f507ad/providers/Microsoft.Authorization/policyDefinitions/psPolicyDefinitionWithFullObject01\",\"type\":\"Microsoft.Authorization/policyDefinitions\",\"name\":\"psPolicyDefinitionWithFullObject01\",\"systemData\":{\"createdBy\":\"cstack@ntdev.microsoft.com\",\"createdByType\":\"User\",\"createdAt\":\"2024-04-02T01:06:18.7536486Z\",\"lastModifiedBy\":\"cstack@ntdev.microsoft.com\",\"lastModifiedByType\":\"User\",\"lastModifiedAt\":\"2024-04-02T01:06:18.7536486Z\"}}",
      "isContentBase64": false
    }
  },
  "PolicyDefinitionWithFullObject+[NoContext]+Make a policy definition using full object from a file+$GET+https://management.azure.com/subscriptions/edb2c18a-04d6-49e9-bc72-e23852f507ad/providers/Microsoft.Authorization/policyDefinitions/psPolicyDefinitionWithFullObject01?api-version=2023-04-01+2": {
    "Request": {
      "Method": "GET",
      "RequestUri": "https://management.azure.com/subscriptions/edb2c18a-04d6-49e9-bc72-e23852f507ad/providers/Microsoft.Authorization/policyDefinitions/psPolicyDefinitionWithFullObject01?api-version=2023-04-01",
      "Content": null,
      "isContentBase64": false,
      "Headers": {
        "x-ms-unique-id": [ "1179" ],
        "x-ms-client-request-id": [ "e4503996-7c2f-4fbe-b003-50bc901be345" ],
        "CommandName": [ "\u0026" ],
        "FullCommandName": [ "Get-AzPolicyDefinition_Get" ],
        "ParameterSetName": [ "__AllParameterSets" ],
        "User-Agent": [ "AzurePowershell/v11.0.0", "PSVersion/v7.4.1", "Az.Policy/0.1.1" ],
        "Authorization": [ "[Filtered]" ]
      },
      "ContentHeaders": {
      }
    },
    "Response": {
      "StatusCode": 200,
      "Headers": {
        "Cache-Control": [ "no-cache" ],
        "Pragma": [ "no-cache" ],
        "Strict-Transport-Security": [ "max-age=31536000; includeSubDomains" ],
        "x-ms-ratelimit-remaining-subscription-reads": [ "11999" ],
        "x-ms-request-id": [ "ba31929d-377b-4829-87bd-3f1098f45d9a" ],
        "x-ms-correlation-request-id": [ "ba31929d-377b-4829-87bd-3f1098f45d9a" ],
        "x-ms-routing-request-id": [ "WESTUS2:20240402T010619Z:ba31929d-377b-4829-87bd-3f1098f45d9a" ],
        "X-Content-Type-Options": [ "nosniff" ],
        "X-Cache": [ "CONFIG_NOCACHE" ],
        "X-MSEdge-Ref": [ "Ref A: E7094B97E3704AAEA34DF95106D2F04D Ref B: CO6AA3150220011 Ref C: 2024-04-02T01:06:19Z" ],
        "Date": [ "Tue, 02 Apr 2024 01:06:18 GMT" ]
      },
      "ContentHeaders": {
        "Content-Length": [ "1366" ],
        "Content-Type": [ "application/json; charset=utf-8" ],
        "Expires": [ "-1" ]
      },
      "Content": "{\"properties\":{\"displayName\":\"Fake test policy\",\"policyType\":\"Custom\",\"mode\":\"Indexed\",\"description\":\"Sample fake test policy for unit tests.\",\"metadata\":{\"category\":\"Unit Test\",\"createdBy\":\"3d826307-2481-45a0-a271-bcf9333f914a\",\"createdOn\":\"2024-04-02T01:06:18.7759717Z\",\"updatedBy\":null,\"updatedOn\":null},\"version\":\"1.0.0\",\"parameters\":{\"listOfAllowedLocations\":{\"type\":\"array\",\"metadata\":{\"description\":\"An array of permitted locations for resources.\",\"strongType\":\"location\",\"displayName\":\"List of locations\"},\"defaultValue\":[\"westus\"]},\"effectParam\":{\"type\":\"string\",\"metadata\":{\"description\":\"The effect of the policy\",\"displayName\":\"Policy Effect\"},\"allowedValues\":[\"Deny\",\"Disabled\"],\"defaultValue\":\"Deny\"}},\"policyRule\":{\"if\":{\"not\":{\"field\":\"location\",\"in\":\"[parameters(\u0027listOfAllowedLocations\u0027)]\"}},\"then\":{\"effect\":\"[parameters(\u0027effectParam\u0027)]\"}},\"versions\":[\"1.0.0\"]},\"id\":\"/subscriptions/edb2c18a-04d6-49e9-bc72-e23852f507ad/providers/Microsoft.Authorization/policyDefinitions/psPolicyDefinitionWithFullObject01\",\"type\":\"Microsoft.Authorization/policyDefinitions\",\"name\":\"psPolicyDefinitionWithFullObject01\",\"systemData\":{\"createdBy\":\"cstack@ntdev.microsoft.com\",\"createdByType\":\"User\",\"createdAt\":\"2024-04-02T01:06:18.7536486Z\",\"lastModifiedBy\":\"cstack@ntdev.microsoft.com\",\"lastModifiedByType\":\"User\",\"lastModifiedAt\":\"2024-04-02T01:06:18.7536486Z\"}}",
      "isContentBase64": false
    }
  },
  "PolicyDefinitionWithFullObject+[NoContext]+Parameters override properties on the full object+$PUT+https://management.azure.com/subscriptions/edb2c18a-04d6-49e9-bc72-e23852f507ad/providers/Microsoft.Authorization/policyDefinitions/psPolicyDefinitionWithFullObject02?api-version=2023-04-01+1": {
    "Request": {
      "Method": "PUT",
      "RequestUri": "https://management.azure.com/subscriptions/edb2c18a-04d6-49e9-bc72-e23852f507ad/providers/Microsoft.Authorization/policyDefinitions/psPolicyDefinitionWithFullObject02?api-version=2023-04-01",
      "Content": "{\r\n  \"properties\": {\r\n    \"policyType\": \"Custom\",\r\n    \"mode\": \"Indexed\",\r\n    \"displayName\": \"testDisplay\",\r\n    \"description\": \"Unit test junk: sorry for littering. Please delete me!\",\r\n    \"policyRule\": {\r\n      \"if\": {\r\n        \"not\": {\r\n          \"field\": \"location\",\r\n          \"in\": \"[parameters(\\u0027listOfAllowedLocations\\u0027)]\"\r\n        }\r\n      },\r\n      \"then\": {\r\n        \"effect\": \"[parameters(\\u0027effectParam\\u0027)]\"\r\n      }\r\n    },\r\n    \"metadata\": {\r\n      \"testName\": \"testValue\"\r\n    },\r\n    \"parameters\": {\r\n      \"listOfAllowedLocations\": {\r\n        \"type\": \"array\",\r\n        \"metadata\": {\r\n          \"description\": \"An array of permitted locations for resources.\",\r\n          \"strongType\": \"location\",\r\n          \"displayName\": \"List of locations\"\r\n        }\r\n      },\r\n      \"effectParam\": {\r\n        \"type\": \"string\",\r\n        \"defaultValue\": \"Deny\",\r\n        \"allowedValues\": [ \"Deny\", \"Disabled\" ],\r\n        \"metadata\": {\r\n          \"description\": \"The effect of the policy\",\r\n          \"displayName\": \"Policy Effect\"\r\n        }\r\n      }\r\n    }\r\n  }\r\n}",
      "isContentBase64": false,
      "Headers": {
      },
      "ContentHeaders": {
        "Content-Type": [ "application/json" ],
        "Content-Length": [ "1085" ]
      }
    },
    "Response": {
      "StatusCode": 201,
      "Headers": {
        "Cache-Control": [ "no-cache" ],
        "Pragma": [ "no-cache" ],
        "Strict-Transport-Security": [ "max-age=31536000; includeSubDomains" ],
        "x-ms-ratelimit-remaining-subscription-writes": [ "1197" ],
        "x-ms-request-id": [ "e3225f55-7c02-4ef0-a7c3-37894153a38f" ],
        "x-ms-correlation-request-id": [ "e3225f55-7c02-4ef0-a7c3-37894153a38f" ],
        "x-ms-routing-request-id": [ "WESTUS2:20240402T010619Z:e3225f55-7c02-4ef0-a7c3-37894153a38f" ],
        "X-Content-Type-Options": [ "nosniff" ],
        "X-Cache": [ "CONFIG_NOCACHE" ],
        "X-MSEdge-Ref": [ "Ref A: 7AA0B8805C4C4325A082616D0C78A37E Ref B: CO6AA3150220011 Ref C: 2024-04-02T01:06:19Z" ],
        "Date": [ "Tue, 02 Apr 2024 01:06:19 GMT" ]
      },
      "ContentHeaders": {
        "Content-Length": [ "1350" ],
        "Content-Type": [ "application/json; charset=utf-8" ],
        "Expires": [ "-1" ]
      },
      "Content": "{\"properties\":{\"displayName\":\"testDisplay\",\"policyType\":\"Custom\",\"mode\":\"Indexed\",\"description\":\"Unit test junk: sorry for littering. Please delete me!\",\"metadata\":{\"testName\":\"testValue\",\"createdBy\":\"3d826307-2481-45a0-a271-bcf9333f914a\",\"createdOn\":\"2024-04-02T01:06:19.5042881Z\",\"updatedBy\":null,\"updatedOn\":null},\"version\":\"1.0.0\",\"parameters\":{\"listOfAllowedLocations\":{\"type\":\"array\",\"metadata\":{\"description\":\"An array of permitted locations for resources.\",\"strongType\":\"location\",\"displayName\":\"List of locations\"}},\"effectParam\":{\"type\":\"string\",\"metadata\":{\"description\":\"The effect of the policy\",\"displayName\":\"Policy Effect\"},\"allowedValues\":[\"Deny\",\"Disabled\"],\"defaultValue\":\"Deny\"}},\"policyRule\":{\"if\":{\"not\":{\"field\":\"location\",\"in\":\"[parameters(\u0027listOfAllowedLocations\u0027)]\"}},\"then\":{\"effect\":\"[parameters(\u0027effectParam\u0027)]\"}},\"versions\":[\"1.0.0\"]},\"id\":\"/subscriptions/edb2c18a-04d6-49e9-bc72-e23852f507ad/providers/Microsoft.Authorization/policyDefinitions/psPolicyDefinitionWithFullObject02\",\"type\":\"Microsoft.Authorization/policyDefinitions\",\"name\":\"psPolicyDefinitionWithFullObject02\",\"systemData\":{\"createdBy\":\"cstack@ntdev.microsoft.com\",\"createdByType\":\"User\",\"createdAt\":\"2024-04-02T01:06:19.4147878Z\",\"lastModifiedBy\":\"cstack@ntdev.microsoft.com\",\"lastModifiedByType\":\"User\",\"lastModifiedAt\":\"2024-04-02T01:06:19.4147878Z\"}}",
      "isContentBase64": false
    }
  },
  "PolicyDefinitionWithFullObject+[NoContext]+Parameters override properties on the full object+$GET+https://management.azure.com/subscriptions/edb2c18a-04d6-49e9-bc72-e23852f507ad/providers/Microsoft.Authorization/policyDefinitions/psPolicyDefinitionWithFullObject02?api-version=2023-04-01+2": {
    "Request": {
      "Method": "GET",
      "RequestUri": "https://management.azure.com/subscriptions/edb2c18a-04d6-49e9-bc72-e23852f507ad/providers/Microsoft.Authorization/policyDefinitions/psPolicyDefinitionWithFullObject02?api-version=2023-04-01",
      "Content": null,
      "isContentBase64": false,
      "Headers": {
        "x-ms-unique-id": [ "1181" ],
        "x-ms-client-request-id": [ "32c13335-7baf-4a99-ac15-267b9cf41c2e" ],
        "CommandName": [ "\u0026" ],
        "FullCommandName": [ "Get-AzPolicyDefinition_Get" ],
        "ParameterSetName": [ "__AllParameterSets" ],
        "User-Agent": [ "AzurePowershell/v11.0.0", "PSVersion/v7.4.1", "Az.Policy/0.1.1" ],
        "Authorization": [ "[Filtered]" ]
      },
      "ContentHeaders": {
      }
    },
    "Response": {
      "StatusCode": 200,
      "Headers": {
        "Cache-Control": [ "no-cache" ],
        "Pragma": [ "no-cache" ],
        "Strict-Transport-Security": [ "max-age=31536000; includeSubDomains" ],
        "x-ms-ratelimit-remaining-subscription-reads": [ "11997" ],
        "x-ms-request-id": [ "3c118294-54f1-4d65-9de0-7bfcfdfbbb3f" ],
        "x-ms-correlation-request-id": [ "3c118294-54f1-4d65-9de0-7bfcfdfbbb3f" ],
        "x-ms-routing-request-id": [ "WESTUS2:20240402T010619Z:3c118294-54f1-4d65-9de0-7bfcfdfbbb3f" ],
        "X-Content-Type-Options": [ "nosniff" ],
        "X-Cache": [ "CONFIG_NOCACHE" ],
        "X-MSEdge-Ref": [ "Ref A: DB1CEB5A63A648DEAEAD46095016D448 Ref B: CO6AA3150220011 Ref C: 2024-04-02T01:06:19Z" ],
        "Date": [ "Tue, 02 Apr 2024 01:06:19 GMT" ]
      },
      "ContentHeaders": {
        "Content-Length": [ "1350" ],
        "Content-Type": [ "application/json; charset=utf-8" ],
        "Expires": [ "-1" ]
      },
      "Content": "{\"properties\":{\"displayName\":\"testDisplay\",\"policyType\":\"Custom\",\"mode\":\"Indexed\",\"description\":\"Unit test junk: sorry for littering. Please delete me!\",\"metadata\":{\"testName\":\"testValue\",\"createdBy\":\"3d826307-2481-45a0-a271-bcf9333f914a\",\"createdOn\":\"2024-04-02T01:06:19.5042881Z\",\"updatedBy\":null,\"updatedOn\":null},\"version\":\"1.0.0\",\"parameters\":{\"listOfAllowedLocations\":{\"type\":\"array\",\"metadata\":{\"description\":\"An array of permitted locations for resources.\",\"strongType\":\"location\",\"displayName\":\"List of locations\"}},\"effectParam\":{\"type\":\"string\",\"metadata\":{\"description\":\"The effect of the policy\",\"displayName\":\"Policy Effect\"},\"allowedValues\":[\"Deny\",\"Disabled\"],\"defaultValue\":\"Deny\"}},\"policyRule\":{\"if\":{\"not\":{\"field\":\"location\",\"in\":\"[parameters(\u0027listOfAllowedLocations\u0027)]\"}},\"then\":{\"effect\":\"[parameters(\u0027effectParam\u0027)]\"}},\"versions\":[\"1.0.0\"]},\"id\":\"/subscriptions/edb2c18a-04d6-49e9-bc72-e23852f507ad/providers/Microsoft.Authorization/policyDefinitions/psPolicyDefinitionWithFullObject02\",\"type\":\"Microsoft.Authorization/policyDefinitions\",\"name\":\"psPolicyDefinitionWithFullObject02\",\"systemData\":{\"createdBy\":\"cstack@ntdev.microsoft.com\",\"createdByType\":\"User\",\"createdAt\":\"2024-04-02T01:06:19.4147878Z\",\"lastModifiedBy\":\"cstack@ntdev.microsoft.com\",\"lastModifiedByType\":\"User\",\"lastModifiedAt\":\"2024-04-02T01:06:19.4147878Z\"}}",
      "isContentBase64": false
    }
  },
  "PolicyDefinitionWithFullObject+[NoContext]+Update policy definition using full object from a file+$PUT+https://management.azure.com/subscriptions/edb2c18a-04d6-49e9-bc72-e23852f507ad/providers/Microsoft.Authorization/policyDefinitions/psPolicyDefinitionWithFullObject03?api-version=2023-04-01+1": {
    "Request": {
      "Method": "PUT",
      "RequestUri": "https://management.azure.com/subscriptions/edb2c18a-04d6-49e9-bc72-e23852f507ad/providers/Microsoft.Authorization/policyDefinitions/psPolicyDefinitionWithFullObject03?api-version=2023-04-01",
      "Content": "{\r\n  \"properties\": {\r\n    \"mode\": \"All\",\r\n    \"policyRule\": {\r\n      \"if\": {\r\n        \"source\": \"action\",\r\n        \"equals\": \"Microsoft.Resources/Subscriptions/ResourceGroups/write\"\r\n      },\r\n      \"then\": {\r\n        \"effect\": \"deny\"\r\n      }\r\n    }\r\n  }\r\n}",
      "isContentBase64": false,
      "Headers": {
      },
      "ContentHeaders": {
        "Content-Type": [ "application/json" ],
        "Content-Length": [ "258" ]
      }
    },
    "Response": {
      "StatusCode": 201,
      "Headers": {
        "Cache-Control": [ "no-cache" ],
        "Pragma": [ "no-cache" ],
        "Strict-Transport-Security": [ "max-age=31536000; includeSubDomains" ],
        "x-ms-ratelimit-remaining-subscription-writes": [ "1199" ],
        "x-ms-request-id": [ "5ef1604a-3f0f-4db4-9fe6-27b63807cc26" ],
        "x-ms-correlation-request-id": [ "5ef1604a-3f0f-4db4-9fe6-27b63807cc26" ],
        "x-ms-routing-request-id": [ "WESTUS2:20240402T010620Z:5ef1604a-3f0f-4db4-9fe6-27b63807cc26" ],
        "X-Content-Type-Options": [ "nosniff" ],
        "X-Cache": [ "CONFIG_NOCACHE" ],
        "X-MSEdge-Ref": [ "Ref A: 5DD9982FB13C4101BA2C31D922A85E54 Ref B: CO6AA3150220011 Ref C: 2024-04-02T01:06:19Z" ],
        "Date": [ "Tue, 02 Apr 2024 01:06:20 GMT" ]
      },
      "ContentHeaders": {
        "Content-Length": [ "847" ],
        "Content-Type": [ "application/json; charset=utf-8" ],
        "Expires": [ "-1" ]
      },
      "Content": "{\"properties\":{\"policyType\":\"Custom\",\"mode\":\"All\",\"metadata\":{\"createdBy\":\"3d826307-2481-45a0-a271-bcf9333f914a\",\"createdOn\":\"2024-04-02T01:06:20.1168233Z\",\"updatedBy\":null,\"updatedOn\":null},\"version\":\"1.0.0\",\"policyRule\":{\"if\":{\"source\":\"action\",\"equals\":\"Microsoft.Resources/Subscriptions/ResourceGroups/write\"},\"then\":{\"effect\":\"deny\"}},\"versions\":[\"1.0.0\"]},\"id\":\"/subscriptions/edb2c18a-04d6-49e9-bc72-e23852f507ad/providers/Microsoft.Authorization/policyDefinitions/psPolicyDefinitionWithFullObject03\",\"type\":\"Microsoft.Authorization/policyDefinitions\",\"name\":\"psPolicyDefinitionWithFullObject03\",\"systemData\":{\"createdBy\":\"cstack@ntdev.microsoft.com\",\"createdByType\":\"User\",\"createdAt\":\"2024-04-02T01:06:20.0973792Z\",\"lastModifiedBy\":\"cstack@ntdev.microsoft.com\",\"lastModifiedByType\":\"User\",\"lastModifiedAt\":\"2024-04-02T01:06:20.0973792Z\"}}",
      "isContentBase64": false
    }
  },
  "PolicyDefinitionWithFullObject+[NoContext]+Update policy definition using full object from a file+$GET+https://management.azure.com/subscriptions/edb2c18a-04d6-49e9-bc72-e23852f507ad/providers/Microsoft.Authorization/policyDefinitions/psPolicyDefinitionWithFullObject03?api-version=2023-04-01+2": {
    "Request": {
      "Method": "GET",
      "RequestUri": "https://management.azure.com/subscriptions/edb2c18a-04d6-49e9-bc72-e23852f507ad/providers/Microsoft.Authorization/policyDefinitions/psPolicyDefinitionWithFullObject03?api-version=2023-04-01",
      "Content": null,
      "isContentBase64": false,
      "Headers": {
        "x-ms-unique-id": [ "1183" ],
        "x-ms-client-request-id": [ "6adabb6c-68c5-4ce9-a442-bcb87d5fc972" ],
        "CommandName": [ "\u0026" ],
        "FullCommandName": [ "Get-AzPolicyDefinition_Get" ],
        "ParameterSetName": [ "__AllParameterSets" ],
        "User-Agent": [ "AzurePowershell/v11.0.0", "PSVersion/v7.4.1", "Az.Policy/0.1.1" ],
        "Authorization": [ "[Filtered]" ]
      },
      "ContentHeaders": {
      }
    },
    "Response": {
      "StatusCode": 200,
      "Headers": {
        "Cache-Control": [ "no-cache" ],
        "Pragma": [ "no-cache" ],
        "Strict-Transport-Security": [ "max-age=31536000; includeSubDomains" ],
        "x-ms-ratelimit-remaining-subscription-reads": [ "11997" ],
        "x-ms-request-id": [ "5542e36b-b221-4b7d-8b9d-a06fc71c7538" ],
        "x-ms-correlation-request-id": [ "5542e36b-b221-4b7d-8b9d-a06fc71c7538" ],
        "x-ms-routing-request-id": [ "WESTUS2:20240402T010620Z:5542e36b-b221-4b7d-8b9d-a06fc71c7538" ],
        "X-Content-Type-Options": [ "nosniff" ],
        "X-Cache": [ "CONFIG_NOCACHE" ],
        "X-MSEdge-Ref": [ "Ref A: 853033374FFD48CFBE1CC87791B658E5 Ref B: CO6AA3150220011 Ref C: 2024-04-02T01:06:20Z" ],
        "Date": [ "Tue, 02 Apr 2024 01:06:20 GMT" ]
      },
      "ContentHeaders": {
        "Content-Length": [ "847" ],
        "Content-Type": [ "application/json; charset=utf-8" ],
        "Expires": [ "-1" ]
      },
      "Content": "{\"properties\":{\"policyType\":\"Custom\",\"mode\":\"All\",\"metadata\":{\"createdBy\":\"3d826307-2481-45a0-a271-bcf9333f914a\",\"createdOn\":\"2024-04-02T01:06:20.1168233Z\",\"updatedBy\":null,\"updatedOn\":null},\"version\":\"1.0.0\",\"policyRule\":{\"if\":{\"source\":\"action\",\"equals\":\"Microsoft.Resources/Subscriptions/ResourceGroups/write\"},\"then\":{\"effect\":\"deny\"}},\"versions\":[\"1.0.0\"]},\"id\":\"/subscriptions/edb2c18a-04d6-49e9-bc72-e23852f507ad/providers/Microsoft.Authorization/policyDefinitions/psPolicyDefinitionWithFullObject03\",\"type\":\"Microsoft.Authorization/policyDefinitions\",\"name\":\"psPolicyDefinitionWithFullObject03\",\"systemData\":{\"createdBy\":\"cstack@ntdev.microsoft.com\",\"createdByType\":\"User\",\"createdAt\":\"2024-04-02T01:06:20.0973792Z\",\"lastModifiedBy\":\"cstack@ntdev.microsoft.com\",\"lastModifiedByType\":\"User\",\"lastModifiedAt\":\"2024-04-02T01:06:20.0973792Z\"}}",
      "isContentBase64": false
    }
  },
  "PolicyDefinitionWithFullObject+[NoContext]+Update policy definition using full object from a file+$PUT+https://management.azure.com/subscriptions/edb2c18a-04d6-49e9-bc72-e23852f507ad/providers/Microsoft.Authorization/policyDefinitions/psPolicyDefinitionWithFullObject03?api-version=2023-04-01+3": {
    "Request": {
      "Method": "PUT",
      "RequestUri": "https://management.azure.com/subscriptions/edb2c18a-04d6-49e9-bc72-e23852f507ad/providers/Microsoft.Authorization/policyDefinitions/psPolicyDefinitionWithFullObject03?api-version=2023-04-01",
      "Content": "{\r\n  \"properties\": {\r\n    \"mode\": \"Indexed\",\r\n    \"displayName\": \"Fake test policy\",\r\n    \"description\": \"Sample fake test policy for unit tests.\",\r\n    \"policyRule\": {\r\n      \"if\": {\r\n        \"not\": {\r\n          \"field\": \"location\",\r\n          \"in\": \"[parameters(\\u0027listOfAllowedLocations\\u0027)]\"\r\n        }\r\n      },\r\n      \"then\": {\r\n        \"effect\": \"[parameters(\\u0027effectParam\\u0027)]\"\r\n      }\r\n    },\r\n    \"metadata\": {\r\n      \"category\": \"Unit Test\",\r\n      \"createdBy\": \"3d826307-2481-45a0-a271-bcf9333f914a\",\r\n      \"createdOn\": \"2019-05-29T00:57:15Z\",\r\n      \"updatedBy\": \"3d826307-2481-45a0-a271-bcf9333f914a\",\r\n      \"updatedOn\": \"2019-06-20T19:08:27Z\"\r\n    },\r\n    \"parameters\": {\r\n      \"listOfAllowedLocations\": {\r\n        \"type\": \"array\",\r\n        \"defaultValue\": [ \"westus\" ],\r\n        \"metadata\": {\r\n          \"description\": \"An array of permitted locations for resources.\",\r\n          \"strongType\": \"location\",\r\n          \"displayName\": \"List of locations\"\r\n        }\r\n      },\r\n      \"effectParam\": {\r\n        \"type\": \"string\",\r\n        \"defaultValue\": \"Deny\",\r\n        \"allowedValues\": [ \"Deny\", \"Disabled\" ],\r\n        \"metadata\": {\r\n          \"description\": \"The effect of the policy\",\r\n          \"displayName\": \"Policy Effect\"\r\n        }\r\n      }\r\n    }\r\n  }\r\n}",
      "isContentBase64": false,
      "Headers": {
      },
      "ContentHeaders": {
        "Content-Type": [ "application/json" ],
        "Content-Length": [ "1293" ]
      }
    },
    "Response": {
      "StatusCode": 201,
      "Headers": {
        "Cache-Control": [ "no-cache" ],
        "Pragma": [ "no-cache" ],
        "Strict-Transport-Security": [ "max-age=31536000; includeSubDomains" ],
        "x-ms-ratelimit-remaining-subscription-writes": [ "1198" ],
        "x-ms-request-id": [ "5298db89-efb7-41de-9eaa-0baae346adc2" ],
        "x-ms-correlation-request-id": [ "5298db89-efb7-41de-9eaa-0baae346adc2" ],
        "x-ms-routing-request-id": [ "WESTUS2:20240402T010620Z:5298db89-efb7-41de-9eaa-0baae346adc2" ],
        "X-Content-Type-Options": [ "nosniff" ],
        "X-Cache": [ "CONFIG_NOCACHE" ],
        "X-MSEdge-Ref": [ "Ref A: D2BA8D1086834D1A811E7341AEA77674 Ref B: CO6AA3150220011 Ref C: 2024-04-02T01:06:20Z" ],
        "Date": [ "Tue, 02 Apr 2024 01:06:20 GMT" ]
      },
      "ContentHeaders": {
        "Content-Length": [ "1426" ],
        "Content-Type": [ "application/json; charset=utf-8" ],
        "Expires": [ "-1" ]
      },
      "Content": "{\"properties\":{\"displayName\":\"Fake test policy\",\"policyType\":\"Custom\",\"mode\":\"Indexed\",\"description\":\"Sample fake test policy for unit tests.\",\"metadata\":{\"category\":\"Unit Test\",\"createdBy\":\"3d826307-2481-45a0-a271-bcf9333f914a\",\"createdOn\":\"2024-04-02T01:06:20.1168233Z\",\"updatedBy\":\"3d826307-2481-45a0-a271-bcf9333f914a\",\"updatedOn\":\"2024-04-02T01:06:20.6020345Z\"},\"version\":\"1.0.0\",\"parameters\":{\"listOfAllowedLocations\":{\"type\":\"array\",\"metadata\":{\"description\":\"An array of permitted locations for resources.\",\"strongType\":\"location\",\"displayName\":\"List of locations\"},\"defaultValue\":[\"westus\"]},\"effectParam\":{\"type\":\"string\",\"metadata\":{\"description\":\"The effect of the policy\",\"displayName\":\"Policy Effect\"},\"allowedValues\":[\"Deny\",\"Disabled\"],\"defaultValue\":\"Deny\"}},\"policyRule\":{\"if\":{\"not\":{\"field\":\"location\",\"in\":\"[parameters(\u0027listOfAllowedLocations\u0027)]\"}},\"then\":{\"effect\":\"[parameters(\u0027effectParam\u0027)]\"}},\"versions\":[\"1.0.0\"]},\"id\":\"/subscriptions/edb2c18a-04d6-49e9-bc72-e23852f507ad/providers/Microsoft.Authorization/policyDefinitions/psPolicyDefinitionWithFullObject03\",\"type\":\"Microsoft.Authorization/policyDefinitions\",\"name\":\"psPolicyDefinitionWithFullObject03\",\"systemData\":{\"createdBy\":\"cstack@ntdev.microsoft.com\",\"createdByType\":\"User\",\"createdAt\":\"2024-04-02T01:06:20.0973792Z\",\"lastModifiedBy\":\"cstack@ntdev.microsoft.com\",\"lastModifiedByType\":\"User\",\"lastModifiedAt\":\"2024-04-02T01:06:20.5588624Z\"}}",
      "isContentBase64": false
    }
  },
  "PolicyDefinitionWithFullObject+[NoContext]+Update policy definition using full object from a file+$GET+https://management.azure.com/subscriptions/edb2c18a-04d6-49e9-bc72-e23852f507ad/providers/Microsoft.Authorization/policyDefinitions/psPolicyDefinitionWithFullObject03?api-version=2023-04-01+4": {
    "Request": {
      "Method": "GET",
      "RequestUri": "https://management.azure.com/subscriptions/edb2c18a-04d6-49e9-bc72-e23852f507ad/providers/Microsoft.Authorization/policyDefinitions/psPolicyDefinitionWithFullObject03?api-version=2023-04-01",
      "Content": null,
      "isContentBase64": false,
      "Headers": {
        "x-ms-unique-id": [ "1185" ],
        "x-ms-client-request-id": [ "7a429e67-1e49-4790-8c0d-2f073bfd820b" ],
        "CommandName": [ "\u0026" ],
        "FullCommandName": [ "Get-AzPolicyDefinition_Get" ],
        "ParameterSetName": [ "__AllParameterSets" ],
        "User-Agent": [ "AzurePowershell/v11.0.0", "PSVersion/v7.4.1", "Az.Policy/0.1.1" ],
        "Authorization": [ "[Filtered]" ]
      },
      "ContentHeaders": {
      }
    },
    "Response": {
      "StatusCode": 200,
      "Headers": {
        "Cache-Control": [ "no-cache" ],
        "Pragma": [ "no-cache" ],
        "Strict-Transport-Security": [ "max-age=31536000; includeSubDomains" ],
        "x-ms-ratelimit-remaining-subscription-reads": [ "11999" ],
        "x-ms-request-id": [ "1553600a-67f5-45b4-bd0f-8d4110221aa2" ],
        "x-ms-correlation-request-id": [ "1553600a-67f5-45b4-bd0f-8d4110221aa2" ],
        "x-ms-routing-request-id": [ "WESTUS2:20240402T010621Z:1553600a-67f5-45b4-bd0f-8d4110221aa2" ],
        "X-Content-Type-Options": [ "nosniff" ],
        "X-Cache": [ "CONFIG_NOCACHE" ],
        "X-MSEdge-Ref": [ "Ref A: DA251AC671F9413B8E3E44D05F1EF4C4 Ref B: CO6AA3150220011 Ref C: 2024-04-02T01:06:20Z" ],
        "Date": [ "Tue, 02 Apr 2024 01:06:20 GMT" ]
      },
      "ContentHeaders": {
        "Content-Length": [ "1426" ],
        "Content-Type": [ "application/json; charset=utf-8" ],
        "Expires": [ "-1" ]
      },
      "Content": "{\"properties\":{\"displayName\":\"Fake test policy\",\"policyType\":\"Custom\",\"mode\":\"Indexed\",\"description\":\"Sample fake test policy for unit tests.\",\"metadata\":{\"category\":\"Unit Test\",\"createdBy\":\"3d826307-2481-45a0-a271-bcf9333f914a\",\"createdOn\":\"2024-04-02T01:06:20.1168233Z\",\"updatedBy\":\"3d826307-2481-45a0-a271-bcf9333f914a\",\"updatedOn\":\"2024-04-02T01:06:20.6020345Z\"},\"version\":\"1.0.0\",\"parameters\":{\"listOfAllowedLocations\":{\"type\":\"array\",\"metadata\":{\"description\":\"An array of permitted locations for resources.\",\"strongType\":\"location\",\"displayName\":\"List of locations\"},\"defaultValue\":[\"westus\"]},\"effectParam\":{\"type\":\"string\",\"metadata\":{\"description\":\"The effect of the policy\",\"displayName\":\"Policy Effect\"},\"allowedValues\":[\"Deny\",\"Disabled\"],\"defaultValue\":\"Deny\"}},\"policyRule\":{\"if\":{\"not\":{\"field\":\"location\",\"in\":\"[parameters(\u0027listOfAllowedLocations\u0027)]\"}},\"then\":{\"effect\":\"[parameters(\u0027effectParam\u0027)]\"}},\"versions\":[\"1.0.0\"]},\"id\":\"/subscriptions/edb2c18a-04d6-49e9-bc72-e23852f507ad/providers/Microsoft.Authorization/policyDefinitions/psPolicyDefinitionWithFullObject03\",\"type\":\"Microsoft.Authorization/policyDefinitions\",\"name\":\"psPolicyDefinitionWithFullObject03\",\"systemData\":{\"createdBy\":\"cstack@ntdev.microsoft.com\",\"createdByType\":\"User\",\"createdAt\":\"2024-04-02T01:06:20.0973792Z\",\"lastModifiedBy\":\"cstack@ntdev.microsoft.com\",\"lastModifiedByType\":\"User\",\"lastModifiedAt\":\"2024-04-02T01:06:20.5588624Z\"}}",
      "isContentBase64": false
    }
  },
  "PolicyDefinitionWithFullObject+[NoContext]+[NoScenario]+$DELETE+https://management.azure.com/subscriptions/edb2c18a-04d6-49e9-bc72-e23852f507ad/providers/Microsoft.Authorization/policyDefinitions/psPolicyDefinitionWithFullObject01?api-version=2023-04-01+5": {
    "Request": {
      "Method": "DELETE",
      "RequestUri": "https://management.azure.com/subscriptions/edb2c18a-04d6-49e9-bc72-e23852f507ad/providers/Microsoft.Authorization/policyDefinitions/psPolicyDefinitionWithFullObject01?api-version=2023-04-01",
      "Content": null,
      "isContentBase64": false,
      "Headers": {
        "x-ms-unique-id": [ "1186" ],
        "x-ms-client-request-id": [ "966519be-2eb9-4efc-a1b9-e1a6413aa341" ],
        "CommandName": [ "\u0026" ],
        "FullCommandName": [ "Remove-AzPolicyDefinition_Delete" ],
        "ParameterSetName": [ "__AllParameterSets" ],
        "User-Agent": [ "AzurePowershell/v11.0.0", "PSVersion/v7.4.1", "Az.Policy/0.1.1" ],
        "Authorization": [ "[Filtered]" ]
      },
      "ContentHeaders": {
      }
    },
    "Response": {
      "StatusCode": 200,
      "Headers": {
        "Cache-Control": [ "no-cache" ],
        "Pragma": [ "no-cache" ],
        "Strict-Transport-Security": [ "max-age=31536000; includeSubDomains" ],
        "x-ms-ratelimit-remaining-subscription-deletes": [ "14998" ],
        "x-ms-request-id": [ "a3870dec-1300-434d-97b6-b4113247adda" ],
        "x-ms-correlation-request-id": [ "a3870dec-1300-434d-97b6-b4113247adda" ],
        "x-ms-routing-request-id": [ "WESTUS2:20240402T010621Z:a3870dec-1300-434d-97b6-b4113247adda" ],
        "X-Content-Type-Options": [ "nosniff" ],
        "X-Cache": [ "CONFIG_NOCACHE" ],
        "X-MSEdge-Ref": [ "Ref A: FF6F2CB287484C27B4AAB8E6CEB8E752 Ref B: CO6AA3150220011 Ref C: 2024-04-02T01:06:21Z" ],
        "Date": [ "Tue, 02 Apr 2024 01:06:21 GMT" ]
      },
      "ContentHeaders": {
        "Content-Length": [ "1366" ],
        "Content-Type": [ "application/json; charset=utf-8" ],
        "Expires": [ "-1" ]
      },
      "Content": "{\"properties\":{\"displayName\":\"Fake test policy\",\"policyType\":\"Custom\",\"mode\":\"Indexed\",\"description\":\"Sample fake test policy for unit tests.\",\"metadata\":{\"category\":\"Unit Test\",\"createdBy\":\"3d826307-2481-45a0-a271-bcf9333f914a\",\"createdOn\":\"2024-04-02T01:06:18.7759717Z\",\"updatedBy\":null,\"updatedOn\":null},\"version\":\"1.0.0\",\"parameters\":{\"listOfAllowedLocations\":{\"type\":\"array\",\"metadata\":{\"description\":\"An array of permitted locations for resources.\",\"strongType\":\"location\",\"displayName\":\"List of locations\"},\"defaultValue\":[\"westus\"]},\"effectParam\":{\"type\":\"string\",\"metadata\":{\"description\":\"The effect of the policy\",\"displayName\":\"Policy Effect\"},\"allowedValues\":[\"Deny\",\"Disabled\"],\"defaultValue\":\"Deny\"}},\"policyRule\":{\"if\":{\"not\":{\"field\":\"location\",\"in\":\"[parameters(\u0027listOfAllowedLocations\u0027)]\"}},\"then\":{\"effect\":\"[parameters(\u0027effectParam\u0027)]\"}},\"versions\":[\"1.0.0\"]},\"id\":\"/subscriptions/edb2c18a-04d6-49e9-bc72-e23852f507ad/providers/Microsoft.Authorization/policyDefinitions/psPolicyDefinitionWithFullObject01\",\"type\":\"Microsoft.Authorization/policyDefinitions\",\"name\":\"psPolicyDefinitionWithFullObject01\",\"systemData\":{\"createdBy\":\"cstack@ntdev.microsoft.com\",\"createdByType\":\"User\",\"createdAt\":\"2024-04-02T01:06:18.7536486Z\",\"lastModifiedBy\":\"cstack@ntdev.microsoft.com\",\"lastModifiedByType\":\"User\",\"lastModifiedAt\":\"2024-04-02T01:06:18.7536486Z\"}}",
      "isContentBase64": false
    }
  },
  "PolicyDefinitionWithFullObject+[NoContext]+[NoScenario]+$DELETE+https://management.azure.com/subscriptions/edb2c18a-04d6-49e9-bc72-e23852f507ad/providers/Microsoft.Authorization/policyDefinitions/psPolicyDefinitionWithFullObject02?api-version=2023-04-01+6": {
    "Request": {
      "Method": "DELETE",
      "RequestUri": "https://management.azure.com/subscriptions/edb2c18a-04d6-49e9-bc72-e23852f507ad/providers/Microsoft.Authorization/policyDefinitions/psPolicyDefinitionWithFullObject02?api-version=2023-04-01",
      "Content": null,
      "isContentBase64": false,
      "Headers": {
        "x-ms-unique-id": [ "1187" ],
        "x-ms-client-request-id": [ "211aba67-9b64-4a4c-bbde-26fb1b1d37b4" ],
        "CommandName": [ "\u0026" ],
        "FullCommandName": [ "Remove-AzPolicyDefinition_Delete" ],
        "ParameterSetName": [ "__AllParameterSets" ],
        "User-Agent": [ "AzurePowershell/v11.0.0", "PSVersion/v7.4.1", "Az.Policy/0.1.1" ],
        "Authorization": [ "[Filtered]" ]
      },
      "ContentHeaders": {
      }
    },
    "Response": {
      "StatusCode": 200,
      "Headers": {
        "Cache-Control": [ "no-cache" ],
        "Pragma": [ "no-cache" ],
        "Strict-Transport-Security": [ "max-age=31536000; includeSubDomains" ],
        "x-ms-ratelimit-remaining-subscription-deletes": [ "14999" ],
        "x-ms-request-id": [ "991a19e9-e4a7-403e-8113-a993e5752a13" ],
        "x-ms-correlation-request-id": [ "991a19e9-e4a7-403e-8113-a993e5752a13" ],
        "x-ms-routing-request-id": [ "WESTUS2:20240402T010622Z:991a19e9-e4a7-403e-8113-a993e5752a13" ],
        "X-Content-Type-Options": [ "nosniff" ],
        "X-Cache": [ "CONFIG_NOCACHE" ],
        "X-MSEdge-Ref": [ "Ref A: B7FE06D8DF6F4035AA02469A9CACD457 Ref B: CO6AA3150220011 Ref C: 2024-04-02T01:06:21Z" ],
        "Date": [ "Tue, 02 Apr 2024 01:06:21 GMT" ]
      },
      "ContentHeaders": {
        "Content-Length": [ "1350" ],
        "Content-Type": [ "application/json; charset=utf-8" ],
        "Expires": [ "-1" ]
      },
      "Content": "{\"properties\":{\"displayName\":\"testDisplay\",\"policyType\":\"Custom\",\"mode\":\"Indexed\",\"description\":\"Unit test junk: sorry for littering. Please delete me!\",\"metadata\":{\"testName\":\"testValue\",\"createdBy\":\"3d826307-2481-45a0-a271-bcf9333f914a\",\"createdOn\":\"2024-04-02T01:06:19.5042881Z\",\"updatedBy\":null,\"updatedOn\":null},\"version\":\"1.0.0\",\"parameters\":{\"listOfAllowedLocations\":{\"type\":\"array\",\"metadata\":{\"description\":\"An array of permitted locations for resources.\",\"strongType\":\"location\",\"displayName\":\"List of locations\"}},\"effectParam\":{\"type\":\"string\",\"metadata\":{\"description\":\"The effect of the policy\",\"displayName\":\"Policy Effect\"},\"allowedValues\":[\"Deny\",\"Disabled\"],\"defaultValue\":\"Deny\"}},\"policyRule\":{\"if\":{\"not\":{\"field\":\"location\",\"in\":\"[parameters(\u0027listOfAllowedLocations\u0027)]\"}},\"then\":{\"effect\":\"[parameters(\u0027effectParam\u0027)]\"}},\"versions\":[\"1.0.0\"]},\"id\":\"/subscriptions/edb2c18a-04d6-49e9-bc72-e23852f507ad/providers/Microsoft.Authorization/policyDefinitions/psPolicyDefinitionWithFullObject02\",\"type\":\"Microsoft.Authorization/policyDefinitions\",\"name\":\"psPolicyDefinitionWithFullObject02\",\"systemData\":{\"createdBy\":\"cstack@ntdev.microsoft.com\",\"createdByType\":\"User\",\"createdAt\":\"2024-04-02T01:06:19.4147878Z\",\"lastModifiedBy\":\"cstack@ntdev.microsoft.com\",\"lastModifiedByType\":\"User\",\"lastModifiedAt\":\"2024-04-02T01:06:19.4147878Z\"}}",
      "isContentBase64": false
    }
  },
  "PolicyDefinitionWithFullObject+[NoContext]+[NoScenario]+$DELETE+https://management.azure.com/subscriptions/edb2c18a-04d6-49e9-bc72-e23852f507ad/providers/Microsoft.Authorization/policyDefinitions/psPolicyDefinitionWithFullObject03?api-version=2023-04-01+7": {
    "Request": {
      "Method": "DELETE",
      "RequestUri": "https://management.azure.com/subscriptions/edb2c18a-04d6-49e9-bc72-e23852f507ad/providers/Microsoft.Authorization/policyDefinitions/psPolicyDefinitionWithFullObject03?api-version=2023-04-01",
      "Content": null,
      "isContentBase64": false,
      "Headers": {
        "x-ms-unique-id": [ "1188" ],
        "x-ms-client-request-id": [ "3ce2ebb1-29b9-4cd7-b05d-8c3d7f541d09" ],
        "CommandName": [ "\u0026" ],
        "FullCommandName": [ "Remove-AzPolicyDefinition_Delete" ],
        "ParameterSetName": [ "__AllParameterSets" ],
        "User-Agent": [ "AzurePowershell/v11.0.0", "PSVersion/v7.4.1", "Az.Policy/0.1.1" ],
        "Authorization": [ "[Filtered]" ]
      },
      "ContentHeaders": {
      }
    },
    "Response": {
      "StatusCode": 200,
      "Headers": {
        "Cache-Control": [ "no-cache" ],
        "Pragma": [ "no-cache" ],
        "Strict-Transport-Security": [ "max-age=31536000; includeSubDomains" ],
        "x-ms-ratelimit-remaining-subscription-deletes": [ "14999" ],
        "x-ms-request-id": [ "20398406-5295-4cfd-9071-ff5ff893f3c5" ],
        "x-ms-correlation-request-id": [ "20398406-5295-4cfd-9071-ff5ff893f3c5" ],
        "x-ms-routing-request-id": [ "WESTUS2:20240402T010622Z:20398406-5295-4cfd-9071-ff5ff893f3c5" ],
        "X-Content-Type-Options": [ "nosniff" ],
        "X-Cache": [ "CONFIG_NOCACHE" ],
        "X-MSEdge-Ref": [ "Ref A: 187B0FD94909487BA65EB3B8D06DF19F Ref B: CO6AA3150220011 Ref C: 2024-04-02T01:06:22Z" ],
        "Date": [ "Tue, 02 Apr 2024 01:06:22 GMT" ]
      },
      "ContentHeaders": {
        "Content-Length": [ "1426" ],
        "Content-Type": [ "application/json; charset=utf-8" ],
        "Expires": [ "-1" ]
      },
      "Content": "{\"properties\":{\"displayName\":\"Fake test policy\",\"policyType\":\"Custom\",\"mode\":\"Indexed\",\"description\":\"Sample fake test policy for unit tests.\",\"metadata\":{\"category\":\"Unit Test\",\"createdBy\":\"3d826307-2481-45a0-a271-bcf9333f914a\",\"createdOn\":\"2024-04-02T01:06:20.1168233Z\",\"updatedBy\":\"3d826307-2481-45a0-a271-bcf9333f914a\",\"updatedOn\":\"2024-04-02T01:06:20.6020345Z\"},\"version\":\"1.0.0\",\"parameters\":{\"listOfAllowedLocations\":{\"type\":\"array\",\"metadata\":{\"description\":\"An array of permitted locations for resources.\",\"strongType\":\"location\",\"displayName\":\"List of locations\"},\"defaultValue\":[\"westus\"]},\"effectParam\":{\"type\":\"string\",\"metadata\":{\"description\":\"The effect of the policy\",\"displayName\":\"Policy Effect\"},\"allowedValues\":[\"Deny\",\"Disabled\"],\"defaultValue\":\"Deny\"}},\"policyRule\":{\"if\":{\"not\":{\"field\":\"location\",\"in\":\"[parameters(\u0027listOfAllowedLocations\u0027)]\"}},\"then\":{\"effect\":\"[parameters(\u0027effectParam\u0027)]\"}},\"versions\":[\"1.0.0\"]},\"id\":\"/subscriptions/edb2c18a-04d6-49e9-bc72-e23852f507ad/providers/Microsoft.Authorization/policyDefinitions/psPolicyDefinitionWithFullObject03\",\"type\":\"Microsoft.Authorization/policyDefinitions\",\"name\":\"psPolicyDefinitionWithFullObject03\",\"systemData\":{\"createdBy\":\"cstack@ntdev.microsoft.com\",\"createdByType\":\"User\",\"createdAt\":\"2024-04-02T01:06:20.0973792Z\",\"lastModifiedBy\":\"cstack@ntdev.microsoft.com\",\"lastModifiedByType\":\"User\",\"lastModifiedAt\":\"2024-04-02T01:06:20.5588624Z\"}}",
      "isContentBase64": false
    }
  }
}