{
  "PolicyDefinitionWithComplexParameters+[NoContext]+make test definition with complex parameters from a file+$PUT+https://management.azure.com/subscriptions/edb2c18a-04d6-49e9-bc72-e23852f507ad/providers/Microsoft.Authorization/policyDefinitions/psPolicyDefinitionWithComplexParameters01?api-version=2023-04-01+1": {
    "Request": {
      "Method": "PUT",
      "RequestUri": "https://management.azure.com/subscriptions/edb2c18a-04d6-49e9-bc72-e23852f507ad/providers/Microsoft.Authorization/policyDefinitions/psPolicyDefinitionWithComplexParameters01?api-version=2023-04-01",
      "Content": "{\r\n  \"properties\": {\r\n    \"policyType\": \"Custom\",\r\n    \"mode\": \"Microsoft.Kubernetes.Data\",\r\n    \"displayName\": \"Kubernetes cluster containers should only use allowed images\",\r\n    \"description\": \"Cloned from built-in DP policy: febd0533-8e55-448f-b837-bd0e06f16469\",\r\n    \"policyRule\": {\r\n      \"if\": {\r\n        \"field\": \"type\",\r\n        \"in\": [ \"Microsoft.Kubernetes/connectedClusters\", \"Microsoft.ContainerService/managedClusters\" ]\r\n      },\r\n      \"then\": {\r\n        \"effect\": \"[parameters(\\u0027effect\\u0027)]\",\r\n        \"details\": {\r\n          \"warn\": \"[parameters(\\u0027warn\\u0027)]\",\r\n          \"templateInfo\": {\r\n            \"sourceType\": \"PublicURL\",\r\n            \"url\": \"https://store.policy.core.windows.net/kubernetes/container-allowed-images/v2/template.yaml\"\r\n          },\r\n          \"apiGroups\": [ \"\" ],\r\n          \"kinds\": [ \"Pod\" ],\r\n          \"excludedNamespaces\": \"[parameters(\\u0027excludedNamespaces\\u0027)]\",\r\n          \"namespaces\": \"[parameters(\\u0027namespaces\\u0027)]\",\r\n          \"labelSelector\": \"[parameters(\\u0027labelSelector\\u0027)]\",\r\n          \"values\": {\r\n            \"imageRegex\": \"[parameters(\\u0027allowedContainerImagesRegex\\u0027)]\",\r\n            \"excludedContainers\": \"[parameters(\\u0027excludedContainers\\u0027)]\"\r\n          }\r\n        }\r\n      }\r\n    },\r\n    \"metadata\": {\r\n      \"version\": \"9.2.0\",\r\n      \"category\": \"Kubernetes\"\r\n    },\r\n    \"parameters\": {\r\n      \"warn\": {\r\n        \"type\": \"Boolean\",\r\n        \"metadata\": {\r\n          \"displayName\": \"Warn\",\r\n          \"description\": \"Whether or not to return warnings back to the user in the kubectl cli\"\r\n        },\r\n        \"allowedValues\": [ true, false ],\r\n        \"defaultValue\": false\r\n      },\r\n      \"effect\": {\r\n        \"type\": \"String\",\r\n        \"metadata\": {\r\n          \"displayName\": \"Effect\",\r\n          \"description\": \"\\u0027Audit\\u0027 allows a non-compliant resource to be created, but flags it as non-compliant. \\u0027Deny\\u0027 blocks the resource creation. \\u0027Disable\\u0027 turns off the policy.\",\r\n          \"portalReview\": true\r\n        },\r\n        \"allowedValues\": [ \"audit\", \"Audit\", \"deny\", \"Deny\", \"disabled\", \"Disabled\" ],\r\n        \"defaultValue\": \"Deny\"\r\n      },\r\n      \"excludedNamespaces\": {\r\n        \"type\": \"Array\",\r\n        \"metadata\": {\r\n          \"displayName\": \"Namespace exclusions\",\r\n          \"description\": \"List of Kubernetes namespaces to exclude from policy evaluation. System namespaces \\\"kube-system\\\", \\\"gatekeeper-system\\\" and \\\"azure-arc\\\" are always excluded by design. \\\"azure-extensions-usage-system\\\" is optional to remove.\"\r\n        },\r\n        \"defaultValue\": [ \"kube-system\", \"gatekeeper-system\", \"azure-arc\", \"azure-extensions-usage-system\" ]\r\n      },\r\n      \"namespaces\": {\r\n        \"type\": \"Array\",\r\n        \"metadata\": {\r\n          \"displayName\": \"Namespace inclusions\",\r\n          \"description\": \"List of Kubernetes namespaces to only include in policy evaluation. An empty list means the policy is applied to all resources in all namespaces.\"\r\n        },\r\n        \"defaultValue\": [ ]\r\n      },\r\n      \"labelSelector\": {\r\n        \"type\": \"Object\",\r\n        \"metadata\": {\r\n          \"displayName\": \"Kubernetes label selector\",\r\n          \"description\": \"Label query to select Kubernetes resources for policy evaluation. An empty label selector matches all Kubernetes resources.\"\r\n        },\r\n        \"defaultValue\": {\r\n        },\r\n        \"schema\": {\r\n          \"description\": \"A label selector is a label query over a set of resources. The result of matchLabels and matchExpressions are ANDed. An empty label selector matches all resources.\",\r\n          \"type\": \"object\",\r\n          \"properties\": {\r\n            \"matchLabels\": {\r\n              \"description\": \"matchLabels is a map of {key,value} pairs.\",\r\n              \"type\": \"object\",\r\n              \"additionalProperties\": {\r\n                \"type\": \"string\"\r\n              },\r\n              \"minProperties\": 1\r\n            },\r\n            \"matchExpressions\": {\r\n              \"description\": \"matchExpressions is a list of values, a key, and an operator.\",\r\n              \"type\": \"array\",\r\n              \"items\": {\r\n                \"type\": \"object\",\r\n                \"properties\": {\r\n                  \"key\": {\r\n                    \"description\": \"key is the label key that the selector applies to.\",\r\n                    \"type\": \"string\"\r\n                  },\r\n                  \"operator\": {\r\n                    \"description\": \"operator represents a key\\u0027s relationship to a set of values.\",\r\n                    \"type\": \"string\",\r\n                    \"enum\": [ \"In\", \"NotIn\", \"Exists\", \"DoesNotExist\" ]\r\n                  },\r\n                  \"values\": {\r\n                    \"description\": \"values is an array of string values. If the operator is In or NotIn, the values array must be non-empty. If the operator is Exists or DoesNotExist, the values array must be empty.\",\r\n                    \"type\": \"array\",\r\n                    \"items\": {\r\n                      \"type\": \"string\"\r\n                    }\r\n                  }\r\n                },\r\n                \"required\": [ \"key\", \"operator\" ],\r\n                \"additionalProperties\": false\r\n              },\r\n              \"minItems\": 1\r\n            }\r\n          },\r\n          \"additionalProperties\": false\r\n        }\r\n      },\r\n      \"allowedContainerImagesRegex\": {\r\n        \"type\": \"String\",\r\n        \"metadata\": {\r\n          \"displayName\": \"Allowed registry or registries regex\",\r\n          \"description\": \"The RegEx rule used to match allowed container image field in a Kubernetes cluster. For example, to allow any Azure Container Registry image by matching partial path: ^[^\\\\/]+\\\\.azurecr\\\\.io\\\\/.+$ and for multiple registries: ^([^\\\\/]+\\\\.azurecr\\\\.io|registry\\\\.io)\\\\/.+$\",\r\n          \"portalReview\": true\r\n        }\r\n      },\r\n      \"excludedContainers\": {\r\n        \"type\": \"Array\",\r\n        \"metadata\": {\r\n          \"displayName\": \"Containers exclusions\",\r\n          \"description\": \"The list of InitContainers and Containers to exclude from policy evaluation. The identify is the name of container. Use an empty list to apply this policy to all containers in all namespaces.\"\r\n        },\r\n        \"defaultValue\": [ ]\r\n      }\r\n    }\r\n  }\r\n}",
      "isContentBase64": false,
      "Headers": {
      },
      "ContentHeaders": {
        "Content-Type": [ "application/json" ],
        "Content-Length": [ "6238" ]
      }
    },
    "Response": {
      "StatusCode": 201,
      "Headers": {
        "Cache-Control": [ "no-cache" ],
        "Pragma": [ "no-cache" ],
        "Strict-Transport-Security": [ "max-age=31536000; includeSubDomains" ],
        "x-ms-ratelimit-remaining-subscription-writes": [ "1199" ],
        "x-ms-request-id": [ "8c7fe2cd-aab4-4a6d-b0af-a0b0ace00587" ],
        "x-ms-correlation-request-id": [ "8c7fe2cd-aab4-4a6d-b0af-a0b0ace00587" ],
        "x-ms-routing-request-id": [ "WESTUS2:20240905T202433Z:8c7fe2cd-aab4-4a6d-b0af-a0b0ace00587" ],
        "X-Content-Type-Options": [ "nosniff" ],
        "X-Cache": [ "CONFIG_NOCACHE" ],
        "X-MSEdge-Ref": [ "Ref A: 16825AE2484D44EE8258F5DBB6471314 Ref B: CO6AA3150220047 Ref C: 2024-09-05T20:24:32Z" ],
        "Date": [ "Thu, 05 Sep 2024 20:24:33 GMT" ]
      },
      "ContentHeaders": {
        "Content-Length": [ "4966" ],
        "Content-Type": [ "application/json; charset=utf-8" ],
        "Expires": [ "-1" ]
      },
      "Content": "{\"properties\":{\"displayName\":\"Kubernetes cluster containers should only use allowed images\",\"policyType\":\"Custom\",\"mode\":\"Microsoft.Kubernetes.Data\",\"description\":\"Cloned from built-in DP policy: febd0533-8e55-448f-b837-bd0e06f16469\",\"metadata\":{\"version\":\"9.2.0\",\"category\":\"Kubernetes\",\"createdBy\":\"3d826307-2481-45a0-a271-bcf9333f914a\",\"createdOn\":\"2024-09-05T20:24:33.0893031Z\",\"updatedBy\":null,\"updatedOn\":null},\"version\":\"1.0.0\",\"parameters\":{\"warn\":{\"type\":\"Boolean\",\"metadata\":{\"displayName\":\"Warn\",\"description\":\"Whether or not to return warnings back to the user in the kubectl cli\"},\"allowedValues\":[true,false],\"defaultValue\":false},\"effect\":{\"type\":\"String\",\"metadata\":{\"displayName\":\"Effect\",\"description\":\"\u0027Audit\u0027 allows a non-compliant resource to be created, but flags it as non-compliant. \u0027Deny\u0027 blocks the resource creation. \u0027Disable\u0027 turns off the policy.\",\"portalReview\":true},\"allowedValues\":[\"audit\",\"Audit\",\"deny\",\"Deny\",\"disabled\",\"Disabled\"],\"defaultValue\":\"Deny\"},\"excludedNamespaces\":{\"type\":\"Array\",\"metadata\":{\"displayName\":\"Namespace exclusions\",\"description\":\"List of Kubernetes namespaces to exclude from policy evaluation. System namespaces \\\"kube-system\\\", \\\"gatekeeper-system\\\" and \\\"azure-arc\\\" are always excluded by design. \\\"azure-extensions-usage-system\\\" is optional to remove.\"},\"defaultValue\":[\"kube-system\",\"gatekeeper-system\",\"azure-arc\",\"azure-extensions-usage-system\"]},\"namespaces\":{\"type\":\"Array\",\"metadata\":{\"displayName\":\"Namespace inclusions\",\"description\":\"List of Kubernetes namespaces to only include in policy evaluation. An empty list means the policy is applied to all resources in all namespaces.\"},\"defaultValue\":[]},\"labelSelector\":{\"type\":\"Object\",\"metadata\":{\"displayName\":\"Kubernetes label selector\",\"description\":\"Label query to select Kubernetes resources for policy evaluation. An empty label selector matches all Kubernetes resources.\"},\"defaultValue\":{},\"schema\":{\"description\":\"A label selector is a label query over a set of resources. The result of matchLabels and matchExpressions are ANDed. An empty label selector matches all resources.\",\"type\":\"object\",\"properties\":{\"matchLabels\":{\"description\":\"matchLabels is a map of {key,value} pairs.\",\"type\":\"object\",\"additionalProperties\":{\"type\":\"string\"},\"minProperties\":1},\"matchExpressions\":{\"description\":\"matchExpressions is a list of values, a key, and an operator.\",\"type\":\"array\",\"items\":{\"type\":\"object\",\"properties\":{\"key\":{\"description\":\"key is the label key that the selector applies to.\",\"type\":\"string\"},\"operator\":{\"description\":\"operator represents a key\u0027s relationship to a set of values.\",\"type\":\"string\",\"enum\":[\"In\",\"NotIn\",\"Exists\",\"DoesNotExist\"]},\"values\":{\"description\":\"values is an array of string values. If the operator is In or NotIn, the values array must be non-empty. If the operator is Exists or DoesNotExist, the values array must be empty.\",\"type\":\"array\",\"items\":{\"type\":\"string\"}}},\"required\":[\"key\",\"operator\"],\"additionalProperties\":false},\"minItems\":1}},\"additionalProperties\":false}},\"allowedContainerImagesRegex\":{\"type\":\"String\",\"metadata\":{\"displayName\":\"Allowed registry or registries regex\",\"description\":\"The RegEx rule used to match allowed container image field in a Kubernetes cluster. For example, to allow any Azure Container Registry image by matching partial path: ^[^\\\\/]+\\\\.azurecr\\\\.io\\\\/.+$ and for multiple registries: ^([^\\\\/]+\\\\.azurecr\\\\.io|registry\\\\.io)\\\\/.+$\",\"portalReview\":true}},\"excludedContainers\":{\"type\":\"Array\",\"metadata\":{\"displayName\":\"Containers exclusions\",\"description\":\"The list of InitContainers and Containers to exclude from policy evaluation. The identify is the name of container. Use an empty list to apply this policy to all containers in all namespaces.\"},\"defaultValue\":[]}},\"policyRule\":{\"if\":{\"field\":\"type\",\"in\":[\"Microsoft.Kubernetes/connectedClusters\",\"Microsoft.ContainerService/managedClusters\"]},\"then\":{\"effect\":\"[parameters(\u0027effect\u0027)]\",\"details\":{\"warn\":\"[parameters(\u0027warn\u0027)]\",\"templateInfo\":{\"sourceType\":\"PublicURL\",\"url\":\"https://store.policy.core.windows.net/kubernetes/container-allowed-images/v2/template.yaml\"},\"apiGroups\":[\"\"],\"kinds\":[\"Pod\"],\"excludedNamespaces\":\"[parameters(\u0027excludedNamespaces\u0027)]\",\"namespaces\":\"[parameters(\u0027namespaces\u0027)]\",\"labelSelector\":\"[parameters(\u0027labelSelector\u0027)]\",\"values\":{\"imageRegex\":\"[parameters(\u0027allowedContainerImagesRegex\u0027)]\",\"excludedContainers\":\"[parameters(\u0027excludedContainers\u0027)]\"}}}},\"versions\":[\"1.0.0\"]},\"id\":\"/subscriptions/edb2c18a-04d6-49e9-bc72-e23852f507ad/providers/Microsoft.Authorization/policyDefinitions/psPolicyDefinitionWithComplexParameters01\",\"type\":\"Microsoft.Authorization/policyDefinitions\",\"name\":\"psPolicyDefinitionWithComplexParameters01\",\"systemData\":{\"createdBy\":\"cstack@ntdev.microsoft.com\",\"createdByType\":\"User\",\"createdAt\":\"2024-09-05T20:24:32.363068Z\",\"lastModifiedBy\":\"cstack@ntdev.microsoft.com\",\"lastModifiedByType\":\"User\",\"lastModifiedAt\":\"2024-09-05T20:24:32.363068Z\"}}",
      "isContentBase64": false
    }
  },
  "PolicyDefinitionWithComplexParameters+[NoContext]+make test definition with complex parameters from a file+$GET+https://management.azure.com/subscriptions/edb2c18a-04d6-49e9-bc72-e23852f507ad/providers/Microsoft.Authorization/policyDefinitions/psPolicyDefinitionWithComplexParameters01?api-version=2023-04-01+2": {
    "Request": {
      "Method": "GET",
      "RequestUri": "https://management.azure.com/subscriptions/edb2c18a-04d6-49e9-bc72-e23852f507ad/providers/Microsoft.Authorization/policyDefinitions/psPolicyDefinitionWithComplexParameters01?api-version=2023-04-01",
      "Content": null,
      "isContentBase64": false,
      "Headers": {
        "x-ms-unique-id": [ "650" ],
        "x-ms-client-request-id": [ "b5a72336-1103-443d-996b-79ca79e2fbec" ],
        "CommandName": [ "\u0026" ],
        "FullCommandName": [ "Get-AzPolicyDefinition_Get" ],
        "ParameterSetName": [ "__AllParameterSets" ],
        "User-Agent": [ "AzurePowershell/v12.3.0", "PSVersion/v7.4.5", "Az.Policy/0.1.1" ],
        "Authorization": [ "[Filtered]" ]
      },
      "ContentHeaders": {
      }
    },
    "Response": {
      "StatusCode": 200,
      "Headers": {
        "Cache-Control": [ "no-cache" ],
        "Pragma": [ "no-cache" ],
        "Strict-Transport-Security": [ "max-age=31536000; includeSubDomains" ],
        "x-ms-ratelimit-remaining-subscription-reads": [ "11999" ],
        "x-ms-request-id": [ "c6df83b0-aa57-480f-8c89-ab917f5b5f49" ],
        "x-ms-correlation-request-id": [ "c6df83b0-aa57-480f-8c89-ab917f5b5f49" ],
        "x-ms-routing-request-id": [ "WESTUS2:20240905T202433Z:c6df83b0-aa57-480f-8c89-ab917f5b5f49" ],
        "X-Content-Type-Options": [ "nosniff" ],
        "X-Cache": [ "CONFIG_NOCACHE" ],
        "X-MSEdge-Ref": [ "Ref A: A552E9B9F3414E619704949C3A7D31C8 Ref B: CO6AA3150220047 Ref C: 2024-09-05T20:24:33Z" ],
        "Date": [ "Thu, 05 Sep 2024 20:24:33 GMT" ]
      },
      "ContentHeaders": {
        "Content-Length": [ "4966" ],
        "Content-Type": [ "application/json; charset=utf-8" ],
        "Expires": [ "-1" ]
      },
      "Content": "{\"properties\":{\"displayName\":\"Kubernetes cluster containers should only use allowed images\",\"policyType\":\"Custom\",\"mode\":\"Microsoft.Kubernetes.Data\",\"description\":\"Cloned from built-in DP policy: febd0533-8e55-448f-b837-bd0e06f16469\",\"metadata\":{\"version\":\"9.2.0\",\"category\":\"Kubernetes\",\"createdBy\":\"3d826307-2481-45a0-a271-bcf9333f914a\",\"createdOn\":\"2024-09-05T20:24:33.0893031Z\",\"updatedBy\":null,\"updatedOn\":null},\"version\":\"1.0.0\",\"parameters\":{\"warn\":{\"type\":\"Boolean\",\"metadata\":{\"displayName\":\"Warn\",\"description\":\"Whether or not to return warnings back to the user in the kubectl cli\"},\"allowedValues\":[true,false],\"defaultValue\":false},\"effect\":{\"type\":\"String\",\"metadata\":{\"displayName\":\"Effect\",\"description\":\"\u0027Audit\u0027 allows a non-compliant resource to be created, but flags it as non-compliant. \u0027Deny\u0027 blocks the resource creation. \u0027Disable\u0027 turns off the policy.\",\"portalReview\":true},\"allowedValues\":[\"audit\",\"Audit\",\"deny\",\"Deny\",\"disabled\",\"Disabled\"],\"defaultValue\":\"Deny\"},\"excludedNamespaces\":{\"type\":\"Array\",\"metadata\":{\"displayName\":\"Namespace exclusions\",\"description\":\"List of Kubernetes namespaces to exclude from policy evaluation. System namespaces \\\"kube-system\\\", \\\"gatekeeper-system\\\" and \\\"azure-arc\\\" are always excluded by design. \\\"azure-extensions-usage-system\\\" is optional to remove.\"},\"defaultValue\":[\"kube-system\",\"gatekeeper-system\",\"azure-arc\",\"azure-extensions-usage-system\"]},\"namespaces\":{\"type\":\"Array\",\"metadata\":{\"displayName\":\"Namespace inclusions\",\"description\":\"List of Kubernetes namespaces to only include in policy evaluation. An empty list means the policy is applied to all resources in all namespaces.\"},\"defaultValue\":[]},\"labelSelector\":{\"type\":\"Object\",\"metadata\":{\"displayName\":\"Kubernetes label selector\",\"description\":\"Label query to select Kubernetes resources for policy evaluation. An empty label selector matches all Kubernetes resources.\"},\"defaultValue\":{},\"schema\":{\"description\":\"A label selector is a label query over a set of resources. The result of matchLabels and matchExpressions are ANDed. An empty label selector matches all resources.\",\"type\":\"object\",\"properties\":{\"matchLabels\":{\"description\":\"matchLabels is a map of {key,value} pairs.\",\"type\":\"object\",\"additionalProperties\":{\"type\":\"string\"},\"minProperties\":1},\"matchExpressions\":{\"description\":\"matchExpressions is a list of values, a key, and an operator.\",\"type\":\"array\",\"items\":{\"type\":\"object\",\"properties\":{\"key\":{\"description\":\"key is the label key that the selector applies to.\",\"type\":\"string\"},\"operator\":{\"description\":\"operator represents a key\u0027s relationship to a set of values.\",\"type\":\"string\",\"enum\":[\"In\",\"NotIn\",\"Exists\",\"DoesNotExist\"]},\"values\":{\"description\":\"values is an array of string values. If the operator is In or NotIn, the values array must be non-empty. If the operator is Exists or DoesNotExist, the values array must be empty.\",\"type\":\"array\",\"items\":{\"type\":\"string\"}}},\"required\":[\"key\",\"operator\"],\"additionalProperties\":false},\"minItems\":1}},\"additionalProperties\":false}},\"allowedContainerImagesRegex\":{\"type\":\"String\",\"metadata\":{\"displayName\":\"Allowed registry or registries regex\",\"description\":\"The RegEx rule used to match allowed container image field in a Kubernetes cluster. For example, to allow any Azure Container Registry image by matching partial path: ^[^\\\\/]+\\\\.azurecr\\\\.io\\\\/.+$ and for multiple registries: ^([^\\\\/]+\\\\.azurecr\\\\.io|registry\\\\.io)\\\\/.+$\",\"portalReview\":true}},\"excludedContainers\":{\"type\":\"Array\",\"metadata\":{\"displayName\":\"Containers exclusions\",\"description\":\"The list of InitContainers and Containers to exclude from policy evaluation. The identify is the name of container. Use an empty list to apply this policy to all containers in all namespaces.\"},\"defaultValue\":[]}},\"policyRule\":{\"if\":{\"field\":\"type\",\"in\":[\"Microsoft.Kubernetes/connectedClusters\",\"Microsoft.ContainerService/managedClusters\"]},\"then\":{\"effect\":\"[parameters(\u0027effect\u0027)]\",\"details\":{\"warn\":\"[parameters(\u0027warn\u0027)]\",\"templateInfo\":{\"sourceType\":\"PublicURL\",\"url\":\"https://store.policy.core.windows.net/kubernetes/container-allowed-images/v2/template.yaml\"},\"apiGroups\":[\"\"],\"kinds\":[\"Pod\"],\"excludedNamespaces\":\"[parameters(\u0027excludedNamespaces\u0027)]\",\"namespaces\":\"[parameters(\u0027namespaces\u0027)]\",\"labelSelector\":\"[parameters(\u0027labelSelector\u0027)]\",\"values\":{\"imageRegex\":\"[parameters(\u0027allowedContainerImagesRegex\u0027)]\",\"excludedContainers\":\"[parameters(\u0027excludedContainers\u0027)]\"}}}},\"versions\":[\"1.0.0\"]},\"id\":\"/subscriptions/edb2c18a-04d6-49e9-bc72-e23852f507ad/providers/Microsoft.Authorization/policyDefinitions/psPolicyDefinitionWithComplexParameters01\",\"type\":\"Microsoft.Authorization/policyDefinitions\",\"name\":\"psPolicyDefinitionWithComplexParameters01\",\"systemData\":{\"createdBy\":\"cstack@ntdev.microsoft.com\",\"createdByType\":\"User\",\"createdAt\":\"2024-09-05T20:24:32.363068Z\",\"lastModifiedBy\":\"cstack@ntdev.microsoft.com\",\"lastModifiedByType\":\"User\",\"lastModifiedAt\":\"2024-09-05T20:24:32.363068Z\"}}",
      "isContentBase64": false
    }
  },
  "PolicyDefinitionWithComplexParameters+[NoContext]+make a policy assignment with complex parameters on the command line+$GET+https://management.azure.com/subscriptions/edb2c18a-04d6-49e9-bc72-e23852f507ad/providers/Microsoft.Authorization/policyDefinitions/psPolicyDefinitionWithComplexParameters01?api-version=2023-04-01+1": {
    "Request": {
      "Method": "GET",
      "RequestUri": "https://management.azure.com/subscriptions/edb2c18a-04d6-49e9-bc72-e23852f507ad/providers/Microsoft.Authorization/policyDefinitions/psPolicyDefinitionWithComplexParameters01?api-version=2023-04-01",
      "Content": null,
      "isContentBase64": false,
      "Headers": {
        "x-ms-unique-id": [ "651" ],
        "x-ms-client-request-id": [ "e53243f5-e369-4425-b9b8-2fd76ee253d5" ],
        "CommandName": [ "\u0026" ],
        "FullCommandName": [ "Get-AzPolicyDefinition_Get" ],
        "ParameterSetName": [ "__AllParameterSets" ],
        "User-Agent": [ "AzurePowershell/v12.3.0", "PSVersion/v7.4.5", "Az.Policy/0.1.1" ],
        "Authorization": [ "[Filtered]" ]
      },
      "ContentHeaders": {
      }
    },
    "Response": {
      "StatusCode": 200,
      "Headers": {
        "Cache-Control": [ "no-cache" ],
        "Pragma": [ "no-cache" ],
        "Strict-Transport-Security": [ "max-age=31536000; includeSubDomains" ],
        "x-ms-ratelimit-remaining-subscription-reads": [ "11994" ],
        "x-ms-request-id": [ "6553ab15-c384-4d2d-9139-dfdceeb9e30f" ],
        "x-ms-correlation-request-id": [ "6553ab15-c384-4d2d-9139-dfdceeb9e30f" ],
        "x-ms-routing-request-id": [ "WESTUS2:20240905T202434Z:6553ab15-c384-4d2d-9139-dfdceeb9e30f" ],
        "X-Content-Type-Options": [ "nosniff" ],
        "X-Cache": [ "CONFIG_NOCACHE" ],
        "X-MSEdge-Ref": [ "Ref A: EFBFFFB2BD74457F9F4AFEBBBB769767 Ref B: CO6AA3150220047 Ref C: 2024-09-05T20:24:34Z" ],
        "Date": [ "Thu, 05 Sep 2024 20:24:33 GMT" ]
      },
      "ContentHeaders": {
        "Content-Length": [ "4966" ],
        "Content-Type": [ "application/json; charset=utf-8" ],
        "Expires": [ "-1" ]
      },
      "Content": "{\"properties\":{\"displayName\":\"Kubernetes cluster containers should only use allowed images\",\"policyType\":\"Custom\",\"mode\":\"Microsoft.Kubernetes.Data\",\"description\":\"Cloned from built-in DP policy: febd0533-8e55-448f-b837-bd0e06f16469\",\"metadata\":{\"version\":\"9.2.0\",\"category\":\"Kubernetes\",\"createdBy\":\"3d826307-2481-45a0-a271-bcf9333f914a\",\"createdOn\":\"2024-09-05T20:24:33.0893031Z\",\"updatedBy\":null,\"updatedOn\":null},\"version\":\"1.0.0\",\"parameters\":{\"warn\":{\"type\":\"Boolean\",\"metadata\":{\"displayName\":\"Warn\",\"description\":\"Whether or not to return warnings back to the user in the kubectl cli\"},\"allowedValues\":[true,false],\"defaultValue\":false},\"effect\":{\"type\":\"String\",\"metadata\":{\"displayName\":\"Effect\",\"description\":\"\u0027Audit\u0027 allows a non-compliant resource to be created, but flags it as non-compliant. \u0027Deny\u0027 blocks the resource creation. \u0027Disable\u0027 turns off the policy.\",\"portalReview\":true},\"allowedValues\":[\"audit\",\"Audit\",\"deny\",\"Deny\",\"disabled\",\"Disabled\"],\"defaultValue\":\"Deny\"},\"excludedNamespaces\":{\"type\":\"Array\",\"metadata\":{\"displayName\":\"Namespace exclusions\",\"description\":\"List of Kubernetes namespaces to exclude from policy evaluation. System namespaces \\\"kube-system\\\", \\\"gatekeeper-system\\\" and \\\"azure-arc\\\" are always excluded by design. \\\"azure-extensions-usage-system\\\" is optional to remove.\"},\"defaultValue\":[\"kube-system\",\"gatekeeper-system\",\"azure-arc\",\"azure-extensions-usage-system\"]},\"namespaces\":{\"type\":\"Array\",\"metadata\":{\"displayName\":\"Namespace inclusions\",\"description\":\"List of Kubernetes namespaces to only include in policy evaluation. An empty list means the policy is applied to all resources in all namespaces.\"},\"defaultValue\":[]},\"labelSelector\":{\"type\":\"Object\",\"metadata\":{\"displayName\":\"Kubernetes label selector\",\"description\":\"Label query to select Kubernetes resources for policy evaluation. An empty label selector matches all Kubernetes resources.\"},\"defaultValue\":{},\"schema\":{\"description\":\"A label selector is a label query over a set of resources. The result of matchLabels and matchExpressions are ANDed. An empty label selector matches all resources.\",\"type\":\"object\",\"properties\":{\"matchLabels\":{\"description\":\"matchLabels is a map of {key,value} pairs.\",\"type\":\"object\",\"additionalProperties\":{\"type\":\"string\"},\"minProperties\":1},\"matchExpressions\":{\"description\":\"matchExpressions is a list of values, a key, and an operator.\",\"type\":\"array\",\"items\":{\"type\":\"object\",\"properties\":{\"key\":{\"description\":\"key is the label key that the selector applies to.\",\"type\":\"string\"},\"operator\":{\"description\":\"operator represents a key\u0027s relationship to a set of values.\",\"type\":\"string\",\"enum\":[\"In\",\"NotIn\",\"Exists\",\"DoesNotExist\"]},\"values\":{\"description\":\"values is an array of string values. If the operator is In or NotIn, the values array must be non-empty. If the operator is Exists or DoesNotExist, the values array must be empty.\",\"type\":\"array\",\"items\":{\"type\":\"string\"}}},\"required\":[\"key\",\"operator\"],\"additionalProperties\":false},\"minItems\":1}},\"additionalProperties\":false}},\"allowedContainerImagesRegex\":{\"type\":\"String\",\"metadata\":{\"displayName\":\"Allowed registry or registries regex\",\"description\":\"The RegEx rule used to match allowed container image field in a Kubernetes cluster. For example, to allow any Azure Container Registry image by matching partial path: ^[^\\\\/]+\\\\.azurecr\\\\.io\\\\/.+$ and for multiple registries: ^([^\\\\/]+\\\\.azurecr\\\\.io|registry\\\\.io)\\\\/.+$\",\"portalReview\":true}},\"excludedContainers\":{\"type\":\"Array\",\"metadata\":{\"displayName\":\"Containers exclusions\",\"description\":\"The list of InitContainers and Containers to exclude from policy evaluation. The identify is the name of container. Use an empty list to apply this policy to all containers in all namespaces.\"},\"defaultValue\":[]}},\"policyRule\":{\"if\":{\"field\":\"type\",\"in\":[\"Microsoft.Kubernetes/connectedClusters\",\"Microsoft.ContainerService/managedClusters\"]},\"then\":{\"effect\":\"[parameters(\u0027effect\u0027)]\",\"details\":{\"warn\":\"[parameters(\u0027warn\u0027)]\",\"templateInfo\":{\"sourceType\":\"PublicURL\",\"url\":\"https://store.policy.core.windows.net/kubernetes/container-allowed-images/v2/template.yaml\"},\"apiGroups\":[\"\"],\"kinds\":[\"Pod\"],\"excludedNamespaces\":\"[parameters(\u0027excludedNamespaces\u0027)]\",\"namespaces\":\"[parameters(\u0027namespaces\u0027)]\",\"labelSelector\":\"[parameters(\u0027labelSelector\u0027)]\",\"values\":{\"imageRegex\":\"[parameters(\u0027allowedContainerImagesRegex\u0027)]\",\"excludedContainers\":\"[parameters(\u0027excludedContainers\u0027)]\"}}}},\"versions\":[\"1.0.0\"]},\"id\":\"/subscriptions/edb2c18a-04d6-49e9-bc72-e23852f507ad/providers/Microsoft.Authorization/policyDefinitions/psPolicyDefinitionWithComplexParameters01\",\"type\":\"Microsoft.Authorization/policyDefinitions\",\"name\":\"psPolicyDefinitionWithComplexParameters01\",\"systemData\":{\"createdBy\":\"cstack@ntdev.microsoft.com\",\"createdByType\":\"User\",\"createdAt\":\"2024-09-05T20:24:32.363068Z\",\"lastModifiedBy\":\"cstack@ntdev.microsoft.com\",\"lastModifiedByType\":\"User\",\"lastModifiedAt\":\"2024-09-05T20:24:32.363068Z\"}}",
      "isContentBase64": false
    }
  },
  "PolicyDefinitionWithComplexParameters+[NoContext]+make a policy assignment with complex parameters on the command line+$PUT+https://management.azure.com//subscriptions/edb2c18a-04d6-49e9-bc72-e23852f507ad/providers/Microsoft.Authorization/policyAssignments/psPolicyDefinitionWithComplexParameters03?api-version=2023-04-01+2": {
    "Request": {
      "Method": "PUT",
      "RequestUri": "https://management.azure.com//subscriptions/edb2c18a-04d6-49e9-bc72-e23852f507ad/providers/Microsoft.Authorization/policyAssignments/psPolicyDefinitionWithComplexParameters03?api-version=2023-04-01",
      "Content": "{\r\n  \"properties\": {\r\n    \"displayName\": \"Kubernetes cluster containers should only use allowed images\",\r\n    \"policyDefinitionId\": \"/subscriptions/edb2c18a-04d6-49e9-bc72-e23852f507ad/providers/Microsoft.Authorization/policyDefinitions/psPolicyDefinitionWithComplexParameters01\",\r\n    \"parameters\": {\r\n      \"excludedContainers\": {\r\n        \"value\": [ ]\r\n      },\r\n      \"labelSelector\": {\r\n        \"value\": {\r\n          \"matchLabels\": {\r\n            \"label1\": \"don\\u0027t label me\",\r\n            \"label2\": \"another label\"\r\n          },\r\n          \"matchExpressions\": [\r\n            {\r\n              \"operator\": \"NotIn\",\r\n              \"values\": [ \"thing2\", \"thing3\", \"thing4\" ],\r\n              \"key\": \"thing1\"\r\n            },\r\n            {\r\n              \"operator\": \"In\",\r\n              \"values\": [ \"thing2\" ],\r\n              \"key\": \"thing2\"\r\n            }\r\n          ]\r\n        }\r\n      },\r\n      \"warn\": {\r\n        \"value\": true\r\n      },\r\n      \"namespaces\": {\r\n        \"value\": [ \"namespace1\", \"namespace2\" ]\r\n      },\r\n      \"effect\": {\r\n        \"value\": \"Audit\"\r\n      },\r\n      \"allowedContainerImagesRegex\": {\r\n        \"value\": \"regex1\"\r\n      },\r\n      \"excludedNamespaces\": {\r\n        \"value\": [ \"uh-oh\", \"no-way\" ]\r\n      }\r\n    },\r\n    \"description\": \"Cloned from built-in DP policy: febd0533-8e55-448f-b837-bd0e06f16469\",\r\n    \"metadata\": {\r\n      \"version\": \"9.2.0\",\r\n      \"category\": \"Kubernetes\",\r\n      \"createdBy\": \"3d826307-2481-45a0-a271-bcf9333f914a\",\r\n      \"createdOn\": \"09/05/2024 20:24:33\"\r\n    }\r\n  }\r\n}",
      "isContentBase64": false,
      "Headers": {
      },
      "ContentHeaders": {
        "Content-Type": [ "application/json" ],
        "Content-Length": [ "1534" ]
      }
    },
    "Response": {
      "StatusCode": 201,
      "Headers": {
        "Cache-Control": [ "no-cache" ],
        "Pragma": [ "no-cache" ],
        "Strict-Transport-Security": [ "max-age=31536000; includeSubDomains" ],
        "x-ms-ratelimit-remaining-subscription-writes": [ "1199" ],
        "x-ms-request-id": [ "4351f2cb-0a2a-4a01-98d6-ffeed429ab7a" ],
        "x-ms-correlation-request-id": [ "4351f2cb-0a2a-4a01-98d6-ffeed429ab7a" ],
        "x-ms-routing-request-id": [ "WESTUS2:20240905T202434Z:4351f2cb-0a2a-4a01-98d6-ffeed429ab7a" ],
        "X-Content-Type-Options": [ "nosniff" ],
        "X-Cache": [ "CONFIG_NOCACHE" ],
        "X-MSEdge-Ref": [ "Ref A: 83DB3867687D4F47AB8904C31B48F3A1 Ref B: CO6AA3150220047 Ref C: 2024-09-05T20:24:34Z" ],
        "Date": [ "Thu, 05 Sep 2024 20:24:34 GMT" ]
      },
      "ContentHeaders": {
        "Content-Length": [ "1638" ],
        "Content-Type": [ "application/json; charset=utf-8" ],
        "Expires": [ "-1" ]
      },
      "Content": "{\"properties\":{\"displayName\":\"Kubernetes cluster containers should only use allowed images\",\"policyDefinitionId\":\"/subscriptions/edb2c18a-04d6-49e9-bc72-e23852f507ad/providers/Microsoft.Authorization/policyDefinitions/psPolicyDefinitionWithComplexParameters01\",\"definitionVersion\":\"1.*.*\",\"scope\":\"/subscriptions/edb2c18a-04d6-49e9-bc72-e23852f507ad\",\"parameters\":{\"excludedContainers\":{\"value\":[]},\"labelSelector\":{\"value\":{\"matchLabels\":{\"label1\":\"don\u0027t label me\",\"label2\":\"another label\"},\"matchExpressions\":[{\"operator\":\"NotIn\",\"values\":[\"thing2\",\"thing3\",\"thing4\"],\"key\":\"thing1\"},{\"operator\":\"In\",\"values\":[\"thing2\"],\"key\":\"thing2\"}]}},\"warn\":{\"value\":true},\"namespaces\":{\"value\":[\"namespace1\",\"namespace2\"]},\"effect\":{\"value\":\"Audit\"},\"allowedContainerImagesRegex\":{\"value\":\"regex1\"},\"excludedNamespaces\":{\"value\":[\"uh-oh\",\"no-way\"]}},\"description\":\"Cloned from built-in DP policy: febd0533-8e55-448f-b837-bd0e06f16469\",\"metadata\":{\"version\":\"9.2.0\",\"category\":\"Kubernetes\",\"createdBy\":\"3d826307-2481-45a0-a271-bcf9333f914a\",\"createdOn\":\"2024-09-05T20:24:34.3380651Z\",\"updatedBy\":null,\"updatedOn\":null},\"enforcementMode\":\"Default\"},\"id\":\"/subscriptions/edb2c18a-04d6-49e9-bc72-e23852f507ad/providers/Microsoft.Authorization/policyAssignments/psPolicyDefinitionWithComplexParameters03\",\"type\":\"Microsoft.Authorization/policyAssignments\",\"name\":\"psPolicyDefinitionWithComplexParameters03\",\"systemData\":{\"createdBy\":\"cstack@ntdev.microsoft.com\",\"createdByType\":\"User\",\"createdAt\":\"2024-09-05T20:24:34.3303359Z\",\"lastModifiedBy\":\"cstack@ntdev.microsoft.com\",\"lastModifiedByType\":\"User\",\"lastModifiedAt\":\"2024-09-05T20:24:34.3303359Z\"}}",
      "isContentBase64": false
    }
  },
  "PolicyDefinitionWithComplexParameters+[NoContext]+make a policy assignment with complex parameters on the command line+$GET+https://management.azure.com//subscriptions/edb2c18a-04d6-49e9-bc72-e23852f507ad/providers/Microsoft.Authorization/policyAssignments/psPolicyDefinitionWithComplexParameters03?api-version=2023-04-01+3": {
    "Request": {
      "Method": "GET",
      "RequestUri": "https://management.azure.com//subscriptions/edb2c18a-04d6-49e9-bc72-e23852f507ad/providers/Microsoft.Authorization/policyAssignments/psPolicyDefinitionWithComplexParameters03?api-version=2023-04-01",
      "Content": null,
      "isContentBase64": false,
      "Headers": {
        "x-ms-unique-id": [ "653" ],
        "x-ms-client-request-id": [ "038d24ac-e840-4b3d-85c2-b5bb23d14142" ],
        "CommandName": [ "\u0026" ],
        "FullCommandName": [ "Get-AzPolicyAssignment_Get" ],
        "ParameterSetName": [ "__AllParameterSets" ],
        "User-Agent": [ "AzurePowershell/v12.3.0", "PSVersion/v7.4.5", "Az.Policy/0.1.1" ],
        "Authorization": [ "[Filtered]" ]
      },
      "ContentHeaders": {
      }
    },
    "Response": {
      "StatusCode": 200,
      "Headers": {
        "Cache-Control": [ "no-cache" ],
        "Pragma": [ "no-cache" ],
        "Strict-Transport-Security": [ "max-age=31536000; includeSubDomains" ],
        "x-ms-ratelimit-remaining-subscription-reads": [ "11994" ],
        "x-ms-request-id": [ "1c690da5-a9e3-4af3-99c4-d822fe8159ce" ],
        "x-ms-correlation-request-id": [ "1c690da5-a9e3-4af3-99c4-d822fe8159ce" ],
        "x-ms-routing-request-id": [ "WESTUS2:20240905T202435Z:1c690da5-a9e3-4af3-99c4-d822fe8159ce" ],
        "X-Content-Type-Options": [ "nosniff" ],
        "X-Cache": [ "CONFIG_NOCACHE" ],
        "X-MSEdge-Ref": [ "Ref A: 4D91A06553594275A20A483FCD20DEE4 Ref B: CO6AA3150220047 Ref C: 2024-09-05T20:24:34Z" ],
        "Date": [ "Thu, 05 Sep 2024 20:24:34 GMT" ]
      },
      "ContentHeaders": {
        "Content-Length": [ "1638" ],
        "Content-Type": [ "application/json; charset=utf-8" ],
        "Expires": [ "-1" ]
      },
      "Content": "{\"properties\":{\"displayName\":\"Kubernetes cluster containers should only use allowed images\",\"policyDefinitionId\":\"/subscriptions/edb2c18a-04d6-49e9-bc72-e23852f507ad/providers/Microsoft.Authorization/policyDefinitions/psPolicyDefinitionWithComplexParameters01\",\"definitionVersion\":\"1.*.*\",\"scope\":\"/subscriptions/edb2c18a-04d6-49e9-bc72-e23852f507ad\",\"parameters\":{\"excludedContainers\":{\"value\":[]},\"labelSelector\":{\"value\":{\"matchLabels\":{\"label1\":\"don\u0027t label me\",\"label2\":\"another label\"},\"matchExpressions\":[{\"operator\":\"NotIn\",\"values\":[\"thing2\",\"thing3\",\"thing4\"],\"key\":\"thing1\"},{\"operator\":\"In\",\"values\":[\"thing2\"],\"key\":\"thing2\"}]}},\"warn\":{\"value\":true},\"namespaces\":{\"value\":[\"namespace1\",\"namespace2\"]},\"effect\":{\"value\":\"Audit\"},\"allowedContainerImagesRegex\":{\"value\":\"regex1\"},\"excludedNamespaces\":{\"value\":[\"uh-oh\",\"no-way\"]}},\"description\":\"Cloned from built-in DP policy: febd0533-8e55-448f-b837-bd0e06f16469\",\"metadata\":{\"version\":\"9.2.0\",\"category\":\"Kubernetes\",\"createdBy\":\"3d826307-2481-45a0-a271-bcf9333f914a\",\"createdOn\":\"2024-09-05T20:24:34.3380651Z\",\"updatedBy\":null,\"updatedOn\":null},\"enforcementMode\":\"Default\"},\"id\":\"/subscriptions/edb2c18a-04d6-49e9-bc72-e23852f507ad/providers/Microsoft.Authorization/policyAssignments/psPolicyDefinitionWithComplexParameters03\",\"type\":\"Microsoft.Authorization/policyAssignments\",\"name\":\"psPolicyDefinitionWithComplexParameters03\",\"systemData\":{\"createdBy\":\"cstack@ntdev.microsoft.com\",\"createdByType\":\"User\",\"createdAt\":\"2024-09-05T20:24:34.3303359Z\",\"lastModifiedBy\":\"cstack@ntdev.microsoft.com\",\"lastModifiedByType\":\"User\",\"lastModifiedAt\":\"2024-09-05T20:24:34.3303359Z\"}}",
      "isContentBase64": false
    }
  },
  "PolicyDefinitionWithComplexParameters+[NoContext]+make test definition with complex parameters including null value from a file+$PUT+https://management.azure.com/subscriptions/edb2c18a-04d6-49e9-bc72-e23852f507ad/providers/Microsoft.Authorization/policyDefinitions/psPolicyDefinitionWithComplexParameters02?api-version=2023-04-01+1": {
    "Request": {
      "Method": "PUT",
      "RequestUri": "https://management.azure.com/subscriptions/edb2c18a-04d6-49e9-bc72-e23852f507ad/providers/Microsoft.Authorization/policyDefinitions/psPolicyDefinitionWithComplexParameters02?api-version=2023-04-01",
      "Content": "{\r\n  \"properties\": {\r\n    \"mode\": \"All\",\r\n    \"policyRule\": {\r\n      \"if\": {\r\n        \"allOf\": [\r\n          {\r\n            \"field\": \"type\",\r\n            \"equals\": \"Microsoft.Compute/virtualMachines\"\r\n          },\r\n          {\r\n            \"anyof\": [\r\n              {\r\n                \"field\": \"Microsoft.Compute/virtualMachines/diagnosticsProfile.bootDiagnostics.storageUri\",\r\n                \"exists\": true\r\n              },\r\n              {\r\n                \"field\": \"Microsoft.Compute/virtualMachines/diagnosticsProfile.bootDiagnostics.enabled\",\r\n                \"notEquals\": true\r\n              }\r\n            ]\r\n          }\r\n        ]\r\n      },\r\n      \"then\": {\r\n        \"effect\": \"[parameters(\\u0027effect\\u0027)]\",\r\n        \"details\": {\r\n          \"conflictEffect\": \"audit\",\r\n          \"roleDefinitionIds\": [ \"/providers/Microsoft.Authorization/roleDefinitions/9980e02c-c2be-4d73-94e8-173b1dc7cf3c\" ],\r\n          \"operations\": [\r\n            {\r\n              \"operation\": \"addOrReplace\",\r\n              \"field\": \"Microsoft.Compute/virtualMachines/diagnosticsProfile.bootDiagnostics.storageUri\",\r\n              \"value\": null\r\n            },\r\n            {\r\n              \"operation\": \"addOrReplace\",\r\n              \"field\": \"Microsoft.Compute/virtualMachines/diagnosticsProfile.bootDiagnostics.enabled\",\r\n              \"value\": true\r\n            }\r\n          ]\r\n        }\r\n      }\r\n    },\r\n    \"parameters\": {\r\n      \"effect\": {\r\n        \"type\": \"String\",\r\n        \"metadata\": {\r\n          \"displayName\": \"Effect\",\r\n          \"description\": \"\\u0027Audit\\u0027 allows a non-compliant resource to be created, but flags it as non-compliant. \\u0027Deny\\u0027 blocks the resource creation. \\u0027Disable\\u0027 turns off the policy.\",\r\n          \"portalReview\": true\r\n        },\r\n        \"allowedValues\": [ \"audit\", \"Audit\", \"deny\", \"Deny\", \"disabled\", \"Disabled\" ],\r\n        \"defaultValue\": \"Deny\"\r\n      }\r\n    }\r\n  }\r\n}",
      "isContentBase64": false,
      "Headers": {
      },
      "ContentHeaders": {
        "Content-Type": [ "application/json" ],
        "Content-Length": [ "1922" ]
      }
    },
    "Response": {
      "StatusCode": 201,
      "Headers": {
        "Cache-Control": [ "no-cache" ],
        "Pragma": [ "no-cache" ],
        "Strict-Transport-Security": [ "max-age=31536000; includeSubDomains" ],
        "x-ms-ratelimit-remaining-subscription-writes": [ "1194" ],
        "x-ms-request-id": [ "2b1ab3cb-7c53-4193-b100-902bf18b230d" ],
        "x-ms-correlation-request-id": [ "2b1ab3cb-7c53-4193-b100-902bf18b230d" ],
        "x-ms-routing-request-id": [ "WESTUS2:20240905T202435Z:2b1ab3cb-7c53-4193-b100-902bf18b230d" ],
        "X-Content-Type-Options": [ "nosniff" ],
        "X-Cache": [ "CONFIG_NOCACHE" ],
        "X-MSEdge-Ref": [ "Ref A: E4A70A078DCB4EE898E1FBFEFE52E20F Ref B: CO6AA3150220047 Ref C: 2024-09-05T20:24:35Z" ],
        "Date": [ "Thu, 05 Sep 2024 20:24:35 GMT" ]
      },
      "ContentHeaders": {
        "Content-Length": [ "1877" ],
        "Content-Type": [ "application/json; charset=utf-8" ],
        "Expires": [ "-1" ]
      },
      "Content": "{\"properties\":{\"policyType\":\"Custom\",\"mode\":\"All\",\"metadata\":{\"createdBy\":\"3d826307-2481-45a0-a271-bcf9333f914a\",\"createdOn\":\"2024-09-05T20:24:35.2367629Z\",\"updatedBy\":null,\"updatedOn\":null},\"version\":\"1.0.0\",\"parameters\":{\"effect\":{\"type\":\"String\",\"metadata\":{\"displayName\":\"Effect\",\"description\":\"\u0027Audit\u0027 allows a non-compliant resource to be created, but flags it as non-compliant. \u0027Deny\u0027 blocks the resource creation. \u0027Disable\u0027 turns off the policy.\",\"portalReview\":true},\"allowedValues\":[\"audit\",\"Audit\",\"deny\",\"Deny\",\"disabled\",\"Disabled\"],\"defaultValue\":\"Deny\"}},\"policyRule\":{\"if\":{\"allOf\":[{\"field\":\"type\",\"equals\":\"Microsoft.Compute/virtualMachines\"},{\"anyof\":[{\"field\":\"Microsoft.Compute/virtualMachines/diagnosticsProfile.bootDiagnostics.storageUri\",\"exists\":true},{\"field\":\"Microsoft.Compute/virtualMachines/diagnosticsProfile.bootDiagnostics.enabled\",\"notEquals\":true}]}]},\"then\":{\"effect\":\"[parameters(\u0027effect\u0027)]\",\"details\":{\"conflictEffect\":\"audit\",\"roleDefinitionIds\":[\"/providers/Microsoft.Authorization/roleDefinitions/9980e02c-c2be-4d73-94e8-173b1dc7cf3c\"],\"operations\":[{\"operation\":\"addOrReplace\",\"field\":\"Microsoft.Compute/virtualMachines/diagnosticsProfile.bootDiagnostics.storageUri\",\"value\":null},{\"operation\":\"addOrReplace\",\"field\":\"Microsoft.Compute/virtualMachines/diagnosticsProfile.bootDiagnostics.enabled\",\"value\":true}]}}},\"versions\":[\"1.0.0\"]},\"id\":\"/subscriptions/edb2c18a-04d6-49e9-bc72-e23852f507ad/providers/Microsoft.Authorization/policyDefinitions/psPolicyDefinitionWithComplexParameters02\",\"type\":\"Microsoft.Authorization/policyDefinitions\",\"name\":\"psPolicyDefinitionWithComplexParameters02\",\"systemData\":{\"createdBy\":\"cstack@ntdev.microsoft.com\",\"createdByType\":\"User\",\"createdAt\":\"2024-09-05T20:24:35.2102491Z\",\"lastModifiedBy\":\"cstack@ntdev.microsoft.com\",\"lastModifiedByType\":\"User\",\"lastModifiedAt\":\"2024-09-05T20:24:35.2102491Z\"}}",
      "isContentBase64": false
    }
  },
  "PolicyDefinitionWithComplexParameters+[NoContext]+make test definition with complex parameters including null value from a file+$GET+https://management.azure.com/subscriptions/edb2c18a-04d6-49e9-bc72-e23852f507ad/providers/Microsoft.Authorization/policyDefinitions/psPolicyDefinitionWithComplexParameters02?api-version=2023-04-01+2": {
    "Request": {
      "Method": "GET",
      "RequestUri": "https://management.azure.com/subscriptions/edb2c18a-04d6-49e9-bc72-e23852f507ad/providers/Microsoft.Authorization/policyDefinitions/psPolicyDefinitionWithComplexParameters02?api-version=2023-04-01",
      "Content": null,
      "isContentBase64": false,
      "Headers": {
        "x-ms-unique-id": [ "655" ],
        "x-ms-client-request-id": [ "8a2c5262-a294-4ff1-be46-a539f0853810" ],
        "CommandName": [ "\u0026" ],
        "FullCommandName": [ "Get-AzPolicyDefinition_Get" ],
        "ParameterSetName": [ "__AllParameterSets" ],
        "User-Agent": [ "AzurePowershell/v12.3.0", "PSVersion/v7.4.5", "Az.Policy/0.1.1" ],
        "Authorization": [ "[Filtered]" ]
      },
      "ContentHeaders": {
      }
    },
    "Response": {
      "StatusCode": 200,
      "Headers": {
        "Cache-Control": [ "no-cache" ],
        "Pragma": [ "no-cache" ],
        "Strict-Transport-Security": [ "max-age=31536000; includeSubDomains" ],
        "x-ms-ratelimit-remaining-subscription-reads": [ "11998" ],
        "x-ms-request-id": [ "45e4604e-f0d0-45aa-bbdf-9535d250d3fa" ],
        "x-ms-correlation-request-id": [ "45e4604e-f0d0-45aa-bbdf-9535d250d3fa" ],
        "x-ms-routing-request-id": [ "WESTUS2:20240905T202435Z:45e4604e-f0d0-45aa-bbdf-9535d250d3fa" ],
        "X-Content-Type-Options": [ "nosniff" ],
        "X-Cache": [ "CONFIG_NOCACHE" ],
        "X-MSEdge-Ref": [ "Ref A: A9E7729E8E0645CC99460E845F2D008A Ref B: CO6AA3150220047 Ref C: 2024-09-05T20:24:35Z" ],
        "Date": [ "Thu, 05 Sep 2024 20:24:35 GMT" ]
      },
      "ContentHeaders": {
        "Content-Length": [ "1877" ],
        "Content-Type": [ "application/json; charset=utf-8" ],
        "Expires": [ "-1" ]
      },
      "Content": "{\"properties\":{\"policyType\":\"Custom\",\"mode\":\"All\",\"metadata\":{\"createdBy\":\"3d826307-2481-45a0-a271-bcf9333f914a\",\"createdOn\":\"2024-09-05T20:24:35.2367629Z\",\"updatedBy\":null,\"updatedOn\":null},\"version\":\"1.0.0\",\"parameters\":{\"effect\":{\"type\":\"String\",\"metadata\":{\"displayName\":\"Effect\",\"description\":\"\u0027Audit\u0027 allows a non-compliant resource to be created, but flags it as non-compliant. \u0027Deny\u0027 blocks the resource creation. \u0027Disable\u0027 turns off the policy.\",\"portalReview\":true},\"allowedValues\":[\"audit\",\"Audit\",\"deny\",\"Deny\",\"disabled\",\"Disabled\"],\"defaultValue\":\"Deny\"}},\"policyRule\":{\"if\":{\"allOf\":[{\"field\":\"type\",\"equals\":\"Microsoft.Compute/virtualMachines\"},{\"anyof\":[{\"field\":\"Microsoft.Compute/virtualMachines/diagnosticsProfile.bootDiagnostics.storageUri\",\"exists\":true},{\"field\":\"Microsoft.Compute/virtualMachines/diagnosticsProfile.bootDiagnostics.enabled\",\"notEquals\":true}]}]},\"then\":{\"effect\":\"[parameters(\u0027effect\u0027)]\",\"details\":{\"conflictEffect\":\"audit\",\"roleDefinitionIds\":[\"/providers/Microsoft.Authorization/roleDefinitions/9980e02c-c2be-4d73-94e8-173b1dc7cf3c\"],\"operations\":[{\"operation\":\"addOrReplace\",\"field\":\"Microsoft.Compute/virtualMachines/diagnosticsProfile.bootDiagnostics.storageUri\",\"value\":null},{\"operation\":\"addOrReplace\",\"field\":\"Microsoft.Compute/virtualMachines/diagnosticsProfile.bootDiagnostics.enabled\",\"value\":true}]}}},\"versions\":[\"1.0.0\"]},\"id\":\"/subscriptions/edb2c18a-04d6-49e9-bc72-e23852f507ad/providers/Microsoft.Authorization/policyDefinitions/psPolicyDefinitionWithComplexParameters02\",\"type\":\"Microsoft.Authorization/policyDefinitions\",\"name\":\"psPolicyDefinitionWithComplexParameters02\",\"systemData\":{\"createdBy\":\"cstack@ntdev.microsoft.com\",\"createdByType\":\"User\",\"createdAt\":\"2024-09-05T20:24:35.2102491Z\",\"lastModifiedBy\":\"cstack@ntdev.microsoft.com\",\"lastModifiedByType\":\"User\",\"lastModifiedAt\":\"2024-09-05T20:24:35.2102491Z\"}}",
      "isContentBase64": false
    }
  },
  "PolicyDefinitionWithComplexParameters+[NoContext]+[NoScenario]+$DELETE+https://management.azure.com//subscriptions/edb2c18a-04d6-49e9-bc72-e23852f507ad/providers/Microsoft.Authorization/policyAssignments/psPolicyDefinitionWithComplexParameters03?api-version=2023-04-01+3": {
    "Request": {
      "Method": "DELETE",
      "RequestUri": "https://management.azure.com//subscriptions/edb2c18a-04d6-49e9-bc72-e23852f507ad/providers/Microsoft.Authorization/policyAssignments/psPolicyDefinitionWithComplexParameters03?api-version=2023-04-01",
      "Content": null,
      "isContentBase64": false,
      "Headers": {
        "x-ms-unique-id": [ "656" ],
        "x-ms-client-request-id": [ "dd1643ee-72ef-415d-b326-b463c6a88aa9" ],
        "CommandName": [ "\u0026" ],
        "FullCommandName": [ "Remove-AzPolicyAssignment_Delete" ],
        "ParameterSetName": [ "__AllParameterSets" ],
        "User-Agent": [ "AzurePowershell/v12.3.0", "PSVersion/v7.4.5", "Az.Policy/0.1.1" ],
        "Authorization": [ "[Filtered]" ]
      },
      "ContentHeaders": {
      }
    },
    "Response": {
      "StatusCode": 200,
      "Headers": {
        "Cache-Control": [ "no-cache" ],
        "Pragma": [ "no-cache" ],
        "Strict-Transport-Security": [ "max-age=31536000; includeSubDomains" ],
        "x-ms-ratelimit-remaining-subscription-deletes": [ "14999" ],
        "x-ms-request-id": [ "e4d570f9-4466-45f9-b6ab-5b0503ca4dfd" ],
        "x-ms-correlation-request-id": [ "e4d570f9-4466-45f9-b6ab-5b0503ca4dfd" ],
        "x-ms-routing-request-id": [ "WESTUS2:20240905T202436Z:e4d570f9-4466-45f9-b6ab-5b0503ca4dfd" ],
        "X-Content-Type-Options": [ "nosniff" ],
        "X-Cache": [ "CONFIG_NOCACHE" ],
        "X-MSEdge-Ref": [ "Ref A: 4FC6EB7D3D7543B38283A762FD1F9E44 Ref B: CO6AA3150220047 Ref C: 2024-09-05T20:24:36Z" ],
        "Date": [ "Thu, 05 Sep 2024 20:24:36 GMT" ]
      },
      "ContentHeaders": {
        "Content-Length": [ "1638" ],
        "Content-Type": [ "application/json; charset=utf-8" ],
        "Expires": [ "-1" ]
      },
      "Content": "{\"properties\":{\"displayName\":\"Kubernetes cluster containers should only use allowed images\",\"policyDefinitionId\":\"/subscriptions/edb2c18a-04d6-49e9-bc72-e23852f507ad/providers/Microsoft.Authorization/policyDefinitions/psPolicyDefinitionWithComplexParameters01\",\"definitionVersion\":\"1.*.*\",\"scope\":\"/subscriptions/edb2c18a-04d6-49e9-bc72-e23852f507ad\",\"parameters\":{\"excludedContainers\":{\"value\":[]},\"labelSelector\":{\"value\":{\"matchLabels\":{\"label1\":\"don\u0027t label me\",\"label2\":\"another label\"},\"matchExpressions\":[{\"operator\":\"NotIn\",\"values\":[\"thing2\",\"thing3\",\"thing4\"],\"key\":\"thing1\"},{\"operator\":\"In\",\"values\":[\"thing2\"],\"key\":\"thing2\"}]}},\"warn\":{\"value\":true},\"namespaces\":{\"value\":[\"namespace1\",\"namespace2\"]},\"effect\":{\"value\":\"Audit\"},\"allowedContainerImagesRegex\":{\"value\":\"regex1\"},\"excludedNamespaces\":{\"value\":[\"uh-oh\",\"no-way\"]}},\"description\":\"Cloned from built-in DP policy: febd0533-8e55-448f-b837-bd0e06f16469\",\"metadata\":{\"version\":\"9.2.0\",\"category\":\"Kubernetes\",\"createdBy\":\"3d826307-2481-45a0-a271-bcf9333f914a\",\"createdOn\":\"2024-09-05T20:24:34.3380651Z\",\"updatedBy\":null,\"updatedOn\":null},\"enforcementMode\":\"Default\"},\"id\":\"/subscriptions/edb2c18a-04d6-49e9-bc72-e23852f507ad/providers/Microsoft.Authorization/policyAssignments/psPolicyDefinitionWithComplexParameters03\",\"type\":\"Microsoft.Authorization/policyAssignments\",\"name\":\"psPolicyDefinitionWithComplexParameters03\",\"systemData\":{\"createdBy\":\"cstack@ntdev.microsoft.com\",\"createdByType\":\"User\",\"createdAt\":\"2024-09-05T20:24:34.3303359Z\",\"lastModifiedBy\":\"cstack@ntdev.microsoft.com\",\"lastModifiedByType\":\"User\",\"lastModifiedAt\":\"2024-09-05T20:24:34.3303359Z\"}}",
      "isContentBase64": false
    }
  },
  "PolicyDefinitionWithComplexParameters+[NoContext]+[NoScenario]+$DELETE+https://management.azure.com/subscriptions/edb2c18a-04d6-49e9-bc72-e23852f507ad/providers/Microsoft.Authorization/policyDefinitions/psPolicyDefinitionWithComplexParameters01?api-version=2023-04-01+4": {
    "Request": {
      "Method": "DELETE",
      "RequestUri": "https://management.azure.com/subscriptions/edb2c18a-04d6-49e9-bc72-e23852f507ad/providers/Microsoft.Authorization/policyDefinitions/psPolicyDefinitionWithComplexParameters01?api-version=2023-04-01",
      "Content": null,
      "isContentBase64": false,
      "Headers": {
        "x-ms-unique-id": [ "657" ],
        "x-ms-client-request-id": [ "5814a391-ad79-415e-9039-570c8290404c" ],
        "CommandName": [ "\u0026" ],
        "FullCommandName": [ "Remove-AzPolicyDefinition_Delete" ],
        "ParameterSetName": [ "__AllParameterSets" ],
        "User-Agent": [ "AzurePowershell/v12.3.0", "PSVersion/v7.4.5", "Az.Policy/0.1.1" ],
        "Authorization": [ "[Filtered]" ]
      },
      "ContentHeaders": {
      }
    },
    "Response": {
      "StatusCode": 200,
      "Headers": {
        "Cache-Control": [ "no-cache" ],
        "Pragma": [ "no-cache" ],
        "Strict-Transport-Security": [ "max-age=31536000; includeSubDomains" ],
        "x-ms-ratelimit-remaining-subscription-deletes": [ "14999" ],
        "x-ms-request-id": [ "db48269a-e46b-4842-a0b4-a20e27a3deb2" ],
        "x-ms-correlation-request-id": [ "db48269a-e46b-4842-a0b4-a20e27a3deb2" ],
        "x-ms-routing-request-id": [ "WESTUS2:20240905T202437Z:db48269a-e46b-4842-a0b4-a20e27a3deb2" ],
        "X-Content-Type-Options": [ "nosniff" ],
        "X-Cache": [ "CONFIG_NOCACHE" ],
        "X-MSEdge-Ref": [ "Ref A: 63B189AD73CD49B59A274439673767FD Ref B: CO6AA3150220047 Ref C: 2024-09-05T20:24:36Z" ],
        "Date": [ "Thu, 05 Sep 2024 20:24:36 GMT" ]
      },
      "ContentHeaders": {
        "Content-Length": [ "4966" ],
        "Content-Type": [ "application/json; charset=utf-8" ],
        "Expires": [ "-1" ]
      },
      "Content": "{\"properties\":{\"displayName\":\"Kubernetes cluster containers should only use allowed images\",\"policyType\":\"Custom\",\"mode\":\"Microsoft.Kubernetes.Data\",\"description\":\"Cloned from built-in DP policy: febd0533-8e55-448f-b837-bd0e06f16469\",\"metadata\":{\"version\":\"9.2.0\",\"category\":\"Kubernetes\",\"createdBy\":\"3d826307-2481-45a0-a271-bcf9333f914a\",\"createdOn\":\"2024-09-05T20:24:33.0893031Z\",\"updatedBy\":null,\"updatedOn\":null},\"version\":\"1.0.0\",\"parameters\":{\"warn\":{\"type\":\"Boolean\",\"metadata\":{\"displayName\":\"Warn\",\"description\":\"Whether or not to return warnings back to the user in the kubectl cli\"},\"allowedValues\":[true,false],\"defaultValue\":false},\"effect\":{\"type\":\"String\",\"metadata\":{\"displayName\":\"Effect\",\"description\":\"\u0027Audit\u0027 allows a non-compliant resource to be created, but flags it as non-compliant. \u0027Deny\u0027 blocks the resource creation. \u0027Disable\u0027 turns off the policy.\",\"portalReview\":true},\"allowedValues\":[\"audit\",\"Audit\",\"deny\",\"Deny\",\"disabled\",\"Disabled\"],\"defaultValue\":\"Deny\"},\"excludedNamespaces\":{\"type\":\"Array\",\"metadata\":{\"displayName\":\"Namespace exclusions\",\"description\":\"List of Kubernetes namespaces to exclude from policy evaluation. System namespaces \\\"kube-system\\\", \\\"gatekeeper-system\\\" and \\\"azure-arc\\\" are always excluded by design. \\\"azure-extensions-usage-system\\\" is optional to remove.\"},\"defaultValue\":[\"kube-system\",\"gatekeeper-system\",\"azure-arc\",\"azure-extensions-usage-system\"]},\"namespaces\":{\"type\":\"Array\",\"metadata\":{\"displayName\":\"Namespace inclusions\",\"description\":\"List of Kubernetes namespaces to only include in policy evaluation. An empty list means the policy is applied to all resources in all namespaces.\"},\"defaultValue\":[]},\"labelSelector\":{\"type\":\"Object\",\"metadata\":{\"displayName\":\"Kubernetes label selector\",\"description\":\"Label query to select Kubernetes resources for policy evaluation. An empty label selector matches all Kubernetes resources.\"},\"defaultValue\":{},\"schema\":{\"description\":\"A label selector is a label query over a set of resources. The result of matchLabels and matchExpressions are ANDed. An empty label selector matches all resources.\",\"type\":\"object\",\"properties\":{\"matchLabels\":{\"description\":\"matchLabels is a map of {key,value} pairs.\",\"type\":\"object\",\"additionalProperties\":{\"type\":\"string\"},\"minProperties\":1},\"matchExpressions\":{\"description\":\"matchExpressions is a list of values, a key, and an operator.\",\"type\":\"array\",\"items\":{\"type\":\"object\",\"properties\":{\"key\":{\"description\":\"key is the label key that the selector applies to.\",\"type\":\"string\"},\"operator\":{\"description\":\"operator represents a key\u0027s relationship to a set of values.\",\"type\":\"string\",\"enum\":[\"In\",\"NotIn\",\"Exists\",\"DoesNotExist\"]},\"values\":{\"description\":\"values is an array of string values. If the operator is In or NotIn, the values array must be non-empty. If the operator is Exists or DoesNotExist, the values array must be empty.\",\"type\":\"array\",\"items\":{\"type\":\"string\"}}},\"required\":[\"key\",\"operator\"],\"additionalProperties\":false},\"minItems\":1}},\"additionalProperties\":false}},\"allowedContainerImagesRegex\":{\"type\":\"String\",\"metadata\":{\"displayName\":\"Allowed registry or registries regex\",\"description\":\"The RegEx rule used to match allowed container image field in a Kubernetes cluster. For example, to allow any Azure Container Registry image by matching partial path: ^[^\\\\/]+\\\\.azurecr\\\\.io\\\\/.+$ and for multiple registries: ^([^\\\\/]+\\\\.azurecr\\\\.io|registry\\\\.io)\\\\/.+$\",\"portalReview\":true}},\"excludedContainers\":{\"type\":\"Array\",\"metadata\":{\"displayName\":\"Containers exclusions\",\"description\":\"The list of InitContainers and Containers to exclude from policy evaluation. The identify is the name of container. Use an empty list to apply this policy to all containers in all namespaces.\"},\"defaultValue\":[]}},\"policyRule\":{\"if\":{\"field\":\"type\",\"in\":[\"Microsoft.Kubernetes/connectedClusters\",\"Microsoft.ContainerService/managedClusters\"]},\"then\":{\"effect\":\"[parameters(\u0027effect\u0027)]\",\"details\":{\"warn\":\"[parameters(\u0027warn\u0027)]\",\"templateInfo\":{\"sourceType\":\"PublicURL\",\"url\":\"https://store.policy.core.windows.net/kubernetes/container-allowed-images/v2/template.yaml\"},\"apiGroups\":[\"\"],\"kinds\":[\"Pod\"],\"excludedNamespaces\":\"[parameters(\u0027excludedNamespaces\u0027)]\",\"namespaces\":\"[parameters(\u0027namespaces\u0027)]\",\"labelSelector\":\"[parameters(\u0027labelSelector\u0027)]\",\"values\":{\"imageRegex\":\"[parameters(\u0027allowedContainerImagesRegex\u0027)]\",\"excludedContainers\":\"[parameters(\u0027excludedContainers\u0027)]\"}}}},\"versions\":[\"1.0.0\"]},\"id\":\"/subscriptions/edb2c18a-04d6-49e9-bc72-e23852f507ad/providers/Microsoft.Authorization/policyDefinitions/psPolicyDefinitionWithComplexParameters01\",\"type\":\"Microsoft.Authorization/policyDefinitions\",\"name\":\"psPolicyDefinitionWithComplexParameters01\",\"systemData\":{\"createdBy\":\"cstack@ntdev.microsoft.com\",\"createdByType\":\"User\",\"createdAt\":\"2024-09-05T20:24:32.363068Z\",\"lastModifiedBy\":\"cstack@ntdev.microsoft.com\",\"lastModifiedByType\":\"User\",\"lastModifiedAt\":\"2024-09-05T20:24:32.363068Z\"}}",
      "isContentBase64": false
    }
  },
  "PolicyDefinitionWithComplexParameters+[NoContext]+[NoScenario]+$DELETE+https://management.azure.com/subscriptions/edb2c18a-04d6-49e9-bc72-e23852f507ad/providers/Microsoft.Authorization/policyDefinitions/psPolicyDefinitionWithComplexParameters02?api-version=2023-04-01+5": {
    "Request": {
      "Method": "DELETE",
      "RequestUri": "https://management.azure.com/subscriptions/edb2c18a-04d6-49e9-bc72-e23852f507ad/providers/Microsoft.Authorization/policyDefinitions/psPolicyDefinitionWithComplexParameters02?api-version=2023-04-01",
      "Content": null,
      "isContentBase64": false,
      "Headers": {
        "x-ms-unique-id": [ "658" ],
        "x-ms-client-request-id": [ "cda5bc2e-625b-4474-b962-dea6949fa50a" ],
        "CommandName": [ "\u0026" ],
        "FullCommandName": [ "Remove-AzPolicyDefinition_Delete" ],
        "ParameterSetName": [ "__AllParameterSets" ],
        "User-Agent": [ "AzurePowershell/v12.3.0", "PSVersion/v7.4.5", "Az.Policy/0.1.1" ],
        "Authorization": [ "[Filtered]" ]
      },
      "ContentHeaders": {
      }
    },
    "Response": {
      "StatusCode": 200,
      "Headers": {
        "Cache-Control": [ "no-cache" ],
        "Pragma": [ "no-cache" ],
        "Strict-Transport-Security": [ "max-age=31536000; includeSubDomains" ],
        "x-ms-ratelimit-remaining-subscription-deletes": [ "14999" ],
        "x-ms-request-id": [ "233044f1-986e-4615-ad20-61f4f617cb74" ],
        "x-ms-correlation-request-id": [ "233044f1-986e-4615-ad20-61f4f617cb74" ],
        "x-ms-routing-request-id": [ "WESTUS2:20240905T202437Z:233044f1-986e-4615-ad20-61f4f617cb74" ],
        "X-Content-Type-Options": [ "nosniff" ],
        "X-Cache": [ "CONFIG_NOCACHE" ],
        "X-MSEdge-Ref": [ "Ref A: D80A0CA6BAE5418398E00A23310295B5 Ref B: CO6AA3150220047 Ref C: 2024-09-05T20:24:37Z" ],
        "Date": [ "Thu, 05 Sep 2024 20:24:37 GMT" ]
      },
      "ContentHeaders": {
        "Content-Length": [ "1877" ],
        "Content-Type": [ "application/json; charset=utf-8" ],
        "Expires": [ "-1" ]
      },
      "Content": "{\"properties\":{\"policyType\":\"Custom\",\"mode\":\"All\",\"metadata\":{\"createdBy\":\"3d826307-2481-45a0-a271-bcf9333f914a\",\"createdOn\":\"2024-09-05T20:24:35.2367629Z\",\"updatedBy\":null,\"updatedOn\":null},\"version\":\"1.0.0\",\"parameters\":{\"effect\":{\"type\":\"String\",\"metadata\":{\"displayName\":\"Effect\",\"description\":\"\u0027Audit\u0027 allows a non-compliant resource to be created, but flags it as non-compliant. \u0027Deny\u0027 blocks the resource creation. \u0027Disable\u0027 turns off the policy.\",\"portalReview\":true},\"allowedValues\":[\"audit\",\"Audit\",\"deny\",\"Deny\",\"disabled\",\"Disabled\"],\"defaultValue\":\"Deny\"}},\"policyRule\":{\"if\":{\"allOf\":[{\"field\":\"type\",\"equals\":\"Microsoft.Compute/virtualMachines\"},{\"anyof\":[{\"field\":\"Microsoft.Compute/virtualMachines/diagnosticsProfile.bootDiagnostics.storageUri\",\"exists\":true},{\"field\":\"Microsoft.Compute/virtualMachines/diagnosticsProfile.bootDiagnostics.enabled\",\"notEquals\":true}]}]},\"then\":{\"effect\":\"[parameters(\u0027effect\u0027)]\",\"details\":{\"conflictEffect\":\"audit\",\"roleDefinitionIds\":[\"/providers/Microsoft.Authorization/roleDefinitions/9980e02c-c2be-4d73-94e8-173b1dc7cf3c\"],\"operations\":[{\"operation\":\"addOrReplace\",\"field\":\"Microsoft.Compute/virtualMachines/diagnosticsProfile.bootDiagnostics.storageUri\",\"value\":null},{\"operation\":\"addOrReplace\",\"field\":\"Microsoft.Compute/virtualMachines/diagnosticsProfile.bootDiagnostics.enabled\",\"value\":true}]}}},\"versions\":[\"1.0.0\"]},\"id\":\"/subscriptions/edb2c18a-04d6-49e9-bc72-e23852f507ad/providers/Microsoft.Authorization/policyDefinitions/psPolicyDefinitionWithComplexParameters02\",\"type\":\"Microsoft.Authorization/policyDefinitions\",\"name\":\"psPolicyDefinitionWithComplexParameters02\",\"systemData\":{\"createdBy\":\"cstack@ntdev.microsoft.com\",\"createdByType\":\"User\",\"createdAt\":\"2024-09-05T20:24:35.2102491Z\",\"lastModifiedBy\":\"cstack@ntdev.microsoft.com\",\"lastModifiedByType\":\"User\",\"lastModifiedAt\":\"2024-09-05T20:24:35.2102491Z\"}}",
      "isContentBase64": false
    }
  }
}