{
  "PolicyDefinitionWithUri+[NoContext]+Make a policy definition using a URI to the policy rule+$PUT+https://management.azure.com/subscriptions/597b2066-8f6f-4236-9c61-6d4e9891eef8/providers/Microsoft.Authorization/policyDefinitions/psPolicyDefinitionWithUri01?api-version=2023-04-01+1": {
    "Request": {
      "Method": "PUT",
      "RequestUri": "https://management.azure.com/subscriptions/597b2066-8f6f-4236-9c61-6d4e9891eef8/providers/Microsoft.Authorization/policyDefinitions/psPolicyDefinitionWithUri01?api-version=2023-04-01",
      "Content": "{\r\n  \"properties\": {\r\n    \"mode\": \"All\",\r\n    \"description\": \"Unit test junk: sorry for littering. Please delete me!\",\r\n    \"policyRule\": {\r\n      \"if\": {\r\n        \"source\": \"action\",\r\n        \"equals\": \"Microsoft.Resources/Subscriptions/ResourceGroups/write\"\r\n      },\r\n      \"then\": {\r\n        \"effect\": \"deny\"\r\n      }\r\n    }\r\n  }\r\n}",
      "isContentBase64": false,
      "Headers": {
      },
      "ContentHeaders": {
        "Content-Type": [ "application/json" ],
        "Content-Length": [ "336" ]
      }
    },
    "Response": {
      "StatusCode": 201,
      "Headers": {
        "Cache-Control": [ "no-cache" ],
        "Pragma": [ "no-cache" ],
        "Strict-Transport-Security": [ "max-age=31536000; includeSubDomains" ],
        "x-ms-ratelimit-remaining-subscription-writes": [ "1196" ],
        "x-ms-request-id": [ "fde3d936-ab85-42bb-9cfe-c1057b735953" ],
        "x-ms-correlation-request-id": [ "fde3d936-ab85-42bb-9cfe-c1057b735953" ],
        "x-ms-routing-request-id": [ "WESTUS2:20240628T045834Z:fde3d936-ab85-42bb-9cfe-c1057b735953" ],
        "X-Content-Type-Options": [ "nosniff" ],
        "X-Cache": [ "CONFIG_NOCACHE" ],
        "X-MSEdge-Ref": [ "Ref A: C2EAF8BB185845BC9A7983297C2E6035 Ref B: CO6AA3150218009 Ref C: 2024-06-28T04:58:34Z" ],
        "Date": [ "Fri, 28 Jun 2024 04:58:34 GMT" ]
      },
      "ContentHeaders": {
        "Content-Length": [ "904" ],
        "Content-Type": [ "application/json; charset=utf-8" ],
        "Expires": [ "-1" ]
      },
      "Content": "{\"properties\":{\"policyType\":\"Custom\",\"mode\":\"All\",\"description\":\"Unit test junk: sorry for littering. Please delete me!\",\"metadata\":{\"createdBy\":\"3d826307-2481-45a0-a271-bcf9333f914a\",\"createdOn\":\"2024-06-28T04:58:34.5746863Z\",\"updatedBy\":null,\"updatedOn\":null},\"version\":\"1.0.0\",\"policyRule\":{\"if\":{\"source\":\"action\",\"equals\":\"Microsoft.Resources/Subscriptions/ResourceGroups/write\"},\"then\":{\"effect\":\"deny\"}},\"versions\":[\"1.0.0\"]},\"id\":\"/subscriptions/597b2066-8f6f-4236-9c61-6d4e9891eef8/providers/Microsoft.Authorization/policyDefinitions/psPolicyDefinitionWithUri01\",\"type\":\"Microsoft.Authorization/policyDefinitions\",\"name\":\"psPolicyDefinitionWithUri01\",\"systemData\":{\"createdBy\":\"cstack@ntdev.microsoft.com\",\"createdByType\":\"User\",\"createdAt\":\"2024-06-28T04:58:34.5325784Z\",\"lastModifiedBy\":\"cstack@ntdev.microsoft.com\",\"lastModifiedByType\":\"User\",\"lastModifiedAt\":\"2024-06-28T04:58:34.5325784Z\"}}",
      "isContentBase64": false
    }
  },
  "PolicyDefinitionWithUri+[NoContext]+Make a policy definition using a URI to the policy rule+$GET+https://management.azure.com/subscriptions/597b2066-8f6f-4236-9c61-6d4e9891eef8/providers/Microsoft.Authorization/policyDefinitions/psPolicyDefinitionWithUri01?api-version=2023-04-01+2": {
    "Request": {
      "Method": "GET",
      "RequestUri": "https://management.azure.com/subscriptions/597b2066-8f6f-4236-9c61-6d4e9891eef8/providers/Microsoft.Authorization/policyDefinitions/psPolicyDefinitionWithUri01?api-version=2023-04-01",
      "Content": null,
      "isContentBase64": false,
      "Headers": {
        "x-ms-unique-id": [ "712" ],
        "x-ms-client-request-id": [ "424ca962-b57f-4338-bd35-ad305c48e637" ],
        "CommandName": [ "\u0026" ],
        "FullCommandName": [ "Get-AzPolicyDefinition_Get" ],
        "ParameterSetName": [ "__AllParameterSets" ],
        "User-Agent": [ "AzurePowershell/v11.0.0", "PSVersion/v7.4.3", "Az.Policy/0.1.1" ],
        "Authorization": [ "[Filtered]" ]
      },
      "ContentHeaders": {
      }
    },
    "Response": {
      "StatusCode": 200,
      "Headers": {
        "Cache-Control": [ "no-cache" ],
        "Pragma": [ "no-cache" ],
        "Strict-Transport-Security": [ "max-age=31536000; includeSubDomains" ],
        "x-ms-ratelimit-remaining-subscription-reads": [ "11984" ],
        "x-ms-request-id": [ "53283a35-3185-4f68-b3b8-c1a7bcd6efff" ],
        "x-ms-correlation-request-id": [ "53283a35-3185-4f68-b3b8-c1a7bcd6efff" ],
        "x-ms-routing-request-id": [ "WESTUS2:20240628T045834Z:53283a35-3185-4f68-b3b8-c1a7bcd6efff" ],
        "X-Content-Type-Options": [ "nosniff" ],
        "X-Cache": [ "CONFIG_NOCACHE" ],
        "X-MSEdge-Ref": [ "Ref A: 57C18A7559CF4D76A86D74D925342EE0 Ref B: CO6AA3150218009 Ref C: 2024-06-28T04:58:34Z" ],
        "Date": [ "Fri, 28 Jun 2024 04:58:34 GMT" ]
      },
      "ContentHeaders": {
        "Content-Length": [ "904" ],
        "Content-Type": [ "application/json; charset=utf-8" ],
        "Expires": [ "-1" ]
      },
      "Content": "{\"properties\":{\"policyType\":\"Custom\",\"mode\":\"All\",\"description\":\"Unit test junk: sorry for littering. Please delete me!\",\"metadata\":{\"createdBy\":\"3d826307-2481-45a0-a271-bcf9333f914a\",\"createdOn\":\"2024-06-28T04:58:34.5746863Z\",\"updatedBy\":null,\"updatedOn\":null},\"version\":\"1.0.0\",\"policyRule\":{\"if\":{\"source\":\"action\",\"equals\":\"Microsoft.Resources/Subscriptions/ResourceGroups/write\"},\"then\":{\"effect\":\"deny\"}},\"versions\":[\"1.0.0\"]},\"id\":\"/subscriptions/597b2066-8f6f-4236-9c61-6d4e9891eef8/providers/Microsoft.Authorization/policyDefinitions/psPolicyDefinitionWithUri01\",\"type\":\"Microsoft.Authorization/policyDefinitions\",\"name\":\"psPolicyDefinitionWithUri01\",\"systemData\":{\"createdBy\":\"cstack@ntdev.microsoft.com\",\"createdByType\":\"User\",\"createdAt\":\"2024-06-28T04:58:34.5325784Z\",\"lastModifiedBy\":\"cstack@ntdev.microsoft.com\",\"lastModifiedByType\":\"User\",\"lastModifiedAt\":\"2024-06-28T04:58:34.5325784Z\"}}",
      "isContentBase64": false
    }
  },
  "PolicyDefinitionWithUri+[NoContext]+[NoScenario]+$DELETE+https://management.azure.com/subscriptions/597b2066-8f6f-4236-9c61-6d4e9891eef8/providers/Microsoft.Authorization/policyDefinitions/psPolicyDefinitionWithUri01?api-version=2023-04-01+3": {
    "Request": {
      "Method": "DELETE",
      "RequestUri": "https://management.azure.com/subscriptions/597b2066-8f6f-4236-9c61-6d4e9891eef8/providers/Microsoft.Authorization/policyDefinitions/psPolicyDefinitionWithUri01?api-version=2023-04-01",
      "Content": null,
      "isContentBase64": false,
      "Headers": {
        "x-ms-unique-id": [ "713" ],
        "x-ms-client-request-id": [ "6ef86a41-573f-4d3d-95af-77ca02d9fba9" ],
        "CommandName": [ "\u0026" ],
        "FullCommandName": [ "Remove-AzPolicyDefinition_Delete" ],
        "ParameterSetName": [ "__AllParameterSets" ],
        "User-Agent": [ "AzurePowershell/v11.0.0", "PSVersion/v7.4.3", "Az.Policy/0.1.1" ],
        "Authorization": [ "[Filtered]" ]
      },
      "ContentHeaders": {
      }
    },
    "Response": {
      "StatusCode": 200,
      "Headers": {
        "Cache-Control": [ "no-cache" ],
        "Pragma": [ "no-cache" ],
        "Strict-Transport-Security": [ "max-age=31536000; includeSubDomains" ],
        "x-ms-ratelimit-remaining-subscription-deletes": [ "14998" ],
        "x-ms-request-id": [ "32ca3bd6-b344-4fe5-858c-1d588750d985" ],
        "x-ms-correlation-request-id": [ "32ca3bd6-b344-4fe5-858c-1d588750d985" ],
        "x-ms-routing-request-id": [ "WESTUS2:20240628T045835Z:32ca3bd6-b344-4fe5-858c-1d588750d985" ],
        "X-Content-Type-Options": [ "nosniff" ],
        "X-Cache": [ "CONFIG_NOCACHE" ],
        "X-MSEdge-Ref": [ "Ref A: 7EA00A0F95FF4F30A9D30D9377343CB8 Ref B: CO6AA3150218009 Ref C: 2024-06-28T04:58:35Z" ],
        "Date": [ "Fri, 28 Jun 2024 04:58:35 GMT" ]
      },
      "ContentHeaders": {
        "Content-Length": [ "904" ],
        "Content-Type": [ "application/json; charset=utf-8" ],
        "Expires": [ "-1" ]
      },
      "Content": "{\"properties\":{\"policyType\":\"Custom\",\"mode\":\"All\",\"description\":\"Unit test junk: sorry for littering. Please delete me!\",\"metadata\":{\"createdBy\":\"3d826307-2481-45a0-a271-bcf9333f914a\",\"createdOn\":\"2024-06-28T04:58:34.5746863Z\",\"updatedBy\":null,\"updatedOn\":null},\"version\":\"1.0.0\",\"policyRule\":{\"if\":{\"source\":\"action\",\"equals\":\"Microsoft.Resources/Subscriptions/ResourceGroups/write\"},\"then\":{\"effect\":\"deny\"}},\"versions\":[\"1.0.0\"]},\"id\":\"/subscriptions/597b2066-8f6f-4236-9c61-6d4e9891eef8/providers/Microsoft.Authorization/policyDefinitions/psPolicyDefinitionWithUri01\",\"type\":\"Microsoft.Authorization/policyDefinitions\",\"name\":\"psPolicyDefinitionWithUri01\",\"systemData\":{\"createdBy\":\"cstack@ntdev.microsoft.com\",\"createdByType\":\"User\",\"createdAt\":\"2024-06-28T04:58:34.5325784Z\",\"lastModifiedBy\":\"cstack@ntdev.microsoft.com\",\"lastModifiedByType\":\"User\",\"lastModifiedAt\":\"2024-06-28T04:58:34.5325784Z\"}}",
      "isContentBase64": false
    }
  }
}