{
  "PolicyDefinitionWithUri+[NoContext]+Make a policy definition using a URI to the policy rule+$PUT+https://management.azure.com/subscriptions/e5a130f3-57fd-46b6-9c55-03d21a853935/providers/Microsoft.Authorization/policyDefinitions/psPolicyDefinitionWithUri01?api-version=2025-03-01+1": {
    "Request": {
      "Method": "PUT",
      "RequestUri": "https://management.azure.com/subscriptions/e5a130f3-57fd-46b6-9c55-03d21a853935/providers/Microsoft.Authorization/policyDefinitions/psPolicyDefinitionWithUri01?api-version=2025-03-01",
      "Content": "{\r\n  \"properties\": {\r\n    \"mode\": \"All\",\r\n    \"description\": \"Unit test junk: sorry for littering. Please delete me!\",\r\n    \"policyRule\": {\r\n      \"if\": {\r\n        \"source\": \"action\",\r\n        \"equals\": \"Microsoft.Resources/Subscriptions/ResourceGroups/write\"\r\n      },\r\n      \"then\": {\r\n        \"effect\": \"deny\"\r\n      }\r\n    }\r\n  }\r\n}",
      "isContentBase64": false,
      "Headers": {
      },
      "ContentHeaders": {
        "Content-Type": [ "application/json" ],
        "Content-Length": [ "336" ]
      }
    },
    "Response": {
      "StatusCode": 201,
      "Headers": {
        "Cache-Control": [ "no-cache" ],
        "Pragma": [ "no-cache" ],
        "Strict-Transport-Security": [ "max-age=31536000; includeSubDomains" ],
        "x-ms-operation-identifier": [ "tenantId=72f988bf-86f1-41af-91ab-2d7cd011db47,objectId=638d92d9-ae3b-4f1d-be91-382dcc631f82/westus2/8dbd95b5-01db-45e3-a151-849437ff7ca6" ],
        "x-ms-ratelimit-remaining-subscription-writes": [ "799" ],
        "x-ms-ratelimit-remaining-subscription-global-writes": [ "11999" ],
        "x-ms-request-id": [ "c6f7fc74-5b19-49aa-b65d-bca4384d6641" ],
        "x-ms-correlation-request-id": [ "c6f7fc74-5b19-49aa-b65d-bca4384d6641" ],
        "x-ms-routing-request-id": [ "WESTUS2:20260127T002800Z:c6f7fc74-5b19-49aa-b65d-bca4384d6641" ],
        "X-Content-Type-Options": [ "nosniff" ],
        "X-Cache": [ "CONFIG_NOCACHE" ],
        "X-MSEdge-Ref": [ "Ref A: AB311D97F3644DFD940B76C017F3100A Ref B: MWH011020808034 Ref C: 2026-01-27T00:28:00Z" ],
        "Date": [ "Tue, 27 Jan 2026 00:28:00 GMT" ]
      },
      "ContentHeaders": {
        "Content-Length": [ "900" ],
        "Content-Type": [ "application/json; charset=utf-8" ],
        "Expires": [ "-1" ]
      },
      "Content": "{\"properties\":{\"policyType\":\"Custom\",\"mode\":\"All\",\"description\":\"Unit test junk: sorry for littering. Please delete me!\",\"metadata\":{\"createdBy\":\"638d92d9-ae3b-4f1d-be91-382dcc631f82\",\"createdOn\":\"2026-01-27T00:28:00.5216662Z\",\"updatedBy\":null,\"updatedOn\":null},\"version\":\"1.0.0\",\"policyRule\":{\"if\":{\"source\":\"action\",\"equals\":\"Microsoft.Resources/Subscriptions/ResourceGroups/write\"},\"then\":{\"effect\":\"deny\"}},\"versions\":[\"1.0.0\"]},\"id\":\"/subscriptions/e5a130f3-57fd-46b6-9c55-03d21a853935/providers/Microsoft.Authorization/policyDefinitions/psPolicyDefinitionWithUri01\",\"type\":\"Microsoft.Authorization/policyDefinitions\",\"name\":\"psPolicyDefinitionWithUri01\",\"systemData\":{\"createdBy\":\"zhaocelina@microsoft.com\",\"createdByType\":\"User\",\"createdAt\":\"2026-01-27T00:28:00.5142559Z\",\"lastModifiedBy\":\"zhaocelina@microsoft.com\",\"lastModifiedByType\":\"User\",\"lastModifiedAt\":\"2026-01-27T00:28:00.5142559Z\"}}",
      "isContentBase64": false
    }
  },
  "PolicyDefinitionWithUri+[NoContext]+Make a policy definition using a URI to the policy rule+$GET+https://management.azure.com/subscriptions/e5a130f3-57fd-46b6-9c55-03d21a853935/providers/Microsoft.Authorization/policyDefinitions/psPolicyDefinitionWithUri01?api-version=2025-03-01+2": {
    "Request": {
      "Method": "GET",
      "RequestUri": "https://management.azure.com/subscriptions/e5a130f3-57fd-46b6-9c55-03d21a853935/providers/Microsoft.Authorization/policyDefinitions/psPolicyDefinitionWithUri01?api-version=2025-03-01",
      "Content": null,
      "isContentBase64": false,
      "Headers": {
        "x-ms-unique-id": [ "299" ],
        "x-ms-client-request-id": [ "b028bd88-2332-432e-b702-d6fa664ad826" ],
        "CommandName": [ "\u0026" ],
        "FullCommandName": [ "Get-AzPolicyDefinition_Get" ],
        "ParameterSetName": [ "__AllParameterSets" ],
        "User-Agent": [ "AzurePowershell/v0.0.0", "PSVersion/v7.5.4", "Az.Policy/9.0.0" ],
        "Authorization": [ "[Filtered]" ]
      },
      "ContentHeaders": {
      }
    },
    "Response": {
      "StatusCode": 200,
      "Headers": {
        "Cache-Control": [ "no-cache" ],
        "Pragma": [ "no-cache" ],
        "Strict-Transport-Security": [ "max-age=31536000; includeSubDomains" ],
        "x-ms-operation-identifier": [ "tenantId=72f988bf-86f1-41af-91ab-2d7cd011db47,objectId=638d92d9-ae3b-4f1d-be91-382dcc631f82/westus2/52412baa-23ef-49f4-82f3-ee38d246a4ea" ],
        "x-ms-ratelimit-remaining-subscription-reads": [ "1099" ],
        "x-ms-ratelimit-remaining-subscription-global-reads": [ "16499" ],
        "x-ms-request-id": [ "66a4a63c-cb35-4daa-8fb5-0accc4e8b4d8" ],
        "x-ms-correlation-request-id": [ "66a4a63c-cb35-4daa-8fb5-0accc4e8b4d8" ],
        "x-ms-routing-request-id": [ "WESTUS2:20260127T002801Z:66a4a63c-cb35-4daa-8fb5-0accc4e8b4d8" ],
        "X-Content-Type-Options": [ "nosniff" ],
        "X-Cache": [ "CONFIG_NOCACHE" ],
        "X-MSEdge-Ref": [ "Ref A: 090AE529B74843F4A2671951D81BFB04 Ref B: MWH011020808034 Ref C: 2026-01-27T00:28:00Z" ],
        "Date": [ "Tue, 27 Jan 2026 00:28:00 GMT" ]
      },
      "ContentHeaders": {
        "Content-Length": [ "900" ],
        "Content-Type": [ "application/json; charset=utf-8" ],
        "Expires": [ "-1" ]
      },
      "Content": "{\"properties\":{\"policyType\":\"Custom\",\"mode\":\"All\",\"description\":\"Unit test junk: sorry for littering. Please delete me!\",\"metadata\":{\"createdBy\":\"638d92d9-ae3b-4f1d-be91-382dcc631f82\",\"createdOn\":\"2026-01-27T00:28:00.5216662Z\",\"updatedBy\":null,\"updatedOn\":null},\"version\":\"1.0.0\",\"policyRule\":{\"if\":{\"source\":\"action\",\"equals\":\"Microsoft.Resources/Subscriptions/ResourceGroups/write\"},\"then\":{\"effect\":\"deny\"}},\"versions\":[\"1.0.0\"]},\"id\":\"/subscriptions/e5a130f3-57fd-46b6-9c55-03d21a853935/providers/Microsoft.Authorization/policyDefinitions/psPolicyDefinitionWithUri01\",\"type\":\"Microsoft.Authorization/policyDefinitions\",\"name\":\"psPolicyDefinitionWithUri01\",\"systemData\":{\"createdBy\":\"zhaocelina@microsoft.com\",\"createdByType\":\"User\",\"createdAt\":\"2026-01-27T00:28:00.5142559Z\",\"lastModifiedBy\":\"zhaocelina@microsoft.com\",\"lastModifiedByType\":\"User\",\"lastModifiedAt\":\"2026-01-27T00:28:00.5142559Z\"}}",
      "isContentBase64": false
    }
  },
  "PolicyDefinitionWithUri+[NoContext]+[NoScenario]+$DELETE+https://management.azure.com/subscriptions/e5a130f3-57fd-46b6-9c55-03d21a853935/providers/Microsoft.Authorization/policyDefinitions/psPolicyDefinitionWithUri01?api-version=2025-03-01+3": {
    "Request": {
      "Method": "DELETE",
      "RequestUri": "https://management.azure.com/subscriptions/e5a130f3-57fd-46b6-9c55-03d21a853935/providers/Microsoft.Authorization/policyDefinitions/psPolicyDefinitionWithUri01?api-version=2025-03-01",
      "Content": null,
      "isContentBase64": false,
      "Headers": {
        "x-ms-unique-id": [ "300" ],
        "x-ms-client-request-id": [ "cb0f0d18-e560-4d90-8309-9f5755313d2b" ],
        "CommandName": [ "\u0026" ],
        "FullCommandName": [ "Remove-AzPolicyDefinition_Delete" ],
        "ParameterSetName": [ "__AllParameterSets" ],
        "User-Agent": [ "AzurePowershell/v0.0.0", "PSVersion/v7.5.4", "Az.Policy/9.0.0" ],
        "Authorization": [ "[Filtered]" ]
      },
      "ContentHeaders": {
      }
    },
    "Response": {
      "StatusCode": 200,
      "Headers": {
        "Cache-Control": [ "no-cache" ],
        "Pragma": [ "no-cache" ],
        "Strict-Transport-Security": [ "max-age=31536000; includeSubDomains" ],
        "x-ms-operation-identifier": [ "tenantId=72f988bf-86f1-41af-91ab-2d7cd011db47,objectId=638d92d9-ae3b-4f1d-be91-382dcc631f82/westus2/c992fc43-dd32-4ab1-995d-27b6876e0ed8" ],
        "x-ms-ratelimit-remaining-subscription-deletes": [ "799" ],
        "x-ms-ratelimit-remaining-subscription-global-deletes": [ "11999" ],
        "x-ms-request-id": [ "e4bf1458-062c-4f2d-a943-0698473353dc" ],
        "x-ms-correlation-request-id": [ "e4bf1458-062c-4f2d-a943-0698473353dc" ],
        "x-ms-routing-request-id": [ "WESTUS2:20260127T002801Z:e4bf1458-062c-4f2d-a943-0698473353dc" ],
        "X-Content-Type-Options": [ "nosniff" ],
        "X-Cache": [ "CONFIG_NOCACHE" ],
        "X-MSEdge-Ref": [ "Ref A: E0825E49369440ECB5C032AF18B4F20C Ref B: MWH011020808034 Ref C: 2026-01-27T00:28:01Z" ],
        "Date": [ "Tue, 27 Jan 2026 00:28:01 GMT" ]
      },
      "ContentHeaders": {
        "Content-Length": [ "900" ],
        "Content-Type": [ "application/json; charset=utf-8" ],
        "Expires": [ "-1" ]
      },
      "Content": "{\"properties\":{\"policyType\":\"Custom\",\"mode\":\"All\",\"description\":\"Unit test junk: sorry for littering. Please delete me!\",\"metadata\":{\"createdBy\":\"638d92d9-ae3b-4f1d-be91-382dcc631f82\",\"createdOn\":\"2026-01-27T00:28:00.5216662Z\",\"updatedBy\":null,\"updatedOn\":null},\"version\":\"1.0.0\",\"policyRule\":{\"if\":{\"source\":\"action\",\"equals\":\"Microsoft.Resources/Subscriptions/ResourceGroups/write\"},\"then\":{\"effect\":\"deny\"}},\"versions\":[\"1.0.0\"]},\"id\":\"/subscriptions/e5a130f3-57fd-46b6-9c55-03d21a853935/providers/Microsoft.Authorization/policyDefinitions/psPolicyDefinitionWithUri01\",\"type\":\"Microsoft.Authorization/policyDefinitions\",\"name\":\"psPolicyDefinitionWithUri01\",\"systemData\":{\"createdBy\":\"zhaocelina@microsoft.com\",\"createdByType\":\"User\",\"createdAt\":\"2026-01-27T00:28:00.5142559Z\",\"lastModifiedBy\":\"zhaocelina@microsoft.com\",\"lastModifiedByType\":\"User\",\"lastModifiedAt\":\"2026-01-27T00:28:00.5142559Z\"}}",
      "isContentBase64": false
    }
  }
}