{
  "PolicyAssignmentWithParameters+[NoContext]+[NoScenario]+$PUT+https://management.azure.com/subscriptions/edb2c18a-04d6-49e9-bc72-e23852f507ad/providers/Microsoft.Authorization/policyDefinitions/psPolicyAssignmentWithParameters01?api-version=2023-04-01+1": {
    "Request": {
      "Method": "PUT",
      "RequestUri": "https://management.azure.com/subscriptions/edb2c18a-04d6-49e9-bc72-e23852f507ad/providers/Microsoft.Authorization/policyDefinitions/psPolicyAssignmentWithParameters01?api-version=2023-04-01",
      "Content": "{\r\n  \"properties\": {\r\n    \"mode\": \"All\",\r\n    \"description\": \"Unit test junk: sorry for littering. Please delete me!\",\r\n    \"policyRule\": {\r\n      \"if\": {\r\n        \"not\": {\r\n          \"field\": \"location\",\r\n          \"in\": \"[parameters(\\u0027listOfAllowedLocations\\u0027)]\"\r\n        }\r\n      },\r\n      \"then\": {\r\n        \"effect\": \"[parameters(\\u0027effectParam\\u0027)]\"\r\n      }\r\n    },\r\n    \"parameters\": {\r\n      \"listOfAllowedLocations\": {\r\n        \"type\": \"array\",\r\n        \"metadata\": {\r\n          \"description\": \"An array of permitted locations for resources.\",\r\n          \"strongType\": \"location\",\r\n          \"displayName\": \"List of locations\"\r\n        }\r\n      },\r\n      \"effectParam\": {\r\n        \"type\": \"string\",\r\n        \"defaultValue\": \"Deny\",\r\n        \"allowedValues\": [ \"Deny\", \"Disabled\" ],\r\n        \"metadata\": {\r\n          \"description\": \"The effect of the policy\",\r\n          \"displayName\": \"Policy Effect\"\r\n        }\r\n      }\r\n    }\r\n  }\r\n}",
      "isContentBase64": false,
      "Headers": {
      },
      "ContentHeaders": {
        "Content-Type": [ "application/json" ],
        "Content-Length": [ "959" ]
      }
    },
    "Response": {
      "StatusCode": 201,
      "Headers": {
        "Cache-Control": [ "no-cache" ],
        "Pragma": [ "no-cache" ],
        "Strict-Transport-Security": [ "max-age=31536000; includeSubDomains" ],
        "x-ms-ratelimit-remaining-subscription-writes": [ "1198" ],
        "x-ms-request-id": [ "a5486c86-30f5-40ec-aff9-4659aafc3085" ],
        "x-ms-correlation-request-id": [ "a5486c86-30f5-40ec-aff9-4659aafc3085" ],
        "x-ms-routing-request-id": [ "WESTUS2:20240905T202420Z:a5486c86-30f5-40ec-aff9-4659aafc3085" ],
        "X-Content-Type-Options": [ "nosniff" ],
        "X-Cache": [ "CONFIG_NOCACHE" ],
        "X-MSEdge-Ref": [ "Ref A: A785DF98F180485FAEFC63D0898EA205 Ref B: CO6AA3150220047 Ref C: 2024-09-05T20:24:20Z" ],
        "Date": [ "Thu, 05 Sep 2024 20:24:20 GMT" ]
      },
      "ContentHeaders": {
        "Content-Length": [ "1294" ],
        "Content-Type": [ "application/json; charset=utf-8" ],
        "Expires": [ "-1" ]
      },
      "Content": "{\"properties\":{\"policyType\":\"Custom\",\"mode\":\"All\",\"description\":\"Unit test junk: sorry for littering. Please delete me!\",\"metadata\":{\"createdBy\":\"3d826307-2481-45a0-a271-bcf9333f914a\",\"createdOn\":\"2024-09-05T20:24:20.694625Z\",\"updatedBy\":null,\"updatedOn\":null},\"version\":\"1.0.0\",\"parameters\":{\"listOfAllowedLocations\":{\"type\":\"array\",\"metadata\":{\"description\":\"An array of permitted locations for resources.\",\"strongType\":\"location\",\"displayName\":\"List of locations\"}},\"effectParam\":{\"type\":\"string\",\"metadata\":{\"description\":\"The effect of the policy\",\"displayName\":\"Policy Effect\"},\"allowedValues\":[\"Deny\",\"Disabled\"],\"defaultValue\":\"Deny\"}},\"policyRule\":{\"if\":{\"not\":{\"field\":\"location\",\"in\":\"[parameters(\u0027listOfAllowedLocations\u0027)]\"}},\"then\":{\"effect\":\"[parameters(\u0027effectParam\u0027)]\"}},\"versions\":[\"1.0.0\"]},\"id\":\"/subscriptions/edb2c18a-04d6-49e9-bc72-e23852f507ad/providers/Microsoft.Authorization/policyDefinitions/psPolicyAssignmentWithParameters01\",\"type\":\"Microsoft.Authorization/policyDefinitions\",\"name\":\"psPolicyAssignmentWithParameters01\",\"systemData\":{\"createdBy\":\"cstack@ntdev.microsoft.com\",\"createdByType\":\"User\",\"createdAt\":\"2024-09-05T20:24:20.6622083Z\",\"lastModifiedBy\":\"cstack@ntdev.microsoft.com\",\"lastModifiedByType\":\"User\",\"lastModifiedAt\":\"2024-09-05T20:24:20.6622083Z\"}}",
      "isContentBase64": false
    }
  },
  "PolicyAssignmentWithParameters+[NoContext]+Make policy assignment with parameters+$PUT+https://management.azure.com//subscriptions/edb2c18a-04d6-49e9-bc72-e23852f507ad/resourceGroups/rg01/providers/Microsoft.Authorization/policyAssignments/psPolicyAssignmentWithParameters02?api-version=2023-04-01+1": {
    "Request": {
      "Method": "PUT",
      "RequestUri": "https://management.azure.com//subscriptions/edb2c18a-04d6-49e9-bc72-e23852f507ad/resourceGroups/rg01/providers/Microsoft.Authorization/policyAssignments/psPolicyAssignmentWithParameters02?api-version=2023-04-01",
      "Content": "{\r\n  \"properties\": {\r\n    \"policyDefinitionId\": \"/subscriptions/edb2c18a-04d6-49e9-bc72-e23852f507ad/providers/Microsoft.Authorization/policyDefinitions/psPolicyAssignmentWithParameters01\",\r\n    \"parameters\": {\r\n      \"listOfAllowedLocations\": {\r\n        \"value\": [ \"West US\", \"West US 2\" ]\r\n      }\r\n    },\r\n    \"description\": \"Unit test junk: sorry for littering. Please delete me!\"\r\n  }\r\n}",
      "isContentBase64": false,
      "Headers": {
      },
      "ContentHeaders": {
        "Content-Type": [ "application/json" ],
        "Content-Length": [ "392" ]
      }
    },
    "Response": {
      "StatusCode": 201,
      "Headers": {
        "Cache-Control": [ "no-cache" ],
        "Pragma": [ "no-cache" ],
        "Strict-Transport-Security": [ "max-age=31536000; includeSubDomains" ],
        "x-ms-ratelimit-remaining-subscription-writes": [ "1197" ],
        "x-ms-request-id": [ "f2600cd2-7b1d-41bb-88f5-4b4eb8446404" ],
        "x-ms-correlation-request-id": [ "f2600cd2-7b1d-41bb-88f5-4b4eb8446404" ],
        "x-ms-routing-request-id": [ "WESTUS2:20240905T202421Z:f2600cd2-7b1d-41bb-88f5-4b4eb8446404" ],
        "X-Content-Type-Options": [ "nosniff" ],
        "X-Cache": [ "CONFIG_NOCACHE" ],
        "X-MSEdge-Ref": [ "Ref A: 23CC1E27499D4A2CBF99BF5BA93B2C2D Ref B: CO6AA3150220047 Ref C: 2024-09-05T20:24:21Z" ],
        "Date": [ "Thu, 05 Sep 2024 20:24:21 GMT" ]
      },
      "ContentHeaders": {
        "Content-Length": [ "1105" ],
        "Content-Type": [ "application/json; charset=utf-8" ],
        "Expires": [ "-1" ]
      },
      "Content": "{\"properties\":{\"policyDefinitionId\":\"/subscriptions/edb2c18a-04d6-49e9-bc72-e23852f507ad/providers/Microsoft.Authorization/policyDefinitions/psPolicyAssignmentWithParameters01\",\"definitionVersion\":\"1.*.*\",\"scope\":\"/subscriptions/edb2c18a-04d6-49e9-bc72-e23852f507ad/resourceGroups/rg01\",\"parameters\":{\"listOfAllowedLocations\":{\"value\":[\"West US\",\"West US 2\"]}},\"description\":\"Unit test junk: sorry for littering. Please delete me!\",\"metadata\":{\"createdBy\":\"3d826307-2481-45a0-a271-bcf9333f914a\",\"createdOn\":\"2024-09-05T20:24:21.2381064Z\",\"updatedBy\":null,\"updatedOn\":null},\"enforcementMode\":\"Default\"},\"id\":\"/subscriptions/edb2c18a-04d6-49e9-bc72-e23852f507ad/resourceGroups/rg01/providers/Microsoft.Authorization/policyAssignments/psPolicyAssignmentWithParameters02\",\"type\":\"Microsoft.Authorization/policyAssignments\",\"name\":\"psPolicyAssignmentWithParameters02\",\"systemData\":{\"createdBy\":\"cstack@ntdev.microsoft.com\",\"createdByType\":\"User\",\"createdAt\":\"2024-09-05T20:24:21.187485Z\",\"lastModifiedBy\":\"cstack@ntdev.microsoft.com\",\"lastModifiedByType\":\"User\",\"lastModifiedAt\":\"2024-09-05T20:24:21.187485Z\"}}",
      "isContentBase64": false
    }
  },
  "PolicyAssignmentWithParameters+[NoContext]+Make policy assignment with parameters+$GET+https://management.azure.com//subscriptions/edb2c18a-04d6-49e9-bc72-e23852f507ad/resourceGroups/rg01/providers/Microsoft.Authorization/policyAssignments/psPolicyAssignmentWithParameters02?api-version=2023-04-01+2": {
    "Request": {
      "Method": "GET",
      "RequestUri": "https://management.azure.com//subscriptions/edb2c18a-04d6-49e9-bc72-e23852f507ad/resourceGroups/rg01/providers/Microsoft.Authorization/policyAssignments/psPolicyAssignmentWithParameters02?api-version=2023-04-01",
      "Content": null,
      "isContentBase64": false,
      "Headers": {
        "x-ms-unique-id": [ "631" ],
        "x-ms-client-request-id": [ "e7e9d643-cbf4-440a-9a6b-30ec5b149f53" ],
        "CommandName": [ "\u0026" ],
        "FullCommandName": [ "Get-AzPolicyAssignment_Get" ],
        "ParameterSetName": [ "__AllParameterSets" ],
        "User-Agent": [ "AzurePowershell/v12.3.0", "PSVersion/v7.4.5", "Az.Policy/0.1.1" ],
        "Authorization": [ "[Filtered]" ]
      },
      "ContentHeaders": {
      }
    },
    "Response": {
      "StatusCode": 200,
      "Headers": {
        "Cache-Control": [ "no-cache" ],
        "Pragma": [ "no-cache" ],
        "Strict-Transport-Security": [ "max-age=31536000; includeSubDomains" ],
        "x-ms-ratelimit-remaining-subscription-reads": [ "11999" ],
        "x-ms-request-id": [ "842e2b36-8808-406a-82e6-1fe18fb0f443" ],
        "x-ms-correlation-request-id": [ "842e2b36-8808-406a-82e6-1fe18fb0f443" ],
        "x-ms-routing-request-id": [ "WESTUS2:20240905T202421Z:842e2b36-8808-406a-82e6-1fe18fb0f443" ],
        "X-Content-Type-Options": [ "nosniff" ],
        "X-Cache": [ "CONFIG_NOCACHE" ],
        "X-MSEdge-Ref": [ "Ref A: 4984234325C049FAA98BE1AECF62A6EA Ref B: CO6AA3150220047 Ref C: 2024-09-05T20:24:21Z" ],
        "Date": [ "Thu, 05 Sep 2024 20:24:21 GMT" ]
      },
      "ContentHeaders": {
        "Content-Length": [ "1105" ],
        "Content-Type": [ "application/json; charset=utf-8" ],
        "Expires": [ "-1" ]
      },
      "Content": "{\"properties\":{\"policyDefinitionId\":\"/subscriptions/edb2c18a-04d6-49e9-bc72-e23852f507ad/providers/Microsoft.Authorization/policyDefinitions/psPolicyAssignmentWithParameters01\",\"definitionVersion\":\"1.*.*\",\"scope\":\"/subscriptions/edb2c18a-04d6-49e9-bc72-e23852f507ad/resourceGroups/rg01\",\"parameters\":{\"listOfAllowedLocations\":{\"value\":[\"West US\",\"West US 2\"]}},\"description\":\"Unit test junk: sorry for littering. Please delete me!\",\"metadata\":{\"createdBy\":\"3d826307-2481-45a0-a271-bcf9333f914a\",\"createdOn\":\"2024-09-05T20:24:21.2381064Z\",\"updatedBy\":null,\"updatedOn\":null},\"enforcementMode\":\"Default\"},\"id\":\"/subscriptions/edb2c18a-04d6-49e9-bc72-e23852f507ad/resourceGroups/rg01/providers/Microsoft.Authorization/policyAssignments/psPolicyAssignmentWithParameters02\",\"type\":\"Microsoft.Authorization/policyAssignments\",\"name\":\"psPolicyAssignmentWithParameters02\",\"systemData\":{\"createdBy\":\"cstack@ntdev.microsoft.com\",\"createdByType\":\"User\",\"createdAt\":\"2024-09-05T20:24:21.187485Z\",\"lastModifiedBy\":\"cstack@ntdev.microsoft.com\",\"lastModifiedByType\":\"User\",\"lastModifiedAt\":\"2024-09-05T20:24:21.187485Z\"}}",
      "isContentBase64": false
    }
  },
  "PolicyAssignmentWithParameters+[NoContext]+Make policy assignment with parameters+$DELETE+https://management.azure.com//subscriptions/edb2c18a-04d6-49e9-bc72-e23852f507ad/resourceGroups/rg01/providers/Microsoft.Authorization/policyAssignments/psPolicyAssignmentWithParameters02?api-version=2023-04-01+3": {
    "Request": {
      "Method": "DELETE",
      "RequestUri": "https://management.azure.com//subscriptions/edb2c18a-04d6-49e9-bc72-e23852f507ad/resourceGroups/rg01/providers/Microsoft.Authorization/policyAssignments/psPolicyAssignmentWithParameters02?api-version=2023-04-01",
      "Content": null,
      "isContentBase64": false,
      "Headers": {
        "x-ms-unique-id": [ "632" ],
        "x-ms-client-request-id": [ "cc4c4c80-edf5-4d47-9637-6fdb63194f06" ],
        "CommandName": [ "\u0026" ],
        "FullCommandName": [ "Remove-AzPolicyAssignment_Delete" ],
        "ParameterSetName": [ "__AllParameterSets" ],
        "User-Agent": [ "AzurePowershell/v12.3.0", "PSVersion/v7.4.5", "Az.Policy/0.1.1" ],
        "Authorization": [ "[Filtered]" ]
      },
      "ContentHeaders": {
      }
    },
    "Response": {
      "StatusCode": 200,
      "Headers": {
        "Cache-Control": [ "no-cache" ],
        "Pragma": [ "no-cache" ],
        "Strict-Transport-Security": [ "max-age=31536000; includeSubDomains" ],
        "x-ms-ratelimit-remaining-subscription-deletes": [ "14999" ],
        "x-ms-request-id": [ "ba73470c-1b46-4038-a00a-855c150bd7cb" ],
        "x-ms-correlation-request-id": [ "ba73470c-1b46-4038-a00a-855c150bd7cb" ],
        "x-ms-routing-request-id": [ "WESTUS2:20240905T202422Z:ba73470c-1b46-4038-a00a-855c150bd7cb" ],
        "X-Content-Type-Options": [ "nosniff" ],
        "X-Cache": [ "CONFIG_NOCACHE" ],
        "X-MSEdge-Ref": [ "Ref A: 3227011AF42243B8A85272E95D019CDC Ref B: CO6AA3150220047 Ref C: 2024-09-05T20:24:21Z" ],
        "Date": [ "Thu, 05 Sep 2024 20:24:21 GMT" ]
      },
      "ContentHeaders": {
        "Content-Length": [ "1105" ],
        "Content-Type": [ "application/json; charset=utf-8" ],
        "Expires": [ "-1" ]
      },
      "Content": "{\"properties\":{\"policyDefinitionId\":\"/subscriptions/edb2c18a-04d6-49e9-bc72-e23852f507ad/providers/Microsoft.Authorization/policyDefinitions/psPolicyAssignmentWithParameters01\",\"definitionVersion\":\"1.*.*\",\"scope\":\"/subscriptions/edb2c18a-04d6-49e9-bc72-e23852f507ad/resourceGroups/rg01\",\"parameters\":{\"listOfAllowedLocations\":{\"value\":[\"West US\",\"West US 2\"]}},\"description\":\"Unit test junk: sorry for littering. Please delete me!\",\"metadata\":{\"createdBy\":\"3d826307-2481-45a0-a271-bcf9333f914a\",\"createdOn\":\"2024-09-05T20:24:21.2381064Z\",\"updatedBy\":null,\"updatedOn\":null},\"enforcementMode\":\"Default\"},\"id\":\"/subscriptions/edb2c18a-04d6-49e9-bc72-e23852f507ad/resourceGroups/rg01/providers/Microsoft.Authorization/policyAssignments/psPolicyAssignmentWithParameters02\",\"type\":\"Microsoft.Authorization/policyAssignments\",\"name\":\"psPolicyAssignmentWithParameters02\",\"systemData\":{\"createdBy\":\"cstack@ntdev.microsoft.com\",\"createdByType\":\"User\",\"createdAt\":\"2024-09-05T20:24:21.187485Z\",\"lastModifiedBy\":\"cstack@ntdev.microsoft.com\",\"lastModifiedByType\":\"User\",\"lastModifiedAt\":\"2024-09-05T20:24:21.187485Z\"}}",
      "isContentBase64": false
    }
  },
  "PolicyAssignmentWithParameters+[NoContext]+Make policy assignment with parameters from a file+$PUT+https://management.azure.com//subscriptions/edb2c18a-04d6-49e9-bc72-e23852f507ad/resourceGroups/rg01/providers/Microsoft.Authorization/policyAssignments/psPolicyAssignmentWithParameters02?api-version=2023-04-01+1": {
    "Request": {
      "Method": "PUT",
      "RequestUri": "https://management.azure.com//subscriptions/edb2c18a-04d6-49e9-bc72-e23852f507ad/resourceGroups/rg01/providers/Microsoft.Authorization/policyAssignments/psPolicyAssignmentWithParameters02?api-version=2023-04-01",
      "Content": "{\r\n  \"properties\": {\r\n    \"policyDefinitionId\": \"/subscriptions/edb2c18a-04d6-49e9-bc72-e23852f507ad/providers/Microsoft.Authorization/policyDefinitions/psPolicyAssignmentWithParameters01\",\r\n    \"parameters\": {\r\n      \"listOfAllowedLocations\": {\r\n        \"value\": [ \"West US\", \"West US 2\" ]\r\n      }\r\n    },\r\n    \"description\": \"Unit test junk: sorry for littering. Please delete me!\"\r\n  }\r\n}",
      "isContentBase64": false,
      "Headers": {
      },
      "ContentHeaders": {
        "Content-Type": [ "application/json" ],
        "Content-Length": [ "392" ]
      }
    },
    "Response": {
      "StatusCode": 201,
      "Headers": {
        "Cache-Control": [ "no-cache" ],
        "Pragma": [ "no-cache" ],
        "Strict-Transport-Security": [ "max-age=31536000; includeSubDomains" ],
        "x-ms-ratelimit-remaining-subscription-writes": [ "1198" ],
        "x-ms-request-id": [ "36423749-8be1-40fc-b88c-966460a62d13" ],
        "x-ms-correlation-request-id": [ "36423749-8be1-40fc-b88c-966460a62d13" ],
        "x-ms-routing-request-id": [ "WESTUS2:20240905T202423Z:36423749-8be1-40fc-b88c-966460a62d13" ],
        "X-Content-Type-Options": [ "nosniff" ],
        "X-Cache": [ "CONFIG_NOCACHE" ],
        "X-MSEdge-Ref": [ "Ref A: 5B27206962DA4DDC99576CEF153D1CC1 Ref B: CO6AA3150220047 Ref C: 2024-09-05T20:24:22Z" ],
        "Date": [ "Thu, 05 Sep 2024 20:24:22 GMT" ]
      },
      "ContentHeaders": {
        "Content-Length": [ "1107" ],
        "Content-Type": [ "application/json; charset=utf-8" ],
        "Expires": [ "-1" ]
      },
      "Content": "{\"properties\":{\"policyDefinitionId\":\"/subscriptions/edb2c18a-04d6-49e9-bc72-e23852f507ad/providers/Microsoft.Authorization/policyDefinitions/psPolicyAssignmentWithParameters01\",\"definitionVersion\":\"1.*.*\",\"scope\":\"/subscriptions/edb2c18a-04d6-49e9-bc72-e23852f507ad/resourceGroups/rg01\",\"parameters\":{\"listOfAllowedLocations\":{\"value\":[\"West US\",\"West US 2\"]}},\"description\":\"Unit test junk: sorry for littering. Please delete me!\",\"metadata\":{\"createdBy\":\"3d826307-2481-45a0-a271-bcf9333f914a\",\"createdOn\":\"2024-09-05T20:24:22.8200567Z\",\"updatedBy\":null,\"updatedOn\":null},\"enforcementMode\":\"Default\"},\"id\":\"/subscriptions/edb2c18a-04d6-49e9-bc72-e23852f507ad/resourceGroups/rg01/providers/Microsoft.Authorization/policyAssignments/psPolicyAssignmentWithParameters02\",\"type\":\"Microsoft.Authorization/policyAssignments\",\"name\":\"psPolicyAssignmentWithParameters02\",\"systemData\":{\"createdBy\":\"cstack@ntdev.microsoft.com\",\"createdByType\":\"User\",\"createdAt\":\"2024-09-05T20:24:22.6771183Z\",\"lastModifiedBy\":\"cstack@ntdev.microsoft.com\",\"lastModifiedByType\":\"User\",\"lastModifiedAt\":\"2024-09-05T20:24:22.6771183Z\"}}",
      "isContentBase64": false
    }
  },
  "PolicyAssignmentWithParameters+[NoContext]+Make policy assignment with parameters from a file+$GET+https://management.azure.com//subscriptions/edb2c18a-04d6-49e9-bc72-e23852f507ad/resourceGroups/rg01/providers/Microsoft.Authorization/policyAssignments/psPolicyAssignmentWithParameters02?api-version=2023-04-01+2": {
    "Request": {
      "Method": "GET",
      "RequestUri": "https://management.azure.com//subscriptions/edb2c18a-04d6-49e9-bc72-e23852f507ad/resourceGroups/rg01/providers/Microsoft.Authorization/policyAssignments/psPolicyAssignmentWithParameters02?api-version=2023-04-01",
      "Content": null,
      "isContentBase64": false,
      "Headers": {
        "x-ms-unique-id": [ "634" ],
        "x-ms-client-request-id": [ "55372d5f-621f-4e1a-8a34-a439addb7da3" ],
        "CommandName": [ "\u0026" ],
        "FullCommandName": [ "Get-AzPolicyAssignment_Get" ],
        "ParameterSetName": [ "__AllParameterSets" ],
        "User-Agent": [ "AzurePowershell/v12.3.0", "PSVersion/v7.4.5", "Az.Policy/0.1.1" ],
        "Authorization": [ "[Filtered]" ]
      },
      "ContentHeaders": {
      }
    },
    "Response": {
      "StatusCode": 200,
      "Headers": {
        "Cache-Control": [ "no-cache" ],
        "Pragma": [ "no-cache" ],
        "Strict-Transport-Security": [ "max-age=31536000; includeSubDomains" ],
        "x-ms-ratelimit-remaining-subscription-reads": [ "11996" ],
        "x-ms-request-id": [ "cfbdb56d-d457-429f-9452-243e7031da45" ],
        "x-ms-correlation-request-id": [ "cfbdb56d-d457-429f-9452-243e7031da45" ],
        "x-ms-routing-request-id": [ "WESTUS2:20240905T202423Z:cfbdb56d-d457-429f-9452-243e7031da45" ],
        "X-Content-Type-Options": [ "nosniff" ],
        "X-Cache": [ "CONFIG_NOCACHE" ],
        "X-MSEdge-Ref": [ "Ref A: 202007E8BCFC46AFA3930966AE024B9C Ref B: CO6AA3150220047 Ref C: 2024-09-05T20:24:23Z" ],
        "Date": [ "Thu, 05 Sep 2024 20:24:22 GMT" ]
      },
      "ContentHeaders": {
        "Content-Length": [ "1107" ],
        "Content-Type": [ "application/json; charset=utf-8" ],
        "Expires": [ "-1" ]
      },
      "Content": "{\"properties\":{\"policyDefinitionId\":\"/subscriptions/edb2c18a-04d6-49e9-bc72-e23852f507ad/providers/Microsoft.Authorization/policyDefinitions/psPolicyAssignmentWithParameters01\",\"definitionVersion\":\"1.*.*\",\"scope\":\"/subscriptions/edb2c18a-04d6-49e9-bc72-e23852f507ad/resourceGroups/rg01\",\"parameters\":{\"listOfAllowedLocations\":{\"value\":[\"West US\",\"West US 2\"]}},\"description\":\"Unit test junk: sorry for littering. Please delete me!\",\"metadata\":{\"createdBy\":\"3d826307-2481-45a0-a271-bcf9333f914a\",\"createdOn\":\"2024-09-05T20:24:22.8200567Z\",\"updatedBy\":null,\"updatedOn\":null},\"enforcementMode\":\"Default\"},\"id\":\"/subscriptions/edb2c18a-04d6-49e9-bc72-e23852f507ad/resourceGroups/rg01/providers/Microsoft.Authorization/policyAssignments/psPolicyAssignmentWithParameters02\",\"type\":\"Microsoft.Authorization/policyAssignments\",\"name\":\"psPolicyAssignmentWithParameters02\",\"systemData\":{\"createdBy\":\"cstack@ntdev.microsoft.com\",\"createdByType\":\"User\",\"createdAt\":\"2024-09-05T20:24:22.6771183Z\",\"lastModifiedBy\":\"cstack@ntdev.microsoft.com\",\"lastModifiedByType\":\"User\",\"lastModifiedAt\":\"2024-09-05T20:24:22.6771183Z\"}}",
      "isContentBase64": false
    }
  },
  "PolicyAssignmentWithParameters+[NoContext]+Update policy assignment parameters+$GET+https://management.azure.com//subscriptions/edb2c18a-04d6-49e9-bc72-e23852f507ad/resourceGroups/rg01/providers/Microsoft.Authorization/policyAssignments/psPolicyAssignmentWithParameters02?api-version=2023-04-01+1": {
    "Request": {
      "Method": "GET",
      "RequestUri": "https://management.azure.com//subscriptions/edb2c18a-04d6-49e9-bc72-e23852f507ad/resourceGroups/rg01/providers/Microsoft.Authorization/policyAssignments/psPolicyAssignmentWithParameters02?api-version=2023-04-01",
      "Content": null,
      "isContentBase64": false,
      "Headers": {
        "x-ms-unique-id": [ "635" ],
        "x-ms-client-request-id": [ "5255da6a-b15f-43bd-9ee1-9195f1d98be6" ],
        "CommandName": [ "\u0026" ],
        "FullCommandName": [ "Get-AzPolicyAssignment_Get1" ],
        "ParameterSetName": [ "__AllParameterSets" ],
        "User-Agent": [ "AzurePowershell/v12.3.0", "PSVersion/v7.4.5", "Az.Policy/0.1.1" ],
        "Authorization": [ "[Filtered]" ]
      },
      "ContentHeaders": {
      }
    },
    "Response": {
      "StatusCode": 200,
      "Headers": {
        "Cache-Control": [ "no-cache" ],
        "Pragma": [ "no-cache" ],
        "Strict-Transport-Security": [ "max-age=31536000; includeSubDomains" ],
        "x-ms-ratelimit-remaining-subscription-reads": [ "11992" ],
        "x-ms-request-id": [ "e5c33273-ad00-47a2-92bc-30591a2c0c72" ],
        "x-ms-correlation-request-id": [ "e5c33273-ad00-47a2-92bc-30591a2c0c72" ],
        "x-ms-routing-request-id": [ "WESTUS2:20240905T202423Z:e5c33273-ad00-47a2-92bc-30591a2c0c72" ],
        "X-Content-Type-Options": [ "nosniff" ],
        "X-Cache": [ "CONFIG_NOCACHE" ],
        "X-MSEdge-Ref": [ "Ref A: 0D1A1681916C4A908BBEEDCFDC198B82 Ref B: CO6AA3150220047 Ref C: 2024-09-05T20:24:23Z" ],
        "Date": [ "Thu, 05 Sep 2024 20:24:22 GMT" ]
      },
      "ContentHeaders": {
        "Content-Length": [ "1107" ],
        "Content-Type": [ "application/json; charset=utf-8" ],
        "Expires": [ "-1" ]
      },
      "Content": "{\"properties\":{\"policyDefinitionId\":\"/subscriptions/edb2c18a-04d6-49e9-bc72-e23852f507ad/providers/Microsoft.Authorization/policyDefinitions/psPolicyAssignmentWithParameters01\",\"definitionVersion\":\"1.*.*\",\"scope\":\"/subscriptions/edb2c18a-04d6-49e9-bc72-e23852f507ad/resourceGroups/rg01\",\"parameters\":{\"listOfAllowedLocations\":{\"value\":[\"West US\",\"West US 2\"]}},\"description\":\"Unit test junk: sorry for littering. Please delete me!\",\"metadata\":{\"createdBy\":\"3d826307-2481-45a0-a271-bcf9333f914a\",\"createdOn\":\"2024-09-05T20:24:22.8200567Z\",\"updatedBy\":null,\"updatedOn\":null},\"enforcementMode\":\"Default\"},\"id\":\"/subscriptions/edb2c18a-04d6-49e9-bc72-e23852f507ad/resourceGroups/rg01/providers/Microsoft.Authorization/policyAssignments/psPolicyAssignmentWithParameters02\",\"type\":\"Microsoft.Authorization/policyAssignments\",\"name\":\"psPolicyAssignmentWithParameters02\",\"systemData\":{\"createdBy\":\"cstack@ntdev.microsoft.com\",\"createdByType\":\"User\",\"createdAt\":\"2024-09-05T20:24:22.6771183Z\",\"lastModifiedBy\":\"cstack@ntdev.microsoft.com\",\"lastModifiedByType\":\"User\",\"lastModifiedAt\":\"2024-09-05T20:24:22.6771183Z\"}}",
      "isContentBase64": false
    }
  },
  "PolicyAssignmentWithParameters+[NoContext]+Update policy assignment parameters+$PUT+https://management.azure.com//subscriptions/edb2c18a-04d6-49e9-bc72-e23852f507ad/resourceGroups/rg01/providers/Microsoft.Authorization/policyAssignments/psPolicyAssignmentWithParameters02?api-version=2023-04-01+2": {
    "Request": {
      "Method": "PUT",
      "RequestUri": "https://management.azure.com//subscriptions/edb2c18a-04d6-49e9-bc72-e23852f507ad/resourceGroups/rg01/providers/Microsoft.Authorization/policyAssignments/psPolicyAssignmentWithParameters02?api-version=2023-04-01",
      "Content": "{\r\n  \"properties\": {\r\n    \"displayName\": \"\",\r\n    \"policyDefinitionId\": \"/subscriptions/edb2c18a-04d6-49e9-bc72-e23852f507ad/providers/Microsoft.Authorization/policyDefinitions/psPolicyAssignmentWithParameters01\",\r\n    \"parameters\": {\r\n      \"listOfAllowedLocations\": {\r\n        \"value\": [ \"something\", \"something else\" ]\r\n      }\r\n    },\r\n    \"description\": \"Unit test junk: sorry for littering. Please delete me!\",\r\n    \"metadata\": {\r\n      \"createdBy\": \"3d826307-2481-45a0-a271-bcf9333f914a\",\r\n      \"createdOn\": \"09/05/2024 20:24:22\"\r\n    }\r\n  }\r\n}",
      "isContentBase64": false,
      "Headers": {
      },
      "ContentHeaders": {
        "Content-Type": [ "application/json" ],
        "Content-Length": [ "552" ]
      }
    },
    "Response": {
      "StatusCode": 201,
      "Headers": {
        "Cache-Control": [ "no-cache" ],
        "Pragma": [ "no-cache" ],
        "Strict-Transport-Security": [ "max-age=31536000; includeSubDomains" ],
        "x-ms-ratelimit-remaining-subscription-writes": [ "1196" ],
        "x-ms-request-id": [ "55477093-65ef-4fec-a5b1-6570f21fb28e" ],
        "x-ms-correlation-request-id": [ "55477093-65ef-4fec-a5b1-6570f21fb28e" ],
        "x-ms-routing-request-id": [ "WESTUS2:20240905T202424Z:55477093-65ef-4fec-a5b1-6570f21fb28e" ],
        "X-Content-Type-Options": [ "nosniff" ],
        "X-Cache": [ "CONFIG_NOCACHE" ],
        "X-MSEdge-Ref": [ "Ref A: E19D6D16C0034F09B4D9A6EE5F98013E Ref B: CO6AA3150220047 Ref C: 2024-09-05T20:24:23Z" ],
        "Date": [ "Thu, 05 Sep 2024 20:24:23 GMT" ]
      },
      "ContentHeaders": {
        "Content-Length": [ "1191" ],
        "Content-Type": [ "application/json; charset=utf-8" ],
        "Expires": [ "-1" ]
      },
      "Content": "{\"properties\":{\"displayName\":\"\",\"policyDefinitionId\":\"/subscriptions/edb2c18a-04d6-49e9-bc72-e23852f507ad/providers/Microsoft.Authorization/policyDefinitions/psPolicyAssignmentWithParameters01\",\"definitionVersion\":\"1.*.*\",\"scope\":\"/subscriptions/edb2c18a-04d6-49e9-bc72-e23852f507ad/resourceGroups/rg01\",\"parameters\":{\"listOfAllowedLocations\":{\"value\":[\"something\",\"something else\"]}},\"description\":\"Unit test junk: sorry for littering. Please delete me!\",\"metadata\":{\"createdBy\":\"3d826307-2481-45a0-a271-bcf9333f914a\",\"createdOn\":\"2024-09-05T20:24:22.8200567Z\",\"updatedBy\":\"3d826307-2481-45a0-a271-bcf9333f914a\",\"updatedOn\":\"2024-09-05T20:24:23.7914454Z\"},\"enforcementMode\":\"Default\"},\"id\":\"/subscriptions/edb2c18a-04d6-49e9-bc72-e23852f507ad/resourceGroups/rg01/providers/Microsoft.Authorization/policyAssignments/psPolicyAssignmentWithParameters02\",\"type\":\"Microsoft.Authorization/policyAssignments\",\"name\":\"psPolicyAssignmentWithParameters02\",\"systemData\":{\"createdBy\":\"cstack@ntdev.microsoft.com\",\"createdByType\":\"User\",\"createdAt\":\"2024-09-05T20:24:22.6771183Z\",\"lastModifiedBy\":\"cstack@ntdev.microsoft.com\",\"lastModifiedByType\":\"User\",\"lastModifiedAt\":\"2024-09-05T20:24:23.6907569Z\"}}",
      "isContentBase64": false
    }
  },
  "PolicyAssignmentWithParameters+[NoContext]+Update policy assignment parameters+$GET+https://management.azure.com//subscriptions/edb2c18a-04d6-49e9-bc72-e23852f507ad/resourceGroups/rg01/providers/Microsoft.Authorization/policyAssignments/psPolicyAssignmentWithParameters02?api-version=2023-04-01+3": {
    "Request": {
      "Method": "GET",
      "RequestUri": "https://management.azure.com//subscriptions/edb2c18a-04d6-49e9-bc72-e23852f507ad/resourceGroups/rg01/providers/Microsoft.Authorization/policyAssignments/psPolicyAssignmentWithParameters02?api-version=2023-04-01",
      "Content": null,
      "isContentBase64": false,
      "Headers": {
        "x-ms-unique-id": [ "637" ],
        "x-ms-client-request-id": [ "1a3f50a2-834a-4690-a592-25af3a377897" ],
        "CommandName": [ "\u0026" ],
        "FullCommandName": [ "Get-AzPolicyAssignment_Get" ],
        "ParameterSetName": [ "__AllParameterSets" ],
        "User-Agent": [ "AzurePowershell/v12.3.0", "PSVersion/v7.4.5", "Az.Policy/0.1.1" ],
        "Authorization": [ "[Filtered]" ]
      },
      "ContentHeaders": {
      }
    },
    "Response": {
      "StatusCode": 200,
      "Headers": {
        "Cache-Control": [ "no-cache" ],
        "Pragma": [ "no-cache" ],
        "Strict-Transport-Security": [ "max-age=31536000; includeSubDomains" ],
        "x-ms-ratelimit-remaining-subscription-reads": [ "11994" ],
        "x-ms-request-id": [ "1320f1ca-1ccd-4fd6-be41-3a77da74526a" ],
        "x-ms-correlation-request-id": [ "1320f1ca-1ccd-4fd6-be41-3a77da74526a" ],
        "x-ms-routing-request-id": [ "WESTUS2:20240905T202424Z:1320f1ca-1ccd-4fd6-be41-3a77da74526a" ],
        "X-Content-Type-Options": [ "nosniff" ],
        "X-Cache": [ "CONFIG_NOCACHE" ],
        "X-MSEdge-Ref": [ "Ref A: 74650A5B81734DFD8CD8843A4D527BCA Ref B: CO6AA3150220047 Ref C: 2024-09-05T20:24:24Z" ],
        "Date": [ "Thu, 05 Sep 2024 20:24:23 GMT" ]
      },
      "ContentHeaders": {
        "Content-Length": [ "1191" ],
        "Content-Type": [ "application/json; charset=utf-8" ],
        "Expires": [ "-1" ]
      },
      "Content": "{\"properties\":{\"displayName\":\"\",\"policyDefinitionId\":\"/subscriptions/edb2c18a-04d6-49e9-bc72-e23852f507ad/providers/Microsoft.Authorization/policyDefinitions/psPolicyAssignmentWithParameters01\",\"definitionVersion\":\"1.*.*\",\"scope\":\"/subscriptions/edb2c18a-04d6-49e9-bc72-e23852f507ad/resourceGroups/rg01\",\"parameters\":{\"listOfAllowedLocations\":{\"value\":[\"something\",\"something else\"]}},\"description\":\"Unit test junk: sorry for littering. Please delete me!\",\"metadata\":{\"createdBy\":\"3d826307-2481-45a0-a271-bcf9333f914a\",\"createdOn\":\"2024-09-05T20:24:22.8200567Z\",\"updatedBy\":\"3d826307-2481-45a0-a271-bcf9333f914a\",\"updatedOn\":\"2024-09-05T20:24:23.7914454Z\"},\"enforcementMode\":\"Default\"},\"id\":\"/subscriptions/edb2c18a-04d6-49e9-bc72-e23852f507ad/resourceGroups/rg01/providers/Microsoft.Authorization/policyAssignments/psPolicyAssignmentWithParameters02\",\"type\":\"Microsoft.Authorization/policyAssignments\",\"name\":\"psPolicyAssignmentWithParameters02\",\"systemData\":{\"createdBy\":\"cstack@ntdev.microsoft.com\",\"createdByType\":\"User\",\"createdAt\":\"2024-09-05T20:24:22.6771183Z\",\"lastModifiedBy\":\"cstack@ntdev.microsoft.com\",\"lastModifiedByType\":\"User\",\"lastModifiedAt\":\"2024-09-05T20:24:23.6907569Z\"}}",
      "isContentBase64": false
    }
  },
  "PolicyAssignmentWithParameters+[NoContext]+Update policy assignment parameters+$DELETE+https://management.azure.com//subscriptions/edb2c18a-04d6-49e9-bc72-e23852f507ad/resourceGroups/rg01/providers/Microsoft.Authorization/policyAssignments/psPolicyAssignmentWithParameters02?api-version=2023-04-01+4": {
    "Request": {
      "Method": "DELETE",
      "RequestUri": "https://management.azure.com//subscriptions/edb2c18a-04d6-49e9-bc72-e23852f507ad/resourceGroups/rg01/providers/Microsoft.Authorization/policyAssignments/psPolicyAssignmentWithParameters02?api-version=2023-04-01",
      "Content": null,
      "isContentBase64": false,
      "Headers": {
        "x-ms-unique-id": [ "638" ],
        "x-ms-client-request-id": [ "d4c0f783-2781-493e-9030-3f181b9ffe78" ],
        "CommandName": [ "\u0026" ],
        "FullCommandName": [ "Remove-AzPolicyAssignment_Delete" ],
        "ParameterSetName": [ "__AllParameterSets" ],
        "User-Agent": [ "AzurePowershell/v12.3.0", "PSVersion/v7.4.5", "Az.Policy/0.1.1" ],
        "Authorization": [ "[Filtered]" ]
      },
      "ContentHeaders": {
      }
    },
    "Response": {
      "StatusCode": 200,
      "Headers": {
        "Cache-Control": [ "no-cache" ],
        "Pragma": [ "no-cache" ],
        "Strict-Transport-Security": [ "max-age=31536000; includeSubDomains" ],
        "x-ms-ratelimit-remaining-subscription-deletes": [ "14998" ],
        "x-ms-request-id": [ "51d45c28-8a23-4a21-95d7-5509845d2d60" ],
        "x-ms-correlation-request-id": [ "51d45c28-8a23-4a21-95d7-5509845d2d60" ],
        "x-ms-routing-request-id": [ "WESTUS2:20240905T202424Z:51d45c28-8a23-4a21-95d7-5509845d2d60" ],
        "X-Content-Type-Options": [ "nosniff" ],
        "X-Cache": [ "CONFIG_NOCACHE" ],
        "X-MSEdge-Ref": [ "Ref A: 9200F6055AF64D9FB2C3F19CDE293758 Ref B: CO6AA3150220047 Ref C: 2024-09-05T20:24:24Z" ],
        "Date": [ "Thu, 05 Sep 2024 20:24:24 GMT" ]
      },
      "ContentHeaders": {
        "Content-Length": [ "1191" ],
        "Content-Type": [ "application/json; charset=utf-8" ],
        "Expires": [ "-1" ]
      },
      "Content": "{\"properties\":{\"displayName\":\"\",\"policyDefinitionId\":\"/subscriptions/edb2c18a-04d6-49e9-bc72-e23852f507ad/providers/Microsoft.Authorization/policyDefinitions/psPolicyAssignmentWithParameters01\",\"definitionVersion\":\"1.*.*\",\"scope\":\"/subscriptions/edb2c18a-04d6-49e9-bc72-e23852f507ad/resourceGroups/rg01\",\"parameters\":{\"listOfAllowedLocations\":{\"value\":[\"something\",\"something else\"]}},\"description\":\"Unit test junk: sorry for littering. Please delete me!\",\"metadata\":{\"createdBy\":\"3d826307-2481-45a0-a271-bcf9333f914a\",\"createdOn\":\"2024-09-05T20:24:22.8200567Z\",\"updatedBy\":\"3d826307-2481-45a0-a271-bcf9333f914a\",\"updatedOn\":\"2024-09-05T20:24:23.7914454Z\"},\"enforcementMode\":\"Default\"},\"id\":\"/subscriptions/edb2c18a-04d6-49e9-bc72-e23852f507ad/resourceGroups/rg01/providers/Microsoft.Authorization/policyAssignments/psPolicyAssignmentWithParameters02\",\"type\":\"Microsoft.Authorization/policyAssignments\",\"name\":\"psPolicyAssignmentWithParameters02\",\"systemData\":{\"createdBy\":\"cstack@ntdev.microsoft.com\",\"createdByType\":\"User\",\"createdAt\":\"2024-09-05T20:24:22.6771183Z\",\"lastModifiedBy\":\"cstack@ntdev.microsoft.com\",\"lastModifiedByType\":\"User\",\"lastModifiedAt\":\"2024-09-05T20:24:23.6907569Z\"}}",
      "isContentBase64": false
    }
  },
  "PolicyAssignmentWithParameters+[NoContext]+Make policy assignment with hashtable of parameters+$PUT+https://management.azure.com//subscriptions/edb2c18a-04d6-49e9-bc72-e23852f507ad/resourceGroups/rg01/providers/Microsoft.Authorization/policyAssignments/psPolicyAssignmentWithParameters02?api-version=2023-04-01+1": {
    "Request": {
      "Method": "PUT",
      "RequestUri": "https://management.azure.com//subscriptions/edb2c18a-04d6-49e9-bc72-e23852f507ad/resourceGroups/rg01/providers/Microsoft.Authorization/policyAssignments/psPolicyAssignmentWithParameters02?api-version=2023-04-01",
      "Content": "{\r\n  \"properties\": {\r\n    \"policyDefinitionId\": \"/subscriptions/edb2c18a-04d6-49e9-bc72-e23852f507ad/providers/Microsoft.Authorization/policyDefinitions/psPolicyAssignmentWithParameters01\",\r\n    \"parameters\": {\r\n      \"listOfAllowedLocations\": {\r\n        \"value\": [ \"West US\", \"West US 2\" ]\r\n      }\r\n    },\r\n    \"description\": \"Unit test junk: sorry for littering. Please delete me!\",\r\n    \"metadata\": {\r\n      \"testName\": \"testValue\"\r\n    }\r\n  }\r\n}",
      "isContentBase64": false,
      "Headers": {
      },
      "ContentHeaders": {
        "Content-Type": [ "application/json" ],
        "Content-Length": [ "450" ]
      }
    },
    "Response": {
      "StatusCode": 201,
      "Headers": {
        "Cache-Control": [ "no-cache" ],
        "Pragma": [ "no-cache" ],
        "Strict-Transport-Security": [ "max-age=31536000; includeSubDomains" ],
        "x-ms-ratelimit-remaining-subscription-writes": [ "1198" ],
        "x-ms-request-id": [ "c458f02b-5ad3-47ea-b546-05efc9e1c529" ],
        "x-ms-correlation-request-id": [ "c458f02b-5ad3-47ea-b546-05efc9e1c529" ],
        "x-ms-routing-request-id": [ "WESTUS2:20240905T202425Z:c458f02b-5ad3-47ea-b546-05efc9e1c529" ],
        "X-Content-Type-Options": [ "nosniff" ],
        "X-Cache": [ "CONFIG_NOCACHE" ],
        "X-MSEdge-Ref": [ "Ref A: F2149BD83CEA4096AC5DA3FE29E48BD3 Ref B: CO6AA3150220047 Ref C: 2024-09-05T20:24:24Z" ],
        "Date": [ "Thu, 05 Sep 2024 20:24:25 GMT" ]
      },
      "ContentHeaders": {
        "Content-Length": [ "1130" ],
        "Content-Type": [ "application/json; charset=utf-8" ],
        "Expires": [ "-1" ]
      },
      "Content": "{\"properties\":{\"policyDefinitionId\":\"/subscriptions/edb2c18a-04d6-49e9-bc72-e23852f507ad/providers/Microsoft.Authorization/policyDefinitions/psPolicyAssignmentWithParameters01\",\"definitionVersion\":\"1.*.*\",\"scope\":\"/subscriptions/edb2c18a-04d6-49e9-bc72-e23852f507ad/resourceGroups/rg01\",\"parameters\":{\"listOfAllowedLocations\":{\"value\":[\"West US\",\"West US 2\"]}},\"description\":\"Unit test junk: sorry for littering. Please delete me!\",\"metadata\":{\"testName\":\"testValue\",\"createdBy\":\"3d826307-2481-45a0-a271-bcf9333f914a\",\"createdOn\":\"2024-09-05T20:24:25.2742635Z\",\"updatedBy\":null,\"updatedOn\":null},\"enforcementMode\":\"Default\"},\"id\":\"/subscriptions/edb2c18a-04d6-49e9-bc72-e23852f507ad/resourceGroups/rg01/providers/Microsoft.Authorization/policyAssignments/psPolicyAssignmentWithParameters02\",\"type\":\"Microsoft.Authorization/policyAssignments\",\"name\":\"psPolicyAssignmentWithParameters02\",\"systemData\":{\"createdBy\":\"cstack@ntdev.microsoft.com\",\"createdByType\":\"User\",\"createdAt\":\"2024-09-05T20:24:25.0873595Z\",\"lastModifiedBy\":\"cstack@ntdev.microsoft.com\",\"lastModifiedByType\":\"User\",\"lastModifiedAt\":\"2024-09-05T20:24:25.0873595Z\"}}",
      "isContentBase64": false
    }
  },
  "PolicyAssignmentWithParameters+[NoContext]+Make policy assignment with hashtable of parameters+$GET+https://management.azure.com//subscriptions/edb2c18a-04d6-49e9-bc72-e23852f507ad/resourceGroups/rg01/providers/Microsoft.Authorization/policyAssignments/psPolicyAssignmentWithParameters02?api-version=2023-04-01+2": {
    "Request": {
      "Method": "GET",
      "RequestUri": "https://management.azure.com//subscriptions/edb2c18a-04d6-49e9-bc72-e23852f507ad/resourceGroups/rg01/providers/Microsoft.Authorization/policyAssignments/psPolicyAssignmentWithParameters02?api-version=2023-04-01",
      "Content": null,
      "isContentBase64": false,
      "Headers": {
        "x-ms-unique-id": [ "640" ],
        "x-ms-client-request-id": [ "8705442d-b82e-4086-ab02-05dfc823ccfa" ],
        "CommandName": [ "\u0026" ],
        "FullCommandName": [ "Get-AzPolicyAssignment_Get" ],
        "ParameterSetName": [ "__AllParameterSets" ],
        "User-Agent": [ "AzurePowershell/v12.3.0", "PSVersion/v7.4.5", "Az.Policy/0.1.1" ],
        "Authorization": [ "[Filtered]" ]
      },
      "ContentHeaders": {
      }
    },
    "Response": {
      "StatusCode": 200,
      "Headers": {
        "Cache-Control": [ "no-cache" ],
        "Pragma": [ "no-cache" ],
        "Strict-Transport-Security": [ "max-age=31536000; includeSubDomains" ],
        "x-ms-ratelimit-remaining-subscription-reads": [ "11996" ],
        "x-ms-request-id": [ "0e1830ab-5977-4b50-9a2f-6d77f727b8e7" ],
        "x-ms-correlation-request-id": [ "0e1830ab-5977-4b50-9a2f-6d77f727b8e7" ],
        "x-ms-routing-request-id": [ "WESTUS2:20240905T202425Z:0e1830ab-5977-4b50-9a2f-6d77f727b8e7" ],
        "X-Content-Type-Options": [ "nosniff" ],
        "X-Cache": [ "CONFIG_NOCACHE" ],
        "X-MSEdge-Ref": [ "Ref A: 1F1EFA2D155447FD9241F9805DE8A692 Ref B: CO6AA3150220047 Ref C: 2024-09-05T20:24:25Z" ],
        "Date": [ "Thu, 05 Sep 2024 20:24:25 GMT" ]
      },
      "ContentHeaders": {
        "Content-Length": [ "1130" ],
        "Content-Type": [ "application/json; charset=utf-8" ],
        "Expires": [ "-1" ]
      },
      "Content": "{\"properties\":{\"policyDefinitionId\":\"/subscriptions/edb2c18a-04d6-49e9-bc72-e23852f507ad/providers/Microsoft.Authorization/policyDefinitions/psPolicyAssignmentWithParameters01\",\"definitionVersion\":\"1.*.*\",\"scope\":\"/subscriptions/edb2c18a-04d6-49e9-bc72-e23852f507ad/resourceGroups/rg01\",\"parameters\":{\"listOfAllowedLocations\":{\"value\":[\"West US\",\"West US 2\"]}},\"description\":\"Unit test junk: sorry for littering. Please delete me!\",\"metadata\":{\"testName\":\"testValue\",\"createdBy\":\"3d826307-2481-45a0-a271-bcf9333f914a\",\"createdOn\":\"2024-09-05T20:24:25.2742635Z\",\"updatedBy\":null,\"updatedOn\":null},\"enforcementMode\":\"Default\"},\"id\":\"/subscriptions/edb2c18a-04d6-49e9-bc72-e23852f507ad/resourceGroups/rg01/providers/Microsoft.Authorization/policyAssignments/psPolicyAssignmentWithParameters02\",\"type\":\"Microsoft.Authorization/policyAssignments\",\"name\":\"psPolicyAssignmentWithParameters02\",\"systemData\":{\"createdBy\":\"cstack@ntdev.microsoft.com\",\"createdByType\":\"User\",\"createdAt\":\"2024-09-05T20:24:25.0873595Z\",\"lastModifiedBy\":\"cstack@ntdev.microsoft.com\",\"lastModifiedByType\":\"User\",\"lastModifiedAt\":\"2024-09-05T20:24:25.0873595Z\"}}",
      "isContentBase64": false
    }
  },
  "PolicyAssignmentWithParameters+[NoContext]+Update policy assignment description and metadata+$GET+https://management.azure.com//subscriptions/edb2c18a-04d6-49e9-bc72-e23852f507ad/resourceGroups/rg01/providers/Microsoft.Authorization/policyAssignments/psPolicyAssignmentWithParameters02?api-version=2023-04-01+1": {
    "Request": {
      "Method": "GET",
      "RequestUri": "https://management.azure.com//subscriptions/edb2c18a-04d6-49e9-bc72-e23852f507ad/resourceGroups/rg01/providers/Microsoft.Authorization/policyAssignments/psPolicyAssignmentWithParameters02?api-version=2023-04-01",
      "Content": null,
      "isContentBase64": false,
      "Headers": {
        "x-ms-unique-id": [ "641" ],
        "x-ms-client-request-id": [ "28601075-0de5-4848-af7a-620add8e5cdf" ],
        "CommandName": [ "\u0026" ],
        "FullCommandName": [ "Get-AzPolicyAssignment_Get1" ],
        "ParameterSetName": [ "__AllParameterSets" ],
        "User-Agent": [ "AzurePowershell/v12.3.0", "PSVersion/v7.4.5", "Az.Policy/0.1.1" ],
        "Authorization": [ "[Filtered]" ]
      },
      "ContentHeaders": {
      }
    },
    "Response": {
      "StatusCode": 200,
      "Headers": {
        "Cache-Control": [ "no-cache" ],
        "Pragma": [ "no-cache" ],
        "Strict-Transport-Security": [ "max-age=31536000; includeSubDomains" ],
        "x-ms-ratelimit-remaining-subscription-reads": [ "11993" ],
        "x-ms-request-id": [ "7dcccbbf-9f04-4f5f-9c26-2a3ac313fe77" ],
        "x-ms-correlation-request-id": [ "7dcccbbf-9f04-4f5f-9c26-2a3ac313fe77" ],
        "x-ms-routing-request-id": [ "WESTUS2:20240905T202425Z:7dcccbbf-9f04-4f5f-9c26-2a3ac313fe77" ],
        "X-Content-Type-Options": [ "nosniff" ],
        "X-Cache": [ "CONFIG_NOCACHE" ],
        "X-MSEdge-Ref": [ "Ref A: 46F9AF11E82942F9939087596E33F21B Ref B: CO6AA3150220047 Ref C: 2024-09-05T20:24:25Z" ],
        "Date": [ "Thu, 05 Sep 2024 20:24:25 GMT" ]
      },
      "ContentHeaders": {
        "Content-Length": [ "1130" ],
        "Content-Type": [ "application/json; charset=utf-8" ],
        "Expires": [ "-1" ]
      },
      "Content": "{\"properties\":{\"policyDefinitionId\":\"/subscriptions/edb2c18a-04d6-49e9-bc72-e23852f507ad/providers/Microsoft.Authorization/policyDefinitions/psPolicyAssignmentWithParameters01\",\"definitionVersion\":\"1.*.*\",\"scope\":\"/subscriptions/edb2c18a-04d6-49e9-bc72-e23852f507ad/resourceGroups/rg01\",\"parameters\":{\"listOfAllowedLocations\":{\"value\":[\"West US\",\"West US 2\"]}},\"description\":\"Unit test junk: sorry for littering. Please delete me!\",\"metadata\":{\"testName\":\"testValue\",\"createdBy\":\"3d826307-2481-45a0-a271-bcf9333f914a\",\"createdOn\":\"2024-09-05T20:24:25.2742635Z\",\"updatedBy\":null,\"updatedOn\":null},\"enforcementMode\":\"Default\"},\"id\":\"/subscriptions/edb2c18a-04d6-49e9-bc72-e23852f507ad/resourceGroups/rg01/providers/Microsoft.Authorization/policyAssignments/psPolicyAssignmentWithParameters02\",\"type\":\"Microsoft.Authorization/policyAssignments\",\"name\":\"psPolicyAssignmentWithParameters02\",\"systemData\":{\"createdBy\":\"cstack@ntdev.microsoft.com\",\"createdByType\":\"User\",\"createdAt\":\"2024-09-05T20:24:25.0873595Z\",\"lastModifiedBy\":\"cstack@ntdev.microsoft.com\",\"lastModifiedByType\":\"User\",\"lastModifiedAt\":\"2024-09-05T20:24:25.0873595Z\"}}",
      "isContentBase64": false
    }
  },
  "PolicyAssignmentWithParameters+[NoContext]+Update policy assignment description and metadata+$PUT+https://management.azure.com//subscriptions/edb2c18a-04d6-49e9-bc72-e23852f507ad/resourceGroups/rg01/providers/Microsoft.Authorization/policyAssignments/psPolicyAssignmentWithParameters02?api-version=2023-04-01+2": {
    "Request": {
      "Method": "PUT",
      "RequestUri": "https://management.azure.com//subscriptions/edb2c18a-04d6-49e9-bc72-e23852f507ad/resourceGroups/rg01/providers/Microsoft.Authorization/policyAssignments/psPolicyAssignmentWithParameters02?api-version=2023-04-01",
      "Content": "{\r\n  \"properties\": {\r\n    \"displayName\": \"\",\r\n    \"policyDefinitionId\": \"/subscriptions/edb2c18a-04d6-49e9-bc72-e23852f507ad/providers/Microsoft.Authorization/policyDefinitions/psPolicyAssignmentWithParameters01\",\r\n    \"parameters\": {\r\n      \"listOfAllowedLocations\": {\r\n        \"value\": [ \"West US\", \"West US 2\" ]\r\n      }\r\n    },\r\n    \"description\": \"Unit test junk: sorry for littering. Please delete me! - Updated\",\r\n    \"metadata\": {\r\n      \"Meta1\": \"Value1\",\r\n      \"Meta2\": {\r\n        \"Meta22\": \"Value22\"\r\n      }\r\n    }\r\n  }\r\n}",
      "isContentBase64": false,
      "Headers": {
      },
      "ContentHeaders": {
        "Content-Type": [ "application/json" ],
        "Content-Length": [ "535" ]
      }
    },
    "Response": {
      "StatusCode": 201,
      "Headers": {
        "Cache-Control": [ "no-cache" ],
        "Pragma": [ "no-cache" ],
        "Strict-Transport-Security": [ "max-age=31536000; includeSubDomains" ],
        "x-ms-ratelimit-remaining-subscription-writes": [ "1199" ],
        "x-ms-request-id": [ "01ad804f-f44b-4553-b8a7-05cc0b7caeec" ],
        "x-ms-correlation-request-id": [ "01ad804f-f44b-4553-b8a7-05cc0b7caeec" ],
        "x-ms-routing-request-id": [ "WESTUS2:20240905T202427Z:01ad804f-f44b-4553-b8a7-05cc0b7caeec" ],
        "X-Content-Type-Options": [ "nosniff" ],
        "X-Cache": [ "CONFIG_NOCACHE" ],
        "X-MSEdge-Ref": [ "Ref A: 490FCE00E81E48BB8BCBB682D6ED413B Ref B: CO6AA3150220047 Ref C: 2024-09-05T20:24:25Z" ],
        "Date": [ "Thu, 05 Sep 2024 20:24:27 GMT" ]
      },
      "ContentHeaders": {
        "Content-Length": [ "1239" ],
        "Content-Type": [ "application/json; charset=utf-8" ],
        "Expires": [ "-1" ]
      },
      "Content": "{\"properties\":{\"displayName\":\"\",\"policyDefinitionId\":\"/subscriptions/edb2c18a-04d6-49e9-bc72-e23852f507ad/providers/Microsoft.Authorization/policyDefinitions/psPolicyAssignmentWithParameters01\",\"definitionVersion\":\"1.*.*\",\"scope\":\"/subscriptions/edb2c18a-04d6-49e9-bc72-e23852f507ad/resourceGroups/rg01\",\"parameters\":{\"listOfAllowedLocations\":{\"value\":[\"West US\",\"West US 2\"]}},\"description\":\"Unit test junk: sorry for littering. Please delete me! - Updated\",\"metadata\":{\"Meta1\":\"Value1\",\"Meta2\":{\"Meta22\":\"Value22\"},\"createdBy\":\"3d826307-2481-45a0-a271-bcf9333f914a\",\"createdOn\":\"2024-09-05T20:24:25.2742635Z\",\"updatedBy\":\"3d826307-2481-45a0-a271-bcf9333f914a\",\"updatedOn\":\"2024-09-05T20:24:27.4161611Z\"},\"enforcementMode\":\"Default\"},\"id\":\"/subscriptions/edb2c18a-04d6-49e9-bc72-e23852f507ad/resourceGroups/rg01/providers/Microsoft.Authorization/policyAssignments/psPolicyAssignmentWithParameters02\",\"type\":\"Microsoft.Authorization/policyAssignments\",\"name\":\"psPolicyAssignmentWithParameters02\",\"systemData\":{\"createdBy\":\"cstack@ntdev.microsoft.com\",\"createdByType\":\"User\",\"createdAt\":\"2024-09-05T20:24:25.0873595Z\",\"lastModifiedBy\":\"cstack@ntdev.microsoft.com\",\"lastModifiedByType\":\"User\",\"lastModifiedAt\":\"2024-09-05T20:24:27.287026Z\"}}",
      "isContentBase64": false
    }
  },
  "PolicyAssignmentWithParameters+[NoContext]+Update policy assignment description and metadata+$GET+https://management.azure.com//subscriptions/edb2c18a-04d6-49e9-bc72-e23852f507ad/resourceGroups/rg01/providers/Microsoft.Authorization/policyAssignments/psPolicyAssignmentWithParameters02?api-version=2023-04-01+3": {
    "Request": {
      "Method": "GET",
      "RequestUri": "https://management.azure.com//subscriptions/edb2c18a-04d6-49e9-bc72-e23852f507ad/resourceGroups/rg01/providers/Microsoft.Authorization/policyAssignments/psPolicyAssignmentWithParameters02?api-version=2023-04-01",
      "Content": null,
      "isContentBase64": false,
      "Headers": {
        "x-ms-unique-id": [ "643" ],
        "x-ms-client-request-id": [ "e2f30f49-15fc-42d5-b417-25412b491293" ],
        "CommandName": [ "\u0026" ],
        "FullCommandName": [ "Get-AzPolicyAssignment_Get" ],
        "ParameterSetName": [ "__AllParameterSets" ],
        "User-Agent": [ "AzurePowershell/v12.3.0", "PSVersion/v7.4.5", "Az.Policy/0.1.1" ],
        "Authorization": [ "[Filtered]" ]
      },
      "ContentHeaders": {
      }
    },
    "Response": {
      "StatusCode": 200,
      "Headers": {
        "Cache-Control": [ "no-cache" ],
        "Pragma": [ "no-cache" ],
        "Strict-Transport-Security": [ "max-age=31536000; includeSubDomains" ],
        "x-ms-ratelimit-remaining-subscription-reads": [ "11993" ],
        "x-ms-request-id": [ "13414b87-1827-4d15-9018-20e564bfa6cf" ],
        "x-ms-correlation-request-id": [ "13414b87-1827-4d15-9018-20e564bfa6cf" ],
        "x-ms-routing-request-id": [ "WESTUS2:20240905T202427Z:13414b87-1827-4d15-9018-20e564bfa6cf" ],
        "X-Content-Type-Options": [ "nosniff" ],
        "X-Cache": [ "CONFIG_NOCACHE" ],
        "X-MSEdge-Ref": [ "Ref A: 59FDDE09B84D438990419B456126D4A8 Ref B: CO6AA3150220047 Ref C: 2024-09-05T20:24:27Z" ],
        "Date": [ "Thu, 05 Sep 2024 20:24:27 GMT" ]
      },
      "ContentHeaders": {
        "Content-Length": [ "1239" ],
        "Content-Type": [ "application/json; charset=utf-8" ],
        "Expires": [ "-1" ]
      },
      "Content": "{\"properties\":{\"displayName\":\"\",\"policyDefinitionId\":\"/subscriptions/edb2c18a-04d6-49e9-bc72-e23852f507ad/providers/Microsoft.Authorization/policyDefinitions/psPolicyAssignmentWithParameters01\",\"definitionVersion\":\"1.*.*\",\"scope\":\"/subscriptions/edb2c18a-04d6-49e9-bc72-e23852f507ad/resourceGroups/rg01\",\"parameters\":{\"listOfAllowedLocations\":{\"value\":[\"West US\",\"West US 2\"]}},\"description\":\"Unit test junk: sorry for littering. Please delete me! - Updated\",\"metadata\":{\"Meta1\":\"Value1\",\"Meta2\":{\"Meta22\":\"Value22\"},\"createdBy\":\"3d826307-2481-45a0-a271-bcf9333f914a\",\"createdOn\":\"2024-09-05T20:24:25.2742635Z\",\"updatedBy\":\"3d826307-2481-45a0-a271-bcf9333f914a\",\"updatedOn\":\"2024-09-05T20:24:27.4161611Z\"},\"enforcementMode\":\"Default\"},\"id\":\"/subscriptions/edb2c18a-04d6-49e9-bc72-e23852f507ad/resourceGroups/rg01/providers/Microsoft.Authorization/policyAssignments/psPolicyAssignmentWithParameters02\",\"type\":\"Microsoft.Authorization/policyAssignments\",\"name\":\"psPolicyAssignmentWithParameters02\",\"systemData\":{\"createdBy\":\"cstack@ntdev.microsoft.com\",\"createdByType\":\"User\",\"createdAt\":\"2024-09-05T20:24:25.0873595Z\",\"lastModifiedBy\":\"cstack@ntdev.microsoft.com\",\"lastModifiedByType\":\"User\",\"lastModifiedAt\":\"2024-09-05T20:24:27.287026Z\"}}",
      "isContentBase64": false
    }
  },
  "PolicyAssignmentWithParameters+[NoContext]+Update policy assignment powershell object parameters+$GET+https://management.azure.com//subscriptions/edb2c18a-04d6-49e9-bc72-e23852f507ad/resourceGroups/rg01/providers/Microsoft.Authorization/policyAssignments/psPolicyAssignmentWithParameters02?api-version=2023-04-01+1": {
    "Request": {
      "Method": "GET",
      "RequestUri": "https://management.azure.com//subscriptions/edb2c18a-04d6-49e9-bc72-e23852f507ad/resourceGroups/rg01/providers/Microsoft.Authorization/policyAssignments/psPolicyAssignmentWithParameters02?api-version=2023-04-01",
      "Content": null,
      "isContentBase64": false,
      "Headers": {
        "x-ms-unique-id": [ "644" ],
        "x-ms-client-request-id": [ "75bee435-3055-45d1-9b13-4fa1287021a9" ],
        "CommandName": [ "\u0026" ],
        "FullCommandName": [ "Get-AzPolicyAssignment_Get1" ],
        "ParameterSetName": [ "__AllParameterSets" ],
        "User-Agent": [ "AzurePowershell/v12.3.0", "PSVersion/v7.4.5", "Az.Policy/0.1.1" ],
        "Authorization": [ "[Filtered]" ]
      },
      "ContentHeaders": {
      }
    },
    "Response": {
      "StatusCode": 200,
      "Headers": {
        "Cache-Control": [ "no-cache" ],
        "Pragma": [ "no-cache" ],
        "Strict-Transport-Security": [ "max-age=31536000; includeSubDomains" ],
        "x-ms-ratelimit-remaining-subscription-reads": [ "11996" ],
        "x-ms-request-id": [ "0b8c0b7e-c1a0-471a-9645-597eb584707e" ],
        "x-ms-correlation-request-id": [ "0b8c0b7e-c1a0-471a-9645-597eb584707e" ],
        "x-ms-routing-request-id": [ "WESTUS2:20240905T202428Z:0b8c0b7e-c1a0-471a-9645-597eb584707e" ],
        "X-Content-Type-Options": [ "nosniff" ],
        "X-Cache": [ "CONFIG_NOCACHE" ],
        "X-MSEdge-Ref": [ "Ref A: 303C9C853EF342FEAAEC9B15B52AB8D2 Ref B: CO6AA3150220047 Ref C: 2024-09-05T20:24:27Z" ],
        "Date": [ "Thu, 05 Sep 2024 20:24:27 GMT" ]
      },
      "ContentHeaders": {
        "Content-Length": [ "1239" ],
        "Content-Type": [ "application/json; charset=utf-8" ],
        "Expires": [ "-1" ]
      },
      "Content": "{\"properties\":{\"displayName\":\"\",\"policyDefinitionId\":\"/subscriptions/edb2c18a-04d6-49e9-bc72-e23852f507ad/providers/Microsoft.Authorization/policyDefinitions/psPolicyAssignmentWithParameters01\",\"definitionVersion\":\"1.*.*\",\"scope\":\"/subscriptions/edb2c18a-04d6-49e9-bc72-e23852f507ad/resourceGroups/rg01\",\"parameters\":{\"listOfAllowedLocations\":{\"value\":[\"West US\",\"West US 2\"]}},\"description\":\"Unit test junk: sorry for littering. Please delete me! - Updated\",\"metadata\":{\"Meta1\":\"Value1\",\"Meta2\":{\"Meta22\":\"Value22\"},\"createdBy\":\"3d826307-2481-45a0-a271-bcf9333f914a\",\"createdOn\":\"2024-09-05T20:24:25.2742635Z\",\"updatedBy\":\"3d826307-2481-45a0-a271-bcf9333f914a\",\"updatedOn\":\"2024-09-05T20:24:27.4161611Z\"},\"enforcementMode\":\"Default\"},\"id\":\"/subscriptions/edb2c18a-04d6-49e9-bc72-e23852f507ad/resourceGroups/rg01/providers/Microsoft.Authorization/policyAssignments/psPolicyAssignmentWithParameters02\",\"type\":\"Microsoft.Authorization/policyAssignments\",\"name\":\"psPolicyAssignmentWithParameters02\",\"systemData\":{\"createdBy\":\"cstack@ntdev.microsoft.com\",\"createdByType\":\"User\",\"createdAt\":\"2024-09-05T20:24:25.0873595Z\",\"lastModifiedBy\":\"cstack@ntdev.microsoft.com\",\"lastModifiedByType\":\"User\",\"lastModifiedAt\":\"2024-09-05T20:24:27.287026Z\"}}",
      "isContentBase64": false
    }
  },
  "PolicyAssignmentWithParameters+[NoContext]+Update policy assignment powershell object parameters+$PUT+https://management.azure.com//subscriptions/edb2c18a-04d6-49e9-bc72-e23852f507ad/resourceGroups/rg01/providers/Microsoft.Authorization/policyAssignments/psPolicyAssignmentWithParameters02?api-version=2023-04-01+2": {
    "Request": {
      "Method": "PUT",
      "RequestUri": "https://management.azure.com//subscriptions/edb2c18a-04d6-49e9-bc72-e23852f507ad/resourceGroups/rg01/providers/Microsoft.Authorization/policyAssignments/psPolicyAssignmentWithParameters02?api-version=2023-04-01",
      "Content": "{\r\n  \"properties\": {\r\n    \"displayName\": \"\",\r\n    \"policyDefinitionId\": \"/subscriptions/edb2c18a-04d6-49e9-bc72-e23852f507ad/providers/Microsoft.Authorization/policyDefinitions/psPolicyAssignmentWithParameters01\",\r\n    \"parameters\": {\r\n      \"listOfAllowedLocations\": {\r\n        \"value\": [ \"West2 US2\", \"West2 US22\" ]\r\n      }\r\n    },\r\n    \"description\": \"Unit test junk: sorry for littering. Please delete me! - Updated\",\r\n    \"metadata\": {\r\n      \"createdOn\": \"09/05/2024 20:24:25\",\r\n      \"Meta2\": \"\",\r\n      \"updatedOn\": \"09/05/2024 20:24:27\",\r\n      \"updatedBy\": \"3d826307-2481-45a0-a271-bcf9333f914a\",\r\n      \"Meta1\": \"Value1\",\r\n      \"createdBy\": \"3d826307-2481-45a0-a271-bcf9333f914a\"\r\n    }\r\n  }\r\n}",
      "isContentBase64": false,
      "Headers": {
      },
      "ContentHeaders": {
        "Content-Type": [ "application/json" ],
        "Content-Length": [ "707" ]
      }
    },
    "Response": {
      "StatusCode": 201,
      "Headers": {
        "Cache-Control": [ "no-cache" ],
        "Pragma": [ "no-cache" ],
        "Strict-Transport-Security": [ "max-age=31536000; includeSubDomains" ],
        "x-ms-ratelimit-remaining-subscription-writes": [ "1199" ],
        "x-ms-request-id": [ "f7337a5c-6d60-4012-9375-514bec224f86" ],
        "x-ms-correlation-request-id": [ "f7337a5c-6d60-4012-9375-514bec224f86" ],
        "x-ms-routing-request-id": [ "WESTUS2:20240905T202428Z:f7337a5c-6d60-4012-9375-514bec224f86" ],
        "X-Content-Type-Options": [ "nosniff" ],
        "X-Cache": [ "CONFIG_NOCACHE" ],
        "X-MSEdge-Ref": [ "Ref A: D517DA4FA1CC4FD1A08AB89C1C3F0BA4 Ref B: CO6AA3150220047 Ref C: 2024-09-05T20:24:28Z" ],
        "Date": [ "Thu, 05 Sep 2024 20:24:28 GMT" ]
      },
      "ContentHeaders": {
        "Content-Length": [ "1225" ],
        "Content-Type": [ "application/json; charset=utf-8" ],
        "Expires": [ "-1" ]
      },
      "Content": "{\"properties\":{\"displayName\":\"\",\"policyDefinitionId\":\"/subscriptions/edb2c18a-04d6-49e9-bc72-e23852f507ad/providers/Microsoft.Authorization/policyDefinitions/psPolicyAssignmentWithParameters01\",\"definitionVersion\":\"1.*.*\",\"scope\":\"/subscriptions/edb2c18a-04d6-49e9-bc72-e23852f507ad/resourceGroups/rg01\",\"parameters\":{\"listOfAllowedLocations\":{\"value\":[\"West2 US2\",\"West2 US22\"]}},\"description\":\"Unit test junk: sorry for littering. Please delete me! - Updated\",\"metadata\":{\"createdOn\":\"2024-09-05T20:24:25.2742635Z\",\"Meta2\":\"\",\"updatedOn\":\"2024-09-05T20:24:28.4971695Z\",\"updatedBy\":\"3d826307-2481-45a0-a271-bcf9333f914a\",\"Meta1\":\"Value1\",\"createdBy\":\"3d826307-2481-45a0-a271-bcf9333f914a\"},\"enforcementMode\":\"Default\"},\"id\":\"/subscriptions/edb2c18a-04d6-49e9-bc72-e23852f507ad/resourceGroups/rg01/providers/Microsoft.Authorization/policyAssignments/psPolicyAssignmentWithParameters02\",\"type\":\"Microsoft.Authorization/policyAssignments\",\"name\":\"psPolicyAssignmentWithParameters02\",\"systemData\":{\"createdBy\":\"cstack@ntdev.microsoft.com\",\"createdByType\":\"User\",\"createdAt\":\"2024-09-05T20:24:25.0873595Z\",\"lastModifiedBy\":\"cstack@ntdev.microsoft.com\",\"lastModifiedByType\":\"User\",\"lastModifiedAt\":\"2024-09-05T20:24:28.4088547Z\"}}",
      "isContentBase64": false
    }
  },
  "PolicyAssignmentWithParameters+[NoContext]+Update policy assignment powershell object parameters+$GET+https://management.azure.com//subscriptions/edb2c18a-04d6-49e9-bc72-e23852f507ad/resourceGroups/rg01/providers/Microsoft.Authorization/policyAssignments/psPolicyAssignmentWithParameters02?api-version=2023-04-01+3": {
    "Request": {
      "Method": "GET",
      "RequestUri": "https://management.azure.com//subscriptions/edb2c18a-04d6-49e9-bc72-e23852f507ad/resourceGroups/rg01/providers/Microsoft.Authorization/policyAssignments/psPolicyAssignmentWithParameters02?api-version=2023-04-01",
      "Content": null,
      "isContentBase64": false,
      "Headers": {
        "x-ms-unique-id": [ "646" ],
        "x-ms-client-request-id": [ "ef0fa8f9-1938-4dc4-a85e-43fdadc0679e" ],
        "CommandName": [ "\u0026" ],
        "FullCommandName": [ "Get-AzPolicyAssignment_Get" ],
        "ParameterSetName": [ "__AllParameterSets" ],
        "User-Agent": [ "AzurePowershell/v12.3.0", "PSVersion/v7.4.5", "Az.Policy/0.1.1" ],
        "Authorization": [ "[Filtered]" ]
      },
      "ContentHeaders": {
      }
    },
    "Response": {
      "StatusCode": 200,
      "Headers": {
        "Cache-Control": [ "no-cache" ],
        "Pragma": [ "no-cache" ],
        "Strict-Transport-Security": [ "max-age=31536000; includeSubDomains" ],
        "x-ms-ratelimit-remaining-subscription-reads": [ "11991" ],
        "x-ms-request-id": [ "2fdd97ea-3b4b-4090-ab0c-69785b0210f9" ],
        "x-ms-correlation-request-id": [ "2fdd97ea-3b4b-4090-ab0c-69785b0210f9" ],
        "x-ms-routing-request-id": [ "WESTUS2:20240905T202428Z:2fdd97ea-3b4b-4090-ab0c-69785b0210f9" ],
        "X-Content-Type-Options": [ "nosniff" ],
        "X-Cache": [ "CONFIG_NOCACHE" ],
        "X-MSEdge-Ref": [ "Ref A: A9AC1192D702414892F1879245CF1CDD Ref B: CO6AA3150220047 Ref C: 2024-09-05T20:24:28Z" ],
        "Date": [ "Thu, 05 Sep 2024 20:24:28 GMT" ]
      },
      "ContentHeaders": {
        "Content-Length": [ "1225" ],
        "Content-Type": [ "application/json; charset=utf-8" ],
        "Expires": [ "-1" ]
      },
      "Content": "{\"properties\":{\"displayName\":\"\",\"policyDefinitionId\":\"/subscriptions/edb2c18a-04d6-49e9-bc72-e23852f507ad/providers/Microsoft.Authorization/policyDefinitions/psPolicyAssignmentWithParameters01\",\"definitionVersion\":\"1.*.*\",\"scope\":\"/subscriptions/edb2c18a-04d6-49e9-bc72-e23852f507ad/resourceGroups/rg01\",\"parameters\":{\"listOfAllowedLocations\":{\"value\":[\"West2 US2\",\"West2 US22\"]}},\"description\":\"Unit test junk: sorry for littering. Please delete me! - Updated\",\"metadata\":{\"createdOn\":\"2024-09-05T20:24:25.2742635Z\",\"Meta2\":\"\",\"updatedOn\":\"2024-09-05T20:24:28.4971695Z\",\"updatedBy\":\"3d826307-2481-45a0-a271-bcf9333f914a\",\"Meta1\":\"Value1\",\"createdBy\":\"3d826307-2481-45a0-a271-bcf9333f914a\"},\"enforcementMode\":\"Default\"},\"id\":\"/subscriptions/edb2c18a-04d6-49e9-bc72-e23852f507ad/resourceGroups/rg01/providers/Microsoft.Authorization/policyAssignments/psPolicyAssignmentWithParameters02\",\"type\":\"Microsoft.Authorization/policyAssignments\",\"name\":\"psPolicyAssignmentWithParameters02\",\"systemData\":{\"createdBy\":\"cstack@ntdev.microsoft.com\",\"createdByType\":\"User\",\"createdAt\":\"2024-09-05T20:24:25.0873595Z\",\"lastModifiedBy\":\"cstack@ntdev.microsoft.com\",\"lastModifiedByType\":\"User\",\"lastModifiedAt\":\"2024-09-05T20:24:28.4088547Z\"}}",
      "isContentBase64": false
    }
  },
  "PolicyAssignmentWithParameters+[NoContext]+[NoScenario]+$DELETE+https://management.azure.com//subscriptions/edb2c18a-04d6-49e9-bc72-e23852f507ad/resourceGroups/rg01/providers/Microsoft.Authorization/policyAssignments/psPolicyAssignmentWithParameters02?api-version=2023-04-01+4": {
    "Request": {
      "Method": "DELETE",
      "RequestUri": "https://management.azure.com//subscriptions/edb2c18a-04d6-49e9-bc72-e23852f507ad/resourceGroups/rg01/providers/Microsoft.Authorization/policyAssignments/psPolicyAssignmentWithParameters02?api-version=2023-04-01",
      "Content": null,
      "isContentBase64": false,
      "Headers": {
        "x-ms-unique-id": [ "647" ],
        "x-ms-client-request-id": [ "96fa609a-5086-40e4-a0cf-231671e4aa0a" ],
        "CommandName": [ "\u0026" ],
        "FullCommandName": [ "Remove-AzPolicyAssignment_Delete" ],
        "ParameterSetName": [ "__AllParameterSets" ],
        "User-Agent": [ "AzurePowershell/v12.3.0", "PSVersion/v7.4.5", "Az.Policy/0.1.1" ],
        "Authorization": [ "[Filtered]" ]
      },
      "ContentHeaders": {
      }
    },
    "Response": {
      "StatusCode": 200,
      "Headers": {
        "Cache-Control": [ "no-cache" ],
        "Pragma": [ "no-cache" ],
        "Strict-Transport-Security": [ "max-age=31536000; includeSubDomains" ],
        "x-ms-ratelimit-remaining-subscription-deletes": [ "14998" ],
        "x-ms-request-id": [ "59de1c0f-497e-44fc-b069-492bc2ccfd57" ],
        "x-ms-correlation-request-id": [ "59de1c0f-497e-44fc-b069-492bc2ccfd57" ],
        "x-ms-routing-request-id": [ "WESTUS2:20240905T202429Z:59de1c0f-497e-44fc-b069-492bc2ccfd57" ],
        "X-Content-Type-Options": [ "nosniff" ],
        "X-Cache": [ "CONFIG_NOCACHE" ],
        "X-MSEdge-Ref": [ "Ref A: FB6E30CFD3A242DDB904E0F0CC9A3A62 Ref B: CO6AA3150220047 Ref C: 2024-09-05T20:24:29Z" ],
        "Date": [ "Thu, 05 Sep 2024 20:24:29 GMT" ]
      },
      "ContentHeaders": {
        "Content-Length": [ "1225" ],
        "Content-Type": [ "application/json; charset=utf-8" ],
        "Expires": [ "-1" ]
      },
      "Content": "{\"properties\":{\"displayName\":\"\",\"policyDefinitionId\":\"/subscriptions/edb2c18a-04d6-49e9-bc72-e23852f507ad/providers/Microsoft.Authorization/policyDefinitions/psPolicyAssignmentWithParameters01\",\"definitionVersion\":\"1.*.*\",\"scope\":\"/subscriptions/edb2c18a-04d6-49e9-bc72-e23852f507ad/resourceGroups/rg01\",\"parameters\":{\"listOfAllowedLocations\":{\"value\":[\"West2 US2\",\"West2 US22\"]}},\"description\":\"Unit test junk: sorry for littering. Please delete me! - Updated\",\"metadata\":{\"createdOn\":\"2024-09-05T20:24:25.2742635Z\",\"Meta2\":\"\",\"updatedOn\":\"2024-09-05T20:24:28.4971695Z\",\"updatedBy\":\"3d826307-2481-45a0-a271-bcf9333f914a\",\"Meta1\":\"Value1\",\"createdBy\":\"3d826307-2481-45a0-a271-bcf9333f914a\"},\"enforcementMode\":\"Default\"},\"id\":\"/subscriptions/edb2c18a-04d6-49e9-bc72-e23852f507ad/resourceGroups/rg01/providers/Microsoft.Authorization/policyAssignments/psPolicyAssignmentWithParameters02\",\"type\":\"Microsoft.Authorization/policyAssignments\",\"name\":\"psPolicyAssignmentWithParameters02\",\"systemData\":{\"createdBy\":\"cstack@ntdev.microsoft.com\",\"createdByType\":\"User\",\"createdAt\":\"2024-09-05T20:24:25.0873595Z\",\"lastModifiedBy\":\"cstack@ntdev.microsoft.com\",\"lastModifiedByType\":\"User\",\"lastModifiedAt\":\"2024-09-05T20:24:28.4088547Z\"}}",
      "isContentBase64": false
    }
  },
  "PolicyAssignmentWithParameters+[NoContext]+[NoScenario]+$DELETE+https://management.azure.com/subscriptions/edb2c18a-04d6-49e9-bc72-e23852f507ad/providers/Microsoft.Authorization/policyDefinitions/psPolicyAssignmentWithParameters01?api-version=2023-04-01+5": {
    "Request": {
      "Method": "DELETE",
      "RequestUri": "https://management.azure.com/subscriptions/edb2c18a-04d6-49e9-bc72-e23852f507ad/providers/Microsoft.Authorization/policyDefinitions/psPolicyAssignmentWithParameters01?api-version=2023-04-01",
      "Content": null,
      "isContentBase64": false,
      "Headers": {
        "x-ms-unique-id": [ "648" ],
        "x-ms-client-request-id": [ "7963f98e-3447-461a-b6b9-9a61a0d22024" ],
        "CommandName": [ "\u0026" ],
        "FullCommandName": [ "Remove-AzPolicyDefinition_Delete" ],
        "ParameterSetName": [ "__AllParameterSets" ],
        "User-Agent": [ "AzurePowershell/v12.3.0", "PSVersion/v7.4.5", "Az.Policy/0.1.1" ],
        "Authorization": [ "[Filtered]" ]
      },
      "ContentHeaders": {
      }
    },
    "Response": {
      "StatusCode": 200,
      "Headers": {
        "Cache-Control": [ "no-cache" ],
        "Pragma": [ "no-cache" ],
        "Strict-Transport-Security": [ "max-age=31536000; includeSubDomains" ],
        "x-ms-ratelimit-remaining-subscription-deletes": [ "14999" ],
        "x-ms-request-id": [ "b2619f27-fe43-4e7c-a59f-9186d8a960d6" ],
        "x-ms-correlation-request-id": [ "b2619f27-fe43-4e7c-a59f-9186d8a960d6" ],
        "x-ms-routing-request-id": [ "WESTUS2:20240905T202430Z:b2619f27-fe43-4e7c-a59f-9186d8a960d6" ],
        "X-Content-Type-Options": [ "nosniff" ],
        "X-Cache": [ "CONFIG_NOCACHE" ],
        "X-MSEdge-Ref": [ "Ref A: C751A35CACE24558913EB47A7FF322E5 Ref B: CO6AA3150220047 Ref C: 2024-09-05T20:24:29Z" ],
        "Date": [ "Thu, 05 Sep 2024 20:24:29 GMT" ]
      },
      "ContentHeaders": {
        "Content-Length": [ "1294" ],
        "Content-Type": [ "application/json; charset=utf-8" ],
        "Expires": [ "-1" ]
      },
      "Content": "{\"properties\":{\"policyType\":\"Custom\",\"mode\":\"All\",\"description\":\"Unit test junk: sorry for littering. Please delete me!\",\"metadata\":{\"createdBy\":\"3d826307-2481-45a0-a271-bcf9333f914a\",\"createdOn\":\"2024-09-05T20:24:20.694625Z\",\"updatedBy\":null,\"updatedOn\":null},\"version\":\"1.0.0\",\"parameters\":{\"listOfAllowedLocations\":{\"type\":\"array\",\"metadata\":{\"description\":\"An array of permitted locations for resources.\",\"strongType\":\"location\",\"displayName\":\"List of locations\"}},\"effectParam\":{\"type\":\"string\",\"metadata\":{\"description\":\"The effect of the policy\",\"displayName\":\"Policy Effect\"},\"allowedValues\":[\"Deny\",\"Disabled\"],\"defaultValue\":\"Deny\"}},\"policyRule\":{\"if\":{\"not\":{\"field\":\"location\",\"in\":\"[parameters(\u0027listOfAllowedLocations\u0027)]\"}},\"then\":{\"effect\":\"[parameters(\u0027effectParam\u0027)]\"}},\"versions\":[\"1.0.0\"]},\"id\":\"/subscriptions/edb2c18a-04d6-49e9-bc72-e23852f507ad/providers/Microsoft.Authorization/policyDefinitions/psPolicyAssignmentWithParameters01\",\"type\":\"Microsoft.Authorization/policyDefinitions\",\"name\":\"psPolicyAssignmentWithParameters01\",\"systemData\":{\"createdBy\":\"cstack@ntdev.microsoft.com\",\"createdByType\":\"User\",\"createdAt\":\"2024-09-05T20:24:20.6622083Z\",\"lastModifiedBy\":\"cstack@ntdev.microsoft.com\",\"lastModifiedByType\":\"User\",\"lastModifiedAt\":\"2024-09-05T20:24:20.6622083Z\"}}",
      "isContentBase64": false
    }
  }
}