{
  "PolicyExemptionCRUDAtManagementGroup+[NoContext]+[NoScenario]+$GET+https://management.azure.com/providers/Microsoft.Authorization/policyDefinitions/0a914e76-4921-4c19-b460-a2d36003525a?api-version=2023-04-01+1": {
    "Request": {
      "Method": "GET",
      "RequestUri": "https://management.azure.com/providers/Microsoft.Authorization/policyDefinitions/0a914e76-4921-4c19-b460-a2d36003525a?api-version=2023-04-01",
      "Content": null,
      "isContentBase64": false,
      "Headers": {
        "x-ms-unique-id": [ "739" ],
        "x-ms-client-request-id": [ "3b61420e-5374-48b2-b76c-fc3b098d3b14" ],
        "CommandName": [ "\u0026" ],
        "FullCommandName": [ "Get-AzPolicyDefinitionBuilt_Get" ],
        "ParameterSetName": [ "__AllParameterSets" ],
        "User-Agent": [ "AzurePowershell/v12.1.0", "PSVersion/v7.4.3", "Az.Policy/0.1.1" ],
        "Authorization": [ "[Filtered]" ]
      },
      "ContentHeaders": {
      }
    },
    "Response": {
      "StatusCode": 200,
      "Headers": {
        "Cache-Control": [ "no-cache" ],
        "Pragma": [ "no-cache" ],
        "Strict-Transport-Security": [ "max-age=31536000; includeSubDomains" ],
        "x-ms-ratelimit-remaining-tenant-reads": [ "11998" ],
        "x-ms-request-id": [ "a2410c8d-ed23-44aa-a55e-1851205f39ba" ],
        "x-ms-correlation-request-id": [ "a2410c8d-ed23-44aa-a55e-1851205f39ba" ],
        "x-ms-routing-request-id": [ "WESTUS2:20240724T224607Z:a2410c8d-ed23-44aa-a55e-1851205f39ba" ],
        "X-Content-Type-Options": [ "nosniff" ],
        "X-Cache": [ "CONFIG_NOCACHE" ],
        "X-MSEdge-Ref": [ "Ref A: E4104FD7303340FCB9E74536373D8F7C Ref B: CO6AA3150220027 Ref C: 2024-07-24T22:46:07Z" ],
        "Date": [ "Wed, 24 Jul 2024 22:46:07 GMT" ]
      },
      "ContentHeaders": {
        "Content-Length": [ "660" ],
        "Content-Type": [ "application/json; charset=utf-8" ],
        "Expires": [ "-1" ]
      },
      "Content": "{\"properties\":{\"displayName\":\"Audit resource location matches resource group location\",\"policyType\":\"BuiltIn\",\"mode\":\"Indexed\",\"description\":\"Audit that the resource location matches its resource group location\",\"metadata\":{\"version\":\"2.0.0\",\"category\":\"General\"},\"version\":\"2.0.0\",\"policyRule\":{\"if\":{\"allOf\":[{\"field\":\"location\",\"notEquals\":\"[resourcegroup().location]\"},{\"field\":\"location\",\"notEquals\":\"global\"}]},\"then\":{\"effect\":\"audit\"}},\"versions\":[\"2.0.0\"]},\"id\":\"/providers/Microsoft.Authorization/policyDefinitions/0a914e76-4921-4c19-b460-a2d36003525a\",\"type\":\"Microsoft.Authorization/policyDefinitions\",\"name\":\"0a914e76-4921-4c19-b460-a2d36003525a\"}",
      "isContentBase64": false
    }
  },
  "PolicyExemptionCRUDAtManagementGroup+[NoContext]+[NoScenario]+$PUT+https://management.azure.com//providers/Microsoft.Management/managementGroups/AzGovPerfTest/providers/Microsoft.Authorization/policyAssignments/ps01141CEAPolicyExemptio?api-version=2023-04-01+2": {
    "Request": {
      "Method": "PUT",
      "RequestUri": "https://management.azure.com//providers/Microsoft.Management/managementGroups/AzGovPerfTest/providers/Microsoft.Authorization/policyAssignments/ps01141CEAPolicyExemptio?api-version=2023-04-01",
      "Content": "{\r\n  \"properties\": {\r\n    \"displayName\": \"Unit test junk: sorry for littering. Please delete me!\",\r\n    \"policyDefinitionId\": \"/providers/Microsoft.Authorization/policyDefinitions/0a914e76-4921-4c19-b460-a2d36003525a\"\r\n  }\r\n}",
      "isContentBase64": false,
      "Headers": {
      },
      "ContentHeaders": {
        "Content-Type": [ "application/json" ],
        "Content-Length": [ "225" ]
      }
    },
    "Response": {
      "StatusCode": 201,
      "Headers": {
        "Cache-Control": [ "no-cache" ],
        "Pragma": [ "no-cache" ],
        "Strict-Transport-Security": [ "max-age=31536000; includeSubDomains" ],
        "x-ms-ratelimit-remaining-tenant-writes": [ "1199" ],
        "x-ms-request-id": [ "ea98f40f-b571-4589-8f2f-f546992e7e96" ],
        "x-ms-correlation-request-id": [ "ea98f40f-b571-4589-8f2f-f546992e7e96" ],
        "x-ms-routing-request-id": [ "WESTUS2:20240724T224608Z:ea98f40f-b571-4589-8f2f-f546992e7e96" ],
        "X-Content-Type-Options": [ "nosniff" ],
        "X-Cache": [ "CONFIG_NOCACHE" ],
        "X-MSEdge-Ref": [ "Ref A: 2B9856CD96D442B8939A5DDFEA05D876 Ref B: CO6AA3150220027 Ref C: 2024-07-24T22:46:07Z" ],
        "Date": [ "Wed, 24 Jul 2024 22:46:07 GMT" ]
      },
      "ContentHeaders": {
        "Content-Length": [ "946" ],
        "Content-Type": [ "application/json; charset=utf-8" ],
        "Expires": [ "-1" ]
      },
      "Content": "{\"properties\":{\"displayName\":\"Unit test junk: sorry for littering. Please delete me!\",\"policyDefinitionId\":\"/providers/Microsoft.Authorization/policyDefinitions/0a914e76-4921-4c19-b460-a2d36003525a\",\"definitionVersion\":\"2.*.*\",\"scope\":\"/providers/Microsoft.Management/managementGroups/AzGovPerfTest\",\"metadata\":{\"createdBy\":\"3d826307-2481-45a0-a271-bcf9333f914a\",\"createdOn\":\"2024-07-24T22:46:07.8521545Z\",\"updatedBy\":null,\"updatedOn\":null},\"enforcementMode\":\"Default\"},\"id\":\"/providers/Microsoft.Management/managementGroups/AzGovPerfTest/providers/Microsoft.Authorization/policyAssignments/ps01141CEAPolicyExemptio\",\"type\":\"Microsoft.Authorization/policyAssignments\",\"name\":\"ps01141CEAPolicyExemptio\",\"systemData\":{\"createdBy\":\"cstack@ntdev.microsoft.com\",\"createdByType\":\"User\",\"createdAt\":\"2024-07-24T22:46:07.8212146Z\",\"lastModifiedBy\":\"cstack@ntdev.microsoft.com\",\"lastModifiedByType\":\"User\",\"lastModifiedAt\":\"2024-07-24T22:46:07.8212146Z\"}}",
      "isContentBase64": false
    }
  },
  "PolicyExemptionCRUDAtManagementGroup+[NoContext]+[NoScenario]+$PUT+https://management.azure.com//providers/Microsoft.Management/managementGroups/AzGovPerfTest/providers/Microsoft.Authorization/policyExemptions/ps02141CEAPolicyExemptio?api-version=2022-07-01-preview+3": {
    "Request": {
      "Method": "PUT",
      "RequestUri": "https://management.azure.com//providers/Microsoft.Management/managementGroups/AzGovPerfTest/providers/Microsoft.Authorization/policyExemptions/ps02141CEAPolicyExemptio?api-version=2022-07-01-preview",
      "Content": "{\r\n  \"properties\": {\r\n    \"policyAssignmentId\": \"/providers/Microsoft.Management/managementGroups/AzGovPerfTest/providers/Microsoft.Authorization/policyAssignments/ps01141CEAPolicyExemptio\",\r\n    \"exemptionCategory\": \"Waiver\",\r\n    \"expiresOn\": \"3021-03-09T07:30:10.0000000Z\",\r\n    \"displayName\": \"Unit test junk: sorry for littering. Please delete me!\",\r\n    \"description\": \"Unit test junk: sorry for littering. Please delete me!\",\r\n    \"metadata\": {\r\n      \"testName\": \"testValue\"\r\n    }\r\n  }\r\n}",
      "isContentBase64": false,
      "Headers": {
      },
      "ContentHeaders": {
        "Content-Type": [ "application/json" ],
        "Content-Length": [ "497" ]
      }
    },
    "Response": {
      "StatusCode": 201,
      "Headers": {
        "Cache-Control": [ "no-cache" ],
        "Pragma": [ "no-cache" ],
        "Strict-Transport-Security": [ "max-age=31536000; includeSubDomains" ],
        "x-ms-ratelimit-remaining-tenant-writes": [ "1199" ],
        "x-ms-request-id": [ "42f7af41-eee9-41c0-9ead-3ed735a25d2d" ],
        "x-ms-correlation-request-id": [ "42f7af41-eee9-41c0-9ead-3ed735a25d2d" ],
        "x-ms-routing-request-id": [ "WESTUS2:20240724T224608Z:42f7af41-eee9-41c0-9ead-3ed735a25d2d" ],
        "X-Content-Type-Options": [ "nosniff" ],
        "X-Cache": [ "CONFIG_NOCACHE" ],
        "X-MSEdge-Ref": [ "Ref A: 9C19B73684F249DC895709BC35681E49 Ref B: CO6AA3150220027 Ref C: 2024-07-24T22:46:08Z" ],
        "Date": [ "Wed, 24 Jul 2024 22:46:08 GMT" ]
      },
      "ContentHeaders": {
        "Content-Length": [ "895" ],
        "Content-Type": [ "application/json; charset=utf-8" ],
        "Expires": [ "-1" ]
      },
      "Content": "{\"properties\":{\"policyAssignmentId\":\"/providers/Microsoft.Management/managementGroups/AzGovPerfTest/providers/Microsoft.Authorization/policyAssignments/ps01141CEAPolicyExemptio\",\"exemptionCategory\":\"Waiver\",\"displayName\":\"Unit test junk: sorry for littering. Please delete me!\",\"description\":\"Unit test junk: sorry for littering. Please delete me!\",\"expiresOn\":\"3021-03-09T07:30:10Z\",\"metadata\":{\"testName\":\"testValue\"}},\"id\":\"/providers/Microsoft.Management/managementGroups/AzGovPerfTest/providers/Microsoft.Authorization/policyExemptions/ps02141CEAPolicyExemptio\",\"type\":\"Microsoft.Authorization/policyExemptions\",\"name\":\"ps02141CEAPolicyExemptio\",\"systemData\":{\"createdBy\":\"cstack@ntdev.microsoft.com\",\"createdByType\":\"User\",\"createdAt\":\"2024-07-24T22:46:08.6909741Z\",\"lastModifiedBy\":\"cstack@ntdev.microsoft.com\",\"lastModifiedByType\":\"User\",\"lastModifiedAt\":\"2024-07-24T22:46:08.6909741Z\"}}",
      "isContentBase64": false
    }
  },
  "PolicyExemptionCRUDAtManagementGroup+[NoContext]+Update policy exemption at MG level+$GET+https://management.azure.com//providers/Microsoft.Management/managementGroups/AzGovPerfTest/providers/Microsoft.Authorization/policyExemptions/ps02141CEAPolicyExemptio?api-version=2022-07-01-preview+1": {
    "Request": {
      "Method": "GET",
      "RequestUri": "https://management.azure.com//providers/Microsoft.Management/managementGroups/AzGovPerfTest/providers/Microsoft.Authorization/policyExemptions/ps02141CEAPolicyExemptio?api-version=2022-07-01-preview",
      "Content": null,
      "isContentBase64": false,
      "Headers": {
        "x-ms-unique-id": [ "742" ],
        "x-ms-client-request-id": [ "fb38f4e9-9d5d-42d2-bc96-e0b7636d0509" ],
        "CommandName": [ "\u0026" ],
        "FullCommandName": [ "Get-AzPolicyExemption_Get" ],
        "ParameterSetName": [ "__AllParameterSets" ],
        "User-Agent": [ "AzurePowershell/v12.1.0", "PSVersion/v7.4.3", "Az.Policy/0.1.1" ],
        "Authorization": [ "[Filtered]" ]
      },
      "ContentHeaders": {
      }
    },
    "Response": {
      "StatusCode": 200,
      "Headers": {
        "Cache-Control": [ "no-cache" ],
        "Pragma": [ "no-cache" ],
        "Strict-Transport-Security": [ "max-age=31536000; includeSubDomains" ],
        "x-ms-ratelimit-remaining-tenant-reads": [ "11995" ],
        "x-ms-request-id": [ "3ab33ca0-018e-49d8-8cba-17a3c7152a3f" ],
        "x-ms-correlation-request-id": [ "3ab33ca0-018e-49d8-8cba-17a3c7152a3f" ],
        "x-ms-routing-request-id": [ "WESTUS2:20240724T224609Z:3ab33ca0-018e-49d8-8cba-17a3c7152a3f" ],
        "X-Content-Type-Options": [ "nosniff" ],
        "X-Cache": [ "CONFIG_NOCACHE" ],
        "X-MSEdge-Ref": [ "Ref A: 0D6AFF57F68140FCBE1FE27C4B3DAC08 Ref B: CO6AA3150220027 Ref C: 2024-07-24T22:46:09Z" ],
        "Date": [ "Wed, 24 Jul 2024 22:46:08 GMT" ]
      },
      "ContentHeaders": {
        "Content-Length": [ "895" ],
        "Content-Type": [ "application/json; charset=utf-8" ],
        "Expires": [ "-1" ]
      },
      "Content": "{\"properties\":{\"policyAssignmentId\":\"/providers/Microsoft.Management/managementGroups/AzGovPerfTest/providers/Microsoft.Authorization/policyAssignments/ps01141CEAPolicyExemptio\",\"exemptionCategory\":\"Waiver\",\"displayName\":\"Unit test junk: sorry for littering. Please delete me!\",\"description\":\"Unit test junk: sorry for littering. Please delete me!\",\"expiresOn\":\"3021-03-09T07:30:10Z\",\"metadata\":{\"testName\":\"testValue\"}},\"id\":\"/providers/Microsoft.Management/managementGroups/AzGovPerfTest/providers/Microsoft.Authorization/policyExemptions/ps02141CEAPolicyExemptio\",\"type\":\"Microsoft.Authorization/policyExemptions\",\"name\":\"ps02141CEAPolicyExemptio\",\"systemData\":{\"createdBy\":\"cstack@ntdev.microsoft.com\",\"createdByType\":\"User\",\"createdAt\":\"2024-07-24T22:46:08.6909741Z\",\"lastModifiedBy\":\"cstack@ntdev.microsoft.com\",\"lastModifiedByType\":\"User\",\"lastModifiedAt\":\"2024-07-24T22:46:08.6909741Z\"}}",
      "isContentBase64": false
    }
  },
  "PolicyExemptionCRUDAtManagementGroup+[NoContext]+Update policy exemption at MG level+$PUT+https://management.azure.com//providers/Microsoft.Management/managementGroups/AzGovPerfTest/providers/Microsoft.Authorization/policyExemptions/ps02141CEAPolicyExemptio?api-version=2022-07-01-preview+2": {
    "Request": {
      "Method": "PUT",
      "RequestUri": "https://management.azure.com//providers/Microsoft.Management/managementGroups/AzGovPerfTest/providers/Microsoft.Authorization/policyExemptions/ps02141CEAPolicyExemptio?api-version=2022-07-01-preview",
      "Content": "{\r\n  \"properties\": {\r\n    \"policyAssignmentId\": \"/providers/Microsoft.Management/managementGroups/AzGovPerfTest/providers/Microsoft.Authorization/policyAssignments/ps01141CEAPolicyExemptio\",\r\n    \"exemptionCategory\": \"Mitigated\",\r\n    \"expiresOn\": \"3021-03-10T07:30:10.0000000Z\",\r\n    \"displayName\": \"testDisplay\",\r\n    \"description\": \"Unit test junk: sorry for littering. Please delete me!\"\r\n  }\r\n}",
      "isContentBase64": false,
      "Headers": {
      },
      "ContentHeaders": {
        "Content-Type": [ "application/json" ],
        "Content-Length": [ "399" ]
      }
    },
    "Response": {
      "StatusCode": 200,
      "Headers": {
        "Cache-Control": [ "no-cache" ],
        "Pragma": [ "no-cache" ],
        "Strict-Transport-Security": [ "max-age=31536000; includeSubDomains" ],
        "x-ms-ratelimit-remaining-tenant-writes": [ "1199" ],
        "x-ms-request-id": [ "5e5b8c39-6cd0-4ee0-bcbf-c50b29399b8e" ],
        "x-ms-correlation-request-id": [ "5e5b8c39-6cd0-4ee0-bcbf-c50b29399b8e" ],
        "x-ms-routing-request-id": [ "WESTUS2:20240724T224609Z:5e5b8c39-6cd0-4ee0-bcbf-c50b29399b8e" ],
        "X-Content-Type-Options": [ "nosniff" ],
        "X-Cache": [ "CONFIG_NOCACHE" ],
        "X-MSEdge-Ref": [ "Ref A: EC5A130E51674722B5BEA184827D5366 Ref B: CO6AA3150220027 Ref C: 2024-07-24T22:46:09Z" ],
        "Date": [ "Wed, 24 Jul 2024 22:46:09 GMT" ]
      },
      "ContentHeaders": {
        "Content-Length": [ "819" ],
        "Content-Type": [ "application/json; charset=utf-8" ],
        "Expires": [ "-1" ]
      },
      "Content": "{\"properties\":{\"policyAssignmentId\":\"/providers/Microsoft.Management/managementGroups/AzGovPerfTest/providers/Microsoft.Authorization/policyAssignments/ps01141CEAPolicyExemptio\",\"exemptionCategory\":\"Mitigated\",\"displayName\":\"testDisplay\",\"description\":\"Unit test junk: sorry for littering. Please delete me!\",\"expiresOn\":\"3021-03-10T07:30:10Z\"},\"id\":\"/providers/Microsoft.Management/managementGroups/AzGovPerfTest/providers/Microsoft.Authorization/policyExemptions/ps02141CEAPolicyExemptio\",\"type\":\"Microsoft.Authorization/policyExemptions\",\"name\":\"ps02141CEAPolicyExemptio\",\"systemData\":{\"createdBy\":\"cstack@ntdev.microsoft.com\",\"createdByType\":\"User\",\"createdAt\":\"2024-07-24T22:46:08.6909741Z\",\"lastModifiedBy\":\"cstack@ntdev.microsoft.com\",\"lastModifiedByType\":\"User\",\"lastModifiedAt\":\"2024-07-24T22:46:09.4164261Z\"}}",
      "isContentBase64": false
    }
  },
  "PolicyExemptionCRUDAtManagementGroup+[NoContext]+Update policy exemption at MG level to clear expiration+$GET+https://management.azure.com//providers/Microsoft.Management/managementGroups/AzGovPerfTest/providers/Microsoft.Authorization/policyExemptions/ps02141CEAPolicyExemptio?api-version=2022-07-01-preview+1": {
    "Request": {
      "Method": "GET",
      "RequestUri": "https://management.azure.com//providers/Microsoft.Management/managementGroups/AzGovPerfTest/providers/Microsoft.Authorization/policyExemptions/ps02141CEAPolicyExemptio?api-version=2022-07-01-preview",
      "Content": null,
      "isContentBase64": false,
      "Headers": {
        "x-ms-unique-id": [ "744" ],
        "x-ms-client-request-id": [ "51f2fd7b-85d5-45ca-94cf-170ebbd4224d" ],
        "CommandName": [ "\u0026" ],
        "FullCommandName": [ "Get-AzPolicyExemption_Get" ],
        "ParameterSetName": [ "__AllParameterSets" ],
        "User-Agent": [ "AzurePowershell/v12.1.0", "PSVersion/v7.4.3", "Az.Policy/0.1.1" ],
        "Authorization": [ "[Filtered]" ]
      },
      "ContentHeaders": {
      }
    },
    "Response": {
      "StatusCode": 200,
      "Headers": {
        "Cache-Control": [ "no-cache" ],
        "Pragma": [ "no-cache" ],
        "Strict-Transport-Security": [ "max-age=31536000; includeSubDomains" ],
        "x-ms-ratelimit-remaining-tenant-reads": [ "11998" ],
        "x-ms-request-id": [ "309c57fb-a836-486a-97b5-67c22195327c" ],
        "x-ms-correlation-request-id": [ "309c57fb-a836-486a-97b5-67c22195327c" ],
        "x-ms-routing-request-id": [ "WESTUS2:20240724T224609Z:309c57fb-a836-486a-97b5-67c22195327c" ],
        "X-Content-Type-Options": [ "nosniff" ],
        "X-Cache": [ "CONFIG_NOCACHE" ],
        "X-MSEdge-Ref": [ "Ref A: AAEC1DF4C8644B8092B5EFC71211F05D Ref B: CO6AA3150220027 Ref C: 2024-07-24T22:46:09Z" ],
        "Date": [ "Wed, 24 Jul 2024 22:46:09 GMT" ]
      },
      "ContentHeaders": {
        "Content-Length": [ "819" ],
        "Content-Type": [ "application/json; charset=utf-8" ],
        "Expires": [ "-1" ]
      },
      "Content": "{\"properties\":{\"policyAssignmentId\":\"/providers/Microsoft.Management/managementGroups/AzGovPerfTest/providers/Microsoft.Authorization/policyAssignments/ps01141CEAPolicyExemptio\",\"exemptionCategory\":\"Mitigated\",\"displayName\":\"testDisplay\",\"description\":\"Unit test junk: sorry for littering. Please delete me!\",\"expiresOn\":\"3021-03-10T07:30:10Z\"},\"id\":\"/providers/Microsoft.Management/managementGroups/AzGovPerfTest/providers/Microsoft.Authorization/policyExemptions/ps02141CEAPolicyExemptio\",\"type\":\"Microsoft.Authorization/policyExemptions\",\"name\":\"ps02141CEAPolicyExemptio\",\"systemData\":{\"createdBy\":\"cstack@ntdev.microsoft.com\",\"createdByType\":\"User\",\"createdAt\":\"2024-07-24T22:46:08.6909741Z\",\"lastModifiedBy\":\"cstack@ntdev.microsoft.com\",\"lastModifiedByType\":\"User\",\"lastModifiedAt\":\"2024-07-24T22:46:09.4164261Z\"}}",
      "isContentBase64": false
    }
  },
  "PolicyExemptionCRUDAtManagementGroup+[NoContext]+Update policy exemption at MG level to clear expiration+$PUT+https://management.azure.com//providers/Microsoft.Management/managementGroups/AzGovPerfTest/providers/Microsoft.Authorization/policyExemptions/ps02141CEAPolicyExemptio?api-version=2022-07-01-preview+2": {
    "Request": {
      "Method": "PUT",
      "RequestUri": "https://management.azure.com//providers/Microsoft.Management/managementGroups/AzGovPerfTest/providers/Microsoft.Authorization/policyExemptions/ps02141CEAPolicyExemptio?api-version=2022-07-01-preview",
      "Content": "{\r\n  \"properties\": {\r\n    \"policyAssignmentId\": \"/providers/Microsoft.Management/managementGroups/AzGovPerfTest/providers/Microsoft.Authorization/policyAssignments/ps01141CEAPolicyExemptio\",\r\n    \"exemptionCategory\": \"Mitigated\",\r\n    \"displayName\": \"testDisplay\",\r\n    \"description\": \"Unit test junk: sorry for littering. Please delete me!\"\r\n  }\r\n}",
      "isContentBase64": false,
      "Headers": {
      },
      "ContentHeaders": {
        "Content-Type": [ "application/json" ],
        "Content-Length": [ "349" ]
      }
    },
    "Response": {
      "StatusCode": 200,
      "Headers": {
        "Cache-Control": [ "no-cache" ],
        "Pragma": [ "no-cache" ],
        "Strict-Transport-Security": [ "max-age=31536000; includeSubDomains" ],
        "x-ms-ratelimit-remaining-tenant-writes": [ "1198" ],
        "x-ms-request-id": [ "45633aa9-9978-463b-bb24-691ecea0c118" ],
        "x-ms-correlation-request-id": [ "45633aa9-9978-463b-bb24-691ecea0c118" ],
        "x-ms-routing-request-id": [ "WESTUS2:20240724T224610Z:45633aa9-9978-463b-bb24-691ecea0c118" ],
        "X-Content-Type-Options": [ "nosniff" ],
        "X-Cache": [ "CONFIG_NOCACHE" ],
        "X-MSEdge-Ref": [ "Ref A: F241FCE87FD54CB69A116A7A4C473076 Ref B: CO6AA3150220027 Ref C: 2024-07-24T22:46:09Z" ],
        "Date": [ "Wed, 24 Jul 2024 22:46:09 GMT" ]
      },
      "ContentHeaders": {
        "Content-Length": [ "784" ],
        "Content-Type": [ "application/json; charset=utf-8" ],
        "Expires": [ "-1" ]
      },
      "Content": "{\"properties\":{\"policyAssignmentId\":\"/providers/Microsoft.Management/managementGroups/AzGovPerfTest/providers/Microsoft.Authorization/policyAssignments/ps01141CEAPolicyExemptio\",\"exemptionCategory\":\"Mitigated\",\"displayName\":\"testDisplay\",\"description\":\"Unit test junk: sorry for littering. Please delete me!\"},\"id\":\"/providers/Microsoft.Management/managementGroups/AzGovPerfTest/providers/Microsoft.Authorization/policyExemptions/ps02141CEAPolicyExemptio\",\"type\":\"Microsoft.Authorization/policyExemptions\",\"name\":\"ps02141CEAPolicyExemptio\",\"systemData\":{\"createdBy\":\"cstack@ntdev.microsoft.com\",\"createdByType\":\"User\",\"createdAt\":\"2024-07-24T22:46:08.6909741Z\",\"lastModifiedBy\":\"cstack@ntdev.microsoft.com\",\"lastModifiedByType\":\"User\",\"lastModifiedAt\":\"2024-07-24T22:46:09.9409891Z\"}}",
      "isContentBase64": false
    }
  },
  "PolicyExemptionCRUDAtManagementGroup+[NoContext]+List policy exemptions at MG level+$PUT+https://management.azure.com//providers/Microsoft.Management/managementGroups/AzGovPerfTest/providers/Microsoft.Authorization/policyExemptions/ps03141CEAPolicyExemptio?api-version=2022-07-01-preview+1": {
    "Request": {
      "Method": "PUT",
      "RequestUri": "https://management.azure.com//providers/Microsoft.Management/managementGroups/AzGovPerfTest/providers/Microsoft.Authorization/policyExemptions/ps03141CEAPolicyExemptio?api-version=2022-07-01-preview",
      "Content": "{\r\n  \"properties\": {\r\n    \"policyAssignmentId\": \"/providers/Microsoft.Management/managementGroups/AzGovPerfTest/providers/Microsoft.Authorization/policyAssignments/ps01141CEAPolicyExemptio\",\r\n    \"exemptionCategory\": \"Mitigated\",\r\n    \"expiresOn\": \"3021-03-10T07:30:10.0000000Z\"\r\n  }\r\n}",
      "isContentBase64": false,
      "Headers": {
      },
      "ContentHeaders": {
        "Content-Type": [ "application/json" ],
        "Content-Length": [ "286" ]
      }
    },
    "Response": {
      "StatusCode": 201,
      "Headers": {
        "Cache-Control": [ "no-cache" ],
        "Pragma": [ "no-cache" ],
        "Strict-Transport-Security": [ "max-age=31536000; includeSubDomains" ],
        "x-ms-ratelimit-remaining-tenant-writes": [ "1198" ],
        "x-ms-request-id": [ "85410941-78df-4c95-bbc2-f6df8b57bc12" ],
        "x-ms-correlation-request-id": [ "85410941-78df-4c95-bbc2-f6df8b57bc12" ],
        "x-ms-routing-request-id": [ "WESTUS2:20240724T224610Z:85410941-78df-4c95-bbc2-f6df8b57bc12" ],
        "X-Content-Type-Options": [ "nosniff" ],
        "X-Cache": [ "CONFIG_NOCACHE" ],
        "X-MSEdge-Ref": [ "Ref A: CA1C044FEBCE4F65802FFC18C911BEAB Ref B: CO6AA3150220027 Ref C: 2024-07-24T22:46:10Z" ],
        "Date": [ "Wed, 24 Jul 2024 22:46:10 GMT" ]
      },
      "ContentHeaders": {
        "Content-Length": [ "720" ],
        "Content-Type": [ "application/json; charset=utf-8" ],
        "Expires": [ "-1" ]
      },
      "Content": "{\"properties\":{\"policyAssignmentId\":\"/providers/Microsoft.Management/managementGroups/AzGovPerfTest/providers/Microsoft.Authorization/policyAssignments/ps01141CEAPolicyExemptio\",\"exemptionCategory\":\"Mitigated\",\"expiresOn\":\"3021-03-10T07:30:10Z\"},\"id\":\"/providers/Microsoft.Management/managementGroups/AzGovPerfTest/providers/Microsoft.Authorization/policyExemptions/ps03141CEAPolicyExemptio\",\"type\":\"Microsoft.Authorization/policyExemptions\",\"name\":\"ps03141CEAPolicyExemptio\",\"systemData\":{\"createdBy\":\"cstack@ntdev.microsoft.com\",\"createdByType\":\"User\",\"createdAt\":\"2024-07-24T22:46:10.4030575Z\",\"lastModifiedBy\":\"cstack@ntdev.microsoft.com\",\"lastModifiedByType\":\"User\",\"lastModifiedAt\":\"2024-07-24T22:46:10.4030575Z\"}}",
      "isContentBase64": false
    }
  },
  "PolicyExemptionCRUDAtManagementGroup+[NoContext]+List policy exemptions at MG level+$GET+https://management.azure.com/providers/Microsoft.Management/managementGroups/AzGovPerfTest/providers/Microsoft.Authorization/policyExemptions?$filter=atScope()\u0026api-version=2022-07-01-preview+2": {
    "Request": {
      "Method": "GET",
      "RequestUri": "https://management.azure.com/providers/Microsoft.Management/managementGroups/AzGovPerfTest/providers/Microsoft.Authorization/policyExemptions?$filter=atScope()\u0026api-version=2022-07-01-preview",
      "Content": null,
      "isContentBase64": false,
      "Headers": {
        "x-ms-unique-id": [ "747" ],
        "x-ms-client-request-id": [ "d1b36ae9-7504-4418-99a2-aa77552c2fc8" ],
        "CommandName": [ "\u0026" ],
        "FullCommandName": [ "Get-AzPolicyExemption_List3" ],
        "ParameterSetName": [ "__AllParameterSets" ],
        "User-Agent": [ "AzurePowershell/v12.1.0", "PSVersion/v7.4.3", "Az.Policy/0.1.1" ],
        "Authorization": [ "[Filtered]" ]
      },
      "ContentHeaders": {
      }
    },
    "Response": {
      "StatusCode": 200,
      "Headers": {
        "Cache-Control": [ "no-cache" ],
        "Pragma": [ "no-cache" ],
        "Strict-Transport-Security": [ "max-age=31536000; includeSubDomains" ],
        "x-ms-ratelimit-remaining-tenant-reads": [ "11997" ],
        "x-ms-request-id": [ "9c39dcbf-8495-435c-a226-13e29fc3b432" ],
        "x-ms-correlation-request-id": [ "9c39dcbf-8495-435c-a226-13e29fc3b432" ],
        "x-ms-routing-request-id": [ "WESTUS2:20240724T224610Z:9c39dcbf-8495-435c-a226-13e29fc3b432" ],
        "X-Content-Type-Options": [ "nosniff" ],
        "X-Cache": [ "CONFIG_NOCACHE" ],
        "X-MSEdge-Ref": [ "Ref A: E28DEAFFAD114F428005712DFDFED3A9 Ref B: CO6AA3150220027 Ref C: 2024-07-24T22:46:10Z" ],
        "Date": [ "Wed, 24 Jul 2024 22:46:10 GMT" ]
      },
      "ContentHeaders": {
        "Content-Length": [ "4127" ],
        "Content-Type": [ "application/json; charset=utf-8" ],
        "Expires": [ "-1" ]
      },
      "Content": "{\"value\":[{\"properties\":{\"policyAssignmentId\":\"/providers/Microsoft.Management/managementGroups/AzGovPerfTest/providers/Microsoft.Authorization/policyAssignments/e4d662572b4f40409eed77e8\",\"policyDefinitionReferenceIds\":[],\"exemptionCategory\":\"Mitigated\",\"displayName\":\"Azure Governance Performance Test - tony-test-modifyDenyMG\",\"description\":\"\",\"expiresOn\":\"2024-02-10T08:00:00Z\",\"resourceSelectors\":[],\"metadata\":{}},\"id\":\"/providers/Microsoft.Management/managementGroups/AzGovPerfTest/providers/Microsoft.Authorization/policyExemptions/411d2dfc3efb44bc89510bf3\",\"type\":\"Microsoft.Authorization/policyExemptions\",\"name\":\"411d2dfc3efb44bc89510bf3\",\"systemData\":{\"createdBy\":\"qingyechen@microsoft.com\",\"createdByType\":\"User\",\"createdAt\":\"2024-01-18T19:32:04.6336364Z\",\"lastModifiedBy\":\"qingyechen@microsoft.com\",\"lastModifiedByType\":\"User\",\"lastModifiedAt\":\"2024-02-01T05:41:56.656852Z\"}},{\"properties\":{\"policyAssignmentId\":\"/providers/Microsoft.Management/managementGroups/AzGovPerfTest/providers/Microsoft.Authorization/policyAssignments/46aec00d695c4c83b704a532\",\"policyDefinitionReferenceIds\":[],\"exemptionCategory\":\"Waiver\",\"displayName\":\"Azure Governance Performance Test - robga keyvault location\",\"description\":\"\",\"resourceSelectors\":[{\"name\":\"1\",\"selectors\":[{\"kind\":\"resourceLocation\",\"in\":[\"westus\"]}]}],\"metadata\":{}},\"id\":\"/providers/Microsoft.Management/managementGroups/AzGovPerfTest/providers/Microsoft.Authorization/policyExemptions/949bf29bfc4d493da3d53e91\",\"type\":\"Microsoft.Authorization/policyExemptions\",\"name\":\"949bf29bfc4d493da3d53e91\",\"systemData\":{\"createdBy\":\"robga@microsoft.com\",\"createdByType\":\"User\",\"createdAt\":\"2024-06-06T17:03:40.4464856Z\",\"lastModifiedBy\":\"robga@microsoft.com\",\"lastModifiedByType\":\"User\",\"lastModifiedAt\":\"2024-06-06T17:27:21.7158092Z\"}},{\"properties\":{\"policyAssignmentId\":\"/providers/Microsoft.Management/managementGroups/AzGovPerfTest/providers/Microsoft.Authorization/policyAssignments/ps01141CEAPolicyExemptio\",\"exemptionCategory\":\"Mitigated\",\"displayName\":\"testDisplay\",\"description\":\"Unit test junk: sorry for littering. Please delete me!\"},\"id\":\"/providers/Microsoft.Management/managementGroups/AzGovPerfTest/providers/Microsoft.Authorization/policyExemptions/ps02141CEAPolicyExemptio\",\"type\":\"Microsoft.Authorization/policyExemptions\",\"name\":\"ps02141CEAPolicyExemptio\",\"systemData\":{\"createdBy\":\"cstack@ntdev.microsoft.com\",\"createdByType\":\"User\",\"createdAt\":\"2024-07-24T22:46:08.6909741Z\",\"lastModifiedBy\":\"cstack@ntdev.microsoft.com\",\"lastModifiedByType\":\"User\",\"lastModifiedAt\":\"2024-07-24T22:46:09.9409891Z\"}},{\"properties\":{\"policyAssignmentId\":\"/providers/Microsoft.Management/managementGroups/AzGovPerfTest/providers/Microsoft.Authorization/policyAssignments/ps01141CEAPolicyExemptio\",\"exemptionCategory\":\"Mitigated\",\"expiresOn\":\"3021-03-10T07:30:10Z\"},\"id\":\"/providers/Microsoft.Management/managementGroups/AzGovPerfTest/providers/Microsoft.Authorization/policyExemptions/ps03141CEAPolicyExemptio\",\"type\":\"Microsoft.Authorization/policyExemptions\",\"name\":\"ps03141CEAPolicyExemptio\",\"systemData\":{\"createdBy\":\"cstack@ntdev.microsoft.com\",\"createdByType\":\"User\",\"createdAt\":\"2024-07-24T22:46:10.4030575Z\",\"lastModifiedBy\":\"cstack@ntdev.microsoft.com\",\"lastModifiedByType\":\"User\",\"lastModifiedAt\":\"2024-07-24T22:46:10.4030575Z\"}},{\"properties\":{\"policyAssignmentId\":\"/providers/Microsoft.Management/managementGroups/AzGovPerfTest/providers/Microsoft.Authorization/policyAssignments/c691bb62817b40fda56c1b77\",\"policyDefinitionReferenceIds\":[],\"exemptionCategory\":\"Waiver\",\"displayName\":\"Azure Governance Performance Test - qingye-test-exemptionOnMG\",\"resourceSelectors\":[],\"metadata\":{}},\"id\":\"/providers/Microsoft.Management/managementGroups/AzGovPerfTest/providers/Microsoft.Authorization/policyExemptions/dcfaaf0f40374736afbffed9\",\"type\":\"Microsoft.Authorization/policyExemptions\",\"name\":\"dcfaaf0f40374736afbffed9\",\"systemData\":{\"createdBy\":\"qingyechen@microsoft.com\",\"createdByType\":\"User\",\"createdAt\":\"2023-06-27T17:08:45.1562625Z\",\"lastModifiedBy\":\"qingyechen@microsoft.com\",\"lastModifiedByType\":\"User\",\"lastModifiedAt\":\"2023-06-27T17:08:45.1562625Z\"}}]}",
      "isContentBase64": false
    }
  },
  "PolicyExemptionCRUDAtManagementGroup+[NoContext]+[NoScenario]+$DELETE+https://management.azure.com//providers/Microsoft.Management/managementGroups/AzGovPerfTest/providers/Microsoft.Authorization/policyExemptions/ps02141CEAPolicyExemptio?api-version=2022-07-01-preview+3": {
    "Request": {
      "Method": "DELETE",
      "RequestUri": "https://management.azure.com//providers/Microsoft.Management/managementGroups/AzGovPerfTest/providers/Microsoft.Authorization/policyExemptions/ps02141CEAPolicyExemptio?api-version=2022-07-01-preview",
      "Content": null,
      "isContentBase64": false,
      "Headers": {
        "x-ms-unique-id": [ "748" ],
        "x-ms-client-request-id": [ "b346a792-d181-45f9-9ead-9fb2163c6b79" ],
        "CommandName": [ "\u0026" ],
        "FullCommandName": [ "Remove-AzPolicyExemption_Delete" ],
        "ParameterSetName": [ "__AllParameterSets" ],
        "User-Agent": [ "AzurePowershell/v12.1.0", "PSVersion/v7.4.3", "Az.Policy/0.1.1" ],
        "Authorization": [ "[Filtered]" ]
      },
      "ContentHeaders": {
      }
    },
    "Response": {
      "StatusCode": 200,
      "Headers": {
        "Cache-Control": [ "no-cache" ],
        "Pragma": [ "no-cache" ],
        "Strict-Transport-Security": [ "max-age=31536000; includeSubDomains" ],
        "x-ms-ratelimit-remaining-tenant-deletes": [ "14999" ],
        "x-ms-request-id": [ "60414c86-e7be-4df9-b0e5-82959b044ab6" ],
        "x-ms-correlation-request-id": [ "60414c86-e7be-4df9-b0e5-82959b044ab6" ],
        "x-ms-routing-request-id": [ "WESTUS2:20240724T224611Z:60414c86-e7be-4df9-b0e5-82959b044ab6" ],
        "X-Content-Type-Options": [ "nosniff" ],
        "X-Cache": [ "CONFIG_NOCACHE" ],
        "X-MSEdge-Ref": [ "Ref A: AF1D105D568E44D8B72A2EA94609D1F4 Ref B: CO6AA3150220027 Ref C: 2024-07-24T22:46:11Z" ],
        "Date": [ "Wed, 24 Jul 2024 22:46:10 GMT" ]
      },
      "ContentHeaders": {
        "Content-Length": [ "784" ],
        "Content-Type": [ "application/json; charset=utf-8" ],
        "Expires": [ "-1" ]
      },
      "Content": "{\"properties\":{\"policyAssignmentId\":\"/providers/Microsoft.Management/managementGroups/AzGovPerfTest/providers/Microsoft.Authorization/policyAssignments/ps01141CEAPolicyExemptio\",\"exemptionCategory\":\"Mitigated\",\"displayName\":\"testDisplay\",\"description\":\"Unit test junk: sorry for littering. Please delete me!\"},\"id\":\"/providers/Microsoft.Management/managementGroups/AzGovPerfTest/providers/Microsoft.Authorization/policyExemptions/ps02141CEAPolicyExemptio\",\"type\":\"Microsoft.Authorization/policyExemptions\",\"name\":\"ps02141CEAPolicyExemptio\",\"systemData\":{\"createdBy\":\"cstack@ntdev.microsoft.com\",\"createdByType\":\"User\",\"createdAt\":\"2024-07-24T22:46:08.6909741Z\",\"lastModifiedBy\":\"cstack@ntdev.microsoft.com\",\"lastModifiedByType\":\"User\",\"lastModifiedAt\":\"2024-07-24T22:46:09.9409891Z\"}}",
      "isContentBase64": false
    }
  },
  "PolicyExemptionCRUDAtManagementGroup+[NoContext]+[NoScenario]+$DELETE+https://management.azure.com//providers/Microsoft.Management/managementGroups/AzGovPerfTest/providers/Microsoft.Authorization/policyExemptions/ps03141CEAPolicyExemptio?api-version=2022-07-01-preview+4": {
    "Request": {
      "Method": "DELETE",
      "RequestUri": "https://management.azure.com//providers/Microsoft.Management/managementGroups/AzGovPerfTest/providers/Microsoft.Authorization/policyExemptions/ps03141CEAPolicyExemptio?api-version=2022-07-01-preview",
      "Content": null,
      "isContentBase64": false,
      "Headers": {
        "x-ms-unique-id": [ "749" ],
        "x-ms-client-request-id": [ "f4d633b1-1212-4d05-a509-dac1f50b55aa" ],
        "CommandName": [ "\u0026" ],
        "FullCommandName": [ "Remove-AzPolicyExemption_Delete" ],
        "ParameterSetName": [ "__AllParameterSets" ],
        "User-Agent": [ "AzurePowershell/v12.1.0", "PSVersion/v7.4.3", "Az.Policy/0.1.1" ],
        "Authorization": [ "[Filtered]" ]
      },
      "ContentHeaders": {
      }
    },
    "Response": {
      "StatusCode": 200,
      "Headers": {
        "Cache-Control": [ "no-cache" ],
        "Pragma": [ "no-cache" ],
        "Strict-Transport-Security": [ "max-age=31536000; includeSubDomains" ],
        "x-ms-ratelimit-remaining-tenant-deletes": [ "14999" ],
        "x-ms-request-id": [ "298c0929-aa47-4593-97ed-9770b32359bf" ],
        "x-ms-correlation-request-id": [ "298c0929-aa47-4593-97ed-9770b32359bf" ],
        "x-ms-routing-request-id": [ "WESTUS2:20240724T224611Z:298c0929-aa47-4593-97ed-9770b32359bf" ],
        "X-Content-Type-Options": [ "nosniff" ],
        "X-Cache": [ "CONFIG_NOCACHE" ],
        "X-MSEdge-Ref": [ "Ref A: F7AB4E650B9B4F928CC8FD3608B82DE8 Ref B: CO6AA3150220027 Ref C: 2024-07-24T22:46:11Z" ],
        "Date": [ "Wed, 24 Jul 2024 22:46:11 GMT" ]
      },
      "ContentHeaders": {
        "Content-Length": [ "720" ],
        "Content-Type": [ "application/json; charset=utf-8" ],
        "Expires": [ "-1" ]
      },
      "Content": "{\"properties\":{\"policyAssignmentId\":\"/providers/Microsoft.Management/managementGroups/AzGovPerfTest/providers/Microsoft.Authorization/policyAssignments/ps01141CEAPolicyExemptio\",\"exemptionCategory\":\"Mitigated\",\"expiresOn\":\"3021-03-10T07:30:10Z\"},\"id\":\"/providers/Microsoft.Management/managementGroups/AzGovPerfTest/providers/Microsoft.Authorization/policyExemptions/ps03141CEAPolicyExemptio\",\"type\":\"Microsoft.Authorization/policyExemptions\",\"name\":\"ps03141CEAPolicyExemptio\",\"systemData\":{\"createdBy\":\"cstack@ntdev.microsoft.com\",\"createdByType\":\"User\",\"createdAt\":\"2024-07-24T22:46:10.4030575Z\",\"lastModifiedBy\":\"cstack@ntdev.microsoft.com\",\"lastModifiedByType\":\"User\",\"lastModifiedAt\":\"2024-07-24T22:46:10.4030575Z\"}}",
      "isContentBase64": false
    }
  },
  "PolicyExemptionCRUDAtManagementGroup+[NoContext]+[NoScenario]+$DELETE+https://management.azure.com//providers/Microsoft.Management/managementGroups/AzGovPerfTest/providers/Microsoft.Authorization/policyAssignments/ps01141CEAPolicyExemptio?api-version=2023-04-01+5": {
    "Request": {
      "Method": "DELETE",
      "RequestUri": "https://management.azure.com//providers/Microsoft.Management/managementGroups/AzGovPerfTest/providers/Microsoft.Authorization/policyAssignments/ps01141CEAPolicyExemptio?api-version=2023-04-01",
      "Content": null,
      "isContentBase64": false,
      "Headers": {
        "x-ms-unique-id": [ "750" ],
        "x-ms-client-request-id": [ "9d6ad558-6e54-4e42-b0af-c9e3a6c77098" ],
        "CommandName": [ "\u0026" ],
        "FullCommandName": [ "Remove-AzPolicyAssignment_Delete" ],
        "ParameterSetName": [ "__AllParameterSets" ],
        "User-Agent": [ "AzurePowershell/v12.1.0", "PSVersion/v7.4.3", "Az.Policy/0.1.1" ],
        "Authorization": [ "[Filtered]" ]
      },
      "ContentHeaders": {
      }
    },
    "Response": {
      "StatusCode": 200,
      "Headers": {
        "Cache-Control": [ "no-cache" ],
        "Pragma": [ "no-cache" ],
        "Strict-Transport-Security": [ "max-age=31536000; includeSubDomains" ],
        "x-ms-ratelimit-remaining-tenant-deletes": [ "14999" ],
        "x-ms-request-id": [ "b71d70ca-e62c-417a-8c59-824d50076323" ],
        "x-ms-correlation-request-id": [ "b71d70ca-e62c-417a-8c59-824d50076323" ],
        "x-ms-routing-request-id": [ "WESTUS2:20240724T224612Z:b71d70ca-e62c-417a-8c59-824d50076323" ],
        "X-Content-Type-Options": [ "nosniff" ],
        "X-Cache": [ "CONFIG_NOCACHE" ],
        "X-MSEdge-Ref": [ "Ref A: 626BD78E8D264021B18CA6C7F395310E Ref B: CO6AA3150220027 Ref C: 2024-07-24T22:46:11Z" ],
        "Date": [ "Wed, 24 Jul 2024 22:46:11 GMT" ]
      },
      "ContentHeaders": {
        "Content-Length": [ "946" ],
        "Content-Type": [ "application/json; charset=utf-8" ],
        "Expires": [ "-1" ]
      },
      "Content": "{\"properties\":{\"displayName\":\"Unit test junk: sorry for littering. Please delete me!\",\"policyDefinitionId\":\"/providers/Microsoft.Authorization/policyDefinitions/0a914e76-4921-4c19-b460-a2d36003525a\",\"definitionVersion\":\"2.*.*\",\"scope\":\"/providers/Microsoft.Management/managementGroups/AzGovPerfTest\",\"metadata\":{\"createdBy\":\"3d826307-2481-45a0-a271-bcf9333f914a\",\"createdOn\":\"2024-07-24T22:46:07.8521545Z\",\"updatedBy\":null,\"updatedOn\":null},\"enforcementMode\":\"Default\"},\"id\":\"/providers/Microsoft.Management/managementGroups/AzGovPerfTest/providers/Microsoft.Authorization/policyAssignments/ps01141CEAPolicyExemptio\",\"type\":\"Microsoft.Authorization/policyAssignments\",\"name\":\"ps01141CEAPolicyExemptio\",\"systemData\":{\"createdBy\":\"cstack@ntdev.microsoft.com\",\"createdByType\":\"User\",\"createdAt\":\"2024-07-24T22:46:07.8212146Z\",\"lastModifiedBy\":\"cstack@ntdev.microsoft.com\",\"lastModifiedByType\":\"User\",\"lastModifiedAt\":\"2024-07-24T22:46:07.8212146Z\"}}",
      "isContentBase64": false
    }
  }
}