{
  "PolicySetDefinitionReferencePolicyDefinitionVersion+[NoContext]+[NoScenario]+$GET+https://management.azure.com/subscriptions/e5a130f3-57fd-46b6-9c55-03d21a853935/providers/Microsoft.Authorization/policyDefinitions/36fd7371-8eb7-4321-9c30-a7100022d048?api-version=2025-03-01+1": {
    "Request": {
      "Method": "GET",
      "RequestUri": "https://management.azure.com/subscriptions/e5a130f3-57fd-46b6-9c55-03d21a853935/providers/Microsoft.Authorization/policyDefinitions/36fd7371-8eb7-4321-9c30-a7100022d048?api-version=2025-03-01",
      "Content": null,
      "isContentBase64": false,
      "Headers": {
        "x-ms-unique-id": [ "404" ],
        "x-ms-client-request-id": [ "2cd47de5-b299-4885-b62e-114433b7163f" ],
        "CommandName": [ "\u0026" ],
        "FullCommandName": [ "Get-AzPolicyDefinition_Get" ],
        "ParameterSetName": [ "__AllParameterSets" ],
        "User-Agent": [ "AzurePowershell/v0.0.0", "PSVersion/v7.5.4", "Az.Policy/9.0.0" ],
        "Authorization": [ "[Filtered]" ]
      },
      "ContentHeaders": {
      }
    },
    "Response": {
      "StatusCode": 404,
      "Headers": {
        "Cache-Control": [ "no-store, no-cache" ],
        "Pragma": [ "no-cache" ],
        "x-ms-operation-identifier": [ "tenantId=72f988bf-86f1-41af-91ab-2d7cd011db47,objectId=638d92d9-ae3b-4f1d-be91-382dcc631f82/westus2/4d1e25f7-fec0-4bd6-9148-bf464f98ee88" ],
        "x-ms-ratelimit-remaining-subscription-reads": [ "1099" ],
        "x-ms-ratelimit-remaining-subscription-global-reads": [ "16499" ],
        "x-ms-request-id": [ "e5857e19-51c5-4263-9276-68a9f57169da" ],
        "x-ms-correlation-request-id": [ "e5857e19-51c5-4263-9276-68a9f57169da" ],
        "x-ms-routing-request-id": [ "WESTUS2:20260127T002859Z:e5857e19-51c5-4263-9276-68a9f57169da" ],
        "Strict-Transport-Security": [ "max-age=31536000; includeSubDomains" ],
        "X-Content-Type-Options": [ "nosniff" ],
        "X-Cache": [ "CONFIG_NOCACHE" ],
        "X-MSEdge-Ref": [ "Ref A: 1E79F7BC325E4E8B99EA8F0BC0BF3F94 Ref B: MWH011020808034 Ref C: 2026-01-27T00:28:59Z" ],
        "Date": [ "Tue, 27 Jan 2026 00:28:58 GMT" ]
      },
      "ContentHeaders": {
        "Content-Length": [ "138" ],
        "Content-Type": [ "application/json" ],
        "Expires": [ "-1" ]
      },
      "Content": "{\"error\":{\"code\":\"PolicyDefinitionNotFound\",\"message\":\"The policy definition \u002736fd7371-8eb7-4321-9c30-a7100022d048\u0027 could not be found.\"}}",
      "isContentBase64": false
    }
  },
  "PolicySetDefinitionReferencePolicyDefinitionVersion+[NoContext]+[NoScenario]+$GET+https://management.azure.com/providers/Microsoft.Authorization/policyDefinitions/36fd7371-8eb7-4321-9c30-a7100022d048?api-version=2025-03-01+2": {
    "Request": {
      "Method": "GET",
      "RequestUri": "https://management.azure.com/providers/Microsoft.Authorization/policyDefinitions/36fd7371-8eb7-4321-9c30-a7100022d048?api-version=2025-03-01",
      "Content": null,
      "isContentBase64": false,
      "Headers": {
        "x-ms-unique-id": [ "405" ],
        "x-ms-client-request-id": [ "b107dad5-2796-4cdc-bc28-cb02bdf12503" ],
        "CommandName": [ "\u0026" ],
        "FullCommandName": [ "Get-AzPolicyDefinitionBuilt_Get" ],
        "ParameterSetName": [ "__AllParameterSets" ],
        "User-Agent": [ "AzurePowershell/v0.0.0", "PSVersion/v7.5.4", "Az.Policy/9.0.0" ],
        "Authorization": [ "[Filtered]" ]
      },
      "ContentHeaders": {
      }
    },
    "Response": {
      "StatusCode": 200,
      "Headers": {
        "Cache-Control": [ "no-cache" ],
        "Pragma": [ "no-cache" ],
        "x-ms-operation-identifier": [ "" ],
        "Strict-Transport-Security": [ "max-age=31536000; includeSubDomains" ],
        "x-ms-ratelimit-remaining-tenant-reads": [ "2199" ],
        "x-ms-request-id": [ "0ced4f8c-2514-458a-9ed0-5f7454e49a06" ],
        "x-ms-correlation-request-id": [ "0ced4f8c-2514-458a-9ed0-5f7454e49a06" ],
        "x-ms-routing-request-id": [ "WESTUS2:20260127T002859Z:0ced4f8c-2514-458a-9ed0-5f7454e49a06" ],
        "X-Content-Type-Options": [ "nosniff" ],
        "X-Cache": [ "CONFIG_NOCACHE" ],
        "X-MSEdge-Ref": [ "Ref A: 76D26D76905243179123724C2F79C349 Ref B: MWH011020808034 Ref C: 2026-01-27T00:28:59Z" ],
        "Date": [ "Tue, 27 Jan 2026 00:28:59 GMT" ]
      },
      "ContentHeaders": {
        "Content-Length": [ "1039" ],
        "Content-Type": [ "application/json; charset=utf-8" ],
        "Expires": [ "-1" ]
      },
      "Content": "{\"properties\":{\"displayName\":\"Requires resources to not have a specific tag. This is a versioning test built-in.\",\"policyType\":\"BuiltIn\",\"mode\":\"Indexed\",\"description\":\"Denies the creation of a resource that contains the given tag. Does not apply to resource groups.\",\"metadata\":{\"version\":\"2.0.1\",\"category\":\"BuiltInPolicyTest\"},\"version\":\"2.0.1\",\"parameters\":{\"tagName\":{\"type\":\"String\",\"metadata\":{\"displayName\":\"Tag Name\",\"description\":\"Name of the tag.\"}},\"effect\":{\"type\":\"String\",\"metadata\":{\"displayName\":\"Effect\",\"description\":\"Enable or disable the execution of the policy\"},\"allowedValues\":[\"Audit\",\"Deny\",\"Disabled\"],\"defaultValue\":\"Audit\"}},\"policyRule\":{\"if\":{\"field\":\"[concat(\u0027tags[\u0027, parameters(\u0027tagName\u0027), \u0027]\u0027)]\",\"exists\":\"true\"},\"then\":{\"effect\":\"[parameters(\u0027effect\u0027)]\"}},\"versions\":[\"2.0.1\",\"2.0.0\",\"1.1.1\",\"1.0.1\",\"1.0.0\"]},\"id\":\"/providers/Microsoft.Authorization/policyDefinitions/36fd7371-8eb7-4321-9c30-a7100022d048\",\"type\":\"Microsoft.Authorization/policyDefinitions\",\"name\":\"36fd7371-8eb7-4321-9c30-a7100022d048\"}",
      "isContentBase64": false
    }
  },
  "PolicySetDefinitionReferencePolicyDefinitionVersion+[NoContext]+Make and validate a policy set definition with version reference+$PUT+https://management.azure.com/subscriptions/e5a130f3-57fd-46b6-9c55-03d21a853935/providers/Microsoft.Authorization/policySetDefinitions/psPolicySetDefinitionReferencePolicyDefinitionVersion01?api-version=2025-03-01+1": {
    "Request": {
      "Method": "PUT",
      "RequestUri": "https://management.azure.com/subscriptions/e5a130f3-57fd-46b6-9c55-03d21a853935/providers/Microsoft.Authorization/policySetDefinitions/psPolicySetDefinitionReferencePolicyDefinitionVersion01?api-version=2025-03-01",
      "Content": "{\r\n  \"properties\": {\r\n    \"description\": \"Unit test junk: sorry for littering. Please delete me!\",\r\n    \"metadata\": {\r\n      \"testName\": \"testValue\"\r\n    },\r\n    \"parameters\": {\r\n      \"tagName\": {\r\n        \"type\": \"string\"\r\n      }\r\n    },\r\n    \"policyDefinitions\": [\r\n      {\r\n        \"policyDefinitionId\": \"/providers/Microsoft.Authorization/policyDefinitions/36fd7371-8eb7-4321-9c30-a7100022d048\",\r\n        \"definitionVersion\": \"1.0.*\",\r\n        \"parameters\": {\r\n          \"tagName_v1\": {\r\n            \"value\": \"[parameters(\\u0027tagName\\u0027)]\"\r\n          }\r\n        }\r\n      }\r\n    ]\r\n  }\r\n}",
      "isContentBase64": false,
      "Headers": {
      },
      "ContentHeaders": {
        "Content-Type": [ "application/json" ],
        "Content-Length": [ "598" ]
      }
    },
    "Response": {
      "StatusCode": 201,
      "Headers": {
        "Cache-Control": [ "no-cache" ],
        "Pragma": [ "no-cache" ],
        "Strict-Transport-Security": [ "max-age=31536000; includeSubDomains" ],
        "x-ms-operation-identifier": [ "tenantId=72f988bf-86f1-41af-91ab-2d7cd011db47,objectId=638d92d9-ae3b-4f1d-be91-382dcc631f82/westus2/7b1dfc9f-8e68-461e-93b5-dee1a2164b76" ],
        "x-ms-ratelimit-remaining-subscription-writes": [ "799" ],
        "x-ms-ratelimit-remaining-subscription-global-writes": [ "11999" ],
        "x-ms-request-id": [ "cee11cc9-bfb7-430c-8d85-01f1fcd39004" ],
        "x-ms-correlation-request-id": [ "cee11cc9-bfb7-430c-8d85-01f1fcd39004" ],
        "x-ms-routing-request-id": [ "WESTUS2:20260127T002900Z:cee11cc9-bfb7-430c-8d85-01f1fcd39004" ],
        "X-Content-Type-Options": [ "nosniff" ],
        "X-Cache": [ "CONFIG_NOCACHE" ],
        "X-MSEdge-Ref": [ "Ref A: 7BB2D7733451410CAE333262AA72A9B4 Ref B: MWH011020808034 Ref C: 2026-01-27T00:28:59Z" ],
        "Date": [ "Tue, 27 Jan 2026 00:28:59 GMT" ]
      },
      "ContentHeaders": {
        "Content-Length": [ "1166" ],
        "Content-Type": [ "application/json; charset=utf-8" ],
        "Expires": [ "-1" ]
      },
      "Content": "{\"properties\":{\"policyType\":\"Custom\",\"description\":\"Unit test junk: sorry for littering. Please delete me!\",\"metadata\":{\"testName\":\"testValue\",\"createdBy\":\"638d92d9-ae3b-4f1d-be91-382dcc631f82\",\"createdOn\":\"2026-01-27T00:28:59.7011922Z\",\"updatedBy\":null,\"updatedOn\":null},\"version\":\"1.0.0\",\"parameters\":{\"tagName\":{\"type\":\"string\"}},\"policyDefinitions\":[{\"policyDefinitionReferenceId\":\"10294428500095118409\",\"policyDefinitionId\":\"/providers/Microsoft.Authorization/policyDefinitions/36fd7371-8eb7-4321-9c30-a7100022d048\",\"definitionVersion\":\"1.0.*\",\"parameters\":{\"tagName_v1\":{\"value\":\"[parameters(\u0027tagName\u0027)]\"}}}],\"versions\":[\"1.0.0\"]},\"id\":\"/subscriptions/e5a130f3-57fd-46b6-9c55-03d21a853935/providers/Microsoft.Authorization/policySetDefinitions/psPolicySetDefinitionReferencePolicyDefinitionVersion01\",\"type\":\"Microsoft.Authorization/policySetDefinitions\",\"name\":\"psPolicySetDefinitionReferencePolicyDefinitionVersion01\",\"systemData\":{\"createdBy\":\"zhaocelina@microsoft.com\",\"createdByType\":\"User\",\"createdAt\":\"2026-01-27T00:28:59.5455698Z\",\"lastModifiedBy\":\"zhaocelina@microsoft.com\",\"lastModifiedByType\":\"User\",\"lastModifiedAt\":\"2026-01-27T00:28:59.5455698Z\"}}",
      "isContentBase64": false
    }
  },
  "PolicySetDefinitionReferencePolicyDefinitionVersion+[NoContext]+Make and validate a policy set definition with version reference+$GET+https://management.azure.com/subscriptions/e5a130f3-57fd-46b6-9c55-03d21a853935/providers/Microsoft.Authorization/policySetDefinitions/psPolicySetDefinitionReferencePolicyDefinitionVersion01?api-version=2025-03-01+2": {
    "Request": {
      "Method": "GET",
      "RequestUri": "https://management.azure.com/subscriptions/e5a130f3-57fd-46b6-9c55-03d21a853935/providers/Microsoft.Authorization/policySetDefinitions/psPolicySetDefinitionReferencePolicyDefinitionVersion01?api-version=2025-03-01",
      "Content": null,
      "isContentBase64": false,
      "Headers": {
        "x-ms-unique-id": [ "407" ],
        "x-ms-client-request-id": [ "f1ec1741-25be-4ca6-a7f5-8c2752f257c2" ],
        "CommandName": [ "\u0026" ],
        "FullCommandName": [ "Get-AzPolicySetDefinition_Get" ],
        "ParameterSetName": [ "__AllParameterSets" ],
        "User-Agent": [ "AzurePowershell/v0.0.0", "PSVersion/v7.5.4", "Az.Policy/9.0.0" ],
        "Authorization": [ "[Filtered]" ]
      },
      "ContentHeaders": {
      }
    },
    "Response": {
      "StatusCode": 200,
      "Headers": {
        "Cache-Control": [ "no-cache" ],
        "Pragma": [ "no-cache" ],
        "Strict-Transport-Security": [ "max-age=31536000; includeSubDomains" ],
        "x-ms-operation-identifier": [ "tenantId=72f988bf-86f1-41af-91ab-2d7cd011db47,objectId=638d92d9-ae3b-4f1d-be91-382dcc631f82/westus2/a33029bc-3ed2-4fc0-ba49-e181361974be" ],
        "x-ms-ratelimit-remaining-subscription-reads": [ "1099" ],
        "x-ms-ratelimit-remaining-subscription-global-reads": [ "16499" ],
        "x-ms-request-id": [ "725f9100-f48f-469a-be3e-2345c432431f" ],
        "x-ms-correlation-request-id": [ "725f9100-f48f-469a-be3e-2345c432431f" ],
        "x-ms-routing-request-id": [ "WESTUS2:20260127T002900Z:725f9100-f48f-469a-be3e-2345c432431f" ],
        "X-Content-Type-Options": [ "nosniff" ],
        "X-Cache": [ "CONFIG_NOCACHE" ],
        "X-MSEdge-Ref": [ "Ref A: AE45290F816F420D9D50BAE1854837A6 Ref B: MWH011020808034 Ref C: 2026-01-27T00:29:00Z" ],
        "Date": [ "Tue, 27 Jan 2026 00:29:00 GMT" ]
      },
      "ContentHeaders": {
        "Content-Length": [ "1166" ],
        "Content-Type": [ "application/json; charset=utf-8" ],
        "Expires": [ "-1" ]
      },
      "Content": "{\"properties\":{\"policyType\":\"Custom\",\"description\":\"Unit test junk: sorry for littering. Please delete me!\",\"metadata\":{\"testName\":\"testValue\",\"createdBy\":\"638d92d9-ae3b-4f1d-be91-382dcc631f82\",\"createdOn\":\"2026-01-27T00:28:59.7011922Z\",\"updatedBy\":null,\"updatedOn\":null},\"version\":\"1.0.0\",\"parameters\":{\"tagName\":{\"type\":\"string\"}},\"policyDefinitions\":[{\"policyDefinitionReferenceId\":\"10294428500095118409\",\"policyDefinitionId\":\"/providers/Microsoft.Authorization/policyDefinitions/36fd7371-8eb7-4321-9c30-a7100022d048\",\"definitionVersion\":\"1.0.*\",\"parameters\":{\"tagName_v1\":{\"value\":\"[parameters(\u0027tagName\u0027)]\"}}}],\"versions\":[\"1.0.0\"]},\"id\":\"/subscriptions/e5a130f3-57fd-46b6-9c55-03d21a853935/providers/Microsoft.Authorization/policySetDefinitions/psPolicySetDefinitionReferencePolicyDefinitionVersion01\",\"type\":\"Microsoft.Authorization/policySetDefinitions\",\"name\":\"psPolicySetDefinitionReferencePolicyDefinitionVersion01\",\"systemData\":{\"createdBy\":\"zhaocelina@microsoft.com\",\"createdByType\":\"User\",\"createdAt\":\"2026-01-27T00:28:59.5455698Z\",\"lastModifiedBy\":\"zhaocelina@microsoft.com\",\"lastModifiedByType\":\"User\",\"lastModifiedAt\":\"2026-01-27T00:28:59.5455698Z\"}}",
      "isContentBase64": false
    }
  },
  "PolicySetDefinitionReferencePolicyDefinitionVersion+[NoContext]+Update policy set definition to reference base version+$GET+https://management.azure.com/subscriptions/e5a130f3-57fd-46b6-9c55-03d21a853935/providers/Microsoft.Authorization/policySetDefinitions/psPolicySetDefinitionReferencePolicyDefinitionVersion01?api-version=2025-03-01+1": {
    "Request": {
      "Method": "GET",
      "RequestUri": "https://management.azure.com/subscriptions/e5a130f3-57fd-46b6-9c55-03d21a853935/providers/Microsoft.Authorization/policySetDefinitions/psPolicySetDefinitionReferencePolicyDefinitionVersion01?api-version=2025-03-01",
      "Content": null,
      "isContentBase64": false,
      "Headers": {
        "x-ms-unique-id": [ "408" ],
        "x-ms-client-request-id": [ "2d19e6be-c1cb-4d21-82e7-145faaacce27" ],
        "CommandName": [ "\u0026" ],
        "FullCommandName": [ "Get-AzPolicySetDefinition_Get" ],
        "ParameterSetName": [ "__AllParameterSets" ],
        "User-Agent": [ "AzurePowershell/v0.0.0", "PSVersion/v7.5.4", "Az.Policy/9.0.0" ],
        "Authorization": [ "[Filtered]" ]
      },
      "ContentHeaders": {
      }
    },
    "Response": {
      "StatusCode": 200,
      "Headers": {
        "Cache-Control": [ "no-cache" ],
        "Pragma": [ "no-cache" ],
        "Strict-Transport-Security": [ "max-age=31536000; includeSubDomains" ],
        "x-ms-operation-identifier": [ "tenantId=72f988bf-86f1-41af-91ab-2d7cd011db47,objectId=638d92d9-ae3b-4f1d-be91-382dcc631f82/westus2/940ca4b6-de17-437e-a4be-def8014fea1a" ],
        "x-ms-ratelimit-remaining-subscription-reads": [ "1099" ],
        "x-ms-ratelimit-remaining-subscription-global-reads": [ "16499" ],
        "x-ms-request-id": [ "8670920b-a1d9-4799-8910-e0dd26850495" ],
        "x-ms-correlation-request-id": [ "8670920b-a1d9-4799-8910-e0dd26850495" ],
        "x-ms-routing-request-id": [ "WESTUS2:20260127T002900Z:8670920b-a1d9-4799-8910-e0dd26850495" ],
        "X-Content-Type-Options": [ "nosniff" ],
        "X-Cache": [ "CONFIG_NOCACHE" ],
        "X-MSEdge-Ref": [ "Ref A: E0142F6217D14A0FB4D0B788693F9B2D Ref B: MWH011020808034 Ref C: 2026-01-27T00:29:00Z" ],
        "Date": [ "Tue, 27 Jan 2026 00:29:00 GMT" ]
      },
      "ContentHeaders": {
        "Content-Length": [ "1166" ],
        "Content-Type": [ "application/json; charset=utf-8" ],
        "Expires": [ "-1" ]
      },
      "Content": "{\"properties\":{\"policyType\":\"Custom\",\"description\":\"Unit test junk: sorry for littering. Please delete me!\",\"metadata\":{\"testName\":\"testValue\",\"createdBy\":\"638d92d9-ae3b-4f1d-be91-382dcc631f82\",\"createdOn\":\"2026-01-27T00:28:59.7011922Z\",\"updatedBy\":null,\"updatedOn\":null},\"version\":\"1.0.0\",\"parameters\":{\"tagName\":{\"type\":\"string\"}},\"policyDefinitions\":[{\"policyDefinitionReferenceId\":\"10294428500095118409\",\"policyDefinitionId\":\"/providers/Microsoft.Authorization/policyDefinitions/36fd7371-8eb7-4321-9c30-a7100022d048\",\"definitionVersion\":\"1.0.*\",\"parameters\":{\"tagName_v1\":{\"value\":\"[parameters(\u0027tagName\u0027)]\"}}}],\"versions\":[\"1.0.0\"]},\"id\":\"/subscriptions/e5a130f3-57fd-46b6-9c55-03d21a853935/providers/Microsoft.Authorization/policySetDefinitions/psPolicySetDefinitionReferencePolicyDefinitionVersion01\",\"type\":\"Microsoft.Authorization/policySetDefinitions\",\"name\":\"psPolicySetDefinitionReferencePolicyDefinitionVersion01\",\"systemData\":{\"createdBy\":\"zhaocelina@microsoft.com\",\"createdByType\":\"User\",\"createdAt\":\"2026-01-27T00:28:59.5455698Z\",\"lastModifiedBy\":\"zhaocelina@microsoft.com\",\"lastModifiedByType\":\"User\",\"lastModifiedAt\":\"2026-01-27T00:28:59.5455698Z\"}}",
      "isContentBase64": false
    }
  },
  "PolicySetDefinitionReferencePolicyDefinitionVersion+[NoContext]+Update policy set definition to reference base version+$PUT+https://management.azure.com/subscriptions/e5a130f3-57fd-46b6-9c55-03d21a853935/providers/Microsoft.Authorization/policySetDefinitions/psPolicySetDefinitionReferencePolicyDefinitionVersion01?api-version=2025-03-01+2": {
    "Request": {
      "Method": "PUT",
      "RequestUri": "https://management.azure.com/subscriptions/e5a130f3-57fd-46b6-9c55-03d21a853935/providers/Microsoft.Authorization/policySetDefinitions/psPolicySetDefinitionReferencePolicyDefinitionVersion01?api-version=2025-03-01",
      "Content": "{\r\n  \"properties\": {\r\n    \"displayName\": \"\",\r\n    \"description\": \"Unit test junk: sorry for littering. Please delete me!\",\r\n    \"metadata\": {\r\n      \"testName\": \"testValue\",\r\n      \"createdBy\": \"638d92d9-ae3b-4f1d-be91-382dcc631f82\",\r\n      \"createdOn\": \"2026-01-27T00:28:59Z\"\r\n    },\r\n    \"parameters\": {\r\n      \"tagName\": {\r\n        \"type\": \"string\"\r\n      }\r\n    },\r\n    \"policyDefinitions\": [\r\n      {\r\n        \"policyDefinitionId\": \"/providers/Microsoft.Authorization/policyDefinitions/36fd7371-8eb7-4321-9c30-a7100022d048\",\r\n        \"parameters\": {\r\n          \"tagName\": {\r\n            \"value\": \"[parameters(\\u0027tagName\\u0027)]\"\r\n          }\r\n        }\r\n      }\r\n    ]\r\n  }\r\n}",
      "isContentBase64": false,
      "Headers": {
      },
      "ContentHeaders": {
        "Content-Type": [ "application/json" ],
        "Content-Length": [ "684" ]
      }
    },
    "Response": {
      "StatusCode": 200,
      "Headers": {
        "Cache-Control": [ "no-cache" ],
        "Pragma": [ "no-cache" ],
        "Strict-Transport-Security": [ "max-age=31536000; includeSubDomains" ],
        "x-ms-operation-identifier": [ "tenantId=72f988bf-86f1-41af-91ab-2d7cd011db47,objectId=638d92d9-ae3b-4f1d-be91-382dcc631f82/westus2/1704f976-22a5-4695-8b1f-d7bbbee7dd9f" ],
        "x-ms-ratelimit-remaining-subscription-writes": [ "799" ],
        "x-ms-ratelimit-remaining-subscription-global-writes": [ "11999" ],
        "x-ms-request-id": [ "ad8545d2-25c3-40e4-af17-bc5303fd6955" ],
        "x-ms-correlation-request-id": [ "ad8545d2-25c3-40e4-af17-bc5303fd6955" ],
        "x-ms-routing-request-id": [ "WESTUS2:20260127T002901Z:ad8545d2-25c3-40e4-af17-bc5303fd6955" ],
        "X-Content-Type-Options": [ "nosniff" ],
        "X-Cache": [ "CONFIG_NOCACHE" ],
        "X-MSEdge-Ref": [ "Ref A: 6B682F989CA241C5B2ABCCBA609A093E Ref B: MWH011020808034 Ref C: 2026-01-27T00:29:00Z" ],
        "Date": [ "Tue, 27 Jan 2026 00:29:01 GMT" ]
      },
      "ContentHeaders": {
        "Content-Length": [ "1238" ],
        "Content-Type": [ "application/json; charset=utf-8" ],
        "Expires": [ "-1" ]
      },
      "Content": "{\"properties\":{\"displayName\":\"\",\"policyType\":\"Custom\",\"description\":\"Unit test junk: sorry for littering. Please delete me!\",\"metadata\":{\"testName\":\"testValue\",\"createdBy\":\"638d92d9-ae3b-4f1d-be91-382dcc631f82\",\"createdOn\":\"2026-01-27T00:28:59.7011922Z\",\"updatedBy\":\"638d92d9-ae3b-4f1d-be91-382dcc631f82\",\"updatedOn\":\"2026-01-27T00:29:00.8360048Z\"},\"version\":\"1.0.0\",\"parameters\":{\"tagName\":{\"type\":\"string\"}},\"policyDefinitions\":[{\"policyDefinitionReferenceId\":\"3627491910268053837\",\"policyDefinitionId\":\"/providers/Microsoft.Authorization/policyDefinitions/36fd7371-8eb7-4321-9c30-a7100022d048\",\"definitionVersion\":\"2.*.*\",\"parameters\":{\"tagName\":{\"value\":\"[parameters(\u0027tagName\u0027)]\"}}}],\"versions\":[\"1.0.0\"]},\"id\":\"/subscriptions/e5a130f3-57fd-46b6-9c55-03d21a853935/providers/Microsoft.Authorization/policySetDefinitions/psPolicySetDefinitionReferencePolicyDefinitionVersion01\",\"type\":\"Microsoft.Authorization/policySetDefinitions\",\"name\":\"psPolicySetDefinitionReferencePolicyDefinitionVersion01\",\"systemData\":{\"createdBy\":\"zhaocelina@microsoft.com\",\"createdByType\":\"User\",\"createdAt\":\"2026-01-27T00:28:59.5455698Z\",\"lastModifiedBy\":\"zhaocelina@microsoft.com\",\"lastModifiedByType\":\"User\",\"lastModifiedAt\":\"2026-01-27T00:29:00.759315Z\"}}",
      "isContentBase64": false
    }
  },
  "PolicySetDefinitionReferencePolicyDefinitionVersion+[NoContext]+Update policy set definition to reference base version+$GET+https://management.azure.com/subscriptions/e5a130f3-57fd-46b6-9c55-03d21a853935/providers/Microsoft.Authorization/policySetDefinitions/psPolicySetDefinitionReferencePolicyDefinitionVersion01?api-version=2025-03-01+3": {
    "Request": {
      "Method": "GET",
      "RequestUri": "https://management.azure.com/subscriptions/e5a130f3-57fd-46b6-9c55-03d21a853935/providers/Microsoft.Authorization/policySetDefinitions/psPolicySetDefinitionReferencePolicyDefinitionVersion01?api-version=2025-03-01",
      "Content": null,
      "isContentBase64": false,
      "Headers": {
        "x-ms-unique-id": [ "410" ],
        "x-ms-client-request-id": [ "9c97bcc6-72f6-4453-b03b-51c338e8ed8f" ],
        "CommandName": [ "\u0026" ],
        "FullCommandName": [ "Get-AzPolicySetDefinition_Get" ],
        "ParameterSetName": [ "__AllParameterSets" ],
        "User-Agent": [ "AzurePowershell/v0.0.0", "PSVersion/v7.5.4", "Az.Policy/9.0.0" ],
        "Authorization": [ "[Filtered]" ]
      },
      "ContentHeaders": {
      }
    },
    "Response": {
      "StatusCode": 200,
      "Headers": {
        "Cache-Control": [ "no-cache" ],
        "Pragma": [ "no-cache" ],
        "Strict-Transport-Security": [ "max-age=31536000; includeSubDomains" ],
        "x-ms-operation-identifier": [ "tenantId=72f988bf-86f1-41af-91ab-2d7cd011db47,objectId=638d92d9-ae3b-4f1d-be91-382dcc631f82/westus2/106a9630-5447-46a4-b8b6-886a017f5392" ],
        "x-ms-ratelimit-remaining-subscription-reads": [ "1099" ],
        "x-ms-ratelimit-remaining-subscription-global-reads": [ "16499" ],
        "x-ms-request-id": [ "874b37d9-dfb7-43c2-88f0-45d70e52cfdf" ],
        "x-ms-correlation-request-id": [ "874b37d9-dfb7-43c2-88f0-45d70e52cfdf" ],
        "x-ms-routing-request-id": [ "WESTUS2:20260127T002902Z:874b37d9-dfb7-43c2-88f0-45d70e52cfdf" ],
        "X-Content-Type-Options": [ "nosniff" ],
        "X-Cache": [ "CONFIG_NOCACHE" ],
        "X-MSEdge-Ref": [ "Ref A: AEDE46C8E17B467689F97A54CE8F5CB1 Ref B: MWH011020808034 Ref C: 2026-01-27T00:29:02Z" ],
        "Date": [ "Tue, 27 Jan 2026 00:29:02 GMT" ]
      },
      "ContentHeaders": {
        "Content-Length": [ "1238" ],
        "Content-Type": [ "application/json; charset=utf-8" ],
        "Expires": [ "-1" ]
      },
      "Content": "{\"properties\":{\"displayName\":\"\",\"policyType\":\"Custom\",\"description\":\"Unit test junk: sorry for littering. Please delete me!\",\"metadata\":{\"testName\":\"testValue\",\"createdBy\":\"638d92d9-ae3b-4f1d-be91-382dcc631f82\",\"createdOn\":\"2026-01-27T00:28:59.7011922Z\",\"updatedBy\":\"638d92d9-ae3b-4f1d-be91-382dcc631f82\",\"updatedOn\":\"2026-01-27T00:29:00.8360048Z\"},\"version\":\"1.0.0\",\"parameters\":{\"tagName\":{\"type\":\"string\"}},\"policyDefinitions\":[{\"policyDefinitionReferenceId\":\"3627491910268053837\",\"policyDefinitionId\":\"/providers/Microsoft.Authorization/policyDefinitions/36fd7371-8eb7-4321-9c30-a7100022d048\",\"definitionVersion\":\"2.*.*\",\"parameters\":{\"tagName\":{\"value\":\"[parameters(\u0027tagName\u0027)]\"}}}],\"versions\":[\"1.0.0\"]},\"id\":\"/subscriptions/e5a130f3-57fd-46b6-9c55-03d21a853935/providers/Microsoft.Authorization/policySetDefinitions/psPolicySetDefinitionReferencePolicyDefinitionVersion01\",\"type\":\"Microsoft.Authorization/policySetDefinitions\",\"name\":\"psPolicySetDefinitionReferencePolicyDefinitionVersion01\",\"systemData\":{\"createdBy\":\"zhaocelina@microsoft.com\",\"createdByType\":\"User\",\"createdAt\":\"2026-01-27T00:28:59.5455698Z\",\"lastModifiedBy\":\"zhaocelina@microsoft.com\",\"lastModifiedByType\":\"User\",\"lastModifiedAt\":\"2026-01-27T00:29:00.759315Z\"}}",
      "isContentBase64": false
    }
  },
  "PolicySetDefinitionReferencePolicyDefinitionVersion+[NoContext]+[NoScenario]+$DELETE+https://management.azure.com/subscriptions/e5a130f3-57fd-46b6-9c55-03d21a853935/providers/Microsoft.Authorization/policySetDefinitions/psPolicySetDefinitionReferencePolicyDefinitionVersion01?api-version=2025-03-01+4": {
    "Request": {
      "Method": "DELETE",
      "RequestUri": "https://management.azure.com/subscriptions/e5a130f3-57fd-46b6-9c55-03d21a853935/providers/Microsoft.Authorization/policySetDefinitions/psPolicySetDefinitionReferencePolicyDefinitionVersion01?api-version=2025-03-01",
      "Content": null,
      "isContentBase64": false,
      "Headers": {
        "x-ms-unique-id": [ "411" ],
        "x-ms-client-request-id": [ "8b033d69-6ce8-4aa4-9f9c-ddbb2ae514fc" ],
        "CommandName": [ "\u0026" ],
        "FullCommandName": [ "Remove-AzPolicySetDefinition_Delete" ],
        "ParameterSetName": [ "__AllParameterSets" ],
        "User-Agent": [ "AzurePowershell/v0.0.0", "PSVersion/v7.5.4", "Az.Policy/9.0.0" ],
        "Authorization": [ "[Filtered]" ]
      },
      "ContentHeaders": {
      }
    },
    "Response": {
      "StatusCode": 200,
      "Headers": {
        "Cache-Control": [ "no-cache" ],
        "Pragma": [ "no-cache" ],
        "Strict-Transport-Security": [ "max-age=31536000; includeSubDomains" ],
        "x-ms-operation-identifier": [ "tenantId=72f988bf-86f1-41af-91ab-2d7cd011db47,objectId=638d92d9-ae3b-4f1d-be91-382dcc631f82/westus2/4157209a-ce49-4482-8626-003faff7a59b" ],
        "x-ms-ratelimit-remaining-subscription-deletes": [ "799" ],
        "x-ms-ratelimit-remaining-subscription-global-deletes": [ "11999" ],
        "x-ms-request-id": [ "e4c479c1-e804-4741-96f2-ce4a5460a665" ],
        "x-ms-correlation-request-id": [ "e4c479c1-e804-4741-96f2-ce4a5460a665" ],
        "x-ms-routing-request-id": [ "WESTUS2:20260127T002902Z:e4c479c1-e804-4741-96f2-ce4a5460a665" ],
        "X-Content-Type-Options": [ "nosniff" ],
        "X-Cache": [ "CONFIG_NOCACHE" ],
        "X-MSEdge-Ref": [ "Ref A: 7562CE5BFAA34BA183C124ECFEF8B14D Ref B: MWH011020808034 Ref C: 2026-01-27T00:29:02Z" ],
        "Date": [ "Tue, 27 Jan 2026 00:29:02 GMT" ]
      },
      "ContentHeaders": {
        "Content-Length": [ "1238" ],
        "Content-Type": [ "application/json; charset=utf-8" ],
        "Expires": [ "-1" ]
      },
      "Content": "{\"properties\":{\"displayName\":\"\",\"policyType\":\"Custom\",\"description\":\"Unit test junk: sorry for littering. Please delete me!\",\"metadata\":{\"testName\":\"testValue\",\"createdBy\":\"638d92d9-ae3b-4f1d-be91-382dcc631f82\",\"createdOn\":\"2026-01-27T00:28:59.7011922Z\",\"updatedBy\":\"638d92d9-ae3b-4f1d-be91-382dcc631f82\",\"updatedOn\":\"2026-01-27T00:29:00.8360048Z\"},\"version\":\"1.0.0\",\"parameters\":{\"tagName\":{\"type\":\"string\"}},\"policyDefinitions\":[{\"policyDefinitionReferenceId\":\"3627491910268053837\",\"policyDefinitionId\":\"/providers/Microsoft.Authorization/policyDefinitions/36fd7371-8eb7-4321-9c30-a7100022d048\",\"definitionVersion\":\"2.*.*\",\"parameters\":{\"tagName\":{\"value\":\"[parameters(\u0027tagName\u0027)]\"}}}],\"versions\":[\"1.0.0\"]},\"id\":\"/subscriptions/e5a130f3-57fd-46b6-9c55-03d21a853935/providers/Microsoft.Authorization/policySetDefinitions/psPolicySetDefinitionReferencePolicyDefinitionVersion01\",\"type\":\"Microsoft.Authorization/policySetDefinitions\",\"name\":\"psPolicySetDefinitionReferencePolicyDefinitionVersion01\",\"systemData\":{\"createdBy\":\"zhaocelina@microsoft.com\",\"createdByType\":\"User\",\"createdAt\":\"2026-01-27T00:28:59.5455698Z\",\"lastModifiedBy\":\"zhaocelina@microsoft.com\",\"lastModifiedByType\":\"User\",\"lastModifiedAt\":\"2026-01-27T00:29:00.759315Z\"}}",
      "isContentBase64": false
    }
  }
}