{
  "PolicyDefinitionWithComplexParameters+[NoContext]+make test definition with complex parameters from a file+$PUT+https://management.azure.com/subscriptions/edb2c18a-04d6-49e9-bc72-e23852f507ad/providers/Microsoft.Authorization/policyDefinitions/psPolicyDefinitionWithComplexParameters01?api-version=2023-04-01+1": {
    "Request": {
      "Method": "PUT",
      "RequestUri": "https://management.azure.com/subscriptions/edb2c18a-04d6-49e9-bc72-e23852f507ad/providers/Microsoft.Authorization/policyDefinitions/psPolicyDefinitionWithComplexParameters01?api-version=2023-04-01",
      "Content": "{\r\n  \"properties\": {\r\n    \"policyType\": \"Custom\",\r\n    \"mode\": \"Microsoft.Kubernetes.Data\",\r\n    \"displayName\": \"Kubernetes cluster containers should only use allowed images\",\r\n    \"description\": \"Cloned from built-in DP policy: febd0533-8e55-448f-b837-bd0e06f16469\",\r\n    \"policyRule\": {\r\n      \"if\": {\r\n        \"field\": \"type\",\r\n        \"in\": [ \"Microsoft.Kubernetes/connectedClusters\", \"Microsoft.ContainerService/managedClusters\" ]\r\n      },\r\n      \"then\": {\r\n        \"effect\": \"[parameters(\\u0027effect\\u0027)]\",\r\n        \"details\": {\r\n          \"warn\": \"[parameters(\\u0027warn\\u0027)]\",\r\n          \"templateInfo\": {\r\n            \"sourceType\": \"PublicURL\",\r\n            \"url\": \"https://store.policy.core.windows.net/kubernetes/container-allowed-images/v2/template.yaml\"\r\n          },\r\n          \"apiGroups\": [ \"\" ],\r\n          \"kinds\": [ \"Pod\" ],\r\n          \"excludedNamespaces\": \"[parameters(\\u0027excludedNamespaces\\u0027)]\",\r\n          \"namespaces\": \"[parameters(\\u0027namespaces\\u0027)]\",\r\n          \"labelSelector\": \"[parameters(\\u0027labelSelector\\u0027)]\",\r\n          \"values\": {\r\n            \"imageRegex\": \"[parameters(\\u0027allowedContainerImagesRegex\\u0027)]\",\r\n            \"excludedContainers\": \"[parameters(\\u0027excludedContainers\\u0027)]\"\r\n          }\r\n        }\r\n      }\r\n    },\r\n    \"metadata\": {\r\n      \"version\": \"9.2.0\",\r\n      \"category\": \"Kubernetes\"\r\n    },\r\n    \"parameters\": {\r\n      \"warn\": {\r\n        \"type\": \"Boolean\",\r\n        \"metadata\": {\r\n          \"displayName\": \"Warn\",\r\n          \"description\": \"Whether or not to return warnings back to the user in the kubectl cli\"\r\n        },\r\n        \"allowedValues\": [ true, false ],\r\n        \"defaultValue\": false\r\n      },\r\n      \"effect\": {\r\n        \"type\": \"String\",\r\n        \"metadata\": {\r\n          \"displayName\": \"Effect\",\r\n          \"description\": \"\\u0027Audit\\u0027 allows a non-compliant resource to be created, but flags it as non-compliant. \\u0027Deny\\u0027 blocks the resource creation. \\u0027Disable\\u0027 turns off the policy.\",\r\n          \"portalReview\": true\r\n        },\r\n        \"allowedValues\": [ \"audit\", \"Audit\", \"deny\", \"Deny\", \"disabled\", \"Disabled\" ],\r\n        \"defaultValue\": \"Deny\"\r\n      },\r\n      \"excludedNamespaces\": {\r\n        \"type\": \"Array\",\r\n        \"metadata\": {\r\n          \"displayName\": \"Namespace exclusions\",\r\n          \"description\": \"List of Kubernetes namespaces to exclude from policy evaluation. System namespaces \\\"kube-system\\\", \\\"gatekeeper-system\\\" and \\\"azure-arc\\\" are always excluded by design. \\\"azure-extensions-usage-system\\\" is optional to remove.\"\r\n        },\r\n        \"defaultValue\": [ \"kube-system\", \"gatekeeper-system\", \"azure-arc\", \"azure-extensions-usage-system\" ]\r\n      },\r\n      \"namespaces\": {\r\n        \"type\": \"Array\",\r\n        \"metadata\": {\r\n          \"displayName\": \"Namespace inclusions\",\r\n          \"description\": \"List of Kubernetes namespaces to only include in policy evaluation. An empty list means the policy is applied to all resources in all namespaces.\"\r\n        },\r\n        \"defaultValue\": [ ]\r\n      },\r\n      \"labelSelector\": {\r\n        \"type\": \"Object\",\r\n        \"metadata\": {\r\n          \"displayName\": \"Kubernetes label selector\",\r\n          \"description\": \"Label query to select Kubernetes resources for policy evaluation. An empty label selector matches all Kubernetes resources.\"\r\n        },\r\n        \"defaultValue\": {\r\n        },\r\n        \"schema\": {\r\n          \"description\": \"A label selector is a label query over a set of resources. The result of matchLabels and matchExpressions are ANDed. An empty label selector matches all resources.\",\r\n          \"type\": \"object\",\r\n          \"properties\": {\r\n            \"matchLabels\": {\r\n              \"description\": \"matchLabels is a map of {key,value} pairs.\",\r\n              \"type\": \"object\",\r\n              \"additionalProperties\": {\r\n                \"type\": \"string\"\r\n              },\r\n              \"minProperties\": 1\r\n            },\r\n            \"matchExpressions\": {\r\n              \"description\": \"matchExpressions is a list of values, a key, and an operator.\",\r\n              \"type\": \"array\",\r\n              \"items\": {\r\n                \"type\": \"object\",\r\n                \"properties\": {\r\n                  \"key\": {\r\n                    \"description\": \"key is the label key that the selector applies to.\",\r\n                    \"type\": \"string\"\r\n                  },\r\n                  \"operator\": {\r\n                    \"description\": \"operator represents a key\\u0027s relationship to a set of values.\",\r\n                    \"type\": \"string\",\r\n                    \"enum\": [ \"In\", \"NotIn\", \"Exists\", \"DoesNotExist\" ]\r\n                  },\r\n                  \"values\": {\r\n                    \"description\": \"values is an array of string values. If the operator is In or NotIn, the values array must be non-empty. If the operator is Exists or DoesNotExist, the values array must be empty.\",\r\n                    \"type\": \"array\",\r\n                    \"items\": {\r\n                      \"type\": \"string\"\r\n                    }\r\n                  }\r\n                },\r\n                \"required\": [ \"key\", \"operator\" ],\r\n                \"additionalProperties\": false\r\n              },\r\n              \"minItems\": 1\r\n            }\r\n          },\r\n          \"additionalProperties\": false\r\n        }\r\n      },\r\n      \"allowedContainerImagesRegex\": {\r\n        \"type\": \"String\",\r\n        \"metadata\": {\r\n          \"displayName\": \"Allowed registry or registries regex\",\r\n          \"description\": \"The RegEx rule used to match allowed container image field in a Kubernetes cluster. For example, to allow any Azure Container Registry image by matching partial path: ^[^\\\\/]+\\\\.azurecr\\\\.io\\\\/.+$ and for multiple registries: ^([^\\\\/]+\\\\.azurecr\\\\.io|registry\\\\.io)\\\\/.+$\",\r\n          \"portalReview\": true\r\n        }\r\n      },\r\n      \"excludedContainers\": {\r\n        \"type\": \"Array\",\r\n        \"metadata\": {\r\n          \"displayName\": \"Containers exclusions\",\r\n          \"description\": \"The list of InitContainers and Containers to exclude from policy evaluation. The identify is the name of container. Use an empty list to apply this policy to all containers in all namespaces.\"\r\n        },\r\n        \"defaultValue\": [ ]\r\n      }\r\n    }\r\n  }\r\n}",
      "isContentBase64": false,
      "Headers": {
      },
      "ContentHeaders": {
        "Content-Type": [ "application/json" ],
        "Content-Length": [ "6238" ]
      }
    },
    "Response": {
      "StatusCode": 201,
      "Headers": {
        "Cache-Control": [ "no-cache" ],
        "Pragma": [ "no-cache" ],
        "Strict-Transport-Security": [ "max-age=31536000; includeSubDomains" ],
        "x-ms-throttling-version": [ "v1" ],
        "x-ms-ratelimit-remaining-subscription-writes": [ "1196" ],
        "x-ms-request-id": [ "b60270ae-f41f-4172-b942-177e16245f02" ],
        "x-ms-correlation-request-id": [ "b60270ae-f41f-4172-b942-177e16245f02" ],
        "x-ms-routing-request-id": [ "WESTUS2:20240615T013135Z:b60270ae-f41f-4172-b942-177e16245f02" ],
        "X-Content-Type-Options": [ "nosniff" ],
        "X-Cache": [ "CONFIG_NOCACHE" ],
        "X-MSEdge-Ref": [ "Ref A: 1CB8EC0B12334D2CA1EDAA225869B6B0 Ref B: CO6AA3150217035 Ref C: 2024-06-15T01:31:34Z" ],
        "Date": [ "Sat, 15 Jun 2024 01:31:35 GMT" ]
      },
      "ContentHeaders": {
        "Content-Length": [ "4968" ],
        "Content-Type": [ "application/json; charset=utf-8" ],
        "Expires": [ "-1" ]
      },
      "Content": "{\"properties\":{\"displayName\":\"Kubernetes cluster containers should only use allowed images\",\"policyType\":\"Custom\",\"mode\":\"Microsoft.Kubernetes.Data\",\"description\":\"Cloned from built-in DP policy: febd0533-8e55-448f-b837-bd0e06f16469\",\"metadata\":{\"version\":\"9.2.0\",\"category\":\"Kubernetes\",\"createdBy\":\"3d826307-2481-45a0-a271-bcf9333f914a\",\"createdOn\":\"2024-06-15T01:31:35.3312881Z\",\"updatedBy\":null,\"updatedOn\":null},\"version\":\"1.0.0\",\"parameters\":{\"warn\":{\"type\":\"Boolean\",\"metadata\":{\"displayName\":\"Warn\",\"description\":\"Whether or not to return warnings back to the user in the kubectl cli\"},\"allowedValues\":[true,false],\"defaultValue\":false},\"effect\":{\"type\":\"String\",\"metadata\":{\"displayName\":\"Effect\",\"description\":\"\u0027Audit\u0027 allows a non-compliant resource to be created, but flags it as non-compliant. \u0027Deny\u0027 blocks the resource creation. \u0027Disable\u0027 turns off the policy.\",\"portalReview\":true},\"allowedValues\":[\"audit\",\"Audit\",\"deny\",\"Deny\",\"disabled\",\"Disabled\"],\"defaultValue\":\"Deny\"},\"excludedNamespaces\":{\"type\":\"Array\",\"metadata\":{\"displayName\":\"Namespace exclusions\",\"description\":\"List of Kubernetes namespaces to exclude from policy evaluation. System namespaces \\\"kube-system\\\", \\\"gatekeeper-system\\\" and \\\"azure-arc\\\" are always excluded by design. \\\"azure-extensions-usage-system\\\" is optional to remove.\"},\"defaultValue\":[\"kube-system\",\"gatekeeper-system\",\"azure-arc\",\"azure-extensions-usage-system\"]},\"namespaces\":{\"type\":\"Array\",\"metadata\":{\"displayName\":\"Namespace inclusions\",\"description\":\"List of Kubernetes namespaces to only include in policy evaluation. An empty list means the policy is applied to all resources in all namespaces.\"},\"defaultValue\":[]},\"labelSelector\":{\"type\":\"Object\",\"metadata\":{\"displayName\":\"Kubernetes label selector\",\"description\":\"Label query to select Kubernetes resources for policy evaluation. An empty label selector matches all Kubernetes resources.\"},\"defaultValue\":{},\"schema\":{\"description\":\"A label selector is a label query over a set of resources. The result of matchLabels and matchExpressions are ANDed. An empty label selector matches all resources.\",\"type\":\"object\",\"properties\":{\"matchLabels\":{\"description\":\"matchLabels is a map of {key,value} pairs.\",\"type\":\"object\",\"additionalProperties\":{\"type\":\"string\"},\"minProperties\":1},\"matchExpressions\":{\"description\":\"matchExpressions is a list of values, a key, and an operator.\",\"type\":\"array\",\"items\":{\"type\":\"object\",\"properties\":{\"key\":{\"description\":\"key is the label key that the selector applies to.\",\"type\":\"string\"},\"operator\":{\"description\":\"operator represents a key\u0027s relationship to a set of values.\",\"type\":\"string\",\"enum\":[\"In\",\"NotIn\",\"Exists\",\"DoesNotExist\"]},\"values\":{\"description\":\"values is an array of string values. If the operator is In or NotIn, the values array must be non-empty. If the operator is Exists or DoesNotExist, the values array must be empty.\",\"type\":\"array\",\"items\":{\"type\":\"string\"}}},\"required\":[\"key\",\"operator\"],\"additionalProperties\":false},\"minItems\":1}},\"additionalProperties\":false}},\"allowedContainerImagesRegex\":{\"type\":\"String\",\"metadata\":{\"displayName\":\"Allowed registry or registries regex\",\"description\":\"The RegEx rule used to match allowed container image field in a Kubernetes cluster. For example, to allow any Azure Container Registry image by matching partial path: ^[^\\\\/]+\\\\.azurecr\\\\.io\\\\/.+$ and for multiple registries: ^([^\\\\/]+\\\\.azurecr\\\\.io|registry\\\\.io)\\\\/.+$\",\"portalReview\":true}},\"excludedContainers\":{\"type\":\"Array\",\"metadata\":{\"displayName\":\"Containers exclusions\",\"description\":\"The list of InitContainers and Containers to exclude from policy evaluation. The identify is the name of container. Use an empty list to apply this policy to all containers in all namespaces.\"},\"defaultValue\":[]}},\"policyRule\":{\"if\":{\"field\":\"type\",\"in\":[\"Microsoft.Kubernetes/connectedClusters\",\"Microsoft.ContainerService/managedClusters\"]},\"then\":{\"effect\":\"[parameters(\u0027effect\u0027)]\",\"details\":{\"warn\":\"[parameters(\u0027warn\u0027)]\",\"templateInfo\":{\"sourceType\":\"PublicURL\",\"url\":\"https://store.policy.core.windows.net/kubernetes/container-allowed-images/v2/template.yaml\"},\"apiGroups\":[\"\"],\"kinds\":[\"Pod\"],\"excludedNamespaces\":\"[parameters(\u0027excludedNamespaces\u0027)]\",\"namespaces\":\"[parameters(\u0027namespaces\u0027)]\",\"labelSelector\":\"[parameters(\u0027labelSelector\u0027)]\",\"values\":{\"imageRegex\":\"[parameters(\u0027allowedContainerImagesRegex\u0027)]\",\"excludedContainers\":\"[parameters(\u0027excludedContainers\u0027)]\"}}}},\"versions\":[\"1.0.0\"]},\"id\":\"/subscriptions/edb2c18a-04d6-49e9-bc72-e23852f507ad/providers/Microsoft.Authorization/policyDefinitions/psPolicyDefinitionWithComplexParameters01\",\"type\":\"Microsoft.Authorization/policyDefinitions\",\"name\":\"psPolicyDefinitionWithComplexParameters01\",\"systemData\":{\"createdBy\":\"cstack@ntdev.microsoft.com\",\"createdByType\":\"User\",\"createdAt\":\"2024-06-15T01:31:34.8170695Z\",\"lastModifiedBy\":\"cstack@ntdev.microsoft.com\",\"lastModifiedByType\":\"User\",\"lastModifiedAt\":\"2024-06-15T01:31:34.8170695Z\"}}",
      "isContentBase64": false
    }
  },
  "PolicyDefinitionWithComplexParameters+[NoContext]+make test definition with complex parameters from a file+$GET+https://management.azure.com/subscriptions/edb2c18a-04d6-49e9-bc72-e23852f507ad/providers/Microsoft.Authorization/policyDefinitions/psPolicyDefinitionWithComplexParameters01?api-version=2023-04-01+2": {
    "Request": {
      "Method": "GET",
      "RequestUri": "https://management.azure.com/subscriptions/edb2c18a-04d6-49e9-bc72-e23852f507ad/providers/Microsoft.Authorization/policyDefinitions/psPolicyDefinitionWithComplexParameters01?api-version=2023-04-01",
      "Content": null,
      "isContentBase64": false,
      "Headers": {
        "x-ms-unique-id": [ "714" ],
        "x-ms-client-request-id": [ "bb029118-948d-4994-8947-bf4b793398f7" ],
        "CommandName": [ "\u0026" ],
        "FullCommandName": [ "Get-AzPolicyDefinition_Get" ],
        "ParameterSetName": [ "__AllParameterSets" ],
        "User-Agent": [ "AzurePowershell/v11.0.0", "PSVersion/v7.4.2", "Az.Policy/0.1.1" ],
        "Authorization": [ "[Filtered]" ]
      },
      "ContentHeaders": {
      }
    },
    "Response": {
      "StatusCode": 200,
      "Headers": {
        "Cache-Control": [ "no-cache" ],
        "Pragma": [ "no-cache" ],
        "Strict-Transport-Security": [ "max-age=31536000; includeSubDomains" ],
        "x-ms-throttling-version": [ "v1" ],
        "x-ms-ratelimit-remaining-subscription-reads": [ "11994" ],
        "x-ms-request-id": [ "95ffc607-f140-47d4-9e46-d249a3e720ae" ],
        "x-ms-correlation-request-id": [ "95ffc607-f140-47d4-9e46-d249a3e720ae" ],
        "x-ms-routing-request-id": [ "WESTUS2:20240615T013135Z:95ffc607-f140-47d4-9e46-d249a3e720ae" ],
        "X-Content-Type-Options": [ "nosniff" ],
        "X-Cache": [ "CONFIG_NOCACHE" ],
        "X-MSEdge-Ref": [ "Ref A: 5FDC9CE5D0194B4798DB4A1384084634 Ref B: CO6AA3150217035 Ref C: 2024-06-15T01:31:35Z" ],
        "Date": [ "Sat, 15 Jun 2024 01:31:35 GMT" ]
      },
      "ContentHeaders": {
        "Content-Length": [ "4968" ],
        "Content-Type": [ "application/json; charset=utf-8" ],
        "Expires": [ "-1" ]
      },
      "Content": "{\"properties\":{\"displayName\":\"Kubernetes cluster containers should only use allowed images\",\"policyType\":\"Custom\",\"mode\":\"Microsoft.Kubernetes.Data\",\"description\":\"Cloned from built-in DP policy: febd0533-8e55-448f-b837-bd0e06f16469\",\"metadata\":{\"version\":\"9.2.0\",\"category\":\"Kubernetes\",\"createdBy\":\"3d826307-2481-45a0-a271-bcf9333f914a\",\"createdOn\":\"2024-06-15T01:31:35.3312881Z\",\"updatedBy\":null,\"updatedOn\":null},\"version\":\"1.0.0\",\"parameters\":{\"warn\":{\"type\":\"Boolean\",\"metadata\":{\"displayName\":\"Warn\",\"description\":\"Whether or not to return warnings back to the user in the kubectl cli\"},\"allowedValues\":[true,false],\"defaultValue\":false},\"effect\":{\"type\":\"String\",\"metadata\":{\"displayName\":\"Effect\",\"description\":\"\u0027Audit\u0027 allows a non-compliant resource to be created, but flags it as non-compliant. \u0027Deny\u0027 blocks the resource creation. \u0027Disable\u0027 turns off the policy.\",\"portalReview\":true},\"allowedValues\":[\"audit\",\"Audit\",\"deny\",\"Deny\",\"disabled\",\"Disabled\"],\"defaultValue\":\"Deny\"},\"excludedNamespaces\":{\"type\":\"Array\",\"metadata\":{\"displayName\":\"Namespace exclusions\",\"description\":\"List of Kubernetes namespaces to exclude from policy evaluation. System namespaces \\\"kube-system\\\", \\\"gatekeeper-system\\\" and \\\"azure-arc\\\" are always excluded by design. \\\"azure-extensions-usage-system\\\" is optional to remove.\"},\"defaultValue\":[\"kube-system\",\"gatekeeper-system\",\"azure-arc\",\"azure-extensions-usage-system\"]},\"namespaces\":{\"type\":\"Array\",\"metadata\":{\"displayName\":\"Namespace inclusions\",\"description\":\"List of Kubernetes namespaces to only include in policy evaluation. An empty list means the policy is applied to all resources in all namespaces.\"},\"defaultValue\":[]},\"labelSelector\":{\"type\":\"Object\",\"metadata\":{\"displayName\":\"Kubernetes label selector\",\"description\":\"Label query to select Kubernetes resources for policy evaluation. An empty label selector matches all Kubernetes resources.\"},\"defaultValue\":{},\"schema\":{\"description\":\"A label selector is a label query over a set of resources. The result of matchLabels and matchExpressions are ANDed. An empty label selector matches all resources.\",\"type\":\"object\",\"properties\":{\"matchLabels\":{\"description\":\"matchLabels is a map of {key,value} pairs.\",\"type\":\"object\",\"additionalProperties\":{\"type\":\"string\"},\"minProperties\":1},\"matchExpressions\":{\"description\":\"matchExpressions is a list of values, a key, and an operator.\",\"type\":\"array\",\"items\":{\"type\":\"object\",\"properties\":{\"key\":{\"description\":\"key is the label key that the selector applies to.\",\"type\":\"string\"},\"operator\":{\"description\":\"operator represents a key\u0027s relationship to a set of values.\",\"type\":\"string\",\"enum\":[\"In\",\"NotIn\",\"Exists\",\"DoesNotExist\"]},\"values\":{\"description\":\"values is an array of string values. If the operator is In or NotIn, the values array must be non-empty. If the operator is Exists or DoesNotExist, the values array must be empty.\",\"type\":\"array\",\"items\":{\"type\":\"string\"}}},\"required\":[\"key\",\"operator\"],\"additionalProperties\":false},\"minItems\":1}},\"additionalProperties\":false}},\"allowedContainerImagesRegex\":{\"type\":\"String\",\"metadata\":{\"displayName\":\"Allowed registry or registries regex\",\"description\":\"The RegEx rule used to match allowed container image field in a Kubernetes cluster. For example, to allow any Azure Container Registry image by matching partial path: ^[^\\\\/]+\\\\.azurecr\\\\.io\\\\/.+$ and for multiple registries: ^([^\\\\/]+\\\\.azurecr\\\\.io|registry\\\\.io)\\\\/.+$\",\"portalReview\":true}},\"excludedContainers\":{\"type\":\"Array\",\"metadata\":{\"displayName\":\"Containers exclusions\",\"description\":\"The list of InitContainers and Containers to exclude from policy evaluation. The identify is the name of container. Use an empty list to apply this policy to all containers in all namespaces.\"},\"defaultValue\":[]}},\"policyRule\":{\"if\":{\"field\":\"type\",\"in\":[\"Microsoft.Kubernetes/connectedClusters\",\"Microsoft.ContainerService/managedClusters\"]},\"then\":{\"effect\":\"[parameters(\u0027effect\u0027)]\",\"details\":{\"warn\":\"[parameters(\u0027warn\u0027)]\",\"templateInfo\":{\"sourceType\":\"PublicURL\",\"url\":\"https://store.policy.core.windows.net/kubernetes/container-allowed-images/v2/template.yaml\"},\"apiGroups\":[\"\"],\"kinds\":[\"Pod\"],\"excludedNamespaces\":\"[parameters(\u0027excludedNamespaces\u0027)]\",\"namespaces\":\"[parameters(\u0027namespaces\u0027)]\",\"labelSelector\":\"[parameters(\u0027labelSelector\u0027)]\",\"values\":{\"imageRegex\":\"[parameters(\u0027allowedContainerImagesRegex\u0027)]\",\"excludedContainers\":\"[parameters(\u0027excludedContainers\u0027)]\"}}}},\"versions\":[\"1.0.0\"]},\"id\":\"/subscriptions/edb2c18a-04d6-49e9-bc72-e23852f507ad/providers/Microsoft.Authorization/policyDefinitions/psPolicyDefinitionWithComplexParameters01\",\"type\":\"Microsoft.Authorization/policyDefinitions\",\"name\":\"psPolicyDefinitionWithComplexParameters01\",\"systemData\":{\"createdBy\":\"cstack@ntdev.microsoft.com\",\"createdByType\":\"User\",\"createdAt\":\"2024-06-15T01:31:34.8170695Z\",\"lastModifiedBy\":\"cstack@ntdev.microsoft.com\",\"lastModifiedByType\":\"User\",\"lastModifiedAt\":\"2024-06-15T01:31:34.8170695Z\"}}",
      "isContentBase64": false
    }
  },
  "PolicyDefinitionWithComplexParameters+[NoContext]+make a policy assignment with complex parameters on the command line+$GET+https://management.azure.com/subscriptions/edb2c18a-04d6-49e9-bc72-e23852f507ad/providers/Microsoft.Authorization/policyDefinitions/psPolicyDefinitionWithComplexParameters01?api-version=2023-04-01+1": {
    "Request": {
      "Method": "GET",
      "RequestUri": "https://management.azure.com/subscriptions/edb2c18a-04d6-49e9-bc72-e23852f507ad/providers/Microsoft.Authorization/policyDefinitions/psPolicyDefinitionWithComplexParameters01?api-version=2023-04-01",
      "Content": null,
      "isContentBase64": false,
      "Headers": {
        "x-ms-unique-id": [ "715" ],
        "x-ms-client-request-id": [ "4f8f5cb9-810f-463c-8420-d99ddaafee0d" ],
        "CommandName": [ "\u0026" ],
        "FullCommandName": [ "Get-AzPolicyDefinition_Get" ],
        "ParameterSetName": [ "__AllParameterSets" ],
        "User-Agent": [ "AzurePowershell/v11.0.0", "PSVersion/v7.4.2", "Az.Policy/0.1.1" ],
        "Authorization": [ "[Filtered]" ]
      },
      "ContentHeaders": {
      }
    },
    "Response": {
      "StatusCode": 200,
      "Headers": {
        "Cache-Control": [ "no-cache" ],
        "Pragma": [ "no-cache" ],
        "Strict-Transport-Security": [ "max-age=31536000; includeSubDomains" ],
        "x-ms-throttling-version": [ "v1" ],
        "x-ms-ratelimit-remaining-subscription-reads": [ "11998" ],
        "x-ms-request-id": [ "36b563cc-f3b5-444c-9fe7-37338a8e9390" ],
        "x-ms-correlation-request-id": [ "36b563cc-f3b5-444c-9fe7-37338a8e9390" ],
        "x-ms-routing-request-id": [ "WESTUS2:20240615T013136Z:36b563cc-f3b5-444c-9fe7-37338a8e9390" ],
        "X-Content-Type-Options": [ "nosniff" ],
        "X-Cache": [ "CONFIG_NOCACHE" ],
        "X-MSEdge-Ref": [ "Ref A: B1D7E4562D8246ADB72C07F5732D7332 Ref B: CO6AA3150217035 Ref C: 2024-06-15T01:31:36Z" ],
        "Date": [ "Sat, 15 Jun 2024 01:31:35 GMT" ]
      },
      "ContentHeaders": {
        "Content-Length": [ "4968" ],
        "Content-Type": [ "application/json; charset=utf-8" ],
        "Expires": [ "-1" ]
      },
      "Content": "{\"properties\":{\"displayName\":\"Kubernetes cluster containers should only use allowed images\",\"policyType\":\"Custom\",\"mode\":\"Microsoft.Kubernetes.Data\",\"description\":\"Cloned from built-in DP policy: febd0533-8e55-448f-b837-bd0e06f16469\",\"metadata\":{\"version\":\"9.2.0\",\"category\":\"Kubernetes\",\"createdBy\":\"3d826307-2481-45a0-a271-bcf9333f914a\",\"createdOn\":\"2024-06-15T01:31:35.3312881Z\",\"updatedBy\":null,\"updatedOn\":null},\"version\":\"1.0.0\",\"parameters\":{\"warn\":{\"type\":\"Boolean\",\"metadata\":{\"displayName\":\"Warn\",\"description\":\"Whether or not to return warnings back to the user in the kubectl cli\"},\"allowedValues\":[true,false],\"defaultValue\":false},\"effect\":{\"type\":\"String\",\"metadata\":{\"displayName\":\"Effect\",\"description\":\"\u0027Audit\u0027 allows a non-compliant resource to be created, but flags it as non-compliant. \u0027Deny\u0027 blocks the resource creation. \u0027Disable\u0027 turns off the policy.\",\"portalReview\":true},\"allowedValues\":[\"audit\",\"Audit\",\"deny\",\"Deny\",\"disabled\",\"Disabled\"],\"defaultValue\":\"Deny\"},\"excludedNamespaces\":{\"type\":\"Array\",\"metadata\":{\"displayName\":\"Namespace exclusions\",\"description\":\"List of Kubernetes namespaces to exclude from policy evaluation. System namespaces \\\"kube-system\\\", \\\"gatekeeper-system\\\" and \\\"azure-arc\\\" are always excluded by design. \\\"azure-extensions-usage-system\\\" is optional to remove.\"},\"defaultValue\":[\"kube-system\",\"gatekeeper-system\",\"azure-arc\",\"azure-extensions-usage-system\"]},\"namespaces\":{\"type\":\"Array\",\"metadata\":{\"displayName\":\"Namespace inclusions\",\"description\":\"List of Kubernetes namespaces to only include in policy evaluation. An empty list means the policy is applied to all resources in all namespaces.\"},\"defaultValue\":[]},\"labelSelector\":{\"type\":\"Object\",\"metadata\":{\"displayName\":\"Kubernetes label selector\",\"description\":\"Label query to select Kubernetes resources for policy evaluation. An empty label selector matches all Kubernetes resources.\"},\"defaultValue\":{},\"schema\":{\"description\":\"A label selector is a label query over a set of resources. The result of matchLabels and matchExpressions are ANDed. An empty label selector matches all resources.\",\"type\":\"object\",\"properties\":{\"matchLabels\":{\"description\":\"matchLabels is a map of {key,value} pairs.\",\"type\":\"object\",\"additionalProperties\":{\"type\":\"string\"},\"minProperties\":1},\"matchExpressions\":{\"description\":\"matchExpressions is a list of values, a key, and an operator.\",\"type\":\"array\",\"items\":{\"type\":\"object\",\"properties\":{\"key\":{\"description\":\"key is the label key that the selector applies to.\",\"type\":\"string\"},\"operator\":{\"description\":\"operator represents a key\u0027s relationship to a set of values.\",\"type\":\"string\",\"enum\":[\"In\",\"NotIn\",\"Exists\",\"DoesNotExist\"]},\"values\":{\"description\":\"values is an array of string values. If the operator is In or NotIn, the values array must be non-empty. If the operator is Exists or DoesNotExist, the values array must be empty.\",\"type\":\"array\",\"items\":{\"type\":\"string\"}}},\"required\":[\"key\",\"operator\"],\"additionalProperties\":false},\"minItems\":1}},\"additionalProperties\":false}},\"allowedContainerImagesRegex\":{\"type\":\"String\",\"metadata\":{\"displayName\":\"Allowed registry or registries regex\",\"description\":\"The RegEx rule used to match allowed container image field in a Kubernetes cluster. For example, to allow any Azure Container Registry image by matching partial path: ^[^\\\\/]+\\\\.azurecr\\\\.io\\\\/.+$ and for multiple registries: ^([^\\\\/]+\\\\.azurecr\\\\.io|registry\\\\.io)\\\\/.+$\",\"portalReview\":true}},\"excludedContainers\":{\"type\":\"Array\",\"metadata\":{\"displayName\":\"Containers exclusions\",\"description\":\"The list of InitContainers and Containers to exclude from policy evaluation. The identify is the name of container. Use an empty list to apply this policy to all containers in all namespaces.\"},\"defaultValue\":[]}},\"policyRule\":{\"if\":{\"field\":\"type\",\"in\":[\"Microsoft.Kubernetes/connectedClusters\",\"Microsoft.ContainerService/managedClusters\"]},\"then\":{\"effect\":\"[parameters(\u0027effect\u0027)]\",\"details\":{\"warn\":\"[parameters(\u0027warn\u0027)]\",\"templateInfo\":{\"sourceType\":\"PublicURL\",\"url\":\"https://store.policy.core.windows.net/kubernetes/container-allowed-images/v2/template.yaml\"},\"apiGroups\":[\"\"],\"kinds\":[\"Pod\"],\"excludedNamespaces\":\"[parameters(\u0027excludedNamespaces\u0027)]\",\"namespaces\":\"[parameters(\u0027namespaces\u0027)]\",\"labelSelector\":\"[parameters(\u0027labelSelector\u0027)]\",\"values\":{\"imageRegex\":\"[parameters(\u0027allowedContainerImagesRegex\u0027)]\",\"excludedContainers\":\"[parameters(\u0027excludedContainers\u0027)]\"}}}},\"versions\":[\"1.0.0\"]},\"id\":\"/subscriptions/edb2c18a-04d6-49e9-bc72-e23852f507ad/providers/Microsoft.Authorization/policyDefinitions/psPolicyDefinitionWithComplexParameters01\",\"type\":\"Microsoft.Authorization/policyDefinitions\",\"name\":\"psPolicyDefinitionWithComplexParameters01\",\"systemData\":{\"createdBy\":\"cstack@ntdev.microsoft.com\",\"createdByType\":\"User\",\"createdAt\":\"2024-06-15T01:31:34.8170695Z\",\"lastModifiedBy\":\"cstack@ntdev.microsoft.com\",\"lastModifiedByType\":\"User\",\"lastModifiedAt\":\"2024-06-15T01:31:34.8170695Z\"}}",
      "isContentBase64": false
    }
  },
  "PolicyDefinitionWithComplexParameters+[NoContext]+make a policy assignment with complex parameters on the command line+$PUT+https://management.azure.com//subscriptions/edb2c18a-04d6-49e9-bc72-e23852f507ad/providers/Microsoft.Authorization/policyAssignments/psPolicyDefinitionWithComplexParameters02?api-version=2023-04-01+2": {
    "Request": {
      "Method": "PUT",
      "RequestUri": "https://management.azure.com//subscriptions/edb2c18a-04d6-49e9-bc72-e23852f507ad/providers/Microsoft.Authorization/policyAssignments/psPolicyDefinitionWithComplexParameters02?api-version=2023-04-01",
      "Content": "{\r\n  \"properties\": {\r\n    \"displayName\": \"Kubernetes cluster containers should only use allowed images\",\r\n    \"policyDefinitionId\": \"/subscriptions/edb2c18a-04d6-49e9-bc72-e23852f507ad/providers/Microsoft.Authorization/policyDefinitions/psPolicyDefinitionWithComplexParameters01\",\r\n    \"parameters\": {\r\n      \"excludedContainers\": {\r\n        \"value\": [ ]\r\n      },\r\n      \"allowedContainerImagesRegex\": {\r\n        \"value\": \"regex1\"\r\n      },\r\n      \"excludedNamespaces\": {\r\n        \"value\": [ \"uh-oh\", \"no-way\" ]\r\n      },\r\n      \"namespaces\": {\r\n        \"value\": [ \"namespace1\", \"namespace2\" ]\r\n      },\r\n      \"effect\": {\r\n        \"value\": \"Audit\"\r\n      },\r\n      \"labelSelector\": {\r\n        \"value\": {\r\n          \"matchExpressions\": [\r\n            {\r\n              \"operator\": \"NotIn\",\r\n              \"values\": [ \"thing2\", \"thing3\", \"thing4\" ],\r\n              \"key\": \"thing1\"\r\n            },\r\n            {\r\n              \"operator\": \"In\",\r\n              \"values\": [ \"thing2\" ],\r\n              \"key\": \"thing2\"\r\n            }\r\n          ],\r\n          \"matchLabels\": {\r\n            \"label1\": \"don\\u0027t label me\",\r\n            \"label2\": \"another label\"\r\n          }\r\n        }\r\n      },\r\n      \"warn\": {\r\n        \"value\": true\r\n      }\r\n    },\r\n    \"description\": \"Cloned from built-in DP policy: febd0533-8e55-448f-b837-bd0e06f16469\",\r\n    \"metadata\": {\r\n      \"createdOn\": \"06/15/2024 01:31:35\",\r\n      \"version\": \"9.2.0\",\r\n      \"category\": \"Kubernetes\",\r\n      \"createdBy\": \"3d826307-2481-45a0-a271-bcf9333f914a\"\r\n    }\r\n  }\r\n}",
      "isContentBase64": false,
      "Headers": {
      },
      "ContentHeaders": {
        "Content-Type": [ "application/json" ],
        "Content-Length": [ "1534" ]
      }
    },
    "Response": {
      "StatusCode": 201,
      "Headers": {
        "Cache-Control": [ "no-cache" ],
        "Pragma": [ "no-cache" ],
        "Strict-Transport-Security": [ "max-age=31536000; includeSubDomains" ],
        "x-ms-throttling-version": [ "v1" ],
        "x-ms-ratelimit-remaining-subscription-writes": [ "1199" ],
        "x-ms-request-id": [ "5db41eb9-835c-46ea-a6de-8067e5c1a899" ],
        "x-ms-correlation-request-id": [ "5db41eb9-835c-46ea-a6de-8067e5c1a899" ],
        "x-ms-routing-request-id": [ "WESTUS2:20240615T013136Z:5db41eb9-835c-46ea-a6de-8067e5c1a899" ],
        "X-Content-Type-Options": [ "nosniff" ],
        "X-Cache": [ "CONFIG_NOCACHE" ],
        "X-MSEdge-Ref": [ "Ref A: 6E8A27CABAE3431E974AD81E8681945F Ref B: CO6AA3150217035 Ref C: 2024-06-15T01:31:36Z" ],
        "Date": [ "Sat, 15 Jun 2024 01:31:36 GMT" ]
      },
      "ContentHeaders": {
        "Content-Length": [ "1638" ],
        "Content-Type": [ "application/json; charset=utf-8" ],
        "Expires": [ "-1" ]
      },
      "Content": "{\"properties\":{\"displayName\":\"Kubernetes cluster containers should only use allowed images\",\"policyDefinitionId\":\"/subscriptions/edb2c18a-04d6-49e9-bc72-e23852f507ad/providers/Microsoft.Authorization/policyDefinitions/psPolicyDefinitionWithComplexParameters01\",\"definitionVersion\":\"1.*.*\",\"scope\":\"/subscriptions/edb2c18a-04d6-49e9-bc72-e23852f507ad\",\"parameters\":{\"excludedContainers\":{\"value\":[]},\"allowedContainerImagesRegex\":{\"value\":\"regex1\"},\"excludedNamespaces\":{\"value\":[\"uh-oh\",\"no-way\"]},\"namespaces\":{\"value\":[\"namespace1\",\"namespace2\"]},\"effect\":{\"value\":\"Audit\"},\"labelSelector\":{\"value\":{\"matchExpressions\":[{\"operator\":\"NotIn\",\"values\":[\"thing2\",\"thing3\",\"thing4\"],\"key\":\"thing1\"},{\"operator\":\"In\",\"values\":[\"thing2\"],\"key\":\"thing2\"}],\"matchLabels\":{\"label1\":\"don\u0027t label me\",\"label2\":\"another label\"}}},\"warn\":{\"value\":true}},\"description\":\"Cloned from built-in DP policy: febd0533-8e55-448f-b837-bd0e06f16469\",\"metadata\":{\"createdOn\":\"2024-06-15T01:31:36.4510371Z\",\"version\":\"9.2.0\",\"category\":\"Kubernetes\",\"createdBy\":\"3d826307-2481-45a0-a271-bcf9333f914a\",\"updatedBy\":null,\"updatedOn\":null},\"enforcementMode\":\"Default\"},\"id\":\"/subscriptions/edb2c18a-04d6-49e9-bc72-e23852f507ad/providers/Microsoft.Authorization/policyAssignments/psPolicyDefinitionWithComplexParameters02\",\"type\":\"Microsoft.Authorization/policyAssignments\",\"name\":\"psPolicyDefinitionWithComplexParameters02\",\"systemData\":{\"createdBy\":\"cstack@ntdev.microsoft.com\",\"createdByType\":\"User\",\"createdAt\":\"2024-06-15T01:31:36.4224847Z\",\"lastModifiedBy\":\"cstack@ntdev.microsoft.com\",\"lastModifiedByType\":\"User\",\"lastModifiedAt\":\"2024-06-15T01:31:36.4224847Z\"}}",
      "isContentBase64": false
    }
  },
  "PolicyDefinitionWithComplexParameters+[NoContext]+make a policy assignment with complex parameters on the command line+$GET+https://management.azure.com//subscriptions/edb2c18a-04d6-49e9-bc72-e23852f507ad/providers/Microsoft.Authorization/policyAssignments/psPolicyDefinitionWithComplexParameters02?api-version=2023-04-01+3": {
    "Request": {
      "Method": "GET",
      "RequestUri": "https://management.azure.com//subscriptions/edb2c18a-04d6-49e9-bc72-e23852f507ad/providers/Microsoft.Authorization/policyAssignments/psPolicyDefinitionWithComplexParameters02?api-version=2023-04-01",
      "Content": null,
      "isContentBase64": false,
      "Headers": {
        "x-ms-unique-id": [ "717" ],
        "x-ms-client-request-id": [ "be3f97dc-688e-4d16-a0a3-7b1a0c68e8c5" ],
        "CommandName": [ "\u0026" ],
        "FullCommandName": [ "Get-AzPolicyAssignment_Get" ],
        "ParameterSetName": [ "__AllParameterSets" ],
        "User-Agent": [ "AzurePowershell/v11.0.0", "PSVersion/v7.4.2", "Az.Policy/0.1.1" ],
        "Authorization": [ "[Filtered]" ]
      },
      "ContentHeaders": {
      }
    },
    "Response": {
      "StatusCode": 200,
      "Headers": {
        "Cache-Control": [ "no-cache" ],
        "Pragma": [ "no-cache" ],
        "Strict-Transport-Security": [ "max-age=31536000; includeSubDomains" ],
        "x-ms-throttling-version": [ "v1" ],
        "x-ms-ratelimit-remaining-subscription-reads": [ "11994" ],
        "x-ms-request-id": [ "0d266dd2-fc53-4a39-ae6b-0180c6b2b02c" ],
        "x-ms-correlation-request-id": [ "0d266dd2-fc53-4a39-ae6b-0180c6b2b02c" ],
        "x-ms-routing-request-id": [ "WESTUS2:20240615T013136Z:0d266dd2-fc53-4a39-ae6b-0180c6b2b02c" ],
        "X-Content-Type-Options": [ "nosniff" ],
        "X-Cache": [ "CONFIG_NOCACHE" ],
        "X-MSEdge-Ref": [ "Ref A: 2C54046A9FB04085A18B976267642C51 Ref B: CO6AA3150217035 Ref C: 2024-06-15T01:31:36Z" ],
        "Date": [ "Sat, 15 Jun 2024 01:31:36 GMT" ]
      },
      "ContentHeaders": {
        "Content-Length": [ "1638" ],
        "Content-Type": [ "application/json; charset=utf-8" ],
        "Expires": [ "-1" ]
      },
      "Content": "{\"properties\":{\"displayName\":\"Kubernetes cluster containers should only use allowed images\",\"policyDefinitionId\":\"/subscriptions/edb2c18a-04d6-49e9-bc72-e23852f507ad/providers/Microsoft.Authorization/policyDefinitions/psPolicyDefinitionWithComplexParameters01\",\"definitionVersion\":\"1.*.*\",\"scope\":\"/subscriptions/edb2c18a-04d6-49e9-bc72-e23852f507ad\",\"parameters\":{\"excludedContainers\":{\"value\":[]},\"allowedContainerImagesRegex\":{\"value\":\"regex1\"},\"excludedNamespaces\":{\"value\":[\"uh-oh\",\"no-way\"]},\"namespaces\":{\"value\":[\"namespace1\",\"namespace2\"]},\"effect\":{\"value\":\"Audit\"},\"labelSelector\":{\"value\":{\"matchExpressions\":[{\"operator\":\"NotIn\",\"values\":[\"thing2\",\"thing3\",\"thing4\"],\"key\":\"thing1\"},{\"operator\":\"In\",\"values\":[\"thing2\"],\"key\":\"thing2\"}],\"matchLabels\":{\"label1\":\"don\u0027t label me\",\"label2\":\"another label\"}}},\"warn\":{\"value\":true}},\"description\":\"Cloned from built-in DP policy: febd0533-8e55-448f-b837-bd0e06f16469\",\"metadata\":{\"createdOn\":\"2024-06-15T01:31:36.4510371Z\",\"version\":\"9.2.0\",\"category\":\"Kubernetes\",\"createdBy\":\"3d826307-2481-45a0-a271-bcf9333f914a\",\"updatedBy\":null,\"updatedOn\":null},\"enforcementMode\":\"Default\"},\"id\":\"/subscriptions/edb2c18a-04d6-49e9-bc72-e23852f507ad/providers/Microsoft.Authorization/policyAssignments/psPolicyDefinitionWithComplexParameters02\",\"type\":\"Microsoft.Authorization/policyAssignments\",\"name\":\"psPolicyDefinitionWithComplexParameters02\",\"systemData\":{\"createdBy\":\"cstack@ntdev.microsoft.com\",\"createdByType\":\"User\",\"createdAt\":\"2024-06-15T01:31:36.4224847Z\",\"lastModifiedBy\":\"cstack@ntdev.microsoft.com\",\"lastModifiedByType\":\"User\",\"lastModifiedAt\":\"2024-06-15T01:31:36.4224847Z\"}}",
      "isContentBase64": false
    }
  },
  "PolicyDefinitionWithComplexParameters+[NoContext]+[NoScenario]+$DELETE+https://management.azure.com//subscriptions/edb2c18a-04d6-49e9-bc72-e23852f507ad/providers/Microsoft.Authorization/policyAssignments/psPolicyDefinitionWithComplexParameters02?api-version=2023-04-01+4": {
    "Request": {
      "Method": "DELETE",
      "RequestUri": "https://management.azure.com//subscriptions/edb2c18a-04d6-49e9-bc72-e23852f507ad/providers/Microsoft.Authorization/policyAssignments/psPolicyDefinitionWithComplexParameters02?api-version=2023-04-01",
      "Content": null,
      "isContentBase64": false,
      "Headers": {
        "x-ms-unique-id": [ "718" ],
        "x-ms-client-request-id": [ "c68fea16-6157-4c1b-832f-7230d3b7737b" ],
        "CommandName": [ "\u0026" ],
        "FullCommandName": [ "Remove-AzPolicyAssignment_Delete" ],
        "ParameterSetName": [ "__AllParameterSets" ],
        "User-Agent": [ "AzurePowershell/v11.0.0", "PSVersion/v7.4.2", "Az.Policy/0.1.1" ],
        "Authorization": [ "[Filtered]" ]
      },
      "ContentHeaders": {
      }
    },
    "Response": {
      "StatusCode": 200,
      "Headers": {
        "Cache-Control": [ "no-cache" ],
        "Pragma": [ "no-cache" ],
        "Strict-Transport-Security": [ "max-age=31536000; includeSubDomains" ],
        "x-ms-throttling-version": [ "v1" ],
        "x-ms-ratelimit-remaining-subscription-deletes": [ "14998" ],
        "x-ms-request-id": [ "2e14265a-51f5-4a1c-bd42-425ecda6ebf5" ],
        "x-ms-correlation-request-id": [ "2e14265a-51f5-4a1c-bd42-425ecda6ebf5" ],
        "x-ms-routing-request-id": [ "WESTUS2:20240615T013137Z:2e14265a-51f5-4a1c-bd42-425ecda6ebf5" ],
        "X-Content-Type-Options": [ "nosniff" ],
        "X-Cache": [ "CONFIG_NOCACHE" ],
        "X-MSEdge-Ref": [ "Ref A: 39EE9E92C2E442B4B0AE28335F5ED1CB Ref B: CO6AA3150217035 Ref C: 2024-06-15T01:31:37Z" ],
        "Date": [ "Sat, 15 Jun 2024 01:31:37 GMT" ]
      },
      "ContentHeaders": {
        "Content-Length": [ "1638" ],
        "Content-Type": [ "application/json; charset=utf-8" ],
        "Expires": [ "-1" ]
      },
      "Content": "{\"properties\":{\"displayName\":\"Kubernetes cluster containers should only use allowed images\",\"policyDefinitionId\":\"/subscriptions/edb2c18a-04d6-49e9-bc72-e23852f507ad/providers/Microsoft.Authorization/policyDefinitions/psPolicyDefinitionWithComplexParameters01\",\"definitionVersion\":\"1.*.*\",\"scope\":\"/subscriptions/edb2c18a-04d6-49e9-bc72-e23852f507ad\",\"parameters\":{\"excludedContainers\":{\"value\":[]},\"allowedContainerImagesRegex\":{\"value\":\"regex1\"},\"excludedNamespaces\":{\"value\":[\"uh-oh\",\"no-way\"]},\"namespaces\":{\"value\":[\"namespace1\",\"namespace2\"]},\"effect\":{\"value\":\"Audit\"},\"labelSelector\":{\"value\":{\"matchExpressions\":[{\"operator\":\"NotIn\",\"values\":[\"thing2\",\"thing3\",\"thing4\"],\"key\":\"thing1\"},{\"operator\":\"In\",\"values\":[\"thing2\"],\"key\":\"thing2\"}],\"matchLabels\":{\"label1\":\"don\u0027t label me\",\"label2\":\"another label\"}}},\"warn\":{\"value\":true}},\"description\":\"Cloned from built-in DP policy: febd0533-8e55-448f-b837-bd0e06f16469\",\"metadata\":{\"createdOn\":\"2024-06-15T01:31:36.4510371Z\",\"version\":\"9.2.0\",\"category\":\"Kubernetes\",\"createdBy\":\"3d826307-2481-45a0-a271-bcf9333f914a\",\"updatedBy\":null,\"updatedOn\":null},\"enforcementMode\":\"Default\"},\"id\":\"/subscriptions/edb2c18a-04d6-49e9-bc72-e23852f507ad/providers/Microsoft.Authorization/policyAssignments/psPolicyDefinitionWithComplexParameters02\",\"type\":\"Microsoft.Authorization/policyAssignments\",\"name\":\"psPolicyDefinitionWithComplexParameters02\",\"systemData\":{\"createdBy\":\"cstack@ntdev.microsoft.com\",\"createdByType\":\"User\",\"createdAt\":\"2024-06-15T01:31:36.4224847Z\",\"lastModifiedBy\":\"cstack@ntdev.microsoft.com\",\"lastModifiedByType\":\"User\",\"lastModifiedAt\":\"2024-06-15T01:31:36.4224847Z\"}}",
      "isContentBase64": false
    }
  },
  "PolicyDefinitionWithComplexParameters+[NoContext]+[NoScenario]+$DELETE+https://management.azure.com/subscriptions/edb2c18a-04d6-49e9-bc72-e23852f507ad/providers/Microsoft.Authorization/policyDefinitions/psPolicyDefinitionWithComplexParameters01?api-version=2023-04-01+5": {
    "Request": {
      "Method": "DELETE",
      "RequestUri": "https://management.azure.com/subscriptions/edb2c18a-04d6-49e9-bc72-e23852f507ad/providers/Microsoft.Authorization/policyDefinitions/psPolicyDefinitionWithComplexParameters01?api-version=2023-04-01",
      "Content": null,
      "isContentBase64": false,
      "Headers": {
        "x-ms-unique-id": [ "719" ],
        "x-ms-client-request-id": [ "588d5c74-5932-42db-8c2c-b659cdfcd03c" ],
        "CommandName": [ "\u0026" ],
        "FullCommandName": [ "Remove-AzPolicyDefinition_Delete" ],
        "ParameterSetName": [ "__AllParameterSets" ],
        "User-Agent": [ "AzurePowershell/v11.0.0", "PSVersion/v7.4.2", "Az.Policy/0.1.1" ],
        "Authorization": [ "[Filtered]" ]
      },
      "ContentHeaders": {
      }
    },
    "Response": {
      "StatusCode": 200,
      "Headers": {
        "Cache-Control": [ "no-cache" ],
        "Pragma": [ "no-cache" ],
        "Strict-Transport-Security": [ "max-age=31536000; includeSubDomains" ],
        "x-ms-throttling-version": [ "v1" ],
        "x-ms-ratelimit-remaining-subscription-deletes": [ "14999" ],
        "x-ms-request-id": [ "1f33219d-85bd-41dc-bab8-86b92dee4d3b" ],
        "x-ms-correlation-request-id": [ "1f33219d-85bd-41dc-bab8-86b92dee4d3b" ],
        "x-ms-routing-request-id": [ "WESTUS2:20240615T013138Z:1f33219d-85bd-41dc-bab8-86b92dee4d3b" ],
        "X-Content-Type-Options": [ "nosniff" ],
        "X-Cache": [ "CONFIG_NOCACHE" ],
        "X-MSEdge-Ref": [ "Ref A: 3C04FF99DAE741C09F7D07437F5CA6A2 Ref B: CO6AA3150217035 Ref C: 2024-06-15T01:31:37Z" ],
        "Date": [ "Sat, 15 Jun 2024 01:31:37 GMT" ]
      },
      "ContentHeaders": {
        "Content-Length": [ "4968" ],
        "Content-Type": [ "application/json; charset=utf-8" ],
        "Expires": [ "-1" ]
      },
      "Content": "{\"properties\":{\"displayName\":\"Kubernetes cluster containers should only use allowed images\",\"policyType\":\"Custom\",\"mode\":\"Microsoft.Kubernetes.Data\",\"description\":\"Cloned from built-in DP policy: febd0533-8e55-448f-b837-bd0e06f16469\",\"metadata\":{\"version\":\"9.2.0\",\"category\":\"Kubernetes\",\"createdBy\":\"3d826307-2481-45a0-a271-bcf9333f914a\",\"createdOn\":\"2024-06-15T01:31:35.3312881Z\",\"updatedBy\":null,\"updatedOn\":null},\"version\":\"1.0.0\",\"parameters\":{\"warn\":{\"type\":\"Boolean\",\"metadata\":{\"displayName\":\"Warn\",\"description\":\"Whether or not to return warnings back to the user in the kubectl cli\"},\"allowedValues\":[true,false],\"defaultValue\":false},\"effect\":{\"type\":\"String\",\"metadata\":{\"displayName\":\"Effect\",\"description\":\"\u0027Audit\u0027 allows a non-compliant resource to be created, but flags it as non-compliant. \u0027Deny\u0027 blocks the resource creation. \u0027Disable\u0027 turns off the policy.\",\"portalReview\":true},\"allowedValues\":[\"audit\",\"Audit\",\"deny\",\"Deny\",\"disabled\",\"Disabled\"],\"defaultValue\":\"Deny\"},\"excludedNamespaces\":{\"type\":\"Array\",\"metadata\":{\"displayName\":\"Namespace exclusions\",\"description\":\"List of Kubernetes namespaces to exclude from policy evaluation. System namespaces \\\"kube-system\\\", \\\"gatekeeper-system\\\" and \\\"azure-arc\\\" are always excluded by design. \\\"azure-extensions-usage-system\\\" is optional to remove.\"},\"defaultValue\":[\"kube-system\",\"gatekeeper-system\",\"azure-arc\",\"azure-extensions-usage-system\"]},\"namespaces\":{\"type\":\"Array\",\"metadata\":{\"displayName\":\"Namespace inclusions\",\"description\":\"List of Kubernetes namespaces to only include in policy evaluation. An empty list means the policy is applied to all resources in all namespaces.\"},\"defaultValue\":[]},\"labelSelector\":{\"type\":\"Object\",\"metadata\":{\"displayName\":\"Kubernetes label selector\",\"description\":\"Label query to select Kubernetes resources for policy evaluation. An empty label selector matches all Kubernetes resources.\"},\"defaultValue\":{},\"schema\":{\"description\":\"A label selector is a label query over a set of resources. The result of matchLabels and matchExpressions are ANDed. An empty label selector matches all resources.\",\"type\":\"object\",\"properties\":{\"matchLabels\":{\"description\":\"matchLabels is a map of {key,value} pairs.\",\"type\":\"object\",\"additionalProperties\":{\"type\":\"string\"},\"minProperties\":1},\"matchExpressions\":{\"description\":\"matchExpressions is a list of values, a key, and an operator.\",\"type\":\"array\",\"items\":{\"type\":\"object\",\"properties\":{\"key\":{\"description\":\"key is the label key that the selector applies to.\",\"type\":\"string\"},\"operator\":{\"description\":\"operator represents a key\u0027s relationship to a set of values.\",\"type\":\"string\",\"enum\":[\"In\",\"NotIn\",\"Exists\",\"DoesNotExist\"]},\"values\":{\"description\":\"values is an array of string values. If the operator is In or NotIn, the values array must be non-empty. If the operator is Exists or DoesNotExist, the values array must be empty.\",\"type\":\"array\",\"items\":{\"type\":\"string\"}}},\"required\":[\"key\",\"operator\"],\"additionalProperties\":false},\"minItems\":1}},\"additionalProperties\":false}},\"allowedContainerImagesRegex\":{\"type\":\"String\",\"metadata\":{\"displayName\":\"Allowed registry or registries regex\",\"description\":\"The RegEx rule used to match allowed container image field in a Kubernetes cluster. For example, to allow any Azure Container Registry image by matching partial path: ^[^\\\\/]+\\\\.azurecr\\\\.io\\\\/.+$ and for multiple registries: ^([^\\\\/]+\\\\.azurecr\\\\.io|registry\\\\.io)\\\\/.+$\",\"portalReview\":true}},\"excludedContainers\":{\"type\":\"Array\",\"metadata\":{\"displayName\":\"Containers exclusions\",\"description\":\"The list of InitContainers and Containers to exclude from policy evaluation. The identify is the name of container. Use an empty list to apply this policy to all containers in all namespaces.\"},\"defaultValue\":[]}},\"policyRule\":{\"if\":{\"field\":\"type\",\"in\":[\"Microsoft.Kubernetes/connectedClusters\",\"Microsoft.ContainerService/managedClusters\"]},\"then\":{\"effect\":\"[parameters(\u0027effect\u0027)]\",\"details\":{\"warn\":\"[parameters(\u0027warn\u0027)]\",\"templateInfo\":{\"sourceType\":\"PublicURL\",\"url\":\"https://store.policy.core.windows.net/kubernetes/container-allowed-images/v2/template.yaml\"},\"apiGroups\":[\"\"],\"kinds\":[\"Pod\"],\"excludedNamespaces\":\"[parameters(\u0027excludedNamespaces\u0027)]\",\"namespaces\":\"[parameters(\u0027namespaces\u0027)]\",\"labelSelector\":\"[parameters(\u0027labelSelector\u0027)]\",\"values\":{\"imageRegex\":\"[parameters(\u0027allowedContainerImagesRegex\u0027)]\",\"excludedContainers\":\"[parameters(\u0027excludedContainers\u0027)]\"}}}},\"versions\":[\"1.0.0\"]},\"id\":\"/subscriptions/edb2c18a-04d6-49e9-bc72-e23852f507ad/providers/Microsoft.Authorization/policyDefinitions/psPolicyDefinitionWithComplexParameters01\",\"type\":\"Microsoft.Authorization/policyDefinitions\",\"name\":\"psPolicyDefinitionWithComplexParameters01\",\"systemData\":{\"createdBy\":\"cstack@ntdev.microsoft.com\",\"createdByType\":\"User\",\"createdAt\":\"2024-06-15T01:31:34.8170695Z\",\"lastModifiedBy\":\"cstack@ntdev.microsoft.com\",\"lastModifiedByType\":\"User\",\"lastModifiedAt\":\"2024-06-15T01:31:34.8170695Z\"}}",
      "isContentBase64": false
    }
  }
}