{
  "PolicyAssignmentCRUD+[NoContext]+[NoScenario]+$PUT+https://management.azure.com/subscriptions/edb2c18a-04d6-49e9-bc72-e23852f507ad/providers/Microsoft.Authorization/policyDefinitions/psPolicyAssignmentCRUD03?api-version=2023-04-01+1": {
    "Request": {
      "Method": "PUT",
      "RequestUri": "https://management.azure.com/subscriptions/edb2c18a-04d6-49e9-bc72-e23852f507ad/providers/Microsoft.Authorization/policyDefinitions/psPolicyAssignmentCRUD03?api-version=2023-04-01",
      "Content": "{\r\n  \"properties\": {\r\n    \"mode\": \"All\",\r\n    \"description\": \"Unit test junk: sorry for littering. Please delete me!\",\r\n    \"policyRule\": {\r\n      \"if\": {\r\n        \"source\": \"action\",\r\n        \"equals\": \"Microsoft.Resources/Subscriptions/ResourceGroups/write\"\r\n      },\r\n      \"then\": {\r\n        \"effect\": \"deny\"\r\n      }\r\n    }\r\n  }\r\n}",
      "isContentBase64": false,
      "Headers": {
      },
      "ContentHeaders": {
        "Content-Type": [ "application/json" ],
        "Content-Length": [ "336" ]
      }
    },
    "Response": {
      "StatusCode": 201,
      "Headers": {
        "Cache-Control": [ "no-cache" ],
        "Pragma": [ "no-cache" ],
        "Strict-Transport-Security": [ "max-age=31536000; includeSubDomains" ],
        "x-ms-ratelimit-remaining-subscription-writes": [ "1199" ],
        "x-ms-request-id": [ "a437e2a6-8da9-4e48-8189-66e0733b0a66" ],
        "x-ms-correlation-request-id": [ "a437e2a6-8da9-4e48-8189-66e0733b0a66" ],
        "x-ms-routing-request-id": [ "WESTUS2:20240328T005602Z:a437e2a6-8da9-4e48-8189-66e0733b0a66" ],
        "X-Content-Type-Options": [ "nosniff" ],
        "X-Cache": [ "CONFIG_NOCACHE" ],
        "X-MSEdge-Ref": [ "Ref A: BDC0F3E8D44C4A69A4771D869E07FF99 Ref B: CO6AA3150219021 Ref C: 2024-03-28T00:56:02Z" ],
        "Date": [ "Thu, 28 Mar 2024 00:56:02 GMT" ]
      },
      "ContentHeaders": {
        "Content-Length": [ "898" ],
        "Content-Type": [ "application/json; charset=utf-8" ],
        "Expires": [ "-1" ]
      },
      "Content": "{\"properties\":{\"policyType\":\"Custom\",\"mode\":\"All\",\"description\":\"Unit test junk: sorry for littering. Please delete me!\",\"metadata\":{\"createdBy\":\"3d826307-2481-45a0-a271-bcf9333f914a\",\"createdOn\":\"2024-03-28T00:56:02.6522477Z\",\"updatedBy\":null,\"updatedOn\":null},\"version\":\"1.0.0\",\"policyRule\":{\"if\":{\"source\":\"action\",\"equals\":\"Microsoft.Resources/Subscriptions/ResourceGroups/write\"},\"then\":{\"effect\":\"deny\"}},\"versions\":[\"1.0.0\"]},\"id\":\"/subscriptions/edb2c18a-04d6-49e9-bc72-e23852f507ad/providers/Microsoft.Authorization/policyDefinitions/psPolicyAssignmentCRUD03\",\"type\":\"Microsoft.Authorization/policyDefinitions\",\"name\":\"psPolicyAssignmentCRUD03\",\"systemData\":{\"createdBy\":\"cstack@ntdev.microsoft.com\",\"createdByType\":\"User\",\"createdAt\":\"2024-03-28T00:56:02.6406498Z\",\"lastModifiedBy\":\"cstack@ntdev.microsoft.com\",\"lastModifiedByType\":\"User\",\"lastModifiedAt\":\"2024-03-28T00:56:02.6406498Z\"}}",
      "isContentBase64": false
    }
  },
  "PolicyAssignmentCRUD+[NoContext]+[NoScenario]+$PUT+https://management.azure.com/subscriptions/edb2c18a-04d6-49e9-bc72-e23852f507ad/providers/Microsoft.Authorization/policyDefinitions/psPolicyAssignmentCRUD04?api-version=2023-04-01+2": {
    "Request": {
      "Method": "PUT",
      "RequestUri": "https://management.azure.com/subscriptions/edb2c18a-04d6-49e9-bc72-e23852f507ad/providers/Microsoft.Authorization/policyDefinitions/psPolicyAssignmentCRUD04?api-version=2023-04-01",
      "Content": "{\r\n  \"properties\": {\r\n    \"mode\": \"All\",\r\n    \"description\": \"Unit test junk: sorry for littering. Please delete me!\",\r\n    \"policyRule\": {\r\n      \"if\": {\r\n        \"source\": \"action\",\r\n        \"equals\": \"Microsoft.Resources/Subscriptions/ResourceGroups/write\"\r\n      },\r\n      \"then\": {\r\n        \"effect\": \"deny\"\r\n      }\r\n    }\r\n  }\r\n}",
      "isContentBase64": false,
      "Headers": {
      },
      "ContentHeaders": {
        "Content-Type": [ "application/json" ],
        "Content-Length": [ "336" ]
      }
    },
    "Response": {
      "StatusCode": 201,
      "Headers": {
        "Cache-Control": [ "no-cache" ],
        "Pragma": [ "no-cache" ],
        "Strict-Transport-Security": [ "max-age=31536000; includeSubDomains" ],
        "x-ms-ratelimit-remaining-subscription-writes": [ "1198" ],
        "x-ms-request-id": [ "16a599a1-09f0-49ad-a2fa-0cd7a46f696e" ],
        "x-ms-correlation-request-id": [ "16a599a1-09f0-49ad-a2fa-0cd7a46f696e" ],
        "x-ms-routing-request-id": [ "WESTUS2:20240328T005603Z:16a599a1-09f0-49ad-a2fa-0cd7a46f696e" ],
        "X-Content-Type-Options": [ "nosniff" ],
        "X-Cache": [ "CONFIG_NOCACHE" ],
        "X-MSEdge-Ref": [ "Ref A: B280C105190B4587BE2B63953CABC507 Ref B: CO6AA3150219021 Ref C: 2024-03-28T00:56:03Z" ],
        "Date": [ "Thu, 28 Mar 2024 00:56:03 GMT" ]
      },
      "ContentHeaders": {
        "Content-Length": [ "898" ],
        "Content-Type": [ "application/json; charset=utf-8" ],
        "Expires": [ "-1" ]
      },
      "Content": "{\"properties\":{\"policyType\":\"Custom\",\"mode\":\"All\",\"description\":\"Unit test junk: sorry for littering. Please delete me!\",\"metadata\":{\"createdBy\":\"3d826307-2481-45a0-a271-bcf9333f914a\",\"createdOn\":\"2024-03-28T00:56:03.1519181Z\",\"updatedBy\":null,\"updatedOn\":null},\"version\":\"1.0.0\",\"policyRule\":{\"if\":{\"source\":\"action\",\"equals\":\"Microsoft.Resources/Subscriptions/ResourceGroups/write\"},\"then\":{\"effect\":\"deny\"}},\"versions\":[\"1.0.0\"]},\"id\":\"/subscriptions/edb2c18a-04d6-49e9-bc72-e23852f507ad/providers/Microsoft.Authorization/policyDefinitions/psPolicyAssignmentCRUD04\",\"type\":\"Microsoft.Authorization/policyDefinitions\",\"name\":\"psPolicyAssignmentCRUD04\",\"systemData\":{\"createdBy\":\"cstack@ntdev.microsoft.com\",\"createdByType\":\"User\",\"createdAt\":\"2024-03-28T00:56:03.1444034Z\",\"lastModifiedBy\":\"cstack@ntdev.microsoft.com\",\"lastModifiedByType\":\"User\",\"lastModifiedAt\":\"2024-03-28T00:56:03.1444034Z\"}}",
      "isContentBase64": false
    }
  },
  "PolicyAssignmentCRUD+[NoContext]+[NoScenario]+$PUT+https://management.azure.com/subscriptions/edb2c18a-04d6-49e9-bc72-e23852f507ad/providers/Microsoft.Authorization/policySetDefinitions/psPolicyAssignmentCRUD02?api-version=2023-04-01+3": {
    "Request": {
      "Method": "PUT",
      "RequestUri": "https://management.azure.com/subscriptions/edb2c18a-04d6-49e9-bc72-e23852f507ad/providers/Microsoft.Authorization/policySetDefinitions/psPolicyAssignmentCRUD02?api-version=2023-04-01",
      "Content": "{\r\n  \"properties\": {\r\n    \"description\": \"Unit test junk: sorry for littering. Please delete me!\",\r\n    \"metadata\": {\r\n      \"testName\": \"testValue\"\r\n    },\r\n    \"policyDefinitions\": [\r\n      {\r\n        \"policyDefinitionId\": \"/subscriptions/edb2c18a-04d6-49e9-bc72-e23852f507ad/providers/Microsoft.Authorization/policyDefinitions/psPolicyAssignmentCRUD03\"\r\n      },\r\n      {\r\n        \"policyDefinitionId\": \"/subscriptions/edb2c18a-04d6-49e9-bc72-e23852f507ad/providers/Microsoft.Authorization/policyDefinitions/psPolicyAssignmentCRUD04\"\r\n      }\r\n    ]\r\n  }\r\n}",
      "isContentBase64": false,
      "Headers": {
      },
      "ContentHeaders": {
        "Content-Type": [ "application/json" ],
        "Content-Length": [ "560" ]
      }
    },
    "Response": {
      "StatusCode": 201,
      "Headers": {
        "Cache-Control": [ "no-cache" ],
        "Pragma": [ "no-cache" ],
        "Strict-Transport-Security": [ "max-age=31536000; includeSubDomains" ],
        "x-ms-ratelimit-remaining-subscription-writes": [ "1198" ],
        "x-ms-request-id": [ "aeb808d8-27a2-4ab9-a55e-c073492dea96" ],
        "x-ms-correlation-request-id": [ "aeb808d8-27a2-4ab9-a55e-c073492dea96" ],
        "x-ms-routing-request-id": [ "WESTUS2:20240328T005604Z:aeb808d8-27a2-4ab9-a55e-c073492dea96" ],
        "X-Content-Type-Options": [ "nosniff" ],
        "X-Cache": [ "CONFIG_NOCACHE" ],
        "X-MSEdge-Ref": [ "Ref A: 4FF5EFFE5C2249D2BD2FBD19FE15E78F Ref B: CO6AA3150219021 Ref C: 2024-03-28T00:56:03Z" ],
        "Date": [ "Thu, 28 Mar 2024 00:56:03 GMT" ]
      },
      "ContentHeaders": {
        "Content-Length": [ "1273" ],
        "Content-Type": [ "application/json; charset=utf-8" ],
        "Expires": [ "-1" ]
      },
      "Content": "{\"properties\":{\"policyType\":\"Custom\",\"description\":\"Unit test junk: sorry for littering. Please delete me!\",\"metadata\":{\"testName\":\"testValue\",\"createdBy\":\"3d826307-2481-45a0-a271-bcf9333f914a\",\"createdOn\":\"2024-03-28T00:56:03.6400636Z\",\"updatedBy\":null,\"updatedOn\":null},\"version\":\"1.0.0\",\"policyDefinitions\":[{\"policyDefinitionReferenceId\":\"5800836570966774572\",\"policyDefinitionId\":\"/subscriptions/edb2c18a-04d6-49e9-bc72-e23852f507ad/providers/Microsoft.Authorization/policyDefinitions/psPolicyAssignmentCRUD03\",\"definitionVersion\":\"1.*.*\"},{\"policyDefinitionReferenceId\":\"8364889175415346717\",\"policyDefinitionId\":\"/subscriptions/edb2c18a-04d6-49e9-bc72-e23852f507ad/providers/Microsoft.Authorization/policyDefinitions/psPolicyAssignmentCRUD04\",\"definitionVersion\":\"1.*.*\"}],\"versions\":[\"1.0.0\"]},\"id\":\"/subscriptions/edb2c18a-04d6-49e9-bc72-e23852f507ad/providers/Microsoft.Authorization/policySetDefinitions/psPolicyAssignmentCRUD02\",\"type\":\"Microsoft.Authorization/policySetDefinitions\",\"name\":\"psPolicyAssignmentCRUD02\",\"systemData\":{\"createdBy\":\"cstack@ntdev.microsoft.com\",\"createdByType\":\"User\",\"createdAt\":\"2024-03-28T00:56:03.5936141Z\",\"lastModifiedBy\":\"cstack@ntdev.microsoft.com\",\"lastModifiedByType\":\"User\",\"lastModifiedAt\":\"2024-03-28T00:56:03.5936141Z\"}}",
      "isContentBase64": false
    }
  },
  "PolicyAssignmentCRUD+[NoContext]+Make and validate a policy assignment at RG scope+$PUT+https://management.azure.com//subscriptions/edb2c18a-04d6-49e9-bc72-e23852f507ad/resourceGroups/rgPolicyAssignmentCRUD01/providers/Microsoft.Authorization/policyAssignments/psPolicyAssignmentCRUD05?api-version=2023-04-01+1": {
    "Request": {
      "Method": "PUT",
      "RequestUri": "https://management.azure.com//subscriptions/edb2c18a-04d6-49e9-bc72-e23852f507ad/resourceGroups/rgPolicyAssignmentCRUD01/providers/Microsoft.Authorization/policyAssignments/psPolicyAssignmentCRUD05?api-version=2023-04-01",
      "Content": "{\r\n  \"properties\": {\r\n    \"policyDefinitionId\": \"/subscriptions/edb2c18a-04d6-49e9-bc72-e23852f507ad/providers/Microsoft.Authorization/policySetDefinitions/psPolicyAssignmentCRUD02\",\r\n    \"description\": \"Unit test junk: sorry for littering. Please delete me!\",\r\n    \"nonComplianceMessages\": [\r\n      {\r\n        \"message\": \"General message\"\r\n      }\r\n    ]\r\n  }\r\n}",
      "isContentBase64": false,
      "Headers": {
      },
      "ContentHeaders": {
        "Content-Type": [ "application/json" ],
        "Content-Length": [ "363" ]
      }
    },
    "Response": {
      "StatusCode": 201,
      "Headers": {
        "Cache-Control": [ "no-cache" ],
        "Pragma": [ "no-cache" ],
        "Strict-Transport-Security": [ "max-age=31536000; includeSubDomains" ],
        "x-ms-ratelimit-remaining-subscription-writes": [ "1198" ],
        "x-ms-request-id": [ "fa8e1cc8-a6d1-4f68-ba34-4e0e2dbb1fb8" ],
        "x-ms-correlation-request-id": [ "fa8e1cc8-a6d1-4f68-ba34-4e0e2dbb1fb8" ],
        "x-ms-routing-request-id": [ "WESTUS2:20240328T005604Z:fa8e1cc8-a6d1-4f68-ba34-4e0e2dbb1fb8" ],
        "X-Content-Type-Options": [ "nosniff" ],
        "X-Cache": [ "CONFIG_NOCACHE" ],
        "X-MSEdge-Ref": [ "Ref A: 2C6A28EA989B4A68A98F2F7375BDF28D Ref B: CO6AA3150219021 Ref C: 2024-03-28T00:56:04Z" ],
        "Date": [ "Thu, 28 Mar 2024 00:56:04 GMT" ]
      },
      "ContentHeaders": {
        "Content-Length": [ "1102" ],
        "Content-Type": [ "application/json; charset=utf-8" ],
        "Expires": [ "-1" ]
      },
      "Content": "{\"properties\":{\"policyDefinitionId\":\"/subscriptions/edb2c18a-04d6-49e9-bc72-e23852f507ad/providers/Microsoft.Authorization/policySetDefinitions/psPolicyAssignmentCRUD02\",\"definitionVersion\":\"1.*.*\",\"scope\":\"/subscriptions/edb2c18a-04d6-49e9-bc72-e23852f507ad/resourceGroups/rgPolicyAssignmentCRUD01\",\"description\":\"Unit test junk: sorry for littering. Please delete me!\",\"metadata\":{\"createdBy\":\"3d826307-2481-45a0-a271-bcf9333f914a\",\"createdOn\":\"2024-03-28T00:56:04.1709166Z\",\"updatedBy\":null,\"updatedOn\":null},\"enforcementMode\":\"Default\",\"nonComplianceMessages\":[{\"message\":\"General message\"}]},\"id\":\"/subscriptions/edb2c18a-04d6-49e9-bc72-e23852f507ad/resourceGroups/rgPolicyAssignmentCRUD01/providers/Microsoft.Authorization/policyAssignments/psPolicyAssignmentCRUD05\",\"type\":\"Microsoft.Authorization/policyAssignments\",\"name\":\"psPolicyAssignmentCRUD05\",\"systemData\":{\"createdBy\":\"cstack@ntdev.microsoft.com\",\"createdByType\":\"User\",\"createdAt\":\"2024-03-28T00:56:04.1287698Z\",\"lastModifiedBy\":\"cstack@ntdev.microsoft.com\",\"lastModifiedByType\":\"User\",\"lastModifiedAt\":\"2024-03-28T00:56:04.1287698Z\"}}",
      "isContentBase64": false
    }
  },
  "PolicyAssignmentCRUD+[NoContext]+Make and validate a policy assignment at RG scope+$GET+https://management.azure.com//subscriptions/edb2c18a-04d6-49e9-bc72-e23852f507ad/resourceGroups/rgPolicyAssignmentCRUD01/providers/Microsoft.Authorization/policyAssignments/psPolicyAssignmentCRUD05?api-version=2023-04-01+2": {
    "Request": {
      "Method": "GET",
      "RequestUri": "https://management.azure.com//subscriptions/edb2c18a-04d6-49e9-bc72-e23852f507ad/resourceGroups/rgPolicyAssignmentCRUD01/providers/Microsoft.Authorization/policyAssignments/psPolicyAssignmentCRUD05?api-version=2023-04-01",
      "Content": null,
      "isContentBase64": false,
      "Headers": {
        "x-ms-unique-id": [ "1097" ],
        "x-ms-client-request-id": [ "0db8f53f-1dc4-4e47-bd66-9982c35fab2e" ],
        "CommandName": [ "\u0026" ],
        "FullCommandName": [ "Get-AzPolicyAssignment_Get" ],
        "ParameterSetName": [ "__AllParameterSets" ],
        "User-Agent": [ "AzurePowershell/v11.0.0", "PSVersion/v7.4.1", "Az.Policy/0.1.1" ],
        "Authorization": [ "[Filtered]" ]
      },
      "ContentHeaders": {
      }
    },
    "Response": {
      "StatusCode": 200,
      "Headers": {
        "Cache-Control": [ "no-cache" ],
        "Pragma": [ "no-cache" ],
        "Strict-Transport-Security": [ "max-age=31536000; includeSubDomains" ],
        "x-ms-ratelimit-remaining-subscription-reads": [ "11990" ],
        "x-ms-request-id": [ "b01f3bd2-e9cf-4444-b189-6c01e2626512" ],
        "x-ms-correlation-request-id": [ "b01f3bd2-e9cf-4444-b189-6c01e2626512" ],
        "x-ms-routing-request-id": [ "WESTUS2:20240328T005604Z:b01f3bd2-e9cf-4444-b189-6c01e2626512" ],
        "X-Content-Type-Options": [ "nosniff" ],
        "X-Cache": [ "CONFIG_NOCACHE" ],
        "X-MSEdge-Ref": [ "Ref A: 86F3B9289229466E8C282BF4E0E497A5 Ref B: CO6AA3150219021 Ref C: 2024-03-28T00:56:04Z" ],
        "Date": [ "Thu, 28 Mar 2024 00:56:04 GMT" ]
      },
      "ContentHeaders": {
        "Content-Length": [ "1102" ],
        "Content-Type": [ "application/json; charset=utf-8" ],
        "Expires": [ "-1" ]
      },
      "Content": "{\"properties\":{\"policyDefinitionId\":\"/subscriptions/edb2c18a-04d6-49e9-bc72-e23852f507ad/providers/Microsoft.Authorization/policySetDefinitions/psPolicyAssignmentCRUD02\",\"definitionVersion\":\"1.*.*\",\"scope\":\"/subscriptions/edb2c18a-04d6-49e9-bc72-e23852f507ad/resourceGroups/rgPolicyAssignmentCRUD01\",\"description\":\"Unit test junk: sorry for littering. Please delete me!\",\"metadata\":{\"createdBy\":\"3d826307-2481-45a0-a271-bcf9333f914a\",\"createdOn\":\"2024-03-28T00:56:04.1709166Z\",\"updatedBy\":null,\"updatedOn\":null},\"enforcementMode\":\"Default\",\"nonComplianceMessages\":[{\"message\":\"General message\"}]},\"id\":\"/subscriptions/edb2c18a-04d6-49e9-bc72-e23852f507ad/resourceGroups/rgPolicyAssignmentCRUD01/providers/Microsoft.Authorization/policyAssignments/psPolicyAssignmentCRUD05\",\"type\":\"Microsoft.Authorization/policyAssignments\",\"name\":\"psPolicyAssignmentCRUD05\",\"systemData\":{\"createdBy\":\"cstack@ntdev.microsoft.com\",\"createdByType\":\"User\",\"createdAt\":\"2024-03-28T00:56:04.1287698Z\",\"lastModifiedBy\":\"cstack@ntdev.microsoft.com\",\"lastModifiedByType\":\"User\",\"lastModifiedAt\":\"2024-03-28T00:56:04.1287698Z\"}}",
      "isContentBase64": false
    }
  },
  "PolicyAssignmentCRUD+[NoContext]+Get policy assignment by Id+$GET+https://management.azure.com//subscriptions/edb2c18a-04d6-49e9-bc72-e23852f507ad/resourceGroups/rgPolicyAssignmentCRUD01/providers/Microsoft.Authorization/policyAssignments/psPolicyAssignmentCRUD05?api-version=2023-04-01+1": {
    "Request": {
      "Method": "GET",
      "RequestUri": "https://management.azure.com//subscriptions/edb2c18a-04d6-49e9-bc72-e23852f507ad/resourceGroups/rgPolicyAssignmentCRUD01/providers/Microsoft.Authorization/policyAssignments/psPolicyAssignmentCRUD05?api-version=2023-04-01",
      "Content": null,
      "isContentBase64": false,
      "Headers": {
        "x-ms-unique-id": [ "1098" ],
        "x-ms-client-request-id": [ "1501216a-3959-4150-a376-1d1dc4621a78" ],
        "CommandName": [ "\u0026" ],
        "FullCommandName": [ "Get-AzPolicyAssignment_Get" ],
        "ParameterSetName": [ "__AllParameterSets" ],
        "User-Agent": [ "AzurePowershell/v11.0.0", "PSVersion/v7.4.1", "Az.Policy/0.1.1" ],
        "Authorization": [ "[Filtered]" ]
      },
      "ContentHeaders": {
      }
    },
    "Response": {
      "StatusCode": 200,
      "Headers": {
        "Cache-Control": [ "no-cache" ],
        "Pragma": [ "no-cache" ],
        "Strict-Transport-Security": [ "max-age=31536000; includeSubDomains" ],
        "x-ms-ratelimit-remaining-subscription-reads": [ "11991" ],
        "x-ms-request-id": [ "9177bd51-843e-452a-a081-8014a69be8c6" ],
        "x-ms-correlation-request-id": [ "9177bd51-843e-452a-a081-8014a69be8c6" ],
        "x-ms-routing-request-id": [ "WESTUS2:20240328T005604Z:9177bd51-843e-452a-a081-8014a69be8c6" ],
        "X-Content-Type-Options": [ "nosniff" ],
        "X-Cache": [ "CONFIG_NOCACHE" ],
        "X-MSEdge-Ref": [ "Ref A: 0F90887183DC41EFA316E5556DE4C590 Ref B: CO6AA3150219021 Ref C: 2024-03-28T00:56:04Z" ],
        "Date": [ "Thu, 28 Mar 2024 00:56:04 GMT" ]
      },
      "ContentHeaders": {
        "Content-Length": [ "1102" ],
        "Content-Type": [ "application/json; charset=utf-8" ],
        "Expires": [ "-1" ]
      },
      "Content": "{\"properties\":{\"policyDefinitionId\":\"/subscriptions/edb2c18a-04d6-49e9-bc72-e23852f507ad/providers/Microsoft.Authorization/policySetDefinitions/psPolicyAssignmentCRUD02\",\"definitionVersion\":\"1.*.*\",\"scope\":\"/subscriptions/edb2c18a-04d6-49e9-bc72-e23852f507ad/resourceGroups/rgPolicyAssignmentCRUD01\",\"description\":\"Unit test junk: sorry for littering. Please delete me!\",\"metadata\":{\"createdBy\":\"3d826307-2481-45a0-a271-bcf9333f914a\",\"createdOn\":\"2024-03-28T00:56:04.1709166Z\",\"updatedBy\":null,\"updatedOn\":null},\"enforcementMode\":\"Default\",\"nonComplianceMessages\":[{\"message\":\"General message\"}]},\"id\":\"/subscriptions/edb2c18a-04d6-49e9-bc72-e23852f507ad/resourceGroups/rgPolicyAssignmentCRUD01/providers/Microsoft.Authorization/policyAssignments/psPolicyAssignmentCRUD05\",\"type\":\"Microsoft.Authorization/policyAssignments\",\"name\":\"psPolicyAssignmentCRUD05\",\"systemData\":{\"createdBy\":\"cstack@ntdev.microsoft.com\",\"createdByType\":\"User\",\"createdAt\":\"2024-03-28T00:56:04.1287698Z\",\"lastModifiedBy\":\"cstack@ntdev.microsoft.com\",\"lastModifiedByType\":\"User\",\"lastModifiedAt\":\"2024-03-28T00:56:04.1287698Z\"}}",
      "isContentBase64": false
    }
  },
  "PolicyAssignmentCRUD+[NoContext]+Get policy assignment by Id+$GET+https://management.azure.com//subscriptions/edb2c18a-04d6-49e9-bc72-e23852f507ad/resourceGroups/rgPolicyAssignmentCRUD01/providers/Microsoft.Authorization/policyAssignments/psPolicyAssignmentCRUD05?api-version=2023-04-01+2": {
    "Request": {
      "Method": "GET",
      "RequestUri": "https://management.azure.com//subscriptions/edb2c18a-04d6-49e9-bc72-e23852f507ad/resourceGroups/rgPolicyAssignmentCRUD01/providers/Microsoft.Authorization/policyAssignments/psPolicyAssignmentCRUD05?api-version=2023-04-01",
      "Content": null,
      "isContentBase64": false,
      "Headers": {
        "x-ms-unique-id": [ "1099" ],
        "x-ms-client-request-id": [ "2c865789-603a-4b6d-af83-8534d731fe0f" ],
        "CommandName": [ "\u0026" ],
        "FullCommandName": [ "Get-AzPolicyAssignment_Get1" ],
        "ParameterSetName": [ "__AllParameterSets" ],
        "User-Agent": [ "AzurePowershell/v11.0.0", "PSVersion/v7.4.1", "Az.Policy/0.1.1" ],
        "Authorization": [ "[Filtered]" ]
      },
      "ContentHeaders": {
      }
    },
    "Response": {
      "StatusCode": 200,
      "Headers": {
        "Cache-Control": [ "no-cache" ],
        "Pragma": [ "no-cache" ],
        "Strict-Transport-Security": [ "max-age=31536000; includeSubDomains" ],
        "x-ms-ratelimit-remaining-subscription-reads": [ "11988" ],
        "x-ms-request-id": [ "6930ffc3-c413-41f1-a611-7446d8f4bd3a" ],
        "x-ms-correlation-request-id": [ "6930ffc3-c413-41f1-a611-7446d8f4bd3a" ],
        "x-ms-routing-request-id": [ "WESTUS2:20240328T005604Z:6930ffc3-c413-41f1-a611-7446d8f4bd3a" ],
        "X-Content-Type-Options": [ "nosniff" ],
        "X-Cache": [ "CONFIG_NOCACHE" ],
        "X-MSEdge-Ref": [ "Ref A: 730FD0A82EA749BA869062573C253D68 Ref B: CO6AA3150219021 Ref C: 2024-03-28T00:56:04Z" ],
        "Date": [ "Thu, 28 Mar 2024 00:56:04 GMT" ]
      },
      "ContentHeaders": {
        "Content-Length": [ "1102" ],
        "Content-Type": [ "application/json; charset=utf-8" ],
        "Expires": [ "-1" ]
      },
      "Content": "{\"properties\":{\"policyDefinitionId\":\"/subscriptions/edb2c18a-04d6-49e9-bc72-e23852f507ad/providers/Microsoft.Authorization/policySetDefinitions/psPolicyAssignmentCRUD02\",\"definitionVersion\":\"1.*.*\",\"scope\":\"/subscriptions/edb2c18a-04d6-49e9-bc72-e23852f507ad/resourceGroups/rgPolicyAssignmentCRUD01\",\"description\":\"Unit test junk: sorry for littering. Please delete me!\",\"metadata\":{\"createdBy\":\"3d826307-2481-45a0-a271-bcf9333f914a\",\"createdOn\":\"2024-03-28T00:56:04.1709166Z\",\"updatedBy\":null,\"updatedOn\":null},\"enforcementMode\":\"Default\",\"nonComplianceMessages\":[{\"message\":\"General message\"}]},\"id\":\"/subscriptions/edb2c18a-04d6-49e9-bc72-e23852f507ad/resourceGroups/rgPolicyAssignmentCRUD01/providers/Microsoft.Authorization/policyAssignments/psPolicyAssignmentCRUD05\",\"type\":\"Microsoft.Authorization/policyAssignments\",\"name\":\"psPolicyAssignmentCRUD05\",\"systemData\":{\"createdBy\":\"cstack@ntdev.microsoft.com\",\"createdByType\":\"User\",\"createdAt\":\"2024-03-28T00:56:04.1287698Z\",\"lastModifiedBy\":\"cstack@ntdev.microsoft.com\",\"lastModifiedByType\":\"User\",\"lastModifiedAt\":\"2024-03-28T00:56:04.1287698Z\"}}",
      "isContentBase64": false
    }
  },
  "PolicyAssignmentCRUD+[NoContext]+Make and validate a policy assignment with multiple non-compliance messages+$GET+https://management.azure.com//subscriptions/edb2c18a-04d6-49e9-bc72-e23852f507ad/resourceGroups/rgPolicyAssignmentCRUD01/providers/Microsoft.Authorization/policyAssignments/psPolicyAssignmentCRUD05?api-version=2023-04-01+1": {
    "Request": {
      "Method": "GET",
      "RequestUri": "https://management.azure.com//subscriptions/edb2c18a-04d6-49e9-bc72-e23852f507ad/resourceGroups/rgPolicyAssignmentCRUD01/providers/Microsoft.Authorization/policyAssignments/psPolicyAssignmentCRUD05?api-version=2023-04-01",
      "Content": null,
      "isContentBase64": false,
      "Headers": {
        "x-ms-unique-id": [ "1100" ],
        "x-ms-client-request-id": [ "cd085ef3-1b6c-47d6-9792-163a5448e3ef" ],
        "CommandName": [ "\u0026" ],
        "FullCommandName": [ "Get-AzPolicyAssignment_Get" ],
        "ParameterSetName": [ "__AllParameterSets" ],
        "User-Agent": [ "AzurePowershell/v11.0.0", "PSVersion/v7.4.1", "Az.Policy/0.1.1" ],
        "Authorization": [ "[Filtered]" ]
      },
      "ContentHeaders": {
      }
    },
    "Response": {
      "StatusCode": 200,
      "Headers": {
        "Cache-Control": [ "no-cache" ],
        "Pragma": [ "no-cache" ],
        "Strict-Transport-Security": [ "max-age=31536000; includeSubDomains" ],
        "x-ms-ratelimit-remaining-subscription-reads": [ "11992" ],
        "x-ms-request-id": [ "73349d79-e49e-4164-99ab-f5ad3fb7179c" ],
        "x-ms-correlation-request-id": [ "73349d79-e49e-4164-99ab-f5ad3fb7179c" ],
        "x-ms-routing-request-id": [ "WESTUS2:20240328T005604Z:73349d79-e49e-4164-99ab-f5ad3fb7179c" ],
        "X-Content-Type-Options": [ "nosniff" ],
        "X-Cache": [ "CONFIG_NOCACHE" ],
        "X-MSEdge-Ref": [ "Ref A: 6EF7C30E717343688E1A585FFF390216 Ref B: CO6AA3150219021 Ref C: 2024-03-28T00:56:04Z" ],
        "Date": [ "Thu, 28 Mar 2024 00:56:04 GMT" ]
      },
      "ContentHeaders": {
        "Content-Length": [ "1102" ],
        "Content-Type": [ "application/json; charset=utf-8" ],
        "Expires": [ "-1" ]
      },
      "Content": "{\"properties\":{\"policyDefinitionId\":\"/subscriptions/edb2c18a-04d6-49e9-bc72-e23852f507ad/providers/Microsoft.Authorization/policySetDefinitions/psPolicyAssignmentCRUD02\",\"definitionVersion\":\"1.*.*\",\"scope\":\"/subscriptions/edb2c18a-04d6-49e9-bc72-e23852f507ad/resourceGroups/rgPolicyAssignmentCRUD01\",\"description\":\"Unit test junk: sorry for littering. Please delete me!\",\"metadata\":{\"createdBy\":\"3d826307-2481-45a0-a271-bcf9333f914a\",\"createdOn\":\"2024-03-28T00:56:04.1709166Z\",\"updatedBy\":null,\"updatedOn\":null},\"enforcementMode\":\"Default\",\"nonComplianceMessages\":[{\"message\":\"General message\"}]},\"id\":\"/subscriptions/edb2c18a-04d6-49e9-bc72-e23852f507ad/resourceGroups/rgPolicyAssignmentCRUD01/providers/Microsoft.Authorization/policyAssignments/psPolicyAssignmentCRUD05\",\"type\":\"Microsoft.Authorization/policyAssignments\",\"name\":\"psPolicyAssignmentCRUD05\",\"systemData\":{\"createdBy\":\"cstack@ntdev.microsoft.com\",\"createdByType\":\"User\",\"createdAt\":\"2024-03-28T00:56:04.1287698Z\",\"lastModifiedBy\":\"cstack@ntdev.microsoft.com\",\"lastModifiedByType\":\"User\",\"lastModifiedAt\":\"2024-03-28T00:56:04.1287698Z\"}}",
      "isContentBase64": false
    }
  },
  "PolicyAssignmentCRUD+[NoContext]+Make and validate a policy assignment with multiple non-compliance messages+$PUT+https://management.azure.com//subscriptions/edb2c18a-04d6-49e9-bc72-e23852f507ad/resourceGroups/rgPolicyAssignmentCRUD01/providers/Microsoft.Authorization/policyAssignments/psPolicyAssignmentCRUD05?api-version=2023-04-01+2": {
    "Request": {
      "Method": "PUT",
      "RequestUri": "https://management.azure.com//subscriptions/edb2c18a-04d6-49e9-bc72-e23852f507ad/resourceGroups/rgPolicyAssignmentCRUD01/providers/Microsoft.Authorization/policyAssignments/psPolicyAssignmentCRUD05?api-version=2023-04-01",
      "Content": "{\r\n  \"properties\": {\r\n    \"policyDefinitionId\": \"/subscriptions/edb2c18a-04d6-49e9-bc72-e23852f507ad/providers/Microsoft.Authorization/policySetDefinitions/psPolicyAssignmentCRUD02\",\r\n    \"description\": \"Unit test junk: sorry for littering. Please delete me!\",\r\n    \"nonComplianceMessages\": [\r\n      {\r\n        \"message\": \"General message\"\r\n      },\r\n      {\r\n        \"message\": \"Specific message 1\",\r\n        \"policyDefinitionReferenceId\": \"5800836570966774572\"\r\n      }\r\n    ]\r\n  }\r\n}",
      "isContentBase64": false,
      "Headers": {
      },
      "ContentHeaders": {
        "Content-Type": [ "application/json" ],
        "Content-Length": [ "486" ]
      }
    },
    "Response": {
      "StatusCode": 201,
      "Headers": {
        "Cache-Control": [ "no-cache" ],
        "Pragma": [ "no-cache" ],
        "Strict-Transport-Security": [ "max-age=31536000; includeSubDomains" ],
        "x-ms-ratelimit-remaining-subscription-writes": [ "1199" ],
        "x-ms-request-id": [ "a85022d7-2ba6-494b-9f35-3ef6f877eac9" ],
        "x-ms-correlation-request-id": [ "a85022d7-2ba6-494b-9f35-3ef6f877eac9" ],
        "x-ms-routing-request-id": [ "WESTUS2:20240328T005605Z:a85022d7-2ba6-494b-9f35-3ef6f877eac9" ],
        "X-Content-Type-Options": [ "nosniff" ],
        "X-Cache": [ "CONFIG_NOCACHE" ],
        "X-MSEdge-Ref": [ "Ref A: 859CB6C2C6044950AF2800E87DD58F0F Ref B: CO6AA3150219021 Ref C: 2024-03-28T00:56:04Z" ],
        "Date": [ "Thu, 28 Mar 2024 00:56:05 GMT" ]
      },
      "ContentHeaders": {
        "Content-Length": [ "1247" ],
        "Content-Type": [ "application/json; charset=utf-8" ],
        "Expires": [ "-1" ]
      },
      "Content": "{\"properties\":{\"policyDefinitionId\":\"/subscriptions/edb2c18a-04d6-49e9-bc72-e23852f507ad/providers/Microsoft.Authorization/policySetDefinitions/psPolicyAssignmentCRUD02\",\"definitionVersion\":\"1.*.*\",\"scope\":\"/subscriptions/edb2c18a-04d6-49e9-bc72-e23852f507ad/resourceGroups/rgPolicyAssignmentCRUD01\",\"description\":\"Unit test junk: sorry for littering. Please delete me!\",\"metadata\":{\"createdBy\":\"3d826307-2481-45a0-a271-bcf9333f914a\",\"createdOn\":\"2024-03-28T00:56:04.1709166Z\",\"updatedBy\":\"3d826307-2481-45a0-a271-bcf9333f914a\",\"updatedOn\":\"2024-03-28T00:56:05.0694702Z\"},\"enforcementMode\":\"Default\",\"nonComplianceMessages\":[{\"message\":\"General message\"},{\"policyDefinitionReferenceId\":\"5800836570966774572\",\"message\":\"Specific message 1\"}]},\"id\":\"/subscriptions/edb2c18a-04d6-49e9-bc72-e23852f507ad/resourceGroups/rgPolicyAssignmentCRUD01/providers/Microsoft.Authorization/policyAssignments/psPolicyAssignmentCRUD05\",\"type\":\"Microsoft.Authorization/policyAssignments\",\"name\":\"psPolicyAssignmentCRUD05\",\"systemData\":{\"createdBy\":\"cstack@ntdev.microsoft.com\",\"createdByType\":\"User\",\"createdAt\":\"2024-03-28T00:56:04.1287698Z\",\"lastModifiedBy\":\"cstack@ntdev.microsoft.com\",\"lastModifiedByType\":\"User\",\"lastModifiedAt\":\"2024-03-28T00:56:05.0491837Z\"}}",
      "isContentBase64": false
    }
  },
  "PolicyAssignmentCRUD+[NoContext]+Make and validate a policy assignment with multiple non-compliance messages+$GET+https://management.azure.com//subscriptions/edb2c18a-04d6-49e9-bc72-e23852f507ad/resourceGroups/rgPolicyAssignmentCRUD01/providers/Microsoft.Authorization/policyAssignments/psPolicyAssignmentCRUD05?api-version=2023-04-01+3": {
    "Request": {
      "Method": "GET",
      "RequestUri": "https://management.azure.com//subscriptions/edb2c18a-04d6-49e9-bc72-e23852f507ad/resourceGroups/rgPolicyAssignmentCRUD01/providers/Microsoft.Authorization/policyAssignments/psPolicyAssignmentCRUD05?api-version=2023-04-01",
      "Content": null,
      "isContentBase64": false,
      "Headers": {
        "x-ms-unique-id": [ "1102" ],
        "x-ms-client-request-id": [ "3aa08dc0-cb27-4c58-be57-5a0b7849ad62" ],
        "CommandName": [ "\u0026" ],
        "FullCommandName": [ "Get-AzPolicyAssignment_Get1" ],
        "ParameterSetName": [ "__AllParameterSets" ],
        "User-Agent": [ "AzurePowershell/v11.0.0", "PSVersion/v7.4.1", "Az.Policy/0.1.1" ],
        "Authorization": [ "[Filtered]" ]
      },
      "ContentHeaders": {
      }
    },
    "Response": {
      "StatusCode": 200,
      "Headers": {
        "Cache-Control": [ "no-cache" ],
        "Pragma": [ "no-cache" ],
        "Strict-Transport-Security": [ "max-age=31536000; includeSubDomains" ],
        "x-ms-ratelimit-remaining-subscription-reads": [ "11993" ],
        "x-ms-request-id": [ "dea51fca-85af-439d-810a-dc6623d015bb" ],
        "x-ms-correlation-request-id": [ "dea51fca-85af-439d-810a-dc6623d015bb" ],
        "x-ms-routing-request-id": [ "WESTUS2:20240328T005605Z:dea51fca-85af-439d-810a-dc6623d015bb" ],
        "X-Content-Type-Options": [ "nosniff" ],
        "X-Cache": [ "CONFIG_NOCACHE" ],
        "X-MSEdge-Ref": [ "Ref A: 88548DCA7D424ECC8C93F1A7C89A9D5F Ref B: CO6AA3150219021 Ref C: 2024-03-28T00:56:05Z" ],
        "Date": [ "Thu, 28 Mar 2024 00:56:05 GMT" ]
      },
      "ContentHeaders": {
        "Content-Length": [ "1247" ],
        "Content-Type": [ "application/json; charset=utf-8" ],
        "Expires": [ "-1" ]
      },
      "Content": "{\"properties\":{\"policyDefinitionId\":\"/subscriptions/edb2c18a-04d6-49e9-bc72-e23852f507ad/providers/Microsoft.Authorization/policySetDefinitions/psPolicyAssignmentCRUD02\",\"definitionVersion\":\"1.*.*\",\"scope\":\"/subscriptions/edb2c18a-04d6-49e9-bc72-e23852f507ad/resourceGroups/rgPolicyAssignmentCRUD01\",\"description\":\"Unit test junk: sorry for littering. Please delete me!\",\"metadata\":{\"createdBy\":\"3d826307-2481-45a0-a271-bcf9333f914a\",\"createdOn\":\"2024-03-28T00:56:04.1709166Z\",\"updatedBy\":\"3d826307-2481-45a0-a271-bcf9333f914a\",\"updatedOn\":\"2024-03-28T00:56:05.0694702Z\"},\"enforcementMode\":\"Default\",\"nonComplianceMessages\":[{\"message\":\"General message\"},{\"policyDefinitionReferenceId\":\"5800836570966774572\",\"message\":\"Specific message 1\"}]},\"id\":\"/subscriptions/edb2c18a-04d6-49e9-bc72-e23852f507ad/resourceGroups/rgPolicyAssignmentCRUD01/providers/Microsoft.Authorization/policyAssignments/psPolicyAssignmentCRUD05\",\"type\":\"Microsoft.Authorization/policyAssignments\",\"name\":\"psPolicyAssignmentCRUD05\",\"systemData\":{\"createdBy\":\"cstack@ntdev.microsoft.com\",\"createdByType\":\"User\",\"createdAt\":\"2024-03-28T00:56:04.1287698Z\",\"lastModifiedBy\":\"cstack@ntdev.microsoft.com\",\"lastModifiedByType\":\"User\",\"lastModifiedAt\":\"2024-03-28T00:56:05.0491837Z\"}}",
      "isContentBase64": false
    }
  },
  "PolicyAssignmentCRUD+[NoContext]+Make and validate a policy assignment with multiple non-compliance messages+$PUT+https://management.azure.com//subscriptions/edb2c18a-04d6-49e9-bc72-e23852f507ad/resourceGroups/rgPolicyAssignmentCRUD01/providers/Microsoft.Authorization/policyAssignments/psPolicyAssignmentCRUD05?api-version=2023-04-01+4": {
    "Request": {
      "Method": "PUT",
      "RequestUri": "https://management.azure.com//subscriptions/edb2c18a-04d6-49e9-bc72-e23852f507ad/resourceGroups/rgPolicyAssignmentCRUD01/providers/Microsoft.Authorization/policyAssignments/psPolicyAssignmentCRUD05?api-version=2023-04-01",
      "Content": "{\r\n  \"properties\": {\r\n    \"displayName\": \"testDisplay\",\r\n    \"policyDefinitionId\": \"/subscriptions/edb2c18a-04d6-49e9-bc72-e23852f507ad/providers/Microsoft.Authorization/policySetDefinitions/psPolicyAssignmentCRUD02\",\r\n    \"nonComplianceMessages\": [\r\n      {\r\n        \"message\": \"General message\"\r\n      },\r\n      {\r\n        \"message\": \"Specific message 1\",\r\n        \"policyDefinitionReferenceId\": \"5800836570966774572\"\r\n      }\r\n    ]\r\n  }\r\n}",
      "isContentBase64": false,
      "Headers": {
      },
      "ContentHeaders": {
        "Content-Type": [ "application/json" ],
        "Content-Length": [ "443" ]
      }
    },
    "Response": {
      "StatusCode": 201,
      "Headers": {
        "Cache-Control": [ "no-cache" ],
        "Pragma": [ "no-cache" ],
        "Strict-Transport-Security": [ "max-age=31536000; includeSubDomains" ],
        "x-ms-ratelimit-remaining-subscription-writes": [ "1195" ],
        "x-ms-request-id": [ "fdf6bee1-1f5f-45fa-a8fc-be2c892f0919" ],
        "x-ms-correlation-request-id": [ "fdf6bee1-1f5f-45fa-a8fc-be2c892f0919" ],
        "x-ms-routing-request-id": [ "WESTUS2:20240328T005606Z:fdf6bee1-1f5f-45fa-a8fc-be2c892f0919" ],
        "X-Content-Type-Options": [ "nosniff" ],
        "X-Cache": [ "CONFIG_NOCACHE" ],
        "X-MSEdge-Ref": [ "Ref A: 328A1EE2D44B4ED7A218228401AD338B Ref B: CO6AA3150219021 Ref C: 2024-03-28T00:56:05Z" ],
        "Date": [ "Thu, 28 Mar 2024 00:56:06 GMT" ]
      },
      "ContentHeaders": {
        "Content-Length": [ "1203" ],
        "Content-Type": [ "application/json; charset=utf-8" ],
        "Expires": [ "-1" ]
      },
      "Content": "{\"properties\":{\"displayName\":\"testDisplay\",\"policyDefinitionId\":\"/subscriptions/edb2c18a-04d6-49e9-bc72-e23852f507ad/providers/Microsoft.Authorization/policySetDefinitions/psPolicyAssignmentCRUD02\",\"definitionVersion\":\"1.*.*\",\"scope\":\"/subscriptions/edb2c18a-04d6-49e9-bc72-e23852f507ad/resourceGroups/rgPolicyAssignmentCRUD01\",\"metadata\":{\"createdBy\":\"3d826307-2481-45a0-a271-bcf9333f914a\",\"createdOn\":\"2024-03-28T00:56:04.1709166Z\",\"updatedBy\":\"3d826307-2481-45a0-a271-bcf9333f914a\",\"updatedOn\":\"2024-03-28T00:56:05.799188Z\"},\"enforcementMode\":\"Default\",\"nonComplianceMessages\":[{\"message\":\"General message\"},{\"policyDefinitionReferenceId\":\"5800836570966774572\",\"message\":\"Specific message 1\"}]},\"id\":\"/subscriptions/edb2c18a-04d6-49e9-bc72-e23852f507ad/resourceGroups/rgPolicyAssignmentCRUD01/providers/Microsoft.Authorization/policyAssignments/psPolicyAssignmentCRUD05\",\"type\":\"Microsoft.Authorization/policyAssignments\",\"name\":\"psPolicyAssignmentCRUD05\",\"systemData\":{\"createdBy\":\"cstack@ntdev.microsoft.com\",\"createdByType\":\"User\",\"createdAt\":\"2024-03-28T00:56:04.1287698Z\",\"lastModifiedBy\":\"cstack@ntdev.microsoft.com\",\"lastModifiedByType\":\"User\",\"lastModifiedAt\":\"2024-03-28T00:56:05.7836536Z\"}}",
      "isContentBase64": false
    }
  },
  "PolicyAssignmentCRUD+[NoContext]+Update the policy assignment to have a single non-compliance message+$GET+https://management.azure.com//subscriptions/edb2c18a-04d6-49e9-bc72-e23852f507ad/resourceGroups/rgPolicyAssignmentCRUD01/providers/Microsoft.Authorization/policyAssignments/psPolicyAssignmentCRUD05?api-version=2023-04-01+1": {
    "Request": {
      "Method": "GET",
      "RequestUri": "https://management.azure.com//subscriptions/edb2c18a-04d6-49e9-bc72-e23852f507ad/resourceGroups/rgPolicyAssignmentCRUD01/providers/Microsoft.Authorization/policyAssignments/psPolicyAssignmentCRUD05?api-version=2023-04-01",
      "Content": null,
      "isContentBase64": false,
      "Headers": {
        "x-ms-unique-id": [ "1105" ],
        "x-ms-client-request-id": [ "dd71a1d0-d6e6-43c2-b308-621e27285d8a" ],
        "CommandName": [ "\u0026" ],
        "FullCommandName": [ "Get-AzPolicyAssignment_Get" ],
        "ParameterSetName": [ "__AllParameterSets" ],
        "User-Agent": [ "AzurePowershell/v11.0.0", "PSVersion/v7.4.1", "Az.Policy/0.1.1" ],
        "Authorization": [ "[Filtered]" ]
      },
      "ContentHeaders": {
      }
    },
    "Response": {
      "StatusCode": 200,
      "Headers": {
        "Cache-Control": [ "no-cache" ],
        "Pragma": [ "no-cache" ],
        "Strict-Transport-Security": [ "max-age=31536000; includeSubDomains" ],
        "x-ms-ratelimit-remaining-subscription-reads": [ "11990" ],
        "x-ms-request-id": [ "e747e4a6-ff00-4758-96bd-24a28e33ce07" ],
        "x-ms-correlation-request-id": [ "e747e4a6-ff00-4758-96bd-24a28e33ce07" ],
        "x-ms-routing-request-id": [ "WESTUS2:20240328T005606Z:e747e4a6-ff00-4758-96bd-24a28e33ce07" ],
        "X-Content-Type-Options": [ "nosniff" ],
        "X-Cache": [ "CONFIG_NOCACHE" ],
        "X-MSEdge-Ref": [ "Ref A: 65FFC6BFCD4D4328B571DE91B09A9F32 Ref B: CO6AA3150219021 Ref C: 2024-03-28T00:56:06Z" ],
        "Date": [ "Thu, 28 Mar 2024 00:56:06 GMT" ]
      },
      "ContentHeaders": {
        "Content-Length": [ "1203" ],
        "Content-Type": [ "application/json; charset=utf-8" ],
        "Expires": [ "-1" ]
      },
      "Content": "{\"properties\":{\"displayName\":\"testDisplay\",\"policyDefinitionId\":\"/subscriptions/edb2c18a-04d6-49e9-bc72-e23852f507ad/providers/Microsoft.Authorization/policySetDefinitions/psPolicyAssignmentCRUD02\",\"definitionVersion\":\"1.*.*\",\"scope\":\"/subscriptions/edb2c18a-04d6-49e9-bc72-e23852f507ad/resourceGroups/rgPolicyAssignmentCRUD01\",\"metadata\":{\"createdBy\":\"3d826307-2481-45a0-a271-bcf9333f914a\",\"createdOn\":\"2024-03-28T00:56:04.1709166Z\",\"updatedBy\":\"3d826307-2481-45a0-a271-bcf9333f914a\",\"updatedOn\":\"2024-03-28T00:56:05.799188Z\"},\"enforcementMode\":\"Default\",\"nonComplianceMessages\":[{\"message\":\"General message\"},{\"policyDefinitionReferenceId\":\"5800836570966774572\",\"message\":\"Specific message 1\"}]},\"id\":\"/subscriptions/edb2c18a-04d6-49e9-bc72-e23852f507ad/resourceGroups/rgPolicyAssignmentCRUD01/providers/Microsoft.Authorization/policyAssignments/psPolicyAssignmentCRUD05\",\"type\":\"Microsoft.Authorization/policyAssignments\",\"name\":\"psPolicyAssignmentCRUD05\",\"systemData\":{\"createdBy\":\"cstack@ntdev.microsoft.com\",\"createdByType\":\"User\",\"createdAt\":\"2024-03-28T00:56:04.1287698Z\",\"lastModifiedBy\":\"cstack@ntdev.microsoft.com\",\"lastModifiedByType\":\"User\",\"lastModifiedAt\":\"2024-03-28T00:56:05.7836536Z\"}}",
      "isContentBase64": false
    }
  },
  "PolicyAssignmentCRUD+[NoContext]+Update the policy assignment to have a single non-compliance message+$PUT+https://management.azure.com//subscriptions/edb2c18a-04d6-49e9-bc72-e23852f507ad/resourceGroups/rgPolicyAssignmentCRUD01/providers/Microsoft.Authorization/policyAssignments/psPolicyAssignmentCRUD05?api-version=2023-04-01+2": {
    "Request": {
      "Method": "PUT",
      "RequestUri": "https://management.azure.com//subscriptions/edb2c18a-04d6-49e9-bc72-e23852f507ad/resourceGroups/rgPolicyAssignmentCRUD01/providers/Microsoft.Authorization/policyAssignments/psPolicyAssignmentCRUD05?api-version=2023-04-01",
      "Content": "{\r\n  \"properties\": {\r\n    \"policyDefinitionId\": \"/subscriptions/edb2c18a-04d6-49e9-bc72-e23852f507ad/providers/Microsoft.Authorization/policySetDefinitions/psPolicyAssignmentCRUD02\",\r\n    \"nonComplianceMessages\": [\r\n      {\r\n        \"message\": \"General non-compliance message\"\r\n      }\r\n    ]\r\n  }\r\n}",
      "isContentBase64": false,
      "Headers": {
      },
      "ContentHeaders": {
        "Content-Type": [ "application/json" ],
        "Content-Length": [ "300" ]
      }
    },
    "Response": {
      "StatusCode": 201,
      "Headers": {
        "Cache-Control": [ "no-cache" ],
        "Pragma": [ "no-cache" ],
        "Strict-Transport-Security": [ "max-age=31536000; includeSubDomains" ],
        "x-ms-ratelimit-remaining-subscription-writes": [ "1198" ],
        "x-ms-request-id": [ "11b31878-f96a-4ccb-8d15-14dbc6460acc" ],
        "x-ms-correlation-request-id": [ "11b31878-f96a-4ccb-8d15-14dbc6460acc" ],
        "x-ms-routing-request-id": [ "WESTUS2:20240328T005606Z:11b31878-f96a-4ccb-8d15-14dbc6460acc" ],
        "X-Content-Type-Options": [ "nosniff" ],
        "X-Cache": [ "CONFIG_NOCACHE" ],
        "X-MSEdge-Ref": [ "Ref A: ADBF6D48FAF845BDBB2D4F99418C5AB1 Ref B: CO6AA3150219021 Ref C: 2024-03-28T00:56:06Z" ],
        "Date": [ "Thu, 28 Mar 2024 00:56:06 GMT" ]
      },
      "ContentHeaders": {
        "Content-Length": [ "1106" ],
        "Content-Type": [ "application/json; charset=utf-8" ],
        "Expires": [ "-1" ]
      },
      "Content": "{\"properties\":{\"policyDefinitionId\":\"/subscriptions/edb2c18a-04d6-49e9-bc72-e23852f507ad/providers/Microsoft.Authorization/policySetDefinitions/psPolicyAssignmentCRUD02\",\"definitionVersion\":\"1.*.*\",\"scope\":\"/subscriptions/edb2c18a-04d6-49e9-bc72-e23852f507ad/resourceGroups/rgPolicyAssignmentCRUD01\",\"metadata\":{\"createdBy\":\"3d826307-2481-45a0-a271-bcf9333f914a\",\"createdOn\":\"2024-03-28T00:56:04.1709166Z\",\"updatedBy\":\"3d826307-2481-45a0-a271-bcf9333f914a\",\"updatedOn\":\"2024-03-28T00:56:06.6119456Z\"},\"enforcementMode\":\"Default\",\"nonComplianceMessages\":[{\"message\":\"General non-compliance message\"}]},\"id\":\"/subscriptions/edb2c18a-04d6-49e9-bc72-e23852f507ad/resourceGroups/rgPolicyAssignmentCRUD01/providers/Microsoft.Authorization/policyAssignments/psPolicyAssignmentCRUD05\",\"type\":\"Microsoft.Authorization/policyAssignments\",\"name\":\"psPolicyAssignmentCRUD05\",\"systemData\":{\"createdBy\":\"cstack@ntdev.microsoft.com\",\"createdByType\":\"User\",\"createdAt\":\"2024-03-28T00:56:04.1287698Z\",\"lastModifiedBy\":\"cstack@ntdev.microsoft.com\",\"lastModifiedByType\":\"User\",\"lastModifiedAt\":\"2024-03-28T00:56:06.4973112Z\"}}",
      "isContentBase64": false
    }
  },
  "PolicyAssignmentCRUD+[NoContext]+Update the policy assignment back to a multiple non-compliance message+$GET+https://management.azure.com//subscriptions/edb2c18a-04d6-49e9-bc72-e23852f507ad/resourceGroups/rgPolicyAssignmentCRUD01/providers/Microsoft.Authorization/policyAssignments/psPolicyAssignmentCRUD05?api-version=2023-04-01+1": {
    "Request": {
      "Method": "GET",
      "RequestUri": "https://management.azure.com//subscriptions/edb2c18a-04d6-49e9-bc72-e23852f507ad/resourceGroups/rgPolicyAssignmentCRUD01/providers/Microsoft.Authorization/policyAssignments/psPolicyAssignmentCRUD05?api-version=2023-04-01",
      "Content": null,
      "isContentBase64": false,
      "Headers": {
        "x-ms-unique-id": [ "1108" ],
        "x-ms-client-request-id": [ "cb54a149-6473-419a-978e-c085a27017bd" ],
        "CommandName": [ "\u0026" ],
        "FullCommandName": [ "Get-AzPolicyAssignment_Get" ],
        "ParameterSetName": [ "__AllParameterSets" ],
        "User-Agent": [ "AzurePowershell/v11.0.0", "PSVersion/v7.4.1", "Az.Policy/0.1.1" ],
        "Authorization": [ "[Filtered]" ]
      },
      "ContentHeaders": {
      }
    },
    "Response": {
      "StatusCode": 200,
      "Headers": {
        "Cache-Control": [ "no-cache" ],
        "Pragma": [ "no-cache" ],
        "Strict-Transport-Security": [ "max-age=31536000; includeSubDomains" ],
        "x-ms-ratelimit-remaining-subscription-reads": [ "11992" ],
        "x-ms-request-id": [ "82373720-68ad-40e7-bcd3-dde8d659b6f7" ],
        "x-ms-correlation-request-id": [ "82373720-68ad-40e7-bcd3-dde8d659b6f7" ],
        "x-ms-routing-request-id": [ "WESTUS2:20240328T005607Z:82373720-68ad-40e7-bcd3-dde8d659b6f7" ],
        "X-Content-Type-Options": [ "nosniff" ],
        "X-Cache": [ "CONFIG_NOCACHE" ],
        "X-MSEdge-Ref": [ "Ref A: 99BB1964E35B412BBACB784E6A0353A2 Ref B: CO6AA3150219021 Ref C: 2024-03-28T00:56:07Z" ],
        "Date": [ "Thu, 28 Mar 2024 00:56:07 GMT" ]
      },
      "ContentHeaders": {
        "Content-Length": [ "1106" ],
        "Content-Type": [ "application/json; charset=utf-8" ],
        "Expires": [ "-1" ]
      },
      "Content": "{\"properties\":{\"policyDefinitionId\":\"/subscriptions/edb2c18a-04d6-49e9-bc72-e23852f507ad/providers/Microsoft.Authorization/policySetDefinitions/psPolicyAssignmentCRUD02\",\"definitionVersion\":\"1.*.*\",\"scope\":\"/subscriptions/edb2c18a-04d6-49e9-bc72-e23852f507ad/resourceGroups/rgPolicyAssignmentCRUD01\",\"metadata\":{\"createdBy\":\"3d826307-2481-45a0-a271-bcf9333f914a\",\"createdOn\":\"2024-03-28T00:56:04.1709166Z\",\"updatedBy\":\"3d826307-2481-45a0-a271-bcf9333f914a\",\"updatedOn\":\"2024-03-28T00:56:06.6119456Z\"},\"enforcementMode\":\"Default\",\"nonComplianceMessages\":[{\"message\":\"General non-compliance message\"}]},\"id\":\"/subscriptions/edb2c18a-04d6-49e9-bc72-e23852f507ad/resourceGroups/rgPolicyAssignmentCRUD01/providers/Microsoft.Authorization/policyAssignments/psPolicyAssignmentCRUD05\",\"type\":\"Microsoft.Authorization/policyAssignments\",\"name\":\"psPolicyAssignmentCRUD05\",\"systemData\":{\"createdBy\":\"cstack@ntdev.microsoft.com\",\"createdByType\":\"User\",\"createdAt\":\"2024-03-28T00:56:04.1287698Z\",\"lastModifiedBy\":\"cstack@ntdev.microsoft.com\",\"lastModifiedByType\":\"User\",\"lastModifiedAt\":\"2024-03-28T00:56:06.4973112Z\"}}",
      "isContentBase64": false
    }
  },
  "PolicyAssignmentCRUD+[NoContext]+Update the policy assignment back to a multiple non-compliance message+$PUT+https://management.azure.com//subscriptions/edb2c18a-04d6-49e9-bc72-e23852f507ad/resourceGroups/rgPolicyAssignmentCRUD01/providers/Microsoft.Authorization/policyAssignments/psPolicyAssignmentCRUD05?api-version=2023-04-01+2": {
    "Request": {
      "Method": "PUT",
      "RequestUri": "https://management.azure.com//subscriptions/edb2c18a-04d6-49e9-bc72-e23852f507ad/resourceGroups/rgPolicyAssignmentCRUD01/providers/Microsoft.Authorization/policyAssignments/psPolicyAssignmentCRUD05?api-version=2023-04-01",
      "Content": "{\r\n  \"properties\": {\r\n    \"policyDefinitionId\": \"/subscriptions/edb2c18a-04d6-49e9-bc72-e23852f507ad/providers/Microsoft.Authorization/policySetDefinitions/psPolicyAssignmentCRUD02\",\r\n    \"nonComplianceMessages\": [\r\n      {\r\n        \"message\": \"Specific message 1\",\r\n        \"policyDefinitionReferenceId\": \"5800836570966774572\"\r\n      },\r\n      {\r\n        \"message\": \"Specific message 2\",\r\n        \"policyDefinitionReferenceId\": \"8364889175415346717\"\r\n      }\r\n    ]\r\n  }\r\n}",
      "isContentBase64": false,
      "Headers": {
      },
      "ContentHeaders": {
        "Content-Type": [ "application/json" ],
        "Content-Length": [ "474" ]
      }
    },
    "Response": {
      "StatusCode": 201,
      "Headers": {
        "Cache-Control": [ "no-cache" ],
        "Pragma": [ "no-cache" ],
        "Strict-Transport-Security": [ "max-age=31536000; includeSubDomains" ],
        "x-ms-ratelimit-remaining-subscription-writes": [ "1199" ],
        "x-ms-request-id": [ "2c355e36-da32-4da5-b9a8-6c600900e3a2" ],
        "x-ms-correlation-request-id": [ "2c355e36-da32-4da5-b9a8-6c600900e3a2" ],
        "x-ms-routing-request-id": [ "WESTUS2:20240328T005607Z:2c355e36-da32-4da5-b9a8-6c600900e3a2" ],
        "X-Content-Type-Options": [ "nosniff" ],
        "X-Cache": [ "CONFIG_NOCACHE" ],
        "X-MSEdge-Ref": [ "Ref A: E8061C8D1D6644B1B5F53EB4DE98E4E5 Ref B: CO6AA3150219021 Ref C: 2024-03-28T00:56:07Z" ],
        "Date": [ "Thu, 28 Mar 2024 00:56:07 GMT" ]
      },
      "ContentHeaders": {
        "Content-Length": [ "1230" ],
        "Content-Type": [ "application/json; charset=utf-8" ],
        "Expires": [ "-1" ]
      },
      "Content": "{\"properties\":{\"policyDefinitionId\":\"/subscriptions/edb2c18a-04d6-49e9-bc72-e23852f507ad/providers/Microsoft.Authorization/policySetDefinitions/psPolicyAssignmentCRUD02\",\"definitionVersion\":\"1.*.*\",\"scope\":\"/subscriptions/edb2c18a-04d6-49e9-bc72-e23852f507ad/resourceGroups/rgPolicyAssignmentCRUD01\",\"metadata\":{\"createdBy\":\"3d826307-2481-45a0-a271-bcf9333f914a\",\"createdOn\":\"2024-03-28T00:56:04.1709166Z\",\"updatedBy\":\"3d826307-2481-45a0-a271-bcf9333f914a\",\"updatedOn\":\"2024-03-28T00:56:07.3577881Z\"},\"enforcementMode\":\"Default\",\"nonComplianceMessages\":[{\"policyDefinitionReferenceId\":\"5800836570966774572\",\"message\":\"Specific message 1\"},{\"policyDefinitionReferenceId\":\"8364889175415346717\",\"message\":\"Specific message 2\"}]},\"id\":\"/subscriptions/edb2c18a-04d6-49e9-bc72-e23852f507ad/resourceGroups/rgPolicyAssignmentCRUD01/providers/Microsoft.Authorization/policyAssignments/psPolicyAssignmentCRUD05\",\"type\":\"Microsoft.Authorization/policyAssignments\",\"name\":\"psPolicyAssignmentCRUD05\",\"systemData\":{\"createdBy\":\"cstack@ntdev.microsoft.com\",\"createdByType\":\"User\",\"createdAt\":\"2024-03-28T00:56:04.1287698Z\",\"lastModifiedBy\":\"cstack@ntdev.microsoft.com\",\"lastModifiedByType\":\"User\",\"lastModifiedAt\":\"2024-03-28T00:56:07.334197Z\"}}",
      "isContentBase64": false
    }
  },
  "PolicyAssignmentCRUD+[NoContext]+List policy assignments and validate results+$PUT+https://management.azure.com//subscriptions/edb2c18a-04d6-49e9-bc72-e23852f507ad/resourceGroups/rgPolicyAssignmentCRUD01/providers/Microsoft.Authorization/policyAssignments/psPolicyAssignmentCRUD06?api-version=2023-04-01+1": {
    "Request": {
      "Method": "PUT",
      "RequestUri": "https://management.azure.com//subscriptions/edb2c18a-04d6-49e9-bc72-e23852f507ad/resourceGroups/rgPolicyAssignmentCRUD01/providers/Microsoft.Authorization/policyAssignments/psPolicyAssignmentCRUD06?api-version=2023-04-01",
      "Content": "{\r\n  \"properties\": {\r\n    \"policyDefinitionId\": \"/subscriptions/edb2c18a-04d6-49e9-bc72-e23852f507ad/providers/Microsoft.Authorization/policyDefinitions/psPolicyAssignmentCRUD03\",\r\n    \"description\": \"Unit test junk: sorry for littering. Please delete me!\"\r\n  }\r\n}",
      "isContentBase64": false,
      "Headers": {
      },
      "ContentHeaders": {
        "Content-Type": [ "application/json" ],
        "Content-Length": [ "264" ]
      }
    },
    "Response": {
      "StatusCode": 201,
      "Headers": {
        "Cache-Control": [ "no-cache" ],
        "Pragma": [ "no-cache" ],
        "Strict-Transport-Security": [ "max-age=31536000; includeSubDomains" ],
        "x-ms-ratelimit-remaining-subscription-writes": [ "1197" ],
        "x-ms-request-id": [ "f23436c2-7d5e-421f-82d6-13063ee78676" ],
        "x-ms-correlation-request-id": [ "f23436c2-7d5e-421f-82d6-13063ee78676" ],
        "x-ms-routing-request-id": [ "WESTUS2:20240328T005608Z:f23436c2-7d5e-421f-82d6-13063ee78676" ],
        "X-Content-Type-Options": [ "nosniff" ],
        "X-Cache": [ "CONFIG_NOCACHE" ],
        "X-MSEdge-Ref": [ "Ref A: DFB58F434415490A8F8706149176B0E2 Ref B: CO6AA3150219021 Ref C: 2024-03-28T00:56:07Z" ],
        "Date": [ "Thu, 28 Mar 2024 00:56:08 GMT" ]
      },
      "ContentHeaders": {
        "Content-Length": [ "1043" ],
        "Content-Type": [ "application/json; charset=utf-8" ],
        "Expires": [ "-1" ]
      },
      "Content": "{\"properties\":{\"policyDefinitionId\":\"/subscriptions/edb2c18a-04d6-49e9-bc72-e23852f507ad/providers/Microsoft.Authorization/policyDefinitions/psPolicyAssignmentCRUD03\",\"definitionVersion\":\"1.*.*\",\"scope\":\"/subscriptions/edb2c18a-04d6-49e9-bc72-e23852f507ad/resourceGroups/rgPolicyAssignmentCRUD01\",\"description\":\"Unit test junk: sorry for littering. Please delete me!\",\"metadata\":{\"createdBy\":\"3d826307-2481-45a0-a271-bcf9333f914a\",\"createdOn\":\"2024-03-28T00:56:07.9247907Z\",\"updatedBy\":null,\"updatedOn\":null},\"enforcementMode\":\"Default\"},\"id\":\"/subscriptions/edb2c18a-04d6-49e9-bc72-e23852f507ad/resourceGroups/rgPolicyAssignmentCRUD01/providers/Microsoft.Authorization/policyAssignments/psPolicyAssignmentCRUD06\",\"type\":\"Microsoft.Authorization/policyAssignments\",\"name\":\"psPolicyAssignmentCRUD06\",\"systemData\":{\"createdBy\":\"cstack@ntdev.microsoft.com\",\"createdByType\":\"User\",\"createdAt\":\"2024-03-28T00:56:07.8971791Z\",\"lastModifiedBy\":\"cstack@ntdev.microsoft.com\",\"lastModifiedByType\":\"User\",\"lastModifiedAt\":\"2024-03-28T00:56:07.8971791Z\"}}",
      "isContentBase64": false
    }
  },
  "PolicyAssignmentCRUD+[NoContext]+List policy assignments and validate results+$GET+https://management.azure.com/subscriptions/edb2c18a-04d6-49e9-bc72-e23852f507ad/resourceGroups/rgPolicyAssignmentCRUD01/providers/Microsoft.Authorization/policyAssignments?$filter=atScope()\u0026api-version=2023-04-01+2": {
    "Request": {
      "Method": "GET",
      "RequestUri": "https://management.azure.com/subscriptions/edb2c18a-04d6-49e9-bc72-e23852f507ad/resourceGroups/rgPolicyAssignmentCRUD01/providers/Microsoft.Authorization/policyAssignments?$filter=atScope()\u0026api-version=2023-04-01",
      "Content": null,
      "isContentBase64": false,
      "Headers": {
        "x-ms-unique-id": [ "1112" ],
        "x-ms-client-request-id": [ "10dcc43a-8317-4b39-ae4e-afbd12b06890" ],
        "CommandName": [ "\u0026" ],
        "FullCommandName": [ "Get-AzPolicyAssignment_List" ],
        "ParameterSetName": [ "__AllParameterSets" ],
        "User-Agent": [ "AzurePowershell/v11.0.0", "PSVersion/v7.4.1", "Az.Policy/0.1.1" ],
        "Authorization": [ "[Filtered]" ]
      },
      "ContentHeaders": {
      }
    },
    "Response": {
      "StatusCode": 200,
      "Headers": {
        "Cache-Control": [ "no-cache" ],
        "Pragma": [ "no-cache" ],
        "Strict-Transport-Security": [ "max-age=31536000; includeSubDomains" ],
        "x-ms-ratelimit-remaining-subscription-reads": [ "11988" ],
        "x-ms-request-id": [ "d8c5d654-e1af-42b9-90fc-141f7fb7ebae" ],
        "x-ms-correlation-request-id": [ "d8c5d654-e1af-42b9-90fc-141f7fb7ebae" ],
        "x-ms-routing-request-id": [ "WESTUS2:20240328T005608Z:d8c5d654-e1af-42b9-90fc-141f7fb7ebae" ],
        "X-Content-Type-Options": [ "nosniff" ],
        "X-Cache": [ "CONFIG_NOCACHE" ],
        "X-MSEdge-Ref": [ "Ref A: 9273F3A89EF64F4FBDA342FA097AA70D Ref B: CO6AA3150219021 Ref C: 2024-03-28T00:56:08Z" ],
        "Date": [ "Thu, 28 Mar 2024 00:56:08 GMT" ]
      },
      "ContentHeaders": {
        "Content-Length": [ "17460" ],
        "Content-Type": [ "application/json; charset=utf-8" ],
        "Expires": [ "-1" ]
      },
      "Content": "{\"value\":[{\"properties\":{\"displayName\":\"App Service apps should have local authentication methods disabled for FTP deployments\",\"policyDefinitionId\":\"/providers/Microsoft.Authorization/policyDefinitions/871b205b-57cf-4e1e-a234-492616998bf7\",\"definitionVersion\":\"1.*.*\",\"scope\":\"/providers/microsoft.management/managementgroups/72f988bf-86f1-41af-91ab-2d7cd011db47\",\"metadata\":{\"createdBy\":\"6a7863b1-49b0-41e5-b70e-242201f6e5b8\",\"createdOn\":\"2023-04-20T23:39:51.0887005Z\",\"updatedBy\":null,\"updatedOn\":null},\"enforcementMode\":\"Default\"},\"id\":\"/providers/microsoft.management/managementgroups/72f988bf-86f1-41af-91ab-2d7cd011db47/providers/Microsoft.Authorization/policyAssignments/5a11252257f8411\",\"type\":\"Microsoft.Authorization/policyAssignments\",\"name\":\"5a11252257f8411\",\"systemData\":{\"createdBy\":\"SC-wp401@microsoft.com\",\"createdByType\":\"User\",\"createdAt\":\"2023-04-20T23:39:51.0293826Z\",\"lastModifiedBy\":\"SC-wp401@microsoft.com\",\"lastModifiedByType\":\"User\",\"lastModifiedAt\":\"2023-04-20T23:39:51.0293826Z\"}},{\"properties\":{\"displayName\":\"App Service app slots should have local authentication methods disabled for FTP deployments\",\"policyDefinitionId\":\"/providers/Microsoft.Authorization/policyDefinitions/ec71c0bc-6a45-4b1f-9587-80dc83e6898c\",\"definitionVersion\":\"1.*.*\",\"scope\":\"/providers/microsoft.management/managementgroups/72f988bf-86f1-41af-91ab-2d7cd011db47\",\"metadata\":{\"createdBy\":\"6a7863b1-49b0-41e5-b70e-242201f6e5b8\",\"createdOn\":\"2023-04-20T23:46:14.3195728Z\",\"updatedBy\":null,\"updatedOn\":null},\"enforcementMode\":\"Default\"},\"id\":\"/providers/microsoft.management/managementgroups/72f988bf-86f1-41af-91ab-2d7cd011db47/providers/Microsoft.Authorization/policyAssignments/baa55f59929449b\",\"type\":\"Microsoft.Authorization/policyAssignments\",\"name\":\"baa55f59929449b\",\"systemData\":{\"createdBy\":\"SC-wp401@microsoft.com\",\"createdByType\":\"User\",\"createdAt\":\"2023-04-20T23:46:14.284484Z\",\"lastModifiedBy\":\"SC-wp401@microsoft.com\",\"lastModifiedByType\":\"User\",\"lastModifiedAt\":\"2023-04-20T23:46:14.284484Z\"}},{\"properties\":{\"displayName\":\"App Service app slots should have local authentication methods disabled for SCM site deployments\",\"policyDefinitionId\":\"/providers/Microsoft.Authorization/policyDefinitions/847ef871-e2fe-4e6e-907e-4adbf71de5cf\",\"definitionVersion\":\"1.*.*\",\"scope\":\"/providers/microsoft.management/managementgroups/72f988bf-86f1-41af-91ab-2d7cd011db47\",\"metadata\":{\"createdBy\":\"6a7863b1-49b0-41e5-b70e-242201f6e5b8\",\"createdOn\":\"2023-04-20T23:46:33.2991452Z\",\"updatedBy\":null,\"updatedOn\":null},\"enforcementMode\":\"Default\"},\"id\":\"/providers/microsoft.management/managementgroups/72f988bf-86f1-41af-91ab-2d7cd011db47/providers/Microsoft.Authorization/policyAssignments/4608d85244b844b\",\"type\":\"Microsoft.Authorization/policyAssignments\",\"name\":\"4608d85244b844b\",\"systemData\":{\"createdBy\":\"SC-wp401@microsoft.com\",\"createdByType\":\"User\",\"createdAt\":\"2023-04-20T23:46:33.2613353Z\",\"lastModifiedBy\":\"SC-wp401@microsoft.com\",\"lastModifiedByType\":\"User\",\"lastModifiedAt\":\"2023-04-20T23:46:33.2613353Z\"}},{\"properties\":{\"displayName\":\"App Service apps should have local authentication methods disabled for SCM site deployments\",\"policyDefinitionId\":\"/providers/Microsoft.Authorization/policyDefinitions/aede300b-d67f-480a-ae26-4b3dfb1a1fdc\",\"definitionVersion\":\"1.*.*\",\"scope\":\"/providers/microsoft.management/managementgroups/72f988bf-86f1-41af-91ab-2d7cd011db47\",\"metadata\":{\"createdBy\":\"6a7863b1-49b0-41e5-b70e-242201f6e5b8\",\"createdOn\":\"2023-04-20T23:46:59.3510701Z\",\"updatedBy\":null,\"updatedOn\":null},\"enforcementMode\":\"Default\"},\"id\":\"/providers/microsoft.management/managementgroups/72f988bf-86f1-41af-91ab-2d7cd011db47/providers/Microsoft.Authorization/policyAssignments/8b5eeefe772b4a3\",\"type\":\"Microsoft.Authorization/policyAssignments\",\"name\":\"8b5eeefe772b4a3\",\"systemData\":{\"createdBy\":\"SC-wp401@microsoft.com\",\"createdByType\":\"User\",\"createdAt\":\"2023-04-20T23:46:59.3138673Z\",\"lastModifiedBy\":\"SC-wp401@microsoft.com\",\"lastModifiedByType\":\"User\",\"lastModifiedAt\":\"2023-04-20T23:46:59.3138673Z\"}},{\"identity\":{\"type\":\"UserAssigned\",\"userAssignedIdentities\":{\"/subscriptions/016c59e7-b9c0-4635-adbf-88c003b9d545/resourcegroups/Identities/providers/Microsoft.ManagedIdentity/userAssignedIdentities/cloudgovremediationwebcontributor\":{\"principalId\":\"2dd1ea73-4024-489e-83a4-45cb3e962f69\",\"clientId\":\"9af16176-9a0a-40a9-9850-fb5c0c4d0847\"}}},\"properties\":{\"displayName\":\"Configure App Service app to disable local authentication for FTP deployments and SCM sites\",\"policyDefinitionId\":\"/providers/Microsoft.Management/managementGroups/72f988bf-86f1-41af-91ab-2d7cd011db47/providers/Microsoft.Authorization/policySetDefinitions/CloudGov_WebAuth_FtpScm\",\"definitionVersion\":\"1.*.*\",\"scope\":\"/providers/Microsoft.Management/managementGroups/72f988bf-86f1-41af-91ab-2d7cd011db47\",\"notScopes\":[\"/providers/Microsoft.Management/managementGroups/cc1750fe-984c-4839-9870-7357641d49ee\"],\"parameters\":{\"skipTag\":{\"value\":\"SkipBPCP\"},\"effect\":{\"value\":\"DeployIfNotExists\"}},\"description\":\"The deployment connections make the transmitted data/code vulnerable to network attacks. Basic authentication is being disabled centrally for all internal applications to improve security posture. For more information navigate to https://eng.ms/cid/f05c4f52-a18d-45a3-87b2-b5d7cf0e5270/fid/6a39d57a2c596d043b5f18e2995b23da0bbc0fab4d1fa0952d0b767f864e2695. If an incident is related to the following policy, please open an IcM incident via https://portal.microsofticm.com/imp/v3/incidents/details/383328883/home\",\"metadata\":{\"assignedBy\":\"Cloud Governance\",\"createdBy\":\"fa00c2de-57d5-4527-9254-4d513f482d0a\",\"createdOn\":\"2023-05-04T20:15:16.8937639Z\",\"updatedBy\":\"fa00c2de-57d5-4527-9254-4d513f482d0a\",\"updatedOn\":\"2023-06-14T20:43:04.0924622Z\",\"parameterScopes\":{}},\"enforcementMode\":\"Default\",\"nonComplianceMessages\":[{\"message\":\"The resource has not complaint Basic Authentication configurations. If following policy is blocking your actions that have a valid security and business reason to remain non compliant, please add \u0027SkipBPCP\u0027 tagName with any value on your Web App. Make sure to follow up with an official exemption request via https://forms.office.com/pages/responsepage.aspx?id=v4j5cvGGr0GRqy180BHbR9EtRz46cDVGn585Xp39USZUODk2QVBSWU9CMFpSN0NVOElWSFY5WlBaSy4u\"}],\"resourceSelectors\":[],\"overrides\":[]},\"id\":\"/providers/Microsoft.Management/managementGroups/72f988bf-86f1-41af-91ab-2d7cd011db47/providers/Microsoft.Authorization/policyAssignments/CloudGov_WebAuth_FtpScm\",\"type\":\"Microsoft.Authorization/policyAssignments\",\"name\":\"CloudGov_WebAuth_FtpScm\",\"location\":\"eastus\",\"systemData\":{\"createdBy\":\"SC-yo37@microsoft.com\",\"createdByType\":\"User\",\"createdAt\":\"2023-05-04T20:15:15.8937864Z\",\"lastModifiedBy\":\"SC-yo37@microsoft.com\",\"lastModifiedByType\":\"User\",\"lastModifiedAt\":\"2023-06-14T20:43:03.6669341Z\"}},{\"identity\":{\"type\":\"UserAssigned\",\"userAssignedIdentities\":{\"/subscriptions/016c59e7-b9c0-4635-adbf-88c003b9d545/resourcegroups/Identities/providers/Microsoft.ManagedIdentity/userAssignedIdentities/cloudgovremediationsecadmin\":{\"principalId\":\"cf2265bb-8d4f-4ca9-ae95-fc5bb25aa339\",\"clientId\":\"1681edd0-20cb-4b04-ac27-c810cf52dc17\"}}},\"properties\":{\"displayName\":\"Enable 3 Azure Defender plans in Microsoft Defender for Cloud regards to KR51 project\",\"policyDefinitionId\":\"/providers/Microsoft.Management/managementGroups/72f988bf-86f1-41af-91ab-2d7cd011db47/providers/Microsoft.Authorization/policySetDefinitions/CloudGov_MsDefenderCloud\",\"definitionVersion\":\"1.*.*\",\"scope\":\"/providers/Microsoft.Management/managementGroups/72f988bf-86f1-41af-91ab-2d7cd011db47\",\"notScopes\":[\"/providers/Microsoft.Management/managementGroups/CnAIOrchestrationServicePublicCorpprod\",\"/providers/Microsoft.Management/managementGroups/CnAIHoldingManagementGroupPublicCorp\",\"/providers/Microsoft.Management/managementGroups/manage12\",\"/providers/Microsoft.Management/managementGroups/a7ade9d2-d557-4382-a1c1-eb44a72fb214\"],\"description\":\"MDC is a CSPM and CWPP for all of your Azure/on-premises/multicloud resources. It fills vital needs as you manage the security of your resources and workloads in the cloud and on-premises. For more information, identify the Control Name in \u0027Protections and Remediations\u0027 table from https://aka.ms/cloudgov-policies-and-remediations. If an incident is related to following policy, please open an IcM incident via https://portal.microsofticm.com/imp/v3/incidents/create?tmpl=e2042\",\"metadata\":{\"assignedBy\":\"Cloud Governance\",\"createdBy\":\"0cf7b301-43f3-4b77-8fa3-533ef1ad19fa\",\"createdOn\":\"2024-01-17T18:08:42.7749971Z\",\"updatedBy\":\"0cf7b301-43f3-4b77-8fa3-533ef1ad19fa\",\"updatedOn\":\"2024-02-01T19:21:57.7120067Z\"},\"enforcementMode\":\"Default\",\"nonComplianceMessages\":[{\"message\":\"This configuration is not compliant.  Please refer to \u0027Remediation scenarios\u0027 from https://aka.ms/cloudgov-policies-and-remediations for more details.\"}],\"resourceSelectors\":[],\"overrides\":[]},\"id\":\"/providers/Microsoft.Management/managementGroups/72f988bf-86f1-41af-91ab-2d7cd011db47/providers/Microsoft.Authorization/policyAssignments/CloudGov_MsDefenderCloud\",\"type\":\"Microsoft.Authorization/policyAssignments\",\"name\":\"CloudGov_MsDefenderCloud\",\"location\":\"eastus\",\"systemData\":{\"createdBy\":\"sc-an693@microsoft.com\",\"createdByType\":\"User\",\"createdAt\":\"2024-01-17T18:08:42.3197613Z\",\"lastModifiedBy\":\"sc-an693@microsoft.com\",\"lastModifiedByType\":\"User\",\"lastModifiedAt\":\"2024-02-01T19:21:57.4790221Z\"}},{\"properties\":{\"displayName\":\"Block WVD creation (aka.ms/avdblock)\",\"policyDefinitionId\":\"/providers/Microsoft.Management/managementGroups/72f988bf-86f1-41af-91ab-2d7cd011db47/providers/Microsoft.Authorization/policyDefinitions/Deny WVD creation\",\"definitionVersion\":\"1.*.*\",\"scope\":\"/providers/Microsoft.Management/managementGroups/72f988bf-86f1-41af-91ab-2d7cd011db47\",\"notScopes\":[\"/providers/Microsoft.Management/managementGroups/595d008b-0e4c-41f8-af09-254420fd7571\",\"/providers/Microsoft.Management/managementGroups/64cd7b97-58e0-44d3-832b-55657739bde3\",\"/providers/Microsoft.Management/managementGroups/6a8d5cf2-21ba-4c40-b3df-d271a7053ac1\",\"/providers/Microsoft.Management/managementGroups/9ce3369a-545b-cfba-c329-3631400b552f\",\"/providers/Microsoft.Management/managementGroups/CloudPCMSFTSubscriptions\",\"/providers/Microsoft.Management/managementGroups/MSFT-DSRE-ISO-IAM\",\"/subscriptions/007ee280-d2d4-46c2-8504-0fddd121c219\",\"/subscriptions/03564a44-5aef-4331-b282-f30eec8c48c9\",\"/subscriptions/3ae2e9a4-54bd-459f-8211-6f920ecd52c4\",\"/subscriptions/618f7b25-b146-4c0e-a21b-2f1c67e78648\",\"/subscriptions/7b7593ca-92d5-4e89-8cdb-ab6212795535\",\"/subscriptions/b845979f-8603-49c4-819d-8a347f663159\",\"/subscriptions/ca36f55a-a366-46b0-bbfd-67c26cb4e8f0\",\"/subscriptions/cd84031b-67ef-43be-b0aa-45093719be08\",\"/subscriptions/fa12a77e-015c-46d0-b1c1-235d7549346f\"],\"description\":\"https://aka.ms/AVDblock\",\"metadata\":{\"createdBy\":\"7f1579a6-c648-43a1-ac1e-0c3020dd9b8e\",\"createdOn\":\"2020-11-17T19:41:36.3082667Z\",\"updatedBy\":\"7f1579a6-c648-43a1-ac1e-0c3020dd9b8e\",\"updatedOn\":\"2023-03-09T20:51:37.6178649Z\"},\"enforcementMode\":\"Default\"},\"id\":\"/providers/Microsoft.Management/managementGroups/72f988bf-86f1-41af-91ab-2d7cd011db47/providers/Microsoft.Authorization/policyAssignments/Block WVD creation\",\"type\":\"Microsoft.Authorization/policyAssignments\",\"name\":\"Block WVD creation\",\"systemData\":{\"lastModifiedBy\":\"sc-ze057@microsoft.com\",\"lastModifiedByType\":\"User\",\"lastModifiedAt\":\"2023-03-09T20:51:37.628398Z\"}},{\"identity\":{\"principalId\":\"de569224-4c32-4d4f-9a8a-d026361e2a20\",\"tenantId\":\"72f988bf-86f1-41af-91ab-2d7cd011db47\",\"type\":\"SystemAssigned\"},\"properties\":{\"displayName\":\"tony-test-modifyDenyMG\",\"policyDefinitionId\":\"/providers/Microsoft.Management/managementGroups/AzGovPerfTest/providers/Microsoft.Authorization/policyDefinitions/0489d72b-93a9-4632-8ec3-d9e20fba600a\",\"definitionVersion\":\"1.*.*\",\"scope\":\"/providers/Microsoft.Management/managementGroups/AzGovPerfTest\",\"notScopes\":[],\"parameters\":{\"tagName\":{\"value\":\"test\"}},\"metadata\":{\"assignedBy\":\"Tony Chen\",\"parameterScopes\":{},\"createdBy\":\"2e246f32-0d94-48a6-a899-e01cbe4c82a0\",\"createdOn\":\"2024-01-18T19:30:53.4456674Z\",\"updatedBy\":\"55899cf9-827a-4788-bed4-c0d5c16f943a\",\"updatedOn\":\"2024-02-23T19:47:34.9663592Z\"},\"enforcementMode\":\"Default\",\"nonComplianceMessages\":[],\"resourceSelectors\":[],\"overrides\":[]},\"id\":\"/providers/Microsoft.Management/managementGroups/AzGovPerfTest/providers/Microsoft.Authorization/policyAssignments/e4d662572b4f40409eed77e8\",\"type\":\"Microsoft.Authorization/policyAssignments\",\"name\":\"e4d662572b4f40409eed77e8\",\"location\":\"eastus\",\"systemData\":{\"createdBy\":\"qingyechen@microsoft.com\",\"createdByType\":\"User\",\"createdAt\":\"2024-01-18T19:30:52.6490143Z\",\"lastModifiedBy\":\"varunkum@microsoft.com\",\"lastModifiedByType\":\"User\",\"lastModifiedAt\":\"2024-02-23T19:47:34.7843087Z\"}},{\"identity\":{\"principalId\":\"c97e7038-fcc8-4f04-8a5d-3dca11cb6240\",\"tenantId\":\"72f988bf-86f1-41af-91ab-2d7cd011db47\",\"type\":\"SystemAssigned\"},\"properties\":{\"displayName\":\"tony-test-remeNonCompliantResourceCount-mg\",\"policyDefinitionId\":\"/providers/microsoft.management/managementgroups/azgovperftest/providers/microsoft.authorization/policysetdefinitions/868409909b644cb8aa3df4a2\",\"definitionVersion\":\"1.*.*\",\"scope\":\"/providers/microsoft.management/managementgroups/azgovperftest\",\"notScopes\":[],\"parameters\":{},\"metadata\":{\"parameterScopes\":{},\"createdBy\":\"2e246f32-0d94-48a6-a899-e01cbe4c82a0\",\"createdOn\":\"2024-03-26T00:55:40.5033405Z\",\"updatedBy\":null,\"updatedOn\":null},\"enforcementMode\":\"Default\",\"nonComplianceMessages\":[],\"resourceSelectors\":[],\"overrides\":[]},\"id\":\"/providers/microsoft.management/managementgroups/azgovperftest/providers/Microsoft.Authorization/policyAssignments/8bea7adb75c44b11bbd2385e\",\"type\":\"Microsoft.Authorization/policyAssignments\",\"name\":\"8bea7adb75c44b11bbd2385e\",\"location\":\"westus\",\"systemData\":{\"createdBy\":\"qingyechen@microsoft.com\",\"createdByType\":\"User\",\"createdAt\":\"2024-03-26T00:55:39.9036611Z\",\"lastModifiedBy\":\"qingyechen@microsoft.com\",\"lastModifiedByType\":\"User\",\"lastModifiedAt\":\"2024-03-26T00:55:39.9036611Z\"}},{\"properties\":{\"displayName\":\"IcM-413516148\",\"policyDefinitionId\":\"/subscriptions/edb2c18a-04d6-49e9-bc72-e23852f507ad/providers/Microsoft.Authorization/policyDefinitions/2baf7f68-7f74-45cc-beaa-dc9de40be3ef\",\"definitionVersion\":\"1.*.*\",\"scope\":\"/subscriptions/edb2c18a-04d6-49e9-bc72-e23852f507ad\",\"notScopes\":[],\"parameters\":{},\"description\":\"Repro for IcM 413516148\",\"metadata\":{\"assignedBy\":\"Chris Stackhouse\",\"parameterScopes\":{},\"createdBy\":\"3d826307-2481-45a0-a271-bcf9333f914a\",\"createdOn\":\"2023-08-12T00:45:35.2640788Z\",\"updatedBy\":null,\"updatedOn\":null},\"enforcementMode\":\"Default\",\"nonComplianceMessages\":[],\"resourceSelectors\":[],\"overrides\":[]},\"id\":\"/subscriptions/edb2c18a-04d6-49e9-bc72-e23852f507ad/providers/Microsoft.Authorization/policyAssignments/21eb5353068a4525b9472686\",\"type\":\"Microsoft.Authorization/policyAssignments\",\"name\":\"21eb5353068a4525b9472686\",\"systemData\":{\"createdBy\":\"cstack@ntdev.microsoft.com\",\"createdByType\":\"User\",\"createdAt\":\"2023-08-12T00:45:35.1616594Z\",\"lastModifiedBy\":\"cstack@ntdev.microsoft.com\",\"lastModifiedByType\":\"User\",\"lastModifiedAt\":\"2023-08-12T00:45:35.1616594Z\"}},{\"properties\":{\"policyDefinitionId\":\"/subscriptions/edb2c18a-04d6-49e9-bc72-e23852f507ad/providers/Microsoft.Authorization/policySetDefinitions/psPolicyAssignmentCRUD02\",\"definitionVersion\":\"1.*.*\",\"scope\":\"/subscriptions/edb2c18a-04d6-49e9-bc72-e23852f507ad/resourceGroups/rgPolicyAssignmentCRUD01\",\"metadata\":{\"createdBy\":\"3d826307-2481-45a0-a271-bcf9333f914a\",\"createdOn\":\"2024-03-28T00:56:04.1709166Z\",\"updatedBy\":\"3d826307-2481-45a0-a271-bcf9333f914a\",\"updatedOn\":\"2024-03-28T00:56:07.3577881Z\"},\"enforcementMode\":\"Default\",\"nonComplianceMessages\":[{\"policyDefinitionReferenceId\":\"5800836570966774572\",\"message\":\"Specific message 1\"},{\"policyDefinitionReferenceId\":\"8364889175415346717\",\"message\":\"Specific message 2\"}]},\"id\":\"/subscriptions/edb2c18a-04d6-49e9-bc72-e23852f507ad/resourceGroups/rgPolicyAssignmentCRUD01/providers/Microsoft.Authorization/policyAssignments/psPolicyAssignmentCRUD05\",\"type\":\"Microsoft.Authorization/policyAssignments\",\"name\":\"psPolicyAssignmentCRUD05\",\"systemData\":{\"createdBy\":\"cstack@ntdev.microsoft.com\",\"createdByType\":\"User\",\"createdAt\":\"2024-03-28T00:56:04.1287698Z\",\"lastModifiedBy\":\"cstack@ntdev.microsoft.com\",\"lastModifiedByType\":\"User\",\"lastModifiedAt\":\"2024-03-28T00:56:07.334197Z\"}},{\"properties\":{\"policyDefinitionId\":\"/subscriptions/edb2c18a-04d6-49e9-bc72-e23852f507ad/providers/Microsoft.Authorization/policyDefinitions/psPolicyAssignmentCRUD03\",\"definitionVersion\":\"1.*.*\",\"scope\":\"/subscriptions/edb2c18a-04d6-49e9-bc72-e23852f507ad/resourceGroups/rgPolicyAssignmentCRUD01\",\"description\":\"Unit test junk: sorry for littering. Please delete me!\",\"metadata\":{\"createdBy\":\"3d826307-2481-45a0-a271-bcf9333f914a\",\"createdOn\":\"2024-03-28T00:56:07.9247907Z\",\"updatedBy\":null,\"updatedOn\":null},\"enforcementMode\":\"Default\"},\"id\":\"/subscriptions/edb2c18a-04d6-49e9-bc72-e23852f507ad/resourceGroups/rgPolicyAssignmentCRUD01/providers/Microsoft.Authorization/policyAssignments/psPolicyAssignmentCRUD06\",\"type\":\"Microsoft.Authorization/policyAssignments\",\"name\":\"psPolicyAssignmentCRUD06\",\"systemData\":{\"createdBy\":\"cstack@ntdev.microsoft.com\",\"createdByType\":\"User\",\"createdAt\":\"2024-03-28T00:56:07.8971791Z\",\"lastModifiedBy\":\"cstack@ntdev.microsoft.com\",\"lastModifiedByType\":\"User\",\"lastModifiedAt\":\"2024-03-28T00:56:07.8971791Z\"}}]}",
      "isContentBase64": false
    }
  },
  "PolicyAssignmentCRUD+[NoContext]+List policy assignments and validate results+$GET+https://management.azure.com/subscriptions/edb2c18a-04d6-49e9-bc72-e23852f507ad/providers/Microsoft.Authorization/policyAssignments?api-version=2023-04-01+3": {
    "Request": {
      "Method": "GET",
      "RequestUri": "https://management.azure.com/subscriptions/edb2c18a-04d6-49e9-bc72-e23852f507ad/providers/Microsoft.Authorization/policyAssignments?api-version=2023-04-01",
      "Content": null,
      "isContentBase64": false,
      "Headers": {
        "x-ms-unique-id": [ "1113" ],
        "x-ms-client-request-id": [ "d22d70c1-73a0-4ed4-bd5d-81b357cf57e1" ],
        "CommandName": [ "\u0026" ],
        "FullCommandName": [ "Get-AzPolicyAssignment_List3" ],
        "ParameterSetName": [ "__AllParameterSets" ],
        "User-Agent": [ "AzurePowershell/v11.0.0", "PSVersion/v7.4.1", "Az.Policy/0.1.1" ],
        "Authorization": [ "[Filtered]" ]
      },
      "ContentHeaders": {
      }
    },
    "Response": {
      "StatusCode": 200,
      "Headers": {
        "Cache-Control": [ "no-cache" ],
        "Pragma": [ "no-cache" ],
        "Strict-Transport-Security": [ "max-age=31536000; includeSubDomains" ],
        "x-ms-ratelimit-remaining-subscription-reads": [ "11987" ],
        "x-ms-request-id": [ "1729fb71-3b40-454a-86e1-4d9d60107791" ],
        "x-ms-correlation-request-id": [ "1729fb71-3b40-454a-86e1-4d9d60107791" ],
        "x-ms-routing-request-id": [ "WESTUS2:20240328T005608Z:1729fb71-3b40-454a-86e1-4d9d60107791" ],
        "X-Content-Type-Options": [ "nosniff" ],
        "X-Cache": [ "CONFIG_NOCACHE" ],
        "X-MSEdge-Ref": [ "Ref A: 5A01DA508EB44010A8DDD787EECC4800 Ref B: CO6AA3150219021 Ref C: 2024-03-28T00:56:08Z" ],
        "Date": [ "Thu, 28 Mar 2024 00:56:08 GMT" ]
      },
      "ContentHeaders": {
        "Content-Length": [ "17460" ],
        "Content-Type": [ "application/json; charset=utf-8" ],
        "Expires": [ "-1" ]
      },
      "Content": "{\"value\":[{\"properties\":{\"displayName\":\"IcM-413516148\",\"policyDefinitionId\":\"/subscriptions/edb2c18a-04d6-49e9-bc72-e23852f507ad/providers/Microsoft.Authorization/policyDefinitions/2baf7f68-7f74-45cc-beaa-dc9de40be3ef\",\"definitionVersion\":\"1.*.*\",\"scope\":\"/subscriptions/edb2c18a-04d6-49e9-bc72-e23852f507ad\",\"notScopes\":[],\"parameters\":{},\"description\":\"Repro for IcM 413516148\",\"metadata\":{\"assignedBy\":\"Chris Stackhouse\",\"parameterScopes\":{},\"createdBy\":\"3d826307-2481-45a0-a271-bcf9333f914a\",\"createdOn\":\"2023-08-12T00:45:35.2640788Z\",\"updatedBy\":null,\"updatedOn\":null},\"enforcementMode\":\"Default\",\"nonComplianceMessages\":[],\"resourceSelectors\":[],\"overrides\":[]},\"id\":\"/subscriptions/edb2c18a-04d6-49e9-bc72-e23852f507ad/providers/Microsoft.Authorization/policyAssignments/21eb5353068a4525b9472686\",\"type\":\"Microsoft.Authorization/policyAssignments\",\"name\":\"21eb5353068a4525b9472686\",\"systemData\":{\"createdBy\":\"cstack@ntdev.microsoft.com\",\"createdByType\":\"User\",\"createdAt\":\"2023-08-12T00:45:35.1616594Z\",\"lastModifiedBy\":\"cstack@ntdev.microsoft.com\",\"lastModifiedByType\":\"User\",\"lastModifiedAt\":\"2023-08-12T00:45:35.1616594Z\"}},{\"properties\":{\"policyDefinitionId\":\"/subscriptions/edb2c18a-04d6-49e9-bc72-e23852f507ad/providers/Microsoft.Authorization/policySetDefinitions/psPolicyAssignmentCRUD02\",\"definitionVersion\":\"1.*.*\",\"scope\":\"/subscriptions/edb2c18a-04d6-49e9-bc72-e23852f507ad/resourceGroups/rgPolicyAssignmentCRUD01\",\"metadata\":{\"createdBy\":\"3d826307-2481-45a0-a271-bcf9333f914a\",\"createdOn\":\"2024-03-28T00:56:04.1709166Z\",\"updatedBy\":\"3d826307-2481-45a0-a271-bcf9333f914a\",\"updatedOn\":\"2024-03-28T00:56:07.3577881Z\"},\"enforcementMode\":\"Default\",\"nonComplianceMessages\":[{\"policyDefinitionReferenceId\":\"5800836570966774572\",\"message\":\"Specific message 1\"},{\"policyDefinitionReferenceId\":\"8364889175415346717\",\"message\":\"Specific message 2\"}]},\"id\":\"/subscriptions/edb2c18a-04d6-49e9-bc72-e23852f507ad/resourceGroups/rgPolicyAssignmentCRUD01/providers/Microsoft.Authorization/policyAssignments/psPolicyAssignmentCRUD05\",\"type\":\"Microsoft.Authorization/policyAssignments\",\"name\":\"psPolicyAssignmentCRUD05\",\"systemData\":{\"createdBy\":\"cstack@ntdev.microsoft.com\",\"createdByType\":\"User\",\"createdAt\":\"2024-03-28T00:56:04.1287698Z\",\"lastModifiedBy\":\"cstack@ntdev.microsoft.com\",\"lastModifiedByType\":\"User\",\"lastModifiedAt\":\"2024-03-28T00:56:07.334197Z\"}},{\"properties\":{\"policyDefinitionId\":\"/subscriptions/edb2c18a-04d6-49e9-bc72-e23852f507ad/providers/Microsoft.Authorization/policyDefinitions/psPolicyAssignmentCRUD03\",\"definitionVersion\":\"1.*.*\",\"scope\":\"/subscriptions/edb2c18a-04d6-49e9-bc72-e23852f507ad/resourceGroups/rgPolicyAssignmentCRUD01\",\"description\":\"Unit test junk: sorry for littering. Please delete me!\",\"metadata\":{\"createdBy\":\"3d826307-2481-45a0-a271-bcf9333f914a\",\"createdOn\":\"2024-03-28T00:56:07.9247907Z\",\"updatedBy\":null,\"updatedOn\":null},\"enforcementMode\":\"Default\"},\"id\":\"/subscriptions/edb2c18a-04d6-49e9-bc72-e23852f507ad/resourceGroups/rgPolicyAssignmentCRUD01/providers/Microsoft.Authorization/policyAssignments/psPolicyAssignmentCRUD06\",\"type\":\"Microsoft.Authorization/policyAssignments\",\"name\":\"psPolicyAssignmentCRUD06\",\"systemData\":{\"createdBy\":\"cstack@ntdev.microsoft.com\",\"createdByType\":\"User\",\"createdAt\":\"2024-03-28T00:56:07.8971791Z\",\"lastModifiedBy\":\"cstack@ntdev.microsoft.com\",\"lastModifiedByType\":\"User\",\"lastModifiedAt\":\"2024-03-28T00:56:07.8971791Z\"}},{\"properties\":{\"displayName\":\"App Service apps should have local authentication methods disabled for FTP deployments\",\"policyDefinitionId\":\"/providers/Microsoft.Authorization/policyDefinitions/871b205b-57cf-4e1e-a234-492616998bf7\",\"definitionVersion\":\"1.*.*\",\"scope\":\"/providers/microsoft.management/managementgroups/72f988bf-86f1-41af-91ab-2d7cd011db47\",\"metadata\":{\"createdBy\":\"6a7863b1-49b0-41e5-b70e-242201f6e5b8\",\"createdOn\":\"2023-04-20T23:39:51.0887005Z\",\"updatedBy\":null,\"updatedOn\":null},\"enforcementMode\":\"Default\"},\"id\":\"/providers/microsoft.management/managementgroups/72f988bf-86f1-41af-91ab-2d7cd011db47/providers/Microsoft.Authorization/policyAssignments/5a11252257f8411\",\"type\":\"Microsoft.Authorization/policyAssignments\",\"name\":\"5a11252257f8411\",\"systemData\":{\"createdBy\":\"SC-wp401@microsoft.com\",\"createdByType\":\"User\",\"createdAt\":\"2023-04-20T23:39:51.0293826Z\",\"lastModifiedBy\":\"SC-wp401@microsoft.com\",\"lastModifiedByType\":\"User\",\"lastModifiedAt\":\"2023-04-20T23:39:51.0293826Z\"}},{\"properties\":{\"displayName\":\"App Service app slots should have local authentication methods disabled for FTP deployments\",\"policyDefinitionId\":\"/providers/Microsoft.Authorization/policyDefinitions/ec71c0bc-6a45-4b1f-9587-80dc83e6898c\",\"definitionVersion\":\"1.*.*\",\"scope\":\"/providers/microsoft.management/managementgroups/72f988bf-86f1-41af-91ab-2d7cd011db47\",\"metadata\":{\"createdBy\":\"6a7863b1-49b0-41e5-b70e-242201f6e5b8\",\"createdOn\":\"2023-04-20T23:46:14.3195728Z\",\"updatedBy\":null,\"updatedOn\":null},\"enforcementMode\":\"Default\"},\"id\":\"/providers/microsoft.management/managementgroups/72f988bf-86f1-41af-91ab-2d7cd011db47/providers/Microsoft.Authorization/policyAssignments/baa55f59929449b\",\"type\":\"Microsoft.Authorization/policyAssignments\",\"name\":\"baa55f59929449b\",\"systemData\":{\"createdBy\":\"SC-wp401@microsoft.com\",\"createdByType\":\"User\",\"createdAt\":\"2023-04-20T23:46:14.284484Z\",\"lastModifiedBy\":\"SC-wp401@microsoft.com\",\"lastModifiedByType\":\"User\",\"lastModifiedAt\":\"2023-04-20T23:46:14.284484Z\"}},{\"properties\":{\"displayName\":\"App Service app slots should have local authentication methods disabled for SCM site deployments\",\"policyDefinitionId\":\"/providers/Microsoft.Authorization/policyDefinitions/847ef871-e2fe-4e6e-907e-4adbf71de5cf\",\"definitionVersion\":\"1.*.*\",\"scope\":\"/providers/microsoft.management/managementgroups/72f988bf-86f1-41af-91ab-2d7cd011db47\",\"metadata\":{\"createdBy\":\"6a7863b1-49b0-41e5-b70e-242201f6e5b8\",\"createdOn\":\"2023-04-20T23:46:33.2991452Z\",\"updatedBy\":null,\"updatedOn\":null},\"enforcementMode\":\"Default\"},\"id\":\"/providers/microsoft.management/managementgroups/72f988bf-86f1-41af-91ab-2d7cd011db47/providers/Microsoft.Authorization/policyAssignments/4608d85244b844b\",\"type\":\"Microsoft.Authorization/policyAssignments\",\"name\":\"4608d85244b844b\",\"systemData\":{\"createdBy\":\"SC-wp401@microsoft.com\",\"createdByType\":\"User\",\"createdAt\":\"2023-04-20T23:46:33.2613353Z\",\"lastModifiedBy\":\"SC-wp401@microsoft.com\",\"lastModifiedByType\":\"User\",\"lastModifiedAt\":\"2023-04-20T23:46:33.2613353Z\"}},{\"properties\":{\"displayName\":\"App Service apps should have local authentication methods disabled for SCM site deployments\",\"policyDefinitionId\":\"/providers/Microsoft.Authorization/policyDefinitions/aede300b-d67f-480a-ae26-4b3dfb1a1fdc\",\"definitionVersion\":\"1.*.*\",\"scope\":\"/providers/microsoft.management/managementgroups/72f988bf-86f1-41af-91ab-2d7cd011db47\",\"metadata\":{\"createdBy\":\"6a7863b1-49b0-41e5-b70e-242201f6e5b8\",\"createdOn\":\"2023-04-20T23:46:59.3510701Z\",\"updatedBy\":null,\"updatedOn\":null},\"enforcementMode\":\"Default\"},\"id\":\"/providers/microsoft.management/managementgroups/72f988bf-86f1-41af-91ab-2d7cd011db47/providers/Microsoft.Authorization/policyAssignments/8b5eeefe772b4a3\",\"type\":\"Microsoft.Authorization/policyAssignments\",\"name\":\"8b5eeefe772b4a3\",\"systemData\":{\"createdBy\":\"SC-wp401@microsoft.com\",\"createdByType\":\"User\",\"createdAt\":\"2023-04-20T23:46:59.3138673Z\",\"lastModifiedBy\":\"SC-wp401@microsoft.com\",\"lastModifiedByType\":\"User\",\"lastModifiedAt\":\"2023-04-20T23:46:59.3138673Z\"}},{\"identity\":{\"type\":\"UserAssigned\",\"userAssignedIdentities\":{\"/subscriptions/016c59e7-b9c0-4635-adbf-88c003b9d545/resourcegroups/Identities/providers/Microsoft.ManagedIdentity/userAssignedIdentities/cloudgovremediationwebcontributor\":{\"principalId\":\"2dd1ea73-4024-489e-83a4-45cb3e962f69\",\"clientId\":\"9af16176-9a0a-40a9-9850-fb5c0c4d0847\"}}},\"properties\":{\"displayName\":\"Configure App Service app to disable local authentication for FTP deployments and SCM sites\",\"policyDefinitionId\":\"/providers/Microsoft.Management/managementGroups/72f988bf-86f1-41af-91ab-2d7cd011db47/providers/Microsoft.Authorization/policySetDefinitions/CloudGov_WebAuth_FtpScm\",\"definitionVersion\":\"1.*.*\",\"scope\":\"/providers/Microsoft.Management/managementGroups/72f988bf-86f1-41af-91ab-2d7cd011db47\",\"notScopes\":[\"/providers/Microsoft.Management/managementGroups/cc1750fe-984c-4839-9870-7357641d49ee\"],\"parameters\":{\"skipTag\":{\"value\":\"SkipBPCP\"},\"effect\":{\"value\":\"DeployIfNotExists\"}},\"description\":\"The deployment connections make the transmitted data/code vulnerable to network attacks. Basic authentication is being disabled centrally for all internal applications to improve security posture. For more information navigate to https://eng.ms/cid/f05c4f52-a18d-45a3-87b2-b5d7cf0e5270/fid/6a39d57a2c596d043b5f18e2995b23da0bbc0fab4d1fa0952d0b767f864e2695. If an incident is related to the following policy, please open an IcM incident via https://portal.microsofticm.com/imp/v3/incidents/details/383328883/home\",\"metadata\":{\"assignedBy\":\"Cloud Governance\",\"createdBy\":\"fa00c2de-57d5-4527-9254-4d513f482d0a\",\"createdOn\":\"2023-05-04T20:15:16.8937639Z\",\"updatedBy\":\"fa00c2de-57d5-4527-9254-4d513f482d0a\",\"updatedOn\":\"2023-06-14T20:43:04.0924622Z\",\"parameterScopes\":{}},\"enforcementMode\":\"Default\",\"nonComplianceMessages\":[{\"message\":\"The resource has not complaint Basic Authentication configurations. If following policy is blocking your actions that have a valid security and business reason to remain non compliant, please add \u0027SkipBPCP\u0027 tagName with any value on your Web App. Make sure to follow up with an official exemption request via https://forms.office.com/pages/responsepage.aspx?id=v4j5cvGGr0GRqy180BHbR9EtRz46cDVGn585Xp39USZUODk2QVBSWU9CMFpSN0NVOElWSFY5WlBaSy4u\"}],\"resourceSelectors\":[],\"overrides\":[]},\"id\":\"/providers/Microsoft.Management/managementGroups/72f988bf-86f1-41af-91ab-2d7cd011db47/providers/Microsoft.Authorization/policyAssignments/CloudGov_WebAuth_FtpScm\",\"type\":\"Microsoft.Authorization/policyAssignments\",\"name\":\"CloudGov_WebAuth_FtpScm\",\"location\":\"eastus\",\"systemData\":{\"createdBy\":\"SC-yo37@microsoft.com\",\"createdByType\":\"User\",\"createdAt\":\"2023-05-04T20:15:15.8937864Z\",\"lastModifiedBy\":\"SC-yo37@microsoft.com\",\"lastModifiedByType\":\"User\",\"lastModifiedAt\":\"2023-06-14T20:43:03.6669341Z\"}},{\"identity\":{\"type\":\"UserAssigned\",\"userAssignedIdentities\":{\"/subscriptions/016c59e7-b9c0-4635-adbf-88c003b9d545/resourcegroups/Identities/providers/Microsoft.ManagedIdentity/userAssignedIdentities/cloudgovremediationsecadmin\":{\"principalId\":\"cf2265bb-8d4f-4ca9-ae95-fc5bb25aa339\",\"clientId\":\"1681edd0-20cb-4b04-ac27-c810cf52dc17\"}}},\"properties\":{\"displayName\":\"Enable 3 Azure Defender plans in Microsoft Defender for Cloud regards to KR51 project\",\"policyDefinitionId\":\"/providers/Microsoft.Management/managementGroups/72f988bf-86f1-41af-91ab-2d7cd011db47/providers/Microsoft.Authorization/policySetDefinitions/CloudGov_MsDefenderCloud\",\"definitionVersion\":\"1.*.*\",\"scope\":\"/providers/Microsoft.Management/managementGroups/72f988bf-86f1-41af-91ab-2d7cd011db47\",\"notScopes\":[\"/providers/Microsoft.Management/managementGroups/CnAIOrchestrationServicePublicCorpprod\",\"/providers/Microsoft.Management/managementGroups/CnAIHoldingManagementGroupPublicCorp\",\"/providers/Microsoft.Management/managementGroups/manage12\",\"/providers/Microsoft.Management/managementGroups/a7ade9d2-d557-4382-a1c1-eb44a72fb214\"],\"description\":\"MDC is a CSPM and CWPP for all of your Azure/on-premises/multicloud resources. It fills vital needs as you manage the security of your resources and workloads in the cloud and on-premises. For more information, identify the Control Name in \u0027Protections and Remediations\u0027 table from https://aka.ms/cloudgov-policies-and-remediations. If an incident is related to following policy, please open an IcM incident via https://portal.microsofticm.com/imp/v3/incidents/create?tmpl=e2042\",\"metadata\":{\"assignedBy\":\"Cloud Governance\",\"createdBy\":\"0cf7b301-43f3-4b77-8fa3-533ef1ad19fa\",\"createdOn\":\"2024-01-17T18:08:42.7749971Z\",\"updatedBy\":\"0cf7b301-43f3-4b77-8fa3-533ef1ad19fa\",\"updatedOn\":\"2024-02-01T19:21:57.7120067Z\"},\"enforcementMode\":\"Default\",\"nonComplianceMessages\":[{\"message\":\"This configuration is not compliant.  Please refer to \u0027Remediation scenarios\u0027 from https://aka.ms/cloudgov-policies-and-remediations for more details.\"}],\"resourceSelectors\":[],\"overrides\":[]},\"id\":\"/providers/Microsoft.Management/managementGroups/72f988bf-86f1-41af-91ab-2d7cd011db47/providers/Microsoft.Authorization/policyAssignments/CloudGov_MsDefenderCloud\",\"type\":\"Microsoft.Authorization/policyAssignments\",\"name\":\"CloudGov_MsDefenderCloud\",\"location\":\"eastus\",\"systemData\":{\"createdBy\":\"sc-an693@microsoft.com\",\"createdByType\":\"User\",\"createdAt\":\"2024-01-17T18:08:42.3197613Z\",\"lastModifiedBy\":\"sc-an693@microsoft.com\",\"lastModifiedByType\":\"User\",\"lastModifiedAt\":\"2024-02-01T19:21:57.4790221Z\"}},{\"properties\":{\"displayName\":\"Block WVD creation (aka.ms/avdblock)\",\"policyDefinitionId\":\"/providers/Microsoft.Management/managementGroups/72f988bf-86f1-41af-91ab-2d7cd011db47/providers/Microsoft.Authorization/policyDefinitions/Deny WVD creation\",\"definitionVersion\":\"1.*.*\",\"scope\":\"/providers/Microsoft.Management/managementGroups/72f988bf-86f1-41af-91ab-2d7cd011db47\",\"notScopes\":[\"/providers/Microsoft.Management/managementGroups/595d008b-0e4c-41f8-af09-254420fd7571\",\"/providers/Microsoft.Management/managementGroups/64cd7b97-58e0-44d3-832b-55657739bde3\",\"/providers/Microsoft.Management/managementGroups/6a8d5cf2-21ba-4c40-b3df-d271a7053ac1\",\"/providers/Microsoft.Management/managementGroups/9ce3369a-545b-cfba-c329-3631400b552f\",\"/providers/Microsoft.Management/managementGroups/CloudPCMSFTSubscriptions\",\"/providers/Microsoft.Management/managementGroups/MSFT-DSRE-ISO-IAM\",\"/subscriptions/007ee280-d2d4-46c2-8504-0fddd121c219\",\"/subscriptions/03564a44-5aef-4331-b282-f30eec8c48c9\",\"/subscriptions/3ae2e9a4-54bd-459f-8211-6f920ecd52c4\",\"/subscriptions/618f7b25-b146-4c0e-a21b-2f1c67e78648\",\"/subscriptions/7b7593ca-92d5-4e89-8cdb-ab6212795535\",\"/subscriptions/b845979f-8603-49c4-819d-8a347f663159\",\"/subscriptions/ca36f55a-a366-46b0-bbfd-67c26cb4e8f0\",\"/subscriptions/cd84031b-67ef-43be-b0aa-45093719be08\",\"/subscriptions/fa12a77e-015c-46d0-b1c1-235d7549346f\"],\"description\":\"https://aka.ms/AVDblock\",\"metadata\":{\"createdBy\":\"7f1579a6-c648-43a1-ac1e-0c3020dd9b8e\",\"createdOn\":\"2020-11-17T19:41:36.3082667Z\",\"updatedBy\":\"7f1579a6-c648-43a1-ac1e-0c3020dd9b8e\",\"updatedOn\":\"2023-03-09T20:51:37.6178649Z\"},\"enforcementMode\":\"Default\"},\"id\":\"/providers/Microsoft.Management/managementGroups/72f988bf-86f1-41af-91ab-2d7cd011db47/providers/Microsoft.Authorization/policyAssignments/Block WVD creation\",\"type\":\"Microsoft.Authorization/policyAssignments\",\"name\":\"Block WVD creation\",\"systemData\":{\"lastModifiedBy\":\"sc-ze057@microsoft.com\",\"lastModifiedByType\":\"User\",\"lastModifiedAt\":\"2023-03-09T20:51:37.628398Z\"}},{\"identity\":{\"principalId\":\"de569224-4c32-4d4f-9a8a-d026361e2a20\",\"tenantId\":\"72f988bf-86f1-41af-91ab-2d7cd011db47\",\"type\":\"SystemAssigned\"},\"properties\":{\"displayName\":\"tony-test-modifyDenyMG\",\"policyDefinitionId\":\"/providers/Microsoft.Management/managementGroups/AzGovPerfTest/providers/Microsoft.Authorization/policyDefinitions/0489d72b-93a9-4632-8ec3-d9e20fba600a\",\"definitionVersion\":\"1.*.*\",\"scope\":\"/providers/Microsoft.Management/managementGroups/AzGovPerfTest\",\"notScopes\":[],\"parameters\":{\"tagName\":{\"value\":\"test\"}},\"metadata\":{\"assignedBy\":\"Tony Chen\",\"parameterScopes\":{},\"createdBy\":\"2e246f32-0d94-48a6-a899-e01cbe4c82a0\",\"createdOn\":\"2024-01-18T19:30:53.4456674Z\",\"updatedBy\":\"55899cf9-827a-4788-bed4-c0d5c16f943a\",\"updatedOn\":\"2024-02-23T19:47:34.9663592Z\"},\"enforcementMode\":\"Default\",\"nonComplianceMessages\":[],\"resourceSelectors\":[],\"overrides\":[]},\"id\":\"/providers/Microsoft.Management/managementGroups/AzGovPerfTest/providers/Microsoft.Authorization/policyAssignments/e4d662572b4f40409eed77e8\",\"type\":\"Microsoft.Authorization/policyAssignments\",\"name\":\"e4d662572b4f40409eed77e8\",\"location\":\"eastus\",\"systemData\":{\"createdBy\":\"qingyechen@microsoft.com\",\"createdByType\":\"User\",\"createdAt\":\"2024-01-18T19:30:52.6490143Z\",\"lastModifiedBy\":\"varunkum@microsoft.com\",\"lastModifiedByType\":\"User\",\"lastModifiedAt\":\"2024-02-23T19:47:34.7843087Z\"}},{\"identity\":{\"principalId\":\"c97e7038-fcc8-4f04-8a5d-3dca11cb6240\",\"tenantId\":\"72f988bf-86f1-41af-91ab-2d7cd011db47\",\"type\":\"SystemAssigned\"},\"properties\":{\"displayName\":\"tony-test-remeNonCompliantResourceCount-mg\",\"policyDefinitionId\":\"/providers/microsoft.management/managementgroups/azgovperftest/providers/microsoft.authorization/policysetdefinitions/868409909b644cb8aa3df4a2\",\"definitionVersion\":\"1.*.*\",\"scope\":\"/providers/microsoft.management/managementgroups/azgovperftest\",\"notScopes\":[],\"parameters\":{},\"metadata\":{\"parameterScopes\":{},\"createdBy\":\"2e246f32-0d94-48a6-a899-e01cbe4c82a0\",\"createdOn\":\"2024-03-26T00:55:40.5033405Z\",\"updatedBy\":null,\"updatedOn\":null},\"enforcementMode\":\"Default\",\"nonComplianceMessages\":[],\"resourceSelectors\":[],\"overrides\":[]},\"id\":\"/providers/microsoft.management/managementgroups/azgovperftest/providers/Microsoft.Authorization/policyAssignments/8bea7adb75c44b11bbd2385e\",\"type\":\"Microsoft.Authorization/policyAssignments\",\"name\":\"8bea7adb75c44b11bbd2385e\",\"location\":\"westus\",\"systemData\":{\"createdBy\":\"qingyechen@microsoft.com\",\"createdByType\":\"User\",\"createdAt\":\"2024-03-26T00:55:39.9036611Z\",\"lastModifiedBy\":\"qingyechen@microsoft.com\",\"lastModifiedByType\":\"User\",\"lastModifiedAt\":\"2024-03-26T00:55:39.9036611Z\"}}]}",
      "isContentBase64": false
    }
  },
  "PolicyAssignmentCRUD+[NoContext]+List policy assignments and validate results+$GET+https://management.azure.com/subscriptions/edb2c18a-04d6-49e9-bc72-e23852f507ad/providers/Microsoft.Authorization/policyAssignments?$filter=atScope()\u0026api-version=2023-04-01+4": {
    "Request": {
      "Method": "GET",
      "RequestUri": "https://management.azure.com/subscriptions/edb2c18a-04d6-49e9-bc72-e23852f507ad/providers/Microsoft.Authorization/policyAssignments?$filter=atScope()\u0026api-version=2023-04-01",
      "Content": null,
      "isContentBase64": false,
      "Headers": {
        "x-ms-unique-id": [ "1114" ],
        "x-ms-client-request-id": [ "5b967e72-a0df-4c2c-9e84-6a2751bb8907" ],
        "CommandName": [ "\u0026" ],
        "FullCommandName": [ "Get-AzPolicyAssignment_List3" ],
        "ParameterSetName": [ "__AllParameterSets" ],
        "User-Agent": [ "AzurePowershell/v11.0.0", "PSVersion/v7.4.1", "Az.Policy/0.1.1" ],
        "Authorization": [ "[Filtered]" ]
      },
      "ContentHeaders": {
      }
    },
    "Response": {
      "StatusCode": 200,
      "Headers": {
        "Cache-Control": [ "no-cache" ],
        "Pragma": [ "no-cache" ],
        "Strict-Transport-Security": [ "max-age=31536000; includeSubDomains" ],
        "x-ms-ratelimit-remaining-subscription-reads": [ "11989" ],
        "x-ms-request-id": [ "dd41cbeb-38f6-4588-a94c-07967b2c6fbf" ],
        "x-ms-correlation-request-id": [ "dd41cbeb-38f6-4588-a94c-07967b2c6fbf" ],
        "x-ms-routing-request-id": [ "WESTUS2:20240328T005608Z:dd41cbeb-38f6-4588-a94c-07967b2c6fbf" ],
        "X-Content-Type-Options": [ "nosniff" ],
        "X-Cache": [ "CONFIG_NOCACHE" ],
        "X-MSEdge-Ref": [ "Ref A: A37834B958514558A9FD917790B9ACF9 Ref B: CO6AA3150219021 Ref C: 2024-03-28T00:56:08Z" ],
        "Date": [ "Thu, 28 Mar 2024 00:56:08 GMT" ]
      },
      "ContentHeaders": {
        "Content-Length": [ "15185" ],
        "Content-Type": [ "application/json; charset=utf-8" ],
        "Expires": [ "-1" ]
      },
      "Content": "{\"value\":[{\"properties\":{\"displayName\":\"App Service apps should have local authentication methods disabled for FTP deployments\",\"policyDefinitionId\":\"/providers/Microsoft.Authorization/policyDefinitions/871b205b-57cf-4e1e-a234-492616998bf7\",\"definitionVersion\":\"1.*.*\",\"scope\":\"/providers/microsoft.management/managementgroups/72f988bf-86f1-41af-91ab-2d7cd011db47\",\"metadata\":{\"createdBy\":\"6a7863b1-49b0-41e5-b70e-242201f6e5b8\",\"createdOn\":\"2023-04-20T23:39:51.0887005Z\",\"updatedBy\":null,\"updatedOn\":null},\"enforcementMode\":\"Default\"},\"id\":\"/providers/microsoft.management/managementgroups/72f988bf-86f1-41af-91ab-2d7cd011db47/providers/Microsoft.Authorization/policyAssignments/5a11252257f8411\",\"type\":\"Microsoft.Authorization/policyAssignments\",\"name\":\"5a11252257f8411\",\"systemData\":{\"createdBy\":\"SC-wp401@microsoft.com\",\"createdByType\":\"User\",\"createdAt\":\"2023-04-20T23:39:51.0293826Z\",\"lastModifiedBy\":\"SC-wp401@microsoft.com\",\"lastModifiedByType\":\"User\",\"lastModifiedAt\":\"2023-04-20T23:39:51.0293826Z\"}},{\"properties\":{\"displayName\":\"App Service app slots should have local authentication methods disabled for FTP deployments\",\"policyDefinitionId\":\"/providers/Microsoft.Authorization/policyDefinitions/ec71c0bc-6a45-4b1f-9587-80dc83e6898c\",\"definitionVersion\":\"1.*.*\",\"scope\":\"/providers/microsoft.management/managementgroups/72f988bf-86f1-41af-91ab-2d7cd011db47\",\"metadata\":{\"createdBy\":\"6a7863b1-49b0-41e5-b70e-242201f6e5b8\",\"createdOn\":\"2023-04-20T23:46:14.3195728Z\",\"updatedBy\":null,\"updatedOn\":null},\"enforcementMode\":\"Default\"},\"id\":\"/providers/microsoft.management/managementgroups/72f988bf-86f1-41af-91ab-2d7cd011db47/providers/Microsoft.Authorization/policyAssignments/baa55f59929449b\",\"type\":\"Microsoft.Authorization/policyAssignments\",\"name\":\"baa55f59929449b\",\"systemData\":{\"createdBy\":\"SC-wp401@microsoft.com\",\"createdByType\":\"User\",\"createdAt\":\"2023-04-20T23:46:14.284484Z\",\"lastModifiedBy\":\"SC-wp401@microsoft.com\",\"lastModifiedByType\":\"User\",\"lastModifiedAt\":\"2023-04-20T23:46:14.284484Z\"}},{\"properties\":{\"displayName\":\"App Service app slots should have local authentication methods disabled for SCM site deployments\",\"policyDefinitionId\":\"/providers/Microsoft.Authorization/policyDefinitions/847ef871-e2fe-4e6e-907e-4adbf71de5cf\",\"definitionVersion\":\"1.*.*\",\"scope\":\"/providers/microsoft.management/managementgroups/72f988bf-86f1-41af-91ab-2d7cd011db47\",\"metadata\":{\"createdBy\":\"6a7863b1-49b0-41e5-b70e-242201f6e5b8\",\"createdOn\":\"2023-04-20T23:46:33.2991452Z\",\"updatedBy\":null,\"updatedOn\":null},\"enforcementMode\":\"Default\"},\"id\":\"/providers/microsoft.management/managementgroups/72f988bf-86f1-41af-91ab-2d7cd011db47/providers/Microsoft.Authorization/policyAssignments/4608d85244b844b\",\"type\":\"Microsoft.Authorization/policyAssignments\",\"name\":\"4608d85244b844b\",\"systemData\":{\"createdBy\":\"SC-wp401@microsoft.com\",\"createdByType\":\"User\",\"createdAt\":\"2023-04-20T23:46:33.2613353Z\",\"lastModifiedBy\":\"SC-wp401@microsoft.com\",\"lastModifiedByType\":\"User\",\"lastModifiedAt\":\"2023-04-20T23:46:33.2613353Z\"}},{\"properties\":{\"displayName\":\"App Service apps should have local authentication methods disabled for SCM site deployments\",\"policyDefinitionId\":\"/providers/Microsoft.Authorization/policyDefinitions/aede300b-d67f-480a-ae26-4b3dfb1a1fdc\",\"definitionVersion\":\"1.*.*\",\"scope\":\"/providers/microsoft.management/managementgroups/72f988bf-86f1-41af-91ab-2d7cd011db47\",\"metadata\":{\"createdBy\":\"6a7863b1-49b0-41e5-b70e-242201f6e5b8\",\"createdOn\":\"2023-04-20T23:46:59.3510701Z\",\"updatedBy\":null,\"updatedOn\":null},\"enforcementMode\":\"Default\"},\"id\":\"/providers/microsoft.management/managementgroups/72f988bf-86f1-41af-91ab-2d7cd011db47/providers/Microsoft.Authorization/policyAssignments/8b5eeefe772b4a3\",\"type\":\"Microsoft.Authorization/policyAssignments\",\"name\":\"8b5eeefe772b4a3\",\"systemData\":{\"createdBy\":\"SC-wp401@microsoft.com\",\"createdByType\":\"User\",\"createdAt\":\"2023-04-20T23:46:59.3138673Z\",\"lastModifiedBy\":\"SC-wp401@microsoft.com\",\"lastModifiedByType\":\"User\",\"lastModifiedAt\":\"2023-04-20T23:46:59.3138673Z\"}},{\"identity\":{\"type\":\"UserAssigned\",\"userAssignedIdentities\":{\"/subscriptions/016c59e7-b9c0-4635-adbf-88c003b9d545/resourcegroups/Identities/providers/Microsoft.ManagedIdentity/userAssignedIdentities/cloudgovremediationwebcontributor\":{\"principalId\":\"2dd1ea73-4024-489e-83a4-45cb3e962f69\",\"clientId\":\"9af16176-9a0a-40a9-9850-fb5c0c4d0847\"}}},\"properties\":{\"displayName\":\"Configure App Service app to disable local authentication for FTP deployments and SCM sites\",\"policyDefinitionId\":\"/providers/Microsoft.Management/managementGroups/72f988bf-86f1-41af-91ab-2d7cd011db47/providers/Microsoft.Authorization/policySetDefinitions/CloudGov_WebAuth_FtpScm\",\"definitionVersion\":\"1.*.*\",\"scope\":\"/providers/Microsoft.Management/managementGroups/72f988bf-86f1-41af-91ab-2d7cd011db47\",\"notScopes\":[\"/providers/Microsoft.Management/managementGroups/cc1750fe-984c-4839-9870-7357641d49ee\"],\"parameters\":{\"skipTag\":{\"value\":\"SkipBPCP\"},\"effect\":{\"value\":\"DeployIfNotExists\"}},\"description\":\"The deployment connections make the transmitted data/code vulnerable to network attacks. Basic authentication is being disabled centrally for all internal applications to improve security posture. For more information navigate to https://eng.ms/cid/f05c4f52-a18d-45a3-87b2-b5d7cf0e5270/fid/6a39d57a2c596d043b5f18e2995b23da0bbc0fab4d1fa0952d0b767f864e2695. If an incident is related to the following policy, please open an IcM incident via https://portal.microsofticm.com/imp/v3/incidents/details/383328883/home\",\"metadata\":{\"assignedBy\":\"Cloud Governance\",\"createdBy\":\"fa00c2de-57d5-4527-9254-4d513f482d0a\",\"createdOn\":\"2023-05-04T20:15:16.8937639Z\",\"updatedBy\":\"fa00c2de-57d5-4527-9254-4d513f482d0a\",\"updatedOn\":\"2023-06-14T20:43:04.0924622Z\",\"parameterScopes\":{}},\"enforcementMode\":\"Default\",\"nonComplianceMessages\":[{\"message\":\"The resource has not complaint Basic Authentication configurations. If following policy is blocking your actions that have a valid security and business reason to remain non compliant, please add \u0027SkipBPCP\u0027 tagName with any value on your Web App. Make sure to follow up with an official exemption request via https://forms.office.com/pages/responsepage.aspx?id=v4j5cvGGr0GRqy180BHbR9EtRz46cDVGn585Xp39USZUODk2QVBSWU9CMFpSN0NVOElWSFY5WlBaSy4u\"}],\"resourceSelectors\":[],\"overrides\":[]},\"id\":\"/providers/Microsoft.Management/managementGroups/72f988bf-86f1-41af-91ab-2d7cd011db47/providers/Microsoft.Authorization/policyAssignments/CloudGov_WebAuth_FtpScm\",\"type\":\"Microsoft.Authorization/policyAssignments\",\"name\":\"CloudGov_WebAuth_FtpScm\",\"location\":\"eastus\",\"systemData\":{\"createdBy\":\"SC-yo37@microsoft.com\",\"createdByType\":\"User\",\"createdAt\":\"2023-05-04T20:15:15.8937864Z\",\"lastModifiedBy\":\"SC-yo37@microsoft.com\",\"lastModifiedByType\":\"User\",\"lastModifiedAt\":\"2023-06-14T20:43:03.6669341Z\"}},{\"identity\":{\"type\":\"UserAssigned\",\"userAssignedIdentities\":{\"/subscriptions/016c59e7-b9c0-4635-adbf-88c003b9d545/resourcegroups/Identities/providers/Microsoft.ManagedIdentity/userAssignedIdentities/cloudgovremediationsecadmin\":{\"principalId\":\"cf2265bb-8d4f-4ca9-ae95-fc5bb25aa339\",\"clientId\":\"1681edd0-20cb-4b04-ac27-c810cf52dc17\"}}},\"properties\":{\"displayName\":\"Enable 3 Azure Defender plans in Microsoft Defender for Cloud regards to KR51 project\",\"policyDefinitionId\":\"/providers/Microsoft.Management/managementGroups/72f988bf-86f1-41af-91ab-2d7cd011db47/providers/Microsoft.Authorization/policySetDefinitions/CloudGov_MsDefenderCloud\",\"definitionVersion\":\"1.*.*\",\"scope\":\"/providers/Microsoft.Management/managementGroups/72f988bf-86f1-41af-91ab-2d7cd011db47\",\"notScopes\":[\"/providers/Microsoft.Management/managementGroups/CnAIOrchestrationServicePublicCorpprod\",\"/providers/Microsoft.Management/managementGroups/CnAIHoldingManagementGroupPublicCorp\",\"/providers/Microsoft.Management/managementGroups/manage12\",\"/providers/Microsoft.Management/managementGroups/a7ade9d2-d557-4382-a1c1-eb44a72fb214\"],\"description\":\"MDC is a CSPM and CWPP for all of your Azure/on-premises/multicloud resources. It fills vital needs as you manage the security of your resources and workloads in the cloud and on-premises. For more information, identify the Control Name in \u0027Protections and Remediations\u0027 table from https://aka.ms/cloudgov-policies-and-remediations. If an incident is related to following policy, please open an IcM incident via https://portal.microsofticm.com/imp/v3/incidents/create?tmpl=e2042\",\"metadata\":{\"assignedBy\":\"Cloud Governance\",\"createdBy\":\"0cf7b301-43f3-4b77-8fa3-533ef1ad19fa\",\"createdOn\":\"2024-01-17T18:08:42.7749971Z\",\"updatedBy\":\"0cf7b301-43f3-4b77-8fa3-533ef1ad19fa\",\"updatedOn\":\"2024-02-01T19:21:57.7120067Z\"},\"enforcementMode\":\"Default\",\"nonComplianceMessages\":[{\"message\":\"This configuration is not compliant.  Please refer to \u0027Remediation scenarios\u0027 from https://aka.ms/cloudgov-policies-and-remediations for more details.\"}],\"resourceSelectors\":[],\"overrides\":[]},\"id\":\"/providers/Microsoft.Management/managementGroups/72f988bf-86f1-41af-91ab-2d7cd011db47/providers/Microsoft.Authorization/policyAssignments/CloudGov_MsDefenderCloud\",\"type\":\"Microsoft.Authorization/policyAssignments\",\"name\":\"CloudGov_MsDefenderCloud\",\"location\":\"eastus\",\"systemData\":{\"createdBy\":\"sc-an693@microsoft.com\",\"createdByType\":\"User\",\"createdAt\":\"2024-01-17T18:08:42.3197613Z\",\"lastModifiedBy\":\"sc-an693@microsoft.com\",\"lastModifiedByType\":\"User\",\"lastModifiedAt\":\"2024-02-01T19:21:57.4790221Z\"}},{\"properties\":{\"displayName\":\"Block WVD creation (aka.ms/avdblock)\",\"policyDefinitionId\":\"/providers/Microsoft.Management/managementGroups/72f988bf-86f1-41af-91ab-2d7cd011db47/providers/Microsoft.Authorization/policyDefinitions/Deny WVD creation\",\"definitionVersion\":\"1.*.*\",\"scope\":\"/providers/Microsoft.Management/managementGroups/72f988bf-86f1-41af-91ab-2d7cd011db47\",\"notScopes\":[\"/providers/Microsoft.Management/managementGroups/595d008b-0e4c-41f8-af09-254420fd7571\",\"/providers/Microsoft.Management/managementGroups/64cd7b97-58e0-44d3-832b-55657739bde3\",\"/providers/Microsoft.Management/managementGroups/6a8d5cf2-21ba-4c40-b3df-d271a7053ac1\",\"/providers/Microsoft.Management/managementGroups/9ce3369a-545b-cfba-c329-3631400b552f\",\"/providers/Microsoft.Management/managementGroups/CloudPCMSFTSubscriptions\",\"/providers/Microsoft.Management/managementGroups/MSFT-DSRE-ISO-IAM\",\"/subscriptions/007ee280-d2d4-46c2-8504-0fddd121c219\",\"/subscriptions/03564a44-5aef-4331-b282-f30eec8c48c9\",\"/subscriptions/3ae2e9a4-54bd-459f-8211-6f920ecd52c4\",\"/subscriptions/618f7b25-b146-4c0e-a21b-2f1c67e78648\",\"/subscriptions/7b7593ca-92d5-4e89-8cdb-ab6212795535\",\"/subscriptions/b845979f-8603-49c4-819d-8a347f663159\",\"/subscriptions/ca36f55a-a366-46b0-bbfd-67c26cb4e8f0\",\"/subscriptions/cd84031b-67ef-43be-b0aa-45093719be08\",\"/subscriptions/fa12a77e-015c-46d0-b1c1-235d7549346f\"],\"description\":\"https://aka.ms/AVDblock\",\"metadata\":{\"createdBy\":\"7f1579a6-c648-43a1-ac1e-0c3020dd9b8e\",\"createdOn\":\"2020-11-17T19:41:36.3082667Z\",\"updatedBy\":\"7f1579a6-c648-43a1-ac1e-0c3020dd9b8e\",\"updatedOn\":\"2023-03-09T20:51:37.6178649Z\"},\"enforcementMode\":\"Default\"},\"id\":\"/providers/Microsoft.Management/managementGroups/72f988bf-86f1-41af-91ab-2d7cd011db47/providers/Microsoft.Authorization/policyAssignments/Block WVD creation\",\"type\":\"Microsoft.Authorization/policyAssignments\",\"name\":\"Block WVD creation\",\"systemData\":{\"lastModifiedBy\":\"sc-ze057@microsoft.com\",\"lastModifiedByType\":\"User\",\"lastModifiedAt\":\"2023-03-09T20:51:37.628398Z\"}},{\"identity\":{\"principalId\":\"de569224-4c32-4d4f-9a8a-d026361e2a20\",\"tenantId\":\"72f988bf-86f1-41af-91ab-2d7cd011db47\",\"type\":\"SystemAssigned\"},\"properties\":{\"displayName\":\"tony-test-modifyDenyMG\",\"policyDefinitionId\":\"/providers/Microsoft.Management/managementGroups/AzGovPerfTest/providers/Microsoft.Authorization/policyDefinitions/0489d72b-93a9-4632-8ec3-d9e20fba600a\",\"definitionVersion\":\"1.*.*\",\"scope\":\"/providers/Microsoft.Management/managementGroups/AzGovPerfTest\",\"notScopes\":[],\"parameters\":{\"tagName\":{\"value\":\"test\"}},\"metadata\":{\"assignedBy\":\"Tony Chen\",\"parameterScopes\":{},\"createdBy\":\"2e246f32-0d94-48a6-a899-e01cbe4c82a0\",\"createdOn\":\"2024-01-18T19:30:53.4456674Z\",\"updatedBy\":\"55899cf9-827a-4788-bed4-c0d5c16f943a\",\"updatedOn\":\"2024-02-23T19:47:34.9663592Z\"},\"enforcementMode\":\"Default\",\"nonComplianceMessages\":[],\"resourceSelectors\":[],\"overrides\":[]},\"id\":\"/providers/Microsoft.Management/managementGroups/AzGovPerfTest/providers/Microsoft.Authorization/policyAssignments/e4d662572b4f40409eed77e8\",\"type\":\"Microsoft.Authorization/policyAssignments\",\"name\":\"e4d662572b4f40409eed77e8\",\"location\":\"eastus\",\"systemData\":{\"createdBy\":\"qingyechen@microsoft.com\",\"createdByType\":\"User\",\"createdAt\":\"2024-01-18T19:30:52.6490143Z\",\"lastModifiedBy\":\"varunkum@microsoft.com\",\"lastModifiedByType\":\"User\",\"lastModifiedAt\":\"2024-02-23T19:47:34.7843087Z\"}},{\"identity\":{\"principalId\":\"c97e7038-fcc8-4f04-8a5d-3dca11cb6240\",\"tenantId\":\"72f988bf-86f1-41af-91ab-2d7cd011db47\",\"type\":\"SystemAssigned\"},\"properties\":{\"displayName\":\"tony-test-remeNonCompliantResourceCount-mg\",\"policyDefinitionId\":\"/providers/microsoft.management/managementgroups/azgovperftest/providers/microsoft.authorization/policysetdefinitions/868409909b644cb8aa3df4a2\",\"definitionVersion\":\"1.*.*\",\"scope\":\"/providers/microsoft.management/managementgroups/azgovperftest\",\"notScopes\":[],\"parameters\":{},\"metadata\":{\"parameterScopes\":{},\"createdBy\":\"2e246f32-0d94-48a6-a899-e01cbe4c82a0\",\"createdOn\":\"2024-03-26T00:55:40.5033405Z\",\"updatedBy\":null,\"updatedOn\":null},\"enforcementMode\":\"Default\",\"nonComplianceMessages\":[],\"resourceSelectors\":[],\"overrides\":[]},\"id\":\"/providers/microsoft.management/managementgroups/azgovperftest/providers/Microsoft.Authorization/policyAssignments/8bea7adb75c44b11bbd2385e\",\"type\":\"Microsoft.Authorization/policyAssignments\",\"name\":\"8bea7adb75c44b11bbd2385e\",\"location\":\"westus\",\"systemData\":{\"createdBy\":\"qingyechen@microsoft.com\",\"createdByType\":\"User\",\"createdAt\":\"2024-03-26T00:55:39.9036611Z\",\"lastModifiedBy\":\"qingyechen@microsoft.com\",\"lastModifiedByType\":\"User\",\"lastModifiedAt\":\"2024-03-26T00:55:39.9036611Z\"}},{\"properties\":{\"displayName\":\"IcM-413516148\",\"policyDefinitionId\":\"/subscriptions/edb2c18a-04d6-49e9-bc72-e23852f507ad/providers/Microsoft.Authorization/policyDefinitions/2baf7f68-7f74-45cc-beaa-dc9de40be3ef\",\"definitionVersion\":\"1.*.*\",\"scope\":\"/subscriptions/edb2c18a-04d6-49e9-bc72-e23852f507ad\",\"notScopes\":[],\"parameters\":{},\"description\":\"Repro for IcM 413516148\",\"metadata\":{\"assignedBy\":\"Chris Stackhouse\",\"parameterScopes\":{},\"createdBy\":\"3d826307-2481-45a0-a271-bcf9333f914a\",\"createdOn\":\"2023-08-12T00:45:35.2640788Z\",\"updatedBy\":null,\"updatedOn\":null},\"enforcementMode\":\"Default\",\"nonComplianceMessages\":[],\"resourceSelectors\":[],\"overrides\":[]},\"id\":\"/subscriptions/edb2c18a-04d6-49e9-bc72-e23852f507ad/providers/Microsoft.Authorization/policyAssignments/21eb5353068a4525b9472686\",\"type\":\"Microsoft.Authorization/policyAssignments\",\"name\":\"21eb5353068a4525b9472686\",\"systemData\":{\"createdBy\":\"cstack@ntdev.microsoft.com\",\"createdByType\":\"User\",\"createdAt\":\"2023-08-12T00:45:35.1616594Z\",\"lastModifiedBy\":\"cstack@ntdev.microsoft.com\",\"lastModifiedByType\":\"User\",\"lastModifiedAt\":\"2023-08-12T00:45:35.1616594Z\"}}]}",
      "isContentBase64": false
    }
  },
  "PolicyAssignmentCRUD+[NoContext]+[NoScenario]+$DELETE+https://management.azure.com//subscriptions/edb2c18a-04d6-49e9-bc72-e23852f507ad/resourceGroups/rgPolicyAssignmentCRUD01/providers/Microsoft.Authorization/policyAssignments/psPolicyAssignmentCRUD05?api-version=2023-04-01+5": {
    "Request": {
      "Method": "DELETE",
      "RequestUri": "https://management.azure.com//subscriptions/edb2c18a-04d6-49e9-bc72-e23852f507ad/resourceGroups/rgPolicyAssignmentCRUD01/providers/Microsoft.Authorization/policyAssignments/psPolicyAssignmentCRUD05?api-version=2023-04-01",
      "Content": null,
      "isContentBase64": false,
      "Headers": {
        "x-ms-unique-id": [ "1115" ],
        "x-ms-client-request-id": [ "d64d4d13-79d3-456a-bd95-7d3b7a4ab7a7" ],
        "CommandName": [ "\u0026" ],
        "FullCommandName": [ "Remove-AzPolicyAssignment_Delete" ],
        "ParameterSetName": [ "__AllParameterSets" ],
        "User-Agent": [ "AzurePowershell/v11.0.0", "PSVersion/v7.4.1", "Az.Policy/0.1.1" ],
        "Authorization": [ "[Filtered]" ]
      },
      "ContentHeaders": {
      }
    },
    "Response": {
      "StatusCode": 200,
      "Headers": {
        "Cache-Control": [ "no-cache" ],
        "Pragma": [ "no-cache" ],
        "Strict-Transport-Security": [ "max-age=31536000; includeSubDomains" ],
        "x-ms-ratelimit-remaining-subscription-deletes": [ "14997" ],
        "x-ms-request-id": [ "4d22fa51-1c46-4d5d-9783-1891626215f0" ],
        "x-ms-correlation-request-id": [ "4d22fa51-1c46-4d5d-9783-1891626215f0" ],
        "x-ms-routing-request-id": [ "WESTUS2:20240328T005609Z:4d22fa51-1c46-4d5d-9783-1891626215f0" ],
        "X-Content-Type-Options": [ "nosniff" ],
        "X-Cache": [ "CONFIG_NOCACHE" ],
        "X-MSEdge-Ref": [ "Ref A: ECB8660076D0471696ADFC8A121B3485 Ref B: CO6AA3150219021 Ref C: 2024-03-28T00:56:08Z" ],
        "Date": [ "Thu, 28 Mar 2024 00:56:09 GMT" ]
      },
      "ContentHeaders": {
        "Content-Length": [ "1230" ],
        "Content-Type": [ "application/json; charset=utf-8" ],
        "Expires": [ "-1" ]
      },
      "Content": "{\"properties\":{\"policyDefinitionId\":\"/subscriptions/edb2c18a-04d6-49e9-bc72-e23852f507ad/providers/Microsoft.Authorization/policySetDefinitions/psPolicyAssignmentCRUD02\",\"definitionVersion\":\"1.*.*\",\"scope\":\"/subscriptions/edb2c18a-04d6-49e9-bc72-e23852f507ad/resourceGroups/rgPolicyAssignmentCRUD01\",\"metadata\":{\"createdBy\":\"3d826307-2481-45a0-a271-bcf9333f914a\",\"createdOn\":\"2024-03-28T00:56:04.1709166Z\",\"updatedBy\":\"3d826307-2481-45a0-a271-bcf9333f914a\",\"updatedOn\":\"2024-03-28T00:56:07.3577881Z\"},\"enforcementMode\":\"Default\",\"nonComplianceMessages\":[{\"policyDefinitionReferenceId\":\"5800836570966774572\",\"message\":\"Specific message 1\"},{\"policyDefinitionReferenceId\":\"8364889175415346717\",\"message\":\"Specific message 2\"}]},\"id\":\"/subscriptions/edb2c18a-04d6-49e9-bc72-e23852f507ad/resourceGroups/rgPolicyAssignmentCRUD01/providers/Microsoft.Authorization/policyAssignments/psPolicyAssignmentCRUD05\",\"type\":\"Microsoft.Authorization/policyAssignments\",\"name\":\"psPolicyAssignmentCRUD05\",\"systemData\":{\"createdBy\":\"cstack@ntdev.microsoft.com\",\"createdByType\":\"User\",\"createdAt\":\"2024-03-28T00:56:04.1287698Z\",\"lastModifiedBy\":\"cstack@ntdev.microsoft.com\",\"lastModifiedByType\":\"User\",\"lastModifiedAt\":\"2024-03-28T00:56:07.334197Z\"}}",
      "isContentBase64": false
    }
  },
  "PolicyAssignmentCRUD+[NoContext]+[NoScenario]+$DELETE+https://management.azure.com//subscriptions/edb2c18a-04d6-49e9-bc72-e23852f507ad/resourceGroups/rgPolicyAssignmentCRUD01/providers/Microsoft.Authorization/policyAssignments/psPolicyAssignmentCRUD06?api-version=2023-04-01+6": {
    "Request": {
      "Method": "DELETE",
      "RequestUri": "https://management.azure.com//subscriptions/edb2c18a-04d6-49e9-bc72-e23852f507ad/resourceGroups/rgPolicyAssignmentCRUD01/providers/Microsoft.Authorization/policyAssignments/psPolicyAssignmentCRUD06?api-version=2023-04-01",
      "Content": null,
      "isContentBase64": false,
      "Headers": {
        "x-ms-unique-id": [ "1116" ],
        "x-ms-client-request-id": [ "fcca8489-94d4-4bee-947d-0c6bb2df33f0" ],
        "CommandName": [ "\u0026" ],
        "FullCommandName": [ "Remove-AzPolicyAssignment_Delete" ],
        "ParameterSetName": [ "__AllParameterSets" ],
        "User-Agent": [ "AzurePowershell/v11.0.0", "PSVersion/v7.4.1", "Az.Policy/0.1.1" ],
        "Authorization": [ "[Filtered]" ]
      },
      "ContentHeaders": {
      }
    },
    "Response": {
      "StatusCode": 200,
      "Headers": {
        "Cache-Control": [ "no-cache" ],
        "Pragma": [ "no-cache" ],
        "Strict-Transport-Security": [ "max-age=31536000; includeSubDomains" ],
        "x-ms-ratelimit-remaining-subscription-deletes": [ "14999" ],
        "x-ms-request-id": [ "bcb49ac0-540a-40c4-8888-b4c326b383de" ],
        "x-ms-correlation-request-id": [ "bcb49ac0-540a-40c4-8888-b4c326b383de" ],
        "x-ms-routing-request-id": [ "WESTUS2:20240328T005609Z:bcb49ac0-540a-40c4-8888-b4c326b383de" ],
        "X-Content-Type-Options": [ "nosniff" ],
        "X-Cache": [ "CONFIG_NOCACHE" ],
        "X-MSEdge-Ref": [ "Ref A: 398E81F3D5744BB69D674BB0908A81BF Ref B: CO6AA3150219021 Ref C: 2024-03-28T00:56:09Z" ],
        "Date": [ "Thu, 28 Mar 2024 00:56:09 GMT" ]
      },
      "ContentHeaders": {
        "Content-Length": [ "1043" ],
        "Content-Type": [ "application/json; charset=utf-8" ],
        "Expires": [ "-1" ]
      },
      "Content": "{\"properties\":{\"policyDefinitionId\":\"/subscriptions/edb2c18a-04d6-49e9-bc72-e23852f507ad/providers/Microsoft.Authorization/policyDefinitions/psPolicyAssignmentCRUD03\",\"definitionVersion\":\"1.*.*\",\"scope\":\"/subscriptions/edb2c18a-04d6-49e9-bc72-e23852f507ad/resourceGroups/rgPolicyAssignmentCRUD01\",\"description\":\"Unit test junk: sorry for littering. Please delete me!\",\"metadata\":{\"createdBy\":\"3d826307-2481-45a0-a271-bcf9333f914a\",\"createdOn\":\"2024-03-28T00:56:07.9247907Z\",\"updatedBy\":null,\"updatedOn\":null},\"enforcementMode\":\"Default\"},\"id\":\"/subscriptions/edb2c18a-04d6-49e9-bc72-e23852f507ad/resourceGroups/rgPolicyAssignmentCRUD01/providers/Microsoft.Authorization/policyAssignments/psPolicyAssignmentCRUD06\",\"type\":\"Microsoft.Authorization/policyAssignments\",\"name\":\"psPolicyAssignmentCRUD06\",\"systemData\":{\"createdBy\":\"cstack@ntdev.microsoft.com\",\"createdByType\":\"User\",\"createdAt\":\"2024-03-28T00:56:07.8971791Z\",\"lastModifiedBy\":\"cstack@ntdev.microsoft.com\",\"lastModifiedByType\":\"User\",\"lastModifiedAt\":\"2024-03-28T00:56:07.8971791Z\"}}",
      "isContentBase64": false
    }
  },
  "PolicyAssignmentCRUD+[NoContext]+[NoScenario]+$DELETE+https://management.azure.com/subscriptions/edb2c18a-04d6-49e9-bc72-e23852f507ad/providers/Microsoft.Authorization/policySetDefinitions/psPolicyAssignmentCRUD02?api-version=2023-04-01+7": {
    "Request": {
      "Method": "DELETE",
      "RequestUri": "https://management.azure.com/subscriptions/edb2c18a-04d6-49e9-bc72-e23852f507ad/providers/Microsoft.Authorization/policySetDefinitions/psPolicyAssignmentCRUD02?api-version=2023-04-01",
      "Content": null,
      "isContentBase64": false,
      "Headers": {
        "x-ms-unique-id": [ "1117" ],
        "x-ms-client-request-id": [ "b178554d-a219-4500-84b3-a392468e3e8a" ],
        "CommandName": [ "\u0026" ],
        "FullCommandName": [ "Remove-AzPolicySetDefinition_Delete" ],
        "ParameterSetName": [ "__AllParameterSets" ],
        "User-Agent": [ "AzurePowershell/v11.0.0", "PSVersion/v7.4.1", "Az.Policy/0.1.1" ],
        "Authorization": [ "[Filtered]" ]
      },
      "ContentHeaders": {
      }
    },
    "Response": {
      "StatusCode": 200,
      "Headers": {
        "Cache-Control": [ "no-cache" ],
        "Pragma": [ "no-cache" ],
        "Strict-Transport-Security": [ "max-age=31536000; includeSubDomains" ],
        "x-ms-ratelimit-remaining-subscription-deletes": [ "14998" ],
        "x-ms-request-id": [ "7486a718-4baa-4bc1-9c78-cc28adc6c326" ],
        "x-ms-correlation-request-id": [ "7486a718-4baa-4bc1-9c78-cc28adc6c326" ],
        "x-ms-routing-request-id": [ "WESTUS2:20240328T005610Z:7486a718-4baa-4bc1-9c78-cc28adc6c326" ],
        "X-Content-Type-Options": [ "nosniff" ],
        "X-Cache": [ "CONFIG_NOCACHE" ],
        "X-MSEdge-Ref": [ "Ref A: 860E5873D97D4FBB9D71778F931F1DA8 Ref B: CO6AA3150219021 Ref C: 2024-03-28T00:56:09Z" ],
        "Date": [ "Thu, 28 Mar 2024 00:56:10 GMT" ]
      },
      "ContentHeaders": {
        "Content-Length": [ "1273" ],
        "Content-Type": [ "application/json; charset=utf-8" ],
        "Expires": [ "-1" ]
      },
      "Content": "{\"properties\":{\"policyType\":\"Custom\",\"description\":\"Unit test junk: sorry for littering. Please delete me!\",\"metadata\":{\"testName\":\"testValue\",\"createdBy\":\"3d826307-2481-45a0-a271-bcf9333f914a\",\"createdOn\":\"2024-03-28T00:56:03.6400636Z\",\"updatedBy\":null,\"updatedOn\":null},\"version\":\"1.0.0\",\"policyDefinitions\":[{\"policyDefinitionReferenceId\":\"5800836570966774572\",\"policyDefinitionId\":\"/subscriptions/edb2c18a-04d6-49e9-bc72-e23852f507ad/providers/Microsoft.Authorization/policyDefinitions/psPolicyAssignmentCRUD03\",\"definitionVersion\":\"1.*.*\"},{\"policyDefinitionReferenceId\":\"8364889175415346717\",\"policyDefinitionId\":\"/subscriptions/edb2c18a-04d6-49e9-bc72-e23852f507ad/providers/Microsoft.Authorization/policyDefinitions/psPolicyAssignmentCRUD04\",\"definitionVersion\":\"1.*.*\"}],\"versions\":[\"1.0.0\"]},\"id\":\"/subscriptions/edb2c18a-04d6-49e9-bc72-e23852f507ad/providers/Microsoft.Authorization/policySetDefinitions/psPolicyAssignmentCRUD02\",\"type\":\"Microsoft.Authorization/policySetDefinitions\",\"name\":\"psPolicyAssignmentCRUD02\",\"systemData\":{\"createdBy\":\"cstack@ntdev.microsoft.com\",\"createdByType\":\"User\",\"createdAt\":\"2024-03-28T00:56:03.5936141Z\",\"lastModifiedBy\":\"cstack@ntdev.microsoft.com\",\"lastModifiedByType\":\"User\",\"lastModifiedAt\":\"2024-03-28T00:56:03.5936141Z\"}}",
      "isContentBase64": false
    }
  },
  "PolicyAssignmentCRUD+[NoContext]+[NoScenario]+$DELETE+https://management.azure.com/subscriptions/edb2c18a-04d6-49e9-bc72-e23852f507ad/providers/Microsoft.Authorization/policyDefinitions/psPolicyAssignmentCRUD03?api-version=2023-04-01+8": {
    "Request": {
      "Method": "DELETE",
      "RequestUri": "https://management.azure.com/subscriptions/edb2c18a-04d6-49e9-bc72-e23852f507ad/providers/Microsoft.Authorization/policyDefinitions/psPolicyAssignmentCRUD03?api-version=2023-04-01",
      "Content": null,
      "isContentBase64": false,
      "Headers": {
        "x-ms-unique-id": [ "1118" ],
        "x-ms-client-request-id": [ "2c6b06cb-4787-4781-9436-b7c99ae66daf" ],
        "CommandName": [ "\u0026" ],
        "FullCommandName": [ "Remove-AzPolicyDefinition_Delete" ],
        "ParameterSetName": [ "__AllParameterSets" ],
        "User-Agent": [ "AzurePowershell/v11.0.0", "PSVersion/v7.4.1", "Az.Policy/0.1.1" ],
        "Authorization": [ "[Filtered]" ]
      },
      "ContentHeaders": {
      }
    },
    "Response": {
      "StatusCode": 200,
      "Headers": {
        "Cache-Control": [ "no-cache" ],
        "Pragma": [ "no-cache" ],
        "Strict-Transport-Security": [ "max-age=31536000; includeSubDomains" ],
        "x-ms-ratelimit-remaining-subscription-deletes": [ "14999" ],
        "x-ms-request-id": [ "98d6225f-1d89-4eac-9610-4aaca08a62d4" ],
        "x-ms-correlation-request-id": [ "98d6225f-1d89-4eac-9610-4aaca08a62d4" ],
        "x-ms-routing-request-id": [ "WESTUS2:20240328T005610Z:98d6225f-1d89-4eac-9610-4aaca08a62d4" ],
        "X-Content-Type-Options": [ "nosniff" ],
        "X-Cache": [ "CONFIG_NOCACHE" ],
        "X-MSEdge-Ref": [ "Ref A: 414B958E86674B1F9C1F1B679C383E39 Ref B: CO6AA3150219021 Ref C: 2024-03-28T00:56:10Z" ],
        "Date": [ "Thu, 28 Mar 2024 00:56:10 GMT" ]
      },
      "ContentHeaders": {
        "Content-Length": [ "898" ],
        "Content-Type": [ "application/json; charset=utf-8" ],
        "Expires": [ "-1" ]
      },
      "Content": "{\"properties\":{\"policyType\":\"Custom\",\"mode\":\"All\",\"description\":\"Unit test junk: sorry for littering. Please delete me!\",\"metadata\":{\"createdBy\":\"3d826307-2481-45a0-a271-bcf9333f914a\",\"createdOn\":\"2024-03-28T00:56:02.6522477Z\",\"updatedBy\":null,\"updatedOn\":null},\"version\":\"1.0.0\",\"policyRule\":{\"if\":{\"source\":\"action\",\"equals\":\"Microsoft.Resources/Subscriptions/ResourceGroups/write\"},\"then\":{\"effect\":\"deny\"}},\"versions\":[\"1.0.0\"]},\"id\":\"/subscriptions/edb2c18a-04d6-49e9-bc72-e23852f507ad/providers/Microsoft.Authorization/policyDefinitions/psPolicyAssignmentCRUD03\",\"type\":\"Microsoft.Authorization/policyDefinitions\",\"name\":\"psPolicyAssignmentCRUD03\",\"systemData\":{\"createdBy\":\"cstack@ntdev.microsoft.com\",\"createdByType\":\"User\",\"createdAt\":\"2024-03-28T00:56:02.6406498Z\",\"lastModifiedBy\":\"cstack@ntdev.microsoft.com\",\"lastModifiedByType\":\"User\",\"lastModifiedAt\":\"2024-03-28T00:56:02.6406498Z\"}}",
      "isContentBase64": false
    }
  },
  "PolicyAssignmentCRUD+[NoContext]+[NoScenario]+$DELETE+https://management.azure.com/subscriptions/edb2c18a-04d6-49e9-bc72-e23852f507ad/providers/Microsoft.Authorization/policyDefinitions/psPolicyAssignmentCRUD04?api-version=2023-04-01+9": {
    "Request": {
      "Method": "DELETE",
      "RequestUri": "https://management.azure.com/subscriptions/edb2c18a-04d6-49e9-bc72-e23852f507ad/providers/Microsoft.Authorization/policyDefinitions/psPolicyAssignmentCRUD04?api-version=2023-04-01",
      "Content": null,
      "isContentBase64": false,
      "Headers": {
        "x-ms-unique-id": [ "1119" ],
        "x-ms-client-request-id": [ "a4b00552-9334-4b1b-8de9-ccd60dae7d51" ],
        "CommandName": [ "\u0026" ],
        "FullCommandName": [ "Remove-AzPolicyDefinition_Delete" ],
        "ParameterSetName": [ "__AllParameterSets" ],
        "User-Agent": [ "AzurePowershell/v11.0.0", "PSVersion/v7.4.1", "Az.Policy/0.1.1" ],
        "Authorization": [ "[Filtered]" ]
      },
      "ContentHeaders": {
      }
    },
    "Response": {
      "StatusCode": 200,
      "Headers": {
        "Cache-Control": [ "no-cache" ],
        "Pragma": [ "no-cache" ],
        "Strict-Transport-Security": [ "max-age=31536000; includeSubDomains" ],
        "x-ms-ratelimit-remaining-subscription-deletes": [ "14999" ],
        "x-ms-request-id": [ "6d83a7d2-b463-4bc4-ac62-b3cf41866bf8" ],
        "x-ms-correlation-request-id": [ "6d83a7d2-b463-4bc4-ac62-b3cf41866bf8" ],
        "x-ms-routing-request-id": [ "WESTUS2:20240328T005611Z:6d83a7d2-b463-4bc4-ac62-b3cf41866bf8" ],
        "X-Content-Type-Options": [ "nosniff" ],
        "X-Cache": [ "CONFIG_NOCACHE" ],
        "X-MSEdge-Ref": [ "Ref A: 6D700DE3936240ECAF8481C48E836067 Ref B: CO6AA3150219021 Ref C: 2024-03-28T00:56:10Z" ],
        "Date": [ "Thu, 28 Mar 2024 00:56:11 GMT" ]
      },
      "ContentHeaders": {
        "Content-Length": [ "898" ],
        "Content-Type": [ "application/json; charset=utf-8" ],
        "Expires": [ "-1" ]
      },
      "Content": "{\"properties\":{\"policyType\":\"Custom\",\"mode\":\"All\",\"description\":\"Unit test junk: sorry for littering. Please delete me!\",\"metadata\":{\"createdBy\":\"3d826307-2481-45a0-a271-bcf9333f914a\",\"createdOn\":\"2024-03-28T00:56:03.1519181Z\",\"updatedBy\":null,\"updatedOn\":null},\"version\":\"1.0.0\",\"policyRule\":{\"if\":{\"source\":\"action\",\"equals\":\"Microsoft.Resources/Subscriptions/ResourceGroups/write\"},\"then\":{\"effect\":\"deny\"}},\"versions\":[\"1.0.0\"]},\"id\":\"/subscriptions/edb2c18a-04d6-49e9-bc72-e23852f507ad/providers/Microsoft.Authorization/policyDefinitions/psPolicyAssignmentCRUD04\",\"type\":\"Microsoft.Authorization/policyDefinitions\",\"name\":\"psPolicyAssignmentCRUD04\",\"systemData\":{\"createdBy\":\"cstack@ntdev.microsoft.com\",\"createdByType\":\"User\",\"createdAt\":\"2024-03-28T00:56:03.1444034Z\",\"lastModifiedBy\":\"cstack@ntdev.microsoft.com\",\"lastModifiedByType\":\"User\",\"lastModifiedAt\":\"2024-03-28T00:56:03.1444034Z\"}}",
      "isContentBase64": false
    }
  }
}